[2020-09-11T16:52:39.355+0000][1][gc] Using Concurrent Mark Sweep
[2020-09-11T16:52:39.395+0000][1][gc,heap,coops] Heap address: 0x00000000e0000000, size: 512 MB, Compressed Oops mode: 32-bit
[2020-09-11T16:52:39.708+0000][1][safepoint    ] Safepoint "EnableBiasedLocking", Time since last: 286105305 ns, Reaching safepoint: 1159797 ns, At safepoint: 39917 ns, Total: 1199714 ns
[2020-09-11T16:52:39.728+0000][1][safepoint    ] Safepoint "RevokeBias", Time since last: 17557311 ns, Reaching safepoint: 2312955 ns, At safepoint: 48009 ns, Total: 2360964 ns
[2020-09-11T16:52:39.801+0000][1][safepoint    ] Safepoint "Deoptimize", Time since last: 72569387 ns, Reaching safepoint: 182763 ns, At safepoint: 22252 ns, Total: 205015 ns
[2020-09-11T16:52:40.657+0000][1][safepoint    ] Safepoint "RevokeBias", Time since last: 856007735 ns, Reaching safepoint: 464114 ns, At safepoint: 44041 ns, Total: 508155 ns
[2020-09-11T16:52:40.710+0000][1][safepoint    ] Safepoint "RevokeBias", Time since last: 48402241 ns, Reaching safepoint: 4009816 ns, At safepoint: 40520 ns, Total: 4050336 ns
[2020-09-11T16:52:40.733+0000][1][safepoint    ] Safepoint "Deoptimize", Time since last: 19072275 ns, Reaching safepoint: 3942548 ns, At safepoint: 37773 ns, Total: 3980321 ns
[2020-09-11T16:52:41.037+0000][1][safepoint    ] Safepoint "Deoptimize", Time since last: 302738216 ns, Reaching safepoint: 1219848 ns, At safepoint: 40830 ns, Total: 1260678 ns
[2020-09-11T16:52:42.043+0000][1][safepoint    ] Safepoint "Cleanup", Time since last: 1006427264 ns, Reaching safepoint: 61913 ns, At safepoint: 4474 ns, Total: 66387 ns
[2020-09-11T16:52:43.053+0000][1][safepoint    ] Safepoint "Cleanup", Time since last: 1000103739 ns, Reaching safepoint: 9414423 ns, At safepoint: 9986 ns, Total: 9424409 ns
[2020-09-11T16:52:43.908+0000][1][safepoint    ] Safepoint "Deoptimize", Time since last: 854932660 ns, Reaching safepoint: 92924 ns, At safepoint: 64836 ns, Total: 157760 ns
[2020-09-11T16:52:44.337+0000][1][safepoint    ] Safepoint "Deoptimize", Time since last: 422261943 ns, Reaching safepoint: 6597101 ns, At safepoint: 76349 ns, Total: 6673450 ns
[2020-09-11T16:52:44.757+0000][1][safepoint    ] Safepoint "Deoptimize", Time since last: 413301985 ns, Reaching safepoint: 6657718 ns, At safepoint: 73930 ns, Total: 6731648 ns
[2020-09-11T16:52:45.697+0000][1][safepoint    ] Safepoint "Deoptimize", Time since last: 940144141 ns, Reaching safepoint: 99948 ns, At safepoint: 76659 ns, Total: 176607 ns
[2020-09-11T16:52:46.737+0000][1][safepoint    ] Safepoint "Cleanup", Time since last: 1011556391 ns, Reaching safepoint: 28063653 ns, At safepoint: 9258 ns, Total: 28072911 ns
[2020-09-11T16:52:47.242+0000][1][safepoint    ] Safepoint "Deoptimize", Time since last: 504797446 ns, Reaching safepoint: 93279 ns, At safepoint: 81029 ns, Total: 174308 ns
[2020-09-11T16:52:48.242+0000][1][safepoint    ] Safepoint "Cleanup", Time since last: 1000107381 ns, Reaching safepoint: 40162 ns, At safepoint: 6055 ns, Total: 46217 ns
[2020-09-11T16:52:49.122+0000][1][safepoint    ] Safepoint "Deoptimize", Time since last: 878967975 ns, Reaching safepoint: 920840 ns, At safepoint: 96386 ns, Total: 1017226 ns
[2020-09-11T16:52:49.677+0000][1][safepoint    ] Safepoint "RevokeBias", Time since last: 552659285 ns, Reaching safepoint: 2181878 ns, At safepoint: 58342 ns, Total: 2240220 ns
[2020-09-11T16:52:50.681+0000][1][safepoint    ] Safepoint "Cleanup", Time since last: 1003907726 ns, Reaching safepoint: 122328 ns, At safepoint: 5342 ns, Total: 127670 ns
[2020-09-11T16:52:51.221+0000][1][safepoint    ] Safepoint "Deoptimize", Time since last: 539890173 ns, Reaching safepoint: 110550 ns, At safepoint: 111168 ns, Total: 221718 ns
[2020-09-11T16:52:51.221+0000][1][safepoint    ] Safepoint "Deoptimize", Time since last: 201560 ns, Reaching safepoint: 80534 ns, At safepoint: 52281 ns, Total: 132815 ns
[2020-09-11T16:52:51.496+0000][1][safepoint    ] Safepoint "Deoptimize", Time since last: 272500155 ns, Reaching safepoint: 1566975 ns, At safepoint: 127630 ns, Total: 1694605 ns
[2020-09-11T16:52:51.512+0000][1][safepoint    ] Safepoint "Deoptimize", Time since last: 15350938 ns, Reaching safepoint: 1135564 ns, At safepoint: 123433 ns, Total: 1258997 ns
[2020-09-11T16:52:51.606+0000][1][safepoint    ] Safepoint "RevokeBias", Time since last: 92653005 ns, Reaching safepoint: 1382081 ns, At safepoint: 41249 ns, Total: 1423330 ns
[2020-09-11T16:52:51.606+0000][1][safepoint    ] Safepoint "RevokeBias", Time since last: 74623 ns, Reaching safepoint: 92285 ns, At safepoint: 29090 ns, Total: 121375 ns
[2020-09-11T16:52:51.609+0000][1][safepoint    ] Safepoint "RevokeBias", Time since last: 69817 ns, Reaching safepoint: 2279433 ns, At safepoint: 32374 ns, Total: 2311807 ns
[2020-09-11T16:52:51.611+0000][1][safepoint    ] Safepoint "RevokeBias", Time since last: 171420 ns, Reaching safepoint: 1520269 ns, At safepoint: 37442 ns, Total: 1557711 ns
[2020-09-11T16:52:52.161+0000][1][safepoint    ] Safepoint "RevokeBias", Time since last: 550507455 ns, Reaching safepoint: 117297 ns, At safepoint: 17007 ns, Total: 134304 ns
[2020-09-11T16:52:53.174+0000][1][safepoint    ] Safepoint "Cleanup", Time since last: 1012892149 ns, Reaching safepoint: 163095 ns, At safepoint: 6683 ns, Total: 169778 ns
[2020-09-11T16:52:54.205+0000][1][safepoint    ] Safepoint "Cleanup", Time since last: 1006550500 ns, Reaching safepoint: 24030187 ns, At safepoint: 15020 ns, Total: 24045207 ns
[2020-09-11T16:52:54.385+0000][1][gc,start     ] GC(0) Pause Young (Allocation Failure)
[2020-09-11T16:52:54.385+0000][1][gc,task      ] GC(0) Using 1 workers of 1 for evacuation
[2020-09-11T16:52:54.468+0000][1][gc,age       ] GC(0) Desired survivor size 4358144 bytes, new threshold 1 (max threshold 6)
[2020-09-11T16:52:54.468+0000][1][gc,age       ] GC(0) Age table with threshold 1 (max threshold 6)
[2020-09-11T16:52:54.468+0000][1][gc,age       ] GC(0) - age   1:    6362000 bytes,    6362000 total
[2020-09-11T16:52:54.468+0000][1][gc,heap      ] GC(0) ParNew: 68160K->6242K(76672K)
[2020-09-11T16:52:54.468+0000][1][gc,heap      ] GC(0) CMS: 0K->0K(439104K)
[2020-09-11T16:52:54.468+0000][1][gc,metaspace ] GC(0) Metaspace: 13369K->13369K(1060864K)
[2020-09-11T16:52:54.468+0000][1][gc           ] GC(0) Pause Young (Allocation Failure) 66M->6M(503M) 83.386ms
[2020-09-11T16:52:54.468+0000][1][gc,cpu       ] GC(0) User=0.01s Sys=0.00s Real=0.08s
[2020-09-11T16:52:54.501+0000][1][safepoint    ] Safepoint "GenCollectForAllocation", Time since last: 179952330 ns, Reaching safepoint: 111425 ns, At safepoint: 115905275 ns, Total: 116016700 ns
[2020-09-11T16:52:54.554+0000][1][safepoint    ] Safepoint "RevokeBias", Time since last: 31994952 ns, Reaching safepoint: 21422903 ns, At safepoint: 66994 ns, Total: 21489897 ns
[2020-09-11T16:52:54.605+0000][1][safepoint    ] Safepoint "RevokeBias", Time since last: 40276563 ns, Reaching safepoint: 10230674 ns, At safepoint: 43318 ns, Total: 10273992 ns
[2020-09-11T16:52:54.605+0000][1][safepoint    ] Safepoint "RevokeBias", Time since last: 97549 ns, Reaching safepoint: 282870 ns, At safepoint: 20601 ns, Total: 303471 ns
[2020-09-11T16:52:54.605+0000][1][safepoint    ] Safepoint "RevokeBias", Time since last: 30943 ns, Reaching safepoint: 87199 ns, At safepoint: 26774 ns, Total: 113973 ns
[2020-09-11T16:52:54.606+0000][1][safepoint    ] Safepoint "RevokeBias", Time since last: 44590 ns, Reaching safepoint: 77189 ns, At safepoint: 18061 ns, Total: 95250 ns
[2020-09-11T16:52:54.606+0000][1][safepoint    ] Safepoint "RevokeBias", Time since last: 26545 ns, Reaching safepoint: 75681 ns, At safepoint: 19616 ns, Total: 95297 ns
[2020-09-11T16:52:54.606+0000][1][safepoint    ] Safepoint "RevokeBias", Time since last: 32469 ns, Reaching safepoint: 76824 ns, At safepoint: 17391 ns, Total: 94215 ns
[2020-09-11T16:52:54.606+0000][1][safepoint    ] Safepoint "RevokeBias", Time since last: 26009 ns, Reaching safepoint: 75377 ns, At safepoint: 18256 ns, Total: 93633 ns
[2020-09-11T16:52:54.606+0000][1][safepoint    ] Safepoint "RevokeBias", Time since last: 30920 ns, Reaching safepoint: 212390 ns, At safepoint: 16006 ns, Total: 228396 ns
[2020-09-11T16:52:54.606+0000][1][safepoint    ] Safepoint "RevokeBias", Time since last: 27362 ns, Reaching safepoint: 76192 ns, At safepoint: 15519 ns, Total: 91711 ns
[2020-09-11T16:52:54.613+0000][1][safepoint    ] Safepoint "RevokeBias", Time since last: 6755301 ns, Reaching safepoint: 97189 ns, At safepoint: 32425 ns, Total: 129614 ns
[2020-09-11T16:52:54.613+0000][1][safepoint    ] Safepoint "RevokeBias", Time since last: 55954 ns, Reaching safepoint: 79740 ns, At safepoint: 28137 ns, Total: 107877 ns
[2020-09-11T16:52:54.613+0000][1][safepoint    ] Safepoint "RevokeBias", Time since last: 46929 ns, Reaching safepoint: 80424 ns, At safepoint: 24207 ns, Total: 104631 ns
[2020-09-11T16:52:54.617+0000][1][safepoint    ] Safepoint "RevokeBias", Time since last: 28278 ns, Reaching safepoint: 3294816 ns, At safepoint: 47196 ns, Total: 3342012 ns
[2020-09-11T16:52:54.619+0000][1][safepoint    ] Safepoint "RevokeBias", Time since last: 162212 ns, Reaching safepoint: 2402439 ns, At safepoint: 51277 ns, Total: 2453716 ns
[2020-09-11T16:52:54.620+0000][1][safepoint    ] Safepoint "RevokeBias", Time since last: 70760 ns, Reaching safepoint: 86456 ns, At safepoint: 26642 ns, Total: 113098 ns
[2020-09-11T16:52:54.708+0000][1][safepoint    ] Safepoint "RevokeBias", Time since last: 57141655 ns, Reaching safepoint: 5899723 ns, At safepoint: 25164842 ns, Total: 31064565 ns
[2020-09-11T16:52:54.733+0000][1][safepoint    ] Safepoint "RevokeBias", Time since last: 20940433 ns, Reaching safepoint: 3851774 ns, At safepoint: 40828 ns, Total: 3892602 ns
[2020-09-11T16:52:54.738+0000][1][safepoint    ] Safepoint "RevokeBias", Time since last: 4158927 ns, Reaching safepoint: 1099235 ns, At safepoint: 40392 ns, Total: 1139627 ns
[2020-09-11T16:52:54.754+0000][1][safepoint    ] Safepoint "RevokeBias", Time since last: 10834191 ns, Reaching safepoint: 5043957 ns, At safepoint: 37801 ns, Total: 5081758 ns
[2020-09-11T16:52:54.754+0000][1][safepoint    ] Safepoint "RevokeBias", Time since last: 84952 ns, Reaching safepoint: 85071 ns, At safepoint: 21359 ns, Total: 106430 ns
[2020-09-11T16:52:54.757+0000][1][safepoint    ] Safepoint "RevokeBias", Time since last: 36855 ns, Reaching safepoint: 2645685 ns, At safepoint: 29480 ns, Total: 2675165 ns
[2020-09-11T16:52:54.761+0000][1][safepoint    ] Safepoint "RevokeBias", Time since last: 97943 ns, Reaching safepoint: 3624593 ns, At safepoint: 30794 ns, Total: 3655387 ns
[2020-09-11T16:52:54.761+0000][1][safepoint    ] Safepoint "RevokeBias", Time since last: 46812 ns, Reaching safepoint: 84717 ns, At safepoint: 20574 ns, Total: 105291 ns
[2020-09-11T16:52:54.761+0000][1][safepoint    ] Safepoint "RevokeBias", Time since last: 61423 ns, Reaching safepoint: 82084 ns, At safepoint: 20144 ns, Total: 102228 ns
[2020-09-11T16:52:54.761+0000][1][safepoint    ] Safepoint "RevokeBias", Time since last: 29599 ns, Reaching safepoint: 80853 ns, At safepoint: 24732 ns, Total: 105585 ns
[2020-09-11T16:52:54.762+0000][1][safepoint    ] Safepoint "RevokeBias", Time since last: 145816 ns, Reaching safepoint: 409049 ns, At safepoint: 24800 ns, Total: 433849 ns
[2020-09-11T16:52:54.762+0000][1][safepoint    ] Safepoint "RevokeBias", Time since last: 31780 ns, Reaching safepoint: 82129 ns, At safepoint: 26724 ns, Total: 108853 ns
[2020-09-11T16:52:54.763+0000][1][safepoint    ] Safepoint "RevokeBias", Time since last: 45281 ns, Reaching safepoint: 1465467 ns, At safepoint: 35913 ns, Total: 1501380 ns
[2020-09-11T16:52:54.765+0000][1][safepoint    ] Safepoint "RevokeBias", Time since last: 37197 ns, Reaching safepoint: 1491095 ns, At safepoint: 47366 ns, Total: 1538461 ns
[2020-09-11T16:52:55.254+0000][1][safepoint    ] Safepoint "Deoptimize", Time since last: 488936076 ns, Reaching safepoint: 103473 ns, At safepoint: 176088 ns, Total: 279561 ns
[2020-09-11T16:52:56.255+0000][1][safepoint    ] Safepoint "Cleanup", Time since last: 1000127230 ns, Reaching safepoint: 390470 ns, At safepoint: 5845 ns, Total: 396315 ns
[2020-09-11T16:52:57.269+0000][1][safepoint    ] Safepoint "Cleanup", Time since last: 1014193627 ns, Reaching safepoint: 123669 ns, At safepoint: 6955 ns, Total: 130624 ns
[2020-09-11T16:52:57.537+0000][1][safepoint    ] Safepoint "RevokeBias", Time since last: 267878678 ns, Reaching safepoint: 108824 ns, At safepoint: 39116 ns, Total: 147940 ns
[2020-09-11T16:52:58.574+0000][1][safepoint    ] Safepoint "Cleanup", Time since last: 1015848329 ns, Reaching safepoint: 21461677 ns, At safepoint: 15509 ns, Total: 21477186 ns
[2020-09-11T16:52:59.583+0000][1][safepoint    ] Safepoint "Cleanup", Time since last: 1008723795 ns, Reaching safepoint: 467801 ns, At safepoint: 7340 ns, Total: 475141 ns
[2020-09-11T16:52:59.891+0000][1][gc,start     ] GC(1) Pause Young (Allocation Failure)
[2020-09-11T16:52:59.891+0000][1][gc,task      ] GC(1) Using 1 workers of 1 for evacuation
[2020-09-11T16:53:00.075+0000][1][gc,age       ] GC(1) Desired survivor size 4358144 bytes, new threshold 6 (max threshold 6)
[2020-09-11T16:53:00.075+0000][1][gc,age       ] GC(1) Age table with threshold 6 (max threshold 6)
[2020-09-11T16:53:00.075+0000][1][gc,age       ] GC(1) - age   1:    2903688 bytes,    2903688 total
[2020-09-11T16:53:00.075+0000][1][gc,heap      ] GC(1) ParNew: 74402K->4122K(76672K)
[2020-09-11T16:53:00.075+0000][1][gc,heap      ] GC(1) CMS: 0K->6666K(439104K)
[2020-09-11T16:53:00.075+0000][1][gc,metaspace ] GC(1) Metaspace: 17205K->17205K(1064960K)
[2020-09-11T16:53:00.075+0000][1][gc           ] GC(1) Pause Young (Allocation Failure) 72M->10M(503M) 184.504ms
[2020-09-11T16:53:00.075+0000][1][gc,cpu       ] GC(1) User=0.04s Sys=0.00s Real=0.19s
[2020-09-11T16:53:00.088+0000][1][safepoint    ] Safepoint "GenCollectForAllocation", Time since last: 305896386 ns, Reaching safepoint: 1597477 ns, At safepoint: 197457626 ns, Total: 199055103 ns
[2020-09-11T16:53:00.134+0000][1][safepoint    ] Safepoint "BulkRevokeBias", Time since last: 37668486 ns, Reaching safepoint: 111849 ns, At safepoint: 7804822 ns, Total: 7916671 ns
[2020-09-11T16:53:00.136+0000][1][safepoint    ] Safepoint "RevokeBias", Time since last: 160017 ns, Reaching safepoint: 1943695 ns, At safepoint: 134248 ns, Total: 2077943 ns
[2020-09-11T16:53:00.138+0000][1][safepoint    ] Safepoint "RevokeBias", Time since last: 64698 ns, Reaching safepoint: 1820477 ns, At safepoint: 58224 ns, Total: 1878701 ns
[2020-09-11T16:53:00.141+0000][1][safepoint    ] Safepoint "RevokeBias", Time since last: 44531 ns, Reaching safepoint: 2584289 ns, At safepoint: 64553 ns, Total: 2648842 ns
[2020-09-11T16:53:00.145+0000][1][safepoint    ] Safepoint "RevokeBias", Time since last: 74091 ns, Reaching safepoint: 3864149 ns, At safepoint: 72009 ns, Total: 3936158 ns
[2020-09-11T16:53:00.146+0000][1][safepoint    ] Safepoint "RevokeBias", Time since last: 56972 ns, Reaching safepoint: 711309 ns, At safepoint: 48507 ns, Total: 759816 ns
[2020-09-11T16:53:00.146+0000][1][safepoint    ] Safepoint "BulkRevokeBias", Time since last: 50236 ns, Reaching safepoint: 538718 ns, At safepoint: 62942 ns, Total: 601660 ns
[2020-09-11T16:53:00.147+0000][1][safepoint    ] Safepoint "RevokeBias", Time since last: 30775 ns, Reaching safepoint: 172062 ns, At safepoint: 33950 ns, Total: 206012 ns
[2020-09-11T16:53:00.147+0000][1][safepoint    ] Safepoint "BulkRevokeBias", Time since last: 34616 ns, Reaching safepoint: 312953 ns, At safepoint: 48623 ns, Total: 361576 ns
[2020-09-11T16:53:00.148+0000][1][safepoint    ] Safepoint "RevokeBias", Time since last: 1231420 ns, Reaching safepoint: 14882 ns, At safepoint: 15964 ns, Total: 30846 ns
[2020-09-11T16:53:00.157+0000][1][safepoint    ] Safepoint "RevokeBias", Time since last: 5472898 ns, Reaching safepoint: 3093563 ns, At safepoint: 28716 ns, Total: 3122279 ns
[2020-09-11T16:53:00.230+0000][1][safepoint    ] Safepoint "Deoptimize", Time since last: 72430324 ns, Reaching safepoint: 109428 ns, At safepoint: 164471 ns, Total: 273899 ns
[2020-09-11T16:53:01.166+0000][1][safepoint    ] Safepoint "Deoptimize", Time since last: 936491587 ns, Reaching safepoint: 117915 ns, At safepoint: 175531 ns, Total: 293446 ns
[2020-09-11T16:53:01.257+0000][1][safepoint    ] Safepoint "Deoptimize", Time since last: 79155097 ns, Reaching safepoint: 7074469 ns, At safepoint: 4213379 ns, Total: 11287848 ns
[2020-09-11T16:53:02.264+0000][1][safepoint    ] Safepoint "Cleanup", Time since last: 1006091886 ns, Reaching safepoint: 929128 ns, At safepoint: 5609 ns, Total: 934737 ns
[2020-09-11T16:53:02.761+0000][1][safepoint    ] Safepoint "Deoptimize", Time since last: 496991069 ns, Reaching safepoint: 123081 ns, At safepoint: 181066 ns, Total: 304147 ns
[2020-09-11T16:53:02.765+0000][1][safepoint    ] Safepoint "RevokeBias", Time since last: 756129 ns, Reaching safepoint: 2943551 ns, At safepoint: 51230 ns, Total: 2994781 ns
[2020-09-11T16:53:02.773+0000][1][safepoint    ] Safepoint "Deoptimize", Time since last: 1141822 ns, Reaching safepoint: 6810816 ns, At safepoint: 195854 ns, Total: 7006670 ns
[2020-09-11T16:53:03.773+0000][1][safepoint    ] Safepoint "Cleanup", Time since last: 1000108824 ns, Reaching safepoint: 121962 ns, At safepoint: 7507 ns, Total: 129469 ns
[2020-09-11T16:53:03.956+0000][1][safepoint    ] Safepoint "RevokeBias", Time since last: 182263777 ns, Reaching safepoint: 110376 ns, At safepoint: 33559 ns, Total: 143935 ns
[2020-09-11T16:53:04.782+0000][1][gc,start     ] GC(2) Pause Young (Allocation Failure)
[2020-09-11T16:53:04.782+0000][1][gc,task      ] GC(2) Using 1 workers of 1 for evacuation
[2020-09-11T16:53:04.828+0000][1][gc,age       ] GC(2) Desired survivor size 4358144 bytes, new threshold 2 (max threshold 6)
[2020-09-11T16:53:04.828+0000][1][gc,age       ] GC(2) Age table with threshold 2 (max threshold 6)
[2020-09-11T16:53:04.828+0000][1][gc,age       ] GC(2) - age   1:    2982504 bytes,    2982504 total
[2020-09-11T16:53:04.828+0000][1][gc,age       ] GC(2) - age   2:    2852432 bytes,    5834936 total
[2020-09-11T16:53:04.828+0000][1][gc,heap      ] GC(2) ParNew: 72282K->6327K(76672K)
[2020-09-11T16:53:04.828+0000][1][gc,heap      ] GC(2) CMS: 6666K->6666K(439104K)
[2020-09-11T16:53:04.828+0000][1][gc,metaspace ] GC(2) Metaspace: 20103K->20103K(1067008K)
[2020-09-11T16:53:04.828+0000][1][gc           ] GC(2) Pause Young (Allocation Failure) 77M->12M(503M) 45.515ms
[2020-09-11T16:53:04.828+0000][1][gc,cpu       ] GC(2) User=0.01s Sys=0.00s Real=0.04s
[2020-09-11T16:53:04.854+0000][1][safepoint    ] Safepoint "GenCollectForAllocation", Time since last: 825214153 ns, Reaching safepoint: 1319432 ns, At safepoint: 72202711 ns, Total: 73522143 ns
[2020-09-11T16:53:04.923+0000][1][safepoint    ] Safepoint "RevokeBias", Time since last: 66420073 ns, Reaching safepoint: 2106868 ns, At safepoint: 69187 ns, Total: 2176055 ns
[2020-09-11T16:53:04.928+0000][1][safepoint    ] Safepoint "RevokeBias", Time since last: 2991271 ns, Reaching safepoint: 1820677 ns, At safepoint: 60291 ns, Total: 1880968 ns
[2020-09-11T16:53:04.929+0000][1][safepoint    ] Safepoint "RevokeBias", Time since last: 520251 ns, Reaching safepoint: 409442 ns, At safepoint: 27306 ns, Total: 436748 ns
[2020-09-11T16:53:04.933+0000][1][safepoint    ] Safepoint "RevokeBias", Time since last: 45387 ns, Reaching safepoint: 3949732 ns, At safepoint: 36458 ns, Total: 3986190 ns
[2020-09-11T16:53:04.937+0000][1][safepoint    ] Safepoint "RevokeBias", Time since last: 70283 ns, Reaching safepoint: 3900411 ns, At safepoint: 44654 ns, Total: 3945065 ns
[2020-09-11T16:53:04.975+0000][1][safepoint    ] Safepoint "RevokeBias", Time since last: 38021442 ns, Reaching safepoint: 507654 ns, At safepoint: 30728 ns, Total: 538382 ns
[2020-09-11T16:53:04.976+0000][1][safepoint    ] Safepoint "RevokeBias", Time since last: 109471 ns, Reaching safepoint: 80138 ns, At safepoint: 18145 ns, Total: 98283 ns
[2020-09-11T16:53:05.976+0000][1][safepoint    ] Safepoint "Cleanup", Time since last: 1000153627 ns, Reaching safepoint: 124920 ns, At safepoint: 6540 ns, Total: 131460 ns
[2020-09-11T16:53:06.333+0000][1][gc,start     ] GC(3) Pause Young (Allocation Failure)
[2020-09-11T16:53:06.333+0000][1][gc,task      ] GC(3) Using 1 workers of 1 for evacuation
[2020-09-11T16:53:06.371+0000][1][gc,age       ] GC(3) Desired survivor size 4358144 bytes, new threshold 6 (max threshold 6)
[2020-09-11T16:53:06.371+0000][1][gc,age       ] GC(3) Age table with threshold 6 (max threshold 6)
[2020-09-11T16:53:06.371+0000][1][gc,age       ] GC(3) - age   1:     843712 bytes,     843712 total
[2020-09-11T16:53:06.371+0000][1][gc,age       ] GC(3) - age   2:    1548256 bytes,    2391968 total
[2020-09-11T16:53:06.371+0000][1][gc,heap      ] GC(3) ParNew: 74487K->5053K(76672K)
[2020-09-11T16:53:06.371+0000][1][gc,heap      ] GC(3) CMS: 6666K->9473K(439104K)
[2020-09-11T16:53:06.371+0000][1][gc,metaspace ] GC(3) Metaspace: 20364K->20364K(1067008K)
[2020-09-11T16:53:06.371+0000][1][gc           ] GC(3) Pause Young (Allocation Failure) 79M->14M(503M) 38.347ms
[2020-09-11T16:53:06.371+0000][1][gc,cpu       ] GC(3) User=0.02s Sys=0.00s Real=0.03s
[2020-09-11T16:53:06.400+0000][1][safepoint    ] Safepoint "GenCollectForAllocation", Time since last: 352030722 ns, Reaching safepoint: 4845803 ns, At safepoint: 67379588 ns, Total: 72225391 ns
[2020-09-11T16:53:06.459+0000][1][safepoint    ] Safepoint "RevokeBias", Time since last: 48624491 ns, Reaching safepoint: 10300061 ns, At safepoint: 32051 ns, Total: 10332112 ns
[2020-09-11T16:53:06.460+0000][1][safepoint    ] Safepoint "RevokeBias", Time since last: 64914 ns, Reaching safepoint: 766248 ns, At safepoint: 21986 ns, Total: 788234 ns
[2020-09-11T16:53:06.460+0000][1][safepoint    ] Safepoint "RevokeBias", Time since last: 53673 ns, Reaching safepoint: 79617 ns, At safepoint: 19616 ns, Total: 99233 ns
[2020-09-11T16:53:06.461+0000][1][safepoint    ] Safepoint "RevokeBias", Time since last: 29212 ns, Reaching safepoint: 384129 ns, At safepoint: 20270 ns, Total: 404399 ns
[2020-09-11T16:53:06.461+0000][1][safepoint    ] Safepoint "RevokeBias", Time since last: 37738 ns, Reaching safepoint: 173962 ns, At safepoint: 18753 ns, Total: 192715 ns
[2020-09-11T16:53:06.461+0000][1][safepoint    ] Safepoint "RevokeBias", Time since last: 34545 ns, Reaching safepoint: 77613 ns, At safepoint: 20987 ns, Total: 98600 ns
[2020-09-11T16:53:06.461+0000][1][safepoint    ] Safepoint "RevokeBias", Time since last: 32259 ns, Reaching safepoint: 79037 ns, At safepoint: 19748 ns, Total: 98785 ns
[2020-09-11T16:53:06.465+0000][1][safepoint    ] Safepoint "RevokeBias", Time since last: 28369 ns, Reaching safepoint: 3684290 ns, At safepoint: 20011 ns, Total: 3704301 ns
[2020-09-11T16:53:07.461+0000][1][safepoint    ] Safepoint "CollectForMetadataAllocation", Time since last: 996016076 ns, Reaching safepoint: 108333 ns, At safepoint: 85215 ns, Total: 193548 ns
[2020-09-11T16:53:07.849+0000][1][safepoint    ] Safepoint "CollectForMetadataAllocation", Time since last: 387788331 ns, Reaching safepoint: 114403 ns, At safepoint: 133673 ns, Total: 248076 ns
[2020-09-11T16:53:07.899+0000][1][safepoint    ] Safepoint "RevokeBias", Time since last: 50002985 ns, Reaching safepoint: 101572 ns, At safepoint: 16822 ns, Total: 118394 ns
[2020-09-11T16:53:07.989+0000][1][gc,start     ] GC(4) Pause Young (Allocation Failure)
[2020-09-11T16:53:07.989+0000][1][gc,task      ] GC(4) Using 1 workers of 1 for evacuation
[2020-09-11T16:53:08.016+0000][1][gc,age       ] GC(4) Desired survivor size 4358144 bytes, new threshold 6 (max threshold 6)
[2020-09-11T16:53:08.016+0000][1][gc,age       ] GC(4) Age table with threshold 6 (max threshold 6)
[2020-09-11T16:53:08.016+0000][1][gc,age       ] GC(4) - age   1:    1588432 bytes,    1588432 total
[2020-09-11T16:53:08.016+0000][1][gc,age       ] GC(4) - age   2:     351128 bytes,    1939560 total
[2020-09-11T16:53:08.016+0000][1][gc,age       ] GC(4) - age   3:    1547824 bytes,    3487384 total
[2020-09-11T16:53:08.016+0000][1][gc,heap      ] GC(4) ParNew: 73213K->4278K(76672K)
[2020-09-11T16:53:08.016+0000][1][gc,heap      ] GC(4) CMS: 9473K->9473K(439104K)
[2020-09-11T16:53:08.016+0000][1][gc,metaspace ] GC(4) Metaspace: 20896K->20896K(1069056K)
[2020-09-11T16:53:08.016+0000][1][gc           ] GC(4) Pause Young (Allocation Failure) 80M->13M(503M) 27.108ms
[2020-09-11T16:53:08.016+0000][1][gc,cpu       ] GC(4) User=0.01s Sys=0.00s Real=0.03s
[2020-09-11T16:53:08.034+0000][1][safepoint    ] Safepoint "GenCollectForAllocation", Time since last: 89653971 ns, Reaching safepoint: 112026 ns, At safepoint: 45230456 ns, Total: 45342482 ns
[2020-09-11T16:53:08.085+0000][1][gc,start     ] GC(5) Pause Initial Mark
[2020-09-11T16:53:08.088+0000][1][gc           ] GC(5) Pause Initial Mark 20M->20M(503M) 2.872ms
[2020-09-11T16:53:08.088+0000][1][gc,cpu       ] GC(5) User=0.00s Sys=0.00s Real=0.00s
[2020-09-11T16:53:08.133+0000][1][safepoint    ] Safepoint "BulkRevokeBias", Time since last: 44793536 ns, Reaching safepoint: 5858458 ns, At safepoint: 48001449 ns, Total: 53859907 ns
[2020-09-11T16:53:08.133+0000][1][gc           ] GC(5) Concurrent Mark
[2020-09-11T16:53:08.166+0000][1][safepoint    ] Safepoint "RevokeBias", Time since last: 17052250 ns, Reaching safepoint: 14973440 ns, At safepoint: 1616305 ns, Total: 16589745 ns
[2020-09-11T16:53:08.170+0000][1][safepoint    ] Safepoint "RevokeBias", Time since last: 70851 ns, Reaching safepoint: 3488131 ns, At safepoint: 40976 ns, Total: 3529107 ns
[2020-09-11T16:53:08.173+0000][1][safepoint    ] Safepoint "RevokeBias", Time since last: 58164 ns, Reaching safepoint: 2696064 ns, At safepoint: 40223 ns, Total: 2736287 ns
[2020-09-11T16:53:08.173+0000][1][safepoint    ] Safepoint "RevokeBias", Time since last: 65868 ns, Reaching safepoint: 84980 ns, At safepoint: 24895 ns, Total: 109875 ns
[2020-09-11T16:53:08.175+0000][1][safepoint    ] Safepoint "RevokeBias", Time since last: 26521 ns, Reaching safepoint: 2070986 ns, At safepoint: 29292 ns, Total: 2100278 ns
[2020-09-11T16:53:08.265+0000][1][gc           ] GC(5) Concurrent Mark 132.148ms
[2020-09-11T16:53:08.265+0000][1][gc,cpu       ] GC(5) User=0.02s Sys=0.00s Real=0.13s
[2020-09-11T16:53:08.265+0000][1][gc           ] GC(5) Concurrent Preclean
[2020-09-11T16:53:08.266+0000][1][gc           ] GC(5) Concurrent Preclean 0.606ms
[2020-09-11T16:53:08.266+0000][1][gc,cpu       ] GC(5) User=0.00s Sys=0.00s Real=0.00s
[2020-09-11T16:53:08.266+0000][1][gc           ] GC(5) Concurrent Abortable Preclean
[2020-09-11T16:53:09.101+0000][1][safepoint    ] Safepoint "CollectForMetadataAllocation", Time since last: 913692051 ns, Reaching safepoint: 12052413 ns, At safepoint: 126597 ns, Total: 12179010 ns
[2020-09-11T16:53:09.123+0000][1][safepoint    ] Safepoint "RevokeBias", Time since last: 22191330 ns, Reaching safepoint: 23709 ns, At safepoint: 15004 ns, Total: 38713 ns
[2020-09-11T16:53:09.139+0000][1][safepoint    ] Safepoint "RevokeBias", Time since last: 15706285 ns, Reaching safepoint: 51143 ns, At safepoint: 14999 ns, Total: 66142 ns
[2020-09-11T16:53:09.189+0000][1][safepoint    ] Safepoint "Deoptimize", Time since last: 34164819 ns, Reaching safepoint: 15644657 ns, At safepoint: 233598 ns, Total: 15878255 ns
[2020-09-11T16:53:09.802+0000][1][safepoint    ] Safepoint "Deoptimize", Time since last: 612248532 ns, Reaching safepoint: 114785 ns, At safepoint: 218915 ns, Total: 333700 ns
[2020-09-11T16:53:10.125+0000][1][gc,start     ] GC(6) Pause Young (Allocation Failure)
[2020-09-11T16:53:10.125+0000][1][gc,task      ] GC(6) Using 1 workers of 1 for evacuation
[2020-09-11T16:53:10.211+0000][1][gc,age       ] GC(6) Desired survivor size 4358144 bytes, new threshold 4 (max threshold 6)
[2020-09-11T16:53:10.211+0000][1][gc,age       ] GC(6) Age table with threshold 4 (max threshold 6)
[2020-09-11T16:53:10.211+0000][1][gc,age       ] GC(6) - age   1:    2313304 bytes,    2313304 total
[2020-09-11T16:53:10.211+0000][1][gc,age       ] GC(6) - age   2:    1252072 bytes,    3565376 total
[2020-09-11T16:53:10.211+0000][1][gc,age       ] GC(6) - age   3:     351128 bytes,    3916504 total
[2020-09-11T16:53:10.211+0000][1][gc,age       ] GC(6) - age   4:    1547824 bytes,    5464328 total
[2020-09-11T16:53:10.211+0000][1][gc,heap      ] GC(6) ParNew: 72438K->6178K(76672K)
[2020-09-11T16:53:10.211+0000][1][gc,heap      ] GC(6) CMS: 9473K->9473K(439104K)
[2020-09-11T16:53:10.211+0000][1][gc,metaspace ] GC(6) Metaspace: 21210K->21210K(1069056K)
[2020-09-11T16:53:10.212+0000][1][gc           ] GC(6) Pause Young (Allocation Failure) 79M->15M(503M) 86.649ms
[2020-09-11T16:53:10.212+0000][1][gc,cpu       ] GC(6) User=0.02s Sys=0.00s Real=0.08s
[2020-09-11T16:53:10.252+0000][1][safepoint    ] Safepoint "GenCollectForAllocation", Time since last: 323144975 ns, Reaching safepoint: 63620 ns, At safepoint: 127616334 ns, Total: 127679954 ns
[2020-09-11T16:53:10.323+0000][1][safepoint    ] Safepoint "RevokeBias", Time since last: 32427194 ns, Reaching safepoint: 38176929 ns, At safepoint: 29129 ns, Total: 38206058 ns
[2020-09-11T16:53:10.324+0000][1][safepoint    ] Safepoint "RevokeBias", Time since last: 363548 ns, Reaching safepoint: 82493 ns, At safepoint: 17820 ns, Total: 100313 ns
[2020-09-11T16:53:10.324+0000][1][safepoint    ] Safepoint "RevokeBias", Time since last: 41199 ns, Reaching safepoint: 79265 ns, At safepoint: 15308 ns, Total: 94573 ns
[2020-09-11T16:53:10.324+0000][1][safepoint    ] Safepoint "RevokeBias", Time since last: 25739 ns, Reaching safepoint: 83827 ns, At safepoint: 16768 ns, Total: 100595 ns
[2020-09-11T16:53:10.324+0000][1][safepoint    ] Safepoint "RevokeBias", Time since last: 30672 ns, Reaching safepoint: 78906 ns, At safepoint: 22928 ns, Total: 101834 ns
[2020-09-11T16:53:10.330+0000][1][safepoint    ] Safepoint "RevokeBias", Time since last: 6336714 ns, Reaching safepoint: 119799 ns, At safepoint: 31426 ns, Total: 151225 ns
[2020-09-11T16:53:11.331+0000][1][safepoint    ] Safepoint "Cleanup", Time since last: 1000116102 ns, Reaching safepoint: 117408 ns, At safepoint: 6672 ns, Total: 124080 ns
[2020-09-11T16:53:11.343+0000][1][gc           ] GC(5) Concurrent Abortable Preclean 3077.115ms
[2020-09-11T16:53:11.343+0000][1][gc,cpu       ] GC(5) User=0.58s Sys=0.04s Real=3.08s
[2020-09-11T16:53:11.343+0000][1][gc,start     ] GC(5) Pause Remark
[2020-09-11T16:53:11.539+0000][1][gc           ] GC(5) Pause Remark 72M->72M(503M) 196.273ms
[2020-09-11T16:53:11.539+0000][1][gc,cpu       ] GC(5) User=0.04s Sys=0.00s Real=0.19s
[2020-09-11T16:53:11.577+0000][1][safepoint    ] Safepoint "CMS_Final_Remark", Time since last: 12222818 ns, Reaching safepoint: 100867 ns, At safepoint: 233786556 ns, Total: 233887423 ns
[2020-09-11T16:53:11.577+0000][1][gc           ] GC(5) Concurrent Sweep
[2020-09-11T16:53:11.579+0000][1][gc           ] GC(5) Concurrent Sweep 2.291ms
[2020-09-11T16:53:11.579+0000][1][gc,cpu       ] GC(5) User=0.01s Sys=0.00s Real=0.00s
[2020-09-11T16:53:11.579+0000][1][gc           ] GC(5) Concurrent Reset
[2020-09-11T16:53:11.580+0000][1][gc           ] GC(5) Concurrent Reset 0.655ms
[2020-09-11T16:53:11.580+0000][1][gc,cpu       ] GC(5) User=0.00s Sys=0.00s Real=0.00s
[2020-09-11T16:53:11.580+0000][1][gc,heap      ] GC(5) Old: 9473K->9471K(439104K)
[2020-09-11T16:53:11.834+0000][1][gc,start     ] GC(7) Pause Young (Allocation Failure)
[2020-09-11T16:53:11.834+0000][1][gc,task      ] GC(7) Using 1 workers of 1 for evacuation
[2020-09-11T16:53:11.939+0000][1][gc,age       ] GC(7) Desired survivor size 4358144 bytes, new threshold 6 (max threshold 6)
[2020-09-11T16:53:11.939+0000][1][gc,age       ] GC(7) Age table with threshold 6 (max threshold 6)
[2020-09-11T16:53:11.939+0000][1][gc,age       ] GC(7) - age   1:    1163576 bytes,    1163576 total
[2020-09-11T16:53:11.939+0000][1][gc,age       ] GC(7) - age   2:    1526096 bytes,    2689672 total
[2020-09-11T16:53:11.939+0000][1][gc,age       ] GC(7) - age   3:    1251464 bytes,    3941136 total
[2020-09-11T16:53:11.939+0000][1][gc,age       ] GC(7) - age   4:     351128 bytes,    4292264 total
[2020-09-11T16:53:11.939+0000][1][gc,heap      ] GC(7) ParNew: 74338K->4774K(76672K)
[2020-09-11T16:53:11.939+0000][1][gc,heap      ] GC(7) CMS: 9471K->10996K(439104K)
[2020-09-11T16:53:11.939+0000][1][gc,metaspace ] GC(7) Metaspace: 21311K->21311K(1069056K)
[2020-09-11T16:53:11.939+0000][1][gc           ] GC(7) Pause Young (Allocation Failure) 81M->15M(503M) 105.805ms
[2020-09-11T16:53:11.939+0000][1][gc,cpu       ] GC(7) User=0.03s Sys=0.01s Real=0.10s
[2020-09-11T16:53:11.953+0000][1][safepoint    ] Safepoint "GenCollectForAllocation", Time since last: 256310518 ns, Reaching safepoint: 410797 ns, At safepoint: 119267793 ns, Total: 119678590 ns
[2020-09-11T16:53:11.971+0000][1][safepoint    ] Safepoint "RevokeBias", Time since last: 18249117 ns, Reaching safepoint: 99413 ns, At safepoint: 34706 ns, Total: 134119 ns
[2020-09-11T16:53:11.971+0000][1][safepoint    ] Safepoint "RevokeBias", Time since last: 53823 ns, Reaching safepoint: 80214 ns, At safepoint: 25050 ns, Total: 105264 ns
[2020-09-11T16:53:11.971+0000][1][safepoint    ] Safepoint "RevokeBias", Time since last: 34725 ns, Reaching safepoint: 79061 ns, At safepoint: 25988 ns, Total: 105049 ns
[2020-09-11T16:53:11.972+0000][1][safepoint    ] Safepoint "RevokeBias", Time since last: 23369 ns, Reaching safepoint: 78876 ns, At safepoint: 25891 ns, Total: 104767 ns
[2020-09-11T16:53:13.014+0000][1][gc,start     ] GC(8) Pause Young (Allocation Failure)
[2020-09-11T16:53:13.014+0000][1][gc,task      ] GC(8) Using 1 workers of 1 for evacuation
[2020-09-11T16:53:13.065+0000][1][gc,age       ] GC(8) Desired survivor size 4358144 bytes, new threshold 5 (max threshold 6)
[2020-09-11T16:53:13.066+0000][1][gc,age       ] GC(8) Age table with threshold 5 (max threshold 6)
[2020-09-11T16:53:13.066+0000][1][gc,age       ] GC(8) - age   1:    1096216 bytes,    1096216 total
[2020-09-11T16:53:13.066+0000][1][gc,age       ] GC(8) - age   2:     445736 bytes,    1541952 total
[2020-09-11T16:53:13.066+0000][1][gc,age       ] GC(8) - age   3:    1524160 bytes,    3066112 total
[2020-09-11T16:53:13.066+0000][1][gc,age       ] GC(8) - age   4:    1250808 bytes,    4316920 total
[2020-09-11T16:53:13.066+0000][1][gc,age       ] GC(8) - age   5:     351128 bytes,    4668048 total
[2020-09-11T16:53:13.066+0000][1][gc,heap      ] GC(8) ParNew: 72934K->8512K(76672K)
[2020-09-11T16:53:13.066+0000][1][gc,heap      ] GC(8) CMS: 10996K->10996K(439104K)
[2020-09-11T16:53:13.066+0000][1][gc,metaspace ] GC(8) Metaspace: 21492K->21492K(1069056K)
[2020-09-11T16:53:13.066+0000][1][gc           ] GC(8) Pause Young (Allocation Failure) 81M->19M(503M) 51.263ms
[2020-09-11T16:53:13.066+0000][1][gc,cpu       ] GC(8) User=0.01s Sys=0.00s Real=0.05s
[2020-09-11T16:53:13.085+0000][1][safepoint    ] Safepoint "GenCollectForAllocation", Time since last: 1042623427 ns, Reaching safepoint: 103679 ns, At safepoint: 70470367 ns, Total: 70574046 ns
[2020-09-11T16:53:13.109+0000][1][safepoint    ] Safepoint "RevokeBias", Time since last: 24056209 ns, Reaching safepoint: 100619 ns, At safepoint: 78259 ns, Total: 178878 ns
[2020-09-11T16:53:13.110+0000][1][safepoint    ] Safepoint "RevokeBias", Time since last: 549815 ns, Reaching safepoint: 86928 ns, At safepoint: 23979 ns, Total: 110907 ns
[2020-09-11T16:53:13.110+0000][1][safepoint    ] Safepoint "RevokeBias", Time since last: 42230 ns, Reaching safepoint: 80347 ns, At safepoint: 22872 ns, Total: 103219 ns
[2020-09-11T16:53:13.110+0000][1][safepoint    ] Safepoint "RevokeBias", Time since last: 40532 ns, Reaching safepoint: 80229 ns, At safepoint: 21283 ns, Total: 101512 ns
[2020-09-11T16:53:14.017+0000][1][gc,start     ] GC(9) Pause Young (Allocation Failure)
[2020-09-11T16:53:14.017+0000][1][gc,task      ] GC(9) Using 1 workers of 1 for evacuation
[2020-09-11T16:53:14.111+0000][1][gc,age       ] GC(9) Desired survivor size 4358144 bytes, new threshold 4 (max threshold 6)
[2020-09-11T16:53:14.168+0000][1][gc,age       ] GC(9) Age table with threshold 4 (max threshold 6)
[2020-09-11T16:53:14.168+0000][1][gc,age       ] GC(9) - age   1:    1846672 bytes,    1846672 total
[2020-09-11T16:53:14.168+0000][1][gc,age       ] GC(9) - age   2:     829368 bytes,    2676040 total
[2020-09-11T16:53:14.168+0000][1][gc,age       ] GC(9) - age   3:     445656 bytes,    3121696 total
[2020-09-11T16:53:14.168+0000][1][gc,age       ] GC(9) - age   4:    1524160 bytes,    4645856 total
[2020-09-11T16:53:14.168+0000][1][gc,age       ] GC(9) - age   5:    1250808 bytes,    5896664 total
[2020-09-11T16:53:14.168+0000][1][gc,heap      ] GC(9) ParNew: 76672K->8381K(76672K)
[2020-09-11T16:53:14.168+0000][1][gc,heap      ] GC(9) CMS: 10996K->11345K(439104K)
[2020-09-11T16:53:14.168+0000][1][gc,metaspace ] GC(9) Metaspace: 21584K->21584K(1069056K)
[2020-09-11T16:53:14.168+0000][1][gc           ] GC(9) Pause Young (Allocation Failure) 85M->19M(503M) 150.869ms
[2020-09-11T16:53:14.168+0000][1][gc,cpu       ] GC(9) User=0.02s Sys=0.00s Real=0.15s
[2020-09-11T16:53:14.169+0000][1][safepoint    ] Safepoint "GenCollectForAllocation", Time since last: 906820283 ns, Reaching safepoint: 104397 ns, At safepoint: 151873118 ns, Total: 151977515 ns
[2020-09-11T16:53:14.194+0000][1][safepoint    ] Safepoint "RevokeBias", Time since last: 16080234 ns, Reaching safepoint: 9035112 ns, At safepoint: 78958 ns, Total: 9114070 ns
[2020-09-11T16:53:14.197+0000][1][safepoint    ] Safepoint "RevokeBias", Time since last: 61830 ns, Reaching safepoint: 2771306 ns, At safepoint: 66441 ns, Total: 2837747 ns
[2020-09-11T16:53:14.197+0000][1][safepoint    ] Safepoint "RevokeBias", Time since last: 68006 ns, Reaching safepoint: 101795 ns, At safepoint: 38835 ns, Total: 140630 ns
[2020-09-11T16:53:14.197+0000][1][safepoint    ] Safepoint "RevokeBias", Time since last: 26612 ns, Reaching safepoint: 79003 ns, At safepoint: 36598 ns, Total: 115601 ns
[2020-09-11T16:53:14.617+0000][1][safepoint    ] Safepoint "RevokeBias", Time since last: 419845951 ns, Reaching safepoint: 149887 ns, At safepoint: 17390 ns, Total: 167277 ns
[2020-09-11T16:53:14.626+0000][1][safepoint    ] Safepoint "RevokeBias", Time since last: 8605773 ns, Reaching safepoint: 115949 ns, At safepoint: 20952 ns, Total: 136901 ns
[2020-09-11T16:53:15.229+0000][1][gc,start     ] GC(10) Pause Young (Allocation Failure)
[2020-09-11T16:53:15.229+0000][1][gc,task      ] GC(10) Using 1 workers of 1 for evacuation
[2020-09-11T16:53:15.313+0000][1][gc,age       ] GC(10) Desired survivor size 4358144 bytes, new threshold 6 (max threshold 6)
[2020-09-11T16:53:15.325+0000][1][gc,age       ] GC(10) Age table with threshold 6 (max threshold 6)
[2020-09-11T16:53:15.325+0000][1][gc,age       ] GC(10) - age   1:    2198880 bytes,    2198880 total
[2020-09-11T16:53:15.325+0000][1][gc,age       ] GC(10) - age   2:     112688 bytes,    2311568 total
[2020-09-11T16:53:15.325+0000][1][gc,age       ] GC(10) - age   3:     829368 bytes,    3140936 total
[2020-09-11T16:53:15.325+0000][1][gc,age       ] GC(10) - age   4:     445632 bytes,    3586568 total
[2020-09-11T16:53:15.325+0000][1][gc,heap      ] GC(10) ParNew: 76541K->5017K(76672K)
[2020-09-11T16:53:15.325+0000][1][gc,heap      ] GC(10) CMS: 11345K->14080K(439104K)
[2020-09-11T16:53:15.325+0000][1][gc,metaspace ] GC(10) Metaspace: 21730K->21730K(1069056K)
[2020-09-11T16:53:15.325+0000][1][gc           ] GC(10) Pause Young (Allocation Failure) 85M->18M(503M) 95.987ms
[2020-09-11T16:53:15.325+0000][1][gc,cpu       ] GC(10) User=0.01s Sys=0.00s Real=0.10s
[2020-09-11T16:53:15.347+0000][1][safepoint    ] Safepoint "GenCollectForAllocation", Time since last: 602813758 ns, Reaching safepoint: 113332 ns, At safepoint: 117792667 ns, Total: 117905999 ns
[2020-09-11T16:53:15.384+0000][1][safepoint    ] Safepoint "BulkRevokeBias", Time since last: 36090560 ns, Reaching safepoint: 1035496 ns, At safepoint: 61331 ns, Total: 1096827 ns
[2020-09-11T16:53:15.385+0000][1][safepoint    ] Safepoint "BulkRevokeBias", Time since last: 67046 ns, Reaching safepoint: 740624 ns, At safepoint: 37869 ns, Total: 778493 ns
[2020-09-11T16:53:16.396+0000][1][safepoint    ] Safepoint "Cleanup", Time since last: 1011023451 ns, Reaching safepoint: 116066 ns, At safepoint: 6423 ns, Total: 122489 ns
[2020-09-11T16:53:16.857+0000][1][gc,start     ] GC(11) Pause Young (Allocation Failure)
[2020-09-11T16:53:16.857+0000][1][gc,task      ] GC(11) Using 1 workers of 1 for evacuation
[2020-09-11T16:53:16.892+0000][1][gc,age       ] GC(11) Desired survivor size 4358144 bytes, new threshold 6 (max threshold 6)
[2020-09-11T16:53:16.892+0000][1][gc,age       ] GC(11) Age table with threshold 6 (max threshold 6)
[2020-09-11T16:53:16.892+0000][1][gc,age       ] GC(11) - age   1:    1210432 bytes,    1210432 total
[2020-09-11T16:53:16.892+0000][1][gc,age       ] GC(11) - age   2:     405416 bytes,    1615848 total
[2020-09-11T16:53:16.892+0000][1][gc,age       ] GC(11) - age   3:     112584 bytes,    1728432 total
[2020-09-11T16:53:16.892+0000][1][gc,age       ] GC(11) - age   4:     829368 bytes,    2557800 total
[2020-09-11T16:53:16.892+0000][1][gc,age       ] GC(11) - age   5:     445632 bytes,    3003432 total
[2020-09-11T16:53:16.892+0000][1][gc,heap      ] GC(11) ParNew: 73177K->3881K(76672K)
[2020-09-11T16:53:16.892+0000][1][gc,heap      ] GC(11) CMS: 14080K->14080K(439104K)
[2020-09-11T16:53:16.892+0000][1][gc,metaspace ] GC(11) Metaspace: 22646K->22646K(1071104K)
[2020-09-11T16:53:16.892+0000][1][gc           ] GC(11) Pause Young (Allocation Failure) 85M->17M(503M) 35.477ms
[2020-09-11T16:53:16.892+0000][1][gc,cpu       ] GC(11) User=0.01s Sys=0.00s Real=0.03s
[2020-09-11T16:53:16.905+0000][1][safepoint    ] Safepoint "GenCollectForAllocation", Time since last: 460932588 ns, Reaching safepoint: 98465 ns, At safepoint: 47882772 ns, Total: 47981237 ns
[2020-09-11T16:53:17.691+0000][1][gc,start     ] GC(12) Pause Young (Allocation Failure)
[2020-09-11T16:53:17.691+0000][1][gc,task      ] GC(12) Using 1 workers of 1 for evacuation
[2020-09-11T16:53:17.735+0000][1][gc,age       ] GC(12) Desired survivor size 4358144 bytes, new threshold 6 (max threshold 6)
[2020-09-11T16:53:17.735+0000][1][gc,age       ] GC(12) Age table with threshold 6 (max threshold 6)
[2020-09-11T16:53:17.735+0000][1][gc,age       ] GC(12) - age   1:     191696 bytes,     191696 total
[2020-09-11T16:53:17.735+0000][1][gc,age       ] GC(12) - age   2:     577776 bytes,     769472 total
[2020-09-11T16:53:17.735+0000][1][gc,age       ] GC(12) - age   3:     405416 bytes,    1174888 total
[2020-09-11T16:53:17.735+0000][1][gc,age       ] GC(12) - age   4:     112480 bytes,    1287368 total
[2020-09-11T16:53:17.735+0000][1][gc,age       ] GC(12) - age   5:     829224 bytes,    2116592 total
[2020-09-11T16:53:17.735+0000][1][gc,age       ] GC(12) - age   6:     445632 bytes,    2562224 total
[2020-09-11T16:53:17.735+0000][1][gc,heap      ] GC(12) ParNew: 72041K->3170K(76672K)
[2020-09-11T16:53:17.735+0000][1][gc,heap      ] GC(12) CMS: 14080K->14080K(439104K)
[2020-09-11T16:53:17.735+0000][1][gc,metaspace ] GC(12) Metaspace: 22663K->22663K(1071104K)
[2020-09-11T16:53:17.735+0000][1][gc           ] GC(12) Pause Young (Allocation Failure) 84M->16M(503M) 43.627ms
[2020-09-11T16:53:17.735+0000][1][gc,cpu       ] GC(12) User=0.01s Sys=0.00s Real=0.05s
[2020-09-11T16:53:17.745+0000][1][safepoint    ] Safepoint "GenCollectForAllocation", Time since last: 786343712 ns, Reaching safepoint: 134427 ns, At safepoint: 53551824 ns, Total: 53686251 ns
[2020-09-11T16:53:18.649+0000][1][gc,start     ] GC(13) Pause Young (Allocation Failure)
[2020-09-11T16:53:18.649+0000][1][gc,task      ] GC(13) Using 1 workers of 1 for evacuation
[2020-09-11T16:53:18.689+0000][1][gc,age       ] GC(13) Desired survivor size 4358144 bytes, new threshold 6 (max threshold 6)
[2020-09-11T16:53:18.725+0000][1][gc,age       ] GC(13) Age table with threshold 6 (max threshold 6)
[2020-09-11T16:53:18.725+0000][1][gc,age       ] GC(13) - age   1:    1226616 bytes,    1226616 total
[2020-09-11T16:53:18.725+0000][1][gc,age       ] GC(13) - age   2:     172784 bytes,    1399400 total
[2020-09-11T16:53:18.725+0000][1][gc,age       ] GC(13) - age   3:     577664 bytes,    1977064 total
[2020-09-11T16:53:18.725+0000][1][gc,age       ] GC(13) - age   4:     405416 bytes,    2382480 total
[2020-09-11T16:53:18.725+0000][1][gc,age       ] GC(13) - age   5:     112480 bytes,    2494960 total
[2020-09-11T16:53:18.725+0000][1][gc,age       ] GC(13) - age   6:     829080 bytes,    3324040 total
[2020-09-11T16:53:18.725+0000][1][gc,heap      ] GC(13) ParNew: 71330K->5338K(76672K)
[2020-09-11T16:53:18.725+0000][1][gc,heap      ] GC(13) CMS: 14080K->14519K(439104K)
[2020-09-11T16:53:18.725+0000][1][gc,metaspace ] GC(13) Metaspace: 22769K->22769K(1071104K)
[2020-09-11T16:53:18.725+0000][1][gc           ] GC(13) Pause Young (Allocation Failure) 83M->19M(503M) 75.571ms
[2020-09-11T16:53:18.725+0000][1][gc,cpu       ] GC(13) User=0.02s Sys=0.00s Real=0.08s
[2020-09-11T16:53:18.725+0000][1][safepoint    ] Safepoint "GenCollectForAllocation", Time since last: 904425937 ns, Reaching safepoint: 100904 ns, At safepoint: 75642684 ns, Total: 75743588 ns
[2020-09-11T16:53:19.644+0000][1][gc,start     ] GC(14) Pause Young (Allocation Failure)
[2020-09-11T16:53:19.661+0000][1][gc,task      ] GC(14) Using 1 workers of 1 for evacuation
[2020-09-11T16:53:19.688+0000][1][gc,age       ] GC(14) Desired survivor size 4358144 bytes, new threshold 6 (max threshold 6)
[2020-09-11T16:53:19.688+0000][1][gc,age       ] GC(14) Age table with threshold 6 (max threshold 6)
[2020-09-11T16:53:19.688+0000][1][gc,age       ] GC(14) - age   1:    1072184 bytes,    1072184 total
[2020-09-11T16:53:19.688+0000][1][gc,age       ] GC(14) - age   2:     133936 bytes,    1206120 total
[2020-09-11T16:53:19.688+0000][1][gc,age       ] GC(14) - age   3:     172784 bytes,    1378904 total
[2020-09-11T16:53:19.688+0000][1][gc,age       ] GC(14) - age   4:     577664 bytes,    1956568 total
[2020-09-11T16:53:19.688+0000][1][gc,age       ] GC(14) - age   5:     405416 bytes,    2361984 total
[2020-09-11T16:53:19.688+0000][1][gc,age       ] GC(14) - age   6:     112480 bytes,    2474464 total
[2020-09-11T16:53:19.688+0000][1][gc,heap      ] GC(14) ParNew: 73498K->3101K(76672K)
[2020-09-11T16:53:19.688+0000][1][gc,heap      ] GC(14) CMS: 14519K->15334K(439104K)
[2020-09-11T16:53:19.688+0000][1][gc,metaspace ] GC(14) Metaspace: 22848K->22848K(1071104K)
[2020-09-11T16:53:19.688+0000][1][gc           ] GC(14) Pause Young (Allocation Failure) 85M->18M(503M) 43.266ms
[2020-09-11T16:53:19.688+0000][1][gc,cpu       ] GC(14) User=0.01s Sys=0.00s Real=0.04s
[2020-09-11T16:53:19.721+0000][1][safepoint    ] Safepoint "GenCollectForAllocation", Time since last: 919373755 ns, Reaching safepoint: 113317 ns, At safepoint: 76326228 ns, Total: 76439545 ns
[2020-09-11T16:53:20.539+0000][1][gc,start     ] GC(15) Pause Young (Allocation Failure)
[2020-09-11T16:53:20.539+0000][1][gc,task      ] GC(15) Using 1 workers of 1 for evacuation
[2020-09-11T16:53:20.572+0000][1][gc,age       ] GC(15) Desired survivor size 4358144 bytes, new threshold 6 (max threshold 6)
[2020-09-11T16:53:20.572+0000][1][gc,age       ] GC(15) Age table with threshold 6 (max threshold 6)
[2020-09-11T16:53:20.572+0000][1][gc,age       ] GC(15) - age   1:    1948632 bytes,    1948632 total
[2020-09-11T16:53:20.572+0000][1][gc,age       ] GC(15) - age   2:     314632 bytes,    2263264 total
[2020-09-11T16:53:20.572+0000][1][gc,age       ] GC(15) - age   3:     133936 bytes,    2397200 total
[2020-09-11T16:53:20.572+0000][1][gc,age       ] GC(15) - age   4:     172784 bytes,    2569984 total
[2020-09-11T16:53:20.572+0000][1][gc,age       ] GC(15) - age   5:     577664 bytes,    3147648 total
[2020-09-11T16:53:20.572+0000][1][gc,age       ] GC(15) - age   6:     405416 bytes,    3553064 total
[2020-09-11T16:53:20.572+0000][1][gc,heap      ] GC(15) ParNew: 71261K->5175K(76672K)
[2020-09-11T16:53:20.572+0000][1][gc,heap      ] GC(15) CMS: 15334K->15448K(439104K)
[2020-09-11T16:53:20.572+0000][1][gc,metaspace ] GC(15) Metaspace: 22934K->22934K(1071104K)
[2020-09-11T16:53:20.572+0000][1][gc           ] GC(15) Pause Young (Allocation Failure) 84M->20M(503M) 33.054ms
[2020-09-11T16:53:20.572+0000][1][gc,cpu       ] GC(15) User=0.01s Sys=0.00s Real=0.03s
[2020-09-11T16:53:20.607+0000][1][safepoint    ] Safepoint "GenCollectForAllocation", Time since last: 816013879 ns, Reaching safepoint: 2084883 ns, At safepoint: 67998849 ns, Total: 70083732 ns
[2020-09-11T16:53:21.375+0000][1][gc,start     ] GC(16) Pause Young (Allocation Failure)
[2020-09-11T16:53:21.375+0000][1][gc,task      ] GC(16) Using 1 workers of 1 for evacuation
[2020-09-11T16:53:21.434+0000][1][gc,age       ] GC(16) Desired survivor size 4358144 bytes, new threshold 6 (max threshold 6)
[2020-09-11T16:53:21.434+0000][1][gc,age       ] GC(16) Age table with threshold 6 (max threshold 6)
[2020-09-11T16:53:21.434+0000][1][gc,age       ] GC(16) - age   1:     956504 bytes,     956504 total
[2020-09-11T16:53:21.434+0000][1][gc,age       ] GC(16) - age   2:     105608 bytes,    1062112 total
[2020-09-11T16:53:21.434+0000][1][gc,age       ] GC(16) - age   3:     314632 bytes,    1376744 total
[2020-09-11T16:53:21.434+0000][1][gc,age       ] GC(16) - age   4:     133936 bytes,    1510680 total
[2020-09-11T16:53:21.434+0000][1][gc,age       ] GC(16) - age   5:     172632 bytes,    1683312 total
[2020-09-11T16:53:21.434+0000][1][gc,age       ] GC(16) - age   6:     577664 bytes,    2260976 total
[2020-09-11T16:53:21.434+0000][1][gc,heap      ] GC(16) ParNew: 73335K->3249K(76672K)
[2020-09-11T16:53:21.434+0000][1][gc,heap      ] GC(16) CMS: 15448K->15848K(439104K)
[2020-09-11T16:53:21.434+0000][1][gc,metaspace ] GC(16) Metaspace: 22954K->22954K(1071104K)
[2020-09-11T16:53:21.434+0000][1][gc           ] GC(16) Pause Young (Allocation Failure) 86M->18M(503M) 59.929ms
[2020-09-11T16:53:21.434+0000][1][gc,cpu       ] GC(16) User=0.01s Sys=0.00s Real=0.06s
[2020-09-11T16:53:21.434+0000][1][safepoint    ] Safepoint "GenCollectForAllocation", Time since last: 767465931 ns, Reaching safepoint: 132345 ns, At safepoint: 59994336 ns, Total: 60126681 ns
[2020-09-11T16:53:21.621+0000][1][safepoint    ] Safepoint "Deoptimize", Time since last: 186298934 ns, Reaching safepoint: 115951 ns, At safepoint: 224835 ns, Total: 340786 ns
[2020-09-11T16:53:22.625+0000][1][safepoint    ] Safepoint "Cleanup", Time since last: 1003680999 ns, Reaching safepoint: 129401 ns, At safepoint: 7511 ns, Total: 136912 ns
[2020-09-11T16:53:23.629+0000][1][safepoint    ] Safepoint "Cleanup", Time since last: 1003891092 ns, Reaching safepoint: 242380 ns, At safepoint: 7631 ns, Total: 250011 ns
[2020-09-11T16:53:23.782+0000][1][safepoint    ] Safepoint "RevokeBias", Time since last: 152611242 ns, Reaching safepoint: 101149 ns, At safepoint: 13813 ns, Total: 114962 ns
[2020-09-11T16:53:24.793+0000][1][safepoint    ] Safepoint "Cleanup", Time since last: 1000106523 ns, Reaching safepoint: 10906970 ns, At safepoint: 12172 ns, Total: 10919142 ns
[2020-09-11T16:53:25.797+0000][1][safepoint    ] Safepoint "Cleanup", Time since last: 1000600959 ns, Reaching safepoint: 3380348 ns, At safepoint: 13285 ns, Total: 3393633 ns
[2020-09-11T16:53:25.875+0000][1][safepoint    ] Safepoint "Deoptimize", Time since last: 77989542 ns, Reaching safepoint: 102813 ns, At safepoint: 230851 ns, Total: 333664 ns
[2020-09-11T16:53:26.069+0000][1][safepoint    ] Safepoint "Deoptimize", Time since last: 193630694 ns, Reaching safepoint: 105759 ns, At safepoint: 243430 ns, Total: 349189 ns
[2020-09-11T16:53:27.077+0000][1][safepoint    ] Safepoint "Cleanup", Time since last: 1007219343 ns, Reaching safepoint: 263324 ns, At safepoint: 6988 ns, Total: 270312 ns
[2020-09-11T16:53:28.085+0000][1][safepoint    ] Safepoint "Cleanup", Time since last: 1008169272 ns, Reaching safepoint: 114059 ns, At safepoint: 6357 ns, Total: 120416 ns
[2020-09-11T16:53:29.087+0000][1][safepoint    ] Safepoint "Cleanup", Time since last: 1001943837 ns, Reaching safepoint: 116847 ns, At safepoint: 6843 ns, Total: 123690 ns
[2020-09-11T16:53:30.101+0000][1][safepoint    ] Safepoint "Cleanup", Time since last: 1013821627 ns, Reaching safepoint: 121031 ns, At safepoint: 6474 ns, Total: 127505 ns
[2020-09-11T16:53:30.696+0000][1][gc,start     ] GC(17) Pause Young (Allocation Failure)
[2020-09-11T16:53:30.696+0000][1][gc,task      ] GC(17) Using 1 workers of 1 for evacuation
[2020-09-11T16:53:30.932+0000][1][gc,age       ] GC(17) Desired survivor size 4358144 bytes, new threshold 1 (max threshold 6)
[2020-09-11T16:53:30.932+0000][1][gc,age       ] GC(17) Age table with threshold 1 (max threshold 6)
[2020-09-11T16:53:30.932+0000][1][gc,age       ] GC(17) - age   1:    6842440 bytes,    6842440 total
[2020-09-11T16:53:30.932+0000][1][gc,age       ] GC(17) - age   2:     156648 bytes,    6999088 total
[2020-09-11T16:53:30.932+0000][1][gc,age       ] GC(17) - age   3:     105112 bytes,    7104200 total
[2020-09-11T16:53:30.932+0000][1][gc,age       ] GC(17) - age   4:     314336 bytes,    7418536 total
[2020-09-11T16:53:30.932+0000][1][gc,age       ] GC(17) - age   5:     133624 bytes,    7552160 total
[2020-09-11T16:53:30.932+0000][1][gc,age       ] GC(17) - age   6:     172632 bytes,    7724792 total
[2020-09-11T16:53:30.932+0000][1][gc,heap      ] GC(17) ParNew: 71409K->8512K(76672K)
[2020-09-11T16:53:30.932+0000][1][gc,heap      ] GC(17) CMS: 15848K->16420K(439104K)
[2020-09-11T16:53:30.932+0000][1][gc,metaspace ] GC(17) Metaspace: 29705K->29705K(1077248K)
[2020-09-11T16:53:30.932+0000][1][gc           ] GC(17) Pause Young (Allocation Failure) 85M->24M(503M) 236.794ms
[2020-09-11T16:53:30.932+0000][1][gc,cpu       ] GC(17) User=0.05s Sys=0.00s Real=0.23s
[2020-09-11T16:53:30.945+0000][1][safepoint    ] Safepoint "GenCollectForAllocation", Time since last: 594541865 ns, Reaching safepoint: 100246 ns, At safepoint: 249237481 ns, Total: 249337727 ns
[2020-09-11T16:53:31.969+0000][1][safepoint    ] Safepoint "Cleanup", Time since last: 1020761022 ns, Reaching safepoint: 3251120 ns, At safepoint: 17080 ns, Total: 3268200 ns
[2020-09-11T16:53:32.980+0000][1][safepoint    ] Safepoint "Cleanup", Time since last: 1010825755 ns, Reaching safepoint: 117474 ns, At safepoint: 6367 ns, Total: 123841 ns
[2020-09-11T16:53:33.980+0000][1][safepoint    ] Safepoint "Cleanup", Time since last: 1000124241 ns, Reaching safepoint: 373588 ns, At safepoint: 5937 ns, Total: 379525 ns
[2020-09-11T16:53:34.985+0000][1][safepoint    ] Safepoint "Cleanup", Time since last: 1000115619 ns, Reaching safepoint: 4390879 ns, At safepoint: 10988 ns, Total: 4401867 ns
[2020-09-11T16:53:35.985+0000][1][safepoint    ] Safepoint "Cleanup", Time since last: 1000112601 ns, Reaching safepoint: 109329 ns, At safepoint: 6506 ns, Total: 115835 ns
[2020-09-11T16:53:36.989+0000][1][safepoint    ] Safepoint "Cleanup", Time since last: 1003732371 ns, Reaching safepoint: 111927 ns, At safepoint: 6290 ns, Total: 118217 ns
[2020-09-11T16:53:38.005+0000][1][safepoint    ] Safepoint "Cleanup", Time since last: 1015884899 ns, Reaching safepoint: 110987 ns, At safepoint: 5939 ns, Total: 116926 ns
[2020-09-11T16:53:39.013+0000][1][safepoint    ] Safepoint "Cleanup", Time since last: 1007903040 ns, Reaching safepoint: 116825 ns, At safepoint: 6341 ns, Total: 123166 ns
[2020-09-11T16:53:39.217+0000][1][gc,start     ] GC(18) Pause Young (Allocation Failure)
[2020-09-11T16:53:39.217+0000][1][gc,task      ] GC(18) Using 1 workers of 1 for evacuation
[2020-09-11T16:53:39.465+0000][1][gc,age       ] GC(18) Desired survivor size 4358144 bytes, new threshold 1 (max threshold 6)
[2020-09-11T16:53:39.465+0000][1][gc,age       ] GC(18) Age table with threshold 1 (max threshold 6)
[2020-09-11T16:53:39.465+0000][1][gc,age       ] GC(18) - age   1:    8189984 bytes,    8189984 total
[2020-09-11T16:53:39.465+0000][1][gc,heap      ] GC(18) ParNew: 76672K->8512K(76672K)
[2020-09-11T16:53:39.465+0000][1][gc,heap      ] GC(18) CMS: 16420K->24191K(439104K)
[2020-09-11T16:53:39.465+0000][1][gc,metaspace ] GC(18) Metaspace: 29725K->29725K(1077248K)
[2020-09-11T16:53:39.465+0000][1][gc           ] GC(18) Pause Young (Allocation Failure) 90M->31M(503M) 247.745ms
[2020-09-11T16:53:39.465+0000][1][gc,cpu       ] GC(18) User=0.05s Sys=0.00s Real=0.25s
[2020-09-11T16:53:39.492+0000][1][safepoint    ] Safepoint "GenCollectForAllocation", Time since last: 203875569 ns, Reaching safepoint: 102312 ns, At safepoint: 275341419 ns, Total: 275443731 ns
[2020-09-11T16:53:40.521+0000][1][safepoint    ] Safepoint "Cleanup", Time since last: 1028531846 ns, Reaching safepoint: 121408 ns, At safepoint: 6309 ns, Total: 127717 ns
[2020-09-11T16:53:41.581+0000][1][safepoint    ] Safepoint "Cleanup", Time since last: 1051879059 ns, Reaching safepoint: 7984534 ns, At safepoint: 9513 ns, Total: 7994047 ns
[2020-09-11T16:53:44.609+0000][1][safepoint    ] Safepoint "Cleanup", Time since last: 3028004482 ns, Reaching safepoint: 115049 ns, At safepoint: 6170 ns, Total: 121219 ns
[2020-09-11T16:53:45.609+0000][1][safepoint    ] Safepoint "Cleanup", Time since last: 1000109887 ns, Reaching safepoint: 50011 ns, At safepoint: 6093 ns, Total: 56104 ns
[2020-09-11T16:53:45.906+0000][1][gc,start     ] GC(19) Pause Young (Allocation Failure)
[2020-09-11T16:53:45.906+0000][1][gc,task      ] GC(19) Using 1 workers of 1 for evacuation
[2020-09-11T16:53:46.127+0000][1][gc,age       ] GC(19) Desired survivor size 4358144 bytes, new threshold 1 (max threshold 6)
[2020-09-11T16:53:46.127+0000][1][gc,age       ] GC(19) Age table with threshold 1 (max threshold 6)
[2020-09-11T16:53:46.127+0000][1][gc,age       ] GC(19) - age   1:    8174232 bytes,    8174232 total
[2020-09-11T16:53:46.127+0000][1][gc,heap      ] GC(19) ParNew: 76672K->8512K(76672K)
[2020-09-11T16:53:46.127+0000][1][gc,heap      ] GC(19) CMS: 24191K->32319K(439104K)
[2020-09-11T16:53:46.127+0000][1][gc,metaspace ] GC(19) Metaspace: 29898K->29898K(1077248K)
[2020-09-11T16:53:46.127+0000][1][gc           ] GC(19) Pause Young (Allocation Failure) 98M->39M(503M) 220.768ms
[2020-09-11T16:53:46.127+0000][1][gc,cpu       ] GC(19) User=0.04s Sys=0.00s Real=0.22s
[2020-09-11T16:53:46.149+0000][1][safepoint    ] Safepoint "GenCollectForAllocation", Time since last: 296703127 ns, Reaching safepoint: 97473 ns, At safepoint: 242972039 ns, Total: 243069512 ns
[2020-09-11T16:53:48.200+0000][1][safepoint    ] Safepoint "Cleanup", Time since last: 2051378112 ns, Reaching safepoint: 111545 ns, At safepoint: 5766 ns, Total: 117311 ns
[2020-09-11T16:53:48.549+0000][1][safepoint    ] Safepoint "RevokeBias", Time since last: 348363622 ns, Reaching safepoint: 89461 ns, At safepoint: 46902 ns, Total: 136363 ns
[2020-09-11T16:53:49.145+0000][1][safepoint    ] Safepoint "RevokeBias", Time since last: 595964332 ns, Reaching safepoint: 124079 ns, At safepoint: 42567 ns, Total: 166646 ns
[2020-09-11T16:53:50.450+0000][1][safepoint    ] Safepoint "Cleanup", Time since last: 1295865612 ns, Reaching safepoint: 8694388 ns, At safepoint: 12272 ns, Total: 8706660 ns
[2020-09-11T16:53:50.774+0000][1][safepoint    ] Safepoint "RevokeBias", Time since last: 319407989 ns, Reaching safepoint: 4628268 ns, At safepoint: 44621 ns, Total: 4672889 ns
[2020-09-11T16:53:51.637+0000][1][safepoint    ] Safepoint "RevokeBias", Time since last: 839398504 ns, Reaching safepoint: 23805595 ns, At safepoint: 49610 ns, Total: 23855205 ns
[2020-09-11T16:53:51.893+0000][1][gc,start     ] GC(20) Pause Young (Allocation Failure)
[2020-09-11T16:53:51.893+0000][1][gc,task      ] GC(20) Using 1 workers of 1 for evacuation
[2020-09-11T16:53:52.196+0000][1][gc,age       ] GC(20) Desired survivor size 4358144 bytes, new threshold 1 (max threshold 6)
[2020-09-11T16:53:52.196+0000][1][gc,age       ] GC(20) Age table with threshold 1 (max threshold 6)
[2020-09-11T16:53:52.196+0000][1][gc,age       ] GC(20) - age   1:    5662448 bytes,    5662448 total
[2020-09-11T16:53:52.196+0000][1][gc,heap      ] GC(20) ParNew: 76672K->7878K(76672K)
[2020-09-11T16:53:52.196+0000][1][gc,heap      ] GC(20) CMS: 32319K->39985K(439104K)
[2020-09-11T16:53:52.196+0000][1][gc,metaspace ] GC(20) Metaspace: 32129K->32129K(1079296K)
[2020-09-11T16:53:52.229+0000][1][gc           ] GC(20) Pause Young (Allocation Failure) 106M->46M(503M) 336.275ms
[2020-09-11T16:53:52.229+0000][1][gc,cpu       ] GC(20) User=0.07s Sys=0.00s Real=0.34s
[2020-09-11T16:53:52.229+0000][1][safepoint    ] Safepoint "GenCollectForAllocation", Time since last: 255558664 ns, Reaching safepoint: 103694 ns, At safepoint: 336376308 ns, Total: 336480002 ns
[2020-09-11T16:53:53.253+0000][1][safepoint    ] Safepoint "Cleanup", Time since last: 1023646468 ns, Reaching safepoint: 180018 ns, At safepoint: 35049 ns, Total: 215067 ns
[2020-09-11T16:53:53.432+0000][1][safepoint    ] Safepoint "RevokeBias", Time since last: 179230526 ns, Reaching safepoint: 99287 ns, At safepoint: 7201 ns, Total: 106488 ns
[2020-09-11T16:53:53.433+0000][1][safepoint    ] Safepoint "RevokeBias", Time since last: 60844 ns, Reaching safepoint: 679170 ns, At safepoint: 4807 ns, Total: 683977 ns
[2020-09-11T16:53:53.473+0000][1][safepoint    ] Safepoint "Deoptimize", Time since last: 39828726 ns, Reaching safepoint: 98441 ns, At safepoint: 303030 ns, Total: 401471 ns
[2020-09-11T16:53:54.478+0000][1][safepoint    ] Safepoint "Cleanup", Time since last: 1003718411 ns, Reaching safepoint: 859362 ns, At safepoint: 8093 ns, Total: 867455 ns
[2020-09-11T16:53:55.488+0000][1][safepoint    ] Safepoint "Cleanup", Time since last: 1009697697 ns, Reaching safepoint: 196832 ns, At safepoint: 8473 ns, Total: 205305 ns
[2020-09-11T16:53:56.489+0000][1][safepoint    ] Safepoint "Cleanup", Time since last: 1000142231 ns, Reaching safepoint: 1086145 ns, At safepoint: 8990 ns, Total: 1095135 ns
[2020-09-11T16:53:56.965+0000][1][safepoint    ] Safepoint "Deoptimize", Time since last: 475580032 ns, Reaching safepoint: 108738 ns, At safepoint: 299502 ns, Total: 408240 ns
[2020-09-11T16:53:57.970+0000][1][safepoint    ] Safepoint "Cleanup", Time since last: 1004539041 ns, Reaching safepoint: 180161 ns, At safepoint: 9191 ns, Total: 189352 ns
[2020-09-11T16:53:58.017+0000][1][gc,start     ] GC(21) Pause Young (Allocation Failure)
[2020-09-11T16:53:58.017+0000][1][gc,task      ] GC(21) Using 1 workers of 1 for evacuation
[2020-09-11T16:53:58.114+0000][1][gc,age       ] GC(21) Desired survivor size 4358144 bytes, new threshold 6 (max threshold 6)
[2020-09-11T16:53:58.114+0000][1][gc,age       ] GC(21) Age table with threshold 6 (max threshold 6)
[2020-09-11T16:53:58.114+0000][1][gc,age       ] GC(21) - age   1:     871920 bytes,     871920 total
[2020-09-11T16:53:58.114+0000][1][gc,heap      ] GC(21) ParNew: 76038K->6117K(76672K)
[2020-09-11T16:53:58.114+0000][1][gc,heap      ] GC(21) CMS: 39985K->45440K(439104K)
[2020-09-11T16:53:58.114+0000][1][gc,metaspace ] GC(21) Metaspace: 32422K->32422K(1079296K)
[2020-09-11T16:53:58.114+0000][1][gc           ] GC(21) Pause Young (Allocation Failure) 113M->50M(503M) 97.527ms
[2020-09-11T16:53:58.114+0000][1][gc,cpu       ] GC(21) User=0.02s Sys=0.00s Real=0.10s
[2020-09-11T16:53:58.143+0000][1][safepoint    ] Safepoint "GenCollectForAllocation", Time since last: 42910615 ns, Reaching safepoint: 4363555 ns, At safepoint: 125790092 ns, Total: 130153647 ns
[2020-09-11T16:53:59.177+0000][1][safepoint    ] Safepoint "Cleanup", Time since last: 1030246708 ns, Reaching safepoint: 3816841 ns, At safepoint: 8875 ns, Total: 3825716 ns
[2020-09-11T16:53:59.861+0000][1][gc,start     ] GC(22) Pause Young (Allocation Failure)
[2020-09-11T16:53:59.861+0000][1][gc,task      ] GC(22) Using 1 workers of 1 for evacuation
[2020-09-11T16:53:59.864+0000][1][gc,age       ] GC(22) Desired survivor size 4358144 bytes, new threshold 6 (max threshold 6)
[2020-09-11T16:53:59.864+0000][1][gc,age       ] GC(22) Age table with threshold 6 (max threshold 6)
[2020-09-11T16:53:59.864+0000][1][gc,age       ] GC(22) - age   1:     249648 bytes,     249648 total
[2020-09-11T16:53:59.864+0000][1][gc,age       ] GC(22) - age   2:     438896 bytes,     688544 total
[2020-09-11T16:53:59.864+0000][1][gc,heap      ] GC(22) ParNew: 74277K->1688K(76672K)
[2020-09-11T16:53:59.864+0000][1][gc,heap      ] GC(22) CMS: 45440K->45440K(439104K)
[2020-09-11T16:53:59.864+0000][1][gc,metaspace ] GC(22) Metaspace: 32435K->32435K(1079296K)
[2020-09-11T16:53:59.864+0000][1][gc           ] GC(22) Pause Young (Allocation Failure) 116M->46M(503M) 2.684ms
[2020-09-11T16:53:59.864+0000][1][gc,cpu       ] GC(22) User=0.01s Sys=0.00s Real=0.00s
[2020-09-11T16:53:59.876+0000][1][safepoint    ] Safepoint "GenCollectForAllocation", Time since last: 684178582 ns, Reaching safepoint: 109916 ns, At safepoint: 15495614 ns, Total: 15605530 ns
[2020-09-11T16:54:00.920+0000][1][safepoint    ] Safepoint "Cleanup", Time since last: 1040328223 ns, Reaching safepoint: 3163500 ns, At safepoint: 8734 ns, Total: 3172234 ns
[2020-09-11T16:54:01.165+0000][1][gc,start     ] GC(23) Pause Young (Allocation Failure)
[2020-09-11T16:54:01.165+0000][1][gc,task      ] GC(23) Using 1 workers of 1 for evacuation
[2020-09-11T16:54:01.167+0000][1][gc,age       ] GC(23) Desired survivor size 4358144 bytes, new threshold 6 (max threshold 6)
[2020-09-11T16:54:01.167+0000][1][gc,age       ] GC(23) Age table with threshold 6 (max threshold 6)
[2020-09-11T16:54:01.167+0000][1][gc,age       ] GC(23) - age   1:        152 bytes,        152 total
[2020-09-11T16:54:01.167+0000][1][gc,age       ] GC(23) - age   2:     249432 bytes,     249584 total
[2020-09-11T16:54:01.167+0000][1][gc,age       ] GC(23) - age   3:     438896 bytes,     688480 total
[2020-09-11T16:54:01.167+0000][1][gc,heap      ] GC(23) ParNew: 69848K->1180K(76672K)
[2020-09-11T16:54:01.167+0000][1][gc,heap      ] GC(23) CMS: 45440K->45440K(439104K)
[2020-09-11T16:54:01.167+0000][1][gc,metaspace ] GC(23) Metaspace: 32436K->32436K(1079296K)
[2020-09-11T16:54:01.167+0000][1][gc           ] GC(23) Pause Young (Allocation Failure) 112M->45M(503M) 2.597ms
[2020-09-11T16:54:01.168+0000][1][gc,cpu       ] GC(23) User=0.01s Sys=0.00s Real=0.00s
[2020-09-11T16:54:01.183+0000][1][safepoint    ] Safepoint "GenCollectForAllocation", Time since last: 244839583 ns, Reaching safepoint: 105511 ns, At safepoint: 18389036 ns, Total: 18494547 ns
[2020-09-11T16:54:02.189+0000][1][safepoint    ] Safepoint "Cleanup", Time since last: 1005495684 ns, Reaching safepoint: 311863 ns, At safepoint: 4861 ns, Total: 316724 ns
[2020-09-11T16:54:02.341+0000][1][gc,start     ] GC(24) Pause Young (Allocation Failure)
[2020-09-11T16:54:02.341+0000][1][gc,task      ] GC(24) Using 1 workers of 1 for evacuation
[2020-09-11T16:54:02.343+0000][1][gc,age       ] GC(24) Desired survivor size 4358144 bytes, new threshold 6 (max threshold 6)
[2020-09-11T16:54:02.343+0000][1][gc,age       ] GC(24) Age table with threshold 6 (max threshold 6)
[2020-09-11T16:54:02.343+0000][1][gc,age       ] GC(24) - age   1:        240 bytes,        240 total
[2020-09-11T16:54:02.343+0000][1][gc,age       ] GC(24) - age   3:     249432 bytes,     249672 total
[2020-09-11T16:54:02.343+0000][1][gc,age       ] GC(24) - age   4:     438896 bytes,     688568 total
[2020-09-11T16:54:02.343+0000][1][gc,heap      ] GC(24) ParNew: 69340K->799K(76672K)
[2020-09-11T16:54:02.343+0000][1][gc,heap      ] GC(24) CMS: 45440K->45440K(439104K)
[2020-09-11T16:54:02.344+0000][1][gc,metaspace ] GC(24) Metaspace: 32438K->32438K(1079296K)
[2020-09-11T16:54:02.344+0000][1][gc           ] GC(24) Pause Young (Allocation Failure) 112M->45M(503M) 2.610ms
[2020-09-11T16:54:02.344+0000][1][gc,cpu       ] GC(24) User=0.00s Sys=0.00s Real=0.00s
[2020-09-11T16:54:02.358+0000][1][safepoint    ] Safepoint "GenCollectForAllocation", Time since last: 151708007 ns, Reaching safepoint: 105463 ns, At safepoint: 16718279 ns, Total: 16823742 ns
[2020-09-11T16:54:02.885+0000][1][gc,start     ] GC(25) Pause Young (Allocation Failure)
[2020-09-11T16:54:02.886+0000][1][gc,task      ] GC(25) Using 1 workers of 1 for evacuation
[2020-09-11T16:54:02.888+0000][1][gc,age       ] GC(25) Desired survivor size 4358144 bytes, new threshold 6 (max threshold 6)
[2020-09-11T16:54:02.888+0000][1][gc,age       ] GC(25) Age table with threshold 6 (max threshold 6)
[2020-09-11T16:54:02.888+0000][1][gc,age       ] GC(25) - age   1:        200 bytes,        200 total
[2020-09-11T16:54:02.888+0000][1][gc,age       ] GC(25) - age   4:     249432 bytes,     249632 total
[2020-09-11T16:54:02.888+0000][1][gc,age       ] GC(25) - age   5:     438896 bytes,     688528 total
[2020-09-11T16:54:02.888+0000][1][gc,heap      ] GC(25) ParNew: 68959K->1208K(76672K)
[2020-09-11T16:54:02.888+0000][1][gc,heap      ] GC(25) CMS: 45440K->45440K(439104K)
[2020-09-11T16:54:02.888+0000][1][gc,metaspace ] GC(25) Metaspace: 32438K->32438K(1079296K)
[2020-09-11T16:54:02.888+0000][1][gc           ] GC(25) Pause Young (Allocation Failure) 111M->45M(503M) 2.553ms
[2020-09-11T16:54:02.888+0000][1][gc,cpu       ] GC(25) User=0.00s Sys=0.00s Real=0.00s
[2020-09-11T16:54:02.901+0000][1][safepoint    ] Safepoint "GenCollectForAllocation", Time since last: 527753914 ns, Reaching safepoint: 99433 ns, At safepoint: 15309757 ns, Total: 15409190 ns
[2020-09-11T16:54:03.299+0000][1][gc,start     ] GC(26) Pause Young (Allocation Failure)
[2020-09-11T16:54:03.299+0000][1][gc,task      ] GC(26) Using 1 workers of 1 for evacuation
[2020-09-11T16:54:03.304+0000][1][gc,age       ] GC(26) Desired survivor size 4358144 bytes, new threshold 6 (max threshold 6)
[2020-09-11T16:54:03.304+0000][1][gc,age       ] GC(26) Age table with threshold 6 (max threshold 6)
[2020-09-11T16:54:03.304+0000][1][gc,age       ] GC(26) - age   1:        232 bytes,        232 total
[2020-09-11T16:54:03.304+0000][1][gc,age       ] GC(26) - age   5:     249432 bytes,     249664 total
[2020-09-11T16:54:03.304+0000][1][gc,age       ] GC(26) - age   6:     438896 bytes,     688560 total
[2020-09-11T16:54:03.304+0000][1][gc,heap      ] GC(26) ParNew: 69368K->806K(76672K)
[2020-09-11T16:54:03.304+0000][1][gc,heap      ] GC(26) CMS: 45440K->45440K(439104K)
[2020-09-11T16:54:03.304+0000][1][gc,metaspace ] GC(26) Metaspace: 32438K->32438K(1079296K)
[2020-09-11T16:54:03.304+0000][1][gc           ] GC(26) Pause Young (Allocation Failure) 112M->45M(503M) 4.903ms
[2020-09-11T16:54:03.304+0000][1][gc,cpu       ] GC(26) User=0.00s Sys=0.00s Real=0.01s
[2020-09-11T16:54:03.304+0000][1][safepoint    ] Safepoint "GenCollectForAllocation", Time since last: 398483584 ns, Reaching safepoint: 110112 ns, At safepoint: 4964725 ns, Total: 5074837 ns
[2020-09-11T16:54:03.697+0000][1][gc,start     ] GC(27) Pause Young (Allocation Failure)
[2020-09-11T16:54:03.697+0000][1][gc,task      ] GC(27) Using 1 workers of 1 for evacuation
[2020-09-11T16:54:03.700+0000][1][gc,age       ] GC(27) Desired survivor size 4358144 bytes, new threshold 6 (max threshold 6)
[2020-09-11T16:54:03.700+0000][1][gc,age       ] GC(27) Age table with threshold 6 (max threshold 6)
[2020-09-11T16:54:03.700+0000][1][gc,age       ] GC(27) - age   1:        168 bytes,        168 total
[2020-09-11T16:54:03.700+0000][1][gc,age       ] GC(27) - age   6:     249432 bytes,     249600 total
[2020-09-11T16:54:03.700+0000][1][gc,heap      ] GC(27) ParNew: 68966K->605K(76672K)
[2020-09-11T16:54:03.700+0000][1][gc,heap      ] GC(27) CMS: 45440K->45869K(439104K)
[2020-09-11T16:54:03.700+0000][1][gc,metaspace ] GC(27) Metaspace: 32438K->32438K(1079296K)
[2020-09-11T16:54:03.700+0000][1][gc           ] GC(27) Pause Young (Allocation Failure) 111M->45M(503M) 2.780ms
[2020-09-11T16:54:03.700+0000][1][gc,cpu       ] GC(27) User=0.00s Sys=0.00s Real=0.00s
[2020-09-11T16:54:03.713+0000][1][safepoint    ] Safepoint "GenCollectForAllocation", Time since last: 392462304 ns, Reaching safepoint: 102547 ns, At safepoint: 15894134 ns, Total: 15996681 ns
[2020-09-11T16:54:04.106+0000][1][gc,start     ] GC(28) Pause Young (Allocation Failure)
[2020-09-11T16:54:04.106+0000][1][gc,task      ] GC(28) Using 1 workers of 1 for evacuation
[2020-09-11T16:54:04.122+0000][1][gc,age       ] GC(28) Desired survivor size 4358144 bytes, new threshold 6 (max threshold 6)
[2020-09-11T16:54:04.122+0000][1][gc,age       ] GC(28) Age table with threshold 6 (max threshold 6)
[2020-09-11T16:54:04.122+0000][1][gc,age       ] GC(28) - age   1:        176 bytes,        176 total
[2020-09-11T16:54:04.122+0000][1][gc,heap      ] GC(28) ParNew: 68765K->242K(76672K)
[2020-09-11T16:54:04.122+0000][1][gc,heap      ] GC(28) CMS: 45869K->46113K(439104K)
[2020-09-11T16:54:04.122+0000][1][gc,metaspace ] GC(28) Metaspace: 32438K->32438K(1079296K)
[2020-09-11T16:54:04.122+0000][1][gc           ] GC(28) Pause Young (Allocation Failure) 111M->45M(503M) 16.399ms
[2020-09-11T16:54:04.122+0000][1][gc,cpu       ] GC(28) User=0.00s Sys=0.00s Real=0.02s
[2020-09-11T16:54:04.122+0000][1][safepoint    ] Safepoint "GenCollectForAllocation", Time since last: 392696299 ns, Reaching safepoint: 94705 ns, At safepoint: 16460794 ns, Total: 16555499 ns
[2020-09-11T16:54:04.497+0000][1][gc,start     ] GC(29) Pause Young (Allocation Failure)
[2020-09-11T16:54:04.497+0000][1][gc,task      ] GC(29) Using 1 workers of 1 for evacuation
[2020-09-11T16:54:04.499+0000][1][gc,age       ] GC(29) Desired survivor size 4358144 bytes, new threshold 6 (max threshold 6)
[2020-09-11T16:54:04.499+0000][1][gc,age       ] GC(29) Age table with threshold 6 (max threshold 6)
[2020-09-11T16:54:04.499+0000][1][gc,age       ] GC(29) - age   1:         24 bytes,         24 total
[2020-09-11T16:54:04.499+0000][1][gc,age       ] GC(29) - age   2:         72 bytes,         96 total
[2020-09-11T16:54:04.499+0000][1][gc,heap      ] GC(29) ParNew: 68402K->60K(76672K)
[2020-09-11T16:54:04.499+0000][1][gc,heap      ] GC(29) CMS: 46113K->46113K(439104K)
[2020-09-11T16:54:04.499+0000][1][gc,metaspace ] GC(29) Metaspace: 32438K->32438K(1079296K)
[2020-09-11T16:54:04.499+0000][1][gc           ] GC(29) Pause Young (Allocation Failure) 111M->45M(503M) 2.442ms
[2020-09-11T16:54:04.499+0000][1][gc,cpu       ] GC(29) User=0.00s Sys=0.00s Real=0.00s
[2020-09-11T16:54:04.508+0000][1][safepoint    ] Safepoint "GenCollectForAllocation", Time since last: 374735318 ns, Reaching safepoint: 92646 ns, At safepoint: 10958179 ns, Total: 11050825 ns
[2020-09-11T16:54:04.893+0000][1][gc,start     ] GC(30) Pause Young (Allocation Failure)
[2020-09-11T16:54:04.893+0000][1][gc,task      ] GC(30) Using 1 workers of 1 for evacuation
[2020-09-11T16:54:04.895+0000][1][gc,age       ] GC(30) Desired survivor size 4358144 bytes, new threshold 6 (max threshold 6)
[2020-09-11T16:54:04.895+0000][1][gc,age       ] GC(30) Age table with threshold 6 (max threshold 6)
[2020-09-11T16:54:04.895+0000][1][gc,age       ] GC(30) - age   1:        160 bytes,        160 total
[2020-09-11T16:54:04.895+0000][1][gc,age       ] GC(30) - age   3:         72 bytes,        232 total
[2020-09-11T16:54:04.895+0000][1][gc,heap      ] GC(30) ParNew: 68220K->15K(76672K)
[2020-09-11T16:54:04.895+0000][1][gc,heap      ] GC(30) CMS: 46113K->46113K(439104K)
[2020-09-11T16:54:04.895+0000][1][gc,metaspace ] GC(30) Metaspace: 32438K->32438K(1079296K)
[2020-09-11T16:54:04.895+0000][1][gc           ] GC(30) Pause Young (Allocation Failure) 111M->45M(503M) 2.494ms
[2020-09-11T16:54:04.895+0000][1][gc,cpu       ] GC(30) User=0.00s Sys=0.00s Real=0.00s
[2020-09-11T16:54:04.908+0000][1][safepoint    ] Safepoint "GenCollectForAllocation", Time since last: 384946122 ns, Reaching safepoint: 102144 ns, At safepoint: 15582300 ns, Total: 15684444 ns
[2020-09-11T16:54:05.291+0000][1][gc,start     ] GC(31) Pause Young (Allocation Failure)
[2020-09-11T16:54:05.291+0000][1][gc,task      ] GC(31) Using 1 workers of 1 for evacuation
[2020-09-11T16:54:05.301+0000][1][gc,age       ] GC(31) Desired survivor size 4358144 bytes, new threshold 6 (max threshold 6)
[2020-09-11T16:54:05.301+0000][1][gc,age       ] GC(31) Age table with threshold 6 (max threshold 6)
[2020-09-11T16:54:05.301+0000][1][gc,age       ] GC(31) - age   1:        216 bytes,        216 total
[2020-09-11T16:54:05.301+0000][1][gc,age       ] GC(31) - age   4:         72 bytes,        288 total
[2020-09-11T16:54:05.301+0000][1][gc,heap      ] GC(31) ParNew: 68175K->3K(76672K)
[2020-09-11T16:54:05.301+0000][1][gc,heap      ] GC(31) CMS: 46113K->46113K(439104K)
[2020-09-11T16:54:05.301+0000][1][gc,metaspace ] GC(31) Metaspace: 32438K->32438K(1079296K)
[2020-09-11T16:54:05.301+0000][1][gc           ] GC(31) Pause Young (Allocation Failure) 111M->45M(503M) 10.478ms
[2020-09-11T16:54:05.301+0000][1][gc,cpu       ] GC(31) User=0.00s Sys=0.00s Real=0.02s
[2020-09-11T16:54:05.301+0000][1][safepoint    ] Safepoint "GenCollectForAllocation", Time since last: 376330691 ns, Reaching safepoint: 5787257 ns, At safepoint: 10555125 ns, Total: 16342382 ns
[2020-09-11T16:54:05.684+0000][1][gc,start     ] GC(32) Pause Young (Allocation Failure)
[2020-09-11T16:54:05.684+0000][1][gc,task      ] GC(32) Using 1 workers of 1 for evacuation
[2020-09-11T16:54:05.686+0000][1][gc,age       ] GC(32) Desired survivor size 4358144 bytes, new threshold 6 (max threshold 6)
[2020-09-11T16:54:05.686+0000][1][gc,age       ] GC(32) Age table with threshold 6 (max threshold 6)
[2020-09-11T16:54:05.686+0000][1][gc,age       ] GC(32) - age   1:         24 bytes,         24 total
[2020-09-11T16:54:05.686+0000][1][gc,age       ] GC(32) - age   5:         72 bytes,         96 total
[2020-09-11T16:54:05.686+0000][1][gc,heap      ] GC(32) ParNew: 68163K->2K(76672K)
[2020-09-11T16:54:05.686+0000][1][gc,heap      ] GC(32) CMS: 46113K->46113K(439104K)
[2020-09-11T16:54:05.686+0000][1][gc,metaspace ] GC(32) Metaspace: 32438K->32438K(1079296K)
[2020-09-11T16:54:05.686+0000][1][gc           ] GC(32) Pause Young (Allocation Failure) 111M->45M(503M) 2.404ms
[2020-09-11T16:54:05.686+0000][1][gc,cpu       ] GC(32) User=0.01s Sys=0.00s Real=0.00s
[2020-09-11T16:54:05.686+0000][1][safepoint    ] Safepoint "GenCollectForAllocation", Time since last: 372799398 ns, Reaching safepoint: 9683004 ns, At safepoint: 2467614 ns, Total: 12150618 ns
[2020-09-11T16:54:05.889+0000][1][gc,start     ] GC(33) Pause Young (Allocation Failure)
[2020-09-11T16:54:05.889+0000][1][gc,task      ] GC(33) Using 1 workers of 1 for evacuation
[2020-09-11T16:54:05.892+0000][1][gc,age       ] GC(33) Desired survivor size 4358144 bytes, new threshold 6 (max threshold 6)
[2020-09-11T16:54:05.892+0000][1][gc,age       ] GC(33) Age table with threshold 6 (max threshold 6)
[2020-09-11T16:54:05.892+0000][1][gc,age       ] GC(33) - age   1:        208 bytes,        208 total
[2020-09-11T16:54:05.892+0000][1][gc,age       ] GC(33) - age   6:         72 bytes,        280 total
[2020-09-11T16:54:05.892+0000][1][gc,heap      ] GC(33) ParNew: 68162K->2K(76672K)
[2020-09-11T16:54:05.892+0000][1][gc,heap      ] GC(33) CMS: 46113K->46113K(439104K)
[2020-09-11T16:54:05.892+0000][1][gc,metaspace ] GC(33) Metaspace: 32438K->32438K(1079296K)
[2020-09-11T16:54:05.892+0000][1][gc           ] GC(33) Pause Young (Allocation Failure) 111M->45M(503M) 2.801ms
[2020-09-11T16:54:05.892+0000][1][gc,cpu       ] GC(33) User=0.01s Sys=0.00s Real=0.00s
[2020-09-11T16:54:05.901+0000][1][safepoint    ] Safepoint "GenCollectForAllocation", Time since last: 199818741 ns, Reaching safepoint: 2871634 ns, At safepoint: 12003063 ns, Total: 14874697 ns
[2020-09-11T16:54:06.910+0000][1][safepoint    ] Safepoint "Cleanup", Time since last: 1008020615 ns, Reaching safepoint: 1556573 ns, At safepoint: 19705 ns, Total: 1576278 ns
[2020-09-11T16:54:07.917+0000][1][safepoint    ] Safepoint "Cleanup", Time since last: 1006408431 ns, Reaching safepoint: 111772 ns, At safepoint: 5703 ns, Total: 117475 ns
[2020-09-11T16:54:14.965+0000][1][safepoint    ] Safepoint "Cleanup", Time since last: 7047932960 ns, Reaching safepoint: 131039 ns, At safepoint: 6524 ns, Total: 137563 ns
[2020-09-11T16:54:15.973+0000][1][safepoint    ] Safepoint "Cleanup", Time since last: 1007921577 ns, Reaching safepoint: 185870 ns, At safepoint: 6590 ns, Total: 192460 ns
[2020-09-11T16:54:17.093+0000][1][gc,start     ] GC(34) Pause Young (Allocation Failure)
[2020-09-11T16:54:17.093+0000][1][gc,task      ] GC(34) Using 1 workers of 1 for evacuation
[2020-09-11T16:54:17.102+0000][1][gc,age       ] GC(34) Desired survivor size 4358144 bytes, new threshold 6 (max threshold 6)
[2020-09-11T16:54:17.102+0000][1][gc,age       ] GC(34) Age table with threshold 6 (max threshold 6)
[2020-09-11T16:54:17.102+0000][1][gc,age       ] GC(34) - age   1:     243160 bytes,     243160 total
[2020-09-11T16:54:17.102+0000][1][gc,heap      ] GC(34) ParNew: 68162K->239K(76672K)
[2020-09-11T16:54:17.102+0000][1][gc,heap      ] GC(34) CMS: 46113K->46113K(439104K)
[2020-09-11T16:54:17.102+0000][1][gc,metaspace ] GC(34) Metaspace: 32459K->32459K(1079296K)
[2020-09-11T16:54:17.102+0000][1][gc           ] GC(34) Pause Young (Allocation Failure) 111M->45M(503M) 9.293ms
[2020-09-11T16:54:17.102+0000][1][gc,cpu       ] GC(34) User=0.00s Sys=0.00s Real=0.01s
[2020-09-11T16:54:17.109+0000][1][safepoint    ] Safepoint "GenCollectForAllocation", Time since last: 1119674023 ns, Reaching safepoint: 109245 ns, At safepoint: 15906205 ns, Total: 16015450 ns
[2020-09-11T16:54:19.845+0000][1][gc,start     ] GC(35) Pause Young (Allocation Failure)
[2020-09-11T16:54:19.845+0000][1][gc,task      ] GC(35) Using 1 workers of 1 for evacuation
[2020-09-11T16:54:19.847+0000][1][gc,age       ] GC(35) Desired survivor size 4358144 bytes, new threshold 6 (max threshold 6)
[2020-09-11T16:54:19.847+0000][1][gc,age       ] GC(35) Age table with threshold 6 (max threshold 6)
[2020-09-11T16:54:19.847+0000][1][gc,age       ] GC(35) - age   1:     513392 bytes,     513392 total
[2020-09-11T16:54:19.847+0000][1][gc,age       ] GC(35) - age   2:     149736 bytes,     663128 total
[2020-09-11T16:54:19.847+0000][1][gc,heap      ] GC(35) ParNew: 68399K->648K(76672K)
[2020-09-11T16:54:19.847+0000][1][gc,heap      ] GC(35) CMS: 46113K->46113K(439104K)
[2020-09-11T16:54:19.847+0000][1][gc,metaspace ] GC(35) Metaspace: 32461K->32461K(1079296K)
[2020-09-11T16:54:19.847+0000][1][gc           ] GC(35) Pause Young (Allocation Failure) 111M->45M(503M) 2.682ms
[2020-09-11T16:54:19.847+0000][1][gc,cpu       ] GC(35) User=0.00s Sys=0.00s Real=0.00s
[2020-09-11T16:54:19.865+0000][1][safepoint    ] Safepoint "GenCollectForAllocation", Time since last: 2735769240 ns, Reaching safepoint: 109395 ns, At safepoint: 20135659 ns, Total: 20245054 ns
[2020-09-11T16:54:21.513+0000][1][gc,start     ] GC(36) Pause Young (Allocation Failure)
[2020-09-11T16:54:21.513+0000][1][gc,task      ] GC(36) Using 1 workers of 1 for evacuation
[2020-09-11T16:54:21.515+0000][1][gc,age       ] GC(36) Desired survivor size 4358144 bytes, new threshold 6 (max threshold 6)
[2020-09-11T16:54:21.515+0000][1][gc,age       ] GC(36) Age table with threshold 6 (max threshold 6)
[2020-09-11T16:54:21.516+0000][1][gc,age       ] GC(36) - age   1:     642712 bytes,     642712 total
[2020-09-11T16:54:21.516+0000][1][gc,age       ] GC(36) - age   2:     340688 bytes,     983400 total
[2020-09-11T16:54:21.516+0000][1][gc,age       ] GC(36) - age   3:     149152 bytes,    1132552 total
[2020-09-11T16:54:21.516+0000][1][gc,heap      ] GC(36) ParNew: 68808K->1115K(76672K)
[2020-09-11T16:54:21.516+0000][1][gc,heap      ] GC(36) CMS: 46113K->46113K(439104K)
[2020-09-11T16:54:21.516+0000][1][gc,metaspace ] GC(36) Metaspace: 32462K->32462K(1079296K)
[2020-09-11T16:54:21.516+0000][1][gc           ] GC(36) Pause Young (Allocation Failure) 112M->46M(503M) 2.764ms
[2020-09-11T16:54:21.516+0000][1][gc,cpu       ] GC(36) User=0.00s Sys=0.00s Real=0.00s
[2020-09-11T16:54:21.529+0000][1][safepoint    ] Safepoint "GenCollectForAllocation", Time since last: 1643994201 ns, Reaching safepoint: 4009362 ns, At safepoint: 16021780 ns, Total: 20031142 ns
[2020-09-11T16:54:23.034+0000][1][gc,start     ] GC(37) Pause Young (Allocation Failure)
[2020-09-11T16:54:23.034+0000][1][gc,task      ] GC(37) Using 1 workers of 1 for evacuation
[2020-09-11T16:54:23.037+0000][1][gc,age       ] GC(37) Desired survivor size 4358144 bytes, new threshold 6 (max threshold 6)
[2020-09-11T16:54:23.037+0000][1][gc,age       ] GC(37) Age table with threshold 6 (max threshold 6)
[2020-09-11T16:54:23.037+0000][1][gc,age       ] GC(37) - age   1:     276176 bytes,     276176 total
[2020-09-11T16:54:23.037+0000][1][gc,age       ] GC(37) - age   2:     629400 bytes,     905576 total
[2020-09-11T16:54:23.037+0000][1][gc,age       ] GC(37) - age   3:     340560 bytes,    1246136 total
[2020-09-11T16:54:23.037+0000][1][gc,age       ] GC(37) - age   4:     148768 bytes,    1394904 total
[2020-09-11T16:54:23.047+0000][1][gc,heap      ] GC(37) ParNew: 69275K->1411K(76672K)
[2020-09-11T16:54:23.047+0000][1][gc,heap      ] GC(37) CMS: 46113K->46113K(439104K)
[2020-09-11T16:54:23.047+0000][1][gc,metaspace ] GC(37) Metaspace: 32462K->32462K(1079296K)
[2020-09-11T16:54:23.047+0000][1][gc           ] GC(37) Pause Young (Allocation Failure) 112M->46M(503M) 12.897ms
[2020-09-11T16:54:23.047+0000][1][gc,cpu       ] GC(37) User=0.00s Sys=0.00s Real=0.01s
[2020-09-11T16:54:23.047+0000][1][safepoint    ] Safepoint "GenCollectForAllocation", Time since last: 1505100638 ns, Reaching safepoint: 97323 ns, At safepoint: 12958170 ns, Total: 13055493 ns
[2020-09-11T16:54:24.090+0000][1][safepoint    ] Safepoint "Cleanup", Time since last: 1041816923 ns, Reaching safepoint: 1071862 ns, At safepoint: 6754 ns, Total: 1078616 ns
[2020-09-11T16:54:24.601+0000][1][gc,start     ] GC(38) Pause Young (Allocation Failure)
[2020-09-11T16:54:24.601+0000][1][gc,task      ] GC(38) Using 1 workers of 1 for evacuation
[2020-09-11T16:54:24.604+0000][1][gc,age       ] GC(38) Desired survivor size 4358144 bytes, new threshold 6 (max threshold 6)
[2020-09-11T16:54:24.604+0000][1][gc,age       ] GC(38) Age table with threshold 6 (max threshold 6)
[2020-09-11T16:54:24.604+0000][1][gc,age       ] GC(38) - age   1:     935824 bytes,     935824 total
[2020-09-11T16:54:24.604+0000][1][gc,age       ] GC(38) - age   2:     264696 bytes,    1200520 total
[2020-09-11T16:54:24.604+0000][1][gc,age       ] GC(38) - age   3:     297480 bytes,    1498000 total
[2020-09-11T16:54:24.604+0000][1][gc,age       ] GC(38) - age   4:     340560 bytes,    1838560 total
[2020-09-11T16:54:24.604+0000][1][gc,age       ] GC(38) - age   5:     148664 bytes,    1987224 total
[2020-09-11T16:54:24.604+0000][1][gc,heap      ] GC(38) ParNew: 69571K->1987K(76672K)
[2020-09-11T16:54:24.604+0000][1][gc,heap      ] GC(38) CMS: 46113K->46113K(439104K)
[2020-09-11T16:54:24.604+0000][1][gc,metaspace ] GC(38) Metaspace: 32462K->32462K(1079296K)
[2020-09-11T16:54:24.604+0000][1][gc           ] GC(38) Pause Young (Allocation Failure) 112M->46M(503M) 2.922ms
[2020-09-11T16:54:24.604+0000][1][gc,cpu       ] GC(38) User=0.01s Sys=0.00s Real=0.00s
[2020-09-11T16:54:24.609+0000][1][safepoint    ] Safepoint "GenCollectForAllocation", Time since last: 503713610 ns, Reaching safepoint: 7205497 ns, At safepoint: 7984055 ns, Total: 15189552 ns
[2020-09-11T16:54:25.622+0000][1][safepoint    ] Safepoint "Cleanup", Time since last: 1012878627 ns, Reaching safepoint: 109707 ns, At safepoint: 6266 ns, Total: 115973 ns
[2020-09-11T16:54:25.697+0000][1][gc,start     ] GC(39) Pause Young (Allocation Failure)
[2020-09-11T16:54:25.697+0000][1][gc,task      ] GC(39) Using 1 workers of 1 for evacuation
[2020-09-11T16:54:25.700+0000][1][gc,age       ] GC(39) Desired survivor size 4358144 bytes, new threshold 6 (max threshold 6)
[2020-09-11T16:54:25.700+0000][1][gc,age       ] GC(39) Age table with threshold 6 (max threshold 6)
[2020-09-11T16:54:25.700+0000][1][gc,age       ] GC(39) - age   1:     344728 bytes,     344728 total
[2020-09-11T16:54:25.700+0000][1][gc,age       ] GC(39) - age   2:     922984 bytes,    1267712 total
[2020-09-11T16:54:25.700+0000][1][gc,age       ] GC(39) - age   3:     263544 bytes,    1531256 total
[2020-09-11T16:54:25.700+0000][1][gc,age       ] GC(39) - age   4:     296976 bytes,    1828232 total
[2020-09-11T16:54:25.700+0000][1][gc,age       ] GC(39) - age   5:     340144 bytes,    2168376 total
[2020-09-11T16:54:25.700+0000][1][gc,age       ] GC(39) - age   6:     148624 bytes,    2317000 total
[2020-09-11T16:54:25.700+0000][1][gc,heap      ] GC(39) ParNew: 70147K->2350K(76672K)
[2020-09-11T16:54:25.700+0000][1][gc,heap      ] GC(39) CMS: 46113K->46113K(439104K)
[2020-09-11T16:54:25.700+0000][1][gc,metaspace ] GC(39) Metaspace: 32462K->32462K(1079296K)
[2020-09-11T16:54:25.700+0000][1][gc           ] GC(39) Pause Young (Allocation Failure) 113M->47M(503M) 3.019ms
[2020-09-11T16:54:25.700+0000][1][gc,cpu       ] GC(39) User=0.00s Sys=0.00s Real=0.00s
[2020-09-11T16:54:25.715+0000][1][safepoint    ] Safepoint "GenCollectForAllocation", Time since last: 71701061 ns, Reaching safepoint: 3305347 ns, At safepoint: 18418247 ns, Total: 21723594 ns
[2020-09-11T16:54:25.944+0000][1][safepoint    ] Safepoint "RevokeBias", Time since last: 228557760 ns, Reaching safepoint: 120058 ns, At safepoint: 28480 ns, Total: 148538 ns
[2020-09-11T16:54:26.844+0000][1][gc,start     ] GC(40) Pause Young (Allocation Failure)
[2020-09-11T16:54:26.844+0000][1][gc,task      ] GC(40) Using 1 workers of 1 for evacuation
[2020-09-11T16:54:26.858+0000][1][gc,age       ] GC(40) Desired survivor size 4358144 bytes, new threshold 6 (max threshold 6)
[2020-09-11T16:54:26.858+0000][1][gc,age       ] GC(40) Age table with threshold 6 (max threshold 6)
[2020-09-11T16:54:26.858+0000][1][gc,age       ] GC(40) - age   1:     381768 bytes,     381768 total
[2020-09-11T16:54:26.858+0000][1][gc,age       ] GC(40) - age   2:     333656 bytes,     715424 total
[2020-09-11T16:54:26.858+0000][1][gc,age       ] GC(40) - age   3:     922416 bytes,    1637840 total
[2020-09-11T16:54:26.858+0000][1][gc,age       ] GC(40) - age   4:     263312 bytes,    1901152 total
[2020-09-11T16:54:26.858+0000][1][gc,age       ] GC(40) - age   5:     296856 bytes,    2198008 total
[2020-09-11T16:54:26.858+0000][1][gc,age       ] GC(40) - age   6:     340144 bytes,    2538152 total
[2020-09-11T16:54:26.858+0000][1][gc,heap      ] GC(40) ParNew: 70510K->2498K(76672K)
[2020-09-11T16:54:26.858+0000][1][gc,heap      ] GC(40) CMS: 46113K->46256K(439104K)
[2020-09-11T16:54:26.858+0000][1][gc,metaspace ] GC(40) Metaspace: 32464K->32464K(1079296K)
[2020-09-11T16:54:26.858+0000][1][gc           ] GC(40) Pause Young (Allocation Failure) 113M->47M(503M) 14.277ms
[2020-09-11T16:54:26.858+0000][1][gc,cpu       ] GC(40) User=0.01s Sys=0.00s Real=0.01s
[2020-09-11T16:54:26.869+0000][1][safepoint    ] Safepoint "GenCollectForAllocation", Time since last: 892738242 ns, Reaching safepoint: 6889792 ns, At safepoint: 25553379 ns, Total: 32443171 ns
[2020-09-11T16:54:27.222+0000][1][gc,start     ] GC(41) Pause Young (Allocation Failure)
[2020-09-11T16:54:27.222+0000][1][gc,task      ] GC(41) Using 1 workers of 1 for evacuation
[2020-09-11T16:54:27.237+0000][1][gc,age       ] GC(41) Desired survivor size 4358144 bytes, new threshold 6 (max threshold 6)
[2020-09-11T16:54:27.237+0000][1][gc,age       ] GC(41) Age table with threshold 6 (max threshold 6)
[2020-09-11T16:54:27.237+0000][1][gc,age       ] GC(41) - age   1:        184 bytes,        184 total
[2020-09-11T16:54:27.237+0000][1][gc,age       ] GC(41) - age   2:     381592 bytes,     381776 total
[2020-09-11T16:54:27.237+0000][1][gc,age       ] GC(41) - age   3:     333656 bytes,     715432 total
[2020-09-11T16:54:27.237+0000][1][gc,age       ] GC(41) - age   4:     922416 bytes,    1637848 total
[2020-09-11T16:54:27.237+0000][1][gc,age       ] GC(41) - age   5:     263312 bytes,    1901160 total
[2020-09-11T16:54:27.237+0000][1][gc,age       ] GC(41) - age   6:     296856 bytes,    2198016 total
[2020-09-11T16:54:27.237+0000][1][gc,heap      ] GC(41) ParNew: 70658K->2585K(76672K)
[2020-09-11T16:54:27.237+0000][1][gc,heap      ] GC(41) CMS: 46256K->46588K(439104K)
[2020-09-11T16:54:27.237+0000][1][gc,metaspace ] GC(41) Metaspace: 32464K->32464K(1079296K)
[2020-09-11T16:54:27.237+0000][1][gc           ] GC(41) Pause Young (Allocation Failure) 114M->48M(503M) 15.118ms
[2020-09-11T16:54:27.237+0000][1][gc,cpu       ] GC(41) User=0.00s Sys=0.00s Real=0.01s
[2020-09-11T16:54:27.237+0000][1][safepoint    ] Safepoint "GenCollectForAllocation", Time since last: 351084705 ns, Reaching safepoint: 1977709 ns, At safepoint: 15180275 ns, Total: 17157984 ns
[2020-09-11T16:54:27.537+0000][1][gc,start     ] GC(42) Pause Young (Allocation Failure)
[2020-09-11T16:54:27.537+0000][1][gc,task      ] GC(42) Using 1 workers of 1 for evacuation
[2020-09-11T16:54:27.540+0000][1][gc,age       ] GC(42) Desired survivor size 4358144 bytes, new threshold 6 (max threshold 6)
[2020-09-11T16:54:27.540+0000][1][gc,age       ] GC(42) Age table with threshold 6 (max threshold 6)
[2020-09-11T16:54:27.540+0000][1][gc,age       ] GC(42) - age   1:        192 bytes,        192 total
[2020-09-11T16:54:27.540+0000][1][gc,age       ] GC(42) - age   2:        160 bytes,        352 total
[2020-09-11T16:54:27.540+0000][1][gc,age       ] GC(42) - age   3:     381592 bytes,     381944 total
[2020-09-11T16:54:27.540+0000][1][gc,age       ] GC(42) - age   4:     333656 bytes,     715600 total
[2020-09-11T16:54:27.540+0000][1][gc,age       ] GC(42) - age   5:     922416 bytes,    1638016 total
[2020-09-11T16:54:27.540+0000][1][gc,age       ] GC(42) - age   6:     263312 bytes,    1901328 total
[2020-09-11T16:54:27.540+0000][1][gc,heap      ] GC(42) ParNew: 70745K->2932K(76672K)
[2020-09-11T16:54:27.540+0000][1][gc,heap      ] GC(42) CMS: 46588K->46878K(439104K)
[2020-09-11T16:54:27.540+0000][1][gc,metaspace ] GC(42) Metaspace: 32464K->32464K(1079296K)
[2020-09-11T16:54:27.540+0000][1][gc           ] GC(42) Pause Young (Allocation Failure) 114M->48M(503M) 2.971ms
[2020-09-11T16:54:27.540+0000][1][gc,cpu       ] GC(42) User=0.00s Sys=0.00s Real=0.00s
[2020-09-11T16:54:27.553+0000][1][safepoint    ] Safepoint "GenCollectForAllocation", Time since last: 295847872 ns, Reaching safepoint: 3651297 ns, At safepoint: 15961032 ns, Total: 19612329 ns
[2020-09-11T16:54:27.845+0000][1][gc,start     ] GC(43) Pause Young (Allocation Failure)
[2020-09-11T16:54:27.845+0000][1][gc,task      ] GC(43) Using 1 workers of 1 for evacuation
[2020-09-11T16:54:27.857+0000][1][gc,age       ] GC(43) Desired survivor size 4358144 bytes, new threshold 6 (max threshold 6)
[2020-09-11T16:54:27.857+0000][1][gc,age       ] GC(43) Age table with threshold 6 (max threshold 6)
[2020-09-11T16:54:27.857+0000][1][gc,age       ] GC(43) - age   1:         24 bytes,         24 total
[2020-09-11T16:54:27.857+0000][1][gc,age       ] GC(43) - age   3:        160 bytes,        184 total
[2020-09-11T16:54:27.857+0000][1][gc,age       ] GC(43) - age   4:     381592 bytes,     381776 total
[2020-09-11T16:54:27.857+0000][1][gc,age       ] GC(43) - age   5:     333656 bytes,     715432 total
[2020-09-11T16:54:27.857+0000][1][gc,age       ] GC(43) - age   6:     922416 bytes,    1637848 total
[2020-09-11T16:54:27.857+0000][1][gc,heap      ] GC(43) ParNew: 71092K->2242K(76672K)
[2020-09-11T16:54:27.857+0000][1][gc,heap      ] GC(43) CMS: 46878K->47135K(439104K)
[2020-09-11T16:54:27.857+0000][1][gc,metaspace ] GC(43) Metaspace: 32464K->32464K(1079296K)
[2020-09-11T16:54:27.857+0000][1][gc           ] GC(43) Pause Young (Allocation Failure) 115M->48M(503M) 12.017ms
[2020-09-11T16:54:27.857+0000][1][gc,cpu       ] GC(43) User=0.00s Sys=0.00s Real=0.01s
[2020-09-11T16:54:27.857+0000][1][safepoint    ] Safepoint "GenCollectForAllocation", Time since last: 287983510 ns, Reaching safepoint: 4038018 ns, At safepoint: 12077776 ns, Total: 16115794 ns
[2020-09-11T16:54:28.169+0000][1][gc,start     ] GC(44) Pause Young (Allocation Failure)
[2020-09-11T16:54:28.169+0000][1][gc,task      ] GC(44) Using 1 workers of 1 for evacuation
[2020-09-11T16:54:28.172+0000][1][gc,age       ] GC(44) Desired survivor size 4358144 bytes, new threshold 6 (max threshold 6)
[2020-09-11T16:54:28.172+0000][1][gc,age       ] GC(44) Age table with threshold 6 (max threshold 6)
[2020-09-11T16:54:28.172+0000][1][gc,age       ] GC(44) - age   4:        160 bytes,        160 total
[2020-09-11T16:54:28.172+0000][1][gc,age       ] GC(44) - age   5:     381592 bytes,     381752 total
[2020-09-11T16:54:28.172+0000][1][gc,age       ] GC(44) - age   6:     333656 bytes,     715408 total
[2020-09-11T16:54:28.172+0000][1][gc,heap      ] GC(44) ParNew: 70402K->971K(76672K)
[2020-09-11T16:54:28.172+0000][1][gc,heap      ] GC(44) CMS: 47135K->48036K(439104K)
[2020-09-11T16:54:28.172+0000][1][gc,metaspace ] GC(44) Metaspace: 32464K->32464K(1079296K)
[2020-09-11T16:54:28.172+0000][1][gc           ] GC(44) Pause Young (Allocation Failure) 114M->47M(503M) 2.781ms
[2020-09-11T16:54:28.172+0000][1][gc,cpu       ] GC(44) User=0.01s Sys=0.00s Real=0.00s
[2020-09-11T16:54:28.181+0000][1][safepoint    ] Safepoint "GenCollectForAllocation", Time since last: 311898385 ns, Reaching safepoint: 105306 ns, At safepoint: 11902657 ns, Total: 12007963 ns
[2020-09-11T16:54:28.481+0000][1][gc,start     ] GC(45) Pause Young (Allocation Failure)
[2020-09-11T16:54:28.481+0000][1][gc,task      ] GC(45) Using 1 workers of 1 for evacuation
[2020-09-11T16:54:28.483+0000][1][gc,age       ] GC(45) Desired survivor size 4358144 bytes, new threshold 6 (max threshold 6)
[2020-09-11T16:54:28.483+0000][1][gc,age       ] GC(45) Age table with threshold 6 (max threshold 6)
[2020-09-11T16:54:28.483+0000][1][gc,age       ] GC(45) - age   1:        224 bytes,        224 total
[2020-09-11T16:54:28.483+0000][1][gc,age       ] GC(45) - age   5:        160 bytes,        384 total
[2020-09-11T16:54:28.483+0000][1][gc,age       ] GC(45) - age   6:     381592 bytes,     381976 total
[2020-09-11T16:54:28.483+0000][1][gc,heap      ] GC(45) ParNew: 69131K->645K(76672K)
[2020-09-11T16:54:28.483+0000][1][gc,heap      ] GC(45) CMS: 48036K->48362K(439104K)
[2020-09-11T16:54:28.483+0000][1][gc,metaspace ] GC(45) Metaspace: 32464K->32464K(1079296K)
[2020-09-11T16:54:28.484+0000][1][gc           ] GC(45) Pause Young (Allocation Failure) 114M->47M(503M) 2.675ms
[2020-09-11T16:54:28.484+0000][1][gc,cpu       ] GC(45) User=0.00s Sys=0.00s Real=0.00s
[2020-09-11T16:54:28.489+0000][1][safepoint    ] Safepoint "GenCollectForAllocation", Time since last: 290085732 ns, Reaching safepoint: 9931040 ns, At safepoint: 7990444 ns, Total: 17921484 ns
[2020-09-11T16:54:28.791+0000][1][gc,start     ] GC(46) Pause Young (Allocation Failure)
[2020-09-11T16:54:28.791+0000][1][gc,task      ] GC(46) Using 1 workers of 1 for evacuation
[2020-09-11T16:54:28.798+0000][1][gc,age       ] GC(46) Desired survivor size 4358144 bytes, new threshold 6 (max threshold 6)
[2020-09-11T16:54:28.798+0000][1][gc,age       ] GC(46) Age table with threshold 6 (max threshold 6)
[2020-09-11T16:54:28.798+0000][1][gc,age       ] GC(46) - age   1:        216 bytes,        216 total
[2020-09-11T16:54:28.798+0000][1][gc,age       ] GC(46) - age   6:        160 bytes,        376 total
[2020-09-11T16:54:28.798+0000][1][gc,heap      ] GC(46) ParNew: 68805K->301K(76672K)
[2020-09-11T16:54:28.798+0000][1][gc,heap      ] GC(46) CMS: 48362K->48735K(439104K)
[2020-09-11T16:54:28.798+0000][1][gc,metaspace ] GC(46) Metaspace: 32464K->32464K(1079296K)
[2020-09-11T16:54:28.798+0000][1][gc           ] GC(46) Pause Young (Allocation Failure) 114M->47M(503M) 6.812ms
[2020-09-11T16:54:28.798+0000][1][gc,cpu       ] GC(46) User=0.01s Sys=0.00s Real=0.01s
[2020-09-11T16:54:28.798+0000][1][safepoint    ] Safepoint "GenCollectForAllocation", Time since last: 302113079 ns, Reaching safepoint: 107134 ns, At safepoint: 6871003 ns, Total: 6978137 ns
[2020-09-11T16:54:29.105+0000][1][gc,start     ] GC(47) Pause Young (Allocation Failure)
[2020-09-11T16:54:29.105+0000][1][gc,task      ] GC(47) Using 1 workers of 1 for evacuation
[2020-09-11T16:54:29.107+0000][1][gc,age       ] GC(47) Desired survivor size 4358144 bytes, new threshold 6 (max threshold 6)
[2020-09-11T16:54:29.107+0000][1][gc,age       ] GC(47) Age table with threshold 6 (max threshold 6)
[2020-09-11T16:54:29.107+0000][1][gc,age       ] GC(47) - age   1:         24 bytes,         24 total
[2020-09-11T16:54:29.107+0000][1][gc,heap      ] GC(47) ParNew: 68461K->75K(76672K)
[2020-09-11T16:54:29.107+0000][1][gc,heap      ] GC(47) CMS: 48735K->48735K(439104K)
[2020-09-11T16:54:29.107+0000][1][gc,metaspace ] GC(47) Metaspace: 32464K->32464K(1079296K)
[2020-09-11T16:54:29.107+0000][1][gc           ] GC(47) Pause Young (Allocation Failure) 114M->47M(503M) 2.396ms
[2020-09-11T16:54:29.107+0000][1][gc,cpu       ] GC(47) User=0.01s Sys=0.00s Real=0.00s
[2020-09-11T16:54:29.113+0000][1][safepoint    ] Safepoint "GenCollectForAllocation", Time since last: 296468285 ns, Reaching safepoint: 10458954 ns, At safepoint: 7996932 ns, Total: 18455886 ns
[2020-09-11T16:54:29.410+0000][1][gc,start     ] GC(48) Pause Young (Allocation Failure)
[2020-09-11T16:54:29.410+0000][1][gc,task      ] GC(48) Using 1 workers of 1 for evacuation
[2020-09-11T16:54:29.419+0000][1][gc,age       ] GC(48) Desired survivor size 4358144 bytes, new threshold 6 (max threshold 6)
[2020-09-11T16:54:29.419+0000][1][gc,age       ] GC(48) Age table with threshold 6 (max threshold 6)
[2020-09-11T16:54:29.419+0000][1][gc,age       ] GC(48) - age   1:        200 bytes,        200 total
[2020-09-11T16:54:29.419+0000][1][gc,heap      ] GC(48) ParNew: 68235K->18K(76672K)
[2020-09-11T16:54:29.419+0000][1][gc,heap      ] GC(48) CMS: 48735K->48735K(439104K)
[2020-09-11T16:54:29.419+0000][1][gc,metaspace ] GC(48) Metaspace: 32464K->32464K(1079296K)
[2020-09-11T16:54:29.419+0000][1][gc           ] GC(48) Pause Young (Allocation Failure) 114M->47M(503M) 8.686ms
[2020-09-11T16:54:29.419+0000][1][gc,cpu       ] GC(48) User=0.01s Sys=0.00s Real=0.01s
[2020-09-11T16:54:29.419+0000][1][safepoint    ] Safepoint "GenCollectForAllocation", Time since last: 296440881 ns, Reaching safepoint: 1133661 ns, At safepoint: 8741938 ns, Total: 9875599 ns
[2020-09-11T16:54:29.721+0000][1][gc,start     ] GC(49) Pause Young (Allocation Failure)
[2020-09-11T16:54:29.721+0000][1][gc,task      ] GC(49) Using 1 workers of 1 for evacuation
[2020-09-11T16:54:29.723+0000][1][gc,age       ] GC(49) Desired survivor size 4358144 bytes, new threshold 6 (max threshold 6)
[2020-09-11T16:54:29.723+0000][1][gc,age       ] GC(49) Age table with threshold 6 (max threshold 6)
[2020-09-11T16:54:29.723+0000][1][gc,age       ] GC(49) - age   1:        224 bytes,        224 total
[2020-09-11T16:54:29.723+0000][1][gc,heap      ] GC(49) ParNew: 68178K->4K(76672K)
[2020-09-11T16:54:29.723+0000][1][gc,heap      ] GC(49) CMS: 48735K->48735K(439104K)
[2020-09-11T16:54:29.723+0000][1][gc,metaspace ] GC(49) Metaspace: 32464K->32464K(1079296K)
[2020-09-11T16:54:29.723+0000][1][gc           ] GC(49) Pause Young (Allocation Failure) 114M->47M(503M) 2.436ms
[2020-09-11T16:54:29.723+0000][1][gc,cpu       ] GC(49) User=0.00s Sys=0.00s Real=0.00s
[2020-09-11T16:54:29.733+0000][1][safepoint    ] Safepoint "GenCollectForAllocation", Time since last: 298337764 ns, Reaching safepoint: 3253961 ns, At safepoint: 12072904 ns, Total: 15326865 ns
[2020-09-11T16:54:30.761+0000][1][safepoint    ] Safepoint "Cleanup", Time since last: 1011976001 ns, Reaching safepoint: 16052261 ns, At safepoint: 13788 ns, Total: 16066049 ns
[2020-09-11T16:54:32.767+0000][1][safepoint    ] Safepoint "Cleanup", Time since last: 2003936345 ns, Reaching safepoint: 2104218 ns, At safepoint: 8830 ns, Total: 2113048 ns
[2020-09-11T16:54:33.021+0000][1][gc,start     ] GC(50) Pause Young (Allocation Failure)
[2020-09-11T16:54:33.021+0000][1][gc,task      ] GC(50) Using 1 workers of 1 for evacuation
[2020-09-11T16:54:33.023+0000][1][gc,age       ] GC(50) Desired survivor size 4358144 bytes, new threshold 6 (max threshold 6)
[2020-09-11T16:54:33.023+0000][1][gc,age       ] GC(50) Age table with threshold 6 (max threshold 6)
[2020-09-11T16:54:33.023+0000][1][gc,age       ] GC(50) - age   1:      78128 bytes,      78128 total
[2020-09-11T16:54:33.023+0000][1][gc,heap      ] GC(50) ParNew: 68164K->78K(76672K)
[2020-09-11T16:54:33.023+0000][1][gc,heap      ] GC(50) CMS: 48735K->48735K(439104K)
[2020-09-11T16:54:33.023+0000][1][gc,metaspace ] GC(50) Metaspace: 32466K->32466K(1079296K)
[2020-09-11T16:54:33.023+0000][1][gc           ] GC(50) Pause Young (Allocation Failure) 114M->47M(503M) 2.501ms
[2020-09-11T16:54:33.023+0000][1][gc,cpu       ] GC(50) User=0.00s Sys=0.00s Real=0.00s
[2020-09-11T16:54:33.025+0000][1][safepoint    ] Safepoint "GenCollectForAllocation", Time since last: 253894786 ns, Reaching safepoint: 109871 ns, At safepoint: 3884508 ns, Total: 3994379 ns
[2020-09-11T16:54:33.860+0000][1][gc,start     ] GC(51) Pause Young (Allocation Failure)
[2020-09-11T16:54:33.860+0000][1][gc,task      ] GC(51) Using 1 workers of 1 for evacuation
[2020-09-11T16:54:33.862+0000][1][gc,age       ] GC(51) Desired survivor size 4358144 bytes, new threshold 6 (max threshold 6)
[2020-09-11T16:54:33.862+0000][1][gc,age       ] GC(51) Age table with threshold 6 (max threshold 6)
[2020-09-11T16:54:33.862+0000][1][gc,age       ] GC(51) - age   1:     548264 bytes,     548264 total
[2020-09-11T16:54:33.862+0000][1][gc,age       ] GC(51) - age   2:      47520 bytes,     595784 total
[2020-09-11T16:54:33.862+0000][1][gc,heap      ] GC(51) ParNew: 68238K->596K(76672K)
[2020-09-11T16:54:33.862+0000][1][gc,heap      ] GC(51) CMS: 48735K->48735K(439104K)
[2020-09-11T16:54:33.862+0000][1][gc,metaspace ] GC(51) Metaspace: 32466K->32466K(1079296K)
[2020-09-11T16:54:33.862+0000][1][gc           ] GC(51) Pause Young (Allocation Failure) 114M->48M(503M) 2.660ms
[2020-09-11T16:54:33.862+0000][1][gc,cpu       ] GC(51) User=0.00s Sys=0.00s Real=0.01s
[2020-09-11T16:54:33.874+0000][1][safepoint    ] Safepoint "GenCollectForAllocation", Time since last: 834004952 ns, Reaching safepoint: 1009729 ns, At safepoint: 14599567 ns, Total: 15609296 ns
[2020-09-11T16:54:34.445+0000][1][gc,start     ] GC(52) Pause Young (Allocation Failure)
[2020-09-11T16:54:34.445+0000][1][gc,task      ] GC(52) Using 1 workers of 1 for evacuation
[2020-09-11T16:54:34.447+0000][1][gc,age       ] GC(52) Desired survivor size 4358144 bytes, new threshold 6 (max threshold 6)
[2020-09-11T16:54:34.447+0000][1][gc,age       ] GC(52) Age table with threshold 6 (max threshold 6)
[2020-09-11T16:54:34.447+0000][1][gc,age       ] GC(52) - age   1:     645824 bytes,     645824 total
[2020-09-11T16:54:34.447+0000][1][gc,age       ] GC(52) - age   2:     376336 bytes,    1022160 total
[2020-09-11T16:54:34.447+0000][1][gc,age       ] GC(52) - age   3:      46992 bytes,    1069152 total
[2020-09-11T16:54:34.448+0000][1][gc,heap      ] GC(52) ParNew: 68756K->1070K(76672K)
[2020-09-11T16:54:34.448+0000][1][gc,heap      ] GC(52) CMS: 48735K->48735K(439104K)
[2020-09-11T16:54:34.448+0000][1][gc,metaspace ] GC(52) Metaspace: 32466K->32466K(1079296K)
[2020-09-11T16:54:34.448+0000][1][gc           ] GC(52) Pause Young (Allocation Failure) 114M->48M(503M) 2.741ms
[2020-09-11T16:54:34.448+0000][1][gc,cpu       ] GC(52) User=0.01s Sys=0.00s Real=0.00s
[2020-09-11T16:54:34.464+0000][1][safepoint    ] Safepoint "GenCollectForAllocation", Time since last: 569576739 ns, Reaching safepoint: 827566 ns, At safepoint: 19501403 ns, Total: 20328969 ns
[2020-09-11T16:54:34.943+0000][1][gc,start     ] GC(53) Pause Young (Allocation Failure)
[2020-09-11T16:54:34.943+0000][1][gc,task      ] GC(53) Using 1 workers of 1 for evacuation
[2020-09-11T16:54:34.954+0000][1][gc,age       ] GC(53) Desired survivor size 4358144 bytes, new threshold 6 (max threshold 6)
[2020-09-11T16:54:34.954+0000][1][gc,age       ] GC(53) Age table with threshold 6 (max threshold 6)
[2020-09-11T16:54:34.954+0000][1][gc,age       ] GC(53) - age   1:     314640 bytes,     314640 total
[2020-09-11T16:54:34.954+0000][1][gc,age       ] GC(53) - age   2:     627960 bytes,     942600 total
[2020-09-11T16:54:34.954+0000][1][gc,age       ] GC(53) - age   3:     375248 bytes,    1317848 total
[2020-09-11T16:54:34.954+0000][1][gc,age       ] GC(53) - age   4:      46952 bytes,    1364800 total
[2020-09-11T16:54:34.954+0000][1][gc,heap      ] GC(53) ParNew: 69230K->1362K(76672K)
[2020-09-11T16:54:34.954+0000][1][gc,heap      ] GC(53) CMS: 48735K->48735K(439104K)
[2020-09-11T16:54:34.954+0000][1][gc,metaspace ] GC(53) Metaspace: 32466K->32466K(1079296K)
[2020-09-11T16:54:34.954+0000][1][gc           ] GC(53) Pause Young (Allocation Failure) 115M->48M(503M) 10.637ms
[2020-09-11T16:54:34.954+0000][1][gc,cpu       ] GC(53) User=0.01s Sys=0.00s Real=0.01s
[2020-09-11T16:54:34.957+0000][1][safepoint    ] Safepoint "GenCollectForAllocation", Time since last: 476516895 ns, Reaching safepoint: 2540246 ns, At safepoint: 13461010 ns, Total: 16001256 ns
[2020-09-11T16:54:35.621+0000][1][gc,start     ] GC(54) Pause Young (Allocation Failure)
[2020-09-11T16:54:35.621+0000][1][gc,task      ] GC(54) Using 1 workers of 1 for evacuation
[2020-09-11T16:54:35.626+0000][1][gc,age       ] GC(54) Desired survivor size 4358144 bytes, new threshold 6 (max threshold 6)
[2020-09-11T16:54:35.626+0000][1][gc,age       ] GC(54) Age table with threshold 6 (max threshold 6)
[2020-09-11T16:54:35.626+0000][1][gc,age       ] GC(54) - age   1:     963768 bytes,     963768 total
[2020-09-11T16:54:35.626+0000][1][gc,age       ] GC(54) - age   2:     302856 bytes,    1266624 total
[2020-09-11T16:54:35.626+0000][1][gc,age       ] GC(54) - age   3:     299712 bytes,    1566336 total
[2020-09-11T16:54:35.626+0000][1][gc,age       ] GC(54) - age   4:     375088 bytes,    1941424 total
[2020-09-11T16:54:35.626+0000][1][gc,age       ] GC(54) - age   5:      46952 bytes,    1988376 total
[2020-09-11T16:54:35.626+0000][1][gc,heap      ] GC(54) ParNew: 69522K->2023K(76672K)
[2020-09-11T16:54:35.626+0000][1][gc,heap      ] GC(54) CMS: 48735K->48735K(439104K)
[2020-09-11T16:54:35.626+0000][1][gc,metaspace ] GC(54) Metaspace: 32466K->32466K(1079296K)
[2020-09-11T16:54:35.626+0000][1][gc           ] GC(54) Pause Young (Allocation Failure) 115M->49M(503M) 5.285ms
[2020-09-11T16:54:35.626+0000][1][gc,cpu       ] GC(54) User=0.00s Sys=0.00s Real=0.00s
[2020-09-11T16:54:35.626+0000][1][safepoint    ] Safepoint "GenCollectForAllocation", Time since last: 660418468 ns, Reaching safepoint: 3579277 ns, At safepoint: 5360321 ns, Total: 8939598 ns
[2020-09-11T16:54:36.037+0000][1][gc,start     ] GC(55) Pause Young (Allocation Failure)
[2020-09-11T16:54:36.037+0000][1][gc,task      ] GC(55) Using 1 workers of 1 for evacuation
[2020-09-11T16:54:36.040+0000][1][gc,age       ] GC(55) Desired survivor size 4358144 bytes, new threshold 6 (max threshold 6)
[2020-09-11T16:54:36.040+0000][1][gc,age       ] GC(55) Age table with threshold 6 (max threshold 6)
[2020-09-11T16:54:36.040+0000][1][gc,age       ] GC(55) - age   1:     314576 bytes,     314576 total
[2020-09-11T16:54:36.040+0000][1][gc,age       ] GC(55) - age   2:     951632 bytes,    1266208 total
[2020-09-11T16:54:36.040+0000][1][gc,age       ] GC(55) - age   3:     298496 bytes,    1564704 total
[2020-09-11T16:54:36.040+0000][1][gc,age       ] GC(55) - age   4:     299072 bytes,    1863776 total
[2020-09-11T16:54:36.040+0000][1][gc,age       ] GC(55) - age   5:     374912 bytes,    2238688 total
[2020-09-11T16:54:36.040+0000][1][gc,age       ] GC(55) - age   6:      46952 bytes,    2285640 total
[2020-09-11T16:54:36.040+0000][1][gc,heap      ] GC(55) ParNew: 70183K->2282K(76672K)
[2020-09-11T16:54:36.040+0000][1][gc,heap      ] GC(55) CMS: 48735K->48735K(439104K)
[2020-09-11T16:54:36.040+0000][1][gc,metaspace ] GC(55) Metaspace: 32466K->32466K(1079296K)
[2020-09-11T16:54:36.040+0000][1][gc           ] GC(55) Pause Young (Allocation Failure) 116M->49M(503M) 3.010ms
[2020-09-11T16:54:36.040+0000][1][gc,cpu       ] GC(55) User=0.00s Sys=0.00s Real=0.00s
[2020-09-11T16:54:36.041+0000][1][safepoint    ] Safepoint "GenCollectForAllocation", Time since last: 402597785 ns, Reaching safepoint: 8039177 ns, At safepoint: 3973948 ns, Total: 12013125 ns
[2020-09-11T16:54:37.049+0000][1][safepoint    ] Safepoint "Cleanup", Time since last: 1007984632 ns, Reaching safepoint: 267076 ns, At safepoint: 6447 ns, Total: 273523 ns
[2020-09-11T16:54:37.358+0000][1][safepoint    ] Safepoint "Deoptimize", Time since last: 308721912 ns, Reaching safepoint: 114087 ns, At safepoint: 335847 ns, Total: 449934 ns
[2020-09-11T16:54:37.799+0000][1][safepoint    ] Safepoint "ICBufferFull", Time since last: 440137227 ns, Reaching safepoint: 184444 ns, At safepoint: 7136 ns, Total: 191580 ns
[2020-09-11T16:54:37.859+0000][1][safepoint    ] Safepoint "CollectForMetadataAllocation", Time since last: 60111156 ns, Reaching safepoint: 41098 ns, At safepoint: 139574 ns, Total: 180672 ns
[2020-09-11T16:54:38.030+0000][1][safepoint    ] Safepoint "CollectForMetadataAllocation", Time since last: 170943937 ns, Reaching safepoint: 105569 ns, At safepoint: 117969 ns, Total: 223538 ns
[2020-09-11T16:54:38.067+0000][1][gc,start     ] GC(56) Pause Initial Mark
[2020-09-11T16:54:38.228+0000][1][gc           ] GC(56) Pause Initial Mark 115M->115M(503M) 161.218ms
[2020-09-11T16:54:38.228+0000][1][gc,cpu       ] GC(56) User=0.04s Sys=0.00s Real=0.16s
[2020-09-11T16:54:38.263+0000][1][safepoint    ] Safepoint "CMS_Initial_Mark", Time since last: 21866733 ns, Reaching safepoint: 15312778 ns, At safepoint: 196231989 ns, Total: 211544767 ns
[2020-09-11T16:54:38.263+0000][1][gc           ] GC(56) Concurrent Mark
[2020-09-11T16:54:38.505+0000][1][gc,start     ] GC(57) Pause Young (Allocation Failure)
[2020-09-11T16:54:38.505+0000][1][gc,task      ] GC(57) Using 1 workers of 1 for evacuation
[2020-09-11T16:54:38.528+0000][1][gc,age       ] GC(57) Desired survivor size 4358144 bytes, new threshold 6 (max threshold 6)
[2020-09-11T16:54:38.528+0000][1][gc,age       ] GC(57) Age table with threshold 6 (max threshold 6)
[2020-09-11T16:54:38.528+0000][1][gc,age       ] GC(57) - age   1:    1168688 bytes,    1168688 total
[2020-09-11T16:54:38.528+0000][1][gc,age       ] GC(57) - age   2:     301544 bytes,    1470232 total
[2020-09-11T16:54:38.528+0000][1][gc,age       ] GC(57) - age   3:     951288 bytes,    2421520 total
[2020-09-11T16:54:38.528+0000][1][gc,age       ] GC(57) - age   4:     297872 bytes,    2719392 total
[2020-09-11T16:54:38.528+0000][1][gc,age       ] GC(57) - age   5:     298664 bytes,    3018056 total
[2020-09-11T16:54:38.528+0000][1][gc,age       ] GC(57) - age   6:     374672 bytes,    3392728 total
[2020-09-11T16:54:38.528+0000][1][gc,heap      ] GC(57) ParNew: 70442K->3398K(76672K)
[2020-09-11T16:54:38.528+0000][1][gc,heap      ] GC(57) CMS: 48735K->48778K(439104K)
[2020-09-11T16:54:38.528+0000][1][gc,metaspace ] GC(57) Metaspace: 35164K->35164K(1081344K)
[2020-09-11T16:54:38.528+0000][1][gc           ] GC(57) Pause Young (Allocation Failure) 116M->50M(503M) 23.200ms
[2020-09-11T16:54:38.528+0000][1][gc,cpu       ] GC(57) User=0.01s Sys=0.00s Real=0.02s
[2020-09-11T16:54:38.549+0000][1][safepoint    ] Safepoint "GenCollectForAllocation", Time since last: 221366566 ns, Reaching safepoint: 20061614 ns, At safepoint: 43928562 ns, Total: 63990176 ns
[2020-09-11T16:54:38.590+0000][1][safepoint    ] Safepoint "CollectForMetadataAllocation", Time since last: 41120738 ns, Reaching safepoint: 37426 ns, At safepoint: 105045 ns, Total: 142471 ns
[2020-09-11T16:54:38.720+0000][1][safepoint    ] Safepoint "CollectForMetadataAllocation", Time since last: 130114824 ns, Reaching safepoint: 53240 ns, At safepoint: 134750 ns, Total: 187990 ns
[2020-09-11T16:54:38.784+0000][1][gc           ] GC(56) Concurrent Mark 520.421ms
[2020-09-11T16:54:38.784+0000][1][gc,cpu       ] GC(56) User=0.13s Sys=0.00s Real=0.52s
[2020-09-11T16:54:38.784+0000][1][gc           ] GC(56) Concurrent Preclean
[2020-09-11T16:54:38.824+0000][1][gc           ] GC(56) Concurrent Preclean 39.602ms
[2020-09-11T16:54:38.824+0000][1][gc,cpu       ] GC(56) User=0.01s Sys=0.00s Real=0.04s
[2020-09-11T16:54:38.824+0000][1][gc           ] GC(56) Concurrent Abortable Preclean
[2020-09-11T16:54:38.937+0000][1][safepoint    ] Safepoint "CollectForMetadataAllocation", Time since last: 216472954 ns, Reaching safepoint: 103560 ns, At safepoint: 126886 ns, Total: 230446 ns
[2020-09-11T16:54:39.078+0000][1][safepoint    ] Safepoint "CollectForMetadataAllocation", Time since last: 140272591 ns, Reaching safepoint: 96786 ns, At safepoint: 112410 ns, Total: 209196 ns
[2020-09-11T16:54:39.689+0000][1][gc           ] GC(56) Concurrent Abortable Preclean 865.138ms
[2020-09-11T16:54:39.689+0000][1][gc,cpu       ] GC(56) User=0.20s Sys=0.00s Real=0.86s
[2020-09-11T16:54:39.689+0000][1][gc,start     ] GC(56) Pause Remark
[2020-09-11T16:54:39.809+0000][1][gc           ] GC(56) Pause Remark 94M->94M(503M) 120.146ms
[2020-09-11T16:54:39.809+0000][1][gc,cpu       ] GC(56) User=0.03s Sys=0.00s Real=0.12s
[2020-09-11T16:54:39.845+0000][1][safepoint    ] Safepoint "CMS_Final_Remark", Time since last: 611339779 ns, Reaching safepoint: 113135 ns, At safepoint: 155819341 ns, Total: 155932476 ns
[2020-09-11T16:54:39.845+0000][1][gc           ] GC(56) Concurrent Sweep
[2020-09-11T16:54:39.995+0000][1][gc           ] GC(56) Concurrent Sweep 150.012ms
[2020-09-11T16:54:39.995+0000][1][gc,cpu       ] GC(56) User=0.04s Sys=0.00s Real=0.15s
[2020-09-11T16:54:39.995+0000][1][gc           ] GC(56) Concurrent Reset
[2020-09-11T16:54:39.996+0000][1][gc           ] GC(56) Concurrent Reset 0.613ms
[2020-09-11T16:54:39.996+0000][1][gc,cpu       ] GC(56) User=0.00s Sys=0.00s Real=0.00s
[2020-09-11T16:54:39.996+0000][1][gc,heap      ] GC(56) Old: 48735K->47721K(439104K)
[2020-09-11T16:54:40.212+0000][1][gc,start     ] GC(58) Pause Young (Allocation Failure)
[2020-09-11T16:54:40.212+0000][1][gc,task      ] GC(58) Using 1 workers of 1 for evacuation
[2020-09-11T16:54:40.243+0000][1][gc,age       ] GC(58) Desired survivor size 4358144 bytes, new threshold 6 (max threshold 6)
[2020-09-11T16:54:40.243+0000][1][gc,age       ] GC(58) Age table with threshold 6 (max threshold 6)
[2020-09-11T16:54:40.243+0000][1][gc,age       ] GC(58) - age   1:     411752 bytes,     411752 total
[2020-09-11T16:54:40.243+0000][1][gc,age       ] GC(58) - age   2:    1140816 bytes,    1552568 total
[2020-09-11T16:54:40.243+0000][1][gc,age       ] GC(58) - age   3:     301544 bytes,    1854112 total
[2020-09-11T16:54:40.243+0000][1][gc,age       ] GC(58) - age   4:     951288 bytes,    2805400 total
[2020-09-11T16:54:40.243+0000][1][gc,age       ] GC(58) - age   5:     297872 bytes,    3103272 total
[2020-09-11T16:54:40.243+0000][1][gc,age       ] GC(58) - age   6:     298496 bytes,    3401768 total
[2020-09-11T16:54:40.243+0000][1][gc,heap      ] GC(58) ParNew: 71558K->3971K(76672K)
[2020-09-11T16:54:40.243+0000][1][gc,heap      ] GC(58) CMS: 47721K->48087K(439104K)
[2020-09-11T16:54:40.243+0000][1][gc,metaspace ] GC(58) Metaspace: 36244K->36244K(1083392K)
[2020-09-11T16:54:40.243+0000][1][gc           ] GC(58) Pause Young (Allocation Failure) 116M->50M(503M) 30.589ms
[2020-09-11T16:54:40.243+0000][1][gc,cpu       ] GC(58) User=0.01s Sys=0.00s Real=0.04s
[2020-09-11T16:54:40.277+0000][1][safepoint    ] Safepoint "GenCollectForAllocation", Time since last: 366979843 ns, Reaching safepoint: 383314 ns, At safepoint: 64663500 ns, Total: 65046814 ns
[2020-09-11T16:54:40.801+0000][1][safepoint    ] Safepoint "RevokeBias", Time since last: 523581855 ns, Reaching safepoint: 123696 ns, At safepoint: 33574 ns, Total: 157270 ns
[2020-09-11T16:54:41.802+0000][1][safepoint    ] Safepoint "Cleanup", Time since last: 1000196217 ns, Reaching safepoint: 993455 ns, At safepoint: 6375 ns, Total: 999830 ns
[2020-09-11T16:54:42.813+0000][1][safepoint    ] Safepoint "Cleanup", Time since last: 1011094188 ns, Reaching safepoint: 247132 ns, At safepoint: 5550 ns, Total: 252682 ns
[2020-09-11T16:54:43.813+0000][1][safepoint    ] Safepoint "Cleanup", Time since last: 1000107319 ns, Reaching safepoint: 214582 ns, At safepoint: 5950 ns, Total: 220532 ns
[2020-09-11T16:54:44.296+0000][1][gc,start     ] GC(59) Pause Young (Allocation Failure)
[2020-09-11T16:54:44.296+0000][1][gc,task      ] GC(59) Using 1 workers of 1 for evacuation
[2020-09-11T16:54:44.336+0000][1][gc,age       ] GC(59) Desired survivor size 4358144 bytes, new threshold 5 (max threshold 6)
[2020-09-11T16:54:44.336+0000][1][gc,age       ] GC(59) Age table with threshold 5 (max threshold 6)
[2020-09-11T16:54:44.336+0000][1][gc,age       ] GC(59) - age   1:    2502184 bytes,    2502184 total
[2020-09-11T16:54:44.336+0000][1][gc,age       ] GC(59) - age   2:     365032 bytes,    2867216 total
[2020-09-11T16:54:44.336+0000][1][gc,age       ] GC(59) - age   3:    1138792 bytes,    4006008 total
[2020-09-11T16:54:44.336+0000][1][gc,age       ] GC(59) - age   4:     301544 bytes,    4307552 total
[2020-09-11T16:54:44.336+0000][1][gc,age       ] GC(59) - age   5:     951288 bytes,    5258840 total
[2020-09-11T16:54:44.336+0000][1][gc,age       ] GC(59) - age   6:     297872 bytes,    5556712 total
[2020-09-11T16:54:44.336+0000][1][gc,heap      ] GC(59) ParNew: 72131K->6581K(76672K)
[2020-09-11T16:54:44.336+0000][1][gc,heap      ] GC(59) CMS: 48087K->48379K(439104K)
[2020-09-11T16:54:44.336+0000][1][gc,metaspace ] GC(59) Metaspace: 40909K->40909K(1087488K)
[2020-09-11T16:54:44.336+0000][1][gc           ] GC(59) Pause Young (Allocation Failure) 117M->53M(503M) 40.579ms
[2020-09-11T16:54:44.336+0000][1][gc,cpu       ] GC(59) User=0.01s Sys=0.00s Real=0.04s
[2020-09-11T16:54:44.336+0000][1][safepoint    ] Safepoint "GenCollectForAllocation", Time since last: 479387398 ns, Reaching safepoint: 2911187 ns, At safepoint: 40624015 ns, Total: 43535202 ns
[2020-09-11T16:54:44.369+0000][1][safepoint    ] Safepoint "RevokeBias", Time since last: 32458037 ns, Reaching safepoint: 39709 ns, At safepoint: 51010 ns, Total: 90719 ns
[2020-09-11T16:54:45.393+0000][1][safepoint    ] Safepoint "Cleanup", Time since last: 1023878025 ns, Reaching safepoint: 256939 ns, At safepoint: 7539 ns, Total: 264478 ns
[2020-09-11T16:54:46.400+0000][1][safepoint    ] Safepoint "Cleanup", Time since last: 1006852872 ns, Reaching safepoint: 129937 ns, At safepoint: 5927 ns, Total: 135864 ns
[2020-09-11T16:54:47.089+0000][1][safepoint    ] Safepoint "RevokeBias", Time since last: 687006047 ns, Reaching safepoint: 1770747 ns, At safepoint: 34640 ns, Total: 1805387 ns
[2020-09-11T16:54:48.125+0000][1][safepoint    ] Safepoint "Cleanup", Time since last: 1023916393 ns, Reaching safepoint: 12042476 ns, At safepoint: 9839 ns, Total: 12052315 ns
[2020-09-11T16:54:52.101+0000][1][safepoint    ] Safepoint "BulkRevokeBias", Time since last: 3976029329 ns, Reaching safepoint: 107131 ns, At safepoint: 73897 ns, Total: 181028 ns
[2020-09-11T16:54:52.113+0000][1][safepoint    ] Safepoint "RevokeBias", Time since last: 2365122 ns, Reaching safepoint: 9405618 ns, At safepoint: 55881 ns, Total: 9461499 ns
[2020-09-11T16:54:52.117+0000][1][safepoint    ] Safepoint "RevokeBias", Time since last: 131752 ns, Reaching safepoint: 3785383 ns, At safepoint: 37155 ns, Total: 3822538 ns
[2020-09-11T16:54:52.117+0000][1][safepoint    ] Safepoint "RevokeBias", Time since last: 40022 ns, Reaching safepoint: 81328 ns, At safepoint: 31554 ns, Total: 112882 ns
[2020-09-11T16:54:52.117+0000][1][safepoint    ] Safepoint "RevokeBias", Time since last: 30492 ns, Reaching safepoint: 83080 ns, At safepoint: 32184 ns, Total: 115264 ns
[2020-09-11T16:54:52.117+0000][1][safepoint    ] Safepoint "RevokeBias", Time since last: 29867 ns, Reaching safepoint: 82347 ns, At safepoint: 31754 ns, Total: 114101 ns
[2020-09-11T16:54:52.117+0000][1][safepoint    ] Safepoint "RevokeBias", Time since last: 28405 ns, Reaching safepoint: 82018 ns, At safepoint: 31740 ns, Total: 113758 ns
[2020-09-11T16:54:52.118+0000][1][safepoint    ] Safepoint "RevokeBias", Time since last: 28096 ns, Reaching safepoint: 82117 ns, At safepoint: 31705 ns, Total: 113822 ns
[2020-09-11T16:54:52.118+0000][1][safepoint    ] Safepoint "RevokeBias", Time since last: 30883 ns, Reaching safepoint: 82896 ns, At safepoint: 32186 ns, Total: 115082 ns
[2020-09-11T16:54:52.118+0000][1][safepoint    ] Safepoint "RevokeBias", Time since last: 28806 ns, Reaching safepoint: 81776 ns, At safepoint: 31525 ns, Total: 113301 ns
[2020-09-11T16:54:52.118+0000][1][safepoint    ] Safepoint "RevokeBias", Time since last: 27994 ns, Reaching safepoint: 78731 ns, At safepoint: 30461 ns, Total: 109192 ns
[2020-09-11T16:54:52.118+0000][1][safepoint    ] Safepoint "RevokeBias", Time since last: 27634 ns, Reaching safepoint: 79724 ns, At safepoint: 30859 ns, Total: 110583 ns
[2020-09-11T16:54:52.118+0000][1][safepoint    ] Safepoint "RevokeBias", Time since last: 30586 ns, Reaching safepoint: 79184 ns, At safepoint: 30773 ns, Total: 109957 ns
[2020-09-11T16:54:52.118+0000][1][safepoint    ] Safepoint "RevokeBias", Time since last: 27620 ns, Reaching safepoint: 79673 ns, At safepoint: 30834 ns, Total: 110507 ns
[2020-09-11T16:54:52.119+0000][1][safepoint    ] Safepoint "RevokeBias", Time since last: 60901 ns, Reaching safepoint: 80254 ns, At safepoint: 30633 ns, Total: 110887 ns
[2020-09-11T16:54:52.119+0000][1][safepoint    ] Safepoint "RevokeBias", Time since last: 44263 ns, Reaching safepoint: 82142 ns, At safepoint: 31529 ns, Total: 113671 ns
[2020-09-11T16:54:54.633+0000][1][safepoint    ] Safepoint "Cleanup", Time since last: 2514066134 ns, Reaching safepoint: 136735 ns, At safepoint: 11985 ns, Total: 148720 ns
[2020-09-11T16:54:56.633+0000][1][safepoint    ] Safepoint "Cleanup", Time since last: 2000180758 ns, Reaching safepoint: 280879 ns, At safepoint: 7310 ns, Total: 288189 ns
[2020-09-11T16:54:56.993+0000][1][gc,start     ] GC(60) Pause Young (Allocation Failure)
[2020-09-11T16:54:56.993+0000][1][gc,task      ] GC(60) Using 1 workers of 1 for evacuation
[2020-09-11T16:54:57.057+0000][1][gc,age       ] GC(60) Desired survivor size 4358144 bytes, new threshold 2 (max threshold 6)
[2020-09-11T16:54:57.057+0000][1][gc,age       ] GC(60) Age table with threshold 2 (max threshold 6)
[2020-09-11T16:54:57.057+0000][1][gc,age       ] GC(60) - age   1:    2780592 bytes,    2780592 total
[2020-09-11T16:54:57.057+0000][1][gc,age       ] GC(60) - age   2:    2405440 bytes,    5186032 total
[2020-09-11T16:54:57.057+0000][1][gc,age       ] GC(60) - age   3:     364776 bytes,    5550808 total
[2020-09-11T16:54:57.057+0000][1][gc,age       ] GC(60) - age   4:    1138208 bytes,    6689016 total
[2020-09-11T16:54:57.057+0000][1][gc,age       ] GC(60) - age   5:     301544 bytes,    6990560 total
[2020-09-11T16:54:57.057+0000][1][gc,heap      ] GC(60) ParNew: 74741K->8512K(76672K)
[2020-09-11T16:54:57.057+0000][1][gc,heap      ] GC(60) CMS: 48379K->49598K(439104K)
[2020-09-11T16:54:57.057+0000][1][gc,metaspace ] GC(60) Metaspace: 47028K->47028K(1093632K)
[2020-09-11T16:54:57.058+0000][1][gc           ] GC(60) Pause Young (Allocation Failure) 120M->56M(503M) 64.604ms
[2020-09-11T16:54:57.058+0000][1][gc,cpu       ] GC(60) User=0.02s Sys=0.00s Real=0.06s
[2020-09-11T16:54:57.065+0000][1][safepoint    ] Safepoint "GenCollectForAllocation", Time since last: 359387018 ns, Reaching safepoint: 134029 ns, At safepoint: 71893059 ns, Total: 72027088 ns
[2020-09-11T16:54:57.093+0000][1][safepoint    ] Safepoint "RevokeBias", Time since last: 28095506 ns, Reaching safepoint: 36688 ns, At safepoint: 28683 ns, Total: 65371 ns
[2020-09-11T16:54:57.093+0000][1][safepoint    ] Safepoint "RevokeBias", Time since last: 62442 ns, Reaching safepoint: 10859 ns, At safepoint: 16025 ns, Total: 26884 ns
[2020-09-11T16:54:57.093+0000][1][safepoint    ] Safepoint "RevokeBias", Time since last: 24780 ns, Reaching safepoint: 9701 ns, At safepoint: 14800 ns, Total: 24501 ns
[2020-09-11T16:54:57.093+0000][1][safepoint    ] Safepoint "RevokeBias", Time since last: 23907 ns, Reaching safepoint: 9346 ns, At safepoint: 14511 ns, Total: 23857 ns
[2020-09-11T16:54:57.646+0000][1][safepoint    ] Safepoint "RevokeBias", Time since last: 552739171 ns, Reaching safepoint: 109773 ns, At safepoint: 35534 ns, Total: 145307 ns
[2020-09-11T16:54:57.669+0000][1][safepoint    ] Safepoint "RevokeBias", Time since last: 22648647 ns, Reaching safepoint: 102213 ns, At safepoint: 38526 ns, Total: 140739 ns
[2020-09-11T16:54:58.545+0000][1][safepoint    ] Safepoint "RevokeBias", Time since last: 864218387 ns, Reaching safepoint: 12056786 ns, At safepoint: 39292 ns, Total: 12096078 ns
[2020-09-11T16:54:58.545+0000][1][safepoint    ] Safepoint "RevokeBias", Time since last: 240944 ns, Reaching safepoint: 85447 ns, At safepoint: 17692 ns, Total: 103139 ns
[2020-09-11T16:54:58.546+0000][1][safepoint    ] Safepoint "RevokeBias", Time since last: 46617 ns, Reaching safepoint: 81470 ns, At safepoint: 15491 ns, Total: 96961 ns
[2020-09-11T16:54:58.789+0000][1][safepoint    ] Safepoint "RevokeBias", Time since last: 234447704 ns, Reaching safepoint: 8764588 ns, At safepoint: 40011 ns, Total: 8804599 ns
[2020-09-11T16:54:58.790+0000][1][safepoint    ] Safepoint "RevokeBias", Time since last: 657765 ns, Reaching safepoint: 91014 ns, At safepoint: 24961 ns, Total: 115975 ns
[2020-09-11T16:54:58.790+0000][1][safepoint    ] Safepoint "RevokeBias", Time since last: 106462 ns, Reaching safepoint: 83126 ns, At safepoint: 20730 ns, Total: 103856 ns
[2020-09-11T16:54:58.797+0000][1][safepoint    ] Safepoint "RevokeBias", Time since last: 6959175 ns, Reaching safepoint: 119149 ns, At safepoint: 38674 ns, Total: 157823 ns
[2020-09-11T16:54:58.798+0000][1][safepoint    ] Safepoint "RevokeBias", Time since last: 1008452 ns, Reaching safepoint: 89221 ns, At safepoint: 30693 ns, Total: 119914 ns
[2020-09-11T16:54:58.799+0000][1][safepoint    ] Safepoint "RevokeBias", Time since last: 507274 ns, Reaching safepoint: 89442 ns, At safepoint: 24766 ns, Total: 114208 ns
[2020-09-11T16:54:58.811+0000][1][safepoint    ] Safepoint "RevokeBias", Time since last: 11845638 ns, Reaching safepoint: 108970 ns, At safepoint: 36227 ns, Total: 145197 ns
[2020-09-11T16:54:58.813+0000][1][safepoint    ] Safepoint "RevokeBias", Time since last: 91699 ns, Reaching safepoint: 2070931 ns, At safepoint: 38002 ns, Total: 2108933 ns
[2020-09-11T16:54:58.813+0000][1][safepoint    ] Safepoint "RevokeBias", Time since last: 206725 ns, Reaching safepoint: 88695 ns, At safepoint: 26935 ns, Total: 115630 ns
[2020-09-11T16:54:58.813+0000][1][safepoint    ] Safepoint "RevokeBias", Time since last: 38309 ns, Reaching safepoint: 82725 ns, At safepoint: 22518 ns, Total: 105243 ns
[2020-09-11T16:54:58.814+0000][1][safepoint    ] Safepoint "RevokeBias", Time since last: 32971 ns, Reaching safepoint: 81948 ns, At safepoint: 21985 ns, Total: 103933 ns
[2020-09-11T16:54:58.814+0000][1][safepoint    ] Safepoint "RevokeBias", Time since last: 44177 ns, Reaching safepoint: 83354 ns, At safepoint: 25953 ns, Total: 109307 ns
[2020-09-11T16:54:58.814+0000][1][safepoint    ] Safepoint "RevokeBias", Time since last: 32136 ns, Reaching safepoint: 92139 ns, At safepoint: 24201 ns, Total: 116340 ns
[2020-09-11T16:54:58.814+0000][1][safepoint    ] Safepoint "RevokeBias", Time since last: 30346 ns, Reaching safepoint: 81052 ns, At safepoint: 23306 ns, Total: 104358 ns
[2020-09-11T16:54:58.814+0000][1][safepoint    ] Safepoint "RevokeBias", Time since last: 32282 ns, Reaching safepoint: 81233 ns, At safepoint: 21063 ns, Total: 102296 ns
[2020-09-11T16:54:58.814+0000][1][safepoint    ] Safepoint "BulkRevokeBias", Time since last: 29093 ns, Reaching safepoint: 80770 ns, At safepoint: 64317 ns, Total: 145087 ns
[2020-09-11T16:54:58.814+0000][1][safepoint    ] Safepoint "RevokeBias", Time since last: 61201 ns, Reaching safepoint: 82831 ns, At safepoint: 23065 ns, Total: 105896 ns
[2020-09-11T16:54:58.817+0000][1][safepoint    ] Safepoint "RevokeBias", Time since last: 34720 ns, Reaching safepoint: 144390 ns, At safepoint: 2169911 ns, Total: 2314301 ns
[2020-09-11T16:54:58.838+0000][1][safepoint    ] Safepoint "RevokeBias", Time since last: 20611068 ns, Reaching safepoint: 116586 ns, At safepoint: 52232 ns, Total: 168818 ns
[2020-09-11T16:54:58.838+0000][1][safepoint    ] Safepoint "RevokeBias", Time since last: 65327 ns, Reaching safepoint: 12783 ns, At safepoint: 11497 ns, Total: 24280 ns
[2020-09-11T16:54:58.838+0000][1][safepoint    ] Safepoint "RevokeBias", Time since last: 28866 ns, Reaching safepoint: 11555 ns, At safepoint: 10439 ns, Total: 21994 ns
[2020-09-11T16:54:58.857+0000][1][safepoint    ] Safepoint "RevokeBias", Time since last: 9323534 ns, Reaching safepoint: 9791089 ns, At safepoint: 49886 ns, Total: 9840975 ns
[2020-09-11T16:54:58.857+0000][1][safepoint    ] Safepoint "RevokeBias", Time since last: 73130 ns, Reaching safepoint: 85981 ns, At safepoint: 25462 ns, Total: 111443 ns
[2020-09-11T16:54:58.857+0000][1][safepoint    ] Safepoint "RevokeBias", Time since last: 31905 ns, Reaching safepoint: 82061 ns, At safepoint: 21561 ns, Total: 103622 ns
[2020-09-11T16:54:58.857+0000][1][safepoint    ] Safepoint "RevokeBias", Time since last: 30566 ns, Reaching safepoint: 81230 ns, At safepoint: 20110 ns, Total: 101340 ns
[2020-09-11T16:54:58.857+0000][1][safepoint    ] Safepoint "RevokeBias", Time since last: 29378 ns, Reaching safepoint: 82261 ns, At safepoint: 20971 ns, Total: 103232 ns
[2020-09-11T16:54:58.858+0000][1][safepoint    ] Safepoint "RevokeBias", Time since last: 28579 ns, Reaching safepoint: 80662 ns, At safepoint: 20766 ns, Total: 101428 ns
[2020-09-11T16:54:58.858+0000][1][safepoint    ] Safepoint "RevokeBias", Time since last: 28031 ns, Reaching safepoint: 80262 ns, At safepoint: 20347 ns, Total: 100609 ns
[2020-09-11T16:54:58.858+0000][1][safepoint    ] Safepoint "RevokeBias", Time since last: 39827 ns, Reaching safepoint: 83210 ns, At safepoint: 26182 ns, Total: 109392 ns
[2020-09-11T16:54:58.861+0000][1][safepoint    ] Safepoint "RevokeBias", Time since last: 3040911 ns, Reaching safepoint: 120840 ns, At safepoint: 35664 ns, Total: 156504 ns
[2020-09-11T16:54:58.861+0000][1][safepoint    ] Safepoint "RevokeBias", Time since last: 49863 ns, Reaching safepoint: 81464 ns, At safepoint: 23976 ns, Total: 105440 ns
[2020-09-11T16:54:58.861+0000][1][safepoint    ] Safepoint "RevokeBias", Time since last: 29618 ns, Reaching safepoint: 80913 ns, At safepoint: 21352 ns, Total: 102265 ns
[2020-09-11T16:54:58.861+0000][1][safepoint    ] Safepoint "RevokeBias", Time since last: 28135 ns, Reaching safepoint: 81531 ns, At safepoint: 24905 ns, Total: 106436 ns
[2020-09-11T16:54:58.862+0000][1][safepoint    ] Safepoint "RevokeBias", Time since last: 28020 ns, Reaching safepoint: 82204 ns, At safepoint: 26281 ns, Total: 108485 ns
[2020-09-11T16:54:58.862+0000][1][safepoint    ] Safepoint "RevokeBias", Time since last: 28354 ns, Reaching safepoint: 80656 ns, At safepoint: 24714 ns, Total: 105370 ns
[2020-09-11T16:54:58.862+0000][1][safepoint    ] Safepoint "RevokeBias", Time since last: 42986 ns, Reaching safepoint: 80875 ns, At safepoint: 23920 ns, Total: 104795 ns
[2020-09-11T16:54:58.862+0000][1][safepoint    ] Safepoint "RevokeBias", Time since last: 28136 ns, Reaching safepoint: 81297 ns, At safepoint: 23959 ns, Total: 105256 ns
[2020-09-11T16:54:58.862+0000][1][safepoint    ] Safepoint "BulkRevokeBias", Time since last: 28035 ns, Reaching safepoint: 81122 ns, At safepoint: 66374 ns, Total: 147496 ns
[2020-09-11T16:54:58.863+0000][1][safepoint    ] Safepoint "RevokeBias", Time since last: 221725 ns, Reaching safepoint: 83134 ns, At safepoint: 26765 ns, Total: 109899 ns
[2020-09-11T16:54:58.863+0000][1][safepoint    ] Safepoint "RevokeBias", Time since last: 45825 ns, Reaching safepoint: 81348 ns, At safepoint: 21959 ns, Total: 103307 ns
[2020-09-11T16:54:58.863+0000][1][safepoint    ] Safepoint "RevokeBias", Time since last: 67401 ns, Reaching safepoint: 82864 ns, At safepoint: 21173 ns, Total: 104037 ns
[2020-09-11T16:54:58.863+0000][1][safepoint    ] Safepoint "RevokeBias", Time since last: 37445 ns, Reaching safepoint: 82002 ns, At safepoint: 18502 ns, Total: 100504 ns
[2020-09-11T16:54:58.863+0000][1][safepoint    ] Safepoint "RevokeBias", Time since last: 112528 ns, Reaching safepoint: 82251 ns, At safepoint: 19291 ns, Total: 101542 ns
[2020-09-11T16:54:58.865+0000][1][safepoint    ] Safepoint "RevokeBias", Time since last: 1587929 ns, Reaching safepoint: 105242 ns, At safepoint: 41996 ns, Total: 147238 ns
[2020-09-11T16:54:58.865+0000][1][safepoint    ] Safepoint "RevokeBias", Time since last: 114858 ns, Reaching safepoint: 83637 ns, At safepoint: 21719 ns, Total: 105356 ns
[2020-09-11T16:54:58.869+0000][1][safepoint    ] Safepoint "RevokeBias", Time since last: 3768157 ns, Reaching safepoint: 107732 ns, At safepoint: 33995 ns, Total: 141727 ns
[2020-09-11T16:54:58.869+0000][1][safepoint    ] Safepoint "RevokeBias", Time since last: 70968 ns, Reaching safepoint: 81889 ns, At safepoint: 21205 ns, Total: 103094 ns
[2020-09-11T16:54:58.869+0000][1][safepoint    ] Safepoint "RevokeBias", Time since last: 31005 ns, Reaching safepoint: 80883 ns, At safepoint: 21626 ns, Total: 102509 ns
[2020-09-11T16:54:58.890+0000][1][safepoint    ] Safepoint "RevokeBias", Time since last: 11426767 ns, Reaching safepoint: 8672990 ns, At safepoint: 43119 ns, Total: 8716109 ns
[2020-09-11T16:54:58.890+0000][1][safepoint    ] Safepoint "RevokeBias", Time since last: 276612 ns, Reaching safepoint: 87739 ns, At safepoint: 26860 ns, Total: 114599 ns
[2020-09-11T16:54:58.890+0000][1][safepoint    ] Safepoint "RevokeBias", Time since last: 125165 ns, Reaching safepoint: 83376 ns, At safepoint: 21853 ns, Total: 105229 ns
[2020-09-11T16:54:58.893+0000][1][safepoint    ] Safepoint "RevokeBias", Time since last: 2620868 ns, Reaching safepoint: 103207 ns, At safepoint: 33156 ns, Total: 136363 ns
[2020-09-11T16:54:58.894+0000][1][safepoint    ] Safepoint "RevokeBias", Time since last: 493370 ns, Reaching safepoint: 87921 ns, At safepoint: 27515 ns, Total: 115436 ns
[2020-09-11T16:54:58.894+0000][1][safepoint    ] Safepoint "RevokeBias", Time since last: 81815 ns, Reaching safepoint: 83571 ns, At safepoint: 24056 ns, Total: 107627 ns
[2020-09-11T16:54:58.894+0000][1][safepoint    ] Safepoint "RevokeBias", Time since last: 210391 ns, Reaching safepoint: 87394 ns, At safepoint: 23526 ns, Total: 110920 ns
[2020-09-11T16:54:58.894+0000][1][safepoint    ] Safepoint "BulkRevokeBias", Time since last: 59080 ns, Reaching safepoint: 83159 ns, At safepoint: 63298 ns, Total: 146457 ns
[2020-09-11T16:54:58.921+0000][1][safepoint    ] Safepoint "RevokeBias", Time since last: 26570771 ns, Reaching safepoint: 124213 ns, At safepoint: 37835 ns, Total: 162048 ns
[2020-09-11T16:54:58.929+0000][1][safepoint    ] Safepoint "RevokeBias", Time since last: 7822838 ns, Reaching safepoint: 115245 ns, At safepoint: 38271 ns, Total: 153516 ns
[2020-09-11T16:54:58.934+0000][1][safepoint    ] Safepoint "RevokeBias", Time since last: 4792604 ns, Reaching safepoint: 102963 ns, At safepoint: 23761 ns, Total: 126724 ns
[2020-09-11T16:54:58.934+0000][1][safepoint    ] Safepoint "RevokeBias", Time since last: 54656 ns, Reaching safepoint: 83348 ns, At safepoint: 20280 ns, Total: 103628 ns
[2020-09-11T16:54:59.409+0000][1][safepoint    ] Safepoint "RevokeBias", Time since last: 474786194 ns, Reaching safepoint: 130332 ns, At safepoint: 16297 ns, Total: 146629 ns
[2020-09-11T16:54:59.409+0000][1][safepoint    ] Safepoint "RevokeBias", Time since last: 171904 ns, Reaching safepoint: 81861 ns, At safepoint: 8274 ns, Total: 90135 ns
[2020-09-11T16:54:59.410+0000][1][safepoint    ] Safepoint "RevokeBias", Time since last: 207230 ns, Reaching safepoint: 81370 ns, At safepoint: 7747 ns, Total: 89117 ns
[2020-09-11T16:54:59.952+0000][1][gc,start     ] GC(61) Pause Young (Allocation Failure)
[2020-09-11T16:54:59.952+0000][1][gc,task      ] GC(61) Using 1 workers of 1 for evacuation
[2020-09-11T16:55:00.084+0000][1][gc,age       ] GC(61) Desired survivor size 4358144 bytes, new threshold 2 (max threshold 6)
[2020-09-11T16:55:00.084+0000][1][gc,age       ] GC(61) Age table with threshold 2 (max threshold 6)
[2020-09-11T16:55:00.084+0000][1][gc,age       ] GC(61) - age   1:    2290592 bytes,    2290592 total
[2020-09-11T16:55:00.084+0000][1][gc,age       ] GC(61) - age   2:    2693416 bytes,    4984008 total
[2020-09-11T16:55:00.084+0000][1][gc,heap      ] GC(61) ParNew: 76672K->6274K(76672K)
[2020-09-11T16:55:00.084+0000][1][gc,heap      ] GC(61) CMS: 49598K->53765K(439104K)
[2020-09-11T16:55:00.084+0000][1][gc,metaspace ] GC(61) Metaspace: 52319K->52319K(1097728K)
[2020-09-11T16:55:00.084+0000][1][gc           ] GC(61) Pause Young (Allocation Failure) 123M->58M(503M) 132.779ms
[2020-09-11T16:55:00.084+0000][1][gc,cpu       ] GC(61) User=0.04s Sys=0.00s Real=0.14s
[2020-09-11T16:55:00.109+0000][1][safepoint    ] Safepoint "GenCollectForAllocation", Time since last: 542030685 ns, Reaching safepoint: 121029 ns, At safepoint: 157141234 ns, Total: 157262263 ns
[2020-09-11T16:55:01.673+0000][1][safepoint    ] Safepoint "Cleanup", Time since last: 1564053766 ns, Reaching safepoint: 485958 ns, At safepoint: 8360 ns, Total: 494318 ns
[2020-09-11T16:55:02.674+0000][1][safepoint    ] Safepoint "Cleanup", Time since last: 1000110697 ns, Reaching safepoint: 249203 ns, At safepoint: 6800 ns, Total: 256003 ns
[2020-09-11T16:55:03.686+0000][1][safepoint    ] Safepoint "Cleanup", Time since last: 1003060765 ns, Reaching safepoint: 9437460 ns, At safepoint: 10667 ns, Total: 9448127 ns
[2020-09-11T16:55:03.854+0000][1][gc,start     ] GC(62) Pause Young (Allocation Failure)
[2020-09-11T16:55:03.854+0000][1][gc,task      ] GC(62) Using 1 workers of 1 for evacuation
[2020-09-11T16:55:03.983+0000][1][gc,age       ] GC(62) Desired survivor size 4358144 bytes, new threshold 6 (max threshold 6)
[2020-09-11T16:55:03.983+0000][1][gc,age       ] GC(62) Age table with threshold 6 (max threshold 6)
[2020-09-11T16:55:03.983+0000][1][gc,age       ] GC(62) - age   1:    1306568 bytes,    1306568 total
[2020-09-11T16:55:03.983+0000][1][gc,age       ] GC(62) - age   2:    2254952 bytes,    3561520 total
[2020-09-11T16:55:03.984+0000][1][gc,heap      ] GC(62) ParNew: 74434K->5219K(76672K)
[2020-09-11T16:55:03.984+0000][1][gc,heap      ] GC(62) CMS: 53765K->56506K(439104K)
[2020-09-11T16:55:03.984+0000][1][gc,metaspace ] GC(62) Metaspace: 59685K->59685K(1103872K)
[2020-09-11T16:55:03.984+0000][1][gc           ] GC(62) Pause Young (Allocation Failure) 125M->60M(503M) 129.946ms
[2020-09-11T16:55:03.984+0000][1][gc,cpu       ] GC(62) User=0.04s Sys=0.00s Real=0.13s
[2020-09-11T16:55:03.991+0000][1][safepoint    ] Safepoint "GenCollectForAllocation", Time since last: 167254035 ns, Reaching safepoint: 106614 ns, At safepoint: 137498243 ns, Total: 137604857 ns
[2020-09-11T16:55:04.118+0000][1][safepoint    ] Safepoint "CollectForMetadataAllocation", Time since last: 126453292 ns, Reaching safepoint: 106814 ns, At safepoint: 76386 ns, Total: 183200 ns
[2020-09-11T16:55:04.404+0000][1][safepoint    ] Safepoint "CollectForMetadataAllocation", Time since last: 284785286 ns, Reaching safepoint: 890115 ns, At safepoint: 127012 ns, Total: 1017127 ns
[2020-09-11T16:55:04.461+0000][1][safepoint    ] Safepoint "CollectForMetadataAllocation", Time since last: 57267943 ns, Reaching safepoint: 111409 ns, At safepoint: 126202 ns, Total: 237611 ns
[2020-09-11T16:55:04.696+0000][1][safepoint    ] Safepoint "CollectForMetadataAllocation", Time since last: 234593989 ns, Reaching safepoint: 112897 ns, At safepoint: 122980 ns, Total: 235877 ns
[2020-09-11T16:55:04.795+0000][1][safepoint    ] Safepoint "CollectForMetadataAllocation", Time since last: 98693461 ns, Reaching safepoint: 108638 ns, At safepoint: 113726 ns, Total: 222364 ns
[2020-09-11T16:55:05.073+0000][1][safepoint    ] Safepoint "CollectForMetadataAllocation", Time since last: 276664756 ns, Reaching safepoint: 1365975 ns, At safepoint: 106529 ns, Total: 1472504 ns
[2020-09-11T16:55:05.345+0000][1][safepoint    ] Safepoint "CollectForMetadataAllocation", Time since last: 270876126 ns, Reaching safepoint: 1019619 ns, At safepoint: 116299 ns, Total: 1135918 ns
[2020-09-11T16:55:05.905+0000][1][safepoint    ] Safepoint "CollectForMetadataAllocation", Time since last: 559868028 ns, Reaching safepoint: 129290 ns, At safepoint: 117860 ns, Total: 247150 ns
[2020-09-11T16:55:06.001+0000][1][gc,start     ] GC(63) Pause Initial Mark
[2020-09-11T16:55:06.042+0000][1][gc           ] GC(63) Pause Initial Mark 88M->88M(503M) 40.811ms
[2020-09-11T16:55:06.042+0000][1][gc,cpu       ] GC(63) User=0.01s Sys=0.00s Real=0.04s
[2020-09-11T16:55:06.075+0000][1][safepoint    ] Safepoint "CMS_Initial_Mark", Time since last: 91770831 ns, Reaching safepoint: 3973858 ns, At safepoint: 73806164 ns, Total: 77780022 ns
[2020-09-11T16:55:06.100+0000][1][gc           ] GC(63) Concurrent Mark
[2020-09-11T16:55:06.169+0000][1][safepoint    ] Safepoint "CollectForMetadataAllocation", Time since last: 92969073 ns, Reaching safepoint: 1240355 ns, At safepoint: 137715 ns, Total: 1378070 ns
[2020-09-11T16:55:06.630+0000][1][safepoint    ] Safepoint "RevokeBias", Time since last: 459834689 ns, Reaching safepoint: 1098558 ns, At safepoint: 18573 ns, Total: 1117131 ns
[2020-09-11T16:55:06.674+0000][1][gc           ] GC(63) Concurrent Mark 574.477ms
[2020-09-11T16:55:06.674+0000][1][gc,cpu       ] GC(63) User=0.14s Sys=0.01s Real=0.58s
[2020-09-11T16:55:06.675+0000][1][gc           ] GC(63) Concurrent Preclean
[2020-09-11T16:55:06.676+0000][1][gc           ] GC(63) Concurrent Preclean 1.737ms
[2020-09-11T16:55:06.676+0000][1][gc,cpu       ] GC(63) User=0.00s Sys=0.00s Real=0.00s
[2020-09-11T16:55:06.676+0000][1][gc           ] GC(63) Concurrent Abortable Preclean
[2020-09-11T16:55:06.782+0000][1][safepoint    ] Safepoint "CollectForMetadataAllocation", Time since last: 152314016 ns, Reaching safepoint: 62516 ns, At safepoint: 122227 ns, Total: 184743 ns
[2020-09-11T16:55:07.205+0000][1][safepoint    ] Safepoint "Deoptimize", Time since last: 422014504 ns, Reaching safepoint: 389473 ns, At safepoint: 350536 ns, Total: 740009 ns
[2020-09-11T16:55:07.377+0000][1][safepoint    ] Safepoint "CollectForMetadataAllocation", Time since last: 150351566 ns, Reaching safepoint: 21353032 ns, At safepoint: 78210 ns, Total: 21431242 ns
[2020-09-11T16:55:07.729+0000][1][safepoint    ] Safepoint "CollectForMetadataAllocation", Time since last: 351869047 ns, Reaching safepoint: 112231 ns, At safepoint: 80835 ns, Total: 193066 ns
[2020-09-11T16:55:08.001+0000][1][safepoint    ] Safepoint "RevokeBias", Time since last: 272152959 ns, Reaching safepoint: 113622 ns, At safepoint: 35595 ns, Total: 149217 ns
[2020-09-11T16:55:08.009+0000][1][safepoint    ] Safepoint "RevokeBias", Time since last: 7675973 ns, Reaching safepoint: 114039 ns, At safepoint: 43868 ns, Total: 157907 ns
[2020-09-11T16:55:08.009+0000][1][safepoint    ] Safepoint "RevokeBias", Time since last: 61885 ns, Reaching safepoint: 84227 ns, At safepoint: 29395 ns, Total: 113622 ns
[2020-09-11T16:55:08.009+0000][1][safepoint    ] Safepoint "RevokeBias", Time since last: 75094 ns, Reaching safepoint: 84142 ns, At safepoint: 26968 ns, Total: 111110 ns
[2020-09-11T16:55:08.010+0000][1][safepoint    ] Safepoint "RevokeBias", Time since last: 121440 ns, Reaching safepoint: 122582 ns, At safepoint: 19307 ns, Total: 141889 ns
[2020-09-11T16:55:08.135+0000][1][safepoint    ] Safepoint "CollectForMetadataAllocation", Time since last: 115061545 ns, Reaching safepoint: 10101813 ns, At safepoint: 154655 ns, Total: 10256468 ns
[2020-09-11T16:55:08.241+0000][1][safepoint    ] Safepoint "RevokeBias", Time since last: 105842285 ns, Reaching safepoint: 115450 ns, At safepoint: 14558 ns, Total: 130008 ns
[2020-09-11T16:55:08.257+0000][1][safepoint    ] Safepoint "RevokeBias", Time since last: 7883321 ns, Reaching safepoint: 7917267 ns, At safepoint: 13742 ns, Total: 7931009 ns
[2020-09-11T16:55:08.257+0000][1][safepoint    ] Safepoint "BulkRevokeBias", Time since last: 343706 ns, Reaching safepoint: 86830 ns, At safepoint: 77292 ns, Total: 164122 ns
[2020-09-11T16:55:08.491+0000][1][safepoint    ] Safepoint "CollectForMetadataAllocation", Time since last: 233157997 ns, Reaching safepoint: 112677 ns, At safepoint: 131080 ns, Total: 243757 ns
[2020-09-11T16:55:08.821+0000][1][safepoint    ] Safepoint "CollectForMetadataAllocation", Time since last: 320692798 ns, Reaching safepoint: 9375997 ns, At safepoint: 96588 ns, Total: 9472585 ns
[2020-09-11T16:55:09.105+0000][1][safepoint    ] Safepoint "CollectForMetadataAllocation", Time since last: 283480774 ns, Reaching safepoint: 107620 ns, At safepoint: 111877 ns, Total: 219497 ns
[2020-09-11T16:55:09.229+0000][1][safepoint    ] Safepoint "CollectForMetadataAllocation", Time since last: 121719896 ns, Reaching safepoint: 2145720 ns, At safepoint: 145398 ns, Total: 2291118 ns
[2020-09-11T16:55:09.313+0000][1][safepoint    ] Safepoint "CollectForMetadataAllocation", Time since last: 76151968 ns, Reaching safepoint: 8024732 ns, At safepoint: 138269 ns, Total: 8163001 ns
[2020-09-11T16:55:09.444+0000][1][safepoint    ] Safepoint "RevokeBias", Time since last: 131257239 ns, Reaching safepoint: 101004 ns, At safepoint: 13527 ns, Total: 114531 ns
[2020-09-11T16:55:09.541+0000][1][safepoint    ] Safepoint "CollectForMetadataAllocation", Time since last: 96459789 ns, Reaching safepoint: 50179 ns, At safepoint: 84468 ns, Total: 134647 ns
[2020-09-11T16:55:09.581+0000][1][gc,start     ] GC(64) Pause Young (Allocation Failure)
[2020-09-11T16:55:09.581+0000][1][gc,task      ] GC(64) Using 1 workers of 1 for evacuation
[2020-09-11T16:55:09.664+0000][1][gc,age       ] GC(64) Desired survivor size 4358144 bytes, new threshold 2 (max threshold 6)
[2020-09-11T16:55:09.664+0000][1][gc,age       ] GC(64) Age table with threshold 2 (max threshold 6)
[2020-09-11T16:55:09.664+0000][1][gc,age       ] GC(64) - age   1:    3488592 bytes,    3488592 total
[2020-09-11T16:55:09.664+0000][1][gc,age       ] GC(64) - age   2:    1233544 bytes,    4722136 total
[2020-09-11T16:55:09.664+0000][1][gc,age       ] GC(64) - age   3:    2236824 bytes,    6958960 total
[2020-09-11T16:55:09.665+0000][1][gc,heap      ] GC(64) ParNew: 73379K->7826K(76672K)
[2020-09-11T16:55:09.665+0000][1][gc,heap      ] GC(64) CMS: 56506K->56506K(439104K)
[2020-09-11T16:55:09.665+0000][1][gc,metaspace ] GC(64) Metaspace: 65832K->65832K(1110016K)
[2020-09-11T16:55:09.665+0000][1][gc           ] GC(64) Pause Young (Allocation Failure) 126M->62M(503M) 83.749ms
[2020-09-11T16:55:09.665+0000][1][gc,cpu       ] GC(64) User=0.05s Sys=0.00s Real=0.08s
[2020-09-11T16:55:09.694+0000][1][safepoint    ] Safepoint "GenCollectForAllocation", Time since last: 24170783 ns, Reaching safepoint: 15701883 ns, At safepoint: 113241717 ns, Total: 128943600 ns
[2020-09-11T16:55:09.782+0000][1][safepoint    ] Safepoint "CollectForMetadataAllocation", Time since last: 86728451 ns, Reaching safepoint: 1038246 ns, At safepoint: 124745 ns, Total: 1162991 ns
[2020-09-11T16:55:10.011+0000][1][safepoint    ] Safepoint "CollectForMetadataAllocation", Time since last: 228662046 ns, Reaching safepoint: 65254 ns, At safepoint: 126293 ns, Total: 191547 ns
[2020-09-11T16:55:10.307+0000][1][safepoint    ] Safepoint "CollectForMetadataAllocation", Time since last: 295512288 ns, Reaching safepoint: 131705 ns, At safepoint: 134119 ns, Total: 265824 ns
[2020-09-11T16:55:10.373+0000][1][safepoint    ] Safepoint "CollectForMetadataAllocation", Time since last: 66232943 ns, Reaching safepoint: 111289 ns, At safepoint: 118386 ns, Total: 229675 ns
[2020-09-11T16:55:10.685+0000][1][safepoint    ] Safepoint "CollectForMetadataAllocation", Time since last: 304339571 ns, Reaching safepoint: 7520026 ns, At safepoint: 76149 ns, Total: 7596175 ns
[2020-09-11T16:55:10.780+0000][1][safepoint    ] Safepoint "CollectForMetadataAllocation", Time since last: 86145543 ns, Reaching safepoint: 8821396 ns, At safepoint: 132139 ns, Total: 8953535 ns
[2020-09-11T16:55:10.883+0000][1][safepoint    ] Safepoint "CollectForMetadataAllocation", Time since last: 102791069 ns, Reaching safepoint: 56868 ns, At safepoint: 248035 ns, Total: 304903 ns
[2020-09-11T16:55:10.919+0000][1][safepoint    ] Safepoint "CollectForMetadataAllocation", Time since last: 35734423 ns, Reaching safepoint: 50163 ns, At safepoint: 111113 ns, Total: 161276 ns
[2020-09-11T16:55:10.979+0000][1][safepoint    ] Safepoint "CollectForMetadataAllocation", Time since last: 57425353 ns, Reaching safepoint: 2879950 ns, At safepoint: 113366 ns, Total: 2993316 ns
[2020-09-11T16:55:10.990+0000][1][safepoint    ] Safepoint "Deoptimize", Time since last: 9894366 ns, Reaching safepoint: 42654 ns, At safepoint: 310326 ns, Total: 352980 ns
[2020-09-11T16:55:11.021+0000][1][safepoint    ] Safepoint "Deoptimize", Time since last: 31063244 ns, Reaching safepoint: 55343 ns, At safepoint: 338335 ns, Total: 393678 ns
[2020-09-11T16:55:11.209+0000][1][safepoint    ] Safepoint "CollectForMetadataAllocation", Time since last: 178837509 ns, Reaching safepoint: 8838297 ns, At safepoint: 133048 ns, Total: 8971345 ns
[2020-09-11T16:55:11.300+0000][1][safepoint    ] Safepoint "CollectForMetadataAllocation", Time since last: 82411029 ns, Reaching safepoint: 8554138 ns, At safepoint: 132465 ns, Total: 8686603 ns
[2020-09-11T16:55:11.350+0000][1][safepoint    ] Safepoint "RevokeBias", Time since last: 49852188 ns, Reaching safepoint: 53256 ns, At safepoint: 17169 ns, Total: 70425 ns
[2020-09-11T16:55:11.420+0000][1][safepoint    ] Safepoint "RevokeBias", Time since last: 67716245 ns, Reaching safepoint: 2549660 ns, At safepoint: 34846 ns, Total: 2584506 ns
[2020-09-11T16:55:11.431+0000][1][safepoint    ] Safepoint "RevokeBias", Time since last: 9255793 ns, Reaching safepoint: 972466 ns, At safepoint: 18370 ns, Total: 990836 ns
[2020-09-11T16:55:11.434+0000][1][safepoint    ] Safepoint "RevokeBias", Time since last: 3034639 ns, Reaching safepoint: 27333 ns, At safepoint: 18778 ns, Total: 46111 ns
[2020-09-11T16:55:11.434+0000][1][safepoint    ] Safepoint "RevokeBias", Time since last: 56053 ns, Reaching safepoint: 13507 ns, At safepoint: 13411 ns, Total: 26918 ns
[2020-09-11T16:55:11.434+0000][1][safepoint    ] Safepoint "RevokeBias", Time since last: 337884 ns, Reaching safepoint: 10888 ns, At safepoint: 13671 ns, Total: 24559 ns
[2020-09-11T16:55:11.434+0000][1][safepoint    ] Safepoint "RevokeBias", Time since last: 145195 ns, Reaching safepoint: 13041 ns, At safepoint: 13542 ns, Total: 26583 ns
[2020-09-11T16:55:11.434+0000][1][safepoint    ] Safepoint "RevokeBias", Time since last: 34055 ns, Reaching safepoint: 11608 ns, At safepoint: 12350 ns, Total: 23958 ns
[2020-09-11T16:55:11.435+0000][1][safepoint    ] Safepoint "RevokeBias", Time since last: 416679 ns, Reaching safepoint: 187182 ns, At safepoint: 25016 ns, Total: 212198 ns
[2020-09-11T16:55:11.440+0000][1][safepoint    ] Safepoint "RevokeBias", Time since last: 1086886 ns, Reaching safepoint: 4154950 ns, At safepoint: 32814 ns, Total: 4187764 ns
[2020-09-11T16:55:11.440+0000][1][safepoint    ] Safepoint "RevokeBias", Time since last: 128290 ns, Reaching safepoint: 90680 ns, At safepoint: 19298 ns, Total: 109978 ns
[2020-09-11T16:55:11.445+0000][1][safepoint    ] Safepoint "Deoptimize", Time since last: 2489419 ns, Reaching safepoint: 1863658 ns, At safepoint: 333742 ns, Total: 2197400 ns
[2020-09-11T16:55:11.548+0000][1][safepoint    ] Safepoint "CollectForMetadataAllocation", Time since last: 102218250 ns, Reaching safepoint: 98039 ns, At safepoint: 129589 ns, Total: 227628 ns
[2020-09-11T16:55:11.551+0000][1][safepoint    ] Safepoint "CollectForMetadataAllocation", Time since last: 3283278 ns, Reaching safepoint: 36150 ns, At safepoint: 5667 ns, Total: 41817 ns
[2020-09-11T16:55:11.665+0000][1][safepoint    ] Safepoint "RevokeBias", Time since last: 110295796 ns, Reaching safepoint: 3999168 ns, At safepoint: 39137 ns, Total: 4038305 ns
[2020-09-11T16:55:11.667+0000][1][safepoint    ] Safepoint "RevokeBias", Time since last: 92922 ns, Reaching safepoint: 1567170 ns, At safepoint: 35463 ns, Total: 1602633 ns
[2020-09-11T16:55:11.669+0000][1][safepoint    ] Safepoint "RevokeBias", Time since last: 75835 ns, Reaching safepoint: 1821586 ns, At safepoint: 49080 ns, Total: 1870666 ns
[2020-09-11T16:55:11.669+0000][1][safepoint    ] Safepoint "RevokeBias", Time since last: 107777 ns, Reaching safepoint: 361290 ns, At safepoint: 28890 ns, Total: 390180 ns
[2020-09-11T16:55:11.670+0000][1][safepoint    ] Safepoint "RevokeBias", Time since last: 40598 ns, Reaching safepoint: 152118 ns, At safepoint: 21900 ns, Total: 174018 ns
[2020-09-11T16:55:11.670+0000][1][safepoint    ] Safepoint "RevokeBias", Time since last: 43522 ns, Reaching safepoint: 83861 ns, At safepoint: 25033 ns, Total: 108894 ns
[2020-09-11T16:55:11.670+0000][1][safepoint    ] Safepoint "RevokeBias", Time since last: 37758 ns, Reaching safepoint: 82334 ns, At safepoint: 19446 ns, Total: 101780 ns
[2020-09-11T16:55:11.670+0000][1][safepoint    ] Safepoint "RevokeBias", Time since last: 37914 ns, Reaching safepoint: 81770 ns, At safepoint: 23284 ns, Total: 105054 ns
[2020-09-11T16:55:11.694+0000][1][gc           ] GC(63) Concurrent Abortable Preclean 5018.012ms
[2020-09-11T16:55:11.694+0000][1][gc,cpu       ] GC(63) User=2.10s Sys=0.02s Real=5.02s
[2020-09-11T16:55:11.729+0000][1][gc,start     ] GC(63) Pause Remark
[2020-09-11T16:55:11.765+0000][1][gc           ] GC(63) Pause Remark 92M->92M(503M) 35.816ms
[2020-09-11T16:55:11.765+0000][1][gc,cpu       ] GC(63) User=0.02s Sys=0.00s Real=0.04s
[2020-09-11T16:55:11.817+0000][1][safepoint    ] Safepoint "CMS_Final_Remark", Time since last: 50780337 ns, Reaching safepoint: 8023429 ns, At safepoint: 87877287 ns, Total: 95900716 ns
[2020-09-11T16:55:11.817+0000][1][gc           ] GC(63) Concurrent Sweep
[2020-09-11T16:55:11.831+0000][1][safepoint    ] Safepoint "CollectForMetadataAllocation", Time since last: 7758548 ns, Reaching safepoint: 6832974 ns, At safepoint: 17401 ns, Total: 6850375 ns
[2020-09-11T16:55:11.832+0000][1][safepoint    ] Safepoint "CollectForMetadataAllocation", Time since last: 83073 ns, Reaching safepoint: 94901 ns, At safepoint: 124264 ns, Total: 219165 ns
[2020-09-11T16:55:11.837+0000][1][safepoint    ] Safepoint "RevokeBias", Time since last: 5144639 ns, Reaching safepoint: 104967 ns, At safepoint: 41099 ns, Total: 146066 ns
[2020-09-11T16:55:11.891+0000][1][safepoint    ] Safepoint "RevokeBias", Time since last: 15407406 ns, Reaching safepoint: 38266943 ns, At safepoint: 51057 ns, Total: 38318000 ns
[2020-09-11T16:55:11.897+0000][1][safepoint    ] Safepoint "RevokeBias", Time since last: 6196242 ns, Reaching safepoint: 118789 ns, At safepoint: 45636 ns, Total: 164425 ns
[2020-09-11T16:55:11.921+0000][1][safepoint    ] Safepoint "RevokeBias", Time since last: 14334648 ns, Reaching safepoint: 9518613 ns, At safepoint: 58808 ns, Total: 9577421 ns
[2020-09-11T16:55:11.921+0000][1][safepoint    ] Safepoint "RevokeBias", Time since last: 85913 ns, Reaching safepoint: 88278 ns, At safepoint: 37420 ns, Total: 125698 ns
[2020-09-11T16:55:11.945+0000][1][safepoint    ] Safepoint "RevokeBias", Time since last: 20332463 ns, Reaching safepoint: 3346438 ns, At safepoint: 41754 ns, Total: 3388192 ns
[2020-09-11T16:55:11.945+0000][1][safepoint    ] Safepoint "RevokeBias", Time since last: 321166 ns, Reaching safepoint: 86854 ns, At safepoint: 10688 ns, Total: 97542 ns
[2020-09-11T16:55:11.945+0000][1][safepoint    ] Safepoint "RevokeBias", Time since last: 68026 ns, Reaching safepoint: 83250 ns, At safepoint: 10064 ns, Total: 93314 ns
[2020-09-11T16:55:11.946+0000][1][safepoint    ] Safepoint "RevokeBias", Time since last: 95573 ns, Reaching safepoint: 85843 ns, At safepoint: 41765 ns, Total: 127608 ns
[2020-09-11T16:55:11.947+0000][1][safepoint    ] Safepoint "RevokeBias", Time since last: 1567411 ns, Reaching safepoint: 88257 ns, At safepoint: 17008 ns, Total: 105265 ns
[2020-09-11T16:55:11.947+0000][1][safepoint    ] Safepoint "RevokeBias", Time since last: 42650 ns, Reaching safepoint: 80864 ns, At safepoint: 15899 ns, Total: 96763 ns
[2020-09-11T16:55:11.949+0000][1][gc           ] GC(63) Concurrent Sweep 132.296ms
[2020-09-11T16:55:11.949+0000][1][gc,cpu       ] GC(63) User=0.06s Sys=0.00s Real=0.13s
[2020-09-11T16:55:11.949+0000][1][gc           ] GC(63) Concurrent Reset
[2020-09-11T16:55:11.950+0000][1][gc           ] GC(63) Concurrent Reset 0.738ms
[2020-09-11T16:55:11.950+0000][1][gc,cpu       ] GC(63) User=0.00s Sys=0.00s Real=0.00s
[2020-09-11T16:55:11.950+0000][1][gc,heap      ] GC(63) Old: 56506K->55557K(439104K)
[2020-09-11T16:55:11.955+0000][1][safepoint    ] Safepoint "RevokeBias", Time since last: 6175049 ns, Reaching safepoint: 1188886 ns, At safepoint: 29512 ns, Total: 1218398 ns
[2020-09-11T16:55:11.956+0000][1][safepoint    ] Safepoint "RevokeBias", Time since last: 64447 ns, Reaching safepoint: 1081527 ns, At safepoint: 30358 ns, Total: 1111885 ns
[2020-09-11T16:55:11.956+0000][1][safepoint    ] Safepoint "RevokeBias", Time since last: 62034 ns, Reaching safepoint: 89891 ns, At safepoint: 24653 ns, Total: 114544 ns
[2020-09-11T16:55:11.967+0000][1][safepoint    ] Safepoint "RevokeBias", Time since last: 5325676 ns, Reaching safepoint: 5736298 ns, At safepoint: 38379 ns, Total: 5774677 ns
[2020-09-11T16:55:11.969+0000][1][safepoint    ] Safepoint "RevokeBias", Time since last: 821693 ns, Reaching safepoint: 677381 ns, At safepoint: 21132 ns, Total: 698513 ns
[2020-09-11T16:55:12.117+0000][1][safepoint    ] Safepoint "RevokeBias", Time since last: 145386721 ns, Reaching safepoint: 2615991 ns, At safepoint: 38755 ns, Total: 2654746 ns
[2020-09-11T16:55:12.118+0000][1][safepoint    ] Safepoint "RevokeBias", Time since last: 96540 ns, Reaching safepoint: 1034649 ns, At safepoint: 29639 ns, Total: 1064288 ns
[2020-09-11T16:55:12.121+0000][1][safepoint    ] Safepoint "RevokeBias", Time since last: 145527 ns, Reaching safepoint: 2435914 ns, At safepoint: 32390 ns, Total: 2468304 ns
[2020-09-11T16:55:12.124+0000][1][safepoint    ] Safepoint "RevokeBias", Time since last: 318515 ns, Reaching safepoint: 2720506 ns, At safepoint: 21092 ns, Total: 2741598 ns
[2020-09-11T16:55:12.124+0000][1][safepoint    ] Safepoint "RevokeBias", Time since last: 248295 ns, Reaching safepoint: 88932 ns, At safepoint: 14282 ns, Total: 103214 ns
[2020-09-11T16:55:12.124+0000][1][safepoint    ] Safepoint "RevokeBias", Time since last: 50257 ns, Reaching safepoint: 86941 ns, At safepoint: 12468 ns, Total: 99409 ns
[2020-09-11T16:55:12.125+0000][1][safepoint    ] Safepoint "RevokeBias", Time since last: 836070 ns, Reaching safepoint: 107374 ns, At safepoint: 25755 ns, Total: 133129 ns
[2020-09-11T16:55:12.129+0000][1][safepoint    ] Safepoint "RevokeBias", Time since last: 1863221 ns, Reaching safepoint: 1760909 ns, At safepoint: 34439 ns, Total: 1795348 ns
[2020-09-11T16:55:12.141+0000][1][safepoint    ] Safepoint "RevokeBias", Time since last: 11986576 ns, Reaching safepoint: 113188 ns, At safepoint: 44834 ns, Total: 158022 ns
[2020-09-11T16:55:12.141+0000][1][safepoint    ] Safepoint "RevokeBias", Time since last: 182097 ns, Reaching safepoint: 84918 ns, At safepoint: 22303 ns, Total: 107221 ns
[2020-09-11T16:55:12.162+0000][1][safepoint    ] Safepoint "RevokeBias", Time since last: 14082557 ns, Reaching safepoint: 6912035 ns, At safepoint: 55025 ns, Total: 6967060 ns
[2020-09-11T16:55:12.171+0000][1][safepoint    ] Safepoint "RevokeBias", Time since last: 6509836 ns, Reaching safepoint: 1884278 ns, At safepoint: 51880 ns, Total: 1936158 ns
[2020-09-11T16:55:12.171+0000][1][safepoint    ] Safepoint "RevokeBias", Time since last: 188421 ns, Reaching safepoint: 156021 ns, At safepoint: 32860 ns, Total: 188881 ns
[2020-09-11T16:55:12.171+0000][1][safepoint    ] Safepoint "RevokeBias", Time since last: 248502 ns, Reaching safepoint: 85231 ns, At safepoint: 10999 ns, Total: 96230 ns
[2020-09-11T16:55:12.172+0000][1][safepoint    ] Safepoint "RevokeBias", Time since last: 88246 ns, Reaching safepoint: 82817 ns, At safepoint: 10089 ns, Total: 92906 ns
[2020-09-11T16:55:12.172+0000][1][safepoint    ] Safepoint "RevokeBias", Time since last: 87825 ns, Reaching safepoint: 82599 ns, At safepoint: 32205 ns, Total: 114804 ns
[2020-09-11T16:55:12.180+0000][1][safepoint    ] Safepoint "RevokeBias", Time since last: 747047 ns, Reaching safepoint: 90376 ns, At safepoint: 35901 ns, Total: 126277 ns
[2020-09-11T16:55:12.180+0000][1][safepoint    ] Safepoint "RevokeBias", Time since last: 7231249 ns, Reaching safepoint: 117805 ns, At safepoint: 44067 ns, Total: 161872 ns
[2020-09-11T16:55:12.225+0000][1][safepoint    ] Safepoint "RevokeBias", Time since last: 41751490 ns, Reaching safepoint: 2922604 ns, At safepoint: 40455 ns, Total: 2963059 ns
[2020-09-11T16:55:12.239+0000][1][safepoint    ] Safepoint "RevokeBias", Time since last: 13536220 ns, Reaching safepoint: 114452 ns, At safepoint: 69341 ns, Total: 183793 ns
[2020-09-11T16:55:12.248+0000][1][safepoint    ] Safepoint "RevokeBias", Time since last: 8377084 ns, Reaching safepoint: 704060 ns, At safepoint: 44552 ns, Total: 748612 ns
[2020-09-11T16:55:12.248+0000][1][safepoint    ] Safepoint "RevokeBias", Time since last: 64255 ns, Reaching safepoint: 90097 ns, At safepoint: 30691 ns, Total: 120788 ns
[2020-09-11T16:55:12.248+0000][1][safepoint    ] Safepoint "RevokeBias", Time since last: 35467 ns, Reaching safepoint: 86914 ns, At safepoint: 29196 ns, Total: 116110 ns
[2020-09-11T16:55:12.248+0000][1][safepoint    ] Safepoint "RevokeBias", Time since last: 31160 ns, Reaching safepoint: 88427 ns, At safepoint: 37681 ns, Total: 126108 ns
[2020-09-11T16:55:12.249+0000][1][safepoint    ] Safepoint "RevokeBias", Time since last: 267658 ns, Reaching safepoint: 328871 ns, At safepoint: 35387 ns, Total: 364258 ns
[2020-09-11T16:55:12.250+0000][1][safepoint    ] Safepoint "RevokeBias", Time since last: 354606 ns, Reaching safepoint: 493056 ns, At safepoint: 37538 ns, Total: 530594 ns
[2020-09-11T16:55:12.251+0000][1][safepoint    ] Safepoint "RevokeBias", Time since last: 42884 ns, Reaching safepoint: 1070807 ns, At safepoint: 37578 ns, Total: 1108385 ns
[2020-09-11T16:55:12.343+0000][1][safepoint    ] Safepoint "RevokeBias", Time since last: 90051803 ns, Reaching safepoint: 2160213 ns, At safepoint: 110991 ns, Total: 2271204 ns
[2020-09-11T16:55:12.344+0000][1][safepoint    ] Safepoint "BulkRevokeBias", Time since last: 77141 ns, Reaching safepoint: 354875 ns, At safepoint: 256301 ns, Total: 611176 ns
[2020-09-11T16:55:12.405+0000][1][safepoint    ] Safepoint "RevokeBias", Time since last: 59237634 ns, Reaching safepoint: 1705419 ns, At safepoint: 30731 ns, Total: 1736150 ns
[2020-09-11T16:55:12.409+0000][1][safepoint    ] Safepoint "RevokeBias", Time since last: 450221 ns, Reaching safepoint: 3511909 ns, At safepoint: 31225 ns, Total: 3543134 ns
[2020-09-11T16:55:12.409+0000][1][safepoint    ] Safepoint "RevokeBias", Time since last: 69530 ns, Reaching safepoint: 550316 ns, At safepoint: 22584 ns, Total: 572900 ns
[2020-09-11T16:55:12.410+0000][1][safepoint    ] Safepoint "RevokeBias", Time since last: 67837 ns, Reaching safepoint: 90522 ns, At safepoint: 19552 ns, Total: 110074 ns
[2020-09-11T16:55:12.675+0000][1][safepoint    ] Safepoint "RevokeBias", Time since last: 265206171 ns, Reaching safepoint: 600199 ns, At safepoint: 30251 ns, Total: 630450 ns
[2020-09-11T16:55:12.682+0000][1][safepoint    ] Safepoint "RevokeBias", Time since last: 5855732 ns, Reaching safepoint: 117763 ns, At safepoint: 42430 ns, Total: 160193 ns
[2020-09-11T16:55:12.683+0000][1][safepoint    ] Safepoint "Deoptimize", Time since last: 1481307 ns, Reaching safepoint: 96792 ns, At safepoint: 385964 ns, Total: 482756 ns
[2020-09-11T16:55:12.713+0000][1][safepoint    ] Safepoint "RevokeBias", Time since last: 13634560 ns, Reaching safepoint: 15695903 ns, At safepoint: 42543 ns, Total: 15738446 ns
[2020-09-11T16:55:13.145+0000][1][safepoint    ] Safepoint "RevokeBias", Time since last: 432085892 ns, Reaching safepoint: 110983 ns, At safepoint: 26384 ns, Total: 137367 ns
[2020-09-11T16:55:13.248+0000][1][safepoint    ] Safepoint "RevokeBias", Time since last: 102845075 ns, Reaching safepoint: 122469 ns, At safepoint: 34737 ns, Total: 157206 ns
[2020-09-11T16:55:13.248+0000][1][safepoint    ] Safepoint "RevokeBias", Time since last: 222030 ns, Reaching safepoint: 86561 ns, At safepoint: 28506 ns, Total: 115067 ns
[2020-09-11T16:55:13.250+0000][1][safepoint    ] Safepoint "RevokeBias", Time since last: 1924404 ns, Reaching safepoint: 94991 ns, At safepoint: 28981 ns, Total: 123972 ns
[2020-09-11T16:55:13.251+0000][1][safepoint    ] Safepoint "RevokeBias", Time since last: 48744 ns, Reaching safepoint: 84919 ns, At safepoint: 23656 ns, Total: 108575 ns
[2020-09-11T16:55:13.273+0000][1][safepoint    ] Safepoint "RevokeBias", Time since last: 22179551 ns, Reaching safepoint: 119768 ns, At safepoint: 27010 ns, Total: 146778 ns
[2020-09-11T16:55:13.273+0000][1][safepoint    ] Safepoint "RevokeBias", Time since last: 390842 ns, Reaching safepoint: 88443 ns, At safepoint: 17481 ns, Total: 105924 ns
[2020-09-11T16:55:13.317+0000][1][safepoint    ] Safepoint "RevokeBias", Time since last: 42090956 ns, Reaching safepoint: 1297799 ns, At safepoint: 28100 ns, Total: 1325899 ns
[2020-09-11T16:55:13.522+0000][1][safepoint    ] Safepoint "RevokeBias", Time since last: 200964119 ns, Reaching safepoint: 4039076 ns, At safepoint: 23978 ns, Total: 4063054 ns
[2020-09-11T16:55:13.613+0000][1][safepoint    ] Safepoint "RevokeBias", Time since last: 82922165 ns, Reaching safepoint: 7995654 ns, At safepoint: 38662 ns, Total: 8034316 ns
[2020-09-11T16:55:13.613+0000][1][safepoint    ] Safepoint "RevokeBias", Time since last: 74797 ns, Reaching safepoint: 85320 ns, At safepoint: 23638 ns, Total: 108958 ns
[2020-09-11T16:55:13.878+0000][1][safepoint    ] Safepoint "RevokeBias", Time since last: 263932864 ns, Reaching safepoint: 620267 ns, At safepoint: 38300 ns, Total: 658567 ns
[2020-09-11T16:55:13.898+0000][1][safepoint    ] Safepoint "RevokeBias", Time since last: 19621736 ns, Reaching safepoint: 603908 ns, At safepoint: 33399 ns, Total: 637307 ns
[2020-09-11T16:55:13.900+0000][1][safepoint    ] Safepoint "RevokeBias", Time since last: 309920 ns, Reaching safepoint: 1399045 ns, At safepoint: 32999 ns, Total: 1432044 ns
[2020-09-11T16:55:13.916+0000][1][safepoint    ] Safepoint "RevokeBias", Time since last: 16294281 ns, Reaching safepoint: 109010 ns, At safepoint: 17308 ns, Total: 126318 ns
[2020-09-11T16:55:13.920+0000][1][safepoint    ] Safepoint "RevokeBias", Time since last: 4304956 ns, Reaching safepoint: 109385 ns, At safepoint: 23205 ns, Total: 132590 ns
[2020-09-11T16:55:13.921+0000][1][safepoint    ] Safepoint "RevokeBias", Time since last: 57499 ns, Reaching safepoint: 88899 ns, At safepoint: 16201 ns, Total: 105100 ns
[2020-09-11T16:55:13.932+0000][1][safepoint    ] Safepoint "RevokeBias", Time since last: 4985246 ns, Reaching safepoint: 6574489 ns, At safepoint: 28977 ns, Total: 6603466 ns
[2020-09-11T16:55:13.971+0000][1][safepoint    ] Safepoint "RevokeBias", Time since last: 28755849 ns, Reaching safepoint: 10116008 ns, At safepoint: 24182 ns, Total: 10140190 ns
[2020-09-11T16:55:13.997+0000][1][safepoint    ] Safepoint "RevokeBias", Time since last: 7797018 ns, Reaching safepoint: 18211022 ns, At safepoint: 28214 ns, Total: 18239236 ns
[2020-09-11T16:55:14.008+0000][1][safepoint    ] Safepoint "RevokeBias", Time since last: 10526202 ns, Reaching safepoint: 117814 ns, At safepoint: 16874 ns, Total: 134688 ns
[2020-09-11T16:55:14.021+0000][1][safepoint    ] Safepoint "RevokeBias", Time since last: 13550776 ns, Reaching safepoint: 115683 ns, At safepoint: 22549 ns, Total: 138232 ns
[2020-09-11T16:55:14.029+0000][1][safepoint    ] Safepoint "RevokeBias", Time since last: 7366455 ns, Reaching safepoint: 120118 ns, At safepoint: 16949 ns, Total: 137067 ns
[2020-09-11T16:55:14.029+0000][1][safepoint    ] Safepoint "RevokeBias", Time since last: 70998 ns, Reaching safepoint: 93344 ns, At safepoint: 12207 ns, Total: 105551 ns
[2020-09-11T16:55:14.083+0000][1][safepoint    ] Safepoint "RevokeBias", Time since last: 41825710 ns, Reaching safepoint: 11876200 ns, At safepoint: 25982 ns, Total: 11902182 ns
[2020-09-11T16:55:14.091+0000][1][safepoint    ] Safepoint "RevokeBias", Time since last: 6552463 ns, Reaching safepoint: 1540721 ns, At safepoint: 22824 ns, Total: 1563545 ns
[2020-09-11T16:55:14.213+0000][1][safepoint    ] Safepoint "RevokeBias", Time since last: 122271189 ns, Reaching safepoint: 132426 ns, At safepoint: 15549 ns, Total: 147975 ns
[2020-09-11T16:55:14.220+0000][1][safepoint    ] Safepoint "RevokeBias", Time since last: 6469243 ns, Reaching safepoint: 110378 ns, At safepoint: 14344 ns, Total: 124722 ns
[2020-09-11T16:55:14.220+0000][1][safepoint    ] Safepoint "RevokeBias", Time since last: 97185 ns, Reaching safepoint: 94581 ns, At safepoint: 9868 ns, Total: 104449 ns
[2020-09-11T16:55:14.220+0000][1][safepoint    ] Safepoint "RevokeBias", Time since last: 53319 ns, Reaching safepoint: 83040 ns, At safepoint: 13013 ns, Total: 96053 ns
[2020-09-11T16:55:14.229+0000][1][safepoint    ] Safepoint "RevokeBias", Time since last: 8383111 ns, Reaching safepoint: 111038 ns, At safepoint: 14572 ns, Total: 125610 ns
[2020-09-11T16:55:14.230+0000][1][safepoint    ] Safepoint "RevokeBias", Time since last: 1276717 ns, Reaching safepoint: 99292 ns, At safepoint: 14895 ns, Total: 114187 ns
[2020-09-11T16:55:14.298+0000][1][safepoint    ] Safepoint "RevokeBias", Time since last: 67589976 ns, Reaching safepoint: 106652 ns, At safepoint: 14532 ns, Total: 121184 ns
[2020-09-11T16:55:14.381+0000][1][safepoint    ] Safepoint "RevokeBias", Time since last: 82783869 ns, Reaching safepoint: 107122 ns, At safepoint: 25151 ns, Total: 132273 ns
[2020-09-11T16:55:14.752+0000][1][gc,start     ] GC(65) Pause Young (Allocation Failure)
[2020-09-11T16:55:14.753+0000][1][gc,task      ] GC(65) Using 1 workers of 1 for evacuation
[2020-09-11T16:55:14.872+0000][1][gc,age       ] GC(65) Desired survivor size 4358144 bytes, new threshold 2 (max threshold 6)
[2020-09-11T16:55:14.872+0000][1][gc,age       ] GC(65) Age table with threshold 2 (max threshold 6)
[2020-09-11T16:55:14.872+0000][1][gc,age       ] GC(65) - age   1:    2468104 bytes,    2468104 total
[2020-09-11T16:55:14.872+0000][1][gc,age       ] GC(65) - age   2:    3416440 bytes,    5884544 total
[2020-09-11T16:55:14.872+0000][1][gc,heap      ] GC(65) ParNew: 75986K->6075K(76672K)
[2020-09-11T16:55:14.872+0000][1][gc,heap      ] GC(65) CMS: 55557K->58937K(439104K)
[2020-09-11T16:55:14.872+0000][1][gc,metaspace ] GC(65) Metaspace: 73577K->73577K(1116160K)
[2020-09-11T16:55:14.872+0000][1][gc           ] GC(65) Pause Young (Allocation Failure) 128M->63M(503M) 119.194ms
[2020-09-11T16:55:14.872+0000][1][gc,cpu       ] GC(65) User=0.04s Sys=0.00s Real=0.12s
[2020-09-11T16:55:14.896+0000][1][safepoint    ] Safepoint "GenCollectForAllocation", Time since last: 371420404 ns, Reaching safepoint: 120856 ns, At safepoint: 143705333 ns, Total: 143826189 ns
[2020-09-11T16:55:14.917+0000][1][safepoint    ] Safepoint "RevokeBias", Time since last: 16993029 ns, Reaching safepoint: 3651778 ns, At safepoint: 33030 ns, Total: 3684808 ns
[2020-09-11T16:55:14.922+0000][1][safepoint    ] Safepoint "RevokeBias", Time since last: 4032134 ns, Reaching safepoint: 801491 ns, At safepoint: 37407 ns, Total: 838898 ns
[2020-09-11T16:55:15.081+0000][1][safepoint    ] Safepoint "RevokeBias", Time since last: 155293267 ns, Reaching safepoint: 3830889 ns, At safepoint: 64650 ns, Total: 3895539 ns
[2020-09-11T16:55:15.101+0000][1][safepoint    ] Safepoint "RevokeBias", Time since last: 19423669 ns, Reaching safepoint: 481412 ns, At safepoint: 53957 ns, Total: 535369 ns
[2020-09-11T16:55:15.102+0000][1][safepoint    ] Safepoint "RevokeBias", Time since last: 546518 ns, Reaching safepoint: 91910 ns, At safepoint: 41846 ns, Total: 133756 ns
[2020-09-11T16:55:15.105+0000][1][safepoint    ] Safepoint "RevokeBias", Time since last: 552559 ns, Reaching safepoint: 2719142 ns, At safepoint: 56457 ns, Total: 2775599 ns
[2020-09-11T16:55:15.324+0000][1][safepoint    ] Safepoint "RevokeBias", Time since last: 218655468 ns, Reaching safepoint: 116362 ns, At safepoint: 15928 ns, Total: 132290 ns
[2020-09-11T16:55:15.333+0000][1][safepoint    ] Safepoint "RevokeBias", Time since last: 8879012 ns, Reaching safepoint: 183287 ns, At safepoint: 16379 ns, Total: 199666 ns
[2020-09-11T16:55:15.338+0000][1][safepoint    ] Safepoint "RevokeBias", Time since last: 5202060 ns, Reaching safepoint: 106206 ns, At safepoint: 25341 ns, Total: 131547 ns
[2020-09-11T16:55:15.374+0000][1][safepoint    ] Safepoint "RevokeBias", Time since last: 35438832 ns, Reaching safepoint: 863353 ns, At safepoint: 46162 ns, Total: 909515 ns
[2020-09-11T16:55:15.939+0000][1][safepoint    ] Safepoint "RevokeBias", Time since last: 554357333 ns, Reaching safepoint: 10244650 ns, At safepoint: 58107 ns, Total: 10302757 ns
[2020-09-11T16:55:15.945+0000][1][safepoint    ] Safepoint "RevokeBias", Time since last: 5693465 ns, Reaching safepoint: 100603 ns, At safepoint: 40515 ns, Total: 141118 ns
[2020-09-11T16:55:15.945+0000][1][safepoint    ] Safepoint "RevokeBias", Time since last: 154701 ns, Reaching safepoint: 85681 ns, At safepoint: 10349 ns, Total: 96030 ns
[2020-09-11T16:55:15.949+0000][1][safepoint    ] Safepoint "RevokeBias", Time since last: 4028162 ns, Reaching safepoint: 113554 ns, At safepoint: 16170 ns, Total: 129724 ns
[2020-09-11T16:55:15.955+0000][1][safepoint    ] Safepoint "RevokeBias", Time since last: 5622453 ns, Reaching safepoint: 117650 ns, At safepoint: 16279 ns, Total: 133929 ns
[2020-09-11T16:55:16.152+0000][1][safepoint    ] Safepoint "RevokeBias", Time since last: 196612668 ns, Reaching safepoint: 107863 ns, At safepoint: 14855 ns, Total: 122718 ns
[2020-09-11T16:55:16.153+0000][1][safepoint    ] Safepoint "RevokeBias", Time since last: 1067775 ns, Reaching safepoint: 107590 ns, At safepoint: 12686 ns, Total: 120276 ns
[2020-09-11T16:55:16.158+0000][1][safepoint    ] Safepoint "RevokeBias", Time since last: 4646376 ns, Reaching safepoint: 112253 ns, At safepoint: 15577 ns, Total: 127830 ns
[2020-09-11T16:55:16.257+0000][1][safepoint    ] Safepoint "RevokeBias", Time since last: 94845557 ns, Reaching safepoint: 4186638 ns, At safepoint: 31992 ns, Total: 4218630 ns
[2020-09-11T16:55:16.258+0000][1][safepoint    ] Safepoint "RevokeBias", Time since last: 651588 ns, Reaching safepoint: 90114 ns, At safepoint: 30499 ns, Total: 120613 ns
[2020-09-11T16:55:16.422+0000][1][safepoint    ] Safepoint "RevokeBias", Time since last: 164688643 ns, Reaching safepoint: 112675 ns, At safepoint: 13766 ns, Total: 126441 ns
[2020-09-11T16:55:16.430+0000][1][safepoint    ] Safepoint "RevokeBias", Time since last: 7943056 ns, Reaching safepoint: 106441 ns, At safepoint: 13042 ns, Total: 119483 ns
[2020-09-11T16:55:16.802+0000][1][safepoint    ] Safepoint "RevokeBias", Time since last: 362291688 ns, Reaching safepoint: 9111100 ns, At safepoint: 57262 ns, Total: 9168362 ns
[2020-09-11T16:55:16.813+0000][1][safepoint    ] Safepoint "RevokeBias", Time since last: 10847503 ns, Reaching safepoint: 116380 ns, At safepoint: 51501 ns, Total: 167881 ns
[2020-09-11T16:55:16.893+0000][1][safepoint    ] Safepoint "RevokeBias", Time since last: 79812141 ns, Reaching safepoint: 650731 ns, At safepoint: 49673 ns, Total: 700404 ns
[2020-09-11T16:55:17.050+0000][1][safepoint    ] Safepoint "RevokeBias", Time since last: 156586755 ns, Reaching safepoint: 126044 ns, At safepoint: 19960 ns, Total: 146004 ns
[2020-09-11T16:55:17.100+0000][1][safepoint    ] Safepoint "RevokeBias", Time since last: 49481131 ns, Reaching safepoint: 119937 ns, At safepoint: 20118 ns, Total: 140055 ns
[2020-09-11T16:55:17.185+0000][1][safepoint    ] Safepoint "RevokeBias", Time since last: 84964032 ns, Reaching safepoint: 122455 ns, At safepoint: 15552 ns, Total: 138007 ns
[2020-09-11T16:55:17.221+0000][1][safepoint    ] Safepoint "RevokeBias", Time since last: 31299439 ns, Reaching safepoint: 4592179 ns, At safepoint: 27435 ns, Total: 4619614 ns
[2020-09-11T16:55:17.228+0000][1][safepoint    ] Safepoint "RevokeBias", Time since last: 6620512 ns, Reaching safepoint: 122786 ns, At safepoint: 20663 ns, Total: 143449 ns
[2020-09-11T16:55:17.240+0000][1][safepoint    ] Safepoint "RevokeBias", Time since last: 12434323 ns, Reaching safepoint: 121690 ns, At safepoint: 42197 ns, Total: 163887 ns
[2020-09-11T16:55:17.241+0000][1][safepoint    ] Safepoint "RevokeBias", Time since last: 497254 ns, Reaching safepoint: 66285 ns, At safepoint: 23400 ns, Total: 89685 ns
[2020-09-11T16:55:17.257+0000][1][safepoint    ] Safepoint "RevokeBias", Time since last: 16283096 ns, Reaching safepoint: 104110 ns, At safepoint: 18590 ns, Total: 122700 ns
[2020-09-11T16:55:17.257+0000][1][safepoint    ] Safepoint "RevokeBias", Time since last: 268352 ns, Reaching safepoint: 17972 ns, At safepoint: 9380 ns, Total: 27352 ns
[2020-09-11T16:55:17.258+0000][1][safepoint    ] Safepoint "RevokeBias", Time since last: 119533 ns, Reaching safepoint: 15507 ns, At safepoint: 8631 ns, Total: 24138 ns
[2020-09-11T16:55:17.258+0000][1][safepoint    ] Safepoint "RevokeBias", Time since last: 126542 ns, Reaching safepoint: 15898 ns, At safepoint: 8710 ns, Total: 24608 ns
[2020-09-11T16:55:17.258+0000][1][safepoint    ] Safepoint "RevokeBias", Time since last: 74851 ns, Reaching safepoint: 14876 ns, At safepoint: 8572 ns, Total: 23448 ns
[2020-09-11T16:55:17.258+0000][1][safepoint    ] Safepoint "RevokeBias", Time since last: 125021 ns, Reaching safepoint: 15498 ns, At safepoint: 8596 ns, Total: 24094 ns
[2020-09-11T16:55:17.260+0000][1][safepoint    ] Safepoint "RevokeBias", Time since last: 2031688 ns, Reaching safepoint: 15738 ns, At safepoint: 9436 ns, Total: 25174 ns
[2020-09-11T16:55:17.260+0000][1][safepoint    ] Safepoint "BulkRevokeBias", Time since last: 131594 ns, Reaching safepoint: 15725 ns, At safepoint: 115626 ns, Total: 131351 ns
[2020-09-11T16:55:17.261+0000][1][safepoint    ] Safepoint "BulkRevokeBias", Time since last: 82541 ns, Reaching safepoint: 14467 ns, At safepoint: 68990 ns, Total: 83457 ns
[2020-09-11T16:55:17.266+0000][1][safepoint    ] Safepoint "RevokeBias", Time since last: 5183642 ns, Reaching safepoint: 108687 ns, At safepoint: 15051 ns, Total: 123738 ns
[2020-09-11T16:55:17.273+0000][1][safepoint    ] Safepoint "RevokeBias", Time since last: 6963696 ns, Reaching safepoint: 116386 ns, At safepoint: 16916 ns, Total: 133302 ns
[2020-09-11T16:55:17.286+0000][1][safepoint    ] Safepoint "RevokeBias", Time since last: 11857997 ns, Reaching safepoint: 730901 ns, At safepoint: 18709 ns, Total: 749610 ns
[2020-09-11T16:55:17.293+0000][1][safepoint    ] Safepoint "RevokeBias", Time since last: 5891206 ns, Reaching safepoint: 1359561 ns, At safepoint: 20807 ns, Total: 1380368 ns
[2020-09-11T16:55:17.309+0000][1][safepoint    ] Safepoint "RevokeBias", Time since last: 15978534 ns, Reaching safepoint: 111086 ns, At safepoint: 17174 ns, Total: 128260 ns
[2020-09-11T16:55:17.326+0000][1][safepoint    ] Safepoint "RevokeBias", Time since last: 16800087 ns, Reaching safepoint: 40538 ns, At safepoint: 17574 ns, Total: 58112 ns
[2020-09-11T16:55:17.335+0000][1][safepoint    ] Safepoint "RevokeBias", Time since last: 9106713 ns, Reaching safepoint: 49039 ns, At safepoint: 18379 ns, Total: 67418 ns
[2020-09-11T16:55:17.341+0000][1][safepoint    ] Safepoint "RevokeBias", Time since last: 5518638 ns, Reaching safepoint: 110335 ns, At safepoint: 14040 ns, Total: 124375 ns
[2020-09-11T16:55:17.341+0000][1][safepoint    ] Safepoint "RevokeBias", Time since last: 381229 ns, Reaching safepoint: 88656 ns, At safepoint: 11040 ns, Total: 99696 ns
[2020-09-11T16:55:17.379+0000][1][safepoint    ] Safepoint "RevokeBias", Time since last: 15731656 ns, Reaching safepoint: 21842736 ns, At safepoint: 23379 ns, Total: 21866115 ns
[2020-09-11T16:55:17.577+0000][1][safepoint    ] Safepoint "RevokeBias", Time since last: 198657002 ns, Reaching safepoint: 123343 ns, At safepoint: 17527 ns, Total: 140870 ns
[2020-09-11T16:55:17.593+0000][1][safepoint    ] Safepoint "RevokeBias", Time since last: 15043917 ns, Reaching safepoint: 296263 ns, At safepoint: 16560 ns, Total: 312823 ns
[2020-09-11T16:55:17.603+0000][1][safepoint    ] Safepoint "RevokeBias", Time since last: 637505 ns, Reaching safepoint: 9012269 ns, At safepoint: 27612 ns, Total: 9039881 ns
[2020-09-11T16:55:17.702+0000][1][safepoint    ] Safepoint "RevokeBias", Time since last: 99665586 ns, Reaching safepoint: 125631 ns, At safepoint: 19918 ns, Total: 145549 ns
[2020-09-11T16:55:17.717+0000][1][safepoint    ] Safepoint "RevokeBias", Time since last: 12015837 ns, Reaching safepoint: 2473725 ns, At safepoint: 23151 ns, Total: 2496876 ns
[2020-09-11T16:55:18.023+0000][1][safepoint    ] Safepoint "RevokeBias", Time since last: 305877205 ns, Reaching safepoint: 125161 ns, At safepoint: 37822 ns, Total: 162983 ns
[2020-09-11T16:55:18.024+0000][1][safepoint    ] Safepoint "RevokeBias", Time since last: 611988 ns, Reaching safepoint: 89586 ns, At safepoint: 25639 ns, Total: 115225 ns
[2020-09-11T16:55:18.449+0000][1][safepoint    ] Safepoint "RevokeBias", Time since last: 422852781 ns, Reaching safepoint: 2378232 ns, At safepoint: 31054 ns, Total: 2409286 ns
[2020-09-11T16:55:18.461+0000][1][safepoint    ] Safepoint "RevokeBias", Time since last: 11952275 ns, Reaching safepoint: 174791 ns, At safepoint: 23177 ns, Total: 197968 ns
[2020-09-11T16:55:18.523+0000][1][safepoint    ] Safepoint "RevokeBias", Time since last: 61059213 ns, Reaching safepoint: 557268 ns, At safepoint: 47005 ns, Total: 604273 ns
[2020-09-11T16:55:18.865+0000][1][safepoint    ] Safepoint "RevokeBias", Time since last: 342512168 ns, Reaching safepoint: 149095 ns, At safepoint: 21764 ns, Total: 170859 ns
[2020-09-11T16:55:18.866+0000][1][safepoint    ] Safepoint "RevokeBias", Time since last: 554029 ns, Reaching safepoint: 94063 ns, At safepoint: 11417 ns, Total: 105480 ns
[2020-09-11T16:55:18.869+0000][1][safepoint    ] Safepoint "RevokeBias", Time since last: 3231481 ns, Reaching safepoint: 111304 ns, At safepoint: 15425 ns, Total: 126729 ns
[2020-09-11T16:55:18.962+0000][1][safepoint    ] Safepoint "RevokeBias", Time since last: 92815873 ns, Reaching safepoint: 131717 ns, At safepoint: 17702 ns, Total: 149419 ns
[2020-09-11T16:55:18.963+0000][1][safepoint    ] Safepoint "RevokeBias", Time since last: 235946 ns, Reaching safepoint: 87887 ns, At safepoint: 43843 ns, Total: 131730 ns
[2020-09-11T16:55:18.963+0000][1][safepoint    ] Safepoint "RevokeBias", Time since last: 526369 ns, Reaching safepoint: 93378 ns, At safepoint: 42736 ns, Total: 136114 ns
[2020-09-11T16:55:18.965+0000][1][safepoint    ] Safepoint "RevokeBias", Time since last: 1814841 ns, Reaching safepoint: 97719 ns, At safepoint: 13207 ns, Total: 110926 ns
[2020-09-11T16:55:19.081+0000][1][safepoint    ] Safepoint "RevokeBias", Time since last: 115491013 ns, Reaching safepoint: 106353 ns, At safepoint: 15889 ns, Total: 122242 ns
[2020-09-11T16:55:19.081+0000][1][safepoint    ] Safepoint "RevokeBias", Time since last: 266665 ns, Reaching safepoint: 89115 ns, At safepoint: 11360 ns, Total: 100475 ns
[2020-09-11T16:55:19.082+0000][1][safepoint    ] Safepoint "RevokeBias", Time since last: 241418 ns, Reaching safepoint: 88244 ns, At safepoint: 10355 ns, Total: 98599 ns
[2020-09-11T16:55:19.113+0000][1][safepoint    ] Safepoint "RevokeBias", Time since last: 22029579 ns, Reaching safepoint: 9177396 ns, At safepoint: 27032 ns, Total: 9204428 ns
[2020-09-11T16:55:19.258+0000][1][safepoint    ] Safepoint "RevokeBias", Time since last: 144593080 ns, Reaching safepoint: 986240 ns, At safepoint: 40247 ns, Total: 1026487 ns
[2020-09-11T16:55:19.269+0000][1][safepoint    ] Safepoint "RevokeBias", Time since last: 10300155 ns, Reaching safepoint: 109781 ns, At safepoint: 35437 ns, Total: 145218 ns
[2020-09-11T16:55:19.433+0000][1][safepoint    ] Safepoint "RevokeBias", Time since last: 153506427 ns, Reaching safepoint: 10394017 ns, At safepoint: 23578 ns, Total: 10417595 ns
[2020-09-11T16:55:19.445+0000][1][safepoint    ] Safepoint "RevokeBias", Time since last: 12197890 ns, Reaching safepoint: 115038 ns, At safepoint: 51085 ns, Total: 166123 ns
[2020-09-11T16:55:19.466+0000][1][safepoint    ] Safepoint "RevokeBias", Time since last: 20913168 ns, Reaching safepoint: 185066 ns, At safepoint: 47404 ns, Total: 232470 ns
[2020-09-11T16:55:19.494+0000][1][safepoint    ] Safepoint "RevokeBias", Time since last: 26426723 ns, Reaching safepoint: 799094 ns, At safepoint: 19574 ns, Total: 818668 ns
[2020-09-11T16:55:19.661+0000][1][safepoint    ] Safepoint "RevokeBias", Time since last: 167653597 ns, Reaching safepoint: 115723 ns, At safepoint: 52285 ns, Total: 168008 ns
[2020-09-11T16:55:19.662+0000][1][safepoint    ] Safepoint "RevokeBias", Time since last: 837596 ns, Reaching safepoint: 93982 ns, At safepoint: 40015 ns, Total: 133997 ns
[2020-09-11T16:55:19.668+0000][1][safepoint    ] Safepoint "RevokeBias", Time since last: 5653338 ns, Reaching safepoint: 132118 ns, At safepoint: 14975 ns, Total: 147093 ns
[2020-09-11T16:55:19.918+0000][1][safepoint    ] Safepoint "RevokeBias", Time since last: 248615928 ns, Reaching safepoint: 1267078 ns, At safepoint: 51100 ns, Total: 1318178 ns
[2020-09-11T16:55:19.928+0000][1][safepoint    ] Safepoint "RevokeBias", Time since last: 10154785 ns, Reaching safepoint: 141343 ns, At safepoint: 36807 ns, Total: 178150 ns
[2020-09-11T16:55:19.973+0000][1][safepoint    ] Safepoint "RevokeBias", Time since last: 44355189 ns, Reaching safepoint: 133552 ns, At safepoint: 17878 ns, Total: 151430 ns
[2020-09-11T16:55:20.096+0000][1][safepoint    ] Safepoint "RevokeBias", Time since last: 122812725 ns, Reaching safepoint: 110314 ns, At safepoint: 23759 ns, Total: 134073 ns
[2020-09-11T16:55:20.127+0000][1][safepoint    ] Safepoint "RevokeBias", Time since last: 29871849 ns, Reaching safepoint: 848965 ns, At safepoint: 47956 ns, Total: 896921 ns
[2020-09-11T16:55:20.129+0000][1][safepoint    ] Safepoint "RevokeBias", Time since last: 2098428 ns, Reaching safepoint: 113999 ns, At safepoint: 14518 ns, Total: 128517 ns
[2020-09-11T16:55:20.139+0000][1][safepoint    ] Safepoint "RevokeBias", Time since last: 9573096 ns, Reaching safepoint: 116956 ns, At safepoint: 15899 ns, Total: 132855 ns
[2020-09-11T16:55:20.159+0000][1][safepoint    ] Safepoint "BulkRevokeBias", Time since last: 19770945 ns, Reaching safepoint: 114961 ns, At safepoint: 127212 ns, Total: 242173 ns
[2020-09-11T16:55:20.182+0000][1][safepoint    ] Safepoint "BulkRevokeBias", Time since last: 22150767 ns, Reaching safepoint: 588651 ns, At safepoint: 152933 ns, Total: 741584 ns
[2020-09-11T16:55:20.269+0000][1][safepoint    ] Safepoint "RevokeBias", Time since last: 87269920 ns, Reaching safepoint: 124914 ns, At safepoint: 53210 ns, Total: 178124 ns
[2020-09-11T16:55:21.186+0000][1][safepoint    ] Safepoint "RevokeBias", Time since last: 916788346 ns, Reaching safepoint: 52333 ns, At safepoint: 13995 ns, Total: 66328 ns
[2020-09-11T16:55:21.978+0000][1][safepoint    ] Safepoint "RevokeBias", Time since last: 792611132 ns, Reaching safepoint: 35322 ns, At safepoint: 13988 ns, Total: 49310 ns
[2020-09-11T16:55:21.985+0000][1][safepoint    ] Safepoint "RevokeBias", Time since last: 6811267 ns, Reaching safepoint: 123630 ns, At safepoint: 16002 ns, Total: 139632 ns
[2020-09-11T16:55:22.153+0000][1][safepoint    ] Safepoint "RevokeBias", Time since last: 167539753 ns, Reaching safepoint: 61669 ns, At safepoint: 38295 ns, Total: 99964 ns
[2020-09-11T16:55:22.161+0000][1][safepoint    ] Safepoint "RevokeBias", Time since last: 7757991 ns, Reaching safepoint: 47108 ns, At safepoint: 42893 ns, Total: 90001 ns
[2020-09-11T16:55:22.162+0000][1][safepoint    ] Safepoint "RevokeBias", Time since last: 808942 ns, Reaching safepoint: 19207 ns, At safepoint: 26093 ns, Total: 45300 ns
[2020-09-11T16:55:22.163+0000][1][safepoint    ] Safepoint "RevokeBias", Time since last: 1077114 ns, Reaching safepoint: 22390 ns, At safepoint: 10611 ns, Total: 33001 ns
[2020-09-11T16:55:22.163+0000][1][safepoint    ] Safepoint "RevokeBias", Time since last: 410650 ns, Reaching safepoint: 19218 ns, At safepoint: 24735 ns, Total: 43953 ns
[2020-09-11T16:55:22.164+0000][1][safepoint    ] Safepoint "RevokeBias", Time since last: 334184 ns, Reaching safepoint: 18044 ns, At safepoint: 20225 ns, Total: 38269 ns
[2020-09-11T16:55:22.164+0000][1][safepoint    ] Safepoint "RevokeBias", Time since last: 333087 ns, Reaching safepoint: 17573 ns, At safepoint: 20183 ns, Total: 37756 ns
[2020-09-11T16:55:22.165+0000][1][safepoint    ] Safepoint "RevokeBias", Time since last: 1121977 ns, Reaching safepoint: 20297 ns, At safepoint: 21480 ns, Total: 41777 ns
[2020-09-11T16:55:22.169+0000][1][safepoint    ] Safepoint "RevokeBias", Time since last: 3770155 ns, Reaching safepoint: 41176 ns, At safepoint: 35544 ns, Total: 76720 ns
[2020-09-11T16:55:22.170+0000][1][safepoint    ] Safepoint "BulkRevokeBias", Time since last: 277001 ns, Reaching safepoint: 17326 ns, At safepoint: 122417 ns, Total: 139743 ns
[2020-09-11T16:55:22.188+0000][1][safepoint    ] Safepoint "RevokeBias", Time since last: 17850521 ns, Reaching safepoint: 126853 ns, At safepoint: 26408 ns, Total: 153261 ns
[2020-09-11T16:55:22.192+0000][1][safepoint    ] Safepoint "RevokeBias", Time since last: 4525379 ns, Reaching safepoint: 123553 ns, At safepoint: 27285 ns, Total: 150838 ns
[2020-09-11T16:55:22.193+0000][1][safepoint    ] Safepoint "RevokeBias", Time since last: 599966 ns, Reaching safepoint: 89589 ns, At safepoint: 19223 ns, Total: 108812 ns
[2020-09-11T16:55:22.193+0000][1][safepoint    ] Safepoint "RevokeBias", Time since last: 330477 ns, Reaching safepoint: 87778 ns, At safepoint: 17783 ns, Total: 105561 ns
[2020-09-11T16:55:22.209+0000][1][safepoint    ] Safepoint "RevokeBias", Time since last: 15472671 ns, Reaching safepoint: 118626 ns, At safepoint: 20525 ns, Total: 139151 ns
[2020-09-11T16:55:22.210+0000][1][safepoint    ] Safepoint "RevokeBias", Time since last: 921569 ns, Reaching safepoint: 91174 ns, At safepoint: 14449 ns, Total: 105623 ns
[2020-09-11T16:55:22.225+0000][1][safepoint    ] Safepoint "RevokeBias", Time since last: 15444293 ns, Reaching safepoint: 41817 ns, At safepoint: 14478 ns, Total: 56295 ns
[2020-09-11T16:55:22.226+0000][1][safepoint    ] Safepoint "RevokeBias", Time since last: 355706 ns, Reaching safepoint: 17346 ns, At safepoint: 9436 ns, Total: 26782 ns
[2020-09-11T16:55:22.226+0000][1][safepoint    ] Safepoint "RevokeBias", Time since last: 572554 ns, Reaching safepoint: 27491 ns, At safepoint: 9853 ns, Total: 37344 ns
[2020-09-11T16:55:22.238+0000][1][safepoint    ] Safepoint "RevokeBias", Time since last: 11098420 ns, Reaching safepoint: 252882 ns, At safepoint: 16434 ns, Total: 269316 ns
[2020-09-11T16:55:22.343+0000][1][gc,start     ] GC(66) Pause Young (Allocation Failure)
[2020-09-11T16:55:22.343+0000][1][gc,task      ] GC(66) Using 1 workers of 1 for evacuation
[2020-09-11T16:55:22.527+0000][1][gc,age       ] GC(66) Desired survivor size 4358144 bytes, new threshold 6 (max threshold 6)
[2020-09-11T16:55:22.527+0000][1][gc,age       ] GC(66) Age table with threshold 6 (max threshold 6)
[2020-09-11T16:55:22.527+0000][1][gc,age       ] GC(66) - age   1:     872424 bytes,     872424 total
[2020-09-11T16:55:22.527+0000][1][gc,age       ] GC(66) - age   2:    2289528 bytes,    3161952 total
[2020-09-11T16:55:22.527+0000][1][gc,heap      ] GC(66) ParNew: 74235K->5828K(76672K)
[2020-09-11T16:55:22.527+0000][1][gc,heap      ] GC(66) CMS: 58937K->62410K(439104K)
[2020-09-11T16:55:22.527+0000][1][gc,metaspace ] GC(66) Metaspace: 74400K->74400K(1118208K)
[2020-09-11T16:55:22.527+0000][1][gc           ] GC(66) Pause Young (Allocation Failure) 130M->66M(503M) 184.391ms
[2020-09-11T16:55:22.527+0000][1][gc,cpu       ] GC(66) User=0.05s Sys=0.00s Real=0.18s
[2020-09-11T16:55:22.541+0000][1][safepoint    ] Safepoint "GenCollectForAllocation", Time since last: 104553500 ns, Reaching safepoint: 131145 ns, At safepoint: 198301779 ns, Total: 198432924 ns
[2020-09-11T16:55:23.483+0000][1][safepoint    ] Safepoint "RevokeBias", Time since last: 941898070 ns, Reaching safepoint: 61035 ns, At safepoint: 16096 ns, Total: 77131 ns
[2020-09-11T16:55:23.830+0000][1][safepoint    ] Safepoint "RevokeBias", Time since last: 346628844 ns, Reaching safepoint: 122954 ns, At safepoint: 20769 ns, Total: 143723 ns
[2020-09-11T16:55:23.830+0000][1][safepoint    ] Safepoint "RevokeBias", Time since last: 76804 ns, Reaching safepoint: 89097 ns, At safepoint: 11451 ns, Total: 100548 ns
[2020-09-11T16:55:24.832+0000][1][safepoint    ] Safepoint "Cleanup", Time since last: 1001829828 ns, Reaching safepoint: 59894 ns, At safepoint: 6527 ns, Total: 66421 ns
[2020-09-11T16:55:25.833+0000][1][safepoint    ] Safepoint "Cleanup", Time since last: 1000119335 ns, Reaching safepoint: 1054272 ns, At safepoint: 9463 ns, Total: 1063735 ns
[2020-09-11T16:55:26.833+0000][1][safepoint    ] Safepoint "Cleanup", Time since last: 1000118857 ns, Reaching safepoint: 66440 ns, At safepoint: 6823 ns, Total: 73263 ns
[2020-09-11T16:55:27.833+0000][1][safepoint    ] Safepoint "Cleanup", Time since last: 1000116165 ns, Reaching safepoint: 61494 ns, At safepoint: 7112 ns, Total: 68606 ns
[2020-09-11T16:55:28.258+0000][1][safepoint    ] Safepoint "RevokeBias", Time since last: 424170690 ns, Reaching safepoint: 143650 ns, At safepoint: 19502 ns, Total: 163152 ns
[2020-09-11T16:55:28.258+0000][1][safepoint    ] Safepoint "RevokeBias", Time since last: 392600 ns, Reaching safepoint: 94194 ns, At safepoint: 15216 ns, Total: 109410 ns
[2020-09-11T16:55:28.258+0000][1][safepoint    ] Safepoint "RevokeBias", Time since last: 216427 ns, Reaching safepoint: 90622 ns, At safepoint: 12768 ns, Total: 103390 ns
[2020-09-11T16:55:28.973+0000][1][safepoint    ] Safepoint "RevokeBias", Time since last: 714419132 ns, Reaching safepoint: 50128 ns, At safepoint: 21241 ns, Total: 71369 ns
[2020-09-11T16:55:29.289+0000][1][safepoint    ] Safepoint "RevokeBias", Time since last: 316118625 ns, Reaching safepoint: 125790 ns, At safepoint: 20680 ns, Total: 146470 ns
[2020-09-11T16:55:29.413+0000][1][safepoint    ] Safepoint "RevokeBias", Time since last: 123819089 ns, Reaching safepoint: 132218 ns, At safepoint: 21059 ns, Total: 153277 ns
[2020-09-11T16:55:29.414+0000][1][safepoint    ] Safepoint "RevokeBias", Time since last: 323858 ns, Reaching safepoint: 90902 ns, At safepoint: 12257 ns, Total: 103159 ns
[2020-09-11T16:55:29.414+0000][1][safepoint    ] Safepoint "RevokeBias", Time since last: 48263 ns, Reaching safepoint: 98939 ns, At safepoint: 11044 ns, Total: 109983 ns
[2020-09-11T16:55:29.414+0000][1][safepoint    ] Safepoint "RevokeBias", Time since last: 188017 ns, Reaching safepoint: 90977 ns, At safepoint: 11298 ns, Total: 102275 ns
[2020-09-11T16:55:29.421+0000][1][safepoint    ] Safepoint "RevokeBias", Time since last: 6859572 ns, Reaching safepoint: 130311 ns, At safepoint: 19769 ns, Total: 150080 ns
[2020-09-11T16:55:29.445+0000][1][safepoint    ] Safepoint "RevokeBias", Time since last: 23977212 ns, Reaching safepoint: 123671 ns, At safepoint: 19577 ns, Total: 143248 ns
[2020-09-11T16:55:29.445+0000][1][safepoint    ] Safepoint "RevokeBias", Time since last: 95691 ns, Reaching safepoint: 96961 ns, At safepoint: 11925 ns, Total: 108886 ns
[2020-09-11T16:55:29.782+0000][1][safepoint    ] Safepoint "Deoptimize", Time since last: 335734650 ns, Reaching safepoint: 123213 ns, At safepoint: 424344 ns, Total: 547557 ns
[2020-09-11T16:55:30.105+0000][1][safepoint    ] Safepoint "BulkRevokeBias", Time since last: 323550997 ns, Reaching safepoint: 144144 ns, At safepoint: 147983 ns, Total: 292127 ns
[2020-09-11T16:55:30.106+0000][1][safepoint    ] Safepoint "BulkRevokeBias", Time since last: 81303 ns, Reaching safepoint: 21447 ns, At safepoint: 113473 ns, Total: 134920 ns
[2020-09-11T16:55:30.133+0000][1][safepoint    ] Safepoint "RevokeBias", Time since last: 27479829 ns, Reaching safepoint: 121291 ns, At safepoint: 19666 ns, Total: 140957 ns
[2020-09-11T16:55:30.134+0000][1][safepoint    ] Safepoint "RevokeBias", Time since last: 312010 ns, Reaching safepoint: 93075 ns, At safepoint: 12551 ns, Total: 105626 ns
[2020-09-11T16:55:30.180+0000][1][safepoint    ] Safepoint "RevokeBias", Time since last: 45696237 ns, Reaching safepoint: 120391 ns, At safepoint: 16733 ns, Total: 137124 ns
[2020-09-11T16:55:30.180+0000][1][safepoint    ] Safepoint "RevokeBias", Time since last: 235189 ns, Reaching safepoint: 21750 ns, At safepoint: 11365 ns, Total: 33115 ns
[2020-09-11T16:55:30.410+0000][1][safepoint    ] Safepoint "RevokeBias", Time since last: 230098520 ns, Reaching safepoint: 128306 ns, At safepoint: 18731 ns, Total: 147037 ns
[2020-09-11T16:55:30.435+0000][1][safepoint    ] Safepoint "RevokeBias", Time since last: 24521709 ns, Reaching safepoint: 125659 ns, At safepoint: 18919 ns, Total: 144578 ns
[2020-09-11T16:55:30.437+0000][1][safepoint    ] Safepoint "RevokeBias", Time since last: 122226 ns, Reaching safepoint: 2004799 ns, At safepoint: 21671 ns, Total: 2026470 ns
[2020-09-11T16:55:30.472+0000][1][safepoint    ] Safepoint "RevokeBias", Time since last: 35255978 ns, Reaching safepoint: 129221 ns, At safepoint: 19888 ns, Total: 149109 ns
[2020-09-11T16:55:30.481+0000][1][safepoint    ] Safepoint "RevokeBias", Time since last: 9000490 ns, Reaching safepoint: 117338 ns, At safepoint: 19510 ns, Total: 136848 ns
[2020-09-11T16:55:30.504+0000][1][safepoint    ] Safepoint "RevokeBias", Time since last: 22516041 ns, Reaching safepoint: 129639 ns, At safepoint: 16336 ns, Total: 145975 ns
[2020-09-11T16:55:30.521+0000][1][safepoint    ] Safepoint "RevokeBias", Time since last: 10151091 ns, Reaching safepoint: 6774539 ns, At safepoint: 45274 ns, Total: 6819813 ns
[2020-09-11T16:55:30.535+0000][1][safepoint    ] Safepoint "RevokeBias", Time since last: 8980364 ns, Reaching safepoint: 4754908 ns, At safepoint: 17817 ns, Total: 4772725 ns
[2020-09-11T16:55:30.735+0000][1][safepoint    ] Safepoint "RevokeBias", Time since last: 200467514 ns, Reaching safepoint: 137296 ns, At safepoint: 10254 ns, Total: 147550 ns
[2020-09-11T16:55:30.737+0000][1][safepoint    ] Safepoint "RevokeBias", Time since last: 1399108 ns, Reaching safepoint: 102884 ns, At safepoint: 7358 ns, Total: 110242 ns
[2020-09-11T16:55:31.740+0000][1][safepoint    ] Safepoint "Cleanup", Time since last: 1000100301 ns, Reaching safepoint: 3259573 ns, At safepoint: 9832 ns, Total: 3269405 ns
[2020-09-11T16:55:32.741+0000][1][safepoint    ] Safepoint "Cleanup", Time since last: 1000122793 ns, Reaching safepoint: 445564 ns, At safepoint: 8678 ns, Total: 454242 ns
[2020-09-11T16:55:32.941+0000][1][safepoint    ] Safepoint "RevokeBias", Time since last: 199424462 ns, Reaching safepoint: 551222 ns, At safepoint: 15994 ns, Total: 567216 ns
[2020-09-11T16:55:32.953+0000][1][gc,start     ] GC(67) Pause Young (Allocation Failure)
[2020-09-11T16:55:32.953+0000][1][gc,task      ] GC(67) Using 1 workers of 1 for evacuation
[2020-09-11T16:55:32.993+0000][1][gc,age       ] GC(67) Desired survivor size 4358144 bytes, new threshold 6 (max threshold 6)
[2020-09-11T16:55:33.007+0000][1][gc,age       ] GC(67) Age table with threshold 6 (max threshold 6)
[2020-09-11T16:55:33.007+0000][1][gc,age       ] GC(67) - age   1:    1262256 bytes,    1262256 total
[2020-09-11T16:55:33.007+0000][1][gc,age       ] GC(67) - age   2:     781112 bytes,    2043368 total
[2020-09-11T16:55:33.007+0000][1][gc,age       ] GC(67) - age   3:    2133632 bytes,    4177000 total
[2020-09-11T16:55:33.007+0000][1][gc,heap      ] GC(67) ParNew: 73988K->5230K(76672K)
[2020-09-11T16:55:33.007+0000][1][gc,heap      ] GC(67) CMS: 62410K->62410K(439104K)
[2020-09-11T16:55:33.007+0000][1][gc,metaspace ] GC(67) Metaspace: 77217K->77217K(1120256K)
[2020-09-11T16:55:33.007+0000][1][gc           ] GC(67) Pause Young (Allocation Failure) 133M->66M(503M) 54.144ms
[2020-09-11T16:55:33.007+0000][1][gc,cpu       ] GC(67) User=0.02s Sys=0.00s Real=0.05s
[2020-09-11T16:55:33.020+0000][1][safepoint    ] Safepoint "GenCollectForAllocation", Time since last: 7977995 ns, Reaching safepoint: 4036933 ns, At safepoint: 66773411 ns, Total: 70810344 ns
[2020-09-11T16:55:33.078+0000][1][safepoint    ] Safepoint "RevokeBias", Time since last: 39803336 ns, Reaching safepoint: 2633476 ns, At safepoint: 15826269 ns, Total: 18459745 ns
[2020-09-11T16:55:33.078+0000][1][safepoint    ] Safepoint "RevokeBias", Time since last: 76069 ns, Reaching safepoint: 122408 ns, At safepoint: 16307 ns, Total: 138715 ns
[2020-09-11T16:55:33.078+0000][1][safepoint    ] Safepoint "RevokeBias", Time since last: 90077 ns, Reaching safepoint: 91645 ns, At safepoint: 23917 ns, Total: 115562 ns
[2020-09-11T16:55:33.080+0000][1][safepoint    ] Safepoint "RevokeBias", Time since last: 910964 ns, Reaching safepoint: 96552 ns, At safepoint: 295553 ns, Total: 392105 ns
[2020-09-11T16:55:33.119+0000][1][safepoint    ] Safepoint "RevokeBias", Time since last: 39153384 ns, Reaching safepoint: 137669 ns, At safepoint: 20722 ns, Total: 158391 ns
[2020-09-11T16:55:33.183+0000][1][safepoint    ] Safepoint "RevokeBias", Time since last: 63792865 ns, Reaching safepoint: 141029 ns, At safepoint: 44882 ns, Total: 185911 ns
[2020-09-11T16:55:33.445+0000][1][safepoint    ] Safepoint "RevokeBias", Time since last: 261560138 ns, Reaching safepoint: 137015 ns, At safepoint: 21904 ns, Total: 158919 ns
[2020-09-11T16:55:33.571+0000][1][safepoint    ] Safepoint "RevokeBias", Time since last: 125959740 ns, Reaching safepoint: 130584 ns, At safepoint: 25647 ns, Total: 156231 ns
[2020-09-11T16:55:33.702+0000][1][safepoint    ] Safepoint "RevokeBias", Time since last: 130619198 ns, Reaching safepoint: 1065859 ns, At safepoint: 27813 ns, Total: 1093672 ns
[2020-09-11T16:55:33.737+0000][1][safepoint    ] Safepoint "RevokeBias", Time since last: 31209657 ns, Reaching safepoint: 3191032 ns, At safepoint: 27269 ns, Total: 3218301 ns
[2020-09-11T16:55:33.824+0000][1][safepoint    ] Safepoint "RevokeBias", Time since last: 86604693 ns, Reaching safepoint: 55697 ns, At safepoint: 20120 ns, Total: 75817 ns
[2020-09-11T16:55:33.945+0000][1][safepoint    ] Safepoint "RevokeBias", Time since last: 121255774 ns, Reaching safepoint: 132554 ns, At safepoint: 25410 ns, Total: 157964 ns
[2020-09-11T16:55:34.297+0000][1][safepoint    ] Safepoint "RevokeBias", Time since last: 351902437 ns, Reaching safepoint: 137632 ns, At safepoint: 9743 ns, Total: 147375 ns
[2020-09-11T16:55:34.506+0000][1][safepoint    ] Safepoint "RevokeBias", Time since last: 207793484 ns, Reaching safepoint: 1014798 ns, At safepoint: 10570 ns, Total: 1025368 ns
[2020-09-11T16:55:34.506+0000][1][safepoint    ] Safepoint "RevokeBias", Time since last: 209047 ns, Reaching safepoint: 97527 ns, At safepoint: 5510 ns, Total: 103037 ns
[2020-09-11T16:55:34.589+0000][1][safepoint    ] Safepoint "RevokeBias", Time since last: 79436341 ns, Reaching safepoint: 3257693 ns, At safepoint: 28851 ns, Total: 3286544 ns
[2020-09-11T16:55:34.921+0000][1][safepoint    ] Safepoint "RevokeBias", Time since last: 328912775 ns, Reaching safepoint: 3167099 ns, At safepoint: 41169 ns, Total: 3208268 ns
[2020-09-11T16:55:34.923+0000][1][safepoint    ] Safepoint "RevokeBias", Time since last: 84167 ns, Reaching safepoint: 1514147 ns, At safepoint: 24493 ns, Total: 1538640 ns
[2020-09-11T16:55:35.056+0000][1][safepoint    ] Safepoint "RevokeBias", Time since last: 132746682 ns, Reaching safepoint: 141230 ns, At safepoint: 10203 ns, Total: 151433 ns
[2020-09-11T16:55:35.125+0000][1][safepoint    ] Safepoint "Deoptimize", Time since last: 67174588 ns, Reaching safepoint: 2249858 ns, At safepoint: 443190 ns, Total: 2693048 ns
[2020-09-11T16:55:35.149+0000][1][safepoint    ] Safepoint "RevokeBias", Time since last: 23771520 ns, Reaching safepoint: 129279 ns, At safepoint: 23257 ns, Total: 152536 ns
[2020-09-11T16:55:35.214+0000][1][gc,start     ] GC(68) Pause Young (Allocation Failure)
[2020-09-11T16:55:35.214+0000][1][gc,task      ] GC(68) Using 1 workers of 1 for evacuation
[2020-09-11T16:55:35.282+0000][1][gc,age       ] GC(68) Desired survivor size 4358144 bytes, new threshold 4 (max threshold 6)
[2020-09-11T16:55:35.282+0000][1][gc,age       ] GC(68) Age table with threshold 4 (max threshold 6)
[2020-09-11T16:55:35.282+0000][1][gc,age       ] GC(68) - age   1:    1083408 bytes,    1083408 total
[2020-09-11T16:55:35.282+0000][1][gc,age       ] GC(68) - age   2:    1213544 bytes,    2296952 total
[2020-09-11T16:55:35.282+0000][1][gc,age       ] GC(68) - age   3:     775400 bytes,    3072352 total
[2020-09-11T16:55:35.282+0000][1][gc,age       ] GC(68) - age   4:    2074096 bytes,    5146448 total
[2020-09-11T16:55:35.282+0000][1][gc,heap      ] GC(68) ParNew: 73390K->7426K(76672K)
[2020-09-11T16:55:35.282+0000][1][gc,heap      ] GC(68) CMS: 62410K->62410K(439104K)
[2020-09-11T16:55:35.282+0000][1][gc,metaspace ] GC(68) Metaspace: 79539K->79539K(1122304K)
[2020-09-11T16:55:35.282+0000][1][gc           ] GC(68) Pause Young (Allocation Failure) 132M->68M(503M) 68.482ms
[2020-09-11T16:55:35.282+0000][1][gc,cpu       ] GC(68) User=0.02s Sys=0.00s Real=0.07s
[2020-09-11T16:55:35.317+0000][1][safepoint    ] Safepoint "GenCollectForAllocation", Time since last: 61818619 ns, Reaching safepoint: 2709266 ns, At safepoint: 103059740 ns, Total: 105769006 ns
[2020-09-11T16:55:35.370+0000][1][safepoint    ] Safepoint "RevokeBias", Time since last: 52218324 ns, Reaching safepoint: 528354 ns, At safepoint: 18119 ns, Total: 546473 ns
[2020-09-11T16:55:35.370+0000][1][safepoint    ] Safepoint "RevokeBias", Time since last: 75392 ns, Reaching safepoint: 92465 ns, At safepoint: 12134 ns, Total: 104599 ns
[2020-09-11T16:55:35.637+0000][1][safepoint    ] Safepoint "RevokeBias", Time since last: 267235399 ns, Reaching safepoint: 56343 ns, At safepoint: 18381 ns, Total: 74724 ns
[2020-09-11T16:55:36.515+0000][1][safepoint    ] Safepoint "RevokeBias", Time since last: 877199512 ns, Reaching safepoint: 230469 ns, At safepoint: 11749 ns, Total: 242218 ns
[2020-09-11T16:55:36.522+0000][1][safepoint    ] Safepoint "RevokeBias", Time since last: 4291194 ns, Reaching safepoint: 3015905 ns, At safepoint: 39454 ns, Total: 3055359 ns
[2020-09-11T16:55:36.705+0000][1][safepoint    ] Safepoint "RevokeBias", Time since last: 183332921 ns, Reaching safepoint: 137792 ns, At safepoint: 22244 ns, Total: 160036 ns
[2020-09-11T16:55:36.828+0000][1][safepoint    ] Safepoint "Deoptimize", Time since last: 121394146 ns, Reaching safepoint: 471187 ns, At safepoint: 451625 ns, Total: 922812 ns
[2020-09-11T16:55:37.064+0000][1][safepoint    ] Safepoint "RevokeBias", Time since last: 234139604 ns, Reaching safepoint: 1614516 ns, At safepoint: 29699 ns, Total: 1644215 ns
[2020-09-11T16:55:37.266+0000][1][safepoint    ] Safepoint "RevokeBias", Time since last: 196457790 ns, Reaching safepoint: 6156277 ns, At safepoint: 44100 ns, Total: 6200377 ns
[2020-09-11T16:55:37.269+0000][1][safepoint    ] Safepoint "RevokeBias", Time since last: 289610 ns, Reaching safepoint: 2343845 ns, At safepoint: 39236 ns, Total: 2383081 ns
[2020-09-11T16:55:37.270+0000][1][safepoint    ] Safepoint "RevokeBias", Time since last: 223182 ns, Reaching safepoint: 1362165 ns, At safepoint: 30483 ns, Total: 1392648 ns
[2020-09-11T16:55:37.271+0000][1][safepoint    ] Safepoint "RevokeBias", Time since last: 88506 ns, Reaching safepoint: 734495 ns, At safepoint: 27665 ns, Total: 762160 ns
[2020-09-11T16:55:37.279+0000][1][safepoint    ] Safepoint "RevokeBias", Time since last: 5474975 ns, Reaching safepoint: 2112342 ns, At safepoint: 43618 ns, Total: 2155960 ns
[2020-09-11T16:55:37.287+0000][1][safepoint    ] Safepoint "RevokeBias", Time since last: 8213943 ns, Reaching safepoint: 200466 ns, At safepoint: 57168 ns, Total: 257634 ns
[2020-09-11T16:55:37.288+0000][1][safepoint    ] Safepoint "RevokeBias", Time since last: 159481 ns, Reaching safepoint: 446172 ns, At safepoint: 50923 ns, Total: 497095 ns
[2020-09-11T16:55:37.288+0000][1][safepoint    ] Safepoint "RevokeBias", Time since last: 65259 ns, Reaching safepoint: 101390 ns, At safepoint: 51414 ns, Total: 152804 ns
[2020-09-11T16:55:37.459+0000][1][safepoint    ] Safepoint "RevokeBias", Time since last: 168493689 ns, Reaching safepoint: 1875661 ns, At safepoint: 37764 ns, Total: 1913425 ns
[2020-09-11T16:55:37.644+0000][1][safepoint    ] Safepoint "RevokeBias", Time since last: 169265598 ns, Reaching safepoint: 16195773 ns, At safepoint: 45841 ns, Total: 16241614 ns
[2020-09-11T16:55:37.729+0000][1][safepoint    ] Safepoint "RevokeBias", Time since last: 84588994 ns, Reaching safepoint: 152527 ns, At safepoint: 11434 ns, Total: 163961 ns
[2020-09-11T16:55:37.762+0000][1][safepoint    ] Safepoint "RevokeBias", Time since last: 25551992 ns, Reaching safepoint: 7402581 ns, At safepoint: 51176 ns, Total: 7453757 ns
[2020-09-11T16:55:37.791+0000][1][safepoint    ] Safepoint "RevokeBias", Time since last: 29007695 ns, Reaching safepoint: 128682 ns, At safepoint: 8781 ns, Total: 137463 ns
[2020-09-11T16:55:38.130+0000][1][safepoint    ] Safepoint "RevokeBias", Time since last: 338295840 ns, Reaching safepoint: 137613 ns, At safepoint: 20781 ns, Total: 158394 ns
[2020-09-11T16:55:38.322+0000][1][safepoint    ] Safepoint "RevokeBias", Time since last: 191941186 ns, Reaching safepoint: 347974 ns, At safepoint: 32831 ns, Total: 380805 ns
[2020-09-11T16:55:38.328+0000][1][safepoint    ] Safepoint "RevokeBias", Time since last: 5361339 ns, Reaching safepoint: 261340 ns, At safepoint: 31998 ns, Total: 293338 ns
[2020-09-11T16:55:38.391+0000][1][safepoint    ] Safepoint "RevokeBias", Time since last: 63610081 ns, Reaching safepoint: 183760 ns, At safepoint: 19266 ns, Total: 203026 ns
[2020-09-11T16:55:38.422+0000][1][safepoint    ] Safepoint "RevokeBias", Time since last: 25507203 ns, Reaching safepoint: 5055956 ns, At safepoint: 29120 ns, Total: 5085076 ns
[2020-09-11T16:55:38.455+0000][1][safepoint    ] Safepoint "RevokeBias", Time since last: 23581696 ns, Reaching safepoint: 9443691 ns, At safepoint: 46091 ns, Total: 9489782 ns
[2020-09-11T16:55:38.470+0000][1][safepoint    ] Safepoint "RevokeBias", Time since last: 14229432 ns, Reaching safepoint: 308734 ns, At safepoint: 24555 ns, Total: 333289 ns
[2020-09-11T16:55:38.470+0000][1][safepoint    ] Safepoint "RevokeBias", Time since last: 366732 ns, Reaching safepoint: 100451 ns, At safepoint: 13799 ns, Total: 114250 ns
[2020-09-11T16:55:38.470+0000][1][safepoint    ] Safepoint "RevokeBias", Time since last: 38032 ns, Reaching safepoint: 97508 ns, At safepoint: 13620 ns, Total: 111128 ns
[2020-09-11T16:55:38.470+0000][1][safepoint    ] Safepoint "RevokeBias", Time since last: 35544 ns, Reaching safepoint: 99282 ns, At safepoint: 13079 ns, Total: 112361 ns
[2020-09-11T16:55:38.471+0000][1][safepoint    ] Safepoint "RevokeBias", Time since last: 34119 ns, Reaching safepoint: 97242 ns, At safepoint: 11921 ns, Total: 109163 ns
[2020-09-11T16:55:38.471+0000][1][safepoint    ] Safepoint "RevokeBias", Time since last: 33743 ns, Reaching safepoint: 96780 ns, At safepoint: 11871 ns, Total: 108651 ns
[2020-09-11T16:55:38.475+0000][1][safepoint    ] Safepoint "RevokeBias", Time since last: 4172282 ns, Reaching safepoint: 229575 ns, At safepoint: 21576 ns, Total: 251151 ns
[2020-09-11T16:55:38.475+0000][1][safepoint    ] Safepoint "RevokeBias", Time since last: 73849 ns, Reaching safepoint: 97970 ns, At safepoint: 13971 ns, Total: 111941 ns
[2020-09-11T16:55:38.526+0000][1][safepoint    ] Safepoint "GenCollectForAllocation", Time since last: 51006823 ns, Reaching safepoint: 139812 ns, At safepoint: 11713 ns, Total: 151525 ns
[2020-09-11T16:55:38.549+0000][1][gc,start     ] GC(69) Pause Young (GCLocker Initiated GC)
[2020-09-11T16:55:38.549+0000][1][gc,task      ] GC(69) Using 1 workers of 1 for evacuation
[2020-09-11T16:55:38.630+0000][1][gc,age       ] GC(69) Desired survivor size 4358144 bytes, new threshold 3 (max threshold 6)
[2020-09-11T16:55:38.630+0000][1][gc,age       ] GC(69) Age table with threshold 3 (max threshold 6)
[2020-09-11T16:55:38.630+0000][1][gc,age       ] GC(69) - age   1:    2521008 bytes,    2521008 total
[2020-09-11T16:55:38.630+0000][1][gc,age       ] GC(69) - age   2:     932400 bytes,    3453408 total
[2020-09-11T16:55:38.630+0000][1][gc,age       ] GC(69) - age   3:    1170520 bytes,    4623928 total
[2020-09-11T16:55:38.630+0000][1][gc,age       ] GC(69) - age   4:     773944 bytes,    5397872 total
[2020-09-11T16:55:38.630+0000][1][gc,heap      ] GC(69) ParNew: 75682K->8512K(76672K)
[2020-09-11T16:55:38.630+0000][1][gc,heap      ] GC(69) CMS: 62410K->64482K(439104K)
[2020-09-11T16:55:38.630+0000][1][gc,metaspace ] GC(69) Metaspace: 81645K->81645K(1124352K)
[2020-09-11T16:55:38.630+0000][1][gc           ] GC(69) Pause Young (GCLocker Initiated GC) 134M->71M(503M) 81.124ms
[2020-09-11T16:55:38.630+0000][1][gc,cpu       ] GC(69) User=0.03s Sys=0.00s Real=0.08s
[2020-09-11T16:55:38.700+0000][1][safepoint    ] Safepoint "GenCollectFull", Time since last: 14474900 ns, Reaching safepoint: 7965379 ns, At safepoint: 151572789 ns, Total: 159538168 ns
[2020-09-11T16:55:38.733+0000][1][safepoint    ] Safepoint "RevokeBias", Time since last: 32621619 ns, Reaching safepoint: 193605 ns, At safepoint: 20538 ns, Total: 214143 ns
[2020-09-11T16:55:38.750+0000][1][safepoint    ] Safepoint "RevokeBias", Time since last: 16901888 ns, Reaching safepoint: 150202 ns, At safepoint: 21423 ns, Total: 171625 ns
[2020-09-11T16:55:38.751+0000][1][safepoint    ] Safepoint "RevokeBias", Time since last: 78867 ns, Reaching safepoint: 101199 ns, At safepoint: 13301 ns, Total: 114500 ns
[2020-09-11T16:55:38.751+0000][1][safepoint    ] Safepoint "RevokeBias", Time since last: 37559 ns, Reaching safepoint: 97908 ns, At safepoint: 12350 ns, Total: 110258 ns
[2020-09-11T16:55:38.751+0000][1][safepoint    ] Safepoint "RevokeBias", Time since last: 33660 ns, Reaching safepoint: 98078 ns, At safepoint: 12136 ns, Total: 110214 ns
[2020-09-11T16:55:38.751+0000][1][safepoint    ] Safepoint "RevokeBias", Time since last: 43618 ns, Reaching safepoint: 99825 ns, At safepoint: 12919 ns, Total: 112744 ns
[2020-09-11T16:55:38.751+0000][1][safepoint    ] Safepoint "RevokeBias", Time since last: 35039 ns, Reaching safepoint: 99692 ns, At safepoint: 12674 ns, Total: 112366 ns
[2020-09-11T16:55:38.751+0000][1][safepoint    ] Safepoint "RevokeBias", Time since last: 34634 ns, Reaching safepoint: 99368 ns, At safepoint: 12671 ns, Total: 112039 ns
[2020-09-11T16:55:38.751+0000][1][safepoint    ] Safepoint "RevokeBias", Time since last: 33881 ns, Reaching safepoint: 100243 ns, At safepoint: 12522 ns, Total: 112765 ns
[2020-09-11T16:55:38.758+0000][1][safepoint    ] Safepoint "RevokeBias", Time since last: 33419 ns, Reaching safepoint: 6436716 ns, At safepoint: 24611 ns, Total: 6461327 ns
[2020-09-11T16:55:38.759+0000][1][safepoint    ] Safepoint "RevokeBias", Time since last: 77835 ns, Reaching safepoint: 643107 ns, At safepoint: 15738 ns, Total: 658845 ns
[2020-09-11T16:55:38.777+0000][1][safepoint    ] Safepoint "RevokeBias", Time since last: 11547016 ns, Reaching safepoint: 3697201 ns, At safepoint: 3601384 ns, Total: 7298585 ns
[2020-09-11T16:55:38.910+0000][1][safepoint    ] Safepoint "RevokeBias", Time since last: 123949654 ns, Reaching safepoint: 8460737 ns, At safepoint: 31229 ns, Total: 8491966 ns
[2020-09-11T16:55:38.920+0000][1][safepoint    ] Safepoint "RevokeBias", Time since last: 9752460 ns, Reaching safepoint: 222502 ns, At safepoint: 42059 ns, Total: 264561 ns
[2020-09-11T16:55:38.925+0000][1][safepoint    ] Safepoint "RevokeBias", Time since last: 4410866 ns, Reaching safepoint: 235415 ns, At safepoint: 21932 ns, Total: 257347 ns
[2020-09-11T16:55:38.929+0000][1][safepoint    ] Safepoint "RevokeBias", Time since last: 3722305 ns, Reaching safepoint: 201381 ns, At safepoint: 21391 ns, Total: 222772 ns
[2020-09-11T16:55:38.929+0000][1][safepoint    ] Safepoint "RevokeBias", Time since last: 682020 ns, Reaching safepoint: 107112 ns, At safepoint: 15238 ns, Total: 122350 ns
[2020-09-11T16:55:38.930+0000][1][safepoint    ] Safepoint "RevokeBias", Time since last: 100391 ns, Reaching safepoint: 95703 ns, At safepoint: 13185 ns, Total: 108888 ns
[2020-09-11T16:55:38.930+0000][1][safepoint    ] Safepoint "RevokeBias", Time since last: 96031 ns, Reaching safepoint: 95471 ns, At safepoint: 12047 ns, Total: 107518 ns
[2020-09-11T16:55:38.930+0000][1][safepoint    ] Safepoint "RevokeBias", Time since last: 99976 ns, Reaching safepoint: 94664 ns, At safepoint: 11936 ns, Total: 106600 ns
[2020-09-11T16:55:38.930+0000][1][safepoint    ] Safepoint "RevokeBias", Time since last: 86945 ns, Reaching safepoint: 94270 ns, At safepoint: 11818 ns, Total: 106088 ns
[2020-09-11T16:55:38.933+0000][1][safepoint    ] Safepoint "RevokeBias", Time since last: 2581472 ns, Reaching safepoint: 125494 ns, At safepoint: 34115 ns, Total: 159609 ns
[2020-09-11T16:55:38.957+0000][1][safepoint    ] Safepoint "RevokeBias", Time since last: 14171139 ns, Reaching safepoint: 9746354 ns, At safepoint: 38418 ns, Total: 9784772 ns
[2020-09-11T16:55:38.985+0000][1][safepoint    ] Safepoint "Deoptimize", Time since last: 19667226 ns, Reaching safepoint: 8288913 ns, At safepoint: 495575 ns, Total: 8784488 ns
[2020-09-11T16:55:39.028+0000][1][safepoint    ] Safepoint "RevokeBias", Time since last: 42684176 ns, Reaching safepoint: 132331 ns, At safepoint: 41172 ns, Total: 173503 ns
[2020-09-11T16:55:39.085+0000][1][safepoint    ] Safepoint "RevokeBias", Time since last: 46517110 ns, Reaching safepoint: 10532456 ns, At safepoint: 40096 ns, Total: 10572552 ns
[2020-09-11T16:55:39.087+0000][1][safepoint    ] Safepoint "RevokeBias", Time since last: 1161159 ns, Reaching safepoint: 111949 ns, At safepoint: 22886 ns, Total: 134835 ns
[2020-09-11T16:55:39.095+0000][1][safepoint    ] Safepoint "RevokeBias", Time since last: 7973364 ns, Reaching safepoint: 151872 ns, At safepoint: 21215 ns, Total: 173087 ns
[2020-09-11T16:55:39.096+0000][1][safepoint    ] Safepoint "RevokeBias", Time since last: 1339191 ns, Reaching safepoint: 117995 ns, At safepoint: 17267 ns, Total: 135262 ns
[2020-09-11T16:55:39.099+0000][1][safepoint    ] Safepoint "RevokeBias", Time since last: 2971566 ns, Reaching safepoint: 129383 ns, At safepoint: 20895 ns, Total: 150278 ns
[2020-09-11T16:55:39.105+0000][1][safepoint    ] Safepoint "RevokeBias", Time since last: 5600445 ns, Reaching safepoint: 135729 ns, At safepoint: 21189 ns, Total: 156918 ns
[2020-09-11T16:55:39.106+0000][1][safepoint    ] Safepoint "RevokeBias", Time since last: 543087 ns, Reaching safepoint: 101543 ns, At safepoint: 13782 ns, Total: 115325 ns
[2020-09-11T16:55:39.106+0000][1][safepoint    ] Safepoint "RevokeBias", Time since last: 78321 ns, Reaching safepoint: 99026 ns, At safepoint: 12469 ns, Total: 111495 ns
[2020-09-11T16:55:39.109+0000][1][safepoint    ] Safepoint "BulkRevokeBias", Time since last: 71979 ns, Reaching safepoint: 96544 ns, At safepoint: 3164188 ns, Total: 3260732 ns
[2020-09-11T16:55:39.112+0000][1][safepoint    ] Safepoint "RevokeBias", Time since last: 265006 ns, Reaching safepoint: 2434599 ns, At safepoint: 34787 ns, Total: 2469386 ns
[2020-09-11T16:55:39.138+0000][1][safepoint    ] Safepoint "RevokeBias", Time since last: 25401566 ns, Reaching safepoint: 130033 ns, At safepoint: 21245 ns, Total: 151278 ns
[2020-09-11T16:55:39.138+0000][1][safepoint    ] Safepoint "RevokeBias", Time since last: 118880 ns, Reaching safepoint: 45166 ns, At safepoint: 11685 ns, Total: 56851 ns
[2020-09-11T16:55:39.138+0000][1][safepoint    ] Safepoint "RevokeBias", Time since last: 42330 ns, Reaching safepoint: 97156 ns, At safepoint: 12237 ns, Total: 109393 ns
[2020-09-11T16:55:39.138+0000][1][safepoint    ] Safepoint "BulkRevokeBias", Time since last: 52704 ns, Reaching safepoint: 137899 ns, At safepoint: 217662 ns, Total: 355561 ns
[2020-09-11T16:55:39.145+0000][1][safepoint    ] Safepoint "RevokeBias", Time since last: 6511900 ns, Reaching safepoint: 132805 ns, At safepoint: 9810 ns, Total: 142615 ns
[2020-09-11T16:55:39.373+0000][1][safepoint    ] Safepoint "RevokeBias", Time since last: 220277778 ns, Reaching safepoint: 7625109 ns, At safepoint: 36920 ns, Total: 7662029 ns
[2020-09-11T16:55:39.373+0000][1][safepoint    ] Safepoint "RevokeBias", Time since last: 104428 ns, Reaching safepoint: 99932 ns, At safepoint: 11472 ns, Total: 111404 ns
[2020-09-11T16:55:39.446+0000][1][safepoint    ] Safepoint "RevokeBias", Time since last: 71697664 ns, Reaching safepoint: 679094 ns, At safepoint: 59466 ns, Total: 738560 ns
[2020-09-11T16:55:39.518+0000][1][safepoint    ] Safepoint "RevokeBias", Time since last: 71828175 ns, Reaching safepoint: 136349 ns, At safepoint: 27289 ns, Total: 163638 ns
[2020-09-11T16:55:39.587+0000][1][safepoint    ] Safepoint "RevokeBias", Time since last: 69347537 ns, Reaching safepoint: 140279 ns, At safepoint: 20261 ns, Total: 160540 ns
[2020-09-11T16:55:39.587+0000][1][safepoint    ] Safepoint "RevokeBias", Time since last: 210363 ns, Reaching safepoint: 33591 ns, At safepoint: 20360 ns, Total: 53951 ns
[2020-09-11T16:55:39.817+0000][1][safepoint    ] Safepoint "RevokeBias", Time since last: 229771332 ns, Reaching safepoint: 205927 ns, At safepoint: 22312 ns, Total: 228239 ns
[2020-09-11T16:55:39.818+0000][1][safepoint    ] Safepoint "RevokeBias", Time since last: 243956 ns, Reaching safepoint: 96322 ns, At safepoint: 14126 ns, Total: 110448 ns
[2020-09-11T16:55:39.878+0000][1][safepoint    ] Safepoint "RevokeBias", Time since last: 60246256 ns, Reaching safepoint: 129747 ns, At safepoint: 8157 ns, Total: 137904 ns
[2020-09-11T16:55:39.900+0000][1][safepoint    ] Safepoint "RevokeBias", Time since last: 22157039 ns, Reaching safepoint: 126341 ns, At safepoint: 19490 ns, Total: 145831 ns
[2020-09-11T16:55:40.908+0000][1][safepoint    ] Safepoint "Cleanup", Time since last: 1007606864 ns, Reaching safepoint: 88775 ns, At safepoint: 7214 ns, Total: 95989 ns
[2020-09-11T16:55:41.908+0000][1][safepoint    ] Safepoint "Cleanup", Time since last: 1000096250 ns, Reaching safepoint: 71937 ns, At safepoint: 5293 ns, Total: 77230 ns
[2020-09-11T16:55:42.798+0000][1][safepoint    ] Safepoint "RevokeBias", Time since last: 888067224 ns, Reaching safepoint: 2030035 ns, At safepoint: 25382 ns, Total: 2055417 ns
[2020-09-11T16:55:42.801+0000][1][safepoint    ] Safepoint "RevokeBias", Time since last: 523450 ns, Reaching safepoint: 1740850 ns, At safepoint: 20871 ns, Total: 1761721 ns
[2020-09-11T16:55:42.807+0000][1][safepoint    ] Safepoint "RevokeBias", Time since last: 1167064 ns, Reaching safepoint: 4772141 ns, At safepoint: 25374 ns, Total: 4797515 ns
[2020-09-11T16:55:42.807+0000][1][gc,start     ] GC(70) Pause Young (Allocation Failure)
[2020-09-11T16:55:42.807+0000][1][gc,task      ] GC(70) Using 1 workers of 1 for evacuation
[2020-09-11T16:55:42.886+0000][1][gc,age       ] GC(70) Desired survivor size 4358144 bytes, new threshold 3 (max threshold 6)
[2020-09-11T16:55:42.887+0000][1][gc,age       ] GC(70) Age table with threshold 3 (max threshold 6)
[2020-09-11T16:55:42.887+0000][1][gc,age       ] GC(70) - age   1:    1702928 bytes,    1702928 total
[2020-09-11T16:55:42.887+0000][1][gc,age       ] GC(70) - age   2:    2403680 bytes,    4106608 total
[2020-09-11T16:55:42.887+0000][1][gc,age       ] GC(70) - age   3:     882832 bytes,    4989440 total
[2020-09-11T16:55:42.887+0000][1][gc,heap      ] GC(70) ParNew: 76662K->5127K(76672K)
[2020-09-11T16:55:42.887+0000][1][gc,heap      ] GC(70) CMS: 64482K->66379K(439104K)
[2020-09-11T16:55:42.887+0000][1][gc,metaspace ] GC(70) Metaspace: 83779K->83779K(1126400K)
[2020-09-11T16:55:42.887+0000][1][gc           ] GC(70) Pause Young (Allocation Failure) 137M->69M(503M) 79.677ms
[2020-09-11T16:55:42.887+0000][1][gc,cpu       ] GC(70) User=0.02s Sys=0.00s Real=0.08s
[2020-09-11T16:55:42.931+0000][1][safepoint    ] Safepoint "GenCollectForAllocation", Time since last: 315114 ns, Reaching safepoint: 45568 ns, At safepoint: 124023712 ns, Total: 124069280 ns
[2020-09-11T16:55:42.963+0000][1][safepoint    ] Safepoint "RevokeBias", Time since last: 1110901 ns, Reaching safepoint: 3653626 ns, At safepoint: 27114469 ns, Total: 30768095 ns
[2020-09-11T16:55:42.989+0000][1][safepoint    ] Safepoint "RevokeBias", Time since last: 20559936 ns, Reaching safepoint: 5450747 ns, At safepoint: 19235 ns, Total: 5469982 ns
[2020-09-11T16:55:43.059+0000][1][safepoint    ] Safepoint "RevokeBias", Time since last: 70341261 ns, Reaching safepoint: 204376 ns, At safepoint: 20341 ns, Total: 224717 ns
[2020-09-11T16:55:43.074+0000][1][safepoint    ] Safepoint "RevokeBias", Time since last: 14246962 ns, Reaching safepoint: 144733 ns, At safepoint: 21341 ns, Total: 166074 ns
[2020-09-11T16:55:43.103+0000][1][safepoint    ] Safepoint "RevokeBias", Time since last: 27047023 ns, Reaching safepoint: 1260017 ns, At safepoint: 514412 ns, Total: 1774429 ns
[2020-09-11T16:55:43.114+0000][1][safepoint    ] Safepoint "Deoptimize", Time since last: 10471834 ns, Reaching safepoint: 440001 ns, At safepoint: 504926 ns, Total: 944927 ns
[2020-09-11T16:55:43.136+0000][1][safepoint    ] Safepoint "RevokeBias", Time since last: 21310844 ns, Reaching safepoint: 838348 ns, At safepoint: 129967 ns, Total: 968315 ns
[2020-09-11T16:55:43.164+0000][1][safepoint    ] Safepoint "RevokeBias", Time since last: 26660488 ns, Reaching safepoint: 627902 ns, At safepoint: 21577 ns, Total: 649479 ns
[2020-09-11T16:55:43.365+0000][1][safepoint    ] Safepoint "RevokeBias", Time since last: 201223859 ns, Reaching safepoint: 159781 ns, At safepoint: 120174 ns, Total: 279955 ns
[2020-09-11T16:55:43.366+0000][1][safepoint    ] Safepoint "RevokeBias", Time since last: 277564 ns, Reaching safepoint: 38586 ns, At safepoint: 84081 ns, Total: 122667 ns
[2020-09-11T16:55:43.366+0000][1][safepoint    ] Safepoint "RevokeBias", Time since last: 339517 ns, Reaching safepoint: 42341 ns, At safepoint: 101073 ns, Total: 143414 ns
[2020-09-11T16:55:43.366+0000][1][safepoint    ] Safepoint "RevokeBias", Time since last: 66832 ns, Reaching safepoint: 36640 ns, At safepoint: 77247 ns, Total: 113887 ns
[2020-09-11T16:55:43.377+0000][1][safepoint    ] Safepoint "Deoptimize", Time since last: 2526137 ns, Reaching safepoint: 127657 ns, At safepoint: 7877358 ns, Total: 8005015 ns
[2020-09-11T16:55:43.544+0000][1][safepoint    ] Safepoint "BulkRevokeBias", Time since last: 167104445 ns, Reaching safepoint: 236539 ns, At safepoint: 303815 ns, Total: 540354 ns
[2020-09-11T16:55:43.581+0000][1][safepoint    ] Safepoint "RevokeBias", Time since last: 26761237 ns, Reaching safepoint: 9676940 ns, At safepoint: 38853 ns, Total: 9715793 ns
[2020-09-11T16:55:43.603+0000][1][safepoint    ] Safepoint "RevokeBias", Time since last: 21361872 ns, Reaching safepoint: 679268 ns, At safepoint: 20848 ns, Total: 700116 ns
[2020-09-11T16:55:43.605+0000][1][safepoint    ] Safepoint "RevokeBias", Time since last: 464996 ns, Reaching safepoint: 1394011 ns, At safepoint: 22484 ns, Total: 1416495 ns
[2020-09-11T16:55:43.637+0000][1][safepoint    ] Safepoint "RevokeBias", Time since last: 30574975 ns, Reaching safepoint: 1117501 ns, At safepoint: 46427 ns, Total: 1163928 ns
[2020-09-11T16:55:43.677+0000][1][safepoint    ] Safepoint "RevokeBias", Time since last: 38292470 ns, Reaching safepoint: 1981320 ns, At safepoint: 29760 ns, Total: 2011080 ns
[2020-09-11T16:55:43.756+0000][1][safepoint    ] Safepoint "RevokeBias", Time since last: 76455890 ns, Reaching safepoint: 2409586 ns, At safepoint: 31123 ns, Total: 2440709 ns
[2020-09-11T16:55:43.759+0000][1][safepoint    ] Safepoint "RevokeBias", Time since last: 1623400 ns, Reaching safepoint: 1446187 ns, At safepoint: 129804 ns, Total: 1575991 ns
[2020-09-11T16:55:43.819+0000][1][safepoint    ] Safepoint "RevokeBias", Time since last: 56644563 ns, Reaching safepoint: 3200285 ns, At safepoint: 25641 ns, Total: 3225926 ns
[2020-09-11T16:55:43.858+0000][1][safepoint    ] Safepoint "RevokeBias", Time since last: 31707835 ns, Reaching safepoint: 7346941 ns, At safepoint: 30069 ns, Total: 7377010 ns
[2020-09-11T16:55:43.891+0000][1][safepoint    ] Safepoint "RevokeBias", Time since last: 32933158 ns, Reaching safepoint: 151017 ns, At safepoint: 24278 ns, Total: 175295 ns
[2020-09-11T16:55:43.986+0000][1][safepoint    ] Safepoint "RevokeBias", Time since last: 94001159 ns, Reaching safepoint: 498924 ns, At safepoint: 29447 ns, Total: 528371 ns
[2020-09-11T16:55:44.128+0000][1][safepoint    ] Safepoint "RevokeBias", Time since last: 141763285 ns, Reaching safepoint: 158955 ns, At safepoint: 23776 ns, Total: 182731 ns
[2020-09-11T16:55:44.213+0000][1][gc,start     ] GC(71) Pause Young (Allocation Failure)
[2020-09-11T16:55:44.213+0000][1][gc,task      ] GC(71) Using 1 workers of 1 for evacuation
[2020-09-11T16:55:44.376+0000][1][gc,age       ] GC(71) Desired survivor size 4358144 bytes, new threshold 1 (max threshold 6)
[2020-09-11T16:55:44.376+0000][1][gc,age       ] GC(71) Age table with threshold 1 (max threshold 6)
[2020-09-11T16:55:44.376+0000][1][gc,age       ] GC(71) - age   1:    7292280 bytes,    7292280 total
[2020-09-11T16:55:44.377+0000][1][gc,age       ] GC(71) - age   2:     846096 bytes,    8138376 total
[2020-09-11T16:55:44.377+0000][1][gc,age       ] GC(71) - age   3:     556512 bytes,    8694888 total
[2020-09-11T16:55:44.377+0000][1][gc,heap      ] GC(71) ParNew: 73287K->8512K(76672K)
[2020-09-11T16:55:44.377+0000][1][gc,heap      ] GC(71) CMS: 66379K->70082K(439104K)
[2020-09-11T16:55:44.377+0000][1][gc,metaspace ] GC(71) Metaspace: 84700K->84700K(1126400K)
[2020-09-11T16:55:44.377+0000][1][gc           ] GC(71) Pause Young (Allocation Failure) 136M->76M(503M) 163.299ms
[2020-09-11T16:55:44.377+0000][1][gc,cpu       ] GC(71) User=0.04s Sys=0.00s Real=0.16s
[2020-09-11T16:55:44.460+0000][1][safepoint    ] Safepoint "GenCollectForAllocation", Time since last: 85429861 ns, Reaching safepoint: 313666 ns, At safepoint: 247012111 ns, Total: 247325777 ns
[2020-09-11T16:55:44.462+0000][1][safepoint    ] Safepoint "RevokeBias", Time since last: 1284932 ns, Reaching safepoint: 261472 ns, At safepoint: 25624 ns, Total: 287096 ns
[2020-09-11T16:55:44.504+0000][1][safepoint    ] Safepoint "RevokeBias", Time since last: 41666828 ns, Reaching safepoint: 166212 ns, At safepoint: 24180 ns, Total: 190392 ns
[2020-09-11T16:55:44.573+0000][1][safepoint    ] Safepoint "BulkRevokeBias", Time since last: 67169905 ns, Reaching safepoint: 1982221 ns, At safepoint: 406616 ns, Total: 2388837 ns
[2020-09-11T16:55:44.629+0000][1][safepoint    ] Safepoint "RevokeBias", Time since last: 55820241 ns, Reaching safepoint: 218029 ns, At safepoint: 22599 ns, Total: 240628 ns
[2020-09-11T16:55:44.631+0000][1][safepoint    ] Safepoint "RevokeBias", Time since last: 908283 ns, Reaching safepoint: 652760 ns, At safepoint: 30510 ns, Total: 683270 ns
[2020-09-11T16:55:44.645+0000][1][safepoint    ] Safepoint "RevokeBias", Time since last: 13875034 ns, Reaching safepoint: 512309 ns, At safepoint: 25418 ns, Total: 537727 ns
[2020-09-11T16:55:44.646+0000][1][safepoint    ] Safepoint "RevokeBias", Time since last: 105718 ns, Reaching safepoint: 252613 ns, At safepoint: 17495 ns, Total: 270108 ns
[2020-09-11T16:55:44.646+0000][1][safepoint    ] Safepoint "RevokeBias", Time since last: 138571 ns, Reaching safepoint: 113142 ns, At safepoint: 16571 ns, Total: 129713 ns
[2020-09-11T16:55:44.646+0000][1][safepoint    ] Safepoint "RevokeBias", Time since last: 60906 ns, Reaching safepoint: 184717 ns, At safepoint: 16545 ns, Total: 201262 ns
[2020-09-11T16:55:44.647+0000][1][safepoint    ] Safepoint "RevokeBias", Time since last: 76214 ns, Reaching safepoint: 751356 ns, At safepoint: 25674 ns, Total: 777030 ns
[2020-09-11T16:55:44.648+0000][1][safepoint    ] Safepoint "RevokeBias", Time since last: 43828 ns, Reaching safepoint: 351910 ns, At safepoint: 17564 ns, Total: 369474 ns
[2020-09-11T16:55:44.649+0000][1][safepoint    ] Safepoint "RevokeBias", Time since last: 497072 ns, Reaching safepoint: 811379 ns, At safepoint: 21827 ns, Total: 833206 ns
[2020-09-11T16:55:44.690+0000][1][safepoint    ] Safepoint "RevokeBias", Time since last: 40199442 ns, Reaching safepoint: 880303 ns, At safepoint: 160001 ns, Total: 1040304 ns
[2020-09-11T16:55:44.697+0000][1][safepoint    ] Safepoint "RevokeBias", Time since last: 6702507 ns, Reaching safepoint: 226397 ns, At safepoint: 159726 ns, Total: 386123 ns
[2020-09-11T16:55:44.701+0000][1][safepoint    ] Safepoint "RevokeBias", Time since last: 3997092 ns, Reaching safepoint: 215189 ns, At safepoint: 20977 ns, Total: 236166 ns
[2020-09-11T16:55:44.882+0000][1][safepoint    ] Safepoint "RevokeBias", Time since last: 180624645 ns, Reaching safepoint: 74003 ns, At safepoint: 21813 ns, Total: 95816 ns
[2020-09-11T16:55:44.882+0000][1][safepoint    ] Safepoint "RevokeBias", Time since last: 116599 ns, Reaching safepoint: 27198 ns, At safepoint: 11598 ns, Total: 38796 ns
[2020-09-11T16:55:44.883+0000][1][safepoint    ] Safepoint "RevokeBias", Time since last: 351420 ns, Reaching safepoint: 27606 ns, At safepoint: 11226 ns, Total: 38832 ns
[2020-09-11T16:55:45.139+0000][1][safepoint    ] Safepoint "RevokeBias", Time since last: 255770469 ns, Reaching safepoint: 164189 ns, At safepoint: 21099 ns, Total: 185288 ns
[2020-09-11T16:55:45.658+0000][1][safepoint    ] Safepoint "RevokeBias", Time since last: 518827160 ns, Reaching safepoint: 157105 ns, At safepoint: 22494 ns, Total: 179599 ns
[2020-09-11T16:55:45.681+0000][1][safepoint    ] Safepoint "RevokeBias", Time since last: 22444811 ns, Reaching safepoint: 773118 ns, At safepoint: 24480 ns, Total: 797598 ns
[2020-09-11T16:55:45.686+0000][1][safepoint    ] Safepoint "RevokeBias", Time since last: 893425 ns, Reaching safepoint: 3883517 ns, At safepoint: 34868 ns, Total: 3918385 ns
[2020-09-11T16:55:45.687+0000][1][safepoint    ] Safepoint "RevokeBias", Time since last: 133207 ns, Reaching safepoint: 1452759 ns, At safepoint: 23055 ns, Total: 1475814 ns
[2020-09-11T16:55:45.689+0000][1][safepoint    ] Safepoint "RevokeBias", Time since last: 868241 ns, Reaching safepoint: 386741 ns, At safepoint: 19871 ns, Total: 406612 ns
[2020-09-11T16:55:45.691+0000][1][safepoint    ] Safepoint "RevokeBias", Time since last: 59769 ns, Reaching safepoint: 2021916 ns, At safepoint: 28519 ns, Total: 2050435 ns
[2020-09-11T16:55:45.693+0000][1][safepoint    ] Safepoint "RevokeBias", Time since last: 235497 ns, Reaching safepoint: 1926077 ns, At safepoint: 25673 ns, Total: 1951750 ns
[2020-09-11T16:55:45.720+0000][1][safepoint    ] Safepoint "RevokeBias", Time since last: 23917930 ns, Reaching safepoint: 3480887 ns, At safepoint: 35818 ns, Total: 3516705 ns
[2020-09-11T16:55:45.734+0000][1][safepoint    ] Safepoint "RevokeBias", Time since last: 5730103 ns, Reaching safepoint: 8060635 ns, At safepoint: 71501 ns, Total: 8132136 ns
[2020-09-11T16:55:45.737+0000][1][safepoint    ] Safepoint "RevokeBias", Time since last: 1174611 ns, Reaching safepoint: 1490791 ns, At safepoint: 51116 ns, Total: 1541907 ns
[2020-09-11T16:55:45.782+0000][1][safepoint    ] Safepoint "RevokeBias", Time since last: 44571441 ns, Reaching safepoint: 965135 ns, At safepoint: 13619 ns, Total: 978754 ns
[2020-09-11T16:55:45.861+0000][1][safepoint    ] Safepoint "RevokeBias", Time since last: 75154042 ns, Reaching safepoint: 3273734 ns, At safepoint: 64860 ns, Total: 3338594 ns
[2020-09-11T16:55:46.044+0000][1][safepoint    ] Safepoint "RevokeBias", Time since last: 183057207 ns, Reaching safepoint: 440203 ns, At safepoint: 13587 ns, Total: 453790 ns
[2020-09-11T16:55:46.205+0000][1][gc,start     ] GC(72) Pause Young (Allocation Failure)
[2020-09-11T16:55:46.205+0000][1][gc,task      ] GC(72) Using 1 workers of 1 for evacuation
[2020-09-11T16:55:46.288+0000][1][gc,age       ] GC(72) Desired survivor size 4358144 bytes, new threshold 6 (max threshold 6)
[2020-09-11T16:55:46.288+0000][1][gc,age       ] GC(72) Age table with threshold 6 (max threshold 6)
[2020-09-11T16:55:46.289+0000][1][gc,age       ] GC(72) - age   1:    3186656 bytes,    3186656 total
[2020-09-11T16:55:46.289+0000][1][gc,heap      ] GC(72) ParNew: 76672K->7602K(76672K)
[2020-09-11T16:55:46.289+0000][1][gc,heap      ] GC(72) CMS: 70082K->76847K(439104K)
[2020-09-11T16:55:46.289+0000][1][gc,metaspace ] GC(72) Metaspace: 85313K->85313K(1128448K)
[2020-09-11T16:55:46.289+0000][1][gc           ] GC(72) Pause Young (Allocation Failure) 143M->82M(503M) 83.733ms
[2020-09-11T16:55:46.289+0000][1][gc,cpu       ] GC(72) User=0.02s Sys=0.00s Real=0.08s
[2020-09-11T16:55:46.373+0000][1][safepoint    ] Safepoint "GenCollectForAllocation", Time since last: 160530645 ns, Reaching safepoint: 151662 ns, At safepoint: 167559700 ns, Total: 167711362 ns
[2020-09-11T16:55:46.449+0000][1][safepoint    ] Safepoint "RevokeBias", Time since last: 73601369 ns, Reaching safepoint: 2587829 ns, At safepoint: 39996 ns, Total: 2627825 ns
[2020-09-11T16:55:46.589+0000][1][safepoint    ] Safepoint "RevokeBias", Time since last: 140380430 ns, Reaching safepoint: 83242 ns, At safepoint: 46725 ns, Total: 129967 ns
[2020-09-11T16:55:46.778+0000][1][safepoint    ] Safepoint "RevokeBias", Time since last: 188946203 ns, Reaching safepoint: 68906 ns, At safepoint: 24271 ns, Total: 93177 ns
[2020-09-11T16:55:46.779+0000][1][safepoint    ] Safepoint "RevokeBias", Time since last: 442436 ns, Reaching safepoint: 27938 ns, At safepoint: 12372 ns, Total: 40310 ns
[2020-09-11T16:55:46.779+0000][1][safepoint    ] Safepoint "RevokeBias", Time since last: 109588 ns, Reaching safepoint: 30800 ns, At safepoint: 11235 ns, Total: 42035 ns
[2020-09-11T16:55:46.779+0000][1][safepoint    ] Safepoint "RevokeBias", Time since last: 53580 ns, Reaching safepoint: 27153 ns, At safepoint: 10519 ns, Total: 37672 ns
[2020-09-11T16:55:46.944+0000][1][safepoint    ] Safepoint "RevokeBias", Time since last: 165046068 ns, Reaching safepoint: 149487 ns, At safepoint: 21218 ns, Total: 170705 ns
[2020-09-11T16:55:46.966+0000][1][safepoint    ] Safepoint "RevokeBias", Time since last: 21330687 ns, Reaching safepoint: 127910 ns, At safepoint: 16921 ns, Total: 144831 ns
[2020-09-11T16:55:46.975+0000][1][safepoint    ] Safepoint "RevokeBias", Time since last: 5452753 ns, Reaching safepoint: 3648362 ns, At safepoint: 25473 ns, Total: 3673835 ns
[2020-09-11T16:55:46.975+0000][1][safepoint    ] Safepoint "RevokeBias", Time since last: 167888 ns, Reaching safepoint: 103664 ns, At safepoint: 13652 ns, Total: 117316 ns
[2020-09-11T16:55:46.975+0000][1][safepoint    ] Safepoint "RevokeBias", Time since last: 66483 ns, Reaching safepoint: 97310 ns, At safepoint: 11991 ns, Total: 109301 ns
[2020-09-11T16:55:46.976+0000][1][safepoint    ] Safepoint "RevokeBias", Time since last: 37494 ns, Reaching safepoint: 95987 ns, At safepoint: 11582 ns, Total: 107569 ns
[2020-09-11T16:55:46.976+0000][1][safepoint    ] Safepoint "RevokeBias", Time since last: 110784 ns, Reaching safepoint: 95933 ns, At safepoint: 12277 ns, Total: 108210 ns
[2020-09-11T16:55:46.976+0000][1][safepoint    ] Safepoint "RevokeBias", Time since last: 49152 ns, Reaching safepoint: 96708 ns, At safepoint: 11215 ns, Total: 107923 ns
[2020-09-11T16:55:46.976+0000][1][safepoint    ] Safepoint "RevokeBias", Time since last: 38980 ns, Reaching safepoint: 120992 ns, At safepoint: 21976 ns, Total: 142968 ns
[2020-09-11T16:55:47.053+0000][1][safepoint    ] Safepoint "Deoptimize", Time since last: 76611531 ns, Reaching safepoint: 134357 ns, At safepoint: 519762 ns, Total: 654119 ns
[2020-09-11T16:55:47.126+0000][1][safepoint    ] Safepoint "RevokeBias", Time since last: 72459107 ns, Reaching safepoint: 134647 ns, At safepoint: 18720 ns, Total: 153367 ns
[2020-09-11T16:55:47.189+0000][1][safepoint    ] Safepoint "RevokeBias", Time since last: 53361667 ns, Reaching safepoint: 9203295 ns, At safepoint: 29440 ns, Total: 9232735 ns
[2020-09-11T16:55:47.329+0000][1][safepoint    ] Safepoint "RevokeBias", Time since last: 132710830 ns, Reaching safepoint: 7523190 ns, At safepoint: 34805 ns, Total: 7557995 ns
[2020-09-11T16:55:47.330+0000][1][safepoint    ] Safepoint "RevokeBias", Time since last: 475371 ns, Reaching safepoint: 112335 ns, At safepoint: 14824 ns, Total: 127159 ns
[2020-09-11T16:55:47.330+0000][1][safepoint    ] Safepoint "RevokeBias", Time since last: 56997 ns, Reaching safepoint: 97569 ns, At safepoint: 12786 ns, Total: 110355 ns
[2020-09-11T16:55:47.330+0000][1][safepoint    ] Safepoint "RevokeBias", Time since last: 153285 ns, Reaching safepoint: 100564 ns, At safepoint: 13999 ns, Total: 114563 ns
[2020-09-11T16:55:47.330+0000][1][safepoint    ] Safepoint "RevokeBias", Time since last: 176032 ns, Reaching safepoint: 99033 ns, At safepoint: 12635 ns, Total: 111668 ns
[2020-09-11T16:55:47.331+0000][1][safepoint    ] Safepoint "BulkRevokeBias", Time since last: 45549 ns, Reaching safepoint: 98606 ns, At safepoint: 249256 ns, Total: 347862 ns
[2020-09-11T16:55:47.433+0000][1][safepoint    ] Safepoint "RevokeBias", Time since last: 101572239 ns, Reaching safepoint: 355786 ns, At safepoint: 36993 ns, Total: 392779 ns
[2020-09-11T16:55:47.446+0000][1][safepoint    ] Safepoint "RevokeBias", Time since last: 13293341 ns, Reaching safepoint: 134960 ns, At safepoint: 22815 ns, Total: 157775 ns
[2020-09-11T16:55:47.457+0000][1][safepoint    ] Safepoint "RevokeBias", Time since last: 10416435 ns, Reaching safepoint: 208315 ns, At safepoint: 22241 ns, Total: 230556 ns
[2020-09-11T16:55:47.530+0000][1][safepoint    ] Safepoint "RevokeBias", Time since last: 61982560 ns, Reaching safepoint: 11239436 ns, At safepoint: 26925 ns, Total: 11266361 ns
[2020-09-11T16:55:47.705+0000][1][safepoint    ] Safepoint "RevokeBias", Time since last: 154915012 ns, Reaching safepoint: 20274899 ns, At safepoint: 58187 ns, Total: 20333086 ns
[2020-09-11T16:55:47.741+0000][1][safepoint    ] Safepoint "RevokeBias", Time since last: 35333272 ns, Reaching safepoint: 262290 ns, At safepoint: 22096 ns, Total: 284386 ns
[2020-09-11T16:55:47.741+0000][1][safepoint    ] Safepoint "RevokeBias", Time since last: 107000 ns, Reaching safepoint: 103397 ns, At safepoint: 13453 ns, Total: 116850 ns
[2020-09-11T16:55:47.741+0000][1][safepoint    ] Safepoint "RevokeBias", Time since last: 146671 ns, Reaching safepoint: 104074 ns, At safepoint: 59553 ns, Total: 163627 ns
[2020-09-11T16:55:47.763+0000][1][safepoint    ] Safepoint "RevokeBias", Time since last: 18425385 ns, Reaching safepoint: 3431649 ns, At safepoint: 33288 ns, Total: 3464937 ns
[2020-09-11T16:55:47.771+0000][1][safepoint    ] Safepoint "RevokeBias", Time since last: 7439462 ns, Reaching safepoint: 231013 ns, At safepoint: 22827 ns, Total: 253840 ns
[2020-09-11T16:55:47.833+0000][1][safepoint    ] Safepoint "RevokeBias", Time since last: 58480151 ns, Reaching safepoint: 3462012 ns, At safepoint: 33476 ns, Total: 3495488 ns
[2020-09-11T16:55:47.833+0000][1][safepoint    ] Safepoint "RevokeBias", Time since last: 220305 ns, Reaching safepoint: 105431 ns, At safepoint: 14379 ns, Total: 119810 ns
[2020-09-11T16:55:47.888+0000][1][safepoint    ] Safepoint "Deoptimize", Time since last: 52590854 ns, Reaching safepoint: 1882030 ns, At safepoint: 585376 ns, Total: 2467406 ns
[2020-09-11T16:55:47.903+0000][1][safepoint    ] Safepoint "RevokeBias", Time since last: 12611271 ns, Reaching safepoint: 2098260 ns, At safepoint: 26777 ns, Total: 2125037 ns
[2020-09-11T16:55:48.001+0000][1][safepoint    ] Safepoint "BulkRevokeBias", Time since last: 93783824 ns, Reaching safepoint: 4040448 ns, At safepoint: 222544 ns, Total: 4262992 ns
[2020-09-11T16:55:48.644+0000][1][safepoint    ] Safepoint "RevokeBias", Time since last: 639961644 ns, Reaching safepoint: 2585210 ns, At safepoint: 24540 ns, Total: 2609750 ns
[2020-09-11T16:55:48.644+0000][1][safepoint    ] Safepoint "RevokeBias", Time since last: 189820 ns, Reaching safepoint: 520293 ns, At safepoint: 15359 ns, Total: 535652 ns
[2020-09-11T16:55:48.645+0000][1][safepoint    ] Safepoint "RevokeBias", Time since last: 43037 ns, Reaching safepoint: 100838 ns, At safepoint: 11459 ns, Total: 112297 ns
[2020-09-11T16:55:48.645+0000][1][safepoint    ] Safepoint "RevokeBias", Time since last: 38113 ns, Reaching safepoint: 99848 ns, At safepoint: 10954 ns, Total: 110802 ns
[2020-09-11T16:55:48.645+0000][1][safepoint    ] Safepoint "RevokeBias", Time since last: 37425 ns, Reaching safepoint: 73521 ns, At safepoint: 10810 ns, Total: 84331 ns
[2020-09-11T16:55:48.646+0000][1][safepoint    ] Safepoint "RevokeBias", Time since last: 37363 ns, Reaching safepoint: 988011 ns, At safepoint: 13428 ns, Total: 1001439 ns
[2020-09-11T16:55:48.646+0000][1][safepoint    ] Safepoint "RevokeBias", Time since last: 46083 ns, Reaching safepoint: 375092 ns, At safepoint: 11691 ns, Total: 386783 ns
[2020-09-11T16:55:48.646+0000][1][safepoint    ] Safepoint "RevokeBias", Time since last: 39992 ns, Reaching safepoint: 99460 ns, At safepoint: 10985 ns, Total: 110445 ns
[2020-09-11T16:55:48.647+0000][1][safepoint    ] Safepoint "RevokeBias", Time since last: 37771 ns, Reaching safepoint: 99261 ns, At safepoint: 10904 ns, Total: 110165 ns
[2020-09-11T16:55:48.703+0000][1][safepoint    ] Safepoint "RevokeBias", Time since last: 56275892 ns, Reaching safepoint: 75445 ns, At safepoint: 17693 ns, Total: 93138 ns
[2020-09-11T16:55:48.718+0000][1][gc,start     ] GC(73) Pause Young (Allocation Failure)
[2020-09-11T16:55:48.718+0000][1][gc,task      ] GC(73) Using 1 workers of 1 for evacuation
[2020-09-11T16:55:48.733+0000][1][gc,age       ] GC(73) Desired survivor size 4358144 bytes, new threshold 6 (max threshold 6)
[2020-09-11T16:55:48.733+0000][1][gc,age       ] GC(73) Age table with threshold 6 (max threshold 6)
[2020-09-11T16:55:48.733+0000][1][gc,age       ] GC(73) - age   1:    1323984 bytes,    1323984 total
[2020-09-11T16:55:48.733+0000][1][gc,age       ] GC(73) - age   2:     802912 bytes,    2126896 total
[2020-09-11T16:55:48.944+0000][1][gc,heap      ] GC(73) ParNew: 75762K->3067K(76672K)
[2020-09-11T16:55:48.944+0000][1][gc,heap      ] GC(73) CMS: 76847K->76847K(439104K)
[2020-09-11T16:55:48.944+0000][1][gc,metaspace ] GC(73) Metaspace: 85670K->85670K(1128448K)
[2020-09-11T16:55:48.944+0000][1][gc           ] GC(73) Pause Young (Allocation Failure) 149M->78M(503M) 226.227ms
[2020-09-11T16:55:48.944+0000][1][gc,cpu       ] GC(73) User=0.01s Sys=0.00s Real=0.23s
[2020-09-11T16:55:48.944+0000][1][safepoint    ] Safepoint "GenCollectForAllocation", Time since last: 14710524 ns, Reaching safepoint: 74964 ns, At safepoint: 226320304 ns, Total: 226395268 ns
[2020-09-11T16:55:48.982+0000][1][safepoint    ] Safepoint "RevokeBias", Time since last: 37662667 ns, Reaching safepoint: 71273 ns, At safepoint: 30393 ns, Total: 101666 ns
[2020-09-11T16:55:48.982+0000][1][safepoint    ] Safepoint "RevokeBias", Time since last: 92338 ns, Reaching safepoint: 27950 ns, At safepoint: 18644 ns, Total: 46594 ns
[2020-09-11T16:55:48.982+0000][1][safepoint    ] Safepoint "RevokeBias", Time since last: 43332 ns, Reaching safepoint: 26973 ns, At safepoint: 17287 ns, Total: 44260 ns
[2020-09-11T16:55:48.985+0000][1][safepoint    ] Safepoint "RevokeBias", Time since last: 40695 ns, Reaching safepoint: 26663 ns, At safepoint: 2757729 ns, Total: 2784392 ns
[2020-09-11T16:55:48.987+0000][1][safepoint    ] Safepoint "RevokeBias", Time since last: 64695 ns, Reaching safepoint: 44688 ns, At safepoint: 2303075 ns, Total: 2347763 ns
[2020-09-11T16:55:48.987+0000][1][safepoint    ] Safepoint "RevokeBias", Time since last: 79893 ns, Reaching safepoint: 54310 ns, At safepoint: 23459 ns, Total: 77769 ns
[2020-09-11T16:55:48.988+0000][1][safepoint    ] Safepoint "RevokeBias", Time since last: 40133 ns, Reaching safepoint: 26871 ns, At safepoint: 17860 ns, Total: 44731 ns
[2020-09-11T16:55:48.988+0000][1][safepoint    ] Safepoint "RevokeBias", Time since last: 37574 ns, Reaching safepoint: 26364 ns, At safepoint: 16821 ns, Total: 43185 ns
[2020-09-11T16:55:48.988+0000][1][safepoint    ] Safepoint "RevokeBias", Time since last: 37435 ns, Reaching safepoint: 26061 ns, At safepoint: 17496 ns, Total: 43557 ns
[2020-09-11T16:55:49.033+0000][1][safepoint    ] Safepoint "RevokeBias", Time since last: 41772131 ns, Reaching safepoint: 3778273 ns, At safepoint: 37315 ns, Total: 3815588 ns
[2020-09-11T16:55:49.037+0000][1][safepoint    ] Safepoint "RevokeBias", Time since last: 76758 ns, Reaching safepoint: 3478088 ns, At safepoint: 34631 ns, Total: 3512719 ns
[2020-09-11T16:55:49.037+0000][1][safepoint    ] Safepoint "RevokeBias", Time since last: 52516 ns, Reaching safepoint: 105868 ns, At safepoint: 21907 ns, Total: 127775 ns
[2020-09-11T16:55:49.037+0000][1][safepoint    ] Safepoint "RevokeBias", Time since last: 31304 ns, Reaching safepoint: 118573 ns, At safepoint: 20565 ns, Total: 139138 ns
[2020-09-11T16:55:49.039+0000][1][safepoint    ] Safepoint "RevokeBias", Time since last: 1171209 ns, Reaching safepoint: 378830 ns, At safepoint: 27246 ns, Total: 406076 ns
[2020-09-11T16:55:49.040+0000][1][safepoint    ] Safepoint "RevokeBias", Time since last: 53762 ns, Reaching safepoint: 831573 ns, At safepoint: 30835 ns, Total: 862408 ns
[2020-09-11T16:55:49.058+0000][1][safepoint    ] Safepoint "RevokeBias", Time since last: 17132300 ns, Reaching safepoint: 1071909 ns, At safepoint: 24846 ns, Total: 1096755 ns
[2020-09-11T16:55:49.061+0000][1][safepoint    ] Safepoint "RevokeBias", Time since last: 628454 ns, Reaching safepoint: 2283619 ns, At safepoint: 26094 ns, Total: 2309713 ns
[2020-09-11T16:55:49.064+0000][1][safepoint    ] Safepoint "RevokeBias", Time since last: 94674 ns, Reaching safepoint: 3069460 ns, At safepoint: 22553 ns, Total: 3092013 ns
[2020-09-11T16:55:49.065+0000][1][safepoint    ] Safepoint "RevokeBias", Time since last: 68801 ns, Reaching safepoint: 679696 ns, At safepoint: 15158 ns, Total: 694854 ns
[2020-09-11T16:55:49.069+0000][1][safepoint    ] Safepoint "RevokeBias", Time since last: 41330 ns, Reaching safepoint: 4009325 ns, At safepoint: 26218 ns, Total: 4035543 ns
[2020-09-11T16:55:49.072+0000][1][safepoint    ] Safepoint "RevokeBias", Time since last: 71449 ns, Reaching safepoint: 2616442 ns, At safepoint: 21734 ns, Total: 2638176 ns
[2020-09-11T16:55:49.072+0000][1][safepoint    ] Safepoint "RevokeBias", Time since last: 53417 ns, Reaching safepoint: 474230 ns, At safepoint: 13806 ns, Total: 488036 ns
[2020-09-11T16:55:49.073+0000][1][safepoint    ] Safepoint "RevokeBias", Time since last: 39714 ns, Reaching safepoint: 616615 ns, At safepoint: 16832 ns, Total: 633447 ns
[2020-09-11T16:55:49.073+0000][1][safepoint    ] Safepoint "RevokeBias", Time since last: 91466 ns, Reaching safepoint: 171157 ns, At safepoint: 13351 ns, Total: 184508 ns
[2020-09-11T16:55:49.077+0000][1][safepoint    ] Safepoint "RevokeBias", Time since last: 464632 ns, Reaching safepoint: 3047486 ns, At safepoint: 36684 ns, Total: 3084170 ns
[2020-09-11T16:55:49.077+0000][1][safepoint    ] Safepoint "RevokeBias", Time since last: 126086 ns, Reaching safepoint: 141241 ns, At safepoint: 22847 ns, Total: 164088 ns
[2020-09-11T16:55:49.077+0000][1][safepoint    ] Safepoint "RevokeBias", Time since last: 50705 ns, Reaching safepoint: 144993 ns, At safepoint: 21148 ns, Total: 166141 ns
[2020-09-11T16:55:49.080+0000][1][safepoint    ] Safepoint "RevokeBias", Time since last: 37877 ns, Reaching safepoint: 2636312 ns, At safepoint: 21245 ns, Total: 2657557 ns
[2020-09-11T16:55:49.081+0000][1][safepoint    ] Safepoint "RevokeBias", Time since last: 638584 ns, Reaching safepoint: 409668 ns, At safepoint: 33699 ns, Total: 443367 ns
[2020-09-11T16:55:49.097+0000][1][safepoint    ] Safepoint "RevokeBias", Time since last: 16432324 ns, Reaching safepoint: 71678 ns, At safepoint: 20332 ns, Total: 92010 ns
[2020-09-11T16:55:49.278+0000][1][safepoint    ] Safepoint "RevokeBias", Time since last: 180877706 ns, Reaching safepoint: 71129 ns, At safepoint: 18278 ns, Total: 89407 ns
[2020-09-11T16:55:49.279+0000][1][safepoint    ] Safepoint "RevokeBias", Time since last: 80796 ns, Reaching safepoint: 33282 ns, At safepoint: 10416 ns, Total: 43698 ns
[2020-09-11T16:55:49.443+0000][1][safepoint    ] Safepoint "RevokeBias", Time since last: 162864783 ns, Reaching safepoint: 1717267 ns, At safepoint: 29890 ns, Total: 1747157 ns
[2020-09-11T16:55:49.444+0000][1][safepoint    ] Safepoint "RevokeBias", Time since last: 812655 ns, Reaching safepoint: 483376 ns, At safepoint: 16067 ns, Total: 499443 ns
[2020-09-11T16:55:49.445+0000][1][safepoint    ] Safepoint "RevokeBias", Time since last: 100496 ns, Reaching safepoint: 222232 ns, At safepoint: 12178 ns, Total: 234410 ns
[2020-09-11T16:55:49.497+0000][1][safepoint    ] Safepoint "RevokeBias", Time since last: 48762849 ns, Reaching safepoint: 3282158 ns, At safepoint: 44478 ns, Total: 3326636 ns
[2020-09-11T16:55:49.498+0000][1][safepoint    ] Safepoint "RevokeBias", Time since last: 153197 ns, Reaching safepoint: 953403 ns, At safepoint: 29098 ns, Total: 982501 ns
[2020-09-11T16:55:49.501+0000][1][safepoint    ] Safepoint "RevokeBias", Time since last: 77947 ns, Reaching safepoint: 2704190 ns, At safepoint: 33392 ns, Total: 2737582 ns
[2020-09-11T16:55:49.503+0000][1][safepoint    ] Safepoint "RevokeBias", Time since last: 102479 ns, Reaching safepoint: 2476980 ns, At safepoint: 43416 ns, Total: 2520396 ns
[2020-09-11T16:55:49.504+0000][1][safepoint    ] Safepoint "RevokeBias", Time since last: 153849 ns, Reaching safepoint: 690352 ns, At safepoint: 29176 ns, Total: 719528 ns
[2020-09-11T16:55:49.505+0000][1][safepoint    ] Safepoint "RevokeBias", Time since last: 126831 ns, Reaching safepoint: 247738 ns, At safepoint: 25195 ns, Total: 272933 ns
[2020-09-11T16:55:49.646+0000][1][safepoint    ] Safepoint "RevokeBias", Time since last: 137184156 ns, Reaching safepoint: 4126418 ns, At safepoint: 62921 ns, Total: 4189339 ns
[2020-09-11T16:55:49.780+0000][1][safepoint    ] Safepoint "RevokeBias", Time since last: 133547829 ns, Reaching safepoint: 173373 ns, At safepoint: 23822 ns, Total: 197195 ns
[2020-09-11T16:55:49.999+0000][1][safepoint    ] Safepoint "RevokeBias", Time since last: 219003926 ns, Reaching safepoint: 76641 ns, At safepoint: 9455 ns, Total: 86096 ns
[2020-09-11T16:55:50.000+0000][1][safepoint    ] Safepoint "RevokeBias", Time since last: 728958 ns, Reaching safepoint: 40412 ns, At safepoint: 5748 ns, Total: 46160 ns
[2020-09-11T16:55:50.148+0000][1][safepoint    ] Safepoint "RevokeBias", Time since last: 147607944 ns, Reaching safepoint: 172295 ns, At safepoint: 24756 ns, Total: 197051 ns
[2020-09-11T16:55:50.148+0000][1][safepoint    ] Safepoint "RevokeBias", Time since last: 789655 ns, Reaching safepoint: 142228 ns, At safepoint: 20603 ns, Total: 162831 ns
[2020-09-11T16:55:50.149+0000][1][safepoint    ] Safepoint "RevokeBias", Time since last: 595029 ns, Reaching safepoint: 134222 ns, At safepoint: 18219 ns, Total: 152441 ns
[2020-09-11T16:55:50.152+0000][1][safepoint    ] Safepoint "RevokeBias", Time since last: 535631 ns, Reaching safepoint: 1967059 ns, At safepoint: 23748 ns, Total: 1990807 ns
[2020-09-11T16:55:50.154+0000][1][safepoint    ] Safepoint "RevokeBias", Time since last: 597494 ns, Reaching safepoint: 1976548 ns, At safepoint: 26135 ns, Total: 2002683 ns
[2020-09-11T16:55:50.156+0000][1][safepoint    ] Safepoint "RevokeBias", Time since last: 206584 ns, Reaching safepoint: 1610525 ns, At safepoint: 31815 ns, Total: 1642340 ns
[2020-09-11T16:55:50.163+0000][1][safepoint    ] Safepoint "RevokeBias", Time since last: 5991469 ns, Reaching safepoint: 328197 ns, At safepoint: 21416 ns, Total: 349613 ns
[2020-09-11T16:55:50.165+0000][1][safepoint    ] Safepoint "RevokeBias", Time since last: 2172675 ns, Reaching safepoint: 738062 ns, At safepoint: 43211 ns, Total: 781273 ns
[2020-09-11T16:55:50.166+0000][1][safepoint    ] Safepoint "RevokeBias", Time since last: 104390 ns, Reaching safepoint: 716588 ns, At safepoint: 27419 ns, Total: 744007 ns
[2020-09-11T16:55:50.168+0000][1][safepoint    ] Safepoint "RevokeBias", Time since last: 80630 ns, Reaching safepoint: 1303719 ns, At safepoint: 33087 ns, Total: 1336806 ns
[2020-09-11T16:55:50.169+0000][1][safepoint    ] Safepoint "RevokeBias", Time since last: 95766 ns, Reaching safepoint: 947263 ns, At safepoint: 28224 ns, Total: 975487 ns
[2020-09-11T16:55:50.171+0000][1][safepoint    ] Safepoint "RevokeBias", Time since last: 655126 ns, Reaching safepoint: 1923647 ns, At safepoint: 47640 ns, Total: 1971287 ns
[2020-09-11T16:55:50.173+0000][1][safepoint    ] Safepoint "RevokeBias", Time since last: 1175744 ns, Reaching safepoint: 177359 ns, At safepoint: 26373 ns, Total: 203732 ns
[2020-09-11T16:55:50.176+0000][1][safepoint    ] Safepoint "RevokeBias", Time since last: 188179 ns, Reaching safepoint: 3444998 ns, At safepoint: 31787 ns, Total: 3476785 ns
[2020-09-11T16:55:50.178+0000][1][safepoint    ] Safepoint "RevokeBias", Time since last: 135813 ns, Reaching safepoint: 1275581 ns, At safepoint: 26929 ns, Total: 1302510 ns
[2020-09-11T16:55:50.181+0000][1][safepoint    ] Safepoint "RevokeBias", Time since last: 185333 ns, Reaching safepoint: 2696677 ns, At safepoint: 43560 ns, Total: 2740237 ns
[2020-09-11T16:55:50.398+0000][1][safepoint    ] Safepoint "RevokeBias", Time since last: 216587042 ns, Reaching safepoint: 70552 ns, At safepoint: 18823 ns, Total: 89375 ns
[2020-09-11T16:55:50.444+0000][1][safepoint    ] Safepoint "RevokeBias", Time since last: 46806091 ns, Reaching safepoint: 65769 ns, At safepoint: 17523 ns, Total: 83292 ns
[2020-09-11T16:55:50.470+0000][1][safepoint    ] Safepoint "RevokeBias", Time since last: 21228901 ns, Reaching safepoint: 4626252 ns, At safepoint: 31302 ns, Total: 4657554 ns
[2020-09-11T16:55:50.597+0000][1][safepoint    ] Safepoint "RevokeBias", Time since last: 122517575 ns, Reaching safepoint: 3985544 ns, At safepoint: 25747 ns, Total: 4011291 ns
[2020-09-11T16:55:50.645+0000][1][safepoint    ] Safepoint "RevokeBias", Time since last: 40969128 ns, Reaching safepoint: 7051390 ns, At safepoint: 34210 ns, Total: 7085600 ns
[2020-09-11T16:55:50.665+0000][1][safepoint    ] Safepoint "RevokeBias", Time since last: 20367039 ns, Reaching safepoint: 142505 ns, At safepoint: 19174 ns, Total: 161679 ns
[2020-09-11T16:55:50.666+0000][1][safepoint    ] Safepoint "RevokeBias", Time since last: 435217 ns, Reaching safepoint: 108182 ns, At safepoint: 14318 ns, Total: 122500 ns
[2020-09-11T16:55:50.673+0000][1][safepoint    ] Safepoint "RevokeBias", Time since last: 7299905 ns, Reaching safepoint: 148843 ns, At safepoint: 20952 ns, Total: 169795 ns
[2020-09-11T16:55:50.751+0000][1][safepoint    ] Safepoint "RevokeBias", Time since last: 71985909 ns, Reaching safepoint: 5535245 ns, At safepoint: 28396 ns, Total: 5563641 ns
[2020-09-11T16:55:50.767+0000][1][safepoint    ] Safepoint "RevokeBias", Time since last: 16310183 ns, Reaching safepoint: 153568 ns, At safepoint: 22474 ns, Total: 176042 ns
[2020-09-11T16:55:50.768+0000][1][safepoint    ] Safepoint "RevokeBias", Time since last: 99099 ns, Reaching safepoint: 100896 ns, At safepoint: 13545 ns, Total: 114441 ns
[2020-09-11T16:55:50.768+0000][1][safepoint    ] Safepoint "RevokeBias", Time since last: 38027 ns, Reaching safepoint: 99114 ns, At safepoint: 12618 ns, Total: 111732 ns
[2020-09-11T16:55:50.770+0000][1][safepoint    ] Safepoint "RevokeBias", Time since last: 2277933 ns, Reaching safepoint: 122928 ns, At safepoint: 17471 ns, Total: 140399 ns
[2020-09-11T16:55:50.785+0000][1][safepoint    ] Safepoint "RevokeBias", Time since last: 14390220 ns, Reaching safepoint: 164058 ns, At safepoint: 24573 ns, Total: 188631 ns
[2020-09-11T16:55:50.788+0000][1][gc,start     ] GC(74) Pause Young (Allocation Failure)
[2020-09-11T16:55:50.788+0000][1][gc,task      ] GC(74) Using 1 workers of 1 for evacuation
[2020-09-11T16:55:50.824+0000][1][gc,age       ] GC(74) Desired survivor size 4358144 bytes, new threshold 6 (max threshold 6)
[2020-09-11T16:55:50.824+0000][1][gc,age       ] GC(74) Age table with threshold 6 (max threshold 6)
[2020-09-11T16:55:50.824+0000][1][gc,age       ] GC(74) - age   1:     303024 bytes,     303024 total
[2020-09-11T16:55:50.824+0000][1][gc,age       ] GC(74) - age   2:    1241384 bytes,    1544408 total
[2020-09-11T16:55:50.824+0000][1][gc,age       ] GC(74) - age   3:     787360 bytes,    2331768 total
[2020-09-11T16:55:50.824+0000][1][gc,heap      ] GC(74) ParNew: 71227K->2324K(76672K)
[2020-09-11T16:55:50.824+0000][1][gc,heap      ] GC(74) CMS: 76847K->76847K(439104K)
[2020-09-11T16:55:50.824+0000][1][gc,metaspace ] GC(74) Metaspace: 85884K->85884K(1128448K)
[2020-09-11T16:55:50.824+0000][1][gc           ] GC(74) Pause Young (Allocation Failure) 144M->77M(503M) 35.869ms
[2020-09-11T16:55:50.824+0000][1][gc,cpu       ] GC(74) User=0.01s Sys=0.00s Real=0.04s
[2020-09-11T16:55:50.857+0000][1][safepoint    ] Safepoint "GenCollectForAllocation", Time since last: 2763024 ns, Reaching safepoint: 206100 ns, At safepoint: 68976677 ns, Total: 69182777 ns
[2020-09-11T16:55:50.997+0000][1][safepoint    ] Safepoint "RevokeBias", Time since last: 139567292 ns, Reaching safepoint: 141383 ns, At safepoint: 29174 ns, Total: 170557 ns
[2020-09-11T16:55:51.291+0000][1][safepoint    ] Safepoint "RevokeBias", Time since last: 293780371 ns, Reaching safepoint: 326830 ns, At safepoint: 22883 ns, Total: 349713 ns
[2020-09-11T16:55:51.497+0000][1][safepoint    ] Safepoint "RevokeBias", Time since last: 194196083 ns, Reaching safepoint: 12017725 ns, At safepoint: 31151 ns, Total: 12048876 ns
[2020-09-11T16:55:51.511+0000][1][safepoint    ] Safepoint "RevokeBias", Time since last: 13646362 ns, Reaching safepoint: 152241 ns, At safepoint: 19976 ns, Total: 172217 ns
[2020-09-11T16:55:51.580+0000][1][safepoint    ] Safepoint "RevokeBias", Time since last: 57177154 ns, Reaching safepoint: 11507022 ns, At safepoint: 178059 ns, Total: 11685081 ns
[2020-09-11T16:55:51.618+0000][1][safepoint    ] Safepoint "RevokeBias", Time since last: 30596559 ns, Reaching safepoint: 7695963 ns, At safepoint: 29591 ns, Total: 7725554 ns
[2020-09-11T16:55:51.711+0000][1][safepoint    ] Safepoint "RevokeBias", Time since last: 81753141 ns, Reaching safepoint: 11289944 ns, At safepoint: 320252 ns, Total: 11610196 ns
[2020-09-11T16:55:51.745+0000][1][safepoint    ] Safepoint "RevokeBias", Time since last: 33133496 ns, Reaching safepoint: 170356 ns, At safepoint: 207976 ns, Total: 378332 ns
[2020-09-11T16:55:51.745+0000][1][safepoint    ] Safepoint "RevokeBias", Time since last: 222741 ns, Reaching safepoint: 124958 ns, At safepoint: 158974 ns, Total: 283932 ns
[2020-09-11T16:55:51.754+0000][1][safepoint    ] Safepoint "RevokeBias", Time since last: 58432 ns, Reaching safepoint: 115484 ns, At safepoint: 8454590 ns, Total: 8570074 ns
[2020-09-11T16:55:51.989+0000][1][safepoint    ] Safepoint "RevokeBias", Time since last: 222253904 ns, Reaching safepoint: 12053663 ns, At safepoint: 389195 ns, Total: 12442858 ns
[2020-09-11T16:55:52.020+0000][1][safepoint    ] Safepoint "RevokeBias", Time since last: 31417031 ns, Reaching safepoint: 424010 ns, At safepoint: 22140 ns, Total: 446150 ns
[2020-09-11T16:55:52.038+0000][1][safepoint    ] Safepoint "RevokeBias", Time since last: 13639446 ns, Reaching safepoint: 3793344 ns, At safepoint: 37103 ns, Total: 3830447 ns
[2020-09-11T16:55:52.060+0000][1][safepoint    ] Safepoint "RevokeBias", Time since last: 22123478 ns, Reaching safepoint: 171205 ns, At safepoint: 41435 ns, Total: 212640 ns
[2020-09-11T16:55:52.090+0000][1][safepoint    ] Safepoint "RevokeBias", Time since last: 28530616 ns, Reaching safepoint: 1602459 ns, At safepoint: 50941 ns, Total: 1653400 ns
[2020-09-11T16:55:52.092+0000][1][safepoint    ] Safepoint "RevokeBias", Time since last: 1083542 ns, Reaching safepoint: 155941 ns, At safepoint: 40090 ns, Total: 196031 ns
[2020-09-11T16:55:52.107+0000][1][safepoint    ] Safepoint "RevokeBias", Time since last: 14547743 ns, Reaching safepoint: 176064 ns, At safepoint: 57212 ns, Total: 233276 ns
[2020-09-11T16:55:52.133+0000][1][safepoint    ] Safepoint "RevokeBias", Time since last: 17794678 ns, Reaching safepoint: 8518055 ns, At safepoint: 73216 ns, Total: 8591271 ns
[2020-09-11T16:55:52.134+0000][1][safepoint    ] Safepoint "RevokeBias", Time since last: 116980 ns, Reaching safepoint: 988788 ns, At safepoint: 32663 ns, Total: 1021451 ns
[2020-09-11T16:55:52.140+0000][1][safepoint    ] Safepoint "RevokeBias", Time since last: 5323246 ns, Reaching safepoint: 232848 ns, At safepoint: 22040 ns, Total: 254888 ns
[2020-09-11T16:55:52.179+0000][1][safepoint    ] Safepoint "RevokeBias", Time since last: 33265318 ns, Reaching safepoint: 6482256 ns, At safepoint: 30040 ns, Total: 6512296 ns
[2020-09-11T16:55:52.189+0000][1][safepoint    ] Safepoint "RevokeBias", Time since last: 7052593 ns, Reaching safepoint: 2374231 ns, At safepoint: 27795 ns, Total: 2402026 ns
[2020-09-11T16:55:52.201+0000][1][safepoint    ] Safepoint "RevokeBias", Time since last: 200643 ns, Reaching safepoint: 11793498 ns, At safepoint: 37251 ns, Total: 11830749 ns
[2020-09-11T16:55:52.218+0000][1][safepoint    ] Safepoint "RevokeBias", Time since last: 17024624 ns, Reaching safepoint: 165490 ns, At safepoint: 45063 ns, Total: 210553 ns
[2020-09-11T16:55:52.242+0000][1][safepoint    ] Safepoint "RevokeBias", Time since last: 23108458 ns, Reaching safepoint: 891743 ns, At safepoint: 17571 ns, Total: 909314 ns
[2020-09-11T16:55:52.248+0000][1][safepoint    ] Safepoint "RevokeBias", Time since last: 146360 ns, Reaching safepoint: 5921710 ns, At safepoint: 60451 ns, Total: 5982161 ns
[2020-09-11T16:55:52.262+0000][1][safepoint    ] Safepoint "RevokeBias", Time since last: 13310640 ns, Reaching safepoint: 152510 ns, At safepoint: 55193 ns, Total: 207703 ns
[2020-09-11T16:55:52.354+0000][1][safepoint    ] Safepoint "RevokeBias", Time since last: 91777089 ns, Reaching safepoint: 83385 ns, At safepoint: 26919 ns, Total: 110304 ns
[2020-09-11T16:55:52.354+0000][1][safepoint    ] Safepoint "RevokeBias", Time since last: 67225 ns, Reaching safepoint: 61576 ns, At safepoint: 20127 ns, Total: 81703 ns
[2020-09-11T16:55:52.382+0000][1][safepoint    ] Safepoint "RevokeBias", Time since last: 28077394 ns, Reaching safepoint: 164126 ns, At safepoint: 33116 ns, Total: 197242 ns
[2020-09-11T16:55:52.385+0000][1][safepoint    ] Safepoint "BulkRevokeBias", Time since last: 2656661 ns, Reaching safepoint: 154405 ns, At safepoint: 383047 ns, Total: 537452 ns
[2020-09-11T16:55:52.474+0000][1][gc,start     ] GC(75) Pause Young (Allocation Failure)
[2020-09-11T16:55:52.474+0000][1][gc,task      ] GC(75) Using 1 workers of 1 for evacuation
[2020-09-11T16:55:52.545+0000][1][gc,age       ] GC(75) Desired survivor size 4358144 bytes, new threshold 1 (max threshold 6)
[2020-09-11T16:55:52.545+0000][1][gc,age       ] GC(75) Age table with threshold 1 (max threshold 6)
[2020-09-11T16:55:52.545+0000][1][gc,age       ] GC(75) - age   1:    8359112 bytes,    8359112 total
[2020-09-11T16:55:52.545+0000][1][gc,age       ] GC(75) - age   2:      63136 bytes,    8422248 total
[2020-09-11T16:55:52.545+0000][1][gc,age       ] GC(75) - age   3:     211384 bytes,    8633632 total
[2020-09-11T16:55:52.545+0000][1][gc,age       ] GC(75) - age   4:      53104 bytes,    8686736 total
[2020-09-11T16:55:52.545+0000][1][gc,heap      ] GC(75) ParNew: 70247K->8512K(76672K)
[2020-09-11T16:55:52.545+0000][1][gc,heap      ] GC(75) CMS: 76847K->79357K(439104K)
[2020-09-11T16:55:52.545+0000][1][gc,metaspace ] GC(75) Metaspace: 86035K->86035K(1128448K)
[2020-09-11T16:55:52.545+0000][1][gc           ] GC(75) Pause Young (Allocation Failure) 143M->85M(503M) 71.576ms
[2020-09-11T16:55:52.545+0000][1][gc,cpu       ] GC(75) User=0.02s Sys=0.00s Real=0.07s
[2020-09-11T16:55:52.603+0000][1][safepoint    ] Safepoint "GenCollectForAllocation", Time since last: 82592878 ns, Reaching safepoint: 5625397 ns, At safepoint: 129083091 ns, Total: 134708488 ns
[2020-09-11T16:55:53.132+0000][1][safepoint    ] Safepoint "RevokeBias", Time since last: 529510488 ns, Reaching safepoint: 79670 ns, At safepoint: 20131 ns, Total: 99801 ns
[2020-09-11T16:55:53.138+0000][1][safepoint    ] Safepoint "RevokeBias", Time since last: 3828503 ns, Reaching safepoint: 2210209 ns, At safepoint: 28968 ns, Total: 2239177 ns
[2020-09-11T16:55:53.285+0000][1][safepoint    ] Safepoint "RevokeBias", Time since last: 146940549 ns, Reaching safepoint: 75605 ns, At safepoint: 18857 ns, Total: 94462 ns
[2020-09-11T16:55:53.285+0000][1][safepoint    ] Safepoint "RevokeBias", Time since last: 74698 ns, Reaching safepoint: 32624 ns, At safepoint: 11848 ns, Total: 44472 ns
[2020-09-11T16:55:53.309+0000][1][safepoint    ] Safepoint "RevokeBias", Time since last: 23156504 ns, Reaching safepoint: 757326 ns, At safepoint: 26501 ns, Total: 783827 ns
[2020-09-11T16:55:53.314+0000][1][safepoint    ] Safepoint "RevokeBias", Time since last: 3543643 ns, Reaching safepoint: 1370334 ns, At safepoint: 25269 ns, Total: 1395603 ns
[2020-09-11T16:55:53.416+0000][1][safepoint    ] Safepoint "RevokeBias", Time since last: 100258654 ns, Reaching safepoint: 1271193 ns, At safepoint: 21729 ns, Total: 1292922 ns
[2020-09-11T16:55:53.467+0000][1][safepoint    ] Safepoint "RevokeBias", Time since last: 50550603 ns, Reaching safepoint: 148355 ns, At safepoint: 20951 ns, Total: 169306 ns
[2020-09-11T16:55:53.817+0000][1][safepoint    ] Safepoint "RevokeBias", Time since last: 349868853 ns, Reaching safepoint: 82604 ns, At safepoint: 21475 ns, Total: 104079 ns
[2020-09-11T16:55:53.882+0000][1][safepoint    ] Safepoint "RevokeBias", Time since last: 63073280 ns, Reaching safepoint: 2231523 ns, At safepoint: 25870 ns, Total: 2257393 ns
[2020-09-11T16:55:53.925+0000][1][safepoint    ] Safepoint "RevokeBias", Time since last: 40297840 ns, Reaching safepoint: 2664571 ns, At safepoint: 31252 ns, Total: 2695823 ns
[2020-09-11T16:55:53.938+0000][1][safepoint    ] Safepoint "BulkRevokeBias", Time since last: 11642543 ns, Reaching safepoint: 143957 ns, At safepoint: 831806 ns, Total: 975763 ns
[2020-09-11T16:55:54.388+0000][1][safepoint    ] Safepoint "RevokeBias", Time since last: 450409440 ns, Reaching safepoint: 83712 ns, At safepoint: 23552 ns, Total: 107264 ns
[2020-09-11T16:55:54.388+0000][1][safepoint    ] Safepoint "RevokeBias", Time since last: 356543 ns, Reaching safepoint: 29935 ns, At safepoint: 13436 ns, Total: 43371 ns
[2020-09-11T16:55:54.389+0000][1][safepoint    ] Safepoint "RevokeBias", Time since last: 55570 ns, Reaching safepoint: 26825 ns, At safepoint: 10697 ns, Total: 37522 ns
[2020-09-11T16:55:54.389+0000][1][safepoint    ] Safepoint "RevokeBias", Time since last: 35249 ns, Reaching safepoint: 25399 ns, At safepoint: 9947 ns, Total: 35346 ns
[2020-09-11T16:55:54.389+0000][1][safepoint    ] Safepoint "RevokeBias", Time since last: 31230 ns, Reaching safepoint: 24863 ns, At safepoint: 9428 ns, Total: 34291 ns
[2020-09-11T16:55:54.906+0000][1][safepoint    ] Safepoint "RevokeBias", Time since last: 517159274 ns, Reaching safepoint: 135101 ns, At safepoint: 18754 ns, Total: 153855 ns
[2020-09-11T16:55:55.013+0000][1][safepoint    ] Safepoint "RevokeBias", Time since last: 106834785 ns, Reaching safepoint: 146706 ns, At safepoint: 21634 ns, Total: 168340 ns
[2020-09-11T16:55:55.253+0000][1][safepoint    ] Safepoint "RevokeBias", Time since last: 231095777 ns, Reaching safepoint: 8797896 ns, At safepoint: 31198 ns, Total: 8829094 ns
[2020-09-11T16:55:55.451+0000][1][safepoint    ] Safepoint "RevokeBias", Time since last: 187373983 ns, Reaching safepoint: 10361229 ns, At safepoint: 30209 ns, Total: 10391438 ns
[2020-09-11T16:55:55.628+0000][1][gc,start     ] GC(76) Pause Young (Allocation Failure)
[2020-09-11T16:55:55.628+0000][1][gc,task      ] GC(76) Using 1 workers of 1 for evacuation
[2020-09-11T16:55:55.663+0000][1][gc,age       ] GC(76) Desired survivor size 4358144 bytes, new threshold 6 (max threshold 6)
[2020-09-11T16:55:55.663+0000][1][gc,age       ] GC(76) Age table with threshold 6 (max threshold 6)
[2020-09-11T16:55:55.664+0000][1][gc,age       ] GC(76) - age   1:    1987992 bytes,    1987992 total
[2020-09-11T16:55:55.664+0000][1][gc,heap      ] GC(76) ParNew: 76672K->6934K(76672K)
[2020-09-11T16:55:55.664+0000][1][gc,heap      ] GC(76) CMS: 79357K->80036K(439104K)
[2020-09-11T16:55:55.664+0000][1][gc,metaspace ] GC(76) Metaspace: 86287K->86287K(1128448K)
[2020-09-11T16:55:55.664+0000][1][gc           ] GC(76) Pause Young (Allocation Failure) 152M->84M(503M) 35.981ms
[2020-09-11T16:55:55.664+0000][1][gc,cpu       ] GC(76) User=0.01s Sys=0.00s Real=0.04s
[2020-09-11T16:55:55.677+0000][1][safepoint    ] Safepoint "GenCollectForAllocation", Time since last: 175163702 ns, Reaching safepoint: 1763178 ns, At safepoint: 49202446 ns, Total: 50965624 ns
[2020-09-11T16:55:55.870+0000][1][safepoint    ] Safepoint "RevokeBias", Time since last: 193083670 ns, Reaching safepoint: 89347 ns, At safepoint: 21455 ns, Total: 110802 ns
[2020-09-11T16:55:55.870+0000][1][safepoint    ] Safepoint "RevokeBias", Time since last: 215708 ns, Reaching safepoint: 39703 ns, At safepoint: 12683 ns, Total: 52386 ns
[2020-09-11T16:55:55.870+0000][1][safepoint    ] Safepoint "RevokeBias", Time since last: 128210 ns, Reaching safepoint: 35555 ns, At safepoint: 11494 ns, Total: 47049 ns
[2020-09-11T16:55:55.871+0000][1][safepoint    ] Safepoint "RevokeBias", Time since last: 122431 ns, Reaching safepoint: 32534 ns, At safepoint: 11191 ns, Total: 43725 ns
[2020-09-11T16:55:55.917+0000][1][safepoint    ] Safepoint "RevokeBias", Time since last: 46321688 ns, Reaching safepoint: 148571 ns, At safepoint: 22584 ns, Total: 171155 ns
[2020-09-11T16:55:56.164+0000][1][safepoint    ] Safepoint "RevokeBias", Time since last: 246372976 ns, Reaching safepoint: 87119 ns, At safepoint: 22097 ns, Total: 109216 ns
[2020-09-11T16:55:56.167+0000][1][safepoint    ] Safepoint "RevokeBias", Time since last: 2705532 ns, Reaching safepoint: 224293 ns, At safepoint: 20481 ns, Total: 244774 ns
[2020-09-11T16:55:56.169+0000][1][safepoint    ] Safepoint "RevokeBias", Time since last: 2175192 ns, Reaching safepoint: 160701 ns, At safepoint: 22515 ns, Total: 183216 ns
[2020-09-11T16:55:56.169+0000][1][safepoint    ] Safepoint "RevokeBias", Time since last: 123605 ns, Reaching safepoint: 353861 ns, At safepoint: 15763 ns, Total: 369624 ns
[2020-09-11T16:55:56.180+0000][1][safepoint    ] Safepoint "RevokeBias", Time since last: 1770822 ns, Reaching safepoint: 8671123 ns, At safepoint: 34704 ns, Total: 8705827 ns
[2020-09-11T16:55:56.262+0000][1][safepoint    ] Safepoint "RevokeBias", Time since last: 81854577 ns, Reaching safepoint: 86334 ns, At safepoint: 19743 ns, Total: 106077 ns
[2020-09-11T16:55:56.273+0000][1][safepoint    ] Safepoint "RevokeBias", Time since last: 7119021 ns, Reaching safepoint: 3934256 ns, At safepoint: 32766 ns, Total: 3967022 ns
[2020-09-11T16:55:57.015+0000][1][safepoint    ] Safepoint "RevokeBias", Time since last: 742435008 ns, Reaching safepoint: 85749 ns, At safepoint: 16718 ns, Total: 102467 ns
[2020-09-11T16:55:57.141+0000][1][safepoint    ] Safepoint "RevokeBias", Time since last: 123686643 ns, Reaching safepoint: 2312925 ns, At safepoint: 29949 ns, Total: 2342874 ns
[2020-09-11T16:55:57.150+0000][1][safepoint    ] Safepoint "RevokeBias", Time since last: 7525585 ns, Reaching safepoint: 1223881 ns, At safepoint: 29630 ns, Total: 1253511 ns
[2020-09-11T16:55:57.165+0000][1][safepoint    ] Safepoint "RevokeBias", Time since last: 12842733 ns, Reaching safepoint: 1750256 ns, At safepoint: 26439 ns, Total: 1776695 ns
[2020-09-11T16:55:57.359+0000][1][safepoint    ] Safepoint "RevokeBias", Time since last: 193503297 ns, Reaching safepoint: 185091 ns, At safepoint: 23080 ns, Total: 208171 ns
[2020-09-11T16:55:57.359+0000][1][safepoint    ] Safepoint "RevokeBias", Time since last: 115494 ns, Reaching safepoint: 107295 ns, At safepoint: 15440 ns, Total: 122735 ns
[2020-09-11T16:55:57.359+0000][1][safepoint    ] Safepoint "RevokeBias", Time since last: 57794 ns, Reaching safepoint: 106786 ns, At safepoint: 14525 ns, Total: 121311 ns
[2020-09-11T16:55:57.558+0000][1][safepoint    ] Safepoint "RevokeBias", Time since last: 198764165 ns, Reaching safepoint: 76667 ns, At safepoint: 21592 ns, Total: 98259 ns
[2020-09-11T16:55:57.568+0000][1][safepoint    ] Safepoint "RevokeBias", Time since last: 10191866 ns, Reaching safepoint: 99497 ns, At safepoint: 27441 ns, Total: 126938 ns
[2020-09-11T16:55:58.313+0000][1][safepoint    ] Safepoint "RevokeBias", Time since last: 744639418 ns, Reaching safepoint: 163728 ns, At safepoint: 19960 ns, Total: 183688 ns
[2020-09-11T16:55:58.328+0000][1][safepoint    ] Safepoint "RevokeBias", Time since last: 14909627 ns, Reaching safepoint: 149511 ns, At safepoint: 21808 ns, Total: 171319 ns
[2020-09-11T16:55:58.342+0000][1][safepoint    ] Safepoint "RevokeBias", Time since last: 12730478 ns, Reaching safepoint: 1625970 ns, At safepoint: 49864 ns, Total: 1675834 ns
[2020-09-11T16:55:58.383+0000][1][safepoint    ] Safepoint "RevokeBias", Time since last: 36916537 ns, Reaching safepoint: 3916062 ns, At safepoint: 35932 ns, Total: 3951994 ns
[2020-09-11T16:55:58.391+0000][1][safepoint    ] Safepoint "RevokeBias", Time since last: 7115950 ns, Reaching safepoint: 156600 ns, At safepoint: 23057 ns, Total: 179657 ns
[2020-09-11T16:55:58.391+0000][1][safepoint    ] Safepoint "RevokeBias", Time since last: 93647 ns, Reaching safepoint: 424974 ns, At safepoint: 16783 ns, Total: 441757 ns
[2020-09-11T16:55:58.393+0000][1][safepoint    ] Safepoint "RevokeBias", Time since last: 90678 ns, Reaching safepoint: 1546269 ns, At safepoint: 21557 ns, Total: 1567826 ns
[2020-09-11T16:55:58.396+0000][1][safepoint    ] Safepoint "RevokeBias", Time since last: 213975 ns, Reaching safepoint: 2559275 ns, At safepoint: 25600 ns, Total: 2584875 ns
[2020-09-11T16:55:58.417+0000][1][safepoint    ] Safepoint "RevokeBias", Time since last: 21572758 ns, Reaching safepoint: 139412 ns, At safepoint: 20609 ns, Total: 160021 ns
[2020-09-11T16:55:58.418+0000][1][safepoint    ] Safepoint "RevokeBias", Time since last: 144586 ns, Reaching safepoint: 98800 ns, At safepoint: 14196 ns, Total: 112996 ns
[2020-09-11T16:55:58.613+0000][1][safepoint    ] Safepoint "RevokeBias", Time since last: 194868142 ns, Reaching safepoint: 156804 ns, At safepoint: 21895 ns, Total: 178699 ns
[2020-09-11T16:55:59.239+0000][1][safepoint    ] Safepoint "RevokeBias", Time since last: 626034538 ns, Reaching safepoint: 99873 ns, At safepoint: 33009 ns, Total: 132882 ns
[2020-09-11T16:55:59.305+0000][1][safepoint    ] Safepoint "RevokeBias", Time since last: 62602630 ns, Reaching safepoint: 3409457 ns, At safepoint: 32245 ns, Total: 3441702 ns
[2020-09-11T16:55:59.306+0000][1][safepoint    ] Safepoint "RevokeBias", Time since last: 263844 ns, Reaching safepoint: 1247671 ns, At safepoint: 17451 ns, Total: 1265122 ns
[2020-09-11T16:55:59.308+0000][1][safepoint    ] Safepoint "RevokeBias", Time since last: 76726 ns, Reaching safepoint: 1505503 ns, At safepoint: 17619 ns, Total: 1523122 ns
[2020-09-11T16:55:59.309+0000][1][safepoint    ] Safepoint "RevokeBias", Time since last: 53765 ns, Reaching safepoint: 645977 ns, At safepoint: 16552 ns, Total: 662529 ns
[2020-09-11T16:55:59.310+0000][1][safepoint    ] Safepoint "RevokeBias", Time since last: 63154 ns, Reaching safepoint: 1046467 ns, At safepoint: 15092 ns, Total: 1061559 ns
[2020-09-11T16:55:59.392+0000][1][safepoint    ] Safepoint "RevokeBias", Time since last: 81937617 ns, Reaching safepoint: 88569 ns, At safepoint: 23555 ns, Total: 112124 ns
[2020-09-11T16:55:59.517+0000][1][safepoint    ] Safepoint "RevokeBias", Time since last: 124826964 ns, Reaching safepoint: 197830 ns, At safepoint: 22324 ns, Total: 220154 ns
[2020-09-11T16:55:59.729+0000][1][gc,start     ] GC(77) Pause Young (Allocation Failure)
[2020-09-11T16:55:59.729+0000][1][gc,task      ] GC(77) Using 1 workers of 1 for evacuation
[2020-09-11T16:55:59.792+0000][1][gc,age       ] GC(77) Desired survivor size 4358144 bytes, new threshold 2 (max threshold 6)
[2020-09-11T16:55:59.792+0000][1][gc,age       ] GC(77) Age table with threshold 2 (max threshold 6)
[2020-09-11T16:55:59.792+0000][1][gc,age       ] GC(77) - age   1:    3970960 bytes,    3970960 total
[2020-09-11T16:55:59.792+0000][1][gc,age       ] GC(77) - age   2:     867720 bytes,    4838680 total
[2020-09-11T16:55:59.792+0000][1][gc,heap      ] GC(77) ParNew: 74794K->6657K(76672K)
[2020-09-11T16:55:59.792+0000][1][gc,heap      ] GC(77) CMS: 80036K->80036K(439104K)
[2020-09-11T16:55:59.792+0000][1][gc,metaspace ] GC(77) Metaspace: 86465K->86465K(1128448K)
[2020-09-11T16:55:59.792+0000][1][gc           ] GC(77) Pause Young (Allocation Failure) 151M->84M(503M) 63.433ms
[2020-09-11T16:55:59.792+0000][1][gc,cpu       ] GC(77) User=0.02s Sys=0.00s Real=0.06s
[2020-09-11T16:55:59.839+0000][1][safepoint    ] Safepoint "GenCollectForAllocation", Time since last: 211853320 ns, Reaching safepoint: 182480 ns, At safepoint: 109676007 ns, Total: 109858487 ns
[2020-09-11T16:55:59.888+0000][1][safepoint    ] Safepoint "RevokeBias", Time since last: 49600451 ns, Reaching safepoint: 181274 ns, At safepoint: 28218 ns, Total: 209492 ns
[2020-09-11T16:55:59.922+0000][1][safepoint    ] Safepoint "RevokeBias", Time since last: 33282770 ns, Reaching safepoint: 179758 ns, At safepoint: 154577 ns, Total: 334335 ns
[2020-09-11T16:56:00.302+0000][1][safepoint    ] Safepoint "RevokeBias", Time since last: 380103713 ns, Reaching safepoint: 176902 ns, At safepoint: 23514 ns, Total: 200416 ns
[2020-09-11T16:56:00.580+0000][1][safepoint    ] Safepoint "RevokeBias", Time since last: 276777387 ns, Reaching safepoint: 562928 ns, At safepoint: 22471 ns, Total: 585399 ns
[2020-09-11T16:56:00.615+0000][1][safepoint    ] Safepoint "RevokeBias", Time since last: 33535681 ns, Reaching safepoint: 1476866 ns, At safepoint: 140127 ns, Total: 1616993 ns
[2020-09-11T16:56:00.881+0000][1][safepoint    ] Safepoint "RevokeBias", Time since last: 265998603 ns, Reaching safepoint: 174592 ns, At safepoint: 24116 ns, Total: 198708 ns
[2020-09-11T16:56:00.897+0000][1][safepoint    ] Safepoint "RevokeBias", Time since last: 16088654 ns, Reaching safepoint: 232281 ns, At safepoint: 23032 ns, Total: 255313 ns
[2020-09-11T16:56:00.898+0000][1][safepoint    ] Safepoint "RevokeBias", Time since last: 90354 ns, Reaching safepoint: 111545 ns, At safepoint: 14254 ns, Total: 125799 ns
[2020-09-11T16:56:00.898+0000][1][safepoint    ] Safepoint "RevokeBias", Time since last: 65716 ns, Reaching safepoint: 111247 ns, At safepoint: 13154 ns, Total: 124401 ns
[2020-09-11T16:56:00.914+0000][1][safepoint    ] Safepoint "RevokeBias", Time since last: 15489406 ns, Reaching safepoint: 155806 ns, At safepoint: 19430 ns, Total: 175236 ns
[2020-09-11T16:56:00.914+0000][1][safepoint    ] Safepoint "RevokeBias", Time since last: 144582 ns, Reaching safepoint: 109806 ns, At safepoint: 15554 ns, Total: 125360 ns
[2020-09-11T16:56:01.753+0000][1][gc,start     ] GC(78) Pause Young (Allocation Failure)
[2020-09-11T16:56:01.753+0000][1][gc,task      ] GC(78) Using 1 workers of 1 for evacuation
[2020-09-11T16:56:01.804+0000][1][gc,age       ] GC(78) Desired survivor size 4358144 bytes, new threshold 1 (max threshold 6)
[2020-09-11T16:56:01.804+0000][1][gc,age       ] GC(78) Age table with threshold 1 (max threshold 6)
[2020-09-11T16:56:01.804+0000][1][gc,age       ] GC(78) - age   1:    8009544 bytes,    8009544 total
[2020-09-11T16:56:01.804+0000][1][gc,age       ] GC(78) - age   2:     675488 bytes,    8685032 total
[2020-09-11T16:56:01.805+0000][1][gc,heap      ] GC(78) ParNew: 74817K->8512K(76672K)
[2020-09-11T16:56:01.805+0000][1][gc,heap      ] GC(78) CMS: 80036K->83708K(439104K)
[2020-09-11T16:56:01.805+0000][1][gc,metaspace ] GC(78) Metaspace: 86585K->86585K(1128448K)
[2020-09-11T16:56:01.805+0000][1][gc           ] GC(78) Pause Young (Allocation Failure) 151M->90M(503M) 51.581ms
[2020-09-11T16:56:01.805+0000][1][gc,cpu       ] GC(78) User=0.01s Sys=0.00s Real=0.05s
[2020-09-11T16:56:01.824+0000][1][safepoint    ] Safepoint "GenCollectForAllocation", Time since last: 838040587 ns, Reaching safepoint: 1136695 ns, At safepoint: 70916309 ns, Total: 72053004 ns
[2020-09-11T16:56:02.151+0000][1][safepoint    ] Safepoint "RevokeBias", Time since last: 326748014 ns, Reaching safepoint: 111517 ns, At safepoint: 87883 ns, Total: 199400 ns
[2020-09-11T16:56:02.293+0000][1][safepoint    ] Safepoint "RevokeBias", Time since last: 142005421 ns, Reaching safepoint: 174688 ns, At safepoint: 24057 ns, Total: 198745 ns
[2020-09-11T16:56:02.294+0000][1][safepoint    ] Safepoint "RevokeBias", Time since last: 927124 ns, Reaching safepoint: 107383 ns, At safepoint: 14537 ns, Total: 121920 ns
[2020-09-11T16:56:02.299+0000][1][safepoint    ] Safepoint "RevokeBias", Time since last: 726828 ns, Reaching safepoint: 4134232 ns, At safepoint: 37177 ns, Total: 4171409 ns
[2020-09-11T16:56:02.299+0000][1][safepoint    ] Safepoint "RevokeBias", Time since last: 128084 ns, Reaching safepoint: 102398 ns, At safepoint: 12271 ns, Total: 114669 ns
[2020-09-11T16:56:02.413+0000][1][safepoint    ] Safepoint "RevokeBias", Time since last: 114067644 ns, Reaching safepoint: 145576 ns, At safepoint: 20333 ns, Total: 165909 ns
[2020-09-11T16:56:02.659+0000][1][safepoint    ] Safepoint "RevokeBias", Time since last: 242286479 ns, Reaching safepoint: 3158574 ns, At safepoint: 34592 ns, Total: 3193166 ns
[2020-09-11T16:56:02.701+0000][1][safepoint    ] Safepoint "RevokeBias", Time since last: 39125417 ns, Reaching safepoint: 2841774 ns, At safepoint: 27522 ns, Total: 2869296 ns
[2020-09-11T16:56:02.718+0000][1][safepoint    ] Safepoint "Deoptimize", Time since last: 9141401 ns, Reaching safepoint: 6831466 ns, At safepoint: 603079 ns, Total: 7434545 ns
[2020-09-11T16:56:03.336+0000][1][safepoint    ] Safepoint "RevokeBias", Time since last: 617953176 ns, Reaching safepoint: 104051 ns, At safepoint: 20651 ns, Total: 124702 ns
[2020-09-11T16:56:03.600+0000][1][safepoint    ] Safepoint "Deoptimize", Time since last: 261208656 ns, Reaching safepoint: 2906409 ns, At safepoint: 609865 ns, Total: 3516274 ns
[2020-09-11T16:56:03.806+0000][1][safepoint    ] Safepoint "RevokeBias", Time since last: 205823622 ns, Reaching safepoint: 164534 ns, At safepoint: 22754 ns, Total: 187288 ns
[2020-09-11T16:56:03.807+0000][1][safepoint    ] Safepoint "RevokeBias", Time since last: 250532 ns, Reaching safepoint: 103673 ns, At safepoint: 14194 ns, Total: 117867 ns
[2020-09-11T16:56:03.807+0000][1][safepoint    ] Safepoint "RevokeBias", Time since last: 145902 ns, Reaching safepoint: 107410 ns, At safepoint: 13256 ns, Total: 120666 ns
[2020-09-11T16:56:03.807+0000][1][safepoint    ] Safepoint "RevokeBias", Time since last: 77725 ns, Reaching safepoint: 102447 ns, At safepoint: 15057 ns, Total: 117504 ns
[2020-09-11T16:56:03.894+0000][1][safepoint    ] Safepoint "RevokeBias", Time since last: 85821577 ns, Reaching safepoint: 826883 ns, At safepoint: 23338 ns, Total: 850221 ns
[2020-09-11T16:56:04.362+0000][1][safepoint    ] Safepoint "RevokeBias", Time since last: 465264208 ns, Reaching safepoint: 2973779 ns, At safepoint: 30521 ns, Total: 3004300 ns
[2020-09-11T16:56:04.377+0000][1][safepoint    ] Safepoint "RevokeBias", Time since last: 14809165 ns, Reaching safepoint: 287465 ns, At safepoint: 20470 ns, Total: 307935 ns
[2020-09-11T16:56:04.543+0000][1][safepoint    ] Safepoint "RevokeBias", Time since last: 165688755 ns, Reaching safepoint: 162282 ns, At safepoint: 21368 ns, Total: 183650 ns
[2020-09-11T16:56:04.652+0000][1][safepoint    ] Safepoint "RevokeBias", Time since last: 98920245 ns, Reaching safepoint: 9971500 ns, At safepoint: 40553 ns, Total: 10012053 ns
[2020-09-11T16:56:04.711+0000][1][safepoint    ] Safepoint "Deoptimize", Time since last: 54608491 ns, Reaching safepoint: 3347152 ns, At safepoint: 626295 ns, Total: 3973447 ns
[2020-09-11T16:56:05.384+0000][1][gc,start     ] GC(79) Pause Young (Allocation Failure)
[2020-09-11T16:56:05.384+0000][1][gc,task      ] GC(79) Using 1 workers of 1 for evacuation
[2020-09-11T16:56:05.437+0000][1][gc,age       ] GC(79) Desired survivor size 4358144 bytes, new threshold 6 (max threshold 6)
[2020-09-11T16:56:05.437+0000][1][gc,age       ] GC(79) Age table with threshold 6 (max threshold 6)
[2020-09-11T16:56:05.437+0000][1][gc,age       ] GC(79) - age   1:    2218672 bytes,    2218672 total
[2020-09-11T16:56:05.437+0000][1][gc,heap      ] GC(79) ParNew: 76672K->7385K(76672K)
[2020-09-11T16:56:05.437+0000][1][gc,heap      ] GC(79) CMS: 83708K->84933K(439104K)
[2020-09-11T16:56:05.437+0000][1][gc,metaspace ] GC(79) Metaspace: 87243K->87243K(1130496K)
[2020-09-11T16:56:05.437+0000][1][gc           ] GC(79) Pause Young (Allocation Failure) 156M->90M(503M) 52.932ms
[2020-09-11T16:56:05.437+0000][1][gc,cpu       ] GC(79) User=0.02s Sys=0.00s Real=0.05s
[2020-09-11T16:56:05.461+0000][1][safepoint    ] Safepoint "GenCollectForAllocation", Time since last: 672924762 ns, Reaching safepoint: 821422 ns, At safepoint: 76442924 ns, Total: 77264346 ns
[2020-09-11T16:56:05.650+0000][1][safepoint    ] Safepoint "RevokeBias", Time since last: 187307901 ns, Reaching safepoint: 1883426 ns, At safepoint: 25069 ns, Total: 1908495 ns
[2020-09-11T16:56:05.932+0000][1][safepoint    ] Safepoint "Deoptimize", Time since last: 280755484 ns, Reaching safepoint: 283580 ns, At safepoint: 642302 ns, Total: 925882 ns
[2020-09-11T16:56:06.143+0000][1][safepoint    ] Safepoint "RevokeBias", Time since last: 210834770 ns, Reaching safepoint: 258336 ns, At safepoint: 22173 ns, Total: 280509 ns
[2020-09-11T16:56:06.144+0000][1][safepoint    ] Safepoint "BulkRevokeBias", Time since last: 702939 ns, Reaching safepoint: 113451 ns, At safepoint: 232258 ns, Total: 345709 ns
[2020-09-11T16:56:06.153+0000][1][safepoint    ] Safepoint "RevokeBias", Time since last: 5032733 ns, Reaching safepoint: 3973580 ns, At safepoint: 32096 ns, Total: 4005676 ns
[2020-09-11T16:56:06.156+0000][1][safepoint    ] Safepoint "BulkRevokeBias", Time since last: 119093 ns, Reaching safepoint: 3161055 ns, At safepoint: 290352 ns, Total: 3451407 ns
[2020-09-11T16:56:06.258+0000][1][safepoint    ] Safepoint "RevokeBias", Time since last: 100944290 ns, Reaching safepoint: 165220 ns, At safepoint: 21892 ns, Total: 187112 ns
[2020-09-11T16:56:06.745+0000][1][safepoint    ] Safepoint "RevokeBias", Time since last: 487459671 ns, Reaching safepoint: 360781 ns, At safepoint: 24985 ns, Total: 385766 ns
[2020-09-11T16:56:06.845+0000][1][gc,start     ] GC(80) Pause Young (Allocation Failure)
[2020-09-11T16:56:06.845+0000][1][gc,task      ] GC(80) Using 1 workers of 1 for evacuation
[2020-09-11T16:56:06.879+0000][1][gc,age       ] GC(80) Desired survivor size 4358144 bytes, new threshold 6 (max threshold 6)
[2020-09-11T16:56:06.879+0000][1][gc,age       ] GC(80) Age table with threshold 6 (max threshold 6)
[2020-09-11T16:56:06.879+0000][1][gc,age       ] GC(80) - age   1:     469216 bytes,     469216 total
[2020-09-11T16:56:06.879+0000][1][gc,age       ] GC(80) - age   2:    1037656 bytes,    1506872 total
[2020-09-11T16:56:06.879+0000][1][gc,heap      ] GC(80) ParNew: 75545K->2388K(76672K)
[2020-09-11T16:56:06.879+0000][1][gc,heap      ] GC(80) CMS: 84933K->84933K(439104K)
[2020-09-11T16:56:06.879+0000][1][gc,metaspace ] GC(80) Metaspace: 87372K->87372K(1130496K)
[2020-09-11T16:56:06.879+0000][1][gc           ] GC(80) Pause Young (Allocation Failure) 156M->85M(503M) 33.677ms
[2020-09-11T16:56:06.879+0000][1][gc,cpu       ] GC(80) User=0.01s Sys=0.00s Real=0.03s
[2020-09-11T16:56:06.920+0000][1][safepoint    ] Safepoint "GenCollectForAllocation", Time since last: 99731491 ns, Reaching safepoint: 231057 ns, At safepoint: 74670451 ns, Total: 74901508 ns
[2020-09-11T16:56:07.033+0000][1][safepoint    ] Safepoint "RevokeBias", Time since last: 91396330 ns, Reaching safepoint: 21937095 ns, At safepoint: 61905 ns, Total: 21999000 ns
[2020-09-11T16:56:07.034+0000][1][safepoint    ] Safepoint "RevokeBias", Time since last: 181469 ns, Reaching safepoint: 112026 ns, At safepoint: 17574 ns, Total: 129600 ns
[2020-09-11T16:56:07.081+0000][1][safepoint    ] Safepoint "RevokeBias", Time since last: 13261863 ns, Reaching safepoint: 33826567 ns, At safepoint: 64548 ns, Total: 33891115 ns
[2020-09-11T16:56:07.084+0000][1][safepoint    ] Safepoint "RevokeBias", Time since last: 839560 ns, Reaching safepoint: 2115069 ns, At safepoint: 35567 ns, Total: 2150636 ns
[2020-09-11T16:56:07.092+0000][1][safepoint    ] Safepoint "RevokeBias", Time since last: 5618024 ns, Reaching safepoint: 2901894 ns, At safepoint: 31426 ns, Total: 2933320 ns
[2020-09-11T16:56:07.094+0000][1][safepoint    ] Safepoint "RevokeBias", Time since last: 359611 ns, Reaching safepoint: 1211640 ns, At safepoint: 18934 ns, Total: 1230574 ns
[2020-09-11T16:56:07.137+0000][1][safepoint    ] Safepoint "RevokeBias", Time since last: 29912540 ns, Reaching safepoint: 12602237 ns, At safepoint: 39001 ns, Total: 12641238 ns
[2020-09-11T16:56:07.253+0000][1][safepoint    ] Safepoint "RevokeBias", Time since last: 97535838 ns, Reaching safepoint: 18724109 ns, At safepoint: 32878 ns, Total: 18756987 ns
[2020-09-11T16:56:07.266+0000][1][safepoint    ] Safepoint "RevokeBias", Time since last: 12440313 ns, Reaching safepoint: 147718 ns, At safepoint: 21934 ns, Total: 169652 ns
[2020-09-11T16:56:07.266+0000][1][safepoint    ] Safepoint "RevokeBias", Time since last: 376481 ns, Reaching safepoint: 104529 ns, At safepoint: 14760 ns, Total: 119289 ns
[2020-09-11T16:56:07.271+0000][1][safepoint    ] Safepoint "RevokeBias", Time since last: 201114 ns, Reaching safepoint: 4306988 ns, At safepoint: 31703 ns, Total: 4338691 ns
[2020-09-11T16:56:07.271+0000][1][safepoint    ] Safepoint "RevokeBias", Time since last: 111232 ns, Reaching safepoint: 105281 ns, At safepoint: 13217 ns, Total: 118498 ns
[2020-09-11T16:56:07.271+0000][1][safepoint    ] Safepoint "RevokeBias", Time since last: 583767 ns, Reaching safepoint: 104633 ns, At safepoint: 14704 ns, Total: 119337 ns
[2020-09-11T16:56:08.009+0000][1][safepoint    ] Safepoint "RevokeBias", Time since last: 737288368 ns, Reaching safepoint: 173503 ns, At safepoint: 21917 ns, Total: 195420 ns
[2020-09-11T16:56:08.236+0000][1][safepoint    ] Safepoint "RevokeBias", Time since last: 227183979 ns, Reaching safepoint: 158006 ns, At safepoint: 22296 ns, Total: 180302 ns
[2020-09-11T16:56:08.305+0000][1][safepoint    ] Safepoint "RevokeBias", Time since last: 68558562 ns, Reaching safepoint: 152320 ns, At safepoint: 19909 ns, Total: 172229 ns
[2020-09-11T16:56:08.676+0000][1][safepoint    ] Safepoint "RevokeBias", Time since last: 370181724 ns, Reaching safepoint: 336955 ns, At safepoint: 22514 ns, Total: 359469 ns
[2020-09-11T16:56:09.395+0000][1][safepoint    ] Safepoint "RevokeBias", Time since last: 718996332 ns, Reaching safepoint: 90098 ns, At safepoint: 19301 ns, Total: 109399 ns
[2020-09-11T16:56:09.406+0000][1][safepoint    ] Safepoint "RevokeBias", Time since last: 11416999 ns, Reaching safepoint: 151532 ns, At safepoint: 22412 ns, Total: 173944 ns
[2020-09-11T16:56:09.496+0000][1][safepoint    ] Safepoint "RevokeBias", Time since last: 89217881 ns, Reaching safepoint: 186456 ns, At safepoint: 23261 ns, Total: 209717 ns
[2020-09-11T16:56:09.516+0000][1][safepoint    ] Safepoint "RevokeBias", Time since last: 20251976 ns, Reaching safepoint: 196531 ns, At safepoint: 24504 ns, Total: 221035 ns
[2020-09-11T16:56:09.631+0000][1][safepoint    ] Safepoint "RevokeBias", Time since last: 114398085 ns, Reaching safepoint: 87856 ns, At safepoint: 22276 ns, Total: 110132 ns
[2020-09-11T16:56:09.728+0000][1][safepoint    ] Safepoint "RevokeBias", Time since last: 97492694 ns, Reaching safepoint: 83372 ns, At safepoint: 20801 ns, Total: 104173 ns
[2020-09-11T16:56:10.729+0000][1][safepoint    ] Safepoint "Cleanup", Time since last: 1000169680 ns, Reaching safepoint: 110738 ns, At safepoint: 7164 ns, Total: 117902 ns
[2020-09-11T16:56:11.174+0000][1][gc,start     ] GC(81) Pause Young (Allocation Failure)
[2020-09-11T16:56:11.174+0000][1][gc,task      ] GC(81) Using 1 workers of 1 for evacuation
[2020-09-11T16:56:11.207+0000][1][gc,age       ] GC(81) Desired survivor size 4358144 bytes, new threshold 1 (max threshold 6)
[2020-09-11T16:56:11.207+0000][1][gc,age       ] GC(81) Age table with threshold 1 (max threshold 6)
[2020-09-11T16:56:11.207+0000][1][gc,age       ] GC(81) - age   1:    7703792 bytes,    7703792 total
[2020-09-11T16:56:11.207+0000][1][gc,age       ] GC(81) - age   2:     435176 bytes,    8138968 total
[2020-09-11T16:56:11.207+0000][1][gc,age       ] GC(81) - age   3:     541408 bytes,    8680376 total
[2020-09-11T16:56:11.207+0000][1][gc,heap      ] GC(81) ParNew: 70548K->8512K(76672K)
[2020-09-11T16:56:11.207+0000][1][gc,heap      ] GC(81) CMS: 84933K->86866K(439104K)
[2020-09-11T16:56:11.207+0000][1][gc,metaspace ] GC(81) Metaspace: 87657K->87657K(1130496K)
[2020-09-11T16:56:11.207+0000][1][gc           ] GC(81) Pause Young (Allocation Failure) 151M->93M(503M) 33.285ms
[2020-09-11T16:56:11.207+0000][1][gc,cpu       ] GC(81) User=0.01s Sys=0.00s Real=0.03s
[2020-09-11T16:56:11.218+0000][1][safepoint    ] Safepoint "GenCollectForAllocation", Time since last: 444201488 ns, Reaching safepoint: 1383702 ns, At safepoint: 43829725 ns, Total: 45213427 ns
[2020-09-11T16:56:12.223+0000][1][safepoint    ] Safepoint "Cleanup", Time since last: 1004878376 ns, Reaching safepoint: 100498 ns, At safepoint: 18657 ns, Total: 119155 ns
[2020-09-11T16:56:13.061+0000][1][safepoint    ] Safepoint "RevokeBias", Time since last: 835499720 ns, Reaching safepoint: 2347557 ns, At safepoint: 26703 ns, Total: 2374260 ns
[2020-09-11T16:56:13.139+0000][1][safepoint    ] Safepoint "RevokeBias", Time since last: 78263660 ns, Reaching safepoint: 181110 ns, At safepoint: 14252 ns, Total: 195362 ns
[2020-09-11T16:56:13.141+0000][1][safepoint    ] Safepoint "RevokeBias", Time since last: 1001702 ns, Reaching safepoint: 512336 ns, At safepoint: 14385 ns, Total: 526721 ns
[2020-09-11T16:56:13.202+0000][1][safepoint    ] Safepoint "RevokeBias", Time since last: 61150632 ns, Reaching safepoint: 157914 ns, At safepoint: 8731 ns, Total: 166645 ns
[2020-09-11T16:56:13.216+0000][1][safepoint    ] Safepoint "RevokeBias", Time since last: 13416412 ns, Reaching safepoint: 361538 ns, At safepoint: 12292 ns, Total: 373830 ns
[2020-09-11T16:56:13.216+0000][1][safepoint    ] Safepoint "RevokeBias", Time since last: 68346 ns, Reaching safepoint: 137977 ns, At safepoint: 8367 ns, Total: 146344 ns
[2020-09-11T16:56:13.245+0000][1][safepoint    ] Safepoint "RevokeBias", Time since last: 28804772 ns, Reaching safepoint: 200256 ns, At safepoint: 22385 ns, Total: 222641 ns
[2020-09-11T16:56:13.247+0000][1][safepoint    ] Safepoint "RevokeBias", Time since last: 1485584 ns, Reaching safepoint: 169481 ns, At safepoint: 18362 ns, Total: 187843 ns
[2020-09-11T16:56:13.257+0000][1][safepoint    ] Safepoint "RevokeBias", Time since last: 6884497 ns, Reaching safepoint: 3284079 ns, At safepoint: 24469 ns, Total: 3308548 ns
[2020-09-11T16:56:13.289+0000][1][safepoint    ] Safepoint "RevokeBias", Time since last: 31895691 ns, Reaching safepoint: 189933 ns, At safepoint: 24799 ns, Total: 214732 ns
[2020-09-11T16:56:13.306+0000][1][safepoint    ] Safepoint "RevokeBias", Time since last: 16702352 ns, Reaching safepoint: 169639 ns, At safepoint: 26537 ns, Total: 196176 ns
[2020-09-11T16:56:13.310+0000][1][safepoint    ] Safepoint "RevokeBias", Time since last: 2961356 ns, Reaching safepoint: 617153 ns, At safepoint: 20748 ns, Total: 637901 ns
[2020-09-11T16:56:13.581+0000][1][safepoint    ] Safepoint "RevokeBias", Time since last: 267094287 ns, Reaching safepoint: 4076630 ns, At safepoint: 32311 ns, Total: 4108941 ns
[2020-09-11T16:56:14.581+0000][1][safepoint    ] Safepoint "Cleanup", Time since last: 1000203252 ns, Reaching safepoint: 222056 ns, At safepoint: 21021 ns, Total: 243077 ns
[2020-09-11T16:56:15.071+0000][1][safepoint    ] Safepoint "RevokeBias", Time since last: 489937174 ns, Reaching safepoint: 112961 ns, At safepoint: 23571 ns, Total: 136532 ns
[2020-09-11T16:56:15.163+0000][1][safepoint    ] Safepoint "RevokeBias", Time since last: 91576788 ns, Reaching safepoint: 89018 ns, At safepoint: 22697 ns, Total: 111715 ns
[2020-09-11T16:56:16.164+0000][1][safepoint    ] Safepoint "Cleanup", Time since last: 1000563375 ns, Reaching safepoint: 239363 ns, At safepoint: 30656 ns, Total: 270019 ns
[2020-09-11T16:56:17.164+0000][1][safepoint    ] Safepoint "Cleanup", Time since last: 1000192499 ns, Reaching safepoint: 179423 ns, At safepoint: 8027 ns, Total: 187450 ns
[2020-09-11T16:56:18.165+0000][1][safepoint    ] Safepoint "Cleanup", Time since last: 1000155623 ns, Reaching safepoint: 159557 ns, At safepoint: 8337 ns, Total: 167894 ns
[2020-09-11T16:56:18.430+0000][1][safepoint    ] Safepoint "RevokeBias", Time since last: 264991586 ns, Reaching safepoint: 170888 ns, At safepoint: 21065 ns, Total: 191953 ns
[2020-09-11T16:56:18.437+0000][1][safepoint    ] Safepoint "RevokeBias", Time since last: 6980255 ns, Reaching safepoint: 321777 ns, At safepoint: 21935 ns, Total: 343712 ns
[2020-09-11T16:56:18.439+0000][1][safepoint    ] Safepoint "RevokeBias", Time since last: 1282904 ns, Reaching safepoint: 154210 ns, At safepoint: 17229 ns, Total: 171439 ns
[2020-09-11T16:56:18.445+0000][1][safepoint    ] Safepoint "RevokeBias", Time since last: 6192313 ns, Reaching safepoint: 645768 ns, At safepoint: 23276 ns, Total: 669044 ns
[2020-09-11T16:56:19.178+0000][1][safepoint    ] Safepoint "RevokeBias", Time since last: 731930122 ns, Reaching safepoint: 182009 ns, At safepoint: 23203 ns, Total: 205212 ns
[2020-09-11T16:56:19.217+0000][1][safepoint    ] Safepoint "RevokeBias", Time since last: 39193663 ns, Reaching safepoint: 396648 ns, At safepoint: 184062 ns, Total: 580710 ns
[2020-09-11T16:56:19.434+0000][1][safepoint    ] Safepoint "RevokeBias", Time since last: 216550046 ns, Reaching safepoint: 126861 ns, At safepoint: 19235 ns, Total: 146096 ns
[2020-09-11T16:56:19.489+0000][1][safepoint    ] Safepoint "RevokeBias", Time since last: 52488005 ns, Reaching safepoint: 2261281 ns, At safepoint: 27728 ns, Total: 2289009 ns
[2020-09-11T16:56:19.489+0000][1][safepoint    ] Safepoint "RevokeBias", Time since last: 165121 ns, Reaching safepoint: 129790 ns, At safepoint: 177365 ns, Total: 307155 ns
[2020-09-11T16:56:19.490+0000][1][safepoint    ] Safepoint "RevokeBias", Time since last: 219280 ns, Reaching safepoint: 200402 ns, At safepoint: 155157 ns, Total: 355559 ns
[2020-09-11T16:56:19.587+0000][1][safepoint    ] Safepoint "ICBufferFull", Time since last: 96916855 ns, Reaching safepoint: 300878 ns, At safepoint: 10647 ns, Total: 311525 ns
[2020-09-11T16:56:20.768+0000][1][safepoint    ] Safepoint "RevokeBias", Time since last: 1023159942 ns, Reaching safepoint: 157266990 ns, At safepoint: 103915 ns, Total: 157370905 ns
[2020-09-11T16:56:20.819+0000][1][safepoint    ] Safepoint "RevokeBias", Time since last: 50982238 ns, Reaching safepoint: 173757 ns, At safepoint: 25728 ns, Total: 199485 ns
[2020-09-11T16:56:21.662+0000][1][safepoint    ] Safepoint "RevokeBias", Time since last: 842775845 ns, Reaching safepoint: 195642 ns, At safepoint: 53482 ns, Total: 249124 ns
[2020-09-11T16:56:22.662+0000][1][safepoint    ] Safepoint "Cleanup", Time since last: 1000173380 ns, Reaching safepoint: 97765 ns, At safepoint: 7807 ns, Total: 105572 ns
[2020-09-11T16:56:23.663+0000][1][safepoint    ] Safepoint "Cleanup", Time since last: 1001216661 ns, Reaching safepoint: 101254 ns, At safepoint: 6959 ns, Total: 108213 ns
[2020-09-11T16:56:24.242+0000][1][safepoint    ] Safepoint "RevokeBias", Time since last: 578473458 ns, Reaching safepoint: 80453 ns, At safepoint: 20619 ns, Total: 101072 ns
[2020-09-11T16:56:24.893+0000][1][safepoint    ] Safepoint "RevokeBias", Time since last: 651176976 ns, Reaching safepoint: 97463 ns, At safepoint: 29453 ns, Total: 126916 ns
[2020-09-11T16:56:25.894+0000][1][safepoint    ] Safepoint "Cleanup", Time since last: 1000123767 ns, Reaching safepoint: 102658 ns, At safepoint: 9918 ns, Total: 112576 ns
[2020-09-11T16:56:26.894+0000][1][safepoint    ] Safepoint "Cleanup", Time since last: 1000121087 ns, Reaching safepoint: 95760 ns, At safepoint: 10684 ns, Total: 106444 ns
[2020-09-11T16:56:27.313+0000][1][safepoint    ] Safepoint "RevokeBias", Time since last: 419080232 ns, Reaching safepoint: 165640 ns, At safepoint: 21070 ns, Total: 186710 ns
[2020-09-11T16:56:27.313+0000][1][safepoint    ] Safepoint "RevokeBias", Time since last: 164810 ns, Reaching safepoint: 31831 ns, At safepoint: 11568 ns, Total: 43399 ns
[2020-09-11T16:56:28.005+0000][1][gc,start     ] GC(82) Pause Young (Allocation Failure)
[2020-09-11T16:56:28.005+0000][1][gc,task      ] GC(82) Using 1 workers of 1 for evacuation
[2020-09-11T16:56:28.056+0000][1][gc,age       ] GC(82) Desired survivor size 4358144 bytes, new threshold 6 (max threshold 6)
[2020-09-11T16:56:28.057+0000][1][gc,age       ] GC(82) Age table with threshold 6 (max threshold 6)
[2020-09-11T16:56:28.057+0000][1][gc,age       ] GC(82) - age   1:    3584704 bytes,    3584704 total
[2020-09-11T16:56:28.057+0000][1][gc,heap      ] GC(82) ParNew: 76659K->6782K(76672K)
[2020-09-11T16:56:28.057+0000][1][gc,heap      ] GC(82) CMS: 86866K->95326K(439104K)
[2020-09-11T16:56:28.057+0000][1][gc,metaspace ] GC(82) Metaspace: 89917K->89917K(1132544K)
[2020-09-11T16:56:28.057+0000][1][gc           ] GC(82) Pause Young (Allocation Failure) 159M->99M(503M) 52.087ms
[2020-09-11T16:56:28.057+0000][1][gc,cpu       ] GC(82) User=0.02s Sys=0.00s Real=0.05s
[2020-09-11T16:56:28.076+0000][1][safepoint    ] Safepoint "GenCollectForAllocation", Time since last: 691124560 ns, Reaching safepoint: 104280 ns, At safepoint: 71816611 ns, Total: 71920891 ns
[2020-09-11T16:56:28.246+0000][1][safepoint    ] Safepoint "RevokeBias", Time since last: 169454912 ns, Reaching safepoint: 95890 ns, At safepoint: 22035 ns, Total: 117925 ns
[2020-09-11T16:56:28.908+0000][1][safepoint    ] Safepoint "RevokeBias", Time since last: 662269182 ns, Reaching safepoint: 92288 ns, At safepoint: 29878 ns, Total: 122166 ns
[2020-09-11T16:56:29.457+0000][1][safepoint    ] Safepoint "RevokeBias", Time since last: 548622390 ns, Reaching safepoint: 176119 ns, At safepoint: 21765 ns, Total: 197884 ns
[2020-09-11T16:56:29.465+0000][1][safepoint    ] Safepoint "RevokeBias", Time since last: 7743953 ns, Reaching safepoint: 169198 ns, At safepoint: 24402 ns, Total: 193600 ns
[2020-09-11T16:56:29.529+0000][1][safepoint    ] Safepoint "RevokeBias", Time since last: 64128784 ns, Reaching safepoint: 97859 ns, At safepoint: 25060 ns, Total: 122919 ns
[2020-09-11T16:56:31.530+0000][1][safepoint    ] Safepoint "Cleanup", Time since last: 2000210149 ns, Reaching safepoint: 94763 ns, At safepoint: 7385 ns, Total: 102148 ns
[2020-09-11T16:56:32.530+0000][1][safepoint    ] Safepoint "Cleanup", Time since last: 1000114423 ns, Reaching safepoint: 89321 ns, At safepoint: 8902 ns, Total: 98223 ns
[2020-09-11T16:56:33.530+0000][1][safepoint    ] Safepoint "Cleanup", Time since last: 1000113343 ns, Reaching safepoint: 89227 ns, At safepoint: 7690 ns, Total: 96917 ns
[2020-09-11T16:56:34.530+0000][1][safepoint    ] Safepoint "Cleanup", Time since last: 1000126487 ns, Reaching safepoint: 90095 ns, At safepoint: 7207 ns, Total: 97302 ns
[2020-09-11T16:56:34.944+0000][1][safepoint    ] Safepoint "RevokeBias", Time since last: 414113127 ns, Reaching safepoint: 91909 ns, At safepoint: 21508 ns, Total: 113417 ns
[2020-09-11T16:56:35.945+0000][1][safepoint    ] Safepoint "Cleanup", Time since last: 1000121330 ns, Reaching safepoint: 105714 ns, At safepoint: 7387 ns, Total: 113101 ns
[2020-09-11T16:56:36.945+0000][1][safepoint    ] Safepoint "Cleanup", Time since last: 1000155836 ns, Reaching safepoint: 104753 ns, At safepoint: 8003 ns, Total: 112756 ns
[2020-09-11T16:56:37.952+0000][1][safepoint    ] Safepoint "Cleanup", Time since last: 1003785255 ns, Reaching safepoint: 3255987 ns, At safepoint: 10465 ns, Total: 3266452 ns
[2020-09-11T16:56:38.390+0000][1][safepoint    ] Safepoint "RevokeBias", Time since last: 437740678 ns, Reaching safepoint: 88010 ns, At safepoint: 24640 ns, Total: 112650 ns
[2020-09-11T16:56:39.390+0000][1][safepoint    ] Safepoint "Cleanup", Time since last: 1000119488 ns, Reaching safepoint: 98842 ns, At safepoint: 7441 ns, Total: 106283 ns
[2020-09-11T16:56:39.635+0000][1][safepoint    ] Safepoint "RevokeBias", Time since last: 245129037 ns, Reaching safepoint: 108315 ns, At safepoint: 23379 ns, Total: 131694 ns
[2020-09-11T16:56:40.636+0000][1][safepoint    ] Safepoint "Cleanup", Time since last: 1000123809 ns, Reaching safepoint: 94332 ns, At safepoint: 8267 ns, Total: 102599 ns
[2020-09-11T16:56:41.637+0000][1][safepoint    ] Safepoint "Cleanup", Time since last: 1000115992 ns, Reaching safepoint: 1144004 ns, At safepoint: 13319 ns, Total: 1157323 ns
[2020-09-11T16:56:42.637+0000][1][safepoint    ] Safepoint "Cleanup", Time since last: 1000116194 ns, Reaching safepoint: 89561 ns, At safepoint: 6935 ns, Total: 96496 ns
[2020-09-11T16:56:43.637+0000][1][safepoint    ] Safepoint "Cleanup", Time since last: 1000115187 ns, Reaching safepoint: 89470 ns, At safepoint: 6667 ns, Total: 96137 ns
[2020-09-11T16:56:44.638+0000][1][safepoint    ] Safepoint "Cleanup", Time since last: 1000115096 ns, Reaching safepoint: 93825 ns, At safepoint: 6855 ns, Total: 100680 ns
[2020-09-11T16:56:44.885+0000][1][safepoint    ] Safepoint "RevokeBias", Time since last: 247301798 ns, Reaching safepoint: 102484 ns, At safepoint: 25508 ns, Total: 127992 ns
[2020-09-11T16:56:45.885+0000][1][safepoint    ] Safepoint "Cleanup", Time since last: 1000118696 ns, Reaching safepoint: 87764 ns, At safepoint: 7497 ns, Total: 95261 ns
[2020-09-11T16:56:47.117+0000][1][gc,start     ] GC(83) Pause Young (Allocation Failure)
[2020-09-11T16:56:47.117+0000][1][gc,task      ] GC(83) Using 1 workers of 1 for evacuation
[2020-09-11T16:56:47.153+0000][1][gc,age       ] GC(83) Desired survivor size 4358144 bytes, new threshold 6 (max threshold 6)
[2020-09-11T16:56:47.153+0000][1][gc,age       ] GC(83) Age table with threshold 6 (max threshold 6)
[2020-09-11T16:56:47.153+0000][1][gc,age       ] GC(83) - age   1:     227912 bytes,     227912 total
[2020-09-11T16:56:47.153+0000][1][gc,age       ] GC(83) - age   2:    3346640 bytes,    3574552 total
[2020-09-11T16:56:47.153+0000][1][gc,heap      ] GC(83) ParNew: 74942K->6016K(76672K)
[2020-09-11T16:56:47.153+0000][1][gc,heap      ] GC(83) CMS: 95326K->95326K(439104K)
[2020-09-11T16:56:47.153+0000][1][gc,metaspace ] GC(83) Metaspace: 90213K->90213K(1132544K)
[2020-09-11T16:56:47.153+0000][1][gc           ] GC(83) Pause Young (Allocation Failure) 166M->98M(503M) 36.292ms
[2020-09-11T16:56:47.153+0000][1][gc,cpu       ] GC(83) User=0.01s Sys=0.00s Real=0.04s
[2020-09-11T16:56:47.157+0000][1][safepoint    ] Safepoint "GenCollectForAllocation", Time since last: 1226041348 ns, Reaching safepoint: 5645698 ns, At safepoint: 40101320 ns, Total: 45747018 ns
[2020-09-11T16:56:48.181+0000][1][safepoint    ] Safepoint "Cleanup", Time since last: 1023838348 ns, Reaching safepoint: 224503 ns, At safepoint: 8215 ns, Total: 232718 ns
[2020-09-11T16:56:48.704+0000][1][safepoint    ] Safepoint "BulkRevokeBias", Time since last: 522394683 ns, Reaching safepoint: 95413 ns, At safepoint: 219018 ns, Total: 314431 ns
[2020-09-11T16:56:49.481+0000][1][safepoint    ] Safepoint "RevokeBias", Time since last: 776761928 ns, Reaching safepoint: 118564 ns, At safepoint: 21939 ns, Total: 140503 ns
[2020-09-11T16:56:50.481+0000][1][safepoint    ] Safepoint "Cleanup", Time since last: 1000136104 ns, Reaching safepoint: 107488 ns, At safepoint: 9563 ns, Total: 117051 ns
[2020-09-11T16:56:51.481+0000][1][safepoint    ] Safepoint "Cleanup", Time since last: 1000120512 ns, Reaching safepoint: 96279 ns, At safepoint: 7950 ns, Total: 104229 ns
[2020-09-11T16:56:52.481+0000][1][safepoint    ] Safepoint "Cleanup", Time since last: 1000121329 ns, Reaching safepoint: 86619 ns, At safepoint: 7578 ns, Total: 94197 ns
[2020-09-11T16:56:52.839+0000][1][safepoint    ] Safepoint "RevokeBias", Time since last: 355618878 ns, Reaching safepoint: 1756936 ns, At safepoint: 24281 ns, Total: 1781217 ns
[2020-09-11T16:56:52.857+0000][1][safepoint    ] Safepoint "RevokeBias", Time since last: 15019678 ns, Reaching safepoint: 3123151 ns, At safepoint: 29546 ns, Total: 3152697 ns
[2020-09-11T16:56:52.883+0000][1][safepoint    ] Safepoint "RevokeBias", Time since last: 25173087 ns, Reaching safepoint: 752445 ns, At safepoint: 21547 ns, Total: 773992 ns
[2020-09-11T16:56:52.890+0000][1][safepoint    ] Safepoint "RevokeBias", Time since last: 750702 ns, Reaching safepoint: 6852295 ns, At safepoint: 28438 ns, Total: 6880733 ns
[2020-09-11T16:56:52.893+0000][1][safepoint    ] Safepoint "RevokeBias", Time since last: 1082861 ns, Reaching safepoint: 1275305 ns, At safepoint: 22167 ns, Total: 1297472 ns
[2020-09-11T16:56:53.893+0000][1][safepoint    ] Safepoint "Cleanup", Time since last: 1000115708 ns, Reaching safepoint: 94293 ns, At safepoint: 8060 ns, Total: 102353 ns
[2020-09-11T16:56:54.829+0000][1][safepoint    ] Safepoint "RevokeBias", Time since last: 935356541 ns, Reaching safepoint: 98117 ns, At safepoint: 23670 ns, Total: 121787 ns
[2020-09-11T16:56:55.829+0000][1][safepoint    ] Safepoint "Cleanup", Time since last: 1000112495 ns, Reaching safepoint: 118252 ns, At safepoint: 7377 ns, Total: 125629 ns
[2020-09-11T16:56:56.829+0000][1][safepoint    ] Safepoint "Cleanup", Time since last: 1000126247 ns, Reaching safepoint: 97477 ns, At safepoint: 8466 ns, Total: 105943 ns
[2020-09-11T16:56:57.829+0000][1][safepoint    ] Safepoint "Cleanup", Time since last: 1000115710 ns, Reaching safepoint: 116116 ns, At safepoint: 9768 ns, Total: 125884 ns
[2020-09-11T16:56:57.922+0000][1][safepoint    ] Safepoint "RevokeBias", Time since last: 92405038 ns, Reaching safepoint: 86721 ns, At safepoint: 20693 ns, Total: 107414 ns
[2020-09-11T16:56:58.922+0000][1][safepoint    ] Safepoint "Cleanup", Time since last: 1000118509 ns, Reaching safepoint: 93191 ns, At safepoint: 7526 ns, Total: 100717 ns
[2020-09-11T16:56:59.465+0000][1][safepoint    ] Safepoint "RevokeBias", Time since last: 543136626 ns, Reaching safepoint: 98249 ns, At safepoint: 22610 ns, Total: 120859 ns
[2020-09-11T16:57:00.465+0000][1][safepoint    ] Safepoint "Cleanup", Time since last: 1000117943 ns, Reaching safepoint: 96097 ns, At safepoint: 9734 ns, Total: 105831 ns
[2020-09-11T16:57:01.466+0000][1][safepoint    ] Safepoint "Cleanup", Time since last: 1000119707 ns, Reaching safepoint: 87587 ns, At safepoint: 7391 ns, Total: 94978 ns
[2020-09-11T16:57:02.466+0000][1][safepoint    ] Safepoint "Cleanup", Time since last: 1000127755 ns, Reaching safepoint: 84376 ns, At safepoint: 9989 ns, Total: 94365 ns
[2020-09-11T16:57:03.466+0000][1][safepoint    ] Safepoint "Cleanup", Time since last: 1000129338 ns, Reaching safepoint: 91427 ns, At safepoint: 7972 ns, Total: 99399 ns
[2020-09-11T16:57:04.466+0000][1][safepoint    ] Safepoint "Cleanup", Time since last: 1000140295 ns, Reaching safepoint: 88013 ns, At safepoint: 7528 ns, Total: 95541 ns
[2020-09-11T16:57:04.822+0000][1][safepoint    ] Safepoint "RevokeBias", Time since last: 355258895 ns, Reaching safepoint: 166435 ns, At safepoint: 23648 ns, Total: 190083 ns
[2020-09-11T16:57:05.822+0000][1][safepoint    ] Safepoint "Cleanup", Time since last: 1000411686 ns, Reaching safepoint: 90411 ns, At safepoint: 6893 ns, Total: 97304 ns
[2020-09-11T16:57:06.320+0000][1][gc,start     ] GC(84) Pause Young (Allocation Failure)
[2020-09-11T16:57:06.320+0000][1][gc,task      ] GC(84) Using 1 workers of 1 for evacuation
[2020-09-11T16:57:06.331+0000][1][gc,age       ] GC(84) Desired survivor size 4358144 bytes, new threshold 6 (max threshold 6)
[2020-09-11T16:57:06.331+0000][1][gc,age       ] GC(84) Age table with threshold 6 (max threshold 6)
[2020-09-11T16:57:06.331+0000][1][gc,age       ] GC(84) - age   1:     113016 bytes,     113016 total
[2020-09-11T16:57:06.331+0000][1][gc,age       ] GC(84) - age   2:     133336 bytes,     246352 total
[2020-09-11T16:57:06.331+0000][1][gc,age       ] GC(84) - age   3:    3342168 bytes,    3588520 total
[2020-09-11T16:57:06.331+0000][1][gc,heap      ] GC(84) ParNew: 74176K->4122K(76672K)
[2020-09-11T16:57:06.331+0000][1][gc,heap      ] GC(84) CMS: 95326K->95326K(439104K)
[2020-09-11T16:57:06.331+0000][1][gc,metaspace ] GC(84) Metaspace: 90528K->90528K(1132544K)
[2020-09-11T16:57:06.331+0000][1][gc           ] GC(84) Pause Young (Allocation Failure) 165M->97M(503M) 11.161ms
[2020-09-11T16:57:06.331+0000][1][gc,cpu       ] GC(84) User=0.01s Sys=0.00s Real=0.01s
[2020-09-11T16:57:06.333+0000][1][safepoint    ] Safepoint "GenCollectForAllocation", Time since last: 497341643 ns, Reaching safepoint: 154672 ns, At safepoint: 13019440 ns, Total: 13174112 ns
[2020-09-11T16:57:07.357+0000][1][safepoint    ] Safepoint "Cleanup", Time since last: 1022892107 ns, Reaching safepoint: 1100625 ns, At safepoint: 10876 ns, Total: 1111501 ns
[2020-09-11T16:57:07.844+0000][1][safepoint    ] Safepoint "RevokeBias", Time since last: 487316638 ns, Reaching safepoint: 97140 ns, At safepoint: 22980 ns, Total: 120120 ns
[2020-09-11T16:57:08.845+0000][1][safepoint    ] Safepoint "Cleanup", Time since last: 1000129061 ns, Reaching safepoint: 90682 ns, At safepoint: 7486 ns, Total: 98168 ns
[2020-09-11T16:57:09.538+0000][1][safepoint    ] Safepoint "RevokeBias", Time since last: 693850116 ns, Reaching safepoint: 104499 ns, At safepoint: 22546 ns, Total: 127045 ns
[2020-09-11T16:57:10.539+0000][1][safepoint    ] Safepoint "Cleanup", Time since last: 1000178657 ns, Reaching safepoint: 144969 ns, At safepoint: 17500 ns, Total: 162469 ns
[2020-09-11T16:57:11.539+0000][1][safepoint    ] Safepoint "Cleanup", Time since last: 1000226810 ns, Reaching safepoint: 114997 ns, At safepoint: 7029 ns, Total: 122026 ns
[2020-09-11T16:57:12.539+0000][1][safepoint    ] Safepoint "Cleanup", Time since last: 1000157040 ns, Reaching safepoint: 134247 ns, At safepoint: 7384 ns, Total: 141631 ns
[2020-09-11T16:57:13.540+0000][1][safepoint    ] Safepoint "Cleanup", Time since last: 1000141094 ns, Reaching safepoint: 152196 ns, At safepoint: 14794 ns, Total: 166990 ns
[2020-09-11T16:57:14.540+0000][1][safepoint    ] Safepoint "Cleanup", Time since last: 1000179770 ns, Reaching safepoint: 128787 ns, At safepoint: 6742 ns, Total: 135529 ns
[2020-09-11T16:57:14.801+0000][1][safepoint    ] Safepoint "RevokeBias", Time since last: 260838053 ns, Reaching safepoint: 96400 ns, At safepoint: 22068 ns, Total: 118468 ns
[2020-09-11T16:57:15.801+0000][1][safepoint    ] Safepoint "Cleanup", Time since last: 1000146565 ns, Reaching safepoint: 179342 ns, At safepoint: 18790 ns, Total: 198132 ns
[2020-09-11T16:57:16.802+0000][1][safepoint    ] Safepoint "Cleanup", Time since last: 1000231626 ns, Reaching safepoint: 115189 ns, At safepoint: 7051 ns, Total: 122240 ns
[2020-09-11T16:57:17.536+0000][1][safepoint    ] Safepoint "RevokeBias", Time since last: 734443949 ns, Reaching safepoint: 116062 ns, At safepoint: 23195 ns, Total: 139257 ns
[2020-09-11T16:57:18.537+0000][1][safepoint    ] Safepoint "Cleanup", Time since last: 1000180022 ns, Reaching safepoint: 111265 ns, At safepoint: 7211 ns, Total: 118476 ns
[2020-09-11T16:57:19.485+0000][1][safepoint    ] Safepoint "RevokeBias", Time since last: 948471784 ns, Reaching safepoint: 105815 ns, At safepoint: 23504 ns, Total: 129319 ns
[2020-09-11T16:57:20.486+0000][1][safepoint    ] Safepoint "Cleanup", Time since last: 1000173800 ns, Reaching safepoint: 112171 ns, At safepoint: 6952 ns, Total: 119123 ns
[2020-09-11T16:57:21.486+0000][1][safepoint    ] Safepoint "Cleanup", Time since last: 1000114932 ns, Reaching safepoint: 81830 ns, At safepoint: 6857 ns, Total: 88687 ns
[2020-09-11T16:57:22.486+0000][1][safepoint    ] Safepoint "Cleanup", Time since last: 1000174877 ns, Reaching safepoint: 156055 ns, At safepoint: 17433 ns, Total: 173488 ns
[2020-09-11T16:57:23.410+0000][1][gc,start     ] GC(85) Pause Young (Allocation Failure)
[2020-09-11T16:57:23.410+0000][1][gc,task      ] GC(85) Using 1 workers of 1 for evacuation
[2020-09-11T16:57:23.425+0000][1][gc,age       ] GC(85) Desired survivor size 4358144 bytes, new threshold 6 (max threshold 6)
[2020-09-11T16:57:23.425+0000][1][gc,age       ] GC(85) Age table with threshold 6 (max threshold 6)
[2020-09-11T16:57:23.425+0000][1][gc,age       ] GC(85) - age   1:     158352 bytes,     158352 total
[2020-09-11T16:57:23.425+0000][1][gc,age       ] GC(85) - age   2:      24432 bytes,     182784 total
[2020-09-11T16:57:23.425+0000][1][gc,age       ] GC(85) - age   3:     129144 bytes,     311928 total
[2020-09-11T16:57:23.425+0000][1][gc,age       ] GC(85) - age   4:    3335152 bytes,    3647080 total
[2020-09-11T16:57:23.425+0000][1][gc,heap      ] GC(85) ParNew: 72282K->6287K(76672K)
[2020-09-11T16:57:23.425+0000][1][gc,heap      ] GC(85) CMS: 95326K->95326K(439104K)
[2020-09-11T16:57:23.425+0000][1][gc,metaspace ] GC(85) Metaspace: 90831K->90831K(1132544K)
[2020-09-11T16:57:23.426+0000][1][gc           ] GC(85) Pause Young (Allocation Failure) 163M->99M(503M) 15.400ms
[2020-09-11T16:57:23.426+0000][1][gc,cpu       ] GC(85) User=0.00s Sys=0.00s Real=0.02s
[2020-09-11T16:57:23.426+0000][1][safepoint    ] Safepoint "GenCollectForAllocation", Time since last: 923698116 ns, Reaching safepoint: 322324 ns, At safepoint: 15473462 ns, Total: 15795786 ns
[2020-09-11T16:57:24.437+0000][1][safepoint    ] Safepoint "Cleanup", Time since last: 1011391599 ns, Reaching safepoint: 206467 ns, At safepoint: 18349 ns, Total: 224816 ns
[2020-09-11T16:57:24.851+0000][1][safepoint    ] Safepoint "RevokeBias", Time since last: 413964271 ns, Reaching safepoint: 101873 ns, At safepoint: 21480 ns, Total: 123353 ns
[2020-09-11T16:57:25.852+0000][1][safepoint    ] Safepoint "Cleanup", Time since last: 1000189154 ns, Reaching safepoint: 114244 ns, At safepoint: 6952 ns, Total: 121196 ns
[2020-09-11T16:57:26.852+0000][1][safepoint    ] Safepoint "Cleanup", Time since last: 1000165342 ns, Reaching safepoint: 114051 ns, At safepoint: 7588 ns, Total: 121639 ns
[2020-09-11T16:57:27.332+0000][1][safepoint    ] Safepoint "RevokeBias", Time since last: 480406405 ns, Reaching safepoint: 105141 ns, At safepoint: 22748 ns, Total: 127889 ns
[2020-09-11T16:57:28.333+0000][1][safepoint    ] Safepoint "Cleanup", Time since last: 1000128581 ns, Reaching safepoint: 91343 ns, At safepoint: 7587 ns, Total: 98930 ns
[2020-09-11T16:57:29.333+0000][1][safepoint    ] Safepoint "Cleanup", Time since last: 1000187259 ns, Reaching safepoint: 108895 ns, At safepoint: 7601 ns, Total: 116496 ns
[2020-09-11T16:57:29.513+0000][1][safepoint    ] Safepoint "RevokeBias", Time since last: 179439599 ns, Reaching safepoint: 187741 ns, At safepoint: 49674 ns, Total: 237415 ns
[2020-09-11T16:57:30.513+0000][1][safepoint    ] Safepoint "Cleanup", Time since last: 1000177441 ns, Reaching safepoint: 156746 ns, At safepoint: 16030 ns, Total: 172776 ns
[2020-09-11T16:57:31.513+0000][1][safepoint    ] Safepoint "Cleanup", Time since last: 1000223769 ns, Reaching safepoint: 179322 ns, At safepoint: 22398 ns, Total: 201720 ns
[2020-09-11T16:57:32.514+0000][1][safepoint    ] Safepoint "Cleanup", Time since last: 1000193788 ns, Reaching safepoint: 158273 ns, At safepoint: 18452 ns, Total: 176725 ns
[2020-09-11T16:57:33.514+0000][1][safepoint    ] Safepoint "Cleanup", Time since last: 1000155675 ns, Reaching safepoint: 99919 ns, At safepoint: 7701 ns, Total: 107620 ns
[2020-09-11T16:57:34.514+0000][1][safepoint    ] Safepoint "Cleanup", Time since last: 1000190733 ns, Reaching safepoint: 198709 ns, At safepoint: 19508 ns, Total: 218217 ns
[2020-09-11T16:57:34.789+0000][1][safepoint    ] Safepoint "RevokeBias", Time since last: 273859794 ns, Reaching safepoint: 266810 ns, At safepoint: 23278 ns, Total: 290088 ns
[2020-09-11T16:57:35.789+0000][1][safepoint    ] Safepoint "Cleanup", Time since last: 1000172259 ns, Reaching safepoint: 116297 ns, At safepoint: 7850 ns, Total: 124147 ns
[2020-09-11T16:57:36.789+0000][1][safepoint    ] Safepoint "Cleanup", Time since last: 1000131846 ns, Reaching safepoint: 191855 ns, At safepoint: 14035 ns, Total: 205890 ns
[2020-09-11T16:57:37.431+0000][1][safepoint    ] Safepoint "RevokeBias", Time since last: 641532383 ns, Reaching safepoint: 260311 ns, At safepoint: 23503 ns, Total: 283814 ns
[2020-09-11T16:57:38.431+0000][1][safepoint    ] Safepoint "Cleanup", Time since last: 1000134223 ns, Reaching safepoint: 97130 ns, At safepoint: 7271 ns, Total: 104401 ns
[2020-09-11T16:57:39.432+0000][1][safepoint    ] Safepoint "Cleanup", Time since last: 1000109776 ns, Reaching safepoint: 92945 ns, At safepoint: 6542 ns, Total: 99487 ns
[2020-09-11T16:57:39.434+0000][1][safepoint    ] Safepoint "RevokeBias", Time since last: 2008684 ns, Reaching safepoint: 81614 ns, At safepoint: 24627 ns, Total: 106241 ns
[2020-09-11T16:57:40.434+0000][1][safepoint    ] Safepoint "Cleanup", Time since last: 1000171624 ns, Reaching safepoint: 161831 ns, At safepoint: 18005 ns, Total: 179836 ns
[2020-09-11T16:57:41.381+0000][1][gc,start     ] GC(86) Pause Young (Allocation Failure)
[2020-09-11T16:57:41.382+0000][1][gc,task      ] GC(86) Using 1 workers of 1 for evacuation
[2020-09-11T16:57:41.393+0000][1][gc,age       ] GC(86) Desired survivor size 4358144 bytes, new threshold 6 (max threshold 6)
[2020-09-11T16:57:41.393+0000][1][gc,age       ] GC(86) Age table with threshold 6 (max threshold 6)
[2020-09-11T16:57:41.393+0000][1][gc,age       ] GC(86) - age   1:     137304 bytes,     137304 total
[2020-09-11T16:57:41.393+0000][1][gc,age       ] GC(86) - age   2:      36632 bytes,     173936 total
[2020-09-11T16:57:41.393+0000][1][gc,age       ] GC(86) - age   3:      19352 bytes,     193288 total
[2020-09-11T16:57:41.393+0000][1][gc,age       ] GC(86) - age   4:     129064 bytes,     322352 total
[2020-09-11T16:57:41.393+0000][1][gc,age       ] GC(86) - age   5:    3333832 bytes,    3656184 total
[2020-09-11T16:57:41.393+0000][1][gc,heap      ] GC(86) ParNew: 74447K->4242K(76672K)
[2020-09-11T16:57:41.393+0000][1][gc,heap      ] GC(86) CMS: 95326K->95326K(439104K)
[2020-09-11T16:57:41.393+0000][1][gc,metaspace ] GC(86) Metaspace: 90966K->90966K(1132544K)
[2020-09-11T16:57:41.393+0000][1][gc           ] GC(86) Pause Young (Allocation Failure) 165M->97M(503M) 11.873ms
[2020-09-11T16:57:41.393+0000][1][gc,cpu       ] GC(86) User=0.02s Sys=0.00s Real=0.01s
[2020-09-11T16:57:41.393+0000][1][safepoint    ] Safepoint "GenCollectForAllocation", Time since last: 947217426 ns, Reaching safepoint: 262840 ns, At safepoint: 11954176 ns, Total: 12217016 ns
[2020-09-11T16:57:42.400+0000][1][safepoint    ] Safepoint "Cleanup", Time since last: 1006126275 ns, Reaching safepoint: 115569 ns, At safepoint: 7513 ns, Total: 123082 ns
[2020-09-11T16:57:43.400+0000][1][safepoint    ] Safepoint "Cleanup", Time since last: 1000119436 ns, Reaching safepoint: 83105 ns, At safepoint: 6920 ns, Total: 90025 ns
[2020-09-11T16:57:44.400+0000][1][safepoint    ] Safepoint "Cleanup", Time since last: 1000199584 ns, Reaching safepoint: 111592 ns, At safepoint: 7561 ns, Total: 119153 ns
[2020-09-11T16:57:44.819+0000][1][safepoint    ] Safepoint "RevokeBias", Time since last: 418783337 ns, Reaching safepoint: 92236 ns, At safepoint: 23030 ns, Total: 115266 ns
[2020-09-11T16:57:45.819+0000][1][safepoint    ] Safepoint "Cleanup", Time since last: 1000200058 ns, Reaching safepoint: 139975 ns, At safepoint: 8615 ns, Total: 148590 ns
[2020-09-11T16:57:46.820+0000][1][safepoint    ] Safepoint "Cleanup", Time since last: 1000191798 ns, Reaching safepoint: 156392 ns, At safepoint: 17353 ns, Total: 173745 ns
[2020-09-11T16:57:47.308+0000][1][safepoint    ] Safepoint "RevokeBias", Time since last: 488135946 ns, Reaching safepoint: 95432 ns, At safepoint: 23957 ns, Total: 119389 ns
[2020-09-11T16:57:48.308+0000][1][safepoint    ] Safepoint "Cleanup", Time since last: 1000157404 ns, Reaching safepoint: 132699 ns, At safepoint: 6988 ns, Total: 139687 ns
[2020-09-11T16:57:49.309+0000][1][safepoint    ] Safepoint "Cleanup", Time since last: 1000180604 ns, Reaching safepoint: 129976 ns, At safepoint: 8576 ns, Total: 138552 ns
[2020-09-11T16:57:49.438+0000][1][safepoint    ] Safepoint "RevokeBias", Time since last: 128917723 ns, Reaching safepoint: 104052 ns, At safepoint: 21521 ns, Total: 125573 ns
[2020-09-11T16:57:49.568+0000][1][gc,start     ] GC(87) Pause Young (Allocation Failure)
[2020-09-11T16:57:49.568+0000][1][gc,task      ] GC(87) Using 1 workers of 1 for evacuation
[2020-09-11T16:57:49.584+0000][1][gc,age       ] GC(87) Desired survivor size 4358144 bytes, new threshold 6 (max threshold 6)
[2020-09-11T16:57:49.584+0000][1][gc,age       ] GC(87) Age table with threshold 6 (max threshold 6)
[2020-09-11T16:57:49.584+0000][1][gc,age       ] GC(87) - age   1:     719624 bytes,     719624 total
[2020-09-11T16:57:49.584+0000][1][gc,age       ] GC(87) - age   2:      75480 bytes,     795104 total
[2020-09-11T16:57:49.584+0000][1][gc,age       ] GC(87) - age   3:      34848 bytes,     829952 total
[2020-09-11T16:57:49.584+0000][1][gc,age       ] GC(87) - age   4:      16288 bytes,     846240 total
[2020-09-11T16:57:49.584+0000][1][gc,age       ] GC(87) - age   5:     129064 bytes,     975304 total
[2020-09-11T16:57:49.584+0000][1][gc,age       ] GC(87) - age   6:    3333800 bytes,    4309104 total
[2020-09-11T16:57:49.584+0000][1][gc,heap      ] GC(87) ParNew: 72136K->6416K(76672K)
[2020-09-11T16:57:49.584+0000][1][gc,heap      ] GC(87) CMS: 95326K->95326K(439104K)
[2020-09-11T16:57:49.584+0000][1][gc,metaspace ] GC(87) Metaspace: 91083K->91083K(1132544K)
[2020-09-11T16:57:49.584+0000][1][gc           ] GC(87) Pause Young (Allocation Failure) 163M->99M(503M) 15.833ms
[2020-09-11T16:57:49.584+0000][1][gc,cpu       ] GC(87) User=0.00s Sys=0.00s Real=0.02s
[2020-09-11T16:57:49.597+0000][1][safepoint    ] Safepoint "GenCollectForAllocation", Time since last: 129918067 ns, Reaching safepoint: 198788 ns, At safepoint: 28972123 ns, Total: 29170911 ns
[2020-09-11T16:57:49.689+0000][1][safepoint    ] Safepoint "RevokeBias", Time since last: 92178016 ns, Reaching safepoint: 216203 ns, At safepoint: 22752 ns, Total: 238955 ns
[2020-09-11T16:57:49.689+0000][1][safepoint    ] Safepoint "RevokeBias", Time since last: 97237 ns, Reaching safepoint: 29848 ns, At safepoint: 11781 ns, Total: 41629 ns
[2020-09-11T16:57:49.690+0000][1][safepoint    ] Safepoint "RevokeBias", Time since last: 177560 ns, Reaching safepoint: 29161 ns, At safepoint: 11064 ns, Total: 40225 ns
[2020-09-11T16:57:49.690+0000][1][safepoint    ] Safepoint "RevokeBias", Time since last: 98251 ns, Reaching safepoint: 32841 ns, At safepoint: 10944 ns, Total: 43785 ns
[2020-09-11T16:57:49.690+0000][1][safepoint    ] Safepoint "RevokeBias", Time since last: 30494 ns, Reaching safepoint: 29391 ns, At safepoint: 9983 ns, Total: 39374 ns
[2020-09-11T16:57:49.690+0000][1][safepoint    ] Safepoint "RevokeBias", Time since last: 66366 ns, Reaching safepoint: 32555 ns, At safepoint: 10275 ns, Total: 42830 ns
[2020-09-11T16:57:49.690+0000][1][safepoint    ] Safepoint "RevokeBias", Time since last: 54110 ns, Reaching safepoint: 29748 ns, At safepoint: 10349 ns, Total: 40097 ns
[2020-09-11T16:57:49.730+0000][1][safepoint    ] Safepoint "RevokeBias", Time since last: 39795403 ns, Reaching safepoint: 154819 ns, At safepoint: 22018 ns, Total: 176837 ns
[2020-09-11T16:57:49.738+0000][1][safepoint    ] Safepoint "RevokeBias", Time since last: 7570689 ns, Reaching safepoint: 144982 ns, At safepoint: 7838 ns, Total: 152820 ns
[2020-09-11T16:57:49.799+0000][1][safepoint    ] Safepoint "RevokeBias", Time since last: 61098678 ns, Reaching safepoint: 172033 ns, At safepoint: 8896 ns, Total: 180929 ns
[2020-09-11T16:57:49.810+0000][1][safepoint    ] Safepoint "RevokeBias", Time since last: 11113513 ns, Reaching safepoint: 162346 ns, At safepoint: 8740 ns, Total: 171086 ns
[2020-09-11T16:57:49.846+0000][1][safepoint    ] Safepoint "RevokeBias", Time since last: 35883128 ns, Reaching safepoint: 159236 ns, At safepoint: 24784 ns, Total: 184020 ns
[2020-09-11T16:57:49.863+0000][1][safepoint    ] Safepoint "RevokeBias", Time since last: 16543277 ns, Reaching safepoint: 144279 ns, At safepoint: 20582 ns, Total: 164861 ns
[2020-09-11T16:57:49.866+0000][1][safepoint    ] Safepoint "RevokeBias", Time since last: 2724992 ns, Reaching safepoint: 165747 ns, At safepoint: 21287 ns, Total: 187034 ns
[2020-09-11T16:57:49.942+0000][1][safepoint    ] Safepoint "Deoptimize", Time since last: 74846154 ns, Reaching safepoint: 169061 ns, At safepoint: 897148 ns, Total: 1066209 ns
[2020-09-11T16:57:49.961+0000][1][safepoint    ] Safepoint "RevokeBias", Time since last: 18936608 ns, Reaching safepoint: 163891 ns, At safepoint: 23725 ns, Total: 187616 ns
[2020-09-11T16:57:49.974+0000][1][safepoint    ] Safepoint "RevokeBias", Time since last: 12435123 ns, Reaching safepoint: 157454 ns, At safepoint: 21441 ns, Total: 178895 ns
[2020-09-11T16:57:49.974+0000][1][safepoint    ] Safepoint "RevokeBias", Time since last: 651787 ns, Reaching safepoint: 38632 ns, At safepoint: 5504 ns, Total: 44136 ns
[2020-09-11T16:57:50.985+0000][1][safepoint    ] Safepoint "Cleanup", Time since last: 1010508610 ns, Reaching safepoint: 161473 ns, At safepoint: 6132 ns, Total: 167605 ns
[2020-09-11T16:57:51.985+0000][1][safepoint    ] Safepoint "Cleanup", Time since last: 1000121853 ns, Reaching safepoint: 107844 ns, At safepoint: 5611 ns, Total: 113455 ns
[2020-09-11T16:57:52.985+0000][1][safepoint    ] Safepoint "Cleanup", Time since last: 1000123596 ns, Reaching safepoint: 96586 ns, At safepoint: 7550 ns, Total: 104136 ns
[2020-09-11T16:57:53.986+0000][1][safepoint    ] Safepoint "Cleanup", Time since last: 1000118780 ns, Reaching safepoint: 99307 ns, At safepoint: 7470 ns, Total: 106777 ns
[2020-09-11T16:57:54.901+0000][1][safepoint    ] Safepoint "RevokeBias", Time since last: 913397184 ns, Reaching safepoint: 1870959 ns, At safepoint: 28217 ns, Total: 1899176 ns
[2020-09-11T16:57:54.938+0000][1][safepoint    ] Safepoint "RevokeBias", Time since last: 35859368 ns, Reaching safepoint: 1634591 ns, At safepoint: 23325 ns, Total: 1657916 ns
[2020-09-11T16:57:54.941+0000][1][safepoint    ] Safepoint "RevokeBias", Time since last: 168707 ns, Reaching safepoint: 2281734 ns, At safepoint: 27486 ns, Total: 2309220 ns
[2020-09-11T16:57:54.942+0000][1][safepoint    ] Safepoint "RevokeBias", Time since last: 1109081 ns, Reaching safepoint: 132857 ns, At safepoint: 15833 ns, Total: 148690 ns
[2020-09-11T16:57:54.942+0000][1][safepoint    ] Safepoint "RevokeBias", Time since last: 72757 ns, Reaching safepoint: 106451 ns, At safepoint: 13167 ns, Total: 119618 ns
[2020-09-11T16:57:54.969+0000][1][safepoint    ] Safepoint "RevokeBias", Time since last: 25037957 ns, Reaching safepoint: 1472947 ns, At safepoint: 25053 ns, Total: 1498000 ns
[2020-09-11T16:57:55.993+0000][1][safepoint    ] Safepoint "Cleanup", Time since last: 1023906740 ns, Reaching safepoint: 117279 ns, At safepoint: 7415 ns, Total: 124694 ns
[2020-09-11T16:57:56.984+0000][1][gc,start     ] GC(88) Pause Young (Allocation Failure)
[2020-09-11T16:57:56.984+0000][1][gc,task      ] GC(88) Using 1 workers of 1 for evacuation
[2020-09-11T16:57:57.019+0000][1][gc,age       ] GC(88) Desired survivor size 4358144 bytes, new threshold 6 (max threshold 6)
[2020-09-11T16:57:57.019+0000][1][gc,age       ] GC(88) Age table with threshold 6 (max threshold 6)
[2020-09-11T16:57:57.019+0000][1][gc,age       ] GC(88) - age   1:     781104 bytes,     781104 total
[2020-09-11T16:57:57.019+0000][1][gc,age       ] GC(88) - age   2:     118048 bytes,     899152 total
[2020-09-11T16:57:57.019+0000][1][gc,age       ] GC(88) - age   3:      70008 bytes,     969160 total
[2020-09-11T16:57:57.019+0000][1][gc,age       ] GC(88) - age   4:      34576 bytes,    1003736 total
[2020-09-11T16:57:57.019+0000][1][gc,age       ] GC(88) - age   5:      16288 bytes,    1020024 total
[2020-09-11T16:57:57.019+0000][1][gc,age       ] GC(88) - age   6:     129064 bytes,    1149088 total
[2020-09-11T16:57:57.019+0000][1][gc,heap      ] GC(88) ParNew: 74576K->3958K(76672K)
[2020-09-11T16:57:57.019+0000][1][gc,heap      ] GC(88) CMS: 95326K->98559K(439104K)
[2020-09-11T16:57:57.019+0000][1][gc,metaspace ] GC(88) Metaspace: 91550K->91550K(1132544K)
[2020-09-11T16:57:57.019+0000][1][gc           ] GC(88) Pause Young (Allocation Failure) 165M->100M(503M) 35.511ms
[2020-09-11T16:57:57.019+0000][1][gc,cpu       ] GC(88) User=0.01s Sys=0.00s Real=0.03s
[2020-09-11T16:57:57.053+0000][1][safepoint    ] Safepoint "GenCollectForAllocation", Time since last: 984920952 ns, Reaching safepoint: 5750022 ns, At safepoint: 69184302 ns, Total: 74934324 ns
[2020-09-11T16:57:57.992+0000][1][safepoint    ] Safepoint "RevokeBias", Time since last: 938930755 ns, Reaching safepoint: 116794 ns, At safepoint: 22485 ns, Total: 139279 ns
[2020-09-11T16:57:58.070+0000][1][gc,start     ] GC(89) Pause Young (Allocation Failure)
[2020-09-11T16:57:58.070+0000][1][gc,task      ] GC(89) Using 1 workers of 1 for evacuation
[2020-09-11T16:57:58.084+0000][1][gc,age       ] GC(89) Desired survivor size 4358144 bytes, new threshold 6 (max threshold 6)
[2020-09-11T16:57:58.084+0000][1][gc,age       ] GC(89) Age table with threshold 6 (max threshold 6)
[2020-09-11T16:57:58.084+0000][1][gc,age       ] GC(89) - age   1:    1955048 bytes,    1955048 total
[2020-09-11T16:57:58.084+0000][1][gc,age       ] GC(89) - age   2:     757104 bytes,    2712152 total
[2020-09-11T16:57:58.084+0000][1][gc,age       ] GC(89) - age   3:     114552 bytes,    2826704 total
[2020-09-11T16:57:58.084+0000][1][gc,age       ] GC(89) - age   4:      68496 bytes,    2895200 total
[2020-09-11T16:57:58.084+0000][1][gc,age       ] GC(89) - age   5:      34576 bytes,    2929776 total
[2020-09-11T16:57:58.084+0000][1][gc,age       ] GC(89) - age   6:      16288 bytes,    2946064 total
[2020-09-11T16:57:58.084+0000][1][gc,heap      ] GC(89) ParNew: 72118K->3810K(76672K)
[2020-09-11T16:57:58.084+0000][1][gc,heap      ] GC(89) CMS: 98559K->98686K(439104K)
[2020-09-11T16:57:58.084+0000][1][gc,metaspace ] GC(89) Metaspace: 91601K->91601K(1132544K)
[2020-09-11T16:57:58.084+0000][1][gc           ] GC(89) Pause Young (Allocation Failure) 166M->100M(503M) 13.774ms
[2020-09-11T16:57:58.084+0000][1][gc,cpu       ] GC(89) User=0.01s Sys=0.00s Real=0.02s
[2020-09-11T16:57:58.094+0000][1][safepoint    ] Safepoint "GenCollectForAllocation", Time since last: 77908492 ns, Reaching safepoint: 175634 ns, At safepoint: 23910707 ns, Total: 24086341 ns
[2020-09-11T16:57:58.097+0000][1][safepoint    ] Safepoint "RevokeBias", Time since last: 2397773 ns, Reaching safepoint: 73256 ns, At safepoint: 433314 ns, Total: 506570 ns
[2020-09-11T16:57:58.101+0000][1][safepoint    ] Safepoint "RevokeBias", Time since last: 3909538 ns, Reaching safepoint: 81636 ns, At safepoint: 29160 ns, Total: 110796 ns
[2020-09-11T16:57:58.101+0000][1][safepoint    ] Safepoint "RevokeBias", Time since last: 147089 ns, Reaching safepoint: 36167 ns, At safepoint: 20812 ns, Total: 56979 ns
[2020-09-11T16:57:58.101+0000][1][safepoint    ] Safepoint "RevokeBias", Time since last: 50092 ns, Reaching safepoint: 31362 ns, At safepoint: 18206 ns, Total: 49568 ns
[2020-09-11T16:57:58.134+0000][1][safepoint    ] Safepoint "RevokeBias", Time since last: 33137158 ns, Reaching safepoint: 165590 ns, At safepoint: 20407 ns, Total: 185997 ns
[2020-09-11T16:57:59.135+0000][1][safepoint    ] Safepoint "Cleanup", Time since last: 1000106949 ns, Reaching safepoint: 107886 ns, At safepoint: 7461 ns, Total: 115347 ns
[2020-09-11T16:57:59.532+0000][1][safepoint    ] Safepoint "RevokeBias", Time since last: 397398365 ns, Reaching safepoint: 96478 ns, At safepoint: 21712 ns, Total: 118190 ns
[2020-09-11T16:58:00.222+0000][1][safepoint    ] Safepoint "RevokeBias", Time since last: 688644564 ns, Reaching safepoint: 724992 ns, At safepoint: 25345 ns, Total: 750337 ns
[2020-09-11T16:58:00.222+0000][1][safepoint    ] Safepoint "RevokeBias", Time since last: 514267 ns, Reaching safepoint: 107822 ns, At safepoint: 13995 ns, Total: 121817 ns
[2020-09-11T16:58:00.223+0000][1][safepoint    ] Safepoint "RevokeBias", Time since last: 167102 ns, Reaching safepoint: 320726 ns, At safepoint: 21070 ns, Total: 341796 ns
[2020-09-11T16:58:00.223+0000][1][safepoint    ] Safepoint "RevokeBias", Time since last: 69887 ns, Reaching safepoint: 239082 ns, At safepoint: 13548 ns, Total: 252630 ns
[2020-09-11T16:58:00.266+0000][1][safepoint    ] Safepoint "RevokeBias", Time since last: 42351597 ns, Reaching safepoint: 642961 ns, At safepoint: 26651 ns, Total: 669612 ns
[2020-09-11T16:58:01.266+0000][1][safepoint    ] Safepoint "Cleanup", Time since last: 1000105207 ns, Reaching safepoint: 92145 ns, At safepoint: 6711 ns, Total: 98856 ns
[2020-09-11T16:58:02.266+0000][1][safepoint    ] Safepoint "Cleanup", Time since last: 1000119764 ns, Reaching safepoint: 104954 ns, At safepoint: 9692 ns, Total: 114646 ns
[2020-09-11T16:58:03.267+0000][1][safepoint    ] Safepoint "Cleanup", Time since last: 1000114635 ns, Reaching safepoint: 92106 ns, At safepoint: 9043 ns, Total: 101149 ns
[2020-09-11T16:58:04.267+0000][1][safepoint    ] Safepoint "Cleanup", Time since last: 1000151559 ns, Reaching safepoint: 176084 ns, At safepoint: 18315 ns, Total: 194399 ns
[2020-09-11T16:58:04.908+0000][1][safepoint    ] Safepoint "RevokeBias", Time since last: 641305250 ns, Reaching safepoint: 93639 ns, At safepoint: 22646 ns, Total: 116285 ns
[2020-09-11T16:58:05.323+0000][1][gc,start     ] GC(90) Pause Young (Allocation Failure)
[2020-09-11T16:58:05.323+0000][1][gc,task      ] GC(90) Using 1 workers of 1 for evacuation
[2020-09-11T16:58:05.345+0000][1][gc,age       ] GC(90) Desired survivor size 4358144 bytes, new threshold 3 (max threshold 6)
[2020-09-11T16:58:05.345+0000][1][gc,age       ] GC(90) Age table with threshold 3 (max threshold 6)
[2020-09-11T16:58:05.345+0000][1][gc,age       ] GC(90) - age   1:    3917448 bytes,    3917448 total
[2020-09-11T16:58:05.345+0000][1][gc,age       ] GC(90) - age   2:      16512 bytes,    3933960 total
[2020-09-11T16:58:05.345+0000][1][gc,age       ] GC(90) - age   3:     623784 bytes,    4557744 total
[2020-09-11T16:58:05.345+0000][1][gc,age       ] GC(90) - age   4:     106544 bytes,    4664288 total
[2020-09-11T16:58:05.345+0000][1][gc,age       ] GC(90) - age   5:      65200 bytes,    4729488 total
[2020-09-11T16:58:05.345+0000][1][gc,age       ] GC(90) - age   6:      34576 bytes,    4764064 total
[2020-09-11T16:58:05.345+0000][1][gc,heap      ] GC(90) ParNew: 71970K->4950K(76672K)
[2020-09-11T16:58:05.345+0000][1][gc,heap      ] GC(90) CMS: 98686K->98702K(439104K)
[2020-09-11T16:58:05.345+0000][1][gc,metaspace ] GC(90) Metaspace: 91681K->91681K(1134592K)
[2020-09-11T16:58:05.345+0000][1][gc           ] GC(90) Pause Young (Allocation Failure) 166M->101M(503M) 22.339ms
[2020-09-11T16:58:05.345+0000][1][gc,cpu       ] GC(90) User=0.01s Sys=0.00s Real=0.02s
[2020-09-11T16:58:05.345+0000][1][safepoint    ] Safepoint "GenCollectForAllocation", Time since last: 412520694 ns, Reaching safepoint: 1570601 ns, At safepoint: 22420683 ns, Total: 23991284 ns
[2020-09-11T16:58:05.353+0000][1][safepoint    ] Safepoint "RevokeBias", Time since last: 7585233 ns, Reaching safepoint: 78608 ns, At safepoint: 32745 ns, Total: 111353 ns
[2020-09-11T16:58:05.353+0000][1][safepoint    ] Safepoint "RevokeBias", Time since last: 433651 ns, Reaching safepoint: 31733 ns, At safepoint: 20051 ns, Total: 51784 ns
[2020-09-11T16:58:05.353+0000][1][safepoint    ] Safepoint "RevokeBias", Time since last: 120976 ns, Reaching safepoint: 34929 ns, At safepoint: 19031 ns, Total: 53960 ns
[2020-09-11T16:58:05.353+0000][1][safepoint    ] Safepoint "RevokeBias", Time since last: 46940 ns, Reaching safepoint: 31046 ns, At safepoint: 17864 ns, Total: 48910 ns
[2020-09-11T16:58:05.371+0000][1][safepoint    ] Safepoint "RevokeBias", Time since last: 17683946 ns, Reaching safepoint: 159406 ns, At safepoint: 23127 ns, Total: 182533 ns
[2020-09-11T16:58:06.372+0000][1][safepoint    ] Safepoint "Cleanup", Time since last: 1000178733 ns, Reaching safepoint: 183357 ns, At safepoint: 18079 ns, Total: 201436 ns
[2020-09-11T16:58:07.358+0000][1][safepoint    ] Safepoint "RevokeBias", Time since last: 985910313 ns, Reaching safepoint: 98714 ns, At safepoint: 21865 ns, Total: 120579 ns
[2020-09-11T16:58:07.432+0000][1][gc,start     ] GC(91) Pause Young (Allocation Failure)
[2020-09-11T16:58:07.432+0000][1][gc,task      ] GC(91) Using 1 workers of 1 for evacuation
[2020-09-11T16:58:07.467+0000][1][gc,age       ] GC(91) Desired survivor size 4358144 bytes, new threshold 1 (max threshold 6)
[2020-09-11T16:58:07.467+0000][1][gc,age       ] GC(91) Age table with threshold 1 (max threshold 6)
[2020-09-11T16:58:07.467+0000][1][gc,age       ] GC(91) - age   1:    6423784 bytes,    6423784 total
[2020-09-11T16:58:07.467+0000][1][gc,age       ] GC(91) - age   2:     503264 bytes,    6927048 total
[2020-09-11T16:58:07.467+0000][1][gc,age       ] GC(91) - age   3:       7352 bytes,    6934400 total
[2020-09-11T16:58:07.467+0000][1][gc,heap      ] GC(91) ParNew: 72749K->8216K(76672K)
[2020-09-11T16:58:07.467+0000][1][gc,heap      ] GC(91) CMS: 98702K->99532K(439104K)
[2020-09-11T16:58:07.467+0000][1][gc,metaspace ] GC(91) Metaspace: 91716K->91716K(1134592K)
[2020-09-11T16:58:07.467+0000][1][gc           ] GC(91) Pause Young (Allocation Failure) 167M->105M(503M) 34.783ms
[2020-09-11T16:58:07.467+0000][1][gc,cpu       ] GC(91) User=0.01s Sys=0.00s Real=0.04s
[2020-09-11T16:58:07.481+0000][1][safepoint    ] Safepoint "GenCollectForAllocation", Time since last: 74148556 ns, Reaching safepoint: 177194 ns, At safepoint: 48753057 ns, Total: 48930251 ns
[2020-09-11T16:58:07.493+0000][1][safepoint    ] Safepoint "RevokeBias", Time since last: 12296996 ns, Reaching safepoint: 158000 ns, At safepoint: 33873 ns, Total: 191873 ns
[2020-09-11T16:58:07.501+0000][1][safepoint    ] Safepoint "RevokeBias", Time since last: 7901692 ns, Reaching safepoint: 150405 ns, At safepoint: 22135 ns, Total: 172540 ns
[2020-09-11T16:58:07.502+0000][1][safepoint    ] Safepoint "RevokeBias", Time since last: 196173 ns, Reaching safepoint: 65409 ns, At safepoint: 14872 ns, Total: 80281 ns
[2020-09-11T16:58:07.502+0000][1][safepoint    ] Safepoint "RevokeBias", Time since last: 69800 ns, Reaching safepoint: 51572 ns, At safepoint: 12603 ns, Total: 64175 ns
[2020-09-11T16:58:07.533+0000][1][safepoint    ] Safepoint "RevokeBias", Time since last: 30752813 ns, Reaching safepoint: 158973 ns, At safepoint: 24895 ns, Total: 183868 ns
[2020-09-11T16:58:08.533+0000][1][safepoint    ] Safepoint "Cleanup", Time since last: 1000237363 ns, Reaching safepoint: 99667 ns, At safepoint: 7191 ns, Total: 106858 ns
[2020-09-11T16:58:09.527+0000][1][safepoint    ] Safepoint "RevokeBias", Time since last: 993442848 ns, Reaching safepoint: 99937 ns, At safepoint: 23720 ns, Total: 123657 ns
[2020-09-11T16:58:09.600+0000][1][gc,start     ] GC(92) Pause Young (Allocation Failure)
[2020-09-11T16:58:09.600+0000][1][gc,task      ] GC(92) Using 1 workers of 1 for evacuation
[2020-09-11T16:58:09.614+0000][1][gc,age       ] GC(92) Desired survivor size 4358144 bytes, new threshold 6 (max threshold 6)
[2020-09-11T16:58:09.614+0000][1][gc,age       ] GC(92) Age table with threshold 6 (max threshold 6)
[2020-09-11T16:58:09.614+0000][1][gc,age       ] GC(92) - age   1:    1174264 bytes,    1174264 total
[2020-09-11T16:58:09.614+0000][1][gc,heap      ] GC(92) ParNew: 76376K->6105K(76672K)
[2020-09-11T16:58:09.614+0000][1][gc,heap      ] GC(92) CMS: 99532K->100335K(439104K)
[2020-09-11T16:58:09.614+0000][1][gc,metaspace ] GC(92) Metaspace: 91733K->91733K(1134592K)
[2020-09-11T16:58:09.614+0000][1][gc           ] GC(92) Pause Young (Allocation Failure) 171M->103M(503M) 13.734ms
[2020-09-11T16:58:09.614+0000][1][gc,cpu       ] GC(92) User=0.01s Sys=0.00s Real=0.02s
[2020-09-11T16:58:09.614+0000][1][safepoint    ] Safepoint "GenCollectForAllocation", Time since last: 73277240 ns, Reaching safepoint: 280248 ns, At safepoint: 14290735 ns, Total: 14570983 ns
[2020-09-11T16:58:09.615+0000][1][safepoint    ] Safepoint "RevokeBias", Time since last: 568568 ns, Reaching safepoint: 68109 ns, At safepoint: 25065 ns, Total: 93174 ns
[2020-09-11T16:58:09.615+0000][1][safepoint    ] Safepoint "RevokeBias", Time since last: 133210 ns, Reaching safepoint: 29521 ns, At safepoint: 19073 ns, Total: 48594 ns
[2020-09-11T16:58:09.615+0000][1][safepoint    ] Safepoint "RevokeBias", Time since last: 91925 ns, Reaching safepoint: 34603 ns, At safepoint: 18346 ns, Total: 52949 ns
[2020-09-11T16:58:09.616+0000][1][safepoint    ] Safepoint "RevokeBias", Time since last: 41399 ns, Reaching safepoint: 30368 ns, At safepoint: 17799 ns, Total: 48167 ns
[2020-09-11T16:58:09.627+0000][1][safepoint    ] Safepoint "RevokeBias", Time since last: 11280199 ns, Reaching safepoint: 150972 ns, At safepoint: 21593 ns, Total: 172565 ns
[2020-09-11T16:58:09.642+0000][1][safepoint    ] Safepoint "RevokeBias", Time since last: 14706619 ns, Reaching safepoint: 157686 ns, At safepoint: 32366 ns, Total: 190052 ns
[2020-09-11T16:58:09.648+0000][1][safepoint    ] Safepoint "RevokeBias", Time since last: 5581670 ns, Reaching safepoint: 152705 ns, At safepoint: 19905 ns, Total: 172610 ns
[2020-09-11T16:58:09.657+0000][1][safepoint    ] Safepoint "RevokeBias", Time since last: 9295244 ns, Reaching safepoint: 158397 ns, At safepoint: 9882 ns, Total: 168279 ns
[2020-09-11T16:58:10.337+0000][1][gc,start     ] GC(93) Pause Young (Allocation Failure)
[2020-09-11T16:58:10.337+0000][1][gc,task      ] GC(93) Using 1 workers of 1 for evacuation
[2020-09-11T16:58:10.348+0000][1][gc,age       ] GC(93) Desired survivor size 4358144 bytes, new threshold 6 (max threshold 6)
[2020-09-11T16:58:10.348+0000][1][gc,age       ] GC(93) Age table with threshold 6 (max threshold 6)
[2020-09-11T16:58:10.348+0000][1][gc,age       ] GC(93) - age   1:     793568 bytes,     793568 total
[2020-09-11T16:58:10.348+0000][1][gc,age       ] GC(93) - age   2:     325744 bytes,    1119312 total
[2020-09-11T16:58:10.348+0000][1][gc,heap      ] GC(93) ParNew: 74265K->1741K(76672K)
[2020-09-11T16:58:10.348+0000][1][gc,heap      ] GC(93) CMS: 100335K->100335K(439104K)
[2020-09-11T16:58:10.348+0000][1][gc,metaspace ] GC(93) Metaspace: 91801K->91801K(1134592K)
[2020-09-11T16:58:10.348+0000][1][gc           ] GC(93) Pause Young (Allocation Failure) 170M->99M(503M) 10.860ms
[2020-09-11T16:58:10.348+0000][1][gc,cpu       ] GC(93) User=0.01s Sys=0.00s Real=0.01s
[2020-09-11T16:58:10.360+0000][1][safepoint    ] Safepoint "GenCollectForAllocation", Time since last: 679674110 ns, Reaching safepoint: 218039 ns, At safepoint: 22884909 ns, Total: 23102948 ns
[2020-09-11T16:58:10.363+0000][1][safepoint    ] Safepoint "RevokeBias", Time since last: 3473238 ns, Reaching safepoint: 84971 ns, At safepoint: 26707 ns, Total: 111678 ns
[2020-09-11T16:58:10.364+0000][1][safepoint    ] Safepoint "RevokeBias", Time since last: 65766 ns, Reaching safepoint: 29286 ns, At safepoint: 19032 ns, Total: 48318 ns
[2020-09-11T16:58:10.647+0000][1][safepoint    ] Safepoint "RevokeBias", Time since last: 283644724 ns, Reaching safepoint: 171789 ns, At safepoint: 8129 ns, Total: 179918 ns
[2020-09-11T16:58:10.648+0000][1][safepoint    ] Safepoint "RevokeBias", Time since last: 154195 ns, Reaching safepoint: 106813 ns, At safepoint: 6967 ns, Total: 113780 ns
[2020-09-11T16:58:10.650+0000][1][safepoint    ] Safepoint "RevokeBias", Time since last: 1901837 ns, Reaching safepoint: 56505 ns, At safepoint: 6206 ns, Total: 62711 ns
[2020-09-11T16:58:10.650+0000][1][safepoint    ] Safepoint "RevokeBias", Time since last: 67352 ns, Reaching safepoint: 31600 ns, At safepoint: 4968 ns, Total: 36568 ns
[2020-09-11T16:58:10.650+0000][1][safepoint    ] Safepoint "RevokeBias", Time since last: 35742 ns, Reaching safepoint: 29234 ns, At safepoint: 4712 ns, Total: 33946 ns
[2020-09-11T16:58:11.650+0000][1][safepoint    ] Safepoint "Cleanup", Time since last: 1000088255 ns, Reaching safepoint: 89366 ns, At safepoint: 6590 ns, Total: 95956 ns
[2020-09-11T16:58:12.650+0000][1][safepoint    ] Safepoint "Cleanup", Time since last: 1000200895 ns, Reaching safepoint: 171844 ns, At safepoint: 18389 ns, Total: 190233 ns
[2020-09-11T16:58:13.651+0000][1][safepoint    ] Safepoint "Cleanup", Time since last: 1000159505 ns, Reaching safepoint: 96266 ns, At safepoint: 9839 ns, Total: 106105 ns
[2020-09-11T16:58:14.651+0000][1][safepoint    ] Safepoint "Cleanup", Time since last: 1000115543 ns, Reaching safepoint: 91726 ns, At safepoint: 9685 ns, Total: 101411 ns
[2020-09-11T16:58:14.828+0000][1][safepoint    ] Safepoint "RevokeBias", Time since last: 176745210 ns, Reaching safepoint: 93784 ns, At safepoint: 21904 ns, Total: 115688 ns
[2020-09-11T16:58:15.678+0000][1][safepoint    ] Safepoint "RevokeBias", Time since last: 850465293 ns, Reaching safepoint: 176618 ns, At safepoint: 24992 ns, Total: 201610 ns
[2020-09-11T16:58:15.681+0000][1][safepoint    ] Safepoint "RevokeBias", Time since last: 179512 ns, Reaching safepoint: 2005241 ns, At safepoint: 19522 ns, Total: 2024763 ns
[2020-09-11T16:58:15.681+0000][1][safepoint    ] Safepoint "RevokeBias", Time since last: 165047 ns, Reaching safepoint: 139398 ns, At safepoint: 16050 ns, Total: 155448 ns
[2020-09-11T16:58:15.681+0000][1][safepoint    ] Safepoint "RevokeBias", Time since last: 69392 ns, Reaching safepoint: 128195 ns, At safepoint: 14482 ns, Total: 142677 ns
[2020-09-11T16:58:15.720+0000][1][safepoint    ] Safepoint "RevokeBias", Time since last: 37971004 ns, Reaching safepoint: 1088030 ns, At safepoint: 30802 ns, Total: 1118832 ns
[2020-09-11T16:58:15.745+0000][1][safepoint    ] Safepoint "RevokeBias", Time since last: 21099716 ns, Reaching safepoint: 3541571 ns, At safepoint: 17299 ns, Total: 3558870 ns
[2020-09-11T16:58:16.745+0000][1][safepoint    ] Safepoint "Cleanup", Time since last: 1000123468 ns, Reaching safepoint: 103006 ns, At safepoint: 7417 ns, Total: 110423 ns
[2020-09-11T16:58:17.676+0000][1][safepoint    ] Safepoint "BulkRevokeBias", Time since last: 930050245 ns, Reaching safepoint: 108740 ns, At safepoint: 249579 ns, Total: 358319 ns
[2020-09-11T16:58:17.755+0000][1][gc,start     ] GC(94) Pause Young (Allocation Failure)
[2020-09-11T16:58:17.755+0000][1][gc,task      ] GC(94) Using 1 workers of 1 for evacuation
[2020-09-11T16:58:17.772+0000][1][gc,age       ] GC(94) Desired survivor size 4358144 bytes, new threshold 1 (max threshold 6)
[2020-09-11T16:58:17.773+0000][1][gc,age       ] GC(94) Age table with threshold 1 (max threshold 6)
[2020-09-11T16:58:17.773+0000][1][gc,age       ] GC(94) - age   1:    8613208 bytes,    8613208 total
[2020-09-11T16:58:17.773+0000][1][gc,heap      ] GC(94) ParNew: 69495K->8512K(76672K)
[2020-09-11T16:58:17.773+0000][1][gc,heap      ] GC(94) CMS: 100335K->101245K(439104K)
[2020-09-11T16:58:17.773+0000][1][gc,metaspace ] GC(94) Metaspace: 91884K->91884K(1134592K)
[2020-09-11T16:58:17.773+0000][1][gc           ] GC(94) Pause Young (Allocation Failure) 165M->107M(503M) 17.800ms
[2020-09-11T16:58:17.773+0000][1][gc,cpu       ] GC(94) User=0.01s Sys=0.00s Real=0.01s
[2020-09-11T16:58:17.780+0000][1][safepoint    ] Safepoint "GenCollectForAllocation", Time since last: 78011351 ns, Reaching safepoint: 1258793 ns, At safepoint: 25206148 ns, Total: 26464941 ns
[2020-09-11T16:58:17.821+0000][1][safepoint    ] Safepoint "RevokeBias", Time since last: 40325423 ns, Reaching safepoint: 165334 ns, At safepoint: 24069 ns, Total: 189403 ns
[2020-09-11T16:58:17.821+0000][1][safepoint    ] Safepoint "RevokeBias", Time since last: 776126 ns, Reaching safepoint: 139282 ns, At safepoint: 18602 ns, Total: 157884 ns
[2020-09-11T16:58:17.822+0000][1][safepoint    ] Safepoint "BulkRevokeBias", Time since last: 142942 ns, Reaching safepoint: 131599 ns, At safepoint: 508120 ns, Total: 639719 ns
[2020-09-11T16:58:17.868+0000][1][safepoint    ] Safepoint "RevokeBias", Time since last: 45606651 ns, Reaching safepoint: 155097 ns, At safepoint: 23134 ns, Total: 178231 ns
[2020-09-11T16:58:18.868+0000][1][safepoint    ] Safepoint "Cleanup", Time since last: 1000114038 ns, Reaching safepoint: 95368 ns, At safepoint: 8012 ns, Total: 103380 ns
[2020-09-11T16:58:19.459+0000][1][safepoint    ] Safepoint "RevokeBias", Time since last: 590992391 ns, Reaching safepoint: 107228 ns, At safepoint: 20921 ns, Total: 128149 ns
[2020-09-11T16:58:22.460+0000][1][safepoint    ] Safepoint "Cleanup", Time since last: 3000389193 ns, Reaching safepoint: 97148 ns, At safepoint: 8809 ns, Total: 105957 ns
[2020-09-11T16:58:23.460+0000][1][safepoint    ] Safepoint "Cleanup", Time since last: 1000116373 ns, Reaching safepoint: 95910 ns, At safepoint: 8889 ns, Total: 104799 ns
[2020-09-11T16:58:23.521+0000][1][gc,start     ] GC(95) Pause Young (Allocation Failure)
[2020-09-11T16:58:23.521+0000][1][gc,task      ] GC(95) Using 1 workers of 1 for evacuation
[2020-09-11T16:58:23.539+0000][1][gc,age       ] GC(95) Desired survivor size 4358144 bytes, new threshold 1 (max threshold 6)
[2020-09-11T16:58:23.539+0000][1][gc,age       ] GC(95) Age table with threshold 1 (max threshold 6)
[2020-09-11T16:58:23.539+0000][1][gc,age       ] GC(95) - age   1:    5331680 bytes,    5331680 total
[2020-09-11T16:58:23.539+0000][1][gc,heap      ] GC(95) ParNew: 76672K->6622K(76672K)
[2020-09-11T16:58:23.539+0000][1][gc,heap      ] GC(95) CMS: 101245K->101313K(439104K)
[2020-09-11T16:58:23.539+0000][1][gc,metaspace ] GC(95) Metaspace: 91926K->91926K(1134592K)
[2020-09-11T16:58:23.539+0000][1][gc           ] GC(95) Pause Young (Allocation Failure) 173M->105M(503M) 18.061ms
[2020-09-11T16:58:23.539+0000][1][gc,cpu       ] GC(95) User=0.00s Sys=0.00s Real=0.01s
[2020-09-11T16:58:23.560+0000][1][safepoint    ] Safepoint "GenCollectForAllocation", Time since last: 60235232 ns, Reaching safepoint: 544708 ns, At safepoint: 38986413 ns, Total: 39531121 ns
[2020-09-11T16:58:24.569+0000][1][safepoint    ] Safepoint "Cleanup", Time since last: 1009385019 ns, Reaching safepoint: 171844 ns, At safepoint: 20026 ns, Total: 191870 ns
[2020-09-11T16:58:24.827+0000][1][safepoint    ] Safepoint "RevokeBias", Time since last: 257030981 ns, Reaching safepoint: 165681 ns, At safepoint: 23027 ns, Total: 188708 ns
[2020-09-11T16:58:25.827+0000][1][safepoint    ] Safepoint "Cleanup", Time since last: 1000175694 ns, Reaching safepoint: 116387 ns, At safepoint: 6925 ns, Total: 123312 ns
[2020-09-11T16:58:27.827+0000][1][safepoint    ] Safepoint "Cleanup", Time since last: 2000265648 ns, Reaching safepoint: 98087 ns, At safepoint: 7903 ns, Total: 105990 ns
[2020-09-11T16:58:27.913+0000][1][safepoint    ] Safepoint "RevokeBias", Time since last: 85930543 ns, Reaching safepoint: 89526 ns, At safepoint: 22241 ns, Total: 111767 ns
[2020-09-11T16:58:28.914+0000][1][safepoint    ] Safepoint "Cleanup", Time since last: 1000184189 ns, Reaching safepoint: 170742 ns, At safepoint: 18449 ns, Total: 189191 ns
[2020-09-11T16:58:29.438+0000][1][safepoint    ] Safepoint "RevokeBias", Time since last: 523961583 ns, Reaching safepoint: 98074 ns, At safepoint: 21833 ns, Total: 119907 ns
[2020-09-11T16:58:32.438+0000][1][safepoint    ] Safepoint "Cleanup", Time since last: 3000400120 ns, Reaching safepoint: 166027 ns, At safepoint: 17828 ns, Total: 183855 ns
[2020-09-11T16:58:34.925+0000][1][safepoint    ] Safepoint "RevokeBias", Time since last: 2486450708 ns, Reaching safepoint: 178223 ns, At safepoint: 23083 ns, Total: 201306 ns
[2020-09-11T16:58:35.925+0000][1][safepoint    ] Safepoint "Cleanup", Time since last: 1000160934 ns, Reaching safepoint: 123901 ns, At safepoint: 8303 ns, Total: 132204 ns
[2020-09-11T16:58:36.926+0000][1][safepoint    ] Safepoint "Cleanup", Time since last: 1000360365 ns, Reaching safepoint: 87069 ns, At safepoint: 7072 ns, Total: 94141 ns
[2020-09-11T16:58:37.525+0000][1][safepoint    ] Safepoint "RevokeBias", Time since last: 598759323 ns, Reaching safepoint: 105263 ns, At safepoint: 21481 ns, Total: 126744 ns
[2020-09-11T16:58:38.525+0000][1][safepoint    ] Safepoint "Cleanup", Time since last: 1000137166 ns, Reaching safepoint: 165380 ns, At safepoint: 18519 ns, Total: 183899 ns
[2020-09-11T16:58:39.424+0000][1][safepoint    ] Safepoint "RevokeBias", Time since last: 898996190 ns, Reaching safepoint: 105845 ns, At safepoint: 21647 ns, Total: 127492 ns
[2020-09-11T16:58:41.496+0000][1][gc,start     ] GC(96) Pause Young (Allocation Failure)
[2020-09-11T16:58:41.496+0000][1][gc,task      ] GC(96) Using 1 workers of 1 for evacuation
[2020-09-11T16:58:41.507+0000][1][gc,age       ] GC(96) Desired survivor size 4358144 bytes, new threshold 1 (max threshold 6)
[2020-09-11T16:58:41.507+0000][1][gc,age       ] GC(96) Age table with threshold 1 (max threshold 6)
[2020-09-11T16:58:41.507+0000][1][gc,age       ] GC(96) - age   1:    4655544 bytes,    4655544 total
[2020-09-11T16:58:41.507+0000][1][gc,heap      ] GC(96) ParNew: 74782K->5560K(76672K)
[2020-09-11T16:58:41.507+0000][1][gc,heap      ] GC(96) CMS: 101313K->106435K(439104K)
[2020-09-11T16:58:41.507+0000][1][gc,metaspace ] GC(96) Metaspace: 92056K->92056K(1134592K)
[2020-09-11T16:58:41.507+0000][1][gc           ] GC(96) Pause Young (Allocation Failure) 171M->109M(503M) 11.826ms
[2020-09-11T16:58:41.507+0000][1][gc,cpu       ] GC(96) User=0.01s Sys=0.00s Real=0.01s
[2020-09-11T16:58:41.507+0000][1][safepoint    ] Safepoint "GenCollectForAllocation", Time since last: 2070966190 ns, Reaching safepoint: 416245 ns, At safepoint: 11905566 ns, Total: 12321811 ns
[2020-09-11T16:58:42.512+0000][1][safepoint    ] Safepoint "Cleanup", Time since last: 1004067480 ns, Reaching safepoint: 167370 ns, At safepoint: 20402 ns, Total: 187772 ns
[2020-09-11T16:58:43.512+0000][1][safepoint    ] Safepoint "Cleanup", Time since last: 1000141591 ns, Reaching safepoint: 194502 ns, At safepoint: 14911 ns, Total: 209413 ns
[2020-09-11T16:58:44.833+0000][1][safepoint    ] Safepoint "RevokeBias", Time since last: 1320895219 ns, Reaching safepoint: 173703 ns, At safepoint: 24010 ns, Total: 197713 ns
[2020-09-11T16:58:47.380+0000][1][safepoint    ] Safepoint "RevokeBias", Time since last: 2546854716 ns, Reaching safepoint: 198711 ns, At safepoint: 23916 ns, Total: 222627 ns
[2020-09-11T16:58:49.538+0000][1][safepoint    ] Safepoint "RevokeBias", Time since last: 2156827532 ns, Reaching safepoint: 441155 ns, At safepoint: 52881 ns, Total: 494036 ns
[2020-09-11T16:58:50.538+0000][1][safepoint    ] Safepoint "Cleanup", Time since last: 1000195105 ns, Reaching safepoint: 139690 ns, At safepoint: 10182 ns, Total: 149872 ns
[2020-09-11T16:58:53.539+0000][1][safepoint    ] Safepoint "Cleanup", Time since last: 3001053453 ns, Reaching safepoint: 184784 ns, At safepoint: 20467 ns, Total: 205251 ns
[2020-09-11T16:58:54.540+0000][1][safepoint    ] Safepoint "Cleanup", Time since last: 1000222542 ns, Reaching safepoint: 160722 ns, At safepoint: 18346 ns, Total: 179068 ns
[2020-09-11T16:58:54.836+0000][1][safepoint    ] Safepoint "RevokeBias", Time since last: 296465499 ns, Reaching safepoint: 307776 ns, At safepoint: 48190 ns, Total: 355966 ns
[2020-09-11T16:58:57.426+0000][1][safepoint    ] Safepoint "RevokeBias", Time since last: 2589987477 ns, Reaching safepoint: 106550 ns, At safepoint: 21358 ns, Total: 127908 ns
[2020-09-11T16:58:59.414+0000][1][gc,start     ] GC(97) Pause Young (Allocation Failure)
[2020-09-11T16:58:59.414+0000][1][gc,task      ] GC(97) Using 1 workers of 1 for evacuation
[2020-09-11T16:58:59.420+0000][1][gc,age       ] GC(97) Desired survivor size 4358144 bytes, new threshold 6 (max threshold 6)
[2020-09-11T16:58:59.420+0000][1][gc,age       ] GC(97) Age table with threshold 6 (max threshold 6)
[2020-09-11T16:58:59.420+0000][1][gc,age       ] GC(97) - age   1:     220936 bytes,     220936 total
[2020-09-11T16:58:59.420+0000][1][gc,heap      ] GC(97) ParNew: 73694K->4799K(76672K)
[2020-09-11T16:58:59.420+0000][1][gc,heap      ] GC(97) CMS: 106435K->110913K(439104K)
[2020-09-11T16:58:59.420+0000][1][gc,metaspace ] GC(97) Metaspace: 92156K->92156K(1134592K)
[2020-09-11T16:58:59.420+0000][1][gc           ] GC(97) Pause Young (Allocation Failure) 175M->113M(503M) 6.514ms
[2020-09-11T16:58:59.420+0000][1][gc,cpu       ] GC(97) User=0.01s Sys=0.00s Real=0.00s
[2020-09-11T16:58:59.422+0000][1][safepoint    ] Safepoint "GenCollectForAllocation", Time since last: 1987232532 ns, Reaching safepoint: 176531 ns, At safepoint: 8313699 ns, Total: 8490230 ns
[2020-09-11T16:58:59.449+0000][1][safepoint    ] Safepoint "RevokeBias", Time since last: 26855367 ns, Reaching safepoint: 109582 ns, At safepoint: 22735 ns, Total: 132317 ns
[2020-09-11T16:59:02.450+0000][1][safepoint    ] Safepoint "Cleanup", Time since last: 3000422798 ns, Reaching safepoint: 176982 ns, At safepoint: 18132 ns, Total: 195114 ns
[2020-09-11T16:59:05.041+0000][1][safepoint    ] Safepoint "RevokeBias", Time since last: 2591244357 ns, Reaching safepoint: 383473 ns, At safepoint: 51675 ns, Total: 435148 ns
[2020-09-11T16:59:07.045+0000][1][safepoint    ] Safepoint "Cleanup", Time since last: 2003415812 ns, Reaching safepoint: 113326 ns, At safepoint: 7973 ns, Total: 121299 ns
[2020-09-11T16:59:07.616+0000][1][safepoint    ] Safepoint "RevokeBias", Time since last: 570696979 ns, Reaching safepoint: 102644 ns, At safepoint: 23132 ns, Total: 125776 ns
[2020-09-11T16:59:08.616+0000][1][safepoint    ] Safepoint "Cleanup", Time since last: 1000117228 ns, Reaching safepoint: 100605 ns, At safepoint: 9567 ns, Total: 110172 ns
[2020-09-11T16:59:09.511+0000][1][safepoint    ] Safepoint "RevokeBias", Time since last: 893833118 ns, Reaching safepoint: 1117490 ns, At safepoint: 29294 ns, Total: 1146784 ns
[2020-09-11T16:59:11.511+0000][1][safepoint    ] Safepoint "Cleanup", Time since last: 2000196300 ns, Reaching safepoint: 98340 ns, At safepoint: 9149 ns, Total: 107489 ns
[2020-09-11T16:59:13.512+0000][1][safepoint    ] Safepoint "Cleanup", Time since last: 2000199103 ns, Reaching safepoint: 97125 ns, At safepoint: 10023 ns, Total: 107148 ns
[2020-09-11T16:59:14.826+0000][1][safepoint    ] Safepoint "RevokeBias", Time since last: 1314072480 ns, Reaching safepoint: 702849 ns, At safepoint: 29063 ns, Total: 731912 ns
[2020-09-11T16:59:15.827+0000][1][safepoint    ] Safepoint "Cleanup", Time since last: 1000114432 ns, Reaching safepoint: 103617 ns, At safepoint: 6181 ns, Total: 109798 ns
[2020-09-11T16:59:16.827+0000][1][safepoint    ] Safepoint "Cleanup", Time since last: 1000122313 ns, Reaching safepoint: 91210 ns, At safepoint: 8828 ns, Total: 100038 ns
[2020-09-11T16:59:17.507+0000][1][safepoint    ] Safepoint "RevokeBias", Time since last: 679639033 ns, Reaching safepoint: 108624 ns, At safepoint: 21613 ns, Total: 130237 ns
[2020-09-11T16:59:18.507+0000][1][safepoint    ] Safepoint "Cleanup", Time since last: 1000140706 ns, Reaching safepoint: 82811 ns, At safepoint: 7208 ns, Total: 90019 ns
[2020-09-11T16:59:19.436+0000][1][gc,start     ] GC(98) Pause Young (Allocation Failure)
[2020-09-11T16:59:19.436+0000][1][gc,task      ] GC(98) Using 1 workers of 1 for evacuation
[2020-09-11T16:59:19.450+0000][1][gc,age       ] GC(98) Desired survivor size 4358144 bytes, new threshold 6 (max threshold 6)
[2020-09-11T16:59:19.450+0000][1][gc,age       ] GC(98) Age table with threshold 6 (max threshold 6)
[2020-09-11T16:59:19.450+0000][1][gc,age       ] GC(98) - age   1:     201896 bytes,     201896 total
[2020-09-11T16:59:19.450+0000][1][gc,age       ] GC(98) - age   2:      32152 bytes,     234048 total
[2020-09-11T16:59:19.450+0000][1][gc,heap      ] GC(98) ParNew: 72959K->1240K(76672K)
[2020-09-11T16:59:19.450+0000][1][gc,heap      ] GC(98) CMS: 110913K->110913K(439104K)
[2020-09-11T16:59:19.450+0000][1][gc,metaspace ] GC(98) Metaspace: 92243K->92243K(1134592K)
[2020-09-11T16:59:19.450+0000][1][gc           ] GC(98) Pause Young (Allocation Failure) 179M->109M(503M) 14.012ms
[2020-09-11T16:59:19.450+0000][1][gc,cpu       ] GC(98) User=0.01s Sys=0.00s Real=0.01s
[2020-09-11T16:59:19.450+0000][1][safepoint    ] Safepoint "GenCollectForAllocation", Time since last: 926707207 ns, Reaching safepoint: 2521261 ns, At safepoint: 14079593 ns, Total: 16600854 ns
[2020-09-11T16:59:19.495+0000][1][safepoint    ] Safepoint "RevokeBias", Time since last: 44179295 ns, Reaching safepoint: 101129 ns, At safepoint: 37702 ns, Total: 138831 ns
[2020-09-11T16:59:20.496+0000][1][safepoint    ] Safepoint "Cleanup", Time since last: 1001073151 ns, Reaching safepoint: 85896 ns, At safepoint: 18729 ns, Total: 104625 ns
[2020-09-11T16:59:21.496+0000][1][safepoint    ] Safepoint "Cleanup", Time since last: 1000637411 ns, Reaching safepoint: 93659 ns, At safepoint: 8513 ns, Total: 102172 ns
[2020-09-11T16:59:22.497+0000][1][safepoint    ] Safepoint "Cleanup", Time since last: 1000117880 ns, Reaching safepoint: 95633 ns, At safepoint: 9558 ns, Total: 105191 ns
[2020-09-11T16:59:23.497+0000][1][safepoint    ] Safepoint "Cleanup", Time since last: 1000115335 ns, Reaching safepoint: 111336 ns, At safepoint: 9731 ns, Total: 121067 ns
[2020-09-11T16:59:24.497+0000][1][safepoint    ] Safepoint "Cleanup", Time since last: 1000124137 ns, Reaching safepoint: 88149 ns, At safepoint: 8892 ns, Total: 97041 ns
[2020-09-11T16:59:24.831+0000][1][safepoint    ] Safepoint "RevokeBias", Time since last: 334187606 ns, Reaching safepoint: 174613 ns, At safepoint: 23459 ns, Total: 198072 ns
[2020-09-11T16:59:25.832+0000][1][safepoint    ] Safepoint "Cleanup", Time since last: 1000113799 ns, Reaching safepoint: 99074 ns, At safepoint: 9049 ns, Total: 108123 ns
[2020-09-11T16:59:26.832+0000][1][safepoint    ] Safepoint "Cleanup", Time since last: 1000113355 ns, Reaching safepoint: 86634 ns, At safepoint: 8502 ns, Total: 95136 ns
[2020-09-11T16:59:27.522+0000][1][safepoint    ] Safepoint "RevokeBias", Time since last: 690121209 ns, Reaching safepoint: 193567 ns, At safepoint: 23196 ns, Total: 216763 ns
[2020-09-11T16:59:28.522+0000][1][safepoint    ] Safepoint "Cleanup", Time since last: 1000114610 ns, Reaching safepoint: 95223 ns, At safepoint: 9581 ns, Total: 104804 ns
[2020-09-11T16:59:29.448+0000][1][safepoint    ] Safepoint "RevokeBias", Time since last: 921848734 ns, Reaching safepoint: 3809414 ns, At safepoint: 33025 ns, Total: 3842439 ns
[2020-09-11T16:59:30.448+0000][1][safepoint    ] Safepoint "Cleanup", Time since last: 1000122057 ns, Reaching safepoint: 93189 ns, At safepoint: 6584 ns, Total: 99773 ns
[2020-09-11T16:59:31.449+0000][1][safepoint    ] Safepoint "Cleanup", Time since last: 1000131759 ns, Reaching safepoint: 86051 ns, At safepoint: 7143 ns, Total: 93194 ns
[2020-09-11T16:59:32.449+0000][1][safepoint    ] Safepoint "Cleanup", Time since last: 1000118227 ns, Reaching safepoint: 102442 ns, At safepoint: 6354 ns, Total: 108796 ns
[2020-09-11T16:59:33.449+0000][1][safepoint    ] Safepoint "Cleanup", Time since last: 1000109276 ns, Reaching safepoint: 89743 ns, At safepoint: 6674 ns, Total: 96417 ns
[2020-09-11T16:59:34.449+0000][1][safepoint    ] Safepoint "Cleanup", Time since last: 1000111995 ns, Reaching safepoint: 89161 ns, At safepoint: 9013 ns, Total: 98174 ns
[2020-09-11T16:59:34.909+0000][1][safepoint    ] Safepoint "RevokeBias", Time since last: 458015521 ns, Reaching safepoint: 1589107 ns, At safepoint: 28437 ns, Total: 1617544 ns
[2020-09-11T16:59:35.909+0000][1][safepoint    ] Safepoint "Cleanup", Time since last: 1000111385 ns, Reaching safepoint: 94231 ns, At safepoint: 7283 ns, Total: 101514 ns
[2020-09-11T16:59:36.909+0000][1][safepoint    ] Safepoint "Cleanup", Time since last: 1000114730 ns, Reaching safepoint: 93046 ns, At safepoint: 7329 ns, Total: 100375 ns
[2020-09-11T16:59:37.462+0000][1][safepoint    ] Safepoint "RevokeBias", Time since last: 552933532 ns, Reaching safepoint: 104194 ns, At safepoint: 21503 ns, Total: 125697 ns
[2020-09-11T16:59:38.463+0000][1][safepoint    ] Safepoint "Cleanup", Time since last: 1000119042 ns, Reaching safepoint: 95945 ns, At safepoint: 9124 ns, Total: 105069 ns
[2020-09-11T16:59:39.431+0000][1][safepoint    ] Safepoint "RevokeBias", Time since last: 968588155 ns, Reaching safepoint: 100560 ns, At safepoint: 22718 ns, Total: 123278 ns
[2020-09-11T16:59:40.432+0000][1][safepoint    ] Safepoint "Cleanup", Time since last: 1000171794 ns, Reaching safepoint: 156816 ns, At safepoint: 18165 ns, Total: 174981 ns
[2020-09-11T16:59:41.432+0000][1][safepoint    ] Safepoint "Cleanup", Time since last: 1000212321 ns, Reaching safepoint: 164183 ns, At safepoint: 18957 ns, Total: 183140 ns
[2020-09-11T16:59:42.432+0000][1][safepoint    ] Safepoint "Cleanup", Time since last: 1000201961 ns, Reaching safepoint: 157625 ns, At safepoint: 18205 ns, Total: 175830 ns
[2020-09-11T16:59:43.433+0000][1][safepoint    ] Safepoint "Cleanup", Time since last: 1000190918 ns, Reaching safepoint: 153621 ns, At safepoint: 7060 ns, Total: 160681 ns
[2020-09-11T16:59:44.433+0000][1][safepoint    ] Safepoint "Cleanup", Time since last: 1000184895 ns, Reaching safepoint: 117894 ns, At safepoint: 7367 ns, Total: 125261 ns
[2020-09-11T16:59:44.792+0000][1][safepoint    ] Safepoint "RevokeBias", Time since last: 358839481 ns, Reaching safepoint: 92664 ns, At safepoint: 21285 ns, Total: 113949 ns
[2020-09-11T16:59:45.350+0000][1][gc,start     ] GC(99) Pause Young (Allocation Failure)
[2020-09-11T16:59:45.350+0000][1][gc,task      ] GC(99) Using 1 workers of 1 for evacuation
[2020-09-11T16:59:45.355+0000][1][gc,age       ] GC(99) Desired survivor size 4358144 bytes, new threshold 6 (max threshold 6)
[2020-09-11T16:59:45.355+0000][1][gc,age       ] GC(99) Age table with threshold 6 (max threshold 6)
[2020-09-11T16:59:45.355+0000][1][gc,age       ] GC(99) - age   1:     171200 bytes,     171200 total
[2020-09-11T16:59:45.355+0000][1][gc,age       ] GC(99) - age   2:      53896 bytes,     225096 total
[2020-09-11T16:59:45.355+0000][1][gc,age       ] GC(99) - age   3:      25864 bytes,     250960 total
[2020-09-11T16:59:45.355+0000][1][gc,heap      ] GC(99) ParNew: 69400K->352K(76672K)
[2020-09-11T16:59:45.355+0000][1][gc,heap      ] GC(99) CMS: 110913K->110913K(439104K)
[2020-09-11T16:59:45.355+0000][1][gc,metaspace ] GC(99) Metaspace: 92335K->92335K(1134592K)
[2020-09-11T16:59:45.355+0000][1][gc           ] GC(99) Pause Young (Allocation Failure) 176M->108M(503M) 5.173ms
[2020-09-11T16:59:45.355+0000][1][gc,cpu       ] GC(99) User=0.01s Sys=0.00s Real=0.01s
[2020-09-11T16:59:45.355+0000][1][safepoint    ] Safepoint "GenCollectForAllocation", Time since last: 557931018 ns, Reaching safepoint: 118451 ns, At safepoint: 5242583 ns, Total: 5361034 ns
[2020-09-11T16:59:46.356+0000][1][safepoint    ] Safepoint "Cleanup", Time since last: 1000924561 ns, Reaching safepoint: 159299 ns, At safepoint: 51976 ns, Total: 211275 ns
[2020-09-11T16:59:47.323+0000][1][safepoint    ] Safepoint "BulkRevokeBias", Time since last: 966366594 ns, Reaching safepoint: 213509 ns, At safepoint: 225843 ns, Total: 439352 ns
[2020-09-11T16:59:48.324+0000][1][safepoint    ] Safepoint "Cleanup", Time since last: 1000186203 ns, Reaching safepoint: 112038 ns, At safepoint: 7103 ns, Total: 119141 ns
[2020-09-11T16:59:49.324+0000][1][safepoint    ] Safepoint "Cleanup", Time since last: 1000175877 ns, Reaching safepoint: 110616 ns, At safepoint: 7088 ns, Total: 117704 ns
[2020-09-11T16:59:49.441+0000][1][safepoint    ] Safepoint "RevokeBias", Time since last: 116567098 ns, Reaching safepoint: 101585 ns, At safepoint: 21785 ns, Total: 123370 ns
[2020-09-11T16:59:50.441+0000][1][safepoint    ] Safepoint "Cleanup", Time since last: 1000224889 ns, Reaching safepoint: 82566 ns, At safepoint: 6514 ns, Total: 89080 ns
[2020-09-11T16:59:51.441+0000][1][safepoint    ] Safepoint "Cleanup", Time since last: 1000177647 ns, Reaching safepoint: 103521 ns, At safepoint: 6506 ns, Total: 110027 ns
[2020-09-11T16:59:52.442+0000][1][safepoint    ] Safepoint "Cleanup", Time since last: 1000250526 ns, Reaching safepoint: 152403 ns, At safepoint: 18623 ns, Total: 171026 ns
[2020-09-11T16:59:53.442+0000][1][safepoint    ] Safepoint "Cleanup", Time since last: 1000228402 ns, Reaching safepoint: 196344 ns, At safepoint: 23010 ns, Total: 219354 ns
[2020-09-11T16:59:54.442+0000][1][safepoint    ] Safepoint "Cleanup", Time since last: 1000260475 ns, Reaching safepoint: 110739 ns, At safepoint: 7436 ns, Total: 118175 ns
[2020-09-11T16:59:54.833+0000][1][safepoint    ] Safepoint "RevokeBias", Time since last: 390595836 ns, Reaching safepoint: 180427 ns, At safepoint: 49724 ns, Total: 230151 ns
[2020-09-11T16:59:55.834+0000][1][safepoint    ] Safepoint "Cleanup", Time since last: 1000180673 ns, Reaching safepoint: 168012 ns, At safepoint: 19254 ns, Total: 187266 ns
[2020-09-11T16:59:56.834+0000][1][safepoint    ] Safepoint "Cleanup", Time since last: 1000241864 ns, Reaching safepoint: 107298 ns, At safepoint: 7695 ns, Total: 114993 ns
[2020-09-11T16:59:57.258+0000][1][safepoint    ] Safepoint "RevokeBias", Time since last: 424004881 ns, Reaching safepoint: 190574 ns, At safepoint: 48304 ns, Total: 238878 ns
[2020-09-11T16:59:58.259+0000][1][safepoint    ] Safepoint "Cleanup", Time since last: 1000230459 ns, Reaching safepoint: 162432 ns, At safepoint: 17791 ns, Total: 180223 ns
[2020-09-11T16:59:59.259+0000][1][safepoint    ] Safepoint "Cleanup", Time since last: 1000241042 ns, Reaching safepoint: 166162 ns, At safepoint: 20867 ns, Total: 187029 ns
[2020-09-11T16:59:59.453+0000][1][safepoint    ] Safepoint "RevokeBias", Time since last: 193574082 ns, Reaching safepoint: 102306 ns, At safepoint: 47807 ns, Total: 150113 ns
[2020-09-11T17:00:00.453+0000][1][safepoint    ] Safepoint "Cleanup", Time since last: 1000164481 ns, Reaching safepoint: 110018 ns, At safepoint: 6698 ns, Total: 116716 ns
[2020-09-11T17:00:01.453+0000][1][safepoint    ] Safepoint "Cleanup", Time since last: 1000181379 ns, Reaching safepoint: 174751 ns, At safepoint: 18045 ns, Total: 192796 ns
[2020-09-11T17:00:02.454+0000][1][safepoint    ] Safepoint "Cleanup", Time since last: 1000205770 ns, Reaching safepoint: 106428 ns, At safepoint: 6885 ns, Total: 113313 ns
[2020-09-11T17:00:03.454+0000][1][safepoint    ] Safepoint "Cleanup", Time since last: 1000176908 ns, Reaching safepoint: 167631 ns, At safepoint: 18576 ns, Total: 186207 ns
[2020-09-11T17:00:04.454+0000][1][safepoint    ] Safepoint "Cleanup", Time since last: 1000192802 ns, Reaching safepoint: 106865 ns, At safepoint: 7943 ns, Total: 114808 ns
[2020-09-11T17:00:04.791+0000][1][safepoint    ] Safepoint "RevokeBias", Time since last: 336655209 ns, Reaching safepoint: 172977 ns, At safepoint: 22248 ns, Total: 195225 ns
[2020-09-11T17:00:04.818+0000][1][gc,start     ] GC(100) Pause Young (Allocation Failure)
[2020-09-11T17:00:04.818+0000][1][gc,task      ] GC(100) Using 1 workers of 1 for evacuation
[2020-09-11T17:00:04.823+0000][1][gc,age       ] GC(100) Desired survivor size 4358144 bytes, new threshold 6 (max threshold 6)
[2020-09-11T17:00:04.823+0000][1][gc,age       ] GC(100) Age table with threshold 6 (max threshold 6)
[2020-09-11T17:00:04.823+0000][1][gc,age       ] GC(100) - age   1:     145040 bytes,     145040 total
[2020-09-11T17:00:04.823+0000][1][gc,age       ] GC(100) - age   2:      53048 bytes,     198088 total
[2020-09-11T17:00:04.823+0000][1][gc,age       ] GC(100) - age   3:      52688 bytes,     250776 total
[2020-09-11T17:00:04.823+0000][1][gc,age       ] GC(100) - age   4:      24544 bytes,     275320 total
[2020-09-11T17:00:04.823+0000][1][gc,heap      ] GC(100) ParNew: 68449K->272K(76672K)
[2020-09-11T17:00:04.823+0000][1][gc,heap      ] GC(100) CMS: 110913K->110913K(439104K)
[2020-09-11T17:00:04.823+0000][1][gc,metaspace ] GC(100) Metaspace: 92420K->92420K(1134592K)
[2020-09-11T17:00:04.823+0000][1][gc           ] GC(100) Pause Young (Allocation Failure) 175M->108M(503M) 4.694ms
[2020-09-11T17:00:04.823+0000][1][gc,cpu       ] GC(100) User=0.00s Sys=0.00s Real=0.01s
[2020-09-11T17:00:04.823+0000][1][safepoint    ] Safepoint "GenCollectForAllocation", Time since last: 26655697 ns, Reaching safepoint: 86763 ns, At safepoint: 4761312 ns, Total: 4848075 ns
[2020-09-11T17:00:05.824+0000][1][safepoint    ] Safepoint "Cleanup", Time since last: 1001113600 ns, Reaching safepoint: 77306 ns, At safepoint: 18321 ns, Total: 95627 ns
[2020-09-11T17:00:06.824+0000][1][safepoint    ] Safepoint "Cleanup", Time since last: 1000171516 ns, Reaching safepoint: 156260 ns, At safepoint: 7611 ns, Total: 163871 ns
[2020-09-11T17:00:07.194+0000][1][safepoint    ] Safepoint "RevokeBias", Time since last: 369923471 ns, Reaching safepoint: 100745 ns, At safepoint: 23529 ns, Total: 124274 ns
[2020-09-11T17:00:08.195+0000][1][safepoint    ] Safepoint "Cleanup", Time since last: 1000113247 ns, Reaching safepoint: 90566 ns, At safepoint: 7057 ns, Total: 97623 ns
[2020-09-11T17:00:09.195+0000][1][safepoint    ] Safepoint "Cleanup", Time since last: 1000202893 ns, Reaching safepoint: 165850 ns, At safepoint: 20317 ns, Total: 186167 ns
[2020-09-11T17:00:09.486+0000][1][safepoint    ] Safepoint "RevokeBias", Time since last: 290122673 ns, Reaching safepoint: 1363360 ns, At safepoint: 24655 ns, Total: 1388015 ns
[2020-09-11T17:00:10.487+0000][1][safepoint    ] Safepoint "Cleanup", Time since last: 1000201300 ns, Reaching safepoint: 159549 ns, At safepoint: 17561 ns, Total: 177110 ns
[2020-09-11T17:00:11.487+0000][1][safepoint    ] Safepoint "Cleanup", Time since last: 1000232345 ns, Reaching safepoint: 111204 ns, At safepoint: 7151 ns, Total: 118355 ns
[2020-09-11T17:00:12.488+0000][1][safepoint    ] Safepoint "Cleanup", Time since last: 1000199008 ns, Reaching safepoint: 117915 ns, At safepoint: 6953 ns, Total: 124868 ns
[2020-09-11T17:00:13.488+0000][1][safepoint    ] Safepoint "Cleanup", Time since last: 1000153872 ns, Reaching safepoint: 115072 ns, At safepoint: 8465 ns, Total: 123537 ns
[2020-09-11T17:00:14.488+0000][1][safepoint    ] Safepoint "Cleanup", Time since last: 1000148797 ns, Reaching safepoint: 114222 ns, At safepoint: 7063 ns, Total: 121285 ns
[2020-09-11T17:00:14.862+0000][1][safepoint    ] Safepoint "RevokeBias", Time since last: 373431283 ns, Reaching safepoint: 172881 ns, At safepoint: 23271 ns, Total: 196152 ns
[2020-09-11T17:00:15.862+0000][1][safepoint    ] Safepoint "Cleanup", Time since last: 1000178704 ns, Reaching safepoint: 112041 ns, At safepoint: 8076 ns, Total: 120117 ns
[2020-09-11T17:00:16.862+0000][1][safepoint    ] Safepoint "Cleanup", Time since last: 1000144214 ns, Reaching safepoint: 157816 ns, At safepoint: 16949 ns, Total: 174765 ns
[2020-09-11T17:00:17.225+0000][1][safepoint    ] Safepoint "RevokeBias", Time since last: 362507101 ns, Reaching safepoint: 111573 ns, At safepoint: 23907 ns, Total: 135480 ns
[2020-09-11T17:00:18.225+0000][1][safepoint    ] Safepoint "Cleanup", Time since last: 1000179875 ns, Reaching safepoint: 124636 ns, At safepoint: 8772 ns, Total: 133408 ns
[2020-09-11T17:00:19.225+0000][1][safepoint    ] Safepoint "Cleanup", Time since last: 1000115268 ns, Reaching safepoint: 87502 ns, At safepoint: 6755 ns, Total: 94257 ns
[2020-09-11T17:00:19.441+0000][1][safepoint    ] Safepoint "RevokeBias", Time since last: 214232114 ns, Reaching safepoint: 1125309 ns, At safepoint: 25579 ns, Total: 1150888 ns
[2020-09-11T17:00:20.441+0000][1][safepoint    ] Safepoint "Cleanup", Time since last: 1000111976 ns, Reaching safepoint: 86831 ns, At safepoint: 6365 ns, Total: 93196 ns
[2020-09-11T17:00:21.441+0000][1][safepoint    ] Safepoint "Cleanup", Time since last: 1000116617 ns, Reaching safepoint: 84335 ns, At safepoint: 6717 ns, Total: 91052 ns
[2020-09-11T17:00:22.442+0000][1][safepoint    ] Safepoint "Cleanup", Time since last: 1000112879 ns, Reaching safepoint: 92760 ns, At safepoint: 7102 ns, Total: 99862 ns
[2020-09-11T17:00:23.442+0000][1][safepoint    ] Safepoint "Cleanup", Time since last: 1000116771 ns, Reaching safepoint: 106845 ns, At safepoint: 15878 ns, Total: 122723 ns
[2020-09-11T17:00:24.442+0000][1][safepoint    ] Safepoint "Cleanup", Time since last: 1000121461 ns, Reaching safepoint: 86348 ns, At safepoint: 6788 ns, Total: 93136 ns
[2020-09-11T17:00:24.830+0000][1][safepoint    ] Safepoint "RevokeBias", Time since last: 388306428 ns, Reaching safepoint: 164441 ns, At safepoint: 26249 ns, Total: 190690 ns
[2020-09-11T17:00:25.831+0000][1][safepoint    ] Safepoint "Cleanup", Time since last: 1000132982 ns, Reaching safepoint: 93897 ns, At safepoint: 8184 ns, Total: 102081 ns
[2020-09-11T17:00:26.831+0000][1][safepoint    ] Safepoint "Cleanup", Time since last: 1000103744 ns, Reaching safepoint: 252430 ns, At safepoint: 10022 ns, Total: 262452 ns
[2020-09-11T17:00:26.851+0000][1][safepoint    ] Safepoint "RevokeBias", Time since last: 19357693 ns, Reaching safepoint: 167717 ns, At safepoint: 11884 ns, Total: 179601 ns
[2020-09-11T17:00:26.851+0000][1][safepoint    ] Safepoint "RevokeBias", Time since last: 102309 ns, Reaching safepoint: 145676 ns, At safepoint: 8447 ns, Total: 154123 ns
[2020-09-11T17:00:26.851+0000][1][safepoint    ] Safepoint "RevokeBias", Time since last: 54865 ns, Reaching safepoint: 125599 ns, At safepoint: 7149 ns, Total: 132748 ns
[2020-09-11T17:00:26.942+0000][1][gc,start     ] GC(101) Pause Young (Allocation Failure)
[2020-09-11T17:00:26.942+0000][1][gc,task      ] GC(101) Using 1 workers of 1 for evacuation
[2020-09-11T17:00:26.956+0000][1][gc,age       ] GC(101) Desired survivor size 4358144 bytes, new threshold 6 (max threshold 6)
[2020-09-11T17:00:26.956+0000][1][gc,age       ] GC(101) Age table with threshold 6 (max threshold 6)
[2020-09-11T17:00:26.956+0000][1][gc,age       ] GC(101) - age   1:     290136 bytes,     290136 total
[2020-09-11T17:00:26.956+0000][1][gc,age       ] GC(101) - age   2:      31128 bytes,     321264 total
[2020-09-11T17:00:26.956+0000][1][gc,age       ] GC(101) - age   3:      45904 bytes,     367168 total
[2020-09-11T17:00:26.961+0000][1][gc,age       ] GC(101) - age   4:      50432 bytes,     417600 total
[2020-09-11T17:00:26.961+0000][1][gc,age       ] GC(101) - age   5:      24512 bytes,     442112 total
[2020-09-11T17:00:26.961+0000][1][gc,heap      ] GC(101) ParNew: 68432K->539K(76672K)
[2020-09-11T17:00:26.961+0000][1][gc,heap      ] GC(101) CMS: 110913K->110913K(439104K)
[2020-09-11T17:00:26.961+0000][1][gc,metaspace ] GC(101) Metaspace: 92693K->92693K(1134592K)
[2020-09-11T17:00:26.961+0000][1][gc           ] GC(101) Pause Young (Allocation Failure) 175M->108M(503M) 19.265ms
[2020-09-11T17:00:26.961+0000][1][gc,cpu       ] GC(101) User=0.01s Sys=0.00s Real=0.02s
[2020-09-11T17:00:26.983+0000][1][safepoint    ] Safepoint "GenCollectForAllocation", Time since last: 90334787 ns, Reaching safepoint: 280074 ns, At safepoint: 41242198 ns, Total: 41522272 ns
[2020-09-11T17:00:27.014+0000][1][safepoint    ] Safepoint "Deoptimize", Time since last: 28613421 ns, Reaching safepoint: 1354175 ns, At safepoint: 1144669 ns, Total: 2498844 ns
[2020-09-11T17:00:27.098+0000][1][safepoint    ] Safepoint "RevokeBias", Time since last: 82783745 ns, Reaching safepoint: 1061350 ns, At safepoint: 24761 ns, Total: 1086111 ns
[2020-09-11T17:00:27.158+0000][1][safepoint    ] Safepoint "RevokeBias", Time since last: 59842024 ns, Reaching safepoint: 180344 ns, At safepoint: 264471 ns, Total: 444815 ns
[2020-09-11T17:00:27.347+0000][1][safepoint    ] Safepoint "RevokeBias", Time since last: 189132532 ns, Reaching safepoint: 166704 ns, At safepoint: 20484 ns, Total: 187188 ns
[2020-09-11T17:00:27.444+0000][1][safepoint    ] Safepoint "RevokeBias", Time since last: 95667750 ns, Reaching safepoint: 235081 ns, At safepoint: 301920 ns, Total: 537001 ns
[2020-09-11T17:00:27.569+0000][1][safepoint    ] Safepoint "RevokeBias", Time since last: 125087426 ns, Reaching safepoint: 89383 ns, At safepoint: 20127 ns, Total: 109510 ns
[2020-09-11T17:00:28.569+0000][1][safepoint    ] Safepoint "Cleanup", Time since last: 1000114834 ns, Reaching safepoint: 102658 ns, At safepoint: 9346 ns, Total: 112004 ns
[2020-09-11T17:00:29.467+0000][1][safepoint    ] Safepoint "RevokeBias", Time since last: 897376639 ns, Reaching safepoint: 102157 ns, At safepoint: 22233 ns, Total: 124390 ns
[2020-09-11T17:00:30.467+0000][1][safepoint    ] Safepoint "Cleanup", Time since last: 1000109847 ns, Reaching safepoint: 86511 ns, At safepoint: 7231 ns, Total: 93742 ns
[2020-09-11T17:00:31.467+0000][1][safepoint    ] Safepoint "Cleanup", Time since last: 1000118847 ns, Reaching safepoint: 103692 ns, At safepoint: 8661 ns, Total: 112353 ns
[2020-09-11T17:00:32.248+0000][1][safepoint    ] Safepoint "RevokeBias", Time since last: 778104810 ns, Reaching safepoint: 2811443 ns, At safepoint: 326914 ns, Total: 3138357 ns
[2020-09-11T17:00:32.920+0000][1][safepoint    ] Safepoint "RevokeBias", Time since last: 670978011 ns, Reaching safepoint: 224311 ns, At safepoint: 331322 ns, Total: 555633 ns
[2020-09-11T17:00:33.920+0000][1][safepoint    ] Safepoint "Cleanup", Time since last: 1000118205 ns, Reaching safepoint: 122887 ns, At safepoint: 10155 ns, Total: 133042 ns
[2020-09-11T17:00:34.855+0000][1][safepoint    ] Safepoint "RevokeBias", Time since last: 934965295 ns, Reaching safepoint: 174977 ns, At safepoint: 23894 ns, Total: 198871 ns
[2020-09-11T17:00:35.856+0000][1][safepoint    ] Safepoint "Cleanup", Time since last: 1000175461 ns, Reaching safepoint: 167978 ns, At safepoint: 19071 ns, Total: 187049 ns
[2020-09-11T17:00:36.856+0000][1][safepoint    ] Safepoint "Cleanup", Time since last: 1000164370 ns, Reaching safepoint: 101901 ns, At safepoint: 10447 ns, Total: 112348 ns
[2020-09-11T17:00:37.237+0000][1][safepoint    ] Safepoint "RevokeBias", Time since last: 379616350 ns, Reaching safepoint: 1412132 ns, At safepoint: 24947 ns, Total: 1437079 ns
[2020-09-11T17:00:37.239+0000][1][safepoint    ] Safepoint "RevokeBias", Time since last: 454920 ns, Reaching safepoint: 1104044 ns, At safepoint: 17648 ns, Total: 1121692 ns
[2020-09-11T17:00:37.241+0000][1][safepoint    ] Safepoint "RevokeBias", Time since last: 758401 ns, Reaching safepoint: 1616559 ns, At safepoint: 22712 ns, Total: 1639271 ns
[2020-09-11T17:00:37.244+0000][1][safepoint    ] Safepoint "RevokeBias", Time since last: 875629 ns, Reaching safepoint: 1789380 ns, At safepoint: 19959 ns, Total: 1809339 ns
[2020-09-11T17:00:37.244+0000][1][safepoint    ] Safepoint "RevokeBias", Time since last: 179751 ns, Reaching safepoint: 129480 ns, At safepoint: 13282 ns, Total: 142762 ns
[2020-09-11T17:00:37.370+0000][1][safepoint    ] Safepoint "RevokeBias", Time since last: 125709987 ns, Reaching safepoint: 96567 ns, At safepoint: 25530 ns, Total: 122097 ns
[2020-09-11T17:00:37.393+0000][1][safepoint    ] Safepoint "RevokeBias", Time since last: 23228001 ns, Reaching safepoint: 96385 ns, At safepoint: 22658 ns, Total: 119043 ns
[2020-09-11T17:00:37.959+0000][1][safepoint    ] Safepoint "RevokeBias", Time since last: 565221480 ns, Reaching safepoint: 237320 ns, At safepoint: 324680 ns, Total: 562000 ns
[2020-09-11T17:00:38.959+0000][1][safepoint    ] Safepoint "Cleanup", Time since last: 1000105533 ns, Reaching safepoint: 92581 ns, At safepoint: 9134 ns, Total: 101715 ns
[2020-09-11T17:00:39.489+0000][1][safepoint    ] Safepoint "RevokeBias", Time since last: 530120007 ns, Reaching safepoint: 110959 ns, At safepoint: 23070 ns, Total: 134029 ns
[2020-09-11T17:00:40.490+0000][1][safepoint    ] Safepoint "Cleanup", Time since last: 1000110240 ns, Reaching safepoint: 90859 ns, At safepoint: 8836 ns, Total: 99695 ns
[2020-09-11T17:00:41.490+0000][1][safepoint    ] Safepoint "Cleanup", Time since last: 1000113158 ns, Reaching safepoint: 94209 ns, At safepoint: 8603 ns, Total: 102812 ns
[2020-09-11T17:00:42.426+0000][1][safepoint    ] Safepoint "RevokeBias", Time since last: 936150844 ns, Reaching safepoint: 173028 ns, At safepoint: 23961 ns, Total: 196989 ns
[2020-09-11T17:00:42.995+0000][1][safepoint    ] Safepoint "RevokeBias", Time since last: 567997051 ns, Reaching safepoint: 222915 ns, At safepoint: 294684 ns, Total: 517599 ns
[2020-09-11T17:00:43.995+0000][1][safepoint    ] Safepoint "Cleanup", Time since last: 1000115861 ns, Reaching safepoint: 94629 ns, At safepoint: 7180 ns, Total: 101809 ns
[2020-09-11T17:00:44.811+0000][1][safepoint    ] Safepoint "RevokeBias", Time since last: 816059101 ns, Reaching safepoint: 170678 ns, At safepoint: 21191 ns, Total: 191869 ns
[2020-09-11T17:00:45.811+0000][1][safepoint    ] Safepoint "Cleanup", Time since last: 1000177134 ns, Reaching safepoint: 117322 ns, At safepoint: 7546 ns, Total: 124868 ns
[2020-09-11T17:00:46.716+0000][1][gc,start     ] GC(102) Pause Young (Allocation Failure)
[2020-09-11T17:00:46.716+0000][1][gc,task      ] GC(102) Using 1 workers of 1 for evacuation
[2020-09-11T17:00:46.727+0000][1][gc,age       ] GC(102) Desired survivor size 4358144 bytes, new threshold 6 (max threshold 6)
[2020-09-11T17:00:46.727+0000][1][gc,age       ] GC(102) Age table with threshold 6 (max threshold 6)
[2020-09-11T17:00:46.727+0000][1][gc,age       ] GC(102) - age   1:     428824 bytes,     428824 total
[2020-09-11T17:00:46.727+0000][1][gc,age       ] GC(102) - age   2:      73448 bytes,     502272 total
[2020-09-11T17:00:46.727+0000][1][gc,age       ] GC(102) - age   3:      28520 bytes,     530792 total
[2020-09-11T17:00:46.727+0000][1][gc,age       ] GC(102) - age   4:      28504 bytes,     559296 total
[2020-09-11T17:00:46.727+0000][1][gc,age       ] GC(102) - age   5:      50432 bytes,     609728 total
[2020-09-11T17:00:46.727+0000][1][gc,age       ] GC(102) - age   6:      24512 bytes,     634240 total
[2020-09-11T17:00:46.727+0000][1][gc,heap      ] GC(102) ParNew: 68699K->782K(76672K)
[2020-09-11T17:00:46.727+0000][1][gc,heap      ] GC(102) CMS: 110913K->110913K(439104K)
[2020-09-11T17:00:46.727+0000][1][gc,metaspace ] GC(102) Metaspace: 93367K->93367K(1134592K)
[2020-09-11T17:00:46.727+0000][1][gc           ] GC(102) Pause Young (Allocation Failure) 175M->109M(503M) 10.568ms
[2020-09-11T17:00:46.727+0000][1][gc,cpu       ] GC(102) User=0.00s Sys=0.00s Real=0.01s
[2020-09-11T17:00:46.729+0000][1][safepoint    ] Safepoint "GenCollectForAllocation", Time since last: 904702620 ns, Reaching safepoint: 161764 ns, At safepoint: 12523826 ns, Total: 12685590 ns
[2020-09-11T17:00:47.403+0000][1][safepoint    ] Safepoint "RevokeBias", Time since last: 674443967 ns, Reaching safepoint: 181312 ns, At safepoint: 24293 ns, Total: 205605 ns
[2020-09-11T17:00:47.480+0000][1][safepoint    ] Safepoint "RevokeBias", Time since last: 76181462 ns, Reaching safepoint: 98983 ns, At safepoint: 23667 ns, Total: 122650 ns
[2020-09-11T17:00:48.032+0000][1][safepoint    ] Safepoint "RevokeBias", Time since last: 551468591 ns, Reaching safepoint: 215321 ns, At safepoint: 302637 ns, Total: 517958 ns
[2020-09-11T17:00:49.440+0000][1][safepoint    ] Safepoint "RevokeBias", Time since last: 1407627641 ns, Reaching safepoint: 238931 ns, At safepoint: 22859 ns, Total: 261790 ns
[2020-09-11T17:00:51.440+0000][1][safepoint    ] Safepoint "Cleanup", Time since last: 2000254132 ns, Reaching safepoint: 90689 ns, At safepoint: 7702 ns, Total: 98391 ns
[2020-09-11T17:00:52.440+0000][1][safepoint    ] Safepoint "Cleanup", Time since last: 1000174315 ns, Reaching safepoint: 172205 ns, At safepoint: 19144 ns, Total: 191349 ns
[2020-09-11T17:00:52.548+0000][1][safepoint    ] Safepoint "RevokeBias", Time since last: 107078102 ns, Reaching safepoint: 95450 ns, At safepoint: 26909 ns, Total: 122359 ns
[2020-09-11T17:00:53.090+0000][1][safepoint    ] Safepoint "RevokeBias", Time since last: 541754716 ns, Reaching safepoint: 227131 ns, At safepoint: 333159 ns, Total: 560290 ns
[2020-09-11T17:00:54.822+0000][1][safepoint    ] Safepoint "RevokeBias", Time since last: 1731931615 ns, Reaching safepoint: 280493 ns, At safepoint: 50279 ns, Total: 330772 ns
[2020-09-11T17:00:55.822+0000][1][safepoint    ] Safepoint "Cleanup", Time since last: 1000216467 ns, Reaching safepoint: 115167 ns, At safepoint: 7822 ns, Total: 122989 ns
[2020-09-11T17:00:56.823+0000][1][safepoint    ] Safepoint "Cleanup", Time since last: 1000113825 ns, Reaching safepoint: 296009 ns, At safepoint: 24292 ns, Total: 320301 ns
[2020-09-11T17:00:57.322+0000][1][safepoint    ] Safepoint "RevokeBias", Time since last: 499429458 ns, Reaching safepoint: 112547 ns, At safepoint: 23691 ns, Total: 136238 ns
[2020-09-11T17:00:57.586+0000][1][safepoint    ] Safepoint "RevokeBias", Time since last: 263844251 ns, Reaching safepoint: 169386 ns, At safepoint: 23155 ns, Total: 192541 ns
[2020-09-11T17:00:58.117+0000][1][safepoint    ] Safepoint "RevokeBias", Time since last: 528276178 ns, Reaching safepoint: 2145499 ns, At safepoint: 324652 ns, Total: 2470151 ns
[2020-09-11T17:00:59.447+0000][1][safepoint    ] Safepoint "RevokeBias", Time since last: 1329453129 ns, Reaching safepoint: 111236 ns, At safepoint: 22493 ns, Total: 133729 ns
[2020-09-11T17:01:02.447+0000][1][safepoint    ] Safepoint "Cleanup", Time since last: 3000425575 ns, Reaching safepoint: 187209 ns, At safepoint: 21356 ns, Total: 208565 ns
[2020-09-11T17:01:02.645+0000][1][safepoint    ] Safepoint "RevokeBias", Time since last: 191533848 ns, Reaching safepoint: 6168881 ns, At safepoint: 334166 ns, Total: 6503047 ns
[2020-09-11T17:01:03.153+0000][1][safepoint    ] Safepoint "BulkRevokeBias", Time since last: 506690476 ns, Reaching safepoint: 420479 ns, At safepoint: 549225 ns, Total: 969704 ns
[2020-09-11T17:01:04.671+0000][1][gc,start     ] GC(103) Pause Young (Allocation Failure)
[2020-09-11T17:01:04.677+0000][1][gc,task      ] GC(103) Using 1 workers of 1 for evacuation
[2020-09-11T17:01:04.683+0000][1][gc,age       ] GC(103) Desired survivor size 4358144 bytes, new threshold 6 (max threshold 6)
[2020-09-11T17:01:04.683+0000][1][gc,age       ] GC(103) Age table with threshold 6 (max threshold 6)
[2020-09-11T17:01:04.683+0000][1][gc,age       ] GC(103) - age   1:     185144 bytes,     185144 total
[2020-09-11T17:01:04.683+0000][1][gc,age       ] GC(103) - age   2:     285120 bytes,     470264 total
[2020-09-11T17:01:04.683+0000][1][gc,age       ] GC(103) - age   3:      69200 bytes,     539464 total
[2020-09-11T17:01:04.683+0000][1][gc,age       ] GC(103) - age   4:      26504 bytes,     565968 total
[2020-09-11T17:01:04.683+0000][1][gc,age       ] GC(103) - age   5:      28504 bytes,     594472 total
[2020-09-11T17:01:04.683+0000][1][gc,age       ] GC(103) - age   6:      50432 bytes,     644904 total
[2020-09-11T17:01:04.683+0000][1][gc,heap      ] GC(103) ParNew: 68942K->1124K(76672K)
[2020-09-11T17:01:04.683+0000][1][gc,heap      ] GC(103) CMS: 110913K->110937K(439104K)
[2020-09-11T17:01:04.683+0000][1][gc,metaspace ] GC(103) Metaspace: 93416K->93416K(1134592K)
[2020-09-11T17:01:04.683+0000][1][gc           ] GC(103) Pause Young (Allocation Failure) 175M->109M(503M) 11.864ms
[2020-09-11T17:01:04.683+0000][1][gc,cpu       ] GC(103) User=0.01s Sys=0.00s Real=0.02s
[2020-09-11T17:01:04.684+0000][1][safepoint    ] Safepoint "GenCollectForAllocation", Time since last: 1515649491 ns, Reaching safepoint: 2460684 ns, At safepoint: 12494695 ns, Total: 14955379 ns
[2020-09-11T17:01:04.807+0000][1][safepoint    ] Safepoint "RevokeBias", Time since last: 123258381 ns, Reaching safepoint: 98268 ns, At safepoint: 34562 ns, Total: 132830 ns
[2020-09-11T17:01:05.810+0000][1][safepoint    ] Safepoint "Cleanup", Time since last: 1002756908 ns, Reaching safepoint: 182071 ns, At safepoint: 19448 ns, Total: 201519 ns
[2020-09-11T17:01:07.388+0000][1][safepoint    ] Safepoint "RevokeBias", Time since last: 1577285643 ns, Reaching safepoint: 103565 ns, At safepoint: 22779 ns, Total: 126344 ns
[2020-09-11T17:01:07.683+0000][1][safepoint    ] Safepoint "RevokeBias", Time since last: 294993166 ns, Reaching safepoint: 187988 ns, At safepoint: 29208 ns, Total: 217196 ns
[2020-09-11T17:01:08.197+0000][1][safepoint    ] Safepoint "RevokeBias", Time since last: 512945103 ns, Reaching safepoint: 1242292 ns, At safepoint: 406927 ns, Total: 1649219 ns
[2020-09-11T17:01:09.198+0000][1][safepoint    ] Safepoint "Cleanup", Time since last: 1000164633 ns, Reaching safepoint: 171610 ns, At safepoint: 20140 ns, Total: 191750 ns
[2020-09-11T17:01:09.455+0000][1][safepoint    ] Safepoint "RevokeBias", Time since last: 256835134 ns, Reaching safepoint: 109268 ns, At safepoint: 27927 ns, Total: 137195 ns
[2020-09-11T17:01:12.723+0000][1][safepoint    ] Safepoint "RevokeBias", Time since last: 3266474206 ns, Reaching safepoint: 1412599 ns, At safepoint: 27578 ns, Total: 1440177 ns
[2020-09-11T17:01:13.228+0000][1][safepoint    ] Safepoint "RevokeBias", Time since last: 504754692 ns, Reaching safepoint: 224388 ns, At safepoint: 346686 ns, Total: 571074 ns
[2020-09-11T17:01:14.957+0000][1][safepoint    ] Safepoint "RevokeBias", Time since last: 1728753472 ns, Reaching safepoint: 298121 ns, At safepoint: 51170 ns, Total: 349291 ns
[2020-09-11T17:01:17.242+0000][1][safepoint    ] Safepoint "RevokeBias", Time since last: 2284774588 ns, Reaching safepoint: 174723 ns, At safepoint: 23044 ns, Total: 197767 ns
[2020-09-11T17:01:17.242+0000][1][safepoint    ] Safepoint "RevokeBias", Time since last: 229479 ns, Reaching safepoint: 125774 ns, At safepoint: 13403 ns, Total: 139177 ns
[2020-09-11T17:01:17.537+0000][1][safepoint    ] Safepoint "BulkRevokeBias", Time since last: 294662345 ns, Reaching safepoint: 177199 ns, At safepoint: 255319 ns, Total: 432518 ns
[2020-09-11T17:01:17.778+0000][1][safepoint    ] Safepoint "RevokeBias", Time since last: 240157952 ns, Reaching safepoint: 95454 ns, At safepoint: 21375 ns, Total: 116829 ns
[2020-09-11T17:01:18.259+0000][1][safepoint    ] Safepoint "RevokeBias", Time since last: 480260763 ns, Reaching safepoint: 312123 ns, At safepoint: 297021 ns, Total: 609144 ns
[2020-09-11T17:01:19.511+0000][1][safepoint    ] Safepoint "RevokeBias", Time since last: 1252488497 ns, Reaching safepoint: 300917 ns, At safepoint: 50422 ns, Total: 351339 ns
[2020-09-11T17:01:21.512+0000][1][safepoint    ] Safepoint "Cleanup", Time since last: 2000373460 ns, Reaching safepoint: 171333 ns, At safepoint: 19234 ns, Total: 190567 ns
[2020-09-11T17:01:22.814+0000][1][safepoint    ] Safepoint "RevokeBias", Time since last: 1301069920 ns, Reaching safepoint: 735085 ns, At safepoint: 287928 ns, Total: 1023013 ns
[2020-09-11T17:01:23.287+0000][1][safepoint    ] Safepoint "RevokeBias", Time since last: 472578697 ns, Reaching safepoint: 357919 ns, At safepoint: 349032 ns, Total: 706951 ns
[2020-09-11T17:01:24.288+0000][1][safepoint    ] Safepoint "Cleanup", Time since last: 1000175521 ns, Reaching safepoint: 176192 ns, At safepoint: 21319 ns, Total: 197511 ns
[2020-09-11T17:01:24.805+0000][1][safepoint    ] Safepoint "RevokeBias", Time since last: 517621088 ns, Reaching safepoint: 124924 ns, At safepoint: 23786 ns, Total: 148710 ns
[2020-09-11T17:01:25.806+0000][1][safepoint    ] Safepoint "Cleanup", Time since last: 1000159337 ns, Reaching safepoint: 153002 ns, At safepoint: 18244 ns, Total: 171246 ns
[2020-09-11T17:01:26.808+0000][1][safepoint    ] Safepoint "Cleanup", Time since last: 1000223660 ns, Reaching safepoint: 1852243 ns, At safepoint: 11596 ns, Total: 1863839 ns
[2020-09-11T17:01:26.956+0000][1][gc,start     ] GC(104) Pause Young (Allocation Failure)
[2020-09-11T17:01:26.956+0000][1][gc,task      ] GC(104) Using 1 workers of 1 for evacuation
[2020-09-11T17:01:26.975+0000][1][gc,age       ] GC(104) Desired survivor size 4358144 bytes, new threshold 6 (max threshold 6)
[2020-09-11T17:01:26.975+0000][1][gc,age       ] GC(104) Age table with threshold 6 (max threshold 6)
[2020-09-11T17:01:26.975+0000][1][gc,age       ] GC(104) - age   1:     284192 bytes,     284192 total
[2020-09-11T17:01:26.975+0000][1][gc,age       ] GC(104) - age   2:      32408 bytes,     316600 total
[2020-09-11T17:01:26.975+0000][1][gc,age       ] GC(104) - age   3:     278784 bytes,     595384 total
[2020-09-11T17:01:26.975+0000][1][gc,age       ] GC(104) - age   4:      66112 bytes,     661496 total
[2020-09-11T17:01:26.975+0000][1][gc,age       ] GC(104) - age   5:      26312 bytes,     687808 total
[2020-09-11T17:01:26.975+0000][1][gc,age       ] GC(104) - age   6:      28088 bytes,     715896 total
[2020-09-11T17:01:26.975+0000][1][gc,heap      ] GC(104) ParNew: 69284K->753K(76672K)
[2020-09-11T17:01:26.975+0000][1][gc,heap      ] GC(104) CMS: 110937K->110986K(439104K)
[2020-09-11T17:01:26.975+0000][1][gc,metaspace ] GC(104) Metaspace: 93476K->93476K(1134592K)
[2020-09-11T17:01:26.975+0000][1][gc           ] GC(104) Pause Young (Allocation Failure) 175M->109M(503M) 18.984ms
[2020-09-11T17:01:26.975+0000][1][gc,cpu       ] GC(104) User=0.00s Sys=0.00s Real=0.02s
[2020-09-11T17:01:26.985+0000][1][safepoint    ] Safepoint "GenCollectForAllocation", Time since last: 147772006 ns, Reaching safepoint: 165624 ns, At safepoint: 28927878 ns, Total: 29093502 ns
[2020-09-11T17:01:27.420+0000][1][safepoint    ] Safepoint "RevokeBias", Time since last: 434888565 ns, Reaching safepoint: 101994 ns, At safepoint: 21600 ns, Total: 123594 ns
[2020-09-11T17:01:27.843+0000][1][safepoint    ] Safepoint "RevokeBias", Time since last: 422778537 ns, Reaching safepoint: 168946 ns, At safepoint: 23472 ns, Total: 192418 ns
[2020-09-11T17:01:28.365+0000][1][safepoint    ] Safepoint "RevokeBias", Time since last: 522001805 ns, Reaching safepoint: 214082 ns, At safepoint: 302461 ns, Total: 516543 ns
[2020-09-11T17:01:29.540+0000][1][safepoint    ] Safepoint "RevokeBias", Time since last: 1174542433 ns, Reaching safepoint: 93308 ns, At safepoint: 22627 ns, Total: 115935 ns
[2020-09-11T17:01:30.540+0000][1][safepoint    ] Safepoint "Cleanup", Time since last: 1000191055 ns, Reaching safepoint: 122165 ns, At safepoint: 7776 ns, Total: 129941 ns
[2020-09-11T17:01:32.541+0000][1][safepoint    ] Safepoint "Cleanup", Time since last: 2000248729 ns, Reaching safepoint: 171951 ns, At safepoint: 19398 ns, Total: 191349 ns
[2020-09-11T17:01:32.913+0000][1][safepoint    ] Safepoint "RevokeBias", Time since last: 371627574 ns, Reaching safepoint: 217468 ns, At safepoint: 310428 ns, Total: 527896 ns
[2020-09-11T17:01:33.394+0000][1][safepoint    ] Safepoint "RevokeBias", Time since last: 480898249 ns, Reaching safepoint: 213407 ns, At safepoint: 299216 ns, Total: 512623 ns
[2020-09-11T17:01:34.821+0000][1][safepoint    ] Safepoint "RevokeBias", Time since last: 1426590653 ns, Reaching safepoint: 166302 ns, At safepoint: 23854 ns, Total: 190156 ns
[2020-09-11T17:01:36.821+0000][1][safepoint    ] Safepoint "Cleanup", Time since last: 2000243776 ns, Reaching safepoint: 159833 ns, At safepoint: 18543 ns, Total: 178376 ns
[2020-09-11T17:01:37.206+0000][1][safepoint    ] Safepoint "RevokeBias", Time since last: 383957492 ns, Reaching safepoint: 94214 ns, At safepoint: 23412 ns, Total: 117626 ns
[2020-09-11T17:01:37.938+0000][1][safepoint    ] Safepoint "RevokeBias", Time since last: 732559313 ns, Reaching safepoint: 89849 ns, At safepoint: 22288 ns, Total: 112137 ns
[2020-09-11T17:01:38.412+0000][1][safepoint    ] Safepoint "RevokeBias", Time since last: 473758344 ns, Reaching safepoint: 206799 ns, At safepoint: 304831 ns, Total: 511630 ns
[2020-09-11T17:01:39.413+0000][1][safepoint    ] Safepoint "Cleanup", Time since last: 1000116440 ns, Reaching safepoint: 242251 ns, At safepoint: 8612 ns, Total: 250863 ns
[2020-09-11T17:01:39.439+0000][1][safepoint    ] Safepoint "RevokeBias", Time since last: 26237876 ns, Reaching safepoint: 100006 ns, At safepoint: 23601 ns, Total: 123607 ns
[2020-09-11T17:01:40.440+0000][1][safepoint    ] Safepoint "Cleanup", Time since last: 1000168911 ns, Reaching safepoint: 120662 ns, At safepoint: 7323 ns, Total: 127985 ns
[2020-09-11T17:01:42.964+0000][1][safepoint    ] Safepoint "RevokeBias", Time since last: 2522018731 ns, Reaching safepoint: 1758010 ns, At safepoint: 279635 ns, Total: 2037645 ns
[2020-09-11T17:01:43.443+0000][1][safepoint    ] Safepoint "RevokeBias", Time since last: 478684493 ns, Reaching safepoint: 498730 ns, At safepoint: 345162 ns, Total: 843892 ns
[2020-09-11T17:01:44.848+0000][1][safepoint    ] Safepoint "RevokeBias", Time since last: 1404976740 ns, Reaching safepoint: 168125 ns, At safepoint: 23481 ns, Total: 191606 ns
[2020-09-11T17:01:47.090+0000][1][gc,start     ] GC(105) Pause Young (Allocation Failure)
[2020-09-11T17:01:47.090+0000][1][gc,task      ] GC(105) Using 1 workers of 1 for evacuation
[2020-09-11T17:01:47.101+0000][1][gc,age       ] GC(105) Desired survivor size 4358144 bytes, new threshold 6 (max threshold 6)
[2020-09-11T17:01:47.101+0000][1][gc,age       ] GC(105) Age table with threshold 6 (max threshold 6)
[2020-09-11T17:01:47.101+0000][1][gc,age       ] GC(105) - age   1:     255648 bytes,     255648 total
[2020-09-11T17:01:47.101+0000][1][gc,age       ] GC(105) - age   2:     100720 bytes,     356368 total
[2020-09-11T17:01:47.101+0000][1][gc,age       ] GC(105) - age   3:      27344 bytes,     383712 total
[2020-09-11T17:01:47.101+0000][1][gc,age       ] GC(105) - age   4:     255584 bytes,     639296 total
[2020-09-11T17:01:47.101+0000][1][gc,age       ] GC(105) - age   5:      66112 bytes,     705408 total
[2020-09-11T17:01:47.101+0000][1][gc,age       ] GC(105) - age   6:      26312 bytes,     731720 total
[2020-09-11T17:01:47.101+0000][1][gc,heap      ] GC(105) ParNew: 68896K->1237K(76672K)
[2020-09-11T17:01:47.101+0000][1][gc,heap      ] GC(105) CMS: 110986K->111013K(439104K)
[2020-09-11T17:01:47.101+0000][1][gc,metaspace ] GC(105) Metaspace: 93534K->93534K(1134592K)
[2020-09-11T17:01:47.101+0000][1][gc           ] GC(105) Pause Young (Allocation Failure) 175M->109M(503M) 10.945ms
[2020-09-11T17:01:47.101+0000][1][gc,cpu       ] GC(105) User=0.00s Sys=0.00s Real=0.02s
[2020-09-11T17:01:47.101+0000][1][safepoint    ] Safepoint "GenCollectForAllocation", Time since last: 2241810221 ns, Reaching safepoint: 85521 ns, At safepoint: 11014903 ns, Total: 11100424 ns
[2020-09-11T17:01:47.294+0000][1][safepoint    ] Safepoint "RevokeBias", Time since last: 192926898 ns, Reaching safepoint: 181131 ns, At safepoint: 23564 ns, Total: 204695 ns
[2020-09-11T17:01:47.989+0000][1][safepoint    ] Safepoint "RevokeBias", Time since last: 693479616 ns, Reaching safepoint: 1064585 ns, At safepoint: 24463 ns, Total: 1089048 ns
[2020-09-11T17:01:48.479+0000][1][safepoint    ] Safepoint "RevokeBias", Time since last: 489114409 ns, Reaching safepoint: 235272 ns, At safepoint: 311775 ns, Total: 547047 ns
[2020-09-11T17:01:49.434+0000][1][safepoint    ] Safepoint "RevokeBias", Time since last: 955438776 ns, Reaching safepoint: 98220 ns, At safepoint: 22603 ns, Total: 120823 ns
[2020-09-11T17:01:52.435+0000][1][safepoint    ] Safepoint "Cleanup", Time since last: 3000373797 ns, Reaching safepoint: 193618 ns, At safepoint: 16514 ns, Total: 210132 ns
[2020-09-11T17:01:53.035+0000][1][safepoint    ] Safepoint "RevokeBias", Time since last: 600314051 ns, Reaching safepoint: 92992 ns, At safepoint: 21250 ns, Total: 114242 ns
[2020-09-11T17:01:53.514+0000][1][safepoint    ] Safepoint "RevokeBias", Time since last: 478038609 ns, Reaching safepoint: 204759 ns, At safepoint: 304265 ns, Total: 509024 ns
[2020-09-11T17:01:54.819+0000][1][safepoint    ] Safepoint "RevokeBias", Time since last: 1305567205 ns, Reaching safepoint: 194796 ns, At safepoint: 31361 ns, Total: 226157 ns
[2020-09-11T17:01:55.820+0000][1][safepoint    ] Safepoint "Cleanup", Time since last: 1000186647 ns, Reaching safepoint: 111778 ns, At safepoint: 7945 ns, Total: 119723 ns
[2020-09-11T17:01:57.189+0000][1][safepoint    ] Safepoint "RevokeBias", Time since last: 1369315617 ns, Reaching safepoint: 99556 ns, At safepoint: 23175 ns, Total: 122731 ns
[2020-09-11T17:01:58.067+0000][1][safepoint    ] Safepoint "RevokeBias", Time since last: 878009423 ns, Reaching safepoint: 96523 ns, At safepoint: 22784 ns, Total: 119307 ns
[2020-09-11T17:01:58.533+0000][1][safepoint    ] Safepoint "RevokeBias", Time since last: 465209082 ns, Reaching safepoint: 235654 ns, At safepoint: 303951 ns, Total: 539605 ns
[2020-09-11T17:01:59.441+0000][1][safepoint    ] Safepoint "RevokeBias", Time since last: 907332374 ns, Reaching safepoint: 127716 ns, At safepoint: 28558 ns, Total: 156274 ns
[2020-09-11T17:02:03.091+0000][1][safepoint    ] Safepoint "RevokeBias", Time since last: 3649304796 ns, Reaching safepoint: 672956 ns, At safepoint: 309381 ns, Total: 982337 ns
[2020-09-11T17:02:03.557+0000][1][safepoint    ] Safepoint "RevokeBias", Time since last: 465407317 ns, Reaching safepoint: 331553 ns, At safepoint: 325187 ns, Total: 656740 ns
[2020-09-11T17:02:04.800+0000][1][safepoint    ] Safepoint "RevokeBias", Time since last: 1243384386 ns, Reaching safepoint: 167918 ns, At safepoint: 23390 ns, Total: 191308 ns
[2020-09-11T17:02:06.801+0000][1][safepoint    ] Safepoint "Cleanup", Time since last: 2000343053 ns, Reaching safepoint: 167194 ns, At safepoint: 18168 ns, Total: 185362 ns
[2020-09-11T17:02:06.981+0000][1][gc,start     ] GC(106) Pause Young (Allocation Failure)
[2020-09-11T17:02:06.981+0000][1][gc,task      ] GC(106) Using 1 workers of 1 for evacuation
[2020-09-11T17:02:06.992+0000][1][gc,age       ] GC(106) Desired survivor size 4358144 bytes, new threshold 6 (max threshold 6)
[2020-09-11T17:02:06.992+0000][1][gc,age       ] GC(106) Age table with threshold 6 (max threshold 6)
[2020-09-11T17:02:06.992+0000][1][gc,age       ] GC(106) - age   1:     223104 bytes,     223104 total
[2020-09-11T17:02:06.992+0000][1][gc,age       ] GC(106) - age   2:     103776 bytes,     326880 total
[2020-09-11T17:02:06.992+0000][1][gc,age       ] GC(106) - age   3:      97472 bytes,     424352 total
[2020-09-11T17:02:06.992+0000][1][gc,age       ] GC(106) - age   4:      24728 bytes,     449080 total
[2020-09-11T17:02:06.992+0000][1][gc,age       ] GC(106) - age   5:     255584 bytes,     704664 total
[2020-09-11T17:02:06.992+0000][1][gc,age       ] GC(106) - age   6:      62000 bytes,     766664 total
[2020-09-11T17:02:06.992+0000][1][gc,heap      ] GC(106) ParNew: 69397K->845K(76672K)
[2020-09-11T17:02:06.992+0000][1][gc,heap      ] GC(106) CMS: 111013K->111037K(439104K)
[2020-09-11T17:02:06.992+0000][1][gc,metaspace ] GC(106) Metaspace: 93594K->93594K(1134592K)
[2020-09-11T17:02:06.992+0000][1][gc           ] GC(106) Pause Young (Allocation Failure) 176M->109M(503M) 11.477ms
[2020-09-11T17:02:06.992+0000][1][gc,cpu       ] GC(106) User=0.00s Sys=0.00s Real=0.00s
[2020-09-11T17:02:07.000+0000][1][safepoint    ] Safepoint "GenCollectForAllocation", Time since last: 177287659 ns, Reaching safepoint: 2537000 ns, At safepoint: 19405265 ns, Total: 21942265 ns
[2020-09-11T17:02:07.247+0000][1][safepoint    ] Safepoint "RevokeBias", Time since last: 246301084 ns, Reaching safepoint: 134696 ns, At safepoint: 26530 ns, Total: 161226 ns
[2020-09-11T17:02:08.121+0000][1][safepoint    ] Safepoint "RevokeBias", Time since last: 871115959 ns, Reaching safepoint: 3050340 ns, At safepoint: 31686 ns, Total: 3082026 ns
[2020-09-11T17:02:08.583+0000][1][safepoint    ] Safepoint "RevokeBias", Time since last: 461771856 ns, Reaching safepoint: 312363 ns, At safepoint: 310253 ns, Total: 622616 ns
[2020-09-11T17:02:09.466+0000][1][safepoint    ] Safepoint "RevokeBias", Time since last: 883011935 ns, Reaching safepoint: 94300 ns, At safepoint: 25555 ns, Total: 119855 ns
[2020-09-11T17:02:13.147+0000][1][safepoint    ] Safepoint "RevokeBias", Time since last: 3680699390 ns, Reaching safepoint: 163894 ns, At safepoint: 39447 ns, Total: 203341 ns
[2020-09-11T17:02:13.645+0000][1][safepoint    ] Safepoint "RevokeBias", Time since last: 496742400 ns, Reaching safepoint: 214321 ns, At safepoint: 380620 ns, Total: 594941 ns
[2020-09-11T17:02:14.834+0000][1][safepoint    ] Safepoint "RevokeBias", Time since last: 1189377539 ns, Reaching safepoint: 176292 ns, At safepoint: 27134 ns, Total: 203426 ns
[2020-09-11T17:02:17.412+0000][1][safepoint    ] Safepoint "RevokeBias", Time since last: 2577650671 ns, Reaching safepoint: 97338 ns, At safepoint: 23578 ns, Total: 120916 ns
[2020-09-11T17:02:18.209+0000][1][safepoint    ] Safepoint "BulkRevokeBias", Time since last: 795284098 ns, Reaching safepoint: 1557077 ns, At safepoint: 244569 ns, Total: 1801646 ns
[2020-09-11T17:02:18.686+0000][1][safepoint    ] Safepoint "RevokeBias", Time since last: 476769823 ns, Reaching safepoint: 224318 ns, At safepoint: 334976 ns, Total: 559294 ns
[2020-09-11T17:02:19.474+0000][1][safepoint    ] Safepoint "RevokeBias", Time since last: 787032542 ns, Reaching safepoint: 101788 ns, At safepoint: 21885 ns, Total: 123673 ns
[2020-09-11T17:02:20.474+0000][1][safepoint    ] Safepoint "Cleanup", Time since last: 1000116692 ns, Reaching safepoint: 93547 ns, At safepoint: 11936 ns, Total: 105483 ns
[2020-09-11T17:02:23.244+0000][1][safepoint    ] Safepoint "RevokeBias", Time since last: 2770407623 ns, Reaching safepoint: 91696 ns, At safepoint: 21133 ns, Total: 112829 ns
[2020-09-11T17:02:23.749+0000][1][safepoint    ] Safepoint "RevokeBias", Time since last: 504116275 ns, Reaching safepoint: 212714 ns, At safepoint: 330714 ns, Total: 543428 ns
[2020-09-11T17:02:24.824+0000][1][safepoint    ] Safepoint "RevokeBias", Time since last: 1075231145 ns, Reaching safepoint: 207236 ns, At safepoint: 22998 ns, Total: 230234 ns
[2020-09-11T17:02:26.825+0000][1][safepoint    ] Safepoint "Cleanup", Time since last: 2000184297 ns, Reaching safepoint: 118385 ns, At safepoint: 9048 ns, Total: 127433 ns
[2020-09-11T17:02:27.144+0000][1][gc,start     ] GC(107) Pause Young (Allocation Failure)
[2020-09-11T17:02:27.144+0000][1][gc,task      ] GC(107) Using 1 workers of 1 for evacuation
[2020-09-11T17:02:27.162+0000][1][gc,age       ] GC(107) Desired survivor size 4358144 bytes, new threshold 6 (max threshold 6)
[2020-09-11T17:02:27.162+0000][1][gc,age       ] GC(107) Age table with threshold 6 (max threshold 6)
[2020-09-11T17:02:27.162+0000][1][gc,age       ] GC(107) - age   1:     326968 bytes,     326968 total
[2020-09-11T17:02:27.162+0000][1][gc,age       ] GC(107) - age   2:      66208 bytes,     393176 total
[2020-09-11T17:02:27.162+0000][1][gc,age       ] GC(107) - age   3:      70472 bytes,     463648 total
[2020-09-11T17:02:27.162+0000][1][gc,age       ] GC(107) - age   4:      95168 bytes,     558816 total
[2020-09-11T17:02:27.162+0000][1][gc,age       ] GC(107) - age   5:      24728 bytes,     583544 total
[2020-09-11T17:02:27.162+0000][1][gc,age       ] GC(107) - age   6:     254344 bytes,     837888 total
[2020-09-11T17:02:27.162+0000][1][gc,heap      ] GC(107) ParNew: 69005K->1334K(76672K)
[2020-09-11T17:02:27.162+0000][1][gc,heap      ] GC(107) CMS: 111037K->111099K(439104K)
[2020-09-11T17:02:27.162+0000][1][gc,metaspace ] GC(107) Metaspace: 93657K->93657K(1134592K)
[2020-09-11T17:02:27.162+0000][1][gc           ] GC(107) Pause Young (Allocation Failure) 175M->109M(503M) 17.963ms
[2020-09-11T17:02:27.162+0000][1][gc,cpu       ] GC(107) User=0.01s Sys=0.00s Real=0.02s
[2020-09-11T17:02:27.162+0000][1][safepoint    ] Safepoint "GenCollectForAllocation", Time since last: 315552101 ns, Reaching safepoint: 3428071 ns, At safepoint: 18108290 ns, Total: 21536361 ns
[2020-09-11T17:02:27.359+0000][1][safepoint    ] Safepoint "RevokeBias", Time since last: 196891256 ns, Reaching safepoint: 99633 ns, At safepoint: 25928 ns, Total: 125561 ns
[2020-09-11T17:02:28.277+0000][1][safepoint    ] Safepoint "RevokeBias", Time since last: 914795773 ns, Reaching safepoint: 3192641 ns, At safepoint: 29141 ns, Total: 3221782 ns
[2020-09-11T17:02:28.789+0000][1][safepoint    ] Safepoint "RevokeBias", Time since last: 511140203 ns, Reaching safepoint: 248333 ns, At safepoint: 340612 ns, Total: 588945 ns
[2020-09-11T17:02:29.498+0000][1][safepoint    ] Safepoint "RevokeBias", Time since last: 709522334 ns, Reaching safepoint: 96564 ns, At safepoint: 22592 ns, Total: 119156 ns
[2020-09-11T17:02:31.499+0000][1][safepoint    ] Safepoint "Cleanup", Time since last: 2000194928 ns, Reaching safepoint: 90415 ns, At safepoint: 7635 ns, Total: 98050 ns
[2020-09-11T17:02:32.499+0000][1][safepoint    ] Safepoint "Cleanup", Time since last: 1000123404 ns, Reaching safepoint: 81776 ns, At safepoint: 7147 ns, Total: 88923 ns
[2020-09-11T17:02:33.300+0000][1][safepoint    ] Safepoint "RevokeBias", Time since last: 800750543 ns, Reaching safepoint: 170030 ns, At safepoint: 26391 ns, Total: 196421 ns
[2020-09-11T17:02:33.809+0000][1][safepoint    ] Safepoint "RevokeBias", Time since last: 507253216 ns, Reaching safepoint: 1927942 ns, At safepoint: 314819 ns, Total: 2242761 ns
[2020-09-11T17:02:34.809+0000][1][safepoint    ] Safepoint "Cleanup", Time since last: 1000119764 ns, Reaching safepoint: 107510 ns, At safepoint: 7392 ns, Total: 114902 ns
[2020-09-11T17:02:34.811+0000][1][safepoint    ] Safepoint "RevokeBias", Time since last: 1445926 ns, Reaching safepoint: 78313 ns, At safepoint: 21438 ns, Total: 99751 ns
[2020-09-11T17:02:35.811+0000][1][safepoint    ] Safepoint "Cleanup", Time since last: 1000104403 ns, Reaching safepoint: 90198 ns, At safepoint: 10141 ns, Total: 100339 ns
[2020-09-11T17:02:36.811+0000][1][safepoint    ] Safepoint "Cleanup", Time since last: 1000113797 ns, Reaching safepoint: 101600 ns, At safepoint: 7652 ns, Total: 109252 ns
[2020-09-11T17:02:37.480+0000][1][safepoint    ] Safepoint "RevokeBias", Time since last: 667982814 ns, Reaching safepoint: 100776 ns, At safepoint: 21675 ns, Total: 122451 ns
[2020-09-11T17:02:38.339+0000][1][safepoint    ] Safepoint "RevokeBias", Time since last: 858166130 ns, Reaching safepoint: 752715 ns, At safepoint: 274841 ns, Total: 1027556 ns
[2020-09-11T17:02:38.847+0000][1][safepoint    ] Safepoint "RevokeBias", Time since last: 507681453 ns, Reaching safepoint: 237236 ns, At safepoint: 356928 ns, Total: 594164 ns
[2020-09-11T17:02:39.441+0000][1][safepoint    ] Safepoint "RevokeBias", Time since last: 591710736 ns, Reaching safepoint: 2143989 ns, At safepoint: 27313 ns, Total: 2171302 ns
[2020-09-11T17:02:40.441+0000][1][safepoint    ] Safepoint "Cleanup", Time since last: 1000113391 ns, Reaching safepoint: 103939 ns, At safepoint: 7413 ns, Total: 111352 ns
[2020-09-11T17:02:41.441+0000][1][safepoint    ] Safepoint "Cleanup", Time since last: 1000106482 ns, Reaching safepoint: 86154 ns, At safepoint: 9355 ns, Total: 95509 ns
[2020-09-11T17:02:42.442+0000][1][safepoint    ] Safepoint "Cleanup", Time since last: 1000114885 ns, Reaching safepoint: 87802 ns, At safepoint: 7446 ns, Total: 95248 ns
[2020-09-11T17:02:43.386+0000][1][safepoint    ] Safepoint "RevokeBias", Time since last: 944647047 ns, Reaching safepoint: 169604 ns, At safepoint: 27068 ns, Total: 196672 ns
[2020-09-11T17:02:43.890+0000][1][safepoint    ] Safepoint "RevokeBias", Time since last: 502680142 ns, Reaching safepoint: 223060 ns, At safepoint: 334318 ns, Total: 557378 ns
[2020-09-11T17:02:44.890+0000][1][safepoint    ] Safepoint "Cleanup", Time since last: 1000117835 ns, Reaching safepoint: 89760 ns, At safepoint: 7268 ns, Total: 97028 ns
[2020-09-11T17:02:44.903+0000][1][safepoint    ] Safepoint "RevokeBias", Time since last: 12887089 ns, Reaching safepoint: 161658 ns, At safepoint: 23445 ns, Total: 185103 ns
[2020-09-11T17:02:45.903+0000][1][safepoint    ] Safepoint "Cleanup", Time since last: 1000109683 ns, Reaching safepoint: 83638 ns, At safepoint: 7749 ns, Total: 91387 ns
[2020-09-11T17:02:46.903+0000][1][safepoint    ] Safepoint "Cleanup", Time since last: 1000089954 ns, Reaching safepoint: 84540 ns, At safepoint: 8146 ns, Total: 92686 ns
[2020-09-11T17:02:47.385+0000][1][safepoint    ] Safepoint "BulkRevokeBias", Time since last: 481378880 ns, Reaching safepoint: 121817 ns, At safepoint: 228245 ns, Total: 350062 ns
[2020-09-11T17:02:48.385+0000][1][safepoint    ] Safepoint "Cleanup", Time since last: 1000108969 ns, Reaching safepoint: 81440 ns, At safepoint: 6523 ns, Total: 87963 ns
[2020-09-11T17:02:48.440+0000][1][safepoint    ] Safepoint "RevokeBias", Time since last: 54842701 ns, Reaching safepoint: 172977 ns, At safepoint: 23247 ns, Total: 196224 ns
[2020-09-11T17:02:48.925+0000][1][safepoint    ] Safepoint "RevokeBias", Time since last: 484631673 ns, Reaching safepoint: 76808 ns, At safepoint: 21157 ns, Total: 97965 ns
[2020-09-11T17:02:49.263+0000][1][gc,start     ] GC(108) Pause Young (Allocation Failure)
[2020-09-11T17:02:49.263+0000][1][gc,task      ] GC(108) Using 1 workers of 1 for evacuation
[2020-09-11T17:02:49.273+0000][1][gc,age       ] GC(108) Desired survivor size 4358144 bytes, new threshold 6 (max threshold 6)
[2020-09-11T17:02:49.273+0000][1][gc,age       ] GC(108) Age table with threshold 6 (max threshold 6)
[2020-09-11T17:02:49.273+0000][1][gc,age       ] GC(108) - age   1:     304840 bytes,     304840 total
[2020-09-11T17:02:49.273+0000][1][gc,age       ] GC(108) - age   2:      60464 bytes,     365304 total
[2020-09-11T17:02:49.273+0000][1][gc,age       ] GC(108) - age   3:      34928 bytes,     400232 total
[2020-09-11T17:02:49.273+0000][1][gc,age       ] GC(108) - age   4:      37352 bytes,     437584 total
[2020-09-11T17:02:49.273+0000][1][gc,age       ] GC(108) - age   5:      94872 bytes,     532456 total
[2020-09-11T17:02:49.273+0000][1][gc,age       ] GC(108) - age   6:      24728 bytes,     557184 total
[2020-09-11T17:02:49.273+0000][1][gc,heap      ] GC(108) ParNew: 69457K->780K(76672K)
[2020-09-11T17:02:49.273+0000][1][gc,heap      ] GC(108) CMS: 111099K->111351K(439104K)
[2020-09-11T17:02:49.273+0000][1][gc,metaspace ] GC(108) Metaspace: 93710K->93710K(1134592K)
[2020-09-11T17:02:49.273+0000][1][gc           ] GC(108) Pause Young (Allocation Failure) 176M->109M(503M) 10.093ms
[2020-09-11T17:02:49.273+0000][1][gc,cpu       ] GC(108) User=0.01s Sys=0.00s Real=0.01s
[2020-09-11T17:02:49.273+0000][1][safepoint    ] Safepoint "GenCollectForAllocation", Time since last: 337899195 ns, Reaching safepoint: 156933 ns, At safepoint: 10163853 ns, Total: 10320786 ns
[2020-09-11T17:02:49.455+0000][1][safepoint    ] Safepoint "RevokeBias", Time since last: 181848809 ns, Reaching safepoint: 97571 ns, At safepoint: 22002 ns, Total: 119573 ns
[2020-09-11T17:02:50.455+0000][1][safepoint    ] Safepoint "Cleanup", Time since last: 1000116145 ns, Reaching safepoint: 86598 ns, At safepoint: 7789 ns, Total: 94387 ns
[2020-09-11T17:02:51.456+0000][1][safepoint    ] Safepoint "Cleanup", Time since last: 1000121242 ns, Reaching safepoint: 81975 ns, At safepoint: 7499 ns, Total: 89474 ns
[2020-09-11T17:02:52.456+0000][1][safepoint    ] Safepoint "Cleanup", Time since last: 1000116582 ns, Reaching safepoint: 88202 ns, At safepoint: 9810 ns, Total: 98012 ns
[2020-09-11T17:02:53.457+0000][1][safepoint    ] Safepoint "Cleanup", Time since last: 1000777438 ns, Reaching safepoint: 340813 ns, At safepoint: 11312 ns, Total: 352125 ns
[2020-09-11T17:02:53.467+0000][1][safepoint    ] Safepoint "RevokeBias", Time since last: 8234092 ns, Reaching safepoint: 2311598 ns, At safepoint: 26884 ns, Total: 2338482 ns
[2020-09-11T17:02:53.947+0000][1][safepoint    ] Safepoint "RevokeBias", Time since last: 479899029 ns, Reaching safepoint: 76047 ns, At safepoint: 21466 ns, Total: 97513 ns
[2020-09-11T17:02:54.842+0000][1][safepoint    ] Safepoint "RevokeBias", Time since last: 894204550 ns, Reaching safepoint: 93347 ns, At safepoint: 22730 ns, Total: 116077 ns
[2020-09-11T17:02:55.842+0000][1][safepoint    ] Safepoint "Cleanup", Time since last: 1000121703 ns, Reaching safepoint: 99857 ns, At safepoint: 11363 ns, Total: 111220 ns
[2020-09-11T17:02:56.842+0000][1][safepoint    ] Safepoint "Cleanup", Time since last: 1000122599 ns, Reaching safepoint: 82913 ns, At safepoint: 10454 ns, Total: 93367 ns
[2020-09-11T17:02:57.228+0000][1][safepoint    ] Safepoint "RevokeBias", Time since last: 386117618 ns, Reaching safepoint: 95750 ns, At safepoint: 22436 ns, Total: 118186 ns
[2020-09-11T17:02:58.229+0000][1][safepoint    ] Safepoint "Cleanup", Time since last: 1000113757 ns, Reaching safepoint: 103006 ns, At safepoint: 9583 ns, Total: 112589 ns
[2020-09-11T17:02:58.489+0000][1][safepoint    ] Safepoint "RevokeBias", Time since last: 259672555 ns, Reaching safepoint: 173554 ns, At safepoint: 25436 ns, Total: 198990 ns
[2020-09-11T17:02:58.991+0000][1][safepoint    ] Safepoint "RevokeBias", Time since last: 502129386 ns, Reaching safepoint: 214773 ns, At safepoint: 341856 ns, Total: 556629 ns
[2020-09-11T17:02:59.441+0000][1][safepoint    ] Safepoint "RevokeBias", Time since last: 449251238 ns, Reaching safepoint: 93438 ns, At safepoint: 26307 ns, Total: 119745 ns
[2020-09-11T17:03:00.441+0000][1][safepoint    ] Safepoint "Cleanup", Time since last: 1000124338 ns, Reaching safepoint: 84807 ns, At safepoint: 7120 ns, Total: 91927 ns
[2020-09-11T17:03:01.441+0000][1][safepoint    ] Safepoint "Cleanup", Time since last: 1000112609 ns, Reaching safepoint: 84562 ns, At safepoint: 7187 ns, Total: 91749 ns
[2020-09-11T17:03:02.441+0000][1][safepoint    ] Safepoint "Cleanup", Time since last: 1000113007 ns, Reaching safepoint: 89859 ns, At safepoint: 7209 ns, Total: 97068 ns
[2020-09-11T17:03:03.441+0000][1][safepoint    ] Safepoint "Cleanup", Time since last: 1000115585 ns, Reaching safepoint: 85203 ns, At safepoint: 17190 ns, Total: 102393 ns
[2020-09-11T17:03:03.516+0000][1][safepoint    ] Safepoint "RevokeBias", Time since last: 74373175 ns, Reaching safepoint: 171223 ns, At safepoint: 23667 ns, Total: 194890 ns
[2020-09-11T17:03:04.026+0000][1][safepoint    ] Safepoint "RevokeBias", Time since last: 504611066 ns, Reaching safepoint: 4701133 ns, At safepoint: 329636 ns, Total: 5030769 ns
[2020-09-11T17:03:04.837+0000][1][safepoint    ] Safepoint "RevokeBias", Time since last: 811170744 ns, Reaching safepoint: 90130 ns, At safepoint: 21513 ns, Total: 111643 ns
[2020-09-11T17:03:05.837+0000][1][safepoint    ] Safepoint "Cleanup", Time since last: 1000111508 ns, Reaching safepoint: 99800 ns, At safepoint: 11552 ns, Total: 111352 ns
[2020-09-11T17:03:06.837+0000][1][safepoint    ] Safepoint "Cleanup", Time since last: 1000124900 ns, Reaching safepoint: 104210 ns, At safepoint: 9273 ns, Total: 113483 ns
[2020-09-11T17:03:07.189+0000][1][gc,start     ] GC(109) Pause Young (Allocation Failure)
[2020-09-11T17:03:07.189+0000][1][gc,task      ] GC(109) Using 1 workers of 1 for evacuation
[2020-09-11T17:03:07.202+0000][1][gc,age       ] GC(109) Desired survivor size 4358144 bytes, new threshold 6 (max threshold 6)
[2020-09-11T17:03:07.202+0000][1][gc,age       ] GC(109) Age table with threshold 6 (max threshold 6)
[2020-09-11T17:03:07.202+0000][1][gc,age       ] GC(109) - age   1:     115112 bytes,     115112 total
[2020-09-11T17:03:07.202+0000][1][gc,age       ] GC(109) - age   2:     227168 bytes,     342280 total
[2020-09-11T17:03:07.202+0000][1][gc,age       ] GC(109) - age   3:      57384 bytes,     399664 total
[2020-09-11T17:03:07.202+0000][1][gc,age       ] GC(109) - age   4:      33792 bytes,     433456 total
[2020-09-11T17:03:07.202+0000][1][gc,age       ] GC(109) - age   5:      37352 bytes,     470808 total
[2020-09-11T17:03:07.202+0000][1][gc,age       ] GC(109) - age   6:      94872 bytes,     565680 total
[2020-09-11T17:03:07.202+0000][1][gc,heap      ] GC(109) ParNew: 68940K->603K(76672K)
[2020-09-11T17:03:07.202+0000][1][gc,heap      ] GC(109) CMS: 111351K->111375K(439104K)
[2020-09-11T17:03:07.202+0000][1][gc,metaspace ] GC(109) Metaspace: 93740K->93740K(1134592K)
[2020-09-11T17:03:07.202+0000][1][gc           ] GC(109) Pause Young (Allocation Failure) 176M->109M(503M) 13.049ms
[2020-09-11T17:03:07.202+0000][1][gc,cpu       ] GC(109) User=0.01s Sys=0.00s Real=0.02s
[2020-09-11T17:03:07.202+0000][1][safepoint    ] Safepoint "GenCollectForAllocation", Time since last: 350206287 ns, Reaching safepoint: 1320989 ns, At safepoint: 13118388 ns, Total: 14439377 ns
[2020-09-11T17:03:07.401+0000][1][safepoint    ] Safepoint "RevokeBias", Time since last: 198348896 ns, Reaching safepoint: 92044 ns, At safepoint: 21972 ns, Total: 114016 ns
[2020-09-11T17:03:08.402+0000][1][safepoint    ] Safepoint "Cleanup", Time since last: 1000845117 ns, Reaching safepoint: 112148 ns, At safepoint: 11344 ns, Total: 123492 ns
[2020-09-11T17:03:08.542+0000][1][safepoint    ] Safepoint "RevokeBias", Time since last: 140692043 ns, Reaching safepoint: 181086 ns, At safepoint: 28472 ns, Total: 209558 ns
[2020-09-11T17:03:09.072+0000][1][safepoint    ] Safepoint "RevokeBias", Time since last: 528574931 ns, Reaching safepoint: 216197 ns, At safepoint: 340931 ns, Total: 557128 ns
[2020-09-11T17:03:09.440+0000][1][safepoint    ] Safepoint "RevokeBias", Time since last: 367842383 ns, Reaching safepoint: 96630 ns, At safepoint: 26973 ns, Total: 123603 ns
[2020-09-11T17:03:10.440+0000][1][safepoint    ] Safepoint "Cleanup", Time since last: 1000121163 ns, Reaching safepoint: 86035 ns, At safepoint: 11749 ns, Total: 97784 ns
[2020-09-11T17:03:11.440+0000][1][safepoint    ] Safepoint "Cleanup", Time since last: 1000119468 ns, Reaching safepoint: 104054 ns, At safepoint: 8286 ns, Total: 112340 ns
[2020-09-11T17:03:12.440+0000][1][safepoint    ] Safepoint "Cleanup", Time since last: 1000116403 ns, Reaching safepoint: 91567 ns, At safepoint: 12271 ns, Total: 103838 ns
[2020-09-11T17:03:13.440+0000][1][safepoint    ] Safepoint "Cleanup", Time since last: 1000128722 ns, Reaching safepoint: 104540 ns, At safepoint: 12669 ns, Total: 117209 ns
[2020-09-11T17:03:13.573+0000][1][safepoint    ] Safepoint "RevokeBias", Time since last: 132807062 ns, Reaching safepoint: 91746 ns, At safepoint: 25950 ns, Total: 117696 ns
[2020-09-11T17:03:14.102+0000][1][safepoint    ] Safepoint "RevokeBias", Time since last: 528192230 ns, Reaching safepoint: 220680 ns, At safepoint: 351368 ns, Total: 572048 ns
[2020-09-11T17:03:14.810+0000][1][safepoint    ] Safepoint "RevokeBias", Time since last: 707311083 ns, Reaching safepoint: 169997 ns, At safepoint: 25020 ns, Total: 195017 ns
[2020-09-11T17:03:15.810+0000][1][safepoint    ] Safepoint "Cleanup", Time since last: 1000112358 ns, Reaching safepoint: 85228 ns, At safepoint: 10965 ns, Total: 96193 ns
[2020-09-11T17:03:16.810+0000][1][safepoint    ] Safepoint "Cleanup", Time since last: 1000123404 ns, Reaching safepoint: 86300 ns, At safepoint: 10501 ns, Total: 96801 ns
[2020-09-11T17:03:17.322+0000][1][safepoint    ] Safepoint "RevokeBias", Time since last: 511924641 ns, Reaching safepoint: 92696 ns, At safepoint: 22647 ns, Total: 115343 ns
[2020-09-11T17:03:18.322+0000][1][safepoint    ] Safepoint "Cleanup", Time since last: 1000117116 ns, Reaching safepoint: 83391 ns, At safepoint: 11824 ns, Total: 95215 ns
[2020-09-11T17:03:18.614+0000][1][safepoint    ] Safepoint "RevokeBias", Time since last: 291182104 ns, Reaching safepoint: 163763 ns, At safepoint: 25329 ns, Total: 189092 ns
[2020-09-11T17:03:19.133+0000][1][safepoint    ] Safepoint "RevokeBias", Time since last: 519107631 ns, Reaching safepoint: 220593 ns, At safepoint: 305349 ns, Total: 525942 ns
[2020-09-11T17:03:19.471+0000][1][safepoint    ] Safepoint "RevokeBias", Time since last: 337131554 ns, Reaching safepoint: 86165 ns, At safepoint: 23449 ns, Total: 109614 ns
[2020-09-11T17:03:20.471+0000][1][safepoint    ] Safepoint "Cleanup", Time since last: 1000108776 ns, Reaching safepoint: 83945 ns, At safepoint: 10849 ns, Total: 94794 ns
[2020-09-11T17:03:21.471+0000][1][safepoint    ] Safepoint "Cleanup", Time since last: 1000110441 ns, Reaching safepoint: 82412 ns, At safepoint: 9545 ns, Total: 91957 ns
[2020-09-11T17:03:22.471+0000][1][safepoint    ] Safepoint "Cleanup", Time since last: 1000113591 ns, Reaching safepoint: 88053 ns, At safepoint: 9715 ns, Total: 97768 ns
[2020-09-11T17:03:23.471+0000][1][safepoint    ] Safepoint "Cleanup", Time since last: 1000113364 ns, Reaching safepoint: 83420 ns, At safepoint: 10762 ns, Total: 94182 ns
[2020-09-11T17:03:23.662+0000][1][safepoint    ] Safepoint "RevokeBias", Time since last: 190541403 ns, Reaching safepoint: 168672 ns, At safepoint: 25403 ns, Total: 194075 ns
[2020-09-11T17:03:24.158+0000][1][safepoint    ] Safepoint "RevokeBias", Time since last: 495715677 ns, Reaching safepoint: 221955 ns, At safepoint: 318458 ns, Total: 540413 ns
[2020-09-11T17:03:24.904+0000][1][safepoint    ] Safepoint "RevokeBias", Time since last: 745179090 ns, Reaching safepoint: 179814 ns, At safepoint: 28616 ns, Total: 208430 ns
[2020-09-11T17:03:25.904+0000][1][safepoint    ] Safepoint "Cleanup", Time since last: 1000112898 ns, Reaching safepoint: 85645 ns, At safepoint: 10379 ns, Total: 96024 ns
[2020-09-11T17:03:26.904+0000][1][safepoint    ] Safepoint "Cleanup", Time since last: 1000124259 ns, Reaching safepoint: 85506 ns, At safepoint: 11579 ns, Total: 97085 ns
[2020-09-11T17:03:27.398+0000][1][safepoint    ] Safepoint "RevokeBias", Time since last: 493880537 ns, Reaching safepoint: 171750 ns, At safepoint: 25240 ns, Total: 196990 ns
[2020-09-11T17:03:28.398+0000][1][safepoint    ] Safepoint "Cleanup", Time since last: 1000121517 ns, Reaching safepoint: 85025 ns, At safepoint: 11982 ns, Total: 97007 ns
[2020-09-11T17:03:28.687+0000][1][safepoint    ] Safepoint "RevokeBias", Time since last: 288614371 ns, Reaching safepoint: 171821 ns, At safepoint: 25148 ns, Total: 196969 ns
[2020-09-11T17:03:29.178+0000][1][safepoint    ] Safepoint "BulkRevokeBias", Time since last: 489492558 ns, Reaching safepoint: 672141 ns, At safepoint: 759122 ns, Total: 1431263 ns
[2020-09-11T17:03:29.417+0000][1][gc,start     ] GC(110) Pause Young (Allocation Failure)
[2020-09-11T17:03:29.417+0000][1][gc,task      ] GC(110) Using 1 workers of 1 for evacuation
[2020-09-11T17:03:29.429+0000][1][gc,age       ] GC(110) Desired survivor size 4358144 bytes, new threshold 6 (max threshold 6)
[2020-09-11T17:03:29.429+0000][1][gc,age       ] GC(110) Age table with threshold 6 (max threshold 6)
[2020-09-11T17:03:29.429+0000][1][gc,age       ] GC(110) - age   1:     296680 bytes,     296680 total
[2020-09-11T17:03:29.429+0000][1][gc,age       ] GC(110) - age   2:      47288 bytes,     343968 total
[2020-09-11T17:03:29.429+0000][1][gc,age       ] GC(110) - age   3:      56880 bytes,     400848 total
[2020-09-11T17:03:29.429+0000][1][gc,age       ] GC(110) - age   4:      56040 bytes,     456888 total
[2020-09-11T17:03:29.429+0000][1][gc,age       ] GC(110) - age   5:      33792 bytes,     490680 total
[2020-09-11T17:03:29.429+0000][1][gc,age       ] GC(110) - age   6:      37352 bytes,     528032 total
[2020-09-11T17:03:29.429+0000][1][gc,heap      ] GC(110) ParNew: 68763K->565K(76672K)
[2020-09-11T17:03:29.429+0000][1][gc,heap      ] GC(110) CMS: 111375K->111467K(439104K)
[2020-09-11T17:03:29.430+0000][1][gc,metaspace ] GC(110) Metaspace: 93796K->93796K(1134592K)
[2020-09-11T17:03:29.430+0000][1][gc           ] GC(110) Pause Young (Allocation Failure) 175M->109M(503M) 12.545ms
[2020-09-11T17:03:29.430+0000][1][gc,cpu       ] GC(110) User=0.01s Sys=0.00s Real=0.01s
[2020-09-11T17:03:29.433+0000][1][safepoint    ] Safepoint "GenCollectForAllocation", Time since last: 238577851 ns, Reaching safepoint: 165375 ns, At safepoint: 15824224 ns, Total: 15989599 ns
[2020-09-11T17:03:29.522+0000][1][safepoint    ] Safepoint "RevokeBias", Time since last: 88602176 ns, Reaching safepoint: 101628 ns, At safepoint: 27431 ns, Total: 129059 ns
[2020-09-11T17:03:30.522+0000][1][safepoint    ] Safepoint "Cleanup", Time since last: 1000115129 ns, Reaching safepoint: 84231 ns, At safepoint: 11663 ns, Total: 95894 ns
[2020-09-11T17:03:31.522+0000][1][safepoint    ] Safepoint "Cleanup", Time since last: 1000114484 ns, Reaching safepoint: 103363 ns, At safepoint: 9284 ns, Total: 112647 ns
[2020-09-11T17:03:32.522+0000][1][safepoint    ] Safepoint "Cleanup", Time since last: 1000113447 ns, Reaching safepoint: 85628 ns, At safepoint: 10362 ns, Total: 95990 ns
[2020-09-11T17:03:33.522+0000][1][safepoint    ] Safepoint "Cleanup", Time since last: 1000113638 ns, Reaching safepoint: 85684 ns, At safepoint: 11684 ns, Total: 97368 ns
[2020-09-11T17:03:33.721+0000][1][safepoint    ] Safepoint "RevokeBias", Time since last: 198654270 ns, Reaching safepoint: 86697 ns, At safepoint: 22629 ns, Total: 109326 ns
[2020-09-11T17:03:34.212+0000][1][safepoint    ] Safepoint "RevokeBias", Time since last: 490759779 ns, Reaching safepoint: 224149 ns, At safepoint: 315634 ns, Total: 539783 ns
[2020-09-11T17:03:34.884+0000][1][safepoint    ] Safepoint "RevokeBias", Time since last: 671139647 ns, Reaching safepoint: 171275 ns, At safepoint: 28602 ns, Total: 199877 ns
[2020-09-11T17:03:35.884+0000][1][safepoint    ] Safepoint "Cleanup", Time since last: 1000110917 ns, Reaching safepoint: 89964 ns, At safepoint: 10931 ns, Total: 100895 ns
[2020-09-11T17:03:36.884+0000][1][safepoint    ] Safepoint "Cleanup", Time since last: 1000117826 ns, Reaching safepoint: 87931 ns, At safepoint: 7976 ns, Total: 95907 ns
[2020-09-11T17:03:37.284+0000][1][safepoint    ] Safepoint "RevokeBias", Time since last: 399784576 ns, Reaching safepoint: 94122 ns, At safepoint: 22161 ns, Total: 116283 ns
[2020-09-11T17:03:38.284+0000][1][safepoint    ] Safepoint "Cleanup", Time since last: 1000115558 ns, Reaching safepoint: 85874 ns, At safepoint: 11112 ns, Total: 96986 ns
[2020-09-11T17:03:38.741+0000][1][safepoint    ] Safepoint "RevokeBias", Time since last: 454506586 ns, Reaching safepoint: 2001606 ns, At safepoint: 29456 ns, Total: 2031062 ns
[2020-09-11T17:03:39.243+0000][1][safepoint    ] Safepoint "RevokeBias", Time since last: 501176748 ns, Reaching safepoint: 220768 ns, At safepoint: 319265 ns, Total: 540033 ns
[2020-09-11T17:03:39.447+0000][1][safepoint    ] Safepoint "RevokeBias", Time since last: 204176957 ns, Reaching safepoint: 90371 ns, At safepoint: 23874 ns, Total: 114245 ns
[2020-09-11T17:03:40.447+0000][1][safepoint    ] Safepoint "Cleanup", Time since last: 1000132188 ns, Reaching safepoint: 85119 ns, At safepoint: 11814 ns, Total: 96933 ns
[2020-09-11T17:03:41.447+0000][1][safepoint    ] Safepoint "Cleanup", Time since last: 1000120229 ns, Reaching safepoint: 92078 ns, At safepoint: 10478 ns, Total: 102556 ns
[2020-09-11T17:03:42.448+0000][1][safepoint    ] Safepoint "Cleanup", Time since last: 1000116538 ns, Reaching safepoint: 104559 ns, At safepoint: 10130 ns, Total: 114689 ns
[2020-09-11T17:03:43.448+0000][1][safepoint    ] Safepoint "Cleanup", Time since last: 1000108781 ns, Reaching safepoint: 83519 ns, At safepoint: 9971 ns, Total: 93490 ns
[2020-09-11T17:03:43.769+0000][1][safepoint    ] Safepoint "RevokeBias", Time since last: 316900104 ns, Reaching safepoint: 4181719 ns, At safepoint: 30961 ns, Total: 4212680 ns
[2020-09-11T17:03:44.264+0000][1][safepoint    ] Safepoint "RevokeBias", Time since last: 494730193 ns, Reaching safepoint: 222831 ns, At safepoint: 322318 ns, Total: 545149 ns
[2020-09-11T17:03:44.872+0000][1][safepoint    ] Safepoint "RevokeBias", Time since last: 607765801 ns, Reaching safepoint: 95973 ns, At safepoint: 27904 ns, Total: 123877 ns
[2020-09-11T17:03:45.872+0000][1][safepoint    ] Safepoint "Cleanup", Time since last: 1000113485 ns, Reaching safepoint: 84610 ns, At safepoint: 11002 ns, Total: 95612 ns
[2020-09-11T17:03:46.872+0000][1][safepoint    ] Safepoint "Cleanup", Time since last: 1000138119 ns, Reaching safepoint: 89834 ns, At safepoint: 15834 ns, Total: 105668 ns
[2020-09-11T17:03:47.364+0000][1][safepoint    ] Safepoint "RevokeBias", Time since last: 491550453 ns, Reaching safepoint: 88049 ns, At safepoint: 23985 ns, Total: 112034 ns
[2020-09-11T17:03:48.364+0000][1][safepoint    ] Safepoint "Cleanup", Time since last: 1000117623 ns, Reaching safepoint: 94154 ns, At safepoint: 11553 ns, Total: 105707 ns
[2020-09-11T17:03:48.801+0000][1][safepoint    ] Safepoint "RevokeBias", Time since last: 436724980 ns, Reaching safepoint: 237908 ns, At safepoint: 25704 ns, Total: 263612 ns
[2020-09-11T17:03:49.382+0000][1][safepoint    ] Safepoint "RevokeBias", Time since last: 579735125 ns, Reaching safepoint: 211270 ns, At safepoint: 293461 ns, Total: 504731 ns
[2020-09-11T17:03:49.435+0000][1][safepoint    ] Safepoint "RevokeBias", Time since last: 53354204 ns, Reaching safepoint: 88455 ns, At safepoint: 22971 ns, Total: 111426 ns
[2020-09-11T17:03:50.435+0000][1][safepoint    ] Safepoint "Cleanup", Time since last: 1000109421 ns, Reaching safepoint: 84323 ns, At safepoint: 11733 ns, Total: 96056 ns
[2020-09-11T17:03:51.436+0000][1][safepoint    ] Safepoint "Cleanup", Time since last: 1000118868 ns, Reaching safepoint: 102450 ns, At safepoint: 12776 ns, Total: 115226 ns
[2020-09-11T17:03:52.004+0000][1][gc,start     ] GC(111) Pause Young (Allocation Failure)
[2020-09-11T17:03:52.004+0000][1][gc,task      ] GC(111) Using 1 workers of 1 for evacuation
[2020-09-11T17:03:52.008+0000][1][gc,age       ] GC(111) Desired survivor size 4358144 bytes, new threshold 6 (max threshold 6)
[2020-09-11T17:03:52.008+0000][1][gc,age       ] GC(111) Age table with threshold 6 (max threshold 6)
[2020-09-11T17:03:52.008+0000][1][gc,age       ] GC(111) - age   1:     260136 bytes,     260136 total
[2020-09-11T17:03:52.008+0000][1][gc,age       ] GC(111) - age   2:     178304 bytes,     438440 total
[2020-09-11T17:03:52.008+0000][1][gc,age       ] GC(111) - age   3:      14616 bytes,     453056 total
[2020-09-11T17:03:52.008+0000][1][gc,age       ] GC(111) - age   4:      33224 bytes,     486280 total
[2020-09-11T17:03:52.008+0000][1][gc,age       ] GC(111) - age   5:      56040 bytes,     542320 total
[2020-09-11T17:03:52.008+0000][1][gc,age       ] GC(111) - age   6:      33792 bytes,     576112 total
[2020-09-11T17:03:52.009+0000][1][gc,heap      ] GC(111) ParNew: 68725K->1056K(76672K)
[2020-09-11T17:03:52.009+0000][1][gc,heap      ] GC(111) CMS: 111467K->111504K(439104K)
[2020-09-11T17:03:52.009+0000][1][gc,metaspace ] GC(111) Metaspace: 93838K->93838K(1136640K)
[2020-09-11T17:03:52.009+0000][1][gc           ] GC(111) Pause Young (Allocation Failure) 175M->109M(503M) 4.799ms
[2020-09-11T17:03:52.009+0000][1][gc,cpu       ] GC(111) User=0.00s Sys=0.00s Real=0.00s
[2020-09-11T17:03:52.013+0000][1][safepoint    ] Safepoint "GenCollectForAllocation", Time since last: 568087091 ns, Reaching safepoint: 152026 ns, At safepoint: 9049280 ns, Total: 9201306 ns
[2020-09-11T17:03:53.045+0000][1][safepoint    ] Safepoint "Cleanup", Time since last: 1032042307 ns, Reaching safepoint: 92968 ns, At safepoint: 9330 ns, Total: 102298 ns
[2020-09-11T17:03:53.841+0000][1][safepoint    ] Safepoint "RevokeBias", Time since last: 792085906 ns, Reaching safepoint: 3829156 ns, At safepoint: 33386 ns, Total: 3862542 ns
[2020-09-11T17:03:54.405+0000][1][safepoint    ] Safepoint "RevokeBias", Time since last: 563121286 ns, Reaching safepoint: 217086 ns, At safepoint: 300477 ns, Total: 517563 ns
[2020-09-11T17:03:54.798+0000][1][safepoint    ] Safepoint "RevokeBias", Time since last: 393796741 ns, Reaching safepoint: 93947 ns, At safepoint: 23514 ns, Total: 117461 ns
[2020-09-11T17:03:57.404+0000][1][safepoint    ] Safepoint "RevokeBias", Time since last: 2605517498 ns, Reaching safepoint: 191219 ns, At safepoint: 23413 ns, Total: 214632 ns
[2020-09-11T17:03:58.404+0000][1][safepoint    ] Safepoint "Cleanup", Time since last: 1000116746 ns, Reaching safepoint: 82080 ns, At safepoint: 10613 ns, Total: 92693 ns
[2020-09-11T17:03:58.868+0000][1][safepoint    ] Safepoint "RevokeBias", Time since last: 461755230 ns, Reaching safepoint: 2188537 ns, At safepoint: 26054 ns, Total: 2214591 ns
[2020-09-11T17:03:59.451+0000][1][safepoint    ] Safepoint "RevokeBias", Time since last: 582300130 ns, Reaching safepoint: 223074 ns, At safepoint: 283796 ns, Total: 506870 ns
[2020-09-11T17:03:59.501+0000][1][safepoint    ] Safepoint "RevokeBias", Time since last: 49319648 ns, Reaching safepoint: 90505 ns, At safepoint: 22734 ns, Total: 113239 ns
[2020-09-11T17:04:03.898+0000][1][safepoint    ] Safepoint "RevokeBias", Time since last: 4397445562 ns, Reaching safepoint: 172284 ns, At safepoint: 22859 ns, Total: 195143 ns
[2020-09-11T17:04:04.493+0000][1][safepoint    ] Safepoint "RevokeBias", Time since last: 591752017 ns, Reaching safepoint: 2926889 ns, At safepoint: 319068 ns, Total: 3245957 ns
[2020-09-11T17:04:04.863+0000][1][safepoint    ] Safepoint "RevokeBias", Time since last: 369840721 ns, Reaching safepoint: 173936 ns, At safepoint: 25641 ns, Total: 199577 ns
[2020-09-11T17:04:06.865+0000][1][safepoint    ] Safepoint "Cleanup", Time since last: 2001389634 ns, Reaching safepoint: 139033 ns, At safepoint: 9981 ns, Total: 149014 ns
[2020-09-11T17:04:07.454+0000][1][safepoint    ] Safepoint "RevokeBias", Time since last: 588943321 ns, Reaching safepoint: 98837 ns, At safepoint: 22454 ns, Total: 121291 ns
[2020-09-11T17:04:08.454+0000][1][safepoint    ] Safepoint "Cleanup", Time since last: 1000124856 ns, Reaching safepoint: 89537 ns, At safepoint: 11820 ns, Total: 101357 ns
[2020-09-11T17:04:08.922+0000][1][gc,start     ] GC(112) Pause Young (Allocation Failure)
[2020-09-11T17:04:08.922+0000][1][gc,task      ] GC(112) Using 1 workers of 1 for evacuation
[2020-09-11T17:04:08.931+0000][1][gc,age       ] GC(112) Desired survivor size 4358144 bytes, new threshold 6 (max threshold 6)
[2020-09-11T17:04:08.931+0000][1][gc,age       ] GC(112) Age table with threshold 6 (max threshold 6)
[2020-09-11T17:04:08.931+0000][1][gc,age       ] GC(112) - age   1:     236888 bytes,     236888 total
[2020-09-11T17:04:08.932+0000][1][gc,age       ] GC(112) - age   2:     207336 bytes,     444224 total
[2020-09-11T17:04:08.932+0000][1][gc,age       ] GC(112) - age   3:      51496 bytes,     495720 total
[2020-09-11T17:04:08.932+0000][1][gc,age       ] GC(112) - age   4:      13280 bytes,     509000 total
[2020-09-11T17:04:08.932+0000][1][gc,age       ] GC(112) - age   5:      30616 bytes,     539616 total
[2020-09-11T17:04:08.932+0000][1][gc,age       ] GC(112) - age   6:      55616 bytes,     595232 total
[2020-09-11T17:04:08.932+0000][1][gc,heap      ] GC(112) ParNew: 69199K->685K(76672K)
[2020-09-11T17:04:08.932+0000][1][gc,heap      ] GC(112) CMS: 111504K->111537K(439104K)
[2020-09-11T17:04:08.932+0000][1][gc,metaspace ] GC(112) Metaspace: 93901K->93901K(1136640K)
[2020-09-11T17:04:08.932+0000][1][gc           ] GC(112) Pause Young (Allocation Failure) 176M->109M(503M) 9.813ms
[2020-09-11T17:04:08.932+0000][1][gc,cpu       ] GC(112) User=0.00s Sys=0.00s Real=0.00s
[2020-09-11T17:04:08.932+0000][1][safepoint    ] Safepoint "GenCollectForAllocation", Time since last: 467611981 ns, Reaching safepoint: 80531 ns, At safepoint: 9889375 ns, Total: 9969906 ns
[2020-09-11T17:04:08.940+0000][1][safepoint    ] Safepoint "RevokeBias", Time since last: 7702979 ns, Reaching safepoint: 103967 ns, At safepoint: 37490 ns, Total: 141457 ns
[2020-09-11T17:04:09.505+0000][1][safepoint    ] Safepoint "RevokeBias", Time since last: 565817241 ns, Reaching safepoint: 102491 ns, At safepoint: 26514 ns, Total: 129005 ns
[2020-09-11T17:04:09.530+0000][1][safepoint    ] Safepoint "RevokeBias", Time since last: 24170440 ns, Reaching safepoint: 216639 ns, At safepoint: 331333 ns, Total: 547972 ns
[2020-09-11T17:04:10.530+0000][1][safepoint    ] Safepoint "Cleanup", Time since last: 1000122908 ns, Reaching safepoint: 91117 ns, At safepoint: 9130 ns, Total: 100247 ns
[2020-09-11T17:04:12.531+0000][1][safepoint    ] Safepoint "Cleanup", Time since last: 2000225847 ns, Reaching safepoint: 85394 ns, At safepoint: 9613 ns, Total: 95007 ns
[2020-09-11T17:04:13.962+0000][1][safepoint    ] Safepoint "RevokeBias", Time since last: 1430679942 ns, Reaching safepoint: 94397 ns, At safepoint: 46605 ns, Total: 141002 ns
[2020-09-11T17:04:14.573+0000][1][safepoint    ] Safepoint "RevokeBias", Time since last: 611030709 ns, Reaching safepoint: 256372 ns, At safepoint: 322393 ns, Total: 578765 ns
[2020-09-11T17:04:14.817+0000][1][safepoint    ] Safepoint "RevokeBias", Time since last: 243936133 ns, Reaching safepoint: 169037 ns, At safepoint: 24237 ns, Total: 193274 ns
[2020-09-11T17:04:17.284+0000][1][safepoint    ] Safepoint "BulkRevokeBias", Time since last: 2466444376 ns, Reaching safepoint: 103326 ns, At safepoint: 214391 ns, Total: 317717 ns
[2020-09-11T17:04:19.013+0000][1][safepoint    ] Safepoint "RevokeBias", Time since last: 1728730885 ns, Reaching safepoint: 168470 ns, At safepoint: 23994 ns, Total: 192464 ns
[2020-09-11T17:04:19.519+0000][1][safepoint    ] Safepoint "RevokeBias", Time since last: 506139695 ns, Reaching safepoint: 94568 ns, At safepoint: 22570 ns, Total: 117138 ns
[2020-09-11T17:04:19.607+0000][1][safepoint    ] Safepoint "RevokeBias", Time since last: 87533924 ns, Reaching safepoint: 207130 ns, At safepoint: 274301 ns, Total: 481431 ns
[2020-09-11T17:04:22.608+0000][1][safepoint    ] Safepoint "Cleanup", Time since last: 3000276284 ns, Reaching safepoint: 90591 ns, At safepoint: 10233 ns, Total: 100824 ns
[2020-09-11T17:04:23.608+0000][1][safepoint    ] Safepoint "Cleanup", Time since last: 1000129349 ns, Reaching safepoint: 87643 ns, At safepoint: 8291 ns, Total: 95934 ns
[2020-09-11T17:04:24.100+0000][1][safepoint    ] Safepoint "RevokeBias", Time since last: 491747225 ns, Reaching safepoint: 169776 ns, At safepoint: 23329 ns, Total: 193105 ns
[2020-09-11T17:04:24.645+0000][1][safepoint    ] Safepoint "RevokeBias", Time since last: 544100464 ns, Reaching safepoint: 996981 ns, At safepoint: 289602 ns, Total: 1286583 ns
[2020-09-11T17:04:24.801+0000][1][safepoint    ] Safepoint "RevokeBias", Time since last: 155618117 ns, Reaching safepoint: 166973 ns, At safepoint: 24368 ns, Total: 191341 ns
[2020-09-11T17:04:25.801+0000][1][safepoint    ] Safepoint "Cleanup", Time since last: 1000114484 ns, Reaching safepoint: 91876 ns, At safepoint: 11688 ns, Total: 103564 ns
[2020-09-11T17:04:27.372+0000][1][safepoint    ] Safepoint "RevokeBias", Time since last: 1570619352 ns, Reaching safepoint: 96213 ns, At safepoint: 23467 ns, Total: 119680 ns
[2020-09-11T17:04:29.155+0000][1][safepoint    ] Safepoint "RevokeBias", Time since last: 1782749386 ns, Reaching safepoint: 254641 ns, At safepoint: 432635 ns, Total: 687276 ns
[2020-09-11T17:04:29.489+0000][1][safepoint    ] Safepoint "RevokeBias", Time since last: 333525937 ns, Reaching safepoint: 97352 ns, At safepoint: 27316 ns, Total: 124668 ns
[2020-09-11T17:04:29.685+0000][1][safepoint    ] Safepoint "RevokeBias", Time since last: 194947758 ns, Reaching safepoint: 221148 ns, At safepoint: 317435 ns, Total: 538583 ns
[2020-09-11T17:04:34.183+0000][1][safepoint    ] Safepoint "RevokeBias", Time since last: 4497486962 ns, Reaching safepoint: 218783 ns, At safepoint: 286814 ns, Total: 505597 ns
[2020-09-11T17:04:34.721+0000][1][safepoint    ] Safepoint "RevokeBias", Time since last: 538337261 ns, Reaching safepoint: 234458 ns, At safepoint: 304638 ns, Total: 539096 ns
[2020-09-11T17:04:34.807+0000][1][gc,start     ] GC(113) Pause Young (Allocation Failure)
[2020-09-11T17:04:34.807+0000][1][gc,task      ] GC(113) Using 1 workers of 1 for evacuation
[2020-09-11T17:04:34.812+0000][1][gc,age       ] GC(113) Desired survivor size 4358144 bytes, new threshold 6 (max threshold 6)
[2020-09-11T17:04:34.812+0000][1][gc,age       ] GC(113) Age table with threshold 6 (max threshold 6)
[2020-09-11T17:04:34.813+0000][1][gc,age       ] GC(113) - age   1:     172264 bytes,     172264 total
[2020-09-11T17:04:34.813+0000][1][gc,age       ] GC(113) - age   2:     186280 bytes,     358544 total
[2020-09-11T17:04:34.813+0000][1][gc,age       ] GC(113) - age   3:     156352 bytes,     514896 total
[2020-09-11T17:04:34.813+0000][1][gc,age       ] GC(113) - age   4:      32056 bytes,     546952 total
[2020-09-11T17:04:34.813+0000][1][gc,age       ] GC(113) - age   5:      13280 bytes,     560232 total
[2020-09-11T17:04:34.813+0000][1][gc,age       ] GC(113) - age   6:      30616 bytes,     590848 total
[2020-09-11T17:04:34.813+0000][1][gc,heap      ] GC(113) ParNew: 68845K->1043K(76672K)
[2020-09-11T17:04:34.813+0000][1][gc,heap      ] GC(113) CMS: 111537K->111591K(439104K)
[2020-09-11T17:04:34.813+0000][1][gc,metaspace ] GC(113) Metaspace: 93970K->93970K(1136640K)
[2020-09-11T17:04:34.813+0000][1][gc           ] GC(113) Pause Young (Allocation Failure) 176M->109M(503M) 5.704ms
[2020-09-11T17:04:34.813+0000][1][gc,cpu       ] GC(113) User=0.01s Sys=0.00s Real=0.00s
[2020-09-11T17:04:34.815+0000][1][safepoint    ] Safepoint "GenCollectForAllocation", Time since last: 85364736 ns, Reaching safepoint: 121654 ns, At safepoint: 8327194 ns, Total: 8448848 ns
[2020-09-11T17:04:34.825+0000][1][safepoint    ] Safepoint "RevokeBias", Time since last: 9640692 ns, Reaching safepoint: 88874 ns, At safepoint: 35120 ns, Total: 123994 ns
[2020-09-11T17:04:35.835+0000][1][safepoint    ] Safepoint "Cleanup", Time since last: 1009787306 ns, Reaching safepoint: 87951 ns, At safepoint: 25738 ns, Total: 113689 ns
[2020-09-11T17:04:36.835+0000][1][safepoint    ] Safepoint "Cleanup", Time since last: 1000115263 ns, Reaching safepoint: 87878 ns, At safepoint: 22051 ns, Total: 109929 ns
[2020-09-11T17:04:37.435+0000][1][safepoint    ] Safepoint "RevokeBias", Time since last: 600063532 ns, Reaching safepoint: 92661 ns, At safepoint: 24174 ns, Total: 116835 ns
[2020-09-11T17:04:38.435+0000][1][safepoint    ] Safepoint "Cleanup", Time since last: 1000115427 ns, Reaching safepoint: 81848 ns, At safepoint: 8150 ns, Total: 89998 ns
[2020-09-11T17:04:39.218+0000][1][safepoint    ] Safepoint "RevokeBias", Time since last: 782796119 ns, Reaching safepoint: 169934 ns, At safepoint: 28274 ns, Total: 198208 ns
[2020-09-11T17:04:39.497+0000][1][safepoint    ] Safepoint "RevokeBias", Time since last: 278558435 ns, Reaching safepoint: 114787 ns, At safepoint: 24437 ns, Total: 139224 ns
[2020-09-11T17:04:39.746+0000][1][safepoint    ] Safepoint "RevokeBias", Time since last: 248043599 ns, Reaching safepoint: 223926 ns, At safepoint: 314674 ns, Total: 538600 ns
[2020-09-11T17:04:40.746+0000][1][safepoint    ] Safepoint "Cleanup", Time since last: 1000120507 ns, Reaching safepoint: 82904 ns, At safepoint: 10963 ns, Total: 93867 ns
[2020-09-11T17:04:41.746+0000][1][safepoint    ] Safepoint "Cleanup", Time since last: 1000110399 ns, Reaching safepoint: 81723 ns, At safepoint: 10482 ns, Total: 92205 ns
[2020-09-11T17:04:42.746+0000][1][safepoint    ] Safepoint "Cleanup", Time since last: 1000124480 ns, Reaching safepoint: 88725 ns, At safepoint: 10964 ns, Total: 99689 ns
[2020-09-11T17:04:43.747+0000][1][safepoint    ] Safepoint "Cleanup", Time since last: 1000109543 ns, Reaching safepoint: 83352 ns, At safepoint: 9923 ns, Total: 93275 ns
[2020-09-11T17:04:44.243+0000][1][safepoint    ] Safepoint "BulkRevokeBias", Time since last: 496200161 ns, Reaching safepoint: 105037 ns, At safepoint: 301351 ns, Total: 406388 ns
[2020-09-11T17:04:44.798+0000][1][safepoint    ] Safepoint "RevokeBias", Time since last: 554749259 ns, Reaching safepoint: 248097 ns, At safepoint: 288027 ns, Total: 536124 ns
[2020-09-11T17:04:44.802+0000][1][safepoint    ] Safepoint "RevokeBias", Time since last: 2453656 ns, Reaching safepoint: 1062252 ns, At safepoint: 27221 ns, Total: 1089473 ns
[2020-09-11T17:04:45.802+0000][1][safepoint    ] Safepoint "Cleanup", Time since last: 1000110131 ns, Reaching safepoint: 82458 ns, At safepoint: 10137 ns, Total: 92595 ns
[2020-09-11T17:04:46.802+0000][1][safepoint    ] Safepoint "Cleanup", Time since last: 1000110355 ns, Reaching safepoint: 82588 ns, At safepoint: 9765 ns, Total: 92353 ns
[2020-09-11T17:04:47.334+0000][1][safepoint    ] Safepoint "RevokeBias", Time since last: 531844493 ns, Reaching safepoint: 105634 ns, At safepoint: 23925 ns, Total: 129559 ns
[2020-09-11T17:04:48.335+0000][1][safepoint    ] Safepoint "Cleanup", Time since last: 1000119343 ns, Reaching safepoint: 84723 ns, At safepoint: 10415 ns, Total: 95138 ns
[2020-09-11T17:04:49.273+0000][1][safepoint    ] Safepoint "RevokeBias", Time since last: 938244590 ns, Reaching safepoint: 177898 ns, At safepoint: 26400 ns, Total: 204298 ns
[2020-09-11T17:04:49.495+0000][1][safepoint    ] Safepoint "RevokeBias", Time since last: 222089490 ns, Reaching safepoint: 100329 ns, At safepoint: 24440 ns, Total: 124769 ns
[2020-09-11T17:04:49.824+0000][1][safepoint    ] Safepoint "RevokeBias", Time since last: 327035689 ns, Reaching safepoint: 1331315 ns, At safepoint: 314809 ns, Total: 1646124 ns
[2020-09-11T17:04:50.824+0000][1][safepoint    ] Safepoint "Cleanup", Time since last: 1000118902 ns, Reaching safepoint: 84182 ns, At safepoint: 9670 ns, Total: 93852 ns
[2020-09-11T17:04:51.824+0000][1][safepoint    ] Safepoint "Cleanup", Time since last: 1000114844 ns, Reaching safepoint: 80221 ns, At safepoint: 9842 ns, Total: 90063 ns
[2020-09-11T17:04:52.825+0000][1][safepoint    ] Safepoint "Cleanup", Time since last: 1000119380 ns, Reaching safepoint: 92775 ns, At safepoint: 20539 ns, Total: 113314 ns
[2020-09-11T17:04:52.957+0000][1][gc,start     ] GC(114) Pause Young (Allocation Failure)
[2020-09-11T17:04:52.957+0000][1][gc,task      ] GC(114) Using 1 workers of 1 for evacuation
[2020-09-11T17:04:52.974+0000][1][gc,age       ] GC(114) Desired survivor size 4358144 bytes, new threshold 6 (max threshold 6)
[2020-09-11T17:04:52.974+0000][1][gc,age       ] GC(114) Age table with threshold 6 (max threshold 6)
[2020-09-11T17:04:52.974+0000][1][gc,age       ] GC(114) - age   1:     321056 bytes,     321056 total
[2020-09-11T17:04:52.974+0000][1][gc,age       ] GC(114) - age   2:     102672 bytes,     423728 total
[2020-09-11T17:04:52.974+0000][1][gc,age       ] GC(114) - age   3:      44632 bytes,     468360 total
[2020-09-11T17:04:52.974+0000][1][gc,age       ] GC(114) - age   4:      89952 bytes,     558312 total
[2020-09-11T17:04:52.974+0000][1][gc,age       ] GC(114) - age   5:      32056 bytes,     590368 total
[2020-09-11T17:04:52.974+0000][1][gc,age       ] GC(114) - age   6:      13280 bytes,     603648 total
[2020-09-11T17:04:52.974+0000][1][gc,heap      ] GC(114) ParNew: 69203K->693K(76672K)
[2020-09-11T17:04:52.974+0000][1][gc,heap      ] GC(114) CMS: 111591K->111621K(439104K)
[2020-09-11T17:04:52.974+0000][1][gc,metaspace ] GC(114) Metaspace: 93990K->93990K(1136640K)
[2020-09-11T17:04:52.974+0000][1][gc           ] GC(114) Pause Young (Allocation Failure) 176M->109M(503M) 17.320ms
[2020-09-11T17:04:52.974+0000][1][gc,cpu       ] GC(114) User=0.00s Sys=0.00s Real=0.02s
[2020-09-11T17:04:52.974+0000][1][safepoint    ] Safepoint "GenCollectForAllocation", Time since last: 130600738 ns, Reaching safepoint: 1628037 ns, At safepoint: 17411886 ns, Total: 19039923 ns
[2020-09-11T17:04:53.988+0000][1][safepoint    ] Safepoint "Cleanup", Time since last: 1013242788 ns, Reaching safepoint: 77409 ns, At safepoint: 23474 ns, Total: 100883 ns
[2020-09-11T17:04:54.296+0000][1][safepoint    ] Safepoint "RevokeBias", Time since last: 307829448 ns, Reaching safepoint: 92838 ns, At safepoint: 40490 ns, Total: 133328 ns
[2020-09-11T17:04:54.847+0000][1][safepoint    ] Safepoint "RevokeBias", Time since last: 551378897 ns, Reaching safepoint: 92396 ns, At safepoint: 37418 ns, Total: 129814 ns
[2020-09-11T17:04:54.862+0000][1][safepoint    ] Safepoint "RevokeBias", Time since last: 14921847 ns, Reaching safepoint: 82307 ns, At safepoint: 37166 ns, Total: 119473 ns
[2020-09-11T17:04:55.863+0000][1][safepoint    ] Safepoint "Cleanup", Time since last: 1000683123 ns, Reaching safepoint: 82196 ns, At safepoint: 8951 ns, Total: 91147 ns
[2020-09-11T17:04:56.863+0000][1][safepoint    ] Safepoint "Cleanup", Time since last: 1000112896 ns, Reaching safepoint: 86438 ns, At safepoint: 10483 ns, Total: 96921 ns
[2020-09-11T17:04:57.386+0000][1][safepoint    ] Safepoint "RevokeBias", Time since last: 523218463 ns, Reaching safepoint: 97113 ns, At safepoint: 24016 ns, Total: 121129 ns
[2020-09-11T17:04:58.387+0000][1][safepoint    ] Safepoint "Cleanup", Time since last: 1000118621 ns, Reaching safepoint: 84119 ns, At safepoint: 11583 ns, Total: 95702 ns
[2020-09-11T17:04:59.332+0000][1][safepoint    ] Safepoint "RevokeBias", Time since last: 945536006 ns, Reaching safepoint: 176803 ns, At safepoint: 27999 ns, Total: 204802 ns
[2020-09-11T17:04:59.441+0000][1][safepoint    ] Safepoint "RevokeBias", Time since last: 108636781 ns, Reaching safepoint: 91100 ns, At safepoint: 23146 ns, Total: 114246 ns
[2020-09-11T17:04:59.889+0000][1][safepoint    ] Safepoint "RevokeBias", Time since last: 447384274 ns, Reaching safepoint: 251879 ns, At safepoint: 316691 ns, Total: 568570 ns
[2020-09-11T17:05:00.889+0000][1][safepoint    ] Safepoint "Cleanup", Time since last: 1000114630 ns, Reaching safepoint: 87775 ns, At safepoint: 10020 ns, Total: 97795 ns
[2020-09-11T17:05:01.890+0000][1][safepoint    ] Safepoint "Cleanup", Time since last: 1000113802 ns, Reaching safepoint: 83354 ns, At safepoint: 10347 ns, Total: 93701 ns
[2020-09-11T17:05:02.890+0000][1][safepoint    ] Safepoint "Cleanup", Time since last: 1000110246 ns, Reaching safepoint: 83690 ns, At safepoint: 9731 ns, Total: 93421 ns
[2020-09-11T17:05:03.890+0000][1][safepoint    ] Safepoint "Cleanup", Time since last: 1000082140 ns, Reaching safepoint: 83282 ns, At safepoint: 10455 ns, Total: 93737 ns
[2020-09-11T17:05:04.403+0000][1][safepoint    ] Safepoint "RevokeBias", Time since last: 512543065 ns, Reaching safepoint: 88465 ns, At safepoint: 23059 ns, Total: 111524 ns
[2020-09-11T17:05:04.829+0000][1][safepoint    ] Safepoint "RevokeBias", Time since last: 426049825 ns, Reaching safepoint: 89063 ns, At safepoint: 23153 ns, Total: 112216 ns
[2020-09-11T17:05:04.905+0000][1][safepoint    ] Safepoint "RevokeBias", Time since last: 75425885 ns, Reaching safepoint: 206866 ns, At safepoint: 272071 ns, Total: 478937 ns
[2020-09-11T17:05:05.905+0000][1][safepoint    ] Safepoint "Cleanup", Time since last: 1000138067 ns, Reaching safepoint: 80102 ns, At safepoint: 9392 ns, Total: 89494 ns
[2020-09-11T17:05:06.905+0000][1][safepoint    ] Safepoint "Cleanup", Time since last: 1000101752 ns, Reaching safepoint: 83758 ns, At safepoint: 9473 ns, Total: 93231 ns
[2020-09-11T17:05:07.330+0000][1][safepoint    ] Safepoint "RevokeBias", Time since last: 424379152 ns, Reaching safepoint: 91320 ns, At safepoint: 23386 ns, Total: 114706 ns
[2020-09-11T17:05:08.330+0000][1][safepoint    ] Safepoint "Cleanup", Time since last: 1000115965 ns, Reaching safepoint: 82722 ns, At safepoint: 10477 ns, Total: 93199 ns
[2020-09-11T17:05:09.330+0000][1][safepoint    ] Safepoint "Cleanup", Time since last: 1000131900 ns, Reaching safepoint: 83076 ns, At safepoint: 11869 ns, Total: 94945 ns
[2020-09-11T17:05:09.465+0000][1][safepoint    ] Safepoint "RevokeBias", Time since last: 133044517 ns, Reaching safepoint: 1844703 ns, At safepoint: 29526 ns, Total: 1874229 ns
[2020-09-11T17:05:09.503+0000][1][safepoint    ] Safepoint "RevokeBias", Time since last: 37743799 ns, Reaching safepoint: 94457 ns, At safepoint: 24899 ns, Total: 119356 ns
[2020-09-11T17:05:09.929+0000][1][safepoint    ] Safepoint "RevokeBias", Time since last: 425938123 ns, Reaching safepoint: 208289 ns, At safepoint: 347601 ns, Total: 555890 ns
[2020-09-11T17:05:10.929+0000][1][safepoint    ] Safepoint "Cleanup", Time since last: 1000119675 ns, Reaching safepoint: 86438 ns, At safepoint: 10700 ns, Total: 97138 ns
[2020-09-11T17:05:11.930+0000][1][safepoint    ] Safepoint "Cleanup", Time since last: 1000107782 ns, Reaching safepoint: 86848 ns, At safepoint: 9731 ns, Total: 96579 ns
[2020-09-11T17:05:12.122+0000][1][gc,start     ] GC(115) Pause Young (Allocation Failure)
[2020-09-11T17:05:12.122+0000][1][gc,task      ] GC(115) Using 1 workers of 1 for evacuation
[2020-09-11T17:05:12.131+0000][1][gc,age       ] GC(115) Desired survivor size 4358144 bytes, new threshold 6 (max threshold 6)
[2020-09-11T17:05:12.131+0000][1][gc,age       ] GC(115) Age table with threshold 6 (max threshold 6)
[2020-09-11T17:05:12.131+0000][1][gc,age       ] GC(115) - age   1:     128936 bytes,     128936 total
[2020-09-11T17:05:12.131+0000][1][gc,age       ] GC(115) - age   2:     255888 bytes,     384824 total
[2020-09-11T17:05:12.131+0000][1][gc,age       ] GC(115) - age   3:      66016 bytes,     450840 total
[2020-09-11T17:05:12.131+0000][1][gc,age       ] GC(115) - age   4:      40216 bytes,     491056 total
[2020-09-11T17:05:12.131+0000][1][gc,age       ] GC(115) - age   5:      89952 bytes,     581008 total
[2020-09-11T17:05:12.131+0000][1][gc,age       ] GC(115) - age   6:      31760 bytes,     612768 total
[2020-09-11T17:05:12.131+0000][1][gc,heap      ] GC(115) ParNew: 68853K->1057K(76672K)
[2020-09-11T17:05:12.131+0000][1][gc,heap      ] GC(115) CMS: 111621K->111634K(439104K)
[2020-09-11T17:05:12.131+0000][1][gc,metaspace ] GC(115) Metaspace: 94004K->94004K(1136640K)
[2020-09-11T17:05:12.131+0000][1][gc           ] GC(115) Pause Young (Allocation Failure) 176M->110M(503M) 8.951ms
[2020-09-11T17:05:12.131+0000][1][gc,cpu       ] GC(115) User=0.01s Sys=0.00s Real=0.00s
[2020-09-11T17:05:12.133+0000][1][safepoint    ] Safepoint "GenCollectForAllocation", Time since last: 192271607 ns, Reaching safepoint: 153629 ns, At safepoint: 10681183 ns, Total: 10834812 ns
[2020-09-11T17:05:13.144+0000][1][safepoint    ] Safepoint "Cleanup", Time since last: 1011423681 ns, Reaching safepoint: 156746 ns, At safepoint: 22371 ns, Total: 179117 ns
[2020-09-11T17:05:14.145+0000][1][safepoint    ] Safepoint "Cleanup", Time since last: 1000108188 ns, Reaching safepoint: 97817 ns, At safepoint: 20009 ns, Total: 117826 ns
[2020-09-11T17:05:14.505+0000][1][safepoint    ] Safepoint "RevokeBias", Time since last: 360172325 ns, Reaching safepoint: 101954 ns, At safepoint: 174225 ns, Total: 276179 ns
[2020-09-11T17:05:14.843+0000][1][safepoint    ] Safepoint "RevokeBias", Time since last: 338133587 ns, Reaching safepoint: 169314 ns, At safepoint: 24436 ns, Total: 193750 ns
[2020-09-11T17:05:14.952+0000][1][safepoint    ] Safepoint "RevokeBias", Time since last: 107999026 ns, Reaching safepoint: 222474 ns, At safepoint: 395783 ns, Total: 618257 ns
[2020-09-11T17:05:15.952+0000][1][safepoint    ] Safepoint "Cleanup", Time since last: 1000121043 ns, Reaching safepoint: 83143 ns, At safepoint: 10824 ns, Total: 93967 ns
[2020-09-11T17:05:16.952+0000][1][safepoint    ] Safepoint "Cleanup", Time since last: 1000115250 ns, Reaching safepoint: 80806 ns, At safepoint: 8262 ns, Total: 89068 ns
[2020-09-11T17:05:17.378+0000][1][safepoint    ] Safepoint "RevokeBias", Time since last: 425480222 ns, Reaching safepoint: 89722 ns, At safepoint: 23953 ns, Total: 113675 ns
[2020-09-11T17:05:18.378+0000][1][safepoint    ] Safepoint "Cleanup", Time since last: 1000118728 ns, Reaching safepoint: 87087 ns, At safepoint: 9045 ns, Total: 96132 ns
[2020-09-11T17:05:19.378+0000][1][safepoint    ] Safepoint "Cleanup", Time since last: 1000105843 ns, Reaching safepoint: 87810 ns, At safepoint: 11020 ns, Total: 98830 ns
[2020-09-11T17:05:19.441+0000][1][safepoint    ] Safepoint "RevokeBias", Time since last: 62599715 ns, Reaching safepoint: 89661 ns, At safepoint: 24082 ns, Total: 113743 ns
[2020-09-11T17:05:19.536+0000][1][safepoint    ] Safepoint "RevokeBias", Time since last: 95062083 ns, Reaching safepoint: 92439 ns, At safepoint: 23888 ns, Total: 116327 ns
[2020-09-11T17:05:19.983+0000][1][safepoint    ] Safepoint "RevokeBias", Time since last: 446269093 ns, Reaching safepoint: 219401 ns, At safepoint: 311172 ns, Total: 530573 ns
[2020-09-11T17:05:20.983+0000][1][safepoint    ] Safepoint "Cleanup", Time since last: 1000122690 ns, Reaching safepoint: 85795 ns, At safepoint: 11002 ns, Total: 96797 ns
[2020-09-11T17:05:21.984+0000][1][safepoint    ] Safepoint "Cleanup", Time since last: 1000115137 ns, Reaching safepoint: 82705 ns, At safepoint: 10446 ns, Total: 93151 ns
[2020-09-11T17:05:22.984+0000][1][safepoint    ] Safepoint "Cleanup", Time since last: 1000118719 ns, Reaching safepoint: 83048 ns, At safepoint: 8757 ns, Total: 91805 ns
[2020-09-11T17:05:23.984+0000][1][safepoint    ] Safepoint "Cleanup", Time since last: 1000119454 ns, Reaching safepoint: 84730 ns, At safepoint: 10863 ns, Total: 95593 ns
[2020-09-11T17:05:24.591+0000][1][safepoint    ] Safepoint "RevokeBias", Time since last: 607166175 ns, Reaching safepoint: 96286 ns, At safepoint: 26295 ns, Total: 122581 ns
[2020-09-11T17:05:24.832+0000][1][safepoint    ] Safepoint "RevokeBias", Time since last: 240651503 ns, Reaching safepoint: 90955 ns, At safepoint: 36486 ns, Total: 127441 ns
[2020-09-11T17:05:25.005+0000][1][safepoint    ] Safepoint "RevokeBias", Time since last: 172761721 ns, Reaching safepoint: 219906 ns, At safepoint: 329866 ns, Total: 549772 ns
[2020-09-11T17:05:26.006+0000][1][safepoint    ] Safepoint "Cleanup", Time since last: 1000118255 ns, Reaching safepoint: 82076 ns, At safepoint: 10680 ns, Total: 92756 ns
[2020-09-11T17:05:27.006+0000][1][safepoint    ] Safepoint "Cleanup", Time since last: 1000101842 ns, Reaching safepoint: 76618 ns, At safepoint: 6854 ns, Total: 83472 ns
[2020-09-11T17:05:27.284+0000][1][safepoint    ] Safepoint "RevokeBias", Time since last: 278210689 ns, Reaching safepoint: 89710 ns, At safepoint: 22584 ns, Total: 112294 ns
[2020-09-11T17:05:28.284+0000][1][safepoint    ] Safepoint "Cleanup", Time since last: 1000116872 ns, Reaching safepoint: 86600 ns, At safepoint: 11417 ns, Total: 98017 ns
[2020-09-11T17:05:29.285+0000][1][safepoint    ] Safepoint "Cleanup", Time since last: 1000121818 ns, Reaching safepoint: 85824 ns, At safepoint: 11255 ns, Total: 97079 ns
[2020-09-11T17:05:29.511+0000][1][safepoint    ] Safepoint "RevokeBias", Time since last: 226088891 ns, Reaching safepoint: 98327 ns, At safepoint: 27579 ns, Total: 125906 ns
[2020-09-11T17:05:29.626+0000][1][safepoint    ] Safepoint "RevokeBias", Time since last: 114725882 ns, Reaching safepoint: 91350 ns, At safepoint: 25254 ns, Total: 116604 ns
[2020-09-11T17:05:30.029+0000][1][safepoint    ] Safepoint "RevokeBias", Time since last: 403274384 ns, Reaching safepoint: 222073 ns, At safepoint: 328132 ns, Total: 550205 ns
[2020-09-11T17:05:31.030+0000][1][safepoint    ] Safepoint "Cleanup", Time since last: 1000121938 ns, Reaching safepoint: 82799 ns, At safepoint: 10917 ns, Total: 93716 ns
[2020-09-11T17:05:32.030+0000][1][safepoint    ] Safepoint "Cleanup", Time since last: 1000116796 ns, Reaching safepoint: 84941 ns, At safepoint: 10679 ns, Total: 95620 ns
[2020-09-11T17:05:33.030+0000][1][safepoint    ] Safepoint "Cleanup", Time since last: 1000114828 ns, Reaching safepoint: 83657 ns, At safepoint: 10478 ns, Total: 94135 ns
[2020-09-11T17:05:34.030+0000][1][safepoint    ] Safepoint "Cleanup", Time since last: 1000111716 ns, Reaching safepoint: 82430 ns, At safepoint: 10107 ns, Total: 92537 ns
[2020-09-11T17:05:34.359+0000][1][safepoint    ] Safepoint "RevokeBias", Time since last: 328598672 ns, Reaching safepoint: 161426 ns, At safepoint: 25689 ns, Total: 187115 ns
[2020-09-11T17:05:34.632+0000][1][safepoint    ] Safepoint "RevokeBias", Time since last: 273041493 ns, Reaching safepoint: 162480 ns, At safepoint: 25673 ns, Total: 188153 ns
[2020-09-11T17:05:34.664+0000][1][safepoint    ] Safepoint "RevokeBias", Time since last: 29720238 ns, Reaching safepoint: 1273874 ns, At safepoint: 269666 ns, Total: 1543540 ns
[2020-09-11T17:05:34.802+0000][1][safepoint    ] Safepoint "RevokeBias", Time since last: 138551606 ns, Reaching safepoint: 177693 ns, At safepoint: 28401 ns, Total: 206094 ns
[2020-09-11T17:05:35.054+0000][1][safepoint    ] Safepoint "RevokeBias", Time since last: 251426068 ns, Reaching safepoint: 221851 ns, At safepoint: 307219 ns, Total: 529070 ns
[2020-09-11T17:05:36.054+0000][1][safepoint    ] Safepoint "Cleanup", Time since last: 1000125356 ns, Reaching safepoint: 99103 ns, At safepoint: 12389 ns, Total: 111492 ns
[2020-09-11T17:05:36.744+0000][1][safepoint    ] Safepoint "RevokeBias", Time since last: 689795887 ns, Reaching safepoint: 80359 ns, At safepoint: 25069 ns, Total: 105428 ns
[2020-09-11T17:05:36.977+0000][1][gc,start     ] GC(116) Pause Young (Allocation Failure)
[2020-09-11T17:05:36.977+0000][1][gc,task      ] GC(116) Using 1 workers of 1 for evacuation
[2020-09-11T17:05:36.987+0000][1][gc,age       ] GC(116) Desired survivor size 4358144 bytes, new threshold 6 (max threshold 6)
[2020-09-11T17:05:36.987+0000][1][gc,age       ] GC(116) Age table with threshold 6 (max threshold 6)
[2020-09-11T17:05:36.987+0000][1][gc,age       ] GC(116) - age   1:     197392 bytes,     197392 total
[2020-09-11T17:05:36.987+0000][1][gc,age       ] GC(116) - age   2:      74328 bytes,     271720 total
[2020-09-11T17:05:36.987+0000][1][gc,age       ] GC(116) - age   3:     213704 bytes,     485424 total
[2020-09-11T17:05:36.987+0000][1][gc,age       ] GC(116) - age   4:      23728 bytes,     509152 total
[2020-09-11T17:05:36.987+0000][1][gc,age       ] GC(116) - age   5:      40216 bytes,     549368 total
[2020-09-11T17:05:36.987+0000][1][gc,age       ] GC(116) - age   6:      89656 bytes,     639024 total
[2020-09-11T17:05:36.987+0000][1][gc,heap      ] GC(116) ParNew: 69217K->713K(76672K)
[2020-09-11T17:05:36.987+0000][1][gc,heap      ] GC(116) CMS: 111634K->111665K(439104K)
[2020-09-11T17:05:36.987+0000][1][gc,metaspace ] GC(116) Metaspace: 94051K->94051K(1136640K)
[2020-09-11T17:05:36.987+0000][1][gc           ] GC(116) Pause Young (Allocation Failure) 176M->109M(503M) 9.756ms
[2020-09-11T17:05:36.987+0000][1][gc,cpu       ] GC(116) User=0.00s Sys=0.00s Real=0.01s
[2020-09-11T17:05:37.001+0000][1][safepoint    ] Safepoint "GenCollectForAllocation", Time since last: 232671189 ns, Reaching safepoint: 157142 ns, At safepoint: 23648457 ns, Total: 23805599 ns
[2020-09-11T17:05:37.125+0000][1][safepoint    ] Safepoint "RevokeBias", Time since last: 123007568 ns, Reaching safepoint: 955366 ns, At safepoint: 25707 ns, Total: 981073 ns
[2020-09-11T17:05:37.428+0000][1][safepoint    ] Safepoint "RevokeBias", Time since last: 303481603 ns, Reaching safepoint: 132178 ns, At safepoint: 23551 ns, Total: 155729 ns
[2020-09-11T17:05:38.429+0000][1][safepoint    ] Safepoint "Cleanup", Time since last: 1000115687 ns, Reaching safepoint: 83548 ns, At safepoint: 11309 ns, Total: 94857 ns
[2020-09-11T17:05:39.429+0000][1][safepoint    ] Safepoint "Cleanup", Time since last: 1000090895 ns, Reaching safepoint: 128893 ns, At safepoint: 41111 ns, Total: 170004 ns
[2020-09-11T17:05:39.436+0000][1][safepoint    ] Safepoint "RevokeBias", Time since last: 6975603 ns, Reaching safepoint: 90277 ns, At safepoint: 21975 ns, Total: 112252 ns
[2020-09-11T17:05:39.688+0000][1][safepoint    ] Safepoint "RevokeBias", Time since last: 251557896 ns, Reaching safepoint: 92340 ns, At safepoint: 24443 ns, Total: 116783 ns
[2020-09-11T17:05:40.093+0000][1][safepoint    ] Safepoint "RevokeBias", Time since last: 403492028 ns, Reaching safepoint: 1713126 ns, At safepoint: 349384 ns, Total: 2062510 ns
[2020-09-11T17:05:41.093+0000][1][safepoint    ] Safepoint "Cleanup", Time since last: 1000118370 ns, Reaching safepoint: 83155 ns, At safepoint: 19816 ns, Total: 102971 ns
[2020-09-11T17:05:42.094+0000][1][safepoint    ] Safepoint "Cleanup", Time since last: 1000117496 ns, Reaching safepoint: 85202 ns, At safepoint: 10843 ns, Total: 96045 ns
[2020-09-11T17:05:43.094+0000][1][safepoint    ] Safepoint "Cleanup", Time since last: 1000116829 ns, Reaching safepoint: 87956 ns, At safepoint: 11748 ns, Total: 99704 ns
[2020-09-11T17:05:44.721+0000][1][safepoint    ] Safepoint "RevokeBias", Time since last: 1626983147 ns, Reaching safepoint: 161907 ns, At safepoint: 23793 ns, Total: 185700 ns
[2020-09-11T17:05:44.821+0000][1][safepoint    ] Safepoint "RevokeBias", Time since last: 99269816 ns, Reaching safepoint: 165384 ns, At safepoint: 24415 ns, Total: 189799 ns
[2020-09-11T17:05:45.071+0000][1][safepoint    ] Safepoint "RevokeBias", Time since last: 250550179 ns, Reaching safepoint: 159066 ns, At safepoint: 27865 ns, Total: 186931 ns
[2020-09-11T17:05:45.142+0000][1][safepoint    ] Safepoint "RevokeBias", Time since last: 68741557 ns, Reaching safepoint: 1953932 ns, At safepoint: 329674 ns, Total: 2283606 ns
[2020-09-11T17:05:45.163+0000][1][safepoint    ] Safepoint "RevokeBias", Time since last: 20530697 ns, Reaching safepoint: 86740 ns, At safepoint: 23384 ns, Total: 110124 ns
[2020-09-11T17:05:46.163+0000][1][safepoint    ] Safepoint "Cleanup", Time since last: 1000123779 ns, Reaching safepoint: 92123 ns, At safepoint: 11739 ns, Total: 103862 ns
[2020-09-11T17:05:47.306+0000][1][safepoint    ] Safepoint "BulkRevokeBias", Time since last: 1142202693 ns, Reaching safepoint: 91774 ns, At safepoint: 236066 ns, Total: 327840 ns
[2020-09-11T17:05:49.439+0000][1][safepoint    ] Safepoint "RevokeBias", Time since last: 2133200975 ns, Reaching safepoint: 166441 ns, At safepoint: 23976 ns, Total: 190417 ns
[2020-09-11T17:05:49.766+0000][1][safepoint    ] Safepoint "RevokeBias", Time since last: 325956951 ns, Reaching safepoint: 207446 ns, At safepoint: 263864 ns, Total: 471310 ns
[2020-09-11T17:05:50.191+0000][1][safepoint    ] Safepoint "RevokeBias", Time since last: 424601980 ns, Reaching safepoint: 206833 ns, At safepoint: 303698 ns, Total: 510531 ns
[2020-09-11T17:05:50.610+0000][1][safepoint    ] Safepoint "RevokeBias", Time since last: 419556049 ns, Reaching safepoint: 79226 ns, At safepoint: 24881 ns, Total: 104107 ns
[2020-09-11T17:05:52.611+0000][1][safepoint    ] Safepoint "Cleanup", Time since last: 2000198336 ns, Reaching safepoint: 90459 ns, At safepoint: 11532 ns, Total: 101991 ns
[2020-09-11T17:05:54.242+0000][1][safepoint    ] Safepoint "RevokeBias", Time since last: 1631205476 ns, Reaching safepoint: 82876 ns, At safepoint: 23825 ns, Total: 106701 ns
[2020-09-11T17:05:54.840+0000][1][safepoint    ] Safepoint "RevokeBias", Time since last: 597979199 ns, Reaching safepoint: 90491 ns, At safepoint: 25893 ns, Total: 116384 ns
[2020-09-11T17:05:54.849+0000][1][safepoint    ] Safepoint "RevokeBias", Time since last: 9021895 ns, Reaching safepoint: 117210 ns, At safepoint: 26206 ns, Total: 143416 ns
[2020-09-11T17:05:55.218+0000][1][gc,start     ] GC(117) Pause Young (Allocation Failure)
[2020-09-11T17:05:55.218+0000][1][gc,task      ] GC(117) Using 1 workers of 1 for evacuation
[2020-09-11T17:05:55.226+0000][1][gc,age       ] GC(117) Desired survivor size 4358144 bytes, new threshold 6 (max threshold 6)
[2020-09-11T17:05:55.226+0000][1][gc,age       ] GC(117) Age table with threshold 6 (max threshold 6)
[2020-09-11T17:05:55.226+0000][1][gc,age       ] GC(117) - age   1:     330976 bytes,     330976 total
[2020-09-11T17:05:55.226+0000][1][gc,age       ] GC(117) - age   2:     124816 bytes,     455792 total
[2020-09-11T17:05:55.226+0000][1][gc,age       ] GC(117) - age   3:      35576 bytes,     491368 total
[2020-09-11T17:05:55.226+0000][1][gc,age       ] GC(117) - age   4:      25632 bytes,     517000 total
[2020-09-11T17:05:55.226+0000][1][gc,age       ] GC(117) - age   5:      22240 bytes,     539240 total
[2020-09-11T17:05:55.226+0000][1][gc,age       ] GC(117) - age   6:      40216 bytes,     579456 total
[2020-09-11T17:05:55.226+0000][1][gc,heap      ] GC(117) ParNew: 68861K->1114K(76672K)
[2020-09-11T17:05:55.226+0000][1][gc,heap      ] GC(117) CMS: 111665K->111752K(439104K)
[2020-09-11T17:05:55.226+0000][1][gc,metaspace ] GC(117) Metaspace: 94073K->94073K(1136640K)
[2020-09-11T17:05:55.226+0000][1][gc           ] GC(117) Pause Young (Allocation Failure) 176M->110M(503M) 8.276ms
[2020-09-11T17:05:55.226+0000][1][gc,cpu       ] GC(117) User=0.01s Sys=0.00s Real=0.01s
[2020-09-11T17:05:55.226+0000][1][safepoint    ] Safepoint "GenCollectForAllocation", Time since last: 368615690 ns, Reaching safepoint: 102184 ns, At safepoint: 8346366 ns, Total: 8448550 ns
[2020-09-11T17:05:55.230+0000][1][safepoint    ] Safepoint "BulkRevokeBias", Time since last: 3623195 ns, Reaching safepoint: 77452 ns, At safepoint: 209379 ns, Total: 286831 ns
[2020-09-11T17:05:57.233+0000][1][safepoint    ] Safepoint "Cleanup", Time since last: 2003089598 ns, Reaching safepoint: 82963 ns, At safepoint: 8207 ns, Total: 91170 ns
[2020-09-11T17:05:57.313+0000][1][safepoint    ] Safepoint "RevokeBias", Time since last: 79442691 ns, Reaching safepoint: 77602 ns, At safepoint: 21699 ns, Total: 99301 ns
[2020-09-11T17:05:57.328+0000][1][safepoint    ] Safepoint "RevokeBias", Time since last: 15500283 ns, Reaching safepoint: 86040 ns, At safepoint: 21445 ns, Total: 107485 ns
[2020-09-11T17:05:58.908+0000][1][safepoint    ] Safepoint "RevokeBias", Time since last: 1579615040 ns, Reaching safepoint: 81571 ns, At safepoint: 25306 ns, Total: 106877 ns
[2020-09-11T17:05:59.485+0000][1][safepoint    ] Safepoint "RevokeBias", Time since last: 576582347 ns, Reaching safepoint: 203211 ns, At safepoint: 27101 ns, Total: 230312 ns
[2020-09-11T17:05:59.887+0000][1][safepoint    ] Safepoint "RevokeBias", Time since last: 401714009 ns, Reaching safepoint: 109615 ns, At safepoint: 23209 ns, Total: 132824 ns
[2020-09-11T17:06:00.252+0000][1][safepoint    ] Safepoint "RevokeBias", Time since last: 364645575 ns, Reaching safepoint: 227368 ns, At safepoint: 306839 ns, Total: 534207 ns
[2020-09-11T17:06:04.850+0000][1][safepoint    ] Safepoint "RevokeBias", Time since last: 4598258843 ns, Reaching safepoint: 167099 ns, At safepoint: 25406 ns, Total: 192505 ns
[2020-09-11T17:06:04.930+0000][1][safepoint    ] Safepoint "RevokeBias", Time since last: 79521467 ns, Reaching safepoint: 163461 ns, At safepoint: 24832 ns, Total: 188293 ns
[2020-09-11T17:06:05.266+0000][1][safepoint    ] Safepoint "RevokeBias", Time since last: 335469020 ns, Reaching safepoint: 205612 ns, At safepoint: 278380 ns, Total: 483992 ns
[2020-09-11T17:06:06.266+0000][1][safepoint    ] Safepoint "Cleanup", Time since last: 1000118540 ns, Reaching safepoint: 85598 ns, At safepoint: 10328 ns, Total: 95926 ns
[2020-09-11T17:06:07.267+0000][1][safepoint    ] Safepoint "Cleanup", Time since last: 1000110674 ns, Reaching safepoint: 88787 ns, At safepoint: 8548 ns, Total: 97335 ns
[2020-09-11T17:06:07.428+0000][1][safepoint    ] Safepoint "RevokeBias", Time since last: 161119281 ns, Reaching safepoint: 94833 ns, At safepoint: 23916 ns, Total: 118749 ns
[2020-09-11T17:06:09.448+0000][1][safepoint    ] Safepoint "RevokeBias", Time since last: 2019937992 ns, Reaching safepoint: 85741 ns, At safepoint: 22330 ns, Total: 108071 ns
[2020-09-11T17:06:09.959+0000][1][safepoint    ] Safepoint "RevokeBias", Time since last: 510464272 ns, Reaching safepoint: 163327 ns, At safepoint: 24763 ns, Total: 188090 ns
[2020-09-11T17:06:10.297+0000][1][safepoint    ] Safepoint "RevokeBias", Time since last: 337702279 ns, Reaching safepoint: 233660 ns, At safepoint: 343626 ns, Total: 577286 ns
[2020-09-11T17:06:14.876+0000][1][safepoint    ] Safepoint "RevokeBias", Time since last: 4579038908 ns, Reaching safepoint: 174720 ns, At safepoint: 23723 ns, Total: 198443 ns
[2020-09-11T17:06:15.007+0000][1][safepoint    ] Safepoint "RevokeBias", Time since last: 130742168 ns, Reaching safepoint: 95709 ns, At safepoint: 26845 ns, Total: 122554 ns
[2020-09-11T17:06:15.367+0000][1][safepoint    ] Safepoint "RevokeBias", Time since last: 352610116 ns, Reaching safepoint: 7157845 ns, At safepoint: 38840 ns, Total: 7196685 ns
[2020-09-11T17:06:16.959+0000][1][gc,start     ] GC(118) Pause Young (Allocation Failure)
[2020-09-11T17:06:16.959+0000][1][gc,task      ] GC(118) Using 1 workers of 1 for evacuation
[2020-09-11T17:06:16.972+0000][1][gc,age       ] GC(118) Desired survivor size 4358144 bytes, new threshold 6 (max threshold 6)
[2020-09-11T17:06:16.972+0000][1][gc,age       ] GC(118) Age table with threshold 6 (max threshold 6)
[2020-09-11T17:06:16.972+0000][1][gc,age       ] GC(118) - age   1:     210776 bytes,     210776 total
[2020-09-11T17:06:16.972+0000][1][gc,age       ] GC(118) - age   2:     281776 bytes,     492552 total
[2020-09-11T17:06:16.972+0000][1][gc,age       ] GC(118) - age   3:     118408 bytes,     610960 total
[2020-09-11T17:06:16.972+0000][1][gc,age       ] GC(118) - age   4:      30248 bytes,     641208 total
[2020-09-11T17:06:16.972+0000][1][gc,age       ] GC(118) - age   5:      20920 bytes,     662128 total
[2020-09-11T17:06:16.972+0000][1][gc,age       ] GC(118) - age   6:      22240 bytes,     684368 total
[2020-09-11T17:06:16.972+0000][1][gc,heap      ] GC(118) ParNew: 69274K->702K(76672K)
[2020-09-11T17:06:16.972+0000][1][gc,heap      ] GC(118) CMS: 111752K->111791K(439104K)
[2020-09-11T17:06:16.972+0000][1][gc,metaspace ] GC(118) Metaspace: 94095K->94095K(1136640K)
[2020-09-11T17:06:16.972+0000][1][gc           ] GC(118) Pause Young (Allocation Failure) 176M->109M(503M) 13.090ms
[2020-09-11T17:06:16.972+0000][1][gc,cpu       ] GC(118) User=0.01s Sys=0.00s Real=0.01s
[2020-09-11T17:06:16.977+0000][1][safepoint    ] Safepoint "GenCollectForAllocation", Time since last: 1592464023 ns, Reaching safepoint: 167145 ns, At safepoint: 17522519 ns, Total: 17689664 ns
[2020-09-11T17:06:17.365+0000][1][safepoint    ] Safepoint "RevokeBias", Time since last: 388494159 ns, Reaching safepoint: 100953 ns, At safepoint: 24093 ns, Total: 125046 ns
[2020-09-11T17:06:19.464+0000][1][safepoint    ] Safepoint "RevokeBias", Time since last: 2098047611 ns, Reaching safepoint: 109781 ns, At safepoint: 24151 ns, Total: 133932 ns
[2020-09-11T17:06:20.030+0000][1][safepoint    ] Safepoint "RevokeBias", Time since last: 566599137 ns, Reaching safepoint: 172843 ns, At safepoint: 25390 ns, Total: 198233 ns
[2020-09-11T17:06:20.393+0000][1][safepoint    ] Safepoint "RevokeBias", Time since last: 362509593 ns, Reaching safepoint: 83817 ns, At safepoint: 24556 ns, Total: 108373 ns
[2020-09-11T17:06:24.393+0000][1][safepoint    ] Safepoint "Cleanup", Time since last: 4000336792 ns, Reaching safepoint: 78904 ns, At safepoint: 7131 ns, Total: 86035 ns
[2020-09-11T17:06:24.878+0000][1][safepoint    ] Safepoint "RevokeBias", Time since last: 484698453 ns, Reaching safepoint: 165013 ns, At safepoint: 23417 ns, Total: 188430 ns
[2020-09-11T17:06:25.050+0000][1][safepoint    ] Safepoint "RevokeBias", Time since last: 171717337 ns, Reaching safepoint: 171877 ns, At safepoint: 27584 ns, Total: 199461 ns
[2020-09-11T17:06:25.415+0000][1][safepoint    ] Safepoint "RevokeBias", Time since last: 364157833 ns, Reaching safepoint: 83241 ns, At safepoint: 25664 ns, Total: 108905 ns
[2020-09-11T17:06:27.273+0000][1][safepoint    ] Safepoint "RevokeBias", Time since last: 1858495230 ns, Reaching safepoint: 87375 ns, At safepoint: 24323 ns, Total: 111698 ns
[2020-09-11T17:06:29.436+0000][1][safepoint    ] Safepoint "RevokeBias", Time since last: 2162845885 ns, Reaching safepoint: 89957 ns, At safepoint: 22749 ns, Total: 112706 ns
[2020-09-11T17:06:30.063+0000][1][safepoint    ] Safepoint "RevokeBias", Time since last: 627007873 ns, Reaching safepoint: 168838 ns, At safepoint: 25044 ns, Total: 193882 ns
[2020-09-11T17:06:30.427+0000][1][safepoint    ] Safepoint "RevokeBias", Time since last: 363326276 ns, Reaching safepoint: 208896 ns, At safepoint: 272861 ns, Total: 481757 ns
[2020-09-11T17:06:31.427+0000][1][safepoint    ] Safepoint "Cleanup", Time since last: 1000132910 ns, Reaching safepoint: 78786 ns, At safepoint: 8996 ns, Total: 87782 ns
[2020-09-11T17:06:32.428+0000][1][safepoint    ] Safepoint "Cleanup", Time since last: 1000104333 ns, Reaching safepoint: 80451 ns, At safepoint: 10194 ns, Total: 90645 ns
[2020-09-11T17:06:33.428+0000][1][safepoint    ] Safepoint "Cleanup", Time since last: 1000108499 ns, Reaching safepoint: 80279 ns, At safepoint: 10612 ns, Total: 90891 ns
[2020-09-11T17:06:34.428+0000][1][safepoint    ] Safepoint "Cleanup", Time since last: 1000108303 ns, Reaching safepoint: 95179 ns, At safepoint: 10635 ns, Total: 105814 ns
[2020-09-11T17:06:34.937+0000][1][safepoint    ] Safepoint "RevokeBias", Time since last: 509109054 ns, Reaching safepoint: 193174 ns, At safepoint: 27517 ns, Total: 220691 ns
[2020-09-11T17:06:35.081+0000][1][safepoint    ] Safepoint "RevokeBias", Time since last: 143136512 ns, Reaching safepoint: 176004 ns, At safepoint: 28171 ns, Total: 204175 ns
[2020-09-11T17:06:35.460+0000][1][safepoint    ] Safepoint "RevokeBias", Time since last: 378410081 ns, Reaching safepoint: 226370 ns, At safepoint: 325480 ns, Total: 551850 ns
[2020-09-11T17:06:36.460+0000][1][safepoint    ] Safepoint "Cleanup", Time since last: 1000123373 ns, Reaching safepoint: 81251 ns, At safepoint: 10615 ns, Total: 91866 ns
[2020-09-11T17:06:36.985+0000][1][gc,start     ] GC(119) Pause Young (Allocation Failure)
[2020-09-11T17:06:36.985+0000][1][gc,task      ] GC(119) Using 1 workers of 1 for evacuation
[2020-09-11T17:06:36.992+0000][1][gc,age       ] GC(119) Desired survivor size 4358144 bytes, new threshold 6 (max threshold 6)
[2020-09-11T17:06:36.992+0000][1][gc,age       ] GC(119) Age table with threshold 6 (max threshold 6)
[2020-09-11T17:06:36.992+0000][1][gc,age       ] GC(119) - age   1:     396176 bytes,     396176 total
[2020-09-11T17:06:36.992+0000][1][gc,age       ] GC(119) - age   2:      61496 bytes,     457672 total
[2020-09-11T17:06:36.992+0000][1][gc,age       ] GC(119) - age   3:     102280 bytes,     559952 total
[2020-09-11T17:06:36.992+0000][1][gc,age       ] GC(119) - age   4:      29888 bytes,     589840 total
[2020-09-11T17:06:36.992+0000][1][gc,age       ] GC(119) - age   5:      30248 bytes,     620088 total
[2020-09-11T17:06:36.992+0000][1][gc,age       ] GC(119) - age   6:      20624 bytes,     640712 total
[2020-09-11T17:06:36.992+0000][1][gc,heap      ] GC(119) ParNew: 68862K->1178K(76672K)
[2020-09-11T17:06:36.992+0000][1][gc,heap      ] GC(119) CMS: 111791K->111813K(439104K)
[2020-09-11T17:06:36.992+0000][1][gc,metaspace ] GC(119) Metaspace: 94120K->94120K(1136640K)
[2020-09-11T17:06:36.992+0000][1][gc           ] GC(119) Pause Young (Allocation Failure) 176M->110M(503M) 7.546ms
[2020-09-11T17:06:36.992+0000][1][gc,cpu       ] GC(119) User=0.00s Sys=0.00s Real=0.00s
[2020-09-11T17:06:36.992+0000][1][safepoint    ] Safepoint "GenCollectForAllocation", Time since last: 521045944 ns, Reaching safepoint: 4007378 ns, At safepoint: 7602714 ns, Total: 11610092 ns
[2020-09-11T17:06:37.260+0000][1][safepoint    ] Safepoint "RevokeBias", Time since last: 267480080 ns, Reaching safepoint: 94599 ns, At safepoint: 23118 ns, Total: 117717 ns
[2020-09-11T17:06:38.260+0000][1][safepoint    ] Safepoint "Cleanup", Time since last: 1000111944 ns, Reaching safepoint: 89685 ns, At safepoint: 10840 ns, Total: 100525 ns
[2020-09-11T17:06:39.260+0000][1][safepoint    ] Safepoint "Cleanup", Time since last: 1000119224 ns, Reaching safepoint: 86408 ns, At safepoint: 10869 ns, Total: 97277 ns
[2020-09-11T17:06:39.440+0000][1][safepoint    ] Safepoint "RevokeBias", Time since last: 179413070 ns, Reaching safepoint: 94686 ns, At safepoint: 23557 ns, Total: 118243 ns
[2020-09-11T17:06:40.102+0000][1][safepoint    ] Safepoint "RevokeBias", Time since last: 661477510 ns, Reaching safepoint: 173808 ns, At safepoint: 27642 ns, Total: 201450 ns
[2020-09-11T17:06:40.472+0000][1][safepoint    ] Safepoint "RevokeBias", Time since last: 369941188 ns, Reaching safepoint: 223797 ns, At safepoint: 339093 ns, Total: 562890 ns
[2020-09-11T17:06:41.472+0000][1][safepoint    ] Safepoint "Cleanup", Time since last: 1000138909 ns, Reaching safepoint: 81397 ns, At safepoint: 10613 ns, Total: 92010 ns
[2020-09-11T17:06:42.473+0000][1][safepoint    ] Safepoint "Cleanup", Time since last: 1000105730 ns, Reaching safepoint: 80443 ns, At safepoint: 9584 ns, Total: 90027 ns
[2020-09-11T17:06:43.473+0000][1][safepoint    ] Safepoint "Cleanup", Time since last: 1000123654 ns, Reaching safepoint: 85528 ns, At safepoint: 9597 ns, Total: 95125 ns
[2020-09-11T17:06:44.473+0000][1][safepoint    ] Safepoint "Cleanup", Time since last: 1000115574 ns, Reaching safepoint: 85875 ns, At safepoint: 10863 ns, Total: 96738 ns
[2020-09-11T17:06:44.827+0000][1][safepoint    ] Safepoint "RevokeBias", Time since last: 353362881 ns, Reaching safepoint: 168324 ns, At safepoint: 23756 ns, Total: 192080 ns
[2020-09-11T17:06:45.120+0000][1][safepoint    ] Safepoint "RevokeBias", Time since last: 293223373 ns, Reaching safepoint: 89698 ns, At safepoint: 24533 ns, Total: 114231 ns
[2020-09-11T17:06:45.490+0000][1][safepoint    ] Safepoint "RevokeBias", Time since last: 369938448 ns, Reaching safepoint: 219469 ns, At safepoint: 341491 ns, Total: 560960 ns
[2020-09-11T17:06:46.491+0000][1][safepoint    ] Safepoint "Cleanup", Time since last: 1000118640 ns, Reaching safepoint: 105709 ns, At safepoint: 11303 ns, Total: 117012 ns
[2020-09-11T17:06:47.491+0000][1][safepoint    ] Safepoint "Cleanup", Time since last: 1000112099 ns, Reaching safepoint: 259060 ns, At safepoint: 7819 ns, Total: 266879 ns
[2020-09-11T17:06:47.673+0000][1][safepoint    ] Safepoint "RevokeBias", Time since last: 181875841 ns, Reaching safepoint: 171655 ns, At safepoint: 24073 ns, Total: 195728 ns
[2020-09-11T17:06:48.673+0000][1][safepoint    ] Safepoint "Cleanup", Time since last: 1000105719 ns, Reaching safepoint: 83616 ns, At safepoint: 7501 ns, Total: 91117 ns
[2020-09-11T17:06:49.452+0000][1][safepoint    ] Safepoint "RevokeBias", Time since last: 778468264 ns, Reaching safepoint: 94606 ns, At safepoint: 22654 ns, Total: 117260 ns
[2020-09-11T17:06:50.148+0000][1][safepoint    ] Safepoint "RevokeBias", Time since last: 695723058 ns, Reaching safepoint: 167739 ns, At safepoint: 23994 ns, Total: 191733 ns
[2020-09-11T17:06:50.521+0000][1][safepoint    ] Safepoint "RevokeBias", Time since last: 372439989 ns, Reaching safepoint: 229827 ns, At safepoint: 339579 ns, Total: 569406 ns
[2020-09-11T17:06:51.521+0000][1][safepoint    ] Safepoint "Cleanup", Time since last: 1000119237 ns, Reaching safepoint: 83559 ns, At safepoint: 10444 ns, Total: 94003 ns
[2020-09-11T17:06:52.521+0000][1][safepoint    ] Safepoint "Cleanup", Time since last: 1000115286 ns, Reaching safepoint: 84969 ns, At safepoint: 11811 ns, Total: 96780 ns
[2020-09-11T17:06:53.521+0000][1][safepoint    ] Safepoint "Cleanup", Time since last: 1000111832 ns, Reaching safepoint: 82421 ns, At safepoint: 10590 ns, Total: 93011 ns
[2020-09-11T17:06:54.522+0000][1][safepoint    ] Safepoint "Cleanup", Time since last: 1000107117 ns, Reaching safepoint: 86236 ns, At safepoint: 10142 ns, Total: 96378 ns
[2020-09-11T17:06:54.860+0000][1][safepoint    ] Safepoint "RevokeBias", Time since last: 338302111 ns, Reaching safepoint: 173014 ns, At safepoint: 28943 ns, Total: 201957 ns
[2020-09-11T17:06:55.165+0000][1][safepoint    ] Safepoint "RevokeBias", Time since last: 304858060 ns, Reaching safepoint: 161821 ns, At safepoint: 24613 ns, Total: 186434 ns
[2020-09-11T17:06:55.538+0000][1][safepoint    ] Safepoint "RevokeBias", Time since last: 371864188 ns, Reaching safepoint: 227054 ns, At safepoint: 316326 ns, Total: 543380 ns
[2020-09-11T17:06:56.538+0000][1][safepoint    ] Safepoint "Cleanup", Time since last: 1000121250 ns, Reaching safepoint: 81901 ns, At safepoint: 10253 ns, Total: 92154 ns
[2020-09-11T17:06:57.013+0000][1][gc,start     ] GC(120) Pause Young (Allocation Failure)
[2020-09-11T17:06:57.013+0000][1][gc,task      ] GC(120) Using 1 workers of 1 for evacuation
[2020-09-11T17:06:57.023+0000][1][gc,age       ] GC(120) Desired survivor size 4358144 bytes, new threshold 6 (max threshold 6)
[2020-09-11T17:06:57.023+0000][1][gc,age       ] GC(120) Age table with threshold 6 (max threshold 6)
[2020-09-11T17:06:57.023+0000][1][gc,age       ] GC(120) - age   1:     221512 bytes,     221512 total
[2020-09-11T17:06:57.023+0000][1][gc,age       ] GC(120) - age   2:     325360 bytes,     546872 total
[2020-09-11T17:06:57.023+0000][1][gc,age       ] GC(120) - age   3:      58352 bytes,     605224 total
[2020-09-11T17:06:57.023+0000][1][gc,age       ] GC(120) - age   4:      55400 bytes,     660624 total
[2020-09-11T17:06:57.023+0000][1][gc,age       ] GC(120) - age   5:      28088 bytes,     688712 total
[2020-09-11T17:06:57.023+0000][1][gc,age       ] GC(120) - age   6:      30248 bytes,     718960 total
[2020-09-11T17:06:57.023+0000][1][gc,heap      ] GC(120) ParNew: 69338K->763K(76672K)
[2020-09-11T17:06:57.023+0000][1][gc,heap      ] GC(120) CMS: 111813K->111833K(439104K)
[2020-09-11T17:06:57.023+0000][1][gc,metaspace ] GC(120) Metaspace: 94143K->94143K(1136640K)
[2020-09-11T17:06:57.023+0000][1][gc           ] GC(120) Pause Young (Allocation Failure) 176M->109M(503M) 10.294ms
[2020-09-11T17:06:57.023+0000][1][gc,cpu       ] GC(120) User=0.00s Sys=0.00s Real=0.01s
[2020-09-11T17:06:57.029+0000][1][safepoint    ] Safepoint "GenCollectForAllocation", Time since last: 474994917 ns, Reaching safepoint: 176426 ns, At safepoint: 15747760 ns, Total: 15924186 ns
[2020-09-11T17:06:57.413+0000][1][safepoint    ] Safepoint "RevokeBias", Time since last: 384270678 ns, Reaching safepoint: 90671 ns, At safepoint: 22801 ns, Total: 113472 ns
[2020-09-11T17:06:58.413+0000][1][safepoint    ] Safepoint "Cleanup", Time since last: 1000121814 ns, Reaching safepoint: 82494 ns, At safepoint: 11504 ns, Total: 93998 ns
[2020-09-11T17:06:59.417+0000][1][safepoint    ] Safepoint "Cleanup", Time since last: 1000103379 ns, Reaching safepoint: 3382213 ns, At safepoint: 14852 ns, Total: 3397065 ns
[2020-09-11T17:06:59.458+0000][1][safepoint    ] Safepoint "RevokeBias", Time since last: 41487897 ns, Reaching safepoint: 89435 ns, At safepoint: 23082 ns, Total: 112517 ns
[2020-09-11T17:07:00.200+0000][1][safepoint    ] Safepoint "RevokeBias", Time since last: 740841338 ns, Reaching safepoint: 167741 ns, At safepoint: 25601 ns, Total: 193342 ns
[2020-09-11T17:07:00.553+0000][1][safepoint    ] Safepoint "RevokeBias", Time since last: 353332565 ns, Reaching safepoint: 84059 ns, At safepoint: 25233 ns, Total: 109292 ns
[2020-09-11T17:07:01.553+0000][1][safepoint    ] Safepoint "Cleanup", Time since last: 1000117895 ns, Reaching safepoint: 84472 ns, At safepoint: 10908 ns, Total: 95380 ns
[2020-09-11T17:07:02.553+0000][1][safepoint    ] Safepoint "Cleanup", Time since last: 1000114380 ns, Reaching safepoint: 84177 ns, At safepoint: 10557 ns, Total: 94734 ns
[2020-09-11T17:07:03.554+0000][1][safepoint    ] Safepoint "Cleanup", Time since last: 1000115394 ns, Reaching safepoint: 83498 ns, At safepoint: 11189 ns, Total: 94687 ns
[2020-09-11T17:07:04.554+0000][1][safepoint    ] Safepoint "Cleanup", Time since last: 1000114295 ns, Reaching safepoint: 92956 ns, At safepoint: 10594 ns, Total: 103550 ns
[2020-09-11T17:07:04.802+0000][1][safepoint    ] Safepoint "RevokeBias", Time since last: 248347625 ns, Reaching safepoint: 161289 ns, At safepoint: 23133 ns, Total: 184422 ns
[2020-09-11T17:07:05.231+0000][1][safepoint    ] Safepoint "RevokeBias", Time since last: 428146417 ns, Reaching safepoint: 171258 ns, At safepoint: 25682 ns, Total: 196940 ns
[2020-09-11T17:07:05.569+0000][1][safepoint    ] Safepoint "RevokeBias", Time since last: 337082960 ns, Reaching safepoint: 1158475 ns, At safepoint: 321103 ns, Total: 1479578 ns
[2020-09-11T17:07:06.569+0000][1][safepoint    ] Safepoint "Cleanup", Time since last: 1000117541 ns, Reaching safepoint: 90789 ns, At safepoint: 10528 ns, Total: 101317 ns
[2020-09-11T17:07:07.337+0000][1][safepoint    ] Safepoint "RevokeBias", Time since last: 767614750 ns, Reaching safepoint: 94362 ns, At safepoint: 27222 ns, Total: 121584 ns
[2020-09-11T17:07:08.337+0000][1][safepoint    ] Safepoint "Cleanup", Time since last: 1000134781 ns, Reaching safepoint: 96688 ns, At safepoint: 11589 ns, Total: 108277 ns
[2020-09-11T17:07:09.338+0000][1][safepoint    ] Safepoint "Cleanup", Time since last: 1000141960 ns, Reaching safepoint: 90770 ns, At safepoint: 10520 ns, Total: 101290 ns
[2020-09-11T17:07:09.487+0000][1][safepoint    ] Safepoint "RevokeBias", Time since last: 148918816 ns, Reaching safepoint: 111717 ns, At safepoint: 29533 ns, Total: 141250 ns
[2020-09-11T17:07:10.244+0000][1][safepoint    ] Safepoint "BulkRevokeBias", Time since last: 756927497 ns, Reaching safepoint: 169271 ns, At safepoint: 247739 ns, Total: 417010 ns
[2020-09-11T17:07:10.582+0000][1][safepoint    ] Safepoint "RevokeBias", Time since last: 336704751 ns, Reaching safepoint: 526322 ns, At safepoint: 304078 ns, Total: 830400 ns
[2020-09-11T17:07:11.582+0000][1][safepoint    ] Safepoint "Cleanup", Time since last: 1000142029 ns, Reaching safepoint: 83322 ns, At safepoint: 10586 ns, Total: 93908 ns
[2020-09-11T17:07:12.582+0000][1][safepoint    ] Safepoint "Cleanup", Time since last: 1000114366 ns, Reaching safepoint: 94678 ns, At safepoint: 12354 ns, Total: 107032 ns
[2020-09-11T17:07:13.582+0000][1][safepoint    ] Safepoint "Cleanup", Time since last: 1000116410 ns, Reaching safepoint: 83270 ns, At safepoint: 11567 ns, Total: 94837 ns
[2020-09-11T17:07:14.583+0000][1][safepoint    ] Safepoint "Cleanup", Time since last: 1000115972 ns, Reaching safepoint: 85923 ns, At safepoint: 11448 ns, Total: 97371 ns
[2020-09-11T17:07:14.798+0000][1][safepoint    ] Safepoint "RevokeBias", Time since last: 214836632 ns, Reaching safepoint: 168724 ns, At safepoint: 24311 ns, Total: 193035 ns
[2020-09-11T17:07:15.269+0000][1][safepoint    ] Safepoint "RevokeBias", Time since last: 471492883 ns, Reaching safepoint: 104676 ns, At safepoint: 26472 ns, Total: 131148 ns
[2020-09-11T17:07:15.610+0000][1][safepoint    ] Safepoint "RevokeBias", Time since last: 340532100 ns, Reaching safepoint: 83478 ns, At safepoint: 25431 ns, Total: 108909 ns
[2020-09-11T17:07:16.610+0000][1][safepoint    ] Safepoint "Cleanup", Time since last: 1000117736 ns, Reaching safepoint: 82996 ns, At safepoint: 10031 ns, Total: 93027 ns
[2020-09-11T17:07:17.249+0000][1][gc,start     ] GC(121) Pause Young (Allocation Failure)
[2020-09-11T17:07:17.249+0000][1][gc,task      ] GC(121) Using 1 workers of 1 for evacuation
[2020-09-11T17:07:17.270+0000][1][gc,age       ] GC(121) Desired survivor size 4358144 bytes, new threshold 6 (max threshold 6)
[2020-09-11T17:07:17.270+0000][1][gc,age       ] GC(121) Age table with threshold 6 (max threshold 6)
[2020-09-11T17:07:17.270+0000][1][gc,age       ] GC(121) - age   1:     248840 bytes,     248840 total
[2020-09-11T17:07:17.270+0000][1][gc,age       ] GC(121) - age   2:     151416 bytes,     400256 total
[2020-09-11T17:07:17.270+0000][1][gc,age       ] GC(121) - age   3:     321880 bytes,     722136 total
[2020-09-11T17:07:17.270+0000][1][gc,age       ] GC(121) - age   4:      49456 bytes,     771592 total
[2020-09-11T17:07:17.270+0000][1][gc,age       ] GC(121) - age   5:      23128 bytes,     794720 total
[2020-09-11T17:07:17.270+0000][1][gc,age       ] GC(121) - age   6:      28088 bytes,     822808 total
[2020-09-11T17:07:17.270+0000][1][gc,heap      ] GC(121) ParNew: 68923K->1244K(76672K)
[2020-09-11T17:07:17.270+0000][1][gc,heap      ] GC(121) CMS: 111833K->111862K(439104K)
[2020-09-11T17:07:17.270+0000][1][gc,metaspace ] GC(121) Metaspace: 94179K->94179K(1136640K)
[2020-09-11T17:07:17.270+0000][1][gc           ] GC(121) Pause Young (Allocation Failure) 176M->110M(503M) 21.234ms
[2020-09-11T17:07:17.270+0000][1][gc,cpu       ] GC(121) User=0.01s Sys=0.00s Real=0.02s
[2020-09-11T17:07:17.285+0000][1][safepoint    ] Safepoint "GenCollectForAllocation", Time since last: 638786562 ns, Reaching safepoint: 204248 ns, At safepoint: 35800793 ns, Total: 36005041 ns
[2020-09-11T17:07:17.424+0000][1][safepoint    ] Safepoint "BulkRevokeBias", Time since last: 138680054 ns, Reaching safepoint: 89173 ns, At safepoint: 220006 ns, Total: 309179 ns
[2020-09-11T17:07:18.424+0000][1][safepoint    ] Safepoint "Cleanup", Time since last: 1000126481 ns, Reaching safepoint: 90587 ns, At safepoint: 10328 ns, Total: 100915 ns
[2020-09-11T17:07:19.428+0000][1][safepoint    ] Safepoint "Cleanup", Time since last: 1000774284 ns, Reaching safepoint: 3355307 ns, At safepoint: 12822 ns, Total: 3368129 ns
[2020-09-11T17:07:19.438+0000][1][safepoint    ] Safepoint "RevokeBias", Time since last: 9454458 ns, Reaching safepoint: 90055 ns, At safepoint: 22833 ns, Total: 112888 ns
[2020-09-11T17:07:20.307+0000][1][safepoint    ] Safepoint "RevokeBias", Time since last: 868882036 ns, Reaching safepoint: 91491 ns, At safepoint: 22519 ns, Total: 114010 ns
[2020-09-11T17:07:20.626+0000][1][safepoint    ] Safepoint "RevokeBias", Time since last: 318821994 ns, Reaching safepoint: 225068 ns, At safepoint: 316171 ns, Total: 541239 ns
[2020-09-11T17:07:21.626+0000][1][safepoint    ] Safepoint "Cleanup", Time since last: 1000121516 ns, Reaching safepoint: 84288 ns, At safepoint: 10669 ns, Total: 94957 ns
[2020-09-11T17:07:22.627+0000][1][safepoint    ] Safepoint "Cleanup", Time since last: 1000114080 ns, Reaching safepoint: 81723 ns, At safepoint: 10185 ns, Total: 91908 ns
[2020-09-11T17:07:23.627+0000][1][safepoint    ] Safepoint "Cleanup", Time since last: 1000113512 ns, Reaching safepoint: 83851 ns, At safepoint: 10745 ns, Total: 94596 ns
[2020-09-11T17:07:24.627+0000][1][safepoint    ] Safepoint "Cleanup", Time since last: 1000111879 ns, Reaching safepoint: 83968 ns, At safepoint: 11002 ns, Total: 94970 ns
[2020-09-11T17:07:24.810+0000][1][safepoint    ] Safepoint "RevokeBias", Time since last: 183085957 ns, Reaching safepoint: 166012 ns, At safepoint: 24079 ns, Total: 190091 ns
[2020-09-11T17:07:25.337+0000][1][safepoint    ] Safepoint "RevokeBias", Time since last: 526347934 ns, Reaching safepoint: 165994 ns, At safepoint: 23802 ns, Total: 189796 ns
[2020-09-11T17:07:25.649+0000][1][safepoint    ] Safepoint "RevokeBias", Time since last: 311988461 ns, Reaching safepoint: 218920 ns, At safepoint: 313765 ns, Total: 532685 ns
[2020-09-11T17:07:26.649+0000][1][safepoint    ] Safepoint "Cleanup", Time since last: 1000116323 ns, Reaching safepoint: 85401 ns, At safepoint: 11640 ns, Total: 97041 ns
[2020-09-11T17:07:27.272+0000][1][safepoint    ] Safepoint "RevokeBias", Time since last: 622431138 ns, Reaching safepoint: 106433 ns, At safepoint: 27071 ns, Total: 133504 ns
[2020-09-11T17:07:28.272+0000][1][safepoint    ] Safepoint "Cleanup", Time since last: 1000115172 ns, Reaching safepoint: 85010 ns, At safepoint: 10906 ns, Total: 95916 ns
[2020-09-11T17:07:29.272+0000][1][safepoint    ] Safepoint "Cleanup", Time since last: 1000118524 ns, Reaching safepoint: 89029 ns, At safepoint: 20197 ns, Total: 109226 ns
[2020-09-11T17:07:29.461+0000][1][safepoint    ] Safepoint "RevokeBias", Time since last: 188581945 ns, Reaching safepoint: 87806 ns, At safepoint: 23369 ns, Total: 111175 ns
[2020-09-11T17:07:30.359+0000][1][safepoint    ] Safepoint "RevokeBias", Time since last: 897921969 ns, Reaching safepoint: 89680 ns, At safepoint: 22088 ns, Total: 111768 ns
[2020-09-11T17:07:30.666+0000][1][safepoint    ] Safepoint "RevokeBias", Time since last: 306530883 ns, Reaching safepoint: 77289 ns, At safepoint: 21663 ns, Total: 98952 ns
[2020-09-11T17:07:31.666+0000][1][safepoint    ] Safepoint "Cleanup", Time since last: 1000115350 ns, Reaching safepoint: 83934 ns, At safepoint: 11012 ns, Total: 94946 ns
[2020-09-11T17:07:32.666+0000][1][safepoint    ] Safepoint "Cleanup", Time since last: 1000114836 ns, Reaching safepoint: 84832 ns, At safepoint: 10521 ns, Total: 95353 ns
[2020-09-11T17:07:33.666+0000][1][safepoint    ] Safepoint "Cleanup", Time since last: 1000112298 ns, Reaching safepoint: 80800 ns, At safepoint: 9139 ns, Total: 89939 ns
[2020-09-11T17:07:34.667+0000][1][safepoint    ] Safepoint "Cleanup", Time since last: 1000102948 ns, Reaching safepoint: 81480 ns, At safepoint: 10126 ns, Total: 91606 ns
[2020-09-11T17:07:34.817+0000][1][safepoint    ] Safepoint "RevokeBias", Time since last: 149974098 ns, Reaching safepoint: 196875 ns, At safepoint: 22957 ns, Total: 219832 ns
[2020-09-11T17:07:35.410+0000][1][safepoint    ] Safepoint "RevokeBias", Time since last: 593093884 ns, Reaching safepoint: 179344 ns, At safepoint: 24498 ns, Total: 203842 ns
[2020-09-11T17:07:35.684+0000][1][safepoint    ] Safepoint "RevokeBias", Time since last: 273908991 ns, Reaching safepoint: 79403 ns, At safepoint: 23016 ns, Total: 102419 ns
[2020-09-11T17:07:36.684+0000][1][safepoint    ] Safepoint "Cleanup", Time since last: 1000114935 ns, Reaching safepoint: 88748 ns, At safepoint: 10671 ns, Total: 99419 ns
[2020-09-11T17:07:37.285+0000][1][safepoint    ] Safepoint "RevokeBias", Time since last: 600737644 ns, Reaching safepoint: 97943 ns, At safepoint: 23842 ns, Total: 121785 ns
[2020-09-11T17:07:38.285+0000][1][safepoint    ] Safepoint "Cleanup", Time since last: 1000125849 ns, Reaching safepoint: 87310 ns, At safepoint: 11191 ns, Total: 98501 ns
[2020-09-11T17:07:38.308+0000][1][gc,start     ] GC(122) Pause Young (Allocation Failure)
[2020-09-11T17:07:38.308+0000][1][gc,task      ] GC(122) Using 1 workers of 1 for evacuation
[2020-09-11T17:07:38.317+0000][1][gc,age       ] GC(122) Desired survivor size 4358144 bytes, new threshold 6 (max threshold 6)
[2020-09-11T17:07:38.317+0000][1][gc,age       ] GC(122) Age table with threshold 6 (max threshold 6)
[2020-09-11T17:07:38.317+0000][1][gc,age       ] GC(122) - age   1:     396528 bytes,     396528 total
[2020-09-11T17:07:38.317+0000][1][gc,age       ] GC(122) - age   2:     109920 bytes,     506448 total
[2020-09-11T17:07:38.317+0000][1][gc,age       ] GC(122) - age   3:     149600 bytes,     656048 total
[2020-09-11T17:07:38.317+0000][1][gc,age       ] GC(122) - age   4:      47464 bytes,     703512 total
[2020-09-11T17:07:38.317+0000][1][gc,age       ] GC(122) - age   5:      43696 bytes,     747208 total
[2020-09-11T17:07:38.317+0000][1][gc,age       ] GC(122) - age   6:      22832 bytes,     770040 total
[2020-09-11T17:07:38.317+0000][1][gc,heap      ] GC(122) ParNew: 69404K->758K(76672K)
[2020-09-11T17:07:38.317+0000][1][gc,heap      ] GC(122) CMS: 111862K->111890K(439104K)
[2020-09-11T17:07:38.317+0000][1][gc,metaspace ] GC(122) Metaspace: 94225K->94225K(1136640K)
[2020-09-11T17:07:38.317+0000][1][gc           ] GC(122) Pause Young (Allocation Failure) 177M->110M(503M) 9.028ms
[2020-09-11T17:07:38.317+0000][1][gc,cpu       ] GC(122) User=0.01s Sys=0.00s Real=0.01s
[2020-09-11T17:07:38.317+0000][1][safepoint    ] Safepoint "GenCollectForAllocation", Time since last: 22519531 ns, Reaching safepoint: 76026 ns, At safepoint: 9100221 ns, Total: 9176247 ns
[2020-09-11T17:07:39.509+0000][1][safepoint    ] Safepoint "RevokeBias", Time since last: 1191812627 ns, Reaching safepoint: 96504 ns, At safepoint: 22876 ns, Total: 119380 ns
[2020-09-11T17:07:40.446+0000][1][safepoint    ] Safepoint "RevokeBias", Time since last: 936349779 ns, Reaching safepoint: 92806 ns, At safepoint: 24180 ns, Total: 116986 ns
[2020-09-11T17:07:40.726+0000][1][safepoint    ] Safepoint "RevokeBias", Time since last: 280016051 ns, Reaching safepoint: 84599 ns, At safepoint: 25819 ns, Total: 110418 ns
[2020-09-11T17:07:41.726+0000][1][safepoint    ] Safepoint "Cleanup", Time since last: 1000118409 ns, Reaching safepoint: 116136 ns, At safepoint: 11468 ns, Total: 127604 ns
[2020-09-11T17:07:44.796+0000][1][safepoint    ] Safepoint "RevokeBias", Time since last: 3069927537 ns, Reaching safepoint: 170954 ns, At safepoint: 24682 ns, Total: 195636 ns
[2020-09-11T17:07:45.471+0000][1][safepoint    ] Safepoint "RevokeBias", Time since last: 674685719 ns, Reaching safepoint: 175537 ns, At safepoint: 38874 ns, Total: 214411 ns
[2020-09-11T17:07:45.742+0000][1][safepoint    ] Safepoint "RevokeBias", Time since last: 270537984 ns, Reaching safepoint: 220958 ns, At safepoint: 340395 ns, Total: 561353 ns
[2020-09-11T17:07:47.244+0000][1][safepoint    ] Safepoint "RevokeBias", Time since last: 1501722385 ns, Reaching safepoint: 99183 ns, At safepoint: 23500 ns, Total: 122683 ns
[2020-09-11T17:07:49.514+0000][1][safepoint    ] Safepoint "RevokeBias", Time since last: 2270461649 ns, Reaching safepoint: 94408 ns, At safepoint: 26738 ns, Total: 121146 ns
[2020-09-11T17:07:50.483+0000][1][safepoint    ] Safepoint "RevokeBias", Time since last: 968454107 ns, Reaching safepoint: 257669 ns, At safepoint: 290770 ns, Total: 548439 ns
[2020-09-11T17:07:50.766+0000][1][safepoint    ] Safepoint "RevokeBias", Time since last: 282117633 ns, Reaching safepoint: 77228 ns, At safepoint: 22441 ns, Total: 99669 ns
[2020-09-11T17:07:52.766+0000][1][safepoint    ] Safepoint "Cleanup", Time since last: 2000195774 ns, Reaching safepoint: 87096 ns, At safepoint: 10894 ns, Total: 97990 ns
[2020-09-11T17:07:54.800+0000][1][safepoint    ] Safepoint "RevokeBias", Time since last: 2033636481 ns, Reaching safepoint: 90731 ns, At safepoint: 22953 ns, Total: 113684 ns
[2020-09-11T17:07:55.506+0000][1][safepoint    ] Safepoint "RevokeBias", Time since last: 706245570 ns, Reaching safepoint: 166265 ns, At safepoint: 23318 ns, Total: 189583 ns
[2020-09-11T17:07:55.783+0000][1][safepoint    ] Safepoint "RevokeBias", Time since last: 276769660 ns, Reaching safepoint: 223789 ns, At safepoint: 321755 ns, Total: 545544 ns
[2020-09-11T17:07:57.313+0000][1][gc,start     ] GC(123) Pause Young (Allocation Failure)
[2020-09-11T17:07:57.314+0000][1][gc,task      ] GC(123) Using 1 workers of 1 for evacuation
[2020-09-11T17:07:57.323+0000][1][gc,age       ] GC(123) Desired survivor size 4358144 bytes, new threshold 6 (max threshold 6)
[2020-09-11T17:07:57.341+0000][1][gc,age       ] GC(123) Age table with threshold 6 (max threshold 6)
[2020-09-11T17:07:57.341+0000][1][gc,age       ] GC(123) - age   1:     237288 bytes,     237288 total
[2020-09-11T17:07:57.341+0000][1][gc,age       ] GC(123) - age   2:     345616 bytes,     582904 total
[2020-09-11T17:07:57.341+0000][1][gc,age       ] GC(123) - age   3:     107048 bytes,     689952 total
[2020-09-11T17:07:57.341+0000][1][gc,age       ] GC(123) - age   4:     102208 bytes,     792160 total
[2020-09-11T17:07:57.341+0000][1][gc,age       ] GC(123) - age   5:      22576 bytes,     814736 total
[2020-09-11T17:07:57.341+0000][1][gc,age       ] GC(123) - age   6:      43696 bytes,     858432 total
[2020-09-11T17:07:57.341+0000][1][gc,heap      ] GC(123) ParNew: 68918K->1507K(76672K)
[2020-09-11T17:07:57.341+0000][1][gc,heap      ] GC(123) CMS: 111890K->111912K(439104K)
[2020-09-11T17:07:57.341+0000][1][gc,metaspace ] GC(123) Metaspace: 94242K->94242K(1136640K)
[2020-09-11T17:07:57.341+0000][1][gc           ] GC(123) Pause Young (Allocation Failure) 176M->110M(503M) 27.505ms
[2020-09-11T17:07:57.341+0000][1][gc,cpu       ] GC(123) User=0.00s Sys=0.00s Real=0.03s
[2020-09-11T17:07:57.341+0000][1][safepoint    ] Safepoint "GenCollectForAllocation", Time since last: 1529809088 ns, Reaching safepoint: 158586 ns, At safepoint: 27582603 ns, Total: 27741189 ns
[2020-09-11T17:07:57.351+0000][1][safepoint    ] Safepoint "RevokeBias", Time since last: 9616201 ns, Reaching safepoint: 87921 ns, At safepoint: 35690 ns, Total: 123611 ns
[2020-09-11T17:07:59.499+0000][1][safepoint    ] Safepoint "RevokeBias", Time since last: 2147753261 ns, Reaching safepoint: 91488 ns, At safepoint: 36453 ns, Total: 127941 ns
[2020-09-11T17:08:00.519+0000][1][safepoint    ] Safepoint "RevokeBias", Time since last: 1019969946 ns, Reaching safepoint: 90737 ns, At safepoint: 33368 ns, Total: 124105 ns
[2020-09-11T17:08:00.794+0000][1][safepoint    ] Safepoint "RevokeBias", Time since last: 274805122 ns, Reaching safepoint: 83302 ns, At safepoint: 37602 ns, Total: 120904 ns
[2020-09-11T17:08:02.795+0000][1][safepoint    ] Safepoint "Cleanup", Time since last: 2000838844 ns, Reaching safepoint: 89044 ns, At safepoint: 10420 ns, Total: 99464 ns
[2020-09-11T17:08:04.805+0000][1][safepoint    ] Safepoint "RevokeBias", Time since last: 2010188855 ns, Reaching safepoint: 164374 ns, At safepoint: 25047 ns, Total: 189421 ns
[2020-09-11T17:08:05.554+0000][1][safepoint    ] Safepoint "RevokeBias", Time since last: 748737008 ns, Reaching safepoint: 175495 ns, At safepoint: 25405 ns, Total: 200900 ns
[2020-09-11T17:08:05.815+0000][1][safepoint    ] Safepoint "RevokeBias", Time since last: 261227360 ns, Reaching safepoint: 81674 ns, At safepoint: 27265 ns, Total: 108939 ns
[2020-09-11T17:08:07.344+0000][1][safepoint    ] Safepoint "RevokeBias", Time since last: 1528169081 ns, Reaching safepoint: 97101 ns, At safepoint: 24138 ns, Total: 121239 ns
[2020-09-11T17:08:09.451+0000][1][safepoint    ] Safepoint "RevokeBias", Time since last: 2107540901 ns, Reaching safepoint: 106162 ns, At safepoint: 23911 ns, Total: 130073 ns
[2020-09-11T17:08:10.576+0000][1][safepoint    ] Safepoint "RevokeBias", Time since last: 1124892230 ns, Reaching safepoint: 178689 ns, At safepoint: 27785 ns, Total: 206474 ns
[2020-09-11T17:08:10.828+0000][1][safepoint    ] Safepoint "RevokeBias", Time since last: 250738938 ns, Reaching safepoint: 238801 ns, At safepoint: 471472 ns, Total: 710273 ns
[2020-09-11T17:08:14.852+0000][1][safepoint    ] Safepoint "RevokeBias", Time since last: 4023595081 ns, Reaching safepoint: 174523 ns, At safepoint: 28349 ns, Total: 202872 ns
[2020-09-11T17:08:15.598+0000][1][safepoint    ] Safepoint "RevokeBias", Time since last: 746348656 ns, Reaching safepoint: 182713 ns, At safepoint: 26718 ns, Total: 209431 ns
[2020-09-11T17:08:15.857+0000][1][safepoint    ] Safepoint "RevokeBias", Time since last: 258120744 ns, Reaching safepoint: 229681 ns, At safepoint: 399542 ns, Total: 629223 ns
[2020-09-11T17:08:17.257+0000][1][safepoint    ] Safepoint "RevokeBias", Time since last: 1400203732 ns, Reaching safepoint: 95975 ns, At safepoint: 29870 ns, Total: 125845 ns
[2020-09-11T17:08:19.421+0000][1][gc,start     ] GC(124) Pause Young (Allocation Failure)
[2020-09-11T17:08:19.421+0000][1][gc,task      ] GC(124) Using 1 workers of 1 for evacuation
[2020-09-11T17:08:19.429+0000][1][gc,age       ] GC(124) Desired survivor size 4358144 bytes, new threshold 6 (max threshold 6)
[2020-09-11T17:08:19.429+0000][1][gc,age       ] GC(124) Age table with threshold 6 (max threshold 6)
[2020-09-11T17:08:19.429+0000][1][gc,age       ] GC(124) - age   1:     116880 bytes,     116880 total
[2020-09-11T17:08:19.429+0000][1][gc,age       ] GC(124) - age   2:     103808 bytes,     220688 total
[2020-09-11T17:08:19.429+0000][1][gc,age       ] GC(124) - age   3:     340936 bytes,     561624 total
[2020-09-11T17:08:19.429+0000][1][gc,age       ] GC(124) - age   4:     103072 bytes,     664696 total
[2020-09-11T17:08:19.429+0000][1][gc,age       ] GC(124) - age   5:      94656 bytes,     759352 total
[2020-09-11T17:08:19.429+0000][1][gc,age       ] GC(124) - age   6:      22576 bytes,     781928 total
[2020-09-11T17:08:19.429+0000][1][gc,heap      ] GC(124) ParNew: 69667K->1005K(76672K)
[2020-09-11T17:08:19.429+0000][1][gc,heap      ] GC(124) CMS: 111912K->111955K(439104K)
[2020-09-11T17:08:19.429+0000][1][gc,metaspace ] GC(124) Metaspace: 94282K->94282K(1136640K)
[2020-09-11T17:08:19.429+0000][1][gc           ] GC(124) Pause Young (Allocation Failure) 177M->110M(503M) 8.401ms
[2020-09-11T17:08:19.429+0000][1][gc,cpu       ] GC(124) User=0.01s Sys=0.00s Real=0.00s
[2020-09-11T17:08:19.429+0000][1][safepoint    ] Safepoint "GenCollectForAllocation", Time since last: 2159068497 ns, Reaching safepoint: 4512775 ns, At safepoint: 8483998 ns, Total: 12996773 ns
[2020-09-11T17:08:19.474+0000][1][safepoint    ] Safepoint "RevokeBias", Time since last: 44967858 ns, Reaching safepoint: 97066 ns, At safepoint: 23866 ns, Total: 120932 ns
[2020-09-11T17:08:20.621+0000][1][safepoint    ] Safepoint "RevokeBias", Time since last: 1146699134 ns, Reaching safepoint: 165246 ns, At safepoint: 23669 ns, Total: 188915 ns
[2020-09-11T17:08:20.895+0000][1][safepoint    ] Safepoint "BulkRevokeBias", Time since last: 273199765 ns, Reaching safepoint: 210301 ns, At safepoint: 740699 ns, Total: 951000 ns
[2020-09-11T17:08:21.896+0000][1][safepoint    ] Safepoint "Cleanup", Time since last: 1000123797 ns, Reaching safepoint: 88171 ns, At safepoint: 24425 ns, Total: 112596 ns
[2020-09-11T17:08:24.809+0000][1][safepoint    ] Safepoint "RevokeBias", Time since last: 2913137888 ns, Reaching safepoint: 166258 ns, At safepoint: 24663 ns, Total: 190921 ns
[2020-09-11T17:08:25.645+0000][1][safepoint    ] Safepoint "RevokeBias", Time since last: 836090724 ns, Reaching safepoint: 173258 ns, At safepoint: 27532 ns, Total: 200790 ns
[2020-09-11T17:08:25.921+0000][1][safepoint    ] Safepoint "RevokeBias", Time since last: 275540332 ns, Reaching safepoint: 225524 ns, At safepoint: 348284 ns, Total: 573808 ns
[2020-09-11T17:08:27.373+0000][1][safepoint    ] Safepoint "RevokeBias", Time since last: 1451638547 ns, Reaching safepoint: 180238 ns, At safepoint: 28556 ns, Total: 208794 ns
[2020-09-11T17:08:29.490+0000][1][safepoint    ] Safepoint "RevokeBias", Time since last: 2116260778 ns, Reaching safepoint: 97477 ns, At safepoint: 22956 ns, Total: 120433 ns
[2020-09-11T17:08:30.661+0000][1][safepoint    ] Safepoint "RevokeBias", Time since last: 1171593065 ns, Reaching safepoint: 181889 ns, At safepoint: 25958 ns, Total: 207847 ns
[2020-09-11T17:08:30.941+0000][1][safepoint    ] Safepoint "RevokeBias", Time since last: 279310278 ns, Reaching safepoint: 121504 ns, At safepoint: 25721 ns, Total: 147225 ns
[2020-09-11T17:08:32.941+0000][1][safepoint    ] Safepoint "Cleanup", Time since last: 2000189173 ns, Reaching safepoint: 88055 ns, At safepoint: 10869 ns, Total: 98924 ns
[2020-09-11T17:08:34.879+0000][1][safepoint    ] Safepoint "RevokeBias", Time since last: 1937438611 ns, Reaching safepoint: 169137 ns, At safepoint: 23945 ns, Total: 193082 ns
[2020-09-11T17:08:35.680+0000][1][safepoint    ] Safepoint "RevokeBias", Time since last: 801469862 ns, Reaching safepoint: 97554 ns, At safepoint: 26407 ns, Total: 123961 ns
[2020-09-11T17:08:35.961+0000][1][safepoint    ] Safepoint "RevokeBias", Time since last: 280847713 ns, Reaching safepoint: 85556 ns, At safepoint: 37338 ns, Total: 122894 ns
[2020-09-11T17:08:37.255+0000][1][safepoint    ] Safepoint "RevokeBias", Time since last: 1293513053 ns, Reaching safepoint: 93865 ns, At safepoint: 24751 ns, Total: 118616 ns
[2020-09-11T17:08:39.255+0000][1][safepoint    ] Safepoint "Cleanup", Time since last: 2000187348 ns, Reaching safepoint: 89938 ns, At safepoint: 11195 ns, Total: 101133 ns
[2020-09-11T17:08:39.417+0000][1][gc,start     ] GC(125) Pause Young (Allocation Failure)
[2020-09-11T17:08:39.417+0000][1][gc,task      ] GC(125) Using 1 workers of 1 for evacuation
[2020-09-11T17:08:39.427+0000][1][gc,age       ] GC(125) Desired survivor size 4358144 bytes, new threshold 6 (max threshold 6)
[2020-09-11T17:08:39.427+0000][1][gc,age       ] GC(125) Age table with threshold 6 (max threshold 6)
[2020-09-11T17:08:39.427+0000][1][gc,age       ] GC(125) - age   1:     420760 bytes,     420760 total
[2020-09-11T17:08:39.427+0000][1][gc,age       ] GC(125) - age   2:      45968 bytes,     466728 total
[2020-09-11T17:08:39.427+0000][1][gc,age       ] GC(125) - age   3:     102024 bytes,     568752 total
[2020-09-11T17:08:39.427+0000][1][gc,age       ] GC(125) - age   4:      90232 bytes,     658984 total
[2020-09-11T17:08:39.427+0000][1][gc,age       ] GC(125) - age   5:      67928 bytes,     726912 total
[2020-09-11T17:08:39.427+0000][1][gc,age       ] GC(125) - age   6:      94360 bytes,     821272 total
[2020-09-11T17:08:39.427+0000][1][gc,heap      ] GC(125) ParNew: 69165K->1396K(76672K)
[2020-09-11T17:08:39.427+0000][1][gc,heap      ] GC(125) CMS: 111955K->111977K(439104K)
[2020-09-11T17:08:39.427+0000][1][gc,metaspace ] GC(125) Metaspace: 94300K->94300K(1136640K)
[2020-09-11T17:08:39.427+0000][1][gc           ] GC(125) Pause Young (Allocation Failure) 176M->110M(503M) 10.260ms
[2020-09-11T17:08:39.427+0000][1][gc,cpu       ] GC(125) User=0.00s Sys=0.00s Real=0.01s
[2020-09-11T17:08:39.427+0000][1][safepoint    ] Safepoint "GenCollectForAllocation", Time since last: 160883628 ns, Reaching safepoint: 754067 ns, At safepoint: 10334387 ns, Total: 11088454 ns
[2020-09-11T17:08:39.521+0000][1][safepoint    ] Safepoint "RevokeBias", Time since last: 93302585 ns, Reaching safepoint: 93972 ns, At safepoint: 25926 ns, Total: 119898 ns
[2020-09-11T17:08:40.700+0000][1][safepoint    ] Safepoint "RevokeBias", Time since last: 1178933768 ns, Reaching safepoint: 91207 ns, At safepoint: 25251 ns, Total: 116458 ns
[2020-09-11T17:08:40.992+0000][1][safepoint    ] Safepoint "RevokeBias", Time since last: 291931942 ns, Reaching safepoint: 83659 ns, At safepoint: 25739 ns, Total: 109398 ns
[2020-09-11T17:08:44.838+0000][1][safepoint    ] Safepoint "RevokeBias", Time since last: 3846000999 ns, Reaching safepoint: 175274 ns, At safepoint: 25090 ns, Total: 200364 ns
[2020-09-11T17:08:45.711+0000][1][safepoint    ] Safepoint "RevokeBias", Time since last: 872437592 ns, Reaching safepoint: 235064 ns, At safepoint: 312968 ns, Total: 548032 ns
[2020-09-11T17:08:46.006+0000][1][safepoint    ] Safepoint "RevokeBias", Time since last: 295055616 ns, Reaching safepoint: 84558 ns, At safepoint: 25699 ns, Total: 110257 ns
[2020-09-11T17:08:47.006+0000][1][safepoint    ] Safepoint "Cleanup", Time since last: 1000121080 ns, Reaching safepoint: 82429 ns, At safepoint: 8408 ns, Total: 90837 ns
[2020-09-11T17:08:47.397+0000][1][safepoint    ] Safepoint "BulkRevokeBias", Time since last: 387220343 ns, Reaching safepoint: 3342353 ns, At safepoint: 276068 ns, Total: 3618421 ns
[2020-09-11T17:08:49.449+0000][1][safepoint    ] Safepoint "RevokeBias", Time since last: 2051878157 ns, Reaching safepoint: 115757 ns, At safepoint: 23490 ns, Total: 139247 ns
[2020-09-11T17:08:50.737+0000][1][safepoint    ] Safepoint "RevokeBias", Time since last: 1287734765 ns, Reaching safepoint: 89841 ns, At safepoint: 23902 ns, Total: 113743 ns
[2020-09-11T17:08:51.062+0000][1][safepoint    ] Safepoint "RevokeBias", Time since last: 324618002 ns, Reaching safepoint: 244698 ns, At safepoint: 321972 ns, Total: 566670 ns
[2020-09-11T17:08:53.062+0000][1][safepoint    ] Safepoint "Cleanup", Time since last: 2000197024 ns, Reaching safepoint: 86065 ns, At safepoint: 8018 ns, Total: 94083 ns
[2020-09-11T17:08:54.810+0000][1][safepoint    ] Safepoint "RevokeBias", Time since last: 1746834489 ns, Reaching safepoint: 168529 ns, At safepoint: 24830 ns, Total: 193359 ns
[2020-09-11T17:08:55.786+0000][1][safepoint    ] Safepoint "RevokeBias", Time since last: 976067119 ns, Reaching safepoint: 164919 ns, At safepoint: 24055 ns, Total: 188974 ns
[2020-09-11T17:08:56.096+0000][1][safepoint    ] Safepoint "RevokeBias", Time since last: 310059949 ns, Reaching safepoint: 217721 ns, At safepoint: 305502 ns, Total: 523223 ns
[2020-09-11T17:08:57.097+0000][1][safepoint    ] Safepoint "Cleanup", Time since last: 1000123603 ns, Reaching safepoint: 87174 ns, At safepoint: 10243 ns, Total: 97417 ns
[2020-09-11T17:08:57.324+0000][1][safepoint    ] Safepoint "RevokeBias", Time since last: 227184064 ns, Reaching safepoint: 94527 ns, At safepoint: 23095 ns, Total: 117622 ns
[2020-09-11T17:08:58.324+0000][1][safepoint    ] Safepoint "Cleanup", Time since last: 1000119329 ns, Reaching safepoint: 97624 ns, At safepoint: 8102 ns, Total: 105726 ns
[2020-09-11T17:08:59.421+0000][1][gc,start     ] GC(126) Pause Young (Allocation Failure)
[2020-09-11T17:08:59.421+0000][1][gc,task      ] GC(126) Using 1 workers of 1 for evacuation
[2020-09-11T17:08:59.434+0000][1][gc,age       ] GC(126) Desired survivor size 4358144 bytes, new threshold 6 (max threshold 6)
[2020-09-11T17:08:59.434+0000][1][gc,age       ] GC(126) Age table with threshold 6 (max threshold 6)
[2020-09-11T17:08:59.434+0000][1][gc,age       ] GC(126) - age   1:     235552 bytes,     235552 total
[2020-09-11T17:08:59.434+0000][1][gc,age       ] GC(126) - age   2:     348280 bytes,     583832 total
[2020-09-11T17:08:59.434+0000][1][gc,age       ] GC(126) - age   3:      44088 bytes,     627920 total
[2020-09-11T17:08:59.434+0000][1][gc,age       ] GC(126) - age   4:      48712 bytes,     676632 total
[2020-09-11T17:08:59.434+0000][1][gc,age       ] GC(126) - age   5:      25264 bytes,     701896 total
[2020-09-11T17:08:59.434+0000][1][gc,age       ] GC(126) - age   6:      60568 bytes,     762464 total
[2020-09-11T17:08:59.434+0000][1][gc,heap      ] GC(126) ParNew: 69556K->950K(76672K)
[2020-09-11T17:08:59.434+0000][1][gc,heap      ] GC(126) CMS: 111977K->112069K(439104K)
[2020-09-11T17:08:59.434+0000][1][gc,metaspace ] GC(126) Metaspace: 94324K->94324K(1136640K)
[2020-09-11T17:08:59.442+0000][1][gc           ] GC(126) Pause Young (Allocation Failure) 177M->110M(503M) 20.745ms
[2020-09-11T17:08:59.442+0000][1][gc,cpu       ] GC(126) User=0.00s Sys=0.00s Real=0.02s
[2020-09-11T17:08:59.442+0000][1][safepoint    ] Safepoint "GenCollectForAllocation", Time since last: 1096077422 ns, Reaching safepoint: 676410 ns, At safepoint: 20831528 ns, Total: 21507938 ns
[2020-09-11T17:08:59.556+0000][1][safepoint    ] Safepoint "RevokeBias", Time since last: 114149021 ns, Reaching safepoint: 97934 ns, At safepoint: 41505 ns, Total: 139439 ns
[2020-09-11T17:09:00.557+0000][1][safepoint    ] Safepoint "Cleanup", Time since last: 1000897206 ns, Reaching safepoint: 89808 ns, At safepoint: 26047 ns, Total: 115855 ns
[2020-09-11T17:09:00.817+0000][1][safepoint    ] Safepoint "RevokeBias", Time since last: 258201208 ns, Reaching safepoint: 1661105 ns, At safepoint: 240349 ns, Total: 1901454 ns
[2020-09-11T17:09:01.113+0000][1][safepoint    ] Safepoint "RevokeBias", Time since last: 296084107 ns, Reaching safepoint: 85373 ns, At safepoint: 38505 ns, Total: 123878 ns
[2020-09-11T17:09:04.837+0000][1][safepoint    ] Safepoint "RevokeBias", Time since last: 3723503150 ns, Reaching safepoint: 168961 ns, At safepoint: 24701 ns, Total: 193662 ns
[2020-09-11T17:09:05.851+0000][1][safepoint    ] Safepoint "RevokeBias", Time since last: 1012565339 ns, Reaching safepoint: 1028707 ns, At safepoint: 25127 ns, Total: 1053834 ns
[2020-09-11T17:09:06.145+0000][1][safepoint    ] Safepoint "RevokeBias", Time since last: 292209252 ns, Reaching safepoint: 2023956 ns, At safepoint: 330635 ns, Total: 2354591 ns
[2020-09-11T17:09:07.285+0000][1][safepoint    ] Safepoint "RevokeBias", Time since last: 1139830441 ns, Reaching safepoint: 89422 ns, At safepoint: 23753 ns, Total: 113175 ns
[2020-09-11T17:09:09.479+0000][1][safepoint    ] Safepoint "RevokeBias", Time since last: 2194013242 ns, Reaching safepoint: 97984 ns, At safepoint: 24785 ns, Total: 122769 ns
[2020-09-11T17:09:10.876+0000][1][safepoint    ] Safepoint "RevokeBias", Time since last: 1396702109 ns, Reaching safepoint: 171208 ns, At safepoint: 26779 ns, Total: 197987 ns
[2020-09-11T17:09:11.162+0000][1][safepoint    ] Safepoint "RevokeBias", Time since last: 285319217 ns, Reaching safepoint: 224536 ns, At safepoint: 324635 ns, Total: 549171 ns
[2020-09-11T17:09:14.162+0000][1][safepoint    ] Safepoint "Cleanup", Time since last: 3000272189 ns, Reaching safepoint: 84184 ns, At safepoint: 10274 ns, Total: 94458 ns
[2020-09-11T17:09:14.865+0000][1][safepoint    ] Safepoint "RevokeBias", Time since last: 702433862 ns, Reaching safepoint: 165768 ns, At safepoint: 24670 ns, Total: 190438 ns
[2020-09-11T17:09:15.906+0000][1][safepoint    ] Safepoint "RevokeBias", Time since last: 1040680330 ns, Reaching safepoint: 176902 ns, At safepoint: 26999 ns, Total: 203901 ns
[2020-09-11T17:09:16.174+0000][1][safepoint    ] Safepoint "RevokeBias", Time since last: 267100870 ns, Reaching safepoint: 231388 ns, At safepoint: 318473 ns, Total: 549861 ns
[2020-09-11T17:09:17.289+0000][1][safepoint    ] Safepoint "RevokeBias", Time since last: 1115088009 ns, Reaching safepoint: 116451 ns, At safepoint: 22879 ns, Total: 139330 ns
[2020-09-11T17:09:19.457+0000][1][safepoint    ] Safepoint "RevokeBias", Time since last: 2168238380 ns, Reaching safepoint: 93074 ns, At safepoint: 23483 ns, Total: 116557 ns
[2020-09-11T17:09:20.457+0000][1][safepoint    ] Safepoint "Cleanup", Time since last: 1000118047 ns, Reaching safepoint: 110318 ns, At safepoint: 11314 ns, Total: 121632 ns
[2020-09-11T17:09:20.922+0000][1][safepoint    ] Safepoint "RevokeBias", Time since last: 464625107 ns, Reaching safepoint: 172655 ns, At safepoint: 46718 ns, Total: 219373 ns
[2020-09-11T17:09:21.199+0000][1][safepoint    ] Safepoint "RevokeBias", Time since last: 276318068 ns, Reaching safepoint: 237201 ns, At safepoint: 321240 ns, Total: 558441 ns
[2020-09-11T17:09:22.420+0000][1][gc,start     ] GC(127) Pause Young (Allocation Failure)
[2020-09-11T17:09:22.420+0000][1][gc,task      ] GC(127) Using 1 workers of 1 for evacuation
[2020-09-11T17:09:22.429+0000][1][gc,age       ] GC(127) Desired survivor size 4358144 bytes, new threshold 6 (max threshold 6)
[2020-09-11T17:09:22.430+0000][1][gc,age       ] GC(127) Age table with threshold 6 (max threshold 6)
[2020-09-11T17:09:22.430+0000][1][gc,age       ] GC(127) - age   1:     142280 bytes,     142280 total
[2020-09-11T17:09:22.430+0000][1][gc,age       ] GC(127) - age   2:     163800 bytes,     306080 total
[2020-09-11T17:09:22.430+0000][1][gc,age       ] GC(127) - age   3:     344392 bytes,     650472 total
[2020-09-11T17:09:22.430+0000][1][gc,age       ] GC(127) - age   4:      43800 bytes,     694272 total
[2020-09-11T17:09:22.430+0000][1][gc,age       ] GC(127) - age   5:      48712 bytes,     742984 total
[2020-09-11T17:09:22.430+0000][1][gc,age       ] GC(127) - age   6:      24952 bytes,     767936 total
[2020-09-11T17:09:22.430+0000][1][gc,heap      ] GC(127) ParNew: 69110K->1354K(76672K)
[2020-09-11T17:09:22.430+0000][1][gc,heap      ] GC(127) CMS: 112069K->112128K(439104K)
[2020-09-11T17:09:22.430+0000][1][gc,metaspace ] GC(127) Metaspace: 94338K->94338K(1136640K)
[2020-09-11T17:09:22.430+0000][1][gc           ] GC(127) Pause Young (Allocation Failure) 176M->110M(503M) 10.599ms
[2020-09-11T17:09:22.430+0000][1][gc,cpu       ] GC(127) User=0.00s Sys=0.01s Real=0.01s
[2020-09-11T17:09:22.430+0000][1][safepoint    ] Safepoint "GenCollectForAllocation", Time since last: 1220218119 ns, Reaching safepoint: 162755 ns, At safepoint: 10671544 ns, Total: 10834299 ns
[2020-09-11T17:09:24.805+0000][1][safepoint    ] Safepoint "RevokeBias", Time since last: 2374495366 ns, Reaching safepoint: 192105 ns, At safepoint: 24820 ns, Total: 216925 ns
[2020-09-11T17:09:25.939+0000][1][safepoint    ] Safepoint "RevokeBias", Time since last: 1133645488 ns, Reaching safepoint: 170261 ns, At safepoint: 47949 ns, Total: 218210 ns
[2020-09-11T17:09:26.234+0000][1][safepoint    ] Safepoint "RevokeBias", Time since last: 294965283 ns, Reaching safepoint: 86380 ns, At safepoint: 27096 ns, Total: 113476 ns
[2020-09-11T17:09:27.234+0000][1][safepoint    ] Safepoint "Cleanup", Time since last: 1000117986 ns, Reaching safepoint: 129054 ns, At safepoint: 8209 ns, Total: 137263 ns
[2020-09-11T17:09:27.267+0000][1][safepoint    ] Safepoint "RevokeBias", Time since last: 33197885 ns, Reaching safepoint: 90144 ns, At safepoint: 23204 ns, Total: 113348 ns
[2020-09-11T17:09:29.475+0000][1][safepoint    ] Safepoint "RevokeBias", Time since last: 2207287514 ns, Reaching safepoint: 89588 ns, At safepoint: 23460 ns, Total: 113048 ns
[2020-09-11T17:09:30.958+0000][1][safepoint    ] Safepoint "RevokeBias", Time since last: 1483550060 ns, Reaching safepoint: 96713 ns, At safepoint: 25893 ns, Total: 122606 ns
[2020-09-11T17:09:31.253+0000][1][safepoint    ] Safepoint "RevokeBias", Time since last: 294030485 ns, Reaching safepoint: 85782 ns, At safepoint: 25294 ns, Total: 111076 ns
[2020-09-11T17:09:34.831+0000][1][safepoint    ] Safepoint "RevokeBias", Time since last: 3577985922 ns, Reaching safepoint: 176493 ns, At safepoint: 28241 ns, Total: 204734 ns
[2020-09-11T17:09:35.998+0000][1][safepoint    ] Safepoint "BulkRevokeBias", Time since last: 1166511999 ns, Reaching safepoint: 194751 ns, At safepoint: 262654 ns, Total: 457405 ns
[2020-09-11T17:09:36.267+0000][1][safepoint    ] Safepoint "RevokeBias", Time since last: 268944377 ns, Reaching safepoint: 234356 ns, At safepoint: 346875 ns, Total: 581231 ns
[2020-09-11T17:09:37.267+0000][1][safepoint    ] Safepoint "Cleanup", Time since last: 1000121013 ns, Reaching safepoint: 82458 ns, At safepoint: 7837 ns, Total: 90295 ns
[2020-09-11T17:09:37.299+0000][1][safepoint    ] Safepoint "RevokeBias", Time since last: 31672320 ns, Reaching safepoint: 90294 ns, At safepoint: 23514 ns, Total: 113808 ns
[2020-09-11T17:09:39.300+0000][1][safepoint    ] Safepoint "Cleanup", Time since last: 2000193568 ns, Reaching safepoint: 88750 ns, At safepoint: 10915 ns, Total: 99665 ns
[2020-09-11T17:09:39.416+0000][1][gc,start     ] GC(128) Pause Young (Allocation Failure)
[2020-09-11T17:09:39.416+0000][1][gc,task      ] GC(128) Using 1 workers of 1 for evacuation
[2020-09-11T17:09:39.424+0000][1][gc,age       ] GC(128) Desired survivor size 4358144 bytes, new threshold 6 (max threshold 6)
[2020-09-11T17:09:39.424+0000][1][gc,age       ] GC(128) Age table with threshold 6 (max threshold 6)
[2020-09-11T17:09:39.424+0000][1][gc,age       ] GC(128) - age   1:     171648 bytes,     171648 total
[2020-09-11T17:09:39.424+0000][1][gc,age       ] GC(128) - age   2:      89384 bytes,     261032 total
[2020-09-11T17:09:39.424+0000][1][gc,age       ] GC(128) - age   3:     161744 bytes,     422776 total
[2020-09-11T17:09:39.424+0000][1][gc,age       ] GC(128) - age   4:     313792 bytes,     736568 total
[2020-09-11T17:09:39.424+0000][1][gc,age       ] GC(128) - age   5:      36312 bytes,     772880 total
[2020-09-11T17:09:39.424+0000][1][gc,age       ] GC(128) - age   6:      19920 bytes,     792800 total
[2020-09-11T17:09:39.424+0000][1][gc,heap      ] GC(128) ParNew: 69514K->901K(76672K)
[2020-09-11T17:09:39.424+0000][1][gc,heap      ] GC(128) CMS: 112128K->112152K(439104K)
[2020-09-11T17:09:39.424+0000][1][gc,metaspace ] GC(128) Metaspace: 94343K->94343K(1136640K)
[2020-09-11T17:09:39.424+0000][1][gc           ] GC(128) Pause Young (Allocation Failure) 177M->110M(503M) 8.861ms
[2020-09-11T17:09:39.424+0000][1][gc,cpu       ] GC(128) User=0.00s Sys=0.00s Real=0.01s
[2020-09-11T17:09:39.425+0000][1][safepoint    ] Safepoint "GenCollectForAllocation", Time since last: 115859130 ns, Reaching safepoint: 166781 ns, At safepoint: 8973271 ns, Total: 9140052 ns
[2020-09-11T17:09:39.450+0000][1][safepoint    ] Safepoint "RevokeBias", Time since last: 24840339 ns, Reaching safepoint: 86907 ns, At safepoint: 33342 ns, Total: 120249 ns
[2020-09-11T17:09:41.021+0000][1][safepoint    ] Safepoint "RevokeBias", Time since last: 1570974334 ns, Reaching safepoint: 98509 ns, At safepoint: 40121 ns, Total: 138630 ns
[2020-09-11T17:09:41.279+0000][1][safepoint    ] Safepoint "RevokeBias", Time since last: 258656707 ns, Reaching safepoint: 86348 ns, At safepoint: 38389 ns, Total: 124737 ns
[2020-09-11T17:09:44.892+0000][1][safepoint    ] Safepoint "RevokeBias", Time since last: 3612481899 ns, Reaching safepoint: 168318 ns, At safepoint: 24291 ns, Total: 192609 ns
[2020-09-11T17:09:46.037+0000][1][safepoint    ] Safepoint "RevokeBias", Time since last: 1144838181 ns, Reaching safepoint: 92656 ns, At safepoint: 25970 ns, Total: 118626 ns
[2020-09-11T17:09:46.301+0000][1][safepoint    ] Safepoint "RevokeBias", Time since last: 263730964 ns, Reaching safepoint: 81753 ns, At safepoint: 25990 ns, Total: 107743 ns
[2020-09-11T17:09:47.301+0000][1][safepoint    ] Safepoint "Cleanup", Time since last: 1000117149 ns, Reaching safepoint: 135655 ns, At safepoint: 11315 ns, Total: 146970 ns
[2020-09-11T17:09:47.326+0000][1][safepoint    ] Safepoint "RevokeBias", Time since last: 24677144 ns, Reaching safepoint: 91707 ns, At safepoint: 25034 ns, Total: 116741 ns
[2020-09-11T17:09:48.326+0000][1][safepoint    ] Safepoint "Cleanup", Time since last: 1000108172 ns, Reaching safepoint: 86109 ns, At safepoint: 10293 ns, Total: 96402 ns
[2020-09-11T17:09:49.326+0000][1][safepoint    ] Safepoint "Cleanup", Time since last: 1000116959 ns, Reaching safepoint: 84780 ns, At safepoint: 11233 ns, Total: 96013 ns
[2020-09-11T17:09:49.521+0000][1][safepoint    ] Safepoint "RevokeBias", Time since last: 195010823 ns, Reaching safepoint: 91498 ns, At safepoint: 25802 ns, Total: 117300 ns
[2020-09-11T17:09:50.522+0000][1][safepoint    ] Safepoint "Cleanup", Time since last: 1000115637 ns, Reaching safepoint: 107142 ns, At safepoint: 11249 ns, Total: 118391 ns
[2020-09-11T17:09:51.058+0000][1][safepoint    ] Safepoint "RevokeBias", Time since last: 535924026 ns, Reaching safepoint: 184064 ns, At safepoint: 44818 ns, Total: 228882 ns
[2020-09-11T17:09:51.318+0000][1][safepoint    ] Safepoint "RevokeBias", Time since last: 259909289 ns, Reaching safepoint: 231076 ns, At safepoint: 330901 ns, Total: 561977 ns
[2020-09-11T17:09:52.319+0000][1][safepoint    ] Safepoint "Cleanup", Time since last: 1000135250 ns, Reaching safepoint: 78477 ns, At safepoint: 10041 ns, Total: 88518 ns
[2020-09-11T17:09:53.319+0000][1][safepoint    ] Safepoint "Cleanup", Time since last: 1000107928 ns, Reaching safepoint: 87079 ns, At safepoint: 10283 ns, Total: 97362 ns
[2020-09-11T17:09:54.319+0000][1][safepoint    ] Safepoint "Cleanup", Time since last: 1000103507 ns, Reaching safepoint: 87101 ns, At safepoint: 9886 ns, Total: 96987 ns
[2020-09-11T17:09:54.840+0000][1][safepoint    ] Safepoint "RevokeBias", Time since last: 520773471 ns, Reaching safepoint: 168425 ns, At safepoint: 24777 ns, Total: 193202 ns
[2020-09-11T17:09:55.840+0000][1][safepoint    ] Safepoint "Cleanup", Time since last: 1000113574 ns, Reaching safepoint: 83373 ns, At safepoint: 10773 ns, Total: 94146 ns
[2020-09-11T17:09:56.080+0000][1][safepoint    ] Safepoint "RevokeBias", Time since last: 239449594 ns, Reaching safepoint: 571288 ns, At safepoint: 31010 ns, Total: 602298 ns
[2020-09-11T17:09:56.334+0000][1][safepoint    ] Safepoint "RevokeBias", Time since last: 253212776 ns, Reaching safepoint: 240097 ns, At safepoint: 327871 ns, Total: 567968 ns
[2020-09-11T17:09:57.337+0000][1][safepoint    ] Safepoint "Cleanup", Time since last: 1002786272 ns, Reaching safepoint: 82178 ns, At safepoint: 8335 ns, Total: 90513 ns
[2020-09-11T17:09:57.457+0000][1][safepoint    ] Safepoint "RevokeBias", Time since last: 120165417 ns, Reaching safepoint: 93642 ns, At safepoint: 23028 ns, Total: 116670 ns
[2020-09-11T17:09:58.457+0000][1][safepoint    ] Safepoint "Cleanup", Time since last: 1000114210 ns, Reaching safepoint: 89224 ns, At safepoint: 11281 ns, Total: 100505 ns
[2020-09-11T17:09:59.440+0000][1][safepoint    ] Safepoint "RevokeBias", Time since last: 982376820 ns, Reaching safepoint: 96769 ns, At safepoint: 23407 ns, Total: 120176 ns
[2020-09-11T17:10:00.440+0000][1][safepoint    ] Safepoint "Cleanup", Time since last: 1000090452 ns, Reaching safepoint: 87033 ns, At safepoint: 11466 ns, Total: 98499 ns
[2020-09-11T17:10:01.121+0000][1][safepoint    ] Safepoint "RevokeBias", Time since last: 680230474 ns, Reaching safepoint: 227301 ns, At safepoint: 336940 ns, Total: 564241 ns
[2020-09-11T17:10:01.349+0000][1][safepoint    ] Safepoint "RevokeBias", Time since last: 227133282 ns, Reaching safepoint: 235538 ns, At safepoint: 320620 ns, Total: 556158 ns
[2020-09-11T17:10:02.349+0000][1][safepoint    ] Safepoint "Cleanup", Time since last: 1000124363 ns, Reaching safepoint: 109626 ns, At safepoint: 10340 ns, Total: 119966 ns
[2020-09-11T17:10:03.103+0000][1][gc,start     ] GC(129) Pause Young (Allocation Failure)
[2020-09-11T17:10:03.103+0000][1][gc,task      ] GC(129) Using 1 workers of 1 for evacuation
[2020-09-11T17:10:03.112+0000][1][gc,age       ] GC(129) Desired survivor size 4358144 bytes, new threshold 6 (max threshold 6)
[2020-09-11T17:10:03.112+0000][1][gc,age       ] GC(129) Age table with threshold 6 (max threshold 6)
[2020-09-11T17:10:03.112+0000][1][gc,age       ] GC(129) - age   1:     436056 bytes,     436056 total
[2020-09-11T17:10:03.112+0000][1][gc,age       ] GC(129) - age   2:     101208 bytes,     537264 total
[2020-09-11T17:10:03.112+0000][1][gc,age       ] GC(129) - age   3:      87232 bytes,     624496 total
[2020-09-11T17:10:03.112+0000][1][gc,age       ] GC(129) - age   4:     161744 bytes,     786240 total
[2020-09-11T17:10:03.112+0000][1][gc,age       ] GC(129) - age   5:      23512 bytes,     809752 total
[2020-09-11T17:10:03.112+0000][1][gc,age       ] GC(129) - age   6:      30936 bytes,     840688 total
[2020-09-11T17:10:03.112+0000][1][gc,heap      ] GC(129) ParNew: 68999K->1386K(76672K)
[2020-09-11T17:10:03.112+0000][1][gc,heap      ] GC(129) CMS: 112152K->112172K(439104K)
[2020-09-11T17:10:03.112+0000][1][gc,metaspace ] GC(129) Metaspace: 94374K->94374K(1136640K)
[2020-09-11T17:10:03.112+0000][1][gc           ] GC(129) Pause Young (Allocation Failure) 176M->110M(503M) 9.613ms
[2020-09-11T17:10:03.112+0000][1][gc,cpu       ] GC(129) User=0.00s Sys=0.00s Real=0.00s
[2020-09-11T17:10:03.112+0000][1][safepoint    ] Safepoint "GenCollectForAllocation", Time since last: 753927241 ns, Reaching safepoint: 83145 ns, At safepoint: 9701121 ns, Total: 9784266 ns
[2020-09-11T17:10:04.113+0000][1][safepoint    ] Safepoint "Cleanup", Time since last: 1000661966 ns, Reaching safepoint: 77975 ns, At safepoint: 20650 ns, Total: 98625 ns
[2020-09-11T17:10:04.923+0000][1][safepoint    ] Safepoint "RevokeBias", Time since last: 809793587 ns, Reaching safepoint: 177040 ns, At safepoint: 27445 ns, Total: 204485 ns
[2020-09-11T17:10:05.923+0000][1][safepoint    ] Safepoint "Cleanup", Time since last: 1000108046 ns, Reaching safepoint: 81107 ns, At safepoint: 9204 ns, Total: 90311 ns
[2020-09-11T17:10:06.152+0000][1][safepoint    ] Safepoint "RevokeBias", Time since last: 228708305 ns, Reaching safepoint: 167362 ns, At safepoint: 24270 ns, Total: 191632 ns
[2020-09-11T17:10:06.361+0000][1][safepoint    ] Safepoint "RevokeBias", Time since last: 208289731 ns, Reaching safepoint: 84507 ns, At safepoint: 165963 ns, Total: 250470 ns
[2020-09-11T17:10:07.365+0000][1][safepoint    ] Safepoint "Cleanup", Time since last: 1003884107 ns, Reaching safepoint: 213456 ns, At safepoint: 9978 ns, Total: 223434 ns
[2020-09-11T17:10:07.492+0000][1][safepoint    ] Safepoint "RevokeBias", Time since last: 126752523 ns, Reaching safepoint: 91445 ns, At safepoint: 23541 ns, Total: 114986 ns
[2020-09-11T17:10:08.492+0000][1][safepoint    ] Safepoint "Cleanup", Time since last: 1000112053 ns, Reaching safepoint: 77283 ns, At safepoint: 8938 ns, Total: 86221 ns
[2020-09-11T17:10:09.492+0000][1][safepoint    ] Safepoint "Cleanup", Time since last: 1000304760 ns, Reaching safepoint: 106912 ns, At safepoint: 10086 ns, Total: 116998 ns
[2020-09-11T17:10:09.493+0000][1][safepoint    ] Safepoint "RevokeBias", Time since last: 857104 ns, Reaching safepoint: 82008 ns, At safepoint: 24976 ns, Total: 106984 ns
[2020-09-11T17:10:10.494+0000][1][safepoint    ] Safepoint "Cleanup", Time since last: 1000096286 ns, Reaching safepoint: 83462 ns, At safepoint: 9268 ns, Total: 92730 ns
[2020-09-11T17:10:11.177+0000][1][safepoint    ] Safepoint "RevokeBias", Time since last: 683390288 ns, Reaching safepoint: 95487 ns, At safepoint: 31111 ns, Total: 126598 ns
[2020-09-11T17:10:11.380+0000][1][safepoint    ] Safepoint "RevokeBias", Time since last: 202364745 ns, Reaching safepoint: 232902 ns, At safepoint: 371035 ns, Total: 603937 ns
[2020-09-11T17:10:12.380+0000][1][safepoint    ] Safepoint "Cleanup", Time since last: 1000121110 ns, Reaching safepoint: 79307 ns, At safepoint: 10718 ns, Total: 90025 ns
[2020-09-11T17:10:13.381+0000][1][safepoint    ] Safepoint "Cleanup", Time since last: 1000102085 ns, Reaching safepoint: 84163 ns, At safepoint: 10514 ns, Total: 94677 ns
[2020-09-11T17:10:14.381+0000][1][safepoint    ] Safepoint "Cleanup", Time since last: 1000119642 ns, Reaching safepoint: 84487 ns, At safepoint: 30525 ns, Total: 115012 ns
[2020-09-11T17:10:14.807+0000][1][safepoint    ] Safepoint "RevokeBias", Time since last: 426168972 ns, Reaching safepoint: 167080 ns, At safepoint: 24551 ns, Total: 191631 ns
[2020-09-11T17:10:15.807+0000][1][safepoint    ] Safepoint "Cleanup", Time since last: 1000115095 ns, Reaching safepoint: 90973 ns, At safepoint: 11348 ns, Total: 102321 ns
[2020-09-11T17:10:16.204+0000][1][safepoint    ] Safepoint "RevokeBias", Time since last: 396724543 ns, Reaching safepoint: 173986 ns, At safepoint: 29743 ns, Total: 203729 ns
[2020-09-11T17:10:16.400+0000][1][safepoint    ] Safepoint "RevokeBias", Time since last: 195524670 ns, Reaching safepoint: 232750 ns, At safepoint: 357117 ns, Total: 589867 ns
[2020-09-11T17:10:17.354+0000][1][safepoint    ] Safepoint "BulkRevokeBias", Time since last: 953518899 ns, Reaching safepoint: 129359 ns, At safepoint: 237855 ns, Total: 367214 ns
[2020-09-11T17:10:18.513+0000][1][safepoint    ] Safepoint "Cleanup", Time since last: 1158569400 ns, Reaching safepoint: 99060 ns, At safepoint: 9043 ns, Total: 108103 ns
[2020-09-11T17:10:19.442+0000][1][safepoint    ] Safepoint "RevokeBias", Time since last: 928843466 ns, Reaching safepoint: 174883 ns, At safepoint: 24684 ns, Total: 199567 ns
[2020-09-11T17:10:20.442+0000][1][safepoint    ] Safepoint "Cleanup", Time since last: 1000110762 ns, Reaching safepoint: 88075 ns, At safepoint: 11616 ns, Total: 99691 ns
[2020-09-11T17:10:21.226+0000][1][safepoint    ] Safepoint "RevokeBias", Time since last: 783654531 ns, Reaching safepoint: 193926 ns, At safepoint: 32920 ns, Total: 226846 ns
[2020-09-11T17:10:21.417+0000][1][safepoint    ] Safepoint "RevokeBias", Time since last: 190337979 ns, Reaching safepoint: 87080 ns, At safepoint: 25795 ns, Total: 112875 ns
[2020-09-11T17:10:22.417+0000][1][safepoint    ] Safepoint "Cleanup", Time since last: 1000119297 ns, Reaching safepoint: 104739 ns, At safepoint: 9571 ns, Total: 114310 ns
[2020-09-11T17:10:23.037+0000][1][gc,start     ] GC(130) Pause Young (Allocation Failure)
[2020-09-11T17:10:23.037+0000][1][gc,task      ] GC(130) Using 1 workers of 1 for evacuation
[2020-09-11T17:10:23.050+0000][1][gc,age       ] GC(130) Desired survivor size 4358144 bytes, new threshold 6 (max threshold 6)
[2020-09-11T17:10:23.050+0000][1][gc,age       ] GC(130) Age table with threshold 6 (max threshold 6)
[2020-09-11T17:10:23.050+0000][1][gc,age       ] GC(130) - age   1:     221888 bytes,     221888 total
[2020-09-11T17:10:23.050+0000][1][gc,age       ] GC(130) - age   2:     384128 bytes,     606016 total
[2020-09-11T17:10:23.050+0000][1][gc,age       ] GC(130) - age   3:      97320 bytes,     703336 total
[2020-09-11T17:10:23.050+0000][1][gc,age       ] GC(130) - age   4:      86944 bytes,     790280 total
[2020-09-11T17:10:23.050+0000][1][gc,age       ] GC(130) - age   5:      36144 bytes,     826424 total
[2020-09-11T17:10:23.050+0000][1][gc,age       ] GC(130) - age   6:      21664 bytes,     848088 total
[2020-09-11T17:10:23.050+0000][1][gc,heap      ] GC(130) ParNew: 69546K->962K(76672K)
[2020-09-11T17:10:23.050+0000][1][gc,heap      ] GC(130) CMS: 112172K->112202K(439104K)
[2020-09-11T17:10:23.050+0000][1][gc,metaspace ] GC(130) Metaspace: 94401K->94401K(1136640K)
[2020-09-11T17:10:23.051+0000][1][gc           ] GC(130) Pause Young (Allocation Failure) 177M->110M(503M) 13.599ms
[2020-09-11T17:10:23.051+0000][1][gc,cpu       ] GC(130) User=0.00s Sys=0.00s Real=0.01s
[2020-09-11T17:10:23.057+0000][1][safepoint    ] Safepoint "GenCollectForAllocation", Time since last: 620050462 ns, Reaching safepoint: 85311 ns, At safepoint: 19943141 ns, Total: 20028452 ns
[2020-09-11T17:10:24.065+0000][1][safepoint    ] Safepoint "Cleanup", Time since last: 1007788783 ns, Reaching safepoint: 91764 ns, At safepoint: 42671 ns, Total: 134435 ns
[2020-09-11T17:10:24.808+0000][1][safepoint    ] Safepoint "RevokeBias", Time since last: 742735958 ns, Reaching safepoint: 170640 ns, At safepoint: 24764 ns, Total: 195404 ns
[2020-09-11T17:10:25.808+0000][1][safepoint    ] Safepoint "Cleanup", Time since last: 1000117282 ns, Reaching safepoint: 90405 ns, At safepoint: 11615 ns, Total: 102020 ns
[2020-09-11T17:10:26.243+0000][1][safepoint    ] Safepoint "RevokeBias", Time since last: 434859315 ns, Reaching safepoint: 89381 ns, At safepoint: 24784 ns, Total: 114165 ns
[2020-09-11T17:10:26.430+0000][1][safepoint    ] Safepoint "RevokeBias", Time since last: 186944061 ns, Reaching safepoint: 84902 ns, At safepoint: 26795 ns, Total: 111697 ns
[2020-09-11T17:10:27.433+0000][1][safepoint    ] Safepoint "Cleanup", Time since last: 1002784067 ns, Reaching safepoint: 182918 ns, At safepoint: 7931 ns, Total: 190849 ns
[2020-09-11T17:10:27.468+0000][1][safepoint    ] Safepoint "RevokeBias", Time since last: 34600311 ns, Reaching safepoint: 90825 ns, At safepoint: 23066 ns, Total: 113891 ns
[2020-09-11T17:10:28.468+0000][1][safepoint    ] Safepoint "Cleanup", Time since last: 1000122320 ns, Reaching safepoint: 87291 ns, At safepoint: 11370 ns, Total: 98661 ns
[2020-09-11T17:10:29.438+0000][1][safepoint    ] Safepoint "RevokeBias", Time since last: 969556007 ns, Reaching safepoint: 96629 ns, At safepoint: 23133 ns, Total: 119762 ns
[2020-09-11T17:10:30.438+0000][1][safepoint    ] Safepoint "Cleanup", Time since last: 1000116481 ns, Reaching safepoint: 88369 ns, At safepoint: 10856 ns, Total: 99225 ns
[2020-09-11T17:10:31.260+0000][1][safepoint    ] Safepoint "RevokeBias", Time since last: 821776328 ns, Reaching safepoint: 174297 ns, At safepoint: 28182 ns, Total: 202479 ns
[2020-09-11T17:10:31.446+0000][1][safepoint    ] Safepoint "RevokeBias", Time since last: 186357695 ns, Reaching safepoint: 87378 ns, At safepoint: 25569 ns, Total: 112947 ns
[2020-09-11T17:10:32.446+0000][1][safepoint    ] Safepoint "Cleanup", Time since last: 1000119381 ns, Reaching safepoint: 84514 ns, At safepoint: 11035 ns, Total: 95549 ns
[2020-09-11T17:10:33.447+0000][1][safepoint    ] Safepoint "Cleanup", Time since last: 1000119142 ns, Reaching safepoint: 85549 ns, At safepoint: 11701 ns, Total: 97250 ns
[2020-09-11T17:10:34.447+0000][1][safepoint    ] Safepoint "Cleanup", Time since last: 1000116110 ns, Reaching safepoint: 85829 ns, At safepoint: 10712 ns, Total: 96541 ns
[2020-09-11T17:10:34.806+0000][1][safepoint    ] Safepoint "RevokeBias", Time since last: 359392611 ns, Reaching safepoint: 169441 ns, At safepoint: 24360 ns, Total: 193801 ns
[2020-09-11T17:10:35.807+0000][1][safepoint    ] Safepoint "Cleanup", Time since last: 1000107540 ns, Reaching safepoint: 84532 ns, At safepoint: 10849 ns, Total: 95381 ns
[2020-09-11T17:10:36.280+0000][1][safepoint    ] Safepoint "RevokeBias", Time since last: 472889555 ns, Reaching safepoint: 173401 ns, At safepoint: 28935 ns, Total: 202336 ns
[2020-09-11T17:10:36.459+0000][1][safepoint    ] Safepoint "RevokeBias", Time since last: 179119486 ns, Reaching safepoint: 82546 ns, At safepoint: 25165 ns, Total: 107711 ns
[2020-09-11T17:10:37.339+0000][1][safepoint    ] Safepoint "RevokeBias", Time since last: 880252369 ns, Reaching safepoint: 106476 ns, At safepoint: 25937 ns, Total: 132413 ns
[2020-09-11T17:10:38.340+0000][1][safepoint    ] Safepoint "Cleanup", Time since last: 1000114149 ns, Reaching safepoint: 85473 ns, At safepoint: 10952 ns, Total: 96425 ns
[2020-09-11T17:10:39.340+0000][1][safepoint    ] Safepoint "Cleanup", Time since last: 1000117552 ns, Reaching safepoint: 93771 ns, At safepoint: 13299 ns, Total: 107070 ns
[2020-09-11T17:10:39.531+0000][1][safepoint    ] Safepoint "RevokeBias", Time since last: 191407142 ns, Reaching safepoint: 99584 ns, At safepoint: 23486 ns, Total: 123070 ns
[2020-09-11T17:10:40.532+0000][1][safepoint    ] Safepoint "Cleanup", Time since last: 1000112780 ns, Reaching safepoint: 87324 ns, At safepoint: 9984 ns, Total: 97308 ns
[2020-09-11T17:10:41.313+0000][1][safepoint    ] Safepoint "RevokeBias", Time since last: 781760303 ns, Reaching safepoint: 173422 ns, At safepoint: 28031 ns, Total: 201453 ns
[2020-09-11T17:10:41.469+0000][1][safepoint    ] Safepoint "RevokeBias", Time since last: 155209597 ns, Reaching safepoint: 121622 ns, At safepoint: 29541 ns, Total: 151163 ns
[2020-09-11T17:10:42.109+0000][1][gc,start     ] GC(131) Pause Young (Allocation Failure)
[2020-09-11T17:10:42.109+0000][1][gc,task      ] GC(131) Using 1 workers of 1 for evacuation
[2020-09-11T17:10:42.118+0000][1][gc,age       ] GC(131) Desired survivor size 4358144 bytes, new threshold 6 (max threshold 6)
[2020-09-11T17:10:42.118+0000][1][gc,age       ] GC(131) Age table with threshold 6 (max threshold 6)
[2020-09-11T17:10:42.118+0000][1][gc,age       ] GC(131) - age   1:      91912 bytes,      91912 total
[2020-09-11T17:10:42.118+0000][1][gc,age       ] GC(131) - age   2:     170704 bytes,     262616 total
[2020-09-11T17:10:42.118+0000][1][gc,age       ] GC(131) - age   3:     382072 bytes,     644688 total
[2020-09-11T17:10:42.118+0000][1][gc,age       ] GC(131) - age   4:      97320 bytes,     742008 total
[2020-09-11T17:10:42.118+0000][1][gc,age       ] GC(131) - age   5:      86944 bytes,     828952 total
[2020-09-11T17:10:42.118+0000][1][gc,age       ] GC(131) - age   6:      20304 bytes,     849256 total
[2020-09-11T17:10:42.118+0000][1][gc,heap      ] GC(131) ParNew: 69122K->1482K(76672K)
[2020-09-11T17:10:42.118+0000][1][gc,heap      ] GC(131) CMS: 112202K->112223K(439104K)
[2020-09-11T17:10:42.118+0000][1][gc,metaspace ] GC(131) Metaspace: 94419K->94419K(1136640K)
[2020-09-11T17:10:42.118+0000][1][gc           ] GC(131) Pause Young (Allocation Failure) 177M->111M(503M) 9.253ms
[2020-09-11T17:10:42.118+0000][1][gc,cpu       ] GC(131) User=0.01s Sys=0.00s Real=0.01s
[2020-09-11T17:10:42.118+0000][1][safepoint    ] Safepoint "GenCollectForAllocation", Time since last: 637192085 ns, Reaching safepoint: 2925331 ns, At safepoint: 9328404 ns, Total: 12253735 ns
[2020-09-11T17:10:43.121+0000][1][safepoint    ] Safepoint "Cleanup", Time since last: 1002287997 ns, Reaching safepoint: 84814 ns, At safepoint: 26662 ns, Total: 111476 ns
[2020-09-11T17:10:44.121+0000][1][safepoint    ] Safepoint "Cleanup", Time since last: 1000090138 ns, Reaching safepoint: 84800 ns, At safepoint: 43470 ns, Total: 128270 ns
[2020-09-11T17:10:44.834+0000][1][safepoint    ] Safepoint "RevokeBias", Time since last: 713058278 ns, Reaching safepoint: 165494 ns, At safepoint: 36331 ns, Total: 201825 ns
[2020-09-11T17:10:45.834+0000][1][safepoint    ] Safepoint "Cleanup", Time since last: 1000110682 ns, Reaching safepoint: 84573 ns, At safepoint: 10668 ns, Total: 95241 ns
[2020-09-11T17:10:46.346+0000][1][safepoint    ] Safepoint "RevokeBias", Time since last: 511359645 ns, Reaching safepoint: 106409 ns, At safepoint: 25552 ns, Total: 131961 ns
[2020-09-11T17:10:46.488+0000][1][safepoint    ] Safepoint "BulkRevokeBias", Time since last: 141605807 ns, Reaching safepoint: 272600 ns, At safepoint: 630624 ns, Total: 903224 ns
[2020-09-11T17:10:47.376+0000][1][safepoint    ] Safepoint "RevokeBias", Time since last: 887452591 ns, Reaching safepoint: 97063 ns, At safepoint: 22484 ns, Total: 119547 ns
[2020-09-11T17:10:48.376+0000][1][safepoint    ] Safepoint "Cleanup", Time since last: 1000112778 ns, Reaching safepoint: 82214 ns, At safepoint: 9952 ns, Total: 92166 ns
[2020-09-11T17:10:49.376+0000][1][safepoint    ] Safepoint "Cleanup", Time since last: 1000121206 ns, Reaching safepoint: 85842 ns, At safepoint: 11296 ns, Total: 97138 ns
[2020-09-11T17:10:49.486+0000][1][safepoint    ] Safepoint "RevokeBias", Time since last: 109849312 ns, Reaching safepoint: 97337 ns, At safepoint: 27634 ns, Total: 124971 ns
[2020-09-11T17:10:50.487+0000][1][safepoint    ] Safepoint "Cleanup", Time since last: 1000112673 ns, Reaching safepoint: 85615 ns, At safepoint: 11182 ns, Total: 96797 ns
[2020-09-11T17:10:51.378+0000][1][safepoint    ] Safepoint "RevokeBias", Time since last: 891213378 ns, Reaching safepoint: 94957 ns, At safepoint: 28317 ns, Total: 123274 ns
[2020-09-11T17:10:51.508+0000][1][safepoint    ] Safepoint "RevokeBias", Time since last: 130436573 ns, Reaching safepoint: 87604 ns, At safepoint: 27762 ns, Total: 115366 ns
[2020-09-11T17:10:52.509+0000][1][safepoint    ] Safepoint "Cleanup", Time since last: 1000119707 ns, Reaching safepoint: 104071 ns, At safepoint: 11468 ns, Total: 115539 ns
[2020-09-11T17:10:53.509+0000][1][safepoint    ] Safepoint "Cleanup", Time since last: 1000103199 ns, Reaching safepoint: 85322 ns, At safepoint: 10974 ns, Total: 96296 ns
[2020-09-11T17:10:54.509+0000][1][safepoint    ] Safepoint "Cleanup", Time since last: 1000114044 ns, Reaching safepoint: 85569 ns, At safepoint: 11357 ns, Total: 96926 ns
[2020-09-11T17:10:54.799+0000][1][safepoint    ] Safepoint "RevokeBias", Time since last: 290186584 ns, Reaching safepoint: 91407 ns, At safepoint: 23769 ns, Total: 115176 ns
[2020-09-11T17:10:55.800+0000][1][safepoint    ] Safepoint "Cleanup", Time since last: 1000116153 ns, Reaching safepoint: 91220 ns, At safepoint: 12681 ns, Total: 103901 ns
[2020-09-11T17:10:56.403+0000][1][safepoint    ] Safepoint "RevokeBias", Time since last: 603580752 ns, Reaching safepoint: 171657 ns, At safepoint: 25501 ns, Total: 197158 ns
[2020-09-11T17:10:56.521+0000][1][safepoint    ] Safepoint "RevokeBias", Time since last: 117401669 ns, Reaching safepoint: 234109 ns, At safepoint: 350662 ns, Total: 584771 ns
[2020-09-11T17:10:57.374+0000][1][safepoint    ] Safepoint "RevokeBias", Time since last: 852976264 ns, Reaching safepoint: 103268 ns, At safepoint: 23146 ns, Total: 126414 ns
[2020-09-11T17:10:58.375+0000][1][safepoint    ] Safepoint "Cleanup", Time since last: 1000112172 ns, Reaching safepoint: 83320 ns, At safepoint: 8356 ns, Total: 91676 ns
[2020-09-11T17:10:59.375+0000][1][safepoint    ] Safepoint "Cleanup", Time since last: 1000117840 ns, Reaching safepoint: 86159 ns, At safepoint: 11454 ns, Total: 97613 ns
[2020-09-11T17:10:59.505+0000][1][safepoint    ] Safepoint "RevokeBias", Time since last: 129908794 ns, Reaching safepoint: 98426 ns, At safepoint: 24898 ns, Total: 123324 ns
[2020-09-11T17:11:00.505+0000][1][safepoint    ] Safepoint "Cleanup", Time since last: 1000104940 ns, Reaching safepoint: 85819 ns, At safepoint: 9927 ns, Total: 95746 ns
[2020-09-11T17:11:01.437+0000][1][safepoint    ] Safepoint "RevokeBias", Time since last: 931897503 ns, Reaching safepoint: 94444 ns, At safepoint: 27752 ns, Total: 122196 ns
[2020-09-11T17:11:01.537+0000][1][safepoint    ] Safepoint "RevokeBias", Time since last: 99364668 ns, Reaching safepoint: 78796 ns, At safepoint: 22235 ns, Total: 101031 ns
[2020-09-11T17:11:02.537+0000][1][safepoint    ] Safepoint "Cleanup", Time since last: 1000122125 ns, Reaching safepoint: 103160 ns, At safepoint: 6959 ns, Total: 110119 ns
[2020-09-11T17:11:03.537+0000][1][safepoint    ] Safepoint "Cleanup", Time since last: 1000107389 ns, Reaching safepoint: 86697 ns, At safepoint: 10432 ns, Total: 97129 ns
[2020-09-11T17:11:04.537+0000][1][safepoint    ] Safepoint "Cleanup", Time since last: 1000113008 ns, Reaching safepoint: 92256 ns, At safepoint: 11828 ns, Total: 104084 ns
[2020-09-11T17:11:04.803+0000][1][safepoint    ] Safepoint "RevokeBias", Time since last: 265155793 ns, Reaching safepoint: 171340 ns, At safepoint: 24030 ns, Total: 195370 ns
[2020-09-11T17:11:05.803+0000][1][safepoint    ] Safepoint "Cleanup", Time since last: 1000112021 ns, Reaching safepoint: 85522 ns, At safepoint: 11688 ns, Total: 97210 ns
[2020-09-11T17:11:06.457+0000][1][safepoint    ] Safepoint "RevokeBias", Time since last: 653388236 ns, Reaching safepoint: 684740 ns, At safepoint: 28316 ns, Total: 713056 ns
[2020-09-11T17:11:06.569+0000][1][safepoint    ] Safepoint "RevokeBias", Time since last: 108427671 ns, Reaching safepoint: 3591925 ns, At safepoint: 355153 ns, Total: 3947078 ns
[2020-09-11T17:11:06.974+0000][1][gc,start     ] GC(132) Pause Young (Allocation Failure)
[2020-09-11T17:11:06.974+0000][1][gc,task      ] GC(132) Using 1 workers of 1 for evacuation
[2020-09-11T17:11:06.991+0000][1][gc,age       ] GC(132) Desired survivor size 4358144 bytes, new threshold 6 (max threshold 6)
[2020-09-11T17:11:06.991+0000][1][gc,age       ] GC(132) Age table with threshold 6 (max threshold 6)
[2020-09-11T17:11:06.991+0000][1][gc,age       ] GC(132) - age   1:      98864 bytes,      98864 total
[2020-09-11T17:11:06.991+0000][1][gc,age       ] GC(132) - age   2:      39936 bytes,     138800 total
[2020-09-11T17:11:06.991+0000][1][gc,age       ] GC(132) - age   3:     168552 bytes,     307352 total
[2020-09-11T17:11:06.991+0000][1][gc,age       ] GC(132) - age   4:     382072 bytes,     689424 total
[2020-09-11T17:11:06.991+0000][1][gc,age       ] GC(132) - age   5:      92672 bytes,     782096 total
[2020-09-11T17:11:06.991+0000][1][gc,age       ] GC(132) - age   6:      86648 bytes,     868744 total
[2020-09-11T17:11:06.991+0000][1][gc,heap      ] GC(132) ParNew: 69642K->992K(76672K)
[2020-09-11T17:11:06.991+0000][1][gc,heap      ] GC(132) CMS: 112223K->112243K(439104K)
[2020-09-11T17:11:06.991+0000][1][gc,metaspace ] GC(132) Metaspace: 94479K->94479K(1136640K)
[2020-09-11T17:11:06.991+0000][1][gc           ] GC(132) Pause Young (Allocation Failure) 177M->110M(503M) 16.566ms
[2020-09-11T17:11:06.991+0000][1][gc,cpu       ] GC(132) User=0.00s Sys=0.00s Real=0.01s
[2020-09-11T17:11:06.991+0000][1][safepoint    ] Safepoint "GenCollectForAllocation", Time since last: 404861816 ns, Reaching safepoint: 165751 ns, At safepoint: 16633047 ns, Total: 16798798 ns
[2020-09-11T17:11:07.353+0000][1][safepoint    ] Safepoint "RevokeBias", Time since last: 362079132 ns, Reaching safepoint: 90023 ns, At safepoint: 25424 ns, Total: 115447 ns
[2020-09-11T17:11:08.353+0000][1][safepoint    ] Safepoint "Cleanup", Time since last: 1000118484 ns, Reaching safepoint: 92140 ns, At safepoint: 10503 ns, Total: 102643 ns
[2020-09-11T17:11:09.354+0000][1][safepoint    ] Safepoint "Cleanup", Time since last: 1000113715 ns, Reaching safepoint: 124210 ns, At safepoint: 12131 ns, Total: 136341 ns
[2020-09-11T17:11:09.449+0000][1][safepoint    ] Safepoint "RevokeBias", Time since last: 95365985 ns, Reaching safepoint: 92206 ns, At safepoint: 21990 ns, Total: 114196 ns
[2020-09-11T17:11:10.449+0000][1][safepoint    ] Safepoint "Cleanup", Time since last: 1000107792 ns, Reaching safepoint: 89276 ns, At safepoint: 9192 ns, Total: 98468 ns
[2020-09-11T17:11:11.488+0000][1][safepoint    ] Safepoint "RevokeBias", Time since last: 1038500631 ns, Reaching safepoint: 174099 ns, At safepoint: 22913 ns, Total: 197012 ns
[2020-09-11T17:11:11.597+0000][1][safepoint    ] Safepoint "RevokeBias", Time since last: 108498690 ns, Reaching safepoint: 81112 ns, At safepoint: 21232 ns, Total: 102344 ns
[2020-09-11T17:11:14.872+0000][1][safepoint    ] Safepoint "RevokeBias", Time since last: 3275500360 ns, Reaching safepoint: 171798 ns, At safepoint: 25400 ns, Total: 197198 ns
[2020-09-11T17:11:16.503+0000][1][safepoint    ] Safepoint "RevokeBias", Time since last: 1630289765 ns, Reaching safepoint: 93905 ns, At safepoint: 25876 ns, Total: 119781 ns
[2020-09-11T17:11:16.614+0000][1][safepoint    ] Safepoint "RevokeBias", Time since last: 111144730 ns, Reaching safepoint: 81498 ns, At safepoint: 59294 ns, Total: 140792 ns
[2020-09-11T17:11:17.214+0000][1][safepoint    ] Safepoint "RevokeBias", Time since last: 599972151 ns, Reaching safepoint: 101412 ns, At safepoint: 21385 ns, Total: 122797 ns
[2020-09-11T17:11:18.215+0000][1][safepoint    ] Safepoint "Cleanup", Time since last: 1001124269 ns, Reaching safepoint: 94132 ns, At safepoint: 10233 ns, Total: 104365 ns
[2020-09-11T17:11:19.216+0000][1][safepoint    ] Safepoint "Cleanup", Time since last: 1000102654 ns, Reaching safepoint: 91331 ns, At safepoint: 9404 ns, Total: 100735 ns
[2020-09-11T17:11:19.497+0000][1][safepoint    ] Safepoint "RevokeBias", Time since last: 280947123 ns, Reaching safepoint: 381488 ns, At safepoint: 27111 ns, Total: 408599 ns
[2020-09-11T17:11:21.522+0000][1][safepoint    ] Safepoint "RevokeBias", Time since last: 2024752812 ns, Reaching safepoint: 172194 ns, At safepoint: 24398 ns, Total: 196592 ns
[2020-09-11T17:11:21.629+0000][1][safepoint    ] Safepoint "RevokeBias", Time since last: 107036511 ns, Reaching safepoint: 86471 ns, At safepoint: 24130 ns, Total: 110601 ns
[2020-09-11T17:11:23.056+0000][1][gc,start     ] GC(133) Pause Young (Allocation Failure)
[2020-09-11T17:11:23.056+0000][1][gc,task      ] GC(133) Using 1 workers of 1 for evacuation
[2020-09-11T17:11:23.067+0000][1][gc,age       ] GC(133) Desired survivor size 4358144 bytes, new threshold 6 (max threshold 6)
[2020-09-11T17:11:23.067+0000][1][gc,age       ] GC(133) Age table with threshold 6 (max threshold 6)
[2020-09-11T17:11:23.067+0000][1][gc,age       ] GC(133) - age   1:     216848 bytes,     216848 total
[2020-09-11T17:11:23.067+0000][1][gc,age       ] GC(133) - age   2:      30664 bytes,     247512 total
[2020-09-11T17:11:23.067+0000][1][gc,age       ] GC(133) - age   3:      38888 bytes,     286400 total
[2020-09-11T17:11:23.067+0000][1][gc,age       ] GC(133) - age   4:     168360 bytes,     454760 total
[2020-09-11T17:11:23.067+0000][1][gc,age       ] GC(133) - age   5:     344616 bytes,     799376 total
[2020-09-11T17:11:23.067+0000][1][gc,age       ] GC(133) - age   6:      20984 bytes,     820360 total
[2020-09-11T17:11:23.067+0000][1][gc,heap      ] GC(133) ParNew: 69152K->1520K(76672K)
[2020-09-11T17:11:23.067+0000][1][gc,heap      ] GC(133) CMS: 112243K->112327K(439104K)
[2020-09-11T17:11:23.067+0000][1][gc,metaspace ] GC(133) Metaspace: 94484K->94484K(1136640K)
[2020-09-11T17:11:23.067+0000][1][gc           ] GC(133) Pause Young (Allocation Failure) 177M->111M(503M) 11.192ms
[2020-09-11T17:11:23.067+0000][1][gc,cpu       ] GC(133) User=0.00s Sys=0.00s Real=0.01s
[2020-09-11T17:11:23.073+0000][1][safepoint    ] Safepoint "GenCollectForAllocation", Time since last: 1424936457 ns, Reaching safepoint: 1657633 ns, At safepoint: 17821726 ns, Total: 19479359 ns
[2020-09-11T17:11:24.878+0000][1][safepoint    ] Safepoint "RevokeBias", Time since last: 1804823649 ns, Reaching safepoint: 87242 ns, At safepoint: 33674 ns, Total: 120916 ns
[2020-09-11T17:11:25.879+0000][1][safepoint    ] Safepoint "Cleanup", Time since last: 1000107971 ns, Reaching safepoint: 88996 ns, At safepoint: 23832 ns, Total: 112828 ns
[2020-09-11T17:11:26.543+0000][1][safepoint    ] Safepoint "RevokeBias", Time since last: 664517904 ns, Reaching safepoint: 92511 ns, At safepoint: 38184 ns, Total: 130695 ns
[2020-09-11T17:11:26.663+0000][1][safepoint    ] Safepoint "RevokeBias", Time since last: 119411856 ns, Reaching safepoint: 80807 ns, At safepoint: 34569 ns, Total: 115376 ns
[2020-09-11T17:11:27.261+0000][1][safepoint    ] Safepoint "RevokeBias", Time since last: 598249240 ns, Reaching safepoint: 93053 ns, At safepoint: 21933 ns, Total: 114986 ns
[2020-09-11T17:11:29.512+0000][1][safepoint    ] Safepoint "RevokeBias", Time since last: 2250841664 ns, Reaching safepoint: 92365 ns, At safepoint: 22703 ns, Total: 115068 ns
[2020-09-11T17:11:31.562+0000][1][safepoint    ] Safepoint "RevokeBias", Time since last: 2049581334 ns, Reaching safepoint: 173437 ns, At safepoint: 25097 ns, Total: 198534 ns
[2020-09-11T17:11:31.672+0000][1][safepoint    ] Safepoint "RevokeBias", Time since last: 110272676 ns, Reaching safepoint: 88242 ns, At safepoint: 37569 ns, Total: 125811 ns
[2020-09-11T17:11:34.816+0000][1][safepoint    ] Safepoint "RevokeBias", Time since last: 3143235209 ns, Reaching safepoint: 171448 ns, At safepoint: 23213 ns, Total: 194661 ns
[2020-09-11T17:11:36.586+0000][1][safepoint    ] Safepoint "RevokeBias", Time since last: 1770369649 ns, Reaching safepoint: 166946 ns, At safepoint: 23874 ns, Total: 190820 ns
[2020-09-11T17:11:36.707+0000][1][safepoint    ] Safepoint "RevokeBias", Time since last: 119714741 ns, Reaching safepoint: 238203 ns, At safepoint: 342329 ns, Total: 580532 ns
[2020-09-11T17:11:37.349+0000][1][safepoint    ] Safepoint "RevokeBias", Time since last: 642456414 ns, Reaching safepoint: 99904 ns, At safepoint: 23337 ns, Total: 123241 ns
[2020-09-11T17:11:39.351+0000][1][safepoint    ] Safepoint "Cleanup", Time since last: 2002087732 ns, Reaching safepoint: 233107 ns, At safepoint: 21387 ns, Total: 254494 ns
[2020-09-11T17:11:39.445+0000][1][safepoint    ] Safepoint "RevokeBias", Time since last: 93520476 ns, Reaching safepoint: 199214 ns, At safepoint: 22872 ns, Total: 222086 ns
[2020-09-11T17:11:41.602+0000][1][safepoint    ] Safepoint "RevokeBias", Time since last: 2156664648 ns, Reaching safepoint: 169780 ns, At safepoint: 26594 ns, Total: 196374 ns
[2020-09-11T17:11:41.721+0000][1][safepoint    ] Safepoint "RevokeBias", Time since last: 119115357 ns, Reaching safepoint: 86666 ns, At safepoint: 23737 ns, Total: 110403 ns
[2020-09-11T17:11:44.825+0000][1][safepoint    ] Safepoint "RevokeBias", Time since last: 3103974333 ns, Reaching safepoint: 97437 ns, At safepoint: 22045 ns, Total: 119482 ns
[2020-09-11T17:11:45.826+0000][1][safepoint    ] Safepoint "Cleanup", Time since last: 1000111251 ns, Reaching safepoint: 91535 ns, At safepoint: 10161 ns, Total: 101696 ns
[2020-09-11T17:11:46.621+0000][1][safepoint    ] Safepoint "RevokeBias", Time since last: 795726664 ns, Reaching safepoint: 93921 ns, At safepoint: 26014 ns, Total: 119935 ns
[2020-09-11T17:11:46.740+0000][1][safepoint    ] Safepoint "RevokeBias", Time since last: 118878891 ns, Reaching safepoint: 85761 ns, At safepoint: 24300 ns, Total: 110061 ns
[2020-09-11T17:11:46.981+0000][1][gc,start     ] GC(134) Pause Young (Allocation Failure)
[2020-09-11T17:11:46.981+0000][1][gc,task      ] GC(134) Using 1 workers of 1 for evacuation
[2020-09-11T17:11:46.991+0000][1][gc,age       ] GC(134) Desired survivor size 4358144 bytes, new threshold 6 (max threshold 6)
[2020-09-11T17:11:46.991+0000][1][gc,age       ] GC(134) Age table with threshold 6 (max threshold 6)
[2020-09-11T17:11:46.991+0000][1][gc,age       ] GC(134) - age   1:     768496 bytes,     768496 total
[2020-09-11T17:11:46.991+0000][1][gc,age       ] GC(134) - age   2:     145752 bytes,     914248 total
[2020-09-11T17:11:46.991+0000][1][gc,age       ] GC(134) - age   3:      25672 bytes,     939920 total
[2020-09-11T17:11:46.991+0000][1][gc,age       ] GC(134) - age   4:      38888 bytes,     978808 total
[2020-09-11T17:11:46.991+0000][1][gc,age       ] GC(134) - age   5:      99064 bytes,    1077872 total
[2020-09-11T17:11:46.991+0000][1][gc,age       ] GC(134) - age   6:      48544 bytes,    1126416 total
[2020-09-11T17:11:46.991+0000][1][gc,heap      ] GC(134) ParNew: 69680K->1471K(76672K)
[2020-09-11T17:11:46.991+0000][1][gc,heap      ] GC(134) CMS: 112327K->112348K(439104K)
[2020-09-11T17:11:46.991+0000][1][gc,metaspace ] GC(134) Metaspace: 94512K->94512K(1136640K)
[2020-09-11T17:11:46.991+0000][1][gc           ] GC(134) Pause Young (Allocation Failure) 177M->111M(503M) 9.918ms
[2020-09-11T17:11:46.991+0000][1][gc,cpu       ] GC(134) User=0.00s Sys=0.00s Real=0.00s
[2020-09-11T17:11:46.993+0000][1][safepoint    ] Safepoint "GenCollectForAllocation", Time since last: 238527755 ns, Reaching safepoint: 2077548 ns, At safepoint: 11762876 ns, Total: 13840424 ns
[2020-09-11T17:11:47.312+0000][1][safepoint    ] Safepoint "BulkRevokeBias", Time since last: 318853852 ns, Reaching safepoint: 97931 ns, At safepoint: 229047 ns, Total: 326978 ns
[2020-09-11T17:11:49.445+0000][1][safepoint    ] Safepoint "RevokeBias", Time since last: 2133325991 ns, Reaching safepoint: 93196 ns, At safepoint: 22079 ns, Total: 115275 ns
[2020-09-11T17:11:51.631+0000][1][safepoint    ] Safepoint "RevokeBias", Time since last: 2185788098 ns, Reaching safepoint: 94716 ns, At safepoint: 25223 ns, Total: 119939 ns
[2020-09-11T17:11:51.760+0000][1][safepoint    ] Safepoint "RevokeBias", Time since last: 128596410 ns, Reaching safepoint: 86034 ns, At safepoint: 21878 ns, Total: 107912 ns
[2020-09-11T17:11:54.898+0000][1][safepoint    ] Safepoint "RevokeBias", Time since last: 3137574416 ns, Reaching safepoint: 192818 ns, At safepoint: 29848 ns, Total: 222666 ns
[2020-09-11T17:11:55.898+0000][1][safepoint    ] Safepoint "Cleanup", Time since last: 1000105478 ns, Reaching safepoint: 95709 ns, At safepoint: 10631 ns, Total: 106340 ns
[2020-09-11T17:11:56.658+0000][1][safepoint    ] Safepoint "RevokeBias", Time since last: 759659810 ns, Reaching safepoint: 184462 ns, At safepoint: 24971 ns, Total: 209433 ns
[2020-09-11T17:11:56.774+0000][1][safepoint    ] Safepoint "BulkRevokeBias", Time since last: 114976707 ns, Reaching safepoint: 406032 ns, At safepoint: 534406 ns, Total: 940438 ns
[2020-09-11T17:11:57.293+0000][1][safepoint    ] Safepoint "RevokeBias", Time since last: 519097239 ns, Reaching safepoint: 110518 ns, At safepoint: 24425 ns, Total: 134943 ns
[2020-09-11T17:11:58.293+0000][1][safepoint    ] Safepoint "Cleanup", Time since last: 1000105974 ns, Reaching safepoint: 89708 ns, At safepoint: 9481 ns, Total: 99189 ns
[2020-09-11T17:11:59.293+0000][1][safepoint    ] Safepoint "Cleanup", Time since last: 1000108661 ns, Reaching safepoint: 83718 ns, At safepoint: 10008 ns, Total: 93726 ns
[2020-09-11T17:11:59.444+0000][1][safepoint    ] Safepoint "RevokeBias", Time since last: 150785597 ns, Reaching safepoint: 93892 ns, At safepoint: 21839 ns, Total: 115731 ns
[2020-09-11T17:12:00.445+0000][1][safepoint    ] Safepoint "Cleanup", Time since last: 1000103054 ns, Reaching safepoint: 82128 ns, At safepoint: 6803 ns, Total: 88931 ns
[2020-09-11T17:12:01.445+0000][1][safepoint    ] Safepoint "Cleanup", Time since last: 1000107132 ns, Reaching safepoint: 135187 ns, At safepoint: 11973 ns, Total: 147160 ns
[2020-09-11T17:12:01.684+0000][1][safepoint    ] Safepoint "RevokeBias", Time since last: 239274475 ns, Reaching safepoint: 172589 ns, At safepoint: 26626 ns, Total: 199215 ns
[2020-09-11T17:12:01.801+0000][1][safepoint    ] Safepoint "RevokeBias", Time since last: 116677316 ns, Reaching safepoint: 167811 ns, At safepoint: 35970 ns, Total: 203781 ns
[2020-09-11T17:12:02.801+0000][1][safepoint    ] Safepoint "Cleanup", Time since last: 1000109746 ns, Reaching safepoint: 85415 ns, At safepoint: 8861 ns, Total: 94276 ns
[2020-09-11T17:12:03.802+0000][1][safepoint    ] Safepoint "Cleanup", Time since last: 1000107131 ns, Reaching safepoint: 86375 ns, At safepoint: 8400 ns, Total: 94775 ns
[2020-09-11T17:12:04.802+0000][1][safepoint    ] Safepoint "Cleanup", Time since last: 1000108413 ns, Reaching safepoint: 127337 ns, At safepoint: 6996 ns, Total: 134333 ns
[2020-09-11T17:12:04.882+0000][1][safepoint    ] Safepoint "RevokeBias", Time since last: 79596906 ns, Reaching safepoint: 174513 ns, At safepoint: 25933 ns, Total: 200446 ns
[2020-09-11T17:12:05.882+0000][1][safepoint    ] Safepoint "Cleanup", Time since last: 1000106190 ns, Reaching safepoint: 89321 ns, At safepoint: 9812 ns, Total: 99133 ns
[2020-09-11T17:12:06.695+0000][1][safepoint    ] Safepoint "RevokeBias", Time since last: 813341084 ns, Reaching safepoint: 199173 ns, At safepoint: 27928 ns, Total: 227101 ns
[2020-09-11T17:12:06.820+0000][1][safepoint    ] Safepoint "RevokeBias", Time since last: 124559376 ns, Reaching safepoint: 83145 ns, At safepoint: 22137 ns, Total: 105282 ns
[2020-09-11T17:12:06.997+0000][1][gc,start     ] GC(135) Pause Young (Allocation Failure)
[2020-09-11T17:12:06.997+0000][1][gc,task      ] GC(135) Using 1 workers of 1 for evacuation
[2020-09-11T17:12:07.005+0000][1][gc,age       ] GC(135) Desired survivor size 4358144 bytes, new threshold 6 (max threshold 6)
[2020-09-11T17:12:07.005+0000][1][gc,age       ] GC(135) Age table with threshold 6 (max threshold 6)
[2020-09-11T17:12:07.005+0000][1][gc,age       ] GC(135) - age   1:     241680 bytes,     241680 total
[2020-09-11T17:12:07.005+0000][1][gc,age       ] GC(135) - age   2:     692992 bytes,     934672 total
[2020-09-11T17:12:07.005+0000][1][gc,age       ] GC(135) - age   3:     145480 bytes,    1080152 total
[2020-09-11T17:12:07.005+0000][1][gc,age       ] GC(135) - age   4:      25576 bytes,    1105728 total
[2020-09-11T17:12:07.005+0000][1][gc,age       ] GC(135) - age   5:      38888 bytes,    1144616 total
[2020-09-11T17:12:07.005+0000][1][gc,age       ] GC(135) - age   6:      24416 bytes,    1169032 total
[2020-09-11T17:12:07.005+0000][1][gc,heap      ] GC(135) ParNew: 69631K->1895K(76672K)
[2020-09-11T17:12:07.005+0000][1][gc,heap      ] GC(135) CMS: 112348K->112395K(439104K)
[2020-09-11T17:12:07.005+0000][1][gc,metaspace ] GC(135) Metaspace: 94517K->94517K(1136640K)
[2020-09-11T17:12:07.005+0000][1][gc           ] GC(135) Pause Young (Allocation Failure) 177M->111M(503M) 7.802ms
[2020-09-11T17:12:07.005+0000][1][gc,cpu       ] GC(135) User=0.01s Sys=0.00s Real=0.01s
[2020-09-11T17:12:07.005+0000][1][safepoint    ] Safepoint "GenCollectForAllocation", Time since last: 176765068 ns, Reaching safepoint: 178248 ns, At safepoint: 7853456 ns, Total: 8031704 ns
[2020-09-11T17:12:07.286+0000][1][safepoint    ] Safepoint "RevokeBias", Time since last: 280904574 ns, Reaching safepoint: 91635 ns, At safepoint: 22192 ns, Total: 113827 ns
[2020-09-11T17:12:08.286+0000][1][safepoint    ] Safepoint "Cleanup", Time since last: 1000108018 ns, Reaching safepoint: 86289 ns, At safepoint: 9322 ns, Total: 95611 ns
[2020-09-11T17:12:09.286+0000][1][safepoint    ] Safepoint "Cleanup", Time since last: 1000115685 ns, Reaching safepoint: 98048 ns, At safepoint: 10942 ns, Total: 108990 ns
[2020-09-11T17:12:09.497+0000][1][safepoint    ] Safepoint "RevokeBias", Time since last: 210764735 ns, Reaching safepoint: 97663 ns, At safepoint: 22141 ns, Total: 119804 ns
[2020-09-11T17:12:10.497+0000][1][safepoint    ] Safepoint "Cleanup", Time since last: 1000113012 ns, Reaching safepoint: 86299 ns, At safepoint: 10096 ns, Total: 96395 ns
[2020-09-11T17:12:11.498+0000][1][safepoint    ] Safepoint "Cleanup", Time since last: 1000130901 ns, Reaching safepoint: 89591 ns, At safepoint: 10623 ns, Total: 100214 ns
[2020-09-11T17:12:11.711+0000][1][safepoint    ] Safepoint "RevokeBias", Time since last: 213538335 ns, Reaching safepoint: 177462 ns, At safepoint: 27854 ns, Total: 205316 ns
[2020-09-11T17:12:11.834+0000][1][safepoint    ] Safepoint "RevokeBias", Time since last: 121444581 ns, Reaching safepoint: 855295 ns, At safepoint: 30744 ns, Total: 886039 ns
[2020-09-11T17:12:12.834+0000][1][safepoint    ] Safepoint "Cleanup", Time since last: 1000114399 ns, Reaching safepoint: 86498 ns, At safepoint: 10132 ns, Total: 96630 ns
[2020-09-11T17:12:13.834+0000][1][safepoint    ] Safepoint "Cleanup", Time since last: 1000114502 ns, Reaching safepoint: 84328 ns, At safepoint: 10062 ns, Total: 94390 ns
[2020-09-11T17:12:14.834+0000][1][safepoint    ] Safepoint "Cleanup", Time since last: 1000112905 ns, Reaching safepoint: 138258 ns, At safepoint: 11074 ns, Total: 149332 ns
[2020-09-11T17:12:14.885+0000][1][safepoint    ] Safepoint "RevokeBias", Time since last: 50789251 ns, Reaching safepoint: 175731 ns, At safepoint: 26329 ns, Total: 202060 ns
[2020-09-11T17:12:15.886+0000][1][safepoint    ] Safepoint "Cleanup", Time since last: 1000107874 ns, Reaching safepoint: 97590 ns, At safepoint: 11678 ns, Total: 109268 ns
[2020-09-11T17:12:16.725+0000][1][safepoint    ] Safepoint "RevokeBias", Time since last: 839533854 ns, Reaching safepoint: 174042 ns, At safepoint: 25616 ns, Total: 199658 ns
[2020-09-11T17:12:16.853+0000][1][safepoint    ] Safepoint "RevokeBias", Time since last: 127467712 ns, Reaching safepoint: 229844 ns, At safepoint: 331268 ns, Total: 561112 ns
[2020-09-11T17:12:17.289+0000][1][safepoint    ] Safepoint "RevokeBias", Time since last: 435391883 ns, Reaching safepoint: 122323 ns, At safepoint: 26597 ns, Total: 148920 ns
[2020-09-11T17:12:18.289+0000][1][safepoint    ] Safepoint "Cleanup", Time since last: 1000108438 ns, Reaching safepoint: 84536 ns, At safepoint: 9759 ns, Total: 94295 ns
[2020-09-11T17:12:19.289+0000][1][safepoint    ] Safepoint "Cleanup", Time since last: 1000110737 ns, Reaching safepoint: 85041 ns, At safepoint: 9825 ns, Total: 94866 ns
[2020-09-11T17:12:19.456+0000][1][safepoint    ] Safepoint "RevokeBias", Time since last: 166371506 ns, Reaching safepoint: 96884 ns, At safepoint: 22296 ns, Total: 119180 ns
[2020-09-11T17:12:20.456+0000][1][safepoint    ] Safepoint "Cleanup", Time since last: 1000112299 ns, Reaching safepoint: 86804 ns, At safepoint: 9964 ns, Total: 96768 ns
[2020-09-11T17:12:21.456+0000][1][safepoint    ] Safepoint "Cleanup", Time since last: 1000120209 ns, Reaching safepoint: 88624 ns, At safepoint: 9604 ns, Total: 98228 ns
[2020-09-11T17:12:21.738+0000][1][safepoint    ] Safepoint "RevokeBias", Time since last: 281790652 ns, Reaching safepoint: 170388 ns, At safepoint: 25509 ns, Total: 195897 ns
[2020-09-11T17:12:21.871+0000][1][safepoint    ] Safepoint "RevokeBias", Time since last: 132617419 ns, Reaching safepoint: 82523 ns, At safepoint: 23136 ns, Total: 105659 ns
[2020-09-11T17:12:22.871+0000][1][safepoint    ] Safepoint "Cleanup", Time since last: 1000118812 ns, Reaching safepoint: 82784 ns, At safepoint: 10029 ns, Total: 92813 ns
[2020-09-11T17:12:23.871+0000][1][safepoint    ] Safepoint "Cleanup", Time since last: 1000109777 ns, Reaching safepoint: 83360 ns, At safepoint: 8431 ns, Total: 91791 ns
[2020-09-11T17:12:24.818+0000][1][safepoint    ] Safepoint "RevokeBias", Time since last: 946560027 ns, Reaching safepoint: 93023 ns, At safepoint: 21374 ns, Total: 114397 ns
[2020-09-11T17:12:25.818+0000][1][safepoint    ] Safepoint "Cleanup", Time since last: 1000107249 ns, Reaching safepoint: 86094 ns, At safepoint: 8855 ns, Total: 94949 ns
[2020-09-11T17:12:26.750+0000][1][safepoint    ] Safepoint "RevokeBias", Time since last: 931462416 ns, Reaching safepoint: 176067 ns, At safepoint: 27028 ns, Total: 203095 ns
[2020-09-11T17:12:26.890+0000][1][safepoint    ] Safepoint "RevokeBias", Time since last: 140355342 ns, Reaching safepoint: 82926 ns, At safepoint: 23433 ns, Total: 106359 ns
[2020-09-11T17:12:26.980+0000][1][gc,start     ] GC(136) Pause Young (Allocation Failure)
[2020-09-11T17:12:26.981+0000][1][gc,task      ] GC(136) Using 1 workers of 1 for evacuation
[2020-09-11T17:12:26.994+0000][1][gc,age       ] GC(136) Desired survivor size 4358144 bytes, new threshold 6 (max threshold 6)
[2020-09-11T17:12:26.994+0000][1][gc,age       ] GC(136) Age table with threshold 6 (max threshold 6)
[2020-09-11T17:12:26.994+0000][1][gc,age       ] GC(136) - age   1:     108968 bytes,     108968 total
[2020-09-11T17:12:26.994+0000][1][gc,age       ] GC(136) - age   2:     172960 bytes,     281928 total
[2020-09-11T17:12:26.994+0000][1][gc,age       ] GC(136) - age   3:     690160 bytes,     972088 total
[2020-09-11T17:12:26.994+0000][1][gc,age       ] GC(136) - age   4:     145288 bytes,    1117376 total
[2020-09-11T17:12:26.994+0000][1][gc,age       ] GC(136) - age   5:      25576 bytes,    1142952 total
[2020-09-11T17:12:26.994+0000][1][gc,age       ] GC(136) - age   6:      28616 bytes,    1171568 total
[2020-09-11T17:12:26.994+0000][1][gc,heap      ] GC(136) ParNew: 70055K->2186K(76672K)
[2020-09-11T17:12:26.994+0000][1][gc,heap      ] GC(136) CMS: 112395K->112419K(439104K)
[2020-09-11T17:12:26.994+0000][1][gc,metaspace ] GC(136) Metaspace: 94529K->94529K(1136640K)
[2020-09-11T17:12:26.994+0000][1][gc           ] GC(136) Pause Young (Allocation Failure) 178M->111M(503M) 13.311ms
[2020-09-11T17:12:26.994+0000][1][gc,cpu       ] GC(136) User=0.01s Sys=0.00s Real=0.02s
[2020-09-11T17:12:26.994+0000][1][safepoint    ] Safepoint "GenCollectForAllocation", Time since last: 87933533 ns, Reaching safepoint: 2211865 ns, At safepoint: 13744421 ns, Total: 15956286 ns
[2020-09-11T17:12:27.332+0000][1][safepoint    ] Safepoint "RevokeBias", Time since last: 337212922 ns, Reaching safepoint: 90268 ns, At safepoint: 22589 ns, Total: 112857 ns
[2020-09-11T17:12:28.332+0000][1][safepoint    ] Safepoint "Cleanup", Time since last: 1000107842 ns, Reaching safepoint: 85744 ns, At safepoint: 9173 ns, Total: 94917 ns
[2020-09-11T17:12:29.332+0000][1][safepoint    ] Safepoint "Cleanup", Time since last: 1000114015 ns, Reaching safepoint: 110804 ns, At safepoint: 10494 ns, Total: 121298 ns
[2020-09-11T17:12:29.453+0000][1][safepoint    ] Safepoint "RevokeBias", Time since last: 121001870 ns, Reaching safepoint: 94273 ns, At safepoint: 23107 ns, Total: 117380 ns
[2020-09-11T17:12:30.453+0000][1][safepoint    ] Safepoint "Cleanup", Time since last: 1000116205 ns, Reaching safepoint: 87228 ns, At safepoint: 9944 ns, Total: 97172 ns
[2020-09-11T17:12:31.454+0000][1][safepoint    ] Safepoint "Cleanup", Time since last: 1000139156 ns, Reaching safepoint: 85364 ns, At safepoint: 9288 ns, Total: 94652 ns
[2020-09-11T17:12:31.764+0000][1][safepoint    ] Safepoint "RevokeBias", Time since last: 309867679 ns, Reaching safepoint: 96745 ns, At safepoint: 24838 ns, Total: 121583 ns
[2020-09-11T17:12:31.902+0000][1][safepoint    ] Safepoint "RevokeBias", Time since last: 137921815 ns, Reaching safepoint: 84178 ns, At safepoint: 27090 ns, Total: 111268 ns
[2020-09-11T17:12:32.902+0000][1][safepoint    ] Safepoint "Cleanup", Time since last: 1000113567 ns, Reaching safepoint: 84854 ns, At safepoint: 9979 ns, Total: 94833 ns
[2020-09-11T17:12:33.902+0000][1][safepoint    ] Safepoint "Cleanup", Time since last: 1000111468 ns, Reaching safepoint: 86013 ns, At safepoint: 9769 ns, Total: 95782 ns
[2020-09-11T17:12:34.836+0000][1][safepoint    ] Safepoint "RevokeBias", Time since last: 934222404 ns, Reaching safepoint: 168857 ns, At safepoint: 23724 ns, Total: 192581 ns
[2020-09-11T17:12:35.837+0000][1][safepoint    ] Safepoint "Cleanup", Time since last: 1000111938 ns, Reaching safepoint: 85125 ns, At safepoint: 8690 ns, Total: 93815 ns
[2020-09-11T17:12:36.774+0000][1][safepoint    ] Safepoint "RevokeBias", Time since last: 937149506 ns, Reaching safepoint: 173446 ns, At safepoint: 27788 ns, Total: 201234 ns
[2020-09-11T17:12:36.913+0000][1][safepoint    ] Safepoint "RevokeBias", Time since last: 139336144 ns, Reaching safepoint: 87999 ns, At safepoint: 25869 ns, Total: 113868 ns
[2020-09-11T17:12:37.348+0000][1][safepoint    ] Safepoint "RevokeBias", Time since last: 434227586 ns, Reaching safepoint: 96104 ns, At safepoint: 22207 ns, Total: 118311 ns
[2020-09-11T17:12:38.348+0000][1][safepoint    ] Safepoint "Cleanup", Time since last: 1000122740 ns, Reaching safepoint: 91069 ns, At safepoint: 10244 ns, Total: 101313 ns
[2020-09-11T17:12:39.348+0000][1][safepoint    ] Safepoint "Cleanup", Time since last: 1000114192 ns, Reaching safepoint: 90722 ns, At safepoint: 10384 ns, Total: 101106 ns
[2020-09-11T17:12:39.493+0000][1][safepoint    ] Safepoint "RevokeBias", Time since last: 144781910 ns, Reaching safepoint: 90439 ns, At safepoint: 22253 ns, Total: 112692 ns
[2020-09-11T17:12:40.493+0000][1][safepoint    ] Safepoint "Cleanup", Time since last: 1000108392 ns, Reaching safepoint: 88040 ns, At safepoint: 9453 ns, Total: 97493 ns
[2020-09-11T17:12:41.493+0000][1][safepoint    ] Safepoint "Cleanup", Time since last: 1000108790 ns, Reaching safepoint: 85850 ns, At safepoint: 8673 ns, Total: 94523 ns
[2020-09-11T17:12:41.786+0000][1][safepoint    ] Safepoint "RevokeBias", Time since last: 292236581 ns, Reaching safepoint: 170126 ns, At safepoint: 26949 ns, Total: 197075 ns
[2020-09-11T17:12:41.924+0000][1][safepoint    ] Safepoint "RevokeBias", Time since last: 137686451 ns, Reaching safepoint: 85166 ns, At safepoint: 24209 ns, Total: 109375 ns
[2020-09-11T17:12:42.924+0000][1][safepoint    ] Safepoint "Cleanup", Time since last: 1000116601 ns, Reaching safepoint: 88947 ns, At safepoint: 10046 ns, Total: 98993 ns
[2020-09-11T17:12:43.924+0000][1][safepoint    ] Safepoint "Cleanup", Time since last: 1000110318 ns, Reaching safepoint: 85843 ns, At safepoint: 9000 ns, Total: 94843 ns
[2020-09-11T17:12:44.804+0000][1][safepoint    ] Safepoint "RevokeBias", Time since last: 879548831 ns, Reaching safepoint: 172747 ns, At safepoint: 22005 ns, Total: 194752 ns
[2020-09-11T17:12:45.804+0000][1][safepoint    ] Safepoint "Cleanup", Time since last: 1000107191 ns, Reaching safepoint: 90887 ns, At safepoint: 9670 ns, Total: 100557 ns
[2020-09-11T17:12:46.803+0000][1][safepoint    ] Safepoint "RevokeBias", Time since last: 998653518 ns, Reaching safepoint: 171266 ns, At safepoint: 25384 ns, Total: 196650 ns
[2020-09-11T17:12:46.944+0000][1][safepoint    ] Safepoint "RevokeBias", Time since last: 140678159 ns, Reaching safepoint: 157774 ns, At safepoint: 26788 ns, Total: 184562 ns
[2020-09-11T17:12:47.145+0000][1][gc,start     ] GC(137) Pause Young (Allocation Failure)
[2020-09-11T17:12:47.145+0000][1][gc,task      ] GC(137) Using 1 workers of 1 for evacuation
[2020-09-11T17:12:47.155+0000][1][gc,age       ] GC(137) Desired survivor size 4358144 bytes, new threshold 6 (max threshold 6)
[2020-09-11T17:12:47.156+0000][1][gc,age       ] GC(137) Age table with threshold 6 (max threshold 6)
[2020-09-11T17:12:47.156+0000][1][gc,age       ] GC(137) - age   1:     119848 bytes,     119848 total
[2020-09-11T17:12:47.156+0000][1][gc,age       ] GC(137) - age   2:      39392 bytes,     159240 total
[2020-09-11T17:12:47.156+0000][1][gc,age       ] GC(137) - age   3:     169792 bytes,     329032 total
[2020-09-11T17:12:47.156+0000][1][gc,age       ] GC(137) - age   4:     690160 bytes,    1019192 total
[2020-09-11T17:12:47.156+0000][1][gc,age       ] GC(137) - age   5:     145288 bytes,    1164480 total
[2020-09-11T17:12:47.156+0000][1][gc,age       ] GC(137) - age   6:      20328 bytes,    1184808 total
[2020-09-11T17:12:47.156+0000][1][gc,heap      ] GC(137) ParNew: 70346K->1404K(76672K)
[2020-09-11T17:12:47.156+0000][1][gc,heap      ] GC(137) CMS: 112419K->112439K(439104K)
[2020-09-11T17:12:47.156+0000][1][gc,metaspace ] GC(137) Metaspace: 94560K->94560K(1136640K)
[2020-09-11T17:12:47.156+0000][1][gc           ] GC(137) Pause Young (Allocation Failure) 178M->111M(503M) 10.611ms
[2020-09-11T17:12:47.156+0000][1][gc,cpu       ] GC(137) User=0.01s Sys=0.00s Real=0.01s
[2020-09-11T17:12:47.156+0000][1][safepoint    ] Safepoint "GenCollectForAllocation", Time since last: 201016839 ns, Reaching safepoint: 173520 ns, At safepoint: 10677275 ns, Total: 10850795 ns
[2020-09-11T17:12:47.297+0000][1][safepoint    ] Safepoint "RevokeBias", Time since last: 141125029 ns, Reaching safepoint: 93697 ns, At safepoint: 22486 ns, Total: 116183 ns
[2020-09-11T17:12:48.297+0000][1][safepoint    ] Safepoint "Cleanup", Time since last: 1000105001 ns, Reaching safepoint: 85055 ns, At safepoint: 10205 ns, Total: 95260 ns
[2020-09-11T17:12:49.297+0000][1][safepoint    ] Safepoint "Cleanup", Time since last: 1000112675 ns, Reaching safepoint: 85112 ns, At safepoint: 9663 ns, Total: 94775 ns
[2020-09-11T17:12:49.513+0000][1][safepoint    ] Safepoint "RevokeBias", Time since last: 215966557 ns, Reaching safepoint: 96287 ns, At safepoint: 25337 ns, Total: 121624 ns
[2020-09-11T17:12:50.514+0000][1][safepoint    ] Safepoint "Cleanup", Time since last: 1000103493 ns, Reaching safepoint: 85459 ns, At safepoint: 9107 ns, Total: 94566 ns
[2020-09-11T17:12:51.514+0000][1][safepoint    ] Safepoint "Cleanup", Time since last: 1000107153 ns, Reaching safepoint: 84543 ns, At safepoint: 8933 ns, Total: 93476 ns
[2020-09-11T17:12:51.814+0000][1][safepoint    ] Safepoint "RevokeBias", Time since last: 300069764 ns, Reaching safepoint: 95430 ns, At safepoint: 26109 ns, Total: 121539 ns
[2020-09-11T17:12:51.956+0000][1][safepoint    ] Safepoint "RevokeBias", Time since last: 142105012 ns, Reaching safepoint: 84321 ns, At safepoint: 24004 ns, Total: 108325 ns
[2020-09-11T17:12:52.956+0000][1][safepoint    ] Safepoint "Cleanup", Time since last: 1000119062 ns, Reaching safepoint: 81174 ns, At safepoint: 9022 ns, Total: 90196 ns
[2020-09-11T17:12:53.957+0000][1][safepoint    ] Safepoint "Cleanup", Time since last: 1000106242 ns, Reaching safepoint: 89126 ns, At safepoint: 10072 ns, Total: 99198 ns
[2020-09-11T17:12:54.805+0000][1][safepoint    ] Safepoint "RevokeBias", Time since last: 848423854 ns, Reaching safepoint: 188661 ns, At safepoint: 23413 ns, Total: 212074 ns
[2020-09-11T17:12:55.805+0000][1][safepoint    ] Safepoint "Cleanup", Time since last: 1000103917 ns, Reaching safepoint: 84522 ns, At safepoint: 9253 ns, Total: 93775 ns
[2020-09-11T17:12:56.806+0000][1][safepoint    ] Safepoint "Cleanup", Time since last: 1000112179 ns, Reaching safepoint: 86495 ns, At safepoint: 9053 ns, Total: 95548 ns
[2020-09-11T17:12:56.834+0000][1][safepoint    ] Safepoint "RevokeBias", Time since last: 27711287 ns, Reaching safepoint: 754362 ns, At safepoint: 26899 ns, Total: 781261 ns
[2020-09-11T17:12:57.054+0000][1][safepoint    ] Safepoint "RevokeBias", Time since last: 219299454 ns, Reaching safepoint: 84157 ns, At safepoint: 24535 ns, Total: 108692 ns
[2020-09-11T17:12:57.387+0000][1][safepoint    ] Safepoint "RevokeBias", Time since last: 333089421 ns, Reaching safepoint: 89920 ns, At safepoint: 21382 ns, Total: 111302 ns
[2020-09-11T17:12:59.445+0000][1][safepoint    ] Safepoint "RevokeBias", Time since last: 2057731626 ns, Reaching safepoint: 98449 ns, At safepoint: 22298 ns, Total: 120747 ns
[2020-09-11T17:13:01.858+0000][1][safepoint    ] Safepoint "RevokeBias", Time since last: 2412739162 ns, Reaching safepoint: 758713 ns, At safepoint: 27709 ns, Total: 786422 ns
[2020-09-11T17:13:02.076+0000][1][safepoint    ] Safepoint "RevokeBias", Time since last: 218005597 ns, Reaching safepoint: 88504 ns, At safepoint: 24842 ns, Total: 113346 ns
[2020-09-11T17:13:04.824+0000][1][safepoint    ] Safepoint "RevokeBias", Time since last: 2747274436 ns, Reaching safepoint: 172014 ns, At safepoint: 24108 ns, Total: 196122 ns
[2020-09-11T17:13:06.881+0000][1][safepoint    ] Safepoint "RevokeBias", Time since last: 2057102728 ns, Reaching safepoint: 90035 ns, At safepoint: 29546 ns, Total: 119581 ns
[2020-09-11T17:13:07.091+0000][1][safepoint    ] Safepoint "RevokeBias", Time since last: 209563759 ns, Reaching safepoint: 87268 ns, At safepoint: 22282 ns, Total: 109550 ns
[2020-09-11T17:13:07.259+0000][1][safepoint    ] Safepoint "RevokeBias", Time since last: 168305892 ns, Reaching safepoint: 97527 ns, At safepoint: 22788 ns, Total: 120315 ns
[2020-09-11T17:13:07.704+0000][1][gc,start     ] GC(138) Pause Young (Allocation Failure)
[2020-09-11T17:13:07.704+0000][1][gc,task      ] GC(138) Using 1 workers of 1 for evacuation
[2020-09-11T17:13:07.713+0000][1][gc,age       ] GC(138) Desired survivor size 4358144 bytes, new threshold 6 (max threshold 6)
[2020-09-11T17:13:07.713+0000][1][gc,age       ] GC(138) Age table with threshold 6 (max threshold 6)
[2020-09-11T17:13:07.713+0000][1][gc,age       ] GC(138) - age   1:     500832 bytes,     500832 total
[2020-09-11T17:13:07.713+0000][1][gc,age       ] GC(138) - age   2:      48024 bytes,     548856 total
[2020-09-11T17:13:07.713+0000][1][gc,age       ] GC(138) - age   3:      37608 bytes,     586464 total
[2020-09-11T17:13:07.713+0000][1][gc,age       ] GC(138) - age   4:     169696 bytes,     756160 total
[2020-09-11T17:13:07.713+0000][1][gc,age       ] GC(138) - age   5:     413680 bytes,    1169840 total
[2020-09-11T17:13:07.713+0000][1][gc,age       ] GC(138) - age   6:      59832 bytes,    1229672 total
[2020-09-11T17:13:07.713+0000][1][gc,heap      ] GC(138) ParNew: 69564K->2086K(76672K)
[2020-09-11T17:13:07.713+0000][1][gc,heap      ] GC(138) CMS: 112439K->112459K(439104K)
[2020-09-11T17:13:07.713+0000][1][gc,metaspace ] GC(138) Metaspace: 94569K->94569K(1136640K)
[2020-09-11T17:13:07.713+0000][1][gc           ] GC(138) Pause Young (Allocation Failure) 177M->111M(503M) 9.284ms
[2020-09-11T17:13:07.713+0000][1][gc,cpu       ] GC(138) User=0.00s Sys=0.00s Real=0.01s
[2020-09-11T17:13:07.713+0000][1][safepoint    ] Safepoint "GenCollectForAllocation", Time since last: 444505645 ns, Reaching safepoint: 153475 ns, At safepoint: 9358289 ns, Total: 9511764 ns
[2020-09-11T17:13:09.450+0000][1][safepoint    ] Safepoint "RevokeBias", Time since last: 1736698171 ns, Reaching safepoint: 93928 ns, At safepoint: 23036 ns, Total: 116964 ns
[2020-09-11T17:13:11.894+0000][1][safepoint    ] Safepoint "BulkRevokeBias", Time since last: 2443454308 ns, Reaching safepoint: 162453 ns, At safepoint: 226486 ns, Total: 388939 ns
[2020-09-11T17:13:12.137+0000][1][safepoint    ] Safepoint "RevokeBias", Time since last: 242761107 ns, Reaching safepoint: 88216 ns, At safepoint: 25941 ns, Total: 114157 ns
[2020-09-11T17:13:14.883+0000][1][safepoint    ] Safepoint "RevokeBias", Time since last: 2745905969 ns, Reaching safepoint: 168500 ns, At safepoint: 23249 ns, Total: 191749 ns
[2020-09-11T17:13:16.912+0000][1][safepoint    ] Safepoint "RevokeBias", Time since last: 2028930972 ns, Reaching safepoint: 178176 ns, At safepoint: 26319 ns, Total: 204495 ns
[2020-09-11T17:13:17.161+0000][1][safepoint    ] Safepoint "RevokeBias", Time since last: 247099377 ns, Reaching safepoint: 1922582 ns, At safepoint: 32942 ns, Total: 1955524 ns
[2020-09-11T17:13:17.249+0000][1][safepoint    ] Safepoint "BulkRevokeBias", Time since last: 88052823 ns, Reaching safepoint: 92863 ns, At safepoint: 231529 ns, Total: 324392 ns
[2020-09-11T17:13:18.250+0000][1][safepoint    ] Safepoint "Cleanup", Time since last: 1000122138 ns, Reaching safepoint: 84646 ns, At safepoint: 9514 ns, Total: 94160 ns
[2020-09-11T17:13:19.250+0000][1][safepoint    ] Safepoint "Cleanup", Time since last: 1000108618 ns, Reaching safepoint: 85214 ns, At safepoint: 8997 ns, Total: 94211 ns
[2020-09-11T17:13:19.443+0000][1][safepoint    ] Safepoint "RevokeBias", Time since last: 192997717 ns, Reaching safepoint: 89982 ns, At safepoint: 22152 ns, Total: 112134 ns
[2020-09-11T17:13:20.443+0000][1][safepoint    ] Safepoint "Cleanup", Time since last: 1000104556 ns, Reaching safepoint: 89993 ns, At safepoint: 11885 ns, Total: 101878 ns
[2020-09-11T17:13:21.443+0000][1][safepoint    ] Safepoint "Cleanup", Time since last: 1000113336 ns, Reaching safepoint: 84639 ns, At safepoint: 9268 ns, Total: 93907 ns
[2020-09-11T17:13:21.926+0000][1][safepoint    ] Safepoint "RevokeBias", Time since last: 482462201 ns, Reaching safepoint: 95746 ns, At safepoint: 25740 ns, Total: 121486 ns
[2020-09-11T17:13:22.174+0000][1][safepoint    ] Safepoint "RevokeBias", Time since last: 248210596 ns, Reaching safepoint: 88457 ns, At safepoint: 26034 ns, Total: 114491 ns
[2020-09-11T17:13:23.174+0000][1][safepoint    ] Safepoint "Cleanup", Time since last: 1000134544 ns, Reaching safepoint: 82037 ns, At safepoint: 6990 ns, Total: 89027 ns
[2020-09-11T17:13:24.175+0000][1][safepoint    ] Safepoint "Cleanup", Time since last: 1000115761 ns, Reaching safepoint: 87248 ns, At safepoint: 10504 ns, Total: 97752 ns
[2020-09-11T17:13:24.810+0000][1][safepoint    ] Safepoint "RevokeBias", Time since last: 635767423 ns, Reaching safepoint: 92594 ns, At safepoint: 22849 ns, Total: 115443 ns
[2020-09-11T17:13:25.811+0000][1][safepoint    ] Safepoint "Cleanup", Time since last: 1000118539 ns, Reaching safepoint: 114880 ns, At safepoint: 10003 ns, Total: 124883 ns
[2020-09-11T17:13:26.811+0000][1][safepoint    ] Safepoint "Cleanup", Time since last: 1000107885 ns, Reaching safepoint: 85027 ns, At safepoint: 9615 ns, Total: 94642 ns
[2020-09-11T17:13:26.948+0000][1][safepoint    ] Safepoint "RevokeBias", Time since last: 137067059 ns, Reaching safepoint: 171582 ns, At safepoint: 41666 ns, Total: 213248 ns
[2020-09-11T17:13:27.201+0000][1][gc,start     ] GC(139) Pause Young (Allocation Failure)
[2020-09-11T17:13:27.201+0000][1][gc,task      ] GC(139) Using 1 workers of 1 for evacuation
[2020-09-11T17:13:27.210+0000][1][gc,age       ] GC(139) Desired survivor size 4358144 bytes, new threshold 6 (max threshold 6)
[2020-09-11T17:13:27.210+0000][1][gc,age       ] GC(139) Age table with threshold 6 (max threshold 6)
[2020-09-11T17:13:27.210+0000][1][gc,age       ] GC(139) - age   1:     295192 bytes,     295192 total
[2020-09-11T17:13:27.210+0000][1][gc,age       ] GC(139) - age   2:     449928 bytes,     745120 total
[2020-09-11T17:13:27.210+0000][1][gc,age       ] GC(139) - age   3:      45464 bytes,     790584 total
[2020-09-11T17:13:27.210+0000][1][gc,age       ] GC(139) - age   4:      37416 bytes,     828000 total
[2020-09-11T17:13:27.210+0000][1][gc,age       ] GC(139) - age   5:     165280 bytes,     993280 total
[2020-09-11T17:13:27.210+0000][1][gc,age       ] GC(139) - age   6:     335296 bytes,    1328576 total
[2020-09-11T17:13:27.210+0000][1][gc,heap      ] GC(139) ParNew: 70200K->1422K(76672K)
[2020-09-11T17:13:27.210+0000][1][gc,heap      ] GC(139) CMS: 112459K->112480K(439104K)
[2020-09-11T17:13:27.210+0000][1][gc,metaspace ] GC(139) Metaspace: 94570K->94570K(1136640K)
[2020-09-11T17:13:27.210+0000][1][gc           ] GC(139) Pause Young (Allocation Failure) 178M->111M(503M) 9.541ms
[2020-09-11T17:13:27.210+0000][1][gc,cpu       ] GC(139) User=0.01s Sys=0.00s Real=0.00s
[2020-09-11T17:13:27.222+0000][1][safepoint    ] Safepoint "GenCollectForAllocation", Time since last: 249884962 ns, Reaching safepoint: 2819720 ns, At safepoint: 21319820 ns, Total: 24139540 ns
[2020-09-11T17:13:27.229+0000][1][safepoint    ] Safepoint "RevokeBias", Time since last: 6754325 ns, Reaching safepoint: 123203 ns, At safepoint: 22003 ns, Total: 145206 ns
[2020-09-11T17:13:27.277+0000][1][safepoint    ] Safepoint "RevokeBias", Time since last: 47860343 ns, Reaching safepoint: 90078 ns, At safepoint: 34697 ns, Total: 124775 ns
[2020-09-11T17:13:28.277+0000][1][safepoint    ] Safepoint "Cleanup", Time since last: 1000105109 ns, Reaching safepoint: 85639 ns, At safepoint: 9560 ns, Total: 95199 ns
[2020-09-11T17:13:29.277+0000][1][safepoint    ] Safepoint "Cleanup", Time since last: 1000110360 ns, Reaching safepoint: 82983 ns, At safepoint: 9161 ns, Total: 92144 ns
[2020-09-11T17:13:29.575+0000][1][safepoint    ] Safepoint "RevokeBias", Time since last: 297328089 ns, Reaching safepoint: 100651 ns, At safepoint: 25928 ns, Total: 126579 ns
[2020-09-11T17:13:30.575+0000][1][safepoint    ] Safepoint "Cleanup", Time since last: 1000106768 ns, Reaching safepoint: 86416 ns, At safepoint: 9582 ns, Total: 95998 ns
[2020-09-11T17:13:31.575+0000][1][safepoint    ] Safepoint "Cleanup", Time since last: 1000110706 ns, Reaching safepoint: 91616 ns, At safepoint: 10140 ns, Total: 101756 ns
[2020-09-11T17:13:31.962+0000][1][safepoint    ] Safepoint "RevokeBias", Time since last: 386779908 ns, Reaching safepoint: 165923 ns, At safepoint: 21344 ns, Total: 187267 ns
[2020-09-11T17:13:32.250+0000][1][safepoint    ] Safepoint "RevokeBias", Time since last: 287220331 ns, Reaching safepoint: 86445 ns, At safepoint: 23157 ns, Total: 109602 ns
[2020-09-11T17:13:33.250+0000][1][safepoint    ] Safepoint "Cleanup", Time since last: 1000106774 ns, Reaching safepoint: 99735 ns, At safepoint: 9846 ns, Total: 109581 ns
[2020-09-11T17:13:34.250+0000][1][safepoint    ] Safepoint "Cleanup", Time since last: 1000096796 ns, Reaching safepoint: 78024 ns, At safepoint: 7447 ns, Total: 85471 ns
[2020-09-11T17:13:34.844+0000][1][safepoint    ] Safepoint "RevokeBias", Time since last: 593572091 ns, Reaching safepoint: 171038 ns, At safepoint: 23752 ns, Total: 194790 ns
[2020-09-11T17:13:35.844+0000][1][safepoint    ] Safepoint "Cleanup", Time since last: 1000103745 ns, Reaching safepoint: 81514 ns, At safepoint: 7974 ns, Total: 89488 ns
[2020-09-11T17:13:36.844+0000][1][safepoint    ] Safepoint "Cleanup", Time since last: 1000111403 ns, Reaching safepoint: 87104 ns, At safepoint: 10106 ns, Total: 97210 ns
[2020-09-11T17:13:36.981+0000][1][safepoint    ] Safepoint "RevokeBias", Time since last: 135679846 ns, Reaching safepoint: 936324 ns, At safepoint: 23737 ns, Total: 960061 ns
[2020-09-11T17:13:37.273+0000][1][safepoint    ] Safepoint "RevokeBias", Time since last: 290907732 ns, Reaching safepoint: 1115895 ns, At safepoint: 27706 ns, Total: 1143601 ns
[2020-09-11T17:13:37.338+0000][1][safepoint    ] Safepoint "RevokeBias", Time since last: 65096464 ns, Reaching safepoint: 95826 ns, At safepoint: 22569 ns, Total: 118395 ns
[2020-09-11T17:13:38.338+0000][1][safepoint    ] Safepoint "Cleanup", Time since last: 1000106847 ns, Reaching safepoint: 84298 ns, At safepoint: 8125 ns, Total: 92423 ns
[2020-09-11T17:13:39.339+0000][1][safepoint    ] Safepoint "Cleanup", Time since last: 1000106944 ns, Reaching safepoint: 86341 ns, At safepoint: 9661 ns, Total: 96002 ns
[2020-09-11T17:13:39.506+0000][1][safepoint    ] Safepoint "RevokeBias", Time since last: 167370098 ns, Reaching safepoint: 112763 ns, At safepoint: 22490 ns, Total: 135253 ns
[2020-09-11T17:13:40.506+0000][1][safepoint    ] Safepoint "Cleanup", Time since last: 1000118579 ns, Reaching safepoint: 85610 ns, At safepoint: 9536 ns, Total: 95146 ns
[2020-09-11T17:13:41.506+0000][1][safepoint    ] Safepoint "Cleanup", Time since last: 1000112435 ns, Reaching safepoint: 86548 ns, At safepoint: 9248 ns, Total: 95796 ns
[2020-09-11T17:13:41.995+0000][1][safepoint    ] Safepoint "RevokeBias", Time since last: 488442389 ns, Reaching safepoint: 167399 ns, At safepoint: 23089 ns, Total: 190488 ns
[2020-09-11T17:13:42.284+0000][1][safepoint    ] Safepoint "RevokeBias", Time since last: 288340810 ns, Reaching safepoint: 89061 ns, At safepoint: 26620 ns, Total: 115681 ns
[2020-09-11T17:13:43.284+0000][1][safepoint    ] Safepoint "Cleanup", Time since last: 1000115858 ns, Reaching safepoint: 78558 ns, At safepoint: 8261 ns, Total: 86819 ns
[2020-09-11T17:13:44.284+0000][1][safepoint    ] Safepoint "Cleanup", Time since last: 1000099953 ns, Reaching safepoint: 81331 ns, At safepoint: 8671 ns, Total: 90002 ns
[2020-09-11T17:13:44.841+0000][1][safepoint    ] Safepoint "RevokeBias", Time since last: 555359429 ns, Reaching safepoint: 1550077 ns, At safepoint: 29147 ns, Total: 1579224 ns
[2020-09-11T17:13:45.841+0000][1][safepoint    ] Safepoint "Cleanup", Time since last: 1000109657 ns, Reaching safepoint: 91958 ns, At safepoint: 8787 ns, Total: 100745 ns
[2020-09-11T17:13:46.841+0000][1][safepoint    ] Safepoint "Cleanup", Time since last: 1000112454 ns, Reaching safepoint: 94067 ns, At safepoint: 9807 ns, Total: 103874 ns
[2020-09-11T17:13:47.009+0000][1][safepoint    ] Safepoint "RevokeBias", Time since last: 167011197 ns, Reaching safepoint: 165087 ns, At safepoint: 23599 ns, Total: 188686 ns
[2020-09-11T17:13:47.241+0000][1][gc,start     ] GC(140) Pause Young (Allocation Failure)
[2020-09-11T17:13:47.241+0000][1][gc,task      ] GC(140) Using 1 workers of 1 for evacuation
[2020-09-11T17:13:47.255+0000][1][gc,age       ] GC(140) Desired survivor size 4358144 bytes, new threshold 6 (max threshold 6)
[2020-09-11T17:13:47.255+0000][1][gc,age       ] GC(140) Age table with threshold 6 (max threshold 6)
[2020-09-11T17:13:47.255+0000][1][gc,age       ] GC(140) - age   1:     347512 bytes,     347512 total
[2020-09-11T17:13:47.255+0000][1][gc,age       ] GC(140) - age   2:     158352 bytes,     505864 total
[2020-09-11T17:13:47.255+0000][1][gc,age       ] GC(140) - age   3:     446488 bytes,     952352 total
[2020-09-11T17:13:47.255+0000][1][gc,age       ] GC(140) - age   4:      45464 bytes,     997816 total
[2020-09-11T17:13:47.255+0000][1][gc,age       ] GC(140) - age   5:      37416 bytes,    1035232 total
[2020-09-11T17:13:47.255+0000][1][gc,age       ] GC(140) - age   6:      88304 bytes,    1123536 total
[2020-09-11T17:13:47.255+0000][1][gc,heap      ] GC(140) ParNew: 69582K->1150K(76672K)
[2020-09-11T17:13:47.255+0000][1][gc,heap      ] GC(140) CMS: 112480K->112753K(439104K)
[2020-09-11T17:13:47.255+0000][1][gc,metaspace ] GC(140) Metaspace: 94585K->94585K(1136640K)
[2020-09-11T17:13:47.255+0000][1][gc           ] GC(140) Pause Young (Allocation Failure) 177M->111M(503M) 13.844ms
[2020-09-11T17:13:47.255+0000][1][gc,cpu       ] GC(140) User=0.00s Sys=0.00s Real=0.01s
[2020-09-11T17:13:47.255+0000][1][safepoint    ] Safepoint "GenCollectForAllocation", Time since last: 229492105 ns, Reaching safepoint: 2913721 ns, At safepoint: 13914485 ns, Total: 16828206 ns
[2020-09-11T17:13:47.337+0000][1][safepoint    ] Safepoint "RevokeBias", Time since last: 81586981 ns, Reaching safepoint: 362427 ns, At safepoint: 56905 ns, Total: 419332 ns
[2020-09-11T17:13:48.340+0000][1][safepoint    ] Safepoint "Cleanup", Time since last: 1003518290 ns, Reaching safepoint: 82921 ns, At safepoint: 9033 ns, Total: 91954 ns
[2020-09-11T17:13:49.341+0000][1][safepoint    ] Safepoint "Cleanup", Time since last: 1000100734 ns, Reaching safepoint: 85599 ns, At safepoint: 7877 ns, Total: 93476 ns
[2020-09-11T17:13:49.445+0000][1][safepoint    ] Safepoint "RevokeBias", Time since last: 104367118 ns, Reaching safepoint: 90525 ns, At safepoint: 21711 ns, Total: 112236 ns
[2020-09-11T17:13:50.445+0000][1][safepoint    ] Safepoint "Cleanup", Time since last: 1000101592 ns, Reaching safepoint: 93622 ns, At safepoint: 9469 ns, Total: 103091 ns
[2020-09-11T17:13:51.446+0000][1][safepoint    ] Safepoint "Cleanup", Time since last: 1000115538 ns, Reaching safepoint: 85359 ns, At safepoint: 8349 ns, Total: 93708 ns
[2020-09-11T17:13:52.026+0000][1][safepoint    ] Safepoint "RevokeBias", Time since last: 580004072 ns, Reaching safepoint: 179964 ns, At safepoint: 25903 ns, Total: 205867 ns
[2020-09-11T17:13:52.349+0000][1][safepoint    ] Safepoint "RevokeBias", Time since last: 323530480 ns, Reaching safepoint: 89292 ns, At safepoint: 26077 ns, Total: 115369 ns
[2020-09-11T17:13:53.350+0000][1][safepoint    ] Safepoint "Cleanup", Time since last: 1000113504 ns, Reaching safepoint: 93131 ns, At safepoint: 9523 ns, Total: 102654 ns
[2020-09-11T17:13:54.350+0000][1][safepoint    ] Safepoint "Cleanup", Time since last: 1000108484 ns, Reaching safepoint: 80823 ns, At safepoint: 5621 ns, Total: 86444 ns
[2020-09-11T17:13:54.845+0000][1][safepoint    ] Safepoint "RevokeBias", Time since last: 494844275 ns, Reaching safepoint: 198100 ns, At safepoint: 21968 ns, Total: 220068 ns
[2020-09-11T17:13:55.845+0000][1][safepoint    ] Safepoint "Cleanup", Time since last: 1000104898 ns, Reaching safepoint: 85104 ns, At safepoint: 9670 ns, Total: 94774 ns
[2020-09-11T17:13:56.845+0000][1][safepoint    ] Safepoint "Cleanup", Time since last: 1000110048 ns, Reaching safepoint: 105275 ns, At safepoint: 9347 ns, Total: 114622 ns
[2020-09-11T17:13:57.044+0000][1][safepoint    ] Safepoint "RevokeBias", Time since last: 198385336 ns, Reaching safepoint: 89874 ns, At safepoint: 21686 ns, Total: 111560 ns
[2020-09-11T17:13:57.301+0000][1][safepoint    ] Safepoint "RevokeBias", Time since last: 257223952 ns, Reaching safepoint: 99109 ns, At safepoint: 21474 ns, Total: 120583 ns
[2020-09-11T17:13:57.396+0000][1][safepoint    ] Safepoint "RevokeBias", Time since last: 94543431 ns, Reaching safepoint: 80949 ns, At safepoint: 21743 ns, Total: 102692 ns
[2020-09-11T17:13:58.396+0000][1][safepoint    ] Safepoint "Cleanup", Time since last: 1000116706 ns, Reaching safepoint: 86767 ns, At safepoint: 9776 ns, Total: 96543 ns
[2020-09-11T17:13:59.396+0000][1][safepoint    ] Safepoint "Cleanup", Time since last: 1000118395 ns, Reaching safepoint: 86576 ns, At safepoint: 10223 ns, Total: 96799 ns
[2020-09-11T17:13:59.459+0000][1][safepoint    ] Safepoint "RevokeBias", Time since last: 62500554 ns, Reaching safepoint: 89610 ns, At safepoint: 21942 ns, Total: 111552 ns
[2020-09-11T17:14:00.459+0000][1][safepoint    ] Safepoint "Cleanup", Time since last: 1000106790 ns, Reaching safepoint: 86262 ns, At safepoint: 8536 ns, Total: 94798 ns
[2020-09-11T17:14:01.459+0000][1][safepoint    ] Safepoint "Cleanup", Time since last: 1000108976 ns, Reaching safepoint: 90996 ns, At safepoint: 9206 ns, Total: 100202 ns
[2020-09-11T17:14:02.058+0000][1][safepoint    ] Safepoint "RevokeBias", Time since last: 598319908 ns, Reaching safepoint: 164637 ns, At safepoint: 22744 ns, Total: 187381 ns
[2020-09-11T17:14:02.406+0000][1][safepoint    ] Safepoint "RevokeBias", Time since last: 348578364 ns, Reaching safepoint: 86947 ns, At safepoint: 26246 ns, Total: 113193 ns
[2020-09-11T17:14:04.882+0000][1][safepoint    ] Safepoint "RevokeBias", Time since last: 2475802722 ns, Reaching safepoint: 179981 ns, At safepoint: 27044 ns, Total: 207025 ns
[2020-09-11T17:14:07.076+0000][1][safepoint    ] Safepoint "RevokeBias", Time since last: 2193786753 ns, Reaching safepoint: 169921 ns, At safepoint: 23536 ns, Total: 193457 ns
[2020-09-11T17:14:07.222+0000][1][safepoint    ] Safepoint "RevokeBias", Time since last: 145443300 ns, Reaching safepoint: 96826 ns, At safepoint: 22194 ns, Total: 119020 ns
[2020-09-11T17:14:07.416+0000][1][safepoint    ] Safepoint "RevokeBias", Time since last: 194132793 ns, Reaching safepoint: 83881 ns, At safepoint: 24701 ns, Total: 108582 ns
[2020-09-11T17:14:09.417+0000][1][safepoint    ] Safepoint "Cleanup", Time since last: 2000191934 ns, Reaching safepoint: 90490 ns, At safepoint: 9965 ns, Total: 100455 ns
[2020-09-11T17:14:09.421+0000][1][gc,start     ] GC(141) Pause Young (Allocation Failure)
[2020-09-11T17:14:09.421+0000][1][gc,task      ] GC(141) Using 1 workers of 1 for evacuation
[2020-09-11T17:14:09.438+0000][1][gc,age       ] GC(141) Desired survivor size 4358144 bytes, new threshold 6 (max threshold 6)
[2020-09-11T17:14:09.438+0000][1][gc,age       ] GC(141) Age table with threshold 6 (max threshold 6)
[2020-09-11T17:14:09.438+0000][1][gc,age       ] GC(141) - age   1:      96360 bytes,      96360 total
[2020-09-11T17:14:09.438+0000][1][gc,age       ] GC(141) - age   2:     206856 bytes,     303216 total
[2020-09-11T17:14:09.438+0000][1][gc,age       ] GC(141) - age   3:     156568 bytes,     459784 total
[2020-09-11T17:14:09.438+0000][1][gc,age       ] GC(141) - age   4:     446392 bytes,     906176 total
[2020-09-11T17:14:09.438+0000][1][gc,age       ] GC(141) - age   5:      45464 bytes,     951640 total
[2020-09-11T17:14:09.438+0000][1][gc,age       ] GC(141) - age   6:      37120 bytes,     988760 total
[2020-09-11T17:14:09.438+0000][1][gc,heap      ] GC(141) ParNew: 69310K->1110K(76672K)
[2020-09-11T17:14:09.438+0000][1][gc,heap      ] GC(141) CMS: 112753K->112839K(439104K)
[2020-09-11T17:14:09.438+0000][1][gc,metaspace ] GC(141) Metaspace: 94597K->94597K(1136640K)
[2020-09-11T17:14:09.438+0000][1][gc           ] GC(141) Pause Young (Allocation Failure) 177M->111M(503M) 17.117ms
[2020-09-11T17:14:09.438+0000][1][gc,cpu       ] GC(141) User=0.00s Sys=0.00s Real=0.01s
[2020-09-11T17:14:09.442+0000][1][safepoint    ] Safepoint "GenCollectForAllocation", Time since last: 4034760 ns, Reaching safepoint: 302477 ns, At safepoint: 20680673 ns, Total: 20983150 ns
[2020-09-11T17:14:09.469+0000][1][safepoint    ] Safepoint "RevokeBias", Time since last: 26872235 ns, Reaching safepoint: 108986 ns, At safepoint: 23513 ns, Total: 132499 ns
[2020-09-11T17:14:10.469+0000][1][safepoint    ] Safepoint "Cleanup", Time since last: 1000125631 ns, Reaching safepoint: 112050 ns, At safepoint: 8296 ns, Total: 120346 ns
[2020-09-11T17:14:12.090+0000][1][safepoint    ] Safepoint "RevokeBias", Time since last: 1620564259 ns, Reaching safepoint: 163615 ns, At safepoint: 22855 ns, Total: 186470 ns
[2020-09-11T17:14:12.438+0000][1][safepoint    ] Safepoint "RevokeBias", Time since last: 348265420 ns, Reaching safepoint: 84583 ns, At safepoint: 23807 ns, Total: 108390 ns
[2020-09-11T17:14:14.810+0000][1][safepoint    ] Safepoint "RevokeBias", Time since last: 2371936874 ns, Reaching safepoint: 167364 ns, At safepoint: 23579 ns, Total: 190943 ns
[2020-09-11T17:14:17.120+0000][1][safepoint    ] Safepoint "RevokeBias", Time since last: 2310309028 ns, Reaching safepoint: 89265 ns, At safepoint: 20868 ns, Total: 110133 ns
[2020-09-11T17:14:17.325+0000][1][safepoint    ] Safepoint "RevokeBias", Time since last: 204810066 ns, Reaching safepoint: 94416 ns, At safepoint: 21282 ns, Total: 115698 ns
[2020-09-11T17:14:17.449+0000][1][safepoint    ] Safepoint "RevokeBias", Time since last: 123040112 ns, Reaching safepoint: 243071 ns, At safepoint: 351983 ns, Total: 595054 ns
[2020-09-11T17:14:19.444+0000][1][safepoint    ] Safepoint "RevokeBias", Time since last: 1994569648 ns, Reaching safepoint: 91800 ns, At safepoint: 22150 ns, Total: 113950 ns
[2020-09-11T17:14:22.138+0000][1][safepoint    ] Safepoint "RevokeBias", Time since last: 2693702336 ns, Reaching safepoint: 171479 ns, At safepoint: 26312 ns, Total: 197791 ns
[2020-09-11T17:14:22.460+0000][1][safepoint    ] Safepoint "BulkRevokeBias", Time since last: 322433152 ns, Reaching safepoint: 85932 ns, At safepoint: 255846 ns, Total: 341778 ns
[2020-09-11T17:14:24.868+0000][1][safepoint    ] Safepoint "RevokeBias", Time since last: 2407234266 ns, Reaching safepoint: 166045 ns, At safepoint: 23488 ns, Total: 189533 ns
[2020-09-11T17:14:25.868+0000][1][safepoint    ] Safepoint "Cleanup", Time since last: 1000110216 ns, Reaching safepoint: 89474 ns, At safepoint: 10030 ns, Total: 99504 ns
[2020-09-11T17:14:27.195+0000][1][safepoint    ] Safepoint "RevokeBias", Time since last: 1326527140 ns, Reaching safepoint: 93293 ns, At safepoint: 23088 ns, Total: 116381 ns
[2020-09-11T17:14:27.506+0000][1][safepoint    ] Safepoint "RevokeBias", Time since last: 311236602 ns, Reaching safepoint: 84391 ns, At safepoint: 22655 ns, Total: 107046 ns
[2020-09-11T17:14:27.517+0000][1][safepoint    ] Safepoint "RevokeBias", Time since last: 10963991 ns, Reaching safepoint: 163608 ns, At safepoint: 24917 ns, Total: 188525 ns
[2020-09-11T17:14:27.809+0000][1][gc,start     ] GC(142) Pause Young (Allocation Failure)
[2020-09-11T17:14:27.809+0000][1][gc,task      ] GC(142) Using 1 workers of 1 for evacuation
[2020-09-11T17:14:27.818+0000][1][gc,age       ] GC(142) Desired survivor size 4358144 bytes, new threshold 6 (max threshold 6)
[2020-09-11T17:14:27.818+0000][1][gc,age       ] GC(142) Age table with threshold 6 (max threshold 6)
[2020-09-11T17:14:27.818+0000][1][gc,age       ] GC(142) - age   1:      88408 bytes,      88408 total
[2020-09-11T17:14:27.818+0000][1][gc,age       ] GC(142) - age   2:      25768 bytes,     114176 total
[2020-09-11T17:14:27.818+0000][1][gc,age       ] GC(142) - age   3:     204976 bytes,     319152 total
[2020-09-11T17:14:27.818+0000][1][gc,age       ] GC(142) - age   4:     156376 bytes,     475528 total
[2020-09-11T17:14:27.818+0000][1][gc,age       ] GC(142) - age   5:     446392 bytes,     921920 total
[2020-09-11T17:14:27.818+0000][1][gc,age       ] GC(142) - age   6:      45464 bytes,     967384 total
[2020-09-11T17:14:27.818+0000][1][gc,heap      ] GC(142) ParNew: 69270K->1001K(76672K)
[2020-09-11T17:14:27.818+0000][1][gc,heap      ] GC(142) CMS: 112839K->112866K(439104K)
[2020-09-11T17:14:27.818+0000][1][gc,metaspace ] GC(142) Metaspace: 94637K->94637K(1136640K)
[2020-09-11T17:14:27.818+0000][1][gc           ] GC(142) Pause Young (Allocation Failure) 177M->111M(503M) 9.207ms
[2020-09-11T17:14:27.818+0000][1][gc,cpu       ] GC(142) User=0.01s Sys=0.00s Real=0.01s
[2020-09-11T17:14:27.818+0000][1][safepoint    ] Safepoint "GenCollectForAllocation", Time since last: 289571045 ns, Reaching safepoint: 2124536 ns, At safepoint: 9298392 ns, Total: 11422928 ns
[2020-09-11T17:14:29.444+0000][1][safepoint    ] Safepoint "RevokeBias", Time since last: 1626181526 ns, Reaching safepoint: 91519 ns, At safepoint: 36183 ns, Total: 127702 ns
[2020-09-11T17:14:30.445+0000][1][safepoint    ] Safepoint "Cleanup", Time since last: 1000732445 ns, Reaching safepoint: 85740 ns, At safepoint: 29387 ns, Total: 115127 ns
[2020-09-11T17:14:31.446+0000][1][safepoint    ] Safepoint "Cleanup", Time since last: 1000109634 ns, Reaching safepoint: 95873 ns, At safepoint: 25682 ns, Total: 121555 ns
[2020-09-11T17:14:32.219+0000][1][safepoint    ] Safepoint "RevokeBias", Time since last: 773160219 ns, Reaching safepoint: 92975 ns, At safepoint: 34134 ns, Total: 127109 ns
[2020-09-11T17:14:32.519+0000][1][safepoint    ] Safepoint "RevokeBias", Time since last: 299827539 ns, Reaching safepoint: 87281 ns, At safepoint: 24975 ns, Total: 112256 ns
[2020-09-11T17:14:33.519+0000][1][safepoint    ] Safepoint "Cleanup", Time since last: 1000111697 ns, Reaching safepoint: 94950 ns, At safepoint: 9486 ns, Total: 104436 ns
[2020-09-11T17:14:34.519+0000][1][safepoint    ] Safepoint "Cleanup", Time since last: 1000113043 ns, Reaching safepoint: 85119 ns, At safepoint: 9389 ns, Total: 94508 ns
[2020-09-11T17:14:34.804+0000][1][safepoint    ] Safepoint "RevokeBias", Time since last: 284857380 ns, Reaching safepoint: 166994 ns, At safepoint: 22699 ns, Total: 189693 ns
[2020-09-11T17:14:35.804+0000][1][safepoint    ] Safepoint "Cleanup", Time since last: 1000104829 ns, Reaching safepoint: 85117 ns, At safepoint: 9184 ns, Total: 94301 ns
[2020-09-11T17:14:36.805+0000][1][safepoint    ] Safepoint "Cleanup", Time since last: 1000113793 ns, Reaching safepoint: 80983 ns, At safepoint: 7179 ns, Total: 88162 ns
[2020-09-11T17:14:37.255+0000][1][safepoint    ] Safepoint "RevokeBias", Time since last: 450478306 ns, Reaching safepoint: 197575 ns, At safepoint: 24733 ns, Total: 222308 ns
[2020-09-11T17:14:37.309+0000][1][safepoint    ] Safepoint "RevokeBias", Time since last: 53624800 ns, Reaching safepoint: 90962 ns, At safepoint: 22201 ns, Total: 113163 ns
[2020-09-11T17:14:37.529+0000][1][safepoint    ] Safepoint "RevokeBias", Time since last: 220100418 ns, Reaching safepoint: 91482 ns, At safepoint: 24635 ns, Total: 116117 ns
[2020-09-11T17:14:38.529+0000][1][safepoint    ] Safepoint "Cleanup", Time since last: 1000112826 ns, Reaching safepoint: 91601 ns, At safepoint: 9256 ns, Total: 100857 ns
[2020-09-11T17:14:39.530+0000][1][safepoint    ] Safepoint "Cleanup", Time since last: 1000103260 ns, Reaching safepoint: 79516 ns, At safepoint: 5630 ns, Total: 85146 ns
[2020-09-11T17:14:39.609+0000][1][safepoint    ] Safepoint "RevokeBias", Time since last: 79293367 ns, Reaching safepoint: 90547 ns, At safepoint: 20862 ns, Total: 111409 ns
[2020-09-11T17:14:40.609+0000][1][safepoint    ] Safepoint "Cleanup", Time since last: 1000107510 ns, Reaching safepoint: 91972 ns, At safepoint: 9252 ns, Total: 101224 ns
[2020-09-11T17:14:41.610+0000][1][safepoint    ] Safepoint "Cleanup", Time since last: 1000111971 ns, Reaching safepoint: 89058 ns, At safepoint: 10017 ns, Total: 99075 ns
[2020-09-11T17:14:42.271+0000][1][safepoint    ] Safepoint "RevokeBias", Time since last: 661383529 ns, Reaching safepoint: 173357 ns, At safepoint: 25742 ns, Total: 199099 ns
[2020-09-11T17:14:42.540+0000][1][safepoint    ] Safepoint "RevokeBias", Time since last: 268909376 ns, Reaching safepoint: 88741 ns, At safepoint: 25143 ns, Total: 113884 ns
[2020-09-11T17:14:43.540+0000][1][safepoint    ] Safepoint "Cleanup", Time since last: 1000117433 ns, Reaching safepoint: 87498 ns, At safepoint: 9385 ns, Total: 96883 ns
[2020-09-11T17:14:44.541+0000][1][safepoint    ] Safepoint "Cleanup", Time since last: 1000112541 ns, Reaching safepoint: 86112 ns, At safepoint: 9362 ns, Total: 95474 ns
[2020-09-11T17:14:44.876+0000][1][safepoint    ] Safepoint "RevokeBias", Time since last: 335590673 ns, Reaching safepoint: 173714 ns, At safepoint: 25565 ns, Total: 199279 ns
[2020-09-11T17:14:45.877+0000][1][safepoint    ] Safepoint "Cleanup", Time since last: 1000106923 ns, Reaching safepoint: 86295 ns, At safepoint: 9902 ns, Total: 96197 ns
[2020-09-11T17:14:46.877+0000][1][safepoint    ] Safepoint "Cleanup", Time since last: 1000112519 ns, Reaching safepoint: 84056 ns, At safepoint: 8859 ns, Total: 92915 ns
[2020-09-11T17:14:47.280+0000][1][safepoint    ] Safepoint "RevokeBias", Time since last: 403218202 ns, Reaching safepoint: 253338 ns, At safepoint: 280334 ns, Total: 533672 ns
[2020-09-11T17:14:47.311+0000][1][safepoint    ] Safepoint "BulkRevokeBias", Time since last: 30482730 ns, Reaching safepoint: 94930 ns, At safepoint: 216222 ns, Total: 311152 ns
[2020-09-11T17:14:47.561+0000][1][safepoint    ] Safepoint "RevokeBias", Time since last: 250107116 ns, Reaching safepoint: 87099 ns, At safepoint: 24825 ns, Total: 111924 ns
[2020-09-11T17:14:48.562+0000][1][safepoint    ] Safepoint "Cleanup", Time since last: 1000115945 ns, Reaching safepoint: 83999 ns, At safepoint: 10224 ns, Total: 94223 ns
[2020-09-11T17:14:49.503+0000][1][safepoint    ] Safepoint "RevokeBias", Time since last: 940787492 ns, Reaching safepoint: 99936 ns, At safepoint: 25195 ns, Total: 125131 ns
[2020-09-11T17:14:50.503+0000][1][safepoint    ] Safepoint "Cleanup", Time since last: 1000108352 ns, Reaching safepoint: 84431 ns, At safepoint: 8406 ns, Total: 92837 ns
[2020-09-11T17:14:51.503+0000][1][safepoint    ] Safepoint "Cleanup", Time since last: 1000113422 ns, Reaching safepoint: 82897 ns, At safepoint: 8144 ns, Total: 91041 ns
[2020-09-11T17:14:52.290+0000][1][safepoint    ] Safepoint "RevokeBias", Time since last: 786694515 ns, Reaching safepoint: 170242 ns, At safepoint: 26220 ns, Total: 196462 ns
[2020-09-11T17:14:52.576+0000][1][safepoint    ] Safepoint "RevokeBias", Time since last: 285663223 ns, Reaching safepoint: 85375 ns, At safepoint: 25931 ns, Total: 111306 ns
[2020-09-11T17:14:53.110+0000][1][gc,start     ] GC(143) Pause Young (Allocation Failure)
[2020-09-11T17:14:53.110+0000][1][gc,task      ] GC(143) Using 1 workers of 1 for evacuation
[2020-09-11T17:14:53.123+0000][1][gc,age       ] GC(143) Desired survivor size 4358144 bytes, new threshold 6 (max threshold 6)
[2020-09-11T17:14:53.123+0000][1][gc,age       ] GC(143) Age table with threshold 6 (max threshold 6)
[2020-09-11T17:14:53.123+0000][1][gc,age       ] GC(143) - age   1:     280096 bytes,     280096 total
[2020-09-11T17:14:53.123+0000][1][gc,age       ] GC(143) - age   2:      36152 bytes,     316248 total
[2020-09-11T17:14:53.123+0000][1][gc,age       ] GC(143) - age   3:      20368 bytes,     336616 total
[2020-09-11T17:14:53.123+0000][1][gc,age       ] GC(143) - age   4:     204976 bytes,     541592 total
[2020-09-11T17:14:53.123+0000][1][gc,age       ] GC(143) - age   5:     156376 bytes,     697968 total
[2020-09-11T17:14:53.123+0000][1][gc,age       ] GC(143) - age   6:     350536 bytes,    1048504 total
[2020-09-11T17:14:53.123+0000][1][gc,heap      ] GC(143) ParNew: 69161K->1917K(76672K)
[2020-09-11T17:14:53.123+0000][1][gc,heap      ] GC(143) CMS: 112866K->112904K(439104K)
[2020-09-11T17:14:53.123+0000][1][gc,metaspace ] GC(143) Metaspace: 94665K->94665K(1136640K)
[2020-09-11T17:14:53.123+0000][1][gc           ] GC(143) Pause Young (Allocation Failure) 177M->112M(503M) 13.269ms
[2020-09-11T17:14:53.123+0000][1][gc,cpu       ] GC(143) User=0.00s Sys=0.00s Real=0.02s
[2020-09-11T17:14:53.126+0000][1][safepoint    ] Safepoint "GenCollectForAllocation", Time since last: 531004792 ns, Reaching safepoint: 3146523 ns, At safepoint: 15991693 ns, Total: 19138216 ns
[2020-09-11T17:14:54.137+0000][1][safepoint    ] Safepoint "Cleanup", Time since last: 1011019822 ns, Reaching safepoint: 81833 ns, At safepoint: 22663 ns, Total: 104496 ns
[2020-09-11T17:14:54.805+0000][1][safepoint    ] Safepoint "RevokeBias", Time since last: 667635289 ns, Reaching safepoint: 97582 ns, At safepoint: 22176 ns, Total: 119758 ns
[2020-09-11T17:14:55.805+0000][1][safepoint    ] Safepoint "Cleanup", Time since last: 1000152893 ns, Reaching safepoint: 98311 ns, At safepoint: 9464 ns, Total: 107775 ns
[2020-09-11T17:14:56.805+0000][1][safepoint    ] Safepoint "Cleanup", Time since last: 1000113771 ns, Reaching safepoint: 87262 ns, At safepoint: 9341 ns, Total: 96603 ns
[2020-09-11T17:14:57.371+0000][1][safepoint    ] Safepoint "RevokeBias", Time since last: 566083591 ns, Reaching safepoint: 97676 ns, At safepoint: 23513 ns, Total: 121189 ns
[2020-09-11T17:14:57.382+0000][1][safepoint    ] Safepoint "RevokeBias", Time since last: 10017299 ns, Reaching safepoint: 91790 ns, At safepoint: 22311 ns, Total: 114101 ns
[2020-09-11T17:14:57.584+0000][1][safepoint    ] Safepoint "RevokeBias", Time since last: 202779540 ns, Reaching safepoint: 105828 ns, At safepoint: 30476 ns, Total: 136304 ns
[2020-09-11T17:14:58.585+0000][1][safepoint    ] Safepoint "Cleanup", Time since last: 1000107518 ns, Reaching safepoint: 78861 ns, At safepoint: 8873 ns, Total: 87734 ns
[2020-09-11T17:14:59.498+0000][1][safepoint    ] Safepoint "RevokeBias", Time since last: 913035890 ns, Reaching safepoint: 92397 ns, At safepoint: 22388 ns, Total: 114785 ns
[2020-09-11T17:15:00.498+0000][1][safepoint    ] Safepoint "Cleanup", Time since last: 1000103550 ns, Reaching safepoint: 86970 ns, At safepoint: 9273 ns, Total: 96243 ns
[2020-09-11T17:15:01.498+0000][1][safepoint    ] Safepoint "Cleanup", Time since last: 1000113016 ns, Reaching safepoint: 86068 ns, At safepoint: 8945 ns, Total: 95013 ns
[2020-09-11T17:15:02.381+0000][1][safepoint    ] Safepoint "RevokeBias", Time since last: 882901045 ns, Reaching safepoint: 95717 ns, At safepoint: 25129 ns, Total: 120846 ns
[2020-09-11T17:15:02.596+0000][1][safepoint    ] Safepoint "RevokeBias", Time since last: 214889419 ns, Reaching safepoint: 86847 ns, At safepoint: 25427 ns, Total: 112274 ns
[2020-09-11T17:15:03.596+0000][1][safepoint    ] Safepoint "Cleanup", Time since last: 1000111999 ns, Reaching safepoint: 95664 ns, At safepoint: 10747 ns, Total: 106411 ns
[2020-09-11T17:15:04.597+0000][1][safepoint    ] Safepoint "Cleanup", Time since last: 1000119830 ns, Reaching safepoint: 87881 ns, At safepoint: 8661 ns, Total: 96542 ns
[2020-09-11T17:15:04.851+0000][1][safepoint    ] Safepoint "RevokeBias", Time since last: 254124297 ns, Reaching safepoint: 167627 ns, At safepoint: 23623 ns, Total: 191250 ns
[2020-09-11T17:15:05.851+0000][1][safepoint    ] Safepoint "Cleanup", Time since last: 1000111156 ns, Reaching safepoint: 86922 ns, At safepoint: 9149 ns, Total: 96071 ns
[2020-09-11T17:15:06.851+0000][1][safepoint    ] Safepoint "Cleanup", Time since last: 1000114387 ns, Reaching safepoint: 82687 ns, At safepoint: 7249 ns, Total: 89936 ns
[2020-09-11T17:15:07.241+0000][1][safepoint    ] Safepoint "RevokeBias", Time since last: 389265083 ns, Reaching safepoint: 89163 ns, At safepoint: 47594 ns, Total: 136757 ns
[2020-09-11T17:15:07.394+0000][1][safepoint    ] Safepoint "RevokeBias", Time since last: 152989312 ns, Reaching safepoint: 93485 ns, At safepoint: 25140 ns, Total: 118625 ns
[2020-09-11T17:15:07.607+0000][1][safepoint    ] Safepoint "RevokeBias", Time since last: 213392320 ns, Reaching safepoint: 84646 ns, At safepoint: 24757 ns, Total: 109403 ns
[2020-09-11T17:15:08.608+0000][1][safepoint    ] Safepoint "Cleanup", Time since last: 1000112727 ns, Reaching safepoint: 139585 ns, At safepoint: 13888 ns, Total: 153473 ns
[2020-09-11T17:15:09.447+0000][1][safepoint    ] Safepoint "RevokeBias", Time since last: 839253860 ns, Reaching safepoint: 91884 ns, At safepoint: 23226 ns, Total: 115110 ns
[2020-09-11T17:15:10.447+0000][1][safepoint    ] Safepoint "Cleanup", Time since last: 1000118781 ns, Reaching safepoint: 88137 ns, At safepoint: 9831 ns, Total: 97968 ns
[2020-09-11T17:15:10.537+0000][1][gc,start     ] GC(144) Pause Young (Allocation Failure)
[2020-09-11T17:15:10.538+0000][1][gc,task      ] GC(144) Using 1 workers of 1 for evacuation
[2020-09-11T17:15:10.547+0000][1][gc,age       ] GC(144) Desired survivor size 4358144 bytes, new threshold 6 (max threshold 6)
[2020-09-11T17:15:10.547+0000][1][gc,age       ] GC(144) Age table with threshold 6 (max threshold 6)
[2020-09-11T17:15:10.547+0000][1][gc,age       ] GC(144) - age   1:     437584 bytes,     437584 total
[2020-09-11T17:15:10.547+0000][1][gc,age       ] GC(144) - age   2:     214832 bytes,     652416 total
[2020-09-11T17:15:10.547+0000][1][gc,age       ] GC(144) - age   3:      34368 bytes,     686784 total
[2020-09-11T17:15:10.547+0000][1][gc,age       ] GC(144) - age   4:      20272 bytes,     707056 total
[2020-09-11T17:15:10.547+0000][1][gc,age       ] GC(144) - age   5:     204976 bytes,     912032 total
[2020-09-11T17:15:10.547+0000][1][gc,age       ] GC(144) - age   6:     156376 bytes,    1068408 total
[2020-09-11T17:15:10.547+0000][1][gc,heap      ] GC(144) ParNew: 70077K->1247K(76672K)
[2020-09-11T17:15:10.547+0000][1][gc,heap      ] GC(144) CMS: 112904K->112942K(439104K)
[2020-09-11T17:15:10.547+0000][1][gc,metaspace ] GC(144) Metaspace: 94679K->94679K(1136640K)
[2020-09-11T17:15:10.547+0000][1][gc           ] GC(144) Pause Young (Allocation Failure) 178M->111M(503M) 9.985ms
[2020-09-11T17:15:10.547+0000][1][gc,cpu       ] GC(144) User=0.00s Sys=0.00s Real=0.01s
[2020-09-11T17:15:10.548+0000][1][safepoint    ] Safepoint "GenCollectForAllocation", Time since last: 90001471 ns, Reaching safepoint: 165280 ns, At safepoint: 10097537 ns, Total: 10262817 ns
[2020-09-11T17:15:11.549+0000][1][safepoint    ] Safepoint "Cleanup", Time since last: 1001050383 ns, Reaching safepoint: 115436 ns, At safepoint: 33766 ns, Total: 149202 ns
[2020-09-11T17:15:12.404+0000][1][safepoint    ] Safepoint "RevokeBias", Time since last: 855121915 ns, Reaching safepoint: 93598 ns, At safepoint: 37296 ns, Total: 130894 ns
[2020-09-11T17:15:12.617+0000][1][safepoint    ] Safepoint "RevokeBias", Time since last: 213014847 ns, Reaching safepoint: 90269 ns, At safepoint: 38320 ns, Total: 128589 ns
[2020-09-11T17:15:13.618+0000][1][safepoint    ] Safepoint "Cleanup", Time since last: 1000667584 ns, Reaching safepoint: 79983 ns, At safepoint: 21800 ns, Total: 101783 ns
[2020-09-11T17:15:14.618+0000][1][safepoint    ] Safepoint "Cleanup", Time since last: 1000097695 ns, Reaching safepoint: 85410 ns, At safepoint: 9892 ns, Total: 95302 ns
[2020-09-11T17:15:14.814+0000][1][safepoint    ] Safepoint "RevokeBias", Time since last: 196075759 ns, Reaching safepoint: 167816 ns, At safepoint: 36548 ns, Total: 204364 ns
[2020-09-11T17:15:15.815+0000][1][safepoint    ] Safepoint "Cleanup", Time since last: 1000105922 ns, Reaching safepoint: 86305 ns, At safepoint: 8032 ns, Total: 94337 ns
[2020-09-11T17:15:16.815+0000][1][safepoint    ] Safepoint "Cleanup", Time since last: 1000108728 ns, Reaching safepoint: 83550 ns, At safepoint: 8507 ns, Total: 92057 ns
[2020-09-11T17:15:17.194+0000][1][safepoint    ] Safepoint "RevokeBias", Time since last: 379361206 ns, Reaching safepoint: 97906 ns, At safepoint: 21370 ns, Total: 119276 ns
[2020-09-11T17:15:17.416+0000][1][safepoint    ] Safepoint "RevokeBias", Time since last: 221158205 ns, Reaching safepoint: 171151 ns, At safepoint: 26334 ns, Total: 197485 ns
[2020-09-11T17:15:17.629+0000][1][safepoint    ] Safepoint "RevokeBias", Time since last: 213374490 ns, Reaching safepoint: 80991 ns, At safepoint: 19087 ns, Total: 100078 ns
[2020-09-11T17:15:18.629+0000][1][safepoint    ] Safepoint "Cleanup", Time since last: 1000110913 ns, Reaching safepoint: 86738 ns, At safepoint: 9876 ns, Total: 96614 ns
[2020-09-11T17:15:19.449+0000][1][safepoint    ] Safepoint "RevokeBias", Time since last: 819881887 ns, Reaching safepoint: 96052 ns, At safepoint: 21069 ns, Total: 117121 ns
[2020-09-11T17:15:20.449+0000][1][safepoint    ] Safepoint "Cleanup", Time since last: 1000102839 ns, Reaching safepoint: 83190 ns, At safepoint: 7623 ns, Total: 90813 ns
[2020-09-11T17:15:21.450+0000][1][safepoint    ] Safepoint "Cleanup", Time since last: 1000109709 ns, Reaching safepoint: 85345 ns, At safepoint: 8587 ns, Total: 93932 ns
[2020-09-11T17:15:22.432+0000][1][safepoint    ] Safepoint "RevokeBias", Time since last: 982529544 ns, Reaching safepoint: 175233 ns, At safepoint: 27141 ns, Total: 202374 ns
[2020-09-11T17:15:22.641+0000][1][safepoint    ] Safepoint "RevokeBias", Time since last: 207596286 ns, Reaching safepoint: 229892 ns, At safepoint: 546526 ns, Total: 776418 ns
[2020-09-11T17:15:23.641+0000][1][safepoint    ] Safepoint "Cleanup", Time since last: 1000113797 ns, Reaching safepoint: 83679 ns, At safepoint: 8788 ns, Total: 92467 ns
[2020-09-11T17:15:24.641+0000][1][safepoint    ] Safepoint "Cleanup", Time since last: 1000118385 ns, Reaching safepoint: 85084 ns, At safepoint: 9816 ns, Total: 94900 ns
[2020-09-11T17:15:24.808+0000][1][safepoint    ] Safepoint "RevokeBias", Time since last: 166586242 ns, Reaching safepoint: 168363 ns, At safepoint: 23014 ns, Total: 191377 ns
[2020-09-11T17:15:25.808+0000][1][safepoint    ] Safepoint "Cleanup", Time since last: 1000114357 ns, Reaching safepoint: 96936 ns, At safepoint: 10390 ns, Total: 107326 ns
[2020-09-11T17:15:27.358+0000][1][safepoint    ] Safepoint "RevokeBias", Time since last: 1549898973 ns, Reaching safepoint: 101665 ns, At safepoint: 21953 ns, Total: 123618 ns
[2020-09-11T17:15:27.444+0000][1][safepoint    ] Safepoint "RevokeBias", Time since last: 85773797 ns, Reaching safepoint: 89738 ns, At safepoint: 21648 ns, Total: 111386 ns
[2020-09-11T17:15:27.655+0000][1][safepoint    ] Safepoint "RevokeBias", Time since last: 210340006 ns, Reaching safepoint: 84048 ns, At safepoint: 21590 ns, Total: 105638 ns
[2020-09-11T17:15:29.425+0000][1][gc,start     ] GC(145) Pause Young (Allocation Failure)
[2020-09-11T17:15:29.425+0000][1][gc,task      ] GC(145) Using 1 workers of 1 for evacuation
[2020-09-11T17:15:29.437+0000][1][gc,age       ] GC(145) Desired survivor size 4358144 bytes, new threshold 6 (max threshold 6)
[2020-09-11T17:15:29.437+0000][1][gc,age       ] GC(145) Age table with threshold 6 (max threshold 6)
[2020-09-11T17:15:29.437+0000][1][gc,age       ] GC(145) - age   1:     346200 bytes,     346200 total
[2020-09-11T17:15:29.437+0000][1][gc,age       ] GC(145) - age   2:     385984 bytes,     732184 total
[2020-09-11T17:15:29.437+0000][1][gc,age       ] GC(145) - age   3:     212680 bytes,     944864 total
[2020-09-11T17:15:29.437+0000][1][gc,age       ] GC(145) - age   4:      34176 bytes,     979040 total
[2020-09-11T17:15:29.437+0000][1][gc,age       ] GC(145) - age   5:      20272 bytes,     999312 total
[2020-09-11T17:15:29.437+0000][1][gc,age       ] GC(145) - age   6:     119600 bytes,    1118912 total
[2020-09-11T17:15:29.441+0000][1][gc,heap      ] GC(145) ParNew: 69407K->1876K(76672K)
[2020-09-11T17:15:29.441+0000][1][gc,heap      ] GC(145) CMS: 112942K->112962K(439104K)
[2020-09-11T17:15:29.441+0000][1][gc,metaspace ] GC(145) Metaspace: 94682K->94682K(1136640K)
[2020-09-11T17:15:29.441+0000][1][gc           ] GC(145) Pause Young (Allocation Failure) 178M->112M(503M) 16.313ms
[2020-09-11T17:15:29.441+0000][1][gc,cpu       ] GC(145) User=0.00s Sys=0.00s Real=0.02s
[2020-09-11T17:15:29.441+0000][1][safepoint    ] Safepoint "GenCollectForAllocation", Time since last: 1768888784 ns, Reaching safepoint: 1114968 ns, At safepoint: 16408980 ns, Total: 17523948 ns
[2020-09-11T17:15:29.468+0000][1][safepoint    ] Safepoint "RevokeBias", Time since last: 26528990 ns, Reaching safepoint: 99228 ns, At safepoint: 48517 ns, Total: 147745 ns
[2020-09-11T17:15:32.454+0000][1][safepoint    ] Safepoint "RevokeBias", Time since last: 2985873672 ns, Reaching safepoint: 91664 ns, At safepoint: 37534 ns, Total: 129198 ns
[2020-09-11T17:15:32.673+0000][1][safepoint    ] Safepoint "RevokeBias", Time since last: 219021038 ns, Reaching safepoint: 110517 ns, At safepoint: 34238 ns, Total: 144755 ns
[2020-09-11T17:15:34.814+0000][1][safepoint    ] Safepoint "RevokeBias", Time since last: 2141039988 ns, Reaching safepoint: 169362 ns, At safepoint: 22496 ns, Total: 191858 ns
[2020-09-11T17:15:36.814+0000][1][safepoint    ] Safepoint "Cleanup", Time since last: 2000180964 ns, Reaching safepoint: 109509 ns, At safepoint: 9773 ns, Total: 119282 ns
[2020-09-11T17:15:37.255+0000][1][safepoint    ] Safepoint "RevokeBias", Time since last: 440652727 ns, Reaching safepoint: 104158 ns, At safepoint: 23510 ns, Total: 127668 ns
[2020-09-11T17:15:37.473+0000][1][safepoint    ] Safepoint "BulkRevokeBias", Time since last: 217861747 ns, Reaching safepoint: 171198 ns, At safepoint: 267929 ns, Total: 439127 ns
[2020-09-11T17:15:37.693+0000][1][safepoint    ] Safepoint "RevokeBias", Time since last: 219933505 ns, Reaching safepoint: 94912 ns, At safepoint: 28301 ns, Total: 123213 ns
[2020-09-11T17:15:39.520+0000][1][safepoint    ] Safepoint "RevokeBias", Time since last: 1826194971 ns, Reaching safepoint: 94922 ns, At safepoint: 25859 ns, Total: 120781 ns
[2020-09-11T17:15:42.490+0000][1][safepoint    ] Safepoint "RevokeBias", Time since last: 2970068572 ns, Reaching safepoint: 94263 ns, At safepoint: 25254 ns, Total: 119517 ns
[2020-09-11T17:15:42.702+0000][1][safepoint    ] Safepoint "RevokeBias", Time since last: 212049608 ns, Reaching safepoint: 86412 ns, At safepoint: 25429 ns, Total: 111841 ns
[2020-09-11T17:15:44.811+0000][1][safepoint    ] Safepoint "RevokeBias", Time since last: 2108244915 ns, Reaching safepoint: 169111 ns, At safepoint: 23412 ns, Total: 192523 ns
[2020-09-11T17:15:47.307+0000][1][safepoint    ] Safepoint "RevokeBias", Time since last: 2496361698 ns, Reaching safepoint: 89967 ns, At safepoint: 21355 ns, Total: 111322 ns
[2020-09-11T17:15:47.504+0000][1][safepoint    ] Safepoint "RevokeBias", Time since last: 196675516 ns, Reaching safepoint: 93593 ns, At safepoint: 25358 ns, Total: 118951 ns
[2020-09-11T17:15:47.713+0000][1][safepoint    ] Safepoint "RevokeBias", Time since last: 208773463 ns, Reaching safepoint: 97090 ns, At safepoint: 66143 ns, Total: 163233 ns
[2020-09-11T17:15:49.461+0000][1][safepoint    ] Safepoint "RevokeBias", Time since last: 1748536217 ns, Reaching safepoint: 99268 ns, At safepoint: 22094 ns, Total: 121362 ns
[2020-09-11T17:15:52.547+0000][1][safepoint    ] Safepoint "RevokeBias", Time since last: 3084998289 ns, Reaching safepoint: 90718 ns, At safepoint: 24091 ns, Total: 114809 ns
[2020-09-11T17:15:52.724+0000][1][safepoint    ] Safepoint "RevokeBias", Time since last: 177022230 ns, Reaching safepoint: 82213 ns, At safepoint: 21927 ns, Total: 104140 ns
[2020-09-11T17:15:53.129+0000][1][gc,start     ] GC(146) Pause Young (Allocation Failure)
[2020-09-11T17:15:53.129+0000][1][gc,task      ] GC(146) Using 1 workers of 1 for evacuation
[2020-09-11T17:15:53.143+0000][1][gc,age       ] GC(146) Desired survivor size 4358144 bytes, new threshold 6 (max threshold 6)
[2020-09-11T17:15:53.143+0000][1][gc,age       ] GC(146) Age table with threshold 6 (max threshold 6)
[2020-09-11T17:15:53.143+0000][1][gc,age       ] GC(146) - age   1:     173480 bytes,     173480 total
[2020-09-11T17:15:53.143+0000][1][gc,age       ] GC(146) - age   2:     273704 bytes,     447184 total
[2020-09-11T17:15:53.143+0000][1][gc,age       ] GC(146) - age   3:     382096 bytes,     829280 total
[2020-09-11T17:15:53.143+0000][1][gc,age       ] GC(146) - age   4:     212648 bytes,    1041928 total
[2020-09-11T17:15:53.143+0000][1][gc,age       ] GC(146) - age   5:      34176 bytes,    1076104 total
[2020-09-11T17:15:53.143+0000][1][gc,age       ] GC(146) - age   6:      20272 bytes,    1096376 total
[2020-09-11T17:15:53.143+0000][1][gc,heap      ] GC(146) ParNew: 70036K->1288K(76672K)
[2020-09-11T17:15:53.143+0000][1][gc,heap      ] GC(146) CMS: 112962K->113014K(439104K)
[2020-09-11T17:15:53.143+0000][1][gc,metaspace ] GC(146) Metaspace: 94685K->94685K(1136640K)
[2020-09-11T17:15:53.143+0000][1][gc           ] GC(146) Pause Young (Allocation Failure) 178M->111M(503M) 14.578ms
[2020-09-11T17:15:53.143+0000][1][gc,cpu       ] GC(146) User=0.01s Sys=0.00s Real=0.02s
[2020-09-11T17:15:53.144+0000][1][safepoint    ] Safepoint "GenCollectForAllocation", Time since last: 404262608 ns, Reaching safepoint: 950629 ns, At safepoint: 14646557 ns, Total: 15597186 ns
[2020-09-11T17:15:54.802+0000][1][safepoint    ] Safepoint "RevokeBias", Time since last: 1657892171 ns, Reaching safepoint: 90739 ns, At safepoint: 22254 ns, Total: 112993 ns
[2020-09-11T17:15:57.329+0000][1][safepoint    ] Safepoint "RevokeBias", Time since last: 2527724756 ns, Reaching safepoint: 90342 ns, At safepoint: 20766 ns, Total: 111108 ns
[2020-09-11T17:15:57.561+0000][1][safepoint    ] Safepoint "RevokeBias", Time since last: 231531364 ns, Reaching safepoint: 175370 ns, At safepoint: 28054 ns, Total: 203424 ns
[2020-09-11T17:15:57.742+0000][1][safepoint    ] Safepoint "RevokeBias", Time since last: 181056168 ns, Reaching safepoint: 90158 ns, At safepoint: 23410 ns, Total: 113568 ns
[2020-09-11T17:15:58.742+0000][1][safepoint    ] Safepoint "Cleanup", Time since last: 1000113416 ns, Reaching safepoint: 91233 ns, At safepoint: 9684 ns, Total: 100917 ns
[2020-09-11T17:15:59.517+0000][1][safepoint    ] Safepoint "RevokeBias", Time since last: 774741257 ns, Reaching safepoint: 97814 ns, At safepoint: 35394 ns, Total: 133208 ns
[2020-09-11T17:16:02.571+0000][1][safepoint    ] Safepoint "RevokeBias", Time since last: 3053094856 ns, Reaching safepoint: 176239 ns, At safepoint: 26466 ns, Total: 202705 ns
[2020-09-11T17:16:02.772+0000][1][safepoint    ] Safepoint "RevokeBias", Time since last: 201035913 ns, Reaching safepoint: 85424 ns, At safepoint: 23860 ns, Total: 109284 ns
[2020-09-11T17:16:04.849+0000][1][safepoint    ] Safepoint "RevokeBias", Time since last: 2077206658 ns, Reaching safepoint: 183678 ns, At safepoint: 22823 ns, Total: 206501 ns
[2020-09-11T17:16:07.288+0000][1][safepoint    ] Safepoint "RevokeBias", Time since last: 2438888546 ns, Reaching safepoint: 101677 ns, At safepoint: 25590 ns, Total: 127267 ns
[2020-09-11T17:16:07.588+0000][1][safepoint    ] Safepoint "RevokeBias", Time since last: 299433344 ns, Reaching safepoint: 90606 ns, At safepoint: 25271 ns, Total: 115877 ns
[2020-09-11T17:16:07.786+0000][1][safepoint    ] Safepoint "RevokeBias", Time since last: 198168628 ns, Reaching safepoint: 86198 ns, At safepoint: 25854 ns, Total: 112052 ns
[2020-09-11T17:16:09.457+0000][1][safepoint    ] Safepoint "RevokeBias", Time since last: 1671149949 ns, Reaching safepoint: 96482 ns, At safepoint: 24238 ns, Total: 120720 ns
[2020-09-11T17:16:12.602+0000][1][safepoint    ] Safepoint "RevokeBias", Time since last: 3144635126 ns, Reaching safepoint: 255363 ns, At safepoint: 38852 ns, Total: 294215 ns
[2020-09-11T17:16:12.799+0000][1][safepoint    ] Safepoint "RevokeBias", Time since last: 196910062 ns, Reaching safepoint: 87773 ns, At safepoint: 26053 ns, Total: 113826 ns
[2020-09-11T17:16:12.925+0000][1][gc,start     ] GC(147) Pause Young (Allocation Failure)
[2020-09-11T17:16:12.925+0000][1][gc,task      ] GC(147) Using 1 workers of 1 for evacuation
[2020-09-11T17:16:12.935+0000][1][gc,age       ] GC(147) Desired survivor size 4358144 bytes, new threshold 6 (max threshold 6)
[2020-09-11T17:16:12.935+0000][1][gc,age       ] GC(147) Age table with threshold 6 (max threshold 6)
[2020-09-11T17:16:12.935+0000][1][gc,age       ] GC(147) - age   1:      76776 bytes,      76776 total
[2020-09-11T17:16:12.935+0000][1][gc,age       ] GC(147) - age   2:     101504 bytes,     178280 total
[2020-09-11T17:16:12.935+0000][1][gc,age       ] GC(147) - age   3:     271456 bytes,     449736 total
[2020-09-11T17:16:12.935+0000][1][gc,age       ] GC(147) - age   4:     382000 bytes,     831736 total
[2020-09-11T17:16:12.935+0000][1][gc,age       ] GC(147) - age   5:     212336 bytes,    1044072 total
[2020-09-11T17:16:12.935+0000][1][gc,age       ] GC(147) - age   6:      34176 bytes,    1078248 total
[2020-09-11T17:16:12.935+0000][1][gc,heap      ] GC(147) ParNew: 69448K->1928K(76672K)
[2020-09-11T17:16:12.935+0000][1][gc,heap      ] GC(147) CMS: 113014K->113033K(439104K)
[2020-09-11T17:16:12.935+0000][1][gc,metaspace ] GC(147) Metaspace: 94827K->94827K(1136640K)
[2020-09-11T17:16:12.935+0000][1][gc           ] GC(147) Pause Young (Allocation Failure) 178M->112M(503M) 9.796ms
[2020-09-11T17:16:12.935+0000][1][gc,cpu       ] GC(147) User=0.00s Sys=0.00s Real=0.01s
[2020-09-11T17:16:12.935+0000][1][safepoint    ] Safepoint "GenCollectForAllocation", Time since last: 122512475 ns, Reaching safepoint: 3044612 ns, At safepoint: 9883677 ns, Total: 12928289 ns
[2020-09-11T17:16:14.835+0000][1][safepoint    ] Safepoint "RevokeBias", Time since last: 1900060116 ns, Reaching safepoint: 95179 ns, At safepoint: 37470 ns, Total: 132649 ns
[2020-09-11T17:16:16.836+0000][1][safepoint    ] Safepoint "Cleanup", Time since last: 2000932922 ns, Reaching safepoint: 92436 ns, At safepoint: 8924 ns, Total: 101360 ns
[2020-09-11T17:16:17.189+0000][1][safepoint    ] Safepoint "BulkRevokeBias", Time since last: 352937145 ns, Reaching safepoint: 91629 ns, At safepoint: 216367 ns, Total: 307996 ns
[2020-09-11T17:16:17.616+0000][1][safepoint    ] Safepoint "RevokeBias", Time since last: 426449318 ns, Reaching safepoint: 171905 ns, At safepoint: 26819 ns, Total: 198724 ns
[2020-09-11T17:16:17.817+0000][1][safepoint    ] Safepoint "RevokeBias", Time since last: 200687294 ns, Reaching safepoint: 88233 ns, At safepoint: 23951 ns, Total: 112184 ns
[2020-09-11T17:16:19.450+0000][1][safepoint    ] Safepoint "RevokeBias", Time since last: 1633032916 ns, Reaching safepoint: 92714 ns, At safepoint: 21235 ns, Total: 113949 ns
[2020-09-11T17:16:22.636+0000][1][safepoint    ] Safepoint "RevokeBias", Time since last: 3185803924 ns, Reaching safepoint: 92201 ns, At safepoint: 25746 ns, Total: 117947 ns
[2020-09-11T17:16:22.828+0000][1][safepoint    ] Safepoint "RevokeBias", Time since last: 191965849 ns, Reaching safepoint: 103018 ns, At safepoint: 25158 ns, Total: 128176 ns
[2020-09-11T17:16:24.832+0000][1][safepoint    ] Safepoint "RevokeBias", Time since last: 2004077619 ns, Reaching safepoint: 163897 ns, At safepoint: 24080 ns, Total: 187977 ns
[2020-09-11T17:16:25.832+0000][1][safepoint    ] Safepoint "Cleanup", Time since last: 1000106718 ns, Reaching safepoint: 91947 ns, At safepoint: 9431 ns, Total: 101378 ns
[2020-09-11T17:16:27.281+0000][1][safepoint    ] Safepoint "RevokeBias", Time since last: 1448690769 ns, Reaching safepoint: 89539 ns, At safepoint: 21427 ns, Total: 110966 ns
[2020-09-11T17:16:27.658+0000][1][safepoint    ] Safepoint "RevokeBias", Time since last: 376381751 ns, Reaching safepoint: 91240 ns, At safepoint: 21723 ns, Total: 112963 ns
[2020-09-11T17:16:27.861+0000][1][safepoint    ] Safepoint "RevokeBias", Time since last: 203203546 ns, Reaching safepoint: 241187 ns, At safepoint: 300845 ns, Total: 542032 ns
[2020-09-11T17:16:29.522+0000][1][safepoint    ] Safepoint "RevokeBias", Time since last: 1660722470 ns, Reaching safepoint: 96535 ns, At safepoint: 21913 ns, Total: 118448 ns
[2020-09-11T17:16:32.674+0000][1][safepoint    ] Safepoint "RevokeBias", Time since last: 3151380486 ns, Reaching safepoint: 324841 ns, At safepoint: 25676 ns, Total: 350517 ns
[2020-09-11T17:16:32.912+0000][1][safepoint    ] Safepoint "RevokeBias", Time since last: 237989464 ns, Reaching safepoint: 251498 ns, At safepoint: 317926 ns, Total: 569424 ns
[2020-09-11T17:16:32.951+0000][1][gc,start     ] GC(148) Pause Young (Allocation Failure)
[2020-09-11T17:16:32.951+0000][1][gc,task      ] GC(148) Using 1 workers of 1 for evacuation
[2020-09-11T17:16:32.960+0000][1][gc,age       ] GC(148) Desired survivor size 4358144 bytes, new threshold 6 (max threshold 6)
[2020-09-11T17:16:32.960+0000][1][gc,age       ] GC(148) Age table with threshold 6 (max threshold 6)
[2020-09-11T17:16:32.960+0000][1][gc,age       ] GC(148) - age   1:     107584 bytes,     107584 total
[2020-09-11T17:16:32.960+0000][1][gc,age       ] GC(148) - age   2:      25592 bytes,     133176 total
[2020-09-11T17:16:32.960+0000][1][gc,age       ] GC(148) - age   3:      99448 bytes,     232624 total
[2020-09-11T17:16:32.960+0000][1][gc,age       ] GC(148) - age   4:     271352 bytes,     503976 total
[2020-09-11T17:16:32.960+0000][1][gc,age       ] GC(148) - age   5:     382000 bytes,     885976 total
[2020-09-11T17:16:32.960+0000][1][gc,age       ] GC(148) - age   6:     212336 bytes,    1098312 total
[2020-09-11T17:16:32.960+0000][1][gc,heap      ] GC(148) ParNew: 70088K->1271K(76672K)
[2020-09-11T17:16:32.960+0000][1][gc,heap      ] GC(148) CMS: 113033K->113067K(439104K)
[2020-09-11T17:16:32.960+0000][1][gc,metaspace ] GC(148) Metaspace: 94883K->94883K(1136640K)
[2020-09-11T17:16:32.960+0000][1][gc           ] GC(148) Pause Young (Allocation Failure) 178M->111M(503M) 9.505ms
[2020-09-11T17:16:32.960+0000][1][gc,cpu       ] GC(148) User=0.00s Sys=0.00s Real=0.01s
[2020-09-11T17:16:32.960+0000][1][safepoint    ] Safepoint "GenCollectForAllocation", Time since last: 36924453 ns, Reaching safepoint: 1372780 ns, At safepoint: 9577624 ns, Total: 10950404 ns
[2020-09-11T17:16:34.867+0000][1][safepoint    ] Safepoint "RevokeBias", Time since last: 1907006832 ns, Reaching safepoint: 95049 ns, At safepoint: 35262 ns, Total: 130311 ns
[2020-09-11T17:16:37.212+0000][1][safepoint    ] Safepoint "RevokeBias", Time since last: 2344135381 ns, Reaching safepoint: 92288 ns, At safepoint: 21286 ns, Total: 113574 ns
[2020-09-11T17:16:37.695+0000][1][safepoint    ] Safepoint "RevokeBias", Time since last: 482600674 ns, Reaching safepoint: 178711 ns, At safepoint: 25289 ns, Total: 204000 ns
[2020-09-11T17:16:37.931+0000][1][safepoint    ] Safepoint "RevokeBias", Time since last: 236450067 ns, Reaching safepoint: 90982 ns, At safepoint: 25283 ns, Total: 116265 ns
[2020-09-11T17:16:39.481+0000][1][safepoint    ] Safepoint "RevokeBias", Time since last: 1549849406 ns, Reaching safepoint: 96732 ns, At safepoint: 21295 ns, Total: 118027 ns
[2020-09-11T17:16:42.709+0000][1][safepoint    ] Safepoint "RevokeBias", Time since last: 3227459575 ns, Reaching safepoint: 172313 ns, At safepoint: 26780 ns, Total: 199093 ns
[2020-09-11T17:16:42.947+0000][1][safepoint    ] Safepoint "RevokeBias", Time since last: 238017513 ns, Reaching safepoint: 81619 ns, At safepoint: 25069 ns, Total: 106688 ns
[2020-09-11T17:16:43.947+0000][1][safepoint    ] Safepoint "Cleanup", Time since last: 1000115019 ns, Reaching safepoint: 91269 ns, At safepoint: 8341 ns, Total: 99610 ns
[2020-09-11T17:16:44.814+0000][1][safepoint    ] Safepoint "RevokeBias", Time since last: 866962255 ns, Reaching safepoint: 162781 ns, At safepoint: 22836 ns, Total: 185617 ns
[2020-09-11T17:16:47.333+0000][1][safepoint    ] Safepoint "RevokeBias", Time since last: 2518407438 ns, Reaching safepoint: 93790 ns, At safepoint: 21918 ns, Total: 115708 ns
[2020-09-11T17:16:47.724+0000][1][safepoint    ] Safepoint "RevokeBias", Time since last: 390908279 ns, Reaching safepoint: 93131 ns, At safepoint: 24264 ns, Total: 117395 ns
[2020-09-11T17:16:47.961+0000][1][safepoint    ] Safepoint "BulkRevokeBias", Time since last: 236965614 ns, Reaching safepoint: 109328 ns, At safepoint: 233691 ns, Total: 343019 ns
[2020-09-11T17:16:49.460+0000][1][safepoint    ] Safepoint "RevokeBias", Time since last: 1499036721 ns, Reaching safepoint: 90730 ns, At safepoint: 19354 ns, Total: 110084 ns
[2020-09-11T17:16:51.461+0000][1][safepoint    ] Safepoint "Cleanup", Time since last: 2000189883 ns, Reaching safepoint: 100931 ns, At safepoint: 7514 ns, Total: 108445 ns
[2020-09-11T17:16:52.745+0000][1][safepoint    ] Safepoint "RevokeBias", Time since last: 1283937064 ns, Reaching safepoint: 183202 ns, At safepoint: 41690 ns, Total: 224892 ns
[2020-09-11T17:16:52.972+0000][1][safepoint    ] Safepoint "RevokeBias", Time since last: 227208083 ns, Reaching safepoint: 231281 ns, At safepoint: 326004 ns, Total: 557285 ns
[2020-09-11T17:16:53.973+0000][1][safepoint    ] Safepoint "Cleanup", Time since last: 1000119005 ns, Reaching safepoint: 80059 ns, At safepoint: 8464 ns, Total: 88523 ns
[2020-09-11T17:16:54.890+0000][1][safepoint    ] Safepoint "RevokeBias", Time since last: 917510432 ns, Reaching safepoint: 169247 ns, At safepoint: 23338 ns, Total: 192585 ns
[2020-09-11T17:16:55.891+0000][1][safepoint    ] Safepoint "Cleanup", Time since last: 1000105546 ns, Reaching safepoint: 88927 ns, At safepoint: 10199 ns, Total: 99126 ns
[2020-09-11T17:16:56.891+0000][1][safepoint    ] Safepoint "Cleanup", Time since last: 1000116944 ns, Reaching safepoint: 105091 ns, At safepoint: 10766 ns, Total: 115857 ns
[2020-09-11T17:16:57.169+0000][1][gc,start     ] GC(149) Pause Young (Allocation Failure)
[2020-09-11T17:16:57.169+0000][1][gc,task      ] GC(149) Using 1 workers of 1 for evacuation
[2020-09-11T17:16:57.186+0000][1][gc,age       ] GC(149) Desired survivor size 4358144 bytes, new threshold 6 (max threshold 6)
[2020-09-11T17:16:57.186+0000][1][gc,age       ] GC(149) Age table with threshold 6 (max threshold 6)
[2020-09-11T17:16:57.186+0000][1][gc,age       ] GC(149) - age   1:     185424 bytes,     185424 total
[2020-09-11T17:16:57.186+0000][1][gc,age       ] GC(149) - age   2:      54488 bytes,     239912 total
[2020-09-11T17:16:57.186+0000][1][gc,age       ] GC(149) - age   3:      21608 bytes,     261520 total
[2020-09-11T17:16:57.186+0000][1][gc,age       ] GC(149) - age   4:      99448 bytes,     360968 total
[2020-09-11T17:16:57.186+0000][1][gc,age       ] GC(149) - age   5:     271352 bytes,     632320 total
[2020-09-11T17:16:57.186+0000][1][gc,age       ] GC(149) - age   6:     382000 bytes,    1014320 total
[2020-09-11T17:16:57.186+0000][1][gc,heap      ] GC(149) ParNew: 69431K->1926K(76672K)
[2020-09-11T17:16:57.186+0000][1][gc,heap      ] GC(149) CMS: 113067K->113207K(439104K)
[2020-09-11T17:16:57.186+0000][1][gc,metaspace ] GC(149) Metaspace: 94906K->94906K(1136640K)
[2020-09-11T17:16:57.186+0000][1][gc           ] GC(149) Pause Young (Allocation Failure) 178M->112M(503M) 17.010ms
[2020-09-11T17:16:57.186+0000][1][gc,cpu       ] GC(149) User=0.01s Sys=0.00s Real=0.02s
[2020-09-11T17:16:57.186+0000][1][safepoint    ] Safepoint "GenCollectForAllocation", Time since last: 278045896 ns, Reaching safepoint: 165067 ns, At safepoint: 17078762 ns, Total: 17243829 ns
[2020-09-11T17:16:57.318+0000][1][safepoint    ] Safepoint "RevokeBias", Time since last: 131492280 ns, Reaching safepoint: 96487 ns, At safepoint: 25758 ns, Total: 122245 ns
[2020-09-11T17:16:57.763+0000][1][safepoint    ] Safepoint "RevokeBias", Time since last: 444719495 ns, Reaching safepoint: 87541 ns, At safepoint: 22466 ns, Total: 110007 ns
[2020-09-11T17:16:57.998+0000][1][safepoint    ] Safepoint "RevokeBias", Time since last: 235248803 ns, Reaching safepoint: 82788 ns, At safepoint: 22830 ns, Total: 105618 ns
[2020-09-11T17:16:58.998+0000][1][safepoint    ] Safepoint "Cleanup", Time since last: 1000113456 ns, Reaching safepoint: 85054 ns, At safepoint: 8869 ns, Total: 93923 ns
[2020-09-11T17:16:59.460+0000][1][safepoint    ] Safepoint "RevokeBias", Time since last: 461602743 ns, Reaching safepoint: 98300 ns, At safepoint: 21148 ns, Total: 119448 ns
[2020-09-11T17:17:00.460+0000][1][safepoint    ] Safepoint "Cleanup", Time since last: 1000102719 ns, Reaching safepoint: 82018 ns, At safepoint: 7393 ns, Total: 89411 ns
[2020-09-11T17:17:01.460+0000][1][safepoint    ] Safepoint "Cleanup", Time since last: 1000108210 ns, Reaching safepoint: 107117 ns, At safepoint: 9414 ns, Total: 116531 ns
[2020-09-11T17:17:02.460+0000][1][safepoint    ] Safepoint "Cleanup", Time since last: 1000104100 ns, Reaching safepoint: 84216 ns, At safepoint: 8234 ns, Total: 92450 ns
[2020-09-11T17:17:02.780+0000][1][safepoint    ] Safepoint "RevokeBias", Time since last: 319220618 ns, Reaching safepoint: 174304 ns, At safepoint: 46664 ns, Total: 220968 ns
[2020-09-11T17:17:03.012+0000][1][safepoint    ] Safepoint "RevokeBias", Time since last: 231712366 ns, Reaching safepoint: 79817 ns, At safepoint: 21009 ns, Total: 100826 ns
[2020-09-11T17:17:04.012+0000][1][safepoint    ] Safepoint "Cleanup", Time since last: 1000107937 ns, Reaching safepoint: 79190 ns, At safepoint: 7821 ns, Total: 87011 ns
[2020-09-11T17:17:04.854+0000][1][safepoint    ] Safepoint "RevokeBias", Time since last: 841968430 ns, Reaching safepoint: 164338 ns, At safepoint: 22577 ns, Total: 186915 ns
[2020-09-11T17:17:05.854+0000][1][safepoint    ] Safepoint "Cleanup", Time since last: 1000106304 ns, Reaching safepoint: 86246 ns, At safepoint: 10252 ns, Total: 96498 ns
[2020-09-11T17:17:06.854+0000][1][safepoint    ] Safepoint "Cleanup", Time since last: 1000114838 ns, Reaching safepoint: 86397 ns, At safepoint: 9323 ns, Total: 95720 ns
[2020-09-11T17:17:07.222+0000][1][safepoint    ] Safepoint "RevokeBias", Time since last: 367748861 ns, Reaching safepoint: 92980 ns, At safepoint: 22047 ns, Total: 115027 ns
[2020-09-11T17:17:07.822+0000][1][safepoint    ] Safepoint "RevokeBias", Time since last: 599752366 ns, Reaching safepoint: 176970 ns, At safepoint: 25764 ns, Total: 202734 ns
[2020-09-11T17:17:08.025+0000][1][safepoint    ] Safepoint "RevokeBias", Time since last: 202554486 ns, Reaching safepoint: 87852 ns, At safepoint: 24806 ns, Total: 112658 ns
[2020-09-11T17:17:09.025+0000][1][safepoint    ] Safepoint "Cleanup", Time since last: 1000108792 ns, Reaching safepoint: 88929 ns, At safepoint: 7389 ns, Total: 96318 ns
[2020-09-11T17:17:09.478+0000][1][safepoint    ] Safepoint "RevokeBias", Time since last: 452919048 ns, Reaching safepoint: 95846 ns, At safepoint: 21154 ns, Total: 117000 ns
[2020-09-11T17:17:10.478+0000][1][safepoint    ] Safepoint "Cleanup", Time since last: 1000097227 ns, Reaching safepoint: 80230 ns, At safepoint: 5717 ns, Total: 85947 ns
[2020-09-11T17:17:11.479+0000][1][safepoint    ] Safepoint "Cleanup", Time since last: 1000106654 ns, Reaching safepoint: 95504 ns, At safepoint: 9921 ns, Total: 105425 ns
[2020-09-11T17:17:12.479+0000][1][safepoint    ] Safepoint "Cleanup", Time since last: 1000112163 ns, Reaching safepoint: 86114 ns, At safepoint: 9721 ns, Total: 95835 ns
[2020-09-11T17:17:12.831+0000][1][safepoint    ] Safepoint "RevokeBias", Time since last: 352325979 ns, Reaching safepoint: 143763 ns, At safepoint: 25881 ns, Total: 169644 ns
[2020-09-11T17:17:13.051+0000][1][safepoint    ] Safepoint "RevokeBias", Time since last: 219819492 ns, Reaching safepoint: 90903 ns, At safepoint: 25223 ns, Total: 116126 ns
[2020-09-11T17:17:14.051+0000][1][safepoint    ] Safepoint "Cleanup", Time since last: 1000112283 ns, Reaching safepoint: 85527 ns, At safepoint: 8720 ns, Total: 94247 ns
[2020-09-11T17:17:14.833+0000][1][safepoint    ] Safepoint "RevokeBias", Time since last: 781540189 ns, Reaching safepoint: 92349 ns, At safepoint: 23812 ns, Total: 116161 ns
[2020-09-11T17:17:15.833+0000][1][safepoint    ] Safepoint "Cleanup", Time since last: 1000105897 ns, Reaching safepoint: 86176 ns, At safepoint: 9097 ns, Total: 95273 ns
[2020-09-11T17:17:16.833+0000][1][safepoint    ] Safepoint "Cleanup", Time since last: 1000113205 ns, Reaching safepoint: 83178 ns, At safepoint: 7276 ns, Total: 90454 ns
[2020-09-11T17:17:17.372+0000][1][safepoint    ] Safepoint "RevokeBias", Time since last: 538384968 ns, Reaching safepoint: 89379 ns, At safepoint: 20987 ns, Total: 110366 ns
[2020-09-11T17:17:17.861+0000][1][gc,start     ] GC(150) Pause Young (Allocation Failure)
[2020-09-11T17:17:17.861+0000][1][gc,task      ] GC(150) Using 1 workers of 1 for evacuation
[2020-09-11T17:17:17.874+0000][1][gc,age       ] GC(150) Desired survivor size 4358144 bytes, new threshold 6 (max threshold 6)
[2020-09-11T17:17:17.874+0000][1][gc,age       ] GC(150) Age table with threshold 6 (max threshold 6)
[2020-09-11T17:17:17.874+0000][1][gc,age       ] GC(150) - age   1:     537424 bytes,     537424 total
[2020-09-11T17:17:17.874+0000][1][gc,age       ] GC(150) - age   2:     117192 bytes,     654616 total
[2020-09-11T17:17:17.874+0000][1][gc,age       ] GC(150) - age   3:      53944 bytes,     708560 total
[2020-09-11T17:17:17.874+0000][1][gc,age       ] GC(150) - age   4:      21320 bytes,     729880 total
[2020-09-11T17:17:17.874+0000][1][gc,age       ] GC(150) - age   5:      99448 bytes,     829328 total
[2020-09-11T17:17:17.874+0000][1][gc,age       ] GC(150) - age   6:     271352 bytes,    1100680 total
[2020-09-11T17:17:17.874+0000][1][gc,heap      ] GC(150) ParNew: 70028K->1224K(76672K)
[2020-09-11T17:17:17.874+0000][1][gc,heap      ] GC(150) CMS: 113207K->113238K(439104K)
[2020-09-11T17:17:17.874+0000][1][gc,metaspace ] GC(150) Metaspace: 94924K->94924K(1136640K)
[2020-09-11T17:17:17.874+0000][1][gc           ] GC(150) Pause Young (Allocation Failure) 178M->111M(503M) 12.878ms
[2020-09-11T17:17:17.874+0000][1][gc,cpu       ] GC(150) User=0.01s Sys=0.00s Real=0.01s
[2020-09-11T17:17:17.874+0000][1][safepoint    ] Safepoint "GenCollectForAllocation", Time since last: 489334050 ns, Reaching safepoint: 91415 ns, At safepoint: 12960178 ns, Total: 13051593 ns
[2020-09-11T17:17:17.875+0000][1][safepoint    ] Safepoint "RevokeBias", Time since last: 228568 ns, Reaching safepoint: 85375 ns, At safepoint: 29913 ns, Total: 115288 ns
[2020-09-11T17:17:18.061+0000][1][safepoint    ] Safepoint "RevokeBias", Time since last: 186529219 ns, Reaching safepoint: 96699 ns, At safepoint: 38322 ns, Total: 135021 ns
[2020-09-11T17:17:19.062+0000][1][safepoint    ] Safepoint "Cleanup", Time since last: 1000684240 ns, Reaching safepoint: 79483 ns, At safepoint: 18512 ns, Total: 97995 ns
[2020-09-11T17:17:19.448+0000][1][safepoint    ] Safepoint "RevokeBias", Time since last: 385794469 ns, Reaching safepoint: 89136 ns, At safepoint: 22321 ns, Total: 111457 ns
[2020-09-11T17:17:20.448+0000][1][safepoint    ] Safepoint "Cleanup", Time since last: 1000111869 ns, Reaching safepoint: 85713 ns, At safepoint: 10528 ns, Total: 96241 ns
[2020-09-11T17:17:21.448+0000][1][safepoint    ] Safepoint "Cleanup", Time since last: 1000117593 ns, Reaching safepoint: 84664 ns, At safepoint: 10574 ns, Total: 95238 ns
[2020-09-11T17:17:22.449+0000][1][safepoint    ] Safepoint "Cleanup", Time since last: 1000118152 ns, Reaching safepoint: 87379 ns, At safepoint: 9509 ns, Total: 96888 ns
[2020-09-11T17:17:22.892+0000][1][safepoint    ] Safepoint "RevokeBias", Time since last: 443267071 ns, Reaching safepoint: 170417 ns, At safepoint: 26787 ns, Total: 197204 ns
[2020-09-11T17:17:23.080+0000][1][safepoint    ] Safepoint "RevokeBias", Time since last: 188205214 ns, Reaching safepoint: 85294 ns, At safepoint: 27937 ns, Total: 113231 ns
[2020-09-11T17:17:24.081+0000][1][safepoint    ] Safepoint "Cleanup", Time since last: 1000117533 ns, Reaching safepoint: 79266 ns, At safepoint: 8499 ns, Total: 87765 ns
[2020-09-11T17:17:24.805+0000][1][safepoint    ] Safepoint "RevokeBias", Time since last: 723938316 ns, Reaching safepoint: 88831 ns, At safepoint: 21783 ns, Total: 110614 ns
[2020-09-11T17:17:25.805+0000][1][safepoint    ] Safepoint "Cleanup", Time since last: 1000210612 ns, Reaching safepoint: 84634 ns, At safepoint: 9566 ns, Total: 94200 ns
[2020-09-11T17:17:26.805+0000][1][safepoint    ] Safepoint "Cleanup", Time since last: 1000112197 ns, Reaching safepoint: 85402 ns, At safepoint: 9854 ns, Total: 95256 ns
[2020-09-11T17:17:27.230+0000][1][safepoint    ] Safepoint "RevokeBias", Time since last: 424622199 ns, Reaching safepoint: 93188 ns, At safepoint: 25675 ns, Total: 118863 ns
[2020-09-11T17:17:27.917+0000][1][safepoint    ] Safepoint "RevokeBias", Time since last: 687039741 ns, Reaching safepoint: 94292 ns, At safepoint: 27457 ns, Total: 121749 ns
[2020-09-11T17:17:28.112+0000][1][safepoint    ] Safepoint "RevokeBias", Time since last: 194538644 ns, Reaching safepoint: 223549 ns, At safepoint: 313853 ns, Total: 537402 ns
[2020-09-11T17:17:29.112+0000][1][safepoint    ] Safepoint "Cleanup", Time since last: 1000121523 ns, Reaching safepoint: 81785 ns, At safepoint: 8995 ns, Total: 90780 ns
[2020-09-11T17:17:29.486+0000][1][safepoint    ] Safepoint "RevokeBias", Time since last: 373216539 ns, Reaching safepoint: 99548 ns, At safepoint: 26251 ns, Total: 125799 ns
[2020-09-11T17:17:30.486+0000][1][safepoint    ] Safepoint "Cleanup", Time since last: 1000109981 ns, Reaching safepoint: 85380 ns, At safepoint: 9452 ns, Total: 94832 ns
[2020-09-11T17:17:31.486+0000][1][safepoint    ] Safepoint "Cleanup", Time since last: 1000113212 ns, Reaching safepoint: 108569 ns, At safepoint: 9916 ns, Total: 118485 ns
[2020-09-11T17:17:32.486+0000][1][safepoint    ] Safepoint "Cleanup", Time since last: 1000103762 ns, Reaching safepoint: 85592 ns, At safepoint: 9676 ns, Total: 95268 ns
[2020-09-11T17:17:32.933+0000][1][safepoint    ] Safepoint "RevokeBias", Time since last: 446740044 ns, Reaching safepoint: 170719 ns, At safepoint: 44297 ns, Total: 215016 ns
[2020-09-11T17:17:33.120+0000][1][safepoint    ] Safepoint "RevokeBias", Time since last: 186759706 ns, Reaching safepoint: 85428 ns, At safepoint: 22497 ns, Total: 107925 ns
[2020-09-11T17:17:34.120+0000][1][safepoint    ] Safepoint "Cleanup", Time since last: 1000130111 ns, Reaching safepoint: 80090 ns, At safepoint: 8764 ns, Total: 88854 ns
[2020-09-11T17:17:34.836+0000][1][safepoint    ] Safepoint "RevokeBias", Time since last: 714977796 ns, Reaching safepoint: 172356 ns, At safepoint: 27237 ns, Total: 199593 ns
[2020-09-11T17:17:35.836+0000][1][safepoint    ] Safepoint "Cleanup", Time since last: 1000112962 ns, Reaching safepoint: 102189 ns, At safepoint: 11934 ns, Total: 114123 ns
[2020-09-11T17:17:36.836+0000][1][safepoint    ] Safepoint "Cleanup", Time since last: 1000128209 ns, Reaching safepoint: 85048 ns, At safepoint: 6792 ns, Total: 91840 ns
[2020-09-11T17:17:37.100+0000][1][gc,start     ] GC(151) Pause Young (Allocation Failure)
[2020-09-11T17:17:37.100+0000][1][gc,task      ] GC(151) Using 1 workers of 1 for evacuation
[2020-09-11T17:17:37.107+0000][1][gc,age       ] GC(151) Desired survivor size 4358144 bytes, new threshold 6 (max threshold 6)
[2020-09-11T17:17:37.107+0000][1][gc,age       ] GC(151) Age table with threshold 6 (max threshold 6)
[2020-09-11T17:17:37.107+0000][1][gc,age       ] GC(151) - age   1:     148800 bytes,     148800 total
[2020-09-11T17:17:37.107+0000][1][gc,age       ] GC(151) - age   2:     482024 bytes,     630824 total
[2020-09-11T17:17:37.107+0000][1][gc,age       ] GC(151) - age   3:     114168 bytes,     744992 total
[2020-09-11T17:17:37.108+0000][1][gc,age       ] GC(151) - age   4:      53944 bytes,     798936 total
[2020-09-11T17:17:37.108+0000][1][gc,age       ] GC(151) - age   5:      21320 bytes,     820256 total
[2020-09-11T17:17:37.108+0000][1][gc,age       ] GC(151) - age   6:      99136 bytes,     919392 total
[2020-09-11T17:17:37.108+0000][1][gc,heap      ] GC(151) ParNew: 69384K->959K(76672K)
[2020-09-11T17:17:37.108+0000][1][gc,heap      ] GC(151) CMS: 113238K->113503K(439104K)
[2020-09-11T17:17:37.108+0000][1][gc,metaspace ] GC(151) Metaspace: 94931K->94931K(1136640K)
[2020-09-11T17:17:37.108+0000][1][gc           ] GC(151) Pause Young (Allocation Failure) 178M->111M(503M) 7.393ms
[2020-09-11T17:17:37.108+0000][1][gc,cpu       ] GC(151) User=0.01s Sys=0.00s Real=0.01s
[2020-09-11T17:17:37.113+0000][1][safepoint    ] Safepoint "GenCollectForAllocation", Time since last: 264047683 ns, Reaching safepoint: 81021 ns, At safepoint: 13154089 ns, Total: 13235110 ns
[2020-09-11T17:17:37.242+0000][1][safepoint    ] Safepoint "RevokeBias", Time since last: 128287115 ns, Reaching safepoint: 185331 ns, At safepoint: 23739 ns, Total: 209070 ns
[2020-09-11T17:17:37.949+0000][1][safepoint    ] Safepoint "RevokeBias", Time since last: 706728629 ns, Reaching safepoint: 88673 ns, At safepoint: 25763 ns, Total: 114436 ns
[2020-09-11T17:17:38.130+0000][1][safepoint    ] Safepoint "RevokeBias", Time since last: 180924369 ns, Reaching safepoint: 85754 ns, At safepoint: 23884 ns, Total: 109638 ns
[2020-09-11T17:17:39.130+0000][1][safepoint    ] Safepoint "Cleanup", Time since last: 1000110704 ns, Reaching safepoint: 80355 ns, At safepoint: 7782 ns, Total: 88137 ns
[2020-09-11T17:17:39.503+0000][1][safepoint    ] Safepoint "RevokeBias", Time since last: 372794319 ns, Reaching safepoint: 90810 ns, At safepoint: 25890 ns, Total: 116700 ns
[2020-09-11T17:17:40.503+0000][1][safepoint    ] Safepoint "Cleanup", Time since last: 1000114437 ns, Reaching safepoint: 101214 ns, At safepoint: 10615 ns, Total: 111829 ns
[2020-09-11T17:17:41.503+0000][1][safepoint    ] Safepoint "Cleanup", Time since last: 1000113230 ns, Reaching safepoint: 85637 ns, At safepoint: 10269 ns, Total: 95906 ns
[2020-09-11T17:17:42.503+0000][1][safepoint    ] Safepoint "Cleanup", Time since last: 1000115762 ns, Reaching safepoint: 86560 ns, At safepoint: 10193 ns, Total: 96753 ns
[2020-09-11T17:17:42.961+0000][1][safepoint    ] Safepoint "RevokeBias", Time since last: 456146135 ns, Reaching safepoint: 1321987 ns, At safepoint: 29605 ns, Total: 1351592 ns
[2020-09-11T17:17:43.140+0000][1][safepoint    ] Safepoint "RevokeBias", Time since last: 178798301 ns, Reaching safepoint: 230087 ns, At safepoint: 319973 ns, Total: 550060 ns
[2020-09-11T17:17:44.141+0000][1][safepoint    ] Safepoint "Cleanup", Time since last: 1000117209 ns, Reaching safepoint: 77285 ns, At safepoint: 8351 ns, Total: 85636 ns
[2020-09-11T17:17:44.802+0000][1][safepoint    ] Safepoint "RevokeBias", Time since last: 661152447 ns, Reaching safepoint: 174888 ns, At safepoint: 24178 ns, Total: 199066 ns
[2020-09-11T17:17:45.802+0000][1][safepoint    ] Safepoint "Cleanup", Time since last: 1000101718 ns, Reaching safepoint: 86018 ns, At safepoint: 9536 ns, Total: 95554 ns
[2020-09-11T17:17:46.802+0000][1][safepoint    ] Safepoint "Cleanup", Time since last: 1000112107 ns, Reaching safepoint: 87354 ns, At safepoint: 9791 ns, Total: 97145 ns
[2020-09-11T17:17:47.193+0000][1][safepoint    ] Safepoint "BulkRevokeBias", Time since last: 390799654 ns, Reaching safepoint: 97822 ns, At safepoint: 223874 ns, Total: 321696 ns
[2020-09-11T17:17:48.190+0000][1][safepoint    ] Safepoint "RevokeBias", Time since last: 996717718 ns, Reaching safepoint: 85223 ns, At safepoint: 21672 ns, Total: 106895 ns
[2020-09-11T17:17:48.195+0000][1][safepoint    ] Safepoint "RevokeBias", Time since last: 4702408 ns, Reaching safepoint: 83707 ns, At safepoint: 20762 ns, Total: 104469 ns
[2020-09-11T17:17:49.195+0000][1][safepoint    ] Safepoint "Cleanup", Time since last: 1000116885 ns, Reaching safepoint: 93617 ns, At safepoint: 11769 ns, Total: 105386 ns
[2020-09-11T17:17:49.522+0000][1][safepoint    ] Safepoint "RevokeBias", Time since last: 326410947 ns, Reaching safepoint: 90763 ns, At safepoint: 22302 ns, Total: 113065 ns
[2020-09-11T17:17:50.522+0000][1][safepoint    ] Safepoint "Cleanup", Time since last: 1000106099 ns, Reaching safepoint: 85067 ns, At safepoint: 9426 ns, Total: 94493 ns
[2020-09-11T17:17:51.522+0000][1][safepoint    ] Safepoint "Cleanup", Time since last: 1000111161 ns, Reaching safepoint: 86941 ns, At safepoint: 9544 ns, Total: 96485 ns
[2020-09-11T17:17:52.522+0000][1][safepoint    ] Safepoint "Cleanup", Time since last: 1000110557 ns, Reaching safepoint: 85505 ns, At safepoint: 9225 ns, Total: 94730 ns
[2020-09-11T17:17:53.225+0000][1][safepoint    ] Safepoint "RevokeBias", Time since last: 702677765 ns, Reaching safepoint: 90669 ns, At safepoint: 20410 ns, Total: 111079 ns
[2020-09-11T17:17:53.236+0000][1][safepoint    ] Safepoint "RevokeBias", Time since last: 10847411 ns, Reaching safepoint: 81994 ns, At safepoint: 22393 ns, Total: 104387 ns
[2020-09-11T17:17:54.802+0000][1][safepoint    ] Safepoint "RevokeBias", Time since last: 1565395069 ns, Reaching safepoint: 163439 ns, At safepoint: 23097 ns, Total: 186536 ns
[2020-09-11T17:17:55.802+0000][1][safepoint    ] Safepoint "Cleanup", Time since last: 1000105586 ns, Reaching safepoint: 91103 ns, At safepoint: 10047 ns, Total: 101150 ns
[2020-09-11T17:17:57.161+0000][1][gc,start     ] GC(152) Pause Young (Allocation Failure)
[2020-09-11T17:17:57.162+0000][1][gc,task      ] GC(152) Using 1 workers of 1 for evacuation
[2020-09-11T17:17:57.181+0000][1][gc,age       ] GC(152) Desired survivor size 4358144 bytes, new threshold 6 (max threshold 6)
[2020-09-11T17:17:57.181+0000][1][gc,age       ] GC(152) Age table with threshold 6 (max threshold 6)
[2020-09-11T17:17:57.181+0000][1][gc,age       ] GC(152) - age   1:     457064 bytes,     457064 total
[2020-09-11T17:17:57.181+0000][1][gc,age       ] GC(152) - age   2:      93280 bytes,     550344 total
[2020-09-11T17:17:57.181+0000][1][gc,age       ] GC(152) - age   3:     477592 bytes,    1027936 total
[2020-09-11T17:17:57.181+0000][1][gc,age       ] GC(152) - age   4:     114168 bytes,    1142104 total
[2020-09-11T17:17:57.181+0000][1][gc,age       ] GC(152) - age   5:      53944 bytes,    1196048 total
[2020-09-11T17:17:57.181+0000][1][gc,age       ] GC(152) - age   6:      21320 bytes,    1217368 total
[2020-09-11T17:17:57.181+0000][1][gc,heap      ] GC(152) ParNew: 69119K->1826K(76672K)
[2020-09-11T17:17:57.181+0000][1][gc,heap      ] GC(152) CMS: 113503K->113595K(439104K)
[2020-09-11T17:17:57.181+0000][1][gc,metaspace ] GC(152) Metaspace: 94948K->94948K(1136640K)
[2020-09-11T17:17:57.181+0000][1][gc           ] GC(152) Pause Young (Allocation Failure) 178M->112M(503M) 19.510ms
[2020-09-11T17:17:57.181+0000][1][gc,cpu       ] GC(152) User=0.00s Sys=0.00s Real=0.02s
[2020-09-11T17:17:57.181+0000][1][safepoint    ] Safepoint "GenCollectForAllocation", Time since last: 1358936079 ns, Reaching safepoint: 624002 ns, At safepoint: 19583089 ns, Total: 20207091 ns
[2020-09-11T17:17:57.290+0000][1][safepoint    ] Safepoint "RevokeBias", Time since last: 108782557 ns, Reaching safepoint: 91070 ns, At safepoint: 37006 ns, Total: 128076 ns
[2020-09-11T17:17:58.241+0000][1][safepoint    ] Safepoint "RevokeBias", Time since last: 950550546 ns, Reaching safepoint: 87058 ns, At safepoint: 33798 ns, Total: 120856 ns
[2020-09-11T17:17:58.252+0000][1][safepoint    ] Safepoint "RevokeBias", Time since last: 10904265 ns, Reaching safepoint: 81506 ns, At safepoint: 34564 ns, Total: 116070 ns
[2020-09-11T17:17:59.252+0000][1][safepoint    ] Safepoint "Cleanup", Time since last: 1000585740 ns, Reaching safepoint: 88222 ns, At safepoint: 23277 ns, Total: 111499 ns
[2020-09-11T17:17:59.470+0000][1][safepoint    ] Safepoint "RevokeBias", Time since last: 217761345 ns, Reaching safepoint: 87231 ns, At safepoint: 22883 ns, Total: 110114 ns
[2020-09-11T17:18:03.265+0000][1][safepoint    ] Safepoint "BulkRevokeBias", Time since last: 3794367770 ns, Reaching safepoint: 220198 ns, At safepoint: 263557 ns, Total: 483755 ns
[2020-09-11T17:18:03.269+0000][1][safepoint    ] Safepoint "RevokeBias", Time since last: 3358086 ns, Reaching safepoint: 83453 ns, At safepoint: 22966 ns, Total: 106419 ns
[2020-09-11T17:18:04.830+0000][1][safepoint    ] Safepoint "RevokeBias", Time since last: 1561457683 ns, Reaching safepoint: 163325 ns, At safepoint: 23563 ns, Total: 186888 ns
[2020-09-11T17:18:05.830+0000][1][safepoint    ] Safepoint "Cleanup", Time since last: 1000106965 ns, Reaching safepoint: 89605 ns, At safepoint: 9120 ns, Total: 98725 ns
[2020-09-11T17:18:07.245+0000][1][safepoint    ] Safepoint "RevokeBias", Time since last: 1414453010 ns, Reaching safepoint: 89413 ns, At safepoint: 21918 ns, Total: 111331 ns
[2020-09-11T17:18:08.282+0000][1][safepoint    ] Safepoint "RevokeBias", Time since last: 1036480630 ns, Reaching safepoint: 90673 ns, At safepoint: 24631 ns, Total: 115304 ns
[2020-09-11T17:18:08.287+0000][1][safepoint    ] Safepoint "RevokeBias", Time since last: 4948965 ns, Reaching safepoint: 951680 ns, At safepoint: 28141 ns, Total: 979821 ns
[2020-09-11T17:18:09.489+0000][1][safepoint    ] Safepoint "RevokeBias", Time since last: 1201849911 ns, Reaching safepoint: 88408 ns, At safepoint: 22220 ns, Total: 110628 ns
[2020-09-11T17:18:11.490+0000][1][safepoint    ] Safepoint "Cleanup", Time since last: 2000181462 ns, Reaching safepoint: 90916 ns, At safepoint: 9776 ns, Total: 100692 ns
[2020-09-11T17:18:13.314+0000][1][safepoint    ] Safepoint "RevokeBias", Time since last: 1823790709 ns, Reaching safepoint: 90905 ns, At safepoint: 24393 ns, Total: 115298 ns
[2020-09-11T17:18:13.319+0000][1][safepoint    ] Safepoint "RevokeBias", Time since last: 5260842 ns, Reaching safepoint: 95146 ns, At safepoint: 23992 ns, Total: 119138 ns
[2020-09-11T17:18:14.845+0000][1][safepoint    ] Safepoint "RevokeBias", Time since last: 1525870645 ns, Reaching safepoint: 162745 ns, At safepoint: 21821 ns, Total: 184566 ns
[2020-09-11T17:18:15.845+0000][1][safepoint    ] Safepoint "Cleanup", Time since last: 1000104875 ns, Reaching safepoint: 89042 ns, At safepoint: 9642 ns, Total: 98684 ns
[2020-09-11T17:18:17.176+0000][1][gc,start     ] GC(153) Pause Young (Allocation Failure)
[2020-09-11T17:18:17.176+0000][1][gc,task      ] GC(153) Using 1 workers of 1 for evacuation
[2020-09-11T17:18:17.188+0000][1][gc,age       ] GC(153) Desired survivor size 4358144 bytes, new threshold 6 (max threshold 6)
[2020-09-11T17:18:17.188+0000][1][gc,age       ] GC(153) Age table with threshold 6 (max threshold 6)
[2020-09-11T17:18:17.188+0000][1][gc,age       ] GC(153) - age   1:     180808 bytes,     180808 total
[2020-09-11T17:18:17.188+0000][1][gc,age       ] GC(153) - age   2:     318160 bytes,     498968 total
[2020-09-11T17:18:17.188+0000][1][gc,age       ] GC(153) - age   3:      90112 bytes,     589080 total
[2020-09-11T17:18:17.188+0000][1][gc,age       ] GC(153) - age   4:     477304 bytes,    1066384 total
[2020-09-11T17:18:17.188+0000][1][gc,age       ] GC(153) - age   5:     114168 bytes,    1180552 total
[2020-09-11T17:18:17.188+0000][1][gc,age       ] GC(153) - age   6:      53944 bytes,    1234496 total
[2020-09-11T17:18:17.188+0000][1][gc,heap      ] GC(153) ParNew: 69986K->2239K(76672K)
[2020-09-11T17:18:17.188+0000][1][gc,heap      ] GC(153) CMS: 113595K->113616K(439104K)
[2020-09-11T17:18:17.188+0000][1][gc,metaspace ] GC(153) Metaspace: 94964K->94964K(1136640K)
[2020-09-11T17:18:17.188+0000][1][gc           ] GC(153) Pause Young (Allocation Failure) 179M->113M(503M) 11.643ms
[2020-09-11T17:18:17.188+0000][1][gc,cpu       ] GC(153) User=0.01s Sys=0.00s Real=0.01s
[2020-09-11T17:18:17.188+0000][1][safepoint    ] Safepoint "GenCollectForAllocation", Time since last: 1330579178 ns, Reaching safepoint: 267142 ns, At safepoint: 11692393 ns, Total: 11959535 ns
[2020-09-11T17:18:17.239+0000][1][safepoint    ] Safepoint "RevokeBias", Time since last: 51093440 ns, Reaching safepoint: 89706 ns, At safepoint: 34237 ns, Total: 123943 ns
[2020-09-11T17:18:18.336+0000][1][safepoint    ] Safepoint "RevokeBias", Time since last: 1096945123 ns, Reaching safepoint: 98836 ns, At safepoint: 35353 ns, Total: 134189 ns
[2020-09-11T17:18:18.345+0000][1][safepoint    ] Safepoint "RevokeBias", Time since last: 4206283 ns, Reaching safepoint: 4460593 ns, At safepoint: 33957 ns, Total: 4494550 ns
[2020-09-11T17:18:19.449+0000][1][safepoint    ] Safepoint "RevokeBias", Time since last: 1104075121 ns, Reaching safepoint: 96990 ns, At safepoint: 23052 ns, Total: 120042 ns
[2020-09-11T17:18:23.349+0000][1][safepoint    ] Safepoint "RevokeBias", Time since last: 3899939259 ns, Reaching safepoint: 91108 ns, At safepoint: 24916 ns, Total: 116024 ns
[2020-09-11T17:18:23.357+0000][1][safepoint    ] Safepoint "RevokeBias", Time since last: 7593083 ns, Reaching safepoint: 111656 ns, At safepoint: 24137 ns, Total: 135793 ns
[2020-09-11T17:18:24.855+0000][1][safepoint    ] Safepoint "RevokeBias", Time since last: 1497565699 ns, Reaching safepoint: 165462 ns, At safepoint: 22389 ns, Total: 187851 ns
[2020-09-11T17:18:27.220+0000][1][safepoint    ] Safepoint "RevokeBias", Time since last: 2365173217 ns, Reaching safepoint: 96189 ns, At safepoint: 21422 ns, Total: 117611 ns
[2020-09-11T17:18:28.377+0000][1][safepoint    ] Safepoint "RevokeBias", Time since last: 1157021278 ns, Reaching safepoint: 89632 ns, At safepoint: 25548 ns, Total: 115180 ns
[2020-09-11T17:18:28.380+0000][1][safepoint    ] Safepoint "RevokeBias", Time since last: 2891643 ns, Reaching safepoint: 84058 ns, At safepoint: 24544 ns, Total: 108602 ns
[2020-09-11T17:18:29.512+0000][1][safepoint    ] Safepoint "RevokeBias", Time since last: 1131787258 ns, Reaching safepoint: 95410 ns, At safepoint: 25843 ns, Total: 121253 ns
[2020-09-11T17:18:33.396+0000][1][safepoint    ] Safepoint "RevokeBias", Time since last: 3884151055 ns, Reaching safepoint: 108090 ns, At safepoint: 29819 ns, Total: 137909 ns
[2020-09-11T17:18:33.399+0000][1][safepoint    ] Safepoint "RevokeBias", Time since last: 2936453 ns, Reaching safepoint: 85637 ns, At safepoint: 23618 ns, Total: 109255 ns
[2020-09-11T17:18:34.816+0000][1][safepoint    ] Safepoint "RevokeBias", Time since last: 1416973796 ns, Reaching safepoint: 164257 ns, At safepoint: 22751 ns, Total: 187008 ns
[2020-09-11T17:18:37.212+0000][1][safepoint    ] Safepoint "RevokeBias", Time since last: 2395110417 ns, Reaching safepoint: 88180 ns, At safepoint: 21296 ns, Total: 109476 ns
[2020-09-11T17:18:38.409+0000][1][safepoint    ] Safepoint "RevokeBias", Time since last: 1196795106 ns, Reaching safepoint: 89183 ns, At safepoint: 25279 ns, Total: 114462 ns
[2020-09-11T17:18:38.415+0000][1][safepoint    ] Safepoint "RevokeBias", Time since last: 6648650 ns, Reaching safepoint: 88480 ns, At safepoint: 25725 ns, Total: 114205 ns
[2020-09-11T17:18:38.685+0000][1][gc,start     ] GC(154) Pause Young (Allocation Failure)
[2020-09-11T17:18:38.685+0000][1][gc,task      ] GC(154) Using 1 workers of 1 for evacuation
[2020-09-11T17:18:38.694+0000][1][gc,age       ] GC(154) Desired survivor size 4358144 bytes, new threshold 6 (max threshold 6)
[2020-09-11T17:18:38.694+0000][1][gc,age       ] GC(154) Age table with threshold 6 (max threshold 6)
[2020-09-11T17:18:38.694+0000][1][gc,age       ] GC(154) - age   1:     160664 bytes,     160664 total
[2020-09-11T17:18:38.694+0000][1][gc,age       ] GC(154) - age   2:      39064 bytes,     199728 total
[2020-09-11T17:18:38.694+0000][1][gc,age       ] GC(154) - age   3:     316376 bytes,     516104 total
[2020-09-11T17:18:38.694+0000][1][gc,age       ] GC(154) - age   4:      89800 bytes,     605904 total
[2020-09-11T17:18:38.694+0000][1][gc,age       ] GC(154) - age   5:     477304 bytes,    1083208 total
[2020-09-11T17:18:38.694+0000][1][gc,age       ] GC(154) - age   6:     113872 bytes,    1197080 total
[2020-09-11T17:18:38.694+0000][1][gc,heap      ] GC(154) ParNew: 70399K->1464K(76672K)
[2020-09-11T17:18:38.694+0000][1][gc,heap      ] GC(154) CMS: 113616K->113668K(439104K)
[2020-09-11T17:18:38.694+0000][1][gc,metaspace ] GC(154) Metaspace: 94970K->94970K(1136640K)
[2020-09-11T17:18:38.694+0000][1][gc           ] GC(154) Pause Young (Allocation Failure) 179M->112M(503M) 9.581ms
[2020-09-11T17:18:38.694+0000][1][gc,cpu       ] GC(154) User=0.01s Sys=0.00s Real=0.01s
[2020-09-11T17:18:38.695+0000][1][safepoint    ] Safepoint "GenCollectForAllocation", Time since last: 269428786 ns, Reaching safepoint: 153505 ns, At safepoint: 10129544 ns, Total: 10283049 ns
[2020-09-11T17:18:39.457+0000][1][safepoint    ] Safepoint "RevokeBias", Time since last: 762383628 ns, Reaching safepoint: 89543 ns, At safepoint: 21356 ns, Total: 110899 ns
[2020-09-11T17:18:43.441+0000][1][safepoint    ] Safepoint "RevokeBias", Time since last: 3982679335 ns, Reaching safepoint: 177841 ns, At safepoint: 306389 ns, Total: 484230 ns
[2020-09-11T17:18:43.445+0000][1][safepoint    ] Safepoint "RevokeBias", Time since last: 2249316 ns, Reaching safepoint: 1970901 ns, At safepoint: 72873 ns, Total: 2043774 ns
[2020-09-11T17:18:44.445+0000][1][safepoint    ] Safepoint "Cleanup", Time since last: 1000102842 ns, Reaching safepoint: 90455 ns, At safepoint: 9146 ns, Total: 99601 ns
[2020-09-11T17:18:44.885+0000][1][safepoint    ] Safepoint "RevokeBias", Time since last: 439287594 ns, Reaching safepoint: 176953 ns, At safepoint: 26412 ns, Total: 203365 ns
[2020-09-11T17:18:47.239+0000][1][safepoint    ] Safepoint "RevokeBias", Time since last: 2354356460 ns, Reaching safepoint: 92547 ns, At safepoint: 24043 ns, Total: 116590 ns
[2020-09-11T17:18:48.463+0000][1][safepoint    ] Safepoint "RevokeBias", Time since last: 1223621476 ns, Reaching safepoint: 86828 ns, At safepoint: 23858 ns, Total: 110686 ns
[2020-09-11T17:18:48.465+0000][1][safepoint    ] Safepoint "RevokeBias", Time since last: 2169540 ns, Reaching safepoint: 80428 ns, At safepoint: 21105 ns, Total: 101533 ns
[2020-09-11T17:18:49.465+0000][1][safepoint    ] Safepoint "RevokeBias", Time since last: 999951979 ns, Reaching safepoint: 86795 ns, At safepoint: 22311 ns, Total: 109106 ns
[2020-09-11T17:18:53.480+0000][1][safepoint    ] Safepoint "RevokeBias", Time since last: 4014352327 ns, Reaching safepoint: 495083 ns, At safepoint: 31895 ns, Total: 526978 ns
[2020-09-11T17:18:53.493+0000][1][safepoint    ] Safepoint "RevokeBias", Time since last: 12937805 ns, Reaching safepoint: 163643 ns, At safepoint: 26507 ns, Total: 190150 ns
[2020-09-11T17:18:54.801+0000][1][safepoint    ] Safepoint "RevokeBias", Time since last: 1307687918 ns, Reaching safepoint: 91650 ns, At safepoint: 21603 ns, Total: 113253 ns
[2020-09-11T17:18:55.801+0000][1][safepoint    ] Safepoint "Cleanup", Time since last: 1000205093 ns, Reaching safepoint: 89221 ns, At safepoint: 9135 ns, Total: 98356 ns
[2020-09-11T17:18:56.801+0000][1][safepoint    ] Safepoint "Cleanup", Time since last: 1000124652 ns, Reaching safepoint: 85620 ns, At safepoint: 9794 ns, Total: 95414 ns
[2020-09-11T17:18:57.238+0000][1][safepoint    ] Safepoint "RevokeBias", Time since last: 436082360 ns, Reaching safepoint: 95040 ns, At safepoint: 21570 ns, Total: 116610 ns
[2020-09-11T17:18:58.089+0000][1][gc,start     ] GC(155) Pause Young (Allocation Failure)
[2020-09-11T17:18:58.089+0000][1][gc,task      ] GC(155) Using 1 workers of 1 for evacuation
[2020-09-11T17:18:58.098+0000][1][gc,age       ] GC(155) Desired survivor size 4358144 bytes, new threshold 6 (max threshold 6)
[2020-09-11T17:18:58.098+0000][1][gc,age       ] GC(155) Age table with threshold 6 (max threshold 6)
[2020-09-11T17:18:58.098+0000][1][gc,age       ] GC(155) - age   1:     146456 bytes,     146456 total
[2020-09-11T17:18:58.098+0000][1][gc,age       ] GC(155) - age   2:     104240 bytes,     250696 total
[2020-09-11T17:18:58.098+0000][1][gc,age       ] GC(155) - age   3:      37184 bytes,     287880 total
[2020-09-11T17:18:58.098+0000][1][gc,age       ] GC(155) - age   4:     316376 bytes,     604256 total
[2020-09-11T17:18:58.098+0000][1][gc,age       ] GC(155) - age   5:      89800 bytes,     694056 total
[2020-09-11T17:18:58.098+0000][1][gc,age       ] GC(155) - age   6:     477304 bytes,    1171360 total
[2020-09-11T17:18:58.098+0000][1][gc,heap      ] GC(155) ParNew: 69624K->2119K(76672K)
[2020-09-11T17:18:58.098+0000][1][gc,heap      ] GC(155) CMS: 113668K->113726K(439104K)
[2020-09-11T17:18:58.098+0000][1][gc,metaspace ] GC(155) Metaspace: 94975K->94975K(1136640K)
[2020-09-11T17:18:58.098+0000][1][gc           ] GC(155) Pause Young (Allocation Failure) 178M->113M(503M) 9.393ms
[2020-09-11T17:18:58.098+0000][1][gc,cpu       ] GC(155) User=0.00s Sys=0.00s Real=0.01s
[2020-09-11T17:18:58.098+0000][1][safepoint    ] Safepoint "GenCollectForAllocation", Time since last: 847464995 ns, Reaching safepoint: 3690653 ns, At safepoint: 9469319 ns, Total: 13159972 ns
[2020-09-11T17:18:58.512+0000][1][safepoint    ] Safepoint "RevokeBias", Time since last: 413670201 ns, Reaching safepoint: 88699 ns, At safepoint: 36487 ns, Total: 125186 ns
[2020-09-11T17:18:58.515+0000][1][safepoint    ] Safepoint "RevokeBias", Time since last: 2610974 ns, Reaching safepoint: 90654 ns, At safepoint: 33881 ns, Total: 124535 ns
[2020-09-11T17:18:59.449+0000][1][safepoint    ] Safepoint "RevokeBias", Time since last: 933816872 ns, Reaching safepoint: 134484 ns, At safepoint: 34979 ns, Total: 169463 ns
[2020-09-11T17:19:00.450+0000][1][safepoint    ] Safepoint "Cleanup", Time since last: 1000705835 ns, Reaching safepoint: 86112 ns, At safepoint: 22992 ns, Total: 109104 ns
[2020-09-11T17:19:01.450+0000][1][safepoint    ] Safepoint "Cleanup", Time since last: 1000112447 ns, Reaching safepoint: 85864 ns, At safepoint: 22654 ns, Total: 108518 ns
[2020-09-11T17:19:02.450+0000][1][safepoint    ] Safepoint "Cleanup", Time since last: 1000110763 ns, Reaching safepoint: 86293 ns, At safepoint: 22464 ns, Total: 108757 ns
[2020-09-11T17:19:03.450+0000][1][safepoint    ] Safepoint "Cleanup", Time since last: 1000113624 ns, Reaching safepoint: 104221 ns, At safepoint: 9265 ns, Total: 113486 ns
[2020-09-11T17:19:03.533+0000][1][safepoint    ] Safepoint "RevokeBias", Time since last: 82599698 ns, Reaching safepoint: 80193 ns, At safepoint: 44779 ns, Total: 124972 ns
[2020-09-11T17:19:03.539+0000][1][safepoint    ] Safepoint "RevokeBias", Time since last: 6197236 ns, Reaching safepoint: 92964 ns, At safepoint: 26161 ns, Total: 119125 ns
[2020-09-11T17:19:04.540+0000][1][safepoint    ] Safepoint "Cleanup", Time since last: 1000108638 ns, Reaching safepoint: 86033 ns, At safepoint: 9798 ns, Total: 95831 ns
[2020-09-11T17:19:04.849+0000][1][safepoint    ] Safepoint "RevokeBias", Time since last: 309648271 ns, Reaching safepoint: 163037 ns, At safepoint: 22559 ns, Total: 185596 ns
[2020-09-11T17:19:05.850+0000][1][safepoint    ] Safepoint "Cleanup", Time since last: 1000103704 ns, Reaching safepoint: 86922 ns, At safepoint: 9201 ns, Total: 96123 ns
[2020-09-11T17:19:06.850+0000][1][safepoint    ] Safepoint "Cleanup", Time since last: 1000122853 ns, Reaching safepoint: 82060 ns, At safepoint: 6448 ns, Total: 88508 ns
[2020-09-11T17:19:07.429+0000][1][safepoint    ] Safepoint "RevokeBias", Time since last: 579228700 ns, Reaching safepoint: 88097 ns, At safepoint: 21576 ns, Total: 109673 ns
[2020-09-11T17:19:08.429+0000][1][safepoint    ] Safepoint "Cleanup", Time since last: 1000113707 ns, Reaching safepoint: 82173 ns, At safepoint: 7283 ns, Total: 89456 ns
[2020-09-11T17:19:08.556+0000][1][safepoint    ] Safepoint "RevokeBias", Time since last: 126441675 ns, Reaching safepoint: 84960 ns, At safepoint: 23975 ns, Total: 108935 ns
[2020-09-11T17:19:08.559+0000][1][safepoint    ] Safepoint "RevokeBias", Time since last: 3073062 ns, Reaching safepoint: 84981 ns, At safepoint: 23171 ns, Total: 108152 ns
[2020-09-11T17:19:09.507+0000][1][safepoint    ] Safepoint "RevokeBias", Time since last: 947997749 ns, Reaching safepoint: 92119 ns, At safepoint: 24958 ns, Total: 117077 ns
[2020-09-11T17:19:10.507+0000][1][safepoint    ] Safepoint "Cleanup", Time since last: 1000108241 ns, Reaching safepoint: 81990 ns, At safepoint: 7329 ns, Total: 89319 ns
[2020-09-11T17:19:11.508+0000][1][safepoint    ] Safepoint "Cleanup", Time since last: 1000127609 ns, Reaching safepoint: 91970 ns, At safepoint: 10147 ns, Total: 102117 ns
[2020-09-11T17:19:12.508+0000][1][safepoint    ] Safepoint "Cleanup", Time since last: 1000112632 ns, Reaching safepoint: 85700 ns, At safepoint: 10199 ns, Total: 95899 ns
[2020-09-11T17:19:13.508+0000][1][safepoint    ] Safepoint "Cleanup", Time since last: 1000116001 ns, Reaching safepoint: 85544 ns, At safepoint: 10055 ns, Total: 95599 ns
[2020-09-11T17:19:13.580+0000][1][safepoint    ] Safepoint "RevokeBias", Time since last: 71892603 ns, Reaching safepoint: 84672 ns, At safepoint: 24297 ns, Total: 108969 ns
[2020-09-11T17:19:13.584+0000][1][safepoint    ] Safepoint "BulkRevokeBias", Time since last: 3969490 ns, Reaching safepoint: 97383 ns, At safepoint: 238269 ns, Total: 335652 ns
[2020-09-11T17:19:14.585+0000][1][safepoint    ] Safepoint "Cleanup", Time since last: 1000112860 ns, Reaching safepoint: 84709 ns, At safepoint: 9383 ns, Total: 94092 ns
[2020-09-11T17:19:14.805+0000][1][safepoint    ] Safepoint "RevokeBias", Time since last: 220200929 ns, Reaching safepoint: 165809 ns, At safepoint: 22852 ns, Total: 188661 ns
[2020-09-11T17:19:15.805+0000][1][safepoint    ] Safepoint "Cleanup", Time since last: 1000107145 ns, Reaching safepoint: 84688 ns, At safepoint: 6858 ns, Total: 91546 ns
[2020-09-11T17:19:16.805+0000][1][safepoint    ] Safepoint "Cleanup", Time since last: 1000114220 ns, Reaching safepoint: 85946 ns, At safepoint: 10245 ns, Total: 96191 ns
[2020-09-11T17:19:17.305+0000][1][safepoint    ] Safepoint "BulkRevokeBias", Time since last: 499054958 ns, Reaching safepoint: 90062 ns, At safepoint: 218572 ns, Total: 308634 ns
[2020-09-11T17:19:18.305+0000][1][safepoint    ] Safepoint "Cleanup", Time since last: 1000153507 ns, Reaching safepoint: 87675 ns, At safepoint: 8954 ns, Total: 96629 ns
[2020-09-11T17:19:18.612+0000][1][safepoint    ] Safepoint "RevokeBias", Time since last: 306548982 ns, Reaching safepoint: 87252 ns, At safepoint: 25109 ns, Total: 112361 ns
[2020-09-11T17:19:18.620+0000][1][safepoint    ] Safepoint "RevokeBias", Time since last: 8714519 ns, Reaching safepoint: 91563 ns, At safepoint: 25850 ns, Total: 117413 ns
[2020-09-11T17:19:19.429+0000][1][gc,start     ] GC(156) Pause Young (Allocation Failure)
[2020-09-11T17:19:19.429+0000][1][gc,task      ] GC(156) Using 1 workers of 1 for evacuation
[2020-09-11T17:19:19.439+0000][1][gc,age       ] GC(156) Desired survivor size 4358144 bytes, new threshold 6 (max threshold 6)
[2020-09-11T17:19:19.439+0000][1][gc,age       ] GC(156) Age table with threshold 6 (max threshold 6)
[2020-09-11T17:19:19.439+0000][1][gc,age       ] GC(156) - age   1:     632464 bytes,     632464 total
[2020-09-11T17:19:19.439+0000][1][gc,age       ] GC(156) - age   2:      96656 bytes,     729120 total
[2020-09-11T17:19:19.439+0000][1][gc,age       ] GC(156) - age   3:      97600 bytes,     826720 total
[2020-09-11T17:19:19.439+0000][1][gc,age       ] GC(156) - age   4:      36896 bytes,     863616 total
[2020-09-11T17:19:19.439+0000][1][gc,age       ] GC(156) - age   5:     316376 bytes,    1179992 total
[2020-09-11T17:19:19.439+0000][1][gc,age       ] GC(156) - age   6:      89800 bytes,    1269792 total
[2020-09-11T17:19:19.439+0000][1][gc,heap      ] GC(156) ParNew: 70279K->1387K(76672K)
[2020-09-11T17:19:19.439+0000][1][gc,heap      ] GC(156) CMS: 113726K->113763K(439104K)
[2020-09-11T17:19:19.439+0000][1][gc,metaspace ] GC(156) Metaspace: 94975K->94975K(1136640K)
[2020-09-11T17:19:19.439+0000][1][gc           ] GC(156) Pause Young (Allocation Failure) 179M->112M(503M) 9.957ms
[2020-09-11T17:19:19.439+0000][1][gc,cpu       ] GC(156) User=0.01s Sys=0.00s Real=0.01s
[2020-09-11T17:19:19.439+0000][1][safepoint    ] Safepoint "GenCollectForAllocation", Time since last: 804771969 ns, Reaching safepoint: 3617586 ns, At safepoint: 10057810 ns, Total: 13675396 ns
[2020-09-11T17:19:19.531+0000][1][safepoint    ] Safepoint "RevokeBias", Time since last: 92329173 ns, Reaching safepoint: 91824 ns, At safepoint: 38293 ns, Total: 130117 ns
[2020-09-11T17:19:20.532+0000][1][safepoint    ] Safepoint "Cleanup", Time since last: 1000753482 ns, Reaching safepoint: 81518 ns, At safepoint: 21500 ns, Total: 103018 ns
[2020-09-11T17:19:21.532+0000][1][safepoint    ] Safepoint "Cleanup", Time since last: 1000118906 ns, Reaching safepoint: 84900 ns, At safepoint: 9759 ns, Total: 94659 ns
[2020-09-11T17:19:22.533+0000][1][safepoint    ] Safepoint "Cleanup", Time since last: 1000107321 ns, Reaching safepoint: 81190 ns, At safepoint: 7119 ns, Total: 88309 ns
[2020-09-11T17:19:23.533+0000][1][safepoint    ] Safepoint "Cleanup", Time since last: 1000219384 ns, Reaching safepoint: 95923 ns, At safepoint: 10315 ns, Total: 106238 ns
[2020-09-11T17:19:23.625+0000][1][safepoint    ] Safepoint "RevokeBias", Time since last: 92114815 ns, Reaching safepoint: 86550 ns, At safepoint: 23770 ns, Total: 110320 ns
[2020-09-11T17:19:23.641+0000][1][safepoint    ] Safepoint "RevokeBias", Time since last: 14999474 ns, Reaching safepoint: 337200 ns, At safepoint: 29678 ns, Total: 366878 ns
[2020-09-11T17:19:24.641+0000][1][safepoint    ] Safepoint "Cleanup", Time since last: 1000211548 ns, Reaching safepoint: 85592 ns, At safepoint: 9698 ns, Total: 95290 ns
[2020-09-11T17:19:24.809+0000][1][safepoint    ] Safepoint "RevokeBias", Time since last: 167840956 ns, Reaching safepoint: 110261 ns, At safepoint: 22862 ns, Total: 133123 ns
[2020-09-11T17:19:25.809+0000][1][safepoint    ] Safepoint "Cleanup", Time since last: 1000104610 ns, Reaching safepoint: 105411 ns, At safepoint: 9879 ns, Total: 115290 ns
[2020-09-11T17:19:26.809+0000][1][safepoint    ] Safepoint "Cleanup", Time since last: 1000114574 ns, Reaching safepoint: 87316 ns, At safepoint: 9716 ns, Total: 97032 ns
[2020-09-11T17:19:27.211+0000][1][safepoint    ] Safepoint "RevokeBias", Time since last: 402017651 ns, Reaching safepoint: 91312 ns, At safepoint: 24106 ns, Total: 115418 ns
[2020-09-11T17:19:28.212+0000][1][safepoint    ] Safepoint "Cleanup", Time since last: 1000108499 ns, Reaching safepoint: 86984 ns, At safepoint: 10612 ns, Total: 97596 ns
[2020-09-11T17:19:28.655+0000][1][safepoint    ] Safepoint "RevokeBias", Time since last: 443428759 ns, Reaching safepoint: 98311 ns, At safepoint: 25647 ns, Total: 123958 ns
[2020-09-11T17:19:28.658+0000][1][safepoint    ] Safepoint "RevokeBias", Time since last: 3060553 ns, Reaching safepoint: 88159 ns, At safepoint: 24475 ns, Total: 112634 ns
[2020-09-11T17:19:29.455+0000][1][safepoint    ] Safepoint "RevokeBias", Time since last: 796899268 ns, Reaching safepoint: 95118 ns, At safepoint: 22991 ns, Total: 118109 ns
[2020-09-11T17:19:30.456+0000][1][safepoint    ] Safepoint "Cleanup", Time since last: 1000108928 ns, Reaching safepoint: 85623 ns, At safepoint: 9872 ns, Total: 95495 ns
[2020-09-11T17:19:31.456+0000][1][safepoint    ] Safepoint "Cleanup", Time since last: 1000129841 ns, Reaching safepoint: 85867 ns, At safepoint: 10131 ns, Total: 95998 ns
[2020-09-11T17:19:32.456+0000][1][safepoint    ] Safepoint "Cleanup", Time since last: 1000116505 ns, Reaching safepoint: 88633 ns, At safepoint: 10599 ns, Total: 99232 ns
[2020-09-11T17:19:33.456+0000][1][safepoint    ] Safepoint "Cleanup", Time since last: 1000118237 ns, Reaching safepoint: 98427 ns, At safepoint: 10676 ns, Total: 109103 ns
[2020-09-11T17:19:33.674+0000][1][safepoint    ] Safepoint "RevokeBias", Time since last: 217523813 ns, Reaching safepoint: 87057 ns, At safepoint: 24414 ns, Total: 111471 ns
[2020-09-11T17:19:33.677+0000][1][safepoint    ] Safepoint "RevokeBias", Time since last: 3246701 ns, Reaching safepoint: 88664 ns, At safepoint: 24755 ns, Total: 113419 ns
[2020-09-11T17:19:34.677+0000][1][safepoint    ] Safepoint "Cleanup", Time since last: 1000107481 ns, Reaching safepoint: 103550 ns, At safepoint: 8589 ns, Total: 112139 ns
[2020-09-11T17:19:34.824+0000][1][safepoint    ] Safepoint "RevokeBias", Time since last: 145957879 ns, Reaching safepoint: 164481 ns, At safepoint: 37529 ns, Total: 202010 ns
[2020-09-11T17:19:35.824+0000][1][safepoint    ] Safepoint "Cleanup", Time since last: 1000105863 ns, Reaching safepoint: 83497 ns, At safepoint: 7103 ns, Total: 90600 ns
[2020-09-11T17:19:36.824+0000][1][safepoint    ] Safepoint "Cleanup", Time since last: 1000112980 ns, Reaching safepoint: 102100 ns, At safepoint: 9611 ns, Total: 111711 ns
[2020-09-11T17:19:37.244+0000][1][safepoint    ] Safepoint "RevokeBias", Time since last: 419569969 ns, Reaching safepoint: 89734 ns, At safepoint: 22165 ns, Total: 111899 ns
[2020-09-11T17:19:38.244+0000][1][safepoint    ] Safepoint "Cleanup", Time since last: 1000105941 ns, Reaching safepoint: 82596 ns, At safepoint: 6262 ns, Total: 88858 ns
[2020-09-11T17:19:38.719+0000][1][safepoint    ] Safepoint "RevokeBias", Time since last: 475438036 ns, Reaching safepoint: 93526 ns, At safepoint: 22629 ns, Total: 116155 ns
[2020-09-11T17:19:38.722+0000][1][safepoint    ] Safepoint "RevokeBias", Time since last: 2879490 ns, Reaching safepoint: 104308 ns, At safepoint: 22796 ns, Total: 127104 ns
[2020-09-11T17:19:39.446+0000][1][safepoint    ] Safepoint "RevokeBias", Time since last: 723405626 ns, Reaching safepoint: 88505 ns, At safepoint: 21295 ns, Total: 109800 ns
[2020-09-11T17:19:40.446+0000][1][safepoint    ] Safepoint "Cleanup", Time since last: 1000110497 ns, Reaching safepoint: 88163 ns, At safepoint: 9842 ns, Total: 98005 ns
[2020-09-11T17:19:41.446+0000][1][safepoint    ] Safepoint "Cleanup", Time since last: 1000114871 ns, Reaching safepoint: 82358 ns, At safepoint: 6732 ns, Total: 89090 ns
[2020-09-11T17:19:42.447+0000][1][safepoint    ] Safepoint "Cleanup", Time since last: 1000128680 ns, Reaching safepoint: 86162 ns, At safepoint: 9010 ns, Total: 95172 ns
[2020-09-11T17:19:43.155+0000][1][gc,start     ] GC(157) Pause Young (Allocation Failure)
[2020-09-11T17:19:43.155+0000][1][gc,task      ] GC(157) Using 1 workers of 1 for evacuation
[2020-09-11T17:19:43.164+0000][1][gc,age       ] GC(157) Desired survivor size 4358144 bytes, new threshold 6 (max threshold 6)
[2020-09-11T17:19:43.164+0000][1][gc,age       ] GC(157) Age table with threshold 6 (max threshold 6)
[2020-09-11T17:19:43.164+0000][1][gc,age       ] GC(157) - age   1:      79320 bytes,      79320 total
[2020-09-11T17:19:43.164+0000][1][gc,age       ] GC(157) - age   2:     560016 bytes,     639336 total
[2020-09-11T17:19:43.164+0000][1][gc,age       ] GC(157) - age   3:      94600 bytes,     733936 total
[2020-09-11T17:19:43.164+0000][1][gc,age       ] GC(157) - age   4:      97600 bytes,     831536 total
[2020-09-11T17:19:43.164+0000][1][gc,age       ] GC(157) - age   5:      36896 bytes,     868432 total
[2020-09-11T17:19:43.164+0000][1][gc,age       ] GC(157) - age   6:     316032 bytes,    1184464 total
[2020-09-11T17:19:43.164+0000][1][gc,heap      ] GC(157) ParNew: 69547K->2207K(76672K)
[2020-09-11T17:19:43.164+0000][1][gc,heap      ] GC(157) CMS: 113763K->113851K(439104K)
[2020-09-11T17:19:43.164+0000][1][gc,metaspace ] GC(157) Metaspace: 94982K->94982K(1136640K)
[2020-09-11T17:19:43.164+0000][1][gc           ] GC(157) Pause Young (Allocation Failure) 179M->113M(503M) 9.513ms
[2020-09-11T17:19:43.164+0000][1][gc,cpu       ] GC(157) User=0.00s Sys=0.00s Real=0.01s
[2020-09-11T17:19:43.164+0000][1][safepoint    ] Safepoint "GenCollectForAllocation", Time since last: 707912054 ns, Reaching safepoint: 158981 ns, At safepoint: 9590063 ns, Total: 9749044 ns
[2020-09-11T17:19:43.734+0000][1][safepoint    ] Safepoint "RevokeBias", Time since last: 569903634 ns, Reaching safepoint: 87946 ns, At safepoint: 36622 ns, Total: 124568 ns
[2020-09-11T17:19:43.738+0000][1][safepoint    ] Safepoint "RevokeBias", Time since last: 3477112 ns, Reaching safepoint: 87548 ns, At safepoint: 35002 ns, Total: 122550 ns
[2020-09-11T17:19:44.739+0000][1][safepoint    ] Safepoint "Cleanup", Time since last: 1000610213 ns, Reaching safepoint: 96936 ns, At safepoint: 22534 ns, Total: 119470 ns
[2020-09-11T17:19:44.842+0000][1][safepoint    ] Safepoint "RevokeBias", Time since last: 103170409 ns, Reaching safepoint: 87503 ns, At safepoint: 33047 ns, Total: 120550 ns
[2020-09-11T17:19:45.843+0000][1][safepoint    ] Safepoint "Cleanup", Time since last: 1000744606 ns, Reaching safepoint: 83293 ns, At safepoint: 22404 ns, Total: 105697 ns
[2020-09-11T17:19:46.843+0000][1][safepoint    ] Safepoint "Cleanup", Time since last: 1000107746 ns, Reaching safepoint: 85696 ns, At safepoint: 22994 ns, Total: 108690 ns
[2020-09-11T17:19:47.202+0000][1][safepoint    ] Safepoint "RevokeBias", Time since last: 359010623 ns, Reaching safepoint: 93527 ns, At safepoint: 21673 ns, Total: 115200 ns
[2020-09-11T17:19:48.202+0000][1][safepoint    ] Safepoint "Cleanup", Time since last: 1000104920 ns, Reaching safepoint: 82599 ns, At safepoint: 6769 ns, Total: 89368 ns
[2020-09-11T17:19:48.753+0000][1][safepoint    ] Safepoint "RevokeBias", Time since last: 550183918 ns, Reaching safepoint: 86434 ns, At safepoint: 25906 ns, Total: 112340 ns
[2020-09-11T17:19:48.760+0000][1][safepoint    ] Safepoint "RevokeBias", Time since last: 7452495 ns, Reaching safepoint: 128704 ns, At safepoint: 25360 ns, Total: 154064 ns
[2020-09-11T17:19:49.471+0000][1][safepoint    ] Safepoint "RevokeBias", Time since last: 710315208 ns, Reaching safepoint: 89321 ns, At safepoint: 22082 ns, Total: 111403 ns
[2020-09-11T17:19:50.471+0000][1][safepoint    ] Safepoint "Cleanup", Time since last: 1000109667 ns, Reaching safepoint: 85387 ns, At safepoint: 8827 ns, Total: 94214 ns
[2020-09-11T17:19:51.471+0000][1][safepoint    ] Safepoint "Cleanup", Time since last: 1000107159 ns, Reaching safepoint: 83686 ns, At safepoint: 8013 ns, Total: 91699 ns
[2020-09-11T17:19:52.471+0000][1][safepoint    ] Safepoint "Cleanup", Time since last: 1000112845 ns, Reaching safepoint: 88054 ns, At safepoint: 9031 ns, Total: 97085 ns
[2020-09-11T17:19:53.471+0000][1][safepoint    ] Safepoint "Cleanup", Time since last: 1000110210 ns, Reaching safepoint: 85307 ns, At safepoint: 6699 ns, Total: 92006 ns
[2020-09-11T17:19:53.777+0000][1][safepoint    ] Safepoint "RevokeBias", Time since last: 305235354 ns, Reaching safepoint: 138347 ns, At safepoint: 27604 ns, Total: 165951 ns
[2020-09-11T17:19:53.781+0000][1][safepoint    ] Safepoint "RevokeBias", Time since last: 4056969 ns, Reaching safepoint: 89524 ns, At safepoint: 33996 ns, Total: 123520 ns
[2020-09-11T17:19:54.781+0000][1][safepoint    ] Safepoint "Cleanup", Time since last: 1000108545 ns, Reaching safepoint: 83037 ns, At safepoint: 8566 ns, Total: 91603 ns
[2020-09-11T17:19:54.817+0000][1][safepoint    ] Safepoint "RevokeBias", Time since last: 35404402 ns, Reaching safepoint: 193838 ns, At safepoint: 23895 ns, Total: 217733 ns
[2020-09-11T17:19:55.817+0000][1][safepoint    ] Safepoint "Cleanup", Time since last: 1000105788 ns, Reaching safepoint: 89100 ns, At safepoint: 10288 ns, Total: 99388 ns
[2020-09-11T17:19:56.817+0000][1][safepoint    ] Safepoint "Cleanup", Time since last: 1000111190 ns, Reaching safepoint: 85047 ns, At safepoint: 10050 ns, Total: 95097 ns
[2020-09-11T17:19:57.333+0000][1][safepoint    ] Safepoint "RevokeBias", Time since last: 515706114 ns, Reaching safepoint: 100598 ns, At safepoint: 25946 ns, Total: 126544 ns
[2020-09-11T17:19:58.333+0000][1][safepoint    ] Safepoint "Cleanup", Time since last: 1000108622 ns, Reaching safepoint: 87841 ns, At safepoint: 9618 ns, Total: 97459 ns
[2020-09-11T17:19:58.796+0000][1][safepoint    ] Safepoint "RevokeBias", Time since last: 462090928 ns, Reaching safepoint: 90495 ns, At safepoint: 24458 ns, Total: 114953 ns
[2020-09-11T17:19:58.799+0000][1][safepoint    ] Safepoint "RevokeBias", Time since last: 3346150 ns, Reaching safepoint: 88248 ns, At safepoint: 24426 ns, Total: 112674 ns
[2020-09-11T17:19:59.512+0000][1][safepoint    ] Safepoint "RevokeBias", Time since last: 713322130 ns, Reaching safepoint: 102811 ns, At safepoint: 25444 ns, Total: 128255 ns
[2020-09-11T17:20:00.513+0000][1][safepoint    ] Safepoint "Cleanup", Time since last: 1000113589 ns, Reaching safepoint: 84463 ns, At safepoint: 10346 ns, Total: 94809 ns
[2020-09-11T17:20:01.022+0000][1][gc,start     ] GC(158) Pause Young (Allocation Failure)
[2020-09-11T17:20:01.022+0000][1][gc,task      ] GC(158) Using 1 workers of 1 for evacuation
[2020-09-11T17:20:01.027+0000][1][gc,age       ] GC(158) Desired survivor size 4358144 bytes, new threshold 6 (max threshold 6)
[2020-09-11T17:20:01.028+0000][1][gc,age       ] GC(158) Age table with threshold 6 (max threshold 6)
[2020-09-11T17:20:01.028+0000][1][gc,age       ] GC(158) - age   1:     205088 bytes,     205088 total
[2020-09-11T17:20:01.028+0000][1][gc,age       ] GC(158) - age   2:      26760 bytes,     231848 total
[2020-09-11T17:20:01.028+0000][1][gc,age       ] GC(158) - age   3:     558232 bytes,     790080 total
[2020-09-11T17:20:01.028+0000][1][gc,age       ] GC(158) - age   4:      94600 bytes,     884680 total
[2020-09-11T17:20:01.028+0000][1][gc,age       ] GC(158) - age   5:      97568 bytes,     982248 total
[2020-09-11T17:20:01.028+0000][1][gc,age       ] GC(158) - age   6:      36896 bytes,    1019144 total
[2020-09-11T17:20:01.028+0000][1][gc,heap      ] GC(158) ParNew: 70338K->1419K(76672K)
[2020-09-11T17:20:01.028+0000][1][gc,heap      ] GC(158) CMS: 113851K->114054K(439104K)
[2020-09-11T17:20:01.028+0000][1][gc,metaspace ] GC(158) Metaspace: 94982K->94982K(1136640K)
[2020-09-11T17:20:01.028+0000][1][gc           ] GC(158) Pause Young (Allocation Failure) 179M->112M(503M) 5.249ms
[2020-09-11T17:20:01.028+0000][1][gc,cpu       ] GC(158) User=0.01s Sys=0.00s Real=0.00s
[2020-09-11T17:20:01.033+0000][1][safepoint    ] Safepoint "GenCollectForAllocation", Time since last: 509576069 ns, Reaching safepoint: 159712 ns, At safepoint: 10432150 ns, Total: 10591862 ns
[2020-09-11T17:20:03.814+0000][1][safepoint    ] Safepoint "RevokeBias", Time since last: 2780742276 ns, Reaching safepoint: 87258 ns, At safepoint: 23058 ns, Total: 110316 ns
[2020-09-11T17:20:03.821+0000][1][safepoint    ] Safepoint "RevokeBias", Time since last: 7334957 ns, Reaching safepoint: 170903 ns, At safepoint: 26774 ns, Total: 197677 ns
[2020-09-11T17:20:04.812+0000][1][safepoint    ] Safepoint "RevokeBias", Time since last: 990923333 ns, Reaching safepoint: 166625 ns, At safepoint: 36574 ns, Total: 203199 ns
[2020-09-11T17:20:07.251+0000][1][safepoint    ] Safepoint "RevokeBias", Time since last: 2438474167 ns, Reaching safepoint: 88176 ns, At safepoint: 25600 ns, Total: 113776 ns
[2020-09-11T17:20:08.826+0000][1][safepoint    ] Safepoint "RevokeBias", Time since last: 1574217268 ns, Reaching safepoint: 238007 ns, At safepoint: 306969 ns, Total: 544976 ns
[2020-09-11T17:20:08.834+0000][1][safepoint    ] Safepoint "RevokeBias", Time since last: 7929965 ns, Reaching safepoint: 175782 ns, At safepoint: 44742 ns, Total: 220524 ns
[2020-09-11T17:20:09.454+0000][1][safepoint    ] Safepoint "RevokeBias", Time since last: 620573324 ns, Reaching safepoint: 91205 ns, At safepoint: 21795 ns, Total: 113000 ns
[2020-09-11T17:20:13.846+0000][1][safepoint    ] Safepoint "RevokeBias", Time since last: 4391727910 ns, Reaching safepoint: 117385 ns, At safepoint: 26494 ns, Total: 143879 ns
[2020-09-11T17:20:13.850+0000][1][safepoint    ] Safepoint "RevokeBias", Time since last: 3067559 ns, Reaching safepoint: 89409 ns, At safepoint: 23534 ns, Total: 112943 ns
[2020-09-11T17:20:14.850+0000][1][safepoint    ] Safepoint "Cleanup", Time since last: 1000108110 ns, Reaching safepoint: 131874 ns, At safepoint: 9423 ns, Total: 141297 ns
[2020-09-11T17:20:14.858+0000][1][safepoint    ] Safepoint "RevokeBias", Time since last: 7600367 ns, Reaching safepoint: 168142 ns, At safepoint: 27185 ns, Total: 195327 ns
[2020-09-11T17:20:15.858+0000][1][safepoint    ] Safepoint "Cleanup", Time since last: 1000104324 ns, Reaching safepoint: 83035 ns, At safepoint: 6836 ns, Total: 89871 ns
[2020-09-11T17:20:16.858+0000][1][safepoint    ] Safepoint "Cleanup", Time since last: 1000101897 ns, Reaching safepoint: 85164 ns, At safepoint: 9166 ns, Total: 94330 ns
[2020-09-11T17:20:17.168+0000][1][safepoint    ] Safepoint "RevokeBias", Time since last: 309681818 ns, Reaching safepoint: 93587 ns, At safepoint: 22779 ns, Total: 116366 ns
[2020-09-11T17:20:18.168+0000][1][safepoint    ] Safepoint "Cleanup", Time since last: 1000112531 ns, Reaching safepoint: 86200 ns, At safepoint: 9816 ns, Total: 96016 ns
[2020-09-11T17:20:18.865+0000][1][safepoint    ] Safepoint "RevokeBias", Time since last: 696477706 ns, Reaching safepoint: 91640 ns, At safepoint: 23787 ns, Total: 115427 ns
[2020-09-11T17:20:18.869+0000][1][safepoint    ] Safepoint "RevokeBias", Time since last: 3914750 ns, Reaching safepoint: 90998 ns, At safepoint: 25694 ns, Total: 116692 ns
[2020-09-11T17:20:19.461+0000][1][safepoint    ] Safepoint "RevokeBias", Time since last: 592356151 ns, Reaching safepoint: 87351 ns, At safepoint: 21171 ns, Total: 108522 ns
[2020-09-11T17:20:20.461+0000][1][safepoint    ] Safepoint "Cleanup", Time since last: 1000106935 ns, Reaching safepoint: 82491 ns, At safepoint: 7254 ns, Total: 89745 ns
[2020-09-11T17:20:21.461+0000][1][safepoint    ] Safepoint "Cleanup", Time since last: 1000111759 ns, Reaching safepoint: 86111 ns, At safepoint: 9767 ns, Total: 95878 ns
[2020-09-11T17:20:22.462+0000][1][safepoint    ] Safepoint "Cleanup", Time since last: 1000115366 ns, Reaching safepoint: 87169 ns, At safepoint: 9588 ns, Total: 96757 ns
[2020-09-11T17:20:23.198+0000][1][gc,start     ] GC(159) Pause Young (Allocation Failure)
[2020-09-11T17:20:23.198+0000][1][gc,task      ] GC(159) Using 1 workers of 1 for evacuation
[2020-09-11T17:20:23.204+0000][1][gc,age       ] GC(159) Desired survivor size 4358144 bytes, new threshold 6 (max threshold 6)
[2020-09-11T17:20:23.204+0000][1][gc,age       ] GC(159) Age table with threshold 6 (max threshold 6)
[2020-09-11T17:20:23.204+0000][1][gc,age       ] GC(159) - age   1:     295600 bytes,     295600 total
[2020-09-11T17:20:23.204+0000][1][gc,age       ] GC(159) - age   2:     154848 bytes,     450448 total
[2020-09-11T17:20:23.204+0000][1][gc,age       ] GC(159) - age   3:      22776 bytes,     473224 total
[2020-09-11T17:20:23.204+0000][1][gc,age       ] GC(159) - age   4:     557944 bytes,    1031168 total
[2020-09-11T17:20:23.204+0000][1][gc,age       ] GC(159) - age   5:      94600 bytes,    1125768 total
[2020-09-11T17:20:23.204+0000][1][gc,age       ] GC(159) - age   6:      97568 bytes,    1223336 total
[2020-09-11T17:20:23.204+0000][1][gc,heap      ] GC(159) ParNew: 69579K->1847K(76672K)
[2020-09-11T17:20:23.204+0000][1][gc,heap      ] GC(159) CMS: 114054K->114090K(439104K)
[2020-09-11T17:20:23.204+0000][1][gc,metaspace ] GC(159) Metaspace: 94989K->94989K(1136640K)
[2020-09-11T17:20:23.204+0000][1][gc           ] GC(159) Pause Young (Allocation Failure) 179M->113M(503M) 6.127ms
[2020-09-11T17:20:23.204+0000][1][gc,cpu       ] GC(159) User=0.01s Sys=0.00s Real=0.01s
[2020-09-11T17:20:23.229+0000][1][safepoint    ] Safepoint "GenCollectForAllocation", Time since last: 736099996 ns, Reaching safepoint: 162361 ns, At safepoint: 30878412 ns, Total: 31040773 ns
[2020-09-11T17:20:23.880+0000][1][safepoint    ] Safepoint "RevokeBias", Time since last: 651388643 ns, Reaching safepoint: 90592 ns, At safepoint: 36996 ns, Total: 127588 ns
[2020-09-11T17:20:23.885+0000][1][safepoint    ] Safepoint "BulkRevokeBias", Time since last: 4157204 ns, Reaching safepoint: 92134 ns, At safepoint: 286049 ns, Total: 378183 ns
[2020-09-11T17:20:24.886+0000][1][safepoint    ] Safepoint "Cleanup", Time since last: 1000647961 ns, Reaching safepoint: 132918 ns, At safepoint: 22519 ns, Total: 155437 ns
[2020-09-11T17:20:24.949+0000][1][safepoint    ] Safepoint "RevokeBias", Time since last: 63402311 ns, Reaching safepoint: 85461 ns, At safepoint: 35458 ns, Total: 120919 ns
[2020-09-11T17:20:25.950+0000][1][safepoint    ] Safepoint "Cleanup", Time since last: 1000805716 ns, Reaching safepoint: 86108 ns, At safepoint: 20800 ns, Total: 106908 ns
[2020-09-11T17:20:26.950+0000][1][safepoint    ] Safepoint "Cleanup", Time since last: 1000113258 ns, Reaching safepoint: 86127 ns, At safepoint: 22295 ns, Total: 108422 ns
[2020-09-11T17:20:27.256+0000][1][safepoint    ] Safepoint "RevokeBias", Time since last: 305589474 ns, Reaching safepoint: 94447 ns, At safepoint: 26014 ns, Total: 120461 ns
[2020-09-11T17:20:28.257+0000][1][safepoint    ] Safepoint "Cleanup", Time since last: 1000712114 ns, Reaching safepoint: 90300 ns, At safepoint: 7533 ns, Total: 97833 ns
[2020-09-11T17:20:28.899+0000][1][safepoint    ] Safepoint "RevokeBias", Time since last: 642310879 ns, Reaching safepoint: 89009 ns, At safepoint: 27462 ns, Total: 116471 ns
[2020-09-11T17:20:28.903+0000][1][safepoint    ] Safepoint "RevokeBias", Time since last: 3963101 ns, Reaching safepoint: 92137 ns, At safepoint: 24940 ns, Total: 117077 ns
[2020-09-11T17:20:29.502+0000][1][safepoint    ] Safepoint "RevokeBias", Time since last: 598346673 ns, Reaching safepoint: 90238 ns, At safepoint: 21304 ns, Total: 111542 ns
[2020-09-11T17:20:30.502+0000][1][safepoint    ] Safepoint "Cleanup", Time since last: 1000107272 ns, Reaching safepoint: 86256 ns, At safepoint: 9107 ns, Total: 95363 ns
[2020-09-11T17:20:31.502+0000][1][safepoint    ] Safepoint "Cleanup", Time since last: 1000110288 ns, Reaching safepoint: 84208 ns, At safepoint: 8871 ns, Total: 93079 ns
[2020-09-11T17:20:32.502+0000][1][safepoint    ] Safepoint "Cleanup", Time since last: 1000111580 ns, Reaching safepoint: 85525 ns, At safepoint: 8925 ns, Total: 94450 ns
[2020-09-11T17:20:33.503+0000][1][safepoint    ] Safepoint "Cleanup", Time since last: 1000106955 ns, Reaching safepoint: 92252 ns, At safepoint: 8953 ns, Total: 101205 ns
[2020-09-11T17:20:33.912+0000][1][safepoint    ] Safepoint "RevokeBias", Time since last: 408938559 ns, Reaching safepoint: 88071 ns, At safepoint: 24867 ns, Total: 112938 ns
[2020-09-11T17:20:33.916+0000][1][safepoint    ] Safepoint "RevokeBias", Time since last: 4200549 ns, Reaching safepoint: 93295 ns, At safepoint: 25691 ns, Total: 118986 ns
[2020-09-11T17:20:34.908+0000][1][safepoint    ] Safepoint "RevokeBias", Time since last: 991754923 ns, Reaching safepoint: 178004 ns, At safepoint: 23069 ns, Total: 201073 ns
[2020-09-11T17:20:35.908+0000][1][safepoint    ] Safepoint "Cleanup", Time since last: 1000103386 ns, Reaching safepoint: 104706 ns, At safepoint: 8672 ns, Total: 113378 ns
[2020-09-11T17:20:36.908+0000][1][safepoint    ] Safepoint "Cleanup", Time since last: 1000104330 ns, Reaching safepoint: 83653 ns, At safepoint: 8325 ns, Total: 91978 ns
[2020-09-11T17:20:37.238+0000][1][safepoint    ] Safepoint "RevokeBias", Time since last: 329602971 ns, Reaching safepoint: 105279 ns, At safepoint: 21594 ns, Total: 126873 ns
[2020-09-11T17:20:38.238+0000][1][safepoint    ] Safepoint "Cleanup", Time since last: 1000109477 ns, Reaching safepoint: 86515 ns, At safepoint: 10616 ns, Total: 97131 ns
[2020-09-11T17:20:38.928+0000][1][safepoint    ] Safepoint "RevokeBias", Time since last: 689208104 ns, Reaching safepoint: 91022 ns, At safepoint: 24965 ns, Total: 115987 ns
[2020-09-11T17:20:38.931+0000][1][safepoint    ] Safepoint "RevokeBias", Time since last: 3673312 ns, Reaching safepoint: 90318 ns, At safepoint: 24479 ns, Total: 114797 ns
[2020-09-11T17:20:39.523+0000][1][safepoint    ] Safepoint "RevokeBias", Time since last: 591696212 ns, Reaching safepoint: 105846 ns, At safepoint: 22784 ns, Total: 128630 ns
[2020-09-11T17:20:40.523+0000][1][safepoint    ] Safepoint "Cleanup", Time since last: 1000108400 ns, Reaching safepoint: 84897 ns, At safepoint: 8794 ns, Total: 93691 ns
[2020-09-11T17:20:41.524+0000][1][safepoint    ] Safepoint "Cleanup", Time since last: 1000111997 ns, Reaching safepoint: 86474 ns, At safepoint: 9451 ns, Total: 95925 ns
[2020-09-11T17:20:42.524+0000][1][safepoint    ] Safepoint "Cleanup", Time since last: 1000113311 ns, Reaching safepoint: 86900 ns, At safepoint: 9605 ns, Total: 96505 ns
[2020-09-11T17:20:43.524+0000][1][safepoint    ] Safepoint "Cleanup", Time since last: 1000113346 ns, Reaching safepoint: 85327 ns, At safepoint: 9982 ns, Total: 95309 ns
[2020-09-11T17:20:43.945+0000][1][safepoint    ] Safepoint "RevokeBias", Time since last: 420801286 ns, Reaching safepoint: 159969 ns, At safepoint: 28491 ns, Total: 188460 ns
[2020-09-11T17:20:43.952+0000][1][safepoint    ] Safepoint "RevokeBias", Time since last: 6960139 ns, Reaching safepoint: 87068 ns, At safepoint: 21593 ns, Total: 108661 ns
[2020-09-11T17:20:44.879+0000][1][safepoint    ] Safepoint "RevokeBias", Time since last: 926290618 ns, Reaching safepoint: 164056 ns, At safepoint: 21973 ns, Total: 186029 ns
[2020-09-11T17:20:45.879+0000][1][safepoint    ] Safepoint "Cleanup", Time since last: 1000107517 ns, Reaching safepoint: 85971 ns, At safepoint: 10276 ns, Total: 96247 ns
[2020-09-11T17:20:46.879+0000][1][safepoint    ] Safepoint "Cleanup", Time since last: 1000117226 ns, Reaching safepoint: 82484 ns, At safepoint: 7358 ns, Total: 89842 ns
[2020-09-11T17:20:46.981+0000][1][gc,start     ] GC(160) Pause Young (Allocation Failure)
[2020-09-11T17:20:46.981+0000][1][gc,task      ] GC(160) Using 1 workers of 1 for evacuation
[2020-09-11T17:20:46.998+0000][1][gc,age       ] GC(160) Desired survivor size 4358144 bytes, new threshold 6 (max threshold 6)
[2020-09-11T17:20:46.998+0000][1][gc,age       ] GC(160) Age table with threshold 6 (max threshold 6)
[2020-09-11T17:20:46.998+0000][1][gc,age       ] GC(160) - age   1:     174280 bytes,     174280 total
[2020-09-11T17:20:46.998+0000][1][gc,age       ] GC(160) - age   2:     221440 bytes,     395720 total
[2020-09-11T17:20:46.998+0000][1][gc,age       ] GC(160) - age   3:     152792 bytes,     548512 total
[2020-09-11T17:20:46.998+0000][1][gc,age       ] GC(160) - age   4:      22776 bytes,     571288 total
[2020-09-11T17:20:46.998+0000][1][gc,age       ] GC(160) - age   5:     557944 bytes,    1129232 total
[2020-09-11T17:20:46.998+0000][1][gc,age       ] GC(160) - age   6:      94600 bytes,    1223832 total
[2020-09-11T17:20:46.998+0000][1][gc,heap      ] GC(160) ParNew: 70007K->2253K(76672K)
[2020-09-11T17:20:46.998+0000][1][gc,heap      ] GC(160) CMS: 114090K->114185K(439104K)
[2020-09-11T17:20:46.998+0000][1][gc,metaspace ] GC(160) Metaspace: 94994K->94994K(1136640K)
[2020-09-11T17:20:46.998+0000][1][gc           ] GC(160) Pause Young (Allocation Failure) 179M->113M(503M) 16.955ms
[2020-09-11T17:20:46.998+0000][1][gc,cpu       ] GC(160) User=0.01s Sys=0.00s Real=0.01s
[2020-09-11T17:20:47.001+0000][1][safepoint    ] Safepoint "GenCollectForAllocation", Time since last: 100898428 ns, Reaching safepoint: 892996 ns, At safepoint: 20036710 ns, Total: 20929706 ns
[2020-09-11T17:20:47.235+0000][1][safepoint    ] Safepoint "BulkRevokeBias", Time since last: 233517430 ns, Reaching safepoint: 93615 ns, At safepoint: 259710 ns, Total: 353325 ns
[2020-09-11T17:20:48.237+0000][1][safepoint    ] Safepoint "Cleanup", Time since last: 1000579346 ns, Reaching safepoint: 1224218 ns, At safepoint: 11313 ns, Total: 1235531 ns
[2020-09-11T17:20:48.975+0000][1][safepoint    ] Safepoint "RevokeBias", Time since last: 738015232 ns, Reaching safepoint: 86214 ns, At safepoint: 22141 ns, Total: 108355 ns
[2020-09-11T17:20:48.983+0000][1][safepoint    ] Safepoint "RevokeBias", Time since last: 7853205 ns, Reaching safepoint: 88225 ns, At safepoint: 20753 ns, Total: 108978 ns
[2020-09-11T17:20:49.484+0000][1][safepoint    ] Safepoint "RevokeBias", Time since last: 500828604 ns, Reaching safepoint: 93401 ns, At safepoint: 21640 ns, Total: 115041 ns
[2020-09-11T17:20:50.484+0000][1][safepoint    ] Safepoint "Cleanup", Time since last: 1000107729 ns, Reaching safepoint: 85415 ns, At safepoint: 9367 ns, Total: 94782 ns
[2020-09-11T17:20:51.484+0000][1][safepoint    ] Safepoint "Cleanup", Time since last: 1000110480 ns, Reaching safepoint: 81161 ns, At safepoint: 6112 ns, Total: 87273 ns
[2020-09-11T17:20:52.484+0000][1][safepoint    ] Safepoint "Cleanup", Time since last: 1000114175 ns, Reaching safepoint: 84498 ns, At safepoint: 10211 ns, Total: 94709 ns
[2020-09-11T17:20:53.484+0000][1][safepoint    ] Safepoint "Cleanup", Time since last: 1000125597 ns, Reaching safepoint: 86796 ns, At safepoint: 9273 ns, Total: 96069 ns
[2020-09-11T17:20:53.993+0000][1][safepoint    ] Safepoint "RevokeBias", Time since last: 502228447 ns, Reaching safepoint: 6209639 ns, At safepoint: 33653 ns, Total: 6243292 ns
[2020-09-11T17:20:54.013+0000][1][safepoint    ] Safepoint "RevokeBias", Time since last: 18953280 ns, Reaching safepoint: 1001836 ns, At safepoint: 25394 ns, Total: 1027230 ns
[2020-09-11T17:20:54.913+0000][1][safepoint    ] Safepoint "RevokeBias", Time since last: 900329193 ns, Reaching safepoint: 88967 ns, At safepoint: 21727 ns, Total: 110694 ns
[2020-09-11T17:20:55.914+0000][1][safepoint    ] Safepoint "Cleanup", Time since last: 1000105349 ns, Reaching safepoint: 83994 ns, At safepoint: 8778 ns, Total: 92772 ns
[2020-09-11T17:20:56.914+0000][1][safepoint    ] Safepoint "Cleanup", Time since last: 1000114961 ns, Reaching safepoint: 85986 ns, At safepoint: 9244 ns, Total: 95230 ns
[2020-09-11T17:20:57.264+0000][1][safepoint    ] Safepoint "RevokeBias", Time since last: 350195909 ns, Reaching safepoint: 87875 ns, At safepoint: 21892 ns, Total: 109767 ns
[2020-09-11T17:20:58.264+0000][1][safepoint    ] Safepoint "Cleanup", Time since last: 1000109964 ns, Reaching safepoint: 166664 ns, At safepoint: 11270 ns, Total: 177934 ns
[2020-09-11T17:20:59.020+0000][1][safepoint    ] Safepoint "RevokeBias", Time since last: 755410995 ns, Reaching safepoint: 89175 ns, At safepoint: 24258 ns, Total: 113433 ns
[2020-09-11T17:20:59.037+0000][1][safepoint    ] Safepoint "RevokeBias", Time since last: 16671959 ns, Reaching safepoint: 88375 ns, At safepoint: 22634 ns, Total: 111009 ns
[2020-09-11T17:20:59.449+0000][1][safepoint    ] Safepoint "RevokeBias", Time since last: 412312029 ns, Reaching safepoint: 93127 ns, At safepoint: 22195 ns, Total: 115322 ns
[2020-09-11T17:21:00.449+0000][1][safepoint    ] Safepoint "Cleanup", Time since last: 1000105932 ns, Reaching safepoint: 85089 ns, At safepoint: 7400 ns, Total: 92489 ns
[2020-09-11T17:21:01.449+0000][1][safepoint    ] Safepoint "Cleanup", Time since last: 1000112182 ns, Reaching safepoint: 85919 ns, At safepoint: 10021 ns, Total: 95940 ns
[2020-09-11T17:21:02.450+0000][1][safepoint    ] Safepoint "Cleanup", Time since last: 1000110062 ns, Reaching safepoint: 84008 ns, At safepoint: 6598 ns, Total: 90606 ns
[2020-09-11T17:21:03.450+0000][1][safepoint    ] Safepoint "Cleanup", Time since last: 1000108506 ns, Reaching safepoint: 84364 ns, At safepoint: 10415 ns, Total: 94779 ns
[2020-09-11T17:21:04.030+0000][1][safepoint    ] Safepoint "RevokeBias", Time since last: 579958191 ns, Reaching safepoint: 93992 ns, At safepoint: 24399 ns, Total: 118391 ns
[2020-09-11T17:21:04.045+0000][1][safepoint    ] Safepoint "RevokeBias", Time since last: 15344857 ns, Reaching safepoint: 85757 ns, At safepoint: 21332 ns, Total: 107089 ns
[2020-09-11T17:21:04.932+0000][1][safepoint    ] Safepoint "RevokeBias", Time since last: 886470888 ns, Reaching safepoint: 166970 ns, At safepoint: 23102 ns, Total: 190072 ns
[2020-09-11T17:21:05.932+0000][1][safepoint    ] Safepoint "Cleanup", Time since last: 1000119252 ns, Reaching safepoint: 88389 ns, At safepoint: 9927 ns, Total: 98316 ns
[2020-09-11T17:21:06.274+0000][1][gc,start     ] GC(161) Pause Young (Allocation Failure)
[2020-09-11T17:21:06.274+0000][1][gc,task      ] GC(161) Using 1 workers of 1 for evacuation
[2020-09-11T17:21:06.283+0000][1][gc,age       ] GC(161) Desired survivor size 4358144 bytes, new threshold 6 (max threshold 6)
[2020-09-11T17:21:06.283+0000][1][gc,age       ] GC(161) Age table with threshold 6 (max threshold 6)
[2020-09-11T17:21:06.283+0000][1][gc,age       ] GC(161) - age   1:      84672 bytes,      84672 total
[2020-09-11T17:21:06.283+0000][1][gc,age       ] GC(161) - age   2:     104144 bytes,     188816 total
[2020-09-11T17:21:06.283+0000][1][gc,age       ] GC(161) - age   3:     221072 bytes,     409888 total
[2020-09-11T17:21:06.283+0000][1][gc,age       ] GC(161) - age   4:     152792 bytes,     562680 total
[2020-09-11T17:21:06.283+0000][1][gc,age       ] GC(161) - age   5:      22776 bytes,     585456 total
[2020-09-11T17:21:06.283+0000][1][gc,age       ] GC(161) - age   6:     557944 bytes,    1143400 total
[2020-09-11T17:21:06.283+0000][1][gc,heap      ] GC(161) ParNew: 70413K->1459K(76672K)
[2020-09-11T17:21:06.283+0000][1][gc,heap      ] GC(161) CMS: 114185K->114277K(439104K)
[2020-09-11T17:21:06.283+0000][1][gc,metaspace ] GC(161) Metaspace: 95003K->95003K(1136640K)
[2020-09-11T17:21:06.283+0000][1][gc           ] GC(161) Pause Young (Allocation Failure) 180M->113M(503M) 9.467ms
[2020-09-11T17:21:06.283+0000][1][gc,cpu       ] GC(161) User=0.00s Sys=0.00s Real=0.01s
[2020-09-11T17:21:06.295+0000][1][safepoint    ] Safepoint "GenCollectForAllocation", Time since last: 341501319 ns, Reaching safepoint: 197745 ns, At safepoint: 21261322 ns, Total: 21459067 ns
[2020-09-11T17:21:07.287+0000][1][safepoint    ] Safepoint "RevokeBias", Time since last: 991880394 ns, Reaching safepoint: 90250 ns, At safepoint: 21054 ns, Total: 111304 ns
[2020-09-11T17:21:08.287+0000][1][safepoint    ] Safepoint "Cleanup", Time since last: 1000109393 ns, Reaching safepoint: 83197 ns, At safepoint: 9872 ns, Total: 93069 ns
[2020-09-11T17:21:09.040+0000][1][safepoint    ] Safepoint "RevokeBias", Time since last: 752946502 ns, Reaching safepoint: 88624 ns, At safepoint: 24105 ns, Total: 112729 ns
[2020-09-11T17:21:09.055+0000][1][safepoint    ] Safepoint "RevokeBias", Time since last: 14812788 ns, Reaching safepoint: 87497 ns, At safepoint: 21205 ns, Total: 108702 ns
[2020-09-11T17:21:09.490+0000][1][safepoint    ] Safepoint "RevokeBias", Time since last: 434066635 ns, Reaching safepoint: 88016 ns, At safepoint: 24134 ns, Total: 112150 ns
[2020-09-11T17:21:10.490+0000][1][safepoint    ] Safepoint "Cleanup", Time since last: 1000108232 ns, Reaching safepoint: 104970 ns, At safepoint: 10841 ns, Total: 115811 ns
[2020-09-11T17:21:11.490+0000][1][safepoint    ] Safepoint "Cleanup", Time since last: 1000114490 ns, Reaching safepoint: 86145 ns, At safepoint: 9824 ns, Total: 95969 ns
[2020-09-11T17:21:12.490+0000][1][safepoint    ] Safepoint "Cleanup", Time since last: 1000114213 ns, Reaching safepoint: 85642 ns, At safepoint: 9415 ns, Total: 95057 ns
[2020-09-11T17:21:13.490+0000][1][safepoint    ] Safepoint "Cleanup", Time since last: 1000114313 ns, Reaching safepoint: 86296 ns, At safepoint: 9350 ns, Total: 95646 ns
[2020-09-11T17:21:14.068+0000][1][safepoint    ] Safepoint "RevokeBias", Time since last: 577091003 ns, Reaching safepoint: 88661 ns, At safepoint: 25607 ns, Total: 114268 ns
[2020-09-11T17:21:14.072+0000][1][safepoint    ] Safepoint "RevokeBias", Time since last: 4710438 ns, Reaching safepoint: 88879 ns, At safepoint: 25026 ns, Total: 113905 ns
[2020-09-11T17:21:14.882+0000][1][safepoint    ] Safepoint "RevokeBias", Time since last: 809507647 ns, Reaching safepoint: 164448 ns, At safepoint: 22506 ns, Total: 186954 ns
[2020-09-11T17:21:15.882+0000][1][safepoint    ] Safepoint "Cleanup", Time since last: 1000107630 ns, Reaching safepoint: 86664 ns, At safepoint: 9734 ns, Total: 96398 ns
[2020-09-11T17:21:16.883+0000][1][safepoint    ] Safepoint "Cleanup", Time since last: 1000112171 ns, Reaching safepoint: 86681 ns, At safepoint: 8931 ns, Total: 95612 ns
[2020-09-11T17:21:17.288+0000][1][safepoint    ] Safepoint "RevokeBias", Time since last: 405091712 ns, Reaching safepoint: 88829 ns, At safepoint: 22252 ns, Total: 111081 ns
[2020-09-11T17:21:18.288+0000][1][safepoint    ] Safepoint "Cleanup", Time since last: 1000106246 ns, Reaching safepoint: 82061 ns, At safepoint: 8589 ns, Total: 90650 ns
[2020-09-11T17:21:19.087+0000][1][safepoint    ] Safepoint "RevokeBias", Time since last: 799229054 ns, Reaching safepoint: 98797 ns, At safepoint: 26113 ns, Total: 124910 ns
[2020-09-11T17:21:19.090+0000][1][safepoint    ] Safepoint "RevokeBias", Time since last: 3006377 ns, Reaching safepoint: 85954 ns, At safepoint: 23255 ns, Total: 109209 ns
[2020-09-11T17:21:19.446+0000][1][safepoint    ] Safepoint "RevokeBias", Time since last: 355471375 ns, Reaching safepoint: 90408 ns, At safepoint: 21661 ns, Total: 112069 ns
[2020-09-11T17:21:20.446+0000][1][safepoint    ] Safepoint "Cleanup", Time since last: 1000105158 ns, Reaching safepoint: 87471 ns, At safepoint: 9846 ns, Total: 97317 ns
[2020-09-11T17:21:21.446+0000][1][safepoint    ] Safepoint "Cleanup", Time since last: 1000132930 ns, Reaching safepoint: 82824 ns, At safepoint: 6469 ns, Total: 89293 ns
[2020-09-11T17:21:22.447+0000][1][safepoint    ] Safepoint "Cleanup", Time since last: 1000108763 ns, Reaching safepoint: 86129 ns, At safepoint: 10668 ns, Total: 96797 ns
[2020-09-11T17:21:24.100+0000][1][safepoint    ] Safepoint "RevokeBias", Time since last: 1653485390 ns, Reaching safepoint: 90527 ns, At safepoint: 26248 ns, Total: 116775 ns
[2020-09-11T17:21:24.103+0000][1][safepoint    ] Safepoint "RevokeBias", Time since last: 2969226 ns, Reaching safepoint: 88909 ns, At safepoint: 25629 ns, Total: 114538 ns
[2020-09-11T17:21:24.669+0000][1][gc,start     ] GC(162) Pause Young (Allocation Failure)
[2020-09-11T17:21:24.674+0000][1][gc,task      ] GC(162) Using 1 workers of 1 for evacuation
[2020-09-11T17:21:24.680+0000][1][gc,age       ] GC(162) Desired survivor size 4358144 bytes, new threshold 6 (max threshold 6)
[2020-09-11T17:21:24.680+0000][1][gc,age       ] GC(162) Age table with threshold 6 (max threshold 6)
[2020-09-11T17:21:24.680+0000][1][gc,age       ] GC(162) - age   1:     247784 bytes,     247784 total
[2020-09-11T17:21:24.680+0000][1][gc,age       ] GC(162) - age   2:      35648 bytes,     283432 total
[2020-09-11T17:21:24.680+0000][1][gc,age       ] GC(162) - age   3:     100472 bytes,     383904 total
[2020-09-11T17:21:24.680+0000][1][gc,age       ] GC(162) - age   4:     220848 bytes,     604752 total
[2020-09-11T17:21:24.680+0000][1][gc,age       ] GC(162) - age   5:     152792 bytes,     757544 total
[2020-09-11T17:21:24.680+0000][1][gc,age       ] GC(162) - age   6:      22776 bytes,     780320 total
[2020-09-11T17:21:24.680+0000][1][gc,heap      ] GC(162) ParNew: 69619K->1019K(76672K)
[2020-09-11T17:21:24.680+0000][1][gc,heap      ] GC(162) CMS: 114277K->114822K(439104K)
[2020-09-11T17:21:24.680+0000][1][gc,metaspace ] GC(162) Metaspace: 95008K->95008K(1136640K)
[2020-09-11T17:21:24.680+0000][1][gc           ] GC(162) Pause Young (Allocation Failure) 179M->113M(503M) 10.898ms
[2020-09-11T17:21:24.680+0000][1][gc,cpu       ] GC(162) User=0.00s Sys=0.00s Real=0.01s
[2020-09-11T17:21:24.685+0000][1][safepoint    ] Safepoint "GenCollectForAllocation", Time since last: 561784382 ns, Reaching safepoint: 3731793 ns, At safepoint: 15936488 ns, Total: 19668281 ns
[2020-09-11T17:21:24.817+0000][1][safepoint    ] Safepoint "RevokeBias", Time since last: 132066770 ns, Reaching safepoint: 90736 ns, At safepoint: 34682 ns, Total: 125418 ns
[2020-09-11T17:21:27.314+0000][1][safepoint    ] Safepoint "RevokeBias", Time since last: 2496918232 ns, Reaching safepoint: 88887 ns, At safepoint: 22483 ns, Total: 111370 ns
[2020-09-11T17:21:29.121+0000][1][safepoint    ] Safepoint "RevokeBias", Time since last: 1806654010 ns, Reaching safepoint: 113314 ns, At safepoint: 23011 ns, Total: 136325 ns
[2020-09-11T17:21:29.126+0000][1][safepoint    ] Safepoint "RevokeBias", Time since last: 4763377 ns, Reaching safepoint: 87436 ns, At safepoint: 22082 ns, Total: 109518 ns
[2020-09-11T17:21:29.528+0000][1][safepoint    ] Safepoint "RevokeBias", Time since last: 402318075 ns, Reaching safepoint: 93122 ns, At safepoint: 23044 ns, Total: 116166 ns
[2020-09-11T17:21:34.139+0000][1][safepoint    ] Safepoint "RevokeBias", Time since last: 4610520724 ns, Reaching safepoint: 84238 ns, At safepoint: 25216 ns, Total: 109454 ns
[2020-09-11T17:21:34.141+0000][1][safepoint    ] Safepoint "BulkRevokeBias", Time since last: 2394459 ns, Reaching safepoint: 87950 ns, At safepoint: 255998 ns, Total: 343948 ns
[2020-09-11T17:21:34.820+0000][1][safepoint    ] Safepoint "RevokeBias", Time since last: 678738443 ns, Reaching safepoint: 166761 ns, At safepoint: 22981 ns, Total: 189742 ns
[2020-09-11T17:21:36.821+0000][1][safepoint    ] Safepoint "Cleanup", Time since last: 2000214715 ns, Reaching safepoint: 150490 ns, At safepoint: 10840 ns, Total: 161330 ns
[2020-09-11T17:21:37.269+0000][1][safepoint    ] Safepoint "RevokeBias", Time since last: 448143849 ns, Reaching safepoint: 90607 ns, At safepoint: 30180 ns, Total: 120787 ns
[2020-09-11T17:21:39.153+0000][1][safepoint    ] Safepoint "RevokeBias", Time since last: 1883668571 ns, Reaching safepoint: 115577 ns, At safepoint: 25908 ns, Total: 141485 ns
[2020-09-11T17:21:39.160+0000][1][safepoint    ] Safepoint "RevokeBias", Time since last: 6747519 ns, Reaching safepoint: 94330 ns, At safepoint: 26416 ns, Total: 120746 ns
[2020-09-11T17:21:39.457+0000][1][safepoint    ] Safepoint "RevokeBias", Time since last: 297516209 ns, Reaching safepoint: 88716 ns, At safepoint: 21931 ns, Total: 110647 ns
[2020-09-11T17:21:40.458+0000][1][safepoint    ] Safepoint "Cleanup", Time since last: 1000108473 ns, Reaching safepoint: 92375 ns, At safepoint: 10247 ns, Total: 102622 ns
[2020-09-11T17:21:44.176+0000][1][safepoint    ] Safepoint "RevokeBias", Time since last: 3718206203 ns, Reaching safepoint: 90105 ns, At safepoint: 25378 ns, Total: 115483 ns
[2020-09-11T17:21:44.179+0000][1][safepoint    ] Safepoint "RevokeBias", Time since last: 3089110 ns, Reaching safepoint: 86613 ns, At safepoint: 24825 ns, Total: 111438 ns
[2020-09-11T17:21:44.892+0000][1][safepoint    ] Safepoint "RevokeBias", Time since last: 712533848 ns, Reaching safepoint: 166263 ns, At safepoint: 24176 ns, Total: 190439 ns
[2020-09-11T17:21:47.017+0000][1][gc,start     ] GC(163) Pause Young (Allocation Failure)
[2020-09-11T17:21:47.017+0000][1][gc,task      ] GC(163) Using 1 workers of 1 for evacuation
[2020-09-11T17:21:47.029+0000][1][gc,age       ] GC(163) Desired survivor size 4358144 bytes, new threshold 6 (max threshold 6)
[2020-09-11T17:21:47.033+0000][1][gc,age       ] GC(163) Age table with threshold 6 (max threshold 6)
[2020-09-11T17:21:47.033+0000][1][gc,age       ] GC(163) - age   1:     218080 bytes,     218080 total
[2020-09-11T17:21:47.033+0000][1][gc,age       ] GC(163) - age   2:     180992 bytes,     399072 total
[2020-09-11T17:21:47.033+0000][1][gc,age       ] GC(163) - age   3:      31920 bytes,     430992 total
[2020-09-11T17:21:47.033+0000][1][gc,age       ] GC(163) - age   4:     100472 bytes,     531464 total
[2020-09-11T17:21:47.033+0000][1][gc,age       ] GC(163) - age   5:     220848 bytes,     752312 total
[2020-09-11T17:21:47.033+0000][1][gc,age       ] GC(163) - age   6:     152792 bytes,     905104 total
[2020-09-11T17:21:47.033+0000][1][gc,heap      ] GC(163) ParNew: 69179K->1653K(76672K)
[2020-09-11T17:21:47.033+0000][1][gc,heap      ] GC(163) CMS: 114822K->114844K(439104K)
[2020-09-11T17:21:47.033+0000][1][gc,metaspace ] GC(163) Metaspace: 95017K->95017K(1136640K)
[2020-09-11T17:21:47.033+0000][1][gc           ] GC(163) Pause Young (Allocation Failure) 179M->113M(503M) 16.198ms
[2020-09-11T17:21:47.033+0000][1][gc,cpu       ] GC(163) User=0.01s Sys=0.00s Real=0.02s
[2020-09-11T17:21:47.033+0000][1][safepoint    ] Safepoint "GenCollectForAllocation", Time since last: 2120987287 ns, Reaching safepoint: 4063586 ns, At safepoint: 16267899 ns, Total: 20331485 ns
[2020-09-11T17:21:47.252+0000][1][safepoint    ] Safepoint "RevokeBias", Time since last: 218793077 ns, Reaching safepoint: 90509 ns, At safepoint: 22964 ns, Total: 113473 ns
[2020-09-11T17:21:49.199+0000][1][safepoint    ] Safepoint "RevokeBias", Time since last: 1946488445 ns, Reaching safepoint: 88764 ns, At safepoint: 24999 ns, Total: 113763 ns
[2020-09-11T17:21:49.209+0000][1][safepoint    ] Safepoint "RevokeBias", Time since last: 8686371 ns, Reaching safepoint: 1641543 ns, At safepoint: 31145 ns, Total: 1672688 ns
[2020-09-11T17:21:49.458+0000][1][safepoint    ] Safepoint "RevokeBias", Time since last: 248521784 ns, Reaching safepoint: 88485 ns, At safepoint: 25630 ns, Total: 114115 ns
[2020-09-11T17:21:51.458+0000][1][safepoint    ] Safepoint "Cleanup", Time since last: 2000186520 ns, Reaching safepoint: 92590 ns, At safepoint: 9405 ns, Total: 101995 ns
[2020-09-11T17:21:53.458+0000][1][safepoint    ] Safepoint "Cleanup", Time since last: 2000181439 ns, Reaching safepoint: 94677 ns, At safepoint: 9819 ns, Total: 104496 ns
[2020-09-11T17:21:54.221+0000][1][safepoint    ] Safepoint "RevokeBias", Time since last: 760035763 ns, Reaching safepoint: 2695857 ns, At safepoint: 321019 ns, Total: 3016876 ns
[2020-09-11T17:21:54.264+0000][1][safepoint    ] Safepoint "RevokeBias", Time since last: 42183415 ns, Reaching safepoint: 94150 ns, At safepoint: 25801 ns, Total: 119951 ns
[2020-09-11T17:21:54.874+0000][1][safepoint    ] Safepoint "RevokeBias", Time since last: 610303787 ns, Reaching safepoint: 91898 ns, At safepoint: 23692 ns, Total: 115590 ns
[2020-09-11T17:21:57.308+0000][1][safepoint    ] Safepoint "RevokeBias", Time since last: 2433746817 ns, Reaching safepoint: 88598 ns, At safepoint: 21113 ns, Total: 109711 ns
[2020-09-11T17:21:58.308+0000][1][safepoint    ] Safepoint "Cleanup", Time since last: 1000106835 ns, Reaching safepoint: 86173 ns, At safepoint: 9568 ns, Total: 95741 ns
[2020-09-11T17:21:59.237+0000][1][safepoint    ] Safepoint "RevokeBias", Time since last: 928740033 ns, Reaching safepoint: 93225 ns, At safepoint: 25742 ns, Total: 118967 ns
[2020-09-11T17:21:59.291+0000][1][safepoint    ] Safepoint "RevokeBias", Time since last: 54310284 ns, Reaching safepoint: 84182 ns, At safepoint: 21374 ns, Total: 105556 ns
[2020-09-11T17:21:59.448+0000][1][safepoint    ] Safepoint "RevokeBias", Time since last: 156446563 ns, Reaching safepoint: 90487 ns, At safepoint: 21346 ns, Total: 111833 ns
[2020-09-11T17:22:00.448+0000][1][safepoint    ] Safepoint "Cleanup", Time since last: 1000111277 ns, Reaching safepoint: 89195 ns, At safepoint: 10318 ns, Total: 99513 ns
[2020-09-11T17:22:01.448+0000][1][safepoint    ] Safepoint "Cleanup", Time since last: 1000117642 ns, Reaching safepoint: 87000 ns, At safepoint: 9805 ns, Total: 96805 ns
[2020-09-11T17:22:02.449+0000][1][safepoint    ] Safepoint "Cleanup", Time since last: 1000116714 ns, Reaching safepoint: 87262 ns, At safepoint: 10373 ns, Total: 97635 ns
[2020-09-11T17:22:03.449+0000][1][safepoint    ] Safepoint "Cleanup", Time since last: 1000117429 ns, Reaching safepoint: 96292 ns, At safepoint: 9129 ns, Total: 105421 ns
[2020-09-11T17:22:04.247+0000][1][safepoint    ] Safepoint "RevokeBias", Time since last: 797683233 ns, Reaching safepoint: 104397 ns, At safepoint: 24850 ns, Total: 129247 ns
[2020-09-11T17:22:04.300+0000][1][safepoint    ] Safepoint "RevokeBias", Time since last: 53379343 ns, Reaching safepoint: 91396 ns, At safepoint: 26135 ns, Total: 117531 ns
[2020-09-11T17:22:04.839+0000][1][safepoint    ] Safepoint "RevokeBias", Time since last: 538262172 ns, Reaching safepoint: 170187 ns, At safepoint: 25637 ns, Total: 195824 ns
[2020-09-11T17:22:05.839+0000][1][safepoint    ] Safepoint "Cleanup", Time since last: 1000144060 ns, Reaching safepoint: 80966 ns, At safepoint: 6786 ns, Total: 87752 ns
[2020-09-11T17:22:06.839+0000][1][safepoint    ] Safepoint "Cleanup", Time since last: 1000111826 ns, Reaching safepoint: 85684 ns, At safepoint: 8943 ns, Total: 94627 ns
[2020-09-11T17:22:07.225+0000][1][safepoint    ] Safepoint "RevokeBias", Time since last: 385771597 ns, Reaching safepoint: 174640 ns, At safepoint: 24440 ns, Total: 199080 ns
[2020-09-11T17:22:07.225+0000][1][gc,start     ] GC(164) Pause Young (Allocation Failure)
[2020-09-11T17:22:07.225+0000][1][gc,task      ] GC(164) Using 1 workers of 1 for evacuation
[2020-09-11T17:22:07.233+0000][1][gc,age       ] GC(164) Desired survivor size 4358144 bytes, new threshold 6 (max threshold 6)
[2020-09-11T17:22:07.237+0000][1][gc,age       ] GC(164) Age table with threshold 6 (max threshold 6)
[2020-09-11T17:22:07.237+0000][1][gc,age       ] GC(164) - age   1:     833952 bytes,     833952 total
[2020-09-11T17:22:07.237+0000][1][gc,age       ] GC(164) - age   2:     143656 bytes,     977608 total
[2020-09-11T17:22:07.237+0000][1][gc,age       ] GC(164) - age   3:     180448 bytes,    1158056 total
[2020-09-11T17:22:07.237+0000][1][gc,age       ] GC(164) - age   4:      31824 bytes,    1189880 total
[2020-09-11T17:22:07.237+0000][1][gc,age       ] GC(164) - age   5:     100472 bytes,    1290352 total
[2020-09-11T17:22:07.237+0000][1][gc,age       ] GC(164) - age   6:     220536 bytes,    1510888 total
[2020-09-11T17:22:07.237+0000][1][gc,heap      ] GC(164) ParNew: 69813K->1614K(76672K)
[2020-09-11T17:22:07.237+0000][1][gc,heap      ] GC(164) CMS: 114844K->114993K(439104K)
[2020-09-11T17:22:07.237+0000][1][gc,metaspace ] GC(164) Metaspace: 95258K->95258K(1136640K)
[2020-09-11T17:22:07.237+0000][1][gc           ] GC(164) Pause Young (Allocation Failure) 180M->113M(503M) 11.852ms
[2020-09-11T17:22:07.237+0000][1][gc,cpu       ] GC(164) User=0.00s Sys=0.00s Real=0.01s
[2020-09-11T17:22:07.237+0000][1][safepoint    ] Safepoint "GenCollectForAllocation", Time since last: 113702 ns, Reaching safepoint: 39290 ns, At safepoint: 12416518 ns, Total: 12455808 ns
[2020-09-11T17:22:08.240+0000][1][safepoint    ] Safepoint "Cleanup", Time since last: 1002290730 ns, Reaching safepoint: 104442 ns, At safepoint: 25876 ns, Total: 130318 ns
[2020-09-11T17:22:09.240+0000][1][safepoint    ] Safepoint "Cleanup", Time since last: 1000104700 ns, Reaching safepoint: 83155 ns, At safepoint: 21741 ns, Total: 104896 ns
[2020-09-11T17:22:09.268+0000][1][safepoint    ] Safepoint "RevokeBias", Time since last: 27424554 ns, Reaching safepoint: 84619 ns, At safepoint: 53642 ns, Total: 138261 ns
[2020-09-11T17:22:09.322+0000][1][safepoint    ] Safepoint "RevokeBias", Time since last: 53811596 ns, Reaching safepoint: 88519 ns, At safepoint: 32683 ns, Total: 121202 ns
[2020-09-11T17:22:09.524+0000][1][safepoint    ] Safepoint "RevokeBias", Time since last: 201890374 ns, Reaching safepoint: 91163 ns, At safepoint: 22143 ns, Total: 113306 ns
[2020-09-11T17:22:10.524+0000][1][safepoint    ] Safepoint "Cleanup", Time since last: 1000108889 ns, Reaching safepoint: 97214 ns, At safepoint: 10048 ns, Total: 107262 ns
[2020-09-11T17:22:11.524+0000][1][safepoint    ] Safepoint "Cleanup", Time since last: 1000116495 ns, Reaching safepoint: 88354 ns, At safepoint: 9992 ns, Total: 98346 ns
[2020-09-11T17:22:12.524+0000][1][safepoint    ] Safepoint "Cleanup", Time since last: 1000112322 ns, Reaching safepoint: 84834 ns, At safepoint: 10093 ns, Total: 94927 ns
[2020-09-11T17:22:13.524+0000][1][safepoint    ] Safepoint "Cleanup", Time since last: 1000110518 ns, Reaching safepoint: 86715 ns, At safepoint: 9205 ns, Total: 95920 ns
[2020-09-11T17:22:14.283+0000][1][safepoint    ] Safepoint "RevokeBias", Time since last: 758386096 ns, Reaching safepoint: 99116 ns, At safepoint: 25248 ns, Total: 124364 ns
[2020-09-11T17:22:14.330+0000][1][safepoint    ] Safepoint "RevokeBias", Time since last: 46810426 ns, Reaching safepoint: 86454 ns, At safepoint: 22740 ns, Total: 109194 ns
[2020-09-11T17:22:14.814+0000][1][safepoint    ] Safepoint "RevokeBias", Time since last: 483611276 ns, Reaching safepoint: 162875 ns, At safepoint: 21894 ns, Total: 184769 ns
[2020-09-11T17:22:15.814+0000][1][safepoint    ] Safepoint "Cleanup", Time since last: 1000110440 ns, Reaching safepoint: 86892 ns, At safepoint: 10721 ns, Total: 97613 ns
[2020-09-11T17:22:16.814+0000][1][safepoint    ] Safepoint "Cleanup", Time since last: 1000119250 ns, Reaching safepoint: 86101 ns, At safepoint: 10457 ns, Total: 96558 ns
[2020-09-11T17:22:17.336+0000][1][safepoint    ] Safepoint "BulkRevokeBias", Time since last: 521266404 ns, Reaching safepoint: 88072 ns, At safepoint: 254659 ns, Total: 342731 ns
[2020-09-11T17:22:18.336+0000][1][safepoint    ] Safepoint "Cleanup", Time since last: 1000114264 ns, Reaching safepoint: 77825 ns, At safepoint: 7862 ns, Total: 85687 ns
[2020-09-11T17:22:19.298+0000][1][safepoint    ] Safepoint "RevokeBias", Time since last: 962357137 ns, Reaching safepoint: 87884 ns, At safepoint: 23600 ns, Total: 111484 ns
[2020-09-11T17:22:19.349+0000][1][safepoint    ] Safepoint "RevokeBias", Time since last: 50727844 ns, Reaching safepoint: 91179 ns, At safepoint: 26685 ns, Total: 117864 ns
[2020-09-11T17:22:19.485+0000][1][safepoint    ] Safepoint "RevokeBias", Time since last: 134374673 ns, Reaching safepoint: 1256081 ns, At safepoint: 24557 ns, Total: 1280638 ns
[2020-09-11T17:22:20.485+0000][1][safepoint    ] Safepoint "Cleanup", Time since last: 1000113804 ns, Reaching safepoint: 99814 ns, At safepoint: 9718 ns, Total: 109532 ns
[2020-09-11T17:22:21.941+0000][1][safepoint    ] Safepoint "Cleanup", Time since last: 1455768106 ns, Reaching safepoint: 123339 ns, At safepoint: 8763 ns, Total: 132102 ns
[2020-09-11T17:22:22.941+0000][1][safepoint    ] Safepoint "Cleanup", Time since last: 1000122982 ns, Reaching safepoint: 86141 ns, At safepoint: 9625 ns, Total: 95766 ns
[2020-09-11T17:22:23.941+0000][1][safepoint    ] Safepoint "Cleanup", Time since last: 1000110922 ns, Reaching safepoint: 86175 ns, At safepoint: 9921 ns, Total: 96096 ns
[2020-09-11T17:22:24.306+0000][1][safepoint    ] Safepoint "RevokeBias", Time since last: 364802146 ns, Reaching safepoint: 88192 ns, At safepoint: 24557 ns, Total: 112749 ns
[2020-09-11T17:22:24.375+0000][1][safepoint    ] Safepoint "RevokeBias", Time since last: 68059672 ns, Reaching safepoint: 90455 ns, At safepoint: 25106 ns, Total: 115561 ns
[2020-09-11T17:22:24.917+0000][1][safepoint    ] Safepoint "RevokeBias", Time since last: 542568064 ns, Reaching safepoint: 90823 ns, At safepoint: 22306 ns, Total: 113129 ns
[2020-09-11T17:22:25.917+0000][1][safepoint    ] Safepoint "Cleanup", Time since last: 1000110928 ns, Reaching safepoint: 85495 ns, At safepoint: 9730 ns, Total: 95225 ns
[2020-09-11T17:22:26.918+0000][1][safepoint    ] Safepoint "Cleanup", Time since last: 1000116121 ns, Reaching safepoint: 89018 ns, At safepoint: 9436 ns, Total: 98454 ns
[2020-09-11T17:22:27.076+0000][1][gc,start     ] GC(165) Pause Young (Allocation Failure)
[2020-09-11T17:22:27.076+0000][1][gc,task      ] GC(165) Using 1 workers of 1 for evacuation
[2020-09-11T17:22:27.089+0000][1][gc,age       ] GC(165) Desired survivor size 4358144 bytes, new threshold 6 (max threshold 6)
[2020-09-11T17:22:27.089+0000][1][gc,age       ] GC(165) Age table with threshold 6 (max threshold 6)
[2020-09-11T17:22:27.089+0000][1][gc,age       ] GC(165) - age   1:     142776 bytes,     142776 total
[2020-09-11T17:22:27.089+0000][1][gc,age       ] GC(165) - age   2:     632752 bytes,     775528 total
[2020-09-11T17:22:27.089+0000][1][gc,age       ] GC(165) - age   3:     140824 bytes,     916352 total
[2020-09-11T17:22:27.089+0000][1][gc,age       ] GC(165) - age   4:     180256 bytes,    1096608 total
[2020-09-11T17:22:27.089+0000][1][gc,age       ] GC(165) - age   5:      31824 bytes,    1128432 total
[2020-09-11T17:22:27.089+0000][1][gc,age       ] GC(165) - age   6:     100472 bytes,    1228904 total
[2020-09-11T17:22:27.090+0000][1][gc,heap      ] GC(165) ParNew: 69774K->1241K(76672K)
[2020-09-11T17:22:27.090+0000][1][gc,heap      ] GC(165) CMS: 114993K->115208K(439104K)
[2020-09-11T17:22:27.090+0000][1][gc,metaspace ] GC(165) Metaspace: 95267K->95267K(1136640K)
[2020-09-11T17:22:27.090+0000][1][gc           ] GC(165) Pause Young (Allocation Failure) 180M->113M(503M) 13.346ms
[2020-09-11T17:22:27.090+0000][1][gc,cpu       ] GC(165) User=0.00s Sys=0.00s Real=0.01s
[2020-09-11T17:22:27.090+0000][1][safepoint    ] Safepoint "GenCollectForAllocation", Time since last: 158389016 ns, Reaching safepoint: 182737 ns, At safepoint: 13513338 ns, Total: 13696075 ns
[2020-09-11T17:22:27.230+0000][1][safepoint    ] Safepoint "RevokeBias", Time since last: 140445734 ns, Reaching safepoint: 87938 ns, At safepoint: 22683 ns, Total: 110621 ns
[2020-09-11T17:22:28.230+0000][1][safepoint    ] Safepoint "Cleanup", Time since last: 1000106326 ns, Reaching safepoint: 86259 ns, At safepoint: 9213 ns, Total: 95472 ns
[2020-09-11T17:22:29.231+0000][1][safepoint    ] Safepoint "Cleanup", Time since last: 1000110347 ns, Reaching safepoint: 85972 ns, At safepoint: 7326 ns, Total: 93298 ns
[2020-09-11T17:22:29.315+0000][1][safepoint    ] Safepoint "RevokeBias", Time since last: 84360399 ns, Reaching safepoint: 88990 ns, At safepoint: 23828 ns, Total: 112818 ns
[2020-09-11T17:22:29.384+0000][1][safepoint    ] Safepoint "RevokeBias", Time since last: 68397090 ns, Reaching safepoint: 85220 ns, At safepoint: 22008 ns, Total: 107228 ns
[2020-09-11T17:22:29.453+0000][1][safepoint    ] Safepoint "RevokeBias", Time since last: 69016976 ns, Reaching safepoint: 119988 ns, At safepoint: 21606 ns, Total: 141594 ns
[2020-09-11T17:22:30.453+0000][1][safepoint    ] Safepoint "Cleanup", Time since last: 1000106544 ns, Reaching safepoint: 85282 ns, At safepoint: 9618 ns, Total: 94900 ns
[2020-09-11T17:22:31.453+0000][1][safepoint    ] Safepoint "Cleanup", Time since last: 1000115094 ns, Reaching safepoint: 86698 ns, At safepoint: 10227 ns, Total: 96925 ns
[2020-09-11T17:22:32.453+0000][1][safepoint    ] Safepoint "Cleanup", Time since last: 1000112537 ns, Reaching safepoint: 81859 ns, At safepoint: 7244 ns, Total: 89103 ns
[2020-09-11T17:22:33.454+0000][1][safepoint    ] Safepoint "Cleanup", Time since last: 1000109774 ns, Reaching safepoint: 91349 ns, At safepoint: 9493 ns, Total: 100842 ns
[2020-09-11T17:22:34.325+0000][1][safepoint    ] Safepoint "RevokeBias", Time since last: 870884895 ns, Reaching safepoint: 257080 ns, At safepoint: 313964 ns, Total: 571044 ns
[2020-09-11T17:22:34.398+0000][1][safepoint    ] Safepoint "RevokeBias", Time since last: 72819360 ns, Reaching safepoint: 88268 ns, At safepoint: 22626 ns, Total: 110894 ns
[2020-09-11T17:22:34.978+0000][1][safepoint    ] Safepoint "RevokeBias", Time since last: 580276396 ns, Reaching safepoint: 162203 ns, At safepoint: 23896 ns, Total: 186099 ns
[2020-09-11T17:22:35.979+0000][1][safepoint    ] Safepoint "Cleanup", Time since last: 1000111678 ns, Reaching safepoint: 89062 ns, At safepoint: 7112 ns, Total: 96174 ns
[2020-09-11T17:22:36.979+0000][1][safepoint    ] Safepoint "Cleanup", Time since last: 1000115335 ns, Reaching safepoint: 84040 ns, At safepoint: 8181 ns, Total: 92221 ns
[2020-09-11T17:22:37.254+0000][1][safepoint    ] Safepoint "RevokeBias", Time since last: 274838201 ns, Reaching safepoint: 89933 ns, At safepoint: 22413 ns, Total: 112346 ns
[2020-09-11T17:22:38.254+0000][1][safepoint    ] Safepoint "Cleanup", Time since last: 1000106175 ns, Reaching safepoint: 85510 ns, At safepoint: 9399 ns, Total: 94909 ns
[2020-09-11T17:22:39.254+0000][1][safepoint    ] Safepoint "Cleanup", Time since last: 1000112424 ns, Reaching safepoint: 85571 ns, At safepoint: 9465 ns, Total: 95036 ns
[2020-09-11T17:22:39.339+0000][1][safepoint    ] Safepoint "RevokeBias", Time since last: 84851536 ns, Reaching safepoint: 88090 ns, At safepoint: 24974 ns, Total: 113064 ns
[2020-09-11T17:22:39.407+0000][1][safepoint    ] Safepoint "RevokeBias", Time since last: 67835309 ns, Reaching safepoint: 92580 ns, At safepoint: 25050 ns, Total: 117630 ns
[2020-09-11T17:22:39.500+0000][1][safepoint    ] Safepoint "RevokeBias", Time since last: 92999505 ns, Reaching safepoint: 93013 ns, At safepoint: 25985 ns, Total: 118998 ns
[2020-09-11T17:22:40.501+0000][1][safepoint    ] Safepoint "Cleanup", Time since last: 1000112545 ns, Reaching safepoint: 85656 ns, At safepoint: 9923 ns, Total: 95579 ns
[2020-09-11T17:22:41.501+0000][1][safepoint    ] Safepoint "Cleanup", Time since last: 1000114873 ns, Reaching safepoint: 87147 ns, At safepoint: 9114 ns, Total: 96261 ns
[2020-09-11T17:22:42.501+0000][1][safepoint    ] Safepoint "Cleanup", Time since last: 1000134839 ns, Reaching safepoint: 84950 ns, At safepoint: 9648 ns, Total: 94598 ns
[2020-09-11T17:22:43.501+0000][1][safepoint    ] Safepoint "Cleanup", Time since last: 1000124480 ns, Reaching safepoint: 83394 ns, At safepoint: 6880 ns, Total: 90274 ns
[2020-09-11T17:22:44.346+0000][1][safepoint    ] Safepoint "RevokeBias", Time since last: 844962459 ns, Reaching safepoint: 83734 ns, At safepoint: 21136 ns, Total: 104870 ns
[2020-09-11T17:22:44.416+0000][1][safepoint    ] Safepoint "BulkRevokeBias", Time since last: 69803708 ns, Reaching safepoint: 89991 ns, At safepoint: 238940 ns, Total: 328931 ns
[2020-09-11T17:22:44.874+0000][1][safepoint    ] Safepoint "RevokeBias", Time since last: 457071071 ns, Reaching safepoint: 89936 ns, At safepoint: 22249 ns, Total: 112185 ns
[2020-09-11T17:22:45.874+0000][1][safepoint    ] Safepoint "Cleanup", Time since last: 1000105019 ns, Reaching safepoint: 108083 ns, At safepoint: 9629 ns, Total: 117712 ns
[2020-09-11T17:22:46.874+0000][1][safepoint    ] Safepoint "Cleanup", Time since last: 1000115275 ns, Reaching safepoint: 85200 ns, At safepoint: 9386 ns, Total: 94586 ns
[2020-09-11T17:22:47.193+0000][1][gc,start     ] GC(166) Pause Young (Allocation Failure)
[2020-09-11T17:22:47.193+0000][1][gc,task      ] GC(166) Using 1 workers of 1 for evacuation
[2020-09-11T17:22:47.206+0000][1][gc,age       ] GC(166) Desired survivor size 4358144 bytes, new threshold 6 (max threshold 6)
[2020-09-11T17:22:47.206+0000][1][gc,age       ] GC(166) Age table with threshold 6 (max threshold 6)
[2020-09-11T17:22:47.206+0000][1][gc,age       ] GC(166) - age   1:      95208 bytes,      95208 total
[2020-09-11T17:22:47.206+0000][1][gc,age       ] GC(166) - age   2:      17528 bytes,     112736 total
[2020-09-11T17:22:47.206+0000][1][gc,age       ] GC(166) - age   3:     629584 bytes,     742320 total
[2020-09-11T17:22:47.206+0000][1][gc,age       ] GC(166) - age   4:     140824 bytes,     883144 total
[2020-09-11T17:22:47.206+0000][1][gc,age       ] GC(166) - age   5:     180256 bytes,    1063400 total
[2020-09-11T17:22:47.206+0000][1][gc,age       ] GC(166) - age   6:      31824 bytes,    1095224 total
[2020-09-11T17:22:47.206+0000][1][gc,heap      ] GC(166) ParNew: 69401K->1210K(76672K)
[2020-09-11T17:22:47.206+0000][1][gc,heap      ] GC(166) CMS: 115208K->115306K(439104K)
[2020-09-11T17:22:47.206+0000][1][gc,metaspace ] GC(166) Metaspace: 95270K->95270K(1136640K)
[2020-09-11T17:22:47.206+0000][1][gc           ] GC(166) Pause Young (Allocation Failure) 180M->113M(503M) 13.189ms
[2020-09-11T17:22:47.206+0000][1][gc,cpu       ] GC(166) User=0.00s Sys=0.00s Real=0.01s
[2020-09-11T17:22:47.209+0000][1][safepoint    ] Safepoint "GenCollectForAllocation", Time since last: 316133697 ns, Reaching safepoint: 2749913 ns, At safepoint: 15748863 ns, Total: 18498776 ns
[2020-09-11T17:22:47.344+0000][1][safepoint    ] Safepoint "RevokeBias", Time since last: 134916968 ns, Reaching safepoint: 92992 ns, At safepoint: 25991 ns, Total: 118983 ns
[2020-09-11T17:22:48.344+0000][1][safepoint    ] Safepoint "Cleanup", Time since last: 1000107012 ns, Reaching safepoint: 82894 ns, At safepoint: 7571 ns, Total: 90465 ns
[2020-09-11T17:22:49.344+0000][1][safepoint    ] Safepoint "Cleanup", Time since last: 1000107157 ns, Reaching safepoint: 87655 ns, At safepoint: 9328 ns, Total: 96983 ns
[2020-09-11T17:22:49.446+0000][1][safepoint    ] Safepoint "RevokeBias", Time since last: 101740062 ns, Reaching safepoint: 137872 ns, At safepoint: 22320 ns, Total: 160192 ns
[2020-09-11T17:22:49.449+0000][1][safepoint    ] Safepoint "RevokeBias", Time since last: 2653085 ns, Reaching safepoint: 126732 ns, At safepoint: 36092 ns, Total: 162824 ns
[2020-09-11T17:22:49.525+0000][1][safepoint    ] Safepoint "RevokeBias", Time since last: 76230239 ns, Reaching safepoint: 94100 ns, At safepoint: 26773 ns, Total: 120873 ns
[2020-09-11T17:22:50.525+0000][1][safepoint    ] Safepoint "Cleanup", Time since last: 1000109011 ns, Reaching safepoint: 85780 ns, At safepoint: 10059 ns, Total: 95839 ns
[2020-09-11T17:22:51.526+0000][1][safepoint    ] Safepoint "Cleanup", Time since last: 1000115080 ns, Reaching safepoint: 85902 ns, At safepoint: 9993 ns, Total: 95895 ns
[2020-09-11T17:22:52.526+0000][1][safepoint    ] Safepoint "Cleanup", Time since last: 1000127730 ns, Reaching safepoint: 86867 ns, At safepoint: 8442 ns, Total: 95309 ns
[2020-09-11T17:22:53.526+0000][1][safepoint    ] Safepoint "Cleanup", Time since last: 1000109702 ns, Reaching safepoint: 91864 ns, At safepoint: 10593 ns, Total: 102457 ns
[2020-09-11T17:22:54.462+0000][1][safepoint    ] Safepoint "RevokeBias", Time since last: 936045359 ns, Reaching safepoint: 81310 ns, At safepoint: 21249 ns, Total: 102559 ns
[2020-09-11T17:22:54.466+0000][1][safepoint    ] Safepoint "RevokeBias", Time since last: 3404403 ns, Reaching safepoint: 85224 ns, At safepoint: 22977 ns, Total: 108201 ns
[2020-09-11T17:22:54.875+0000][1][safepoint    ] Safepoint "RevokeBias", Time since last: 409166731 ns, Reaching safepoint: 90110 ns, At safepoint: 22015 ns, Total: 112125 ns
[2020-09-11T17:22:55.875+0000][1][safepoint    ] Safepoint "Cleanup", Time since last: 1000107650 ns, Reaching safepoint: 85344 ns, At safepoint: 9002 ns, Total: 94346 ns
[2020-09-11T17:22:56.875+0000][1][safepoint    ] Safepoint "Cleanup", Time since last: 1000114033 ns, Reaching safepoint: 85160 ns, At safepoint: 9127 ns, Total: 94287 ns
[2020-09-11T17:22:57.356+0000][1][safepoint    ] Safepoint "RevokeBias", Time since last: 480853837 ns, Reaching safepoint: 89446 ns, At safepoint: 22046 ns, Total: 111492 ns
[2020-09-11T17:22:58.356+0000][1][safepoint    ] Safepoint "Cleanup", Time since last: 1000118430 ns, Reaching safepoint: 85664 ns, At safepoint: 9348 ns, Total: 95012 ns
[2020-09-11T17:22:59.357+0000][1][safepoint    ] Safepoint "Cleanup", Time since last: 1000117973 ns, Reaching safepoint: 86384 ns, At safepoint: 10295 ns, Total: 96679 ns
[2020-09-11T17:22:59.480+0000][1][safepoint    ] Safepoint "RevokeBias", Time since last: 123267383 ns, Reaching safepoint: 283373 ns, At safepoint: 23648 ns, Total: 307021 ns
[2020-09-11T17:22:59.486+0000][1][safepoint    ] Safepoint "RevokeBias", Time since last: 5355828 ns, Reaching safepoint: 135134 ns, At safepoint: 22788 ns, Total: 157922 ns
[2020-09-11T17:22:59.498+0000][1][safepoint    ] Safepoint "RevokeBias", Time since last: 12325862 ns, Reaching safepoint: 90416 ns, At safepoint: 21863 ns, Total: 112279 ns
[2020-09-11T17:23:04.499+0000][1][safepoint    ] Safepoint "RevokeBias", Time since last: 5001001154 ns, Reaching safepoint: 80842 ns, At safepoint: 19646 ns, Total: 100488 ns
[2020-09-11T17:23:04.505+0000][1][safepoint    ] Safepoint "RevokeBias", Time since last: 5487414 ns, Reaching safepoint: 97923 ns, At safepoint: 21267 ns, Total: 119190 ns
[2020-09-11T17:23:04.845+0000][1][safepoint    ] Safepoint "RevokeBias", Time since last: 339730871 ns, Reaching safepoint: 171427 ns, At safepoint: 23204 ns, Total: 194631 ns
[2020-09-11T17:23:07.219+0000][1][safepoint    ] Safepoint "RevokeBias", Time since last: 2373951428 ns, Reaching safepoint: 94597 ns, At safepoint: 25500 ns, Total: 120097 ns
[2020-09-11T17:23:08.219+0000][1][safepoint    ] Safepoint "Cleanup", Time since last: 1000110565 ns, Reaching safepoint: 89812 ns, At safepoint: 9066 ns, Total: 98878 ns
[2020-09-11T17:23:08.671+0000][1][gc,start     ] GC(167) Pause Young (Allocation Failure)
[2020-09-11T17:23:08.671+0000][1][gc,task      ] GC(167) Using 1 workers of 1 for evacuation
[2020-09-11T17:23:08.679+0000][1][gc,age       ] GC(167) Desired survivor size 4358144 bytes, new threshold 6 (max threshold 6)
[2020-09-11T17:23:08.679+0000][1][gc,age       ] GC(167) Age table with threshold 6 (max threshold 6)
[2020-09-11T17:23:08.679+0000][1][gc,age       ] GC(167) - age   1:     450704 bytes,     450704 total
[2020-09-11T17:23:08.679+0000][1][gc,age       ] GC(167) - age   2:      23232 bytes,     473936 total
[2020-09-11T17:23:08.679+0000][1][gc,age       ] GC(167) - age   3:      15744 bytes,     489680 total
[2020-09-11T17:23:08.679+0000][1][gc,age       ] GC(167) - age   4:     629488 bytes,    1119168 total
[2020-09-11T17:23:08.679+0000][1][gc,age       ] GC(167) - age   5:     140824 bytes,    1259992 total
[2020-09-11T17:23:08.679+0000][1][gc,age       ] GC(167) - age   6:     180224 bytes,    1440216 total
[2020-09-11T17:23:08.679+0000][1][gc,heap      ] GC(167) ParNew: 69370K->2209K(76672K)
[2020-09-11T17:23:08.679+0000][1][gc,heap      ] GC(167) CMS: 115306K->115338K(439104K)
[2020-09-11T17:23:08.679+0000][1][gc,metaspace ] GC(167) Metaspace: 95274K->95274K(1136640K)
[2020-09-11T17:23:08.679+0000][1][gc           ] GC(167) Pause Young (Allocation Failure) 180M->114M(503M) 8.034ms
[2020-09-11T17:23:08.679+0000][1][gc,cpu       ] GC(167) User=0.00s Sys=0.00s Real=0.01s
[2020-09-11T17:23:08.681+0000][1][safepoint    ] Safepoint "GenCollectForAllocation", Time since last: 451497086 ns, Reaching safepoint: 97408 ns, At safepoint: 10041871 ns, Total: 10139279 ns
[2020-09-11T17:23:09.489+0000][1][safepoint    ] Safepoint "RevokeBias", Time since last: 808354616 ns, Reaching safepoint: 89666 ns, At safepoint: 35044 ns, Total: 124710 ns
[2020-09-11T17:23:09.522+0000][1][safepoint    ] Safepoint "RevokeBias", Time since last: 32297379 ns, Reaching safepoint: 82574 ns, At safepoint: 34125 ns, Total: 116699 ns
[2020-09-11T17:23:09.546+0000][1][safepoint    ] Safepoint "RevokeBias", Time since last: 24549029 ns, Reaching safepoint: 85516 ns, At safepoint: 33220 ns, Total: 118736 ns
[2020-09-11T17:23:14.575+0000][1][safepoint    ] Safepoint "RevokeBias", Time since last: 5028711962 ns, Reaching safepoint: 109667 ns, At safepoint: 26978 ns, Total: 136645 ns
[2020-09-11T17:23:14.578+0000][1][safepoint    ] Safepoint "RevokeBias", Time since last: 2784407 ns, Reaching safepoint: 88719 ns, At safepoint: 22931 ns, Total: 111650 ns
[2020-09-11T17:23:14.834+0000][1][safepoint    ] Safepoint "RevokeBias", Time since last: 255878034 ns, Reaching safepoint: 165327 ns, At safepoint: 23971 ns, Total: 189298 ns
[2020-09-11T17:23:17.201+0000][1][safepoint    ] Safepoint "RevokeBias", Time since last: 2366464271 ns, Reaching safepoint: 89230 ns, At safepoint: 21486 ns, Total: 110716 ns
[2020-09-11T17:23:19.447+0000][1][safepoint    ] Safepoint "RevokeBias", Time since last: 2246148916 ns, Reaching safepoint: 88825 ns, At safepoint: 21457 ns, Total: 110282 ns
[2020-09-11T17:23:19.592+0000][1][safepoint    ] Safepoint "RevokeBias", Time since last: 145373026 ns, Reaching safepoint: 85223 ns, At safepoint: 24019 ns, Total: 109242 ns
[2020-09-11T17:23:19.597+0000][1][safepoint    ] Safepoint "RevokeBias", Time since last: 4144624 ns, Reaching safepoint: 105652 ns, At safepoint: 42034 ns, Total: 147686 ns
[2020-09-11T17:23:24.617+0000][1][safepoint    ] Safepoint "RevokeBias", Time since last: 5020292751 ns, Reaching safepoint: 89436 ns, At safepoint: 23814 ns, Total: 113250 ns
[2020-09-11T17:23:24.621+0000][1][safepoint    ] Safepoint "RevokeBias", Time since last: 3780031 ns, Reaching safepoint: 89586 ns, At safepoint: 23520 ns, Total: 113106 ns
[2020-09-11T17:23:24.807+0000][1][safepoint    ] Safepoint "RevokeBias", Time since last: 186243440 ns, Reaching safepoint: 89974 ns, At safepoint: 21452 ns, Total: 111426 ns
[2020-09-11T17:23:27.237+0000][1][safepoint    ] Safepoint "RevokeBias", Time since last: 2428981036 ns, Reaching safepoint: 85921 ns, At safepoint: 21385 ns, Total: 107306 ns
[2020-09-11T17:23:28.403+0000][1][gc,start     ] GC(168) Pause Young (Allocation Failure)
[2020-09-11T17:23:28.403+0000][1][gc,task      ] GC(168) Using 1 workers of 1 for evacuation
[2020-09-11T17:23:28.412+0000][1][gc,age       ] GC(168) Desired survivor size 4358144 bytes, new threshold 6 (max threshold 6)
[2020-09-11T17:23:28.413+0000][1][gc,age       ] GC(168) Age table with threshold 6 (max threshold 6)
[2020-09-11T17:23:28.413+0000][1][gc,age       ] GC(168) - age   1:     146288 bytes,     146288 total
[2020-09-11T17:23:28.413+0000][1][gc,age       ] GC(168) - age   2:     395416 bytes,     541704 total
[2020-09-11T17:23:28.413+0000][1][gc,age       ] GC(168) - age   3:      21352 bytes,     563056 total
[2020-09-11T17:23:28.413+0000][1][gc,age       ] GC(168) - age   4:      15552 bytes,     578608 total
[2020-09-11T17:23:28.413+0000][1][gc,age       ] GC(168) - age   5:     629488 bytes,    1208096 total
[2020-09-11T17:23:28.413+0000][1][gc,age       ] GC(168) - age   6:     140824 bytes,    1348920 total
[2020-09-11T17:23:28.413+0000][1][gc,heap      ] GC(168) ParNew: 70369K->1331K(76672K)
[2020-09-11T17:23:28.413+0000][1][gc,heap      ] GC(168) CMS: 115338K->115514K(439104K)
[2020-09-11T17:23:28.413+0000][1][gc,metaspace ] GC(168) Metaspace: 95276K->95276K(1136640K)
[2020-09-11T17:23:28.413+0000][1][gc           ] GC(168) Pause Young (Allocation Failure) 181M->114M(503M) 9.753ms
[2020-09-11T17:23:28.413+0000][1][gc,cpu       ] GC(168) User=0.01s Sys=0.00s Real=0.00s
[2020-09-11T17:23:28.413+0000][1][safepoint    ] Safepoint "GenCollectForAllocation", Time since last: 1166186644 ns, Reaching safepoint: 179201 ns, At safepoint: 9847809 ns, Total: 10027010 ns
[2020-09-11T17:23:29.498+0000][1][safepoint    ] Safepoint "RevokeBias", Time since last: 1085170697 ns, Reaching safepoint: 88732 ns, At safepoint: 33307 ns, Total: 122039 ns
[2020-09-11T17:23:29.636+0000][1][safepoint    ] Safepoint "RevokeBias", Time since last: 137716631 ns, Reaching safepoint: 90841 ns, At safepoint: 36035 ns, Total: 126876 ns
[2020-09-11T17:23:29.640+0000][1][safepoint    ] Safepoint "RevokeBias", Time since last: 4191907 ns, Reaching safepoint: 89381 ns, At safepoint: 36471 ns, Total: 125852 ns
[2020-09-11T17:23:30.642+0000][1][safepoint    ] Safepoint "Cleanup", Time since last: 1001848209 ns, Reaching safepoint: 92010 ns, At safepoint: 20955 ns, Total: 112965 ns
[2020-09-11T17:23:34.655+0000][1][safepoint    ] Safepoint "RevokeBias", Time since last: 4012964017 ns, Reaching safepoint: 93949 ns, At safepoint: 25717 ns, Total: 119666 ns
[2020-09-11T17:23:34.672+0000][1][safepoint    ] Safepoint "RevokeBias", Time since last: 16264892 ns, Reaching safepoint: 92814 ns, At safepoint: 24705 ns, Total: 117519 ns
[2020-09-11T17:23:34.811+0000][1][safepoint    ] Safepoint "RevokeBias", Time since last: 139424368 ns, Reaching safepoint: 165046 ns, At safepoint: 23560 ns, Total: 188606 ns
[2020-09-11T17:23:37.252+0000][1][safepoint    ] Safepoint "RevokeBias", Time since last: 2440208076 ns, Reaching safepoint: 87356 ns, At safepoint: 21653 ns, Total: 109009 ns
[2020-09-11T17:23:39.462+0000][1][safepoint    ] Safepoint "RevokeBias", Time since last: 2205139835 ns, Reaching safepoint: 5028893 ns, At safepoint: 40990 ns, Total: 5069883 ns
[2020-09-11T17:23:39.672+0000][1][safepoint    ] Safepoint "RevokeBias", Time since last: 210179565 ns, Reaching safepoint: 86018 ns, At safepoint: 24909 ns, Total: 110927 ns
[2020-09-11T17:23:39.682+0000][1][safepoint    ] Safepoint "RevokeBias", Time since last: 9888513 ns, Reaching safepoint: 90940 ns, At safepoint: 23969 ns, Total: 114909 ns
[2020-09-11T17:23:40.682+0000][1][safepoint    ] Safepoint "Cleanup", Time since last: 1000111785 ns, Reaching safepoint: 107666 ns, At safepoint: 9899 ns, Total: 117565 ns
[2020-09-11T17:23:44.690+0000][1][safepoint    ] Safepoint "RevokeBias", Time since last: 4007644807 ns, Reaching safepoint: 86801 ns, At safepoint: 50180 ns, Total: 136981 ns
[2020-09-11T17:23:44.692+0000][1][safepoint    ] Safepoint "RevokeBias", Time since last: 2120713 ns, Reaching safepoint: 83112 ns, At safepoint: 22183 ns, Total: 105295 ns
[2020-09-11T17:23:44.814+0000][1][safepoint    ] Safepoint "RevokeBias", Time since last: 121311588 ns, Reaching safepoint: 87652 ns, At safepoint: 22165 ns, Total: 109817 ns
[2020-09-11T17:23:47.255+0000][1][safepoint    ] Safepoint "BulkRevokeBias", Time since last: 2441185466 ns, Reaching safepoint: 93098 ns, At safepoint: 220750 ns, Total: 313848 ns
[2020-09-11T17:23:48.435+0000][1][gc,start     ] GC(169) Pause Young (Allocation Failure)
[2020-09-11T17:23:48.435+0000][1][gc,task      ] GC(169) Using 1 workers of 1 for evacuation
[2020-09-11T17:23:48.444+0000][1][gc,age       ] GC(169) Desired survivor size 4358144 bytes, new threshold 6 (max threshold 6)
[2020-09-11T17:23:48.444+0000][1][gc,age       ] GC(169) Age table with threshold 6 (max threshold 6)
[2020-09-11T17:23:48.444+0000][1][gc,age       ] GC(169) - age   1:      88648 bytes,      88648 total
[2020-09-11T17:23:48.444+0000][1][gc,age       ] GC(169) - age   2:      93656 bytes,     182304 total
[2020-09-11T17:23:48.444+0000][1][gc,age       ] GC(169) - age   3:     390360 bytes,     572664 total
[2020-09-11T17:23:48.444+0000][1][gc,age       ] GC(169) - age   4:      21352 bytes,     594016 total
[2020-09-11T17:23:48.444+0000][1][gc,age       ] GC(169) - age   5:      15552 bytes,     609568 total
[2020-09-11T17:23:48.444+0000][1][gc,age       ] GC(169) - age   6:     629488 bytes,    1239056 total
[2020-09-11T17:23:48.444+0000][1][gc,heap      ] GC(169) ParNew: 69491K->1320K(76672K)
[2020-09-11T17:23:48.444+0000][1][gc,heap      ] GC(169) CMS: 115514K->115651K(439104K)
[2020-09-11T17:23:48.444+0000][1][gc,metaspace ] GC(169) Metaspace: 95276K->95276K(1136640K)
[2020-09-11T17:23:48.444+0000][1][gc           ] GC(169) Pause Young (Allocation Failure) 180M->114M(503M) 9.378ms
[2020-09-11T17:23:48.444+0000][1][gc,cpu       ] GC(169) User=0.01s Sys=0.00s Real=0.01s
[2020-09-11T17:23:48.444+0000][1][safepoint    ] Safepoint "GenCollectForAllocation", Time since last: 1178381383 ns, Reaching safepoint: 1076390 ns, At safepoint: 9453922 ns, Total: 10530312 ns
[2020-09-11T17:23:49.449+0000][1][safepoint    ] Safepoint "RevokeBias", Time since last: 1004341265 ns, Reaching safepoint: 89803 ns, At safepoint: 33033 ns, Total: 122836 ns
[2020-09-11T17:23:49.704+0000][1][safepoint    ] Safepoint "RevokeBias", Time since last: 254864767 ns, Reaching safepoint: 125633 ns, At safepoint: 39805 ns, Total: 165438 ns
[2020-09-11T17:23:49.707+0000][1][safepoint    ] Safepoint "RevokeBias", Time since last: 3732908 ns, Reaching safepoint: 87891 ns, At safepoint: 35085 ns, Total: 122976 ns
[2020-09-11T17:23:54.720+0000][1][safepoint    ] Safepoint "RevokeBias", Time since last: 5012600280 ns, Reaching safepoint: 89906 ns, At safepoint: 25024 ns, Total: 114930 ns
[2020-09-11T17:23:54.724+0000][1][safepoint    ] Safepoint "BulkRevokeBias", Time since last: 3836954 ns, Reaching safepoint: 90019 ns, At safepoint: 255928 ns, Total: 345947 ns
[2020-09-11T17:23:54.840+0000][1][safepoint    ] Safepoint "RevokeBias", Time since last: 115414966 ns, Reaching safepoint: 91248 ns, At safepoint: 21969 ns, Total: 113217 ns
[2020-09-11T17:23:57.218+0000][1][safepoint    ] Safepoint "RevokeBias", Time since last: 2377834781 ns, Reaching safepoint: 89595 ns, At safepoint: 22305 ns, Total: 111900 ns
[2020-09-11T17:23:59.543+0000][1][safepoint    ] Safepoint "RevokeBias", Time since last: 2325445008 ns, Reaching safepoint: 95697 ns, At safepoint: 26622 ns, Total: 122319 ns
[2020-09-11T17:23:59.738+0000][1][safepoint    ] Safepoint "RevokeBias", Time since last: 194171497 ns, Reaching safepoint: 83249 ns, At safepoint: 21488 ns, Total: 104737 ns
[2020-09-11T17:23:59.740+0000][1][safepoint    ] Safepoint "RevokeBias", Time since last: 2363167 ns, Reaching safepoint: 82498 ns, At safepoint: 22944 ns, Total: 105442 ns
[2020-09-11T17:24:04.784+0000][1][safepoint    ] Safepoint "RevokeBias", Time since last: 5044043297 ns, Reaching safepoint: 88380 ns, At safepoint: 24027 ns, Total: 112407 ns
[2020-09-11T17:24:04.788+0000][1][safepoint    ] Safepoint "RevokeBias", Time since last: 3886755 ns, Reaching safepoint: 89030 ns, At safepoint: 25535 ns, Total: 114565 ns
[2020-09-11T17:24:04.861+0000][1][safepoint    ] Safepoint "RevokeBias", Time since last: 72344595 ns, Reaching safepoint: 89817 ns, At safepoint: 49908 ns, Total: 139725 ns
[2020-09-11T17:24:07.252+0000][1][safepoint    ] Safepoint "RevokeBias", Time since last: 2391356634 ns, Reaching safepoint: 103537 ns, At safepoint: 22394 ns, Total: 125931 ns
[2020-09-11T17:24:09.505+0000][1][safepoint    ] Safepoint "RevokeBias", Time since last: 2252372241 ns, Reaching safepoint: 95056 ns, At safepoint: 59976 ns, Total: 155032 ns
[2020-09-11T17:24:09.800+0000][1][safepoint    ] Safepoint "RevokeBias", Time since last: 294497654 ns, Reaching safepoint: 261583 ns, At safepoint: 331594 ns, Total: 593177 ns
[2020-09-11T17:24:09.807+0000][1][safepoint    ] Safepoint "RevokeBias", Time since last: 6965312 ns, Reaching safepoint: 91076 ns, At safepoint: 26693 ns, Total: 117769 ns
[2020-09-11T17:24:13.474+0000][1][gc,start     ] GC(170) Pause Young (Allocation Failure)
[2020-09-11T17:24:13.474+0000][1][gc,task      ] GC(170) Using 1 workers of 1 for evacuation
[2020-09-11T17:24:13.483+0000][1][gc,age       ] GC(170) Desired survivor size 4358144 bytes, new threshold 6 (max threshold 6)
[2020-09-11T17:24:13.483+0000][1][gc,age       ] GC(170) Age table with threshold 6 (max threshold 6)
[2020-09-11T17:24:13.483+0000][1][gc,age       ] GC(170) - age   1:      91744 bytes,      91744 total
[2020-09-11T17:24:13.483+0000][1][gc,age       ] GC(170) - age   2:      34944 bytes,     126688 total
[2020-09-11T17:24:13.483+0000][1][gc,age       ] GC(170) - age   3:      91408 bytes,     218096 total
[2020-09-11T17:24:13.483+0000][1][gc,age       ] GC(170) - age   4:     390264 bytes,     608360 total
[2020-09-11T17:24:13.483+0000][1][gc,age       ] GC(170) - age   5:      21352 bytes,     629712 total
[2020-09-11T17:24:13.483+0000][1][gc,age       ] GC(170) - age   6:      15240 bytes,     644952 total
[2020-09-11T17:24:13.483+0000][1][gc,heap      ] GC(170) ParNew: 69480K->1237K(76672K)
[2020-09-11T17:24:13.483+0000][1][gc,heap      ] GC(170) CMS: 115651K->116266K(439104K)
[2020-09-11T17:24:13.483+0000][1][gc,metaspace ] GC(170) Metaspace: 95296K->95296K(1136640K)
[2020-09-11T17:24:13.484+0000][1][gc           ] GC(170) Pause Young (Allocation Failure) 180M->114M(503M) 9.764ms
[2020-09-11T17:24:13.484+0000][1][gc,cpu       ] GC(170) User=0.01s Sys=0.00s Real=0.01s
[2020-09-11T17:24:13.484+0000][1][safepoint    ] Safepoint "GenCollectForAllocation", Time since last: 3666629627 ns, Reaching safepoint: 158426 ns, At safepoint: 9882755 ns, Total: 10041181 ns
[2020-09-11T17:24:14.830+0000][1][safepoint    ] Safepoint "RevokeBias", Time since last: 1345871900 ns, Reaching safepoint: 181689 ns, At safepoint: 321542 ns, Total: 503231 ns
[2020-09-11T17:24:14.835+0000][1][safepoint    ] Safepoint "RevokeBias", Time since last: 4556338 ns, Reaching safepoint: 88105 ns, At safepoint: 33276 ns, Total: 121381 ns
[2020-09-11T17:24:14.842+0000][1][safepoint    ] Safepoint "RevokeBias", Time since last: 7640555 ns, Reaching safepoint: 88424 ns, At safepoint: 34401 ns, Total: 122825 ns
[2020-09-11T17:24:17.242+0000][1][safepoint    ] Safepoint "RevokeBias", Time since last: 2399597431 ns, Reaching safepoint: 97048 ns, At safepoint: 25666 ns, Total: 122714 ns
[2020-09-11T17:24:19.455+0000][1][safepoint    ] Safepoint "RevokeBias", Time since last: 2212682985 ns, Reaching safepoint: 89454 ns, At safepoint: 21014 ns, Total: 110468 ns
[2020-09-11T17:24:19.859+0000][1][safepoint    ] Safepoint "RevokeBias", Time since last: 404405694 ns, Reaching safepoint: 90790 ns, At safepoint: 23674 ns, Total: 114464 ns
[2020-09-11T17:24:19.863+0000][1][safepoint    ] Safepoint "RevokeBias", Time since last: 3170166 ns, Reaching safepoint: 164272 ns, At safepoint: 22447 ns, Total: 186719 ns
[2020-09-11T17:24:24.882+0000][1][safepoint    ] Safepoint "RevokeBias", Time since last: 5018554705 ns, Reaching safepoint: 168258 ns, At safepoint: 25031 ns, Total: 193289 ns
[2020-09-11T17:24:24.886+0000][1][safepoint    ] Safepoint "RevokeBias", Time since last: 4528202 ns, Reaching safepoint: 81982 ns, At safepoint: 22704 ns, Total: 104686 ns
[2020-09-11T17:24:24.889+0000][1][safepoint    ] Safepoint "RevokeBias", Time since last: 2809792 ns, Reaching safepoint: 163131 ns, At safepoint: 22029 ns, Total: 185160 ns
[2020-09-11T17:24:27.298+0000][1][safepoint    ] Safepoint "RevokeBias", Time since last: 2408501843 ns, Reaching safepoint: 87023 ns, At safepoint: 22432 ns, Total: 109455 ns
[2020-09-11T17:24:29.450+0000][1][safepoint    ] Safepoint "RevokeBias", Time since last: 2152395841 ns, Reaching safepoint: 88596 ns, At safepoint: 23053 ns, Total: 111649 ns
[2020-09-11T17:24:29.499+0000][1][gc,start     ] GC(171) Pause Young (Allocation Failure)
[2020-09-11T17:24:29.500+0000][1][gc,task      ] GC(171) Using 1 workers of 1 for evacuation
[2020-09-11T17:24:29.509+0000][1][gc,age       ] GC(171) Desired survivor size 4358144 bytes, new threshold 6 (max threshold 6)
[2020-09-11T17:24:29.509+0000][1][gc,age       ] GC(171) Age table with threshold 6 (max threshold 6)
[2020-09-11T17:24:29.509+0000][1][gc,age       ] GC(171) - age   1:     288096 bytes,     288096 total
[2020-09-11T17:24:29.509+0000][1][gc,age       ] GC(171) - age   2:      41120 bytes,     329216 total
[2020-09-11T17:24:29.509+0000][1][gc,age       ] GC(171) - age   3:      33160 bytes,     362376 total
[2020-09-11T17:24:29.509+0000][1][gc,age       ] GC(171) - age   4:      91376 bytes,     453752 total
[2020-09-11T17:24:29.509+0000][1][gc,age       ] GC(171) - age   5:     390264 bytes,     844016 total
[2020-09-11T17:24:29.509+0000][1][gc,age       ] GC(171) - age   6:      21352 bytes,     865368 total
[2020-09-11T17:24:29.509+0000][1][gc,heap      ] GC(171) ParNew: 69397K->1091K(76672K)
[2020-09-11T17:24:29.509+0000][1][gc,heap      ] GC(171) CMS: 116266K->116281K(439104K)
[2020-09-11T17:24:29.510+0000][1][gc,metaspace ] GC(171) Metaspace: 95309K->95309K(1136640K)
[2020-09-11T17:24:29.510+0000][1][gc           ] GC(171) Pause Young (Allocation Failure) 181M->114M(503M) 10.050ms
[2020-09-11T17:24:29.510+0000][1][gc,cpu       ] GC(171) User=0.00s Sys=0.00s Real=0.01s
[2020-09-11T17:24:29.510+0000][1][safepoint    ] Safepoint "GenCollectForAllocation", Time since last: 49046633 ns, Reaching safepoint: 91078 ns, At safepoint: 10418535 ns, Total: 10509613 ns
[2020-09-11T17:24:29.916+0000][1][safepoint    ] Safepoint "RevokeBias", Time since last: 405976720 ns, Reaching safepoint: 82352 ns, At safepoint: 32819 ns, Total: 115171 ns
[2020-09-11T17:24:29.920+0000][1][safepoint    ] Safepoint "RevokeBias", Time since last: 3505120 ns, Reaching safepoint: 85981 ns, At safepoint: 33798 ns, Total: 119779 ns
[2020-09-11T17:24:34.892+0000][1][safepoint    ] Safepoint "RevokeBias", Time since last: 4971875369 ns, Reaching safepoint: 168309 ns, At safepoint: 24447 ns, Total: 192756 ns
[2020-09-11T17:24:34.931+0000][1][safepoint    ] Safepoint "RevokeBias", Time since last: 38979764 ns, Reaching safepoint: 86319 ns, At safepoint: 24397 ns, Total: 110716 ns
[2020-09-11T17:24:34.934+0000][1][safepoint    ] Safepoint "RevokeBias", Time since last: 2860242 ns, Reaching safepoint: 90928 ns, At safepoint: 25321 ns, Total: 116249 ns
[2020-09-11T17:24:37.247+0000][1][safepoint    ] Safepoint "RevokeBias", Time since last: 2313276151 ns, Reaching safepoint: 93535 ns, At safepoint: 22011 ns, Total: 115546 ns
[2020-09-11T17:24:39.450+0000][1][safepoint    ] Safepoint "RevokeBias", Time since last: 2202327548 ns, Reaching safepoint: 94966 ns, At safepoint: 21693 ns, Total: 116659 ns
[2020-09-11T17:24:39.945+0000][1][safepoint    ] Safepoint "RevokeBias", Time since last: 495361430 ns, Reaching safepoint: 173362 ns, At safepoint: 21408 ns, Total: 194770 ns
[2020-09-11T17:24:39.949+0000][1][safepoint    ] Safepoint "RevokeBias", Time since last: 3790063 ns, Reaching safepoint: 91345 ns, At safepoint: 25129 ns, Total: 116474 ns
[2020-09-11T17:24:44.825+0000][1][safepoint    ] Safepoint "RevokeBias", Time since last: 4875826927 ns, Reaching safepoint: 163488 ns, At safepoint: 32784 ns, Total: 196272 ns
[2020-09-11T17:24:44.960+0000][1][safepoint    ] Safepoint "RevokeBias", Time since last: 134664259 ns, Reaching safepoint: 85294 ns, At safepoint: 25168 ns, Total: 110462 ns
[2020-09-11T17:24:44.970+0000][1][safepoint    ] Safepoint "RevokeBias", Time since last: 9593235 ns, Reaching safepoint: 170183 ns, At safepoint: 26478 ns, Total: 196661 ns
[2020-09-11T17:24:47.237+0000][1][safepoint    ] Safepoint "RevokeBias", Time since last: 2267307680 ns, Reaching safepoint: 90381 ns, At safepoint: 27229 ns, Total: 117610 ns
[2020-09-11T17:24:49.237+0000][1][safepoint    ] Safepoint "Cleanup", Time since last: 2000185948 ns, Reaching safepoint: 85492 ns, At safepoint: 9328 ns, Total: 94820 ns
[2020-09-11T17:24:49.532+0000][1][safepoint    ] Safepoint "RevokeBias", Time since last: 294994045 ns, Reaching safepoint: 87989 ns, At safepoint: 22583 ns, Total: 110572 ns
[2020-09-11T17:24:49.975+0000][1][safepoint    ] Safepoint "RevokeBias", Time since last: 442371263 ns, Reaching safepoint: 85710 ns, At safepoint: 21179 ns, Total: 106889 ns
[2020-09-11T17:24:49.983+0000][1][safepoint    ] Safepoint "RevokeBias", Time since last: 8002225 ns, Reaching safepoint: 88971 ns, At safepoint: 21533 ns, Total: 110504 ns
[2020-09-11T17:24:50.983+0000][1][safepoint    ] Safepoint "Cleanup", Time since last: 1000111516 ns, Reaching safepoint: 87614 ns, At safepoint: 10067 ns, Total: 97681 ns
[2020-09-11T17:24:51.158+0000][1][gc,start     ] GC(172) Pause Young (Allocation Failure)
[2020-09-11T17:24:51.158+0000][1][gc,task      ] GC(172) Using 1 workers of 1 for evacuation
[2020-09-11T17:24:51.164+0000][1][gc,age       ] GC(172) Desired survivor size 4358144 bytes, new threshold 6 (max threshold 6)
[2020-09-11T17:24:51.164+0000][1][gc,age       ] GC(172) Age table with threshold 6 (max threshold 6)
[2020-09-11T17:24:51.164+0000][1][gc,age       ] GC(172) - age   1:     388376 bytes,     388376 total
[2020-09-11T17:24:51.164+0000][1][gc,age       ] GC(172) - age   2:     201080 bytes,     589456 total
[2020-09-11T17:24:51.164+0000][1][gc,age       ] GC(172) - age   3:      35896 bytes,     625352 total
[2020-09-11T17:24:51.164+0000][1][gc,age       ] GC(172) - age   4:      33160 bytes,     658512 total
[2020-09-11T17:24:51.164+0000][1][gc,age       ] GC(172) - age   5:      91376 bytes,     749888 total
[2020-09-11T17:24:51.164+0000][1][gc,age       ] GC(172) - age   6:     390264 bytes,    1140152 total
[2020-09-11T17:24:51.164+0000][1][gc,heap      ] GC(172) ParNew: 69208K->1540K(76672K)
[2020-09-11T17:24:51.164+0000][1][gc,heap      ] GC(172) CMS: 116281K->116301K(439104K)
[2020-09-11T17:24:51.164+0000][1][gc,metaspace ] GC(172) Metaspace: 95311K->95311K(1136640K)
[2020-09-11T17:24:51.164+0000][1][gc           ] GC(172) Pause Young (Allocation Failure) 181M->115M(503M) 6.720ms
[2020-09-11T17:24:51.164+0000][1][gc,cpu       ] GC(172) User=0.01s Sys=0.00s Real=0.01s
[2020-09-11T17:24:51.165+0000][1][safepoint    ] Safepoint "GenCollectForAllocation", Time since last: 174425617 ns, Reaching safepoint: 78018 ns, At safepoint: 6791510 ns, Total: 6869528 ns
[2020-09-11T17:24:52.165+0000][1][safepoint    ] Safepoint "Cleanup", Time since last: 1000515413 ns, Reaching safepoint: 81285 ns, At safepoint: 18040 ns, Total: 99325 ns
[2020-09-11T17:24:53.165+0000][1][safepoint    ] Safepoint "Cleanup", Time since last: 1000112243 ns, Reaching safepoint: 102009 ns, At safepoint: 17168 ns, Total: 119177 ns
[2020-09-11T17:24:54.166+0000][1][safepoint    ] Safepoint "Cleanup", Time since last: 1000113136 ns, Reaching safepoint: 92468 ns, At safepoint: 9784 ns, Total: 102252 ns
[2020-09-11T17:24:54.889+0000][1][safepoint    ] Safepoint "RevokeBias", Time since last: 723318263 ns, Reaching safepoint: 90044 ns, At safepoint: 21820 ns, Total: 111864 ns
[2020-09-11T17:24:54.992+0000][1][safepoint    ] Safepoint "RevokeBias", Time since last: 102416569 ns, Reaching safepoint: 86293 ns, At safepoint: 24482 ns, Total: 110775 ns
[2020-09-11T17:24:54.995+0000][1][safepoint    ] Safepoint "RevokeBias", Time since last: 3583617 ns, Reaching safepoint: 171820 ns, At safepoint: 38376 ns, Total: 210196 ns
[2020-09-11T17:24:55.996+0000][1][safepoint    ] Safepoint "Cleanup", Time since last: 1000111626 ns, Reaching safepoint: 85060 ns, At safepoint: 9661 ns, Total: 94721 ns
[2020-09-11T17:24:56.996+0000][1][safepoint    ] Safepoint "Cleanup", Time since last: 1000107447 ns, Reaching safepoint: 81406 ns, At safepoint: 7075 ns, Total: 88481 ns
[2020-09-11T17:24:57.232+0000][1][safepoint    ] Safepoint "RevokeBias", Time since last: 235748997 ns, Reaching safepoint: 87660 ns, At safepoint: 21817 ns, Total: 109477 ns
[2020-09-11T17:24:58.232+0000][1][safepoint    ] Safepoint "Cleanup", Time since last: 1000110651 ns, Reaching safepoint: 87480 ns, At safepoint: 10081 ns, Total: 97561 ns
[2020-09-11T17:24:59.232+0000][1][safepoint    ] Safepoint "Cleanup", Time since last: 1000115937 ns, Reaching safepoint: 86265 ns, At safepoint: 10037 ns, Total: 96302 ns
[2020-09-11T17:24:59.495+0000][1][safepoint    ] Safepoint "RevokeBias", Time since last: 262708611 ns, Reaching safepoint: 95455 ns, At safepoint: 33552 ns, Total: 129007 ns
[2020-09-11T17:25:00.013+0000][1][safepoint    ] Safepoint "RevokeBias", Time since last: 518513917 ns, Reaching safepoint: 81936 ns, At safepoint: 27388 ns, Total: 109324 ns
[2020-09-11T17:25:00.017+0000][1][safepoint    ] Safepoint "RevokeBias", Time since last: 3667073 ns, Reaching safepoint: 84614 ns, At safepoint: 20722 ns, Total: 105336 ns
[2020-09-11T17:25:01.017+0000][1][safepoint    ] Safepoint "Cleanup", Time since last: 1000107455 ns, Reaching safepoint: 87462 ns, At safepoint: 9509 ns, Total: 96971 ns
[2020-09-11T17:25:02.018+0000][1][safepoint    ] Safepoint "Cleanup", Time since last: 1000109727 ns, Reaching safepoint: 79994 ns, At safepoint: 6186 ns, Total: 86180 ns
[2020-09-11T17:25:03.018+0000][1][safepoint    ] Safepoint "Cleanup", Time since last: 1000109146 ns, Reaching safepoint: 84083 ns, At safepoint: 8645 ns, Total: 92728 ns
[2020-09-11T17:25:04.018+0000][1][safepoint    ] Safepoint "Cleanup", Time since last: 1000105025 ns, Reaching safepoint: 82668 ns, At safepoint: 6374 ns, Total: 89042 ns
[2020-09-11T17:25:04.825+0000][1][safepoint    ] Safepoint "RevokeBias", Time since last: 806932837 ns, Reaching safepoint: 90220 ns, At safepoint: 21281 ns, Total: 111501 ns
[2020-09-11T17:25:05.029+0000][1][safepoint    ] Safepoint "RevokeBias", Time since last: 203932416 ns, Reaching safepoint: 85895 ns, At safepoint: 26464 ns, Total: 112359 ns
[2020-09-11T17:25:05.039+0000][1][safepoint    ] Safepoint "BulkRevokeBias", Time since last: 9236259 ns, Reaching safepoint: 170701 ns, At safepoint: 247720 ns, Total: 418421 ns
[2020-09-11T17:25:06.039+0000][1][safepoint    ] Safepoint "Cleanup", Time since last: 1000113920 ns, Reaching safepoint: 85656 ns, At safepoint: 9002 ns, Total: 94658 ns
[2020-09-11T17:25:07.040+0000][1][safepoint    ] Safepoint "Cleanup", Time since last: 1000727824 ns, Reaching safepoint: 87318 ns, At safepoint: 6358 ns, Total: 93676 ns
[2020-09-11T17:25:07.215+0000][1][safepoint    ] Safepoint "RevokeBias", Time since last: 175252368 ns, Reaching safepoint: 91418 ns, At safepoint: 22109 ns, Total: 113527 ns
[2020-09-11T17:25:08.215+0000][1][safepoint    ] Safepoint "Cleanup", Time since last: 1000099884 ns, Reaching safepoint: 84751 ns, At safepoint: 9149 ns, Total: 93900 ns
[2020-09-11T17:25:09.216+0000][1][safepoint    ] Safepoint "Cleanup", Time since last: 1000108658 ns, Reaching safepoint: 84061 ns, At safepoint: 7683 ns, Total: 91744 ns
[2020-09-11T17:25:09.481+0000][1][safepoint    ] Safepoint "RevokeBias", Time since last: 265641253 ns, Reaching safepoint: 95330 ns, At safepoint: 23064 ns, Total: 118394 ns
[2020-09-11T17:25:10.042+0000][1][safepoint    ] Safepoint "RevokeBias", Time since last: 559719291 ns, Reaching safepoint: 245672 ns, At safepoint: 329053 ns, Total: 574725 ns
[2020-09-11T17:25:10.052+0000][1][safepoint    ] Safepoint "RevokeBias", Time since last: 10525622 ns, Reaching safepoint: 94121 ns, At safepoint: 24435 ns, Total: 118556 ns
[2020-09-11T17:25:11.053+0000][1][safepoint    ] Safepoint "Cleanup", Time since last: 1000115029 ns, Reaching safepoint: 86327 ns, At safepoint: 16792 ns, Total: 103119 ns
[2020-09-11T17:25:12.053+0000][1][safepoint    ] Safepoint "Cleanup", Time since last: 1000109001 ns, Reaching safepoint: 104674 ns, At safepoint: 40711 ns, Total: 145385 ns
[2020-09-11T17:25:13.053+0000][1][safepoint    ] Safepoint "Cleanup", Time since last: 1000102374 ns, Reaching safepoint: 81845 ns, At safepoint: 22312 ns, Total: 104157 ns
[2020-09-11T17:25:14.053+0000][1][safepoint    ] Safepoint "Cleanup", Time since last: 1000108995 ns, Reaching safepoint: 84313 ns, At safepoint: 9040 ns, Total: 93353 ns
[2020-09-11T17:25:14.830+0000][1][safepoint    ] Safepoint "RevokeBias", Time since last: 776219415 ns, Reaching safepoint: 167080 ns, At safepoint: 36268 ns, Total: 203348 ns
[2020-09-11T17:25:14.831+0000][1][gc,start     ] GC(173) Pause Young (Allocation Failure)
[2020-09-11T17:25:14.831+0000][1][gc,task      ] GC(173) Using 1 workers of 1 for evacuation
[2020-09-11T17:25:14.840+0000][1][gc,age       ] GC(173) Desired survivor size 4358144 bytes, new threshold 6 (max threshold 6)
[2020-09-11T17:25:14.840+0000][1][gc,age       ] GC(173) Age table with threshold 6 (max threshold 6)
[2020-09-11T17:25:14.840+0000][1][gc,age       ] GC(173) - age   1:     668592 bytes,     668592 total
[2020-09-11T17:25:14.840+0000][1][gc,age       ] GC(173) - age   2:     332152 bytes,    1000744 total
[2020-09-11T17:25:14.840+0000][1][gc,age       ] GC(173) - age   3:     199024 bytes,    1199768 total
[2020-09-11T17:25:14.840+0000][1][gc,age       ] GC(173) - age   4:      35608 bytes,    1235376 total
[2020-09-11T17:25:14.840+0000][1][gc,age       ] GC(173) - age   5:      33160 bytes,    1268536 total
[2020-09-11T17:25:14.840+0000][1][gc,age       ] GC(173) - age   6:      91064 bytes,    1359600 total
[2020-09-11T17:25:14.840+0000][1][gc,heap      ] GC(173) ParNew: 69700K->2055K(76672K)
[2020-09-11T17:25:14.840+0000][1][gc,heap      ] GC(173) CMS: 116301K->116682K(439104K)
[2020-09-11T17:25:14.840+0000][1][gc,metaspace ] GC(173) Metaspace: 95313K->95313K(1136640K)
[2020-09-11T17:25:14.840+0000][1][gc           ] GC(173) Pause Young (Allocation Failure) 181M->115M(503M) 9.425ms
[2020-09-11T17:25:14.840+0000][1][gc,cpu       ] GC(173) User=0.00s Sys=0.00s Real=0.01s
[2020-09-11T17:25:14.840+0000][1][safepoint    ] Safepoint "GenCollectForAllocation", Time since last: 1013891 ns, Reaching safepoint: 139121 ns, At safepoint: 9502802 ns, Total: 9641923 ns
[2020-09-11T17:25:15.068+0000][1][safepoint    ] Safepoint "RevokeBias", Time since last: 227155956 ns, Reaching safepoint: 88350 ns, At safepoint: 36013 ns, Total: 124363 ns
[2020-09-11T17:25:15.071+0000][1][safepoint    ] Safepoint "RevokeBias", Time since last: 3295916 ns, Reaching safepoint: 90769 ns, At safepoint: 36614 ns, Total: 127383 ns
[2020-09-11T17:25:16.072+0000][1][safepoint    ] Safepoint "Cleanup", Time since last: 1000621513 ns, Reaching safepoint: 80453 ns, At safepoint: 19972 ns, Total: 100425 ns
[2020-09-11T17:25:17.072+0000][1][safepoint    ] Safepoint "Cleanup", Time since last: 1000127221 ns, Reaching safepoint: 75358 ns, At safepoint: 5647 ns, Total: 81005 ns
[2020-09-11T17:25:17.251+0000][1][safepoint    ] Safepoint "BulkRevokeBias", Time since last: 178313273 ns, Reaching safepoint: 91280 ns, At safepoint: 217992 ns, Total: 309272 ns
[2020-09-11T17:25:18.251+0000][1][safepoint    ] Safepoint "Cleanup", Time since last: 1000111643 ns, Reaching safepoint: 84758 ns, At safepoint: 9088 ns, Total: 93846 ns
[2020-09-11T17:25:19.251+0000][1][safepoint    ] Safepoint "Cleanup", Time since last: 1000115640 ns, Reaching safepoint: 85619 ns, At safepoint: 9858 ns, Total: 95477 ns
[2020-09-11T17:25:19.511+0000][1][safepoint    ] Safepoint "RevokeBias", Time since last: 260353136 ns, Reaching safepoint: 93391 ns, At safepoint: 21083 ns, Total: 114474 ns
[2020-09-11T17:25:20.082+0000][1][safepoint    ] Safepoint "RevokeBias", Time since last: 570376310 ns, Reaching safepoint: 91102 ns, At safepoint: 25476 ns, Total: 116578 ns
[2020-09-11T17:25:20.086+0000][1][safepoint    ] Safepoint "RevokeBias", Time since last: 3784351 ns, Reaching safepoint: 87494 ns, At safepoint: 24524 ns, Total: 112018 ns
[2020-09-11T17:25:21.086+0000][1][safepoint    ] Safepoint "Cleanup", Time since last: 1000117283 ns, Reaching safepoint: 86765 ns, At safepoint: 9547 ns, Total: 96312 ns
[2020-09-11T17:25:22.086+0000][1][safepoint    ] Safepoint "Cleanup", Time since last: 1000117078 ns, Reaching safepoint: 91515 ns, At safepoint: 9944 ns, Total: 101459 ns
[2020-09-11T17:25:23.086+0000][1][safepoint    ] Safepoint "Cleanup", Time since last: 1000109763 ns, Reaching safepoint: 84120 ns, At safepoint: 10253 ns, Total: 94373 ns
[2020-09-11T17:25:24.087+0000][1][safepoint    ] Safepoint "Cleanup", Time since last: 1000108126 ns, Reaching safepoint: 83463 ns, At safepoint: 8425 ns, Total: 91888 ns
[2020-09-11T17:25:24.814+0000][1][safepoint    ] Safepoint "RevokeBias", Time since last: 727560289 ns, Reaching safepoint: 89882 ns, At safepoint: 22510 ns, Total: 112392 ns
[2020-09-11T17:25:25.097+0000][1][safepoint    ] Safepoint "RevokeBias", Time since last: 282399679 ns, Reaching safepoint: 103227 ns, At safepoint: 24485 ns, Total: 127712 ns
[2020-09-11T17:25:25.110+0000][1][safepoint    ] Safepoint "RevokeBias", Time since last: 12787880 ns, Reaching safepoint: 163285 ns, At safepoint: 24542 ns, Total: 187827 ns
[2020-09-11T17:25:26.110+0000][1][safepoint    ] Safepoint "Cleanup", Time since last: 1000110282 ns, Reaching safepoint: 87315 ns, At safepoint: 9441 ns, Total: 96756 ns
[2020-09-11T17:25:27.113+0000][1][safepoint    ] Safepoint "Cleanup", Time since last: 1002800684 ns, Reaching safepoint: 81675 ns, At safepoint: 6632 ns, Total: 88307 ns
[2020-09-11T17:25:27.203+0000][1][safepoint    ] Safepoint "RevokeBias", Time since last: 89659953 ns, Reaching safepoint: 85712 ns, At safepoint: 21134 ns, Total: 106846 ns
[2020-09-11T17:25:28.203+0000][1][safepoint    ] Safepoint "Cleanup", Time since last: 1000113649 ns, Reaching safepoint: 81090 ns, At safepoint: 6727 ns, Total: 87817 ns
[2020-09-11T17:25:29.203+0000][1][safepoint    ] Safepoint "Cleanup", Time since last: 1000109713 ns, Reaching safepoint: 85995 ns, At safepoint: 9644 ns, Total: 95639 ns
[2020-09-11T17:25:29.514+0000][1][safepoint    ] Safepoint "RevokeBias", Time since last: 310756444 ns, Reaching safepoint: 89403 ns, At safepoint: 21519 ns, Total: 110922 ns
[2020-09-11T17:25:30.128+0000][1][safepoint    ] Safepoint "RevokeBias", Time since last: 613639263 ns, Reaching safepoint: 88697 ns, At safepoint: 25349 ns, Total: 114046 ns
[2020-09-11T17:25:30.131+0000][1][safepoint    ] Safepoint "RevokeBias", Time since last: 3372929 ns, Reaching safepoint: 93837 ns, At safepoint: 25168 ns, Total: 119005 ns
[2020-09-11T17:25:31.131+0000][1][safepoint    ] Safepoint "Cleanup", Time since last: 1000109868 ns, Reaching safepoint: 86002 ns, At safepoint: 9350 ns, Total: 95352 ns
[2020-09-11T17:25:32.132+0000][1][safepoint    ] Safepoint "Cleanup", Time since last: 1000104351 ns, Reaching safepoint: 81967 ns, At safepoint: 8586 ns, Total: 90553 ns
[2020-09-11T17:25:33.132+0000][1][safepoint    ] Safepoint "Cleanup", Time since last: 1000106205 ns, Reaching safepoint: 80565 ns, At safepoint: 8203 ns, Total: 88768 ns
[2020-09-11T17:25:33.568+0000][1][gc,start     ] GC(174) Pause Young (Allocation Failure)
[2020-09-11T17:25:33.568+0000][1][gc,task      ] GC(174) Using 1 workers of 1 for evacuation
[2020-09-11T17:25:33.575+0000][1][gc,age       ] GC(174) Desired survivor size 4358144 bytes, new threshold 6 (max threshold 6)
[2020-09-11T17:25:33.575+0000][1][gc,age       ] GC(174) Age table with threshold 6 (max threshold 6)
[2020-09-11T17:25:33.575+0000][1][gc,age       ] GC(174) - age   1:      90168 bytes,      90168 total
[2020-09-11T17:25:33.575+0000][1][gc,age       ] GC(174) - age   2:     598584 bytes,     688752 total
[2020-09-11T17:25:33.575+0000][1][gc,age       ] GC(174) - age   3:     331336 bytes,    1020088 total
[2020-09-11T17:25:33.575+0000][1][gc,age       ] GC(174) - age   4:     199024 bytes,    1219112 total
[2020-09-11T17:25:33.575+0000][1][gc,age       ] GC(174) - age   5:      35608 bytes,    1254720 total
[2020-09-11T17:25:33.575+0000][1][gc,age       ] GC(174) - age   6:      33160 bytes,    1287880 total
[2020-09-11T17:25:33.575+0000][1][gc,heap      ] GC(174) ParNew: 70215K->2505K(76672K)
[2020-09-11T17:25:33.575+0000][1][gc,heap      ] GC(174) CMS: 116682K->116771K(439104K)
[2020-09-11T17:25:33.575+0000][1][gc,metaspace ] GC(174) Metaspace: 95316K->95316K(1136640K)
[2020-09-11T17:25:33.575+0000][1][gc           ] GC(174) Pause Young (Allocation Failure) 182M->116M(503M) 6.802ms
[2020-09-11T17:25:33.575+0000][1][gc,cpu       ] GC(174) User=0.01s Sys=0.00s Real=0.01s
[2020-09-11T17:25:33.577+0000][1][safepoint    ] Safepoint "GenCollectForAllocation", Time since last: 433937998 ns, Reaching safepoint: 2140739 ns, At safepoint: 8927873 ns, Total: 11068612 ns
[2020-09-11T17:25:34.578+0000][1][safepoint    ] Safepoint "Cleanup", Time since last: 1001457566 ns, Reaching safepoint: 75669 ns, At safepoint: 17965 ns, Total: 93634 ns
[2020-09-11T17:25:34.881+0000][1][safepoint    ] Safepoint "RevokeBias", Time since last: 302908633 ns, Reaching safepoint: 89079 ns, At safepoint: 21693 ns, Total: 110772 ns
[2020-09-11T17:25:35.139+0000][1][safepoint    ] Safepoint "RevokeBias", Time since last: 257802843 ns, Reaching safepoint: 89279 ns, At safepoint: 25387 ns, Total: 114666 ns
[2020-09-11T17:25:35.142+0000][1][safepoint    ] Safepoint "RevokeBias", Time since last: 2496447 ns, Reaching safepoint: 85983 ns, At safepoint: 23854 ns, Total: 109837 ns
[2020-09-11T17:25:36.142+0000][1][safepoint    ] Safepoint "Cleanup", Time since last: 1000106497 ns, Reaching safepoint: 80256 ns, At safepoint: 8423 ns, Total: 88679 ns
[2020-09-11T17:25:37.142+0000][1][safepoint    ] Safepoint "Cleanup", Time since last: 1000099503 ns, Reaching safepoint: 82030 ns, At safepoint: 6941 ns, Total: 88971 ns
[2020-09-11T17:25:37.241+0000][1][safepoint    ] Safepoint "RevokeBias", Time since last: 99060471 ns, Reaching safepoint: 86309 ns, At safepoint: 21887 ns, Total: 108196 ns
[2020-09-11T17:25:38.242+0000][1][safepoint    ] Safepoint "Cleanup", Time since last: 1000116914 ns, Reaching safepoint: 92452 ns, At safepoint: 7061 ns, Total: 99513 ns
[2020-09-11T17:25:39.242+0000][1][safepoint    ] Safepoint "Cleanup", Time since last: 1000111358 ns, Reaching safepoint: 82610 ns, At safepoint: 9182 ns, Total: 91792 ns
[2020-09-11T17:25:39.457+0000][1][safepoint    ] Safepoint "RevokeBias", Time since last: 215405154 ns, Reaching safepoint: 88389 ns, At safepoint: 25404 ns, Total: 113793 ns
[2020-09-11T17:25:40.151+0000][1][safepoint    ] Safepoint "RevokeBias", Time since last: 693814573 ns, Reaching safepoint: 95493 ns, At safepoint: 25954 ns, Total: 121447 ns
[2020-09-11T17:25:40.160+0000][1][safepoint    ] Safepoint "RevokeBias", Time since last: 8172014 ns, Reaching safepoint: 92960 ns, At safepoint: 25995 ns, Total: 118955 ns
[2020-09-11T17:25:41.160+0000][1][safepoint    ] Safepoint "Cleanup", Time since last: 1000116306 ns, Reaching safepoint: 78031 ns, At safepoint: 7580 ns, Total: 85611 ns
[2020-09-11T17:25:42.160+0000][1][safepoint    ] Safepoint "Cleanup", Time since last: 1000102392 ns, Reaching safepoint: 78851 ns, At safepoint: 8923 ns, Total: 87774 ns
[2020-09-11T17:25:43.160+0000][1][safepoint    ] Safepoint "Cleanup", Time since last: 1000109692 ns, Reaching safepoint: 96567 ns, At safepoint: 7987 ns, Total: 104554 ns
[2020-09-11T17:25:44.160+0000][1][safepoint    ] Safepoint "Cleanup", Time since last: 1000103744 ns, Reaching safepoint: 80992 ns, At safepoint: 8946 ns, Total: 89938 ns
[2020-09-11T17:25:44.913+0000][1][safepoint    ] Safepoint "RevokeBias", Time since last: 752683016 ns, Reaching safepoint: 171272 ns, At safepoint: 42069 ns, Total: 213341 ns
[2020-09-11T17:25:45.159+0000][1][safepoint    ] Safepoint "RevokeBias", Time since last: 245945908 ns, Reaching safepoint: 86629 ns, At safepoint: 24690 ns, Total: 111319 ns
[2020-09-11T17:25:45.170+0000][1][safepoint    ] Safepoint "RevokeBias", Time since last: 10200412 ns, Reaching safepoint: 172819 ns, At safepoint: 26464 ns, Total: 199283 ns
[2020-09-11T17:25:46.170+0000][1][safepoint    ] Safepoint "Cleanup", Time since last: 1000108558 ns, Reaching safepoint: 82843 ns, At safepoint: 7969 ns, Total: 90812 ns
[2020-09-11T17:25:47.170+0000][1][safepoint    ] Safepoint "Cleanup", Time since last: 1000105464 ns, Reaching safepoint: 87072 ns, At safepoint: 6712 ns, Total: 93784 ns
[2020-09-11T17:25:47.199+0000][1][safepoint    ] Safepoint "RevokeBias", Time since last: 28605482 ns, Reaching safepoint: 88324 ns, At safepoint: 23665 ns, Total: 111989 ns
[2020-09-11T17:25:49.451+0000][1][safepoint    ] Safepoint "RevokeBias", Time since last: 2251608792 ns, Reaching safepoint: 86246 ns, At safepoint: 20627 ns, Total: 106873 ns
[2020-09-11T17:25:50.167+0000][1][safepoint    ] Safepoint "RevokeBias", Time since last: 716105383 ns, Reaching safepoint: 80877 ns, At safepoint: 21576 ns, Total: 102453 ns
[2020-09-11T17:25:50.179+0000][1][safepoint    ] Safepoint "RevokeBias", Time since last: 11875022 ns, Reaching safepoint: 86621 ns, At safepoint: 21398 ns, Total: 108019 ns
[2020-09-11T17:25:54.179+0000][1][safepoint    ] Safepoint "Cleanup", Time since last: 4000334589 ns, Reaching safepoint: 94326 ns, At safepoint: 9114 ns, Total: 103440 ns
[2020-09-11T17:25:54.819+0000][1][safepoint    ] Safepoint "RevokeBias", Time since last: 639796645 ns, Reaching safepoint: 89392 ns, At safepoint: 21309 ns, Total: 110701 ns
[2020-09-11T17:25:55.180+0000][1][safepoint    ] Safepoint "RevokeBias", Time since last: 360539055 ns, Reaching safepoint: 89288 ns, At safepoint: 23844 ns, Total: 113132 ns
[2020-09-11T17:25:55.189+0000][1][safepoint    ] Safepoint "RevokeBias", Time since last: 9140568 ns, Reaching safepoint: 162694 ns, At safepoint: 23768 ns, Total: 186462 ns
[2020-09-11T17:25:57.111+0000][1][gc,start     ] GC(175) Pause Young (Allocation Failure)
[2020-09-11T17:25:57.111+0000][1][gc,task      ] GC(175) Using 1 workers of 1 for evacuation
[2020-09-11T17:25:57.129+0000][1][gc,age       ] GC(175) Desired survivor size 4358144 bytes, new threshold 6 (max threshold 6)
[2020-09-11T17:25:57.129+0000][1][gc,age       ] GC(175) Age table with threshold 6 (max threshold 6)
[2020-09-11T17:25:57.129+0000][1][gc,age       ] GC(175) - age   1:     318944 bytes,     318944 total
[2020-09-11T17:25:57.129+0000][1][gc,age       ] GC(175) - age   2:      38280 bytes,     357224 total
[2020-09-11T17:25:57.129+0000][1][gc,age       ] GC(175) - age   3:     591824 bytes,     949048 total
[2020-09-11T17:25:57.129+0000][1][gc,age       ] GC(175) - age   4:     331336 bytes,    1280384 total
[2020-09-11T17:25:57.129+0000][1][gc,age       ] GC(175) - age   5:     198992 bytes,    1479376 total
[2020-09-11T17:25:57.129+0000][1][gc,age       ] GC(175) - age   6:      35608 bytes,    1514984 total
[2020-09-11T17:25:57.129+0000][1][gc,heap      ] GC(175) ParNew: 70665K->1569K(76672K)
[2020-09-11T17:25:57.129+0000][1][gc,heap      ] GC(175) CMS: 116771K->116803K(439104K)
[2020-09-11T17:25:57.129+0000][1][gc,metaspace ] GC(175) Metaspace: 95322K->95322K(1136640K)
[2020-09-11T17:25:57.129+0000][1][gc           ] GC(175) Pause Young (Allocation Failure) 183M->115M(503M) 17.343ms
[2020-09-11T17:25:57.129+0000][1][gc,cpu       ] GC(175) User=0.00s Sys=0.00s Real=0.02s
[2020-09-11T17:25:57.129+0000][1][safepoint    ] Safepoint "GenCollectForAllocation", Time since last: 1922095235 ns, Reaching safepoint: 158421 ns, At safepoint: 17484700 ns, Total: 17643121 ns
[2020-09-11T17:25:57.261+0000][1][safepoint    ] Safepoint "RevokeBias", Time since last: 131988873 ns, Reaching safepoint: 88073 ns, At safepoint: 21494 ns, Total: 109567 ns
[2020-09-11T17:25:59.451+0000][1][safepoint    ] Safepoint "RevokeBias", Time since last: 2189627737 ns, Reaching safepoint: 90469 ns, At safepoint: 21865 ns, Total: 112334 ns
[2020-09-11T17:26:00.203+0000][1][safepoint    ] Safepoint "RevokeBias", Time since last: 752407584 ns, Reaching safepoint: 97286 ns, At safepoint: 28908 ns, Total: 126194 ns
[2020-09-11T17:26:00.210+0000][1][safepoint    ] Safepoint "RevokeBias", Time since last: 7088794 ns, Reaching safepoint: 91101 ns, At safepoint: 25329 ns, Total: 116430 ns
[2020-09-11T17:26:01.211+0000][1][safepoint    ] Safepoint "Cleanup", Time since last: 1000368648 ns, Reaching safepoint: 88768 ns, At safepoint: 9370 ns, Total: 98138 ns
[2020-09-11T17:26:04.882+0000][1][safepoint    ] Safepoint "RevokeBias", Time since last: 3670510100 ns, Reaching safepoint: 166106 ns, At safepoint: 22373 ns, Total: 188479 ns
[2020-09-11T17:26:05.211+0000][1][safepoint    ] Safepoint "RevokeBias", Time since last: 329127047 ns, Reaching safepoint: 85270 ns, At safepoint: 25650 ns, Total: 110920 ns
[2020-09-11T17:26:05.236+0000][1][safepoint    ] Safepoint "RevokeBias", Time since last: 25360894 ns, Reaching safepoint: 170897 ns, At safepoint: 26176 ns, Total: 197073 ns
[2020-09-11T17:26:07.402+0000][1][safepoint    ] Safepoint "RevokeBias", Time since last: 2165134993 ns, Reaching safepoint: 90123 ns, At safepoint: 20864 ns, Total: 110987 ns
[2020-09-11T17:26:09.458+0000][1][safepoint    ] Safepoint "RevokeBias", Time since last: 2056351681 ns, Reaching safepoint: 90950 ns, At safepoint: 21737 ns, Total: 112687 ns
[2020-09-11T17:26:10.239+0000][1][safepoint    ] Safepoint "RevokeBias", Time since last: 780565373 ns, Reaching safepoint: 84532 ns, At safepoint: 24036 ns, Total: 108568 ns
[2020-09-11T17:26:10.254+0000][1][safepoint    ] Safepoint "RevokeBias", Time since last: 14808715 ns, Reaching safepoint: 103664 ns, At safepoint: 24242 ns, Total: 127906 ns
[2020-09-11T17:26:14.825+0000][1][safepoint    ] Safepoint "RevokeBias", Time since last: 4571164497 ns, Reaching safepoint: 163468 ns, At safepoint: 22861 ns, Total: 186329 ns
[2020-09-11T17:26:15.246+0000][1][safepoint    ] Safepoint "RevokeBias", Time since last: 421047931 ns, Reaching safepoint: 93918 ns, At safepoint: 26300 ns, Total: 120218 ns
[2020-09-11T17:26:15.263+0000][1][safepoint    ] Safepoint "BulkRevokeBias", Time since last: 16848668 ns, Reaching safepoint: 92137 ns, At safepoint: 272543 ns, Total: 364680 ns
[2020-09-11T17:26:17.218+0000][1][safepoint    ] Safepoint "RevokeBias", Time since last: 1954349541 ns, Reaching safepoint: 88594 ns, At safepoint: 22791 ns, Total: 111385 ns
[2020-09-11T17:26:17.628+0000][1][gc,start     ] GC(176) Pause Young (Allocation Failure)
[2020-09-11T17:26:17.628+0000][1][gc,task      ] GC(176) Using 1 workers of 1 for evacuation
[2020-09-11T17:26:17.637+0000][1][gc,age       ] GC(176) Desired survivor size 4358144 bytes, new threshold 6 (max threshold 6)
[2020-09-11T17:26:17.637+0000][1][gc,age       ] GC(176) Age table with threshold 6 (max threshold 6)
[2020-09-11T17:26:17.637+0000][1][gc,age       ] GC(176) - age   1:     297544 bytes,     297544 total
[2020-09-11T17:26:17.637+0000][1][gc,age       ] GC(176) - age   2:     248000 bytes,     545544 total
[2020-09-11T17:26:17.637+0000][1][gc,age       ] GC(176) - age   3:      37736 bytes,     583280 total
[2020-09-11T17:26:17.637+0000][1][gc,age       ] GC(176) - age   4:     591536 bytes,    1174816 total
[2020-09-11T17:26:17.637+0000][1][gc,age       ] GC(176) - age   5:     331336 bytes,    1506152 total
[2020-09-11T17:26:17.637+0000][1][gc,age       ] GC(176) - age   6:     198992 bytes,    1705144 total
[2020-09-11T17:26:17.637+0000][1][gc,heap      ] GC(176) ParNew: 69729K->2611K(76672K)
[2020-09-11T17:26:17.637+0000][1][gc,heap      ] GC(176) CMS: 116803K->116838K(439104K)
[2020-09-11T17:26:17.637+0000][1][gc,metaspace ] GC(176) Metaspace: 95322K->95322K(1136640K)
[2020-09-11T17:26:17.637+0000][1][gc           ] GC(176) Pause Young (Allocation Failure) 182M->116M(503M) 9.302ms
[2020-09-11T17:26:17.637+0000][1][gc,cpu       ] GC(176) User=0.01s Sys=0.00s Real=0.01s
[2020-09-11T17:26:17.637+0000][1][safepoint    ] Safepoint "GenCollectForAllocation", Time since last: 409765525 ns, Reaching safepoint: 89205 ns, At safepoint: 9410001 ns, Total: 9499206 ns
[2020-09-11T17:26:18.638+0000][1][safepoint    ] Safepoint "Cleanup", Time since last: 1000192230 ns, Reaching safepoint: 160681 ns, At safepoint: 20774 ns, Total: 181455 ns
[2020-09-11T17:26:19.473+0000][1][safepoint    ] Safepoint "RevokeBias", Time since last: 835308440 ns, Reaching safepoint: 88899 ns, At safepoint: 22059 ns, Total: 110958 ns
[2020-09-11T17:26:20.263+0000][1][safepoint    ] Safepoint "RevokeBias", Time since last: 789477931 ns, Reaching safepoint: 86849 ns, At safepoint: 24337 ns, Total: 111186 ns
[2020-09-11T17:26:20.280+0000][1][safepoint    ] Safepoint "RevokeBias", Time since last: 16879476 ns, Reaching safepoint: 169771 ns, At safepoint: 25573 ns, Total: 195344 ns
[2020-09-11T17:26:24.879+0000][1][safepoint    ] Safepoint "RevokeBias", Time since last: 4599168984 ns, Reaching safepoint: 94138 ns, At safepoint: 25328 ns, Total: 119466 ns
[2020-09-11T17:26:25.279+0000][1][safepoint    ] Safepoint "RevokeBias", Time since last: 400487664 ns, Reaching safepoint: 87038 ns, At safepoint: 24691 ns, Total: 111729 ns
[2020-09-11T17:26:25.289+0000][1][safepoint    ] Safepoint "RevokeBias", Time since last: 9164052 ns, Reaching safepoint: 177278 ns, At safepoint: 24669 ns, Total: 201947 ns
[2020-09-11T17:26:27.181+0000][1][safepoint    ] Safepoint "RevokeBias", Time since last: 1891608487 ns, Reaching safepoint: 88704 ns, At safepoint: 22102 ns, Total: 110806 ns
[2020-09-11T17:26:29.453+0000][1][safepoint    ] Safepoint "RevokeBias", Time since last: 2272043742 ns, Reaching safepoint: 90002 ns, At safepoint: 22336 ns, Total: 112338 ns
[2020-09-11T17:26:30.300+0000][1][safepoint    ] Safepoint "RevokeBias", Time since last: 847086603 ns, Reaching safepoint: 84537 ns, At safepoint: 24199 ns, Total: 108736 ns
[2020-09-11T17:26:30.304+0000][1][safepoint    ] Safepoint "RevokeBias", Time since last: 4034305 ns, Reaching safepoint: 88301 ns, At safepoint: 35643 ns, Total: 123944 ns
[2020-09-11T17:26:34.820+0000][1][safepoint    ] Safepoint "RevokeBias", Time since last: 4515573750 ns, Reaching safepoint: 87832 ns, At safepoint: 22011 ns, Total: 109843 ns
[2020-09-11T17:26:35.316+0000][1][safepoint    ] Safepoint "RevokeBias", Time since last: 495661875 ns, Reaching safepoint: 85756 ns, At safepoint: 24228 ns, Total: 109984 ns
[2020-09-11T17:26:35.319+0000][1][safepoint    ] Safepoint "RevokeBias", Time since last: 3576825 ns, Reaching safepoint: 101601 ns, At safepoint: 35955 ns, Total: 137556 ns
[2020-09-11T17:26:37.138+0000][1][gc,start     ] GC(177) Pause Young (Allocation Failure)
[2020-09-11T17:26:37.138+0000][1][gc,task      ] GC(177) Using 1 workers of 1 for evacuation
[2020-09-11T17:26:37.143+0000][1][gc,age       ] GC(177) Desired survivor size 4358144 bytes, new threshold 6 (max threshold 6)
[2020-09-11T17:26:37.143+0000][1][gc,age       ] GC(177) Age table with threshold 6 (max threshold 6)
[2020-09-11T17:26:37.143+0000][1][gc,age       ] GC(177) - age   1:      85136 bytes,      85136 total
[2020-09-11T17:26:37.143+0000][1][gc,age       ] GC(177) - age   2:     246552 bytes,     331688 total
[2020-09-11T17:26:37.143+0000][1][gc,age       ] GC(177) - age   3:     246216 bytes,     577904 total
[2020-09-11T17:26:37.143+0000][1][gc,age       ] GC(177) - age   4:      37736 bytes,     615640 total
[2020-09-11T17:26:37.143+0000][1][gc,age       ] GC(177) - age   5:     591504 bytes,    1207144 total
[2020-09-11T17:26:37.143+0000][1][gc,age       ] GC(177) - age   6:     331024 bytes,    1538168 total
[2020-09-11T17:26:37.143+0000][1][gc,heap      ] GC(177) ParNew: 70771K->1575K(76672K)
[2020-09-11T17:26:37.143+0000][1][gc,heap      ] GC(177) CMS: 116838K->117032K(439104K)
[2020-09-11T17:26:37.143+0000][1][gc,metaspace ] GC(177) Metaspace: 95322K->95322K(1136640K)
[2020-09-11T17:26:37.143+0000][1][gc           ] GC(177) Pause Young (Allocation Failure) 183M->115M(503M) 4.952ms
[2020-09-11T17:26:37.143+0000][1][gc,cpu       ] GC(177) User=0.00s Sys=0.00s Real=0.01s
[2020-09-11T17:26:37.154+0000][1][safepoint    ] Safepoint "GenCollectForAllocation", Time since last: 1819025136 ns, Reaching safepoint: 95670 ns, At safepoint: 15815431 ns, Total: 15911101 ns
[2020-09-11T17:26:37.249+0000][1][safepoint    ] Safepoint "RevokeBias", Time since last: 94723427 ns, Reaching safepoint: 92062 ns, At safepoint: 21761 ns, Total: 113823 ns
[2020-09-11T17:26:39.459+0000][1][safepoint    ] Safepoint "RevokeBias", Time since last: 2209527139 ns, Reaching safepoint: 93627 ns, At safepoint: 22638 ns, Total: 116265 ns
[2020-09-11T17:26:40.331+0000][1][safepoint    ] Safepoint "RevokeBias", Time since last: 872665298 ns, Reaching safepoint: 94221 ns, At safepoint: 24753 ns, Total: 118974 ns
[2020-09-11T17:26:40.337+0000][1][safepoint    ] Safepoint "RevokeBias", Time since last: 5489700 ns, Reaching safepoint: 94255 ns, At safepoint: 25367 ns, Total: 119622 ns
[2020-09-11T17:26:44.825+0000][1][safepoint    ] Safepoint "RevokeBias", Time since last: 4487857600 ns, Reaching safepoint: 105880 ns, At safepoint: 28705 ns, Total: 134585 ns
[2020-09-11T17:26:45.360+0000][1][safepoint    ] Safepoint "RevokeBias", Time since last: 534427320 ns, Reaching safepoint: 119573 ns, At safepoint: 22713 ns, Total: 142286 ns
[2020-09-11T17:26:45.367+0000][1][safepoint    ] Safepoint "RevokeBias", Time since last: 7659326 ns, Reaching safepoint: 120766 ns, At safepoint: 21558 ns, Total: 142324 ns
[2020-09-11T17:26:47.306+0000][1][safepoint    ] Safepoint "BulkRevokeBias", Time since last: 1937978898 ns, Reaching safepoint: 98123 ns, At safepoint: 255327 ns, Total: 353450 ns
[2020-09-11T17:26:49.473+0000][1][safepoint    ] Safepoint "RevokeBias", Time since last: 2167166962 ns, Reaching safepoint: 86559 ns, At safepoint: 21016 ns, Total: 107575 ns
[2020-09-11T17:26:50.378+0000][1][safepoint    ] Safepoint "RevokeBias", Time since last: 904975135 ns, Reaching safepoint: 85412 ns, At safepoint: 22970 ns, Total: 108382 ns
[2020-09-11T17:26:50.381+0000][1][safepoint    ] Safepoint "RevokeBias", Time since last: 2839922 ns, Reaching safepoint: 85410 ns, At safepoint: 22751 ns, Total: 108161 ns
[2020-09-11T17:26:53.381+0000][1][safepoint    ] Safepoint "Cleanup", Time since last: 3000241735 ns, Reaching safepoint: 87957 ns, At safepoint: 7328 ns, Total: 95285 ns
[2020-09-11T17:26:54.858+0000][1][safepoint    ] Safepoint "RevokeBias", Time since last: 1476377698 ns, Reaching safepoint: 166383 ns, At safepoint: 22563 ns, Total: 188946 ns
[2020-09-11T17:26:55.395+0000][1][safepoint    ] Safepoint "RevokeBias", Time since last: 536968350 ns, Reaching safepoint: 85378 ns, At safepoint: 21682 ns, Total: 107060 ns
[2020-09-11T17:26:55.410+0000][1][safepoint    ] Safepoint "RevokeBias", Time since last: 14709886 ns, Reaching safepoint: 102604 ns, At safepoint: 22889 ns, Total: 125493 ns
[2020-09-11T17:26:57.145+0000][1][gc,start     ] GC(178) Pause Young (Allocation Failure)
[2020-09-11T17:26:57.145+0000][1][gc,task      ] GC(178) Using 1 workers of 1 for evacuation
[2020-09-11T17:26:57.153+0000][1][gc,age       ] GC(178) Desired survivor size 4358144 bytes, new threshold 6 (max threshold 6)
[2020-09-11T17:26:57.153+0000][1][gc,age       ] GC(178) Age table with threshold 6 (max threshold 6)
[2020-09-11T17:26:57.153+0000][1][gc,age       ] GC(178) - age   1:      96096 bytes,      96096 total
[2020-09-11T17:26:57.153+0000][1][gc,age       ] GC(178) - age   2:      30008 bytes,     126104 total
[2020-09-11T17:26:57.153+0000][1][gc,age       ] GC(178) - age   3:     243360 bytes,     369464 total
[2020-09-11T17:26:57.153+0000][1][gc,age       ] GC(178) - age   4:     246216 bytes,     615680 total
[2020-09-11T17:26:57.153+0000][1][gc,age       ] GC(178) - age   5:      37736 bytes,     653416 total
[2020-09-11T17:26:57.153+0000][1][gc,age       ] GC(178) - age   6:     591504 bytes,    1244920 total
[2020-09-11T17:26:57.156+0000][1][gc,heap      ] GC(178) ParNew: 69735K->1520K(76672K)
[2020-09-11T17:26:57.156+0000][1][gc,heap      ] GC(178) CMS: 117032K->117356K(439104K)
[2020-09-11T17:26:57.156+0000][1][gc,metaspace ] GC(178) Metaspace: 95340K->95340K(1136640K)
[2020-09-11T17:26:57.156+0000][1][gc           ] GC(178) Pause Young (Allocation Failure) 182M->116M(503M) 10.924ms
[2020-09-11T17:26:57.156+0000][1][gc,cpu       ] GC(178) User=0.01s Sys=0.00s Real=0.01s
[2020-09-11T17:26:57.161+0000][1][safepoint    ] Safepoint "GenCollectForAllocation", Time since last: 1734905982 ns, Reaching safepoint: 172420 ns, At safepoint: 15808420 ns, Total: 15980840 ns
[2020-09-11T17:26:57.249+0000][1][safepoint    ] Safepoint "RevokeBias", Time since last: 88162298 ns, Reaching safepoint: 89075 ns, At safepoint: 24918 ns, Total: 113993 ns
[2020-09-11T17:26:58.249+0000][1][safepoint    ] Safepoint "Cleanup", Time since last: 1000131591 ns, Reaching safepoint: 97228 ns, At safepoint: 7085 ns, Total: 104313 ns
[2020-09-11T17:26:59.451+0000][1][safepoint    ] Safepoint "RevokeBias", Time since last: 1201400233 ns, Reaching safepoint: 94191 ns, At safepoint: 21396 ns, Total: 115587 ns
[2020-09-11T17:27:00.423+0000][1][safepoint    ] Safepoint "RevokeBias", Time since last: 971947618 ns, Reaching safepoint: 88128 ns, At safepoint: 33446 ns, Total: 121574 ns
[2020-09-11T17:27:00.426+0000][1][safepoint    ] Safepoint "RevokeBias", Time since last: 2711773 ns, Reaching safepoint: 167525 ns, At safepoint: 25418 ns, Total: 192943 ns
[2020-09-11T17:27:01.426+0000][1][safepoint    ] Safepoint "Cleanup", Time since last: 1000105333 ns, Reaching safepoint: 81302 ns, At safepoint: 9182 ns, Total: 90484 ns
[2020-09-11T17:27:02.426+0000][1][safepoint    ] Safepoint "Cleanup", Time since last: 1000104337 ns, Reaching safepoint: 81858 ns, At safepoint: 8242 ns, Total: 90100 ns
[2020-09-11T17:27:03.426+0000][1][safepoint    ] Safepoint "Cleanup", Time since last: 1000101533 ns, Reaching safepoint: 84332 ns, At safepoint: 7927 ns, Total: 92259 ns
[2020-09-11T17:27:04.427+0000][1][safepoint    ] Safepoint "Cleanup", Time since last: 1000109449 ns, Reaching safepoint: 82751 ns, At safepoint: 9180 ns, Total: 91931 ns
[2020-09-11T17:27:04.889+0000][1][safepoint    ] Safepoint "RevokeBias", Time since last: 461878714 ns, Reaching safepoint: 163947 ns, At safepoint: 21531 ns, Total: 185478 ns
[2020-09-11T17:27:05.439+0000][1][safepoint    ] Safepoint "RevokeBias", Time since last: 550364204 ns, Reaching safepoint: 119842 ns, At safepoint: 25800 ns, Total: 145642 ns
[2020-09-11T17:27:05.443+0000][1][safepoint    ] Safepoint "RevokeBias", Time since last: 3235308 ns, Reaching safepoint: 168172 ns, At safepoint: 25115 ns, Total: 193287 ns
[2020-09-11T17:27:06.443+0000][1][safepoint    ] Safepoint "Cleanup", Time since last: 1000106848 ns, Reaching safepoint: 80838 ns, At safepoint: 6306 ns, Total: 87144 ns
[2020-09-11T17:27:07.229+0000][1][safepoint    ] Safepoint "RevokeBias", Time since last: 786261422 ns, Reaching safepoint: 97287 ns, At safepoint: 23174 ns, Total: 120461 ns
[2020-09-11T17:27:08.229+0000][1][safepoint    ] Safepoint "Cleanup", Time since last: 1000117478 ns, Reaching safepoint: 91493 ns, At safepoint: 9820 ns, Total: 101313 ns
[2020-09-11T17:27:09.230+0000][1][safepoint    ] Safepoint "Cleanup", Time since last: 1000115499 ns, Reaching safepoint: 86050 ns, At safepoint: 10002 ns, Total: 96052 ns
[2020-09-11T17:27:09.508+0000][1][safepoint    ] Safepoint "RevokeBias", Time since last: 278641922 ns, Reaching safepoint: 85887 ns, At safepoint: 22481 ns, Total: 108368 ns
[2020-09-11T17:27:10.465+0000][1][safepoint    ] Safepoint "RevokeBias", Time since last: 956834997 ns, Reaching safepoint: 105514 ns, At safepoint: 27183 ns, Total: 132697 ns
[2020-09-11T17:27:10.478+0000][1][safepoint    ] Safepoint "RevokeBias", Time since last: 12390340 ns, Reaching safepoint: 234386 ns, At safepoint: 25009 ns, Total: 259395 ns
[2020-09-11T17:27:11.478+0000][1][safepoint    ] Safepoint "Cleanup", Time since last: 1000107185 ns, Reaching safepoint: 95595 ns, At safepoint: 10088 ns, Total: 105683 ns
[2020-09-11T17:27:12.478+0000][1][safepoint    ] Safepoint "Cleanup", Time since last: 1000110212 ns, Reaching safepoint: 84854 ns, At safepoint: 9148 ns, Total: 94002 ns
[2020-09-11T17:27:13.479+0000][1][safepoint    ] Safepoint "Cleanup", Time since last: 1000109554 ns, Reaching safepoint: 83969 ns, At safepoint: 9320 ns, Total: 93289 ns
[2020-09-11T17:27:14.479+0000][1][safepoint    ] Safepoint "Cleanup", Time since last: 1000110207 ns, Reaching safepoint: 83211 ns, At safepoint: 9138 ns, Total: 92349 ns
[2020-09-11T17:27:14.892+0000][1][safepoint    ] Safepoint "RevokeBias", Time since last: 412735057 ns, Reaching safepoint: 104054 ns, At safepoint: 25409 ns, Total: 129463 ns
[2020-09-11T17:27:15.481+0000][1][safepoint    ] Safepoint "RevokeBias", Time since last: 589158498 ns, Reaching safepoint: 240928 ns, At safepoint: 311774 ns, Total: 552702 ns
[2020-09-11T17:27:15.499+0000][1][safepoint    ] Safepoint "RevokeBias", Time since last: 16836526 ns, Reaching safepoint: 445976 ns, At safepoint: 26163 ns, Total: 472139 ns
[2020-09-11T17:27:16.499+0000][1][safepoint    ] Safepoint "Cleanup", Time since last: 1000111587 ns, Reaching safepoint: 81415 ns, At safepoint: 8601 ns, Total: 90016 ns
[2020-09-11T17:27:17.289+0000][1][safepoint    ] Safepoint "RevokeBias", Time since last: 790438116 ns, Reaching safepoint: 105864 ns, At safepoint: 26483 ns, Total: 132347 ns
[2020-09-11T17:27:18.290+0000][1][safepoint    ] Safepoint "Cleanup", Time since last: 1000120270 ns, Reaching safepoint: 82445 ns, At safepoint: 6329 ns, Total: 88774 ns
[2020-09-11T17:27:19.290+0000][1][safepoint    ] Safepoint "Cleanup", Time since last: 1000169930 ns, Reaching safepoint: 90072 ns, At safepoint: 9263 ns, Total: 99335 ns
[2020-09-11T17:27:19.324+0000][1][gc,start     ] GC(179) Pause Young (Allocation Failure)
[2020-09-11T17:27:19.324+0000][1][gc,task      ] GC(179) Using 1 workers of 1 for evacuation
[2020-09-11T17:27:19.333+0000][1][gc,age       ] GC(179) Desired survivor size 4358144 bytes, new threshold 6 (max threshold 6)
[2020-09-11T17:27:19.333+0000][1][gc,age       ] GC(179) Age table with threshold 6 (max threshold 6)
[2020-09-11T17:27:19.333+0000][1][gc,age       ] GC(179) - age   1:     244888 bytes,     244888 total
[2020-09-11T17:27:19.333+0000][1][gc,age       ] GC(179) - age   2:      24416 bytes,     269304 total
[2020-09-11T17:27:19.333+0000][1][gc,age       ] GC(179) - age   3:      26528 bytes,     295832 total
[2020-09-11T17:27:19.333+0000][1][gc,age       ] GC(179) - age   4:     243072 bytes,     538904 total
[2020-09-11T17:27:19.333+0000][1][gc,age       ] GC(179) - age   5:     246216 bytes,     785120 total
[2020-09-11T17:27:19.333+0000][1][gc,age       ] GC(179) - age   6:      37736 bytes,     822856 total
[2020-09-11T17:27:19.333+0000][1][gc,heap      ] GC(179) ParNew: 69667K->1291K(76672K)
[2020-09-11T17:27:19.333+0000][1][gc,heap      ] GC(179) CMS: 117356K->117934K(439104K)
[2020-09-11T17:27:19.333+0000][1][gc,metaspace ] GC(179) Metaspace: 95350K->95350K(1136640K)
[2020-09-11T17:27:19.333+0000][1][gc           ] GC(179) Pause Young (Allocation Failure) 182M->116M(503M) 8.890ms
[2020-09-11T17:27:19.333+0000][1][gc,cpu       ] GC(179) User=0.01s Sys=0.00s Real=0.01s
[2020-09-11T17:27:19.333+0000][1][safepoint    ] Safepoint "GenCollectForAllocation", Time since last: 34364805 ns, Reaching safepoint: 97506 ns, At safepoint: 8977599 ns, Total: 9075105 ns
[2020-09-11T17:27:19.471+0000][1][safepoint    ] Safepoint "RevokeBias", Time since last: 137547761 ns, Reaching safepoint: 88883 ns, At safepoint: 21195 ns, Total: 110078 ns
[2020-09-11T17:27:20.471+0000][1][safepoint    ] Safepoint "Cleanup", Time since last: 1000105077 ns, Reaching safepoint: 82338 ns, At safepoint: 7274 ns, Total: 89612 ns
[2020-09-11T17:27:20.508+0000][1][safepoint    ] Safepoint "RevokeBias", Time since last: 36589586 ns, Reaching safepoint: 229952 ns, At safepoint: 314425 ns, Total: 544377 ns
[2020-09-11T17:27:20.516+0000][1][safepoint    ] Safepoint "RevokeBias", Time since last: 7128812 ns, Reaching safepoint: 89769 ns, At safepoint: 36296 ns, Total: 126065 ns
[2020-09-11T17:27:21.516+0000][1][safepoint    ] Safepoint "Cleanup", Time since last: 1000119512 ns, Reaching safepoint: 80116 ns, At safepoint: 20404 ns, Total: 100520 ns
[2020-09-11T17:27:22.516+0000][1][safepoint    ] Safepoint "Cleanup", Time since last: 1000096780 ns, Reaching safepoint: 79952 ns, At safepoint: 21422 ns, Total: 101374 ns
[2020-09-11T17:27:23.516+0000][1][safepoint    ] Safepoint "Cleanup", Time since last: 1000101372 ns, Reaching safepoint: 89756 ns, At safepoint: 9811 ns, Total: 99567 ns
[2020-09-11T17:27:24.516+0000][1][safepoint    ] Safepoint "Cleanup", Time since last: 1000111677 ns, Reaching safepoint: 88168 ns, At safepoint: 9422 ns, Total: 97590 ns
[2020-09-11T17:27:24.841+0000][1][safepoint    ] Safepoint "RevokeBias", Time since last: 324525726 ns, Reaching safepoint: 189729 ns, At safepoint: 26771 ns, Total: 216500 ns
[2020-09-11T17:27:25.524+0000][1][safepoint    ] Safepoint "RevokeBias", Time since last: 683095604 ns, Reaching safepoint: 87333 ns, At safepoint: 25116 ns, Total: 112449 ns
[2020-09-11T17:27:25.530+0000][1][safepoint    ] Safepoint "BulkRevokeBias", Time since last: 5770520 ns, Reaching safepoint: 90112 ns, At safepoint: 268257 ns, Total: 358369 ns
[2020-09-11T17:27:26.531+0000][1][safepoint    ] Safepoint "Cleanup", Time since last: 1000113340 ns, Reaching safepoint: 79994 ns, At safepoint: 8467 ns, Total: 88461 ns
[2020-09-11T17:27:27.271+0000][1][safepoint    ] Safepoint "RevokeBias", Time since last: 740680620 ns, Reaching safepoint: 93105 ns, At safepoint: 21346 ns, Total: 114451 ns
[2020-09-11T17:27:28.272+0000][1][safepoint    ] Safepoint "Cleanup", Time since last: 1000106989 ns, Reaching safepoint: 88191 ns, At safepoint: 9656 ns, Total: 97847 ns
[2020-09-11T17:27:29.272+0000][1][safepoint    ] Safepoint "Cleanup", Time since last: 1000117965 ns, Reaching safepoint: 84994 ns, At safepoint: 9923 ns, Total: 94917 ns
[2020-09-11T17:27:29.468+0000][1][safepoint    ] Safepoint "RevokeBias", Time since last: 196185712 ns, Reaching safepoint: 161288 ns, At safepoint: 22892 ns, Total: 184180 ns
[2020-09-11T17:27:30.468+0000][1][safepoint    ] Safepoint "Cleanup", Time since last: 1000110518 ns, Reaching safepoint: 82446 ns, At safepoint: 7145 ns, Total: 89591 ns
[2020-09-11T17:27:30.551+0000][1][safepoint    ] Safepoint "RevokeBias", Time since last: 82008562 ns, Reaching safepoint: 83982 ns, At safepoint: 24796 ns, Total: 108778 ns
[2020-09-11T17:27:30.553+0000][1][safepoint    ] Safepoint "RevokeBias", Time since last: 2527618 ns, Reaching safepoint: 86418 ns, At safepoint: 24410 ns, Total: 110828 ns
[2020-09-11T17:27:31.553+0000][1][safepoint    ] Safepoint "Cleanup", Time since last: 1000104247 ns, Reaching safepoint: 81436 ns, At safepoint: 8136 ns, Total: 89572 ns
[2020-09-11T17:27:32.554+0000][1][safepoint    ] Safepoint "Cleanup", Time since last: 1000106171 ns, Reaching safepoint: 85761 ns, At safepoint: 9092 ns, Total: 94853 ns
[2020-09-11T17:27:33.554+0000][1][safepoint    ] Safepoint "Cleanup", Time since last: 1000110425 ns, Reaching safepoint: 111381 ns, At safepoint: 11043 ns, Total: 122424 ns
[2020-09-11T17:27:34.554+0000][1][safepoint    ] Safepoint "Cleanup", Time since last: 1000119693 ns, Reaching safepoint: 82268 ns, At safepoint: 7379 ns, Total: 89647 ns
[2020-09-11T17:27:34.868+0000][1][safepoint    ] Safepoint "RevokeBias", Time since last: 313590041 ns, Reaching safepoint: 87684 ns, At safepoint: 21612 ns, Total: 109296 ns
[2020-09-11T17:27:35.564+0000][1][safepoint    ] Safepoint "RevokeBias", Time since last: 696198253 ns, Reaching safepoint: 86568 ns, At safepoint: 24673 ns, Total: 111241 ns
[2020-09-11T17:27:35.567+0000][1][safepoint    ] Safepoint "RevokeBias", Time since last: 2954545 ns, Reaching safepoint: 87579 ns, At safepoint: 23202 ns, Total: 110781 ns
[2020-09-11T17:27:36.567+0000][1][safepoint    ] Safepoint "Cleanup", Time since last: 1000104567 ns, Reaching safepoint: 79477 ns, At safepoint: 6270 ns, Total: 85747 ns
[2020-09-11T17:27:37.310+0000][1][safepoint    ] Safepoint "RevokeBias", Time since last: 742390426 ns, Reaching safepoint: 98075 ns, At safepoint: 22123 ns, Total: 120198 ns
[2020-09-11T17:27:38.310+0000][1][safepoint    ] Safepoint "Cleanup", Time since last: 1000116511 ns, Reaching safepoint: 86605 ns, At safepoint: 10377 ns, Total: 96982 ns
[2020-09-11T17:27:38.688+0000][1][gc,start     ] GC(180) Pause Young (Allocation Failure)
[2020-09-11T17:27:38.705+0000][1][gc,task      ] GC(180) Using 1 workers of 1 for evacuation
[2020-09-11T17:27:38.717+0000][1][gc,age       ] GC(180) Desired survivor size 4358144 bytes, new threshold 6 (max threshold 6)
[2020-09-11T17:27:38.717+0000][1][gc,age       ] GC(180) Age table with threshold 6 (max threshold 6)
[2020-09-11T17:27:38.717+0000][1][gc,age       ] GC(180) - age   1:      96656 bytes,      96656 total
[2020-09-11T17:27:38.717+0000][1][gc,age       ] GC(180) - age   2:     122392 bytes,     219048 total
[2020-09-11T17:27:38.717+0000][1][gc,age       ] GC(180) - age   3:      22632 bytes,     241680 total
[2020-09-11T17:27:38.717+0000][1][gc,age       ] GC(180) - age   4:      26528 bytes,     268208 total
[2020-09-11T17:27:38.717+0000][1][gc,age       ] GC(180) - age   5:     243072 bytes,     511280 total
[2020-09-11T17:27:38.717+0000][1][gc,age       ] GC(180) - age   6:     245872 bytes,     757152 total
[2020-09-11T17:27:38.717+0000][1][gc,heap      ] GC(180) ParNew: 69451K->925K(76672K)
[2020-09-11T17:27:38.717+0000][1][gc,heap      ] GC(180) CMS: 117934K->117970K(439104K)
[2020-09-11T17:27:38.717+0000][1][gc,metaspace ] GC(180) Metaspace: 95404K->95404K(1136640K)
[2020-09-11T17:27:38.717+0000][1][gc           ] GC(180) Pause Young (Allocation Failure) 182M->116M(503M) 28.702ms
[2020-09-11T17:27:38.717+0000][1][gc,cpu       ] GC(180) User=0.00s Sys=0.00s Real=0.03s
[2020-09-11T17:27:38.719+0000][1][safepoint    ] Safepoint "GenCollectForAllocation", Time since last: 378089352 ns, Reaching safepoint: 156941 ns, At safepoint: 30315336 ns, Total: 30472277 ns
[2020-09-11T17:27:39.529+0000][1][safepoint    ] Safepoint "RevokeBias", Time since last: 810332929 ns, Reaching safepoint: 95227 ns, At safepoint: 27203 ns, Total: 122430 ns
[2020-09-11T17:27:40.529+0000][1][safepoint    ] Safepoint "Cleanup", Time since last: 1000109985 ns, Reaching safepoint: 85510 ns, At safepoint: 6318 ns, Total: 91828 ns
[2020-09-11T17:27:40.578+0000][1][safepoint    ] Safepoint "RevokeBias", Time since last: 48210672 ns, Reaching safepoint: 88832 ns, At safepoint: 25327 ns, Total: 114159 ns
[2020-09-11T17:27:40.581+0000][1][safepoint    ] Safepoint "RevokeBias", Time since last: 3708021 ns, Reaching safepoint: 90202 ns, At safepoint: 26692 ns, Total: 116894 ns
[2020-09-11T17:27:41.582+0000][1][safepoint    ] Safepoint "Cleanup", Time since last: 1000110064 ns, Reaching safepoint: 86398 ns, At safepoint: 9068 ns, Total: 95466 ns
[2020-09-11T17:27:42.582+0000][1][safepoint    ] Safepoint "Cleanup", Time since last: 1000108912 ns, Reaching safepoint: 83874 ns, At safepoint: 9018 ns, Total: 92892 ns
[2020-09-11T17:27:43.582+0000][1][safepoint    ] Safepoint "Cleanup", Time since last: 1000108409 ns, Reaching safepoint: 87496 ns, At safepoint: 9847 ns, Total: 97343 ns
[2020-09-11T17:27:44.582+0000][1][safepoint    ] Safepoint "Cleanup", Time since last: 1000105606 ns, Reaching safepoint: 82871 ns, At safepoint: 8098 ns, Total: 90969 ns
[2020-09-11T17:27:44.820+0000][1][safepoint    ] Safepoint "RevokeBias", Time since last: 238020289 ns, Reaching safepoint: 165050 ns, At safepoint: 22537 ns, Total: 187587 ns
[2020-09-11T17:27:45.591+0000][1][safepoint    ] Safepoint "RevokeBias", Time since last: 770893056 ns, Reaching safepoint: 105900 ns, At safepoint: 29624 ns, Total: 135524 ns
[2020-09-11T17:27:45.597+0000][1][safepoint    ] Safepoint "RevokeBias", Time since last: 5465641 ns, Reaching safepoint: 168196 ns, At safepoint: 24962 ns, Total: 193158 ns
[2020-09-11T17:27:46.597+0000][1][safepoint    ] Safepoint "Cleanup", Time since last: 1000141066 ns, Reaching safepoint: 83835 ns, At safepoint: 6061 ns, Total: 89896 ns
[2020-09-11T17:27:47.260+0000][1][safepoint    ] Safepoint "RevokeBias", Time since last: 662862293 ns, Reaching safepoint: 91294 ns, At safepoint: 23588 ns, Total: 114882 ns
[2020-09-11T17:27:48.261+0000][1][safepoint    ] Safepoint "Cleanup", Time since last: 1000110579 ns, Reaching safepoint: 82890 ns, At safepoint: 9847 ns, Total: 92737 ns
[2020-09-11T17:27:49.261+0000][1][safepoint    ] Safepoint "Cleanup", Time since last: 1000118251 ns, Reaching safepoint: 83614 ns, At safepoint: 17450 ns, Total: 101064 ns
[2020-09-11T17:27:49.452+0000][1][safepoint    ] Safepoint "RevokeBias", Time since last: 191400267 ns, Reaching safepoint: 93856 ns, At safepoint: 21260 ns, Total: 115116 ns
[2020-09-11T17:27:50.452+0000][1][safepoint    ] Safepoint "Cleanup", Time since last: 1000110008 ns, Reaching safepoint: 85135 ns, At safepoint: 9375 ns, Total: 94510 ns
[2020-09-11T17:27:50.608+0000][1][safepoint    ] Safepoint "RevokeBias", Time since last: 154933131 ns, Reaching safepoint: 87337 ns, At safepoint: 23829 ns, Total: 111166 ns
[2020-09-11T17:27:50.611+0000][1][safepoint    ] Safepoint "RevokeBias", Time since last: 3696142 ns, Reaching safepoint: 89471 ns, At safepoint: 24780 ns, Total: 114251 ns
[2020-09-11T17:27:51.612+0000][1][safepoint    ] Safepoint "Cleanup", Time since last: 1000112999 ns, Reaching safepoint: 85616 ns, At safepoint: 8412 ns, Total: 94028 ns
[2020-09-11T17:27:52.612+0000][1][safepoint    ] Safepoint "Cleanup", Time since last: 1000109069 ns, Reaching safepoint: 82345 ns, At safepoint: 8712 ns, Total: 91057 ns
[2020-09-11T17:27:53.612+0000][1][safepoint    ] Safepoint "Cleanup", Time since last: 1000116964 ns, Reaching safepoint: 81164 ns, At safepoint: 8342 ns, Total: 89506 ns
[2020-09-11T17:27:54.612+0000][1][safepoint    ] Safepoint "Cleanup", Time since last: 1000101596 ns, Reaching safepoint: 83267 ns, At safepoint: 6280 ns, Total: 89547 ns
[2020-09-11T17:27:54.857+0000][1][safepoint    ] Safepoint "RevokeBias", Time since last: 240771868 ns, Reaching safepoint: 3926308 ns, At safepoint: 28465 ns, Total: 3954773 ns
[2020-09-11T17:27:55.627+0000][1][safepoint    ] Safepoint "RevokeBias", Time since last: 769673714 ns, Reaching safepoint: 93851 ns, At safepoint: 24215 ns, Total: 118066 ns
[2020-09-11T17:27:55.631+0000][1][safepoint    ] Safepoint "RevokeBias", Time since last: 3745735 ns, Reaching safepoint: 177695 ns, At safepoint: 25118 ns, Total: 202813 ns
[2020-09-11T17:27:56.631+0000][1][safepoint    ] Safepoint "Cleanup", Time since last: 1000111609 ns, Reaching safepoint: 84053 ns, At safepoint: 9320 ns, Total: 93373 ns
[2020-09-11T17:27:57.250+0000][1][safepoint    ] Safepoint "RevokeBias", Time since last: 619244976 ns, Reaching safepoint: 90109 ns, At safepoint: 22049 ns, Total: 112158 ns
[2020-09-11T17:27:58.250+0000][1][safepoint    ] Safepoint "Cleanup", Time since last: 1000104807 ns, Reaching safepoint: 89396 ns, At safepoint: 9037 ns, Total: 98433 ns
[2020-09-11T17:27:59.251+0000][1][safepoint    ] Safepoint "Cleanup", Time since last: 1000111097 ns, Reaching safepoint: 93692 ns, At safepoint: 7676 ns, Total: 101368 ns
[2020-09-11T17:27:59.437+0000][1][gc,start     ] GC(181) Pause Young (Allocation Failure)
[2020-09-11T17:27:59.437+0000][1][gc,task      ] GC(181) Using 1 workers of 1 for evacuation
[2020-09-11T17:27:59.446+0000][1][gc,age       ] GC(181) Desired survivor size 4358144 bytes, new threshold 6 (max threshold 6)
[2020-09-11T17:27:59.446+0000][1][gc,age       ] GC(181) Age table with threshold 6 (max threshold 6)
[2020-09-11T17:27:59.446+0000][1][gc,age       ] GC(181) - age   1:     236936 bytes,     236936 total
[2020-09-11T17:27:59.446+0000][1][gc,age       ] GC(181) - age   2:      44104 bytes,     281040 total
[2020-09-11T17:27:59.446+0000][1][gc,age       ] GC(181) - age   3:     119520 bytes,     400560 total
[2020-09-11T17:27:59.446+0000][1][gc,age       ] GC(181) - age   4:      22600 bytes,     423160 total
[2020-09-11T17:27:59.446+0000][1][gc,age       ] GC(181) - age   5:      26528 bytes,     449688 total
[2020-09-11T17:27:59.446+0000][1][gc,age       ] GC(181) - age   6:     243072 bytes,     692760 total
[2020-09-11T17:27:59.446+0000][1][gc,heap      ] GC(181) ParNew: 69085K->785K(76672K)
[2020-09-11T17:27:59.446+0000][1][gc,heap      ] GC(181) CMS: 117970K->118211K(439104K)
[2020-09-11T17:27:59.446+0000][1][gc,metaspace ] GC(181) Metaspace: 95422K->95422K(1136640K)
[2020-09-11T17:27:59.446+0000][1][gc           ] GC(181) Pause Young (Allocation Failure) 182M->116M(503M) 9.220ms
[2020-09-11T17:27:59.446+0000][1][gc,cpu       ] GC(181) User=0.00s Sys=0.00s Real=0.01s
[2020-09-11T17:27:59.446+0000][1][safepoint    ] Safepoint "GenCollectForAllocation", Time since last: 183142281 ns, Reaching safepoint: 3137133 ns, At safepoint: 9288350 ns, Total: 12425483 ns
[2020-09-11T17:27:59.480+0000][1][safepoint    ] Safepoint "RevokeBias", Time since last: 33588287 ns, Reaching safepoint: 91390 ns, At safepoint: 21503 ns, Total: 112893 ns
[2020-09-11T17:28:00.480+0000][1][safepoint    ] Safepoint "Cleanup", Time since last: 1000110073 ns, Reaching safepoint: 88145 ns, At safepoint: 10702 ns, Total: 98847 ns
[2020-09-11T17:28:00.645+0000][1][safepoint    ] Safepoint "RevokeBias", Time since last: 165075447 ns, Reaching safepoint: 85611 ns, At safepoint: 24270 ns, Total: 109881 ns
[2020-09-11T17:28:00.649+0000][1][safepoint    ] Safepoint "RevokeBias", Time since last: 3592249 ns, Reaching safepoint: 85898 ns, At safepoint: 22802 ns, Total: 108700 ns
[2020-09-11T17:28:01.649+0000][1][safepoint    ] Safepoint "Cleanup", Time since last: 1000122445 ns, Reaching safepoint: 82994 ns, At safepoint: 8721 ns, Total: 91715 ns
[2020-09-11T17:28:02.649+0000][1][safepoint    ] Safepoint "Cleanup", Time since last: 1000102381 ns, Reaching safepoint: 80472 ns, At safepoint: 8571 ns, Total: 89043 ns
[2020-09-11T17:28:03.650+0000][1][safepoint    ] Safepoint "Cleanup", Time since last: 1000102189 ns, Reaching safepoint: 81744 ns, At safepoint: 7708 ns, Total: 89452 ns
[2020-09-11T17:28:04.650+0000][1][safepoint    ] Safepoint "Cleanup", Time since last: 1000109768 ns, Reaching safepoint: 87777 ns, At safepoint: 9273 ns, Total: 97050 ns
[2020-09-11T17:28:04.816+0000][1][safepoint    ] Safepoint "RevokeBias", Time since last: 166002726 ns, Reaching safepoint: 89215 ns, At safepoint: 21563 ns, Total: 110778 ns
[2020-09-11T17:28:05.659+0000][1][safepoint    ] Safepoint "RevokeBias", Time since last: 843443755 ns, Reaching safepoint: 84204 ns, At safepoint: 24357 ns, Total: 108561 ns
[2020-09-11T17:28:05.663+0000][1][safepoint    ] Safepoint "RevokeBias", Time since last: 3334141 ns, Reaching safepoint: 178747 ns, At safepoint: 30885 ns, Total: 209632 ns
[2020-09-11T17:28:06.663+0000][1][safepoint    ] Safepoint "Cleanup", Time since last: 1000110091 ns, Reaching safepoint: 82111 ns, At safepoint: 6340 ns, Total: 88451 ns
[2020-09-11T17:28:07.221+0000][1][safepoint    ] Safepoint "RevokeBias", Time since last: 557753498 ns, Reaching safepoint: 104688 ns, At safepoint: 22616 ns, Total: 127304 ns
[2020-09-11T17:28:08.221+0000][1][safepoint    ] Safepoint "Cleanup", Time since last: 1000134053 ns, Reaching safepoint: 81541 ns, At safepoint: 6549 ns, Total: 88090 ns
[2020-09-11T17:28:09.222+0000][1][safepoint    ] Safepoint "Cleanup", Time since last: 1000374189 ns, Reaching safepoint: 86810 ns, At safepoint: 8830 ns, Total: 95640 ns
[2020-09-11T17:28:09.453+0000][1][safepoint    ] Safepoint "RevokeBias", Time since last: 231060925 ns, Reaching safepoint: 88145 ns, At safepoint: 20045 ns, Total: 108190 ns
[2020-09-11T17:28:10.453+0000][1][safepoint    ] Safepoint "Cleanup", Time since last: 1000105340 ns, Reaching safepoint: 88545 ns, At safepoint: 8883 ns, Total: 97428 ns
[2020-09-11T17:28:10.676+0000][1][safepoint    ] Safepoint "RevokeBias", Time since last: 222590324 ns, Reaching safepoint: 194630 ns, At safepoint: 26161 ns, Total: 220791 ns
[2020-09-11T17:28:10.680+0000][1][safepoint    ] Safepoint "RevokeBias", Time since last: 4324168 ns, Reaching safepoint: 90235 ns, At safepoint: 25369 ns, Total: 115604 ns
[2020-09-11T17:28:11.681+0000][1][safepoint    ] Safepoint "Cleanup", Time since last: 1000111838 ns, Reaching safepoint: 83527 ns, At safepoint: 9517 ns, Total: 93044 ns
[2020-09-11T17:28:12.681+0000][1][safepoint    ] Safepoint "Cleanup", Time since last: 1000107387 ns, Reaching safepoint: 103102 ns, At safepoint: 7863 ns, Total: 110965 ns
[2020-09-11T17:28:13.681+0000][1][safepoint    ] Safepoint "Cleanup", Time since last: 1000105603 ns, Reaching safepoint: 93241 ns, At safepoint: 9977 ns, Total: 103218 ns
[2020-09-11T17:28:14.681+0000][1][safepoint    ] Safepoint "Cleanup", Time since last: 1000105620 ns, Reaching safepoint: 89764 ns, At safepoint: 11501 ns, Total: 101265 ns
[2020-09-11T17:28:14.818+0000][1][safepoint    ] Safepoint "RevokeBias", Time since last: 136533209 ns, Reaching safepoint: 89675 ns, At safepoint: 21918 ns, Total: 111593 ns
[2020-09-11T17:28:15.691+0000][1][safepoint    ] Safepoint "RevokeBias", Time since last: 873260290 ns, Reaching safepoint: 89621 ns, At safepoint: 25177 ns, Total: 114798 ns
[2020-09-11T17:28:15.694+0000][1][safepoint    ] Safepoint "RevokeBias", Time since last: 2990527 ns, Reaching safepoint: 89137 ns, At safepoint: 23783 ns, Total: 112920 ns
[2020-09-11T17:28:16.695+0000][1][safepoint    ] Safepoint "Cleanup", Time since last: 1000107672 ns, Reaching safepoint: 88196 ns, At safepoint: 8709 ns, Total: 96905 ns
[2020-09-11T17:28:17.188+0000][1][safepoint    ] Safepoint "BulkRevokeBias", Time since last: 493251728 ns, Reaching safepoint: 97985 ns, At safepoint: 219587 ns, Total: 317572 ns
[2020-09-11T17:28:18.188+0000][1][safepoint    ] Safepoint "Cleanup", Time since last: 1000131260 ns, Reaching safepoint: 85785 ns, At safepoint: 9592 ns, Total: 95377 ns
[2020-09-11T17:28:19.189+0000][1][safepoint    ] Safepoint "Cleanup", Time since last: 1000117859 ns, Reaching safepoint: 85894 ns, At safepoint: 10170 ns, Total: 96064 ns
[2020-09-11T17:28:19.458+0000][1][safepoint    ] Safepoint "RevokeBias", Time since last: 269524949 ns, Reaching safepoint: 87850 ns, At safepoint: 22047 ns, Total: 109897 ns
[2020-09-11T17:28:20.458+0000][1][safepoint    ] Safepoint "Cleanup", Time since last: 1000105663 ns, Reaching safepoint: 86897 ns, At safepoint: 9556 ns, Total: 96453 ns
[2020-09-11T17:28:20.701+0000][1][safepoint    ] Safepoint "RevokeBias", Time since last: 242415507 ns, Reaching safepoint: 85857 ns, At safepoint: 26638 ns, Total: 112495 ns
[2020-09-11T17:28:20.709+0000][1][safepoint    ] Safepoint "RevokeBias", Time since last: 8027208 ns, Reaching safepoint: 88863 ns, At safepoint: 22621 ns, Total: 111484 ns
[2020-09-11T17:28:21.709+0000][1][safepoint    ] Safepoint "Cleanup", Time since last: 1000109324 ns, Reaching safepoint: 106352 ns, At safepoint: 9973 ns, Total: 116325 ns
[2020-09-11T17:28:22.709+0000][1][safepoint    ] Safepoint "Cleanup", Time since last: 1000108337 ns, Reaching safepoint: 90904 ns, At safepoint: 9399 ns, Total: 100303 ns
[2020-09-11T17:28:22.811+0000][1][gc,start     ] GC(182) Pause Young (Allocation Failure)
[2020-09-11T17:28:22.812+0000][1][gc,task      ] GC(182) Using 1 workers of 1 for evacuation
[2020-09-11T17:28:22.822+0000][1][gc,age       ] GC(182) Desired survivor size 4358144 bytes, new threshold 6 (max threshold 6)
[2020-09-11T17:28:22.822+0000][1][gc,age       ] GC(182) Age table with threshold 6 (max threshold 6)
[2020-09-11T17:28:22.822+0000][1][gc,age       ] GC(182) - age   1:     888480 bytes,     888480 total
[2020-09-11T17:28:22.822+0000][1][gc,age       ] GC(182) - age   2:     166320 bytes,    1054800 total
[2020-09-11T17:28:22.822+0000][1][gc,age       ] GC(182) - age   3:      41208 bytes,    1096008 total
[2020-09-11T17:28:22.822+0000][1][gc,age       ] GC(182) - age   4:     119232 bytes,    1215240 total
[2020-09-11T17:28:22.822+0000][1][gc,age       ] GC(182) - age   5:      22600 bytes,    1237840 total
[2020-09-11T17:28:22.822+0000][1][gc,age       ] GC(182) - age   6:      26528 bytes,    1264368 total
[2020-09-11T17:28:22.822+0000][1][gc,heap      ] GC(182) ParNew: 68895K->1407K(76672K)
[2020-09-11T17:28:22.822+0000][1][gc,heap      ] GC(182) CMS: 118211K->118448K(439104K)
[2020-09-11T17:28:22.822+0000][1][gc,metaspace ] GC(182) Metaspace: 95429K->95429K(1136640K)
[2020-09-11T17:28:22.822+0000][1][gc           ] GC(182) Pause Young (Allocation Failure) 182M->117M(503M) 10.262ms
[2020-09-11T17:28:22.822+0000][1][gc,cpu       ] GC(182) User=0.01s Sys=0.00s Real=0.02s
[2020-09-11T17:28:22.822+0000][1][safepoint    ] Safepoint "GenCollectForAllocation", Time since last: 101928693 ns, Reaching safepoint: 84793 ns, At safepoint: 10328819 ns, Total: 10413612 ns
[2020-09-11T17:28:23.826+0000][1][safepoint    ] Safepoint "Cleanup", Time since last: 1004327553 ns, Reaching safepoint: 95510 ns, At safepoint: 10145 ns, Total: 105655 ns
[2020-09-11T17:28:24.827+0000][1][safepoint    ] Safepoint "Cleanup", Time since last: 1000126098 ns, Reaching safepoint: 144324 ns, At safepoint: 9017 ns, Total: 153341 ns
[2020-09-11T17:28:24.888+0000][1][safepoint    ] Safepoint "RevokeBias", Time since last: 61825313 ns, Reaching safepoint: 90375 ns, At safepoint: 21984 ns, Total: 112359 ns
[2020-09-11T17:28:25.719+0000][1][safepoint    ] Safepoint "RevokeBias", Time since last: 830384444 ns, Reaching safepoint: 83423 ns, At safepoint: 21817 ns, Total: 105240 ns
[2020-09-11T17:28:25.722+0000][1][safepoint    ] Safepoint "RevokeBias", Time since last: 2951999 ns, Reaching safepoint: 167173 ns, At safepoint: 24331 ns, Total: 191504 ns
[2020-09-11T17:28:26.722+0000][1][safepoint    ] Safepoint "Cleanup", Time since last: 1000104748 ns, Reaching safepoint: 86227 ns, At safepoint: 8539 ns, Total: 94766 ns
[2020-09-11T17:28:27.192+0000][1][safepoint    ] Safepoint "RevokeBias", Time since last: 469745726 ns, Reaching safepoint: 92931 ns, At safepoint: 22593 ns, Total: 115524 ns
[2020-09-11T17:28:28.192+0000][1][safepoint    ] Safepoint "Cleanup", Time since last: 1000110581 ns, Reaching safepoint: 92824 ns, At safepoint: 8195 ns, Total: 101019 ns
[2020-09-11T17:28:29.193+0000][1][safepoint    ] Safepoint "Cleanup", Time since last: 1000123652 ns, Reaching safepoint: 84129 ns, At safepoint: 9361 ns, Total: 93490 ns
[2020-09-11T17:28:29.503+0000][1][safepoint    ] Safepoint "RevokeBias", Time since last: 310508438 ns, Reaching safepoint: 93166 ns, At safepoint: 21185 ns, Total: 114351 ns
[2020-09-11T17:28:30.503+0000][1][safepoint    ] Safepoint "Cleanup", Time since last: 1000108605 ns, Reaching safepoint: 84882 ns, At safepoint: 19256 ns, Total: 104138 ns
[2020-09-11T17:28:30.733+0000][1][safepoint    ] Safepoint "RevokeBias", Time since last: 229508124 ns, Reaching safepoint: 82812 ns, At safepoint: 22441 ns, Total: 105253 ns
[2020-09-11T17:28:30.739+0000][1][safepoint    ] Safepoint "RevokeBias", Time since last: 5733679 ns, Reaching safepoint: 86093 ns, At safepoint: 23312 ns, Total: 109405 ns
[2020-09-11T17:28:31.739+0000][1][safepoint    ] Safepoint "Cleanup", Time since last: 1000109001 ns, Reaching safepoint: 87455 ns, At safepoint: 9089 ns, Total: 96544 ns
[2020-09-11T17:28:32.739+0000][1][safepoint    ] Safepoint "Cleanup", Time since last: 1000113245 ns, Reaching safepoint: 85854 ns, At safepoint: 9778 ns, Total: 95632 ns
[2020-09-11T17:28:33.739+0000][1][safepoint    ] Safepoint "Cleanup", Time since last: 1000108835 ns, Reaching safepoint: 88162 ns, At safepoint: 9644 ns, Total: 97806 ns
[2020-09-11T17:28:34.740+0000][1][safepoint    ] Safepoint "Cleanup", Time since last: 1000105703 ns, Reaching safepoint: 92035 ns, At safepoint: 9244 ns, Total: 101279 ns
[2020-09-11T17:28:34.838+0000][1][safepoint    ] Safepoint "RevokeBias", Time since last: 97816777 ns, Reaching safepoint: 91128 ns, At safepoint: 22345 ns, Total: 113473 ns
[2020-09-11T17:28:35.749+0000][1][safepoint    ] Safepoint "RevokeBias", Time since last: 910768352 ns, Reaching safepoint: 89582 ns, At safepoint: 28044 ns, Total: 117626 ns
[2020-09-11T17:28:35.757+0000][1][safepoint    ] Safepoint "BulkRevokeBias", Time since last: 7938812 ns, Reaching safepoint: 93523 ns, At safepoint: 281832 ns, Total: 375355 ns
[2020-09-11T17:28:36.757+0000][1][safepoint    ] Safepoint "Cleanup", Time since last: 1000109298 ns, Reaching safepoint: 85191 ns, At safepoint: 6501 ns, Total: 91692 ns
[2020-09-11T17:28:37.224+0000][1][safepoint    ] Safepoint "RevokeBias", Time since last: 466451854 ns, Reaching safepoint: 88890 ns, At safepoint: 21447 ns, Total: 110337 ns
[2020-09-11T17:28:38.224+0000][1][safepoint    ] Safepoint "Cleanup", Time since last: 1000118301 ns, Reaching safepoint: 85686 ns, At safepoint: 9512 ns, Total: 95198 ns
[2020-09-11T17:28:39.224+0000][1][safepoint    ] Safepoint "Cleanup", Time since last: 1000110968 ns, Reaching safepoint: 86412 ns, At safepoint: 9732 ns, Total: 96144 ns
[2020-09-11T17:28:39.432+0000][1][gc,start     ] GC(183) Pause Young (Allocation Failure)
[2020-09-11T17:28:39.432+0000][1][gc,task      ] GC(183) Using 1 workers of 1 for evacuation
[2020-09-11T17:28:39.441+0000][1][gc,age       ] GC(183) Desired survivor size 4358144 bytes, new threshold 6 (max threshold 6)
[2020-09-11T17:28:39.441+0000][1][gc,age       ] GC(183) Age table with threshold 6 (max threshold 6)
[2020-09-11T17:28:39.441+0000][1][gc,age       ] GC(183) - age   1:     169336 bytes,     169336 total
[2020-09-11T17:28:39.441+0000][1][gc,age       ] GC(183) - age   2:     834808 bytes,    1004144 total
[2020-09-11T17:28:39.441+0000][1][gc,age       ] GC(183) - age   3:     164264 bytes,    1168408 total
[2020-09-11T17:28:39.441+0000][1][gc,age       ] GC(183) - age   4:      41208 bytes,    1209616 total
[2020-09-11T17:28:39.441+0000][1][gc,age       ] GC(183) - age   5:     118920 bytes,    1328536 total
[2020-09-11T17:28:39.441+0000][1][gc,age       ] GC(183) - age   6:      22600 bytes,    1351136 total
[2020-09-11T17:28:39.441+0000][1][gc,heap      ] GC(183) ParNew: 69567K->2204K(76672K)
[2020-09-11T17:28:39.441+0000][1][gc,heap      ] GC(183) CMS: 118448K->118474K(439104K)
[2020-09-11T17:28:39.441+0000][1][gc,metaspace ] GC(183) Metaspace: 95436K->95436K(1136640K)
[2020-09-11T17:28:39.441+0000][1][gc           ] GC(183) Pause Young (Allocation Failure) 183M->117M(503M) 9.464ms
[2020-09-11T17:28:39.441+0000][1][gc,cpu       ] GC(183) User=0.00s Sys=0.00s Real=0.02s
[2020-09-11T17:28:39.441+0000][1][safepoint    ] Safepoint "GenCollectForAllocation", Time since last: 207385893 ns, Reaching safepoint: 169109 ns, At safepoint: 9560358 ns, Total: 9729467 ns
[2020-09-11T17:28:39.519+0000][1][safepoint    ] Safepoint "RevokeBias", Time since last: 78126984 ns, Reaching safepoint: 91088 ns, At safepoint: 32724 ns, Total: 123812 ns
[2020-09-11T17:28:40.520+0000][1][safepoint    ] Safepoint "Cleanup", Time since last: 1000676992 ns, Reaching safepoint: 84293 ns, At safepoint: 21591 ns, Total: 105884 ns
[2020-09-11T17:28:40.767+0000][1][safepoint    ] Safepoint "RevokeBias", Time since last: 247145859 ns, Reaching safepoint: 87810 ns, At safepoint: 36220 ns, Total: 124030 ns
[2020-09-11T17:28:40.771+0000][1][safepoint    ] Safepoint "RevokeBias", Time since last: 3437108 ns, Reaching safepoint: 89199 ns, At safepoint: 36718 ns, Total: 125917 ns
[2020-09-11T17:28:41.772+0000][1][safepoint    ] Safepoint "Cleanup", Time since last: 1000578614 ns, Reaching safepoint: 82087 ns, At safepoint: 19441 ns, Total: 101528 ns
[2020-09-11T17:28:42.772+0000][1][safepoint    ] Safepoint "Cleanup", Time since last: 1000114542 ns, Reaching safepoint: 88311 ns, At safepoint: 23291 ns, Total: 111602 ns
[2020-09-11T17:28:43.772+0000][1][safepoint    ] Safepoint "Cleanup", Time since last: 1000108099 ns, Reaching safepoint: 82043 ns, At safepoint: 19674 ns, Total: 101717 ns
[2020-09-11T17:28:44.772+0000][1][safepoint    ] Safepoint "Cleanup", Time since last: 1000106532 ns, Reaching safepoint: 86283 ns, At safepoint: 8862 ns, Total: 95145 ns
[2020-09-11T17:28:44.817+0000][1][safepoint    ] Safepoint "RevokeBias", Time since last: 44825040 ns, Reaching safepoint: 88819 ns, At safepoint: 22369 ns, Total: 111188 ns
[2020-09-11T17:28:45.780+0000][1][safepoint    ] Safepoint "RevokeBias", Time since last: 962917983 ns, Reaching safepoint: 86083 ns, At safepoint: 22271 ns, Total: 108354 ns
[2020-09-11T17:28:45.784+0000][1][safepoint    ] Safepoint "RevokeBias", Time since last: 3734310 ns, Reaching safepoint: 186232 ns, At safepoint: 21583 ns, Total: 207815 ns
[2020-09-11T17:28:46.784+0000][1][safepoint    ] Safepoint "Cleanup", Time since last: 1000106176 ns, Reaching safepoint: 82957 ns, At safepoint: 8687 ns, Total: 91644 ns
[2020-09-11T17:28:47.277+0000][1][safepoint    ] Safepoint "RevokeBias", Time since last: 492102375 ns, Reaching safepoint: 98288 ns, At safepoint: 39507 ns, Total: 137795 ns
[2020-09-11T17:28:48.277+0000][1][safepoint    ] Safepoint "Cleanup", Time since last: 1000121979 ns, Reaching safepoint: 86106 ns, At safepoint: 8556 ns, Total: 94662 ns
[2020-09-11T17:28:49.277+0000][1][safepoint    ] Safepoint "Cleanup", Time since last: 1000109749 ns, Reaching safepoint: 86013 ns, At safepoint: 7713 ns, Total: 93726 ns
[2020-09-11T17:28:49.521+0000][1][safepoint    ] Safepoint "RevokeBias", Time since last: 243474827 ns, Reaching safepoint: 90302 ns, At safepoint: 22315 ns, Total: 112617 ns
[2020-09-11T17:28:50.796+0000][1][safepoint    ] Safepoint "RevokeBias", Time since last: 1274747665 ns, Reaching safepoint: 87588 ns, At safepoint: 25799 ns, Total: 113387 ns
[2020-09-11T17:28:50.799+0000][1][safepoint    ] Safepoint "RevokeBias", Time since last: 3755074 ns, Reaching safepoint: 86870 ns, At safepoint: 24168 ns, Total: 111038 ns
[2020-09-11T17:28:54.897+0000][1][safepoint    ] Safepoint "RevokeBias", Time since last: 4097514466 ns, Reaching safepoint: 90396 ns, At safepoint: 23142 ns, Total: 113538 ns
[2020-09-11T17:28:55.815+0000][1][safepoint    ] Safepoint "RevokeBias", Time since last: 917629223 ns, Reaching safepoint: 82933 ns, At safepoint: 21404 ns, Total: 104337 ns
[2020-09-11T17:28:55.826+0000][1][safepoint    ] Safepoint "RevokeBias", Time since last: 10677752 ns, Reaching safepoint: 167961 ns, At safepoint: 23375 ns, Total: 191336 ns
[2020-09-11T17:28:57.233+0000][1][safepoint    ] Safepoint "RevokeBias", Time since last: 1407283558 ns, Reaching safepoint: 90595 ns, At safepoint: 22073 ns, Total: 112668 ns
[2020-09-11T17:28:59.481+0000][1][safepoint    ] Safepoint "RevokeBias", Time since last: 2247910385 ns, Reaching safepoint: 86635 ns, At safepoint: 24473 ns, Total: 111108 ns
[2020-09-11T17:29:00.829+0000][1][safepoint    ] Safepoint "RevokeBias", Time since last: 1347463335 ns, Reaching safepoint: 86637 ns, At safepoint: 25027 ns, Total: 111664 ns
[2020-09-11T17:29:00.839+0000][1][safepoint    ] Safepoint "RevokeBias", Time since last: 10197970 ns, Reaching safepoint: 84986 ns, At safepoint: 21951 ns, Total: 106937 ns
[2020-09-11T17:29:03.795+0000][1][gc,start     ] GC(184) Pause Young (Allocation Failure)
[2020-09-11T17:29:03.795+0000][1][gc,task      ] GC(184) Using 1 workers of 1 for evacuation
[2020-09-11T17:29:03.805+0000][1][gc,age       ] GC(184) Desired survivor size 4358144 bytes, new threshold 6 (max threshold 6)
[2020-09-11T17:29:03.805+0000][1][gc,age       ] GC(184) Age table with threshold 6 (max threshold 6)
[2020-09-11T17:29:03.805+0000][1][gc,age       ] GC(184) - age   1:      75232 bytes,      75232 total
[2020-09-11T17:29:03.805+0000][1][gc,age       ] GC(184) - age   2:     102192 bytes,     177424 total
[2020-09-11T17:29:03.805+0000][1][gc,age       ] GC(184) - age   3:     832560 bytes,    1009984 total
[2020-09-11T17:29:03.805+0000][1][gc,age       ] GC(184) - age   4:     164264 bytes,    1174248 total
[2020-09-11T17:29:03.805+0000][1][gc,age       ] GC(184) - age   5:      41176 bytes,    1215424 total
[2020-09-11T17:29:03.805+0000][1][gc,age       ] GC(184) - age   6:     118920 bytes,    1334344 total
[2020-09-11T17:29:03.805+0000][1][gc,heap      ] GC(184) ParNew: 70364K->1540K(76672K)
[2020-09-11T17:29:03.805+0000][1][gc,heap      ] GC(184) CMS: 118474K->118496K(439104K)
[2020-09-11T17:29:03.805+0000][1][gc,metaspace ] GC(184) Metaspace: 95438K->95438K(1136640K)
[2020-09-11T17:29:03.805+0000][1][gc           ] GC(184) Pause Young (Allocation Failure) 184M->117M(503M) 10.071ms
[2020-09-11T17:29:03.805+0000][1][gc,cpu       ] GC(184) User=0.01s Sys=0.00s Real=0.01s
[2020-09-11T17:29:03.805+0000][1][safepoint    ] Safepoint "GenCollectForAllocation", Time since last: 2956269980 ns, Reaching safepoint: 156619 ns, At safepoint: 10139971 ns, Total: 10296590 ns
[2020-09-11T17:29:04.825+0000][1][safepoint    ] Safepoint "RevokeBias", Time since last: 1018939272 ns, Reaching safepoint: 91189 ns, At safepoint: 34587 ns, Total: 125776 ns
[2020-09-11T17:29:05.836+0000][1][safepoint    ] Safepoint "RevokeBias", Time since last: 1011599640 ns, Reaching safepoint: 88235 ns, At safepoint: 35012 ns, Total: 123247 ns
[2020-09-11T17:29:05.849+0000][1][safepoint    ] Safepoint "RevokeBias", Time since last: 12194318 ns, Reaching safepoint: 94211 ns, At safepoint: 37697 ns, Total: 131908 ns
[2020-09-11T17:29:07.181+0000][1][safepoint    ] Safepoint "RevokeBias", Time since last: 1331906453 ns, Reaching safepoint: 85655 ns, At safepoint: 21853 ns, Total: 107508 ns
[2020-09-11T17:29:08.181+0000][1][safepoint    ] Safepoint "Cleanup", Time since last: 1000119408 ns, Reaching safepoint: 109722 ns, At safepoint: 9551 ns, Total: 119273 ns
[2020-09-11T17:29:09.489+0000][1][safepoint    ] Safepoint "RevokeBias", Time since last: 1308062463 ns, Reaching safepoint: 89414 ns, At safepoint: 22089 ns, Total: 111503 ns
[2020-09-11T17:29:10.844+0000][1][safepoint    ] Safepoint "RevokeBias", Time since last: 1355333317 ns, Reaching safepoint: 93541 ns, At safepoint: 25509 ns, Total: 119050 ns
[2020-09-11T17:29:10.861+0000][1][safepoint    ] Safepoint "RevokeBias", Time since last: 16374093 ns, Reaching safepoint: 98597 ns, At safepoint: 25097 ns, Total: 123694 ns
[2020-09-11T17:29:14.866+0000][1][safepoint    ] Safepoint "RevokeBias", Time since last: 4004861315 ns, Reaching safepoint: 162508 ns, At safepoint: 22814 ns, Total: 185322 ns
[2020-09-11T17:29:15.852+0000][1][safepoint    ] Safepoint "RevokeBias", Time since last: 986161968 ns, Reaching safepoint: 89105 ns, At safepoint: 24913 ns, Total: 114018 ns
[2020-09-11T17:29:15.873+0000][1][safepoint    ] Safepoint "RevokeBias", Time since last: 21014693 ns, Reaching safepoint: 87661 ns, At safepoint: 25481 ns, Total: 113142 ns
[2020-09-11T17:29:17.204+0000][1][safepoint    ] Safepoint "RevokeBias", Time since last: 1329986338 ns, Reaching safepoint: 90226 ns, At safepoint: 23033 ns, Total: 113259 ns
[2020-09-11T17:29:19.535+0000][1][safepoint    ] Safepoint "RevokeBias", Time since last: 2331276679 ns, Reaching safepoint: 96159 ns, At safepoint: 22666 ns, Total: 118825 ns
[2020-09-11T17:29:20.864+0000][1][safepoint    ] Safepoint "RevokeBias", Time since last: 1328863861 ns, Reaching safepoint: 88391 ns, At safepoint: 23868 ns, Total: 112259 ns
[2020-09-11T17:29:20.882+0000][1][safepoint    ] Safepoint "RevokeBias", Time since last: 17964134 ns, Reaching safepoint: 168547 ns, At safepoint: 25651 ns, Total: 194198 ns
[2020-09-11T17:29:23.826+0000][1][gc,start     ] GC(185) Pause Young (Allocation Failure)
[2020-09-11T17:29:23.826+0000][1][gc,task      ] GC(185) Using 1 workers of 1 for evacuation
[2020-09-11T17:29:23.835+0000][1][gc,age       ] GC(185) Desired survivor size 4358144 bytes, new threshold 6 (max threshold 6)
[2020-09-11T17:29:23.835+0000][1][gc,age       ] GC(185) Age table with threshold 6 (max threshold 6)
[2020-09-11T17:29:23.835+0000][1][gc,age       ] GC(185) - age   1:     337232 bytes,     337232 total
[2020-09-11T17:29:23.835+0000][1][gc,age       ] GC(185) - age   2:      21648 bytes,     358880 total
[2020-09-11T17:29:23.835+0000][1][gc,age       ] GC(185) - age   3:      98304 bytes,     457184 total
[2020-09-11T17:29:23.835+0000][1][gc,age       ] GC(185) - age   4:     832368 bytes,    1289552 total
[2020-09-11T17:29:23.835+0000][1][gc,age       ] GC(185) - age   5:     164264 bytes,    1453816 total
[2020-09-11T17:29:23.835+0000][1][gc,age       ] GC(185) - age   6:      41176 bytes,    1494992 total
[2020-09-11T17:29:23.835+0000][1][gc,heap      ] GC(185) ParNew: 69700K->2339K(76672K)
[2020-09-11T17:29:23.835+0000][1][gc,heap      ] GC(185) CMS: 118496K->118612K(439104K)
[2020-09-11T17:29:23.835+0000][1][gc,metaspace ] GC(185) Metaspace: 95446K->95446K(1136640K)
[2020-09-11T17:29:23.835+0000][1][gc           ] GC(185) Pause Young (Allocation Failure) 183M->118M(503M) 9.258ms
[2020-09-11T17:29:23.835+0000][1][gc,cpu       ] GC(185) User=0.01s Sys=0.00s Real=0.01s
[2020-09-11T17:29:23.835+0000][1][safepoint    ] Safepoint "GenCollectForAllocation", Time since last: 2943902075 ns, Reaching safepoint: 157767 ns, At safepoint: 9328087 ns, Total: 9485854 ns
[2020-09-11T17:29:24.823+0000][1][safepoint    ] Safepoint "RevokeBias", Time since last: 987023565 ns, Reaching safepoint: 89410 ns, At safepoint: 33069 ns, Total: 122479 ns
[2020-09-11T17:29:25.878+0000][1][safepoint    ] Safepoint "RevokeBias", Time since last: 1055736032 ns, Reaching safepoint: 86334 ns, At safepoint: 25032 ns, Total: 111366 ns
[2020-09-11T17:29:25.891+0000][1][safepoint    ] Safepoint "RevokeBias", Time since last: 12407755 ns, Reaching safepoint: 92061 ns, At safepoint: 25076 ns, Total: 117137 ns
[2020-09-11T17:29:27.210+0000][1][safepoint    ] Safepoint "RevokeBias", Time since last: 1318595868 ns, Reaching safepoint: 96150 ns, At safepoint: 25772 ns, Total: 121922 ns
[2020-09-11T17:29:29.564+0000][1][safepoint    ] Safepoint "RevokeBias", Time since last: 2354504086 ns, Reaching safepoint: 94965 ns, At safepoint: 22325 ns, Total: 117290 ns
[2020-09-11T17:29:30.887+0000][1][safepoint    ] Safepoint "RevokeBias", Time since last: 1323049569 ns, Reaching safepoint: 89050 ns, At safepoint: 26534 ns, Total: 115584 ns
[2020-09-11T17:29:30.910+0000][1][safepoint    ] Safepoint "RevokeBias", Time since last: 21961512 ns, Reaching safepoint: 93562 ns, At safepoint: 24925 ns, Total: 118487 ns
[2020-09-11T17:29:34.823+0000][1][safepoint    ] Safepoint "RevokeBias", Time since last: 3913580909 ns, Reaching safepoint: 90436 ns, At safepoint: 35645 ns, Total: 126081 ns
[2020-09-11T17:29:35.898+0000][1][safepoint    ] Safepoint "RevokeBias", Time since last: 1074756938 ns, Reaching safepoint: 85219 ns, At safepoint: 24285 ns, Total: 109504 ns
[2020-09-11T17:29:35.920+0000][1][safepoint    ] Safepoint "RevokeBias", Time since last: 21901536 ns, Reaching safepoint: 164192 ns, At safepoint: 24372 ns, Total: 188564 ns
[2020-09-11T17:29:36.920+0000][1][safepoint    ] Safepoint "Cleanup", Time since last: 1000112359 ns, Reaching safepoint: 84347 ns, At safepoint: 7676 ns, Total: 92023 ns
[2020-09-11T17:29:37.162+0000][1][safepoint    ] Safepoint "RevokeBias", Time since last: 241883928 ns, Reaching safepoint: 87026 ns, At safepoint: 22150 ns, Total: 109176 ns
[2020-09-11T17:29:39.456+0000][1][safepoint    ] Safepoint "RevokeBias", Time since last: 2293438036 ns, Reaching safepoint: 87678 ns, At safepoint: 21810 ns, Total: 109488 ns
[2020-09-11T17:29:40.906+0000][1][safepoint    ] Safepoint "RevokeBias", Time since last: 1449993436 ns, Reaching safepoint: 87014 ns, At safepoint: 25164 ns, Total: 112178 ns
[2020-09-11T17:29:40.928+0000][1][safepoint    ] Safepoint "RevokeBias", Time since last: 21680160 ns, Reaching safepoint: 167505 ns, At safepoint: 27107 ns, Total: 194612 ns
[2020-09-11T17:29:44.820+0000][1][safepoint    ] Safepoint "RevokeBias", Time since last: 3891959709 ns, Reaching safepoint: 167054 ns, At safepoint: 24142 ns, Total: 191196 ns
[2020-09-11T17:29:45.915+0000][1][safepoint    ] Safepoint "RevokeBias", Time since last: 1094793336 ns, Reaching safepoint: 84918 ns, At safepoint: 21547 ns, Total: 106465 ns
[2020-09-11T17:29:45.936+0000][1][safepoint    ] Safepoint "BulkRevokeBias", Time since last: 20547090 ns, Reaching safepoint: 168102 ns, At safepoint: 224419 ns, Total: 392521 ns
[2020-09-11T17:29:46.987+0000][1][gc,start     ] GC(186) Pause Young (Allocation Failure)
[2020-09-11T17:29:46.987+0000][1][gc,task      ] GC(186) Using 1 workers of 1 for evacuation
[2020-09-11T17:29:46.996+0000][1][gc,age       ] GC(186) Desired survivor size 4358144 bytes, new threshold 6 (max threshold 6)
[2020-09-11T17:29:46.996+0000][1][gc,age       ] GC(186) Age table with threshold 6 (max threshold 6)
[2020-09-11T17:29:46.996+0000][1][gc,age       ] GC(186) - age   1:     296288 bytes,     296288 total
[2020-09-11T17:29:46.996+0000][1][gc,age       ] GC(186) - age   2:     281536 bytes,     577824 total
[2020-09-11T17:29:46.996+0000][1][gc,age       ] GC(186) - age   3:      19592 bytes,     597416 total
[2020-09-11T17:29:46.996+0000][1][gc,age       ] GC(186) - age   4:      98304 bytes,     695720 total
[2020-09-11T17:29:46.996+0000][1][gc,age       ] GC(186) - age   5:     832368 bytes,    1528088 total
[2020-09-11T17:29:46.996+0000][1][gc,age       ] GC(186) - age   6:     164264 bytes,    1692352 total
[2020-09-11T17:29:46.996+0000][1][gc,heap      ] GC(186) ParNew: 70499K->2774K(76672K)
[2020-09-11T17:29:46.996+0000][1][gc,heap      ] GC(186) CMS: 118612K->118652K(439104K)
[2020-09-11T17:29:46.996+0000][1][gc,metaspace ] GC(186) Metaspace: 95451K->95451K(1136640K)
[2020-09-11T17:29:46.996+0000][1][gc           ] GC(186) Pause Young (Allocation Failure) 184M->118M(503M) 9.164ms
[2020-09-11T17:29:46.996+0000][1][gc,cpu       ] GC(186) User=0.01s Sys=0.00s Real=0.01s
[2020-09-11T17:29:46.996+0000][1][safepoint    ] Safepoint "GenCollectForAllocation", Time since last: 1046564744 ns, Reaching safepoint: 4147218 ns, At safepoint: 9247761 ns, Total: 13394979 ns
[2020-09-11T17:29:47.233+0000][1][safepoint    ] Safepoint "BulkRevokeBias", Time since last: 237034865 ns, Reaching safepoint: 90456 ns, At safepoint: 288946 ns, Total: 379402 ns
[2020-09-11T17:29:49.509+0000][1][safepoint    ] Safepoint "RevokeBias", Time since last: 2276045025 ns, Reaching safepoint: 90851 ns, At safepoint: 21415 ns, Total: 112266 ns
[2020-09-11T17:29:50.923+0000][1][safepoint    ] Safepoint "RevokeBias", Time since last: 1413185989 ns, Reaching safepoint: 97252 ns, At safepoint: 26211 ns, Total: 123463 ns
[2020-09-11T17:29:50.947+0000][1][safepoint    ] Safepoint "RevokeBias", Time since last: 23680070 ns, Reaching safepoint: 89893 ns, At safepoint: 23963 ns, Total: 113856 ns
[2020-09-11T17:29:54.869+0000][1][safepoint    ] Safepoint "RevokeBias", Time since last: 3922298211 ns, Reaching safepoint: 87066 ns, At safepoint: 21695 ns, Total: 108761 ns
[2020-09-11T17:29:55.934+0000][1][safepoint    ] Safepoint "RevokeBias", Time since last: 1065143406 ns, Reaching safepoint: 83671 ns, At safepoint: 21907 ns, Total: 105578 ns
[2020-09-11T17:29:55.954+0000][1][safepoint    ] Safepoint "RevokeBias", Time since last: 20051736 ns, Reaching safepoint: 165519 ns, At safepoint: 22541 ns, Total: 188060 ns
[2020-09-11T17:29:57.168+0000][1][safepoint    ] Safepoint "RevokeBias", Time since last: 1212941122 ns, Reaching safepoint: 89484 ns, At safepoint: 21372 ns, Total: 110856 ns
[2020-09-11T17:29:59.530+0000][1][safepoint    ] Safepoint "RevokeBias", Time since last: 2362522156 ns, Reaching safepoint: 89910 ns, At safepoint: 22813 ns, Total: 112723 ns
[2020-09-11T17:30:00.942+0000][1][safepoint    ] Safepoint "RevokeBias", Time since last: 1411523719 ns, Reaching safepoint: 89613 ns, At safepoint: 25336 ns, Total: 114949 ns
[2020-09-11T17:30:00.963+0000][1][safepoint    ] Safepoint "RevokeBias", Time since last: 20824089 ns, Reaching safepoint: 170088 ns, At safepoint: 26594 ns, Total: 196682 ns
[2020-09-11T17:30:01.963+0000][1][safepoint    ] Safepoint "Cleanup", Time since last: 1000107200 ns, Reaching safepoint: 81383 ns, At safepoint: 8927 ns, Total: 90310 ns
[2020-09-11T17:30:02.963+0000][1][safepoint    ] Safepoint "Cleanup", Time since last: 1000097719 ns, Reaching safepoint: 80277 ns, At safepoint: 8059 ns, Total: 88336 ns
[2020-09-11T17:30:03.963+0000][1][safepoint    ] Safepoint "Cleanup", Time since last: 1000085837 ns, Reaching safepoint: 79304 ns, At safepoint: 7881 ns, Total: 87185 ns
[2020-09-11T17:30:04.908+0000][1][safepoint    ] Safepoint "RevokeBias", Time since last: 944313143 ns, Reaching safepoint: 93629 ns, At safepoint: 27145 ns, Total: 120774 ns
[2020-09-11T17:30:05.908+0000][1][safepoint    ] Safepoint "Cleanup", Time since last: 1000103670 ns, Reaching safepoint: 81262 ns, At safepoint: 5474 ns, Total: 86736 ns
[2020-09-11T17:30:05.949+0000][1][safepoint    ] Safepoint "RevokeBias", Time since last: 40976962 ns, Reaching safepoint: 86277 ns, At safepoint: 24640 ns, Total: 110917 ns
[2020-09-11T17:30:05.971+0000][1][safepoint    ] Safepoint "RevokeBias", Time since last: 21339565 ns, Reaching safepoint: 165064 ns, At safepoint: 23440 ns, Total: 188504 ns
[2020-09-11T17:30:06.971+0000][1][safepoint    ] Safepoint "Cleanup", Time since last: 1000111966 ns, Reaching safepoint: 83580 ns, At safepoint: 8761 ns, Total: 92341 ns
[2020-09-11T17:30:06.971+0000][1][gc,start     ] GC(187) Pause Young (Allocation Failure)
[2020-09-11T17:30:06.971+0000][1][gc,task      ] GC(187) Using 1 workers of 1 for evacuation
[2020-09-11T17:30:06.976+0000][1][gc,age       ] GC(187) Desired survivor size 4358144 bytes, new threshold 6 (max threshold 6)
[2020-09-11T17:30:06.976+0000][1][gc,age       ] GC(187) Age table with threshold 6 (max threshold 6)
[2020-09-11T17:30:06.976+0000][1][gc,age       ] GC(187) - age   1:      82984 bytes,      82984 total
[2020-09-11T17:30:06.976+0000][1][gc,age       ] GC(187) - age   2:     221464 bytes,     304448 total
[2020-09-11T17:30:06.976+0000][1][gc,age       ] GC(187) - age   3:     281264 bytes,     585712 total
[2020-09-11T17:30:06.976+0000][1][gc,age       ] GC(187) - age   4:      19496 bytes,     605208 total
[2020-09-11T17:30:06.976+0000][1][gc,age       ] GC(187) - age   5:      98304 bytes,     703512 total
[2020-09-11T17:30:06.976+0000][1][gc,age       ] GC(187) - age   6:     832056 bytes,    1535568 total
[2020-09-11T17:30:06.976+0000][1][gc,heap      ] GC(187) ParNew: 70934K->1933K(76672K)
[2020-09-11T17:30:06.976+0000][1][gc,heap      ] GC(187) CMS: 118652K->118812K(439104K)
[2020-09-11T17:30:06.976+0000][1][gc,metaspace ] GC(187) Metaspace: 95453K->95453K(1136640K)
[2020-09-11T17:30:06.976+0000][1][gc           ] GC(187) Pause Young (Allocation Failure) 185M->117M(503M) 5.307ms
[2020-09-11T17:30:06.976+0000][1][gc,cpu       ] GC(187) User=0.01s Sys=0.00s Real=0.01s
[2020-09-11T17:30:06.986+0000][1][safepoint    ] Safepoint "GenCollectForAllocation", Time since last: 212733 ns, Reaching safepoint: 139633 ns, At safepoint: 14769352 ns, Total: 14908985 ns
[2020-09-11T17:30:07.197+0000][1][safepoint    ] Safepoint "RevokeBias", Time since last: 210591178 ns, Reaching safepoint: 85640 ns, At safepoint: 21688 ns, Total: 107328 ns
[2020-09-11T17:30:08.197+0000][1][safepoint    ] Safepoint "Cleanup", Time since last: 1000109869 ns, Reaching safepoint: 101143 ns, At safepoint: 8774 ns, Total: 109917 ns
[2020-09-11T17:30:09.197+0000][1][safepoint    ] Safepoint "Cleanup", Time since last: 1000118399 ns, Reaching safepoint: 84172 ns, At safepoint: 9351 ns, Total: 93523 ns
[2020-09-11T17:30:09.465+0000][1][safepoint    ] Safepoint "RevokeBias", Time since last: 268005412 ns, Reaching safepoint: 87635 ns, At safepoint: 22489 ns, Total: 110124 ns
[2020-09-11T17:30:10.465+0000][1][safepoint    ] Safepoint "Cleanup", Time since last: 1000105340 ns, Reaching safepoint: 84912 ns, At safepoint: 9372 ns, Total: 94284 ns
[2020-09-11T17:30:10.959+0000][1][safepoint    ] Safepoint "RevokeBias", Time since last: 493999448 ns, Reaching safepoint: 108137 ns, At safepoint: 24293 ns, Total: 132430 ns
[2020-09-11T17:30:10.984+0000][1][safepoint    ] Safepoint "RevokeBias", Time since last: 23887108 ns, Reaching safepoint: 165700 ns, At safepoint: 23324 ns, Total: 189024 ns
[2020-09-11T17:30:11.984+0000][1][safepoint    ] Safepoint "Cleanup", Time since last: 1000113280 ns, Reaching safepoint: 80028 ns, At safepoint: 9265 ns, Total: 89293 ns
[2020-09-11T17:30:12.984+0000][1][safepoint    ] Safepoint "Cleanup", Time since last: 1000102876 ns, Reaching safepoint: 79929 ns, At safepoint: 8343 ns, Total: 88272 ns
[2020-09-11T17:30:13.984+0000][1][safepoint    ] Safepoint "Cleanup", Time since last: 1000103967 ns, Reaching safepoint: 78916 ns, At safepoint: 8380 ns, Total: 87296 ns
[2020-09-11T17:30:14.827+0000][1][safepoint    ] Safepoint "RevokeBias", Time since last: 843186344 ns, Reaching safepoint: 90757 ns, At safepoint: 22576 ns, Total: 113333 ns
[2020-09-11T17:30:15.828+0000][1][safepoint    ] Safepoint "Cleanup", Time since last: 1000106233 ns, Reaching safepoint: 86027 ns, At safepoint: 8202 ns, Total: 94229 ns
[2020-09-11T17:30:15.969+0000][1][safepoint    ] Safepoint "RevokeBias", Time since last: 140952362 ns, Reaching safepoint: 84030 ns, At safepoint: 24189 ns, Total: 108219 ns
[2020-09-11T17:30:15.993+0000][1][safepoint    ] Safepoint "RevokeBias", Time since last: 24067981 ns, Reaching safepoint: 91124 ns, At safepoint: 24906 ns, Total: 116030 ns
[2020-09-11T17:30:16.994+0000][1][safepoint    ] Safepoint "Cleanup", Time since last: 1000103710 ns, Reaching safepoint: 1329171 ns, At safepoint: 7296 ns, Total: 1336467 ns
[2020-09-11T17:30:17.234+0000][1][safepoint    ] Safepoint "RevokeBias", Time since last: 239302888 ns, Reaching safepoint: 92702 ns, At safepoint: 21415 ns, Total: 114117 ns
[2020-09-11T17:30:18.234+0000][1][safepoint    ] Safepoint "Cleanup", Time since last: 1000106687 ns, Reaching safepoint: 85780 ns, At safepoint: 9158 ns, Total: 94938 ns
[2020-09-11T17:30:19.234+0000][1][safepoint    ] Safepoint "Cleanup", Time since last: 1000110352 ns, Reaching safepoint: 102926 ns, At safepoint: 9011 ns, Total: 111937 ns
[2020-09-11T17:30:19.472+0000][1][safepoint    ] Safepoint "RevokeBias", Time since last: 237545619 ns, Reaching safepoint: 88189 ns, At safepoint: 21215 ns, Total: 109404 ns
[2020-09-11T17:30:20.472+0000][1][safepoint    ] Safepoint "Cleanup", Time since last: 1000103238 ns, Reaching safepoint: 86598 ns, At safepoint: 8801 ns, Total: 95399 ns
[2020-09-11T17:30:21.000+0000][1][safepoint    ] Safepoint "RevokeBias", Time since last: 527457276 ns, Reaching safepoint: 87328 ns, At safepoint: 24570 ns, Total: 111898 ns
[2020-09-11T17:30:21.008+0000][1][safepoint    ] Safepoint "RevokeBias", Time since last: 7940872 ns, Reaching safepoint: 169220 ns, At safepoint: 25459 ns, Total: 194679 ns
[2020-09-11T17:30:22.008+0000][1][safepoint    ] Safepoint "Cleanup", Time since last: 1000112932 ns, Reaching safepoint: 86466 ns, At safepoint: 9517 ns, Total: 95983 ns
[2020-09-11T17:30:23.008+0000][1][safepoint    ] Safepoint "Cleanup", Time since last: 1000113837 ns, Reaching safepoint: 85385 ns, At safepoint: 10057 ns, Total: 95442 ns
[2020-09-11T17:30:24.008+0000][1][safepoint    ] Safepoint "Cleanup", Time since last: 1000111966 ns, Reaching safepoint: 86291 ns, At safepoint: 8989 ns, Total: 95280 ns
[2020-09-11T17:30:24.974+0000][1][safepoint    ] Safepoint "RevokeBias", Time since last: 965261176 ns, Reaching safepoint: 95306 ns, At safepoint: 25781 ns, Total: 121087 ns
[2020-09-11T17:30:25.974+0000][1][safepoint    ] Safepoint "Cleanup", Time since last: 1000109344 ns, Reaching safepoint: 84098 ns, At safepoint: 9151 ns, Total: 93249 ns
[2020-09-11T17:30:26.008+0000][1][safepoint    ] Safepoint "RevokeBias", Time since last: 33462827 ns, Reaching safepoint: 85904 ns, At safepoint: 23495 ns, Total: 109399 ns
[2020-09-11T17:30:26.026+0000][1][safepoint    ] Safepoint "RevokeBias", Time since last: 17799868 ns, Reaching safepoint: 167300 ns, At safepoint: 23498 ns, Total: 190798 ns
[2020-09-11T17:30:27.026+0000][1][safepoint    ] Safepoint "Cleanup", Time since last: 1000104986 ns, Reaching safepoint: 94701 ns, At safepoint: 7416 ns, Total: 102117 ns
[2020-09-11T17:30:27.075+0000][1][gc,start     ] GC(188) Pause Young (Allocation Failure)
[2020-09-11T17:30:27.075+0000][1][gc,task      ] GC(188) Using 1 workers of 1 for evacuation
[2020-09-11T17:30:27.080+0000][1][gc,age       ] GC(188) Desired survivor size 4358144 bytes, new threshold 6 (max threshold 6)
[2020-09-11T17:30:27.080+0000][1][gc,age       ] GC(188) Age table with threshold 6 (max threshold 6)
[2020-09-11T17:30:27.080+0000][1][gc,age       ] GC(188) - age   1:      74048 bytes,      74048 total
[2020-09-11T17:30:27.080+0000][1][gc,age       ] GC(188) - age   2:      33272 bytes,     107320 total
[2020-09-11T17:30:27.080+0000][1][gc,age       ] GC(188) - age   3:     218320 bytes,     325640 total
[2020-09-11T17:30:27.080+0000][1][gc,age       ] GC(188) - age   4:     281072 bytes,     606712 total
[2020-09-11T17:30:27.080+0000][1][gc,age       ] GC(188) - age   5:      19496 bytes,     626208 total
[2020-09-11T17:30:27.080+0000][1][gc,age       ] GC(188) - age   6:      98304 bytes,     724512 total
[2020-09-11T17:30:27.080+0000][1][gc,heap      ] GC(188) ParNew: 70038K->1366K(76672K)
[2020-09-11T17:30:27.080+0000][1][gc,heap      ] GC(188) CMS: 118812K->119625K(439104K)
[2020-09-11T17:30:27.080+0000][1][gc,metaspace ] GC(188) Metaspace: 95454K->95454K(1136640K)
[2020-09-11T17:30:27.080+0000][1][gc           ] GC(188) Pause Young (Allocation Failure) 184M->118M(503M) 5.015ms
[2020-09-11T17:30:27.080+0000][1][gc,cpu       ] GC(188) User=0.00s Sys=0.00s Real=0.00s
[2020-09-11T17:30:27.090+0000][1][safepoint    ] Safepoint "GenCollectForAllocation", Time since last: 48832877 ns, Reaching safepoint: 164824 ns, At safepoint: 15390985 ns, Total: 15555809 ns
[2020-09-11T17:30:27.185+0000][1][safepoint    ] Safepoint "RevokeBias", Time since last: 94855650 ns, Reaching safepoint: 89893 ns, At safepoint: 21171 ns, Total: 111064 ns
[2020-09-11T17:30:28.185+0000][1][safepoint    ] Safepoint "Cleanup", Time since last: 1000107013 ns, Reaching safepoint: 88141 ns, At safepoint: 9451 ns, Total: 97592 ns
[2020-09-11T17:30:29.185+0000][1][safepoint    ] Safepoint "Cleanup", Time since last: 1000112765 ns, Reaching safepoint: 86617 ns, At safepoint: 10094 ns, Total: 96711 ns
[2020-09-11T17:30:29.464+0000][1][safepoint    ] Safepoint "RevokeBias", Time since last: 278790662 ns, Reaching safepoint: 100728 ns, At safepoint: 22380 ns, Total: 123108 ns
[2020-09-11T17:30:30.465+0000][1][safepoint    ] Safepoint "Cleanup", Time since last: 1000107780 ns, Reaching safepoint: 84367 ns, At safepoint: 9544 ns, Total: 93911 ns
[2020-09-11T17:30:31.023+0000][1][safepoint    ] Safepoint "RevokeBias", Time since last: 558532269 ns, Reaching safepoint: 88266 ns, At safepoint: 24427 ns, Total: 112693 ns
[2020-09-11T17:30:31.036+0000][1][safepoint    ] Safepoint "RevokeBias", Time since last: 12596789 ns, Reaching safepoint: 179027 ns, At safepoint: 26610 ns, Total: 205637 ns
[2020-09-11T17:30:32.036+0000][1][safepoint    ] Safepoint "Cleanup", Time since last: 1000112715 ns, Reaching safepoint: 94266 ns, At safepoint: 10215 ns, Total: 104481 ns
[2020-09-11T17:30:33.036+0000][1][safepoint    ] Safepoint "Cleanup", Time since last: 1000111938 ns, Reaching safepoint: 86712 ns, At safepoint: 9596 ns, Total: 96308 ns
[2020-09-11T17:30:34.037+0000][1][safepoint    ] Safepoint "Cleanup", Time since last: 1000110847 ns, Reaching safepoint: 85386 ns, At safepoint: 10099 ns, Total: 95485 ns
[2020-09-11T17:30:34.910+0000][1][safepoint    ] Safepoint "RevokeBias", Time since last: 873349605 ns, Reaching safepoint: 92054 ns, At safepoint: 25597 ns, Total: 117651 ns
[2020-09-11T17:30:35.910+0000][1][safepoint    ] Safepoint "Cleanup", Time since last: 1000102027 ns, Reaching safepoint: 78319 ns, At safepoint: 5834 ns, Total: 84153 ns
[2020-09-11T17:30:36.031+0000][1][safepoint    ] Safepoint "RevokeBias", Time since last: 120409866 ns, Reaching safepoint: 84370 ns, At safepoint: 22759 ns, Total: 107129 ns
[2020-09-11T17:30:36.044+0000][1][safepoint    ] Safepoint "RevokeBias", Time since last: 12950638 ns, Reaching safepoint: 89536 ns, At safepoint: 22692 ns, Total: 112228 ns
[2020-09-11T17:30:37.044+0000][1][safepoint    ] Safepoint "Cleanup", Time since last: 1000105291 ns, Reaching safepoint: 85376 ns, At safepoint: 8604 ns, Total: 93980 ns
[2020-09-11T17:30:37.244+0000][1][safepoint    ] Safepoint "RevokeBias", Time since last: 200258048 ns, Reaching safepoint: 87318 ns, At safepoint: 22523 ns, Total: 109841 ns
[2020-09-11T17:30:38.245+0000][1][safepoint    ] Safepoint "Cleanup", Time since last: 1000113214 ns, Reaching safepoint: 84650 ns, At safepoint: 9043 ns, Total: 93693 ns
[2020-09-11T17:30:39.245+0000][1][safepoint    ] Safepoint "Cleanup", Time since last: 1000085454 ns, Reaching safepoint: 86733 ns, At safepoint: 10214 ns, Total: 96947 ns
[2020-09-11T17:30:39.461+0000][1][safepoint    ] Safepoint "RevokeBias", Time since last: 215719431 ns, Reaching safepoint: 89053 ns, At safepoint: 21192 ns, Total: 110245 ns
[2020-09-11T17:30:40.461+0000][1][safepoint    ] Safepoint "Cleanup", Time since last: 1000145010 ns, Reaching safepoint: 86525 ns, At safepoint: 9421 ns, Total: 95946 ns
[2020-09-11T17:30:41.043+0000][1][safepoint    ] Safepoint "RevokeBias", Time since last: 581891800 ns, Reaching safepoint: 82798 ns, At safepoint: 22836 ns, Total: 105634 ns
[2020-09-11T17:30:41.057+0000][1][safepoint    ] Safepoint "RevokeBias", Time since last: 9392574 ns, Reaching safepoint: 4539391 ns, At safepoint: 33103 ns, Total: 4572494 ns
[2020-09-11T17:30:42.057+0000][1][safepoint    ] Safepoint "Cleanup", Time since last: 1000114681 ns, Reaching safepoint: 99989 ns, At safepoint: 10464 ns, Total: 110453 ns
[2020-09-11T17:30:43.057+0000][1][safepoint    ] Safepoint "Cleanup", Time since last: 1000140957 ns, Reaching safepoint: 85130 ns, At safepoint: 9348 ns, Total: 94478 ns
[2020-09-11T17:30:44.058+0000][1][safepoint    ] Safepoint "Cleanup", Time since last: 1000108294 ns, Reaching safepoint: 91125 ns, At safepoint: 9432 ns, Total: 100557 ns
[2020-09-11T17:30:44.836+0000][1][safepoint    ] Safepoint "RevokeBias", Time since last: 778387294 ns, Reaching safepoint: 165892 ns, At safepoint: 23386 ns, Total: 189278 ns
[2020-09-11T17:30:45.836+0000][1][safepoint    ] Safepoint "Cleanup", Time since last: 1000103554 ns, Reaching safepoint: 93221 ns, At safepoint: 9604 ns, Total: 102825 ns
[2020-09-11T17:30:46.060+0000][1][safepoint    ] Safepoint "RevokeBias", Time since last: 223040181 ns, Reaching safepoint: 87983 ns, At safepoint: 25727 ns, Total: 113710 ns
[2020-09-11T17:30:46.066+0000][1][safepoint    ] Safepoint "RevokeBias", Time since last: 6601600 ns, Reaching safepoint: 167243 ns, At safepoint: 25434 ns, Total: 192677 ns
[2020-09-11T17:30:47.067+0000][1][safepoint    ] Safepoint "Cleanup", Time since last: 1000110063 ns, Reaching safepoint: 79070 ns, At safepoint: 6085 ns, Total: 85155 ns
[2020-09-11T17:30:47.155+0000][1][gc,start     ] GC(189) Pause Young (Allocation Failure)
[2020-09-11T17:30:47.155+0000][1][gc,task      ] GC(189) Using 1 workers of 1 for evacuation
[2020-09-11T17:30:47.166+0000][1][gc,age       ] GC(189) Desired survivor size 4358144 bytes, new threshold 6 (max threshold 6)
[2020-09-11T17:30:47.166+0000][1][gc,age       ] GC(189) Age table with threshold 6 (max threshold 6)
[2020-09-11T17:30:47.166+0000][1][gc,age       ] GC(189) - age   1:     175648 bytes,     175648 total
[2020-09-11T17:30:47.166+0000][1][gc,age       ] GC(189) - age   2:      23048 bytes,     198696 total
[2020-09-11T17:30:47.166+0000][1][gc,age       ] GC(189) - age   3:      29792 bytes,     228488 total
[2020-09-11T17:30:47.166+0000][1][gc,age       ] GC(189) - age   4:     218320 bytes,     446808 total
[2020-09-11T17:30:47.166+0000][1][gc,age       ] GC(189) - age   5:     281072 bytes,     727880 total
[2020-09-11T17:30:47.166+0000][1][gc,age       ] GC(189) - age   6:      19496 bytes,     747376 total
[2020-09-11T17:30:47.166+0000][1][gc,heap      ] GC(189) ParNew: 69526K->1213K(76672K)
[2020-09-11T17:30:47.166+0000][1][gc,heap      ] GC(189) CMS: 119625K->119721K(439104K)
[2020-09-11T17:30:47.166+0000][1][gc,metaspace ] GC(189) Metaspace: 95454K->95454K(1136640K)
[2020-09-11T17:30:47.166+0000][1][gc           ] GC(189) Pause Young (Allocation Failure) 184M->118M(503M) 10.953ms
[2020-09-11T17:30:47.166+0000][1][gc,cpu       ] GC(189) User=0.01s Sys=0.00s Real=0.01s
[2020-09-11T17:30:47.166+0000][1][safepoint    ] Safepoint "GenCollectForAllocation", Time since last: 86817622 ns, Reaching safepoint: 1766341 ns, At safepoint: 11020769 ns, Total: 12787110 ns
[2020-09-11T17:30:47.249+0000][1][safepoint    ] Safepoint "RevokeBias", Time since last: 82956373 ns, Reaching safepoint: 89074 ns, At safepoint: 34156 ns, Total: 123230 ns
[2020-09-11T17:30:48.250+0000][1][safepoint    ] Safepoint "Cleanup", Time since last: 1001071574 ns, Reaching safepoint: 82530 ns, At safepoint: 21744 ns, Total: 104274 ns
[2020-09-11T17:30:49.251+0000][1][safepoint    ] Safepoint "Cleanup", Time since last: 1000111232 ns, Reaching safepoint: 90527 ns, At safepoint: 9500 ns, Total: 100027 ns
[2020-09-11T17:30:49.511+0000][1][safepoint    ] Safepoint "RevokeBias", Time since last: 260730697 ns, Reaching safepoint: 94260 ns, At safepoint: 25641 ns, Total: 119901 ns
[2020-09-11T17:30:50.512+0000][1][safepoint    ] Safepoint "Cleanup", Time since last: 1000101485 ns, Reaching safepoint: 106683 ns, At safepoint: 9113 ns, Total: 115796 ns
[2020-09-11T17:30:51.076+0000][1][safepoint    ] Safepoint "RevokeBias", Time since last: 564697997 ns, Reaching safepoint: 86327 ns, At safepoint: 45144 ns, Total: 131471 ns
[2020-09-11T17:30:51.080+0000][1][safepoint    ] Safepoint "RevokeBias", Time since last: 3647576 ns, Reaching safepoint: 90073 ns, At safepoint: 24524 ns, Total: 114597 ns
[2020-09-11T17:30:52.080+0000][1][safepoint    ] Safepoint "Cleanup", Time since last: 1000111781 ns, Reaching safepoint: 93763 ns, At safepoint: 9364 ns, Total: 103127 ns
[2020-09-11T17:30:53.081+0000][1][safepoint    ] Safepoint "Cleanup", Time since last: 1000105399 ns, Reaching safepoint: 84143 ns, At safepoint: 9162 ns, Total: 93305 ns
[2020-09-11T17:30:54.081+0000][1][safepoint    ] Safepoint "Cleanup", Time since last: 1000114254 ns, Reaching safepoint: 89598 ns, At safepoint: 6544 ns, Total: 96142 ns
[2020-09-11T17:30:54.844+0000][1][safepoint    ] Safepoint "RevokeBias", Time since last: 762967261 ns, Reaching safepoint: 163638 ns, At safepoint: 37711 ns, Total: 201349 ns
[2020-09-11T17:30:55.934+0000][1][safepoint    ] Safepoint "Cleanup", Time since last: 1089490575 ns, Reaching safepoint: 95174 ns, At safepoint: 8549 ns, Total: 103723 ns
[2020-09-11T17:30:56.095+0000][1][safepoint    ] Safepoint "RevokeBias", Time since last: 161444778 ns, Reaching safepoint: 86853 ns, At safepoint: 24510 ns, Total: 111363 ns
[2020-09-11T17:30:56.099+0000][1][safepoint    ] Safepoint "BulkRevokeBias", Time since last: 3729149 ns, Reaching safepoint: 90645 ns, At safepoint: 254197 ns, Total: 344842 ns
[2020-09-11T17:30:57.099+0000][1][safepoint    ] Safepoint "Cleanup", Time since last: 1000106643 ns, Reaching safepoint: 80194 ns, At safepoint: 5789 ns, Total: 85983 ns
[2020-09-11T17:30:57.239+0000][1][safepoint    ] Safepoint "RevokeBias", Time since last: 139857903 ns, Reaching safepoint: 90819 ns, At safepoint: 22160 ns, Total: 112979 ns
[2020-09-11T17:30:58.240+0000][1][safepoint    ] Safepoint "Cleanup", Time since last: 1000105503 ns, Reaching safepoint: 86913 ns, At safepoint: 10220 ns, Total: 97133 ns
[2020-09-11T17:30:59.240+0000][1][safepoint    ] Safepoint "Cleanup", Time since last: 1000110200 ns, Reaching safepoint: 87482 ns, At safepoint: 8997 ns, Total: 96479 ns
[2020-09-11T17:30:59.454+0000][1][safepoint    ] Safepoint "RevokeBias", Time since last: 214356942 ns, Reaching safepoint: 89206 ns, At safepoint: 22355 ns, Total: 111561 ns
[2020-09-11T17:31:00.455+0000][1][safepoint    ] Safepoint "Cleanup", Time since last: 1000106340 ns, Reaching safepoint: 86041 ns, At safepoint: 9198 ns, Total: 95239 ns
[2020-09-11T17:31:01.109+0000][1][safepoint    ] Safepoint "RevokeBias", Time since last: 654284676 ns, Reaching safepoint: 86615 ns, At safepoint: 24432 ns, Total: 111047 ns
[2020-09-11T17:31:01.116+0000][1][safepoint    ] Safepoint "RevokeBias", Time since last: 6976171 ns, Reaching safepoint: 173184 ns, At safepoint: 26060 ns, Total: 199244 ns
[2020-09-11T17:31:02.116+0000][1][safepoint    ] Safepoint "Cleanup", Time since last: 1000113627 ns, Reaching safepoint: 79268 ns, At safepoint: 8214 ns, Total: 87482 ns
[2020-09-11T17:31:04.831+0000][1][safepoint    ] Safepoint "RevokeBias", Time since last: 2714064860 ns, Reaching safepoint: 164504 ns, At safepoint: 22324 ns, Total: 186828 ns
[2020-09-11T17:31:06.127+0000][1][safepoint    ] Safepoint "RevokeBias", Time since last: 1296525663 ns, Reaching safepoint: 88087 ns, At safepoint: 24808 ns, Total: 112895 ns
[2020-09-11T17:31:06.130+0000][1][safepoint    ] Safepoint "RevokeBias", Time since last: 2285587 ns, Reaching safepoint: 165143 ns, At safepoint: 23875 ns, Total: 189018 ns
[2020-09-11T17:31:07.161+0000][1][gc,start     ] GC(190) Pause Young (Allocation Failure)
[2020-09-11T17:31:07.161+0000][1][gc,task      ] GC(190) Using 1 workers of 1 for evacuation
[2020-09-11T17:31:07.190+0000][1][gc,age       ] GC(190) Desired survivor size 4358144 bytes, new threshold 6 (max threshold 6)
[2020-09-11T17:31:07.190+0000][1][gc,age       ] GC(190) Age table with threshold 6 (max threshold 6)
[2020-09-11T17:31:07.190+0000][1][gc,age       ] GC(190) - age   1:     179384 bytes,     179384 total
[2020-09-11T17:31:07.190+0000][1][gc,age       ] GC(190) - age   2:      39856 bytes,     219240 total
[2020-09-11T17:31:07.190+0000][1][gc,age       ] GC(190) - age   3:      21264 bytes,     240504 total
[2020-09-11T17:31:07.190+0000][1][gc,age       ] GC(190) - age   4:      29696 bytes,     270200 total
[2020-09-11T17:31:07.190+0000][1][gc,age       ] GC(190) - age   5:     218320 bytes,     488520 total
[2020-09-11T17:31:07.190+0000][1][gc,age       ] GC(190) - age   6:     280760 bytes,     769280 total
[2020-09-11T17:31:07.190+0000][1][gc,heap      ] GC(190) ParNew: 69373K->1398K(76672K)
[2020-09-11T17:31:07.190+0000][1][gc,heap      ] GC(190) CMS: 119721K->119740K(439104K)
[2020-09-11T17:31:07.190+0000][1][gc,metaspace ] GC(190) Metaspace: 95454K->95454K(1136640K)
[2020-09-11T17:31:07.197+0000][1][gc           ] GC(190) Pause Young (Allocation Failure) 184M->118M(503M) 35.760ms
[2020-09-11T17:31:07.197+0000][1][gc,cpu       ] GC(190) User=0.01s Sys=0.00s Real=0.03s
[2020-09-11T17:31:07.197+0000][1][safepoint    ] Safepoint "GenCollectForAllocation", Time since last: 1031236659 ns, Reaching safepoint: 170963 ns, At safepoint: 35897630 ns, Total: 36068593 ns
[2020-09-11T17:31:07.413+0000][1][safepoint    ] Safepoint "RevokeBias", Time since last: 216007727 ns, Reaching safepoint: 92933 ns, At safepoint: 25281 ns, Total: 118214 ns
[2020-09-11T17:31:09.457+0000][1][safepoint    ] Safepoint "RevokeBias", Time since last: 2043861390 ns, Reaching safepoint: 91837 ns, At safepoint: 22645 ns, Total: 114482 ns
[2020-09-11T17:31:11.146+0000][1][safepoint    ] Safepoint "RevokeBias", Time since last: 1688701098 ns, Reaching safepoint: 100491 ns, At safepoint: 25173 ns, Total: 125664 ns
[2020-09-11T17:31:11.150+0000][1][safepoint    ] Safepoint "RevokeBias", Time since last: 3755787 ns, Reaching safepoint: 164257 ns, At safepoint: 25350 ns, Total: 189607 ns
[2020-09-11T17:31:14.829+0000][1][safepoint    ] Safepoint "RevokeBias", Time since last: 3679383567 ns, Reaching safepoint: 164917 ns, At safepoint: 23655 ns, Total: 188572 ns
[2020-09-11T17:31:16.163+0000][1][safepoint    ] Safepoint "RevokeBias", Time since last: 1333172827 ns, Reaching safepoint: 86767 ns, At safepoint: 24010 ns, Total: 110777 ns
[2020-09-11T17:31:16.178+0000][1][safepoint    ] Safepoint "RevokeBias", Time since last: 14779880 ns, Reaching safepoint: 88954 ns, At safepoint: 21475 ns, Total: 110429 ns
[2020-09-11T17:31:17.178+0000][1][safepoint    ] Safepoint "Cleanup", Time since last: 1000105750 ns, Reaching safepoint: 82283 ns, At safepoint: 6299 ns, Total: 88582 ns
[2020-09-11T17:31:17.252+0000][1][safepoint    ] Safepoint "BulkRevokeBias", Time since last: 74022144 ns, Reaching safepoint: 88479 ns, At safepoint: 212774 ns, Total: 301253 ns
[2020-09-11T17:31:19.531+0000][1][safepoint    ] Safepoint "RevokeBias", Time since last: 2279178941 ns, Reaching safepoint: 90177 ns, At safepoint: 21763 ns, Total: 111940 ns
[2020-09-11T17:31:21.170+0000][1][safepoint    ] Safepoint "RevokeBias", Time since last: 1638673544 ns, Reaching safepoint: 109945 ns, At safepoint: 28791 ns, Total: 138736 ns
[2020-09-11T17:31:21.197+0000][1][safepoint    ] Safepoint "RevokeBias", Time since last: 25145980 ns, Reaching safepoint: 1518417 ns, At safepoint: 28907 ns, Total: 1547324 ns
[2020-09-11T17:31:22.197+0000][1][safepoint    ] Safepoint "Cleanup", Time since last: 1000110187 ns, Reaching safepoint: 86635 ns, At safepoint: 8552 ns, Total: 95187 ns
[2020-09-11T17:31:24.856+0000][1][safepoint    ] Safepoint "RevokeBias", Time since last: 2658570582 ns, Reaching safepoint: 89744 ns, At safepoint: 22375 ns, Total: 112119 ns
[2020-09-11T17:31:25.856+0000][1][safepoint    ] Safepoint "Cleanup", Time since last: 1000106392 ns, Reaching safepoint: 89269 ns, At safepoint: 9662 ns, Total: 98931 ns
[2020-09-11T17:31:26.182+0000][1][safepoint    ] Safepoint "RevokeBias", Time since last: 326276863 ns, Reaching safepoint: 84020 ns, At safepoint: 24466 ns, Total: 108486 ns
[2020-09-11T17:31:26.219+0000][1][safepoint    ] Safepoint "RevokeBias", Time since last: 36611941 ns, Reaching safepoint: 168718 ns, At safepoint: 25866 ns, Total: 194584 ns
[2020-09-11T17:31:27.228+0000][1][safepoint    ] Safepoint "RevokeBias", Time since last: 1009161061 ns, Reaching safepoint: 89916 ns, At safepoint: 22334 ns, Total: 112250 ns
[2020-09-11T17:31:28.949+0000][1][gc,start     ] GC(191) Pause Young (Allocation Failure)
[2020-09-11T17:31:28.949+0000][1][gc,task      ] GC(191) Using 1 workers of 1 for evacuation
[2020-09-11T17:31:28.959+0000][1][gc,age       ] GC(191) Desired survivor size 4358144 bytes, new threshold 6 (max threshold 6)
[2020-09-11T17:31:28.959+0000][1][gc,age       ] GC(191) Age table with threshold 6 (max threshold 6)
[2020-09-11T17:31:28.959+0000][1][gc,age       ] GC(191) - age   1:     298888 bytes,     298888 total
[2020-09-11T17:31:28.959+0000][1][gc,age       ] GC(191) - age   2:     109680 bytes,     408568 total
[2020-09-11T17:31:28.959+0000][1][gc,age       ] GC(191) - age   3:      34152 bytes,     442720 total
[2020-09-11T17:31:28.959+0000][1][gc,age       ] GC(191) - age   4:      21072 bytes,     463792 total
[2020-09-11T17:31:28.959+0000][1][gc,age       ] GC(191) - age   5:      29696 bytes,     493488 total
[2020-09-11T17:31:28.959+0000][1][gc,age       ] GC(191) - age   6:     218320 bytes,     711808 total
[2020-09-11T17:31:28.959+0000][1][gc,heap      ] GC(191) ParNew: 69558K->912K(76672K)
[2020-09-11T17:31:28.959+0000][1][gc,heap      ] GC(191) CMS: 119740K->120014K(439104K)
[2020-09-11T17:31:28.959+0000][1][gc,metaspace ] GC(191) Metaspace: 95457K->95457K(1136640K)
[2020-09-11T17:31:28.959+0000][1][gc           ] GC(191) Pause Young (Allocation Failure) 184M->118M(503M) 10.458ms
[2020-09-11T17:31:28.959+0000][1][gc,cpu       ] GC(191) User=0.00s Sys=0.00s Real=0.01s
[2020-09-11T17:31:28.959+0000][1][safepoint    ] Safepoint "GenCollectForAllocation", Time since last: 1720078370 ns, Reaching safepoint: 394803 ns, At safepoint: 10527414 ns, Total: 10922217 ns
[2020-09-11T17:31:29.517+0000][1][safepoint    ] Safepoint "RevokeBias", Time since last: 557485907 ns, Reaching safepoint: 90419 ns, At safepoint: 22406 ns, Total: 112825 ns
[2020-09-11T17:31:31.190+0000][1][safepoint    ] Safepoint "RevokeBias", Time since last: 1672674031 ns, Reaching safepoint: 83500 ns, At safepoint: 33899 ns, Total: 117399 ns
[2020-09-11T17:31:31.238+0000][1][safepoint    ] Safepoint "RevokeBias", Time since last: 48421383 ns, Reaching safepoint: 85623 ns, At safepoint: 20943 ns, Total: 106566 ns
[2020-09-11T17:31:32.239+0000][1][safepoint    ] Safepoint "Cleanup", Time since last: 1000109693 ns, Reaching safepoint: 102813 ns, At safepoint: 20507 ns, Total: 123320 ns
[2020-09-11T17:31:34.900+0000][1][safepoint    ] Safepoint "RevokeBias", Time since last: 2661759224 ns, Reaching safepoint: 90482 ns, At safepoint: 22782 ns, Total: 113264 ns
[2020-09-11T17:31:36.200+0000][1][safepoint    ] Safepoint "RevokeBias", Time since last: 1299524951 ns, Reaching safepoint: 88879 ns, At safepoint: 25320 ns, Total: 114199 ns
[2020-09-11T17:31:36.248+0000][1][safepoint    ] Safepoint "RevokeBias", Time since last: 47985544 ns, Reaching safepoint: 95393 ns, At safepoint: 26393 ns, Total: 121786 ns
[2020-09-11T17:31:37.181+0000][1][safepoint    ] Safepoint "RevokeBias", Time since last: 932385406 ns, Reaching safepoint: 89471 ns, At safepoint: 22298 ns, Total: 111769 ns
[2020-09-11T17:31:39.454+0000][1][safepoint    ] Safepoint "RevokeBias", Time since last: 2273302914 ns, Reaching safepoint: 89352 ns, At safepoint: 21247 ns, Total: 110599 ns
[2020-09-11T17:31:41.208+0000][1][safepoint    ] Safepoint "RevokeBias", Time since last: 1753598721 ns, Reaching safepoint: 86653 ns, At safepoint: 23418 ns, Total: 110071 ns
[2020-09-11T17:31:41.256+0000][1][safepoint    ] Safepoint "RevokeBias", Time since last: 47953574 ns, Reaching safepoint: 184426 ns, At safepoint: 27065 ns, Total: 211491 ns
[2020-09-11T17:31:44.861+0000][1][safepoint    ] Safepoint "RevokeBias", Time since last: 3604453095 ns, Reaching safepoint: 171986 ns, At safepoint: 26541 ns, Total: 198527 ns
[2020-09-11T17:31:46.216+0000][1][safepoint    ] Safepoint "RevokeBias", Time since last: 1354843043 ns, Reaching safepoint: 88944 ns, At safepoint: 25046 ns, Total: 113990 ns
[2020-09-11T17:31:46.271+0000][1][safepoint    ] Safepoint "RevokeBias", Time since last: 54814715 ns, Reaching safepoint: 169928 ns, At safepoint: 26255 ns, Total: 196183 ns
[2020-09-11T17:31:47.227+0000][1][safepoint    ] Safepoint "RevokeBias", Time since last: 955857975 ns, Reaching safepoint: 92068 ns, At safepoint: 22441 ns, Total: 114509 ns
[2020-09-11T17:31:48.227+0000][1][safepoint    ] Safepoint "Cleanup", Time since last: 1000104979 ns, Reaching safepoint: 85558 ns, At safepoint: 9744 ns, Total: 95302 ns
[2020-09-11T17:31:48.993+0000][1][gc,start     ] GC(192) Pause Young (Allocation Failure)
[2020-09-11T17:31:48.993+0000][1][gc,task      ] GC(192) Using 1 workers of 1 for evacuation
[2020-09-11T17:31:49.002+0000][1][gc,age       ] GC(192) Desired survivor size 4358144 bytes, new threshold 6 (max threshold 6)
[2020-09-11T17:31:49.002+0000][1][gc,age       ] GC(192) Age table with threshold 6 (max threshold 6)
[2020-09-11T17:31:49.002+0000][1][gc,age       ] GC(192) - age   1:     202344 bytes,     202344 total
[2020-09-11T17:31:49.002+0000][1][gc,age       ] GC(192) - age   2:     247536 bytes,     449880 total
[2020-09-11T17:31:49.002+0000][1][gc,age       ] GC(192) - age   3:     106744 bytes,     556624 total
[2020-09-11T17:31:49.002+0000][1][gc,age       ] GC(192) - age   4:      34152 bytes,     590776 total
[2020-09-11T17:31:49.002+0000][1][gc,age       ] GC(192) - age   5:      20760 bytes,     611536 total
[2020-09-11T17:31:49.002+0000][1][gc,age       ] GC(192) - age   6:      29696 bytes,     641232 total
[2020-09-11T17:31:49.002+0000][1][gc,heap      ] GC(192) ParNew: 69072K->635K(76672K)
[2020-09-11T17:31:49.002+0000][1][gc,heap      ] GC(192) CMS: 120014K->120227K(439104K)
[2020-09-11T17:31:49.002+0000][1][gc,metaspace ] GC(192) Metaspace: 95460K->95460K(1136640K)
[2020-09-11T17:31:49.002+0000][1][gc           ] GC(192) Pause Young (Allocation Failure) 184M->118M(503M) 9.289ms
[2020-09-11T17:31:49.002+0000][1][gc,cpu       ] GC(192) User=0.01s Sys=0.00s Real=0.01s
[2020-09-11T17:31:49.002+0000][1][safepoint    ] Safepoint "GenCollectForAllocation", Time since last: 762520982 ns, Reaching safepoint: 3544901 ns, At safepoint: 9435254 ns, Total: 12980155 ns
[2020-09-11T17:31:49.472+0000][1][safepoint    ] Safepoint "RevokeBias", Time since last: 469379135 ns, Reaching safepoint: 87620 ns, At safepoint: 22089 ns, Total: 109709 ns
[2020-09-11T17:31:50.472+0000][1][safepoint    ] Safepoint "Cleanup", Time since last: 1000109560 ns, Reaching safepoint: 91686 ns, At safepoint: 9318 ns, Total: 101004 ns
[2020-09-11T17:31:51.239+0000][1][safepoint    ] Safepoint "RevokeBias", Time since last: 766910992 ns, Reaching safepoint: 87442 ns, At safepoint: 24880 ns, Total: 112322 ns
[2020-09-11T17:31:51.279+0000][1][safepoint    ] Safepoint "RevokeBias", Time since last: 39543200 ns, Reaching safepoint: 92325 ns, At safepoint: 25817 ns, Total: 118142 ns
[2020-09-11T17:31:52.279+0000][1][safepoint    ] Safepoint "Cleanup", Time since last: 1000112165 ns, Reaching safepoint: 105299 ns, At safepoint: 9504 ns, Total: 114803 ns
[2020-09-11T17:31:53.279+0000][1][safepoint    ] Safepoint "Cleanup", Time since last: 1000105223 ns, Reaching safepoint: 87806 ns, At safepoint: 10304 ns, Total: 98110 ns
[2020-09-11T17:31:54.279+0000][1][safepoint    ] Safepoint "Cleanup", Time since last: 1000120817 ns, Reaching safepoint: 87532 ns, At safepoint: 9308 ns, Total: 96840 ns
[2020-09-11T17:31:54.852+0000][1][safepoint    ] Safepoint "RevokeBias", Time since last: 572205723 ns, Reaching safepoint: 93412 ns, At safepoint: 39675 ns, Total: 133087 ns
[2020-09-11T17:31:55.852+0000][1][safepoint    ] Safepoint "Cleanup", Time since last: 1000112352 ns, Reaching safepoint: 83507 ns, At safepoint: 6729 ns, Total: 90236 ns
[2020-09-11T17:31:56.246+0000][1][safepoint    ] Safepoint "RevokeBias", Time since last: 394139409 ns, Reaching safepoint: 87661 ns, At safepoint: 24682 ns, Total: 112343 ns
[2020-09-11T17:31:56.288+0000][1][safepoint    ] Safepoint "RevokeBias", Time since last: 41247425 ns, Reaching safepoint: 163872 ns, At safepoint: 22765 ns, Total: 186637 ns
[2020-09-11T17:31:57.252+0000][1][safepoint    ] Safepoint "RevokeBias", Time since last: 964216956 ns, Reaching safepoint: 100075 ns, At safepoint: 21932 ns, Total: 122007 ns
[2020-09-11T17:31:58.252+0000][1][safepoint    ] Safepoint "Cleanup", Time since last: 1000108407 ns, Reaching safepoint: 87553 ns, At safepoint: 9541 ns, Total: 97094 ns
[2020-09-11T17:31:59.252+0000][1][safepoint    ] Safepoint "Cleanup", Time since last: 1000107294 ns, Reaching safepoint: 95811 ns, At safepoint: 9808 ns, Total: 105619 ns
[2020-09-11T17:31:59.521+0000][1][safepoint    ] Safepoint "RevokeBias", Time since last: 268656194 ns, Reaching safepoint: 89247 ns, At safepoint: 21656 ns, Total: 110903 ns
[2020-09-11T17:32:00.521+0000][1][safepoint    ] Safepoint "Cleanup", Time since last: 1000110833 ns, Reaching safepoint: 83298 ns, At safepoint: 7007 ns, Total: 90305 ns
[2020-09-11T17:32:01.253+0000][1][safepoint    ] Safepoint "RevokeBias", Time since last: 731972713 ns, Reaching safepoint: 84324 ns, At safepoint: 37907 ns, Total: 122231 ns
[2020-09-11T17:32:01.304+0000][1][safepoint    ] Safepoint "RevokeBias", Time since last: 50863234 ns, Reaching safepoint: 91935 ns, At safepoint: 24821 ns, Total: 116756 ns
[2020-09-11T17:32:02.305+0000][1][safepoint    ] Safepoint "Cleanup", Time since last: 1000117584 ns, Reaching safepoint: 88458 ns, At safepoint: 9970 ns, Total: 98428 ns
[2020-09-11T17:32:03.305+0000][1][safepoint    ] Safepoint "Cleanup", Time since last: 1000116975 ns, Reaching safepoint: 103431 ns, At safepoint: 8410 ns, Total: 111841 ns
[2020-09-11T17:32:04.305+0000][1][safepoint    ] Safepoint "Cleanup", Time since last: 1000106919 ns, Reaching safepoint: 84615 ns, At safepoint: 9056 ns, Total: 93671 ns
[2020-09-11T17:32:04.912+0000][1][safepoint    ] Safepoint "RevokeBias", Time since last: 607173732 ns, Reaching safepoint: 178429 ns, At safepoint: 26393 ns, Total: 204822 ns
[2020-09-11T17:32:05.913+0000][1][safepoint    ] Safepoint "Cleanup", Time since last: 1000114721 ns, Reaching safepoint: 97150 ns, At safepoint: 9338 ns, Total: 106488 ns
[2020-09-11T17:32:06.260+0000][1][safepoint    ] Safepoint "RevokeBias", Time since last: 347771531 ns, Reaching safepoint: 81659 ns, At safepoint: 18381 ns, Total: 100040 ns
[2020-09-11T17:32:06.314+0000][1][safepoint    ] Safepoint "BulkRevokeBias", Time since last: 52675475 ns, Reaching safepoint: 188205 ns, At safepoint: 243709 ns, Total: 431914 ns
[2020-09-11T17:32:07.240+0000][1][safepoint    ] Safepoint "RevokeBias", Time since last: 926611200 ns, Reaching safepoint: 89346 ns, At safepoint: 22102 ns, Total: 111448 ns
[2020-09-11T17:32:08.240+0000][1][safepoint    ] Safepoint "Cleanup", Time since last: 1000061107 ns, Reaching safepoint: 87454 ns, At safepoint: 9411 ns, Total: 96865 ns
[2020-09-11T17:32:09.241+0000][1][safepoint    ] Safepoint "Cleanup", Time since last: 1000123892 ns, Reaching safepoint: 96251 ns, At safepoint: 10751 ns, Total: 107002 ns
[2020-09-11T17:32:09.446+0000][1][gc,start     ] GC(193) Pause Young (Allocation Failure)
[2020-09-11T17:32:09.447+0000][1][gc,task      ] GC(193) Using 1 workers of 1 for evacuation
[2020-09-11T17:32:09.455+0000][1][gc,age       ] GC(193) Desired survivor size 4358144 bytes, new threshold 6 (max threshold 6)
[2020-09-11T17:32:09.456+0000][1][gc,age       ] GC(193) Age table with threshold 6 (max threshold 6)
[2020-09-11T17:32:09.456+0000][1][gc,age       ] GC(193) - age   1:     876024 bytes,     876024 total
[2020-09-11T17:32:09.456+0000][1][gc,age       ] GC(193) - age   2:     150480 bytes,    1026504 total
[2020-09-11T17:32:09.456+0000][1][gc,age       ] GC(193) - age   3:     245208 bytes,    1271712 total
[2020-09-11T17:32:09.456+0000][1][gc,age       ] GC(193) - age   4:     106648 bytes,    1378360 total
[2020-09-11T17:32:09.456+0000][1][gc,age       ] GC(193) - age   5:      34152 bytes,    1412512 total
[2020-09-11T17:32:09.456+0000][1][gc,age       ] GC(193) - age   6:      20760 bytes,    1433272 total
[2020-09-11T17:32:09.456+0000][1][gc,heap      ] GC(193) ParNew: 68795K->1885K(76672K)
[2020-09-11T17:32:09.456+0000][1][gc,heap      ] GC(193) CMS: 120227K->120256K(439104K)
[2020-09-11T17:32:09.456+0000][1][gc,metaspace ] GC(193) Metaspace: 95463K->95463K(1136640K)
[2020-09-11T17:32:09.456+0000][1][gc           ] GC(193) Pause Young (Allocation Failure) 184M->119M(503M) 9.614ms
[2020-09-11T17:32:09.456+0000][1][gc,cpu       ] GC(193) User=0.01s Sys=0.00s Real=0.01s
[2020-09-11T17:32:09.456+0000][1][safepoint    ] Safepoint "GenCollectForAllocation", Time since last: 205603861 ns, Reaching safepoint: 171815 ns, At safepoint: 9711145 ns, Total: 9882960 ns
[2020-09-11T17:32:09.535+0000][1][safepoint    ] Safepoint "RevokeBias", Time since last: 78799274 ns, Reaching safepoint: 90743 ns, At safepoint: 36167 ns, Total: 126910 ns
[2020-09-11T17:32:10.536+0000][1][safepoint    ] Safepoint "Cleanup", Time since last: 1000692329 ns, Reaching safepoint: 84055 ns, At safepoint: 20075 ns, Total: 104130 ns
[2020-09-11T17:32:11.270+0000][1][safepoint    ] Safepoint "RevokeBias", Time since last: 734315284 ns, Reaching safepoint: 94092 ns, At safepoint: 38024 ns, Total: 132116 ns
[2020-09-11T17:32:11.325+0000][1][safepoint    ] Safepoint "RevokeBias", Time since last: 54269712 ns, Reaching safepoint: 100996 ns, At safepoint: 64799 ns, Total: 165795 ns
[2020-09-11T17:32:12.325+0000][1][safepoint    ] Safepoint "Cleanup", Time since last: 1000576141 ns, Reaching safepoint: 79446 ns, At safepoint: 21468 ns, Total: 100914 ns
[2020-09-11T17:32:13.326+0000][1][safepoint    ] Safepoint "Cleanup", Time since last: 1000095787 ns, Reaching safepoint: 78140 ns, At safepoint: 17588 ns, Total: 95728 ns
[2020-09-11T17:32:14.326+0000][1][safepoint    ] Safepoint "Cleanup", Time since last: 1000094819 ns, Reaching safepoint: 79262 ns, At safepoint: 8810 ns, Total: 88072 ns
[2020-09-11T17:32:14.902+0000][1][safepoint    ] Safepoint "RevokeBias", Time since last: 575858691 ns, Reaching safepoint: 91269 ns, At safepoint: 21606 ns, Total: 112875 ns
[2020-09-11T17:32:15.902+0000][1][safepoint    ] Safepoint "Cleanup", Time since last: 1000107617 ns, Reaching safepoint: 89096 ns, At safepoint: 9227 ns, Total: 98323 ns
[2020-09-11T17:32:16.278+0000][1][safepoint    ] Safepoint "RevokeBias", Time since last: 375778224 ns, Reaching safepoint: 108433 ns, At safepoint: 26364 ns, Total: 134797 ns
[2020-09-11T17:32:16.333+0000][1][safepoint    ] Safepoint "RevokeBias", Time since last: 55105403 ns, Reaching safepoint: 91396 ns, At safepoint: 25190 ns, Total: 116586 ns
[2020-09-11T17:32:17.193+0000][1][safepoint    ] Safepoint "RevokeBias", Time since last: 857887611 ns, Reaching safepoint: 1821200 ns, At safepoint: 25653 ns, Total: 1846853 ns
[2020-09-11T17:32:18.193+0000][1][safepoint    ] Safepoint "Cleanup", Time since last: 1000107615 ns, Reaching safepoint: 90438 ns, At safepoint: 9933 ns, Total: 100371 ns
[2020-09-11T17:32:19.193+0000][1][safepoint    ] Safepoint "Cleanup", Time since last: 1000112312 ns, Reaching safepoint: 86008 ns, At safepoint: 10295 ns, Total: 96303 ns
[2020-09-11T17:32:19.516+0000][1][safepoint    ] Safepoint "RevokeBias", Time since last: 323044732 ns, Reaching safepoint: 95067 ns, At safepoint: 24955 ns, Total: 120022 ns
[2020-09-11T17:32:20.517+0000][1][safepoint    ] Safepoint "Cleanup", Time since last: 1000112470 ns, Reaching safepoint: 89076 ns, At safepoint: 10358 ns, Total: 99434 ns
[2020-09-11T17:32:21.285+0000][1][safepoint    ] Safepoint "RevokeBias", Time since last: 768673928 ns, Reaching safepoint: 89113 ns, At safepoint: 24805 ns, Total: 113918 ns
[2020-09-11T17:32:21.353+0000][1][safepoint    ] Safepoint "RevokeBias", Time since last: 67711296 ns, Reaching safepoint: 83771 ns, At safepoint: 20873 ns, Total: 104644 ns
[2020-09-11T17:32:22.353+0000][1][safepoint    ] Safepoint "Cleanup", Time since last: 1000108397 ns, Reaching safepoint: 89970 ns, At safepoint: 8287 ns, Total: 98257 ns
[2020-09-11T17:32:23.354+0000][1][safepoint    ] Safepoint "Cleanup", Time since last: 1000094385 ns, Reaching safepoint: 78461 ns, At safepoint: 6990 ns, Total: 85451 ns
[2020-09-11T17:32:24.354+0000][1][safepoint    ] Safepoint "Cleanup", Time since last: 1000099599 ns, Reaching safepoint: 82806 ns, At safepoint: 8315 ns, Total: 91121 ns
[2020-09-11T17:32:24.866+0000][1][safepoint    ] Safepoint "RevokeBias", Time since last: 511863312 ns, Reaching safepoint: 95771 ns, At safepoint: 43871 ns, Total: 139642 ns
[2020-09-11T17:32:25.866+0000][1][safepoint    ] Safepoint "Cleanup", Time since last: 1000104828 ns, Reaching safepoint: 85008 ns, At safepoint: 6748 ns, Total: 91756 ns
[2020-09-11T17:32:26.293+0000][1][safepoint    ] Safepoint "RevokeBias", Time since last: 426663730 ns, Reaching safepoint: 112774 ns, At safepoint: 31823 ns, Total: 144597 ns
[2020-09-11T17:32:26.368+0000][1][safepoint    ] Safepoint "RevokeBias", Time since last: 75535122 ns, Reaching safepoint: 88207 ns, At safepoint: 23728 ns, Total: 111935 ns
[2020-09-11T17:32:27.247+0000][1][safepoint    ] Safepoint "RevokeBias", Time since last: 878016975 ns, Reaching safepoint: 97833 ns, At safepoint: 22056 ns, Total: 119889 ns
[2020-09-11T17:32:28.247+0000][1][safepoint    ] Safepoint "Cleanup", Time since last: 1000118147 ns, Reaching safepoint: 87198 ns, At safepoint: 9828 ns, Total: 97026 ns
[2020-09-11T17:32:29.247+0000][1][safepoint    ] Safepoint "Cleanup", Time since last: 1000111339 ns, Reaching safepoint: 85177 ns, At safepoint: 8666 ns, Total: 93843 ns
[2020-09-11T17:32:29.460+0000][1][safepoint    ] Safepoint "RevokeBias", Time since last: 212569572 ns, Reaching safepoint: 95081 ns, At safepoint: 20516 ns, Total: 115597 ns
[2020-09-11T17:32:30.460+0000][1][safepoint    ] Safepoint "Cleanup", Time since last: 1000110572 ns, Reaching safepoint: 83725 ns, At safepoint: 6987 ns, Total: 90712 ns
[2020-09-11T17:32:31.301+0000][1][safepoint    ] Safepoint "RevokeBias", Time since last: 841269288 ns, Reaching safepoint: 97023 ns, At safepoint: 25241 ns, Total: 122264 ns
[2020-09-11T17:32:31.381+0000][1][safepoint    ] Safepoint "RevokeBias", Time since last: 78104852 ns, Reaching safepoint: 1501970 ns, At safepoint: 30314 ns, Total: 1532284 ns
[2020-09-11T17:32:32.381+0000][1][safepoint    ] Safepoint "Cleanup", Time since last: 1000110839 ns, Reaching safepoint: 87830 ns, At safepoint: 9395 ns, Total: 97225 ns
[2020-09-11T17:32:32.678+0000][1][gc,start     ] GC(194) Pause Young (Allocation Failure)
[2020-09-11T17:32:32.678+0000][1][gc,task      ] GC(194) Using 1 workers of 1 for evacuation
[2020-09-11T17:32:32.686+0000][1][gc,age       ] GC(194) Desired survivor size 4358144 bytes, new threshold 6 (max threshold 6)
[2020-09-11T17:32:32.686+0000][1][gc,age       ] GC(194) Age table with threshold 6 (max threshold 6)
[2020-09-11T17:32:32.686+0000][1][gc,age       ] GC(194) - age   1:     210944 bytes,     210944 total
[2020-09-11T17:32:32.686+0000][1][gc,age       ] GC(194) - age   2:     743624 bytes,     954568 total
[2020-09-11T17:32:32.686+0000][1][gc,age       ] GC(194) - age   3:     148600 bytes,    1103168 total
[2020-09-11T17:32:32.686+0000][1][gc,age       ] GC(194) - age   4:     245016 bytes,    1348184 total
[2020-09-11T17:32:32.686+0000][1][gc,age       ] GC(194) - age   5:     106648 bytes,    1454832 total
[2020-09-11T17:32:32.686+0000][1][gc,age       ] GC(194) - age   6:      34152 bytes,    1488984 total
[2020-09-11T17:32:32.686+0000][1][gc,heap      ] GC(194) ParNew: 70045K->2413K(76672K)
[2020-09-11T17:32:32.686+0000][1][gc,heap      ] GC(194) CMS: 120256K->120276K(439104K)
[2020-09-11T17:32:32.686+0000][1][gc,metaspace ] GC(194) Metaspace: 95466K->95466K(1136640K)
[2020-09-11T17:32:32.686+0000][1][gc           ] GC(194) Pause Young (Allocation Failure) 185M->119M(503M) 8.048ms
[2020-09-11T17:32:32.686+0000][1][gc,cpu       ] GC(194) User=0.01s Sys=0.00s Real=0.01s
[2020-09-11T17:32:32.686+0000][1][safepoint    ] Safepoint "GenCollectForAllocation", Time since last: 296393221 ns, Reaching safepoint: 99404 ns, At safepoint: 8116553 ns, Total: 8215957 ns
[2020-09-11T17:32:33.689+0000][1][safepoint    ] Safepoint "Cleanup", Time since last: 1003474679 ns, Reaching safepoint: 79919 ns, At safepoint: 16470 ns, Total: 96389 ns
[2020-09-11T17:32:34.690+0000][1][safepoint    ] Safepoint "Cleanup", Time since last: 1000101716 ns, Reaching safepoint: 83216 ns, At safepoint: 17965 ns, Total: 101181 ns
[2020-09-11T17:32:34.825+0000][1][safepoint    ] Safepoint "RevokeBias", Time since last: 135500075 ns, Reaching safepoint: 91732 ns, At safepoint: 34014 ns, Total: 125746 ns
[2020-09-11T17:32:35.825+0000][1][safepoint    ] Safepoint "Cleanup", Time since last: 1000105054 ns, Reaching safepoint: 82748 ns, At safepoint: 6490 ns, Total: 89238 ns
[2020-09-11T17:32:36.311+0000][1][safepoint    ] Safepoint "RevokeBias", Time since last: 485885529 ns, Reaching safepoint: 95306 ns, At safepoint: 25492 ns, Total: 120798 ns
[2020-09-11T17:32:36.391+0000][1][safepoint    ] Safepoint "RevokeBias", Time since last: 79951376 ns, Reaching safepoint: 98464 ns, At safepoint: 26547 ns, Total: 125011 ns
[2020-09-11T17:32:37.208+0000][1][safepoint    ] Safepoint "RevokeBias", Time since last: 815932355 ns, Reaching safepoint: 91270 ns, At safepoint: 21738 ns, Total: 113008 ns
[2020-09-11T17:32:38.208+0000][1][safepoint    ] Safepoint "Cleanup", Time since last: 1000117678 ns, Reaching safepoint: 85633 ns, At safepoint: 9621 ns, Total: 95254 ns
[2020-09-11T17:32:39.208+0000][1][safepoint    ] Safepoint "Cleanup", Time since last: 1000117667 ns, Reaching safepoint: 87317 ns, At safepoint: 10484 ns, Total: 97801 ns
[2020-09-11T17:32:39.457+0000][1][safepoint    ] Safepoint "RevokeBias", Time since last: 249045388 ns, Reaching safepoint: 89993 ns, At safepoint: 21901 ns, Total: 111894 ns
[2020-09-11T17:32:40.457+0000][1][safepoint    ] Safepoint "Cleanup", Time since last: 1000105156 ns, Reaching safepoint: 85427 ns, At safepoint: 9881 ns, Total: 95308 ns
[2020-09-11T17:32:41.320+0000][1][safepoint    ] Safepoint "RevokeBias", Time since last: 862517204 ns, Reaching safepoint: 85690 ns, At safepoint: 24549 ns, Total: 110239 ns
[2020-09-11T17:32:41.407+0000][1][safepoint    ] Safepoint "RevokeBias", Time since last: 87242994 ns, Reaching safepoint: 171676 ns, At safepoint: 25312 ns, Total: 196988 ns
[2020-09-11T17:32:42.408+0000][1][safepoint    ] Safepoint "Cleanup", Time since last: 1000113754 ns, Reaching safepoint: 87128 ns, At safepoint: 9927 ns, Total: 97055 ns
[2020-09-11T17:32:43.408+0000][1][safepoint    ] Safepoint "Cleanup", Time since last: 1000107046 ns, Reaching safepoint: 86148 ns, At safepoint: 9605 ns, Total: 95753 ns
[2020-09-11T17:32:44.408+0000][1][safepoint    ] Safepoint "Cleanup", Time since last: 1000108400 ns, Reaching safepoint: 80974 ns, At safepoint: 7879 ns, Total: 88853 ns
[2020-09-11T17:32:44.898+0000][1][safepoint    ] Safepoint "RevokeBias", Time since last: 489738572 ns, Reaching safepoint: 94425 ns, At safepoint: 26448 ns, Total: 120873 ns
[2020-09-11T17:32:45.898+0000][1][safepoint    ] Safepoint "Cleanup", Time since last: 1000111789 ns, Reaching safepoint: 85876 ns, At safepoint: 9982 ns, Total: 95858 ns
[2020-09-11T17:32:46.332+0000][1][safepoint    ] Safepoint "RevokeBias", Time since last: 433539959 ns, Reaching safepoint: 89043 ns, At safepoint: 25863 ns, Total: 114906 ns
[2020-09-11T17:32:46.415+0000][1][safepoint    ] Safepoint "RevokeBias", Time since last: 82688311 ns, Reaching safepoint: 159742 ns, At safepoint: 22099 ns, Total: 181841 ns
[2020-09-11T17:32:47.315+0000][1][safepoint    ] Safepoint "BulkRevokeBias", Time since last: 899900165 ns, Reaching safepoint: 93613 ns, At safepoint: 222813 ns, Total: 316426 ns
[2020-09-11T17:32:48.315+0000][1][safepoint    ] Safepoint "Cleanup", Time since last: 1000135209 ns, Reaching safepoint: 86196 ns, At safepoint: 8967 ns, Total: 95163 ns
[2020-09-11T17:32:49.315+0000][1][safepoint    ] Safepoint "Cleanup", Time since last: 1000115668 ns, Reaching safepoint: 86994 ns, At safepoint: 9368 ns, Total: 96362 ns
[2020-09-11T17:32:49.472+0000][1][safepoint    ] Safepoint "RevokeBias", Time since last: 156913574 ns, Reaching safepoint: 95716 ns, At safepoint: 21336 ns, Total: 117052 ns
[2020-09-11T17:32:50.472+0000][1][safepoint    ] Safepoint "Cleanup", Time since last: 1000105314 ns, Reaching safepoint: 86639 ns, At safepoint: 9330 ns, Total: 95969 ns
[2020-09-11T17:32:51.343+0000][1][safepoint    ] Safepoint "RevokeBias", Time since last: 870561438 ns, Reaching safepoint: 89228 ns, At safepoint: 25261 ns, Total: 114489 ns
[2020-09-11T17:32:51.422+0000][1][safepoint    ] Safepoint "RevokeBias", Time since last: 78728891 ns, Reaching safepoint: 92133 ns, At safepoint: 26240 ns, Total: 118373 ns
[2020-09-11T17:32:52.422+0000][1][safepoint    ] Safepoint "Cleanup", Time since last: 1000109090 ns, Reaching safepoint: 87701 ns, At safepoint: 9155 ns, Total: 96856 ns
[2020-09-11T17:32:53.425+0000][1][safepoint    ] Safepoint "Cleanup", Time since last: 1002585896 ns, Reaching safepoint: 121932 ns, At safepoint: 6529 ns, Total: 128461 ns
[2020-09-11T17:32:53.442+0000][1][gc,start     ] GC(195) Pause Young (Allocation Failure)
[2020-09-11T17:32:53.442+0000][1][gc,task      ] GC(195) Using 1 workers of 1 for evacuation
[2020-09-11T17:32:53.463+0000][1][gc,age       ] GC(195) Desired survivor size 4358144 bytes, new threshold 6 (max threshold 6)
[2020-09-11T17:32:53.463+0000][1][gc,age       ] GC(195) Age table with threshold 6 (max threshold 6)
[2020-09-11T17:32:53.463+0000][1][gc,age       ] GC(195) - age   1:      93848 bytes,      93848 total
[2020-09-11T17:32:53.463+0000][1][gc,age       ] GC(195) - age   2:     157848 bytes,     251696 total
[2020-09-11T17:32:53.463+0000][1][gc,age       ] GC(195) - age   3:     739736 bytes,     991432 total
[2020-09-11T17:32:53.463+0000][1][gc,age       ] GC(195) - age   4:     148600 bytes,    1140032 total
[2020-09-11T17:32:53.463+0000][1][gc,age       ] GC(195) - age   5:     244704 bytes,    1384736 total
[2020-09-11T17:32:53.463+0000][1][gc,age       ] GC(195) - age   6:     106648 bytes,    1491384 total
[2020-09-11T17:32:53.463+0000][1][gc,heap      ] GC(195) ParNew: 70573K->2784K(76672K)
[2020-09-11T17:32:53.463+0000][1][gc,heap      ] GC(195) CMS: 120276K->120310K(439104K)
[2020-09-11T17:32:53.463+0000][1][gc,metaspace ] GC(195) Metaspace: 95477K->95477K(1136640K)
[2020-09-11T17:32:53.463+0000][1][gc           ] GC(195) Pause Young (Allocation Failure) 186M->120M(503M) 21.267ms
[2020-09-11T17:32:53.463+0000][1][gc,cpu       ] GC(195) User=0.01s Sys=0.00s Real=0.02s
[2020-09-11T17:32:53.469+0000][1][safepoint    ] Safepoint "GenCollectForAllocation", Time since last: 16867916 ns, Reaching safepoint: 90597 ns, At safepoint: 26922717 ns, Total: 27013314 ns
[2020-09-11T17:32:54.473+0000][1][safepoint    ] Safepoint "Cleanup", Time since last: 1003986546 ns, Reaching safepoint: 96258 ns, At safepoint: 10849 ns, Total: 107107 ns
[2020-09-11T17:32:54.825+0000][1][safepoint    ] Safepoint "RevokeBias", Time since last: 351782586 ns, Reaching safepoint: 118557 ns, At safepoint: 22630 ns, Total: 141187 ns
[2020-09-11T17:32:55.825+0000][1][safepoint    ] Safepoint "Cleanup", Time since last: 1000101736 ns, Reaching safepoint: 86937 ns, At safepoint: 9586 ns, Total: 96523 ns
[2020-09-11T17:32:56.353+0000][1][safepoint    ] Safepoint "RevokeBias", Time since last: 527630801 ns, Reaching safepoint: 87994 ns, At safepoint: 65757 ns, Total: 153751 ns
[2020-09-11T17:32:56.436+0000][1][safepoint    ] Safepoint "RevokeBias", Time since last: 82946668 ns, Reaching safepoint: 170528 ns, At safepoint: 25855 ns, Total: 196383 ns
[2020-09-11T17:32:57.144+0000][1][safepoint    ] Safepoint "RevokeBias", Time since last: 707943688 ns, Reaching safepoint: 90730 ns, At safepoint: 21709 ns, Total: 112439 ns
[2020-09-11T17:32:59.602+0000][1][safepoint    ] Safepoint "RevokeBias", Time since last: 2458157177 ns, Reaching safepoint: 94831 ns, At safepoint: 25939 ns, Total: 120770 ns
[2020-09-11T17:33:01.360+0000][1][safepoint    ] Safepoint "RevokeBias", Time since last: 1757847201 ns, Reaching safepoint: 88749 ns, At safepoint: 24147 ns, Total: 112896 ns
[2020-09-11T17:33:01.451+0000][1][safepoint    ] Safepoint "RevokeBias", Time since last: 90509039 ns, Reaching safepoint: 162075 ns, At safepoint: 22448 ns, Total: 184523 ns
[2020-09-11T17:33:04.844+0000][1][safepoint    ] Safepoint "RevokeBias", Time since last: 3392896975 ns, Reaching safepoint: 167755 ns, At safepoint: 23145 ns, Total: 190900 ns
[2020-09-11T17:33:06.368+0000][1][safepoint    ] Safepoint "RevokeBias", Time since last: 1524168023 ns, Reaching safepoint: 87034 ns, At safepoint: 23626 ns, Total: 110660 ns
[2020-09-11T17:33:06.459+0000][1][safepoint    ] Safepoint "RevokeBias", Time since last: 90770336 ns, Reaching safepoint: 200595 ns, At safepoint: 27533 ns, Total: 228128 ns
[2020-09-11T17:33:07.167+0000][1][safepoint    ] Safepoint "RevokeBias", Time since last: 707129439 ns, Reaching safepoint: 98566 ns, At safepoint: 22628 ns, Total: 121194 ns
[2020-09-11T17:33:09.461+0000][1][safepoint    ] Safepoint "RevokeBias", Time since last: 2293980343 ns, Reaching safepoint: 90909 ns, At safepoint: 22621 ns, Total: 113530 ns
[2020-09-11T17:33:10.461+0000][1][safepoint    ] Safepoint "Cleanup", Time since last: 1000103074 ns, Reaching safepoint: 108277 ns, At safepoint: 6531 ns, Total: 114808 ns
[2020-09-11T17:33:11.378+0000][1][safepoint    ] Safepoint "RevokeBias", Time since last: 916426704 ns, Reaching safepoint: 240702 ns, At safepoint: 372371 ns, Total: 613073 ns
[2020-09-11T17:33:11.468+0000][1][safepoint    ] Safepoint "RevokeBias", Time since last: 89913414 ns, Reaching safepoint: 89893 ns, At safepoint: 24231 ns, Total: 114124 ns
[2020-09-11T17:33:12.468+0000][1][safepoint    ] Safepoint "Cleanup", Time since last: 1000111543 ns, Reaching safepoint: 82876 ns, At safepoint: 6591 ns, Total: 89467 ns
[2020-09-11T17:33:13.468+0000][1][safepoint    ] Safepoint "Cleanup", Time since last: 1000106045 ns, Reaching safepoint: 85552 ns, At safepoint: 8378 ns, Total: 93930 ns
[2020-09-11T17:33:14.469+0000][1][safepoint    ] Safepoint "Cleanup", Time since last: 1000117132 ns, Reaching safepoint: 81815 ns, At safepoint: 6997 ns, Total: 88812 ns
[2020-09-11T17:33:14.826+0000][1][safepoint    ] Safepoint "RevokeBias", Time since last: 357513361 ns, Reaching safepoint: 165965 ns, At safepoint: 22415 ns, Total: 188380 ns
[2020-09-11T17:33:15.826+0000][1][safepoint    ] Safepoint "Cleanup", Time since last: 1000108668 ns, Reaching safepoint: 88280 ns, At safepoint: 10175 ns, Total: 98455 ns
[2020-09-11T17:33:16.386+0000][1][safepoint    ] Safepoint "RevokeBias", Time since last: 559879634 ns, Reaching safepoint: 88344 ns, At safepoint: 24311 ns, Total: 112655 ns
[2020-09-11T17:33:16.492+0000][1][safepoint    ] Safepoint "RevokeBias", Time since last: 105192773 ns, Reaching safepoint: 91966 ns, At safepoint: 24810 ns, Total: 116776 ns
[2020-09-11T17:33:16.989+0000][1][gc,start     ] GC(196) Pause Young (Allocation Failure)
[2020-09-11T17:33:16.989+0000][1][gc,task      ] GC(196) Using 1 workers of 1 for evacuation
[2020-09-11T17:33:17.006+0000][1][gc,age       ] GC(196) Desired survivor size 4358144 bytes, new threshold 6 (max threshold 6)
[2020-09-11T17:33:17.006+0000][1][gc,age       ] GC(196) Age table with threshold 6 (max threshold 6)
[2020-09-11T17:33:17.006+0000][1][gc,age       ] GC(196) - age   1:     356464 bytes,     356464 total
[2020-09-11T17:33:17.006+0000][1][gc,age       ] GC(196) - age   2:      26312 bytes,     382776 total
[2020-09-11T17:33:17.006+0000][1][gc,age       ] GC(196) - age   3:     155600 bytes,     538376 total
[2020-09-11T17:33:17.006+0000][1][gc,age       ] GC(196) - age   4:     739640 bytes,    1278016 total
[2020-09-11T17:33:17.006+0000][1][gc,age       ] GC(196) - age   5:     148600 bytes,    1426616 total
[2020-09-11T17:33:17.006+0000][1][gc,age       ] GC(196) - age   6:     244704 bytes,    1671320 total
[2020-09-11T17:33:17.006+0000][1][gc,heap      ] GC(196) ParNew: 70944K->1788K(76672K)
[2020-09-11T17:33:17.006+0000][1][gc,heap      ] GC(196) CMS: 120310K->120414K(439104K)
[2020-09-11T17:33:17.006+0000][1][gc,metaspace ] GC(196) Metaspace: 95481K->95481K(1136640K)
[2020-09-11T17:33:17.006+0000][1][gc           ] GC(196) Pause Young (Allocation Failure) 186M->119M(503M) 17.479ms
[2020-09-11T17:33:17.006+0000][1][gc,cpu       ] GC(196) User=0.01s Sys=0.00s Real=0.02s
[2020-09-11T17:33:17.006+0000][1][safepoint    ] Safepoint "GenCollectForAllocation", Time since last: 494308209 ns, Reaching safepoint: 2816335 ns, At safepoint: 17593707 ns, Total: 20410042 ns
[2020-09-11T17:33:17.233+0000][1][safepoint    ] Safepoint "RevokeBias", Time since last: 226752996 ns, Reaching safepoint: 97417 ns, At safepoint: 21832 ns, Total: 119249 ns
[2020-09-11T17:33:18.234+0000][1][safepoint    ] Safepoint "Cleanup", Time since last: 1000106279 ns, Reaching safepoint: 98024 ns, At safepoint: 9962 ns, Total: 107986 ns
[2020-09-11T17:33:19.234+0000][1][safepoint    ] Safepoint "Cleanup", Time since last: 1000148365 ns, Reaching safepoint: 87026 ns, At safepoint: 8752 ns, Total: 95778 ns
[2020-09-11T17:33:19.473+0000][1][safepoint    ] Safepoint "RevokeBias", Time since last: 239159145 ns, Reaching safepoint: 90022 ns, At safepoint: 22281 ns, Total: 112303 ns
[2020-09-11T17:33:20.473+0000][1][safepoint    ] Safepoint "Cleanup", Time since last: 1000112114 ns, Reaching safepoint: 91019 ns, At safepoint: 9806 ns, Total: 100825 ns
[2020-09-11T17:33:21.395+0000][1][safepoint    ] Safepoint "BulkRevokeBias", Time since last: 921624579 ns, Reaching safepoint: 84445 ns, At safepoint: 240120 ns, Total: 324565 ns
[2020-09-11T17:33:21.504+0000][1][safepoint    ] Safepoint "RevokeBias", Time since last: 108677314 ns, Reaching safepoint: 93266 ns, At safepoint: 24743 ns, Total: 118009 ns
[2020-09-11T17:33:22.504+0000][1][safepoint    ] Safepoint "Cleanup", Time since last: 1000111741 ns, Reaching safepoint: 84825 ns, At safepoint: 8737 ns, Total: 93562 ns
[2020-09-11T17:33:23.504+0000][1][safepoint    ] Safepoint "Cleanup", Time since last: 1000107157 ns, Reaching safepoint: 86191 ns, At safepoint: 6496 ns, Total: 92687 ns
[2020-09-11T17:33:24.505+0000][1][safepoint    ] Safepoint "Cleanup", Time since last: 1000094273 ns, Reaching safepoint: 84982 ns, At safepoint: 8130 ns, Total: 93112 ns
[2020-09-11T17:33:24.826+0000][1][safepoint    ] Safepoint "RevokeBias", Time since last: 320787614 ns, Reaching safepoint: 90907 ns, At safepoint: 38518 ns, Total: 129425 ns
[2020-09-11T17:33:25.826+0000][1][safepoint    ] Safepoint "Cleanup", Time since last: 1000103493 ns, Reaching safepoint: 89845 ns, At safepoint: 10409 ns, Total: 100254 ns
[2020-09-11T17:33:26.413+0000][1][safepoint    ] Safepoint "RevokeBias", Time since last: 587368508 ns, Reaching safepoint: 85252 ns, At safepoint: 21958 ns, Total: 107210 ns
[2020-09-11T17:33:26.514+0000][1][safepoint    ] Safepoint "RevokeBias", Time since last: 100676690 ns, Reaching safepoint: 166417 ns, At safepoint: 25944 ns, Total: 192361 ns
[2020-09-11T17:33:27.216+0000][1][safepoint    ] Safepoint "RevokeBias", Time since last: 701791734 ns, Reaching safepoint: 88585 ns, At safepoint: 22141 ns, Total: 110726 ns
[2020-09-11T17:33:28.216+0000][1][safepoint    ] Safepoint "Cleanup", Time since last: 1000099707 ns, Reaching safepoint: 82810 ns, At safepoint: 6418 ns, Total: 89228 ns
[2020-09-11T17:33:29.216+0000][1][safepoint    ] Safepoint "Cleanup", Time since last: 1000108567 ns, Reaching safepoint: 85100 ns, At safepoint: 8996 ns, Total: 94096 ns
[2020-09-11T17:33:29.507+0000][1][safepoint    ] Safepoint "RevokeBias", Time since last: 290512297 ns, Reaching safepoint: 88356 ns, At safepoint: 21495 ns, Total: 109851 ns
[2020-09-11T17:33:30.507+0000][1][safepoint    ] Safepoint "Cleanup", Time since last: 1000104598 ns, Reaching safepoint: 85810 ns, At safepoint: 9021 ns, Total: 94831 ns
[2020-09-11T17:33:31.421+0000][1][safepoint    ] Safepoint "RevokeBias", Time since last: 913804372 ns, Reaching safepoint: 89198 ns, At safepoint: 26257 ns, Total: 115455 ns
[2020-09-11T17:33:31.529+0000][1][safepoint    ] Safepoint "RevokeBias", Time since last: 108245396 ns, Reaching safepoint: 84412 ns, At safepoint: 20470 ns, Total: 104882 ns
[2020-09-11T17:33:32.530+0000][1][safepoint    ] Safepoint "Cleanup", Time since last: 1000105428 ns, Reaching safepoint: 85773 ns, At safepoint: 9582 ns, Total: 95355 ns
[2020-09-11T17:33:33.530+0000][1][safepoint    ] Safepoint "Cleanup", Time since last: 1000109209 ns, Reaching safepoint: 87008 ns, At safepoint: 8626 ns, Total: 95634 ns
[2020-09-11T17:33:34.530+0000][1][safepoint    ] Safepoint "Cleanup", Time since last: 1000110377 ns, Reaching safepoint: 106889 ns, At safepoint: 10295 ns, Total: 117184 ns
[2020-09-11T17:33:34.852+0000][1][safepoint    ] Safepoint "RevokeBias", Time since last: 321658838 ns, Reaching safepoint: 174489 ns, At safepoint: 26508 ns, Total: 200997 ns
[2020-09-11T17:33:35.852+0000][1][safepoint    ] Safepoint "Cleanup", Time since last: 1000110230 ns, Reaching safepoint: 85276 ns, At safepoint: 7203 ns, Total: 92479 ns
[2020-09-11T17:33:36.429+0000][1][safepoint    ] Safepoint "RevokeBias", Time since last: 576685521 ns, Reaching safepoint: 108856 ns, At safepoint: 25878 ns, Total: 134734 ns
[2020-09-11T17:33:36.543+0000][1][safepoint    ] Safepoint "RevokeBias", Time since last: 114010227 ns, Reaching safepoint: 90301 ns, At safepoint: 24813 ns, Total: 115114 ns
[2020-09-11T17:33:36.812+0000][1][gc,start     ] GC(197) Pause Young (Allocation Failure)
[2020-09-11T17:33:36.812+0000][1][gc,task      ] GC(197) Using 1 workers of 1 for evacuation
[2020-09-11T17:33:36.821+0000][1][gc,age       ] GC(197) Desired survivor size 4358144 bytes, new threshold 6 (max threshold 6)
[2020-09-11T17:33:36.821+0000][1][gc,age       ] GC(197) Age table with threshold 6 (max threshold 6)
[2020-09-11T17:33:36.821+0000][1][gc,age       ] GC(197) - age   1:     304512 bytes,     304512 total
[2020-09-11T17:33:36.821+0000][1][gc,age       ] GC(197) - age   2:     219528 bytes,     524040 total
[2020-09-11T17:33:36.821+0000][1][gc,age       ] GC(197) - age   3:      26040 bytes,     550080 total
[2020-09-11T17:33:36.821+0000][1][gc,age       ] GC(197) - age   4:     155600 bytes,     705680 total
[2020-09-11T17:33:36.821+0000][1][gc,age       ] GC(197) - age   5:     739640 bytes,    1445320 total
[2020-09-11T17:33:36.821+0000][1][gc,age       ] GC(197) - age   6:     148600 bytes,    1593920 total
[2020-09-11T17:33:36.821+0000][1][gc,heap      ] GC(197) ParNew: 69948K->2895K(76672K)
[2020-09-11T17:33:36.821+0000][1][gc,heap      ] GC(197) CMS: 120414K->120653K(439104K)
[2020-09-11T17:33:36.821+0000][1][gc,metaspace ] GC(197) Metaspace: 95485K->95485K(1136640K)
[2020-09-11T17:33:36.821+0000][1][gc           ] GC(197) Pause Young (Allocation Failure) 185M->120M(503M) 9.634ms
[2020-09-11T17:33:36.821+0000][1][gc,cpu       ] GC(197) User=0.00s Sys=0.00s Real=0.02s
[2020-09-11T17:33:36.821+0000][1][safepoint    ] Safepoint "GenCollectForAllocation", Time since last: 268349355 ns, Reaching safepoint: 169683 ns, At safepoint: 9732413 ns, Total: 9902096 ns
[2020-09-11T17:33:37.219+0000][1][safepoint    ] Safepoint "RevokeBias", Time since last: 397290829 ns, Reaching safepoint: 90171 ns, At safepoint: 22252 ns, Total: 112423 ns
[2020-09-11T17:33:38.219+0000][1][safepoint    ] Safepoint "Cleanup", Time since last: 1000107872 ns, Reaching safepoint: 86701 ns, At safepoint: 9177 ns, Total: 95878 ns
[2020-09-11T17:33:39.219+0000][1][safepoint    ] Safepoint "Cleanup", Time since last: 1000110199 ns, Reaching safepoint: 85003 ns, At safepoint: 9698 ns, Total: 94701 ns
[2020-09-11T17:33:39.504+0000][1][safepoint    ] Safepoint "RevokeBias", Time since last: 285088003 ns, Reaching safepoint: 88294 ns, At safepoint: 21099 ns, Total: 109393 ns
[2020-09-11T17:33:40.505+0000][1][safepoint    ] Safepoint "Cleanup", Time since last: 1000108161 ns, Reaching safepoint: 87459 ns, At safepoint: 9999 ns, Total: 97458 ns
[2020-09-11T17:33:41.437+0000][1][safepoint    ] Safepoint "RevokeBias", Time since last: 932059269 ns, Reaching safepoint: 92314 ns, At safepoint: 26052 ns, Total: 118366 ns
[2020-09-11T17:33:41.552+0000][1][safepoint    ] Safepoint "RevokeBias", Time since last: 114915409 ns, Reaching safepoint: 90134 ns, At safepoint: 25053 ns, Total: 115187 ns
[2020-09-11T17:33:42.552+0000][1][safepoint    ] Safepoint "Cleanup", Time since last: 1000117280 ns, Reaching safepoint: 79221 ns, At safepoint: 6295 ns, Total: 85516 ns
[2020-09-11T17:33:43.552+0000][1][safepoint    ] Safepoint "Cleanup", Time since last: 1000104370 ns, Reaching safepoint: 81344 ns, At safepoint: 9013 ns, Total: 90357 ns
[2020-09-11T17:33:44.552+0000][1][safepoint    ] Safepoint "Cleanup", Time since last: 1000101888 ns, Reaching safepoint: 84332 ns, At safepoint: 6555 ns, Total: 90887 ns
[2020-09-11T17:33:44.839+0000][1][safepoint    ] Safepoint "RevokeBias", Time since last: 286735204 ns, Reaching safepoint: 167413 ns, At safepoint: 22809 ns, Total: 190222 ns
[2020-09-11T17:33:45.839+0000][1][safepoint    ] Safepoint "Cleanup", Time since last: 1000107368 ns, Reaching safepoint: 87688 ns, At safepoint: 9207 ns, Total: 96895 ns
[2020-09-11T17:33:46.445+0000][1][safepoint    ] Safepoint "RevokeBias", Time since last: 605430075 ns, Reaching safepoint: 85117 ns, At safepoint: 24419 ns, Total: 109536 ns
[2020-09-11T17:33:46.559+0000][1][safepoint    ] Safepoint "RevokeBias", Time since last: 114255273 ns, Reaching safepoint: 101212 ns, At safepoint: 34144 ns, Total: 135356 ns
[2020-09-11T17:33:47.162+0000][1][safepoint    ] Safepoint "RevokeBias", Time since last: 602254232 ns, Reaching safepoint: 90829 ns, At safepoint: 22633 ns, Total: 113462 ns
[2020-09-11T17:33:48.162+0000][1][safepoint    ] Safepoint "Cleanup", Time since last: 1000120056 ns, Reaching safepoint: 85122 ns, At safepoint: 9863 ns, Total: 94985 ns
[2020-09-11T17:33:49.162+0000][1][safepoint    ] Safepoint "Cleanup", Time since last: 1000109436 ns, Reaching safepoint: 82848 ns, At safepoint: 6947 ns, Total: 89795 ns
[2020-09-11T17:33:49.489+0000][1][safepoint    ] Safepoint "RevokeBias", Time since last: 326589938 ns, Reaching safepoint: 90062 ns, At safepoint: 21495 ns, Total: 111557 ns
[2020-09-11T17:33:50.489+0000][1][safepoint    ] Safepoint "Cleanup", Time since last: 1000107684 ns, Reaching safepoint: 86519 ns, At safepoint: 10600 ns, Total: 97119 ns
[2020-09-11T17:33:51.466+0000][1][safepoint    ] Safepoint "RevokeBias", Time since last: 976650833 ns, Reaching safepoint: 86662 ns, At safepoint: 23375 ns, Total: 110037 ns
[2020-09-11T17:33:51.567+0000][1][safepoint    ] Safepoint "RevokeBias", Time since last: 101123764 ns, Reaching safepoint: 92034 ns, At safepoint: 24771 ns, Total: 116805 ns
[2020-09-11T17:33:52.567+0000][1][safepoint    ] Safepoint "Cleanup", Time since last: 1000110135 ns, Reaching safepoint: 79490 ns, At safepoint: 7718 ns, Total: 87208 ns
[2020-09-11T17:33:53.567+0000][1][safepoint    ] Safepoint "Cleanup", Time since last: 1000094219 ns, Reaching safepoint: 80330 ns, At safepoint: 7909 ns, Total: 88239 ns
[2020-09-11T17:33:54.569+0000][1][safepoint    ] Safepoint "Cleanup", Time since last: 1000095812 ns, Reaching safepoint: 1602121 ns, At safepoint: 9066 ns, Total: 1611187 ns
[2020-09-11T17:33:54.859+0000][1][safepoint    ] Safepoint "RevokeBias", Time since last: 289389768 ns, Reaching safepoint: 90363 ns, At safepoint: 36392 ns, Total: 126755 ns
[2020-09-11T17:33:55.025+0000][1][gc,start     ] GC(198) Pause Young (Allocation Failure)
[2020-09-11T17:33:55.025+0000][1][gc,task      ] GC(198) Using 1 workers of 1 for evacuation
[2020-09-11T17:33:55.035+0000][1][gc,age       ] GC(198) Desired survivor size 4358144 bytes, new threshold 6 (max threshold 6)
[2020-09-11T17:33:55.035+0000][1][gc,age       ] GC(198) Age table with threshold 6 (max threshold 6)
[2020-09-11T17:33:55.035+0000][1][gc,age       ] GC(198) - age   1:     117048 bytes,     117048 total
[2020-09-11T17:33:55.035+0000][1][gc,age       ] GC(198) - age   2:     250048 bytes,     367096 total
[2020-09-11T17:33:55.035+0000][1][gc,age       ] GC(198) - age   3:     216576 bytes,     583672 total
[2020-09-11T17:33:55.035+0000][1][gc,age       ] GC(198) - age   4:      26040 bytes,     609712 total
[2020-09-11T17:33:55.035+0000][1][gc,age       ] GC(198) - age   5:     155600 bytes,     765312 total
[2020-09-11T17:33:55.035+0000][1][gc,age       ] GC(198) - age   6:     739640 bytes,    1504952 total
[2020-09-11T17:33:55.035+0000][1][gc,heap      ] GC(198) ParNew: 71055K->1891K(76672K)
[2020-09-11T17:33:55.035+0000][1][gc,heap      ] GC(198) CMS: 120653K->120798K(439104K)
[2020-09-11T17:33:55.035+0000][1][gc,metaspace ] GC(198) Metaspace: 95488K->95488K(1136640K)
[2020-09-11T17:33:55.035+0000][1][gc           ] GC(198) Pause Young (Allocation Failure) 187M->119M(503M) 9.881ms
[2020-09-11T17:33:55.035+0000][1][gc,cpu       ] GC(198) User=0.00s Sys=0.00s Real=0.01s
[2020-09-11T17:33:55.041+0000][1][safepoint    ] Safepoint "GenCollectForAllocation", Time since last: 159332814 ns, Reaching safepoint: 7134325 ns, At safepoint: 15637561 ns, Total: 22771886 ns
[2020-09-11T17:33:56.053+0000][1][safepoint    ] Safepoint "Cleanup", Time since last: 1012123992 ns, Reaching safepoint: 87820 ns, At safepoint: 23121 ns, Total: 110941 ns
[2020-09-11T17:33:56.479+0000][1][safepoint    ] Safepoint "RevokeBias", Time since last: 425373420 ns, Reaching safepoint: 85153 ns, At safepoint: 36449 ns, Total: 121602 ns
[2020-09-11T17:33:56.591+0000][1][safepoint    ] Safepoint "RevokeBias", Time since last: 112639540 ns, Reaching safepoint: 93337 ns, At safepoint: 33610 ns, Total: 126947 ns
[2020-09-11T17:33:57.195+0000][1][safepoint    ] Safepoint "RevokeBias", Time since last: 603326633 ns, Reaching safepoint: 91358 ns, At safepoint: 21913 ns, Total: 113271 ns
[2020-09-11T17:33:58.195+0000][1][safepoint    ] Safepoint "Cleanup", Time since last: 1000120504 ns, Reaching safepoint: 87832 ns, At safepoint: 10175 ns, Total: 98007 ns
[2020-09-11T17:33:59.195+0000][1][safepoint    ] Safepoint "Cleanup", Time since last: 1000112036 ns, Reaching safepoint: 85016 ns, At safepoint: 6966 ns, Total: 91982 ns
[2020-09-11T17:33:59.458+0000][1][safepoint    ] Safepoint "RevokeBias", Time since last: 262399951 ns, Reaching safepoint: 90764 ns, At safepoint: 21170 ns, Total: 111934 ns
[2020-09-11T17:34:00.458+0000][1][safepoint    ] Safepoint "Cleanup", Time since last: 1000102347 ns, Reaching safepoint: 85832 ns, At safepoint: 9226 ns, Total: 95058 ns
[2020-09-11T17:34:01.458+0000][1][safepoint    ] Safepoint "Cleanup", Time since last: 1000115005 ns, Reaching safepoint: 87344 ns, At safepoint: 10410 ns, Total: 97754 ns
[2020-09-11T17:34:01.487+0000][1][safepoint    ] Safepoint "RevokeBias", Time since last: 28709502 ns, Reaching safepoint: 87871 ns, At safepoint: 24688 ns, Total: 112559 ns
[2020-09-11T17:34:01.599+0000][1][safepoint    ] Safepoint "RevokeBias", Time since last: 112381142 ns, Reaching safepoint: 90084 ns, At safepoint: 24151 ns, Total: 114235 ns
[2020-09-11T17:34:02.600+0000][1][safepoint    ] Safepoint "Cleanup", Time since last: 1000112164 ns, Reaching safepoint: 82795 ns, At safepoint: 9117 ns, Total: 91912 ns
[2020-09-11T17:34:03.600+0000][1][safepoint    ] Safepoint "Cleanup", Time since last: 1000102672 ns, Reaching safepoint: 81902 ns, At safepoint: 8053 ns, Total: 89955 ns
[2020-09-11T17:34:04.600+0000][1][safepoint    ] Safepoint "Cleanup", Time since last: 1000102607 ns, Reaching safepoint: 84600 ns, At safepoint: 9853 ns, Total: 94453 ns
[2020-09-11T17:34:04.833+0000][1][safepoint    ] Safepoint "RevokeBias", Time since last: 232944577 ns, Reaching safepoint: 90488 ns, At safepoint: 22007 ns, Total: 112495 ns
[2020-09-11T17:34:05.833+0000][1][safepoint    ] Safepoint "Cleanup", Time since last: 1000125679 ns, Reaching safepoint: 83826 ns, At safepoint: 7226 ns, Total: 91052 ns
[2020-09-11T17:34:06.494+0000][1][safepoint    ] Safepoint "RevokeBias", Time since last: 660297876 ns, Reaching safepoint: 86496 ns, At safepoint: 25947 ns, Total: 112443 ns
[2020-09-11T17:34:06.612+0000][1][safepoint    ] Safepoint "RevokeBias", Time since last: 117924335 ns, Reaching safepoint: 89908 ns, At safepoint: 24659 ns, Total: 114567 ns
[2020-09-11T17:34:07.231+0000][1][safepoint    ] Safepoint "RevokeBias", Time since last: 619260937 ns, Reaching safepoint: 101929 ns, At safepoint: 22063 ns, Total: 123992 ns
[2020-09-11T17:34:08.231+0000][1][safepoint    ] Safepoint "Cleanup", Time since last: 1000106551 ns, Reaching safepoint: 82163 ns, At safepoint: 7472 ns, Total: 89635 ns
[2020-09-11T17:34:09.232+0000][1][safepoint    ] Safepoint "Cleanup", Time since last: 1000109025 ns, Reaching safepoint: 86281 ns, At safepoint: 9162 ns, Total: 95443 ns
[2020-09-11T17:34:09.459+0000][1][safepoint    ] Safepoint "RevokeBias", Time since last: 227857665 ns, Reaching safepoint: 90608 ns, At safepoint: 22130 ns, Total: 112738 ns
[2020-09-11T17:34:10.460+0000][1][safepoint    ] Safepoint "Cleanup", Time since last: 1000106324 ns, Reaching safepoint: 87624 ns, At safepoint: 9797 ns, Total: 97421 ns
[2020-09-11T17:34:11.460+0000][1][safepoint    ] Safepoint "Cleanup", Time since last: 1000110222 ns, Reaching safepoint: 104129 ns, At safepoint: 7130 ns, Total: 111259 ns
[2020-09-11T17:34:11.508+0000][1][safepoint    ] Safepoint "RevokeBias", Time since last: 47607538 ns, Reaching safepoint: 86637 ns, At safepoint: 24732 ns, Total: 111369 ns
[2020-09-11T17:34:11.624+0000][1][safepoint    ] Safepoint "RevokeBias", Time since last: 116551071 ns, Reaching safepoint: 91935 ns, At safepoint: 24732 ns, Total: 116667 ns
[2020-09-11T17:34:12.624+0000][1][safepoint    ] Safepoint "Cleanup", Time since last: 1000111070 ns, Reaching safepoint: 82024 ns, At safepoint: 7853 ns, Total: 89877 ns
[2020-09-11T17:34:13.625+0000][1][safepoint    ] Safepoint "Cleanup", Time since last: 1000109682 ns, Reaching safepoint: 82087 ns, At safepoint: 8506 ns, Total: 90593 ns
[2020-09-11T17:34:14.625+0000][1][safepoint    ] Safepoint "Cleanup", Time since last: 1000079239 ns, Reaching safepoint: 85612 ns, At safepoint: 9062 ns, Total: 94674 ns
[2020-09-11T17:34:14.834+0000][1][safepoint    ] Safepoint "RevokeBias", Time since last: 208715020 ns, Reaching safepoint: 165687 ns, At safepoint: 22447 ns, Total: 188134 ns
[2020-09-11T17:34:16.524+0000][1][safepoint    ] Safepoint "RevokeBias", Time since last: 1689911739 ns, Reaching safepoint: 87648 ns, At safepoint: 23809 ns, Total: 111457 ns
[2020-09-11T17:34:16.633+0000][1][safepoint    ] Safepoint "RevokeBias", Time since last: 108881083 ns, Reaching safepoint: 122938 ns, At safepoint: 24859 ns, Total: 147797 ns
[2020-09-11T17:34:17.166+0000][1][gc,start     ] GC(199) Pause Young (Allocation Failure)
[2020-09-11T17:34:17.166+0000][1][gc,task      ] GC(199) Using 1 workers of 1 for evacuation
[2020-09-11T17:34:17.179+0000][1][gc,age       ] GC(199) Desired survivor size 4358144 bytes, new threshold 6 (max threshold 6)
[2020-09-11T17:34:17.180+0000][1][gc,age       ] GC(199) Age table with threshold 6 (max threshold 6)
[2020-09-11T17:34:17.180+0000][1][gc,age       ] GC(199) - age   1:     162896 bytes,     162896 total
[2020-09-11T17:34:17.180+0000][1][gc,age       ] GC(199) - age   2:      51168 bytes,     214064 total
[2020-09-11T17:34:17.180+0000][1][gc,age       ] GC(199) - age   3:     246880 bytes,     460944 total
[2020-09-11T17:34:17.180+0000][1][gc,age       ] GC(199) - age   4:     216288 bytes,     677232 total
[2020-09-11T17:34:17.180+0000][1][gc,age       ] GC(199) - age   5:      26040 bytes,     703272 total
[2020-09-11T17:34:17.180+0000][1][gc,age       ] GC(199) - age   6:     155600 bytes,     858872 total
[2020-09-11T17:34:17.180+0000][1][gc,heap      ] GC(199) ParNew: 70051K->1338K(76672K)
[2020-09-11T17:34:17.180+0000][1][gc,heap      ] GC(199) CMS: 120798K->121520K(439104K)
[2020-09-11T17:34:17.180+0000][1][gc,metaspace ] GC(199) Metaspace: 95501K->95501K(1136640K)
[2020-09-11T17:34:17.180+0000][1][gc           ] GC(199) Pause Young (Allocation Failure) 186M->119M(503M) 13.707ms
[2020-09-11T17:34:17.180+0000][1][gc,cpu       ] GC(199) User=0.00s Sys=0.00s Real=0.01s
[2020-09-11T17:34:17.180+0000][1][safepoint    ] Safepoint "GenCollectForAllocation", Time since last: 532828835 ns, Reaching safepoint: 255609 ns, At safepoint: 13779732 ns, Total: 14035341 ns
[2020-09-11T17:34:17.348+0000][1][safepoint    ] Safepoint "BulkRevokeBias", Time since last: 167814593 ns, Reaching safepoint: 93920 ns, At safepoint: 223647 ns, Total: 317567 ns
[2020-09-11T17:34:19.465+0000][1][safepoint    ] Safepoint "RevokeBias", Time since last: 2116607522 ns, Reaching safepoint: 89905 ns, At safepoint: 21560 ns, Total: 111465 ns
[2020-09-11T17:34:21.552+0000][1][safepoint    ] Safepoint "RevokeBias", Time since last: 2086971439 ns, Reaching safepoint: 88451 ns, At safepoint: 24300 ns, Total: 112751 ns
[2020-09-11T17:34:21.649+0000][1][safepoint    ] Safepoint "RevokeBias", Time since last: 97323628 ns, Reaching safepoint: 91234 ns, At safepoint: 24454 ns, Total: 115688 ns
[2020-09-11T17:34:22.709+0000][1][safepoint    ] Safepoint "Cleanup", Time since last: 1059778872 ns, Reaching safepoint: 94476 ns, At safepoint: 9325 ns, Total: 103801 ns
[2020-09-11T17:34:24.824+0000][1][safepoint    ] Safepoint "RevokeBias", Time since last: 2114968033 ns, Reaching safepoint: 89879 ns, At safepoint: 21335 ns, Total: 111214 ns
[2020-09-11T17:34:26.562+0000][1][safepoint    ] Safepoint "RevokeBias", Time since last: 1737556819 ns, Reaching safepoint: 89512 ns, At safepoint: 45036 ns, Total: 134548 ns
[2020-09-11T17:34:26.664+0000][1][safepoint    ] Safepoint "RevokeBias", Time since last: 102424945 ns, Reaching safepoint: 167471 ns, At safepoint: 26530 ns, Total: 194001 ns
[2020-09-11T17:34:27.154+0000][1][safepoint    ] Safepoint "RevokeBias", Time since last: 489704055 ns, Reaching safepoint: 90592 ns, At safepoint: 22011 ns, Total: 112603 ns
[2020-09-11T17:34:29.550+0000][1][safepoint    ] Safepoint "RevokeBias", Time since last: 2395763637 ns, Reaching safepoint: 91920 ns, At safepoint: 21994 ns, Total: 113914 ns
[2020-09-11T17:34:31.570+0000][1][safepoint    ] Safepoint "RevokeBias", Time since last: 2019386857 ns, Reaching safepoint: 90438 ns, At safepoint: 25040 ns, Total: 115478 ns
[2020-09-11T17:34:31.672+0000][1][safepoint    ] Safepoint "BulkRevokeBias", Time since last: 102544449 ns, Reaching safepoint: 84682 ns, At safepoint: 215956 ns, Total: 300638 ns
[2020-09-11T17:34:34.840+0000][1][safepoint    ] Safepoint "RevokeBias", Time since last: 3167940555 ns, Reaching safepoint: 91887 ns, At safepoint: 20861 ns, Total: 112748 ns
[2020-09-11T17:34:36.577+0000][1][safepoint    ] Safepoint "RevokeBias", Time since last: 1736712307 ns, Reaching safepoint: 87022 ns, At safepoint: 24949 ns, Total: 111971 ns
[2020-09-11T17:34:36.684+0000][1][safepoint    ] Safepoint "RevokeBias", Time since last: 106169836 ns, Reaching safepoint: 90975 ns, At safepoint: 25847 ns, Total: 116822 ns
[2020-09-11T17:34:37.171+0000][1][safepoint    ] Safepoint "RevokeBias", Time since last: 486880670 ns, Reaching safepoint: 95528 ns, At safepoint: 21759 ns, Total: 117287 ns
[2020-09-11T17:34:38.729+0000][1][gc,start     ] GC(200) Pause Young (Allocation Failure)
[2020-09-11T17:34:38.729+0000][1][gc,task      ] GC(200) Using 1 workers of 1 for evacuation
[2020-09-11T17:34:38.738+0000][1][gc,age       ] GC(200) Desired survivor size 4358144 bytes, new threshold 6 (max threshold 6)
[2020-09-11T17:34:38.738+0000][1][gc,age       ] GC(200) Age table with threshold 6 (max threshold 6)
[2020-09-11T17:34:38.738+0000][1][gc,age       ] GC(200) - age   1:     166008 bytes,     166008 total
[2020-09-11T17:34:38.738+0000][1][gc,age       ] GC(200) - age   2:      89592 bytes,     255600 total
[2020-09-11T17:34:38.738+0000][1][gc,age       ] GC(200) - age   3:      49384 bytes,     304984 total
[2020-09-11T17:34:38.738+0000][1][gc,age       ] GC(200) - age   4:     246880 bytes,     551864 total
[2020-09-11T17:34:38.738+0000][1][gc,age       ] GC(200) - age   5:     216288 bytes,     768152 total
[2020-09-11T17:34:38.738+0000][1][gc,age       ] GC(200) - age   6:      25696 bytes,     793848 total
[2020-09-11T17:34:38.738+0000][1][gc,heap      ] GC(200) ParNew: 69498K->963K(76672K)
[2020-09-11T17:34:38.738+0000][1][gc,heap      ] GC(200) CMS: 121520K->121672K(439104K)
[2020-09-11T17:34:38.738+0000][1][gc,metaspace ] GC(200) Metaspace: 95534K->95534K(1136640K)
[2020-09-11T17:34:38.738+0000][1][gc           ] GC(200) Pause Young (Allocation Failure) 186M->119M(503M) 9.475ms
[2020-09-11T17:34:38.738+0000][1][gc,cpu       ] GC(200) User=0.00s Sys=0.00s Real=0.01s
[2020-09-11T17:34:38.738+0000][1][safepoint    ] Safepoint "GenCollectForAllocation", Time since last: 1558115988 ns, Reaching safepoint: 196091 ns, At safepoint: 9593702 ns, Total: 9789793 ns
[2020-09-11T17:34:39.457+0000][1][safepoint    ] Safepoint "RevokeBias", Time since last: 718838184 ns, Reaching safepoint: 90307 ns, At safepoint: 34517 ns, Total: 124824 ns
[2020-09-11T17:34:41.589+0000][1][safepoint    ] Safepoint "RevokeBias", Time since last: 2131141146 ns, Reaching safepoint: 85655 ns, At safepoint: 44119 ns, Total: 129774 ns
[2020-09-11T17:34:41.695+0000][1][safepoint    ] Safepoint "RevokeBias", Time since last: 105994915 ns, Reaching safepoint: 93884 ns, At safepoint: 36749 ns, Total: 130633 ns
[2020-09-11T17:34:44.923+0000][1][safepoint    ] Safepoint "RevokeBias", Time since last: 3227791155 ns, Reaching safepoint: 175605 ns, At safepoint: 25946 ns, Total: 201551 ns
[2020-09-11T17:34:46.600+0000][1][safepoint    ] Safepoint "RevokeBias", Time since last: 1677216064 ns, Reaching safepoint: 89979 ns, At safepoint: 26553 ns, Total: 116532 ns
[2020-09-11T17:34:46.703+0000][1][safepoint    ] Safepoint "RevokeBias", Time since last: 102469452 ns, Reaching safepoint: 168696 ns, At safepoint: 26749 ns, Total: 195445 ns
[2020-09-11T17:34:47.226+0000][1][safepoint    ] Safepoint "RevokeBias", Time since last: 523014865 ns, Reaching safepoint: 88801 ns, At safepoint: 21405 ns, Total: 110206 ns
[2020-09-11T17:34:48.226+0000][1][safepoint    ] Safepoint "Cleanup", Time since last: 1000115399 ns, Reaching safepoint: 89176 ns, At safepoint: 8563 ns, Total: 97739 ns
[2020-09-11T17:34:49.461+0000][1][safepoint    ] Safepoint "RevokeBias", Time since last: 1234316798 ns, Reaching safepoint: 91161 ns, At safepoint: 21797 ns, Total: 112958 ns
[2020-09-11T17:34:51.608+0000][1][safepoint    ] Safepoint "RevokeBias", Time since last: 2147180850 ns, Reaching safepoint: 90044 ns, At safepoint: 25723 ns, Total: 115767 ns
[2020-09-11T17:34:51.710+0000][1][safepoint    ] Safepoint "RevokeBias", Time since last: 102380887 ns, Reaching safepoint: 94381 ns, At safepoint: 25056 ns, Total: 119437 ns
[2020-09-11T17:34:54.862+0000][1][safepoint    ] Safepoint "RevokeBias", Time since last: 3151124232 ns, Reaching safepoint: 91880 ns, At safepoint: 22274 ns, Total: 114154 ns
[2020-09-11T17:34:56.619+0000][1][safepoint    ] Safepoint "RevokeBias", Time since last: 1757403284 ns, Reaching safepoint: 88190 ns, At safepoint: 42861 ns, Total: 131051 ns
[2020-09-11T17:34:56.719+0000][1][safepoint    ] Safepoint "RevokeBias", Time since last: 99368957 ns, Reaching safepoint: 172098 ns, At safepoint: 25744 ns, Total: 197842 ns
[2020-09-11T17:34:57.145+0000][1][gc,start     ] GC(201) Pause Young (Allocation Failure)
[2020-09-11T17:34:57.145+0000][1][gc,task      ] GC(201) Using 1 workers of 1 for evacuation
[2020-09-11T17:34:57.154+0000][1][gc,age       ] GC(201) Desired survivor size 4358144 bytes, new threshold 6 (max threshold 6)
[2020-09-11T17:34:57.154+0000][1][gc,age       ] GC(201) Age table with threshold 6 (max threshold 6)
[2020-09-11T17:34:57.154+0000][1][gc,age       ] GC(201) - age   1:      93464 bytes,      93464 total
[2020-09-11T17:34:57.154+0000][1][gc,age       ] GC(201) - age   2:      44096 bytes,     137560 total
[2020-09-11T17:34:57.154+0000][1][gc,age       ] GC(201) - age   3:      87712 bytes,     225272 total
[2020-09-11T17:34:57.154+0000][1][gc,age       ] GC(201) - age   4:      49384 bytes,     274656 total
[2020-09-11T17:34:57.154+0000][1][gc,age       ] GC(201) - age   5:     246880 bytes,     521536 total
[2020-09-11T17:34:57.154+0000][1][gc,age       ] GC(201) - age   6:     216288 bytes,     737824 total
[2020-09-11T17:34:57.154+0000][1][gc,heap      ] GC(201) ParNew: 69123K->822K(76672K)
[2020-09-11T17:34:57.154+0000][1][gc,heap      ] GC(201) CMS: 121672K->121697K(439104K)
[2020-09-11T17:34:57.154+0000][1][gc,metaspace ] GC(201) Metaspace: 95535K->95535K(1136640K)
[2020-09-11T17:34:57.154+0000][1][gc           ] GC(201) Pause Young (Allocation Failure) 186M->119M(503M) 9.339ms
[2020-09-11T17:34:57.154+0000][1][gc,cpu       ] GC(201) User=0.00s Sys=0.00s Real=0.01s
[2020-09-11T17:34:57.154+0000][1][safepoint    ] Safepoint "GenCollectForAllocation", Time since last: 422089987 ns, Reaching safepoint: 3972447 ns, At safepoint: 9407766 ns, Total: 13380213 ns
[2020-09-11T17:34:57.252+0000][1][safepoint    ] Safepoint "RevokeBias", Time since last: 97282364 ns, Reaching safepoint: 91492 ns, At safepoint: 21765 ns, Total: 113257 ns
[2020-09-11T17:34:58.253+0000][1][safepoint    ] Safepoint "Cleanup", Time since last: 1001203566 ns, Reaching safepoint: 82989 ns, At safepoint: 9926 ns, Total: 92915 ns
[2020-09-11T17:34:59.253+0000][1][safepoint    ] Safepoint "Cleanup", Time since last: 1000106497 ns, Reaching safepoint: 86963 ns, At safepoint: 8580 ns, Total: 95543 ns
[2020-09-11T17:34:59.458+0000][1][safepoint    ] Safepoint "RevokeBias", Time since last: 204732333 ns, Reaching safepoint: 90811 ns, At safepoint: 22000 ns, Total: 112811 ns
[2020-09-11T17:35:00.458+0000][1][safepoint    ] Safepoint "Cleanup", Time since last: 1000108371 ns, Reaching safepoint: 90118 ns, At safepoint: 9929 ns, Total: 100047 ns
[2020-09-11T17:35:01.458+0000][1][safepoint    ] Safepoint "Cleanup", Time since last: 1000109864 ns, Reaching safepoint: 82325 ns, At safepoint: 7092 ns, Total: 89417 ns
[2020-09-11T17:35:01.627+0000][1][safepoint    ] Safepoint "RevokeBias", Time since last: 168071015 ns, Reaching safepoint: 89834 ns, At safepoint: 24926 ns, Total: 114760 ns
[2020-09-11T17:35:01.727+0000][1][safepoint    ] Safepoint "RevokeBias", Time since last: 100136680 ns, Reaching safepoint: 90076 ns, At safepoint: 24836 ns, Total: 114912 ns
[2020-09-11T17:35:02.727+0000][1][safepoint    ] Safepoint "Cleanup", Time since last: 1000109432 ns, Reaching safepoint: 81205 ns, At safepoint: 8657 ns, Total: 89862 ns
[2020-09-11T17:35:03.727+0000][1][safepoint    ] Safepoint "Cleanup", Time since last: 1000101205 ns, Reaching safepoint: 82090 ns, At safepoint: 7857 ns, Total: 89947 ns
[2020-09-11T17:35:04.727+0000][1][safepoint    ] Safepoint "Cleanup", Time since last: 1000103559 ns, Reaching safepoint: 84938 ns, At safepoint: 8278 ns, Total: 93216 ns
[2020-09-11T17:35:04.823+0000][1][safepoint    ] Safepoint "RevokeBias", Time since last: 95699915 ns, Reaching safepoint: 166079 ns, At safepoint: 22192 ns, Total: 188271 ns
[2020-09-11T17:35:05.823+0000][1][safepoint    ] Safepoint "Cleanup", Time since last: 1000106651 ns, Reaching safepoint: 84236 ns, At safepoint: 9056 ns, Total: 93292 ns
[2020-09-11T17:35:06.638+0000][1][safepoint    ] Safepoint "RevokeBias", Time since last: 814633033 ns, Reaching safepoint: 86754 ns, At safepoint: 22450 ns, Total: 109204 ns
[2020-09-11T17:35:06.734+0000][1][safepoint    ] Safepoint "RevokeBias", Time since last: 96027368 ns, Reaching safepoint: 161481 ns, At safepoint: 21850 ns, Total: 183331 ns
[2020-09-11T17:35:07.258+0000][1][safepoint    ] Safepoint "RevokeBias", Time since last: 523072020 ns, Reaching safepoint: 90212 ns, At safepoint: 22387 ns, Total: 112599 ns
[2020-09-11T17:35:08.258+0000][1][safepoint    ] Safepoint "Cleanup", Time since last: 1000112984 ns, Reaching safepoint: 86848 ns, At safepoint: 9362 ns, Total: 96210 ns
[2020-09-11T17:35:09.258+0000][1][safepoint    ] Safepoint "Cleanup", Time since last: 1000111137 ns, Reaching safepoint: 84553 ns, At safepoint: 6769 ns, Total: 91322 ns
[2020-09-11T17:35:09.468+0000][1][safepoint    ] Safepoint "RevokeBias", Time since last: 210043216 ns, Reaching safepoint: 90179 ns, At safepoint: 22047 ns, Total: 112226 ns
[2020-09-11T17:35:10.468+0000][1][safepoint    ] Safepoint "Cleanup", Time since last: 1000102339 ns, Reaching safepoint: 82637 ns, At safepoint: 6167 ns, Total: 88804 ns
[2020-09-11T17:35:11.469+0000][1][safepoint    ] Safepoint "Cleanup", Time since last: 1000106807 ns, Reaching safepoint: 86053 ns, At safepoint: 10370 ns, Total: 96423 ns
[2020-09-11T17:35:11.647+0000][1][safepoint    ] Safepoint "RevokeBias", Time since last: 177894444 ns, Reaching safepoint: 98753 ns, At safepoint: 22223 ns, Total: 120976 ns
[2020-09-11T17:35:11.742+0000][1][safepoint    ] Safepoint "RevokeBias", Time since last: 95795392 ns, Reaching safepoint: 90259 ns, At safepoint: 25331 ns, Total: 115590 ns
[2020-09-11T17:35:12.743+0000][1][safepoint    ] Safepoint "Cleanup", Time since last: 1000110429 ns, Reaching safepoint: 81787 ns, At safepoint: 8715 ns, Total: 90502 ns
[2020-09-11T17:35:13.743+0000][1][safepoint    ] Safepoint "Cleanup", Time since last: 1000109210 ns, Reaching safepoint: 82815 ns, At safepoint: 8627 ns, Total: 91442 ns
[2020-09-11T17:35:14.743+0000][1][safepoint    ] Safepoint "Cleanup", Time since last: 1000103705 ns, Reaching safepoint: 84826 ns, At safepoint: 8712 ns, Total: 93538 ns
[2020-09-11T17:35:14.839+0000][1][safepoint    ] Safepoint "RevokeBias", Time since last: 96073465 ns, Reaching safepoint: 166979 ns, At safepoint: 22574 ns, Total: 189553 ns
[2020-09-11T17:35:15.840+0000][1][safepoint    ] Safepoint "Cleanup", Time since last: 1000104747 ns, Reaching safepoint: 87786 ns, At safepoint: 9240 ns, Total: 97026 ns
[2020-09-11T17:35:16.656+0000][1][safepoint    ] Safepoint "RevokeBias", Time since last: 816041187 ns, Reaching safepoint: 85852 ns, At safepoint: 24066 ns, Total: 109918 ns
[2020-09-11T17:35:16.751+0000][1][safepoint    ] Safepoint "RevokeBias", Time since last: 95081187 ns, Reaching safepoint: 93915 ns, At safepoint: 31151 ns, Total: 125066 ns
[2020-09-11T17:35:17.245+0000][1][safepoint    ] Safepoint "RevokeBias", Time since last: 494050170 ns, Reaching safepoint: 91943 ns, At safepoint: 22167 ns, Total: 114110 ns
[2020-09-11T17:35:18.245+0000][1][safepoint    ] Safepoint "Cleanup", Time since last: 1000104331 ns, Reaching safepoint: 84680 ns, At safepoint: 7052 ns, Total: 91732 ns
[2020-09-11T17:35:19.245+0000][1][safepoint    ] Safepoint "Cleanup", Time since last: 1000105873 ns, Reaching safepoint: 85479 ns, At safepoint: 7466 ns, Total: 92945 ns
[2020-09-11T17:35:19.445+0000][1][gc,start     ] GC(202) Pause Young (Allocation Failure)
[2020-09-11T17:35:19.445+0000][1][gc,task      ] GC(202) Using 1 workers of 1 for evacuation
[2020-09-11T17:35:19.458+0000][1][gc,age       ] GC(202) Desired survivor size 4358144 bytes, new threshold 6 (max threshold 6)
[2020-09-11T17:35:19.458+0000][1][gc,age       ] GC(202) Age table with threshold 6 (max threshold 6)
[2020-09-11T17:35:19.458+0000][1][gc,age       ] GC(202) - age   1:     357728 bytes,     357728 total
[2020-09-11T17:35:19.458+0000][1][gc,age       ] GC(202) - age   2:      23088 bytes,     380816 total
[2020-09-11T17:35:19.458+0000][1][gc,age       ] GC(202) - age   3:      40008 bytes,     420824 total
[2020-09-11T17:35:19.458+0000][1][gc,age       ] GC(202) - age   4:      87424 bytes,     508248 total
[2020-09-11T17:35:19.458+0000][1][gc,age       ] GC(202) - age   5:      49072 bytes,     557320 total
[2020-09-11T17:35:19.458+0000][1][gc,age       ] GC(202) - age   6:     246880 bytes,     804200 total
[2020-09-11T17:35:19.459+0000][1][gc,heap      ] GC(202) ParNew: 68982K->1491K(76672K)
[2020-09-11T17:35:19.459+0000][1][gc,heap      ] GC(202) CMS: 121697K->121908K(439104K)
[2020-09-11T17:35:19.459+0000][1][gc,metaspace ] GC(202) Metaspace: 95535K->95535K(1136640K)
[2020-09-11T17:35:19.459+0000][1][gc           ] GC(202) Pause Young (Allocation Failure) 186M->120M(503M) 13.707ms
[2020-09-11T17:35:19.459+0000][1][gc,cpu       ] GC(202) User=0.00s Sys=0.00s Real=0.01s
[2020-09-11T17:35:19.461+0000][1][safepoint    ] Safepoint "GenCollectForAllocation", Time since last: 195363253 ns, Reaching safepoint: 4046604 ns, At safepoint: 16009454 ns, Total: 20056058 ns
[2020-09-11T17:35:19.506+0000][1][safepoint    ] Safepoint "RevokeBias", Time since last: 45189638 ns, Reaching safepoint: 92584 ns, At safepoint: 33882 ns, Total: 126466 ns
[2020-09-11T17:35:20.507+0000][1][safepoint    ] Safepoint "Cleanup", Time since last: 1000677817 ns, Reaching safepoint: 86621 ns, At safepoint: 27472 ns, Total: 114093 ns
[2020-09-11T17:35:21.507+0000][1][safepoint    ] Safepoint "Cleanup", Time since last: 1000110166 ns, Reaching safepoint: 92319 ns, At safepoint: 23834 ns, Total: 116153 ns
[2020-09-11T17:35:21.667+0000][1][safepoint    ] Safepoint "RevokeBias", Time since last: 159581104 ns, Reaching safepoint: 84829 ns, At safepoint: 33365 ns, Total: 118194 ns
[2020-09-11T17:35:21.759+0000][1][safepoint    ] Safepoint "RevokeBias", Time since last: 92217511 ns, Reaching safepoint: 90704 ns, At safepoint: 36397 ns, Total: 127101 ns
[2020-09-11T17:35:22.760+0000][1][safepoint    ] Safepoint "Cleanup", Time since last: 1000584460 ns, Reaching safepoint: 79920 ns, At safepoint: 20253 ns, Total: 100173 ns
[2020-09-11T17:35:23.760+0000][1][safepoint    ] Safepoint "Cleanup", Time since last: 1000100965 ns, Reaching safepoint: 90198 ns, At safepoint: 22993 ns, Total: 113191 ns
[2020-09-11T17:35:24.760+0000][1][safepoint    ] Safepoint "Cleanup", Time since last: 1000116096 ns, Reaching safepoint: 89123 ns, At safepoint: 9832 ns, Total: 98955 ns
[2020-09-11T17:35:24.825+0000][1][safepoint    ] Safepoint "RevokeBias", Time since last: 64436728 ns, Reaching safepoint: 91602 ns, At safepoint: 21897 ns, Total: 113499 ns
[2020-09-11T17:35:25.825+0000][1][safepoint    ] Safepoint "Cleanup", Time since last: 1000104338 ns, Reaching safepoint: 87018 ns, At safepoint: 10012 ns, Total: 97030 ns
[2020-09-11T17:35:26.674+0000][1][safepoint    ] Safepoint "RevokeBias", Time since last: 848431777 ns, Reaching safepoint: 101117 ns, At safepoint: 27679 ns, Total: 128796 ns
[2020-09-11T17:35:26.767+0000][1][safepoint    ] Safepoint "RevokeBias", Time since last: 93588915 ns, Reaching safepoint: 88119 ns, At safepoint: 24954 ns, Total: 113073 ns
[2020-09-11T17:35:27.196+0000][1][safepoint    ] Safepoint "RevokeBias", Time since last: 428610421 ns, Reaching safepoint: 87153 ns, At safepoint: 21744 ns, Total: 108897 ns
[2020-09-11T17:35:28.196+0000][1][safepoint    ] Safepoint "Cleanup", Time since last: 1000102915 ns, Reaching safepoint: 90599 ns, At safepoint: 7991 ns, Total: 98590 ns
[2020-09-11T17:35:29.196+0000][1][safepoint    ] Safepoint "Cleanup", Time since last: 1000109615 ns, Reaching safepoint: 80358 ns, At safepoint: 8501 ns, Total: 88859 ns
[2020-09-11T17:35:29.489+0000][1][safepoint    ] Safepoint "RevokeBias", Time since last: 292445551 ns, Reaching safepoint: 88784 ns, At safepoint: 22849 ns, Total: 111633 ns
[2020-09-11T17:35:30.489+0000][1][safepoint    ] Safepoint "Cleanup", Time since last: 1000111916 ns, Reaching safepoint: 90581 ns, At safepoint: 11548 ns, Total: 102129 ns
[2020-09-11T17:35:31.489+0000][1][safepoint    ] Safepoint "Cleanup", Time since last: 1000114663 ns, Reaching safepoint: 90450 ns, At safepoint: 9429 ns, Total: 99879 ns
[2020-09-11T17:35:31.680+0000][1][safepoint    ] Safepoint "RevokeBias", Time since last: 190691267 ns, Reaching safepoint: 82467 ns, At safepoint: 22148 ns, Total: 104615 ns
[2020-09-11T17:35:31.776+0000][1][safepoint    ] Safepoint "RevokeBias", Time since last: 95928159 ns, Reaching safepoint: 170411 ns, At safepoint: 26016 ns, Total: 196427 ns
[2020-09-11T17:35:32.777+0000][1][safepoint    ] Safepoint "Cleanup", Time since last: 1000112888 ns, Reaching safepoint: 78805 ns, At safepoint: 8646 ns, Total: 87451 ns
[2020-09-11T17:35:33.777+0000][1][safepoint    ] Safepoint "Cleanup", Time since last: 1000099771 ns, Reaching safepoint: 100077 ns, At safepoint: 7776 ns, Total: 107853 ns
[2020-09-11T17:35:34.777+0000][1][safepoint    ] Safepoint "Cleanup", Time since last: 1000096677 ns, Reaching safepoint: 85159 ns, At safepoint: 8328 ns, Total: 93487 ns
[2020-09-11T17:35:34.836+0000][1][safepoint    ] Safepoint "RevokeBias", Time since last: 58937403 ns, Reaching safepoint: 90597 ns, At safepoint: 22606 ns, Total: 113203 ns
[2020-09-11T17:35:35.836+0000][1][safepoint    ] Safepoint "Cleanup", Time since last: 1000113216 ns, Reaching safepoint: 88489 ns, At safepoint: 9271 ns, Total: 97760 ns
[2020-09-11T17:35:36.688+0000][1][safepoint    ] Safepoint "RevokeBias", Time since last: 851280391 ns, Reaching safepoint: 88360 ns, At safepoint: 25479 ns, Total: 113839 ns
[2020-09-11T17:35:36.785+0000][1][safepoint    ] Safepoint "RevokeBias", Time since last: 96872212 ns, Reaching safepoint: 90732 ns, At safepoint: 25510 ns, Total: 116242 ns
[2020-09-11T17:35:37.216+0000][1][safepoint    ] Safepoint "RevokeBias", Time since last: 431284249 ns, Reaching safepoint: 90578 ns, At safepoint: 21514 ns, Total: 112092 ns
[2020-09-11T17:35:38.216+0000][1][safepoint    ] Safepoint "Cleanup", Time since last: 1000117647 ns, Reaching safepoint: 83956 ns, At safepoint: 6808 ns, Total: 90764 ns
[2020-09-11T17:35:39.216+0000][1][safepoint    ] Safepoint "Cleanup", Time since last: 1000119084 ns, Reaching safepoint: 83956 ns, At safepoint: 9054 ns, Total: 93010 ns
[2020-09-11T17:35:39.441+0000][1][gc,start     ] GC(203) Pause Young (Allocation Failure)
[2020-09-11T17:35:39.441+0000][1][gc,task      ] GC(203) Using 1 workers of 1 for evacuation
[2020-09-11T17:35:39.450+0000][1][gc,age       ] GC(203) Desired survivor size 4358144 bytes, new threshold 6 (max threshold 6)
[2020-09-11T17:35:39.450+0000][1][gc,age       ] GC(203) Age table with threshold 6 (max threshold 6)
[2020-09-11T17:35:39.450+0000][1][gc,age       ] GC(203) - age   1:     208184 bytes,     208184 total
[2020-09-11T17:35:39.450+0000][1][gc,age       ] GC(203) - age   2:     137304 bytes,     345488 total
[2020-09-11T17:35:39.450+0000][1][gc,age       ] GC(203) - age   3:      21304 bytes,     366792 total
[2020-09-11T17:35:39.450+0000][1][gc,age       ] GC(203) - age   4:      40008 bytes,     406800 total
[2020-09-11T17:35:39.450+0000][1][gc,age       ] GC(203) - age   5:      87424 bytes,     494224 total
[2020-09-11T17:35:39.450+0000][1][gc,age       ] GC(203) - age   6:      49072 bytes,     543296 total
[2020-09-11T17:35:39.450+0000][1][gc,heap      ] GC(203) ParNew: 69651K->962K(76672K)
[2020-09-11T17:35:39.450+0000][1][gc,heap      ] GC(203) CMS: 121908K->122149K(439104K)
[2020-09-11T17:35:39.450+0000][1][gc,metaspace ] GC(203) Metaspace: 95535K->95535K(1136640K)
[2020-09-11T17:35:39.450+0000][1][gc           ] GC(203) Pause Young (Allocation Failure) 187M->120M(503M) 9.010ms
[2020-09-11T17:35:39.450+0000][1][gc,cpu       ] GC(203) User=0.01s Sys=0.00s Real=0.00s
[2020-09-11T17:35:39.450+0000][1][safepoint    ] Safepoint "GenCollectForAllocation", Time since last: 222646706 ns, Reaching safepoint: 1757056 ns, At safepoint: 9120621 ns, Total: 10877677 ns
[2020-09-11T17:35:39.474+0000][1][safepoint    ] Safepoint "RevokeBias", Time since last: 24356020 ns, Reaching safepoint: 93516 ns, At safepoint: 33582 ns, Total: 127098 ns
[2020-09-11T17:35:40.475+0000][1][safepoint    ] Safepoint "Cleanup", Time since last: 1000702695 ns, Reaching safepoint: 87418 ns, At safepoint: 25372 ns, Total: 112790 ns
[2020-09-11T17:35:41.475+0000][1][safepoint    ] Safepoint "Cleanup", Time since last: 1000116320 ns, Reaching safepoint: 85170 ns, At safepoint: 23493 ns, Total: 108663 ns
[2020-09-11T17:35:41.704+0000][1][safepoint    ] Safepoint "RevokeBias", Time since last: 228014090 ns, Reaching safepoint: 119650 ns, At safepoint: 39610 ns, Total: 159260 ns
[2020-09-11T17:35:41.793+0000][1][safepoint    ] Safepoint "RevokeBias", Time since last: 89238674 ns, Reaching safepoint: 89927 ns, At safepoint: 35882 ns, Total: 125809 ns
[2020-09-11T17:35:42.794+0000][1][safepoint    ] Safepoint "Cleanup", Time since last: 1000604468 ns, Reaching safepoint: 86768 ns, At safepoint: 21324 ns, Total: 108092 ns
[2020-09-11T17:35:43.794+0000][1][safepoint    ] Safepoint "Cleanup", Time since last: 1000106064 ns, Reaching safepoint: 86354 ns, At safepoint: 22377 ns, Total: 108731 ns
[2020-09-11T17:35:44.794+0000][1][safepoint    ] Safepoint "Cleanup", Time since last: 1000108535 ns, Reaching safepoint: 84153 ns, At safepoint: 8080 ns, Total: 92233 ns
[2020-09-11T17:35:44.842+0000][1][safepoint    ] Safepoint "RevokeBias", Time since last: 48042229 ns, Reaching safepoint: 90211 ns, At safepoint: 21174 ns, Total: 111385 ns
[2020-09-11T17:35:45.843+0000][1][safepoint    ] Safepoint "Cleanup", Time since last: 1000107375 ns, Reaching safepoint: 86521 ns, At safepoint: 9924 ns, Total: 96445 ns
[2020-09-11T17:35:46.712+0000][1][safepoint    ] Safepoint "BulkRevokeBias", Time since last: 869022945 ns, Reaching safepoint: 81622 ns, At safepoint: 225360 ns, Total: 306982 ns
[2020-09-11T17:35:46.801+0000][1][safepoint    ] Safepoint "RevokeBias", Time since last: 89320593 ns, Reaching safepoint: 167774 ns, At safepoint: 25663 ns, Total: 193437 ns
[2020-09-11T17:35:47.256+0000][1][safepoint    ] Safepoint "BulkRevokeBias", Time since last: 453869675 ns, Reaching safepoint: 163000 ns, At safepoint: 212900 ns, Total: 375900 ns
[2020-09-11T17:35:48.256+0000][1][safepoint    ] Safepoint "Cleanup", Time since last: 1000121648 ns, Reaching safepoint: 102512 ns, At safepoint: 11763 ns, Total: 114275 ns
[2020-09-11T17:35:49.256+0000][1][safepoint    ] Safepoint "Cleanup", Time since last: 1000108043 ns, Reaching safepoint: 88551 ns, At safepoint: 9283 ns, Total: 97834 ns
[2020-09-11T17:35:49.460+0000][1][safepoint    ] Safepoint "RevokeBias", Time since last: 203568102 ns, Reaching safepoint: 90011 ns, At safepoint: 21718 ns, Total: 111729 ns
[2020-09-11T17:35:50.460+0000][1][safepoint    ] Safepoint "Cleanup", Time since last: 1000107107 ns, Reaching safepoint: 97360 ns, At safepoint: 9834 ns, Total: 107194 ns
[2020-09-11T17:35:51.460+0000][1][safepoint    ] Safepoint "Cleanup", Time since last: 1000112041 ns, Reaching safepoint: 88130 ns, At safepoint: 10521 ns, Total: 98651 ns
[2020-09-11T17:35:51.719+0000][1][safepoint    ] Safepoint "RevokeBias", Time since last: 259066185 ns, Reaching safepoint: 87670 ns, At safepoint: 25187 ns, Total: 112857 ns
[2020-09-11T17:35:51.811+0000][1][safepoint    ] Safepoint "RevokeBias", Time since last: 91152559 ns, Reaching safepoint: 92261 ns, At safepoint: 25214 ns, Total: 117475 ns
[2020-09-11T17:35:52.811+0000][1][safepoint    ] Safepoint "Cleanup", Time since last: 1000113452 ns, Reaching safepoint: 85480 ns, At safepoint: 10316 ns, Total: 95796 ns
[2020-09-11T17:35:53.811+0000][1][safepoint    ] Safepoint "Cleanup", Time since last: 1000117704 ns, Reaching safepoint: 88410 ns, At safepoint: 10546 ns, Total: 98956 ns
[2020-09-11T17:35:54.811+0000][1][safepoint    ] Safepoint "Cleanup", Time since last: 1000117894 ns, Reaching safepoint: 86345 ns, At safepoint: 9483 ns, Total: 95828 ns
[2020-09-11T17:35:54.851+0000][1][safepoint    ] Safepoint "RevokeBias", Time since last: 39854917 ns, Reaching safepoint: 88926 ns, At safepoint: 21871 ns, Total: 110797 ns
[2020-09-11T17:35:55.851+0000][1][safepoint    ] Safepoint "Cleanup", Time since last: 1000105139 ns, Reaching safepoint: 85484 ns, At safepoint: 8103 ns, Total: 93587 ns
[2020-09-11T17:35:56.727+0000][1][safepoint    ] Safepoint "RevokeBias", Time since last: 875359312 ns, Reaching safepoint: 87829 ns, At safepoint: 24661 ns, Total: 112490 ns
[2020-09-11T17:35:56.822+0000][1][safepoint    ] Safepoint "RevokeBias", Time since last: 95272637 ns, Reaching safepoint: 162293 ns, At safepoint: 23365 ns, Total: 185658 ns
[2020-09-11T17:35:57.194+0000][1][safepoint    ] Safepoint "RevokeBias", Time since last: 371539592 ns, Reaching safepoint: 94158 ns, At safepoint: 49782 ns, Total: 143940 ns
[2020-09-11T17:35:59.453+0000][1][gc,start     ] GC(204) Pause Young (Allocation Failure)
[2020-09-11T17:35:59.453+0000][1][gc,task      ] GC(204) Using 1 workers of 1 for evacuation
[2020-09-11T17:35:59.466+0000][1][gc,age       ] GC(204) Desired survivor size 4358144 bytes, new threshold 6 (max threshold 6)
[2020-09-11T17:35:59.466+0000][1][gc,age       ] GC(204) Age table with threshold 6 (max threshold 6)
[2020-09-11T17:35:59.466+0000][1][gc,age       ] GC(204) - age   1:     249296 bytes,     249296 total
[2020-09-11T17:35:59.466+0000][1][gc,age       ] GC(204) - age   2:     136752 bytes,     386048 total
[2020-09-11T17:35:59.466+0000][1][gc,age       ] GC(204) - age   3:     135424 bytes,     521472 total
[2020-09-11T17:35:59.466+0000][1][gc,age       ] GC(204) - age   4:      21304 bytes,     542776 total
[2020-09-11T17:35:59.466+0000][1][gc,age       ] GC(204) - age   5:      40008 bytes,     582784 total
[2020-09-11T17:35:59.466+0000][1][gc,age       ] GC(204) - age   6:      87424 bytes,     670208 total
[2020-09-11T17:35:59.466+0000][1][gc,heap      ] GC(204) ParNew: 69122K->957K(76672K)
[2020-09-11T17:35:59.466+0000][1][gc,heap      ] GC(204) CMS: 122149K->122197K(439104K)
[2020-09-11T17:35:59.466+0000][1][gc,metaspace ] GC(204) Metaspace: 95536K->95536K(1136640K)
[2020-09-11T17:35:59.466+0000][1][gc           ] GC(204) Pause Young (Allocation Failure) 186M->120M(503M) 12.939ms
[2020-09-11T17:35:59.466+0000][1][gc,cpu       ] GC(204) User=0.00s Sys=0.00s Real=0.01s
[2020-09-11T17:35:59.466+0000][1][safepoint    ] Safepoint "GenCollectForAllocation", Time since last: 2258695125 ns, Reaching safepoint: 120155 ns, At safepoint: 13006976 ns, Total: 13127131 ns
[2020-09-11T17:35:59.523+0000][1][safepoint    ] Safepoint "RevokeBias", Time since last: 57396179 ns, Reaching safepoint: 90511 ns, At safepoint: 33891 ns, Total: 124402 ns
[2020-09-11T17:36:01.735+0000][1][safepoint    ] Safepoint "RevokeBias", Time since last: 2211038821 ns, Reaching safepoint: 86679 ns, At safepoint: 35602 ns, Total: 122281 ns
[2020-09-11T17:36:01.830+0000][1][safepoint    ] Safepoint "RevokeBias", Time since last: 95573337 ns, Reaching safepoint: 109471 ns, At safepoint: 37875 ns, Total: 147346 ns
[2020-09-11T17:36:04.831+0000][1][safepoint    ] Safepoint "Cleanup", Time since last: 3000745886 ns, Reaching safepoint: 86936 ns, At safepoint: 8490 ns, Total: 95426 ns
[2020-09-11T17:36:04.887+0000][1][safepoint    ] Safepoint "RevokeBias", Time since last: 55616229 ns, Reaching safepoint: 101520 ns, At safepoint: 21149 ns, Total: 122669 ns
[2020-09-11T17:36:05.887+0000][1][safepoint    ] Safepoint "Cleanup", Time since last: 1000099444 ns, Reaching safepoint: 84472 ns, At safepoint: 6916 ns, Total: 91388 ns
[2020-09-11T17:36:06.742+0000][1][safepoint    ] Safepoint "RevokeBias", Time since last: 855278629 ns, Reaching safepoint: 87759 ns, At safepoint: 26374 ns, Total: 114133 ns
[2020-09-11T17:36:06.841+0000][1][safepoint    ] Safepoint "RevokeBias", Time since last: 98444605 ns, Reaching safepoint: 97842 ns, At safepoint: 21989 ns, Total: 119831 ns
[2020-09-11T17:36:07.197+0000][1][safepoint    ] Safepoint "RevokeBias", Time since last: 355890481 ns, Reaching safepoint: 89157 ns, At safepoint: 21135 ns, Total: 110292 ns
[2020-09-11T17:36:08.197+0000][1][safepoint    ] Safepoint "Cleanup", Time since last: 1000104842 ns, Reaching safepoint: 87150 ns, At safepoint: 8739 ns, Total: 95889 ns
[2020-09-11T17:36:09.197+0000][1][safepoint    ] Safepoint "Cleanup", Time since last: 1000110771 ns, Reaching safepoint: 83928 ns, At safepoint: 7023 ns, Total: 90951 ns
[2020-09-11T17:36:09.461+0000][1][safepoint    ] Safepoint "RevokeBias", Time since last: 263884056 ns, Reaching safepoint: 90320 ns, At safepoint: 21475 ns, Total: 111795 ns
[2020-09-11T17:36:10.462+0000][1][safepoint    ] Safepoint "Cleanup", Time since last: 1000113357 ns, Reaching safepoint: 88847 ns, At safepoint: 10229 ns, Total: 99076 ns
[2020-09-11T17:36:11.462+0000][1][safepoint    ] Safepoint "Cleanup", Time since last: 1000110783 ns, Reaching safepoint: 86594 ns, At safepoint: 9542 ns, Total: 96136 ns
[2020-09-11T17:36:11.751+0000][1][safepoint    ] Safepoint "RevokeBias", Time since last: 288606640 ns, Reaching safepoint: 100378 ns, At safepoint: 27596 ns, Total: 127974 ns
[2020-09-11T17:36:11.850+0000][1][safepoint    ] Safepoint "RevokeBias", Time since last: 99412075 ns, Reaching safepoint: 160336 ns, At safepoint: 30334 ns, Total: 190670 ns
[2020-09-11T17:36:12.965+0000][1][safepoint    ] Safepoint "Cleanup", Time since last: 1114709573 ns, Reaching safepoint: 86462 ns, At safepoint: 8855 ns, Total: 95317 ns
[2020-09-11T17:36:13.965+0000][1][safepoint    ] Safepoint "Cleanup", Time since last: 1000107736 ns, Reaching safepoint: 87544 ns, At safepoint: 9004 ns, Total: 96548 ns
[2020-09-11T17:36:14.892+0000][1][safepoint    ] Safepoint "RevokeBias", Time since last: 926746333 ns, Reaching safepoint: 91618 ns, At safepoint: 22398 ns, Total: 114016 ns
[2020-09-11T17:36:15.892+0000][1][safepoint    ] Safepoint "Cleanup", Time since last: 1000109461 ns, Reaching safepoint: 87787 ns, At safepoint: 9098 ns, Total: 96885 ns
[2020-09-11T17:36:16.771+0000][1][safepoint    ] Safepoint "RevokeBias", Time since last: 878370527 ns, Reaching safepoint: 89354 ns, At safepoint: 24793 ns, Total: 114147 ns
[2020-09-11T17:36:16.860+0000][1][safepoint    ] Safepoint "RevokeBias", Time since last: 89365495 ns, Reaching safepoint: 170502 ns, At safepoint: 25890 ns, Total: 196392 ns
[2020-09-11T17:36:17.260+0000][1][safepoint    ] Safepoint "RevokeBias", Time since last: 400042018 ns, Reaching safepoint: 89655 ns, At safepoint: 21547 ns, Total: 111202 ns
[2020-09-11T17:36:18.261+0000][1][safepoint    ] Safepoint "Cleanup", Time since last: 1000106156 ns, Reaching safepoint: 112808 ns, At safepoint: 10663 ns, Total: 123471 ns
[2020-09-11T17:36:19.261+0000][1][safepoint    ] Safepoint "Cleanup", Time since last: 1000132118 ns, Reaching safepoint: 92563 ns, At safepoint: 7072 ns, Total: 99635 ns
[2020-09-11T17:36:19.464+0000][1][safepoint    ] Safepoint "RevokeBias", Time since last: 202582220 ns, Reaching safepoint: 91582 ns, At safepoint: 21395 ns, Total: 112977 ns
[2020-09-11T17:36:20.464+0000][1][safepoint    ] Safepoint "Cleanup", Time since last: 1000105983 ns, Reaching safepoint: 86431 ns, At safepoint: 10389 ns, Total: 96820 ns
[2020-09-11T17:36:21.464+0000][1][safepoint    ] Safepoint "Cleanup", Time since last: 1000111203 ns, Reaching safepoint: 87498 ns, At safepoint: 10938 ns, Total: 98436 ns
[2020-09-11T17:36:21.778+0000][1][safepoint    ] Safepoint "RevokeBias", Time since last: 313802231 ns, Reaching safepoint: 85681 ns, At safepoint: 21518 ns, Total: 107199 ns
[2020-09-11T17:36:21.868+0000][1][safepoint    ] Safepoint "RevokeBias", Time since last: 89806450 ns, Reaching safepoint: 90047 ns, At safepoint: 25739 ns, Total: 115786 ns
[2020-09-11T17:36:22.868+0000][1][safepoint    ] Safepoint "Cleanup", Time since last: 1000122944 ns, Reaching safepoint: 84966 ns, At safepoint: 7005 ns, Total: 91971 ns
[2020-09-11T17:36:23.504+0000][1][gc,start     ] GC(205) Pause Young (Allocation Failure)
[2020-09-11T17:36:23.504+0000][1][gc,task      ] GC(205) Using 1 workers of 1 for evacuation
[2020-09-11T17:36:23.521+0000][1][gc,age       ] GC(205) Desired survivor size 4358144 bytes, new threshold 6 (max threshold 6)
[2020-09-11T17:36:23.521+0000][1][gc,age       ] GC(205) Age table with threshold 6 (max threshold 6)
[2020-09-11T17:36:23.521+0000][1][gc,age       ] GC(205) - age   1:     983056 bytes,     983056 total
[2020-09-11T17:36:23.521+0000][1][gc,age       ] GC(205) - age   2:     177456 bytes,    1160512 total
[2020-09-11T17:36:23.521+0000][1][gc,age       ] GC(205) - age   3:     133176 bytes,    1293688 total
[2020-09-11T17:36:23.521+0000][1][gc,age       ] GC(205) - age   4:     135136 bytes,    1428824 total
[2020-09-11T17:36:23.521+0000][1][gc,age       ] GC(205) - age   5:      21304 bytes,    1450128 total
[2020-09-11T17:36:23.521+0000][1][gc,age       ] GC(205) - age   6:      40008 bytes,    1490136 total
[2020-09-11T17:36:23.521+0000][1][gc,heap      ] GC(205) ParNew: 69117K->1712K(76672K)
[2020-09-11T17:36:23.521+0000][1][gc,heap      ] GC(205) CMS: 122197K->122282K(439104K)
[2020-09-11T17:36:23.521+0000][1][gc,metaspace ] GC(205) Metaspace: 95537K->95537K(1136640K)
[2020-09-11T17:36:23.521+0000][1][gc           ] GC(205) Pause Young (Allocation Failure) 186M->121M(503M) 17.382ms
[2020-09-11T17:36:23.521+0000][1][gc,cpu       ] GC(205) User=0.01s Sys=0.00s Real=0.02s
[2020-09-11T17:36:23.521+0000][1][safepoint    ] Safepoint "GenCollectForAllocation", Time since last: 633017652 ns, Reaching safepoint: 2800399 ns, At safepoint: 17498079 ns, Total: 20298478 ns
[2020-09-11T17:36:24.527+0000][1][safepoint    ] Safepoint "Cleanup", Time since last: 1005512942 ns, Reaching safepoint: 84706 ns, At safepoint: 18421 ns, Total: 103127 ns
[2020-09-11T17:36:24.828+0000][1][safepoint    ] Safepoint "RevokeBias", Time since last: 300489088 ns, Reaching safepoint: 93243 ns, At safepoint: 38240 ns, Total: 131483 ns
[2020-09-11T17:36:25.829+0000][1][safepoint    ] Safepoint "Cleanup", Time since last: 1000893391 ns, Reaching safepoint: 88120 ns, At safepoint: 23807 ns, Total: 111927 ns
[2020-09-11T17:36:26.785+0000][1][safepoint    ] Safepoint "RevokeBias", Time since last: 956585872 ns, Reaching safepoint: 88550 ns, At safepoint: 35312 ns, Total: 123862 ns
[2020-09-11T17:36:26.876+0000][1][safepoint    ] Safepoint "RevokeBias", Time since last: 90674734 ns, Reaching safepoint: 90121 ns, At safepoint: 38538 ns, Total: 128659 ns
[2020-09-11T17:36:27.225+0000][1][safepoint    ] Safepoint "RevokeBias", Time since last: 349144784 ns, Reaching safepoint: 90796 ns, At safepoint: 21549 ns, Total: 112345 ns
[2020-09-11T17:36:28.226+0000][1][safepoint    ] Safepoint "Cleanup", Time since last: 1000114668 ns, Reaching safepoint: 109857 ns, At safepoint: 10681 ns, Total: 120538 ns
[2020-09-11T17:36:29.226+0000][1][safepoint    ] Safepoint "Cleanup", Time since last: 1000658104 ns, Reaching safepoint: 83437 ns, At safepoint: 7147 ns, Total: 90584 ns
[2020-09-11T17:36:29.472+0000][1][safepoint    ] Safepoint "RevokeBias", Time since last: 245595855 ns, Reaching safepoint: 89618 ns, At safepoint: 37401 ns, Total: 127019 ns
[2020-09-11T17:36:30.753+0000][1][safepoint    ] Safepoint "Cleanup", Time since last: 1280791789 ns, Reaching safepoint: 86966 ns, At safepoint: 6953 ns, Total: 93919 ns
[2020-09-11T17:36:31.753+0000][1][safepoint    ] Safepoint "Cleanup", Time since last: 1000112515 ns, Reaching safepoint: 84126 ns, At safepoint: 7789 ns, Total: 91915 ns
[2020-09-11T17:36:31.792+0000][1][safepoint    ] Safepoint "RevokeBias", Time since last: 38574624 ns, Reaching safepoint: 84589 ns, At safepoint: 21505 ns, Total: 106094 ns
[2020-09-11T17:36:31.884+0000][1][safepoint    ] Safepoint "RevokeBias", Time since last: 92365587 ns, Reaching safepoint: 90092 ns, At safepoint: 23440 ns, Total: 113532 ns
[2020-09-11T17:36:32.885+0000][1][safepoint    ] Safepoint "Cleanup", Time since last: 1000109965 ns, Reaching safepoint: 86558 ns, At safepoint: 9618 ns, Total: 96176 ns
[2020-09-11T17:36:33.885+0000][1][safepoint    ] Safepoint "Cleanup", Time since last: 1000112333 ns, Reaching safepoint: 85507 ns, At safepoint: 9280 ns, Total: 94787 ns
[2020-09-11T17:36:34.885+0000][1][safepoint    ] Safepoint "Cleanup", Time since last: 1000137843 ns, Reaching safepoint: 127619 ns, At safepoint: 9863 ns, Total: 137482 ns
[2020-09-11T17:36:34.901+0000][1][safepoint    ] Safepoint "RevokeBias", Time since last: 15943472 ns, Reaching safepoint: 95566 ns, At safepoint: 24769 ns, Total: 120335 ns
[2020-09-11T17:36:35.901+0000][1][safepoint    ] Safepoint "Cleanup", Time since last: 1000108993 ns, Reaching safepoint: 87713 ns, At safepoint: 8943 ns, Total: 96656 ns
[2020-09-11T17:36:36.799+0000][1][safepoint    ] Safepoint "RevokeBias", Time since last: 897852493 ns, Reaching safepoint: 90320 ns, At safepoint: 25867 ns, Total: 116187 ns
[2020-09-11T17:36:36.893+0000][1][safepoint    ] Safepoint "RevokeBias", Time since last: 93297029 ns, Reaching safepoint: 171659 ns, At safepoint: 26345 ns, Total: 198004 ns
[2020-09-11T17:36:37.301+0000][1][safepoint    ] Safepoint "RevokeBias", Time since last: 408218775 ns, Reaching safepoint: 88887 ns, At safepoint: 25522 ns, Total: 114409 ns
[2020-09-11T17:36:39.505+0000][1][safepoint    ] Safepoint "RevokeBias", Time since last: 2203813862 ns, Reaching safepoint: 92805 ns, At safepoint: 26501 ns, Total: 119306 ns
[2020-09-11T17:36:41.806+0000][1][safepoint    ] Safepoint "RevokeBias", Time since last: 2301090035 ns, Reaching safepoint: 85414 ns, At safepoint: 21855 ns, Total: 107269 ns
[2020-09-11T17:36:41.908+0000][1][safepoint    ] Safepoint "RevokeBias", Time since last: 101820333 ns, Reaching safepoint: 168844 ns, At safepoint: 26586 ns, Total: 195430 ns
[2020-09-11T17:36:44.264+0000][1][gc,start     ] GC(206) Pause Young (Allocation Failure)
[2020-09-11T17:36:44.264+0000][1][gc,task      ] GC(206) Using 1 workers of 1 for evacuation
[2020-09-11T17:36:44.276+0000][1][gc,age       ] GC(206) Desired survivor size 4358144 bytes, new threshold 6 (max threshold 6)
[2020-09-11T17:36:44.276+0000][1][gc,age       ] GC(206) Age table with threshold 6 (max threshold 6)
[2020-09-11T17:36:44.276+0000][1][gc,age       ] GC(206) - age   1:     150664 bytes,     150664 total
[2020-09-11T17:36:44.276+0000][1][gc,age       ] GC(206) - age   2:     846944 bytes,     997608 total
[2020-09-11T17:36:44.276+0000][1][gc,age       ] GC(206) - age   3:     175400 bytes,    1173008 total
[2020-09-11T17:36:44.276+0000][1][gc,age       ] GC(206) - age   4:     133176 bytes,    1306184 total
[2020-09-11T17:36:44.276+0000][1][gc,age       ] GC(206) - age   5:     135136 bytes,    1441320 total
[2020-09-11T17:36:44.276+0000][1][gc,age       ] GC(206) - age   6:      20992 bytes,    1462312 total
[2020-09-11T17:36:44.276+0000][1][gc,heap      ] GC(206) ParNew: 69872K->2468K(76672K)
[2020-09-11T17:36:44.276+0000][1][gc,heap      ] GC(206) CMS: 122282K->122322K(439104K)
[2020-09-11T17:36:44.276+0000][1][gc,metaspace ] GC(206) Metaspace: 95539K->95539K(1136640K)
[2020-09-11T17:36:44.276+0000][1][gc           ] GC(206) Pause Young (Allocation Failure) 187M->121M(503M) 12.366ms
[2020-09-11T17:36:44.276+0000][1][gc,cpu       ] GC(206) User=0.01s Sys=0.00s Real=0.01s
[2020-09-11T17:36:44.281+0000][1][safepoint    ] Safepoint "GenCollectForAllocation", Time since last: 2355162488 ns, Reaching safepoint: 156967 ns, At safepoint: 17333558 ns, Total: 17490525 ns
[2020-09-11T17:36:44.830+0000][1][safepoint    ] Safepoint "RevokeBias", Time since last: 549479777 ns, Reaching safepoint: 89589 ns, At safepoint: 34465 ns, Total: 124054 ns
[2020-09-11T17:36:46.818+0000][1][safepoint    ] Safepoint "RevokeBias", Time since last: 1987482955 ns, Reaching safepoint: 87058 ns, At safepoint: 37034 ns, Total: 124092 ns
[2020-09-11T17:36:46.917+0000][1][safepoint    ] Safepoint "RevokeBias", Time since last: 98605729 ns, Reaching safepoint: 104824 ns, At safepoint: 34681 ns, Total: 139505 ns
[2020-09-11T17:36:47.213+0000][1][safepoint    ] Safepoint "RevokeBias", Time since last: 296471656 ns, Reaching safepoint: 94778 ns, At safepoint: 25385 ns, Total: 120163 ns
[2020-09-11T17:36:49.568+0000][1][safepoint    ] Safepoint "RevokeBias", Time since last: 2354339897 ns, Reaching safepoint: 91792 ns, At safepoint: 22727 ns, Total: 114519 ns
[2020-09-11T17:36:51.830+0000][1][safepoint    ] Safepoint "RevokeBias", Time since last: 2262226470 ns, Reaching safepoint: 80954 ns, At safepoint: 21537 ns, Total: 102491 ns
[2020-09-11T17:36:51.925+0000][1][safepoint    ] Safepoint "RevokeBias", Time since last: 94152360 ns, Reaching safepoint: 172330 ns, At safepoint: 23358 ns, Total: 195688 ns
[2020-09-11T17:36:54.842+0000][1][safepoint    ] Safepoint "RevokeBias", Time since last: 2917711670 ns, Reaching safepoint: 91199 ns, At safepoint: 22016 ns, Total: 113215 ns
[2020-09-11T17:36:56.837+0000][1][safepoint    ] Safepoint "RevokeBias", Time since last: 1994839176 ns, Reaching safepoint: 86089 ns, At safepoint: 21626 ns, Total: 107715 ns
[2020-09-11T17:36:56.933+0000][1][safepoint    ] Safepoint "BulkRevokeBias", Time since last: 95250337 ns, Reaching safepoint: 168828 ns, At safepoint: 273828 ns, Total: 442656 ns
[2020-09-11T17:36:57.184+0000][1][safepoint    ] Safepoint "RevokeBias", Time since last: 250505377 ns, Reaching safepoint: 89845 ns, At safepoint: 22390 ns, Total: 112235 ns
[2020-09-11T17:36:59.459+0000][1][safepoint    ] Safepoint "RevokeBias", Time since last: 2275419341 ns, Reaching safepoint: 91563 ns, At safepoint: 21362 ns, Total: 112925 ns
[2020-09-11T17:37:01.844+0000][1][safepoint    ] Safepoint "RevokeBias", Time since last: 2385197543 ns, Reaching safepoint: 82136 ns, At safepoint: 22416 ns, Total: 104552 ns
[2020-09-11T17:37:01.943+0000][1][safepoint    ] Safepoint "RevokeBias", Time since last: 97885638 ns, Reaching safepoint: 170373 ns, At safepoint: 26145 ns, Total: 196518 ns
[2020-09-11T17:37:04.904+0000][1][safepoint    ] Safepoint "RevokeBias", Time since last: 2961340049 ns, Reaching safepoint: 173003 ns, At safepoint: 27182 ns, Total: 200185 ns
[2020-09-11T17:37:06.837+0000][1][gc,start     ] GC(207) Pause Young (Allocation Failure)
[2020-09-11T17:37:06.837+0000][1][gc,task      ] GC(207) Using 1 workers of 1 for evacuation
[2020-09-11T17:37:06.846+0000][1][gc,age       ] GC(207) Desired survivor size 4358144 bytes, new threshold 6 (max threshold 6)
[2020-09-11T17:37:06.846+0000][1][gc,age       ] GC(207) Age table with threshold 6 (max threshold 6)
[2020-09-11T17:37:06.846+0000][1][gc,age       ] GC(207) - age   1:     212352 bytes,     212352 total
[2020-09-11T17:37:06.846+0000][1][gc,age       ] GC(207) - age   2:      96312 bytes,     308664 total
[2020-09-11T17:37:06.846+0000][1][gc,age       ] GC(207) - age   3:     844760 bytes,    1153424 total
[2020-09-11T17:37:06.846+0000][1][gc,age       ] GC(207) - age   4:     175400 bytes,    1328824 total
[2020-09-11T17:37:06.846+0000][1][gc,age       ] GC(207) - age   5:     133176 bytes,    1462000 total
[2020-09-11T17:37:06.846+0000][1][gc,age       ] GC(207) - age   6:     134824 bytes,    1596824 total
[2020-09-11T17:37:06.846+0000][1][gc,heap      ] GC(207) ParNew: 70606K->1688K(76672K)
[2020-09-11T17:37:06.846+0000][1][gc,heap      ] GC(207) CMS: 122322K->122342K(439104K)
[2020-09-11T17:37:06.846+0000][1][gc,metaspace ] GC(207) Metaspace: 95540K->95540K(1136640K)
[2020-09-11T17:37:06.846+0000][1][gc           ] GC(207) Pause Young (Allocation Failure) 188M->121M(503M) 9.027ms
[2020-09-11T17:37:06.846+0000][1][gc,cpu       ] GC(207) User=0.00s Sys=0.00s Real=0.01s
[2020-09-11T17:37:06.846+0000][1][safepoint    ] Safepoint "GenCollectForAllocation", Time since last: 1932780556 ns, Reaching safepoint: 166761 ns, At safepoint: 9115129 ns, Total: 9281890 ns
[2020-09-11T17:37:06.858+0000][1][safepoint    ] Safepoint "RevokeBias", Time since last: 11317009 ns, Reaching safepoint: 83521 ns, At safepoint: 34263 ns, Total: 117784 ns
[2020-09-11T17:37:06.951+0000][1][safepoint    ] Safepoint "RevokeBias", Time since last: 92842358 ns, Reaching safepoint: 89157 ns, At safepoint: 35842 ns, Total: 124999 ns
[2020-09-11T17:37:07.193+0000][1][safepoint    ] Safepoint "RevokeBias", Time since last: 242402494 ns, Reaching safepoint: 87508 ns, At safepoint: 22545 ns, Total: 110053 ns
[2020-09-11T17:37:09.193+0000][1][safepoint    ] Safepoint "Cleanup", Time since last: 2000186823 ns, Reaching safepoint: 86792 ns, At safepoint: 9306 ns, Total: 96098 ns
[2020-09-11T17:37:09.500+0000][1][safepoint    ] Safepoint "RevokeBias", Time since last: 306969976 ns, Reaching safepoint: 95619 ns, At safepoint: 26361 ns, Total: 121980 ns
[2020-09-11T17:37:10.501+0000][1][safepoint    ] Safepoint "Cleanup", Time since last: 1000108699 ns, Reaching safepoint: 83662 ns, At safepoint: 7941 ns, Total: 91603 ns
[2020-09-11T17:37:11.501+0000][1][safepoint    ] Safepoint "Cleanup", Time since last: 1000125835 ns, Reaching safepoint: 91725 ns, At safepoint: 5677 ns, Total: 97402 ns
[2020-09-11T17:37:11.875+0000][1][safepoint    ] Safepoint "RevokeBias", Time since last: 373707531 ns, Reaching safepoint: 91547 ns, At safepoint: 23816 ns, Total: 115363 ns
[2020-09-11T17:37:11.972+0000][1][safepoint    ] Safepoint "RevokeBias", Time since last: 97075156 ns, Reaching safepoint: 87078 ns, At safepoint: 22756 ns, Total: 109834 ns
[2020-09-11T17:37:12.972+0000][1][safepoint    ] Safepoint "Cleanup", Time since last: 1000111409 ns, Reaching safepoint: 87327 ns, At safepoint: 9912 ns, Total: 97239 ns
[2020-09-11T17:37:13.972+0000][1][safepoint    ] Safepoint "Cleanup", Time since last: 1000120126 ns, Reaching safepoint: 82333 ns, At safepoint: 8857 ns, Total: 91190 ns
[2020-09-11T17:37:14.858+0000][1][safepoint    ] Safepoint "RevokeBias", Time since last: 885289705 ns, Reaching safepoint: 165111 ns, At safepoint: 22363 ns, Total: 187474 ns
[2020-09-11T17:37:15.858+0000][1][safepoint    ] Safepoint "Cleanup", Time since last: 1000107046 ns, Reaching safepoint: 86045 ns, At safepoint: 9289 ns, Total: 95334 ns
[2020-09-11T17:37:16.858+0000][1][safepoint    ] Safepoint "Cleanup", Time since last: 1000113102 ns, Reaching safepoint: 86442 ns, At safepoint: 10124 ns, Total: 96566 ns
[2020-09-11T17:37:16.883+0000][1][safepoint    ] Safepoint "RevokeBias", Time since last: 24877461 ns, Reaching safepoint: 89205 ns, At safepoint: 25589 ns, Total: 114794 ns
[2020-09-11T17:37:16.988+0000][1][safepoint    ] Safepoint "RevokeBias", Time since last: 104380059 ns, Reaching safepoint: 89890 ns, At safepoint: 24372 ns, Total: 114262 ns
[2020-09-11T17:37:17.263+0000][1][safepoint    ] Safepoint "BulkRevokeBias", Time since last: 275494203 ns, Reaching safepoint: 95605 ns, At safepoint: 251798 ns, Total: 347403 ns
[2020-09-11T17:37:18.264+0000][1][safepoint    ] Safepoint "Cleanup", Time since last: 1000109244 ns, Reaching safepoint: 86192 ns, At safepoint: 9775 ns, Total: 95967 ns
[2020-09-11T17:37:19.264+0000][1][safepoint    ] Safepoint "Cleanup", Time since last: 1000110432 ns, Reaching safepoint: 86244 ns, At safepoint: 8970 ns, Total: 95214 ns
[2020-09-11T17:37:19.489+0000][1][safepoint    ] Safepoint "RevokeBias", Time since last: 225066852 ns, Reaching safepoint: 87759 ns, At safepoint: 24784 ns, Total: 112543 ns
[2020-09-11T17:37:20.489+0000][1][safepoint    ] Safepoint "Cleanup", Time since last: 1000104379 ns, Reaching safepoint: 88339 ns, At safepoint: 9318 ns, Total: 97657 ns
[2020-09-11T17:37:21.489+0000][1][safepoint    ] Safepoint "Cleanup", Time since last: 1000112548 ns, Reaching safepoint: 85834 ns, At safepoint: 9284 ns, Total: 95118 ns
[2020-09-11T17:37:21.891+0000][1][safepoint    ] Safepoint "RevokeBias", Time since last: 401789635 ns, Reaching safepoint: 91127 ns, At safepoint: 26085 ns, Total: 117212 ns
[2020-09-11T17:37:21.999+0000][1][safepoint    ] Safepoint "RevokeBias", Time since last: 107852974 ns, Reaching safepoint: 102081 ns, At safepoint: 26637 ns, Total: 128718 ns
[2020-09-11T17:37:23.000+0000][1][safepoint    ] Safepoint "Cleanup", Time since last: 1000132933 ns, Reaching safepoint: 85122 ns, At safepoint: 7837 ns, Total: 92959 ns
[2020-09-11T17:37:24.000+0000][1][safepoint    ] Safepoint "Cleanup", Time since last: 1000120581 ns, Reaching safepoint: 86905 ns, At safepoint: 9670 ns, Total: 96575 ns
[2020-09-11T17:37:24.329+0000][1][gc,start     ] GC(208) Pause Young (Allocation Failure)
[2020-09-11T17:37:24.329+0000][1][gc,task      ] GC(208) Using 1 workers of 1 for evacuation
[2020-09-11T17:37:24.338+0000][1][gc,age       ] GC(208) Desired survivor size 4358144 bytes, new threshold 6 (max threshold 6)
[2020-09-11T17:37:24.338+0000][1][gc,age       ] GC(208) Age table with threshold 6 (max threshold 6)
[2020-09-11T17:37:24.338+0000][1][gc,age       ] GC(208) - age   1:      89584 bytes,      89584 total
[2020-09-11T17:37:24.338+0000][1][gc,age       ] GC(208) - age   2:     161456 bytes,     251040 total
[2020-09-11T17:37:24.338+0000][1][gc,age       ] GC(208) - age   3:      95264 bytes,     346304 total
[2020-09-11T17:37:24.338+0000][1][gc,age       ] GC(208) - age   4:     844568 bytes,    1190872 total
[2020-09-11T17:37:24.338+0000][1][gc,age       ] GC(208) - age   5:     175400 bytes,    1366272 total
[2020-09-11T17:37:24.338+0000][1][gc,age       ] GC(208) - age   6:     133176 bytes,    1499448 total
[2020-09-11T17:37:24.338+0000][1][gc,heap      ] GC(208) ParNew: 69848K->2761K(76672K)
[2020-09-11T17:37:24.338+0000][1][gc,heap      ] GC(208) CMS: 122342K->122474K(439104K)
[2020-09-11T17:37:24.338+0000][1][gc,metaspace ] GC(208) Metaspace: 95548K->95548K(1136640K)
[2020-09-11T17:37:24.338+0000][1][gc           ] GC(208) Pause Young (Allocation Failure) 187M->122M(503M) 9.559ms
[2020-09-11T17:37:24.338+0000][1][gc,cpu       ] GC(208) User=0.00s Sys=0.00s Real=0.01s
[2020-09-11T17:37:24.338+0000][1][safepoint    ] Safepoint "GenCollectForAllocation", Time since last: 328409467 ns, Reaching safepoint: 602025 ns, At safepoint: 9635454 ns, Total: 10237479 ns
[2020-09-11T17:37:24.919+0000][1][safepoint    ] Safepoint "RevokeBias", Time since last: 580836224 ns, Reaching safepoint: 94853 ns, At safepoint: 37407 ns, Total: 132260 ns
[2020-09-11T17:37:25.920+0000][1][safepoint    ] Safepoint "Cleanup", Time since last: 1000829238 ns, Reaching safepoint: 87525 ns, At safepoint: 23406 ns, Total: 110931 ns
[2020-09-11T17:37:26.899+0000][1][safepoint    ] Safepoint "RevokeBias", Time since last: 978103648 ns, Reaching safepoint: 105008 ns, At safepoint: 38639 ns, Total: 143647 ns
[2020-09-11T17:37:27.011+0000][1][safepoint    ] Safepoint "RevokeBias", Time since last: 111770237 ns, Reaching safepoint: 84457 ns, At safepoint: 40039 ns, Total: 124496 ns
[2020-09-11T17:37:27.232+0000][1][safepoint    ] Safepoint "RevokeBias", Time since last: 221806530 ns, Reaching safepoint: 90139 ns, At safepoint: 21508 ns, Total: 111647 ns
[2020-09-11T17:37:28.233+0000][1][safepoint    ] Safepoint "Cleanup", Time since last: 1000105331 ns, Reaching safepoint: 87270 ns, At safepoint: 9347 ns, Total: 96617 ns
[2020-09-11T17:37:29.233+0000][1][safepoint    ] Safepoint "Cleanup", Time since last: 1000127286 ns, Reaching safepoint: 87080 ns, At safepoint: 9716 ns, Total: 96796 ns
[2020-09-11T17:37:29.528+0000][1][safepoint    ] Safepoint "RevokeBias", Time since last: 295219076 ns, Reaching safepoint: 102605 ns, At safepoint: 22321 ns, Total: 124926 ns
[2020-09-11T17:37:30.528+0000][1][safepoint    ] Safepoint "Cleanup", Time since last: 1000104491 ns, Reaching safepoint: 87274 ns, At safepoint: 8930 ns, Total: 96204 ns
[2020-09-11T17:37:31.529+0000][1][safepoint    ] Safepoint "Cleanup", Time since last: 1000113173 ns, Reaching safepoint: 95027 ns, At safepoint: 9797 ns, Total: 104824 ns
[2020-09-11T17:37:31.906+0000][1][safepoint    ] Safepoint "RevokeBias", Time since last: 376770554 ns, Reaching safepoint: 88405 ns, At safepoint: 23908 ns, Total: 112313 ns
[2020-09-11T17:37:32.023+0000][1][safepoint    ] Safepoint "RevokeBias", Time since last: 117458745 ns, Reaching safepoint: 172702 ns, At safepoint: 25801 ns, Total: 198503 ns
[2020-09-11T17:37:33.023+0000][1][safepoint    ] Safepoint "Cleanup", Time since last: 1000116007 ns, Reaching safepoint: 83423 ns, At safepoint: 8771 ns, Total: 92194 ns
[2020-09-11T17:37:34.024+0000][1][safepoint    ] Safepoint "Cleanup", Time since last: 1000114752 ns, Reaching safepoint: 88490 ns, At safepoint: 25772 ns, Total: 114262 ns
[2020-09-11T17:37:34.852+0000][1][safepoint    ] Safepoint "RevokeBias", Time since last: 828085446 ns, Reaching safepoint: 165571 ns, At safepoint: 22599 ns, Total: 188170 ns
[2020-09-11T17:37:35.852+0000][1][safepoint    ] Safepoint "Cleanup", Time since last: 1000105163 ns, Reaching safepoint: 88413 ns, At safepoint: 9209 ns, Total: 97622 ns
[2020-09-11T17:37:36.852+0000][1][safepoint    ] Safepoint "Cleanup", Time since last: 1000128039 ns, Reaching safepoint: 86684 ns, At safepoint: 7374 ns, Total: 94058 ns
[2020-09-11T17:37:36.913+0000][1][safepoint    ] Safepoint "RevokeBias", Time since last: 61021219 ns, Reaching safepoint: 89887 ns, At safepoint: 23885 ns, Total: 113772 ns
[2020-09-11T17:37:37.036+0000][1][safepoint    ] Safepoint "RevokeBias", Time since last: 122303943 ns, Reaching safepoint: 105253 ns, At safepoint: 22245 ns, Total: 127498 ns
[2020-09-11T17:37:37.192+0000][1][safepoint    ] Safepoint "RevokeBias", Time since last: 155788228 ns, Reaching safepoint: 84528 ns, At safepoint: 21357 ns, Total: 105885 ns
[2020-09-11T17:37:38.192+0000][1][safepoint    ] Safepoint "Cleanup", Time since last: 1000108666 ns, Reaching safepoint: 87064 ns, At safepoint: 9307 ns, Total: 96371 ns
[2020-09-11T17:37:39.192+0000][1][safepoint    ] Safepoint "Cleanup", Time since last: 1000111372 ns, Reaching safepoint: 86976 ns, At safepoint: 9531 ns, Total: 96507 ns
[2020-09-11T17:37:39.564+0000][1][safepoint    ] Safepoint "RevokeBias", Time since last: 372090022 ns, Reaching safepoint: 87354 ns, At safepoint: 21208 ns, Total: 108562 ns
[2020-09-11T17:37:40.565+0000][1][safepoint    ] Safepoint "Cleanup", Time since last: 1000110157 ns, Reaching safepoint: 83389 ns, At safepoint: 6974 ns, Total: 90363 ns
[2020-09-11T17:37:41.565+0000][1][safepoint    ] Safepoint "Cleanup", Time since last: 1000113514 ns, Reaching safepoint: 108159 ns, At safepoint: 8903 ns, Total: 117062 ns
[2020-09-11T17:37:41.935+0000][1][safepoint    ] Safepoint "RevokeBias", Time since last: 369985661 ns, Reaching safepoint: 85471 ns, At safepoint: 25780 ns, Total: 111251 ns
[2020-09-11T17:37:42.044+0000][1][safepoint    ] Safepoint "RevokeBias", Time since last: 109141210 ns, Reaching safepoint: 167290 ns, At safepoint: 25413 ns, Total: 192703 ns
[2020-09-11T17:37:43.044+0000][1][safepoint    ] Safepoint "Cleanup", Time since last: 1000111533 ns, Reaching safepoint: 84123 ns, At safepoint: 8988 ns, Total: 93111 ns
[2020-09-11T17:37:44.045+0000][1][safepoint    ] Safepoint "Cleanup", Time since last: 1000100633 ns, Reaching safepoint: 84560 ns, At safepoint: 7951 ns, Total: 92511 ns
[2020-09-11T17:37:44.827+0000][1][safepoint    ] Safepoint "RevokeBias", Time since last: 782479553 ns, Reaching safepoint: 167254 ns, At safepoint: 22361 ns, Total: 189615 ns
[2020-09-11T17:37:45.828+0000][1][safepoint    ] Safepoint "Cleanup", Time since last: 1000111775 ns, Reaching safepoint: 85771 ns, At safepoint: 9695 ns, Total: 95466 ns
[2020-09-11T17:37:46.828+0000][1][safepoint    ] Safepoint "Cleanup", Time since last: 1000119023 ns, Reaching safepoint: 90639 ns, At safepoint: 10622 ns, Total: 101261 ns
[2020-09-11T17:37:46.942+0000][1][safepoint    ] Safepoint "RevokeBias", Time since last: 113841884 ns, Reaching safepoint: 83659 ns, At safepoint: 21632 ns, Total: 105291 ns
[2020-09-11T17:37:47.057+0000][1][safepoint    ] Safepoint "RevokeBias", Time since last: 115021962 ns, Reaching safepoint: 99395 ns, At safepoint: 22467 ns, Total: 121862 ns
[2020-09-11T17:37:47.107+0000][1][gc,start     ] GC(209) Pause Young (Allocation Failure)
[2020-09-11T17:37:47.107+0000][1][gc,task      ] GC(209) Using 1 workers of 1 for evacuation
[2020-09-11T17:37:47.118+0000][1][gc,age       ] GC(209) Desired survivor size 4358144 bytes, new threshold 6 (max threshold 6)
[2020-09-11T17:37:47.118+0000][1][gc,age       ] GC(209) Age table with threshold 6 (max threshold 6)
[2020-09-11T17:37:47.118+0000][1][gc,age       ] GC(209) - age   1:     373176 bytes,     373176 total
[2020-09-11T17:37:47.118+0000][1][gc,age       ] GC(209) - age   2:      36600 bytes,     409776 total
[2020-09-11T17:37:47.118+0000][1][gc,age       ] GC(209) - age   3:     156736 bytes,     566512 total
[2020-09-11T17:37:47.118+0000][1][gc,age       ] GC(209) - age   4:      95264 bytes,     661776 total
[2020-09-11T17:37:47.118+0000][1][gc,age       ] GC(209) - age   5:     844568 bytes,    1506344 total
[2020-09-11T17:37:47.118+0000][1][gc,age       ] GC(209) - age   6:     175400 bytes,    1681744 total
[2020-09-11T17:37:47.119+0000][1][gc,heap      ] GC(209) ParNew: 70921K->1788K(76672K)
[2020-09-11T17:37:47.119+0000][1][gc,heap      ] GC(209) CMS: 122474K->122604K(439104K)
[2020-09-11T17:37:47.119+0000][1][gc,metaspace ] GC(209) Metaspace: 95565K->95565K(1136640K)
[2020-09-11T17:37:47.119+0000][1][gc           ] GC(209) Pause Young (Allocation Failure) 188M->121M(503M) 11.555ms
[2020-09-11T17:37:47.119+0000][1][gc,cpu       ] GC(209) User=0.01s Sys=0.00s Real=0.01s
[2020-09-11T17:37:47.120+0000][1][safepoint    ] Safepoint "GenCollectForAllocation", Time since last: 49989465 ns, Reaching safepoint: 189715 ns, At safepoint: 13102974 ns, Total: 13292689 ns
[2020-09-11T17:37:47.289+0000][1][safepoint    ] Safepoint "RevokeBias", Time since last: 168379959 ns, Reaching safepoint: 91977 ns, At safepoint: 22148 ns, Total: 114125 ns
[2020-09-11T17:37:48.289+0000][1][safepoint    ] Safepoint "Cleanup", Time since last: 1000110467 ns, Reaching safepoint: 104593 ns, At safepoint: 6670 ns, Total: 111263 ns
[2020-09-11T17:37:49.289+0000][1][safepoint    ] Safepoint "Cleanup", Time since last: 1000112291 ns, Reaching safepoint: 86013 ns, At safepoint: 9344 ns, Total: 95357 ns
[2020-09-11T17:37:49.498+0000][1][safepoint    ] Safepoint "RevokeBias", Time since last: 208730183 ns, Reaching safepoint: 89953 ns, At safepoint: 21702 ns, Total: 111655 ns
[2020-09-11T17:37:50.498+0000][1][safepoint    ] Safepoint "Cleanup", Time since last: 1000105012 ns, Reaching safepoint: 88159 ns, At safepoint: 9612 ns, Total: 97771 ns
[2020-09-11T17:37:51.498+0000][1][safepoint    ] Safepoint "Cleanup", Time since last: 1000111563 ns, Reaching safepoint: 89151 ns, At safepoint: 9235 ns, Total: 98386 ns
[2020-09-11T17:37:51.952+0000][1][safepoint    ] Safepoint "RevokeBias", Time since last: 453836514 ns, Reaching safepoint: 90097 ns, At safepoint: 24983 ns, Total: 115080 ns
[2020-09-11T17:37:52.069+0000][1][safepoint    ] Safepoint "RevokeBias", Time since last: 113804821 ns, Reaching safepoint: 2453269 ns, At safepoint: 29788 ns, Total: 2483057 ns
[2020-09-11T17:37:53.069+0000][1][safepoint    ] Safepoint "Cleanup", Time since last: 1000109293 ns, Reaching safepoint: 83268 ns, At safepoint: 8899 ns, Total: 92167 ns
[2020-09-11T17:37:54.069+0000][1][safepoint    ] Safepoint "Cleanup", Time since last: 1000127320 ns, Reaching safepoint: 84511 ns, At safepoint: 7547 ns, Total: 92058 ns
[2020-09-11T17:37:54.838+0000][1][safepoint    ] Safepoint "RevokeBias", Time since last: 768864698 ns, Reaching safepoint: 92001 ns, At safepoint: 22128 ns, Total: 114129 ns
[2020-09-11T17:37:55.838+0000][1][safepoint    ] Safepoint "Cleanup", Time since last: 1000110320 ns, Reaching safepoint: 89728 ns, At safepoint: 10195 ns, Total: 99923 ns
[2020-09-11T17:37:56.838+0000][1][safepoint    ] Safepoint "Cleanup", Time since last: 1000116757 ns, Reaching safepoint: 87083 ns, At safepoint: 8885 ns, Total: 95968 ns
[2020-09-11T17:37:56.973+0000][1][safepoint    ] Safepoint "RevokeBias", Time since last: 134528527 ns, Reaching safepoint: 149841 ns, At safepoint: 21734 ns, Total: 171575 ns
[2020-09-11T17:37:57.084+0000][1][safepoint    ] Safepoint "RevokeBias", Time since last: 110618742 ns, Reaching safepoint: 93131 ns, At safepoint: 22144 ns, Total: 115275 ns
[2020-09-11T17:37:57.256+0000][1][safepoint    ] Safepoint "RevokeBias", Time since last: 171983044 ns, Reaching safepoint: 95938 ns, At safepoint: 21701 ns, Total: 117639 ns
[2020-09-11T17:37:58.256+0000][1][safepoint    ] Safepoint "Cleanup", Time since last: 1000107725 ns, Reaching safepoint: 84719 ns, At safepoint: 10251 ns, Total: 94970 ns
[2020-09-11T17:37:59.256+0000][1][safepoint    ] Safepoint "Cleanup", Time since last: 1000110971 ns, Reaching safepoint: 88345 ns, At safepoint: 9182 ns, Total: 97527 ns
[2020-09-11T17:37:59.475+0000][1][safepoint    ] Safepoint "RevokeBias", Time since last: 218773530 ns, Reaching safepoint: 87089 ns, At safepoint: 20818 ns, Total: 107907 ns
[2020-09-11T17:38:00.475+0000][1][safepoint    ] Safepoint "Cleanup", Time since last: 1000112688 ns, Reaching safepoint: 103097 ns, At safepoint: 6670 ns, Total: 109767 ns
[2020-09-11T17:38:01.476+0000][1][safepoint    ] Safepoint "Cleanup", Time since last: 1000125354 ns, Reaching safepoint: 87327 ns, At safepoint: 8698 ns, Total: 96025 ns
[2020-09-11T17:38:02.023+0000][1][safepoint    ] Safepoint "RevokeBias", Time since last: 547639606 ns, Reaching safepoint: 84464 ns, At safepoint: 21562 ns, Total: 106026 ns
[2020-09-11T17:38:02.099+0000][1][safepoint    ] Safepoint "RevokeBias", Time since last: 75331560 ns, Reaching safepoint: 92692 ns, At safepoint: 25103 ns, Total: 117795 ns
[2020-09-11T17:38:03.099+0000][1][safepoint    ] Safepoint "Cleanup", Time since last: 1000110175 ns, Reaching safepoint: 81145 ns, At safepoint: 8379 ns, Total: 89524 ns
[2020-09-11T17:38:04.099+0000][1][safepoint    ] Safepoint "Cleanup", Time since last: 1000098411 ns, Reaching safepoint: 78564 ns, At safepoint: 8550 ns, Total: 87114 ns
[2020-09-11T17:38:04.876+0000][1][safepoint    ] Safepoint "RevokeBias", Time since last: 776514010 ns, Reaching safepoint: 90812 ns, At safepoint: 20706 ns, Total: 111518 ns
[2020-09-11T17:38:05.876+0000][1][safepoint    ] Safepoint "Cleanup", Time since last: 1000110176 ns, Reaching safepoint: 85530 ns, At safepoint: 9911 ns, Total: 95441 ns
[2020-09-11T17:38:06.876+0000][1][safepoint    ] Safepoint "Cleanup", Time since last: 1000131889 ns, Reaching safepoint: 86537 ns, At safepoint: 7223 ns, Total: 93760 ns
[2020-09-11T17:38:07.146+0000][1][gc,start     ] GC(210) Pause Young (Allocation Failure)
[2020-09-11T17:38:07.146+0000][1][gc,task      ] GC(210) Using 1 workers of 1 for evacuation
[2020-09-11T17:38:07.159+0000][1][gc,age       ] GC(210) Desired survivor size 4358144 bytes, new threshold 6 (max threshold 6)
[2020-09-11T17:38:07.159+0000][1][gc,age       ] GC(210) Age table with threshold 6 (max threshold 6)
[2020-09-11T17:38:07.159+0000][1][gc,age       ] GC(210) - age   1:     643016 bytes,     643016 total
[2020-09-11T17:38:07.159+0000][1][gc,age       ] GC(210) - age   2:     243528 bytes,     886544 total
[2020-09-11T17:38:07.159+0000][1][gc,age       ] GC(210) - age   3:      36024 bytes,     922568 total
[2020-09-11T17:38:07.159+0000][1][gc,age       ] GC(210) - age   4:     156640 bytes,    1079208 total
[2020-09-11T17:38:07.159+0000][1][gc,age       ] GC(210) - age   5:      95264 bytes,    1174472 total
[2020-09-11T17:38:07.159+0000][1][gc,age       ] GC(210) - age   6:     844256 bytes,    2018728 total
[2020-09-11T17:38:07.159+0000][1][gc,heap      ] GC(210) ParNew: 69948K->2910K(76672K)
[2020-09-11T17:38:07.159+0000][1][gc,heap      ] GC(210) CMS: 122604K->122775K(439104K)
[2020-09-11T17:38:07.159+0000][1][gc,metaspace ] GC(210) Metaspace: 95595K->95595K(1136640K)
[2020-09-11T17:38:07.159+0000][1][gc           ] GC(210) Pause Young (Allocation Failure) 188M->122M(503M) 13.116ms
[2020-09-11T17:38:07.159+0000][1][gc,cpu       ] GC(210) User=0.00s Sys=0.00s Real=0.01s
[2020-09-11T17:38:07.159+0000][1][safepoint    ] Safepoint "GenCollectForAllocation", Time since last: 269329707 ns, Reaching safepoint: 163738 ns, At safepoint: 13232077 ns, Total: 13395815 ns
[2020-09-11T17:38:07.245+0000][1][safepoint    ] Safepoint "RevokeBias", Time since last: 86339557 ns, Reaching safepoint: 88968 ns, At safepoint: 21625 ns, Total: 110593 ns
[2020-09-11T17:38:07.260+0000][1][safepoint    ] Safepoint "RevokeBias", Time since last: 14139172 ns, Reaching safepoint: 109863 ns, At safepoint: 23033 ns, Total: 132896 ns
[2020-09-11T17:38:07.265+0000][1][safepoint    ] Safepoint "RevokeBias", Time since last: 4999809 ns, Reaching safepoint: 109452 ns, At safepoint: 21665 ns, Total: 131117 ns
[2020-09-11T17:38:08.265+0000][1][safepoint    ] Safepoint "Cleanup", Time since last: 1000109949 ns, Reaching safepoint: 87555 ns, At safepoint: 9475 ns, Total: 97030 ns
[2020-09-11T17:38:09.267+0000][1][safepoint    ] Safepoint "Cleanup", Time since last: 1002300750 ns, Reaching safepoint: 87453 ns, At safepoint: 9859 ns, Total: 97312 ns
[2020-09-11T17:38:09.561+0000][1][safepoint    ] Safepoint "RevokeBias", Time since last: 293753040 ns, Reaching safepoint: 90633 ns, At safepoint: 22746 ns, Total: 113379 ns
[2020-09-11T17:38:10.562+0000][1][safepoint    ] Safepoint "Cleanup", Time since last: 1000111167 ns, Reaching safepoint: 86594 ns, At safepoint: 9640 ns, Total: 96234 ns
[2020-09-11T17:38:11.562+0000][1][safepoint    ] Safepoint "Cleanup", Time since last: 1000111869 ns, Reaching safepoint: 86292 ns, At safepoint: 10122 ns, Total: 96414 ns
[2020-09-11T17:38:12.280+0000][1][safepoint    ] Safepoint "BulkRevokeBias", Time since last: 717646652 ns, Reaching safepoint: 100237 ns, At safepoint: 242940 ns, Total: 343177 ns
[2020-09-11T17:38:12.283+0000][1][safepoint    ] Safepoint "RevokeBias", Time since last: 3436788 ns, Reaching safepoint: 90125 ns, At safepoint: 23705 ns, Total: 113830 ns
[2020-09-11T17:38:13.283+0000][1][safepoint    ] Safepoint "Cleanup", Time since last: 1000113826 ns, Reaching safepoint: 86963 ns, At safepoint: 8882 ns, Total: 95845 ns
[2020-09-11T17:38:14.284+0000][1][safepoint    ] Safepoint "Cleanup", Time since last: 1000102078 ns, Reaching safepoint: 80848 ns, At safepoint: 19702 ns, Total: 100550 ns
[2020-09-11T17:38:14.875+0000][1][safepoint    ] Safepoint "RevokeBias", Time since last: 591421290 ns, Reaching safepoint: 90503 ns, At safepoint: 21653 ns, Total: 112156 ns
[2020-09-11T17:38:15.875+0000][1][safepoint    ] Safepoint "Cleanup", Time since last: 1000104119 ns, Reaching safepoint: 87145 ns, At safepoint: 10181 ns, Total: 97326 ns
[2020-09-11T17:38:16.876+0000][1][safepoint    ] Safepoint "Cleanup", Time since last: 1000114228 ns, Reaching safepoint: 86758 ns, At safepoint: 10078 ns, Total: 96836 ns
[2020-09-11T17:38:17.292+0000][1][safepoint    ] Safepoint "RevokeBias", Time since last: 416550702 ns, Reaching safepoint: 126544 ns, At safepoint: 25326 ns, Total: 151870 ns
[2020-09-11T17:38:17.296+0000][1][safepoint    ] Safepoint "RevokeBias", Time since last: 3573125 ns, Reaching safepoint: 132268 ns, At safepoint: 24990 ns, Total: 157258 ns
[2020-09-11T17:38:17.338+0000][1][safepoint    ] Safepoint "RevokeBias", Time since last: 42321118 ns, Reaching safepoint: 92708 ns, At safepoint: 24640 ns, Total: 117348 ns
[2020-09-11T17:38:18.339+0000][1][safepoint    ] Safepoint "Cleanup", Time since last: 1000103622 ns, Reaching safepoint: 86336 ns, At safepoint: 8916 ns, Total: 95252 ns
[2020-09-11T17:38:19.339+0000][1][safepoint    ] Safepoint "Cleanup", Time since last: 1000112816 ns, Reaching safepoint: 85291 ns, At safepoint: 9436 ns, Total: 94727 ns
[2020-09-11T17:38:19.570+0000][1][safepoint    ] Safepoint "RevokeBias", Time since last: 231409413 ns, Reaching safepoint: 94928 ns, At safepoint: 22509 ns, Total: 117437 ns
[2020-09-11T17:38:20.571+0000][1][safepoint    ] Safepoint "Cleanup", Time since last: 1000111159 ns, Reaching safepoint: 89383 ns, At safepoint: 10182 ns, Total: 99565 ns
[2020-09-11T17:38:21.571+0000][1][safepoint    ] Safepoint "Cleanup", Time since last: 1000114625 ns, Reaching safepoint: 85475 ns, At safepoint: 7827 ns, Total: 93302 ns
[2020-09-11T17:38:22.308+0000][1][safepoint    ] Safepoint "RevokeBias", Time since last: 737295271 ns, Reaching safepoint: 84641 ns, At safepoint: 23163 ns, Total: 107804 ns
[2020-09-11T17:38:22.313+0000][1][safepoint    ] Safepoint "RevokeBias", Time since last: 2808396 ns, Reaching safepoint: 1797969 ns, At safepoint: 27869 ns, Total: 1825838 ns
[2020-09-11T17:38:23.313+0000][1][safepoint    ] Safepoint "Cleanup", Time since last: 1000108701 ns, Reaching safepoint: 85508 ns, At safepoint: 8654 ns, Total: 94162 ns
[2020-09-11T17:38:24.313+0000][1][safepoint    ] Safepoint "Cleanup", Time since last: 1000105215 ns, Reaching safepoint: 88324 ns, At safepoint: 9046 ns, Total: 97370 ns
[2020-09-11T17:38:24.835+0000][1][safepoint    ] Safepoint "RevokeBias", Time since last: 521782266 ns, Reaching safepoint: 90254 ns, At safepoint: 20800 ns, Total: 111054 ns
[2020-09-11T17:38:25.835+0000][1][safepoint    ] Safepoint "Cleanup", Time since last: 1000107392 ns, Reaching safepoint: 85035 ns, At safepoint: 9770 ns, Total: 94805 ns
[2020-09-11T17:38:26.836+0000][1][safepoint    ] Safepoint "Cleanup", Time since last: 1000110743 ns, Reaching safepoint: 86626 ns, At safepoint: 9159 ns, Total: 95785 ns
[2020-09-11T17:38:26.987+0000][1][gc,start     ] GC(211) Pause Young (Allocation Failure)
[2020-09-11T17:38:26.987+0000][1][gc,task      ] GC(211) Using 1 workers of 1 for evacuation
[2020-09-11T17:38:26.996+0000][1][gc,age       ] GC(211) Desired survivor size 4358144 bytes, new threshold 6 (max threshold 6)
[2020-09-11T17:38:26.996+0000][1][gc,age       ] GC(211) Age table with threshold 6 (max threshold 6)
[2020-09-11T17:38:26.996+0000][1][gc,age       ] GC(211) - age   1:      95496 bytes,      95496 total
[2020-09-11T17:38:26.996+0000][1][gc,age       ] GC(211) - age   2:     505784 bytes,     601280 total
[2020-09-11T17:38:26.996+0000][1][gc,age       ] GC(211) - age   3:     240384 bytes,     841664 total
[2020-09-11T17:38:26.996+0000][1][gc,age       ] GC(211) - age   4:      35832 bytes,     877496 total
[2020-09-11T17:38:26.996+0000][1][gc,age       ] GC(211) - age   5:     156640 bytes,    1034136 total
[2020-09-11T17:38:26.996+0000][1][gc,age       ] GC(211) - age   6:      95264 bytes,    1129400 total
[2020-09-11T17:38:26.996+0000][1][gc,heap      ] GC(211) ParNew: 71070K->1842K(76672K)
[2020-09-11T17:38:26.996+0000][1][gc,heap      ] GC(211) CMS: 122775K->123599K(439104K)
[2020-09-11T17:38:26.996+0000][1][gc,metaspace ] GC(211) Metaspace: 95661K->95661K(1136640K)
[2020-09-11T17:38:26.996+0000][1][gc           ] GC(211) Pause Young (Allocation Failure) 189M->122M(503M) 9.401ms
[2020-09-11T17:38:26.997+0000][1][gc,cpu       ] GC(211) User=0.00s Sys=0.00s Real=0.01s
[2020-09-11T17:38:27.001+0000][1][safepoint    ] Safepoint "GenCollectForAllocation", Time since last: 151336383 ns, Reaching safepoint: 153269 ns, At safepoint: 13699603 ns, Total: 13852872 ns
[2020-09-11T17:38:27.251+0000][1][safepoint    ] Safepoint "RevokeBias", Time since last: 250132829 ns, Reaching safepoint: 89094 ns, At safepoint: 21774 ns, Total: 110868 ns
[2020-09-11T17:38:27.329+0000][1][safepoint    ] Safepoint "RevokeBias", Time since last: 77890997 ns, Reaching safepoint: 84792 ns, At safepoint: 27827 ns, Total: 112619 ns
[2020-09-11T17:38:27.337+0000][1][safepoint    ] Safepoint "RevokeBias", Time since last: 7928756 ns, Reaching safepoint: 93293 ns, At safepoint: 37810 ns, Total: 131103 ns
[2020-09-11T17:38:28.337+0000][1][safepoint    ] Safepoint "Cleanup", Time since last: 1000117935 ns, Reaching safepoint: 96783 ns, At safepoint: 9886 ns, Total: 106669 ns
[2020-09-11T17:38:29.338+0000][1][safepoint    ] Safepoint "Cleanup", Time since last: 1000109693 ns, Reaching safepoint: 84806 ns, At safepoint: 9002 ns, Total: 93808 ns
[2020-09-11T17:38:29.465+0000][1][safepoint    ] Safepoint "RevokeBias", Time since last: 126927149 ns, Reaching safepoint: 88287 ns, At safepoint: 21970 ns, Total: 110257 ns
[2020-09-11T17:38:30.465+0000][1][safepoint    ] Safepoint "Cleanup", Time since last: 1000110325 ns, Reaching safepoint: 108986 ns, At safepoint: 9745 ns, Total: 118731 ns
[2020-09-11T17:38:31.465+0000][1][safepoint    ] Safepoint "Cleanup", Time since last: 1000109228 ns, Reaching safepoint: 86268 ns, At safepoint: 9141 ns, Total: 95409 ns
[2020-09-11T17:38:32.339+0000][1][safepoint    ] Safepoint "RevokeBias", Time since last: 873411538 ns, Reaching safepoint: 85144 ns, At safepoint: 44030 ns, Total: 129174 ns
[2020-09-11T17:38:32.351+0000][1][safepoint    ] Safepoint "RevokeBias", Time since last: 11787376 ns, Reaching safepoint: 179055 ns, At safepoint: 27071 ns, Total: 206126 ns
[2020-09-11T17:38:33.351+0000][1][safepoint    ] Safepoint "Cleanup", Time since last: 1000111664 ns, Reaching safepoint: 80787 ns, At safepoint: 7540 ns, Total: 88327 ns
[2020-09-11T17:38:34.351+0000][1][safepoint    ] Safepoint "Cleanup", Time since last: 1000097446 ns, Reaching safepoint: 79758 ns, At safepoint: 7902 ns, Total: 87660 ns
[2020-09-11T17:38:34.866+0000][1][safepoint    ] Safepoint "RevokeBias", Time since last: 514829992 ns, Reaching safepoint: 166065 ns, At safepoint: 23316 ns, Total: 189381 ns
[2020-09-11T17:38:35.866+0000][1][safepoint    ] Safepoint "Cleanup", Time since last: 1000109678 ns, Reaching safepoint: 89162 ns, At safepoint: 10267 ns, Total: 99429 ns
[2020-09-11T17:38:36.866+0000][1][safepoint    ] Safepoint "Cleanup", Time since last: 1000112941 ns, Reaching safepoint: 84683 ns, At safepoint: 7438 ns, Total: 92121 ns
[2020-09-11T17:38:37.318+0000][1][safepoint    ] Safepoint "RevokeBias", Time since last: 451757651 ns, Reaching safepoint: 89088 ns, At safepoint: 22154 ns, Total: 111242 ns
[2020-09-11T17:38:37.348+0000][1][safepoint    ] Safepoint "RevokeBias", Time since last: 29844687 ns, Reaching safepoint: 81162 ns, At safepoint: 23335 ns, Total: 104497 ns
[2020-09-11T17:38:37.358+0000][1][safepoint    ] Safepoint "RevokeBias", Time since last: 9856997 ns, Reaching safepoint: 88522 ns, At safepoint: 21334 ns, Total: 109856 ns
[2020-09-11T17:38:38.358+0000][1][safepoint    ] Safepoint "Cleanup", Time since last: 1000106850 ns, Reaching safepoint: 78662 ns, At safepoint: 7701 ns, Total: 86363 ns
[2020-09-11T17:38:39.359+0000][1][safepoint    ] Safepoint "Cleanup", Time since last: 1000095449 ns, Reaching safepoint: 82810 ns, At safepoint: 6388 ns, Total: 89198 ns
[2020-09-11T17:38:39.467+0000][1][safepoint    ] Safepoint "RevokeBias", Time since last: 108369388 ns, Reaching safepoint: 90015 ns, At safepoint: 22647 ns, Total: 112662 ns
[2020-09-11T17:38:40.467+0000][1][safepoint    ] Safepoint "Cleanup", Time since last: 1000105030 ns, Reaching safepoint: 90048 ns, At safepoint: 9585 ns, Total: 99633 ns
[2020-09-11T17:38:41.467+0000][1][safepoint    ] Safepoint "Cleanup", Time since last: 1000107676 ns, Reaching safepoint: 85819 ns, At safepoint: 9033 ns, Total: 94852 ns
[2020-09-11T17:38:42.355+0000][1][safepoint    ] Safepoint "RevokeBias", Time since last: 887463587 ns, Reaching safepoint: 86456 ns, At safepoint: 23457 ns, Total: 109913 ns
[2020-09-11T17:38:42.366+0000][1][safepoint    ] Safepoint "RevokeBias", Time since last: 10979772 ns, Reaching safepoint: 89176 ns, At safepoint: 25148 ns, Total: 114324 ns
[2020-09-11T17:38:43.366+0000][1][safepoint    ] Safepoint "Cleanup", Time since last: 1000107937 ns, Reaching safepoint: 82244 ns, At safepoint: 8160 ns, Total: 90404 ns
[2020-09-11T17:38:44.366+0000][1][safepoint    ] Safepoint "Cleanup", Time since last: 1000105050 ns, Reaching safepoint: 81422 ns, At safepoint: 8471 ns, Total: 89893 ns
[2020-09-11T17:38:44.835+0000][1][safepoint    ] Safepoint "RevokeBias", Time since last: 468664523 ns, Reaching safepoint: 89101 ns, At safepoint: 21633 ns, Total: 110734 ns
[2020-09-11T17:38:45.835+0000][1][safepoint    ] Safepoint "Cleanup", Time since last: 1000114912 ns, Reaching safepoint: 86230 ns, At safepoint: 9056 ns, Total: 95286 ns
[2020-09-11T17:38:46.836+0000][1][safepoint    ] Safepoint "Cleanup", Time since last: 1000118143 ns, Reaching safepoint: 87361 ns, At safepoint: 10089 ns, Total: 97450 ns
[2020-09-11T17:38:47.140+0000][1][gc,start     ] GC(212) Pause Young (Allocation Failure)
[2020-09-11T17:38:47.140+0000][1][gc,task      ] GC(212) Using 1 workers of 1 for evacuation
[2020-09-11T17:38:47.157+0000][1][gc,age       ] GC(212) Desired survivor size 4358144 bytes, new threshold 6 (max threshold 6)
[2020-09-11T17:38:47.157+0000][1][gc,age       ] GC(212) Age table with threshold 6 (max threshold 6)
[2020-09-11T17:38:47.157+0000][1][gc,age       ] GC(212) - age   1:     140256 bytes,     140256 total
[2020-09-11T17:38:47.157+0000][1][gc,age       ] GC(212) - age   2:      37352 bytes,     177608 total
[2020-09-11T17:38:47.157+0000][1][gc,age       ] GC(212) - age   3:     502304 bytes,     679912 total
[2020-09-11T17:38:47.157+0000][1][gc,age       ] GC(212) - age   4:     239144 bytes,     919056 total
[2020-09-11T17:38:47.157+0000][1][gc,age       ] GC(212) - age   5:      35832 bytes,     954888 total
[2020-09-11T17:38:47.157+0000][1][gc,age       ] GC(212) - age   6:     156640 bytes,    1111528 total
[2020-09-11T17:38:47.157+0000][1][gc,heap      ] GC(212) ParNew: 70002K->1748K(76672K)
[2020-09-11T17:38:47.157+0000][1][gc,heap      ] GC(212) CMS: 123599K->123692K(439104K)
[2020-09-11T17:38:47.157+0000][1][gc,metaspace ] GC(212) Metaspace: 95674K->95674K(1136640K)
[2020-09-11T17:38:47.157+0000][1][gc           ] GC(212) Pause Young (Allocation Failure) 189M->122M(503M) 17.138ms
[2020-09-11T17:38:47.157+0000][1][gc,cpu       ] GC(212) User=0.01s Sys=0.00s Real=0.02s
[2020-09-11T17:38:47.157+0000][1][safepoint    ] Safepoint "GenCollectForAllocation", Time since last: 304169169 ns, Reaching safepoint: 306958 ns, At safepoint: 17300446 ns, Total: 17607404 ns
[2020-09-11T17:38:47.221+0000][1][safepoint    ] Safepoint "BulkRevokeBias", Time since last: 63260954 ns, Reaching safepoint: 114382 ns, At safepoint: 219176 ns, Total: 333558 ns
[2020-09-11T17:38:47.368+0000][1][safepoint    ] Safepoint "RevokeBias", Time since last: 147108480 ns, Reaching safepoint: 87505 ns, At safepoint: 25750 ns, Total: 113255 ns
[2020-09-11T17:38:47.385+0000][1][safepoint    ] Safepoint "RevokeBias", Time since last: 16336413 ns, Reaching safepoint: 274051 ns, At safepoint: 25891 ns, Total: 299942 ns
[2020-09-11T17:38:48.385+0000][1][safepoint    ] Safepoint "Cleanup", Time since last: 1000109195 ns, Reaching safepoint: 83034 ns, At safepoint: 6856 ns, Total: 89890 ns
[2020-09-11T17:38:49.389+0000][1][safepoint    ] Safepoint "Cleanup", Time since last: 1003678693 ns, Reaching safepoint: 104302 ns, At safepoint: 11249 ns, Total: 115551 ns
[2020-09-11T17:38:49.529+0000][1][safepoint    ] Safepoint "RevokeBias", Time since last: 139638217 ns, Reaching safepoint: 91754 ns, At safepoint: 26685 ns, Total: 118439 ns
[2020-09-11T17:38:50.529+0000][1][safepoint    ] Safepoint "Cleanup", Time since last: 1000131711 ns, Reaching safepoint: 110026 ns, At safepoint: 11020 ns, Total: 121046 ns
[2020-09-11T17:38:51.529+0000][1][safepoint    ] Safepoint "Cleanup", Time since last: 1000119463 ns, Reaching safepoint: 86547 ns, At safepoint: 9917 ns, Total: 96464 ns
[2020-09-11T17:38:52.376+0000][1][safepoint    ] Safepoint "RevokeBias", Time since last: 846311251 ns, Reaching safepoint: 86110 ns, At safepoint: 24524 ns, Total: 110634 ns
[2020-09-11T17:38:52.399+0000][1][safepoint    ] Safepoint "RevokeBias", Time since last: 22949545 ns, Reaching safepoint: 170268 ns, At safepoint: 25362 ns, Total: 195630 ns
[2020-09-11T17:38:53.399+0000][1][safepoint    ] Safepoint "Cleanup", Time since last: 1000107886 ns, Reaching safepoint: 81578 ns, At safepoint: 7540 ns, Total: 89118 ns
[2020-09-11T17:38:54.399+0000][1][safepoint    ] Safepoint "Cleanup", Time since last: 1000111046 ns, Reaching safepoint: 90443 ns, At safepoint: 8882 ns, Total: 99325 ns
[2020-09-11T17:38:54.833+0000][1][safepoint    ] Safepoint "RevokeBias", Time since last: 433989672 ns, Reaching safepoint: 86756 ns, At safepoint: 22354 ns, Total: 109110 ns
[2020-09-11T17:38:55.833+0000][1][safepoint    ] Safepoint "Cleanup", Time since last: 1000106748 ns, Reaching safepoint: 86977 ns, At safepoint: 6637 ns, Total: 93614 ns
[2020-09-11T17:38:56.834+0000][1][safepoint    ] Safepoint "Cleanup", Time since last: 1000114854 ns, Reaching safepoint: 86879 ns, At safepoint: 9338 ns, Total: 96217 ns
[2020-09-11T17:38:57.178+0000][1][safepoint    ] Safepoint "RevokeBias", Time since last: 344669142 ns, Reaching safepoint: 90136 ns, At safepoint: 22543 ns, Total: 112679 ns
[2020-09-11T17:38:57.391+0000][1][safepoint    ] Safepoint "RevokeBias", Time since last: 212259437 ns, Reaching safepoint: 87158 ns, At safepoint: 24198 ns, Total: 111356 ns
[2020-09-11T17:38:57.407+0000][1][safepoint    ] Safepoint "RevokeBias", Time since last: 15814699 ns, Reaching safepoint: 90933 ns, At safepoint: 24741 ns, Total: 115674 ns
[2020-09-11T17:38:59.476+0000][1][safepoint    ] Safepoint "RevokeBias", Time since last: 2069553203 ns, Reaching safepoint: 90318 ns, At safepoint: 21882 ns, Total: 112200 ns
[2020-09-11T17:39:02.399+0000][1][safepoint    ] Safepoint "RevokeBias", Time since last: 2923015738 ns, Reaching safepoint: 106824 ns, At safepoint: 29022 ns, Total: 135846 ns
[2020-09-11T17:39:02.414+0000][1][safepoint    ] Safepoint "RevokeBias", Time since last: 14286122 ns, Reaching safepoint: 170220 ns, At safepoint: 25159 ns, Total: 195379 ns
[2020-09-11T17:39:04.849+0000][1][safepoint    ] Safepoint "RevokeBias", Time since last: 2434344701 ns, Reaching safepoint: 166865 ns, At safepoint: 22964 ns, Total: 189829 ns
[2020-09-11T17:39:07.226+0000][1][safepoint    ] Safepoint "RevokeBias", Time since last: 2377474258 ns, Reaching safepoint: 91270 ns, At safepoint: 24251 ns, Total: 115521 ns
[2020-09-11T17:39:07.407+0000][1][safepoint    ] Safepoint "RevokeBias", Time since last: 180563911 ns, Reaching safepoint: 88024 ns, At safepoint: 23833 ns, Total: 111857 ns
[2020-09-11T17:39:07.421+0000][1][safepoint    ] Safepoint "RevokeBias", Time since last: 14348720 ns, Reaching safepoint: 92576 ns, At safepoint: 24192 ns, Total: 116768 ns
[2020-09-11T17:39:09.436+0000][1][gc,start     ] GC(213) Pause Young (Allocation Failure)
[2020-09-11T17:39:09.436+0000][1][gc,task      ] GC(213) Using 1 workers of 1 for evacuation
[2020-09-11T17:39:09.445+0000][1][gc,age       ] GC(213) Desired survivor size 4358144 bytes, new threshold 6 (max threshold 6)
[2020-09-11T17:39:09.445+0000][1][gc,age       ] GC(213) Age table with threshold 6 (max threshold 6)
[2020-09-11T17:39:09.445+0000][1][gc,age       ] GC(213) - age   1:      86944 bytes,      86944 total
[2020-09-11T17:39:09.445+0000][1][gc,age       ] GC(213) - age   2:      46648 bytes,     133592 total
[2020-09-11T17:39:09.445+0000][1][gc,age       ] GC(213) - age   3:      35568 bytes,     169160 total
[2020-09-11T17:39:09.445+0000][1][gc,age       ] GC(213) - age   4:     502208 bytes,     671368 total
[2020-09-11T17:39:09.445+0000][1][gc,age       ] GC(213) - age   5:     239144 bytes,     910512 total
[2020-09-11T17:39:09.445+0000][1][gc,age       ] GC(213) - age   6:      35520 bytes,     946032 total
[2020-09-11T17:39:09.445+0000][1][gc,heap      ] GC(213) ParNew: 69908K->1032K(76672K)
[2020-09-11T17:39:09.445+0000][1][gc,heap      ] GC(213) CMS: 123692K->123845K(439104K)
[2020-09-11T17:39:09.445+0000][1][gc,metaspace ] GC(213) Metaspace: 95675K->95675K(1136640K)
[2020-09-11T17:39:09.445+0000][1][gc           ] GC(213) Pause Young (Allocation Failure) 189M->121M(503M) 9.004ms
[2020-09-11T17:39:09.445+0000][1][gc,cpu       ] GC(213) User=0.00s Sys=0.00s Real=0.01s
[2020-09-11T17:39:09.445+0000][1][safepoint    ] Safepoint "GenCollectForAllocation", Time since last: 2012810372 ns, Reaching safepoint: 1899961 ns, At safepoint: 9074005 ns, Total: 10973966 ns
[2020-09-11T17:39:09.481+0000][1][safepoint    ] Safepoint "RevokeBias", Time since last: 35816400 ns, Reaching safepoint: 91967 ns, At safepoint: 33247 ns, Total: 125214 ns
[2020-09-11T17:39:12.416+0000][1][safepoint    ] Safepoint "RevokeBias", Time since last: 2934406271 ns, Reaching safepoint: 99828 ns, At safepoint: 49510 ns, Total: 149338 ns
[2020-09-11T17:39:12.429+0000][1][safepoint    ] Safepoint "RevokeBias", Time since last: 13365505 ns, Reaching safepoint: 90853 ns, At safepoint: 35716 ns, Total: 126569 ns
[2020-09-11T17:39:14.849+0000][1][safepoint    ] Safepoint "RevokeBias", Time since last: 2420168738 ns, Reaching safepoint: 91660 ns, At safepoint: 22579 ns, Total: 114239 ns
[2020-09-11T17:39:15.850+0000][1][safepoint    ] Safepoint "Cleanup", Time since last: 1000125517 ns, Reaching safepoint: 92031 ns, At safepoint: 10909 ns, Total: 102940 ns
[2020-09-11T17:39:17.202+0000][1][safepoint    ] Safepoint "RevokeBias", Time since last: 1352614161 ns, Reaching safepoint: 91240 ns, At safepoint: 19705 ns, Total: 110945 ns
[2020-09-11T17:39:17.423+0000][1][safepoint    ] Safepoint "RevokeBias", Time since last: 221120977 ns, Reaching safepoint: 85235 ns, At safepoint: 24421 ns, Total: 109656 ns
[2020-09-11T17:39:17.437+0000][1][safepoint    ] Safepoint "RevokeBias", Time since last: 13033742 ns, Reaching safepoint: 102163 ns, At safepoint: 27020 ns, Total: 129183 ns
[2020-09-11T17:39:19.482+0000][1][safepoint    ] Safepoint "RevokeBias", Time since last: 2045515978 ns, Reaching safepoint: 90460 ns, At safepoint: 22035 ns, Total: 112495 ns
[2020-09-11T17:39:22.437+0000][1][safepoint    ] Safepoint "RevokeBias", Time since last: 2954786589 ns, Reaching safepoint: 87099 ns, At safepoint: 22090 ns, Total: 109189 ns
[2020-09-11T17:39:22.445+0000][1][safepoint    ] Safepoint "BulkRevokeBias", Time since last: 7081525 ns, Reaching safepoint: 168992 ns, At safepoint: 230727 ns, Total: 399719 ns
[2020-09-11T17:39:24.865+0000][1][safepoint    ] Safepoint "RevokeBias", Time since last: 2420422432 ns, Reaching safepoint: 89870 ns, At safepoint: 23195 ns, Total: 113065 ns
[2020-09-11T17:39:27.216+0000][1][safepoint    ] Safepoint "RevokeBias", Time since last: 2350225187 ns, Reaching safepoint: 89523 ns, At safepoint: 21726 ns, Total: 111249 ns
[2020-09-11T17:39:27.444+0000][1][safepoint    ] Safepoint "RevokeBias", Time since last: 228566811 ns, Reaching safepoint: 87614 ns, At safepoint: 24297 ns, Total: 111911 ns
[2020-09-11T17:39:27.461+0000][1][safepoint    ] Safepoint "RevokeBias", Time since last: 16328585 ns, Reaching safepoint: 174818 ns, At safepoint: 26368 ns, Total: 201186 ns
[2020-09-11T17:39:29.453+0000][1][gc,start     ] GC(214) Pause Young (Allocation Failure)
[2020-09-11T17:39:29.453+0000][1][gc,task      ] GC(214) Using 1 workers of 1 for evacuation
[2020-09-11T17:39:29.464+0000][1][gc,age       ] GC(214) Desired survivor size 4358144 bytes, new threshold 6 (max threshold 6)
[2020-09-11T17:39:29.464+0000][1][gc,age       ] GC(214) Age table with threshold 6 (max threshold 6)
[2020-09-11T17:39:29.464+0000][1][gc,age       ] GC(214) - age   1:     196896 bytes,     196896 total
[2020-09-11T17:39:29.464+0000][1][gc,age       ] GC(214) - age   2:      35792 bytes,     232688 total
[2020-09-11T17:39:29.464+0000][1][gc,age       ] GC(214) - age   3:      44768 bytes,     277456 total
[2020-09-11T17:39:29.464+0000][1][gc,age       ] GC(214) - age   4:      35376 bytes,     312832 total
[2020-09-11T17:39:29.464+0000][1][gc,age       ] GC(214) - age   5:     502208 bytes,     815040 total
[2020-09-11T17:39:29.464+0000][1][gc,age       ] GC(214) - age   6:     239144 bytes,    1054184 total
[2020-09-11T17:39:29.464+0000][1][gc,heap      ] GC(214) ParNew: 69143K->1902K(76672K)
[2020-09-11T17:39:29.464+0000][1][gc,heap      ] GC(214) CMS: 123845K->123880K(439104K)
[2020-09-11T17:39:29.464+0000][1][gc,metaspace ] GC(214) Metaspace: 95680K->95680K(1136640K)
[2020-09-11T17:39:29.464+0000][1][gc           ] GC(214) Pause Young (Allocation Failure) 188M->122M(503M) 10.862ms
[2020-09-11T17:39:29.464+0000][1][gc,cpu       ] GC(214) User=0.01s Sys=0.00s Real=0.01s
[2020-09-11T17:39:29.464+0000][1][safepoint    ] Safepoint "GenCollectForAllocation", Time since last: 1989914870 ns, Reaching safepoint: 2210613 ns, At safepoint: 10988671 ns, Total: 13199284 ns
[2020-09-11T17:39:29.521+0000][1][safepoint    ] Safepoint "RevokeBias", Time since last: 56757138 ns, Reaching safepoint: 91306 ns, At safepoint: 35637 ns, Total: 126943 ns
[2020-09-11T17:39:32.456+0000][1][safepoint    ] Safepoint "RevokeBias", Time since last: 2934695942 ns, Reaching safepoint: 88497 ns, At safepoint: 56772 ns, Total: 145269 ns
[2020-09-11T17:39:32.471+0000][1][safepoint    ] Safepoint "RevokeBias", Time since last: 15608869 ns, Reaching safepoint: 91724 ns, At safepoint: 36586 ns, Total: 128310 ns
[2020-09-11T17:39:34.863+0000][1][safepoint    ] Safepoint "RevokeBias", Time since last: 2391632076 ns, Reaching safepoint: 92298 ns, At safepoint: 22015 ns, Total: 114313 ns
[2020-09-11T17:39:37.262+0000][1][safepoint    ] Safepoint "RevokeBias", Time since last: 2398614114 ns, Reaching safepoint: 91004 ns, At safepoint: 21205 ns, Total: 112209 ns
[2020-09-11T17:39:37.466+0000][1][safepoint    ] Safepoint "RevokeBias", Time since last: 204444243 ns, Reaching safepoint: 86933 ns, At safepoint: 25677 ns, Total: 112610 ns
[2020-09-11T17:39:37.483+0000][1][safepoint    ] Safepoint "RevokeBias", Time since last: 16315100 ns, Reaching safepoint: 90135 ns, At safepoint: 25004 ns, Total: 115139 ns
[2020-09-11T17:39:39.489+0000][1][safepoint    ] Safepoint "RevokeBias", Time since last: 2003052825 ns, Reaching safepoint: 3057186 ns, At safepoint: 29918 ns, Total: 3087104 ns
[2020-09-11T17:39:42.474+0000][1][safepoint    ] Safepoint "RevokeBias", Time since last: 2984526749 ns, Reaching safepoint: 90105 ns, At safepoint: 25330 ns, Total: 115435 ns
[2020-09-11T17:39:42.491+0000][1][safepoint    ] Safepoint "RevokeBias", Time since last: 17026389 ns, Reaching safepoint: 90641 ns, At safepoint: 25562 ns, Total: 116203 ns
[2020-09-11T17:39:43.491+0000][1][safepoint    ] Safepoint "Cleanup", Time since last: 1000108061 ns, Reaching safepoint: 88661 ns, At safepoint: 9270 ns, Total: 97931 ns
[2020-09-11T17:39:44.839+0000][1][safepoint    ] Safepoint "RevokeBias", Time since last: 1347773412 ns, Reaching safepoint: 95229 ns, At safepoint: 21972 ns, Total: 117201 ns
[2020-09-11T17:39:45.839+0000][1][safepoint    ] Safepoint "Cleanup", Time since last: 1000106703 ns, Reaching safepoint: 86756 ns, At safepoint: 7426 ns, Total: 94182 ns
[2020-09-11T17:39:46.839+0000][1][safepoint    ] Safepoint "Cleanup", Time since last: 1000117180 ns, Reaching safepoint: 87335 ns, At safepoint: 10301 ns, Total: 97636 ns
[2020-09-11T17:39:47.256+0000][1][safepoint    ] Safepoint "RevokeBias", Time since last: 416504324 ns, Reaching safepoint: 95099 ns, At safepoint: 21489 ns, Total: 116588 ns
[2020-09-11T17:39:47.486+0000][1][safepoint    ] Safepoint "RevokeBias", Time since last: 229642172 ns, Reaching safepoint: 88832 ns, At safepoint: 25767 ns, Total: 114599 ns
[2020-09-11T17:39:47.498+0000][1][safepoint    ] Safepoint "RevokeBias", Time since last: 12767380 ns, Reaching safepoint: 88898 ns, At safepoint: 23840 ns, Total: 112738 ns
[2020-09-11T17:39:48.499+0000][1][safepoint    ] Safepoint "Cleanup", Time since last: 1000108238 ns, Reaching safepoint: 83533 ns, At safepoint: 8902 ns, Total: 92435 ns
[2020-09-11T17:39:49.484+0000][1][gc,start     ] GC(215) Pause Young (Allocation Failure)
[2020-09-11T17:39:49.485+0000][1][gc,task      ] GC(215) Using 1 workers of 1 for evacuation
[2020-09-11T17:39:49.494+0000][1][gc,age       ] GC(215) Desired survivor size 4358144 bytes, new threshold 6 (max threshold 6)
[2020-09-11T17:39:49.494+0000][1][gc,age       ] GC(215) Age table with threshold 6 (max threshold 6)
[2020-09-11T17:39:49.494+0000][1][gc,age       ] GC(215) - age   1:      99824 bytes,      99824 total
[2020-09-11T17:39:49.494+0000][1][gc,age       ] GC(215) - age   2:      87888 bytes,     187712 total
[2020-09-11T17:39:49.494+0000][1][gc,age       ] GC(215) - age   3:      30368 bytes,     218080 total
[2020-09-11T17:39:49.494+0000][1][gc,age       ] GC(215) - age   4:      44768 bytes,     262848 total
[2020-09-11T17:39:49.494+0000][1][gc,age       ] GC(215) - age   5:      35376 bytes,     298224 total
[2020-09-11T17:39:49.494+0000][1][gc,age       ] GC(215) - age   6:     502208 bytes,     800432 total
[2020-09-11T17:39:49.494+0000][1][gc,heap      ] GC(215) ParNew: 70062K->1247K(76672K)
[2020-09-11T17:39:49.494+0000][1][gc,heap      ] GC(215) CMS: 123880K->124113K(439104K)
[2020-09-11T17:39:49.494+0000][1][gc,metaspace ] GC(215) Metaspace: 95690K->95690K(1136640K)
[2020-09-11T17:39:49.494+0000][1][gc           ] GC(215) Pause Young (Allocation Failure) 189M->122M(503M) 9.430ms
[2020-09-11T17:39:49.494+0000][1][gc,cpu       ] GC(215) User=0.01s Sys=0.00s Real=0.01s
[2020-09-11T17:39:49.500+0000][1][safepoint    ] Safepoint "GenCollectForAllocation", Time since last: 985616087 ns, Reaching safepoint: 177709 ns, At safepoint: 15712618 ns, Total: 15890327 ns
[2020-09-11T17:39:49.504+0000][1][safepoint    ] Safepoint "RevokeBias", Time since last: 4095505 ns, Reaching safepoint: 89194 ns, At safepoint: 31909 ns, Total: 121103 ns
[2020-09-11T17:39:50.505+0000][1][safepoint    ] Safepoint "Cleanup", Time since last: 1000681356 ns, Reaching safepoint: 81584 ns, At safepoint: 19052 ns, Total: 100636 ns
[2020-09-11T17:39:51.505+0000][1][safepoint    ] Safepoint "Cleanup", Time since last: 1000103983 ns, Reaching safepoint: 78623 ns, At safepoint: 15534 ns, Total: 94157 ns
[2020-09-11T17:39:52.498+0000][1][safepoint    ] Safepoint "RevokeBias", Time since last: 992472510 ns, Reaching safepoint: 88634 ns, At safepoint: 36001 ns, Total: 124635 ns
[2020-09-11T17:39:52.508+0000][1][safepoint    ] Safepoint "RevokeBias", Time since last: 9570572 ns, Reaching safepoint: 110010 ns, At safepoint: 37678 ns, Total: 147688 ns
[2020-09-11T17:39:53.508+0000][1][safepoint    ] Safepoint "Cleanup", Time since last: 1000106594 ns, Reaching safepoint: 80562 ns, At safepoint: 19313 ns, Total: 99875 ns
[2020-09-11T17:39:54.508+0000][1][safepoint    ] Safepoint "Cleanup", Time since last: 1000108152 ns, Reaching safepoint: 158094 ns, At safepoint: 11459 ns, Total: 169553 ns
[2020-09-11T17:39:54.887+0000][1][safepoint    ] Safepoint "RevokeBias", Time since last: 378573484 ns, Reaching safepoint: 101665 ns, At safepoint: 22339 ns, Total: 124004 ns
[2020-09-11T17:39:55.887+0000][1][safepoint    ] Safepoint "Cleanup", Time since last: 1000114057 ns, Reaching safepoint: 88575 ns, At safepoint: 9351 ns, Total: 97926 ns
[2020-09-11T17:39:56.887+0000][1][safepoint    ] Safepoint "Cleanup", Time since last: 1000118571 ns, Reaching safepoint: 87258 ns, At safepoint: 8488 ns, Total: 95746 ns
[2020-09-11T17:39:57.214+0000][1][safepoint    ] Safepoint "RevokeBias", Time since last: 326605233 ns, Reaching safepoint: 89891 ns, At safepoint: 21189 ns, Total: 111080 ns
[2020-09-11T17:39:57.510+0000][1][safepoint    ] Safepoint "RevokeBias", Time since last: 296189919 ns, Reaching safepoint: 83894 ns, At safepoint: 21949 ns, Total: 105843 ns
[2020-09-11T17:39:57.517+0000][1][safepoint    ] Safepoint "RevokeBias", Time since last: 6995876 ns, Reaching safepoint: 89290 ns, At safepoint: 22817 ns, Total: 112107 ns
[2020-09-11T17:39:58.518+0000][1][safepoint    ] Safepoint "Cleanup", Time since last: 1000103676 ns, Reaching safepoint: 81026 ns, At safepoint: 6813 ns, Total: 87839 ns
[2020-09-11T17:39:59.518+0000][1][safepoint    ] Safepoint "Cleanup", Time since last: 1000105814 ns, Reaching safepoint: 788054 ns, At safepoint: 9110 ns, Total: 797164 ns
[2020-09-11T17:39:59.521+0000][1][safepoint    ] Safepoint "RevokeBias", Time since last: 2452577 ns, Reaching safepoint: 222702 ns, At safepoint: 20545 ns, Total: 243247 ns
[2020-09-11T17:40:00.521+0000][1][safepoint    ] Safepoint "Cleanup", Time since last: 1000105494 ns, Reaching safepoint: 84586 ns, At safepoint: 9100 ns, Total: 93686 ns
[2020-09-11T17:40:01.522+0000][1][safepoint    ] Safepoint "Cleanup", Time since last: 1000109451 ns, Reaching safepoint: 82940 ns, At safepoint: 7136 ns, Total: 90076 ns
[2020-09-11T17:40:02.522+0000][1][safepoint    ] Safepoint "Cleanup", Time since last: 1000653384 ns, Reaching safepoint: 95333 ns, At safepoint: 7492 ns, Total: 102825 ns
[2020-09-11T17:40:02.528+0000][1][safepoint    ] Safepoint "RevokeBias", Time since last: 5358556 ns, Reaching safepoint: 88068 ns, At safepoint: 24850 ns, Total: 112918 ns
[2020-09-11T17:40:02.531+0000][1][safepoint    ] Safepoint "RevokeBias", Time since last: 3473623 ns, Reaching safepoint: 86549 ns, At safepoint: 23180 ns, Total: 109729 ns
[2020-09-11T17:40:03.532+0000][1][safepoint    ] Safepoint "Cleanup", Time since last: 1000112634 ns, Reaching safepoint: 83824 ns, At safepoint: 6782 ns, Total: 90606 ns
[2020-09-11T17:40:04.532+0000][1][safepoint    ] Safepoint "Cleanup", Time since last: 1000126684 ns, Reaching safepoint: 92692 ns, At safepoint: 10499 ns, Total: 103191 ns
[2020-09-11T17:40:04.860+0000][1][safepoint    ] Safepoint "RevokeBias", Time since last: 328339125 ns, Reaching safepoint: 90149 ns, At safepoint: 38444 ns, Total: 128593 ns
[2020-09-11T17:40:05.861+0000][1][safepoint    ] Safepoint "Cleanup", Time since last: 1000110088 ns, Reaching safepoint: 88116 ns, At safepoint: 10067 ns, Total: 98183 ns
[2020-09-11T17:40:06.861+0000][1][safepoint    ] Safepoint "Cleanup", Time since last: 1000119548 ns, Reaching safepoint: 80221 ns, At safepoint: 6815 ns, Total: 87036 ns
[2020-09-11T17:40:07.228+0000][1][safepoint    ] Safepoint "RevokeBias", Time since last: 367026954 ns, Reaching safepoint: 103884 ns, At safepoint: 21750 ns, Total: 125634 ns
[2020-09-11T17:40:07.541+0000][1][safepoint    ] Safepoint "RevokeBias", Time since last: 313028206 ns, Reaching safepoint: 269096 ns, At safepoint: 327631 ns, Total: 596727 ns
[2020-09-11T17:40:07.545+0000][1][safepoint    ] Safepoint "RevokeBias", Time since last: 3422774 ns, Reaching safepoint: 102913 ns, At safepoint: 38353 ns, Total: 141266 ns
[2020-09-11T17:40:08.545+0000][1][safepoint    ] Safepoint "Cleanup", Time since last: 1000111081 ns, Reaching safepoint: 91551 ns, At safepoint: 19489 ns, Total: 111040 ns
[2020-09-11T17:40:09.536+0000][1][safepoint    ] Safepoint "RevokeBias", Time since last: 990527212 ns, Reaching safepoint: 91222 ns, At safepoint: 22349 ns, Total: 113571 ns
[2020-09-11T17:40:10.536+0000][1][safepoint    ] Safepoint "Cleanup", Time since last: 1000109661 ns, Reaching safepoint: 84540 ns, At safepoint: 9414 ns, Total: 93954 ns
[2020-09-11T17:40:11.536+0000][1][safepoint    ] Safepoint "Cleanup", Time since last: 1000114511 ns, Reaching safepoint: 86442 ns, At safepoint: 9283 ns, Total: 95725 ns
[2020-09-11T17:40:12.537+0000][1][safepoint    ] Safepoint "Cleanup", Time since last: 1000112495 ns, Reaching safepoint: 99391 ns, At safepoint: 10547 ns, Total: 109938 ns
[2020-09-11T17:40:12.558+0000][1][safepoint    ] Safepoint "RevokeBias", Time since last: 21110403 ns, Reaching safepoint: 88895 ns, At safepoint: 23774 ns, Total: 112669 ns
[2020-09-11T17:40:12.564+0000][1][safepoint    ] Safepoint "RevokeBias", Time since last: 5842795 ns, Reaching safepoint: 93453 ns, At safepoint: 25549 ns, Total: 119002 ns
[2020-09-11T17:40:13.564+0000][1][safepoint    ] Safepoint "Cleanup", Time since last: 1000116561 ns, Reaching safepoint: 88143 ns, At safepoint: 10176 ns, Total: 98319 ns
[2020-09-11T17:40:14.517+0000][1][gc,start     ] GC(216) Pause Young (Allocation Failure)
[2020-09-11T17:40:14.517+0000][1][gc,task      ] GC(216) Using 1 workers of 1 for evacuation
[2020-09-11T17:40:14.527+0000][1][gc,age       ] GC(216) Desired survivor size 4358144 bytes, new threshold 6 (max threshold 6)
[2020-09-11T17:40:14.527+0000][1][gc,age       ] GC(216) Age table with threshold 6 (max threshold 6)
[2020-09-11T17:40:14.527+0000][1][gc,age       ] GC(216) - age   1:      78688 bytes,      78688 total
[2020-09-11T17:40:14.527+0000][1][gc,age       ] GC(216) - age   2:      35608 bytes,     114296 total
[2020-09-11T17:40:14.527+0000][1][gc,age       ] GC(216) - age   3:      85368 bytes,     199664 total
[2020-09-11T17:40:14.527+0000][1][gc,age       ] GC(216) - age   4:      30272 bytes,     229936 total
[2020-09-11T17:40:14.527+0000][1][gc,age       ] GC(216) - age   5:      44456 bytes,     274392 total
[2020-09-11T17:40:14.527+0000][1][gc,age       ] GC(216) - age   6:      35376 bytes,     309768 total
[2020-09-11T17:40:14.527+0000][1][gc,heap      ] GC(216) ParNew: 69407K->742K(76672K)
[2020-09-11T17:40:14.527+0000][1][gc,heap      ] GC(216) CMS: 124113K->124604K(439104K)
[2020-09-11T17:40:14.527+0000][1][gc,metaspace ] GC(216) Metaspace: 95694K->95694K(1136640K)
[2020-09-11T17:40:14.528+0000][1][gc           ] GC(216) Pause Young (Allocation Failure) 188M->122M(503M) 10.561ms
[2020-09-11T17:40:14.528+0000][1][gc,cpu       ] GC(216) User=0.01s Sys=0.01s Real=0.01s
[2020-09-11T17:40:14.528+0000][1][safepoint    ] Safepoint "GenCollectForAllocation", Time since last: 952818246 ns, Reaching safepoint: 157071 ns, At safepoint: 10642857 ns, Total: 10799928 ns
[2020-09-11T17:40:14.869+0000][1][safepoint    ] Safepoint "RevokeBias", Time since last: 341769261 ns, Reaching safepoint: 91086 ns, At safepoint: 36389 ns, Total: 127475 ns
[2020-09-11T17:40:15.870+0000][1][safepoint    ] Safepoint "Cleanup", Time since last: 1000781946 ns, Reaching safepoint: 94103 ns, At safepoint: 23813 ns, Total: 117916 ns
[2020-09-11T17:40:16.871+0000][1][safepoint    ] Safepoint "Cleanup", Time since last: 1000113740 ns, Reaching safepoint: 86013 ns, At safepoint: 23091 ns, Total: 109104 ns
[2020-09-11T17:40:17.192+0000][1][safepoint    ] Safepoint "BulkRevokeBias", Time since last: 321090461 ns, Reaching safepoint: 92584 ns, At safepoint: 224857 ns, Total: 317441 ns
[2020-09-11T17:40:17.579+0000][1][safepoint    ] Safepoint "RevokeBias", Time since last: 386865864 ns, Reaching safepoint: 88200 ns, At safepoint: 25542 ns, Total: 113742 ns
[2020-09-11T17:40:17.582+0000][1][safepoint    ] Safepoint "RevokeBias", Time since last: 2890714 ns, Reaching safepoint: 88880 ns, At safepoint: 24309 ns, Total: 113189 ns
[2020-09-11T17:40:18.582+0000][1][safepoint    ] Safepoint "Cleanup", Time since last: 1000107648 ns, Reaching safepoint: 86872 ns, At safepoint: 9658 ns, Total: 96530 ns
[2020-09-11T17:40:19.526+0000][1][safepoint    ] Safepoint "RevokeBias", Time since last: 943591781 ns, Reaching safepoint: 90328 ns, At safepoint: 21352 ns, Total: 111680 ns
[2020-09-11T17:40:20.526+0000][1][safepoint    ] Safepoint "Cleanup", Time since last: 1000107015 ns, Reaching safepoint: 89259 ns, At safepoint: 9490 ns, Total: 98749 ns
[2020-09-11T17:40:21.526+0000][1][safepoint    ] Safepoint "Cleanup", Time since last: 1000113796 ns, Reaching safepoint: 87665 ns, At safepoint: 9920 ns, Total: 97585 ns
[2020-09-11T17:40:22.527+0000][1][safepoint    ] Safepoint "Cleanup", Time since last: 1000113379 ns, Reaching safepoint: 90419 ns, At safepoint: 9825 ns, Total: 100244 ns
[2020-09-11T17:40:22.591+0000][1][safepoint    ] Safepoint "RevokeBias", Time since last: 64495543 ns, Reaching safepoint: 89711 ns, At safepoint: 26237 ns, Total: 115948 ns
[2020-09-11T17:40:22.594+0000][1][safepoint    ] Safepoint "RevokeBias", Time since last: 3038720 ns, Reaching safepoint: 86815 ns, At safepoint: 24926 ns, Total: 111741 ns
[2020-09-11T17:40:23.594+0000][1][safepoint    ] Safepoint "Cleanup", Time since last: 1000103263 ns, Reaching safepoint: 86533 ns, At safepoint: 6611 ns, Total: 93144 ns
[2020-09-11T17:40:24.595+0000][1][safepoint    ] Safepoint "Cleanup", Time since last: 1000104790 ns, Reaching safepoint: 85610 ns, At safepoint: 9026 ns, Total: 94636 ns
[2020-09-11T17:40:24.842+0000][1][safepoint    ] Safepoint "RevokeBias", Time since last: 246759007 ns, Reaching safepoint: 105982 ns, At safepoint: 24012 ns, Total: 129994 ns
[2020-09-11T17:40:25.842+0000][1][safepoint    ] Safepoint "Cleanup", Time since last: 1000104870 ns, Reaching safepoint: 87221 ns, At safepoint: 9664 ns, Total: 96885 ns
[2020-09-11T17:40:26.842+0000][1][safepoint    ] Safepoint "Cleanup", Time since last: 1000114272 ns, Reaching safepoint: 85733 ns, At safepoint: 9445 ns, Total: 95178 ns
[2020-09-11T17:40:27.225+0000][1][safepoint    ] Safepoint "RevokeBias", Time since last: 383369039 ns, Reaching safepoint: 89645 ns, At safepoint: 20760 ns, Total: 110405 ns
[2020-09-11T17:40:27.604+0000][1][safepoint    ] Safepoint "RevokeBias", Time since last: 378168955 ns, Reaching safepoint: 87361 ns, At safepoint: 23608 ns, Total: 110969 ns
[2020-09-11T17:40:27.607+0000][1][safepoint    ] Safepoint "RevokeBias", Time since last: 3525363 ns, Reaching safepoint: 168449 ns, At safepoint: 24961 ns, Total: 193410 ns
[2020-09-11T17:40:28.608+0000][1][safepoint    ] Safepoint "Cleanup", Time since last: 1000108895 ns, Reaching safepoint: 104211 ns, At safepoint: 9677 ns, Total: 113888 ns
[2020-09-11T17:40:29.479+0000][1][safepoint    ] Safepoint "RevokeBias", Time since last: 871121859 ns, Reaching safepoint: 95704 ns, At safepoint: 21008 ns, Total: 116712 ns
[2020-09-11T17:40:30.479+0000][1][safepoint    ] Safepoint "Cleanup", Time since last: 1000108986 ns, Reaching safepoint: 85992 ns, At safepoint: 10113 ns, Total: 96105 ns
[2020-09-11T17:40:31.479+0000][1][safepoint    ] Safepoint "Cleanup", Time since last: 1000112153 ns, Reaching safepoint: 88577 ns, At safepoint: 10279 ns, Total: 98856 ns
[2020-09-11T17:40:32.480+0000][1][safepoint    ] Safepoint "Cleanup", Time since last: 1000111898 ns, Reaching safepoint: 86198 ns, At safepoint: 9981 ns, Total: 96179 ns
[2020-09-11T17:40:32.619+0000][1][safepoint    ] Safepoint "RevokeBias", Time since last: 139438943 ns, Reaching safepoint: 88162 ns, At safepoint: 24549 ns, Total: 112711 ns
[2020-09-11T17:40:32.622+0000][1][safepoint    ] Safepoint "BulkRevokeBias", Time since last: 2490319 ns, Reaching safepoint: 87361 ns, At safepoint: 264108 ns, Total: 351469 ns
[2020-09-11T17:40:33.555+0000][1][gc,start     ] GC(217) Pause Young (Allocation Failure)
[2020-09-11T17:40:33.555+0000][1][gc,task      ] GC(217) Using 1 workers of 1 for evacuation
[2020-09-11T17:40:33.560+0000][1][gc,age       ] GC(217) Desired survivor size 4358144 bytes, new threshold 6 (max threshold 6)
[2020-09-11T17:40:33.560+0000][1][gc,age       ] GC(217) Age table with threshold 6 (max threshold 6)
[2020-09-11T17:40:33.560+0000][1][gc,age       ] GC(217) - age   1:     315048 bytes,     315048 total
[2020-09-11T17:40:33.560+0000][1][gc,age       ] GC(217) - age   2:      26696 bytes,     341744 total
[2020-09-11T17:40:33.560+0000][1][gc,age       ] GC(217) - age   3:      33824 bytes,     375568 total
[2020-09-11T17:40:33.560+0000][1][gc,age       ] GC(217) - age   4:      85368 bytes,     460936 total
[2020-09-11T17:40:33.560+0000][1][gc,age       ] GC(217) - age   5:      30272 bytes,     491208 total
[2020-09-11T17:40:33.560+0000][1][gc,age       ] GC(217) - age   6:      44456 bytes,     535664 total
[2020-09-11T17:40:33.560+0000][1][gc,heap      ] GC(217) ParNew: 68902K->597K(76672K)
[2020-09-11T17:40:33.560+0000][1][gc,heap      ] GC(217) CMS: 124604K->124639K(439104K)
[2020-09-11T17:40:33.560+0000][1][gc,metaspace ] GC(217) Metaspace: 95697K->95697K(1136640K)
[2020-09-11T17:40:33.560+0000][1][gc           ] GC(217) Pause Young (Allocation Failure) 188M->122M(503M) 5.269ms
[2020-09-11T17:40:33.560+0000][1][gc,cpu       ] GC(217) User=0.01s Sys=0.00s Real=0.00s
[2020-09-11T17:40:33.564+0000][1][safepoint    ] Safepoint "GenCollectForAllocation", Time since last: 932607748 ns, Reaching safepoint: 162308 ns, At safepoint: 9478243 ns, Total: 9640551 ns
[2020-09-11T17:40:34.565+0000][1][safepoint    ] Safepoint "Cleanup", Time since last: 1000230381 ns, Reaching safepoint: 264340 ns, At safepoint: 29008 ns, Total: 293348 ns
[2020-09-11T17:40:34.853+0000][1][safepoint    ] Safepoint "RevokeBias", Time since last: 288436836 ns, Reaching safepoint: 89546 ns, At safepoint: 47694 ns, Total: 137240 ns
[2020-09-11T17:40:35.853+0000][1][safepoint    ] Safepoint "Cleanup", Time since last: 1000102621 ns, Reaching safepoint: 87238 ns, At safepoint: 19954 ns, Total: 107192 ns
[2020-09-11T17:40:36.854+0000][1][safepoint    ] Safepoint "Cleanup", Time since last: 1000108127 ns, Reaching safepoint: 86818 ns, At safepoint: 9786 ns, Total: 96604 ns
[2020-09-11T17:40:37.225+0000][1][safepoint    ] Safepoint "RevokeBias", Time since last: 370770313 ns, Reaching safepoint: 102108 ns, At safepoint: 22444 ns, Total: 124552 ns
[2020-09-11T17:40:37.632+0000][1][safepoint    ] Safepoint "RevokeBias", Time since last: 407062805 ns, Reaching safepoint: 87210 ns, At safepoint: 25942 ns, Total: 113152 ns
[2020-09-11T17:40:37.635+0000][1][safepoint    ] Safepoint "RevokeBias", Time since last: 2796410 ns, Reaching safepoint: 84441 ns, At safepoint: 22858 ns, Total: 107299 ns
[2020-09-11T17:40:38.635+0000][1][safepoint    ] Safepoint "Cleanup", Time since last: 1000102350 ns, Reaching safepoint: 85745 ns, At safepoint: 9142 ns, Total: 94887 ns
[2020-09-11T17:40:39.476+0000][1][safepoint    ] Safepoint "RevokeBias", Time since last: 841237328 ns, Reaching safepoint: 88046 ns, At safepoint: 22031 ns, Total: 110077 ns
[2020-09-11T17:40:40.476+0000][1][safepoint    ] Safepoint "Cleanup", Time since last: 1000106420 ns, Reaching safepoint: 84893 ns, At safepoint: 7260 ns, Total: 92153 ns
[2020-09-11T17:40:41.477+0000][1][safepoint    ] Safepoint "Cleanup", Time since last: 1000108474 ns, Reaching safepoint: 86075 ns, At safepoint: 9695 ns, Total: 95770 ns
[2020-09-11T17:40:42.477+0000][1][safepoint    ] Safepoint "Cleanup", Time since last: 1000142423 ns, Reaching safepoint: 83272 ns, At safepoint: 8075 ns, Total: 91347 ns
[2020-09-11T17:40:42.654+0000][1][safepoint    ] Safepoint "RevokeBias", Time since last: 176728617 ns, Reaching safepoint: 91192 ns, At safepoint: 24793 ns, Total: 115985 ns
[2020-09-11T17:40:42.660+0000][1][safepoint    ] Safepoint "RevokeBias", Time since last: 6426549 ns, Reaching safepoint: 90762 ns, At safepoint: 25022 ns, Total: 115784 ns
[2020-09-11T17:40:43.660+0000][1][safepoint    ] Safepoint "Cleanup", Time since last: 1000104487 ns, Reaching safepoint: 82997 ns, At safepoint: 6609 ns, Total: 89606 ns
[2020-09-11T17:40:44.661+0000][1][safepoint    ] Safepoint "Cleanup", Time since last: 1000105413 ns, Reaching safepoint: 86292 ns, At safepoint: 8569 ns, Total: 94861 ns
[2020-09-11T17:40:44.839+0000][1][safepoint    ] Safepoint "RevokeBias", Time since last: 178737057 ns, Reaching safepoint: 89807 ns, At safepoint: 21920 ns, Total: 111727 ns
[2020-09-11T17:40:45.840+0000][1][safepoint    ] Safepoint "Cleanup", Time since last: 1000109408 ns, Reaching safepoint: 86928 ns, At safepoint: 9476 ns, Total: 96404 ns
[2020-09-11T17:40:46.840+0000][1][safepoint    ] Safepoint "Cleanup", Time since last: 1000113946 ns, Reaching safepoint: 87379 ns, At safepoint: 9278 ns, Total: 96657 ns
[2020-09-11T17:40:47.225+0000][1][safepoint    ] Safepoint "RevokeBias", Time since last: 385244130 ns, Reaching safepoint: 94626 ns, At safepoint: 21712 ns, Total: 116338 ns
[2020-09-11T17:40:47.670+0000][1][safepoint    ] Safepoint "RevokeBias", Time since last: 444216245 ns, Reaching safepoint: 87422 ns, At safepoint: 24823 ns, Total: 112245 ns
[2020-09-11T17:40:47.673+0000][1][safepoint    ] Safepoint "RevokeBias", Time since last: 3361713 ns, Reaching safepoint: 91976 ns, At safepoint: 24842 ns, Total: 116818 ns
[2020-09-11T17:40:48.673+0000][1][safepoint    ] Safepoint "Cleanup", Time since last: 1000106108 ns, Reaching safepoint: 85451 ns, At safepoint: 9845 ns, Total: 95296 ns
[2020-09-11T17:40:49.568+0000][1][safepoint    ] Safepoint "RevokeBias", Time since last: 895090502 ns, Reaching safepoint: 98609 ns, At safepoint: 21812 ns, Total: 120421 ns
[2020-09-11T17:40:50.569+0000][1][safepoint    ] Safepoint "Cleanup", Time since last: 1000106201 ns, Reaching safepoint: 86952 ns, At safepoint: 8429 ns, Total: 95381 ns
[2020-09-11T17:40:51.569+0000][1][safepoint    ] Safepoint "Cleanup", Time since last: 1000091763 ns, Reaching safepoint: 95359 ns, At safepoint: 8584 ns, Total: 103943 ns
[2020-09-11T17:40:52.569+0000][1][safepoint    ] Safepoint "Cleanup", Time since last: 1000109125 ns, Reaching safepoint: 87652 ns, At safepoint: 9447 ns, Total: 97099 ns
[2020-09-11T17:40:52.683+0000][1][safepoint    ] Safepoint "RevokeBias", Time since last: 113787954 ns, Reaching safepoint: 87062 ns, At safepoint: 24109 ns, Total: 111171 ns
[2020-09-11T17:40:52.686+0000][1][safepoint    ] Safepoint "RevokeBias", Time since last: 2648852 ns, Reaching safepoint: 88692 ns, At safepoint: 23843 ns, Total: 112535 ns
[2020-09-11T17:40:53.686+0000][1][safepoint    ] Safepoint "Cleanup", Time since last: 1000105078 ns, Reaching safepoint: 82299 ns, At safepoint: 6486 ns, Total: 88785 ns
[2020-09-11T17:40:54.580+0000][1][gc,start     ] GC(218) Pause Young (Allocation Failure)
[2020-09-11T17:40:54.585+0000][1][gc,task      ] GC(218) Using 1 workers of 1 for evacuation
[2020-09-11T17:40:54.594+0000][1][gc,age       ] GC(218) Desired survivor size 4358144 bytes, new threshold 6 (max threshold 6)
[2020-09-11T17:40:54.594+0000][1][gc,age       ] GC(218) Age table with threshold 6 (max threshold 6)
[2020-09-11T17:40:54.594+0000][1][gc,age       ] GC(218) - age   1:     214552 bytes,     214552 total
[2020-09-11T17:40:54.594+0000][1][gc,age       ] GC(218) - age   2:     265464 bytes,     480016 total
[2020-09-11T17:40:54.594+0000][1][gc,age       ] GC(218) - age   3:      21472 bytes,     501488 total
[2020-09-11T17:40:54.594+0000][1][gc,age       ] GC(218) - age   4:      33824 bytes,     535312 total
[2020-09-11T17:40:54.594+0000][1][gc,age       ] GC(218) - age   5:      85368 bytes,     620680 total
[2020-09-11T17:40:54.594+0000][1][gc,age       ] GC(218) - age   6:      29960 bytes,     650640 total
[2020-09-11T17:40:54.594+0000][1][gc,heap      ] GC(218) ParNew: 68757K->934K(76672K)
[2020-09-11T17:40:54.594+0000][1][gc,heap      ] GC(218) CMS: 124639K->124682K(439104K)
[2020-09-11T17:40:54.594+0000][1][gc,metaspace ] GC(218) Metaspace: 95707K->95707K(1136640K)
[2020-09-11T17:40:54.594+0000][1][gc           ] GC(218) Pause Young (Allocation Failure) 188M->122M(503M) 14.009ms
[2020-09-11T17:40:54.594+0000][1][gc,cpu       ] GC(218) User=0.01s Sys=0.00s Real=0.02s
[2020-09-11T17:40:54.594+0000][1][safepoint    ] Safepoint "GenCollectForAllocation", Time since last: 892006727 ns, Reaching safepoint: 2029968 ns, At safepoint: 14083955 ns, Total: 16113923 ns
[2020-09-11T17:40:54.837+0000][1][safepoint    ] Safepoint "RevokeBias", Time since last: 242422143 ns, Reaching safepoint: 90141 ns, At safepoint: 32734 ns, Total: 122875 ns
[2020-09-11T17:40:55.837+0000][1][safepoint    ] Safepoint "Cleanup", Time since last: 1000776404 ns, Reaching safepoint: 85392 ns, At safepoint: 19708 ns, Total: 105100 ns
[2020-09-11T17:40:56.838+0000][1][safepoint    ] Safepoint "Cleanup", Time since last: 1000114237 ns, Reaching safepoint: 89961 ns, At safepoint: 22977 ns, Total: 112938 ns
[2020-09-11T17:40:57.170+0000][1][safepoint    ] Safepoint "RevokeBias", Time since last: 331727757 ns, Reaching safepoint: 91727 ns, At safepoint: 22465 ns, Total: 114192 ns
[2020-09-11T17:40:57.695+0000][1][safepoint    ] Safepoint "RevokeBias", Time since last: 525333733 ns, Reaching safepoint: 87178 ns, At safepoint: 24860 ns, Total: 112038 ns
[2020-09-11T17:40:57.698+0000][1][safepoint    ] Safepoint "RevokeBias", Time since last: 2813955 ns, Reaching safepoint: 89431 ns, At safepoint: 23217 ns, Total: 112648 ns
[2020-09-11T17:40:58.698+0000][1][safepoint    ] Safepoint "Cleanup", Time since last: 1000107053 ns, Reaching safepoint: 81611 ns, At safepoint: 7276 ns, Total: 88887 ns
[2020-09-11T17:40:59.525+0000][1][safepoint    ] Safepoint "RevokeBias", Time since last: 826771891 ns, Reaching safepoint: 90074 ns, At safepoint: 22206 ns, Total: 112280 ns
[2020-09-11T17:41:00.525+0000][1][safepoint    ] Safepoint "Cleanup", Time since last: 1000105354 ns, Reaching safepoint: 90614 ns, At safepoint: 9214 ns, Total: 99828 ns
[2020-09-11T17:41:01.525+0000][1][safepoint    ] Safepoint "Cleanup", Time since last: 1000106731 ns, Reaching safepoint: 83700 ns, At safepoint: 7006 ns, Total: 90706 ns
[2020-09-11T17:41:02.526+0000][1][safepoint    ] Safepoint "Cleanup", Time since last: 1000106431 ns, Reaching safepoint: 87702 ns, At safepoint: 9092 ns, Total: 96794 ns
[2020-09-11T17:41:02.707+0000][1][safepoint    ] Safepoint "RevokeBias", Time since last: 181429342 ns, Reaching safepoint: 86409 ns, At safepoint: 24116 ns, Total: 110525 ns
[2020-09-11T17:41:02.711+0000][1][safepoint    ] Safepoint "RevokeBias", Time since last: 3268877 ns, Reaching safepoint: 89571 ns, At safepoint: 23708 ns, Total: 113279 ns
[2020-09-11T17:41:03.711+0000][1][safepoint    ] Safepoint "Cleanup", Time since last: 1000105679 ns, Reaching safepoint: 83268 ns, At safepoint: 8426 ns, Total: 91694 ns
[2020-09-11T17:41:04.711+0000][1][safepoint    ] Safepoint "Cleanup", Time since last: 1000103732 ns, Reaching safepoint: 96840 ns, At safepoint: 6124 ns, Total: 102964 ns
[2020-09-11T17:41:04.839+0000][1][safepoint    ] Safepoint "RevokeBias", Time since last: 127465815 ns, Reaching safepoint: 90289 ns, At safepoint: 21950 ns, Total: 112239 ns
[2020-09-11T17:41:05.839+0000][1][safepoint    ] Safepoint "Cleanup", Time since last: 1000114261 ns, Reaching safepoint: 83697 ns, At safepoint: 6729 ns, Total: 90426 ns
[2020-09-11T17:41:06.839+0000][1][safepoint    ] Safepoint "Cleanup", Time since last: 1000113909 ns, Reaching safepoint: 108461 ns, At safepoint: 10483 ns, Total: 118944 ns
[2020-09-11T17:41:07.215+0000][1][safepoint    ] Safepoint "RevokeBias", Time since last: 375785829 ns, Reaching safepoint: 88031 ns, At safepoint: 21462 ns, Total: 109493 ns
[2020-09-11T17:41:07.722+0000][1][safepoint    ] Safepoint "RevokeBias", Time since last: 506755362 ns, Reaching safepoint: 87675 ns, At safepoint: 24734 ns, Total: 112409 ns
[2020-09-11T17:41:07.724+0000][1][safepoint    ] Safepoint "RevokeBias", Time since last: 2424271 ns, Reaching safepoint: 163913 ns, At safepoint: 24690 ns, Total: 188603 ns
[2020-09-11T17:41:08.725+0000][1][safepoint    ] Safepoint "Cleanup", Time since last: 1000104779 ns, Reaching safepoint: 83116 ns, At safepoint: 8682 ns, Total: 91798 ns
[2020-09-11T17:41:09.477+0000][1][safepoint    ] Safepoint "RevokeBias", Time since last: 752355804 ns, Reaching safepoint: 88359 ns, At safepoint: 21830 ns, Total: 110189 ns
[2020-09-11T17:41:10.477+0000][1][safepoint    ] Safepoint "Cleanup", Time since last: 1000105671 ns, Reaching safepoint: 92245 ns, At safepoint: 7426 ns, Total: 99671 ns
[2020-09-11T17:41:11.477+0000][1][safepoint    ] Safepoint "Cleanup", Time since last: 1000112629 ns, Reaching safepoint: 92762 ns, At safepoint: 10326 ns, Total: 103088 ns
[2020-09-11T17:41:12.478+0000][1][safepoint    ] Safepoint "Cleanup", Time since last: 1000108812 ns, Reaching safepoint: 111656 ns, At safepoint: 7789 ns, Total: 119445 ns
[2020-09-11T17:41:12.738+0000][1][safepoint    ] Safepoint "RevokeBias", Time since last: 259954085 ns, Reaching safepoint: 85592 ns, At safepoint: 24007 ns, Total: 109599 ns
[2020-09-11T17:41:12.740+0000][1][safepoint    ] Safepoint "RevokeBias", Time since last: 2319965 ns, Reaching safepoint: 85237 ns, At safepoint: 21601 ns, Total: 106838 ns
[2020-09-11T17:41:13.741+0000][1][safepoint    ] Safepoint "Cleanup", Time since last: 1000401100 ns, Reaching safepoint: 307808 ns, At safepoint: 7678 ns, Total: 315486 ns
[2020-09-11T17:41:14.741+0000][1][safepoint    ] Safepoint "Cleanup", Time since last: 1000114102 ns, Reaching safepoint: 82828 ns, At safepoint: 8786 ns, Total: 91614 ns
[2020-09-11T17:41:14.842+0000][1][safepoint    ] Safepoint "RevokeBias", Time since last: 100352863 ns, Reaching safepoint: 106977 ns, At safepoint: 22808 ns, Total: 129785 ns
[2020-09-11T17:41:15.842+0000][1][safepoint    ] Safepoint "Cleanup", Time since last: 1000125294 ns, Reaching safepoint: 107400 ns, At safepoint: 9096 ns, Total: 116496 ns
[2020-09-11T17:41:16.842+0000][1][safepoint    ] Safepoint "Cleanup", Time since last: 1000112087 ns, Reaching safepoint: 105007 ns, At safepoint: 10099 ns, Total: 115106 ns
[2020-09-11T17:41:16.999+0000][1][gc,start     ] GC(219) Pause Young (Allocation Failure)
[2020-09-11T17:41:16.999+0000][1][gc,task      ] GC(219) Using 1 workers of 1 for evacuation
[2020-09-11T17:41:17.009+0000][1][gc,age       ] GC(219) Desired survivor size 4358144 bytes, new threshold 6 (max threshold 6)
[2020-09-11T17:41:17.009+0000][1][gc,age       ] GC(219) Age table with threshold 6 (max threshold 6)
[2020-09-11T17:41:17.009+0000][1][gc,age       ] GC(219) - age   1:    1036360 bytes,    1036360 total
[2020-09-11T17:41:17.009+0000][1][gc,age       ] GC(219) - age   2:     159120 bytes,    1195480 total
[2020-09-11T17:41:17.009+0000][1][gc,age       ] GC(219) - age   3:     263680 bytes,    1459160 total
[2020-09-11T17:41:17.009+0000][1][gc,age       ] GC(219) - age   4:      21184 bytes,    1480344 total
[2020-09-11T17:41:17.009+0000][1][gc,age       ] GC(219) - age   5:      33824 bytes,    1514168 total
[2020-09-11T17:41:17.009+0000][1][gc,age       ] GC(219) - age   6:      85368 bytes,    1599536 total
[2020-09-11T17:41:17.009+0000][1][gc,heap      ] GC(219) ParNew: 69094K->1779K(76672K)
[2020-09-11T17:41:17.009+0000][1][gc,heap      ] GC(219) CMS: 124682K->124711K(439104K)
[2020-09-11T17:41:17.009+0000][1][gc,metaspace ] GC(219) Metaspace: 95710K->95710K(1136640K)
[2020-09-11T17:41:17.009+0000][1][gc           ] GC(219) Pause Young (Allocation Failure) 189M->123M(503M) 10.123ms
[2020-09-11T17:41:17.009+0000][1][gc,cpu       ] GC(219) User=0.01s Sys=0.00s Real=0.01s
[2020-09-11T17:41:17.010+0000][1][safepoint    ] Safepoint "GenCollectForAllocation", Time since last: 153562034 ns, Reaching safepoint: 3736272 ns, At safepoint: 10195039 ns, Total: 13931311 ns
[2020-09-11T17:41:17.232+0000][1][safepoint    ] Safepoint "RevokeBias", Time since last: 222026979 ns, Reaching safepoint: 89877 ns, At safepoint: 21017 ns, Total: 110894 ns
[2020-09-11T17:41:17.751+0000][1][safepoint    ] Safepoint "RevokeBias", Time since last: 519198541 ns, Reaching safepoint: 89360 ns, At safepoint: 25759 ns, Total: 115119 ns
[2020-09-11T17:41:17.754+0000][1][safepoint    ] Safepoint "RevokeBias", Time since last: 2491208 ns, Reaching safepoint: 88461 ns, At safepoint: 23237 ns, Total: 111698 ns
[2020-09-11T17:41:18.754+0000][1][safepoint    ] Safepoint "Cleanup", Time since last: 1000105298 ns, Reaching safepoint: 85274 ns, At safepoint: 8241 ns, Total: 93515 ns
[2020-09-11T17:41:19.474+0000][1][safepoint    ] Safepoint "RevokeBias", Time since last: 720360891 ns, Reaching safepoint: 90518 ns, At safepoint: 22493 ns, Total: 113011 ns
[2020-09-11T17:41:20.474+0000][1][safepoint    ] Safepoint "Cleanup", Time since last: 1000109209 ns, Reaching safepoint: 89086 ns, At safepoint: 10120 ns, Total: 99206 ns
[2020-09-11T17:41:21.475+0000][1][safepoint    ] Safepoint "Cleanup", Time since last: 1000118044 ns, Reaching safepoint: 86898 ns, At safepoint: 9632 ns, Total: 96530 ns
[2020-09-11T17:41:22.475+0000][1][safepoint    ] Safepoint "Cleanup", Time since last: 1000112919 ns, Reaching safepoint: 88470 ns, At safepoint: 10603 ns, Total: 99073 ns
[2020-09-11T17:41:22.763+0000][1][safepoint    ] Safepoint "RevokeBias", Time since last: 287997111 ns, Reaching safepoint: 87971 ns, At safepoint: 24585 ns, Total: 112556 ns
[2020-09-11T17:41:22.766+0000][1][safepoint    ] Safepoint "RevokeBias", Time since last: 2774469 ns, Reaching safepoint: 86722 ns, At safepoint: 24074 ns, Total: 110796 ns
[2020-09-11T17:41:23.766+0000][1][safepoint    ] Safepoint "Cleanup", Time since last: 1000104604 ns, Reaching safepoint: 83844 ns, At safepoint: 7646 ns, Total: 91490 ns
[2020-09-11T17:41:24.766+0000][1][safepoint    ] Safepoint "Cleanup", Time since last: 1000104752 ns, Reaching safepoint: 95645 ns, At safepoint: 9251 ns, Total: 104896 ns
[2020-09-11T17:41:24.850+0000][1][safepoint    ] Safepoint "RevokeBias", Time since last: 83206346 ns, Reaching safepoint: 88544 ns, At safepoint: 22392 ns, Total: 110936 ns
[2020-09-11T17:41:25.850+0000][1][safepoint    ] Safepoint "Cleanup", Time since last: 1000114851 ns, Reaching safepoint: 86643 ns, At safepoint: 9315 ns, Total: 95958 ns
[2020-09-11T17:41:26.850+0000][1][safepoint    ] Safepoint "Cleanup", Time since last: 1000115680 ns, Reaching safepoint: 88430 ns, At safepoint: 9698 ns, Total: 98128 ns
[2020-09-11T17:41:27.209+0000][1][safepoint    ] Safepoint "RevokeBias", Time since last: 358445654 ns, Reaching safepoint: 94393 ns, At safepoint: 21204 ns, Total: 115597 ns
[2020-09-11T17:41:27.775+0000][1][safepoint    ] Safepoint "RevokeBias", Time since last: 566530742 ns, Reaching safepoint: 87768 ns, At safepoint: 23478 ns, Total: 111246 ns
[2020-09-11T17:41:27.779+0000][1][safepoint    ] Safepoint "RevokeBias", Time since last: 3255602 ns, Reaching safepoint: 86394 ns, At safepoint: 23916 ns, Total: 110310 ns
[2020-09-11T17:41:28.779+0000][1][safepoint    ] Safepoint "Cleanup", Time since last: 1000105754 ns, Reaching safepoint: 80474 ns, At safepoint: 7463 ns, Total: 87937 ns
[2020-09-11T17:41:29.579+0000][1][safepoint    ] Safepoint "RevokeBias", Time since last: 799708523 ns, Reaching safepoint: 90647 ns, At safepoint: 21649 ns, Total: 112296 ns
[2020-09-11T17:41:30.579+0000][1][safepoint    ] Safepoint "Cleanup", Time since last: 1000120765 ns, Reaching safepoint: 84660 ns, At safepoint: 9392 ns, Total: 94052 ns
[2020-09-11T17:41:31.579+0000][1][safepoint    ] Safepoint "Cleanup", Time since last: 1000115378 ns, Reaching safepoint: 85825 ns, At safepoint: 6940 ns, Total: 92765 ns
[2020-09-11T17:41:32.579+0000][1][safepoint    ] Safepoint "Cleanup", Time since last: 1000114348 ns, Reaching safepoint: 86178 ns, At safepoint: 8771 ns, Total: 94949 ns
[2020-09-11T17:41:32.789+0000][1][safepoint    ] Safepoint "RevokeBias", Time since last: 209475080 ns, Reaching safepoint: 109393 ns, At safepoint: 22148 ns, Total: 131541 ns
[2020-09-11T17:41:32.792+0000][1][safepoint    ] Safepoint "RevokeBias", Time since last: 3153297 ns, Reaching safepoint: 84704 ns, At safepoint: 21228 ns, Total: 105932 ns
[2020-09-11T17:41:33.792+0000][1][safepoint    ] Safepoint "Cleanup", Time since last: 1000108322 ns, Reaching safepoint: 81043 ns, At safepoint: 8077 ns, Total: 89120 ns
[2020-09-11T17:41:34.792+0000][1][safepoint    ] Safepoint "Cleanup", Time since last: 1000102022 ns, Reaching safepoint: 82197 ns, At safepoint: 6572 ns, Total: 88769 ns
[2020-09-11T17:41:34.836+0000][1][safepoint    ] Safepoint "RevokeBias", Time since last: 43634567 ns, Reaching safepoint: 90950 ns, At safepoint: 21217 ns, Total: 112167 ns
[2020-09-11T17:41:35.836+0000][1][safepoint    ] Safepoint "Cleanup", Time since last: 1000106882 ns, Reaching safepoint: 86182 ns, At safepoint: 9626 ns, Total: 95808 ns
[2020-09-11T17:41:36.837+0000][1][safepoint    ] Safepoint "Cleanup", Time since last: 1000121732 ns, Reaching safepoint: 124109 ns, At safepoint: 8832 ns, Total: 132941 ns
[2020-09-11T17:41:37.001+0000][1][gc,start     ] GC(220) Pause Young (Allocation Failure)
[2020-09-11T17:41:37.001+0000][1][gc,task      ] GC(220) Using 1 workers of 1 for evacuation
[2020-09-11T17:41:37.014+0000][1][gc,age       ] GC(220) Desired survivor size 4358144 bytes, new threshold 6 (max threshold 6)
[2020-09-11T17:41:37.014+0000][1][gc,age       ] GC(220) Age table with threshold 6 (max threshold 6)
[2020-09-11T17:41:37.014+0000][1][gc,age       ] GC(220) - age   1:     124896 bytes,     124896 total
[2020-09-11T17:41:37.014+0000][1][gc,age       ] GC(220) - age   2:     966016 bytes,    1090912 total
[2020-09-11T17:41:37.014+0000][1][gc,age       ] GC(220) - age   3:     158576 bytes,    1249488 total
[2020-09-11T17:41:37.014+0000][1][gc,age       ] GC(220) - age   4:     263680 bytes,    1513168 total
[2020-09-11T17:41:37.014+0000][1][gc,age       ] GC(220) - age   5:      20872 bytes,    1534040 total
[2020-09-11T17:41:37.014+0000][1][gc,age       ] GC(220) - age   6:      33824 bytes,    1567864 total
[2020-09-11T17:41:37.014+0000][1][gc,heap      ] GC(220) ParNew: 69939K->2639K(76672K)
[2020-09-11T17:41:37.014+0000][1][gc,heap      ] GC(220) CMS: 124711K->124795K(439104K)
[2020-09-11T17:41:37.014+0000][1][gc,metaspace ] GC(220) Metaspace: 95710K->95710K(1136640K)
[2020-09-11T17:41:37.014+0000][1][gc           ] GC(220) Pause Young (Allocation Failure) 190M->124M(503M) 13.279ms
[2020-09-11T17:41:37.014+0000][1][gc,cpu       ] GC(220) User=0.01s Sys=0.00s Real=0.02s
[2020-09-11T17:41:37.014+0000][1][safepoint    ] Safepoint "GenCollectForAllocation", Time since last: 163737621 ns, Reaching safepoint: 184708 ns, At safepoint: 13760205 ns, Total: 13944913 ns
[2020-09-11T17:41:37.187+0000][1][safepoint    ] Safepoint "RevokeBias", Time since last: 172672601 ns, Reaching safepoint: 89584 ns, At safepoint: 21495 ns, Total: 111079 ns
[2020-09-11T17:41:37.803+0000][1][safepoint    ] Safepoint "RevokeBias", Time since last: 615730036 ns, Reaching safepoint: 88213 ns, At safepoint: 24732 ns, Total: 112945 ns
[2020-09-11T17:41:37.806+0000][1][safepoint    ] Safepoint "RevokeBias", Time since last: 2701713 ns, Reaching safepoint: 87044 ns, At safepoint: 23486 ns, Total: 110530 ns
[2020-09-11T17:41:38.806+0000][1][safepoint    ] Safepoint "Cleanup", Time since last: 1000106380 ns, Reaching safepoint: 85862 ns, At safepoint: 9887 ns, Total: 95749 ns
[2020-09-11T17:41:39.467+0000][1][safepoint    ] Safepoint "RevokeBias", Time since last: 661349062 ns, Reaching safepoint: 91562 ns, At safepoint: 21620 ns, Total: 113182 ns
[2020-09-11T17:41:40.468+0000][1][safepoint    ] Safepoint "Cleanup", Time since last: 1000110862 ns, Reaching safepoint: 86477 ns, At safepoint: 10069 ns, Total: 96546 ns
[2020-09-11T17:41:41.468+0000][1][safepoint    ] Safepoint "Cleanup", Time since last: 1000117300 ns, Reaching safepoint: 88310 ns, At safepoint: 9705 ns, Total: 98015 ns
[2020-09-11T17:41:42.468+0000][1][safepoint    ] Safepoint "Cleanup", Time since last: 1000112832 ns, Reaching safepoint: 84860 ns, At safepoint: 9521 ns, Total: 94381 ns
[2020-09-11T17:41:42.825+0000][1][safepoint    ] Safepoint "RevokeBias", Time since last: 356458284 ns, Reaching safepoint: 96451 ns, At safepoint: 25189 ns, Total: 121640 ns
[2020-09-11T17:41:42.828+0000][1][safepoint    ] Safepoint "BulkRevokeBias", Time since last: 2531758 ns, Reaching safepoint: 85154 ns, At safepoint: 253467 ns, Total: 338621 ns
[2020-09-11T17:41:43.828+0000][1][safepoint    ] Safepoint "Cleanup", Time since last: 1000102172 ns, Reaching safepoint: 99740 ns, At safepoint: 6337 ns, Total: 106077 ns
[2020-09-11T17:41:44.828+0000][1][safepoint    ] Safepoint "Cleanup", Time since last: 1000110683 ns, Reaching safepoint: 85955 ns, At safepoint: 8304 ns, Total: 94259 ns
[2020-09-11T17:41:44.841+0000][1][safepoint    ] Safepoint "RevokeBias", Time since last: 12483537 ns, Reaching safepoint: 94852 ns, At safepoint: 24707 ns, Total: 119559 ns
[2020-09-11T17:41:45.841+0000][1][safepoint    ] Safepoint "Cleanup", Time since last: 1000106682 ns, Reaching safepoint: 100089 ns, At safepoint: 6502 ns, Total: 106591 ns
[2020-09-11T17:41:46.841+0000][1][safepoint    ] Safepoint "Cleanup", Time since last: 1000109685 ns, Reaching safepoint: 86242 ns, At safepoint: 8711 ns, Total: 94953 ns
[2020-09-11T17:41:47.237+0000][1][safepoint    ] Safepoint "BulkRevokeBias", Time since last: 395941201 ns, Reaching safepoint: 166104 ns, At safepoint: 223044 ns, Total: 389148 ns
[2020-09-11T17:41:47.835+0000][1][safepoint    ] Safepoint "RevokeBias", Time since last: 597377715 ns, Reaching safepoint: 94879 ns, At safepoint: 25472 ns, Total: 120351 ns
[2020-09-11T17:41:47.838+0000][1][safepoint    ] Safepoint "RevokeBias", Time since last: 2610912 ns, Reaching safepoint: 87656 ns, At safepoint: 22852 ns, Total: 110508 ns
[2020-09-11T17:41:48.838+0000][1][safepoint    ] Safepoint "Cleanup", Time since last: 1000104173 ns, Reaching safepoint: 81361 ns, At safepoint: 6659 ns, Total: 88020 ns
[2020-09-11T17:41:49.533+0000][1][safepoint    ] Safepoint "RevokeBias", Time since last: 695419155 ns, Reaching safepoint: 95856 ns, At safepoint: 25997 ns, Total: 121853 ns
[2020-09-11T17:41:50.533+0000][1][safepoint    ] Safepoint "Cleanup", Time since last: 1000108858 ns, Reaching safepoint: 86504 ns, At safepoint: 9672 ns, Total: 96176 ns
[2020-09-11T17:41:51.534+0000][1][safepoint    ] Safepoint "Cleanup", Time since last: 1000112142 ns, Reaching safepoint: 86525 ns, At safepoint: 9559 ns, Total: 96084 ns
[2020-09-11T17:41:52.534+0000][1][safepoint    ] Safepoint "Cleanup", Time since last: 1000108769 ns, Reaching safepoint: 84629 ns, At safepoint: 6747 ns, Total: 91376 ns
[2020-09-11T17:41:52.847+0000][1][safepoint    ] Safepoint "RevokeBias", Time since last: 313173530 ns, Reaching safepoint: 88579 ns, At safepoint: 23680 ns, Total: 112259 ns
[2020-09-11T17:41:52.850+0000][1][safepoint    ] Safepoint "RevokeBias", Time since last: 3130030 ns, Reaching safepoint: 92611 ns, At safepoint: 23837 ns, Total: 116448 ns
[2020-09-11T17:41:53.851+0000][1][safepoint    ] Safepoint "Cleanup", Time since last: 1000107657 ns, Reaching safepoint: 86510 ns, At safepoint: 9857 ns, Total: 96367 ns
[2020-09-11T17:41:54.851+0000][1][safepoint    ] Safepoint "Cleanup", Time since last: 1000113192 ns, Reaching safepoint: 130233 ns, At safepoint: 10646 ns, Total: 140879 ns
[2020-09-11T17:41:54.870+0000][1][safepoint    ] Safepoint "RevokeBias", Time since last: 18872886 ns, Reaching safepoint: 91120 ns, At safepoint: 22306 ns, Total: 113426 ns
[2020-09-11T17:41:55.870+0000][1][safepoint    ] Safepoint "Cleanup", Time since last: 1000107485 ns, Reaching safepoint: 97442 ns, At safepoint: 15393 ns, Total: 112835 ns
[2020-09-11T17:41:56.870+0000][1][safepoint    ] Safepoint "Cleanup", Time since last: 1000116623 ns, Reaching safepoint: 86007 ns, At safepoint: 9748 ns, Total: 95755 ns
[2020-09-11T17:41:57.116+0000][1][gc,start     ] GC(221) Pause Young (Allocation Failure)
[2020-09-11T17:41:57.116+0000][1][gc,task      ] GC(221) Using 1 workers of 1 for evacuation
[2020-09-11T17:41:57.131+0000][1][gc,age       ] GC(221) Desired survivor size 4358144 bytes, new threshold 6 (max threshold 6)
[2020-09-11T17:41:57.131+0000][1][gc,age       ] GC(221) Age table with threshold 6 (max threshold 6)
[2020-09-11T17:41:57.131+0000][1][gc,age       ] GC(221) - age   1:     255128 bytes,     255128 total
[2020-09-11T17:41:57.131+0000][1][gc,age       ] GC(221) - age   2:      53240 bytes,     308368 total
[2020-09-11T17:41:57.131+0000][1][gc,age       ] GC(221) - age   3:     962872 bytes,    1271240 total
[2020-09-11T17:41:57.131+0000][1][gc,age       ] GC(221) - age   4:     158576 bytes,    1429816 total
[2020-09-11T17:41:57.131+0000][1][gc,age       ] GC(221) - age   5:     263680 bytes,    1693496 total
[2020-09-11T17:41:57.131+0000][1][gc,age       ] GC(221) - age   6:      20872 bytes,    1714368 total
[2020-09-11T17:41:57.131+0000][1][gc,heap      ] GC(221) ParNew: 70799K->1808K(76672K)
[2020-09-11T17:41:57.131+0000][1][gc,heap      ] GC(221) CMS: 124795K->124828K(439104K)
[2020-09-11T17:41:57.131+0000][1][gc,metaspace ] GC(221) Metaspace: 95711K->95711K(1136640K)
[2020-09-11T17:41:57.131+0000][1][gc           ] GC(221) Pause Young (Allocation Failure) 191M->123M(503M) 15.043ms
[2020-09-11T17:41:57.131+0000][1][gc,cpu       ] GC(221) User=0.00s Sys=0.00s Real=0.01s
[2020-09-11T17:41:57.131+0000][1][safepoint    ] Safepoint "GenCollectForAllocation", Time since last: 244475689 ns, Reaching safepoint: 995117 ns, At safepoint: 15109523 ns, Total: 16104640 ns
[2020-09-11T17:41:57.226+0000][1][safepoint    ] Safepoint "RevokeBias", Time since last: 94521178 ns, Reaching safepoint: 88378 ns, At safepoint: 23426 ns, Total: 111804 ns
[2020-09-11T17:41:57.863+0000][1][safepoint    ] Safepoint "RevokeBias", Time since last: 637266215 ns, Reaching safepoint: 88021 ns, At safepoint: 23790 ns, Total: 111811 ns
[2020-09-11T17:41:57.865+0000][1][safepoint    ] Safepoint "RevokeBias", Time since last: 2348566 ns, Reaching safepoint: 87525 ns, At safepoint: 22820 ns, Total: 110345 ns
[2020-09-11T17:41:58.866+0000][1][safepoint    ] Safepoint "Cleanup", Time since last: 1000099883 ns, Reaching safepoint: 81062 ns, At safepoint: 6005 ns, Total: 87067 ns
[2020-09-11T17:41:59.532+0000][1][safepoint    ] Safepoint "RevokeBias", Time since last: 666636307 ns, Reaching safepoint: 93944 ns, At safepoint: 26606 ns, Total: 120550 ns
[2020-09-11T17:42:00.532+0000][1][safepoint    ] Safepoint "Cleanup", Time since last: 1000111453 ns, Reaching safepoint: 89146 ns, At safepoint: 9783 ns, Total: 98929 ns
[2020-09-11T17:42:01.533+0000][1][safepoint    ] Safepoint "Cleanup", Time since last: 1000123358 ns, Reaching safepoint: 88097 ns, At safepoint: 9539 ns, Total: 97636 ns
[2020-09-11T17:42:02.533+0000][1][safepoint    ] Safepoint "Cleanup", Time since last: 1000135906 ns, Reaching safepoint: 88595 ns, At safepoint: 8504 ns, Total: 97099 ns
[2020-09-11T17:42:02.877+0000][1][safepoint    ] Safepoint "RevokeBias", Time since last: 344168091 ns, Reaching safepoint: 89178 ns, At safepoint: 44710 ns, Total: 133888 ns
[2020-09-11T17:42:02.879+0000][1][safepoint    ] Safepoint "RevokeBias", Time since last: 2070415 ns, Reaching safepoint: 85853 ns, At safepoint: 22816 ns, Total: 108669 ns
[2020-09-11T17:42:03.880+0000][1][safepoint    ] Safepoint "Cleanup", Time since last: 1000101782 ns, Reaching safepoint: 90362 ns, At safepoint: 9327 ns, Total: 99689 ns
[2020-09-11T17:42:04.880+0000][1][safepoint    ] Safepoint "Cleanup", Time since last: 1000110115 ns, Reaching safepoint: 123887 ns, At safepoint: 10331 ns, Total: 134218 ns
[2020-09-11T17:42:04.917+0000][1][safepoint    ] Safepoint "RevokeBias", Time since last: 37042312 ns, Reaching safepoint: 93320 ns, At safepoint: 25187 ns, Total: 118507 ns
[2020-09-11T17:42:05.917+0000][1][safepoint    ] Safepoint "Cleanup", Time since last: 1000109308 ns, Reaching safepoint: 109067 ns, At safepoint: 10029 ns, Total: 119096 ns
[2020-09-11T17:42:07.188+0000][1][safepoint    ] Safepoint "RevokeBias", Time since last: 1270267215 ns, Reaching safepoint: 90562 ns, At safepoint: 22092 ns, Total: 112654 ns
[2020-09-11T17:42:07.889+0000][1][safepoint    ] Safepoint "RevokeBias", Time since last: 701482376 ns, Reaching safepoint: 85751 ns, At safepoint: 24770 ns, Total: 110521 ns
[2020-09-11T17:42:07.893+0000][1][safepoint    ] Safepoint "RevokeBias", Time since last: 3342308 ns, Reaching safepoint: 189497 ns, At safepoint: 24890 ns, Total: 214387 ns
[2020-09-11T17:42:08.893+0000][1][safepoint    ] Safepoint "Cleanup", Time since last: 1000107201 ns, Reaching safepoint: 86721 ns, At safepoint: 9234 ns, Total: 95955 ns
[2020-09-11T17:42:09.485+0000][1][safepoint    ] Safepoint "RevokeBias", Time since last: 591587092 ns, Reaching safepoint: 91203 ns, At safepoint: 21333 ns, Total: 112536 ns
[2020-09-11T17:42:10.485+0000][1][safepoint    ] Safepoint "Cleanup", Time since last: 1000085929 ns, Reaching safepoint: 85236 ns, At safepoint: 8098 ns, Total: 93334 ns
[2020-09-11T17:42:11.485+0000][1][safepoint    ] Safepoint "Cleanup", Time since last: 1000111053 ns, Reaching safepoint: 85987 ns, At safepoint: 9572 ns, Total: 95559 ns
[2020-09-11T17:42:12.485+0000][1][safepoint    ] Safepoint "Cleanup", Time since last: 1000108214 ns, Reaching safepoint: 111658 ns, At safepoint: 7773 ns, Total: 119431 ns
[2020-09-11T17:42:12.902+0000][1][safepoint    ] Safepoint "RevokeBias", Time since last: 416131201 ns, Reaching safepoint: 87398 ns, At safepoint: 23844 ns, Total: 111242 ns
[2020-09-11T17:42:12.905+0000][1][safepoint    ] Safepoint "RevokeBias", Time since last: 3337184 ns, Reaching safepoint: 87537 ns, At safepoint: 23563 ns, Total: 111100 ns
[2020-09-11T17:42:13.905+0000][1][safepoint    ] Safepoint "Cleanup", Time since last: 1000104770 ns, Reaching safepoint: 86039 ns, At safepoint: 8206 ns, Total: 94245 ns
[2020-09-11T17:42:14.905+0000][1][safepoint    ] Safepoint "Cleanup", Time since last: 1000104761 ns, Reaching safepoint: 119835 ns, At safepoint: 6063 ns, Total: 125898 ns
[2020-09-11T17:42:14.948+0000][1][safepoint    ] Safepoint "RevokeBias", Time since last: 42646269 ns, Reaching safepoint: 90967 ns, At safepoint: 23194 ns, Total: 114161 ns
[2020-09-11T17:42:15.948+0000][1][safepoint    ] Safepoint "Cleanup", Time since last: 1000113930 ns, Reaching safepoint: 86707 ns, At safepoint: 10156 ns, Total: 96863 ns
[2020-09-11T17:42:16.949+0000][1][safepoint    ] Safepoint "Cleanup", Time since last: 1000122367 ns, Reaching safepoint: 84726 ns, At safepoint: 8497 ns, Total: 93223 ns
[2020-09-11T17:42:17.377+0000][1][safepoint    ] Safepoint "RevokeBias", Time since last: 428070742 ns, Reaching safepoint: 122406 ns, At safepoint: 27477 ns, Total: 149883 ns
[2020-09-11T17:42:17.920+0000][1][safepoint    ] Safepoint "RevokeBias", Time since last: 543510529 ns, Reaching safepoint: 89208 ns, At safepoint: 23857 ns, Total: 113065 ns
[2020-09-11T17:42:17.923+0000][1][safepoint    ] Safepoint "RevokeBias", Time since last: 2015452 ns, Reaching safepoint: 83817 ns, At safepoint: 21468 ns, Total: 105285 ns
[2020-09-11T17:42:18.923+0000][1][safepoint    ] Safepoint "Cleanup", Time since last: 1000096895 ns, Reaching safepoint: 82455 ns, At safepoint: 6694 ns, Total: 89149 ns
[2020-09-11T17:42:19.461+0000][1][gc,start     ] GC(222) Pause Young (Allocation Failure)
[2020-09-11T17:42:19.461+0000][1][gc,task      ] GC(222) Using 1 workers of 1 for evacuation
[2020-09-11T17:42:19.474+0000][1][gc,age       ] GC(222) Desired survivor size 4358144 bytes, new threshold 6 (max threshold 6)
[2020-09-11T17:42:19.474+0000][1][gc,age       ] GC(222) Age table with threshold 6 (max threshold 6)
[2020-09-11T17:42:19.474+0000][1][gc,age       ] GC(222) - age   1:     488568 bytes,     488568 total
[2020-09-11T17:42:19.474+0000][1][gc,age       ] GC(222) - age   2:     187264 bytes,     675832 total
[2020-09-11T17:42:19.474+0000][1][gc,age       ] GC(222) - age   3:      49760 bytes,     725592 total
[2020-09-11T17:42:19.474+0000][1][gc,age       ] GC(222) - age   4:     962584 bytes,    1688176 total
[2020-09-11T17:42:19.474+0000][1][gc,age       ] GC(222) - age   5:     158264 bytes,    1846440 total
[2020-09-11T17:42:19.474+0000][1][gc,age       ] GC(222) - age   6:     263680 bytes,    2110120 total
[2020-09-11T17:42:19.474+0000][1][gc,heap      ] GC(222) ParNew: 69968K->2963K(76672K)
[2020-09-11T17:42:19.474+0000][1][gc,heap      ] GC(222) CMS: 124828K->124848K(439104K)
[2020-09-11T17:42:19.474+0000][1][gc,metaspace ] GC(222) Metaspace: 95713K->95713K(1136640K)
[2020-09-11T17:42:19.474+0000][1][gc           ] GC(222) Pause Young (Allocation Failure) 190M->124M(503M) 13.407ms
[2020-09-11T17:42:19.474+0000][1][gc,cpu       ] GC(222) User=0.01s Sys=0.00s Real=0.01s
[2020-09-11T17:42:19.474+0000][1][safepoint    ] Safepoint "GenCollectForAllocation", Time since last: 534178401 ns, Reaching safepoint: 3924766 ns, At safepoint: 13511301 ns, Total: 17436067 ns
[2020-09-11T17:42:19.492+0000][1][safepoint    ] Safepoint "RevokeBias", Time since last: 17909183 ns, Reaching safepoint: 94285 ns, At safepoint: 33719 ns, Total: 128004 ns
[2020-09-11T17:42:20.493+0000][1][safepoint    ] Safepoint "Cleanup", Time since last: 1000684195 ns, Reaching safepoint: 84070 ns, At safepoint: 20546 ns, Total: 104616 ns
[2020-09-11T17:42:21.493+0000][1][safepoint    ] Safepoint "Cleanup", Time since last: 1000109875 ns, Reaching safepoint: 87756 ns, At safepoint: 24251 ns, Total: 112007 ns
[2020-09-11T17:42:22.494+0000][1][safepoint    ] Safepoint "Cleanup", Time since last: 1000110066 ns, Reaching safepoint: 86522 ns, At safepoint: 20678 ns, Total: 107200 ns
[2020-09-11T17:42:22.942+0000][1][safepoint    ] Safepoint "RevokeBias", Time since last: 447886034 ns, Reaching safepoint: 86546 ns, At safepoint: 34270 ns, Total: 120816 ns
[2020-09-11T17:42:22.945+0000][1][safepoint    ] Safepoint "RevokeBias", Time since last: 3312925 ns, Reaching safepoint: 98486 ns, At safepoint: 35086 ns, Total: 133572 ns
[2020-09-11T17:42:23.945+0000][1][safepoint    ] Safepoint "Cleanup", Time since last: 1000105674 ns, Reaching safepoint: 82283 ns, At safepoint: 8791 ns, Total: 91074 ns
[2020-09-11T17:42:24.877+0000][1][safepoint    ] Safepoint "RevokeBias", Time since last: 931411172 ns, Reaching safepoint: 115482 ns, At safepoint: 24637 ns, Total: 140119 ns
[2020-09-11T17:42:25.877+0000][1][safepoint    ] Safepoint "Cleanup", Time since last: 1000104690 ns, Reaching safepoint: 84687 ns, At safepoint: 7290 ns, Total: 91977 ns
[2020-09-11T17:42:26.877+0000][1][safepoint    ] Safepoint "Cleanup", Time since last: 1000116424 ns, Reaching safepoint: 88539 ns, At safepoint: 9967 ns, Total: 98506 ns
[2020-09-11T17:42:27.168+0000][1][safepoint    ] Safepoint "RevokeBias", Time since last: 290416449 ns, Reaching safepoint: 90884 ns, At safepoint: 21276 ns, Total: 112160 ns
[2020-09-11T17:42:27.954+0000][1][safepoint    ] Safepoint "RevokeBias", Time since last: 785813307 ns, Reaching safepoint: 84086 ns, At safepoint: 24101 ns, Total: 108187 ns
[2020-09-11T17:42:27.957+0000][1][safepoint    ] Safepoint "RevokeBias", Time since last: 3442168 ns, Reaching safepoint: 168279 ns, At safepoint: 25413 ns, Total: 193692 ns
[2020-09-11T17:42:28.958+0000][1][safepoint    ] Safepoint "Cleanup", Time since last: 1000106018 ns, Reaching safepoint: 81754 ns, At safepoint: 8646 ns, Total: 90400 ns
[2020-09-11T17:42:29.528+0000][1][safepoint    ] Safepoint "RevokeBias", Time since last: 570526382 ns, Reaching safepoint: 171248 ns, At safepoint: 22660 ns, Total: 193908 ns
[2020-09-11T17:42:30.528+0000][1][safepoint    ] Safepoint "Cleanup", Time since last: 1000111120 ns, Reaching safepoint: 87125 ns, At safepoint: 9948 ns, Total: 97073 ns
[2020-09-11T17:42:31.529+0000][1][safepoint    ] Safepoint "Cleanup", Time since last: 1000133102 ns, Reaching safepoint: 84138 ns, At safepoint: 7383 ns, Total: 91521 ns
[2020-09-11T17:42:32.529+0000][1][safepoint    ] Safepoint "Cleanup", Time since last: 1000081912 ns, Reaching safepoint: 91435 ns, At safepoint: 10089 ns, Total: 101524 ns
[2020-09-11T17:42:32.967+0000][1][safepoint    ] Safepoint "RevokeBias", Time since last: 438014478 ns, Reaching safepoint: 90053 ns, At safepoint: 35469 ns, Total: 125522 ns
[2020-09-11T17:42:32.970+0000][1][safepoint    ] Safepoint "RevokeBias", Time since last: 2718331 ns, Reaching safepoint: 89275 ns, At safepoint: 24527 ns, Total: 113802 ns
[2020-09-11T17:42:33.970+0000][1][safepoint    ] Safepoint "Cleanup", Time since last: 1000102855 ns, Reaching safepoint: 80958 ns, At safepoint: 5975 ns, Total: 86933 ns
[2020-09-11T17:42:34.905+0000][1][safepoint    ] Safepoint "RevokeBias", Time since last: 934640964 ns, Reaching safepoint: 185919 ns, At safepoint: 22560 ns, Total: 208479 ns
[2020-09-11T17:42:35.905+0000][1][safepoint    ] Safepoint "Cleanup", Time since last: 1000104402 ns, Reaching safepoint: 88646 ns, At safepoint: 8321 ns, Total: 96967 ns
[2020-09-11T17:42:36.905+0000][1][safepoint    ] Safepoint "Cleanup", Time since last: 1000117678 ns, Reaching safepoint: 85373 ns, At safepoint: 8208 ns, Total: 93581 ns
[2020-09-11T17:42:37.261+0000][1][gc,start     ] GC(223) Pause Young (Allocation Failure)
[2020-09-11T17:42:37.261+0000][1][gc,task      ] GC(223) Using 1 workers of 1 for evacuation
[2020-09-11T17:42:37.274+0000][1][gc,age       ] GC(223) Desired survivor size 4358144 bytes, new threshold 6 (max threshold 6)
[2020-09-11T17:42:37.274+0000][1][gc,age       ] GC(223) Age table with threshold 6 (max threshold 6)
[2020-09-11T17:42:37.274+0000][1][gc,age       ] GC(223) - age   1:     186720 bytes,     186720 total
[2020-09-11T17:42:37.274+0000][1][gc,age       ] GC(223) - age   2:     345960 bytes,     532680 total
[2020-09-11T17:42:37.274+0000][1][gc,age       ] GC(223) - age   3:     185480 bytes,     718160 total
[2020-09-11T17:42:37.274+0000][1][gc,age       ] GC(223) - age   4:      49760 bytes,     767920 total
[2020-09-11T17:42:37.274+0000][1][gc,age       ] GC(223) - age   5:     962584 bytes,    1730504 total
[2020-09-11T17:42:37.274+0000][1][gc,age       ] GC(223) - age   6:     158264 bytes,    1888768 total
[2020-09-11T17:42:37.274+0000][1][gc,heap      ] GC(223) ParNew: 71123K->1915K(76672K)
[2020-09-11T17:42:37.274+0000][1][gc,heap      ] GC(223) CMS: 124848K->125106K(439104K)
[2020-09-11T17:42:37.274+0000][1][gc,metaspace ] GC(223) Metaspace: 95713K->95713K(1136640K)
[2020-09-11T17:42:37.274+0000][1][gc           ] GC(223) Pause Young (Allocation Failure) 191M->124M(503M) 13.489ms
[2020-09-11T17:42:37.274+0000][1][gc,cpu       ] GC(223) User=0.01s Sys=0.00s Real=0.01s
[2020-09-11T17:42:37.279+0000][1][safepoint    ] Safepoint "GenCollectForAllocation", Time since last: 354114208 ns, Reaching safepoint: 1529349 ns, At safepoint: 18006647 ns, Total: 19535996 ns
[2020-09-11T17:42:37.307+0000][1][safepoint    ] Safepoint "RevokeBias", Time since last: 27451650 ns, Reaching safepoint: 89003 ns, At safepoint: 33385 ns, Total: 122388 ns
[2020-09-11T17:42:37.993+0000][1][safepoint    ] Safepoint "RevokeBias", Time since last: 686053228 ns, Reaching safepoint: 86610 ns, At safepoint: 35796 ns, Total: 122406 ns
[2020-09-11T17:42:37.996+0000][1][safepoint    ] Safepoint "RevokeBias", Time since last: 3374659 ns, Reaching safepoint: 88348 ns, At safepoint: 35491 ns, Total: 123839 ns
[2020-09-11T17:42:39.533+0000][1][safepoint    ] Safepoint "RevokeBias", Time since last: 1536575407 ns, Reaching safepoint: 96437 ns, At safepoint: 22356 ns, Total: 118793 ns
[2020-09-11T17:42:43.005+0000][1][safepoint    ] Safepoint "RevokeBias", Time since last: 3472262796 ns, Reaching safepoint: 88712 ns, At safepoint: 24570 ns, Total: 113282 ns
[2020-09-11T17:42:43.009+0000][1][safepoint    ] Safepoint "RevokeBias", Time since last: 3346315 ns, Reaching safepoint: 90851 ns, At safepoint: 25419 ns, Total: 116270 ns
[2020-09-11T17:42:44.009+0000][1][safepoint    ] Safepoint "Cleanup", Time since last: 1000139039 ns, Reaching safepoint: 82878 ns, At safepoint: 8503 ns, Total: 91381 ns
[2020-09-11T17:42:44.902+0000][1][safepoint    ] Safepoint "RevokeBias", Time since last: 893400995 ns, Reaching safepoint: 92941 ns, At safepoint: 23802 ns, Total: 116743 ns
[2020-09-11T17:42:45.903+0000][1][safepoint    ] Safepoint "Cleanup", Time since last: 1000106648 ns, Reaching safepoint: 86476 ns, At safepoint: 10196 ns, Total: 96672 ns
[2020-09-11T17:42:46.903+0000][1][safepoint    ] Safepoint "Cleanup", Time since last: 1000117832 ns, Reaching safepoint: 87006 ns, At safepoint: 6697 ns, Total: 93703 ns
[2020-09-11T17:42:47.225+0000][1][safepoint    ] Safepoint "RevokeBias", Time since last: 322293405 ns, Reaching safepoint: 89049 ns, At safepoint: 21650 ns, Total: 110699 ns
[2020-09-11T17:42:48.016+0000][1][safepoint    ] Safepoint "RevokeBias", Time since last: 790278231 ns, Reaching safepoint: 84525 ns, At safepoint: 22645 ns, Total: 107170 ns
[2020-09-11T17:42:48.022+0000][1][safepoint    ] Safepoint "RevokeBias", Time since last: 6505431 ns, Reaching safepoint: 159687 ns, At safepoint: 23278 ns, Total: 182965 ns
[2020-09-11T17:42:49.023+0000][1][safepoint    ] Safepoint "Cleanup", Time since last: 1000110024 ns, Reaching safepoint: 82714 ns, At safepoint: 8494 ns, Total: 91208 ns
[2020-09-11T17:42:49.569+0000][1][safepoint    ] Safepoint "RevokeBias", Time since last: 546649915 ns, Reaching safepoint: 90938 ns, At safepoint: 20878 ns, Total: 111816 ns
[2020-09-11T17:42:50.570+0000][1][safepoint    ] Safepoint "Cleanup", Time since last: 1000103820 ns, Reaching safepoint: 85623 ns, At safepoint: 7531 ns, Total: 93154 ns
[2020-09-11T17:42:51.570+0000][1][safepoint    ] Safepoint "Cleanup", Time since last: 1000109680 ns, Reaching safepoint: 85786 ns, At safepoint: 10067 ns, Total: 95853 ns
[2020-09-11T17:42:52.570+0000][1][safepoint    ] Safepoint "Cleanup", Time since last: 1000111846 ns, Reaching safepoint: 88403 ns, At safepoint: 9651 ns, Total: 98054 ns
[2020-09-11T17:42:53.022+0000][1][safepoint    ] Safepoint "RevokeBias", Time since last: 452170111 ns, Reaching safepoint: 85513 ns, At safepoint: 23614 ns, Total: 109127 ns
[2020-09-11T17:42:53.030+0000][1][safepoint    ] Safepoint "BulkRevokeBias", Time since last: 7874689 ns, Reaching safepoint: 92337 ns, At safepoint: 247718 ns, Total: 340055 ns
[2020-09-11T17:42:54.031+0000][1][safepoint    ] Safepoint "Cleanup", Time since last: 1000111455 ns, Reaching safepoint: 83601 ns, At safepoint: 17311 ns, Total: 100912 ns
[2020-09-11T17:42:54.925+0000][1][safepoint    ] Safepoint "RevokeBias", Time since last: 894150485 ns, Reaching safepoint: 95104 ns, At safepoint: 24787 ns, Total: 119891 ns
[2020-09-11T17:42:55.925+0000][1][safepoint    ] Safepoint "Cleanup", Time since last: 1000109137 ns, Reaching safepoint: 83438 ns, At safepoint: 6530 ns, Total: 89968 ns
[2020-09-11T17:42:56.925+0000][1][safepoint    ] Safepoint "Cleanup", Time since last: 1000111896 ns, Reaching safepoint: 90418 ns, At safepoint: 10394 ns, Total: 100812 ns
[2020-09-11T17:42:57.279+0000][1][safepoint    ] Safepoint "RevokeBias", Time since last: 353075602 ns, Reaching safepoint: 90214 ns, At safepoint: 21560 ns, Total: 111774 ns
[2020-09-11T17:42:58.031+0000][1][safepoint    ] Safepoint "RevokeBias", Time since last: 751873477 ns, Reaching safepoint: 86409 ns, At safepoint: 23927 ns, Total: 110336 ns
[2020-09-11T17:42:58.042+0000][1][safepoint    ] Safepoint "RevokeBias", Time since last: 11535849 ns, Reaching safepoint: 90043 ns, At safepoint: 24932 ns, Total: 114975 ns
[2020-09-11T17:42:59.042+0000][1][safepoint    ] Safepoint "Cleanup", Time since last: 1000113810 ns, Reaching safepoint: 85910 ns, At safepoint: 9602 ns, Total: 95512 ns
[2020-09-11T17:42:59.461+0000][1][gc,start     ] GC(224) Pause Young (Allocation Failure)
[2020-09-11T17:42:59.461+0000][1][gc,task      ] GC(224) Using 1 workers of 1 for evacuation
[2020-09-11T17:42:59.468+0000][1][gc,age       ] GC(224) Desired survivor size 4358144 bytes, new threshold 6 (max threshold 6)
[2020-09-11T17:42:59.468+0000][1][gc,age       ] GC(224) Age table with threshold 6 (max threshold 6)
[2020-09-11T17:42:59.468+0000][1][gc,age       ] GC(224) - age   1:     115176 bytes,     115176 total
[2020-09-11T17:42:59.468+0000][1][gc,age       ] GC(224) - age   2:      38528 bytes,     153704 total
[2020-09-11T17:42:59.468+0000][1][gc,age       ] GC(224) - age   3:     341576 bytes,     495280 total
[2020-09-11T17:42:59.468+0000][1][gc,age       ] GC(224) - age   4:     185480 bytes,     680760 total
[2020-09-11T17:42:59.468+0000][1][gc,age       ] GC(224) - age   5:      49760 bytes,     730520 total
[2020-09-11T17:42:59.468+0000][1][gc,age       ] GC(224) - age   6:     962584 bytes,    1693104 total
[2020-09-11T17:42:59.468+0000][1][gc,heap      ] GC(224) ParNew: 70075K->1862K(76672K)
[2020-09-11T17:42:59.468+0000][1][gc,heap      ] GC(224) CMS: 125106K->125260K(439104K)
[2020-09-11T17:42:59.468+0000][1][gc,metaspace ] GC(224) Metaspace: 95713K->95713K(1136640K)
[2020-09-11T17:42:59.468+0000][1][gc           ] GC(224) Pause Young (Allocation Failure) 190M->124M(503M) 6.827ms
[2020-09-11T17:42:59.468+0000][1][gc,cpu       ] GC(224) User=0.00s Sys=0.00s Real=0.00s
[2020-09-11T17:42:59.473+0000][1][safepoint    ] Safepoint "GenCollectForAllocation", Time since last: 414456453 ns, Reaching safepoint: 4040951 ns, At safepoint: 12051070 ns, Total: 16092021 ns
[2020-09-11T17:42:59.486+0000][1][safepoint    ] Safepoint "RevokeBias", Time since last: 13290031 ns, Reaching safepoint: 90061 ns, At safepoint: 34558 ns, Total: 124619 ns
[2020-09-11T17:43:00.487+0000][1][safepoint    ] Safepoint "Cleanup", Time since last: 1000666495 ns, Reaching safepoint: 86945 ns, At safepoint: 9656 ns, Total: 96601 ns
[2020-09-11T17:43:01.487+0000][1][safepoint    ] Safepoint "Cleanup", Time since last: 1000112219 ns, Reaching safepoint: 84637 ns, At safepoint: 6863 ns, Total: 91500 ns
[2020-09-11T17:43:02.488+0000][1][safepoint    ] Safepoint "Cleanup", Time since last: 1000112646 ns, Reaching safepoint: 87849 ns, At safepoint: 9542 ns, Total: 97391 ns
[2020-09-11T17:43:03.037+0000][1][safepoint    ] Safepoint "RevokeBias", Time since last: 549813594 ns, Reaching safepoint: 84086 ns, At safepoint: 24101 ns, Total: 108187 ns
[2020-09-11T17:43:03.050+0000][1][safepoint    ] Safepoint "RevokeBias", Time since last: 12227707 ns, Reaching safepoint: 89746 ns, At safepoint: 23179 ns, Total: 112925 ns
[2020-09-11T17:43:04.050+0000][1][safepoint    ] Safepoint "Cleanup", Time since last: 1000108153 ns, Reaching safepoint: 82324 ns, At safepoint: 8763 ns, Total: 91087 ns
[2020-09-11T17:43:04.950+0000][1][safepoint    ] Safepoint "RevokeBias", Time since last: 900190226 ns, Reaching safepoint: 91380 ns, At safepoint: 22119 ns, Total: 113499 ns
[2020-09-11T17:43:05.950+0000][1][safepoint    ] Safepoint "Cleanup", Time since last: 1000104281 ns, Reaching safepoint: 86308 ns, At safepoint: 6657 ns, Total: 92965 ns
[2020-09-11T17:43:06.951+0000][1][safepoint    ] Safepoint "Cleanup", Time since last: 1000115847 ns, Reaching safepoint: 91196 ns, At safepoint: 8206 ns, Total: 99402 ns
[2020-09-11T17:43:07.272+0000][1][safepoint    ] Safepoint "RevokeBias", Time since last: 321067964 ns, Reaching safepoint: 95221 ns, At safepoint: 40471 ns, Total: 135692 ns
[2020-09-11T17:43:08.045+0000][1][safepoint    ] Safepoint "RevokeBias", Time since last: 772662370 ns, Reaching safepoint: 85285 ns, At safepoint: 23459 ns, Total: 108744 ns
[2020-09-11T17:43:08.061+0000][1][safepoint    ] Safepoint "RevokeBias", Time since last: 14289660 ns, Reaching safepoint: 1968017 ns, At safepoint: 25738 ns, Total: 1993755 ns
[2020-09-11T17:43:09.061+0000][1][safepoint    ] Safepoint "Cleanup", Time since last: 1000111009 ns, Reaching safepoint: 82679 ns, At safepoint: 8767 ns, Total: 91446 ns
[2020-09-11T17:43:09.481+0000][1][safepoint    ] Safepoint "RevokeBias", Time since last: 420016716 ns, Reaching safepoint: 90603 ns, At safepoint: 21814 ns, Total: 112417 ns
[2020-09-11T17:43:10.481+0000][1][safepoint    ] Safepoint "Cleanup", Time since last: 1000119186 ns, Reaching safepoint: 86108 ns, At safepoint: 8582 ns, Total: 94690 ns
[2020-09-11T17:43:11.482+0000][1][safepoint    ] Safepoint "Cleanup", Time since last: 1000106975 ns, Reaching safepoint: 83803 ns, At safepoint: 6916 ns, Total: 90719 ns
[2020-09-11T17:43:12.482+0000][1][safepoint    ] Safepoint "Cleanup", Time since last: 1000108734 ns, Reaching safepoint: 86503 ns, At safepoint: 9269 ns, Total: 95772 ns
[2020-09-11T17:43:13.055+0000][1][safepoint    ] Safepoint "RevokeBias", Time since last: 572738048 ns, Reaching safepoint: 86006 ns, At safepoint: 20934 ns, Total: 106940 ns
[2020-09-11T17:43:13.085+0000][1][safepoint    ] Safepoint "RevokeBias", Time since last: 28339511 ns, Reaching safepoint: 1482331 ns, At safepoint: 23811 ns, Total: 1506142 ns
[2020-09-11T17:43:14.085+0000][1][safepoint    ] Safepoint "Cleanup", Time since last: 1000114206 ns, Reaching safepoint: 132415 ns, At safepoint: 8815 ns, Total: 141230 ns
[2020-09-11T17:43:14.848+0000][1][safepoint    ] Safepoint "RevokeBias", Time since last: 763470493 ns, Reaching safepoint: 90348 ns, At safepoint: 21511 ns, Total: 111859 ns
[2020-09-11T17:43:15.849+0000][1][safepoint    ] Safepoint "Cleanup", Time since last: 1000111265 ns, Reaching safepoint: 85248 ns, At safepoint: 9681 ns, Total: 94929 ns
[2020-09-11T17:43:16.849+0000][1][safepoint    ] Safepoint "Cleanup", Time since last: 1000147865 ns, Reaching safepoint: 84212 ns, At safepoint: 6737 ns, Total: 90949 ns
[2020-09-11T17:43:17.188+0000][1][safepoint    ] Safepoint "BulkRevokeBias", Time since last: 338852209 ns, Reaching safepoint: 92069 ns, At safepoint: 225908 ns, Total: 317977 ns
[2020-09-11T17:43:18.077+0000][1][safepoint    ] Safepoint "RevokeBias", Time since last: 888429808 ns, Reaching safepoint: 89854 ns, At safepoint: 23084 ns, Total: 112938 ns
[2020-09-11T17:43:18.111+0000][1][safepoint    ] Safepoint "RevokeBias", Time since last: 33940695 ns, Reaching safepoint: 95726 ns, At safepoint: 24491 ns, Total: 120217 ns
[2020-09-11T17:43:19.111+0000][1][safepoint    ] Safepoint "Cleanup", Time since last: 1000114011 ns, Reaching safepoint: 93180 ns, At safepoint: 6730 ns, Total: 99910 ns
[2020-09-11T17:43:19.476+0000][1][safepoint    ] Safepoint "RevokeBias", Time since last: 365259657 ns, Reaching safepoint: 95263 ns, At safepoint: 22040 ns, Total: 117303 ns
[2020-09-11T17:43:20.422+0000][1][gc,start     ] GC(225) Pause Young (Allocation Failure)
[2020-09-11T17:43:20.422+0000][1][gc,task      ] GC(225) Using 1 workers of 1 for evacuation
[2020-09-11T17:43:20.433+0000][1][gc,age       ] GC(225) Desired survivor size 4358144 bytes, new threshold 6 (max threshold 6)
[2020-09-11T17:43:20.433+0000][1][gc,age       ] GC(225) Age table with threshold 6 (max threshold 6)
[2020-09-11T17:43:20.433+0000][1][gc,age       ] GC(225) - age   1:     380008 bytes,     380008 total
[2020-09-11T17:43:20.433+0000][1][gc,age       ] GC(225) - age   2:      24600 bytes,     404608 total
[2020-09-11T17:43:20.433+0000][1][gc,age       ] GC(225) - age   3:      35592 bytes,     440200 total
[2020-09-11T17:43:20.433+0000][1][gc,age       ] GC(225) - age   4:     341288 bytes,     781488 total
[2020-09-11T17:43:20.433+0000][1][gc,age       ] GC(225) - age   5:     185168 bytes,     966656 total
[2020-09-11T17:43:20.433+0000][1][gc,age       ] GC(225) - age   6:      49760 bytes,    1016416 total
[2020-09-11T17:43:20.433+0000][1][gc,heap      ] GC(225) ParNew: 70022K->1705K(76672K)
[2020-09-11T17:43:20.433+0000][1][gc,heap      ] GC(225) CMS: 125260K->126200K(439104K)
[2020-09-11T17:43:20.433+0000][1][gc,metaspace ] GC(225) Metaspace: 95747K->95747K(1136640K)
[2020-09-11T17:43:20.433+0000][1][gc           ] GC(225) Pause Young (Allocation Failure) 190M->124M(503M) 11.726ms
[2020-09-11T17:43:20.433+0000][1][gc,cpu       ] GC(225) User=0.01s Sys=0.00s Real=0.01s
[2020-09-11T17:43:20.434+0000][1][safepoint    ] Safepoint "GenCollectForAllocation", Time since last: 945411527 ns, Reaching safepoint: 81048 ns, At safepoint: 11797775 ns, Total: 11878823 ns
[2020-09-11T17:43:21.434+0000][1][safepoint    ] Safepoint "Cleanup", Time since last: 1000471329 ns, Reaching safepoint: 79539 ns, At safepoint: 16189 ns, Total: 95728 ns
[2020-09-11T17:43:22.434+0000][1][safepoint    ] Safepoint "Cleanup", Time since last: 1000103157 ns, Reaching safepoint: 85787 ns, At safepoint: 19081 ns, Total: 104868 ns
[2020-09-11T17:43:23.086+0000][1][safepoint    ] Safepoint "RevokeBias", Time since last: 651407378 ns, Reaching safepoint: 84485 ns, At safepoint: 36258 ns, Total: 120743 ns
[2020-09-11T17:43:23.118+0000][1][safepoint    ] Safepoint "RevokeBias", Time since last: 32087235 ns, Reaching safepoint: 92925 ns, At safepoint: 34914 ns, Total: 127839 ns
[2020-09-11T17:43:24.119+0000][1][safepoint    ] Safepoint "Cleanup", Time since last: 1000579016 ns, Reaching safepoint: 90144 ns, At safepoint: 22201 ns, Total: 112345 ns
[2020-09-11T17:43:24.908+0000][1][safepoint    ] Safepoint "RevokeBias", Time since last: 789005732 ns, Reaching safepoint: 90006 ns, At safepoint: 21862 ns, Total: 111868 ns
[2020-09-11T17:43:25.908+0000][1][safepoint    ] Safepoint "Cleanup", Time since last: 1000103386 ns, Reaching safepoint: 84911 ns, At safepoint: 7917 ns, Total: 92828 ns
[2020-09-11T17:43:26.908+0000][1][safepoint    ] Safepoint "Cleanup", Time since last: 1000113516 ns, Reaching safepoint: 86865 ns, At safepoint: 8826 ns, Total: 95691 ns
[2020-09-11T17:43:27.160+0000][1][safepoint    ] Safepoint "RevokeBias", Time since last: 251422323 ns, Reaching safepoint: 90005 ns, At safepoint: 21719 ns, Total: 111724 ns
[2020-09-11T17:43:28.096+0000][1][safepoint    ] Safepoint "RevokeBias", Time since last: 936376166 ns, Reaching safepoint: 86243 ns, At safepoint: 23911 ns, Total: 110154 ns
[2020-09-11T17:43:28.127+0000][1][safepoint    ] Safepoint "RevokeBias", Time since last: 30420194 ns, Reaching safepoint: 167831 ns, At safepoint: 25281 ns, Total: 193112 ns
[2020-09-11T17:43:29.127+0000][1][safepoint    ] Safepoint "Cleanup", Time since last: 1000112076 ns, Reaching safepoint: 87916 ns, At safepoint: 8599 ns, Total: 96515 ns
[2020-09-11T17:43:29.483+0000][1][safepoint    ] Safepoint "RevokeBias", Time since last: 356084580 ns, Reaching safepoint: 89745 ns, At safepoint: 22112 ns, Total: 111857 ns
[2020-09-11T17:43:30.484+0000][1][safepoint    ] Safepoint "Cleanup", Time since last: 1000109584 ns, Reaching safepoint: 87927 ns, At safepoint: 9837 ns, Total: 97764 ns
[2020-09-11T17:43:31.484+0000][1][safepoint    ] Safepoint "Cleanup", Time since last: 1000114070 ns, Reaching safepoint: 86204 ns, At safepoint: 7639 ns, Total: 93843 ns
[2020-09-11T17:43:32.484+0000][1][safepoint    ] Safepoint "Cleanup", Time since last: 1000141232 ns, Reaching safepoint: 86750 ns, At safepoint: 10702 ns, Total: 97452 ns
[2020-09-11T17:43:33.103+0000][1][safepoint    ] Safepoint "RevokeBias", Time since last: 618877653 ns, Reaching safepoint: 85038 ns, At safepoint: 22147 ns, Total: 107185 ns
[2020-09-11T17:43:33.134+0000][1][safepoint    ] Safepoint "RevokeBias", Time since last: 31036356 ns, Reaching safepoint: 91420 ns, At safepoint: 21881 ns, Total: 113301 ns
[2020-09-11T17:43:34.134+0000][1][safepoint    ] Safepoint "Cleanup", Time since last: 1000123026 ns, Reaching safepoint: 85440 ns, At safepoint: 9071 ns, Total: 94511 ns
[2020-09-11T17:43:34.865+0000][1][safepoint    ] Safepoint "RevokeBias", Time since last: 730627053 ns, Reaching safepoint: 92212 ns, At safepoint: 22097 ns, Total: 114309 ns
[2020-09-11T17:43:37.222+0000][1][safepoint    ] Safepoint "RevokeBias", Time since last: 2356918868 ns, Reaching safepoint: 96178 ns, At safepoint: 24329 ns, Total: 120507 ns
[2020-09-11T17:43:38.110+0000][1][safepoint    ] Safepoint "RevokeBias", Time since last: 887970452 ns, Reaching safepoint: 106857 ns, At safepoint: 28801 ns, Total: 135658 ns
[2020-09-11T17:43:38.145+0000][1][safepoint    ] Safepoint "RevokeBias", Time since last: 35023126 ns, Reaching safepoint: 168544 ns, At safepoint: 25326 ns, Total: 193870 ns
[2020-09-11T17:43:39.522+0000][1][safepoint    ] Safepoint "RevokeBias", Time since last: 1376543414 ns, Reaching safepoint: 172099 ns, At safepoint: 22295 ns, Total: 194394 ns
[2020-09-11T17:43:43.116+0000][1][safepoint    ] Safepoint "RevokeBias", Time since last: 3594167554 ns, Reaching safepoint: 88000 ns, At safepoint: 23873 ns, Total: 111873 ns
[2020-09-11T17:43:43.153+0000][1][safepoint    ] Safepoint "RevokeBias", Time since last: 36484471 ns, Reaching safepoint: 169005 ns, At safepoint: 25907 ns, Total: 194912 ns
[2020-09-11T17:43:44.740+0000][1][gc,start     ] GC(226) Pause Young (Allocation Failure)
[2020-09-11T17:43:44.759+0000][1][gc,task      ] GC(226) Using 1 workers of 1 for evacuation
[2020-09-11T17:43:44.764+0000][1][gc,age       ] GC(226) Desired survivor size 4358144 bytes, new threshold 6 (max threshold 6)
[2020-09-11T17:43:44.764+0000][1][gc,age       ] GC(226) Age table with threshold 6 (max threshold 6)
[2020-09-11T17:43:44.764+0000][1][gc,age       ] GC(226) - age   1:      78600 bytes,      78600 total
[2020-09-11T17:43:44.764+0000][1][gc,age       ] GC(226) - age   2:     326936 bytes,     405536 total
[2020-09-11T17:43:44.764+0000][1][gc,age       ] GC(226) - age   3:      22272 bytes,     427808 total
[2020-09-11T17:43:44.764+0000][1][gc,age       ] GC(226) - age   4:      35592 bytes,     463400 total
[2020-09-11T17:43:44.764+0000][1][gc,age       ] GC(226) - age   5:     341288 bytes,     804688 total
[2020-09-11T17:43:44.764+0000][1][gc,age       ] GC(226) - age   6:     185168 bytes,     989856 total
[2020-09-11T17:43:44.764+0000][1][gc,heap      ] GC(226) ParNew: 69865K->1597K(76672K)
[2020-09-11T17:43:44.764+0000][1][gc,heap      ] GC(226) CMS: 126200K->126249K(439104K)
[2020-09-11T17:43:44.764+0000][1][gc,metaspace ] GC(226) Metaspace: 95758K->95758K(1136640K)
[2020-09-11T17:43:44.764+0000][1][gc           ] GC(226) Pause Young (Allocation Failure) 191M->124M(503M) 24.416ms
[2020-09-11T17:43:44.764+0000][1][gc,cpu       ] GC(226) User=0.00s Sys=0.00s Real=0.03s
[2020-09-11T17:43:44.769+0000][1][safepoint    ] Safepoint "GenCollectForAllocation", Time since last: 1586295567 ns, Reaching safepoint: 156548 ns, At safepoint: 29244714 ns, Total: 29401262 ns
[2020-09-11T17:43:44.839+0000][1][safepoint    ] Safepoint "RevokeBias", Time since last: 70399778 ns, Reaching safepoint: 89401 ns, At safepoint: 33243 ns, Total: 122644 ns
[2020-09-11T17:43:47.214+0000][1][safepoint    ] Safepoint "RevokeBias", Time since last: 2374734651 ns, Reaching safepoint: 95990 ns, At safepoint: 23675 ns, Total: 119665 ns
[2020-09-11T17:43:48.123+0000][1][safepoint    ] Safepoint "RevokeBias", Time since last: 909075040 ns, Reaching safepoint: 87852 ns, At safepoint: 25105 ns, Total: 112957 ns
[2020-09-11T17:43:48.166+0000][1][safepoint    ] Safepoint "RevokeBias", Time since last: 42145833 ns, Reaching safepoint: 165869 ns, At safepoint: 22468 ns, Total: 188337 ns
[2020-09-11T17:43:49.166+0000][1][safepoint    ] Safepoint "Cleanup", Time since last: 1000109064 ns, Reaching safepoint: 88995 ns, At safepoint: 9227 ns, Total: 98222 ns
[2020-09-11T17:43:49.542+0000][1][safepoint    ] Safepoint "RevokeBias", Time since last: 375878092 ns, Reaching safepoint: 94077 ns, At safepoint: 21635 ns, Total: 115712 ns
[2020-09-11T17:43:53.130+0000][1][safepoint    ] Safepoint "RevokeBias", Time since last: 3587547369 ns, Reaching safepoint: 89632 ns, At safepoint: 25194 ns, Total: 114826 ns
[2020-09-11T17:43:53.174+0000][1][safepoint    ] Safepoint "RevokeBias", Time since last: 44132940 ns, Reaching safepoint: 93235 ns, At safepoint: 23891 ns, Total: 117126 ns
[2020-09-11T17:43:54.846+0000][1][safepoint    ] Safepoint "RevokeBias", Time since last: 1671865580 ns, Reaching safepoint: 89854 ns, At safepoint: 21719 ns, Total: 111573 ns
[2020-09-11T17:43:57.208+0000][1][safepoint    ] Safepoint "RevokeBias", Time since last: 2362413374 ns, Reaching safepoint: 90450 ns, At safepoint: 21323 ns, Total: 111773 ns
[2020-09-11T17:43:58.139+0000][1][safepoint    ] Safepoint "RevokeBias", Time since last: 930281150 ns, Reaching safepoint: 88664 ns, At safepoint: 24229 ns, Total: 112893 ns
[2020-09-11T17:43:58.192+0000][1][safepoint    ] Safepoint "RevokeBias", Time since last: 52696293 ns, Reaching safepoint: 99567 ns, At safepoint: 24704 ns, Total: 124271 ns
[2020-09-11T17:43:59.489+0000][1][safepoint    ] Safepoint "RevokeBias", Time since last: 1297386912 ns, Reaching safepoint: 91466 ns, At safepoint: 22377 ns, Total: 113843 ns
[2020-09-11T17:44:01.489+0000][1][safepoint    ] Safepoint "Cleanup", Time since last: 2000178750 ns, Reaching safepoint: 92728 ns, At safepoint: 8910 ns, Total: 101638 ns
[2020-09-11T17:44:03.146+0000][1][safepoint    ] Safepoint "RevokeBias", Time since last: 1656599395 ns, Reaching safepoint: 88221 ns, At safepoint: 24790 ns, Total: 113011 ns
[2020-09-11T17:44:03.198+0000][1][gc,start     ] GC(227) Pause Young (Allocation Failure)
[2020-09-11T17:44:03.198+0000][1][gc,task      ] GC(227) Using 1 workers of 1 for evacuation
[2020-09-11T17:44:03.203+0000][1][gc,age       ] GC(227) Desired survivor size 4358144 bytes, new threshold 6 (max threshold 6)
[2020-09-11T17:44:03.203+0000][1][gc,age       ] GC(227) Age table with threshold 6 (max threshold 6)
[2020-09-11T17:44:03.203+0000][1][gc,age       ] GC(227) - age   1:     121008 bytes,     121008 total
[2020-09-11T17:44:03.203+0000][1][gc,age       ] GC(227) - age   2:      25016 bytes,     146024 total
[2020-09-11T17:44:03.203+0000][1][gc,age       ] GC(227) - age   3:     325152 bytes,     471176 total
[2020-09-11T17:44:03.203+0000][1][gc,age       ] GC(227) - age   4:      22272 bytes,     493448 total
[2020-09-11T17:44:03.203+0000][1][gc,age       ] GC(227) - age   5:      35592 bytes,     529040 total
[2020-09-11T17:44:03.203+0000][1][gc,age       ] GC(227) - age   6:     341288 bytes,     870328 total
[2020-09-11T17:44:03.203+0000][1][gc,heap      ] GC(227) ParNew: 69700K->924K(76672K)
[2020-09-11T17:44:03.203+0000][1][gc,heap      ] GC(227) CMS: 126249K->126430K(439104K)
[2020-09-11T17:44:03.203+0000][1][gc,metaspace ] GC(227) Metaspace: 95758K->95758K(1136640K)
[2020-09-11T17:44:03.203+0000][1][gc           ] GC(227) Pause Young (Allocation Failure) 191M->124M(503M) 5.007ms
[2020-09-11T17:44:03.203+0000][1][gc,cpu       ] GC(227) User=0.01s Sys=0.00s Real=0.01s
[2020-09-11T17:44:03.208+0000][1][safepoint    ] Safepoint "GenCollectForAllocation", Time since last: 51856448 ns, Reaching safepoint: 101045 ns, At safepoint: 9680225 ns, Total: 9781270 ns
[2020-09-11T17:44:03.217+0000][1][safepoint    ] Safepoint "BulkRevokeBias", Time since last: 9119333 ns, Reaching safepoint: 97858 ns, At safepoint: 275594 ns, Total: 373452 ns
[2020-09-11T17:44:04.934+0000][1][safepoint    ] Safepoint "RevokeBias", Time since last: 1716392263 ns, Reaching safepoint: 90223 ns, At safepoint: 22457 ns, Total: 112680 ns
[2020-09-11T17:44:07.177+0000][1][safepoint    ] Safepoint "RevokeBias", Time since last: 2243533165 ns, Reaching safepoint: 89741 ns, At safepoint: 22689 ns, Total: 112430 ns
[2020-09-11T17:44:08.154+0000][1][safepoint    ] Safepoint "RevokeBias", Time since last: 976147006 ns, Reaching safepoint: 84908 ns, At safepoint: 21309 ns, Total: 106217 ns
[2020-09-11T17:44:08.226+0000][1][safepoint    ] Safepoint "RevokeBias", Time since last: 71935781 ns, Reaching safepoint: 167283 ns, At safepoint: 25490 ns, Total: 192773 ns
[2020-09-11T17:44:09.547+0000][1][safepoint    ] Safepoint "RevokeBias", Time since last: 1321616521 ns, Reaching safepoint: 109193 ns, At safepoint: 24514 ns, Total: 133707 ns
[2020-09-11T17:44:10.548+0000][1][safepoint    ] Safepoint "Cleanup", Time since last: 1000120584 ns, Reaching safepoint: 94810 ns, At safepoint: 9493 ns, Total: 104303 ns
[2020-09-11T17:44:11.548+0000][1][safepoint    ] Safepoint "Cleanup", Time since last: 1000116858 ns, Reaching safepoint: 118491 ns, At safepoint: 11435 ns, Total: 129926 ns
[2020-09-11T17:44:12.548+0000][1][safepoint    ] Safepoint "Cleanup", Time since last: 1000114544 ns, Reaching safepoint: 86676 ns, At safepoint: 10214 ns, Total: 96890 ns
[2020-09-11T17:44:13.163+0000][1][safepoint    ] Safepoint "RevokeBias", Time since last: 614294372 ns, Reaching safepoint: 111126 ns, At safepoint: 30001 ns, Total: 141127 ns
[2020-09-11T17:44:13.233+0000][1][safepoint    ] Safepoint "RevokeBias", Time since last: 70175720 ns, Reaching safepoint: 114294 ns, At safepoint: 24353 ns, Total: 138647 ns
[2020-09-11T17:44:14.233+0000][1][safepoint    ] Safepoint "Cleanup", Time since last: 1000110294 ns, Reaching safepoint: 90783 ns, At safepoint: 9299 ns, Total: 100082 ns
[2020-09-11T17:44:14.944+0000][1][safepoint    ] Safepoint "RevokeBias", Time since last: 710604588 ns, Reaching safepoint: 91737 ns, At safepoint: 22229 ns, Total: 113966 ns
[2020-09-11T17:44:15.944+0000][1][safepoint    ] Safepoint "Cleanup", Time since last: 1000105338 ns, Reaching safepoint: 88700 ns, At safepoint: 10420 ns, Total: 99120 ns
[2020-09-11T17:44:16.944+0000][1][safepoint    ] Safepoint "Cleanup", Time since last: 1000113634 ns, Reaching safepoint: 88784 ns, At safepoint: 7024 ns, Total: 95808 ns
[2020-09-11T17:44:17.200+0000][1][safepoint    ] Safepoint "RevokeBias", Time since last: 255274620 ns, Reaching safepoint: 91740 ns, At safepoint: 21450 ns, Total: 113190 ns
[2020-09-11T17:44:18.173+0000][1][safepoint    ] Safepoint "RevokeBias", Time since last: 972980253 ns, Reaching safepoint: 89929 ns, At safepoint: 25178 ns, Total: 115107 ns
[2020-09-11T17:44:18.240+0000][1][safepoint    ] Safepoint "RevokeBias", Time since last: 67610346 ns, Reaching safepoint: 92128 ns, At safepoint: 24806 ns, Total: 116934 ns
[2020-09-11T17:44:19.241+0000][1][safepoint    ] Safepoint "Cleanup", Time since last: 1000111163 ns, Reaching safepoint: 89289 ns, At safepoint: 9534 ns, Total: 98823 ns
[2020-09-11T17:44:19.547+0000][1][safepoint    ] Safepoint "RevokeBias", Time since last: 306202975 ns, Reaching safepoint: 97653 ns, At safepoint: 23571 ns, Total: 121224 ns
[2020-09-11T17:44:20.547+0000][1][safepoint    ] Safepoint "Cleanup", Time since last: 1000109381 ns, Reaching safepoint: 107233 ns, At safepoint: 10149 ns, Total: 117382 ns
[2020-09-11T17:44:21.547+0000][1][safepoint    ] Safepoint "Cleanup", Time since last: 1000113859 ns, Reaching safepoint: 90567 ns, At safepoint: 9870 ns, Total: 100437 ns
[2020-09-11T17:44:22.548+0000][1][safepoint    ] Safepoint "Cleanup", Time since last: 1000117511 ns, Reaching safepoint: 86726 ns, At safepoint: 6542 ns, Total: 93268 ns
[2020-09-11T17:44:23.182+0000][1][safepoint    ] Safepoint "RevokeBias", Time since last: 634620551 ns, Reaching safepoint: 89530 ns, At safepoint: 25478 ns, Total: 115008 ns
[2020-09-11T17:44:23.248+0000][1][safepoint    ] Safepoint "RevokeBias", Time since last: 65623382 ns, Reaching safepoint: 96123 ns, At safepoint: 25911 ns, Total: 122034 ns
[2020-09-11T17:44:24.248+0000][1][safepoint    ] Safepoint "Cleanup", Time since last: 1000131335 ns, Reaching safepoint: 89399 ns, At safepoint: 7339 ns, Total: 96738 ns
[2020-09-11T17:44:24.937+0000][1][safepoint    ] Safepoint "RevokeBias", Time since last: 688369493 ns, Reaching safepoint: 131636 ns, At safepoint: 24506 ns, Total: 156142 ns
[2020-09-11T17:44:25.234+0000][1][gc,start     ] GC(228) Pause Young (Allocation Failure)
[2020-09-11T17:44:25.234+0000][1][gc,task      ] GC(228) Using 1 workers of 1 for evacuation
[2020-09-11T17:44:25.243+0000][1][gc,age       ] GC(228) Desired survivor size 4358144 bytes, new threshold 6 (max threshold 6)
[2020-09-11T17:44:25.244+0000][1][gc,age       ] GC(228) Age table with threshold 6 (max threshold 6)
[2020-09-11T17:44:25.244+0000][1][gc,age       ] GC(228) - age   1:     108976 bytes,     108976 total
[2020-09-11T17:44:25.244+0000][1][gc,age       ] GC(228) - age   2:      68912 bytes,     177888 total
[2020-09-11T17:44:25.244+0000][1][gc,age       ] GC(228) - age   3:      21032 bytes,     198920 total
[2020-09-11T17:44:25.244+0000][1][gc,age       ] GC(228) - age   4:     324864 bytes,     523784 total
[2020-09-11T17:44:25.244+0000][1][gc,age       ] GC(228) - age   5:      22272 bytes,     546056 total
[2020-09-11T17:44:25.244+0000][1][gc,age       ] GC(228) - age   6:      35592 bytes,     581648 total
[2020-09-11T17:44:25.244+0000][1][gc,heap      ] GC(228) ParNew: 69084K->868K(76672K)
[2020-09-11T17:44:25.244+0000][1][gc,heap      ] GC(228) CMS: 126430K->126763K(439104K)
[2020-09-11T17:44:25.244+0000][1][gc,metaspace ] GC(228) Metaspace: 95781K->95781K(1136640K)
[2020-09-11T17:44:25.244+0000][1][gc           ] GC(228) Pause Young (Allocation Failure) 190M->124M(503M) 10.116ms
[2020-09-11T17:44:25.244+0000][1][gc,cpu       ] GC(228) User=0.01s Sys=0.00s Real=0.01s
[2020-09-11T17:44:25.244+0000][1][safepoint    ] Safepoint "GenCollectForAllocation", Time since last: 296598678 ns, Reaching safepoint: 80079 ns, At safepoint: 10185773 ns, Total: 10265852 ns
[2020-09-11T17:44:26.256+0000][1][safepoint    ] Safepoint "Cleanup", Time since last: 1012163518 ns, Reaching safepoint: 87123 ns, At safepoint: 21431 ns, Total: 108554 ns
[2020-09-11T17:44:27.184+0000][1][safepoint    ] Safepoint "RevokeBias", Time since last: 928253016 ns, Reaching safepoint: 93606 ns, At safepoint: 22689 ns, Total: 116295 ns
[2020-09-11T17:44:28.185+0000][1][safepoint    ] Safepoint "Cleanup", Time since last: 1000109729 ns, Reaching safepoint: 84026 ns, At safepoint: 8010 ns, Total: 92036 ns
[2020-09-11T17:44:28.192+0000][1][safepoint    ] Safepoint "RevokeBias", Time since last: 7325240 ns, Reaching safepoint: 87961 ns, At safepoint: 24227 ns, Total: 112188 ns
[2020-09-11T17:44:28.256+0000][1][safepoint    ] Safepoint "RevokeBias", Time since last: 63626138 ns, Reaching safepoint: 172550 ns, At safepoint: 27141 ns, Total: 199691 ns
[2020-09-11T17:44:29.256+0000][1][safepoint    ] Safepoint "Cleanup", Time since last: 1000108258 ns, Reaching safepoint: 82963 ns, At safepoint: 6729 ns, Total: 89692 ns
[2020-09-11T17:44:29.529+0000][1][safepoint    ] Safepoint "RevokeBias", Time since last: 272862964 ns, Reaching safepoint: 99996 ns, At safepoint: 23659 ns, Total: 123655 ns
[2020-09-11T17:44:30.529+0000][1][safepoint    ] Safepoint "Cleanup", Time since last: 1000105785 ns, Reaching safepoint: 86206 ns, At safepoint: 9695 ns, Total: 95901 ns
[2020-09-11T17:44:31.529+0000][1][safepoint    ] Safepoint "Cleanup", Time since last: 1000113387 ns, Reaching safepoint: 89027 ns, At safepoint: 9210 ns, Total: 98237 ns
[2020-09-11T17:44:32.530+0000][1][safepoint    ] Safepoint "Cleanup", Time since last: 1000112094 ns, Reaching safepoint: 87268 ns, At safepoint: 10008 ns, Total: 97276 ns
[2020-09-11T17:44:33.208+0000][1][safepoint    ] Safepoint "RevokeBias", Time since last: 678463028 ns, Reaching safepoint: 91834 ns, At safepoint: 25075 ns, Total: 116909 ns
[2020-09-11T17:44:33.263+0000][1][safepoint    ] Safepoint "RevokeBias", Time since last: 54706204 ns, Reaching safepoint: 90286 ns, At safepoint: 21494 ns, Total: 111780 ns
[2020-09-11T17:44:34.263+0000][1][safepoint    ] Safepoint "Cleanup", Time since last: 1000108462 ns, Reaching safepoint: 88488 ns, At safepoint: 8361 ns, Total: 96849 ns
[2020-09-11T17:44:34.844+0000][1][safepoint    ] Safepoint "RevokeBias", Time since last: 581097427 ns, Reaching safepoint: 89207 ns, At safepoint: 22352 ns, Total: 111559 ns
[2020-09-11T17:44:35.845+0000][1][safepoint    ] Safepoint "Cleanup", Time since last: 1000113558 ns, Reaching safepoint: 88620 ns, At safepoint: 8620 ns, Total: 97240 ns
[2020-09-11T17:44:36.845+0000][1][safepoint    ] Safepoint "Cleanup", Time since last: 1000216207 ns, Reaching safepoint: 114272 ns, At safepoint: 9471 ns, Total: 123743 ns
[2020-09-11T17:44:37.197+0000][1][safepoint    ] Safepoint "RevokeBias", Time since last: 351949014 ns, Reaching safepoint: 91604 ns, At safepoint: 21980 ns, Total: 113584 ns
[2020-09-11T17:44:38.197+0000][1][safepoint    ] Safepoint "Cleanup", Time since last: 1000109918 ns, Reaching safepoint: 87423 ns, At safepoint: 8760 ns, Total: 96183 ns
[2020-09-11T17:44:38.216+0000][1][safepoint    ] Safepoint "RevokeBias", Time since last: 18163218 ns, Reaching safepoint: 87573 ns, At safepoint: 24750 ns, Total: 112323 ns
[2020-09-11T17:44:38.271+0000][1][safepoint    ] Safepoint "RevokeBias", Time since last: 54912737 ns, Reaching safepoint: 94577 ns, At safepoint: 24187 ns, Total: 118764 ns
[2020-09-11T17:44:39.271+0000][1][safepoint    ] Safepoint "Cleanup", Time since last: 1000116273 ns, Reaching safepoint: 81536 ns, At safepoint: 6802 ns, Total: 88338 ns
[2020-09-11T17:44:39.477+0000][1][safepoint    ] Safepoint "RevokeBias", Time since last: 206015293 ns, Reaching safepoint: 178665 ns, At safepoint: 27162 ns, Total: 205827 ns
[2020-09-11T17:44:40.477+0000][1][safepoint    ] Safepoint "Cleanup", Time since last: 1000124055 ns, Reaching safepoint: 85884 ns, At safepoint: 8625 ns, Total: 94509 ns
[2020-09-11T17:44:41.477+0000][1][safepoint    ] Safepoint "Cleanup", Time since last: 1000109007 ns, Reaching safepoint: 88464 ns, At safepoint: 9296 ns, Total: 97760 ns
[2020-09-11T17:44:42.478+0000][1][safepoint    ] Safepoint "Cleanup", Time since last: 1000109239 ns, Reaching safepoint: 87742 ns, At safepoint: 8978 ns, Total: 96720 ns
[2020-09-11T17:44:43.230+0000][1][safepoint    ] Safepoint "RevokeBias", Time since last: 752159363 ns, Reaching safepoint: 85144 ns, At safepoint: 21328 ns, Total: 106472 ns
[2020-09-11T17:44:43.279+0000][1][safepoint    ] Safepoint "RevokeBias", Time since last: 49366480 ns, Reaching safepoint: 92001 ns, At safepoint: 24784 ns, Total: 116785 ns
[2020-09-11T17:44:44.280+0000][1][safepoint    ] Safepoint "Cleanup", Time since last: 1000113933 ns, Reaching safepoint: 89136 ns, At safepoint: 10036 ns, Total: 99172 ns
[2020-09-11T17:44:44.842+0000][1][safepoint    ] Safepoint "RevokeBias", Time since last: 561847174 ns, Reaching safepoint: 91394 ns, At safepoint: 21729 ns, Total: 113123 ns
[2020-09-11T17:44:45.842+0000][1][safepoint    ] Safepoint "Cleanup", Time since last: 1000109721 ns, Reaching safepoint: 91188 ns, At safepoint: 9234 ns, Total: 100422 ns
[2020-09-11T17:44:46.842+0000][1][safepoint    ] Safepoint "Cleanup", Time since last: 1000126498 ns, Reaching safepoint: 87973 ns, At safepoint: 9783 ns, Total: 97756 ns
[2020-09-11T17:44:47.114+0000][1][gc,start     ] GC(229) Pause Young (Allocation Failure)
[2020-09-11T17:44:47.114+0000][1][gc,task      ] GC(229) Using 1 workers of 1 for evacuation
[2020-09-11T17:44:47.123+0000][1][gc,age       ] GC(229) Desired survivor size 4358144 bytes, new threshold 6 (max threshold 6)
[2020-09-11T17:44:47.123+0000][1][gc,age       ] GC(229) Age table with threshold 6 (max threshold 6)
[2020-09-11T17:44:47.123+0000][1][gc,age       ] GC(229) - age   1:     173720 bytes,     173720 total
[2020-09-11T17:44:47.123+0000][1][gc,age       ] GC(229) - age   2:      39400 bytes,     213120 total
[2020-09-11T17:44:47.123+0000][1][gc,age       ] GC(229) - age   3:      68368 bytes,     281488 total
[2020-09-11T17:44:47.123+0000][1][gc,age       ] GC(229) - age   4:      21000 bytes,     302488 total
[2020-09-11T17:44:47.123+0000][1][gc,age       ] GC(229) - age   5:     324552 bytes,     627040 total
[2020-09-11T17:44:47.123+0000][1][gc,age       ] GC(229) - age   6:      22272 bytes,     649312 total
[2020-09-11T17:44:47.123+0000][1][gc,heap      ] GC(229) ParNew: 69028K->643K(76672K)
[2020-09-11T17:44:47.123+0000][1][gc,heap      ] GC(229) CMS: 126763K->126797K(439104K)
[2020-09-11T17:44:47.123+0000][1][gc,metaspace ] GC(229) Metaspace: 95781K->95781K(1136640K)
[2020-09-11T17:44:47.123+0000][1][gc           ] GC(229) Pause Young (Allocation Failure) 191M->124M(503M) 8.960ms
[2020-09-11T17:44:47.123+0000][1][gc,cpu       ] GC(229) User=0.01s Sys=0.00s Real=0.01s
[2020-09-11T17:44:47.129+0000][1][safepoint    ] Safepoint "GenCollectForAllocation", Time since last: 272209065 ns, Reaching safepoint: 80187 ns, At safepoint: 14514527 ns, Total: 14594714 ns
[2020-09-11T17:44:47.245+0000][1][safepoint    ] Safepoint "BulkRevokeBias", Time since last: 114902227 ns, Reaching safepoint: 1164954 ns, At safepoint: 228260 ns, Total: 1393214 ns
[2020-09-11T17:44:48.239+0000][1][safepoint    ] Safepoint "RevokeBias", Time since last: 994221335 ns, Reaching safepoint: 80596 ns, At safepoint: 17377 ns, Total: 97973 ns
[2020-09-11T17:44:48.292+0000][1][safepoint    ] Safepoint "RevokeBias", Time since last: 52190721 ns, Reaching safepoint: 94385 ns, At safepoint: 25777 ns, Total: 120162 ns
[2020-09-11T17:44:49.292+0000][1][safepoint    ] Safepoint "Cleanup", Time since last: 1000114270 ns, Reaching safepoint: 88637 ns, At safepoint: 8994 ns, Total: 97631 ns
[2020-09-11T17:44:49.486+0000][1][safepoint    ] Safepoint "RevokeBias", Time since last: 193882566 ns, Reaching safepoint: 164551 ns, At safepoint: 22385 ns, Total: 186936 ns
[2020-09-11T17:44:50.486+0000][1][safepoint    ] Safepoint "Cleanup", Time since last: 1000106749 ns, Reaching safepoint: 85313 ns, At safepoint: 9000 ns, Total: 94313 ns
[2020-09-11T17:44:51.486+0000][1][safepoint    ] Safepoint "Cleanup", Time since last: 1000111365 ns, Reaching safepoint: 87597 ns, At safepoint: 8855 ns, Total: 96452 ns
[2020-09-11T17:44:52.487+0000][1][safepoint    ] Safepoint "Cleanup", Time since last: 1000109511 ns, Reaching safepoint: 88147 ns, At safepoint: 6602 ns, Total: 94749 ns
[2020-09-11T17:44:53.246+0000][1][safepoint    ] Safepoint "RevokeBias", Time since last: 759524587 ns, Reaching safepoint: 88087 ns, At safepoint: 22218 ns, Total: 110305 ns
[2020-09-11T17:44:53.300+0000][1][safepoint    ] Safepoint "RevokeBias", Time since last: 53203653 ns, Reaching safepoint: 85161 ns, At safepoint: 22071 ns, Total: 107232 ns
[2020-09-11T17:44:54.300+0000][1][safepoint    ] Safepoint "Cleanup", Time since last: 1000110256 ns, Reaching safepoint: 87244 ns, At safepoint: 8674 ns, Total: 95918 ns
[2020-09-11T17:44:54.851+0000][1][safepoint    ] Safepoint "RevokeBias", Time since last: 551106238 ns, Reaching safepoint: 97658 ns, At safepoint: 23479 ns, Total: 121137 ns
[2020-09-11T17:44:55.851+0000][1][safepoint    ] Safepoint "Cleanup", Time since last: 1000111806 ns, Reaching safepoint: 99741 ns, At safepoint: 7183 ns, Total: 106924 ns
[2020-09-11T17:44:56.851+0000][1][safepoint    ] Safepoint "Cleanup", Time since last: 1000116829 ns, Reaching safepoint: 88217 ns, At safepoint: 9500 ns, Total: 97717 ns
[2020-09-11T17:44:57.160+0000][1][safepoint    ] Safepoint "RevokeBias", Time since last: 308186268 ns, Reaching safepoint: 92790 ns, At safepoint: 23164 ns, Total: 115954 ns
[2020-09-11T17:44:58.160+0000][1][safepoint    ] Safepoint "Cleanup", Time since last: 1000103041 ns, Reaching safepoint: 87717 ns, At safepoint: 9457 ns, Total: 97174 ns
[2020-09-11T17:44:58.253+0000][1][safepoint    ] Safepoint "RevokeBias", Time since last: 93475772 ns, Reaching safepoint: 87108 ns, At safepoint: 25338 ns, Total: 112446 ns
[2020-09-11T17:44:58.308+0000][1][safepoint    ] Safepoint "RevokeBias", Time since last: 53937573 ns, Reaching safepoint: 92820 ns, At safepoint: 23330 ns, Total: 116150 ns
[2020-09-11T17:44:59.308+0000][1][safepoint    ] Safepoint "Cleanup", Time since last: 1000115566 ns, Reaching safepoint: 87325 ns, At safepoint: 9525 ns, Total: 96850 ns
[2020-09-11T17:44:59.489+0000][1][safepoint    ] Safepoint "RevokeBias", Time since last: 181084171 ns, Reaching safepoint: 89473 ns, At safepoint: 21870 ns, Total: 111343 ns
[2020-09-11T17:45:00.489+0000][1][safepoint    ] Safepoint "Cleanup", Time since last: 1000105173 ns, Reaching safepoint: 88613 ns, At safepoint: 9544 ns, Total: 98157 ns
[2020-09-11T17:45:01.489+0000][1][safepoint    ] Safepoint "Cleanup", Time since last: 1000133476 ns, Reaching safepoint: 88602 ns, At safepoint: 9377 ns, Total: 97979 ns
[2020-09-11T17:45:02.490+0000][1][safepoint    ] Safepoint "Cleanup", Time since last: 1000108277 ns, Reaching safepoint: 86883 ns, At safepoint: 6525 ns, Total: 93408 ns
[2020-09-11T17:45:03.260+0000][1][safepoint    ] Safepoint "RevokeBias", Time since last: 770621919 ns, Reaching safepoint: 92466 ns, At safepoint: 28908 ns, Total: 121374 ns
[2020-09-11T17:45:03.314+0000][1][safepoint    ] Safepoint "RevokeBias", Time since last: 53737786 ns, Reaching safepoint: 90685 ns, At safepoint: 22965 ns, Total: 113650 ns
[2020-09-11T17:45:04.314+0000][1][safepoint    ] Safepoint "Cleanup", Time since last: 1000110588 ns, Reaching safepoint: 90903 ns, At safepoint: 9530 ns, Total: 100433 ns
[2020-09-11T17:45:04.915+0000][1][safepoint    ] Safepoint "RevokeBias", Time since last: 600582370 ns, Reaching safepoint: 87880 ns, At safepoint: 22835 ns, Total: 110715 ns
[2020-09-11T17:45:05.915+0000][1][safepoint    ] Safepoint "Cleanup", Time since last: 1000117953 ns, Reaching safepoint: 86725 ns, At safepoint: 8751 ns, Total: 95476 ns
[2020-09-11T17:45:06.823+0000][1][gc,start     ] GC(230) Pause Young (Allocation Failure)
[2020-09-11T17:45:06.823+0000][1][gc,task      ] GC(230) Using 1 workers of 1 for evacuation
[2020-09-11T17:45:06.832+0000][1][gc,age       ] GC(230) Desired survivor size 4358144 bytes, new threshold 6 (max threshold 6)
[2020-09-11T17:45:06.832+0000][1][gc,age       ] GC(230) Age table with threshold 6 (max threshold 6)
[2020-09-11T17:45:06.832+0000][1][gc,age       ] GC(230) - age   1:     154712 bytes,     154712 total
[2020-09-11T17:45:06.832+0000][1][gc,age       ] GC(230) - age   2:     121464 bytes,     276176 total
[2020-09-11T17:45:06.832+0000][1][gc,age       ] GC(230) - age   3:      37520 bytes,     313696 total
[2020-09-11T17:45:06.832+0000][1][gc,age       ] GC(230) - age   4:      68368 bytes,     382064 total
[2020-09-11T17:45:06.832+0000][1][gc,age       ] GC(230) - age   5:      21000 bytes,     403064 total
[2020-09-11T17:45:06.832+0000][1][gc,age       ] GC(230) - age   6:     324552 bytes,     727616 total
[2020-09-11T17:45:06.832+0000][1][gc,heap      ] GC(230) ParNew: 68803K->1272K(76672K)
[2020-09-11T17:45:06.832+0000][1][gc,heap      ] GC(230) CMS: 126797K->126819K(439104K)
[2020-09-11T17:45:06.832+0000][1][gc,metaspace ] GC(230) Metaspace: 95782K->95782K(1136640K)
[2020-09-11T17:45:06.832+0000][1][gc           ] GC(230) Pause Young (Allocation Failure) 191M->125M(503M) 9.192ms
[2020-09-11T17:45:06.832+0000][1][gc,cpu       ] GC(230) User=0.00s Sys=0.00s Real=0.00s
[2020-09-11T17:45:06.832+0000][1][safepoint    ] Safepoint "GenCollectForAllocation", Time since last: 907102698 ns, Reaching safepoint: 177499 ns, At safepoint: 9291259 ns, Total: 9468758 ns
[2020-09-11T17:45:07.323+0000][1][safepoint    ] Safepoint "RevokeBias", Time since last: 491464811 ns, Reaching safepoint: 99002 ns, At safepoint: 23194 ns, Total: 122196 ns
[2020-09-11T17:45:08.267+0000][1][safepoint    ] Safepoint "RevokeBias", Time since last: 943860652 ns, Reaching safepoint: 87358 ns, At safepoint: 24017 ns, Total: 111375 ns
[2020-09-11T17:45:08.323+0000][1][safepoint    ] Safepoint "RevokeBias", Time since last: 55090911 ns, Reaching safepoint: 172417 ns, At safepoint: 25300 ns, Total: 197717 ns
[2020-09-11T17:45:09.323+0000][1][safepoint    ] Safepoint "Cleanup", Time since last: 1000113823 ns, Reaching safepoint: 90565 ns, At safepoint: 9826 ns, Total: 100391 ns
[2020-09-11T17:45:09.494+0000][1][safepoint    ] Safepoint "RevokeBias", Time since last: 171322299 ns, Reaching safepoint: 91196 ns, At safepoint: 23084 ns, Total: 114280 ns
[2020-09-11T17:45:10.495+0000][1][safepoint    ] Safepoint "Cleanup", Time since last: 1000108679 ns, Reaching safepoint: 109748 ns, At safepoint: 9127 ns, Total: 118875 ns
[2020-09-11T17:45:11.495+0000][1][safepoint    ] Safepoint "Cleanup", Time since last: 1000111495 ns, Reaching safepoint: 94545 ns, At safepoint: 9895 ns, Total: 104440 ns
[2020-09-11T17:45:12.495+0000][1][safepoint    ] Safepoint "Cleanup", Time since last: 1000118041 ns, Reaching safepoint: 83425 ns, At safepoint: 6810 ns, Total: 90235 ns
[2020-09-11T17:45:13.275+0000][1][safepoint    ] Safepoint "RevokeBias", Time since last: 779596823 ns, Reaching safepoint: 97849 ns, At safepoint: 45355 ns, Total: 143204 ns
[2020-09-11T17:45:13.337+0000][1][safepoint    ] Safepoint "RevokeBias", Time since last: 62080166 ns, Reaching safepoint: 90124 ns, At safepoint: 23464 ns, Total: 113588 ns
[2020-09-11T17:45:14.337+0000][1][safepoint    ] Safepoint "Cleanup", Time since last: 1000110344 ns, Reaching safepoint: 90182 ns, At safepoint: 9334 ns, Total: 99516 ns
[2020-09-11T17:45:14.864+0000][1][safepoint    ] Safepoint "RevokeBias", Time since last: 527106865 ns, Reaching safepoint: 91694 ns, At safepoint: 21700 ns, Total: 113394 ns
[2020-09-11T17:45:15.865+0000][1][safepoint    ] Safepoint "Cleanup", Time since last: 1000112846 ns, Reaching safepoint: 84013 ns, At safepoint: 7252 ns, Total: 91265 ns
[2020-09-11T17:45:16.865+0000][1][safepoint    ] Safepoint "Cleanup", Time since last: 1000136051 ns, Reaching safepoint: 104846 ns, At safepoint: 8696 ns, Total: 113542 ns
[2020-09-11T17:45:17.220+0000][1][safepoint    ] Safepoint "RevokeBias", Time since last: 354850255 ns, Reaching safepoint: 90551 ns, At safepoint: 22069 ns, Total: 112620 ns
[2020-09-11T17:45:18.220+0000][1][safepoint    ] Safepoint "Cleanup", Time since last: 1000106782 ns, Reaching safepoint: 90716 ns, At safepoint: 9769 ns, Total: 100485 ns
[2020-09-11T17:45:18.282+0000][1][safepoint    ] Safepoint "BulkRevokeBias", Time since last: 61467415 ns, Reaching safepoint: 83867 ns, At safepoint: 396856 ns, Total: 480723 ns
[2020-09-11T17:45:18.346+0000][1][safepoint    ] Safepoint "RevokeBias", Time since last: 64106728 ns, Reaching safepoint: 92571 ns, At safepoint: 22956 ns, Total: 115527 ns
[2020-09-11T17:45:19.346+0000][1][safepoint    ] Safepoint "Cleanup", Time since last: 1000110417 ns, Reaching safepoint: 90187 ns, At safepoint: 22800 ns, Total: 112987 ns
[2020-09-11T17:45:19.540+0000][1][safepoint    ] Safepoint "RevokeBias", Time since last: 193413275 ns, Reaching safepoint: 91568 ns, At safepoint: 21134 ns, Total: 112702 ns
[2020-09-11T17:45:20.540+0000][1][safepoint    ] Safepoint "Cleanup", Time since last: 1000111920 ns, Reaching safepoint: 89201 ns, At safepoint: 10286 ns, Total: 99487 ns
[2020-09-11T17:45:21.540+0000][1][safepoint    ] Safepoint "Cleanup", Time since last: 1000117286 ns, Reaching safepoint: 89026 ns, At safepoint: 8984 ns, Total: 98010 ns
[2020-09-11T17:45:22.541+0000][1][safepoint    ] Safepoint "Cleanup", Time since last: 1000112710 ns, Reaching safepoint: 95315 ns, At safepoint: 10072 ns, Total: 105387 ns
[2020-09-11T17:45:23.289+0000][1][safepoint    ] Safepoint "RevokeBias", Time since last: 747916097 ns, Reaching safepoint: 159089 ns, At safepoint: 35654 ns, Total: 194743 ns
[2020-09-11T17:45:23.362+0000][1][safepoint    ] Safepoint "RevokeBias", Time since last: 72828223 ns, Reaching safepoint: 167552 ns, At safepoint: 26912 ns, Total: 194464 ns
[2020-09-11T17:45:24.417+0000][1][safepoint    ] Safepoint "Cleanup", Time since last: 1055125382 ns, Reaching safepoint: 107881 ns, At safepoint: 9649 ns, Total: 117530 ns
[2020-09-11T17:45:24.861+0000][1][safepoint    ] Safepoint "RevokeBias", Time since last: 444027246 ns, Reaching safepoint: 165649 ns, At safepoint: 23624 ns, Total: 189273 ns
[2020-09-11T17:45:25.861+0000][1][safepoint    ] Safepoint "Cleanup", Time since last: 1000111761 ns, Reaching safepoint: 85916 ns, At safepoint: 7437 ns, Total: 93353 ns
[2020-09-11T17:45:26.862+0000][1][safepoint    ] Safepoint "Cleanup", Time since last: 1000111549 ns, Reaching safepoint: 87453 ns, At safepoint: 7378 ns, Total: 94831 ns
[2020-09-11T17:45:27.136+0000][1][gc,start     ] GC(231) Pause Young (Allocation Failure)
[2020-09-11T17:45:27.136+0000][1][gc,task      ] GC(231) Using 1 workers of 1 for evacuation
[2020-09-11T17:45:27.153+0000][1][gc,age       ] GC(231) Desired survivor size 4358144 bytes, new threshold 6 (max threshold 6)
[2020-09-11T17:45:27.153+0000][1][gc,age       ] GC(231) Age table with threshold 6 (max threshold 6)
[2020-09-11T17:45:27.153+0000][1][gc,age       ] GC(231) - age   1:      94352 bytes,      94352 total
[2020-09-11T17:45:27.153+0000][1][gc,age       ] GC(231) - age   2:     100800 bytes,     195152 total
[2020-09-11T17:45:27.153+0000][1][gc,age       ] GC(231) - age   3:     116960 bytes,     312112 total
[2020-09-11T17:45:27.153+0000][1][gc,age       ] GC(231) - age   4:      37328 bytes,     349440 total
[2020-09-11T17:45:27.153+0000][1][gc,age       ] GC(231) - age   5:      68368 bytes,     417808 total
[2020-09-11T17:45:27.153+0000][1][gc,age       ] GC(231) - age   6:      21000 bytes,     438808 total
[2020-09-11T17:45:27.153+0000][1][gc,heap      ] GC(231) ParNew: 69432K->851K(76672K)
[2020-09-11T17:45:27.153+0000][1][gc,heap      ] GC(231) CMS: 126819K->127136K(439104K)
[2020-09-11T17:45:27.153+0000][1][gc,metaspace ] GC(231) Metaspace: 95782K->95782K(1136640K)
[2020-09-11T17:45:27.153+0000][1][gc           ] GC(231) Pause Young (Allocation Failure) 191M->124M(503M) 16.515ms
[2020-09-11T17:45:27.153+0000][1][gc,cpu       ] GC(231) User=0.01s Sys=0.00s Real=0.02s
[2020-09-11T17:45:27.153+0000][1][safepoint    ] Safepoint "GenCollectForAllocation", Time since last: 274721754 ns, Reaching safepoint: 82404 ns, At safepoint: 16581748 ns, Total: 16664152 ns
[2020-09-11T17:45:27.256+0000][1][safepoint    ] Safepoint "RevokeBias", Time since last: 103404576 ns, Reaching safepoint: 94853 ns, At safepoint: 25618 ns, Total: 120471 ns
[2020-09-11T17:45:28.257+0000][1][safepoint    ] Safepoint "Cleanup", Time since last: 1000104474 ns, Reaching safepoint: 87953 ns, At safepoint: 8143 ns, Total: 96096 ns
[2020-09-11T17:45:28.297+0000][1][safepoint    ] Safepoint "RevokeBias", Time since last: 40468446 ns, Reaching safepoint: 89275 ns, At safepoint: 25150 ns, Total: 114425 ns
[2020-09-11T17:45:28.372+0000][1][safepoint    ] Safepoint "RevokeBias", Time since last: 74495355 ns, Reaching safepoint: 92469 ns, At safepoint: 24177 ns, Total: 116646 ns
[2020-09-11T17:45:29.372+0000][1][safepoint    ] Safepoint "Cleanup", Time since last: 1000124327 ns, Reaching safepoint: 92481 ns, At safepoint: 6794 ns, Total: 99275 ns
[2020-09-11T17:45:29.513+0000][1][safepoint    ] Safepoint "RevokeBias", Time since last: 141061070 ns, Reaching safepoint: 89551 ns, At safepoint: 22331 ns, Total: 111882 ns
[2020-09-11T17:45:30.513+0000][1][safepoint    ] Safepoint "Cleanup", Time since last: 1000103989 ns, Reaching safepoint: 87010 ns, At safepoint: 8491 ns, Total: 95501 ns
[2020-09-11T17:45:31.514+0000][1][safepoint    ] Safepoint "Cleanup", Time since last: 1000113650 ns, Reaching safepoint: 87229 ns, At safepoint: 9327 ns, Total: 96556 ns
[2020-09-11T17:45:32.514+0000][1][safepoint    ] Safepoint "Cleanup", Time since last: 1000113735 ns, Reaching safepoint: 88474 ns, At safepoint: 9431 ns, Total: 97905 ns
[2020-09-11T17:45:33.308+0000][1][safepoint    ] Safepoint "RevokeBias", Time since last: 793951236 ns, Reaching safepoint: 87392 ns, At safepoint: 25128 ns, Total: 112520 ns
[2020-09-11T17:45:33.382+0000][1][safepoint    ] Safepoint "RevokeBias", Time since last: 73631176 ns, Reaching safepoint: 92029 ns, At safepoint: 25455 ns, Total: 117484 ns
[2020-09-11T17:45:34.382+0000][1][safepoint    ] Safepoint "Cleanup", Time since last: 1000107825 ns, Reaching safepoint: 87432 ns, At safepoint: 9036 ns, Total: 96468 ns
[2020-09-11T17:45:34.849+0000][1][safepoint    ] Safepoint "RevokeBias", Time since last: 467304681 ns, Reaching safepoint: 166066 ns, At safepoint: 21875 ns, Total: 187941 ns
[2020-09-11T17:45:35.851+0000][1][safepoint    ] Safepoint "Cleanup", Time since last: 1001933854 ns, Reaching safepoint: 89999 ns, At safepoint: 9737 ns, Total: 99736 ns
[2020-09-11T17:45:36.852+0000][1][safepoint    ] Safepoint "Cleanup", Time since last: 1000114563 ns, Reaching safepoint: 84274 ns, At safepoint: 6608 ns, Total: 90882 ns
[2020-09-11T17:45:37.165+0000][1][safepoint    ] Safepoint "RevokeBias", Time since last: 312992495 ns, Reaching safepoint: 117360 ns, At safepoint: 22656 ns, Total: 140016 ns
[2020-09-11T17:45:38.165+0000][1][safepoint    ] Safepoint "Cleanup", Time since last: 1000102544 ns, Reaching safepoint: 86132 ns, At safepoint: 6677 ns, Total: 92809 ns
[2020-09-11T17:45:38.330+0000][1][safepoint    ] Safepoint "RevokeBias", Time since last: 165147372 ns, Reaching safepoint: 88571 ns, At safepoint: 38877 ns, Total: 127448 ns
[2020-09-11T17:45:38.392+0000][1][safepoint    ] Safepoint "RevokeBias", Time since last: 61465155 ns, Reaching safepoint: 93326 ns, At safepoint: 26386 ns, Total: 119712 ns
[2020-09-11T17:45:39.392+0000][1][safepoint    ] Safepoint "Cleanup", Time since last: 1000108048 ns, Reaching safepoint: 81213 ns, At safepoint: 7945 ns, Total: 89158 ns
[2020-09-11T17:45:39.480+0000][1][safepoint    ] Safepoint "RevokeBias", Time since last: 87792708 ns, Reaching safepoint: 90520 ns, At safepoint: 22429 ns, Total: 112949 ns
[2020-09-11T17:45:40.480+0000][1][safepoint    ] Safepoint "Cleanup", Time since last: 1000109169 ns, Reaching safepoint: 85932 ns, At safepoint: 9098 ns, Total: 95030 ns
[2020-09-11T17:45:41.480+0000][1][safepoint    ] Safepoint "Cleanup", Time since last: 1000129067 ns, Reaching safepoint: 131016 ns, At safepoint: 7919 ns, Total: 138935 ns
[2020-09-11T17:45:42.481+0000][1][safepoint    ] Safepoint "Cleanup", Time since last: 1000106448 ns, Reaching safepoint: 86972 ns, At safepoint: 9235 ns, Total: 96207 ns
[2020-09-11T17:45:43.338+0000][1][safepoint    ] Safepoint "RevokeBias", Time since last: 857013457 ns, Reaching safepoint: 84492 ns, At safepoint: 24418 ns, Total: 108910 ns
[2020-09-11T17:45:43.399+0000][1][safepoint    ] Safepoint "RevokeBias", Time since last: 61284919 ns, Reaching safepoint: 90181 ns, At safepoint: 23200 ns, Total: 113381 ns
[2020-09-11T17:45:44.399+0000][1][safepoint    ] Safepoint "Cleanup", Time since last: 1000107286 ns, Reaching safepoint: 77863 ns, At safepoint: 5732 ns, Total: 83595 ns
[2020-09-11T17:45:44.950+0000][1][safepoint    ] Safepoint "RevokeBias", Time since last: 550502484 ns, Reaching safepoint: 92442 ns, At safepoint: 26025 ns, Total: 118467 ns
[2020-09-11T17:45:45.950+0000][1][safepoint    ] Safepoint "Cleanup", Time since last: 1000102571 ns, Reaching safepoint: 84466 ns, At safepoint: 6703 ns, Total: 91169 ns
[2020-09-11T17:45:46.950+0000][1][safepoint    ] Safepoint "Cleanup", Time since last: 1000119259 ns, Reaching safepoint: 86472 ns, At safepoint: 6796 ns, Total: 93268 ns
[2020-09-11T17:45:47.150+0000][1][gc,start     ] GC(232) Pause Young (Allocation Failure)
[2020-09-11T17:45:47.150+0000][1][gc,task      ] GC(232) Using 1 workers of 1 for evacuation
[2020-09-11T17:45:47.159+0000][1][gc,age       ] GC(232) Desired survivor size 4358144 bytes, new threshold 6 (max threshold 6)
[2020-09-11T17:45:47.159+0000][1][gc,age       ] GC(232) Age table with threshold 6 (max threshold 6)
[2020-09-11T17:45:47.159+0000][1][gc,age       ] GC(232) - age   1:     520224 bytes,     520224 total
[2020-09-11T17:45:47.159+0000][1][gc,age       ] GC(232) - age   2:      22856 bytes,     543080 total
[2020-09-11T17:45:47.159+0000][1][gc,age       ] GC(232) - age   3:      97632 bytes,     640712 total
[2020-09-11T17:45:47.159+0000][1][gc,age       ] GC(232) - age   4:     116960 bytes,     757672 total
[2020-09-11T17:45:47.159+0000][1][gc,age       ] GC(232) - age   5:      37328 bytes,     795000 total
[2020-09-11T17:45:47.159+0000][1][gc,age       ] GC(232) - age   6:      68368 bytes,     863368 total
[2020-09-11T17:45:47.159+0000][1][gc,heap      ] GC(232) ParNew: 69011K->1012K(76672K)
[2020-09-11T17:45:47.159+0000][1][gc,heap      ] GC(232) CMS: 127136K->127156K(439104K)
[2020-09-11T17:45:47.159+0000][1][gc,metaspace ] GC(232) Metaspace: 95783K->95783K(1136640K)
[2020-09-11T17:45:47.159+0000][1][gc           ] GC(232) Pause Young (Allocation Failure) 191M->125M(503M) 9.341ms
[2020-09-11T17:45:47.159+0000][1][gc,cpu       ] GC(232) User=0.00s Sys=0.00s Real=0.01s
[2020-09-11T17:45:47.159+0000][1][safepoint    ] Safepoint "GenCollectForAllocation", Time since last: 199411854 ns, Reaching safepoint: 178370 ns, At safepoint: 9392060 ns, Total: 9570430 ns
[2020-09-11T17:45:47.180+0000][1][safepoint    ] Safepoint "RevokeBias", Time since last: 20882526 ns, Reaching safepoint: 89417 ns, At safepoint: 33932 ns, Total: 123349 ns
[2020-09-11T17:45:48.182+0000][1][safepoint    ] Safepoint "Cleanup", Time since last: 1001068814 ns, Reaching safepoint: 89052 ns, At safepoint: 22096 ns, Total: 111148 ns
[2020-09-11T17:45:48.355+0000][1][safepoint    ] Safepoint "RevokeBias", Time since last: 172981882 ns, Reaching safepoint: 87319 ns, At safepoint: 36405 ns, Total: 123724 ns
[2020-09-11T17:45:48.407+0000][1][safepoint    ] Safepoint "RevokeBias", Time since last: 51977245 ns, Reaching safepoint: 93626 ns, At safepoint: 36489 ns, Total: 130115 ns
[2020-09-11T17:45:49.407+0000][1][safepoint    ] Safepoint "Cleanup", Time since last: 1000612320 ns, Reaching safepoint: 80715 ns, At safepoint: 19817 ns, Total: 100532 ns
[2020-09-11T17:45:49.480+0000][1][safepoint    ] Safepoint "RevokeBias", Time since last: 72250556 ns, Reaching safepoint: 89098 ns, At safepoint: 34132 ns, Total: 123230 ns
[2020-09-11T17:45:50.481+0000][1][safepoint    ] Safepoint "Cleanup", Time since last: 1000657518 ns, Reaching safepoint: 98362 ns, At safepoint: 26159 ns, Total: 124521 ns
[2020-09-11T17:45:51.481+0000][1][safepoint    ] Safepoint "Cleanup", Time since last: 1000118442 ns, Reaching safepoint: 105983 ns, At safepoint: 23981 ns, Total: 129964 ns
[2020-09-11T17:45:52.481+0000][1][safepoint    ] Safepoint "Cleanup", Time since last: 1000111488 ns, Reaching safepoint: 88694 ns, At safepoint: 9527 ns, Total: 98221 ns
[2020-09-11T17:45:53.361+0000][1][safepoint    ] Safepoint "RevokeBias", Time since last: 879805576 ns, Reaching safepoint: 166257 ns, At safepoint: 36208 ns, Total: 202465 ns
[2020-09-11T17:45:53.414+0000][1][safepoint    ] Safepoint "RevokeBias", Time since last: 53291262 ns, Reaching safepoint: 89551 ns, At safepoint: 25211 ns, Total: 114762 ns
[2020-09-11T17:45:54.415+0000][1][safepoint    ] Safepoint "Cleanup", Time since last: 1000113174 ns, Reaching safepoint: 96803 ns, At safepoint: 6753 ns, Total: 103556 ns
[2020-09-11T17:45:54.850+0000][1][safepoint    ] Safepoint "RevokeBias", Time since last: 434738102 ns, Reaching safepoint: 89729 ns, At safepoint: 22657 ns, Total: 112386 ns
[2020-09-11T17:45:55.850+0000][1][safepoint    ] Safepoint "Cleanup", Time since last: 1000102332 ns, Reaching safepoint: 89005 ns, At safepoint: 9309 ns, Total: 98314 ns
[2020-09-11T17:45:56.850+0000][1][safepoint    ] Safepoint "Cleanup", Time since last: 1000113231 ns, Reaching safepoint: 90104 ns, At safepoint: 9390 ns, Total: 99494 ns
[2020-09-11T17:45:57.202+0000][1][safepoint    ] Safepoint "RevokeBias", Time since last: 352324199 ns, Reaching safepoint: 94627 ns, At safepoint: 21636 ns, Total: 116263 ns
[2020-09-11T17:45:58.203+0000][1][safepoint    ] Safepoint "Cleanup", Time since last: 1000138204 ns, Reaching safepoint: 88876 ns, At safepoint: 9049 ns, Total: 97925 ns
[2020-09-11T17:45:58.390+0000][1][safepoint    ] Safepoint "RevokeBias", Time since last: 187155594 ns, Reaching safepoint: 86189 ns, At safepoint: 21590 ns, Total: 107779 ns
[2020-09-11T17:45:58.427+0000][1][safepoint    ] Safepoint "RevokeBias", Time since last: 37269986 ns, Reaching safepoint: 91174 ns, At safepoint: 23604 ns, Total: 114778 ns
[2020-09-11T17:45:59.428+0000][1][safepoint    ] Safepoint "Cleanup", Time since last: 1000139437 ns, Reaching safepoint: 87992 ns, At safepoint: 8620 ns, Total: 96612 ns
[2020-09-11T17:45:59.477+0000][1][safepoint    ] Safepoint "RevokeBias", Time since last: 49429119 ns, Reaching safepoint: 90090 ns, At safepoint: 21739 ns, Total: 111829 ns
[2020-09-11T17:46:00.477+0000][1][safepoint    ] Safepoint "Cleanup", Time since last: 1000102990 ns, Reaching safepoint: 86566 ns, At safepoint: 6659 ns, Total: 93225 ns
[2020-09-11T17:46:01.477+0000][1][safepoint    ] Safepoint "Cleanup", Time since last: 1000116053 ns, Reaching safepoint: 88611 ns, At safepoint: 9569 ns, Total: 98180 ns
[2020-09-11T17:46:02.478+0000][1][safepoint    ] Safepoint "Cleanup", Time since last: 1000112332 ns, Reaching safepoint: 89204 ns, At safepoint: 9056 ns, Total: 98260 ns
[2020-09-11T17:46:03.400+0000][1][safepoint    ] Safepoint "RevokeBias", Time since last: 921957243 ns, Reaching safepoint: 92023 ns, At safepoint: 25077 ns, Total: 117100 ns
[2020-09-11T17:46:03.439+0000][1][safepoint    ] Safepoint "RevokeBias", Time since last: 39052898 ns, Reaching safepoint: 87745 ns, At safepoint: 22377 ns, Total: 110122 ns
[2020-09-11T17:46:04.439+0000][1][safepoint    ] Safepoint "Cleanup", Time since last: 1000107287 ns, Reaching safepoint: 85742 ns, At safepoint: 6935 ns, Total: 92677 ns
[2020-09-11T17:46:04.850+0000][1][safepoint    ] Safepoint "RevokeBias", Time since last: 410528461 ns, Reaching safepoint: 164919 ns, At safepoint: 22999 ns, Total: 187918 ns
[2020-09-11T17:46:05.850+0000][1][safepoint    ] Safepoint "Cleanup", Time since last: 1000101347 ns, Reaching safepoint: 86777 ns, At safepoint: 8553 ns, Total: 95330 ns
[2020-09-11T17:46:06.850+0000][1][safepoint    ] Safepoint "Cleanup", Time since last: 1000127064 ns, Reaching safepoint: 106997 ns, At safepoint: 9070 ns, Total: 116067 ns
[2020-09-11T17:46:07.214+0000][1][safepoint    ] Safepoint "RevokeBias", Time since last: 363448015 ns, Reaching safepoint: 88869 ns, At safepoint: 22037 ns, Total: 110906 ns
[2020-09-11T17:46:07.383+0000][1][gc,start     ] GC(233) Pause Young (Allocation Failure)
[2020-09-11T17:46:07.383+0000][1][gc,task      ] GC(233) Using 1 workers of 1 for evacuation
[2020-09-11T17:46:07.393+0000][1][gc,age       ] GC(233) Desired survivor size 4358144 bytes, new threshold 6 (max threshold 6)
[2020-09-11T17:46:07.393+0000][1][gc,age       ] GC(233) Age table with threshold 6 (max threshold 6)
[2020-09-11T17:46:07.393+0000][1][gc,age       ] GC(233) - age   1:     232056 bytes,     232056 total
[2020-09-11T17:46:07.393+0000][1][gc,age       ] GC(233) - age   2:     376224 bytes,     608280 total
[2020-09-11T17:46:07.393+0000][1][gc,age       ] GC(233) - age   3:      21072 bytes,     629352 total
[2020-09-11T17:46:07.393+0000][1][gc,age       ] GC(233) - age   4:      97536 bytes,     726888 total
[2020-09-11T17:46:07.393+0000][1][gc,age       ] GC(233) - age   5:     116648 bytes,     843536 total
[2020-09-11T17:46:07.393+0000][1][gc,age       ] GC(233) - age   6:      37328 bytes,     880864 total
[2020-09-11T17:46:07.393+0000][1][gc,heap      ] GC(233) ParNew: 69161K->1146K(76672K)
[2020-09-11T17:46:07.393+0000][1][gc,heap      ] GC(233) CMS: 127156K->127223K(439104K)
[2020-09-11T17:46:07.393+0000][1][gc,metaspace ] GC(233) Metaspace: 95783K->95783K(1136640K)
[2020-09-11T17:46:07.393+0000][1][gc           ] GC(233) Pause Young (Allocation Failure) 191M->125M(503M) 9.498ms
[2020-09-11T17:46:07.393+0000][1][gc,cpu       ] GC(233) User=0.01s Sys=0.00s Real=0.00s
[2020-09-11T17:46:07.393+0000][1][safepoint    ] Safepoint "GenCollectForAllocation", Time since last: 169138798 ns, Reaching safepoint: 160480 ns, At safepoint: 9566653 ns, Total: 9727133 ns
[2020-09-11T17:46:08.396+0000][1][safepoint    ] Safepoint "Cleanup", Time since last: 1003440127 ns, Reaching safepoint: 96222 ns, At safepoint: 23113 ns, Total: 119335 ns
[2020-09-11T17:46:08.415+0000][1][safepoint    ] Safepoint "RevokeBias", Time since last: 18793998 ns, Reaching safepoint: 91169 ns, At safepoint: 37759 ns, Total: 128928 ns
[2020-09-11T17:46:08.471+0000][1][safepoint    ] Safepoint "RevokeBias", Time since last: 55893095 ns, Reaching safepoint: 92062 ns, At safepoint: 33928 ns, Total: 125990 ns
[2020-09-11T17:46:09.472+0000][1][safepoint    ] Safepoint "Cleanup", Time since last: 1000804835 ns, Reaching safepoint: 75870 ns, At safepoint: 17608 ns, Total: 93478 ns
[2020-09-11T17:46:09.475+0000][1][safepoint    ] Safepoint "RevokeBias", Time since last: 3025813 ns, Reaching safepoint: 88343 ns, At safepoint: 33993 ns, Total: 122336 ns
[2020-09-11T17:46:10.476+0000][1][safepoint    ] Safepoint "Cleanup", Time since last: 1000660909 ns, Reaching safepoint: 85575 ns, At safepoint: 20346 ns, Total: 105921 ns
[2020-09-11T17:46:11.476+0000][1][safepoint    ] Safepoint "Cleanup", Time since last: 1000107954 ns, Reaching safepoint: 84070 ns, At safepoint: 28124 ns, Total: 112194 ns
[2020-09-11T17:46:12.476+0000][1][safepoint    ] Safepoint "Cleanup", Time since last: 1000104768 ns, Reaching safepoint: 82684 ns, At safepoint: 6007 ns, Total: 88691 ns
[2020-09-11T17:46:13.427+0000][1][safepoint    ] Safepoint "RevokeBias", Time since last: 950026987 ns, Reaching safepoint: 106842 ns, At safepoint: 44743 ns, Total: 151585 ns
[2020-09-11T17:46:13.482+0000][1][safepoint    ] Safepoint "RevokeBias", Time since last: 55506542 ns, Reaching safepoint: 91285 ns, At safepoint: 25446 ns, Total: 116731 ns
[2020-09-11T17:46:14.482+0000][1][safepoint    ] Safepoint "Cleanup", Time since last: 1000115014 ns, Reaching safepoint: 87687 ns, At safepoint: 8733 ns, Total: 96420 ns
[2020-09-11T17:46:14.911+0000][1][safepoint    ] Safepoint "RevokeBias", Time since last: 428280095 ns, Reaching safepoint: 91678 ns, At safepoint: 24450 ns, Total: 116128 ns
[2020-09-11T17:46:15.911+0000][1][safepoint    ] Safepoint "Cleanup", Time since last: 1000121643 ns, Reaching safepoint: 82122 ns, At safepoint: 8176 ns, Total: 90298 ns
[2020-09-11T17:46:16.911+0000][1][safepoint    ] Safepoint "Cleanup", Time since last: 1000112022 ns, Reaching safepoint: 86003 ns, At safepoint: 7918 ns, Total: 93921 ns
[2020-09-11T17:46:17.227+0000][1][safepoint    ] Safepoint "BulkRevokeBias", Time since last: 315014567 ns, Reaching safepoint: 95018 ns, At safepoint: 340334 ns, Total: 435352 ns
[2020-09-11T17:46:18.227+0000][1][safepoint    ] Safepoint "Cleanup", Time since last: 1000106415 ns, Reaching safepoint: 87160 ns, At safepoint: 8455 ns, Total: 95615 ns
[2020-09-11T17:46:18.434+0000][1][safepoint    ] Safepoint "RevokeBias", Time since last: 206553004 ns, Reaching safepoint: 87868 ns, At safepoint: 51952 ns, Total: 139820 ns
[2020-09-11T17:46:18.489+0000][1][safepoint    ] Safepoint "RevokeBias", Time since last: 55078872 ns, Reaching safepoint: 120766 ns, At safepoint: 22490 ns, Total: 143256 ns
[2020-09-11T17:46:19.476+0000][1][safepoint    ] Safepoint "RevokeBias", Time since last: 986700493 ns, Reaching safepoint: 91630 ns, At safepoint: 22061 ns, Total: 113691 ns
[2020-09-11T17:46:20.476+0000][1][safepoint    ] Safepoint "Cleanup", Time since last: 1000109324 ns, Reaching safepoint: 86837 ns, At safepoint: 10301 ns, Total: 97138 ns
[2020-09-11T17:46:21.476+0000][1][safepoint    ] Safepoint "Cleanup", Time since last: 1000118027 ns, Reaching safepoint: 91035 ns, At safepoint: 10350 ns, Total: 101385 ns
[2020-09-11T17:46:22.476+0000][1][safepoint    ] Safepoint "Cleanup", Time since last: 1000115332 ns, Reaching safepoint: 87711 ns, At safepoint: 9403 ns, Total: 97114 ns
[2020-09-11T17:46:23.444+0000][1][safepoint    ] Safepoint "RevokeBias", Time since last: 967846334 ns, Reaching safepoint: 90256 ns, At safepoint: 23159 ns, Total: 113415 ns
[2020-09-11T17:46:23.496+0000][1][safepoint    ] Safepoint "RevokeBias", Time since last: 51792874 ns, Reaching safepoint: 94901 ns, At safepoint: 23290 ns, Total: 118191 ns
[2020-09-11T17:46:24.672+0000][1][safepoint    ] Safepoint "Cleanup", Time since last: 1176032847 ns, Reaching safepoint: 88347 ns, At safepoint: 9415 ns, Total: 97762 ns
[2020-09-11T17:46:24.925+0000][1][safepoint    ] Safepoint "RevokeBias", Time since last: 252170497 ns, Reaching safepoint: 96767 ns, At safepoint: 26953 ns, Total: 123720 ns
[2020-09-11T17:46:25.925+0000][1][safepoint    ] Safepoint "Cleanup", Time since last: 1000112567 ns, Reaching safepoint: 104065 ns, At safepoint: 9321 ns, Total: 113386 ns
[2020-09-11T17:46:27.188+0000][1][safepoint    ] Safepoint "RevokeBias", Time since last: 1262903742 ns, Reaching safepoint: 87874 ns, At safepoint: 22436 ns, Total: 110310 ns
[2020-09-11T17:46:28.451+0000][1][safepoint    ] Safepoint "RevokeBias", Time since last: 1262709006 ns, Reaching safepoint: 87475 ns, At safepoint: 23630 ns, Total: 111105 ns
[2020-09-11T17:46:28.505+0000][1][safepoint    ] Safepoint "BulkRevokeBias", Time since last: 53422313 ns, Reaching safepoint: 168190 ns, At safepoint: 335375 ns, Total: 503565 ns
[2020-09-11T17:46:29.457+0000][1][gc,start     ] GC(234) Pause Young (Allocation Failure)
[2020-09-11T17:46:29.457+0000][1][gc,task      ] GC(234) Using 1 workers of 1 for evacuation
[2020-09-11T17:46:29.467+0000][1][gc,age       ] GC(234) Desired survivor size 4358144 bytes, new threshold 6 (max threshold 6)
[2020-09-11T17:46:29.467+0000][1][gc,age       ] GC(234) Age table with threshold 6 (max threshold 6)
[2020-09-11T17:46:29.467+0000][1][gc,age       ] GC(234) - age   1:    1109216 bytes,    1109216 total
[2020-09-11T17:46:29.467+0000][1][gc,age       ] GC(234) - age   2:     142424 bytes,    1251640 total
[2020-09-11T17:46:29.467+0000][1][gc,age       ] GC(234) - age   3:     373352 bytes,    1624992 total
[2020-09-11T17:46:29.467+0000][1][gc,age       ] GC(234) - age   4:      20880 bytes,    1645872 total
[2020-09-11T17:46:29.467+0000][1][gc,age       ] GC(234) - age   5:      97536 bytes,    1743408 total
[2020-09-11T17:46:29.467+0000][1][gc,age       ] GC(234) - age   6:     116648 bytes,    1860056 total
[2020-09-11T17:46:29.467+0000][1][gc,heap      ] GC(234) ParNew: 69306K->2197K(76672K)
[2020-09-11T17:46:29.467+0000][1][gc,heap      ] GC(234) CMS: 127223K->127260K(439104K)
[2020-09-11T17:46:29.467+0000][1][gc,metaspace ] GC(234) Metaspace: 95784K->95784K(1136640K)
[2020-09-11T17:46:29.467+0000][1][gc           ] GC(234) Pause Young (Allocation Failure) 191M->126M(503M) 9.885ms
[2020-09-11T17:46:29.467+0000][1][gc,cpu       ] GC(234) User=0.01s Sys=0.00s Real=0.01s
[2020-09-11T17:46:29.467+0000][1][safepoint    ] Safepoint "GenCollectForAllocation", Time since last: 950865745 ns, Reaching safepoint: 1423613 ns, At safepoint: 9958369 ns, Total: 11381982 ns
[2020-09-11T17:46:29.494+0000][1][safepoint    ] Safepoint "RevokeBias", Time since last: 26604258 ns, Reaching safepoint: 91217 ns, At safepoint: 34595 ns, Total: 125812 ns
[2020-09-11T17:46:31.494+0000][1][safepoint    ] Safepoint "Cleanup", Time since last: 2000181841 ns, Reaching safepoint: 88672 ns, At safepoint: 10639 ns, Total: 99311 ns
[2020-09-11T17:46:32.494+0000][1][safepoint    ] Safepoint "Cleanup", Time since last: 1000114283 ns, Reaching safepoint: 87122 ns, At safepoint: 9664 ns, Total: 96786 ns
[2020-09-11T17:46:33.466+0000][1][safepoint    ] Safepoint "RevokeBias", Time since last: 972346111 ns, Reaching safepoint: 84863 ns, At safepoint: 21603 ns, Total: 106466 ns
[2020-09-11T17:46:33.512+0000][1][safepoint    ] Safepoint "RevokeBias", Time since last: 45384160 ns, Reaching safepoint: 89891 ns, At safepoint: 23412 ns, Total: 113303 ns
[2020-09-11T17:46:34.512+0000][1][safepoint    ] Safepoint "Cleanup", Time since last: 1000113117 ns, Reaching safepoint: 87783 ns, At safepoint: 9572 ns, Total: 97355 ns
[2020-09-11T17:46:34.859+0000][1][safepoint    ] Safepoint "RevokeBias", Time since last: 346165841 ns, Reaching safepoint: 163969 ns, At safepoint: 23649 ns, Total: 187618 ns
[2020-09-11T17:46:35.859+0000][1][safepoint    ] Safepoint "Cleanup", Time since last: 1000102108 ns, Reaching safepoint: 84667 ns, At safepoint: 8344 ns, Total: 93011 ns
[2020-09-11T17:46:36.859+0000][1][safepoint    ] Safepoint "Cleanup", Time since last: 1000112973 ns, Reaching safepoint: 84998 ns, At safepoint: 7556 ns, Total: 92554 ns
[2020-09-11T17:46:37.183+0000][1][safepoint    ] Safepoint "RevokeBias", Time since last: 324075841 ns, Reaching safepoint: 92161 ns, At safepoint: 22258 ns, Total: 114419 ns
[2020-09-11T17:46:38.183+0000][1][safepoint    ] Safepoint "Cleanup", Time since last: 1000112234 ns, Reaching safepoint: 87278 ns, At safepoint: 9907 ns, Total: 97185 ns
[2020-09-11T17:46:38.479+0000][1][safepoint    ] Safepoint "RevokeBias", Time since last: 295106260 ns, Reaching safepoint: 89261 ns, At safepoint: 25549 ns, Total: 114810 ns
[2020-09-11T17:46:38.519+0000][1][safepoint    ] Safepoint "RevokeBias", Time since last: 40549469 ns, Reaching safepoint: 88481 ns, At safepoint: 21500 ns, Total: 109981 ns
[2020-09-11T17:46:39.519+0000][1][safepoint    ] Safepoint "Cleanup", Time since last: 1000107256 ns, Reaching safepoint: 121503 ns, At safepoint: 7643 ns, Total: 129146 ns
[2020-09-11T17:46:39.541+0000][1][safepoint    ] Safepoint "RevokeBias", Time since last: 21697401 ns, Reaching safepoint: 165885 ns, At safepoint: 23077 ns, Total: 188962 ns
[2020-09-11T17:46:40.542+0000][1][safepoint    ] Safepoint "Cleanup", Time since last: 1000108486 ns, Reaching safepoint: 90587 ns, At safepoint: 9838 ns, Total: 100425 ns
[2020-09-11T17:46:41.542+0000][1][safepoint    ] Safepoint "Cleanup", Time since last: 1000115681 ns, Reaching safepoint: 100512 ns, At safepoint: 11726 ns, Total: 112238 ns
[2020-09-11T17:46:42.542+0000][1][safepoint    ] Safepoint "Cleanup", Time since last: 1000112532 ns, Reaching safepoint: 109634 ns, At safepoint: 9822 ns, Total: 119456 ns
[2020-09-11T17:46:43.495+0000][1][safepoint    ] Safepoint "RevokeBias", Time since last: 953126951 ns, Reaching safepoint: 89601 ns, At safepoint: 45593 ns, Total: 135194 ns
[2020-09-11T17:46:43.527+0000][1][safepoint    ] Safepoint "RevokeBias", Time since last: 31283095 ns, Reaching safepoint: 92346 ns, At safepoint: 23963 ns, Total: 116309 ns
[2020-09-11T17:46:44.527+0000][1][safepoint    ] Safepoint "Cleanup", Time since last: 1000124886 ns, Reaching safepoint: 87751 ns, At safepoint: 9180 ns, Total: 96931 ns
[2020-09-11T17:46:44.917+0000][1][safepoint    ] Safepoint "RevokeBias", Time since last: 390375101 ns, Reaching safepoint: 173782 ns, At safepoint: 25692 ns, Total: 199474 ns
[2020-09-11T17:46:45.918+0000][1][safepoint    ] Safepoint "Cleanup", Time since last: 1000109394 ns, Reaching safepoint: 87384 ns, At safepoint: 10697 ns, Total: 98081 ns
[2020-09-11T17:46:46.918+0000][1][safepoint    ] Safepoint "Cleanup", Time since last: 1000116982 ns, Reaching safepoint: 107227 ns, At safepoint: 9878 ns, Total: 117105 ns
[2020-09-11T17:46:47.310+0000][1][safepoint    ] Safepoint "RevokeBias", Time since last: 391847134 ns, Reaching safepoint: 86398 ns, At safepoint: 22061 ns, Total: 108459 ns
[2020-09-11T17:46:48.310+0000][1][safepoint    ] Safepoint "Cleanup", Time since last: 1000104766 ns, Reaching safepoint: 85409 ns, At safepoint: 9315 ns, Total: 94724 ns
[2020-09-11T17:46:48.507+0000][1][safepoint    ] Safepoint "RevokeBias", Time since last: 197226872 ns, Reaching safepoint: 90624 ns, At safepoint: 25374 ns, Total: 115998 ns
[2020-09-11T17:46:48.534+0000][1][safepoint    ] Safepoint "RevokeBias", Time since last: 26760933 ns, Reaching safepoint: 170980 ns, At safepoint: 26242 ns, Total: 197222 ns
[2020-09-11T17:46:49.474+0000][1][safepoint    ] Safepoint "RevokeBias", Time since last: 939166260 ns, Reaching safepoint: 91056 ns, At safepoint: 22775 ns, Total: 113831 ns
[2020-09-11T17:46:49.943+0000][1][gc,start     ] GC(235) Pause Young (Allocation Failure)
[2020-09-11T17:46:49.943+0000][1][gc,task      ] GC(235) Using 1 workers of 1 for evacuation
[2020-09-11T17:46:49.951+0000][1][gc,age       ] GC(235) Desired survivor size 4358144 bytes, new threshold 6 (max threshold 6)
[2020-09-11T17:46:49.951+0000][1][gc,age       ] GC(235) Age table with threshold 6 (max threshold 6)
[2020-09-11T17:46:49.951+0000][1][gc,age       ] GC(235) - age   1:      76752 bytes,      76752 total
[2020-09-11T17:46:49.951+0000][1][gc,age       ] GC(235) - age   2:    1037192 bytes,    1113944 total
[2020-09-11T17:46:49.951+0000][1][gc,age       ] GC(235) - age   3:     137896 bytes,    1251840 total
[2020-09-11T17:46:49.951+0000][1][gc,age       ] GC(235) - age   4:     373352 bytes,    1625192 total
[2020-09-11T17:46:49.951+0000][1][gc,age       ] GC(235) - age   5:      20880 bytes,    1646072 total
[2020-09-11T17:46:49.951+0000][1][gc,age       ] GC(235) - age   6:      97536 bytes,    1743608 total
[2020-09-11T17:46:49.951+0000][1][gc,heap      ] GC(235) ParNew: 70357K->3090K(76672K)
[2020-09-11T17:46:49.951+0000][1][gc,heap      ] GC(235) CMS: 127260K->127374K(439104K)
[2020-09-11T17:46:49.951+0000][1][gc,metaspace ] GC(235) Metaspace: 95784K->95784K(1136640K)
[2020-09-11T17:46:49.951+0000][1][gc           ] GC(235) Pause Young (Allocation Failure) 192M->127M(503M) 8.255ms
[2020-09-11T17:46:49.951+0000][1][gc,cpu       ] GC(235) User=0.01s Sys=0.00s Real=0.00s
[2020-09-11T17:46:49.953+0000][1][safepoint    ] Safepoint "GenCollectForAllocation", Time since last: 468850207 ns, Reaching safepoint: 155988 ns, At safepoint: 10153525 ns, Total: 10309513 ns
[2020-09-11T17:46:50.961+0000][1][safepoint    ] Safepoint "Cleanup", Time since last: 1008055286 ns, Reaching safepoint: 83853 ns, At safepoint: 19317 ns, Total: 103170 ns
[2020-09-11T17:46:51.961+0000][1][safepoint    ] Safepoint "Cleanup", Time since last: 1000105633 ns, Reaching safepoint: 96023 ns, At safepoint: 20060 ns, Total: 116083 ns
[2020-09-11T17:46:52.961+0000][1][safepoint    ] Safepoint "Cleanup", Time since last: 1000113360 ns, Reaching safepoint: 83824 ns, At safepoint: 21101 ns, Total: 104925 ns
[2020-09-11T17:46:53.515+0000][1][safepoint    ] Safepoint "RevokeBias", Time since last: 553120622 ns, Reaching safepoint: 88443 ns, At safepoint: 37090 ns, Total: 125533 ns
[2020-09-11T17:46:53.542+0000][1][safepoint    ] Safepoint "RevokeBias", Time since last: 27195696 ns, Reaching safepoint: 93709 ns, At safepoint: 36939 ns, Total: 130648 ns
[2020-09-11T17:46:54.543+0000][1][safepoint    ] Safepoint "Cleanup", Time since last: 1000607904 ns, Reaching safepoint: 90639 ns, At safepoint: 9049 ns, Total: 99688 ns
[2020-09-11T17:46:54.858+0000][1][safepoint    ] Safepoint "RevokeBias", Time since last: 314726586 ns, Reaching safepoint: 96195 ns, At safepoint: 24766 ns, Total: 120961 ns
[2020-09-11T17:46:55.858+0000][1][safepoint    ] Safepoint "Cleanup", Time since last: 1000108801 ns, Reaching safepoint: 88448 ns, At safepoint: 9110 ns, Total: 97558 ns
[2020-09-11T17:46:56.858+0000][1][safepoint    ] Safepoint "Cleanup", Time since last: 1000115059 ns, Reaching safepoint: 87152 ns, At safepoint: 9589 ns, Total: 96741 ns
[2020-09-11T17:46:57.269+0000][1][safepoint    ] Safepoint "RevokeBias", Time since last: 410936435 ns, Reaching safepoint: 89566 ns, At safepoint: 22693 ns, Total: 112259 ns
[2020-09-11T17:46:58.269+0000][1][safepoint    ] Safepoint "Cleanup", Time since last: 1000110112 ns, Reaching safepoint: 94912 ns, At safepoint: 10658 ns, Total: 105570 ns
[2020-09-11T17:46:58.527+0000][1][safepoint    ] Safepoint "RevokeBias", Time since last: 257480965 ns, Reaching safepoint: 87457 ns, At safepoint: 25498 ns, Total: 112955 ns
[2020-09-11T17:46:58.549+0000][1][safepoint    ] Safepoint "RevokeBias", Time since last: 21973180 ns, Reaching safepoint: 89907 ns, At safepoint: 21734 ns, Total: 111641 ns
[2020-09-11T17:46:59.479+0000][1][safepoint    ] Safepoint "RevokeBias", Time since last: 929880081 ns, Reaching safepoint: 91723 ns, At safepoint: 21644 ns, Total: 113367 ns
[2020-09-11T17:47:00.479+0000][1][safepoint    ] Safepoint "Cleanup", Time since last: 1000107982 ns, Reaching safepoint: 87649 ns, At safepoint: 9074 ns, Total: 96723 ns
[2020-09-11T17:47:01.479+0000][1][safepoint    ] Safepoint "Cleanup", Time since last: 1000119465 ns, Reaching safepoint: 85833 ns, At safepoint: 6865 ns, Total: 92698 ns
[2020-09-11T17:47:02.480+0000][1][safepoint    ] Safepoint "Cleanup", Time since last: 1000116898 ns, Reaching safepoint: 92253 ns, At safepoint: 9856 ns, Total: 102109 ns
[2020-09-11T17:47:03.480+0000][1][safepoint    ] Safepoint "Cleanup", Time since last: 1000116732 ns, Reaching safepoint: 85731 ns, At safepoint: 7428 ns, Total: 93159 ns
[2020-09-11T17:47:03.547+0000][1][safepoint    ] Safepoint "RevokeBias", Time since last: 67468690 ns, Reaching safepoint: 88752 ns, At safepoint: 25739 ns, Total: 114491 ns
[2020-09-11T17:47:03.560+0000][1][safepoint    ] Safepoint "RevokeBias", Time since last: 12783419 ns, Reaching safepoint: 93155 ns, At safepoint: 34445 ns, Total: 127600 ns
[2020-09-11T17:47:04.560+0000][1][safepoint    ] Safepoint "Cleanup", Time since last: 1000130276 ns, Reaching safepoint: 85920 ns, At safepoint: 9713 ns, Total: 95633 ns
[2020-09-11T17:47:04.848+0000][1][safepoint    ] Safepoint "RevokeBias", Time since last: 287345914 ns, Reaching safepoint: 170692 ns, At safepoint: 23092 ns, Total: 193784 ns
[2020-09-11T17:47:05.848+0000][1][safepoint    ] Safepoint "Cleanup", Time since last: 1000111709 ns, Reaching safepoint: 87994 ns, At safepoint: 9927 ns, Total: 97921 ns
[2020-09-11T17:47:06.848+0000][1][safepoint    ] Safepoint "Cleanup", Time since last: 1000132109 ns, Reaching safepoint: 85428 ns, At safepoint: 7469 ns, Total: 92897 ns
[2020-09-11T17:47:07.280+0000][1][safepoint    ] Safepoint "RevokeBias", Time since last: 431319080 ns, Reaching safepoint: 94820 ns, At safepoint: 26807 ns, Total: 121627 ns
[2020-09-11T17:47:08.280+0000][1][safepoint    ] Safepoint "Cleanup", Time since last: 1000115701 ns, Reaching safepoint: 88664 ns, At safepoint: 9397 ns, Total: 98061 ns
[2020-09-11T17:47:08.570+0000][1][safepoint    ] Safepoint "RevokeBias", Time since last: 289443849 ns, Reaching safepoint: 87236 ns, At safepoint: 24990 ns, Total: 112226 ns
[2020-09-11T17:47:08.573+0000][1][safepoint    ] Safepoint "RevokeBias", Time since last: 3216239 ns, Reaching safepoint: 166785 ns, At safepoint: 25311 ns, Total: 192096 ns
[2020-09-11T17:47:08.733+0000][1][gc,start     ] GC(236) Pause Young (Allocation Failure)
[2020-09-11T17:47:08.733+0000][1][gc,task      ] GC(236) Using 1 workers of 1 for evacuation
[2020-09-11T17:47:08.740+0000][1][gc,age       ] GC(236) Desired survivor size 4358144 bytes, new threshold 6 (max threshold 6)
[2020-09-11T17:47:08.740+0000][1][gc,age       ] GC(236) Age table with threshold 6 (max threshold 6)
[2020-09-11T17:47:08.740+0000][1][gc,age       ] GC(236) - age   1:     146272 bytes,     146272 total
[2020-09-11T17:47:08.740+0000][1][gc,age       ] GC(236) - age   2:      23208 bytes,     169480 total
[2020-09-11T17:47:08.740+0000][1][gc,age       ] GC(236) - age   3:    1034864 bytes,    1204344 total
[2020-09-11T17:47:08.740+0000][1][gc,age       ] GC(236) - age   4:     137800 bytes,    1342144 total
[2020-09-11T17:47:08.740+0000][1][gc,age       ] GC(236) - age   5:     373040 bytes,    1715184 total
[2020-09-11T17:47:08.740+0000][1][gc,age       ] GC(236) - age   6:      20880 bytes,    1736064 total
[2020-09-11T17:47:08.741+0000][1][gc,heap      ] GC(236) ParNew: 71250K->2049K(76672K)
[2020-09-11T17:47:08.741+0000][1][gc,heap      ] GC(236) CMS: 127374K->127469K(439104K)
[2020-09-11T17:47:08.741+0000][1][gc,metaspace ] GC(236) Metaspace: 95784K->95784K(1136640K)
[2020-09-11T17:47:08.741+0000][1][gc           ] GC(236) Pause Young (Allocation Failure) 193M->126M(503M) 7.697ms
[2020-09-11T17:47:08.741+0000][1][gc,cpu       ] GC(236) User=0.00s Sys=0.00s Real=0.00s
[2020-09-11T17:47:08.741+0000][1][safepoint    ] Safepoint "GenCollectForAllocation", Time since last: 159658551 ns, Reaching safepoint: 146513 ns, At safepoint: 7812459 ns, Total: 7958972 ns
[2020-09-11T17:47:09.494+0000][1][safepoint    ] Safepoint "RevokeBias", Time since last: 753000897 ns, Reaching safepoint: 90895 ns, At safepoint: 32188 ns, Total: 123083 ns
[2020-09-11T17:47:10.495+0000][1][safepoint    ] Safepoint "Cleanup", Time since last: 1000648106 ns, Reaching safepoint: 88825 ns, At safepoint: 23806 ns, Total: 112631 ns
[2020-09-11T17:47:11.495+0000][1][safepoint    ] Safepoint "Cleanup", Time since last: 1000112125 ns, Reaching safepoint: 85275 ns, At safepoint: 20007 ns, Total: 105282 ns
[2020-09-11T17:47:13.582+0000][1][safepoint    ] Safepoint "RevokeBias", Time since last: 2086823487 ns, Reaching safepoint: 122298 ns, At safepoint: 25898 ns, Total: 148196 ns
[2020-09-11T17:47:13.585+0000][1][safepoint    ] Safepoint "RevokeBias", Time since last: 3212180 ns, Reaching safepoint: 87269 ns, At safepoint: 21064 ns, Total: 108333 ns
[2020-09-11T17:47:14.886+0000][1][safepoint    ] Safepoint "RevokeBias", Time since last: 1300501098 ns, Reaching safepoint: 174408 ns, At safepoint: 22245 ns, Total: 196653 ns
[2020-09-11T17:47:17.209+0000][1][safepoint    ] Safepoint "RevokeBias", Time since last: 2322775269 ns, Reaching safepoint: 90279 ns, At safepoint: 22822 ns, Total: 113101 ns
[2020-09-11T17:47:18.592+0000][1][safepoint    ] Safepoint "RevokeBias", Time since last: 1383577771 ns, Reaching safepoint: 90438 ns, At safepoint: 23633 ns, Total: 114071 ns
[2020-09-11T17:47:18.597+0000][1][safepoint    ] Safepoint "RevokeBias", Time since last: 4841082 ns, Reaching safepoint: 93120 ns, At safepoint: 25129 ns, Total: 118249 ns
[2020-09-11T17:47:19.554+0000][1][safepoint    ] Safepoint "RevokeBias", Time since last: 956408920 ns, Reaching safepoint: 97380 ns, At safepoint: 25884 ns, Total: 123264 ns
[2020-09-11T17:47:23.607+0000][1][safepoint    ] Safepoint "RevokeBias", Time since last: 4052835728 ns, Reaching safepoint: 92568 ns, At safepoint: 24282 ns, Total: 116850 ns
[2020-09-11T17:47:23.609+0000][1][safepoint    ] Safepoint "RevokeBias", Time since last: 2145847 ns, Reaching safepoint: 87158 ns, At safepoint: 23063 ns, Total: 110221 ns
[2020-09-11T17:47:24.879+0000][1][safepoint    ] Safepoint "RevokeBias", Time since last: 1270016086 ns, Reaching safepoint: 96037 ns, At safepoint: 24808 ns, Total: 120845 ns
[2020-09-11T17:47:25.879+0000][1][safepoint    ] Safepoint "Cleanup", Time since last: 1000110320 ns, Reaching safepoint: 91936 ns, At safepoint: 9886 ns, Total: 101822 ns
[2020-09-11T17:47:27.205+0000][1][safepoint    ] Safepoint "RevokeBias", Time since last: 1325950812 ns, Reaching safepoint: 93544 ns, At safepoint: 21721 ns, Total: 115265 ns
[2020-09-11T17:47:28.619+0000][1][safepoint    ] Safepoint "RevokeBias", Time since last: 1413246840 ns, Reaching safepoint: 90560 ns, At safepoint: 23599 ns, Total: 114159 ns
[2020-09-11T17:47:28.621+0000][1][safepoint    ] Safepoint "RevokeBias", Time since last: 2262272 ns, Reaching safepoint: 168048 ns, At safepoint: 24889 ns, Total: 192937 ns
[2020-09-11T17:47:29.478+0000][1][safepoint    ] Safepoint "RevokeBias", Time since last: 856258818 ns, Reaching safepoint: 166900 ns, At safepoint: 24451 ns, Total: 191351 ns
[2020-09-11T17:47:33.633+0000][1][safepoint    ] Safepoint "RevokeBias", Time since last: 4155512075 ns, Reaching safepoint: 88887 ns, At safepoint: 23734 ns, Total: 112621 ns
[2020-09-11T17:47:33.637+0000][1][safepoint    ] Safepoint "RevokeBias", Time since last: 3337055 ns, Reaching safepoint: 127995 ns, At safepoint: 25183 ns, Total: 153178 ns
[2020-09-11T17:47:33.994+0000][1][gc,start     ] GC(237) Pause Young (Allocation Failure)
[2020-09-11T17:47:33.994+0000][1][gc,task      ] GC(237) Using 1 workers of 1 for evacuation
[2020-09-11T17:47:33.999+0000][1][gc,age       ] GC(237) Desired survivor size 4358144 bytes, new threshold 6 (max threshold 6)
[2020-09-11T17:47:33.999+0000][1][gc,age       ] GC(237) Age table with threshold 6 (max threshold 6)
[2020-09-11T17:47:33.999+0000][1][gc,age       ] GC(237) - age   1:      88456 bytes,      88456 total
[2020-09-11T17:47:33.999+0000][1][gc,age       ] GC(237) - age   2:      25656 bytes,     114112 total
[2020-09-11T17:47:33.999+0000][1][gc,age       ] GC(237) - age   3:      21016 bytes,     135128 total
[2020-09-11T17:47:33.999+0000][1][gc,age       ] GC(237) - age   4:    1034672 bytes,    1169800 total
[2020-09-11T17:47:33.999+0000][1][gc,age       ] GC(237) - age   5:     137800 bytes,    1307600 total
[2020-09-11T17:47:33.999+0000][1][gc,age       ] GC(237) - age   6:     373040 bytes,    1680640 total
[2020-09-11T17:47:33.999+0000][1][gc,heap      ] GC(237) ParNew: 70209K->3055K(76672K)
[2020-09-11T17:47:33.999+0000][1][gc,heap      ] GC(237) CMS: 127469K->127489K(439104K)
[2020-09-11T17:47:33.999+0000][1][gc,metaspace ] GC(237) Metaspace: 95784K->95784K(1136640K)
[2020-09-11T17:47:34.005+0000][1][gc           ] GC(237) Pause Young (Allocation Failure) 193M->127M(503M) 10.654ms
[2020-09-11T17:47:34.005+0000][1][gc,cpu       ] GC(237) User=0.01s Sys=0.00s Real=0.01s
[2020-09-11T17:47:34.005+0000][1][safepoint    ] Safepoint "GenCollectForAllocation", Time since last: 357130211 ns, Reaching safepoint: 156400 ns, At safepoint: 10792077 ns, Total: 10948477 ns
[2020-09-11T17:47:34.908+0000][1][safepoint    ] Safepoint "RevokeBias", Time since last: 903080478 ns, Reaching safepoint: 93696 ns, At safepoint: 38418 ns, Total: 132114 ns
[2020-09-11T17:47:37.231+0000][1][safepoint    ] Safepoint "RevokeBias", Time since last: 2322270440 ns, Reaching safepoint: 93387 ns, At safepoint: 23955 ns, Total: 117342 ns
[2020-09-11T17:47:38.652+0000][1][safepoint    ] Safepoint "RevokeBias", Time since last: 1421314232 ns, Reaching safepoint: 88803 ns, At safepoint: 24736 ns, Total: 113539 ns
[2020-09-11T17:47:38.656+0000][1][safepoint    ] Safepoint "BulkRevokeBias", Time since last: 3889359 ns, Reaching safepoint: 227795 ns, At safepoint: 384720 ns, Total: 612515 ns
[2020-09-11T17:47:39.488+0000][1][safepoint    ] Safepoint "RevokeBias", Time since last: 831834357 ns, Reaching safepoint: 104005 ns, At safepoint: 21481 ns, Total: 125486 ns
[2020-09-11T17:47:43.667+0000][1][safepoint    ] Safepoint "RevokeBias", Time since last: 4178886560 ns, Reaching safepoint: 88745 ns, At safepoint: 44501 ns, Total: 133246 ns
[2020-09-11T17:47:43.671+0000][1][safepoint    ] Safepoint "RevokeBias", Time since last: 3189052 ns, Reaching safepoint: 89783 ns, At safepoint: 23640 ns, Total: 113423 ns
[2020-09-11T17:47:44.671+0000][1][safepoint    ] Safepoint "Cleanup", Time since last: 1000168611 ns, Reaching safepoint: 76657 ns, At safepoint: 5562 ns, Total: 82219 ns
[2020-09-11T17:47:44.851+0000][1][safepoint    ] Safepoint "RevokeBias", Time since last: 179351119 ns, Reaching safepoint: 163975 ns, At safepoint: 22181 ns, Total: 186156 ns
[2020-09-11T17:47:45.851+0000][1][safepoint    ] Safepoint "Cleanup", Time since last: 1000109452 ns, Reaching safepoint: 88403 ns, At safepoint: 10046 ns, Total: 98449 ns
[2020-09-11T17:47:46.851+0000][1][safepoint    ] Safepoint "Cleanup", Time since last: 1000122314 ns, Reaching safepoint: 92784 ns, At safepoint: 11460 ns, Total: 104244 ns
[2020-09-11T17:47:47.277+0000][1][safepoint    ] Safepoint "BulkRevokeBias", Time since last: 425578980 ns, Reaching safepoint: 102334 ns, At safepoint: 239995 ns, Total: 342329 ns
[2020-09-11T17:47:48.277+0000][1][safepoint    ] Safepoint "Cleanup", Time since last: 1000107066 ns, Reaching safepoint: 89119 ns, At safepoint: 9409 ns, Total: 98528 ns
[2020-09-11T17:47:48.683+0000][1][safepoint    ] Safepoint "RevokeBias", Time since last: 405605403 ns, Reaching safepoint: 88413 ns, At safepoint: 24106 ns, Total: 112519 ns
[2020-09-11T17:47:48.685+0000][1][safepoint    ] Safepoint "RevokeBias", Time since last: 2361572 ns, Reaching safepoint: 163998 ns, At safepoint: 25363 ns, Total: 189361 ns
[2020-09-11T17:47:49.602+0000][1][safepoint    ] Safepoint "RevokeBias", Time since last: 916708642 ns, Reaching safepoint: 93513 ns, At safepoint: 23313 ns, Total: 116826 ns
[2020-09-11T17:47:50.602+0000][1][safepoint    ] Safepoint "Cleanup", Time since last: 1000105697 ns, Reaching safepoint: 89251 ns, At safepoint: 9335 ns, Total: 98586 ns
[2020-09-11T17:47:51.603+0000][1][safepoint    ] Safepoint "Cleanup", Time since last: 1000109562 ns, Reaching safepoint: 88658 ns, At safepoint: 9985 ns, Total: 98643 ns
[2020-09-11T17:47:52.603+0000][1][safepoint    ] Safepoint "Cleanup", Time since last: 1000108444 ns, Reaching safepoint: 88782 ns, At safepoint: 9308 ns, Total: 98090 ns
[2020-09-11T17:47:53.603+0000][1][safepoint    ] Safepoint "Cleanup", Time since last: 1000108240 ns, Reaching safepoint: 87838 ns, At safepoint: 8987 ns, Total: 96825 ns
[2020-09-11T17:47:53.700+0000][1][safepoint    ] Safepoint "RevokeBias", Time since last: 97201780 ns, Reaching safepoint: 131650 ns, At safepoint: 26954 ns, Total: 158604 ns
[2020-09-11T17:47:53.718+0000][1][safepoint    ] Safepoint "RevokeBias", Time since last: 17096809 ns, Reaching safepoint: 177398 ns, At safepoint: 25433 ns, Total: 202831 ns
[2020-09-11T17:47:53.738+0000][1][gc,start     ] GC(238) Pause Young (Allocation Failure)
[2020-09-11T17:47:53.738+0000][1][gc,task      ] GC(238) Using 1 workers of 1 for evacuation
[2020-09-11T17:47:53.747+0000][1][gc,age       ] GC(238) Desired survivor size 4358144 bytes, new threshold 6 (max threshold 6)
[2020-09-11T17:47:53.747+0000][1][gc,age       ] GC(238) Age table with threshold 6 (max threshold 6)
[2020-09-11T17:47:53.747+0000][1][gc,age       ] GC(238) - age   1:     707592 bytes,     707592 total
[2020-09-11T17:47:53.747+0000][1][gc,age       ] GC(238) - age   2:      38696 bytes,     746288 total
[2020-09-11T17:47:53.747+0000][1][gc,age       ] GC(238) - age   3:      20528 bytes,     766816 total
[2020-09-11T17:47:53.748+0000][1][gc,age       ] GC(238) - age   4:      21016 bytes,     787832 total
[2020-09-11T17:47:53.750+0000][1][gc,age       ] GC(238) - age   5:    1034672 bytes,    1822504 total
[2020-09-11T17:47:53.750+0000][1][gc,age       ] GC(238) - age   6:     137800 bytes,    1960304 total
[2020-09-11T17:47:53.750+0000][1][gc,heap      ] GC(238) ParNew: 71215K->1994K(76672K)
[2020-09-11T17:47:53.750+0000][1][gc,heap      ] GC(238) CMS: 127489K->127854K(439104K)
[2020-09-11T17:47:53.750+0000][1][gc,metaspace ] GC(238) Metaspace: 95784K->95784K(1136640K)
[2020-09-11T17:47:53.751+0000][1][gc           ] GC(238) Pause Young (Allocation Failure) 194M->126M(503M) 12.297ms
[2020-09-11T17:47:53.751+0000][1][gc,cpu       ] GC(238) User=0.00s Sys=0.00s Real=0.01s
[2020-09-11T17:47:53.751+0000][1][safepoint    ] Safepoint "GenCollectForAllocation", Time since last: 20359100 ns, Reaching safepoint: 185419 ns, At safepoint: 12430100 ns, Total: 12615519 ns
[2020-09-11T17:47:54.767+0000][1][safepoint    ] Safepoint "Cleanup", Time since last: 1016530493 ns, Reaching safepoint: 88253 ns, At safepoint: 21548 ns, Total: 109801 ns
[2020-09-11T17:47:54.855+0000][1][safepoint    ] Safepoint "RevokeBias", Time since last: 87605415 ns, Reaching safepoint: 89477 ns, At safepoint: 33426 ns, Total: 122903 ns
[2020-09-11T17:47:55.856+0000][1][safepoint    ] Safepoint "Cleanup", Time since last: 1000745478 ns, Reaching safepoint: 89866 ns, At safepoint: 9496 ns, Total: 99362 ns
[2020-09-11T17:47:56.856+0000][1][safepoint    ] Safepoint "Cleanup", Time since last: 1000116812 ns, Reaching safepoint: 88981 ns, At safepoint: 10076 ns, Total: 99057 ns
[2020-09-11T17:47:57.202+0000][1][safepoint    ] Safepoint "RevokeBias", Time since last: 346139265 ns, Reaching safepoint: 94485 ns, At safepoint: 24906 ns, Total: 119391 ns
[2020-09-11T17:47:58.203+0000][1][safepoint    ] Safepoint "Cleanup", Time since last: 1000108619 ns, Reaching safepoint: 84064 ns, At safepoint: 7288 ns, Total: 91352 ns
[2020-09-11T17:47:58.720+0000][1][safepoint    ] Safepoint "RevokeBias", Time since last: 517413391 ns, Reaching safepoint: 87430 ns, At safepoint: 25445 ns, Total: 112875 ns
[2020-09-11T17:47:58.737+0000][1][safepoint    ] Safepoint "RevokeBias", Time since last: 16371738 ns, Reaching safepoint: 86480 ns, At safepoint: 21328 ns, Total: 107808 ns
[2020-09-11T17:47:59.488+0000][1][safepoint    ] Safepoint "RevokeBias", Time since last: 751663402 ns, Reaching safepoint: 93661 ns, At safepoint: 30343 ns, Total: 124004 ns
[2020-09-11T17:48:00.489+0000][1][safepoint    ] Safepoint "Cleanup", Time since last: 1000102166 ns, Reaching safepoint: 89018 ns, At safepoint: 8640 ns, Total: 97658 ns
[2020-09-11T17:48:01.489+0000][1][safepoint    ] Safepoint "Cleanup", Time since last: 1000108858 ns, Reaching safepoint: 89462 ns, At safepoint: 8793 ns, Total: 98255 ns
[2020-09-11T17:48:02.489+0000][1][safepoint    ] Safepoint "Cleanup", Time since last: 1000132764 ns, Reaching safepoint: 85779 ns, At safepoint: 8353 ns, Total: 94132 ns
[2020-09-11T17:48:03.489+0000][1][safepoint    ] Safepoint "Cleanup", Time since last: 1000109324 ns, Reaching safepoint: 86489 ns, At safepoint: 7362 ns, Total: 93851 ns
[2020-09-11T17:48:03.727+0000][1][safepoint    ] Safepoint "RevokeBias", Time since last: 237809469 ns, Reaching safepoint: 86708 ns, At safepoint: 25394 ns, Total: 112102 ns
[2020-09-11T17:48:03.747+0000][1][safepoint    ] Safepoint "RevokeBias", Time since last: 19798464 ns, Reaching safepoint: 94465 ns, At safepoint: 27392 ns, Total: 121857 ns
[2020-09-11T17:48:04.747+0000][1][safepoint    ] Safepoint "Cleanup", Time since last: 1000111100 ns, Reaching safepoint: 81263 ns, At safepoint: 6509 ns, Total: 87772 ns
[2020-09-11T17:48:04.856+0000][1][safepoint    ] Safepoint "RevokeBias", Time since last: 108162185 ns, Reaching safepoint: 167546 ns, At safepoint: 23222 ns, Total: 190768 ns
[2020-09-11T17:48:05.856+0000][1][safepoint    ] Safepoint "Cleanup", Time since last: 1000104678 ns, Reaching safepoint: 104320 ns, At safepoint: 11905 ns, Total: 116225 ns
[2020-09-11T17:48:06.856+0000][1][safepoint    ] Safepoint "Cleanup", Time since last: 1000127362 ns, Reaching safepoint: 122694 ns, At safepoint: 12147 ns, Total: 134841 ns
[2020-09-11T17:48:07.209+0000][1][safepoint    ] Safepoint "RevokeBias", Time since last: 349839580 ns, Reaching safepoint: 2979126 ns, At safepoint: 27342 ns, Total: 3006468 ns
[2020-09-11T17:48:08.209+0000][1][safepoint    ] Safepoint "Cleanup", Time since last: 1000111136 ns, Reaching safepoint: 94077 ns, At safepoint: 10319 ns, Total: 104396 ns
[2020-09-11T17:48:08.742+0000][1][safepoint    ] Safepoint "RevokeBias", Time since last: 533012871 ns, Reaching safepoint: 87606 ns, At safepoint: 21617 ns, Total: 109223 ns
[2020-09-11T17:48:08.766+0000][1][safepoint    ] Safepoint "RevokeBias", Time since last: 23818005 ns, Reaching safepoint: 92109 ns, At safepoint: 23126 ns, Total: 115235 ns
[2020-09-11T17:48:09.497+0000][1][safepoint    ] Safepoint "RevokeBias", Time since last: 730998224 ns, Reaching safepoint: 89427 ns, At safepoint: 20711 ns, Total: 110138 ns
[2020-09-11T17:48:10.497+0000][1][safepoint    ] Safepoint "Cleanup", Time since last: 1000107665 ns, Reaching safepoint: 90269 ns, At safepoint: 9819 ns, Total: 100088 ns
[2020-09-11T17:48:11.498+0000][1][safepoint    ] Safepoint "Cleanup", Time since last: 1000115330 ns, Reaching safepoint: 88573 ns, At safepoint: 10042 ns, Total: 98615 ns
[2020-09-11T17:48:12.498+0000][1][safepoint    ] Safepoint "Cleanup", Time since last: 1000112451 ns, Reaching safepoint: 88939 ns, At safepoint: 9793 ns, Total: 98732 ns
[2020-09-11T17:48:13.498+0000][1][safepoint    ] Safepoint "Cleanup", Time since last: 1000113864 ns, Reaching safepoint: 98477 ns, At safepoint: 10123 ns, Total: 108600 ns
[2020-09-11T17:48:13.766+0000][1][safepoint    ] Safepoint "RevokeBias", Time since last: 267955302 ns, Reaching safepoint: 84535 ns, At safepoint: 21755 ns, Total: 106290 ns
[2020-09-11T17:48:13.793+0000][1][safepoint    ] Safepoint "RevokeBias", Time since last: 27100679 ns, Reaching safepoint: 93259 ns, At safepoint: 25034 ns, Total: 118293 ns
[2020-09-11T17:48:14.794+0000][1][safepoint    ] Safepoint "Cleanup", Time since last: 1000109373 ns, Reaching safepoint: 94224 ns, At safepoint: 8437 ns, Total: 102661 ns
[2020-09-11T17:48:14.892+0000][1][safepoint    ] Safepoint "RevokeBias", Time since last: 97901024 ns, Reaching safepoint: 175011 ns, At safepoint: 40365 ns, Total: 215376 ns
[2020-09-11T17:48:15.892+0000][1][safepoint    ] Safepoint "Cleanup", Time since last: 1000108894 ns, Reaching safepoint: 86241 ns, At safepoint: 9775 ns, Total: 96016 ns
[2020-09-11T17:48:16.892+0000][1][safepoint    ] Safepoint "Cleanup", Time since last: 1000133003 ns, Reaching safepoint: 86417 ns, At safepoint: 9120 ns, Total: 95537 ns
[2020-09-11T17:48:17.005+0000][1][gc,start     ] GC(239) Pause Young (Allocation Failure)
[2020-09-11T17:48:17.005+0000][1][gc,task      ] GC(239) Using 1 workers of 1 for evacuation
[2020-09-11T17:48:17.026+0000][1][gc,age       ] GC(239) Desired survivor size 4358144 bytes, new threshold 6 (max threshold 6)
[2020-09-11T17:48:17.026+0000][1][gc,age       ] GC(239) Age table with threshold 6 (max threshold 6)
[2020-09-11T17:48:17.026+0000][1][gc,age       ] GC(239) - age   1:      94360 bytes,      94360 total
[2020-09-11T17:48:17.026+0000][1][gc,age       ] GC(239) - age   2:     575704 bytes,     670064 total
[2020-09-11T17:48:17.026+0000][1][gc,age       ] GC(239) - age   3:      36448 bytes,     706512 total
[2020-09-11T17:48:17.026+0000][1][gc,age       ] GC(239) - age   4:      20432 bytes,     726944 total
[2020-09-11T17:48:17.026+0000][1][gc,age       ] GC(239) - age   5:      20704 bytes,     747648 total
[2020-09-11T17:48:17.026+0000][1][gc,age       ] GC(239) - age   6:    1034672 bytes,    1782320 total
[2020-09-11T17:48:17.026+0000][1][gc,heap      ] GC(239) ParNew: 70154K->3370K(76672K)
[2020-09-11T17:48:17.026+0000][1][gc,heap      ] GC(239) CMS: 127854K->127988K(439104K)
[2020-09-11T17:48:17.026+0000][1][gc,metaspace ] GC(239) Metaspace: 95784K->95784K(1136640K)
[2020-09-11T17:48:17.026+0000][1][gc           ] GC(239) Pause Young (Allocation Failure) 193M->128M(503M) 21.221ms
[2020-09-11T17:48:17.026+0000][1][gc,cpu       ] GC(239) User=0.01s Sys=0.00s Real=0.02s
[2020-09-11T17:48:17.026+0000][1][safepoint    ] Safepoint "GenCollectForAllocation", Time since last: 112041956 ns, Reaching safepoint: 650682 ns, At safepoint: 21585930 ns, Total: 22236612 ns
[2020-09-11T17:48:17.292+0000][1][safepoint    ] Safepoint "RevokeBias", Time since last: 265205295 ns, Reaching safepoint: 89873 ns, At safepoint: 22992 ns, Total: 112865 ns
[2020-09-11T17:48:18.292+0000][1][safepoint    ] Safepoint "Cleanup", Time since last: 1000107820 ns, Reaching safepoint: 87397 ns, At safepoint: 10165 ns, Total: 97562 ns
[2020-09-11T17:48:18.773+0000][1][safepoint    ] Safepoint "RevokeBias", Time since last: 481030861 ns, Reaching safepoint: 84442 ns, At safepoint: 24036 ns, Total: 108478 ns
[2020-09-11T17:48:18.800+0000][1][safepoint    ] Safepoint "RevokeBias", Time since last: 26931091 ns, Reaching safepoint: 100045 ns, At safepoint: 27208 ns, Total: 127253 ns
[2020-09-11T17:48:19.538+0000][1][safepoint    ] Safepoint "RevokeBias", Time since last: 737708191 ns, Reaching safepoint: 101808 ns, At safepoint: 25181 ns, Total: 126989 ns
[2020-09-11T17:48:20.538+0000][1][safepoint    ] Safepoint "Cleanup", Time since last: 1000106884 ns, Reaching safepoint: 83333 ns, At safepoint: 6652 ns, Total: 89985 ns
[2020-09-11T17:48:21.538+0000][1][safepoint    ] Safepoint "Cleanup", Time since last: 1000108407 ns, Reaching safepoint: 87497 ns, At safepoint: 9507 ns, Total: 97004 ns
[2020-09-11T17:48:22.539+0000][1][safepoint    ] Safepoint "Cleanup", Time since last: 1000109273 ns, Reaching safepoint: 85210 ns, At safepoint: 9457 ns, Total: 94667 ns
[2020-09-11T17:48:23.539+0000][1][safepoint    ] Safepoint "Cleanup", Time since last: 1000107550 ns, Reaching safepoint: 86473 ns, At safepoint: 9490 ns, Total: 95963 ns
[2020-09-11T17:48:23.798+0000][1][safepoint    ] Safepoint "RevokeBias", Time since last: 259195380 ns, Reaching safepoint: 86103 ns, At safepoint: 21851 ns, Total: 107954 ns
[2020-09-11T17:48:23.810+0000][1][safepoint    ] Safepoint "RevokeBias", Time since last: 11859184 ns, Reaching safepoint: 91459 ns, At safepoint: 21126 ns, Total: 112585 ns
[2020-09-11T17:48:24.810+0000][1][safepoint    ] Safepoint "Cleanup", Time since last: 1000115662 ns, Reaching safepoint: 97212 ns, At safepoint: 9389 ns, Total: 106601 ns
[2020-09-11T17:48:24.845+0000][1][safepoint    ] Safepoint "RevokeBias", Time since last: 34510239 ns, Reaching safepoint: 90626 ns, At safepoint: 21967 ns, Total: 112593 ns
[2020-09-11T17:48:25.845+0000][1][safepoint    ] Safepoint "Cleanup", Time since last: 1000107127 ns, Reaching safepoint: 83960 ns, At safepoint: 6900 ns, Total: 90860 ns
[2020-09-11T17:48:26.845+0000][1][safepoint    ] Safepoint "Cleanup", Time since last: 1000116573 ns, Reaching safepoint: 87253 ns, At safepoint: 8355 ns, Total: 95608 ns
[2020-09-11T17:48:27.231+0000][1][safepoint    ] Safepoint "RevokeBias", Time since last: 385394482 ns, Reaching safepoint: 89722 ns, At safepoint: 21930 ns, Total: 111652 ns
[2020-09-11T17:48:28.231+0000][1][safepoint    ] Safepoint "Cleanup", Time since last: 1000109461 ns, Reaching safepoint: 86532 ns, At safepoint: 9796 ns, Total: 96328 ns
[2020-09-11T17:48:28.804+0000][1][safepoint    ] Safepoint "RevokeBias", Time since last: 573075400 ns, Reaching safepoint: 88899 ns, At safepoint: 23909 ns, Total: 112808 ns
[2020-09-11T17:48:28.834+0000][1][safepoint    ] Safepoint "RevokeBias", Time since last: 29317144 ns, Reaching safepoint: 167039 ns, At safepoint: 24539 ns, Total: 191578 ns
[2020-09-11T17:48:29.514+0000][1][safepoint    ] Safepoint "RevokeBias", Time since last: 680104334 ns, Reaching safepoint: 95272 ns, At safepoint: 25643 ns, Total: 120915 ns
[2020-09-11T17:48:30.514+0000][1][safepoint    ] Safepoint "Cleanup", Time since last: 1000109840 ns, Reaching safepoint: 87380 ns, At safepoint: 9782 ns, Total: 97162 ns
[2020-09-11T17:48:31.514+0000][1][safepoint    ] Safepoint "Cleanup", Time since last: 1000114387 ns, Reaching safepoint: 99918 ns, At safepoint: 10695 ns, Total: 110613 ns
[2020-09-11T17:48:32.515+0000][1][safepoint    ] Safepoint "Cleanup", Time since last: 1000111869 ns, Reaching safepoint: 92833 ns, At safepoint: 9636 ns, Total: 102469 ns
[2020-09-11T17:48:33.515+0000][1][safepoint    ] Safepoint "Cleanup", Time since last: 1000113337 ns, Reaching safepoint: 86114 ns, At safepoint: 9273 ns, Total: 95387 ns
[2020-09-11T17:48:33.823+0000][1][safepoint    ] Safepoint "RevokeBias", Time since last: 308228562 ns, Reaching safepoint: 90641 ns, At safepoint: 24463 ns, Total: 115104 ns
[2020-09-11T17:48:33.881+0000][1][safepoint    ] Safepoint "RevokeBias", Time since last: 57665791 ns, Reaching safepoint: 169689 ns, At safepoint: 37294 ns, Total: 206983 ns
[2020-09-11T17:48:34.882+0000][1][safepoint    ] Safepoint "Cleanup", Time since last: 1000739500 ns, Reaching safepoint: 215965 ns, At safepoint: 53102 ns, Total: 269067 ns
[2020-09-11T17:48:34.892+0000][1][safepoint    ] Safepoint "RevokeBias", Time since last: 9271645 ns, Reaching safepoint: 175287 ns, At safepoint: 26202 ns, Total: 201489 ns
[2020-09-11T17:48:35.410+0000][1][gc,start     ] GC(240) Pause Young (Allocation Failure)
[2020-09-11T17:48:35.410+0000][1][gc,task      ] GC(240) Using 1 workers of 1 for evacuation
[2020-09-11T17:48:35.419+0000][1][gc,age       ] GC(240) Desired survivor size 4358144 bytes, new threshold 6 (max threshold 6)
[2020-09-11T17:48:35.419+0000][1][gc,age       ] GC(240) Age table with threshold 6 (max threshold 6)
[2020-09-11T17:48:35.419+0000][1][gc,age       ] GC(240) - age   1:      93776 bytes,      93776 total
[2020-09-11T17:48:35.419+0000][1][gc,age       ] GC(240) - age   2:      25120 bytes,     118896 total
[2020-09-11T17:48:35.419+0000][1][gc,age       ] GC(240) - age   3:     575400 bytes,     694296 total
[2020-09-11T17:48:35.419+0000][1][gc,age       ] GC(240) - age   4:      36448 bytes,     730744 total
[2020-09-11T17:48:35.419+0000][1][gc,age       ] GC(240) - age   5:      20432 bytes,     751176 total
[2020-09-11T17:48:35.419+0000][1][gc,age       ] GC(240) - age   6:      20704 bytes,     771880 total
[2020-09-11T17:48:35.419+0000][1][gc,heap      ] GC(240) ParNew: 71519K->1073K(76672K)
[2020-09-11T17:48:35.419+0000][1][gc,heap      ] GC(240) CMS: 127988K->128999K(439104K)
[2020-09-11T17:48:35.419+0000][1][gc,metaspace ] GC(240) Metaspace: 95793K->95793K(1136640K)
[2020-09-11T17:48:35.419+0000][1][gc           ] GC(240) Pause Young (Allocation Failure) 194M->127M(503M) 9.088ms
[2020-09-11T17:48:35.419+0000][1][gc,cpu       ] GC(240) User=0.01s Sys=0.00s Real=0.01s
[2020-09-11T17:48:35.419+0000][1][safepoint    ] Safepoint "GenCollectForAllocation", Time since last: 518195051 ns, Reaching safepoint: 77708 ns, At safepoint: 9154792 ns, Total: 9232500 ns
[2020-09-11T17:48:36.422+0000][1][safepoint    ] Safepoint "Cleanup", Time since last: 1002938442 ns, Reaching safepoint: 96941 ns, At safepoint: 21351 ns, Total: 118292 ns
[2020-09-11T17:48:37.196+0000][1][safepoint    ] Safepoint "RevokeBias", Time since last: 774049618 ns, Reaching safepoint: 88090 ns, At safepoint: 20464 ns, Total: 108554 ns
[2020-09-11T17:48:38.196+0000][1][safepoint    ] Safepoint "Cleanup", Time since last: 1000110710 ns, Reaching safepoint: 89479 ns, At safepoint: 10232 ns, Total: 99711 ns
[2020-09-11T17:48:38.834+0000][1][safepoint    ] Safepoint "RevokeBias", Time since last: 637395743 ns, Reaching safepoint: 84626 ns, At safepoint: 22821 ns, Total: 107447 ns
[2020-09-11T17:48:38.892+0000][1][safepoint    ] Safepoint "RevokeBias", Time since last: 57724750 ns, Reaching safepoint: 169362 ns, At safepoint: 26258 ns, Total: 195620 ns
[2020-09-11T17:48:39.482+0000][1][safepoint    ] Safepoint "RevokeBias", Time since last: 590317455 ns, Reaching safepoint: 86948 ns, At safepoint: 21362 ns, Total: 108310 ns
[2020-09-11T17:48:40.482+0000][1][safepoint    ] Safepoint "Cleanup", Time since last: 1000112632 ns, Reaching safepoint: 87108 ns, At safepoint: 9505 ns, Total: 96613 ns
[2020-09-11T17:48:41.483+0000][1][safepoint    ] Safepoint "Cleanup", Time since last: 1000110512 ns, Reaching safepoint: 88658 ns, At safepoint: 9565 ns, Total: 98223 ns
[2020-09-11T17:48:42.483+0000][1][safepoint    ] Safepoint "Cleanup", Time since last: 1000109390 ns, Reaching safepoint: 87542 ns, At safepoint: 9178 ns, Total: 96720 ns
[2020-09-11T17:48:43.483+0000][1][safepoint    ] Safepoint "Cleanup", Time since last: 1000106390 ns, Reaching safepoint: 87266 ns, At safepoint: 8688 ns, Total: 95954 ns
[2020-09-11T17:48:43.849+0000][1][safepoint    ] Safepoint "RevokeBias", Time since last: 365905991 ns, Reaching safepoint: 89535 ns, At safepoint: 24687 ns, Total: 114222 ns
[2020-09-11T17:48:43.899+0000][1][safepoint    ] Safepoint "RevokeBias", Time since last: 50272874 ns, Reaching safepoint: 92025 ns, At safepoint: 24558 ns, Total: 116583 ns
[2020-09-11T17:48:44.900+0000][1][safepoint    ] Safepoint "Cleanup", Time since last: 1000127311 ns, Reaching safepoint: 124531 ns, At safepoint: 10435 ns, Total: 134966 ns
[2020-09-11T17:48:44.945+0000][1][safepoint    ] Safepoint "RevokeBias", Time since last: 44742501 ns, Reaching safepoint: 170212 ns, At safepoint: 24223 ns, Total: 194435 ns
[2020-09-11T17:48:45.945+0000][1][safepoint    ] Safepoint "Cleanup", Time since last: 1000127932 ns, Reaching safepoint: 86240 ns, At safepoint: 9612 ns, Total: 95852 ns
[2020-09-11T17:48:46.945+0000][1][safepoint    ] Safepoint "Cleanup", Time since last: 1000111771 ns, Reaching safepoint: 86491 ns, At safepoint: 9280 ns, Total: 95771 ns
[2020-09-11T17:48:47.333+0000][1][safepoint    ] Safepoint "RevokeBias", Time since last: 388081180 ns, Reaching safepoint: 91926 ns, At safepoint: 22292 ns, Total: 114218 ns
[2020-09-11T17:48:48.333+0000][1][safepoint    ] Safepoint "Cleanup", Time since last: 1000110536 ns, Reaching safepoint: 88291 ns, At safepoint: 9617 ns, Total: 97908 ns
[2020-09-11T17:48:48.855+0000][1][safepoint    ] Safepoint "RevokeBias", Time since last: 521688989 ns, Reaching safepoint: 87484 ns, At safepoint: 35455 ns, Total: 122939 ns
[2020-09-11T17:48:48.913+0000][1][safepoint    ] Safepoint "BulkRevokeBias", Time since last: 57172546 ns, Reaching safepoint: 168038 ns, At safepoint: 323650 ns, Total: 491688 ns
[2020-09-11T17:48:49.547+0000][1][safepoint    ] Safepoint "RevokeBias", Time since last: 633481025 ns, Reaching safepoint: 92132 ns, At safepoint: 22266 ns, Total: 114398 ns
[2020-09-11T17:48:50.547+0000][1][safepoint    ] Safepoint "Cleanup", Time since last: 1000107505 ns, Reaching safepoint: 87129 ns, At safepoint: 9181 ns, Total: 96310 ns
[2020-09-11T17:48:51.547+0000][1][safepoint    ] Safepoint "Cleanup", Time since last: 1000134676 ns, Reaching safepoint: 85965 ns, At safepoint: 6738 ns, Total: 92703 ns
[2020-09-11T17:48:52.547+0000][1][safepoint    ] Safepoint "Cleanup", Time since last: 1000154894 ns, Reaching safepoint: 88773 ns, At safepoint: 10392 ns, Total: 99165 ns
[2020-09-11T17:48:53.547+0000][1][safepoint    ] Safepoint "Cleanup", Time since last: 1000119799 ns, Reaching safepoint: 87343 ns, At safepoint: 10204 ns, Total: 97547 ns
[2020-09-11T17:48:53.862+0000][1][safepoint    ] Safepoint "RevokeBias", Time since last: 314478896 ns, Reaching safepoint: 89575 ns, At safepoint: 22375 ns, Total: 111950 ns
[2020-09-11T17:48:53.921+0000][1][safepoint    ] Safepoint "RevokeBias", Time since last: 59005577 ns, Reaching safepoint: 91122 ns, At safepoint: 24233 ns, Total: 115355 ns
[2020-09-11T17:48:54.882+0000][1][safepoint    ] Safepoint "RevokeBias", Time since last: 960508984 ns, Reaching safepoint: 86957 ns, At safepoint: 21958 ns, Total: 108915 ns
[2020-09-11T17:48:55.401+0000][1][gc,start     ] GC(241) Pause Young (Allocation Failure)
[2020-09-11T17:48:55.401+0000][1][gc,task      ] GC(241) Using 1 workers of 1 for evacuation
[2020-09-11T17:48:55.417+0000][1][gc,age       ] GC(241) Desired survivor size 4358144 bytes, new threshold 6 (max threshold 6)
[2020-09-11T17:48:55.417+0000][1][gc,age       ] GC(241) Age table with threshold 6 (max threshold 6)
[2020-09-11T17:48:55.417+0000][1][gc,age       ] GC(241) - age   1:     397120 bytes,     397120 total
[2020-09-11T17:48:55.417+0000][1][gc,age       ] GC(241) - age   2:      40968 bytes,     438088 total
[2020-09-11T17:48:55.417+0000][1][gc,age       ] GC(241) - age   3:      21448 bytes,     459536 total
[2020-09-11T17:48:55.417+0000][1][gc,age       ] GC(241) - age   4:     575400 bytes,    1034936 total
[2020-09-11T17:48:55.417+0000][1][gc,age       ] GC(241) - age   5:      36136 bytes,    1071072 total
[2020-09-11T17:48:55.417+0000][1][gc,age       ] GC(241) - age   6:      20432 bytes,    1091504 total
[2020-09-11T17:48:55.417+0000][1][gc,heap      ] GC(241) ParNew: 69233K->1667K(76672K)
[2020-09-11T17:48:55.417+0000][1][gc,heap      ] GC(241) CMS: 128999K->129019K(439104K)
[2020-09-11T17:48:55.417+0000][1][gc,metaspace ] GC(241) Metaspace: 95814K->95814K(1136640K)
[2020-09-11T17:48:55.417+0000][1][gc           ] GC(241) Pause Young (Allocation Failure) 193M->127M(503M) 16.099ms
[2020-09-11T17:48:55.417+0000][1][gc,cpu       ] GC(241) User=0.01s Sys=0.00s Real=0.01s
[2020-09-11T17:48:55.417+0000][1][safepoint    ] Safepoint "GenCollectForAllocation", Time since last: 516846292 ns, Reaching safepoint: 2190670 ns, At safepoint: 16152208 ns, Total: 18342878 ns
[2020-09-11T17:48:56.430+0000][1][safepoint    ] Safepoint "Cleanup", Time since last: 1013134293 ns, Reaching safepoint: 85516 ns, At safepoint: 19803 ns, Total: 105319 ns
[2020-09-11T17:48:57.199+0000][1][safepoint    ] Safepoint "RevokeBias", Time since last: 768511960 ns, Reaching safepoint: 88993 ns, At safepoint: 22451 ns, Total: 111444 ns
[2020-09-11T17:48:58.199+0000][1][safepoint    ] Safepoint "Cleanup", Time since last: 1000108319 ns, Reaching safepoint: 85298 ns, At safepoint: 7257 ns, Total: 92555 ns
[2020-09-11T17:48:58.882+0000][1][safepoint    ] Safepoint "RevokeBias", Time since last: 682631950 ns, Reaching safepoint: 90728 ns, At safepoint: 24528 ns, Total: 115256 ns
[2020-09-11T17:48:58.937+0000][1][safepoint    ] Safepoint "RevokeBias", Time since last: 54850014 ns, Reaching safepoint: 91862 ns, At safepoint: 50366 ns, Total: 142228 ns
[2020-09-11T17:48:59.535+0000][1][safepoint    ] Safepoint "RevokeBias", Time since last: 597729403 ns, Reaching safepoint: 96598 ns, At safepoint: 21211 ns, Total: 117809 ns
[2020-09-11T17:49:00.535+0000][1][safepoint    ] Safepoint "Cleanup", Time since last: 1000104580 ns, Reaching safepoint: 85770 ns, At safepoint: 8855 ns, Total: 94625 ns
[2020-09-11T17:49:01.535+0000][1][safepoint    ] Safepoint "Cleanup", Time since last: 1000110255 ns, Reaching safepoint: 88533 ns, At safepoint: 9032 ns, Total: 97565 ns
[2020-09-11T17:49:02.535+0000][1][safepoint    ] Safepoint "Cleanup", Time since last: 1000118914 ns, Reaching safepoint: 95262 ns, At safepoint: 8958 ns, Total: 104220 ns
[2020-09-11T17:49:03.535+0000][1][safepoint    ] Safepoint "Cleanup", Time since last: 1000112581 ns, Reaching safepoint: 88268 ns, At safepoint: 10071 ns, Total: 98339 ns
[2020-09-11T17:49:03.889+0000][1][safepoint    ] Safepoint "RevokeBias", Time since last: 352944367 ns, Reaching safepoint: 90831 ns, At safepoint: 24087 ns, Total: 114918 ns
[2020-09-11T17:49:03.949+0000][1][safepoint    ] Safepoint "RevokeBias", Time since last: 59946843 ns, Reaching safepoint: 93403 ns, At safepoint: 24154 ns, Total: 117557 ns
[2020-09-11T17:49:04.874+0000][1][safepoint    ] Safepoint "RevokeBias", Time since last: 925697218 ns, Reaching safepoint: 170086 ns, At safepoint: 26427 ns, Total: 196513 ns
[2020-09-11T17:49:05.875+0000][1][safepoint    ] Safepoint "Cleanup", Time since last: 1000108387 ns, Reaching safepoint: 85712 ns, At safepoint: 6890 ns, Total: 92602 ns
[2020-09-11T17:49:06.875+0000][1][safepoint    ] Safepoint "Cleanup", Time since last: 1000116158 ns, Reaching safepoint: 96890 ns, At safepoint: 9849 ns, Total: 106739 ns
[2020-09-11T17:49:07.251+0000][1][safepoint    ] Safepoint "RevokeBias", Time since last: 375654535 ns, Reaching safepoint: 96537 ns, At safepoint: 21946 ns, Total: 118483 ns
[2020-09-11T17:49:08.251+0000][1][safepoint    ] Safepoint "Cleanup", Time since last: 1000102609 ns, Reaching safepoint: 88395 ns, At safepoint: 8280 ns, Total: 96675 ns
[2020-09-11T17:49:08.895+0000][1][safepoint    ] Safepoint "RevokeBias", Time since last: 644467973 ns, Reaching safepoint: 89503 ns, At safepoint: 22895 ns, Total: 112398 ns
[2020-09-11T17:49:08.961+0000][1][safepoint    ] Safepoint "RevokeBias", Time since last: 64861355 ns, Reaching safepoint: 165210 ns, At safepoint: 23504 ns, Total: 188714 ns
[2020-09-11T17:49:09.530+0000][1][safepoint    ] Safepoint "RevokeBias", Time since last: 569681092 ns, Reaching safepoint: 91921 ns, At safepoint: 22307 ns, Total: 114228 ns
[2020-09-11T17:49:10.531+0000][1][safepoint    ] Safepoint "Cleanup", Time since last: 1000108618 ns, Reaching safepoint: 83571 ns, At safepoint: 7090 ns, Total: 90661 ns
[2020-09-11T17:49:11.531+0000][1][safepoint    ] Safepoint "Cleanup", Time since last: 1000110136 ns, Reaching safepoint: 85440 ns, At safepoint: 9584 ns, Total: 95024 ns
[2020-09-11T17:49:12.531+0000][1][safepoint    ] Safepoint "Cleanup", Time since last: 1000128485 ns, Reaching safepoint: 88407 ns, At safepoint: 9830 ns, Total: 98237 ns
[2020-09-11T17:49:13.531+0000][1][safepoint    ] Safepoint "Cleanup", Time since last: 1000113690 ns, Reaching safepoint: 88785 ns, At safepoint: 10382 ns, Total: 99167 ns
[2020-09-11T17:49:13.902+0000][1][safepoint    ] Safepoint "RevokeBias", Time since last: 371098294 ns, Reaching safepoint: 92338 ns, At safepoint: 23970 ns, Total: 116308 ns
[2020-09-11T17:49:13.972+0000][1][safepoint    ] Safepoint "RevokeBias", Time since last: 69649159 ns, Reaching safepoint: 176520 ns, At safepoint: 26345 ns, Total: 202865 ns
[2020-09-11T17:49:14.843+0000][1][safepoint    ] Safepoint "RevokeBias", Time since last: 870247944 ns, Reaching safepoint: 166728 ns, At safepoint: 22730 ns, Total: 189458 ns
[2020-09-11T17:49:15.843+0000][1][safepoint    ] Safepoint "Cleanup", Time since last: 1000102317 ns, Reaching safepoint: 107408 ns, At safepoint: 10207 ns, Total: 117615 ns
[2020-09-11T17:49:16.843+0000][1][safepoint    ] Safepoint "Cleanup", Time since last: 1000113879 ns, Reaching safepoint: 86420 ns, At safepoint: 10008 ns, Total: 96428 ns
[2020-09-11T17:49:16.904+0000][1][gc,start     ] GC(242) Pause Young (Allocation Failure)
[2020-09-11T17:49:16.904+0000][1][gc,task      ] GC(242) Using 1 workers of 1 for evacuation
[2020-09-11T17:49:16.923+0000][1][gc,age       ] GC(242) Desired survivor size 4358144 bytes, new threshold 6 (max threshold 6)
[2020-09-11T17:49:16.923+0000][1][gc,age       ] GC(242) Age table with threshold 6 (max threshold 6)
[2020-09-11T17:49:16.923+0000][1][gc,age       ] GC(242) - age   1:     164264 bytes,     164264 total
[2020-09-11T17:49:16.923+0000][1][gc,age       ] GC(242) - age   2:     330048 bytes,     494312 total
[2020-09-11T17:49:16.923+0000][1][gc,age       ] GC(242) - age   3:      38608 bytes,     532920 total
[2020-09-11T17:49:16.923+0000][1][gc,age       ] GC(242) - age   4:      21160 bytes,     554080 total
[2020-09-11T17:49:16.923+0000][1][gc,age       ] GC(242) - age   5:     575400 bytes,    1129480 total
[2020-09-11T17:49:16.923+0000][1][gc,age       ] GC(242) - age   6:      36136 bytes,    1165616 total
[2020-09-11T17:49:16.923+0000][1][gc,heap      ] GC(242) ParNew: 69827K->2015K(76672K)
[2020-09-11T17:49:16.923+0000][1][gc,heap      ] GC(242) CMS: 129019K->129039K(439104K)
[2020-09-11T17:49:16.923+0000][1][gc,metaspace ] GC(242) Metaspace: 95816K->95816K(1136640K)
[2020-09-11T17:49:16.923+0000][1][gc           ] GC(242) Pause Young (Allocation Failure) 194M->127M(503M) 18.916ms
[2020-09-11T17:49:16.923+0000][1][gc,cpu       ] GC(242) User=0.01s Sys=0.00s Real=0.02s
[2020-09-11T17:49:16.923+0000][1][safepoint    ] Safepoint "GenCollectForAllocation", Time since last: 57685497 ns, Reaching safepoint: 3280225 ns, At safepoint: 19041354 ns, Total: 22321579 ns
[2020-09-11T17:49:17.272+0000][1][safepoint    ] Safepoint "BulkRevokeBias", Time since last: 348878588 ns, Reaching safepoint: 102052 ns, At safepoint: 257859 ns, Total: 359911 ns
[2020-09-11T17:49:18.273+0000][1][safepoint    ] Safepoint "Cleanup", Time since last: 1000117730 ns, Reaching safepoint: 107300 ns, At safepoint: 7253 ns, Total: 114553 ns
[2020-09-11T17:49:18.922+0000][1][safepoint    ] Safepoint "RevokeBias", Time since last: 648881183 ns, Reaching safepoint: 123299 ns, At safepoint: 40457 ns, Total: 163756 ns
[2020-09-11T17:49:18.995+0000][1][safepoint    ] Safepoint "RevokeBias", Time since last: 72950528 ns, Reaching safepoint: 94555 ns, At safepoint: 23594 ns, Total: 118149 ns
[2020-09-11T17:49:19.483+0000][1][safepoint    ] Safepoint "RevokeBias", Time since last: 488641868 ns, Reaching safepoint: 91620 ns, At safepoint: 22119 ns, Total: 113739 ns
[2020-09-11T17:49:20.484+0000][1][safepoint    ] Safepoint "Cleanup", Time since last: 1000116072 ns, Reaching safepoint: 96549 ns, At safepoint: 10049 ns, Total: 106598 ns
[2020-09-11T17:49:21.484+0000][1][safepoint    ] Safepoint "Cleanup", Time since last: 1000130698 ns, Reaching safepoint: 88268 ns, At safepoint: 9553 ns, Total: 97821 ns
[2020-09-11T17:49:22.484+0000][1][safepoint    ] Safepoint "Cleanup", Time since last: 1000111048 ns, Reaching safepoint: 88466 ns, At safepoint: 8743 ns, Total: 97209 ns
[2020-09-11T17:49:23.484+0000][1][safepoint    ] Safepoint "Cleanup", Time since last: 1000109036 ns, Reaching safepoint: 85011 ns, At safepoint: 8600 ns, Total: 93611 ns
[2020-09-11T17:49:23.935+0000][1][safepoint    ] Safepoint "RevokeBias", Time since last: 450352966 ns, Reaching safepoint: 89938 ns, At safepoint: 24461 ns, Total: 114399 ns
[2020-09-11T17:49:24.010+0000][1][safepoint    ] Safepoint "RevokeBias", Time since last: 74912109 ns, Reaching safepoint: 90409 ns, At safepoint: 31963 ns, Total: 122372 ns
[2020-09-11T17:49:24.977+0000][1][safepoint    ] Safepoint "RevokeBias", Time since last: 967387012 ns, Reaching safepoint: 91677 ns, At safepoint: 21934 ns, Total: 113611 ns
[2020-09-11T17:49:25.978+0000][1][safepoint    ] Safepoint "Cleanup", Time since last: 1000110775 ns, Reaching safepoint: 88304 ns, At safepoint: 9307 ns, Total: 97611 ns
[2020-09-11T17:49:26.978+0000][1][safepoint    ] Safepoint "Cleanup", Time since last: 1000114696 ns, Reaching safepoint: 83909 ns, At safepoint: 7645 ns, Total: 91554 ns
[2020-09-11T17:49:27.225+0000][1][safepoint    ] Safepoint "RevokeBias", Time since last: 246989745 ns, Reaching safepoint: 122215 ns, At safepoint: 21657 ns, Total: 143872 ns
[2020-09-11T17:49:28.225+0000][1][safepoint    ] Safepoint "Cleanup", Time since last: 1000107584 ns, Reaching safepoint: 87230 ns, At safepoint: 9774 ns, Total: 97004 ns
[2020-09-11T17:49:28.941+0000][1][safepoint    ] Safepoint "RevokeBias", Time since last: 716087330 ns, Reaching safepoint: 88177 ns, At safepoint: 23061 ns, Total: 111238 ns
[2020-09-11T17:49:29.030+0000][1][safepoint    ] Safepoint "RevokeBias", Time since last: 88962388 ns, Reaching safepoint: 170321 ns, At safepoint: 25271 ns, Total: 195592 ns
[2020-09-11T17:49:29.540+0000][1][safepoint    ] Safepoint "RevokeBias", Time since last: 509138983 ns, Reaching safepoint: 91865 ns, At safepoint: 23033 ns, Total: 114898 ns
[2020-09-11T17:49:30.540+0000][1][safepoint    ] Safepoint "Cleanup", Time since last: 1000123344 ns, Reaching safepoint: 96350 ns, At safepoint: 10155 ns, Total: 106505 ns
[2020-09-11T17:49:31.540+0000][1][safepoint    ] Safepoint "Cleanup", Time since last: 1000115984 ns, Reaching safepoint: 85436 ns, At safepoint: 6980 ns, Total: 92416 ns
[2020-09-11T17:49:32.540+0000][1][safepoint    ] Safepoint "Cleanup", Time since last: 1000116392 ns, Reaching safepoint: 87394 ns, At safepoint: 9451 ns, Total: 96845 ns
[2020-09-11T17:49:33.541+0000][1][safepoint    ] Safepoint "Cleanup", Time since last: 1000114784 ns, Reaching safepoint: 88241 ns, At safepoint: 9262 ns, Total: 97503 ns
[2020-09-11T17:49:33.948+0000][1][safepoint    ] Safepoint "RevokeBias", Time since last: 407457280 ns, Reaching safepoint: 89883 ns, At safepoint: 23534 ns, Total: 113417 ns
[2020-09-11T17:49:34.046+0000][1][safepoint    ] Safepoint "RevokeBias", Time since last: 97846900 ns, Reaching safepoint: 90070 ns, At safepoint: 20474 ns, Total: 110544 ns
[2020-09-11T17:49:34.848+0000][1][safepoint    ] Safepoint "RevokeBias", Time since last: 801461265 ns, Reaching safepoint: 90125 ns, At safepoint: 21754 ns, Total: 111879 ns
[2020-09-11T17:49:35.101+0000][1][gc,start     ] GC(243) Pause Young (Allocation Failure)
[2020-09-11T17:49:35.101+0000][1][gc,task      ] GC(243) Using 1 workers of 1 for evacuation
[2020-09-11T17:49:35.110+0000][1][gc,age       ] GC(243) Desired survivor size 4358144 bytes, new threshold 6 (max threshold 6)
[2020-09-11T17:49:35.110+0000][1][gc,age       ] GC(243) Age table with threshold 6 (max threshold 6)
[2020-09-11T17:49:35.110+0000][1][gc,age       ] GC(243) - age   1:     105440 bytes,     105440 total
[2020-09-11T17:49:35.110+0000][1][gc,age       ] GC(243) - age   2:      25432 bytes,     130872 total
[2020-09-11T17:49:35.110+0000][1][gc,age       ] GC(243) - age   3:     328264 bytes,     459136 total
[2020-09-11T17:49:35.110+0000][1][gc,age       ] GC(243) - age   4:      38608 bytes,     497744 total
[2020-09-11T17:49:35.110+0000][1][gc,age       ] GC(243) - age   5:      21160 bytes,     518904 total
[2020-09-11T17:49:35.110+0000][1][gc,age       ] GC(243) - age   6:     575400 bytes,    1094304 total
[2020-09-11T17:49:35.110+0000][1][gc,heap      ] GC(243) ParNew: 70175K->1357K(76672K)
[2020-09-11T17:49:35.110+0000][1][gc,heap      ] GC(243) CMS: 129039K->129074K(439104K)
[2020-09-11T17:49:35.110+0000][1][gc,metaspace ] GC(243) Metaspace: 95816K->95816K(1136640K)
[2020-09-11T17:49:35.110+0000][1][gc           ] GC(243) Pause Young (Allocation Failure) 194M->127M(503M) 9.410ms
[2020-09-11T17:49:35.111+0000][1][gc,cpu       ] GC(243) User=0.00s Sys=0.00s Real=0.00s
[2020-09-11T17:49:35.111+0000][1][safepoint    ] Safepoint "GenCollectForAllocation", Time since last: 253286463 ns, Reaching safepoint: 156171 ns, At safepoint: 9515481 ns, Total: 9671652 ns
[2020-09-11T17:49:36.111+0000][1][safepoint    ] Safepoint "Cleanup", Time since last: 1000261618 ns, Reaching safepoint: 77372 ns, At safepoint: 16355 ns, Total: 93727 ns
[2020-09-11T17:49:37.187+0000][1][safepoint    ] Safepoint "RevokeBias", Time since last: 1076004944 ns, Reaching safepoint: 90740 ns, At safepoint: 22763 ns, Total: 113503 ns
[2020-09-11T17:49:38.187+0000][1][safepoint    ] Safepoint "Cleanup", Time since last: 1000109367 ns, Reaching safepoint: 88012 ns, At safepoint: 9160 ns, Total: 97172 ns
[2020-09-11T17:49:38.955+0000][1][safepoint    ] Safepoint "RevokeBias", Time since last: 767566835 ns, Reaching safepoint: 86993 ns, At safepoint: 23163 ns, Total: 110156 ns
[2020-09-11T17:49:39.053+0000][1][safepoint    ] Safepoint "RevokeBias", Time since last: 98369972 ns, Reaching safepoint: 90741 ns, At safepoint: 24633 ns, Total: 115374 ns
[2020-09-11T17:49:39.486+0000][1][safepoint    ] Safepoint "RevokeBias", Time since last: 432459271 ns, Reaching safepoint: 93219 ns, At safepoint: 21460 ns, Total: 114679 ns
[2020-09-11T17:49:40.486+0000][1][safepoint    ] Safepoint "Cleanup", Time since last: 1000114957 ns, Reaching safepoint: 87269 ns, At safepoint: 9540 ns, Total: 96809 ns
[2020-09-11T17:49:41.486+0000][1][safepoint    ] Safepoint "Cleanup", Time since last: 1000113292 ns, Reaching safepoint: 89424 ns, At safepoint: 8874 ns, Total: 98298 ns
[2020-09-11T17:49:42.487+0000][1][safepoint    ] Safepoint "Cleanup", Time since last: 1000111175 ns, Reaching safepoint: 88025 ns, At safepoint: 9301 ns, Total: 97326 ns
[2020-09-11T17:49:43.487+0000][1][safepoint    ] Safepoint "Cleanup", Time since last: 1000112085 ns, Reaching safepoint: 87303 ns, At safepoint: 9463 ns, Total: 96766 ns
[2020-09-11T17:49:43.961+0000][1][safepoint    ] Safepoint "RevokeBias", Time since last: 474130376 ns, Reaching safepoint: 87632 ns, At safepoint: 21316 ns, Total: 108948 ns
[2020-09-11T17:49:44.072+0000][1][safepoint    ] Safepoint "RevokeBias", Time since last: 110598914 ns, Reaching safepoint: 93399 ns, At safepoint: 27516 ns, Total: 120915 ns
[2020-09-11T17:49:44.911+0000][1][safepoint    ] Safepoint "RevokeBias", Time since last: 838643584 ns, Reaching safepoint: 163670 ns, At safepoint: 23533 ns, Total: 187203 ns
[2020-09-11T17:49:45.911+0000][1][safepoint    ] Safepoint "Cleanup", Time since last: 1000108506 ns, Reaching safepoint: 87351 ns, At safepoint: 9435 ns, Total: 96786 ns
[2020-09-11T17:49:46.911+0000][1][safepoint    ] Safepoint "Cleanup", Time since last: 1000115195 ns, Reaching safepoint: 85977 ns, At safepoint: 6878 ns, Total: 92855 ns
[2020-09-11T17:49:47.192+0000][1][safepoint    ] Safepoint "RevokeBias", Time since last: 280555378 ns, Reaching safepoint: 90381 ns, At safepoint: 38150 ns, Total: 128531 ns
[2020-09-11T17:49:48.192+0000][1][safepoint    ] Safepoint "Cleanup", Time since last: 1000105093 ns, Reaching safepoint: 85942 ns, At safepoint: 10010 ns, Total: 95952 ns
[2020-09-11T17:49:48.971+0000][1][safepoint    ] Safepoint "RevokeBias", Time since last: 779159119 ns, Reaching safepoint: 85945 ns, At safepoint: 25011 ns, Total: 110956 ns
[2020-09-11T17:49:49.082+0000][1][safepoint    ] Safepoint "RevokeBias", Time since last: 110632764 ns, Reaching safepoint: 170220 ns, At safepoint: 23317 ns, Total: 193537 ns
[2020-09-11T17:49:49.500+0000][1][safepoint    ] Safepoint "RevokeBias", Time since last: 417628090 ns, Reaching safepoint: 90490 ns, At safepoint: 21843 ns, Total: 112333 ns
[2020-09-11T17:49:50.500+0000][1][safepoint    ] Safepoint "Cleanup", Time since last: 1000111576 ns, Reaching safepoint: 88085 ns, At safepoint: 9670 ns, Total: 97755 ns
[2020-09-11T17:49:51.500+0000][1][safepoint    ] Safepoint "Cleanup", Time since last: 1000117343 ns, Reaching safepoint: 88012 ns, At safepoint: 9125 ns, Total: 97137 ns
[2020-09-11T17:49:52.500+0000][1][safepoint    ] Safepoint "Cleanup", Time since last: 1000113173 ns, Reaching safepoint: 87057 ns, At safepoint: 9220 ns, Total: 96277 ns
[2020-09-11T17:49:53.501+0000][1][safepoint    ] Safepoint "Cleanup", Time since last: 1000113530 ns, Reaching safepoint: 85703 ns, At safepoint: 9364 ns, Total: 95067 ns
[2020-09-11T17:49:53.980+0000][1][safepoint    ] Safepoint "RevokeBias", Time since last: 479164374 ns, Reaching safepoint: 85599 ns, At safepoint: 21710 ns, Total: 107309 ns
[2020-09-11T17:49:54.089+0000][1][safepoint    ] Safepoint "RevokeBias", Time since last: 109444171 ns, Reaching safepoint: 93625 ns, At safepoint: 24433 ns, Total: 118058 ns
[2020-09-11T17:49:54.945+0000][1][safepoint    ] Safepoint "RevokeBias", Time since last: 855028687 ns, Reaching safepoint: 93980 ns, At safepoint: 26202 ns, Total: 120182 ns
[2020-09-11T17:49:55.466+0000][1][gc,start     ] GC(244) Pause Young (Allocation Failure)
[2020-09-11T17:49:55.466+0000][1][gc,task      ] GC(244) Using 1 workers of 1 for evacuation
[2020-09-11T17:49:55.477+0000][1][gc,age       ] GC(244) Desired survivor size 4358144 bytes, new threshold 6 (max threshold 6)
[2020-09-11T17:49:55.477+0000][1][gc,age       ] GC(244) Age table with threshold 6 (max threshold 6)
[2020-09-11T17:49:55.477+0000][1][gc,age       ] GC(244) - age   1:     109968 bytes,     109968 total
[2020-09-11T17:49:55.477+0000][1][gc,age       ] GC(244) - age   2:      55856 bytes,     165824 total
[2020-09-11T17:49:55.485+0000][1][gc,age       ] GC(244) - age   3:      21760 bytes,     187584 total
[2020-09-11T17:49:55.485+0000][1][gc,age       ] GC(244) - age   4:     328264 bytes,     515848 total
[2020-09-11T17:49:55.485+0000][1][gc,age       ] GC(244) - age   5:      38608 bytes,     554456 total
[2020-09-11T17:49:55.485+0000][1][gc,age       ] GC(244) - age   6:      21160 bytes,     575616 total
[2020-09-11T17:49:55.485+0000][1][gc,heap      ] GC(244) ParNew: 69517K->971K(76672K)
[2020-09-11T17:49:55.485+0000][1][gc,heap      ] GC(244) CMS: 129074K->129636K(439104K)
[2020-09-11T17:49:55.485+0000][1][gc,metaspace ] GC(244) Metaspace: 95816K->95816K(1136640K)
[2020-09-11T17:49:55.485+0000][1][gc           ] GC(244) Pause Young (Allocation Failure) 193M->127M(503M) 18.679ms
[2020-09-11T17:49:55.485+0000][1][gc,cpu       ] GC(244) User=0.01s Sys=0.00s Real=0.02s
[2020-09-11T17:49:55.486+0000][1][safepoint    ] Safepoint "GenCollectForAllocation", Time since last: 514958703 ns, Reaching safepoint: 6747186 ns, At safepoint: 19899575 ns, Total: 26646761 ns
[2020-09-11T17:49:56.492+0000][1][safepoint    ] Safepoint "Cleanup", Time since last: 1005202357 ns, Reaching safepoint: 82759 ns, At safepoint: 18112 ns, Total: 100871 ns
[2020-09-11T17:49:57.161+0000][1][safepoint    ] Safepoint "RevokeBias", Time since last: 668990841 ns, Reaching safepoint: 90378 ns, At safepoint: 23687 ns, Total: 114065 ns
[2020-09-11T17:49:58.161+0000][1][safepoint    ] Safepoint "Cleanup", Time since last: 1000104873 ns, Reaching safepoint: 103416 ns, At safepoint: 5812 ns, Total: 109228 ns
[2020-09-11T17:49:58.990+0000][1][safepoint    ] Safepoint "RevokeBias", Time since last: 829407648 ns, Reaching safepoint: 88761 ns, At safepoint: 24374 ns, Total: 113135 ns
[2020-09-11T17:49:59.097+0000][1][safepoint    ] Safepoint "RevokeBias", Time since last: 106492184 ns, Reaching safepoint: 173384 ns, At safepoint: 26365 ns, Total: 199749 ns
[2020-09-11T17:49:59.479+0000][1][safepoint    ] Safepoint "RevokeBias", Time since last: 382061773 ns, Reaching safepoint: 90249 ns, At safepoint: 21442 ns, Total: 111691 ns
[2020-09-11T17:50:00.479+0000][1][safepoint    ] Safepoint "Cleanup", Time since last: 1000108306 ns, Reaching safepoint: 87309 ns, At safepoint: 9889 ns, Total: 97198 ns
[2020-09-11T17:50:01.480+0000][1][safepoint    ] Safepoint "Cleanup", Time since last: 1000115413 ns, Reaching safepoint: 89698 ns, At safepoint: 10386 ns, Total: 100084 ns
[2020-09-11T17:50:02.480+0000][1][safepoint    ] Safepoint "Cleanup", Time since last: 1000114913 ns, Reaching safepoint: 88416 ns, At safepoint: 9480 ns, Total: 97896 ns
[2020-09-11T17:50:03.480+0000][1][safepoint    ] Safepoint "Cleanup", Time since last: 1000112455 ns, Reaching safepoint: 88893 ns, At safepoint: 10215 ns, Total: 99108 ns
[2020-09-11T17:50:03.998+0000][1][safepoint    ] Safepoint "BulkRevokeBias", Time since last: 517550745 ns, Reaching safepoint: 89174 ns, At safepoint: 239839 ns, Total: 329013 ns
[2020-09-11T17:50:04.104+0000][1][safepoint    ] Safepoint "RevokeBias", Time since last: 106000196 ns, Reaching safepoint: 94831 ns, At safepoint: 24446 ns, Total: 119277 ns
[2020-09-11T17:50:04.861+0000][1][safepoint    ] Safepoint "RevokeBias", Time since last: 752849908 ns, Reaching safepoint: 3682922 ns, At safepoint: 31639 ns, Total: 3714561 ns
[2020-09-11T17:50:05.861+0000][1][safepoint    ] Safepoint "Cleanup", Time since last: 1000169392 ns, Reaching safepoint: 89781 ns, At safepoint: 9525 ns, Total: 99306 ns
[2020-09-11T17:50:06.861+0000][1][safepoint    ] Safepoint "Cleanup", Time since last: 1000114192 ns, Reaching safepoint: 84406 ns, At safepoint: 7261 ns, Total: 91667 ns
[2020-09-11T17:50:07.233+0000][1][safepoint    ] Safepoint "RevokeBias", Time since last: 371472377 ns, Reaching safepoint: 92265 ns, At safepoint: 22248 ns, Total: 114513 ns
[2020-09-11T17:50:08.233+0000][1][safepoint    ] Safepoint "Cleanup", Time since last: 1000100914 ns, Reaching safepoint: 94886 ns, At safepoint: 8907 ns, Total: 103793 ns
[2020-09-11T17:50:09.025+0000][1][safepoint    ] Safepoint "RevokeBias", Time since last: 791898751 ns, Reaching safepoint: 110806 ns, At safepoint: 24562 ns, Total: 135368 ns
[2020-09-11T17:50:09.115+0000][1][safepoint    ] Safepoint "RevokeBias", Time since last: 89549430 ns, Reaching safepoint: 174752 ns, At safepoint: 27698 ns, Total: 202450 ns
[2020-09-11T17:50:09.529+0000][1][safepoint    ] Safepoint "RevokeBias", Time since last: 414287170 ns, Reaching safepoint: 91930 ns, At safepoint: 21860 ns, Total: 113790 ns
[2020-09-11T17:50:10.529+0000][1][safepoint    ] Safepoint "Cleanup", Time since last: 1000108274 ns, Reaching safepoint: 87490 ns, At safepoint: 10171 ns, Total: 97661 ns
[2020-09-11T17:50:11.529+0000][1][safepoint    ] Safepoint "Cleanup", Time since last: 1000109768 ns, Reaching safepoint: 87224 ns, At safepoint: 9401 ns, Total: 96625 ns
[2020-09-11T17:50:12.530+0000][1][safepoint    ] Safepoint "Cleanup", Time since last: 1000110053 ns, Reaching safepoint: 85482 ns, At safepoint: 8959 ns, Total: 94441 ns
[2020-09-11T17:50:13.530+0000][1][safepoint    ] Safepoint "Cleanup", Time since last: 1000116295 ns, Reaching safepoint: 129309 ns, At safepoint: 10527 ns, Total: 139836 ns
[2020-09-11T17:50:14.038+0000][1][safepoint    ] Safepoint "RevokeBias", Time since last: 508411990 ns, Reaching safepoint: 88453 ns, At safepoint: 23934 ns, Total: 112387 ns
[2020-09-11T17:50:14.122+0000][1][safepoint    ] Safepoint "RevokeBias", Time since last: 82967875 ns, Reaching safepoint: 90443 ns, At safepoint: 22797 ns, Total: 113240 ns
[2020-09-11T17:50:14.896+0000][1][safepoint    ] Safepoint "RevokeBias", Time since last: 774305893 ns, Reaching safepoint: 173858 ns, At safepoint: 27021 ns, Total: 200879 ns
[2020-09-11T17:50:15.896+0000][1][safepoint    ] Safepoint "Cleanup", Time since last: 1000115871 ns, Reaching safepoint: 86810 ns, At safepoint: 10268 ns, Total: 97078 ns
[2020-09-11T17:50:16.897+0000][1][safepoint    ] Safepoint "Cleanup", Time since last: 1000496234 ns, Reaching safepoint: 182609 ns, At safepoint: 8092 ns, Total: 190701 ns
[2020-09-11T17:50:17.123+0000][1][gc,start     ] GC(245) Pause Young (Allocation Failure)
[2020-09-11T17:50:17.123+0000][1][gc,task      ] GC(245) Using 1 workers of 1 for evacuation
[2020-09-11T17:50:17.131+0000][1][gc,age       ] GC(245) Desired survivor size 4358144 bytes, new threshold 6 (max threshold 6)
[2020-09-11T17:50:17.131+0000][1][gc,age       ] GC(245) Age table with threshold 6 (max threshold 6)
[2020-09-11T17:50:17.131+0000][1][gc,age       ] GC(245) - age   1:      87312 bytes,      87312 total
[2020-09-11T17:50:17.131+0000][1][gc,age       ] GC(245) - age   2:      43632 bytes,     130944 total
[2020-09-11T17:50:17.131+0000][1][gc,age       ] GC(245) - age   3:      53528 bytes,     184472 total
[2020-09-11T17:50:17.131+0000][1][gc,age       ] GC(245) - age   4:      21440 bytes,     205912 total
[2020-09-11T17:50:17.131+0000][1][gc,age       ] GC(245) - age   5:     328264 bytes,     534176 total
[2020-09-11T17:50:17.131+0000][1][gc,age       ] GC(245) - age   6:      38608 bytes,     572784 total
[2020-09-11T17:50:17.131+0000][1][gc,heap      ] GC(245) ParNew: 69107K->907K(76672K)
[2020-09-11T17:50:17.131+0000][1][gc,heap      ] GC(245) CMS: 129636K->129656K(439104K)
[2020-09-11T17:50:17.131+0000][1][gc,metaspace ] GC(245) Metaspace: 95816K->95816K(1136640K)
[2020-09-11T17:50:17.131+0000][1][gc           ] GC(245) Pause Young (Allocation Failure) 194M->127M(503M) 8.533ms
[2020-09-11T17:50:17.131+0000][1][gc,cpu       ] GC(245) User=0.01s Sys=0.00s Real=0.00s
[2020-09-11T17:50:17.131+0000][1][safepoint    ] Safepoint "GenCollectForAllocation", Time since last: 225527982 ns, Reaching safepoint: 74659 ns, At safepoint: 8927978 ns, Total: 9002637 ns
[2020-09-11T17:50:17.257+0000][1][safepoint    ] Safepoint "RevokeBias", Time since last: 125688888 ns, Reaching safepoint: 105684 ns, At safepoint: 24732 ns, Total: 130416 ns
[2020-09-11T17:50:18.258+0000][1][safepoint    ] Safepoint "Cleanup", Time since last: 1000105013 ns, Reaching safepoint: 87701 ns, At safepoint: 9087 ns, Total: 96788 ns
[2020-09-11T17:50:19.049+0000][1][safepoint    ] Safepoint "RevokeBias", Time since last: 791267760 ns, Reaching safepoint: 87336 ns, At safepoint: 24228 ns, Total: 111564 ns
[2020-09-11T17:50:19.133+0000][1][safepoint    ] Safepoint "RevokeBias", Time since last: 83529361 ns, Reaching safepoint: 88805 ns, At safepoint: 23233 ns, Total: 112038 ns
[2020-09-11T17:50:19.532+0000][1][safepoint    ] Safepoint "RevokeBias", Time since last: 399378264 ns, Reaching safepoint: 89685 ns, At safepoint: 22730 ns, Total: 112415 ns
[2020-09-11T17:50:20.532+0000][1][safepoint    ] Safepoint "Cleanup", Time since last: 1000112791 ns, Reaching safepoint: 86961 ns, At safepoint: 9546 ns, Total: 96507 ns
[2020-09-11T17:50:21.532+0000][1][safepoint    ] Safepoint "Cleanup", Time since last: 1000112748 ns, Reaching safepoint: 89076 ns, At safepoint: 9694 ns, Total: 98770 ns
[2020-09-11T17:50:22.533+0000][1][safepoint    ] Safepoint "Cleanup", Time since last: 1000105452 ns, Reaching safepoint: 85224 ns, At safepoint: 7339 ns, Total: 92563 ns
[2020-09-11T17:50:23.533+0000][1][safepoint    ] Safepoint "Cleanup", Time since last: 1000195689 ns, Reaching safepoint: 163007 ns, At safepoint: 18375 ns, Total: 181382 ns
[2020-09-11T17:50:24.073+0000][1][safepoint    ] Safepoint "RevokeBias", Time since last: 539782262 ns, Reaching safepoint: 89997 ns, At safepoint: 25239 ns, Total: 115236 ns
[2020-09-11T17:50:24.143+0000][1][safepoint    ] Safepoint "RevokeBias", Time since last: 69729434 ns, Reaching safepoint: 98664 ns, At safepoint: 24818 ns, Total: 123482 ns
[2020-09-11T17:50:24.852+0000][1][safepoint    ] Safepoint "RevokeBias", Time since last: 708741578 ns, Reaching safepoint: 208816 ns, At safepoint: 32902 ns, Total: 241718 ns
[2020-09-11T17:50:25.852+0000][1][safepoint    ] Safepoint "Cleanup", Time since last: 1000172083 ns, Reaching safepoint: 169274 ns, At safepoint: 19024 ns, Total: 188298 ns
[2020-09-11T17:50:26.852+0000][1][safepoint    ] Safepoint "Cleanup", Time since last: 1000258408 ns, Reaching safepoint: 93900 ns, At safepoint: 10352 ns, Total: 104252 ns
[2020-09-11T17:50:27.188+0000][1][safepoint    ] Safepoint "RevokeBias", Time since last: 335323182 ns, Reaching safepoint: 95376 ns, At safepoint: 21352 ns, Total: 116728 ns
[2020-09-11T17:50:28.188+0000][1][safepoint    ] Safepoint "Cleanup", Time since last: 1000167098 ns, Reaching safepoint: 143102 ns, At safepoint: 17363 ns, Total: 160465 ns
[2020-09-11T17:50:29.084+0000][1][safepoint    ] Safepoint "RevokeBias", Time since last: 895416426 ns, Reaching safepoint: 90743 ns, At safepoint: 22024 ns, Total: 112767 ns
[2020-09-11T17:50:29.159+0000][1][safepoint    ] Safepoint "RevokeBias", Time since last: 75178093 ns, Reaching safepoint: 177286 ns, At safepoint: 26588 ns, Total: 203874 ns
[2020-09-11T17:50:29.492+0000][1][safepoint    ] Safepoint "RevokeBias", Time since last: 332975590 ns, Reaching safepoint: 164260 ns, At safepoint: 45155 ns, Total: 209415 ns
[2020-09-11T17:50:30.496+0000][1][safepoint    ] Safepoint "Cleanup", Time since last: 1003838677 ns, Reaching safepoint: 163427 ns, At safepoint: 19863 ns, Total: 183290 ns
[2020-09-11T17:50:31.497+0000][1][safepoint    ] Safepoint "Cleanup", Time since last: 1000184028 ns, Reaching safepoint: 160475 ns, At safepoint: 17664 ns, Total: 178139 ns
[2020-09-11T17:50:32.497+0000][1][safepoint    ] Safepoint "Cleanup", Time since last: 1000281904 ns, Reaching safepoint: 161977 ns, At safepoint: 18409 ns, Total: 180386 ns
[2020-09-11T17:50:33.498+0000][1][safepoint    ] Safepoint "Cleanup", Time since last: 1000191515 ns, Reaching safepoint: 163154 ns, At safepoint: 17320 ns, Total: 180474 ns
[2020-09-11T17:50:34.093+0000][1][safepoint    ] Safepoint "RevokeBias", Time since last: 595109844 ns, Reaching safepoint: 123314 ns, At safepoint: 22132 ns, Total: 145446 ns
[2020-09-11T17:50:34.170+0000][1][safepoint    ] Safepoint "RevokeBias", Time since last: 76583033 ns, Reaching safepoint: 95261 ns, At safepoint: 22345 ns, Total: 117606 ns
[2020-09-11T17:50:34.946+0000][1][safepoint    ] Safepoint "RevokeBias", Time since last: 776578272 ns, Reaching safepoint: 274406 ns, At safepoint: 49303 ns, Total: 323709 ns
[2020-09-11T17:50:35.947+0000][1][safepoint    ] Safepoint "Cleanup", Time since last: 1000205697 ns, Reaching safepoint: 116952 ns, At safepoint: 7288 ns, Total: 124240 ns
[2020-09-11T17:50:36.947+0000][1][safepoint    ] Safepoint "Cleanup", Time since last: 1000180813 ns, Reaching safepoint: 159204 ns, At safepoint: 18516 ns, Total: 177720 ns
[2020-09-11T17:50:37.096+0000][1][gc,start     ] GC(246) Pause Young (Allocation Failure)
[2020-09-11T17:50:37.096+0000][1][gc,task      ] GC(246) Using 1 workers of 1 for evacuation
[2020-09-11T17:50:37.101+0000][1][gc,age       ] GC(246) Desired survivor size 4358144 bytes, new threshold 6 (max threshold 6)
[2020-09-11T17:50:37.101+0000][1][gc,age       ] GC(246) Age table with threshold 6 (max threshold 6)
[2020-09-11T17:50:37.101+0000][1][gc,age       ] GC(246) - age   1:     269640 bytes,     269640 total
[2020-09-11T17:50:37.101+0000][1][gc,age       ] GC(246) - age   2:      31480 bytes,     301120 total
[2020-09-11T17:50:37.101+0000][1][gc,age       ] GC(246) - age   3:      41848 bytes,     342968 total
[2020-09-11T17:50:37.101+0000][1][gc,age       ] GC(246) - age   4:      53528 bytes,     396496 total
[2020-09-11T17:50:37.101+0000][1][gc,age       ] GC(246) - age   5:      21440 bytes,     417936 total
[2020-09-11T17:50:37.101+0000][1][gc,age       ] GC(246) - age   6:     327952 bytes,     745888 total
[2020-09-11T17:50:37.101+0000][1][gc,heap      ] GC(246) ParNew: 69067K->1065K(76672K)
[2020-09-11T17:50:37.101+0000][1][gc,heap      ] GC(246) CMS: 129656K->129694K(439104K)
[2020-09-11T17:50:37.101+0000][1][gc,metaspace ] GC(246) Metaspace: 95821K->95821K(1136640K)
[2020-09-11T17:50:37.101+0000][1][gc           ] GC(246) Pause Young (Allocation Failure) 194M->127M(503M) 5.400ms
[2020-09-11T17:50:37.101+0000][1][gc,cpu       ] GC(246) User=0.00s Sys=0.00s Real=0.01s
[2020-09-11T17:50:37.101+0000][1][safepoint    ] Safepoint "GenCollectForAllocation", Time since last: 148495029 ns, Reaching safepoint: 231877 ns, At safepoint: 5484591 ns, Total: 5716468 ns
[2020-09-11T17:50:37.119+0000][1][safepoint    ] Safepoint "RevokeBias", Time since last: 17749160 ns, Reaching safepoint: 94182 ns, At safepoint: 33645 ns, Total: 127827 ns
[2020-09-11T17:50:38.120+0000][1][safepoint    ] Safepoint "Cleanup", Time since last: 1000769448 ns, Reaching safepoint: 87392 ns, At safepoint: 17883 ns, Total: 105275 ns
[2020-09-11T17:50:39.103+0000][1][safepoint    ] Safepoint "RevokeBias", Time since last: 983107092 ns, Reaching safepoint: 90547 ns, At safepoint: 33556 ns, Total: 124103 ns
[2020-09-11T17:50:39.178+0000][1][safepoint    ] Safepoint "RevokeBias", Time since last: 74398259 ns, Reaching safepoint: 94947 ns, At safepoint: 32874 ns, Total: 127821 ns
[2020-09-11T17:50:39.523+0000][1][safepoint    ] Safepoint "RevokeBias", Time since last: 344652196 ns, Reaching safepoint: 94239 ns, At safepoint: 34389 ns, Total: 128628 ns
[2020-09-11T17:50:40.523+0000][1][safepoint    ] Safepoint "Cleanup", Time since last: 1000199520 ns, Reaching safepoint: 160999 ns, At safepoint: 17464 ns, Total: 178463 ns
[2020-09-11T17:50:41.523+0000][1][safepoint    ] Safepoint "Cleanup", Time since last: 1000211781 ns, Reaching safepoint: 116024 ns, At safepoint: 7362 ns, Total: 123386 ns
[2020-09-11T17:50:42.524+0000][1][safepoint    ] Safepoint "Cleanup", Time since last: 1000190269 ns, Reaching safepoint: 111130 ns, At safepoint: 7936 ns, Total: 119066 ns
[2020-09-11T17:50:43.524+0000][1][safepoint    ] Safepoint "Cleanup", Time since last: 1000146438 ns, Reaching safepoint: 145183 ns, At safepoint: 7170 ns, Total: 152353 ns
[2020-09-11T17:50:44.111+0000][1][safepoint    ] Safepoint "RevokeBias", Time since last: 587383486 ns, Reaching safepoint: 92101 ns, At safepoint: 22342 ns, Total: 114443 ns
[2020-09-11T17:50:44.192+0000][1][safepoint    ] Safepoint "RevokeBias", Time since last: 80015423 ns, Reaching safepoint: 173964 ns, At safepoint: 21865 ns, Total: 195829 ns
[2020-09-11T17:50:44.858+0000][1][safepoint    ] Safepoint "RevokeBias", Time since last: 665894003 ns, Reaching safepoint: 302877 ns, At safepoint: 49326 ns, Total: 352203 ns
[2020-09-11T17:50:45.858+0000][1][safepoint    ] Safepoint "Cleanup", Time since last: 1000164380 ns, Reaching safepoint: 159873 ns, At safepoint: 16972 ns, Total: 176845 ns
[2020-09-11T17:50:46.859+0000][1][safepoint    ] Safepoint "Cleanup", Time since last: 1000241770 ns, Reaching safepoint: 105641 ns, At safepoint: 7683 ns, Total: 113324 ns
[2020-09-11T17:50:47.161+0000][1][safepoint    ] Safepoint "BulkRevokeBias", Time since last: 302375199 ns, Reaching safepoint: 97107 ns, At safepoint: 227983 ns, Total: 325090 ns
[2020-09-11T17:50:48.162+0000][1][safepoint    ] Safepoint "Cleanup", Time since last: 1000172968 ns, Reaching safepoint: 138409 ns, At safepoint: 7191 ns, Total: 145600 ns
[2020-09-11T17:50:49.125+0000][1][safepoint    ] Safepoint "RevokeBias", Time since last: 961877860 ns, Reaching safepoint: 397253 ns, At safepoint: 728175 ns, Total: 1125428 ns
[2020-09-11T17:50:49.202+0000][1][safepoint    ] Safepoint "RevokeBias", Time since last: 76947397 ns, Reaching safepoint: 86458 ns, At safepoint: 31951 ns, Total: 118409 ns
[2020-09-11T17:50:49.523+0000][1][safepoint    ] Safepoint "RevokeBias", Time since last: 321062214 ns, Reaching safepoint: 273464 ns, At safepoint: 48471 ns, Total: 321935 ns
[2020-09-11T17:50:50.523+0000][1][safepoint    ] Safepoint "Cleanup", Time since last: 1000259643 ns, Reaching safepoint: 115201 ns, At safepoint: 7797 ns, Total: 122998 ns
[2020-09-11T17:50:51.524+0000][1][safepoint    ] Safepoint "Cleanup", Time since last: 1000188408 ns, Reaching safepoint: 160665 ns, At safepoint: 18620 ns, Total: 179285 ns
[2020-09-11T17:50:52.524+0000][1][safepoint    ] Safepoint "Cleanup", Time since last: 1000241432 ns, Reaching safepoint: 111306 ns, At safepoint: 7786 ns, Total: 119092 ns
[2020-09-11T17:50:53.524+0000][1][safepoint    ] Safepoint "Cleanup", Time since last: 1000201188 ns, Reaching safepoint: 113606 ns, At safepoint: 7241 ns, Total: 120847 ns
[2020-09-11T17:50:54.133+0000][1][safepoint    ] Safepoint "RevokeBias", Time since last: 608226047 ns, Reaching safepoint: 108749 ns, At safepoint: 21850 ns, Total: 130599 ns
[2020-09-11T17:50:54.210+0000][1][safepoint    ] Safepoint "RevokeBias", Time since last: 76920090 ns, Reaching safepoint: 91063 ns, At safepoint: 21671 ns, Total: 112734 ns
[2020-09-11T17:50:54.920+0000][1][safepoint    ] Safepoint "RevokeBias", Time since last: 709918110 ns, Reaching safepoint: 274268 ns, At safepoint: 48629 ns, Total: 322897 ns
[2020-09-11T17:50:55.920+0000][1][safepoint    ] Safepoint "Cleanup", Time since last: 1000196708 ns, Reaching safepoint: 117411 ns, At safepoint: 7017 ns, Total: 124428 ns
[2020-09-11T17:50:56.921+0000][1][safepoint    ] Safepoint "Cleanup", Time since last: 1000193193 ns, Reaching safepoint: 107040 ns, At safepoint: 15423 ns, Total: 122463 ns
[2020-09-11T17:50:57.082+0000][1][gc,start     ] GC(247) Pause Young (Allocation Failure)
[2020-09-11T17:50:57.082+0000][1][gc,task      ] GC(247) Using 1 workers of 1 for evacuation
[2020-09-11T17:50:57.087+0000][1][gc,age       ] GC(247) Desired survivor size 4358144 bytes, new threshold 6 (max threshold 6)
[2020-09-11T17:50:57.087+0000][1][gc,age       ] GC(247) Age table with threshold 6 (max threshold 6)
[2020-09-11T17:50:57.087+0000][1][gc,age       ] GC(247) - age   1:      84624 bytes,      84624 total
[2020-09-11T17:50:57.087+0000][1][gc,age       ] GC(247) - age   2:     129944 bytes,     214568 total
[2020-09-11T17:50:57.087+0000][1][gc,age       ] GC(247) - age   3:      28648 bytes,     243216 total
[2020-09-11T17:50:57.087+0000][1][gc,age       ] GC(247) - age   4:      41848 bytes,     285064 total
[2020-09-11T17:50:57.087+0000][1][gc,age       ] GC(247) - age   5:      53528 bytes,     338592 total
[2020-09-11T17:50:57.087+0000][1][gc,age       ] GC(247) - age   6:      21440 bytes,     360032 total
[2020-09-11T17:50:57.087+0000][1][gc,heap      ] GC(247) ParNew: 69225K->679K(76672K)
[2020-09-11T17:50:57.087+0000][1][gc,heap      ] GC(247) CMS: 129694K->130014K(439104K)
[2020-09-11T17:50:57.087+0000][1][gc,metaspace ] GC(247) Metaspace: 95821K->95821K(1136640K)
[2020-09-11T17:50:57.087+0000][1][gc           ] GC(247) Pause Young (Allocation Failure) 194M->127M(503M) 4.832ms
[2020-09-11T17:50:57.087+0000][1][gc,cpu       ] GC(247) User=0.01s Sys=0.00s Real=0.00s
[2020-09-11T17:50:57.087+0000][1][safepoint    ] Safepoint "GenCollectForAllocation", Time since last: 161017474 ns, Reaching safepoint: 162478 ns, At safepoint: 4902944 ns, Total: 5065422 ns
[2020-09-11T17:50:57.122+0000][1][safepoint    ] Safepoint "RevokeBias", Time since last: 35460828 ns, Reaching safepoint: 96007 ns, At safepoint: 22391 ns, Total: 118398 ns
[2020-09-11T17:50:58.123+0000][1][safepoint    ] Safepoint "Cleanup", Time since last: 1000185814 ns, Reaching safepoint: 162295 ns, At safepoint: 18623 ns, Total: 180918 ns
[2020-09-11T17:50:59.123+0000][1][safepoint    ] Safepoint "Cleanup", Time since last: 1000218712 ns, Reaching safepoint: 119530 ns, At safepoint: 6966 ns, Total: 126496 ns
[2020-09-11T17:50:59.146+0000][1][safepoint    ] Safepoint "RevokeBias", Time since last: 21923942 ns, Reaching safepoint: 402115 ns, At safepoint: 720878 ns, Total: 1122993 ns
[2020-09-11T17:50:59.217+0000][1][safepoint    ] Safepoint "RevokeBias", Time since last: 71024389 ns, Reaching safepoint: 96714 ns, At safepoint: 34143 ns, Total: 130857 ns
[2020-09-11T17:50:59.481+0000][1][safepoint    ] Safepoint "RevokeBias", Time since last: 263305955 ns, Reaching safepoint: 96745 ns, At safepoint: 45249 ns, Total: 141994 ns
[2020-09-11T17:51:00.481+0000][1][safepoint    ] Safepoint "Cleanup", Time since last: 1000130595 ns, Reaching safepoint: 155282 ns, At safepoint: 18169 ns, Total: 173451 ns
[2020-09-11T17:51:01.481+0000][1][safepoint    ] Safepoint "Cleanup", Time since last: 1000177990 ns, Reaching safepoint: 133781 ns, At safepoint: 7380 ns, Total: 141161 ns
[2020-09-11T17:51:02.482+0000][1][safepoint    ] Safepoint "Cleanup", Time since last: 1000152294 ns, Reaching safepoint: 163414 ns, At safepoint: 18095 ns, Total: 181509 ns
[2020-09-11T17:51:03.482+0000][1][safepoint    ] Safepoint "Cleanup", Time since last: 1000146836 ns, Reaching safepoint: 195435 ns, At safepoint: 7719 ns, Total: 203154 ns
[2020-09-11T17:51:04.157+0000][1][safepoint    ] Safepoint "RevokeBias", Time since last: 674784571 ns, Reaching safepoint: 89210 ns, At safepoint: 22885 ns, Total: 112095 ns
[2020-09-11T17:51:04.228+0000][1][safepoint    ] Safepoint "RevokeBias", Time since last: 70520322 ns, Reaching safepoint: 90924 ns, At safepoint: 21114 ns, Total: 112038 ns
[2020-09-11T17:51:04.913+0000][1][safepoint    ] Safepoint "RevokeBias", Time since last: 685537628 ns, Reaching safepoint: 214845 ns, At safepoint: 24001 ns, Total: 238846 ns
[2020-09-11T17:51:05.914+0000][1][safepoint    ] Safepoint "Cleanup", Time since last: 1000157832 ns, Reaching safepoint: 117460 ns, At safepoint: 7710 ns, Total: 125170 ns
[2020-09-11T17:51:06.914+0000][1][safepoint    ] Safepoint "Cleanup", Time since last: 1000150721 ns, Reaching safepoint: 120051 ns, At safepoint: 6622 ns, Total: 126673 ns
[2020-09-11T17:51:07.157+0000][1][safepoint    ] Safepoint "RevokeBias", Time since last: 242476731 ns, Reaching safepoint: 176791 ns, At safepoint: 46961 ns, Total: 223752 ns
[2020-09-11T17:51:08.157+0000][1][safepoint    ] Safepoint "Cleanup", Time since last: 1000173339 ns, Reaching safepoint: 161233 ns, At safepoint: 18118 ns, Total: 179351 ns
[2020-09-11T17:51:09.157+0000][1][safepoint    ] Safepoint "Cleanup", Time since last: 1000280274 ns, Reaching safepoint: 96738 ns, At safepoint: 6972 ns, Total: 103710 ns
[2020-09-11T17:51:09.166+0000][1][safepoint    ] Safepoint "RevokeBias", Time since last: 8867058 ns, Reaching safepoint: 103118 ns, At safepoint: 21764 ns, Total: 124882 ns
[2020-09-11T17:51:09.238+0000][1][safepoint    ] Safepoint "RevokeBias", Time since last: 71133976 ns, Reaching safepoint: 185838 ns, At safepoint: 23343 ns, Total: 209181 ns
[2020-09-11T17:51:09.479+0000][1][safepoint    ] Safepoint "RevokeBias", Time since last: 240818892 ns, Reaching safepoint: 93164 ns, At safepoint: 22127 ns, Total: 115291 ns
[2020-09-11T17:51:10.479+0000][1][safepoint    ] Safepoint "Cleanup", Time since last: 1000203324 ns, Reaching safepoint: 160057 ns, At safepoint: 18923 ns, Total: 178980 ns
[2020-09-11T17:51:11.479+0000][1][safepoint    ] Safepoint "Cleanup", Time since last: 1000235023 ns, Reaching safepoint: 115617 ns, At safepoint: 7750 ns, Total: 123367 ns
[2020-09-11T17:51:12.480+0000][1][safepoint    ] Safepoint "Cleanup", Time since last: 1000197953 ns, Reaching safepoint: 160120 ns, At safepoint: 18953 ns, Total: 179073 ns
[2020-09-11T17:51:13.480+0000][1][safepoint    ] Safepoint "Cleanup", Time since last: 1000187809 ns, Reaching safepoint: 163695 ns, At safepoint: 17556 ns, Total: 181251 ns
[2020-09-11T17:51:14.174+0000][1][safepoint    ] Safepoint "RevokeBias", Time since last: 693346074 ns, Reaching safepoint: 89727 ns, At safepoint: 52917 ns, Total: 142644 ns
[2020-09-11T17:51:14.246+0000][1][safepoint    ] Safepoint "BulkRevokeBias", Time since last: 72217668 ns, Reaching safepoint: 92855 ns, At safepoint: 221233 ns, Total: 314088 ns
[2020-09-11T17:51:14.899+0000][1][safepoint    ] Safepoint "RevokeBias", Time since last: 652359276 ns, Reaching safepoint: 170132 ns, At safepoint: 23638 ns, Total: 193770 ns
[2020-09-11T17:51:16.217+0000][1][safepoint    ] Safepoint "Cleanup", Time since last: 1318265987 ns, Reaching safepoint: 109391 ns, At safepoint: 7511 ns, Total: 116902 ns
[2020-09-11T17:51:17.082+0000][1][gc,start     ] GC(248) Pause Young (Allocation Failure)
[2020-09-11T17:51:17.082+0000][1][gc,task      ] GC(248) Using 1 workers of 1 for evacuation
[2020-09-11T17:51:17.092+0000][1][gc,age       ] GC(248) Desired survivor size 4358144 bytes, new threshold 6 (max threshold 6)
[2020-09-11T17:51:17.092+0000][1][gc,age       ] GC(248) Age table with threshold 6 (max threshold 6)
[2020-09-11T17:51:17.092+0000][1][gc,age       ] GC(248) - age   1:    2300040 bytes,    2300040 total
[2020-09-11T17:51:17.092+0000][1][gc,age       ] GC(248) - age   2:      13712 bytes,    2313752 total
[2020-09-11T17:51:17.092+0000][1][gc,age       ] GC(248) - age   3:     126776 bytes,    2440528 total
[2020-09-11T17:51:17.092+0000][1][gc,age       ] GC(248) - age   4:      28328 bytes,    2468856 total
[2020-09-11T17:51:17.093+0000][1][gc,age       ] GC(248) - age   5:      41848 bytes,    2510704 total
[2020-09-11T17:51:17.093+0000][1][gc,age       ] GC(248) - age   6:      53528 bytes,    2564232 total
[2020-09-11T17:51:17.093+0000][1][gc,heap      ] GC(248) ParNew: 68839K->2666K(76672K)
[2020-09-11T17:51:17.093+0000][1][gc,heap      ] GC(248) CMS: 130014K->130035K(439104K)
[2020-09-11T17:51:17.093+0000][1][gc,metaspace ] GC(248) Metaspace: 95821K->95821K(1136640K)
[2020-09-11T17:51:17.097+0000][1][gc           ] GC(248) Pause Young (Allocation Failure) 194M->129M(503M) 14.837ms
[2020-09-11T17:51:17.097+0000][1][gc,cpu       ] GC(248) User=0.00s Sys=0.00s Real=0.01s
[2020-09-11T17:51:17.097+0000][1][safepoint    ] Safepoint "GenCollectForAllocation", Time since last: 863862399 ns, Reaching safepoint: 978699 ns, At safepoint: 14964250 ns, Total: 15942949 ns
[2020-09-11T17:51:17.143+0000][1][safepoint    ] Safepoint "RevokeBias", Time since last: 46131818 ns, Reaching safepoint: 94281 ns, At safepoint: 22267 ns, Total: 116548 ns
[2020-09-11T17:51:18.143+0000][1][safepoint    ] Safepoint "Cleanup", Time since last: 1000163532 ns, Reaching safepoint: 163468 ns, At safepoint: 17797 ns, Total: 181265 ns
[2020-09-11T17:51:19.144+0000][1][safepoint    ] Safepoint "Cleanup", Time since last: 1000225931 ns, Reaching safepoint: 133164 ns, At safepoint: 8723 ns, Total: 141887 ns
[2020-09-11T17:51:19.181+0000][1][safepoint    ] Safepoint "RevokeBias", Time since last: 37086751 ns, Reaching safepoint: 91825 ns, At safepoint: 52597 ns, Total: 144422 ns
[2020-09-11T17:51:19.254+0000][1][safepoint    ] Safepoint "RevokeBias", Time since last: 72597190 ns, Reaching safepoint: 89658 ns, At safepoint: 33815 ns, Total: 123473 ns
[2020-09-11T17:51:19.475+0000][1][safepoint    ] Safepoint "RevokeBias", Time since last: 220888804 ns, Reaching safepoint: 89287 ns, At safepoint: 22367 ns, Total: 111654 ns
[2020-09-11T17:51:20.475+0000][1][safepoint    ] Safepoint "Cleanup", Time since last: 1000187114 ns, Reaching safepoint: 107378 ns, At safepoint: 7807 ns, Total: 115185 ns
[2020-09-11T17:51:21.475+0000][1][safepoint    ] Safepoint "Cleanup", Time since last: 1000181988 ns, Reaching safepoint: 107451 ns, At safepoint: 7668 ns, Total: 115119 ns
[2020-09-11T17:51:22.476+0000][1][safepoint    ] Safepoint "Cleanup", Time since last: 1000175340 ns, Reaching safepoint: 116020 ns, At safepoint: 7527 ns, Total: 123547 ns
[2020-09-11T17:51:23.476+0000][1][safepoint    ] Safepoint "Cleanup", Time since last: 1000168113 ns, Reaching safepoint: 152269 ns, At safepoint: 17911 ns, Total: 170180 ns
[2020-09-11T17:51:24.194+0000][1][safepoint    ] Safepoint "RevokeBias", Time since last: 717177688 ns, Reaching safepoint: 413635 ns, At safepoint: 618677 ns, Total: 1032312 ns
[2020-09-11T17:51:24.267+0000][1][safepoint    ] Safepoint "RevokeBias", Time since last: 72797833 ns, Reaching safepoint: 180049 ns, At safepoint: 48367 ns, Total: 228416 ns
[2020-09-11T17:51:24.879+0000][1][safepoint    ] Safepoint "RevokeBias", Time since last: 611904768 ns, Reaching safepoint: 214558 ns, At safepoint: 24273 ns, Total: 238831 ns
[2020-09-11T17:51:25.880+0000][1][safepoint    ] Safepoint "Cleanup", Time since last: 1000207606 ns, Reaching safepoint: 102687 ns, At safepoint: 7864 ns, Total: 110551 ns
[2020-09-11T17:51:26.880+0000][1][safepoint    ] Safepoint "Cleanup", Time since last: 1000154207 ns, Reaching safepoint: 167929 ns, At safepoint: 17917 ns, Total: 185846 ns
[2020-09-11T17:51:27.096+0000][1][safepoint    ] Safepoint "RevokeBias", Time since last: 215476450 ns, Reaching safepoint: 97068 ns, At safepoint: 22389 ns, Total: 119457 ns
[2020-09-11T17:51:28.096+0000][1][safepoint    ] Safepoint "Cleanup", Time since last: 1000162755 ns, Reaching safepoint: 93630 ns, At safepoint: 6377 ns, Total: 100007 ns
[2020-09-11T17:51:29.096+0000][1][safepoint    ] Safepoint "Cleanup", Time since last: 1000176591 ns, Reaching safepoint: 112517 ns, At safepoint: 8234 ns, Total: 120751 ns
[2020-09-11T17:51:29.202+0000][1][safepoint    ] Safepoint "RevokeBias", Time since last: 105634799 ns, Reaching safepoint: 87827 ns, At safepoint: 22010 ns, Total: 109837 ns
[2020-09-11T17:51:29.276+0000][1][safepoint    ] Safepoint "RevokeBias", Time since last: 73555392 ns, Reaching safepoint: 173690 ns, At safepoint: 22144 ns, Total: 195834 ns
[2020-09-11T17:51:29.497+0000][1][safepoint    ] Safepoint "RevokeBias", Time since last: 219516235 ns, Reaching safepoint: 1674910 ns, At safepoint: 28669 ns, Total: 1703579 ns
[2020-09-11T17:51:30.497+0000][1][safepoint    ] Safepoint "Cleanup", Time since last: 1000180366 ns, Reaching safepoint: 163357 ns, At safepoint: 18406 ns, Total: 181763 ns
[2020-09-11T17:51:31.498+0000][1][safepoint    ] Safepoint "Cleanup", Time since last: 1000181943 ns, Reaching safepoint: 94091 ns, At safepoint: 8284 ns, Total: 102375 ns
[2020-09-11T17:51:32.498+0000][1][safepoint    ] Safepoint "Cleanup", Time since last: 1000179217 ns, Reaching safepoint: 112911 ns, At safepoint: 7426 ns, Total: 120337 ns
[2020-09-11T17:51:33.498+0000][1][safepoint    ] Safepoint "Cleanup", Time since last: 1000181479 ns, Reaching safepoint: 162947 ns, At safepoint: 18509 ns, Total: 181456 ns
[2020-09-11T17:51:34.215+0000][1][safepoint    ] Safepoint "RevokeBias", Time since last: 715295211 ns, Reaching safepoint: 407661 ns, At safepoint: 625797 ns, Total: 1033458 ns
[2020-09-11T17:51:34.289+0000][1][safepoint    ] Safepoint "RevokeBias", Time since last: 73834745 ns, Reaching safepoint: 176859 ns, At safepoint: 80785 ns, Total: 257644 ns
[2020-09-11T17:51:34.916+0000][1][safepoint    ] Safepoint "RevokeBias", Time since last: 627155914 ns, Reaching safepoint: 346003 ns, At safepoint: 78035 ns, Total: 424038 ns
[2020-09-11T17:51:35.917+0000][1][safepoint    ] Safepoint "Cleanup", Time since last: 1000211034 ns, Reaching safepoint: 108061 ns, At safepoint: 7585 ns, Total: 115646 ns
[2020-09-11T17:51:36.917+0000][1][safepoint    ] Safepoint "Cleanup", Time since last: 1000190504 ns, Reaching safepoint: 118637 ns, At safepoint: 7022 ns, Total: 125659 ns
[2020-09-11T17:51:37.175+0000][1][safepoint    ] Safepoint "RevokeBias", Time since last: 258327930 ns, Reaching safepoint: 94659 ns, At safepoint: 22535 ns, Total: 117194 ns
[2020-09-11T17:51:38.176+0000][1][safepoint    ] Safepoint "Cleanup", Time since last: 1000169366 ns, Reaching safepoint: 161721 ns, At safepoint: 18476 ns, Total: 180197 ns
[2020-09-11T17:51:39.176+0000][1][safepoint    ] Safepoint "Cleanup", Time since last: 1000181912 ns, Reaching safepoint: 129611 ns, At safepoint: 7500 ns, Total: 137111 ns
[2020-09-11T17:51:39.222+0000][1][safepoint    ] Safepoint "RevokeBias", Time since last: 46365993 ns, Reaching safepoint: 83320 ns, At safepoint: 21545 ns, Total: 104865 ns
[2020-09-11T17:51:39.297+0000][1][safepoint    ] Safepoint "RevokeBias", Time since last: 73985395 ns, Reaching safepoint: 94261 ns, At safepoint: 22265 ns, Total: 116526 ns
[2020-09-11T17:51:39.462+0000][1][gc,start     ] GC(249) Pause Young (Allocation Failure)
[2020-09-11T17:51:39.462+0000][1][gc,task      ] GC(249) Using 1 workers of 1 for evacuation
[2020-09-11T17:51:39.467+0000][1][gc,age       ] GC(249) Desired survivor size 4358144 bytes, new threshold 6 (max threshold 6)
[2020-09-11T17:51:39.467+0000][1][gc,age       ] GC(249) Age table with threshold 6 (max threshold 6)
[2020-09-11T17:51:39.467+0000][1][gc,age       ] GC(249) - age   1:     326768 bytes,     326768 total
[2020-09-11T17:51:39.467+0000][1][gc,age       ] GC(249) - age   2:    2165064 bytes,    2491832 total
[2020-09-11T17:51:39.467+0000][1][gc,age       ] GC(249) - age   3:      11808 bytes,    2503640 total
[2020-09-11T17:51:39.467+0000][1][gc,age       ] GC(249) - age   4:     126776 bytes,    2630416 total
[2020-09-11T17:51:39.467+0000][1][gc,age       ] GC(249) - age   5:      28328 bytes,    2658744 total
[2020-09-11T17:51:39.467+0000][1][gc,age       ] GC(249) - age   6:      41536 bytes,    2700280 total
[2020-09-11T17:51:39.467+0000][1][gc,heap      ] GC(249) ParNew: 70826K->3164K(76672K)
[2020-09-11T17:51:39.467+0000][1][gc,heap      ] GC(249) CMS: 130035K->130087K(439104K)
[2020-09-11T17:51:39.467+0000][1][gc,metaspace ] GC(249) Metaspace: 95821K->95821K(1136640K)
[2020-09-11T17:51:39.467+0000][1][gc           ] GC(249) Pause Young (Allocation Failure) 196M->130M(503M) 5.586ms
[2020-09-11T17:51:39.467+0000][1][gc,cpu       ] GC(249) User=0.01s Sys=0.00s Real=0.00s
[2020-09-11T17:51:39.467+0000][1][safepoint    ] Safepoint "GenCollectForAllocation", Time since last: 164799169 ns, Reaching safepoint: 206656 ns, At safepoint: 5694756 ns, Total: 5901412 ns
[2020-09-11T17:51:39.484+0000][1][safepoint    ] Safepoint "RevokeBias", Time since last: 16117580 ns, Reaching safepoint: 95697 ns, At safepoint: 33531 ns, Total: 129228 ns
[2020-09-11T17:51:40.484+0000][1][safepoint    ] Safepoint "Cleanup", Time since last: 1000692880 ns, Reaching safepoint: 165660 ns, At safepoint: 18780 ns, Total: 184440 ns
[2020-09-11T17:51:41.485+0000][1][safepoint    ] Safepoint "Cleanup", Time since last: 1000201723 ns, Reaching safepoint: 143734 ns, At safepoint: 6616 ns, Total: 150350 ns
[2020-09-11T17:51:42.485+0000][1][safepoint    ] Safepoint "Cleanup", Time since last: 1000151583 ns, Reaching safepoint: 121680 ns, At safepoint: 7327 ns, Total: 129007 ns
[2020-09-11T17:51:43.485+0000][1][safepoint    ] Safepoint "Cleanup", Time since last: 1000178448 ns, Reaching safepoint: 185899 ns, At safepoint: 15873 ns, Total: 201772 ns
[2020-09-11T17:51:44.229+0000][1][safepoint    ] Safepoint "RevokeBias", Time since last: 743497791 ns, Reaching safepoint: 87050 ns, At safepoint: 20547 ns, Total: 107597 ns
[2020-09-11T17:51:44.309+0000][1][safepoint    ] Safepoint "RevokeBias", Time since last: 80072503 ns, Reaching safepoint: 189168 ns, At safepoint: 22150 ns, Total: 211318 ns
[2020-09-11T17:51:44.855+0000][1][safepoint    ] Safepoint "RevokeBias", Time since last: 545643086 ns, Reaching safepoint: 230987 ns, At safepoint: 39604 ns, Total: 270591 ns
[2020-09-11T17:51:45.856+0000][1][safepoint    ] Safepoint "Cleanup", Time since last: 1000224028 ns, Reaching safepoint: 101732 ns, At safepoint: 8384 ns, Total: 110116 ns
[2020-09-11T17:51:46.856+0000][1][safepoint    ] Safepoint "Cleanup", Time since last: 1000184919 ns, Reaching safepoint: 166108 ns, At safepoint: 19895 ns, Total: 186003 ns
[2020-09-11T17:51:47.216+0000][1][safepoint    ] Safepoint "RevokeBias", Time since last: 360156141 ns, Reaching safepoint: 96901 ns, At safepoint: 22286 ns, Total: 119187 ns
[2020-09-11T17:51:48.217+0000][1][safepoint    ] Safepoint "Cleanup", Time since last: 1000167240 ns, Reaching safepoint: 113485 ns, At safepoint: 8298 ns, Total: 121783 ns
[2020-09-11T17:51:49.217+0000][1][safepoint    ] Safepoint "Cleanup", Time since last: 1000193028 ns, Reaching safepoint: 120198 ns, At safepoint: 7111 ns, Total: 127309 ns
[2020-09-11T17:51:49.236+0000][1][safepoint    ] Safepoint "RevokeBias", Time since last: 19194536 ns, Reaching safepoint: 87069 ns, At safepoint: 21904 ns, Total: 108973 ns
[2020-09-11T17:51:49.321+0000][1][safepoint    ] Safepoint "RevokeBias", Time since last: 84374817 ns, Reaching safepoint: 181574 ns, At safepoint: 22630 ns, Total: 204204 ns
[2020-09-11T17:51:49.478+0000][1][safepoint    ] Safepoint "RevokeBias", Time since last: 156756017 ns, Reaching safepoint: 89985 ns, At safepoint: 36741 ns, Total: 126726 ns
[2020-09-11T17:51:50.478+0000][1][safepoint    ] Safepoint "Cleanup", Time since last: 1000166974 ns, Reaching safepoint: 124872 ns, At safepoint: 10886 ns, Total: 135758 ns
[2020-09-11T17:51:51.478+0000][1][safepoint    ] Safepoint "Cleanup", Time since last: 1000172479 ns, Reaching safepoint: 164274 ns, At safepoint: 18038 ns, Total: 182312 ns
[2020-09-11T17:51:52.479+0000][1][safepoint    ] Safepoint "Cleanup", Time since last: 1000211622 ns, Reaching safepoint: 117586 ns, At safepoint: 7275 ns, Total: 124861 ns
[2020-09-11T17:51:53.479+0000][1][safepoint    ] Safepoint "Cleanup", Time since last: 1000171822 ns, Reaching safepoint: 120359 ns, At safepoint: 6330 ns, Total: 126689 ns
[2020-09-11T17:51:54.244+0000][1][safepoint    ] Safepoint "RevokeBias", Time since last: 764587132 ns, Reaching safepoint: 92236 ns, At safepoint: 22387 ns, Total: 114623 ns
[2020-09-11T17:51:54.328+0000][1][safepoint    ] Safepoint "RevokeBias", Time since last: 84705312 ns, Reaching safepoint: 95750 ns, At safepoint: 21232 ns, Total: 116982 ns
[2020-09-11T17:51:54.847+0000][1][safepoint    ] Safepoint "RevokeBias", Time since last: 517923938 ns, Reaching safepoint: 165972 ns, At safepoint: 22057 ns, Total: 188029 ns
[2020-09-11T17:51:55.847+0000][1][safepoint    ] Safepoint "Cleanup", Time since last: 1000132327 ns, Reaching safepoint: 169729 ns, At safepoint: 18306 ns, Total: 188035 ns
[2020-09-11T17:51:56.847+0000][1][safepoint    ] Safepoint "Cleanup", Time since last: 1000189582 ns, Reaching safepoint: 167751 ns, At safepoint: 18907 ns, Total: 186658 ns
[2020-09-11T17:51:57.152+0000][1][safepoint    ] Safepoint "RevokeBias", Time since last: 304356810 ns, Reaching safepoint: 187804 ns, At safepoint: 48458 ns, Total: 236262 ns
[2020-09-11T17:51:58.152+0000][1][safepoint    ] Safepoint "Cleanup", Time since last: 1000205244 ns, Reaching safepoint: 163545 ns, At safepoint: 18131 ns, Total: 181676 ns
[2020-09-11T17:51:59.153+0000][1][safepoint    ] Safepoint "Cleanup", Time since last: 1000192093 ns, Reaching safepoint: 153204 ns, At safepoint: 18456 ns, Total: 171660 ns
[2020-09-11T17:51:59.252+0000][1][safepoint    ] Safepoint "RevokeBias", Time since last: 99780944 ns, Reaching safepoint: 87003 ns, At safepoint: 21320 ns, Total: 108323 ns
[2020-09-11T17:51:59.336+0000][1][safepoint    ] Safepoint "RevokeBias", Time since last: 83467410 ns, Reaching safepoint: 173560 ns, At safepoint: 21933 ns, Total: 195493 ns
[2020-09-11T17:51:59.465+0000][1][gc,start     ] GC(250) Pause Young (Allocation Failure)
[2020-09-11T17:51:59.465+0000][1][gc,task      ] GC(250) Using 1 workers of 1 for evacuation
[2020-09-11T17:51:59.470+0000][1][gc,age       ] GC(250) Desired survivor size 4358144 bytes, new threshold 6 (max threshold 6)
[2020-09-11T17:51:59.470+0000][1][gc,age       ] GC(250) Age table with threshold 6 (max threshold 6)
[2020-09-11T17:51:59.470+0000][1][gc,age       ] GC(250) - age   1:     267680 bytes,     267680 total
[2020-09-11T17:51:59.470+0000][1][gc,age       ] GC(250) - age   2:     193088 bytes,     460768 total
[2020-09-11T17:51:59.470+0000][1][gc,age       ] GC(250) - age   3:    2163184 bytes,    2623952 total
[2020-09-11T17:51:59.470+0000][1][gc,age       ] GC(250) - age   4:      11808 bytes,    2635760 total
[2020-09-11T17:51:59.470+0000][1][gc,age       ] GC(250) - age   5:     126776 bytes,    2762536 total
[2020-09-11T17:51:59.470+0000][1][gc,age       ] GC(250) - age   6:      28328 bytes,    2790864 total
[2020-09-11T17:51:59.470+0000][1][gc,heap      ] GC(250) ParNew: 71324K->4271K(76672K)
[2020-09-11T17:51:59.470+0000][1][gc,heap      ] GC(250) CMS: 130087K->130128K(439104K)
[2020-09-11T17:51:59.470+0000][1][gc,metaspace ] GC(250) Metaspace: 95822K->95822K(1136640K)
[2020-09-11T17:51:59.470+0000][1][gc           ] GC(250) Pause Young (Allocation Failure) 196M->131M(503M) 5.581ms
[2020-09-11T17:51:59.470+0000][1][gc,cpu       ] GC(250) User=0.01s Sys=0.00s Real=0.00s
[2020-09-11T17:51:59.470+0000][1][safepoint    ] Safepoint "GenCollectForAllocation", Time since last: 128480842 ns, Reaching safepoint: 229508 ns, At safepoint: 5634122 ns, Total: 5863630 ns
[2020-09-11T17:51:59.491+0000][1][safepoint    ] Safepoint "RevokeBias", Time since last: 20551736 ns, Reaching safepoint: 142722 ns, At safepoint: 60358 ns, Total: 203080 ns
[2020-09-11T17:52:00.492+0000][1][safepoint    ] Safepoint "Cleanup", Time since last: 1001039070 ns, Reaching safepoint: 164316 ns, At safepoint: 17978 ns, Total: 182294 ns
[2020-09-11T17:52:01.493+0000][1][safepoint    ] Safepoint "Cleanup", Time since last: 1000210566 ns, Reaching safepoint: 132617 ns, At safepoint: 6522 ns, Total: 139139 ns
[2020-09-11T17:52:02.493+0000][1][safepoint    ] Safepoint "Cleanup", Time since last: 1000154929 ns, Reaching safepoint: 130802 ns, At safepoint: 7242 ns, Total: 138044 ns
[2020-09-11T17:52:03.493+0000][1][safepoint    ] Safepoint "Cleanup", Time since last: 1000139262 ns, Reaching safepoint: 130567 ns, At safepoint: 6769 ns, Total: 137336 ns
[2020-09-11T17:52:04.260+0000][1][safepoint    ] Safepoint "RevokeBias", Time since last: 766207920 ns, Reaching safepoint: 136341 ns, At safepoint: 26540 ns, Total: 162881 ns
[2020-09-11T17:52:04.344+0000][1][safepoint    ] Safepoint "RevokeBias", Time since last: 84289059 ns, Reaching safepoint: 90680 ns, At safepoint: 21727 ns, Total: 112407 ns
[2020-09-11T17:52:04.992+0000][1][safepoint    ] Safepoint "RevokeBias", Time since last: 647278541 ns, Reaching safepoint: 279073 ns, At safepoint: 50656 ns, Total: 329729 ns
[2020-09-11T17:52:05.992+0000][1][safepoint    ] Safepoint "Cleanup", Time since last: 1000216685 ns, Reaching safepoint: 165693 ns, At safepoint: 18348 ns, Total: 184041 ns
[2020-09-11T17:52:06.993+0000][1][safepoint    ] Safepoint "Cleanup", Time since last: 1000569339 ns, Reaching safepoint: 305697 ns, At safepoint: 17804 ns, Total: 323501 ns
[2020-09-11T17:52:07.227+0000][1][safepoint    ] Safepoint "RevokeBias", Time since last: 233588035 ns, Reaching safepoint: 96748 ns, At safepoint: 23041 ns, Total: 119789 ns
[2020-09-11T17:52:08.227+0000][1][safepoint    ] Safepoint "Cleanup", Time since last: 1000160986 ns, Reaching safepoint: 161119 ns, At safepoint: 19381 ns, Total: 180500 ns
[2020-09-11T17:52:09.227+0000][1][safepoint    ] Safepoint "Cleanup", Time since last: 1000220098 ns, Reaching safepoint: 114737 ns, At safepoint: 8227 ns, Total: 122964 ns
[2020-09-11T17:52:09.267+0000][1][safepoint    ] Safepoint "RevokeBias", Time since last: 38996663 ns, Reaching safepoint: 89996 ns, At safepoint: 22093 ns, Total: 112089 ns
[2020-09-11T17:52:09.354+0000][1][safepoint    ] Safepoint "RevokeBias", Time since last: 86963393 ns, Reaching safepoint: 179312 ns, At safepoint: 22773 ns, Total: 202085 ns
[2020-09-11T17:52:09.523+0000][1][safepoint    ] Safepoint "RevokeBias", Time since last: 169366313 ns, Reaching safepoint: 96625 ns, At safepoint: 22926 ns, Total: 119551 ns
[2020-09-11T17:52:14.282+0000][1][safepoint    ] Safepoint "RevokeBias", Time since last: 4759094651 ns, Reaching safepoint: 91323 ns, At safepoint: 27643 ns, Total: 118966 ns
[2020-09-11T17:52:14.375+0000][1][safepoint    ] Safepoint "RevokeBias", Time since last: 92849663 ns, Reaching safepoint: 204275 ns, At safepoint: 23087 ns, Total: 227362 ns
[2020-09-11T17:52:14.942+0000][1][safepoint    ] Safepoint "RevokeBias", Time since last: 565968764 ns, Reaching safepoint: 174670 ns, At safepoint: 22689 ns, Total: 197359 ns
[2020-09-11T17:52:17.157+0000][1][safepoint    ] Safepoint "BulkRevokeBias", Time since last: 2214251999 ns, Reaching safepoint: 177841 ns, At safepoint: 505512 ns, Total: 683353 ns
[2020-09-11T17:52:17.341+0000][1][safepoint    ] Safepoint "RevokeBias", Time since last: 183884880 ns, Reaching safepoint: 148912 ns, At safepoint: 8488 ns, Total: 157400 ns
[2020-09-11T17:52:17.341+0000][1][safepoint    ] Safepoint "RevokeBias", Time since last: 110849 ns, Reaching safepoint: 57060 ns, At safepoint: 5828 ns, Total: 62888 ns
[2020-09-11T17:52:17.342+0000][1][safepoint    ] Safepoint "RevokeBias", Time since last: 643612 ns, Reaching safepoint: 128669 ns, At safepoint: 8245 ns, Total: 136914 ns
[2020-09-11T17:52:17.342+0000][1][safepoint    ] Safepoint "RevokeBias", Time since last: 104595 ns, Reaching safepoint: 104356 ns, At safepoint: 6704 ns, Total: 111060 ns
[2020-09-11T17:52:17.342+0000][1][safepoint    ] Safepoint "RevokeBias", Time since last: 196483 ns, Reaching safepoint: 103927 ns, At safepoint: 6127 ns, Total: 110054 ns
[2020-09-11T17:52:17.343+0000][1][safepoint    ] Safepoint "RevokeBias", Time since last: 491803 ns, Reaching safepoint: 253318 ns, At safepoint: 6359 ns, Total: 259677 ns
[2020-09-11T17:52:17.343+0000][1][safepoint    ] Safepoint "RevokeBias", Time since last: 74030 ns, Reaching safepoint: 259875 ns, At safepoint: 6608 ns, Total: 266483 ns
[2020-09-11T17:52:17.344+0000][1][safepoint    ] Safepoint "RevokeBias", Time since last: 155056 ns, Reaching safepoint: 356964 ns, At safepoint: 6522 ns, Total: 363486 ns
[2020-09-11T17:52:17.344+0000][1][safepoint    ] Safepoint "RevokeBias", Time since last: 269619 ns, Reaching safepoint: 181017 ns, At safepoint: 7093 ns, Total: 188110 ns
[2020-09-11T17:52:17.344+0000][1][safepoint    ] Safepoint "RevokeBias", Time since last: 97025 ns, Reaching safepoint: 193096 ns, At safepoint: 17791 ns, Total: 210887 ns
[2020-09-11T17:52:17.408+0000][1][safepoint    ] Safepoint "RevokeBias", Time since last: 63370569 ns, Reaching safepoint: 442112 ns, At safepoint: 21384 ns, Total: 463496 ns
[2020-09-11T17:52:17.428+0000][1][safepoint    ] Safepoint "RevokeBias", Time since last: 18593021 ns, Reaching safepoint: 697264 ns, At safepoint: 12417 ns, Total: 709681 ns
[2020-09-11T17:52:17.429+0000][1][safepoint    ] Safepoint "RevokeBias", Time since last: 148951 ns, Reaching safepoint: 1037298 ns, At safepoint: 7361 ns, Total: 1044659 ns
[2020-09-11T17:52:17.429+0000][1][safepoint    ] Safepoint "RevokeBias", Time since last: 50176 ns, Reaching safepoint: 99730 ns, At safepoint: 6446 ns, Total: 106176 ns
[2020-09-11T17:52:17.429+0000][1][safepoint    ] Safepoint "RevokeBias", Time since last: 77546 ns, Reaching safepoint: 98328 ns, At safepoint: 6214 ns, Total: 104542 ns
[2020-09-11T17:52:17.429+0000][1][safepoint    ] Safepoint "RevokeBias", Time since last: 36435 ns, Reaching safepoint: 96779 ns, At safepoint: 6066 ns, Total: 102845 ns
[2020-09-11T17:52:17.430+0000][1][safepoint    ] Safepoint "RevokeBias", Time since last: 188356 ns, Reaching safepoint: 725955 ns, At safepoint: 7273 ns, Total: 733228 ns
[2020-09-11T17:52:17.440+0000][1][safepoint    ] Safepoint "RevokeBias", Time since last: 6697413 ns, Reaching safepoint: 3225922 ns, At safepoint: 10961 ns, Total: 3236883 ns
[2020-09-11T17:52:17.457+0000][1][safepoint    ] Safepoint "RevokeBias", Time since last: 16867790 ns, Reaching safepoint: 144607 ns, At safepoint: 9664 ns, Total: 154271 ns
[2020-09-11T17:52:17.464+0000][1][safepoint    ] Safepoint "RevokeBias", Time since last: 6560485 ns, Reaching safepoint: 607116 ns, At safepoint: 11876 ns, Total: 618992 ns
[2020-09-11T17:52:17.465+0000][1][safepoint    ] Safepoint "RevokeBias", Time since last: 64826 ns, Reaching safepoint: 401811 ns, At safepoint: 8498 ns, Total: 410309 ns
[2020-09-11T17:52:17.466+0000][1][safepoint    ] Safepoint "RevokeBias", Time since last: 41130 ns, Reaching safepoint: 1219200 ns, At safepoint: 9391 ns, Total: 1228591 ns
[2020-09-11T17:52:17.466+0000][1][safepoint    ] Safepoint "RevokeBias", Time since last: 140706 ns, Reaching safepoint: 102076 ns, At safepoint: 7894 ns, Total: 109970 ns
[2020-09-11T17:52:17.466+0000][1][safepoint    ] Safepoint "RevokeBias", Time since last: 34655 ns, Reaching safepoint: 101091 ns, At safepoint: 7448 ns, Total: 108539 ns
[2020-09-11T17:52:17.469+0000][1][safepoint    ] Safepoint "RevokeBias", Time since last: 743602 ns, Reaching safepoint: 1580367 ns, At safepoint: 8948 ns, Total: 1589315 ns
[2020-09-11T17:52:17.469+0000][1][safepoint    ] Safepoint "RevokeBias", Time since last: 453921 ns, Reaching safepoint: 103155 ns, At safepoint: 7852 ns, Total: 111007 ns
[2020-09-11T17:52:17.470+0000][1][safepoint    ] Safepoint "RevokeBias", Time since last: 41255 ns, Reaching safepoint: 238016 ns, At safepoint: 7500 ns, Total: 245516 ns
[2020-09-11T17:52:17.470+0000][1][safepoint    ] Safepoint "RevokeBias", Time since last: 60501 ns, Reaching safepoint: 99742 ns, At safepoint: 7289 ns, Total: 107031 ns
[2020-09-11T17:52:17.470+0000][1][safepoint    ] Safepoint "RevokeBias", Time since last: 55676 ns, Reaching safepoint: 114407 ns, At safepoint: 8079 ns, Total: 122486 ns
[2020-09-11T17:52:17.470+0000][1][safepoint    ] Safepoint "RevokeBias", Time since last: 71649 ns, Reaching safepoint: 99722 ns, At safepoint: 7098 ns, Total: 106820 ns
[2020-09-11T17:52:17.473+0000][1][safepoint    ] Safepoint "RevokeBias", Time since last: 2221783 ns, Reaching safepoint: 460399 ns, At safepoint: 28690 ns, Total: 489089 ns
[2020-09-11T17:52:17.478+0000][1][safepoint    ] Safepoint "RevokeBias", Time since last: 4517108 ns, Reaching safepoint: 145281 ns, At safepoint: 28651 ns, Total: 173932 ns
[2020-09-11T17:52:17.480+0000][1][safepoint    ] Safepoint "RevokeBias", Time since last: 531792 ns, Reaching safepoint: 1826266 ns, At safepoint: 41918 ns, Total: 1868184 ns
[2020-09-11T17:52:17.481+0000][1][safepoint    ] Safepoint "RevokeBias", Time since last: 507892 ns, Reaching safepoint: 315862 ns, At safepoint: 26776 ns, Total: 342638 ns
[2020-09-11T17:52:17.498+0000][1][safepoint    ] Safepoint "RevokeBias", Time since last: 9230794 ns, Reaching safepoint: 6832657 ns, At safepoint: 609855 ns, Total: 7442512 ns
[2020-09-11T17:52:17.501+0000][1][safepoint    ] Safepoint "RevokeBias", Time since last: 393861 ns, Reaching safepoint: 2917450 ns, At safepoint: 115084 ns, Total: 3032534 ns
[2020-09-11T17:52:17.501+0000][1][safepoint    ] Safepoint "RevokeBias", Time since last: 229532 ns, Reaching safepoint: 108240 ns, At safepoint: 24678 ns, Total: 132918 ns
[2020-09-11T17:52:17.503+0000][1][safepoint    ] Safepoint "BulkRevokeBias", Time since last: 183549 ns, Reaching safepoint: 106464 ns, At safepoint: 1673903 ns, Total: 1780367 ns
[2020-09-11T17:52:17.508+0000][1][safepoint    ] Safepoint "RevokeBias", Time since last: 3099388 ns, Reaching safepoint: 1309858 ns, At safepoint: 25005 ns, Total: 1334863 ns
[2020-09-11T17:52:17.509+0000][1][safepoint    ] Safepoint "RevokeBias", Time since last: 458373 ns, Reaching safepoint: 645794 ns, At safepoint: 19397 ns, Total: 665191 ns
[2020-09-11T17:52:17.520+0000][1][safepoint    ] Safepoint "RevokeBias", Time since last: 10799984 ns, Reaching safepoint: 144199 ns, At safepoint: 32988 ns, Total: 177187 ns
[2020-09-11T17:52:17.540+0000][1][safepoint    ] Safepoint "RevokeBias", Time since last: 18402142 ns, Reaching safepoint: 1481034 ns, At safepoint: 24264 ns, Total: 1505298 ns
[2020-09-11T17:52:17.623+0000][1][gc,start     ] GC(251) Pause Young (Allocation Failure)
[2020-09-11T17:52:17.623+0000][1][gc,task      ] GC(251) Using 1 workers of 1 for evacuation
[2020-09-11T17:52:17.647+0000][1][gc,age       ] GC(251) Desired survivor size 4358144 bytes, new threshold 6 (max threshold 6)
[2020-09-11T17:52:17.647+0000][1][gc,age       ] GC(251) Age table with threshold 6 (max threshold 6)
[2020-09-11T17:52:17.647+0000][1][gc,age       ] GC(251) - age   1:    1496096 bytes,    1496096 total
[2020-09-11T17:52:17.647+0000][1][gc,age       ] GC(251) - age   2:     194816 bytes,    1690912 total
[2020-09-11T17:52:17.647+0000][1][gc,age       ] GC(251) - age   3:     188576 bytes,    1879488 total
[2020-09-11T17:52:17.647+0000][1][gc,age       ] GC(251) - age   4:    2162272 bytes,    4041760 total
[2020-09-11T17:52:17.647+0000][1][gc,age       ] GC(251) - age   5:      11184 bytes,    4052944 total
[2020-09-11T17:52:17.647+0000][1][gc,age       ] GC(251) - age   6:     126776 bytes,    4179720 total
[2020-09-11T17:52:17.647+0000][1][gc,heap      ] GC(251) ParNew: 72431K->5156K(76672K)
[2020-09-11T17:52:17.647+0000][1][gc,heap      ] GC(251) CMS: 130128K->130155K(439104K)
[2020-09-11T17:52:17.647+0000][1][gc,metaspace ] GC(251) Metaspace: 95874K->95874K(1138688K)
[2020-09-11T17:52:17.647+0000][1][gc           ] GC(251) Pause Young (Allocation Failure) 197M->132M(503M) 24.100ms
[2020-09-11T17:52:17.647+0000][1][gc,cpu       ] GC(251) User=0.00s Sys=0.00s Real=0.02s
[2020-09-11T17:52:17.714+0000][1][safepoint    ] Safepoint "GenCollectForAllocation", Time since last: 83024946 ns, Reaching safepoint: 180840 ns, At safepoint: 90603666 ns, Total: 90784506 ns
[2020-09-11T17:52:17.727+0000][1][safepoint    ] Safepoint "BulkRevokeBias", Time since last: 12006145 ns, Reaching safepoint: 1517904 ns, At safepoint: 207900 ns, Total: 1725804 ns
[2020-09-11T17:52:17.761+0000][1][safepoint    ] Safepoint "RevokeBias", Time since last: 32436535 ns, Reaching safepoint: 1145105 ns, At safepoint: 14400 ns, Total: 1159505 ns
[2020-09-11T17:52:17.785+0000][1][safepoint    ] Safepoint "RevokeBias", Time since last: 335925 ns, Reaching safepoint: 23809094 ns, At safepoint: 13183 ns, Total: 23822277 ns
[2020-09-11T17:52:17.804+0000][1][safepoint    ] Safepoint "RevokeBias", Time since last: 3845526 ns, Reaching safepoint: 14654686 ns, At safepoint: 45182 ns, Total: 14699868 ns
[2020-09-11T17:52:17.823+0000][1][safepoint    ] Safepoint "RevokeBias", Time since last: 5977530 ns, Reaching safepoint: 13778189 ns, At safepoint: 33088 ns, Total: 13811277 ns
[2020-09-11T17:52:17.852+0000][1][safepoint    ] Safepoint "RevokeBias", Time since last: 28342388 ns, Reaching safepoint: 87831 ns, At safepoint: 9063 ns, Total: 96894 ns
[2020-09-11T17:52:17.854+0000][1][safepoint    ] Safepoint "RevokeBias", Time since last: 1637965 ns, Reaching safepoint: 88052 ns, At safepoint: 249410 ns, Total: 337462 ns
[2020-09-11T17:52:17.860+0000][1][safepoint    ] Safepoint "RevokeBias", Time since last: 6627337 ns, Reaching safepoint: 76285 ns, At safepoint: 30245 ns, Total: 106530 ns
[2020-09-11T17:52:17.861+0000][1][safepoint    ] Safepoint "RevokeBias", Time since last: 142472 ns, Reaching safepoint: 35031 ns, At safepoint: 18344 ns, Total: 53375 ns
[2020-09-11T17:52:17.861+0000][1][safepoint    ] Safepoint "RevokeBias", Time since last: 147919 ns, Reaching safepoint: 31984 ns, At safepoint: 17595 ns, Total: 49579 ns
[2020-09-11T17:52:17.870+0000][1][safepoint    ] Safepoint "RevokeBias", Time since last: 8750335 ns, Reaching safepoint: 158641 ns, At safepoint: 24393 ns, Total: 183034 ns
[2020-09-11T17:52:17.876+0000][1][safepoint    ] Safepoint "RevokeBias", Time since last: 6343179 ns, Reaching safepoint: 73003 ns, At safepoint: 38834 ns, Total: 111837 ns
[2020-09-11T17:52:17.912+0000][1][safepoint    ] Safepoint "RevokeBias", Time since last: 35920413 ns, Reaching safepoint: 104830 ns, At safepoint: 22946 ns, Total: 127776 ns
[2020-09-11T17:52:17.915+0000][1][safepoint    ] Safepoint "RevokeBias", Time since last: 2109428 ns, Reaching safepoint: 208925 ns, At safepoint: 27921 ns, Total: 236846 ns
[2020-09-11T17:52:17.969+0000][1][safepoint    ] Safepoint "RevokeBias", Time since last: 54251068 ns, Reaching safepoint: 110166 ns, At safepoint: 23724 ns, Total: 133890 ns
[2020-09-11T17:52:17.982+0000][1][safepoint    ] Safepoint "RevokeBias", Time since last: 12272695 ns, Reaching safepoint: 248252 ns, At safepoint: 26985 ns, Total: 275237 ns
[2020-09-11T17:52:17.984+0000][1][safepoint    ] Safepoint "RevokeBias", Time since last: 206545 ns, Reaching safepoint: 2304000 ns, At safepoint: 27999 ns, Total: 2331999 ns
[2020-09-11T17:52:17.988+0000][1][safepoint    ] Safepoint "RevokeBias", Time since last: 1365952 ns, Reaching safepoint: 2081710 ns, At safepoint: 41980 ns, Total: 2123690 ns
[2020-09-11T17:52:17.991+0000][1][safepoint    ] Safepoint "RevokeBias", Time since last: 2611351 ns, Reaching safepoint: 777888 ns, At safepoint: 27936 ns, Total: 805824 ns
[2020-09-11T17:52:18.001+0000][1][safepoint    ] Safepoint "RevokeBias", Time since last: 4917396 ns, Reaching safepoint: 4906000 ns, At safepoint: 55925 ns, Total: 4961925 ns
[2020-09-11T17:52:18.004+0000][1][safepoint    ] Safepoint "RevokeBias", Time since last: 1979376 ns, Reaching safepoint: 813342 ns, At safepoint: 24187 ns, Total: 837529 ns
[2020-09-11T17:52:18.010+0000][1][safepoint    ] Safepoint "RevokeBias", Time since last: 5336835 ns, Reaching safepoint: 601207 ns, At safepoint: 66203 ns, Total: 667410 ns
[2020-09-11T17:52:18.020+0000][1][safepoint    ] Safepoint "RevokeBias", Time since last: 7064459 ns, Reaching safepoint: 501984 ns, At safepoint: 2808980 ns, Total: 3310964 ns
[2020-09-11T17:52:18.021+0000][1][safepoint    ] Safepoint "RevokeBias", Time since last: 156615 ns, Reaching safepoint: 579986 ns, At safepoint: 35598 ns, Total: 615584 ns
[2020-09-11T17:52:18.027+0000][1][safepoint    ] Safepoint "RevokeBias", Time since last: 4801149 ns, Reaching safepoint: 1218157 ns, At safepoint: 92714 ns, Total: 1310871 ns
[2020-09-11T17:52:18.029+0000][1][safepoint    ] Safepoint "RevokeBias", Time since last: 39675 ns, Reaching safepoint: 271392 ns, At safepoint: 1630234 ns, Total: 1901626 ns
[2020-09-11T17:52:18.033+0000][1][safepoint    ] Safepoint "RevokeBias", Time since last: 26448 ns, Reaching safepoint: 203695 ns, At safepoint: 4221478 ns, Total: 4425173 ns
[2020-09-11T17:52:18.038+0000][1][safepoint    ] Safepoint "BulkRevokeBias", Time since last: 53670 ns, Reaching safepoint: 1007754 ns, At safepoint: 3720902 ns, Total: 4728656 ns
[2020-09-11T17:52:18.043+0000][1][safepoint    ] Safepoint "RevokeBias", Time since last: 45293 ns, Reaching safepoint: 167451 ns, At safepoint: 4889489 ns, Total: 5056940 ns
[2020-09-11T17:52:18.062+0000][1][safepoint    ] Safepoint "RevokeBias", Time since last: 42106 ns, Reaching safepoint: 1283612 ns, At safepoint: 17338807 ns, Total: 18622419 ns
[2020-09-11T17:52:18.078+0000][1][safepoint    ] Safepoint "RevokeBias", Time since last: 35739 ns, Reaching safepoint: 220781 ns, At safepoint: 16133887 ns, Total: 16354668 ns
[2020-09-11T17:52:18.079+0000][1][safepoint    ] Safepoint "RevokeBias", Time since last: 577622 ns, Reaching safepoint: 359424 ns, At safepoint: 32324 ns, Total: 391748 ns
[2020-09-11T17:52:18.089+0000][1][safepoint    ] Safepoint "RevokeBias", Time since last: 6034937 ns, Reaching safepoint: 3541666 ns, At safepoint: 41093 ns, Total: 3582759 ns
[2020-09-11T17:52:18.091+0000][1][safepoint    ] Safepoint "RevokeBias", Time since last: 1830459 ns, Reaching safepoint: 236839 ns, At safepoint: 204100 ns, Total: 440939 ns
[2020-09-11T17:52:18.104+0000][1][safepoint    ] Safepoint "RevokeBias", Time since last: 12222735 ns, Reaching safepoint: 161910 ns, At safepoint: 930674 ns, Total: 1092584 ns
[2020-09-11T17:52:18.112+0000][1][safepoint    ] Safepoint "RevokeBias", Time since last: 601284 ns, Reaching safepoint: 2752015 ns, At safepoint: 4182797 ns, Total: 6934812 ns
[2020-09-11T17:52:18.114+0000][1][safepoint    ] Safepoint "RevokeBias", Time since last: 442445 ns, Reaching safepoint: 357083 ns, At safepoint: 801928 ns, Total: 1159011 ns
[2020-09-11T17:52:18.114+0000][1][safepoint    ] Safepoint "RevokeBias", Time since last: 72724 ns, Reaching safepoint: 114348 ns, At safepoint: 103216 ns, Total: 217564 ns
[2020-09-11T17:52:18.114+0000][1][safepoint    ] Safepoint "RevokeBias", Time since last: 16911 ns, Reaching safepoint: 114591 ns, At safepoint: 24729 ns, Total: 139320 ns
[2020-09-11T17:52:18.115+0000][1][safepoint    ] Safepoint "RevokeBias", Time since last: 412240 ns, Reaching safepoint: 387253 ns, At safepoint: 28640 ns, Total: 415893 ns
[2020-09-11T17:52:18.117+0000][1][safepoint    ] Safepoint "RevokeBias", Time since last: 472308 ns, Reaching safepoint: 1498980 ns, At safepoint: 39558 ns, Total: 1538538 ns
[2020-09-11T17:52:18.118+0000][1][safepoint    ] Safepoint "RevokeBias", Time since last: 452874 ns, Reaching safepoint: 1002746 ns, At safepoint: 34823 ns, Total: 1037569 ns
[2020-09-11T17:52:18.121+0000][1][safepoint    ] Safepoint "RevokeBias", Time since last: 110622 ns, Reaching safepoint: 1938616 ns, At safepoint: 309763 ns, Total: 2248379 ns
[2020-09-11T17:52:18.153+0000][1][safepoint    ] Safepoint "RevokeBias", Time since last: 31182688 ns, Reaching safepoint: 646336 ns, At safepoint: 24382 ns, Total: 670718 ns
[2020-09-11T17:52:18.155+0000][1][safepoint    ] Safepoint "RevokeBias", Time since last: 162892 ns, Reaching safepoint: 2464459 ns, At safepoint: 28325 ns, Total: 2492784 ns
[2020-09-11T17:52:18.157+0000][1][safepoint    ] Safepoint "RevokeBias", Time since last: 892049 ns, Reaching safepoint: 646038 ns, At safepoint: 31978 ns, Total: 678016 ns
[2020-09-11T17:52:18.158+0000][1][safepoint    ] Safepoint "RevokeBias", Time since last: 67498 ns, Reaching safepoint: 666708 ns, At safepoint: 28476 ns, Total: 695184 ns
[2020-09-11T17:52:18.233+0000][1][safepoint    ] Safepoint "RevokeBias", Time since last: 74515340 ns, Reaching safepoint: 438167 ns, At safepoint: 21485 ns, Total: 459652 ns
[2020-09-11T17:52:18.235+0000][1][safepoint    ] Safepoint "RevokeBias", Time since last: 126335 ns, Reaching safepoint: 2718559 ns, At safepoint: 22966 ns, Total: 2741525 ns
[2020-09-11T17:52:18.241+0000][1][safepoint    ] Safepoint "BulkRevokeBias", Time since last: 5133104 ns, Reaching safepoint: 480103 ns, At safepoint: 251844 ns, Total: 731947 ns
[2020-09-11T17:52:18.242+0000][1][safepoint    ] Safepoint "RevokeBias", Time since last: 133151 ns, Reaching safepoint: 108333 ns, At safepoint: 14658 ns, Total: 122991 ns
[2020-09-11T17:52:18.325+0000][1][safepoint    ] Safepoint "RevokeBias", Time since last: 79848945 ns, Reaching safepoint: 3419641 ns, At safepoint: 28345 ns, Total: 3447986 ns
[2020-09-11T17:52:18.345+0000][1][safepoint    ] Safepoint "RevokeBias", Time since last: 12623959 ns, Reaching safepoint: 7343581 ns, At safepoint: 31872 ns, Total: 7375453 ns
[2020-09-11T17:52:18.346+0000][1][safepoint    ] Safepoint "RevokeBias", Time since last: 1307862 ns, Reaching safepoint: 184628 ns, At safepoint: 15407 ns, Total: 200035 ns
[2020-09-11T17:52:18.425+0000][1][safepoint    ] Safepoint "RevokeBias", Time since last: 78430317 ns, Reaching safepoint: 152507 ns, At safepoint: 7781 ns, Total: 160288 ns
[2020-09-11T17:52:19.135+0000][1][safepoint    ] Safepoint "RevokeBias", Time since last: 709653477 ns, Reaching safepoint: 159669 ns, At safepoint: 19231 ns, Total: 178900 ns
[2020-09-11T17:52:19.249+0000][1][safepoint    ] Safepoint "RevokeBias", Time since last: 102018702 ns, Reaching safepoint: 12043659 ns, At safepoint: 32830 ns, Total: 12076489 ns
[2020-09-11T17:52:19.701+0000][1][safepoint    ] Safepoint "RevokeBias", Time since last: 452033063 ns, Reaching safepoint: 537272 ns, At safepoint: 27212 ns, Total: 564484 ns
[2020-09-11T17:52:19.704+0000][1][safepoint    ] Safepoint "RevokeBias", Time since last: 627637 ns, Reaching safepoint: 1933711 ns, At safepoint: 22611 ns, Total: 1956322 ns
[2020-09-11T17:52:20.240+0000][1][gc,start     ] GC(252) Pause Young (Allocation Failure)
[2020-09-11T17:52:20.241+0000][1][gc,task      ] GC(252) Using 1 workers of 1 for evacuation
[2020-09-11T17:52:20.268+0000][1][gc,age       ] GC(252) Desired survivor size 4358144 bytes, new threshold 5 (max threshold 6)
[2020-09-11T17:52:20.268+0000][1][gc,age       ] GC(252) Age table with threshold 5 (max threshold 6)
[2020-09-11T17:52:20.268+0000][1][gc,age       ] GC(252) - age   1:     422224 bytes,     422224 total
[2020-09-11T17:52:20.268+0000][1][gc,age       ] GC(252) - age   2:    1445704 bytes,    1867928 total
[2020-09-11T17:52:20.268+0000][1][gc,age       ] GC(252) - age   3:     193728 bytes,    2061656 total
[2020-09-11T17:52:20.268+0000][1][gc,age       ] GC(252) - age   4:     188576 bytes,    2250232 total
[2020-09-11T17:52:20.268+0000][1][gc,age       ] GC(252) - age   5:    2162272 bytes,    4412504 total
[2020-09-11T17:52:20.268+0000][1][gc,age       ] GC(252) - age   6:      11184 bytes,    4423688 total
[2020-09-11T17:52:20.268+0000][1][gc,heap      ] GC(252) ParNew: 73316K->7411K(76672K)
[2020-09-11T17:52:20.268+0000][1][gc,heap      ] GC(252) CMS: 130155K->130278K(439104K)
[2020-09-11T17:52:20.268+0000][1][gc,metaspace ] GC(252) Metaspace: 95950K->95950K(1138688K)
[2020-09-11T17:52:20.268+0000][1][gc           ] GC(252) Pause Young (Allocation Failure) 198M->134M(503M) 27.624ms
[2020-09-11T17:52:20.268+0000][1][gc,cpu       ] GC(252) User=0.01s Sys=0.00s Real=0.03s
[2020-09-11T17:52:20.301+0000][1][safepoint    ] Safepoint "GenCollectForAllocation", Time since last: 536193722 ns, Reaching safepoint: 187826 ns, At safepoint: 60299049 ns, Total: 60486875 ns
[2020-09-11T17:52:22.077+0000][1][safepoint    ] Safepoint "RevokeBias", Time since last: 1776005972 ns, Reaching safepoint: 166104 ns, At safepoint: 22247 ns, Total: 188351 ns
[2020-09-11T17:52:22.078+0000][1][safepoint    ] Safepoint "RevokeBias", Time since last: 659703 ns, Reaching safepoint: 66822 ns, At safepoint: 17538 ns, Total: 84360 ns
[2020-09-11T17:52:22.078+0000][1][safepoint    ] Safepoint "RevokeBias", Time since last: 84648 ns, Reaching safepoint: 53627 ns, At safepoint: 13773 ns, Total: 67400 ns
[2020-09-11T17:52:22.078+0000][1][safepoint    ] Safepoint "RevokeBias", Time since last: 55767 ns, Reaching safepoint: 44388 ns, At safepoint: 12144 ns, Total: 56532 ns
[2020-09-11T17:52:22.278+0000][1][safepoint    ] Safepoint "BulkRevokeBias", Time since last: 199523955 ns, Reaching safepoint: 155533 ns, At safepoint: 188099 ns, Total: 343632 ns
[2020-09-11T17:52:23.282+0000][1][safepoint    ] Safepoint "Cleanup", Time since last: 1004156379 ns, Reaching safepoint: 98716 ns, At safepoint: 6951 ns, Total: 105667 ns
[2020-09-11T17:52:26.653+0000][1][safepoint    ] Safepoint "RevokeBias", Time since last: 3320696672 ns, Reaching safepoint: 50100195 ns, At safepoint: 20654 ns, Total: 50120849 ns
[2020-09-11T17:52:26.657+0000][1][safepoint    ] Safepoint "RevokeBias", Time since last: 2140320 ns, Reaching safepoint: 1789078 ns, At safepoint: 27042 ns, Total: 1816120 ns
[2020-09-11T17:52:26.693+0000][1][safepoint    ] Safepoint "RevokeBias", Time since last: 35941474 ns, Reaching safepoint: 157471 ns, At safepoint: 27263 ns, Total: 184734 ns
[2020-09-11T17:52:26.776+0000][1][safepoint    ] Safepoint "RevokeBias", Time since last: 82073073 ns, Reaching safepoint: 446925 ns, At safepoint: 32788 ns, Total: 479713 ns
[2020-09-11T17:52:26.778+0000][1][safepoint    ] Safepoint "RevokeBias", Time since last: 93916 ns, Reaching safepoint: 1864397 ns, At safepoint: 27195 ns, Total: 1891592 ns
[2020-09-11T17:52:27.193+0000][1][safepoint    ] Safepoint "RevokeBias", Time since last: 415567417 ns, Reaching safepoint: 153716 ns, At safepoint: 8958 ns, Total: 162674 ns
[2020-09-11T17:52:27.194+0000][1][safepoint    ] Safepoint "RevokeBias", Time since last: 663982 ns, Reaching safepoint: 38480 ns, At safepoint: 14555 ns, Total: 53035 ns
[2020-09-11T17:52:27.194+0000][1][safepoint    ] Safepoint "RevokeBias", Time since last: 233515 ns, Reaching safepoint: 32864 ns, At safepoint: 12180 ns, Total: 45044 ns
[2020-09-11T17:52:27.195+0000][1][safepoint    ] Safepoint "RevokeBias", Time since last: 302754 ns, Reaching safepoint: 28840 ns, At safepoint: 11661 ns, Total: 40501 ns
[2020-09-11T17:52:27.202+0000][1][safepoint    ] Safepoint "RevokeBias", Time since last: 7293729 ns, Reaching safepoint: 376964 ns, At safepoint: 24357 ns, Total: 401321 ns
[2020-09-11T17:52:27.222+0000][1][safepoint    ] Safepoint "RevokeBias", Time since last: 19659773 ns, Reaching safepoint: 140621 ns, At safepoint: 8250 ns, Total: 148871 ns
[2020-09-11T17:52:27.223+0000][1][safepoint    ] Safepoint "RevokeBias", Time since last: 511081 ns, Reaching safepoint: 103787 ns, At safepoint: 5762 ns, Total: 109549 ns
[2020-09-11T17:52:27.230+0000][1][safepoint    ] Safepoint "RevokeBias", Time since last: 7144144 ns, Reaching safepoint: 129285 ns, At safepoint: 8045 ns, Total: 137330 ns
[2020-09-11T17:52:27.238+0000][1][safepoint    ] Safepoint "RevokeBias", Time since last: 8226482 ns, Reaching safepoint: 96954 ns, At safepoint: 7656 ns, Total: 104610 ns
[2020-09-11T17:52:27.240+0000][1][safepoint    ] Safepoint "RevokeBias", Time since last: 1069014 ns, Reaching safepoint: 84600 ns, At safepoint: 14112 ns, Total: 98712 ns
[2020-09-11T17:52:27.248+0000][1][gc,heap,exit ] Heap
[2020-09-11T17:52:27.248+0000][1][gc,heap,exit ]  par new generation   total 76672K, used 49155K [0x00000000e0000000, 0x00000000e5330000, 0x00000000e5330000)
[2020-09-11T17:52:27.248+0000][1][gc,heap,exit ]   eden space 68160K,  61% used [0x00000000e0000000, 0x00000000e28c3fb0, 0x00000000e4290000)
[2020-09-11T17:52:27.248+0000][1][gc,heap,exit ]   from space 8512K,  87% used [0x00000000e4290000, 0x00000000e49cceb0, 0x00000000e4ae0000)
[2020-09-11T17:52:27.248+0000][1][gc,heap,exit ]   to   space 8512K,   0% used [0x00000000e4ae0000, 0x00000000e4ae0000, 0x00000000e5330000)
[2020-09-11T17:52:27.248+0000][1][gc,heap,exit ]  concurrent mark-sweep generation total 439104K, used 130278K [0x00000000e5330000, 0x0000000100000000, 0x0000000100000000)
[2020-09-11T17:52:27.248+0000][1][gc,heap,exit ]  Metaspace       used 96051K, capacity 102905K, committed 103060K, reserved 1138688K
[2020-09-11T17:52:27.248+0000][1][gc,heap,exit ]   class space    used 12101K, capacity 14927K, committed 14988K, reserved 1048576K
