[2020-09-11T11:44:04.120+0000][1][gc] Using Concurrent Mark Sweep
[2020-09-11T11:44:04.120+0000][1][gc,heap,coops] Heap address: 0x00000000e0000000, size: 512 MB, Compressed Oops mode: 32-bit
[2020-09-11T11:44:04.387+0000][1][safepoint    ] Safepoint "EnableBiasedLocking", Time since last: 237881573 ns, Reaching safepoint: 129430 ns, At safepoint: 37720 ns, Total: 167150 ns
[2020-09-11T11:44:04.400+0000][1][safepoint    ] Safepoint "RevokeBias", Time since last: 10559512 ns, Reaching safepoint: 1436514 ns, At safepoint: 65088 ns, Total: 1501602 ns
[2020-09-11T11:44:04.461+0000][1][safepoint    ] Safepoint "Deoptimize", Time since last: 59942927 ns, Reaching safepoint: 1088550 ns, At safepoint: 25880 ns, Total: 1114430 ns
[2020-09-11T11:44:05.182+0000][1][safepoint    ] Safepoint "Deoptimize", Time since last: 719025869 ns, Reaching safepoint: 1920252 ns, At safepoint: 33526 ns, Total: 1953778 ns
[2020-09-11T11:44:05.191+0000][1][safepoint    ] Safepoint "Deoptimize", Time since last: 7039370 ns, Reaching safepoint: 2089674 ns, At safepoint: 35097 ns, Total: 2124771 ns
[2020-09-11T11:44:05.431+0000][1][safepoint    ] Safepoint "Deoptimize", Time since last: 232735559 ns, Reaching safepoint: 7894981 ns, At safepoint: 81968 ns, Total: 7976949 ns
[2020-09-11T11:44:06.435+0000][1][safepoint    ] Safepoint "Cleanup", Time since last: 1001677939 ns, Reaching safepoint: 1652616 ns, At safepoint: 8434 ns, Total: 1661050 ns
[2020-09-11T11:44:07.435+0000][1][safepoint    ] Safepoint "Cleanup", Time since last: 1000110360 ns, Reaching safepoint: 52179 ns, At safepoint: 4413 ns, Total: 56592 ns
[2020-09-11T11:44:08.154+0000][1][safepoint    ] Safepoint "Deoptimize", Time since last: 716527572 ns, Reaching safepoint: 1968164 ns, At safepoint: 74645 ns, Total: 2042809 ns
[2020-09-11T11:44:08.501+0000][1][safepoint    ] Safepoint "Deoptimize", Time since last: 345953622 ns, Reaching safepoint: 1783789 ns, At safepoint: 84532 ns, Total: 1868321 ns
[2020-09-11T11:44:09.236+0000][1][safepoint    ] Safepoint "Deoptimize", Time since last: 734103510 ns, Reaching safepoint: 104049 ns, At safepoint: 82900 ns, Total: 186949 ns
[2020-09-11T11:44:10.249+0000][1][safepoint    ] Safepoint "Cleanup", Time since last: 1009281935 ns, Reaching safepoint: 3633687 ns, At safepoint: 7712 ns, Total: 3641399 ns
[2020-09-11T11:44:10.370+0000][1][safepoint    ] Safepoint "Deoptimize", Time since last: 119181466 ns, Reaching safepoint: 2647779 ns, At safepoint: 99345 ns, Total: 2747124 ns
[2020-09-11T11:44:11.377+0000][1][safepoint    ] Safepoint "Cleanup", Time since last: 1006182385 ns, Reaching safepoint: 45262 ns, At safepoint: 6570 ns, Total: 51832 ns
[2020-09-11T11:44:11.903+0000][1][safepoint    ] Safepoint "Deoptimize", Time since last: 524292890 ns, Reaching safepoint: 2194143 ns, At safepoint: 100916 ns, Total: 2295059 ns
[2020-09-11T11:44:12.904+0000][1][safepoint    ] Safepoint "Cleanup", Time since last: 1000132389 ns, Reaching safepoint: 125208 ns, At safepoint: 4611 ns, Total: 129819 ns
[2020-09-11T11:44:13.544+0000][1][safepoint    ] Safepoint "Deoptimize", Time since last: 639860235 ns, Reaching safepoint: 114711 ns, At safepoint: 123171 ns, Total: 237882 ns
[2020-09-11T11:44:13.572+0000][1][safepoint    ] Safepoint "Deoptimize", Time since last: 27948257 ns, Reaching safepoint: 89888 ns, At safepoint: 117001 ns, Total: 206889 ns
[2020-09-11T11:44:13.804+0000][1][safepoint    ] Safepoint "Deoptimize", Time since last: 229352771 ns, Reaching safepoint: 2300909 ns, At safepoint: 121445 ns, Total: 2422354 ns
[2020-09-11T11:44:13.841+0000][1][safepoint    ] Safepoint "Deoptimize", Time since last: 36993024 ns, Reaching safepoint: 94344 ns, At safepoint: 119625 ns, Total: 213969 ns
[2020-09-11T11:44:13.904+0000][1][safepoint    ] Safepoint "RevokeBias", Time since last: 63418404 ns, Reaching safepoint: 95939 ns, At safepoint: 28418 ns, Total: 124357 ns
[2020-09-11T11:44:13.905+0000][1][safepoint    ] Safepoint "RevokeBias", Time since last: 527963 ns, Reaching safepoint: 78679 ns, At safepoint: 15520 ns, Total: 94199 ns
[2020-09-11T11:44:13.919+0000][1][safepoint    ] Safepoint "RevokeBias", Time since last: 13661565 ns, Reaching safepoint: 113755 ns, At safepoint: 38428 ns, Total: 152183 ns
[2020-09-11T11:44:13.919+0000][1][safepoint    ] Safepoint "RevokeBias", Time since last: 214184 ns, Reaching safepoint: 81271 ns, At safepoint: 23970 ns, Total: 105241 ns
[2020-09-11T11:44:14.926+0000][1][safepoint    ] Safepoint "Cleanup", Time since last: 1006741664 ns, Reaching safepoint: 353495 ns, At safepoint: 6396 ns, Total: 359891 ns
[2020-09-11T11:44:15.927+0000][1][safepoint    ] Safepoint "Cleanup", Time since last: 1000099803 ns, Reaching safepoint: 448858 ns, At safepoint: 6444 ns, Total: 455302 ns
[2020-09-11T11:44:16.609+0000][1][gc,start     ] GC(0) Pause Young (Allocation Failure)
[2020-09-11T11:44:16.609+0000][1][gc,task      ] GC(0) Using 1 workers of 1 for evacuation
[2020-09-11T11:44:16.667+0000][1][gc,age       ] GC(0) Desired survivor size 4358144 bytes, new threshold 1 (max threshold 6)
[2020-09-11T11:44:16.667+0000][1][gc,age       ] GC(0) Age table with threshold 1 (max threshold 6)
[2020-09-11T11:44:16.667+0000][1][gc,age       ] GC(0) - age   1:    6441664 bytes,    6441664 total
[2020-09-11T11:44:16.667+0000][1][gc,heap      ] GC(0) ParNew: 68160K->6318K(76672K)
[2020-09-11T11:44:16.667+0000][1][gc,heap      ] GC(0) CMS: 0K->0K(439104K)
[2020-09-11T11:44:16.667+0000][1][gc,metaspace ] GC(0) Metaspace: 13681K->13681K(1062912K)
[2020-09-11T11:44:16.667+0000][1][gc           ] GC(0) Pause Young (Allocation Failure) 66M->6M(503M) 58.384ms
[2020-09-11T11:44:16.667+0000][1][gc,cpu       ] GC(0) User=0.02s Sys=0.00s Real=0.06s
[2020-09-11T11:44:16.677+0000][1][safepoint    ] Safepoint "GenCollectForAllocation", Time since last: 680685496 ns, Reaching safepoint: 1186544 ns, At safepoint: 68879434 ns, Total: 70065978 ns
[2020-09-11T11:44:16.701+0000][1][safepoint    ] Safepoint "RevokeBias", Time since last: 22984684 ns, Reaching safepoint: 27300 ns, At safepoint: 57645 ns, Total: 84945 ns
[2020-09-11T11:44:16.701+0000][1][safepoint    ] Safepoint "RevokeBias", Time since last: 109586 ns, Reaching safepoint: 92609 ns, At safepoint: 29838 ns, Total: 122447 ns
[2020-09-11T11:44:16.701+0000][1][safepoint    ] Safepoint "RevokeBias", Time since last: 44699 ns, Reaching safepoint: 91768 ns, At safepoint: 32820 ns, Total: 124588 ns
[2020-09-11T11:44:16.701+0000][1][safepoint    ] Safepoint "RevokeBias", Time since last: 28969 ns, Reaching safepoint: 85535 ns, At safepoint: 27780 ns, Total: 113315 ns
[2020-09-11T11:44:16.701+0000][1][safepoint    ] Safepoint "RevokeBias", Time since last: 43883 ns, Reaching safepoint: 84345 ns, At safepoint: 26333 ns, Total: 110678 ns
[2020-09-11T11:44:16.701+0000][1][safepoint    ] Safepoint "RevokeBias", Time since last: 24695 ns, Reaching safepoint: 82523 ns, At safepoint: 24829 ns, Total: 107352 ns
[2020-09-11T11:44:16.702+0000][1][safepoint    ] Safepoint "RevokeBias", Time since last: 33516 ns, Reaching safepoint: 81609 ns, At safepoint: 24240 ns, Total: 105849 ns
[2020-09-11T11:44:16.702+0000][1][safepoint    ] Safepoint "RevokeBias", Time since last: 23816 ns, Reaching safepoint: 81271 ns, At safepoint: 23717 ns, Total: 104988 ns
[2020-09-11T11:44:16.702+0000][1][safepoint    ] Safepoint "RevokeBias", Time since last: 30969 ns, Reaching safepoint: 81136 ns, At safepoint: 23478 ns, Total: 104614 ns
[2020-09-11T11:44:16.702+0000][1][safepoint    ] Safepoint "RevokeBias", Time since last: 23298 ns, Reaching safepoint: 81395 ns, At safepoint: 23273 ns, Total: 104668 ns
[2020-09-11T11:44:16.702+0000][1][safepoint    ] Safepoint "RevokeBias", Time since last: 31494 ns, Reaching safepoint: 81306 ns, At safepoint: 23341 ns, Total: 104647 ns
[2020-09-11T11:44:16.702+0000][1][safepoint    ] Safepoint "RevokeBias", Time since last: 23274 ns, Reaching safepoint: 81140 ns, At safepoint: 26689 ns, Total: 107829 ns
[2020-09-11T11:44:16.702+0000][1][safepoint    ] Safepoint "RevokeBias", Time since last: 52851 ns, Reaching safepoint: 80731 ns, At safepoint: 23422 ns, Total: 104153 ns
[2020-09-11T11:44:16.703+0000][1][safepoint    ] Safepoint "RevokeBias", Time since last: 23604 ns, Reaching safepoint: 80661 ns, At safepoint: 73794 ns, Total: 154455 ns
[2020-09-11T11:44:16.715+0000][1][safepoint    ] Safepoint "RevokeBias", Time since last: 51819 ns, Reaching safepoint: 896402 ns, At safepoint: 11544927 ns, Total: 12441329 ns
[2020-09-11T11:44:16.719+0000][1][safepoint    ] Safepoint "RevokeBias", Time since last: 68990 ns, Reaching safepoint: 340698 ns, At safepoint: 4008930 ns, Total: 4349628 ns
[2020-09-11T11:44:16.727+0000][1][safepoint    ] Safepoint "RevokeBias", Time since last: 1011579 ns, Reaching safepoint: 6984547 ns, At safepoint: 45831 ns, Total: 7030378 ns
[2020-09-11T11:44:16.728+0000][1][safepoint    ] Safepoint "RevokeBias", Time since last: 51459 ns, Reaching safepoint: 718654 ns, At safepoint: 36542 ns, Total: 755196 ns
[2020-09-11T11:44:16.728+0000][1][safepoint    ] Safepoint "RevokeBias", Time since last: 47853 ns, Reaching safepoint: 81648 ns, At safepoint: 28862 ns, Total: 110510 ns
[2020-09-11T11:44:16.729+0000][1][safepoint    ] Safepoint "RevokeBias", Time since last: 25384 ns, Reaching safepoint: 79245 ns, At safepoint: 27029 ns, Total: 106274 ns
[2020-09-11T11:44:16.729+0000][1][safepoint    ] Safepoint "RevokeBias", Time since last: 50166 ns, Reaching safepoint: 80039 ns, At safepoint: 26664 ns, Total: 106703 ns
[2020-09-11T11:44:16.729+0000][1][safepoint    ] Safepoint "RevokeBias", Time since last: 24284 ns, Reaching safepoint: 80968 ns, At safepoint: 26515 ns, Total: 107483 ns
[2020-09-11T11:44:16.729+0000][1][safepoint    ] Safepoint "RevokeBias", Time since last: 84523 ns, Reaching safepoint: 81535 ns, At safepoint: 25824 ns, Total: 107359 ns
[2020-09-11T11:44:16.729+0000][1][safepoint    ] Safepoint "RevokeBias", Time since last: 23980 ns, Reaching safepoint: 81078 ns, At safepoint: 25778 ns, Total: 106856 ns
[2020-09-11T11:44:16.729+0000][1][safepoint    ] Safepoint "RevokeBias", Time since last: 34651 ns, Reaching safepoint: 81267 ns, At safepoint: 25245 ns, Total: 106512 ns
[2020-09-11T11:44:16.729+0000][1][safepoint    ] Safepoint "RevokeBias", Time since last: 23768 ns, Reaching safepoint: 80554 ns, At safepoint: 25774 ns, Total: 106328 ns
[2020-09-11T11:44:16.730+0000][1][safepoint    ] Safepoint "RevokeBias", Time since last: 36104 ns, Reaching safepoint: 80970 ns, At safepoint: 25072 ns, Total: 106042 ns
[2020-09-11T11:44:16.732+0000][1][safepoint    ] Safepoint "RevokeBias", Time since last: 23653 ns, Reaching safepoint: 1873864 ns, At safepoint: 32523 ns, Total: 1906387 ns
[2020-09-11T11:44:16.735+0000][1][safepoint    ] Safepoint "RevokeBias", Time since last: 1112336 ns, Reaching safepoint: 2713338 ns, At safepoint: 61481 ns, Total: 2774819 ns
[2020-09-11T11:44:16.740+0000][1][safepoint    ] Safepoint "RevokeBias", Time since last: 53602 ns, Reaching safepoint: 4003710 ns, At safepoint: 55411 ns, Total: 4059121 ns
[2020-09-11T11:44:16.827+0000][1][safepoint    ] Safepoint "Deoptimize", Time since last: 80431859 ns, Reaching safepoint: 6965007 ns, At safepoint: 203137 ns, Total: 7168144 ns
[2020-09-11T11:44:17.831+0000][1][safepoint    ] Safepoint "Cleanup", Time since last: 1000118331 ns, Reaching safepoint: 121833 ns, At safepoint: 3352746 ns, Total: 3474579 ns
[2020-09-11T11:44:18.357+0000][1][safepoint    ] Safepoint "RevokeBias", Time since last: 524727196 ns, Reaching safepoint: 1434063 ns, At safepoint: 40605 ns, Total: 1474668 ns
[2020-09-11T11:44:19.367+0000][1][safepoint    ] Safepoint "Cleanup", Time since last: 1007912183 ns, Reaching safepoint: 2642983 ns, At safepoint: 13281 ns, Total: 2656264 ns
[2020-09-11T11:44:20.269+0000][1][safepoint    ] Safepoint "Deoptimize", Time since last: 899945240 ns, Reaching safepoint: 1247118 ns, At safepoint: 174525 ns, Total: 1421643 ns
[2020-09-11T11:44:20.967+0000][1][safepoint    ] Safepoint "Deoptimize", Time since last: 698167460 ns, Reaching safepoint: 117232 ns, At safepoint: 181778 ns, Total: 299010 ns
[2020-09-11T11:44:21.032+0000][1][safepoint    ] Safepoint "Deoptimize", Time since last: 62182943 ns, Reaching safepoint: 1951716 ns, At safepoint: 195241 ns, Total: 2146957 ns
[2020-09-11T11:44:21.123+0000][1][gc,start     ] GC(1) Pause Young (Allocation Failure)
[2020-09-11T11:44:21.123+0000][1][gc,task      ] GC(1) Using 1 workers of 1 for evacuation
[2020-09-11T11:44:21.346+0000][1][gc,age       ] GC(1) Desired survivor size 4358144 bytes, new threshold 6 (max threshold 6)
[2020-09-11T11:44:21.346+0000][1][gc,age       ] GC(1) Age table with threshold 6 (max threshold 6)
[2020-09-11T11:44:21.346+0000][1][gc,age       ] GC(1) - age   1:    3959336 bytes,    3959336 total
[2020-09-11T11:44:21.346+0000][1][gc,heap      ] GC(1) ParNew: 74478K->4234K(76672K)
[2020-09-11T11:44:21.347+0000][1][gc,heap      ] GC(1) CMS: 0K->6833K(439104K)
[2020-09-11T11:44:21.347+0000][1][gc,metaspace ] GC(1) Metaspace: 19199K->19199K(1067008K)
[2020-09-11T11:44:21.347+0000][1][gc           ] GC(1) Pause Young (Allocation Failure) 72M->10M(503M) 223.558ms
[2020-09-11T11:44:21.347+0000][1][gc,cpu       ] GC(1) User=0.05s Sys=0.00s Real=0.23s
[2020-09-11T11:44:21.373+0000][1][safepoint    ] Safepoint "GenCollectForAllocation", Time since last: 91201045 ns, Reaching safepoint: 106371 ns, At safepoint: 250379851 ns, Total: 250486222 ns
[2020-09-11T11:44:21.396+0000][1][safepoint    ] Safepoint "BulkRevokeBias", Time since last: 22079434 ns, Reaching safepoint: 117055 ns, At safepoint: 151649 ns, Total: 268704 ns
[2020-09-11T11:44:21.397+0000][1][safepoint    ] Safepoint "RevokeBias", Time since last: 1279930 ns, Reaching safepoint: 85612 ns, At safepoint: 61277 ns, Total: 146889 ns
[2020-09-11T11:44:21.397+0000][1][safepoint    ] Safepoint "RevokeBias", Time since last: 56568 ns, Reaching safepoint: 82917 ns, At safepoint: 61886 ns, Total: 144803 ns
[2020-09-11T11:44:21.398+0000][1][safepoint    ] Safepoint "RevokeBias", Time since last: 42476 ns, Reaching safepoint: 82887 ns, At safepoint: 61004 ns, Total: 143891 ns
[2020-09-11T11:44:21.398+0000][1][safepoint    ] Safepoint "RevokeBias", Time since last: 37189 ns, Reaching safepoint: 81957 ns, At safepoint: 60552 ns, Total: 142509 ns
[2020-09-11T11:44:21.402+0000][1][safepoint    ] Safepoint "RevokeBias", Time since last: 4483201 ns, Reaching safepoint: 117835 ns, At safepoint: 96933 ns, Total: 214768 ns
[2020-09-11T11:44:21.403+0000][1][safepoint    ] Safepoint "RevokeBias", Time since last: 65017 ns, Reaching safepoint: 83704 ns, At safepoint: 65168 ns, Total: 148872 ns
[2020-09-11T11:44:21.403+0000][1][safepoint    ] Safepoint "RevokeBias", Time since last: 46745 ns, Reaching safepoint: 83135 ns, At safepoint: 103237 ns, Total: 186372 ns
[2020-09-11T11:44:21.403+0000][1][safepoint    ] Safepoint "RevokeBias", Time since last: 42626 ns, Reaching safepoint: 82419 ns, At safepoint: 87968 ns, Total: 170387 ns
[2020-09-11T11:44:21.410+0000][1][safepoint    ] Safepoint "RevokeBias", Time since last: 6758082 ns, Reaching safepoint: 104765 ns, At safepoint: 53587 ns, Total: 158352 ns
[2020-09-11T11:44:21.447+0000][1][safepoint    ] Safepoint "RevokeBias", Time since last: 22419709 ns, Reaching safepoint: 14711522 ns, At safepoint: 68775 ns, Total: 14780297 ns
[2020-09-11T11:44:21.972+0000][1][safepoint    ] Safepoint "Deoptimize", Time since last: 521104007 ns, Reaching safepoint: 3188063 ns, At safepoint: 194244 ns, Total: 3382307 ns
[2020-09-11T11:44:22.273+0000][1][safepoint    ] Safepoint "Deoptimize", Time since last: 300736502 ns, Reaching safepoint: 107296 ns, At safepoint: 192518 ns, Total: 299814 ns
[2020-09-11T11:44:22.273+0000][1][safepoint    ] Safepoint "RevokeBias", Time since last: 420952 ns, Reaching safepoint: 84465 ns, At safepoint: 43402 ns, Total: 127867 ns
[2020-09-11T11:44:22.276+0000][1][safepoint    ] Safepoint "Deoptimize", Time since last: 846245 ns, Reaching safepoint: 1354981 ns, At safepoint: 182174 ns, Total: 1537155 ns
[2020-09-11T11:44:23.284+0000][1][safepoint    ] Safepoint "Cleanup", Time since last: 1007794224 ns, Reaching safepoint: 121652 ns, At safepoint: 6246 ns, Total: 127898 ns
[2020-09-11T11:44:23.962+0000][1][gc,start     ] GC(2) Pause Young (Allocation Failure)
[2020-09-11T11:44:23.962+0000][1][gc,task      ] GC(2) Using 1 workers of 1 for evacuation
[2020-09-11T11:44:24.010+0000][1][gc,age       ] GC(2) Desired survivor size 4358144 bytes, new threshold 6 (max threshold 6)
[2020-09-11T11:44:24.010+0000][1][gc,age       ] GC(2) Age table with threshold 6 (max threshold 6)
[2020-09-11T11:44:24.010+0000][1][gc,age       ] GC(2) - age   1:     425944 bytes,     425944 total
[2020-09-11T11:44:24.010+0000][1][gc,age       ] GC(2) - age   2:    3874680 bytes,    4300624 total
[2020-09-11T11:44:24.010+0000][1][gc,heap      ] GC(2) ParNew: 72394K->7910K(76672K)
[2020-09-11T11:44:24.010+0000][1][gc,heap      ] GC(2) CMS: 6833K->6833K(439104K)
[2020-09-11T11:44:24.010+0000][1][gc,metaspace ] GC(2) Metaspace: 20108K->20108K(1067008K)
[2020-09-11T11:44:24.010+0000][1][gc           ] GC(2) Pause Young (Allocation Failure) 77M->14M(503M) 47.792ms
[2020-09-11T11:44:24.010+0000][1][gc,cpu       ] GC(2) User=0.01s Sys=0.00s Real=0.05s
[2020-09-11T11:44:24.022+0000][1][safepoint    ] Safepoint "GenCollectForAllocation", Time since last: 678359071 ns, Reaching safepoint: 121704 ns, At safepoint: 59628541 ns, Total: 59750245 ns
[2020-09-11T11:44:24.051+0000][1][safepoint    ] Safepoint "RevokeBias", Time since last: 15299745 ns, Reaching safepoint: 94953 ns, At safepoint: 14389939 ns, Total: 14484892 ns
[2020-09-11T11:44:24.064+0000][1][safepoint    ] Safepoint "RevokeBias", Time since last: 92613 ns, Reaching safepoint: 11971022 ns, At safepoint: 58457 ns, Total: 12029479 ns
[2020-09-11T11:44:24.064+0000][1][safepoint    ] Safepoint "RevokeBias", Time since last: 81651 ns, Reaching safepoint: 82003 ns, At safepoint: 33729 ns, Total: 115732 ns
[2020-09-11T11:44:24.064+0000][1][safepoint    ] Safepoint "RevokeBias", Time since last: 34758 ns, Reaching safepoint: 79441 ns, At safepoint: 32065 ns, Total: 111506 ns
[2020-09-11T11:44:24.064+0000][1][safepoint    ] Safepoint "RevokeBias", Time since last: 38702 ns, Reaching safepoint: 78620 ns, At safepoint: 31373 ns, Total: 109993 ns
[2020-09-11T11:44:24.064+0000][1][safepoint    ] Safepoint "RevokeBias", Time since last: 31819 ns, Reaching safepoint: 78514 ns, At safepoint: 31079 ns, Total: 109593 ns
[2020-09-11T11:44:24.065+0000][1][safepoint    ] Safepoint "RevokeBias", Time since last: 591927 ns, Reaching safepoint: 82908 ns, At safepoint: 33157 ns, Total: 116065 ns
[2020-09-11T11:44:24.068+0000][1][safepoint    ] Safepoint "RevokeBias", Time since last: 2517486 ns, Reaching safepoint: 80072 ns, At safepoint: 31820 ns, Total: 111892 ns
[2020-09-11T11:44:25.090+0000][1][safepoint    ] Safepoint "Cleanup", Time since last: 1010415693 ns, Reaching safepoint: 11917466 ns, At safepoint: 11860 ns, Total: 11929326 ns
[2020-09-11T11:44:25.091+0000][1][gc,start     ] GC(3) Pause Young (Allocation Failure)
[2020-09-11T11:44:25.091+0000][1][gc,task      ] GC(3) Using 1 workers of 1 for evacuation
[2020-09-11T11:44:25.136+0000][1][gc,age       ] GC(3) Desired survivor size 4358144 bytes, new threshold 3 (max threshold 6)
[2020-09-11T11:44:25.136+0000][1][gc,age       ] GC(3) Age table with threshold 3 (max threshold 6)
[2020-09-11T11:44:25.136+0000][1][gc,age       ] GC(3) - age   1:    1720880 bytes,    1720880 total
[2020-09-11T11:44:25.136+0000][1][gc,age       ] GC(3) - age   2:     397376 bytes,    2118256 total
[2020-09-11T11:44:25.136+0000][1][gc,age       ] GC(3) - age   3:    3874600 bytes,    5992856 total
[2020-09-11T11:44:25.136+0000][1][gc,heap      ] GC(3) ParNew: 76070K->7681K(76672K)
[2020-09-11T11:44:25.136+0000][1][gc,heap      ] GC(3) CMS: 6833K->6833K(439104K)
[2020-09-11T11:44:25.136+0000][1][gc,metaspace ] GC(3) Metaspace: 20220K->20220K(1067008K)
[2020-09-11T11:44:25.136+0000][1][gc           ] GC(3) Pause Young (Allocation Failure) 80M->14M(503M) 45.029ms
[2020-09-11T11:44:25.136+0000][1][gc,cpu       ] GC(3) User=0.01s Sys=0.00s Real=0.05s
[2020-09-11T11:44:25.151+0000][1][safepoint    ] Safepoint "GenCollectForAllocation", Time since last: 336223 ns, Reaching safepoint: 1220606 ns, At safepoint: 60007834 ns, Total: 61228440 ns
[2020-09-11T11:44:25.168+0000][1][safepoint    ] Safepoint "RevokeBias", Time since last: 16093392 ns, Reaching safepoint: 101056 ns, At safepoint: 35105 ns, Total: 136161 ns
[2020-09-11T11:44:25.168+0000][1][safepoint    ] Safepoint "RevokeBias", Time since last: 64207 ns, Reaching safepoint: 79165 ns, At safepoint: 26316 ns, Total: 105481 ns
[2020-09-11T11:44:25.168+0000][1][safepoint    ] Safepoint "RevokeBias", Time since last: 32099 ns, Reaching safepoint: 79020 ns, At safepoint: 28074 ns, Total: 107094 ns
[2020-09-11T11:44:25.168+0000][1][safepoint    ] Safepoint "RevokeBias", Time since last: 24552 ns, Reaching safepoint: 78249 ns, At safepoint: 26694 ns, Total: 104943 ns
[2020-09-11T11:44:25.168+0000][1][safepoint    ] Safepoint "RevokeBias", Time since last: 27743 ns, Reaching safepoint: 78855 ns, At safepoint: 24328 ns, Total: 103183 ns
[2020-09-11T11:44:25.168+0000][1][safepoint    ] Safepoint "RevokeBias", Time since last: 24431 ns, Reaching safepoint: 86999 ns, At safepoint: 26325 ns, Total: 113324 ns
[2020-09-11T11:44:25.171+0000][1][safepoint    ] Safepoint "RevokeBias", Time since last: 36747 ns, Reaching safepoint: 3027237 ns, At safepoint: 38649 ns, Total: 3065886 ns
[2020-09-11T11:44:25.172+0000][1][safepoint    ] Safepoint "RevokeBias", Time since last: 39107 ns, Reaching safepoint: 79793 ns, At safepoint: 30535 ns, Total: 110328 ns
[2020-09-11T11:44:26.094+0000][1][safepoint    ] Safepoint "RevokeBias", Time since last: 922682526 ns, Reaching safepoint: 127565 ns, At safepoint: 19500 ns, Total: 147065 ns
[2020-09-11T11:44:26.095+0000][1][safepoint    ] Safepoint "BulkRevokeBias", Time since last: 75647 ns, Reaching safepoint: 77683 ns, At safepoint: 44092 ns, Total: 121775 ns
[2020-09-11T11:44:26.152+0000][1][safepoint    ] Safepoint "CollectForMetadataAllocation", Time since last: 56779431 ns, Reaching safepoint: 108876 ns, At safepoint: 142107 ns, Total: 250983 ns
[2020-09-11T11:44:26.306+0000][1][safepoint    ] Safepoint "CollectForMetadataAllocation", Time since last: 153891678 ns, Reaching safepoint: 116908 ns, At safepoint: 132889 ns, Total: 249797 ns
[2020-09-11T11:44:26.460+0000][1][gc,start     ] GC(4) Pause Young (Allocation Failure)
[2020-09-11T11:44:26.460+0000][1][gc,task      ] GC(4) Using 1 workers of 1 for evacuation
[2020-09-11T11:44:26.524+0000][1][gc,age       ] GC(4) Desired survivor size 4358144 bytes, new threshold 6 (max threshold 6)
[2020-09-11T11:44:26.524+0000][1][gc,age       ] GC(4) Age table with threshold 6 (max threshold 6)
[2020-09-11T11:44:26.524+0000][1][gc,age       ] GC(4) - age   1:    1788992 bytes,    1788992 total
[2020-09-11T11:44:26.524+0000][1][gc,age       ] GC(4) - age   2:     319896 bytes,    2108888 total
[2020-09-11T11:44:26.524+0000][1][gc,age       ] GC(4) - age   3:     397280 bytes,    2506168 total
[2020-09-11T11:44:26.524+0000][1][gc,heap      ] GC(4) ParNew: 75841K->5029K(76672K)
[2020-09-11T11:44:26.524+0000][1][gc,heap      ] GC(4) CMS: 6833K->10647K(439104K)
[2020-09-11T11:44:26.524+0000][1][gc,metaspace ] GC(4) Metaspace: 20779K->20779K(1069056K)
[2020-09-11T11:44:26.524+0000][1][gc           ] GC(4) Pause Young (Allocation Failure) 80M->15M(503M) 64.258ms
[2020-09-11T11:44:26.524+0000][1][gc,cpu       ] GC(4) User=0.02s Sys=0.00s Real=0.07s
[2020-09-11T11:44:26.542+0000][1][safepoint    ] Safepoint "GenCollectForAllocation", Time since last: 154245490 ns, Reaching safepoint: 100289 ns, At safepoint: 81584484 ns, Total: 81684773 ns
[2020-09-11T11:44:26.568+0000][1][gc,start     ] GC(5) Pause Initial Mark
[2020-09-11T11:44:26.569+0000][1][gc           ] GC(5) Pause Initial Mark 20M->20M(503M) 1.830ms
[2020-09-11T11:44:26.569+0000][1][gc,cpu       ] GC(5) User=0.00s Sys=0.00s Real=0.00s
[2020-09-11T11:44:26.605+0000][1][safepoint    ] Safepoint "BulkRevokeBias", Time since last: 14465218 ns, Reaching safepoint: 11241888 ns, At safepoint: 38028610 ns, Total: 49270498 ns
[2020-09-11T11:44:26.606+0000][1][gc           ] GC(5) Concurrent Mark
[2020-09-11T11:44:26.664+0000][1][safepoint    ] Safepoint "RevokeBias", Time since last: 25928012 ns, Reaching safepoint: 32145927 ns, At safepoint: 33051 ns, Total: 32178978 ns
[2020-09-11T11:44:26.664+0000][1][safepoint    ] Safepoint "RevokeBias", Time since last: 83771 ns, Reaching safepoint: 78105 ns, At safepoint: 16993 ns, Total: 95098 ns
[2020-09-11T11:44:26.664+0000][1][safepoint    ] Safepoint "RevokeBias", Time since last: 24947 ns, Reaching safepoint: 76265 ns, At safepoint: 15635 ns, Total: 91900 ns
[2020-09-11T11:44:26.664+0000][1][safepoint    ] Safepoint "RevokeBias", Time since last: 27341 ns, Reaching safepoint: 76405 ns, At safepoint: 15642 ns, Total: 92047 ns
[2020-09-11T11:44:26.664+0000][1][safepoint    ] Safepoint "RevokeBias", Time since last: 23424 ns, Reaching safepoint: 75631 ns, At safepoint: 15645 ns, Total: 91276 ns
[2020-09-11T11:44:26.717+0000][1][gc           ] GC(5) Concurrent Mark 111.942ms
[2020-09-11T11:44:26.718+0000][1][gc,cpu       ] GC(5) User=0.02s Sys=0.00s Real=0.11s
[2020-09-11T11:44:26.718+0000][1][gc           ] GC(5) Concurrent Preclean
[2020-09-11T11:44:26.718+0000][1][gc           ] GC(5) Concurrent Preclean 0.633ms
[2020-09-11T11:44:26.718+0000][1][gc,cpu       ] GC(5) User=0.00s Sys=0.00s Real=0.00s
[2020-09-11T11:44:26.718+0000][1][gc           ] GC(5) Concurrent Abortable Preclean
[2020-09-11T11:44:27.285+0000][1][safepoint    ] Safepoint "Deoptimize", Time since last: 620117723 ns, Reaching safepoint: 106003 ns, At safepoint: 227634 ns, Total: 333637 ns
[2020-09-11T11:44:27.362+0000][1][safepoint    ] Safepoint "CollectForMetadataAllocation", Time since last: 76916712 ns, Reaching safepoint: 125900 ns, At safepoint: 89321 ns, Total: 215221 ns
[2020-09-11T11:44:27.795+0000][1][safepoint    ] Safepoint "Deoptimize", Time since last: 433190156 ns, Reaching safepoint: 113574 ns, At safepoint: 230188 ns, Total: 343762 ns
[2020-09-11T11:44:28.113+0000][1][gc,start     ] GC(6) Pause Young (Allocation Failure)
[2020-09-11T11:44:28.113+0000][1][gc,task      ] GC(6) Using 1 workers of 1 for evacuation
[2020-09-11T11:44:28.174+0000][1][gc,age       ] GC(6) Desired survivor size 4358144 bytes, new threshold 6 (max threshold 6)
[2020-09-11T11:44:28.174+0000][1][gc,age       ] GC(6) Age table with threshold 6 (max threshold 6)
[2020-09-11T11:44:28.174+0000][1][gc,age       ] GC(6) - age   1:    2314160 bytes,    2314160 total
[2020-09-11T11:44:28.174+0000][1][gc,age       ] GC(6) - age   2:    1253440 bytes,    3567600 total
[2020-09-11T11:44:28.174+0000][1][gc,age       ] GC(6) - age   3:     319896 bytes,    3887496 total
[2020-09-11T11:44:28.174+0000][1][gc,age       ] GC(6) - age   4:     397248 bytes,    4284744 total
[2020-09-11T11:44:28.174+0000][1][gc,heap      ] GC(6) ParNew: 73189K->4350K(76672K)
[2020-09-11T11:44:28.174+0000][1][gc,heap      ] GC(6) CMS: 10647K->10647K(439104K)
[2020-09-11T11:44:28.174+0000][1][gc,metaspace ] GC(6) Metaspace: 21092K->21092K(1069056K)
[2020-09-11T11:44:28.174+0000][1][gc           ] GC(6) Pause Young (Allocation Failure) 81M->14M(503M) 60.793ms
[2020-09-11T11:44:28.174+0000][1][gc,cpu       ] GC(6) User=0.02s Sys=0.00s Real=0.06s
[2020-09-11T11:44:28.198+0000][1][safepoint    ] Safepoint "GenCollectForAllocation", Time since last: 317992342 ns, Reaching safepoint: 107043 ns, At safepoint: 84297941 ns, Total: 84404984 ns
[2020-09-11T11:44:28.234+0000][1][safepoint    ] Safepoint "RevokeBias", Time since last: 9441684 ns, Reaching safepoint: 26383213 ns, At safepoint: 37666 ns, Total: 26420879 ns
[2020-09-11T11:44:28.296+0000][1][safepoint    ] Safepoint "RevokeBias", Time since last: 26204190 ns, Reaching safepoint: 35999086 ns, At safepoint: 39809 ns, Total: 36038895 ns
[2020-09-11T11:44:28.324+0000][1][safepoint    ] Safepoint "RevokeBias", Time since last: 14100367 ns, Reaching safepoint: 14127817 ns, At safepoint: 30912 ns, Total: 14158729 ns
[2020-09-11T11:44:28.324+0000][1][safepoint    ] Safepoint "RevokeBias", Time since last: 58139 ns, Reaching safepoint: 79205 ns, At safepoint: 19992 ns, Total: 99197 ns
[2020-09-11T11:44:28.324+0000][1][safepoint    ] Safepoint "RevokeBias", Time since last: 37886 ns, Reaching safepoint: 77589 ns, At safepoint: 18389 ns, Total: 95978 ns
[2020-09-11T11:44:28.324+0000][1][safepoint    ] Safepoint "RevokeBias", Time since last: 23164 ns, Reaching safepoint: 76173 ns, At safepoint: 20966 ns, Total: 97139 ns
[2020-09-11T11:44:29.011+0000][1][gc           ] GC(5) Concurrent Abortable Preclean 2292.981ms
[2020-09-11T11:44:29.011+0000][1][gc,cpu       ] GC(5) User=0.55s Sys=0.02s Real=2.29s
[2020-09-11T11:44:29.012+0000][1][gc,start     ] GC(5) Pause Remark
[2020-09-11T11:44:29.146+0000][1][gc           ] GC(5) Pause Remark 64M->64M(503M) 134.579ms
[2020-09-11T11:44:29.146+0000][1][gc,cpu       ] GC(5) User=0.04s Sys=0.00s Real=0.14s
[2020-09-11T11:44:29.203+0000][1][safepoint    ] Safepoint "CMS_Final_Remark", Time since last: 686838513 ns, Reaching safepoint: 516139 ns, At safepoint: 191676903 ns, Total: 192193042 ns
[2020-09-11T11:44:29.204+0000][1][gc           ] GC(5) Concurrent Sweep
[2020-09-11T11:44:29.212+0000][1][gc           ] GC(5) Concurrent Sweep 8.408ms
[2020-09-11T11:44:29.212+0000][1][gc,cpu       ] GC(5) User=0.00s Sys=0.00s Real=0.00s
[2020-09-11T11:44:29.212+0000][1][gc           ] GC(5) Concurrent Reset
[2020-09-11T11:44:29.213+0000][1][gc           ] GC(5) Concurrent Reset 0.656ms
[2020-09-11T11:44:29.213+0000][1][gc,cpu       ] GC(5) User=0.00s Sys=0.00s Real=0.00s
[2020-09-11T11:44:29.213+0000][1][gc,heap      ] GC(5) Old: 10647K->10646K(439104K)
[2020-09-11T11:44:29.412+0000][1][gc,start     ] GC(7) Pause Young (Allocation Failure)
[2020-09-11T11:44:29.412+0000][1][gc,task      ] GC(7) Using 1 workers of 1 for evacuation
[2020-09-11T11:44:29.462+0000][1][gc,age       ] GC(7) Desired survivor size 4358144 bytes, new threshold 5 (max threshold 6)
[2020-09-11T11:44:29.462+0000][1][gc,age       ] GC(7) Age table with threshold 5 (max threshold 6)
[2020-09-11T11:44:29.462+0000][1][gc,age       ] GC(7) - age   1:     980784 bytes,     980784 total
[2020-09-11T11:44:29.462+0000][1][gc,age       ] GC(7) - age   2:    1525944 bytes,    2506728 total
[2020-09-11T11:44:29.462+0000][1][gc,age       ] GC(7) - age   3:    1251552 bytes,    3758280 total
[2020-09-11T11:44:29.462+0000][1][gc,age       ] GC(7) - age   4:     319896 bytes,    4078176 total
[2020-09-11T11:44:29.462+0000][1][gc,age       ] GC(7) - age   5:     396776 bytes,    4474952 total
[2020-09-11T11:44:29.462+0000][1][gc,heap      ] GC(7) ParNew: 72510K->7364K(76672K)
[2020-09-11T11:44:29.462+0000][1][gc,heap      ] GC(7) CMS: 10646K->10646K(439104K)
[2020-09-11T11:44:29.462+0000][1][gc,metaspace ] GC(7) Metaspace: 21192K->21192K(1069056K)
[2020-09-11T11:44:29.462+0000][1][gc           ] GC(7) Pause Young (Allocation Failure) 81M->17M(503M) 50.096ms
[2020-09-11T11:44:29.462+0000][1][gc,cpu       ] GC(7) User=0.02s Sys=0.00s Real=0.05s
[2020-09-11T11:44:29.475+0000][1][safepoint    ] Safepoint "GenCollectForAllocation", Time since last: 207977196 ns, Reaching safepoint: 399169 ns, At safepoint: 63605101 ns, Total: 64004270 ns
[2020-09-11T11:44:29.492+0000][1][safepoint    ] Safepoint "RevokeBias", Time since last: 16086994 ns, Reaching safepoint: 96833 ns, At safepoint: 39424 ns, Total: 136257 ns
[2020-09-11T11:44:29.492+0000][1][safepoint    ] Safepoint "RevokeBias", Time since last: 46602 ns, Reaching safepoint: 76745 ns, At safepoint: 24803 ns, Total: 101548 ns
[2020-09-11T11:44:29.492+0000][1][safepoint    ] Safepoint "RevokeBias", Time since last: 33671 ns, Reaching safepoint: 75905 ns, At safepoint: 23360 ns, Total: 99265 ns
[2020-09-11T11:44:29.492+0000][1][safepoint    ] Safepoint "RevokeBias", Time since last: 22787 ns, Reaching safepoint: 75301 ns, At safepoint: 24174 ns, Total: 99475 ns
[2020-09-11T11:44:30.364+0000][1][gc,start     ] GC(8) Pause Young (Allocation Failure)
[2020-09-11T11:44:30.364+0000][1][gc,task      ] GC(8) Using 1 workers of 1 for evacuation
[2020-09-11T11:44:30.411+0000][1][gc,age       ] GC(8) Desired survivor size 4358144 bytes, new threshold 4 (max threshold 6)
[2020-09-11T11:44:30.411+0000][1][gc,age       ] GC(8) Age table with threshold 4 (max threshold 6)
[2020-09-11T11:44:30.411+0000][1][gc,age       ] GC(8) - age   1:    2160272 bytes,    2160272 total
[2020-09-11T11:44:30.411+0000][1][gc,age       ] GC(8) - age   2:     447160 bytes,    2607432 total
[2020-09-11T11:44:30.411+0000][1][gc,age       ] GC(8) - age   3:    1524008 bytes,    4131440 total
[2020-09-11T11:44:30.411+0000][1][gc,age       ] GC(8) - age   4:    1250768 bytes,    5382208 total
[2020-09-11T11:44:30.411+0000][1][gc,age       ] GC(8) - age   5:     319832 bytes,    5702040 total
[2020-09-11T11:44:30.411+0000][1][gc,heap      ] GC(8) ParNew: 75524K->7677K(76672K)
[2020-09-11T11:44:30.411+0000][1][gc,heap      ] GC(8) CMS: 10646K->11036K(439104K)
[2020-09-11T11:44:30.411+0000][1][gc,metaspace ] GC(8) Metaspace: 21372K->21372K(1069056K)
[2020-09-11T11:44:30.411+0000][1][gc           ] GC(8) Pause Young (Allocation Failure) 84M->18M(503M) 47.538ms
[2020-09-11T11:44:30.411+0000][1][gc,cpu       ] GC(8) User=0.02s Sys=0.00s Real=0.04s
[2020-09-11T11:44:30.435+0000][1][safepoint    ] Safepoint "GenCollectForAllocation", Time since last: 871390424 ns, Reaching safepoint: 111719 ns, At safepoint: 71458409 ns, Total: 71570128 ns
[2020-09-11T11:44:30.460+0000][1][safepoint    ] Safepoint "RevokeBias", Time since last: 20417373 ns, Reaching safepoint: 4008084 ns, At safepoint: 78649 ns, Total: 4086733 ns
[2020-09-11T11:44:30.463+0000][1][safepoint    ] Safepoint "RevokeBias", Time since last: 58907 ns, Reaching safepoint: 3846766 ns, At safepoint: 62962 ns, Total: 3909728 ns
[2020-09-11T11:44:30.464+0000][1][safepoint    ] Safepoint "RevokeBias", Time since last: 75165 ns, Reaching safepoint: 81809 ns, At safepoint: 33360 ns, Total: 115169 ns
[2020-09-11T11:44:30.464+0000][1][safepoint    ] Safepoint "RevokeBias", Time since last: 29787 ns, Reaching safepoint: 79548 ns, At safepoint: 29986 ns, Total: 109534 ns
[2020-09-11T11:44:31.202+0000][1][gc,start     ] GC(9) Pause Young (Allocation Failure)
[2020-09-11T11:44:31.202+0000][1][gc,task      ] GC(9) Using 1 workers of 1 for evacuation
[2020-09-11T11:44:31.241+0000][1][gc,age       ] GC(9) Desired survivor size 4358144 bytes, new threshold 6 (max threshold 6)
[2020-09-11T11:44:31.241+0000][1][gc,age       ] GC(9) Age table with threshold 6 (max threshold 6)
[2020-09-11T11:44:31.241+0000][1][gc,age       ] GC(9) - age   1:     409128 bytes,     409128 total
[2020-09-11T11:44:31.241+0000][1][gc,age       ] GC(9) - age   2:     831688 bytes,    1240816 total
[2020-09-11T11:44:31.241+0000][1][gc,age       ] GC(9) - age   3:     447080 bytes,    1687896 total
[2020-09-11T11:44:31.241+0000][1][gc,age       ] GC(9) - age   4:    1524008 bytes,    3211904 total
[2020-09-11T11:44:31.241+0000][1][gc,heap      ] GC(9) ParNew: 75837K->4816K(76672K)
[2020-09-11T11:44:31.241+0000][1][gc,heap      ] GC(9) CMS: 11036K->12589K(439104K)
[2020-09-11T11:44:31.241+0000][1][gc,metaspace ] GC(9) Metaspace: 21483K->21483K(1069056K)
[2020-09-11T11:44:31.241+0000][1][gc           ] GC(9) Pause Young (Allocation Failure) 84M->16M(503M) 39.404ms
[2020-09-11T11:44:31.241+0000][1][gc,cpu       ] GC(9) User=0.01s Sys=0.00s Real=0.04s
[2020-09-11T11:44:31.267+0000][1][safepoint    ] Safepoint "GenCollectForAllocation", Time since last: 737832718 ns, Reaching safepoint: 121849 ns, At safepoint: 65675920 ns, Total: 65797769 ns
[2020-09-11T11:44:31.284+0000][1][safepoint    ] Safepoint "RevokeBias", Time since last: 16077301 ns, Reaching safepoint: 102132 ns, At safepoint: 32331 ns, Total: 134463 ns
[2020-09-11T11:44:31.284+0000][1][safepoint    ] Safepoint "RevokeBias", Time since last: 54070 ns, Reaching safepoint: 77992 ns, At safepoint: 17466 ns, Total: 95458 ns
[2020-09-11T11:44:31.284+0000][1][safepoint    ] Safepoint "RevokeBias", Time since last: 35373 ns, Reaching safepoint: 77433 ns, At safepoint: 16605 ns, Total: 94038 ns
[2020-09-11T11:44:31.284+0000][1][safepoint    ] Safepoint "RevokeBias", Time since last: 27015 ns, Reaching safepoint: 76874 ns, At safepoint: 17222 ns, Total: 94096 ns
[2020-09-11T11:44:31.284+0000][1][safepoint    ] Safepoint "RevokeBias", Time since last: 30127 ns, Reaching safepoint: 78077 ns, At safepoint: 17634 ns, Total: 95711 ns
[2020-09-11T11:44:31.284+0000][1][safepoint    ] Safepoint "RevokeBias", Time since last: 27056 ns, Reaching safepoint: 77413 ns, At safepoint: 18596 ns, Total: 96009 ns
[2020-09-11T11:44:31.452+0000][1][safepoint    ] Safepoint "RevokeBias", Time since last: 167127051 ns, Reaching safepoint: 128206 ns, At safepoint: 19365 ns, Total: 147571 ns
[2020-09-11T11:44:31.454+0000][1][safepoint    ] Safepoint "RevokeBias", Time since last: 534419 ns, Reaching safepoint: 2173449 ns, At safepoint: 24220 ns, Total: 2197669 ns
[2020-09-11T11:44:32.002+0000][1][gc,start     ] GC(10) Pause Young (Allocation Failure)
[2020-09-11T11:44:32.002+0000][1][gc,task      ] GC(10) Using 1 workers of 1 for evacuation
[2020-09-11T11:44:32.035+0000][1][gc,age       ] GC(10) Desired survivor size 4358144 bytes, new threshold 6 (max threshold 6)
[2020-09-11T11:44:32.035+0000][1][gc,age       ] GC(10) Age table with threshold 6 (max threshold 6)
[2020-09-11T11:44:32.035+0000][1][gc,age       ] GC(10) - age   1:     438784 bytes,     438784 total
[2020-09-11T11:44:32.035+0000][1][gc,age       ] GC(10) - age   2:     147368 bytes,     586152 total
[2020-09-11T11:44:32.035+0000][1][gc,age       ] GC(10) - age   3:     831688 bytes,    1417840 total
[2020-09-11T11:44:32.035+0000][1][gc,age       ] GC(10) - age   4:     447056 bytes,    1864896 total
[2020-09-11T11:44:32.035+0000][1][gc,age       ] GC(10) - age   5:    1524008 bytes,    3388904 total
[2020-09-11T11:44:32.035+0000][1][gc,heap      ] GC(10) ParNew: 72976K->3556K(76672K)
[2020-09-11T11:44:32.035+0000][1][gc,heap      ] GC(10) CMS: 12589K->12589K(439104K)
[2020-09-11T11:44:32.035+0000][1][gc,metaspace ] GC(10) Metaspace: 21620K->21620K(1069056K)
[2020-09-11T11:44:32.035+0000][1][gc           ] GC(10) Pause Young (Allocation Failure) 83M->15M(503M) 32.730ms
[2020-09-11T11:44:32.035+0000][1][gc,cpu       ] GC(10) User=0.01s Sys=0.00s Real=0.03s
[2020-09-11T11:44:32.035+0000][1][safepoint    ] Safepoint "GenCollectForAllocation", Time since last: 547951836 ns, Reaching safepoint: 126831 ns, At safepoint: 33032582 ns, Total: 33159413 ns
[2020-09-11T11:44:32.077+0000][1][safepoint    ] Safepoint "BulkRevokeBias", Time since last: 24188524 ns, Reaching safepoint: 16885879 ns, At safepoint: 57140 ns, Total: 16943019 ns
[2020-09-11T11:44:32.084+0000][1][safepoint    ] Safepoint "BulkRevokeBias", Time since last: 7257065 ns, Reaching safepoint: 101503 ns, At safepoint: 54550 ns, Total: 156053 ns
[2020-09-11T11:44:33.098+0000][1][safepoint    ] Safepoint "Cleanup", Time since last: 1007447840 ns, Reaching safepoint: 6946400 ns, At safepoint: 8783 ns, Total: 6955183 ns
[2020-09-11T11:44:33.176+0000][1][gc,start     ] GC(11) Pause Young (Allocation Failure)
[2020-09-11T11:44:33.176+0000][1][gc,task      ] GC(11) Using 1 workers of 1 for evacuation
[2020-09-11T11:44:33.219+0000][1][gc,age       ] GC(11) Desired survivor size 4358144 bytes, new threshold 6 (max threshold 6)
[2020-09-11T11:44:33.219+0000][1][gc,age       ] GC(11) Age table with threshold 6 (max threshold 6)
[2020-09-11T11:44:33.219+0000][1][gc,age       ] GC(11) - age   1:    2434824 bytes,    2434824 total
[2020-09-11T11:44:33.219+0000][1][gc,age       ] GC(11) - age   2:     403416 bytes,    2838240 total
[2020-09-11T11:44:33.219+0000][1][gc,age       ] GC(11) - age   3:     147368 bytes,    2985608 total
[2020-09-11T11:44:33.219+0000][1][gc,age       ] GC(11) - age   4:     831688 bytes,    3817296 total
[2020-09-11T11:44:33.219+0000][1][gc,age       ] GC(11) - age   5:     447056 bytes,    4264352 total
[2020-09-11T11:44:33.219+0000][1][gc,age       ] GC(11) - age   6:    1523696 bytes,    5788048 total
[2020-09-11T11:44:33.219+0000][1][gc,heap      ] GC(11) ParNew: 71716K->6742K(76672K)
[2020-09-11T11:44:33.219+0000][1][gc,heap      ] GC(11) CMS: 12589K->12589K(439104K)
[2020-09-11T11:44:33.219+0000][1][gc,metaspace ] GC(11) Metaspace: 22522K->22522K(1071104K)
[2020-09-11T11:44:33.219+0000][1][gc           ] GC(11) Pause Young (Allocation Failure) 82M->18M(503M) 43.329ms
[2020-09-11T11:44:33.219+0000][1][gc,cpu       ] GC(11) User=0.01s Sys=0.00s Real=0.04s
[2020-09-11T11:44:33.256+0000][1][safepoint    ] Safepoint "GenCollectForAllocation", Time since last: 77044041 ns, Reaching safepoint: 114727 ns, At safepoint: 80025996 ns, Total: 80140723 ns
[2020-09-11T11:44:33.868+0000][1][gc,start     ] GC(12) Pause Young (Allocation Failure)
[2020-09-11T11:44:33.868+0000][1][gc,task      ] GC(12) Using 1 workers of 1 for evacuation
[2020-09-11T11:44:33.918+0000][1][gc,age       ] GC(12) Desired survivor size 4358144 bytes, new threshold 6 (max threshold 6)
[2020-09-11T11:44:33.918+0000][1][gc,age       ] GC(12) Age table with threshold 6 (max threshold 6)
[2020-09-11T11:44:33.918+0000][1][gc,age       ] GC(12) - age   1:    1005112 bytes,    1005112 total
[2020-09-11T11:44:33.918+0000][1][gc,age       ] GC(12) - age   2:     544248 bytes,    1549360 total
[2020-09-11T11:44:33.918+0000][1][gc,age       ] GC(12) - age   3:     403416 bytes,    1952776 total
[2020-09-11T11:44:33.918+0000][1][gc,age       ] GC(12) - age   4:     147264 bytes,    2100040 total
[2020-09-11T11:44:33.918+0000][1][gc,age       ] GC(12) - age   5:     831544 bytes,    2931584 total
[2020-09-11T11:44:33.918+0000][1][gc,age       ] GC(12) - age   6:     446912 bytes,    3378496 total
[2020-09-11T11:44:33.918+0000][1][gc,heap      ] GC(12) ParNew: 74902K->5082K(76672K)
[2020-09-11T11:44:33.918+0000][1][gc,heap      ] GC(12) CMS: 12589K->14088K(439104K)
[2020-09-11T11:44:33.918+0000][1][gc,metaspace ] GC(12) Metaspace: 22547K->22547K(1071104K)
[2020-09-11T11:44:33.918+0000][1][gc           ] GC(12) Pause Young (Allocation Failure) 85M->18M(503M) 50.712ms
[2020-09-11T11:44:33.918+0000][1][gc,cpu       ] GC(12) User=0.01s Sys=0.00s Real=0.05s
[2020-09-11T11:44:33.948+0000][1][safepoint    ] Safepoint "GenCollectForAllocation", Time since last: 611958629 ns, Reaching safepoint: 210076 ns, At safepoint: 79850435 ns, Total: 80060511 ns
[2020-09-11T11:44:34.548+0000][1][gc,start     ] GC(13) Pause Young (Allocation Failure)
[2020-09-11T11:44:34.549+0000][1][gc,task      ] GC(13) Using 1 workers of 1 for evacuation
[2020-09-11T11:44:34.582+0000][1][gc,age       ] GC(13) Desired survivor size 4358144 bytes, new threshold 6 (max threshold 6)
[2020-09-11T11:44:34.582+0000][1][gc,age       ] GC(13) Age table with threshold 6 (max threshold 6)
[2020-09-11T11:44:34.582+0000][1][gc,age       ] GC(13) - age   1:     128904 bytes,     128904 total
[2020-09-11T11:44:34.582+0000][1][gc,age       ] GC(13) - age   2:     203304 bytes,     332208 total
[2020-09-11T11:44:34.582+0000][1][gc,age       ] GC(13) - age   3:     544136 bytes,     876344 total
[2020-09-11T11:44:34.582+0000][1][gc,age       ] GC(13) - age   4:     403416 bytes,    1279760 total
[2020-09-11T11:44:34.582+0000][1][gc,age       ] GC(13) - age   5:     147264 bytes,    1427024 total
[2020-09-11T11:44:34.582+0000][1][gc,age       ] GC(13) - age   6:     831544 bytes,    2258568 total
[2020-09-11T11:44:34.582+0000][1][gc,heap      ] GC(13) ParNew: 73242K->3745K(76672K)
[2020-09-11T11:44:34.582+0000][1][gc,heap      ] GC(13) CMS: 14088K->14528K(439104K)
[2020-09-11T11:44:34.582+0000][1][gc,metaspace ] GC(13) Metaspace: 22649K->22649K(1071104K)
[2020-09-11T11:44:34.582+0000][1][gc           ] GC(13) Pause Young (Allocation Failure) 85M->17M(503M) 33.486ms
[2020-09-11T11:44:34.582+0000][1][gc,cpu       ] GC(13) User=0.01s Sys=0.00s Real=0.03s
[2020-09-11T11:44:34.592+0000][1][safepoint    ] Safepoint "GenCollectForAllocation", Time since last: 600757176 ns, Reaching safepoint: 101634 ns, At safepoint: 43137245 ns, Total: 43238879 ns
[2020-09-11T11:44:35.260+0000][1][gc,start     ] GC(14) Pause Young (Allocation Failure)
[2020-09-11T11:44:35.261+0000][1][gc,task      ] GC(14) Using 1 workers of 1 for evacuation
[2020-09-11T11:44:35.271+0000][1][gc,age       ] GC(14) Desired survivor size 4358144 bytes, new threshold 6 (max threshold 6)
[2020-09-11T11:44:35.271+0000][1][gc,age       ] GC(14) Age table with threshold 6 (max threshold 6)
[2020-09-11T11:44:35.271+0000][1][gc,age       ] GC(14) - age   1:    1066256 bytes,    1066256 total
[2020-09-11T11:44:35.271+0000][1][gc,age       ] GC(14) - age   2:     110408 bytes,    1176664 total
[2020-09-11T11:44:35.271+0000][1][gc,age       ] GC(14) - age   3:     203304 bytes,    1379968 total
[2020-09-11T11:44:35.271+0000][1][gc,age       ] GC(14) - age   4:     544136 bytes,    1924104 total
[2020-09-11T11:44:35.271+0000][1][gc,age       ] GC(14) - age   5:     403416 bytes,    2327520 total
[2020-09-11T11:44:35.271+0000][1][gc,age       ] GC(14) - age   6:     147264 bytes,    2474784 total
[2020-09-11T11:44:35.271+0000][1][gc,heap      ] GC(14) ParNew: 71899K->3526K(76672K)
[2020-09-11T11:44:35.271+0000][1][gc,heap      ] GC(14) CMS: 14528K->15346K(439104K)
[2020-09-11T11:44:35.271+0000][1][gc,metaspace ] GC(14) Metaspace: 22722K->22722K(1071104K)
[2020-09-11T11:44:35.271+0000][1][gc           ] GC(14) Pause Young (Allocation Failure) 84M->18M(503M) 10.856ms
[2020-09-11T11:44:35.271+0000][1][gc,cpu       ] GC(14) User=0.00s Sys=0.00s Real=0.01s
[2020-09-11T11:44:35.306+0000][1][safepoint    ] Safepoint "GenCollectForAllocation", Time since last: 668793639 ns, Reaching safepoint: 104032 ns, At safepoint: 45245085 ns, Total: 45349117 ns
[2020-09-11T11:44:36.016+0000][1][gc,start     ] GC(15) Pause Young (Allocation Failure)
[2020-09-11T11:44:36.016+0000][1][gc,task      ] GC(15) Using 1 workers of 1 for evacuation
[2020-09-11T11:44:36.034+0000][1][gc,age       ] GC(15) Desired survivor size 4358144 bytes, new threshold 6 (max threshold 6)
[2020-09-11T11:44:36.034+0000][1][gc,age       ] GC(15) Age table with threshold 6 (max threshold 6)
[2020-09-11T11:44:36.034+0000][1][gc,age       ] GC(15) - age   1:     939936 bytes,     939936 total
[2020-09-11T11:44:36.034+0000][1][gc,age       ] GC(15) - age   2:     307672 bytes,    1247608 total
[2020-09-11T11:44:36.034+0000][1][gc,age       ] GC(15) - age   3:     110408 bytes,    1358016 total
[2020-09-11T11:44:36.034+0000][1][gc,age       ] GC(15) - age   4:     203304 bytes,    1561320 total
[2020-09-11T11:44:36.034+0000][1][gc,age       ] GC(15) - age   5:     544136 bytes,    2105456 total
[2020-09-11T11:44:36.034+0000][1][gc,age       ] GC(15) - age   6:     403416 bytes,    2508872 total
[2020-09-11T11:44:36.034+0000][1][gc,heap      ] GC(15) ParNew: 71686K->4506K(76672K)
[2020-09-11T11:44:36.034+0000][1][gc,heap      ] GC(15) CMS: 15346K->15495K(439104K)
[2020-09-11T11:44:36.034+0000][1][gc,metaspace ] GC(15) Metaspace: 22812K->22812K(1071104K)
[2020-09-11T11:44:36.034+0000][1][gc           ] GC(15) Pause Young (Allocation Failure) 84M->19M(503M) 18.540ms
[2020-09-11T11:44:36.034+0000][1][gc,cpu       ] GC(15) User=0.01s Sys=0.00s Real=0.01s
[2020-09-11T11:44:36.059+0000][1][safepoint    ] Safepoint "GenCollectForAllocation", Time since last: 709689077 ns, Reaching safepoint: 132957 ns, At safepoint: 43080960 ns, Total: 43213917 ns
[2020-09-11T11:44:36.636+0000][1][gc,start     ] GC(16) Pause Young (Allocation Failure)
[2020-09-11T11:44:36.636+0000][1][gc,task      ] GC(16) Using 1 workers of 1 for evacuation
[2020-09-11T11:44:36.670+0000][1][gc,age       ] GC(16) Desired survivor size 4358144 bytes, new threshold 6 (max threshold 6)
[2020-09-11T11:44:36.670+0000][1][gc,age       ] GC(16) Age table with threshold 6 (max threshold 6)
[2020-09-11T11:44:36.670+0000][1][gc,age       ] GC(16) - age   1:      92904 bytes,      92904 total
[2020-09-11T11:44:36.670+0000][1][gc,age       ] GC(16) - age   2:     188080 bytes,     280984 total
[2020-09-11T11:44:36.670+0000][1][gc,age       ] GC(16) - age   3:     307672 bytes,     588656 total
[2020-09-11T11:44:36.670+0000][1][gc,age       ] GC(16) - age   4:     110408 bytes,     699064 total
[2020-09-11T11:44:36.670+0000][1][gc,age       ] GC(16) - age   5:     203152 bytes,     902216 total
[2020-09-11T11:44:36.670+0000][1][gc,age       ] GC(16) - age   6:     544136 bytes,    1446352 total
[2020-09-11T11:44:36.670+0000][1][gc,heap      ] GC(16) ParNew: 72666K->1482K(76672K)
[2020-09-11T11:44:36.670+0000][1][gc,heap      ] GC(16) CMS: 15495K->15894K(439104K)
[2020-09-11T11:44:36.670+0000][1][gc,metaspace ] GC(16) Metaspace: 22828K->22828K(1071104K)
[2020-09-11T11:44:36.670+0000][1][gc           ] GC(16) Pause Young (Allocation Failure) 86M->16M(503M) 34.263ms
[2020-09-11T11:44:36.670+0000][1][gc,cpu       ] GC(16) User=0.01s Sys=0.00s Real=0.03s
[2020-09-11T11:44:36.670+0000][1][safepoint    ] Safepoint "GenCollectForAllocation", Time since last: 576827981 ns, Reaching safepoint: 115343 ns, At safepoint: 34336702 ns, Total: 34452045 ns
[2020-09-11T11:44:36.768+0000][1][safepoint    ] Safepoint "Deoptimize", Time since last: 95114551 ns, Reaching safepoint: 2438291 ns, At safepoint: 255805 ns, Total: 2694096 ns
[2020-09-11T11:44:37.771+0000][1][safepoint    ] Safepoint "Cleanup", Time since last: 1000115289 ns, Reaching safepoint: 3623869 ns, At safepoint: 12993 ns, Total: 3636862 ns
[2020-09-11T11:44:38.780+0000][1][safepoint    ] Safepoint "Cleanup", Time since last: 1000108621 ns, Reaching safepoint: 8011273 ns, At safepoint: 16907 ns, Total: 8028180 ns
[2020-09-11T11:44:39.788+0000][1][safepoint    ] Safepoint "Cleanup", Time since last: 1007833154 ns, Reaching safepoint: 117891 ns, At safepoint: 6072 ns, Total: 123963 ns
[2020-09-11T11:44:40.143+0000][1][safepoint    ] Safepoint "Deoptimize", Time since last: 353682479 ns, Reaching safepoint: 1053658 ns, At safepoint: 243596 ns, Total: 1297254 ns
[2020-09-11T11:44:40.304+0000][1][safepoint    ] Safepoint "Deoptimize", Time since last: 161381599 ns, Reaching safepoint: 104284 ns, At safepoint: 251708 ns, Total: 355992 ns
[2020-09-11T11:44:41.308+0000][1][safepoint    ] Safepoint "Cleanup", Time since last: 1003164000 ns, Reaching safepoint: 235283 ns, At safepoint: 7736 ns, Total: 243019 ns
[2020-09-11T11:44:42.308+0000][1][safepoint    ] Safepoint "Cleanup", Time since last: 1000136272 ns, Reaching safepoint: 44134 ns, At safepoint: 5899 ns, Total: 50033 ns
[2020-09-11T11:44:43.318+0000][1][safepoint    ] Safepoint "Cleanup", Time since last: 1009637206 ns, Reaching safepoint: 109889 ns, At safepoint: 5541 ns, Total: 115430 ns
[2020-09-11T11:44:44.323+0000][1][safepoint    ] Safepoint "Cleanup", Time since last: 1001799706 ns, Reaching safepoint: 4059118 ns, At safepoint: 17223 ns, Total: 4076341 ns
[2020-09-11T11:44:45.061+0000][1][gc,start     ] GC(17) Pause Young (Allocation Failure)
[2020-09-11T11:44:45.061+0000][1][gc,task      ] GC(17) Using 1 workers of 1 for evacuation
[2020-09-11T11:44:45.183+0000][1][gc,age       ] GC(17) Desired survivor size 4358144 bytes, new threshold 1 (max threshold 6)
[2020-09-11T11:44:45.183+0000][1][gc,age       ] GC(17) Age table with threshold 1 (max threshold 6)
[2020-09-11T11:44:45.183+0000][1][gc,age       ] GC(17) - age   1:    7731808 bytes,    7731808 total
[2020-09-11T11:44:45.183+0000][1][gc,age       ] GC(17) - age   2:      75016 bytes,    7806824 total
[2020-09-11T11:44:45.183+0000][1][gc,age       ] GC(17) - age   3:     187584 bytes,    7994408 total
[2020-09-11T11:44:45.183+0000][1][gc,age       ] GC(17) - age   4:     305408 bytes,    8299816 total
[2020-09-11T11:44:45.183+0000][1][gc,age       ] GC(17) - age   5:     110128 bytes,    8409944 total
[2020-09-11T11:44:45.183+0000][1][gc,age       ] GC(17) - age   6:     203152 bytes,    8613096 total
[2020-09-11T11:44:45.183+0000][1][gc,heap      ] GC(17) ParNew: 69642K->8512K(76672K)
[2020-09-11T11:44:45.183+0000][1][gc,heap      ] GC(17) CMS: 15894K->16432K(439104K)
[2020-09-11T11:44:45.183+0000][1][gc,metaspace ] GC(17) Metaspace: 29625K->29625K(1077248K)
[2020-09-11T11:44:45.183+0000][1][gc           ] GC(17) Pause Young (Allocation Failure) 83M->24M(503M) 121.463ms
[2020-09-11T11:44:45.183+0000][1][gc,cpu       ] GC(17) User=0.03s Sys=0.00s Real=0.12s
[2020-09-11T11:44:45.218+0000][1][safepoint    ] Safepoint "GenCollectForAllocation", Time since last: 737568821 ns, Reaching safepoint: 109495 ns, At safepoint: 156389390 ns, Total: 156498885 ns
[2020-09-11T11:44:46.244+0000][1][safepoint    ] Safepoint "Cleanup", Time since last: 1025879386 ns, Reaching safepoint: 594823 ns, At safepoint: 6411 ns, Total: 601234 ns
[2020-09-11T11:44:46.528+0000][1][safepoint    ] Safepoint "RevokeBias", Time since last: 283587667 ns, Reaching safepoint: 105140 ns, At safepoint: 29129 ns, Total: 134269 ns
[2020-09-11T11:44:47.537+0000][1][safepoint    ] Safepoint "Cleanup", Time since last: 1009328768 ns, Reaching safepoint: 183968 ns, At safepoint: 7009 ns, Total: 190977 ns
[2020-09-11T11:44:48.539+0000][1][safepoint    ] Safepoint "Cleanup", Time since last: 1001485463 ns, Reaching safepoint: 135125 ns, At safepoint: 6621 ns, Total: 141746 ns
[2020-09-11T11:44:50.567+0000][1][safepoint    ] Safepoint "Cleanup", Time since last: 2014593359 ns, Reaching safepoint: 13932699 ns, At safepoint: 13822 ns, Total: 13946521 ns
[2020-09-11T11:44:50.938+0000][1][gc,start     ] GC(18) Pause Young (Allocation Failure)
[2020-09-11T11:44:50.938+0000][1][gc,task      ] GC(18) Using 1 workers of 1 for evacuation
[2020-09-11T11:44:51.336+0000][1][gc,age       ] GC(18) Desired survivor size 4358144 bytes, new threshold 1 (max threshold 6)
[2020-09-11T11:44:51.336+0000][1][gc,age       ] GC(18) Age table with threshold 1 (max threshold 6)
[2020-09-11T11:44:51.336+0000][1][gc,age       ] GC(18) - age   1:    8716192 bytes,    8716192 total
[2020-09-11T11:44:51.336+0000][1][gc,heap      ] GC(18) ParNew: 76672K->8512K(76672K)
[2020-09-11T11:44:51.336+0000][1][gc,heap      ] GC(18) CMS: 16432K->25567K(439104K)
[2020-09-11T11:44:51.336+0000][1][gc,metaspace ] GC(18) Metaspace: 29822K->29822K(1077248K)
[2020-09-11T11:44:51.336+0000][1][gc           ] GC(18) Pause Young (Allocation Failure) 90M->33M(503M) 398.032ms
[2020-09-11T11:44:51.336+0000][1][gc,cpu       ] GC(18) User=0.10s Sys=0.00s Real=0.40s
[2020-09-11T11:44:51.337+0000][1][safepoint    ] Safepoint "GenCollectForAllocation", Time since last: 370068538 ns, Reaching safepoint: 103193 ns, At safepoint: 399572329 ns, Total: 399675522 ns
[2020-09-11T11:44:52.379+0000][1][safepoint    ] Safepoint "Cleanup", Time since last: 1029334674 ns, Reaching safepoint: 12916381 ns, At safepoint: 14477 ns, Total: 12930858 ns
[2020-09-11T11:44:53.407+0000][1][safepoint    ] Safepoint "Cleanup", Time since last: 1015941095 ns, Reaching safepoint: 11754314 ns, At safepoint: 12752 ns, Total: 11767066 ns
[2020-09-11T11:44:55.415+0000][1][safepoint    ] Safepoint "Cleanup", Time since last: 2004249178 ns, Reaching safepoint: 3976148 ns, At safepoint: 10405 ns, Total: 3986553 ns
[2020-09-11T11:44:56.387+0000][1][gc,start     ] GC(19) Pause Young (Allocation Failure)
[2020-09-11T11:44:56.387+0000][1][gc,task      ] GC(19) Using 1 workers of 1 for evacuation
[2020-09-11T11:44:56.545+0000][1][gc,age       ] GC(19) Desired survivor size 4358144 bytes, new threshold 1 (max threshold 6)
[2020-09-11T11:44:56.545+0000][1][gc,age       ] GC(19) Age table with threshold 1 (max threshold 6)
[2020-09-11T11:44:56.545+0000][1][gc,age       ] GC(19) - age   1:    8715856 bytes,    8715856 total
[2020-09-11T11:44:56.545+0000][1][gc,heap      ] GC(19) ParNew: 76672K->8512K(76672K)
[2020-09-11T11:44:56.545+0000][1][gc,heap      ] GC(19) CMS: 25567K->33570K(439104K)
[2020-09-11T11:44:56.545+0000][1][gc,metaspace ] GC(19) Metaspace: 29850K->29850K(1077248K)
[2020-09-11T11:44:56.545+0000][1][gc           ] GC(19) Pause Young (Allocation Failure) 99M->41M(503M) 158.459ms
[2020-09-11T11:44:56.545+0000][1][gc,cpu       ] GC(19) User=0.04s Sys=0.00s Real=0.16s
[2020-09-11T11:44:56.567+0000][1][safepoint    ] Safepoint "GenCollectForAllocation", Time since last: 971486618 ns, Reaching safepoint: 104490 ns, At safepoint: 180450121 ns, Total: 180554611 ns
[2020-09-11T11:44:58.111+0000][1][safepoint    ] Safepoint "Cleanup", Time since last: 1540002869 ns, Reaching safepoint: 4013997 ns, At safepoint: 9419 ns, Total: 4023416 ns
[2020-09-11T11:44:59.374+0000][1][safepoint    ] Safepoint "Cleanup", Time since last: 1262122705 ns, Reaching safepoint: 141545 ns, At safepoint: 6217 ns, Total: 147762 ns
[2020-09-11T11:44:59.898+0000][1][safepoint    ] Safepoint "RevokeBias", Time since last: 524282293 ns, Reaching safepoint: 117304 ns, At safepoint: 39898 ns, Total: 157202 ns
[2020-09-11T11:45:00.904+0000][1][safepoint    ] Safepoint "Cleanup", Time since last: 1005239210 ns, Reaching safepoint: 105000 ns, At safepoint: 5774 ns, Total: 110774 ns
[2020-09-11T11:45:01.032+0000][1][gc,start     ] GC(20) Pause Young (Allocation Failure)
[2020-09-11T11:45:01.032+0000][1][gc,task      ] GC(20) Using 1 workers of 1 for evacuation
[2020-09-11T11:45:01.254+0000][1][gc,age       ] GC(20) Desired survivor size 4358144 bytes, new threshold 6 (max threshold 6)
[2020-09-11T11:45:01.254+0000][1][gc,age       ] GC(20) Age table with threshold 6 (max threshold 6)
[2020-09-11T11:45:01.254+0000][1][gc,age       ] GC(20) - age   1:    3712888 bytes,    3712888 total
[2020-09-11T11:45:01.254+0000][1][gc,heap      ] GC(20) ParNew: 76672K->8396K(76672K)
[2020-09-11T11:45:01.254+0000][1][gc,heap      ] GC(20) CMS: 33570K->42013K(439104K)
[2020-09-11T11:45:01.254+0000][1][gc,metaspace ] GC(20) Metaspace: 32062K->32062K(1079296K)
[2020-09-11T11:45:01.254+0000][1][gc           ] GC(20) Pause Young (Allocation Failure) 107M->49M(503M) 222.154ms
[2020-09-11T11:45:01.254+0000][1][gc,cpu       ] GC(20) User=0.05s Sys=0.00s Real=0.22s
[2020-09-11T11:45:01.279+0000][1][safepoint    ] Safepoint "GenCollectForAllocation", Time since last: 127883830 ns, Reaching safepoint: 105033 ns, At safepoint: 247907885 ns, Total: 248012918 ns
[2020-09-11T11:45:01.964+0000][1][safepoint    ] Safepoint "Deoptimize", Time since last: 682277273 ns, Reaching safepoint: 1734577 ns, At safepoint: 266788 ns, Total: 2001365 ns
[2020-09-11T11:45:02.964+0000][1][safepoint    ] Safepoint "Cleanup", Time since last: 1000108574 ns, Reaching safepoint: 203486 ns, At safepoint: 5093 ns, Total: 208579 ns
[2020-09-11T11:45:03.980+0000][1][safepoint    ] Safepoint "Cleanup", Time since last: 1015392221 ns, Reaching safepoint: 622564 ns, At safepoint: 7276 ns, Total: 629840 ns
[2020-09-11T11:45:05.000+0000][1][safepoint    ] Safepoint "Deoptimize", Time since last: 1019394153 ns, Reaching safepoint: 116567 ns, At safepoint: 283504 ns, Total: 400071 ns
[2020-09-11T11:45:06.006+0000][1][safepoint    ] Safepoint "Cleanup", Time since last: 1006395366 ns, Reaching safepoint: 125320 ns, At safepoint: 6877 ns, Total: 132197 ns
[2020-09-11T11:45:06.222+0000][1][gc,start     ] GC(21) Pause Young (Allocation Failure)
[2020-09-11T11:45:06.222+0000][1][gc,task      ] GC(21) Using 1 workers of 1 for evacuation
[2020-09-11T11:45:06.281+0000][1][gc,age       ] GC(21) Desired survivor size 4358144 bytes, new threshold 2 (max threshold 6)
[2020-09-11T11:45:06.281+0000][1][gc,age       ] GC(21) Age table with threshold 2 (max threshold 6)
[2020-09-11T11:45:06.281+0000][1][gc,age       ] GC(21) - age   1:     987016 bytes,     987016 total
[2020-09-11T11:45:06.281+0000][1][gc,age       ] GC(21) - age   2:    3619392 bytes,    4606408 total
[2020-09-11T11:45:06.281+0000][1][gc,heap      ] GC(21) ParNew: 76556K->6917K(76672K)
[2020-09-11T11:45:06.281+0000][1][gc,heap      ] GC(21) CMS: 42013K->42013K(439104K)
[2020-09-11T11:45:06.281+0000][1][gc,metaspace ] GC(21) Metaspace: 32362K->32362K(1079296K)
[2020-09-11T11:45:06.281+0000][1][gc           ] GC(21) Pause Young (Allocation Failure) 115M->47M(503M) 59.053ms
[2020-09-11T11:45:06.281+0000][1][gc,cpu       ] GC(21) User=0.01s Sys=0.00s Real=0.06s
[2020-09-11T11:45:06.301+0000][1][safepoint    ] Safepoint "GenCollectForAllocation", Time since last: 215143172 ns, Reaching safepoint: 98122 ns, At safepoint: 79407754 ns, Total: 79505876 ns
[2020-09-11T11:45:07.331+0000][1][safepoint    ] Safepoint "Cleanup", Time since last: 1029329137 ns, Reaching safepoint: 383704 ns, At safepoint: 6321 ns, Total: 390025 ns
[2020-09-11T11:45:07.474+0000][1][gc,start     ] GC(22) Pause Young (Allocation Failure)
[2020-09-11T11:45:07.474+0000][1][gc,task      ] GC(22) Using 1 workers of 1 for evacuation
[2020-09-11T11:45:07.574+0000][1][gc,age       ] GC(22) Desired survivor size 4358144 bytes, new threshold 6 (max threshold 6)
[2020-09-11T11:45:07.574+0000][1][gc,age       ] GC(22) Age table with threshold 6 (max threshold 6)
[2020-09-11T11:45:07.574+0000][1][gc,age       ] GC(22) - age   1:     250024 bytes,     250024 total
[2020-09-11T11:45:07.574+0000][1][gc,age       ] GC(22) - age   2:     440184 bytes,     690208 total
[2020-09-11T11:45:07.574+0000][1][gc,heap      ] GC(22) ParNew: 75077K->4238K(76672K)
[2020-09-11T11:45:07.574+0000][1][gc,heap      ] GC(22) CMS: 42013K->45564K(439104K)
[2020-09-11T11:45:07.574+0000][1][gc,metaspace ] GC(22) Metaspace: 32376K->32376K(1079296K)
[2020-09-11T11:45:07.574+0000][1][gc           ] GC(22) Pause Young (Allocation Failure) 114M->48M(503M) 99.460ms
[2020-09-11T11:45:07.574+0000][1][gc,cpu       ] GC(22) User=0.02s Sys=0.00s Real=0.10s
[2020-09-11T11:45:07.574+0000][1][safepoint    ] Safepoint "GenCollectForAllocation", Time since last: 143364093 ns, Reaching safepoint: 100688 ns, At safepoint: 99517545 ns, Total: 99618233 ns
[2020-09-11T11:45:08.317+0000][1][gc,start     ] GC(23) Pause Young (Allocation Failure)
[2020-09-11T11:45:08.317+0000][1][gc,task      ] GC(23) Using 1 workers of 1 for evacuation
[2020-09-11T11:45:08.319+0000][1][gc,age       ] GC(23) Desired survivor size 4358144 bytes, new threshold 6 (max threshold 6)
[2020-09-11T11:45:08.319+0000][1][gc,age       ] GC(23) Age table with threshold 6 (max threshold 6)
[2020-09-11T11:45:08.319+0000][1][gc,age       ] GC(23) - age   1:        240 bytes,        240 total
[2020-09-11T11:45:08.319+0000][1][gc,age       ] GC(23) - age   2:     249872 bytes,     250112 total
[2020-09-11T11:45:08.319+0000][1][gc,age       ] GC(23) - age   3:     440184 bytes,     690296 total
[2020-09-11T11:45:08.319+0000][1][gc,heap      ] GC(23) ParNew: 72398K->1186K(76672K)
[2020-09-11T11:45:08.319+0000][1][gc,heap      ] GC(23) CMS: 45564K->45564K(439104K)
[2020-09-11T11:45:08.319+0000][1][gc,metaspace ] GC(23) Metaspace: 32377K->32377K(1079296K)
[2020-09-11T11:45:08.319+0000][1][gc           ] GC(23) Pause Young (Allocation Failure) 115M->45M(503M) 2.623ms
[2020-09-11T11:45:08.319+0000][1][gc,cpu       ] GC(23) User=0.00s Sys=0.00s Real=0.00s
[2020-09-11T11:45:08.331+0000][1][safepoint    ] Safepoint "GenCollectForAllocation", Time since last: 742781581 ns, Reaching safepoint: 98484 ns, At safepoint: 14837544 ns, Total: 14936028 ns
[2020-09-11T11:45:08.931+0000][1][gc,start     ] GC(24) Pause Young (Allocation Failure)
[2020-09-11T11:45:08.932+0000][1][gc,task      ] GC(24) Using 1 workers of 1 for evacuation
[2020-09-11T11:45:08.934+0000][1][gc,age       ] GC(24) Desired survivor size 4358144 bytes, new threshold 6 (max threshold 6)
[2020-09-11T11:45:08.935+0000][1][gc,age       ] GC(24) Age table with threshold 6 (max threshold 6)
[2020-09-11T11:45:08.935+0000][1][gc,age       ] GC(24) - age   1:        224 bytes,        224 total
[2020-09-11T11:45:08.935+0000][1][gc,age       ] GC(24) - age   3:     249872 bytes,     250096 total
[2020-09-11T11:45:08.935+0000][1][gc,age       ] GC(24) - age   4:     440184 bytes,     690280 total
[2020-09-11T11:45:08.935+0000][1][gc,heap      ] GC(24) ParNew: 69346K->1098K(76672K)
[2020-09-11T11:45:08.935+0000][1][gc,heap      ] GC(24) CMS: 45564K->45564K(439104K)
[2020-09-11T11:45:08.935+0000][1][gc,metaspace ] GC(24) Metaspace: 32379K->32379K(1079296K)
[2020-09-11T11:45:08.935+0000][1][gc           ] GC(24) Pause Young (Allocation Failure) 112M->45M(503M) 3.124ms
[2020-09-11T11:45:08.935+0000][1][gc,cpu       ] GC(24) User=0.01s Sys=0.00s Real=0.00s
[2020-09-11T11:45:08.943+0000][1][safepoint    ] Safepoint "GenCollectForAllocation", Time since last: 598009454 ns, Reaching safepoint: 1998299 ns, At safepoint: 11967758 ns, Total: 13966057 ns
[2020-09-11T11:45:09.404+0000][1][gc,start     ] GC(25) Pause Young (Allocation Failure)
[2020-09-11T11:45:09.404+0000][1][gc,task      ] GC(25) Using 1 workers of 1 for evacuation
[2020-09-11T11:45:09.406+0000][1][gc,age       ] GC(25) Desired survivor size 4358144 bytes, new threshold 6 (max threshold 6)
[2020-09-11T11:45:09.406+0000][1][gc,age       ] GC(25) Age table with threshold 6 (max threshold 6)
[2020-09-11T11:45:09.406+0000][1][gc,age       ] GC(25) - age   1:        208 bytes,        208 total
[2020-09-11T11:45:09.406+0000][1][gc,age       ] GC(25) - age   4:     249872 bytes,     250080 total
[2020-09-11T11:45:09.406+0000][1][gc,age       ] GC(25) - age   5:     440184 bytes,     690264 total
[2020-09-11T11:45:09.406+0000][1][gc,heap      ] GC(25) ParNew: 69258K->1285K(76672K)
[2020-09-11T11:45:09.406+0000][1][gc,heap      ] GC(25) CMS: 45564K->45564K(439104K)
[2020-09-11T11:45:09.406+0000][1][gc,metaspace ] GC(25) Metaspace: 32379K->32379K(1079296K)
[2020-09-11T11:45:09.407+0000][1][gc           ] GC(25) Pause Young (Allocation Failure) 112M->45M(503M) 2.711ms
[2020-09-11T11:45:09.407+0000][1][gc,cpu       ] GC(25) User=0.00s Sys=0.00s Real=0.00s
[2020-09-11T11:45:09.415+0000][1][safepoint    ] Safepoint "GenCollectForAllocation", Time since last: 460267500 ns, Reaching safepoint: 105230 ns, At safepoint: 11665923 ns, Total: 11771153 ns
[2020-09-11T11:45:09.873+0000][1][gc,start     ] GC(26) Pause Young (Allocation Failure)
[2020-09-11T11:45:09.873+0000][1][gc,task      ] GC(26) Using 1 workers of 1 for evacuation
[2020-09-11T11:45:09.875+0000][1][gc,age       ] GC(26) Desired survivor size 4358144 bytes, new threshold 6 (max threshold 6)
[2020-09-11T11:45:09.875+0000][1][gc,age       ] GC(26) Age table with threshold 6 (max threshold 6)
[2020-09-11T11:45:09.875+0000][1][gc,age       ] GC(26) - age   1:        248 bytes,        248 total
[2020-09-11T11:45:09.875+0000][1][gc,age       ] GC(26) - age   5:     249872 bytes,     250120 total
[2020-09-11T11:45:09.875+0000][1][gc,age       ] GC(26) - age   6:     440184 bytes,     690304 total
[2020-09-11T11:45:09.875+0000][1][gc,heap      ] GC(26) ParNew: 69445K->827K(76672K)
[2020-09-11T11:45:09.875+0000][1][gc,heap      ] GC(26) CMS: 45564K->45564K(439104K)
[2020-09-11T11:45:09.875+0000][1][gc,metaspace ] GC(26) Metaspace: 32379K->32379K(1079296K)
[2020-09-11T11:45:09.875+0000][1][gc           ] GC(26) Pause Young (Allocation Failure) 112M->45M(503M) 2.630ms
[2020-09-11T11:45:09.875+0000][1][gc,cpu       ] GC(26) User=0.00s Sys=0.00s Real=0.00s
[2020-09-11T11:45:09.887+0000][1][safepoint    ] Safepoint "GenCollectForAllocation", Time since last: 456953302 ns, Reaching safepoint: 97818 ns, At safepoint: 14923994 ns, Total: 15021812 ns
[2020-09-11T11:45:10.330+0000][1][gc,start     ] GC(27) Pause Young (Allocation Failure)
[2020-09-11T11:45:10.330+0000][1][gc,task      ] GC(27) Using 1 workers of 1 for evacuation
[2020-09-11T11:45:10.345+0000][1][gc,age       ] GC(27) Desired survivor size 4358144 bytes, new threshold 6 (max threshold 6)
[2020-09-11T11:45:10.345+0000][1][gc,age       ] GC(27) Age table with threshold 6 (max threshold 6)
[2020-09-11T11:45:10.345+0000][1][gc,age       ] GC(27) - age   1:        192 bytes,        192 total
[2020-09-11T11:45:10.345+0000][1][gc,age       ] GC(27) - age   6:     249872 bytes,     250064 total
[2020-09-11T11:45:10.345+0000][1][gc,heap      ] GC(27) ParNew: 68987K->608K(76672K)
[2020-09-11T11:45:10.345+0000][1][gc,heap      ] GC(27) CMS: 45564K->45995K(439104K)
[2020-09-11T11:45:10.345+0000][1][gc,metaspace ] GC(27) Metaspace: 32379K->32379K(1079296K)
[2020-09-11T11:45:10.345+0000][1][gc           ] GC(27) Pause Young (Allocation Failure) 111M->45M(503M) 15.237ms
[2020-09-11T11:45:10.345+0000][1][gc,cpu       ] GC(27) User=0.01s Sys=0.00s Real=0.02s
[2020-09-11T11:45:10.359+0000][1][safepoint    ] Safepoint "GenCollectForAllocation", Time since last: 442088096 ns, Reaching safepoint: 105001 ns, At safepoint: 29809846 ns, Total: 29914847 ns
[2020-09-11T11:45:10.844+0000][1][gc,start     ] GC(28) Pause Young (Allocation Failure)
[2020-09-11T11:45:10.844+0000][1][gc,task      ] GC(28) Using 1 workers of 1 for evacuation
[2020-09-11T11:45:10.849+0000][1][gc,age       ] GC(28) Desired survivor size 4358144 bytes, new threshold 6 (max threshold 6)
[2020-09-11T11:45:10.849+0000][1][gc,age       ] GC(28) Age table with threshold 6 (max threshold 6)
[2020-09-11T11:45:10.849+0000][1][gc,age       ] GC(28) - age   1:         96 bytes,         96 total
[2020-09-11T11:45:10.849+0000][1][gc,heap      ] GC(28) ParNew: 68768K->243K(76672K)
[2020-09-11T11:45:10.849+0000][1][gc,heap      ] GC(28) CMS: 45995K->46239K(439104K)
[2020-09-11T11:45:10.849+0000][1][gc,metaspace ] GC(28) Metaspace: 32379K->32379K(1079296K)
[2020-09-11T11:45:10.850+0000][1][gc           ] GC(28) Pause Young (Allocation Failure) 112M->45M(503M) 5.955ms
[2020-09-11T11:45:10.850+0000][1][gc,cpu       ] GC(28) User=0.00s Sys=0.00s Real=0.00s
[2020-09-11T11:45:10.850+0000][1][safepoint    ] Safepoint "GenCollectForAllocation", Time since last: 484020918 ns, Reaching safepoint: 103691 ns, At safepoint: 6012507 ns, Total: 6116198 ns
[2020-09-11T11:45:11.260+0000][1][gc,start     ] GC(29) Pause Young (Allocation Failure)
[2020-09-11T11:45:11.260+0000][1][gc,task      ] GC(29) Using 1 workers of 1 for evacuation
[2020-09-11T11:45:11.262+0000][1][gc,age       ] GC(29) Desired survivor size 4358144 bytes, new threshold 6 (max threshold 6)
[2020-09-11T11:45:11.262+0000][1][gc,age       ] GC(29) Age table with threshold 6 (max threshold 6)
[2020-09-11T11:45:11.262+0000][1][gc,age       ] GC(29) - age   1:         80 bytes,         80 total
[2020-09-11T11:45:11.262+0000][1][gc,age       ] GC(29) - age   2:         72 bytes,        152 total
[2020-09-11T11:45:11.262+0000][1][gc,heap      ] GC(29) ParNew: 68403K->60K(76672K)
[2020-09-11T11:45:11.262+0000][1][gc,heap      ] GC(29) CMS: 46239K->46239K(439104K)
[2020-09-11T11:45:11.262+0000][1][gc,metaspace ] GC(29) Metaspace: 32379K->32379K(1079296K)
[2020-09-11T11:45:11.262+0000][1][gc           ] GC(29) Pause Young (Allocation Failure) 111M->45M(503M) 2.599ms
[2020-09-11T11:45:11.262+0000][1][gc,cpu       ] GC(29) User=0.00s Sys=0.00s Real=0.00s
[2020-09-11T11:45:11.275+0000][1][safepoint    ] Safepoint "GenCollectForAllocation", Time since last: 409858368 ns, Reaching safepoint: 98396 ns, At safepoint: 15925634 ns, Total: 16024030 ns
[2020-09-11T11:45:11.683+0000][1][gc,start     ] GC(30) Pause Young (Allocation Failure)
[2020-09-11T11:45:11.683+0000][1][gc,task      ] GC(30) Using 1 workers of 1 for evacuation
[2020-09-11T11:45:11.690+0000][1][gc,age       ] GC(30) Desired survivor size 4358144 bytes, new threshold 6 (max threshold 6)
[2020-09-11T11:45:11.690+0000][1][gc,age       ] GC(30) Age table with threshold 6 (max threshold 6)
[2020-09-11T11:45:11.690+0000][1][gc,age       ] GC(30) - age   1:        208 bytes,        208 total
[2020-09-11T11:45:11.690+0000][1][gc,age       ] GC(30) - age   3:         72 bytes,        280 total
[2020-09-11T11:45:11.690+0000][1][gc,heap      ] GC(30) ParNew: 68220K->15K(76672K)
[2020-09-11T11:45:11.690+0000][1][gc,heap      ] GC(30) CMS: 46239K->46239K(439104K)
[2020-09-11T11:45:11.690+0000][1][gc,metaspace ] GC(30) Metaspace: 32379K->32379K(1079296K)
[2020-09-11T11:45:11.690+0000][1][gc           ] GC(30) Pause Young (Allocation Failure) 111M->45M(503M) 6.753ms
[2020-09-11T11:45:11.690+0000][1][gc,cpu       ] GC(30) User=0.00s Sys=0.00s Real=0.01s
[2020-09-11T11:45:11.690+0000][1][safepoint    ] Safepoint "GenCollectForAllocation", Time since last: 407481084 ns, Reaching safepoint: 101683 ns, At safepoint: 6816169 ns, Total: 6917852 ns
[2020-09-11T11:45:12.096+0000][1][gc,start     ] GC(31) Pause Young (Allocation Failure)
[2020-09-11T11:45:12.096+0000][1][gc,task      ] GC(31) Using 1 workers of 1 for evacuation
[2020-09-11T11:45:12.105+0000][1][gc,age       ] GC(31) Desired survivor size 4358144 bytes, new threshold 6 (max threshold 6)
[2020-09-11T11:45:12.105+0000][1][gc,age       ] GC(31) Age table with threshold 6 (max threshold 6)
[2020-09-11T11:45:12.105+0000][1][gc,age       ] GC(31) - age   1:        200 bytes,        200 total
[2020-09-11T11:45:12.105+0000][1][gc,age       ] GC(31) - age   4:         72 bytes,        272 total
[2020-09-11T11:45:12.105+0000][1][gc,heap      ] GC(31) ParNew: 68175K->3K(76672K)
[2020-09-11T11:45:12.105+0000][1][gc,heap      ] GC(31) CMS: 46239K->46239K(439104K)
[2020-09-11T11:45:12.105+0000][1][gc,metaspace ] GC(31) Metaspace: 32379K->32379K(1079296K)
[2020-09-11T11:45:12.105+0000][1][gc           ] GC(31) Pause Young (Allocation Failure) 111M->45M(503M) 8.566ms
[2020-09-11T11:45:12.105+0000][1][gc,cpu       ] GC(31) User=0.00s Sys=0.00s Real=0.01s
[2020-09-11T11:45:12.105+0000][1][safepoint    ] Safepoint "GenCollectForAllocation", Time since last: 406269758 ns, Reaching safepoint: 98921 ns, At safepoint: 8628092 ns, Total: 8727013 ns
[2020-09-11T11:45:12.517+0000][1][gc,start     ] GC(32) Pause Young (Allocation Failure)
[2020-09-11T11:45:12.517+0000][1][gc,task      ] GC(32) Using 1 workers of 1 for evacuation
[2020-09-11T11:45:12.521+0000][1][gc,age       ] GC(32) Desired survivor size 4358144 bytes, new threshold 6 (max threshold 6)
[2020-09-11T11:45:12.521+0000][1][gc,age       ] GC(32) Age table with threshold 6 (max threshold 6)
[2020-09-11T11:45:12.521+0000][1][gc,age       ] GC(32) - age   1:        152 bytes,        152 total
[2020-09-11T11:45:12.521+0000][1][gc,age       ] GC(32) - age   5:         72 bytes,        224 total
[2020-09-11T11:45:12.522+0000][1][gc,heap      ] GC(32) ParNew: 68163K->2K(76672K)
[2020-09-11T11:45:12.522+0000][1][gc,heap      ] GC(32) CMS: 46239K->46239K(439104K)
[2020-09-11T11:45:12.522+0000][1][gc,metaspace ] GC(32) Metaspace: 32379K->32379K(1079296K)
[2020-09-11T11:45:12.522+0000][1][gc           ] GC(32) Pause Young (Allocation Failure) 111M->45M(503M) 4.320ms
[2020-09-11T11:45:12.522+0000][1][gc,cpu       ] GC(32) User=0.00s Sys=0.00s Real=0.00s
[2020-09-11T11:45:12.523+0000][1][safepoint    ] Safepoint "GenCollectForAllocation", Time since last: 412269626 ns, Reaching safepoint: 100994 ns, At safepoint: 6229552 ns, Total: 6330546 ns
[2020-09-11T11:45:12.951+0000][1][gc,start     ] GC(33) Pause Young (Allocation Failure)
[2020-09-11T11:45:12.952+0000][1][gc,task      ] GC(33) Using 1 workers of 1 for evacuation
[2020-09-11T11:45:12.954+0000][1][gc,age       ] GC(33) Desired survivor size 4358144 bytes, new threshold 6 (max threshold 6)
[2020-09-11T11:45:12.954+0000][1][gc,age       ] GC(33) Age table with threshold 6 (max threshold 6)
[2020-09-11T11:45:12.954+0000][1][gc,age       ] GC(33) - age   1:        232 bytes,        232 total
[2020-09-11T11:45:12.954+0000][1][gc,age       ] GC(33) - age   6:         72 bytes,        304 total
[2020-09-11T11:45:12.954+0000][1][gc,heap      ] GC(33) ParNew: 68162K->2K(76672K)
[2020-09-11T11:45:12.954+0000][1][gc,heap      ] GC(33) CMS: 46239K->46239K(439104K)
[2020-09-11T11:45:12.954+0000][1][gc,metaspace ] GC(33) Metaspace: 32379K->32379K(1079296K)
[2020-09-11T11:45:12.954+0000][1][gc           ] GC(33) Pause Young (Allocation Failure) 111M->45M(503M) 2.625ms
[2020-09-11T11:45:12.954+0000][1][gc,cpu       ] GC(33) User=0.00s Sys=0.00s Real=0.00s
[2020-09-11T11:45:12.955+0000][1][safepoint    ] Safepoint "GenCollectForAllocation", Time since last: 420503167 ns, Reaching safepoint: 7528892 ns, At safepoint: 3966076 ns, Total: 11494968 ns
[2020-09-11T11:45:13.936+0000][1][safepoint    ] Safepoint "RevokeBias", Time since last: 968870889 ns, Reaching safepoint: 11193946 ns, At safepoint: 49913 ns, Total: 11243859 ns
[2020-09-11T11:45:13.936+0000][1][safepoint    ] Safepoint "RevokeBias", Time since last: 83385 ns, Reaching safepoint: 86946 ns, At safepoint: 34868 ns, Total: 121814 ns
[2020-09-11T11:45:13.936+0000][1][safepoint    ] Safepoint "RevokeBias", Time since last: 245710 ns, Reaching safepoint: 85250 ns, At safepoint: 35989 ns, Total: 121239 ns
[2020-09-11T11:45:14.936+0000][1][safepoint    ] Safepoint "Cleanup", Time since last: 1000081342 ns, Reaching safepoint: 104050 ns, At safepoint: 5782 ns, Total: 109832 ns
[2020-09-11T11:45:16.948+0000][1][safepoint    ] Safepoint "Cleanup", Time since last: 2007107647 ns, Reaching safepoint: 4058851 ns, At safepoint: 10075 ns, Total: 4068926 ns
[2020-09-11T11:45:17.506+0000][1][gc,start     ] GC(34) Pause Young (Allocation Failure)
[2020-09-11T11:45:17.506+0000][1][gc,task      ] GC(34) Using 1 workers of 1 for evacuation
[2020-09-11T11:45:17.517+0000][1][gc,age       ] GC(34) Desired survivor size 4358144 bytes, new threshold 6 (max threshold 6)
[2020-09-11T11:45:17.517+0000][1][gc,age       ] GC(34) Age table with threshold 6 (max threshold 6)
[2020-09-11T11:45:17.517+0000][1][gc,age       ] GC(34) - age   1:     276384 bytes,     276384 total
[2020-09-11T11:45:17.517+0000][1][gc,heap      ] GC(34) ParNew: 68162K->271K(76672K)
[2020-09-11T11:45:17.517+0000][1][gc,heap      ] GC(34) CMS: 46239K->46239K(439104K)
[2020-09-11T11:45:17.517+0000][1][gc,metaspace ] GC(34) Metaspace: 32401K->32401K(1079296K)
[2020-09-11T11:45:17.517+0000][1][gc           ] GC(34) Pause Young (Allocation Failure) 111M->45M(503M) 11.259ms
[2020-09-11T11:45:17.517+0000][1][gc,cpu       ] GC(34) User=0.01s Sys=0.00s Real=0.01s
[2020-09-11T11:45:17.539+0000][1][safepoint    ] Safepoint "GenCollectForAllocation", Time since last: 558538683 ns, Reaching safepoint: 101656 ns, At safepoint: 33302102 ns, Total: 33403758 ns
[2020-09-11T11:45:18.579+0000][1][safepoint    ] Safepoint "Cleanup", Time since last: 1019975130 ns, Reaching safepoint: 20047189 ns, At safepoint: 14882 ns, Total: 20062071 ns
[2020-09-11T11:45:18.840+0000][1][gc,start     ] GC(35) Pause Young (Allocation Failure)
[2020-09-11T11:45:18.840+0000][1][gc,task      ] GC(35) Using 1 workers of 1 for evacuation
[2020-09-11T11:45:18.848+0000][1][gc,age       ] GC(35) Desired survivor size 4358144 bytes, new threshold 6 (max threshold 6)
[2020-09-11T11:45:18.849+0000][1][gc,age       ] GC(35) Age table with threshold 6 (max threshold 6)
[2020-09-11T11:45:18.849+0000][1][gc,age       ] GC(35) - age   1:     512152 bytes,     512152 total
[2020-09-11T11:45:18.849+0000][1][gc,age       ] GC(35) - age   2:     183264 bytes,     695416 total
[2020-09-11T11:45:18.849+0000][1][gc,heap      ] GC(35) ParNew: 68431K->680K(76672K)
[2020-09-11T11:45:18.849+0000][1][gc,heap      ] GC(35) CMS: 46239K->46239K(439104K)
[2020-09-11T11:45:18.849+0000][1][gc,metaspace ] GC(35) Metaspace: 32401K->32401K(1079296K)
[2020-09-11T11:45:18.849+0000][1][gc           ] GC(35) Pause Young (Allocation Failure) 111M->45M(503M) 9.049ms
[2020-09-11T11:45:18.849+0000][1][gc,cpu       ] GC(35) User=0.00s Sys=0.00s Real=0.01s
[2020-09-11T11:45:18.871+0000][1][safepoint    ] Safepoint "GenCollectForAllocation", Time since last: 259982734 ns, Reaching safepoint: 104854 ns, At safepoint: 31878092 ns, Total: 31982946 ns
[2020-09-11T11:45:19.899+0000][1][safepoint    ] Safepoint "Cleanup", Time since last: 1023967579 ns, Reaching safepoint: 4060005 ns, At safepoint: 15622 ns, Total: 4075627 ns
[2020-09-11T11:45:20.236+0000][1][gc,start     ] GC(36) Pause Young (Allocation Failure)
[2020-09-11T11:45:20.236+0000][1][gc,task      ] GC(36) Using 1 workers of 1 for evacuation
[2020-09-11T11:45:20.239+0000][1][gc,age       ] GC(36) Desired survivor size 4358144 bytes, new threshold 6 (max threshold 6)
[2020-09-11T11:45:20.239+0000][1][gc,age       ] GC(36) Age table with threshold 6 (max threshold 6)
[2020-09-11T11:45:20.239+0000][1][gc,age       ] GC(36) - age   1:     641992 bytes,     641992 total
[2020-09-11T11:45:20.239+0000][1][gc,age       ] GC(36) - age   2:     339856 bytes,     981848 total
[2020-09-11T11:45:20.239+0000][1][gc,age       ] GC(36) - age   3:     182624 bytes,    1164472 total
[2020-09-11T11:45:20.239+0000][1][gc,heap      ] GC(36) ParNew: 68840K->1138K(76672K)
[2020-09-11T11:45:20.239+0000][1][gc,heap      ] GC(36) CMS: 46239K->46239K(439104K)
[2020-09-11T11:45:20.239+0000][1][gc,metaspace ] GC(36) Metaspace: 32402K->32402K(1079296K)
[2020-09-11T11:45:20.239+0000][1][gc           ] GC(36) Pause Young (Allocation Failure) 112M->46M(503M) 3.006ms
[2020-09-11T11:45:20.239+0000][1][gc,cpu       ] GC(36) User=0.00s Sys=0.00s Real=0.00s
[2020-09-11T11:45:20.267+0000][1][safepoint    ] Safepoint "GenCollectForAllocation", Time since last: 336619702 ns, Reaching safepoint: 99201 ns, At safepoint: 31228970 ns, Total: 31328171 ns
[2020-09-11T11:45:21.562+0000][1][gc,start     ] GC(37) Pause Young (Allocation Failure)
[2020-09-11T11:45:21.562+0000][1][gc,task      ] GC(37) Using 1 workers of 1 for evacuation
[2020-09-11T11:45:21.577+0000][1][gc,age       ] GC(37) Desired survivor size 4358144 bytes, new threshold 6 (max threshold 6)
[2020-09-11T11:45:21.577+0000][1][gc,age       ] GC(37) Age table with threshold 6 (max threshold 6)
[2020-09-11T11:45:21.577+0000][1][gc,age       ] GC(37) - age   1:     621872 bytes,     621872 total
[2020-09-11T11:45:21.577+0000][1][gc,age       ] GC(37) - age   2:     301408 bytes,     923280 total
[2020-09-11T11:45:21.577+0000][1][gc,age       ] GC(37) - age   3:     339672 bytes,    1262952 total
[2020-09-11T11:45:21.577+0000][1][gc,age       ] GC(37) - age   4:     182240 bytes,    1445192 total
[2020-09-11T11:45:21.577+0000][1][gc,heap      ] GC(37) ParNew: 69298K->1438K(76672K)
[2020-09-11T11:45:21.577+0000][1][gc,heap      ] GC(37) CMS: 46239K->46239K(439104K)
[2020-09-11T11:45:21.577+0000][1][gc,metaspace ] GC(37) Metaspace: 32402K->32402K(1079296K)
[2020-09-11T11:45:21.577+0000][1][gc           ] GC(37) Pause Young (Allocation Failure) 112M->46M(503M) 15.360ms
[2020-09-11T11:45:21.577+0000][1][gc,cpu       ] GC(37) User=0.00s Sys=0.00s Real=0.02s
[2020-09-11T11:45:21.591+0000][1][safepoint    ] Safepoint "GenCollectForAllocation", Time since last: 1294083662 ns, Reaching safepoint: 102909 ns, At safepoint: 29800224 ns, Total: 29903133 ns
[2020-09-11T11:45:22.669+0000][1][gc,start     ] GC(38) Pause Young (Allocation Failure)
[2020-09-11T11:45:22.669+0000][1][gc,task      ] GC(38) Using 1 workers of 1 for evacuation
[2020-09-11T11:45:22.685+0000][1][gc,age       ] GC(38) Desired survivor size 4358144 bytes, new threshold 6 (max threshold 6)
[2020-09-11T11:45:22.685+0000][1][gc,age       ] GC(38) Age table with threshold 6 (max threshold 6)
[2020-09-11T11:45:22.685+0000][1][gc,age       ] GC(38) - age   1:     935000 bytes,     935000 total
[2020-09-11T11:45:22.685+0000][1][gc,age       ] GC(38) - age   2:     264672 bytes,    1199672 total
[2020-09-11T11:45:22.685+0000][1][gc,age       ] GC(38) - age   3:     297464 bytes,    1497136 total
[2020-09-11T11:45:22.685+0000][1][gc,age       ] GC(38) - age   4:     339592 bytes,    1836728 total
[2020-09-11T11:45:22.685+0000][1][gc,age       ] GC(38) - age   5:     182136 bytes,    2018864 total
[2020-09-11T11:45:22.685+0000][1][gc,heap      ] GC(38) ParNew: 69598K->2032K(76672K)
[2020-09-11T11:45:22.685+0000][1][gc,heap      ] GC(38) CMS: 46239K->46239K(439104K)
[2020-09-11T11:45:22.685+0000][1][gc,metaspace ] GC(38) Metaspace: 32402K->32402K(1079296K)
[2020-09-11T11:45:22.685+0000][1][gc           ] GC(38) Pause Young (Allocation Failure) 113M->47M(503M) 15.504ms
[2020-09-11T11:45:22.685+0000][1][gc,cpu       ] GC(38) User=0.00s Sys=0.00s Real=0.02s
[2020-09-11T11:45:22.699+0000][1][safepoint    ] Safepoint "GenCollectForAllocation", Time since last: 1077824875 ns, Reaching safepoint: 98044 ns, At safepoint: 30084890 ns, Total: 30182934 ns
[2020-09-11T11:45:23.492+0000][1][gc,start     ] GC(39) Pause Young (Allocation Failure)
[2020-09-11T11:45:23.492+0000][1][gc,task      ] GC(39) Using 1 workers of 1 for evacuation
[2020-09-11T11:45:23.498+0000][1][gc,age       ] GC(39) Desired survivor size 4358144 bytes, new threshold 6 (max threshold 6)
[2020-09-11T11:45:23.498+0000][1][gc,age       ] GC(39) Age table with threshold 6 (max threshold 6)
[2020-09-11T11:45:23.498+0000][1][gc,age       ] GC(39) - age   1:     344136 bytes,     344136 total
[2020-09-11T11:45:23.498+0000][1][gc,age       ] GC(39) - age   2:     922640 bytes,    1266776 total
[2020-09-11T11:45:23.498+0000][1][gc,age       ] GC(39) - age   3:     263464 bytes,    1530240 total
[2020-09-11T11:45:23.498+0000][1][gc,age       ] GC(39) - age   4:     296976 bytes,    1827216 total
[2020-09-11T11:45:23.498+0000][1][gc,age       ] GC(39) - age   5:     339256 bytes,    2166472 total
[2020-09-11T11:45:23.498+0000][1][gc,age       ] GC(39) - age   6:     182096 bytes,    2348568 total
[2020-09-11T11:45:23.498+0000][1][gc,heap      ] GC(39) ParNew: 70192K->2385K(76672K)
[2020-09-11T11:45:23.498+0000][1][gc,heap      ] GC(39) CMS: 46239K->46239K(439104K)
[2020-09-11T11:45:23.498+0000][1][gc,metaspace ] GC(39) Metaspace: 32402K->32402K(1079296K)
[2020-09-11T11:45:23.498+0000][1][gc           ] GC(39) Pause Young (Allocation Failure) 113M->47M(503M) 6.390ms
[2020-09-11T11:45:23.498+0000][1][gc,cpu       ] GC(39) User=0.00s Sys=0.00s Real=0.01s
[2020-09-11T11:45:23.519+0000][1][safepoint    ] Safepoint "GenCollectForAllocation", Time since last: 791986005 ns, Reaching safepoint: 109172 ns, At safepoint: 27911635 ns, Total: 28020807 ns
[2020-09-11T11:45:23.612+0000][1][safepoint    ] Safepoint "RevokeBias", Time since last: 92348753 ns, Reaching safepoint: 110473 ns, At safepoint: 34664 ns, Total: 145137 ns
[2020-09-11T11:45:23.613+0000][1][safepoint    ] Safepoint "RevokeBias", Time since last: 1010326 ns, Reaching safepoint: 14159 ns, At safepoint: 23701 ns, Total: 37860 ns
[2020-09-11T11:45:24.620+0000][1][safepoint    ] Safepoint "Cleanup", Time since last: 1006440589 ns, Reaching safepoint: 121242 ns, At safepoint: 5850 ns, Total: 127092 ns
[2020-09-11T11:45:24.988+0000][1][gc,start     ] GC(40) Pause Young (Allocation Failure)
[2020-09-11T11:45:24.988+0000][1][gc,task      ] GC(40) Using 1 workers of 1 for evacuation
[2020-09-11T11:45:24.991+0000][1][gc,age       ] GC(40) Desired survivor size 4358144 bytes, new threshold 6 (max threshold 6)
[2020-09-11T11:45:24.991+0000][1][gc,age       ] GC(40) Age table with threshold 6 (max threshold 6)
[2020-09-11T11:45:24.991+0000][1][gc,age       ] GC(40) - age   1:     347800 bytes,     347800 total
[2020-09-11T11:45:24.991+0000][1][gc,age       ] GC(40) - age   2:     334464 bytes,     682264 total
[2020-09-11T11:45:24.991+0000][1][gc,age       ] GC(40) - age   3:     922288 bytes,    1604552 total
[2020-09-11T11:45:24.991+0000][1][gc,age       ] GC(40) - age   4:     263232 bytes,    1867784 total
[2020-09-11T11:45:24.991+0000][1][gc,age       ] GC(40) - age   5:     296856 bytes,    2164640 total
[2020-09-11T11:45:24.991+0000][1][gc,age       ] GC(40) - age   6:     339256 bytes,    2503896 total
[2020-09-11T11:45:24.991+0000][1][gc,heap      ] GC(40) ParNew: 70545K->2467K(76672K)
[2020-09-11T11:45:24.991+0000][1][gc,heap      ] GC(40) CMS: 46239K->46414K(439104K)
[2020-09-11T11:45:24.991+0000][1][gc,metaspace ] GC(40) Metaspace: 32404K->32404K(1079296K)
[2020-09-11T11:45:24.991+0000][1][gc           ] GC(40) Pause Young (Allocation Failure) 114M->47M(503M) 3.427ms
[2020-09-11T11:45:24.991+0000][1][gc,cpu       ] GC(40) User=0.00s Sys=0.00s Real=0.00s
[2020-09-11T11:45:25.019+0000][1][safepoint    ] Safepoint "GenCollectForAllocation", Time since last: 367894712 ns, Reaching safepoint: 102432 ns, At safepoint: 31797550 ns, Total: 31899982 ns
[2020-09-11T11:45:25.410+0000][1][gc,start     ] GC(41) Pause Young (Allocation Failure)
[2020-09-11T11:45:25.410+0000][1][gc,task      ] GC(41) Using 1 workers of 1 for evacuation
[2020-09-11T11:45:25.419+0000][1][gc,age       ] GC(41) Desired survivor size 4358144 bytes, new threshold 6 (max threshold 6)
[2020-09-11T11:45:25.419+0000][1][gc,age       ] GC(41) Age table with threshold 6 (max threshold 6)
[2020-09-11T11:45:25.419+0000][1][gc,age       ] GC(41) - age   1:        400 bytes,        400 total
[2020-09-11T11:45:25.419+0000][1][gc,age       ] GC(41) - age   2:     347640 bytes,     348040 total
[2020-09-11T11:45:25.419+0000][1][gc,age       ] GC(41) - age   3:     334464 bytes,     682504 total
[2020-09-11T11:45:25.419+0000][1][gc,age       ] GC(41) - age   4:     922288 bytes,    1604792 total
[2020-09-11T11:45:25.419+0000][1][gc,age       ] GC(41) - age   5:     263232 bytes,    1868024 total
[2020-09-11T11:45:25.419+0000][1][gc,age       ] GC(41) - age   6:     296856 bytes,    2164880 total
[2020-09-11T11:45:25.419+0000][1][gc,heap      ] GC(41) ParNew: 70627K->2129K(76672K)
[2020-09-11T11:45:25.419+0000][1][gc,heap      ] GC(41) CMS: 46414K->46745K(439104K)
[2020-09-11T11:45:25.419+0000][1][gc,metaspace ] GC(41) Metaspace: 32404K->32404K(1079296K)
[2020-09-11T11:45:25.419+0000][1][gc           ] GC(41) Pause Young (Allocation Failure) 114M->47M(503M) 9.368ms
[2020-09-11T11:45:25.419+0000][1][gc,cpu       ] GC(41) User=0.00s Sys=0.00s Real=0.01s
[2020-09-11T11:45:25.423+0000][1][safepoint    ] Safepoint "GenCollectForAllocation", Time since last: 390165303 ns, Reaching safepoint: 109319 ns, At safepoint: 13792271 ns, Total: 13901590 ns
[2020-09-11T11:45:25.752+0000][1][gc,start     ] GC(42) Pause Young (Allocation Failure)
[2020-09-11T11:45:25.752+0000][1][gc,task      ] GC(42) Using 1 workers of 1 for evacuation
[2020-09-11T11:45:25.755+0000][1][gc,age       ] GC(42) Desired survivor size 4358144 bytes, new threshold 6 (max threshold 6)
[2020-09-11T11:45:25.755+0000][1][gc,age       ] GC(42) Age table with threshold 6 (max threshold 6)
[2020-09-11T11:45:25.755+0000][1][gc,age       ] GC(42) - age   1:         88 bytes,         88 total
[2020-09-11T11:45:25.755+0000][1][gc,age       ] GC(42) - age   2:        160 bytes,        248 total
[2020-09-11T11:45:25.755+0000][1][gc,age       ] GC(42) - age   3:     347640 bytes,     347888 total
[2020-09-11T11:45:25.755+0000][1][gc,age       ] GC(42) - age   4:     334464 bytes,     682352 total
[2020-09-11T11:45:25.755+0000][1][gc,age       ] GC(42) - age   5:     922288 bytes,    1604640 total
[2020-09-11T11:45:25.755+0000][1][gc,age       ] GC(42) - age   6:     263232 bytes,    1867872 total
[2020-09-11T11:45:25.755+0000][1][gc,heap      ] GC(42) ParNew: 70289K->2110K(76672K)
[2020-09-11T11:45:25.755+0000][1][gc,heap      ] GC(42) CMS: 46745K->47035K(439104K)
[2020-09-11T11:45:25.755+0000][1][gc,metaspace ] GC(42) Metaspace: 32404K->32404K(1079296K)
[2020-09-11T11:45:25.755+0000][1][gc           ] GC(42) Pause Young (Allocation Failure) 114M->47M(503M) 3.221ms
[2020-09-11T11:45:25.755+0000][1][gc,cpu       ] GC(42) User=0.01s Sys=0.00s Real=0.00s
[2020-09-11T11:45:25.765+0000][1][safepoint    ] Safepoint "GenCollectForAllocation", Time since last: 328022886 ns, Reaching safepoint: 103713 ns, At safepoint: 13628619 ns, Total: 13732332 ns
[2020-09-11T11:45:25.967+0000][1][gc,start     ] GC(43) Pause Young (Allocation Failure)
[2020-09-11T11:45:25.968+0000][1][gc,task      ] GC(43) Using 1 workers of 1 for evacuation
[2020-09-11T11:45:25.970+0000][1][gc,age       ] GC(43) Desired survivor size 4358144 bytes, new threshold 6 (max threshold 6)
[2020-09-11T11:45:25.971+0000][1][gc,age       ] GC(43) Age table with threshold 6 (max threshold 6)
[2020-09-11T11:45:25.971+0000][1][gc,age       ] GC(43) - age   1:         96 bytes,         96 total
[2020-09-11T11:45:25.971+0000][1][gc,age       ] GC(43) - age   3:        160 bytes,        256 total
[2020-09-11T11:45:25.971+0000][1][gc,age       ] GC(43) - age   4:     347640 bytes,     347896 total
[2020-09-11T11:45:25.971+0000][1][gc,age       ] GC(43) - age   5:     334464 bytes,     682360 total
[2020-09-11T11:45:25.971+0000][1][gc,age       ] GC(43) - age   6:     922288 bytes,    1604648 total
[2020-09-11T11:45:25.971+0000][1][gc,heap      ] GC(43) ParNew: 70270K->1655K(76672K)
[2020-09-11T11:45:25.971+0000][1][gc,heap      ] GC(43) CMS: 47035K->47292K(439104K)
[2020-09-11T11:45:25.971+0000][1][gc,metaspace ] GC(43) Metaspace: 32404K->32404K(1079296K)
[2020-09-11T11:45:25.971+0000][1][gc           ] GC(43) Pause Young (Allocation Failure) 114M->47M(503M) 3.158ms
[2020-09-11T11:45:25.971+0000][1][gc,cpu       ] GC(43) User=0.00s Sys=0.00s Real=0.00s
[2020-09-11T11:45:25.971+0000][1][safepoint    ] Safepoint "GenCollectForAllocation", Time since last: 194556733 ns, Reaching safepoint: 7710551 ns, At safepoint: 3226830 ns, Total: 10937381 ns
[2020-09-11T11:45:26.191+0000][1][gc,start     ] GC(44) Pause Young (Allocation Failure)
[2020-09-11T11:45:26.192+0000][1][gc,task      ] GC(44) Using 1 workers of 1 for evacuation
[2020-09-11T11:45:26.194+0000][1][gc,age       ] GC(44) Desired survivor size 4358144 bytes, new threshold 6 (max threshold 6)
[2020-09-11T11:45:26.194+0000][1][gc,age       ] GC(44) Age table with threshold 6 (max threshold 6)
[2020-09-11T11:45:26.194+0000][1][gc,age       ] GC(44) - age   1:        168 bytes,        168 total
[2020-09-11T11:45:26.194+0000][1][gc,age       ] GC(44) - age   4:        160 bytes,        328 total
[2020-09-11T11:45:26.194+0000][1][gc,age       ] GC(44) - age   5:     347640 bytes,     347968 total
[2020-09-11T11:45:26.194+0000][1][gc,age       ] GC(44) - age   6:     334464 bytes,     682432 total
[2020-09-11T11:45:26.194+0000][1][gc,heap      ] GC(44) ParNew: 69815K->917K(76672K)
[2020-09-11T11:45:26.194+0000][1][gc,heap      ] GC(44) CMS: 47292K->48193K(439104K)
[2020-09-11T11:45:26.194+0000][1][gc,metaspace ] GC(44) Metaspace: 32404K->32404K(1079296K)
[2020-09-11T11:45:26.194+0000][1][gc           ] GC(44) Pause Young (Allocation Failure) 114M->47M(503M) 2.918ms
[2020-09-11T11:45:26.194+0000][1][gc,cpu       ] GC(44) User=0.00s Sys=0.00s Real=0.00s
[2020-09-11T11:45:26.194+0000][1][safepoint    ] Safepoint "GenCollectForAllocation", Time since last: 216796479 ns, Reaching safepoint: 3970398 ns, At safepoint: 2979902 ns, Total: 6950300 ns
[2020-09-11T11:45:26.393+0000][1][gc,start     ] GC(45) Pause Young (Allocation Failure)
[2020-09-11T11:45:26.393+0000][1][gc,task      ] GC(45) Using 1 workers of 1 for evacuation
[2020-09-11T11:45:26.406+0000][1][gc,age       ] GC(45) Desired survivor size 4358144 bytes, new threshold 6 (max threshold 6)
[2020-09-11T11:45:26.406+0000][1][gc,age       ] GC(45) Age table with threshold 6 (max threshold 6)
[2020-09-11T11:45:26.406+0000][1][gc,age       ] GC(45) - age   1:        184 bytes,        184 total
[2020-09-11T11:45:26.406+0000][1][gc,age       ] GC(45) - age   5:        160 bytes,        344 total
[2020-09-11T11:45:26.406+0000][1][gc,age       ] GC(45) - age   6:     347640 bytes,     347984 total
[2020-09-11T11:45:26.406+0000][1][gc,heap      ] GC(45) ParNew: 69077K->729K(76672K)
[2020-09-11T11:45:26.406+0000][1][gc,heap      ] GC(45) CMS: 48193K->48520K(439104K)
[2020-09-11T11:45:26.406+0000][1][gc,metaspace ] GC(45) Metaspace: 32404K->32404K(1079296K)
[2020-09-11T11:45:26.406+0000][1][gc           ] GC(45) Pause Young (Allocation Failure) 114M->48M(503M) 13.379ms
[2020-09-11T11:45:26.406+0000][1][gc,cpu       ] GC(45) User=0.01s Sys=0.00s Real=0.02s
[2020-09-11T11:45:26.406+0000][1][safepoint    ] Safepoint "GenCollectForAllocation", Time since last: 197078582 ns, Reaching safepoint: 1377369 ns, At safepoint: 13441121 ns, Total: 14818490 ns
[2020-09-11T11:45:26.609+0000][1][gc,start     ] GC(46) Pause Young (Allocation Failure)
[2020-09-11T11:45:26.609+0000][1][gc,task      ] GC(46) Using 1 workers of 1 for evacuation
[2020-09-11T11:45:26.615+0000][1][gc,age       ] GC(46) Desired survivor size 4358144 bytes, new threshold 6 (max threshold 6)
[2020-09-11T11:45:26.615+0000][1][gc,age       ] GC(46) Age table with threshold 6 (max threshold 6)
[2020-09-11T11:45:26.616+0000][1][gc,age       ] GC(46) - age   1:         24 bytes,         24 total
[2020-09-11T11:45:26.616+0000][1][gc,age       ] GC(46) - age   6:        160 bytes,        184 total
[2020-09-11T11:45:26.616+0000][1][gc,heap      ] GC(46) ParNew: 68889K->309K(76672K)
[2020-09-11T11:45:26.616+0000][1][gc,heap      ] GC(46) CMS: 48520K->48860K(439104K)
[2020-09-11T11:45:26.616+0000][1][gc,metaspace ] GC(46) Metaspace: 32404K->32404K(1079296K)
[2020-09-11T11:45:26.616+0000][1][gc           ] GC(46) Pause Young (Allocation Failure) 114M->48M(503M) 6.659ms
[2020-09-11T11:45:26.616+0000][1][gc,cpu       ] GC(46) User=0.00s Sys=0.00s Real=0.01s
[2020-09-11T11:45:26.616+0000][1][safepoint    ] Safepoint "GenCollectForAllocation", Time since last: 201325931 ns, Reaching safepoint: 1276372 ns, At safepoint: 6716657 ns, Total: 7993029 ns
[2020-09-11T11:45:26.815+0000][1][gc,start     ] GC(47) Pause Young (Allocation Failure)
[2020-09-11T11:45:26.815+0000][1][gc,task      ] GC(47) Using 1 workers of 1 for evacuation
[2020-09-11T11:45:26.824+0000][1][gc,age       ] GC(47) Desired survivor size 4358144 bytes, new threshold 6 (max threshold 6)
[2020-09-11T11:45:26.824+0000][1][gc,age       ] GC(47) Age table with threshold 6 (max threshold 6)
[2020-09-11T11:45:26.824+0000][1][gc,age       ] GC(47) - age   1:         40 bytes,         40 total
[2020-09-11T11:45:26.824+0000][1][gc,heap      ] GC(47) ParNew: 68469K->77K(76672K)
[2020-09-11T11:45:26.824+0000][1][gc,heap      ] GC(47) CMS: 48860K->48860K(439104K)
[2020-09-11T11:45:26.824+0000][1][gc,metaspace ] GC(47) Metaspace: 32404K->32404K(1079296K)
[2020-09-11T11:45:26.824+0000][1][gc           ] GC(47) Pause Young (Allocation Failure) 114M->47M(503M) 8.371ms
[2020-09-11T11:45:26.824+0000][1][gc,cpu       ] GC(47) User=0.00s Sys=0.00s Real=0.01s
[2020-09-11T11:45:26.824+0000][1][safepoint    ] Safepoint "GenCollectForAllocation", Time since last: 195794711 ns, Reaching safepoint: 4004856 ns, At safepoint: 8446666 ns, Total: 12451522 ns
[2020-09-11T11:45:27.026+0000][1][gc,start     ] GC(48) Pause Young (Allocation Failure)
[2020-09-11T11:45:27.026+0000][1][gc,task      ] GC(48) Using 1 workers of 1 for evacuation
[2020-09-11T11:45:27.028+0000][1][gc,age       ] GC(48) Desired survivor size 4358144 bytes, new threshold 6 (max threshold 6)
[2020-09-11T11:45:27.028+0000][1][gc,age       ] GC(48) Age table with threshold 6 (max threshold 6)
[2020-09-11T11:45:27.028+0000][1][gc,age       ] GC(48) - age   1:        144 bytes,        144 total
[2020-09-11T11:45:27.028+0000][1][gc,heap      ] GC(48) ParNew: 68237K->19K(76672K)
[2020-09-11T11:45:27.028+0000][1][gc,heap      ] GC(48) CMS: 48860K->48860K(439104K)
[2020-09-11T11:45:27.028+0000][1][gc,metaspace ] GC(48) Metaspace: 32404K->32404K(1079296K)
[2020-09-11T11:45:27.028+0000][1][gc           ] GC(48) Pause Young (Allocation Failure) 114M->47M(503M) 2.405ms
[2020-09-11T11:45:27.028+0000][1][gc,cpu       ] GC(48) User=0.00s Sys=0.00s Real=0.00s
[2020-09-11T11:45:27.031+0000][1][safepoint    ] Safepoint "GenCollectForAllocation", Time since last: 200449068 ns, Reaching safepoint: 1694522 ns, At safepoint: 5416267 ns, Total: 7110789 ns
[2020-09-11T11:45:27.259+0000][1][gc,start     ] GC(49) Pause Young (Allocation Failure)
[2020-09-11T11:45:27.260+0000][1][gc,task      ] GC(49) Using 1 workers of 1 for evacuation
[2020-09-11T11:45:27.262+0000][1][gc,age       ] GC(49) Desired survivor size 4358144 bytes, new threshold 6 (max threshold 6)
[2020-09-11T11:45:27.262+0000][1][gc,age       ] GC(49) Age table with threshold 6 (max threshold 6)
[2020-09-11T11:45:27.262+0000][1][gc,age       ] GC(49) - age   1:         40 bytes,         40 total
[2020-09-11T11:45:27.262+0000][1][gc,heap      ] GC(49) ParNew: 68179K->4K(76672K)
[2020-09-11T11:45:27.262+0000][1][gc,heap      ] GC(49) CMS: 48860K->48860K(439104K)
[2020-09-11T11:45:27.262+0000][1][gc,metaspace ] GC(49) Metaspace: 32404K->32404K(1079296K)
[2020-09-11T11:45:27.262+0000][1][gc           ] GC(49) Pause Young (Allocation Failure) 114M->47M(503M) 2.405ms
[2020-09-11T11:45:27.262+0000][1][gc,cpu       ] GC(49) User=0.00s Sys=0.00s Real=0.00s
[2020-09-11T11:45:27.263+0000][1][safepoint    ] Safepoint "GenCollectForAllocation", Time since last: 221250368 ns, Reaching safepoint: 6754351 ns, At safepoint: 3986099 ns, Total: 10740450 ns
[2020-09-11T11:45:28.287+0000][1][safepoint    ] Safepoint "Cleanup", Time since last: 1000092834 ns, Reaching safepoint: 23953368 ns, At safepoint: 13391 ns, Total: 23966759 ns
[2020-09-11T11:45:29.300+0000][1][safepoint    ] Safepoint "Cleanup", Time since last: 1011970015 ns, Reaching safepoint: 109982 ns, At safepoint: 7274 ns, Total: 117256 ns
[2020-09-11T11:45:29.815+0000][1][gc,start     ] GC(50) Pause Young (Allocation Failure)
[2020-09-11T11:45:29.815+0000][1][gc,task      ] GC(50) Using 1 workers of 1 for evacuation
[2020-09-11T11:45:29.828+0000][1][gc,age       ] GC(50) Desired survivor size 4358144 bytes, new threshold 6 (max threshold 6)
[2020-09-11T11:45:29.828+0000][1][gc,age       ] GC(50) Age table with threshold 6 (max threshold 6)
[2020-09-11T11:45:29.828+0000][1][gc,age       ] GC(50) - age   1:     133664 bytes,     133664 total
[2020-09-11T11:45:29.828+0000][1][gc,heap      ] GC(50) ParNew: 68164K->132K(76672K)
[2020-09-11T11:45:29.828+0000][1][gc,heap      ] GC(50) CMS: 48860K->48860K(439104K)
[2020-09-11T11:45:29.828+0000][1][gc,metaspace ] GC(50) Metaspace: 32405K->32405K(1079296K)
[2020-09-11T11:45:29.828+0000][1][gc           ] GC(50) Pause Young (Allocation Failure) 114M->47M(503M) 12.603ms
[2020-09-11T11:45:29.828+0000][1][gc,cpu       ] GC(50) User=0.00s Sys=0.00s Real=0.02s
[2020-09-11T11:45:29.828+0000][1][safepoint    ] Safepoint "GenCollectForAllocation", Time since last: 515686700 ns, Reaching safepoint: 107588 ns, At safepoint: 12657250 ns, Total: 12764838 ns
[2020-09-11T11:45:30.335+0000][1][gc,start     ] GC(51) Pause Young (Allocation Failure)
[2020-09-11T11:45:30.336+0000][1][gc,task      ] GC(51) Using 1 workers of 1 for evacuation
[2020-09-11T11:45:30.338+0000][1][gc,age       ] GC(51) Desired survivor size 4358144 bytes, new threshold 6 (max threshold 6)
[2020-09-11T11:45:30.338+0000][1][gc,age       ] GC(51) Age table with threshold 6 (max threshold 6)
[2020-09-11T11:45:30.338+0000][1][gc,age       ] GC(51) - age   1:     546096 bytes,     546096 total
[2020-09-11T11:45:30.338+0000][1][gc,age       ] GC(51) - age   2:      83504 bytes,     629600 total
[2020-09-11T11:45:30.338+0000][1][gc,heap      ] GC(51) ParNew: 68292K->632K(76672K)
[2020-09-11T11:45:30.338+0000][1][gc,heap      ] GC(51) CMS: 48860K->48860K(439104K)
[2020-09-11T11:45:30.338+0000][1][gc,metaspace ] GC(51) Metaspace: 32405K->32405K(1079296K)
[2020-09-11T11:45:30.338+0000][1][gc           ] GC(51) Pause Young (Allocation Failure) 114M->48M(503M) 2.691ms
[2020-09-11T11:45:30.338+0000][1][gc,cpu       ] GC(51) User=0.00s Sys=0.00s Real=0.00s
[2020-09-11T11:45:30.339+0000][1][safepoint    ] Safepoint "GenCollectForAllocation", Time since last: 499403032 ns, Reaching safepoint: 8025048 ns, At safepoint: 3987629 ns, Total: 12012677 ns
[2020-09-11T11:45:30.769+0000][1][gc,start     ] GC(52) Pause Young (Allocation Failure)
[2020-09-11T11:45:30.769+0000][1][gc,task      ] GC(52) Using 1 workers of 1 for evacuation
[2020-09-11T11:45:30.773+0000][1][gc,age       ] GC(52) Desired survivor size 4358144 bytes, new threshold 6 (max threshold 6)
[2020-09-11T11:45:30.773+0000][1][gc,age       ] GC(52) Age table with threshold 6 (max threshold 6)
[2020-09-11T11:45:30.773+0000][1][gc,age       ] GC(52) - age   1:     643232 bytes,     643232 total
[2020-09-11T11:45:30.773+0000][1][gc,age       ] GC(52) - age   2:     374824 bytes,    1018056 total
[2020-09-11T11:45:30.773+0000][1][gc,age       ] GC(52) - age   3:      82904 bytes,    1100960 total
[2020-09-11T11:45:30.773+0000][1][gc,heap      ] GC(52) ParNew: 68792K->1105K(76672K)
[2020-09-11T11:45:30.773+0000][1][gc,heap      ] GC(52) CMS: 48860K->48860K(439104K)
[2020-09-11T11:45:30.773+0000][1][gc,metaspace ] GC(52) Metaspace: 32405K->32405K(1079296K)
[2020-09-11T11:45:30.773+0000][1][gc           ] GC(52) Pause Young (Allocation Failure) 114M->48M(503M) 4.199ms
[2020-09-11T11:45:30.773+0000][1][gc,cpu       ] GC(52) User=0.00s Sys=0.00s Real=0.00s
[2020-09-11T11:45:30.773+0000][1][safepoint    ] Safepoint "GenCollectForAllocation", Time since last: 418931968 ns, Reaching safepoint: 10698704 ns, At safepoint: 4259579 ns, Total: 14958283 ns
[2020-09-11T11:45:31.154+0000][1][gc,start     ] GC(53) Pause Young (Allocation Failure)
[2020-09-11T11:45:31.154+0000][1][gc,task      ] GC(53) Using 1 workers of 1 for evacuation
[2020-09-11T11:45:31.161+0000][1][gc,age       ] GC(53) Desired survivor size 4358144 bytes, new threshold 6 (max threshold 6)
[2020-09-11T11:45:31.161+0000][1][gc,age       ] GC(53) Age table with threshold 6 (max threshold 6)
[2020-09-11T11:45:31.161+0000][1][gc,age       ] GC(53) - age   1:     314120 bytes,     314120 total
[2020-09-11T11:45:31.161+0000][1][gc,age       ] GC(53) - age   2:     626728 bytes,     940848 total
[2020-09-11T11:45:31.161+0000][1][gc,age       ] GC(53) - age   3:     374088 bytes,    1314936 total
[2020-09-11T11:45:31.161+0000][1][gc,age       ] GC(53) - age   4:      82240 bytes,    1397176 total
[2020-09-11T11:45:31.161+0000][1][gc,heap      ] GC(53) ParNew: 69265K->1408K(76672K)
[2020-09-11T11:45:31.161+0000][1][gc,heap      ] GC(53) CMS: 48860K->48860K(439104K)
[2020-09-11T11:45:31.161+0000][1][gc,metaspace ] GC(53) Metaspace: 32405K->32405K(1079296K)
[2020-09-11T11:45:31.161+0000][1][gc           ] GC(53) Pause Young (Allocation Failure) 115M->49M(503M) 6.986ms
[2020-09-11T11:45:31.161+0000][1][gc,cpu       ] GC(53) User=0.01s Sys=0.00s Real=0.01s
[2020-09-11T11:45:31.163+0000][1][safepoint    ] Safepoint "GenCollectForAllocation", Time since last: 380339827 ns, Reaching safepoint: 104359 ns, At safepoint: 9645595 ns, Total: 9749954 ns
[2020-09-11T11:45:31.656+0000][1][gc,start     ] GC(54) Pause Young (Allocation Failure)
[2020-09-11T11:45:31.656+0000][1][gc,task      ] GC(54) Using 1 workers of 1 for evacuation
[2020-09-11T11:45:31.658+0000][1][gc,age       ] GC(54) Desired survivor size 4358144 bytes, new threshold 6 (max threshold 6)
[2020-09-11T11:45:31.658+0000][1][gc,age       ] GC(54) Age table with threshold 6 (max threshold 6)
[2020-09-11T11:45:31.658+0000][1][gc,age       ] GC(54) - age   1:     964032 bytes,     964032 total
[2020-09-11T11:45:31.658+0000][1][gc,age       ] GC(54) - age   2:     302520 bytes,    1266552 total
[2020-09-11T11:45:31.658+0000][1][gc,age       ] GC(54) - age   3:     298064 bytes,    1564616 total
[2020-09-11T11:45:31.658+0000][1][gc,age       ] GC(54) - age   4:     374088 bytes,    1938704 total
[2020-09-11T11:45:31.658+0000][1][gc,age       ] GC(54) - age   5:      82080 bytes,    2020784 total
[2020-09-11T11:45:31.658+0000][1][gc,heap      ] GC(54) ParNew: 69568K->1983K(76672K)
[2020-09-11T11:45:31.659+0000][1][gc,heap      ] GC(54) CMS: 48860K->48860K(439104K)
[2020-09-11T11:45:31.659+0000][1][gc,metaspace ] GC(54) Metaspace: 32405K->32405K(1079296K)
[2020-09-11T11:45:31.659+0000][1][gc           ] GC(54) Pause Young (Allocation Failure) 115M->49M(503M) 2.945ms
[2020-09-11T11:45:31.659+0000][1][gc,cpu       ] GC(54) User=0.00s Sys=0.00s Real=0.00s
[2020-09-11T11:45:31.671+0000][1][safepoint    ] Safepoint "GenCollectForAllocation", Time since last: 491368809 ns, Reaching safepoint: 795294 ns, At safepoint: 15875081 ns, Total: 16670375 ns
[2020-09-11T11:45:32.060+0000][1][gc,start     ] GC(55) Pause Young (Allocation Failure)
[2020-09-11T11:45:32.060+0000][1][gc,task      ] GC(55) Using 1 workers of 1 for evacuation
[2020-09-11T11:45:32.062+0000][1][gc,age       ] GC(55) Desired survivor size 4358144 bytes, new threshold 6 (max threshold 6)
[2020-09-11T11:45:32.062+0000][1][gc,age       ] GC(55) Age table with threshold 6 (max threshold 6)
[2020-09-11T11:45:32.062+0000][1][gc,age       ] GC(55) - age   1:     313864 bytes,     313864 total
[2020-09-11T11:45:32.062+0000][1][gc,age       ] GC(55) - age   2:     952336 bytes,    1266200 total
[2020-09-11T11:45:32.063+0000][1][gc,age       ] GC(55) - age   3:     298208 bytes,    1564408 total
[2020-09-11T11:45:32.063+0000][1][gc,age       ] GC(55) - age   4:     297424 bytes,    1861832 total
[2020-09-11T11:45:32.063+0000][1][gc,age       ] GC(55) - age   5:     373832 bytes,    2235664 total
[2020-09-11T11:45:32.063+0000][1][gc,age       ] GC(55) - age   6:      82056 bytes,    2317720 total
[2020-09-11T11:45:32.063+0000][1][gc,heap      ] GC(55) ParNew: 70143K->2303K(76672K)
[2020-09-11T11:45:32.063+0000][1][gc,heap      ] GC(55) CMS: 48860K->48860K(439104K)
[2020-09-11T11:45:32.063+0000][1][gc,metaspace ] GC(55) Metaspace: 32405K->32405K(1079296K)
[2020-09-11T11:45:32.063+0000][1][gc           ] GC(55) Pause Young (Allocation Failure) 116M->49M(503M) 3.022ms
[2020-09-11T11:45:32.063+0000][1][gc,cpu       ] GC(55) User=0.00s Sys=0.00s Real=0.00s
[2020-09-11T11:45:32.067+0000][1][safepoint    ] Safepoint "GenCollectForAllocation", Time since last: 387992707 ns, Reaching safepoint: 106082 ns, At safepoint: 7865477 ns, Total: 7971559 ns
[2020-09-11T11:45:33.080+0000][1][safepoint    ] Safepoint "Cleanup", Time since last: 1002085078 ns, Reaching safepoint: 9983860 ns, At safepoint: 16459 ns, Total: 10000319 ns
[2020-09-11T11:45:33.322+0000][1][safepoint    ] Safepoint "Deoptimize", Time since last: 241976912 ns, Reaching safepoint: 110773 ns, At safepoint: 346015 ns, Total: 456788 ns
[2020-09-11T11:45:33.840+0000][1][safepoint    ] Safepoint "CollectForMetadataAllocation", Time since last: 518255028 ns, Reaching safepoint: 116360 ns, At safepoint: 73736 ns, Total: 190096 ns
[2020-09-11T11:45:34.000+0000][1][safepoint    ] Safepoint "CollectForMetadataAllocation", Time since last: 159052818 ns, Reaching safepoint: 106940 ns, At safepoint: 135830 ns, Total: 242770 ns
[2020-09-11T11:45:34.067+0000][1][gc,start     ] GC(56) Pause Initial Mark
[2020-09-11T11:45:34.210+0000][1][gc           ] GC(56) Pause Initial Mark 111M->111M(503M) 143.318ms
[2020-09-11T11:45:34.210+0000][1][gc,cpu       ] GC(56) User=0.04s Sys=0.00s Real=0.14s
[2020-09-11T11:45:34.239+0000][1][safepoint    ] Safepoint "CMS_Initial_Mark", Time since last: 67174451 ns, Reaching safepoint: 99212 ns, At safepoint: 172491637 ns, Total: 172590849 ns
[2020-09-11T11:45:34.240+0000][1][gc           ] GC(56) Concurrent Mark
[2020-09-11T11:45:34.282+0000][1][safepoint    ] Safepoint "CollectForMetadataAllocation", Time since last: 20003731 ns, Reaching safepoint: 22085026 ns, At safepoint: 127194 ns, Total: 22212220 ns
[2020-09-11T11:45:34.484+0000][1][safepoint    ] Safepoint "CollectForMetadataAllocation", Time since last: 201778060 ns, Reaching safepoint: 57377 ns, At safepoint: 140556 ns, Total: 197933 ns
[2020-09-11T11:45:34.668+0000][1][safepoint    ] Safepoint "CollectForMetadataAllocation", Time since last: 183815905 ns, Reaching safepoint: 51216 ns, At safepoint: 130954 ns, Total: 182170 ns
[2020-09-11T11:45:34.796+0000][1][gc           ] GC(56) Concurrent Mark 556.322ms
[2020-09-11T11:45:34.796+0000][1][gc,cpu       ] GC(56) User=0.13s Sys=0.00s Real=0.56s
[2020-09-11T11:45:34.796+0000][1][gc           ] GC(56) Concurrent Preclean
[2020-09-11T11:45:34.797+0000][1][gc           ] GC(56) Concurrent Preclean 1.427ms
[2020-09-11T11:45:34.797+0000][1][gc,cpu       ] GC(56) User=0.01s Sys=0.00s Real=0.00s
[2020-09-11T11:45:34.797+0000][1][gc           ] GC(56) Concurrent Abortable Preclean
[2020-09-11T11:45:34.932+0000][1][gc,start     ] GC(57) Pause Young (Allocation Failure)
[2020-09-11T11:45:34.932+0000][1][gc,task      ] GC(57) Using 1 workers of 1 for evacuation
[2020-09-11T11:45:34.951+0000][1][gc,age       ] GC(57) Desired survivor size 4358144 bytes, new threshold 6 (max threshold 6)
[2020-09-11T11:45:34.951+0000][1][gc,age       ] GC(57) Age table with threshold 6 (max threshold 6)
[2020-09-11T11:45:34.951+0000][1][gc,age       ] GC(57) - age   1:    1333232 bytes,    1333232 total
[2020-09-11T11:45:34.951+0000][1][gc,age       ] GC(57) - age   2:     301656 bytes,    1634888 total
[2020-09-11T11:45:34.951+0000][1][gc,age       ] GC(57) - age   3:     951640 bytes,    2586528 total
[2020-09-11T11:45:34.951+0000][1][gc,age       ] GC(57) - age   4:     297792 bytes,    2884320 total
[2020-09-11T11:45:34.951+0000][1][gc,age       ] GC(57) - age   5:     297304 bytes,    3181624 total
[2020-09-11T11:45:34.951+0000][1][gc,age       ] GC(57) - age   6:     373832 bytes,    3555456 total
[2020-09-11T11:45:34.951+0000][1][gc,heap      ] GC(57) ParNew: 70463K->3495K(76672K)
[2020-09-11T11:45:34.951+0000][1][gc,heap      ] GC(57) CMS: 48860K->48937K(439104K)
[2020-09-11T11:45:34.951+0000][1][gc,metaspace ] GC(57) Metaspace: 36162K->36162K(1083392K)
[2020-09-11T11:45:34.951+0000][1][gc           ] GC(57) Pause Young (Allocation Failure) 116M->51M(503M) 19.443ms
[2020-09-11T11:45:34.979+0000][1][gc,cpu       ] GC(57) User=0.00s Sys=0.00s Real=0.02s
[2020-09-11T11:45:35.015+0000][1][safepoint    ] Safepoint "GenCollectForAllocation", Time since last: 264166557 ns, Reaching safepoint: 108090 ns, At safepoint: 83504621 ns, Total: 83612711 ns
[2020-09-11T11:45:35.060+0000][1][safepoint    ] Safepoint "CollectForMetadataAllocation", Time since last: 16045762 ns, Reaching safepoint: 28535864 ns, At safepoint: 133443 ns, Total: 28669307 ns
[2020-09-11T11:45:35.575+0000][1][gc           ] GC(56) Concurrent Abortable Preclean 778.073ms
[2020-09-11T11:45:35.575+0000][1][gc,cpu       ] GC(56) User=0.18s Sys=0.01s Real=0.78s
[2020-09-11T11:45:35.576+0000][1][gc,start     ] GC(56) Pause Remark
[2020-09-11T11:45:35.670+0000][1][gc           ] GC(56) Pause Remark 92M->92M(503M) 93.863ms
[2020-09-11T11:45:35.670+0000][1][gc,cpu       ] GC(56) User=0.03s Sys=0.00s Real=0.09s
[2020-09-11T11:45:35.707+0000][1][safepoint    ] Safepoint "CMS_Final_Remark", Time since last: 515358575 ns, Reaching safepoint: 194115 ns, At safepoint: 131787318 ns, Total: 131981433 ns
[2020-09-11T11:45:35.708+0000][1][gc           ] GC(56) Concurrent Sweep
[2020-09-11T11:45:35.858+0000][1][gc           ] GC(56) Concurrent Sweep 150.415ms
[2020-09-11T11:45:35.858+0000][1][gc,cpu       ] GC(56) User=0.04s Sys=0.00s Real=0.15s
[2020-09-11T11:45:35.858+0000][1][gc           ] GC(56) Concurrent Reset
[2020-09-11T11:45:35.859+0000][1][gc           ] GC(56) Concurrent Reset 0.608ms
[2020-09-11T11:45:35.859+0000][1][gc,cpu       ] GC(56) User=0.00s Sys=0.00s Real=0.00s
[2020-09-11T11:45:35.859+0000][1][gc,heap      ] GC(56) Old: 48860K->47882K(439104K)
[2020-09-11T11:45:36.084+0000][1][gc,start     ] GC(58) Pause Young (Allocation Failure)
[2020-09-11T11:45:36.084+0000][1][gc,task      ] GC(58) Using 1 workers of 1 for evacuation
[2020-09-11T11:45:36.102+0000][1][gc,age       ] GC(58) Desired survivor size 4358144 bytes, new threshold 6 (max threshold 6)
[2020-09-11T11:45:36.102+0000][1][gc,age       ] GC(58) Age table with threshold 6 (max threshold 6)
[2020-09-11T11:45:36.102+0000][1][gc,age       ] GC(58) - age   1:     211168 bytes,     211168 total
[2020-09-11T11:45:36.102+0000][1][gc,age       ] GC(58) - age   2:    1305152 bytes,    1516320 total
[2020-09-11T11:45:36.102+0000][1][gc,age       ] GC(58) - age   3:     301656 bytes,    1817976 total
[2020-09-11T11:45:36.102+0000][1][gc,age       ] GC(58) - age   4:     951640 bytes,    2769616 total
[2020-09-11T11:45:36.102+0000][1][gc,age       ] GC(58) - age   5:     297792 bytes,    3067408 total
[2020-09-11T11:45:36.102+0000][1][gc,age       ] GC(58) - age   6:     297136 bytes,    3364544 total
[2020-09-11T11:45:36.102+0000][1][gc,heap      ] GC(58) ParNew: 71655K->3336K(76672K)
[2020-09-11T11:45:36.102+0000][1][gc,heap      ] GC(58) CMS: 47882K->48247K(439104K)
[2020-09-11T11:45:36.102+0000][1][gc,metaspace ] GC(58) Metaspace: 36181K->36181K(1083392K)
[2020-09-11T11:45:36.102+0000][1][gc           ] GC(58) Pause Young (Allocation Failure) 116M->50M(503M) 18.560ms
[2020-09-11T11:45:36.102+0000][1][gc,cpu       ] GC(58) User=0.00s Sys=0.00s Real=0.01s
[2020-09-11T11:45:36.130+0000][1][safepoint    ] Safepoint "GenCollectForAllocation", Time since last: 372126922 ns, Reaching safepoint: 4118709 ns, At safepoint: 45974320 ns, Total: 50093029 ns
[2020-09-11T11:45:37.146+0000][1][safepoint    ] Safepoint "Cleanup", Time since last: 1016503050 ns, Reaching safepoint: 128165 ns, At safepoint: 7177 ns, Total: 135342 ns
[2020-09-11T11:45:38.147+0000][1][safepoint    ] Safepoint "Cleanup", Time since last: 1000106057 ns, Reaching safepoint: 118405 ns, At safepoint: 5478 ns, Total: 123883 ns
[2020-09-11T11:45:39.164+0000][1][safepoint    ] Safepoint "Cleanup", Time since last: 1016864053 ns, Reaching safepoint: 127304 ns, At safepoint: 7395 ns, Total: 134699 ns
[2020-09-11T11:45:40.171+0000][1][safepoint    ] Safepoint "Cleanup", Time since last: 1003951376 ns, Reaching safepoint: 3955122 ns, At safepoint: 11447 ns, Total: 3966569 ns
[2020-09-11T11:45:40.451+0000][1][gc,start     ] GC(59) Pause Young (Allocation Failure)
[2020-09-11T11:45:40.451+0000][1][gc,task      ] GC(59) Using 1 workers of 1 for evacuation
[2020-09-11T11:45:40.515+0000][1][gc,age       ] GC(59) Desired survivor size 4358144 bytes, new threshold 4 (max threshold 6)
[2020-09-11T11:45:40.515+0000][1][gc,age       ] GC(59) Age table with threshold 4 (max threshold 6)
[2020-09-11T11:45:40.515+0000][1][gc,age       ] GC(59) - age   1:    2652336 bytes,    2652336 total
[2020-09-11T11:45:40.515+0000][1][gc,age       ] GC(59) - age   2:     167008 bytes,    2819344 total
[2020-09-11T11:45:40.515+0000][1][gc,age       ] GC(59) - age   3:    1300984 bytes,    4120328 total
[2020-09-11T11:45:40.515+0000][1][gc,age       ] GC(59) - age   4:     301656 bytes,    4421984 total
[2020-09-11T11:45:40.515+0000][1][gc,age       ] GC(59) - age   5:     951640 bytes,    5373624 total
[2020-09-11T11:45:40.515+0000][1][gc,age       ] GC(59) - age   6:     297792 bytes,    5671416 total
[2020-09-11T11:45:40.515+0000][1][gc,heap      ] GC(59) ParNew: 71496K->6546K(76672K)
[2020-09-11T11:45:40.515+0000][1][gc,heap      ] GC(59) CMS: 48247K->48537K(439104K)
[2020-09-11T11:45:40.515+0000][1][gc,metaspace ] GC(59) Metaspace: 41877K->41877K(1087488K)
[2020-09-11T11:45:40.515+0000][1][gc           ] GC(59) Pause Young (Allocation Failure) 116M->53M(503M) 63.823ms
[2020-09-11T11:45:40.515+0000][1][gc,cpu       ] GC(59) User=0.01s Sys=0.00s Real=0.06s
[2020-09-11T11:45:40.543+0000][1][safepoint    ] Safepoint "GenCollectForAllocation", Time since last: 279268252 ns, Reaching safepoint: 105966 ns, At safepoint: 91991145 ns, Total: 92097111 ns
[2020-09-11T11:45:41.560+0000][1][safepoint    ] Safepoint "Cleanup", Time since last: 1016595949 ns, Reaching safepoint: 115371 ns, At safepoint: 6624 ns, Total: 121995 ns
[2020-09-11T11:45:42.570+0000][1][safepoint    ] Safepoint "Cleanup", Time since last: 1007861149 ns, Reaching safepoint: 2126891 ns, At safepoint: 8247 ns, Total: 2135138 ns
[2020-09-11T11:45:42.768+0000][1][safepoint    ] Safepoint "RevokeBias", Time since last: 197960845 ns, Reaching safepoint: 567812 ns, At safepoint: 28176 ns, Total: 595988 ns
[2020-09-11T11:45:43.772+0000][1][safepoint    ] Safepoint "Cleanup", Time since last: 1003314101 ns, Reaching safepoint: 125009 ns, At safepoint: 5806 ns, Total: 130815 ns
[2020-09-11T11:45:47.748+0000][1][safepoint    ] Safepoint "RevokeBias", Time since last: 3975940295 ns, Reaching safepoint: 726811 ns, At safepoint: 44388 ns, Total: 771199 ns
[2020-09-11T11:45:47.751+0000][1][safepoint    ] Safepoint "RevokeBias", Time since last: 250461 ns, Reaching safepoint: 2926070 ns, At safepoint: 49350 ns, Total: 2975420 ns
[2020-09-11T11:45:47.752+0000][1][safepoint    ] Safepoint "RevokeBias", Time since last: 230364 ns, Reaching safepoint: 411331 ns, At safepoint: 42407 ns, Total: 453738 ns
[2020-09-11T11:45:47.753+0000][1][safepoint    ] Safepoint "RevokeBias", Time since last: 78073 ns, Reaching safepoint: 671665 ns, At safepoint: 40359 ns, Total: 712024 ns
[2020-09-11T11:45:47.754+0000][1][safepoint    ] Safepoint "RevokeBias", Time since last: 41910 ns, Reaching safepoint: 597906 ns, At safepoint: 34848 ns, Total: 632754 ns
[2020-09-11T11:45:47.755+0000][1][safepoint    ] Safepoint "RevokeBias", Time since last: 34908 ns, Reaching safepoint: 1739018 ns, At safepoint: 30306 ns, Total: 1769324 ns
[2020-09-11T11:45:47.756+0000][1][safepoint    ] Safepoint "RevokeBias", Time since last: 31310 ns, Reaching safepoint: 82504 ns, At safepoint: 29058 ns, Total: 111562 ns
[2020-09-11T11:45:47.756+0000][1][safepoint    ] Safepoint "RevokeBias", Time since last: 28556 ns, Reaching safepoint: 603067 ns, At safepoint: 35176 ns, Total: 638243 ns
[2020-09-11T11:45:47.756+0000][1][safepoint    ] Safepoint "RevokeBias", Time since last: 32197 ns, Reaching safepoint: 170923 ns, At safepoint: 32603 ns, Total: 203526 ns
[2020-09-11T11:45:47.757+0000][1][safepoint    ] Safepoint "RevokeBias", Time since last: 33911 ns, Reaching safepoint: 83315 ns, At safepoint: 31649 ns, Total: 114964 ns
[2020-09-11T11:45:47.757+0000][1][safepoint    ] Safepoint "RevokeBias", Time since last: 29307 ns, Reaching safepoint: 82684 ns, At safepoint: 31318 ns, Total: 114002 ns
[2020-09-11T11:45:47.757+0000][1][safepoint    ] Safepoint "RevokeBias", Time since last: 28002 ns, Reaching safepoint: 82862 ns, At safepoint: 32988 ns, Total: 115850 ns
[2020-09-11T11:45:47.759+0000][1][safepoint    ] Safepoint "RevokeBias", Time since last: 28030 ns, Reaching safepoint: 1584226 ns, At safepoint: 46494 ns, Total: 1630720 ns
[2020-09-11T11:45:47.759+0000][1][safepoint    ] Safepoint "RevokeBias", Time since last: 54931 ns, Reaching safepoint: 87550 ns, At safepoint: 42905 ns, Total: 130455 ns
[2020-09-11T11:45:47.759+0000][1][safepoint    ] Safepoint "RevokeBias", Time since last: 26515 ns, Reaching safepoint: 82355 ns, At safepoint: 29721 ns, Total: 112076 ns
[2020-09-11T11:45:47.759+0000][1][safepoint    ] Safepoint "RevokeBias", Time since last: 65878 ns, Reaching safepoint: 85897 ns, At safepoint: 351404 ns, Total: 437301 ns
[2020-09-11T11:45:47.762+0000][1][safepoint    ] Safepoint "RevokeBias", Time since last: 39394 ns, Reaching safepoint: 2044817 ns, At safepoint: 44768 ns, Total: 2089585 ns
[2020-09-11T11:45:47.763+0000][1][safepoint    ] Safepoint "RevokeBias", Time since last: 97830 ns, Reaching safepoint: 1036074 ns, At safepoint: 36096 ns, Total: 1072170 ns
[2020-09-11T11:45:47.779+0000][1][safepoint    ] Safepoint "RevokeBias", Time since last: 649718 ns, Reaching safepoint: 4079581 ns, At safepoint: 11697464 ns, Total: 15777045 ns
[2020-09-11T11:45:51.936+0000][1][safepoint    ] Safepoint "Cleanup", Time since last: 4156328327 ns, Reaching safepoint: 119250 ns, At safepoint: 6709 ns, Total: 125959 ns
[2020-09-11T11:45:52.942+0000][1][safepoint    ] Safepoint "Cleanup", Time since last: 1005915548 ns, Reaching safepoint: 123156 ns, At safepoint: 5873 ns, Total: 129029 ns
[2020-09-11T11:45:53.948+0000][1][safepoint    ] Safepoint "Cleanup", Time since last: 1005787410 ns, Reaching safepoint: 111591 ns, At safepoint: 6873 ns, Total: 118464 ns
[2020-09-11T11:45:54.952+0000][1][safepoint    ] Safepoint "Cleanup", Time since last: 1003875262 ns, Reaching safepoint: 117201 ns, At safepoint: 6055 ns, Total: 123256 ns
[2020-09-11T11:45:55.976+0000][1][safepoint    ] Safepoint "Cleanup", Time since last: 1023861780 ns, Reaching safepoint: 601668 ns, At safepoint: 6447 ns, Total: 608115 ns
[2020-09-11T11:45:56.444+0000][1][gc,start     ] GC(60) Pause Young (Allocation Failure)
[2020-09-11T11:45:56.444+0000][1][gc,task      ] GC(60) Using 1 workers of 1 for evacuation
[2020-09-11T11:45:56.507+0000][1][gc,age       ] GC(60) Desired survivor size 4358144 bytes, new threshold 2 (max threshold 6)
[2020-09-11T11:45:56.507+0000][1][gc,age       ] GC(60) Age table with threshold 2 (max threshold 6)
[2020-09-11T11:45:56.507+0000][1][gc,age       ] GC(60) - age   1:    2728880 bytes,    2728880 total
[2020-09-11T11:45:56.507+0000][1][gc,age       ] GC(60) - age   2:    2584296 bytes,    5313176 total
[2020-09-11T11:45:56.507+0000][1][gc,age       ] GC(60) - age   3:     167008 bytes,    5480184 total
[2020-09-11T11:45:56.507+0000][1][gc,age       ] GC(60) - age   4:    1300688 bytes,    6780872 total
[2020-09-11T11:45:56.507+0000][1][gc,heap      ] GC(60) ParNew: 74706K->8512K(76672K)
[2020-09-11T11:45:56.507+0000][1][gc,heap      ] GC(60) CMS: 48537K->50052K(439104K)
[2020-09-11T11:45:56.507+0000][1][gc,metaspace ] GC(60) Metaspace: 47616K->47616K(1093632K)
[2020-09-11T11:45:56.507+0000][1][gc           ] GC(60) Pause Young (Allocation Failure) 120M->57M(503M) 63.591ms
[2020-09-11T11:45:56.507+0000][1][gc,cpu       ] GC(60) User=0.02s Sys=0.00s Real=0.06s
[2020-09-11T11:45:56.527+0000][1][safepoint    ] Safepoint "GenCollectForAllocation", Time since last: 467420726 ns, Reaching safepoint: 132158 ns, At safepoint: 83857742 ns, Total: 83989900 ns
[2020-09-11T11:45:56.584+0000][1][safepoint    ] Safepoint "RevokeBias", Time since last: 56004596 ns, Reaching safepoint: 116962 ns, At safepoint: 16541 ns, Total: 133503 ns
[2020-09-11T11:45:56.828+0000][1][safepoint    ] Safepoint "RevokeBias", Time since last: 244241447 ns, Reaching safepoint: 110955 ns, At safepoint: 31906 ns, Total: 142861 ns
[2020-09-11T11:45:56.844+0000][1][safepoint    ] Safepoint "RevokeBias", Time since last: 15620209 ns, Reaching safepoint: 100466 ns, At safepoint: 39648 ns, Total: 140114 ns
[2020-09-11T11:45:57.726+0000][1][safepoint    ] Safepoint "RevokeBias", Time since last: 874073525 ns, Reaching safepoint: 8162600 ns, At safepoint: 35991 ns, Total: 8198591 ns
[2020-09-11T11:45:57.727+0000][1][safepoint    ] Safepoint "RevokeBias", Time since last: 212158 ns, Reaching safepoint: 1244481 ns, At safepoint: 26648 ns, Total: 1271129 ns
[2020-09-11T11:45:57.728+0000][1][safepoint    ] Safepoint "RevokeBias", Time since last: 66257 ns, Reaching safepoint: 90048 ns, At safepoint: 20514 ns, Total: 110562 ns
[2020-09-11T11:45:57.984+0000][1][safepoint    ] Safepoint "RevokeBias", Time since last: 255784989 ns, Reaching safepoint: 182486 ns, At safepoint: 40018 ns, Total: 222504 ns
[2020-09-11T11:45:57.988+0000][1][safepoint    ] Safepoint "RevokeBias", Time since last: 426874 ns, Reaching safepoint: 3385439 ns, At safepoint: 50571 ns, Total: 3436010 ns
[2020-09-11T11:45:57.988+0000][1][safepoint    ] Safepoint "RevokeBias", Time since last: 200788 ns, Reaching safepoint: 99590 ns, At safepoint: 32065 ns, Total: 131655 ns
[2020-09-11T11:45:57.992+0000][1][safepoint    ] Safepoint "RevokeBias", Time since last: 3586258 ns, Reaching safepoint: 105308 ns, At safepoint: 37315 ns, Total: 142623 ns
[2020-09-11T11:45:57.992+0000][1][safepoint    ] Safepoint "RevokeBias", Time since last: 481586 ns, Reaching safepoint: 95733 ns, At safepoint: 35582 ns, Total: 131315 ns
[2020-09-11T11:45:57.996+0000][1][safepoint    ] Safepoint "RevokeBias", Time since last: 566691 ns, Reaching safepoint: 2715272 ns, At safepoint: 42996 ns, Total: 2758268 ns
[2020-09-11T11:45:58.016+0000][1][safepoint    ] Safepoint "RevokeBias", Time since last: 19978962 ns, Reaching safepoint: 115872 ns, At safepoint: 40834 ns, Total: 156706 ns
[2020-09-11T11:45:58.016+0000][1][safepoint    ] Safepoint "RevokeBias", Time since last: 169407 ns, Reaching safepoint: 16112 ns, At safepoint: 21552 ns, Total: 37664 ns
[2020-09-11T11:45:58.030+0000][1][safepoint    ] Safepoint "RevokeBias", Time since last: 7584613 ns, Reaching safepoint: 6606486 ns, At safepoint: 48712 ns, Total: 6655198 ns
[2020-09-11T11:45:58.030+0000][1][safepoint    ] Safepoint "RevokeBias", Time since last: 75533 ns, Reaching safepoint: 84567 ns, At safepoint: 27664 ns, Total: 112231 ns
[2020-09-11T11:45:58.030+0000][1][safepoint    ] Safepoint "RevokeBias", Time since last: 29422 ns, Reaching safepoint: 81360 ns, At safepoint: 24330 ns, Total: 105690 ns
[2020-09-11T11:45:58.031+0000][1][safepoint    ] Safepoint "RevokeBias", Time since last: 27897 ns, Reaching safepoint: 81322 ns, At safepoint: 23700 ns, Total: 105022 ns
[2020-09-11T11:45:58.031+0000][1][safepoint    ] Safepoint "RevokeBias", Time since last: 28201 ns, Reaching safepoint: 81573 ns, At safepoint: 27116 ns, Total: 108689 ns
[2020-09-11T11:45:58.031+0000][1][safepoint    ] Safepoint "RevokeBias", Time since last: 27642 ns, Reaching safepoint: 81602 ns, At safepoint: 27133 ns, Total: 108735 ns
[2020-09-11T11:45:58.031+0000][1][safepoint    ] Safepoint "RevokeBias", Time since last: 30707 ns, Reaching safepoint: 119157 ns, At safepoint: 25881 ns, Total: 145038 ns
[2020-09-11T11:45:58.031+0000][1][safepoint    ] Safepoint "BulkRevokeBias", Time since last: 28595 ns, Reaching safepoint: 80812 ns, At safepoint: 70172 ns, Total: 150984 ns
[2020-09-11T11:45:58.032+0000][1][safepoint    ] Safepoint "RevokeBias", Time since last: 307237 ns, Reaching safepoint: 86915 ns, At safepoint: 36452 ns, Total: 123367 ns
[2020-09-11T11:45:58.036+0000][1][safepoint    ] Safepoint "RevokeBias", Time since last: 3906764 ns, Reaching safepoint: 115691 ns, At safepoint: 48574 ns, Total: 164265 ns
[2020-09-11T11:45:58.048+0000][1][safepoint    ] Safepoint "RevokeBias", Time since last: 12163575 ns, Reaching safepoint: 108418 ns, At safepoint: 50160 ns, Total: 158578 ns
[2020-09-11T11:45:58.048+0000][1][safepoint    ] Safepoint "RevokeBias", Time since last: 63042 ns, Reaching safepoint: 81421 ns, At safepoint: 12760 ns, Total: 94181 ns
[2020-09-11T11:45:58.048+0000][1][safepoint    ] Safepoint "RevokeBias", Time since last: 31387 ns, Reaching safepoint: 80472 ns, At safepoint: 12348 ns, Total: 92820 ns
[2020-09-11T11:45:58.050+0000][1][safepoint    ] Safepoint "RevokeBias", Time since last: 988366 ns, Reaching safepoint: 219744 ns, At safepoint: 20905 ns, Total: 240649 ns
[2020-09-11T11:45:58.050+0000][1][safepoint    ] Safepoint "RevokeBias", Time since last: 530059 ns, Reaching safepoint: 86295 ns, At safepoint: 22008 ns, Total: 108303 ns
[2020-09-11T11:45:58.050+0000][1][safepoint    ] Safepoint "RevokeBias", Time since last: 34415 ns, Reaching safepoint: 81047 ns, At safepoint: 19629 ns, Total: 100676 ns
[2020-09-11T11:45:58.050+0000][1][safepoint    ] Safepoint "RevokeBias", Time since last: 30024 ns, Reaching safepoint: 80831 ns, At safepoint: 18780 ns, Total: 99611 ns
[2020-09-11T11:45:58.051+0000][1][safepoint    ] Safepoint "RevokeBias", Time since last: 29274 ns, Reaching safepoint: 81616 ns, At safepoint: 23310 ns, Total: 104926 ns
[2020-09-11T11:45:58.051+0000][1][safepoint    ] Safepoint "RevokeBias", Time since last: 40539 ns, Reaching safepoint: 834430 ns, At safepoint: 25205 ns, Total: 859635 ns
[2020-09-11T11:45:58.056+0000][1][safepoint    ] Safepoint "RevokeBias", Time since last: 4019051 ns, Reaching safepoint: 97295 ns, At safepoint: 28818 ns, Total: 126113 ns
[2020-09-11T11:45:58.056+0000][1][safepoint    ] Safepoint "RevokeBias", Time since last: 48598 ns, Reaching safepoint: 81026 ns, At safepoint: 20294 ns, Total: 101320 ns
[2020-09-11T11:45:58.056+0000][1][safepoint    ] Safepoint "RevokeBias", Time since last: 31669 ns, Reaching safepoint: 80733 ns, At safepoint: 18668 ns, Total: 99401 ns
[2020-09-11T11:45:58.056+0000][1][safepoint    ] Safepoint "RevokeBias", Time since last: 30416 ns, Reaching safepoint: 82113 ns, At safepoint: 26558 ns, Total: 108671 ns
[2020-09-11T11:45:58.060+0000][1][safepoint    ] Safepoint "RevokeBias", Time since last: 30106 ns, Reaching safepoint: 3429331 ns, At safepoint: 45981 ns, Total: 3475312 ns
[2020-09-11T11:45:58.060+0000][1][safepoint    ] Safepoint "RevokeBias", Time since last: 68015 ns, Reaching safepoint: 82715 ns, At safepoint: 20361 ns, Total: 103076 ns
[2020-09-11T11:45:58.060+0000][1][safepoint    ] Safepoint "RevokeBias", Time since last: 30507 ns, Reaching safepoint: 80241 ns, At safepoint: 19337 ns, Total: 99578 ns
[2020-09-11T11:45:58.060+0000][1][safepoint    ] Safepoint "RevokeBias", Time since last: 29201 ns, Reaching safepoint: 80510 ns, At safepoint: 19384 ns, Total: 99894 ns
[2020-09-11T11:45:58.060+0000][1][safepoint    ] Safepoint "RevokeBias", Time since last: 29107 ns, Reaching safepoint: 80184 ns, At safepoint: 20284 ns, Total: 100468 ns
[2020-09-11T11:45:58.060+0000][1][safepoint    ] Safepoint "RevokeBias", Time since last: 28841 ns, Reaching safepoint: 80829 ns, At safepoint: 25289 ns, Total: 106118 ns
[2020-09-11T11:45:58.060+0000][1][safepoint    ] Safepoint "BulkRevokeBias", Time since last: 29342 ns, Reaching safepoint: 79949 ns, At safepoint: 80046 ns, Total: 159995 ns
[2020-09-11T11:45:58.061+0000][1][safepoint    ] Safepoint "RevokeBias", Time since last: 194061 ns, Reaching safepoint: 84874 ns, At safepoint: 29026 ns, Total: 113900 ns
[2020-09-11T11:45:58.061+0000][1][safepoint    ] Safepoint "RevokeBias", Time since last: 121822 ns, Reaching safepoint: 82608 ns, At safepoint: 19987 ns, Total: 102595 ns
[2020-09-11T11:45:58.062+0000][1][safepoint    ] Safepoint "RevokeBias", Time since last: 513189 ns, Reaching safepoint: 83227 ns, At safepoint: 19735 ns, Total: 102962 ns
[2020-09-11T11:45:58.068+0000][1][safepoint    ] Safepoint "RevokeBias", Time since last: 5909559 ns, Reaching safepoint: 122516 ns, At safepoint: 45748 ns, Total: 168264 ns
[2020-09-11T11:45:58.068+0000][1][safepoint    ] Safepoint "RevokeBias", Time since last: 88108 ns, Reaching safepoint: 82314 ns, At safepoint: 23098 ns, Total: 105412 ns
[2020-09-11T11:45:58.071+0000][1][safepoint    ] Safepoint "RevokeBias", Time since last: 3421836 ns, Reaching safepoint: 100178 ns, At safepoint: 63738 ns, Total: 163916 ns
[2020-09-11T11:45:58.072+0000][1][safepoint    ] Safepoint "RevokeBias", Time since last: 247337 ns, Reaching safepoint: 35752 ns, At safepoint: 33653 ns, Total: 69405 ns
[2020-09-11T11:45:58.072+0000][1][safepoint    ] Safepoint "RevokeBias", Time since last: 67196 ns, Reaching safepoint: 83854 ns, At safepoint: 37992 ns, Total: 121846 ns
[2020-09-11T11:45:58.072+0000][1][safepoint    ] Safepoint "RevokeBias", Time since last: 113518 ns, Reaching safepoint: 84592 ns, At safepoint: 36089 ns, Total: 120681 ns
[2020-09-11T11:45:58.072+0000][1][safepoint    ] Safepoint "RevokeBias", Time since last: 43208 ns, Reaching safepoint: 82407 ns, At safepoint: 34372 ns, Total: 116779 ns
[2020-09-11T11:45:58.072+0000][1][safepoint    ] Safepoint "RevokeBias", Time since last: 27519 ns, Reaching safepoint: 83781 ns, At safepoint: 47935 ns, Total: 131716 ns
[2020-09-11T11:45:58.073+0000][1][safepoint    ] Safepoint "RevokeBias", Time since last: 26460 ns, Reaching safepoint: 81022 ns, At safepoint: 30928 ns, Total: 111950 ns
[2020-09-11T11:45:58.073+0000][1][safepoint    ] Safepoint "RevokeBias", Time since last: 209848 ns, Reaching safepoint: 83308 ns, At safepoint: 35560 ns, Total: 118868 ns
[2020-09-11T11:45:58.073+0000][1][safepoint    ] Safepoint "RevokeBias", Time since last: 102748 ns, Reaching safepoint: 82414 ns, At safepoint: 33710 ns, Total: 116124 ns
[2020-09-11T11:45:58.074+0000][1][safepoint    ] Safepoint "RevokeBias", Time since last: 793831 ns, Reaching safepoint: 419639 ns, At safepoint: 37744 ns, Total: 457383 ns
[2020-09-11T11:45:58.084+0000][1][safepoint    ] Safepoint "RevokeBias", Time since last: 9061357 ns, Reaching safepoint: 116232 ns, At safepoint: 48875 ns, Total: 165107 ns
[2020-09-11T11:45:58.084+0000][1][safepoint    ] Safepoint "RevokeBias", Time since last: 512986 ns, Reaching safepoint: 87064 ns, At safepoint: 40688 ns, Total: 127752 ns
[2020-09-11T11:45:58.108+0000][1][safepoint    ] Safepoint "BulkRevokeBias", Time since last: 23406737 ns, Reaching safepoint: 105470 ns, At safepoint: 72880 ns, Total: 178350 ns
[2020-09-11T11:45:58.108+0000][1][safepoint    ] Safepoint "RevokeBias", Time since last: 407576 ns, Reaching safepoint: 90607 ns, At safepoint: 32079 ns, Total: 122686 ns
[2020-09-11T11:45:58.109+0000][1][safepoint    ] Safepoint "RevokeBias", Time since last: 298941 ns, Reaching safepoint: 86234 ns, At safepoint: 20324 ns, Total: 106558 ns
[2020-09-11T11:45:58.110+0000][1][safepoint    ] Safepoint "RevokeBias", Time since last: 1256804 ns, Reaching safepoint: 88105 ns, At safepoint: 23906 ns, Total: 112011 ns
[2020-09-11T11:45:58.118+0000][1][safepoint    ] Safepoint "BulkRevokeBias", Time since last: 7380797 ns, Reaching safepoint: 110608 ns, At safepoint: 83710 ns, Total: 194318 ns
[2020-09-11T11:45:58.132+0000][1][safepoint    ] Safepoint "RevokeBias", Time since last: 13699701 ns, Reaching safepoint: 113323 ns, At safepoint: 49395 ns, Total: 162718 ns
[2020-09-11T11:45:58.144+0000][1][safepoint    ] Safepoint "RevokeBias", Time since last: 12486987 ns, Reaching safepoint: 42894 ns, At safepoint: 39265 ns, Total: 82159 ns
[2020-09-11T11:45:58.144+0000][1][safepoint    ] Safepoint "RevokeBias", Time since last: 50762 ns, Reaching safepoint: 15035 ns, At safepoint: 21847 ns, Total: 36882 ns
[2020-09-11T11:45:58.664+0000][1][safepoint    ] Safepoint "RevokeBias", Time since last: 519169218 ns, Reaching safepoint: 125505 ns, At safepoint: 17144 ns, Total: 142649 ns
[2020-09-11T11:45:59.346+0000][1][gc,start     ] GC(61) Pause Young (Allocation Failure)
[2020-09-11T11:45:59.346+0000][1][gc,task      ] GC(61) Using 1 workers of 1 for evacuation
[2020-09-11T11:45:59.561+0000][1][gc,age       ] GC(61) Desired survivor size 4358144 bytes, new threshold 2 (max threshold 6)
[2020-09-11T11:45:59.561+0000][1][gc,age       ] GC(61) Age table with threshold 2 (max threshold 6)
[2020-09-11T11:45:59.561+0000][1][gc,age       ] GC(61) - age   1:    2190336 bytes,    2190336 total
[2020-09-11T11:45:59.561+0000][1][gc,age       ] GC(61) - age   2:    2653576 bytes,    4843912 total
[2020-09-11T11:45:59.561+0000][1][gc,heap      ] GC(61) ParNew: 76672K->6141K(76672K)
[2020-09-11T11:45:59.561+0000][1][gc,heap      ] GC(61) CMS: 50052K->54089K(439104K)
[2020-09-11T11:45:59.561+0000][1][gc,metaspace ] GC(61) Metaspace: 52530K->52530K(1097728K)
[2020-09-11T11:45:59.561+0000][1][gc           ] GC(61) Pause Young (Allocation Failure) 123M->58M(503M) 214.994ms
[2020-09-11T11:45:59.561+0000][1][gc,cpu       ] GC(61) User=0.07s Sys=0.00s Real=0.21s
[2020-09-11T11:45:59.575+0000][1][safepoint    ] Safepoint "GenCollectForAllocation", Time since last: 681937324 ns, Reaching safepoint: 118053 ns, At safepoint: 229876232 ns, Total: 229994285 ns
[2020-09-11T11:46:00.794+0000][1][safepoint    ] Safepoint "Cleanup", Time since last: 1211921853 ns, Reaching safepoint: 6169412 ns, At safepoint: 11336 ns, Total: 6180748 ns
[2020-09-11T11:46:01.794+0000][1][safepoint    ] Safepoint "Cleanup", Time since last: 1000106632 ns, Reaching safepoint: 122543 ns, At safepoint: 5896 ns, Total: 128439 ns
[2020-09-11T11:46:03.116+0000][1][safepoint    ] Safepoint "Cleanup", Time since last: 1321630281 ns, Reaching safepoint: 468960 ns, At safepoint: 8485 ns, Total: 477445 ns
[2020-09-11T11:46:03.458+0000][1][gc,start     ] GC(62) Pause Young (Allocation Failure)
[2020-09-11T11:46:03.458+0000][1][gc,task      ] GC(62) Using 1 workers of 1 for evacuation
[2020-09-11T11:46:03.594+0000][1][gc,age       ] GC(62) Desired survivor size 4358144 bytes, new threshold 6 (max threshold 6)
[2020-09-11T11:46:03.594+0000][1][gc,age       ] GC(62) Age table with threshold 6 (max threshold 6)
[2020-09-11T11:46:03.594+0000][1][gc,age       ] GC(62) - age   1:    1622568 bytes,    1622568 total
[2020-09-11T11:46:03.594+0000][1][gc,age       ] GC(62) - age   2:    2151376 bytes,    3773944 total
[2020-09-11T11:46:03.594+0000][1][gc,heap      ] GC(62) ParNew: 74301K->5083K(76672K)
[2020-09-11T11:46:03.594+0000][1][gc,heap      ] GC(62) CMS: 54089K->56788K(439104K)
[2020-09-11T11:46:03.594+0000][1][gc,metaspace ] GC(62) Metaspace: 60165K->60165K(1103872K)
[2020-09-11T11:46:03.594+0000][1][gc           ] GC(62) Pause Young (Allocation Failure) 125M->60M(503M) 136.326ms
[2020-09-11T11:46:03.594+0000][1][gc,cpu       ] GC(62) User=0.04s Sys=0.00s Real=0.13s
[2020-09-11T11:46:03.594+0000][1][safepoint    ] Safepoint "GenCollectForAllocation", Time since last: 341844264 ns, Reaching safepoint: 141473 ns, At safepoint: 136370668 ns, Total: 136512141 ns
[2020-09-11T11:46:03.616+0000][1][safepoint    ] Safepoint "CollectForMetadataAllocation", Time since last: 21141266 ns, Reaching safepoint: 844702 ns, At safepoint: 108221 ns, Total: 952923 ns
[2020-09-11T11:46:03.653+0000][1][safepoint    ] Safepoint "CollectForMetadataAllocation", Time since last: 36503175 ns, Reaching safepoint: 393690 ns, At safepoint: 113884 ns, Total: 507574 ns
[2020-09-11T11:46:03.756+0000][1][safepoint    ] Safepoint "CollectForMetadataAllocation", Time since last: 102059214 ns, Reaching safepoint: 117842 ns, At safepoint: 128879 ns, Total: 246721 ns
[2020-09-11T11:46:03.981+0000][1][safepoint    ] Safepoint "CollectForMetadataAllocation", Time since last: 225204697 ns, Reaching safepoint: 126861 ns, At safepoint: 130535 ns, Total: 257396 ns
[2020-09-11T11:46:04.120+0000][1][safepoint    ] Safepoint "CollectForMetadataAllocation", Time since last: 138428789 ns, Reaching safepoint: 126711 ns, At safepoint: 133305 ns, Total: 260016 ns
[2020-09-11T11:46:04.452+0000][1][safepoint    ] Safepoint "CollectForMetadataAllocation", Time since last: 326803837 ns, Reaching safepoint: 4828975 ns, At safepoint: 118089 ns, Total: 4947064 ns
[2020-09-11T11:46:04.651+0000][1][safepoint    ] Safepoint "CollectForMetadataAllocation", Time since last: 197240815 ns, Reaching safepoint: 1875075 ns, At safepoint: 117993 ns, Total: 1993068 ns
[2020-09-11T11:46:04.969+0000][1][safepoint    ] Safepoint "CollectForMetadataAllocation", Time since last: 313644684 ns, Reaching safepoint: 4056992 ns, At safepoint: 137943 ns, Total: 4194935 ns
[2020-09-11T11:46:05.308+0000][1][safepoint    ] Safepoint "CollectForMetadataAllocation", Time since last: 338782527 ns, Reaching safepoint: 108060 ns, At safepoint: 89595 ns, Total: 197655 ns
[2020-09-11T11:46:05.594+0000][1][gc,start     ] GC(63) Pause Initial Mark
[2020-09-11T11:46:05.660+0000][1][gc           ] GC(63) Pause Initial Mark 92M->92M(503M) 66.593ms
[2020-09-11T11:46:05.660+0000][1][gc,cpu       ] GC(63) User=0.03s Sys=0.00s Real=0.07s
[2020-09-11T11:46:05.689+0000][1][safepoint    ] Safepoint "CMS_Initial_Mark", Time since last: 285827153 ns, Reaching safepoint: 180925 ns, At safepoint: 94857022 ns, Total: 95037947 ns
[2020-09-11T11:46:05.689+0000][1][gc           ] GC(63) Concurrent Mark
[2020-09-11T11:46:05.784+0000][1][safepoint    ] Safepoint "CollectForMetadataAllocation", Time since last: 86900329 ns, Reaching safepoint: 8556056 ns, At safepoint: 115815 ns, Total: 8671871 ns
[2020-09-11T11:46:05.872+0000][1][safepoint    ] Safepoint "Deoptimize", Time since last: 87462926 ns, Reaching safepoint: 61466 ns, At safepoint: 324857 ns, Total: 386323 ns
[2020-09-11T11:46:06.197+0000][1][gc           ] GC(63) Concurrent Mark 508.623ms
[2020-09-11T11:46:06.197+0000][1][gc,cpu       ] GC(63) User=0.17s Sys=0.01s Real=0.51s
[2020-09-11T11:46:06.197+0000][1][gc           ] GC(63) Concurrent Preclean
[2020-09-11T11:46:06.199+0000][1][gc           ] GC(63) Concurrent Preclean 1.685ms
[2020-09-11T11:46:06.199+0000][1][gc,cpu       ] GC(63) User=0.00s Sys=0.00s Real=0.00s
[2020-09-11T11:46:06.199+0000][1][gc           ] GC(63) Concurrent Abortable Preclean
[2020-09-11T11:46:06.368+0000][1][safepoint    ] Safepoint "CollectForMetadataAllocation", Time since last: 483491241 ns, Reaching safepoint: 12051506 ns, At safepoint: 146224 ns, Total: 12197730 ns
[2020-09-11T11:46:06.613+0000][1][safepoint    ] Safepoint "CollectForMetadataAllocation", Time since last: 245519646 ns, Reaching safepoint: 55677 ns, At safepoint: 119807 ns, Total: 175484 ns
[2020-09-11T11:46:07.123+0000][1][safepoint    ] Safepoint "CollectForMetadataAllocation", Time since last: 509396937 ns, Reaching safepoint: 112332 ns, At safepoint: 125256 ns, Total: 237588 ns
[2020-09-11T11:46:07.161+0000][1][safepoint    ] Safepoint "RevokeBias", Time since last: 32575791 ns, Reaching safepoint: 5138550 ns, At safepoint: 53170 ns, Total: 5191720 ns
[2020-09-11T11:46:07.161+0000][1][safepoint    ] Safepoint "RevokeBias", Time since last: 214035 ns, Reaching safepoint: 91724 ns, At safepoint: 32717 ns, Total: 124441 ns
[2020-09-11T11:46:07.161+0000][1][safepoint    ] Safepoint "RevokeBias", Time since last: 40311 ns, Reaching safepoint: 85843 ns, At safepoint: 26177 ns, Total: 112020 ns
[2020-09-11T11:46:07.164+0000][1][safepoint    ] Safepoint "RevokeBias", Time since last: 2179942 ns, Reaching safepoint: 93913 ns, At safepoint: 34161 ns, Total: 128074 ns
[2020-09-11T11:46:07.409+0000][1][safepoint    ] Safepoint "CollectForMetadataAllocation", Time since last: 240618720 ns, Reaching safepoint: 4744321 ns, At safepoint: 73862 ns, Total: 4818183 ns
[2020-09-11T11:46:07.660+0000][1][safepoint    ] Safepoint "CollectForMetadataAllocation", Time since last: 251234543 ns, Reaching safepoint: 55670 ns, At safepoint: 97675 ns, Total: 153345 ns
[2020-09-11T11:46:07.772+0000][1][safepoint    ] Safepoint "CollectForMetadataAllocation", Time since last: 111059639 ns, Reaching safepoint: 117792 ns, At safepoint: 144274 ns, Total: 262066 ns
[2020-09-11T11:46:07.960+0000][1][safepoint    ] Safepoint "CollectForMetadataAllocation", Time since last: 172537968 ns, Reaching safepoint: 15377467 ns, At safepoint: 125968 ns, Total: 15503435 ns
[2020-09-11T11:46:08.131+0000][1][safepoint    ] Safepoint "CollectForMetadataAllocation", Time since last: 163717311 ns, Reaching safepoint: 7287831 ns, At safepoint: 127219 ns, Total: 7415050 ns
[2020-09-11T11:46:08.186+0000][1][safepoint    ] Safepoint "RevokeBias", Time since last: 55340123 ns, Reaching safepoint: 57293 ns, At safepoint: 12827 ns, Total: 70120 ns
[2020-09-11T11:46:08.187+0000][1][safepoint    ] Safepoint "RevokeBias", Time since last: 439961 ns, Reaching safepoint: 86609 ns, At safepoint: 10182 ns, Total: 96791 ns
[2020-09-11T11:46:08.372+0000][1][safepoint    ] Safepoint "CollectForMetadataAllocation", Time since last: 184618703 ns, Reaching safepoint: 133312 ns, At safepoint: 136450 ns, Total: 269762 ns
[2020-09-11T11:46:08.549+0000][1][safepoint    ] Safepoint "CollectForMetadataAllocation", Time since last: 176574886 ns, Reaching safepoint: 285753 ns, At safepoint: 126213 ns, Total: 411966 ns
[2020-09-11T11:46:08.594+0000][1][gc,start     ] GC(64) Pause Young (Allocation Failure)
[2020-09-11T11:46:08.594+0000][1][gc,task      ] GC(64) Using 1 workers of 1 for evacuation
[2020-09-11T11:46:08.643+0000][1][gc,age       ] GC(64) Desired survivor size 4358144 bytes, new threshold 2 (max threshold 6)
[2020-09-11T11:46:08.643+0000][1][gc,age       ] GC(64) Age table with threshold 2 (max threshold 6)
[2020-09-11T11:46:08.643+0000][1][gc,age       ] GC(64) - age   1:    3420200 bytes,    3420200 total
[2020-09-11T11:46:08.643+0000][1][gc,age       ] GC(64) - age   2:    1466064 bytes,    4886264 total
[2020-09-11T11:46:08.643+0000][1][gc,age       ] GC(64) - age   3:    2137584 bytes,    7023848 total
[2020-09-11T11:46:08.643+0000][1][gc,heap      ] GC(64) ParNew: 73243K->8069K(76672K)
[2020-09-11T11:46:08.643+0000][1][gc,heap      ] GC(64) CMS: 56788K->56788K(439104K)
[2020-09-11T11:46:08.643+0000][1][gc,metaspace ] GC(64) Metaspace: 66327K->66327K(1110016K)
[2020-09-11T11:46:08.643+0000][1][gc           ] GC(64) Pause Young (Allocation Failure) 126M->63M(503M) 49.034ms
[2020-09-11T11:46:08.643+0000][1][gc,cpu       ] GC(64) User=0.02s Sys=0.00s Real=0.05s
[2020-09-11T11:46:08.663+0000][1][safepoint    ] Safepoint "GenCollectForAllocation", Time since last: 44841729 ns, Reaching safepoint: 112657 ns, At safepoint: 69773801 ns, Total: 69886458 ns
[2020-09-11T11:46:08.724+0000][1][safepoint    ] Safepoint "CollectForMetadataAllocation", Time since last: 52009746 ns, Reaching safepoint: 8063019 ns, At safepoint: 120189 ns, Total: 8183208 ns
[2020-09-11T11:46:08.872+0000][1][safepoint    ] Safepoint "CollectForMetadataAllocation", Time since last: 140604753 ns, Reaching safepoint: 7346534 ns, At safepoint: 126890 ns, Total: 7473424 ns
[2020-09-11T11:46:08.983+0000][1][safepoint    ] Safepoint "CollectForMetadataAllocation", Time since last: 111414324 ns, Reaching safepoint: 58015 ns, At safepoint: 108766 ns, Total: 166781 ns
[2020-09-11T11:46:09.190+0000][1][safepoint    ] Safepoint "CollectForMetadataAllocation", Time since last: 206492953 ns, Reaching safepoint: 68143 ns, At safepoint: 110547 ns, Total: 178690 ns
[2020-09-11T11:46:09.303+0000][1][safepoint    ] Safepoint "CollectForMetadataAllocation", Time since last: 105564855 ns, Reaching safepoint: 7451714 ns, At safepoint: 125975 ns, Total: 7577689 ns
[2020-09-11T11:46:09.390+0000][1][safepoint    ] Safepoint "CollectForMetadataAllocation", Time since last: 82217473 ns, Reaching safepoint: 4271598 ns, At safepoint: 121993 ns, Total: 4393591 ns
[2020-09-11T11:46:09.425+0000][1][safepoint    ] Safepoint "CollectForMetadataAllocation", Time since last: 31172214 ns, Reaching safepoint: 4107128 ns, At safepoint: 119963 ns, Total: 4227091 ns
[2020-09-11T11:46:09.448+0000][1][safepoint    ] Safepoint "Deoptimize", Time since last: 22643467 ns, Reaching safepoint: 98797 ns, At safepoint: 321038 ns, Total: 419835 ns
[2020-09-11T11:46:09.496+0000][1][safepoint    ] Safepoint "Deoptimize", Time since last: 47286042 ns, Reaching safepoint: 64004 ns, At safepoint: 366190 ns, Total: 430194 ns
[2020-09-11T11:46:09.513+0000][1][safepoint    ] Safepoint "CollectForMetadataAllocation", Time since last: 16485969 ns, Reaching safepoint: 54893 ns, At safepoint: 121992 ns, Total: 176885 ns
[2020-09-11T11:46:09.640+0000][1][safepoint    ] Safepoint "CollectForMetadataAllocation", Time since last: 127584941 ns, Reaching safepoint: 55463 ns, At safepoint: 77421 ns, Total: 132884 ns
[2020-09-11T11:46:09.784+0000][1][safepoint    ] Safepoint "CollectForMetadataAllocation", Time since last: 129731360 ns, Reaching safepoint: 13509394 ns, At safepoint: 142400 ns, Total: 13651794 ns
[2020-09-11T11:46:09.833+0000][1][safepoint    ] Safepoint "RevokeBias", Time since last: 48935362 ns, Reaching safepoint: 46877 ns, At safepoint: 16949 ns, Total: 63826 ns
[2020-09-11T11:46:09.833+0000][1][safepoint    ] Safepoint "RevokeBias", Time since last: 246518 ns, Reaching safepoint: 86377 ns, At safepoint: 16216 ns, Total: 102593 ns
[2020-09-11T11:46:09.833+0000][1][safepoint    ] Safepoint "RevokeBias", Time since last: 152808 ns, Reaching safepoint: 80452 ns, At safepoint: 15970 ns, Total: 96422 ns
[2020-09-11T11:46:09.834+0000][1][safepoint    ] Safepoint "RevokeBias", Time since last: 601742 ns, Reaching safepoint: 83547 ns, At safepoint: 16389 ns, Total: 99936 ns
[2020-09-11T11:46:09.847+0000][1][safepoint    ] Safepoint "RevokeBias", Time since last: 5483631 ns, Reaching safepoint: 7138908 ns, At safepoint: 28051 ns, Total: 7166959 ns
[2020-09-11T11:46:09.847+0000][1][safepoint    ] Safepoint "RevokeBias", Time since last: 590349 ns, Reaching safepoint: 94594 ns, At safepoint: 20535 ns, Total: 115129 ns
[2020-09-11T11:46:09.863+0000][1][safepoint    ] Safepoint "RevokeBias", Time since last: 8140417 ns, Reaching safepoint: 8053228 ns, At safepoint: 26038 ns, Total: 8079266 ns
[2020-09-11T11:46:09.864+0000][1][safepoint    ] Safepoint "RevokeBias", Time since last: 124895 ns, Reaching safepoint: 15044 ns, At safepoint: 14903 ns, Total: 29947 ns
[2020-09-11T11:46:09.864+0000][1][safepoint    ] Safepoint "RevokeBias", Time since last: 306836 ns, Reaching safepoint: 10712 ns, At safepoint: 14364 ns, Total: 25076 ns
[2020-09-11T11:46:09.864+0000][1][safepoint    ] Safepoint "RevokeBias", Time since last: 199169 ns, Reaching safepoint: 14132 ns, At safepoint: 13901 ns, Total: 28033 ns
[2020-09-11T11:46:09.864+0000][1][safepoint    ] Safepoint "RevokeBias", Time since last: 33885 ns, Reaching safepoint: 11235 ns, At safepoint: 12820 ns, Total: 24055 ns
[2020-09-11T11:46:09.866+0000][1][safepoint    ] Safepoint "RevokeBias", Time since last: 1291335 ns, Reaching safepoint: 16984 ns, At safepoint: 17022 ns, Total: 34006 ns
[2020-09-11T11:46:09.866+0000][1][safepoint    ] Safepoint "RevokeBias", Time since last: 128573 ns, Reaching safepoint: 13208 ns, At safepoint: 15388 ns, Total: 28596 ns
[2020-09-11T11:46:09.870+0000][1][safepoint    ] Safepoint "RevokeBias", Time since last: 3834905 ns, Reaching safepoint: 109834 ns, At safepoint: 25669 ns, Total: 135503 ns
[2020-09-11T11:46:09.875+0000][1][safepoint    ] Safepoint "RevokeBias", Time since last: 5679796 ns, Reaching safepoint: 42358 ns, At safepoint: 20888 ns, Total: 63246 ns
[2020-09-11T11:46:09.884+0000][1][safepoint    ] Safepoint "RevokeBias", Time since last: 1839348 ns, Reaching safepoint: 6281177 ns, At safepoint: 33423 ns, Total: 6314600 ns
[2020-09-11T11:46:09.901+0000][1][safepoint    ] Safepoint "RevokeBias", Time since last: 6892879 ns, Reaching safepoint: 10038458 ns, At safepoint: 42331 ns, Total: 10080789 ns
[2020-09-11T11:46:09.901+0000][1][safepoint    ] Safepoint "RevokeBias", Time since last: 580220 ns, Reaching safepoint: 17310 ns, At safepoint: 16649 ns, Total: 33959 ns
[2020-09-11T11:46:09.901+0000][1][safepoint    ] Safepoint "RevokeBias", Time since last: 46318 ns, Reaching safepoint: 10100 ns, At safepoint: 13311 ns, Total: 23411 ns
[2020-09-11T11:46:09.902+0000][1][safepoint    ] Safepoint "RevokeBias", Time since last: 622746 ns, Reaching safepoint: 14907 ns, At safepoint: 13755 ns, Total: 28662 ns
[2020-09-11T11:46:09.902+0000][1][safepoint    ] Safepoint "RevokeBias", Time since last: 53910 ns, Reaching safepoint: 10404 ns, At safepoint: 13364 ns, Total: 23768 ns
[2020-09-11T11:46:09.909+0000][1][safepoint    ] Safepoint "Deoptimize", Time since last: 7036872 ns, Reaching safepoint: 101445 ns, At safepoint: 318723 ns, Total: 420168 ns
[2020-09-11T11:46:10.008+0000][1][safepoint    ] Safepoint "CollectForMetadataAllocation", Time since last: 97486265 ns, Reaching safepoint: 524069 ns, At safepoint: 113697 ns, Total: 637766 ns
[2020-09-11T11:46:10.152+0000][1][safepoint    ] Safepoint "RevokeBias", Time since last: 127843260 ns, Reaching safepoint: 16076785 ns, At safepoint: 44025 ns, Total: 16120810 ns
[2020-09-11T11:46:10.172+0000][1][safepoint    ] Safepoint "RevokeBias", Time since last: 19890343 ns, Reaching safepoint: 117788 ns, At safepoint: 38512 ns, Total: 156300 ns
[2020-09-11T11:46:10.215+0000][1][safepoint    ] Safepoint "RevokeBias", Time since last: 11870121 ns, Reaching safepoint: 31983723 ns, At safepoint: 43438 ns, Total: 32027161 ns
[2020-09-11T11:46:10.216+0000][1][safepoint    ] Safepoint "RevokeBias", Time since last: 101679 ns, Reaching safepoint: 86335 ns, At safepoint: 21852 ns, Total: 108187 ns
[2020-09-11T11:46:10.216+0000][1][safepoint    ] Safepoint "RevokeBias", Time since last: 35469 ns, Reaching safepoint: 81933 ns, At safepoint: 20929 ns, Total: 102862 ns
[2020-09-11T11:46:10.216+0000][1][safepoint    ] Safepoint "RevokeBias", Time since last: 38488 ns, Reaching safepoint: 81137 ns, At safepoint: 19943 ns, Total: 101080 ns
[2020-09-11T11:46:10.216+0000][1][safepoint    ] Safepoint "RevokeBias", Time since last: 49409 ns, Reaching safepoint: 81124 ns, At safepoint: 19399 ns, Total: 100523 ns
[2020-09-11T11:46:10.216+0000][1][safepoint    ] Safepoint "RevokeBias", Time since last: 35233 ns, Reaching safepoint: 81143 ns, At safepoint: 20242 ns, Total: 101385 ns
[2020-09-11T11:46:10.324+0000][1][safepoint    ] Safepoint "CollectForMetadataAllocation", Time since last: 107175286 ns, Reaching safepoint: 94225 ns, At safepoint: 93293 ns, Total: 187518 ns
[2020-09-11T11:46:10.489+0000][1][safepoint    ] Safepoint "CollectForMetadataAllocation", Time since last: 165674180 ns, Reaching safepoint: 108733 ns, At safepoint: 80513 ns, Total: 189246 ns
[2020-09-11T11:46:10.564+0000][1][safepoint    ] Safepoint "RevokeBias", Time since last: 65919121 ns, Reaching safepoint: 8156396 ns, At safepoint: 30202 ns, Total: 8186598 ns
[2020-09-11T11:46:10.637+0000][1][safepoint    ] Safepoint "Deoptimize", Time since last: 72778937 ns, Reaching safepoint: 57087 ns, At safepoint: 321601 ns, Total: 378688 ns
[2020-09-11T11:46:10.706+0000][1][safepoint    ] Safepoint "RevokeBias", Time since last: 65972143 ns, Reaching safepoint: 3731368 ns, At safepoint: 34409 ns, Total: 3765777 ns
[2020-09-11T11:46:10.744+0000][1][safepoint    ] Safepoint "CollectForMetadataAllocation", Time since last: 32953461 ns, Reaching safepoint: 4649084 ns, At safepoint: 124188 ns, Total: 4773272 ns
[2020-09-11T11:46:10.746+0000][1][safepoint    ] Safepoint "CollectForMetadataAllocation", Time since last: 951180 ns, Reaching safepoint: 1019144 ns, At safepoint: 11919 ns, Total: 1031063 ns
[2020-09-11T11:46:10.841+0000][1][safepoint    ] Safepoint "CollectForMetadataAllocation", Time since last: 94760117 ns, Reaching safepoint: 114424 ns, At safepoint: 123066 ns, Total: 237490 ns
[2020-09-11T11:46:10.897+0000][1][safepoint    ] Safepoint "RevokeBias", Time since last: 42220094 ns, Reaching safepoint: 13123361 ns, At safepoint: 17537 ns, Total: 13140898 ns
[2020-09-11T11:46:10.897+0000][1][safepoint    ] Safepoint "RevokeBias", Time since last: 668377 ns, Reaching safepoint: 89071 ns, At safepoint: 12836 ns, Total: 101907 ns
[2020-09-11T11:46:10.919+0000][1][safepoint    ] Safepoint "RevokeBias", Time since last: 18095970 ns, Reaching safepoint: 4002841 ns, At safepoint: 52272 ns, Total: 4055113 ns
[2020-09-11T11:46:10.920+0000][1][safepoint    ] Safepoint "RevokeBias", Time since last: 200351 ns, Reaching safepoint: 95123 ns, At safepoint: 14625 ns, Total: 109748 ns
[2020-09-11T11:46:10.920+0000][1][safepoint    ] Safepoint "RevokeBias", Time since last: 131546 ns, Reaching safepoint: 88376 ns, At safepoint: 22412 ns, Total: 110788 ns
[2020-09-11T11:46:10.923+0000][1][safepoint    ] Safepoint "RevokeBias", Time since last: 183610 ns, Reaching safepoint: 3206877 ns, At safepoint: 34072 ns, Total: 3240949 ns
[2020-09-11T11:46:10.924+0000][1][safepoint    ] Safepoint "RevokeBias", Time since last: 49825 ns, Reaching safepoint: 93293 ns, At safepoint: 24223 ns, Total: 117516 ns
[2020-09-11T11:46:10.924+0000][1][safepoint    ] Safepoint "RevokeBias", Time since last: 67747 ns, Reaching safepoint: 87151 ns, At safepoint: 19792 ns, Total: 106943 ns
[2020-09-11T11:46:10.924+0000][1][safepoint    ] Safepoint "RevokeBias", Time since last: 213301 ns, Reaching safepoint: 88099 ns, At safepoint: 21835 ns, Total: 109934 ns
[2020-09-11T11:46:10.924+0000][1][safepoint    ] Safepoint "RevokeBias", Time since last: 32639 ns, Reaching safepoint: 85718 ns, At safepoint: 33316 ns, Total: 119034 ns
[2020-09-11T11:46:10.925+0000][1][safepoint    ] Safepoint "RevokeBias", Time since last: 664616 ns, Reaching safepoint: 87753 ns, At safepoint: 24689 ns, Total: 112442 ns
[2020-09-11T11:46:10.925+0000][1][safepoint    ] Safepoint "RevokeBias", Time since last: 126562 ns, Reaching safepoint: 87158 ns, At safepoint: 22309 ns, Total: 109467 ns
[2020-09-11T11:46:10.926+0000][1][safepoint    ] Safepoint "RevokeBias", Time since last: 332680 ns, Reaching safepoint: 99168 ns, At safepoint: 23990 ns, Total: 123158 ns
[2020-09-11T11:46:10.927+0000][1][safepoint    ] Safepoint "RevokeBias", Time since last: 38389 ns, Reaching safepoint: 1625541 ns, At safepoint: 22003 ns, Total: 1647544 ns
[2020-09-11T11:46:10.944+0000][1][safepoint    ] Safepoint "RevokeBias", Time since last: 9721184 ns, Reaching safepoint: 6442955 ns, At safepoint: 34316 ns, Total: 6477271 ns
[2020-09-11T11:46:10.944+0000][1][safepoint    ] Safepoint "RevokeBias", Time since last: 384964 ns, Reaching safepoint: 92209 ns, At safepoint: 27263 ns, Total: 119472 ns
[2020-09-11T11:46:10.944+0000][1][safepoint    ] Safepoint "RevokeBias", Time since last: 44107 ns, Reaching safepoint: 87957 ns, At safepoint: 18926 ns, Total: 106883 ns
[2020-09-11T11:46:10.953+0000][1][safepoint    ] Safepoint "RevokeBias", Time since last: 7913562 ns, Reaching safepoint: 188388 ns, At safepoint: 120176 ns, Total: 308564 ns
[2020-09-11T11:46:10.966+0000][1][safepoint    ] Safepoint "RevokeBias", Time since last: 7865956 ns, Reaching safepoint: 5616309 ns, At safepoint: 22935 ns, Total: 5639244 ns
[2020-09-11T11:46:10.967+0000][1][safepoint    ] Safepoint "CollectForMetadataAllocation", Time since last: 673708 ns, Reaching safepoint: 91986 ns, At safepoint: 119092 ns, Total: 211078 ns
[2020-09-11T11:46:10.976+0000][1][safepoint    ] Safepoint "RevokeBias", Time since last: 8537290 ns, Reaching safepoint: 69994 ns, At safepoint: 17152 ns, Total: 87146 ns
[2020-09-11T11:46:10.984+0000][1][safepoint    ] Safepoint "RevokeBias", Time since last: 7910166 ns, Reaching safepoint: 78411 ns, At safepoint: 17012 ns, Total: 95423 ns
[2020-09-11T11:46:10.984+0000][1][safepoint    ] Safepoint "RevokeBias", Time since last: 184942 ns, Reaching safepoint: 13352 ns, At safepoint: 8781 ns, Total: 22133 ns
[2020-09-11T11:46:10.994+0000][1][safepoint    ] Safepoint "RevokeBias", Time since last: 10213436 ns, Reaching safepoint: 108391 ns, At safepoint: 15214 ns, Total: 123605 ns
[2020-09-11T11:46:11.201+0000][1][gc           ] GC(63) Concurrent Abortable Preclean 5002.295ms
[2020-09-11T11:46:11.201+0000][1][gc,cpu       ] GC(63) User=2.22s Sys=0.01s Real=5.00s
[2020-09-11T11:46:11.201+0000][1][gc,start     ] GC(63) Pause Remark
[2020-09-11T11:46:11.246+0000][1][gc           ] GC(63) Pause Remark 95M->95M(503M) 44.271ms
[2020-09-11T11:46:11.246+0000][1][gc,cpu       ] GC(63) User=0.02s Sys=0.00s Real=0.05s
[2020-09-11T11:46:11.254+0000][1][safepoint    ] Safepoint "CMS_Final_Remark", Time since last: 207283070 ns, Reaching safepoint: 38084 ns, At safepoint: 52418490 ns, Total: 52456574 ns
[2020-09-11T11:46:11.254+0000][1][gc           ] GC(63) Concurrent Sweep
[2020-09-11T11:46:11.286+0000][1][gc           ] GC(63) Concurrent Sweep 32.524ms
[2020-09-11T11:46:11.286+0000][1][gc,cpu       ] GC(63) User=0.01s Sys=0.00s Real=0.04s
[2020-09-11T11:46:11.286+0000][1][gc           ] GC(63) Concurrent Reset
[2020-09-11T11:46:11.287+0000][1][gc           ] GC(63) Concurrent Reset 0.638ms
[2020-09-11T11:46:11.287+0000][1][gc,cpu       ] GC(63) User=0.00s Sys=0.00s Real=0.00s
[2020-09-11T11:46:11.287+0000][1][gc,heap      ] GC(63) Old: 56788K->55835K(439104K)
[2020-09-11T11:46:11.832+0000][1][safepoint    ] Safepoint "RevokeBias", Time since last: 577593156 ns, Reaching safepoint: 839585 ns, At safepoint: 20365 ns, Total: 859950 ns
[2020-09-11T11:46:11.861+0000][1][safepoint    ] Safepoint "RevokeBias", Time since last: 28748642 ns, Reaching safepoint: 114928 ns, At safepoint: 18122 ns, Total: 133050 ns
[2020-09-11T11:46:11.862+0000][1][safepoint    ] Safepoint "RevokeBias", Time since last: 416195 ns, Reaching safepoint: 102619 ns, At safepoint: 14401 ns, Total: 117020 ns
[2020-09-11T11:46:11.862+0000][1][safepoint    ] Safepoint "RevokeBias", Time since last: 112869 ns, Reaching safepoint: 97102 ns, At safepoint: 12753 ns, Total: 109855 ns
[2020-09-11T11:46:11.867+0000][1][safepoint    ] Safepoint "RevokeBias", Time since last: 2774890 ns, Reaching safepoint: 2767207 ns, At safepoint: 20078 ns, Total: 2787285 ns
[2020-09-11T11:46:11.868+0000][1][safepoint    ] Safepoint "RevokeBias", Time since last: 236219 ns, Reaching safepoint: 101535 ns, At safepoint: 11292 ns, Total: 112827 ns
[2020-09-11T11:46:12.863+0000][1][safepoint    ] Safepoint "RevokeBias", Time since last: 995505707 ns, Reaching safepoint: 158664 ns, At safepoint: 16151 ns, Total: 174815 ns
[2020-09-11T11:46:13.864+0000][1][safepoint    ] Safepoint "Cleanup", Time since last: 1000101657 ns, Reaching safepoint: 150871 ns, At safepoint: 7019 ns, Total: 157890 ns
[2020-09-11T11:46:13.886+0000][1][safepoint    ] Safepoint "RevokeBias", Time since last: 22429369 ns, Reaching safepoint: 27695 ns, At safepoint: 14081 ns, Total: 41776 ns
[2020-09-11T11:46:14.886+0000][1][safepoint    ] Safepoint "Cleanup", Time since last: 1000163685 ns, Reaching safepoint: 76937 ns, At safepoint: 6379 ns, Total: 83316 ns
[2020-09-11T11:46:15.887+0000][1][safepoint    ] Safepoint "Cleanup", Time since last: 1000171618 ns, Reaching safepoint: 71584 ns, At safepoint: 6508 ns, Total: 78092 ns
[2020-09-11T11:46:17.887+0000][1][safepoint    ] Safepoint "Cleanup", Time since last: 2000312676 ns, Reaching safepoint: 70314 ns, At safepoint: 7124 ns, Total: 77438 ns
[2020-09-11T11:46:19.865+0000][1][safepoint    ] Safepoint "BulkRevokeBias", Time since last: 1977375593 ns, Reaching safepoint: 35471 ns, At safepoint: 106287 ns, Total: 141758 ns
[2020-09-11T11:46:19.866+0000][1][safepoint    ] Safepoint "BulkRevokeBias", Time since last: 1173379 ns, Reaching safepoint: 19697 ns, At safepoint: 136433 ns, Total: 156130 ns
[2020-09-11T11:46:20.866+0000][1][safepoint    ] Safepoint "Cleanup", Time since last: 1000088791 ns, Reaching safepoint: 154421 ns, At safepoint: 7840 ns, Total: 162261 ns
[2020-09-11T11:46:21.866+0000][1][safepoint    ] Safepoint "Cleanup", Time since last: 1000134351 ns, Reaching safepoint: 43200 ns, At safepoint: 4852 ns, Total: 48052 ns
[2020-09-11T11:46:21.868+0000][1][safepoint    ] Safepoint "RevokeBias", Time since last: 1202360 ns, Reaching safepoint: 25661 ns, At safepoint: 10304 ns, Total: 35965 ns
[2020-09-11T11:46:21.868+0000][1][safepoint    ] Safepoint "BulkRevokeBias", Time since last: 67658 ns, Reaching safepoint: 15118 ns, At safepoint: 117529 ns, Total: 132647 ns
[2020-09-11T11:46:22.868+0000][1][safepoint    ] Safepoint "Cleanup", Time since last: 1000080279 ns, Reaching safepoint: 300247 ns, At safepoint: 7860 ns, Total: 308107 ns
[2020-09-11T11:46:23.868+0000][1][safepoint    ] Safepoint "Cleanup", Time since last: 1000092463 ns, Reaching safepoint: 148003 ns, At safepoint: 7435 ns, Total: 155438 ns
[2020-09-11T11:46:24.869+0000][1][safepoint    ] Safepoint "Cleanup", Time since last: 1000094842 ns, Reaching safepoint: 185498 ns, At safepoint: 6867 ns, Total: 192365 ns
[2020-09-11T11:46:26.869+0000][1][safepoint    ] Safepoint "Cleanup", Time since last: 2000163252 ns, Reaching safepoint: 37242 ns, At safepoint: 6035 ns, Total: 43277 ns
[2020-09-11T11:46:27.869+0000][1][safepoint    ] Safepoint "RevokeBias", Time since last: 999781157 ns, Reaching safepoint: 177767 ns, At safepoint: 17340 ns, Total: 195107 ns
[2020-09-11T11:46:28.870+0000][1][safepoint    ] Safepoint "BulkRevokeBias", Time since last: 1000715821 ns, Reaching safepoint: 252932 ns, At safepoint: 279326 ns, Total: 532258 ns
[2020-09-11T11:46:29.869+0000][1][safepoint    ] Safepoint "BulkRevokeBias", Time since last: 998426008 ns, Reaching safepoint: 169969 ns, At safepoint: 248255 ns, Total: 418224 ns
[2020-09-11T11:46:30.872+0000][1][safepoint    ] Safepoint "Cleanup", Time since last: 1002546880 ns, Reaching safepoint: 182167 ns, At safepoint: 17864 ns, Total: 200031 ns
[2020-09-11T11:46:31.872+0000][1][safepoint    ] Safepoint "Cleanup", Time since last: 1000131506 ns, Reaching safepoint: 42591 ns, At safepoint: 5709 ns, Total: 48300 ns
[2020-09-11T11:46:32.873+0000][1][safepoint    ] Safepoint "Cleanup", Time since last: 1001050697 ns, Reaching safepoint: 198468 ns, At safepoint: 22298 ns, Total: 220766 ns
[2020-09-11T11:46:33.874+0000][1][safepoint    ] Safepoint "Cleanup", Time since last: 1000202638 ns, Reaching safepoint: 76892 ns, At safepoint: 6846 ns, Total: 83738 ns
[2020-09-11T11:46:34.874+0000][1][safepoint    ] Safepoint "Cleanup", Time since last: 1000101191 ns, Reaching safepoint: 184677 ns, At safepoint: 6719 ns, Total: 191396 ns
[2020-09-11T11:46:35.874+0000][1][safepoint    ] Safepoint "Cleanup", Time since last: 1000095688 ns, Reaching safepoint: 43645 ns, At safepoint: 6033 ns, Total: 49678 ns
[2020-09-11T11:46:39.875+0000][1][safepoint    ] Safepoint "Cleanup", Time since last: 4000356719 ns, Reaching safepoint: 273358 ns, At safepoint: 20120 ns, Total: 293478 ns
[2020-09-11T11:46:40.875+0000][1][safepoint    ] Safepoint "Cleanup", Time since last: 1000239088 ns, Reaching safepoint: 275878 ns, At safepoint: 20407 ns, Total: 296285 ns
[2020-09-11T11:46:40.980+0000][1][safepoint    ] Safepoint "RevokeBias", Time since last: 104770878 ns, Reaching safepoint: 157533 ns, At safepoint: 19397 ns, Total: 176930 ns
[2020-09-11T11:46:40.981+0000][1][safepoint    ] Safepoint "RevokeBias", Time since last: 625031 ns, Reaching safepoint: 132577 ns, At safepoint: 16816 ns, Total: 149393 ns
[2020-09-11T11:46:40.989+0000][1][safepoint    ] Safepoint "RevokeBias", Time since last: 7555099 ns, Reaching safepoint: 157913 ns, At safepoint: 18189 ns, Total: 176102 ns
[2020-09-11T11:46:40.989+0000][1][safepoint    ] Safepoint "RevokeBias", Time since last: 169479 ns, Reaching safepoint: 142421 ns, At safepoint: 15416 ns, Total: 157837 ns
[2020-09-11T11:46:41.989+0000][1][safepoint    ] Safepoint "Cleanup", Time since last: 1000129477 ns, Reaching safepoint: 114910 ns, At safepoint: 14122 ns, Total: 129032 ns
[2020-09-11T11:46:44.215+0000][1][gc,start     ] GC(65) Pause Young (Allocation Failure)
[2020-09-11T11:46:44.215+0000][1][gc,task      ] GC(65) Using 1 workers of 1 for evacuation
[2020-09-11T11:46:44.244+0000][1][gc,age       ] GC(65) Desired survivor size 4358144 bytes, new threshold 2 (max threshold 6)
[2020-09-11T11:46:44.244+0000][1][gc,age       ] GC(65) Age table with threshold 2 (max threshold 6)
[2020-09-11T11:46:44.244+0000][1][gc,age       ] GC(65) - age   1:    1358432 bytes,    1358432 total
[2020-09-11T11:46:44.244+0000][1][gc,age       ] GC(65) - age   2:    3350104 bytes,    4708536 total
[2020-09-11T11:46:44.244+0000][1][gc,heap      ] GC(65) ParNew: 76229K->6153K(76672K)
[2020-09-11T11:46:44.244+0000][1][gc,heap      ] GC(65) CMS: 55835K->59392K(439104K)
[2020-09-11T11:46:44.244+0000][1][gc,metaspace ] GC(65) Metaspace: 70970K->70970K(1114112K)
[2020-09-11T11:46:44.244+0000][1][gc           ] GC(65) Pause Young (Allocation Failure) 128M->64M(503M) 29.032ms
[2020-09-11T11:46:44.244+0000][1][gc,cpu       ] GC(65) User=0.02s Sys=0.00s Real=0.04s
[2020-09-11T11:46:44.244+0000][1][safepoint    ] Safepoint "GenCollectForAllocation", Time since last: 2225536450 ns, Reaching safepoint: 167101 ns, At safepoint: 29101275 ns, Total: 29268376 ns
[2020-09-11T11:46:45.248+0000][1][safepoint    ] Safepoint "Cleanup", Time since last: 1004205180 ns, Reaching safepoint: 111896 ns, At safepoint: 16755 ns, Total: 128651 ns
[2020-09-11T11:46:46.249+0000][1][safepoint    ] Safepoint "Cleanup", Time since last: 1000245899 ns, Reaching safepoint: 71436 ns, At safepoint: 5064 ns, Total: 76500 ns
[2020-09-11T11:46:47.249+0000][1][safepoint    ] Safepoint "Cleanup", Time since last: 1000173677 ns, Reaching safepoint: 111235 ns, At safepoint: 17550 ns, Total: 128785 ns
[2020-09-11T11:46:48.249+0000][1][safepoint    ] Safepoint "Cleanup", Time since last: 1000225046 ns, Reaching safepoint: 81506 ns, At safepoint: 6171 ns, Total: 87677 ns
[2020-09-11T11:46:50.250+0000][1][safepoint    ] Safepoint "Cleanup", Time since last: 2000264689 ns, Reaching safepoint: 119644 ns, At safepoint: 17985 ns, Total: 137629 ns
[2020-09-11T11:46:51.250+0000][1][safepoint    ] Safepoint "Cleanup", Time since last: 1000206999 ns, Reaching safepoint: 89644 ns, At safepoint: 6670 ns, Total: 96314 ns
[2020-09-11T11:46:54.251+0000][1][safepoint    ] Safepoint "Cleanup", Time since last: 3000434088 ns, Reaching safepoint: 111224 ns, At safepoint: 16361 ns, Total: 127585 ns
[2020-09-11T11:46:55.251+0000][1][safepoint    ] Safepoint "Cleanup", Time since last: 1000225221 ns, Reaching safepoint: 115030 ns, At safepoint: 17069 ns, Total: 132099 ns
[2020-09-11T11:46:56.251+0000][1][safepoint    ] Safepoint "Cleanup", Time since last: 1000212162 ns, Reaching safepoint: 94470 ns, At safepoint: 6003 ns, Total: 100473 ns
[2020-09-11T11:46:57.251+0000][1][safepoint    ] Safepoint "Cleanup", Time since last: 1000146753 ns, Reaching safepoint: 134495 ns, At safepoint: 16862 ns, Total: 151357 ns
[2020-09-11T11:46:59.252+0000][1][safepoint    ] Safepoint "Cleanup", Time since last: 2000343042 ns, Reaching safepoint: 100162 ns, At safepoint: 16528 ns, Total: 116690 ns
[2020-09-11T11:47:00.252+0000][1][safepoint    ] Safepoint "Cleanup", Time since last: 1000205739 ns, Reaching safepoint: 84495 ns, At safepoint: 6872 ns, Total: 91367 ns
[2020-09-11T11:47:01.252+0000][1][safepoint    ] Safepoint "Cleanup", Time since last: 1000138527 ns, Reaching safepoint: 103365 ns, At safepoint: 7074 ns, Total: 110439 ns
[2020-09-11T11:47:05.253+0000][1][safepoint    ] Safepoint "Cleanup", Time since last: 4000526553 ns, Reaching safepoint: 67585 ns, At safepoint: 7873 ns, Total: 75458 ns
[2020-09-11T11:47:06.253+0000][1][safepoint    ] Safepoint "Cleanup", Time since last: 1000162331 ns, Reaching safepoint: 104886 ns, At safepoint: 6190 ns, Total: 111076 ns
[2020-09-11T11:47:07.254+0000][1][safepoint    ] Safepoint "Cleanup", Time since last: 1000214855 ns, Reaching safepoint: 69079 ns, At safepoint: 7392 ns, Total: 76471 ns
[2020-09-11T11:47:08.254+0000][1][safepoint    ] Safepoint "Cleanup", Time since last: 1000187404 ns, Reaching safepoint: 82456 ns, At safepoint: 6299 ns, Total: 88755 ns
[2020-09-11T11:47:10.254+0000][1][safepoint    ] Safepoint "Cleanup", Time since last: 2000410410 ns, Reaching safepoint: 114822 ns, At safepoint: 15349 ns, Total: 130171 ns
[2020-09-11T11:47:11.255+0000][1][safepoint    ] Safepoint "Cleanup", Time since last: 1000176005 ns, Reaching safepoint: 96701 ns, At safepoint: 7355 ns, Total: 104056 ns
[2020-09-11T11:47:12.089+0000][1][safepoint    ] Safepoint "Deoptimize", Time since last: 833918083 ns, Reaching safepoint: 165897 ns, At safepoint: 438625 ns, Total: 604522 ns
[2020-09-11T11:47:12.090+0000][1][safepoint    ] Safepoint "RevokeBias", Time since last: 696152 ns, Reaching safepoint: 138825 ns, At safepoint: 6944 ns, Total: 145769 ns
[2020-09-11T11:47:12.094+0000][1][safepoint    ] Safepoint "RevokeBias", Time since last: 3222842 ns, Reaching safepoint: 161946 ns, At safepoint: 7901 ns, Total: 169847 ns
[2020-09-11T11:47:12.094+0000][1][safepoint    ] Safepoint "RevokeBias", Time since last: 67167 ns, Reaching safepoint: 145787 ns, At safepoint: 5608 ns, Total: 151395 ns
[2020-09-11T11:47:12.095+0000][1][safepoint    ] Safepoint "RevokeBias", Time since last: 1054866 ns, Reaching safepoint: 142870 ns, At safepoint: 21871 ns, Total: 164741 ns
[2020-09-11T11:47:12.096+0000][1][safepoint    ] Safepoint "RevokeBias", Time since last: 528130 ns, Reaching safepoint: 145212 ns, At safepoint: 6863 ns, Total: 152075 ns
[2020-09-11T11:47:12.096+0000][1][safepoint    ] Safepoint "RevokeBias", Time since last: 34668 ns, Reaching safepoint: 140589 ns, At safepoint: 6108 ns, Total: 146697 ns
[2020-09-11T11:47:12.096+0000][1][safepoint    ] Safepoint "RevokeBias", Time since last: 33150 ns, Reaching safepoint: 142396 ns, At safepoint: 5976 ns, Total: 148372 ns
[2020-09-11T11:47:12.099+0000][1][safepoint    ] Safepoint "RevokeBias", Time since last: 2879373 ns, Reaching safepoint: 157126 ns, At safepoint: 8803 ns, Total: 165929 ns
[2020-09-11T11:47:12.099+0000][1][safepoint    ] Safepoint "RevokeBias", Time since last: 49345 ns, Reaching safepoint: 140798 ns, At safepoint: 6454 ns, Total: 147252 ns
[2020-09-11T11:47:12.099+0000][1][safepoint    ] Safepoint "RevokeBias", Time since last: 39060 ns, Reaching safepoint: 156497 ns, At safepoint: 6126 ns, Total: 162623 ns
[2020-09-11T11:47:12.100+0000][1][safepoint    ] Safepoint "RevokeBias", Time since last: 904371 ns, Reaching safepoint: 149898 ns, At safepoint: 5939 ns, Total: 155837 ns
[2020-09-11T11:47:12.101+0000][1][safepoint    ] Safepoint "RevokeBias", Time since last: 46916 ns, Reaching safepoint: 148050 ns, At safepoint: 5488 ns, Total: 153538 ns
[2020-09-11T11:47:12.101+0000][1][safepoint    ] Safepoint "RevokeBias", Time since last: 43373 ns, Reaching safepoint: 144671 ns, At safepoint: 5307 ns, Total: 149978 ns
[2020-09-11T11:47:12.128+0000][1][safepoint    ] Safepoint "RevokeBias", Time since last: 26520285 ns, Reaching safepoint: 119568 ns, At safepoint: 7838 ns, Total: 127406 ns
[2020-09-11T11:47:12.128+0000][1][safepoint    ] Safepoint "RevokeBias", Time since last: 66422 ns, Reaching safepoint: 89311 ns, At safepoint: 5009 ns, Total: 94320 ns
[2020-09-11T11:47:12.168+0000][1][safepoint    ] Safepoint "Deoptimize", Time since last: 39942192 ns, Reaching safepoint: 133006 ns, At safepoint: 377917 ns, Total: 510923 ns
[2020-09-11T11:47:12.184+0000][1][safepoint    ] Safepoint "RevokeBias", Time since last: 15255391 ns, Reaching safepoint: 135285 ns, At safepoint: 8945 ns, Total: 144230 ns
[2020-09-11T11:47:12.184+0000][1][safepoint    ] Safepoint "RevokeBias", Time since last: 108326 ns, Reaching safepoint: 91008 ns, At safepoint: 5164 ns, Total: 96172 ns
[2020-09-11T11:47:12.184+0000][1][safepoint    ] Safepoint "RevokeBias", Time since last: 44370 ns, Reaching safepoint: 89542 ns, At safepoint: 4983 ns, Total: 94525 ns
[2020-09-11T11:47:12.184+0000][1][safepoint    ] Safepoint "RevokeBias", Time since last: 491223 ns, Reaching safepoint: 91805 ns, At safepoint: 5575 ns, Total: 97380 ns
[2020-09-11T11:47:12.185+0000][1][safepoint    ] Safepoint "RevokeBias", Time since last: 481458 ns, Reaching safepoint: 88933 ns, At safepoint: 11865 ns, Total: 100798 ns
[2020-09-11T11:47:12.185+0000][1][safepoint    ] Safepoint "RevokeBias", Time since last: 116389 ns, Reaching safepoint: 86668 ns, At safepoint: 4997 ns, Total: 91665 ns
[2020-09-11T11:47:12.216+0000][1][safepoint    ] Safepoint "RevokeBias", Time since last: 30139808 ns, Reaching safepoint: 127389 ns, At safepoint: 9622 ns, Total: 137011 ns
[2020-09-11T11:47:12.216+0000][1][safepoint    ] Safepoint "RevokeBias", Time since last: 344705 ns, Reaching safepoint: 107036 ns, At safepoint: 6415 ns, Total: 113451 ns
[2020-09-11T11:47:12.222+0000][1][safepoint    ] Safepoint "RevokeBias", Time since last: 5948866 ns, Reaching safepoint: 136156 ns, At safepoint: 9049 ns, Total: 145205 ns
[2020-09-11T11:47:12.227+0000][1][safepoint    ] Safepoint "RevokeBias", Time since last: 4762640 ns, Reaching safepoint: 193676 ns, At safepoint: 9137 ns, Total: 202813 ns
[2020-09-11T11:47:12.227+0000][1][safepoint    ] Safepoint "RevokeBias", Time since last: 67362 ns, Reaching safepoint: 155488 ns, At safepoint: 6231 ns, Total: 161719 ns
[2020-09-11T11:47:12.266+0000][1][safepoint    ] Safepoint "Deoptimize", Time since last: 38344499 ns, Reaching safepoint: 179854 ns, At safepoint: 462864 ns, Total: 642718 ns
[2020-09-11T11:47:12.273+0000][1][safepoint    ] Safepoint "RevokeBias", Time since last: 6531436 ns, Reaching safepoint: 119968 ns, At safepoint: 8953 ns, Total: 128921 ns
[2020-09-11T11:47:13.273+0000][1][safepoint    ] Safepoint "Cleanup", Time since last: 1000169724 ns, Reaching safepoint: 116005 ns, At safepoint: 16708 ns, Total: 132713 ns
[2020-09-11T11:47:14.139+0000][1][safepoint    ] Safepoint "RevokeBias", Time since last: 865959845 ns, Reaching safepoint: 137755 ns, At safepoint: 9259 ns, Total: 147014 ns
[2020-09-11T11:47:14.140+0000][1][safepoint    ] Safepoint "RevokeBias", Time since last: 160663 ns, Reaching safepoint: 134983 ns, At safepoint: 6382 ns, Total: 141365 ns
[2020-09-11T11:47:14.140+0000][1][safepoint    ] Safepoint "RevokeBias", Time since last: 37393 ns, Reaching safepoint: 138989 ns, At safepoint: 6052 ns, Total: 145041 ns
[2020-09-11T11:47:14.140+0000][1][safepoint    ] Safepoint "RevokeBias", Time since last: 37304 ns, Reaching safepoint: 136002 ns, At safepoint: 6000 ns, Total: 142002 ns
[2020-09-11T11:47:14.143+0000][1][safepoint    ] Safepoint "RevokeBias", Time since last: 2572494 ns, Reaching safepoint: 154533 ns, At safepoint: 7309 ns, Total: 161842 ns
[2020-09-11T11:47:14.143+0000][1][safepoint    ] Safepoint "RevokeBias", Time since last: 180248 ns, Reaching safepoint: 150374 ns, At safepoint: 5884 ns, Total: 156258 ns
[2020-09-11T11:47:14.143+0000][1][safepoint    ] Safepoint "RevokeBias", Time since last: 136884 ns, Reaching safepoint: 163691 ns, At safepoint: 5191 ns, Total: 168882 ns
[2020-09-11T11:47:14.144+0000][1][safepoint    ] Safepoint "RevokeBias", Time since last: 40879 ns, Reaching safepoint: 141791 ns, At safepoint: 5158 ns, Total: 146949 ns
[2020-09-11T11:47:15.144+0000][1][safepoint    ] Safepoint "Cleanup", Time since last: 1000147715 ns, Reaching safepoint: 89372 ns, At safepoint: 6759 ns, Total: 96131 ns
[2020-09-11T11:47:16.144+0000][1][safepoint    ] Safepoint "Cleanup", Time since last: 1000182761 ns, Reaching safepoint: 82166 ns, At safepoint: 6754 ns, Total: 88920 ns
[2020-09-11T11:47:17.144+0000][1][safepoint    ] Safepoint "Cleanup", Time since last: 1000182951 ns, Reaching safepoint: 100186 ns, At safepoint: 16641 ns, Total: 116827 ns
[2020-09-11T11:47:18.145+0000][1][safepoint    ] Safepoint "Cleanup", Time since last: 1000224028 ns, Reaching safepoint: 108044 ns, At safepoint: 16068 ns, Total: 124112 ns
[2020-09-11T11:47:19.145+0000][1][safepoint    ] Safepoint "Cleanup", Time since last: 1000201990 ns, Reaching safepoint: 78448 ns, At safepoint: 6515 ns, Total: 84963 ns
[2020-09-11T11:47:20.145+0000][1][safepoint    ] Safepoint "Cleanup", Time since last: 1000250563 ns, Reaching safepoint: 59928 ns, At safepoint: 6956 ns, Total: 66884 ns
[2020-09-11T11:47:21.146+0000][1][safepoint    ] Safepoint "Cleanup", Time since last: 1000106944 ns, Reaching safepoint: 63234 ns, At safepoint: 6753 ns, Total: 69987 ns
[2020-09-11T11:47:22.146+0000][1][safepoint    ] Safepoint "Cleanup", Time since last: 1000142520 ns, Reaching safepoint: 113007 ns, At safepoint: 6510 ns, Total: 119517 ns
[2020-09-11T11:47:23.146+0000][1][safepoint    ] Safepoint "Cleanup", Time since last: 1000179084 ns, Reaching safepoint: 100083 ns, At safepoint: 8027 ns, Total: 108110 ns
[2020-09-11T11:47:24.146+0000][1][safepoint    ] Safepoint "Cleanup", Time since last: 1000165316 ns, Reaching safepoint: 112594 ns, At safepoint: 17945 ns, Total: 130539 ns
[2020-09-11T11:47:25.147+0000][1][safepoint    ] Safepoint "Cleanup", Time since last: 1000232165 ns, Reaching safepoint: 88577 ns, At safepoint: 8510 ns, Total: 97087 ns
[2020-09-11T11:47:26.147+0000][1][safepoint    ] Safepoint "Cleanup", Time since last: 1000170262 ns, Reaching safepoint: 84852 ns, At safepoint: 10905 ns, Total: 95757 ns
[2020-09-11T11:47:27.147+0000][1][safepoint    ] Safepoint "Cleanup", Time since last: 1000173287 ns, Reaching safepoint: 75216 ns, At safepoint: 8766 ns, Total: 83982 ns
[2020-09-11T11:47:28.148+0000][1][safepoint    ] Safepoint "Cleanup", Time since last: 1000273663 ns, Reaching safepoint: 58866 ns, At safepoint: 6974 ns, Total: 65840 ns
[2020-09-11T11:47:29.148+0000][1][safepoint    ] Safepoint "Cleanup", Time since last: 1000193330 ns, Reaching safepoint: 81504 ns, At safepoint: 6675 ns, Total: 88179 ns
[2020-09-11T11:47:30.148+0000][1][safepoint    ] Safepoint "Cleanup", Time since last: 1000104220 ns, Reaching safepoint: 64194 ns, At safepoint: 7407 ns, Total: 71601 ns
[2020-09-11T11:47:31.148+0000][1][safepoint    ] Safepoint "Cleanup", Time since last: 1000144943 ns, Reaching safepoint: 110432 ns, At safepoint: 17143 ns, Total: 127575 ns
[2020-09-11T11:47:32.149+0000][1][safepoint    ] Safepoint "Cleanup", Time since last: 1000218593 ns, Reaching safepoint: 108940 ns, At safepoint: 17085 ns, Total: 126025 ns
[2020-09-11T11:47:33.149+0000][1][safepoint    ] Safepoint "Cleanup", Time since last: 1000220905 ns, Reaching safepoint: 89658 ns, At safepoint: 7216 ns, Total: 96874 ns
[2020-09-11T11:47:34.149+0000][1][safepoint    ] Safepoint "Cleanup", Time since last: 1000142402 ns, Reaching safepoint: 115875 ns, At safepoint: 16775 ns, Total: 132650 ns
[2020-09-11T11:47:35.149+0000][1][safepoint    ] Safepoint "Cleanup", Time since last: 1000144694 ns, Reaching safepoint: 56650 ns, At safepoint: 6562 ns, Total: 63212 ns
[2020-09-11T11:47:36.150+0000][1][safepoint    ] Safepoint "Cleanup", Time since last: 1000182763 ns, Reaching safepoint: 87375 ns, At safepoint: 6931 ns, Total: 94306 ns
[2020-09-11T11:47:37.150+0000][1][safepoint    ] Safepoint "Cleanup", Time since last: 1000143338 ns, Reaching safepoint: 57930 ns, At safepoint: 6293 ns, Total: 64223 ns
[2020-09-11T11:47:38.150+0000][1][safepoint    ] Safepoint "Cleanup", Time since last: 1000170141 ns, Reaching safepoint: 82660 ns, At safepoint: 6298 ns, Total: 88958 ns
[2020-09-11T11:47:39.150+0000][1][safepoint    ] Safepoint "Cleanup", Time since last: 1000160383 ns, Reaching safepoint: 105762 ns, At safepoint: 16131 ns, Total: 121893 ns
[2020-09-11T11:47:40.151+0000][1][safepoint    ] Safepoint "Cleanup", Time since last: 1000150381 ns, Reaching safepoint: 71131 ns, At safepoint: 7794 ns, Total: 78925 ns
[2020-09-11T11:47:41.151+0000][1][safepoint    ] Safepoint "Cleanup", Time since last: 1000160011 ns, Reaching safepoint: 97539 ns, At safepoint: 7337 ns, Total: 104876 ns
[2020-09-11T11:47:42.151+0000][1][safepoint    ] Safepoint "Cleanup", Time since last: 1000195965 ns, Reaching safepoint: 111832 ns, At safepoint: 17517 ns, Total: 129349 ns
[2020-09-11T11:47:43.152+0000][1][safepoint    ] Safepoint "Cleanup", Time since last: 1000227144 ns, Reaching safepoint: 85850 ns, At safepoint: 7102 ns, Total: 92952 ns
[2020-09-11T11:47:44.152+0000][1][safepoint    ] Safepoint "Cleanup", Time since last: 1000126879 ns, Reaching safepoint: 115013 ns, At safepoint: 16645 ns, Total: 131658 ns
[2020-09-11T11:47:45.152+0000][1][safepoint    ] Safepoint "Cleanup", Time since last: 1000204613 ns, Reaching safepoint: 87218 ns, At safepoint: 7091 ns, Total: 94309 ns
[2020-09-11T11:47:46.152+0000][1][safepoint    ] Safepoint "Cleanup", Time since last: 1000177332 ns, Reaching safepoint: 82481 ns, At safepoint: 6861 ns, Total: 89342 ns
[2020-09-11T11:47:47.153+0000][1][safepoint    ] Safepoint "Cleanup", Time since last: 1000174798 ns, Reaching safepoint: 110831 ns, At safepoint: 17563 ns, Total: 128394 ns
[2020-09-11T11:47:48.153+0000][1][safepoint    ] Safepoint "Cleanup", Time since last: 1000222754 ns, Reaching safepoint: 89989 ns, At safepoint: 7198 ns, Total: 97187 ns
[2020-09-11T11:47:49.153+0000][1][safepoint    ] Safepoint "Cleanup", Time since last: 1000136793 ns, Reaching safepoint: 101801 ns, At safepoint: 6690 ns, Total: 108491 ns
[2020-09-11T11:47:49.378+0000][1][gc,start     ] GC(66) Pause Young (Allocation Failure)
[2020-09-11T11:47:49.378+0000][1][gc,task      ] GC(66) Using 1 workers of 1 for evacuation
[2020-09-11T11:47:49.398+0000][1][gc,age       ] GC(66) Desired survivor size 4358144 bytes, new threshold 6 (max threshold 6)
[2020-09-11T11:47:49.398+0000][1][gc,age       ] GC(66) Age table with threshold 6 (max threshold 6)
[2020-09-11T11:47:49.398+0000][1][gc,age       ] GC(66) - age   1:     323576 bytes,     323576 total
[2020-09-11T11:47:49.398+0000][1][gc,age       ] GC(66) - age   2:    1311080 bytes,    1634656 total
[2020-09-11T11:47:49.398+0000][1][gc,heap      ] GC(66) ParNew: 74313K->4986K(76672K)
[2020-09-11T11:47:49.398+0000][1][gc,heap      ] GC(66) CMS: 59392K->62793K(439104K)
[2020-09-11T11:47:49.398+0000][1][gc,metaspace ] GC(66) Metaspace: 72640K->72640K(1116160K)
[2020-09-11T11:47:49.398+0000][1][gc           ] GC(66) Pause Young (Allocation Failure) 130M->66M(503M) 20.301ms
[2020-09-11T11:47:49.399+0000][1][gc,cpu       ] GC(66) User=0.02s Sys=0.00s Real=0.02s
[2020-09-11T11:47:49.399+0000][1][safepoint    ] Safepoint "GenCollectForAllocation", Time since last: 224702786 ns, Reaching safepoint: 171848 ns, At safepoint: 20370262 ns, Total: 20542110 ns
[2020-09-11T11:47:50.403+0000][1][safepoint    ] Safepoint "Cleanup", Time since last: 1004766509 ns, Reaching safepoint: 110630 ns, At safepoint: 6314 ns, Total: 116944 ns
[2020-09-11T11:47:51.404+0000][1][safepoint    ] Safepoint "Cleanup", Time since last: 1000137235 ns, Reaching safepoint: 76819 ns, At safepoint: 5887 ns, Total: 82706 ns
[2020-09-11T11:47:52.404+0000][1][safepoint    ] Safepoint "Cleanup", Time since last: 1000219704 ns, Reaching safepoint: 60696 ns, At safepoint: 6918 ns, Total: 67614 ns
[2020-09-11T11:47:53.404+0000][1][safepoint    ] Safepoint "Cleanup", Time since last: 1000380291 ns, Reaching safepoint: 46727 ns, At safepoint: 5856 ns, Total: 52583 ns
[2020-09-11T11:47:54.405+0000][1][safepoint    ] Safepoint "Cleanup", Time since last: 1000104466 ns, Reaching safepoint: 171422 ns, At safepoint: 7968 ns, Total: 179390 ns
[2020-09-11T11:47:55.405+0000][1][safepoint    ] Safepoint "Cleanup", Time since last: 1000178589 ns, Reaching safepoint: 85583 ns, At safepoint: 6452 ns, Total: 92035 ns
[2020-09-11T11:47:56.405+0000][1][safepoint    ] Safepoint "Cleanup", Time since last: 1000178314 ns, Reaching safepoint: 108996 ns, At safepoint: 17524 ns, Total: 126520 ns
[2020-09-11T11:47:57.406+0000][1][safepoint    ] Safepoint "Cleanup", Time since last: 1000235658 ns, Reaching safepoint: 79288 ns, At safepoint: 5655 ns, Total: 84943 ns
[2020-09-11T11:47:58.406+0000][1][safepoint    ] Safepoint "Cleanup", Time since last: 1000186914 ns, Reaching safepoint: 75293 ns, At safepoint: 6910 ns, Total: 82203 ns
[2020-09-11T11:47:59.406+0000][1][safepoint    ] Safepoint "Cleanup", Time since last: 1000153888 ns, Reaching safepoint: 112561 ns, At safepoint: 16658 ns, Total: 129219 ns
[2020-09-11T11:48:00.406+0000][1][safepoint    ] Safepoint "Cleanup", Time since last: 1000212891 ns, Reaching safepoint: 104813 ns, At safepoint: 17336 ns, Total: 122149 ns
[2020-09-11T11:48:01.407+0000][1][safepoint    ] Safepoint "Cleanup", Time since last: 1000220595 ns, Reaching safepoint: 83797 ns, At safepoint: 6036 ns, Total: 89833 ns
[2020-09-11T11:48:02.407+0000][1][safepoint    ] Safepoint "Cleanup", Time since last: 1000138591 ns, Reaching safepoint: 92568 ns, At safepoint: 6628 ns, Total: 99196 ns
[2020-09-11T11:48:03.407+0000][1][safepoint    ] Safepoint "Cleanup", Time since last: 1000188025 ns, Reaching safepoint: 75599 ns, At safepoint: 5995 ns, Total: 81594 ns
[2020-09-11T11:48:04.408+0000][1][safepoint    ] Safepoint "Cleanup", Time since last: 1000178208 ns, Reaching safepoint: 74438 ns, At safepoint: 6467 ns, Total: 80905 ns
[2020-09-11T11:48:05.408+0000][1][safepoint    ] Safepoint "Cleanup", Time since last: 1000181070 ns, Reaching safepoint: 75813 ns, At safepoint: 6471 ns, Total: 82284 ns
[2020-09-11T11:48:06.408+0000][1][safepoint    ] Safepoint "Cleanup", Time since last: 1000167226 ns, Reaching safepoint: 81041 ns, At safepoint: 6457 ns, Total: 87498 ns
[2020-09-11T11:48:07.408+0000][1][safepoint    ] Safepoint "Cleanup", Time since last: 1000167589 ns, Reaching safepoint: 129085 ns, At safepoint: 17958 ns, Total: 147043 ns
[2020-09-11T11:48:08.409+0000][1][safepoint    ] Safepoint "Cleanup", Time since last: 1000168831 ns, Reaching safepoint: 83148 ns, At safepoint: 6349 ns, Total: 89497 ns
[2020-09-11T11:48:09.409+0000][1][safepoint    ] Safepoint "Cleanup", Time since last: 1000168967 ns, Reaching safepoint: 82279 ns, At safepoint: 5970 ns, Total: 88249 ns
[2020-09-11T11:48:10.409+0000][1][safepoint    ] Safepoint "Cleanup", Time since last: 1000178250 ns, Reaching safepoint: 105311 ns, At safepoint: 16501 ns, Total: 121812 ns
[2020-09-11T11:48:11.409+0000][1][safepoint    ] Safepoint "Cleanup", Time since last: 1000230822 ns, Reaching safepoint: 80719 ns, At safepoint: 6508 ns, Total: 87227 ns
[2020-09-11T11:48:12.410+0000][1][safepoint    ] Safepoint "Cleanup", Time since last: 1000179142 ns, Reaching safepoint: 88840 ns, At safepoint: 6884 ns, Total: 95724 ns
[2020-09-11T11:48:13.410+0000][1][safepoint    ] Safepoint "Cleanup", Time since last: 1000178104 ns, Reaching safepoint: 101135 ns, At safepoint: 15516 ns, Total: 116651 ns
[2020-09-11T11:48:14.410+0000][1][safepoint    ] Safepoint "Cleanup", Time since last: 1000207296 ns, Reaching safepoint: 115959 ns, At safepoint: 16978 ns, Total: 132937 ns
[2020-09-11T11:48:15.411+0000][1][safepoint    ] Safepoint "Cleanup", Time since last: 1000230102 ns, Reaching safepoint: 80810 ns, At safepoint: 6324 ns, Total: 87134 ns
[2020-09-11T11:48:16.411+0000][1][safepoint    ] Safepoint "Cleanup", Time since last: 1000171353 ns, Reaching safepoint: 85491 ns, At safepoint: 6694 ns, Total: 92185 ns
[2020-09-11T11:48:17.411+0000][1][safepoint    ] Safepoint "Cleanup", Time since last: 1000173463 ns, Reaching safepoint: 88159 ns, At safepoint: 6429 ns, Total: 94588 ns
[2020-09-11T11:48:18.412+0000][1][safepoint    ] Safepoint "Cleanup", Time since last: 1000165475 ns, Reaching safepoint: 96354 ns, At safepoint: 7067 ns, Total: 103421 ns
[2020-09-11T11:48:19.412+0000][1][safepoint    ] Safepoint "Cleanup", Time since last: 1000173275 ns, Reaching safepoint: 105840 ns, At safepoint: 6282 ns, Total: 112122 ns
[2020-09-11T11:48:20.412+0000][1][safepoint    ] Safepoint "Cleanup", Time since last: 1000185770 ns, Reaching safepoint: 85613 ns, At safepoint: 6728 ns, Total: 92341 ns
[2020-09-11T11:48:21.412+0000][1][safepoint    ] Safepoint "Cleanup", Time since last: 1000194387 ns, Reaching safepoint: 80266 ns, At safepoint: 6146 ns, Total: 86412 ns
[2020-09-11T11:48:22.413+0000][1][safepoint    ] Safepoint "Cleanup", Time since last: 1000149859 ns, Reaching safepoint: 101950 ns, At safepoint: 16768 ns, Total: 118718 ns
[2020-09-11T11:48:23.413+0000][1][safepoint    ] Safepoint "Cleanup", Time since last: 1000199629 ns, Reaching safepoint: 93139 ns, At safepoint: 6212 ns, Total: 99351 ns
[2020-09-11T11:48:24.413+0000][1][safepoint    ] Safepoint "Cleanup", Time since last: 1000184469 ns, Reaching safepoint: 113396 ns, At safepoint: 17871 ns, Total: 131267 ns
[2020-09-11T11:48:25.414+0000][1][safepoint    ] Safepoint "Cleanup", Time since last: 1000203859 ns, Reaching safepoint: 83319 ns, At safepoint: 6670 ns, Total: 89989 ns
[2020-09-11T11:48:26.414+0000][1][safepoint    ] Safepoint "Cleanup", Time since last: 1000177918 ns, Reaching safepoint: 81633 ns, At safepoint: 6922 ns, Total: 88555 ns
[2020-09-11T11:48:27.414+0000][1][safepoint    ] Safepoint "Cleanup", Time since last: 1000168285 ns, Reaching safepoint: 83842 ns, At safepoint: 6165 ns, Total: 90007 ns
[2020-09-11T11:48:28.414+0000][1][safepoint    ] Safepoint "Cleanup", Time since last: 1000168296 ns, Reaching safepoint: 83983 ns, At safepoint: 6666 ns, Total: 90649 ns
[2020-09-11T11:48:29.415+0000][1][safepoint    ] Safepoint "Cleanup", Time since last: 1000161109 ns, Reaching safepoint: 90242 ns, At safepoint: 7260 ns, Total: 97502 ns
[2020-09-11T11:48:30.415+0000][1][safepoint    ] Safepoint "Cleanup", Time since last: 1000135763 ns, Reaching safepoint: 98928 ns, At safepoint: 6290 ns, Total: 105218 ns
[2020-09-11T11:48:31.415+0000][1][safepoint    ] Safepoint "Cleanup", Time since last: 1000191933 ns, Reaching safepoint: 80584 ns, At safepoint: 5952 ns, Total: 86536 ns
[2020-09-11T11:48:32.415+0000][1][safepoint    ] Safepoint "Cleanup", Time since last: 1000190170 ns, Reaching safepoint: 129209 ns, At safepoint: 15044 ns, Total: 144253 ns
[2020-09-11T11:48:33.416+0000][1][safepoint    ] Safepoint "Cleanup", Time since last: 1000241686 ns, Reaching safepoint: 81035 ns, At safepoint: 6174 ns, Total: 87209 ns
[2020-09-11T11:48:34.418+0000][1][safepoint    ] Safepoint "Cleanup", Time since last: 1001768059 ns, Reaching safepoint: 110727 ns, At safepoint: 16668 ns, Total: 127395 ns
[2020-09-11T11:48:35.418+0000][1][safepoint    ] Safepoint "Cleanup", Time since last: 1000234830 ns, Reaching safepoint: 108117 ns, At safepoint: 16511 ns, Total: 124628 ns
[2020-09-11T11:48:36.418+0000][1][safepoint    ] Safepoint "Cleanup", Time since last: 1000228162 ns, Reaching safepoint: 89241 ns, At safepoint: 6728 ns, Total: 95969 ns
[2020-09-11T11:48:37.419+0000][1][safepoint    ] Safepoint "Cleanup", Time since last: 1000173219 ns, Reaching safepoint: 104402 ns, At safepoint: 16087 ns, Total: 120489 ns
[2020-09-11T11:48:38.419+0000][1][safepoint    ] Safepoint "Cleanup", Time since last: 1000203459 ns, Reaching safepoint: 123293 ns, At safepoint: 17767 ns, Total: 141060 ns
[2020-09-11T11:48:39.419+0000][1][safepoint    ] Safepoint "Cleanup", Time since last: 1000214878 ns, Reaching safepoint: 77872 ns, At safepoint: 6205 ns, Total: 84077 ns
[2020-09-11T11:48:40.420+0000][1][safepoint    ] Safepoint "Cleanup", Time since last: 1000157381 ns, Reaching safepoint: 107209 ns, At safepoint: 15264 ns, Total: 122473 ns
[2020-09-11T11:48:41.420+0000][1][safepoint    ] Safepoint "Cleanup", Time since last: 1000186476 ns, Reaching safepoint: 100477 ns, At safepoint: 15285 ns, Total: 115762 ns
[2020-09-11T11:48:42.420+0000][1][safepoint    ] Safepoint "Cleanup", Time since last: 1000179883 ns, Reaching safepoint: 108248 ns, At safepoint: 16761 ns, Total: 125009 ns
[2020-09-11T11:48:43.420+0000][1][safepoint    ] Safepoint "Cleanup", Time since last: 1000206419 ns, Reaching safepoint: 109106 ns, At safepoint: 16027 ns, Total: 125133 ns
[2020-09-11T11:48:44.421+0000][1][safepoint    ] Safepoint "Cleanup", Time since last: 1000195685 ns, Reaching safepoint: 102411 ns, At safepoint: 16428 ns, Total: 118839 ns
[2020-09-11T11:48:45.421+0000][1][safepoint    ] Safepoint "Cleanup", Time since last: 1000197835 ns, Reaching safepoint: 103925 ns, At safepoint: 16885 ns, Total: 120810 ns
[2020-09-11T11:48:46.421+0000][1][safepoint    ] Safepoint "Cleanup", Time since last: 1000206989 ns, Reaching safepoint: 110549 ns, At safepoint: 17263 ns, Total: 127812 ns
[2020-09-11T11:48:47.422+0000][1][safepoint    ] Safepoint "Cleanup", Time since last: 1000221214 ns, Reaching safepoint: 114562 ns, At safepoint: 17072 ns, Total: 131634 ns
[2020-09-11T11:48:48.422+0000][1][safepoint    ] Safepoint "Cleanup", Time since last: 1000212715 ns, Reaching safepoint: 88681 ns, At safepoint: 7042 ns, Total: 95723 ns
[2020-09-11T11:48:49.422+0000][1][safepoint    ] Safepoint "Cleanup", Time since last: 1000141664 ns, Reaching safepoint: 120462 ns, At safepoint: 17039 ns, Total: 137501 ns
[2020-09-11T11:48:50.423+0000][1][safepoint    ] Safepoint "Cleanup", Time since last: 1000188565 ns, Reaching safepoint: 128677 ns, At safepoint: 7202 ns, Total: 135879 ns
[2020-09-11T11:48:51.423+0000][1][safepoint    ] Safepoint "Cleanup", Time since last: 1000188564 ns, Reaching safepoint: 106036 ns, At safepoint: 15790 ns, Total: 121826 ns
[2020-09-11T11:48:52.423+0000][1][safepoint    ] Safepoint "Cleanup", Time since last: 1000211423 ns, Reaching safepoint: 114800 ns, At safepoint: 16564 ns, Total: 131364 ns
[2020-09-11T11:48:53.424+0000][1][safepoint    ] Safepoint "Cleanup", Time since last: 1000287652 ns, Reaching safepoint: 107142 ns, At safepoint: 16037 ns, Total: 123179 ns
[2020-09-11T11:48:54.424+0000][1][safepoint    ] Safepoint "Cleanup", Time since last: 1000216095 ns, Reaching safepoint: 115936 ns, At safepoint: 18051 ns, Total: 133987 ns
[2020-09-11T11:48:55.425+0000][1][safepoint    ] Safepoint "Cleanup", Time since last: 1000289448 ns, Reaching safepoint: 108355 ns, At safepoint: 16143 ns, Total: 124498 ns
[2020-09-11T11:48:56.425+0000][1][safepoint    ] Safepoint "Cleanup", Time since last: 1000206711 ns, Reaching safepoint: 86084 ns, At safepoint: 7072 ns, Total: 93156 ns
[2020-09-11T11:48:57.425+0000][1][safepoint    ] Safepoint "Cleanup", Time since last: 1000142003 ns, Reaching safepoint: 106527 ns, At safepoint: 16751 ns, Total: 123278 ns
[2020-09-11T11:48:58.425+0000][1][safepoint    ] Safepoint "Cleanup", Time since last: 1000223491 ns, Reaching safepoint: 93015 ns, At safepoint: 7582 ns, Total: 100597 ns
[2020-09-11T11:48:59.426+0000][1][safepoint    ] Safepoint "Cleanup", Time since last: 1000162044 ns, Reaching safepoint: 104903 ns, At safepoint: 16090 ns, Total: 120993 ns
[2020-09-11T11:48:59.510+0000][1][gc,start     ] GC(67) Pause Young (Allocation Failure)
[2020-09-11T11:48:59.510+0000][1][gc,task      ] GC(67) Using 1 workers of 1 for evacuation
[2020-09-11T11:48:59.518+0000][1][gc,age       ] GC(67) Desired survivor size 4358144 bytes, new threshold 6 (max threshold 6)
[2020-09-11T11:48:59.518+0000][1][gc,age       ] GC(67) Age table with threshold 6 (max threshold 6)
[2020-09-11T11:48:59.518+0000][1][gc,age       ] GC(67) - age   1:       8432 bytes,       8432 total
[2020-09-11T11:48:59.518+0000][1][gc,age       ] GC(67) - age   2:     313192 bytes,     321624 total
[2020-09-11T11:48:59.518+0000][1][gc,age       ] GC(67) - age   3:    1311080 bytes,    1632704 total
[2020-09-11T11:48:59.518+0000][1][gc,heap      ] GC(67) ParNew: 73146K->1645K(76672K)
[2020-09-11T11:48:59.518+0000][1][gc,heap      ] GC(67) CMS: 62793K->62793K(439104K)
[2020-09-11T11:48:59.518+0000][1][gc,metaspace ] GC(67) Metaspace: 72805K->72805K(1116160K)
[2020-09-11T11:48:59.518+0000][1][gc           ] GC(67) Pause Young (Allocation Failure) 132M->62M(503M) 8.364ms
[2020-09-11T11:48:59.518+0000][1][gc,cpu       ] GC(67) User=0.01s Sys=0.00s Real=0.01s
[2020-09-11T11:48:59.519+0000][1][safepoint    ] Safepoint "GenCollectForAllocation", Time since last: 84182302 ns, Reaching safepoint: 186269 ns, At safepoint: 8432407 ns, Total: 8618676 ns
[2020-09-11T11:49:00.524+0000][1][safepoint    ] Safepoint "Cleanup", Time since last: 1005256356 ns, Reaching safepoint: 237349 ns, At safepoint: 47349 ns, Total: 284698 ns
[2020-09-11T11:49:01.525+0000][1][safepoint    ] Safepoint "Cleanup", Time since last: 1000531094 ns, Reaching safepoint: 107981 ns, At safepoint: 14583 ns, Total: 122564 ns
[2020-09-11T11:49:02.525+0000][1][safepoint    ] Safepoint "Cleanup", Time since last: 1000631376 ns, Reaching safepoint: 116524 ns, At safepoint: 16955 ns, Total: 133479 ns
[2020-09-11T11:49:03.526+0000][1][safepoint    ] Safepoint "Cleanup", Time since last: 1000171972 ns, Reaching safepoint: 312705 ns, At safepoint: 17845 ns, Total: 330550 ns
[2020-09-11T11:49:04.526+0000][1][safepoint    ] Safepoint "Cleanup", Time since last: 1000147534 ns, Reaching safepoint: 63793 ns, At safepoint: 7339 ns, Total: 71132 ns
[2020-09-11T11:49:05.526+0000][1][safepoint    ] Safepoint "Cleanup", Time since last: 1000173459 ns, Reaching safepoint: 82398 ns, At safepoint: 7156 ns, Total: 89554 ns
[2020-09-11T11:49:06.527+0000][1][safepoint    ] Safepoint "Cleanup", Time since last: 1000181729 ns, Reaching safepoint: 89148 ns, At safepoint: 7098 ns, Total: 96246 ns
[2020-09-11T11:49:07.527+0000][1][safepoint    ] Safepoint "Cleanup", Time since last: 1000175933 ns, Reaching safepoint: 111184 ns, At safepoint: 16482 ns, Total: 127666 ns
[2020-09-11T11:49:08.527+0000][1][safepoint    ] Safepoint "Cleanup", Time since last: 1000206823 ns, Reaching safepoint: 109199 ns, At safepoint: 80187 ns, Total: 189386 ns
[2020-09-11T11:49:09.530+0000][1][safepoint    ] Safepoint "Cleanup", Time since last: 1002640547 ns, Reaching safepoint: 61292 ns, At safepoint: 7888 ns, Total: 69180 ns
[2020-09-11T11:49:10.530+0000][1][safepoint    ] Safepoint "Cleanup", Time since last: 1000121591 ns, Reaching safepoint: 65986 ns, At safepoint: 8324 ns, Total: 74310 ns
[2020-09-11T11:49:11.531+0000][1][safepoint    ] Safepoint "Cleanup", Time since last: 1000197893 ns, Reaching safepoint: 87785 ns, At safepoint: 5931 ns, Total: 93716 ns
[2020-09-11T11:49:12.531+0000][1][safepoint    ] Safepoint "Cleanup", Time since last: 1000131618 ns, Reaching safepoint: 67766 ns, At safepoint: 22368 ns, Total: 90134 ns
[2020-09-11T11:49:13.531+0000][1][safepoint    ] Safepoint "Cleanup", Time since last: 1000176571 ns, Reaching safepoint: 53785 ns, At safepoint: 6584 ns, Total: 60369 ns
[2020-09-11T11:49:14.531+0000][1][safepoint    ] Safepoint "Cleanup", Time since last: 1000112244 ns, Reaching safepoint: 125445 ns, At safepoint: 8958 ns, Total: 134403 ns
[2020-09-11T11:49:15.532+0000][1][safepoint    ] Safepoint "Cleanup", Time since last: 1000231635 ns, Reaching safepoint: 71537 ns, At safepoint: 6610 ns, Total: 78147 ns
[2020-09-11T11:49:16.532+0000][1][safepoint    ] Safepoint "Cleanup", Time since last: 1000200945 ns, Reaching safepoint: 61347 ns, At safepoint: 6785 ns, Total: 68132 ns
[2020-09-11T11:49:17.532+0000][1][safepoint    ] Safepoint "Cleanup", Time since last: 1000123453 ns, Reaching safepoint: 59391 ns, At safepoint: 6932 ns, Total: 66323 ns
[2020-09-11T11:49:18.532+0000][1][safepoint    ] Safepoint "Cleanup", Time since last: 1000210936 ns, Reaching safepoint: 75989 ns, At safepoint: 7177 ns, Total: 83166 ns
[2020-09-11T11:49:19.533+0000][1][safepoint    ] Safepoint "Cleanup", Time since last: 1000131466 ns, Reaching safepoint: 57680 ns, At safepoint: 6777 ns, Total: 64457 ns
[2020-09-11T11:49:20.533+0000][1][safepoint    ] Safepoint "Cleanup", Time since last: 1000135862 ns, Reaching safepoint: 70635 ns, At safepoint: 8014 ns, Total: 78649 ns
[2020-09-11T11:49:21.533+0000][1][safepoint    ] Safepoint "Cleanup", Time since last: 1000195854 ns, Reaching safepoint: 121064 ns, At safepoint: 16908 ns, Total: 137972 ns
[2020-09-11T11:49:22.533+0000][1][safepoint    ] Safepoint "Cleanup", Time since last: 1000196498 ns, Reaching safepoint: 120479 ns, At safepoint: 15348 ns, Total: 135827 ns
[2020-09-11T11:49:23.534+0000][1][safepoint    ] Safepoint "Cleanup", Time since last: 1000210904 ns, Reaching safepoint: 98332 ns, At safepoint: 7173 ns, Total: 105505 ns
[2020-09-11T11:49:24.534+0000][1][safepoint    ] Safepoint "Cleanup", Time since last: 1000121274 ns, Reaching safepoint: 63006 ns, At safepoint: 6675 ns, Total: 69681 ns
[2020-09-11T11:49:25.534+0000][1][safepoint    ] Safepoint "Cleanup", Time since last: 1000179412 ns, Reaching safepoint: 94071 ns, At safepoint: 7386 ns, Total: 101457 ns
[2020-09-11T11:49:26.535+0000][1][safepoint    ] Safepoint "Cleanup", Time since last: 1000149469 ns, Reaching safepoint: 101466 ns, At safepoint: 7138 ns, Total: 108604 ns
[2020-09-11T11:49:27.535+0000][1][safepoint    ] Safepoint "Cleanup", Time since last: 1000146188 ns, Reaching safepoint: 135908 ns, At safepoint: 14874 ns, Total: 150782 ns
[2020-09-11T11:49:28.535+0000][1][safepoint    ] Safepoint "Cleanup", Time since last: 1000233530 ns, Reaching safepoint: 83127 ns, At safepoint: 7662 ns, Total: 90789 ns
[2020-09-11T11:49:29.536+0000][1][safepoint    ] Safepoint "Cleanup", Time since last: 1000156193 ns, Reaching safepoint: 174018 ns, At safepoint: 16247 ns, Total: 190265 ns
[2020-09-11T11:49:30.536+0000][1][safepoint    ] Safepoint "Cleanup", Time since last: 1000189600 ns, Reaching safepoint: 130575 ns, At safepoint: 16996 ns, Total: 147571 ns
[2020-09-11T11:49:31.536+0000][1][safepoint    ] Safepoint "Cleanup", Time since last: 1000241425 ns, Reaching safepoint: 94183 ns, At safepoint: 7790 ns, Total: 101973 ns
[2020-09-11T11:49:32.536+0000][1][safepoint    ] Safepoint "Cleanup", Time since last: 1000145852 ns, Reaching safepoint: 116951 ns, At safepoint: 14671 ns, Total: 131622 ns
[2020-09-11T11:49:33.537+0000][1][safepoint    ] Safepoint "Cleanup", Time since last: 1000220616 ns, Reaching safepoint: 118715 ns, At safepoint: 17620 ns, Total: 136335 ns
[2020-09-11T11:49:34.537+0000][1][safepoint    ] Safepoint "Cleanup", Time since last: 1000217427 ns, Reaching safepoint: 118258 ns, At safepoint: 17560 ns, Total: 135818 ns
[2020-09-11T11:49:35.538+0000][1][safepoint    ] Safepoint "Cleanup", Time since last: 1000224811 ns, Reaching safepoint: 120619 ns, At safepoint: 17450 ns, Total: 138069 ns
[2020-09-11T11:49:36.538+0000][1][safepoint    ] Safepoint "Cleanup", Time since last: 1000259434 ns, Reaching safepoint: 121418 ns, At safepoint: 17253 ns, Total: 138671 ns
[2020-09-11T11:49:37.538+0000][1][safepoint    ] Safepoint "Cleanup", Time since last: 1000202222 ns, Reaching safepoint: 110169 ns, At safepoint: 6434 ns, Total: 116603 ns
[2020-09-11T11:49:38.539+0000][1][safepoint    ] Safepoint "Cleanup", Time since last: 1000183799 ns, Reaching safepoint: 126974 ns, At safepoint: 17891 ns, Total: 144865 ns
[2020-09-11T11:49:39.539+0000][1][safepoint    ] Safepoint "Cleanup", Time since last: 1000220939 ns, Reaching safepoint: 123449 ns, At safepoint: 18413 ns, Total: 141862 ns
[2020-09-11T11:49:40.539+0000][1][safepoint    ] Safepoint "Cleanup", Time since last: 1000237087 ns, Reaching safepoint: 117970 ns, At safepoint: 18448 ns, Total: 136418 ns
[2020-09-11T11:49:41.540+0000][1][safepoint    ] Safepoint "Cleanup", Time since last: 1000310409 ns, Reaching safepoint: 132847 ns, At safepoint: 17463 ns, Total: 150310 ns
[2020-09-11T11:49:42.540+0000][1][safepoint    ] Safepoint "Cleanup", Time since last: 1000230577 ns, Reaching safepoint: 118906 ns, At safepoint: 17506 ns, Total: 136412 ns
[2020-09-11T11:49:43.541+0000][1][safepoint    ] Safepoint "Cleanup", Time since last: 1000270358 ns, Reaching safepoint: 89108 ns, At safepoint: 6698 ns, Total: 95806 ns
[2020-09-11T11:49:44.541+0000][1][safepoint    ] Safepoint "Cleanup", Time since last: 1000175478 ns, Reaching safepoint: 119310 ns, At safepoint: 16925 ns, Total: 136235 ns
[2020-09-11T11:49:45.541+0000][1][safepoint    ] Safepoint "Cleanup", Time since last: 1000230382 ns, Reaching safepoint: 83377 ns, At safepoint: 7226 ns, Total: 90603 ns
[2020-09-11T11:49:46.541+0000][1][safepoint    ] Safepoint "Cleanup", Time since last: 1000175843 ns, Reaching safepoint: 115839 ns, At safepoint: 7854 ns, Total: 123693 ns
[2020-09-11T11:49:47.542+0000][1][safepoint    ] Safepoint "Cleanup", Time since last: 1000143374 ns, Reaching safepoint: 104904 ns, At safepoint: 6568 ns, Total: 111472 ns
[2020-09-11T11:49:48.542+0000][1][safepoint    ] Safepoint "Cleanup", Time since last: 1000168118 ns, Reaching safepoint: 117298 ns, At safepoint: 16768 ns, Total: 134066 ns
[2020-09-11T11:49:49.542+0000][1][safepoint    ] Safepoint "Cleanup", Time since last: 1000218766 ns, Reaching safepoint: 113690 ns, At safepoint: 17604 ns, Total: 131294 ns
[2020-09-11T11:49:50.543+0000][1][safepoint    ] Safepoint "Cleanup", Time since last: 1000374703 ns, Reaching safepoint: 132653 ns, At safepoint: 17604 ns, Total: 150257 ns
[2020-09-11T11:49:51.543+0000][1][safepoint    ] Safepoint "Cleanup", Time since last: 1000224046 ns, Reaching safepoint: 90168 ns, At safepoint: 7212 ns, Total: 97380 ns
[2020-09-11T11:49:52.543+0000][1][safepoint    ] Safepoint "Cleanup", Time since last: 1000149080 ns, Reaching safepoint: 120840 ns, At safepoint: 7008 ns, Total: 127848 ns
[2020-09-11T11:49:53.544+0000][1][safepoint    ] Safepoint "Cleanup", Time since last: 1000153135 ns, Reaching safepoint: 120218 ns, At safepoint: 16752 ns, Total: 136970 ns
[2020-09-11T11:49:54.544+0000][1][safepoint    ] Safepoint "Cleanup", Time since last: 1000219547 ns, Reaching safepoint: 90945 ns, At safepoint: 8216 ns, Total: 99161 ns
[2020-09-11T11:49:55.544+0000][1][safepoint    ] Safepoint "Cleanup", Time since last: 1000144120 ns, Reaching safepoint: 106932 ns, At safepoint: 6319 ns, Total: 113251 ns
[2020-09-11T11:49:56.545+0000][1][safepoint    ] Safepoint "Cleanup", Time since last: 1000178085 ns, Reaching safepoint: 95904 ns, At safepoint: 8153 ns, Total: 104057 ns
[2020-09-11T11:49:57.545+0000][1][safepoint    ] Safepoint "Cleanup", Time since last: 1000193213 ns, Reaching safepoint: 90974 ns, At safepoint: 7088 ns, Total: 98062 ns
[2020-09-11T11:49:58.545+0000][1][safepoint    ] Safepoint "Cleanup", Time since last: 1000172865 ns, Reaching safepoint: 91824 ns, At safepoint: 7608 ns, Total: 99432 ns
[2020-09-11T11:49:59.545+0000][1][safepoint    ] Safepoint "Cleanup", Time since last: 1000186945 ns, Reaching safepoint: 86219 ns, At safepoint: 7106 ns, Total: 93325 ns
[2020-09-11T11:50:00.546+0000][1][safepoint    ] Safepoint "Cleanup", Time since last: 1000188939 ns, Reaching safepoint: 98246 ns, At safepoint: 7700 ns, Total: 105946 ns
[2020-09-11T11:50:01.546+0000][1][safepoint    ] Safepoint "Cleanup", Time since last: 1000185043 ns, Reaching safepoint: 92515 ns, At safepoint: 6868 ns, Total: 99383 ns
[2020-09-11T11:50:02.546+0000][1][safepoint    ] Safepoint "Cleanup", Time since last: 1000175672 ns, Reaching safepoint: 90351 ns, At safepoint: 7916 ns, Total: 98267 ns
[2020-09-11T11:50:03.547+0000][1][safepoint    ] Safepoint "Cleanup", Time since last: 1000145568 ns, Reaching safepoint: 119781 ns, At safepoint: 18038 ns, Total: 137819 ns
[2020-09-11T11:50:04.547+0000][1][safepoint    ] Safepoint "Cleanup", Time since last: 1000223289 ns, Reaching safepoint: 86465 ns, At safepoint: 7778 ns, Total: 94243 ns
[2020-09-11T11:50:05.547+0000][1][safepoint    ] Safepoint "Cleanup", Time since last: 1000222256 ns, Reaching safepoint: 64191 ns, At safepoint: 7036 ns, Total: 71227 ns
[2020-09-11T11:50:06.548+0000][1][safepoint    ] Safepoint "Cleanup", Time since last: 1000210972 ns, Reaching safepoint: 76675 ns, At safepoint: 6528 ns, Total: 83203 ns
[2020-09-11T11:50:07.548+0000][1][safepoint    ] Safepoint "Cleanup", Time since last: 1000163647 ns, Reaching safepoint: 102462 ns, At safepoint: 7549 ns, Total: 110011 ns
[2020-09-11T11:50:08.548+0000][1][safepoint    ] Safepoint "Cleanup", Time since last: 1000152568 ns, Reaching safepoint: 130922 ns, At safepoint: 17815 ns, Total: 148737 ns
[2020-09-11T11:50:09.548+0000][1][safepoint    ] Safepoint "Cleanup", Time since last: 1000185624 ns, Reaching safepoint: 102781 ns, At safepoint: 6788 ns, Total: 109569 ns
[2020-09-11T11:50:10.549+0000][1][safepoint    ] Safepoint "Cleanup", Time since last: 1000141296 ns, Reaching safepoint: 118909 ns, At safepoint: 17603 ns, Total: 136512 ns
[2020-09-11T11:50:11.549+0000][1][safepoint    ] Safepoint "Cleanup", Time since last: 1000184648 ns, Reaching safepoint: 126429 ns, At safepoint: 14951 ns, Total: 141380 ns
[2020-09-11T11:50:12.549+0000][1][safepoint    ] Safepoint "Cleanup", Time since last: 1000183376 ns, Reaching safepoint: 108947 ns, At safepoint: 6767 ns, Total: 115714 ns
[2020-09-11T11:50:13.550+0000][1][safepoint    ] Safepoint "Cleanup", Time since last: 1000184526 ns, Reaching safepoint: 83835 ns, At safepoint: 7055 ns, Total: 90890 ns
[2020-09-11T11:50:14.550+0000][1][safepoint    ] Safepoint "Cleanup", Time since last: 1000162396 ns, Reaching safepoint: 101622 ns, At safepoint: 7182 ns, Total: 108804 ns
[2020-09-11T11:50:14.614+0000][1][gc,start     ] GC(68) Pause Young (Allocation Failure)
[2020-09-11T11:50:14.614+0000][1][gc,task      ] GC(68) Using 1 workers of 1 for evacuation
[2020-09-11T11:50:14.622+0000][1][gc,age       ] GC(68) Desired survivor size 4358144 bytes, new threshold 6 (max threshold 6)
[2020-09-11T11:50:14.622+0000][1][gc,age       ] GC(68) Age table with threshold 6 (max threshold 6)
[2020-09-11T11:50:14.622+0000][1][gc,age       ] GC(68) - age   1:       8480 bytes,       8480 total
[2020-09-11T11:50:14.622+0000][1][gc,age       ] GC(68) - age   2:       2736 bytes,      11216 total
[2020-09-11T11:50:14.622+0000][1][gc,age       ] GC(68) - age   3:     309504 bytes,     320720 total
[2020-09-11T11:50:14.622+0000][1][gc,age       ] GC(68) - age   4:    1310544 bytes,    1631264 total
[2020-09-11T11:50:14.622+0000][1][gc,heap      ] GC(68) ParNew: 69805K->1607K(76672K)
[2020-09-11T11:50:14.622+0000][1][gc,heap      ] GC(68) CMS: 62793K->62793K(439104K)
[2020-09-11T11:50:14.622+0000][1][gc,metaspace ] GC(68) Metaspace: 72930K->72930K(1116160K)
[2020-09-11T11:50:14.622+0000][1][gc           ] GC(68) Pause Young (Allocation Failure) 129M->62M(503M) 8.119ms
[2020-09-11T11:50:14.622+0000][1][gc,cpu       ] GC(68) User=0.01s Sys=0.00s Real=0.01s
[2020-09-11T11:50:14.622+0000][1][safepoint    ] Safepoint "GenCollectForAllocation", Time since last: 63882879 ns, Reaching safepoint: 168902 ns, At safepoint: 8185167 ns, Total: 8354069 ns
[2020-09-11T11:50:15.625+0000][1][safepoint    ] Safepoint "Cleanup", Time since last: 1002653986 ns, Reaching safepoint: 56306 ns, At safepoint: 18243 ns, Total: 74549 ns
[2020-09-11T11:50:16.625+0000][1][safepoint    ] Safepoint "Cleanup", Time since last: 1000369325 ns, Reaching safepoint: 58112 ns, At safepoint: 15195 ns, Total: 73307 ns
[2020-09-11T11:50:17.626+0000][1][safepoint    ] Safepoint "Cleanup", Time since last: 1000253568 ns, Reaching safepoint: 76284 ns, At safepoint: 18511 ns, Total: 94795 ns
[2020-09-11T11:50:18.626+0000][1][safepoint    ] Safepoint "Cleanup", Time since last: 1000122930 ns, Reaching safepoint: 220505 ns, At safepoint: 45718 ns, Total: 266223 ns
[2020-09-11T11:50:19.626+0000][1][safepoint    ] Safepoint "Cleanup", Time since last: 1000176446 ns, Reaching safepoint: 250456 ns, At safepoint: 18292 ns, Total: 268748 ns
[2020-09-11T11:50:20.627+0000][1][safepoint    ] Safepoint "Cleanup", Time since last: 1000223491 ns, Reaching safepoint: 84926 ns, At safepoint: 6212 ns, Total: 91138 ns
[2020-09-11T11:50:21.627+0000][1][safepoint    ] Safepoint "Cleanup", Time since last: 1000188508 ns, Reaching safepoint: 80346 ns, At safepoint: 6709 ns, Total: 87055 ns
[2020-09-11T11:50:22.627+0000][1][safepoint    ] Safepoint "Cleanup", Time since last: 1000217779 ns, Reaching safepoint: 150792 ns, At safepoint: 48240 ns, Total: 199032 ns
[2020-09-11T11:50:23.628+0000][1][safepoint    ] Safepoint "Cleanup", Time since last: 1000220108 ns, Reaching safepoint: 128100 ns, At safepoint: 17704 ns, Total: 145804 ns
[2020-09-11T11:50:24.628+0000][1][safepoint    ] Safepoint "Cleanup", Time since last: 1000199515 ns, Reaching safepoint: 118538 ns, At safepoint: 15104 ns, Total: 133642 ns
[2020-09-11T11:50:25.628+0000][1][safepoint    ] Safepoint "Cleanup", Time since last: 1000224160 ns, Reaching safepoint: 128106 ns, At safepoint: 17413 ns, Total: 145519 ns
[2020-09-11T11:50:26.629+0000][1][safepoint    ] Safepoint "Cleanup", Time since last: 1000234262 ns, Reaching safepoint: 90072 ns, At safepoint: 6583 ns, Total: 96655 ns
[2020-09-11T11:50:27.629+0000][1][safepoint    ] Safepoint "Cleanup", Time since last: 1000204651 ns, Reaching safepoint: 121371 ns, At safepoint: 18312 ns, Total: 139683 ns
[2020-09-11T11:50:28.630+0000][1][safepoint    ] Safepoint "Cleanup", Time since last: 1000212186 ns, Reaching safepoint: 118073 ns, At safepoint: 16518 ns, Total: 134591 ns
[2020-09-11T11:50:29.630+0000][1][safepoint    ] Safepoint "Cleanup", Time since last: 1000214133 ns, Reaching safepoint: 116503 ns, At safepoint: 16622 ns, Total: 133125 ns
[2020-09-11T11:50:30.630+0000][1][safepoint    ] Safepoint "Cleanup", Time since last: 1000248387 ns, Reaching safepoint: 91086 ns, At safepoint: 6533 ns, Total: 97619 ns
[2020-09-11T11:50:31.631+0000][1][safepoint    ] Safepoint "Cleanup", Time since last: 1000193486 ns, Reaching safepoint: 116015 ns, At safepoint: 16852 ns, Total: 132867 ns
[2020-09-11T11:50:32.631+0000][1][safepoint    ] Safepoint "Cleanup", Time since last: 1000223786 ns, Reaching safepoint: 116192 ns, At safepoint: 16361 ns, Total: 132553 ns
[2020-09-11T11:50:33.631+0000][1][safepoint    ] Safepoint "Cleanup", Time since last: 1000249712 ns, Reaching safepoint: 98039 ns, At safepoint: 7941 ns, Total: 105980 ns
[2020-09-11T11:50:34.632+0000][1][safepoint    ] Safepoint "Cleanup", Time since last: 1000210389 ns, Reaching safepoint: 83794 ns, At safepoint: 6570 ns, Total: 90364 ns
[2020-09-11T11:50:35.632+0000][1][safepoint    ] Safepoint "Cleanup", Time since last: 1000169787 ns, Reaching safepoint: 95160 ns, At safepoint: 7614 ns, Total: 102774 ns
[2020-09-11T11:50:36.632+0000][1][safepoint    ] Safepoint "Cleanup", Time since last: 1000174595 ns, Reaching safepoint: 89041 ns, At safepoint: 6951 ns, Total: 95992 ns
[2020-09-11T11:50:37.632+0000][1][safepoint    ] Safepoint "Cleanup", Time since last: 1000182095 ns, Reaching safepoint: 117329 ns, At safepoint: 18181 ns, Total: 135510 ns
[2020-09-11T11:50:38.633+0000][1][safepoint    ] Safepoint "Cleanup", Time since last: 1000220716 ns, Reaching safepoint: 98694 ns, At safepoint: 6733 ns, Total: 105427 ns
[2020-09-11T11:50:39.633+0000][1][safepoint    ] Safepoint "Cleanup", Time since last: 1000176038 ns, Reaching safepoint: 91369 ns, At safepoint: 7095 ns, Total: 98464 ns
[2020-09-11T11:50:40.633+0000][1][safepoint    ] Safepoint "Cleanup", Time since last: 1000201985 ns, Reaching safepoint: 94572 ns, At safepoint: 6516 ns, Total: 101088 ns
[2020-09-11T11:50:41.634+0000][1][safepoint    ] Safepoint "Cleanup", Time since last: 1000129370 ns, Reaching safepoint: 141761 ns, At safepoint: 26127 ns, Total: 167888 ns
[2020-09-11T11:50:42.634+0000][1][safepoint    ] Safepoint "Cleanup", Time since last: 1000185275 ns, Reaching safepoint: 118765 ns, At safepoint: 15225 ns, Total: 133990 ns
[2020-09-11T11:50:43.634+0000][1][safepoint    ] Safepoint "Cleanup", Time since last: 1000199259 ns, Reaching safepoint: 92208 ns, At safepoint: 6896 ns, Total: 99104 ns
[2020-09-11T11:50:44.635+0000][1][safepoint    ] Safepoint "Cleanup", Time since last: 1000187935 ns, Reaching safepoint: 85515 ns, At safepoint: 6337 ns, Total: 91852 ns
[2020-09-11T11:50:45.635+0000][1][safepoint    ] Safepoint "Cleanup", Time since last: 1000204611 ns, Reaching safepoint: 116684 ns, At safepoint: 17443 ns, Total: 134127 ns
[2020-09-11T11:50:46.635+0000][1][safepoint    ] Safepoint "Cleanup", Time since last: 1000252816 ns, Reaching safepoint: 116076 ns, At safepoint: 16625 ns, Total: 132701 ns
[2020-09-11T11:50:47.636+0000][1][safepoint    ] Safepoint "Cleanup", Time since last: 1000223483 ns, Reaching safepoint: 111161 ns, At safepoint: 16789 ns, Total: 127950 ns
[2020-09-11T11:50:48.636+0000][1][safepoint    ] Safepoint "Cleanup", Time since last: 1000194658 ns, Reaching safepoint: 101317 ns, At safepoint: 6694 ns, Total: 108011 ns
[2020-09-11T11:50:49.636+0000][1][safepoint    ] Safepoint "Cleanup", Time since last: 1000155081 ns, Reaching safepoint: 100108 ns, At safepoint: 6942 ns, Total: 107050 ns
[2020-09-11T11:50:50.636+0000][1][safepoint    ] Safepoint "Cleanup", Time since last: 1000171320 ns, Reaching safepoint: 117104 ns, At safepoint: 15766 ns, Total: 132870 ns
[2020-09-11T11:50:51.637+0000][1][safepoint    ] Safepoint "Cleanup", Time since last: 1000178879 ns, Reaching safepoint: 130499 ns, At safepoint: 17183 ns, Total: 147682 ns
[2020-09-11T11:50:52.653+0000][1][safepoint    ] Safepoint "Cleanup", Time since last: 1015762610 ns, Reaching safepoint: 113910 ns, At safepoint: 16922 ns, Total: 130832 ns
[2020-09-11T11:50:53.653+0000][1][safepoint    ] Safepoint "Cleanup", Time since last: 1000234266 ns, Reaching safepoint: 89985 ns, At safepoint: 8689 ns, Total: 98674 ns
[2020-09-11T11:50:54.653+0000][1][safepoint    ] Safepoint "Cleanup", Time since last: 1000210433 ns, Reaching safepoint: 89391 ns, At safepoint: 6316 ns, Total: 95707 ns
[2020-09-11T11:50:55.654+0000][1][safepoint    ] Safepoint "Cleanup", Time since last: 1000187678 ns, Reaching safepoint: 85128 ns, At safepoint: 7221 ns, Total: 92349 ns
[2020-09-11T11:50:56.654+0000][1][safepoint    ] Safepoint "Cleanup", Time since last: 1000192020 ns, Reaching safepoint: 87542 ns, At safepoint: 6452 ns, Total: 93994 ns
[2020-09-11T11:50:57.655+0000][1][safepoint    ] Safepoint "Cleanup", Time since last: 1000717380 ns, Reaching safepoint: 117047 ns, At safepoint: 16458 ns, Total: 133505 ns
[2020-09-11T11:50:58.655+0000][1][safepoint    ] Safepoint "Cleanup", Time since last: 1000242666 ns, Reaching safepoint: 113931 ns, At safepoint: 16865 ns, Total: 130796 ns
[2020-09-11T11:50:59.655+0000][1][safepoint    ] Safepoint "Cleanup", Time since last: 1000175628 ns, Reaching safepoint: 117559 ns, At safepoint: 7218 ns, Total: 124777 ns
[2020-09-11T11:51:00.656+0000][1][safepoint    ] Safepoint "Cleanup", Time since last: 1000136362 ns, Reaching safepoint: 118441 ns, At safepoint: 16197 ns, Total: 134638 ns
[2020-09-11T11:51:01.656+0000][1][safepoint    ] Safepoint "Cleanup", Time since last: 1000213300 ns, Reaching safepoint: 115945 ns, At safepoint: 16595 ns, Total: 132540 ns
[2020-09-11T11:51:02.657+0000][1][safepoint    ] Safepoint "Cleanup", Time since last: 1001083400 ns, Reaching safepoint: 93026 ns, At safepoint: 6318 ns, Total: 99344 ns
[2020-09-11T11:51:03.657+0000][1][safepoint    ] Safepoint "Cleanup", Time since last: 1000182305 ns, Reaching safepoint: 84229 ns, At safepoint: 7628 ns, Total: 91857 ns
[2020-09-11T11:51:04.658+0000][1][safepoint    ] Safepoint "Cleanup", Time since last: 1000150038 ns, Reaching safepoint: 98182 ns, At safepoint: 6253 ns, Total: 104435 ns
[2020-09-11T11:51:05.658+0000][1][safepoint    ] Safepoint "Cleanup", Time since last: 1000180584 ns, Reaching safepoint: 88971 ns, At safepoint: 7509 ns, Total: 96480 ns
[2020-09-11T11:51:06.658+0000][1][safepoint    ] Safepoint "Cleanup", Time since last: 1000179460 ns, Reaching safepoint: 86671 ns, At safepoint: 6754 ns, Total: 93425 ns
[2020-09-11T11:51:07.659+0000][1][safepoint    ] Safepoint "Cleanup", Time since last: 1000858689 ns, Reaching safepoint: 120973 ns, At safepoint: 18235 ns, Total: 139208 ns
[2020-09-11T11:51:08.660+0000][1][safepoint    ] Safepoint "Cleanup", Time since last: 1000232640 ns, Reaching safepoint: 83527 ns, At safepoint: 6578 ns, Total: 90105 ns
[2020-09-11T11:51:09.660+0000][1][safepoint    ] Safepoint "Cleanup", Time since last: 1000196392 ns, Reaching safepoint: 125608 ns, At safepoint: 17339 ns, Total: 142947 ns
[2020-09-11T11:51:09.690+0000][1][safepoint    ] Safepoint "RevokeBias", Time since last: 29364044 ns, Reaching safepoint: 183650 ns, At safepoint: 69653 ns, Total: 253303 ns
[2020-09-11T11:51:10.690+0000][1][safepoint    ] Safepoint "Cleanup", Time since last: 1000206192 ns, Reaching safepoint: 82881 ns, At safepoint: 6824 ns, Total: 89705 ns
[2020-09-11T11:51:11.690+0000][1][safepoint    ] Safepoint "Cleanup", Time since last: 1000191098 ns, Reaching safepoint: 118020 ns, At safepoint: 17654 ns, Total: 135674 ns
[2020-09-11T11:51:12.691+0000][1][safepoint    ] Safepoint "Cleanup", Time since last: 1001163820 ns, Reaching safepoint: 79526 ns, At safepoint: 6279 ns, Total: 85805 ns
[2020-09-11T11:51:13.692+0000][1][safepoint    ] Safepoint "Cleanup", Time since last: 1000162279 ns, Reaching safepoint: 129672 ns, At safepoint: 7703 ns, Total: 137375 ns
[2020-09-11T11:51:14.692+0000][1][safepoint    ] Safepoint "Cleanup", Time since last: 1000137321 ns, Reaching safepoint: 107082 ns, At safepoint: 6572 ns, Total: 113654 ns
[2020-09-11T11:51:15.692+0000][1][safepoint    ] Safepoint "Cleanup", Time since last: 1000133634 ns, Reaching safepoint: 106129 ns, At safepoint: 8160 ns, Total: 114289 ns
[2020-09-11T11:51:16.692+0000][1][safepoint    ] Safepoint "Cleanup", Time since last: 1000155505 ns, Reaching safepoint: 99843 ns, At safepoint: 7095 ns, Total: 106938 ns
[2020-09-11T11:51:17.694+0000][1][safepoint    ] Safepoint "Cleanup", Time since last: 1000970141 ns, Reaching safepoint: 103098 ns, At safepoint: 6917 ns, Total: 110015 ns
[2020-09-11T11:51:18.694+0000][1][safepoint    ] Safepoint "Cleanup", Time since last: 1000140988 ns, Reaching safepoint: 103489 ns, At safepoint: 5894 ns, Total: 109383 ns
[2020-09-11T11:51:19.694+0000][1][safepoint    ] Safepoint "Cleanup", Time since last: 1000160393 ns, Reaching safepoint: 98863 ns, At safepoint: 8039 ns, Total: 106902 ns
[2020-09-11T11:51:20.694+0000][1][safepoint    ] Safepoint "Cleanup", Time since last: 1000163287 ns, Reaching safepoint: 104113 ns, At safepoint: 6966 ns, Total: 111079 ns
[2020-09-11T11:51:21.695+0000][1][safepoint    ] Safepoint "Cleanup", Time since last: 1000153166 ns, Reaching safepoint: 98927 ns, At safepoint: 7767 ns, Total: 106694 ns
[2020-09-11T11:51:22.696+0000][1][safepoint    ] Safepoint "Cleanup", Time since last: 1000804946 ns, Reaching safepoint: 99627 ns, At safepoint: 7335 ns, Total: 106962 ns
[2020-09-11T11:51:23.696+0000][1][safepoint    ] Safepoint "Cleanup", Time since last: 1000172049 ns, Reaching safepoint: 107195 ns, At safepoint: 8188 ns, Total: 115383 ns
[2020-09-11T11:51:24.696+0000][1][safepoint    ] Safepoint "Cleanup", Time since last: 1000164765 ns, Reaching safepoint: 98369 ns, At safepoint: 6891 ns, Total: 105260 ns
[2020-09-11T11:51:25.696+0000][1][safepoint    ] Safepoint "Cleanup", Time since last: 1000164299 ns, Reaching safepoint: 121973 ns, At safepoint: 16888 ns, Total: 138861 ns
[2020-09-11T11:51:26.697+0000][1][safepoint    ] Safepoint "Cleanup", Time since last: 1000202124 ns, Reaching safepoint: 96597 ns, At safepoint: 6914 ns, Total: 103511 ns
[2020-09-11T11:51:27.698+0000][1][safepoint    ] Safepoint "Cleanup", Time since last: 1000788265 ns, Reaching safepoint: 116794 ns, At safepoint: 18135 ns, Total: 134929 ns
[2020-09-11T11:51:28.698+0000][1][safepoint    ] Safepoint "Cleanup", Time since last: 1000183510 ns, Reaching safepoint: 115654 ns, At safepoint: 16204 ns, Total: 131858 ns
[2020-09-11T11:51:28.973+0000][1][gc,start     ] GC(69) Pause Young (Allocation Failure)
[2020-09-11T11:51:28.973+0000][1][gc,task      ] GC(69) Using 1 workers of 1 for evacuation
[2020-09-11T11:51:28.988+0000][1][gc,age       ] GC(69) Desired survivor size 4358144 bytes, new threshold 6 (max threshold 6)
[2020-09-11T11:51:28.988+0000][1][gc,age       ] GC(69) Age table with threshold 6 (max threshold 6)
[2020-09-11T11:51:28.988+0000][1][gc,age       ] GC(69) - age   1:      35192 bytes,      35192 total
[2020-09-11T11:51:28.988+0000][1][gc,age       ] GC(69) - age   2:       2520 bytes,      37712 total
[2020-09-11T11:51:28.988+0000][1][gc,age       ] GC(69) - age   3:       2736 bytes,      40448 total
[2020-09-11T11:51:28.988+0000][1][gc,age       ] GC(69) - age   4:     309504 bytes,     349952 total
[2020-09-11T11:51:28.988+0000][1][gc,age       ] GC(69) - age   5:    1310400 bytes,    1660352 total
[2020-09-11T11:51:28.988+0000][1][gc,heap      ] GC(69) ParNew: 69767K->3193K(76672K)
[2020-09-11T11:51:28.988+0000][1][gc,heap      ] GC(69) CMS: 62793K->62793K(439104K)
[2020-09-11T11:51:28.988+0000][1][gc,metaspace ] GC(69) Metaspace: 73018K->73018K(1116160K)
[2020-09-11T11:51:28.988+0000][1][gc           ] GC(69) Pause Young (Allocation Failure) 129M->64M(503M) 14.474ms
[2020-09-11T11:51:28.988+0000][1][gc,cpu       ] GC(69) User=0.02s Sys=0.00s Real=0.02s
[2020-09-11T11:51:28.988+0000][1][safepoint    ] Safepoint "GenCollectForAllocation", Time since last: 275067493 ns, Reaching safepoint: 219993 ns, At safepoint: 14591510 ns, Total: 14811503 ns
[2020-09-11T11:51:29.989+0000][1][safepoint    ] Safepoint "Cleanup", Time since last: 1000685385 ns, Reaching safepoint: 171138 ns, At safepoint: 6486 ns, Total: 177624 ns
[2020-09-11T11:51:30.989+0000][1][safepoint    ] Safepoint "Cleanup", Time since last: 1000181709 ns, Reaching safepoint: 97050 ns, At safepoint: 6038 ns, Total: 103088 ns
[2020-09-11T11:51:31.989+0000][1][safepoint    ] Safepoint "Cleanup", Time since last: 1000166097 ns, Reaching safepoint: 81675 ns, At safepoint: 7350 ns, Total: 89025 ns
[2020-09-11T11:51:32.990+0000][1][safepoint    ] Safepoint "Cleanup", Time since last: 1000172109 ns, Reaching safepoint: 102501 ns, At safepoint: 15837 ns, Total: 118338 ns
[2020-09-11T11:51:33.990+0000][1][safepoint    ] Safepoint "Cleanup", Time since last: 1000207182 ns, Reaching safepoint: 99234 ns, At safepoint: 15809 ns, Total: 115043 ns
[2020-09-11T11:51:34.990+0000][1][safepoint    ] Safepoint "Cleanup", Time since last: 1000195407 ns, Reaching safepoint: 79563 ns, At safepoint: 6240 ns, Total: 85803 ns
[2020-09-11T11:51:35.990+0000][1][safepoint    ] Safepoint "Cleanup", Time since last: 1000163070 ns, Reaching safepoint: 102401 ns, At safepoint: 16665 ns, Total: 119066 ns
[2020-09-11T11:51:36.991+0000][1][safepoint    ] Safepoint "Cleanup", Time since last: 1000155231 ns, Reaching safepoint: 99224 ns, At safepoint: 13598 ns, Total: 112822 ns
[2020-09-11T11:51:37.991+0000][1][safepoint    ] Safepoint "Cleanup", Time since last: 1000166680 ns, Reaching safepoint: 105635 ns, At safepoint: 16498 ns, Total: 122133 ns
[2020-09-11T11:51:38.991+0000][1][safepoint    ] Safepoint "Cleanup", Time since last: 1000166004 ns, Reaching safepoint: 97058 ns, At safepoint: 14106 ns, Total: 111164 ns
[2020-09-11T11:51:39.992+0000][1][safepoint    ] Safepoint "Cleanup", Time since last: 1000186020 ns, Reaching safepoint: 101466 ns, At safepoint: 17002 ns, Total: 118468 ns
[2020-09-11T11:51:40.992+0000][1][safepoint    ] Safepoint "Cleanup", Time since last: 1000203437 ns, Reaching safepoint: 86745 ns, At safepoint: 13024 ns, Total: 99769 ns
[2020-09-11T11:51:41.992+0000][1][safepoint    ] Safepoint "Cleanup", Time since last: 1000183178 ns, Reaching safepoint: 84774 ns, At safepoint: 6580 ns, Total: 91354 ns
[2020-09-11T11:51:42.992+0000][1][safepoint    ] Safepoint "Cleanup", Time since last: 1000150146 ns, Reaching safepoint: 101766 ns, At safepoint: 15709 ns, Total: 117475 ns
[2020-09-11T11:51:43.993+0000][1][safepoint    ] Safepoint "Cleanup", Time since last: 1000199659 ns, Reaching safepoint: 102007 ns, At safepoint: 16384 ns, Total: 118391 ns
[2020-09-11T11:51:44.993+0000][1][safepoint    ] Safepoint "Cleanup", Time since last: 1000201919 ns, Reaching safepoint: 129342 ns, At safepoint: 18403 ns, Total: 147745 ns
[2020-09-11T11:51:45.993+0000][1][safepoint    ] Safepoint "Cleanup", Time since last: 1000212202 ns, Reaching safepoint: 101228 ns, At safepoint: 16244 ns, Total: 117472 ns
[2020-09-11T11:51:46.994+0000][1][safepoint    ] Safepoint "Cleanup", Time since last: 1000220120 ns, Reaching safepoint: 78111 ns, At safepoint: 6338 ns, Total: 84449 ns
[2020-09-11T11:51:47.994+0000][1][safepoint    ] Safepoint "Cleanup", Time since last: 1000179094 ns, Reaching safepoint: 102908 ns, At safepoint: 16398 ns, Total: 119306 ns
[2020-09-11T11:51:48.994+0000][1][safepoint    ] Safepoint "Cleanup", Time since last: 1000200040 ns, Reaching safepoint: 96885 ns, At safepoint: 15819 ns, Total: 112704 ns
[2020-09-11T11:51:49.995+0000][1][safepoint    ] Safepoint "Cleanup", Time since last: 1000193522 ns, Reaching safepoint: 103367 ns, At safepoint: 15786 ns, Total: 119153 ns
[2020-09-11T11:51:50.995+0000][1][safepoint    ] Safepoint "Cleanup", Time since last: 1000128737 ns, Reaching safepoint: 136570 ns, At safepoint: 5918 ns, Total: 142488 ns
[2020-09-11T11:51:51.995+0000][1][safepoint    ] Safepoint "Cleanup", Time since last: 1000167895 ns, Reaching safepoint: 93085 ns, At safepoint: 6458 ns, Total: 99543 ns
[2020-09-11T11:51:52.995+0000][1][safepoint    ] Safepoint "Cleanup", Time since last: 1000154337 ns, Reaching safepoint: 72715 ns, At safepoint: 14514 ns, Total: 87229 ns
[2020-09-11T11:51:53.996+0000][1][safepoint    ] Safepoint "Cleanup", Time since last: 1000132687 ns, Reaching safepoint: 52768 ns, At safepoint: 5931 ns, Total: 58699 ns
[2020-09-11T11:51:54.996+0000][1][safepoint    ] Safepoint "Cleanup", Time since last: 1000093445 ns, Reaching safepoint: 56977 ns, At safepoint: 6188 ns, Total: 63165 ns
[2020-09-11T11:51:55.996+0000][1][safepoint    ] Safepoint "Cleanup", Time since last: 1000174833 ns, Reaching safepoint: 77418 ns, At safepoint: 7177 ns, Total: 84595 ns
[2020-09-11T11:51:56.996+0000][1][safepoint    ] Safepoint "Cleanup", Time since last: 1000167981 ns, Reaching safepoint: 102013 ns, At safepoint: 16475 ns, Total: 118488 ns
[2020-09-11T11:51:57.997+0000][1][safepoint    ] Safepoint "Cleanup", Time since last: 1000201421 ns, Reaching safepoint: 101235 ns, At safepoint: 17277 ns, Total: 118512 ns
[2020-09-11T11:51:58.997+0000][1][safepoint    ] Safepoint "Cleanup", Time since last: 1000200524 ns, Reaching safepoint: 101849 ns, At safepoint: 16235 ns, Total: 118084 ns
[2020-09-11T11:51:59.997+0000][1][safepoint    ] Safepoint "Cleanup", Time since last: 1000195713 ns, Reaching safepoint: 103296 ns, At safepoint: 16090 ns, Total: 119386 ns
[2020-09-11T11:52:00.998+0000][1][safepoint    ] Safepoint "Cleanup", Time since last: 1000230166 ns, Reaching safepoint: 106550 ns, At safepoint: 18423 ns, Total: 124973 ns
[2020-09-11T11:52:01.998+0000][1][safepoint    ] Safepoint "Cleanup", Time since last: 1000219146 ns, Reaching safepoint: 97987 ns, At safepoint: 16599 ns, Total: 114586 ns
[2020-09-11T11:52:02.998+0000][1][safepoint    ] Safepoint "Cleanup", Time since last: 1000217725 ns, Reaching safepoint: 80248 ns, At safepoint: 6406 ns, Total: 86654 ns
[2020-09-11T11:52:03.998+0000][1][safepoint    ] Safepoint "Cleanup", Time since last: 1000164285 ns, Reaching safepoint: 80564 ns, At safepoint: 6146 ns, Total: 86710 ns
[2020-09-11T11:52:04.999+0000][1][safepoint    ] Safepoint "Cleanup", Time since last: 1000160570 ns, Reaching safepoint: 83261 ns, At safepoint: 6866 ns, Total: 90127 ns
[2020-09-11T11:52:05.999+0000][1][safepoint    ] Safepoint "Cleanup", Time since last: 1000128105 ns, Reaching safepoint: 101268 ns, At safepoint: 14423 ns, Total: 115691 ns
[2020-09-11T11:52:06.999+0000][1][safepoint    ] Safepoint "Cleanup", Time since last: 1000205701 ns, Reaching safepoint: 77613 ns, At safepoint: 6570 ns, Total: 84183 ns
[2020-09-11T11:52:08.000+0000][1][safepoint    ] Safepoint "Cleanup", Time since last: 1000152946 ns, Reaching safepoint: 104201 ns, At safepoint: 15917 ns, Total: 120118 ns
[2020-09-11T11:52:09.000+0000][1][safepoint    ] Safepoint "Cleanup", Time since last: 1000158967 ns, Reaching safepoint: 100078 ns, At safepoint: 13638 ns, Total: 113716 ns
[2020-09-11T11:52:10.000+0000][1][safepoint    ] Safepoint "Cleanup", Time since last: 1000203898 ns, Reaching safepoint: 102758 ns, At safepoint: 16922 ns, Total: 119680 ns
[2020-09-11T11:52:11.000+0000][1][safepoint    ] Safepoint "Cleanup", Time since last: 1000189757 ns, Reaching safepoint: 109473 ns, At safepoint: 15553 ns, Total: 125026 ns
[2020-09-11T11:52:12.001+0000][1][safepoint    ] Safepoint "Cleanup", Time since last: 1000216466 ns, Reaching safepoint: 102411 ns, At safepoint: 17053 ns, Total: 119464 ns
[2020-09-11T11:52:13.001+0000][1][safepoint    ] Safepoint "Cleanup", Time since last: 1000203390 ns, Reaching safepoint: 102273 ns, At safepoint: 16736 ns, Total: 119009 ns
[2020-09-11T11:52:14.001+0000][1][safepoint    ] Safepoint "Cleanup", Time since last: 1000209721 ns, Reaching safepoint: 83509 ns, At safepoint: 6206 ns, Total: 89715 ns
[2020-09-11T11:52:15.002+0000][1][safepoint    ] Safepoint "Cleanup", Time since last: 1000152559 ns, Reaching safepoint: 86099 ns, At safepoint: 6659 ns, Total: 92758 ns
[2020-09-11T11:52:16.003+0000][1][safepoint    ] Safepoint "Cleanup", Time since last: 1000121267 ns, Reaching safepoint: 1154843 ns, At safepoint: 21302 ns, Total: 1176145 ns
[2020-09-11T11:52:17.003+0000][1][safepoint    ] Safepoint "Cleanup", Time since last: 1000190706 ns, Reaching safepoint: 101759 ns, At safepoint: 18209 ns, Total: 119968 ns
[2020-09-11T11:52:18.004+0000][1][safepoint    ] Safepoint "Cleanup", Time since last: 1000205693 ns, Reaching safepoint: 103747 ns, At safepoint: 16852 ns, Total: 120599 ns
[2020-09-11T11:52:19.004+0000][1][safepoint    ] Safepoint "Cleanup", Time since last: 1000177397 ns, Reaching safepoint: 102581 ns, At safepoint: 13665 ns, Total: 116246 ns
[2020-09-11T11:52:20.004+0000][1][safepoint    ] Safepoint "Cleanup", Time since last: 1000210350 ns, Reaching safepoint: 82561 ns, At safepoint: 7017 ns, Total: 89578 ns
[2020-09-11T11:52:21.004+0000][1][safepoint    ] Safepoint "Cleanup", Time since last: 1000180323 ns, Reaching safepoint: 109344 ns, At safepoint: 7427 ns, Total: 116771 ns
[2020-09-11T11:52:22.005+0000][1][safepoint    ] Safepoint "Cleanup", Time since last: 1000175582 ns, Reaching safepoint: 86469 ns, At safepoint: 6634 ns, Total: 93103 ns
[2020-09-11T11:52:23.005+0000][1][safepoint    ] Safepoint "Cleanup", Time since last: 1000134469 ns, Reaching safepoint: 100208 ns, At safepoint: 13632 ns, Total: 113840 ns
[2020-09-11T11:52:24.005+0000][1][safepoint    ] Safepoint "Cleanup", Time since last: 1000129336 ns, Reaching safepoint: 53620 ns, At safepoint: 5277 ns, Total: 58897 ns
[2020-09-11T11:52:25.005+0000][1][safepoint    ] Safepoint "Cleanup", Time since last: 1000143341 ns, Reaching safepoint: 95137 ns, At safepoint: 13228 ns, Total: 108365 ns
[2020-09-11T11:52:26.006+0000][1][safepoint    ] Safepoint "Cleanup", Time since last: 1000183108 ns, Reaching safepoint: 82363 ns, At safepoint: 6552 ns, Total: 88915 ns
[2020-09-11T11:52:27.006+0000][1][safepoint    ] Safepoint "Cleanup", Time since last: 1000151439 ns, Reaching safepoint: 84525 ns, At safepoint: 6417 ns, Total: 90942 ns
[2020-09-11T11:52:28.006+0000][1][safepoint    ] Safepoint "Cleanup", Time since last: 1000167713 ns, Reaching safepoint: 78389 ns, At safepoint: 6927 ns, Total: 85316 ns
[2020-09-11T11:52:29.006+0000][1][safepoint    ] Safepoint "Cleanup", Time since last: 1000156285 ns, Reaching safepoint: 81825 ns, At safepoint: 6855 ns, Total: 88680 ns
[2020-09-11T11:52:30.007+0000][1][safepoint    ] Safepoint "Cleanup", Time since last: 1000180764 ns, Reaching safepoint: 79866 ns, At safepoint: 6132 ns, Total: 85998 ns
[2020-09-11T11:52:31.007+0000][1][safepoint    ] Safepoint "Cleanup", Time since last: 1000159427 ns, Reaching safepoint: 115484 ns, At safepoint: 18376 ns, Total: 133860 ns
[2020-09-11T11:52:32.007+0000][1][safepoint    ] Safepoint "Cleanup", Time since last: 1000166134 ns, Reaching safepoint: 109015 ns, At safepoint: 13605 ns, Total: 122620 ns
[2020-09-11T11:52:33.008+0000][1][safepoint    ] Safepoint "Cleanup", Time since last: 1000158202 ns, Reaching safepoint: 98518 ns, At safepoint: 6765 ns, Total: 105283 ns
[2020-09-11T11:52:34.008+0000][1][safepoint    ] Safepoint "Cleanup", Time since last: 1000093804 ns, Reaching safepoint: 54269 ns, At safepoint: 5434 ns, Total: 59703 ns
[2020-09-11T11:52:35.008+0000][1][safepoint    ] Safepoint "Cleanup", Time since last: 1000125017 ns, Reaching safepoint: 225171 ns, At safepoint: 19235 ns, Total: 244406 ns
[2020-09-11T11:52:36.008+0000][1][safepoint    ] Safepoint "Cleanup", Time since last: 1000125862 ns, Reaching safepoint: 59393 ns, At safepoint: 5772 ns, Total: 65165 ns
[2020-09-11T11:52:37.008+0000][1][safepoint    ] Safepoint "Cleanup", Time since last: 1000132074 ns, Reaching safepoint: 50741 ns, At safepoint: 5246 ns, Total: 55987 ns
[2020-09-11T11:52:38.009+0000][1][safepoint    ] Safepoint "Cleanup", Time since last: 1000147932 ns, Reaching safepoint: 104525 ns, At safepoint: 13548 ns, Total: 118073 ns
[2020-09-11T11:52:39.009+0000][1][safepoint    ] Safepoint "Cleanup", Time since last: 1000189033 ns, Reaching safepoint: 81276 ns, At safepoint: 6486 ns, Total: 87762 ns
[2020-09-11T11:52:39.874+0000][1][gc,start     ] GC(70) Pause Young (Allocation Failure)
[2020-09-11T11:52:39.874+0000][1][gc,task      ] GC(70) Using 1 workers of 1 for evacuation
[2020-09-11T11:52:39.882+0000][1][gc,age       ] GC(70) Desired survivor size 4358144 bytes, new threshold 6 (max threshold 6)
[2020-09-11T11:52:39.882+0000][1][gc,age       ] GC(70) Age table with threshold 6 (max threshold 6)
[2020-09-11T11:52:39.882+0000][1][gc,age       ] GC(70) - age   1:       7248 bytes,       7248 total
[2020-09-11T11:52:39.882+0000][1][gc,age       ] GC(70) - age   2:      26384 bytes,      33632 total
[2020-09-11T11:52:39.882+0000][1][gc,age       ] GC(70) - age   3:       2520 bytes,      36152 total
[2020-09-11T11:52:39.882+0000][1][gc,age       ] GC(70) - age   4:       2736 bytes,      38888 total
[2020-09-11T11:52:39.882+0000][1][gc,age       ] GC(70) - age   5:     309504 bytes,     348392 total
[2020-09-11T11:52:39.882+0000][1][gc,age       ] GC(70) - age   6:    1310400 bytes,    1658792 total
[2020-09-11T11:52:39.882+0000][1][gc,heap      ] GC(70) ParNew: 71353K->2014K(76672K)
[2020-09-11T11:52:39.882+0000][1][gc,heap      ] GC(70) CMS: 62793K->62793K(439104K)
[2020-09-11T11:52:39.882+0000][1][gc,metaspace ] GC(70) Metaspace: 73086K->73086K(1116160K)
[2020-09-11T11:52:39.882+0000][1][gc           ] GC(70) Pause Young (Allocation Failure) 131M->63M(503M) 8.249ms
[2020-09-11T11:52:39.882+0000][1][gc,cpu       ] GC(70) User=0.01s Sys=0.00s Real=0.01s
[2020-09-11T11:52:39.882+0000][1][safepoint    ] Safepoint "GenCollectForAllocation", Time since last: 864557747 ns, Reaching safepoint: 170115 ns, At safepoint: 8334149 ns, Total: 8504264 ns
[2020-09-11T11:52:40.888+0000][1][safepoint    ] Safepoint "Cleanup", Time since last: 1005518875 ns, Reaching safepoint: 61391 ns, At safepoint: 6375 ns, Total: 67766 ns
[2020-09-11T11:52:41.888+0000][1][safepoint    ] Safepoint "Cleanup", Time since last: 1000151831 ns, Reaching safepoint: 92967 ns, At safepoint: 6280 ns, Total: 99247 ns
[2020-09-11T11:52:42.888+0000][1][safepoint    ] Safepoint "Cleanup", Time since last: 1000165458 ns, Reaching safepoint: 87395 ns, At safepoint: 7074 ns, Total: 94469 ns
[2020-09-11T11:52:43.888+0000][1][safepoint    ] Safepoint "Cleanup", Time since last: 1000162864 ns, Reaching safepoint: 90221 ns, At safepoint: 6196 ns, Total: 96417 ns
[2020-09-11T11:52:44.889+0000][1][safepoint    ] Safepoint "Cleanup", Time since last: 1000119006 ns, Reaching safepoint: 214703 ns, At safepoint: 17841 ns, Total: 232544 ns
[2020-09-11T11:52:45.889+0000][1][safepoint    ] Safepoint "Cleanup", Time since last: 1000197488 ns, Reaching safepoint: 137261 ns, At safepoint: 16341 ns, Total: 153602 ns
[2020-09-11T11:52:46.889+0000][1][safepoint    ] Safepoint "Cleanup", Time since last: 1000210880 ns, Reaching safepoint: 113051 ns, At safepoint: 16054 ns, Total: 129105 ns
[2020-09-11T11:52:47.890+0000][1][safepoint    ] Safepoint "Cleanup", Time since last: 1000200176 ns, Reaching safepoint: 113530 ns, At safepoint: 15906 ns, Total: 129436 ns
[2020-09-11T11:52:48.890+0000][1][safepoint    ] Safepoint "Cleanup", Time since last: 1000198913 ns, Reaching safepoint: 114615 ns, At safepoint: 16688 ns, Total: 131303 ns
[2020-09-11T11:52:49.890+0000][1][safepoint    ] Safepoint "Cleanup", Time since last: 1000193088 ns, Reaching safepoint: 105527 ns, At safepoint: 5838 ns, Total: 111365 ns
[2020-09-11T11:52:50.891+0000][1][safepoint    ] Safepoint "Cleanup", Time since last: 1000125386 ns, Reaching safepoint: 113586 ns, At safepoint: 14737 ns, Total: 128323 ns
[2020-09-11T11:52:51.891+0000][1][safepoint    ] Safepoint "Cleanup", Time since last: 1000218618 ns, Reaching safepoint: 86020 ns, At safepoint: 6124 ns, Total: 92144 ns
[2020-09-11T11:52:52.891+0000][1][safepoint    ] Safepoint "Cleanup", Time since last: 1000127652 ns, Reaching safepoint: 113849 ns, At safepoint: 14768 ns, Total: 128617 ns
[2020-09-11T11:52:53.892+0000][1][safepoint    ] Safepoint "Cleanup", Time since last: 1000167170 ns, Reaching safepoint: 125019 ns, At safepoint: 14226 ns, Total: 139245 ns
[2020-09-11T11:52:54.892+0000][1][safepoint    ] Safepoint "Cleanup", Time since last: 1000182081 ns, Reaching safepoint: 117685 ns, At safepoint: 16395 ns, Total: 134080 ns
[2020-09-11T11:52:55.892+0000][1][safepoint    ] Safepoint "Cleanup", Time since last: 1000175033 ns, Reaching safepoint: 125817 ns, At safepoint: 18192 ns, Total: 144009 ns
[2020-09-11T11:52:56.892+0000][1][safepoint    ] Safepoint "Cleanup", Time since last: 1000210028 ns, Reaching safepoint: 65326 ns, At safepoint: 6799 ns, Total: 72125 ns
[2020-09-11T11:52:57.893+0000][1][safepoint    ] Safepoint "Cleanup", Time since last: 1000170431 ns, Reaching safepoint: 115514 ns, At safepoint: 15840 ns, Total: 131354 ns
[2020-09-11T11:52:58.893+0000][1][safepoint    ] Safepoint "Cleanup", Time since last: 1000212406 ns, Reaching safepoint: 106677 ns, At safepoint: 16699 ns, Total: 123376 ns
[2020-09-11T11:52:59.893+0000][1][safepoint    ] Safepoint "Cleanup", Time since last: 1000211161 ns, Reaching safepoint: 85272 ns, At safepoint: 6238 ns, Total: 91510 ns
[2020-09-11T11:53:00.894+0000][1][safepoint    ] Safepoint "Cleanup", Time since last: 1000172108 ns, Reaching safepoint: 115580 ns, At safepoint: 16669 ns, Total: 132249 ns
[2020-09-11T11:53:01.894+0000][1][safepoint    ] Safepoint "Cleanup", Time since last: 1000223903 ns, Reaching safepoint: 85162 ns, At safepoint: 6276 ns, Total: 91438 ns
[2020-09-11T11:53:02.894+0000][1][safepoint    ] Safepoint "Cleanup", Time since last: 1000187474 ns, Reaching safepoint: 110706 ns, At safepoint: 17209 ns, Total: 127915 ns
[2020-09-11T11:53:03.895+0000][1][safepoint    ] Safepoint "Cleanup", Time since last: 1000216621 ns, Reaching safepoint: 79200 ns, At safepoint: 6225 ns, Total: 85425 ns
[2020-09-11T11:53:04.895+0000][1][safepoint    ] Safepoint "Cleanup", Time since last: 1000181197 ns, Reaching safepoint: 84261 ns, At safepoint: 7000 ns, Total: 91261 ns
[2020-09-11T11:53:05.895+0000][1][safepoint    ] Safepoint "Cleanup", Time since last: 1000129098 ns, Reaching safepoint: 60749 ns, At safepoint: 5842 ns, Total: 66591 ns
[2020-09-11T11:53:06.895+0000][1][safepoint    ] Safepoint "Cleanup", Time since last: 1000185361 ns, Reaching safepoint: 90813 ns, At safepoint: 7113 ns, Total: 97926 ns
[2020-09-11T11:53:07.896+0000][1][safepoint    ] Safepoint "Cleanup", Time since last: 1000181387 ns, Reaching safepoint: 116172 ns, At safepoint: 15997 ns, Total: 132169 ns
[2020-09-11T11:53:08.896+0000][1][safepoint    ] Safepoint "Cleanup", Time since last: 1000203512 ns, Reaching safepoint: 113723 ns, At safepoint: 16418 ns, Total: 130141 ns
[2020-09-11T11:53:09.896+0000][1][safepoint    ] Safepoint "Cleanup", Time since last: 1000218554 ns, Reaching safepoint: 114995 ns, At safepoint: 16091 ns, Total: 131086 ns
[2020-09-11T11:53:10.897+0000][1][safepoint    ] Safepoint "Cleanup", Time since last: 1000209756 ns, Reaching safepoint: 116589 ns, At safepoint: 16983 ns, Total: 133572 ns
[2020-09-11T11:53:11.897+0000][1][safepoint    ] Safepoint "Cleanup", Time since last: 1000229512 ns, Reaching safepoint: 115347 ns, At safepoint: 15683 ns, Total: 131030 ns
[2020-09-11T11:53:12.897+0000][1][safepoint    ] Safepoint "Cleanup", Time since last: 1000253776 ns, Reaching safepoint: 86976 ns, At safepoint: 8260 ns, Total: 95236 ns
[2020-09-11T11:53:13.898+0000][1][safepoint    ] Safepoint "Cleanup", Time since last: 1000198500 ns, Reaching safepoint: 83037 ns, At safepoint: 5922 ns, Total: 88959 ns
[2020-09-11T11:53:14.898+0000][1][safepoint    ] Safepoint "Cleanup", Time since last: 1000172249 ns, Reaching safepoint: 87216 ns, At safepoint: 7627 ns, Total: 94843 ns
[2020-09-11T11:53:15.898+0000][1][safepoint    ] Safepoint "Cleanup", Time since last: 1000179474 ns, Reaching safepoint: 91555 ns, At safepoint: 6083 ns, Total: 97638 ns
[2020-09-11T11:53:16.899+0000][1][safepoint    ] Safepoint "Cleanup", Time since last: 1000188517 ns, Reaching safepoint: 160595 ns, At safepoint: 16906 ns, Total: 177501 ns
[2020-09-11T11:53:17.899+0000][1][safepoint    ] Safepoint "Cleanup", Time since last: 1000218271 ns, Reaching safepoint: 118306 ns, At safepoint: 15974 ns, Total: 134280 ns
[2020-09-11T11:53:18.899+0000][1][safepoint    ] Safepoint "Cleanup", Time since last: 1000235512 ns, Reaching safepoint: 116085 ns, At safepoint: 16111 ns, Total: 132196 ns
[2020-09-11T11:53:19.900+0000][1][safepoint    ] Safepoint "Cleanup", Time since last: 1000202764 ns, Reaching safepoint: 112714 ns, At safepoint: 16148 ns, Total: 128862 ns
[2020-09-11T11:53:20.900+0000][1][safepoint    ] Safepoint "Cleanup", Time since last: 1000209534 ns, Reaching safepoint: 90721 ns, At safepoint: 6606 ns, Total: 97327 ns
[2020-09-11T11:53:21.900+0000][1][safepoint    ] Safepoint "Cleanup", Time since last: 1000176737 ns, Reaching safepoint: 84826 ns, At safepoint: 6444 ns, Total: 91270 ns
[2020-09-11T11:53:22.901+0000][1][safepoint    ] Safepoint "Cleanup", Time since last: 1000176200 ns, Reaching safepoint: 84712 ns, At safepoint: 7145 ns, Total: 91857 ns
[2020-09-11T11:53:23.901+0000][1][safepoint    ] Safepoint "Cleanup", Time since last: 1000180481 ns, Reaching safepoint: 99756 ns, At safepoint: 7301 ns, Total: 107057 ns
[2020-09-11T11:53:24.901+0000][1][safepoint    ] Safepoint "Cleanup", Time since last: 1000187807 ns, Reaching safepoint: 92794 ns, At safepoint: 7027 ns, Total: 99821 ns
[2020-09-11T11:53:25.901+0000][1][safepoint    ] Safepoint "Cleanup", Time since last: 1000176353 ns, Reaching safepoint: 94181 ns, At safepoint: 6445 ns, Total: 100626 ns
[2020-09-11T11:53:26.902+0000][1][safepoint    ] Safepoint "Cleanup", Time since last: 1000174589 ns, Reaching safepoint: 116396 ns, At safepoint: 16030 ns, Total: 132426 ns
[2020-09-11T11:53:27.902+0000][1][safepoint    ] Safepoint "Cleanup", Time since last: 1000173719 ns, Reaching safepoint: 105347 ns, At safepoint: 6978 ns, Total: 112325 ns
[2020-09-11T11:53:28.902+0000][1][safepoint    ] Safepoint "Cleanup", Time since last: 1000175988 ns, Reaching safepoint: 115223 ns, At safepoint: 17243 ns, Total: 132466 ns
[2020-09-11T11:53:29.903+0000][1][safepoint    ] Safepoint "Cleanup", Time since last: 1000214897 ns, Reaching safepoint: 114922 ns, At safepoint: 15977 ns, Total: 130899 ns
[2020-09-11T11:53:30.903+0000][1][safepoint    ] Safepoint "Cleanup", Time since last: 1000222578 ns, Reaching safepoint: 86071 ns, At safepoint: 7185 ns, Total: 93256 ns
[2020-09-11T11:53:31.903+0000][1][safepoint    ] Safepoint "Cleanup", Time since last: 1000142893 ns, Reaching safepoint: 126746 ns, At safepoint: 15132 ns, Total: 141878 ns
[2020-09-11T11:53:32.903+0000][1][safepoint    ] Safepoint "Cleanup", Time since last: 1000164824 ns, Reaching safepoint: 74017 ns, At safepoint: 5950 ns, Total: 79967 ns
[2020-09-11T11:53:33.904+0000][1][safepoint    ] Safepoint "Cleanup", Time since last: 1000199286 ns, Reaching safepoint: 83222 ns, At safepoint: 5943 ns, Total: 89165 ns
[2020-09-11T11:53:34.904+0000][1][safepoint    ] Safepoint "Cleanup", Time since last: 1000188101 ns, Reaching safepoint: 112410 ns, At safepoint: 15930 ns, Total: 128340 ns
[2020-09-11T11:53:35.904+0000][1][safepoint    ] Safepoint "Cleanup", Time since last: 1000196885 ns, Reaching safepoint: 123498 ns, At safepoint: 16285 ns, Total: 139783 ns
[2020-09-11T11:53:36.905+0000][1][safepoint    ] Safepoint "Cleanup", Time since last: 1000215803 ns, Reaching safepoint: 113759 ns, At safepoint: 16208 ns, Total: 129967 ns
[2020-09-11T11:53:37.905+0000][1][safepoint    ] Safepoint "Cleanup", Time since last: 1000219836 ns, Reaching safepoint: 111016 ns, At safepoint: 15540 ns, Total: 126556 ns
[2020-09-11T11:53:38.905+0000][1][safepoint    ] Safepoint "Cleanup", Time since last: 1000202829 ns, Reaching safepoint: 88673 ns, At safepoint: 7178 ns, Total: 95851 ns
[2020-09-11T11:53:39.906+0000][1][safepoint    ] Safepoint "Cleanup", Time since last: 1000253906 ns, Reaching safepoint: 60779 ns, At safepoint: 5148 ns, Total: 65927 ns
[2020-09-11T11:53:40.906+0000][1][safepoint    ] Safepoint "Cleanup", Time since last: 1000135532 ns, Reaching safepoint: 124368 ns, At safepoint: 6065 ns, Total: 130433 ns
[2020-09-11T11:53:41.906+0000][1][safepoint    ] Safepoint "Cleanup", Time since last: 1000129931 ns, Reaching safepoint: 126078 ns, At safepoint: 16896 ns, Total: 142974 ns
[2020-09-11T11:53:42.907+0000][1][safepoint    ] Safepoint "Cleanup", Time since last: 1000179543 ns, Reaching safepoint: 108197 ns, At safepoint: 16768 ns, Total: 124965 ns
[2020-09-11T11:53:43.907+0000][1][safepoint    ] Safepoint "Cleanup", Time since last: 1000197872 ns, Reaching safepoint: 95600 ns, At safepoint: 6965 ns, Total: 102565 ns
[2020-09-11T11:53:44.907+0000][1][safepoint    ] Safepoint "Cleanup", Time since last: 1000166211 ns, Reaching safepoint: 92509 ns, At safepoint: 7066 ns, Total: 99575 ns
[2020-09-11T11:53:45.907+0000][1][safepoint    ] Safepoint "Cleanup", Time since last: 1000173333 ns, Reaching safepoint: 93337 ns, At safepoint: 5524 ns, Total: 98861 ns
[2020-09-11T11:53:46.908+0000][1][safepoint    ] Safepoint "Cleanup", Time since last: 1000279141 ns, Reaching safepoint: 158786 ns, At safepoint: 21303 ns, Total: 180089 ns
[2020-09-11T11:53:47.908+0000][1][safepoint    ] Safepoint "Cleanup", Time since last: 1000202890 ns, Reaching safepoint: 108427 ns, At safepoint: 16064 ns, Total: 124491 ns
[2020-09-11T11:53:48.909+0000][1][safepoint    ] Safepoint "Cleanup", Time since last: 1000220116 ns, Reaching safepoint: 89221 ns, At safepoint: 7290 ns, Total: 96511 ns
[2020-09-11T11:53:49.909+0000][1][safepoint    ] Safepoint "Cleanup", Time since last: 1000208998 ns, Reaching safepoint: 116062 ns, At safepoint: 17524 ns, Total: 133586 ns
[2020-09-11T11:53:50.909+0000][1][safepoint    ] Safepoint "Cleanup", Time since last: 1000183468 ns, Reaching safepoint: 117431 ns, At safepoint: 16632 ns, Total: 134063 ns
[2020-09-11T11:53:51.910+0000][1][safepoint    ] Safepoint "Cleanup", Time since last: 1000225675 ns, Reaching safepoint: 124765 ns, At safepoint: 17437 ns, Total: 142202 ns
[2020-09-11T11:53:52.910+0000][1][safepoint    ] Safepoint "Cleanup", Time since last: 1000211975 ns, Reaching safepoint: 110308 ns, At safepoint: 16488 ns, Total: 126796 ns
[2020-09-11T11:53:53.910+0000][1][safepoint    ] Safepoint "Cleanup", Time since last: 1000215391 ns, Reaching safepoint: 111067 ns, At safepoint: 16237 ns, Total: 127304 ns
[2020-09-11T11:53:54.911+0000][1][safepoint    ] Safepoint "Cleanup", Time since last: 1000209265 ns, Reaching safepoint: 126241 ns, At safepoint: 16806 ns, Total: 143047 ns
[2020-09-11T11:53:54.999+0000][1][gc,start     ] GC(71) Pause Young (Allocation Failure)
[2020-09-11T11:53:54.999+0000][1][gc,task      ] GC(71) Using 1 workers of 1 for evacuation
[2020-09-11T11:53:55.009+0000][1][gc,age       ] GC(71) Desired survivor size 4358144 bytes, new threshold 6 (max threshold 6)
[2020-09-11T11:53:55.009+0000][1][gc,age       ] GC(71) Age table with threshold 6 (max threshold 6)
[2020-09-11T11:53:55.009+0000][1][gc,age       ] GC(71) - age   1:       6408 bytes,       6408 total
[2020-09-11T11:53:55.009+0000][1][gc,age       ] GC(71) - age   2:       1464 bytes,       7872 total
[2020-09-11T11:53:55.009+0000][1][gc,age       ] GC(71) - age   3:      26384 bytes,      34256 total
[2020-09-11T11:53:55.009+0000][1][gc,age       ] GC(71) - age   4:       2520 bytes,      36776 total
[2020-09-11T11:53:55.009+0000][1][gc,age       ] GC(71) - age   5:       2736 bytes,      39512 total
[2020-09-11T11:53:55.009+0000][1][gc,age       ] GC(71) - age   6:     309504 bytes,     349016 total
[2020-09-11T11:53:55.009+0000][1][gc,heap      ] GC(71) ParNew: 70174K->1466K(76672K)
[2020-09-11T11:53:55.009+0000][1][gc,heap      ] GC(71) CMS: 62793K->64106K(439104K)
[2020-09-11T11:53:55.009+0000][1][gc,metaspace ] GC(71) Metaspace: 73133K->73133K(1116160K)
[2020-09-11T11:53:55.009+0000][1][gc           ] GC(71) Pause Young (Allocation Failure) 129M->64M(503M) 9.451ms
[2020-09-11T11:53:55.009+0000][1][gc,cpu       ] GC(71) User=0.01s Sys=0.00s Real=0.01s
[2020-09-11T11:53:55.009+0000][1][safepoint    ] Safepoint "GenCollectForAllocation", Time since last: 88635658 ns, Reaching safepoint: 185447 ns, At safepoint: 9512561 ns, Total: 9698008 ns
[2020-09-11T11:53:56.012+0000][1][safepoint    ] Safepoint "Cleanup", Time since last: 1002756194 ns, Reaching safepoint: 112881 ns, At safepoint: 543856 ns, Total: 656737 ns
[2020-09-11T11:53:57.013+0000][1][safepoint    ] Safepoint "Cleanup", Time since last: 1000567267 ns, Reaching safepoint: 222280 ns, At safepoint: 42996 ns, Total: 265276 ns
[2020-09-11T11:53:58.014+0000][1][safepoint    ] Safepoint "Cleanup", Time since last: 1000166721 ns, Reaching safepoint: 210182 ns, At safepoint: 45699 ns, Total: 255881 ns
[2020-09-11T11:53:59.014+0000][1][safepoint    ] Safepoint "Cleanup", Time since last: 1000216980 ns, Reaching safepoint: 110225 ns, At safepoint: 15930 ns, Total: 126155 ns
[2020-09-11T11:54:00.014+0000][1][safepoint    ] Safepoint "Cleanup", Time since last: 1000140329 ns, Reaching safepoint: 134115 ns, At safepoint: 8294 ns, Total: 142409 ns
[2020-09-11T11:54:01.014+0000][1][safepoint    ] Safepoint "Cleanup", Time since last: 1000170554 ns, Reaching safepoint: 86011 ns, At safepoint: 6551 ns, Total: 92562 ns
[2020-09-11T11:54:02.015+0000][1][safepoint    ] Safepoint "Cleanup", Time since last: 1000149384 ns, Reaching safepoint: 115881 ns, At safepoint: 7399 ns, Total: 123280 ns
[2020-09-11T11:54:03.015+0000][1][safepoint    ] Safepoint "Cleanup", Time since last: 1000165295 ns, Reaching safepoint: 92815 ns, At safepoint: 6558 ns, Total: 99373 ns
[2020-09-11T11:54:04.015+0000][1][safepoint    ] Safepoint "Cleanup", Time since last: 1000126105 ns, Reaching safepoint: 117983 ns, At safepoint: 15051 ns, Total: 133034 ns
[2020-09-11T11:54:05.016+0000][1][safepoint    ] Safepoint "Cleanup", Time since last: 1000175617 ns, Reaching safepoint: 109194 ns, At safepoint: 6105 ns, Total: 115299 ns
[2020-09-11T11:54:06.016+0000][1][safepoint    ] Safepoint "Cleanup", Time since last: 1000160008 ns, Reaching safepoint: 92824 ns, At safepoint: 6619 ns, Total: 99443 ns
[2020-09-11T11:54:07.016+0000][1][safepoint    ] Safepoint "Cleanup", Time since last: 1000170270 ns, Reaching safepoint: 90309 ns, At safepoint: 6586 ns, Total: 96895 ns
[2020-09-11T11:54:08.017+0000][1][safepoint    ] Safepoint "Cleanup", Time since last: 1001229944 ns, Reaching safepoint: 118581 ns, At safepoint: 18576 ns, Total: 137157 ns
[2020-09-11T11:54:09.018+0000][1][safepoint    ] Safepoint "Cleanup", Time since last: 1000227814 ns, Reaching safepoint: 88427 ns, At safepoint: 6278 ns, Total: 94705 ns
[2020-09-11T11:54:10.018+0000][1][safepoint    ] Safepoint "Cleanup", Time since last: 1000173475 ns, Reaching safepoint: 114648 ns, At safepoint: 17437 ns, Total: 132085 ns
[2020-09-11T11:54:11.018+0000][1][safepoint    ] Safepoint "Cleanup", Time since last: 1000198803 ns, Reaching safepoint: 87176 ns, At safepoint: 5598 ns, Total: 92774 ns
[2020-09-11T11:54:12.019+0000][1][safepoint    ] Safepoint "Cleanup", Time since last: 1000189191 ns, Reaching safepoint: 114261 ns, At safepoint: 16709 ns, Total: 130970 ns
[2020-09-11T11:54:13.019+0000][1][safepoint    ] Safepoint "Cleanup", Time since last: 1000218260 ns, Reaching safepoint: 81630 ns, At safepoint: 5977 ns, Total: 87607 ns
[2020-09-11T11:54:14.019+0000][1][safepoint    ] Safepoint "Cleanup", Time since last: 1000165348 ns, Reaching safepoint: 85566 ns, At safepoint: 6826 ns, Total: 92392 ns
[2020-09-11T11:54:15.020+0000][1][safepoint    ] Safepoint "Cleanup", Time since last: 1000181081 ns, Reaching safepoint: 115837 ns, At safepoint: 16328 ns, Total: 132165 ns
[2020-09-11T11:54:16.020+0000][1][safepoint    ] Safepoint "Cleanup", Time since last: 1000251192 ns, Reaching safepoint: 90009 ns, At safepoint: 7366 ns, Total: 97375 ns
[2020-09-11T11:54:17.020+0000][1][safepoint    ] Safepoint "Cleanup", Time since last: 1000150566 ns, Reaching safepoint: 82505 ns, At safepoint: 6485 ns, Total: 88990 ns
[2020-09-11T11:54:18.021+0000][1][safepoint    ] Safepoint "Cleanup", Time since last: 1000169120 ns, Reaching safepoint: 149996 ns, At safepoint: 17383 ns, Total: 167379 ns
[2020-09-11T11:54:19.021+0000][1][safepoint    ] Safepoint "Cleanup", Time since last: 1000168922 ns, Reaching safepoint: 113592 ns, At safepoint: 14865 ns, Total: 128457 ns
[2020-09-11T11:54:20.021+0000][1][safepoint    ] Safepoint "Cleanup", Time since last: 1000228603 ns, Reaching safepoint: 80195 ns, At safepoint: 7047 ns, Total: 87242 ns
[2020-09-11T11:54:21.021+0000][1][safepoint    ] Safepoint "Cleanup", Time since last: 1000175330 ns, Reaching safepoint: 84647 ns, At safepoint: 6421 ns, Total: 91068 ns
[2020-09-11T11:54:22.022+0000][1][safepoint    ] Safepoint "Cleanup", Time since last: 1000165323 ns, Reaching safepoint: 115811 ns, At safepoint: 17868 ns, Total: 133679 ns
[2020-09-11T11:54:23.022+0000][1][safepoint    ] Safepoint "Cleanup", Time since last: 1000201948 ns, Reaching safepoint: 91378 ns, At safepoint: 6663 ns, Total: 98041 ns
[2020-09-11T11:54:24.022+0000][1][safepoint    ] Safepoint "Cleanup", Time since last: 1000176471 ns, Reaching safepoint: 112867 ns, At safepoint: 16184 ns, Total: 129051 ns
[2020-09-11T11:54:25.023+0000][1][safepoint    ] Safepoint "Cleanup", Time since last: 1000235524 ns, Reaching safepoint: 110349 ns, At safepoint: 15980 ns, Total: 126329 ns
[2020-09-11T11:54:26.023+0000][1][safepoint    ] Safepoint "Cleanup", Time since last: 1000233965 ns, Reaching safepoint: 85762 ns, At safepoint: 6972 ns, Total: 92734 ns
[2020-09-11T11:54:27.024+0000][1][safepoint    ] Safepoint "Cleanup", Time since last: 1000901482 ns, Reaching safepoint: 89997 ns, At safepoint: 6793 ns, Total: 96790 ns
[2020-09-11T11:54:28.024+0000][1][safepoint    ] Safepoint "Cleanup", Time since last: 1000141908 ns, Reaching safepoint: 128434 ns, At safepoint: 18429 ns, Total: 146863 ns
[2020-09-11T11:54:29.025+0000][1][safepoint    ] Safepoint "Cleanup", Time since last: 1000219589 ns, Reaching safepoint: 86958 ns, At safepoint: 5698 ns, Total: 92656 ns
[2020-09-11T11:54:30.025+0000][1][safepoint    ] Safepoint "Cleanup", Time since last: 1000173483 ns, Reaching safepoint: 118637 ns, At safepoint: 17016 ns, Total: 135653 ns
[2020-09-11T11:54:31.025+0000][1][safepoint    ] Safepoint "Cleanup", Time since last: 1000219406 ns, Reaching safepoint: 110966 ns, At safepoint: 16361 ns, Total: 127327 ns
[2020-09-11T11:54:32.026+0000][1][safepoint    ] Safepoint "Cleanup", Time since last: 1000209741 ns, Reaching safepoint: 117669 ns, At safepoint: 17363 ns, Total: 135032 ns
[2020-09-11T11:54:33.026+0000][1][safepoint    ] Safepoint "Cleanup", Time since last: 1000207473 ns, Reaching safepoint: 93350 ns, At safepoint: 6484 ns, Total: 99834 ns
[2020-09-11T11:54:34.026+0000][1][safepoint    ] Safepoint "Cleanup", Time since last: 1000170783 ns, Reaching safepoint: 88473 ns, At safepoint: 7256 ns, Total: 95729 ns
[2020-09-11T11:54:35.026+0000][1][safepoint    ] Safepoint "Cleanup", Time since last: 1000185263 ns, Reaching safepoint: 111120 ns, At safepoint: 16629 ns, Total: 127749 ns
[2020-09-11T11:54:36.027+0000][1][safepoint    ] Safepoint "Cleanup", Time since last: 1000217070 ns, Reaching safepoint: 114537 ns, At safepoint: 17451 ns, Total: 131988 ns
[2020-09-11T11:54:37.027+0000][1][safepoint    ] Safepoint "Cleanup", Time since last: 1000245657 ns, Reaching safepoint: 88022 ns, At safepoint: 6404 ns, Total: 94426 ns
[2020-09-11T11:54:38.027+0000][1][safepoint    ] Safepoint "Cleanup", Time since last: 1000194469 ns, Reaching safepoint: 92551 ns, At safepoint: 6088 ns, Total: 98639 ns
[2020-09-11T11:54:39.028+0000][1][safepoint    ] Safepoint "Cleanup", Time since last: 1000140262 ns, Reaching safepoint: 107479 ns, At safepoint: 5606 ns, Total: 113085 ns
[2020-09-11T11:54:40.028+0000][1][safepoint    ] Safepoint "Cleanup", Time since last: 1000195390 ns, Reaching safepoint: 92688 ns, At safepoint: 7305 ns, Total: 99993 ns
[2020-09-11T11:54:41.028+0000][1][safepoint    ] Safepoint "Cleanup", Time since last: 1000172504 ns, Reaching safepoint: 111631 ns, At safepoint: 16318 ns, Total: 127949 ns
[2020-09-11T11:54:42.029+0000][1][safepoint    ] Safepoint "Cleanup", Time since last: 1000200255 ns, Reaching safepoint: 118253 ns, At safepoint: 17129 ns, Total: 135382 ns
[2020-09-11T11:54:43.029+0000][1][safepoint    ] Safepoint "Cleanup", Time since last: 1000242647 ns, Reaching safepoint: 114641 ns, At safepoint: 16308 ns, Total: 130949 ns
[2020-09-11T11:54:44.029+0000][1][safepoint    ] Safepoint "Cleanup", Time since last: 1000203504 ns, Reaching safepoint: 121267 ns, At safepoint: 17611 ns, Total: 138878 ns
[2020-09-11T11:54:45.030+0000][1][safepoint    ] Safepoint "Cleanup", Time since last: 1000230352 ns, Reaching safepoint: 111033 ns, At safepoint: 16050 ns, Total: 127083 ns
[2020-09-11T11:54:46.030+0000][1][safepoint    ] Safepoint "Cleanup", Time since last: 1000203219 ns, Reaching safepoint: 83946 ns, At safepoint: 7256 ns, Total: 91202 ns
[2020-09-11T11:54:47.030+0000][1][safepoint    ] Safepoint "Cleanup", Time since last: 1000173409 ns, Reaching safepoint: 111875 ns, At safepoint: 15973 ns, Total: 127848 ns
[2020-09-11T11:54:48.031+0000][1][safepoint    ] Safepoint "Cleanup", Time since last: 1000206278 ns, Reaching safepoint: 87973 ns, At safepoint: 8038 ns, Total: 96011 ns
[2020-09-11T11:54:49.031+0000][1][safepoint    ] Safepoint "Cleanup", Time since last: 1000175011 ns, Reaching safepoint: 145122 ns, At safepoint: 16458 ns, Total: 161580 ns
[2020-09-11T11:54:50.031+0000][1][safepoint    ] Safepoint "Cleanup", Time since last: 1000217067 ns, Reaching safepoint: 129619 ns, At safepoint: 7508 ns, Total: 137127 ns
[2020-09-11T11:54:51.032+0000][1][safepoint    ] Safepoint "Cleanup", Time since last: 1000238023 ns, Reaching safepoint: 78425 ns, At safepoint: 6108 ns, Total: 84533 ns
[2020-09-11T11:54:52.032+0000][1][safepoint    ] Safepoint "Cleanup", Time since last: 1000132190 ns, Reaching safepoint: 117792 ns, At safepoint: 15175 ns, Total: 132967 ns
[2020-09-11T11:54:53.032+0000][1][safepoint    ] Safepoint "Cleanup", Time since last: 1000209920 ns, Reaching safepoint: 109793 ns, At safepoint: 16696 ns, Total: 126489 ns
[2020-09-11T11:54:54.033+0000][1][safepoint    ] Safepoint "Cleanup", Time since last: 1000165027 ns, Reaching safepoint: 115510 ns, At safepoint: 16114 ns, Total: 131624 ns
[2020-09-11T11:54:55.033+0000][1][safepoint    ] Safepoint "Cleanup", Time since last: 1000163474 ns, Reaching safepoint: 110565 ns, At safepoint: 14530 ns, Total: 125095 ns
[2020-09-11T11:54:56.033+0000][1][safepoint    ] Safepoint "Cleanup", Time since last: 1000322930 ns, Reaching safepoint: 63700 ns, At safepoint: 6203 ns, Total: 69903 ns
[2020-09-11T11:54:57.033+0000][1][safepoint    ] Safepoint "Cleanup", Time since last: 1000202069 ns, Reaching safepoint: 89186 ns, At safepoint: 6502 ns, Total: 95688 ns
[2020-09-11T11:54:58.034+0000][1][safepoint    ] Safepoint "Cleanup", Time since last: 1000129781 ns, Reaching safepoint: 75559 ns, At safepoint: 6550 ns, Total: 82109 ns
[2020-09-11T11:54:59.034+0000][1][safepoint    ] Safepoint "Cleanup", Time since last: 1000175324 ns, Reaching safepoint: 105878 ns, At safepoint: 16318 ns, Total: 122196 ns
[2020-09-11T11:55:00.034+0000][1][safepoint    ] Safepoint "Cleanup", Time since last: 1000214881 ns, Reaching safepoint: 113368 ns, At safepoint: 16742 ns, Total: 130110 ns
[2020-09-11T11:55:01.035+0000][1][safepoint    ] Safepoint "Cleanup", Time since last: 1000213957 ns, Reaching safepoint: 86012 ns, At safepoint: 6740 ns, Total: 92752 ns
[2020-09-11T11:55:02.035+0000][1][safepoint    ] Safepoint "Cleanup", Time since last: 1000169689 ns, Reaching safepoint: 100589 ns, At safepoint: 16161 ns, Total: 116750 ns
[2020-09-11T11:55:03.035+0000][1][safepoint    ] Safepoint "Cleanup", Time since last: 1000224453 ns, Reaching safepoint: 113729 ns, At safepoint: 16455 ns, Total: 130184 ns
[2020-09-11T11:55:04.036+0000][1][safepoint    ] Safepoint "Cleanup", Time since last: 1000185598 ns, Reaching safepoint: 84716 ns, At safepoint: 6757 ns, Total: 91473 ns
[2020-09-11T11:55:05.036+0000][1][safepoint    ] Safepoint "Cleanup", Time since last: 1000190015 ns, Reaching safepoint: 80312 ns, At safepoint: 6001 ns, Total: 86313 ns
[2020-09-11T11:55:05.112+0000][1][gc,start     ] GC(72) Pause Young (Allocation Failure)
[2020-09-11T11:55:05.112+0000][1][gc,task      ] GC(72) Using 1 workers of 1 for evacuation
[2020-09-11T11:55:05.117+0000][1][gc,age       ] GC(72) Desired survivor size 4358144 bytes, new threshold 6 (max threshold 6)
[2020-09-11T11:55:05.117+0000][1][gc,age       ] GC(72) Age table with threshold 6 (max threshold 6)
[2020-09-11T11:55:05.117+0000][1][gc,age       ] GC(72) - age   1:      11712 bytes,      11712 total
[2020-09-11T11:55:05.117+0000][1][gc,age       ] GC(72) - age   2:       2384 bytes,      14096 total
[2020-09-11T11:55:05.117+0000][1][gc,age       ] GC(72) - age   3:       1464 bytes,      15560 total
[2020-09-11T11:55:05.117+0000][1][gc,age       ] GC(72) - age   4:      25848 bytes,      41408 total
[2020-09-11T11:55:05.117+0000][1][gc,age       ] GC(72) - age   5:       1984 bytes,      43392 total
[2020-09-11T11:55:05.117+0000][1][gc,age       ] GC(72) - age   6:       2736 bytes,      46128 total
[2020-09-11T11:55:05.117+0000][1][gc,heap      ] GC(72) ParNew: 69626K->451K(76672K)
[2020-09-11T11:55:05.117+0000][1][gc,heap      ] GC(72) CMS: 64106K->64415K(439104K)
[2020-09-11T11:55:05.117+0000][1][gc,metaspace ] GC(72) Metaspace: 73174K->73174K(1116160K)
[2020-09-11T11:55:05.117+0000][1][gc           ] GC(72) Pause Young (Allocation Failure) 130M->63M(503M) 5.113ms
[2020-09-11T11:55:05.117+0000][1][gc,cpu       ] GC(72) User=0.00s Sys=0.00s Real=0.01s
[2020-09-11T11:55:05.117+0000][1][safepoint    ] Safepoint "GenCollectForAllocation", Time since last: 75860707 ns, Reaching safepoint: 144392 ns, At safepoint: 5267747 ns, Total: 5412139 ns
[2020-09-11T11:55:06.117+0000][1][safepoint    ] Safepoint "Cleanup", Time since last: 1000284138 ns, Reaching safepoint: 76907 ns, At safepoint: 16138 ns, Total: 93045 ns
[2020-09-11T11:55:07.118+0000][1][safepoint    ] Safepoint "Cleanup", Time since last: 1000121065 ns, Reaching safepoint: 83906 ns, At safepoint: 13464 ns, Total: 97370 ns
[2020-09-11T11:55:08.118+0000][1][safepoint    ] Safepoint "Cleanup", Time since last: 1000098536 ns, Reaching safepoint: 169811 ns, At safepoint: 89024 ns, Total: 258835 ns
[2020-09-11T11:55:09.118+0000][1][safepoint    ] Safepoint "Cleanup", Time since last: 1000116805 ns, Reaching safepoint: 76532 ns, At safepoint: 5872 ns, Total: 82404 ns
[2020-09-11T11:55:10.119+0000][1][safepoint    ] Safepoint "Cleanup", Time since last: 1000163845 ns, Reaching safepoint: 78987 ns, At safepoint: 6698 ns, Total: 85685 ns
[2020-09-11T11:55:11.119+0000][1][safepoint    ] Safepoint "Cleanup", Time since last: 1000143455 ns, Reaching safepoint: 88379 ns, At safepoint: 5153 ns, Total: 93532 ns
[2020-09-11T11:55:12.119+0000][1][safepoint    ] Safepoint "Cleanup", Time since last: 1000137842 ns, Reaching safepoint: 89541 ns, At safepoint: 5394 ns, Total: 94935 ns
[2020-09-11T11:55:13.120+0000][1][safepoint    ] Safepoint "Cleanup", Time since last: 1000456344 ns, Reaching safepoint: 187325 ns, At safepoint: 19071 ns, Total: 206396 ns
[2020-09-11T11:55:14.120+0000][1][safepoint    ] Safepoint "Cleanup", Time since last: 1000149028 ns, Reaching safepoint: 101405 ns, At safepoint: 6004 ns, Total: 107409 ns
[2020-09-11T11:55:15.120+0000][1][safepoint    ] Safepoint "Cleanup", Time since last: 1000107833 ns, Reaching safepoint: 201735 ns, At safepoint: 16164 ns, Total: 217899 ns
[2020-09-11T11:55:16.121+0000][1][safepoint    ] Safepoint "Cleanup", Time since last: 1000204039 ns, Reaching safepoint: 88194 ns, At safepoint: 6894 ns, Total: 95088 ns
[2020-09-11T11:55:17.121+0000][1][safepoint    ] Safepoint "Cleanup", Time since last: 1000213623 ns, Reaching safepoint: 85793 ns, At safepoint: 6397 ns, Total: 92190 ns
[2020-09-11T11:55:18.121+0000][1][safepoint    ] Safepoint "Cleanup", Time since last: 1000175988 ns, Reaching safepoint: 86123 ns, At safepoint: 7318 ns, Total: 93441 ns
[2020-09-11T11:55:19.121+0000][1][safepoint    ] Safepoint "Cleanup", Time since last: 1000139422 ns, Reaching safepoint: 128622 ns, At safepoint: 7030 ns, Total: 135652 ns
[2020-09-11T11:55:20.122+0000][1][safepoint    ] Safepoint "Cleanup", Time since last: 1000135908 ns, Reaching safepoint: 102401 ns, At safepoint: 6930 ns, Total: 109331 ns
[2020-09-11T11:55:21.122+0000][1][safepoint    ] Safepoint "Cleanup", Time since last: 1000212015 ns, Reaching safepoint: 76573 ns, At safepoint: 6133 ns, Total: 82706 ns
[2020-09-11T11:55:22.122+0000][1][safepoint    ] Safepoint "Cleanup", Time since last: 1000178796 ns, Reaching safepoint: 83302 ns, At safepoint: 7269 ns, Total: 90571 ns
[2020-09-11T11:55:23.123+0000][1][safepoint    ] Safepoint "Cleanup", Time since last: 1000174317 ns, Reaching safepoint: 151082 ns, At safepoint: 6649 ns, Total: 157731 ns
[2020-09-11T11:55:24.123+0000][1][safepoint    ] Safepoint "Cleanup", Time since last: 1000205459 ns, Reaching safepoint: 75287 ns, At safepoint: 7035 ns, Total: 82322 ns
[2020-09-11T11:55:25.123+0000][1][safepoint    ] Safepoint "Cleanup", Time since last: 1000166079 ns, Reaching safepoint: 103304 ns, At safepoint: 7376 ns, Total: 110680 ns
[2020-09-11T11:55:26.123+0000][1][safepoint    ] Safepoint "Cleanup", Time since last: 1000183205 ns, Reaching safepoint: 83509 ns, At safepoint: 6929 ns, Total: 90438 ns
[2020-09-11T11:55:27.124+0000][1][safepoint    ] Safepoint "Cleanup", Time since last: 1000203416 ns, Reaching safepoint: 107287 ns, At safepoint: 17060 ns, Total: 124347 ns
[2020-09-11T11:55:28.124+0000][1][safepoint    ] Safepoint "Cleanup", Time since last: 1000219746 ns, Reaching safepoint: 106666 ns, At safepoint: 17370 ns, Total: 124036 ns
[2020-09-11T11:55:29.124+0000][1][safepoint    ] Safepoint "Cleanup", Time since last: 1000177724 ns, Reaching safepoint: 107451 ns, At safepoint: 15205 ns, Total: 122656 ns
[2020-09-11T11:55:30.125+0000][1][safepoint    ] Safepoint "Cleanup", Time since last: 1000183723 ns, Reaching safepoint: 96975 ns, At safepoint: 6262 ns, Total: 103237 ns
[2020-09-11T11:55:31.125+0000][1][safepoint    ] Safepoint "Cleanup", Time since last: 1000146845 ns, Reaching safepoint: 109542 ns, At safepoint: 14414 ns, Total: 123956 ns
[2020-09-11T11:55:32.125+0000][1][safepoint    ] Safepoint "Cleanup", Time since last: 1000178264 ns, Reaching safepoint: 109783 ns, At safepoint: 16111 ns, Total: 125894 ns
[2020-09-11T11:55:33.126+0000][1][safepoint    ] Safepoint "Cleanup", Time since last: 1000217219 ns, Reaching safepoint: 107625 ns, At safepoint: 15786 ns, Total: 123411 ns
[2020-09-11T11:55:34.126+0000][1][safepoint    ] Safepoint "Cleanup", Time since last: 1000185767 ns, Reaching safepoint: 99509 ns, At safepoint: 6342 ns, Total: 105851 ns
[2020-09-11T11:55:35.126+0000][1][safepoint    ] Safepoint "Cleanup", Time since last: 1000171061 ns, Reaching safepoint: 94169 ns, At safepoint: 6517 ns, Total: 100686 ns
[2020-09-11T11:55:36.126+0000][1][safepoint    ] Safepoint "Cleanup", Time since last: 1000192310 ns, Reaching safepoint: 82477 ns, At safepoint: 7388 ns, Total: 89865 ns
[2020-09-11T11:55:37.127+0000][1][safepoint    ] Safepoint "Cleanup", Time since last: 1000188693 ns, Reaching safepoint: 107722 ns, At safepoint: 17247 ns, Total: 124969 ns
[2020-09-11T11:55:38.127+0000][1][safepoint    ] Safepoint "Cleanup", Time since last: 1000244205 ns, Reaching safepoint: 108751 ns, At safepoint: 17417 ns, Total: 126168 ns
[2020-09-11T11:55:39.127+0000][1][safepoint    ] Safepoint "Cleanup", Time since last: 1000211376 ns, Reaching safepoint: 91470 ns, At safepoint: 6940 ns, Total: 98410 ns
[2020-09-11T11:55:40.128+0000][1][safepoint    ] Safepoint "Cleanup", Time since last: 1000194967 ns, Reaching safepoint: 110549 ns, At safepoint: 16822 ns, Total: 127371 ns
[2020-09-11T11:55:41.128+0000][1][safepoint    ] Safepoint "Cleanup", Time since last: 1000258117 ns, Reaching safepoint: 91719 ns, At safepoint: 6752 ns, Total: 98471 ns
[2020-09-11T11:55:42.128+0000][1][safepoint    ] Safepoint "Cleanup", Time since last: 1000191285 ns, Reaching safepoint: 81367 ns, At safepoint: 7129 ns, Total: 88496 ns
[2020-09-11T11:55:43.129+0000][1][safepoint    ] Safepoint "Cleanup", Time since last: 1000191695 ns, Reaching safepoint: 86075 ns, At safepoint: 6512 ns, Total: 92587 ns
[2020-09-11T11:55:44.129+0000][1][safepoint    ] Safepoint "Cleanup", Time since last: 1000175557 ns, Reaching safepoint: 91036 ns, At safepoint: 6924 ns, Total: 97960 ns
[2020-09-11T11:55:45.129+0000][1][safepoint    ] Safepoint "Cleanup", Time since last: 1000202251 ns, Reaching safepoint: 86531 ns, At safepoint: 6361 ns, Total: 92892 ns
[2020-09-11T11:55:46.130+0000][1][safepoint    ] Safepoint "Cleanup", Time since last: 1000199064 ns, Reaching safepoint: 113104 ns, At safepoint: 17317 ns, Total: 130421 ns
[2020-09-11T11:55:47.130+0000][1][safepoint    ] Safepoint "Cleanup", Time since last: 1000248819 ns, Reaching safepoint: 122776 ns, At safepoint: 16772 ns, Total: 139548 ns
[2020-09-11T11:55:48.130+0000][1][safepoint    ] Safepoint "Cleanup", Time since last: 1000236043 ns, Reaching safepoint: 81160 ns, At safepoint: 7416 ns, Total: 88576 ns
[2020-09-11T11:55:49.131+0000][1][safepoint    ] Safepoint "Cleanup", Time since last: 1000195457 ns, Reaching safepoint: 89970 ns, At safepoint: 6880 ns, Total: 96850 ns
[2020-09-11T11:55:50.131+0000][1][safepoint    ] Safepoint "Cleanup", Time since last: 1000171828 ns, Reaching safepoint: 145248 ns, At safepoint: 17404 ns, Total: 162652 ns
[2020-09-11T11:55:51.131+0000][1][safepoint    ] Safepoint "Cleanup", Time since last: 1000205086 ns, Reaching safepoint: 109171 ns, At safepoint: 16228 ns, Total: 125399 ns
[2020-09-11T11:55:52.132+0000][1][safepoint    ] Safepoint "Cleanup", Time since last: 1000261044 ns, Reaching safepoint: 112099 ns, At safepoint: 16832 ns, Total: 128931 ns
[2020-09-11T11:55:53.132+0000][1][safepoint    ] Safepoint "Cleanup", Time since last: 1000225754 ns, Reaching safepoint: 141062 ns, At safepoint: 31146 ns, Total: 172208 ns
[2020-09-11T11:55:54.132+0000][1][safepoint    ] Safepoint "Cleanup", Time since last: 1000216057 ns, Reaching safepoint: 89895 ns, At safepoint: 7431 ns, Total: 97326 ns
[2020-09-11T11:55:55.133+0000][1][safepoint    ] Safepoint "Cleanup", Time since last: 1000183722 ns, Reaching safepoint: 105012 ns, At safepoint: 16258 ns, Total: 121270 ns
[2020-09-11T11:55:56.133+0000][1][safepoint    ] Safepoint "Cleanup", Time since last: 1000225846 ns, Reaching safepoint: 85236 ns, At safepoint: 7334 ns, Total: 92570 ns
[2020-09-11T11:55:57.133+0000][1][safepoint    ] Safepoint "Cleanup", Time since last: 1000197916 ns, Reaching safepoint: 107481 ns, At safepoint: 17019 ns, Total: 124500 ns
[2020-09-11T11:55:58.134+0000][1][safepoint    ] Safepoint "Cleanup", Time since last: 1000249804 ns, Reaching safepoint: 111444 ns, At safepoint: 17945 ns, Total: 129389 ns
[2020-09-11T11:55:59.134+0000][1][safepoint    ] Safepoint "Cleanup", Time since last: 1000226834 ns, Reaching safepoint: 83361 ns, At safepoint: 6543 ns, Total: 89904 ns
[2020-09-11T11:56:00.134+0000][1][safepoint    ] Safepoint "Cleanup", Time since last: 1000235893 ns, Reaching safepoint: 90232 ns, At safepoint: 7657 ns, Total: 97889 ns
[2020-09-11T11:56:01.135+0000][1][safepoint    ] Safepoint "Cleanup", Time since last: 1000194962 ns, Reaching safepoint: 94282 ns, At safepoint: 6535 ns, Total: 100817 ns
[2020-09-11T11:56:02.135+0000][1][safepoint    ] Safepoint "Cleanup", Time since last: 1000230696 ns, Reaching safepoint: 83272 ns, At safepoint: 7119 ns, Total: 90391 ns
[2020-09-11T11:56:03.135+0000][1][safepoint    ] Safepoint "Cleanup", Time since last: 1000189268 ns, Reaching safepoint: 108958 ns, At safepoint: 16391 ns, Total: 125349 ns
[2020-09-11T11:56:04.135+0000][1][safepoint    ] Safepoint "Cleanup", Time since last: 1000208900 ns, Reaching safepoint: 57534 ns, At safepoint: 6317 ns, Total: 63851 ns
[2020-09-11T11:56:05.136+0000][1][safepoint    ] Safepoint "Cleanup", Time since last: 1000212359 ns, Reaching safepoint: 84328 ns, At safepoint: 6158 ns, Total: 90486 ns
[2020-09-11T11:56:06.136+0000][1][safepoint    ] Safepoint "Cleanup", Time since last: 1000199473 ns, Reaching safepoint: 112824 ns, At safepoint: 17848 ns, Total: 130672 ns
[2020-09-11T11:56:07.136+0000][1][safepoint    ] Safepoint "Cleanup", Time since last: 1000238959 ns, Reaching safepoint: 109853 ns, At safepoint: 16462 ns, Total: 126315 ns
[2020-09-11T11:56:08.137+0000][1][safepoint    ] Safepoint "Cleanup", Time since last: 1000221677 ns, Reaching safepoint: 110651 ns, At safepoint: 17534 ns, Total: 128185 ns
[2020-09-11T11:56:09.137+0000][1][safepoint    ] Safepoint "Cleanup", Time since last: 1000222467 ns, Reaching safepoint: 103502 ns, At safepoint: 15372 ns, Total: 118874 ns
[2020-09-11T11:56:10.137+0000][1][safepoint    ] Safepoint "Cleanup", Time since last: 1000225622 ns, Reaching safepoint: 86639 ns, At safepoint: 6836 ns, Total: 93475 ns
[2020-09-11T11:56:11.138+0000][1][safepoint    ] Safepoint "Cleanup", Time since last: 1000173907 ns, Reaching safepoint: 90295 ns, At safepoint: 6763 ns, Total: 97058 ns
[2020-09-11T11:56:12.138+0000][1][safepoint    ] Safepoint "Cleanup", Time since last: 1000183061 ns, Reaching safepoint: 87930 ns, At safepoint: 7177 ns, Total: 95107 ns
[2020-09-11T11:56:13.138+0000][1][safepoint    ] Safepoint "Cleanup", Time since last: 1000183164 ns, Reaching safepoint: 85314 ns, At safepoint: 6622 ns, Total: 91936 ns
[2020-09-11T11:56:14.139+0000][1][safepoint    ] Safepoint "Cleanup", Time since last: 1000186975 ns, Reaching safepoint: 85568 ns, At safepoint: 8402 ns, Total: 93970 ns
[2020-09-11T11:56:15.139+0000][1][safepoint    ] Safepoint "Cleanup", Time since last: 1000202799 ns, Reaching safepoint: 76722 ns, At safepoint: 6500 ns, Total: 83222 ns
[2020-09-11T11:56:16.139+0000][1][safepoint    ] Safepoint "Cleanup", Time since last: 1000180665 ns, Reaching safepoint: 107575 ns, At safepoint: 17593 ns, Total: 125168 ns
[2020-09-11T11:56:17.140+0000][1][safepoint    ] Safepoint "Cleanup", Time since last: 1000252083 ns, Reaching safepoint: 75868 ns, At safepoint: 6754 ns, Total: 82622 ns
[2020-09-11T11:56:18.140+0000][1][safepoint    ] Safepoint "Cleanup", Time since last: 1000154056 ns, Reaching safepoint: 114624 ns, At safepoint: 17210 ns, Total: 131834 ns
[2020-09-11T11:56:19.140+0000][1][safepoint    ] Safepoint "Cleanup", Time since last: 1000241127 ns, Reaching safepoint: 104384 ns, At safepoint: 15559 ns, Total: 119943 ns
[2020-09-11T11:56:20.141+0000][1][safepoint    ] Safepoint "Cleanup", Time since last: 1000216864 ns, Reaching safepoint: 111985 ns, At safepoint: 17256 ns, Total: 129241 ns
[2020-09-11T11:56:20.205+0000][1][gc,start     ] GC(73) Pause Young (Allocation Failure)
[2020-09-11T11:56:20.205+0000][1][gc,task      ] GC(73) Using 1 workers of 1 for evacuation
[2020-09-11T11:56:20.209+0000][1][gc,age       ] GC(73) Desired survivor size 4358144 bytes, new threshold 6 (max threshold 6)
[2020-09-11T11:56:20.209+0000][1][gc,age       ] GC(73) Age table with threshold 6 (max threshold 6)
[2020-09-11T11:56:20.209+0000][1][gc,age       ] GC(73) - age   1:       5880 bytes,       5880 total
[2020-09-11T11:56:20.209+0000][1][gc,age       ] GC(73) - age   2:       1352 bytes,       7232 total
[2020-09-11T11:56:20.209+0000][1][gc,age       ] GC(73) - age   3:       2384 bytes,       9616 total
[2020-09-11T11:56:20.209+0000][1][gc,age       ] GC(73) - age   4:       1464 bytes,      11080 total
[2020-09-11T11:56:20.209+0000][1][gc,age       ] GC(73) - age   5:      25848 bytes,      36928 total
[2020-09-11T11:56:20.209+0000][1][gc,age       ] GC(73) - age   6:       1984 bytes,      38912 total
[2020-09-11T11:56:20.209+0000][1][gc,heap      ] GC(73) ParNew: 68611K->121K(76672K)
[2020-09-11T11:56:20.209+0000][1][gc,heap      ] GC(73) CMS: 64415K->64418K(439104K)
[2020-09-11T11:56:20.209+0000][1][gc,metaspace ] GC(73) Metaspace: 73197K->73197K(1116160K)
[2020-09-11T11:56:20.209+0000][1][gc           ] GC(73) Pause Young (Allocation Failure) 129M->63M(503M) 3.480ms
[2020-09-11T11:56:20.209+0000][1][gc,cpu       ] GC(73) User=0.01s Sys=0.00s Real=0.00s
[2020-09-11T11:56:20.209+0000][1][safepoint    ] Safepoint "GenCollectForAllocation", Time since last: 64716939 ns, Reaching safepoint: 168578 ns, At safepoint: 3540147 ns, Total: 3708725 ns
[2020-09-11T11:56:21.209+0000][1][safepoint    ] Safepoint "Cleanup", Time since last: 1000167031 ns, Reaching safepoint: 112360 ns, At safepoint: 6822 ns, Total: 119182 ns
[2020-09-11T11:56:22.209+0000][1][safepoint    ] Safepoint "Cleanup", Time since last: 1000171386 ns, Reaching safepoint: 85473 ns, At safepoint: 6772 ns, Total: 92245 ns
[2020-09-11T11:56:23.210+0000][1][safepoint    ] Safepoint "Cleanup", Time since last: 1000181448 ns, Reaching safepoint: 191856 ns, At safepoint: 18850 ns, Total: 210706 ns
[2020-09-11T11:56:24.210+0000][1][safepoint    ] Safepoint "Cleanup", Time since last: 1000223031 ns, Reaching safepoint: 82912 ns, At safepoint: 6635 ns, Total: 89547 ns
[2020-09-11T11:56:25.210+0000][1][safepoint    ] Safepoint "Cleanup", Time since last: 1000185360 ns, Reaching safepoint: 108630 ns, At safepoint: 16257 ns, Total: 124887 ns
[2020-09-11T11:56:26.211+0000][1][safepoint    ] Safepoint "Cleanup", Time since last: 1000220053 ns, Reaching safepoint: 83670 ns, At safepoint: 6630 ns, Total: 90300 ns
[2020-09-11T11:56:27.211+0000][1][safepoint    ] Safepoint "Cleanup", Time since last: 1000181046 ns, Reaching safepoint: 82332 ns, At safepoint: 7271 ns, Total: 89603 ns
[2020-09-11T11:56:28.211+0000][1][safepoint    ] Safepoint "Cleanup", Time since last: 1000193593 ns, Reaching safepoint: 84901 ns, At safepoint: 6560 ns, Total: 91461 ns
[2020-09-11T11:56:29.212+0000][1][safepoint    ] Safepoint "Cleanup", Time since last: 1000150567 ns, Reaching safepoint: 82012 ns, At safepoint: 6875 ns, Total: 88887 ns
[2020-09-11T11:56:30.212+0000][1][safepoint    ] Safepoint "Cleanup", Time since last: 1000194958 ns, Reaching safepoint: 81662 ns, At safepoint: 6798 ns, Total: 88460 ns
[2020-09-11T11:56:31.212+0000][1][safepoint    ] Safepoint "Cleanup", Time since last: 1000190151 ns, Reaching safepoint: 79398 ns, At safepoint: 7471 ns, Total: 86869 ns
[2020-09-11T11:56:32.212+0000][1][safepoint    ] Safepoint "Cleanup", Time since last: 1000180446 ns, Reaching safepoint: 75244 ns, At safepoint: 5839 ns, Total: 81083 ns
[2020-09-11T11:56:33.213+0000][1][safepoint    ] Safepoint "Cleanup", Time since last: 1000138440 ns, Reaching safepoint: 99223 ns, At safepoint: 6753 ns, Total: 105976 ns
[2020-09-11T11:56:34.213+0000][1][safepoint    ] Safepoint "Cleanup", Time since last: 1000180412 ns, Reaching safepoint: 99884 ns, At safepoint: 16063 ns, Total: 115947 ns
[2020-09-11T11:56:35.213+0000][1][safepoint    ] Safepoint "Cleanup", Time since last: 1000209033 ns, Reaching safepoint: 107531 ns, At safepoint: 16906 ns, Total: 124437 ns
[2020-09-11T11:56:36.214+0000][1][safepoint    ] Safepoint "Cleanup", Time since last: 1000217773 ns, Reaching safepoint: 105590 ns, At safepoint: 15991 ns, Total: 121581 ns
[2020-09-11T11:56:37.214+0000][1][safepoint    ] Safepoint "Cleanup", Time since last: 1000182709 ns, Reaching safepoint: 102466 ns, At safepoint: 6295 ns, Total: 108761 ns
[2020-09-11T11:56:38.214+0000][1][safepoint    ] Safepoint "Cleanup", Time since last: 1000170622 ns, Reaching safepoint: 84328 ns, At safepoint: 6475 ns, Total: 90803 ns
[2020-09-11T11:56:39.214+0000][1][safepoint    ] Safepoint "Cleanup", Time since last: 1000177146 ns, Reaching safepoint: 102125 ns, At safepoint: 15887 ns, Total: 118012 ns
[2020-09-11T11:56:40.215+0000][1][safepoint    ] Safepoint "Cleanup", Time since last: 1000227306 ns, Reaching safepoint: 107999 ns, At safepoint: 17887 ns, Total: 125886 ns
[2020-09-11T11:56:41.215+0000][1][safepoint    ] Safepoint "Cleanup", Time since last: 1000182854 ns, Reaching safepoint: 97088 ns, At safepoint: 7128 ns, Total: 104216 ns
[2020-09-11T11:56:42.215+0000][1][safepoint    ] Safepoint "Cleanup", Time since last: 1000200567 ns, Reaching safepoint: 92348 ns, At safepoint: 5729 ns, Total: 98077 ns
[2020-09-11T11:56:43.216+0000][1][safepoint    ] Safepoint "Cleanup", Time since last: 1000181351 ns, Reaching safepoint: 93848 ns, At safepoint: 15711 ns, Total: 109559 ns
[2020-09-11T11:56:44.216+0000][1][safepoint    ] Safepoint "Cleanup", Time since last: 1000191714 ns, Reaching safepoint: 82087 ns, At safepoint: 7184 ns, Total: 89271 ns
[2020-09-11T11:56:45.216+0000][1][safepoint    ] Safepoint "Cleanup", Time since last: 1000139049 ns, Reaching safepoint: 105596 ns, At safepoint: 6617 ns, Total: 112213 ns
[2020-09-11T11:56:46.217+0000][1][safepoint    ] Safepoint "Cleanup", Time since last: 1000190852 ns, Reaching safepoint: 79127 ns, At safepoint: 6170 ns, Total: 85297 ns
[2020-09-11T11:56:47.217+0000][1][safepoint    ] Safepoint "Cleanup", Time since last: 1000199525 ns, Reaching safepoint: 90505 ns, At safepoint: 7010 ns, Total: 97515 ns
[2020-09-11T11:56:48.217+0000][1][safepoint    ] Safepoint "Cleanup", Time since last: 1000212106 ns, Reaching safepoint: 83676 ns, At safepoint: 6479 ns, Total: 90155 ns
[2020-09-11T11:56:49.217+0000][1][safepoint    ] Safepoint "Cleanup", Time since last: 1000190856 ns, Reaching safepoint: 81543 ns, At safepoint: 6373 ns, Total: 87916 ns
[2020-09-11T11:56:50.218+0000][1][safepoint    ] Safepoint "Cleanup", Time since last: 1000170601 ns, Reaching safepoint: 81548 ns, At safepoint: 6963 ns, Total: 88511 ns
[2020-09-11T11:56:51.218+0000][1][safepoint    ] Safepoint "Cleanup", Time since last: 1000177990 ns, Reaching safepoint: 84150 ns, At safepoint: 7394 ns, Total: 91544 ns
[2020-09-11T11:56:52.218+0000][1][safepoint    ] Safepoint "Cleanup", Time since last: 1000195848 ns, Reaching safepoint: 82578 ns, At safepoint: 6417 ns, Total: 88995 ns
[2020-09-11T11:56:53.218+0000][1][safepoint    ] Safepoint "Cleanup", Time since last: 1000171843 ns, Reaching safepoint: 85537 ns, At safepoint: 6892 ns, Total: 92429 ns
[2020-09-11T11:56:54.219+0000][1][safepoint    ] Safepoint "Cleanup", Time since last: 1000133861 ns, Reaching safepoint: 100712 ns, At safepoint: 5896 ns, Total: 106608 ns
[2020-09-11T11:56:55.219+0000][1][safepoint    ] Safepoint "Cleanup", Time since last: 1000140500 ns, Reaching safepoint: 103508 ns, At safepoint: 6271 ns, Total: 109779 ns
[2020-09-11T11:56:56.219+0000][1][safepoint    ] Safepoint "Cleanup", Time since last: 1000184114 ns, Reaching safepoint: 81100 ns, At safepoint: 6225 ns, Total: 87325 ns
[2020-09-11T11:56:57.220+0000][1][safepoint    ] Safepoint "Cleanup", Time since last: 1000200108 ns, Reaching safepoint: 84655 ns, At safepoint: 7023 ns, Total: 91678 ns
[2020-09-11T11:56:58.220+0000][1][safepoint    ] Safepoint "Cleanup", Time since last: 1000184139 ns, Reaching safepoint: 81295 ns, At safepoint: 6337 ns, Total: 87632 ns
[2020-09-11T11:56:59.220+0000][1][safepoint    ] Safepoint "Cleanup", Time since last: 1000189856 ns, Reaching safepoint: 80811 ns, At safepoint: 6430 ns, Total: 87241 ns
[2020-09-11T11:57:00.220+0000][1][safepoint    ] Safepoint "Cleanup", Time since last: 1000176427 ns, Reaching safepoint: 85418 ns, At safepoint: 6239 ns, Total: 91657 ns
[2020-09-11T11:57:01.221+0000][1][safepoint    ] Safepoint "Cleanup", Time since last: 1000173307 ns, Reaching safepoint: 121981 ns, At safepoint: 16772 ns, Total: 138753 ns
[2020-09-11T11:57:02.221+0000][1][safepoint    ] Safepoint "Cleanup", Time since last: 1000290528 ns, Reaching safepoint: 56962 ns, At safepoint: 5440 ns, Total: 62402 ns
[2020-09-11T11:57:03.221+0000][1][safepoint    ] Safepoint "Cleanup", Time since last: 1000250997 ns, Reaching safepoint: 61518 ns, At safepoint: 6386 ns, Total: 67904 ns
[2020-09-11T11:57:04.222+0000][1][safepoint    ] Safepoint "Cleanup", Time since last: 1000249436 ns, Reaching safepoint: 60293 ns, At safepoint: 5767 ns, Total: 66060 ns
[2020-09-11T11:57:05.222+0000][1][safepoint    ] Safepoint "Cleanup", Time since last: 1000242932 ns, Reaching safepoint: 55702 ns, At safepoint: 5917 ns, Total: 61619 ns
[2020-09-11T11:57:06.222+0000][1][safepoint    ] Safepoint "Cleanup", Time since last: 1000191494 ns, Reaching safepoint: 86009 ns, At safepoint: 6254 ns, Total: 92263 ns
[2020-09-11T11:57:07.223+0000][1][safepoint    ] Safepoint "Cleanup", Time since last: 1000188987 ns, Reaching safepoint: 85752 ns, At safepoint: 7208 ns, Total: 92960 ns
[2020-09-11T11:57:08.223+0000][1][safepoint    ] Safepoint "Cleanup", Time since last: 1000215011 ns, Reaching safepoint: 118403 ns, At safepoint: 15930 ns, Total: 134333 ns
[2020-09-11T11:57:09.223+0000][1][safepoint    ] Safepoint "Cleanup", Time since last: 1000224816 ns, Reaching safepoint: 79197 ns, At safepoint: 6755 ns, Total: 85952 ns
[2020-09-11T11:57:10.223+0000][1][safepoint    ] Safepoint "Cleanup", Time since last: 1000143749 ns, Reaching safepoint: 130454 ns, At safepoint: 6141 ns, Total: 136595 ns
[2020-09-11T11:57:11.224+0000][1][safepoint    ] Safepoint "Cleanup", Time since last: 1000180233 ns, Reaching safepoint: 91424 ns, At safepoint: 7316 ns, Total: 98740 ns
[2020-09-11T11:57:12.224+0000][1][safepoint    ] Safepoint "Cleanup", Time since last: 1000185969 ns, Reaching safepoint: 83159 ns, At safepoint: 6052 ns, Total: 89211 ns
[2020-09-11T11:57:13.224+0000][1][safepoint    ] Safepoint "Cleanup", Time since last: 1000144116 ns, Reaching safepoint: 106011 ns, At safepoint: 14847 ns, Total: 120858 ns
[2020-09-11T11:57:14.225+0000][1][safepoint    ] Safepoint "Cleanup", Time since last: 1000170100 ns, Reaching safepoint: 102112 ns, At safepoint: 13805 ns, Total: 115917 ns
[2020-09-11T11:57:15.225+0000][1][safepoint    ] Safepoint "Cleanup", Time since last: 1000225865 ns, Reaching safepoint: 105106 ns, At safepoint: 21583 ns, Total: 126689 ns
[2020-09-11T11:57:16.225+0000][1][safepoint    ] Safepoint "Cleanup", Time since last: 1000213549 ns, Reaching safepoint: 86746 ns, At safepoint: 6145 ns, Total: 92891 ns
[2020-09-11T11:57:17.225+0000][1][safepoint    ] Safepoint "Cleanup", Time since last: 1000165754 ns, Reaching safepoint: 89310 ns, At safepoint: 6997 ns, Total: 96307 ns
[2020-09-11T11:57:18.226+0000][1][safepoint    ] Safepoint "Cleanup", Time since last: 1000178828 ns, Reaching safepoint: 79742 ns, At safepoint: 7074 ns, Total: 86816 ns
[2020-09-11T11:57:19.226+0000][1][safepoint    ] Safepoint "Cleanup", Time since last: 1000185174 ns, Reaching safepoint: 75976 ns, At safepoint: 7149 ns, Total: 83125 ns
[2020-09-11T11:57:20.226+0000][1][safepoint    ] Safepoint "Cleanup", Time since last: 1000191728 ns, Reaching safepoint: 75563 ns, At safepoint: 6191 ns, Total: 81754 ns
[2020-09-11T11:57:21.227+0000][1][safepoint    ] Safepoint "Cleanup", Time since last: 1000189633 ns, Reaching safepoint: 74610 ns, At safepoint: 7183 ns, Total: 81793 ns
[2020-09-11T11:57:22.227+0000][1][safepoint    ] Safepoint "Cleanup", Time since last: 1000193791 ns, Reaching safepoint: 95872 ns, At safepoint: 5923 ns, Total: 101795 ns
[2020-09-11T11:57:23.227+0000][1][safepoint    ] Safepoint "Cleanup", Time since last: 1000166766 ns, Reaching safepoint: 89362 ns, At safepoint: 7100 ns, Total: 96462 ns
[2020-09-11T11:57:24.227+0000][1][safepoint    ] Safepoint "Cleanup", Time since last: 1000222022 ns, Reaching safepoint: 98728 ns, At safepoint: 6137 ns, Total: 104865 ns
[2020-09-11T11:57:25.228+0000][1][safepoint    ] Safepoint "Cleanup", Time since last: 1000167557 ns, Reaching safepoint: 98034 ns, At safepoint: 6799 ns, Total: 104833 ns
[2020-09-11T11:57:26.228+0000][1][safepoint    ] Safepoint "Cleanup", Time since last: 1000173810 ns, Reaching safepoint: 105019 ns, At safepoint: 16551 ns, Total: 121570 ns
[2020-09-11T11:57:27.228+0000][1][safepoint    ] Safepoint "Cleanup", Time since last: 1000232416 ns, Reaching safepoint: 78613 ns, At safepoint: 7467 ns, Total: 86080 ns
[2020-09-11T11:57:28.229+0000][1][safepoint    ] Safepoint "Cleanup", Time since last: 1000163936 ns, Reaching safepoint: 85153 ns, At safepoint: 6483 ns, Total: 91636 ns
[2020-09-11T11:57:29.229+0000][1][safepoint    ] Safepoint "Cleanup", Time since last: 1000178314 ns, Reaching safepoint: 104177 ns, At safepoint: 16407 ns, Total: 120584 ns
[2020-09-11T11:57:30.229+0000][1][safepoint    ] Safepoint "Cleanup", Time since last: 1000239790 ns, Reaching safepoint: 97438 ns, At safepoint: 15522 ns, Total: 112960 ns
[2020-09-11T11:57:31.230+0000][1][safepoint    ] Safepoint "Cleanup", Time since last: 1000213496 ns, Reaching safepoint: 118105 ns, At safepoint: 17213 ns, Total: 135318 ns
[2020-09-11T11:57:32.230+0000][1][safepoint    ] Safepoint "Cleanup", Time since last: 1000223202 ns, Reaching safepoint: 106485 ns, At safepoint: 16555 ns, Total: 123040 ns
[2020-09-11T11:57:33.230+0000][1][safepoint    ] Safepoint "Cleanup", Time since last: 1000223227 ns, Reaching safepoint: 80671 ns, At safepoint: 7258 ns, Total: 87929 ns
[2020-09-11T11:57:34.231+0000][1][safepoint    ] Safepoint "Cleanup", Time since last: 1000135862 ns, Reaching safepoint: 103596 ns, At safepoint: 14907 ns, Total: 118503 ns
[2020-09-11T11:57:35.231+0000][1][safepoint    ] Safepoint "Cleanup", Time since last: 1000210235 ns, Reaching safepoint: 98915 ns, At safepoint: 16127 ns, Total: 115042 ns
[2020-09-11T11:57:35.321+0000][1][gc,start     ] GC(74) Pause Young (Allocation Failure)
[2020-09-11T11:57:35.322+0000][1][gc,task      ] GC(74) Using 1 workers of 1 for evacuation
[2020-09-11T11:57:35.329+0000][1][gc,age       ] GC(74) Desired survivor size 4358144 bytes, new threshold 6 (max threshold 6)
[2020-09-11T11:57:35.329+0000][1][gc,age       ] GC(74) Age table with threshold 6 (max threshold 6)
[2020-09-11T11:57:35.329+0000][1][gc,age       ] GC(74) - age   1:      31712 bytes,      31712 total
[2020-09-11T11:57:35.329+0000][1][gc,age       ] GC(74) - age   2:        312 bytes,      32024 total
[2020-09-11T11:57:35.329+0000][1][gc,age       ] GC(74) - age   3:       1352 bytes,      33376 total
[2020-09-11T11:57:35.329+0000][1][gc,age       ] GC(74) - age   4:       2384 bytes,      35760 total
[2020-09-11T11:57:35.329+0000][1][gc,age       ] GC(74) - age   5:       1464 bytes,      37224 total
[2020-09-11T11:57:35.329+0000][1][gc,age       ] GC(74) - age   6:      25848 bytes,      63072 total
[2020-09-11T11:57:35.329+0000][1][gc,heap      ] GC(74) ParNew: 68281K->63K(76672K)
[2020-09-11T11:57:35.329+0000][1][gc,heap      ] GC(74) CMS: 64418K->64420K(439104K)
[2020-09-11T11:57:35.329+0000][1][gc,metaspace ] GC(74) Metaspace: 73213K->73213K(1116160K)
[2020-09-11T11:57:35.329+0000][1][gc           ] GC(74) Pause Young (Allocation Failure) 129M->62M(503M) 7.243ms
[2020-09-11T11:57:35.329+0000][1][gc,cpu       ] GC(74) User=0.00s Sys=0.00s Real=0.01s
[2020-09-11T11:57:35.329+0000][1][safepoint    ] Safepoint "GenCollectForAllocation", Time since last: 90333637 ns, Reaching safepoint: 217278 ns, At safepoint: 7311475 ns, Total: 7528753 ns
[2020-09-11T11:57:36.338+0000][1][safepoint    ] Safepoint "Cleanup", Time since last: 1006718508 ns, Reaching safepoint: 2193563 ns, At safepoint: 20709 ns, Total: 2214272 ns
[2020-09-11T11:57:37.338+0000][1][safepoint    ] Safepoint "Cleanup", Time since last: 1000165257 ns, Reaching safepoint: 130969 ns, At safepoint: 15813 ns, Total: 146782 ns
[2020-09-11T11:57:38.338+0000][1][safepoint    ] Safepoint "Cleanup", Time since last: 1000205440 ns, Reaching safepoint: 106071 ns, At safepoint: 17360 ns, Total: 123431 ns
[2020-09-11T11:57:39.339+0000][1][safepoint    ] Safepoint "Cleanup", Time since last: 1000208376 ns, Reaching safepoint: 103849 ns, At safepoint: 15496 ns, Total: 119345 ns
[2020-09-11T11:57:40.339+0000][1][safepoint    ] Safepoint "Cleanup", Time since last: 1000139317 ns, Reaching safepoint: 52700 ns, At safepoint: 6127 ns, Total: 58827 ns
[2020-09-11T11:57:41.339+0000][1][safepoint    ] Safepoint "Cleanup", Time since last: 1000182496 ns, Reaching safepoint: 58734 ns, At safepoint: 6370 ns, Total: 65104 ns
[2020-09-11T11:57:42.339+0000][1][safepoint    ] Safepoint "Cleanup", Time since last: 1000188808 ns, Reaching safepoint: 92836 ns, At safepoint: 6774 ns, Total: 99610 ns
[2020-09-11T11:57:43.340+0000][1][safepoint    ] Safepoint "Cleanup", Time since last: 1000169920 ns, Reaching safepoint: 95011 ns, At safepoint: 5435 ns, Total: 100446 ns
[2020-09-11T11:57:44.340+0000][1][safepoint    ] Safepoint "Cleanup", Time since last: 1000140600 ns, Reaching safepoint: 95700 ns, At safepoint: 15646 ns, Total: 111346 ns
[2020-09-11T11:57:45.340+0000][1][safepoint    ] Safepoint "Cleanup", Time since last: 1000122184 ns, Reaching safepoint: 158100 ns, At safepoint: 6110 ns, Total: 164210 ns
[2020-09-11T11:57:46.340+0000][1][safepoint    ] Safepoint "Cleanup", Time since last: 1000166512 ns, Reaching safepoint: 97505 ns, At safepoint: 15653 ns, Total: 113158 ns
[2020-09-11T11:57:47.341+0000][1][safepoint    ] Safepoint "Cleanup", Time since last: 1000222963 ns, Reaching safepoint: 107545 ns, At safepoint: 16615 ns, Total: 124160 ns
[2020-09-11T11:57:48.341+0000][1][safepoint    ] Safepoint "Cleanup", Time since last: 1000208280 ns, Reaching safepoint: 81353 ns, At safepoint: 6585 ns, Total: 87938 ns
[2020-09-11T11:57:49.341+0000][1][safepoint    ] Safepoint "Cleanup", Time since last: 1000152047 ns, Reaching safepoint: 91160 ns, At safepoint: 15075 ns, Total: 106235 ns
[2020-09-11T11:57:50.342+0000][1][safepoint    ] Safepoint "Cleanup", Time since last: 1000199942 ns, Reaching safepoint: 93969 ns, At safepoint: 15226 ns, Total: 109195 ns
[2020-09-11T11:57:51.342+0000][1][safepoint    ] Safepoint "Cleanup", Time since last: 1000213057 ns, Reaching safepoint: 85130 ns, At safepoint: 5424 ns, Total: 90554 ns
[2020-09-11T11:57:52.342+0000][1][safepoint    ] Safepoint "Cleanup", Time since last: 1000123932 ns, Reaching safepoint: 97717 ns, At safepoint: 5369 ns, Total: 103086 ns
[2020-09-11T11:57:53.342+0000][1][safepoint    ] Safepoint "Cleanup", Time since last: 1000158957 ns, Reaching safepoint: 88808 ns, At safepoint: 6217 ns, Total: 95025 ns
[2020-09-11T11:57:54.343+0000][1][safepoint    ] Safepoint "Cleanup", Time since last: 1000180283 ns, Reaching safepoint: 97512 ns, At safepoint: 15709 ns, Total: 113221 ns
[2020-09-11T11:57:55.343+0000][1][safepoint    ] Safepoint "Cleanup", Time since last: 1000215508 ns, Reaching safepoint: 97191 ns, At safepoint: 15158 ns, Total: 112349 ns
[2020-09-11T11:57:56.343+0000][1][safepoint    ] Safepoint "Cleanup", Time since last: 1000198458 ns, Reaching safepoint: 97455 ns, At safepoint: 15569 ns, Total: 113024 ns
[2020-09-11T11:57:57.344+0000][1][safepoint    ] Safepoint "Cleanup", Time since last: 1000371114 ns, Reaching safepoint: 97989 ns, At safepoint: 15055 ns, Total: 113044 ns
[2020-09-11T11:57:58.344+0000][1][safepoint    ] Safepoint "Cleanup", Time since last: 1000212520 ns, Reaching safepoint: 98724 ns, At safepoint: 15733 ns, Total: 114457 ns
[2020-09-11T11:57:59.344+0000][1][safepoint    ] Safepoint "Cleanup", Time since last: 1000205901 ns, Reaching safepoint: 78544 ns, At safepoint: 5517 ns, Total: 84061 ns
[2020-09-11T11:58:00.345+0000][1][safepoint    ] Safepoint "Cleanup", Time since last: 1000169962 ns, Reaching safepoint: 80787 ns, At safepoint: 6318 ns, Total: 87105 ns
[2020-09-11T11:58:01.345+0000][1][safepoint    ] Safepoint "Cleanup", Time since last: 1000151608 ns, Reaching safepoint: 82768 ns, At safepoint: 5535 ns, Total: 88303 ns
[2020-09-11T11:58:02.345+0000][1][safepoint    ] Safepoint "Cleanup", Time since last: 1000153197 ns, Reaching safepoint: 101324 ns, At safepoint: 15472 ns, Total: 116796 ns
[2020-09-11T11:58:03.346+0000][1][safepoint    ] Safepoint "Cleanup", Time since last: 1000184647 ns, Reaching safepoint: 98530 ns, At safepoint: 15289 ns, Total: 113819 ns
[2020-09-11T11:58:04.346+0000][1][safepoint    ] Safepoint "Cleanup", Time since last: 1000195032 ns, Reaching safepoint: 81897 ns, At safepoint: 6478 ns, Total: 88375 ns
[2020-09-11T11:58:05.346+0000][1][safepoint    ] Safepoint "Cleanup", Time since last: 1000123673 ns, Reaching safepoint: 93994 ns, At safepoint: 5409 ns, Total: 99403 ns
[2020-09-11T11:58:06.346+0000][1][safepoint    ] Safepoint "Cleanup", Time since last: 1000172593 ns, Reaching safepoint: 76942 ns, At safepoint: 6261 ns, Total: 83203 ns
[2020-09-11T11:58:07.347+0000][1][safepoint    ] Safepoint "Cleanup", Time since last: 1000152034 ns, Reaching safepoint: 81264 ns, At safepoint: 5681 ns, Total: 86945 ns
[2020-09-11T11:58:08.347+0000][1][safepoint    ] Safepoint "Cleanup", Time since last: 1000174393 ns, Reaching safepoint: 92917 ns, At safepoint: 15633 ns, Total: 108550 ns
[2020-09-11T11:58:09.347+0000][1][safepoint    ] Safepoint "Cleanup", Time since last: 1000190147 ns, Reaching safepoint: 96897 ns, At safepoint: 14947 ns, Total: 111844 ns
[2020-09-11T11:58:10.392+0000][1][safepoint    ] Safepoint "Cleanup", Time since last: 1044328130 ns, Reaching safepoint: 220303 ns, At safepoint: 20419 ns, Total: 240722 ns
[2020-09-11T11:58:11.392+0000][1][safepoint    ] Safepoint "Cleanup", Time since last: 1000177575 ns, Reaching safepoint: 102857 ns, At safepoint: 15476 ns, Total: 118333 ns
[2020-09-11T11:58:12.392+0000][1][safepoint    ] Safepoint "Cleanup", Time since last: 1000202000 ns, Reaching safepoint: 75848 ns, At safepoint: 6473 ns, Total: 82321 ns
[2020-09-11T11:58:13.392+0000][1][safepoint    ] Safepoint "Cleanup", Time since last: 1000164416 ns, Reaching safepoint: 74197 ns, At safepoint: 6341 ns, Total: 80538 ns
[2020-09-11T11:58:14.393+0000][1][safepoint    ] Safepoint "Cleanup", Time since last: 1000153558 ns, Reaching safepoint: 80661 ns, At safepoint: 6694 ns, Total: 87355 ns
[2020-09-11T11:58:15.393+0000][1][safepoint    ] Safepoint "Cleanup", Time since last: 1000119885 ns, Reaching safepoint: 97034 ns, At safepoint: 5654 ns, Total: 102688 ns
[2020-09-11T11:58:16.393+0000][1][safepoint    ] Safepoint "Cleanup", Time since last: 1000126865 ns, Reaching safepoint: 91882 ns, At safepoint: 15325 ns, Total: 107207 ns
[2020-09-11T11:58:17.393+0000][1][safepoint    ] Safepoint "Cleanup", Time since last: 1000187975 ns, Reaching safepoint: 75307 ns, At safepoint: 6148 ns, Total: 81455 ns
[2020-09-11T11:58:18.394+0000][1][safepoint    ] Safepoint "Cleanup", Time since last: 1000123362 ns, Reaching safepoint: 91757 ns, At safepoint: 4930 ns, Total: 96687 ns
[2020-09-11T11:58:19.394+0000][1][safepoint    ] Safepoint "Cleanup", Time since last: 1000134376 ns, Reaching safepoint: 86428 ns, At safepoint: 5714 ns, Total: 92142 ns
[2020-09-11T11:58:20.394+0000][1][safepoint    ] Safepoint "Cleanup", Time since last: 1000157800 ns, Reaching safepoint: 120521 ns, At safepoint: 5918 ns, Total: 126439 ns
[2020-09-11T11:58:21.394+0000][1][safepoint    ] Safepoint "Cleanup", Time since last: 1000162665 ns, Reaching safepoint: 85658 ns, At safepoint: 15976 ns, Total: 101634 ns
[2020-09-11T11:58:22.395+0000][1][safepoint    ] Safepoint "Cleanup", Time since last: 1000197878 ns, Reaching safepoint: 84247 ns, At safepoint: 15392 ns, Total: 99639 ns
[2020-09-11T11:58:23.395+0000][1][safepoint    ] Safepoint "Cleanup", Time since last: 1000145921 ns, Reaching safepoint: 282367 ns, At safepoint: 17674 ns, Total: 300041 ns
[2020-09-11T11:58:24.396+0000][1][safepoint    ] Safepoint "Cleanup", Time since last: 1000160228 ns, Reaching safepoint: 385916 ns, At safepoint: 22949 ns, Total: 408865 ns
[2020-09-11T11:58:25.396+0000][1][safepoint    ] Safepoint "Cleanup", Time since last: 1000150932 ns, Reaching safepoint: 207241 ns, At safepoint: 17794 ns, Total: 225035 ns
[2020-09-11T11:58:26.396+0000][1][safepoint    ] Safepoint "Cleanup", Time since last: 1000194235 ns, Reaching safepoint: 97274 ns, At safepoint: 15773 ns, Total: 113047 ns
[2020-09-11T11:58:27.397+0000][1][safepoint    ] Safepoint "Cleanup", Time since last: 1000205467 ns, Reaching safepoint: 96234 ns, At safepoint: 15820 ns, Total: 112054 ns
[2020-09-11T11:58:28.397+0000][1][safepoint    ] Safepoint "Cleanup", Time since last: 1000210263 ns, Reaching safepoint: 97431 ns, At safepoint: 16441 ns, Total: 113872 ns
[2020-09-11T11:58:29.397+0000][1][safepoint    ] Safepoint "Cleanup", Time since last: 1000191579 ns, Reaching safepoint: 96335 ns, At safepoint: 14998 ns, Total: 111333 ns
[2020-09-11T11:58:30.398+0000][1][safepoint    ] Safepoint "Cleanup", Time since last: 1000220135 ns, Reaching safepoint: 81352 ns, At safepoint: 6274 ns, Total: 87626 ns
[2020-09-11T11:58:31.398+0000][1][safepoint    ] Safepoint "Cleanup", Time since last: 1000123487 ns, Reaching safepoint: 74302 ns, At safepoint: 5138 ns, Total: 79440 ns
[2020-09-11T11:58:32.846+0000][1][safepoint    ] Safepoint "Cleanup", Time since last: 1448273385 ns, Reaching safepoint: 76915 ns, At safepoint: 6082 ns, Total: 82997 ns
[2020-09-11T11:58:33.847+0000][1][safepoint    ] Safepoint "Cleanup", Time since last: 1000149664 ns, Reaching safepoint: 88491 ns, At safepoint: 6497 ns, Total: 94988 ns
[2020-09-11T11:58:34.847+0000][1][safepoint    ] Safepoint "Cleanup", Time since last: 1000169050 ns, Reaching safepoint: 105259 ns, At safepoint: 15780 ns, Total: 121039 ns
[2020-09-11T11:58:35.847+0000][1][safepoint    ] Safepoint "Cleanup", Time since last: 1000206709 ns, Reaching safepoint: 99893 ns, At safepoint: 16091 ns, Total: 115984 ns
[2020-09-11T11:58:36.847+0000][1][safepoint    ] Safepoint "Cleanup", Time since last: 1000197381 ns, Reaching safepoint: 123812 ns, At safepoint: 14373 ns, Total: 138185 ns
[2020-09-11T11:58:37.848+0000][1][safepoint    ] Safepoint "Cleanup", Time since last: 1000155407 ns, Reaching safepoint: 102446 ns, At safepoint: 13364 ns, Total: 115810 ns
[2020-09-11T11:58:38.848+0000][1][safepoint    ] Safepoint "Cleanup", Time since last: 1000161692 ns, Reaching safepoint: 106258 ns, At safepoint: 14888 ns, Total: 121146 ns
[2020-09-11T11:58:39.848+0000][1][safepoint    ] Safepoint "Cleanup", Time since last: 1000179896 ns, Reaching safepoint: 109024 ns, At safepoint: 15209 ns, Total: 124233 ns
[2020-09-11T11:58:40.849+0000][1][safepoint    ] Safepoint "Cleanup", Time since last: 1000215833 ns, Reaching safepoint: 107835 ns, At safepoint: 17193 ns, Total: 125028 ns
[2020-09-11T11:58:41.849+0000][1][safepoint    ] Safepoint "Cleanup", Time since last: 1000238263 ns, Reaching safepoint: 82208 ns, At safepoint: 6868 ns, Total: 89076 ns
[2020-09-11T11:58:42.849+0000][1][safepoint    ] Safepoint "Cleanup", Time since last: 1000130941 ns, Reaching safepoint: 97607 ns, At safepoint: 6611 ns, Total: 104218 ns
[2020-09-11T11:58:43.849+0000][1][safepoint    ] Safepoint "Cleanup", Time since last: 1000163514 ns, Reaching safepoint: 86026 ns, At safepoint: 7844 ns, Total: 93870 ns
[2020-09-11T11:58:44.850+0000][1][safepoint    ] Safepoint "Cleanup", Time since last: 1000236400 ns, Reaching safepoint: 63343 ns, At safepoint: 6046 ns, Total: 69389 ns
[2020-09-11T11:58:45.432+0000][1][gc,start     ] GC(75) Pause Young (Allocation Failure)
[2020-09-11T11:58:45.432+0000][1][gc,task      ] GC(75) Using 1 workers of 1 for evacuation
[2020-09-11T11:58:45.435+0000][1][gc,age       ] GC(75) Desired survivor size 4358144 bytes, new threshold 6 (max threshold 6)
[2020-09-11T11:58:45.435+0000][1][gc,age       ] GC(75) Age table with threshold 6 (max threshold 6)
[2020-09-11T11:58:45.435+0000][1][gc,age       ] GC(75) - age   1:       6896 bytes,       6896 total
[2020-09-11T11:58:45.435+0000][1][gc,age       ] GC(75) - age   2:      25400 bytes,      32296 total
[2020-09-11T11:58:45.435+0000][1][gc,age       ] GC(75) - age   3:        312 bytes,      32608 total
[2020-09-11T11:58:45.435+0000][1][gc,age       ] GC(75) - age   4:       1352 bytes,      33960 total
[2020-09-11T11:58:45.435+0000][1][gc,age       ] GC(75) - age   5:       1848 bytes,      35808 total
[2020-09-11T11:58:45.435+0000][1][gc,age       ] GC(75) - age   6:       1464 bytes,      37272 total
[2020-09-11T11:58:45.435+0000][1][gc,heap      ] GC(75) ParNew: 68223K->38K(76672K)
[2020-09-11T11:58:45.435+0000][1][gc,heap      ] GC(75) CMS: 64420K->64445K(439104K)
[2020-09-11T11:58:45.435+0000][1][gc,metaspace ] GC(75) Metaspace: 73220K->73220K(1116160K)
[2020-09-11T11:58:45.435+0000][1][gc           ] GC(75) Pause Young (Allocation Failure) 129M->62M(503M) 3.236ms
[2020-09-11T11:58:45.435+0000][1][gc,cpu       ] GC(75) User=0.00s Sys=0.00s Real=0.00s
[2020-09-11T11:58:45.436+0000][1][safepoint    ] Safepoint "GenCollectForAllocation", Time since last: 581825850 ns, Reaching safepoint: 168805 ns, At safepoint: 4319148 ns, Total: 4487953 ns
[2020-09-11T11:58:46.437+0000][1][safepoint    ] Safepoint "Cleanup", Time since last: 1000320797 ns, Reaching safepoint: 204163 ns, At safepoint: 131496 ns, Total: 335659 ns
[2020-09-11T11:58:47.437+0000][1][safepoint    ] Safepoint "Cleanup", Time since last: 1000132953 ns, Reaching safepoint: 75313 ns, At safepoint: 16410 ns, Total: 91723 ns
[2020-09-11T11:58:48.437+0000][1][safepoint    ] Safepoint "Cleanup", Time since last: 1000164979 ns, Reaching safepoint: 74380 ns, At safepoint: 20342 ns, Total: 94722 ns
[2020-09-11T11:58:49.437+0000][1][safepoint    ] Safepoint "Cleanup", Time since last: 1000134272 ns, Reaching safepoint: 85875 ns, At safepoint: 38702 ns, Total: 124577 ns
[2020-09-11T11:58:50.438+0000][1][safepoint    ] Safepoint "Cleanup", Time since last: 1000148610 ns, Reaching safepoint: 207284 ns, At safepoint: 17978 ns, Total: 225262 ns
[2020-09-11T11:58:51.438+0000][1][safepoint    ] Safepoint "Cleanup", Time since last: 1000221516 ns, Reaching safepoint: 109158 ns, At safepoint: 15436 ns, Total: 124594 ns
[2020-09-11T11:58:52.439+0000][1][safepoint    ] Safepoint "Cleanup", Time since last: 1000190623 ns, Reaching safepoint: 111053 ns, At safepoint: 19605 ns, Total: 130658 ns
[2020-09-11T11:58:53.439+0000][1][safepoint    ] Safepoint "Cleanup", Time since last: 1000208870 ns, Reaching safepoint: 77667 ns, At safepoint: 6162 ns, Total: 83829 ns
[2020-09-11T11:58:54.439+0000][1][safepoint    ] Safepoint "Cleanup", Time since last: 1000149819 ns, Reaching safepoint: 102669 ns, At safepoint: 6947 ns, Total: 109616 ns
[2020-09-11T11:58:55.439+0000][1][safepoint    ] Safepoint "Cleanup", Time since last: 1000120466 ns, Reaching safepoint: 98299 ns, At safepoint: 5176 ns, Total: 103475 ns
[2020-09-11T11:58:56.440+0000][1][safepoint    ] Safepoint "Cleanup", Time since last: 1000161010 ns, Reaching safepoint: 121654 ns, At safepoint: 16484 ns, Total: 138138 ns
[2020-09-11T11:58:57.440+0000][1][safepoint    ] Safepoint "Cleanup", Time since last: 1000192553 ns, Reaching safepoint: 98419 ns, At safepoint: 6606 ns, Total: 105025 ns
[2020-09-11T11:58:58.440+0000][1][safepoint    ] Safepoint "Cleanup", Time since last: 1000160554 ns, Reaching safepoint: 90867 ns, At safepoint: 6673 ns, Total: 97540 ns
[2020-09-11T11:58:59.440+0000][1][safepoint    ] Safepoint "Cleanup", Time since last: 1000166458 ns, Reaching safepoint: 85839 ns, At safepoint: 6025 ns, Total: 91864 ns
[2020-09-11T11:59:00.441+0000][1][safepoint    ] Safepoint "Cleanup", Time since last: 1000170877 ns, Reaching safepoint: 104694 ns, At safepoint: 17076 ns, Total: 121770 ns
[2020-09-11T11:59:01.441+0000][1][safepoint    ] Safepoint "Cleanup", Time since last: 1000226651 ns, Reaching safepoint: 105202 ns, At safepoint: 16819 ns, Total: 122021 ns
[2020-09-11T11:59:02.441+0000][1][safepoint    ] Safepoint "Cleanup", Time since last: 1000239866 ns, Reaching safepoint: 85876 ns, At safepoint: 7133 ns, Total: 93009 ns
[2020-09-11T11:59:03.442+0000][1][safepoint    ] Safepoint "Cleanup", Time since last: 1000137951 ns, Reaching safepoint: 102091 ns, At safepoint: 15710 ns, Total: 117801 ns
[2020-09-11T11:59:04.442+0000][1][safepoint    ] Safepoint "Cleanup", Time since last: 1000225915 ns, Reaching safepoint: 103241 ns, At safepoint: 17103 ns, Total: 120344 ns
[2020-09-11T11:59:05.442+0000][1][safepoint    ] Safepoint "Cleanup", Time since last: 1000227687 ns, Reaching safepoint: 103548 ns, At safepoint: 15636 ns, Total: 119184 ns
[2020-09-11T11:59:06.443+0000][1][safepoint    ] Safepoint "Cleanup", Time since last: 1000216031 ns, Reaching safepoint: 104447 ns, At safepoint: 16545 ns, Total: 120992 ns
[2020-09-11T11:59:07.443+0000][1][safepoint    ] Safepoint "Cleanup", Time since last: 1000221057 ns, Reaching safepoint: 82113 ns, At safepoint: 6407 ns, Total: 88520 ns
[2020-09-11T11:59:08.443+0000][1][safepoint    ] Safepoint "Cleanup", Time since last: 1000181362 ns, Reaching safepoint: 103244 ns, At safepoint: 16278 ns, Total: 119522 ns
[2020-09-11T11:59:09.444+0000][1][safepoint    ] Safepoint "Cleanup", Time since last: 1000185402 ns, Reaching safepoint: 96168 ns, At safepoint: 15786 ns, Total: 111954 ns
[2020-09-11T11:59:10.444+0000][1][safepoint    ] Safepoint "Cleanup", Time since last: 1000225556 ns, Reaching safepoint: 101607 ns, At safepoint: 15857 ns, Total: 117464 ns
[2020-09-11T11:59:11.444+0000][1][safepoint    ] Safepoint "Cleanup", Time since last: 1000206480 ns, Reaching safepoint: 88456 ns, At safepoint: 6777 ns, Total: 95233 ns
[2020-09-11T11:59:12.445+0000][1][safepoint    ] Safepoint "Cleanup", Time since last: 1000182801 ns, Reaching safepoint: 86808 ns, At safepoint: 7208 ns, Total: 94016 ns
[2020-09-11T11:59:13.445+0000][1][safepoint    ] Safepoint "Cleanup", Time since last: 1000158364 ns, Reaching safepoint: 86611 ns, At safepoint: 5974 ns, Total: 92585 ns
[2020-09-11T11:59:14.445+0000][1][safepoint    ] Safepoint "Cleanup", Time since last: 1000180647 ns, Reaching safepoint: 81491 ns, At safepoint: 7086 ns, Total: 88577 ns
[2020-09-11T11:59:15.445+0000][1][safepoint    ] Safepoint "Cleanup", Time since last: 1000183615 ns, Reaching safepoint: 86128 ns, At safepoint: 7042 ns, Total: 93170 ns
[2020-09-11T11:59:16.446+0000][1][safepoint    ] Safepoint "Cleanup", Time since last: 1000129549 ns, Reaching safepoint: 84168 ns, At safepoint: 6878 ns, Total: 91046 ns
[2020-09-11T11:59:17.446+0000][1][safepoint    ] Safepoint "Cleanup", Time since last: 1000180577 ns, Reaching safepoint: 85417 ns, At safepoint: 6412 ns, Total: 91829 ns
[2020-09-11T11:59:18.446+0000][1][safepoint    ] Safepoint "Cleanup", Time since last: 1000190514 ns, Reaching safepoint: 104160 ns, At safepoint: 16528 ns, Total: 120688 ns
[2020-09-11T11:59:19.446+0000][1][safepoint    ] Safepoint "Cleanup", Time since last: 1000209553 ns, Reaching safepoint: 80914 ns, At safepoint: 6071 ns, Total: 86985 ns
[2020-09-11T11:59:20.447+0000][1][safepoint    ] Safepoint "Cleanup", Time since last: 1000164904 ns, Reaching safepoint: 99643 ns, At safepoint: 15876 ns, Total: 115519 ns
[2020-09-11T11:59:21.447+0000][1][safepoint    ] Safepoint "Cleanup", Time since last: 1000176701 ns, Reaching safepoint: 112085 ns, At safepoint: 16087 ns, Total: 128172 ns
[2020-09-11T11:59:22.447+0000][1][safepoint    ] Safepoint "Cleanup", Time since last: 1000215673 ns, Reaching safepoint: 104264 ns, At safepoint: 16177 ns, Total: 120441 ns
[2020-09-11T11:59:23.448+0000][1][safepoint    ] Safepoint "Cleanup", Time since last: 1000296007 ns, Reaching safepoint: 87283 ns, At safepoint: 6242 ns, Total: 93525 ns
[2020-09-11T11:59:24.448+0000][1][safepoint    ] Safepoint "Cleanup", Time since last: 1000170874 ns, Reaching safepoint: 86151 ns, At safepoint: 6760 ns, Total: 92911 ns
[2020-09-11T11:59:25.448+0000][1][safepoint    ] Safepoint "Cleanup", Time since last: 1000169833 ns, Reaching safepoint: 96425 ns, At safepoint: 5807 ns, Total: 102232 ns
[2020-09-11T11:59:26.449+0000][1][safepoint    ] Safepoint "Cleanup", Time since last: 1000155379 ns, Reaching safepoint: 103525 ns, At safepoint: 15689 ns, Total: 119214 ns
[2020-09-11T11:59:27.449+0000][1][safepoint    ] Safepoint "Cleanup", Time since last: 1000212626 ns, Reaching safepoint: 101938 ns, At safepoint: 15894 ns, Total: 117832 ns
[2020-09-11T11:59:28.449+0000][1][safepoint    ] Safepoint "Cleanup", Time since last: 1000208949 ns, Reaching safepoint: 101757 ns, At safepoint: 16649 ns, Total: 118406 ns
[2020-09-11T11:59:29.450+0000][1][safepoint    ] Safepoint "Cleanup", Time since last: 1000200278 ns, Reaching safepoint: 95801 ns, At safepoint: 17012 ns, Total: 112813 ns
[2020-09-11T11:59:30.450+0000][1][safepoint    ] Safepoint "Cleanup", Time since last: 1000210454 ns, Reaching safepoint: 86251 ns, At safepoint: 7001 ns, Total: 93252 ns
[2020-09-11T11:59:31.450+0000][1][safepoint    ] Safepoint "Cleanup", Time since last: 1000201657 ns, Reaching safepoint: 96935 ns, At safepoint: 6143 ns, Total: 103078 ns
[2020-09-11T11:59:32.450+0000][1][safepoint    ] Safepoint "Cleanup", Time since last: 1000137817 ns, Reaching safepoint: 106890 ns, At safepoint: 16070 ns, Total: 122960 ns
[2020-09-11T11:59:33.451+0000][1][safepoint    ] Safepoint "Cleanup", Time since last: 1000205294 ns, Reaching safepoint: 101721 ns, At safepoint: 15425 ns, Total: 117146 ns
[2020-09-11T11:59:34.451+0000][1][safepoint    ] Safepoint "Cleanup", Time since last: 1000231716 ns, Reaching safepoint: 102098 ns, At safepoint: 16040 ns, Total: 118138 ns
[2020-09-11T11:59:35.451+0000][1][safepoint    ] Safepoint "Cleanup", Time since last: 1000159647 ns, Reaching safepoint: 103853 ns, At safepoint: 5078 ns, Total: 108931 ns
[2020-09-11T11:59:36.452+0000][1][safepoint    ] Safepoint "Cleanup", Time since last: 1000165216 ns, Reaching safepoint: 85387 ns, At safepoint: 6371 ns, Total: 91758 ns
[2020-09-11T11:59:37.452+0000][1][safepoint    ] Safepoint "Cleanup", Time since last: 1000133835 ns, Reaching safepoint: 94461 ns, At safepoint: 5963 ns, Total: 100424 ns
[2020-09-11T11:59:38.452+0000][1][safepoint    ] Safepoint "Cleanup", Time since last: 1000187811 ns, Reaching safepoint: 82719 ns, At safepoint: 6648 ns, Total: 89367 ns
[2020-09-11T11:59:39.452+0000][1][safepoint    ] Safepoint "Cleanup", Time since last: 1000196573 ns, Reaching safepoint: 79110 ns, At safepoint: 6364 ns, Total: 85474 ns
[2020-09-11T11:59:40.453+0000][1][safepoint    ] Safepoint "Cleanup", Time since last: 1000151010 ns, Reaching safepoint: 102115 ns, At safepoint: 16856 ns, Total: 118971 ns
[2020-09-11T11:59:42.084+0000][1][safepoint    ] Safepoint "Cleanup", Time since last: 1630887775 ns, Reaching safepoint: 110069 ns, At safepoint: 16498 ns, Total: 126567 ns
[2020-09-11T11:59:43.084+0000][1][safepoint    ] Safepoint "Cleanup", Time since last: 1000219937 ns, Reaching safepoint: 98470 ns, At safepoint: 15843 ns, Total: 114313 ns
[2020-09-11T11:59:44.084+0000][1][safepoint    ] Safepoint "Cleanup", Time since last: 1000213542 ns, Reaching safepoint: 110548 ns, At safepoint: 17019 ns, Total: 127567 ns
[2020-09-11T11:59:45.085+0000][1][safepoint    ] Safepoint "Cleanup", Time since last: 1000226602 ns, Reaching safepoint: 86089 ns, At safepoint: 6742 ns, Total: 92831 ns
[2020-09-11T11:59:46.085+0000][1][safepoint    ] Safepoint "Cleanup", Time since last: 1000138213 ns, Reaching safepoint: 105500 ns, At safepoint: 7115 ns, Total: 112615 ns
[2020-09-11T11:59:47.085+0000][1][safepoint    ] Safepoint "Cleanup", Time since last: 1000187163 ns, Reaching safepoint: 114069 ns, At safepoint: 17026 ns, Total: 131095 ns
[2020-09-11T11:59:48.086+0000][1][safepoint    ] Safepoint "Cleanup", Time since last: 1000188252 ns, Reaching safepoint: 105122 ns, At safepoint: 17029 ns, Total: 122151 ns
[2020-09-11T11:59:49.086+0000][1][safepoint    ] Safepoint "Cleanup", Time since last: 1000214405 ns, Reaching safepoint: 84829 ns, At safepoint: 7736 ns, Total: 92565 ns
[2020-09-11T11:59:50.086+0000][1][safepoint    ] Safepoint "Cleanup", Time since last: 1000180142 ns, Reaching safepoint: 109716 ns, At safepoint: 17741 ns, Total: 127457 ns
[2020-09-11T11:59:51.086+0000][1][safepoint    ] Safepoint "Cleanup", Time since last: 1000189158 ns, Reaching safepoint: 95977 ns, At safepoint: 15630 ns, Total: 111607 ns
[2020-09-11T11:59:52.087+0000][1][safepoint    ] Safepoint "Cleanup", Time since last: 1000167266 ns, Reaching safepoint: 111082 ns, At safepoint: 17333 ns, Total: 128415 ns
[2020-09-11T11:59:53.087+0000][1][safepoint    ] Safepoint "Cleanup", Time since last: 1000216237 ns, Reaching safepoint: 100688 ns, At safepoint: 7643 ns, Total: 108331 ns
[2020-09-11T11:59:54.087+0000][1][safepoint    ] Safepoint "Cleanup", Time since last: 1000201255 ns, Reaching safepoint: 76061 ns, At safepoint: 6982 ns, Total: 83043 ns
[2020-09-11T11:59:55.088+0000][1][safepoint    ] Safepoint "Cleanup", Time since last: 1000176976 ns, Reaching safepoint: 105988 ns, At safepoint: 16815 ns, Total: 122803 ns
[2020-09-11T11:59:56.088+0000][1][safepoint    ] Safepoint "Cleanup", Time since last: 1000184168 ns, Reaching safepoint: 150185 ns, At safepoint: 16254 ns, Total: 166439 ns
[2020-09-11T11:59:57.088+0000][1][safepoint    ] Safepoint "Cleanup", Time since last: 1000216737 ns, Reaching safepoint: 104691 ns, At safepoint: 17413 ns, Total: 122104 ns
[2020-09-11T11:59:58.089+0000][1][safepoint    ] Safepoint "Cleanup", Time since last: 1000183275 ns, Reaching safepoint: 103806 ns, At safepoint: 16448 ns, Total: 120254 ns
[2020-09-11T11:59:59.089+0000][1][safepoint    ] Safepoint "Cleanup", Time since last: 1000178856 ns, Reaching safepoint: 79178 ns, At safepoint: 7599 ns, Total: 86777 ns
[2020-09-11T12:00:00.089+0000][1][safepoint    ] Safepoint "Cleanup", Time since last: 1000137626 ns, Reaching safepoint: 105864 ns, At safepoint: 14987 ns, Total: 120851 ns
[2020-09-11T12:00:00.539+0000][1][gc,start     ] GC(76) Pause Young (Allocation Failure)
[2020-09-11T12:00:00.539+0000][1][gc,task      ] GC(76) Using 1 workers of 1 for evacuation
[2020-09-11T12:00:00.544+0000][1][gc,age       ] GC(76) Desired survivor size 4358144 bytes, new threshold 6 (max threshold 6)
[2020-09-11T12:00:00.544+0000][1][gc,age       ] GC(76) Age table with threshold 6 (max threshold 6)
[2020-09-11T12:00:00.544+0000][1][gc,age       ] GC(76) - age   1:       6112 bytes,       6112 total
[2020-09-11T12:00:00.544+0000][1][gc,age       ] GC(76) - age   3:      25400 bytes,      31512 total
[2020-09-11T12:00:00.544+0000][1][gc,age       ] GC(76) - age   4:        312 bytes,      31824 total
[2020-09-11T12:00:00.544+0000][1][gc,age       ] GC(76) - age   5:       1352 bytes,      33176 total
[2020-09-11T12:00:00.544+0000][1][gc,age       ] GC(76) - age   6:       1848 bytes,      35024 total
[2020-09-11T12:00:00.544+0000][1][gc,heap      ] GC(76) ParNew: 68198K->36K(76672K)
[2020-09-11T12:00:00.544+0000][1][gc,heap      ] GC(76) CMS: 64445K->64447K(439104K)
[2020-09-11T12:00:00.544+0000][1][gc,metaspace ] GC(76) Metaspace: 73242K->73242K(1116160K)
[2020-09-11T12:00:00.544+0000][1][gc           ] GC(76) Pause Young (Allocation Failure) 129M->62M(503M) 5.360ms
[2020-09-11T12:00:00.544+0000][1][gc,cpu       ] GC(76) User=0.01s Sys=0.00s Real=0.01s
[2020-09-11T12:00:00.544+0000][1][safepoint    ] Safepoint "GenCollectForAllocation", Time since last: 449653774 ns, Reaching safepoint: 215085 ns, At safepoint: 5428564 ns, Total: 5643649 ns
[2020-09-11T12:00:01.553+0000][1][safepoint    ] Safepoint "Cleanup", Time since last: 1008774252 ns, Reaching safepoint: 44046 ns, At safepoint: 17254 ns, Total: 61300 ns
[2020-09-11T12:00:02.554+0000][1][safepoint    ] Safepoint "Cleanup", Time since last: 1000191617 ns, Reaching safepoint: 76726 ns, At safepoint: 5750 ns, Total: 82476 ns
[2020-09-11T12:00:03.554+0000][1][safepoint    ] Safepoint "Cleanup", Time since last: 1000165835 ns, Reaching safepoint: 91885 ns, At safepoint: 16033 ns, Total: 107918 ns
[2020-09-11T12:00:04.554+0000][1][safepoint    ] Safepoint "Cleanup", Time since last: 1000194568 ns, Reaching safepoint: 76955 ns, At safepoint: 6977 ns, Total: 83932 ns
[2020-09-11T12:00:05.554+0000][1][safepoint    ] Safepoint "Cleanup", Time since last: 1000159036 ns, Reaching safepoint: 75342 ns, At safepoint: 6523 ns, Total: 81865 ns
[2020-09-11T12:00:06.555+0000][1][safepoint    ] Safepoint "Cleanup", Time since last: 1000176798 ns, Reaching safepoint: 78750 ns, At safepoint: 6272 ns, Total: 85022 ns
[2020-09-11T12:00:07.555+0000][1][safepoint    ] Safepoint "Cleanup", Time since last: 1000158039 ns, Reaching safepoint: 94421 ns, At safepoint: 16308 ns, Total: 110729 ns
[2020-09-11T12:00:08.555+0000][1][safepoint    ] Safepoint "Cleanup", Time since last: 1000206714 ns, Reaching safepoint: 76633 ns, At safepoint: 6635 ns, Total: 83268 ns
[2020-09-11T12:00:09.559+0000][1][safepoint    ] Safepoint "Cleanup", Time since last: 1003351723 ns, Reaching safepoint: 202058 ns, At safepoint: 21373 ns, Total: 223431 ns
[2020-09-11T12:00:10.559+0000][1][safepoint    ] Safepoint "Cleanup", Time since last: 1000205748 ns, Reaching safepoint: 93873 ns, At safepoint: 5721 ns, Total: 99594 ns
[2020-09-11T12:00:11.559+0000][1][safepoint    ] Safepoint "Cleanup", Time since last: 1000146201 ns, Reaching safepoint: 104467 ns, At safepoint: 15376 ns, Total: 119843 ns
[2020-09-11T12:00:12.560+0000][1][safepoint    ] Safepoint "Cleanup", Time since last: 1000226094 ns, Reaching safepoint: 91273 ns, At safepoint: 14934 ns, Total: 106207 ns
[2020-09-11T12:00:13.560+0000][1][safepoint    ] Safepoint "Cleanup", Time since last: 1000235010 ns, Reaching safepoint: 94928 ns, At safepoint: 15837 ns, Total: 110765 ns
[2020-09-11T12:00:14.560+0000][1][safepoint    ] Safepoint "Cleanup", Time since last: 1000159249 ns, Reaching safepoint: 203298 ns, At safepoint: 18429 ns, Total: 221727 ns
[2020-09-11T12:00:15.561+0000][1][safepoint    ] Safepoint "Cleanup", Time since last: 1000141024 ns, Reaching safepoint: 206592 ns, At safepoint: 17847 ns, Total: 224439 ns
[2020-09-11T12:00:16.561+0000][1][safepoint    ] Safepoint "Cleanup", Time since last: 1000208371 ns, Reaching safepoint: 82854 ns, At safepoint: 6074 ns, Total: 88928 ns
[2020-09-11T12:00:17.561+0000][1][safepoint    ] Safepoint "Cleanup", Time since last: 1000178881 ns, Reaching safepoint: 100224 ns, At safepoint: 16301 ns, Total: 116525 ns
[2020-09-11T12:00:18.562+0000][1][safepoint    ] Safepoint "Cleanup", Time since last: 1000227175 ns, Reaching safepoint: 83448 ns, At safepoint: 5908 ns, Total: 89356 ns
[2020-09-11T12:00:19.562+0000][1][safepoint    ] Safepoint "Cleanup", Time since last: 1000178475 ns, Reaching safepoint: 82334 ns, At safepoint: 6808 ns, Total: 89142 ns
[2020-09-11T12:00:20.562+0000][1][safepoint    ] Safepoint "Cleanup", Time since last: 1000168147 ns, Reaching safepoint: 102780 ns, At safepoint: 16815 ns, Total: 119595 ns
[2020-09-11T12:00:21.563+0000][1][safepoint    ] Safepoint "Cleanup", Time since last: 1000234518 ns, Reaching safepoint: 82476 ns, At safepoint: 6256 ns, Total: 88732 ns
[2020-09-11T12:00:22.563+0000][1][safepoint    ] Safepoint "Cleanup", Time since last: 1000180790 ns, Reaching safepoint: 103679 ns, At safepoint: 16631 ns, Total: 120310 ns
[2020-09-11T12:00:23.563+0000][1][safepoint    ] Safepoint "Cleanup", Time since last: 1000210265 ns, Reaching safepoint: 105131 ns, At safepoint: 17056 ns, Total: 122187 ns
[2020-09-11T12:00:24.564+0000][1][safepoint    ] Safepoint "Cleanup", Time since last: 1000249838 ns, Reaching safepoint: 106866 ns, At safepoint: 16822 ns, Total: 123688 ns
[2020-09-11T12:00:25.564+0000][1][safepoint    ] Safepoint "Cleanup", Time since last: 1000254053 ns, Reaching safepoint: 105379 ns, At safepoint: 17453 ns, Total: 122832 ns
[2020-09-11T12:00:26.564+0000][1][safepoint    ] Safepoint "Cleanup", Time since last: 1000202168 ns, Reaching safepoint: 138532 ns, At safepoint: 17083 ns, Total: 155615 ns
[2020-09-11T12:00:27.565+0000][1][safepoint    ] Safepoint "Cleanup", Time since last: 1000163834 ns, Reaching safepoint: 107414 ns, At safepoint: 15068 ns, Total: 122482 ns
[2020-09-11T12:00:28.565+0000][1][safepoint    ] Safepoint "Cleanup", Time since last: 1000202576 ns, Reaching safepoint: 89229 ns, At safepoint: 5815 ns, Total: 95044 ns
[2020-09-11T12:00:29.565+0000][1][safepoint    ] Safepoint "Cleanup", Time since last: 1000172391 ns, Reaching safepoint: 105373 ns, At safepoint: 16046 ns, Total: 121419 ns
[2020-09-11T12:00:30.565+0000][1][safepoint    ] Safepoint "Cleanup", Time since last: 1000200983 ns, Reaching safepoint: 93035 ns, At safepoint: 6278 ns, Total: 99313 ns
[2020-09-11T12:00:31.566+0000][1][safepoint    ] Safepoint "Cleanup", Time since last: 1000138864 ns, Reaching safepoint: 62031 ns, At safepoint: 6045 ns, Total: 68076 ns
[2020-09-11T12:00:32.566+0000][1][safepoint    ] Safepoint "Cleanup", Time since last: 1000188633 ns, Reaching safepoint: 73863 ns, At safepoint: 6175 ns, Total: 80038 ns
[2020-09-11T12:00:33.616+0000][1][safepoint    ] Safepoint "Cleanup", Time since last: 1049643283 ns, Reaching safepoint: 94066 ns, At safepoint: 6894 ns, Total: 100960 ns
[2020-09-11T12:00:34.616+0000][1][safepoint    ] Safepoint "Cleanup", Time since last: 1000171713 ns, Reaching safepoint: 76199 ns, At safepoint: 6742 ns, Total: 82941 ns
[2020-09-11T12:00:35.616+0000][1][safepoint    ] Safepoint "Cleanup", Time since last: 1000129877 ns, Reaching safepoint: 114259 ns, At safepoint: 17998 ns, Total: 132257 ns
[2020-09-11T12:00:36.616+0000][1][safepoint    ] Safepoint "Cleanup", Time since last: 1000175820 ns, Reaching safepoint: 93886 ns, At safepoint: 15586 ns, Total: 109472 ns
[2020-09-11T12:00:37.617+0000][1][safepoint    ] Safepoint "Cleanup", Time since last: 1000177699 ns, Reaching safepoint: 55046 ns, At safepoint: 7107 ns, Total: 62153 ns
[2020-09-11T12:00:38.617+0000][1][safepoint    ] Safepoint "Cleanup", Time since last: 1000124879 ns, Reaching safepoint: 49460 ns, At safepoint: 7616 ns, Total: 57076 ns
[2020-09-11T12:00:39.617+0000][1][safepoint    ] Safepoint "Cleanup", Time since last: 1000184450 ns, Reaching safepoint: 75064 ns, At safepoint: 6810 ns, Total: 81874 ns
[2020-09-11T12:00:40.617+0000][1][safepoint    ] Safepoint "Cleanup", Time since last: 1000170672 ns, Reaching safepoint: 77568 ns, At safepoint: 7082 ns, Total: 84650 ns
[2020-09-11T12:00:41.618+0000][1][safepoint    ] Safepoint "Cleanup", Time since last: 1000141806 ns, Reaching safepoint: 90633 ns, At safepoint: 5182 ns, Total: 95815 ns
[2020-09-11T12:00:42.618+0000][1][safepoint    ] Safepoint "Cleanup", Time since last: 1000119166 ns, Reaching safepoint: 295997 ns, At safepoint: 18593 ns, Total: 314590 ns
[2020-09-11T12:00:43.618+0000][1][safepoint    ] Safepoint "Cleanup", Time since last: 1000201686 ns, Reaching safepoint: 120270 ns, At safepoint: 18499 ns, Total: 138769 ns
[2020-09-11T12:00:44.619+0000][1][safepoint    ] Safepoint "Cleanup", Time since last: 1000204051 ns, Reaching safepoint: 56028 ns, At safepoint: 6550 ns, Total: 62578 ns
[2020-09-11T12:00:45.619+0000][1][safepoint    ] Safepoint "Cleanup", Time since last: 1000130108 ns, Reaching safepoint: 169965 ns, At safepoint: 7610 ns, Total: 177575 ns
[2020-09-11T12:00:46.619+0000][1][safepoint    ] Safepoint "Cleanup", Time since last: 1000148440 ns, Reaching safepoint: 111216 ns, At safepoint: 15415 ns, Total: 126631 ns
[2020-09-11T12:00:47.620+0000][1][safepoint    ] Safepoint "Cleanup", Time since last: 1000226419 ns, Reaching safepoint: 97318 ns, At safepoint: 7896 ns, Total: 105214 ns
[2020-09-11T12:00:48.620+0000][1][safepoint    ] Safepoint "Cleanup", Time since last: 1000186425 ns, Reaching safepoint: 95635 ns, At safepoint: 7110 ns, Total: 102745 ns
[2020-09-11T12:00:49.620+0000][1][safepoint    ] Safepoint "Cleanup", Time since last: 1000172270 ns, Reaching safepoint: 106141 ns, At safepoint: 16364 ns, Total: 122505 ns
[2020-09-11T12:00:50.621+0000][1][safepoint    ] Safepoint "Cleanup", Time since last: 1000173064 ns, Reaching safepoint: 197648 ns, At safepoint: 16375 ns, Total: 214023 ns
[2020-09-11T12:00:51.621+0000][1][safepoint    ] Safepoint "Cleanup", Time since last: 1000218057 ns, Reaching safepoint: 84389 ns, At safepoint: 8324 ns, Total: 92713 ns
[2020-09-11T12:00:52.621+0000][1][safepoint    ] Safepoint "Cleanup", Time since last: 1000129660 ns, Reaching safepoint: 61711 ns, At safepoint: 9388 ns, Total: 71099 ns
[2020-09-11T12:00:53.621+0000][1][safepoint    ] Safepoint "Cleanup", Time since last: 1000219307 ns, Reaching safepoint: 113344 ns, At safepoint: 18289 ns, Total: 131633 ns
[2020-09-11T12:00:54.622+0000][1][safepoint    ] Safepoint "Cleanup", Time since last: 1000191299 ns, Reaching safepoint: 108179 ns, At safepoint: 15686 ns, Total: 123865 ns
[2020-09-11T12:00:55.622+0000][1][safepoint    ] Safepoint "Cleanup", Time since last: 1000219887 ns, Reaching safepoint: 115131 ns, At safepoint: 17697 ns, Total: 132828 ns
[2020-09-11T12:00:56.622+0000][1][safepoint    ] Safepoint "Cleanup", Time since last: 1000229482 ns, Reaching safepoint: 82573 ns, At safepoint: 7000 ns, Total: 89573 ns
[2020-09-11T12:00:57.623+0000][1][safepoint    ] Safepoint "Cleanup", Time since last: 1000215843 ns, Reaching safepoint: 149293 ns, At safepoint: 16982 ns, Total: 166275 ns
[2020-09-11T12:00:58.623+0000][1][safepoint    ] Safepoint "Cleanup", Time since last: 1000205086 ns, Reaching safepoint: 110330 ns, At safepoint: 16478 ns, Total: 126808 ns
[2020-09-11T12:00:59.624+0000][1][safepoint    ] Safepoint "Cleanup", Time since last: 1000217815 ns, Reaching safepoint: 134520 ns, At safepoint: 16234 ns, Total: 150754 ns
[2020-09-11T12:01:00.624+0000][1][safepoint    ] Safepoint "Cleanup", Time since last: 1000197911 ns, Reaching safepoint: 112118 ns, At safepoint: 17326 ns, Total: 129444 ns
[2020-09-11T12:01:01.624+0000][1][safepoint    ] Safepoint "Cleanup", Time since last: 1000236982 ns, Reaching safepoint: 124279 ns, At safepoint: 17063 ns, Total: 141342 ns
[2020-09-11T12:01:02.625+0000][1][safepoint    ] Safepoint "Cleanup", Time since last: 1000224890 ns, Reaching safepoint: 112262 ns, At safepoint: 17350 ns, Total: 129612 ns
[2020-09-11T12:01:03.625+0000][1][safepoint    ] Safepoint "Cleanup", Time since last: 1000242553 ns, Reaching safepoint: 81136 ns, At safepoint: 7538 ns, Total: 88674 ns
[2020-09-11T12:01:04.625+0000][1][safepoint    ] Safepoint "Cleanup", Time since last: 1000240119 ns, Reaching safepoint: 63125 ns, At safepoint: 7437 ns, Total: 70562 ns
[2020-09-11T12:01:05.626+0000][1][safepoint    ] Safepoint "Cleanup", Time since last: 1000219476 ns, Reaching safepoint: 82786 ns, At safepoint: 8173 ns, Total: 90959 ns
[2020-09-11T12:01:06.626+0000][1][safepoint    ] Safepoint "Cleanup", Time since last: 1000203038 ns, Reaching safepoint: 75867 ns, At safepoint: 7403 ns, Total: 83270 ns
[2020-09-11T12:01:07.626+0000][1][safepoint    ] Safepoint "Cleanup", Time since last: 1000198236 ns, Reaching safepoint: 82075 ns, At safepoint: 7332 ns, Total: 89407 ns
[2020-09-11T12:01:08.626+0000][1][safepoint    ] Safepoint "Cleanup", Time since last: 1000217474 ns, Reaching safepoint: 74438 ns, At safepoint: 7253 ns, Total: 81691 ns
[2020-09-11T12:01:09.627+0000][1][safepoint    ] Safepoint "Cleanup", Time since last: 1000194225 ns, Reaching safepoint: 110170 ns, At safepoint: 17738 ns, Total: 127908 ns
[2020-09-11T12:01:10.627+0000][1][safepoint    ] Safepoint "Cleanup", Time since last: 1000223151 ns, Reaching safepoint: 91531 ns, At safepoint: 7658 ns, Total: 99189 ns
[2020-09-11T12:01:11.627+0000][1][safepoint    ] Safepoint "Cleanup", Time since last: 1000187296 ns, Reaching safepoint: 84121 ns, At safepoint: 7048 ns, Total: 91169 ns
[2020-09-11T12:01:12.699+0000][1][safepoint    ] Safepoint "Cleanup", Time since last: 1071256921 ns, Reaching safepoint: 84902 ns, At safepoint: 6971 ns, Total: 91873 ns
[2020-09-11T12:01:13.699+0000][1][safepoint    ] Safepoint "Cleanup", Time since last: 1000130520 ns, Reaching safepoint: 97157 ns, At safepoint: 6365 ns, Total: 103522 ns
[2020-09-11T12:01:14.699+0000][1][safepoint    ] Safepoint "Cleanup", Time since last: 1000131826 ns, Reaching safepoint: 93214 ns, At safepoint: 6137 ns, Total: 99351 ns
[2020-09-11T12:01:15.655+0000][1][gc,start     ] GC(77) Pause Young (Allocation Failure)
[2020-09-11T12:01:15.655+0000][1][gc,task      ] GC(77) Using 1 workers of 1 for evacuation
[2020-09-11T12:01:15.658+0000][1][gc,age       ] GC(77) Desired survivor size 4358144 bytes, new threshold 6 (max threshold 6)
[2020-09-11T12:01:15.658+0000][1][gc,age       ] GC(77) Age table with threshold 6 (max threshold 6)
[2020-09-11T12:01:15.658+0000][1][gc,age       ] GC(77) - age   1:       7576 bytes,       7576 total
[2020-09-11T12:01:15.658+0000][1][gc,age       ] GC(77) - age   2:        536 bytes,       8112 total
[2020-09-11T12:01:15.658+0000][1][gc,age       ] GC(77) - age   4:      25400 bytes,      33512 total
[2020-09-11T12:01:15.658+0000][1][gc,age       ] GC(77) - age   5:        312 bytes,      33824 total
[2020-09-11T12:01:15.658+0000][1][gc,age       ] GC(77) - age   6:       1352 bytes,      35176 total
[2020-09-11T12:01:15.658+0000][1][gc,heap      ] GC(77) ParNew: 68196K->34K(76672K)
[2020-09-11T12:01:15.658+0000][1][gc,heap      ] GC(77) CMS: 64447K->64448K(439104K)
[2020-09-11T12:01:15.658+0000][1][gc,metaspace ] GC(77) Metaspace: 73253K->73253K(1116160K)
[2020-09-11T12:01:15.658+0000][1][gc           ] GC(77) Pause Young (Allocation Failure) 129M->62M(503M) 3.142ms
[2020-09-11T12:01:15.658+0000][1][gc,cpu       ] GC(77) User=0.00s Sys=0.00s Real=0.01s
[2020-09-11T12:01:15.658+0000][1][safepoint    ] Safepoint "GenCollectForAllocation", Time since last: 955647038 ns, Reaching safepoint: 187057 ns, At safepoint: 3205813 ns, Total: 3392870 ns
[2020-09-11T12:01:16.659+0000][1][safepoint    ] Safepoint "Cleanup", Time since last: 1000161635 ns, Reaching safepoint: 109970 ns, At safepoint: 52684 ns, Total: 162654 ns
[2020-09-11T12:01:17.659+0000][1][safepoint    ] Safepoint "Cleanup", Time since last: 1000282720 ns, Reaching safepoint: 80393 ns, At safepoint: 6694 ns, Total: 87087 ns
[2020-09-11T12:01:18.659+0000][1][safepoint    ] Safepoint "Cleanup", Time since last: 1000175235 ns, Reaching safepoint: 105743 ns, At safepoint: 16879 ns, Total: 122622 ns
[2020-09-11T12:01:19.659+0000][1][safepoint    ] Safepoint "Cleanup", Time since last: 1000161524 ns, Reaching safepoint: 75973 ns, At safepoint: 7905 ns, Total: 83878 ns
[2020-09-11T12:01:20.660+0000][1][safepoint    ] Safepoint "Cleanup", Time since last: 1000147070 ns, Reaching safepoint: 150623 ns, At safepoint: 17624 ns, Total: 168247 ns
[2020-09-11T12:01:21.660+0000][1][safepoint    ] Safepoint "Cleanup", Time since last: 1000115275 ns, Reaching safepoint: 80010 ns, At safepoint: 6169 ns, Total: 86179 ns
