[2020-09-11T17:54:51.583+0000][1][gc] Using Concurrent Mark Sweep
[2020-09-11T17:54:51.583+0000][1][gc,heap,coops] Heap address: 0x00000000e0000000, size: 512 MB, Compressed Oops mode: 32-bit
[2020-09-11T17:54:51.921+0000][1][safepoint    ] Safepoint "EnableBiasedLocking", Time since last: 296710691 ns, Reaching safepoint: 2527891 ns, At safepoint: 48247 ns, Total: 2576138 ns
[2020-09-11T17:54:51.937+0000][1][safepoint    ] Safepoint "RevokeBias", Time since last: 14075321 ns, Reaching safepoint: 1845402 ns, At safepoint: 42844 ns, Total: 1888246 ns
[2020-09-11T17:54:52.022+0000][1][safepoint    ] Safepoint "Deoptimize", Time since last: 84953139 ns, Reaching safepoint: 107208 ns, At safepoint: 40590 ns, Total: 147798 ns
[2020-09-11T17:54:52.913+0000][1][safepoint    ] Safepoint "Deoptimize", Time since last: 890029521 ns, Reaching safepoint: 832741 ns, At safepoint: 31828 ns, Total: 864569 ns
[2020-09-11T17:54:52.921+0000][1][safepoint    ] Safepoint "Deoptimize", Time since last: 1029417 ns, Reaching safepoint: 6956813 ns, At safepoint: 46183 ns, Total: 7002996 ns
[2020-09-11T17:54:53.208+0000][1][safepoint    ] Safepoint "Deoptimize", Time since last: 283979361 ns, Reaching safepoint: 3102055 ns, At safepoint: 48235 ns, Total: 3150290 ns
[2020-09-11T17:54:54.211+0000][1][safepoint    ] Safepoint "Cleanup", Time since last: 1000775333 ns, Reaching safepoint: 2338192 ns, At safepoint: 9312 ns, Total: 2347504 ns
[2020-09-11T17:54:55.213+0000][1][safepoint    ] Safepoint "Cleanup", Time since last: 1000122939 ns, Reaching safepoint: 1593038 ns, At safepoint: 8696 ns, Total: 1601734 ns
[2020-09-11T17:54:56.162+0000][1][safepoint    ] Safepoint "Deoptimize", Time since last: 949181117 ns, Reaching safepoint: 125558 ns, At safepoint: 66312 ns, Total: 191870 ns
[2020-09-11T17:54:56.559+0000][1][safepoint    ] Safepoint "Deoptimize", Time since last: 396206705 ns, Reaching safepoint: 102904 ns, At safepoint: 71694 ns, Total: 174598 ns
[2020-09-11T17:54:57.017+0000][1][safepoint    ] Safepoint "Deoptimize", Time since last: 451422336 ns, Reaching safepoint: 6916514 ns, At safepoint: 76339 ns, Total: 6992853 ns
[2020-09-11T17:54:57.882+0000][1][safepoint    ] Safepoint "Deoptimize", Time since last: 864904025 ns, Reaching safepoint: 103288 ns, At safepoint: 85807 ns, Total: 189095 ns
[2020-09-11T17:54:59.112+0000][1][safepoint    ] Safepoint "Cleanup", Time since last: 1229327306 ns, Reaching safepoint: 64454 ns, At safepoint: 4735 ns, Total: 69189 ns
[2020-09-11T17:54:59.630+0000][1][safepoint    ] Safepoint "Deoptimize", Time since last: 518282282 ns, Reaching safepoint: 98385 ns, At safepoint: 82375 ns, Total: 180760 ns
[2020-09-11T17:55:00.633+0000][1][safepoint    ] Safepoint "Cleanup", Time since last: 1002815548 ns, Reaching safepoint: 44458 ns, At safepoint: 6068 ns, Total: 50526 ns
[2020-09-11T17:55:01.535+0000][1][safepoint    ] Safepoint "Deoptimize", Time since last: 902329756 ns, Reaching safepoint: 109747 ns, At safepoint: 82677 ns, Total: 192424 ns
[2020-09-11T17:55:02.543+0000][1][safepoint    ] Safepoint "Cleanup", Time since last: 1005430613 ns, Reaching safepoint: 2446006 ns, At safepoint: 10754 ns, Total: 2456760 ns
[2020-09-11T17:55:03.553+0000][1][safepoint    ] Safepoint "Cleanup", Time since last: 1009535016 ns, Reaching safepoint: 134942 ns, At safepoint: 6001 ns, Total: 140943 ns
[2020-09-11T17:55:03.777+0000][1][safepoint    ] Safepoint "Deoptimize", Time since last: 223929528 ns, Reaching safepoint: 103870 ns, At safepoint: 113236 ns, Total: 217106 ns
[2020-09-11T17:55:03.797+0000][1][safepoint    ] Safepoint "Deoptimize", Time since last: 19738632 ns, Reaching safepoint: 95164 ns, At safepoint: 109619 ns, Total: 204783 ns
[2020-09-11T17:55:04.129+0000][1][safepoint    ] Safepoint "Deoptimize", Time since last: 330726395 ns, Reaching safepoint: 1081109 ns, At safepoint: 116416 ns, Total: 1197525 ns
[2020-09-11T17:55:04.143+0000][1][safepoint    ] Safepoint "Deoptimize", Time since last: 11876753 ns, Reaching safepoint: 1863269 ns, At safepoint: 120922 ns, Total: 1984191 ns
[2020-09-11T17:55:04.221+0000][1][safepoint    ] Safepoint "RevokeBias", Time since last: 74513589 ns, Reaching safepoint: 3533450 ns, At safepoint: 42310 ns, Total: 3575760 ns
[2020-09-11T17:55:04.225+0000][1][safepoint    ] Safepoint "RevokeBias", Time since last: 86693 ns, Reaching safepoint: 3810476 ns, At safepoint: 26559 ns, Total: 3837035 ns
[2020-09-11T17:55:04.229+0000][1][safepoint    ] Safepoint "RevokeBias", Time since last: 95409 ns, Reaching safepoint: 3890201 ns, At safepoint: 28783 ns, Total: 3918984 ns
[2020-09-11T17:55:04.230+0000][1][safepoint    ] Safepoint "RevokeBias", Time since last: 206442 ns, Reaching safepoint: 677282 ns, At safepoint: 23050 ns, Total: 700332 ns
[2020-09-11T17:55:04.231+0000][1][safepoint    ] Safepoint "RevokeBias", Time since last: 384439 ns, Reaching safepoint: 524387 ns, At safepoint: 22467 ns, Total: 546854 ns
[2020-09-11T17:55:05.233+0000][1][safepoint    ] Safepoint "Cleanup", Time since last: 1000102110 ns, Reaching safepoint: 2049893 ns, At safepoint: 10045 ns, Total: 2059938 ns
[2020-09-11T17:55:06.249+0000][1][safepoint    ] Safepoint "Cleanup", Time since last: 1011962967 ns, Reaching safepoint: 3904616 ns, At safepoint: 12428 ns, Total: 3917044 ns
[2020-09-11T17:55:07.255+0000][1][safepoint    ] Safepoint "Cleanup", Time since last: 1004092581 ns, Reaching safepoint: 1712567 ns, At safepoint: 11568 ns, Total: 1724135 ns
[2020-09-11T17:55:07.404+0000][1][gc,start     ] GC(0) Pause Young (Allocation Failure)
[2020-09-11T17:55:07.417+0000][1][gc,task      ] GC(0) Using 1 workers of 1 for evacuation
[2020-09-11T17:55:07.487+0000][1][gc,age       ] GC(0) Desired survivor size 4358144 bytes, new threshold 1 (max threshold 6)
[2020-09-11T17:55:07.487+0000][1][gc,age       ] GC(0) Age table with threshold 1 (max threshold 6)
[2020-09-11T17:55:07.487+0000][1][gc,age       ] GC(0) - age   1:    6435968 bytes,    6435968 total
[2020-09-11T17:55:07.487+0000][1][gc,heap      ] GC(0) ParNew: 68160K->6312K(76672K)
[2020-09-11T17:55:07.487+0000][1][gc,heap      ] GC(0) CMS: 0K->0K(439104K)
[2020-09-11T17:55:07.487+0000][1][gc,metaspace ] GC(0) Metaspace: 13576K->13576K(1060864K)
[2020-09-11T17:55:07.487+0000][1][gc           ] GC(0) Pause Young (Allocation Failure) 66M->6M(503M) 82.629ms
[2020-09-11T17:55:07.487+0000][1][gc,cpu       ] GC(0) User=0.02s Sys=0.00s Real=0.08s
[2020-09-11T17:55:07.511+0000][1][safepoint    ] Safepoint "GenCollectForAllocation", Time since last: 149694148 ns, Reaching safepoint: 98194 ns, At safepoint: 106834317 ns, Total: 106932511 ns
[2020-09-11T17:55:07.565+0000][1][safepoint    ] Safepoint "RevokeBias", Time since last: 31156241 ns, Reaching safepoint: 2503192 ns, At safepoint: 19989965 ns, Total: 22493157 ns
[2020-09-11T17:55:07.565+0000][1][safepoint    ] Safepoint "RevokeBias", Time since last: 165347 ns, Reaching safepoint: 97545 ns, At safepoint: 39792 ns, Total: 137337 ns
[2020-09-11T17:55:07.565+0000][1][safepoint    ] Safepoint "RevokeBias", Time since last: 58168 ns, Reaching safepoint: 85222 ns, At safepoint: 22447 ns, Total: 107669 ns
[2020-09-11T17:55:07.565+0000][1][safepoint    ] Safepoint "RevokeBias", Time since last: 34773 ns, Reaching safepoint: 81681 ns, At safepoint: 19592 ns, Total: 101273 ns
[2020-09-11T17:55:07.566+0000][1][safepoint    ] Safepoint "RevokeBias", Time since last: 42031 ns, Reaching safepoint: 81699 ns, At safepoint: 19805 ns, Total: 101504 ns
[2020-09-11T17:55:07.566+0000][1][safepoint    ] Safepoint "RevokeBias", Time since last: 30677 ns, Reaching safepoint: 79048 ns, At safepoint: 19100 ns, Total: 98148 ns
[2020-09-11T17:55:07.571+0000][1][safepoint    ] Safepoint "RevokeBias", Time since last: 38506 ns, Reaching safepoint: 5556456 ns, At safepoint: 29037 ns, Total: 5585493 ns
[2020-09-11T17:55:07.571+0000][1][safepoint    ] Safepoint "RevokeBias", Time since last: 43815 ns, Reaching safepoint: 81804 ns, At safepoint: 24952 ns, Total: 106756 ns
[2020-09-11T17:55:07.572+0000][1][safepoint    ] Safepoint "RevokeBias", Time since last: 45845 ns, Reaching safepoint: 79852 ns, At safepoint: 25599 ns, Total: 105451 ns
[2020-09-11T17:55:07.572+0000][1][safepoint    ] Safepoint "RevokeBias", Time since last: 30158 ns, Reaching safepoint: 79684 ns, At safepoint: 24561 ns, Total: 104245 ns
[2020-09-11T17:55:07.572+0000][1][safepoint    ] Safepoint "RevokeBias", Time since last: 55049 ns, Reaching safepoint: 79054 ns, At safepoint: 23961 ns, Total: 103015 ns
[2020-09-11T17:55:07.572+0000][1][safepoint    ] Safepoint "RevokeBias", Time since last: 28654 ns, Reaching safepoint: 77475 ns, At safepoint: 21968 ns, Total: 99443 ns
[2020-09-11T17:55:07.572+0000][1][safepoint    ] Safepoint "RevokeBias", Time since last: 59563 ns, Reaching safepoint: 77884 ns, At safepoint: 23595 ns, Total: 101479 ns
[2020-09-11T17:55:07.584+0000][1][safepoint    ] Safepoint "RevokeBias", Time since last: 11324738 ns, Reaching safepoint: 104275 ns, At safepoint: 24110 ns, Total: 128385 ns
[2020-09-11T17:55:07.584+0000][1][safepoint    ] Safepoint "RevokeBias", Time since last: 103460 ns, Reaching safepoint: 87330 ns, At safepoint: 24941 ns, Total: 112271 ns
[2020-09-11T17:55:07.584+0000][1][safepoint    ] Safepoint "RevokeBias", Time since last: 39896 ns, Reaching safepoint: 82654 ns, At safepoint: 15028 ns, Total: 97682 ns
[2020-09-11T17:55:07.584+0000][1][safepoint    ] Safepoint "RevokeBias", Time since last: 191532 ns, Reaching safepoint: 84138 ns, At safepoint: 22776 ns, Total: 106914 ns
[2020-09-11T17:55:07.584+0000][1][safepoint    ] Safepoint "RevokeBias", Time since last: 35266 ns, Reaching safepoint: 91120 ns, At safepoint: 14317 ns, Total: 105437 ns
[2020-09-11T17:55:07.585+0000][1][safepoint    ] Safepoint "RevokeBias", Time since last: 43646 ns, Reaching safepoint: 80348 ns, At safepoint: 20786 ns, Total: 101134 ns
[2020-09-11T17:55:07.585+0000][1][safepoint    ] Safepoint "RevokeBias", Time since last: 213538 ns, Reaching safepoint: 79227 ns, At safepoint: 15096 ns, Total: 94323 ns
[2020-09-11T17:55:07.590+0000][1][safepoint    ] Safepoint "RevokeBias", Time since last: 53385 ns, Reaching safepoint: 4944317 ns, At safepoint: 23942 ns, Total: 4968259 ns
[2020-09-11T17:55:07.598+0000][1][safepoint    ] Safepoint "RevokeBias", Time since last: 7580801 ns, Reaching safepoint: 97481 ns, At safepoint: 34234 ns, Total: 131715 ns
[2020-09-11T17:55:07.616+0000][1][safepoint    ] Safepoint "RevokeBias", Time since last: 17776104 ns, Reaching safepoint: 108012 ns, At safepoint: 40370 ns, Total: 148382 ns
[2020-09-11T17:55:07.616+0000][1][safepoint    ] Safepoint "RevokeBias", Time since last: 55402 ns, Reaching safepoint: 88960 ns, At safepoint: 27023 ns, Total: 115983 ns
[2020-09-11T17:55:07.616+0000][1][safepoint    ] Safepoint "RevokeBias", Time since last: 54600 ns, Reaching safepoint: 87161 ns, At safepoint: 27654 ns, Total: 114815 ns
[2020-09-11T17:55:07.616+0000][1][safepoint    ] Safepoint "RevokeBias", Time since last: 33707 ns, Reaching safepoint: 82218 ns, At safepoint: 24751 ns, Total: 106969 ns
[2020-09-11T17:55:07.616+0000][1][safepoint    ] Safepoint "RevokeBias", Time since last: 49489 ns, Reaching safepoint: 81555 ns, At safepoint: 25458 ns, Total: 107013 ns
[2020-09-11T17:55:07.621+0000][1][safepoint    ] Safepoint "RevokeBias", Time since last: 30704 ns, Reaching safepoint: 4594453 ns, At safepoint: 41398 ns, Total: 4635851 ns
[2020-09-11T17:55:07.621+0000][1][safepoint    ] Safepoint "RevokeBias", Time since last: 151232 ns, Reaching safepoint: 86630 ns, At safepoint: 25284 ns, Total: 111914 ns
[2020-09-11T17:55:07.621+0000][1][safepoint    ] Safepoint "RevokeBias", Time since last: 36432 ns, Reaching safepoint: 83149 ns, At safepoint: 23911 ns, Total: 107060 ns
[2020-09-11T17:55:07.883+0000][1][safepoint    ] Safepoint "Deoptimize", Time since last: 260253211 ns, Reaching safepoint: 1384542 ns, At safepoint: 173068 ns, Total: 1557610 ns
[2020-09-11T17:55:08.883+0000][1][safepoint    ] Safepoint "Cleanup", Time since last: 1000123999 ns, Reaching safepoint: 124256 ns, At safepoint: 6063 ns, Total: 130319 ns
[2020-09-11T17:55:09.905+0000][1][safepoint    ] Safepoint "Cleanup", Time since last: 1001468173 ns, Reaching safepoint: 20036052 ns, At safepoint: 16353 ns, Total: 20052405 ns
[2020-09-11T17:55:10.050+0000][1][safepoint    ] Safepoint "RevokeBias", Time since last: 144706530 ns, Reaching safepoint: 98499 ns, At safepoint: 33520 ns, Total: 132019 ns
[2020-09-11T17:55:11.053+0000][1][safepoint    ] Safepoint "Cleanup", Time since last: 1000102471 ns, Reaching safepoint: 3037357 ns, At safepoint: 9355 ns, Total: 3046712 ns
[2020-09-11T17:55:12.070+0000][1][safepoint    ] Safepoint "Cleanup", Time since last: 1003966707 ns, Reaching safepoint: 13109333 ns, At safepoint: 9628 ns, Total: 13118961 ns
[2020-09-11T17:55:12.617+0000][1][safepoint    ] Safepoint "Deoptimize", Time since last: 546886982 ns, Reaching safepoint: 119300 ns, At safepoint: 164883 ns, Total: 284183 ns
[2020-09-11T17:55:12.856+0000][1][gc,start     ] GC(1) Pause Young (Allocation Failure)
[2020-09-11T17:55:12.856+0000][1][gc,task      ] GC(1) Using 1 workers of 1 for evacuation
[2020-09-11T17:55:13.057+0000][1][gc,age       ] GC(1) Desired survivor size 4358144 bytes, new threshold 6 (max threshold 6)
[2020-09-11T17:55:13.057+0000][1][gc,age       ] GC(1) Age table with threshold 6 (max threshold 6)
[2020-09-11T17:55:13.057+0000][1][gc,age       ] GC(1) - age   1:    3012584 bytes,    3012584 total
[2020-09-11T17:55:13.057+0000][1][gc,heap      ] GC(1) ParNew: 74472K->4212K(76672K)
[2020-09-11T17:55:13.057+0000][1][gc,heap      ] GC(1) CMS: 0K->6826K(439104K)
[2020-09-11T17:55:13.057+0000][1][gc,metaspace ] GC(1) Metaspace: 18075K->18075K(1064960K)
[2020-09-11T17:55:13.057+0000][1][gc           ] GC(1) Pause Young (Allocation Failure) 72M->10M(503M) 201.175ms
[2020-09-11T17:55:13.057+0000][1][gc,cpu       ] GC(1) User=0.04s Sys=0.00s Real=0.20s
[2020-09-11T17:55:13.057+0000][1][safepoint    ] Safepoint "GenCollectForAllocation", Time since last: 235717401 ns, Reaching safepoint: 3005400 ns, At safepoint: 201238888 ns, Total: 204244288 ns
[2020-09-11T17:55:13.093+0000][1][safepoint    ] Safepoint "BulkRevokeBias", Time since last: 33102613 ns, Reaching safepoint: 2665412 ns, At safepoint: 115529 ns, Total: 2780941 ns
[2020-09-11T17:55:13.094+0000][1][safepoint    ] Safepoint "RevokeBias", Time since last: 109746 ns, Reaching safepoint: 843286 ns, At safepoint: 49385 ns, Total: 892671 ns
[2020-09-11T17:55:13.095+0000][1][safepoint    ] Safepoint "RevokeBias", Time since last: 43979 ns, Reaching safepoint: 716640 ns, At safepoint: 53442 ns, Total: 770082 ns
[2020-09-11T17:55:13.095+0000][1][safepoint    ] Safepoint "RevokeBias", Time since last: 42320 ns, Reaching safepoint: 83386 ns, At safepoint: 33431 ns, Total: 116817 ns
[2020-09-11T17:55:13.095+0000][1][safepoint    ] Safepoint "RevokeBias", Time since last: 25402 ns, Reaching safepoint: 81563 ns, At safepoint: 32374 ns, Total: 113937 ns
[2020-09-11T17:55:13.095+0000][1][safepoint    ] Safepoint "RevokeBias", Time since last: 31057 ns, Reaching safepoint: 81923 ns, At safepoint: 33018 ns, Total: 114941 ns
[2020-09-11T17:55:13.097+0000][1][safepoint    ] Safepoint "RevokeBias", Time since last: 24433 ns, Reaching safepoint: 1577679 ns, At safepoint: 45702 ns, Total: 1623381 ns
[2020-09-11T17:55:13.098+0000][1][safepoint    ] Safepoint "BulkRevokeBias", Time since last: 45972 ns, Reaching safepoint: 618508 ns, At safepoint: 65913 ns, Total: 684421 ns
[2020-09-11T17:55:13.098+0000][1][safepoint    ] Safepoint "BulkRevokeBias", Time since last: 31987 ns, Reaching safepoint: 82876 ns, At safepoint: 167661 ns, Total: 250537 ns
[2020-09-11T17:55:13.833+0000][1][safepoint    ] Safepoint "Deoptimize", Time since last: 734049945 ns, Reaching safepoint: 929153 ns, At safepoint: 201365 ns, Total: 1130518 ns
[2020-09-11T17:55:13.907+0000][1][safepoint    ] Safepoint "Deoptimize", Time since last: 73860173 ns, Reaching safepoint: 106663 ns, At safepoint: 176055 ns, Total: 282718 ns
[2020-09-11T17:55:14.907+0000][1][safepoint    ] Safepoint "Cleanup", Time since last: 1000118935 ns, Reaching safepoint: 114309 ns, At safepoint: 6356 ns, Total: 120665 ns
[2020-09-11T17:55:15.097+0000][1][safepoint    ] Safepoint "Deoptimize", Time since last: 189460340 ns, Reaching safepoint: 237706 ns, At safepoint: 174970 ns, Total: 412676 ns
[2020-09-11T17:55:15.463+0000][1][safepoint    ] Safepoint "Deoptimize", Time since last: 362163342 ns, Reaching safepoint: 3713828 ns, At safepoint: 181256 ns, Total: 3895084 ns
[2020-09-11T17:55:15.465+0000][1][safepoint    ] Safepoint "RevokeBias", Time since last: 702727 ns, Reaching safepoint: 741742 ns, At safepoint: 43323 ns, Total: 785065 ns
[2020-09-11T17:55:15.473+0000][1][safepoint    ] Safepoint "Deoptimize", Time since last: 942484 ns, Reaching safepoint: 7054989 ns, At safepoint: 188555 ns, Total: 7243544 ns
[2020-09-11T17:55:16.485+0000][1][safepoint    ] Safepoint "Cleanup", Time since last: 1007776861 ns, Reaching safepoint: 4024972 ns, At safepoint: 11786 ns, Total: 4036758 ns
[2020-09-11T17:55:16.618+0000][1][safepoint    ] Safepoint "RevokeBias", Time since last: 131973300 ns, Reaching safepoint: 1521251 ns, At safepoint: 40283 ns, Total: 1561534 ns
[2020-09-11T17:55:17.492+0000][1][gc,start     ] GC(2) Pause Young (Allocation Failure)
[2020-09-11T17:55:17.492+0000][1][gc,task      ] GC(2) Using 1 workers of 1 for evacuation
[2020-09-11T17:55:17.573+0000][1][gc,age       ] GC(2) Desired survivor size 4358144 bytes, new threshold 2 (max threshold 6)
[2020-09-11T17:55:17.581+0000][1][gc,age       ] GC(2) Age table with threshold 2 (max threshold 6)
[2020-09-11T17:55:17.581+0000][1][gc,age       ] GC(2) - age   1:    3080112 bytes,    3080112 total
[2020-09-11T17:55:17.581+0000][1][gc,age       ] GC(2) - age   2:    2929056 bytes,    6009168 total
[2020-09-11T17:55:17.581+0000][1][gc,heap      ] GC(2) ParNew: 72372K->6532K(76672K)
[2020-09-11T17:55:17.581+0000][1][gc,heap      ] GC(2) CMS: 6826K->6826K(439104K)
[2020-09-11T17:55:17.581+0000][1][gc,metaspace ] GC(2) Metaspace: 20113K->20113K(1067008K)
[2020-09-11T17:55:17.581+0000][1][gc           ] GC(2) Pause Young (Allocation Failure) 77M->13M(503M) 88.587ms
[2020-09-11T17:55:17.581+0000][1][gc,cpu       ] GC(2) User=0.02s Sys=0.00s Real=0.10s
[2020-09-11T17:55:17.592+0000][1][safepoint    ] Safepoint "GenCollectForAllocation", Time since last: 873799490 ns, Reaching safepoint: 118606 ns, At safepoint: 99426680 ns, Total: 99545286 ns
[2020-09-11T17:55:17.673+0000][1][safepoint    ] Safepoint "RevokeBias", Time since last: 77117979 ns, Reaching safepoint: 3991252 ns, At safepoint: 155158 ns, Total: 4146410 ns
[2020-09-11T17:55:17.692+0000][1][safepoint    ] Safepoint "RevokeBias", Time since last: 18876562 ns, Reaching safepoint: 110865 ns, At safepoint: 164387 ns, Total: 275252 ns
[2020-09-11T17:55:17.692+0000][1][safepoint    ] Safepoint "RevokeBias", Time since last: 201243 ns, Reaching safepoint: 83678 ns, At safepoint: 37548 ns, Total: 121226 ns
[2020-09-11T17:55:17.693+0000][1][safepoint    ] Safepoint "RevokeBias", Time since last: 35326 ns, Reaching safepoint: 80621 ns, At safepoint: 54929 ns, Total: 135550 ns
[2020-09-11T17:55:17.693+0000][1][safepoint    ] Safepoint "RevokeBias", Time since last: 41820 ns, Reaching safepoint: 80813 ns, At safepoint: 57670 ns, Total: 138483 ns
[2020-09-11T17:55:17.693+0000][1][safepoint    ] Safepoint "RevokeBias", Time since last: 31028 ns, Reaching safepoint: 80356 ns, At safepoint: 41831 ns, Total: 122187 ns
[2020-09-11T17:55:17.693+0000][1][safepoint    ] Safepoint "RevokeBias", Time since last: 30232 ns, Reaching safepoint: 217578 ns, At safepoint: 38410 ns, Total: 255988 ns
[2020-09-11T17:55:17.693+0000][1][safepoint    ] Safepoint "RevokeBias", Time since last: 33269 ns, Reaching safepoint: 80490 ns, At safepoint: 35655 ns, Total: 116145 ns
[2020-09-11T17:55:17.728+0000][1][safepoint    ] Safepoint "RevokeBias", Time since last: 34091216 ns, Reaching safepoint: 118330 ns, At safepoint: 56436 ns, Total: 174766 ns
[2020-09-11T17:55:18.740+0000][1][safepoint    ] Safepoint "Cleanup", Time since last: 1011857680 ns, Reaching safepoint: 208309 ns, At safepoint: 6961 ns, Total: 215270 ns
[2020-09-11T17:55:19.061+0000][1][gc,start     ] GC(3) Pause Young (Allocation Failure)
[2020-09-11T17:55:19.061+0000][1][gc,task      ] GC(3) Using 1 workers of 1 for evacuation
[2020-09-11T17:55:19.171+0000][1][gc,age       ] GC(3) Desired survivor size 4358144 bytes, new threshold 6 (max threshold 6)
[2020-09-11T17:55:19.171+0000][1][gc,age       ] GC(3) Age table with threshold 6 (max threshold 6)
[2020-09-11T17:55:19.171+0000][1][gc,age       ] GC(3) - age   1:    1023160 bytes,    1023160 total
[2020-09-11T17:55:19.171+0000][1][gc,age       ] GC(3) - age   2:    1335408 bytes,    2358568 total
[2020-09-11T17:55:19.171+0000][1][gc,heap      ] GC(3) ParNew: 74692K->5206K(76672K)
[2020-09-11T17:55:19.171+0000][1][gc,heap      ] GC(3) CMS: 6826K->9709K(439104K)
[2020-09-11T17:55:19.171+0000][1][gc,metaspace ] GC(3) Metaspace: 20371K->20371K(1067008K)
[2020-09-11T17:55:19.171+0000][1][gc           ] GC(3) Pause Young (Allocation Failure) 79M->14M(503M) 109.773ms
[2020-09-11T17:55:19.171+0000][1][gc,cpu       ] GC(3) User=0.02s Sys=0.00s Real=0.10s
[2020-09-11T17:55:19.171+0000][1][safepoint    ] Safepoint "GenCollectForAllocation", Time since last: 321580398 ns, Reaching safepoint: 108876 ns, At safepoint: 109825807 ns, Total: 109934683 ns
[2020-09-11T17:55:19.201+0000][1][safepoint    ] Safepoint "RevokeBias", Time since last: 29637837 ns, Reaching safepoint: 237756 ns, At safepoint: 30422 ns, Total: 268178 ns
[2020-09-11T17:55:19.201+0000][1][safepoint    ] Safepoint "RevokeBias", Time since last: 64849 ns, Reaching safepoint: 77568 ns, At safepoint: 17067 ns, Total: 94635 ns
[2020-09-11T17:55:19.201+0000][1][safepoint    ] Safepoint "RevokeBias", Time since last: 41709 ns, Reaching safepoint: 77130 ns, At safepoint: 16777 ns, Total: 93907 ns
[2020-09-11T17:55:19.202+0000][1][safepoint    ] Safepoint "RevokeBias", Time since last: 26507 ns, Reaching safepoint: 76039 ns, At safepoint: 16163 ns, Total: 92202 ns
[2020-09-11T17:55:19.202+0000][1][safepoint    ] Safepoint "RevokeBias", Time since last: 29394 ns, Reaching safepoint: 76404 ns, At safepoint: 16128 ns, Total: 92532 ns
[2020-09-11T17:55:19.202+0000][1][safepoint    ] Safepoint "RevokeBias", Time since last: 25455 ns, Reaching safepoint: 75978 ns, At safepoint: 16607 ns, Total: 92585 ns
[2020-09-11T17:55:19.202+0000][1][safepoint    ] Safepoint "RevokeBias", Time since last: 28731 ns, Reaching safepoint: 76171 ns, At safepoint: 16127 ns, Total: 92298 ns
[2020-09-11T17:55:19.202+0000][1][safepoint    ] Safepoint "RevokeBias", Time since last: 24768 ns, Reaching safepoint: 75726 ns, At safepoint: 15996 ns, Total: 91722 ns
[2020-09-11T17:55:20.210+0000][1][safepoint    ] Safepoint "Cleanup", Time since last: 1002745831 ns, Reaching safepoint: 5097278 ns, At safepoint: 9445 ns, Total: 5106723 ns
[2020-09-11T17:55:20.229+0000][1][safepoint    ] Safepoint "CollectForMetadataAllocation", Time since last: 18570515 ns, Reaching safepoint: 94102 ns, At safepoint: 150417 ns, Total: 244519 ns
[2020-09-11T17:55:20.425+0000][1][safepoint    ] Safepoint "CollectForMetadataAllocation", Time since last: 196174853 ns, Reaching safepoint: 115714 ns, At safepoint: 126199 ns, Total: 241913 ns
[2020-09-11T17:55:20.669+0000][1][gc,start     ] GC(4) Pause Young (Allocation Failure)
[2020-09-11T17:55:20.669+0000][1][gc,task      ] GC(4) Using 1 workers of 1 for evacuation
[2020-09-11T17:55:20.696+0000][1][gc,age       ] GC(4) Desired survivor size 4358144 bytes, new threshold 6 (max threshold 6)
[2020-09-11T17:55:20.696+0000][1][gc,age       ] GC(4) Age table with threshold 6 (max threshold 6)
[2020-09-11T17:55:20.696+0000][1][gc,age       ] GC(4) - age   1:    2007544 bytes,    2007544 total
[2020-09-11T17:55:20.696+0000][1][gc,age       ] GC(4) - age   2:     351592 bytes,    2359136 total
[2020-09-11T17:55:20.696+0000][1][gc,age       ] GC(4) - age   3:    1335312 bytes,    3694448 total
[2020-09-11T17:55:20.696+0000][1][gc,heap      ] GC(4) ParNew: 73366K->4330K(76672K)
[2020-09-11T17:55:20.696+0000][1][gc,heap      ] GC(4) CMS: 9709K->9709K(439104K)
[2020-09-11T17:55:20.696+0000][1][gc,metaspace ] GC(4) Metaspace: 20897K->20897K(1069056K)
[2020-09-11T17:55:20.696+0000][1][gc           ] GC(4) Pause Young (Allocation Failure) 81M->13M(503M) 27.255ms
[2020-09-11T17:55:20.696+0000][1][gc,cpu       ] GC(4) User=0.01s Sys=0.00s Real=0.03s
[2020-09-11T17:55:20.737+0000][1][safepoint    ] Safepoint "GenCollectForAllocation", Time since last: 243676856 ns, Reaching safepoint: 102984 ns, At safepoint: 67888363 ns, Total: 67991347 ns
[2020-09-11T17:55:20.785+0000][1][gc,start     ] GC(5) Pause Initial Mark
[2020-09-11T17:55:20.788+0000][1][gc           ] GC(5) Pause Initial Mark 18M->18M(503M) 2.756ms
[2020-09-11T17:55:20.788+0000][1][gc,cpu       ] GC(5) User=0.00s Sys=0.00s Real=0.00s
[2020-09-11T17:55:20.823+0000][1][safepoint    ] Safepoint "BulkRevokeBias", Time since last: 31783262 ns, Reaching safepoint: 16242857 ns, At safepoint: 38556133 ns, Total: 54798990 ns
[2020-09-11T17:55:20.834+0000][1][gc           ] GC(5) Concurrent Mark
[2020-09-11T17:55:20.899+0000][1][safepoint    ] Safepoint "RevokeBias", Time since last: 37438665 ns, Reaching safepoint: 38307348 ns, At safepoint: 55908 ns, Total: 38363256 ns
[2020-09-11T17:55:20.909+0000][1][safepoint    ] Safepoint "RevokeBias", Time since last: 9668621 ns, Reaching safepoint: 123164 ns, At safepoint: 54185 ns, Total: 177349 ns
[2020-09-11T17:55:20.909+0000][1][safepoint    ] Safepoint "RevokeBias", Time since last: 54624 ns, Reaching safepoint: 80616 ns, At safepoint: 36757 ns, Total: 117373 ns
[2020-09-11T17:55:20.909+0000][1][safepoint    ] Safepoint "RevokeBias", Time since last: 30118 ns, Reaching safepoint: 79443 ns, At safepoint: 34093 ns, Total: 113536 ns
[2020-09-11T17:55:20.909+0000][1][safepoint    ] Safepoint "RevokeBias", Time since last: 24385 ns, Reaching safepoint: 78184 ns, At safepoint: 31450 ns, Total: 109634 ns
[2020-09-11T17:55:20.966+0000][1][gc           ] GC(5) Concurrent Mark 131.815ms
[2020-09-11T17:55:20.966+0000][1][gc,cpu       ] GC(5) User=0.03s Sys=0.00s Real=0.13s
[2020-09-11T17:55:20.966+0000][1][gc           ] GC(5) Concurrent Preclean
[2020-09-11T17:55:20.967+0000][1][gc           ] GC(5) Concurrent Preclean 0.609ms
[2020-09-11T17:55:20.967+0000][1][gc,cpu       ] GC(5) User=0.00s Sys=0.00s Real=0.00s
[2020-09-11T17:55:20.967+0000][1][gc           ] GC(5) Concurrent Abortable Preclean
[2020-09-11T17:55:21.757+0000][1][safepoint    ] Safepoint "RevokeBias", Time since last: 847713898 ns, Reaching safepoint: 93209 ns, At safepoint: 16950 ns, Total: 110159 ns
[2020-09-11T17:55:21.758+0000][1][safepoint    ] Safepoint "RevokeBias", Time since last: 209161 ns, Reaching safepoint: 122832 ns, At safepoint: 8930 ns, Total: 131762 ns
[2020-09-11T17:55:21.788+0000][1][safepoint    ] Safepoint "Deoptimize", Time since last: 29684153 ns, Reaching safepoint: 107595 ns, At safepoint: 198171 ns, Total: 305766 ns
[2020-09-11T17:55:21.870+0000][1][safepoint    ] Safepoint "CollectForMetadataAllocation", Time since last: 82549338 ns, Reaching safepoint: 44424 ns, At safepoint: 62923 ns, Total: 107347 ns
[2020-09-11T17:55:22.445+0000][1][safepoint    ] Safepoint "Deoptimize", Time since last: 574885398 ns, Reaching safepoint: 115392 ns, At safepoint: 203855 ns, Total: 319247 ns
[2020-09-11T17:55:22.819+0000][1][gc,start     ] GC(6) Pause Young (Allocation Failure)
[2020-09-11T17:55:22.819+0000][1][gc,task      ] GC(6) Using 1 workers of 1 for evacuation
[2020-09-11T17:55:22.864+0000][1][gc,age       ] GC(6) Desired survivor size 4358144 bytes, new threshold 4 (max threshold 6)
[2020-09-11T17:55:22.864+0000][1][gc,age       ] GC(6) Age table with threshold 4 (max threshold 6)
[2020-09-11T17:55:22.864+0000][1][gc,age       ] GC(6) - age   1:    1560960 bytes,    1560960 total
[2020-09-11T17:55:22.864+0000][1][gc,age       ] GC(6) - age   2:    1252128 bytes,    2813088 total
[2020-09-11T17:55:22.864+0000][1][gc,age       ] GC(6) - age   3:     351592 bytes,    3164680 total
[2020-09-11T17:55:22.864+0000][1][gc,age       ] GC(6) - age   4:    1335312 bytes,    4499992 total
[2020-09-11T17:55:22.864+0000][1][gc,heap      ] GC(6) ParNew: 72490K->6494K(76672K)
[2020-09-11T17:55:22.864+0000][1][gc,heap      ] GC(6) CMS: 9709K->9709K(439104K)
[2020-09-11T17:55:22.864+0000][1][gc,metaspace ] GC(6) Metaspace: 21206K->21206K(1069056K)
[2020-09-11T17:55:22.864+0000][1][gc           ] GC(6) Pause Young (Allocation Failure) 80M->15M(503M) 45.407ms
[2020-09-11T17:55:22.864+0000][1][gc,cpu       ] GC(6) User=0.02s Sys=0.00s Real=0.05s
[2020-09-11T17:55:22.905+0000][1][safepoint    ] Safepoint "GenCollectForAllocation", Time since last: 352125107 ns, Reaching safepoint: 21143743 ns, At safepoint: 86045266 ns, Total: 107189009 ns
[2020-09-11T17:55:22.945+0000][1][safepoint    ] Safepoint "RevokeBias", Time since last: 24070999 ns, Reaching safepoint: 16049773 ns, At safepoint: 41137 ns, Total: 16090910 ns
[2020-09-11T17:55:22.969+0000][1][safepoint    ] Safepoint "RevokeBias", Time since last: 23865033 ns, Reaching safepoint: 114967 ns, At safepoint: 30393 ns, Total: 145360 ns
[2020-09-11T17:55:22.970+0000][1][safepoint    ] Safepoint "RevokeBias", Time since last: 441464 ns, Reaching safepoint: 83743 ns, At safepoint: 27617 ns, Total: 111360 ns
[2020-09-11T17:55:22.970+0000][1][safepoint    ] Safepoint "RevokeBias", Time since last: 29879 ns, Reaching safepoint: 78854 ns, At safepoint: 24124 ns, Total: 102978 ns
[2020-09-11T17:55:22.970+0000][1][safepoint    ] Safepoint "RevokeBias", Time since last: 30086 ns, Reaching safepoint: 78745 ns, At safepoint: 23719 ns, Total: 102464 ns
[2020-09-11T17:55:22.970+0000][1][safepoint    ] Safepoint "RevokeBias", Time since last: 25112 ns, Reaching safepoint: 77450 ns, At safepoint: 15779 ns, Total: 93229 ns
[2020-09-11T17:55:23.673+0000][1][gc           ] GC(5) Concurrent Abortable Preclean 2706.200ms
[2020-09-11T17:55:23.673+0000][1][gc,cpu       ] GC(5) User=0.52s Sys=0.02s Real=2.71s
[2020-09-11T17:55:23.673+0000][1][gc,start     ] GC(5) Pause Remark
[2020-09-11T17:55:23.834+0000][1][gc           ] GC(5) Pause Remark 59M->59M(503M) 160.965ms
[2020-09-11T17:55:23.834+0000][1][gc,cpu       ] GC(5) User=0.04s Sys=0.00s Real=0.16s
[2020-09-11T17:55:23.857+0000][1][safepoint    ] Safepoint "CMS_Final_Remark", Time since last: 702950290 ns, Reaching safepoint: 103907 ns, At safepoint: 183831001 ns, Total: 183934908 ns
[2020-09-11T17:55:23.857+0000][1][gc           ] GC(5) Concurrent Sweep
[2020-09-11T17:55:23.859+0000][1][gc           ] GC(5) Concurrent Sweep 2.486ms
[2020-09-11T17:55:23.859+0000][1][gc,cpu       ] GC(5) User=0.00s Sys=0.00s Real=0.00s
[2020-09-11T17:55:23.859+0000][1][gc           ] GC(5) Concurrent Reset
[2020-09-11T17:55:23.860+0000][1][gc           ] GC(5) Concurrent Reset 0.662ms
[2020-09-11T17:55:23.860+0000][1][gc,cpu       ] GC(5) User=0.00s Sys=0.00s Real=0.00s
[2020-09-11T17:55:23.860+0000][1][gc,heap      ] GC(5) Old: 9709K->9706K(439104K)
[2020-09-11T17:55:24.237+0000][1][safepoint    ] Safepoint "RevokeBias", Time since last: 356028085 ns, Reaching safepoint: 24325072 ns, At safepoint: 126084 ns, Total: 24451156 ns
[2020-09-11T17:55:24.329+0000][1][gc,start     ] GC(7) Pause Young (Allocation Failure)
[2020-09-11T17:55:24.329+0000][1][gc,task      ] GC(7) Using 1 workers of 1 for evacuation
[2020-09-11T17:55:24.409+0000][1][gc,age       ] GC(7) Desired survivor size 4358144 bytes, new threshold 6 (max threshold 6)
[2020-09-11T17:55:24.409+0000][1][gc,age       ] GC(7) Age table with threshold 6 (max threshold 6)
[2020-09-11T17:55:24.409+0000][1][gc,age       ] GC(7) - age   1:    1206832 bytes,    1206832 total
[2020-09-11T17:55:24.409+0000][1][gc,age       ] GC(7) - age   2:    1525984 bytes,    2732816 total
[2020-09-11T17:55:24.409+0000][1][gc,age       ] GC(7) - age   3:    1251520 bytes,    3984336 total
[2020-09-11T17:55:24.409+0000][1][gc,age       ] GC(7) - age   4:     351592 bytes,    4335928 total
[2020-09-11T17:55:24.409+0000][1][gc,heap      ] GC(7) ParNew: 74654K->8215K(76672K)
[2020-09-11T17:55:24.409+0000][1][gc,heap      ] GC(7) CMS: 9706K->11022K(439104K)
[2020-09-11T17:55:24.409+0000][1][gc,metaspace ] GC(7) Metaspace: 21309K->21309K(1069056K)
[2020-09-11T17:55:24.409+0000][1][gc           ] GC(7) Pause Young (Allocation Failure) 82M->18M(503M) 80.182ms
[2020-09-11T17:55:24.409+0000][1][gc,cpu       ] GC(7) User=0.01s Sys=0.00s Real=0.08s
[2020-09-11T17:55:24.425+0000][1][safepoint    ] Safepoint "GenCollectForAllocation", Time since last: 91518506 ns, Reaching safepoint: 104779 ns, At safepoint: 95664290 ns, Total: 95769069 ns
[2020-09-11T17:55:24.449+0000][1][safepoint    ] Safepoint "RevokeBias", Time since last: 24245527 ns, Reaching safepoint: 112239 ns, At safepoint: 72556 ns, Total: 184795 ns
[2020-09-11T17:55:24.453+0000][1][safepoint    ] Safepoint "RevokeBias", Time since last: 53200 ns, Reaching safepoint: 3780707 ns, At safepoint: 71967 ns, Total: 3852674 ns
[2020-09-11T17:55:24.453+0000][1][safepoint    ] Safepoint "RevokeBias", Time since last: 67466 ns, Reaching safepoint: 85583 ns, At safepoint: 50804 ns, Total: 136387 ns
[2020-09-11T17:55:24.453+0000][1][safepoint    ] Safepoint "RevokeBias", Time since last: 25128 ns, Reaching safepoint: 251819 ns, At safepoint: 47294 ns, Total: 299113 ns
[2020-09-11T17:55:25.468+0000][1][safepoint    ] Safepoint "Cleanup", Time since last: 1014221124 ns, Reaching safepoint: 108375 ns, At safepoint: 4963 ns, Total: 113338 ns
[2020-09-11T17:55:25.474+0000][1][gc,start     ] GC(8) Pause Young (Allocation Failure)
[2020-09-11T17:55:25.474+0000][1][gc,task      ] GC(8) Using 1 workers of 1 for evacuation
[2020-09-11T17:55:25.528+0000][1][gc,age       ] GC(8) Desired survivor size 4358144 bytes, new threshold 4 (max threshold 6)
[2020-09-11T17:55:25.528+0000][1][gc,age       ] GC(8) Age table with threshold 4 (max threshold 6)
[2020-09-11T17:55:25.528+0000][1][gc,age       ] GC(8) - age   1:    1350008 bytes,    1350008 total
[2020-09-11T17:55:25.528+0000][1][gc,age       ] GC(8) - age   2:     445648 bytes,    1795656 total
[2020-09-11T17:55:25.528+0000][1][gc,age       ] GC(8) - age   3:    1524048 bytes,    3319704 total
[2020-09-11T17:55:25.528+0000][1][gc,age       ] GC(8) - age   4:    1250864 bytes,    4570568 total
[2020-09-11T17:55:25.528+0000][1][gc,age       ] GC(8) - age   5:     351592 bytes,    4922160 total
[2020-09-11T17:55:25.528+0000][1][gc,heap      ] GC(8) ParNew: 76375K->5229K(76672K)
[2020-09-11T17:55:25.528+0000][1][gc,heap      ] GC(8) CMS: 11022K->11022K(439104K)
[2020-09-11T17:55:25.528+0000][1][gc,metaspace ] GC(8) Metaspace: 21491K->21491K(1069056K)
[2020-09-11T17:55:25.528+0000][1][gc           ] GC(8) Pause Young (Allocation Failure) 85M->15M(503M) 53.998ms
[2020-09-11T17:55:25.528+0000][1][gc,cpu       ] GC(8) User=0.02s Sys=0.00s Real=0.05s
[2020-09-11T17:55:25.545+0000][1][safepoint    ] Safepoint "GenCollectForAllocation", Time since last: 5950783 ns, Reaching safepoint: 95014 ns, At safepoint: 70962102 ns, Total: 71057116 ns
[2020-09-11T17:55:25.597+0000][1][safepoint    ] Safepoint "RevokeBias", Time since last: 30236674 ns, Reaching safepoint: 21821291 ns, At safepoint: 52497 ns, Total: 21873788 ns
[2020-09-11T17:55:25.597+0000][1][safepoint    ] Safepoint "RevokeBias", Time since last: 75025 ns, Reaching safepoint: 79961 ns, At safepoint: 18239 ns, Total: 98200 ns
[2020-09-11T17:55:25.597+0000][1][safepoint    ] Safepoint "RevokeBias", Time since last: 42045 ns, Reaching safepoint: 78513 ns, At safepoint: 16808 ns, Total: 95321 ns
[2020-09-11T17:55:25.597+0000][1][safepoint    ] Safepoint "RevokeBias", Time since last: 27452 ns, Reaching safepoint: 77392 ns, At safepoint: 16719 ns, Total: 94111 ns
[2020-09-11T17:55:26.429+0000][1][gc,start     ] GC(9) Pause Young (Allocation Failure)
[2020-09-11T17:55:26.429+0000][1][gc,task      ] GC(9) Using 1 workers of 1 for evacuation
[2020-09-11T17:55:26.481+0000][1][gc,age       ] GC(9) Desired survivor size 4358144 bytes, new threshold 4 (max threshold 6)
[2020-09-11T17:55:26.481+0000][1][gc,age       ] GC(9) Age table with threshold 4 (max threshold 6)
[2020-09-11T17:55:26.481+0000][1][gc,age       ] GC(9) - age   1:    2057144 bytes,    2057144 total
[2020-09-11T17:55:26.481+0000][1][gc,age       ] GC(9) - age   2:     831264 bytes,    2888408 total
[2020-09-11T17:55:26.481+0000][1][gc,age       ] GC(9) - age   3:     445568 bytes,    3333976 total
[2020-09-11T17:55:26.481+0000][1][gc,age       ] GC(9) - age   4:    1524048 bytes,    4858024 total
[2020-09-11T17:55:26.499+0000][1][gc,heap      ] GC(9) ParNew: 73389K->8512K(76672K)
[2020-09-11T17:55:26.499+0000][1][gc,heap      ] GC(9) CMS: 11022K->12606K(439104K)
[2020-09-11T17:55:26.499+0000][1][gc,metaspace ] GC(9) Metaspace: 21582K->21582K(1069056K)
[2020-09-11T17:55:26.499+0000][1][gc           ] GC(9) Pause Young (Allocation Failure) 82M->20M(503M) 70.197ms
[2020-09-11T17:55:26.499+0000][1][gc,cpu       ] GC(9) User=0.02s Sys=0.00s Real=0.07s
[2020-09-11T17:55:26.517+0000][1][safepoint    ] Safepoint "GenCollectForAllocation", Time since last: 831339714 ns, Reaching safepoint: 119953 ns, At safepoint: 88017828 ns, Total: 88137781 ns
[2020-09-11T17:55:26.560+0000][1][safepoint    ] Safepoint "RevokeBias", Time since last: 20010278 ns, Reaching safepoint: 21859747 ns, At safepoint: 1561325 ns, Total: 23421072 ns
[2020-09-11T17:55:26.560+0000][1][safepoint    ] Safepoint "RevokeBias", Time since last: 55917 ns, Reaching safepoint: 91431 ns, At safepoint: 20767 ns, Total: 112198 ns
[2020-09-11T17:55:26.589+0000][1][safepoint    ] Safepoint "RevokeBias", Time since last: 28449533 ns, Reaching safepoint: 247241 ns, At safepoint: 43655 ns, Total: 290896 ns
[2020-09-11T17:55:26.589+0000][1][safepoint    ] Safepoint "RevokeBias", Time since last: 56594 ns, Reaching safepoint: 80316 ns, At safepoint: 24659 ns, Total: 104975 ns
[2020-09-11T17:55:26.933+0000][1][safepoint    ] Safepoint "RevokeBias", Time since last: 343538984 ns, Reaching safepoint: 114477 ns, At safepoint: 21038 ns, Total: 135515 ns
[2020-09-11T17:55:26.934+0000][1][safepoint    ] Safepoint "RevokeBias", Time since last: 533213 ns, Reaching safepoint: 12593 ns, At safepoint: 8947 ns, Total: 21540 ns
[2020-09-11T17:55:27.420+0000][1][gc,start     ] GC(10) Pause Young (Allocation Failure)
[2020-09-11T17:55:27.420+0000][1][gc,task      ] GC(10) Using 1 workers of 1 for evacuation
[2020-09-11T17:55:27.471+0000][1][gc,age       ] GC(10) Desired survivor size 4358144 bytes, new threshold 6 (max threshold 6)
[2020-09-11T17:55:27.471+0000][1][gc,age       ] GC(10) Age table with threshold 6 (max threshold 6)
[2020-09-11T17:55:27.471+0000][1][gc,age       ] GC(10) - age   1:    2407504 bytes,    2407504 total
[2020-09-11T17:55:27.471+0000][1][gc,age       ] GC(10) - age   2:     112688 bytes,    2520192 total
[2020-09-11T17:55:27.471+0000][1][gc,age       ] GC(10) - age   3:     831264 bytes,    3351456 total
[2020-09-11T17:55:27.471+0000][1][gc,age       ] GC(10) - age   4:     445544 bytes,    3797000 total
[2020-09-11T17:55:27.471+0000][1][gc,heap      ] GC(10) ParNew: 76672K->5687K(76672K)
[2020-09-11T17:55:27.471+0000][1][gc,heap      ] GC(10) CMS: 12606K->14106K(439104K)
[2020-09-11T17:55:27.472+0000][1][gc,metaspace ] GC(10) Metaspace: 21725K->21725K(1069056K)
[2020-09-11T17:55:27.472+0000][1][gc           ] GC(10) Pause Young (Allocation Failure) 87M->19M(503M) 51.315ms
[2020-09-11T17:55:27.472+0000][1][gc,cpu       ] GC(10) User=0.02s Sys=0.00s Real=0.05s
[2020-09-11T17:55:27.504+0000][1][safepoint    ] Safepoint "GenCollectForAllocation", Time since last: 486575258 ns, Reaching safepoint: 111693 ns, At safepoint: 83892926 ns, Total: 84004619 ns
[2020-09-11T17:55:27.521+0000][1][safepoint    ] Safepoint "RevokeBias", Time since last: 16675547 ns, Reaching safepoint: 109357 ns, At safepoint: 27426 ns, Total: 136783 ns
[2020-09-11T17:55:27.521+0000][1][safepoint    ] Safepoint "RevokeBias", Time since last: 67923 ns, Reaching safepoint: 77876 ns, At safepoint: 19815 ns, Total: 97691 ns
[2020-09-11T17:55:27.521+0000][1][safepoint    ] Safepoint "BulkRevokeBias", Time since last: 40821 ns, Reaching safepoint: 77103 ns, At safepoint: 40689 ns, Total: 117792 ns
[2020-09-11T17:55:27.521+0000][1][safepoint    ] Safepoint "BulkRevokeBias", Time since last: 26407 ns, Reaching safepoint: 75750 ns, At safepoint: 32810 ns, Total: 108560 ns
[2020-09-11T17:55:28.733+0000][1][gc,start     ] GC(11) Pause Young (Allocation Failure)
[2020-09-11T17:55:28.733+0000][1][gc,task      ] GC(11) Using 1 workers of 1 for evacuation
[2020-09-11T17:55:28.784+0000][1][gc,age       ] GC(11) Desired survivor size 4358144 bytes, new threshold 6 (max threshold 6)
[2020-09-11T17:55:28.784+0000][1][gc,age       ] GC(11) Age table with threshold 6 (max threshold 6)
[2020-09-11T17:55:28.784+0000][1][gc,age       ] GC(11) - age   1:    1723000 bytes,    1723000 total
[2020-09-11T17:55:28.784+0000][1][gc,age       ] GC(11) - age   2:     403720 bytes,    2126720 total
[2020-09-11T17:55:28.784+0000][1][gc,age       ] GC(11) - age   3:     112584 bytes,    2239304 total
[2020-09-11T17:55:28.784+0000][1][gc,age       ] GC(11) - age   4:     831264 bytes,    3070568 total
[2020-09-11T17:55:28.784+0000][1][gc,age       ] GC(11) - age   5:     445544 bytes,    3516112 total
[2020-09-11T17:55:28.784+0000][1][gc,heap      ] GC(11) ParNew: 73847K->3491K(76672K)
[2020-09-11T17:55:28.784+0000][1][gc,heap      ] GC(11) CMS: 14106K->14106K(439104K)
[2020-09-11T17:55:28.784+0000][1][gc,metaspace ] GC(11) Metaspace: 22640K->22640K(1071104K)
[2020-09-11T17:55:28.784+0000][1][gc           ] GC(11) Pause Young (Allocation Failure) 85M->17M(503M) 50.792ms
[2020-09-11T17:55:28.784+0000][1][gc,cpu       ] GC(11) User=0.01s Sys=0.00s Real=0.05s
[2020-09-11T17:55:28.785+0000][1][safepoint    ] Safepoint "GenCollectForAllocation", Time since last: 1211466013 ns, Reaching safepoint: 110705 ns, At safepoint: 51845097 ns, Total: 51955802 ns
[2020-09-11T17:55:29.445+0000][1][gc,start     ] GC(12) Pause Young (Allocation Failure)
[2020-09-11T17:55:29.445+0000][1][gc,task      ] GC(12) Using 1 workers of 1 for evacuation
[2020-09-11T17:55:29.478+0000][1][gc,age       ] GC(12) Desired survivor size 4358144 bytes, new threshold 6 (max threshold 6)
[2020-09-11T17:55:29.479+0000][1][gc,age       ] GC(12) Age table with threshold 6 (max threshold 6)
[2020-09-11T17:55:29.479+0000][1][gc,age       ] GC(12) - age   1:     593704 bytes,     593704 total
[2020-09-11T17:55:29.479+0000][1][gc,age       ] GC(12) - age   2:     577856 bytes,    1171560 total
[2020-09-11T17:55:29.479+0000][1][gc,age       ] GC(12) - age   3:     403720 bytes,    1575280 total
[2020-09-11T17:55:29.479+0000][1][gc,age       ] GC(12) - age   4:     112480 bytes,    1687760 total
[2020-09-11T17:55:29.479+0000][1][gc,age       ] GC(12) - age   5:     830976 bytes,    2518736 total
[2020-09-11T17:55:29.479+0000][1][gc,age       ] GC(12) - age   6:     445544 bytes,    2964280 total
[2020-09-11T17:55:29.479+0000][1][gc,heap      ] GC(12) ParNew: 71651K->3448K(76672K)
[2020-09-11T17:55:29.479+0000][1][gc,heap      ] GC(12) CMS: 14106K->14106K(439104K)
[2020-09-11T17:55:29.479+0000][1][gc,metaspace ] GC(12) Metaspace: 22667K->22667K(1071104K)
[2020-09-11T17:55:29.479+0000][1][gc           ] GC(12) Pause Young (Allocation Failure) 83M->17M(503M) 33.689ms
[2020-09-11T17:55:29.479+0000][1][gc,cpu       ] GC(12) User=0.01s Sys=0.00s Real=0.03s
[2020-09-11T17:55:29.479+0000][1][safepoint    ] Safepoint "GenCollectForAllocation", Time since last: 659993499 ns, Reaching safepoint: 123477 ns, At safepoint: 33758852 ns, Total: 33882329 ns
[2020-09-11T17:55:30.129+0000][1][gc,start     ] GC(13) Pause Young (Allocation Failure)
[2020-09-11T17:55:30.129+0000][1][gc,task      ] GC(13) Using 1 workers of 1 for evacuation
[2020-09-11T17:55:30.163+0000][1][gc,age       ] GC(13) Desired survivor size 4358144 bytes, new threshold 6 (max threshold 6)
[2020-09-11T17:55:30.163+0000][1][gc,age       ] GC(13) Age table with threshold 6 (max threshold 6)
[2020-09-11T17:55:30.163+0000][1][gc,age       ] GC(13) - age   1:    1895328 bytes,    1895328 total
[2020-09-11T17:55:30.163+0000][1][gc,age       ] GC(13) - age   2:     203304 bytes,    2098632 total
[2020-09-11T17:55:30.163+0000][1][gc,age       ] GC(13) - age   3:     577744 bytes,    2676376 total
[2020-09-11T17:55:30.163+0000][1][gc,age       ] GC(13) - age   4:     403720 bytes,    3080096 total
[2020-09-11T17:55:30.163+0000][1][gc,age       ] GC(13) - age   5:     112480 bytes,    3192576 total
[2020-09-11T17:55:30.163+0000][1][gc,age       ] GC(13) - age   6:     830976 bytes,    4023552 total
[2020-09-11T17:55:30.163+0000][1][gc,heap      ] GC(13) ParNew: 71608K->6066K(76672K)
[2020-09-11T17:55:30.163+0000][1][gc,heap      ] GC(13) CMS: 14106K->14544K(439104K)
[2020-09-11T17:55:30.163+0000][1][gc,metaspace ] GC(13) Metaspace: 22770K->22770K(1071104K)
[2020-09-11T17:55:30.163+0000][1][gc           ] GC(13) Pause Young (Allocation Failure) 83M->20M(503M) 33.912ms
[2020-09-11T17:55:30.163+0000][1][gc,cpu       ] GC(13) User=0.01s Sys=0.00s Real=0.04s
[2020-09-11T17:55:30.189+0000][1][safepoint    ] Safepoint "GenCollectForAllocation", Time since last: 650146281 ns, Reaching safepoint: 112072 ns, At safepoint: 59878146 ns, Total: 59990218 ns
[2020-09-11T17:55:30.903+0000][1][gc,start     ] GC(14) Pause Young (Allocation Failure)
[2020-09-11T17:55:30.903+0000][1][gc,task      ] GC(14) Using 1 workers of 1 for evacuation
[2020-09-11T17:55:30.947+0000][1][gc,age       ] GC(14) Desired survivor size 4358144 bytes, new threshold 6 (max threshold 6)
[2020-09-11T17:55:30.947+0000][1][gc,age       ] GC(14) Age table with threshold 6 (max threshold 6)
[2020-09-11T17:55:30.947+0000][1][gc,age       ] GC(14) - age   1:     613816 bytes,     613816 total
[2020-09-11T17:55:30.947+0000][1][gc,age       ] GC(14) - age   2:     103416 bytes,     717232 total
[2020-09-11T17:55:30.947+0000][1][gc,age       ] GC(14) - age   3:     203304 bytes,     920536 total
[2020-09-11T17:55:30.947+0000][1][gc,age       ] GC(14) - age   4:     577744 bytes,    1498280 total
[2020-09-11T17:55:30.947+0000][1][gc,age       ] GC(14) - age   5:     403720 bytes,    1902000 total
[2020-09-11T17:55:30.947+0000][1][gc,age       ] GC(14) - age   6:     112480 bytes,    2014480 total
[2020-09-11T17:55:30.947+0000][1][gc,heap      ] GC(14) ParNew: 74226K->3705K(76672K)
[2020-09-11T17:55:30.947+0000][1][gc,heap      ] GC(14) CMS: 14544K->15362K(439104K)
[2020-09-11T17:55:30.947+0000][1][gc,metaspace ] GC(14) Metaspace: 22850K->22850K(1071104K)
[2020-09-11T17:55:30.947+0000][1][gc           ] GC(14) Pause Young (Allocation Failure) 86M->18M(503M) 43.478ms
[2020-09-11T17:55:30.947+0000][1][gc,cpu       ] GC(14) User=0.01s Sys=0.00s Real=0.04s
[2020-09-11T17:55:30.950+0000][1][safepoint    ] Safepoint "GenCollectForAllocation", Time since last: 714379137 ns, Reaching safepoint: 101392 ns, At safepoint: 47205652 ns, Total: 47307044 ns
[2020-09-11T17:55:31.605+0000][1][gc,start     ] GC(15) Pause Young (Allocation Failure)
[2020-09-11T17:55:31.605+0000][1][gc,task      ] GC(15) Using 1 workers of 1 for evacuation
[2020-09-11T17:55:31.618+0000][1][gc,age       ] GC(15) Desired survivor size 4358144 bytes, new threshold 6 (max threshold 6)
[2020-09-11T17:55:31.618+0000][1][gc,age       ] GC(15) Age table with threshold 6 (max threshold 6)
[2020-09-11T17:55:31.618+0000][1][gc,age       ] GC(15) - age   1:     180616 bytes,     180616 total
[2020-09-11T17:55:31.618+0000][1][gc,age       ] GC(15) - age   2:     314664 bytes,     495280 total
[2020-09-11T17:55:31.618+0000][1][gc,age       ] GC(15) - age   3:     103416 bytes,     598696 total
[2020-09-11T17:55:31.618+0000][1][gc,age       ] GC(15) - age   4:     203304 bytes,     802000 total
[2020-09-11T17:55:31.618+0000][1][gc,age       ] GC(15) - age   5:     577744 bytes,    1379744 total
[2020-09-11T17:55:31.618+0000][1][gc,age       ] GC(15) - age   6:     403720 bytes,    1783464 total
[2020-09-11T17:55:31.618+0000][1][gc,heap      ] GC(15) ParNew: 71865K->3328K(76672K)
[2020-09-11T17:55:31.618+0000][1][gc,heap      ] GC(15) CMS: 15362K->15475K(439104K)
[2020-09-11T17:55:31.618+0000][1][gc,metaspace ] GC(15) Metaspace: 22935K->22935K(1071104K)
[2020-09-11T17:55:31.618+0000][1][gc           ] GC(15) Pause Young (Allocation Failure) 85M->18M(503M) 13.281ms
[2020-09-11T17:55:31.618+0000][1][gc,cpu       ] GC(15) User=0.00s Sys=0.00s Real=0.01s
[2020-09-11T17:55:31.630+0000][1][safepoint    ] Safepoint "GenCollectForAllocation", Time since last: 650311407 ns, Reaching safepoint: 4017123 ns, At safepoint: 25395845 ns, Total: 29412968 ns
[2020-09-11T17:55:32.255+0000][1][gc,start     ] GC(16) Pause Young (Allocation Failure)
[2020-09-11T17:55:32.255+0000][1][gc,task      ] GC(16) Using 1 workers of 1 for evacuation
[2020-09-11T17:55:32.292+0000][1][gc,age       ] GC(16) Desired survivor size 4358144 bytes, new threshold 6 (max threshold 6)
[2020-09-11T17:55:32.292+0000][1][gc,age       ] GC(16) Age table with threshold 6 (max threshold 6)
[2020-09-11T17:55:32.292+0000][1][gc,age       ] GC(16) - age   1:    1815952 bytes,    1815952 total
[2020-09-11T17:55:32.292+0000][1][gc,age       ] GC(16) - age   2:     162344 bytes,    1978296 total
[2020-09-11T17:55:32.292+0000][1][gc,age       ] GC(16) - age   3:     314664 bytes,    2292960 total
[2020-09-11T17:55:32.292+0000][1][gc,age       ] GC(16) - age   4:     103416 bytes,    2396376 total
[2020-09-11T17:55:32.292+0000][1][gc,age       ] GC(16) - age   5:     203152 bytes,    2599528 total
[2020-09-11T17:55:32.292+0000][1][gc,age       ] GC(16) - age   6:     577744 bytes,    3177272 total
[2020-09-11T17:55:32.292+0000][1][gc,heap      ] GC(16) ParNew: 71488K->3207K(76672K)
[2020-09-11T17:55:32.292+0000][1][gc,heap      ] GC(16) CMS: 15475K->15874K(439104K)
[2020-09-11T17:55:32.292+0000][1][gc,metaspace ] GC(16) Metaspace: 22955K->22955K(1071104K)
[2020-09-11T17:55:32.292+0000][1][gc           ] GC(16) Pause Young (Allocation Failure) 84M->18M(503M) 36.923ms
[2020-09-11T17:55:32.292+0000][1][gc,cpu       ] GC(16) User=0.01s Sys=0.00s Real=0.03s
[2020-09-11T17:55:32.315+0000][1][safepoint    ] Safepoint "GenCollectForAllocation", Time since last: 624588566 ns, Reaching safepoint: 120372 ns, At safepoint: 60168135 ns, Total: 60288507 ns
[2020-09-11T17:55:32.429+0000][1][safepoint    ] Safepoint "Deoptimize", Time since last: 110368381 ns, Reaching safepoint: 3366272 ns, At safepoint: 240889 ns, Total: 3607161 ns
[2020-09-11T17:55:34.240+0000][1][safepoint    ] Safepoint "RevokeBias", Time since last: 1810555862 ns, Reaching safepoint: 282303 ns, At safepoint: 19964 ns, Total: 302267 ns
[2020-09-11T17:55:34.240+0000][1][safepoint    ] Safepoint "RevokeBias", Time since last: 107268 ns, Reaching safepoint: 83754 ns, At safepoint: 9842 ns, Total: 93596 ns
[2020-09-11T17:55:35.258+0000][1][safepoint    ] Safepoint "Cleanup", Time since last: 1000089219 ns, Reaching safepoint: 17669231 ns, At safepoint: 7250 ns, Total: 17676481 ns
[2020-09-11T17:55:35.899+0000][1][safepoint    ] Safepoint "Deoptimize", Time since last: 640577619 ns, Reaching safepoint: 107761 ns, At safepoint: 203422 ns, Total: 311183 ns
[2020-09-11T17:55:36.033+0000][1][safepoint    ] Safepoint "Deoptimize", Time since last: 125760449 ns, Reaching safepoint: 101679 ns, At safepoint: 8175589 ns, Total: 8277268 ns
[2020-09-11T17:55:37.045+0000][1][safepoint    ] Safepoint "Cleanup", Time since last: 1011972044 ns, Reaching safepoint: 320024 ns, At safepoint: 7921 ns, Total: 327945 ns
[2020-09-11T17:55:37.527+0000][1][safepoint    ] Safepoint "RevokeBias", Time since last: 482131133 ns, Reaching safepoint: 109706 ns, At safepoint: 45391 ns, Total: 155097 ns
[2020-09-11T17:55:38.529+0000][1][safepoint    ] Safepoint "Cleanup", Time since last: 1001226252 ns, Reaching safepoint: 140934 ns, At safepoint: 6134 ns, Total: 147068 ns
[2020-09-11T17:55:39.533+0000][1][safepoint    ] Safepoint "Cleanup", Time since last: 1000108324 ns, Reaching safepoint: 3926948 ns, At safepoint: 16946 ns, Total: 3943894 ns
[2020-09-11T17:55:40.214+0000][1][gc,start     ] GC(17) Pause Young (Allocation Failure)
[2020-09-11T17:55:40.214+0000][1][gc,task      ] GC(17) Using 1 workers of 1 for evacuation
[2020-09-11T17:55:40.323+0000][1][gc,age       ] GC(17) Desired survivor size 4358144 bytes, new threshold 1 (max threshold 6)
[2020-09-11T17:55:40.323+0000][1][gc,age       ] GC(17) Age table with threshold 1 (max threshold 6)
[2020-09-11T17:55:40.323+0000][1][gc,age       ] GC(17) - age   1:    7555120 bytes,    7555120 total
[2020-09-11T17:55:40.323+0000][1][gc,age       ] GC(17) - age   2:      99088 bytes,    7654208 total
[2020-09-11T17:55:40.323+0000][1][gc,age       ] GC(17) - age   3:     161848 bytes,    7816056 total
[2020-09-11T17:55:40.323+0000][1][gc,age       ] GC(17) - age   4:     312400 bytes,    8128456 total
[2020-09-11T17:55:40.323+0000][1][gc,age       ] GC(17) - age   5:     103136 bytes,    8231592 total
[2020-09-11T17:55:40.323+0000][1][gc,age       ] GC(17) - age   6:     203152 bytes,    8434744 total
[2020-09-11T17:55:40.323+0000][1][gc,heap      ] GC(17) ParNew: 71367K->8512K(76672K)
[2020-09-11T17:55:40.323+0000][1][gc,heap      ] GC(17) CMS: 15874K->16446K(439104K)
[2020-09-11T17:55:40.323+0000][1][gc,metaspace ] GC(17) Metaspace: 29691K->29691K(1077248K)
[2020-09-11T17:55:40.323+0000][1][gc           ] GC(17) Pause Young (Allocation Failure) 85M->24M(503M) 109.431ms
[2020-09-11T17:55:40.323+0000][1][gc,cpu       ] GC(17) User=0.02s Sys=0.00s Real=0.11s
[2020-09-11T17:55:40.345+0000][1][safepoint    ] Safepoint "GenCollectForAllocation", Time since last: 680050866 ns, Reaching safepoint: 1104280 ns, At safepoint: 130813151 ns, Total: 131917431 ns
[2020-09-11T17:55:41.369+0000][1][safepoint    ] Safepoint "Cleanup", Time since last: 1019988334 ns, Reaching safepoint: 4122774 ns, At safepoint: 11026 ns, Total: 4133800 ns
[2020-09-11T17:55:42.370+0000][1][safepoint    ] Safepoint "Cleanup", Time since last: 1000108572 ns, Reaching safepoint: 809873 ns, At safepoint: 8502 ns, Total: 818375 ns
[2020-09-11T17:55:43.377+0000][1][safepoint    ] Safepoint "Cleanup", Time since last: 1007513254 ns, Reaching safepoint: 110808 ns, At safepoint: 5775 ns, Total: 116583 ns
[2020-09-11T17:55:44.381+0000][1][safepoint    ] Safepoint "Cleanup", Time since last: 1003320061 ns, Reaching safepoint: 110288 ns, At safepoint: 6236 ns, Total: 116524 ns
[2020-09-11T17:55:45.382+0000][1][safepoint    ] Safepoint "Cleanup", Time since last: 1000111696 ns, Reaching safepoint: 961678 ns, At safepoint: 5716 ns, Total: 967394 ns
[2020-09-11T17:55:46.191+0000][1][gc,start     ] GC(18) Pause Young (Allocation Failure)
[2020-09-11T17:55:46.191+0000][1][gc,task      ] GC(18) Using 1 workers of 1 for evacuation
[2020-09-11T17:55:46.392+0000][1][gc,age       ] GC(18) Desired survivor size 4358144 bytes, new threshold 1 (max threshold 6)
[2020-09-11T17:55:46.393+0000][1][gc,age       ] GC(18) Age table with threshold 1 (max threshold 6)
[2020-09-11T17:55:46.393+0000][1][gc,age       ] GC(18) - age   1:    8608064 bytes,    8608064 total
[2020-09-11T17:55:46.393+0000][1][gc,heap      ] GC(18) ParNew: 76672K->8512K(76672K)
[2020-09-11T17:55:46.393+0000][1][gc,heap      ] GC(18) CMS: 16446K->25173K(439104K)
[2020-09-11T17:55:46.393+0000][1][gc,metaspace ] GC(18) Metaspace: 29838K->29838K(1077248K)
[2020-09-11T17:55:46.393+0000][1][gc           ] GC(18) Pause Young (Allocation Failure) 90M->32M(503M) 201.325ms
[2020-09-11T17:55:46.393+0000][1][gc,cpu       ] GC(18) User=0.05s Sys=0.00s Real=0.20s
[2020-09-11T17:55:46.421+0000][1][safepoint    ] Safepoint "GenCollectForAllocation", Time since last: 809154561 ns, Reaching safepoint: 114244 ns, At safepoint: 229507573 ns, Total: 229621817 ns
[2020-09-11T17:55:47.439+0000][1][safepoint    ] Safepoint "Cleanup", Time since last: 1018386277 ns, Reaching safepoint: 110974 ns, At safepoint: 6173 ns, Total: 117147 ns
[2020-09-11T17:55:48.440+0000][1][safepoint    ] Safepoint "Cleanup", Time since last: 1000119849 ns, Reaching safepoint: 366059 ns, At safepoint: 6017 ns, Total: 372076 ns
[2020-09-11T17:55:50.860+0000][1][gc,start     ] GC(19) Pause Young (Allocation Failure)
[2020-09-11T17:55:50.860+0000][1][gc,task      ] GC(19) Using 1 workers of 1 for evacuation
[2020-09-11T17:55:51.035+0000][1][gc,age       ] GC(19) Desired survivor size 4358144 bytes, new threshold 1 (max threshold 6)
[2020-09-11T17:55:51.035+0000][1][gc,age       ] GC(19) Age table with threshold 1 (max threshold 6)
[2020-09-11T17:55:51.035+0000][1][gc,age       ] GC(19) - age   1:    8185008 bytes,    8185008 total
[2020-09-11T17:55:51.035+0000][1][gc,heap      ] GC(19) ParNew: 76672K->8011K(76672K)
[2020-09-11T17:55:51.035+0000][1][gc,heap      ] GC(19) CMS: 25173K->33072K(439104K)
[2020-09-11T17:55:51.035+0000][1][gc,metaspace ] GC(19) Metaspace: 29882K->29882K(1077248K)
[2020-09-11T17:55:51.035+0000][1][gc           ] GC(19) Pause Young (Allocation Failure) 99M->40M(503M) 175.245ms
[2020-09-11T17:55:51.035+0000][1][gc,cpu       ] GC(19) User=0.05s Sys=0.00s Real=0.18s
[2020-09-11T17:55:51.059+0000][1][safepoint    ] Safepoint "GenCollectForAllocation", Time since last: 2420354840 ns, Reaching safepoint: 95422 ns, At safepoint: 199010535 ns, Total: 199105957 ns
[2020-09-11T17:55:51.795+0000][1][safepoint    ] Safepoint "RevokeBias", Time since last: 735522569 ns, Reaching safepoint: 99805 ns, At safepoint: 29065 ns, Total: 128870 ns
[2020-09-11T17:55:52.629+0000][1][safepoint    ] Safepoint "RevokeBias", Time since last: 833917007 ns, Reaching safepoint: 122333 ns, At safepoint: 42212 ns, Total: 164545 ns
[2020-09-11T17:55:53.630+0000][1][safepoint    ] Safepoint "Cleanup", Time since last: 1000104496 ns, Reaching safepoint: 754001 ns, At safepoint: 8822 ns, Total: 762823 ns
[2020-09-11T17:55:53.852+0000][1][safepoint    ] Safepoint "RevokeBias", Time since last: 222051044 ns, Reaching safepoint: 109457 ns, At safepoint: 34096 ns, Total: 143553 ns
[2020-09-11T17:55:54.865+0000][1][safepoint    ] Safepoint "Cleanup", Time since last: 1012771717 ns, Reaching safepoint: 129717 ns, At safepoint: 5802 ns, Total: 135519 ns
[2020-09-11T17:55:54.975+0000][1][gc,start     ] GC(20) Pause Young (Allocation Failure)
[2020-09-11T17:55:54.975+0000][1][gc,task      ] GC(20) Using 1 workers of 1 for evacuation
[2020-09-11T17:55:55.110+0000][1][gc,age       ] GC(20) Desired survivor size 4358144 bytes, new threshold 1 (max threshold 6)
[2020-09-11T17:55:55.110+0000][1][gc,age       ] GC(20) Age table with threshold 1 (max threshold 6)
[2020-09-11T17:55:55.110+0000][1][gc,age       ] GC(20) - age   1:    4885448 bytes,    4885448 total
[2020-09-11T17:55:55.110+0000][1][gc,heap      ] GC(20) ParNew: 76171K->7997K(76672K)
[2020-09-11T17:55:55.110+0000][1][gc,heap      ] GC(20) CMS: 33072K->40751K(439104K)
[2020-09-11T17:55:55.110+0000][1][gc,metaspace ] GC(20) Metaspace: 32115K->32115K(1079296K)
[2020-09-11T17:55:55.110+0000][1][gc           ] GC(20) Pause Young (Allocation Failure) 106M->47M(503M) 134.502ms
[2020-09-11T17:55:55.110+0000][1][gc,cpu       ] GC(20) User=0.03s Sys=0.00s Real=0.13s
[2020-09-11T17:55:55.143+0000][1][safepoint    ] Safepoint "GenCollectForAllocation", Time since last: 110269470 ns, Reaching safepoint: 104183 ns, At safepoint: 168074897 ns, Total: 168179080 ns
[2020-09-11T17:55:55.611+0000][1][safepoint    ] Safepoint "Deoptimize", Time since last: 466738270 ns, Reaching safepoint: 779324 ns, At safepoint: 250519 ns, Total: 1029843 ns
[2020-09-11T17:55:56.617+0000][1][safepoint    ] Safepoint "Cleanup", Time since last: 1005448946 ns, Reaching safepoint: 126519 ns, At safepoint: 6517 ns, Total: 133036 ns
[2020-09-11T17:55:57.637+0000][1][safepoint    ] Safepoint "Cleanup", Time since last: 1012075390 ns, Reaching safepoint: 8035921 ns, At safepoint: 12955 ns, Total: 8048876 ns
[2020-09-11T17:55:58.649+0000][1][safepoint    ] Safepoint "Cleanup", Time since last: 1007882186 ns, Reaching safepoint: 4067912 ns, At safepoint: 11294 ns, Total: 4079206 ns
[2020-09-11T17:55:59.452+0000][1][safepoint    ] Safepoint "Deoptimize", Time since last: 802930151 ns, Reaching safepoint: 107834 ns, At safepoint: 268833 ns, Total: 376667 ns
[2020-09-11T17:56:00.452+0000][1][safepoint    ] Safepoint "Cleanup", Time since last: 1000135171 ns, Reaching safepoint: 121273 ns, At safepoint: 6752 ns, Total: 128025 ns
[2020-09-11T17:56:00.501+0000][1][gc,start     ] GC(21) Pause Young (Allocation Failure)
[2020-09-11T17:56:00.501+0000][1][gc,task      ] GC(21) Using 1 workers of 1 for evacuation
[2020-09-11T17:56:00.583+0000][1][gc,age       ] GC(21) Desired survivor size 4358144 bytes, new threshold 6 (max threshold 6)
[2020-09-11T17:56:00.583+0000][1][gc,age       ] GC(21) Age table with threshold 6 (max threshold 6)
[2020-09-11T17:56:00.583+0000][1][gc,age       ] GC(21) - age   1:    1026984 bytes,    1026984 total
[2020-09-11T17:56:00.583+0000][1][gc,heap      ] GC(21) ParNew: 76157K->3788K(76672K)
[2020-09-11T17:56:00.583+0000][1][gc,heap      ] GC(21) CMS: 40751K->45448K(439104K)
[2020-09-11T17:56:00.583+0000][1][gc,metaspace ] GC(21) Metaspace: 32417K->32417K(1079296K)
[2020-09-11T17:56:00.583+0000][1][gc           ] GC(21) Pause Young (Allocation Failure) 114M->48M(503M) 82.130ms
[2020-09-11T17:56:00.583+0000][1][gc,cpu       ] GC(21) User=0.02s Sys=0.00s Real=0.08s
[2020-09-11T17:56:00.599+0000][1][safepoint    ] Safepoint "GenCollectForAllocation", Time since last: 48391507 ns, Reaching safepoint: 101757 ns, At safepoint: 97998772 ns, Total: 98100529 ns
[2020-09-11T17:56:01.645+0000][1][safepoint    ] Safepoint "Cleanup", Time since last: 1029425362 ns, Reaching safepoint: 16536650 ns, At safepoint: 17656 ns, Total: 16554306 ns
[2020-09-11T17:56:01.721+0000][1][gc,start     ] GC(22) Pause Young (Allocation Failure)
[2020-09-11T17:56:01.721+0000][1][gc,task      ] GC(22) Using 1 workers of 1 for evacuation
[2020-09-11T17:56:01.723+0000][1][gc,age       ] GC(22) Desired survivor size 4358144 bytes, new threshold 6 (max threshold 6)
[2020-09-11T17:56:01.723+0000][1][gc,age       ] GC(22) Age table with threshold 6 (max threshold 6)
[2020-09-11T17:56:01.723+0000][1][gc,age       ] GC(22) - age   1:     249728 bytes,     249728 total
[2020-09-11T17:56:01.723+0000][1][gc,age       ] GC(22) - age   2:     438008 bytes,     687736 total
[2020-09-11T17:56:01.723+0000][1][gc,heap      ] GC(22) ParNew: 71948K->1197K(76672K)
[2020-09-11T17:56:01.724+0000][1][gc,heap      ] GC(22) CMS: 45448K->45448K(439104K)
[2020-09-11T17:56:01.724+0000][1][gc,metaspace ] GC(22) Metaspace: 32430K->32430K(1079296K)
[2020-09-11T17:56:01.724+0000][1][gc           ] GC(22) Pause Young (Allocation Failure) 114M->45M(503M) 2.627ms
[2020-09-11T17:56:01.724+0000][1][gc,cpu       ] GC(22) User=0.00s Sys=0.00s Real=0.00s
[2020-09-11T17:56:01.733+0000][1][safepoint    ] Safepoint "GenCollectForAllocation", Time since last: 75947778 ns, Reaching safepoint: 103285 ns, At safepoint: 11883409 ns, Total: 11986694 ns
[2020-09-11T17:56:02.577+0000][1][gc,start     ] GC(23) Pause Young (Allocation Failure)
[2020-09-11T17:56:02.577+0000][1][gc,task      ] GC(23) Using 1 workers of 1 for evacuation
[2020-09-11T17:56:02.579+0000][1][gc,age       ] GC(23) Desired survivor size 4358144 bytes, new threshold 6 (max threshold 6)
[2020-09-11T17:56:02.579+0000][1][gc,age       ] GC(23) Age table with threshold 6 (max threshold 6)
[2020-09-11T17:56:02.579+0000][1][gc,age       ] GC(23) - age   1:        224 bytes,        224 total
[2020-09-11T17:56:02.579+0000][1][gc,age       ] GC(23) - age   2:     249432 bytes,     249656 total
[2020-09-11T17:56:02.579+0000][1][gc,age       ] GC(23) - age   3:     438008 bytes,     687664 total
[2020-09-11T17:56:02.580+0000][1][gc,heap      ] GC(23) ParNew: 69357K->1102K(76672K)
[2020-09-11T17:56:02.580+0000][1][gc,heap      ] GC(23) CMS: 45448K->45448K(439104K)
[2020-09-11T17:56:02.580+0000][1][gc,metaspace ] GC(23) Metaspace: 32432K->32432K(1079296K)
[2020-09-11T17:56:02.580+0000][1][gc           ] GC(23) Pause Young (Allocation Failure) 112M->45M(503M) 2.640ms
[2020-09-11T17:56:02.580+0000][1][gc,cpu       ] GC(23) User=0.00s Sys=0.00s Real=0.00s
[2020-09-11T17:56:02.589+0000][1][safepoint    ] Safepoint "GenCollectForAllocation", Time since last: 844007506 ns, Reaching safepoint: 109105 ns, At safepoint: 11689134 ns, Total: 11798239 ns
[2020-09-11T17:56:03.133+0000][1][gc,start     ] GC(24) Pause Young (Allocation Failure)
[2020-09-11T17:56:03.133+0000][1][gc,task      ] GC(24) Using 1 workers of 1 for evacuation
[2020-09-11T17:56:03.135+0000][1][gc,age       ] GC(24) Desired survivor size 4358144 bytes, new threshold 6 (max threshold 6)
[2020-09-11T17:56:03.135+0000][1][gc,age       ] GC(24) Age table with threshold 6 (max threshold 6)
[2020-09-11T17:56:03.135+0000][1][gc,age       ] GC(24) - age   1:         40 bytes,         40 total
[2020-09-11T17:56:03.135+0000][1][gc,age       ] GC(24) - age   3:     249432 bytes,     249472 total
[2020-09-11T17:56:03.135+0000][1][gc,age       ] GC(24) - age   4:     438008 bytes,     687480 total
[2020-09-11T17:56:03.135+0000][1][gc,heap      ] GC(24) ParNew: 69262K->1282K(76672K)
[2020-09-11T17:56:03.136+0000][1][gc,heap      ] GC(24) CMS: 45448K->45448K(439104K)
[2020-09-11T17:56:03.136+0000][1][gc,metaspace ] GC(24) Metaspace: 32434K->32434K(1079296K)
[2020-09-11T17:56:03.136+0000][1][gc           ] GC(24) Pause Young (Allocation Failure) 112M->45M(503M) 2.630ms
[2020-09-11T17:56:03.136+0000][1][gc,cpu       ] GC(24) User=0.00s Sys=0.00s Real=0.00s
[2020-09-11T17:56:03.149+0000][1][safepoint    ] Safepoint "GenCollectForAllocation", Time since last: 544197189 ns, Reaching safepoint: 116991 ns, At safepoint: 15889410 ns, Total: 16006401 ns
[2020-09-11T17:56:03.590+0000][1][gc,start     ] GC(25) Pause Young (Allocation Failure)
[2020-09-11T17:56:03.590+0000][1][gc,task      ] GC(25) Using 1 workers of 1 for evacuation
[2020-09-11T17:56:03.592+0000][1][gc,age       ] GC(25) Desired survivor size 4358144 bytes, new threshold 6 (max threshold 6)
[2020-09-11T17:56:03.592+0000][1][gc,age       ] GC(25) Age table with threshold 6 (max threshold 6)
[2020-09-11T17:56:03.592+0000][1][gc,age       ] GC(25) - age   1:        200 bytes,        200 total
[2020-09-11T17:56:03.592+0000][1][gc,age       ] GC(25) - age   4:     249432 bytes,     249632 total
[2020-09-11T17:56:03.592+0000][1][gc,age       ] GC(25) - age   5:     438008 bytes,     687640 total
[2020-09-11T17:56:03.592+0000][1][gc,heap      ] GC(25) ParNew: 69442K->824K(76672K)
[2020-09-11T17:56:03.592+0000][1][gc,heap      ] GC(25) CMS: 45448K->45448K(439104K)
[2020-09-11T17:56:03.592+0000][1][gc,metaspace ] GC(25) Metaspace: 32434K->32434K(1079296K)
[2020-09-11T17:56:03.592+0000][1][gc           ] GC(25) Pause Young (Allocation Failure) 112M->45M(503M) 2.603ms
[2020-09-11T17:56:03.592+0000][1][gc,cpu       ] GC(25) User=0.00s Sys=0.00s Real=0.00s
[2020-09-11T17:56:03.603+0000][1][safepoint    ] Safepoint "GenCollectForAllocation", Time since last: 440922953 ns, Reaching safepoint: 137122 ns, At safepoint: 13024045 ns, Total: 13161167 ns
[2020-09-11T17:56:04.047+0000][1][gc,start     ] GC(26) Pause Young (Allocation Failure)
[2020-09-11T17:56:04.047+0000][1][gc,task      ] GC(26) Using 1 workers of 1 for evacuation
[2020-09-11T17:56:04.062+0000][1][gc,age       ] GC(26) Desired survivor size 4358144 bytes, new threshold 6 (max threshold 6)
[2020-09-11T17:56:04.062+0000][1][gc,age       ] GC(26) Age table with threshold 6 (max threshold 6)
[2020-09-11T17:56:04.062+0000][1][gc,age       ] GC(26) - age   1:        224 bytes,        224 total
[2020-09-11T17:56:04.062+0000][1][gc,age       ] GC(26) - age   5:     249432 bytes,     249656 total
[2020-09-11T17:56:04.062+0000][1][gc,age       ] GC(26) - age   6:     438008 bytes,     687664 total
[2020-09-11T17:56:04.062+0000][1][gc,heap      ] GC(26) ParNew: 68984K->1213K(76672K)
[2020-09-11T17:56:04.062+0000][1][gc,heap      ] GC(26) CMS: 45448K->45448K(439104K)
[2020-09-11T17:56:04.062+0000][1][gc,metaspace ] GC(26) Metaspace: 32434K->32434K(1079296K)
[2020-09-11T17:56:04.062+0000][1][gc           ] GC(26) Pause Young (Allocation Failure) 111M->45M(503M) 14.982ms
[2020-09-11T17:56:04.062+0000][1][gc,cpu       ] GC(26) User=0.00s Sys=0.00s Real=0.02s
[2020-09-11T17:56:04.072+0000][1][safepoint    ] Safepoint "GenCollectForAllocation", Time since last: 444432300 ns, Reaching safepoint: 98388 ns, At safepoint: 24651682 ns, Total: 24750070 ns
[2020-09-11T17:56:04.233+0000][1][safepoint    ] Safepoint "RevokeBias", Time since last: 160842808 ns, Reaching safepoint: 99082 ns, At safepoint: 34464 ns, Total: 133546 ns
[2020-09-11T17:56:04.414+0000][1][safepoint    ] Safepoint "RevokeBias", Time since last: 179789612 ns, Reaching safepoint: 1095183 ns, At safepoint: 41867 ns, Total: 1137050 ns
[2020-09-11T17:56:04.414+0000][1][safepoint    ] Safepoint "BulkRevokeBias", Time since last: 54473 ns, Reaching safepoint: 83510 ns, At safepoint: 53600 ns, Total: 137110 ns
[2020-09-11T17:56:04.414+0000][1][safepoint    ] Safepoint "RevokeBias", Time since last: 216962 ns, Reaching safepoint: 84415 ns, At safepoint: 26506 ns, Total: 110921 ns
[2020-09-11T17:56:04.637+0000][1][gc,start     ] GC(27) Pause Young (Allocation Failure)
[2020-09-11T17:56:04.637+0000][1][gc,task      ] GC(27) Using 1 workers of 1 for evacuation
[2020-09-11T17:56:04.640+0000][1][gc,age       ] GC(27) Desired survivor size 4358144 bytes, new threshold 6 (max threshold 6)
[2020-09-11T17:56:04.640+0000][1][gc,age       ] GC(27) Age table with threshold 6 (max threshold 6)
[2020-09-11T17:56:04.640+0000][1][gc,age       ] GC(27) - age   1:        456 bytes,        456 total
[2020-09-11T17:56:04.640+0000][1][gc,age       ] GC(27) - age   6:     249432 bytes,     249888 total
[2020-09-11T17:56:04.640+0000][1][gc,heap      ] GC(27) ParNew: 69373K->403K(76672K)
[2020-09-11T17:56:04.640+0000][1][gc,heap      ] GC(27) CMS: 45448K->45876K(439104K)
[2020-09-11T17:56:04.640+0000][1][gc,metaspace ] GC(27) Metaspace: 32435K->32435K(1079296K)
[2020-09-11T17:56:04.640+0000][1][gc           ] GC(27) Pause Young (Allocation Failure) 112M->45M(503M) 2.789ms
[2020-09-11T17:56:04.640+0000][1][gc,cpu       ] GC(27) User=0.01s Sys=0.00s Real=0.00s
[2020-09-11T17:56:04.653+0000][1][safepoint    ] Safepoint "GenCollectForAllocation", Time since last: 222826945 ns, Reaching safepoint: 98641 ns, At safepoint: 15361980 ns, Total: 15460621 ns
[2020-09-11T17:56:05.052+0000][1][gc,start     ] GC(28) Pause Young (Allocation Failure)
[2020-09-11T17:56:05.052+0000][1][gc,task      ] GC(28) Using 1 workers of 1 for evacuation
[2020-09-11T17:56:05.055+0000][1][gc,age       ] GC(28) Desired survivor size 4358144 bytes, new threshold 6 (max threshold 6)
[2020-09-11T17:56:05.055+0000][1][gc,age       ] GC(28) Age table with threshold 6 (max threshold 6)
[2020-09-11T17:56:05.055+0000][1][gc,age       ] GC(28) - age   1:        280 bytes,        280 total
[2020-09-11T17:56:05.055+0000][1][gc,age       ] GC(28) - age   2:        360 bytes,        640 total
[2020-09-11T17:56:05.055+0000][1][gc,heap      ] GC(28) ParNew: 68563K->283K(76672K)
[2020-09-11T17:56:05.055+0000][1][gc,heap      ] GC(28) CMS: 45876K->46120K(439104K)
[2020-09-11T17:56:05.055+0000][1][gc,metaspace ] GC(28) Metaspace: 32435K->32435K(1079296K)
[2020-09-11T17:56:05.055+0000][1][gc           ] GC(28) Pause Young (Allocation Failure) 111M->45M(503M) 2.710ms
[2020-09-11T17:56:05.055+0000][1][gc,cpu       ] GC(28) User=0.00s Sys=0.00s Real=0.01s
[2020-09-11T17:56:05.062+0000][1][safepoint    ] Safepoint "GenCollectForAllocation", Time since last: 399234899 ns, Reaching safepoint: 100951 ns, At safepoint: 10109316 ns, Total: 10210267 ns
[2020-09-11T17:56:05.473+0000][1][gc,start     ] GC(29) Pause Young (Allocation Failure)
[2020-09-11T17:56:05.473+0000][1][gc,task      ] GC(29) Using 1 workers of 1 for evacuation
[2020-09-11T17:56:05.475+0000][1][gc,age       ] GC(29) Desired survivor size 4358144 bytes, new threshold 6 (max threshold 6)
[2020-09-11T17:56:05.475+0000][1][gc,age       ] GC(29) Age table with threshold 6 (max threshold 6)
[2020-09-11T17:56:05.475+0000][1][gc,age       ] GC(29) - age   1:        216 bytes,        216 total
[2020-09-11T17:56:05.475+0000][1][gc,age       ] GC(29) - age   2:         72 bytes,        288 total
[2020-09-11T17:56:05.475+0000][1][gc,age       ] GC(29) - age   3:        360 bytes,        648 total
[2020-09-11T17:56:05.475+0000][1][gc,heap      ] GC(29) ParNew: 68443K->71K(76672K)
[2020-09-11T17:56:05.475+0000][1][gc,heap      ] GC(29) CMS: 46120K->46120K(439104K)
[2020-09-11T17:56:05.475+0000][1][gc,metaspace ] GC(29) Metaspace: 32435K->32435K(1079296K)
[2020-09-11T17:56:05.475+0000][1][gc           ] GC(29) Pause Young (Allocation Failure) 111M->45M(503M) 2.480ms
[2020-09-11T17:56:05.475+0000][1][gc,cpu       ] GC(29) User=0.00s Sys=0.00s Real=0.00s
[2020-09-11T17:56:05.481+0000][1][safepoint    ] Safepoint "GenCollectForAllocation", Time since last: 410585563 ns, Reaching safepoint: 102717 ns, At safepoint: 7881249 ns, Total: 7983966 ns
[2020-09-11T17:56:05.865+0000][1][gc,start     ] GC(30) Pause Young (Allocation Failure)
[2020-09-11T17:56:05.865+0000][1][gc,task      ] GC(30) Using 1 workers of 1 for evacuation
[2020-09-11T17:56:05.867+0000][1][gc,age       ] GC(30) Desired survivor size 4358144 bytes, new threshold 6 (max threshold 6)
[2020-09-11T17:56:05.867+0000][1][gc,age       ] GC(30) Age table with threshold 6 (max threshold 6)
[2020-09-11T17:56:05.867+0000][1][gc,age       ] GC(30) - age   1:         88 bytes,         88 total
[2020-09-11T17:56:05.867+0000][1][gc,age       ] GC(30) - age   3:         72 bytes,        160 total
[2020-09-11T17:56:05.867+0000][1][gc,age       ] GC(30) - age   4:        360 bytes,        520 total
[2020-09-11T17:56:05.867+0000][1][gc,heap      ] GC(30) ParNew: 68231K->17K(76672K)
[2020-09-11T17:56:05.867+0000][1][gc,heap      ] GC(30) CMS: 46120K->46120K(439104K)
[2020-09-11T17:56:05.867+0000][1][gc,metaspace ] GC(30) Metaspace: 32435K->32435K(1079296K)
[2020-09-11T17:56:05.867+0000][1][gc           ] GC(30) Pause Young (Allocation Failure) 111M->45M(503M) 2.449ms
[2020-09-11T17:56:05.867+0000][1][gc,cpu       ] GC(30) User=0.01s Sys=0.00s Real=0.00s
[2020-09-11T17:56:05.877+0000][1][safepoint    ] Safepoint "GenCollectForAllocation", Time since last: 383998933 ns, Reaching safepoint: 99429 ns, At safepoint: 11899242 ns, Total: 11998671 ns
[2020-09-11T17:56:06.222+0000][1][gc,start     ] GC(31) Pause Young (Allocation Failure)
[2020-09-11T17:56:06.222+0000][1][gc,task      ] GC(31) Using 1 workers of 1 for evacuation
[2020-09-11T17:56:06.234+0000][1][gc,age       ] GC(31) Desired survivor size 4358144 bytes, new threshold 6 (max threshold 6)
[2020-09-11T17:56:06.234+0000][1][gc,age       ] GC(31) Age table with threshold 6 (max threshold 6)
[2020-09-11T17:56:06.234+0000][1][gc,age       ] GC(31) - age   1:        208 bytes,        208 total
[2020-09-11T17:56:06.234+0000][1][gc,age       ] GC(31) - age   4:         72 bytes,        280 total
[2020-09-11T17:56:06.234+0000][1][gc,age       ] GC(31) - age   5:        360 bytes,        640 total
[2020-09-11T17:56:06.234+0000][1][gc,heap      ] GC(31) ParNew: 68177K->4K(76672K)
[2020-09-11T17:56:06.234+0000][1][gc,heap      ] GC(31) CMS: 46120K->46120K(439104K)
[2020-09-11T17:56:06.234+0000][1][gc,metaspace ] GC(31) Metaspace: 32435K->32435K(1079296K)
[2020-09-11T17:56:06.234+0000][1][gc           ] GC(31) Pause Young (Allocation Failure) 111M->45M(503M) 11.342ms
[2020-09-11T17:56:06.234+0000][1][gc,cpu       ] GC(31) User=0.01s Sys=0.00s Real=0.01s
[2020-09-11T17:56:06.234+0000][1][safepoint    ] Safepoint "GenCollectForAllocation", Time since last: 345386961 ns, Reaching safepoint: 114629 ns, At safepoint: 11404144 ns, Total: 11518773 ns
[2020-09-11T17:56:06.431+0000][1][gc,start     ] GC(32) Pause Young (Allocation Failure)
[2020-09-11T17:56:06.431+0000][1][gc,task      ] GC(32) Using 1 workers of 1 for evacuation
[2020-09-11T17:56:06.446+0000][1][gc,age       ] GC(32) Desired survivor size 4358144 bytes, new threshold 6 (max threshold 6)
[2020-09-11T17:56:06.446+0000][1][gc,age       ] GC(32) Age table with threshold 6 (max threshold 6)
[2020-09-11T17:56:06.446+0000][1][gc,age       ] GC(32) - age   1:         48 bytes,         48 total
[2020-09-11T17:56:06.446+0000][1][gc,age       ] GC(32) - age   5:         72 bytes,        120 total
[2020-09-11T17:56:06.446+0000][1][gc,age       ] GC(32) - age   6:        360 bytes,        480 total
[2020-09-11T17:56:06.446+0000][1][gc,heap      ] GC(32) ParNew: 68164K->2K(76672K)
[2020-09-11T17:56:06.446+0000][1][gc,heap      ] GC(32) CMS: 46120K->46120K(439104K)
[2020-09-11T17:56:06.446+0000][1][gc,metaspace ] GC(32) Metaspace: 32435K->32435K(1079296K)
[2020-09-11T17:56:06.446+0000][1][gc           ] GC(32) Pause Young (Allocation Failure) 111M->45M(503M) 14.866ms
[2020-09-11T17:56:06.446+0000][1][gc,cpu       ] GC(32) User=0.00s Sys=0.00s Real=0.02s
[2020-09-11T17:56:06.446+0000][1][safepoint    ] Safepoint "GenCollectForAllocation", Time since last: 194886383 ns, Reaching safepoint: 2302619 ns, At safepoint: 14933165 ns, Total: 17235784 ns
[2020-09-11T17:56:06.647+0000][1][gc,start     ] GC(33) Pause Young (Allocation Failure)
[2020-09-11T17:56:06.647+0000][1][gc,task      ] GC(33) Using 1 workers of 1 for evacuation
[2020-09-11T17:56:06.654+0000][1][gc,age       ] GC(33) Desired survivor size 4358144 bytes, new threshold 6 (max threshold 6)
[2020-09-11T17:56:06.654+0000][1][gc,age       ] GC(33) Age table with threshold 6 (max threshold 6)
[2020-09-11T17:56:06.654+0000][1][gc,age       ] GC(33) - age   1:         96 bytes,         96 total
[2020-09-11T17:56:06.654+0000][1][gc,age       ] GC(33) - age   6:         72 bytes,        168 total
[2020-09-11T17:56:06.654+0000][1][gc,heap      ] GC(33) ParNew: 68162K->2K(76672K)
[2020-09-11T17:56:06.654+0000][1][gc,heap      ] GC(33) CMS: 46120K->46120K(439104K)
[2020-09-11T17:56:06.654+0000][1][gc,metaspace ] GC(33) Metaspace: 32435K->32435K(1079296K)
[2020-09-11T17:56:06.654+0000][1][gc           ] GC(33) Pause Young (Allocation Failure) 111M->45M(503M) 7.648ms
[2020-09-11T17:56:06.654+0000][1][gc,cpu       ] GC(33) User=0.00s Sys=0.00s Real=0.01s
[2020-09-11T17:56:06.661+0000][1][safepoint    ] Safepoint "GenCollectForAllocation", Time since last: 196265207 ns, Reaching safepoint: 4686126 ns, At safepoint: 14129382 ns, Total: 18815508 ns
[2020-09-11T17:56:07.669+0000][1][safepoint    ] Safepoint "Cleanup", Time since last: 1007897863 ns, Reaching safepoint: 121167 ns, At safepoint: 6053 ns, Total: 127220 ns
[2020-09-11T17:56:10.677+0000][1][safepoint    ] Safepoint "Cleanup", Time since last: 3007879648 ns, Reaching safepoint: 323401 ns, At safepoint: 5713 ns, Total: 329114 ns
[2020-09-11T17:56:11.548+0000][1][gc,start     ] GC(34) Pause Young (Allocation Failure)
[2020-09-11T17:56:11.548+0000][1][gc,task      ] GC(34) Using 1 workers of 1 for evacuation
[2020-09-11T17:56:11.557+0000][1][gc,age       ] GC(34) Desired survivor size 4358144 bytes, new threshold 6 (max threshold 6)
[2020-09-11T17:56:11.565+0000][1][gc,age       ] GC(34) Age table with threshold 6 (max threshold 6)
[2020-09-11T17:56:11.565+0000][1][gc,age       ] GC(34) - age   1:     243112 bytes,     243112 total
[2020-09-11T17:56:11.565+0000][1][gc,heap      ] GC(34) ParNew: 68162K->239K(76672K)
[2020-09-11T17:56:11.565+0000][1][gc,heap      ] GC(34) CMS: 46120K->46120K(439104K)
[2020-09-11T17:56:11.565+0000][1][gc,metaspace ] GC(34) Metaspace: 32455K->32455K(1079296K)
[2020-09-11T17:56:11.565+0000][1][gc           ] GC(34) Pause Young (Allocation Failure) 111M->45M(503M) 17.149ms
[2020-09-11T17:56:11.565+0000][1][gc,cpu       ] GC(34) User=0.00s Sys=0.00s Real=0.02s
[2020-09-11T17:56:11.578+0000][1][safepoint    ] Safepoint "GenCollectForAllocation", Time since last: 867644700 ns, Reaching safepoint: 2953487 ns, At safepoint: 30042595 ns, Total: 32996082 ns
[2020-09-11T17:56:13.734+0000][1][gc,start     ] GC(35) Pause Young (Allocation Failure)
[2020-09-11T17:56:13.734+0000][1][gc,task      ] GC(35) Using 1 workers of 1 for evacuation
[2020-09-11T17:56:13.749+0000][1][gc,age       ] GC(35) Desired survivor size 4358144 bytes, new threshold 6 (max threshold 6)
[2020-09-11T17:56:13.749+0000][1][gc,age       ] GC(35) Age table with threshold 6 (max threshold 6)
[2020-09-11T17:56:13.749+0000][1][gc,age       ] GC(35) - age   1:     512152 bytes,     512152 total
[2020-09-11T17:56:13.749+0000][1][gc,age       ] GC(35) - age   2:     150640 bytes,     662792 total
[2020-09-11T17:56:13.749+0000][1][gc,heap      ] GC(35) ParNew: 68399K->669K(76672K)
[2020-09-11T17:56:13.749+0000][1][gc,heap      ] GC(35) CMS: 46120K->46120K(439104K)
[2020-09-11T17:56:13.749+0000][1][gc,metaspace ] GC(35) Metaspace: 32455K->32455K(1079296K)
[2020-09-11T17:56:13.749+0000][1][gc           ] GC(35) Pause Young (Allocation Failure) 111M->45M(503M) 14.806ms
[2020-09-11T17:56:13.749+0000][1][gc,cpu       ] GC(35) User=0.00s Sys=0.00s Real=0.01s
[2020-09-11T17:56:13.749+0000][1][safepoint    ] Safepoint "GenCollectForAllocation", Time since last: 2156307932 ns, Reaching safepoint: 102004 ns, At safepoint: 14867622 ns, Total: 14969626 ns
[2020-09-11T17:56:15.121+0000][1][gc,start     ] GC(36) Pause Young (Allocation Failure)
[2020-09-11T17:56:15.121+0000][1][gc,task      ] GC(36) Using 1 workers of 1 for evacuation
[2020-09-11T17:56:15.130+0000][1][gc,age       ] GC(36) Desired survivor size 4358144 bytes, new threshold 6 (max threshold 6)
[2020-09-11T17:56:15.130+0000][1][gc,age       ] GC(36) Age table with threshold 6 (max threshold 6)
[2020-09-11T17:56:15.130+0000][1][gc,age       ] GC(36) - age   1:     675736 bytes,     675736 total
[2020-09-11T17:56:15.130+0000][1][gc,age       ] GC(36) - age   2:     340160 bytes,    1015896 total
[2020-09-11T17:56:15.130+0000][1][gc,age       ] GC(36) - age   3:     150056 bytes,    1165952 total
[2020-09-11T17:56:15.130+0000][1][gc,heap      ] GC(36) ParNew: 68829K->1179K(76672K)
[2020-09-11T17:56:15.130+0000][1][gc,heap      ] GC(36) CMS: 46120K->46120K(439104K)
[2020-09-11T17:56:15.130+0000][1][gc,metaspace ] GC(36) Metaspace: 32456K->32456K(1079296K)
[2020-09-11T17:56:15.130+0000][1][gc           ] GC(36) Pause Young (Allocation Failure) 112M->46M(503M) 9.060ms
[2020-09-11T17:56:15.130+0000][1][gc,cpu       ] GC(36) User=0.00s Sys=0.00s Real=0.00s
[2020-09-11T17:56:15.145+0000][1][safepoint    ] Safepoint "GenCollectForAllocation", Time since last: 1371733096 ns, Reaching safepoint: 99042 ns, At safepoint: 23897241 ns, Total: 23996283 ns
[2020-09-11T17:56:16.153+0000][1][safepoint    ] Safepoint "Cleanup", Time since last: 1003997173 ns, Reaching safepoint: 4029117 ns, At safepoint: 9685 ns, Total: 4038802 ns
[2020-09-11T17:56:16.199+0000][1][gc,start     ] GC(37) Pause Young (Allocation Failure)
[2020-09-11T17:56:16.199+0000][1][gc,task      ] GC(37) Using 1 workers of 1 for evacuation
[2020-09-11T17:56:16.210+0000][1][gc,age       ] GC(37) Desired survivor size 4358144 bytes, new threshold 6 (max threshold 6)
[2020-09-11T17:56:16.210+0000][1][gc,age       ] GC(37) Age table with threshold 6 (max threshold 6)
[2020-09-11T17:56:16.210+0000][1][gc,age       ] GC(37) - age   1:     621352 bytes,     621352 total
[2020-09-11T17:56:16.210+0000][1][gc,age       ] GC(37) - age   2:     334528 bytes,     955880 total
[2020-09-11T17:56:16.210+0000][1][gc,age       ] GC(37) - age   3:     340056 bytes,    1295936 total
[2020-09-11T17:56:16.210+0000][1][gc,age       ] GC(37) - age   4:     149672 bytes,    1445608 total
[2020-09-11T17:56:16.210+0000][1][gc,heap      ] GC(37) ParNew: 69339K->1432K(76672K)
[2020-09-11T17:56:16.210+0000][1][gc,heap      ] GC(37) CMS: 46120K->46120K(439104K)
[2020-09-11T17:56:16.210+0000][1][gc,metaspace ] GC(37) Metaspace: 32457K->32457K(1079296K)
[2020-09-11T17:56:16.210+0000][1][gc           ] GC(37) Pause Young (Allocation Failure) 112M->46M(503M) 11.085ms
[2020-09-11T17:56:16.210+0000][1][gc,cpu       ] GC(37) User=0.01s Sys=0.00s Real=0.01s
[2020-09-11T17:56:16.221+0000][1][safepoint    ] Safepoint "GenCollectForAllocation", Time since last: 45816622 ns, Reaching safepoint: 95282 ns, At safepoint: 22082383 ns, Total: 22177665 ns
[2020-09-11T17:56:17.225+0000][1][safepoint    ] Safepoint "Cleanup", Time since last: 1003854227 ns, Reaching safepoint: 143415 ns, At safepoint: 6517 ns, Total: 149932 ns
[2020-09-11T17:56:17.269+0000][1][gc,start     ] GC(38) Pause Young (Allocation Failure)
[2020-09-11T17:56:17.269+0000][1][gc,task      ] GC(38) Using 1 workers of 1 for evacuation
[2020-09-11T17:56:17.272+0000][1][gc,age       ] GC(38) Desired survivor size 4358144 bytes, new threshold 6 (max threshold 6)
[2020-09-11T17:56:17.272+0000][1][gc,age       ] GC(38) Age table with threshold 6 (max threshold 6)
[2020-09-11T17:56:17.272+0000][1][gc,age       ] GC(38) - age   1:     935176 bytes,     935176 total
[2020-09-11T17:56:17.272+0000][1][gc,age       ] GC(38) - age   2:     264432 bytes,    1199608 total
[2020-09-11T17:56:17.272+0000][1][gc,age       ] GC(38) - age   3:     330368 bytes,    1529976 total
[2020-09-11T17:56:17.272+0000][1][gc,age       ] GC(38) - age   4:     339976 bytes,    1869952 total
[2020-09-11T17:56:17.272+0000][1][gc,age       ] GC(38) - age   5:     149568 bytes,    2019520 total
[2020-09-11T17:56:17.272+0000][1][gc,heap      ] GC(38) ParNew: 69592K->1977K(76672K)
[2020-09-11T17:56:17.272+0000][1][gc,heap      ] GC(38) CMS: 46120K->46120K(439104K)
[2020-09-11T17:56:17.272+0000][1][gc,metaspace ] GC(38) Metaspace: 32457K->32457K(1079296K)
[2020-09-11T17:56:17.273+0000][1][gc           ] GC(38) Pause Young (Allocation Failure) 113M->46M(503M) 3.733ms
[2020-09-11T17:56:17.273+0000][1][gc,cpu       ] GC(38) User=0.01s Sys=0.00s Real=0.00s
[2020-09-11T17:56:17.285+0000][1][safepoint    ] Safepoint "GenCollectForAllocation", Time since last: 39992559 ns, Reaching safepoint: 3996015 ns, At safepoint: 15982443 ns, Total: 19978458 ns
[2020-09-11T17:56:17.786+0000][1][gc,start     ] GC(39) Pause Young (Allocation Failure)
[2020-09-11T17:56:17.786+0000][1][gc,task      ] GC(39) Using 1 workers of 1 for evacuation
[2020-09-11T17:56:17.800+0000][1][gc,age       ] GC(39) Desired survivor size 4358144 bytes, new threshold 6 (max threshold 6)
[2020-09-11T17:56:17.800+0000][1][gc,age       ] GC(39) Age table with threshold 6 (max threshold 6)
[2020-09-11T17:56:17.800+0000][1][gc,age       ] GC(39) - age   1:     311624 bytes,     311624 total
[2020-09-11T17:56:17.800+0000][1][gc,age       ] GC(39) - age   2:     923120 bytes,    1234744 total
[2020-09-11T17:56:17.800+0000][1][gc,age       ] GC(39) - age   3:     263464 bytes,    1498208 total
[2020-09-11T17:56:17.800+0000][1][gc,age       ] GC(39) - age   4:     329760 bytes,    1827968 total
[2020-09-11T17:56:17.800+0000][1][gc,age       ] GC(39) - age   5:     339640 bytes,    2167608 total
[2020-09-11T17:56:17.800+0000][1][gc,age       ] GC(39) - age   6:     149528 bytes,    2317136 total
[2020-09-11T17:56:17.800+0000][1][gc,heap      ] GC(39) ParNew: 70137K->2314K(76672K)
[2020-09-11T17:56:17.800+0000][1][gc,heap      ] GC(39) CMS: 46120K->46120K(439104K)
[2020-09-11T17:56:17.800+0000][1][gc,metaspace ] GC(39) Metaspace: 32457K->32457K(1079296K)
[2020-09-11T17:56:17.800+0000][1][gc           ] GC(39) Pause Young (Allocation Failure) 113M->47M(503M) 13.566ms
[2020-09-11T17:56:17.800+0000][1][gc,cpu       ] GC(39) User=0.01s Sys=0.00s Real=0.01s
[2020-09-11T17:56:17.800+0000][1][safepoint    ] Safepoint "GenCollectForAllocation", Time since last: 499997369 ns, Reaching safepoint: 1360411 ns, At safepoint: 13627819 ns, Total: 14988230 ns
[2020-09-11T17:56:18.738+0000][1][gc,start     ] GC(40) Pause Young (Allocation Failure)
[2020-09-11T17:56:18.738+0000][1][gc,task      ] GC(40) Using 1 workers of 1 for evacuation
[2020-09-11T17:56:18.741+0000][1][gc,age       ] GC(40) Desired survivor size 4358144 bytes, new threshold 6 (max threshold 6)
[2020-09-11T17:56:18.741+0000][1][gc,age       ] GC(40) Age table with threshold 6 (max threshold 6)
[2020-09-11T17:56:18.741+0000][1][gc,age       ] GC(40) - age   1:     381088 bytes,     381088 total
[2020-09-11T17:56:18.741+0000][1][gc,age       ] GC(40) - age   2:     300800 bytes,     681888 total
[2020-09-11T17:56:18.749+0000][1][gc,age       ] GC(40) - age   3:     922552 bytes,    1604440 total
[2020-09-11T17:56:18.749+0000][1][gc,age       ] GC(40) - age   4:     263232 bytes,    1867672 total
[2020-09-11T17:56:18.749+0000][1][gc,age       ] GC(40) - age   5:     329640 bytes,    2197312 total
[2020-09-11T17:56:18.749+0000][1][gc,age       ] GC(40) - age   6:     339640 bytes,    2536952 total
[2020-09-11T17:56:18.749+0000][1][gc,heap      ] GC(40) ParNew: 70474K->2510K(76672K)
[2020-09-11T17:56:18.749+0000][1][gc,heap      ] GC(40) CMS: 46120K->46263K(439104K)
[2020-09-11T17:56:18.749+0000][1][gc,metaspace ] GC(40) Metaspace: 32458K->32458K(1079296K)
[2020-09-11T17:56:18.749+0000][1][gc           ] GC(40) Pause Young (Allocation Failure) 113M->47M(503M) 11.287ms
[2020-09-11T17:56:18.749+0000][1][gc,cpu       ] GC(40) User=0.00s Sys=0.00s Real=0.01s
[2020-09-11T17:56:18.750+0000][1][safepoint    ] Safepoint "GenCollectForAllocation", Time since last: 937721382 ns, Reaching safepoint: 117395 ns, At safepoint: 12457017 ns, Total: 12574412 ns
[2020-09-11T17:56:18.977+0000][1][gc,start     ] GC(41) Pause Young (Allocation Failure)
[2020-09-11T17:56:18.977+0000][1][gc,task      ] GC(41) Using 1 workers of 1 for evacuation
[2020-09-11T17:56:18.980+0000][1][gc,age       ] GC(41) Desired survivor size 4358144 bytes, new threshold 6 (max threshold 6)
[2020-09-11T17:56:18.980+0000][1][gc,age       ] GC(41) Age table with threshold 6 (max threshold 6)
[2020-09-11T17:56:18.980+0000][1][gc,age       ] GC(41) - age   1:        288 bytes,        288 total
[2020-09-11T17:56:18.980+0000][1][gc,age       ] GC(41) - age   2:     380848 bytes,     381136 total
[2020-09-11T17:56:18.980+0000][1][gc,age       ] GC(41) - age   3:     300800 bytes,     681936 total
[2020-09-11T17:56:18.980+0000][1][gc,age       ] GC(41) - age   4:     922552 bytes,    1604488 total
[2020-09-11T17:56:18.980+0000][1][gc,age       ] GC(41) - age   5:     263232 bytes,    1867720 total
[2020-09-11T17:56:18.980+0000][1][gc,age       ] GC(41) - age   6:     329640 bytes,    2197360 total
[2020-09-11T17:56:18.980+0000][1][gc,heap      ] GC(41) ParNew: 70670K->2156K(76672K)
[2020-09-11T17:56:18.980+0000][1][gc,heap      ] GC(41) CMS: 46263K->46595K(439104K)
[2020-09-11T17:56:18.980+0000][1][gc,metaspace ] GC(41) Metaspace: 32458K->32458K(1079296K)
[2020-09-11T17:56:18.980+0000][1][gc           ] GC(41) Pause Young (Allocation Failure) 114M->47M(503M) 3.160ms
[2020-09-11T17:56:18.980+0000][1][gc,cpu       ] GC(41) User=0.01s Sys=0.00s Real=0.00s
[2020-09-11T17:56:18.989+0000][1][safepoint    ] Safepoint "GenCollectForAllocation", Time since last: 225147943 ns, Reaching safepoint: 1573977 ns, At safepoint: 12007088 ns, Total: 13581065 ns
[2020-09-11T17:56:19.197+0000][1][gc,start     ] GC(42) Pause Young (Allocation Failure)
[2020-09-11T17:56:19.197+0000][1][gc,task      ] GC(42) Using 1 workers of 1 for evacuation
[2020-09-11T17:56:19.200+0000][1][gc,age       ] GC(42) Desired survivor size 4358144 bytes, new threshold 6 (max threshold 6)
[2020-09-11T17:56:19.200+0000][1][gc,age       ] GC(42) Age table with threshold 6 (max threshold 6)
[2020-09-11T17:56:19.200+0000][1][gc,age       ] GC(42) - age   1:         80 bytes,         80 total
[2020-09-11T17:56:19.200+0000][1][gc,age       ] GC(42) - age   2:        160 bytes,        240 total
[2020-09-11T17:56:19.200+0000][1][gc,age       ] GC(42) - age   3:     380848 bytes,     381088 total
[2020-09-11T17:56:19.200+0000][1][gc,age       ] GC(42) - age   4:     300800 bytes,     681888 total
[2020-09-11T17:56:19.200+0000][1][gc,age       ] GC(42) - age   5:     922552 bytes,    1604440 total
[2020-09-11T17:56:19.200+0000][1][gc,age       ] GC(42) - age   6:     263232 bytes,    1867672 total
[2020-09-11T17:56:19.200+0000][1][gc,heap      ] GC(42) ParNew: 70316K->1839K(76672K)
[2020-09-11T17:56:19.200+0000][1][gc,heap      ] GC(42) CMS: 46595K->46917K(439104K)
[2020-09-11T17:56:19.200+0000][1][gc,metaspace ] GC(42) Metaspace: 32458K->32458K(1079296K)
[2020-09-11T17:56:19.200+0000][1][gc           ] GC(42) Pause Young (Allocation Failure) 114M->47M(503M) 3.002ms
[2020-09-11T17:56:19.200+0000][1][gc,cpu       ] GC(42) User=0.00s Sys=0.00s Real=0.00s
[2020-09-11T17:56:19.209+0000][1][safepoint    ] Safepoint "GenCollectForAllocation", Time since last: 204643252 ns, Reaching safepoint: 3353409 ns, At safepoint: 12019624 ns, Total: 15373033 ns
[2020-09-11T17:56:19.425+0000][1][gc,start     ] GC(43) Pause Young (Allocation Failure)
[2020-09-11T17:56:19.425+0000][1][gc,task      ] GC(43) Using 1 workers of 1 for evacuation
[2020-09-11T17:56:19.428+0000][1][gc,age       ] GC(43) Desired survivor size 4358144 bytes, new threshold 6 (max threshold 6)
[2020-09-11T17:56:19.428+0000][1][gc,age       ] GC(43) Age table with threshold 6 (max threshold 6)
[2020-09-11T17:56:19.428+0000][1][gc,age       ] GC(43) - age   1:         24 bytes,         24 total
[2020-09-11T17:56:19.428+0000][1][gc,age       ] GC(43) - age   3:        160 bytes,        184 total
[2020-09-11T17:56:19.428+0000][1][gc,age       ] GC(43) - age   4:     380848 bytes,     381032 total
[2020-09-11T17:56:19.428+0000][1][gc,age       ] GC(43) - age   5:     300800 bytes,     681832 total
[2020-09-11T17:56:19.428+0000][1][gc,age       ] GC(43) - age   6:     922552 bytes,    1604384 total
[2020-09-11T17:56:19.428+0000][1][gc,heap      ] GC(43) ParNew: 69999K->1699K(76672K)
[2020-09-11T17:56:19.428+0000][1][gc,heap      ] GC(43) CMS: 46917K->47174K(439104K)
[2020-09-11T17:56:19.428+0000][1][gc,metaspace ] GC(43) Metaspace: 32458K->32458K(1079296K)
[2020-09-11T17:56:19.428+0000][1][gc           ] GC(43) Pause Young (Allocation Failure) 114M->47M(503M) 2.898ms
[2020-09-11T17:56:19.428+0000][1][gc,cpu       ] GC(43) User=0.00s Sys=0.00s Real=0.00s
[2020-09-11T17:56:19.437+0000][1][safepoint    ] Safepoint "GenCollectForAllocation", Time since last: 212924316 ns, Reaching safepoint: 3084473 ns, At safepoint: 11999787 ns, Total: 15084260 ns
[2020-09-11T17:56:19.700+0000][1][gc,start     ] GC(44) Pause Young (Allocation Failure)
[2020-09-11T17:56:19.700+0000][1][gc,task      ] GC(44) Using 1 workers of 1 for evacuation
[2020-09-11T17:56:19.703+0000][1][gc,age       ] GC(44) Desired survivor size 4358144 bytes, new threshold 6 (max threshold 6)
[2020-09-11T17:56:19.703+0000][1][gc,age       ] GC(44) Age table with threshold 6 (max threshold 6)
[2020-09-11T17:56:19.703+0000][1][gc,age       ] GC(44) - age   1:        528 bytes,        528 total
[2020-09-11T17:56:19.703+0000][1][gc,age       ] GC(44) - age   4:        160 bytes,        688 total
[2020-09-11T17:56:19.703+0000][1][gc,age       ] GC(44) - age   5:     380848 bytes,     381536 total
[2020-09-11T17:56:19.703+0000][1][gc,age       ] GC(44) - age   6:     300800 bytes,     682336 total
[2020-09-11T17:56:19.703+0000][1][gc,heap      ] GC(44) ParNew: 69859K->756K(76672K)
[2020-09-11T17:56:19.703+0000][1][gc,heap      ] GC(44) CMS: 47174K->48075K(439104K)
[2020-09-11T17:56:19.703+0000][1][gc,metaspace ] GC(44) Metaspace: 32458K->32458K(1079296K)
[2020-09-11T17:56:19.703+0000][1][gc           ] GC(44) Pause Young (Allocation Failure) 114M->47M(503M) 2.831ms
[2020-09-11T17:56:19.703+0000][1][gc,cpu       ] GC(44) User=0.00s Sys=0.00s Real=0.01s
[2020-09-11T17:56:19.713+0000][1][safepoint    ] Safepoint "GenCollectForAllocation", Time since last: 261924104 ns, Reaching safepoint: 1276314 ns, At safepoint: 12770333 ns, Total: 14046647 ns
[2020-09-11T17:56:19.921+0000][1][gc,start     ] GC(45) Pause Young (Allocation Failure)
[2020-09-11T17:56:19.921+0000][1][gc,task      ] GC(45) Using 1 workers of 1 for evacuation
[2020-09-11T17:56:19.924+0000][1][gc,age       ] GC(45) Desired survivor size 4358144 bytes, new threshold 6 (max threshold 6)
[2020-09-11T17:56:19.924+0000][1][gc,age       ] GC(45) Age table with threshold 6 (max threshold 6)
[2020-09-11T17:56:19.924+0000][1][gc,age       ] GC(45) - age   1:        224 bytes,        224 total
[2020-09-11T17:56:19.924+0000][1][gc,age       ] GC(45) - age   2:        296 bytes,        520 total
[2020-09-11T17:56:19.924+0000][1][gc,age       ] GC(45) - age   5:        160 bytes,        680 total
[2020-09-11T17:56:19.924+0000][1][gc,age       ] GC(45) - age   6:     380848 bytes,     381528 total
[2020-09-11T17:56:19.924+0000][1][gc,heap      ] GC(45) ParNew: 68916K->688K(76672K)
[2020-09-11T17:56:19.924+0000][1][gc,heap      ] GC(45) CMS: 48075K->48369K(439104K)
[2020-09-11T17:56:19.924+0000][1][gc,metaspace ] GC(45) Metaspace: 32458K->32458K(1079296K)
[2020-09-11T17:56:19.924+0000][1][gc           ] GC(45) Pause Young (Allocation Failure) 114M->47M(503M) 3.246ms
[2020-09-11T17:56:19.924+0000][1][gc,cpu       ] GC(45) User=0.00s Sys=0.00s Real=0.00s
[2020-09-11T17:56:19.933+0000][1][safepoint    ] Safepoint "GenCollectForAllocation", Time since last: 203712340 ns, Reaching safepoint: 4286053 ns, At safepoint: 12407215 ns, Total: 16693268 ns
[2020-09-11T17:56:20.202+0000][1][gc,start     ] GC(46) Pause Young (Allocation Failure)
[2020-09-11T17:56:20.202+0000][1][gc,task      ] GC(46) Using 1 workers of 1 for evacuation
[2020-09-11T17:56:20.204+0000][1][gc,age       ] GC(46) Desired survivor size 4358144 bytes, new threshold 6 (max threshold 6)
[2020-09-11T17:56:20.204+0000][1][gc,age       ] GC(46) Age table with threshold 6 (max threshold 6)
[2020-09-11T17:56:20.204+0000][1][gc,age       ] GC(46) - age   1:         88 bytes,         88 total
[2020-09-11T17:56:20.204+0000][1][gc,age       ] GC(46) - age   3:        296 bytes,        384 total
[2020-09-11T17:56:20.204+0000][1][gc,age       ] GC(46) - age   6:        160 bytes,        544 total
[2020-09-11T17:56:20.204+0000][1][gc,heap      ] GC(46) ParNew: 68848K->311K(76672K)
[2020-09-11T17:56:20.204+0000][1][gc,heap      ] GC(46) CMS: 48369K->48741K(439104K)
[2020-09-11T17:56:20.204+0000][1][gc,metaspace ] GC(46) Metaspace: 32458K->32458K(1079296K)
[2020-09-11T17:56:20.204+0000][1][gc           ] GC(46) Pause Young (Allocation Failure) 114M->47M(503M) 2.586ms
[2020-09-11T17:56:20.204+0000][1][gc,cpu       ] GC(46) User=0.00s Sys=0.00s Real=0.00s
[2020-09-11T17:56:20.221+0000][1][safepoint    ] Safepoint "GenCollectForAllocation", Time since last: 268241311 ns, Reaching safepoint: 92388 ns, At safepoint: 19256284 ns, Total: 19348672 ns
[2020-09-11T17:56:20.505+0000][1][gc,start     ] GC(47) Pause Young (Allocation Failure)
[2020-09-11T17:56:20.505+0000][1][gc,task      ] GC(47) Using 1 workers of 1 for evacuation
[2020-09-11T17:56:20.507+0000][1][gc,age       ] GC(47) Desired survivor size 4358144 bytes, new threshold 6 (max threshold 6)
[2020-09-11T17:56:20.507+0000][1][gc,age       ] GC(47) Age table with threshold 6 (max threshold 6)
[2020-09-11T17:56:20.507+0000][1][gc,age       ] GC(47) - age   1:         56 bytes,         56 total
[2020-09-11T17:56:20.507+0000][1][gc,age       ] GC(47) - age   4:        296 bytes,        352 total
[2020-09-11T17:56:20.507+0000][1][gc,heap      ] GC(47) ParNew: 68471K->78K(76672K)
[2020-09-11T17:56:20.507+0000][1][gc,heap      ] GC(47) CMS: 48741K->48741K(439104K)
[2020-09-11T17:56:20.507+0000][1][gc,metaspace ] GC(47) Metaspace: 32458K->32458K(1079296K)
[2020-09-11T17:56:20.507+0000][1][gc           ] GC(47) Pause Young (Allocation Failure) 114M->47M(503M) 2.358ms
[2020-09-11T17:56:20.507+0000][1][gc,cpu       ] GC(47) User=0.00s Sys=0.00s Real=0.00s
[2020-09-11T17:56:20.513+0000][1][safepoint    ] Safepoint "GenCollectForAllocation", Time since last: 279995142 ns, Reaching safepoint: 4026968 ns, At safepoint: 7974616 ns, Total: 12001584 ns
[2020-09-11T17:56:20.725+0000][1][gc,start     ] GC(48) Pause Young (Allocation Failure)
[2020-09-11T17:56:20.725+0000][1][gc,task      ] GC(48) Using 1 workers of 1 for evacuation
[2020-09-11T17:56:20.727+0000][1][gc,age       ] GC(48) Desired survivor size 4358144 bytes, new threshold 6 (max threshold 6)
[2020-09-11T17:56:20.727+0000][1][gc,age       ] GC(48) Age table with threshold 6 (max threshold 6)
[2020-09-11T17:56:20.727+0000][1][gc,age       ] GC(48) - age   1:         24 bytes,         24 total
[2020-09-11T17:56:20.727+0000][1][gc,age       ] GC(48) - age   5:        296 bytes,        320 total
[2020-09-11T17:56:20.727+0000][1][gc,heap      ] GC(48) ParNew: 68238K->19K(76672K)
[2020-09-11T17:56:20.727+0000][1][gc,heap      ] GC(48) CMS: 48741K->48741K(439104K)
[2020-09-11T17:56:20.727+0000][1][gc,metaspace ] GC(48) Metaspace: 32458K->32458K(1079296K)
[2020-09-11T17:56:20.727+0000][1][gc           ] GC(48) Pause Young (Allocation Failure) 114M->47M(503M) 2.339ms
[2020-09-11T17:56:20.727+0000][1][gc,cpu       ] GC(48) User=0.00s Sys=0.00s Real=0.00s
[2020-09-11T17:56:20.733+0000][1][safepoint    ] Safepoint "GenCollectForAllocation", Time since last: 209588489 ns, Reaching safepoint: 2426566 ns, At safepoint: 7999464 ns, Total: 10426030 ns
[2020-09-11T17:56:20.948+0000][1][gc,start     ] GC(49) Pause Young (Allocation Failure)
[2020-09-11T17:56:20.949+0000][1][gc,task      ] GC(49) Using 1 workers of 1 for evacuation
[2020-09-11T17:56:20.951+0000][1][gc,age       ] GC(49) Desired survivor size 4358144 bytes, new threshold 6 (max threshold 6)
[2020-09-11T17:56:20.951+0000][1][gc,age       ] GC(49) Age table with threshold 6 (max threshold 6)
[2020-09-11T17:56:20.951+0000][1][gc,age       ] GC(49) - age   1:        192 bytes,        192 total
[2020-09-11T17:56:20.951+0000][1][gc,age       ] GC(49) - age   6:        296 bytes,        488 total
[2020-09-11T17:56:20.951+0000][1][gc,heap      ] GC(49) ParNew: 68179K->4K(76672K)
[2020-09-11T17:56:20.951+0000][1][gc,heap      ] GC(49) CMS: 48741K->48741K(439104K)
[2020-09-11T17:56:20.951+0000][1][gc,metaspace ] GC(49) Metaspace: 32458K->32458K(1079296K)
[2020-09-11T17:56:20.951+0000][1][gc           ] GC(49) Pause Young (Allocation Failure) 114M->47M(503M) 2.380ms
[2020-09-11T17:56:20.951+0000][1][gc,cpu       ] GC(49) User=0.00s Sys=0.00s Real=0.00s
[2020-09-11T17:56:20.951+0000][1][safepoint    ] Safepoint "GenCollectForAllocation", Time since last: 212002714 ns, Reaching safepoint: 3665282 ns, At safepoint: 2442679 ns, Total: 6107961 ns
[2020-09-11T17:56:21.953+0000][1][safepoint    ] Safepoint "Cleanup", Time since last: 1001869413 ns, Reaching safepoint: 250778 ns, At safepoint: 6221 ns, Total: 256999 ns
[2020-09-11T17:56:23.961+0000][1][safepoint    ] Safepoint "Cleanup", Time since last: 2007829524 ns, Reaching safepoint: 104942 ns, At safepoint: 6112 ns, Total: 111054 ns
[2020-09-11T17:56:24.392+0000][1][gc,start     ] GC(50) Pause Young (Allocation Failure)
[2020-09-11T17:56:24.393+0000][1][gc,task      ] GC(50) Using 1 workers of 1 for evacuation
[2020-09-11T17:56:24.399+0000][1][gc,age       ] GC(50) Desired survivor size 4358144 bytes, new threshold 6 (max threshold 6)
[2020-09-11T17:56:24.399+0000][1][gc,age       ] GC(50) Age table with threshold 6 (max threshold 6)
[2020-09-11T17:56:24.399+0000][1][gc,age       ] GC(50) - age   1:     133608 bytes,     133608 total
[2020-09-11T17:56:24.399+0000][1][gc,heap      ] GC(50) ParNew: 68164K->131K(76672K)
[2020-09-11T17:56:24.399+0000][1][gc,heap      ] GC(50) CMS: 48741K->48742K(439104K)
[2020-09-11T17:56:24.399+0000][1][gc,metaspace ] GC(50) Metaspace: 32460K->32460K(1079296K)
[2020-09-11T17:56:24.399+0000][1][gc           ] GC(50) Pause Young (Allocation Failure) 114M->47M(503M) 6.601ms
[2020-09-11T17:56:24.399+0000][1][gc,cpu       ] GC(50) User=0.00s Sys=0.00s Real=0.01s
[2020-09-11T17:56:24.401+0000][1][safepoint    ] Safepoint "GenCollectForAllocation", Time since last: 431373724 ns, Reaching safepoint: 123036 ns, At safepoint: 8344958 ns, Total: 8467994 ns
[2020-09-11T17:56:25.329+0000][1][gc,start     ] GC(51) Pause Young (Allocation Failure)
[2020-09-11T17:56:25.329+0000][1][gc,task      ] GC(51) Using 1 workers of 1 for evacuation
[2020-09-11T17:56:25.331+0000][1][gc,age       ] GC(51) Desired survivor size 4358144 bytes, new threshold 6 (max threshold 6)
[2020-09-11T17:56:25.331+0000][1][gc,age       ] GC(51) Age table with threshold 6 (max threshold 6)
[2020-09-11T17:56:25.331+0000][1][gc,age       ] GC(51) - age   1:     511536 bytes,     511536 total
[2020-09-11T17:56:25.331+0000][1][gc,age       ] GC(51) - age   2:      83680 bytes,     595216 total
[2020-09-11T17:56:25.331+0000][1][gc,heap      ] GC(51) ParNew: 68291K->603K(76672K)
[2020-09-11T17:56:25.331+0000][1][gc,heap      ] GC(51) CMS: 48742K->48742K(439104K)
[2020-09-11T17:56:25.331+0000][1][gc,metaspace ] GC(51) Metaspace: 32460K->32460K(1079296K)
[2020-09-11T17:56:25.331+0000][1][gc           ] GC(51) Pause Young (Allocation Failure) 114M->48M(503M) 2.580ms
[2020-09-11T17:56:25.331+0000][1][gc,cpu       ] GC(51) User=0.00s Sys=0.00s Real=0.00s
[2020-09-11T17:56:25.333+0000][1][safepoint    ] Safepoint "GenCollectForAllocation", Time since last: 927981846 ns, Reaching safepoint: 103304 ns, At safepoint: 3883712 ns, Total: 3987016 ns
[2020-09-11T17:56:26.305+0000][1][gc,start     ] GC(52) Pause Young (Allocation Failure)
[2020-09-11T17:56:26.305+0000][1][gc,task      ] GC(52) Using 1 workers of 1 for evacuation
[2020-09-11T17:56:26.308+0000][1][gc,age       ] GC(52) Desired survivor size 4358144 bytes, new threshold 6 (max threshold 6)
[2020-09-11T17:56:26.308+0000][1][gc,age       ] GC(52) Age table with threshold 6 (max threshold 6)
[2020-09-11T17:56:26.308+0000][1][gc,age       ] GC(52) - age   1:     676968 bytes,     676968 total
[2020-09-11T17:56:26.308+0000][1][gc,age       ] GC(52) - age   2:     340304 bytes,    1017272 total
[2020-09-11T17:56:26.308+0000][1][gc,age       ] GC(52) - age   3:      82904 bytes,    1100176 total
[2020-09-11T17:56:26.308+0000][1][gc,heap      ] GC(52) ParNew: 68763K->1103K(76672K)
[2020-09-11T17:56:26.308+0000][1][gc,heap      ] GC(52) CMS: 48742K->48742K(439104K)
[2020-09-11T17:56:26.308+0000][1][gc,metaspace ] GC(52) Metaspace: 32460K->32460K(1079296K)
[2020-09-11T17:56:26.308+0000][1][gc           ] GC(52) Pause Young (Allocation Failure) 114M->48M(503M) 2.686ms
[2020-09-11T17:56:26.308+0000][1][gc,cpu       ] GC(52) User=0.00s Sys=0.00s Real=0.00s
[2020-09-11T17:56:26.317+0000][1][safepoint    ] Safepoint "GenCollectForAllocation", Time since last: 972031071 ns, Reaching safepoint: 131554 ns, At safepoint: 11931148 ns, Total: 12062702 ns
[2020-09-11T17:56:26.805+0000][1][gc,start     ] GC(53) Pause Young (Allocation Failure)
[2020-09-11T17:56:26.805+0000][1][gc,task      ] GC(53) Using 1 workers of 1 for evacuation
[2020-09-11T17:56:26.807+0000][1][gc,age       ] GC(53) Desired survivor size 4358144 bytes, new threshold 6 (max threshold 6)
[2020-09-11T17:56:26.807+0000][1][gc,age       ] GC(53) Age table with threshold 6 (max threshold 6)
[2020-09-11T17:56:26.808+0000][1][gc,age       ] GC(53) - age   1:     315456 bytes,     315456 total
[2020-09-11T17:56:26.808+0000][1][gc,age       ] GC(53) - age   2:     661000 bytes,     976456 total
[2020-09-11T17:56:26.808+0000][1][gc,age       ] GC(53) - age   3:     339816 bytes,    1316272 total
[2020-09-11T17:56:26.808+0000][1][gc,age       ] GC(53) - age   4:      82240 bytes,    1398512 total
[2020-09-11T17:56:26.808+0000][1][gc,heap      ] GC(53) ParNew: 69263K->1375K(76672K)
[2020-09-11T17:56:26.808+0000][1][gc,heap      ] GC(53) CMS: 48742K->48742K(439104K)
[2020-09-11T17:56:26.808+0000][1][gc,metaspace ] GC(53) Metaspace: 32460K->32460K(1079296K)
[2020-09-11T17:56:26.808+0000][1][gc           ] GC(53) Pause Young (Allocation Failure) 115M->48M(503M) 2.779ms
[2020-09-11T17:56:26.808+0000][1][gc,cpu       ] GC(53) User=0.00s Sys=0.00s Real=0.00s
[2020-09-11T17:56:26.809+0000][1][safepoint    ] Safepoint "GenCollectForAllocation", Time since last: 484645196 ns, Reaching safepoint: 3271103 ns, At safepoint: 4019203 ns, Total: 7290306 ns
[2020-09-11T17:56:27.347+0000][1][gc,start     ] GC(54) Pause Young (Allocation Failure)
[2020-09-11T17:56:27.347+0000][1][gc,task      ] GC(54) Using 1 workers of 1 for evacuation
[2020-09-11T17:56:27.352+0000][1][gc,age       ] GC(54) Desired survivor size 4358144 bytes, new threshold 6 (max threshold 6)
[2020-09-11T17:56:27.352+0000][1][gc,age       ] GC(54) Age table with threshold 6 (max threshold 6)
[2020-09-11T17:56:27.352+0000][1][gc,age       ] GC(54) - age   1:     931160 bytes,     931160 total
[2020-09-11T17:56:27.352+0000][1][gc,age       ] GC(54) - age   2:     302384 bytes,    1233544 total
[2020-09-11T17:56:27.352+0000][1][gc,age       ] GC(54) - age   3:     332416 bytes,    1565960 total
[2020-09-11T17:56:27.352+0000][1][gc,age       ] GC(54) - age   4:     339816 bytes,    1905776 total
[2020-09-11T17:56:27.352+0000][1][gc,age       ] GC(54) - age   5:      82104 bytes,    1987880 total
[2020-09-11T17:56:27.352+0000][1][gc,heap      ] GC(54) ParNew: 69535K->1944K(76672K)
[2020-09-11T17:56:27.352+0000][1][gc,heap      ] GC(54) CMS: 48742K->48742K(439104K)
[2020-09-11T17:56:27.352+0000][1][gc,metaspace ] GC(54) Metaspace: 32460K->32460K(1079296K)
[2020-09-11T17:56:27.352+0000][1][gc           ] GC(54) Pause Young (Allocation Failure) 115M->49M(503M) 5.240ms
[2020-09-11T17:56:27.352+0000][1][gc,cpu       ] GC(54) User=0.00s Sys=0.00s Real=0.00s
[2020-09-11T17:56:27.352+0000][1][safepoint    ] Safepoint "GenCollectForAllocation", Time since last: 538058407 ns, Reaching safepoint: 124622 ns, At safepoint: 5299807 ns, Total: 5424429 ns
[2020-09-11T17:56:27.749+0000][1][gc,start     ] GC(55) Pause Young (Allocation Failure)
[2020-09-11T17:56:27.749+0000][1][gc,task      ] GC(55) Using 1 workers of 1 for evacuation
[2020-09-11T17:56:27.752+0000][1][gc,age       ] GC(55) Desired survivor size 4358144 bytes, new threshold 6 (max threshold 6)
[2020-09-11T17:56:27.752+0000][1][gc,age       ] GC(55) Age table with threshold 6 (max threshold 6)
[2020-09-11T17:56:27.752+0000][1][gc,age       ] GC(55) - age   1:     347008 bytes,     347008 total
[2020-09-11T17:56:27.752+0000][1][gc,age       ] GC(55) - age   2:     919208 bytes,    1266216 total
[2020-09-11T17:56:27.752+0000][1][gc,age       ] GC(55) - age   3:     298416 bytes,    1564632 total
[2020-09-11T17:56:27.752+0000][1][gc,age       ] GC(55) - age   4:     331856 bytes,    1896488 total
[2020-09-11T17:56:27.752+0000][1][gc,age       ] GC(55) - age   5:     339688 bytes,    2236176 total
[2020-09-11T17:56:27.752+0000][1][gc,age       ] GC(55) - age   6:      82056 bytes,    2318232 total
[2020-09-11T17:56:27.752+0000][1][gc,heap      ] GC(55) ParNew: 70104K->2277K(76672K)
[2020-09-11T17:56:27.752+0000][1][gc,heap      ] GC(55) CMS: 48742K->48742K(439104K)
[2020-09-11T17:56:27.752+0000][1][gc,metaspace ] GC(55) Metaspace: 32460K->32460K(1079296K)
[2020-09-11T17:56:27.752+0000][1][gc           ] GC(55) Pause Young (Allocation Failure) 116M->49M(503M) 3.128ms
[2020-09-11T17:56:27.752+0000][1][gc,cpu       ] GC(55) User=0.00s Sys=0.00s Real=0.00s
[2020-09-11T17:56:27.763+0000][1][safepoint    ] Safepoint "GenCollectForAllocation", Time since last: 392577953 ns, Reaching safepoint: 3945667 ns, At safepoint: 13713676 ns, Total: 17659343 ns
[2020-09-11T17:56:27.963+0000][1][safepoint    ] Safepoint "RevokeBias", Time since last: 198268560 ns, Reaching safepoint: 2033771 ns, At safepoint: 10566 ns, Total: 2044337 ns
[2020-09-11T17:56:28.701+0000][1][safepoint    ] Safepoint "RevokeBias", Time since last: 737975701 ns, Reaching safepoint: 108971 ns, At safepoint: 30064 ns, Total: 139035 ns
[2020-09-11T17:56:29.041+0000][1][safepoint    ] Safepoint "Deoptimize", Time since last: 339892531 ns, Reaching safepoint: 121859 ns, At safepoint: 325316 ns, Total: 447175 ns
[2020-09-11T17:56:29.241+0000][1][safepoint    ] Safepoint "ICBufferFull", Time since last: 195496425 ns, Reaching safepoint: 4096601 ns, At safepoint: 9520 ns, Total: 4106121 ns
[2020-09-11T17:56:29.633+0000][1][safepoint    ] Safepoint "CollectForMetadataAllocation", Time since last: 389552112 ns, Reaching safepoint: 2377939 ns, At safepoint: 132655 ns, Total: 2510594 ns
[2020-09-11T17:56:29.753+0000][1][safepoint    ] Safepoint "CollectForMetadataAllocation", Time since last: 117175068 ns, Reaching safepoint: 2792161 ns, At safepoint: 131960 ns, Total: 2924121 ns
[2020-09-11T17:56:29.768+0000][1][gc,start     ] GC(56) Pause Initial Mark
[2020-09-11T17:56:29.853+0000][1][gc           ] GC(56) Pause Initial Mark 111M->111M(503M) 85.326ms
[2020-09-11T17:56:29.853+0000][1][gc,cpu       ] GC(56) User=0.02s Sys=0.00s Real=0.09s
[2020-09-11T17:56:29.868+0000][1][safepoint    ] Safepoint "CMS_Initial_Mark", Time since last: 14556548 ns, Reaching safepoint: 108790 ns, At safepoint: 99986408 ns, Total: 100095198 ns
[2020-09-11T17:56:29.868+0000][1][gc           ] GC(56) Concurrent Mark
[2020-09-11T17:56:30.074+0000][1][safepoint    ] Safepoint "CollectForMetadataAllocation", Time since last: 206324615 ns, Reaching safepoint: 62034 ns, At safepoint: 97698 ns, Total: 159732 ns
[2020-09-11T17:56:30.173+0000][1][safepoint    ] Safepoint "CollectForMetadataAllocation", Time since last: 98585207 ns, Reaching safepoint: 46838 ns, At safepoint: 130289 ns, Total: 177127 ns
[2020-09-11T17:56:30.315+0000][1][gc           ] GC(56) Concurrent Mark 447.466ms
[2020-09-11T17:56:30.315+0000][1][gc,cpu       ] GC(56) User=0.11s Sys=0.01s Real=0.45s
[2020-09-11T17:56:30.315+0000][1][gc           ] GC(56) Concurrent Preclean
[2020-09-11T17:56:30.317+0000][1][gc           ] GC(56) Concurrent Preclean 1.409ms
[2020-09-11T17:56:30.317+0000][1][gc,cpu       ] GC(56) User=0.00s Sys=0.00s Real=0.00s
[2020-09-11T17:56:30.347+0000][1][gc           ] GC(56) Concurrent Abortable Preclean
[2020-09-11T17:56:30.353+0000][1][safepoint    ] Safepoint "CollectForMetadataAllocation", Time since last: 179822266 ns, Reaching safepoint: 107577 ns, At safepoint: 139259 ns, Total: 246836 ns
[2020-09-11T17:56:30.506+0000][1][gc,start     ] GC(57) Pause Young (Allocation Failure)
[2020-09-11T17:56:30.506+0000][1][gc,task      ] GC(57) Using 1 workers of 1 for evacuation
[2020-09-11T17:56:30.542+0000][1][gc,age       ] GC(57) Desired survivor size 4358144 bytes, new threshold 6 (max threshold 6)
[2020-09-11T17:56:30.542+0000][1][gc,age       ] GC(57) Age table with threshold 6 (max threshold 6)
[2020-09-11T17:56:30.542+0000][1][gc,age       ] GC(57) - age   1:    1289464 bytes,    1289464 total
[2020-09-11T17:56:30.542+0000][1][gc,age       ] GC(57) - age   2:     334328 bytes,    1623792 total
[2020-09-11T17:56:30.542+0000][1][gc,age       ] GC(57) - age   3:     918584 bytes,    2542376 total
[2020-09-11T17:56:30.542+0000][1][gc,age       ] GC(57) - age   4:     297792 bytes,    2840168 total
[2020-09-11T17:56:30.542+0000][1][gc,age       ] GC(57) - age   5:     331448 bytes,    3171616 total
[2020-09-11T17:56:30.542+0000][1][gc,age       ] GC(57) - age   6:     339688 bytes,    3511304 total
[2020-09-11T17:56:30.542+0000][1][gc,heap      ] GC(57) ParNew: 70437K->3517K(76672K)
[2020-09-11T17:56:30.542+0000][1][gc,heap      ] GC(57) CMS: 48742K->48819K(439104K)
[2020-09-11T17:56:30.542+0000][1][gc,metaspace ] GC(57) Metaspace: 36056K->36056K(1083392K)
[2020-09-11T17:56:30.542+0000][1][gc           ] GC(57) Pause Young (Allocation Failure) 116M->51M(503M) 35.729ms
[2020-09-11T17:56:30.542+0000][1][gc,cpu       ] GC(57) User=0.01s Sys=0.00s Real=0.04s
[2020-09-11T17:56:30.597+0000][1][safepoint    ] Safepoint "GenCollectForAllocation", Time since last: 153181384 ns, Reaching safepoint: 99117 ns, At safepoint: 90450539 ns, Total: 90549656 ns
[2020-09-11T17:56:30.673+0000][1][safepoint    ] Safepoint "CollectForMetadataAllocation", Time since last: 76259500 ns, Reaching safepoint: 47828 ns, At safepoint: 104656 ns, Total: 152484 ns
[2020-09-11T17:56:31.441+0000][1][gc           ] GC(56) Concurrent Abortable Preclean 1093.867ms
[2020-09-11T17:56:31.441+0000][1][gc,cpu       ] GC(56) User=0.28s Sys=0.00s Real=1.10s
[2020-09-11T17:56:31.441+0000][1][gc,start     ] GC(56) Pause Remark
[2020-09-11T17:56:31.595+0000][1][gc           ] GC(56) Pause Remark 96M->96M(503M) 154.484ms
[2020-09-11T17:56:31.596+0000][1][gc,cpu       ] GC(56) User=0.03s Sys=0.00s Real=0.15s
[2020-09-11T17:56:31.617+0000][1][safepoint    ] Safepoint "CMS_Final_Remark", Time since last: 767673934 ns, Reaching safepoint: 117311 ns, At safepoint: 175811429 ns, Total: 175928740 ns
[2020-09-11T17:56:31.617+0000][1][gc           ] GC(56) Concurrent Sweep
[2020-09-11T17:56:31.744+0000][1][gc           ] GC(56) Concurrent Sweep 127.199ms
[2020-09-11T17:56:31.744+0000][1][gc,cpu       ] GC(56) User=0.03s Sys=0.00s Real=0.13s
[2020-09-11T17:56:31.744+0000][1][gc           ] GC(56) Concurrent Reset
[2020-09-11T17:56:31.745+0000][1][gc           ] GC(56) Concurrent Reset 0.609ms
[2020-09-11T17:56:31.805+0000][1][gc,cpu       ] GC(56) User=0.02s Sys=0.00s Real=0.06s
[2020-09-11T17:56:31.805+0000][1][gc,heap      ] GC(56) Old: 48742K->47764K(439104K)
[2020-09-11T17:56:31.807+0000][1][gc,start     ] GC(58) Pause Young (Allocation Failure)
[2020-09-11T17:56:31.807+0000][1][gc,task      ] GC(58) Using 1 workers of 1 for evacuation
[2020-09-11T17:56:31.834+0000][1][gc,age       ] GC(58) Desired survivor size 4358144 bytes, new threshold 6 (max threshold 6)
[2020-09-11T17:56:31.834+0000][1][gc,age       ] GC(58) Age table with threshold 6 (max threshold 6)
[2020-09-11T17:56:31.834+0000][1][gc,age       ] GC(58) - age   1:     255208 bytes,     255208 total
[2020-09-11T17:56:31.834+0000][1][gc,age       ] GC(58) - age   2:    1262128 bytes,    1517336 total
[2020-09-11T17:56:31.834+0000][1][gc,age       ] GC(58) - age   3:     334328 bytes,    1851664 total
[2020-09-11T17:56:31.834+0000][1][gc,age       ] GC(58) - age   4:     918584 bytes,    2770248 total
[2020-09-11T17:56:31.834+0000][1][gc,age       ] GC(58) - age   5:     297792 bytes,    3068040 total
[2020-09-11T17:56:31.834+0000][1][gc,age       ] GC(58) - age   6:     331280 bytes,    3399320 total
[2020-09-11T17:56:31.834+0000][1][gc,heap      ] GC(58) ParNew: 71677K->3878K(76672K)
[2020-09-11T17:56:31.834+0000][1][gc,heap      ] GC(58) CMS: 47764K->48095K(439104K)
[2020-09-11T17:56:31.834+0000][1][gc,metaspace ] GC(58) Metaspace: 36240K->36240K(1083392K)
[2020-09-11T17:56:31.834+0000][1][gc           ] GC(58) Pause Young (Allocation Failure) 116M->50M(503M) 27.214ms
[2020-09-11T17:56:31.834+0000][1][gc,cpu       ] GC(58) User=0.00s Sys=0.00s Real=0.03s
[2020-09-11T17:56:31.863+0000][1][safepoint    ] Safepoint "GenCollectForAllocation", Time since last: 189753326 ns, Reaching safepoint: 363457 ns, At safepoint: 56123688 ns, Total: 56487145 ns
[2020-09-11T17:56:32.015+0000][1][safepoint    ] Safepoint "RevokeBias", Time since last: 151854884 ns, Reaching safepoint: 103798 ns, At safepoint: 8146 ns, Total: 111944 ns
[2020-09-11T17:56:33.021+0000][1][safepoint    ] Safepoint "Cleanup", Time since last: 1005788961 ns, Reaching safepoint: 133567 ns, At safepoint: 6863 ns, Total: 140430 ns
[2020-09-11T17:56:33.421+0000][1][safepoint    ] Safepoint "RevokeBias", Time since last: 399887355 ns, Reaching safepoint: 118279 ns, At safepoint: 41555 ns, Total: 159834 ns
[2020-09-11T17:56:34.425+0000][1][safepoint    ] Safepoint "Cleanup", Time since last: 1003838732 ns, Reaching safepoint: 467673 ns, At safepoint: 4964 ns, Total: 472637 ns
[2020-09-11T17:56:35.429+0000][1][safepoint    ] Safepoint "Cleanup", Time since last: 1003510817 ns, Reaching safepoint: 460082 ns, At safepoint: 5759 ns, Total: 465841 ns
[2020-09-11T17:56:36.005+0000][1][gc,start     ] GC(59) Pause Young (Allocation Failure)
[2020-09-11T17:56:36.005+0000][1][gc,task      ] GC(59) Using 1 workers of 1 for evacuation
[2020-09-11T17:56:36.091+0000][1][gc,age       ] GC(59) Desired survivor size 4358144 bytes, new threshold 4 (max threshold 6)
[2020-09-11T17:56:36.091+0000][1][gc,age       ] GC(59) Age table with threshold 4 (max threshold 6)
[2020-09-11T17:56:36.091+0000][1][gc,age       ] GC(59) - age   1:    2610848 bytes,    2610848 total
[2020-09-11T17:56:36.091+0000][1][gc,age       ] GC(59) - age   2:     211088 bytes,    2821936 total
[2020-09-11T17:56:36.091+0000][1][gc,age       ] GC(59) - age   3:    1257992 bytes,    4079928 total
[2020-09-11T17:56:36.091+0000][1][gc,age       ] GC(59) - age   4:     334328 bytes,    4414256 total
[2020-09-11T17:56:36.091+0000][1][gc,age       ] GC(59) - age   5:     918584 bytes,    5332840 total
[2020-09-11T17:56:36.091+0000][1][gc,age       ] GC(59) - age   6:     297792 bytes,    5630632 total
[2020-09-11T17:56:36.091+0000][1][gc,heap      ] GC(59) ParNew: 72038K->8196K(76672K)
[2020-09-11T17:56:36.091+0000][1][gc,heap      ] GC(59) CMS: 48095K->48419K(439104K)
[2020-09-11T17:56:36.091+0000][1][gc,metaspace ] GC(59) Metaspace: 41749K->41749K(1087488K)
[2020-09-11T17:56:36.091+0000][1][gc           ] GC(59) Pause Young (Allocation Failure) 117M->55M(503M) 86.257ms
[2020-09-11T17:56:36.091+0000][1][gc,cpu       ] GC(59) User=0.03s Sys=0.00s Real=0.08s
[2020-09-11T17:56:36.112+0000][1][safepoint    ] Safepoint "GenCollectForAllocation", Time since last: 575767380 ns, Reaching safepoint: 103440 ns, At safepoint: 107106846 ns, Total: 107210286 ns
[2020-09-11T17:56:37.134+0000][1][safepoint    ] Safepoint "Cleanup", Time since last: 1016670684 ns, Reaching safepoint: 5599398 ns, At safepoint: 9267 ns, Total: 5608665 ns
[2020-09-11T17:56:37.401+0000][1][safepoint    ] Safepoint "RevokeBias", Time since last: 262275119 ns, Reaching safepoint: 4047425 ns, At safepoint: 52056 ns, Total: 4099481 ns
[2020-09-11T17:56:38.419+0000][1][safepoint    ] Safepoint "Cleanup", Time since last: 1011911483 ns, Reaching safepoint: 6676075 ns, At safepoint: 8601 ns, Total: 6684676 ns
[2020-09-11T17:56:39.420+0000][1][safepoint    ] Safepoint "Cleanup", Time since last: 1000109462 ns, Reaching safepoint: 129976 ns, At safepoint: 6732 ns, Total: 136708 ns
[2020-09-11T17:56:40.442+0000][1][safepoint    ] Safepoint "Cleanup", Time since last: 1000151895 ns, Reaching safepoint: 22004262 ns, At safepoint: 9240 ns, Total: 22013502 ns
[2020-09-11T17:56:43.449+0000][1][safepoint    ] Safepoint "Cleanup", Time since last: 3006984481 ns, Reaching safepoint: 108569 ns, At safepoint: 6052 ns, Total: 114621 ns
[2020-09-11T17:56:43.457+0000][1][safepoint    ] Safepoint "RevokeBias", Time since last: 8171380 ns, Reaching safepoint: 100844 ns, At safepoint: 38574 ns, Total: 139418 ns
[2020-09-11T17:56:43.458+0000][1][safepoint    ] Safepoint "RevokeBias", Time since last: 106390 ns, Reaching safepoint: 84647 ns, At safepoint: 28485 ns, Total: 113132 ns
[2020-09-11T17:56:43.458+0000][1][safepoint    ] Safepoint "RevokeBias", Time since last: 38719 ns, Reaching safepoint: 81203 ns, At safepoint: 26341 ns, Total: 107544 ns
[2020-09-11T17:56:43.458+0000][1][safepoint    ] Safepoint "RevokeBias", Time since last: 30589 ns, Reaching safepoint: 80495 ns, At safepoint: 25782 ns, Total: 106277 ns
[2020-09-11T17:56:43.458+0000][1][safepoint    ] Safepoint "RevokeBias", Time since last: 30879 ns, Reaching safepoint: 80330 ns, At safepoint: 26017 ns, Total: 106347 ns
[2020-09-11T17:56:43.458+0000][1][safepoint    ] Safepoint "RevokeBias", Time since last: 30032 ns, Reaching safepoint: 80550 ns, At safepoint: 25632 ns, Total: 106182 ns
[2020-09-11T17:56:43.458+0000][1][safepoint    ] Safepoint "RevokeBias", Time since last: 29726 ns, Reaching safepoint: 81019 ns, At safepoint: 25773 ns, Total: 106792 ns
[2020-09-11T17:56:43.458+0000][1][safepoint    ] Safepoint "RevokeBias", Time since last: 32753 ns, Reaching safepoint: 80777 ns, At safepoint: 25803 ns, Total: 106580 ns
[2020-09-11T17:56:43.458+0000][1][safepoint    ] Safepoint "RevokeBias", Time since last: 29574 ns, Reaching safepoint: 79916 ns, At safepoint: 25702 ns, Total: 105618 ns
[2020-09-11T17:56:43.459+0000][1][safepoint    ] Safepoint "RevokeBias", Time since last: 28607 ns, Reaching safepoint: 80662 ns, At safepoint: 25883 ns, Total: 106545 ns
[2020-09-11T17:56:43.465+0000][1][safepoint    ] Safepoint "RevokeBias", Time since last: 6195814 ns, Reaching safepoint: 103735 ns, At safepoint: 37101 ns, Total: 140836 ns
[2020-09-11T17:56:43.465+0000][1][safepoint    ] Safepoint "RevokeBias", Time since last: 54028 ns, Reaching safepoint: 80854 ns, At safepoint: 26981 ns, Total: 107835 ns
[2020-09-11T17:56:43.465+0000][1][safepoint    ] Safepoint "RevokeBias", Time since last: 29570 ns, Reaching safepoint: 79521 ns, At safepoint: 24912 ns, Total: 104433 ns
[2020-09-11T17:56:43.465+0000][1][safepoint    ] Safepoint "RevokeBias", Time since last: 71619 ns, Reaching safepoint: 82496 ns, At safepoint: 24685 ns, Total: 107181 ns
[2020-09-11T17:56:43.466+0000][1][safepoint    ] Safepoint "RevokeBias", Time since last: 40015 ns, Reaching safepoint: 82182 ns, At safepoint: 25004 ns, Total: 107186 ns
[2020-09-11T17:56:43.466+0000][1][safepoint    ] Safepoint "RevokeBias", Time since last: 82720 ns, Reaching safepoint: 82696 ns, At safepoint: 27394 ns, Total: 110090 ns
[2020-09-11T17:56:44.683+0000][1][safepoint    ] Safepoint "Cleanup", Time since last: 1197853827 ns, Reaching safepoint: 19267416 ns, At safepoint: 12510 ns, Total: 19279926 ns
[2020-09-11T17:56:45.693+0000][1][safepoint    ] Safepoint "Cleanup", Time since last: 1009877605 ns, Reaching safepoint: 143543 ns, At safepoint: 7150 ns, Total: 150693 ns
[2020-09-11T17:56:46.701+0000][1][safepoint    ] Safepoint "Cleanup", Time since last: 1007846208 ns, Reaching safepoint: 150843 ns, At safepoint: 7286 ns, Total: 158129 ns
[2020-09-11T17:56:46.734+0000][1][gc,start     ] GC(60) Pause Young (Allocation Failure)
[2020-09-11T17:56:46.734+0000][1][gc,task      ] GC(60) Using 1 workers of 1 for evacuation
[2020-09-11T17:56:46.893+0000][1][gc,age       ] GC(60) Desired survivor size 4358144 bytes, new threshold 2 (max threshold 6)
[2020-09-11T17:56:46.893+0000][1][gc,age       ] GC(60) Age table with threshold 2 (max threshold 6)
[2020-09-11T17:56:46.893+0000][1][gc,age       ] GC(60) - age   1:    2732952 bytes,    2732952 total
[2020-09-11T17:56:46.893+0000][1][gc,age       ] GC(60) - age   2:    2545632 bytes,    5278584 total
[2020-09-11T17:56:46.893+0000][1][gc,age       ] GC(60) - age   3:     210992 bytes,    5489576 total
[2020-09-11T17:56:46.893+0000][1][gc,age       ] GC(60) - age   4:    1256432 bytes,    6746008 total
[2020-09-11T17:56:46.893+0000][1][gc,heap      ] GC(60) ParNew: 76356K->8512K(76672K)
[2020-09-11T17:56:46.893+0000][1][gc,heap      ] GC(60) CMS: 48419K->49933K(439104K)
[2020-09-11T17:56:46.893+0000][1][gc,metaspace ] GC(60) Metaspace: 47509K->47509K(1093632K)
[2020-09-11T17:56:46.893+0000][1][gc           ] GC(60) Pause Young (Allocation Failure) 121M->57M(503M) 159.345ms
[2020-09-11T17:56:46.893+0000][1][gc,cpu       ] GC(60) User=0.04s Sys=0.00s Real=0.16s
[2020-09-11T17:56:46.893+0000][1][safepoint    ] Safepoint "GenCollectForAllocation", Time since last: 32878594 ns, Reaching safepoint: 102168 ns, At safepoint: 159423861 ns, Total: 159526029 ns
[2020-09-11T17:56:46.953+0000][1][safepoint    ] Safepoint "RevokeBias", Time since last: 59670580 ns, Reaching safepoint: 103227 ns, At safepoint: 13999 ns, Total: 117226 ns
[2020-09-11T17:56:46.953+0000][1][safepoint    ] Safepoint "RevokeBias", Time since last: 58888 ns, Reaching safepoint: 9400 ns, At safepoint: 7759 ns, Total: 17159 ns
[2020-09-11T17:56:46.953+0000][1][safepoint    ] Safepoint "RevokeBias", Time since last: 25520 ns, Reaching safepoint: 8036 ns, At safepoint: 6854 ns, Total: 14890 ns
[2020-09-11T17:56:46.953+0000][1][safepoint    ] Safepoint "RevokeBias", Time since last: 24124 ns, Reaching safepoint: 7804 ns, At safepoint: 6703 ns, Total: 14507 ns
[2020-09-11T17:56:46.953+0000][1][safepoint    ] Safepoint "RevokeBias", Time since last: 29652 ns, Reaching safepoint: 7809 ns, At safepoint: 6754 ns, Total: 14563 ns
[2020-09-11T17:56:46.953+0000][1][safepoint    ] Safepoint "RevokeBias", Time since last: 25961 ns, Reaching safepoint: 7729 ns, At safepoint: 6633 ns, Total: 14362 ns
[2020-09-11T17:56:46.953+0000][1][safepoint    ] Safepoint "RevokeBias", Time since last: 25397 ns, Reaching safepoint: 7720 ns, At safepoint: 6733 ns, Total: 14453 ns
[2020-09-11T17:56:46.953+0000][1][safepoint    ] Safepoint "RevokeBias", Time since last: 25417 ns, Reaching safepoint: 7716 ns, At safepoint: 6751 ns, Total: 14467 ns
[2020-09-11T17:56:47.422+0000][1][safepoint    ] Safepoint "RevokeBias", Time since last: 468865408 ns, Reaching safepoint: 125042 ns, At safepoint: 39652 ns, Total: 164694 ns
[2020-09-11T17:56:47.435+0000][1][safepoint    ] Safepoint "RevokeBias", Time since last: 12419593 ns, Reaching safepoint: 110946 ns, At safepoint: 47325 ns, Total: 158271 ns
[2020-09-11T17:56:47.437+0000][1][safepoint    ] Safepoint "RevokeBias", Time since last: 1725793 ns, Reaching safepoint: 82402 ns, At safepoint: 25581 ns, Total: 107983 ns
[2020-09-11T17:56:47.465+0000][1][safepoint    ] Safepoint "RevokeBias", Time since last: 27925200 ns, Reaching safepoint: 124604 ns, At safepoint: 61368 ns, Total: 185972 ns
[2020-09-11T17:56:47.609+0000][1][safepoint    ] Safepoint "RevokeBias", Time since last: 143810894 ns, Reaching safepoint: 127784 ns, At safepoint: 59174 ns, Total: 186958 ns
[2020-09-11T17:56:47.819+0000][1][safepoint    ] Safepoint "RevokeBias", Time since last: 210007985 ns, Reaching safepoint: 121842 ns, At safepoint: 38983 ns, Total: 160825 ns
[2020-09-11T17:56:48.682+0000][1][safepoint    ] Safepoint "RevokeBias", Time since last: 861782933 ns, Reaching safepoint: 712441 ns, At safepoint: 41082 ns, Total: 753523 ns
[2020-09-11T17:56:48.693+0000][1][safepoint    ] Safepoint "RevokeBias", Time since last: 11152773 ns, Reaching safepoint: 253183 ns, At safepoint: 28178 ns, Total: 281361 ns
[2020-09-11T17:56:48.693+0000][1][safepoint    ] Safepoint "RevokeBias", Time since last: 90114 ns, Reaching safepoint: 81092 ns, At safepoint: 16961 ns, Total: 98053 ns
[2020-09-11T17:56:49.013+0000][1][safepoint    ] Safepoint "RevokeBias", Time since last: 319602365 ns, Reaching safepoint: 112906 ns, At safepoint: 33102 ns, Total: 146008 ns
[2020-09-11T17:56:49.014+0000][1][safepoint    ] Safepoint "RevokeBias", Time since last: 583837 ns, Reaching safepoint: 87047 ns, At safepoint: 24311 ns, Total: 111358 ns
[2020-09-11T17:56:49.014+0000][1][safepoint    ] Safepoint "RevokeBias", Time since last: 99439 ns, Reaching safepoint: 81795 ns, At safepoint: 20722 ns, Total: 102517 ns
[2020-09-11T17:56:49.014+0000][1][safepoint    ] Safepoint "RevokeBias", Time since last: 402750 ns, Reaching safepoint: 84322 ns, At safepoint: 22100 ns, Total: 106422 ns
[2020-09-11T17:56:49.015+0000][1][safepoint    ] Safepoint "RevokeBias", Time since last: 686218 ns, Reaching safepoint: 85998 ns, At safepoint: 26418 ns, Total: 112416 ns
[2020-09-11T17:56:49.025+0000][1][safepoint    ] Safepoint "RevokeBias", Time since last: 9510381 ns, Reaching safepoint: 117659 ns, At safepoint: 47909 ns, Total: 165568 ns
[2020-09-11T17:56:49.026+0000][1][safepoint    ] Safepoint "RevokeBias", Time since last: 1063939 ns, Reaching safepoint: 92541 ns, At safepoint: 27245 ns, Total: 119786 ns
[2020-09-11T17:56:49.026+0000][1][safepoint    ] Safepoint "RevokeBias", Time since last: 66736 ns, Reaching safepoint: 81874 ns, At safepoint: 20907 ns, Total: 102781 ns
[2020-09-11T17:56:49.027+0000][1][safepoint    ] Safepoint "RevokeBias", Time since last: 123836 ns, Reaching safepoint: 85607 ns, At safepoint: 27449 ns, Total: 113056 ns
[2020-09-11T17:56:49.029+0000][1][safepoint    ] Safepoint "RevokeBias", Time since last: 33629 ns, Reaching safepoint: 2202886 ns, At safepoint: 29884 ns, Total: 2232770 ns
[2020-09-11T17:56:49.029+0000][1][safepoint    ] Safepoint "RevokeBias", Time since last: 38104 ns, Reaching safepoint: 81467 ns, At safepoint: 20790 ns, Total: 102257 ns
[2020-09-11T17:56:49.029+0000][1][safepoint    ] Safepoint "RevokeBias", Time since last: 29610 ns, Reaching safepoint: 80715 ns, At safepoint: 19857 ns, Total: 100572 ns
[2020-09-11T17:56:49.029+0000][1][safepoint    ] Safepoint "RevokeBias", Time since last: 28674 ns, Reaching safepoint: 80438 ns, At safepoint: 19638 ns, Total: 100076 ns
[2020-09-11T17:56:49.029+0000][1][safepoint    ] Safepoint "RevokeBias", Time since last: 28591 ns, Reaching safepoint: 80900 ns, At safepoint: 20138 ns, Total: 101038 ns
[2020-09-11T17:56:49.029+0000][1][safepoint    ] Safepoint "RevokeBias", Time since last: 31397 ns, Reaching safepoint: 81638 ns, At safepoint: 25511 ns, Total: 107149 ns
[2020-09-11T17:56:49.030+0000][1][safepoint    ] Safepoint "BulkRevokeBias", Time since last: 28076 ns, Reaching safepoint: 80154 ns, At safepoint: 63725 ns, Total: 143879 ns
[2020-09-11T17:56:49.030+0000][1][safepoint    ] Safepoint "RevokeBias", Time since last: 53183 ns, Reaching safepoint: 85213 ns, At safepoint: 25747 ns, Total: 110960 ns
[2020-09-11T17:56:49.030+0000][1][safepoint    ] Safepoint "RevokeBias", Time since last: 35565 ns, Reaching safepoint: 83333 ns, At safepoint: 22793 ns, Total: 106126 ns
[2020-09-11T17:56:49.060+0000][1][safepoint    ] Safepoint "RevokeBias", Time since last: 22833064 ns, Reaching safepoint: 7604209 ns, At safepoint: 59436 ns, Total: 7663645 ns
[2020-09-11T17:56:49.067+0000][1][safepoint    ] Safepoint "RevokeBias", Time since last: 6690420 ns, Reaching safepoint: 44968 ns, At safepoint: 23350 ns, Total: 68318 ns
[2020-09-11T17:56:49.067+0000][1][safepoint    ] Safepoint "RevokeBias", Time since last: 54790 ns, Reaching safepoint: 11754 ns, At safepoint: 11794 ns, Total: 23548 ns
[2020-09-11T17:56:49.106+0000][1][safepoint    ] Safepoint "RevokeBias", Time since last: 17946057 ns, Reaching safepoint: 21002221 ns, At safepoint: 59145 ns, Total: 21061366 ns
[2020-09-11T17:56:49.106+0000][1][safepoint    ] Safepoint "RevokeBias", Time since last: 79254 ns, Reaching safepoint: 84495 ns, At safepoint: 28919 ns, Total: 113414 ns
[2020-09-11T17:56:49.107+0000][1][safepoint    ] Safepoint "RevokeBias", Time since last: 30604 ns, Reaching safepoint: 82087 ns, At safepoint: 28621 ns, Total: 110708 ns
[2020-09-11T17:56:49.107+0000][1][safepoint    ] Safepoint "RevokeBias", Time since last: 28599 ns, Reaching safepoint: 81072 ns, At safepoint: 26554 ns, Total: 107626 ns
[2020-09-11T17:56:49.107+0000][1][safepoint    ] Safepoint "RevokeBias", Time since last: 27417 ns, Reaching safepoint: 81249 ns, At safepoint: 27392 ns, Total: 108641 ns
[2020-09-11T17:56:49.107+0000][1][safepoint    ] Safepoint "RevokeBias", Time since last: 26953 ns, Reaching safepoint: 83928 ns, At safepoint: 28527 ns, Total: 112455 ns
[2020-09-11T17:56:49.107+0000][1][safepoint    ] Safepoint "RevokeBias", Time since last: 27592 ns, Reaching safepoint: 81349 ns, At safepoint: 26187 ns, Total: 107536 ns
[2020-09-11T17:56:49.107+0000][1][safepoint    ] Safepoint "RevokeBias", Time since last: 43190 ns, Reaching safepoint: 81450 ns, At safepoint: 23599 ns, Total: 105049 ns
[2020-09-11T17:56:49.107+0000][1][safepoint    ] Safepoint "RevokeBias", Time since last: 27260 ns, Reaching safepoint: 80787 ns, At safepoint: 22641 ns, Total: 103428 ns
[2020-09-11T17:56:49.109+0000][1][safepoint    ] Safepoint "RevokeBias", Time since last: 1324782 ns, Reaching safepoint: 87198 ns, At safepoint: 27034 ns, Total: 114232 ns
[2020-09-11T17:56:49.109+0000][1][safepoint    ] Safepoint "RevokeBias", Time since last: 35041 ns, Reaching safepoint: 92251 ns, At safepoint: 29893 ns, Total: 122144 ns
[2020-09-11T17:56:49.109+0000][1][safepoint    ] Safepoint "RevokeBias", Time since last: 29375 ns, Reaching safepoint: 82438 ns, At safepoint: 26646 ns, Total: 109084 ns
[2020-09-11T17:56:49.109+0000][1][safepoint    ] Safepoint "RevokeBias", Time since last: 27375 ns, Reaching safepoint: 81757 ns, At safepoint: 25527 ns, Total: 107284 ns
[2020-09-11T17:56:49.109+0000][1][safepoint    ] Safepoint "RevokeBias", Time since last: 27035 ns, Reaching safepoint: 81672 ns, At safepoint: 24505 ns, Total: 106177 ns
[2020-09-11T17:56:49.110+0000][1][safepoint    ] Safepoint "RevokeBias", Time since last: 27010 ns, Reaching safepoint: 81218 ns, At safepoint: 23537 ns, Total: 104755 ns
[2020-09-11T17:56:49.110+0000][1][safepoint    ] Safepoint "RevokeBias", Time since last: 26363 ns, Reaching safepoint: 81150 ns, At safepoint: 20272 ns, Total: 101422 ns
[2020-09-11T17:56:49.117+0000][1][safepoint    ] Safepoint "BulkRevokeBias", Time since last: 26572 ns, Reaching safepoint: 7060332 ns, At safepoint: 91713 ns, Total: 7152045 ns
[2020-09-11T17:56:49.117+0000][1][safepoint    ] Safepoint "BulkRevokeBias", Time since last: 258700 ns, Reaching safepoint: 87124 ns, At safepoint: 55753 ns, Total: 142877 ns
[2020-09-11T17:56:49.117+0000][1][safepoint    ] Safepoint "RevokeBias", Time since last: 80086 ns, Reaching safepoint: 83705 ns, At safepoint: 25255 ns, Total: 108960 ns
[2020-09-11T17:56:49.134+0000][1][safepoint    ] Safepoint "RevokeBias", Time since last: 15281062 ns, Reaching safepoint: 1050516 ns, At safepoint: 51426 ns, Total: 1101942 ns
[2020-09-11T17:56:49.134+0000][1][safepoint    ] Safepoint "RevokeBias", Time since last: 118571 ns, Reaching safepoint: 87337 ns, At safepoint: 33765 ns, Total: 121102 ns
[2020-09-11T17:56:49.134+0000][1][safepoint    ] Safepoint "RevokeBias", Time since last: 42684 ns, Reaching safepoint: 84096 ns, At safepoint: 31132 ns, Total: 115228 ns
[2020-09-11T17:56:49.134+0000][1][safepoint    ] Safepoint "RevokeBias", Time since last: 113734 ns, Reaching safepoint: 83389 ns, At safepoint: 31117 ns, Total: 114506 ns
[2020-09-11T17:56:49.135+0000][1][safepoint    ] Safepoint "RevokeBias", Time since last: 435085 ns, Reaching safepoint: 152684 ns, At safepoint: 20168 ns, Total: 172852 ns
[2020-09-11T17:56:49.137+0000][1][safepoint    ] Safepoint "RevokeBias", Time since last: 1671709 ns, Reaching safepoint: 89825 ns, At safepoint: 23246 ns, Total: 113071 ns
[2020-09-11T17:56:49.137+0000][1][safepoint    ] Safepoint "RevokeBias", Time since last: 174225 ns, Reaching safepoint: 84785 ns, At safepoint: 20975 ns, Total: 105760 ns
[2020-09-11T17:56:49.141+0000][1][safepoint    ] Safepoint "RevokeBias", Time since last: 48778 ns, Reaching safepoint: 3604285 ns, At safepoint: 50746 ns, Total: 3655031 ns
[2020-09-11T17:56:49.141+0000][1][safepoint    ] Safepoint "RevokeBias", Time since last: 72318 ns, Reaching safepoint: 83064 ns, At safepoint: 19748 ns, Total: 102812 ns
[2020-09-11T17:56:49.141+0000][1][safepoint    ] Safepoint "RevokeBias", Time since last: 28579 ns, Reaching safepoint: 80784 ns, At safepoint: 22742 ns, Total: 103526 ns
[2020-09-11T17:56:49.142+0000][1][safepoint    ] Safepoint "RevokeBias", Time since last: 262269 ns, Reaching safepoint: 83756 ns, At safepoint: 24290 ns, Total: 108046 ns
[2020-09-11T17:56:49.142+0000][1][safepoint    ] Safepoint "RevokeBias", Time since last: 132532 ns, Reaching safepoint: 82152 ns, At safepoint: 23459 ns, Total: 105611 ns
[2020-09-11T17:56:49.149+0000][1][safepoint    ] Safepoint "RevokeBias", Time since last: 7001142 ns, Reaching safepoint: 114108 ns, At safepoint: 52313 ns, Total: 166421 ns
[2020-09-11T17:56:49.150+0000][1][safepoint    ] Safepoint "RevokeBias", Time since last: 705136 ns, Reaching safepoint: 89383 ns, At safepoint: 29372 ns, Total: 118755 ns
[2020-09-11T17:56:49.150+0000][1][safepoint    ] Safepoint "BulkRevokeBias", Time since last: 76358 ns, Reaching safepoint: 83371 ns, At safepoint: 63425 ns, Total: 146796 ns
[2020-09-11T17:56:49.197+0000][1][safepoint    ] Safepoint "RevokeBias", Time since last: 47223588 ns, Reaching safepoint: 112444 ns, At safepoint: 38326 ns, Total: 150770 ns
[2020-09-11T17:56:49.198+0000][1][safepoint    ] Safepoint "RevokeBias", Time since last: 883132 ns, Reaching safepoint: 93095 ns, At safepoint: 25452 ns, Total: 118547 ns
[2020-09-11T17:56:49.199+0000][1][safepoint    ] Safepoint "RevokeBias", Time since last: 184157 ns, Reaching safepoint: 86524 ns, At safepoint: 27579 ns, Total: 114103 ns
[2020-09-11T17:56:49.855+0000][1][safepoint    ] Safepoint "RevokeBias", Time since last: 656588655 ns, Reaching safepoint: 121189 ns, At safepoint: 45847 ns, Total: 167036 ns
[2020-09-11T17:56:49.856+0000][1][safepoint    ] Safepoint "RevokeBias", Time since last: 81932 ns, Reaching safepoint: 81064 ns, At safepoint: 8822 ns, Total: 89886 ns
[2020-09-11T17:56:49.856+0000][1][safepoint    ] Safepoint "RevokeBias", Time since last: 259009 ns, Reaching safepoint: 81366 ns, At safepoint: 7863 ns, Total: 89229 ns
[2020-09-11T17:56:50.757+0000][1][gc,start     ] GC(61) Pause Young (Allocation Failure)
[2020-09-11T17:56:50.757+0000][1][gc,task      ] GC(61) Using 1 workers of 1 for evacuation
[2020-09-11T17:56:51.055+0000][1][gc,age       ] GC(61) Desired survivor size 4358144 bytes, new threshold 2 (max threshold 6)
[2020-09-11T17:56:51.055+0000][1][gc,age       ] GC(61) Age table with threshold 2 (max threshold 6)
[2020-09-11T17:56:51.055+0000][1][gc,age       ] GC(61) - age   1:    2215104 bytes,    2215104 total
[2020-09-11T17:56:51.055+0000][1][gc,age       ] GC(61) - age   2:    2661528 bytes,    4876632 total
[2020-09-11T17:56:51.055+0000][1][gc,heap      ] GC(61) ParNew: 76672K->6142K(76672K)
[2020-09-11T17:56:51.055+0000][1][gc,heap      ] GC(61) CMS: 49933K->53932K(439104K)
[2020-09-11T17:56:51.055+0000][1][gc,metaspace ] GC(61) Metaspace: 52508K->52508K(1097728K)
[2020-09-11T17:56:51.059+0000][1][gc           ] GC(61) Pause Young (Allocation Failure) 123M->58M(503M) 302.542ms
[2020-09-11T17:56:51.059+0000][1][gc,cpu       ] GC(61) User=0.08s Sys=0.00s Real=0.30s
[2020-09-11T17:56:51.060+0000][1][safepoint    ] Safepoint "GenCollectForAllocation", Time since last: 900827502 ns, Reaching safepoint: 120209 ns, At safepoint: 302626854 ns, Total: 302747063 ns
[2020-09-11T17:56:52.381+0000][1][safepoint    ] Safepoint "Cleanup", Time since last: 1321313268 ns, Reaching safepoint: 474119 ns, At safepoint: 8971 ns, Total: 483090 ns
[2020-09-11T17:56:53.395+0000][1][safepoint    ] Safepoint "Cleanup", Time since last: 1011465674 ns, Reaching safepoint: 2114629 ns, At safepoint: 7106 ns, Total: 2121735 ns
[2020-09-11T17:56:54.400+0000][1][safepoint    ] Safepoint "Cleanup", Time since last: 1004192753 ns, Reaching safepoint: 658987 ns, At safepoint: 7893 ns, Total: 666880 ns
[2020-09-11T17:56:54.929+0000][1][gc,start     ] GC(62) Pause Young (Allocation Failure)
[2020-09-11T17:56:54.929+0000][1][gc,task      ] GC(62) Using 1 workers of 1 for evacuation
[2020-09-11T17:56:55.037+0000][1][gc,age       ] GC(62) Desired survivor size 4358144 bytes, new threshold 6 (max threshold 6)
[2020-09-11T17:56:55.037+0000][1][gc,age       ] GC(62) Age table with threshold 6 (max threshold 6)
[2020-09-11T17:56:55.037+0000][1][gc,age       ] GC(62) - age   1:    1353472 bytes,    1353472 total
[2020-09-11T17:56:55.037+0000][1][gc,age       ] GC(62) - age   2:    2175472 bytes,    3528944 total
[2020-09-11T17:56:55.037+0000][1][gc,heap      ] GC(62) ParNew: 74302K->5107K(76672K)
[2020-09-11T17:56:55.037+0000][1][gc,heap      ] GC(62) CMS: 53932K->56640K(439104K)
[2020-09-11T17:56:55.037+0000][1][gc,metaspace ] GC(62) Metaspace: 59952K->59952K(1103872K)
[2020-09-11T17:56:55.037+0000][1][gc           ] GC(62) Pause Young (Allocation Failure) 125M->60M(503M) 108.507ms
[2020-09-11T17:56:55.037+0000][1][gc,cpu       ] GC(62) User=0.03s Sys=0.00s Real=0.11s
[2020-09-11T17:56:55.045+0000][1][safepoint    ] Safepoint "GenCollectForAllocation", Time since last: 529025906 ns, Reaching safepoint: 121728 ns, At safepoint: 115905467 ns, Total: 116027195 ns
[2020-09-11T17:56:55.270+0000][1][safepoint    ] Safepoint "CollectForMetadataAllocation", Time since last: 224711255 ns, Reaching safepoint: 876726 ns, At safepoint: 81098 ns, Total: 957824 ns
[2020-09-11T17:56:55.324+0000][1][safepoint    ] Safepoint "CollectForMetadataAllocation", Time since last: 51099558 ns, Reaching safepoint: 2126051 ns, At safepoint: 117179 ns, Total: 2243230 ns
[2020-09-11T17:56:55.385+0000][1][safepoint    ] Safepoint "CollectForMetadataAllocation", Time since last: 56959320 ns, Reaching safepoint: 4006187 ns, At safepoint: 134682 ns, Total: 4140869 ns
[2020-09-11T17:56:55.617+0000][1][safepoint    ] Safepoint "CollectForMetadataAllocation", Time since last: 231838405 ns, Reaching safepoint: 125614 ns, At safepoint: 134040 ns, Total: 259654 ns
[2020-09-11T17:56:55.717+0000][1][safepoint    ] Safepoint "CollectForMetadataAllocation", Time since last: 96107819 ns, Reaching safepoint: 3675122 ns, At safepoint: 143676 ns, Total: 3818798 ns
[2020-09-11T17:56:55.887+0000][1][safepoint    ] Safepoint "RevokeBias", Time since last: 169590023 ns, Reaching safepoint: 120760 ns, At safepoint: 32064 ns, Total: 152824 ns
[2020-09-11T17:56:55.887+0000][1][safepoint    ] Safepoint "RevokeBias", Time since last: 110183 ns, Reaching safepoint: 88851 ns, At safepoint: 22952 ns, Total: 111803 ns
[2020-09-11T17:56:55.887+0000][1][safepoint    ] Safepoint "RevokeBias", Time since last: 122034 ns, Reaching safepoint: 86377 ns, At safepoint: 32251 ns, Total: 118628 ns
[2020-09-11T17:56:55.910+0000][1][safepoint    ] Safepoint "RevokeBias", Time since last: 22746839 ns, Reaching safepoint: 97370 ns, At safepoint: 39604 ns, Total: 136974 ns
[2020-09-11T17:56:56.063+0000][1][safepoint    ] Safepoint "CollectForMetadataAllocation", Time since last: 153254049 ns, Reaching safepoint: 112623 ns, At safepoint: 71929 ns, Total: 184552 ns
[2020-09-11T17:56:56.324+0000][1][safepoint    ] Safepoint "CollectForMetadataAllocation", Time since last: 259963769 ns, Reaching safepoint: 115417 ns, At safepoint: 120940 ns, Total: 236357 ns
[2020-09-11T17:56:56.662+0000][1][safepoint    ] Safepoint "CollectForMetadataAllocation", Time since last: 337574914 ns, Reaching safepoint: 112816 ns, At safepoint: 133103 ns, Total: 245919 ns
[2020-09-11T17:56:56.733+0000][1][safepoint    ] Safepoint "CollectForMetadataAllocation", Time since last: 71263173 ns, Reaching safepoint: 105364 ns, At safepoint: 129854 ns, Total: 235218 ns
[2020-09-11T17:56:57.053+0000][1][gc,start     ] GC(63) Pause Initial Mark
[2020-09-11T17:56:57.109+0000][1][gc           ] GC(63) Pause Initial Mark 89M->89M(503M) 56.228ms
[2020-09-11T17:56:57.109+0000][1][gc,cpu       ] GC(63) User=0.01s Sys=0.00s Real=0.05s
[2020-09-11T17:56:57.141+0000][1][safepoint    ] Safepoint "CMS_Initial_Mark", Time since last: 319877659 ns, Reaching safepoint: 116630 ns, At safepoint: 87827582 ns, Total: 87944212 ns
[2020-09-11T17:56:57.141+0000][1][safepoint    ] Safepoint "RevokeBias", Time since last: 63579 ns, Reaching safepoint: 42571 ns, At safepoint: 13265 ns, Total: 55836 ns
[2020-09-11T17:56:57.141+0000][1][gc           ] GC(63) Concurrent Mark
[2020-09-11T17:56:57.546+0000][1][safepoint    ] Safepoint "CollectForMetadataAllocation", Time since last: 383857894 ns, Reaching safepoint: 20957784 ns, At safepoint: 124576 ns, Total: 21082360 ns
[2020-09-11T17:56:57.941+0000][1][safepoint    ] Safepoint "RevokeBias", Time since last: 371021648 ns, Reaching safepoint: 24473642 ns, At safepoint: 63965 ns, Total: 24537607 ns
[2020-09-11T17:56:57.942+0000][1][safepoint    ] Safepoint "RevokeBias", Time since last: 224168 ns, Reaching safepoint: 90565 ns, At safepoint: 36971 ns, Total: 127536 ns
[2020-09-11T17:56:57.942+0000][1][safepoint    ] Safepoint "RevokeBias", Time since last: 39274 ns, Reaching safepoint: 87793 ns, At safepoint: 34102 ns, Total: 121895 ns
[2020-09-11T17:56:57.947+0000][1][safepoint    ] Safepoint "RevokeBias", Time since last: 4850545 ns, Reaching safepoint: 125543 ns, At safepoint: 60883 ns, Total: 186426 ns
[2020-09-11T17:56:57.984+0000][1][gc           ] GC(63) Concurrent Mark 842.610ms
[2020-09-11T17:56:57.984+0000][1][gc,cpu       ] GC(63) User=0.17s Sys=0.00s Real=0.84s
[2020-09-11T17:56:57.984+0000][1][gc           ] GC(63) Concurrent Preclean
[2020-09-11T17:56:58.037+0000][1][gc           ] GC(63) Concurrent Preclean 53.715ms
[2020-09-11T17:56:58.037+0000][1][gc,cpu       ] GC(63) User=0.01s Sys=0.00s Real=0.05s
[2020-09-11T17:56:58.037+0000][1][gc           ] GC(63) Concurrent Abortable Preclean
[2020-09-11T17:56:58.125+0000][1][safepoint    ] Safepoint "Deoptimize", Time since last: 161791018 ns, Reaching safepoint: 16051020 ns, At safepoint: 350743 ns, Total: 16401763 ns
[2020-09-11T17:56:58.277+0000][1][safepoint    ] Safepoint "CollectForMetadataAllocation", Time since last: 149910445 ns, Reaching safepoint: 137149 ns, At safepoint: 1550019 ns, Total: 1687168 ns
[2020-09-11T17:56:58.761+0000][1][safepoint    ] Safepoint "CollectForMetadataAllocation", Time since last: 484006793 ns, Reaching safepoint: 125007 ns, At safepoint: 84222 ns, Total: 209229 ns
[2020-09-11T17:56:59.146+0000][1][safepoint    ] Safepoint "RevokeBias", Time since last: 385225382 ns, Reaching safepoint: 58074 ns, At safepoint: 10463 ns, Total: 68537 ns
[2020-09-11T17:56:59.185+0000][1][safepoint    ] Safepoint "RevokeBias", Time since last: 38785466 ns, Reaching safepoint: 45185 ns, At safepoint: 15344 ns, Total: 60529 ns
[2020-09-11T17:56:59.398+0000][1][safepoint    ] Safepoint "CollectForMetadataAllocation", Time since last: 212557396 ns, Reaching safepoint: 109220 ns, At safepoint: 83456 ns, Total: 192676 ns
[2020-09-11T17:56:59.845+0000][1][safepoint    ] Safepoint "CollectForMetadataAllocation", Time since last: 446889739 ns, Reaching safepoint: 110329 ns, At safepoint: 119832 ns, Total: 230161 ns
[2020-09-11T17:57:00.333+0000][1][safepoint    ] Safepoint "CollectForMetadataAllocation", Time since last: 475778399 ns, Reaching safepoint: 12048490 ns, At safepoint: 111560 ns, Total: 12160050 ns
[2020-09-11T17:57:00.465+0000][1][safepoint    ] Safepoint "CollectForMetadataAllocation", Time since last: 127829142 ns, Reaching safepoint: 4043619 ns, At safepoint: 148160 ns, Total: 4191779 ns
[2020-09-11T17:57:00.597+0000][1][safepoint    ] Safepoint "CollectForMetadataAllocation", Time since last: 131860725 ns, Reaching safepoint: 100570 ns, At safepoint: 125961 ns, Total: 226531 ns
[2020-09-11T17:57:00.721+0000][1][safepoint    ] Safepoint "CollectForMetadataAllocation", Time since last: 123718333 ns, Reaching safepoint: 52515 ns, At safepoint: 108138 ns, Total: 160653 ns
[2020-09-11T17:57:00.821+0000][1][safepoint    ] Safepoint "RevokeBias", Time since last: 99851104 ns, Reaching safepoint: 583084 ns, At safepoint: 17799 ns, Total: 600883 ns
[2020-09-11T17:57:00.845+0000][1][safepoint    ] Safepoint "RevokeBias", Time since last: 23473252 ns, Reaching safepoint: 57404 ns, At safepoint: 11802 ns, Total: 69206 ns
[2020-09-11T17:57:00.861+0000][1][safepoint    ] Safepoint "CollectForMetadataAllocation", Time since last: 15862304 ns, Reaching safepoint: 114683 ns, At safepoint: 133716 ns, Total: 248399 ns
[2020-09-11T17:57:01.114+0000][1][safepoint    ] Safepoint "CollectForMetadataAllocation", Time since last: 253013494 ns, Reaching safepoint: 71800 ns, At safepoint: 70610 ns, Total: 142410 ns
[2020-09-11T17:57:01.184+0000][1][gc,start     ] GC(64) Pause Young (Allocation Failure)
[2020-09-11T17:57:01.184+0000][1][gc,task      ] GC(64) Using 1 workers of 1 for evacuation
[2020-09-11T17:57:01.257+0000][1][gc,age       ] GC(64) Desired survivor size 4358144 bytes, new threshold 2 (max threshold 6)
[2020-09-11T17:57:01.257+0000][1][gc,age       ] GC(64) Age table with threshold 2 (max threshold 6)
[2020-09-11T17:57:01.257+0000][1][gc,age       ] GC(64) - age   1:    3553320 bytes,    3553320 total
[2020-09-11T17:57:01.257+0000][1][gc,age       ] GC(64) - age   2:    1262496 bytes,    4815816 total
[2020-09-11T17:57:01.257+0000][1][gc,age       ] GC(64) - age   3:    2165568 bytes,    6981384 total
[2020-09-11T17:57:01.257+0000][1][gc,heap      ] GC(64) ParNew: 73267K->7723K(76672K)
[2020-09-11T17:57:01.257+0000][1][gc,heap      ] GC(64) CMS: 56640K->56640K(439104K)
[2020-09-11T17:57:01.257+0000][1][gc,metaspace ] GC(64) Metaspace: 66159K->66159K(1110016K)
[2020-09-11T17:57:01.257+0000][1][gc           ] GC(64) Pause Young (Allocation Failure) 126M->62M(503M) 72.909ms
[2020-09-11T17:57:01.257+0000][1][gc,cpu       ] GC(64) User=0.03s Sys=0.00s Real=0.07s
[2020-09-11T17:57:01.269+0000][1][safepoint    ] Safepoint "GenCollectForAllocation", Time since last: 69843426 ns, Reaching safepoint: 64293 ns, At safepoint: 84654534 ns, Total: 84718827 ns
[2020-09-11T17:57:01.421+0000][1][safepoint    ] Safepoint "CollectForMetadataAllocation", Time since last: 152040226 ns, Reaching safepoint: 74699 ns, At safepoint: 131188 ns, Total: 205887 ns
[2020-09-11T17:57:01.594+0000][1][safepoint    ] Safepoint "RevokeBias", Time since last: 172725008 ns, Reaching safepoint: 51908 ns, At safepoint: 10539 ns, Total: 62447 ns
[2020-09-11T17:57:01.705+0000][1][safepoint    ] Safepoint "CollectForMetadataAllocation", Time since last: 110979976 ns, Reaching safepoint: 59933 ns, At safepoint: 121244 ns, Total: 181177 ns
[2020-09-11T17:57:01.787+0000][1][safepoint    ] Safepoint "CollectForMetadataAllocation", Time since last: 82262383 ns, Reaching safepoint: 49557 ns, At safepoint: 111241 ns, Total: 160798 ns
[2020-09-11T17:57:01.997+0000][1][safepoint    ] Safepoint "CollectForMetadataAllocation", Time since last: 209382940 ns, Reaching safepoint: 64316 ns, At safepoint: 132292 ns, Total: 196608 ns
[2020-09-11T17:57:02.147+0000][1][safepoint    ] Safepoint "CollectForMetadataAllocation", Time since last: 149899815 ns, Reaching safepoint: 53501 ns, At safepoint: 111465 ns, Total: 164966 ns
[2020-09-11T17:57:02.377+0000][1][safepoint    ] Safepoint "CollectForMetadataAllocation", Time since last: 229758522 ns, Reaching safepoint: 52160 ns, At safepoint: 112202 ns, Total: 164362 ns
[2020-09-11T17:57:02.465+0000][1][safepoint    ] Safepoint "CollectForMetadataAllocation", Time since last: 87875820 ns, Reaching safepoint: 416251 ns, At safepoint: 77242 ns, Total: 493493 ns
[2020-09-11T17:57:02.507+0000][1][safepoint    ] Safepoint "Deoptimize", Time since last: 41429208 ns, Reaching safepoint: 57445 ns, At safepoint: 316932 ns, Total: 374377 ns
[2020-09-11T17:57:02.563+0000][1][safepoint    ] Safepoint "Deoptimize", Time since last: 55745725 ns, Reaching safepoint: 50000 ns, At safepoint: 316694 ns, Total: 366694 ns
[2020-09-11T17:57:02.604+0000][1][safepoint    ] Safepoint "CollectForMetadataAllocation", Time since last: 40931812 ns, Reaching safepoint: 66260 ns, At safepoint: 124163 ns, Total: 190423 ns
[2020-09-11T17:57:02.862+0000][1][safepoint    ] Safepoint "CollectForMetadataAllocation", Time since last: 257765801 ns, Reaching safepoint: 68096 ns, At safepoint: 146502 ns, Total: 214598 ns
[2020-09-11T17:57:03.009+0000][1][safepoint    ] Safepoint "RevokeBias", Time since last: 118871051 ns, Reaching safepoint: 27385111 ns, At safepoint: 55672 ns, Total: 27440783 ns
[2020-09-11T17:57:03.009+0000][1][safepoint    ] Safepoint "RevokeBias", Time since last: 83828 ns, Reaching safepoint: 83176 ns, At safepoint: 37627 ns, Total: 120803 ns
[2020-09-11T17:57:03.009+0000][1][safepoint    ] Safepoint "RevokeBias", Time since last: 37201 ns, Reaching safepoint: 70144 ns, At safepoint: 35802 ns, Total: 105946 ns
[2020-09-11T17:57:03.009+0000][1][safepoint    ] Safepoint "RevokeBias", Time since last: 34275 ns, Reaching safepoint: 82270 ns, At safepoint: 32353 ns, Total: 114623 ns
[2020-09-11T17:57:03.009+0000][1][safepoint    ] Safepoint "RevokeBias", Time since last: 44726 ns, Reaching safepoint: 82575 ns, At safepoint: 44926 ns, Total: 127501 ns
[2020-09-11T17:57:03.009+0000][1][safepoint    ] Safepoint "RevokeBias", Time since last: 59831 ns, Reaching safepoint: 82528 ns, At safepoint: 35071 ns, Total: 117599 ns
[2020-09-11T17:57:03.010+0000][1][safepoint    ] Safepoint "RevokeBias", Time since last: 35494 ns, Reaching safepoint: 81583 ns, At safepoint: 32176 ns, Total: 113759 ns
[2020-09-11T17:57:03.010+0000][1][safepoint    ] Safepoint "RevokeBias", Time since last: 35452 ns, Reaching safepoint: 81546 ns, At safepoint: 31199 ns, Total: 112745 ns
[2020-09-11T17:57:03.189+0000][1][gc           ] GC(63) Concurrent Abortable Preclean 5151.783ms
[2020-09-11T17:57:03.189+0000][1][gc,cpu       ] GC(63) User=1.57s Sys=0.02s Real=5.15s
[2020-09-11T17:57:03.189+0000][1][safepoint    ] Safepoint "RevokeBias", Time since last: 166992163 ns, Reaching safepoint: 12615919 ns, At safepoint: 33413 ns, Total: 12649332 ns
[2020-09-11T17:57:03.192+0000][1][safepoint    ] Safepoint "RevokeBias", Time since last: 524611 ns, Reaching safepoint: 2450379 ns, At safepoint: 33546 ns, Total: 2483925 ns
[2020-09-11T17:57:03.197+0000][1][safepoint    ] Safepoint "CollectForMetadataAllocation", Time since last: 337760 ns, Reaching safepoint: 4004004 ns, At safepoint: 83142 ns, Total: 4087146 ns
[2020-09-11T17:57:03.198+0000][1][safepoint    ] Safepoint "RevokeBias", Time since last: 583076 ns, Reaching safepoint: 995118 ns, At safepoint: 31204 ns, Total: 1026322 ns
[2020-09-11T17:57:03.199+0000][1][safepoint    ] Safepoint "RevokeBias", Time since last: 147792 ns, Reaching safepoint: 255456 ns, At safepoint: 23019 ns, Total: 278475 ns
[2020-09-11T17:57:03.201+0000][1][gc,start     ] GC(63) Pause Remark
[2020-09-11T17:57:03.275+0000][1][gc           ] GC(63) Pause Remark 86M->86M(503M) 74.070ms
[2020-09-11T17:57:03.275+0000][1][gc,cpu       ] GC(63) User=0.02s Sys=0.00s Real=0.07s
[2020-09-11T17:57:03.281+0000][1][safepoint    ] Safepoint "RevokeBias", Time since last: 553870 ns, Reaching safepoint: 1309331 ns, At safepoint: 80225391 ns, Total: 81534722 ns
[2020-09-11T17:57:03.281+0000][1][gc           ] GC(63) Concurrent Sweep
[2020-09-11T17:57:03.301+0000][1][safepoint    ] Safepoint "RevokeBias", Time since last: 19067002 ns, Reaching safepoint: 745306 ns, At safepoint: 31700 ns, Total: 777006 ns
[2020-09-11T17:57:03.317+0000][1][safepoint    ] Safepoint "RevokeBias", Time since last: 16031113 ns, Reaching safepoint: 56430 ns, At safepoint: 25284 ns, Total: 81714 ns
[2020-09-11T17:57:03.317+0000][1][safepoint    ] Safepoint "RevokeBias", Time since last: 380757 ns, Reaching safepoint: 29635 ns, At safepoint: 18960 ns, Total: 48595 ns
[2020-09-11T17:57:03.318+0000][1][safepoint    ] Safepoint "RevokeBias", Time since last: 215710 ns, Reaching safepoint: 14347 ns, At safepoint: 14456 ns, Total: 28803 ns
[2020-09-11T17:57:03.318+0000][1][safepoint    ] Safepoint "RevokeBias", Time since last: 31670 ns, Reaching safepoint: 12025 ns, At safepoint: 12882 ns, Total: 24907 ns
[2020-09-11T17:57:03.318+0000][1][safepoint    ] Safepoint "RevokeBias", Time since last: 434347 ns, Reaching safepoint: 11312 ns, At safepoint: 14203 ns, Total: 25515 ns
[2020-09-11T17:57:03.318+0000][1][safepoint    ] Safepoint "RevokeBias", Time since last: 72958 ns, Reaching safepoint: 12211 ns, At safepoint: 13241 ns, Total: 25452 ns
[2020-09-11T17:57:03.332+0000][1][safepoint    ] Safepoint "RevokeBias", Time since last: 10573152 ns, Reaching safepoint: 2698682 ns, At safepoint: 31836 ns, Total: 2730518 ns
[2020-09-11T17:57:03.332+0000][1][safepoint    ] Safepoint "RevokeBias", Time since last: 126360 ns, Reaching safepoint: 90114 ns, At safepoint: 19719 ns, Total: 109833 ns
[2020-09-11T17:57:03.337+0000][1][safepoint    ] Safepoint "Deoptimize", Time since last: 2538164 ns, Reaching safepoint: 2488740 ns, At safepoint: 356315 ns, Total: 2845055 ns
[2020-09-11T17:57:03.389+0000][1][safepoint    ] Safepoint "RevokeBias", Time since last: 23646597 ns, Reaching safepoint: 28022701 ns, At safepoint: 71028 ns, Total: 28093729 ns
[2020-09-11T17:57:03.393+0000][1][safepoint    ] Safepoint "RevokeBias", Time since last: 1783123 ns, Reaching safepoint: 2111760 ns, At safepoint: 56552 ns, Total: 2168312 ns
[2020-09-11T17:57:03.424+0000][1][gc           ] GC(63) Concurrent Sweep 142.838ms
[2020-09-11T17:57:03.424+0000][1][gc,cpu       ] GC(63) User=0.03s Sys=0.00s Real=0.14s
[2020-09-11T17:57:03.424+0000][1][gc           ] GC(63) Concurrent Reset
[2020-09-11T17:57:03.425+0000][1][gc           ] GC(63) Concurrent Reset 0.634ms
[2020-09-11T17:57:03.425+0000][1][gc,cpu       ] GC(63) User=0.00s Sys=0.00s Real=0.00s
[2020-09-11T17:57:03.425+0000][1][gc,heap      ] GC(63) Old: 56640K->55689K(439104K)
[2020-09-11T17:57:04.472+0000][1][safepoint    ] Safepoint "Cleanup", Time since last: 1077985303 ns, Reaching safepoint: 1380330 ns, At safepoint: 9788 ns, Total: 1390118 ns
[2020-09-11T17:57:05.004+0000][1][safepoint    ] Safepoint "RevokeBias", Time since last: 531282038 ns, Reaching safepoint: 148333 ns, At safepoint: 36741 ns, Total: 185074 ns
[2020-09-11T17:57:05.004+0000][1][safepoint    ] Safepoint "RevokeBias", Time since last: 60165 ns, Reaching safepoint: 92923 ns, At safepoint: 26200 ns, Total: 119123 ns
[2020-09-11T17:57:05.005+0000][1][safepoint    ] Safepoint "RevokeBias", Time since last: 528519 ns, Reaching safepoint: 94426 ns, At safepoint: 26300 ns, Total: 120726 ns
[2020-09-11T17:57:05.009+0000][1][safepoint    ] Safepoint "RevokeBias", Time since last: 108103 ns, Reaching safepoint: 91400 ns, At safepoint: 3796074 ns, Total: 3887474 ns
[2020-09-11T17:57:05.014+0000][1][safepoint    ] Safepoint "RevokeBias", Time since last: 4887117 ns, Reaching safepoint: 102716 ns, At safepoint: 18364 ns, Total: 121080 ns
[2020-09-11T17:57:05.014+0000][1][safepoint    ] Safepoint "RevokeBias", Time since last: 385752 ns, Reaching safepoint: 101627 ns, At safepoint: 21615 ns, Total: 123242 ns
[2020-09-11T17:57:05.015+0000][1][safepoint    ] Safepoint "RevokeBias", Time since last: 401843 ns, Reaching safepoint: 92198 ns, At safepoint: 19378 ns, Total: 111576 ns
[2020-09-11T17:57:05.040+0000][1][safepoint    ] Safepoint "RevokeBias", Time since last: 24949126 ns, Reaching safepoint: 129443 ns, At safepoint: 24141 ns, Total: 153584 ns
[2020-09-11T17:57:05.061+0000][1][safepoint    ] Safepoint "RevokeBias", Time since last: 1128888 ns, Reaching safepoint: 19701375 ns, At safepoint: 34981 ns, Total: 19736356 ns
[2020-09-11T17:57:05.065+0000][1][safepoint    ] Safepoint "RevokeBias", Time since last: 583088 ns, Reaching safepoint: 3778978 ns, At safepoint: 32222 ns, Total: 3811200 ns
[2020-09-11T17:57:05.065+0000][1][safepoint    ] Safepoint "RevokeBias", Time since last: 289149 ns, Reaching safepoint: 101417 ns, At safepoint: 30460 ns, Total: 131877 ns
[2020-09-11T17:57:05.066+0000][1][safepoint    ] Safepoint "RevokeBias", Time since last: 771160 ns, Reaching safepoint: 96886 ns, At safepoint: 16240 ns, Total: 113126 ns
[2020-09-11T17:57:05.071+0000][1][safepoint    ] Safepoint "BulkRevokeBias", Time since last: 4093841 ns, Reaching safepoint: 106970 ns, At safepoint: 113723 ns, Total: 220693 ns
[2020-09-11T17:57:05.072+0000][1][safepoint    ] Safepoint "RevokeBias", Time since last: 1087291 ns, Reaching safepoint: 138071 ns, At safepoint: 14547 ns, Total: 152618 ns
[2020-09-11T17:57:05.078+0000][1][safepoint    ] Safepoint "RevokeBias", Time since last: 6282666 ns, Reaching safepoint: 107219 ns, At safepoint: 19553 ns, Total: 126772 ns
[2020-09-11T17:57:05.101+0000][1][safepoint    ] Safepoint "RevokeBias", Time since last: 11279063 ns, Reaching safepoint: 11513218 ns, At safepoint: 24035 ns, Total: 11537253 ns
[2020-09-11T17:57:05.109+0000][1][safepoint    ] Safepoint "RevokeBias", Time since last: 1060411 ns, Reaching safepoint: 6885661 ns, At safepoint: 28441 ns, Total: 6914102 ns
[2020-09-11T17:57:05.116+0000][1][safepoint    ] Safepoint "RevokeBias", Time since last: 6792154 ns, Reaching safepoint: 109159 ns, At safepoint: 23321 ns, Total: 132480 ns
[2020-09-11T17:57:05.116+0000][1][safepoint    ] Safepoint "RevokeBias", Time since last: 383496 ns, Reaching safepoint: 16278 ns, At safepoint: 22792 ns, Total: 39070 ns
[2020-09-11T17:57:05.117+0000][1][safepoint    ] Safepoint "RevokeBias", Time since last: 99885 ns, Reaching safepoint: 84290 ns, At safepoint: 22096 ns, Total: 106386 ns
[2020-09-11T17:57:05.121+0000][1][safepoint    ] Safepoint "RevokeBias", Time since last: 4385250 ns, Reaching safepoint: 112917 ns, At safepoint: 34033 ns, Total: 146950 ns
[2020-09-11T17:57:05.121+0000][1][safepoint    ] Safepoint "RevokeBias", Time since last: 154885 ns, Reaching safepoint: 89199 ns, At safepoint: 12783 ns, Total: 101982 ns
[2020-09-11T17:57:05.121+0000][1][safepoint    ] Safepoint "RevokeBias", Time since last: 43143 ns, Reaching safepoint: 86039 ns, At safepoint: 11499 ns, Total: 97538 ns
[2020-09-11T17:57:05.126+0000][1][safepoint    ] Safepoint "RevokeBias", Time since last: 335203 ns, Reaching safepoint: 4087902 ns, At safepoint: 24256 ns, Total: 4112158 ns
[2020-09-11T17:57:05.126+0000][1][safepoint    ] Safepoint "RevokeBias", Time since last: 75870 ns, Reaching safepoint: 87892 ns, At safepoint: 14908 ns, Total: 102800 ns
[2020-09-11T17:57:05.127+0000][1][safepoint    ] Safepoint "RevokeBias", Time since last: 1110850 ns, Reaching safepoint: 88409 ns, At safepoint: 14581 ns, Total: 102990 ns
[2020-09-11T17:57:05.127+0000][1][safepoint    ] Safepoint "RevokeBias", Time since last: 71401 ns, Reaching safepoint: 85294 ns, At safepoint: 12168 ns, Total: 97462 ns
[2020-09-11T17:57:05.128+0000][1][safepoint    ] Safepoint "RevokeBias", Time since last: 46190 ns, Reaching safepoint: 84476 ns, At safepoint: 11369 ns, Total: 95845 ns
[2020-09-11T17:57:05.161+0000][1][safepoint    ] Safepoint "RevokeBias", Time since last: 33183221 ns, Reaching safepoint: 130700 ns, At safepoint: 36980 ns, Total: 167680 ns
[2020-09-11T17:57:05.215+0000][1][safepoint    ] Safepoint "RevokeBias", Time since last: 54218326 ns, Reaching safepoint: 63675 ns, At safepoint: 40600 ns, Total: 104275 ns
[2020-09-11T17:57:05.215+0000][1][safepoint    ] Safepoint "RevokeBias", Time since last: 137209 ns, Reaching safepoint: 23784 ns, At safepoint: 19895 ns, Total: 43679 ns
[2020-09-11T17:57:05.225+0000][1][safepoint    ] Safepoint "RevokeBias", Time since last: 9319127 ns, Reaching safepoint: 51148 ns, At safepoint: 69314 ns, Total: 120462 ns
[2020-09-11T17:57:05.225+0000][1][safepoint    ] Safepoint "RevokeBias", Time since last: 68578 ns, Reaching safepoint: 16452 ns, At safepoint: 17662 ns, Total: 34114 ns
[2020-09-11T17:57:05.225+0000][1][safepoint    ] Safepoint "RevokeBias", Time since last: 31356 ns, Reaching safepoint: 17269 ns, At safepoint: 16973 ns, Total: 34242 ns
[2020-09-11T17:57:05.233+0000][1][safepoint    ] Safepoint "BulkRevokeBias", Time since last: 7713344 ns, Reaching safepoint: 54359 ns, At safepoint: 159194 ns, Total: 213553 ns
[2020-09-11T17:57:05.234+0000][1][safepoint    ] Safepoint "RevokeBias", Time since last: 942952 ns, Reaching safepoint: 28560 ns, At safepoint: 21743 ns, Total: 50303 ns
[2020-09-11T17:57:05.247+0000][1][safepoint    ] Safepoint "RevokeBias", Time since last: 12584227 ns, Reaching safepoint: 109933 ns, At safepoint: 18456 ns, Total: 128389 ns
[2020-09-11T17:57:05.252+0000][1][safepoint    ] Safepoint "RevokeBias", Time since last: 4938281 ns, Reaching safepoint: 48250 ns, At safepoint: 21220 ns, Total: 69470 ns
[2020-09-11T17:57:05.252+0000][1][safepoint    ] Safepoint "RevokeBias", Time since last: 69009 ns, Reaching safepoint: 16922 ns, At safepoint: 18241 ns, Total: 35163 ns
[2020-09-11T17:57:05.255+0000][1][safepoint    ] Safepoint "RevokeBias", Time since last: 2996083 ns, Reaching safepoint: 103045 ns, At safepoint: 43615 ns, Total: 146660 ns
[2020-09-11T17:57:05.272+0000][1][safepoint    ] Safepoint "RevokeBias", Time since last: 17104628 ns, Reaching safepoint: 109800 ns, At safepoint: 20427 ns, Total: 130227 ns
[2020-09-11T17:57:05.275+0000][1][safepoint    ] Safepoint "RevokeBias", Time since last: 2448053 ns, Reaching safepoint: 110929 ns, At safepoint: 20351 ns, Total: 131280 ns
[2020-09-11T17:57:05.275+0000][1][safepoint    ] Safepoint "RevokeBias", Time since last: 554452 ns, Reaching safepoint: 89075 ns, At safepoint: 14879 ns, Total: 103954 ns
[2020-09-11T17:57:05.276+0000][1][safepoint    ] Safepoint "RevokeBias", Time since last: 34700 ns, Reaching safepoint: 84679 ns, At safepoint: 11942 ns, Total: 96621 ns
[2020-09-11T17:57:05.276+0000][1][safepoint    ] Safepoint "RevokeBias", Time since last: 32451 ns, Reaching safepoint: 84515 ns, At safepoint: 11408 ns, Total: 95923 ns
[2020-09-11T17:57:05.332+0000][1][safepoint    ] Safepoint "RevokeBias", Time since last: 56238096 ns, Reaching safepoint: 107267 ns, At safepoint: 15532 ns, Total: 122799 ns
[2020-09-11T17:57:05.339+0000][1][safepoint    ] Safepoint "RevokeBias", Time since last: 7096570 ns, Reaching safepoint: 107766 ns, At safepoint: 15682 ns, Total: 123448 ns
[2020-09-11T17:57:05.349+0000][1][safepoint    ] Safepoint "RevokeBias", Time since last: 3829437 ns, Reaching safepoint: 5836939 ns, At safepoint: 18909 ns, Total: 5855848 ns
[2020-09-11T17:57:05.350+0000][1][safepoint    ] Safepoint "RevokeBias", Time since last: 495274 ns, Reaching safepoint: 120684 ns, At safepoint: 12623 ns, Total: 133307 ns
[2020-09-11T17:57:05.355+0000][1][safepoint    ] Safepoint "RevokeBias", Time since last: 1222090 ns, Reaching safepoint: 4259286 ns, At safepoint: 23236 ns, Total: 4282522 ns
[2020-09-11T17:57:05.995+0000][1][safepoint    ] Safepoint "RevokeBias", Time since last: 639797059 ns, Reaching safepoint: 34086 ns, At safepoint: 14930 ns, Total: 49016 ns
[2020-09-11T17:57:05.995+0000][1][safepoint    ] Safepoint "RevokeBias", Time since last: 242230 ns, Reaching safepoint: 15587 ns, At safepoint: 9726 ns, Total: 25313 ns
[2020-09-11T17:57:05.996+0000][1][safepoint    ] Safepoint "RevokeBias", Time since last: 786696 ns, Reaching safepoint: 17161 ns, At safepoint: 10029 ns, Total: 27190 ns
[2020-09-11T17:57:05.997+0000][1][safepoint    ] Safepoint "RevokeBias", Time since last: 484942 ns, Reaching safepoint: 15934 ns, At safepoint: 9869 ns, Total: 25803 ns
[2020-09-11T17:57:05.997+0000][1][safepoint    ] Safepoint "RevokeBias", Time since last: 180902 ns, Reaching safepoint: 14892 ns, At safepoint: 8446 ns, Total: 23338 ns
[2020-09-11T17:57:06.005+0000][1][safepoint    ] Safepoint "RevokeBias", Time since last: 8054255 ns, Reaching safepoint: 40339 ns, At safepoint: 16723 ns, Total: 57062 ns
[2020-09-11T17:57:06.005+0000][1][safepoint    ] Safepoint "RevokeBias", Time since last: 393577 ns, Reaching safepoint: 17284 ns, At safepoint: 10448 ns, Total: 27732 ns
[2020-09-11T17:57:06.013+0000][1][safepoint    ] Safepoint "RevokeBias", Time since last: 6572881 ns, Reaching safepoint: 969786 ns, At safepoint: 23866 ns, Total: 993652 ns
[2020-09-11T17:57:06.041+0000][1][safepoint    ] Safepoint "RevokeBias", Time since last: 28062534 ns, Reaching safepoint: 455545 ns, At safepoint: 23294 ns, Total: 478839 ns
[2020-09-11T17:57:06.042+0000][1][safepoint    ] Safepoint "RevokeBias", Time since last: 94807 ns, Reaching safepoint: 206691 ns, At safepoint: 24293 ns, Total: 230984 ns
[2020-09-11T17:57:06.080+0000][1][safepoint    ] Safepoint "RevokeBias", Time since last: 35778693 ns, Reaching safepoint: 2171024 ns, At safepoint: 23732 ns, Total: 2194756 ns
[2020-09-11T17:57:06.081+0000][1][safepoint    ] Safepoint "RevokeBias", Time since last: 87868 ns, Reaching safepoint: 1046615 ns, At safepoint: 18785 ns, Total: 1065400 ns
[2020-09-11T17:57:06.081+0000][1][safepoint    ] Safepoint "RevokeBias", Time since last: 47872 ns, Reaching safepoint: 211767 ns, At safepoint: 14152 ns, Total: 225919 ns
[2020-09-11T17:57:06.081+0000][1][safepoint    ] Safepoint "RevokeBias", Time since last: 38624 ns, Reaching safepoint: 114185 ns, At safepoint: 12445 ns, Total: 126630 ns
[2020-09-11T17:57:06.081+0000][1][safepoint    ] Safepoint "RevokeBias", Time since last: 32070 ns, Reaching safepoint: 89314 ns, At safepoint: 11904 ns, Total: 101218 ns
[2020-09-11T17:57:06.083+0000][1][safepoint    ] Safepoint "RevokeBias", Time since last: 241748 ns, Reaching safepoint: 1494160 ns, At safepoint: 16149 ns, Total: 1510309 ns
[2020-09-11T17:57:06.083+0000][1][safepoint    ] Safepoint "RevokeBias", Time since last: 43730 ns, Reaching safepoint: 90293 ns, At safepoint: 11965 ns, Total: 102258 ns
[2020-09-11T17:57:06.083+0000][1][safepoint    ] Safepoint "RevokeBias", Time since last: 34145 ns, Reaching safepoint: 91325 ns, At safepoint: 13957 ns, Total: 105282 ns
[2020-09-11T17:57:06.125+0000][1][safepoint    ] Safepoint "RevokeBias", Time since last: 41353563 ns, Reaching safepoint: 318305 ns, At safepoint: 18255 ns, Total: 336560 ns
[2020-09-11T17:57:06.233+0000][1][safepoint    ] Safepoint "RevokeBias", Time since last: 107659005 ns, Reaching safepoint: 127979 ns, At safepoint: 20361 ns, Total: 148340 ns
[2020-09-11T17:57:06.233+0000][1][safepoint    ] Safepoint "RevokeBias", Time since last: 65383 ns, Reaching safepoint: 17419 ns, At safepoint: 10899 ns, Total: 28318 ns
[2020-09-11T17:57:06.233+0000][1][safepoint    ] Safepoint "RevokeBias", Time since last: 33244 ns, Reaching safepoint: 16410 ns, At safepoint: 9792 ns, Total: 26202 ns
[2020-09-11T17:57:06.233+0000][1][safepoint    ] Safepoint "RevokeBias", Time since last: 55793 ns, Reaching safepoint: 16197 ns, At safepoint: 10355 ns, Total: 26552 ns
[2020-09-11T17:57:06.341+0000][1][safepoint    ] Safepoint "RevokeBias", Time since last: 107224332 ns, Reaching safepoint: 403967 ns, At safepoint: 21042 ns, Total: 425009 ns
[2020-09-11T17:57:07.009+0000][1][safepoint    ] Safepoint "RevokeBias", Time since last: 664498166 ns, Reaching safepoint: 3198573 ns, At safepoint: 22683 ns, Total: 3221256 ns
[2020-09-11T17:57:07.025+0000][1][safepoint    ] Safepoint "RevokeBias", Time since last: 12160995 ns, Reaching safepoint: 4115974 ns, At safepoint: 26653 ns, Total: 4142627 ns
[2020-09-11T17:57:07.028+0000][1][safepoint    ] Safepoint "RevokeBias", Time since last: 296846 ns, Reaching safepoint: 3094126 ns, At safepoint: 22607 ns, Total: 3116733 ns
[2020-09-11T17:57:07.029+0000][1][safepoint    ] Safepoint "RevokeBias", Time since last: 687569 ns, Reaching safepoint: 93039 ns, At safepoint: 14056 ns, Total: 107095 ns
[2020-09-11T17:57:07.029+0000][1][safepoint    ] Safepoint "RevokeBias", Time since last: 311891 ns, Reaching safepoint: 92624 ns, At safepoint: 12928 ns, Total: 105552 ns
[2020-09-11T17:57:07.173+0000][1][safepoint    ] Safepoint "RevokeBias", Time since last: 143323492 ns, Reaching safepoint: 121733 ns, At safepoint: 20393 ns, Total: 142126 ns
[2020-09-11T17:57:07.201+0000][1][safepoint    ] Safepoint "RevokeBias", Time since last: 28024139 ns, Reaching safepoint: 109149 ns, At safepoint: 18451 ns, Total: 127600 ns
[2020-09-11T17:57:07.541+0000][1][safepoint    ] Safepoint "RevokeBias", Time since last: 339783861 ns, Reaching safepoint: 120906 ns, At safepoint: 16627 ns, Total: 137533 ns
[2020-09-11T17:57:07.570+0000][1][safepoint    ] Safepoint "RevokeBias", Time since last: 28896464 ns, Reaching safepoint: 116997 ns, At safepoint: 18656 ns, Total: 135653 ns
[2020-09-11T17:57:07.570+0000][1][safepoint    ] Safepoint "RevokeBias", Time since last: 106364 ns, Reaching safepoint: 87727 ns, At safepoint: 12472 ns, Total: 100199 ns
[2020-09-11T17:57:07.570+0000][1][safepoint    ] Safepoint "RevokeBias", Time since last: 40517 ns, Reaching safepoint: 87642 ns, At safepoint: 11962 ns, Total: 99604 ns
[2020-09-11T17:57:07.576+0000][1][safepoint    ] Safepoint "RevokeBias", Time since last: 6013599 ns, Reaching safepoint: 74723 ns, At safepoint: 21095 ns, Total: 95818 ns
[2020-09-11T17:57:07.581+0000][1][safepoint    ] Safepoint "RevokeBias", Time since last: 4797399 ns, Reaching safepoint: 106708 ns, At safepoint: 18931 ns, Total: 125639 ns
[2020-09-11T17:57:08.012+0000][1][safepoint    ] Safepoint "RevokeBias", Time since last: 429605117 ns, Reaching safepoint: 1244683 ns, At safepoint: 18509 ns, Total: 1263192 ns
[2020-09-11T17:57:08.016+0000][1][safepoint    ] Safepoint "RevokeBias", Time since last: 704482 ns, Reaching safepoint: 2864249 ns, At safepoint: 23323 ns, Total: 2887572 ns
[2020-09-11T17:57:08.021+0000][1][safepoint    ] Safepoint "RevokeBias", Time since last: 641865 ns, Reaching safepoint: 4292075 ns, At safepoint: 20906 ns, Total: 4312981 ns
[2020-09-11T17:57:08.033+0000][1][safepoint    ] Safepoint "RevokeBias", Time since last: 7957277 ns, Reaching safepoint: 4037886 ns, At safepoint: 28722 ns, Total: 4066608 ns
[2020-09-11T17:57:08.057+0000][1][safepoint    ] Safepoint "RevokeBias", Time since last: 20535713 ns, Reaching safepoint: 3545427 ns, At safepoint: 26049 ns, Total: 3571476 ns
[2020-09-11T17:57:08.069+0000][1][safepoint    ] Safepoint "RevokeBias", Time since last: 11836825 ns, Reaching safepoint: 117123 ns, At safepoint: 17608 ns, Total: 134731 ns
[2020-09-11T17:57:08.070+0000][1][safepoint    ] Safepoint "RevokeBias", Time since last: 989866 ns, Reaching safepoint: 25134 ns, At safepoint: 11803 ns, Total: 36937 ns
[2020-09-11T17:57:08.496+0000][1][safepoint    ] Safepoint "RevokeBias", Time since last: 423961522 ns, Reaching safepoint: 2248019 ns, At safepoint: 26366 ns, Total: 2274385 ns
[2020-09-11T17:57:08.528+0000][1][safepoint    ] Safepoint "RevokeBias", Time since last: 30809886 ns, Reaching safepoint: 1092947 ns, At safepoint: 21632 ns, Total: 1114579 ns
[2020-09-11T17:57:08.529+0000][1][safepoint    ] Safepoint "RevokeBias", Time since last: 463137 ns, Reaching safepoint: 248333 ns, At safepoint: 20693 ns, Total: 269026 ns
[2020-09-11T17:57:08.541+0000][1][gc,start     ] GC(65) Pause Young (Allocation Failure)
[2020-09-11T17:57:08.541+0000][1][gc,task      ] GC(65) Using 1 workers of 1 for evacuation
[2020-09-11T17:57:08.634+0000][1][gc,age       ] GC(65) Desired survivor size 4358144 bytes, new threshold 2 (max threshold 6)
[2020-09-11T17:57:08.634+0000][1][gc,age       ] GC(65) Age table with threshold 2 (max threshold 6)
[2020-09-11T17:57:08.634+0000][1][gc,age       ] GC(65) - age   1:    2364264 bytes,    2364264 total
[2020-09-11T17:57:08.634+0000][1][gc,age       ] GC(65) - age   2:    3477968 bytes,    5842232 total
[2020-09-11T17:57:08.634+0000][1][gc,heap      ] GC(65) ParNew: 75883K->6078K(76672K)
[2020-09-11T17:57:08.634+0000][1][gc,heap      ] GC(65) CMS: 55689K->59061K(439104K)
[2020-09-11T17:57:08.634+0000][1][gc,metaspace ] GC(65) Metaspace: 73553K->73553K(1116160K)
[2020-09-11T17:57:08.634+0000][1][gc           ] GC(65) Pause Young (Allocation Failure) 128M->63M(503M) 93.755ms
[2020-09-11T17:57:08.634+0000][1][gc,cpu       ] GC(65) User=0.04s Sys=0.00s Real=0.10s
[2020-09-11T17:57:08.665+0000][1][safepoint    ] Safepoint "GenCollectForAllocation", Time since last: 9762681 ns, Reaching safepoint: 2057574 ns, At safepoint: 124436113 ns, Total: 126493687 ns
[2020-09-11T17:57:08.683+0000][1][safepoint    ] Safepoint "RevokeBias", Time since last: 17758103 ns, Reaching safepoint: 129661 ns, At safepoint: 26112 ns, Total: 155773 ns
[2020-09-11T17:57:08.715+0000][1][safepoint    ] Safepoint "RevokeBias", Time since last: 30108555 ns, Reaching safepoint: 1768376 ns, At safepoint: 62444 ns, Total: 1830820 ns
[2020-09-11T17:57:08.717+0000][1][safepoint    ] Safepoint "RevokeBias", Time since last: 454451 ns, Reaching safepoint: 1374241 ns, At safepoint: 48973 ns, Total: 1423214 ns
[2020-09-11T17:57:08.721+0000][1][safepoint    ] Safepoint "RevokeBias", Time since last: 52235 ns, Reaching safepoint: 3887549 ns, At safepoint: 45073 ns, Total: 3932622 ns
[2020-09-11T17:57:08.833+0000][1][safepoint    ] Safepoint "RevokeBias", Time since last: 111981197 ns, Reaching safepoint: 113450 ns, At safepoint: 24901 ns, Total: 138351 ns
[2020-09-11T17:57:08.858+0000][1][safepoint    ] Safepoint "RevokeBias", Time since last: 15863796 ns, Reaching safepoint: 9072257 ns, At safepoint: 56876 ns, Total: 9129133 ns
[2020-09-11T17:57:09.007+0000][1][safepoint    ] Safepoint "RevokeBias", Time since last: 148943296 ns, Reaching safepoint: 181582 ns, At safepoint: 15550 ns, Total: 197132 ns
[2020-09-11T17:57:09.007+0000][1][safepoint    ] Safepoint "RevokeBias", Time since last: 231000 ns, Reaching safepoint: 87267 ns, At safepoint: 11710 ns, Total: 98977 ns
[2020-09-11T17:57:09.008+0000][1][safepoint    ] Safepoint "RevokeBias", Time since last: 511719 ns, Reaching safepoint: 88335 ns, At safepoint: 10922 ns, Total: 99257 ns
[2020-09-11T17:57:09.008+0000][1][safepoint    ] Safepoint "RevokeBias", Time since last: 266341 ns, Reaching safepoint: 88060 ns, At safepoint: 10841 ns, Total: 98901 ns
[2020-09-11T17:57:09.137+0000][1][safepoint    ] Safepoint "RevokeBias", Time since last: 128764334 ns, Reaching safepoint: 110647 ns, At safepoint: 36084 ns, Total: 146731 ns
[2020-09-11T17:57:09.151+0000][1][safepoint    ] Safepoint "RevokeBias", Time since last: 13164666 ns, Reaching safepoint: 48131 ns, At safepoint: 19118 ns, Total: 67249 ns
[2020-09-11T17:57:09.161+0000][1][safepoint    ] Safepoint "RevokeBias", Time since last: 10280956 ns, Reaching safepoint: 118847 ns, At safepoint: 35690 ns, Total: 154537 ns
[2020-09-11T17:57:09.175+0000][1][safepoint    ] Safepoint "RevokeBias", Time since last: 13448007 ns, Reaching safepoint: 113818 ns, At safepoint: 39729 ns, Total: 153547 ns
[2020-09-11T17:57:09.193+0000][1][safepoint    ] Safepoint "RevokeBias", Time since last: 6377808 ns, Reaching safepoint: 11884291 ns, At safepoint: 65901 ns, Total: 11950192 ns
[2020-09-11T17:57:09.198+0000][1][safepoint    ] Safepoint "RevokeBias", Time since last: 5041821 ns, Reaching safepoint: 110444 ns, At safepoint: 49743 ns, Total: 160187 ns
[2020-09-11T17:57:09.199+0000][1][safepoint    ] Safepoint "RevokeBias", Time since last: 291715 ns, Reaching safepoint: 86940 ns, At safepoint: 39281 ns, Total: 126221 ns
[2020-09-11T17:57:09.199+0000][1][safepoint    ] Safepoint "RevokeBias", Time since last: 216936 ns, Reaching safepoint: 88339 ns, At safepoint: 36617 ns, Total: 124956 ns
[2020-09-11T17:57:09.205+0000][1][safepoint    ] Safepoint "RevokeBias", Time since last: 6164069 ns, Reaching safepoint: 111293 ns, At safepoint: 50920 ns, Total: 162213 ns
[2020-09-11T17:57:09.206+0000][1][safepoint    ] Safepoint "RevokeBias", Time since last: 242610 ns, Reaching safepoint: 87796 ns, At safepoint: 33928 ns, Total: 121724 ns
[2020-09-11T17:57:09.206+0000][1][safepoint    ] Safepoint "RevokeBias", Time since last: 73456 ns, Reaching safepoint: 85138 ns, At safepoint: 11099 ns, Total: 96237 ns
[2020-09-11T17:57:09.206+0000][1][safepoint    ] Safepoint "RevokeBias", Time since last: 439124 ns, Reaching safepoint: 86153 ns, At safepoint: 11116 ns, Total: 97269 ns
[2020-09-11T17:57:09.209+0000][1][safepoint    ] Safepoint "RevokeBias", Time since last: 2515793 ns, Reaching safepoint: 92188 ns, At safepoint: 30037 ns, Total: 122225 ns
[2020-09-11T17:57:09.209+0000][1][safepoint    ] Safepoint "RevokeBias", Time since last: 165639 ns, Reaching safepoint: 86277 ns, At safepoint: 26233 ns, Total: 112510 ns
[2020-09-11T17:57:09.210+0000][1][safepoint    ] Safepoint "RevokeBias", Time since last: 435269 ns, Reaching safepoint: 88471 ns, At safepoint: 37148 ns, Total: 125619 ns
[2020-09-11T17:57:09.210+0000][1][safepoint    ] Safepoint "RevokeBias", Time since last: 85981 ns, Reaching safepoint: 86593 ns, At safepoint: 31943 ns, Total: 118536 ns
[2020-09-11T17:57:09.210+0000][1][safepoint    ] Safepoint "BulkRevokeBias", Time since last: 140353 ns, Reaching safepoint: 87419 ns, At safepoint: 246159 ns, Total: 333578 ns
[2020-09-11T17:57:09.221+0000][1][safepoint    ] Safepoint "BulkRevokeBias", Time since last: 10496438 ns, Reaching safepoint: 109374 ns, At safepoint: 122199 ns, Total: 231573 ns
[2020-09-11T17:57:09.222+0000][1][safepoint    ] Safepoint "RevokeBias", Time since last: 1143817 ns, Reaching safepoint: 94797 ns, At safepoint: 23998 ns, Total: 118795 ns
[2020-09-11T17:57:09.223+0000][1][safepoint    ] Safepoint "RevokeBias", Time since last: 156304 ns, Reaching safepoint: 83991 ns, At safepoint: 17925 ns, Total: 101916 ns
[2020-09-11T17:57:09.229+0000][1][safepoint    ] Safepoint "RevokeBias", Time since last: 155289 ns, Reaching safepoint: 6021763 ns, At safepoint: 41337 ns, Total: 6063100 ns
[2020-09-11T17:57:09.229+0000][1][safepoint    ] Safepoint "RevokeBias", Time since last: 379941 ns, Reaching safepoint: 86090 ns, At safepoint: 18299 ns, Total: 104389 ns
[2020-09-11T17:57:09.233+0000][1][safepoint    ] Safepoint "RevokeBias", Time since last: 3418293 ns, Reaching safepoint: 104780 ns, At safepoint: 28339 ns, Total: 133119 ns
[2020-09-11T17:57:09.237+0000][1][safepoint    ] Safepoint "RevokeBias", Time since last: 3867014 ns, Reaching safepoint: 102312 ns, At safepoint: 25795 ns, Total: 128107 ns
[2020-09-11T17:57:09.241+0000][1][safepoint    ] Safepoint "RevokeBias", Time since last: 3944737 ns, Reaching safepoint: 447939 ns, At safepoint: 29395 ns, Total: 477334 ns
[2020-09-11T17:57:09.242+0000][1][safepoint    ] Safepoint "RevokeBias", Time since last: 355389 ns, Reaching safepoint: 85270 ns, At safepoint: 18457 ns, Total: 103727 ns
[2020-09-11T17:57:09.271+0000][1][safepoint    ] Safepoint "RevokeBias", Time since last: 26986271 ns, Reaching safepoint: 2115640 ns, At safepoint: 18216 ns, Total: 2133856 ns
[2020-09-11T17:57:09.277+0000][1][safepoint    ] Safepoint "RevokeBias", Time since last: 5956384 ns, Reaching safepoint: 120647 ns, At safepoint: 18493 ns, Total: 139140 ns
[2020-09-11T17:57:09.278+0000][1][safepoint    ] Safepoint "BulkRevokeBias", Time since last: 662306 ns, Reaching safepoint: 88707 ns, At safepoint: 127801 ns, Total: 216508 ns
[2020-09-11T17:57:09.803+0000][1][safepoint    ] Safepoint "RevokeBias", Time since last: 524989483 ns, Reaching safepoint: 118556 ns, At safepoint: 20731 ns, Total: 139287 ns
[2020-09-11T17:57:09.829+0000][1][safepoint    ] Safepoint "RevokeBias", Time since last: 16080609 ns, Reaching safepoint: 9738819 ns, At safepoint: 53533 ns, Total: 9792352 ns
[2020-09-11T17:57:09.990+0000][1][safepoint    ] Safepoint "RevokeBias", Time since last: 160892731 ns, Reaching safepoint: 121644 ns, At safepoint: 28662 ns, Total: 150306 ns
[2020-09-11T17:57:10.252+0000][1][safepoint    ] Safepoint "RevokeBias", Time since last: 261839881 ns, Reaching safepoint: 123114 ns, At safepoint: 17376 ns, Total: 140490 ns
[2020-09-11T17:57:10.252+0000][1][safepoint    ] Safepoint "RevokeBias", Time since last: 283654 ns, Reaching safepoint: 87631 ns, At safepoint: 10902 ns, Total: 98533 ns
[2020-09-11T17:57:10.253+0000][1][safepoint    ] Safepoint "RevokeBias", Time since last: 851117 ns, Reaching safepoint: 91656 ns, At safepoint: 11260 ns, Total: 102916 ns
[2020-09-11T17:57:10.387+0000][1][safepoint    ] Safepoint "RevokeBias", Time since last: 133575378 ns, Reaching safepoint: 109587 ns, At safepoint: 14295 ns, Total: 123882 ns
[2020-09-11T17:57:10.441+0000][1][safepoint    ] Safepoint "RevokeBias", Time since last: 53546017 ns, Reaching safepoint: 117653 ns, At safepoint: 45898 ns, Total: 163551 ns
[2020-09-11T17:57:10.685+0000][1][safepoint    ] Safepoint "RevokeBias", Time since last: 244260444 ns, Reaching safepoint: 126597 ns, At safepoint: 51432 ns, Total: 178029 ns
[2020-09-11T17:57:10.704+0000][1][safepoint    ] Safepoint "RevokeBias", Time since last: 11986501 ns, Reaching safepoint: 6724350 ns, At safepoint: 131424 ns, Total: 6855774 ns
[2020-09-11T17:57:10.939+0000][1][safepoint    ] Safepoint "RevokeBias", Time since last: 234391935 ns, Reaching safepoint: 251262 ns, At safepoint: 16318 ns, Total: 267580 ns
[2020-09-11T17:57:11.001+0000][1][safepoint    ] Safepoint "RevokeBias", Time since last: 62213009 ns, Reaching safepoint: 125789 ns, At safepoint: 16991 ns, Total: 142780 ns
[2020-09-11T17:57:11.029+0000][1][safepoint    ] Safepoint "RevokeBias", Time since last: 16356616 ns, Reaching safepoint: 11247681 ns, At safepoint: 21811 ns, Total: 11269492 ns
[2020-09-11T17:57:11.033+0000][1][safepoint    ] Safepoint "RevokeBias", Time since last: 4206457 ns, Reaching safepoint: 116504 ns, At safepoint: 17157 ns, Total: 133661 ns
[2020-09-11T17:57:11.034+0000][1][safepoint    ] Safepoint "RevokeBias", Time since last: 1178401 ns, Reaching safepoint: 107493 ns, At safepoint: 12966 ns, Total: 120459 ns
[2020-09-11T17:57:11.076+0000][1][safepoint    ] Safepoint "RevokeBias", Time since last: 41829782 ns, Reaching safepoint: 106819 ns, At safepoint: 15231 ns, Total: 122050 ns
[2020-09-11T17:57:11.118+0000][1][safepoint    ] Safepoint "RevokeBias", Time since last: 40810830 ns, Reaching safepoint: 520902 ns, At safepoint: 21676 ns, Total: 542578 ns
[2020-09-11T17:57:11.137+0000][1][safepoint    ] Safepoint "RevokeBias", Time since last: 19252859 ns, Reaching safepoint: 253157 ns, At safepoint: 19750 ns, Total: 272907 ns
[2020-09-11T17:57:11.139+0000][1][safepoint    ] Safepoint "RevokeBias", Time since last: 2028753 ns, Reaching safepoint: 119400 ns, At safepoint: 15757 ns, Total: 135157 ns
[2020-09-11T17:57:11.197+0000][1][safepoint    ] Safepoint "RevokeBias", Time since last: 50426892 ns, Reaching safepoint: 7285334 ns, At safepoint: 49175 ns, Total: 7334509 ns
[2020-09-11T17:57:11.261+0000][1][safepoint    ] Safepoint "RevokeBias", Time since last: 63902448 ns, Reaching safepoint: 123957 ns, At safepoint: 18797 ns, Total: 142754 ns
[2020-09-11T17:57:11.262+0000][1][safepoint    ] Safepoint "RevokeBias", Time since last: 1307330 ns, Reaching safepoint: 36117 ns, At safepoint: 14071 ns, Total: 50188 ns
[2020-09-11T17:57:11.264+0000][1][safepoint    ] Safepoint "RevokeBias", Time since last: 2037300 ns, Reaching safepoint: 34735 ns, At safepoint: 13671 ns, Total: 48406 ns
[2020-09-11T17:57:11.277+0000][1][safepoint    ] Safepoint "RevokeBias", Time since last: 8337956 ns, Reaching safepoint: 4024927 ns, At safepoint: 24003 ns, Total: 4048930 ns
[2020-09-11T17:57:11.533+0000][1][safepoint    ] Safepoint "RevokeBias", Time since last: 255599255 ns, Reaching safepoint: 141308 ns, At safepoint: 44009 ns, Total: 185317 ns
[2020-09-11T17:57:11.535+0000][1][safepoint    ] Safepoint "BulkRevokeBias", Time since last: 2276630 ns, Reaching safepoint: 108413 ns, At safepoint: 135678 ns, Total: 244091 ns
[2020-09-11T17:57:11.832+0000][1][safepoint    ] Safepoint "RevokeBias", Time since last: 296383450 ns, Reaching safepoint: 144261 ns, At safepoint: 19604 ns, Total: 163865 ns
[2020-09-11T17:57:11.832+0000][1][safepoint    ] Safepoint "RevokeBias", Time since last: 68800 ns, Reaching safepoint: 18234 ns, At safepoint: 11211 ns, Total: 29445 ns
[2020-09-11T17:57:12.081+0000][1][safepoint    ] Safepoint "RevokeBias", Time since last: 248989431 ns, Reaching safepoint: 127921 ns, At safepoint: 15391 ns, Total: 143312 ns
[2020-09-11T17:57:12.226+0000][1][safepoint    ] Safepoint "RevokeBias", Time since last: 145058781 ns, Reaching safepoint: 119643 ns, At safepoint: 19688 ns, Total: 139331 ns
[2020-09-11T17:57:12.227+0000][1][safepoint    ] Safepoint "RevokeBias", Time since last: 424722 ns, Reaching safepoint: 92087 ns, At safepoint: 13830 ns, Total: 105917 ns
[2020-09-11T17:57:12.233+0000][1][safepoint    ] Safepoint "RevokeBias", Time since last: 6142053 ns, Reaching safepoint: 124287 ns, At safepoint: 21924 ns, Total: 146211 ns
[2020-09-11T17:57:12.545+0000][1][safepoint    ] Safepoint "RevokeBias", Time since last: 312067954 ns, Reaching safepoint: 44114 ns, At safepoint: 20581 ns, Total: 64695 ns
[2020-09-11T17:57:13.553+0000][1][safepoint    ] Safepoint "Cleanup", Time since last: 1007724174 ns, Reaching safepoint: 64225 ns, At safepoint: 9036 ns, Total: 73261 ns
[2020-09-11T17:57:14.235+0000][1][safepoint    ] Safepoint "RevokeBias", Time since last: 682305502 ns, Reaching safepoint: 39526 ns, At safepoint: 12118 ns, Total: 51644 ns
[2020-09-11T17:57:14.285+0000][1][safepoint    ] Safepoint "RevokeBias", Time since last: 49364926 ns, Reaching safepoint: 114621 ns, At safepoint: 16006 ns, Total: 130627 ns
[2020-09-11T17:57:14.304+0000][1][safepoint    ] Safepoint "RevokeBias", Time since last: 19145956 ns, Reaching safepoint: 106774 ns, At safepoint: 21513 ns, Total: 128287 ns
[2020-09-11T17:57:14.322+0000][1][safepoint    ] Safepoint "RevokeBias", Time since last: 17785483 ns, Reaching safepoint: 110357 ns, At safepoint: 23255 ns, Total: 133612 ns
[2020-09-11T17:57:14.329+0000][1][safepoint    ] Safepoint "RevokeBias", Time since last: 6681419 ns, Reaching safepoint: 105082 ns, At safepoint: 14010 ns, Total: 119092 ns
[2020-09-11T17:57:14.340+0000][1][safepoint    ] Safepoint "RevokeBias", Time since last: 10346781 ns, Reaching safepoint: 723501 ns, At safepoint: 30933 ns, Total: 754434 ns
[2020-09-11T17:57:14.397+0000][1][safepoint    ] Safepoint "RevokeBias", Time since last: 47879341 ns, Reaching safepoint: 9120827 ns, At safepoint: 25787 ns, Total: 9146614 ns
[2020-09-11T17:57:14.549+0000][1][safepoint    ] Safepoint "RevokeBias", Time since last: 148071312 ns, Reaching safepoint: 3915446 ns, At safepoint: 31123 ns, Total: 3946569 ns
[2020-09-11T17:57:14.554+0000][1][safepoint    ] Safepoint "RevokeBias", Time since last: 2378898 ns, Reaching safepoint: 2642397 ns, At safepoint: 25433 ns, Total: 2667830 ns
[2020-09-11T17:57:14.554+0000][1][safepoint    ] Safepoint "RevokeBias", Time since last: 69676 ns, Reaching safepoint: 93495 ns, At safepoint: 15328 ns, Total: 108823 ns
[2020-09-11T17:57:14.601+0000][1][safepoint    ] Safepoint "RevokeBias", Time since last: 44014332 ns, Reaching safepoint: 2727754 ns, At safepoint: 58083 ns, Total: 2785837 ns
[2020-09-11T17:57:14.657+0000][1][safepoint    ] Safepoint "RevokeBias", Time since last: 48983850 ns, Reaching safepoint: 6958916 ns, At safepoint: 37572 ns, Total: 6996488 ns
[2020-09-11T17:57:15.657+0000][1][safepoint    ] Safepoint "Cleanup", Time since last: 1000066890 ns, Reaching safepoint: 72854 ns, At safepoint: 8336 ns, Total: 81190 ns
[2020-09-11T17:57:15.693+0000][1][safepoint    ] Safepoint "RevokeBias", Time since last: 35020086 ns, Reaching safepoint: 773657 ns, At safepoint: 19443 ns, Total: 793100 ns
[2020-09-11T17:57:15.799+0000][1][safepoint    ] Safepoint "RevokeBias", Time since last: 106057959 ns, Reaching safepoint: 119395 ns, At safepoint: 14488 ns, Total: 133883 ns
[2020-09-11T17:57:15.805+0000][1][gc,start     ] GC(66) Pause Young (Allocation Failure)
[2020-09-11T17:57:15.805+0000][1][gc,task      ] GC(66) Using 1 workers of 1 for evacuation
[2020-09-11T17:57:15.873+0000][1][gc,age       ] GC(66) Desired survivor size 4358144 bytes, new threshold 6 (max threshold 6)
[2020-09-11T17:57:15.873+0000][1][gc,age       ] GC(66) Age table with threshold 6 (max threshold 6)
[2020-09-11T17:57:15.873+0000][1][gc,age       ] GC(66) - age   1:    1111936 bytes,    1111936 total
[2020-09-11T17:57:15.873+0000][1][gc,age       ] GC(66) - age   2:    2044376 bytes,    3156312 total
[2020-09-11T17:57:15.873+0000][1][gc,heap      ] GC(66) ParNew: 74238K->5798K(76672K)
[2020-09-11T17:57:15.873+0000][1][gc,heap      ] GC(66) CMS: 59061K->62593K(439104K)
[2020-09-11T17:57:15.873+0000][1][gc,metaspace ] GC(66) Metaspace: 74633K->74633K(1118208K)
[2020-09-11T17:57:15.873+0000][1][gc           ] GC(66) Pause Young (Allocation Failure) 130M->66M(503M) 67.816ms
[2020-09-11T17:57:15.873+0000][1][gc,cpu       ] GC(66) User=0.02s Sys=0.00s Real=0.06s
[2020-09-11T17:57:15.916+0000][1][safepoint    ] Safepoint "GenCollectForAllocation", Time since last: 4314626 ns, Reaching safepoint: 1464323 ns, At safepoint: 110767273 ns, Total: 112231596 ns
[2020-09-11T17:57:15.942+0000][1][safepoint    ] Safepoint "RevokeBias", Time since last: 14292644 ns, Reaching safepoint: 11129105 ns, At safepoint: 1392454 ns, Total: 12521559 ns
[2020-09-11T17:57:15.943+0000][1][safepoint    ] Safepoint "RevokeBias", Time since last: 114120 ns, Reaching safepoint: 95266 ns, At safepoint: 22561 ns, Total: 117827 ns
[2020-09-11T17:57:15.944+0000][1][safepoint    ] Safepoint "RevokeBias", Time since last: 1213725 ns, Reaching safepoint: 27084 ns, At safepoint: 14112 ns, Total: 41196 ns
[2020-09-11T17:57:16.038+0000][1][safepoint    ] Safepoint "RevokeBias", Time since last: 87836880 ns, Reaching safepoint: 6308009 ns, At safepoint: 41177 ns, Total: 6349186 ns
[2020-09-11T17:57:16.314+0000][1][safepoint    ] Safepoint "RevokeBias", Time since last: 275930597 ns, Reaching safepoint: 136777 ns, At safepoint: 10596 ns, Total: 147373 ns
[2020-09-11T17:57:16.565+0000][1][safepoint    ] Safepoint "RevokeBias", Time since last: 245479760 ns, Reaching safepoint: 5209952 ns, At safepoint: 19190 ns, Total: 5229142 ns
[2020-09-11T17:57:16.571+0000][1][safepoint    ] Safepoint "RevokeBias", Time since last: 4350485 ns, Reaching safepoint: 1983651 ns, At safepoint: 11492 ns, Total: 1995143 ns
[2020-09-11T17:57:16.571+0000][1][safepoint    ] Safepoint "RevokeBias", Time since last: 80719 ns, Reaching safepoint: 98101 ns, At safepoint: 7098 ns, Total: 105199 ns
[2020-09-11T17:57:16.572+0000][1][safepoint    ] Safepoint "RevokeBias", Time since last: 178189 ns, Reaching safepoint: 97925 ns, At safepoint: 7119 ns, Total: 105044 ns
[2020-09-11T17:57:16.573+0000][1][safepoint    ] Safepoint "RevokeBias", Time since last: 857996 ns, Reaching safepoint: 100068 ns, At safepoint: 7385 ns, Total: 107453 ns
[2020-09-11T17:57:16.596+0000][1][safepoint    ] Safepoint "RevokeBias", Time since last: 22837002 ns, Reaching safepoint: 292251 ns, At safepoint: 10465 ns, Total: 302716 ns
[2020-09-11T17:57:16.656+0000][1][safepoint    ] Safepoint "RevokeBias", Time since last: 58380553 ns, Reaching safepoint: 1366012 ns, At safepoint: 13233 ns, Total: 1379245 ns
[2020-09-11T17:57:16.656+0000][1][safepoint    ] Safepoint "RevokeBias", Time since last: 85037 ns, Reaching safepoint: 112048 ns, At safepoint: 8678 ns, Total: 120726 ns
[2020-09-11T17:57:17.061+0000][1][gc,start     ] GC(67) Pause Young (Allocation Failure)
[2020-09-11T17:57:17.061+0000][1][gc,task      ] GC(67) Using 1 workers of 1 for evacuation
[2020-09-11T17:57:17.125+0000][1][gc,age       ] GC(67) Desired survivor size 4358144 bytes, new threshold 6 (max threshold 6)
[2020-09-11T17:57:17.125+0000][1][gc,age       ] GC(67) Age table with threshold 6 (max threshold 6)
[2020-09-11T17:57:17.125+0000][1][gc,age       ] GC(67) - age   1:     696328 bytes,     696328 total
[2020-09-11T17:57:17.125+0000][1][gc,age       ] GC(67) - age   2:     815536 bytes,    1511864 total
[2020-09-11T17:57:17.125+0000][1][gc,age       ] GC(67) - age   3:    1993592 bytes,    3505456 total
[2020-09-11T17:57:17.125+0000][1][gc,heap      ] GC(67) ParNew: 73958K->5211K(76672K)
[2020-09-11T17:57:17.125+0000][1][gc,heap      ] GC(67) CMS: 62593K->62593K(439104K)
[2020-09-11T17:57:17.125+0000][1][gc,metaspace ] GC(67) Metaspace: 76461K->76461K(1120256K)
[2020-09-11T17:57:17.129+0000][1][gc           ] GC(67) Pause Young (Allocation Failure) 133M->66M(503M) 67.582ms
[2020-09-11T17:57:17.129+0000][1][gc,cpu       ] GC(67) User=0.02s Sys=0.00s Real=0.06s
[2020-09-11T17:57:17.144+0000][1][safepoint    ] Safepoint "GenCollectForAllocation", Time since last: 405297914 ns, Reaching safepoint: 163638 ns, At safepoint: 82342901 ns, Total: 82506539 ns
[2020-09-11T17:57:17.151+0000][1][safepoint    ] Safepoint "Deoptimize", Time since last: 2941687 ns, Reaching safepoint: 45946 ns, At safepoint: 4348245 ns, Total: 4394191 ns
[2020-09-11T17:57:17.565+0000][1][safepoint    ] Safepoint "RevokeBias", Time since last: 413921476 ns, Reaching safepoint: 149048 ns, At safepoint: 9415 ns, Total: 158463 ns
[2020-09-11T17:57:17.565+0000][1][safepoint    ] Safepoint "RevokeBias", Time since last: 71537 ns, Reaching safepoint: 20616 ns, At safepoint: 4617 ns, Total: 25233 ns
[2020-09-11T17:57:17.619+0000][1][safepoint    ] Safepoint "RevokeBias", Time since last: 53741539 ns, Reaching safepoint: 118153 ns, At safepoint: 8594 ns, Total: 126747 ns
[2020-09-11T17:57:17.619+0000][1][safepoint    ] Safepoint "BulkRevokeBias", Time since last: 84802 ns, Reaching safepoint: 88353 ns, At safepoint: 129932 ns, Total: 218285 ns
[2020-09-11T17:57:17.623+0000][1][safepoint    ] Safepoint "RevokeBias", Time since last: 3582247 ns, Reaching safepoint: 125923 ns, At safepoint: 7766 ns, Total: 133689 ns
[2020-09-11T17:57:17.623+0000][1][safepoint    ] Safepoint "RevokeBias", Time since last: 269458 ns, Reaching safepoint: 91372 ns, At safepoint: 5630 ns, Total: 97002 ns
[2020-09-11T17:57:17.718+0000][1][safepoint    ] Safepoint "RevokeBias", Time since last: 94168950 ns, Reaching safepoint: 120513 ns, At safepoint: 8260 ns, Total: 128773 ns
[2020-09-11T17:57:17.718+0000][1][safepoint    ] Safepoint "BulkRevokeBias", Time since last: 123633 ns, Reaching safepoint: 94176 ns, At safepoint: 129474 ns, Total: 223650 ns
[2020-09-11T17:57:17.723+0000][1][safepoint    ] Safepoint "RevokeBias", Time since last: 5141234 ns, Reaching safepoint: 128381 ns, At safepoint: 8915 ns, Total: 137296 ns
[2020-09-11T17:57:18.081+0000][1][safepoint    ] Safepoint "RevokeBias", Time since last: 357581352 ns, Reaching safepoint: 140718 ns, At safepoint: 10822 ns, Total: 151540 ns
[2020-09-11T17:57:18.172+0000][1][safepoint    ] Safepoint "RevokeBias", Time since last: 85618097 ns, Reaching safepoint: 5289029 ns, At safepoint: 13190 ns, Total: 5302219 ns
[2020-09-11T17:57:18.173+0000][1][safepoint    ] Safepoint "RevokeBias", Time since last: 833044 ns, Reaching safepoint: 68168 ns, At safepoint: 6039 ns, Total: 74207 ns
[2020-09-11T17:57:19.173+0000][1][safepoint    ] Safepoint "Cleanup", Time since last: 1000086930 ns, Reaching safepoint: 70270 ns, At safepoint: 5819 ns, Total: 76089 ns
[2020-09-11T17:57:19.473+0000][1][safepoint    ] Safepoint "RevokeBias", Time since last: 299934656 ns, Reaching safepoint: 142592 ns, At safepoint: 36461 ns, Total: 179053 ns
[2020-09-11T17:57:19.477+0000][1][safepoint    ] Safepoint "RevokeBias", Time since last: 2095464 ns, Reaching safepoint: 1658954 ns, At safepoint: 30784 ns, Total: 1689738 ns
[2020-09-11T17:57:19.478+0000][1][safepoint    ] Safepoint "RevokeBias", Time since last: 254990 ns, Reaching safepoint: 1016635 ns, At safepoint: 27881 ns, Total: 1044516 ns
[2020-09-11T17:57:19.481+0000][1][safepoint    ] Safepoint "RevokeBias", Time since last: 1130711 ns, Reaching safepoint: 1521375 ns, At safepoint: 29240 ns, Total: 1550615 ns
[2020-09-11T17:57:19.489+0000][1][safepoint    ] Safepoint "RevokeBias", Time since last: 921977 ns, Reaching safepoint: 7085833 ns, At safepoint: 58299 ns, Total: 7144132 ns
[2020-09-11T17:57:19.489+0000][1][safepoint    ] Safepoint "RevokeBias", Time since last: 378448 ns, Reaching safepoint: 115033 ns, At safepoint: 44496 ns, Total: 159529 ns
[2020-09-11T17:57:19.495+0000][1][safepoint    ] Safepoint "RevokeBias", Time since last: 3344071 ns, Reaching safepoint: 2196985 ns, At safepoint: 40742 ns, Total: 2237727 ns
[2020-09-11T17:57:19.496+0000][1][safepoint    ] Safepoint "RevokeBias", Time since last: 117156 ns, Reaching safepoint: 1238350 ns, At safepoint: 26423 ns, Total: 1264773 ns
[2020-09-11T17:57:19.501+0000][1][safepoint    ] Safepoint "BulkRevokeBias", Time since last: 802171 ns, Reaching safepoint: 3624178 ns, At safepoint: 172915 ns, Total: 3797093 ns
[2020-09-11T17:57:19.517+0000][1][safepoint    ] Safepoint "RevokeBias", Time since last: 15789982 ns, Reaching safepoint: 124811 ns, At safepoint: 34034 ns, Total: 158845 ns
[2020-09-11T17:57:19.521+0000][1][safepoint    ] Safepoint "RevokeBias", Time since last: 320141 ns, Reaching safepoint: 3560451 ns, At safepoint: 31568 ns, Total: 3592019 ns
[2020-09-11T17:57:19.525+0000][1][safepoint    ] Safepoint "RevokeBias", Time since last: 1692128 ns, Reaching safepoint: 2170059 ns, At safepoint: 51825 ns, Total: 2221884 ns
[2020-09-11T17:57:19.526+0000][1][safepoint    ] Safepoint "RevokeBias", Time since last: 807208 ns, Reaching safepoint: 109200 ns, At safepoint: 27258 ns, Total: 136458 ns
[2020-09-11T17:57:19.529+0000][1][safepoint    ] Safepoint "RevokeBias", Time since last: 910741 ns, Reaching safepoint: 2176108 ns, At safepoint: 30765 ns, Total: 2206873 ns
[2020-09-11T17:57:20.516+0000][1][safepoint    ] Safepoint "RevokeBias", Time since last: 987357851 ns, Reaching safepoint: 72168 ns, At safepoint: 20166 ns, Total: 92334 ns
[2020-09-11T17:57:20.516+0000][1][safepoint    ] Safepoint "RevokeBias", Time since last: 90063 ns, Reaching safepoint: 18265 ns, At safepoint: 12107 ns, Total: 30372 ns
[2020-09-11T17:57:21.343+0000][1][safepoint    ] Safepoint "RevokeBias", Time since last: 826721968 ns, Reaching safepoint: 142039 ns, At safepoint: 11676 ns, Total: 153715 ns
[2020-09-11T17:57:21.344+0000][1][safepoint    ] Safepoint "RevokeBias", Time since last: 142329 ns, Reaching safepoint: 104932 ns, At safepoint: 7985 ns, Total: 112917 ns
[2020-09-11T17:57:22.348+0000][1][safepoint    ] Safepoint "Cleanup", Time since last: 1004133377 ns, Reaching safepoint: 821136 ns, At safepoint: 11224 ns, Total: 832360 ns
[2020-09-11T17:57:23.349+0000][1][safepoint    ] Safepoint "Cleanup", Time since last: 1000124259 ns, Reaching safepoint: 58828 ns, At safepoint: 6175 ns, Total: 65003 ns
[2020-09-11T17:57:23.643+0000][1][safepoint    ] Safepoint "RevokeBias", Time since last: 293826599 ns, Reaching safepoint: 131186 ns, At safepoint: 20018 ns, Total: 151204 ns
[2020-09-11T17:57:23.870+0000][1][safepoint    ] Safepoint "RevokeBias", Time since last: 227516465 ns, Reaching safepoint: 128837 ns, At safepoint: 8190 ns, Total: 137027 ns
[2020-09-11T17:57:23.993+0000][1][safepoint    ] Safepoint "RevokeBias", Time since last: 122475542 ns, Reaching safepoint: 136574 ns, At safepoint: 11473 ns, Total: 148047 ns
[2020-09-11T17:57:23.993+0000][1][safepoint    ] Safepoint "RevokeBias", Time since last: 261513 ns, Reaching safepoint: 96587 ns, At safepoint: 6433 ns, Total: 103020 ns
[2020-09-11T17:57:24.108+0000][1][safepoint    ] Safepoint "RevokeBias", Time since last: 114956671 ns, Reaching safepoint: 176043 ns, At safepoint: 27723 ns, Total: 203766 ns
[2020-09-11T17:57:24.109+0000][1][safepoint    ] Safepoint "RevokeBias", Time since last: 67799 ns, Reaching safepoint: 142677 ns, At safepoint: 18589 ns, Total: 161266 ns
[2020-09-11T17:57:24.163+0000][1][safepoint    ] Safepoint "RevokeBias", Time since last: 54204449 ns, Reaching safepoint: 96376 ns, At safepoint: 9437 ns, Total: 105813 ns
[2020-09-11T17:57:24.189+0000][1][safepoint    ] Safepoint "Deoptimize", Time since last: 25568843 ns, Reaching safepoint: 133130 ns, At safepoint: 487765 ns, Total: 620895 ns
[2020-09-11T17:57:24.192+0000][1][safepoint    ] Safepoint "RevokeBias", Time since last: 3122815 ns, Reaching safepoint: 116473 ns, At safepoint: 16567 ns, Total: 133040 ns
[2020-09-11T17:57:24.897+0000][1][safepoint    ] Safepoint "RevokeBias", Time since last: 704116674 ns, Reaching safepoint: 132994 ns, At safepoint: 8951 ns, Total: 141945 ns
[2020-09-11T17:57:24.911+0000][1][safepoint    ] Safepoint "RevokeBias", Time since last: 14488366 ns, Reaching safepoint: 139952 ns, At safepoint: 18309 ns, Total: 158261 ns
[2020-09-11T17:57:24.913+0000][1][safepoint    ] Safepoint "RevokeBias", Time since last: 1440346 ns, Reaching safepoint: 272329 ns, At safepoint: 13676 ns, Total: 286005 ns
[2020-09-11T17:57:24.941+0000][1][gc,start     ] GC(68) Pause Young (Allocation Failure)
[2020-09-11T17:57:24.941+0000][1][gc,task      ] GC(68) Using 1 workers of 1 for evacuation
[2020-09-11T17:57:24.971+0000][1][gc,age       ] GC(68) Desired survivor size 4358144 bytes, new threshold 4 (max threshold 6)
[2020-09-11T17:57:24.988+0000][1][gc,age       ] GC(68) Age table with threshold 4 (max threshold 6)
[2020-09-11T17:57:24.988+0000][1][gc,age       ] GC(68) - age   1:    1497792 bytes,    1497792 total
[2020-09-11T17:57:24.988+0000][1][gc,age       ] GC(68) - age   2:     605896 bytes,    2103688 total
[2020-09-11T17:57:24.988+0000][1][gc,age       ] GC(68) - age   3:     707568 bytes,    2811256 total
[2020-09-11T17:57:24.988+0000][1][gc,age       ] GC(68) - age   4:    1982672 bytes,    4793928 total
[2020-09-11T17:57:24.988+0000][1][gc,heap      ] GC(68) ParNew: 73371K->6437K(76672K)
[2020-09-11T17:57:24.988+0000][1][gc,heap      ] GC(68) CMS: 62593K->62593K(439104K)
[2020-09-11T17:57:24.988+0000][1][gc,metaspace ] GC(68) Metaspace: 80072K->80072K(1122304K)
[2020-09-11T17:57:24.988+0000][1][gc           ] GC(68) Pause Young (Allocation Failure) 132M->67M(503M) 47.121ms
[2020-09-11T17:57:24.988+0000][1][gc,cpu       ] GC(68) User=0.02s Sys=0.00s Real=0.04s
[2020-09-11T17:57:24.990+0000][1][safepoint    ] Safepoint "GenCollectForAllocation", Time since last: 27703697 ns, Reaching safepoint: 124461 ns, At safepoint: 49301317 ns, Total: 49425778 ns
[2020-09-11T17:57:25.006+0000][1][safepoint    ] Safepoint "Deoptimize", Time since last: 15307263 ns, Reaching safepoint: 170051 ns, At safepoint: 466315 ns, Total: 636366 ns
[2020-09-11T17:57:25.104+0000][1][safepoint    ] Safepoint "RevokeBias", Time since last: 97279357 ns, Reaching safepoint: 184960 ns, At safepoint: 12328 ns, Total: 197288 ns
[2020-09-11T17:57:25.133+0000][1][safepoint    ] Safepoint "RevokeBias", Time since last: 28806432 ns, Reaching safepoint: 164810 ns, At safepoint: 17092 ns, Total: 181902 ns
[2020-09-11T17:57:25.134+0000][1][safepoint    ] Safepoint "RevokeBias", Time since last: 773443 ns, Reaching safepoint: 151487 ns, At safepoint: 7479 ns, Total: 158966 ns
[2020-09-11T17:57:25.914+0000][1][safepoint    ] Safepoint "RevokeBias", Time since last: 780824020 ns, Reaching safepoint: 55479 ns, At safepoint: 17440 ns, Total: 72919 ns
[2020-09-11T17:57:25.915+0000][1][safepoint    ] Safepoint "RevokeBias", Time since last: 89974 ns, Reaching safepoint: 18153 ns, At safepoint: 9439 ns, Total: 27592 ns
[2020-09-11T17:57:25.915+0000][1][safepoint    ] Safepoint "RevokeBias", Time since last: 30880 ns, Reaching safepoint: 16340 ns, At safepoint: 8165 ns, Total: 24505 ns
[2020-09-11T17:57:25.915+0000][1][safepoint    ] Safepoint "RevokeBias", Time since last: 27321 ns, Reaching safepoint: 15899 ns, At safepoint: 7970 ns, Total: 23869 ns
[2020-09-11T17:57:25.915+0000][1][safepoint    ] Safepoint "RevokeBias", Time since last: 26113 ns, Reaching safepoint: 16047 ns, At safepoint: 7884 ns, Total: 23931 ns
[2020-09-11T17:57:25.915+0000][1][safepoint    ] Safepoint "RevokeBias", Time since last: 25771 ns, Reaching safepoint: 15752 ns, At safepoint: 7884 ns, Total: 23636 ns
[2020-09-11T17:57:25.915+0000][1][safepoint    ] Safepoint "RevokeBias", Time since last: 25501 ns, Reaching safepoint: 15562 ns, At safepoint: 7887 ns, Total: 23449 ns
[2020-09-11T17:57:25.915+0000][1][safepoint    ] Safepoint "RevokeBias", Time since last: 25229 ns, Reaching safepoint: 15599 ns, At safepoint: 7862 ns, Total: 23461 ns
[2020-09-11T17:57:25.915+0000][1][safepoint    ] Safepoint "RevokeBias", Time since last: 25263 ns, Reaching safepoint: 15574 ns, At safepoint: 7847 ns, Total: 23421 ns
[2020-09-11T17:57:25.915+0000][1][safepoint    ] Safepoint "RevokeBias", Time since last: 31231 ns, Reaching safepoint: 16304 ns, At safepoint: 7967 ns, Total: 24271 ns
[2020-09-11T17:57:25.915+0000][1][safepoint    ] Safepoint "RevokeBias", Time since last: 25754 ns, Reaching safepoint: 15494 ns, At safepoint: 7900 ns, Total: 23394 ns
[2020-09-11T17:57:26.421+0000][1][safepoint    ] Safepoint "RevokeBias", Time since last: 505698688 ns, Reaching safepoint: 153882 ns, At safepoint: 39618 ns, Total: 193500 ns
[2020-09-11T17:57:26.421+0000][1][safepoint    ] Safepoint "RevokeBias", Time since last: 151390 ns, Reaching safepoint: 58835 ns, At safepoint: 26220 ns, Total: 85055 ns
[2020-09-11T17:57:26.451+0000][1][safepoint    ] Safepoint "RevokeBias", Time since last: 29572128 ns, Reaching safepoint: 170413 ns, At safepoint: 26663 ns, Total: 197076 ns
[2020-09-11T17:57:26.452+0000][1][safepoint    ] Safepoint "RevokeBias", Time since last: 668530 ns, Reaching safepoint: 148939 ns, At safepoint: 15236 ns, Total: 164175 ns
[2020-09-11T17:57:26.452+0000][1][safepoint    ] Safepoint "RevokeBias", Time since last: 90563 ns, Reaching safepoint: 160083 ns, At safepoint: 39464 ns, Total: 199547 ns
[2020-09-11T17:57:26.452+0000][1][safepoint    ] Safepoint "RevokeBias", Time since last: 154955 ns, Reaching safepoint: 144263 ns, At safepoint: 13163 ns, Total: 157426 ns
[2020-09-11T17:57:26.453+0000][1][safepoint    ] Safepoint "RevokeBias", Time since last: 80157 ns, Reaching safepoint: 151002 ns, At safepoint: 12825 ns, Total: 163827 ns
[2020-09-11T17:57:26.453+0000][1][safepoint    ] Safepoint "RevokeBias", Time since last: 76201 ns, Reaching safepoint: 148493 ns, At safepoint: 12555 ns, Total: 161048 ns
[2020-09-11T17:57:26.454+0000][1][safepoint    ] Safepoint "RevokeBias", Time since last: 1024842 ns, Reaching safepoint: 160092 ns, At safepoint: 15048 ns, Total: 175140 ns
[2020-09-11T17:57:26.463+0000][1][safepoint    ] Safepoint "RevokeBias", Time since last: 7535548 ns, Reaching safepoint: 1308330 ns, At safepoint: 27643 ns, Total: 1335973 ns
[2020-09-11T17:57:26.463+0000][1][safepoint    ] Safepoint "RevokeBias", Time since last: 168681 ns, Reaching safepoint: 117116 ns, At safepoint: 18738 ns, Total: 135854 ns
[2020-09-11T17:57:26.464+0000][1][safepoint    ] Safepoint "RevokeBias", Time since last: 204377 ns, Reaching safepoint: 960796 ns, At safepoint: 19787 ns, Total: 980583 ns
[2020-09-11T17:57:26.561+0000][1][safepoint    ] Safepoint "RevokeBias", Time since last: 96875927 ns, Reaching safepoint: 135883 ns, At safepoint: 18115 ns, Total: 153998 ns
[2020-09-11T17:57:26.601+0000][1][safepoint    ] Safepoint "RevokeBias", Time since last: 39365640 ns, Reaching safepoint: 216393 ns, At safepoint: 46159 ns, Total: 262552 ns
[2020-09-11T17:57:26.709+0000][1][safepoint    ] Safepoint "RevokeBias", Time since last: 107737545 ns, Reaching safepoint: 137411 ns, At safepoint: 22218 ns, Total: 159629 ns
[2020-09-11T17:57:26.846+0000][1][safepoint    ] Safepoint "RevokeBias", Time since last: 136754879 ns, Reaching safepoint: 131635 ns, At safepoint: 11035 ns, Total: 142670 ns
[2020-09-11T17:57:26.873+0000][1][safepoint    ] Safepoint "RevokeBias", Time since last: 26707365 ns, Reaching safepoint: 218786 ns, At safepoint: 20865 ns, Total: 239651 ns
[2020-09-11T17:57:26.893+0000][1][safepoint    ] Safepoint "RevokeBias", Time since last: 19975730 ns, Reaching safepoint: 205338 ns, At safepoint: 20711 ns, Total: 226049 ns
[2020-09-11T17:57:26.903+0000][1][safepoint    ] Safepoint "RevokeBias", Time since last: 9822736 ns, Reaching safepoint: 502685 ns, At safepoint: 28752 ns, Total: 531437 ns
[2020-09-11T17:57:26.998+0000][1][safepoint    ] Safepoint "RevokeBias", Time since last: 93785970 ns, Reaching safepoint: 1086553 ns, At safepoint: 13554 ns, Total: 1100107 ns
[2020-09-11T17:57:27.036+0000][1][safepoint    ] Safepoint "RevokeBias", Time since last: 37743069 ns, Reaching safepoint: 151891 ns, At safepoint: 28051 ns, Total: 179942 ns
[2020-09-11T17:57:27.137+0000][1][safepoint    ] Safepoint "RevokeBias", Time since last: 100762163 ns, Reaching safepoint: 214843 ns, At safepoint: 23833 ns, Total: 238676 ns
[2020-09-11T17:57:27.200+0000][1][safepoint    ] Safepoint "RevokeBias", Time since last: 62521857 ns, Reaching safepoint: 140137 ns, At safepoint: 21346 ns, Total: 161483 ns
[2020-09-11T17:57:27.229+0000][1][gc,start     ] GC(69) Pause Young (Allocation Failure)
[2020-09-11T17:57:27.229+0000][1][gc,task      ] GC(69) Using 1 workers of 1 for evacuation
[2020-09-11T17:57:27.271+0000][1][gc,age       ] GC(69) Desired survivor size 4358144 bytes, new threshold 6 (max threshold 6)
[2020-09-11T17:57:27.326+0000][1][gc,age       ] GC(69) Age table with threshold 6 (max threshold 6)
[2020-09-11T17:57:27.326+0000][1][gc,age       ] GC(69) - age   1:    1541104 bytes,    1541104 total
[2020-09-11T17:57:27.326+0000][1][gc,age       ] GC(69) - age   2:    1361072 bytes,    2902176 total
[2020-09-11T17:57:27.326+0000][1][gc,age       ] GC(69) - age   3:     605728 bytes,    3507904 total
[2020-09-11T17:57:27.326+0000][1][gc,age       ] GC(69) - age   4:     704016 bytes,    4211920 total
[2020-09-11T17:57:27.326+0000][1][gc,heap      ] GC(69) ParNew: 74597K->4315K(76672K)
[2020-09-11T17:57:27.326+0000][1][gc,heap      ] GC(69) CMS: 62593K->64572K(439104K)
[2020-09-11T17:57:27.326+0000][1][gc,metaspace ] GC(69) Metaspace: 81691K->81691K(1124352K)
[2020-09-11T17:57:27.326+0000][1][gc           ] GC(69) Pause Young (Allocation Failure) 133M->67M(503M) 97.043ms
[2020-09-11T17:57:27.326+0000][1][gc,cpu       ] GC(69) User=0.02s Sys=0.00s Real=0.10s
[2020-09-11T17:57:27.367+0000][1][safepoint    ] Safepoint "GenCollectForAllocation", Time since last: 28860744 ns, Reaching safepoint: 169787 ns, At safepoint: 138561293 ns, Total: 138731080 ns
[2020-09-11T17:57:27.615+0000][1][safepoint    ] Safepoint "RevokeBias", Time since last: 237462064 ns, Reaching safepoint: 10509105 ns, At safepoint: 45080 ns, Total: 10554185 ns
[2020-09-11T17:57:27.616+0000][1][safepoint    ] Safepoint "RevokeBias", Time since last: 827980 ns, Reaching safepoint: 117002 ns, At safepoint: 23738 ns, Total: 140740 ns
[2020-09-11T17:57:27.677+0000][1][safepoint    ] Safepoint "RevokeBias", Time since last: 51778836 ns, Reaching safepoint: 8636124 ns, At safepoint: 51546 ns, Total: 8687670 ns
[2020-09-11T17:57:27.694+0000][1][safepoint    ] Safepoint "RevokeBias", Time since last: 12369425 ns, Reaching safepoint: 4649999 ns, At safepoint: 29926 ns, Total: 4679925 ns
[2020-09-11T17:57:27.744+0000][1][safepoint    ] Safepoint "RevokeBias", Time since last: 44982261 ns, Reaching safepoint: 5063746 ns, At safepoint: 26194 ns, Total: 5089940 ns
[2020-09-11T17:57:27.917+0000][1][safepoint    ] Safepoint "RevokeBias", Time since last: 172933433 ns, Reaching safepoint: 195392 ns, At safepoint: 19372 ns, Total: 214764 ns
[2020-09-11T17:57:27.917+0000][1][safepoint    ] Safepoint "RevokeBias", Time since last: 119842 ns, Reaching safepoint: 90982 ns, At safepoint: 13307 ns, Total: 104289 ns
[2020-09-11T17:57:27.918+0000][1][safepoint    ] Safepoint "RevokeBias", Time since last: 64790 ns, Reaching safepoint: 88579 ns, At safepoint: 11425 ns, Total: 100004 ns
[2020-09-11T17:57:27.918+0000][1][safepoint    ] Safepoint "RevokeBias", Time since last: 31534 ns, Reaching safepoint: 87030 ns, At safepoint: 13024 ns, Total: 100054 ns
[2020-09-11T17:57:27.918+0000][1][safepoint    ] Safepoint "RevokeBias", Time since last: 29864 ns, Reaching safepoint: 86804 ns, At safepoint: 11758 ns, Total: 98562 ns
[2020-09-11T17:57:28.158+0000][1][safepoint    ] Safepoint "RevokeBias", Time since last: 234900918 ns, Reaching safepoint: 5434833 ns, At safepoint: 26262 ns, Total: 5461095 ns
[2020-09-11T17:57:28.269+0000][1][safepoint    ] Safepoint "RevokeBias", Time since last: 100875693 ns, Reaching safepoint: 9787393 ns, At safepoint: 40623 ns, Total: 9828016 ns
[2020-09-11T17:57:28.314+0000][1][safepoint    ] Safepoint "RevokeBias", Time since last: 45455744 ns, Reaching safepoint: 122525 ns, At safepoint: 31601 ns, Total: 154126 ns
[2020-09-11T17:57:28.315+0000][1][safepoint    ] Safepoint "RevokeBias", Time since last: 473913 ns, Reaching safepoint: 21167 ns, At safepoint: 19515 ns, Total: 40682 ns
[2020-09-11T17:57:28.315+0000][1][safepoint    ] Safepoint "RevokeBias", Time since last: 147208 ns, Reaching safepoint: 19652 ns, At safepoint: 16803 ns, Total: 36455 ns
[2020-09-11T17:57:28.315+0000][1][safepoint    ] Safepoint "RevokeBias", Time since last: 142828 ns, Reaching safepoint: 19242 ns, At safepoint: 16622 ns, Total: 35864 ns
[2020-09-11T17:57:28.324+0000][1][safepoint    ] Safepoint "RevokeBias", Time since last: 8664616 ns, Reaching safepoint: 124911 ns, At safepoint: 15803 ns, Total: 140714 ns
[2020-09-11T17:57:28.499+0000][1][safepoint    ] Safepoint "RevokeBias", Time since last: 174193900 ns, Reaching safepoint: 126779 ns, At safepoint: 17862 ns, Total: 144641 ns
[2020-09-11T17:57:28.499+0000][1][safepoint    ] Safepoint "RevokeBias", Time since last: 221769 ns, Reaching safepoint: 92041 ns, At safepoint: 12272 ns, Total: 104313 ns
[2020-09-11T17:57:28.499+0000][1][safepoint    ] Safepoint "RevokeBias", Time since last: 40903 ns, Reaching safepoint: 88075 ns, At safepoint: 10640 ns, Total: 98715 ns
[2020-09-11T17:57:28.693+0000][1][safepoint    ] Safepoint "RevokeBias", Time since last: 193990816 ns, Reaching safepoint: 49270 ns, At safepoint: 17211 ns, Total: 66481 ns
[2020-09-11T17:57:28.693+0000][1][safepoint    ] Safepoint "RevokeBias", Time since last: 87237 ns, Reaching safepoint: 18195 ns, At safepoint: 10345 ns, Total: 28540 ns
[2020-09-11T17:57:28.693+0000][1][safepoint    ] Safepoint "RevokeBias", Time since last: 30898 ns, Reaching safepoint: 16073 ns, At safepoint: 9022 ns, Total: 25095 ns
[2020-09-11T17:57:28.693+0000][1][safepoint    ] Safepoint "RevokeBias", Time since last: 28093 ns, Reaching safepoint: 16036 ns, At safepoint: 8279 ns, Total: 24315 ns
[2020-09-11T17:57:28.693+0000][1][safepoint    ] Safepoint "RevokeBias", Time since last: 26896 ns, Reaching safepoint: 15935 ns, At safepoint: 8185 ns, Total: 24120 ns
[2020-09-11T17:57:28.693+0000][1][safepoint    ] Safepoint "RevokeBias", Time since last: 25922 ns, Reaching safepoint: 15936 ns, At safepoint: 8237 ns, Total: 24173 ns
[2020-09-11T17:57:28.693+0000][1][safepoint    ] Safepoint "RevokeBias", Time since last: 41663 ns, Reaching safepoint: 16075 ns, At safepoint: 8256 ns, Total: 24331 ns
[2020-09-11T17:57:28.693+0000][1][safepoint    ] Safepoint "RevokeBias", Time since last: 26496 ns, Reaching safepoint: 15928 ns, At safepoint: 8117 ns, Total: 24045 ns
[2020-09-11T17:57:28.694+0000][1][safepoint    ] Safepoint "RevokeBias", Time since last: 25722 ns, Reaching safepoint: 15837 ns, At safepoint: 8138 ns, Total: 23975 ns
[2020-09-11T17:57:28.694+0000][1][safepoint    ] Safepoint "RevokeBias", Time since last: 25683 ns, Reaching safepoint: 15745 ns, At safepoint: 8097 ns, Total: 23842 ns
[2020-09-11T17:57:28.694+0000][1][safepoint    ] Safepoint "BulkRevokeBias", Time since last: 25813 ns, Reaching safepoint: 15673 ns, At safepoint: 140950 ns, Total: 156623 ns
[2020-09-11T17:57:28.745+0000][1][safepoint    ] Safepoint "RevokeBias", Time since last: 51667445 ns, Reaching safepoint: 49537 ns, At safepoint: 17622 ns, Total: 67159 ns
[2020-09-11T17:57:28.746+0000][1][safepoint    ] Safepoint "RevokeBias", Time since last: 89167 ns, Reaching safepoint: 18098 ns, At safepoint: 10019 ns, Total: 28117 ns
[2020-09-11T17:57:29.637+0000][1][safepoint    ] Safepoint "RevokeBias", Time since last: 891184839 ns, Reaching safepoint: 132938 ns, At safepoint: 20964 ns, Total: 153902 ns
[2020-09-11T17:57:29.638+0000][1][safepoint    ] Safepoint "RevokeBias", Time since last: 663306 ns, Reaching safepoint: 102312 ns, At safepoint: 13887 ns, Total: 116199 ns
[2020-09-11T17:57:29.638+0000][1][safepoint    ] Safepoint "RevokeBias", Time since last: 269288 ns, Reaching safepoint: 104917 ns, At safepoint: 11781 ns, Total: 116698 ns
[2020-09-11T17:57:29.641+0000][1][safepoint    ] Safepoint "RevokeBias", Time since last: 2499428 ns, Reaching safepoint: 122013 ns, At safepoint: 39350 ns, Total: 161363 ns
[2020-09-11T17:57:29.641+0000][1][safepoint    ] Safepoint "RevokeBias", Time since last: 116692 ns, Reaching safepoint: 92190 ns, At safepoint: 12236 ns, Total: 104426 ns
[2020-09-11T17:57:29.641+0000][1][safepoint    ] Safepoint "RevokeBias", Time since last: 35213 ns, Reaching safepoint: 91419 ns, At safepoint: 12060 ns, Total: 103479 ns
[2020-09-11T17:57:29.641+0000][1][safepoint    ] Safepoint "RevokeBias", Time since last: 64941 ns, Reaching safepoint: 91433 ns, At safepoint: 11901 ns, Total: 103334 ns
[2020-09-11T17:57:29.641+0000][1][safepoint    ] Safepoint "RevokeBias", Time since last: 100605 ns, Reaching safepoint: 90551 ns, At safepoint: 13121 ns, Total: 103672 ns
[2020-09-11T17:57:29.643+0000][1][safepoint    ] Safepoint "RevokeBias", Time since last: 966780 ns, Reaching safepoint: 96619 ns, At safepoint: 11034 ns, Total: 107653 ns
[2020-09-11T17:57:29.643+0000][1][safepoint    ] Safepoint "RevokeBias", Time since last: 66160 ns, Reaching safepoint: 92494 ns, At safepoint: 12531 ns, Total: 105025 ns
[2020-09-11T17:57:29.647+0000][1][safepoint    ] Safepoint "RevokeBias", Time since last: 4192968 ns, Reaching safepoint: 114595 ns, At safepoint: 15865 ns, Total: 130460 ns
[2020-09-11T17:57:29.647+0000][1][safepoint    ] Safepoint "RevokeBias", Time since last: 45923 ns, Reaching safepoint: 91497 ns, At safepoint: 10682 ns, Total: 102179 ns
[2020-09-11T17:57:29.770+0000][1][safepoint    ] Safepoint "RevokeBias", Time since last: 122447070 ns, Reaching safepoint: 134606 ns, At safepoint: 18914 ns, Total: 153520 ns
[2020-09-11T17:57:29.797+0000][1][safepoint    ] Safepoint "RevokeBias", Time since last: 26962810 ns, Reaching safepoint: 126664 ns, At safepoint: 16949 ns, Total: 143613 ns
[2020-09-11T17:57:29.797+0000][1][safepoint    ] Safepoint "RevokeBias", Time since last: 112605 ns, Reaching safepoint: 91256 ns, At safepoint: 11316 ns, Total: 102572 ns
[2020-09-11T17:57:29.803+0000][1][safepoint    ] Safepoint "RevokeBias", Time since last: 5820799 ns, Reaching safepoint: 126382 ns, At safepoint: 17813 ns, Total: 144195 ns
[2020-09-11T17:57:29.803+0000][1][safepoint    ] Safepoint "RevokeBias", Time since last: 119454 ns, Reaching safepoint: 90838 ns, At safepoint: 10894 ns, Total: 101732 ns
[2020-09-11T17:57:29.804+0000][1][safepoint    ] Safepoint "RevokeBias", Time since last: 87685 ns, Reaching safepoint: 90108 ns, At safepoint: 9586 ns, Total: 99694 ns
[2020-09-11T17:57:29.804+0000][1][safepoint    ] Safepoint "BulkRevokeBias", Time since last: 70740 ns, Reaching safepoint: 90478 ns, At safepoint: 437715 ns, Total: 528193 ns
[2020-09-11T17:57:29.837+0000][1][safepoint    ] Safepoint "RevokeBias", Time since last: 32345052 ns, Reaching safepoint: 122803 ns, At safepoint: 17969 ns, Total: 140772 ns
[2020-09-11T17:57:29.872+0000][1][safepoint    ] Safepoint "RevokeBias", Time since last: 35580029 ns, Reaching safepoint: 127196 ns, At safepoint: 17852 ns, Total: 145048 ns
[2020-09-11T17:57:29.885+0000][1][safepoint    ] Safepoint "RevokeBias", Time since last: 12452589 ns, Reaching safepoint: 132919 ns, At safepoint: 20502 ns, Total: 153421 ns
[2020-09-11T17:57:29.898+0000][1][gc,start     ] GC(70) Pause Young (Allocation Failure)
[2020-09-11T17:57:29.898+0000][1][gc,task      ] GC(70) Using 1 workers of 1 for evacuation
[2020-09-11T17:57:29.999+0000][1][gc,age       ] GC(70) Desired survivor size 4358144 bytes, new threshold 3 (max threshold 6)
[2020-09-11T17:57:29.999+0000][1][gc,age       ] GC(70) Age table with threshold 3 (max threshold 6)
[2020-09-11T17:57:29.999+0000][1][gc,age       ] GC(70) - age   1:    2811256 bytes,    2811256 total
[2020-09-11T17:57:29.999+0000][1][gc,age       ] GC(70) - age   2:    1440272 bytes,    4251528 total
[2020-09-11T17:57:29.999+0000][1][gc,age       ] GC(70) - age   3:    1360064 bytes,    5611592 total
[2020-09-11T17:57:29.999+0000][1][gc,age       ] GC(70) - age   4:     601864 bytes,    6213456 total
[2020-09-11T17:57:29.999+0000][1][gc,age       ] GC(70) - age   5:     700296 bytes,    6913752 total
[2020-09-11T17:57:29.999+0000][1][gc,heap      ] GC(70) ParNew: 72475K->8327K(76672K)
[2020-09-11T17:57:29.999+0000][1][gc,heap      ] GC(70) CMS: 64572K->64572K(439104K)
[2020-09-11T17:57:29.999+0000][1][gc,metaspace ] GC(70) Metaspace: 82021K->82021K(1124352K)
[2020-09-11T17:57:29.999+0000][1][gc           ] GC(70) Pause Young (Allocation Failure) 133M->71M(503M) 101.017ms
[2020-09-11T17:57:29.999+0000][1][gc,cpu       ] GC(70) User=0.03s Sys=0.00s Real=0.10s
[2020-09-11T17:57:30.017+0000][1][safepoint    ] Safepoint "GenCollectForAllocation", Time since last: 12823786 ns, Reaching safepoint: 124192 ns, At safepoint: 119528762 ns, Total: 119652954 ns
[2020-09-11T17:57:31.020+0000][1][safepoint    ] Safepoint "Cleanup", Time since last: 1002125731 ns, Reaching safepoint: 819534 ns, At safepoint: 12264 ns, Total: 831798 ns
[2020-09-11T17:57:31.289+0000][1][safepoint    ] Safepoint "RevokeBias", Time since last: 268659147 ns, Reaching safepoint: 143629 ns, At safepoint: 18885 ns, Total: 162514 ns
[2020-09-11T17:57:31.290+0000][1][safepoint    ] Safepoint "RevokeBias", Time since last: 505183 ns, Reaching safepoint: 103318 ns, At safepoint: 12741 ns, Total: 116059 ns
[2020-09-11T17:57:31.293+0000][1][safepoint    ] Safepoint "RevokeBias", Time since last: 1304156 ns, Reaching safepoint: 1722164 ns, At safepoint: 27052 ns, Total: 1749216 ns
[2020-09-11T17:57:31.397+0000][1][safepoint    ] Safepoint "RevokeBias", Time since last: 103947158 ns, Reaching safepoint: 146896 ns, At safepoint: 12783 ns, Total: 159679 ns
[2020-09-11T17:57:31.466+0000][1][safepoint    ] Safepoint "RevokeBias", Time since last: 68738210 ns, Reaching safepoint: 135432 ns, At safepoint: 17244 ns, Total: 152676 ns
[2020-09-11T17:57:31.487+0000][1][safepoint    ] Safepoint "RevokeBias", Time since last: 20597271 ns, Reaching safepoint: 129643 ns, At safepoint: 17098 ns, Total: 146741 ns
[2020-09-11T17:57:31.487+0000][1][safepoint    ] Safepoint "RevokeBias", Time since last: 351083 ns, Reaching safepoint: 100545 ns, At safepoint: 13028 ns, Total: 113573 ns
[2020-09-11T17:57:31.526+0000][1][safepoint    ] Safepoint "RevokeBias", Time since last: 38832762 ns, Reaching safepoint: 136075 ns, At safepoint: 20143 ns, Total: 156218 ns
[2020-09-11T17:57:31.751+0000][1][safepoint    ] Safepoint "RevokeBias", Time since last: 225191086 ns, Reaching safepoint: 144704 ns, At safepoint: 17418 ns, Total: 162122 ns
[2020-09-11T17:57:31.768+0000][1][safepoint    ] Safepoint "RevokeBias", Time since last: 16714828 ns, Reaching safepoint: 143084 ns, At safepoint: 18362 ns, Total: 161446 ns
[2020-09-11T17:57:31.834+0000][1][safepoint    ] Safepoint "Deoptimize", Time since last: 65115243 ns, Reaching safepoint: 143988 ns, At safepoint: 470325 ns, Total: 614313 ns
[2020-09-11T17:57:31.839+0000][1][safepoint    ] Safepoint "Deoptimize", Time since last: 4642228 ns, Reaching safepoint: 144983 ns, At safepoint: 514625 ns, Total: 659608 ns
[2020-09-11T17:57:31.860+0000][1][safepoint    ] Safepoint "RevokeBias", Time since last: 20109120 ns, Reaching safepoint: 66563 ns, At safepoint: 122314 ns, Total: 188877 ns
[2020-09-11T17:57:32.205+0000][1][safepoint    ] Safepoint "RevokeBias", Time since last: 331053252 ns, Reaching safepoint: 13760345 ns, At safepoint: 140149 ns, Total: 13900494 ns
[2020-09-11T17:57:32.234+0000][1][safepoint    ] Safepoint "RevokeBias", Time since last: 29143279 ns, Reaching safepoint: 148786 ns, At safepoint: 140464 ns, Total: 289250 ns
[2020-09-11T17:57:32.249+0000][1][safepoint    ] Safepoint "RevokeBias", Time since last: 15082967 ns, Reaching safepoint: 143083 ns, At safepoint: 134668 ns, Total: 277751 ns
[2020-09-11T17:57:32.250+0000][1][safepoint    ] Safepoint "RevokeBias", Time since last: 76372 ns, Reaching safepoint: 107056 ns, At safepoint: 86746 ns, Total: 193802 ns
[2020-09-11T17:57:32.258+0000][1][safepoint    ] Safepoint "Deoptimize", Time since last: 7216970 ns, Reaching safepoint: 143373 ns, At safepoint: 1453389 ns, Total: 1596762 ns
[2020-09-11T17:57:32.508+0000][1][safepoint    ] Safepoint "RevokeBias", Time since last: 249337210 ns, Reaching safepoint: 168284 ns, At safepoint: 34482 ns, Total: 202766 ns
[2020-09-11T17:57:32.574+0000][1][safepoint    ] Safepoint "RevokeBias", Time since last: 54120069 ns, Reaching safepoint: 11686373 ns, At safepoint: 30359 ns, Total: 11716732 ns
[2020-09-11T17:57:32.575+0000][1][safepoint    ] Safepoint "RevokeBias", Time since last: 1372452 ns, Reaching safepoint: 111861 ns, At safepoint: 116981 ns, Total: 228842 ns
[2020-09-11T17:57:32.637+0000][1][safepoint    ] Safepoint "RevokeBias", Time since last: 53435781 ns, Reaching safepoint: 7709323 ns, At safepoint: 25608 ns, Total: 7734931 ns
[2020-09-11T17:57:32.694+0000][1][safepoint    ] Safepoint "RevokeBias", Time since last: 16349417 ns, Reaching safepoint: 40981346 ns, At safepoint: 60010 ns, Total: 41041356 ns
[2020-09-11T17:57:32.718+0000][1][safepoint    ] Safepoint "RevokeBias", Time since last: 22994466 ns, Reaching safepoint: 232375 ns, At safepoint: 356869 ns, Total: 589244 ns
[2020-09-11T17:57:32.745+0000][1][safepoint    ] Safepoint "RevokeBias", Time since last: 26765336 ns, Reaching safepoint: 158478 ns, At safepoint: 22364 ns, Total: 180842 ns
[2020-09-11T17:57:32.773+0000][1][safepoint    ] Safepoint "RevokeBias", Time since last: 28034404 ns, Reaching safepoint: 408439 ns, At safepoint: 20962 ns, Total: 429401 ns
[2020-09-11T17:57:32.825+0000][1][safepoint    ] Safepoint "RevokeBias", Time since last: 36316317 ns, Reaching safepoint: 15576154 ns, At safepoint: 36958 ns, Total: 15613112 ns
[2020-09-11T17:57:32.985+0000][1][gc,start     ] GC(71) Pause Young (Allocation Failure)
[2020-09-11T17:57:32.985+0000][1][gc,task      ] GC(71) Using 1 workers of 1 for evacuation
[2020-09-11T17:57:33.183+0000][1][gc,age       ] GC(71) Desired survivor size 4358144 bytes, new threshold 1 (max threshold 6)
[2020-09-11T17:57:33.183+0000][1][gc,age       ] GC(71) Age table with threshold 1 (max threshold 6)
[2020-09-11T17:57:33.183+0000][1][gc,age       ] GC(71) - age   1:    5326256 bytes,    5326256 total
[2020-09-11T17:57:33.183+0000][1][gc,age       ] GC(71) - age   2:    2403496 bytes,    7729752 total
[2020-09-11T17:57:33.183+0000][1][gc,age       ] GC(71) - age   3:     983968 bytes,    8713720 total
[2020-09-11T17:57:33.183+0000][1][gc,heap      ] GC(71) ParNew: 76487K->8512K(76672K)
[2020-09-11T17:57:33.183+0000][1][gc,heap      ] GC(71) CMS: 64572K->68050K(439104K)
[2020-09-11T17:57:33.183+0000][1][gc,metaspace ] GC(71) Metaspace: 83583K->83583K(1126400K)
[2020-09-11T17:57:33.183+0000][1][gc           ] GC(71) Pause Young (Allocation Failure) 137M->74M(503M) 198.110ms
[2020-09-11T17:57:33.183+0000][1][gc,cpu       ] GC(71) User=0.05s Sys=0.00s Real=0.20s
[2020-09-11T17:57:33.247+0000][1][safepoint    ] Safepoint "GenCollectForAllocation", Time since last: 151890888 ns, Reaching safepoint: 8008694 ns, At safepoint: 262132280 ns, Total: 270140974 ns
[2020-09-11T17:57:33.292+0000][1][safepoint    ] Safepoint "RevokeBias", Time since last: 22916694 ns, Reaching safepoint: 7356265 ns, At safepoint: 14434999 ns, Total: 21791264 ns
[2020-09-11T17:57:33.313+0000][1][safepoint    ] Safepoint "RevokeBias", Time since last: 51957 ns, Reaching safepoint: 482845 ns, At safepoint: 20596348 ns, Total: 21079193 ns
[2020-09-11T17:57:33.322+0000][1][safepoint    ] Safepoint "RevokeBias", Time since last: 45289 ns, Reaching safepoint: 9098428 ns, At safepoint: 30701 ns, Total: 9129129 ns
[2020-09-11T17:57:33.355+0000][1][safepoint    ] Safepoint "RevokeBias", Time since last: 33272201 ns, Reaching safepoint: 211699 ns, At safepoint: 27743 ns, Total: 239442 ns
[2020-09-11T17:57:33.363+0000][1][safepoint    ] Safepoint "RevokeBias", Time since last: 7591030 ns, Reaching safepoint: 152280 ns, At safepoint: 22195 ns, Total: 174475 ns
[2020-09-11T17:57:33.363+0000][1][safepoint    ] Safepoint "RevokeBias", Time since last: 60420 ns, Reaching safepoint: 105403 ns, At safepoint: 15155 ns, Total: 120558 ns
[2020-09-11T17:57:33.364+0000][1][safepoint    ] Safepoint "RevokeBias", Time since last: 42624 ns, Reaching safepoint: 104997 ns, At safepoint: 16031 ns, Total: 121028 ns
[2020-09-11T17:57:33.364+0000][1][safepoint    ] Safepoint "RevokeBias", Time since last: 606397 ns, Reaching safepoint: 107892 ns, At safepoint: 15911 ns, Total: 123803 ns
[2020-09-11T17:57:33.364+0000][1][safepoint    ] Safepoint "RevokeBias", Time since last: 37009 ns, Reaching safepoint: 105285 ns, At safepoint: 15769 ns, Total: 121054 ns
[2020-09-11T17:57:33.368+0000][1][safepoint    ] Safepoint "RevokeBias", Time since last: 33374 ns, Reaching safepoint: 3793101 ns, At safepoint: 34470 ns, Total: 3827571 ns
[2020-09-11T17:57:33.369+0000][1][safepoint    ] Safepoint "RevokeBias", Time since last: 81714 ns, Reaching safepoint: 131545 ns, At safepoint: 14719 ns, Total: 146264 ns
[2020-09-11T17:57:33.370+0000][1][safepoint    ] Safepoint "BulkRevokeBias", Time since last: 33834 ns, Reaching safepoint: 103586 ns, At safepoint: 1662903 ns, Total: 1766489 ns
[2020-09-11T17:57:33.407+0000][1][safepoint    ] Safepoint "RevokeBias", Time since last: 26931422 ns, Reaching safepoint: 9658674 ns, At safepoint: 32092 ns, Total: 9690766 ns
[2020-09-11T17:57:33.432+0000][1][safepoint    ] Safepoint "RevokeBias", Time since last: 24745138 ns, Reaching safepoint: 219010 ns, At safepoint: 21007 ns, Total: 240017 ns
[2020-09-11T17:57:33.525+0000][1][safepoint    ] Safepoint "RevokeBias", Time since last: 92846078 ns, Reaching safepoint: 170892 ns, At safepoint: 23613 ns, Total: 194505 ns
[2020-09-11T17:57:33.667+0000][1][safepoint    ] Safepoint "RevokeBias", Time since last: 124820662 ns, Reaching safepoint: 17156431 ns, At safepoint: 164593 ns, Total: 17321024 ns
[2020-09-11T17:57:33.686+0000][1][safepoint    ] Safepoint "RevokeBias", Time since last: 18499327 ns, Reaching safepoint: 137028 ns, At safepoint: 27488 ns, Total: 164516 ns
[2020-09-11T17:57:33.737+0000][1][safepoint    ] Safepoint "RevokeBias", Time since last: 50971836 ns, Reaching safepoint: 141467 ns, At safepoint: 22655 ns, Total: 164122 ns
[2020-09-11T17:57:33.769+0000][1][safepoint    ] Safepoint "RevokeBias", Time since last: 17663469 ns, Reaching safepoint: 14230704 ns, At safepoint: 31835 ns, Total: 14262539 ns
[2020-09-11T17:57:33.806+0000][1][safepoint    ] Safepoint "RevokeBias", Time since last: 36333345 ns, Reaching safepoint: 350854 ns, At safepoint: 22115 ns, Total: 372969 ns
[2020-09-11T17:57:33.889+0000][1][safepoint    ] Safepoint "RevokeBias", Time since last: 83136880 ns, Reaching safepoint: 198312 ns, At safepoint: 19624 ns, Total: 217936 ns
[2020-09-11T17:57:33.901+0000][1][safepoint    ] Safepoint "RevokeBias", Time since last: 11840679 ns, Reaching safepoint: 139710 ns, At safepoint: 23551 ns, Total: 163261 ns
[2020-09-11T17:57:33.949+0000][1][safepoint    ] Safepoint "RevokeBias", Time since last: 47659402 ns, Reaching safepoint: 133004 ns, At safepoint: 85369 ns, Total: 218373 ns
[2020-09-11T17:57:33.956+0000][1][safepoint    ] Safepoint "RevokeBias", Time since last: 6640165 ns, Reaching safepoint: 130757 ns, At safepoint: 26187 ns, Total: 156944 ns
[2020-09-11T17:57:33.963+0000][1][safepoint    ] Safepoint "RevokeBias", Time since last: 5232538 ns, Reaching safepoint: 131898 ns, At safepoint: 1943574 ns, Total: 2075472 ns
[2020-09-11T17:57:33.967+0000][1][safepoint    ] Safepoint "RevokeBias", Time since last: 3897935 ns, Reaching safepoint: 145336 ns, At safepoint: 24609 ns, Total: 169945 ns
[2020-09-11T17:57:33.967+0000][1][safepoint    ] Safepoint "RevokeBias", Time since last: 90815 ns, Reaching safepoint: 103532 ns, At safepoint: 15801 ns, Total: 119333 ns
[2020-09-11T17:57:33.978+0000][1][safepoint    ] Safepoint "RevokeBias", Time since last: 10481504 ns, Reaching safepoint: 139544 ns, At safepoint: 24277 ns, Total: 163821 ns
[2020-09-11T17:57:33.978+0000][1][safepoint    ] Safepoint "RevokeBias", Time since last: 333260 ns, Reaching safepoint: 124162 ns, At safepoint: 20110 ns, Total: 144272 ns
[2020-09-11T17:57:33.985+0000][1][safepoint    ] Safepoint "RevokeBias", Time since last: 6454655 ns, Reaching safepoint: 135878 ns, At safepoint: 22353 ns, Total: 158231 ns
[2020-09-11T17:57:34.031+0000][1][safepoint    ] Safepoint "RevokeBias", Time since last: 46261926 ns, Reaching safepoint: 126733 ns, At safepoint: 20038 ns, Total: 146771 ns
[2020-09-11T17:57:34.031+0000][1][safepoint    ] Safepoint "RevokeBias", Time since last: 55868 ns, Reaching safepoint: 92244 ns, At safepoint: 12316 ns, Total: 104560 ns
[2020-09-11T17:57:34.053+0000][1][safepoint    ] Safepoint "RevokeBias", Time since last: 21605494 ns, Reaching safepoint: 131752 ns, At safepoint: 20388 ns, Total: 152140 ns
[2020-09-11T17:57:34.053+0000][1][safepoint    ] Safepoint "RevokeBias", Time since last: 111818 ns, Reaching safepoint: 97783 ns, At safepoint: 14629 ns, Total: 112412 ns
[2020-09-11T17:57:34.054+0000][1][safepoint    ] Safepoint "RevokeBias", Time since last: 61592 ns, Reaching safepoint: 95732 ns, At safepoint: 13477 ns, Total: 109209 ns
[2020-09-11T17:57:34.061+0000][1][safepoint    ] Safepoint "RevokeBias", Time since last: 7151722 ns, Reaching safepoint: 138577 ns, At safepoint: 21673 ns, Total: 160250 ns
[2020-09-11T17:57:34.061+0000][1][safepoint    ] Safepoint "RevokeBias", Time since last: 234982 ns, Reaching safepoint: 97579 ns, At safepoint: 14483 ns, Total: 112062 ns
[2020-09-11T17:57:34.062+0000][1][safepoint    ] Safepoint "Deoptimize", Time since last: 577872 ns, Reaching safepoint: 103219 ns, At safepoint: 482428 ns, Total: 585647 ns
[2020-09-11T17:57:34.289+0000][1][safepoint    ] Safepoint "RevokeBias", Time since last: 226454273 ns, Reaching safepoint: 366327 ns, At safepoint: 24075 ns, Total: 390402 ns
[2020-09-11T17:57:34.595+0000][1][safepoint    ] Safepoint "RevokeBias", Time since last: 304295711 ns, Reaching safepoint: 882539 ns, At safepoint: 19092 ns, Total: 901631 ns
[2020-09-11T17:57:34.602+0000][1][safepoint    ] Safepoint "RevokeBias", Time since last: 7015152 ns, Reaching safepoint: 135300 ns, At safepoint: 24024 ns, Total: 159324 ns
[2020-09-11T17:57:34.602+0000][1][safepoint    ] Safepoint "RevokeBias", Time since last: 117998 ns, Reaching safepoint: 109319 ns, At safepoint: 14875 ns, Total: 124194 ns
[2020-09-11T17:57:34.602+0000][1][safepoint    ] Safepoint "RevokeBias", Time since last: 51714 ns, Reaching safepoint: 103443 ns, At safepoint: 14892 ns, Total: 118335 ns
[2020-09-11T17:57:34.602+0000][1][safepoint    ] Safepoint "RevokeBias", Time since last: 37846 ns, Reaching safepoint: 100913 ns, At safepoint: 12185 ns, Total: 113098 ns
[2020-09-11T17:57:34.746+0000][1][safepoint    ] Safepoint "RevokeBias", Time since last: 143248638 ns, Reaching safepoint: 63069 ns, At safepoint: 16063 ns, Total: 79132 ns
[2020-09-11T17:57:34.746+0000][1][safepoint    ] Safepoint "RevokeBias", Time since last: 67577 ns, Reaching safepoint: 22440 ns, At safepoint: 12681 ns, Total: 35121 ns
[2020-09-11T17:57:34.746+0000][1][safepoint    ] Safepoint "RevokeBias", Time since last: 181045 ns, Reaching safepoint: 22903 ns, At safepoint: 10523 ns, Total: 33426 ns
[2020-09-11T17:57:34.746+0000][1][safepoint    ] Safepoint "RevokeBias", Time since last: 45734 ns, Reaching safepoint: 21458 ns, At safepoint: 9471 ns, Total: 30929 ns
[2020-09-11T17:57:34.746+0000][1][safepoint    ] Safepoint "RevokeBias", Time since last: 29380 ns, Reaching safepoint: 20472 ns, At safepoint: 9036 ns, Total: 29508 ns
[2020-09-11T17:57:34.746+0000][1][safepoint    ] Safepoint "RevokeBias", Time since last: 26267 ns, Reaching safepoint: 20219 ns, At safepoint: 8786 ns, Total: 29005 ns
[2020-09-11T17:57:35.150+0000][1][safepoint    ] Safepoint "GenCollectForAllocation", Time since last: 403207997 ns, Reaching safepoint: 430180 ns, At safepoint: 42573 ns, Total: 472753 ns
[2020-09-11T17:57:35.186+0000][1][gc,start     ] GC(72) Pause Young (GCLocker Initiated GC)
[2020-09-11T17:57:35.186+0000][1][gc,task      ] GC(72) Using 1 workers of 1 for evacuation
[2020-09-11T17:57:35.319+0000][1][gc,age       ] GC(72) Desired survivor size 4358144 bytes, new threshold 1 (max threshold 6)
[2020-09-11T17:57:35.319+0000][1][gc,age       ] GC(72) Age table with threshold 1 (max threshold 6)
[2020-09-11T17:57:35.319+0000][1][gc,age       ] GC(72) - age   1:    5224680 bytes,    5224680 total
[2020-09-11T17:57:35.319+0000][1][gc,heap      ] GC(72) ParNew: 76672K->7908K(76672K)
[2020-09-11T17:57:35.319+0000][1][gc,heap      ] GC(72) CMS: 73485K->80929K(439104K)
[2020-09-11T17:57:35.319+0000][1][gc,metaspace ] GC(72) Metaspace: 84513K->84513K(1126400K)
[2020-09-11T17:57:35.319+0000][1][gc           ] GC(72) Pause Young (GCLocker Initiated GC) 146M->86M(503M) 133.767ms
[2020-09-11T17:57:35.319+0000][1][gc,cpu       ] GC(72) User=0.03s Sys=0.00s Real=0.13s
[2020-09-11T17:57:35.386+0000][1][safepoint    ] Safepoint "GenCollectFull", Time since last: 35595300 ns, Reaching safepoint: 274752 ns, At safepoint: 200582324 ns, Total: 200857076 ns
[2020-09-11T17:57:35.456+0000][1][safepoint    ] Safepoint "RevokeBias", Time since last: 58473 ns, Reaching safepoint: 148069 ns, At safepoint: 69623657 ns, Total: 69771726 ns
[2020-09-11T17:57:35.462+0000][1][safepoint    ] Safepoint "Deoptimize", Time since last: 34835 ns, Reaching safepoint: 5826767 ns, At safepoint: 536847 ns, Total: 6363614 ns
[2020-09-11T17:57:35.515+0000][1][safepoint    ] Safepoint "RevokeBias", Time since last: 51989532 ns, Reaching safepoint: 203120 ns, At safepoint: 48824 ns, Total: 251944 ns
[2020-09-11T17:57:35.581+0000][1][safepoint    ] Safepoint "RevokeBias", Time since last: 50716221 ns, Reaching safepoint: 15075657 ns, At safepoint: 32592 ns, Total: 15108249 ns
[2020-09-11T17:57:35.685+0000][1][safepoint    ] Safepoint "RevokeBias", Time since last: 97723709 ns, Reaching safepoint: 6609356 ns, At safepoint: 33785 ns, Total: 6643141 ns
[2020-09-11T17:57:35.690+0000][1][safepoint    ] Safepoint "RevokeBias", Time since last: 1540873 ns, Reaching safepoint: 3321485 ns, At safepoint: 30579 ns, Total: 3352064 ns
[2020-09-11T17:57:35.757+0000][1][safepoint    ] Safepoint "RevokeBias", Time since last: 67023670 ns, Reaching safepoint: 614436 ns, At safepoint: 22836 ns, Total: 637272 ns
[2020-09-11T17:57:35.929+0000][1][safepoint    ] Safepoint "RevokeBias", Time since last: 163553625 ns, Reaching safepoint: 7876241 ns, At safepoint: 44419 ns, Total: 7920660 ns
[2020-09-11T17:57:35.964+0000][1][safepoint    ] Safepoint "RevokeBias", Time since last: 35298791 ns, Reaching safepoint: 153873 ns, At safepoint: 30416 ns, Total: 184289 ns
[2020-09-11T17:57:35.966+0000][1][safepoint    ] Safepoint "RevokeBias", Time since last: 1708449 ns, Reaching safepoint: 144225 ns, At safepoint: 22157 ns, Total: 166382 ns
[2020-09-11T17:57:35.966+0000][1][safepoint    ] Safepoint "RevokeBias", Time since last: 69575 ns, Reaching safepoint: 127106 ns, At safepoint: 14703 ns, Total: 141809 ns
[2020-09-11T17:57:35.974+0000][1][safepoint    ] Safepoint "RevokeBias", Time since last: 7182139 ns, Reaching safepoint: 142968 ns, At safepoint: 10030 ns, Total: 152998 ns
[2020-09-11T17:57:36.085+0000][1][safepoint    ] Safepoint "RevokeBias", Time since last: 98995233 ns, Reaching safepoint: 12159392 ns, At safepoint: 35876 ns, Total: 12195268 ns
[2020-09-11T17:57:36.311+0000][1][safepoint    ] Safepoint "RevokeBias", Time since last: 226245848 ns, Reaching safepoint: 144418 ns, At safepoint: 19536 ns, Total: 163954 ns
[2020-09-11T17:57:36.345+0000][1][safepoint    ] Safepoint "RevokeBias", Time since last: 33547920 ns, Reaching safepoint: 154071 ns, At safepoint: 11931 ns, Total: 166002 ns
[2020-09-11T17:57:36.394+0000][1][safepoint    ] Safepoint "RevokeBias", Time since last: 48581197 ns, Reaching safepoint: 577389 ns, At safepoint: 44512 ns, Total: 621901 ns
[2020-09-11T17:57:36.408+0000][1][safepoint    ] Safepoint "RevokeBias", Time since last: 13230334 ns, Reaching safepoint: 144446 ns, At safepoint: 26834 ns, Total: 171280 ns
[2020-09-11T17:57:36.408+0000][1][safepoint    ] Safepoint "RevokeBias", Time since last: 70662 ns, Reaching safepoint: 103519 ns, At safepoint: 18357 ns, Total: 121876 ns
[2020-09-11T17:57:36.489+0000][1][safepoint    ] Safepoint "RevokeBias", Time since last: 60944033 ns, Reaching safepoint: 19973026 ns, At safepoint: 37907 ns, Total: 20010933 ns
[2020-09-11T17:57:36.538+0000][1][safepoint    ] Safepoint "Deoptimize", Time since last: 48834622 ns, Reaching safepoint: 148761 ns, At safepoint: 528173 ns, Total: 676934 ns
[2020-09-11T17:57:36.558+0000][1][safepoint    ] Safepoint "GenCollectForAllocation", Time since last: 19238918 ns, Reaching safepoint: 95347 ns, At safepoint: 12048 ns, Total: 107395 ns
[2020-09-11T17:57:36.581+0000][1][gc,start     ] GC(73) Pause Young (Allocation Failure)
[2020-09-11T17:57:36.581+0000][1][gc,task      ] GC(73) Using 1 workers of 1 for evacuation
[2020-09-11T17:57:36.660+0000][1][gc,age       ] GC(73) Desired survivor size 4358144 bytes, new threshold 6 (max threshold 6)
[2020-09-11T17:57:36.678+0000][1][gc,age       ] GC(73) Age table with threshold 6 (max threshold 6)
[2020-09-11T17:57:36.678+0000][1][gc,age       ] GC(73) - age   1:     525608 bytes,     525608 total
[2020-09-11T17:57:36.678+0000][1][gc,heap      ] GC(73) ParNew: 76068K->5803K(76672K)
[2020-09-11T17:57:36.678+0000][1][gc,heap      ] GC(73) CMS: 80929K->82279K(439104K)
[2020-09-11T17:57:36.678+0000][1][gc,metaspace ] GC(73) Metaspace: 85416K->85416K(1128448K)
[2020-09-11T17:57:36.678+0000][1][gc           ] GC(73) Pause Young (Allocation Failure) 153M->86M(503M) 97.157ms
[2020-09-11T17:57:36.678+0000][1][gc,cpu       ] GC(73) User=0.02s Sys=0.00s Real=0.10s
[2020-09-11T17:57:36.678+0000][1][safepoint    ] Safepoint "GenCollectForAllocation", Time since last: 22705266 ns, Reaching safepoint: 151590 ns, At safepoint: 97214096 ns, Total: 97365686 ns
[2020-09-11T17:57:36.722+0000][1][gc,start     ] GC(74) Pause Young (GCLocker Initiated GC)
[2020-09-11T17:57:37.004+0000][1][gc,task      ] GC(74) Using 1 workers of 1 for evacuation
[2020-09-11T17:57:37.024+0000][1][gc,age       ] GC(74) Desired survivor size 4358144 bytes, new threshold 6 (max threshold 6)
[2020-09-11T17:57:37.024+0000][1][gc,age       ] GC(74) Age table with threshold 6 (max threshold 6)
[2020-09-11T17:57:37.024+0000][1][gc,age       ] GC(74) - age   1:      69680 bytes,      69680 total
[2020-09-11T17:57:37.024+0000][1][gc,age       ] GC(74) - age   2:     496160 bytes,     565840 total
[2020-09-11T17:57:37.024+0000][1][gc,heap      ] GC(74) ParNew: 8509K->1547K(76672K)
[2020-09-11T17:57:37.024+0000][1][gc,heap      ] GC(74) CMS: 82279K->82279K(439104K)
[2020-09-11T17:57:37.024+0000][1][gc,metaspace ] GC(74) Metaspace: 85431K->85431K(1128448K)
[2020-09-11T17:57:37.024+0000][1][gc           ] GC(74) Pause Young (GCLocker Initiated GC) 88M->81M(503M) 302.149ms
[2020-09-11T17:57:37.024+0000][1][gc,cpu       ] GC(74) User=0.03s Sys=0.00s Real=0.30s
[2020-09-11T17:57:37.122+0000][1][safepoint    ] Safepoint "GenCollectFull", Time since last: 43049133 ns, Reaching safepoint: 1138631 ns, At safepoint: 399970448 ns, Total: 401109079 ns
[2020-09-11T17:57:37.139+0000][1][safepoint    ] Safepoint "RevokeBias", Time since last: 17052276 ns, Reaching safepoint: 260273 ns, At safepoint: 99413 ns, Total: 359686 ns
[2020-09-11T17:57:37.234+0000][1][safepoint    ] Safepoint "RevokeBias", Time since last: 94297675 ns, Reaching safepoint: 166748 ns, At safepoint: 45720 ns, Total: 212468 ns
[2020-09-11T17:57:37.397+0000][1][safepoint    ] Safepoint "RevokeBias", Time since last: 163128205 ns, Reaching safepoint: 170056 ns, At safepoint: 24425 ns, Total: 194481 ns
[2020-09-11T17:57:37.413+0000][1][safepoint    ] Safepoint "RevokeBias", Time since last: 14904486 ns, Reaching safepoint: 787814 ns, At safepoint: 47201 ns, Total: 835015 ns
[2020-09-11T17:57:37.418+0000][1][safepoint    ] Safepoint "RevokeBias", Time since last: 4229326 ns, Reaching safepoint: 1176325 ns, At safepoint: 49261 ns, Total: 1225586 ns
[2020-09-11T17:57:37.425+0000][1][safepoint    ] Safepoint "RevokeBias", Time since last: 2411298 ns, Reaching safepoint: 4043106 ns, At safepoint: 58610 ns, Total: 4101716 ns
[2020-09-11T17:57:37.433+0000][1][safepoint    ] Safepoint "RevokeBias", Time since last: 7865209 ns, Reaching safepoint: 640112 ns, At safepoint: 25760 ns, Total: 665872 ns
[2020-09-11T17:57:37.434+0000][1][safepoint    ] Safepoint "RevokeBias", Time since last: 273207 ns, Reaching safepoint: 528029 ns, At safepoint: 36895 ns, Total: 564924 ns
[2020-09-11T17:57:37.435+0000][1][safepoint    ] Safepoint "RevokeBias", Time since last: 252765 ns, Reaching safepoint: 305194 ns, At safepoint: 31103 ns, Total: 336297 ns
[2020-09-11T17:57:37.436+0000][1][safepoint    ] Safepoint "RevokeBias", Time since last: 322819 ns, Reaching safepoint: 733168 ns, At safepoint: 91159 ns, Total: 824327 ns
[2020-09-11T17:57:37.437+0000][1][safepoint    ] Safepoint "RevokeBias", Time since last: 89084 ns, Reaching safepoint: 549041 ns, At safepoint: 263278 ns, Total: 812319 ns
[2020-09-11T17:57:37.439+0000][1][safepoint    ] Safepoint "RevokeBias", Time since last: 97624 ns, Reaching safepoint: 202779 ns, At safepoint: 1452957 ns, Total: 1655736 ns
[2020-09-11T17:57:37.445+0000][1][safepoint    ] Safepoint "RevokeBias", Time since last: 122341 ns, Reaching safepoint: 960172 ns, At safepoint: 4751271 ns, Total: 5711443 ns
[2020-09-11T17:57:37.536+0000][1][safepoint    ] Safepoint "RevokeBias", Time since last: 90832406 ns, Reaching safepoint: 154173 ns, At safepoint: 43731 ns, Total: 197904 ns
[2020-09-11T17:57:37.536+0000][1][safepoint    ] Safepoint "RevokeBias", Time since last: 58688 ns, Reaching safepoint: 112618 ns, At safepoint: 28427 ns, Total: 141045 ns
[2020-09-11T17:57:37.536+0000][1][safepoint    ] Safepoint "RevokeBias", Time since last: 42026 ns, Reaching safepoint: 111735 ns, At safepoint: 26236 ns, Total: 137971 ns
[2020-09-11T17:57:37.621+0000][1][safepoint    ] Safepoint "RevokeBias", Time since last: 85097206 ns, Reaching safepoint: 247463 ns, At safepoint: 36020 ns, Total: 283483 ns
[2020-09-11T17:57:37.629+0000][1][safepoint    ] Safepoint "RevokeBias", Time since last: 3591724 ns, Reaching safepoint: 3953816 ns, At safepoint: 35499 ns, Total: 3989315 ns
[2020-09-11T17:57:37.640+0000][1][safepoint    ] Safepoint "RevokeBias", Time since last: 10922278 ns, Reaching safepoint: 245308 ns, At safepoint: 21997 ns, Total: 267305 ns
[2020-09-11T17:57:37.657+0000][1][safepoint    ] Safepoint "RevokeBias", Time since last: 12982889 ns, Reaching safepoint: 3819542 ns, At safepoint: 66679 ns, Total: 3886221 ns
[2020-09-11T17:57:37.717+0000][1][safepoint    ] Safepoint "RevokeBias", Time since last: 59920746 ns, Reaching safepoint: 82245 ns, At safepoint: 33619 ns, Total: 115864 ns
[2020-09-11T17:57:37.733+0000][1][safepoint    ] Safepoint "RevokeBias", Time since last: 15910394 ns, Reaching safepoint: 157018 ns, At safepoint: 47499 ns, Total: 204517 ns
[2020-09-11T17:57:37.776+0000][1][safepoint    ] Safepoint "RevokeBias", Time since last: 43114742 ns, Reaching safepoint: 156487 ns, At safepoint: 21353 ns, Total: 177840 ns
[2020-09-11T17:57:37.862+0000][1][safepoint    ] Safepoint "RevokeBias", Time since last: 84500106 ns, Reaching safepoint: 685561 ns, At safepoint: 24488 ns, Total: 710049 ns
[2020-09-11T17:57:37.865+0000][1][safepoint    ] Safepoint "RevokeBias", Time since last: 2867842 ns, Reaching safepoint: 219440 ns, At safepoint: 20386 ns, Total: 239826 ns
[2020-09-11T17:57:37.869+0000][1][safepoint    ] Safepoint "RevokeBias", Time since last: 4126829 ns, Reaching safepoint: 152242 ns, At safepoint: 21696 ns, Total: 173938 ns
[2020-09-11T17:57:37.901+0000][1][safepoint    ] Safepoint "RevokeBias", Time since last: 32256549 ns, Reaching safepoint: 77328 ns, At safepoint: 21965 ns, Total: 99293 ns
[2020-09-11T17:57:37.902+0000][1][safepoint    ] Safepoint "RevokeBias", Time since last: 138326 ns, Reaching safepoint: 28509 ns, At safepoint: 14777 ns, Total: 43286 ns
[2020-09-11T17:57:37.907+0000][1][safepoint    ] Safepoint "RevokeBias", Time since last: 5029427 ns, Reaching safepoint: 75074 ns, At safepoint: 20467 ns, Total: 95541 ns
[2020-09-11T17:57:37.918+0000][1][safepoint    ] Safepoint "RevokeBias", Time since last: 2310874 ns, Reaching safepoint: 8977593 ns, At safepoint: 29096 ns, Total: 9006689 ns
[2020-09-11T17:57:38.002+0000][1][safepoint    ] Safepoint "RevokeBias", Time since last: 84292776 ns, Reaching safepoint: 80916 ns, At safepoint: 20783 ns, Total: 101699 ns
[2020-09-11T17:57:38.041+0000][1][safepoint    ] Safepoint "RevokeBias", Time since last: 38621563 ns, Reaching safepoint: 76405 ns, At safepoint: 21626 ns, Total: 98031 ns
[2020-09-11T17:57:38.053+0000][1][safepoint    ] Safepoint "RevokeBias", Time since last: 11431160 ns, Reaching safepoint: 72683 ns, At safepoint: 20012 ns, Total: 92695 ns
[2020-09-11T17:57:38.055+0000][1][safepoint    ] Safepoint "RevokeBias", Time since last: 2202617 ns, Reaching safepoint: 67890 ns, At safepoint: 18910 ns, Total: 86800 ns
[2020-09-11T17:57:38.055+0000][1][safepoint    ] Safepoint "RevokeBias", Time since last: 66369 ns, Reaching safepoint: 29404 ns, At safepoint: 11372 ns, Total: 40776 ns
[2020-09-11T17:57:38.055+0000][1][safepoint    ] Safepoint "RevokeBias", Time since last: 32091 ns, Reaching safepoint: 28050 ns, At safepoint: 10045 ns, Total: 38095 ns
[2020-09-11T17:57:38.055+0000][1][safepoint    ] Safepoint "RevokeBias", Time since last: 30241 ns, Reaching safepoint: 27953 ns, At safepoint: 9946 ns, Total: 37899 ns
[2020-09-11T17:57:38.055+0000][1][safepoint    ] Safepoint "RevokeBias", Time since last: 52314 ns, Reaching safepoint: 28879 ns, At safepoint: 10137 ns, Total: 39016 ns
[2020-09-11T17:57:38.056+0000][1][safepoint    ] Safepoint "RevokeBias", Time since last: 233097 ns, Reaching safepoint: 26459 ns, At safepoint: 10038 ns, Total: 36497 ns
[2020-09-11T17:57:38.056+0000][1][safepoint    ] Safepoint "RevokeBias", Time since last: 40187 ns, Reaching safepoint: 24457 ns, At safepoint: 9403 ns, Total: 33860 ns
[2020-09-11T17:57:38.071+0000][1][safepoint    ] Safepoint "RevokeBias", Time since last: 15196159 ns, Reaching safepoint: 146448 ns, At safepoint: 22483 ns, Total: 168931 ns
[2020-09-11T17:57:38.071+0000][1][safepoint    ] Safepoint "RevokeBias", Time since last: 178117 ns, Reaching safepoint: 128428 ns, At safepoint: 27218 ns, Total: 155646 ns
[2020-09-11T17:57:38.313+0000][1][safepoint    ] Safepoint "RevokeBias", Time since last: 242044645 ns, Reaching safepoint: 67238 ns, At safepoint: 42421 ns, Total: 109659 ns
[2020-09-11T17:57:38.437+0000][1][safepoint    ] Safepoint "RevokeBias", Time since last: 123340032 ns, Reaching safepoint: 164911 ns, At safepoint: 23471 ns, Total: 188382 ns
[2020-09-11T17:57:38.502+0000][1][safepoint    ] Safepoint "RevokeBias", Time since last: 64488526 ns, Reaching safepoint: 141257 ns, At safepoint: 21398 ns, Total: 162655 ns
[2020-09-11T17:57:38.505+0000][1][safepoint    ] Safepoint "RevokeBias", Time since last: 3233238 ns, Reaching safepoint: 130891 ns, At safepoint: 40774 ns, Total: 171665 ns
[2020-09-11T17:57:38.508+0000][1][safepoint    ] Safepoint "Deoptimize", Time since last: 1863411 ns, Reaching safepoint: 128950 ns, At safepoint: 555132 ns, Total: 684082 ns
[2020-09-11T17:57:38.566+0000][1][safepoint    ] Safepoint "RevokeBias", Time since last: 53964302 ns, Reaching safepoint: 4366158 ns, At safepoint: 53084 ns, Total: 4419242 ns
[2020-09-11T17:57:38.566+0000][1][safepoint    ] Safepoint "RevokeBias", Time since last: 313208 ns, Reaching safepoint: 101443 ns, At safepoint: 15103 ns, Total: 116546 ns
[2020-09-11T17:57:38.629+0000][1][safepoint    ] Safepoint "RevokeBias", Time since last: 62500723 ns, Reaching safepoint: 142392 ns, At safepoint: 21785 ns, Total: 164177 ns
[2020-09-11T17:57:38.861+0000][1][safepoint    ] Safepoint "RevokeBias", Time since last: 231738156 ns, Reaching safepoint: 155282 ns, At safepoint: 25683 ns, Total: 180965 ns
[2020-09-11T17:57:38.873+0000][1][safepoint    ] Safepoint "RevokeBias", Time since last: 11637959 ns, Reaching safepoint: 179470 ns, At safepoint: 24551 ns, Total: 204021 ns
[2020-09-11T17:57:38.879+0000][1][safepoint    ] Safepoint "RevokeBias", Time since last: 5614868 ns, Reaching safepoint: 142959 ns, At safepoint: 23052 ns, Total: 166011 ns
[2020-09-11T17:57:38.879+0000][1][safepoint    ] Safepoint "RevokeBias", Time since last: 81476 ns, Reaching safepoint: 100580 ns, At safepoint: 14448 ns, Total: 115028 ns
[2020-09-11T17:57:39.057+0000][1][safepoint    ] Safepoint "RevokeBias", Time since last: 177653197 ns, Reaching safepoint: 399585 ns, At safepoint: 30393 ns, Total: 429978 ns
[2020-09-11T17:57:39.170+0000][1][safepoint    ] Safepoint "RevokeBias", Time since last: 113272295 ns, Reaching safepoint: 182078 ns, At safepoint: 21780 ns, Total: 203858 ns
[2020-09-11T17:57:39.245+0000][1][safepoint    ] Safepoint "RevokeBias", Time since last: 70463120 ns, Reaching safepoint: 4034275 ns, At safepoint: 36046 ns, Total: 4070321 ns
[2020-09-11T17:57:39.461+0000][1][safepoint    ] Safepoint "RevokeBias", Time since last: 215954647 ns, Reaching safepoint: 208284 ns, At safepoint: 33135 ns, Total: 241419 ns
[2020-09-11T17:57:39.668+0000][1][safepoint    ] Safepoint "RevokeBias", Time since last: 207089902 ns, Reaching safepoint: 229450 ns, At safepoint: 38102 ns, Total: 267552 ns
[2020-09-11T17:57:39.675+0000][1][safepoint    ] Safepoint "RevokeBias", Time since last: 6539938 ns, Reaching safepoint: 225638 ns, At safepoint: 21410 ns, Total: 247048 ns
[2020-09-11T17:57:40.502+0000][1][safepoint    ] Safepoint "RevokeBias", Time since last: 826778072 ns, Reaching safepoint: 191918 ns, At safepoint: 12277 ns, Total: 204195 ns
[2020-09-11T17:57:40.524+0000][1][safepoint    ] Safepoint "RevokeBias", Time since last: 19968610 ns, Reaching safepoint: 1739317 ns, At safepoint: 18791 ns, Total: 1758108 ns
[2020-09-11T17:57:40.613+0000][1][safepoint    ] Safepoint "GenCollectForAllocation", Time since last: 88604355 ns, Reaching safepoint: 80486 ns, At safepoint: 10800 ns, Total: 91286 ns
[2020-09-11T17:57:40.685+0000][1][gc,start     ] GC(75) Pause Young (GCLocker Initiated GC)
[2020-09-11T17:57:40.685+0000][1][gc,task      ] GC(75) Using 1 workers of 1 for evacuation
[2020-09-11T17:57:40.724+0000][1][gc,age       ] GC(75) Desired survivor size 4358144 bytes, new threshold 6 (max threshold 6)
[2020-09-11T17:57:40.724+0000][1][gc,age       ] GC(75) Age table with threshold 6 (max threshold 6)
[2020-09-11T17:57:40.725+0000][1][gc,age       ] GC(75) - age   1:    1289408 bytes,    1289408 total
[2020-09-11T17:57:40.725+0000][1][gc,age       ] GC(75) - age   2:       6168 bytes,    1295576 total
[2020-09-11T17:57:40.725+0000][1][gc,age       ] GC(75) - age   3:     402952 bytes,    1698528 total
[2020-09-11T17:57:40.725+0000][1][gc,heap      ] GC(75) ParNew: 70017K->2099K(76672K)
[2020-09-11T17:57:40.725+0000][1][gc,heap      ] GC(75) CMS: 82279K->82279K(439104K)
[2020-09-11T17:57:40.725+0000][1][gc,metaspace ] GC(75) Metaspace: 85828K->85828K(1128448K)
[2020-09-11T17:57:40.725+0000][1][gc           ] GC(75) Pause Young (GCLocker Initiated GC) 148M->82M(503M) 39.546ms
[2020-09-11T17:57:40.725+0000][1][gc,cpu       ] GC(75) User=0.01s Sys=0.00s Real=0.04s
[2020-09-11T17:57:40.757+0000][1][safepoint    ] Safepoint "GenCollectFull", Time since last: 72249314 ns, Reaching safepoint: 150941 ns, At safepoint: 72022926 ns, Total: 72173867 ns
[2020-09-11T17:57:40.845+0000][1][safepoint    ] Safepoint "RevokeBias", Time since last: 88080242 ns, Reaching safepoint: 287808 ns, At safepoint: 38837 ns, Total: 326645 ns
[2020-09-11T17:57:40.846+0000][1][safepoint    ] Safepoint "RevokeBias", Time since last: 144717 ns, Reaching safepoint: 101178 ns, At safepoint: 21799 ns, Total: 122977 ns
[2020-09-11T17:57:41.099+0000][1][safepoint    ] Safepoint "RevokeBias", Time since last: 252474392 ns, Reaching safepoint: 391312 ns, At safepoint: 148928 ns, Total: 540240 ns
[2020-09-11T17:57:41.138+0000][1][safepoint    ] Safepoint "RevokeBias", Time since last: 38974512 ns, Reaching safepoint: 220446 ns, At safepoint: 22062 ns, Total: 242508 ns
[2020-09-11T17:57:41.319+0000][1][safepoint    ] Safepoint "RevokeBias", Time since last: 180623388 ns, Reaching safepoint: 170650 ns, At safepoint: 23568 ns, Total: 194218 ns
[2020-09-11T17:57:41.329+0000][1][safepoint    ] Safepoint "RevokeBias", Time since last: 10016746 ns, Reaching safepoint: 147578 ns, At safepoint: 32270 ns, Total: 179848 ns
[2020-09-11T17:57:41.409+0000][1][safepoint    ] Safepoint "RevokeBias", Time since last: 76532960 ns, Reaching safepoint: 3359577 ns, At safepoint: 60171 ns, Total: 3419748 ns
[2020-09-11T17:57:41.409+0000][1][safepoint    ] Safepoint "RevokeBias", Time since last: 417730 ns, Reaching safepoint: 107894 ns, At safepoint: 13896 ns, Total: 121790 ns
[2020-09-11T17:57:41.410+0000][1][safepoint    ] Safepoint "RevokeBias", Time since last: 51254 ns, Reaching safepoint: 100552 ns, At safepoint: 12430 ns, Total: 112982 ns
[2020-09-11T17:57:41.433+0000][1][safepoint    ] Safepoint "RevokeBias", Time since last: 21580600 ns, Reaching safepoint: 1622174 ns, At safepoint: 26578 ns, Total: 1648752 ns
[2020-09-11T17:57:41.434+0000][1][safepoint    ] Safepoint "RevokeBias", Time since last: 70629 ns, Reaching safepoint: 1214774 ns, At safepoint: 20205 ns, Total: 1234979 ns
[2020-09-11T17:57:41.473+0000][1][safepoint    ] Safepoint "RevokeBias", Time since last: 39006845 ns, Reaching safepoint: 207043 ns, At safepoint: 23957 ns, Total: 231000 ns
[2020-09-11T17:57:41.657+0000][1][safepoint    ] Safepoint "RevokeBias", Time since last: 183394106 ns, Reaching safepoint: 160265 ns, At safepoint: 54119 ns, Total: 214384 ns
[2020-09-11T17:57:41.657+0000][1][safepoint    ] Safepoint "RevokeBias", Time since last: 211662 ns, Reaching safepoint: 186610 ns, At safepoint: 26442 ns, Total: 213052 ns
[2020-09-11T17:57:41.679+0000][1][safepoint    ] Safepoint "RevokeBias", Time since last: 21474272 ns, Reaching safepoint: 152965 ns, At safepoint: 21934 ns, Total: 174899 ns
[2020-09-11T17:57:41.697+0000][1][safepoint    ] Safepoint "RevokeBias", Time since last: 17938183 ns, Reaching safepoint: 163774 ns, At safepoint: 25912 ns, Total: 189686 ns
[2020-09-11T17:57:41.698+0000][1][safepoint    ] Safepoint "RevokeBias", Time since last: 525675 ns, Reaching safepoint: 117709 ns, At safepoint: 16109 ns, Total: 133818 ns
[2020-09-11T17:57:41.721+0000][1][safepoint    ] Safepoint "RevokeBias", Time since last: 9641239 ns, Reaching safepoint: 13364586 ns, At safepoint: 39708 ns, Total: 13404294 ns
[2020-09-11T17:57:41.764+0000][1][safepoint    ] Safepoint "RevokeBias", Time since last: 42865912 ns, Reaching safepoint: 635826 ns, At safepoint: 21158 ns, Total: 656984 ns
[2020-09-11T17:57:41.773+0000][1][safepoint    ] Safepoint "RevokeBias", Time since last: 8344947 ns, Reaching safepoint: 162079 ns, At safepoint: 22702 ns, Total: 184781 ns
[2020-09-11T17:57:41.773+0000][1][safepoint    ] Safepoint "RevokeBias", Time since last: 92286 ns, Reaching safepoint: 244240 ns, At safepoint: 14292 ns, Total: 258532 ns
[2020-09-11T17:57:41.774+0000][1][safepoint    ] Safepoint "RevokeBias", Time since last: 92645 ns, Reaching safepoint: 107767 ns, At safepoint: 13349 ns, Total: 121116 ns
[2020-09-11T17:57:41.774+0000][1][safepoint    ] Safepoint "RevokeBias", Time since last: 184083 ns, Reaching safepoint: 106300 ns, At safepoint: 39271 ns, Total: 145571 ns
[2020-09-11T17:57:41.813+0000][1][safepoint    ] Safepoint "RevokeBias", Time since last: 23499620 ns, Reaching safepoint: 15475619 ns, At safepoint: 30032 ns, Total: 15505651 ns
[2020-09-11T17:57:41.815+0000][1][safepoint    ] Safepoint "RevokeBias", Time since last: 178643 ns, Reaching safepoint: 1568439 ns, At safepoint: 22741 ns, Total: 1591180 ns
[2020-09-11T17:57:41.870+0000][1][safepoint    ] Safepoint "RevokeBias", Time since last: 51214079 ns, Reaching safepoint: 4180362 ns, At safepoint: 36276 ns, Total: 4216638 ns
[2020-09-11T17:57:42.031+0000][1][safepoint    ] Safepoint "GenCollectForAllocation", Time since last: 141004168 ns, Reaching safepoint: 20143004 ns, At safepoint: 25947 ns, Total: 20168951 ns
[2020-09-11T17:57:42.069+0000][1][gc,start     ] GC(76) Pause Young (GCLocker Initiated GC)
[2020-09-11T17:57:42.069+0000][1][gc,task      ] GC(76) Using 1 workers of 1 for evacuation
[2020-09-11T17:57:42.103+0000][1][gc,age       ] GC(76) Desired survivor size 4358144 bytes, new threshold 6 (max threshold 6)
[2020-09-11T17:57:42.270+0000][1][gc,age       ] GC(76) Age table with threshold 6 (max threshold 6)
[2020-09-11T17:57:42.270+0000][1][gc,age       ] GC(76) - age   1:     720320 bytes,     720320 total
[2020-09-11T17:57:42.270+0000][1][gc,age       ] GC(76) - age   2:    1252304 bytes,    1972624 total
[2020-09-11T17:57:42.270+0000][1][gc,age       ] GC(76) - age   3:       6168 bytes,    1978792 total
[2020-09-11T17:57:42.270+0000][1][gc,age       ] GC(76) - age   4:     399848 bytes,    2378640 total
[2020-09-11T17:57:42.270+0000][1][gc,heap      ] GC(76) ParNew: 70649K->2750K(76672K)
[2020-09-11T17:57:42.270+0000][1][gc,heap      ] GC(76) CMS: 82279K->82279K(439104K)
[2020-09-11T17:57:42.270+0000][1][gc,metaspace ] GC(76) Metaspace: 85869K->85869K(1128448K)
[2020-09-11T17:57:42.270+0000][1][gc           ] GC(76) Pause Young (GCLocker Initiated GC) 149M->83M(503M) 200.903ms
[2020-09-11T17:57:42.270+0000][1][gc,cpu       ] GC(76) User=0.01s Sys=0.00s Real=0.20s
[2020-09-11T17:57:42.352+0000][1][safepoint    ] Safepoint "GenCollectFull", Time since last: 36140618 ns, Reaching safepoint: 1440004 ns, At safepoint: 283031706 ns, Total: 284471710 ns
[2020-09-11T17:57:42.383+0000][1][safepoint    ] Safepoint "RevokeBias", Time since last: 16283052 ns, Reaching safepoint: 711759 ns, At safepoint: 14520358 ns, Total: 15232117 ns
[2020-09-11T17:57:42.517+0000][1][safepoint    ] Safepoint "RevokeBias", Time since last: 133433777 ns, Reaching safepoint: 294788 ns, At safepoint: 64050 ns, Total: 358838 ns
[2020-09-11T17:57:42.540+0000][1][safepoint    ] Safepoint "RevokeBias", Time since last: 22729397 ns, Reaching safepoint: 263514 ns, At safepoint: 31473 ns, Total: 294987 ns
[2020-09-11T17:57:42.540+0000][1][safepoint    ] Safepoint "RevokeBias", Time since last: 107102 ns, Reaching safepoint: 150346 ns, At safepoint: 17324 ns, Total: 167670 ns
[2020-09-11T17:57:42.549+0000][1][safepoint    ] Safepoint "RevokeBias", Time since last: 132983 ns, Reaching safepoint: 8185537 ns, At safepoint: 40753 ns, Total: 8226290 ns
[2020-09-11T17:57:42.549+0000][1][safepoint    ] Safepoint "RevokeBias", Time since last: 352254 ns, Reaching safepoint: 187695 ns, At safepoint: 28090 ns, Total: 215785 ns
[2020-09-11T17:57:42.550+0000][1][safepoint    ] Safepoint "RevokeBias", Time since last: 127947 ns, Reaching safepoint: 137884 ns, At safepoint: 18500 ns, Total: 156384 ns
[2020-09-11T17:57:42.568+0000][1][safepoint    ] Safepoint "RevokeBias", Time since last: 3141775 ns, Reaching safepoint: 176291 ns, At safepoint: 15198070 ns, Total: 15374361 ns
[2020-09-11T17:57:42.614+0000][1][safepoint    ] Safepoint "RevokeBias", Time since last: 20657596 ns, Reaching safepoint: 24899323 ns, At safepoint: 37893 ns, Total: 24937216 ns
[2020-09-11T17:57:42.667+0000][1][safepoint    ] Safepoint "RevokeBias", Time since last: 53285615 ns, Reaching safepoint: 167850 ns, At safepoint: 27550 ns, Total: 195400 ns
[2020-09-11T17:57:43.009+0000][1][safepoint    ] Safepoint "RevokeBias", Time since last: 325226310 ns, Reaching safepoint: 16406382 ns, At safepoint: 42051 ns, Total: 16448433 ns
[2020-09-11T17:57:43.010+0000][1][safepoint    ] Safepoint "RevokeBias", Time since last: 204926 ns, Reaching safepoint: 1294562 ns, At safepoint: 48502 ns, Total: 1343064 ns
[2020-09-11T17:57:43.161+0000][1][safepoint    ] Safepoint "RevokeBias", Time since last: 150022277 ns, Reaching safepoint: 125161 ns, At safepoint: 20501 ns, Total: 145662 ns
[2020-09-11T17:57:43.166+0000][1][safepoint    ] Safepoint "RevokeBias", Time since last: 5033015 ns, Reaching safepoint: 70942 ns, At safepoint: 41022 ns, Total: 111964 ns
[2020-09-11T17:57:43.307+0000][1][safepoint    ] Safepoint "RevokeBias", Time since last: 124953187 ns, Reaching safepoint: 16215231 ns, At safepoint: 31761 ns, Total: 16246992 ns
[2020-09-11T17:57:43.422+0000][1][safepoint    ] Safepoint "RevokeBias", Time since last: 114777432 ns, Reaching safepoint: 181877 ns, At safepoint: 22906 ns, Total: 204783 ns
[2020-09-11T17:57:43.511+0000][1][safepoint    ] Safepoint "RevokeBias", Time since last: 88426988 ns, Reaching safepoint: 167168 ns, At safepoint: 23777 ns, Total: 190945 ns
[2020-09-11T17:57:43.649+0000][1][safepoint    ] Safepoint "RevokeBias", Time since last: 136676578 ns, Reaching safepoint: 1566535 ns, At safepoint: 29392 ns, Total: 1595927 ns
[2020-09-11T17:57:43.759+0000][1][safepoint    ] Safepoint "RevokeBias", Time since last: 110058972 ns, Reaching safepoint: 253746 ns, At safepoint: 183434 ns, Total: 437180 ns
[2020-09-11T17:57:43.801+0000][1][gc,start     ] GC(77) Pause Young (GCLocker Initiated GC)
[2020-09-11T17:57:43.875+0000][1][gc,task      ] GC(77) Using 1 workers of 1 for evacuation
[2020-09-11T17:57:43.910+0000][1][gc,age       ] GC(77) Desired survivor size 4358144 bytes, new threshold 3 (max threshold 6)
[2020-09-11T17:57:43.942+0000][1][gc,age       ] GC(77) Age table with threshold 3 (max threshold 6)
[2020-09-11T17:57:43.942+0000][1][gc,age       ] GC(77) - age   1:    2880664 bytes,    2880664 total
[2020-09-11T17:57:43.942+0000][1][gc,age       ] GC(77) - age   2:     645448 bytes,    3526112 total
[2020-09-11T17:57:43.942+0000][1][gc,age       ] GC(77) - age   3:    1001696 bytes,    4527808 total
[2020-09-11T17:57:43.942+0000][1][gc,age       ] GC(77) - age   4:       6168 bytes,    4533976 total
[2020-09-11T17:57:43.942+0000][1][gc,age       ] GC(77) - age   5:     399224 bytes,    4933200 total
[2020-09-11T17:57:43.942+0000][1][gc,heap      ] GC(77) ParNew: 71975K->6257K(76672K)
[2020-09-11T17:57:43.942+0000][1][gc,heap      ] GC(77) CMS: 82279K->82279K(439104K)
[2020-09-11T17:57:43.942+0000][1][gc,metaspace ] GC(77) Metaspace: 85945K->85945K(1128448K)
[2020-09-11T17:57:43.942+0000][1][gc           ] GC(77) Pause Young (GCLocker Initiated GC) 150M->86M(503M) 140.916ms
[2020-09-11T17:57:43.942+0000][1][gc,cpu       ] GC(77) User=0.01s Sys=0.00s Real=0.14s
[2020-09-11T17:57:43.946+0000][1][safepoint    ] Safepoint "GenCollectFull", Time since last: 41401285 ns, Reaching safepoint: 172905 ns, At safepoint: 144999230 ns, Total: 145172135 ns
[2020-09-11T17:57:44.029+0000][1][safepoint    ] Safepoint "RevokeBias", Time since last: 82832334 ns, Reaching safepoint: 255187 ns, At safepoint: 196109 ns, Total: 451296 ns
[2020-09-11T17:57:44.107+0000][1][safepoint    ] Safepoint "RevokeBias", Time since last: 72845856 ns, Reaching safepoint: 4407068 ns, At safepoint: 195072 ns, Total: 4602140 ns
[2020-09-11T17:57:44.313+0000][1][safepoint    ] Safepoint "BulkRevokeBias", Time since last: 205894083 ns, Reaching safepoint: 294882 ns, At safepoint: 442620 ns, Total: 737502 ns
[2020-09-11T17:57:44.356+0000][1][safepoint    ] Safepoint "RevokeBias", Time since last: 41768215 ns, Reaching safepoint: 327881 ns, At safepoint: 172303 ns, Total: 500184 ns
[2020-09-11T17:57:44.362+0000][1][safepoint    ] Safepoint "RevokeBias", Time since last: 6313502 ns, Reaching safepoint: 282510 ns, At safepoint: 44548 ns, Total: 327058 ns
[2020-09-11T17:57:44.369+0000][1][safepoint    ] Safepoint "RevokeBias", Time since last: 6561267 ns, Reaching safepoint: 243626 ns, At safepoint: 43697 ns, Total: 287323 ns
[2020-09-11T17:57:44.444+0000][1][safepoint    ] Safepoint "RevokeBias", Time since last: 66283029 ns, Reaching safepoint: 8427099 ns, At safepoint: 53686 ns, Total: 8480785 ns
[2020-09-11T17:57:44.461+0000][1][safepoint    ] Safepoint "RevokeBias", Time since last: 15484265 ns, Reaching safepoint: 1530429 ns, At safepoint: 43930 ns, Total: 1574359 ns
[2020-09-11T17:57:44.463+0000][1][safepoint    ] Safepoint "RevokeBias", Time since last: 70840 ns, Reaching safepoint: 2002691 ns, At safepoint: 46005 ns, Total: 2048696 ns
[2020-09-11T17:57:44.470+0000][1][safepoint    ] Safepoint "RevokeBias", Time since last: 3489768 ns, Reaching safepoint: 3493973 ns, At safepoint: 47818 ns, Total: 3541791 ns
[2020-09-11T17:57:44.474+0000][1][safepoint    ] Safepoint "RevokeBias", Time since last: 776358 ns, Reaching safepoint: 3082702 ns, At safepoint: 53164 ns, Total: 3135866 ns
[2020-09-11T17:57:44.503+0000][1][safepoint    ] Safepoint "RevokeBias", Time since last: 27746971 ns, Reaching safepoint: 1415401 ns, At safepoint: 49491 ns, Total: 1464892 ns
[2020-09-11T17:57:44.509+0000][1][safepoint    ] Safepoint "RevokeBias", Time since last: 1805881 ns, Reaching safepoint: 4019983 ns, At safepoint: 58207 ns, Total: 4078190 ns
[2020-09-11T17:57:44.523+0000][1][safepoint    ] Safepoint "RevokeBias", Time since last: 13959101 ns, Reaching safepoint: 253211 ns, At safepoint: 44408 ns, Total: 297619 ns
[2020-09-11T17:57:44.549+0000][1][safepoint    ] Safepoint "RevokeBias", Time since last: 25417876 ns, Reaching safepoint: 200052 ns, At safepoint: 19914 ns, Total: 219966 ns
[2020-09-11T17:57:44.549+0000][1][safepoint    ] Safepoint "RevokeBias", Time since last: 160816 ns, Reaching safepoint: 116910 ns, At safepoint: 15647 ns, Total: 132557 ns
[2020-09-11T17:57:44.677+0000][1][safepoint    ] Safepoint "RevokeBias", Time since last: 127754637 ns, Reaching safepoint: 302618 ns, At safepoint: 24069 ns, Total: 326687 ns
[2020-09-11T17:57:44.678+0000][1][safepoint    ] Safepoint "RevokeBias", Time since last: 653869 ns, Reaching safepoint: 137957 ns, At safepoint: 19430 ns, Total: 157387 ns
[2020-09-11T17:57:44.681+0000][1][safepoint    ] Safepoint "RevokeBias", Time since last: 2637713 ns, Reaching safepoint: 151691 ns, At safepoint: 21304 ns, Total: 172995 ns
[2020-09-11T17:57:44.681+0000][1][safepoint    ] Safepoint "RevokeBias", Time since last: 79980 ns, Reaching safepoint: 133881 ns, At safepoint: 17424 ns, Total: 151305 ns
[2020-09-11T17:57:44.682+0000][1][safepoint    ] Safepoint "RevokeBias", Time since last: 186123 ns, Reaching safepoint: 132365 ns, At safepoint: 34885 ns, Total: 167250 ns
[2020-09-11T17:57:44.703+0000][1][safepoint    ] Safepoint "RevokeBias", Time since last: 16517109 ns, Reaching safepoint: 5323077 ns, At safepoint: 112921 ns, Total: 5435998 ns
[2020-09-11T17:57:44.723+0000][1][safepoint    ] Safepoint "RevokeBias", Time since last: 19205056 ns, Reaching safepoint: 310081 ns, At safepoint: 24294 ns, Total: 334375 ns
[2020-09-11T17:57:44.723+0000][1][safepoint    ] Safepoint "RevokeBias", Time since last: 149556 ns, Reaching safepoint: 150156 ns, At safepoint: 19524 ns, Total: 169680 ns
[2020-09-11T17:57:44.765+0000][1][safepoint    ] Safepoint "RevokeBias", Time since last: 34543721 ns, Reaching safepoint: 6980617 ns, At safepoint: 196543 ns, Total: 7177160 ns
[2020-09-11T17:57:44.813+0000][1][safepoint    ] Safepoint "BulkRevokeBias", Time since last: 47724682 ns, Reaching safepoint: 250152 ns, At safepoint: 418888 ns, Total: 669040 ns
[2020-09-11T17:57:45.078+0000][1][safepoint    ] Safepoint "RevokeBias", Time since last: 263963313 ns, Reaching safepoint: 158186 ns, At safepoint: 21188 ns, Total: 179374 ns
[2020-09-11T17:57:45.325+0000][1][safepoint    ] Safepoint "RevokeBias", Time since last: 247224729 ns, Reaching safepoint: 230872 ns, At safepoint: 31018 ns, Total: 261890 ns
[2020-09-11T17:57:45.328+0000][1][safepoint    ] Safepoint "RevokeBias", Time since last: 2388998 ns, Reaching safepoint: 134132 ns, At safepoint: 21685 ns, Total: 155817 ns
[2020-09-11T17:57:45.328+0000][1][safepoint    ] Safepoint "RevokeBias", Time since last: 169707 ns, Reaching safepoint: 126218 ns, At safepoint: 16547 ns, Total: 142765 ns
[2020-09-11T17:57:45.328+0000][1][safepoint    ] Safepoint "RevokeBias", Time since last: 64327 ns, Reaching safepoint: 116407 ns, At safepoint: 14180 ns, Total: 130587 ns
[2020-09-11T17:57:45.510+0000][1][safepoint    ] Safepoint "RevokeBias", Time since last: 181851905 ns, Reaching safepoint: 223658 ns, At safepoint: 27156 ns, Total: 250814 ns
[2020-09-11T17:57:45.674+0000][1][safepoint    ] Safepoint "GenCollectForAllocation", Time since last: 163747173 ns, Reaching safepoint: 159993 ns, At safepoint: 9620 ns, Total: 169613 ns
[2020-09-11T17:57:45.738+0000][1][gc,start     ] GC(78) Pause Young (GCLocker Initiated GC)
[2020-09-11T17:57:45.738+0000][1][gc,task      ] GC(78) Using 1 workers of 1 for evacuation
[2020-09-11T17:57:45.812+0000][1][gc,age       ] GC(78) Desired survivor size 4358144 bytes, new threshold 6 (max threshold 6)
[2020-09-11T17:57:45.812+0000][1][gc,age       ] GC(78) Age table with threshold 6 (max threshold 6)
[2020-09-11T17:57:45.812+0000][1][gc,age       ] GC(78) - age   1:    1075768 bytes,    1075768 total
[2020-09-11T17:57:45.812+0000][1][gc,age       ] GC(78) - age   2:     947040 bytes,    2022808 total
[2020-09-11T17:57:45.812+0000][1][gc,age       ] GC(78) - age   3:     417104 bytes,    2439912 total
[2020-09-11T17:57:45.812+0000][1][gc,heap      ] GC(78) ParNew: 74962K->4134K(76672K)
[2020-09-11T17:57:45.812+0000][1][gc,heap      ] GC(78) CMS: 82279K->83674K(439104K)
[2020-09-11T17:57:45.812+0000][1][gc,metaspace ] GC(78) Metaspace: 86118K->86118K(1128448K)
[2020-09-11T17:57:45.812+0000][1][gc           ] GC(78) Pause Young (GCLocker Initiated GC) 153M->85M(503M) 74.159ms
[2020-09-11T17:57:45.812+0000][1][gc,cpu       ] GC(78) User=0.01s Sys=0.00s Real=0.07s
[2020-09-11T17:57:45.897+0000][1][safepoint    ] Safepoint "GenCollectFull", Time since last: 50239400 ns, Reaching safepoint: 13542094 ns, At safepoint: 158862799 ns, Total: 172404893 ns
[2020-09-11T17:57:45.914+0000][1][safepoint    ] Safepoint "RevokeBias", Time since last: 55446 ns, Reaching safepoint: 17509436 ns, At safepoint: 32804 ns, Total: 17542240 ns
[2020-09-11T17:57:46.034+0000][1][safepoint    ] Safepoint "RevokeBias", Time since last: 119673012 ns, Reaching safepoint: 156831 ns, At safepoint: 20162 ns, Total: 176993 ns
[2020-09-11T17:57:46.043+0000][1][safepoint    ] Safepoint "RevokeBias", Time since last: 281368 ns, Reaching safepoint: 8692402 ns, At safepoint: 30342 ns, Total: 8722744 ns
[2020-09-11T17:57:46.044+0000][1][safepoint    ] Safepoint "RevokeBias", Time since last: 821661 ns, Reaching safepoint: 110335 ns, At safepoint: 14700 ns, Total: 125035 ns
[2020-09-11T17:57:46.185+0000][1][safepoint    ] Safepoint "RevokeBias", Time since last: 140635997 ns, Reaching safepoint: 174982 ns, At safepoint: 24347 ns, Total: 199329 ns
[2020-09-11T17:57:46.377+0000][1][safepoint    ] Safepoint "RevokeBias", Time since last: 192016187 ns, Reaching safepoint: 84777 ns, At safepoint: 21777 ns, Total: 106554 ns
[2020-09-11T17:57:46.378+0000][1][safepoint    ] Safepoint "RevokeBias", Time since last: 485606 ns, Reaching safepoint: 36935 ns, At safepoint: 13066 ns, Total: 50001 ns
[2020-09-11T17:57:46.449+0000][1][safepoint    ] Safepoint "RevokeBias", Time since last: 57063869 ns, Reaching safepoint: 14102075 ns, At safepoint: 63990 ns, Total: 14166065 ns
[2020-09-11T17:57:46.468+0000][1][safepoint    ] Safepoint "RevokeBias", Time since last: 18594424 ns, Reaching safepoint: 155424 ns, At safepoint: 20183 ns, Total: 175607 ns
[2020-09-11T17:57:46.526+0000][1][safepoint    ] Safepoint "RevokeBias", Time since last: 57644800 ns, Reaching safepoint: 897393 ns, At safepoint: 121504 ns, Total: 1018897 ns
[2020-09-11T17:57:46.529+0000][1][safepoint    ] Safepoint "RevokeBias", Time since last: 2414339 ns, Reaching safepoint: 139889 ns, At safepoint: 20897 ns, Total: 160786 ns
[2020-09-11T17:57:46.548+0000][1][safepoint    ] Safepoint "RevokeBias", Time since last: 19023356 ns, Reaching safepoint: 157615 ns, At safepoint: 28383 ns, Total: 185998 ns
[2020-09-11T17:57:46.551+0000][1][safepoint    ] Safepoint "RevokeBias", Time since last: 2717201 ns, Reaching safepoint: 153594 ns, At safepoint: 22677 ns, Total: 176271 ns
[2020-09-11T17:57:46.551+0000][1][safepoint    ] Safepoint "RevokeBias", Time since last: 194361 ns, Reaching safepoint: 109657 ns, At safepoint: 14328 ns, Total: 123985 ns
[2020-09-11T17:57:46.552+0000][1][safepoint    ] Safepoint "RevokeBias", Time since last: 80410 ns, Reaching safepoint: 105669 ns, At safepoint: 13557 ns, Total: 119226 ns
[2020-09-11T17:57:46.553+0000][1][safepoint    ] Safepoint "RevokeBias", Time since last: 139734 ns, Reaching safepoint: 1266689 ns, At safepoint: 21109 ns, Total: 1287798 ns
[2020-09-11T17:57:46.595+0000][1][safepoint    ] Safepoint "RevokeBias", Time since last: 41438808 ns, Reaching safepoint: 160922 ns, At safepoint: 22998 ns, Total: 183920 ns
[2020-09-11T17:57:46.595+0000][1][safepoint    ] Safepoint "RevokeBias", Time since last: 250749 ns, Reaching safepoint: 107909 ns, At safepoint: 14835 ns, Total: 122744 ns
[2020-09-11T17:57:46.595+0000][1][safepoint    ] Safepoint "RevokeBias", Time since last: 46672 ns, Reaching safepoint: 106483 ns, At safepoint: 12934 ns, Total: 119417 ns
[2020-09-11T17:57:46.597+0000][1][safepoint    ] Safepoint "RevokeBias", Time since last: 1645241 ns, Reaching safepoint: 135063 ns, At safepoint: 18649 ns, Total: 153712 ns
[2020-09-11T17:57:46.609+0000][1][safepoint    ] Safepoint "RevokeBias", Time since last: 11844491 ns, Reaching safepoint: 165224 ns, At safepoint: 23745 ns, Total: 188969 ns
[2020-09-11T17:57:46.611+0000][1][safepoint    ] Safepoint "RevokeBias", Time since last: 1473953 ns, Reaching safepoint: 65058 ns, At safepoint: 16478 ns, Total: 81536 ns
[2020-09-11T17:57:46.611+0000][1][safepoint    ] Safepoint "RevokeBias", Time since last: 70594 ns, Reaching safepoint: 35440 ns, At safepoint: 11793 ns, Total: 47233 ns
[2020-09-11T17:57:46.611+0000][1][safepoint    ] Safepoint "RevokeBias", Time since last: 60056 ns, Reaching safepoint: 34602 ns, At safepoint: 10737 ns, Total: 45339 ns
[2020-09-11T17:57:46.611+0000][1][safepoint    ] Safepoint "RevokeBias", Time since last: 200147 ns, Reaching safepoint: 33723 ns, At safepoint: 11247 ns, Total: 44970 ns
[2020-09-11T17:57:46.706+0000][1][safepoint    ] Safepoint "BulkRevokeBias", Time since last: 94463661 ns, Reaching safepoint: 154795 ns, At safepoint: 513087 ns, Total: 667882 ns
[2020-09-11T17:57:46.837+0000][1][safepoint    ] Safepoint "RevokeBias", Time since last: 130748991 ns, Reaching safepoint: 157681 ns, At safepoint: 22725 ns, Total: 180406 ns
[2020-09-11T17:57:46.877+0000][1][safepoint    ] Safepoint "RevokeBias", Time since last: 39749310 ns, Reaching safepoint: 167062 ns, At safepoint: 24234 ns, Total: 191296 ns
[2020-09-11T17:57:47.428+0000][1][safepoint    ] Safepoint "RevokeBias", Time since last: 551269179 ns, Reaching safepoint: 176997 ns, At safepoint: 24682 ns, Total: 201679 ns
[2020-09-11T17:57:47.432+0000][1][safepoint    ] Safepoint "RevokeBias", Time since last: 3857707 ns, Reaching safepoint: 151775 ns, At safepoint: 20081 ns, Total: 171856 ns
[2020-09-11T17:57:47.433+0000][1][safepoint    ] Safepoint "RevokeBias", Time since last: 158705 ns, Reaching safepoint: 126484 ns, At safepoint: 14026 ns, Total: 140510 ns
[2020-09-11T17:57:47.433+0000][1][safepoint    ] Safepoint "RevokeBias", Time since last: 54676 ns, Reaching safepoint: 103890 ns, At safepoint: 11720 ns, Total: 115610 ns
[2020-09-11T17:57:47.492+0000][1][safepoint    ] Safepoint "RevokeBias", Time since last: 35948139 ns, Reaching safepoint: 22777696 ns, At safepoint: 35711 ns, Total: 22813407 ns
[2020-09-11T17:57:47.668+0000][1][safepoint    ] Safepoint "RevokeBias", Time since last: 175762686 ns, Reaching safepoint: 172404 ns, At safepoint: 24783 ns, Total: 197187 ns
[2020-09-11T17:57:47.806+0000][1][safepoint    ] Safepoint "RevokeBias", Time since last: 138125381 ns, Reaching safepoint: 149259 ns, At safepoint: 19961 ns, Total: 169220 ns
[2020-09-11T17:57:48.167+0000][1][safepoint    ] Safepoint "RevokeBias", Time since last: 360926711 ns, Reaching safepoint: 100360 ns, At safepoint: 24005 ns, Total: 124365 ns
[2020-09-11T17:57:48.253+0000][1][safepoint    ] Safepoint "RevokeBias", Time since last: 86263871 ns, Reaching safepoint: 149735 ns, At safepoint: 22365 ns, Total: 172100 ns
[2020-09-11T17:57:48.401+0000][1][gc,start     ] GC(79) Pause Young (Allocation Failure)
[2020-09-11T17:57:48.401+0000][1][gc,task      ] GC(79) Using 1 workers of 1 for evacuation
[2020-09-11T17:57:48.487+0000][1][gc,age       ] GC(79) Desired survivor size 4358144 bytes, new threshold 6 (max threshold 6)
[2020-09-11T17:57:48.487+0000][1][gc,age       ] GC(79) Age table with threshold 6 (max threshold 6)
[2020-09-11T17:57:48.487+0000][1][gc,age       ] GC(79) - age   1:    1319936 bytes,    1319936 total
[2020-09-11T17:57:48.487+0000][1][gc,age       ] GC(79) - age   2:     779752 bytes,    2099688 total
[2020-09-11T17:57:48.487+0000][1][gc,age       ] GC(79) - age   3:     866320 bytes,    2966008 total
[2020-09-11T17:57:48.487+0000][1][gc,age       ] GC(79) - age   4:     416488 bytes,    3382496 total
[2020-09-11T17:57:48.487+0000][1][gc,heap      ] GC(79) ParNew: 72294K->3854K(76672K)
[2020-09-11T17:57:48.487+0000][1][gc,heap      ] GC(79) CMS: 83674K->83674K(439104K)
[2020-09-11T17:57:48.487+0000][1][gc,metaspace ] GC(79) Metaspace: 86273K->86273K(1128448K)
[2020-09-11T17:57:48.487+0000][1][gc           ] GC(79) Pause Young (Allocation Failure) 152M->85M(503M) 85.908ms
[2020-09-11T17:57:48.487+0000][1][gc,cpu       ] GC(79) User=0.02s Sys=0.00s Real=0.08s
[2020-09-11T17:57:48.536+0000][1][safepoint    ] Safepoint "GenCollectForAllocation", Time since last: 147696125 ns, Reaching safepoint: 159363 ns, At safepoint: 134293416 ns, Total: 134452779 ns
[2020-09-11T17:57:48.565+0000][1][safepoint    ] Safepoint "RevokeBias", Time since last: 25920064 ns, Reaching safepoint: 98298 ns, At safepoint: 3706669 ns, Total: 3804967 ns
[2020-09-11T17:57:48.642+0000][1][safepoint    ] Safepoint "RevokeBias", Time since last: 76863207 ns, Reaching safepoint: 155768 ns, At safepoint: 23798 ns, Total: 179566 ns
[2020-09-11T17:57:48.667+0000][1][safepoint    ] Safepoint "RevokeBias", Time since last: 24060372 ns, Reaching safepoint: 169734 ns, At safepoint: 41743 ns, Total: 211477 ns
[2020-09-11T17:57:48.710+0000][1][safepoint    ] Safepoint "RevokeBias", Time since last: 43590014 ns, Reaching safepoint: 208583 ns, At safepoint: 19182 ns, Total: 227765 ns
[2020-09-11T17:57:48.738+0000][1][safepoint    ] Safepoint "RevokeBias", Time since last: 27755886 ns, Reaching safepoint: 80824 ns, At safepoint: 22515 ns, Total: 103339 ns
[2020-09-11T17:57:48.744+0000][1][safepoint    ] Safepoint "RevokeBias", Time since last: 5950431 ns, Reaching safepoint: 83736 ns, At safepoint: 21081 ns, Total: 104817 ns
[2020-09-11T17:57:49.234+0000][1][safepoint    ] Safepoint "RevokeBias", Time since last: 489936335 ns, Reaching safepoint: 106755 ns, At safepoint: 19429 ns, Total: 126184 ns
[2020-09-11T17:57:49.322+0000][1][safepoint    ] Safepoint "RevokeBias", Time since last: 86382954 ns, Reaching safepoint: 961205 ns, At safepoint: 24396 ns, Total: 985601 ns
[2020-09-11T17:57:49.725+0000][1][safepoint    ] Safepoint "RevokeBias", Time since last: 402956862 ns, Reaching safepoint: 105694 ns, At safepoint: 25338 ns, Total: 131032 ns
[2020-09-11T17:57:49.953+0000][1][safepoint    ] Safepoint "RevokeBias", Time since last: 227367640 ns, Reaching safepoint: 234380 ns, At safepoint: 43572 ns, Total: 277952 ns
[2020-09-11T17:57:49.959+0000][1][safepoint    ] Safepoint "RevokeBias", Time since last: 77053 ns, Reaching safepoint: 6403118 ns, At safepoint: 68679 ns, Total: 6471797 ns
[2020-09-11T17:57:49.959+0000][1][safepoint    ] Safepoint "RevokeBias", Time since last: 208065 ns, Reaching safepoint: 132396 ns, At safepoint: 14024 ns, Total: 146420 ns
[2020-09-11T17:57:49.960+0000][1][safepoint    ] Safepoint "RevokeBias", Time since last: 64354 ns, Reaching safepoint: 105386 ns, At safepoint: 15814 ns, Total: 121200 ns
[2020-09-11T17:57:49.960+0000][1][safepoint    ] Safepoint "RevokeBias", Time since last: 39848 ns, Reaching safepoint: 103261 ns, At safepoint: 12067 ns, Total: 115328 ns
[2020-09-11T17:57:49.960+0000][1][safepoint    ] Safepoint "RevokeBias", Time since last: 146660 ns, Reaching safepoint: 103872 ns, At safepoint: 14445 ns, Total: 118317 ns
[2020-09-11T17:57:49.961+0000][1][safepoint    ] Safepoint "RevokeBias", Time since last: 36740 ns, Reaching safepoint: 757533 ns, At safepoint: 13831 ns, Total: 771364 ns
[2020-09-11T17:57:50.091+0000][1][safepoint    ] Safepoint "RevokeBias", Time since last: 130378575 ns, Reaching safepoint: 157313 ns, At safepoint: 41516 ns, Total: 198829 ns
[2020-09-11T17:57:50.092+0000][1][safepoint    ] Safepoint "RevokeBias", Time since last: 260874 ns, Reaching safepoint: 107600 ns, At safepoint: 28534 ns, Total: 136134 ns
[2020-09-11T17:57:50.092+0000][1][safepoint    ] Safepoint "RevokeBias", Time since last: 49006 ns, Reaching safepoint: 103247 ns, At safepoint: 24582 ns, Total: 127829 ns
[2020-09-11T17:57:50.092+0000][1][safepoint    ] Safepoint "RevokeBias", Time since last: 53340 ns, Reaching safepoint: 102157 ns, At safepoint: 26058 ns, Total: 128215 ns
[2020-09-11T17:57:50.095+0000][1][safepoint    ] Safepoint "RevokeBias", Time since last: 2459887 ns, Reaching safepoint: 139166 ns, At safepoint: 21499 ns, Total: 160665 ns
[2020-09-11T17:57:50.183+0000][1][safepoint    ] Safepoint "RevokeBias", Time since last: 68680912 ns, Reaching safepoint: 18971516 ns, At safepoint: 37605 ns, Total: 19009121 ns
[2020-09-11T17:57:50.981+0000][1][gc,start     ] GC(80) Pause Young (Allocation Failure)
[2020-09-11T17:57:50.981+0000][1][gc,task      ] GC(80) Using 1 workers of 1 for evacuation
[2020-09-11T17:57:51.031+0000][1][gc,age       ] GC(80) Desired survivor size 4358144 bytes, new threshold 4 (max threshold 6)
[2020-09-11T17:57:51.031+0000][1][gc,age       ] GC(80) Age table with threshold 4 (max threshold 6)
[2020-09-11T17:57:51.031+0000][1][gc,age       ] GC(80) - age   1:    2157080 bytes,    2157080 total
[2020-09-11T17:57:51.031+0000][1][gc,age       ] GC(80) - age   2:    1232376 bytes,    3389456 total
[2020-09-11T17:57:51.031+0000][1][gc,age       ] GC(80) - age   3:     772376 bytes,    4161832 total
[2020-09-11T17:57:51.031+0000][1][gc,age       ] GC(80) - age   4:     862760 bytes,    5024592 total
[2020-09-11T17:57:51.031+0000][1][gc,age       ] GC(80) - age   5:     413184 bytes,    5437776 total
[2020-09-11T17:57:51.031+0000][1][gc,heap      ] GC(80) ParNew: 71993K->5918K(76672K)
[2020-09-11T17:57:51.031+0000][1][gc,heap      ] GC(80) CMS: 83674K->83674K(439104K)
[2020-09-11T17:57:51.031+0000][1][gc,metaspace ] GC(80) Metaspace: 86623K->86623K(1128448K)
[2020-09-11T17:57:51.031+0000][1][gc           ] GC(80) Pause Young (Allocation Failure) 152M->87M(503M) 50.191ms
[2020-09-11T17:57:51.031+0000][1][gc,cpu       ] GC(80) User=0.01s Sys=0.00s Real=0.04s
[2020-09-11T17:57:51.077+0000][1][safepoint    ] Safepoint "GenCollectForAllocation", Time since last: 796244772 ns, Reaching safepoint: 2115965 ns, At safepoint: 95987325 ns, Total: 98103290 ns
[2020-09-11T17:57:51.108+0000][1][safepoint    ] Safepoint "RevokeBias", Time since last: 19920917 ns, Reaching safepoint: 10575997 ns, At safepoint: 928562 ns, Total: 11504559 ns
[2020-09-11T17:57:51.122+0000][1][safepoint    ] Safepoint "RevokeBias", Time since last: 11084720 ns, Reaching safepoint: 1458015 ns, At safepoint: 696055 ns, Total: 2154070 ns
[2020-09-11T17:57:51.125+0000][1][safepoint    ] Safepoint "RevokeBias", Time since last: 154111 ns, Reaching safepoint: 3173205 ns, At safepoint: 44989 ns, Total: 3218194 ns
[2020-09-11T17:57:51.125+0000][1][safepoint    ] Safepoint "RevokeBias", Time since last: 98288 ns, Reaching safepoint: 114336 ns, At safepoint: 23684 ns, Total: 138020 ns
[2020-09-11T17:57:51.204+0000][1][safepoint    ] Safepoint "RevokeBias", Time since last: 78234757 ns, Reaching safepoint: 153451 ns, At safepoint: 20135 ns, Total: 173586 ns
[2020-09-11T17:57:51.362+0000][1][safepoint    ] Safepoint "RevokeBias", Time since last: 142434981 ns, Reaching safepoint: 16389053 ns, At safepoint: 34890 ns, Total: 16423943 ns
[2020-09-11T17:57:51.375+0000][1][safepoint    ] Safepoint "RevokeBias", Time since last: 10748255 ns, Reaching safepoint: 1903168 ns, At safepoint: 26223 ns, Total: 1929391 ns
[2020-09-11T17:57:52.417+0000][1][safepoint    ] Safepoint "Cleanup", Time since last: 1029829931 ns, Reaching safepoint: 11995284 ns, At safepoint: 16467 ns, Total: 12011751 ns
[2020-09-11T17:57:52.687+0000][1][safepoint    ] Safepoint "Deoptimize", Time since last: 269724421 ns, Reaching safepoint: 166970 ns, At safepoint: 588369 ns, Total: 755339 ns
[2020-09-11T17:57:52.732+0000][1][gc,start     ] GC(81) Pause Young (Allocation Failure)
[2020-09-11T17:57:52.732+0000][1][gc,task      ] GC(81) Using 1 workers of 1 for evacuation
[2020-09-11T17:57:52.829+0000][1][gc,age       ] GC(81) Desired survivor size 4358144 bytes, new threshold 3 (max threshold 6)
[2020-09-11T17:57:52.829+0000][1][gc,age       ] GC(81) Age table with threshold 3 (max threshold 6)
[2020-09-11T17:57:52.829+0000][1][gc,age       ] GC(81) - age   1:    4006376 bytes,    4006376 total
[2020-09-11T17:57:52.829+0000][1][gc,age       ] GC(81) - age   2:     104232 bytes,    4110608 total
[2020-09-11T17:57:52.829+0000][1][gc,age       ] GC(81) - age   3:     925296 bytes,    5035904 total
[2020-09-11T17:57:52.829+0000][1][gc,age       ] GC(81) - age   4:     768640 bytes,    5804544 total
[2020-09-11T17:57:52.829+0000][1][gc,heap      ] GC(81) ParNew: 74078K->8512K(76672K)
[2020-09-11T17:57:52.829+0000][1][gc,heap      ] GC(81) CMS: 83674K->84960K(439104K)
[2020-09-11T17:57:52.829+0000][1][gc,metaspace ] GC(81) Metaspace: 86780K->86780K(1128448K)
[2020-09-11T17:57:52.830+0000][1][gc           ] GC(81) Pause Young (Allocation Failure) 154M->91M(503M) 97.441ms
[2020-09-11T17:57:52.830+0000][1][gc,cpu       ] GC(81) User=0.03s Sys=0.00s Real=0.10s
[2020-09-11T17:57:52.850+0000][1][safepoint    ] Safepoint "GenCollectForAllocation", Time since last: 44492867 ns, Reaching safepoint: 156436 ns, At safepoint: 117620581 ns, Total: 117777017 ns
[2020-09-11T17:57:52.893+0000][1][safepoint    ] Safepoint "RevokeBias", Time since last: 27116130 ns, Reaching safepoint: 16255397 ns, At safepoint: 29832 ns, Total: 16285229 ns
[2020-09-11T17:57:52.910+0000][1][safepoint    ] Safepoint "RevokeBias", Time since last: 16469924 ns, Reaching safepoint: 165215 ns, At safepoint: 27659 ns, Total: 192874 ns
[2020-09-11T17:57:52.918+0000][1][safepoint    ] Safepoint "RevokeBias", Time since last: 7641670 ns, Reaching safepoint: 151892 ns, At safepoint: 21580 ns, Total: 173472 ns
[2020-09-11T17:57:52.918+0000][1][safepoint    ] Safepoint "BulkRevokeBias", Time since last: 78900 ns, Reaching safepoint: 106603 ns, At safepoint: 235508 ns, Total: 342111 ns
[2020-09-11T17:57:53.041+0000][1][safepoint    ] Safepoint "RevokeBias", Time since last: 122666991 ns, Reaching safepoint: 187917 ns, At safepoint: 22662 ns, Total: 210579 ns
[2020-09-11T17:57:53.677+0000][1][safepoint    ] Safepoint "RevokeBias", Time since last: 625821944 ns, Reaching safepoint: 10214637 ns, At safepoint: 36812 ns, Total: 10251449 ns
[2020-09-11T17:57:53.915+0000][1][safepoint    ] Safepoint "RevokeBias", Time since last: 232024134 ns, Reaching safepoint: 5716174 ns, At safepoint: 38189 ns, Total: 5754363 ns
[2020-09-11T17:57:53.945+0000][1][safepoint    ] Safepoint "RevokeBias", Time since last: 30102989 ns, Reaching safepoint: 91280 ns, At safepoint: 23541 ns, Total: 114821 ns
[2020-09-11T17:57:54.401+0000][1][safepoint    ] Safepoint "RevokeBias", Time since last: 440315021 ns, Reaching safepoint: 15653393 ns, At safepoint: 34279 ns, Total: 15687672 ns
[2020-09-11T17:57:55.401+0000][1][safepoint    ] Safepoint "Cleanup", Time since last: 1000115695 ns, Reaching safepoint: 195207 ns, At safepoint: 8110 ns, Total: 203317 ns
[2020-09-11T17:57:56.341+0000][1][safepoint    ] Safepoint "RevokeBias", Time since last: 940013168 ns, Reaching safepoint: 180870 ns, At safepoint: 20721 ns, Total: 201591 ns
[2020-09-11T17:57:56.460+0000][1][safepoint    ] Safepoint "RevokeBias", Time since last: 117282901 ns, Reaching safepoint: 1124068 ns, At safepoint: 34079 ns, Total: 1158147 ns
[2020-09-11T17:57:56.467+0000][1][safepoint    ] Safepoint "RevokeBias", Time since last: 6911597 ns, Reaching safepoint: 167854 ns, At safepoint: 24967 ns, Total: 192821 ns
[2020-09-11T17:57:56.486+0000][1][safepoint    ] Safepoint "RevokeBias", Time since last: 17622027 ns, Reaching safepoint: 1533584 ns, At safepoint: 27219 ns, Total: 1560803 ns
[2020-09-11T17:57:56.679+0000][1][safepoint    ] Safepoint "RevokeBias", Time since last: 174809469 ns, Reaching safepoint: 18007628 ns, At safepoint: 32603 ns, Total: 18040231 ns
[2020-09-11T17:57:56.742+0000][1][safepoint    ] Safepoint "RevokeBias", Time since last: 62291886 ns, Reaching safepoint: 727275 ns, At safepoint: 31126 ns, Total: 758401 ns
[2020-09-11T17:57:56.793+0000][1][safepoint    ] Safepoint "RevokeBias", Time since last: 2861012 ns, Reaching safepoint: 47684058 ns, At safepoint: 34176 ns, Total: 47718234 ns
[2020-09-11T17:57:56.794+0000][1][safepoint    ] Safepoint "RevokeBias", Time since last: 1044215 ns, Reaching safepoint: 222745 ns, At safepoint: 14957 ns, Total: 237702 ns
[2020-09-11T17:57:56.817+0000][1][safepoint    ] Safepoint "RevokeBias", Time since last: 22621812 ns, Reaching safepoint: 346563 ns, At safepoint: 30764 ns, Total: 377327 ns
[2020-09-11T17:57:56.891+0000][1][gc,start     ] GC(82) Pause Young (Allocation Failure)
[2020-09-11T17:57:56.891+0000][1][gc,task      ] GC(82) Using 1 workers of 1 for evacuation
[2020-09-11T17:57:56.975+0000][1][gc,age       ] GC(82) Desired survivor size 4358144 bytes, new threshold 6 (max threshold 6)
[2020-09-11T17:57:56.975+0000][1][gc,age       ] GC(82) Age table with threshold 6 (max threshold 6)
[2020-09-11T17:57:56.975+0000][1][gc,age       ] GC(82) - age   1:     908376 bytes,     908376 total
[2020-09-11T17:57:56.975+0000][1][gc,age       ] GC(82) - age   2:     360576 bytes,    1268952 total
[2020-09-11T17:57:56.975+0000][1][gc,age       ] GC(82) - age   3:      93568 bytes,    1362520 total
[2020-09-11T17:57:56.975+0000][1][gc,heap      ] GC(82) ParNew: 76664K->5432K(76672K)
[2020-09-11T17:57:56.975+0000][1][gc,heap      ] GC(82) CMS: 84960K->86648K(439104K)
[2020-09-11T17:57:56.975+0000][1][gc,metaspace ] GC(82) Metaspace: 87107K->87107K(1130496K)
[2020-09-11T17:57:56.975+0000][1][gc           ] GC(82) Pause Young (Allocation Failure) 157M->89M(503M) 83.904ms
[2020-09-11T17:57:56.975+0000][1][gc,cpu       ] GC(82) User=0.02s Sys=0.00s Real=0.09s
[2020-09-11T17:57:57.010+0000][1][safepoint    ] Safepoint "GenCollectForAllocation", Time since last: 73616941 ns, Reaching safepoint: 190367 ns, At safepoint: 119610018 ns, Total: 119800385 ns
[2020-09-11T17:57:57.035+0000][1][safepoint    ] Safepoint "RevokeBias", Time since last: 1967638 ns, Reaching safepoint: 22950503 ns, At safepoint: 37142 ns, Total: 22987645 ns
[2020-09-11T17:57:57.109+0000][1][safepoint    ] Safepoint "RevokeBias", Time since last: 59232439 ns, Reaching safepoint: 14607964 ns, At safepoint: 33060 ns, Total: 14641024 ns
[2020-09-11T17:57:57.156+0000][1][safepoint    ] Safepoint "BulkRevokeBias", Time since last: 46476442 ns, Reaching safepoint: 192084 ns, At safepoint: 532122 ns, Total: 724206 ns
[2020-09-11T17:57:57.253+0000][1][safepoint    ] Safepoint "RevokeBias", Time since last: 95961344 ns, Reaching safepoint: 246156 ns, At safepoint: 22492 ns, Total: 268648 ns
[2020-09-11T17:57:57.278+0000][1][safepoint    ] Safepoint "RevokeBias", Time since last: 25455092 ns, Reaching safepoint: 269692 ns, At safepoint: 25641 ns, Total: 295333 ns
[2020-09-11T17:57:57.286+0000][1][safepoint    ] Safepoint "RevokeBias", Time since last: 7564041 ns, Reaching safepoint: 169982 ns, At safepoint: 22115 ns, Total: 192097 ns
[2020-09-11T17:57:57.450+0000][1][safepoint    ] Safepoint "RevokeBias", Time since last: 163187063 ns, Reaching safepoint: 163959 ns, At safepoint: 22610 ns, Total: 186569 ns
[2020-09-11T17:57:57.881+0000][1][safepoint    ] Safepoint "RevokeBias", Time since last: 430656056 ns, Reaching safepoint: 764693 ns, At safepoint: 50255 ns, Total: 814948 ns
[2020-09-11T17:57:58.426+0000][1][safepoint    ] Safepoint "RevokeBias", Time since last: 527716005 ns, Reaching safepoint: 17211907 ns, At safepoint: 28062 ns, Total: 17239969 ns
[2020-09-11T17:57:58.737+0000][1][safepoint    ] Safepoint "RevokeBias", Time since last: 303080584 ns, Reaching safepoint: 8322577 ns, At safepoint: 29710 ns, Total: 8352287 ns
[2020-09-11T17:57:58.986+0000][1][safepoint    ] Safepoint "RevokeBias", Time since last: 240281521 ns, Reaching safepoint: 8491783 ns, At safepoint: 50651 ns, Total: 8542434 ns
[2020-09-11T17:57:58.993+0000][1][safepoint    ] Safepoint "RevokeBias", Time since last: 2394450 ns, Reaching safepoint: 4209589 ns, At safepoint: 38352 ns, Total: 4247941 ns
[2020-09-11T17:57:59.086+0000][1][safepoint    ] Safepoint "RevokeBias", Time since last: 93105323 ns, Reaching safepoint: 400861 ns, At safepoint: 23452 ns, Total: 424313 ns
[2020-09-11T17:57:59.098+0000][1][safepoint    ] Safepoint "RevokeBias", Time since last: 11405745 ns, Reaching safepoint: 247252 ns, At safepoint: 23307 ns, Total: 270559 ns
[2020-09-11T17:57:59.265+0000][1][safepoint    ] Safepoint "RevokeBias", Time since last: 167135201 ns, Reaching safepoint: 247334 ns, At safepoint: 25059 ns, Total: 272393 ns
[2020-09-11T17:57:59.317+0000][1][safepoint    ] Safepoint "RevokeBias", Time since last: 31698804 ns, Reaching safepoint: 19730533 ns, At safepoint: 38141 ns, Total: 19768674 ns
[2020-09-11T17:57:59.334+0000][1][safepoint    ] Safepoint "RevokeBias", Time since last: 16698220 ns, Reaching safepoint: 159938 ns, At safepoint: 11135 ns, Total: 171073 ns
[2020-09-11T17:57:59.437+0000][1][safepoint    ] Safepoint "RevokeBias", Time since last: 103005942 ns, Reaching safepoint: 181346 ns, At safepoint: 44597 ns, Total: 225943 ns
[2020-09-11T17:57:59.473+0000][1][safepoint    ] Safepoint "RevokeBias", Time since last: 36049710 ns, Reaching safepoint: 178547 ns, At safepoint: 11046 ns, Total: 189593 ns
[2020-09-11T17:57:59.498+0000][1][safepoint    ] Safepoint "RevokeBias", Time since last: 15582254 ns, Reaching safepoint: 9101665 ns, At safepoint: 20163 ns, Total: 9121828 ns
[2020-09-11T17:57:59.508+0000][1][safepoint    ] Safepoint "RevokeBias", Time since last: 10071099 ns, Reaching safepoint: 158184 ns, At safepoint: 9863 ns, Total: 168047 ns
[2020-09-11T17:58:00.154+0000][1][safepoint    ] Safepoint "RevokeBias", Time since last: 645057352 ns, Reaching safepoint: 517955 ns, At safepoint: 24025 ns, Total: 541980 ns
[2020-09-11T17:58:00.157+0000][1][safepoint    ] Safepoint "RevokeBias", Time since last: 3390183 ns, Reaching safepoint: 153166 ns, At safepoint: 19704 ns, Total: 172870 ns
[2020-09-11T17:58:01.081+0000][1][safepoint    ] Safepoint "RevokeBias", Time since last: 923455389 ns, Reaching safepoint: 202746 ns, At safepoint: 24703 ns, Total: 227449 ns
[2020-09-11T17:58:02.054+0000][1][safepoint    ] Safepoint "RevokeBias", Time since last: 972255817 ns, Reaching safepoint: 183330 ns, At safepoint: 25113 ns, Total: 208443 ns
[2020-09-11T17:58:02.137+0000][1][safepoint    ] Safepoint "RevokeBias", Time since last: 83732563 ns, Reaching safepoint: 162908 ns, At safepoint: 24122 ns, Total: 187030 ns
[2020-09-11T17:58:02.481+0000][1][gc,start     ] GC(83) Pause Young (Allocation Failure)
[2020-09-11T17:58:02.481+0000][1][gc,task      ] GC(83) Using 1 workers of 1 for evacuation
[2020-09-11T17:58:02.535+0000][1][gc,age       ] GC(83) Desired survivor size 4358144 bytes, new threshold 1 (max threshold 6)
[2020-09-11T17:58:02.535+0000][1][gc,age       ] GC(83) Age table with threshold 1 (max threshold 6)
[2020-09-11T17:58:02.535+0000][1][gc,age       ] GC(83) - age   1:    7642096 bytes,    7642096 total
[2020-09-11T17:58:02.535+0000][1][gc,age       ] GC(83) - age   2:     764768 bytes,    8406864 total
[2020-09-11T17:58:02.535+0000][1][gc,age       ] GC(83) - age   3:     205696 bytes,    8612560 total
[2020-09-11T17:58:02.535+0000][1][gc,age       ] GC(83) - age   4:      83328 bytes,    8695888 total
[2020-09-11T17:58:02.535+0000][1][gc,heap      ] GC(83) ParNew: 73592K->8512K(76672K)
[2020-09-11T17:58:02.535+0000][1][gc,heap      ] GC(83) CMS: 86648K->89276K(439104K)
[2020-09-11T17:58:02.535+0000][1][gc,metaspace ] GC(83) Metaspace: 89167K->89167K(1130496K)
[2020-09-11T17:58:02.535+0000][1][gc           ] GC(83) Pause Young (Allocation Failure) 156M->95M(503M) 54.370ms
[2020-09-11T17:58:02.535+0000][1][gc,cpu       ] GC(83) User=0.02s Sys=0.00s Real=0.05s
[2020-09-11T17:58:02.545+0000][1][safepoint    ] Safepoint "GenCollectForAllocation", Time since last: 343370663 ns, Reaching safepoint: 176689 ns, At safepoint: 63809762 ns, Total: 63986451 ns
[2020-09-11T17:58:03.477+0000][1][safepoint    ] Safepoint "RevokeBias", Time since last: 931647941 ns, Reaching safepoint: 100987 ns, At safepoint: 21253 ns, Total: 122240 ns
[2020-09-11T17:58:04.114+0000][1][safepoint    ] Safepoint "RevokeBias", Time since last: 637469427 ns, Reaching safepoint: 80918 ns, At safepoint: 22847 ns, Total: 103765 ns
[2020-09-11T17:58:04.184+0000][1][safepoint    ] Safepoint "RevokeBias", Time since last: 69434572 ns, Reaching safepoint: 88072 ns, At safepoint: 28389 ns, Total: 116461 ns
[2020-09-11T17:58:05.184+0000][1][safepoint    ] Safepoint "Cleanup", Time since last: 1000126058 ns, Reaching safepoint: 95381 ns, At safepoint: 10657 ns, Total: 106038 ns
[2020-09-11T17:58:06.153+0000][1][safepoint    ] Safepoint "ICBufferFull", Time since last: 965470166 ns, Reaching safepoint: 3587323 ns, At safepoint: 17337 ns, Total: 3604660 ns
[2020-09-11T17:58:06.448+0000][1][safepoint    ] Safepoint "RevokeBias", Time since last: 294406555 ns, Reaching safepoint: 104402 ns, At safepoint: 18653 ns, Total: 123055 ns
[2020-09-11T17:58:06.681+0000][1][safepoint    ] Safepoint "RevokeBias", Time since last: 233205372 ns, Reaching safepoint: 128853 ns, At safepoint: 23355 ns, Total: 152208 ns
[2020-09-11T17:58:07.681+0000][1][safepoint    ] Safepoint "Cleanup", Time since last: 1000125954 ns, Reaching safepoint: 98709 ns, At safepoint: 8014 ns, Total: 106723 ns
[2020-09-11T17:58:08.039+0000][1][safepoint    ] Safepoint "RevokeBias", Time since last: 356638264 ns, Reaching safepoint: 1293534 ns, At safepoint: 35500 ns, Total: 1329034 ns
[2020-09-11T17:58:08.048+0000][1][safepoint    ] Safepoint "RevokeBias", Time since last: 6555764 ns, Reaching safepoint: 2457675 ns, At safepoint: 22494 ns, Total: 2480169 ns
[2020-09-11T17:58:08.065+0000][1][safepoint    ] Safepoint "RevokeBias", Time since last: 16206841 ns, Reaching safepoint: 173130 ns, At safepoint: 24219 ns, Total: 197349 ns
[2020-09-11T17:58:08.074+0000][1][safepoint    ] Safepoint "RevokeBias", Time since last: 9235150 ns, Reaching safepoint: 179964 ns, At safepoint: 24382 ns, Total: 204346 ns
[2020-09-11T17:58:08.357+0000][1][safepoint    ] Safepoint "RevokeBias", Time since last: 270568008 ns, Reaching safepoint: 12369766 ns, At safepoint: 34714 ns, Total: 12404480 ns
[2020-09-11T17:58:08.709+0000][1][safepoint    ] Safepoint "RevokeBias", Time since last: 350574207 ns, Reaching safepoint: 1389391 ns, At safepoint: 23760 ns, Total: 1413151 ns
[2020-09-11T17:58:08.769+0000][1][safepoint    ] Safepoint "BulkRevokeBias", Time since last: 53853770 ns, Reaching safepoint: 6027241 ns, At safepoint: 414212 ns, Total: 6441453 ns
[2020-09-11T17:58:08.774+0000][1][safepoint    ] Safepoint "RevokeBias", Time since last: 4062216 ns, Reaching safepoint: 175150 ns, At safepoint: 145842 ns, Total: 320992 ns
[2020-09-11T17:58:08.782+0000][1][safepoint    ] Safepoint "RevokeBias", Time since last: 557522 ns, Reaching safepoint: 6740872 ns, At safepoint: 838462 ns, Total: 7579334 ns
[2020-09-11T17:58:08.837+0000][1][safepoint    ] Safepoint "RevokeBias", Time since last: 53686549 ns, Reaching safepoint: 1762303 ns, At safepoint: 28004 ns, Total: 1790307 ns
[2020-09-11T17:58:08.838+0000][1][safepoint    ] Safepoint "RevokeBias", Time since last: 225270 ns, Reaching safepoint: 117699 ns, At safepoint: 120186 ns, Total: 237885 ns
[2020-09-11T17:58:08.906+0000][1][safepoint    ] Safepoint "RevokeBias", Time since last: 67823566 ns, Reaching safepoint: 85779 ns, At safepoint: 20453 ns, Total: 106232 ns
[2020-09-11T17:58:08.906+0000][1][safepoint    ] Safepoint "RevokeBias", Time since last: 118848 ns, Reaching safepoint: 34838 ns, At safepoint: 12448 ns, Total: 47286 ns
[2020-09-11T17:58:08.906+0000][1][safepoint    ] Safepoint "RevokeBias", Time since last: 31675 ns, Reaching safepoint: 32051 ns, At safepoint: 10349 ns, Total: 42400 ns
[2020-09-11T17:58:09.589+0000][1][safepoint    ] Safepoint "RevokeBias", Time since last: 682767528 ns, Reaching safepoint: 111211 ns, At safepoint: 57263 ns, Total: 168474 ns
[2020-09-11T17:58:10.589+0000][1][safepoint    ] Safepoint "Cleanup", Time since last: 1000114530 ns, Reaching safepoint: 103630 ns, At safepoint: 7633 ns, Total: 111263 ns
[2020-09-11T17:58:10.779+0000][1][safepoint    ] Safepoint "RevokeBias", Time since last: 189442104 ns, Reaching safepoint: 99987 ns, At safepoint: 22202 ns, Total: 122189 ns
[2020-09-11T17:58:10.823+0000][1][safepoint    ] Safepoint "RevokeBias", Time since last: 44749384 ns, Reaching safepoint: 81295 ns, At safepoint: 23543 ns, Total: 104838 ns
[2020-09-11T17:58:10.983+0000][1][safepoint    ] Safepoint "RevokeBias", Time since last: 159229894 ns, Reaching safepoint: 87141 ns, At safepoint: 23493 ns, Total: 110634 ns
[2020-09-11T17:58:11.983+0000][1][safepoint    ] Safepoint "Cleanup", Time since last: 1000193290 ns, Reaching safepoint: 179020 ns, At safepoint: 21169 ns, Total: 200189 ns
[2020-09-11T17:58:12.920+0000][1][safepoint    ] Safepoint "RevokeBias", Time since last: 936276061 ns, Reaching safepoint: 155300 ns, At safepoint: 19260 ns, Total: 174560 ns
[2020-09-11T17:58:12.921+0000][1][safepoint    ] Safepoint "RevokeBias", Time since last: 1290964 ns, Reaching safepoint: 119352 ns, At safepoint: 16000 ns, Total: 135352 ns
[2020-09-11T17:58:13.921+0000][1][safepoint    ] Safepoint "Cleanup", Time since last: 1000093803 ns, Reaching safepoint: 112392 ns, At safepoint: 7724 ns, Total: 120116 ns
[2020-09-11T17:58:14.921+0000][1][safepoint    ] Safepoint "Cleanup", Time since last: 1000112601 ns, Reaching safepoint: 96521 ns, At safepoint: 6824 ns, Total: 103345 ns
[2020-09-11T17:58:15.956+0000][1][safepoint    ] Safepoint "Cleanup", Time since last: 1034132360 ns, Reaching safepoint: 206684 ns, At safepoint: 20307 ns, Total: 226991 ns
[2020-09-11T17:58:16.582+0000][1][safepoint    ] Safepoint "RevokeBias", Time since last: 626382661 ns, Reaching safepoint: 191015 ns, At safepoint: 22845 ns, Total: 213860 ns
[2020-09-11T17:58:17.583+0000][1][safepoint    ] Safepoint "Cleanup", Time since last: 1000150285 ns, Reaching safepoint: 179829 ns, At safepoint: 21262 ns, Total: 201091 ns
[2020-09-11T17:58:17.630+0000][1][gc,start     ] GC(84) Pause Young (Allocation Failure)
[2020-09-11T17:58:17.630+0000][1][gc,task      ] GC(84) Using 1 workers of 1 for evacuation
[2020-09-11T17:58:17.645+0000][1][gc,age       ] GC(84) Desired survivor size 4358144 bytes, new threshold 6 (max threshold 6)
[2020-09-11T17:58:17.645+0000][1][gc,age       ] GC(84) Age table with threshold 6 (max threshold 6)
[2020-09-11T17:58:17.645+0000][1][gc,age       ] GC(84) - age   1:    2732048 bytes,    2732048 total
[2020-09-11T17:58:17.645+0000][1][gc,heap      ] GC(84) ParNew: 76672K->6791K(76672K)
[2020-09-11T17:58:17.645+0000][1][gc,heap      ] GC(84) CMS: 89276K->97745K(439104K)
[2020-09-11T17:58:17.645+0000][1][gc,metaspace ] GC(84) Metaspace: 89609K->89609K(1132544K)
[2020-09-11T17:58:17.645+0000][1][gc           ] GC(84) Pause Young (Allocation Failure) 162M->102M(503M) 15.548ms
[2020-09-11T17:58:17.645+0000][1][gc,cpu       ] GC(84) User=0.01s Sys=0.00s Real=0.02s
[2020-09-11T17:58:17.645+0000][1][safepoint    ] Safepoint "GenCollectForAllocation", Time since last: 46804082 ns, Reaching safepoint: 199735 ns, At safepoint: 15617767 ns, Total: 15817502 ns
[2020-09-11T17:58:18.235+0000][1][safepoint    ] Safepoint "RevokeBias", Time since last: 588957036 ns, Reaching safepoint: 164888 ns, At safepoint: 32010 ns, Total: 196898 ns
[2020-09-11T17:58:18.235+0000][1][safepoint    ] Safepoint "RevokeBias", Time since last: 171353 ns, Reaching safepoint: 105350 ns, At safepoint: 21670 ns, Total: 127020 ns
[2020-09-11T17:58:19.249+0000][1][safepoint    ] Safepoint "Cleanup", Time since last: 1005932885 ns, Reaching safepoint: 8116848 ns, At safepoint: 20034 ns, Total: 8136882 ns
[2020-09-11T17:58:20.039+0000][1][safepoint    ] Safepoint "RevokeBias", Time since last: 789847639 ns, Reaching safepoint: 169777 ns, At safepoint: 22935 ns, Total: 192712 ns
[2020-09-11T17:58:20.805+0000][1][safepoint    ] Safepoint "RevokeBias", Time since last: 764156636 ns, Reaching safepoint: 1581542 ns, At safepoint: 33414 ns, Total: 1614956 ns
[2020-09-11T17:58:21.935+0000][1][safepoint    ] Safepoint "Cleanup", Time since last: 1129824773 ns, Reaching safepoint: 117013 ns, At safepoint: 9804 ns, Total: 126817 ns
[2020-09-11T17:58:22.935+0000][1][safepoint    ] Safepoint "Cleanup", Time since last: 1000108708 ns, Reaching safepoint: 97428 ns, At safepoint: 132595 ns, Total: 230023 ns
[2020-09-11T17:58:23.935+0000][1][safepoint    ] Safepoint "Cleanup", Time since last: 1000127775 ns, Reaching safepoint: 95150 ns, At safepoint: 6568 ns, Total: 101718 ns
[2020-09-11T17:58:24.935+0000][1][safepoint    ] Safepoint "Cleanup", Time since last: 1000108022 ns, Reaching safepoint: 99272 ns, At safepoint: 6059 ns, Total: 105331 ns
[2020-09-11T17:58:25.936+0000][1][safepoint    ] Safepoint "Cleanup", Time since last: 1000170463 ns, Reaching safepoint: 189832 ns, At safepoint: 15886 ns, Total: 205718 ns
[2020-09-11T17:58:26.556+0000][1][safepoint    ] Safepoint "RevokeBias", Time since last: 619522125 ns, Reaching safepoint: 194650 ns, At safepoint: 25813 ns, Total: 220463 ns
[2020-09-11T17:58:27.556+0000][1][safepoint    ] Safepoint "Cleanup", Time since last: 1000167421 ns, Reaching safepoint: 130547 ns, At safepoint: 8541 ns, Total: 139088 ns
[2020-09-11T17:58:28.557+0000][1][safepoint    ] Safepoint "Cleanup", Time since last: 1000114413 ns, Reaching safepoint: 859345 ns, At safepoint: 9141 ns, Total: 868486 ns
[2020-09-11T17:58:29.173+0000][1][safepoint    ] Safepoint "RevokeBias", Time since last: 616465893 ns, Reaching safepoint: 103293 ns, At safepoint: 21635 ns, Total: 124928 ns
[2020-09-11T17:58:30.174+0000][1][safepoint    ] Safepoint "Cleanup", Time since last: 1000132451 ns, Reaching safepoint: 174601 ns, At safepoint: 17941 ns, Total: 192542 ns
[2020-09-11T17:58:30.779+0000][1][safepoint    ] Safepoint "BulkRevokeBias", Time since last: 604376683 ns, Reaching safepoint: 297830 ns, At safepoint: 518759 ns, Total: 816589 ns
[2020-09-11T17:58:31.779+0000][1][safepoint    ] Safepoint "Cleanup", Time since last: 1000224000 ns, Reaching safepoint: 126961 ns, At safepoint: 8730 ns, Total: 135691 ns
[2020-09-11T17:58:32.780+0000][1][safepoint    ] Safepoint "Cleanup", Time since last: 1000139730 ns, Reaching safepoint: 171634 ns, At safepoint: 18539 ns, Total: 190173 ns
[2020-09-11T17:58:33.780+0000][1][safepoint    ] Safepoint "Cleanup", Time since last: 1000204882 ns, Reaching safepoint: 191292 ns, At safepoint: 18893 ns, Total: 210185 ns
[2020-09-11T17:58:34.780+0000][1][safepoint    ] Safepoint "Cleanup", Time since last: 1000224218 ns, Reaching safepoint: 114428 ns, At safepoint: 8350 ns, Total: 122778 ns
[2020-09-11T17:58:35.781+0000][1][safepoint    ] Safepoint "Cleanup", Time since last: 1000173270 ns, Reaching safepoint: 127124 ns, At safepoint: 6990 ns, Total: 134114 ns
[2020-09-11T17:58:36.517+0000][1][safepoint    ] Safepoint "RevokeBias", Time since last: 735954738 ns, Reaching safepoint: 138494 ns, At safepoint: 21143 ns, Total: 159637 ns
[2020-09-11T17:58:37.517+0000][1][safepoint    ] Safepoint "Cleanup", Time since last: 1000123974 ns, Reaching safepoint: 171149 ns, At safepoint: 15579 ns, Total: 186728 ns
[2020-09-11T17:58:38.517+0000][1][safepoint    ] Safepoint "Cleanup", Time since last: 1000150233 ns, Reaching safepoint: 94390 ns, At safepoint: 6403 ns, Total: 100793 ns
[2020-09-11T17:58:39.025+0000][1][safepoint    ] Safepoint "RevokeBias", Time since last: 507375876 ns, Reaching safepoint: 104550 ns, At safepoint: 22393 ns, Total: 126943 ns
[2020-09-11T17:58:40.025+0000][1][safepoint    ] Safepoint "Cleanup", Time since last: 1000110369 ns, Reaching safepoint: 93746 ns, At safepoint: 7621 ns, Total: 101367 ns
[2020-09-11T17:58:40.728+0000][1][safepoint    ] Safepoint "RevokeBias", Time since last: 702867324 ns, Reaching safepoint: 100280 ns, At safepoint: 22199 ns, Total: 122479 ns
[2020-09-11T17:58:41.728+0000][1][safepoint    ] Safepoint "Cleanup", Time since last: 1000199745 ns, Reaching safepoint: 123260 ns, At safepoint: 7594 ns, Total: 130854 ns
[2020-09-11T17:58:42.717+0000][1][gc,start     ] GC(85) Pause Young (Allocation Failure)
[2020-09-11T17:58:42.717+0000][1][gc,task      ] GC(85) Using 1 workers of 1 for evacuation
[2020-09-11T17:58:42.726+0000][1][gc,age       ] GC(85) Desired survivor size 4358144 bytes, new threshold 6 (max threshold 6)
[2020-09-11T17:58:42.727+0000][1][gc,age       ] GC(85) Age table with threshold 6 (max threshold 6)
[2020-09-11T17:58:42.727+0000][1][gc,age       ] GC(85) - age   1:     142200 bytes,     142200 total
[2020-09-11T17:58:42.727+0000][1][gc,age       ] GC(85) - age   2:    2665792 bytes,    2807992 total
[2020-09-11T17:58:42.727+0000][1][gc,heap      ] GC(85) ParNew: 74951K->4729K(76672K)
[2020-09-11T17:58:42.727+0000][1][gc,heap      ] GC(85) CMS: 97745K->97745K(439104K)
[2020-09-11T17:58:42.727+0000][1][gc,metaspace ] GC(85) Metaspace: 90082K->90082K(1132544K)
[2020-09-11T17:58:42.727+0000][1][gc           ] GC(85) Pause Young (Allocation Failure) 168M->100M(503M) 9.739ms
[2020-09-11T17:58:42.727+0000][1][gc,cpu       ] GC(85) User=0.00s Sys=0.00s Real=0.01s
[2020-09-11T17:58:42.727+0000][1][safepoint    ] Safepoint "GenCollectForAllocation", Time since last: 986292351 ns, Reaching safepoint: 2100490 ns, At safepoint: 9809001 ns, Total: 11909491 ns
[2020-09-11T17:58:43.739+0000][1][safepoint    ] Safepoint "Cleanup", Time since last: 1011567718 ns, Reaching safepoint: 295804 ns, At safepoint: 47746 ns, Total: 343550 ns
[2020-09-11T17:58:44.739+0000][1][safepoint    ] Safepoint "Cleanup", Time since last: 1000145906 ns, Reaching safepoint: 89418 ns, At safepoint: 17783 ns, Total: 107201 ns
[2020-09-11T17:58:45.739+0000][1][safepoint    ] Safepoint "Cleanup", Time since last: 1000330469 ns, Reaching safepoint: 89618 ns, At safepoint: 5565 ns, Total: 95183 ns
[2020-09-11T17:58:46.490+0000][1][safepoint    ] Safepoint "RevokeBias", Time since last: 750973636 ns, Reaching safepoint: 94910 ns, At safepoint: 22098 ns, Total: 117008 ns
[2020-09-11T17:58:47.491+0000][1][safepoint    ] Safepoint "Cleanup", Time since last: 1000141083 ns, Reaching safepoint: 173715 ns, At safepoint: 18713 ns, Total: 192428 ns
[2020-09-11T17:58:48.491+0000][1][safepoint    ] Safepoint "Cleanup", Time since last: 1000154342 ns, Reaching safepoint: 97864 ns, At safepoint: 9130 ns, Total: 106994 ns
[2020-09-11T17:58:48.977+0000][1][safepoint    ] Safepoint "RevokeBias", Time since last: 486018595 ns, Reaching safepoint: 102076 ns, At safepoint: 23008 ns, Total: 125084 ns
[2020-09-11T17:58:49.977+0000][1][safepoint    ] Safepoint "Cleanup", Time since last: 1000146181 ns, Reaching safepoint: 125637 ns, At safepoint: 7057 ns, Total: 132694 ns
[2020-09-11T17:58:50.713+0000][1][safepoint    ] Safepoint "RevokeBias", Time since last: 735508214 ns, Reaching safepoint: 100488 ns, At safepoint: 21462 ns, Total: 121950 ns
[2020-09-11T17:58:52.713+0000][1][safepoint    ] Safepoint "Cleanup", Time since last: 2000239229 ns, Reaching safepoint: 136624 ns, At safepoint: 9373 ns, Total: 145997 ns
[2020-09-11T17:58:54.714+0000][1][safepoint    ] Safepoint "Cleanup", Time since last: 2000270021 ns, Reaching safepoint: 95958 ns, At safepoint: 7131 ns, Total: 103089 ns
[2020-09-11T17:58:55.714+0000][1][safepoint    ] Safepoint "Cleanup", Time since last: 1000175107 ns, Reaching safepoint: 123458 ns, At safepoint: 8116 ns, Total: 131574 ns
[2020-09-11T17:58:56.513+0000][1][safepoint    ] Safepoint "RevokeBias", Time since last: 799133701 ns, Reaching safepoint: 177460 ns, At safepoint: 24419 ns, Total: 201879 ns
[2020-09-11T17:58:57.514+0000][1][safepoint    ] Safepoint "Cleanup", Time since last: 1000186462 ns, Reaching safepoint: 182739 ns, At safepoint: 21135 ns, Total: 203874 ns
[2020-09-11T17:58:58.516+0000][1][safepoint    ] Safepoint "Cleanup", Time since last: 1000219940 ns, Reaching safepoint: 2122389 ns, At safepoint: 13921 ns, Total: 2136310 ns
[2020-09-11T17:58:59.004+0000][1][safepoint    ] Safepoint "RevokeBias", Time since last: 487960242 ns, Reaching safepoint: 102703 ns, At safepoint: 20702 ns, Total: 123405 ns
[2020-09-11T17:59:00.004+0000][1][safepoint    ] Safepoint "Cleanup", Time since last: 1000142522 ns, Reaching safepoint: 100922 ns, At safepoint: 21293 ns, Total: 122215 ns
[2020-09-11T17:59:00.727+0000][1][safepoint    ] Safepoint "RevokeBias", Time since last: 720677270 ns, Reaching safepoint: 2051095 ns, At safepoint: 26640 ns, Total: 2077735 ns
[2020-09-11T17:59:01.728+0000][1][safepoint    ] Safepoint "Cleanup", Time since last: 1000145064 ns, Reaching safepoint: 182004 ns, At safepoint: 20417 ns, Total: 202421 ns
[2020-09-11T17:59:03.728+0000][1][safepoint    ] Safepoint "Cleanup", Time since last: 2000258735 ns, Reaching safepoint: 170578 ns, At safepoint: 17096 ns, Total: 187674 ns
[2020-09-11T17:59:04.728+0000][1][safepoint    ] Safepoint "Cleanup", Time since last: 1000209499 ns, Reaching safepoint: 120839 ns, At safepoint: 7015 ns, Total: 127854 ns
[2020-09-11T17:59:06.469+0000][1][gc,start     ] GC(86) Pause Young (Allocation Failure)
[2020-09-11T17:59:06.469+0000][1][gc,task      ] GC(86) Using 1 workers of 1 for evacuation
[2020-09-11T17:59:06.476+0000][1][gc,age       ] GC(86) Desired survivor size 4358144 bytes, new threshold 6 (max threshold 6)
[2020-09-11T17:59:06.476+0000][1][gc,age       ] GC(86) Age table with threshold 6 (max threshold 6)
[2020-09-11T17:59:06.476+0000][1][gc,age       ] GC(86) - age   1:     145032 bytes,     145032 total
[2020-09-11T17:59:06.476+0000][1][gc,age       ] GC(86) - age   2:      66680 bytes,     211712 total
[2020-09-11T17:59:06.476+0000][1][gc,age       ] GC(86) - age   3:    2657960 bytes,    2869672 total
[2020-09-11T17:59:06.476+0000][1][gc,heap      ] GC(86) ParNew: 72889K->3239K(76672K)
[2020-09-11T17:59:06.476+0000][1][gc,heap      ] GC(86) CMS: 97745K->97745K(439104K)
[2020-09-11T17:59:06.476+0000][1][gc,metaspace ] GC(86) Metaspace: 90419K->90419K(1132544K)
[2020-09-11T17:59:06.476+0000][1][gc           ] GC(86) Pause Young (Allocation Failure) 166M->98M(503M) 6.361ms
[2020-09-11T17:59:06.476+0000][1][gc,cpu       ] GC(86) User=0.01s Sys=0.00s Real=0.01s
[2020-09-11T17:59:06.478+0000][1][safepoint    ] Safepoint "GenCollectForAllocation", Time since last: 1740809452 ns, Reaching safepoint: 164769 ns, At safepoint: 8573417 ns, Total: 8738186 ns
[2020-09-11T17:59:06.484+0000][1][safepoint    ] Safepoint "RevokeBias", Time since last: 6040132 ns, Reaching safepoint: 97100 ns, At safepoint: 34988 ns, Total: 132088 ns
[2020-09-11T17:59:07.495+0000][1][safepoint    ] Safepoint "Cleanup", Time since last: 1010529768 ns, Reaching safepoint: 173130 ns, At safepoint: 18142 ns, Total: 191272 ns
[2020-09-11T17:59:08.495+0000][1][safepoint    ] Safepoint "Cleanup", Time since last: 1000160899 ns, Reaching safepoint: 89675 ns, At safepoint: 7128 ns, Total: 96803 ns
[2020-09-11T17:59:08.776+0000][1][safepoint    ] Safepoint "RevokeBias", Time since last: 280242208 ns, Reaching safepoint: 182394 ns, At safepoint: 24257 ns, Total: 206651 ns
[2020-09-11T17:59:09.776+0000][1][safepoint    ] Safepoint "Cleanup", Time since last: 1000170101 ns, Reaching safepoint: 120754 ns, At safepoint: 9466 ns, Total: 130220 ns
[2020-09-11T17:59:10.686+0000][1][safepoint    ] Safepoint "RevokeBias", Time since last: 909542145 ns, Reaching safepoint: 175901 ns, At safepoint: 23869 ns, Total: 199770 ns
[2020-09-11T17:59:11.686+0000][1][safepoint    ] Safepoint "Cleanup", Time since last: 1000190305 ns, Reaching safepoint: 186902 ns, At safepoint: 19845 ns, Total: 206747 ns
[2020-09-11T17:59:12.686+0000][1][safepoint    ] Safepoint "Cleanup", Time since last: 1000193749 ns, Reaching safepoint: 136485 ns, At safepoint: 7750 ns, Total: 144235 ns
[2020-09-11T17:59:13.687+0000][1][safepoint    ] Safepoint "Cleanup", Time since last: 1000216121 ns, Reaching safepoint: 247888 ns, At safepoint: 27577 ns, Total: 275465 ns
[2020-09-11T17:59:14.687+0000][1][safepoint    ] Safepoint "Cleanup", Time since last: 1000229649 ns, Reaching safepoint: 115102 ns, At safepoint: 8740 ns, Total: 123842 ns
[2020-09-11T17:59:15.688+0000][1][safepoint    ] Safepoint "Cleanup", Time since last: 1000187317 ns, Reaching safepoint: 193026 ns, At safepoint: 20373 ns, Total: 213399 ns
[2020-09-11T17:59:16.529+0000][1][safepoint    ] Safepoint "RevokeBias", Time since last: 840815186 ns, Reaching safepoint: 220038 ns, At safepoint: 48541 ns, Total: 268579 ns
[2020-09-11T17:59:17.529+0000][1][safepoint    ] Safepoint "Cleanup", Time since last: 1000209302 ns, Reaching safepoint: 122263 ns, At safepoint: 7681 ns, Total: 129944 ns
[2020-09-11T17:59:18.530+0000][1][safepoint    ] Safepoint "Cleanup", Time since last: 1001341561 ns, Reaching safepoint: 170694 ns, At safepoint: 8243 ns, Total: 178937 ns
[2020-09-11T17:59:18.813+0000][1][safepoint    ] Safepoint "RevokeBias", Time since last: 280252349 ns, Reaching safepoint: 2287718 ns, At safepoint: 55986 ns, Total: 2343704 ns
[2020-09-11T17:59:19.813+0000][1][safepoint    ] Safepoint "Cleanup", Time since last: 1000203544 ns, Reaching safepoint: 115707 ns, At safepoint: 10626 ns, Total: 126333 ns
[2020-09-11T17:59:20.701+0000][1][safepoint    ] Safepoint "RevokeBias", Time since last: 887086849 ns, Reaching safepoint: 230082 ns, At safepoint: 22824 ns, Total: 252906 ns
[2020-09-11T17:59:21.701+0000][1][safepoint    ] Safepoint "Cleanup", Time since last: 1000186868 ns, Reaching safepoint: 125979 ns, At safepoint: 8985 ns, Total: 134964 ns
[2020-09-11T17:59:22.701+0000][1][safepoint    ] Safepoint "Cleanup", Time since last: 1000153160 ns, Reaching safepoint: 93690 ns, At safepoint: 7720 ns, Total: 101410 ns
[2020-09-11T17:59:23.702+0000][1][safepoint    ] Safepoint "Cleanup", Time since last: 1000110311 ns, Reaching safepoint: 98781 ns, At safepoint: 7669 ns, Total: 106450 ns
[2020-09-11T17:59:24.702+0000][1][safepoint    ] Safepoint "Cleanup", Time since last: 1000143883 ns, Reaching safepoint: 181489 ns, At safepoint: 17303 ns, Total: 198792 ns
[2020-09-11T17:59:25.703+0000][1][safepoint    ] Safepoint "Cleanup", Time since last: 1000740544 ns, Reaching safepoint: 91748 ns, At safepoint: 8979 ns, Total: 100727 ns
[2020-09-11T17:59:26.556+0000][1][safepoint    ] Safepoint "RevokeBias", Time since last: 853528296 ns, Reaching safepoint: 98195 ns, At safepoint: 22262 ns, Total: 120457 ns
[2020-09-11T17:59:27.557+0000][1][safepoint    ] Safepoint "Cleanup", Time since last: 1000189608 ns, Reaching safepoint: 119648 ns, At safepoint: 8936 ns, Total: 128584 ns
[2020-09-11T17:59:27.787+0000][1][gc,start     ] GC(87) Pause Young (Allocation Failure)
[2020-09-11T17:59:27.787+0000][1][gc,task      ] GC(87) Using 1 workers of 1 for evacuation
[2020-09-11T17:59:27.794+0000][1][gc,age       ] GC(87) Desired survivor size 4358144 bytes, new threshold 6 (max threshold 6)
[2020-09-11T17:59:27.794+0000][1][gc,age       ] GC(87) Age table with threshold 6 (max threshold 6)
[2020-09-11T17:59:27.794+0000][1][gc,age       ] GC(87) - age   1:     132096 bytes,     132096 total
[2020-09-11T17:59:27.794+0000][1][gc,age       ] GC(87) - age   2:      41944 bytes,     174040 total
[2020-09-11T17:59:27.794+0000][1][gc,age       ] GC(87) - age   3:      60432 bytes,     234472 total
[2020-09-11T17:59:27.794+0000][1][gc,age       ] GC(87) - age   4:    2657832 bytes,    2892304 total
[2020-09-11T17:59:27.795+0000][1][gc,heap      ] GC(87) ParNew: 71399K->5013K(76672K)
[2020-09-11T17:59:27.795+0000][1][gc,heap      ] GC(87) CMS: 97745K->97745K(439104K)
[2020-09-11T17:59:27.795+0000][1][gc,metaspace ] GC(87) Metaspace: 90537K->90537K(1132544K)
[2020-09-11T17:59:27.795+0000][1][gc           ] GC(87) Pause Young (Allocation Failure) 165M->100M(503M) 7.318ms
[2020-09-11T17:59:27.795+0000][1][gc,cpu       ] GC(87) User=0.01s Sys=0.00s Real=0.01s
[2020-09-11T17:59:27.797+0000][1][safepoint    ] Safepoint "GenCollectForAllocation", Time since last: 230410329 ns, Reaching safepoint: 158515 ns, At safepoint: 9575551 ns, Total: 9734066 ns
[2020-09-11T17:59:28.805+0000][1][safepoint    ] Safepoint "Cleanup", Time since last: 1003876412 ns, Reaching safepoint: 4200925 ns, At safepoint: 16131 ns, Total: 4217056 ns
[2020-09-11T17:59:28.912+0000][1][safepoint    ] Safepoint "RevokeBias", Time since last: 106875256 ns, Reaching safepoint: 172109 ns, At safepoint: 24362 ns, Total: 196471 ns
[2020-09-11T17:59:29.912+0000][1][safepoint    ] Safepoint "Cleanup", Time since last: 1000200535 ns, Reaching safepoint: 106525 ns, At safepoint: 7894 ns, Total: 114419 ns
[2020-09-11T17:59:30.679+0000][1][safepoint    ] Safepoint "RevokeBias", Time since last: 766139190 ns, Reaching safepoint: 167180 ns, At safepoint: 23003 ns, Total: 190183 ns
[2020-09-11T17:59:31.679+0000][1][safepoint    ] Safepoint "Cleanup", Time since last: 1000102813 ns, Reaching safepoint: 92544 ns, At safepoint: 6538 ns, Total: 99082 ns
[2020-09-11T17:59:32.679+0000][1][safepoint    ] Safepoint "Cleanup", Time since last: 1000129745 ns, Reaching safepoint: 122110 ns, At safepoint: 8346 ns, Total: 130456 ns
[2020-09-11T17:59:33.679+0000][1][safepoint    ] Safepoint "Cleanup", Time since last: 1000128153 ns, Reaching safepoint: 196260 ns, At safepoint: 18465 ns, Total: 214725 ns
[2020-09-11T17:59:34.680+0000][1][safepoint    ] Safepoint "Cleanup", Time since last: 1000182265 ns, Reaching safepoint: 121259 ns, At safepoint: 7250 ns, Total: 128509 ns
[2020-09-11T17:59:35.680+0000][1][safepoint    ] Safepoint "Cleanup", Time since last: 1000172465 ns, Reaching safepoint: 204322 ns, At safepoint: 16615 ns, Total: 220937 ns
[2020-09-11T17:59:36.491+0000][1][safepoint    ] Safepoint "RevokeBias", Time since last: 810789508 ns, Reaching safepoint: 107322 ns, At safepoint: 23054 ns, Total: 130376 ns
[2020-09-11T17:59:37.491+0000][1][safepoint    ] Safepoint "Cleanup", Time since last: 1000133747 ns, Reaching safepoint: 160338 ns, At safepoint: 18018 ns, Total: 178356 ns
[2020-09-11T17:59:38.492+0000][1][safepoint    ] Safepoint "Cleanup", Time since last: 1000182290 ns, Reaching safepoint: 99053 ns, At safepoint: 8241 ns, Total: 107294 ns
[2020-09-11T17:59:38.789+0000][1][safepoint    ] Safepoint "RevokeBias", Time since last: 297486937 ns, Reaching safepoint: 109049 ns, At safepoint: 23420 ns, Total: 132469 ns
[2020-09-11T17:59:39.790+0000][1][safepoint    ] Safepoint "Cleanup", Time since last: 1000141990 ns, Reaching safepoint: 106035 ns, At safepoint: 6842 ns, Total: 112877 ns
[2020-09-11T17:59:40.696+0000][1][safepoint    ] Safepoint "RevokeBias", Time since last: 906576764 ns, Reaching safepoint: 94697 ns, At safepoint: 23212 ns, Total: 117909 ns
[2020-09-11T17:59:41.697+0000][1][safepoint    ] Safepoint "Cleanup", Time since last: 1000193617 ns, Reaching safepoint: 185388 ns, At safepoint: 19061 ns, Total: 204449 ns
[2020-09-11T17:59:42.697+0000][1][safepoint    ] Safepoint "Cleanup", Time since last: 1000163914 ns, Reaching safepoint: 190317 ns, At safepoint: 18108 ns, Total: 208425 ns
[2020-09-11T17:59:43.697+0000][1][safepoint    ] Safepoint "Cleanup", Time since last: 1000158350 ns, Reaching safepoint: 92433 ns, At safepoint: 6520 ns, Total: 98953 ns
[2020-09-11T17:59:44.697+0000][1][safepoint    ] Safepoint "Cleanup", Time since last: 1000115967 ns, Reaching safepoint: 98013 ns, At safepoint: 10140 ns, Total: 108153 ns
[2020-09-11T17:59:45.698+0000][1][safepoint    ] Safepoint "Cleanup", Time since last: 1000113917 ns, Reaching safepoint: 93862 ns, At safepoint: 7111 ns, Total: 100973 ns
[2020-09-11T17:59:46.518+0000][1][safepoint    ] Safepoint "RevokeBias", Time since last: 820058374 ns, Reaching safepoint: 178488 ns, At safepoint: 23056 ns, Total: 201544 ns
[2020-09-11T17:59:47.518+0000][1][safepoint    ] Safepoint "Cleanup", Time since last: 1000130434 ns, Reaching safepoint: 90338 ns, At safepoint: 6920 ns, Total: 97258 ns
[2020-09-11T17:59:48.518+0000][1][safepoint    ] Safepoint "Cleanup", Time since last: 1000110113 ns, Reaching safepoint: 90833 ns, At safepoint: 6052 ns, Total: 96885 ns
[2020-09-11T17:59:48.623+0000][1][gc,start     ] GC(88) Pause Young (Allocation Failure)
[2020-09-11T17:59:48.623+0000][1][gc,task      ] GC(88) Using 1 workers of 1 for evacuation
[2020-09-11T17:59:48.638+0000][1][gc,age       ] GC(88) Desired survivor size 4358144 bytes, new threshold 6 (max threshold 6)
[2020-09-11T17:59:48.638+0000][1][gc,age       ] GC(88) Age table with threshold 6 (max threshold 6)
[2020-09-11T17:59:48.638+0000][1][gc,age       ] GC(88) - age   1:     158176 bytes,     158176 total
[2020-09-11T17:59:48.638+0000][1][gc,age       ] GC(88) - age   2:      25432 bytes,     183608 total
[2020-09-11T17:59:48.638+0000][1][gc,age       ] GC(88) - age   3:      38808 bytes,     222416 total
[2020-09-11T17:59:48.638+0000][1][gc,age       ] GC(88) - age   4:      57976 bytes,     280392 total
[2020-09-11T17:59:48.638+0000][1][gc,age       ] GC(88) - age   5:    2657832 bytes,    2938224 total
[2020-09-11T17:59:48.638+0000][1][gc,heap      ] GC(88) ParNew: 73173K->3371K(76672K)
[2020-09-11T17:59:48.638+0000][1][gc,heap      ] GC(88) CMS: 97745K->97745K(439104K)
[2020-09-11T17:59:48.638+0000][1][gc,metaspace ] GC(88) Metaspace: 90677K->90677K(1132544K)
[2020-09-11T17:59:48.638+0000][1][gc           ] GC(88) Pause Young (Allocation Failure) 166M->98M(503M) 15.429ms
[2020-09-11T17:59:48.638+0000][1][gc,cpu       ] GC(88) User=0.00s Sys=0.00s Real=0.01s
[2020-09-11T17:59:48.640+0000][1][safepoint    ] Safepoint "GenCollectForAllocation", Time since last: 102413587 ns, Reaching safepoint: 2073484 ns, At safepoint: 17435605 ns, Total: 19509089 ns
[2020-09-11T17:59:49.135+0000][1][safepoint    ] Safepoint "RevokeBias", Time since last: 494117853 ns, Reaching safepoint: 99803 ns, At safepoint: 22957 ns, Total: 122760 ns
[2020-09-11T17:59:50.135+0000][1][safepoint    ] Safepoint "Cleanup", Time since last: 1000113633 ns, Reaching safepoint: 89957 ns, At safepoint: 7325 ns, Total: 97282 ns
[2020-09-11T17:59:50.770+0000][1][safepoint    ] Safepoint "RevokeBias", Time since last: 635174777 ns, Reaching safepoint: 173724 ns, At safepoint: 25766 ns, Total: 199490 ns
[2020-09-11T17:59:51.770+0000][1][safepoint    ] Safepoint "Cleanup", Time since last: 1000118052 ns, Reaching safepoint: 85056 ns, At safepoint: 8137 ns, Total: 93193 ns
[2020-09-11T17:59:52.771+0000][1][safepoint    ] Safepoint "Cleanup", Time since last: 1000117049 ns, Reaching safepoint: 89755 ns, At safepoint: 6563 ns, Total: 96318 ns
[2020-09-11T17:59:53.771+0000][1][safepoint    ] Safepoint "Cleanup", Time since last: 1000501137 ns, Reaching safepoint: 91434 ns, At safepoint: 7521 ns, Total: 98955 ns
[2020-09-11T17:59:54.771+0000][1][safepoint    ] Safepoint "Cleanup", Time since last: 1000116536 ns, Reaching safepoint: 91398 ns, At safepoint: 10029 ns, Total: 101427 ns
[2020-09-11T17:59:55.772+0000][1][safepoint    ] Safepoint "Cleanup", Time since last: 1000116602 ns, Reaching safepoint: 91810 ns, At safepoint: 10898 ns, Total: 102708 ns
[2020-09-11T17:59:56.509+0000][1][safepoint    ] Safepoint "RevokeBias", Time since last: 736913666 ns, Reaching safepoint: 96762 ns, At safepoint: 23614 ns, Total: 120376 ns
[2020-09-11T17:59:57.509+0000][1][safepoint    ] Safepoint "Cleanup", Time since last: 1000130188 ns, Reaching safepoint: 97182 ns, At safepoint: 10105 ns, Total: 107287 ns
[2020-09-11T17:59:58.509+0000][1][safepoint    ] Safepoint "Cleanup", Time since last: 1000115621 ns, Reaching safepoint: 96471 ns, At safepoint: 9299 ns, Total: 105770 ns
[2020-09-11T17:59:58.957+0000][1][safepoint    ] Safepoint "BulkRevokeBias", Time since last: 447858863 ns, Reaching safepoint: 183843 ns, At safepoint: 255204 ns, Total: 439047 ns
[2020-09-11T17:59:59.958+0000][1][safepoint    ] Safepoint "Cleanup", Time since last: 1000117918 ns, Reaching safepoint: 95601 ns, At safepoint: 10219 ns, Total: 105820 ns
[2020-09-11T18:00:00.720+0000][1][safepoint    ] Safepoint "RevokeBias", Time since last: 762038301 ns, Reaching safepoint: 176343 ns, At safepoint: 25316 ns, Total: 201659 ns
[2020-09-11T18:00:02.720+0000][1][safepoint    ] Safepoint "Cleanup", Time since last: 2000181115 ns, Reaching safepoint: 112658 ns, At safepoint: 9940 ns, Total: 122598 ns
[2020-09-11T18:00:04.720+0000][1][safepoint    ] Safepoint "Cleanup", Time since last: 2000191004 ns, Reaching safepoint: 92041 ns, At safepoint: 7113 ns, Total: 99154 ns
[2020-09-11T18:00:05.721+0000][1][safepoint    ] Safepoint "Cleanup", Time since last: 1000116318 ns, Reaching safepoint: 96408 ns, At safepoint: 6785 ns, Total: 103193 ns
[2020-09-11T18:00:06.493+0000][1][gc,start     ] GC(89) Pause Young (Allocation Failure)
[2020-09-11T18:00:06.493+0000][1][gc,task      ] GC(89) Using 1 workers of 1 for evacuation
[2020-09-11T18:00:06.504+0000][1][gc,age       ] GC(89) Desired survivor size 4358144 bytes, new threshold 6 (max threshold 6)
[2020-09-11T18:00:06.504+0000][1][gc,age       ] GC(89) Age table with threshold 6 (max threshold 6)
[2020-09-11T18:00:06.504+0000][1][gc,age       ] GC(89) - age   1:     198992 bytes,     198992 total
[2020-09-11T18:00:06.504+0000][1][gc,age       ] GC(89) - age   2:      22320 bytes,     221312 total
[2020-09-11T18:00:06.504+0000][1][gc,age       ] GC(89) - age   3:      20672 bytes,     241984 total
[2020-09-11T18:00:06.504+0000][1][gc,age       ] GC(89) - age   4:      20136 bytes,     262120 total
[2020-09-11T18:00:06.504+0000][1][gc,age       ] GC(89) - age   5:      57664 bytes,     319784 total
[2020-09-11T18:00:06.504+0000][1][gc,age       ] GC(89) - age   6:    2657832 bytes,    2977616 total
[2020-09-11T18:00:06.504+0000][1][gc,heap      ] GC(89) ParNew: 71531K->5146K(76672K)
[2020-09-11T18:00:06.504+0000][1][gc,heap      ] GC(89) CMS: 97745K->97745K(439104K)
[2020-09-11T18:00:06.504+0000][1][gc,metaspace ] GC(89) Metaspace: 90732K->90732K(1132544K)
[2020-09-11T18:00:06.504+0000][1][gc           ] GC(89) Pause Young (Allocation Failure) 165M->100M(503M) 11.225ms
[2020-09-11T18:00:06.504+0000][1][gc,cpu       ] GC(89) User=0.01s Sys=0.00s Real=0.01s
[2020-09-11T18:00:06.509+0000][1][safepoint    ] Safepoint "GenCollectForAllocation", Time since last: 770506956 ns, Reaching safepoint: 1672244 ns, At safepoint: 15994211 ns, Total: 17666455 ns
[2020-09-11T18:00:06.606+0000][1][safepoint    ] Safepoint "RevokeBias", Time since last: 97416429 ns, Reaching safepoint: 100383 ns, At safepoint: 26386 ns, Total: 126769 ns
[2020-09-11T18:00:08.607+0000][1][safepoint    ] Safepoint "Cleanup", Time since last: 2000192783 ns, Reaching safepoint: 93703 ns, At safepoint: 7577 ns, Total: 101280 ns
[2020-09-11T18:00:08.979+0000][1][safepoint    ] Safepoint "RevokeBias", Time since last: 372239268 ns, Reaching safepoint: 171633 ns, At safepoint: 20470 ns, Total: 192103 ns
[2020-09-11T18:00:09.979+0000][1][safepoint    ] Safepoint "Cleanup", Time since last: 1000115021 ns, Reaching safepoint: 91497 ns, At safepoint: 7902 ns, Total: 99399 ns
[2020-09-11T18:00:10.721+0000][1][safepoint    ] Safepoint "RevokeBias", Time since last: 741357626 ns, Reaching safepoint: 170013 ns, At safepoint: 23693 ns, Total: 193706 ns
[2020-09-11T18:00:12.721+0000][1][safepoint    ] Safepoint "Cleanup", Time since last: 2000185224 ns, Reaching safepoint: 93985 ns, At safepoint: 10394 ns, Total: 104379 ns
[2020-09-11T18:00:13.721+0000][1][safepoint    ] Safepoint "Cleanup", Time since last: 1000111801 ns, Reaching safepoint: 97691 ns, At safepoint: 11487 ns, Total: 109178 ns
[2020-09-11T18:00:15.722+0000][1][safepoint    ] Safepoint "Cleanup", Time since last: 2000192231 ns, Reaching safepoint: 93014 ns, At safepoint: 10946 ns, Total: 103960 ns
[2020-09-11T18:00:16.533+0000][1][safepoint    ] Safepoint "RevokeBias", Time since last: 803447137 ns, Reaching safepoint: 7740780 ns, At safepoint: 36494 ns, Total: 7777274 ns
[2020-09-11T18:00:17.533+0000][1][safepoint    ] Safepoint "Cleanup", Time since last: 1000134023 ns, Reaching safepoint: 93693 ns, At safepoint: 9509 ns, Total: 103202 ns
[2020-09-11T18:00:18.533+0000][1][safepoint    ] Safepoint "Cleanup", Time since last: 1000114377 ns, Reaching safepoint: 94003 ns, At safepoint: 9106 ns, Total: 103109 ns
[2020-09-11T18:00:18.995+0000][1][safepoint    ] Safepoint "RevokeBias", Time since last: 461609323 ns, Reaching safepoint: 99798 ns, At safepoint: 19160 ns, Total: 118958 ns
[2020-09-11T18:00:20.715+0000][1][safepoint    ] Safepoint "RevokeBias", Time since last: 1719273564 ns, Reaching safepoint: 170196 ns, At safepoint: 24154 ns, Total: 194350 ns
[2020-09-11T18:00:21.715+0000][1][safepoint    ] Safepoint "Cleanup", Time since last: 1000111515 ns, Reaching safepoint: 90501 ns, At safepoint: 7009 ns, Total: 97510 ns
[2020-09-11T18:00:22.715+0000][1][safepoint    ] Safepoint "Cleanup", Time since last: 1000113669 ns, Reaching safepoint: 94775 ns, At safepoint: 8318 ns, Total: 103093 ns
[2020-09-11T18:00:24.715+0000][1][safepoint    ] Safepoint "Cleanup", Time since last: 2000193926 ns, Reaching safepoint: 94028 ns, At safepoint: 10624 ns, Total: 104652 ns
[2020-09-11T18:00:25.716+0000][1][safepoint    ] Safepoint "Cleanup", Time since last: 1000118974 ns, Reaching safepoint: 93859 ns, At safepoint: 10009 ns, Total: 103868 ns
[2020-09-11T18:00:26.562+0000][1][safepoint    ] Safepoint "RevokeBias", Time since last: 845901863 ns, Reaching safepoint: 94233 ns, At safepoint: 22459 ns, Total: 116692 ns
[2020-09-11T18:00:27.562+0000][1][safepoint    ] Safepoint "Cleanup", Time since last: 1000106460 ns, Reaching safepoint: 94065 ns, At safepoint: 9522 ns, Total: 103587 ns
[2020-09-11T18:00:27.887+0000][1][gc,start     ] GC(90) Pause Young (Allocation Failure)
[2020-09-11T18:00:27.887+0000][1][gc,task      ] GC(90) Using 1 workers of 1 for evacuation
[2020-09-11T18:00:27.898+0000][1][gc,age       ] GC(90) Desired survivor size 4358144 bytes, new threshold 6 (max threshold 6)
[2020-09-11T18:00:27.898+0000][1][gc,age       ] GC(90) Age table with threshold 6 (max threshold 6)
[2020-09-11T18:00:27.898+0000][1][gc,age       ] GC(90) - age   1:     169216 bytes,     169216 total
[2020-09-11T18:00:27.898+0000][1][gc,age       ] GC(90) - age   2:      37520 bytes,     206736 total
[2020-09-11T18:00:27.898+0000][1][gc,age       ] GC(90) - age   3:      19992 bytes,     226728 total
[2020-09-11T18:00:27.898+0000][1][gc,age       ] GC(90) - age   4:      18440 bytes,     245168 total
[2020-09-11T18:00:27.898+0000][1][gc,age       ] GC(90) - age   5:      19824 bytes,     264992 total
[2020-09-11T18:00:27.898+0000][1][gc,age       ] GC(90) - age   6:      57664 bytes,     322656 total
[2020-09-11T18:00:27.898+0000][1][gc,heap      ] GC(90) ParNew: 73306K->1733K(76672K)
[2020-09-11T18:00:27.898+0000][1][gc,heap      ] GC(90) CMS: 97745K->100343K(439104K)
[2020-09-11T18:00:27.898+0000][1][gc,metaspace ] GC(90) Metaspace: 90849K->90849K(1132544K)
[2020-09-11T18:00:27.899+0000][1][gc           ] GC(90) Pause Young (Allocation Failure) 167M->99M(503M) 11.828ms
[2020-09-11T18:00:27.899+0000][1][gc,cpu       ] GC(90) User=0.01s Sys=0.00s Real=0.01s
[2020-09-11T18:00:27.901+0000][1][safepoint    ] Safepoint "GenCollectForAllocation", Time since last: 324860455 ns, Reaching safepoint: 91375 ns, At safepoint: 14095786 ns, Total: 14187161 ns
[2020-09-11T18:00:28.877+0000][1][safepoint    ] Safepoint "RevokeBias", Time since last: 976360425 ns, Reaching safepoint: 103145 ns, At safepoint: 22661 ns, Total: 125806 ns
[2020-09-11T18:00:29.877+0000][1][safepoint    ] Safepoint "Cleanup", Time since last: 1000113205 ns, Reaching safepoint: 88673 ns, At safepoint: 9833 ns, Total: 98506 ns
[2020-09-11T18:00:30.684+0000][1][safepoint    ] Safepoint "RevokeBias", Time since last: 806107527 ns, Reaching safepoint: 170971 ns, At safepoint: 24138 ns, Total: 195109 ns
[2020-09-11T18:00:31.684+0000][1][safepoint    ] Safepoint "Cleanup", Time since last: 1000108000 ns, Reaching safepoint: 95023 ns, At safepoint: 6773 ns, Total: 101796 ns
[2020-09-11T18:00:32.684+0000][1][safepoint    ] Safepoint "Cleanup", Time since last: 1000120782 ns, Reaching safepoint: 97893 ns, At safepoint: 10213 ns, Total: 108106 ns
[2020-09-11T18:00:35.685+0000][1][safepoint    ] Safepoint "Cleanup", Time since last: 3000262814 ns, Reaching safepoint: 94250 ns, At safepoint: 9943 ns, Total: 104193 ns
[2020-09-11T18:00:36.512+0000][1][safepoint    ] Safepoint "RevokeBias", Time since last: 827417842 ns, Reaching safepoint: 99037 ns, At safepoint: 22316 ns, Total: 121353 ns
[2020-09-11T18:00:37.512+0000][1][safepoint    ] Safepoint "Cleanup", Time since last: 1000110106 ns, Reaching safepoint: 96044 ns, At safepoint: 10716 ns, Total: 106760 ns
[2020-09-11T18:00:38.513+0000][1][safepoint    ] Safepoint "Cleanup", Time since last: 1000110210 ns, Reaching safepoint: 88617 ns, At safepoint: 7302 ns, Total: 95919 ns
[2020-09-11T18:00:38.890+0000][1][safepoint    ] Safepoint "RevokeBias", Time since last: 377703102 ns, Reaching safepoint: 98116 ns, At safepoint: 22194 ns, Total: 120310 ns
[2020-09-11T18:00:40.687+0000][1][safepoint    ] Safepoint "RevokeBias", Time since last: 1796699999 ns, Reaching safepoint: 235956 ns, At safepoint: 24052 ns, Total: 260008 ns
[2020-09-11T18:00:42.688+0000][1][safepoint    ] Safepoint "Cleanup", Time since last: 2000197165 ns, Reaching safepoint: 91523 ns, At safepoint: 10173 ns, Total: 101696 ns
[2020-09-11T18:00:43.688+0000][1][safepoint    ] Safepoint "Cleanup", Time since last: 1000116796 ns, Reaching safepoint: 88992 ns, At safepoint: 7033 ns, Total: 96025 ns
[2020-09-11T18:00:44.688+0000][1][safepoint    ] Safepoint "Cleanup", Time since last: 1000126251 ns, Reaching safepoint: 87833 ns, At safepoint: 6976 ns, Total: 94809 ns
[2020-09-11T18:00:45.688+0000][1][safepoint    ] Safepoint "Cleanup", Time since last: 1000111157 ns, Reaching safepoint: 89858 ns, At safepoint: 9754 ns, Total: 99612 ns
[2020-09-11T18:00:46.485+0000][1][safepoint    ] Safepoint "RevokeBias", Time since last: 796806469 ns, Reaching safepoint: 104059 ns, At safepoint: 21303 ns, Total: 125362 ns
[2020-09-11T18:00:48.487+0000][1][safepoint    ] Safepoint "Cleanup", Time since last: 2001682084 ns, Reaching safepoint: 87365 ns, At safepoint: 8279 ns, Total: 95644 ns
[2020-09-11T18:00:48.893+0000][1][safepoint    ] Safepoint "RevokeBias", Time since last: 406396250 ns, Reaching safepoint: 91838 ns, At safepoint: 21476 ns, Total: 113314 ns
[2020-09-11T18:00:50.687+0000][1][safepoint    ] Safepoint "RevokeBias", Time since last: 1793621252 ns, Reaching safepoint: 161898 ns, At safepoint: 22763 ns, Total: 184661 ns
[2020-09-11T18:00:52.889+0000][1][gc,start     ] GC(91) Pause Young (Allocation Failure)
[2020-09-11T18:00:52.889+0000][1][gc,task      ] GC(91) Using 1 workers of 1 for evacuation
[2020-09-11T18:00:52.899+0000][1][gc,age       ] GC(91) Desired survivor size 4358144 bytes, new threshold 6 (max threshold 6)
[2020-09-11T18:00:52.899+0000][1][gc,age       ] GC(91) Age table with threshold 6 (max threshold 6)
[2020-09-11T18:00:52.899+0000][1][gc,age       ] GC(91) - age   1:     258768 bytes,     258768 total
[2020-09-11T18:00:52.899+0000][1][gc,age       ] GC(91) - age   2:      15784 bytes,     274552 total
[2020-09-11T18:00:52.899+0000][1][gc,age       ] GC(91) - age   3:      34208 bytes,     308760 total
[2020-09-11T18:00:52.899+0000][1][gc,age       ] GC(91) - age   4:      19640 bytes,     328400 total
[2020-09-11T18:00:52.899+0000][1][gc,age       ] GC(91) - age   5:      17944 bytes,     346344 total
[2020-09-11T18:00:52.899+0000][1][gc,age       ] GC(91) - age   6:      19632 bytes,     365976 total
[2020-09-11T18:00:52.899+0000][1][gc,heap      ] GC(91) ParNew: 69893K->492K(76672K)
[2020-09-11T18:00:52.899+0000][1][gc,heap      ] GC(91) CMS: 100343K->100400K(439104K)
[2020-09-11T18:00:52.899+0000][1][gc,metaspace ] GC(91) Metaspace: 90981K->90981K(1132544K)
[2020-09-11T18:00:52.899+0000][1][gc           ] GC(91) Pause Young (Allocation Failure) 166M->98M(503M) 9.736ms
[2020-09-11T18:00:52.899+0000][1][gc,cpu       ] GC(91) User=0.01s Sys=0.00s Real=0.01s
[2020-09-11T18:00:52.899+0000][1][safepoint    ] Safepoint "GenCollectForAllocation", Time since last: 2201635132 ns, Reaching safepoint: 152458 ns, At safepoint: 9823766 ns, Total: 9976224 ns
[2020-09-11T18:00:53.907+0000][1][safepoint    ] Safepoint "Cleanup", Time since last: 1004781000 ns, Reaching safepoint: 2425740 ns, At safepoint: 382375 ns, Total: 2808115 ns
[2020-09-11T18:00:54.907+0000][1][safepoint    ] Safepoint "Cleanup", Time since last: 1000100282 ns, Reaching safepoint: 78463 ns, At safepoint: 19514 ns, Total: 97977 ns
[2020-09-11T18:00:56.526+0000][1][safepoint    ] Safepoint "RevokeBias", Time since last: 1618728296 ns, Reaching safepoint: 99212 ns, At safepoint: 22058 ns, Total: 121270 ns
[2020-09-11T18:00:57.526+0000][1][safepoint    ] Safepoint "Cleanup", Time since last: 1000109815 ns, Reaching safepoint: 89218 ns, At safepoint: 9637 ns, Total: 98855 ns
[2020-09-11T18:00:58.526+0000][1][safepoint    ] Safepoint "Cleanup", Time since last: 1000116280 ns, Reaching safepoint: 83483 ns, At safepoint: 7640 ns, Total: 91123 ns
[2020-09-11T18:00:58.838+0000][1][safepoint    ] Safepoint "RevokeBias", Time since last: 311556898 ns, Reaching safepoint: 96832 ns, At safepoint: 25226 ns, Total: 122058 ns
[2020-09-11T18:01:00.759+0000][1][safepoint    ] Safepoint "RevokeBias", Time since last: 1921589722 ns, Reaching safepoint: 97312 ns, At safepoint: 24937 ns, Total: 122249 ns
[2020-09-11T18:01:01.760+0000][1][safepoint    ] Safepoint "Cleanup", Time since last: 1000110692 ns, Reaching safepoint: 89650 ns, At safepoint: 9431 ns, Total: 99081 ns
[2020-09-11T18:01:02.760+0000][1][safepoint    ] Safepoint "Cleanup", Time since last: 1000134604 ns, Reaching safepoint: 87544 ns, At safepoint: 9846 ns, Total: 97390 ns
[2020-09-11T18:01:06.501+0000][1][safepoint    ] Safepoint "RevokeBias", Time since last: 3740986956 ns, Reaching safepoint: 107099 ns, At safepoint: 24009 ns, Total: 131108 ns
[2020-09-11T18:01:08.501+0000][1][safepoint    ] Safepoint "Cleanup", Time since last: 2000185503 ns, Reaching safepoint: 91972 ns, At safepoint: 8569 ns, Total: 100541 ns
[2020-09-11T18:01:08.805+0000][1][gc,start     ] GC(92) Pause Young (Allocation Failure)
[2020-09-11T18:01:08.805+0000][1][gc,task      ] GC(92) Using 1 workers of 1 for evacuation
[2020-09-11T18:01:08.818+0000][1][gc,age       ] GC(92) Desired survivor size 4358144 bytes, new threshold 6 (max threshold 6)
[2020-09-11T18:01:08.818+0000][1][gc,age       ] GC(92) Age table with threshold 6 (max threshold 6)
[2020-09-11T18:01:08.818+0000][1][gc,age       ] GC(92) - age   1:     364536 bytes,     364536 total
[2020-09-11T18:01:08.818+0000][1][gc,age       ] GC(92) - age   2:      93808 bytes,     458344 total
[2020-09-11T18:01:08.818+0000][1][gc,age       ] GC(92) - age   3:      13448 bytes,     471792 total
[2020-09-11T18:01:08.818+0000][1][gc,age       ] GC(92) - age   4:      10408 bytes,     482200 total
[2020-09-11T18:01:08.818+0000][1][gc,age       ] GC(92) - age   5:      19328 bytes,     501528 total
[2020-09-11T18:01:08.818+0000][1][gc,age       ] GC(92) - age   6:      17944 bytes,     519472 total
[2020-09-11T18:01:08.818+0000][1][gc,heap      ] GC(92) ParNew: 68650K->782K(76672K)
[2020-09-11T18:01:08.818+0000][1][gc,heap      ] GC(92) CMS: 100400K->100419K(439104K)
[2020-09-11T18:01:08.818+0000][1][gc,metaspace ] GC(92) Metaspace: 91045K->91045K(1132544K)
[2020-09-11T18:01:08.818+0000][1][gc           ] GC(92) Pause Young (Allocation Failure) 165M->98M(503M) 12.996ms
[2020-09-11T18:01:08.818+0000][1][gc,cpu       ] GC(92) User=0.01s Sys=0.00s Real=0.01s
[2020-09-11T18:01:08.821+0000][1][safepoint    ] Safepoint "GenCollectForAllocation", Time since last: 303582254 ns, Reaching safepoint: 94600 ns, At safepoint: 15974071 ns, Total: 16068671 ns
[2020-09-11T18:01:08.890+0000][1][safepoint    ] Safepoint "RevokeBias", Time since last: 68718315 ns, Reaching safepoint: 86108 ns, At safepoint: 34417 ns, Total: 120525 ns
[2020-09-11T18:01:09.890+0000][1][safepoint    ] Safepoint "Cleanup", Time since last: 1000113310 ns, Reaching safepoint: 98795 ns, At safepoint: 25379 ns, Total: 124174 ns
[2020-09-11T18:01:10.730+0000][1][safepoint    ] Safepoint "RevokeBias", Time since last: 839605069 ns, Reaching safepoint: 162503 ns, At safepoint: 24372 ns, Total: 186875 ns
[2020-09-11T18:01:11.730+0000][1][safepoint    ] Safepoint "Cleanup", Time since last: 1000111603 ns, Reaching safepoint: 82483 ns, At safepoint: 9269 ns, Total: 91752 ns
[2020-09-11T18:01:12.730+0000][1][safepoint    ] Safepoint "Cleanup", Time since last: 1000102177 ns, Reaching safepoint: 80623 ns, At safepoint: 6572 ns, Total: 87195 ns
[2020-09-11T18:01:13.730+0000][1][safepoint    ] Safepoint "Cleanup", Time since last: 1000101611 ns, Reaching safepoint: 84633 ns, At safepoint: 8653 ns, Total: 93286 ns
[2020-09-11T18:01:15.731+0000][1][safepoint    ] Safepoint "Cleanup", Time since last: 2000174263 ns, Reaching safepoint: 88208 ns, At safepoint: 9143 ns, Total: 97351 ns
[2020-09-11T18:01:16.501+0000][1][safepoint    ] Safepoint "RevokeBias", Time since last: 770489244 ns, Reaching safepoint: 94698 ns, At safepoint: 21277 ns, Total: 115975 ns
[2020-09-11T18:01:18.505+0000][1][safepoint    ] Safepoint "Cleanup", Time since last: 2003576896 ns, Reaching safepoint: 86150 ns, At safepoint: 6614 ns, Total: 92764 ns
[2020-09-11T18:01:18.805+0000][1][safepoint    ] Safepoint "RevokeBias", Time since last: 300269644 ns, Reaching safepoint: 95699 ns, At safepoint: 21668 ns, Total: 117367 ns
[2020-09-11T18:01:19.805+0000][1][safepoint    ] Safepoint "Cleanup", Time since last: 1000107766 ns, Reaching safepoint: 89216 ns, At safepoint: 9242 ns, Total: 98458 ns
[2020-09-11T18:01:20.717+0000][1][safepoint    ] Safepoint "RevokeBias", Time since last: 911640925 ns, Reaching safepoint: 87450 ns, At safepoint: 21315 ns, Total: 108765 ns
[2020-09-11T18:01:22.717+0000][1][safepoint    ] Safepoint "Cleanup", Time since last: 2000186365 ns, Reaching safepoint: 88834 ns, At safepoint: 9847 ns, Total: 98681 ns
[2020-09-11T18:01:24.718+0000][1][safepoint    ] Safepoint "Cleanup", Time since last: 2000180547 ns, Reaching safepoint: 84815 ns, At safepoint: 6747 ns, Total: 91562 ns
[2020-09-11T18:01:25.718+0000][1][safepoint    ] Safepoint "Cleanup", Time since last: 1000111445 ns, Reaching safepoint: 87758 ns, At safepoint: 8951 ns, Total: 96709 ns
[2020-09-11T18:01:26.550+0000][1][safepoint    ] Safepoint "RevokeBias", Time since last: 832063992 ns, Reaching safepoint: 99280 ns, At safepoint: 22997 ns, Total: 122277 ns
[2020-09-11T18:01:28.551+0000][1][safepoint    ] Safepoint "Cleanup", Time since last: 2000181870 ns, Reaching safepoint: 156749 ns, At safepoint: 8252 ns, Total: 165001 ns
[2020-09-11T18:01:28.892+0000][1][safepoint    ] Safepoint "BulkRevokeBias", Time since last: 341187116 ns, Reaching safepoint: 101348 ns, At safepoint: 220339 ns, Total: 321687 ns
[2020-09-11T18:01:30.707+0000][1][safepoint    ] Safepoint "RevokeBias", Time since last: 1814868554 ns, Reaching safepoint: 104083 ns, At safepoint: 20677 ns, Total: 124760 ns
[2020-09-11T18:01:31.707+0000][1][safepoint    ] Safepoint "Cleanup", Time since last: 1000113181 ns, Reaching safepoint: 86118 ns, At safepoint: 9544 ns, Total: 95662 ns
[2020-09-11T18:01:33.708+0000][1][safepoint    ] Safepoint "Cleanup", Time since last: 2000186276 ns, Reaching safepoint: 96512 ns, At safepoint: 6733 ns, Total: 103245 ns
[2020-09-11T18:01:34.708+0000][1][safepoint    ] Safepoint "Cleanup", Time since last: 1000695981 ns, Reaching safepoint: 84824 ns, At safepoint: 8555 ns, Total: 93379 ns
[2020-09-11T18:01:35.767+0000][1][gc,start     ] GC(93) Pause Young (Allocation Failure)
[2020-09-11T18:01:35.767+0000][1][gc,task      ] GC(93) Using 1 workers of 1 for evacuation
[2020-09-11T18:01:35.772+0000][1][gc,age       ] GC(93) Desired survivor size 4358144 bytes, new threshold 6 (max threshold 6)
[2020-09-11T18:01:35.772+0000][1][gc,age       ] GC(93) Age table with threshold 6 (max threshold 6)
[2020-09-11T18:01:35.772+0000][1][gc,age       ] GC(93) - age   1:     179376 bytes,     179376 total
[2020-09-11T18:01:35.772+0000][1][gc,age       ] GC(93) - age   2:     109048 bytes,     288424 total
[2020-09-11T18:01:35.772+0000][1][gc,age       ] GC(93) - age   3:      87360 bytes,     375784 total
[2020-09-11T18:01:35.772+0000][1][gc,age       ] GC(93) - age   4:      10616 bytes,     386400 total
[2020-09-11T18:01:35.772+0000][1][gc,age       ] GC(93) - age   5:      10096 bytes,     396496 total
[2020-09-11T18:01:35.772+0000][1][gc,age       ] GC(93) - age   6:      14160 bytes,     410656 total
[2020-09-11T18:01:35.772+0000][1][gc,heap      ] GC(93) ParNew: 68884K->478K(76672K)
[2020-09-11T18:01:35.772+0000][1][gc,heap      ] GC(93) CMS: 100419K->100436K(439104K)
[2020-09-11T18:01:35.772+0000][1][gc,metaspace ] GC(93) Metaspace: 91171K->91171K(1132544K)
[2020-09-11T18:01:35.772+0000][1][gc           ] GC(93) Pause Young (Allocation Failure) 165M->98M(503M) 5.720ms
[2020-09-11T18:01:35.772+0000][1][gc,cpu       ] GC(93) User=0.01s Sys=0.00s Real=0.00s
[2020-09-11T18:01:35.777+0000][1][safepoint    ] Safepoint "GenCollectForAllocation", Time since last: 1058154036 ns, Reaching safepoint: 171213 ns, At safepoint: 10164109 ns, Total: 10335322 ns
[2020-09-11T18:01:36.547+0000][1][safepoint    ] Safepoint "RevokeBias", Time since last: 769885932 ns, Reaching safepoint: 94520 ns, At safepoint: 21225 ns, Total: 115745 ns
[2020-09-11T18:01:37.547+0000][1][safepoint    ] Safepoint "Cleanup", Time since last: 1000107279 ns, Reaching safepoint: 99464 ns, At safepoint: 9653 ns, Total: 109117 ns
[2020-09-11T18:01:38.547+0000][1][safepoint    ] Safepoint "Cleanup", Time since last: 1000119747 ns, Reaching safepoint: 94007 ns, At safepoint: 7715 ns, Total: 101722 ns
[2020-09-11T18:01:38.711+0000][1][safepoint    ] Safepoint "RevokeBias", Time since last: 163436364 ns, Reaching safepoint: 97688 ns, At safepoint: 22342 ns, Total: 120030 ns
[2020-09-11T18:01:40.711+0000][1][safepoint    ] Safepoint "Cleanup", Time since last: 2000188149 ns, Reaching safepoint: 88075 ns, At safepoint: 7072 ns, Total: 95147 ns
[2020-09-11T18:01:40.714+0000][1][safepoint    ] Safepoint "RevokeBias", Time since last: 2501487 ns, Reaching safepoint: 81626 ns, At safepoint: 21201 ns, Total: 102827 ns
[2020-09-11T18:01:43.714+0000][1][safepoint    ] Safepoint "Cleanup", Time since last: 3000262355 ns, Reaching safepoint: 86287 ns, At safepoint: 9552 ns, Total: 95839 ns
[2020-09-11T18:01:44.714+0000][1][safepoint    ] Safepoint "Cleanup", Time since last: 1000111603 ns, Reaching safepoint: 89589 ns, At safepoint: 8911 ns, Total: 98500 ns
[2020-09-11T18:01:46.508+0000][1][safepoint    ] Safepoint "RevokeBias", Time since last: 1793331669 ns, Reaching safepoint: 101889 ns, At safepoint: 24802 ns, Total: 126691 ns
[2020-09-11T18:01:48.508+0000][1][safepoint    ] Safepoint "Cleanup", Time since last: 2000196403 ns, Reaching safepoint: 86142 ns, At safepoint: 6352 ns, Total: 92494 ns
[2020-09-11T18:01:48.861+0000][1][safepoint    ] Safepoint "RevokeBias", Time since last: 352577997 ns, Reaching safepoint: 95481 ns, At safepoint: 21524 ns, Total: 117005 ns
[2020-09-11T18:01:50.759+0000][1][safepoint    ] Safepoint "RevokeBias", Time since last: 1898537816 ns, Reaching safepoint: 97921 ns, At safepoint: 22810 ns, Total: 120731 ns
[2020-09-11T18:01:52.760+0000][1][safepoint    ] Safepoint "Cleanup", Time since last: 2000192598 ns, Reaching safepoint: 91989 ns, At safepoint: 7463 ns, Total: 99452 ns
[2020-09-11T18:01:53.760+0000][1][safepoint    ] Safepoint "Cleanup", Time since last: 1000109893 ns, Reaching safepoint: 77478 ns, At safepoint: 7706 ns, Total: 85184 ns
[2020-09-11T18:01:54.760+0000][1][safepoint    ] Safepoint "Cleanup", Time since last: 1000140480 ns, Reaching safepoint: 90803 ns, At safepoint: 10508 ns, Total: 101311 ns
[2020-09-11T18:01:55.760+0000][1][safepoint    ] Safepoint "Cleanup", Time since last: 1000124383 ns, Reaching safepoint: 86871 ns, At safepoint: 8926 ns, Total: 95797 ns
[2020-09-11T18:01:56.473+0000][1][gc,start     ] GC(94) Pause Young (Allocation Failure)
[2020-09-11T18:01:56.473+0000][1][gc,task      ] GC(94) Using 1 workers of 1 for evacuation
[2020-09-11T18:01:56.482+0000][1][gc,age       ] GC(94) Desired survivor size 4358144 bytes, new threshold 6 (max threshold 6)
[2020-09-11T18:01:56.482+0000][1][gc,age       ] GC(94) Age table with threshold 6 (max threshold 6)
[2020-09-11T18:01:56.482+0000][1][gc,age       ] GC(94) - age   1:     272424 bytes,     272424 total
[2020-09-11T18:01:56.482+0000][1][gc,age       ] GC(94) - age   2:      49712 bytes,     322136 total
[2020-09-11T18:01:56.482+0000][1][gc,age       ] GC(94) - age   3:      49504 bytes,     371640 total
[2020-09-11T18:01:56.482+0000][1][gc,age       ] GC(94) - age   4:      86256 bytes,     457896 total
[2020-09-11T18:01:56.482+0000][1][gc,age       ] GC(94) - age   5:      10616 bytes,     468512 total
[2020-09-11T18:01:56.482+0000][1][gc,age       ] GC(94) - age   6:      10096 bytes,     478608 total
[2020-09-11T18:01:56.482+0000][1][gc,heap      ] GC(94) ParNew: 68638K->840K(76672K)
[2020-09-11T18:01:56.482+0000][1][gc,heap      ] GC(94) CMS: 100436K->100450K(439104K)
[2020-09-11T18:01:56.482+0000][1][gc,metaspace ] GC(94) Metaspace: 91228K->91228K(1132544K)
[2020-09-11T18:01:56.482+0000][1][gc           ] GC(94) Pause Young (Allocation Failure) 165M->98M(503M) 9.272ms
[2020-09-11T18:01:56.482+0000][1][gc,cpu       ] GC(94) User=0.01s Sys=0.00s Real=0.01s
[2020-09-11T18:01:56.485+0000][1][safepoint    ] Safepoint "GenCollectForAllocation", Time since last: 709222594 ns, Reaching safepoint: 3342176 ns, At safepoint: 11757645 ns, Total: 15099821 ns
[2020-09-11T18:01:56.545+0000][1][safepoint    ] Safepoint "RevokeBias", Time since last: 60643374 ns, Reaching safepoint: 160506 ns, At safepoint: 22593 ns, Total: 183099 ns
[2020-09-11T18:01:57.546+0000][1][safepoint    ] Safepoint "Cleanup", Time since last: 1000114016 ns, Reaching safepoint: 92191 ns, At safepoint: 9371 ns, Total: 101562 ns
[2020-09-11T18:01:58.546+0000][1][safepoint    ] Safepoint "Cleanup", Time since last: 1000113012 ns, Reaching safepoint: 86953 ns, At safepoint: 6204 ns, Total: 93157 ns
[2020-09-11T18:01:58.870+0000][1][safepoint    ] Safepoint "RevokeBias", Time since last: 324351322 ns, Reaching safepoint: 95453 ns, At safepoint: 23276 ns, Total: 118729 ns
[2020-09-11T18:01:59.871+0000][1][safepoint    ] Safepoint "Cleanup", Time since last: 1000113256 ns, Reaching safepoint: 94332 ns, At safepoint: 10176 ns, Total: 104508 ns
[2020-09-11T18:02:00.774+0000][1][safepoint    ] Safepoint "RevokeBias", Time since last: 903351806 ns, Reaching safepoint: 95745 ns, At safepoint: 23042 ns, Total: 118787 ns
[2020-09-11T18:02:01.774+0000][1][safepoint    ] Safepoint "Cleanup", Time since last: 1000114016 ns, Reaching safepoint: 85147 ns, At safepoint: 7489 ns, Total: 92636 ns
[2020-09-11T18:02:02.774+0000][1][safepoint    ] Safepoint "Cleanup", Time since last: 1000111886 ns, Reaching safepoint: 90687 ns, At safepoint: 10170 ns, Total: 100857 ns
[2020-09-11T18:02:03.775+0000][1][safepoint    ] Safepoint "Cleanup", Time since last: 1000115893 ns, Reaching safepoint: 80731 ns, At safepoint: 7398 ns, Total: 88129 ns
[2020-09-11T18:02:04.775+0000][1][safepoint    ] Safepoint "Cleanup", Time since last: 1000113312 ns, Reaching safepoint: 83252 ns, At safepoint: 9338 ns, Total: 92590 ns
[2020-09-11T18:02:05.775+0000][1][safepoint    ] Safepoint "Cleanup", Time since last: 1000134595 ns, Reaching safepoint: 84131 ns, At safepoint: 9310 ns, Total: 93441 ns
[2020-09-11T18:02:06.485+0000][1][safepoint    ] Safepoint "RevokeBias", Time since last: 710068108 ns, Reaching safepoint: 97546 ns, At safepoint: 22234 ns, Total: 119780 ns
[2020-09-11T18:02:07.485+0000][1][safepoint    ] Safepoint "Cleanup", Time since last: 1000129986 ns, Reaching safepoint: 92483 ns, At safepoint: 10391 ns, Total: 102874 ns
[2020-09-11T18:02:08.486+0000][1][safepoint    ] Safepoint "Cleanup", Time since last: 1000110846 ns, Reaching safepoint: 85328 ns, At safepoint: 6583 ns, Total: 91911 ns
[2020-09-11T18:02:08.921+0000][1][safepoint    ] Safepoint "RevokeBias", Time since last: 435494936 ns, Reaching safepoint: 185533 ns, At safepoint: 22456 ns, Total: 207989 ns
[2020-09-11T18:02:09.922+0000][1][safepoint    ] Safepoint "Cleanup", Time since last: 1000111546 ns, Reaching safepoint: 84904 ns, At safepoint: 9411 ns, Total: 94315 ns
[2020-09-11T18:02:10.711+0000][1][safepoint    ] Safepoint "RevokeBias", Time since last: 789239518 ns, Reaching safepoint: 163367 ns, At safepoint: 23309 ns, Total: 186676 ns
[2020-09-11T18:02:11.711+0000][1][safepoint    ] Safepoint "Cleanup", Time since last: 1000111133 ns, Reaching safepoint: 82485 ns, At safepoint: 7182 ns, Total: 89667 ns
[2020-09-11T18:02:12.711+0000][1][safepoint    ] Safepoint "Cleanup", Time since last: 1000110562 ns, Reaching safepoint: 91112 ns, At safepoint: 9825 ns, Total: 100937 ns
[2020-09-11T18:02:13.018+0000][1][gc,start     ] GC(95) Pause Young (Allocation Failure)
[2020-09-11T18:02:13.018+0000][1][gc,task      ] GC(95) Using 1 workers of 1 for evacuation
[2020-09-11T18:02:13.027+0000][1][gc,age       ] GC(95) Desired survivor size 4358144 bytes, new threshold 6 (max threshold 6)
[2020-09-11T18:02:13.027+0000][1][gc,age       ] GC(95) Age table with threshold 6 (max threshold 6)
[2020-09-11T18:02:13.027+0000][1][gc,age       ] GC(95) - age   1:     175896 bytes,     175896 total
[2020-09-11T18:02:13.027+0000][1][gc,age       ] GC(95) - age   2:     133464 bytes,     309360 total
[2020-09-11T18:02:13.027+0000][1][gc,age       ] GC(95) - age   3:      42712 bytes,     352072 total
[2020-09-11T18:02:13.027+0000][1][gc,age       ] GC(95) - age   4:      20000 bytes,     372072 total
[2020-09-11T18:02:13.027+0000][1][gc,age       ] GC(95) - age   5:      86256 bytes,     458328 total
[2020-09-11T18:02:13.027+0000][1][gc,age       ] GC(95) - age   6:      10616 bytes,     468944 total
[2020-09-11T18:02:13.027+0000][1][gc,heap      ] GC(95) ParNew: 69000K->624K(76672K)
[2020-09-11T18:02:13.027+0000][1][gc,heap      ] GC(95) CMS: 100450K->100460K(439104K)
[2020-09-11T18:02:13.027+0000][1][gc,metaspace ] GC(95) Metaspace: 91298K->91298K(1132544K)
[2020-09-11T18:02:13.027+0000][1][gc           ] GC(95) Pause Young (Allocation Failure) 165M->98M(503M) 9.569ms
[2020-09-11T18:02:13.027+0000][1][gc,cpu       ] GC(95) User=0.01s Sys=0.00s Real=0.01s
[2020-09-11T18:02:13.027+0000][1][safepoint    ] Safepoint "GenCollectForAllocation", Time since last: 306000417 ns, Reaching safepoint: 161674 ns, At safepoint: 9641274 ns, Total: 9802948 ns
[2020-09-11T18:02:14.029+0000][1][safepoint    ] Safepoint "Cleanup", Time since last: 1001833184 ns, Reaching safepoint: 85658 ns, At safepoint: 7319 ns, Total: 92977 ns
[2020-09-11T18:02:15.029+0000][1][safepoint    ] Safepoint "Cleanup", Time since last: 1000140244 ns, Reaching safepoint: 87358 ns, At safepoint: 8256 ns, Total: 95614 ns
[2020-09-11T18:02:16.030+0000][1][safepoint    ] Safepoint "Cleanup", Time since last: 1000215193 ns, Reaching safepoint: 84861 ns, At safepoint: 7492 ns, Total: 92353 ns
[2020-09-11T18:02:16.497+0000][1][safepoint    ] Safepoint "RevokeBias", Time since last: 467534172 ns, Reaching safepoint: 101242 ns, At safepoint: 22162 ns, Total: 123404 ns
[2020-09-11T18:02:18.501+0000][1][safepoint    ] Safepoint "Cleanup", Time since last: 2002960658 ns, Reaching safepoint: 519594 ns, At safepoint: 11601 ns, Total: 531195 ns
[2020-09-11T18:02:18.820+0000][1][safepoint    ] Safepoint "RevokeBias", Time since last: 319171672 ns, Reaching safepoint: 97366 ns, At safepoint: 23442 ns, Total: 120808 ns
[2020-09-11T18:02:20.714+0000][1][safepoint    ] Safepoint "RevokeBias", Time since last: 1893433300 ns, Reaching safepoint: 165477 ns, At safepoint: 23117 ns, Total: 188594 ns
[2020-09-11T18:02:26.562+0000][1][safepoint    ] Safepoint "RevokeBias", Time since last: 5847768075 ns, Reaching safepoint: 90767 ns, At safepoint: 23215 ns, Total: 113982 ns
[2020-09-11T18:02:27.562+0000][1][safepoint    ] Safepoint "Cleanup", Time since last: 1000113602 ns, Reaching safepoint: 89407 ns, At safepoint: 9754 ns, Total: 99161 ns
[2020-09-11T18:02:28.133+0000][1][safepoint    ] Safepoint "ICBufferFull", Time since last: 566908709 ns, Reaching safepoint: 4161064 ns, At safepoint: 15081 ns, Total: 4176145 ns
[2020-09-11T18:02:28.779+0000][1][safepoint    ] Safepoint "RevokeBias", Time since last: 640633431 ns, Reaching safepoint: 5497494 ns, At safepoint: 59826 ns, Total: 5557320 ns
[2020-09-11T18:02:28.784+0000][1][safepoint    ] Safepoint "RevokeBias", Time since last: 2170192 ns, Reaching safepoint: 2673713 ns, At safepoint: 27591 ns, Total: 2701304 ns
[2020-09-11T18:02:28.793+0000][1][safepoint    ] Safepoint "RevokeBias", Time since last: 6443826 ns, Reaching safepoint: 2128150 ns, At safepoint: 28180 ns, Total: 2156330 ns
[2020-09-11T18:02:28.795+0000][1][safepoint    ] Safepoint "RevokeBias", Time since last: 1672309 ns, Reaching safepoint: 958253 ns, At safepoint: 24681 ns, Total: 982934 ns
[2020-09-11T18:02:28.797+0000][1][safepoint    ] Safepoint "RevokeBias", Time since last: 209765 ns, Reaching safepoint: 1369812 ns, At safepoint: 21756 ns, Total: 1391568 ns
[2020-09-11T18:02:28.890+0000][1][gc,start     ] GC(96) Pause Young (Allocation Failure)
[2020-09-11T18:02:28.890+0000][1][gc,task      ] GC(96) Using 1 workers of 1 for evacuation
[2020-09-11T18:02:28.905+0000][1][gc,age       ] GC(96) Desired survivor size 4358144 bytes, new threshold 6 (max threshold 6)
[2020-09-11T18:02:28.905+0000][1][gc,age       ] GC(96) Age table with threshold 6 (max threshold 6)
[2020-09-11T18:02:28.905+0000][1][gc,age       ] GC(96) - age   1:     341664 bytes,     341664 total
[2020-09-11T18:02:28.905+0000][1][gc,age       ] GC(96) - age   2:      95896 bytes,     437560 total
[2020-09-11T18:02:28.905+0000][1][gc,age       ] GC(96) - age   3:      40160 bytes,     477720 total
[2020-09-11T18:02:28.905+0000][1][gc,age       ] GC(96) - age   4:      36792 bytes,     514512 total
[2020-09-11T18:02:28.905+0000][1][gc,age       ] GC(96) - age   5:      20000 bytes,     534512 total
[2020-09-11T18:02:28.905+0000][1][gc,age       ] GC(96) - age   6:      86256 bytes,     620768 total
[2020-09-11T18:02:28.905+0000][1][gc,heap      ] GC(96) ParNew: 68784K->731K(76672K)
[2020-09-11T18:02:28.905+0000][1][gc,heap      ] GC(96) CMS: 100460K->100470K(439104K)
[2020-09-11T18:02:28.905+0000][1][gc,metaspace ] GC(96) Metaspace: 91418K->91418K(1134592K)
[2020-09-11T18:02:28.906+0000][1][gc           ] GC(96) Pause Young (Allocation Failure) 165M->98M(503M) 15.775ms
[2020-09-11T18:02:28.906+0000][1][gc,cpu       ] GC(96) User=0.01s Sys=0.00s Real=0.02s
[2020-09-11T18:02:28.909+0000][1][safepoint    ] Safepoint "GenCollectForAllocation", Time since last: 92768524 ns, Reaching safepoint: 89823 ns, At safepoint: 19258029 ns, Total: 19347852 ns
[2020-09-11T18:02:28.970+0000][1][safepoint    ] Safepoint "RevokeBias", Time since last: 61259967 ns, Reaching safepoint: 89004 ns, At safepoint: 36169 ns, Total: 125173 ns
[2020-09-11T18:02:29.976+0000][1][safepoint    ] Safepoint "Cleanup", Time since last: 1005628322 ns, Reaching safepoint: 91225 ns, At safepoint: 29971 ns, Total: 121196 ns
[2020-09-11T18:02:30.691+0000][1][safepoint    ] Safepoint "RevokeBias", Time since last: 714961980 ns, Reaching safepoint: 90187 ns, At safepoint: 22874 ns, Total: 113061 ns
[2020-09-11T18:02:32.692+0000][1][safepoint    ] Safepoint "Cleanup", Time since last: 2000184170 ns, Reaching safepoint: 620670 ns, At safepoint: 8191 ns, Total: 628861 ns
[2020-09-11T18:02:33.692+0000][1][safepoint    ] Safepoint "Cleanup", Time since last: 1000115926 ns, Reaching safepoint: 87347 ns, At safepoint: 7378 ns, Total: 94725 ns
[2020-09-11T18:02:36.489+0000][1][safepoint    ] Safepoint "RevokeBias", Time since last: 2797111477 ns, Reaching safepoint: 90024 ns, At safepoint: 21739 ns, Total: 111763 ns
[2020-09-11T18:02:38.490+0000][1][safepoint    ] Safepoint "Cleanup", Time since last: 2000460974 ns, Reaching safepoint: 94531 ns, At safepoint: 8982 ns, Total: 103513 ns
[2020-09-11T18:02:38.704+0000][1][safepoint    ] Safepoint "RevokeBias", Time since last: 213780649 ns, Reaching safepoint: 102431 ns, At safepoint: 23109 ns, Total: 125540 ns
[2020-09-11T18:02:40.750+0000][1][safepoint    ] Safepoint "RevokeBias", Time since last: 2045959960 ns, Reaching safepoint: 88315 ns, At safepoint: 23706 ns, Total: 112021 ns
[2020-09-11T18:02:41.750+0000][1][safepoint    ] Safepoint "Cleanup", Time since last: 1000112947 ns, Reaching safepoint: 92184 ns, At safepoint: 10735 ns, Total: 102919 ns
[2020-09-11T18:02:43.751+0000][1][safepoint    ] Safepoint "Cleanup", Time since last: 2000225483 ns, Reaching safepoint: 88046 ns, At safepoint: 9681 ns, Total: 97727 ns
[2020-09-11T18:02:46.569+0000][1][safepoint    ] Safepoint "RevokeBias", Time since last: 2818632834 ns, Reaching safepoint: 107205 ns, At safepoint: 25389 ns, Total: 132594 ns
[2020-09-11T18:02:47.570+0000][1][safepoint    ] Safepoint "Cleanup", Time since last: 1000110804 ns, Reaching safepoint: 91981 ns, At safepoint: 7692 ns, Total: 99673 ns
[2020-09-11T18:02:48.570+0000][1][safepoint    ] Safepoint "Cleanup", Time since last: 1000111754 ns, Reaching safepoint: 100503 ns, At safepoint: 7221 ns, Total: 107724 ns
[2020-09-11T18:02:48.722+0000][1][safepoint    ] Safepoint "RevokeBias", Time since last: 152222296 ns, Reaching safepoint: 90685 ns, At safepoint: 22606 ns, Total: 113291 ns
[2020-09-11T18:02:49.722+0000][1][safepoint    ] Safepoint "Cleanup", Time since last: 1000109274 ns, Reaching safepoint: 90236 ns, At safepoint: 8917 ns, Total: 99153 ns
[2020-09-11T18:02:50.722+0000][1][safepoint    ] Safepoint "Cleanup", Time since last: 1000114725 ns, Reaching safepoint: 86835 ns, At safepoint: 6630 ns, Total: 93465 ns
[2020-09-11T18:02:50.724+0000][1][safepoint    ] Safepoint "RevokeBias", Time since last: 1559634 ns, Reaching safepoint: 156088 ns, At safepoint: 23163 ns, Total: 179251 ns
[2020-09-11T18:02:51.724+0000][1][safepoint    ] Safepoint "Cleanup", Time since last: 1000101883 ns, Reaching safepoint: 87175 ns, At safepoint: 8825 ns, Total: 96000 ns
[2020-09-11T18:02:53.725+0000][1][safepoint    ] Safepoint "Cleanup", Time since last: 2000189566 ns, Reaching safepoint: 88405 ns, At safepoint: 9281 ns, Total: 97686 ns
[2020-09-11T18:02:54.725+0000][1][safepoint    ] Safepoint "Cleanup", Time since last: 1000138488 ns, Reaching safepoint: 84738 ns, At safepoint: 9444 ns, Total: 94182 ns
[2020-09-11T18:02:54.970+0000][1][gc,start     ] GC(97) Pause Young (Allocation Failure)
[2020-09-11T18:02:54.970+0000][1][gc,task      ] GC(97) Using 1 workers of 1 for evacuation
[2020-09-11T18:02:54.981+0000][1][gc,age       ] GC(97) Desired survivor size 4358144 bytes, new threshold 6 (max threshold 6)
[2020-09-11T18:02:54.981+0000][1][gc,age       ] GC(97) Age table with threshold 6 (max threshold 6)
[2020-09-11T18:02:54.981+0000][1][gc,age       ] GC(97) - age   1:     124600 bytes,     124600 total
[2020-09-11T18:02:54.981+0000][1][gc,age       ] GC(97) - age   2:     188176 bytes,     312776 total
[2020-09-11T18:02:54.981+0000][1][gc,age       ] GC(97) - age   3:      46648 bytes,     359424 total
[2020-09-11T18:02:54.981+0000][1][gc,age       ] GC(97) - age   4:      39416 bytes,     398840 total
[2020-09-11T18:02:54.981+0000][1][gc,age       ] GC(97) - age   5:      36792 bytes,     435632 total
[2020-09-11T18:02:54.981+0000][1][gc,age       ] GC(97) - age   6:      20000 bytes,     455632 total
[2020-09-11T18:02:54.981+0000][1][gc,heap      ] GC(97) ParNew: 68883K->546K(76672K)
[2020-09-11T18:02:54.981+0000][1][gc,heap      ] GC(97) CMS: 100470K->100554K(439104K)
[2020-09-11T18:02:54.981+0000][1][gc,metaspace ] GC(97) Metaspace: 91492K->91492K(1134592K)
[2020-09-11T18:02:54.981+0000][1][gc           ] GC(97) Pause Young (Allocation Failure) 165M->98M(503M) 11.024ms
[2020-09-11T18:02:54.981+0000][1][gc,cpu       ] GC(97) User=0.01s Sys=0.00s Real=0.02s
[2020-09-11T18:02:54.982+0000][1][safepoint    ] Safepoint "GenCollectForAllocation", Time since last: 245182535 ns, Reaching safepoint: 77584 ns, At safepoint: 12192295 ns, Total: 12269879 ns
[2020-09-11T18:02:56.509+0000][1][safepoint    ] Safepoint "RevokeBias", Time since last: 1523534772 ns, Reaching safepoint: 2975817 ns, At safepoint: 28741 ns, Total: 3004558 ns
[2020-09-11T18:02:57.509+0000][1][safepoint    ] Safepoint "Cleanup", Time since last: 1000115010 ns, Reaching safepoint: 87525 ns, At safepoint: 9165 ns, Total: 96690 ns
[2020-09-11T18:02:58.509+0000][1][safepoint    ] Safepoint "Cleanup", Time since last: 1000107317 ns, Reaching safepoint: 89542 ns, At safepoint: 5948 ns, Total: 95490 ns
[2020-09-11T18:02:58.778+0000][1][safepoint    ] Safepoint "BulkRevokeBias", Time since last: 268794868 ns, Reaching safepoint: 95572 ns, At safepoint: 232328 ns, Total: 327900 ns
[2020-09-11T18:02:59.779+0000][1][safepoint    ] Safepoint "Cleanup", Time since last: 1000106654 ns, Reaching safepoint: 86707 ns, At safepoint: 8455 ns, Total: 95162 ns
[2020-09-11T18:03:00.710+0000][1][safepoint    ] Safepoint "RevokeBias", Time since last: 931576119 ns, Reaching safepoint: 162547 ns, At safepoint: 23454 ns, Total: 186001 ns
[2020-09-11T18:03:01.711+0000][1][safepoint    ] Safepoint "Cleanup", Time since last: 1000109952 ns, Reaching safepoint: 86962 ns, At safepoint: 9512 ns, Total: 96474 ns
[2020-09-11T18:03:03.711+0000][1][safepoint    ] Safepoint "Cleanup", Time since last: 2000193786 ns, Reaching safepoint: 86808 ns, At safepoint: 7364 ns, Total: 94172 ns
[2020-09-11T18:03:05.711+0000][1][safepoint    ] Safepoint "Cleanup", Time since last: 2000186521 ns, Reaching safepoint: 87167 ns, At safepoint: 7476 ns, Total: 94643 ns
[2020-09-11T18:03:06.554+0000][1][safepoint    ] Safepoint "RevokeBias", Time since last: 842883928 ns, Reaching safepoint: 115863 ns, At safepoint: 25522 ns, Total: 141385 ns
[2020-09-11T18:03:08.555+0000][1][safepoint    ] Safepoint "Cleanup", Time since last: 2000182147 ns, Reaching safepoint: 86550 ns, At safepoint: 6569 ns, Total: 93119 ns
[2020-09-11T18:03:08.852+0000][1][safepoint    ] Safepoint "RevokeBias", Time since last: 297332739 ns, Reaching safepoint: 88274 ns, At safepoint: 22838 ns, Total: 111112 ns
[2020-09-11T18:03:10.701+0000][1][safepoint    ] Safepoint "RevokeBias", Time since last: 1848860998 ns, Reaching safepoint: 167580 ns, At safepoint: 23533 ns, Total: 191113 ns
[2020-09-11T18:03:11.701+0000][1][safepoint    ] Safepoint "Cleanup", Time since last: 1000109643 ns, Reaching safepoint: 92509 ns, At safepoint: 9006 ns, Total: 101515 ns
[2020-09-11T18:03:13.085+0000][1][gc,start     ] GC(98) Pause Young (Allocation Failure)
[2020-09-11T18:03:13.085+0000][1][gc,task      ] GC(98) Using 1 workers of 1 for evacuation
[2020-09-11T18:03:13.097+0000][1][gc,age       ] GC(98) Desired survivor size 4358144 bytes, new threshold 6 (max threshold 6)
[2020-09-11T18:03:13.097+0000][1][gc,age       ] GC(98) Age table with threshold 6 (max threshold 6)
[2020-09-11T18:03:13.097+0000][1][gc,age       ] GC(98) - age   1:     256680 bytes,     256680 total
[2020-09-11T18:03:13.097+0000][1][gc,age       ] GC(98) - age   2:      68992 bytes,     325672 total
[2020-09-11T18:03:13.097+0000][1][gc,age       ] GC(98) - age   3:      48696 bytes,     374368 total
[2020-09-11T18:03:13.097+0000][1][gc,age       ] GC(98) - age   4:      12856 bytes,     387224 total
[2020-09-11T18:03:13.097+0000][1][gc,age       ] GC(98) - age   5:      39416 bytes,     426640 total
[2020-09-11T18:03:13.097+0000][1][gc,age       ] GC(98) - age   6:      36792 bytes,     463432 total
[2020-09-11T18:03:13.097+0000][1][gc,heap      ] GC(98) ParNew: 68706K->470K(76672K)
[2020-09-11T18:03:13.097+0000][1][gc,heap      ] GC(98) CMS: 100554K->100572K(439104K)
[2020-09-11T18:03:13.097+0000][1][gc,metaspace ] GC(98) Metaspace: 91552K->91552K(1134592K)
[2020-09-11T18:03:13.097+0000][1][gc           ] GC(98) Pause Young (Allocation Failure) 165M->98M(503M) 12.588ms
[2020-09-11T18:03:13.097+0000][1][gc,cpu       ] GC(98) User=0.00s Sys=0.00s Real=0.01s
[2020-09-11T18:03:13.097+0000][1][safepoint    ] Safepoint "GenCollectForAllocation", Time since last: 1382565671 ns, Reaching safepoint: 1061681 ns, At safepoint: 12661412 ns, Total: 13723093 ns
[2020-09-11T18:03:16.100+0000][1][safepoint    ] Safepoint "Cleanup", Time since last: 3002868670 ns, Reaching safepoint: 75747 ns, At safepoint: 6590 ns, Total: 82337 ns
[2020-09-11T18:03:16.552+0000][1][safepoint    ] Safepoint "RevokeBias", Time since last: 451117085 ns, Reaching safepoint: 97490 ns, At safepoint: 22932 ns, Total: 120422 ns
[2020-09-11T18:03:17.702+0000][1][safepoint    ] Safepoint "Cleanup", Time since last: 1150587537 ns, Reaching safepoint: 93011 ns, At safepoint: 7425 ns, Total: 100436 ns
[2020-09-11T18:03:18.703+0000][1][safepoint    ] Safepoint "Cleanup", Time since last: 1000141314 ns, Reaching safepoint: 147009 ns, At safepoint: 10790 ns, Total: 157799 ns
[2020-09-11T18:03:18.766+0000][1][safepoint    ] Safepoint "RevokeBias", Time since last: 63317528 ns, Reaching safepoint: 89874 ns, At safepoint: 25805 ns, Total: 115679 ns
[2020-09-11T18:03:19.766+0000][1][safepoint    ] Safepoint "Cleanup", Time since last: 1000108905 ns, Reaching safepoint: 96764 ns, At safepoint: 17844 ns, Total: 114608 ns
[2020-09-11T18:03:20.689+0000][1][safepoint    ] Safepoint "RevokeBias", Time since last: 922003028 ns, Reaching safepoint: 170911 ns, At safepoint: 23851 ns, Total: 194762 ns
[2020-09-11T18:03:23.689+0000][1][safepoint    ] Safepoint "Cleanup", Time since last: 3000248133 ns, Reaching safepoint: 88351 ns, At safepoint: 6677 ns, Total: 95028 ns
[2020-09-11T18:03:25.689+0000][1][safepoint    ] Safepoint "Cleanup", Time since last: 2000181604 ns, Reaching safepoint: 85039 ns, At safepoint: 7233 ns, Total: 92272 ns
[2020-09-11T18:03:26.493+0000][1][safepoint    ] Safepoint "RevokeBias", Time since last: 804027316 ns, Reaching safepoint: 96850 ns, At safepoint: 28233 ns, Total: 125083 ns
[2020-09-11T18:03:27.494+0000][1][safepoint    ] Safepoint "Cleanup", Time since last: 1000111729 ns, Reaching safepoint: 92578 ns, At safepoint: 8506 ns, Total: 101084 ns
[2020-09-11T18:03:28.494+0000][1][safepoint    ] Safepoint "Cleanup", Time since last: 1000108845 ns, Reaching safepoint: 89904 ns, At safepoint: 8252 ns, Total: 98156 ns
[2020-09-11T18:03:28.773+0000][1][safepoint    ] Safepoint "RevokeBias", Time since last: 279402857 ns, Reaching safepoint: 85092 ns, At safepoint: 21161 ns, Total: 106253 ns
[2020-09-11T18:03:29.773+0000][1][safepoint    ] Safepoint "Cleanup", Time since last: 1000116887 ns, Reaching safepoint: 89903 ns, At safepoint: 8761 ns, Total: 98664 ns
[2020-09-11T18:03:30.806+0000][1][safepoint    ] Safepoint "RevokeBias", Time since last: 1032746188 ns, Reaching safepoint: 87223 ns, At safepoint: 22045 ns, Total: 109268 ns
[2020-09-11T18:03:32.807+0000][1][safepoint    ] Safepoint "Cleanup", Time since last: 2000180327 ns, Reaching safepoint: 85584 ns, At safepoint: 9736 ns, Total: 95320 ns
[2020-09-11T18:03:33.807+0000][1][safepoint    ] Safepoint "Cleanup", Time since last: 1000117986 ns, Reaching safepoint: 83688 ns, At safepoint: 6173 ns, Total: 89861 ns
[2020-09-11T18:03:35.807+0000][1][safepoint    ] Safepoint "Cleanup", Time since last: 2000189668 ns, Reaching safepoint: 90379 ns, At safepoint: 9589 ns, Total: 99968 ns
[2020-09-11T18:03:36.457+0000][1][gc,start     ] GC(99) Pause Young (Allocation Failure)
[2020-09-11T18:03:36.457+0000][1][gc,task      ] GC(99) Using 1 workers of 1 for evacuation
[2020-09-11T18:03:36.467+0000][1][gc,age       ] GC(99) Desired survivor size 4358144 bytes, new threshold 6 (max threshold 6)
[2020-09-11T18:03:36.467+0000][1][gc,age       ] GC(99) Age table with threshold 6 (max threshold 6)
[2020-09-11T18:03:36.467+0000][1][gc,age       ] GC(99) - age   1:     240008 bytes,     240008 total
[2020-09-11T18:03:36.467+0000][1][gc,age       ] GC(99) - age   2:     205992 bytes,     446000 total
[2020-09-11T18:03:36.467+0000][1][gc,age       ] GC(99) - age   3:      12976 bytes,     458976 total
[2020-09-11T18:03:36.467+0000][1][gc,age       ] GC(99) - age   4:      43080 bytes,     502056 total
[2020-09-11T18:03:36.467+0000][1][gc,age       ] GC(99) - age   5:      11616 bytes,     513672 total
[2020-09-11T18:03:36.467+0000][1][gc,age       ] GC(99) - age   6:      39416 bytes,     553088 total
[2020-09-11T18:03:36.467+0000][1][gc,heap      ] GC(99) ParNew: 68630K->913K(76672K)
[2020-09-11T18:03:36.467+0000][1][gc,heap      ] GC(99) CMS: 100572K->100608K(439104K)
[2020-09-11T18:03:36.467+0000][1][gc,metaspace ] GC(99) Metaspace: 91599K->91599K(1134592K)
[2020-09-11T18:03:36.467+0000][1][gc           ] GC(99) Pause Young (Allocation Failure) 165M->99M(503M) 9.942ms
[2020-09-11T18:03:36.467+0000][1][gc,cpu       ] GC(99) User=0.01s Sys=0.00s Real=0.01s
[2020-09-11T18:03:36.469+0000][1][safepoint    ] Safepoint "GenCollectForAllocation", Time since last: 649137875 ns, Reaching safepoint: 641384 ns, At safepoint: 11930844 ns, Total: 12572228 ns
[2020-09-11T18:03:36.585+0000][1][safepoint    ] Safepoint "RevokeBias", Time since last: 115995857 ns, Reaching safepoint: 189543 ns, At safepoint: 23185 ns, Total: 212728 ns
[2020-09-11T18:03:38.585+0000][1][safepoint    ] Safepoint "Cleanup", Time since last: 2000177260 ns, Reaching safepoint: 95718 ns, At safepoint: 7041 ns, Total: 102759 ns
[2020-09-11T18:03:38.791+0000][1][safepoint    ] Safepoint "RevokeBias", Time since last: 205349653 ns, Reaching safepoint: 96142 ns, At safepoint: 21669 ns, Total: 117811 ns
[2020-09-11T18:03:40.748+0000][1][safepoint    ] Safepoint "RevokeBias", Time since last: 1957084758 ns, Reaching safepoint: 201715 ns, At safepoint: 24292 ns, Total: 226007 ns
[2020-09-11T18:03:43.748+0000][1][safepoint    ] Safepoint "Cleanup", Time since last: 3000281518 ns, Reaching safepoint: 95147 ns, At safepoint: 9872 ns, Total: 105019 ns
[2020-09-11T18:03:44.749+0000][1][safepoint    ] Safepoint "Cleanup", Time since last: 1000098731 ns, Reaching safepoint: 81935 ns, At safepoint: 7301 ns, Total: 89236 ns
[2020-09-11T18:03:45.749+0000][1][safepoint    ] Safepoint "Cleanup", Time since last: 1000104271 ns, Reaching safepoint: 111152 ns, At safepoint: 6141 ns, Total: 117293 ns
[2020-09-11T18:03:46.492+0000][1][safepoint    ] Safepoint "RevokeBias", Time since last: 743257882 ns, Reaching safepoint: 93498 ns, At safepoint: 21852 ns, Total: 115350 ns
[2020-09-11T18:03:48.493+0000][1][safepoint    ] Safepoint "Cleanup", Time since last: 2000182880 ns, Reaching safepoint: 177768 ns, At safepoint: 10325 ns, Total: 188093 ns
[2020-09-11T18:03:48.741+0000][1][safepoint    ] Safepoint "RevokeBias", Time since last: 248789346 ns, Reaching safepoint: 90385 ns, At safepoint: 22545 ns, Total: 112930 ns
[2020-09-11T18:03:50.742+0000][1][safepoint    ] Safepoint "Cleanup", Time since last: 2000200297 ns, Reaching safepoint: 84308 ns, At safepoint: 6968 ns, Total: 91276 ns
[2020-09-11T18:03:50.743+0000][1][safepoint    ] Safepoint "RevokeBias", Time since last: 1490478 ns, Reaching safepoint: 149470 ns, At safepoint: 21623 ns, Total: 171093 ns
[2020-09-11T18:03:54.744+0000][1][safepoint    ] Safepoint "Cleanup", Time since last: 4000333960 ns, Reaching safepoint: 83810 ns, At safepoint: 6947 ns, Total: 90757 ns
[2020-09-11T18:03:56.469+0000][1][gc,start     ] GC(100) Pause Young (Allocation Failure)
[2020-09-11T18:03:56.469+0000][1][gc,task      ] GC(100) Using 1 workers of 1 for evacuation
[2020-09-11T18:03:56.478+0000][1][gc,age       ] GC(100) Desired survivor size 4358144 bytes, new threshold 6 (max threshold 6)
[2020-09-11T18:03:56.478+0000][1][gc,age       ] GC(100) Age table with threshold 6 (max threshold 6)
[2020-09-11T18:03:56.478+0000][1][gc,age       ] GC(100) - age   1:     375080 bytes,     375080 total
[2020-09-11T18:03:56.478+0000][1][gc,age       ] GC(100) - age   2:     169728 bytes,     544808 total
[2020-09-11T18:03:56.478+0000][1][gc,age       ] GC(100) - age   3:      34360 bytes,     579168 total
[2020-09-11T18:03:56.478+0000][1][gc,age       ] GC(100) - age   4:      12880 bytes,     592048 total
[2020-09-11T18:03:56.478+0000][1][gc,age       ] GC(100) - age   5:      43080 bytes,     635128 total
[2020-09-11T18:03:56.478+0000][1][gc,age       ] GC(100) - age   6:      11616 bytes,     646744 total
[2020-09-11T18:03:56.478+0000][1][gc,heap      ] GC(100) ParNew: 69069K->633K(76672K)
[2020-09-11T18:03:56.478+0000][1][gc,heap      ] GC(100) CMS: 100608K->100646K(439104K)
[2020-09-11T18:03:56.478+0000][1][gc,metaspace ] GC(100) Metaspace: 91660K->91660K(1134592K)
[2020-09-11T18:03:56.478+0000][1][gc           ] GC(100) Pause Young (Allocation Failure) 165M->98M(503M) 8.813ms
[2020-09-11T18:03:56.478+0000][1][gc,cpu       ] GC(100) User=0.00s Sys=0.00s Real=0.01s
[2020-09-11T18:03:56.478+0000][1][safepoint    ] Safepoint "GenCollectForAllocation", Time since last: 1725280835 ns, Reaching safepoint: 195751 ns, At safepoint: 9113653 ns, Total: 9309404 ns
[2020-09-11T18:03:56.502+0000][1][safepoint    ] Safepoint "RevokeBias", Time since last: 23029339 ns, Reaching safepoint: 87319 ns, At safepoint: 36148 ns, Total: 123467 ns
[2020-09-11T18:03:58.507+0000][1][safepoint    ] Safepoint "Cleanup", Time since last: 2005715647 ns, Reaching safepoint: 85976 ns, At safepoint: 8131 ns, Total: 94107 ns
[2020-09-11T18:03:58.820+0000][1][safepoint    ] Safepoint "RevokeBias", Time since last: 312136604 ns, Reaching safepoint: 169171 ns, At safepoint: 24088 ns, Total: 193259 ns
[2020-09-11T18:04:00.695+0000][1][safepoint    ] Safepoint "RevokeBias", Time since last: 1875095710 ns, Reaching safepoint: 168906 ns, At safepoint: 24021 ns, Total: 192927 ns
[2020-09-11T18:04:02.695+0000][1][safepoint    ] Safepoint "Cleanup", Time since last: 2000187921 ns, Reaching safepoint: 85045 ns, At safepoint: 7196 ns, Total: 92241 ns
[2020-09-11T18:04:05.696+0000][1][safepoint    ] Safepoint "Cleanup", Time since last: 3000271656 ns, Reaching safepoint: 88410 ns, At safepoint: 10277 ns, Total: 98687 ns
[2020-09-11T18:04:06.532+0000][1][safepoint    ] Safepoint "RevokeBias", Time since last: 836655928 ns, Reaching safepoint: 91251 ns, At safepoint: 26843 ns, Total: 118094 ns
[2020-09-11T18:04:08.535+0000][1][safepoint    ] Safepoint "Cleanup", Time since last: 2000185020 ns, Reaching safepoint: 2465460 ns, At safepoint: 7920 ns, Total: 2473380 ns
[2020-09-11T18:04:08.789+0000][1][safepoint    ] Safepoint "RevokeBias", Time since last: 253962928 ns, Reaching safepoint: 89941 ns, At safepoint: 21291 ns, Total: 111232 ns
[2020-09-11T18:04:10.689+0000][1][safepoint    ] Safepoint "RevokeBias", Time since last: 1899997295 ns, Reaching safepoint: 198889 ns, At safepoint: 22891 ns, Total: 221780 ns
[2020-09-11T18:04:15.690+0000][1][safepoint    ] Safepoint "Cleanup", Time since last: 5000421850 ns, Reaching safepoint: 106070 ns, At safepoint: 7506 ns, Total: 113576 ns
[2020-09-11T18:04:16.542+0000][1][gc,start     ] GC(101) Pause Young (Allocation Failure)
[2020-09-11T18:04:16.542+0000][1][gc,task      ] GC(101) Using 1 workers of 1 for evacuation
[2020-09-11T18:04:16.547+0000][1][gc,age       ] GC(101) Desired survivor size 4358144 bytes, new threshold 6 (max threshold 6)
[2020-09-11T18:04:16.547+0000][1][gc,age       ] GC(101) Age table with threshold 6 (max threshold 6)
[2020-09-11T18:04:16.547+0000][1][gc,age       ] GC(101) - age   1:     160304 bytes,     160304 total
[2020-09-11T18:04:16.547+0000][1][gc,age       ] GC(101) - age   2:     204856 bytes,     365160 total
[2020-09-11T18:04:16.547+0000][1][gc,age       ] GC(101) - age   3:     111224 bytes,     476384 total
[2020-09-11T18:04:16.547+0000][1][gc,age       ] GC(101) - age   4:      10496 bytes,     486880 total
[2020-09-11T18:04:16.547+0000][1][gc,age       ] GC(101) - age   5:      11520 bytes,     498400 total
[2020-09-11T18:04:16.547+0000][1][gc,age       ] GC(101) - age   6:      43080 bytes,     541480 total
[2020-09-11T18:04:16.547+0000][1][gc,heap      ] GC(101) ParNew: 68779K->552K(76672K)
[2020-09-11T18:04:16.547+0000][1][gc,heap      ] GC(101) CMS: 100646K->100658K(439104K)
[2020-09-11T18:04:16.547+0000][1][gc,metaspace ] GC(101) Metaspace: 91698K->91698K(1134592K)
[2020-09-11T18:04:16.547+0000][1][gc           ] GC(101) Pause Young (Allocation Failure) 165M->98M(503M) 5.006ms
[2020-09-11T18:04:16.547+0000][1][gc,cpu       ] GC(101) User=0.00s Sys=0.00s Real=0.00s
[2020-09-11T18:04:16.549+0000][1][safepoint    ] Safepoint "GenCollectForAllocation", Time since last: 852143435 ns, Reaching safepoint: 84956 ns, At safepoint: 6383085 ns, Total: 6468041 ns
[2020-09-11T18:04:16.553+0000][1][safepoint    ] Safepoint "RevokeBias", Time since last: 4478706 ns, Reaching safepoint: 100610 ns, At safepoint: 32121 ns, Total: 132731 ns
[2020-09-11T18:04:18.559+0000][1][safepoint    ] Safepoint "Cleanup", Time since last: 2005481253 ns, Reaching safepoint: 85258 ns, At safepoint: 7707 ns, Total: 92965 ns
[2020-09-11T18:04:18.831+0000][1][safepoint    ] Safepoint "RevokeBias", Time since last: 272590756 ns, Reaching safepoint: 89389 ns, At safepoint: 21769 ns, Total: 111158 ns
[2020-09-11T18:04:20.687+0000][1][safepoint    ] Safepoint "RevokeBias", Time since last: 1855609476 ns, Reaching safepoint: 159847 ns, At safepoint: 22974 ns, Total: 182821 ns
[2020-09-11T18:04:21.687+0000][1][safepoint    ] Safepoint "Cleanup", Time since last: 1000108526 ns, Reaching safepoint: 78444 ns, At safepoint: 7975 ns, Total: 86419 ns
[2020-09-11T18:04:26.542+0000][1][safepoint    ] Safepoint "RevokeBias", Time since last: 4854450093 ns, Reaching safepoint: 98428 ns, At safepoint: 21568 ns, Total: 119996 ns
[2020-09-11T18:04:28.543+0000][1][safepoint    ] Safepoint "Cleanup", Time since last: 2000528588 ns, Reaching safepoint: 77474 ns, At safepoint: 6116 ns, Total: 83590 ns
[2020-09-11T18:04:28.837+0000][1][safepoint    ] Safepoint "BulkRevokeBias", Time since last: 293607575 ns, Reaching safepoint: 94203 ns, At safepoint: 215719 ns, Total: 309922 ns
[2020-09-11T18:04:30.776+0000][1][safepoint    ] Safepoint "RevokeBias", Time since last: 1939587274 ns, Reaching safepoint: 159165 ns, At safepoint: 24187 ns, Total: 183352 ns
[2020-09-11T18:04:33.777+0000][1][safepoint    ] Safepoint "Cleanup", Time since last: 3000247955 ns, Reaching safepoint: 85190 ns, At safepoint: 9143 ns, Total: 94333 ns
[2020-09-11T18:04:35.777+0000][1][safepoint    ] Safepoint "Cleanup", Time since last: 2000198338 ns, Reaching safepoint: 91133 ns, At safepoint: 9351 ns, Total: 100484 ns
[2020-09-11T18:04:36.507+0000][1][safepoint    ] Safepoint "RevokeBias", Time since last: 728123111 ns, Reaching safepoint: 1492273 ns, At safepoint: 33650 ns, Total: 1525923 ns
[2020-09-11T18:04:38.493+0000][1][gc,start     ] GC(102) Pause Young (Allocation Failure)
[2020-09-11T18:04:38.493+0000][1][gc,task      ] GC(102) Using 1 workers of 1 for evacuation
[2020-09-11T18:04:38.502+0000][1][gc,age       ] GC(102) Desired survivor size 4358144 bytes, new threshold 6 (max threshold 6)
[2020-09-11T18:04:38.503+0000][1][gc,age       ] GC(102) Age table with threshold 6 (max threshold 6)
[2020-09-11T18:04:38.503+0000][1][gc,age       ] GC(102) - age   1:     306216 bytes,     306216 total
[2020-09-11T18:04:38.503+0000][1][gc,age       ] GC(102) - age   2:     102288 bytes,     408504 total
[2020-09-11T18:04:38.503+0000][1][gc,age       ] GC(102) - age   3:      29648 bytes,     438152 total
[2020-09-11T18:04:38.503+0000][1][gc,age       ] GC(102) - age   4:      98648 bytes,     536800 total
[2020-09-11T18:04:38.503+0000][1][gc,age       ] GC(102) - age   5:      10184 bytes,     546984 total
[2020-09-11T18:04:38.503+0000][1][gc,age       ] GC(102) - age   6:      11520 bytes,     558504 total
[2020-09-11T18:04:38.503+0000][1][gc,heap      ] GC(102) ParNew: 68712K->1069K(76672K)
[2020-09-11T18:04:38.503+0000][1][gc,heap      ] GC(102) CMS: 100658K->100700K(439104K)
[2020-09-11T18:04:38.503+0000][1][gc,metaspace ] GC(102) Metaspace: 91744K->91744K(1134592K)
[2020-09-11T18:04:38.503+0000][1][gc           ] GC(102) Pause Young (Allocation Failure) 165M->99M(503M) 9.746ms
[2020-09-11T18:04:38.503+0000][1][gc,cpu       ] GC(102) User=0.01s Sys=0.00s Real=0.01s
[2020-09-11T18:04:38.503+0000][1][safepoint    ] Safepoint "GenCollectForAllocation", Time since last: 1984311379 ns, Reaching safepoint: 1944023 ns, At safepoint: 9816067 ns, Total: 11760090 ns
[2020-09-11T18:04:38.716+0000][1][safepoint    ] Safepoint "RevokeBias", Time since last: 213138185 ns, Reaching safepoint: 84975 ns, At safepoint: 22265 ns, Total: 107240 ns
[2020-09-11T18:04:39.716+0000][1][safepoint    ] Safepoint "Cleanup", Time since last: 1000113798 ns, Reaching safepoint: 89685 ns, At safepoint: 9638 ns, Total: 99323 ns
[2020-09-11T18:04:40.691+0000][1][safepoint    ] Safepoint "RevokeBias", Time since last: 974592389 ns, Reaching safepoint: 92076 ns, At safepoint: 22032 ns, Total: 114108 ns
[2020-09-11T18:04:41.691+0000][1][safepoint    ] Safepoint "Cleanup", Time since last: 1000120668 ns, Reaching safepoint: 88041 ns, At safepoint: 9324 ns, Total: 97365 ns
[2020-09-11T18:04:45.692+0000][1][safepoint    ] Safepoint "Cleanup", Time since last: 4000371814 ns, Reaching safepoint: 91043 ns, At safepoint: 10418 ns, Total: 101461 ns
[2020-09-11T18:04:46.541+0000][1][safepoint    ] Safepoint "RevokeBias", Time since last: 849535647 ns, Reaching safepoint: 91729 ns, At safepoint: 26718 ns, Total: 118447 ns
[2020-09-11T18:04:48.544+0000][1][safepoint    ] Safepoint "Cleanup", Time since last: 2000359575 ns, Reaching safepoint: 2266943 ns, At safepoint: 10629 ns, Total: 2277572 ns
[2020-09-11T18:04:48.588+0000][1][safepoint    ] Safepoint "RevokeBias", Time since last: 43929099 ns, Reaching safepoint: 304675 ns, At safepoint: 23415 ns, Total: 328090 ns
[2020-09-11T18:04:49.588+0000][1][safepoint    ] Safepoint "Cleanup", Time since last: 1000147539 ns, Reaching safepoint: 86429 ns, At safepoint: 18603 ns, Total: 105032 ns
[2020-09-11T18:04:50.737+0000][1][safepoint    ] Safepoint "RevokeBias", Time since last: 1148677954 ns, Reaching safepoint: 154937 ns, At safepoint: 23475 ns, Total: 178412 ns
[2020-09-11T18:04:56.507+0000][1][safepoint    ] Safepoint "RevokeBias", Time since last: 5769872035 ns, Reaching safepoint: 90844 ns, At safepoint: 25401 ns, Total: 116245 ns
[2020-09-11T18:04:57.507+0000][1][safepoint    ] Safepoint "Cleanup", Time since last: 1000111486 ns, Reaching safepoint: 88603 ns, At safepoint: 8562 ns, Total: 97165 ns
[2020-09-11T18:04:58.508+0000][1][safepoint    ] Safepoint "Cleanup", Time since last: 1000188343 ns, Reaching safepoint: 77668 ns, At safepoint: 7167 ns, Total: 84835 ns
[2020-09-11T18:04:58.817+0000][1][safepoint    ] Safepoint "RevokeBias", Time since last: 309482670 ns, Reaching safepoint: 163447 ns, At safepoint: 24577 ns, Total: 188024 ns
[2020-09-11T18:04:59.818+0000][1][safepoint    ] Safepoint "Cleanup", Time since last: 1000111020 ns, Reaching safepoint: 94068 ns, At safepoint: 8879 ns, Total: 102947 ns
[2020-09-11T18:05:00.733+0000][1][safepoint    ] Safepoint "RevokeBias", Time since last: 915229193 ns, Reaching safepoint: 158807 ns, At safepoint: 23286 ns, Total: 182093 ns
[2020-09-11T18:05:02.232+0000][1][gc,start     ] GC(103) Pause Young (Allocation Failure)
[2020-09-11T18:05:02.232+0000][1][gc,task      ] GC(103) Using 1 workers of 1 for evacuation
[2020-09-11T18:05:02.242+0000][1][gc,age       ] GC(103) Desired survivor size 4358144 bytes, new threshold 6 (max threshold 6)
[2020-09-11T18:05:02.242+0000][1][gc,age       ] GC(103) Age table with threshold 6 (max threshold 6)
[2020-09-11T18:05:02.242+0000][1][gc,age       ] GC(103) - age   1:     167976 bytes,     167976 total
[2020-09-11T18:05:02.242+0000][1][gc,age       ] GC(103) - age   2:     230472 bytes,     398448 total
[2020-09-11T18:05:02.242+0000][1][gc,age       ] GC(103) - age   3:      36344 bytes,     434792 total
[2020-09-11T18:05:02.242+0000][1][gc,age       ] GC(103) - age   4:      10080 bytes,     444872 total
[2020-09-11T18:05:02.242+0000][1][gc,age       ] GC(103) - age   5:      98336 bytes,     543208 total
[2020-09-11T18:05:02.242+0000][1][gc,age       ] GC(103) - age   6:      10184 bytes,     553392 total
[2020-09-11T18:05:02.242+0000][1][gc,heap      ] GC(103) ParNew: 69229K->676K(76672K)
[2020-09-11T18:05:02.242+0000][1][gc,heap      ] GC(103) CMS: 100700K->100711K(439104K)
[2020-09-11T18:05:02.242+0000][1][gc,metaspace ] GC(103) Metaspace: 91773K->91773K(1134592K)
[2020-09-11T18:05:02.242+0000][1][gc           ] GC(103) Pause Young (Allocation Failure) 165M->99M(503M) 9.506ms
[2020-09-11T18:05:02.242+0000][1][gc,cpu       ] GC(103) User=0.01s Sys=0.00s Real=0.02s
[2020-09-11T18:05:02.242+0000][1][safepoint    ] Safepoint "GenCollectForAllocation", Time since last: 1499270862 ns, Reaching safepoint: 73828 ns, At safepoint: 9571629 ns, Total: 9645457 ns
[2020-09-11T18:05:06.509+0000][1][safepoint    ] Safepoint "RevokeBias", Time since last: 4266999170 ns, Reaching safepoint: 85571 ns, At safepoint: 21815 ns, Total: 107386 ns
[2020-09-11T18:05:08.509+0000][1][safepoint    ] Safepoint "Cleanup", Time since last: 2000193214 ns, Reaching safepoint: 89755 ns, At safepoint: 8963 ns, Total: 98718 ns
[2020-09-11T18:05:08.614+0000][1][safepoint    ] Safepoint "RevokeBias", Time since last: 104428273 ns, Reaching safepoint: 83429 ns, At safepoint: 22135 ns, Total: 105564 ns
[2020-09-11T18:05:09.614+0000][1][safepoint    ] Safepoint "Cleanup", Time since last: 1000104927 ns, Reaching safepoint: 98617 ns, At safepoint: 9012 ns, Total: 107629 ns
[2020-09-11T18:05:10.614+0000][1][safepoint    ] Safepoint "Cleanup", Time since last: 1000106211 ns, Reaching safepoint: 79862 ns, At safepoint: 8893 ns, Total: 88755 ns
[2020-09-11T18:05:10.755+0000][1][safepoint    ] Safepoint "RevokeBias", Time since last: 140246253 ns, Reaching safepoint: 172051 ns, At safepoint: 25447 ns, Total: 197498 ns
[2020-09-11T18:05:11.755+0000][1][safepoint    ] Safepoint "Cleanup", Time since last: 1000117829 ns, Reaching safepoint: 85501 ns, At safepoint: 7645 ns, Total: 93146 ns
[2020-09-11T18:05:12.755+0000][1][safepoint    ] Safepoint "Cleanup", Time since last: 1000118716 ns, Reaching safepoint: 79836 ns, At safepoint: 9519 ns, Total: 89355 ns
[2020-09-11T18:05:13.755+0000][1][safepoint    ] Safepoint "Cleanup", Time since last: 1000114944 ns, Reaching safepoint: 82257 ns, At safepoint: 10564 ns, Total: 92821 ns
[2020-09-11T18:05:14.755+0000][1][safepoint    ] Safepoint "Cleanup", Time since last: 1000111890 ns, Reaching safepoint: 91829 ns, At safepoint: 10020 ns, Total: 101849 ns
[2020-09-11T18:05:15.756+0000][1][safepoint    ] Safepoint "Cleanup", Time since last: 1000133941 ns, Reaching safepoint: 78894 ns, At safepoint: 6833 ns, Total: 85727 ns
[2020-09-11T18:05:16.499+0000][1][safepoint    ] Safepoint "RevokeBias", Time since last: 743208002 ns, Reaching safepoint: 85036 ns, At safepoint: 22355 ns, Total: 107391 ns
[2020-09-11T18:05:17.499+0000][1][safepoint    ] Safepoint "Cleanup", Time since last: 1000108575 ns, Reaching safepoint: 83245 ns, At safepoint: 9357 ns, Total: 92602 ns
[2020-09-11T18:05:18.505+0000][1][safepoint    ] Safepoint "Cleanup", Time since last: 1001545816 ns, Reaching safepoint: 4079598 ns, At safepoint: 12584 ns, Total: 4092182 ns
[2020-09-11T18:05:18.684+0000][1][safepoint    ] Safepoint "RevokeBias", Time since last: 179516700 ns, Reaching safepoint: 89066 ns, At safepoint: 22078 ns, Total: 111144 ns
[2020-09-11T18:05:19.685+0000][1][safepoint    ] Safepoint "Cleanup", Time since last: 1000110842 ns, Reaching safepoint: 90295 ns, At safepoint: 8754 ns, Total: 99049 ns
[2020-09-11T18:05:20.685+0000][1][safepoint    ] Safepoint "Cleanup", Time since last: 1000144333 ns, Reaching safepoint: 80183 ns, At safepoint: 8461 ns, Total: 88644 ns
[2020-09-11T18:05:20.711+0000][1][safepoint    ] Safepoint "RevokeBias", Time since last: 26148802 ns, Reaching safepoint: 157310 ns, At safepoint: 23237 ns, Total: 180547 ns
[2020-09-11T18:05:21.711+0000][1][safepoint    ] Safepoint "Cleanup", Time since last: 1000112591 ns, Reaching safepoint: 78280 ns, At safepoint: 8906 ns, Total: 87186 ns
[2020-09-11T18:05:22.712+0000][1][safepoint    ] Safepoint "Cleanup", Time since last: 1000117990 ns, Reaching safepoint: 84633 ns, At safepoint: 7410 ns, Total: 92043 ns
[2020-09-11T18:05:23.712+0000][1][safepoint    ] Safepoint "Cleanup", Time since last: 1000113396 ns, Reaching safepoint: 77155 ns, At safepoint: 7027 ns, Total: 84182 ns
[2020-09-11T18:05:24.712+0000][1][safepoint    ] Safepoint "Cleanup", Time since last: 1000112151 ns, Reaching safepoint: 79585 ns, At safepoint: 8329 ns, Total: 87914 ns
[2020-09-11T18:05:25.712+0000][1][safepoint    ] Safepoint "Cleanup", Time since last: 1000114101 ns, Reaching safepoint: 81993 ns, At safepoint: 9301 ns, Total: 91294 ns
[2020-09-11T18:05:26.517+0000][1][safepoint    ] Safepoint "RevokeBias", Time since last: 804639859 ns, Reaching safepoint: 83213 ns, At safepoint: 23595 ns, Total: 106808 ns
[2020-09-11T18:05:26.759+0000][1][gc,start     ] GC(104) Pause Young (Allocation Failure)
[2020-09-11T18:05:26.759+0000][1][gc,task      ] GC(104) Using 1 workers of 1 for evacuation
[2020-09-11T18:05:26.768+0000][1][gc,age       ] GC(104) Desired survivor size 4358144 bytes, new threshold 6 (max threshold 6)
[2020-09-11T18:05:26.768+0000][1][gc,age       ] GC(104) Age table with threshold 6 (max threshold 6)
[2020-09-11T18:05:26.768+0000][1][gc,age       ] GC(104) - age   1:     319040 bytes,     319040 total
[2020-09-11T18:05:26.768+0000][1][gc,age       ] GC(104) - age   2:     115712 bytes,     434752 total
[2020-09-11T18:05:26.768+0000][1][gc,age       ] GC(104) - age   3:      31032 bytes,     465784 total
[2020-09-11T18:05:26.768+0000][1][gc,age       ] GC(104) - age   4:      10432 bytes,     476216 total
[2020-09-11T18:05:26.768+0000][1][gc,age       ] GC(104) - age   5:      10080 bytes,     486296 total
[2020-09-11T18:05:26.768+0000][1][gc,age       ] GC(104) - age   6:      98336 bytes,     584632 total
[2020-09-11T18:05:26.768+0000][1][gc,heap      ] GC(104) ParNew: 68816K->979K(76672K)
[2020-09-11T18:05:26.768+0000][1][gc,heap      ] GC(104) CMS: 100711K->100721K(439104K)
[2020-09-11T18:05:26.768+0000][1][gc,metaspace ] GC(104) Metaspace: 91792K->91792K(1134592K)
[2020-09-11T18:05:26.768+0000][1][gc           ] GC(104) Pause Young (Allocation Failure) 165M->99M(503M) 8.881ms
[2020-09-11T18:05:26.768+0000][1][gc,cpu       ] GC(104) User=0.01s Sys=0.00s Real=0.01s
[2020-09-11T18:05:26.771+0000][1][safepoint    ] Safepoint "GenCollectForAllocation", Time since last: 241654555 ns, Reaching safepoint: 83337 ns, At safepoint: 12216733 ns, Total: 12300070 ns
[2020-09-11T18:05:27.771+0000][1][safepoint    ] Safepoint "Cleanup", Time since last: 1000422398 ns, Reaching safepoint: 84302 ns, At safepoint: 8966 ns, Total: 93268 ns
[2020-09-11T18:05:28.773+0000][1][safepoint    ] Safepoint "Cleanup", Time since last: 1001306028 ns, Reaching safepoint: 75350 ns, At safepoint: 5879 ns, Total: 81229 ns
[2020-09-11T18:05:28.911+0000][1][safepoint    ] Safepoint "RevokeBias", Time since last: 138268817 ns, Reaching safepoint: 82331 ns, At safepoint: 22542 ns, Total: 104873 ns
[2020-09-11T18:05:29.911+0000][1][safepoint    ] Safepoint "Cleanup", Time since last: 1000110016 ns, Reaching safepoint: 77161 ns, At safepoint: 8341 ns, Total: 85502 ns
[2020-09-11T18:05:30.691+0000][1][safepoint    ] Safepoint "RevokeBias", Time since last: 779504272 ns, Reaching safepoint: 165962 ns, At safepoint: 23920 ns, Total: 189882 ns
[2020-09-11T18:05:31.691+0000][1][safepoint    ] Safepoint "Cleanup", Time since last: 1000108072 ns, Reaching safepoint: 82069 ns, At safepoint: 8760 ns, Total: 90829 ns
[2020-09-11T18:05:32.692+0000][1][safepoint    ] Safepoint "Cleanup", Time since last: 1000115882 ns, Reaching safepoint: 82219 ns, At safepoint: 9009 ns, Total: 91228 ns
[2020-09-11T18:05:33.639+0000][1][safepoint    ] Safepoint "RevokeBias", Time since last: 945852520 ns, Reaching safepoint: 2028769 ns, At safepoint: 20917 ns, Total: 2049686 ns
[2020-09-11T18:05:33.640+0000][1][safepoint    ] Safepoint "RevokeBias", Time since last: 751276 ns, Reaching safepoint: 183071 ns, At safepoint: 14833 ns, Total: 197904 ns
[2020-09-11T18:05:33.647+0000][1][safepoint    ] Safepoint "RevokeBias", Time since last: 4693426 ns, Reaching safepoint: 1867938 ns, At safepoint: 23877 ns, Total: 1891815 ns
[2020-09-11T18:05:33.663+0000][1][safepoint    ] Safepoint "RevokeBias", Time since last: 16127645 ns, Reaching safepoint: 152021 ns, At safepoint: 23712 ns, Total: 175733 ns
[2020-09-11T18:05:34.664+0000][1][safepoint    ] Safepoint "Cleanup", Time since last: 1000114203 ns, Reaching safepoint: 96713 ns, At safepoint: 7434 ns, Total: 104147 ns
[2020-09-11T18:05:35.664+0000][1][safepoint    ] Safepoint "Cleanup", Time since last: 1000110369 ns, Reaching safepoint: 81472 ns, At safepoint: 8869 ns, Total: 90341 ns
[2020-09-11T18:05:36.589+0000][1][safepoint    ] Safepoint "RevokeBias", Time since last: 925410392 ns, Reaching safepoint: 87417 ns, At safepoint: 23799 ns, Total: 111216 ns
[2020-09-11T18:05:37.589+0000][1][safepoint    ] Safepoint "Cleanup", Time since last: 1000114624 ns, Reaching safepoint: 83568 ns, At safepoint: 8072 ns, Total: 91640 ns
[2020-09-11T18:05:38.590+0000][1][safepoint    ] Safepoint "Cleanup", Time since last: 1000130498 ns, Reaching safepoint: 84322 ns, At safepoint: 8216 ns, Total: 92538 ns
[2020-09-11T18:05:38.742+0000][1][safepoint    ] Safepoint "RevokeBias", Time since last: 151779271 ns, Reaching safepoint: 88491 ns, At safepoint: 22836 ns, Total: 111327 ns
[2020-09-11T18:05:39.742+0000][1][safepoint    ] Safepoint "Cleanup", Time since last: 1000112382 ns, Reaching safepoint: 95067 ns, At safepoint: 8530 ns, Total: 103597 ns
[2020-09-11T18:05:40.718+0000][1][safepoint    ] Safepoint "RevokeBias", Time since last: 975983176 ns, Reaching safepoint: 157416 ns, At safepoint: 38075 ns, Total: 195491 ns
[2020-09-11T18:05:41.718+0000][1][safepoint    ] Safepoint "Cleanup", Time since last: 1000105308 ns, Reaching safepoint: 80489 ns, At safepoint: 8813 ns, Total: 89302 ns
[2020-09-11T18:05:42.718+0000][1][safepoint    ] Safepoint "Cleanup", Time since last: 1000110434 ns, Reaching safepoint: 78540 ns, At safepoint: 6507 ns, Total: 85047 ns
[2020-09-11T18:05:43.719+0000][1][safepoint    ] Safepoint "Cleanup", Time since last: 1000116237 ns, Reaching safepoint: 78518 ns, At safepoint: 7141 ns, Total: 85659 ns
[2020-09-11T18:05:44.719+0000][1][safepoint    ] Safepoint "Cleanup", Time since last: 1000117325 ns, Reaching safepoint: 78652 ns, At safepoint: 6705 ns, Total: 85357 ns
[2020-09-11T18:05:45.719+0000][1][safepoint    ] Safepoint "Cleanup", Time since last: 1000118221 ns, Reaching safepoint: 86175 ns, At safepoint: 8648 ns, Total: 94823 ns
[2020-09-11T18:05:46.492+0000][1][gc,start     ] GC(105) Pause Young (Allocation Failure)
[2020-09-11T18:05:46.492+0000][1][gc,task      ] GC(105) Using 1 workers of 1 for evacuation
[2020-09-11T18:05:46.500+0000][1][gc,age       ] GC(105) Desired survivor size 4358144 bytes, new threshold 6 (max threshold 6)
[2020-09-11T18:05:46.500+0000][1][gc,age       ] GC(105) Age table with threshold 6 (max threshold 6)
[2020-09-11T18:05:46.500+0000][1][gc,age       ] GC(105) - age   1:     262672 bytes,     262672 total
[2020-09-11T18:05:46.500+0000][1][gc,age       ] GC(105) - age   2:     266176 bytes,     528848 total
[2020-09-11T18:05:46.500+0000][1][gc,age       ] GC(105) - age   3:     108744 bytes,     637592 total
[2020-09-11T18:05:46.500+0000][1][gc,age       ] GC(105) - age   4:      20880 bytes,     658472 total
[2020-09-11T18:05:46.500+0000][1][gc,age       ] GC(105) - age   5:      10120 bytes,     668592 total
[2020-09-11T18:05:46.500+0000][1][gc,age       ] GC(105) - age   6:      10080 bytes,     678672 total
[2020-09-11T18:05:46.500+0000][1][gc,heap      ] GC(105) ParNew: 69139K->673K(76672K)
[2020-09-11T18:05:46.500+0000][1][gc,heap      ] GC(105) CMS: 100721K->100817K(439104K)
[2020-09-11T18:05:46.500+0000][1][gc,metaspace ] GC(105) Metaspace: 91863K->91863K(1134592K)
[2020-09-11T18:05:46.500+0000][1][gc           ] GC(105) Pause Young (Allocation Failure) 165M->99M(503M) 8.394ms
[2020-09-11T18:05:46.500+0000][1][gc,cpu       ] GC(105) User=0.00s Sys=0.00s Real=0.01s
[2020-09-11T18:05:46.500+0000][1][safepoint    ] Safepoint "GenCollectForAllocation", Time since last: 772785958 ns, Reaching safepoint: 162506 ns, At safepoint: 8458697 ns, Total: 8621203 ns
[2020-09-11T18:05:46.553+0000][1][safepoint    ] Safepoint "RevokeBias", Time since last: 52812670 ns, Reaching safepoint: 87966 ns, At safepoint: 26297 ns, Total: 114263 ns
[2020-09-11T18:05:47.553+0000][1][safepoint    ] Safepoint "Cleanup", Time since last: 1000111435 ns, Reaching safepoint: 71233 ns, At safepoint: 6106 ns, Total: 77339 ns
[2020-09-11T18:05:48.554+0000][1][safepoint    ] Safepoint "Cleanup", Time since last: 1000111940 ns, Reaching safepoint: 152424 ns, At safepoint: 6377 ns, Total: 158801 ns
[2020-09-11T18:05:49.401+0000][1][safepoint    ] Safepoint "RevokeBias", Time since last: 846762168 ns, Reaching safepoint: 168114 ns, At safepoint: 23337 ns, Total: 191451 ns
[2020-09-11T18:05:50.401+0000][1][safepoint    ] Safepoint "Cleanup", Time since last: 1000073720 ns, Reaching safepoint: 82855 ns, At safepoint: 7308 ns, Total: 90163 ns
[2020-09-11T18:05:50.689+0000][1][safepoint    ] Safepoint "RevokeBias", Time since last: 288400264 ns, Reaching safepoint: 85380 ns, At safepoint: 22539 ns, Total: 107919 ns
[2020-09-11T18:05:51.690+0000][1][safepoint    ] Safepoint "Cleanup", Time since last: 1000112348 ns, Reaching safepoint: 85263 ns, At safepoint: 10414 ns, Total: 95677 ns
[2020-09-11T18:05:52.690+0000][1][safepoint    ] Safepoint "Cleanup", Time since last: 1000119584 ns, Reaching safepoint: 80296 ns, At safepoint: 9572 ns, Total: 89868 ns
[2020-09-11T18:05:53.690+0000][1][safepoint    ] Safepoint "Cleanup", Time since last: 1000114022 ns, Reaching safepoint: 79095 ns, At safepoint: 7199 ns, Total: 86294 ns
[2020-09-11T18:05:54.690+0000][1][safepoint    ] Safepoint "Cleanup", Time since last: 1000116428 ns, Reaching safepoint: 81534 ns, At safepoint: 9206 ns, Total: 90740 ns
[2020-09-11T18:05:55.690+0000][1][safepoint    ] Safepoint "Cleanup", Time since last: 1000114638 ns, Reaching safepoint: 81155 ns, At safepoint: 9368 ns, Total: 90523 ns
[2020-09-11T18:05:56.587+0000][1][safepoint    ] Safepoint "RevokeBias", Time since last: 896837379 ns, Reaching safepoint: 90494 ns, At safepoint: 21111 ns, Total: 111605 ns
[2020-09-11T18:05:57.588+0000][1][safepoint    ] Safepoint "Cleanup", Time since last: 1000106881 ns, Reaching safepoint: 79147 ns, At safepoint: 9083 ns, Total: 88230 ns
[2020-09-11T18:05:58.588+0000][1][safepoint    ] Safepoint "Cleanup", Time since last: 1000103268 ns, Reaching safepoint: 85956 ns, At safepoint: 6689 ns, Total: 92645 ns
[2020-09-11T18:05:58.767+0000][1][safepoint    ] Safepoint "BulkRevokeBias", Time since last: 178631936 ns, Reaching safepoint: 99238 ns, At safepoint: 323021 ns, Total: 422259 ns
[2020-09-11T18:05:59.767+0000][1][safepoint    ] Safepoint "Cleanup", Time since last: 1000113719 ns, Reaching safepoint: 87524 ns, At safepoint: 8410 ns, Total: 95934 ns
[2020-09-11T18:06:00.710+0000][1][safepoint    ] Safepoint "RevokeBias", Time since last: 943043095 ns, Reaching safepoint: 162852 ns, At safepoint: 22976 ns, Total: 185828 ns
[2020-09-11T18:06:01.710+0000][1][safepoint    ] Safepoint "Cleanup", Time since last: 1000109049 ns, Reaching safepoint: 81323 ns, At safepoint: 7097 ns, Total: 88420 ns
[2020-09-11T18:06:02.711+0000][1][safepoint    ] Safepoint "Cleanup", Time since last: 1000114828 ns, Reaching safepoint: 78885 ns, At safepoint: 6939 ns, Total: 85824 ns
[2020-09-11T18:06:03.711+0000][1][safepoint    ] Safepoint "Cleanup", Time since last: 1000114923 ns, Reaching safepoint: 79954 ns, At safepoint: 9374 ns, Total: 89328 ns
[2020-09-11T18:06:04.711+0000][1][safepoint    ] Safepoint "Cleanup", Time since last: 1000117653 ns, Reaching safepoint: 81414 ns, At safepoint: 9761 ns, Total: 91175 ns
[2020-09-11T18:06:05.711+0000][1][safepoint    ] Safepoint "Cleanup", Time since last: 1000113477 ns, Reaching safepoint: 79397 ns, At safepoint: 8999 ns, Total: 88396 ns
[2020-09-11T18:06:06.565+0000][1][safepoint    ] Safepoint "RevokeBias", Time since last: 853666050 ns, Reaching safepoint: 92510 ns, At safepoint: 23354 ns, Total: 115864 ns
[2020-09-11T18:06:07.565+0000][1][safepoint    ] Safepoint "Cleanup", Time since last: 1000114057 ns, Reaching safepoint: 75637 ns, At safepoint: 6871 ns, Total: 82508 ns
[2020-09-11T18:06:07.649+0000][1][gc,start     ] GC(106) Pause Young (Allocation Failure)
[2020-09-11T18:06:07.649+0000][1][gc,task      ] GC(106) Using 1 workers of 1 for evacuation
[2020-09-11T18:06:07.660+0000][1][gc,age       ] GC(106) Desired survivor size 4358144 bytes, new threshold 6 (max threshold 6)
[2020-09-11T18:06:07.660+0000][1][gc,age       ] GC(106) Age table with threshold 6 (max threshold 6)
[2020-09-11T18:06:07.660+0000][1][gc,age       ] GC(106) - age   1:     513168 bytes,     513168 total
[2020-09-11T18:06:07.660+0000][1][gc,age       ] GC(106) - age   2:     189608 bytes,     702776 total
[2020-09-11T18:06:07.660+0000][1][gc,age       ] GC(106) - age   3:     103792 bytes,     806568 total
[2020-09-11T18:06:07.660+0000][1][gc,age       ] GC(106) - age   4:      19624 bytes,     826192 total
[2020-09-11T18:06:07.660+0000][1][gc,age       ] GC(106) - age   5:      20568 bytes,     846760 total
[2020-09-11T18:06:07.660+0000][1][gc,age       ] GC(106) - age   6:      10120 bytes,     856880 total
[2020-09-11T18:06:07.660+0000][1][gc,heap      ] GC(106) ParNew: 68825K->1162K(76672K)
[2020-09-11T18:06:07.660+0000][1][gc,heap      ] GC(106) CMS: 100817K->100827K(439104K)
[2020-09-11T18:06:07.660+0000][1][gc,metaspace ] GC(106) Metaspace: 91933K->91933K(1134592K)
[2020-09-11T18:06:07.660+0000][1][gc           ] GC(106) Pause Young (Allocation Failure) 165M->99M(503M) 11.614ms
[2020-09-11T18:06:07.660+0000][1][gc,cpu       ] GC(106) User=0.01s Sys=0.00s Real=0.01s
[2020-09-11T18:06:07.666+0000][1][safepoint    ] Safepoint "GenCollectForAllocation", Time since last: 81736424 ns, Reaching safepoint: 1600017 ns, At safepoint: 17904868 ns, Total: 19504885 ns
[2020-09-11T18:06:08.667+0000][1][safepoint    ] Safepoint "Cleanup", Time since last: 1000652855 ns, Reaching safepoint: 135520 ns, At safepoint: 7968 ns, Total: 143488 ns
[2020-09-11T18:06:08.737+0000][1][safepoint    ] Safepoint "RevokeBias", Time since last: 69584493 ns, Reaching safepoint: 86052 ns, At safepoint: 22959 ns, Total: 109011 ns
[2020-09-11T18:06:10.719+0000][1][safepoint    ] Safepoint "RevokeBias", Time since last: 1981472603 ns, Reaching safepoint: 176646 ns, At safepoint: 22691 ns, Total: 199337 ns
[2020-09-11T18:06:11.719+0000][1][safepoint    ] Safepoint "Cleanup", Time since last: 1000108196 ns, Reaching safepoint: 93604 ns, At safepoint: 9145 ns, Total: 102749 ns
[2020-09-11T18:06:13.719+0000][1][safepoint    ] Safepoint "Cleanup", Time since last: 2000179483 ns, Reaching safepoint: 85998 ns, At safepoint: 6705 ns, Total: 92703 ns
[2020-09-11T18:06:14.719+0000][1][safepoint    ] Safepoint "Cleanup", Time since last: 1000117461 ns, Reaching safepoint: 92222 ns, At safepoint: 14386 ns, Total: 106608 ns
[2020-09-11T18:06:16.084+0000][1][safepoint    ] Safepoint "RevokeBias", Time since last: 1364648635 ns, Reaching safepoint: 201697 ns, At safepoint: 18359 ns, Total: 220056 ns
[2020-09-11T18:06:16.153+0000][1][safepoint    ] Safepoint "RevokeBias", Time since last: 68247197 ns, Reaching safepoint: 186384 ns, At safepoint: 20064 ns, Total: 206448 ns
[2020-09-11T18:06:16.173+0000][1][safepoint    ] Safepoint "RevokeBias", Time since last: 20132031 ns, Reaching safepoint: 185705 ns, At safepoint: 21633 ns, Total: 207338 ns
[2020-09-11T18:06:16.174+0000][1][safepoint    ] Safepoint "RevokeBias", Time since last: 1004193 ns, Reaching safepoint: 48655 ns, At safepoint: 12374 ns, Total: 61029 ns
[2020-09-11T18:06:16.681+0000][1][safepoint    ] Safepoint "RevokeBias", Time since last: 506987711 ns, Reaching safepoint: 95311 ns, At safepoint: 23926 ns, Total: 119237 ns
[2020-09-11T18:06:17.681+0000][1][safepoint    ] Safepoint "Cleanup", Time since last: 1000109176 ns, Reaching safepoint: 84116 ns, At safepoint: 7904 ns, Total: 92020 ns
[2020-09-11T18:06:18.682+0000][1][safepoint    ] Safepoint "Cleanup", Time since last: 1000108819 ns, Reaching safepoint: 84370 ns, At safepoint: 6816 ns, Total: 91186 ns
[2020-09-11T18:06:18.693+0000][1][safepoint    ] Safepoint "RevokeBias", Time since last: 11482564 ns, Reaching safepoint: 88167 ns, At safepoint: 22396 ns, Total: 110563 ns
[2020-09-11T18:06:19.693+0000][1][safepoint    ] Safepoint "Cleanup", Time since last: 1000111266 ns, Reaching safepoint: 81815 ns, At safepoint: 9259 ns, Total: 91074 ns
[2020-09-11T18:06:20.694+0000][1][safepoint    ] Safepoint "Cleanup", Time since last: 1000115165 ns, Reaching safepoint: 78336 ns, At safepoint: 7356 ns, Total: 85692 ns
[2020-09-11T18:06:20.724+0000][1][safepoint    ] Safepoint "RevokeBias", Time since last: 30306902 ns, Reaching safepoint: 84944 ns, At safepoint: 22977 ns, Total: 107921 ns
[2020-09-11T18:06:21.724+0000][1][safepoint    ] Safepoint "Cleanup", Time since last: 1000111771 ns, Reaching safepoint: 84384 ns, At safepoint: 9610 ns, Total: 93994 ns
[2020-09-11T18:06:22.724+0000][1][safepoint    ] Safepoint "Cleanup", Time since last: 1000104618 ns, Reaching safepoint: 72420 ns, At safepoint: 7195 ns, Total: 79615 ns
[2020-09-11T18:06:23.725+0000][1][safepoint    ] Safepoint "Cleanup", Time since last: 1000115308 ns, Reaching safepoint: 77240 ns, At safepoint: 7033 ns, Total: 84273 ns
[2020-09-11T18:06:24.725+0000][1][safepoint    ] Safepoint "Cleanup", Time since last: 1000115908 ns, Reaching safepoint: 108545 ns, At safepoint: 8379 ns, Total: 116924 ns
[2020-09-11T18:06:25.725+0000][1][safepoint    ] Safepoint "Cleanup", Time since last: 1000109547 ns, Reaching safepoint: 82255 ns, At safepoint: 8891 ns, Total: 91146 ns
[2020-09-11T18:06:26.473+0000][1][gc,start     ] GC(107) Pause Young (Allocation Failure)
[2020-09-11T18:06:26.474+0000][1][gc,task      ] GC(107) Using 1 workers of 1 for evacuation
[2020-09-11T18:06:26.484+0000][1][gc,age       ] GC(107) Desired survivor size 4358144 bytes, new threshold 6 (max threshold 6)
[2020-09-11T18:06:26.484+0000][1][gc,age       ] GC(107) Age table with threshold 6 (max threshold 6)
[2020-09-11T18:06:26.484+0000][1][gc,age       ] GC(107) - age   1:     245256 bytes,     245256 total
[2020-09-11T18:06:26.484+0000][1][gc,age       ] GC(107) - age   2:     295512 bytes,     540768 total
[2020-09-11T18:06:26.484+0000][1][gc,age       ] GC(107) - age   3:     186064 bytes,     726832 total
[2020-09-11T18:06:26.484+0000][1][gc,age       ] GC(107) - age   4:      39392 bytes,     766224 total
[2020-09-11T18:06:26.484+0000][1][gc,age       ] GC(107) - age   5:      17824 bytes,     784048 total
[2020-09-11T18:06:26.484+0000][1][gc,age       ] GC(107) - age   6:      20568 bytes,     804616 total
[2020-09-11T18:06:26.484+0000][1][gc,heap      ] GC(107) ParNew: 69322K->1545K(76672K)
[2020-09-11T18:06:26.484+0000][1][gc,heap      ] GC(107) CMS: 100827K->100837K(439104K)
[2020-09-11T18:06:26.484+0000][1][gc,metaspace ] GC(107) Metaspace: 91992K->91992K(1134592K)
[2020-09-11T18:06:26.484+0000][1][gc           ] GC(107) Pause Young (Allocation Failure) 166M->99M(503M) 10.367ms
[2020-09-11T18:06:26.484+0000][1][gc,cpu       ] GC(107) User=0.01s Sys=0.00s Real=0.01s
[2020-09-11T18:06:26.485+0000][1][safepoint    ] Safepoint "GenCollectForAllocation", Time since last: 748042671 ns, Reaching safepoint: 405832 ns, At safepoint: 11408526 ns, Total: 11814358 ns
[2020-09-11T18:06:26.591+0000][1][safepoint    ] Safepoint "RevokeBias", Time since last: 106043508 ns, Reaching safepoint: 96009 ns, At safepoint: 25336 ns, Total: 121345 ns
[2020-09-11T18:06:27.591+0000][1][safepoint    ] Safepoint "Cleanup", Time since last: 1000110990 ns, Reaching safepoint: 82662 ns, At safepoint: 9713 ns, Total: 92375 ns
[2020-09-11T18:06:28.591+0000][1][safepoint    ] Safepoint "Cleanup", Time since last: 1000111327 ns, Reaching safepoint: 81408 ns, At safepoint: 8459 ns, Total: 89867 ns
[2020-09-11T18:06:28.841+0000][1][safepoint    ] Safepoint "RevokeBias", Time since last: 249272950 ns, Reaching safepoint: 122481 ns, At safepoint: 21952 ns, Total: 144433 ns
[2020-09-11T18:06:29.841+0000][1][safepoint    ] Safepoint "Cleanup", Time since last: 1000107661 ns, Reaching safepoint: 84851 ns, At safepoint: 9399 ns, Total: 94250 ns
[2020-09-11T18:06:30.733+0000][1][safepoint    ] Safepoint "RevokeBias", Time since last: 892224142 ns, Reaching safepoint: 175588 ns, At safepoint: 26005 ns, Total: 201593 ns
[2020-09-11T18:06:31.734+0000][1][safepoint    ] Safepoint "Cleanup", Time since last: 1000114426 ns, Reaching safepoint: 91076 ns, At safepoint: 9921 ns, Total: 100997 ns
[2020-09-11T18:06:32.734+0000][1][safepoint    ] Safepoint "Cleanup", Time since last: 1000110098 ns, Reaching safepoint: 78871 ns, At safepoint: 9142 ns, Total: 88013 ns
[2020-09-11T18:06:33.734+0000][1][safepoint    ] Safepoint "Cleanup", Time since last: 1000115563 ns, Reaching safepoint: 79217 ns, At safepoint: 9462 ns, Total: 88679 ns
[2020-09-11T18:06:34.734+0000][1][safepoint    ] Safepoint "Cleanup", Time since last: 1000115197 ns, Reaching safepoint: 80846 ns, At safepoint: 9117 ns, Total: 89963 ns
[2020-09-11T18:06:35.735+0000][1][safepoint    ] Safepoint "Cleanup", Time since last: 1000117719 ns, Reaching safepoint: 87391 ns, At safepoint: 9754 ns, Total: 97145 ns
[2020-09-11T18:06:36.547+0000][1][safepoint    ] Safepoint "RevokeBias", Time since last: 812812898 ns, Reaching safepoint: 95439 ns, At safepoint: 24450 ns, Total: 119889 ns
[2020-09-11T18:06:37.548+0000][1][safepoint    ] Safepoint "Cleanup", Time since last: 1000108715 ns, Reaching safepoint: 85793 ns, At safepoint: 9767 ns, Total: 95560 ns
[2020-09-11T18:06:38.548+0000][1][safepoint    ] Safepoint "Cleanup", Time since last: 1000129589 ns, Reaching safepoint: 87150 ns, At safepoint: 7500 ns, Total: 94650 ns
[2020-09-11T18:06:38.777+0000][1][safepoint    ] Safepoint "RevokeBias", Time since last: 229160291 ns, Reaching safepoint: 91873 ns, At safepoint: 21967 ns, Total: 113840 ns
[2020-09-11T18:06:39.777+0000][1][safepoint    ] Safepoint "Cleanup", Time since last: 1000111743 ns, Reaching safepoint: 80787 ns, At safepoint: 8866 ns, Total: 89653 ns
[2020-09-11T18:06:40.722+0000][1][safepoint    ] Safepoint "RevokeBias", Time since last: 944730721 ns, Reaching safepoint: 160049 ns, At safepoint: 23121 ns, Total: 183170 ns
[2020-09-11T18:06:41.722+0000][1][safepoint    ] Safepoint "Cleanup", Time since last: 1000109554 ns, Reaching safepoint: 98808 ns, At safepoint: 7107 ns, Total: 105915 ns
[2020-09-11T18:06:42.723+0000][1][safepoint    ] Safepoint "Cleanup", Time since last: 1000107983 ns, Reaching safepoint: 76721 ns, At safepoint: 6986 ns, Total: 83707 ns
[2020-09-11T18:06:43.723+0000][1][safepoint    ] Safepoint "Cleanup", Time since last: 1000113054 ns, Reaching safepoint: 91182 ns, At safepoint: 7418 ns, Total: 98600 ns
[2020-09-11T18:06:44.723+0000][1][safepoint    ] Safepoint "Cleanup", Time since last: 1000113344 ns, Reaching safepoint: 81591 ns, At safepoint: 9397 ns, Total: 90988 ns
[2020-09-11T18:06:45.723+0000][1][safepoint    ] Safepoint "Cleanup", Time since last: 1000115617 ns, Reaching safepoint: 83704 ns, At safepoint: 8974 ns, Total: 92678 ns
[2020-09-11T18:06:46.078+0000][1][gc,start     ] GC(108) Pause Young (Allocation Failure)
[2020-09-11T18:06:46.078+0000][1][gc,task      ] GC(108) Using 1 workers of 1 for evacuation
[2020-09-11T18:06:46.101+0000][1][gc,age       ] GC(108) Desired survivor size 4358144 bytes, new threshold 6 (max threshold 6)
[2020-09-11T18:06:46.101+0000][1][gc,age       ] GC(108) Age table with threshold 6 (max threshold 6)
[2020-09-11T18:06:46.101+0000][1][gc,age       ] GC(108) - age   1:     154248 bytes,     154248 total
[2020-09-11T18:06:46.101+0000][1][gc,age       ] GC(108) - age   2:     173128 bytes,     327376 total
[2020-09-11T18:06:46.101+0000][1][gc,age       ] GC(108) - age   3:     290016 bytes,     617392 total
[2020-09-11T18:06:46.101+0000][1][gc,age       ] GC(108) - age   4:     175896 bytes,     793288 total
[2020-09-11T18:06:46.101+0000][1][gc,age       ] GC(108) - age   5:       9688 bytes,     802976 total
[2020-09-11T18:06:46.101+0000][1][gc,age       ] GC(108) - age   6:      17824 bytes,     820800 total
[2020-09-11T18:06:46.101+0000][1][gc,heap      ] GC(108) ParNew: 69705K->975K(76672K)
[2020-09-11T18:06:46.101+0000][1][gc,heap      ] GC(108) CMS: 100837K->100857K(439104K)
[2020-09-11T18:06:46.101+0000][1][gc,metaspace ] GC(108) Metaspace: 92028K->92028K(1134592K)
[2020-09-11T18:06:46.101+0000][1][gc           ] GC(108) Pause Young (Allocation Failure) 166M->99M(503M) 22.968ms
[2020-09-11T18:06:46.101+0000][1][gc,cpu       ] GC(108) User=0.00s Sys=0.00s Real=0.02s
[2020-09-11T18:06:46.117+0000][1][safepoint    ] Safepoint "GenCollectForAllocation", Time since last: 354234750 ns, Reaching safepoint: 181921 ns, At safepoint: 39080190 ns, Total: 39262111 ns
[2020-09-11T18:06:46.493+0000][1][safepoint    ] Safepoint "RevokeBias", Time since last: 376189551 ns, Reaching safepoint: 90395 ns, At safepoint: 23378 ns, Total: 113773 ns
[2020-09-11T18:06:47.493+0000][1][safepoint    ] Safepoint "Cleanup", Time since last: 1000107686 ns, Reaching safepoint: 80027 ns, At safepoint: 8422 ns, Total: 88449 ns
[2020-09-11T18:06:48.493+0000][1][safepoint    ] Safepoint "Cleanup", Time since last: 1000108935 ns, Reaching safepoint: 83561 ns, At safepoint: 6690 ns, Total: 90251 ns
[2020-09-11T18:06:48.614+0000][1][safepoint    ] Safepoint "RevokeBias", Time since last: 119955536 ns, Reaching safepoint: 97275 ns, At safepoint: 22503 ns, Total: 119778 ns
[2020-09-11T18:06:49.614+0000][1][safepoint    ] Safepoint "Cleanup", Time since last: 1000112265 ns, Reaching safepoint: 82640 ns, At safepoint: 8037 ns, Total: 90677 ns
[2020-09-11T18:06:50.614+0000][1][safepoint    ] Safepoint "Cleanup", Time since last: 1000115370 ns, Reaching safepoint: 79851 ns, At safepoint: 9464 ns, Total: 89315 ns
[2020-09-11T18:06:50.704+0000][1][safepoint    ] Safepoint "RevokeBias", Time since last: 90114053 ns, Reaching safepoint: 161484 ns, At safepoint: 24151 ns, Total: 185635 ns
[2020-09-11T18:06:51.704+0000][1][safepoint    ] Safepoint "Cleanup", Time since last: 1000107011 ns, Reaching safepoint: 80497 ns, At safepoint: 9121 ns, Total: 89618 ns
[2020-09-11T18:06:52.705+0000][1][safepoint    ] Safepoint "Cleanup", Time since last: 1000115459 ns, Reaching safepoint: 81761 ns, At safepoint: 9473 ns, Total: 91234 ns
[2020-09-11T18:06:53.705+0000][1][safepoint    ] Safepoint "Cleanup", Time since last: 1000093926 ns, Reaching safepoint: 81796 ns, At safepoint: 8755 ns, Total: 90551 ns
[2020-09-11T18:06:54.705+0000][1][safepoint    ] Safepoint "Cleanup", Time since last: 1000109848 ns, Reaching safepoint: 81688 ns, At safepoint: 9518 ns, Total: 91206 ns
[2020-09-11T18:06:55.705+0000][1][safepoint    ] Safepoint "Cleanup", Time since last: 1000121032 ns, Reaching safepoint: 81081 ns, At safepoint: 9460 ns, Total: 90541 ns
[2020-09-11T18:06:56.495+0000][1][safepoint    ] Safepoint "RevokeBias", Time since last: 789254699 ns, Reaching safepoint: 83362 ns, At safepoint: 21986 ns, Total: 105348 ns
[2020-09-11T18:06:57.495+0000][1][safepoint    ] Safepoint "Cleanup", Time since last: 1000108740 ns, Reaching safepoint: 85589 ns, At safepoint: 7346 ns, Total: 92935 ns
[2020-09-11T18:06:58.499+0000][1][safepoint    ] Safepoint "Cleanup", Time since last: 1001931106 ns, Reaching safepoint: 2470631 ns, At safepoint: 10881 ns, Total: 2481512 ns
[2020-09-11T18:06:58.670+0000][1][safepoint    ] Safepoint "RevokeBias", Time since last: 171038701 ns, Reaching safepoint: 86826 ns, At safepoint: 21388 ns, Total: 108214 ns
[2020-09-11T18:06:59.671+0000][1][safepoint    ] Safepoint "Cleanup", Time since last: 1000111820 ns, Reaching safepoint: 77966 ns, At safepoint: 9275 ns, Total: 87241 ns
[2020-09-11T18:07:00.671+0000][1][safepoint    ] Safepoint "Cleanup", Time since last: 1000114539 ns, Reaching safepoint: 77857 ns, At safepoint: 8316 ns, Total: 86173 ns
[2020-09-11T18:07:00.701+0000][1][safepoint    ] Safepoint "RevokeBias", Time since last: 30417291 ns, Reaching safepoint: 158669 ns, At safepoint: 23484 ns, Total: 182153 ns
[2020-09-11T18:07:01.272+0000][1][gc,start     ] GC(109) Pause Young (Allocation Failure)
[2020-09-11T18:07:01.272+0000][1][gc,task      ] GC(109) Using 1 workers of 1 for evacuation
[2020-09-11T18:07:01.281+0000][1][gc,age       ] GC(109) Desired survivor size 4358144 bytes, new threshold 6 (max threshold 6)
[2020-09-11T18:07:01.281+0000][1][gc,age       ] GC(109) Age table with threshold 6 (max threshold 6)
[2020-09-11T18:07:01.281+0000][1][gc,age       ] GC(109) - age   1:     338656 bytes,     338656 total
[2020-09-11T18:07:01.281+0000][1][gc,age       ] GC(109) - age   2:      89280 bytes,     427936 total
[2020-09-11T18:07:01.281+0000][1][gc,age       ] GC(109) - age   3:     170104 bytes,     598040 total
[2020-09-11T18:07:01.281+0000][1][gc,age       ] GC(109) - age   4:      86912 bytes,     684952 total
[2020-09-11T18:07:01.281+0000][1][gc,age       ] GC(109) - age   5:     169824 bytes,     854776 total
[2020-09-11T18:07:01.281+0000][1][gc,age       ] GC(109) - age   6:       9688 bytes,     864464 total
[2020-09-11T18:07:01.281+0000][1][gc,heap      ] GC(109) ParNew: 69124K->1446K(76672K)
[2020-09-11T18:07:01.281+0000][1][gc,heap      ] GC(109) CMS: 100857K->100874K(439104K)
[2020-09-11T18:07:01.281+0000][1][gc,metaspace ] GC(109) Metaspace: 92045K->92045K(1134592K)
[2020-09-11T18:07:01.281+0000][1][gc           ] GC(109) Pause Young (Allocation Failure) 165M->99M(503M) 9.982ms
[2020-09-11T18:07:01.282+0000][1][gc,cpu       ] GC(109) User=0.01s Sys=0.00s Real=0.02s
[2020-09-11T18:07:01.282+0000][1][safepoint    ] Safepoint "GenCollectForAllocation", Time since last: 569949185 ns, Reaching safepoint: 156043 ns, At safepoint: 10052528 ns, Total: 10208571 ns
[2020-09-11T18:07:02.289+0000][1][safepoint    ] Safepoint "Cleanup", Time since last: 1007380499 ns, Reaching safepoint: 76443 ns, At safepoint: 17841 ns, Total: 94284 ns
[2020-09-11T18:07:03.289+0000][1][safepoint    ] Safepoint "Cleanup", Time since last: 1000112174 ns, Reaching safepoint: 78411 ns, At safepoint: 21089 ns, Total: 99500 ns
[2020-09-11T18:07:04.289+0000][1][safepoint    ] Safepoint "Cleanup", Time since last: 1000121245 ns, Reaching safepoint: 79995 ns, At safepoint: 8768 ns, Total: 88763 ns
[2020-09-11T18:07:05.290+0000][1][safepoint    ] Safepoint "Cleanup", Time since last: 1000109354 ns, Reaching safepoint: 80901 ns, At safepoint: 8130 ns, Total: 89031 ns
[2020-09-11T18:07:06.290+0000][1][safepoint    ] Safepoint "Cleanup", Time since last: 1000115376 ns, Reaching safepoint: 80063 ns, At safepoint: 7505 ns, Total: 87568 ns
[2020-09-11T18:07:06.563+0000][1][safepoint    ] Safepoint "RevokeBias", Time since last: 272903981 ns, Reaching safepoint: 81763 ns, At safepoint: 22288 ns, Total: 104051 ns
[2020-09-11T18:07:07.563+0000][1][safepoint    ] Safepoint "Cleanup", Time since last: 1000109008 ns, Reaching safepoint: 81841 ns, At safepoint: 9391 ns, Total: 91232 ns
[2020-09-11T18:07:08.563+0000][1][safepoint    ] Safepoint "Cleanup", Time since last: 1000111316 ns, Reaching safepoint: 81988 ns, At safepoint: 6951 ns, Total: 88939 ns
[2020-09-11T18:07:08.690+0000][1][safepoint    ] Safepoint "RevokeBias", Time since last: 126879268 ns, Reaching safepoint: 92721 ns, At safepoint: 22776 ns, Total: 115497 ns
[2020-09-11T18:07:09.690+0000][1][safepoint    ] Safepoint "Cleanup", Time since last: 1000113803 ns, Reaching safepoint: 81791 ns, At safepoint: 9562 ns, Total: 91353 ns
[2020-09-11T18:07:10.691+0000][1][safepoint    ] Safepoint "Cleanup", Time since last: 1000114322 ns, Reaching safepoint: 131621 ns, At safepoint: 10671 ns, Total: 142292 ns
[2020-09-11T18:07:10.738+0000][1][safepoint    ] Safepoint "RevokeBias", Time since last: 47489451 ns, Reaching safepoint: 168742 ns, At safepoint: 25657 ns, Total: 194399 ns
[2020-09-11T18:07:11.739+0000][1][safepoint    ] Safepoint "Cleanup", Time since last: 1000108644 ns, Reaching safepoint: 101394 ns, At safepoint: 9016 ns, Total: 110410 ns
[2020-09-11T18:07:12.739+0000][1][safepoint    ] Safepoint "Cleanup", Time since last: 1000109069 ns, Reaching safepoint: 77320 ns, At safepoint: 7167 ns, Total: 84487 ns
[2020-09-11T18:07:13.739+0000][1][safepoint    ] Safepoint "Cleanup", Time since last: 1000111245 ns, Reaching safepoint: 78015 ns, At safepoint: 7026 ns, Total: 85041 ns
[2020-09-11T18:07:14.739+0000][1][safepoint    ] Safepoint "Cleanup", Time since last: 1000125428 ns, Reaching safepoint: 112613 ns, At safepoint: 12907 ns, Total: 125520 ns
[2020-09-11T18:07:15.739+0000][1][safepoint    ] Safepoint "Cleanup", Time since last: 1000145697 ns, Reaching safepoint: 79472 ns, At safepoint: 9143 ns, Total: 88615 ns
[2020-09-11T18:07:16.564+0000][1][safepoint    ] Safepoint "RevokeBias", Time since last: 824542398 ns, Reaching safepoint: 92166 ns, At safepoint: 24654 ns, Total: 116820 ns
[2020-09-11T18:07:17.564+0000][1][safepoint    ] Safepoint "Cleanup", Time since last: 1000112118 ns, Reaching safepoint: 79427 ns, At safepoint: 8928 ns, Total: 88355 ns
[2020-09-11T18:07:18.565+0000][1][safepoint    ] Safepoint "Cleanup", Time since last: 1000111662 ns, Reaching safepoint: 73510 ns, At safepoint: 5882 ns, Total: 79392 ns
[2020-09-11T18:07:19.085+0000][1][gc,start     ] GC(110) Pause Young (Allocation Failure)
[2020-09-11T18:07:19.085+0000][1][gc,task      ] GC(110) Using 1 workers of 1 for evacuation
[2020-09-11T18:07:19.093+0000][1][gc,age       ] GC(110) Desired survivor size 4358144 bytes, new threshold 6 (max threshold 6)
[2020-09-11T18:07:19.093+0000][1][gc,age       ] GC(110) Age table with threshold 6 (max threshold 6)
[2020-09-11T18:07:19.093+0000][1][gc,age       ] GC(110) - age   1:     301968 bytes,     301968 total
[2020-09-11T18:07:19.093+0000][1][gc,age       ] GC(110) - age   2:     250416 bytes,     552384 total
[2020-09-11T18:07:19.093+0000][1][gc,age       ] GC(110) - age   3:      86584 bytes,     638968 total
[2020-09-11T18:07:19.093+0000][1][gc,age       ] GC(110) - age   4:     103016 bytes,     741984 total
[2020-09-11T18:07:19.093+0000][1][gc,age       ] GC(110) - age   5:      10120 bytes,     752104 total
[2020-09-11T18:07:19.093+0000][1][gc,age       ] GC(110) - age   6:     169824 bytes,     921928 total
[2020-09-11T18:07:19.093+0000][1][gc,heap      ] GC(110) ParNew: 69606K->994K(76672K)
[2020-09-11T18:07:19.093+0000][1][gc,heap      ] GC(110) CMS: 100874K->100883K(439104K)
[2020-09-11T18:07:19.093+0000][1][gc,metaspace ] GC(110) Metaspace: 92086K->92086K(1134592K)
[2020-09-11T18:07:19.094+0000][1][gc           ] GC(110) Pause Young (Allocation Failure) 166M->99M(503M) 8.338ms
[2020-09-11T18:07:19.094+0000][1][gc,cpu       ] GC(110) User=0.00s Sys=0.00s Real=0.01s
[2020-09-11T18:07:19.094+0000][1][safepoint    ] Safepoint "GenCollectForAllocation", Time since last: 520522496 ns, Reaching safepoint: 82036 ns, At safepoint: 8403823 ns, Total: 8485859 ns
[2020-09-11T18:07:19.137+0000][1][safepoint    ] Safepoint "RevokeBias", Time since last: 43753230 ns, Reaching safepoint: 83545 ns, At safepoint: 36068 ns, Total: 119613 ns
[2020-09-11T18:07:20.139+0000][1][safepoint    ] Safepoint "Cleanup", Time since last: 1001545852 ns, Reaching safepoint: 87177 ns, At safepoint: 23438 ns, Total: 110615 ns
[2020-09-11T18:07:20.770+0000][1][safepoint    ] Safepoint "RevokeBias", Time since last: 630724149 ns, Reaching safepoint: 86596 ns, At safepoint: 35919 ns, Total: 122515 ns
[2020-09-11T18:07:21.770+0000][1][safepoint    ] Safepoint "Cleanup", Time since last: 1000105595 ns, Reaching safepoint: 81873 ns, At safepoint: 22475 ns, Total: 104348 ns
[2020-09-11T18:07:22.773+0000][1][safepoint    ] Safepoint "Cleanup", Time since last: 1000350559 ns, Reaching safepoint: 2055608 ns, At safepoint: 143000 ns, Total: 2198608 ns
[2020-09-11T18:07:23.773+0000][1][safepoint    ] Safepoint "Cleanup", Time since last: 1000288866 ns, Reaching safepoint: 81272 ns, At safepoint: 9133 ns, Total: 90405 ns
[2020-09-11T18:07:23.909+0000][1][safepoint    ] Safepoint "RevokeBias", Time since last: 135613487 ns, Reaching safepoint: 147491 ns, At safepoint: 22883 ns, Total: 170374 ns
[2020-09-11T18:07:24.909+0000][1][safepoint    ] Safepoint "Cleanup", Time since last: 1000113905 ns, Reaching safepoint: 86049 ns, At safepoint: 9062 ns, Total: 95111 ns
[2020-09-11T18:07:25.909+0000][1][safepoint    ] Safepoint "Cleanup", Time since last: 1000112141 ns, Reaching safepoint: 82635 ns, At safepoint: 9678 ns, Total: 92313 ns
[2020-09-11T18:07:26.545+0000][1][safepoint    ] Safepoint "RevokeBias", Time since last: 635941813 ns, Reaching safepoint: 91435 ns, At safepoint: 21613 ns, Total: 113048 ns
[2020-09-11T18:07:26.650+0000][1][safepoint    ] Safepoint "RevokeBias", Time since last: 104961013 ns, Reaching safepoint: 76640 ns, At safepoint: 23222 ns, Total: 99862 ns
[2020-09-11T18:07:26.738+0000][1][safepoint    ] Safepoint "RevokeBias", Time since last: 87187689 ns, Reaching safepoint: 72235 ns, At safepoint: 20454 ns, Total: 92689 ns
[2020-09-11T18:07:26.913+0000][1][safepoint    ] Safepoint "RevokeBias", Time since last: 174780042 ns, Reaching safepoint: 91934 ns, At safepoint: 20831 ns, Total: 112765 ns
[2020-09-11T18:07:27.930+0000][1][safepoint    ] Safepoint "Cleanup", Time since last: 1017457491 ns, Reaching safepoint: 79640 ns, At safepoint: 6873 ns, Total: 86513 ns
[2020-09-11T18:07:28.822+0000][1][safepoint    ] Safepoint "BulkRevokeBias", Time since last: 892007088 ns, Reaching safepoint: 97245 ns, At safepoint: 240148 ns, Total: 337393 ns
[2020-09-11T18:07:29.823+0000][1][safepoint    ] Safepoint "Cleanup", Time since last: 1000129548 ns, Reaching safepoint: 82554 ns, At safepoint: 10348 ns, Total: 92902 ns
[2020-09-11T18:07:30.680+0000][1][safepoint    ] Safepoint "RevokeBias", Time since last: 857598622 ns, Reaching safepoint: 164352 ns, At safepoint: 24288 ns, Total: 188640 ns
[2020-09-11T18:07:31.681+0000][1][safepoint    ] Safepoint "Cleanup", Time since last: 1000106157 ns, Reaching safepoint: 80030 ns, At safepoint: 8605 ns, Total: 88635 ns
[2020-09-11T18:07:32.681+0000][1][safepoint    ] Safepoint "Cleanup", Time since last: 1000132835 ns, Reaching safepoint: 82044 ns, At safepoint: 9145 ns, Total: 91189 ns
[2020-09-11T18:07:33.681+0000][1][safepoint    ] Safepoint "Cleanup", Time since last: 1000113327 ns, Reaching safepoint: 82967 ns, At safepoint: 9435 ns, Total: 92402 ns
[2020-09-11T18:07:34.114+0000][1][safepoint    ] Safepoint "RevokeBias", Time since last: 432867197 ns, Reaching safepoint: 74392 ns, At safepoint: 22343 ns, Total: 96735 ns
[2020-09-11T18:07:34.184+0000][1][safepoint    ] Safepoint "RevokeBias", Time since last: 69418889 ns, Reaching safepoint: 162002 ns, At safepoint: 27355 ns, Total: 189357 ns
[2020-09-11T18:07:35.184+0000][1][safepoint    ] Safepoint "Cleanup", Time since last: 1000116421 ns, Reaching safepoint: 85546 ns, At safepoint: 10456 ns, Total: 96002 ns
[2020-09-11T18:07:36.184+0000][1][safepoint    ] Safepoint "Cleanup", Time since last: 1000119401 ns, Reaching safepoint: 81418 ns, At safepoint: 8825 ns, Total: 90243 ns
[2020-09-11T18:07:36.608+0000][1][safepoint    ] Safepoint "RevokeBias", Time since last: 423807976 ns, Reaching safepoint: 90502 ns, At safepoint: 26434 ns, Total: 116936 ns
[2020-09-11T18:07:37.608+0000][1][safepoint    ] Safepoint "Cleanup", Time since last: 1000114272 ns, Reaching safepoint: 90088 ns, At safepoint: 7842 ns, Total: 97930 ns
[2020-09-11T18:07:38.608+0000][1][safepoint    ] Safepoint "Cleanup", Time since last: 1000141913 ns, Reaching safepoint: 135874 ns, At safepoint: 7873 ns, Total: 143747 ns
[2020-09-11T18:07:38.726+0000][1][safepoint    ] Safepoint "RevokeBias", Time since last: 117531803 ns, Reaching safepoint: 84587 ns, At safepoint: 22679 ns, Total: 107266 ns
[2020-09-11T18:07:39.726+0000][1][safepoint    ] Safepoint "Cleanup", Time since last: 1000113355 ns, Reaching safepoint: 103276 ns, At safepoint: 11034 ns, Total: 114310 ns
[2020-09-11T18:07:40.721+0000][1][safepoint    ] Safepoint "RevokeBias", Time since last: 994024812 ns, Reaching safepoint: 161887 ns, At safepoint: 22079 ns, Total: 183966 ns
[2020-09-11T18:07:40.823+0000][1][safepoint    ] Safepoint "RevokeBias", Time since last: 102664734 ns, Reaching safepoint: 76660 ns, At safepoint: 23688 ns, Total: 100348 ns
[2020-09-11T18:07:40.983+0000][1][safepoint    ] Safepoint "RevokeBias", Time since last: 159280772 ns, Reaching safepoint: 72468 ns, At safepoint: 22687 ns, Total: 95155 ns
[2020-09-11T18:07:41.986+0000][1][safepoint    ] Safepoint "Cleanup", Time since last: 1000373569 ns, Reaching safepoint: 3280475 ns, At safepoint: 10407 ns, Total: 3290882 ns
[2020-09-11T18:07:42.920+0000][1][safepoint    ] Safepoint "RevokeBias", Time since last: 933013421 ns, Reaching safepoint: 490597 ns, At safepoint: 47840 ns, Total: 538437 ns
[2020-09-11T18:07:43.921+0000][1][safepoint    ] Safepoint "Cleanup", Time since last: 1000479094 ns, Reaching safepoint: 395290 ns, At safepoint: 11970 ns, Total: 407260 ns
[2020-09-11T18:07:44.921+0000][1][safepoint    ] Safepoint "Cleanup", Time since last: 1000111683 ns, Reaching safepoint: 82491 ns, At safepoint: 8000 ns, Total: 90491 ns
[2020-09-11T18:07:45.921+0000][1][safepoint    ] Safepoint "Cleanup", Time since last: 1000116742 ns, Reaching safepoint: 81598 ns, At safepoint: 9626 ns, Total: 91224 ns
[2020-09-11T18:07:46.067+0000][1][gc,start     ] GC(111) Pause Young (Allocation Failure)
[2020-09-11T18:07:46.068+0000][1][gc,task      ] GC(111) Using 1 workers of 1 for evacuation
[2020-09-11T18:07:46.093+0000][1][gc,age       ] GC(111) Desired survivor size 4358144 bytes, new threshold 6 (max threshold 6)
[2020-09-11T18:07:46.094+0000][1][gc,age       ] GC(111) Age table with threshold 6 (max threshold 6)
[2020-09-11T18:07:46.094+0000][1][gc,age       ] GC(111) - age   1:      90736 bytes,      90736 total
[2020-09-11T18:07:46.094+0000][1][gc,age       ] GC(111) - age   2:     170632 bytes,     261368 total
[2020-09-11T18:07:46.094+0000][1][gc,age       ] GC(111) - age   3:     243120 bytes,     504488 total
[2020-09-11T18:07:46.094+0000][1][gc,age       ] GC(111) - age   4:      86240 bytes,     590728 total
[2020-09-11T18:07:46.094+0000][1][gc,age       ] GC(111) - age   5:      95368 bytes,     686096 total
[2020-09-11T18:07:46.094+0000][1][gc,age       ] GC(111) - age   6:       9808 bytes,     695904 total
[2020-09-11T18:07:46.094+0000][1][gc,heap      ] GC(111) ParNew: 69154K->799K(76672K)
[2020-09-11T18:07:46.094+0000][1][gc,heap      ] GC(111) CMS: 100883K->101049K(439104K)
[2020-09-11T18:07:46.094+0000][1][gc,metaspace ] GC(111) Metaspace: 92115K->92115K(1134592K)
[2020-09-11T18:07:46.094+0000][1][gc           ] GC(111) Pause Young (Allocation Failure) 166M->99M(503M) 26.270ms
[2020-09-11T18:07:46.094+0000][1][gc,cpu       ] GC(111) User=0.00s Sys=0.00s Real=0.03s
[2020-09-11T18:07:46.094+0000][1][safepoint    ] Safepoint "GenCollectForAllocation", Time since last: 145986152 ns, Reaching safepoint: 226939 ns, At safepoint: 26340756 ns, Total: 26567695 ns
[2020-09-11T18:07:46.566+0000][1][safepoint    ] Safepoint "RevokeBias", Time since last: 471798674 ns, Reaching safepoint: 95464 ns, At safepoint: 22681 ns, Total: 118145 ns
[2020-09-11T18:07:47.566+0000][1][safepoint    ] Safepoint "Cleanup", Time since last: 1000113089 ns, Reaching safepoint: 85848 ns, At safepoint: 8902 ns, Total: 94750 ns
[2020-09-11T18:07:48.234+0000][1][safepoint    ] Safepoint "RevokeBias", Time since last: 668397234 ns, Reaching safepoint: 74979 ns, At safepoint: 24005 ns, Total: 98984 ns
[2020-09-11T18:07:48.778+0000][1][safepoint    ] Safepoint "RevokeBias", Time since last: 543137959 ns, Reaching safepoint: 83569 ns, At safepoint: 21356 ns, Total: 104925 ns
[2020-09-11T18:07:49.778+0000][1][safepoint    ] Safepoint "Cleanup", Time since last: 1000104671 ns, Reaching safepoint: 84565 ns, At safepoint: 8497 ns, Total: 93062 ns
[2020-09-11T18:07:50.694+0000][1][safepoint    ] Safepoint "RevokeBias", Time since last: 916004575 ns, Reaching safepoint: 170297 ns, At safepoint: 25852 ns, Total: 196149 ns
[2020-09-11T18:07:51.694+0000][1][safepoint    ] Safepoint "Cleanup", Time since last: 1000110797 ns, Reaching safepoint: 79961 ns, At safepoint: 7201 ns, Total: 87162 ns
[2020-09-11T18:07:52.694+0000][1][safepoint    ] Safepoint "Cleanup", Time since last: 1000114569 ns, Reaching safepoint: 77073 ns, At safepoint: 7419 ns, Total: 84492 ns
[2020-09-11T18:07:53.695+0000][1][safepoint    ] Safepoint "Cleanup", Time since last: 1000113411 ns, Reaching safepoint: 95875 ns, At safepoint: 11695 ns, Total: 107570 ns
[2020-09-11T18:07:54.695+0000][1][safepoint    ] Safepoint "Cleanup", Time since last: 1000115891 ns, Reaching safepoint: 77999 ns, At safepoint: 7056 ns, Total: 85055 ns
[2020-09-11T18:07:55.695+0000][1][safepoint    ] Safepoint "Cleanup", Time since last: 1000113584 ns, Reaching safepoint: 87434 ns, At safepoint: 8011 ns, Total: 95445 ns
[2020-09-11T18:07:56.505+0000][1][safepoint    ] Safepoint "RevokeBias", Time since last: 807048969 ns, Reaching safepoint: 2780223 ns, At safepoint: 31102 ns, Total: 2811325 ns
[2020-09-11T18:07:57.505+0000][1][safepoint    ] Safepoint "Cleanup", Time since last: 1000151841 ns, Reaching safepoint: 82500 ns, At safepoint: 8853 ns, Total: 91353 ns
[2020-09-11T18:07:58.505+0000][1][safepoint    ] Safepoint "Cleanup", Time since last: 1000113058 ns, Reaching safepoint: 80991 ns, At safepoint: 8145 ns, Total: 89136 ns
[2020-09-11T18:07:58.769+0000][1][safepoint    ] Safepoint "RevokeBias", Time since last: 263932802 ns, Reaching safepoint: 96303 ns, At safepoint: 21593 ns, Total: 117896 ns
[2020-09-11T18:08:00.698+0000][1][safepoint    ] Safepoint "RevokeBias", Time since last: 1928540485 ns, Reaching safepoint: 84899 ns, At safepoint: 23206 ns, Total: 108105 ns
[2020-09-11T18:08:05.613+0000][1][gc,start     ] GC(112) Pause Young (Allocation Failure)
[2020-09-11T18:08:05.613+0000][1][gc,task      ] GC(112) Using 1 workers of 1 for evacuation
[2020-09-11T18:08:05.622+0000][1][gc,age       ] GC(112) Desired survivor size 4358144 bytes, new threshold 6 (max threshold 6)
[2020-09-11T18:08:05.622+0000][1][gc,age       ] GC(112) Age table with threshold 6 (max threshold 6)
[2020-09-11T18:08:05.622+0000][1][gc,age       ] GC(112) - age   1:     154536 bytes,     154536 total
[2020-09-11T18:08:05.622+0000][1][gc,age       ] GC(112) - age   2:      24208 bytes,     178744 total
[2020-09-11T18:08:05.622+0000][1][gc,age       ] GC(112) - age   3:     170168 bytes,     348912 total
[2020-09-11T18:08:05.622+0000][1][gc,age       ] GC(112) - age   4:     215544 bytes,     564456 total
[2020-09-11T18:08:05.622+0000][1][gc,age       ] GC(112) - age   5:      40624 bytes,     605080 total
[2020-09-11T18:08:05.622+0000][1][gc,age       ] GC(112) - age   6:      95368 bytes,     700448 total
[2020-09-11T18:08:05.622+0000][1][gc,heap      ] GC(112) ParNew: 68959K->709K(76672K)
[2020-09-11T18:08:05.622+0000][1][gc,heap      ] GC(112) CMS: 101049K->101059K(439104K)
[2020-09-11T18:08:05.622+0000][1][gc,metaspace ] GC(112) Metaspace: 92151K->92151K(1134592K)
[2020-09-11T18:08:05.622+0000][1][gc           ] GC(112) Pause Young (Allocation Failure) 166M->99M(503M) 8.954ms
[2020-09-11T18:08:05.622+0000][1][gc,cpu       ] GC(112) User=0.00s Sys=0.01s Real=0.02s
[2020-09-11T18:08:05.622+0000][1][safepoint    ] Safepoint "GenCollectForAllocation", Time since last: 4914523327 ns, Reaching safepoint: 83428 ns, At safepoint: 9023392 ns, Total: 9106820 ns
[2020-09-11T18:08:06.507+0000][1][safepoint    ] Safepoint "RevokeBias", Time since last: 884689587 ns, Reaching safepoint: 91918 ns, At safepoint: 33738 ns, Total: 125656 ns
[2020-09-11T18:08:08.515+0000][1][safepoint    ] Safepoint "Cleanup", Time since last: 2008602554 ns, Reaching safepoint: 111254 ns, At safepoint: 8912 ns, Total: 120166 ns
[2020-09-11T18:08:08.832+0000][1][safepoint    ] Safepoint "RevokeBias", Time since last: 316403601 ns, Reaching safepoint: 84606 ns, At safepoint: 22605 ns, Total: 107211 ns
[2020-09-11T18:08:10.706+0000][1][safepoint    ] Safepoint "RevokeBias", Time since last: 1874436607 ns, Reaching safepoint: 164811 ns, At safepoint: 26225 ns, Total: 191036 ns
[2020-09-11T18:08:11.707+0000][1][safepoint    ] Safepoint "Cleanup", Time since last: 1000118005 ns, Reaching safepoint: 81954 ns, At safepoint: 7297 ns, Total: 89251 ns
[2020-09-11T18:08:14.707+0000][1][safepoint    ] Safepoint "Cleanup", Time since last: 3000271130 ns, Reaching safepoint: 91466 ns, At safepoint: 9291 ns, Total: 100757 ns
[2020-09-11T18:08:16.510+0000][1][safepoint    ] Safepoint "RevokeBias", Time since last: 1803103772 ns, Reaching safepoint: 100609 ns, At safepoint: 23191 ns, Total: 123800 ns
[2020-09-11T18:08:17.510+0000][1][safepoint    ] Safepoint "Cleanup", Time since last: 1000112781 ns, Reaching safepoint: 97953 ns, At safepoint: 10029 ns, Total: 107982 ns
[2020-09-11T18:08:18.716+0000][1][safepoint    ] Safepoint "RevokeBias", Time since last: 1205078021 ns, Reaching safepoint: 85435 ns, At safepoint: 22488 ns, Total: 107923 ns
[2020-09-11T18:08:20.721+0000][1][safepoint    ] Safepoint "RevokeBias", Time since last: 2005429776 ns, Reaching safepoint: 157172 ns, At safepoint: 23154 ns, Total: 180326 ns
[2020-09-11T18:08:24.722+0000][1][safepoint    ] Safepoint "Cleanup", Time since last: 4000349783 ns, Reaching safepoint: 87561 ns, At safepoint: 9426 ns, Total: 96987 ns
[2020-09-11T18:08:26.485+0000][1][gc,start     ] GC(113) Pause Young (Allocation Failure)
[2020-09-11T18:08:26.485+0000][1][gc,task      ] GC(113) Using 1 workers of 1 for evacuation
[2020-09-11T18:08:26.490+0000][1][gc,age       ] GC(113) Desired survivor size 4358144 bytes, new threshold 6 (max threshold 6)
[2020-09-11T18:08:26.490+0000][1][gc,age       ] GC(113) Age table with threshold 6 (max threshold 6)
[2020-09-11T18:08:26.490+0000][1][gc,age       ] GC(113) - age   1:     408024 bytes,     408024 total
[2020-09-11T18:08:26.490+0000][1][gc,age       ] GC(113) - age   2:     104280 bytes,     512304 total
[2020-09-11T18:08:26.490+0000][1][gc,age       ] GC(113) - age   3:      22120 bytes,     534424 total
[2020-09-11T18:08:26.490+0000][1][gc,age       ] GC(113) - age   4:      90368 bytes,     624792 total
[2020-09-11T18:08:26.490+0000][1][gc,age       ] GC(113) - age   5:       7640 bytes,     632432 total
[2020-09-11T18:08:26.490+0000][1][gc,age       ] GC(113) - age   6:      40624 bytes,     673056 total
[2020-09-11T18:08:26.490+0000][1][gc,heap      ] GC(113) ParNew: 68869K->690K(76672K)
[2020-09-11T18:08:26.490+0000][1][gc,heap      ] GC(113) CMS: 101059K->101152K(439104K)
[2020-09-11T18:08:26.490+0000][1][gc,metaspace ] GC(113) Metaspace: 92201K->92201K(1134592K)
[2020-09-11T18:08:26.490+0000][1][gc           ] GC(113) Pause Young (Allocation Failure) 165M->99M(503M) 5.048ms
[2020-09-11T18:08:26.490+0000][1][gc,cpu       ] GC(113) User=0.00s Sys=0.00s Real=0.00s
[2020-09-11T18:08:26.490+0000][1][safepoint    ] Safepoint "GenCollectForAllocation", Time since last: 1759160694 ns, Reaching safepoint: 4057120 ns, At safepoint: 5142951 ns, Total: 9200071 ns
[2020-09-11T18:08:26.603+0000][1][safepoint    ] Safepoint "RevokeBias", Time since last: 113229621 ns, Reaching safepoint: 96820 ns, At safepoint: 38715 ns, Total: 135535 ns
[2020-09-11T18:08:28.642+0000][1][safepoint    ] Safepoint "RevokeBias", Time since last: 2038617575 ns, Reaching safepoint: 86539 ns, At safepoint: 21980 ns, Total: 108519 ns
[2020-09-11T18:08:30.682+0000][1][safepoint    ] Safepoint "RevokeBias", Time since last: 2039646531 ns, Reaching safepoint: 86311 ns, At safepoint: 21810 ns, Total: 108121 ns
[2020-09-11T18:08:32.682+0000][1][safepoint    ] Safepoint "Cleanup", Time since last: 2000183827 ns, Reaching safepoint: 82423 ns, At safepoint: 8536 ns, Total: 90959 ns
[2020-09-11T18:08:34.682+0000][1][safepoint    ] Safepoint "Cleanup", Time since last: 2000187106 ns, Reaching safepoint: 86580 ns, At safepoint: 9274 ns, Total: 95854 ns
[2020-09-11T18:08:35.683+0000][1][safepoint    ] Safepoint "Cleanup", Time since last: 1000111602 ns, Reaching safepoint: 85123 ns, At safepoint: 9047 ns, Total: 94170 ns
[2020-09-11T18:08:36.508+0000][1][safepoint    ] Safepoint "RevokeBias", Time since last: 825015901 ns, Reaching safepoint: 90305 ns, At safepoint: 25296 ns, Total: 115601 ns
[2020-09-11T18:08:37.508+0000][1][safepoint    ] Safepoint "Cleanup", Time since last: 1000113049 ns, Reaching safepoint: 81288 ns, At safepoint: 9752 ns, Total: 91040 ns
[2020-09-11T18:08:38.508+0000][1][safepoint    ] Safepoint "Cleanup", Time since last: 1000115918 ns, Reaching safepoint: 89633 ns, At safepoint: 9722 ns, Total: 99355 ns
[2020-09-11T18:08:38.686+0000][1][safepoint    ] Safepoint "RevokeBias", Time since last: 177882577 ns, Reaching safepoint: 105682 ns, At safepoint: 28147 ns, Total: 133829 ns
[2020-09-11T18:08:39.686+0000][1][safepoint    ] Safepoint "Cleanup", Time since last: 1000130203 ns, Reaching safepoint: 80927 ns, At safepoint: 9262 ns, Total: 90189 ns
[2020-09-11T18:08:40.687+0000][1][safepoint    ] Safepoint "Cleanup", Time since last: 1000181262 ns, Reaching safepoint: 100169 ns, At safepoint: 8537 ns, Total: 108706 ns
[2020-09-11T18:08:40.687+0000][1][safepoint    ] Safepoint "RevokeBias", Time since last: 392282 ns, Reaching safepoint: 180584 ns, At safepoint: 28763 ns, Total: 209347 ns
[2020-09-11T18:08:41.688+0000][1][safepoint    ] Safepoint "Cleanup", Time since last: 1000165365 ns, Reaching safepoint: 140105 ns, At safepoint: 19876 ns, Total: 159981 ns
[2020-09-11T18:08:42.688+0000][1][safepoint    ] Safepoint "Cleanup", Time since last: 1000130149 ns, Reaching safepoint: 79697 ns, At safepoint: 8939 ns, Total: 88636 ns
[2020-09-11T18:08:43.688+0000][1][safepoint    ] Safepoint "Cleanup", Time since last: 1000138050 ns, Reaching safepoint: 115469 ns, At safepoint: 11163 ns, Total: 126632 ns
[2020-09-11T18:08:44.688+0000][1][safepoint    ] Safepoint "Cleanup", Time since last: 1000143397 ns, Reaching safepoint: 79525 ns, At safepoint: 7453 ns, Total: 86978 ns
[2020-09-11T18:08:45.689+0000][1][safepoint    ] Safepoint "Cleanup", Time since last: 1000130696 ns, Reaching safepoint: 85693 ns, At safepoint: 10310 ns, Total: 96003 ns
[2020-09-11T18:08:46.508+0000][1][safepoint    ] Safepoint "RevokeBias", Time since last: 819693369 ns, Reaching safepoint: 89297 ns, At safepoint: 24406 ns, Total: 113703 ns
[2020-09-11T18:08:47.509+0000][1][safepoint    ] Safepoint "Cleanup", Time since last: 1000111371 ns, Reaching safepoint: 84484 ns, At safepoint: 9803 ns, Total: 94287 ns
[2020-09-11T18:08:48.323+0000][1][gc,start     ] GC(114) Pause Young (Allocation Failure)
[2020-09-11T18:08:48.323+0000][1][gc,task      ] GC(114) Using 1 workers of 1 for evacuation
[2020-09-11T18:08:48.332+0000][1][gc,age       ] GC(114) Desired survivor size 4358144 bytes, new threshold 6 (max threshold 6)
[2020-09-11T18:08:48.332+0000][1][gc,age       ] GC(114) Age table with threshold 6 (max threshold 6)
[2020-09-11T18:08:48.332+0000][1][gc,age       ] GC(114) - age   1:     207544 bytes,     207544 total
[2020-09-11T18:08:48.332+0000][1][gc,age       ] GC(114) - age   2:     332144 bytes,     539688 total
[2020-09-11T18:08:48.332+0000][1][gc,age       ] GC(114) - age   3:     100336 bytes,     640024 total
[2020-09-11T18:08:48.332+0000][1][gc,age       ] GC(114) - age   4:      21808 bytes,     661832 total
[2020-09-11T18:08:48.332+0000][1][gc,age       ] GC(114) - age   5:      36320 bytes,     698152 total
[2020-09-11T18:08:48.332+0000][1][gc,age       ] GC(114) - age   6:       7328 bytes,     705480 total
[2020-09-11T18:08:48.332+0000][1][gc,heap      ] GC(114) ParNew: 68850K->1331K(76672K)
[2020-09-11T18:08:48.332+0000][1][gc,heap      ] GC(114) CMS: 101152K->101192K(439104K)
[2020-09-11T18:08:48.332+0000][1][gc,metaspace ] GC(114) Metaspace: 92214K->92214K(1134592K)
[2020-09-11T18:08:48.332+0000][1][gc           ] GC(114) Pause Young (Allocation Failure) 166M->100M(503M) 8.804ms
[2020-09-11T18:08:48.332+0000][1][gc,cpu       ] GC(114) User=0.01s Sys=0.00s Real=0.00s
[2020-09-11T18:08:48.337+0000][1][safepoint    ] Safepoint "GenCollectForAllocation", Time since last: 810549753 ns, Reaching safepoint: 3742561 ns, At safepoint: 13976058 ns, Total: 17718619 ns
[2020-09-11T18:08:48.636+0000][1][safepoint    ] Safepoint "RevokeBias", Time since last: 299412010 ns, Reaching safepoint: 88994 ns, At safepoint: 23663 ns, Total: 112657 ns
[2020-09-11T18:08:49.637+0000][1][safepoint    ] Safepoint "Cleanup", Time since last: 1000121032 ns, Reaching safepoint: 80541 ns, At safepoint: 9166 ns, Total: 89707 ns
[2020-09-11T18:08:50.637+0000][1][safepoint    ] Safepoint "Cleanup", Time since last: 1000119521 ns, Reaching safepoint: 102773 ns, At safepoint: 8421 ns, Total: 111194 ns
[2020-09-11T18:08:50.695+0000][1][safepoint    ] Safepoint "RevokeBias", Time since last: 57693686 ns, Reaching safepoint: 162425 ns, At safepoint: 23204 ns, Total: 185629 ns
[2020-09-11T18:08:51.695+0000][1][safepoint    ] Safepoint "Cleanup", Time since last: 1000103750 ns, Reaching safepoint: 82675 ns, At safepoint: 7350 ns, Total: 90025 ns
[2020-09-11T18:08:52.695+0000][1][safepoint    ] Safepoint "Cleanup", Time since last: 1000110040 ns, Reaching safepoint: 86000 ns, At safepoint: 8273 ns, Total: 94273 ns
[2020-09-11T18:08:53.695+0000][1][safepoint    ] Safepoint "Cleanup", Time since last: 1000103867 ns, Reaching safepoint: 82538 ns, At safepoint: 8980 ns, Total: 91518 ns
[2020-09-11T18:08:54.695+0000][1][safepoint    ] Safepoint "Cleanup", Time since last: 1000110948 ns, Reaching safepoint: 86171 ns, At safepoint: 7418 ns, Total: 93589 ns
[2020-09-11T18:08:55.696+0000][1][safepoint    ] Safepoint "Cleanup", Time since last: 1000114389 ns, Reaching safepoint: 81257 ns, At safepoint: 9008 ns, Total: 90265 ns
[2020-09-11T18:08:56.494+0000][1][safepoint    ] Safepoint "RevokeBias", Time since last: 798432653 ns, Reaching safepoint: 83644 ns, At safepoint: 22297 ns, Total: 105941 ns
[2020-09-11T18:08:57.494+0000][1][safepoint    ] Safepoint "Cleanup", Time since last: 1000118189 ns, Reaching safepoint: 81648 ns, At safepoint: 9074 ns, Total: 90722 ns
[2020-09-11T18:08:58.497+0000][1][safepoint    ] Safepoint "Cleanup", Time since last: 1002616421 ns, Reaching safepoint: 72378 ns, At safepoint: 5770 ns, Total: 78148 ns
[2020-09-11T18:08:58.906+0000][1][safepoint    ] Safepoint "BulkRevokeBias", Time since last: 408941789 ns, Reaching safepoint: 158585 ns, At safepoint: 216526 ns, Total: 375111 ns
[2020-09-11T18:08:59.907+0000][1][safepoint    ] Safepoint "Cleanup", Time since last: 1000114248 ns, Reaching safepoint: 84630 ns, At safepoint: 7355 ns, Total: 91985 ns
[2020-09-11T18:09:00.682+0000][1][safepoint    ] Safepoint "RevokeBias", Time since last: 775270215 ns, Reaching safepoint: 167949 ns, At safepoint: 26458 ns, Total: 194407 ns
[2020-09-11T18:09:01.682+0000][1][safepoint    ] Safepoint "Cleanup", Time since last: 1000109473 ns, Reaching safepoint: 77101 ns, At safepoint: 8530 ns, Total: 85631 ns
[2020-09-11T18:09:02.683+0000][1][safepoint    ] Safepoint "Cleanup", Time since last: 1000107617 ns, Reaching safepoint: 82281 ns, At safepoint: 9519 ns, Total: 91800 ns
[2020-09-11T18:09:03.683+0000][1][safepoint    ] Safepoint "Cleanup", Time since last: 1000110815 ns, Reaching safepoint: 78683 ns, At safepoint: 8977 ns, Total: 87660 ns
[2020-09-11T18:09:04.683+0000][1][safepoint    ] Safepoint "Cleanup", Time since last: 1000112683 ns, Reaching safepoint: 80247 ns, At safepoint: 9094 ns, Total: 89341 ns
[2020-09-11T18:09:05.683+0000][1][safepoint    ] Safepoint "Cleanup", Time since last: 1000099618 ns, Reaching safepoint: 78706 ns, At safepoint: 6918 ns, Total: 85624 ns
[2020-09-11T18:09:06.554+0000][1][safepoint    ] Safepoint "RevokeBias", Time since last: 870319294 ns, Reaching safepoint: 94948 ns, At safepoint: 26066 ns, Total: 121014 ns
[2020-09-11T18:09:07.554+0000][1][safepoint    ] Safepoint "Cleanup", Time since last: 1000122293 ns, Reaching safepoint: 88240 ns, At safepoint: 9325 ns, Total: 97565 ns
[2020-09-11T18:09:08.554+0000][1][safepoint    ] Safepoint "Cleanup", Time since last: 1000114308 ns, Reaching safepoint: 78779 ns, At safepoint: 6646 ns, Total: 85425 ns
[2020-09-11T18:09:08.621+0000][1][gc,start     ] GC(115) Pause Young (Allocation Failure)
[2020-09-11T18:09:08.621+0000][1][gc,task      ] GC(115) Using 1 workers of 1 for evacuation
[2020-09-11T18:09:08.634+0000][1][gc,age       ] GC(115) Desired survivor size 4358144 bytes, new threshold 6 (max threshold 6)
[2020-09-11T18:09:08.634+0000][1][gc,age       ] GC(115) Age table with threshold 6 (max threshold 6)
[2020-09-11T18:09:08.634+0000][1][gc,age       ] GC(115) - age   1:     388760 bytes,     388760 total
[2020-09-11T18:09:08.634+0000][1][gc,age       ] GC(115) - age   2:      73152 bytes,     461912 total
[2020-09-11T18:09:08.634+0000][1][gc,age       ] GC(115) - age   3:     330632 bytes,     792544 total
[2020-09-11T18:09:08.634+0000][1][gc,age       ] GC(115) - age   4:      95608 bytes,     888152 total
[2020-09-11T18:09:08.634+0000][1][gc,age       ] GC(115) - age   5:      18136 bytes,     906288 total
[2020-09-11T18:09:08.634+0000][1][gc,age       ] GC(115) - age   6:       7528 bytes,     913816 total
[2020-09-11T18:09:08.634+0000][1][gc,heap      ] GC(115) ParNew: 69491K->1274K(76672K)
[2020-09-11T18:09:08.634+0000][1][gc,heap      ] GC(115) CMS: 101192K->101199K(439104K)
[2020-09-11T18:09:08.634+0000][1][gc,metaspace ] GC(115) Metaspace: 92260K->92260K(1134592K)
[2020-09-11T18:09:08.634+0000][1][gc           ] GC(115) Pause Young (Allocation Failure) 166M->100M(503M) 13.317ms
[2020-09-11T18:09:08.634+0000][1][gc,cpu       ] GC(115) User=0.01s Sys=0.00s Real=0.01s
[2020-09-11T18:09:08.649+0000][1][safepoint    ] Safepoint "GenCollectForAllocation", Time since last: 62866950 ns, Reaching safepoint: 4118547 ns, At safepoint: 27832109 ns, Total: 31950656 ns
[2020-09-11T18:09:08.754+0000][1][safepoint    ] Safepoint "RevokeBias", Time since last: 104608604 ns, Reaching safepoint: 84024 ns, At safepoint: 36077 ns, Total: 120101 ns
[2020-09-11T18:09:09.756+0000][1][safepoint    ] Safepoint "Cleanup", Time since last: 1002185699 ns, Reaching safepoint: 85164 ns, At safepoint: 25306 ns, Total: 110470 ns
[2020-09-11T18:09:10.725+0000][1][safepoint    ] Safepoint "RevokeBias", Time since last: 968744454 ns, Reaching safepoint: 85148 ns, At safepoint: 21927 ns, Total: 107075 ns
[2020-09-11T18:09:11.725+0000][1][safepoint    ] Safepoint "Cleanup", Time since last: 1000202910 ns, Reaching safepoint: 95316 ns, At safepoint: 7471 ns, Total: 102787 ns
[2020-09-11T18:09:12.725+0000][1][safepoint    ] Safepoint "Cleanup", Time since last: 1000107533 ns, Reaching safepoint: 80381 ns, At safepoint: 9139 ns, Total: 89520 ns
[2020-09-11T18:09:13.725+0000][1][safepoint    ] Safepoint "Cleanup", Time since last: 1000113808 ns, Reaching safepoint: 81376 ns, At safepoint: 8747 ns, Total: 90123 ns
[2020-09-11T18:09:14.726+0000][1][safepoint    ] Safepoint "Cleanup", Time since last: 1000113645 ns, Reaching safepoint: 99142 ns, At safepoint: 7118 ns, Total: 106260 ns
[2020-09-11T18:09:15.726+0000][1][safepoint    ] Safepoint "Cleanup", Time since last: 1000105973 ns, Reaching safepoint: 103785 ns, At safepoint: 10167 ns, Total: 113952 ns
[2020-09-11T18:09:16.523+0000][1][safepoint    ] Safepoint "RevokeBias", Time since last: 796687382 ns, Reaching safepoint: 94960 ns, At safepoint: 24607 ns, Total: 119567 ns
[2020-09-11T18:09:17.523+0000][1][safepoint    ] Safepoint "Cleanup", Time since last: 1000108799 ns, Reaching safepoint: 87785 ns, At safepoint: 9889 ns, Total: 97674 ns
[2020-09-11T18:09:18.523+0000][1][safepoint    ] Safepoint "Cleanup", Time since last: 1000120972 ns, Reaching safepoint: 89731 ns, At safepoint: 11379 ns, Total: 101110 ns
[2020-09-11T18:09:18.602+0000][1][safepoint    ] Safepoint "RevokeBias", Time since last: 78805446 ns, Reaching safepoint: 80869 ns, At safepoint: 21366 ns, Total: 102235 ns
[2020-09-11T18:09:19.602+0000][1][safepoint    ] Safepoint "Cleanup", Time since last: 1000111124 ns, Reaching safepoint: 84398 ns, At safepoint: 10256 ns, Total: 94654 ns
[2020-09-11T18:09:20.602+0000][1][safepoint    ] Safepoint "Cleanup", Time since last: 1000113786 ns, Reaching safepoint: 82409 ns, At safepoint: 8398 ns, Total: 90807 ns
[2020-09-11T18:09:20.737+0000][1][safepoint    ] Safepoint "RevokeBias", Time since last: 134687806 ns, Reaching safepoint: 83457 ns, At safepoint: 22585 ns, Total: 106042 ns
[2020-09-11T18:09:21.737+0000][1][safepoint    ] Safepoint "Cleanup", Time since last: 1000113381 ns, Reaching safepoint: 80876 ns, At safepoint: 9116 ns, Total: 89992 ns
[2020-09-11T18:09:22.738+0000][1][safepoint    ] Safepoint "Cleanup", Time since last: 1000116064 ns, Reaching safepoint: 80329 ns, At safepoint: 8652 ns, Total: 88981 ns
[2020-09-11T18:09:23.738+0000][1][safepoint    ] Safepoint "Cleanup", Time since last: 1000112583 ns, Reaching safepoint: 82979 ns, At safepoint: 9579 ns, Total: 92558 ns
[2020-09-11T18:09:24.738+0000][1][safepoint    ] Safepoint "Cleanup", Time since last: 1000110514 ns, Reaching safepoint: 78809 ns, At safepoint: 6905 ns, Total: 85714 ns
[2020-09-11T18:09:25.738+0000][1][safepoint    ] Safepoint "Cleanup", Time since last: 1000122409 ns, Reaching safepoint: 84461 ns, At safepoint: 8938 ns, Total: 93399 ns
[2020-09-11T18:09:26.506+0000][1][safepoint    ] Safepoint "RevokeBias", Time since last: 767776029 ns, Reaching safepoint: 101721 ns, At safepoint: 22834 ns, Total: 124555 ns
[2020-09-11T18:09:27.506+0000][1][safepoint    ] Safepoint "Cleanup", Time since last: 1000117136 ns, Reaching safepoint: 79696 ns, At safepoint: 6969 ns, Total: 86665 ns
[2020-09-11T18:09:28.506+0000][1][safepoint    ] Safepoint "Cleanup", Time since last: 1000103872 ns, Reaching safepoint: 82796 ns, At safepoint: 7009 ns, Total: 89805 ns
[2020-09-11T18:09:28.510+0000][1][gc,start     ] GC(116) Pause Young (Allocation Failure)
[2020-09-11T18:09:28.510+0000][1][gc,task      ] GC(116) Using 1 workers of 1 for evacuation
[2020-09-11T18:09:28.526+0000][1][gc,age       ] GC(116) Desired survivor size 4358144 bytes, new threshold 6 (max threshold 6)
[2020-09-11T18:09:28.526+0000][1][gc,age       ] GC(116) Age table with threshold 6 (max threshold 6)
[2020-09-11T18:09:28.526+0000][1][gc,age       ] GC(116) - age   1:     142264 bytes,     142264 total
[2020-09-11T18:09:28.526+0000][1][gc,age       ] GC(116) - age   2:     118456 bytes,     260720 total
[2020-09-11T18:09:28.526+0000][1][gc,age       ] GC(116) - age   3:      70512 bytes,     331232 total
[2020-09-11T18:09:28.526+0000][1][gc,age       ] GC(116) - age   4:     330568 bytes,     661800 total
[2020-09-11T18:09:28.526+0000][1][gc,age       ] GC(116) - age   5:      56184 bytes,     717984 total
[2020-09-11T18:09:28.526+0000][1][gc,age       ] GC(116) - age   6:      12824 bytes,     730808 total
[2020-09-11T18:09:28.526+0000][1][gc,heap      ] GC(116) ParNew: 69434K->775K(76672K)
[2020-09-11T18:09:28.526+0000][1][gc,heap      ] GC(116) CMS: 101199K->101206K(439104K)
[2020-09-11T18:09:28.526+0000][1][gc,metaspace ] GC(116) Metaspace: 92278K->92278K(1134592K)
[2020-09-11T18:09:28.526+0000][1][gc           ] GC(116) Pause Young (Allocation Failure) 166M->99M(503M) 16.763ms
[2020-09-11T18:09:28.526+0000][1][gc,cpu       ] GC(116) User=0.00s Sys=0.00s Real=0.02s
[2020-09-11T18:09:28.527+0000][1][safepoint    ] Safepoint "GenCollectForAllocation", Time since last: 3105594 ns, Reaching safepoint: 126866 ns, At safepoint: 16876172 ns, Total: 17003038 ns
[2020-09-11T18:09:28.899+0000][1][safepoint    ] Safepoint "RevokeBias", Time since last: 372725267 ns, Reaching safepoint: 84506 ns, At safepoint: 24838 ns, Total: 109344 ns
[2020-09-11T18:09:29.900+0000][1][safepoint    ] Safepoint "Cleanup", Time since last: 1000113935 ns, Reaching safepoint: 81362 ns, At safepoint: 8520 ns, Total: 89882 ns
[2020-09-11T18:09:30.703+0000][1][safepoint    ] Safepoint "RevokeBias", Time since last: 802725799 ns, Reaching safepoint: 160328 ns, At safepoint: 22803 ns, Total: 183131 ns
[2020-09-11T18:09:31.703+0000][1][safepoint    ] Safepoint "Cleanup", Time since last: 1000105227 ns, Reaching safepoint: 85339 ns, At safepoint: 9467 ns, Total: 94806 ns
[2020-09-11T18:09:32.703+0000][1][safepoint    ] Safepoint "Cleanup", Time since last: 1000117854 ns, Reaching safepoint: 77378 ns, At safepoint: 6840 ns, Total: 84218 ns
[2020-09-11T18:09:33.703+0000][1][safepoint    ] Safepoint "Cleanup", Time since last: 1000117365 ns, Reaching safepoint: 79806 ns, At safepoint: 9797 ns, Total: 89603 ns
[2020-09-11T18:09:34.703+0000][1][safepoint    ] Safepoint "Cleanup", Time since last: 1000115816 ns, Reaching safepoint: 83702 ns, At safepoint: 9675 ns, Total: 93377 ns
[2020-09-11T18:09:35.704+0000][1][safepoint    ] Safepoint "Cleanup", Time since last: 1000126865 ns, Reaching safepoint: 86957 ns, At safepoint: 9335 ns, Total: 96292 ns
[2020-09-11T18:09:36.512+0000][1][safepoint    ] Safepoint "RevokeBias", Time since last: 808086198 ns, Reaching safepoint: 92131 ns, At safepoint: 23610 ns, Total: 115741 ns
[2020-09-11T18:09:37.512+0000][1][safepoint    ] Safepoint "Cleanup", Time since last: 1000114208 ns, Reaching safepoint: 83580 ns, At safepoint: 10623 ns, Total: 94203 ns
[2020-09-11T18:09:38.512+0000][1][safepoint    ] Safepoint "Cleanup", Time since last: 1000125067 ns, Reaching safepoint: 86218 ns, At safepoint: 7448 ns, Total: 93666 ns
[2020-09-11T18:09:38.634+0000][1][safepoint    ] Safepoint "RevokeBias", Time since last: 121851720 ns, Reaching safepoint: 91819 ns, At safepoint: 22164 ns, Total: 113983 ns
[2020-09-11T18:09:39.634+0000][1][safepoint    ] Safepoint "Cleanup", Time since last: 1000108145 ns, Reaching safepoint: 83486 ns, At safepoint: 9173 ns, Total: 92659 ns
[2020-09-11T18:09:40.635+0000][1][safepoint    ] Safepoint "Cleanup", Time since last: 1000116362 ns, Reaching safepoint: 82403 ns, At safepoint: 9644 ns, Total: 92047 ns
[2020-09-11T18:09:40.693+0000][1][safepoint    ] Safepoint "RevokeBias", Time since last: 58146065 ns, Reaching safepoint: 283332 ns, At safepoint: 23862 ns, Total: 307194 ns
[2020-09-11T18:09:41.693+0000][1][safepoint    ] Safepoint "Cleanup", Time since last: 1000107718 ns, Reaching safepoint: 80758 ns, At safepoint: 8965 ns, Total: 89723 ns
[2020-09-11T18:09:42.693+0000][1][safepoint    ] Safepoint "Cleanup", Time since last: 1000128470 ns, Reaching safepoint: 76371 ns, At safepoint: 6839 ns, Total: 83210 ns
[2020-09-11T18:09:43.694+0000][1][safepoint    ] Safepoint "Cleanup", Time since last: 1000109257 ns, Reaching safepoint: 81712 ns, At safepoint: 8579 ns, Total: 90291 ns
[2020-09-11T18:09:44.694+0000][1][safepoint    ] Safepoint "Cleanup", Time since last: 1000110120 ns, Reaching safepoint: 85789 ns, At safepoint: 8538 ns, Total: 94327 ns
[2020-09-11T18:09:45.694+0000][1][safepoint    ] Safepoint "Cleanup", Time since last: 1000108273 ns, Reaching safepoint: 77839 ns, At safepoint: 8762 ns, Total: 86601 ns
[2020-09-11T18:09:46.510+0000][1][safepoint    ] Safepoint "RevokeBias", Time since last: 815982349 ns, Reaching safepoint: 86670 ns, At safepoint: 21392 ns, Total: 108062 ns
[2020-09-11T18:09:47.510+0000][1][safepoint    ] Safepoint "Cleanup", Time since last: 1000118837 ns, Reaching safepoint: 80140 ns, At safepoint: 7032 ns, Total: 87172 ns
[2020-09-11T18:09:48.513+0000][1][safepoint    ] Safepoint "Cleanup", Time since last: 1002486883 ns, Reaching safepoint: 105174 ns, At safepoint: 7702 ns, Total: 112876 ns
[2020-09-11T18:09:48.517+0000][1][gc,start     ] GC(117) Pause Young (Allocation Failure)
[2020-09-11T18:09:48.517+0000][1][gc,task      ] GC(117) Using 1 workers of 1 for evacuation
[2020-09-11T18:09:48.531+0000][1][gc,age       ] GC(117) Desired survivor size 4358144 bytes, new threshold 6 (max threshold 6)
[2020-09-11T18:09:48.531+0000][1][gc,age       ] GC(117) Age table with threshold 6 (max threshold 6)
[2020-09-11T18:09:48.531+0000][1][gc,age       ] GC(117) - age   1:     485248 bytes,     485248 total
[2020-09-11T18:09:48.531+0000][1][gc,age       ] GC(117) - age   2:      92608 bytes,     577856 total
[2020-09-11T18:09:48.531+0000][1][gc,age       ] GC(117) - age   3:     116576 bytes,     694432 total
[2020-09-11T18:09:48.531+0000][1][gc,age       ] GC(117) - age   4:      69648 bytes,     764080 total
[2020-09-11T18:09:48.531+0000][1][gc,age       ] GC(117) - age   5:      14072 bytes,     778152 total
[2020-09-11T18:09:48.531+0000][1][gc,age       ] GC(117) - age   6:      17000 bytes,     795152 total
[2020-09-11T18:09:48.531+0000][1][gc,heap      ] GC(117) ParNew: 68935K->1458K(76672K)
[2020-09-11T18:09:48.531+0000][1][gc,heap      ] GC(117) CMS: 101206K->101219K(439104K)
[2020-09-11T18:09:48.531+0000][1][gc,metaspace ] GC(117) Metaspace: 92291K->92291K(1134592K)
[2020-09-11T18:09:48.531+0000][1][gc           ] GC(117) Pause Young (Allocation Failure) 166M->100M(503M) 14.063ms
[2020-09-11T18:09:48.531+0000][1][gc,cpu       ] GC(117) User=0.00s Sys=0.00s Real=0.01s
[2020-09-11T18:09:48.531+0000][1][safepoint    ] Safepoint "GenCollectForAllocation", Time since last: 2259393 ns, Reaching safepoint: 1641552 ns, At safepoint: 14127899 ns, Total: 15769451 ns
[2020-09-11T18:09:48.702+0000][1][safepoint    ] Safepoint "RevokeBias", Time since last: 170374860 ns, Reaching safepoint: 171372 ns, At safepoint: 23554 ns, Total: 194926 ns
[2020-09-11T18:09:50.702+0000][1][safepoint    ] Safepoint "Cleanup", Time since last: 2000174593 ns, Reaching safepoint: 137164 ns, At safepoint: 8383 ns, Total: 145547 ns
[2020-09-11T18:09:50.712+0000][1][safepoint    ] Safepoint "RevokeBias", Time since last: 9994514 ns, Reaching safepoint: 162216 ns, At safepoint: 24680 ns, Total: 186896 ns
[2020-09-11T18:09:52.712+0000][1][safepoint    ] Safepoint "Cleanup", Time since last: 2000213845 ns, Reaching safepoint: 84962 ns, At safepoint: 9417 ns, Total: 94379 ns
[2020-09-11T18:09:56.508+0000][1][safepoint    ] Safepoint "RevokeBias", Time since last: 3795225788 ns, Reaching safepoint: 93248 ns, At safepoint: 21931 ns, Total: 115179 ns
[2020-09-11T18:09:57.508+0000][1][safepoint    ] Safepoint "Cleanup", Time since last: 1000111736 ns, Reaching safepoint: 85379 ns, At safepoint: 9418 ns, Total: 94797 ns
[2020-09-11T18:09:58.508+0000][1][safepoint    ] Safepoint "Cleanup", Time since last: 1000120387 ns, Reaching safepoint: 159637 ns, At safepoint: 7181 ns, Total: 166818 ns
[2020-09-11T18:09:58.673+0000][1][safepoint    ] Safepoint "RevokeBias", Time since last: 164878448 ns, Reaching safepoint: 80232 ns, At safepoint: 21143 ns, Total: 101375 ns
[2020-09-11T18:10:00.734+0000][1][safepoint    ] Safepoint "RevokeBias", Time since last: 2060278112 ns, Reaching safepoint: 161541 ns, At safepoint: 22676 ns, Total: 184217 ns
[2020-09-11T18:10:05.734+0000][1][safepoint    ] Safepoint "Cleanup", Time since last: 5000406143 ns, Reaching safepoint: 89694 ns, At safepoint: 7216 ns, Total: 96910 ns
[2020-09-11T18:10:06.541+0000][1][safepoint    ] Safepoint "RevokeBias", Time since last: 806926995 ns, Reaching safepoint: 90913 ns, At safepoint: 22561 ns, Total: 113474 ns
[2020-09-11T18:10:08.595+0000][1][gc,start     ] GC(118) Pause Young (Allocation Failure)
[2020-09-11T18:10:08.595+0000][1][gc,task      ] GC(118) Using 1 workers of 1 for evacuation
[2020-09-11T18:10:08.614+0000][1][gc,age       ] GC(118) Desired survivor size 4358144 bytes, new threshold 6 (max threshold 6)
[2020-09-11T18:10:08.614+0000][1][gc,age       ] GC(118) Age table with threshold 6 (max threshold 6)
[2020-09-11T18:10:08.614+0000][1][gc,age       ] GC(118) - age   1:     138088 bytes,     138088 total
[2020-09-11T18:10:08.614+0000][1][gc,age       ] GC(118) - age   2:     411688 bytes,     549776 total
[2020-09-11T18:10:08.614+0000][1][gc,age       ] GC(118) - age   3:      88720 bytes,     638496 total
[2020-09-11T18:10:08.614+0000][1][gc,age       ] GC(118) - age   4:     116288 bytes,     754784 total
[2020-09-11T18:10:08.614+0000][1][gc,age       ] GC(118) - age   5:       9400 bytes,     764184 total
[2020-09-11T18:10:08.614+0000][1][gc,age       ] GC(118) - age   6:       6512 bytes,     770696 total
[2020-09-11T18:10:08.614+0000][1][gc,heap      ] GC(118) ParNew: 69618K->946K(76672K)
[2020-09-11T18:10:08.614+0000][1][gc,heap      ] GC(118) CMS: 101219K->101236K(439104K)
[2020-09-11T18:10:08.614+0000][1][gc,metaspace ] GC(118) Metaspace: 92314K->92314K(1134592K)
[2020-09-11T18:10:08.614+0000][1][gc           ] GC(118) Pause Young (Allocation Failure) 166M->99M(503M) 19.093ms
[2020-09-11T18:10:08.614+0000][1][gc,cpu       ] GC(118) User=0.00s Sys=0.00s Real=0.02s
[2020-09-11T18:10:08.618+0000][1][safepoint    ] Safepoint "GenCollectForAllocation", Time since last: 2052115561 ns, Reaching safepoint: 1976101 ns, At safepoint: 22663544 ns, Total: 24639645 ns
[2020-09-11T18:10:08.983+0000][1][safepoint    ] Safepoint "RevokeBias", Time since last: 364593980 ns, Reaching safepoint: 86247 ns, At safepoint: 25203 ns, Total: 111450 ns
[2020-09-11T18:10:10.686+0000][1][safepoint    ] Safepoint "RevokeBias", Time since last: 1703396438 ns, Reaching safepoint: 161931 ns, At safepoint: 24268 ns, Total: 186199 ns
[2020-09-11T18:10:16.522+0000][1][safepoint    ] Safepoint "RevokeBias", Time since last: 5835845957 ns, Reaching safepoint: 94436 ns, At safepoint: 35408 ns, Total: 129844 ns
[2020-09-11T18:10:17.522+0000][1][safepoint    ] Safepoint "Cleanup", Time since last: 1000110959 ns, Reaching safepoint: 85411 ns, At safepoint: 7107 ns, Total: 92518 ns
[2020-09-11T18:10:18.660+0000][1][safepoint    ] Safepoint "RevokeBias", Time since last: 1137541034 ns, Reaching safepoint: 81660 ns, At safepoint: 22345 ns, Total: 104005 ns
[2020-09-11T18:10:20.660+0000][1][safepoint    ] Safepoint "Cleanup", Time since last: 2000222270 ns, Reaching safepoint: 85156 ns, At safepoint: 7533 ns, Total: 92689 ns
[2020-09-11T18:10:20.704+0000][1][safepoint    ] Safepoint "RevokeBias", Time since last: 43548275 ns, Reaching safepoint: 164020 ns, At safepoint: 24114 ns, Total: 188134 ns
[2020-09-11T18:10:21.704+0000][1][safepoint    ] Safepoint "Cleanup", Time since last: 1000110468 ns, Reaching safepoint: 82253 ns, At safepoint: 9428 ns, Total: 91681 ns
[2020-09-11T18:10:22.704+0000][1][safepoint    ] Safepoint "Cleanup", Time since last: 1000115602 ns, Reaching safepoint: 80793 ns, At safepoint: 8867 ns, Total: 89660 ns
[2020-09-11T18:10:23.705+0000][1][safepoint    ] Safepoint "Cleanup", Time since last: 1000136887 ns, Reaching safepoint: 105027 ns, At safepoint: 34640 ns, Total: 139667 ns
[2020-09-11T18:10:24.705+0000][1][safepoint    ] Safepoint "Cleanup", Time since last: 1000132460 ns, Reaching safepoint: 80222 ns, At safepoint: 6921 ns, Total: 87143 ns
[2020-09-11T18:10:25.705+0000][1][safepoint    ] Safepoint "Cleanup", Time since last: 1000108868 ns, Reaching safepoint: 96163 ns, At safepoint: 7550 ns, Total: 103713 ns
[2020-09-11T18:10:26.520+0000][1][safepoint    ] Safepoint "RevokeBias", Time since last: 815190987 ns, Reaching safepoint: 86265 ns, At safepoint: 22046 ns, Total: 108311 ns
[2020-09-11T18:10:27.521+0000][1][safepoint    ] Safepoint "Cleanup", Time since last: 1000113890 ns, Reaching safepoint: 85428 ns, At safepoint: 9241 ns, Total: 94669 ns
[2020-09-11T18:10:28.521+0000][1][safepoint    ] Safepoint "Cleanup", Time since last: 1000153251 ns, Reaching safepoint: 83185 ns, At safepoint: 6997 ns, Total: 90182 ns
[2020-09-11T18:10:28.622+0000][1][gc,start     ] GC(119) Pause Young (Allocation Failure)
[2020-09-11T18:10:28.622+0000][1][gc,task      ] GC(119) Using 1 workers of 1 for evacuation
[2020-09-11T18:10:28.635+0000][1][gc,age       ] GC(119) Desired survivor size 4358144 bytes, new threshold 6 (max threshold 6)
[2020-09-11T18:10:28.635+0000][1][gc,age       ] GC(119) Age table with threshold 6 (max threshold 6)
[2020-09-11T18:10:28.635+0000][1][gc,age       ] GC(119) - age   1:     149408 bytes,     149408 total
[2020-09-11T18:10:28.635+0000][1][gc,age       ] GC(119) - age   2:      88280 bytes,     237688 total
[2020-09-11T18:10:28.635+0000][1][gc,age       ] GC(119) - age   3:     409360 bytes,     647048 total
[2020-09-11T18:10:28.635+0000][1][gc,age       ] GC(119) - age   4:      88376 bytes,     735424 total
[2020-09-11T18:10:28.635+0000][1][gc,age       ] GC(119) - age   5:     116288 bytes,     851712 total
[2020-09-11T18:10:28.635+0000][1][gc,age       ] GC(119) - age   6:       9400 bytes,     861112 total
[2020-09-11T18:10:28.635+0000][1][gc,heap      ] GC(119) ParNew: 69106K->1365K(76672K)
[2020-09-11T18:10:28.635+0000][1][gc,heap      ] GC(119) CMS: 101236K->101242K(439104K)
[2020-09-11T18:10:28.635+0000][1][gc,metaspace ] GC(119) Metaspace: 92320K->92320K(1134592K)
[2020-09-11T18:10:28.635+0000][1][gc           ] GC(119) Pause Young (Allocation Failure) 166M->100M(503M) 13.206ms
[2020-09-11T18:10:28.635+0000][1][gc,cpu       ] GC(119) User=0.01s Sys=0.00s Real=0.01s
[2020-09-11T18:10:28.635+0000][1][safepoint    ] Safepoint "GenCollectForAllocation", Time since last: 100719294 ns, Reaching safepoint: 149486 ns, At safepoint: 13279674 ns, Total: 13429160 ns
[2020-09-11T18:10:28.674+0000][1][safepoint    ] Safepoint "BulkRevokeBias", Time since last: 38839064 ns, Reaching safepoint: 84758 ns, At safepoint: 225177 ns, Total: 309935 ns
[2020-09-11T18:10:29.676+0000][1][safepoint    ] Safepoint "Cleanup", Time since last: 1001595849 ns, Reaching safepoint: 80261 ns, At safepoint: 23486 ns, Total: 103747 ns
[2020-09-11T18:10:30.676+0000][1][safepoint    ] Safepoint "Cleanup", Time since last: 1000143328 ns, Reaching safepoint: 82053 ns, At safepoint: 23286 ns, Total: 105339 ns
[2020-09-11T18:10:30.776+0000][1][safepoint    ] Safepoint "RevokeBias", Time since last: 99533800 ns, Reaching safepoint: 86236 ns, At safepoint: 35009 ns, Total: 121245 ns
[2020-09-11T18:10:31.776+0000][1][safepoint    ] Safepoint "Cleanup", Time since last: 1000103278 ns, Reaching safepoint: 77705 ns, At safepoint: 21251 ns, Total: 98956 ns
[2020-09-11T18:10:32.777+0000][1][safepoint    ] Safepoint "Cleanup", Time since last: 1000412624 ns, Reaching safepoint: 77647 ns, At safepoint: 19183 ns, Total: 96830 ns
[2020-09-11T18:10:33.777+0000][1][safepoint    ] Safepoint "Cleanup", Time since last: 1000112363 ns, Reaching safepoint: 104003 ns, At safepoint: 9514 ns, Total: 113517 ns
[2020-09-11T18:10:34.777+0000][1][safepoint    ] Safepoint "Cleanup", Time since last: 1000111635 ns, Reaching safepoint: 83135 ns, At safepoint: 16866 ns, Total: 100001 ns
[2020-09-11T18:10:35.779+0000][1][safepoint    ] Safepoint "Cleanup", Time since last: 1000582916 ns, Reaching safepoint: 1226866 ns, At safepoint: 10475 ns, Total: 1237341 ns
[2020-09-11T18:10:36.529+0000][1][safepoint    ] Safepoint "RevokeBias", Time since last: 749516591 ns, Reaching safepoint: 167940 ns, At safepoint: 26790 ns, Total: 194730 ns
[2020-09-11T18:10:37.529+0000][1][safepoint    ] Safepoint "Cleanup", Time since last: 1000111804 ns, Reaching safepoint: 81623 ns, At safepoint: 9212 ns, Total: 90835 ns
[2020-09-11T18:10:38.529+0000][1][safepoint    ] Safepoint "Cleanup", Time since last: 1000132622 ns, Reaching safepoint: 82085 ns, At safepoint: 5527 ns, Total: 87612 ns
[2020-09-11T18:10:38.750+0000][1][safepoint    ] Safepoint "RevokeBias", Time since last: 221156501 ns, Reaching safepoint: 88255 ns, At safepoint: 21778 ns, Total: 110033 ns
[2020-09-11T18:10:39.750+0000][1][safepoint    ] Safepoint "Cleanup", Time since last: 1000148085 ns, Reaching safepoint: 82764 ns, At safepoint: 9184 ns, Total: 91948 ns
[2020-09-11T18:10:40.692+0000][1][safepoint    ] Safepoint "RevokeBias", Time since last: 941285251 ns, Reaching safepoint: 183853 ns, At safepoint: 32253 ns, Total: 216106 ns
[2020-09-11T18:10:46.501+0000][1][safepoint    ] Safepoint "RevokeBias", Time since last: 5809042084 ns, Reaching safepoint: 85871 ns, At safepoint: 21935 ns, Total: 107806 ns
[2020-09-11T18:10:48.481+0000][1][gc,start     ] GC(120) Pause Young (Allocation Failure)
[2020-09-11T18:10:48.481+0000][1][gc,task      ] GC(120) Using 1 workers of 1 for evacuation
[2020-09-11T18:10:48.490+0000][1][gc,age       ] GC(120) Desired survivor size 4358144 bytes, new threshold 6 (max threshold 6)
[2020-09-11T18:10:48.490+0000][1][gc,age       ] GC(120) Age table with threshold 6 (max threshold 6)
[2020-09-11T18:10:48.490+0000][1][gc,age       ] GC(120) - age   1:     127240 bytes,     127240 total
[2020-09-11T18:10:48.490+0000][1][gc,age       ] GC(120) - age   2:      14176 bytes,     141416 total
[2020-09-11T18:10:48.490+0000][1][gc,age       ] GC(120) - age   3:      85160 bytes,     226576 total
[2020-09-11T18:10:48.490+0000][1][gc,age       ] GC(120) - age   4:     409360 bytes,     635936 total
[2020-09-11T18:10:48.490+0000][1][gc,age       ] GC(120) - age   5:      52360 bytes,     688296 total
[2020-09-11T18:10:48.490+0000][1][gc,age       ] GC(120) - age   6:     107800 bytes,     796096 total
[2020-09-11T18:10:48.490+0000][1][gc,heap      ] GC(120) ParNew: 69525K->801K(76672K)
[2020-09-11T18:10:48.490+0000][1][gc,heap      ] GC(120) CMS: 101242K->101251K(439104K)
[2020-09-11T18:10:48.490+0000][1][gc,metaspace ] GC(120) Metaspace: 92334K->92334K(1134592K)
[2020-09-11T18:10:48.490+0000][1][gc           ] GC(120) Pause Young (Allocation Failure) 166M->99M(503M) 9.340ms
[2020-09-11T18:10:48.490+0000][1][gc,cpu       ] GC(120) User=0.01s Sys=0.00s Real=0.00s
[2020-09-11T18:10:48.490+0000][1][safepoint    ] Safepoint "GenCollectForAllocation", Time since last: 1977334938 ns, Reaching safepoint: 2402418 ns, At safepoint: 9409819 ns, Total: 11812237 ns
[2020-09-11T18:10:48.652+0000][1][safepoint    ] Safepoint "RevokeBias", Time since last: 161929481 ns, Reaching safepoint: 92935 ns, At safepoint: 23220 ns, Total: 116155 ns
[2020-09-11T18:10:50.694+0000][1][safepoint    ] Safepoint "RevokeBias", Time since last: 2041131624 ns, Reaching safepoint: 85267 ns, At safepoint: 21713 ns, Total: 106980 ns
[2020-09-11T18:10:56.499+0000][1][safepoint    ] Safepoint "RevokeBias", Time since last: 5805426781 ns, Reaching safepoint: 87878 ns, At safepoint: 26155 ns, Total: 114033 ns
[2020-09-11T18:10:57.499+0000][1][safepoint    ] Safepoint "Cleanup", Time since last: 1000108210 ns, Reaching safepoint: 84370 ns, At safepoint: 9248 ns, Total: 93618 ns
[2020-09-11T18:10:58.597+0000][1][safepoint    ] Safepoint "RevokeBias", Time since last: 1097734179 ns, Reaching safepoint: 91394 ns, At safepoint: 23764 ns, Total: 115158 ns
[2020-09-11T18:11:00.747+0000][1][safepoint    ] Safepoint "RevokeBias", Time since last: 2149399674 ns, Reaching safepoint: 83621 ns, At safepoint: 22008 ns, Total: 105629 ns
[2020-09-11T18:11:04.747+0000][1][safepoint    ] Safepoint "Cleanup", Time since last: 4000348592 ns, Reaching safepoint: 80520 ns, At safepoint: 8677 ns, Total: 89197 ns
[2020-09-11T18:11:05.747+0000][1][safepoint    ] Safepoint "Cleanup", Time since last: 1000116114 ns, Reaching safepoint: 78358 ns, At safepoint: 8434 ns, Total: 86792 ns
[2020-09-11T18:11:06.521+0000][1][safepoint    ] Safepoint "RevokeBias", Time since last: 773599611 ns, Reaching safepoint: 85255 ns, At safepoint: 24459 ns, Total: 109714 ns
[2020-09-11T18:11:07.521+0000][1][safepoint    ] Safepoint "Cleanup", Time since last: 1000110270 ns, Reaching safepoint: 78713 ns, At safepoint: 9448 ns, Total: 88161 ns
[2020-09-11T18:11:08.521+0000][1][safepoint    ] Safepoint "Cleanup", Time since last: 1000110293 ns, Reaching safepoint: 85974 ns, At safepoint: 6942 ns, Total: 92916 ns
[2020-09-11T18:11:08.673+0000][1][safepoint    ] Safepoint "RevokeBias", Time since last: 151530152 ns, Reaching safepoint: 90894 ns, At safepoint: 21873 ns, Total: 112767 ns
[2020-09-11T18:11:09.673+0000][1][safepoint    ] Safepoint "Cleanup", Time since last: 1000106907 ns, Reaching safepoint: 85322 ns, At safepoint: 9555 ns, Total: 94877 ns
[2020-09-11T18:11:10.673+0000][1][safepoint    ] Safepoint "Cleanup", Time since last: 1000117517 ns, Reaching safepoint: 79050 ns, At safepoint: 9231 ns, Total: 88281 ns
[2020-09-11T18:11:10.745+0000][1][safepoint    ] Safepoint "RevokeBias", Time since last: 71661883 ns, Reaching safepoint: 167800 ns, At safepoint: 27559 ns, Total: 195359 ns
[2020-09-11T18:11:11.745+0000][1][safepoint    ] Safepoint "Cleanup", Time since last: 1000108048 ns, Reaching safepoint: 77032 ns, At safepoint: 9380 ns, Total: 86412 ns
[2020-09-11T18:11:12.746+0000][1][safepoint    ] Safepoint "Cleanup", Time since last: 1000114492 ns, Reaching safepoint: 78808 ns, At safepoint: 9146 ns, Total: 87954 ns
[2020-09-11T18:11:13.689+0000][1][gc,start     ] GC(121) Pause Young (Allocation Failure)
[2020-09-11T18:11:13.689+0000][1][gc,task      ] GC(121) Using 1 workers of 1 for evacuation
[2020-09-11T18:11:13.698+0000][1][gc,age       ] GC(121) Desired survivor size 4358144 bytes, new threshold 6 (max threshold 6)
[2020-09-11T18:11:13.698+0000][1][gc,age       ] GC(121) Age table with threshold 6 (max threshold 6)
[2020-09-11T18:11:13.698+0000][1][gc,age       ] GC(121) - age   1:     699768 bytes,     699768 total
[2020-09-11T18:11:13.698+0000][1][gc,age       ] GC(121) - age   2:      54264 bytes,     754032 total
[2020-09-11T18:11:13.698+0000][1][gc,age       ] GC(121) - age   3:      10288 bytes,     764320 total
[2020-09-11T18:11:13.698+0000][1][gc,age       ] GC(121) - age   4:      84872 bytes,     849192 total
[2020-09-11T18:11:13.698+0000][1][gc,age       ] GC(121) - age   5:     126144 bytes,     975336 total
[2020-09-11T18:11:13.698+0000][1][gc,age       ] GC(121) - age   6:      38928 bytes,    1014264 total
[2020-09-11T18:11:13.698+0000][1][gc,heap      ] GC(121) ParNew: 68961K->1566K(76672K)
[2020-09-11T18:11:13.698+0000][1][gc,heap      ] GC(121) CMS: 101251K->101324K(439104K)
[2020-09-11T18:11:13.698+0000][1][gc,metaspace ] GC(121) Metaspace: 92371K->92371K(1134592K)
[2020-09-11T18:11:13.698+0000][1][gc           ] GC(121) Pause Young (Allocation Failure) 166M->100M(503M) 9.481ms
[2020-09-11T18:11:13.698+0000][1][gc,cpu       ] GC(121) User=0.01s Sys=0.00s Real=0.01s
[2020-09-11T18:11:13.698+0000][1][safepoint    ] Safepoint "GenCollectForAllocation", Time since last: 941353556 ns, Reaching safepoint: 1784762 ns, At safepoint: 9550189 ns, Total: 11334951 ns
[2020-09-11T18:11:14.705+0000][1][safepoint    ] Safepoint "Cleanup", Time since last: 1006748655 ns, Reaching safepoint: 73474 ns, At safepoint: 17821 ns, Total: 91295 ns
[2020-09-11T18:11:15.706+0000][1][safepoint    ] Safepoint "Cleanup", Time since last: 1000115668 ns, Reaching safepoint: 167323 ns, At safepoint: 21126 ns, Total: 188449 ns
[2020-09-11T18:11:16.508+0000][1][safepoint    ] Safepoint "RevokeBias", Time since last: 801991166 ns, Reaching safepoint: 95120 ns, At safepoint: 35703 ns, Total: 130823 ns
[2020-09-11T18:11:17.508+0000][1][safepoint    ] Safepoint "Cleanup", Time since last: 1000117758 ns, Reaching safepoint: 99911 ns, At safepoint: 8817 ns, Total: 108728 ns
[2020-09-11T18:11:18.508+0000][1][safepoint    ] Safepoint "Cleanup", Time since last: 1000097447 ns, Reaching safepoint: 139917 ns, At safepoint: 7845 ns, Total: 147762 ns
[2020-09-11T18:11:18.625+0000][1][safepoint    ] Safepoint "RevokeBias", Time since last: 116768596 ns, Reaching safepoint: 86542 ns, At safepoint: 22661 ns, Total: 109203 ns
[2020-09-11T18:11:19.625+0000][1][safepoint    ] Safepoint "Cleanup", Time since last: 1000106856 ns, Reaching safepoint: 79109 ns, At safepoint: 7866 ns, Total: 86975 ns
[2020-09-11T18:11:20.625+0000][1][safepoint    ] Safepoint "Cleanup", Time since last: 1000109227 ns, Reaching safepoint: 79647 ns, At safepoint: 9329 ns, Total: 88976 ns
[2020-09-11T18:11:20.744+0000][1][safepoint    ] Safepoint "RevokeBias", Time since last: 118563372 ns, Reaching safepoint: 83713 ns, At safepoint: 21847 ns, Total: 105560 ns
[2020-09-11T18:11:21.744+0000][1][safepoint    ] Safepoint "Cleanup", Time since last: 1000103689 ns, Reaching safepoint: 79837 ns, At safepoint: 8843 ns, Total: 88680 ns
[2020-09-11T18:11:22.744+0000][1][safepoint    ] Safepoint "Cleanup", Time since last: 1000107038 ns, Reaching safepoint: 77414 ns, At safepoint: 8449 ns, Total: 85863 ns
[2020-09-11T18:11:23.745+0000][1][safepoint    ] Safepoint "Cleanup", Time since last: 1000111576 ns, Reaching safepoint: 74941 ns, At safepoint: 7090 ns, Total: 82031 ns
[2020-09-11T18:11:24.745+0000][1][safepoint    ] Safepoint "Cleanup", Time since last: 1000123251 ns, Reaching safepoint: 78797 ns, At safepoint: 8658 ns, Total: 87455 ns
[2020-09-11T18:11:25.745+0000][1][safepoint    ] Safepoint "Cleanup", Time since last: 1000109232 ns, Reaching safepoint: 78819 ns, At safepoint: 9007 ns, Total: 87826 ns
[2020-09-11T18:11:26.519+0000][1][safepoint    ] Safepoint "RevokeBias", Time since last: 773994029 ns, Reaching safepoint: 82966 ns, At safepoint: 22333 ns, Total: 105299 ns
[2020-09-11T18:11:27.519+0000][1][safepoint    ] Safepoint "Cleanup", Time since last: 1000112674 ns, Reaching safepoint: 86322 ns, At safepoint: 10137 ns, Total: 96459 ns
[2020-09-11T18:11:28.353+0000][1][gc,start     ] GC(122) Pause Young (Allocation Failure)
[2020-09-11T18:11:28.353+0000][1][gc,task      ] GC(122) Using 1 workers of 1 for evacuation
[2020-09-11T18:11:28.362+0000][1][gc,age       ] GC(122) Desired survivor size 4358144 bytes, new threshold 6 (max threshold 6)
[2020-09-11T18:11:28.362+0000][1][gc,age       ] GC(122) Age table with threshold 6 (max threshold 6)
[2020-09-11T18:11:28.362+0000][1][gc,age       ] GC(122) - age   1:     239960 bytes,     239960 total
[2020-09-11T18:11:28.362+0000][1][gc,age       ] GC(122) - age   2:     645704 bytes,     885664 total
[2020-09-11T18:11:28.362+0000][1][gc,age       ] GC(122) - age   3:      53992 bytes,     939656 total
[2020-09-11T18:11:28.362+0000][1][gc,age       ] GC(122) - age   4:      10288 bytes,     949944 total
[2020-09-11T18:11:28.362+0000][1][gc,age       ] GC(122) - age   5:      17136 bytes,     967080 total
[2020-09-11T18:11:28.362+0000][1][gc,age       ] GC(122) - age   6:      51968 bytes,    1019048 total
[2020-09-11T18:11:28.362+0000][1][gc,heap      ] GC(122) ParNew: 69726K->1877K(76672K)
[2020-09-11T18:11:28.362+0000][1][gc,heap      ] GC(122) CMS: 101324K->101362K(439104K)
[2020-09-11T18:11:28.362+0000][1][gc,metaspace ] GC(122) Metaspace: 92395K->92395K(1134592K)
[2020-09-11T18:11:28.362+0000][1][gc           ] GC(122) Pause Young (Allocation Failure) 167M->100M(503M) 9.484ms
[2020-09-11T18:11:28.362+0000][1][gc,cpu       ] GC(122) User=0.01s Sys=0.00s Real=0.01s
[2020-09-11T18:11:28.363+0000][1][safepoint    ] Safepoint "GenCollectForAllocation", Time since last: 833435670 ns, Reaching safepoint: 167827 ns, At safepoint: 9566132 ns, Total: 9733959 ns
[2020-09-11T18:11:28.674+0000][1][safepoint    ] Safepoint "RevokeBias", Time since last: 310985319 ns, Reaching safepoint: 82601 ns, At safepoint: 21231 ns, Total: 103832 ns
[2020-09-11T18:11:29.674+0000][1][safepoint    ] Safepoint "Cleanup", Time since last: 1000118748 ns, Reaching safepoint: 80466 ns, At safepoint: 9642 ns, Total: 90108 ns
[2020-09-11T18:11:30.675+0000][1][safepoint    ] Safepoint "Cleanup", Time since last: 1001232485 ns, Reaching safepoint: 343081 ns, At safepoint: 12534 ns, Total: 355615 ns
[2020-09-11T18:11:30.687+0000][1][safepoint    ] Safepoint "RevokeBias", Time since last: 11748401 ns, Reaching safepoint: 87313 ns, At safepoint: 22501 ns, Total: 109814 ns
[2020-09-11T18:11:31.687+0000][1][safepoint    ] Safepoint "Cleanup", Time since last: 1000107711 ns, Reaching safepoint: 79293 ns, At safepoint: 8321 ns, Total: 87614 ns
[2020-09-11T18:11:32.688+0000][1][safepoint    ] Safepoint "Cleanup", Time since last: 1000119733 ns, Reaching safepoint: 81910 ns, At safepoint: 8414 ns, Total: 90324 ns
[2020-09-11T18:11:33.688+0000][1][safepoint    ] Safepoint "Cleanup", Time since last: 1000107518 ns, Reaching safepoint: 78732 ns, At safepoint: 8710 ns, Total: 87442 ns
[2020-09-11T18:11:34.688+0000][1][safepoint    ] Safepoint "Cleanup", Time since last: 1000115468 ns, Reaching safepoint: 81931 ns, At safepoint: 9437 ns, Total: 91368 ns
[2020-09-11T18:11:35.688+0000][1][safepoint    ] Safepoint "Cleanup", Time since last: 1000115740 ns, Reaching safepoint: 75793 ns, At safepoint: 6648 ns, Total: 82441 ns
[2020-09-11T18:11:36.572+0000][1][safepoint    ] Safepoint "RevokeBias", Time since last: 883817471 ns, Reaching safepoint: 97786 ns, At safepoint: 27006 ns, Total: 124792 ns
[2020-09-11T18:11:37.572+0000][1][safepoint    ] Safepoint "Cleanup", Time since last: 1000107404 ns, Reaching safepoint: 79646 ns, At safepoint: 9058 ns, Total: 88704 ns
[2020-09-11T18:11:38.573+0000][1][safepoint    ] Safepoint "Cleanup", Time since last: 1000353365 ns, Reaching safepoint: 213336 ns, At safepoint: 11410 ns, Total: 224746 ns
[2020-09-11T18:11:38.675+0000][1][safepoint    ] Safepoint "RevokeBias", Time since last: 101577240 ns, Reaching safepoint: 85132 ns, At safepoint: 21803 ns, Total: 106935 ns
[2020-09-11T18:11:39.675+0000][1][safepoint    ] Safepoint "Cleanup", Time since last: 1000120395 ns, Reaching safepoint: 79102 ns, At safepoint: 7425 ns, Total: 86527 ns
[2020-09-11T18:11:40.675+0000][1][safepoint    ] Safepoint "Cleanup", Time since last: 1000113968 ns, Reaching safepoint: 76204 ns, At safepoint: 7727 ns, Total: 83931 ns
[2020-09-11T18:11:40.702+0000][1][safepoint    ] Safepoint "RevokeBias", Time since last: 27051515 ns, Reaching safepoint: 163180 ns, At safepoint: 23569 ns, Total: 186749 ns
[2020-09-11T18:11:41.703+0000][1][safepoint    ] Safepoint "Cleanup", Time since last: 1000110884 ns, Reaching safepoint: 80965 ns, At safepoint: 9297 ns, Total: 90262 ns
[2020-09-11T18:11:42.703+0000][1][safepoint    ] Safepoint "Cleanup", Time since last: 1000113671 ns, Reaching safepoint: 79820 ns, At safepoint: 9547 ns, Total: 89367 ns
[2020-09-11T18:11:43.703+0000][1][safepoint    ] Safepoint "Cleanup", Time since last: 1000119025 ns, Reaching safepoint: 91302 ns, At safepoint: 9142 ns, Total: 100444 ns
[2020-09-11T18:11:44.703+0000][1][safepoint    ] Safepoint "Cleanup", Time since last: 1000113108 ns, Reaching safepoint: 79374 ns, At safepoint: 9352 ns, Total: 88726 ns
[2020-09-11T18:11:45.703+0000][1][safepoint    ] Safepoint "Cleanup", Time since last: 1000114592 ns, Reaching safepoint: 78762 ns, At safepoint: 6859 ns, Total: 85621 ns
[2020-09-11T18:11:46.546+0000][1][safepoint    ] Safepoint "RevokeBias", Time since last: 842480202 ns, Reaching safepoint: 96802 ns, At safepoint: 26508 ns, Total: 123310 ns
[2020-09-11T18:11:47.546+0000][1][safepoint    ] Safepoint "Cleanup", Time since last: 1000114565 ns, Reaching safepoint: 87921 ns, At safepoint: 9927 ns, Total: 97848 ns
[2020-09-11T18:11:48.445+0000][1][gc,start     ] GC(123) Pause Young (Allocation Failure)
[2020-09-11T18:11:48.445+0000][1][gc,task      ] GC(123) Using 1 workers of 1 for evacuation
[2020-09-11T18:11:48.450+0000][1][gc,age       ] GC(123) Desired survivor size 4358144 bytes, new threshold 6 (max threshold 6)
[2020-09-11T18:11:48.450+0000][1][gc,age       ] GC(123) Age table with threshold 6 (max threshold 6)
[2020-09-11T18:11:48.450+0000][1][gc,age       ] GC(123) - age   1:     177520 bytes,     177520 total
[2020-09-11T18:11:48.450+0000][1][gc,age       ] GC(123) - age   2:     168584 bytes,     346104 total
[2020-09-11T18:11:48.450+0000][1][gc,age       ] GC(123) - age   3:     641768 bytes,     987872 total
[2020-09-11T18:11:48.450+0000][1][gc,age       ] GC(123) - age   4:      53992 bytes,    1041864 total
[2020-09-11T18:11:48.450+0000][1][gc,age       ] GC(123) - age   5:      10288 bytes,    1052152 total
[2020-09-11T18:11:48.450+0000][1][gc,age       ] GC(123) - age   6:      17136 bytes,    1069288 total
[2020-09-11T18:11:48.450+0000][1][gc,heap      ] GC(123) ParNew: 70037K->1215K(76672K)
[2020-09-11T18:11:48.450+0000][1][gc,heap      ] GC(123) CMS: 101362K->101369K(439104K)
[2020-09-11T18:11:48.450+0000][1][gc,metaspace ] GC(123) Metaspace: 92426K->92426K(1134592K)
[2020-09-11T18:11:48.450+0000][1][gc           ] GC(123) Pause Young (Allocation Failure) 167M->100M(503M) 5.588ms
[2020-09-11T18:11:48.450+0000][1][gc,cpu       ] GC(123) User=0.00s Sys=0.00s Real=0.00s
[2020-09-11T18:11:48.450+0000][1][safepoint    ] Safepoint "GenCollectForAllocation", Time since last: 897682847 ns, Reaching safepoint: 747218 ns, At safepoint: 5651529 ns, Total: 6398747 ns
[2020-09-11T18:11:48.586+0000][1][safepoint    ] Safepoint "RevokeBias", Time since last: 135525320 ns, Reaching safepoint: 97405 ns, At safepoint: 24563 ns, Total: 121968 ns
[2020-09-11T18:11:49.586+0000][1][safepoint    ] Safepoint "Cleanup", Time since last: 1000105953 ns, Reaching safepoint: 78816 ns, At safepoint: 8666 ns, Total: 87482 ns
[2020-09-11T18:11:50.586+0000][1][safepoint    ] Safepoint "Cleanup", Time since last: 1000111881 ns, Reaching safepoint: 79754 ns, At safepoint: 9089 ns, Total: 88843 ns
[2020-09-11T18:11:50.689+0000][1][safepoint    ] Safepoint "RevokeBias", Time since last: 102727601 ns, Reaching safepoint: 84201 ns, At safepoint: 22083 ns, Total: 106284 ns
[2020-09-11T18:11:51.689+0000][1][safepoint    ] Safepoint "Cleanup", Time since last: 1000105094 ns, Reaching safepoint: 80164 ns, At safepoint: 9170 ns, Total: 89334 ns
[2020-09-11T18:11:52.689+0000][1][safepoint    ] Safepoint "Cleanup", Time since last: 1000089755 ns, Reaching safepoint: 79478 ns, At safepoint: 8509 ns, Total: 87987 ns
[2020-09-11T18:11:53.690+0000][1][safepoint    ] Safepoint "Cleanup", Time since last: 1000110465 ns, Reaching safepoint: 78820 ns, At safepoint: 9510 ns, Total: 88330 ns
[2020-09-11T18:11:54.690+0000][1][safepoint    ] Safepoint "Cleanup", Time since last: 1000112021 ns, Reaching safepoint: 80264 ns, At safepoint: 8820 ns, Total: 89084 ns
[2020-09-11T18:11:55.690+0000][1][safepoint    ] Safepoint "Cleanup", Time since last: 1000107171 ns, Reaching safepoint: 74961 ns, At safepoint: 6696 ns, Total: 81657 ns
[2020-09-11T18:11:56.518+0000][1][safepoint    ] Safepoint "RevokeBias", Time since last: 827440750 ns, Reaching safepoint: 95158 ns, At safepoint: 23912 ns, Total: 119070 ns
[2020-09-11T18:11:57.518+0000][1][safepoint    ] Safepoint "Cleanup", Time since last: 1000104578 ns, Reaching safepoint: 76625 ns, At safepoint: 7322 ns, Total: 83947 ns
[2020-09-11T18:11:58.520+0000][1][safepoint    ] Safepoint "Cleanup", Time since last: 1001740233 ns, Reaching safepoint: 94898 ns, At safepoint: 6631 ns, Total: 101529 ns
[2020-09-11T18:11:58.558+0000][1][safepoint    ] Safepoint "BulkRevokeBias", Time since last: 38254191 ns, Reaching safepoint: 85826 ns, At safepoint: 234385 ns, Total: 320211 ns
[2020-09-11T18:11:59.558+0000][1][safepoint    ] Safepoint "Cleanup", Time since last: 1000106047 ns, Reaching safepoint: 81447 ns, At safepoint: 6760 ns, Total: 88207 ns
[2020-09-11T18:12:00.559+0000][1][safepoint    ] Safepoint "Cleanup", Time since last: 1000110947 ns, Reaching safepoint: 81387 ns, At safepoint: 9147 ns, Total: 90534 ns
[2020-09-11T18:12:00.774+0000][1][safepoint    ] Safepoint "RevokeBias", Time since last: 215168769 ns, Reaching safepoint: 87840 ns, At safepoint: 22238 ns, Total: 110078 ns
[2020-09-11T18:12:01.774+0000][1][safepoint    ] Safepoint "Cleanup", Time since last: 1000121055 ns, Reaching safepoint: 77167 ns, At safepoint: 9174 ns, Total: 86341 ns
[2020-09-11T18:12:02.774+0000][1][safepoint    ] Safepoint "Cleanup", Time since last: 1000112437 ns, Reaching safepoint: 78565 ns, At safepoint: 9250 ns, Total: 87815 ns
[2020-09-11T18:12:03.775+0000][1][safepoint    ] Safepoint "Cleanup", Time since last: 1000121090 ns, Reaching safepoint: 78936 ns, At safepoint: 9155 ns, Total: 88091 ns
[2020-09-11T18:12:04.775+0000][1][safepoint    ] Safepoint "Cleanup", Time since last: 1000108719 ns, Reaching safepoint: 77887 ns, At safepoint: 8544 ns, Total: 86431 ns
[2020-09-11T18:12:05.775+0000][1][safepoint    ] Safepoint "Cleanup", Time since last: 1000105773 ns, Reaching safepoint: 81986 ns, At safepoint: 8875 ns, Total: 90861 ns
[2020-09-11T18:12:06.519+0000][1][safepoint    ] Safepoint "RevokeBias", Time since last: 743610317 ns, Reaching safepoint: 88395 ns, At safepoint: 21570 ns, Total: 109965 ns
[2020-09-11T18:12:07.519+0000][1][safepoint    ] Safepoint "Cleanup", Time since last: 1000107770 ns, Reaching safepoint: 78940 ns, At safepoint: 9582 ns, Total: 88522 ns
[2020-09-11T18:12:08.519+0000][1][safepoint    ] Safepoint "Cleanup", Time since last: 1000118384 ns, Reaching safepoint: 135198 ns, At safepoint: 10864 ns, Total: 146062 ns
[2020-09-11T18:12:08.611+0000][1][safepoint    ] Safepoint "RevokeBias", Time since last: 92187843 ns, Reaching safepoint: 83337 ns, At safepoint: 21568 ns, Total: 104905 ns
[2020-09-11T18:12:10.680+0000][1][gc,start     ] GC(124) Pause Young (Allocation Failure)
[2020-09-11T18:12:10.680+0000][1][gc,task      ] GC(124) Using 1 workers of 1 for evacuation
[2020-09-11T18:12:10.693+0000][1][gc,age       ] GC(124) Desired survivor size 4358144 bytes, new threshold 6 (max threshold 6)
[2020-09-11T18:12:10.693+0000][1][gc,age       ] GC(124) Age table with threshold 6 (max threshold 6)
[2020-09-11T18:12:10.693+0000][1][gc,age       ] GC(124) - age   1:     182928 bytes,     182928 total
[2020-09-11T18:12:10.693+0000][1][gc,age       ] GC(124) - age   2:     126888 bytes,     309816 total
[2020-09-11T18:12:10.693+0000][1][gc,age       ] GC(124) - age   3:     164696 bytes,     474512 total
[2020-09-11T18:12:10.693+0000][1][gc,age       ] GC(124) - age   4:     641480 bytes,    1115992 total
[2020-09-11T18:12:10.693+0000][1][gc,age       ] GC(124) - age   5:      48744 bytes,    1164736 total
[2020-09-11T18:12:10.693+0000][1][gc,age       ] GC(124) - age   6:      10288 bytes,    1175024 total
[2020-09-11T18:12:10.693+0000][1][gc,heap      ] GC(124) ParNew: 69375K->1870K(76672K)
[2020-09-11T18:12:10.693+0000][1][gc,heap      ] GC(124) CMS: 101369K->101377K(439104K)
[2020-09-11T18:12:10.693+0000][1][gc,metaspace ] GC(124) Metaspace: 92442K->92442K(1134592K)
[2020-09-11T18:12:10.693+0000][1][gc           ] GC(124) Pause Young (Allocation Failure) 166M->100M(503M) 13.130ms
[2020-09-11T18:12:10.693+0000][1][gc,cpu       ] GC(124) User=0.01s Sys=0.00s Real=0.02s
[2020-09-11T18:12:10.693+0000][1][safepoint    ] Safepoint "GenCollectForAllocation", Time since last: 2068403656 ns, Reaching safepoint: 259996 ns, At safepoint: 13357803 ns, Total: 13617799 ns
[2020-09-11T18:12:10.770+0000][1][safepoint    ] Safepoint "RevokeBias", Time since last: 76801287 ns, Reaching safepoint: 84686 ns, At safepoint: 32879 ns, Total: 117565 ns
[2020-09-11T18:12:15.772+0000][1][safepoint    ] Safepoint "Cleanup", Time since last: 5001225820 ns, Reaching safepoint: 94753 ns, At safepoint: 8902 ns, Total: 103655 ns
[2020-09-11T18:12:16.499+0000][1][safepoint    ] Safepoint "RevokeBias", Time since last: 727516585 ns, Reaching safepoint: 163226 ns, At safepoint: 23380 ns, Total: 186606 ns
[2020-09-11T18:12:17.500+0000][1][safepoint    ] Safepoint "Cleanup", Time since last: 1000112599 ns, Reaching safepoint: 88020 ns, At safepoint: 11051 ns, Total: 99071 ns
[2020-09-11T18:12:18.500+0000][1][safepoint    ] Safepoint "Cleanup", Time since last: 1000119626 ns, Reaching safepoint: 79550 ns, At safepoint: 6936 ns, Total: 86486 ns
[2020-09-11T18:12:18.654+0000][1][safepoint    ] Safepoint "RevokeBias", Time since last: 154241014 ns, Reaching safepoint: 84743 ns, At safepoint: 22136 ns, Total: 106879 ns
[2020-09-11T18:12:20.791+0000][1][safepoint    ] Safepoint "RevokeBias", Time since last: 2136633993 ns, Reaching safepoint: 90603 ns, At safepoint: 42427 ns, Total: 133030 ns
[2020-09-11T18:12:26.507+0000][1][safepoint    ] Safepoint "RevokeBias", Time since last: 5715734581 ns, Reaching safepoint: 89615 ns, At safepoint: 23977 ns, Total: 113592 ns
[2020-09-11T18:12:28.507+0000][1][safepoint    ] Safepoint "Cleanup", Time since last: 2000190208 ns, Reaching safepoint: 80666 ns, At safepoint: 7594 ns, Total: 88260 ns
[2020-09-11T18:12:28.650+0000][1][safepoint    ] Safepoint "RevokeBias", Time since last: 143082232 ns, Reaching safepoint: 86781 ns, At safepoint: 21874 ns, Total: 108655 ns
[2020-09-11T18:12:30.703+0000][1][safepoint    ] Safepoint "RevokeBias", Time since last: 2053125237 ns, Reaching safepoint: 85035 ns, At safepoint: 23520 ns, Total: 108555 ns
[2020-09-11T18:12:33.777+0000][1][gc,start     ] GC(125) Pause Young (Allocation Failure)
[2020-09-11T18:12:33.777+0000][1][gc,task      ] GC(125) Using 1 workers of 1 for evacuation
[2020-09-11T18:12:33.786+0000][1][gc,age       ] GC(125) Desired survivor size 4358144 bytes, new threshold 6 (max threshold 6)
[2020-09-11T18:12:33.787+0000][1][gc,age       ] GC(125) Age table with threshold 6 (max threshold 6)
[2020-09-11T18:12:33.787+0000][1][gc,age       ] GC(125) - age   1:     128848 bytes,     128848 total
[2020-09-11T18:12:33.787+0000][1][gc,age       ] GC(125) - age   2:      38832 bytes,     167680 total
[2020-09-11T18:12:33.787+0000][1][gc,age       ] GC(125) - age   3:     123936 bytes,     291616 total
[2020-09-11T18:12:33.787+0000][1][gc,age       ] GC(125) - age   4:     164696 bytes,     456312 total
[2020-09-11T18:12:33.787+0000][1][gc,age       ] GC(125) - age   5:     630960 bytes,    1087272 total
[2020-09-11T18:12:33.787+0000][1][gc,age       ] GC(125) - age   6:       3888 bytes,    1091160 total
[2020-09-11T18:12:33.787+0000][1][gc,heap      ] GC(125) ParNew: 70030K->1094K(76672K)
[2020-09-11T18:12:33.787+0000][1][gc,heap      ] GC(125) CMS: 101377K->101387K(439104K)
[2020-09-11T18:12:33.787+0000][1][gc,metaspace ] GC(125) Metaspace: 92457K->92457K(1134592K)
[2020-09-11T18:12:33.787+0000][1][gc           ] GC(125) Pause Young (Allocation Failure) 167M->100M(503M) 9.772ms
[2020-09-11T18:12:33.787+0000][1][gc,cpu       ] GC(125) User=0.01s Sys=0.00s Real=0.01s
[2020-09-11T18:12:33.787+0000][1][safepoint    ] Safepoint "GenCollectForAllocation", Time since last: 3070537658 ns, Reaching safepoint: 2838861 ns, At safepoint: 9843909 ns, Total: 12682770 ns
[2020-09-11T18:12:36.526+0000][1][safepoint    ] Safepoint "RevokeBias", Time since last: 2739308963 ns, Reaching safepoint: 84484 ns, At safepoint: 21057 ns, Total: 105541 ns
[2020-09-11T18:12:38.526+0000][1][safepoint    ] Safepoint "Cleanup", Time since last: 2000180825 ns, Reaching safepoint: 201378 ns, At safepoint: 7197 ns, Total: 208575 ns
[2020-09-11T18:12:38.634+0000][1][safepoint    ] Safepoint "RevokeBias", Time since last: 107512926 ns, Reaching safepoint: 85184 ns, At safepoint: 23656 ns, Total: 108840 ns
[2020-09-11T18:12:39.634+0000][1][safepoint    ] Safepoint "Cleanup", Time since last: 1000105426 ns, Reaching safepoint: 90499 ns, At safepoint: 8588 ns, Total: 99087 ns
[2020-09-11T18:12:40.691+0000][1][safepoint    ] Safepoint "RevokeBias", Time since last: 1056935189 ns, Reaching safepoint: 162555 ns, At safepoint: 23909 ns, Total: 186464 ns
[2020-09-11T18:12:46.517+0000][1][safepoint    ] Safepoint "RevokeBias", Time since last: 5825566372 ns, Reaching safepoint: 91702 ns, At safepoint: 21909 ns, Total: 113611 ns
[2020-09-11T18:12:48.529+0000][1][safepoint    ] Safepoint "Cleanup", Time since last: 2011664202 ns, Reaching safepoint: 82262 ns, At safepoint: 7545 ns, Total: 89807 ns
[2020-09-11T18:12:48.731+0000][1][safepoint    ] Safepoint "RevokeBias", Time since last: 201651988 ns, Reaching safepoint: 90631 ns, At safepoint: 21746 ns, Total: 112377 ns
[2020-09-11T18:12:50.691+0000][1][safepoint    ] Safepoint "RevokeBias", Time since last: 1960287866 ns, Reaching safepoint: 88677 ns, At safepoint: 34152 ns, Total: 122829 ns
[2020-09-11T18:12:55.935+0000][1][gc,start     ] GC(126) Pause Young (Allocation Failure)
[2020-09-11T18:12:55.935+0000][1][gc,task      ] GC(126) Using 1 workers of 1 for evacuation
[2020-09-11T18:12:55.940+0000][1][gc,age       ] GC(126) Desired survivor size 4358144 bytes, new threshold 6 (max threshold 6)
[2020-09-11T18:12:55.940+0000][1][gc,age       ] GC(126) Age table with threshold 6 (max threshold 6)
[2020-09-11T18:12:55.940+0000][1][gc,age       ] GC(126) - age   1:     457952 bytes,     457952 total
[2020-09-11T18:12:55.940+0000][1][gc,age       ] GC(126) - age   2:      74352 bytes,     532304 total
[2020-09-11T18:12:55.940+0000][1][gc,age       ] GC(126) - age   3:      37576 bytes,     569880 total
[2020-09-11T18:12:55.940+0000][1][gc,age       ] GC(126) - age   4:     123936 bytes,     693816 total
[2020-09-11T18:12:55.940+0000][1][gc,age       ] GC(126) - age   5:     164696 bytes,     858512 total
[2020-09-11T18:12:55.940+0000][1][gc,age       ] GC(126) - age   6:     276504 bytes,    1135016 total
[2020-09-11T18:12:55.940+0000][1][gc,heap      ] GC(126) ParNew: 69203K->2145K(76672K)
[2020-09-11T18:12:55.940+0000][1][gc,heap      ] GC(126) CMS: 101387K->101391K(439104K)
[2020-09-11T18:12:55.940+0000][1][gc,metaspace ] GC(126) Metaspace: 92462K->92462K(1134592K)
[2020-09-11T18:12:55.940+0000][1][gc           ] GC(126) Pause Young (Allocation Failure) 166M->101M(503M) 5.333ms
[2020-09-11T18:12:55.940+0000][1][gc,cpu       ] GC(126) User=0.01s Sys=0.00s Real=0.00s
[2020-09-11T18:12:55.945+0000][1][safepoint    ] Safepoint "GenCollectForAllocation", Time since last: 5244012970 ns, Reaching safepoint: 74224 ns, At safepoint: 9663375 ns, Total: 9737599 ns
[2020-09-11T18:12:56.538+0000][1][safepoint    ] Safepoint "RevokeBias", Time since last: 593245848 ns, Reaching safepoint: 88063 ns, At safepoint: 34278 ns, Total: 122341 ns
[2020-09-11T18:12:57.539+0000][1][safepoint    ] Safepoint "Cleanup", Time since last: 1000760128 ns, Reaching safepoint: 87152 ns, At safepoint: 23584 ns, Total: 110736 ns
[2020-09-11T18:12:58.539+0000][1][safepoint    ] Safepoint "Cleanup", Time since last: 1000115859 ns, Reaching safepoint: 82231 ns, At safepoint: 7123 ns, Total: 89354 ns
[2020-09-11T18:12:58.579+0000][1][safepoint    ] Safepoint "RevokeBias", Time since last: 40126453 ns, Reaching safepoint: 85274 ns, At safepoint: 23418 ns, Total: 108692 ns
[2020-09-11T18:13:00.712+0000][1][safepoint    ] Safepoint "RevokeBias", Time since last: 2132545496 ns, Reaching safepoint: 160612 ns, At safepoint: 23725 ns, Total: 184337 ns
[2020-09-11T18:13:06.509+0000][1][safepoint    ] Safepoint "RevokeBias", Time since last: 5796987744 ns, Reaching safepoint: 87960 ns, At safepoint: 22770 ns, Total: 110730 ns
[2020-09-11T18:13:08.525+0000][1][gc,start     ] GC(127) Pause Young (Allocation Failure)
[2020-09-11T18:13:08.525+0000][1][gc,task      ] GC(127) Using 1 workers of 1 for evacuation
[2020-09-11T18:13:08.538+0000][1][gc,age       ] GC(127) Desired survivor size 4358144 bytes, new threshold 6 (max threshold 6)
[2020-09-11T18:13:08.538+0000][1][gc,age       ] GC(127) Age table with threshold 6 (max threshold 6)
[2020-09-11T18:13:08.538+0000][1][gc,age       ] GC(127) - age   1:     320328 bytes,     320328 total
[2020-09-11T18:13:08.538+0000][1][gc,age       ] GC(127) - age   2:     412544 bytes,     732872 total
[2020-09-11T18:13:08.538+0000][1][gc,age       ] GC(127) - age   3:      70640 bytes,     803512 total
[2020-09-11T18:13:08.538+0000][1][gc,age       ] GC(127) - age   4:      37384 bytes,     840896 total
[2020-09-11T18:13:08.538+0000][1][gc,age       ] GC(127) - age   5:     123936 bytes,     964832 total
[2020-09-11T18:13:08.538+0000][1][gc,age       ] GC(127) - age   6:       5712 bytes,     970544 total
[2020-09-11T18:13:08.538+0000][1][gc,heap      ] GC(127) ParNew: 70305K->1367K(76672K)
[2020-09-11T18:13:08.538+0000][1][gc,heap      ] GC(127) CMS: 101391K->101658K(439104K)
[2020-09-11T18:13:08.538+0000][1][gc,metaspace ] GC(127) Metaspace: 92464K->92464K(1134592K)
[2020-09-11T18:13:08.538+0000][1][gc           ] GC(127) Pause Young (Allocation Failure) 167M->100M(503M) 13.348ms
[2020-09-11T18:13:08.538+0000][1][gc,cpu       ] GC(127) User=0.00s Sys=0.00s Real=0.01s
[2020-09-11T18:13:08.553+0000][1][safepoint    ] Safepoint "GenCollectForAllocation", Time since last: 2011028017 ns, Reaching safepoint: 4564836 ns, At safepoint: 27919694 ns, Total: 32484530 ns
[2020-09-11T18:13:08.625+0000][1][safepoint    ] Safepoint "RevokeBias", Time since last: 71960881 ns, Reaching safepoint: 157792 ns, At safepoint: 24329 ns, Total: 182121 ns
[2020-09-11T18:13:10.700+0000][1][safepoint    ] Safepoint "RevokeBias", Time since last: 2074722561 ns, Reaching safepoint: 161438 ns, At safepoint: 24257 ns, Total: 185695 ns
[2020-09-11T18:13:12.700+0000][1][safepoint    ] Safepoint "Cleanup", Time since last: 2000198208 ns, Reaching safepoint: 85911 ns, At safepoint: 10417 ns, Total: 96328 ns
[2020-09-11T18:13:15.701+0000][1][safepoint    ] Safepoint "Cleanup", Time since last: 3000288297 ns, Reaching safepoint: 106545 ns, At safepoint: 10481 ns, Total: 117026 ns
[2020-09-11T18:13:16.548+0000][1][safepoint    ] Safepoint "RevokeBias", Time since last: 847463301 ns, Reaching safepoint: 98166 ns, At safepoint: 24767 ns, Total: 122933 ns
[2020-09-11T18:13:18.685+0000][1][safepoint    ] Safepoint "RevokeBias", Time since last: 2136823956 ns, Reaching safepoint: 85379 ns, At safepoint: 24765 ns, Total: 110144 ns
[2020-09-11T18:13:20.810+0000][1][safepoint    ] Safepoint "RevokeBias", Time since last: 2124622900 ns, Reaching safepoint: 90637 ns, At safepoint: 41127 ns, Total: 131764 ns
[2020-09-11T18:13:21.810+0000][1][safepoint    ] Safepoint "Cleanup", Time since last: 1000108156 ns, Reaching safepoint: 79201 ns, At safepoint: 9039 ns, Total: 88240 ns
[2020-09-11T18:13:22.810+0000][1][safepoint    ] Safepoint "Cleanup", Time since last: 1000116804 ns, Reaching safepoint: 79116 ns, At safepoint: 7734 ns, Total: 86850 ns
[2020-09-11T18:13:23.810+0000][1][safepoint    ] Safepoint "Cleanup", Time since last: 1000113346 ns, Reaching safepoint: 79686 ns, At safepoint: 7128 ns, Total: 86814 ns
[2020-09-11T18:13:24.811+0000][1][safepoint    ] Safepoint "Cleanup", Time since last: 1000116612 ns, Reaching safepoint: 82042 ns, At safepoint: 8831 ns, Total: 90873 ns
[2020-09-11T18:13:25.811+0000][1][safepoint    ] Safepoint "Cleanup", Time since last: 1000116592 ns, Reaching safepoint: 80961 ns, At safepoint: 8989 ns, Total: 89950 ns
[2020-09-11T18:13:26.564+0000][1][safepoint    ] Safepoint "RevokeBias", Time since last: 752784088 ns, Reaching safepoint: 97597 ns, At safepoint: 25919 ns, Total: 123516 ns
[2020-09-11T18:13:27.564+0000][1][safepoint    ] Safepoint "Cleanup", Time since last: 1000109719 ns, Reaching safepoint: 75731 ns, At safepoint: 6956 ns, Total: 82687 ns
[2020-09-11T18:13:28.564+0000][1][safepoint    ] Safepoint "Cleanup", Time since last: 1000116405 ns, Reaching safepoint: 82149 ns, At safepoint: 8224 ns, Total: 90373 ns
[2020-09-11T18:13:28.589+0000][1][gc,start     ] GC(128) Pause Young (Allocation Failure)
[2020-09-11T18:13:28.589+0000][1][gc,task      ] GC(128) Using 1 workers of 1 for evacuation
[2020-09-11T18:13:28.599+0000][1][gc,age       ] GC(128) Desired survivor size 4358144 bytes, new threshold 6 (max threshold 6)
[2020-09-11T18:13:28.599+0000][1][gc,age       ] GC(128) Age table with threshold 6 (max threshold 6)
[2020-09-11T18:13:28.599+0000][1][gc,age       ] GC(128) - age   1:     120728 bytes,     120728 total
[2020-09-11T18:13:28.599+0000][1][gc,age       ] GC(128) - age   2:     192184 bytes,     312912 total
[2020-09-11T18:13:28.599+0000][1][gc,age       ] GC(128) - age   3:     405600 bytes,     718512 total
[2020-09-11T18:13:28.599+0000][1][gc,age       ] GC(128) - age   4:      70640 bytes,     789152 total
[2020-09-11T18:13:28.599+0000][1][gc,age       ] GC(128) - age   5:      37384 bytes,     826536 total
[2020-09-11T18:13:28.599+0000][1][gc,age       ] GC(128) - age   6:     123936 bytes,     950472 total
[2020-09-11T18:13:28.599+0000][1][gc,heap      ] GC(128) ParNew: 69527K->1763K(76672K)
[2020-09-11T18:13:28.599+0000][1][gc,heap      ] GC(128) CMS: 101658K->101662K(439104K)
[2020-09-11T18:13:28.599+0000][1][gc,metaspace ] GC(128) Metaspace: 92474K->92474K(1134592K)
[2020-09-11T18:13:28.599+0000][1][gc           ] GC(128) Pause Young (Allocation Failure) 167M->101M(503M) 9.877ms
[2020-09-11T18:13:28.599+0000][1][gc,cpu       ] GC(128) User=0.00s Sys=0.00s Real=0.01s
[2020-09-11T18:13:28.599+0000][1][safepoint    ] Safepoint "GenCollectForAllocation", Time since last: 20726936 ns, Reaching safepoint: 3962291 ns, At safepoint: 9949557 ns, Total: 13911848 ns
[2020-09-11T18:13:28.792+0000][1][safepoint    ] Safepoint "BulkRevokeBias", Time since last: 192807684 ns, Reaching safepoint: 87359 ns, At safepoint: 207039 ns, Total: 294398 ns
[2020-09-11T18:13:29.792+0000][1][safepoint    ] Safepoint "Cleanup", Time since last: 1000112805 ns, Reaching safepoint: 80268 ns, At safepoint: 9069 ns, Total: 89337 ns
[2020-09-11T18:13:30.704+0000][1][safepoint    ] Safepoint "RevokeBias", Time since last: 911802341 ns, Reaching safepoint: 85103 ns, At safepoint: 21638 ns, Total: 106741 ns
[2020-09-11T18:13:31.704+0000][1][safepoint    ] Safepoint "Cleanup", Time since last: 1000109569 ns, Reaching safepoint: 79118 ns, At safepoint: 8582 ns, Total: 87700 ns
[2020-09-11T18:13:32.704+0000][1][safepoint    ] Safepoint "Cleanup", Time since last: 1000115164 ns, Reaching safepoint: 78160 ns, At safepoint: 8885 ns, Total: 87045 ns
[2020-09-11T18:13:33.705+0000][1][safepoint    ] Safepoint "Cleanup", Time since last: 1000116200 ns, Reaching safepoint: 76592 ns, At safepoint: 6864 ns, Total: 83456 ns
[2020-09-11T18:13:34.705+0000][1][safepoint    ] Safepoint "Cleanup", Time since last: 1000114063 ns, Reaching safepoint: 107604 ns, At safepoint: 8605 ns, Total: 116209 ns
[2020-09-11T18:13:35.705+0000][1][safepoint    ] Safepoint "Cleanup", Time since last: 1000112344 ns, Reaching safepoint: 88322 ns, At safepoint: 9758 ns, Total: 98080 ns
[2020-09-11T18:13:36.553+0000][1][safepoint    ] Safepoint "RevokeBias", Time since last: 847933184 ns, Reaching safepoint: 83381 ns, At safepoint: 22489 ns, Total: 105870 ns
[2020-09-11T18:13:37.553+0000][1][safepoint    ] Safepoint "Cleanup", Time since last: 1000115810 ns, Reaching safepoint: 84349 ns, At safepoint: 10227 ns, Total: 94576 ns
[2020-09-11T18:13:38.554+0000][1][safepoint    ] Safepoint "Cleanup", Time since last: 1000106152 ns, Reaching safepoint: 153036 ns, At safepoint: 6572 ns, Total: 159608 ns
[2020-09-11T18:13:38.572+0000][1][safepoint    ] Safepoint "RevokeBias", Time since last: 17905321 ns, Reaching safepoint: 85435 ns, At safepoint: 21777 ns, Total: 107212 ns
[2020-09-11T18:13:39.572+0000][1][safepoint    ] Safepoint "Cleanup", Time since last: 1000104297 ns, Reaching safepoint: 79759 ns, At safepoint: 8495 ns, Total: 88254 ns
[2020-09-11T18:13:40.572+0000][1][safepoint    ] Safepoint "Cleanup", Time since last: 1000118004 ns, Reaching safepoint: 79993 ns, At safepoint: 9108 ns, Total: 89101 ns
[2020-09-11T18:13:40.751+0000][1][safepoint    ] Safepoint "RevokeBias", Time since last: 178645959 ns, Reaching safepoint: 160367 ns, At safepoint: 22883 ns, Total: 183250 ns
[2020-09-11T18:13:41.751+0000][1][safepoint    ] Safepoint "Cleanup", Time since last: 1000120975 ns, Reaching safepoint: 83837 ns, At safepoint: 10971 ns, Total: 94808 ns
[2020-09-11T18:13:42.751+0000][1][safepoint    ] Safepoint "Cleanup", Time since last: 1000115625 ns, Reaching safepoint: 80424 ns, At safepoint: 9087 ns, Total: 89511 ns
[2020-09-11T18:13:43.751+0000][1][safepoint    ] Safepoint "Cleanup", Time since last: 1000115160 ns, Reaching safepoint: 81628 ns, At safepoint: 9396 ns, Total: 91024 ns
[2020-09-11T18:13:44.752+0000][1][safepoint    ] Safepoint "Cleanup", Time since last: 1000112497 ns, Reaching safepoint: 81992 ns, At safepoint: 8946 ns, Total: 90938 ns
[2020-09-11T18:13:45.752+0000][1][safepoint    ] Safepoint "Cleanup", Time since last: 1000123321 ns, Reaching safepoint: 86236 ns, At safepoint: 8458 ns, Total: 94694 ns
[2020-09-11T18:13:46.536+0000][1][safepoint    ] Safepoint "RevokeBias", Time since last: 783725935 ns, Reaching safepoint: 86427 ns, At safepoint: 21449 ns, Total: 107876 ns
[2020-09-11T18:13:47.536+0000][1][safepoint    ] Safepoint "Cleanup", Time since last: 1000111414 ns, Reaching safepoint: 86569 ns, At safepoint: 9661 ns, Total: 96230 ns
[2020-09-11T18:13:48.537+0000][1][safepoint    ] Safepoint "Cleanup", Time since last: 1000881834 ns, Reaching safepoint: 106510 ns, At safepoint: 10810 ns, Total: 117320 ns
[2020-09-11T18:13:48.631+0000][1][safepoint    ] Safepoint "RevokeBias", Time since last: 94062726 ns, Reaching safepoint: 86370 ns, At safepoint: 21559 ns, Total: 107929 ns
[2020-09-11T18:13:49.631+0000][1][safepoint    ] Safepoint "Cleanup", Time since last: 1000107902 ns, Reaching safepoint: 84269 ns, At safepoint: 7582 ns, Total: 91851 ns
[2020-09-11T18:13:50.631+0000][1][safepoint    ] Safepoint "Cleanup", Time since last: 1000109914 ns, Reaching safepoint: 74726 ns, At safepoint: 6964 ns, Total: 81690 ns
[2020-09-11T18:13:50.706+0000][1][safepoint    ] Safepoint "RevokeBias", Time since last: 74417664 ns, Reaching safepoint: 85636 ns, At safepoint: 21893 ns, Total: 107529 ns
[2020-09-11T18:13:51.706+0000][1][safepoint    ] Safepoint "Cleanup", Time since last: 1000105872 ns, Reaching safepoint: 101244 ns, At safepoint: 8071 ns, Total: 109315 ns
[2020-09-11T18:13:52.706+0000][1][safepoint    ] Safepoint "Cleanup", Time since last: 1000115335 ns, Reaching safepoint: 90341 ns, At safepoint: 9828 ns, Total: 100169 ns
[2020-09-11T18:13:53.707+0000][1][safepoint    ] Safepoint "Cleanup", Time since last: 1000113097 ns, Reaching safepoint: 80242 ns, At safepoint: 7672 ns, Total: 87914 ns
[2020-09-11T18:13:54.093+0000][1][gc,start     ] GC(129) Pause Young (Allocation Failure)
[2020-09-11T18:13:54.093+0000][1][gc,task      ] GC(129) Using 1 workers of 1 for evacuation
[2020-09-11T18:13:54.101+0000][1][gc,age       ] GC(129) Desired survivor size 4358144 bytes, new threshold 6 (max threshold 6)
[2020-09-11T18:13:54.101+0000][1][gc,age       ] GC(129) Age table with threshold 6 (max threshold 6)
[2020-09-11T18:13:54.101+0000][1][gc,age       ] GC(129) - age   1:     136136 bytes,     136136 total
[2020-09-11T18:13:54.101+0000][1][gc,age       ] GC(129) - age   2:      48224 bytes,     184360 total
[2020-09-11T18:13:54.101+0000][1][gc,age       ] GC(129) - age   3:     189064 bytes,     373424 total
[2020-09-11T18:13:54.101+0000][1][gc,age       ] GC(129) - age   4:     405600 bytes,     779024 total
[2020-09-11T18:13:54.101+0000][1][gc,age       ] GC(129) - age   5:      70608 bytes,     849632 total
[2020-09-11T18:13:54.101+0000][1][gc,age       ] GC(129) - age   6:      30824 bytes,     880456 total
[2020-09-11T18:13:54.101+0000][1][gc,heap      ] GC(129) ParNew: 69923K->1137K(76672K)
[2020-09-11T18:13:54.101+0000][1][gc,heap      ] GC(129) CMS: 101662K->101733K(439104K)
[2020-09-11T18:13:54.101+0000][1][gc,metaspace ] GC(129) Metaspace: 92498K->92498K(1134592K)
[2020-09-11T18:13:54.101+0000][1][gc           ] GC(129) Pause Young (Allocation Failure) 167M->100M(503M) 8.551ms
[2020-09-11T18:13:54.101+0000][1][gc,cpu       ] GC(129) User=0.00s Sys=0.00s Real=0.01s
[2020-09-11T18:13:54.101+0000][1][safepoint    ] Safepoint "GenCollectForAllocation", Time since last: 385971525 ns, Reaching safepoint: 150541 ns, At safepoint: 8687793 ns, Total: 8838334 ns
[2020-09-11T18:13:55.103+0000][1][safepoint    ] Safepoint "Cleanup", Time since last: 1001146653 ns, Reaching safepoint: 82798 ns, At safepoint: 8870 ns, Total: 91668 ns
[2020-09-11T18:13:56.103+0000][1][safepoint    ] Safepoint "Cleanup", Time since last: 1000109429 ns, Reaching safepoint: 77673 ns, At safepoint: 8382 ns, Total: 86055 ns
[2020-09-11T18:13:56.511+0000][1][safepoint    ] Safepoint "RevokeBias", Time since last: 407885550 ns, Reaching safepoint: 95720 ns, At safepoint: 26065 ns, Total: 121785 ns
[2020-09-11T18:13:57.511+0000][1][safepoint    ] Safepoint "Cleanup", Time since last: 1000126247 ns, Reaching safepoint: 85676 ns, At safepoint: 10352 ns, Total: 96028 ns
[2020-09-11T18:13:58.511+0000][1][safepoint    ] Safepoint "Cleanup", Time since last: 1000111420 ns, Reaching safepoint: 72535 ns, At safepoint: 5325 ns, Total: 77860 ns
[2020-09-11T18:13:58.681+0000][1][safepoint    ] Safepoint "RevokeBias", Time since last: 169716119 ns, Reaching safepoint: 91036 ns, At safepoint: 22648 ns, Total: 113684 ns
[2020-09-11T18:13:59.681+0000][1][safepoint    ] Safepoint "Cleanup", Time since last: 1000111959 ns, Reaching safepoint: 80307 ns, At safepoint: 8824 ns, Total: 89131 ns
[2020-09-11T18:14:00.682+0000][1][safepoint    ] Safepoint "Cleanup", Time since last: 1000111238 ns, Reaching safepoint: 128524 ns, At safepoint: 7897 ns, Total: 136421 ns
[2020-09-11T18:14:00.756+0000][1][safepoint    ] Safepoint "RevokeBias", Time since last: 74519583 ns, Reaching safepoint: 170861 ns, At safepoint: 26417 ns, Total: 197278 ns
[2020-09-11T18:14:01.756+0000][1][safepoint    ] Safepoint "Cleanup", Time since last: 1000106598 ns, Reaching safepoint: 78173 ns, At safepoint: 6867 ns, Total: 85040 ns
[2020-09-11T18:14:02.757+0000][1][safepoint    ] Safepoint "Cleanup", Time since last: 1000119185 ns, Reaching safepoint: 83248 ns, At safepoint: 8355 ns, Total: 91603 ns
[2020-09-11T18:14:03.757+0000][1][safepoint    ] Safepoint "Cleanup", Time since last: 1000096867 ns, Reaching safepoint: 78944 ns, At safepoint: 9283 ns, Total: 88227 ns
[2020-09-11T18:14:04.757+0000][1][safepoint    ] Safepoint "Cleanup", Time since last: 1000111146 ns, Reaching safepoint: 79823 ns, At safepoint: 8924 ns, Total: 88747 ns
[2020-09-11T18:14:05.757+0000][1][safepoint    ] Safepoint "Cleanup", Time since last: 1000115227 ns, Reaching safepoint: 79800 ns, At safepoint: 9246 ns, Total: 89046 ns
[2020-09-11T18:14:06.578+0000][1][safepoint    ] Safepoint "RevokeBias", Time since last: 820693027 ns, Reaching safepoint: 89716 ns, At safepoint: 22427 ns, Total: 112143 ns
[2020-09-11T18:14:07.578+0000][1][safepoint    ] Safepoint "Cleanup", Time since last: 1000105523 ns, Reaching safepoint: 77385 ns, At safepoint: 9407 ns, Total: 86792 ns
[2020-09-11T18:14:08.578+0000][1][safepoint    ] Safepoint "Cleanup", Time since last: 1000124170 ns, Reaching safepoint: 79128 ns, At safepoint: 7361 ns, Total: 86489 ns
[2020-09-11T18:14:08.744+0000][1][safepoint    ] Safepoint "RevokeBias", Time since last: 165215382 ns, Reaching safepoint: 91207 ns, At safepoint: 23285 ns, Total: 114492 ns
[2020-09-11T18:14:09.744+0000][1][safepoint    ] Safepoint "Cleanup", Time since last: 1000173296 ns, Reaching safepoint: 77280 ns, At safepoint: 6140 ns, Total: 83420 ns
[2020-09-11T18:14:10.694+0000][1][safepoint    ] Safepoint "RevokeBias", Time since last: 949903212 ns, Reaching safepoint: 87297 ns, At safepoint: 22902 ns, Total: 110199 ns
[2020-09-11T18:14:11.747+0000][1][safepoint    ] Safepoint "Cleanup", Time since last: 1052544070 ns, Reaching safepoint: 127103 ns, At safepoint: 7754 ns, Total: 134857 ns
[2020-09-11T18:14:13.098+0000][1][safepoint    ] Safepoint "Cleanup", Time since last: 1351456707 ns, Reaching safepoint: 92732 ns, At safepoint: 9584 ns, Total: 102316 ns
[2020-09-11T18:14:13.879+0000][1][gc,start     ] GC(130) Pause Young (Allocation Failure)
[2020-09-11T18:14:13.879+0000][1][gc,task      ] GC(130) Using 1 workers of 1 for evacuation
[2020-09-11T18:14:13.891+0000][1][gc,age       ] GC(130) Desired survivor size 4358144 bytes, new threshold 6 (max threshold 6)
[2020-09-11T18:14:13.891+0000][1][gc,age       ] GC(130) Age table with threshold 6 (max threshold 6)
[2020-09-11T18:14:13.891+0000][1][gc,age       ] GC(130) - age   1:     123016 bytes,     123016 total
[2020-09-11T18:14:13.891+0000][1][gc,age       ] GC(130) - age   2:      80528 bytes,     203544 total
[2020-09-11T18:14:13.891+0000][1][gc,age       ] GC(130) - age   3:      45728 bytes,     249272 total
[2020-09-11T18:14:13.891+0000][1][gc,age       ] GC(130) - age   4:     188872 bytes,     438144 total
[2020-09-11T18:14:13.891+0000][1][gc,age       ] GC(130) - age   5:     405504 bytes,     843648 total
[2020-09-11T18:14:13.891+0000][1][gc,age       ] GC(130) - age   6:      26768 bytes,     870416 total
[2020-09-11T18:14:13.891+0000][1][gc,heap      ] GC(130) ParNew: 69297K->1573K(76672K)
[2020-09-11T18:14:13.891+0000][1][gc,heap      ] GC(130) CMS: 101733K->101754K(439104K)
[2020-09-11T18:14:13.891+0000][1][gc,metaspace ] GC(130) Metaspace: 92511K->92511K(1134592K)
[2020-09-11T18:14:13.891+0000][1][gc           ] GC(130) Pause Young (Allocation Failure) 167M->100M(503M) 11.680ms
[2020-09-11T18:14:13.891+0000][1][gc,cpu       ] GC(130) User=0.00s Sys=0.00s Real=0.01s
[2020-09-11T18:14:13.891+0000][1][safepoint    ] Safepoint "GenCollectForAllocation", Time since last: 780184337 ns, Reaching safepoint: 588473 ns, At safepoint: 11748300 ns, Total: 12336773 ns
[2020-09-11T18:14:14.897+0000][1][safepoint    ] Safepoint "Cleanup", Time since last: 1006133320 ns, Reaching safepoint: 78870 ns, At safepoint: 19644 ns, Total: 98514 ns
[2020-09-11T18:14:15.897+0000][1][safepoint    ] Safepoint "Cleanup", Time since last: 1000102387 ns, Reaching safepoint: 75339 ns, At safepoint: 17044 ns, Total: 92383 ns
[2020-09-11T18:14:16.513+0000][1][safepoint    ] Safepoint "RevokeBias", Time since last: 615716294 ns, Reaching safepoint: 84398 ns, At safepoint: 21977 ns, Total: 106375 ns
[2020-09-11T18:14:17.513+0000][1][safepoint    ] Safepoint "Cleanup", Time since last: 1000108156 ns, Reaching safepoint: 88823 ns, At safepoint: 10248 ns, Total: 99071 ns
[2020-09-11T18:14:18.517+0000][1][safepoint    ] Safepoint "Cleanup", Time since last: 1003488843 ns, Reaching safepoint: 350384 ns, At safepoint: 9908 ns, Total: 360292 ns
[2020-09-11T18:14:18.626+0000][1][safepoint    ] Safepoint "RevokeBias", Time since last: 108293295 ns, Reaching safepoint: 94342 ns, At safepoint: 25255 ns, Total: 119597 ns
[2020-09-11T18:14:19.626+0000][1][safepoint    ] Safepoint "Cleanup", Time since last: 1000108339 ns, Reaching safepoint: 86728 ns, At safepoint: 7231 ns, Total: 93959 ns
[2020-09-11T18:14:20.626+0000][1][safepoint    ] Safepoint "Cleanup", Time since last: 1000114284 ns, Reaching safepoint: 81448 ns, At safepoint: 9772 ns, Total: 91220 ns
[2020-09-11T18:14:20.711+0000][1][safepoint    ] Safepoint "RevokeBias", Time since last: 84450576 ns, Reaching safepoint: 166070 ns, At safepoint: 23061 ns, Total: 189131 ns
[2020-09-11T18:14:21.711+0000][1][safepoint    ] Safepoint "Cleanup", Time since last: 1000114287 ns, Reaching safepoint: 78333 ns, At safepoint: 7430 ns, Total: 85763 ns
[2020-09-11T18:14:22.711+0000][1][safepoint    ] Safepoint "Cleanup", Time since last: 1000106790 ns, Reaching safepoint: 99780 ns, At safepoint: 9442 ns, Total: 109222 ns
[2020-09-11T18:14:23.711+0000][1][safepoint    ] Safepoint "Cleanup", Time since last: 1000110688 ns, Reaching safepoint: 84397 ns, At safepoint: 9686 ns, Total: 94083 ns
[2020-09-11T18:14:24.711+0000][1][safepoint    ] Safepoint "Cleanup", Time since last: 1000113117 ns, Reaching safepoint: 84431 ns, At safepoint: 7574 ns, Total: 92005 ns
[2020-09-11T18:14:26.588+0000][1][safepoint    ] Safepoint "RevokeBias", Time since last: 1876380289 ns, Reaching safepoint: 97078 ns, At safepoint: 24452 ns, Total: 121530 ns
[2020-09-11T18:14:28.590+0000][1][safepoint    ] Safepoint "Cleanup", Time since last: 2002179506 ns, Reaching safepoint: 93381 ns, At safepoint: 6903 ns, Total: 100284 ns
[2020-09-11T18:14:28.681+0000][1][safepoint    ] Safepoint "RevokeBias", Time since last: 90769248 ns, Reaching safepoint: 85036 ns, At safepoint: 22333 ns, Total: 107369 ns
[2020-09-11T18:14:29.681+0000][1][safepoint    ] Safepoint "Cleanup", Time since last: 1000110125 ns, Reaching safepoint: 78879 ns, At safepoint: 7652 ns, Total: 86531 ns
[2020-09-11T18:14:30.682+0000][1][safepoint    ] Safepoint "Cleanup", Time since last: 1000112397 ns, Reaching safepoint: 134885 ns, At safepoint: 10101 ns, Total: 144986 ns
[2020-09-11T18:14:30.719+0000][1][safepoint    ] Safepoint "RevokeBias", Time since last: 36908720 ns, Reaching safepoint: 86517 ns, At safepoint: 21975 ns, Total: 108492 ns
[2020-09-11T18:14:35.719+0000][1][safepoint    ] Safepoint "Cleanup", Time since last: 5000416372 ns, Reaching safepoint: 84798 ns, At safepoint: 9183 ns, Total: 93981 ns
[2020-09-11T18:14:36.515+0000][1][safepoint    ] Safepoint "RevokeBias", Time since last: 795806143 ns, Reaching safepoint: 89068 ns, At safepoint: 25837 ns, Total: 114905 ns
[2020-09-11T18:14:37.515+0000][1][safepoint    ] Safepoint "Cleanup", Time since last: 1000110004 ns, Reaching safepoint: 84390 ns, At safepoint: 8801 ns, Total: 93191 ns
[2020-09-11T18:14:38.357+0000][1][gc,start     ] GC(131) Pause Young (Allocation Failure)
[2020-09-11T18:14:38.357+0000][1][gc,task      ] GC(131) Using 1 workers of 1 for evacuation
[2020-09-11T18:14:38.371+0000][1][gc,age       ] GC(131) Desired survivor size 4358144 bytes, new threshold 6 (max threshold 6)
[2020-09-11T18:14:38.371+0000][1][gc,age       ] GC(131) Age table with threshold 6 (max threshold 6)
[2020-09-11T18:14:38.371+0000][1][gc,age       ] GC(131) - age   1:     580816 bytes,     580816 total
[2020-09-11T18:14:38.371+0000][1][gc,age       ] GC(131) - age   2:      71696 bytes,     652512 total
[2020-09-11T18:14:38.371+0000][1][gc,age       ] GC(131) - age   3:      77504 bytes,     730016 total
[2020-09-11T18:14:38.371+0000][1][gc,age       ] GC(131) - age   4:      45728 bytes,     775744 total
[2020-09-11T18:14:38.372+0000][1][gc,age       ] GC(131) - age   5:     188560 bytes,     964304 total
[2020-09-11T18:14:38.372+0000][1][gc,age       ] GC(131) - age   6:      49488 bytes,    1013792 total
[2020-09-11T18:14:38.372+0000][1][gc,heap      ] GC(131) ParNew: 69733K->1031K(76672K)
[2020-09-11T18:14:38.372+0000][1][gc,heap      ] GC(131) CMS: 101754K->101762K(439104K)
[2020-09-11T18:14:38.372+0000][1][gc,metaspace ] GC(131) Metaspace: 92591K->92591K(1134592K)
[2020-09-11T18:14:38.372+0000][1][gc           ] GC(131) Pause Young (Allocation Failure) 167M->100M(503M) 14.409ms
[2020-09-11T18:14:38.372+0000][1][gc,cpu       ] GC(131) User=0.01s Sys=0.00s Real=0.01s
[2020-09-11T18:14:38.372+0000][1][safepoint    ] Safepoint "GenCollectForAllocation", Time since last: 841610673 ns, Reaching safepoint: 369179 ns, At safepoint: 14661153 ns, Total: 15030332 ns
[2020-09-11T18:14:38.661+0000][1][safepoint    ] Safepoint "RevokeBias", Time since last: 289145622 ns, Reaching safepoint: 86464 ns, At safepoint: 24415 ns, Total: 110879 ns
[2020-09-11T18:14:40.729+0000][1][safepoint    ] Safepoint "RevokeBias", Time since last: 2067928151 ns, Reaching safepoint: 165904 ns, At safepoint: 23789 ns, Total: 189693 ns
[2020-09-11T18:14:46.517+0000][1][safepoint    ] Safepoint "RevokeBias", Time since last: 5787791107 ns, Reaching safepoint: 89195 ns, At safepoint: 22785 ns, Total: 111980 ns
[2020-09-11T18:14:47.517+0000][1][safepoint    ] Safepoint "Cleanup", Time since last: 1000107413 ns, Reaching safepoint: 89963 ns, At safepoint: 9027 ns, Total: 98990 ns
[2020-09-11T18:14:48.740+0000][1][safepoint    ] Safepoint "RevokeBias", Time since last: 1222251155 ns, Reaching safepoint: 87222 ns, At safepoint: 22935 ns, Total: 110157 ns
[2020-09-11T18:14:50.749+0000][1][safepoint    ] Safepoint "RevokeBias", Time since last: 2009337384 ns, Reaching safepoint: 84428 ns, At safepoint: 22517 ns, Total: 106945 ns
[2020-09-11T18:14:56.548+0000][1][safepoint    ] Safepoint "RevokeBias", Time since last: 5799231485 ns, Reaching safepoint: 88337 ns, At safepoint: 21659 ns, Total: 109996 ns
[2020-09-11T18:14:57.549+0000][1][safepoint    ] Safepoint "Cleanup", Time since last: 1000116337 ns, Reaching safepoint: 84374 ns, At safepoint: 9574 ns, Total: 93948 ns
[2020-09-11T18:14:57.864+0000][1][gc,start     ] GC(132) Pause Young (Allocation Failure)
[2020-09-11T18:14:57.864+0000][1][gc,task      ] GC(132) Using 1 workers of 1 for evacuation
[2020-09-11T18:14:57.874+0000][1][gc,age       ] GC(132) Desired survivor size 4358144 bytes, new threshold 6 (max threshold 6)
[2020-09-11T18:14:57.874+0000][1][gc,age       ] GC(132) Age table with threshold 6 (max threshold 6)
[2020-09-11T18:14:57.874+0000][1][gc,age       ] GC(132) - age   1:     136952 bytes,     136952 total
[2020-09-11T18:14:57.874+0000][1][gc,age       ] GC(132) - age   2:     509680 bytes,     646632 total
[2020-09-11T18:14:57.874+0000][1][gc,age       ] GC(132) - age   3:      69544 bytes,     716176 total
[2020-09-11T18:14:57.874+0000][1][gc,age       ] GC(132) - age   4:      77504 bytes,     793680 total
[2020-09-11T18:14:57.874+0000][1][gc,age       ] GC(132) - age   5:      45416 bytes,     839096 total
[2020-09-11T18:14:57.874+0000][1][gc,age       ] GC(132) - age   6:     188560 bytes,    1027656 total
[2020-09-11T18:14:57.874+0000][1][gc,heap      ] GC(132) ParNew: 69191K->1742K(76672K)
[2020-09-11T18:14:57.874+0000][1][gc,heap      ] GC(132) CMS: 101762K->101810K(439104K)
[2020-09-11T18:14:57.874+0000][1][gc,metaspace ] GC(132) Metaspace: 92597K->92597K(1134592K)
[2020-09-11T18:14:57.874+0000][1][gc           ] GC(132) Pause Young (Allocation Failure) 166M->101M(503M) 9.452ms
[2020-09-11T18:14:57.874+0000][1][gc,cpu       ] GC(132) User=0.00s Sys=0.00s Real=0.01s
[2020-09-11T18:14:57.874+0000][1][safepoint    ] Safepoint "GenCollectForAllocation", Time since last: 315371074 ns, Reaching safepoint: 171937 ns, At safepoint: 9577207 ns, Total: 9749144 ns
[2020-09-11T18:14:58.626+0000][1][safepoint    ] Safepoint "BulkRevokeBias", Time since last: 752022993 ns, Reaching safepoint: 92337 ns, At safepoint: 222693 ns, Total: 315030 ns
[2020-09-11T18:15:00.780+0000][1][safepoint    ] Safepoint "RevokeBias", Time since last: 2153371698 ns, Reaching safepoint: 172506 ns, At safepoint: 27079 ns, Total: 199585 ns
[2020-09-11T18:15:01.780+0000][1][safepoint    ] Safepoint "Cleanup", Time since last: 1000113084 ns, Reaching safepoint: 80428 ns, At safepoint: 7163 ns, Total: 87591 ns
[2020-09-11T18:15:06.520+0000][1][safepoint    ] Safepoint "RevokeBias", Time since last: 4740316210 ns, Reaching safepoint: 88082 ns, At safepoint: 21701 ns, Total: 109783 ns
[2020-09-11T18:15:08.704+0000][1][safepoint    ] Safepoint "RevokeBias", Time since last: 2184033071 ns, Reaching safepoint: 85383 ns, At safepoint: 22764 ns, Total: 108147 ns
[2020-09-11T18:15:10.738+0000][1][safepoint    ] Safepoint "RevokeBias", Time since last: 2033202901 ns, Reaching safepoint: 161992 ns, At safepoint: 23731 ns, Total: 185723 ns
[2020-09-11T18:15:14.738+0000][1][safepoint    ] Safepoint "Cleanup", Time since last: 4000324666 ns, Reaching safepoint: 84395 ns, At safepoint: 8506 ns, Total: 92901 ns
[2020-09-11T18:15:16.587+0000][1][safepoint    ] Safepoint "RevokeBias", Time since last: 1848905072 ns, Reaching safepoint: 91818 ns, At safepoint: 22076 ns, Total: 113894 ns
[2020-09-11T18:15:17.588+0000][1][safepoint    ] Safepoint "Cleanup", Time since last: 1000113393 ns, Reaching safepoint: 87088 ns, At safepoint: 9071 ns, Total: 96159 ns
[2020-09-11T18:15:18.478+0000][1][gc,start     ] GC(133) Pause Young (Allocation Failure)
[2020-09-11T18:15:18.478+0000][1][gc,task      ] GC(133) Using 1 workers of 1 for evacuation
[2020-09-11T18:15:18.485+0000][1][gc,age       ] GC(133) Desired survivor size 4358144 bytes, new threshold 6 (max threshold 6)
[2020-09-11T18:15:18.485+0000][1][gc,age       ] GC(133) Age table with threshold 6 (max threshold 6)
[2020-09-11T18:15:18.485+0000][1][gc,age       ] GC(133) - age   1:     480120 bytes,     480120 total
[2020-09-11T18:15:18.485+0000][1][gc,age       ] GC(133) - age   2:      15040 bytes,     495160 total
[2020-09-11T18:15:18.489+0000][1][gc,age       ] GC(133) - age   3:     507400 bytes,    1002560 total
[2020-09-11T18:15:18.489+0000][1][gc,age       ] GC(133) - age   4:      69040 bytes,    1071600 total
[2020-09-11T18:15:18.489+0000][1][gc,age       ] GC(133) - age   5:      77472 bytes,    1149072 total
[2020-09-11T18:15:18.489+0000][1][gc,age       ] GC(133) - age   6:      44168 bytes,    1193240 total
[2020-09-11T18:15:18.489+0000][1][gc,heap      ] GC(133) ParNew: 69902K->1188K(76672K)
[2020-09-11T18:15:18.489+0000][1][gc,heap      ] GC(133) CMS: 101810K->101816K(439104K)
[2020-09-11T18:15:18.489+0000][1][gc,metaspace ] GC(133) Metaspace: 92605K->92605K(1134592K)
[2020-09-11T18:15:18.489+0000][1][gc           ] GC(133) Pause Young (Allocation Failure) 167M->100M(503M) 11.413ms
[2020-09-11T18:15:18.489+0000][1][gc,cpu       ] GC(133) User=0.00s Sys=0.01s Real=0.01s
[2020-09-11T18:15:18.489+0000][1][safepoint    ] Safepoint "GenCollectForAllocation", Time since last: 889825032 ns, Reaching safepoint: 152487 ns, At safepoint: 11495117 ns, Total: 11647604 ns
[2020-09-11T18:15:18.597+0000][1][safepoint    ] Safepoint "RevokeBias", Time since last: 107988324 ns, Reaching safepoint: 89810 ns, At safepoint: 22534 ns, Total: 112344 ns
[2020-09-11T18:15:20.690+0000][1][safepoint    ] Safepoint "RevokeBias", Time since last: 2093225925 ns, Reaching safepoint: 161496 ns, At safepoint: 22951 ns, Total: 184447 ns
[2020-09-11T18:15:26.505+0000][1][safepoint    ] Safepoint "Cleanup", Time since last: 5810278485 ns, Reaching safepoint: 4094832 ns, At safepoint: 52093 ns, Total: 4146925 ns
[2020-09-11T18:15:26.537+0000][1][safepoint    ] Safepoint "RevokeBias", Time since last: 32048906 ns, Reaching safepoint: 167973 ns, At safepoint: 24373 ns, Total: 192346 ns
[2020-09-11T18:15:27.537+0000][1][safepoint    ] Safepoint "Cleanup", Time since last: 1000109308 ns, Reaching safepoint: 85656 ns, At safepoint: 10016 ns, Total: 95672 ns
[2020-09-11T18:15:28.753+0000][1][safepoint    ] Safepoint "RevokeBias", Time since last: 1215592066 ns, Reaching safepoint: 95400 ns, At safepoint: 22642 ns, Total: 118042 ns
[2020-09-11T18:15:30.726+0000][1][safepoint    ] Safepoint "RevokeBias", Time since last: 1972836820 ns, Reaching safepoint: 168147 ns, At safepoint: 24390 ns, Total: 192537 ns
[2020-09-11T18:15:36.524+0000][1][safepoint    ] Safepoint "RevokeBias", Time since last: 5797749628 ns, Reaching safepoint: 84087 ns, At safepoint: 22298 ns, Total: 106385 ns
[2020-09-11T18:15:38.458+0000][1][gc,start     ] GC(134) Pause Young (Allocation Failure)
[2020-09-11T18:15:38.458+0000][1][gc,task      ] GC(134) Using 1 workers of 1 for evacuation
[2020-09-11T18:15:38.467+0000][1][gc,age       ] GC(134) Desired survivor size 4358144 bytes, new threshold 6 (max threshold 6)
[2020-09-11T18:15:38.467+0000][1][gc,age       ] GC(134) Age table with threshold 6 (max threshold 6)
[2020-09-11T18:15:38.467+0000][1][gc,age       ] GC(134) - age   1:      88344 bytes,      88344 total
[2020-09-11T18:15:38.467+0000][1][gc,age       ] GC(134) - age   2:     271384 bytes,     359728 total
[2020-09-11T18:15:38.467+0000][1][gc,age       ] GC(134) - age   3:      11496 bytes,     371224 total
[2020-09-11T18:15:38.467+0000][1][gc,age       ] GC(134) - age   4:     506776 bytes,     878000 total
[2020-09-11T18:15:38.467+0000][1][gc,age       ] GC(134) - age   5:      69040 bytes,     947040 total
[2020-09-11T18:15:38.467+0000][1][gc,age       ] GC(134) - age   6:      77472 bytes,    1024512 total
[2020-09-11T18:15:38.467+0000][1][gc,heap      ] GC(134) ParNew: 69348K->1022K(76672K)
[2020-09-11T18:15:38.467+0000][1][gc,heap      ] GC(134) CMS: 101816K->101855K(439104K)
[2020-09-11T18:15:38.467+0000][1][gc,metaspace ] GC(134) Metaspace: 92610K->92610K(1134592K)
[2020-09-11T18:15:38.467+0000][1][gc           ] GC(134) Pause Young (Allocation Failure) 167M->100M(503M) 9.128ms
[2020-09-11T18:15:38.467+0000][1][gc,cpu       ] GC(134) User=0.00s Sys=0.00s Real=0.01s
[2020-09-11T18:15:38.469+0000][1][safepoint    ] Safepoint "GenCollectForAllocation", Time since last: 1932839596 ns, Reaching safepoint: 1144196 ns, At safepoint: 10864766 ns, Total: 12008962 ns
[2020-09-11T18:15:38.563+0000][1][safepoint    ] Safepoint "RevokeBias", Time since last: 94161574 ns, Reaching safepoint: 85673 ns, At safepoint: 22679 ns, Total: 108352 ns
[2020-09-11T18:15:40.777+0000][1][safepoint    ] Safepoint "RevokeBias", Time since last: 2213504254 ns, Reaching safepoint: 186372 ns, At safepoint: 24898 ns, Total: 211270 ns
[2020-09-11T18:15:43.777+0000][1][safepoint    ] Safepoint "Cleanup", Time since last: 3000258657 ns, Reaching safepoint: 85264 ns, At safepoint: 9802 ns, Total: 95066 ns
[2020-09-11T18:15:46.508+0000][1][safepoint    ] Safepoint "RevokeBias", Time since last: 2730783620 ns, Reaching safepoint: 90324 ns, At safepoint: 26273 ns, Total: 116597 ns
[2020-09-11T18:15:48.596+0000][1][safepoint    ] Safepoint "RevokeBias", Time since last: 2087547088 ns, Reaching safepoint: 84544 ns, At safepoint: 23856 ns, Total: 108400 ns
[2020-09-11T18:15:50.786+0000][1][safepoint    ] Safepoint "RevokeBias", Time since last: 2189960246 ns, Reaching safepoint: 162726 ns, At safepoint: 23727 ns, Total: 186453 ns
[2020-09-11T18:15:56.516+0000][1][safepoint    ] Safepoint "RevokeBias", Time since last: 5730185261 ns, Reaching safepoint: 86251 ns, At safepoint: 22022 ns, Total: 108273 ns
[2020-09-11T18:15:58.469+0000][1][gc,start     ] GC(135) Pause Young (Allocation Failure)
[2020-09-11T18:15:58.469+0000][1][gc,task      ] GC(135) Using 1 workers of 1 for evacuation
[2020-09-11T18:15:58.478+0000][1][gc,age       ] GC(135) Desired survivor size 4358144 bytes, new threshold 6 (max threshold 6)
[2020-09-11T18:15:58.478+0000][1][gc,age       ] GC(135) Age table with threshold 6 (max threshold 6)
[2020-09-11T18:15:58.478+0000][1][gc,age       ] GC(135) - age   1:     142536 bytes,     142536 total
[2020-09-11T18:15:58.478+0000][1][gc,age       ] GC(135) - age   2:      16704 bytes,     159240 total
[2020-09-11T18:15:58.478+0000][1][gc,age       ] GC(135) - age   3:     269056 bytes,     428296 total
[2020-09-11T18:15:58.478+0000][1][gc,age       ] GC(135) - age   4:      11088 bytes,     439384 total
[2020-09-11T18:15:58.478+0000][1][gc,age       ] GC(135) - age   5:     506776 bytes,     946160 total
[2020-09-11T18:15:58.478+0000][1][gc,age       ] GC(135) - age   6:      68728 bytes,    1014888 total
[2020-09-11T18:15:58.478+0000][1][gc,heap      ] GC(135) ParNew: 69182K->1006K(76672K)
[2020-09-11T18:15:58.478+0000][1][gc,heap      ] GC(135) CMS: 101855K->101874K(439104K)
[2020-09-11T18:15:58.478+0000][1][gc,metaspace ] GC(135) Metaspace: 92619K->92619K(1134592K)
[2020-09-11T18:15:58.478+0000][1][gc           ] GC(135) Pause Young (Allocation Failure) 167M->100M(503M) 8.782ms
[2020-09-11T18:15:58.478+0000][1][gc,cpu       ] GC(135) User=0.01s Sys=0.00s Real=0.01s
[2020-09-11T18:15:58.478+0000][1][safepoint    ] Safepoint "GenCollectForAllocation", Time since last: 1947975988 ns, Reaching safepoint: 4769464 ns, At safepoint: 8854359 ns, Total: 13623823 ns
[2020-09-11T18:15:58.679+0000][1][safepoint    ] Safepoint "RevokeBias", Time since last: 201578886 ns, Reaching safepoint: 84863 ns, At safepoint: 22479 ns, Total: 107342 ns
[2020-09-11T18:16:00.691+0000][1][safepoint    ] Safepoint "RevokeBias", Time since last: 2011149167 ns, Reaching safepoint: 162114 ns, At safepoint: 23157 ns, Total: 185271 ns
[2020-09-11T18:16:04.691+0000][1][safepoint    ] Safepoint "Cleanup", Time since last: 4000326979 ns, Reaching safepoint: 87511 ns, At safepoint: 8802 ns, Total: 96313 ns
[2020-09-11T18:16:06.562+0000][1][safepoint    ] Safepoint "RevokeBias", Time since last: 1870652821 ns, Reaching safepoint: 90863 ns, At safepoint: 25581 ns, Total: 116444 ns
[2020-09-11T18:16:08.562+0000][1][safepoint    ] Safepoint "Cleanup", Time since last: 2000201597 ns, Reaching safepoint: 79435 ns, At safepoint: 6650 ns, Total: 86085 ns
[2020-09-11T18:16:08.716+0000][1][safepoint    ] Safepoint "RevokeBias", Time since last: 153563091 ns, Reaching safepoint: 96741 ns, At safepoint: 25101 ns, Total: 121842 ns
[2020-09-11T18:16:10.700+0000][1][safepoint    ] Safepoint "RevokeBias", Time since last: 1984321363 ns, Reaching safepoint: 158713 ns, At safepoint: 23480 ns, Total: 182193 ns
[2020-09-11T18:16:16.563+0000][1][safepoint    ] Safepoint "RevokeBias", Time since last: 5862326245 ns, Reaching safepoint: 91741 ns, At safepoint: 24608 ns, Total: 116349 ns
[2020-09-11T18:16:18.491+0000][1][gc,start     ] GC(136) Pause Young (Allocation Failure)
[2020-09-11T18:16:18.491+0000][1][gc,task      ] GC(136) Using 1 workers of 1 for evacuation
[2020-09-11T18:16:18.496+0000][1][gc,age       ] GC(136) Desired survivor size 4358144 bytes, new threshold 6 (max threshold 6)
[2020-09-11T18:16:18.496+0000][1][gc,age       ] GC(136) Age table with threshold 6 (max threshold 6)
[2020-09-11T18:16:18.496+0000][1][gc,age       ] GC(136) - age   1:     268440 bytes,     268440 total
[2020-09-11T18:16:18.496+0000][1][gc,age       ] GC(136) - age   2:      79056 bytes,     347496 total
[2020-09-11T18:16:18.496+0000][1][gc,age       ] GC(136) - age   3:      12968 bytes,     360464 total
[2020-09-11T18:16:18.496+0000][1][gc,age       ] GC(136) - age   4:     268864 bytes,     629328 total
[2020-09-11T18:16:18.496+0000][1][gc,age       ] GC(136) - age   5:      11088 bytes,     640416 total
[2020-09-11T18:16:18.496+0000][1][gc,age       ] GC(136) - age   6:     506776 bytes,    1147192 total
[2020-09-11T18:16:18.496+0000][1][gc,heap      ] GC(136) ParNew: 69156K->1989K(76672K)
[2020-09-11T18:16:18.496+0000][1][gc,heap      ] GC(136) CMS: 101874K->101883K(439104K)
[2020-09-11T18:16:18.496+0000][1][gc,metaspace ] GC(136) Metaspace: 92626K->92626K(1134592K)
[2020-09-11T18:16:18.496+0000][1][gc           ] GC(136) Pause Young (Allocation Failure) 167M->101M(503M) 5.001ms
[2020-09-11T18:16:18.496+0000][1][gc,cpu       ] GC(136) User=0.00s Sys=0.00s Real=0.01s
[2020-09-11T18:16:18.501+0000][1][safepoint    ] Safepoint "GenCollectForAllocation", Time since last: 1928444999 ns, Reaching safepoint: 86955 ns, At safepoint: 9389297 ns, Total: 9476252 ns
[2020-09-11T18:16:18.548+0000][1][safepoint    ] Safepoint "RevokeBias", Time since last: 47127941 ns, Reaching safepoint: 87340 ns, At safepoint: 22141 ns, Total: 109481 ns
[2020-09-11T18:16:19.548+0000][1][safepoint    ] Safepoint "Cleanup", Time since last: 1000110480 ns, Reaching safepoint: 85258 ns, At safepoint: 9540 ns, Total: 94798 ns
[2020-09-11T18:16:20.695+0000][1][safepoint    ] Safepoint "RevokeBias", Time since last: 1146645748 ns, Reaching safepoint: 164866 ns, At safepoint: 24450 ns, Total: 189316 ns
[2020-09-11T18:16:26.568+0000][1][safepoint    ] Safepoint "RevokeBias", Time since last: 5872628044 ns, Reaching safepoint: 86182 ns, At safepoint: 37139 ns, Total: 123321 ns
[2020-09-11T18:16:27.568+0000][1][safepoint    ] Safepoint "Cleanup", Time since last: 1000109290 ns, Reaching safepoint: 84652 ns, At safepoint: 8901 ns, Total: 93553 ns
[2020-09-11T18:16:28.786+0000][1][safepoint    ] Safepoint "BulkRevokeBias", Time since last: 1217960259 ns, Reaching safepoint: 87307 ns, At safepoint: 204330 ns, Total: 291637 ns
[2020-09-11T18:16:30.726+0000][1][safepoint    ] Safepoint "RevokeBias", Time since last: 1939382244 ns, Reaching safepoint: 88185 ns, At safepoint: 21639 ns, Total: 109824 ns
[2020-09-11T18:16:36.560+0000][1][safepoint    ] Safepoint "RevokeBias", Time since last: 5834277895 ns, Reaching safepoint: 92697 ns, At safepoint: 25326 ns, Total: 118023 ns
[2020-09-11T18:16:38.560+0000][1][safepoint    ] Safepoint "Cleanup", Time since last: 2000188998 ns, Reaching safepoint: 131308 ns, At safepoint: 7500 ns, Total: 138808 ns
[2020-09-11T18:16:38.631+0000][1][safepoint    ] Safepoint "RevokeBias", Time since last: 70128455 ns, Reaching safepoint: 85157 ns, At safepoint: 21684 ns, Total: 106841 ns
[2020-09-11T18:16:39.017+0000][1][gc,start     ] GC(137) Pause Young (Allocation Failure)
[2020-09-11T18:16:39.017+0000][1][gc,task      ] GC(137) Using 1 workers of 1 for evacuation
[2020-09-11T18:16:39.029+0000][1][gc,age       ] GC(137) Desired survivor size 4358144 bytes, new threshold 6 (max threshold 6)
[2020-09-11T18:16:39.029+0000][1][gc,age       ] GC(137) Age table with threshold 6 (max threshold 6)
[2020-09-11T18:16:39.029+0000][1][gc,age       ] GC(137) - age   1:     528392 bytes,     528392 total
[2020-09-11T18:16:39.029+0000][1][gc,age       ] GC(137) - age   2:     120528 bytes,     648920 total
[2020-09-11T18:16:39.029+0000][1][gc,age       ] GC(137) - age   3:      75480 bytes,     724400 total
[2020-09-11T18:16:39.029+0000][1][gc,age       ] GC(137) - age   4:      12656 bytes,     737056 total
[2020-09-11T18:16:39.029+0000][1][gc,age       ] GC(137) - age   5:     268552 bytes,    1005608 total
[2020-09-11T18:16:39.029+0000][1][gc,age       ] GC(137) - age   6:      11088 bytes,    1016696 total
[2020-09-11T18:16:39.029+0000][1][gc,heap      ] GC(137) ParNew: 70149K->1337K(76672K)
[2020-09-11T18:16:39.029+0000][1][gc,heap      ] GC(137) CMS: 101883K->101977K(439104K)
[2020-09-11T18:16:39.029+0000][1][gc,metaspace ] GC(137) Metaspace: 92634K->92634K(1134592K)
[2020-09-11T18:16:39.029+0000][1][gc           ] GC(137) Pause Young (Allocation Failure) 168M->100M(503M) 11.799ms
[2020-09-11T18:16:39.029+0000][1][gc,cpu       ] GC(137) User=0.00s Sys=0.00s Real=0.01s
[2020-09-11T18:16:39.029+0000][1][safepoint    ] Safepoint "GenCollectForAllocation", Time since last: 386414819 ns, Reaching safepoint: 153111 ns, At safepoint: 11869845 ns, Total: 12022956 ns
[2020-09-11T18:16:40.713+0000][1][safepoint    ] Safepoint "RevokeBias", Time since last: 1683987193 ns, Reaching safepoint: 83672 ns, At safepoint: 35120 ns, Total: 118792 ns
[2020-09-11T18:16:46.519+0000][1][safepoint    ] Safepoint "RevokeBias", Time since last: 5805627433 ns, Reaching safepoint: 88128 ns, At safepoint: 22178 ns, Total: 110306 ns
[2020-09-11T18:16:48.519+0000][1][safepoint    ] Safepoint "Cleanup", Time since last: 2000213184 ns, Reaching safepoint: 83807 ns, At safepoint: 7059 ns, Total: 90866 ns
[2020-09-11T18:16:48.658+0000][1][safepoint    ] Safepoint "RevokeBias", Time since last: 138565899 ns, Reaching safepoint: 85232 ns, At safepoint: 21785 ns, Total: 107017 ns
[2020-09-11T18:16:49.658+0000][1][safepoint    ] Safepoint "Cleanup", Time since last: 1000107688 ns, Reaching safepoint: 82958 ns, At safepoint: 8777 ns, Total: 91735 ns
[2020-09-11T18:16:50.661+0000][1][safepoint    ] Safepoint "Cleanup", Time since last: 1000333676 ns, Reaching safepoint: 2218294 ns, At safepoint: 175250 ns, Total: 2393544 ns
[2020-09-11T18:16:50.747+0000][1][safepoint    ] Safepoint "RevokeBias", Time since last: 85894391 ns, Reaching safepoint: 99015 ns, At safepoint: 44019 ns, Total: 143034 ns
[2020-09-11T18:16:51.747+0000][1][safepoint    ] Safepoint "Cleanup", Time since last: 1000111021 ns, Reaching safepoint: 81318 ns, At safepoint: 8840 ns, Total: 90158 ns
[2020-09-11T18:16:52.747+0000][1][safepoint    ] Safepoint "Cleanup", Time since last: 1000111302 ns, Reaching safepoint: 84148 ns, At safepoint: 9582 ns, Total: 93730 ns
[2020-09-11T18:16:53.748+0000][1][safepoint    ] Safepoint "Cleanup", Time since last: 1000108869 ns, Reaching safepoint: 78442 ns, At safepoint: 8272 ns, Total: 86714 ns
[2020-09-11T18:16:54.748+0000][1][safepoint    ] Safepoint "Cleanup", Time since last: 1000111244 ns, Reaching safepoint: 80980 ns, At safepoint: 8404 ns, Total: 89384 ns
[2020-09-11T18:16:55.748+0000][1][safepoint    ] Safepoint "Cleanup", Time since last: 1000110742 ns, Reaching safepoint: 79747 ns, At safepoint: 9547 ns, Total: 89294 ns
[2020-09-11T18:16:56.521+0000][1][safepoint    ] Safepoint "RevokeBias", Time since last: 773032894 ns, Reaching safepoint: 84341 ns, At safepoint: 21467 ns, Total: 105808 ns
[2020-09-11T18:16:57.521+0000][1][safepoint    ] Safepoint "Cleanup", Time since last: 1000110752 ns, Reaching safepoint: 78459 ns, At safepoint: 8715 ns, Total: 87174 ns
[2020-09-11T18:16:58.521+0000][1][safepoint    ] Safepoint "Cleanup", Time since last: 1000113602 ns, Reaching safepoint: 76588 ns, At safepoint: 5967 ns, Total: 82555 ns
[2020-09-11T18:16:58.639+0000][1][safepoint    ] Safepoint "RevokeBias", Time since last: 117674882 ns, Reaching safepoint: 84727 ns, At safepoint: 23092 ns, Total: 107819 ns
[2020-09-11T18:16:59.640+0000][1][safepoint    ] Safepoint "Cleanup", Time since last: 1000146174 ns, Reaching safepoint: 88139 ns, At safepoint: 8779 ns, Total: 96918 ns
[2020-09-11T18:17:00.640+0000][1][safepoint    ] Safepoint "Cleanup", Time since last: 1000125012 ns, Reaching safepoint: 80504 ns, At safepoint: 9111 ns, Total: 89615 ns
[2020-09-11T18:17:00.702+0000][1][safepoint    ] Safepoint "RevokeBias", Time since last: 62404082 ns, Reaching safepoint: 85329 ns, At safepoint: 22157 ns, Total: 107486 ns
[2020-09-11T18:17:01.702+0000][1][safepoint    ] Safepoint "Cleanup", Time since last: 1000135229 ns, Reaching safepoint: 90752 ns, At safepoint: 9840 ns, Total: 100592 ns
[2020-09-11T18:17:02.703+0000][1][safepoint    ] Safepoint "Cleanup", Time since last: 1000150893 ns, Reaching safepoint: 126098 ns, At safepoint: 18673 ns, Total: 144771 ns
[2020-09-11T18:17:03.703+0000][1][safepoint    ] Safepoint "Cleanup", Time since last: 1000130799 ns, Reaching safepoint: 80768 ns, At safepoint: 7888 ns, Total: 88656 ns
[2020-09-11T18:17:04.050+0000][1][gc,start     ] GC(138) Pause Young (Allocation Failure)
[2020-09-11T18:17:04.050+0000][1][gc,task      ] GC(138) Using 1 workers of 1 for evacuation
[2020-09-11T18:17:04.060+0000][1][gc,age       ] GC(138) Desired survivor size 4358144 bytes, new threshold 6 (max threshold 6)
[2020-09-11T18:17:04.060+0000][1][gc,age       ] GC(138) Age table with threshold 6 (max threshold 6)
[2020-09-11T18:17:04.060+0000][1][gc,age       ] GC(138) - age   1:      80072 bytes,      80072 total
[2020-09-11T18:17:04.060+0000][1][gc,age       ] GC(138) - age   2:     474720 bytes,     554792 total
[2020-09-11T18:17:04.060+0000][1][gc,age       ] GC(138) - age   3:     118008 bytes,     672800 total
[2020-09-11T18:17:04.060+0000][1][gc,age       ] GC(138) - age   4:      75072 bytes,     747872 total
[2020-09-11T18:17:04.060+0000][1][gc,age       ] GC(138) - age   5:      12344 bytes,     760216 total
[2020-09-11T18:17:04.060+0000][1][gc,age       ] GC(138) - age   6:     268552 bytes,    1028768 total
[2020-09-11T18:17:04.060+0000][1][gc,heap      ] GC(138) ParNew: 69497K->1823K(76672K)
[2020-09-11T18:17:04.060+0000][1][gc,heap      ] GC(138) CMS: 101977K->101987K(439104K)
[2020-09-11T18:17:04.060+0000][1][gc,metaspace ] GC(138) Metaspace: 92649K->92649K(1134592K)
[2020-09-11T18:17:04.060+0000][1][gc           ] GC(138) Pause Young (Allocation Failure) 167M->101M(503M) 9.655ms
[2020-09-11T18:17:04.060+0000][1][gc,cpu       ] GC(138) User=0.00s Sys=0.00s Real=0.01s
[2020-09-11T18:17:04.060+0000][1][safepoint    ] Safepoint "GenCollectForAllocation", Time since last: 347097658 ns, Reaching safepoint: 150038 ns, At safepoint: 9728568 ns, Total: 9878606 ns
[2020-09-11T18:17:05.067+0000][1][safepoint    ] Safepoint "Cleanup", Time since last: 1007085204 ns, Reaching safepoint: 68254 ns, At safepoint: 5020 ns, Total: 73274 ns
[2020-09-11T18:17:06.067+0000][1][safepoint    ] Safepoint "Cleanup", Time since last: 1000210614 ns, Reaching safepoint: 71417 ns, At safepoint: 7210 ns, Total: 78627 ns
[2020-09-11T18:17:06.512+0000][1][safepoint    ] Safepoint "RevokeBias", Time since last: 444902002 ns, Reaching safepoint: 91307 ns, At safepoint: 23431 ns, Total: 114738 ns
[2020-09-11T18:17:07.513+0000][1][safepoint    ] Safepoint "Cleanup", Time since last: 1000108306 ns, Reaching safepoint: 90939 ns, At safepoint: 17910 ns, Total: 108849 ns
[2020-09-11T18:17:08.513+0000][1][safepoint    ] Safepoint "Cleanup", Time since last: 1000153626 ns, Reaching safepoint: 203680 ns, At safepoint: 7173 ns, Total: 210853 ns
[2020-09-11T18:17:08.524+0000][1][safepoint    ] Safepoint "RevokeBias", Time since last: 10511166 ns, Reaching safepoint: 87504 ns, At safepoint: 22412 ns, Total: 109916 ns
[2020-09-11T18:17:09.524+0000][1][safepoint    ] Safepoint "Cleanup", Time since last: 1000101187 ns, Reaching safepoint: 78945 ns, At safepoint: 8352 ns, Total: 87297 ns
[2020-09-11T18:17:10.524+0000][1][safepoint    ] Safepoint "Cleanup", Time since last: 1000108687 ns, Reaching safepoint: 81843 ns, At safepoint: 8442 ns, Total: 90285 ns
[2020-09-11T18:17:10.699+0000][1][safepoint    ] Safepoint "RevokeBias", Time since last: 174968253 ns, Reaching safepoint: 165544 ns, At safepoint: 23412 ns, Total: 188956 ns
[2020-09-11T18:17:11.699+0000][1][safepoint    ] Safepoint "Cleanup", Time since last: 1000107260 ns, Reaching safepoint: 78724 ns, At safepoint: 8294 ns, Total: 87018 ns
[2020-09-11T18:17:12.700+0000][1][safepoint    ] Safepoint "Cleanup", Time since last: 1000114119 ns, Reaching safepoint: 80099 ns, At safepoint: 8760 ns, Total: 88859 ns
[2020-09-11T18:17:13.700+0000][1][safepoint    ] Safepoint "Cleanup", Time since last: 1000125703 ns, Reaching safepoint: 128785 ns, At safepoint: 11619 ns, Total: 140404 ns
[2020-09-11T18:17:14.700+0000][1][safepoint    ] Safepoint "Cleanup", Time since last: 1000143157 ns, Reaching safepoint: 148724 ns, At safepoint: 19957 ns, Total: 168681 ns
[2020-09-11T18:17:15.700+0000][1][safepoint    ] Safepoint "Cleanup", Time since last: 1000160569 ns, Reaching safepoint: 103155 ns, At safepoint: 15848 ns, Total: 119003 ns
[2020-09-11T18:17:16.507+0000][1][safepoint    ] Safepoint "RevokeBias", Time since last: 806425191 ns, Reaching safepoint: 98832 ns, At safepoint: 21678 ns, Total: 120510 ns
[2020-09-11T18:17:17.507+0000][1][safepoint    ] Safepoint "Cleanup", Time since last: 1000106319 ns, Reaching safepoint: 97680 ns, At safepoint: 10151 ns, Total: 107831 ns
[2020-09-11T18:17:18.507+0000][1][safepoint    ] Safepoint "Cleanup", Time since last: 1000104175 ns, Reaching safepoint: 69512 ns, At safepoint: 5822 ns, Total: 75334 ns
[2020-09-11T18:17:18.553+0000][1][gc,start     ] GC(139) Pause Young (Allocation Failure)
[2020-09-11T18:17:18.553+0000][1][gc,task      ] GC(139) Using 1 workers of 1 for evacuation
[2020-09-11T18:17:18.562+0000][1][gc,age       ] GC(139) Desired survivor size 4358144 bytes, new threshold 6 (max threshold 6)
[2020-09-11T18:17:18.562+0000][1][gc,age       ] GC(139) Age table with threshold 6 (max threshold 6)
[2020-09-11T18:17:18.562+0000][1][gc,age       ] GC(139) - age   1:     359504 bytes,     359504 total
[2020-09-11T18:17:18.562+0000][1][gc,age       ] GC(139) - age   2:      30208 bytes,     389712 total
[2020-09-11T18:17:18.562+0000][1][gc,age       ] GC(139) - age   3:     474176 bytes,     863888 total
[2020-09-11T18:17:18.562+0000][1][gc,age       ] GC(139) - age   4:     118008 bytes,     981896 total
[2020-09-11T18:17:18.562+0000][1][gc,age       ] GC(139) - age   5:      75072 bytes,    1056968 total
[2020-09-11T18:17:18.562+0000][1][gc,age       ] GC(139) - age   6:      12344 bytes,    1069312 total
[2020-09-11T18:17:18.562+0000][1][gc,heap      ] GC(139) ParNew: 69983K->1209K(76672K)
[2020-09-11T18:17:18.562+0000][1][gc,heap      ] GC(139) CMS: 101987K->102058K(439104K)
[2020-09-11T18:17:18.562+0000][1][gc,metaspace ] GC(139) Metaspace: 92671K->92671K(1134592K)
[2020-09-11T18:17:18.562+0000][1][gc           ] GC(139) Pause Young (Allocation Failure) 167M->100M(503M) 9.252ms
[2020-09-11T18:17:18.562+0000][1][gc,cpu       ] GC(139) User=0.01s Sys=0.00s Real=0.01s
[2020-09-11T18:17:18.573+0000][1][safepoint    ] Safepoint "GenCollectForAllocation", Time since last: 45443217 ns, Reaching safepoint: 175763 ns, At safepoint: 19888190 ns, Total: 20063953 ns
[2020-09-11T18:17:18.734+0000][1][safepoint    ] Safepoint "RevokeBias", Time since last: 161471262 ns, Reaching safepoint: 88823 ns, At safepoint: 31673 ns, Total: 120496 ns
[2020-09-11T18:17:19.735+0000][1][safepoint    ] Safepoint "Cleanup", Time since last: 1000106499 ns, Reaching safepoint: 82828 ns, At safepoint: 7457 ns, Total: 90285 ns
[2020-09-11T18:17:20.698+0000][1][safepoint    ] Safepoint "RevokeBias", Time since last: 962985557 ns, Reaching safepoint: 164921 ns, At safepoint: 23578 ns, Total: 188499 ns
[2020-09-11T18:17:21.698+0000][1][safepoint    ] Safepoint "Cleanup", Time since last: 1000111539 ns, Reaching safepoint: 103022 ns, At safepoint: 10172 ns, Total: 113194 ns
[2020-09-11T18:17:22.698+0000][1][safepoint    ] Safepoint "Cleanup", Time since last: 1000110984 ns, Reaching safepoint: 80113 ns, At safepoint: 7937 ns, Total: 88050 ns
[2020-09-11T18:17:23.698+0000][1][safepoint    ] Safepoint "Cleanup", Time since last: 1000112537 ns, Reaching safepoint: 81516 ns, At safepoint: 8943 ns, Total: 90459 ns
[2020-09-11T18:17:24.699+0000][1][safepoint    ] Safepoint "Cleanup", Time since last: 1000114650 ns, Reaching safepoint: 87912 ns, At safepoint: 8916 ns, Total: 96828 ns
[2020-09-11T18:17:25.699+0000][1][safepoint    ] Safepoint "Cleanup", Time since last: 1000116314 ns, Reaching safepoint: 83869 ns, At safepoint: 9190 ns, Total: 93059 ns
[2020-09-11T18:17:26.510+0000][1][safepoint    ] Safepoint "RevokeBias", Time since last: 811146530 ns, Reaching safepoint: 102341 ns, At safepoint: 26725 ns, Total: 129066 ns
[2020-09-11T18:17:27.510+0000][1][safepoint    ] Safepoint "Cleanup", Time since last: 1000112991 ns, Reaching safepoint: 79564 ns, At safepoint: 9539 ns, Total: 89103 ns
[2020-09-11T18:17:28.511+0000][1][safepoint    ] Safepoint "Cleanup", Time since last: 1000117868 ns, Reaching safepoint: 84359 ns, At safepoint: 8291 ns, Total: 92650 ns
[2020-09-11T18:17:28.609+0000][1][safepoint    ] Safepoint "RevokeBias", Time since last: 98420068 ns, Reaching safepoint: 89264 ns, At safepoint: 25192 ns, Total: 114456 ns
[2020-09-11T18:17:29.609+0000][1][safepoint    ] Safepoint "Cleanup", Time since last: 1000106094 ns, Reaching safepoint: 78131 ns, At safepoint: 8187 ns, Total: 86318 ns
[2020-09-11T18:17:30.610+0000][1][safepoint    ] Safepoint "Cleanup", Time since last: 1000114103 ns, Reaching safepoint: 82026 ns, At safepoint: 9310 ns, Total: 91336 ns
[2020-09-11T18:17:30.721+0000][1][safepoint    ] Safepoint "RevokeBias", Time since last: 111358291 ns, Reaching safepoint: 172772 ns, At safepoint: 27120 ns, Total: 199892 ns
[2020-09-11T18:17:31.721+0000][1][safepoint    ] Safepoint "Cleanup", Time since last: 1000106063 ns, Reaching safepoint: 76911 ns, At safepoint: 6498 ns, Total: 83409 ns
[2020-09-11T18:17:32.721+0000][1][safepoint    ] Safepoint "Cleanup", Time since last: 1000110195 ns, Reaching safepoint: 81710 ns, At safepoint: 9731 ns, Total: 91441 ns
[2020-09-11T18:17:33.722+0000][1][safepoint    ] Safepoint "Cleanup", Time since last: 1000112411 ns, Reaching safepoint: 78597 ns, At safepoint: 36286 ns, Total: 114883 ns
[2020-09-11T18:17:34.722+0000][1][safepoint    ] Safepoint "Cleanup", Time since last: 1000111310 ns, Reaching safepoint: 80027 ns, At safepoint: 8031 ns, Total: 88058 ns
[2020-09-11T18:17:35.722+0000][1][safepoint    ] Safepoint "Cleanup", Time since last: 1000113353 ns, Reaching safepoint: 80112 ns, At safepoint: 8598 ns, Total: 88710 ns
[2020-09-11T18:17:36.561+0000][1][safepoint    ] Safepoint "RevokeBias", Time since last: 838363748 ns, Reaching safepoint: 91055 ns, At safepoint: 25753 ns, Total: 116808 ns
[2020-09-11T18:17:37.561+0000][1][safepoint    ] Safepoint "Cleanup", Time since last: 1000107227 ns, Reaching safepoint: 155426 ns, At safepoint: 11165 ns, Total: 166591 ns
[2020-09-11T18:17:38.446+0000][1][gc,start     ] GC(140) Pause Young (Allocation Failure)
[2020-09-11T18:17:38.446+0000][1][gc,task      ] GC(140) Using 1 workers of 1 for evacuation
[2020-09-11T18:17:38.454+0000][1][gc,age       ] GC(140) Desired survivor size 4358144 bytes, new threshold 6 (max threshold 6)
[2020-09-11T18:17:38.454+0000][1][gc,age       ] GC(140) Age table with threshold 6 (max threshold 6)
[2020-09-11T18:17:38.454+0000][1][gc,age       ] GC(140) - age   1:     154480 bytes,     154480 total
[2020-09-11T18:17:38.454+0000][1][gc,age       ] GC(140) - age   2:     292088 bytes,     446568 total
[2020-09-11T18:17:38.454+0000][1][gc,age       ] GC(140) - age   3:      22816 bytes,     469384 total
[2020-09-11T18:17:38.454+0000][1][gc,age       ] GC(140) - age   4:     473864 bytes,     943248 total
[2020-09-11T18:17:38.454+0000][1][gc,age       ] GC(140) - age   5:     118008 bytes,    1061256 total
[2020-09-11T18:17:38.454+0000][1][gc,age       ] GC(140) - age   6:      74760 bytes,    1136016 total
[2020-09-11T18:17:38.454+0000][1][gc,heap      ] GC(140) ParNew: 69369K->1868K(76672K)
[2020-09-11T18:17:38.454+0000][1][gc,heap      ] GC(140) CMS: 102058K->102070K(439104K)
[2020-09-11T18:17:38.454+0000][1][gc,metaspace ] GC(140) Metaspace: 92689K->92689K(1134592K)
[2020-09-11T18:17:38.454+0000][1][gc           ] GC(140) Pause Young (Allocation Failure) 167M->101M(503M) 7.687ms
[2020-09-11T18:17:38.454+0000][1][gc,cpu       ] GC(140) User=0.00s Sys=0.00s Real=0.01s
[2020-09-11T18:17:38.457+0000][1][safepoint    ] Safepoint "GenCollectForAllocation", Time since last: 884012873 ns, Reaching safepoint: 1481762 ns, At safepoint: 10446435 ns, Total: 11928197 ns
[2020-09-11T18:17:38.599+0000][1][safepoint    ] Safepoint "RevokeBias", Time since last: 142382828 ns, Reaching safepoint: 88997 ns, At safepoint: 24063 ns, Total: 113060 ns
[2020-09-11T18:17:39.599+0000][1][safepoint    ] Safepoint "Cleanup", Time since last: 1000109715 ns, Reaching safepoint: 82934 ns, At safepoint: 10162 ns, Total: 93096 ns
[2020-09-11T18:17:40.600+0000][1][safepoint    ] Safepoint "Cleanup", Time since last: 1000114430 ns, Reaching safepoint: 74903 ns, At safepoint: 6995 ns, Total: 81898 ns
[2020-09-11T18:17:40.708+0000][1][safepoint    ] Safepoint "RevokeBias", Time since last: 108604661 ns, Reaching safepoint: 161042 ns, At safepoint: 22709 ns, Total: 183751 ns
[2020-09-11T18:17:41.709+0000][1][safepoint    ] Safepoint "Cleanup", Time since last: 1000114812 ns, Reaching safepoint: 82139 ns, At safepoint: 10144 ns, Total: 92283 ns
[2020-09-11T18:17:42.709+0000][1][safepoint    ] Safepoint "Cleanup", Time since last: 1000119690 ns, Reaching safepoint: 79964 ns, At safepoint: 10023 ns, Total: 89987 ns
[2020-09-11T18:17:43.709+0000][1][safepoint    ] Safepoint "Cleanup", Time since last: 1000113156 ns, Reaching safepoint: 77880 ns, At safepoint: 7427 ns, Total: 85307 ns
[2020-09-11T18:17:44.709+0000][1][safepoint    ] Safepoint "Cleanup", Time since last: 1000117426 ns, Reaching safepoint: 82142 ns, At safepoint: 9083 ns, Total: 91225 ns
[2020-09-11T18:17:45.709+0000][1][safepoint    ] Safepoint "Cleanup", Time since last: 1000115543 ns, Reaching safepoint: 78698 ns, At safepoint: 9164 ns, Total: 87862 ns
[2020-09-11T18:17:46.594+0000][1][safepoint    ] Safepoint "RevokeBias", Time since last: 884771585 ns, Reaching safepoint: 96994 ns, At safepoint: 24284 ns, Total: 121278 ns
[2020-09-11T18:17:47.595+0000][1][safepoint    ] Safepoint "Cleanup", Time since last: 1000105051 ns, Reaching safepoint: 83425 ns, At safepoint: 9150 ns, Total: 92575 ns
[2020-09-11T18:17:48.595+0000][1][safepoint    ] Safepoint "Cleanup", Time since last: 1000118486 ns, Reaching safepoint: 75602 ns, At safepoint: 7044 ns, Total: 82646 ns
[2020-09-11T18:17:48.668+0000][1][safepoint    ] Safepoint "RevokeBias", Time since last: 73232657 ns, Reaching safepoint: 83888 ns, At safepoint: 21551 ns, Total: 105439 ns
[2020-09-11T18:17:49.668+0000][1][safepoint    ] Safepoint "Cleanup", Time since last: 1000116534 ns, Reaching safepoint: 83932 ns, At safepoint: 9857 ns, Total: 93789 ns
[2020-09-11T18:17:50.669+0000][1][safepoint    ] Safepoint "Cleanup", Time since last: 1000117523 ns, Reaching safepoint: 79994 ns, At safepoint: 9852 ns, Total: 89846 ns
[2020-09-11T18:17:50.704+0000][1][safepoint    ] Safepoint "RevokeBias", Time since last: 35009992 ns, Reaching safepoint: 160925 ns, At safepoint: 23286 ns, Total: 184211 ns
[2020-09-11T18:17:56.540+0000][1][safepoint    ] Safepoint "RevokeBias", Time since last: 5836076303 ns, Reaching safepoint: 87374 ns, At safepoint: 22102 ns, Total: 109476 ns
[2020-09-11T18:17:57.540+0000][1][safepoint    ] Safepoint "Cleanup", Time since last: 1000114955 ns, Reaching safepoint: 86536 ns, At safepoint: 8817 ns, Total: 95353 ns
[2020-09-11T18:17:58.361+0000][1][gc,start     ] GC(141) Pause Young (Allocation Failure)
[2020-09-11T18:17:58.361+0000][1][gc,task      ] GC(141) Using 1 workers of 1 for evacuation
[2020-09-11T18:17:58.367+0000][1][gc,age       ] GC(141) Desired survivor size 4358144 bytes, new threshold 6 (max threshold 6)
[2020-09-11T18:17:58.367+0000][1][gc,age       ] GC(141) Age table with threshold 6 (max threshold 6)
[2020-09-11T18:17:58.367+0000][1][gc,age       ] GC(141) - age   1:      99728 bytes,      99728 total
[2020-09-11T18:17:58.367+0000][1][gc,age       ] GC(141) - age   2:      82992 bytes,     182720 total
[2020-09-11T18:17:58.367+0000][1][gc,age       ] GC(141) - age   3:     289760 bytes,     472480 total
[2020-09-11T18:17:58.367+0000][1][gc,age       ] GC(141) - age   4:      22720 bytes,     495200 total
[2020-09-11T18:17:58.367+0000][1][gc,age       ] GC(141) - age   5:     473552 bytes,     968752 total
[2020-09-11T18:17:58.367+0000][1][gc,age       ] GC(141) - age   6:     118008 bytes,    1086760 total
[2020-09-11T18:17:58.367+0000][1][gc,heap      ] GC(141) ParNew: 70028K->1299K(76672K)
[2020-09-11T18:17:58.367+0000][1][gc,heap      ] GC(141) CMS: 102070K->102143K(439104K)
[2020-09-11T18:17:58.367+0000][1][gc,metaspace ] GC(141) Metaspace: 92696K->92696K(1134592K)
[2020-09-11T18:17:58.367+0000][1][gc           ] GC(141) Pause Young (Allocation Failure) 168M->101M(503M) 6.466ms
[2020-09-11T18:17:58.367+0000][1][gc,cpu       ] GC(141) User=0.00s Sys=0.00s Real=0.00s
[2020-09-11T18:17:58.375+0000][1][safepoint    ] Safepoint "GenCollectForAllocation", Time since last: 820663900 ns, Reaching safepoint: 180852 ns, At safepoint: 14268173 ns, Total: 14449025 ns
[2020-09-11T18:17:58.606+0000][1][safepoint    ] Safepoint "BulkRevokeBias", Time since last: 230726323 ns, Reaching safepoint: 92832 ns, At safepoint: 235001 ns, Total: 327833 ns
[2020-09-11T18:17:59.607+0000][1][safepoint    ] Safepoint "Cleanup", Time since last: 1000113646 ns, Reaching safepoint: 87413 ns, At safepoint: 9099 ns, Total: 96512 ns
[2020-09-11T18:18:00.730+0000][1][safepoint    ] Safepoint "RevokeBias", Time since last: 1123419119 ns, Reaching safepoint: 85741 ns, At safepoint: 22161 ns, Total: 107902 ns
[2020-09-11T18:18:06.593+0000][1][safepoint    ] Safepoint "RevokeBias", Time since last: 5862653437 ns, Reaching safepoint: 116539 ns, At safepoint: 21677 ns, Total: 138216 ns
[2020-09-11T18:18:08.597+0000][1][safepoint    ] Safepoint "Cleanup", Time since last: 2003969047 ns, Reaching safepoint: 194631 ns, At safepoint: 8225 ns, Total: 202856 ns
[2020-09-11T18:18:08.620+0000][1][safepoint    ] Safepoint "RevokeBias", Time since last: 22699270 ns, Reaching safepoint: 86145 ns, At safepoint: 22323 ns, Total: 108468 ns
[2020-09-11T18:18:10.698+0000][1][safepoint    ] Safepoint "RevokeBias", Time since last: 2077567904 ns, Reaching safepoint: 161924 ns, At safepoint: 23614 ns, Total: 185538 ns
[2020-09-11T18:18:11.698+0000][1][safepoint    ] Safepoint "Cleanup", Time since last: 1000106056 ns, Reaching safepoint: 84664 ns, At safepoint: 9071 ns, Total: 93735 ns
[2020-09-11T18:18:16.509+0000][1][safepoint    ] Safepoint "RevokeBias", Time since last: 4811459747 ns, Reaching safepoint: 84873 ns, At safepoint: 22549 ns, Total: 107422 ns
[2020-09-11T18:18:17.509+0000][1][safepoint    ] Safepoint "Cleanup", Time since last: 1000066391 ns, Reaching safepoint: 84367 ns, At safepoint: 9835 ns, Total: 94202 ns
[2020-09-11T18:18:18.513+0000][1][gc,start     ] GC(142) Pause Young (Allocation Failure)
[2020-09-11T18:18:18.513+0000][1][gc,task      ] GC(142) Using 1 workers of 1 for evacuation
[2020-09-11T18:18:18.526+0000][1][gc,age       ] GC(142) Desired survivor size 4358144 bytes, new threshold 6 (max threshold 6)
[2020-09-11T18:18:18.526+0000][1][gc,age       ] GC(142) Age table with threshold 6 (max threshold 6)
[2020-09-11T18:18:18.526+0000][1][gc,age       ] GC(142) - age   1:     142664 bytes,     142664 total
[2020-09-11T18:18:18.526+0000][1][gc,age       ] GC(142) - age   2:      26656 bytes,     169320 total
[2020-09-11T18:18:18.526+0000][1][gc,age       ] GC(142) - age   3:      80464 bytes,     249784 total
[2020-09-11T18:18:18.526+0000][1][gc,age       ] GC(142) - age   4:     289760 bytes,     539544 total
[2020-09-11T18:18:18.526+0000][1][gc,age       ] GC(142) - age   5:      22528 bytes,     562072 total
[2020-09-11T18:18:18.526+0000][1][gc,age       ] GC(142) - age   6:     473552 bytes,    1035624 total
[2020-09-11T18:18:18.526+0000][1][gc,heap      ] GC(142) ParNew: 69459K->1916K(76672K)
[2020-09-11T18:18:18.526+0000][1][gc,heap      ] GC(142) CMS: 102143K->102259K(439104K)
[2020-09-11T18:18:18.526+0000][1][gc,metaspace ] GC(142) Metaspace: 92709K->92709K(1134592K)
[2020-09-11T18:18:18.526+0000][1][gc           ] GC(142) Pause Young (Allocation Failure) 167M->101M(503M) 13.596ms
[2020-09-11T18:18:18.527+0000][1][gc,cpu       ] GC(142) User=0.00s Sys=0.00s Real=0.01s
[2020-09-11T18:18:18.527+0000][1][safepoint    ] Safepoint "GenCollectForAllocation", Time since last: 999638544 ns, Reaching safepoint: 3764437 ns, At safepoint: 13668725 ns, Total: 17433162 ns
[2020-09-11T18:18:18.637+0000][1][safepoint    ] Safepoint "RevokeBias", Time since last: 109934978 ns, Reaching safepoint: 100507 ns, At safepoint: 22211 ns, Total: 122718 ns
[2020-09-11T18:18:20.637+0000][1][safepoint    ] Safepoint "Cleanup", Time since last: 2000160698 ns, Reaching safepoint: 86701 ns, At safepoint: 9800 ns, Total: 96501 ns
[2020-09-11T18:18:20.729+0000][1][safepoint    ] Safepoint "RevokeBias", Time since last: 91695302 ns, Reaching safepoint: 85507 ns, At safepoint: 22382 ns, Total: 107889 ns
[2020-09-11T18:18:23.729+0000][1][safepoint    ] Safepoint "Cleanup", Time since last: 3000284477 ns, Reaching safepoint: 84108 ns, At safepoint: 9366 ns, Total: 93474 ns
[2020-09-11T18:18:26.540+0000][1][safepoint    ] Safepoint "RevokeBias", Time since last: 2811340816 ns, Reaching safepoint: 82809 ns, At safepoint: 25477 ns, Total: 108286 ns
[2020-09-11T18:18:28.541+0000][1][safepoint    ] Safepoint "Cleanup", Time since last: 2000178179 ns, Reaching safepoint: 119711 ns, At safepoint: 9554 ns, Total: 129265 ns
[2020-09-11T18:18:28.611+0000][1][safepoint    ] Safepoint "RevokeBias", Time since last: 69933235 ns, Reaching safepoint: 81900 ns, At safepoint: 20802 ns, Total: 102702 ns
[2020-09-11T18:18:29.611+0000][1][safepoint    ] Safepoint "Cleanup", Time since last: 1000102826 ns, Reaching safepoint: 85899 ns, At safepoint: 9043 ns, Total: 94942 ns
[2020-09-11T18:18:30.611+0000][1][safepoint    ] Safepoint "Cleanup", Time since last: 1000107643 ns, Reaching safepoint: 84951 ns, At safepoint: 8308 ns, Total: 93259 ns
[2020-09-11T18:18:30.763+0000][1][safepoint    ] Safepoint "RevokeBias", Time since last: 151843617 ns, Reaching safepoint: 161168 ns, At safepoint: 23350 ns, Total: 184518 ns
[2020-09-11T18:18:36.517+0000][1][safepoint    ] Safepoint "RevokeBias", Time since last: 5750892395 ns, Reaching safepoint: 2685412 ns, At safepoint: 26848 ns, Total: 2712260 ns
[2020-09-11T18:18:38.516+0000][1][gc,start     ] GC(143) Pause Young (Allocation Failure)
[2020-09-11T18:18:38.516+0000][1][gc,task      ] GC(143) Using 1 workers of 1 for evacuation
[2020-09-11T18:18:38.532+0000][1][gc,age       ] GC(143) Desired survivor size 4358144 bytes, new threshold 6 (max threshold 6)
[2020-09-11T18:18:38.532+0000][1][gc,age       ] GC(143) Age table with threshold 6 (max threshold 6)
[2020-09-11T18:18:38.532+0000][1][gc,age       ] GC(143) - age   1:     222904 bytes,     222904 total
[2020-09-11T18:18:38.532+0000][1][gc,age       ] GC(143) - age   2:       8688 bytes,     231592 total
[2020-09-11T18:18:38.532+0000][1][gc,age       ] GC(143) - age   3:      22768 bytes,     254360 total
[2020-09-11T18:18:38.532+0000][1][gc,age       ] GC(143) - age   4:      80432 bytes,     334792 total
[2020-09-11T18:18:38.532+0000][1][gc,age       ] GC(143) - age   5:     289760 bytes,     624552 total
[2020-09-11T18:18:38.532+0000][1][gc,age       ] GC(143) - age   6:      22216 bytes,     646768 total
[2020-09-11T18:18:38.532+0000][1][gc,heap      ] GC(143) ParNew: 70076K->1237K(76672K)
[2020-09-11T18:18:38.532+0000][1][gc,heap      ] GC(143) CMS: 102259K->102721K(439104K)
[2020-09-11T18:18:38.532+0000][1][gc,metaspace ] GC(143) Metaspace: 92751K->92751K(1134592K)
[2020-09-11T18:18:38.532+0000][1][gc           ] GC(143) Pause Young (Allocation Failure) 168M->101M(503M) 16.659ms
[2020-09-11T18:18:38.532+0000][1][gc,cpu       ] GC(143) User=0.01s Sys=0.00s Real=0.01s
[2020-09-11T18:18:38.541+0000][1][safepoint    ] Safepoint "GenCollectForAllocation", Time since last: 1992534244 ns, Reaching safepoint: 6079088 ns, At safepoint: 25301373 ns, Total: 31380461 ns
[2020-09-11T18:18:38.736+0000][1][safepoint    ] Safepoint "RevokeBias", Time since last: 195348670 ns, Reaching safepoint: 87662 ns, At safepoint: 23676 ns, Total: 111338 ns
[2020-09-11T18:18:40.710+0000][1][safepoint    ] Safepoint "RevokeBias", Time since last: 1973591807 ns, Reaching safepoint: 168616 ns, At safepoint: 25594 ns, Total: 194210 ns
[2020-09-11T18:18:42.710+0000][1][safepoint    ] Safepoint "Cleanup", Time since last: 2000209630 ns, Reaching safepoint: 85824 ns, At safepoint: 9252 ns, Total: 95076 ns
[2020-09-11T18:18:43.711+0000][1][safepoint    ] Safepoint "Cleanup", Time since last: 1000117062 ns, Reaching safepoint: 86447 ns, At safepoint: 10080 ns, Total: 96527 ns
[2020-09-11T18:18:46.572+0000][1][safepoint    ] Safepoint "RevokeBias", Time since last: 2860914723 ns, Reaching safepoint: 99133 ns, At safepoint: 26409 ns, Total: 125542 ns
[2020-09-11T18:18:48.669+0000][1][safepoint    ] Safepoint "RevokeBias", Time since last: 2097357914 ns, Reaching safepoint: 91006 ns, At safepoint: 23841 ns, Total: 114847 ns
[2020-09-11T18:18:50.712+0000][1][safepoint    ] Safepoint "RevokeBias", Time since last: 2042679284 ns, Reaching safepoint: 162078 ns, At safepoint: 23543 ns, Total: 185621 ns
[2020-09-11T18:18:56.575+0000][1][safepoint    ] Safepoint "RevokeBias", Time since last: 5862572727 ns, Reaching safepoint: 93761 ns, At safepoint: 24774 ns, Total: 118535 ns
[2020-09-11T18:18:57.575+0000][1][safepoint    ] Safepoint "Cleanup", Time since last: 1000107126 ns, Reaching safepoint: 86467 ns, At safepoint: 9109 ns, Total: 95576 ns
[2020-09-11T18:18:58.575+0000][1][safepoint    ] Safepoint "Cleanup", Time since last: 1000117425 ns, Reaching safepoint: 86182 ns, At safepoint: 6483 ns, Total: 92665 ns
[2020-09-11T18:18:58.594+0000][1][safepoint    ] Safepoint "RevokeBias", Time since last: 18938774 ns, Reaching safepoint: 86015 ns, At safepoint: 23269 ns, Total: 109284 ns
[2020-09-11T18:18:59.594+0000][1][safepoint    ] Safepoint "Cleanup", Time since last: 1000103477 ns, Reaching safepoint: 101334 ns, At safepoint: 8704 ns, Total: 110038 ns
[2020-09-11T18:19:00.595+0000][1][safepoint    ] Safepoint "Cleanup", Time since last: 1000106737 ns, Reaching safepoint: 86267 ns, At safepoint: 10173 ns, Total: 96440 ns
[2020-09-11T18:19:00.736+0000][1][safepoint    ] Safepoint "RevokeBias", Time since last: 141036462 ns, Reaching safepoint: 91081 ns, At safepoint: 39652 ns, Total: 130733 ns
[2020-09-11T18:19:01.736+0000][1][safepoint    ] Safepoint "Cleanup", Time since last: 1000105777 ns, Reaching safepoint: 76456 ns, At safepoint: 7190 ns, Total: 83646 ns
[2020-09-11T18:19:02.736+0000][1][safepoint    ] Safepoint "Cleanup", Time since last: 1000110150 ns, Reaching safepoint: 80790 ns, At safepoint: 8851 ns, Total: 89641 ns
[2020-09-11T18:19:03.736+0000][1][safepoint    ] Safepoint "Cleanup", Time since last: 1000113168 ns, Reaching safepoint: 89055 ns, At safepoint: 9026 ns, Total: 98081 ns
[2020-09-11T18:19:04.191+0000][1][gc,start     ] GC(144) Pause Young (Allocation Failure)
[2020-09-11T18:19:04.191+0000][1][gc,task      ] GC(144) Using 1 workers of 1 for evacuation
[2020-09-11T18:19:04.200+0000][1][gc,age       ] GC(144) Desired survivor size 4358144 bytes, new threshold 6 (max threshold 6)
[2020-09-11T18:19:04.200+0000][1][gc,age       ] GC(144) Age table with threshold 6 (max threshold 6)
[2020-09-11T18:19:04.200+0000][1][gc,age       ] GC(144) - age   1:     597256 bytes,     597256 total
[2020-09-11T18:19:04.200+0000][1][gc,age       ] GC(144) - age   2:     153584 bytes,     750840 total
[2020-09-11T18:19:04.200+0000][1][gc,age       ] GC(144) - age   3:       6168 bytes,     757008 total
[2020-09-11T18:19:04.200+0000][1][gc,age       ] GC(144) - age   4:      22672 bytes,     779680 total
[2020-09-11T18:19:04.200+0000][1][gc,age       ] GC(144) - age   5:      80120 bytes,     859800 total
[2020-09-11T18:19:04.200+0000][1][gc,age       ] GC(144) - age   6:     289760 bytes,    1149560 total
[2020-09-11T18:19:04.200+0000][1][gc,heap      ] GC(144) ParNew: 69397K->1174K(76672K)
[2020-09-11T18:19:04.200+0000][1][gc,heap      ] GC(144) CMS: 102721K->102743K(439104K)
[2020-09-11T18:19:04.200+0000][1][gc,metaspace ] GC(144) Metaspace: 92925K->92925K(1134592K)
[2020-09-11T18:19:04.200+0000][1][gc           ] GC(144) Pause Young (Allocation Failure) 168M->101M(503M) 9.491ms
[2020-09-11T18:19:04.200+0000][1][gc,cpu       ] GC(144) User=0.01s Sys=0.00s Real=0.01s
[2020-09-11T18:19:04.201+0000][1][safepoint    ] Safepoint "GenCollectForAllocation", Time since last: 452525518 ns, Reaching safepoint: 2163546 ns, At safepoint: 9605233 ns, Total: 11768779 ns
[2020-09-11T18:19:05.206+0000][1][safepoint    ] Safepoint "Cleanup", Time since last: 1005321405 ns, Reaching safepoint: 71953 ns, At safepoint: 16716 ns, Total: 88669 ns
[2020-09-11T18:19:06.206+0000][1][safepoint    ] Safepoint "Cleanup", Time since last: 1000202681 ns, Reaching safepoint: 70738 ns, At safepoint: 16382 ns, Total: 87120 ns
[2020-09-11T18:19:06.518+0000][1][safepoint    ] Safepoint "RevokeBias", Time since last: 311787127 ns, Reaching safepoint: 85812 ns, At safepoint: 21915 ns, Total: 107727 ns
[2020-09-11T18:19:07.518+0000][1][safepoint    ] Safepoint "Cleanup", Time since last: 1000107752 ns, Reaching safepoint: 80193 ns, At safepoint: 9152 ns, Total: 89345 ns
[2020-09-11T18:19:08.523+0000][1][safepoint    ] Safepoint "Cleanup", Time since last: 1004290369 ns, Reaching safepoint: 122232 ns, At safepoint: 7767 ns, Total: 129999 ns
[2020-09-11T18:19:08.588+0000][1][safepoint    ] Safepoint "RevokeBias", Time since last: 65594573 ns, Reaching safepoint: 99971 ns, At safepoint: 22450 ns, Total: 122421 ns
[2020-09-11T18:19:09.589+0000][1][safepoint    ] Safepoint "Cleanup", Time since last: 1000111635 ns, Reaching safepoint: 80504 ns, At safepoint: 9224 ns, Total: 89728 ns
[2020-09-11T18:19:10.589+0000][1][safepoint    ] Safepoint "Cleanup", Time since last: 1000082518 ns, Reaching safepoint: 80414 ns, At safepoint: 8290 ns, Total: 88704 ns
[2020-09-11T18:19:10.784+0000][1][safepoint    ] Safepoint "RevokeBias", Time since last: 194965013 ns, Reaching safepoint: 164355 ns, At safepoint: 24182 ns, Total: 188537 ns
[2020-09-11T18:19:11.784+0000][1][safepoint    ] Safepoint "Cleanup", Time since last: 1000108613 ns, Reaching safepoint: 107863 ns, At safepoint: 10970 ns, Total: 118833 ns
[2020-09-11T18:19:12.784+0000][1][safepoint    ] Safepoint "Cleanup", Time since last: 1000110298 ns, Reaching safepoint: 78683 ns, At safepoint: 9350 ns, Total: 88033 ns
[2020-09-11T18:19:13.785+0000][1][safepoint    ] Safepoint "Cleanup", Time since last: 1000117478 ns, Reaching safepoint: 81406 ns, At safepoint: 8973 ns, Total: 90379 ns
[2020-09-11T18:19:14.785+0000][1][safepoint    ] Safepoint "Cleanup", Time since last: 1000119632 ns, Reaching safepoint: 83110 ns, At safepoint: 8076 ns, Total: 91186 ns
[2020-09-11T18:19:15.785+0000][1][safepoint    ] Safepoint "Cleanup", Time since last: 1000106545 ns, Reaching safepoint: 82872 ns, At safepoint: 16846 ns, Total: 99718 ns
[2020-09-11T18:19:16.506+0000][1][safepoint    ] Safepoint "RevokeBias", Time since last: 721008853 ns, Reaching safepoint: 87118 ns, At safepoint: 22055 ns, Total: 109173 ns
[2020-09-11T18:19:17.506+0000][1][safepoint    ] Safepoint "Cleanup", Time since last: 1000118945 ns, Reaching safepoint: 81799 ns, At safepoint: 9245 ns, Total: 91044 ns
[2020-09-11T18:19:18.507+0000][1][safepoint    ] Safepoint "Cleanup", Time since last: 1000117132 ns, Reaching safepoint: 124236 ns, At safepoint: 9220 ns, Total: 133456 ns
[2020-09-11T18:19:18.528+0000][1][safepoint    ] Safepoint "RevokeBias", Time since last: 21281406 ns, Reaching safepoint: 85460 ns, At safepoint: 21572 ns, Total: 107032 ns
[2020-09-11T18:19:19.224+0000][1][gc,start     ] GC(145) Pause Young (Allocation Failure)
[2020-09-11T18:19:19.224+0000][1][gc,task      ] GC(145) Using 1 workers of 1 for evacuation
[2020-09-11T18:19:19.234+0000][1][gc,age       ] GC(145) Desired survivor size 4358144 bytes, new threshold 6 (max threshold 6)
[2020-09-11T18:19:19.234+0000][1][gc,age       ] GC(145) Age table with threshold 6 (max threshold 6)
[2020-09-11T18:19:19.234+0000][1][gc,age       ] GC(145) - age   1:      62544 bytes,      62544 total
[2020-09-11T18:19:19.234+0000][1][gc,age       ] GC(145) - age   2:     546928 bytes,     609472 total
[2020-09-11T18:19:19.234+0000][1][gc,age       ] GC(145) - age   3:     153312 bytes,     762784 total
[2020-09-11T18:19:19.234+0000][1][gc,age       ] GC(145) - age   4:       6168 bytes,     768952 total
[2020-09-11T18:19:19.234+0000][1][gc,age       ] GC(145) - age   5:      22672 bytes,     791624 total
[2020-09-11T18:19:19.234+0000][1][gc,age       ] GC(145) - age   6:      80120 bytes,     871744 total
[2020-09-11T18:19:19.234+0000][1][gc,heap      ] GC(145) ParNew: 69334K->939K(76672K)
[2020-09-11T18:19:19.234+0000][1][gc,heap      ] GC(145) CMS: 102743K->103026K(439104K)
[2020-09-11T18:19:19.234+0000][1][gc,metaspace ] GC(145) Metaspace: 92928K->92928K(1134592K)
[2020-09-11T18:19:19.234+0000][1][gc           ] GC(145) Pause Young (Allocation Failure) 168M->101M(503M) 9.837ms
[2020-09-11T18:19:19.234+0000][1][gc,cpu       ] GC(145) User=0.01s Sys=0.00s Real=0.01s
[2020-09-11T18:19:19.234+0000][1][safepoint    ] Safepoint "GenCollectForAllocation", Time since last: 693954570 ns, Reaching safepoint: 1805870 ns, At safepoint: 9923468 ns, Total: 11729338 ns
[2020-09-11T18:19:20.235+0000][1][safepoint    ] Safepoint "Cleanup", Time since last: 1001488668 ns, Reaching safepoint: 72969 ns, At safepoint: 16631 ns, Total: 89600 ns
[2020-09-11T18:19:20.701+0000][1][safepoint    ] Safepoint "RevokeBias", Time since last: 465943113 ns, Reaching safepoint: 85900 ns, At safepoint: 33276 ns, Total: 119176 ns
[2020-09-11T18:19:21.702+0000][1][safepoint    ] Safepoint "Cleanup", Time since last: 1000766123 ns, Reaching safepoint: 81656 ns, At safepoint: 32235 ns, Total: 113891 ns
[2020-09-11T18:19:22.702+0000][1][safepoint    ] Safepoint "Cleanup", Time since last: 1000121356 ns, Reaching safepoint: 78849 ns, At safepoint: 22615 ns, Total: 101464 ns
[2020-09-11T18:19:23.703+0000][1][safepoint    ] Safepoint "Cleanup", Time since last: 1000119078 ns, Reaching safepoint: 80495 ns, At safepoint: 22817 ns, Total: 103312 ns
[2020-09-11T18:19:24.703+0000][1][safepoint    ] Safepoint "Cleanup", Time since last: 1000113800 ns, Reaching safepoint: 83158 ns, At safepoint: 8590 ns, Total: 91748 ns
[2020-09-11T18:19:25.703+0000][1][safepoint    ] Safepoint "Cleanup", Time since last: 1000111936 ns, Reaching safepoint: 82417 ns, At safepoint: 8968 ns, Total: 91385 ns
[2020-09-11T18:19:26.506+0000][1][safepoint    ] Safepoint "RevokeBias", Time since last: 803117170 ns, Reaching safepoint: 91542 ns, At safepoint: 24729 ns, Total: 116271 ns
[2020-09-11T18:19:27.507+0000][1][safepoint    ] Safepoint "Cleanup", Time since last: 1000116866 ns, Reaching safepoint: 80398 ns, At safepoint: 8687 ns, Total: 89085 ns
[2020-09-11T18:19:28.507+0000][1][safepoint    ] Safepoint "Cleanup", Time since last: 1000116261 ns, Reaching safepoint: 78470 ns, At safepoint: 7395 ns, Total: 85865 ns
[2020-09-11T18:19:28.586+0000][1][safepoint    ] Safepoint "BulkRevokeBias", Time since last: 79078690 ns, Reaching safepoint: 92283 ns, At safepoint: 269194 ns, Total: 361477 ns
[2020-09-11T18:19:29.586+0000][1][safepoint    ] Safepoint "Cleanup", Time since last: 1000112944 ns, Reaching safepoint: 80097 ns, At safepoint: 8647 ns, Total: 88744 ns
[2020-09-11T18:19:30.587+0000][1][safepoint    ] Safepoint "Cleanup", Time since last: 1000113177 ns, Reaching safepoint: 82492 ns, At safepoint: 9336 ns, Total: 91828 ns
[2020-09-11T18:19:30.756+0000][1][safepoint    ] Safepoint "RevokeBias", Time since last: 169400569 ns, Reaching safepoint: 90129 ns, At safepoint: 40680 ns, Total: 130809 ns
[2020-09-11T18:19:31.756+0000][1][safepoint    ] Safepoint "Cleanup", Time since last: 1000103620 ns, Reaching safepoint: 83355 ns, At safepoint: 8615 ns, Total: 91970 ns
[2020-09-11T18:19:32.757+0000][1][safepoint    ] Safepoint "Cleanup", Time since last: 1000114582 ns, Reaching safepoint: 86561 ns, At safepoint: 9147 ns, Total: 95708 ns
[2020-09-11T18:19:33.757+0000][1][safepoint    ] Safepoint "Cleanup", Time since last: 1000119949 ns, Reaching safepoint: 82513 ns, At safepoint: 8799 ns, Total: 91312 ns
[2020-09-11T18:19:34.758+0000][1][safepoint    ] Safepoint "Cleanup", Time since last: 1000824763 ns, Reaching safepoint: 91852 ns, At safepoint: 8692 ns, Total: 100544 ns
[2020-09-11T18:19:35.758+0000][1][safepoint    ] Safepoint "Cleanup", Time since last: 1000098784 ns, Reaching safepoint: 86566 ns, At safepoint: 10049 ns, Total: 96615 ns
[2020-09-11T18:19:36.532+0000][1][safepoint    ] Safepoint "RevokeBias", Time since last: 773977889 ns, Reaching safepoint: 89155 ns, At safepoint: 23182 ns, Total: 112337 ns
[2020-09-11T18:19:37.532+0000][1][safepoint    ] Safepoint "Cleanup", Time since last: 1000100549 ns, Reaching safepoint: 79457 ns, At safepoint: 8517 ns, Total: 87974 ns
[2020-09-11T18:19:38.533+0000][1][safepoint    ] Safepoint "Cleanup", Time since last: 1000109567 ns, Reaching safepoint: 632352 ns, At safepoint: 10209 ns, Total: 642561 ns
[2020-09-11T18:19:38.615+0000][1][safepoint    ] Safepoint "RevokeBias", Time since last: 81980682 ns, Reaching safepoint: 82673 ns, At safepoint: 20699 ns, Total: 103372 ns
[2020-09-11T18:19:39.615+0000][1][safepoint    ] Safepoint "Cleanup", Time since last: 1000104314 ns, Reaching safepoint: 81886 ns, At safepoint: 7810 ns, Total: 89696 ns
[2020-09-11T18:19:40.615+0000][1][safepoint    ] Safepoint "Cleanup", Time since last: 1000115971 ns, Reaching safepoint: 81451 ns, At safepoint: 9033 ns, Total: 90484 ns
[2020-09-11T18:19:40.757+0000][1][safepoint    ] Safepoint "RevokeBias", Time since last: 141118357 ns, Reaching safepoint: 169930 ns, At safepoint: 26348 ns, Total: 196278 ns
[2020-09-11T18:19:41.757+0000][1][safepoint    ] Safepoint "Cleanup", Time since last: 1000087530 ns, Reaching safepoint: 97956 ns, At safepoint: 9360 ns, Total: 107316 ns
[2020-09-11T18:19:42.144+0000][1][gc,start     ] GC(146) Pause Young (Allocation Failure)
[2020-09-11T18:19:42.144+0000][1][gc,task      ] GC(146) Using 1 workers of 1 for evacuation
[2020-09-11T18:19:42.154+0000][1][gc,age       ] GC(146) Desired survivor size 4358144 bytes, new threshold 6 (max threshold 6)
[2020-09-11T18:19:42.154+0000][1][gc,age       ] GC(146) Age table with threshold 6 (max threshold 6)
[2020-09-11T18:19:42.154+0000][1][gc,age       ] GC(146) - age   1:     334048 bytes,     334048 total
[2020-09-11T18:19:42.154+0000][1][gc,age       ] GC(146) - age   2:      14912 bytes,     348960 total
[2020-09-11T18:19:42.154+0000][1][gc,age       ] GC(146) - age   3:     538952 bytes,     887912 total
[2020-09-11T18:19:42.154+0000][1][gc,age       ] GC(146) - age   4:     153312 bytes,    1041224 total
[2020-09-11T18:19:42.154+0000][1][gc,age       ] GC(146) - age   5:       6168 bytes,    1047392 total
[2020-09-11T18:19:42.154+0000][1][gc,age       ] GC(146) - age   6:      22672 bytes,    1070064 total
[2020-09-11T18:19:42.154+0000][1][gc,heap      ] GC(146) ParNew: 69093K->1746K(76672K)
[2020-09-11T18:19:42.154+0000][1][gc,heap      ] GC(146) CMS: 103026K->103098K(439104K)
[2020-09-11T18:19:42.154+0000][1][gc,metaspace ] GC(146) Metaspace: 92930K->92930K(1134592K)
[2020-09-11T18:19:42.154+0000][1][gc           ] GC(146) Pause Young (Allocation Failure) 168M->102M(503M) 9.499ms
[2020-09-11T18:19:42.154+0000][1][gc,cpu       ] GC(146) User=0.00s Sys=0.00s Real=0.01s
[2020-09-11T18:19:42.154+0000][1][safepoint    ] Safepoint "GenCollectForAllocation", Time since last: 387380712 ns, Reaching safepoint: 75494 ns, At safepoint: 9586015 ns, Total: 9661509 ns
[2020-09-11T18:19:43.155+0000][1][safepoint    ] Safepoint "Cleanup", Time since last: 1000531602 ns, Reaching safepoint: 76288 ns, At safepoint: 21111 ns, Total: 97399 ns
[2020-09-11T18:19:44.155+0000][1][safepoint    ] Safepoint "Cleanup", Time since last: 1000108674 ns, Reaching safepoint: 79998 ns, At safepoint: 21196 ns, Total: 101194 ns
[2020-09-11T18:19:45.155+0000][1][safepoint    ] Safepoint "Cleanup", Time since last: 1000111146 ns, Reaching safepoint: 81204 ns, At safepoint: 22144 ns, Total: 103348 ns
[2020-09-11T18:19:46.155+0000][1][safepoint    ] Safepoint "Cleanup", Time since last: 1000113438 ns, Reaching safepoint: 80757 ns, At safepoint: 8676 ns, Total: 89433 ns
[2020-09-11T18:19:46.515+0000][1][safepoint    ] Safepoint "RevokeBias", Time since last: 359578604 ns, Reaching safepoint: 83670 ns, At safepoint: 20908 ns, Total: 104578 ns
[2020-09-11T18:19:47.515+0000][1][safepoint    ] Safepoint "Cleanup", Time since last: 1000109795 ns, Reaching safepoint: 97861 ns, At safepoint: 9445 ns, Total: 107306 ns
[2020-09-11T18:19:48.516+0000][1][safepoint    ] Safepoint "Cleanup", Time since last: 1000145093 ns, Reaching safepoint: 394607 ns, At safepoint: 10451 ns, Total: 405058 ns
[2020-09-11T18:19:48.580+0000][1][safepoint    ] Safepoint "RevokeBias", Time since last: 64158220 ns, Reaching safepoint: 87404 ns, At safepoint: 22938 ns, Total: 110342 ns
[2020-09-11T18:19:50.784+0000][1][safepoint    ] Safepoint "RevokeBias", Time since last: 2204438639 ns, Reaching safepoint: 88015 ns, At safepoint: 24462 ns, Total: 112477 ns
[2020-09-11T18:19:53.785+0000][1][safepoint    ] Safepoint "Cleanup", Time since last: 3000274656 ns, Reaching safepoint: 113170 ns, At safepoint: 9390 ns, Total: 122560 ns
[2020-09-11T18:19:56.600+0000][1][safepoint    ] Safepoint "RevokeBias", Time since last: 2815343907 ns, Reaching safepoint: 90152 ns, At safepoint: 21807 ns, Total: 111959 ns
[2020-09-11T18:19:58.583+0000][1][safepoint    ] Safepoint "RevokeBias", Time since last: 1982136966 ns, Reaching safepoint: 92576 ns, At safepoint: 22243 ns, Total: 114819 ns
[2020-09-11T18:19:59.583+0000][1][safepoint    ] Safepoint "Cleanup", Time since last: 1000107426 ns, Reaching safepoint: 87675 ns, At safepoint: 8043 ns, Total: 95718 ns
[2020-09-11T18:20:00.583+0000][1][safepoint    ] Safepoint "Cleanup", Time since last: 1000111841 ns, Reaching safepoint: 101241 ns, At safepoint: 9259 ns, Total: 110500 ns
[2020-09-11T18:20:00.738+0000][1][safepoint    ] Safepoint "RevokeBias", Time since last: 154777554 ns, Reaching safepoint: 159819 ns, At safepoint: 36747 ns, Total: 196566 ns
[2020-09-11T18:20:04.288+0000][1][gc,start     ] GC(147) Pause Young (Allocation Failure)
[2020-09-11T18:20:04.288+0000][1][gc,task      ] GC(147) Using 1 workers of 1 for evacuation
[2020-09-11T18:20:04.295+0000][1][gc,age       ] GC(147) Desired survivor size 4358144 bytes, new threshold 6 (max threshold 6)
[2020-09-11T18:20:04.295+0000][1][gc,age       ] GC(147) Age table with threshold 6 (max threshold 6)
[2020-09-11T18:20:04.295+0000][1][gc,age       ] GC(147) - age   1:     131936 bytes,     131936 total
[2020-09-11T18:20:04.295+0000][1][gc,age       ] GC(147) - age   2:     281304 bytes,     413240 total
[2020-09-11T18:20:04.295+0000][1][gc,age       ] GC(147) - age   3:      13128 bytes,     426368 total
[2020-09-11T18:20:04.295+0000][1][gc,age       ] GC(147) - age   4:     538664 bytes,     965032 total
[2020-09-11T18:20:04.295+0000][1][gc,age       ] GC(147) - age   5:     153312 bytes,    1118344 total
[2020-09-11T18:20:04.295+0000][1][gc,age       ] GC(147) - age   6:       6168 bytes,    1124512 total
[2020-09-11T18:20:04.295+0000][1][gc,heap      ] GC(147) ParNew: 69906K->2004K(76672K)
[2020-09-11T18:20:04.295+0000][1][gc,heap      ] GC(147) CMS: 103098K->103120K(439104K)
[2020-09-11T18:20:04.295+0000][1][gc,metaspace ] GC(147) Metaspace: 92942K->92942K(1134592K)
[2020-09-11T18:20:04.295+0000][1][gc           ] GC(147) Pause Young (Allocation Failure) 168M->102M(503M) 7.312ms
[2020-09-11T18:20:04.295+0000][1][gc,cpu       ] GC(147) User=0.00s Sys=0.00s Real=0.01s
[2020-09-11T18:20:04.298+0000][1][safepoint    ] Safepoint "GenCollectForAllocation", Time since last: 3549285913 ns, Reaching safepoint: 800446 ns, At safepoint: 10308879 ns, Total: 11109325 ns
[2020-09-11T18:20:06.546+0000][1][safepoint    ] Safepoint "RevokeBias", Time since last: 2247433684 ns, Reaching safepoint: 96204 ns, At safepoint: 22734 ns, Total: 118938 ns
[2020-09-11T18:20:08.537+0000][1][safepoint    ] Safepoint "RevokeBias", Time since last: 1990829113 ns, Reaching safepoint: 117244 ns, At safepoint: 22639 ns, Total: 139883 ns
[2020-09-11T18:20:10.713+0000][1][safepoint    ] Safepoint "RevokeBias", Time since last: 2175736105 ns, Reaching safepoint: 183498 ns, At safepoint: 23564 ns, Total: 207062 ns
[2020-09-11T18:20:16.541+0000][1][safepoint    ] Safepoint "RevokeBias", Time since last: 5827801855 ns, Reaching safepoint: 92041 ns, At safepoint: 24980 ns, Total: 117021 ns
[2020-09-11T18:20:18.545+0000][1][safepoint    ] Safepoint "Cleanup", Time since last: 2004039900 ns, Reaching safepoint: 91560 ns, At safepoint: 8358 ns, Total: 99918 ns
[2020-09-11T18:20:18.597+0000][1][gc,start     ] GC(148) Pause Young (Allocation Failure)
[2020-09-11T18:20:18.597+0000][1][gc,task      ] GC(148) Using 1 workers of 1 for evacuation
[2020-09-11T18:20:18.610+0000][1][gc,age       ] GC(148) Desired survivor size 4358144 bytes, new threshold 6 (max threshold 6)
[2020-09-11T18:20:18.610+0000][1][gc,age       ] GC(148) Age table with threshold 6 (max threshold 6)
[2020-09-11T18:20:18.610+0000][1][gc,age       ] GC(148) - age   1:     212768 bytes,     212768 total
[2020-09-11T18:20:18.610+0000][1][gc,age       ] GC(148) - age   2:      85536 bytes,     298304 total
[2020-09-11T18:20:18.610+0000][1][gc,age       ] GC(148) - age   3:     279520 bytes,     577824 total
[2020-09-11T18:20:18.610+0000][1][gc,age       ] GC(148) - age   4:      13128 bytes,     590952 total
[2020-09-11T18:20:18.610+0000][1][gc,age       ] GC(148) - age   5:     538664 bytes,    1129616 total
[2020-09-11T18:20:18.610+0000][1][gc,age       ] GC(148) - age   6:     153280 bytes,    1282896 total
[2020-09-11T18:20:18.610+0000][1][gc,heap      ] GC(148) ParNew: 70164K->1324K(76672K)
[2020-09-11T18:20:18.610+0000][1][gc,heap      ] GC(148) CMS: 103120K->103126K(439104K)
[2020-09-11T18:20:18.610+0000][1][gc,metaspace ] GC(148) Metaspace: 92944K->92944K(1134592K)
[2020-09-11T18:20:18.610+0000][1][gc           ] GC(148) Pause Young (Allocation Failure) 169M->102M(503M) 13.123ms
[2020-09-11T18:20:18.610+0000][1][gc,cpu       ] GC(148) User=0.01s Sys=0.00s Real=0.01s
[2020-09-11T18:20:18.610+0000][1][safepoint    ] Safepoint "GenCollectForAllocation", Time since last: 49520550 ns, Reaching safepoint: 2512589 ns, At safepoint: 13191193 ns, Total: 15703782 ns
[2020-09-11T18:20:18.644+0000][1][safepoint    ] Safepoint "RevokeBias", Time since last: 33287535 ns, Reaching safepoint: 87077 ns, At safepoint: 34285 ns, Total: 121362 ns
[2020-09-11T18:20:20.715+0000][1][safepoint    ] Safepoint "RevokeBias", Time since last: 2071868492 ns, Reaching safepoint: 85869 ns, At safepoint: 22766 ns, Total: 108635 ns
[2020-09-11T18:20:26.508+0000][1][safepoint    ] Safepoint "RevokeBias", Time since last: 5792463630 ns, Reaching safepoint: 86037 ns, At safepoint: 21990 ns, Total: 108027 ns
[2020-09-11T18:20:28.611+0000][1][safepoint    ] Safepoint "RevokeBias", Time since last: 2103329188 ns, Reaching safepoint: 84261 ns, At safepoint: 21623 ns, Total: 105884 ns
[2020-09-11T18:20:30.758+0000][1][safepoint    ] Safepoint "RevokeBias", Time since last: 2146063613 ns, Reaching safepoint: 91157 ns, At safepoint: 25410 ns, Total: 116567 ns
[2020-09-11T18:20:36.560+0000][1][safepoint    ] Safepoint "RevokeBias", Time since last: 5802048035 ns, Reaching safepoint: 84377 ns, At safepoint: 21964 ns, Total: 106341 ns
[2020-09-11T18:20:37.560+0000][1][safepoint    ] Safepoint "Cleanup", Time since last: 1000117984 ns, Reaching safepoint: 85406 ns, At safepoint: 9431 ns, Total: 94837 ns
[2020-09-11T18:20:38.560+0000][1][safepoint    ] Safepoint "Cleanup", Time since last: 1000076292 ns, Reaching safepoint: 123772 ns, At safepoint: 6564 ns, Total: 130336 ns
[2020-09-11T18:20:38.588+0000][1][safepoint    ] Safepoint "RevokeBias", Time since last: 27598258 ns, Reaching safepoint: 87245 ns, At safepoint: 22886 ns, Total: 110131 ns
[2020-09-11T18:20:40.704+0000][1][safepoint    ] Safepoint "RevokeBias", Time since last: 2115633335 ns, Reaching safepoint: 161659 ns, At safepoint: 23363 ns, Total: 185022 ns
[2020-09-11T18:20:44.331+0000][1][gc,start     ] GC(149) Pause Young (Allocation Failure)
[2020-09-11T18:20:44.331+0000][1][gc,task      ] GC(149) Using 1 workers of 1 for evacuation
[2020-09-11T18:20:44.336+0000][1][gc,age       ] GC(149) Desired survivor size 4358144 bytes, new threshold 6 (max threshold 6)
[2020-09-11T18:20:44.336+0000][1][gc,age       ] GC(149) Age table with threshold 6 (max threshold 6)
[2020-09-11T18:20:44.336+0000][1][gc,age       ] GC(149) - age   1:     139872 bytes,     139872 total
[2020-09-11T18:20:44.336+0000][1][gc,age       ] GC(149) - age   2:      76584 bytes,     216456 total
[2020-09-11T18:20:44.336+0000][1][gc,age       ] GC(149) - age   3:      77288 bytes,     293744 total
[2020-09-11T18:20:44.336+0000][1][gc,age       ] GC(149) - age   4:     279520 bytes,     573264 total
[2020-09-11T18:20:44.336+0000][1][gc,age       ] GC(149) - age   5:      13128 bytes,     586392 total
[2020-09-11T18:20:44.336+0000][1][gc,age       ] GC(149) - age   6:     538664 bytes,    1125056 total
[2020-09-11T18:20:44.336+0000][1][gc,heap      ] GC(149) ParNew: 69484K->1105K(76672K)
[2020-09-11T18:20:44.336+0000][1][gc,heap      ] GC(149) CMS: 103126K->103275K(439104K)
[2020-09-11T18:20:44.336+0000][1][gc,metaspace ] GC(149) Metaspace: 92972K->92972K(1134592K)
[2020-09-11T18:20:44.336+0000][1][gc           ] GC(149) Pause Young (Allocation Failure) 168M->101M(503M) 5.466ms
[2020-09-11T18:20:44.336+0000][1][gc,cpu       ] GC(149) User=0.01s Sys=0.00s Real=0.01s
[2020-09-11T18:20:44.341+0000][1][safepoint    ] Safepoint "GenCollectForAllocation", Time since last: 3625674133 ns, Reaching safepoint: 1456330 ns, At safepoint: 9882802 ns, Total: 11339132 ns
[2020-09-11T18:20:45.345+0000][1][safepoint    ] Safepoint "Cleanup", Time since last: 1004326248 ns, Reaching safepoint: 86276 ns, At safepoint: 19749 ns, Total: 106025 ns
[2020-09-11T18:20:46.537+0000][1][safepoint    ] Safepoint "RevokeBias", Time since last: 1191722351 ns, Reaching safepoint: 91368 ns, At safepoint: 25425 ns, Total: 116793 ns
[2020-09-11T18:20:48.537+0000][1][safepoint    ] Safepoint "Cleanup", Time since last: 2000180821 ns, Reaching safepoint: 197414 ns, At safepoint: 11237 ns, Total: 208651 ns
[2020-09-11T18:20:48.623+0000][1][safepoint    ] Safepoint "RevokeBias", Time since last: 85575321 ns, Reaching safepoint: 82613 ns, At safepoint: 21489 ns, Total: 104102 ns
[2020-09-11T18:20:50.623+0000][1][safepoint    ] Safepoint "Cleanup", Time since last: 2000184306 ns, Reaching safepoint: 85793 ns, At safepoint: 8855 ns, Total: 94648 ns
[2020-09-11T18:20:50.801+0000][1][safepoint    ] Safepoint "RevokeBias", Time since last: 177801957 ns, Reaching safepoint: 87510 ns, At safepoint: 24066 ns, Total: 111576 ns
[2020-09-11T18:20:56.568+0000][1][safepoint    ] Safepoint "RevokeBias", Time since last: 5767023156 ns, Reaching safepoint: 111177 ns, At safepoint: 25423 ns, Total: 136600 ns
[2020-09-11T18:20:58.569+0000][1][safepoint    ] Safepoint "Cleanup", Time since last: 2000190580 ns, Reaching safepoint: 102455 ns, At safepoint: 6499 ns, Total: 108954 ns
[2020-09-11T18:20:58.605+0000][1][safepoint    ] Safepoint "BulkRevokeBias", Time since last: 36084644 ns, Reaching safepoint: 84683 ns, At safepoint: 214249 ns, Total: 298932 ns
[2020-09-11T18:21:00.704+0000][1][safepoint    ] Safepoint "RevokeBias", Time since last: 2098553879 ns, Reaching safepoint: 85380 ns, At safepoint: 21731 ns, Total: 107111 ns
[2020-09-11T18:21:04.361+0000][1][gc,start     ] GC(150) Pause Young (Allocation Failure)
[2020-09-11T18:21:04.361+0000][1][gc,task      ] GC(150) Using 1 workers of 1 for evacuation
[2020-09-11T18:21:04.373+0000][1][gc,age       ] GC(150) Desired survivor size 4358144 bytes, new threshold 6 (max threshold 6)
[2020-09-11T18:21:04.373+0000][1][gc,age       ] GC(150) Age table with threshold 6 (max threshold 6)
[2020-09-11T18:21:04.373+0000][1][gc,age       ] GC(150) - age   1:     122040 bytes,     122040 total
[2020-09-11T18:21:04.373+0000][1][gc,age       ] GC(150) - age   2:      84680 bytes,     206720 total
[2020-09-11T18:21:04.373+0000][1][gc,age       ] GC(150) - age   3:      76280 bytes,     283000 total
[2020-09-11T18:21:04.373+0000][1][gc,age       ] GC(150) - age   4:      77000 bytes,     360000 total
[2020-09-11T18:21:04.373+0000][1][gc,age       ] GC(150) - age   5:     279488 bytes,     639488 total
[2020-09-11T18:21:04.373+0000][1][gc,age       ] GC(150) - age   6:      13128 bytes,     652616 total
[2020-09-11T18:21:04.373+0000][1][gc,heap      ] GC(150) ParNew: 69265K->1100K(76672K)
[2020-09-11T18:21:04.373+0000][1][gc,heap      ] GC(150) CMS: 103275K->103801K(439104K)
[2020-09-11T18:21:04.373+0000][1][gc,metaspace ] GC(150) Metaspace: 92986K->92986K(1134592K)
[2020-09-11T18:21:04.373+0000][1][gc           ] GC(150) Pause Young (Allocation Failure) 168M->102M(503M) 12.265ms
[2020-09-11T18:21:04.373+0000][1][gc,cpu       ] GC(150) User=0.01s Sys=0.00s Real=0.01s
[2020-09-11T18:21:04.373+0000][1][safepoint    ] Safepoint "GenCollectForAllocation", Time since last: 3654807146 ns, Reaching safepoint: 2208489 ns, At safepoint: 12337242 ns, Total: 14545731 ns
[2020-09-11T18:21:06.573+0000][1][safepoint    ] Safepoint "RevokeBias", Time since last: 2199490111 ns, Reaching safepoint: 118070 ns, At safepoint: 37747 ns, Total: 155817 ns
[2020-09-11T18:21:08.574+0000][1][safepoint    ] Safepoint "Cleanup", Time since last: 2000878407 ns, Reaching safepoint: 78631 ns, At safepoint: 7083 ns, Total: 85714 ns
[2020-09-11T18:21:08.594+0000][1][safepoint    ] Safepoint "RevokeBias", Time since last: 19717204 ns, Reaching safepoint: 83727 ns, At safepoint: 23109 ns, Total: 106836 ns
[2020-09-11T18:21:10.706+0000][1][safepoint    ] Safepoint "RevokeBias", Time since last: 2112057884 ns, Reaching safepoint: 169449 ns, At safepoint: 26984 ns, Total: 196433 ns
[2020-09-11T18:21:16.531+0000][1][safepoint    ] Safepoint "RevokeBias", Time since last: 5825370772 ns, Reaching safepoint: 91111 ns, At safepoint: 24577 ns, Total: 115688 ns
[2020-09-11T18:21:18.564+0000][1][safepoint    ] Safepoint "RevokeBias", Time since last: 2032229551 ns, Reaching safepoint: 86686 ns, At safepoint: 21801 ns, Total: 108487 ns
[2020-09-11T18:21:20.706+0000][1][safepoint    ] Safepoint "RevokeBias", Time since last: 2142216802 ns, Reaching safepoint: 168855 ns, At safepoint: 26571 ns, Total: 195426 ns
[2020-09-11T18:21:26.531+0000][1][safepoint    ] Safepoint "RevokeBias", Time since last: 5824765503 ns, Reaching safepoint: 85295 ns, At safepoint: 21923 ns, Total: 107218 ns
[2020-09-11T18:21:26.873+0000][1][gc,start     ] GC(151) Pause Young (Allocation Failure)
[2020-09-11T18:21:26.873+0000][1][gc,task      ] GC(151) Using 1 workers of 1 for evacuation
[2020-09-11T18:21:26.883+0000][1][gc,age       ] GC(151) Desired survivor size 4358144 bytes, new threshold 6 (max threshold 6)
[2020-09-11T18:21:26.883+0000][1][gc,age       ] GC(151) Age table with threshold 6 (max threshold 6)
[2020-09-11T18:21:26.883+0000][1][gc,age       ] GC(151) - age   1:     251064 bytes,     251064 total
[2020-09-11T18:21:26.883+0000][1][gc,age       ] GC(151) - age   2:      69816 bytes,     320880 total
[2020-09-11T18:21:26.883+0000][1][gc,age       ] GC(151) - age   3:      82624 bytes,     403504 total
[2020-09-11T18:21:26.883+0000][1][gc,age       ] GC(151) - age   4:      76280 bytes,     479784 total
[2020-09-11T18:21:26.883+0000][1][gc,age       ] GC(151) - age   5:      77000 bytes,     556784 total
[2020-09-11T18:21:26.883+0000][1][gc,age       ] GC(151) - age   6:     279488 bytes,     836272 total
[2020-09-11T18:21:26.883+0000][1][gc,heap      ] GC(151) ParNew: 69260K->1028K(76672K)
[2020-09-11T18:21:26.883+0000][1][gc,heap      ] GC(151) CMS: 103801K->103814K(439104K)
[2020-09-11T18:21:26.883+0000][1][gc,metaspace ] GC(151) Metaspace: 92991K->92991K(1134592K)
[2020-09-11T18:21:26.883+0000][1][gc           ] GC(151) Pause Young (Allocation Failure) 169M->102M(503M) 10.275ms
[2020-09-11T18:21:26.883+0000][1][gc,cpu       ] GC(151) User=0.00s Sys=0.00s Real=0.01s
[2020-09-11T18:21:26.883+0000][1][safepoint    ] Safepoint "GenCollectForAllocation", Time since last: 341608111 ns, Reaching safepoint: 188275 ns, At safepoint: 10378951 ns, Total: 10567226 ns
[2020-09-11T18:21:28.605+0000][1][safepoint    ] Safepoint "RevokeBias", Time since last: 1721316207 ns, Reaching safepoint: 90844 ns, At safepoint: 25109 ns, Total: 115953 ns
[2020-09-11T18:21:30.769+0000][1][safepoint    ] Safepoint "RevokeBias", Time since last: 2164038835 ns, Reaching safepoint: 89034 ns, At safepoint: 25256 ns, Total: 114290 ns
[2020-09-11T18:21:36.512+0000][1][safepoint    ] Safepoint "RevokeBias", Time since last: 5742876469 ns, Reaching safepoint: 96170 ns, At safepoint: 23327 ns, Total: 119497 ns
[2020-09-11T18:21:37.512+0000][1][safepoint    ] Safepoint "Cleanup", Time since last: 1000122792 ns, Reaching safepoint: 80554 ns, At safepoint: 7721 ns, Total: 88275 ns
[2020-09-11T18:21:38.601+0000][1][safepoint    ] Safepoint "RevokeBias", Time since last: 1088835822 ns, Reaching safepoint: 84399 ns, At safepoint: 24755 ns, Total: 109154 ns
[2020-09-11T18:21:40.707+0000][1][safepoint    ] Safepoint "RevokeBias", Time since last: 2106222854 ns, Reaching safepoint: 170664 ns, At safepoint: 27041 ns, Total: 197705 ns
[2020-09-11T18:21:45.708+0000][1][safepoint    ] Safepoint "Cleanup", Time since last: 5000396068 ns, Reaching safepoint: 94343 ns, At safepoint: 8032 ns, Total: 102375 ns
[2020-09-11T18:21:46.531+0000][1][safepoint    ] Safepoint "RevokeBias", Time since last: 822765642 ns, Reaching safepoint: 87545 ns, At safepoint: 21991 ns, Total: 109536 ns
[2020-09-11T18:21:48.443+0000][1][gc,start     ] GC(152) Pause Young (Allocation Failure)
[2020-09-11T18:21:48.443+0000][1][gc,task      ] GC(152) Using 1 workers of 1 for evacuation
[2020-09-11T18:21:48.453+0000][1][gc,age       ] GC(152) Desired survivor size 4358144 bytes, new threshold 6 (max threshold 6)
[2020-09-11T18:21:48.453+0000][1][gc,age       ] GC(152) Age table with threshold 6 (max threshold 6)
[2020-09-11T18:21:48.453+0000][1][gc,age       ] GC(152) - age   1:     660856 bytes,     660856 total
[2020-09-11T18:21:48.453+0000][1][gc,age       ] GC(152) - age   2:     195856 bytes,     856712 total
[2020-09-11T18:21:48.453+0000][1][gc,age       ] GC(152) - age   3:      66672 bytes,     923384 total
[2020-09-11T18:21:48.453+0000][1][gc,age       ] GC(152) - age   4:      82624 bytes,    1006008 total
[2020-09-11T18:21:48.453+0000][1][gc,age       ] GC(152) - age   5:      76280 bytes,    1082288 total
[2020-09-11T18:21:48.453+0000][1][gc,age       ] GC(152) - age   6:      77000 bytes,    1159288 total
[2020-09-11T18:21:48.453+0000][1][gc,heap      ] GC(152) ParNew: 69188K->1482K(76672K)
[2020-09-11T18:21:48.453+0000][1][gc,heap      ] GC(152) CMS: 103814K->104086K(439104K)
[2020-09-11T18:21:48.453+0000][1][gc,metaspace ] GC(152) Metaspace: 92997K->92997K(1134592K)
[2020-09-11T18:21:48.453+0000][1][gc           ] GC(152) Pause Young (Allocation Failure) 168M->103M(503M) 10.080ms
[2020-09-11T18:21:48.453+0000][1][gc,cpu       ] GC(152) User=0.00s Sys=0.00s Real=0.01s
[2020-09-11T18:21:48.454+0000][1][safepoint    ] Safepoint "GenCollectForAllocation", Time since last: 1912520779 ns, Reaching safepoint: 164581 ns, At safepoint: 10154226 ns, Total: 10318807 ns
[2020-09-11T18:21:48.584+0000][1][safepoint    ] Safepoint "RevokeBias", Time since last: 130680370 ns, Reaching safepoint: 92048 ns, At safepoint: 24773 ns, Total: 116821 ns
[2020-09-11T18:21:50.707+0000][1][safepoint    ] Safepoint "RevokeBias", Time since last: 2123075501 ns, Reaching safepoint: 86892 ns, At safepoint: 21753 ns, Total: 108645 ns
[2020-09-11T18:21:54.708+0000][1][safepoint    ] Safepoint "Cleanup", Time since last: 4000336776 ns, Reaching safepoint: 86506 ns, At safepoint: 9171 ns, Total: 95677 ns
[2020-09-11T18:21:56.512+0000][1][safepoint    ] Safepoint "RevokeBias", Time since last: 1804394602 ns, Reaching safepoint: 91013 ns, At safepoint: 25637 ns, Total: 116650 ns
[2020-09-11T18:21:58.550+0000][1][safepoint    ] Safepoint "RevokeBias", Time since last: 2037253578 ns, Reaching safepoint: 88024 ns, At safepoint: 22600 ns, Total: 110624 ns
[2020-09-11T18:22:00.550+0000][1][safepoint    ] Safepoint "Cleanup", Time since last: 2000182679 ns, Reaching safepoint: 78712 ns, At safepoint: 8528 ns, Total: 87240 ns
[2020-09-11T18:22:00.713+0000][1][safepoint    ] Safepoint "RevokeBias", Time since last: 163311309 ns, Reaching safepoint: 93086 ns, At safepoint: 23796 ns, Total: 116882 ns
[2020-09-11T18:22:01.714+0000][1][safepoint    ] Safepoint "Cleanup", Time since last: 1000112043 ns, Reaching safepoint: 83924 ns, At safepoint: 8601 ns, Total: 92525 ns
[2020-09-11T18:22:02.714+0000][1][safepoint    ] Safepoint "Cleanup", Time since last: 1000117809 ns, Reaching safepoint: 82636 ns, At safepoint: 9417 ns, Total: 92053 ns
[2020-09-11T18:22:03.714+0000][1][safepoint    ] Safepoint "Cleanup", Time since last: 1000136360 ns, Reaching safepoint: 103852 ns, At safepoint: 8631 ns, Total: 112483 ns
[2020-09-11T18:22:04.714+0000][1][safepoint    ] Safepoint "Cleanup", Time since last: 1000104399 ns, Reaching safepoint: 84191 ns, At safepoint: 8783 ns, Total: 92974 ns
[2020-09-11T18:22:05.715+0000][1][safepoint    ] Safepoint "Cleanup", Time since last: 1000120174 ns, Reaching safepoint: 83937 ns, At safepoint: 9563 ns, Total: 93500 ns
[2020-09-11T18:22:06.528+0000][1][safepoint    ] Safepoint "RevokeBias", Time since last: 812856627 ns, Reaching safepoint: 86238 ns, At safepoint: 38443 ns, Total: 124681 ns
[2020-09-11T18:22:07.528+0000][1][safepoint    ] Safepoint "Cleanup", Time since last: 1000104804 ns, Reaching safepoint: 74447 ns, At safepoint: 6579 ns, Total: 81026 ns
[2020-09-11T18:22:08.528+0000][1][safepoint    ] Safepoint "Cleanup", Time since last: 1000124380 ns, Reaching safepoint: 75172 ns, At safepoint: 7739 ns, Total: 82911 ns
[2020-09-11T18:22:08.587+0000][1][safepoint    ] Safepoint "RevokeBias", Time since last: 59091259 ns, Reaching safepoint: 86185 ns, At safepoint: 21866 ns, Total: 108051 ns
[2020-09-11T18:22:08.848+0000][1][gc,start     ] GC(153) Pause Young (Allocation Failure)
[2020-09-11T18:22:08.848+0000][1][gc,task      ] GC(153) Using 1 workers of 1 for evacuation
[2020-09-11T18:22:08.856+0000][1][gc,age       ] GC(153) Desired survivor size 4358144 bytes, new threshold 6 (max threshold 6)
[2020-09-11T18:22:08.856+0000][1][gc,age       ] GC(153) Age table with threshold 6 (max threshold 6)
[2020-09-11T18:22:08.856+0000][1][gc,age       ] GC(153) - age   1:      64104 bytes,      64104 total
[2020-09-11T18:22:08.856+0000][1][gc,age       ] GC(153) - age   2:     587536 bytes,     651640 total
[2020-09-11T18:22:08.856+0000][1][gc,age       ] GC(153) - age   3:     193232 bytes,     844872 total
[2020-09-11T18:22:08.856+0000][1][gc,age       ] GC(153) - age   4:      66384 bytes,     911256 total
[2020-09-11T18:22:08.856+0000][1][gc,age       ] GC(153) - age   5:      82624 bytes,     993880 total
[2020-09-11T18:22:08.856+0000][1][gc,age       ] GC(153) - age   6:      76248 bytes,    1070128 total
[2020-09-11T18:22:08.856+0000][1][gc,heap      ] GC(153) ParNew: 69642K->2068K(76672K)
[2020-09-11T18:22:08.856+0000][1][gc,heap      ] GC(153) CMS: 104086K->104161K(439104K)
[2020-09-11T18:22:08.856+0000][1][gc,metaspace ] GC(153) Metaspace: 92998K->92998K(1134592K)
[2020-09-11T18:22:08.856+0000][1][gc           ] GC(153) Pause Young (Allocation Failure) 169M->103M(503M) 8.068ms
[2020-09-11T18:22:08.856+0000][1][gc,cpu       ] GC(153) User=0.00s Sys=0.00s Real=0.01s
[2020-09-11T18:22:08.857+0000][1][safepoint    ] Safepoint "GenCollectForAllocation", Time since last: 260468230 ns, Reaching safepoint: 197183 ns, At safepoint: 8960939 ns, Total: 9158122 ns
[2020-09-11T18:22:09.865+0000][1][safepoint    ] Safepoint "Cleanup", Time since last: 1008131793 ns, Reaching safepoint: 82035 ns, At safepoint: 20060 ns, Total: 102095 ns
[2020-09-11T18:22:10.729+0000][1][safepoint    ] Safepoint "RevokeBias", Time since last: 863676858 ns, Reaching safepoint: 108829 ns, At safepoint: 32631 ns, Total: 141460 ns
[2020-09-11T18:22:11.729+0000][1][safepoint    ] Safepoint "Cleanup", Time since last: 1000102524 ns, Reaching safepoint: 86751 ns, At safepoint: 8822 ns, Total: 95573 ns
[2020-09-11T18:22:12.729+0000][1][safepoint    ] Safepoint "Cleanup", Time since last: 1000075792 ns, Reaching safepoint: 81410 ns, At safepoint: 9135 ns, Total: 90545 ns
[2020-09-11T18:22:13.729+0000][1][safepoint    ] Safepoint "Cleanup", Time since last: 1000112078 ns, Reaching safepoint: 90822 ns, At safepoint: 9970 ns, Total: 100792 ns
[2020-09-11T18:22:14.730+0000][1][safepoint    ] Safepoint "Cleanup", Time since last: 1000111813 ns, Reaching safepoint: 79060 ns, At safepoint: 8750 ns, Total: 87810 ns
[2020-09-11T18:22:15.730+0000][1][safepoint    ] Safepoint "Cleanup", Time since last: 1000113442 ns, Reaching safepoint: 77089 ns, At safepoint: 8148 ns, Total: 85237 ns
[2020-09-11T18:22:16.528+0000][1][safepoint    ] Safepoint "RevokeBias", Time since last: 798513907 ns, Reaching safepoint: 91092 ns, At safepoint: 22826 ns, Total: 113918 ns
[2020-09-11T18:22:17.529+0000][1][safepoint    ] Safepoint "Cleanup", Time since last: 1000119079 ns, Reaching safepoint: 97176 ns, At safepoint: 11092 ns, Total: 108268 ns
[2020-09-11T18:22:18.529+0000][1][safepoint    ] Safepoint "Cleanup", Time since last: 1000141561 ns, Reaching safepoint: 80106 ns, At safepoint: 7372 ns, Total: 87478 ns
[2020-09-11T18:22:18.602+0000][1][safepoint    ] Safepoint "RevokeBias", Time since last: 73177231 ns, Reaching safepoint: 86900 ns, At safepoint: 22406 ns, Total: 109306 ns
[2020-09-11T18:22:19.602+0000][1][safepoint    ] Safepoint "Cleanup", Time since last: 1000105439 ns, Reaching safepoint: 79967 ns, At safepoint: 9386 ns, Total: 89353 ns
[2020-09-11T18:22:20.603+0000][1][safepoint    ] Safepoint "Cleanup", Time since last: 1000112671 ns, Reaching safepoint: 78481 ns, At safepoint: 7164 ns, Total: 85645 ns
[2020-09-11T18:22:20.930+0000][1][safepoint    ] Safepoint "RevokeBias", Time since last: 327260197 ns, Reaching safepoint: 85559 ns, At safepoint: 22516 ns, Total: 108075 ns
[2020-09-11T18:22:21.930+0000][1][safepoint    ] Safepoint "Cleanup", Time since last: 1000110311 ns, Reaching safepoint: 79914 ns, At safepoint: 9254 ns, Total: 89168 ns
[2020-09-11T18:22:22.930+0000][1][safepoint    ] Safepoint "Cleanup", Time since last: 1000116061 ns, Reaching safepoint: 78935 ns, At safepoint: 7802 ns, Total: 86737 ns
[2020-09-11T18:22:23.931+0000][1][safepoint    ] Safepoint "Cleanup", Time since last: 1000122078 ns, Reaching safepoint: 78255 ns, At safepoint: 7373 ns, Total: 85628 ns
[2020-09-11T18:22:24.931+0000][1][safepoint    ] Safepoint "Cleanup", Time since last: 1000115411 ns, Reaching safepoint: 85554 ns, At safepoint: 9308 ns, Total: 94862 ns
[2020-09-11T18:22:25.931+0000][1][safepoint    ] Safepoint "Cleanup", Time since last: 1000116388 ns, Reaching safepoint: 81312 ns, At safepoint: 9955 ns, Total: 91267 ns
[2020-09-11T18:22:26.526+0000][1][safepoint    ] Safepoint "RevokeBias", Time since last: 595190076 ns, Reaching safepoint: 86614 ns, At safepoint: 21896 ns, Total: 108510 ns
[2020-09-11T18:22:27.526+0000][1][safepoint    ] Safepoint "Cleanup", Time since last: 1000104655 ns, Reaching safepoint: 80113 ns, At safepoint: 9920 ns, Total: 90033 ns
[2020-09-11T18:22:28.527+0000][1][safepoint    ] Safepoint "Cleanup", Time since last: 1000122106 ns, Reaching safepoint: 81625 ns, At safepoint: 7471 ns, Total: 89096 ns
[2020-09-11T18:22:28.549+0000][1][gc,start     ] GC(154) Pause Young (Allocation Failure)
[2020-09-11T18:22:28.549+0000][1][gc,task      ] GC(154) Using 1 workers of 1 for evacuation
[2020-09-11T18:22:28.558+0000][1][gc,age       ] GC(154) Desired survivor size 4358144 bytes, new threshold 6 (max threshold 6)
[2020-09-11T18:22:28.558+0000][1][gc,age       ] GC(154) Age table with threshold 6 (max threshold 6)
[2020-09-11T18:22:28.558+0000][1][gc,age       ] GC(154) - age   1:     351784 bytes,     351784 total
[2020-09-11T18:22:28.558+0000][1][gc,age       ] GC(154) - age   2:      13776 bytes,     365560 total
[2020-09-11T18:22:28.558+0000][1][gc,age       ] GC(154) - age   3:     583968 bytes,     949528 total
[2020-09-11T18:22:28.558+0000][1][gc,age       ] GC(154) - age   4:     193232 bytes,    1142760 total
[2020-09-11T18:22:28.558+0000][1][gc,age       ] GC(154) - age   5:      66384 bytes,    1209144 total
[2020-09-11T18:22:28.558+0000][1][gc,age       ] GC(154) - age   6:      82312 bytes,    1291456 total
[2020-09-11T18:22:28.558+0000][1][gc,heap      ] GC(154) ParNew: 70228K->1300K(76672K)
[2020-09-11T18:22:28.558+0000][1][gc,heap      ] GC(154) CMS: 104161K->104236K(439104K)
[2020-09-11T18:22:28.558+0000][1][gc,metaspace ] GC(154) Metaspace: 92998K->92998K(1134592K)
[2020-09-11T18:22:28.558+0000][1][gc           ] GC(154) Pause Young (Allocation Failure) 170M->103M(503M) 9.292ms
[2020-09-11T18:22:28.558+0000][1][gc,cpu       ] GC(154) User=0.01s Sys=0.00s Real=0.01s
[2020-09-11T18:22:28.558+0000][1][safepoint    ] Safepoint "GenCollectForAllocation", Time since last: 18130642 ns, Reaching safepoint: 4187550 ns, At safepoint: 9375463 ns, Total: 13563013 ns
[2020-09-11T18:22:28.632+0000][1][safepoint    ] Safepoint "BulkRevokeBias", Time since last: 73053964 ns, Reaching safepoint: 85991 ns, At safepoint: 251228 ns, Total: 337219 ns
[2020-09-11T18:22:29.633+0000][1][safepoint    ] Safepoint "Cleanup", Time since last: 1000902033 ns, Reaching safepoint: 79248 ns, At safepoint: 52740 ns, Total: 131988 ns
[2020-09-11T18:22:30.633+0000][1][safepoint    ] Safepoint "Cleanup", Time since last: 1000113762 ns, Reaching safepoint: 99962 ns, At safepoint: 22001 ns, Total: 121963 ns
[2020-09-11T18:22:30.702+0000][1][safepoint    ] Safepoint "RevokeBias", Time since last: 68843103 ns, Reaching safepoint: 88832 ns, At safepoint: 36216 ns, Total: 125048 ns
[2020-09-11T18:22:31.702+0000][1][safepoint    ] Safepoint "Cleanup", Time since last: 1000108257 ns, Reaching safepoint: 80815 ns, At safepoint: 23541 ns, Total: 104356 ns
[2020-09-11T18:22:32.702+0000][1][safepoint    ] Safepoint "Cleanup", Time since last: 1000111010 ns, Reaching safepoint: 80714 ns, At safepoint: 8457 ns, Total: 89171 ns
[2020-09-11T18:22:33.703+0000][1][safepoint    ] Safepoint "Cleanup", Time since last: 1000116960 ns, Reaching safepoint: 80597 ns, At safepoint: 9368 ns, Total: 89965 ns
[2020-09-11T18:22:34.703+0000][1][safepoint    ] Safepoint "Cleanup", Time since last: 1000113485 ns, Reaching safepoint: 79617 ns, At safepoint: 8531 ns, Total: 88148 ns
[2020-09-11T18:22:35.703+0000][1][safepoint    ] Safepoint "Cleanup", Time since last: 1000113560 ns, Reaching safepoint: 78063 ns, At safepoint: 8576 ns, Total: 86639 ns
[2020-09-11T18:22:36.514+0000][1][safepoint    ] Safepoint "RevokeBias", Time since last: 810957600 ns, Reaching safepoint: 84975 ns, At safepoint: 21488 ns, Total: 106463 ns
[2020-09-11T18:22:37.514+0000][1][safepoint    ] Safepoint "Cleanup", Time since last: 1000108403 ns, Reaching safepoint: 79966 ns, At safepoint: 6557 ns, Total: 86523 ns
[2020-09-11T18:22:38.515+0000][1][safepoint    ] Safepoint "Cleanup", Time since last: 1000112760 ns, Reaching safepoint: 125491 ns, At safepoint: 7315 ns, Total: 132806 ns
[2020-09-11T18:22:38.588+0000][1][safepoint    ] Safepoint "RevokeBias", Time since last: 73229981 ns, Reaching safepoint: 83845 ns, At safepoint: 21798 ns, Total: 105643 ns
[2020-09-11T18:22:39.588+0000][1][safepoint    ] Safepoint "Cleanup", Time since last: 1000109262 ns, Reaching safepoint: 76547 ns, At safepoint: 8509 ns, Total: 85056 ns
[2020-09-11T18:22:40.588+0000][1][safepoint    ] Safepoint "Cleanup", Time since last: 1000106868 ns, Reaching safepoint: 79149 ns, At safepoint: 8903 ns, Total: 88052 ns
[2020-09-11T18:22:40.705+0000][1][safepoint    ] Safepoint "RevokeBias", Time since last: 117114301 ns, Reaching safepoint: 81174 ns, At safepoint: 21466 ns, Total: 102640 ns
[2020-09-11T18:22:41.706+0000][1][safepoint    ] Safepoint "Cleanup", Time since last: 1000108925 ns, Reaching safepoint: 80918 ns, At safepoint: 9573 ns, Total: 90491 ns
[2020-09-11T18:22:42.706+0000][1][safepoint    ] Safepoint "Cleanup", Time since last: 1000114550 ns, Reaching safepoint: 81274 ns, At safepoint: 9382 ns, Total: 90656 ns
[2020-09-11T18:22:43.706+0000][1][safepoint    ] Safepoint "Cleanup", Time since last: 1000113192 ns, Reaching safepoint: 80279 ns, At safepoint: 9414 ns, Total: 89693 ns
[2020-09-11T18:22:44.706+0000][1][safepoint    ] Safepoint "Cleanup", Time since last: 1000114938 ns, Reaching safepoint: 81173 ns, At safepoint: 9492 ns, Total: 90665 ns
[2020-09-11T18:22:45.706+0000][1][safepoint    ] Safepoint "Cleanup", Time since last: 1000110888 ns, Reaching safepoint: 81216 ns, At safepoint: 8024 ns, Total: 89240 ns
[2020-09-11T18:22:46.565+0000][1][safepoint    ] Safepoint "RevokeBias", Time since last: 858745904 ns, Reaching safepoint: 89722 ns, At safepoint: 22925 ns, Total: 112647 ns
[2020-09-11T18:22:47.566+0000][1][safepoint    ] Safepoint "Cleanup", Time since last: 1000131500 ns, Reaching safepoint: 82105 ns, At safepoint: 9015 ns, Total: 91120 ns
[2020-09-11T18:22:48.536+0000][1][safepoint    ] Safepoint "RevokeBias", Time since last: 970472388 ns, Reaching safepoint: 93041 ns, At safepoint: 27176 ns, Total: 120217 ns
[2020-09-11T18:22:49.536+0000][1][safepoint    ] Safepoint "Cleanup", Time since last: 1000116529 ns, Reaching safepoint: 79534 ns, At safepoint: 9778 ns, Total: 89312 ns
[2020-09-11T18:22:50.537+0000][1][safepoint    ] Safepoint "Cleanup", Time since last: 1000117021 ns, Reaching safepoint: 85895 ns, At safepoint: 9554 ns, Total: 95449 ns
[2020-09-11T18:22:50.733+0000][1][safepoint    ] Safepoint "RevokeBias", Time since last: 196221909 ns, Reaching safepoint: 84832 ns, At safepoint: 21959 ns, Total: 106791 ns
[2020-09-11T18:22:51.733+0000][1][safepoint    ] Safepoint "Cleanup", Time since last: 1000107284 ns, Reaching safepoint: 80277 ns, At safepoint: 8396 ns, Total: 88673 ns
[2020-09-11T18:22:52.733+0000][1][safepoint    ] Safepoint "Cleanup", Time since last: 1000112035 ns, Reaching safepoint: 77697 ns, At safepoint: 8876 ns, Total: 86573 ns
[2020-09-11T18:22:53.733+0000][1][safepoint    ] Safepoint "Cleanup", Time since last: 1000112823 ns, Reaching safepoint: 80883 ns, At safepoint: 8510 ns, Total: 89393 ns
[2020-09-11T18:22:54.734+0000][1][safepoint    ] Safepoint "Cleanup", Time since last: 1000111700 ns, Reaching safepoint: 83079 ns, At safepoint: 9966 ns, Total: 93045 ns
[2020-09-11T18:22:55.734+0000][1][safepoint    ] Safepoint "Cleanup", Time since last: 1000116546 ns, Reaching safepoint: 80757 ns, At safepoint: 8951 ns, Total: 89708 ns
[2020-09-11T18:22:56.488+0000][1][gc,start     ] GC(155) Pause Young (Allocation Failure)
[2020-09-11T18:22:56.488+0000][1][gc,task      ] GC(155) Using 1 workers of 1 for evacuation
[2020-09-11T18:22:56.498+0000][1][gc,age       ] GC(155) Desired survivor size 4358144 bytes, new threshold 6 (max threshold 6)
[2020-09-11T18:22:56.498+0000][1][gc,age       ] GC(155) Age table with threshold 6 (max threshold 6)
[2020-09-11T18:22:56.498+0000][1][gc,age       ] GC(155) - age   1:     276880 bytes,     276880 total
[2020-09-11T18:22:56.498+0000][1][gc,age       ] GC(155) - age   2:     197104 bytes,     473984 total
[2020-09-11T18:22:56.498+0000][1][gc,age       ] GC(155) - age   3:      11448 bytes,     485432 total
[2020-09-11T18:22:56.498+0000][1][gc,age       ] GC(155) - age   4:     583968 bytes,    1069400 total
[2020-09-11T18:22:56.498+0000][1][gc,age       ] GC(155) - age   5:     193232 bytes,    1262632 total
[2020-09-11T18:22:56.498+0000][1][gc,age       ] GC(155) - age   6:      66384 bytes,    1329016 total
[2020-09-11T18:22:56.498+0000][1][gc,heap      ] GC(155) ParNew: 69460K->2217K(76672K)
[2020-09-11T18:22:56.498+0000][1][gc,heap      ] GC(155) CMS: 104236K->104316K(439104K)
[2020-09-11T18:22:56.498+0000][1][gc,metaspace ] GC(155) Metaspace: 93000K->93000K(1134592K)
[2020-09-11T18:22:56.498+0000][1][gc           ] GC(155) Pause Young (Allocation Failure) 169M->104M(503M) 9.882ms
[2020-09-11T18:22:56.498+0000][1][gc,cpu       ] GC(155) User=0.00s Sys=0.00s Real=0.01s
[2020-09-11T18:22:56.501+0000][1][safepoint    ] Safepoint "GenCollectForAllocation", Time since last: 754172634 ns, Reaching safepoint: 162194 ns, At safepoint: 12931034 ns, Total: 13093228 ns
[2020-09-11T18:22:56.549+0000][1][safepoint    ] Safepoint "RevokeBias", Time since last: 47823195 ns, Reaching safepoint: 89430 ns, At safepoint: 25737 ns, Total: 115167 ns
[2020-09-11T18:22:58.575+0000][1][safepoint    ] Safepoint "RevokeBias", Time since last: 2026070361 ns, Reaching safepoint: 84118 ns, At safepoint: 21639 ns, Total: 105757 ns
[2020-09-11T18:23:00.743+0000][1][safepoint    ] Safepoint "RevokeBias", Time since last: 2167099633 ns, Reaching safepoint: 159803 ns, At safepoint: 22683 ns, Total: 182486 ns
[2020-09-11T18:23:01.743+0000][1][safepoint    ] Safepoint "Cleanup", Time since last: 1000104090 ns, Reaching safepoint: 83001 ns, At safepoint: 6801 ns, Total: 89802 ns
[2020-09-11T18:23:06.514+0000][1][safepoint    ] Safepoint "RevokeBias", Time since last: 4770919935 ns, Reaching safepoint: 90972 ns, At safepoint: 38112 ns, Total: 129084 ns
[2020-09-11T18:23:08.583+0000][1][safepoint    ] Safepoint "RevokeBias", Time since last: 2069247114 ns, Reaching safepoint: 83336 ns, At safepoint: 22356 ns, Total: 105692 ns
[2020-09-11T18:23:10.801+0000][1][safepoint    ] Safepoint "RevokeBias", Time since last: 2217929631 ns, Reaching safepoint: 159952 ns, At safepoint: 23368 ns, Total: 183320 ns
[2020-09-11T18:23:12.802+0000][1][safepoint    ] Safepoint "Cleanup", Time since last: 2000194198 ns, Reaching safepoint: 82766 ns, At safepoint: 9626 ns, Total: 92392 ns
[2020-09-11T18:23:16.493+0000][1][gc,start     ] GC(156) Pause Young (Allocation Failure)
[2020-09-11T18:23:16.493+0000][1][gc,task      ] GC(156) Using 1 workers of 1 for evacuation
[2020-09-11T18:23:16.503+0000][1][gc,age       ] GC(156) Desired survivor size 4358144 bytes, new threshold 6 (max threshold 6)
[2020-09-11T18:23:16.503+0000][1][gc,age       ] GC(156) Age table with threshold 6 (max threshold 6)
[2020-09-11T18:23:16.503+0000][1][gc,age       ] GC(156) - age   1:     159512 bytes,     159512 total
[2020-09-11T18:23:16.503+0000][1][gc,age       ] GC(156) - age   2:     200576 bytes,     360088 total
[2020-09-11T18:23:16.503+0000][1][gc,age       ] GC(156) - age   3:     194728 bytes,     554816 total
[2020-09-11T18:23:16.503+0000][1][gc,age       ] GC(156) - age   4:      10944 bytes,     565760 total
[2020-09-11T18:23:16.503+0000][1][gc,age       ] GC(156) - age   5:     583936 bytes,    1149696 total
[2020-09-11T18:23:16.503+0000][1][gc,age       ] GC(156) - age   6:     193232 bytes,    1342928 total
[2020-09-11T18:23:16.503+0000][1][gc,heap      ] GC(156) ParNew: 70377K->1527K(76672K)
[2020-09-11T18:23:16.503+0000][1][gc,heap      ] GC(156) CMS: 104316K->104381K(439104K)
[2020-09-11T18:23:16.503+0000][1][gc,metaspace ] GC(156) Metaspace: 93006K->93006K(1134592K)
[2020-09-11T18:23:16.503+0000][1][gc           ] GC(156) Pause Young (Allocation Failure) 170M->103M(503M) 9.847ms
[2020-09-11T18:23:16.503+0000][1][gc,cpu       ] GC(156) User=0.01s Sys=0.00s Real=0.01s
[2020-09-11T18:23:16.503+0000][1][safepoint    ] Safepoint "GenCollectForAllocation", Time since last: 3688694414 ns, Reaching safepoint: 2603603 ns, At safepoint: 9954300 ns, Total: 12557903 ns
[2020-09-11T18:23:16.601+0000][1][safepoint    ] Safepoint "RevokeBias", Time since last: 97966153 ns, Reaching safepoint: 85209 ns, At safepoint: 35153 ns, Total: 120362 ns
[2020-09-11T18:23:18.647+0000][1][safepoint    ] Safepoint "RevokeBias", Time since last: 2046067722 ns, Reaching safepoint: 91727 ns, At safepoint: 24107 ns, Total: 115834 ns
[2020-09-11T18:23:20.722+0000][1][safepoint    ] Safepoint "RevokeBias", Time since last: 2075154643 ns, Reaching safepoint: 163478 ns, At safepoint: 24016 ns, Total: 187494 ns
[2020-09-11T18:23:26.585+0000][1][safepoint    ] Safepoint "RevokeBias", Time since last: 5862612116 ns, Reaching safepoint: 90585 ns, At safepoint: 21764 ns, Total: 112349 ns
[2020-09-11T18:23:28.547+0000][1][safepoint    ] Safepoint "RevokeBias", Time since last: 1961909910 ns, Reaching safepoint: 87942 ns, At safepoint: 25396 ns, Total: 113338 ns
[2020-09-11T18:23:30.547+0000][1][safepoint    ] Safepoint "Cleanup", Time since last: 2000222546 ns, Reaching safepoint: 86741 ns, At safepoint: 9022 ns, Total: 95763 ns
[2020-09-11T18:23:30.743+0000][1][safepoint    ] Safepoint "RevokeBias", Time since last: 195300943 ns, Reaching safepoint: 158721 ns, At safepoint: 24103 ns, Total: 182824 ns
[2020-09-11T18:23:36.581+0000][1][safepoint    ] Safepoint "RevokeBias", Time since last: 5837530522 ns, Reaching safepoint: 84974 ns, At safepoint: 22297 ns, Total: 107271 ns
[2020-09-11T18:23:38.417+0000][1][gc,start     ] GC(157) Pause Young (Allocation Failure)
[2020-09-11T18:23:38.417+0000][1][gc,task      ] GC(157) Using 1 workers of 1 for evacuation
[2020-09-11T18:23:38.423+0000][1][gc,age       ] GC(157) Desired survivor size 4358144 bytes, new threshold 6 (max threshold 6)
[2020-09-11T18:23:38.423+0000][1][gc,age       ] GC(157) Age table with threshold 6 (max threshold 6)
[2020-09-11T18:23:38.423+0000][1][gc,age       ] GC(157) - age   1:      67352 bytes,      67352 total
[2020-09-11T18:23:38.423+0000][1][gc,age       ] GC(157) - age   2:      89008 bytes,     156360 total
[2020-09-11T18:23:38.423+0000][1][gc,age       ] GC(157) - age   3:     197552 bytes,     353912 total
[2020-09-11T18:23:38.423+0000][1][gc,age       ] GC(157) - age   4:     194728 bytes,     548640 total
[2020-09-11T18:23:38.423+0000][1][gc,age       ] GC(157) - age   5:      10944 bytes,     559584 total
[2020-09-11T18:23:38.423+0000][1][gc,age       ] GC(157) - age   6:     583936 bytes,    1143520 total
[2020-09-11T18:23:38.423+0000][1][gc,heap      ] GC(157) ParNew: 69687K->1174K(76672K)
[2020-09-11T18:23:38.423+0000][1][gc,heap      ] GC(157) CMS: 104381K->104570K(439104K)
[2020-09-11T18:23:38.423+0000][1][gc,metaspace ] GC(157) Metaspace: 93007K->93007K(1134592K)
[2020-09-11T18:23:38.423+0000][1][gc           ] GC(157) Pause Young (Allocation Failure) 169M->103M(503M) 5.539ms
[2020-09-11T18:23:38.423+0000][1][gc,cpu       ] GC(157) User=0.00s Sys=0.00s Real=0.01s
[2020-09-11T18:23:38.423+0000][1][safepoint    ] Safepoint "GenCollectForAllocation", Time since last: 1836567580 ns, Reaching safepoint: 161968 ns, At safepoint: 5604361 ns, Total: 5766329 ns
[2020-09-11T18:23:38.529+0000][1][safepoint    ] Safepoint "RevokeBias", Time since last: 105686631 ns, Reaching safepoint: 84839 ns, At safepoint: 73393 ns, Total: 158232 ns
[2020-09-11T18:23:40.779+0000][1][safepoint    ] Safepoint "RevokeBias", Time since last: 2249834222 ns, Reaching safepoint: 157426 ns, At safepoint: 23743 ns, Total: 181169 ns
[2020-09-11T18:23:46.577+0000][1][safepoint    ] Safepoint "RevokeBias", Time since last: 5797855003 ns, Reaching safepoint: 126719 ns, At safepoint: 22532 ns, Total: 149251 ns
[2020-09-11T18:23:48.569+0000][1][safepoint    ] Safepoint "RevokeBias", Time since last: 1992534222 ns, Reaching safepoint: 84474 ns, At safepoint: 22288 ns, Total: 106762 ns
[2020-09-11T18:23:50.765+0000][1][safepoint    ] Safepoint "RevokeBias", Time since last: 2195120738 ns, Reaching safepoint: 86862 ns, At safepoint: 22948 ns, Total: 109810 ns
[2020-09-11T18:23:56.522+0000][1][safepoint    ] Safepoint "RevokeBias", Time since last: 5757213194 ns, Reaching safepoint: 84623 ns, At safepoint: 22505 ns, Total: 107128 ns
[2020-09-11T18:23:58.353+0000][1][gc,start     ] GC(158) Pause Young (Allocation Failure)
[2020-09-11T18:23:58.353+0000][1][gc,task      ] GC(158) Using 1 workers of 1 for evacuation
[2020-09-11T18:23:58.363+0000][1][gc,age       ] GC(158) Desired survivor size 4358144 bytes, new threshold 6 (max threshold 6)
[2020-09-11T18:23:58.363+0000][1][gc,age       ] GC(158) Age table with threshold 6 (max threshold 6)
[2020-09-11T18:23:58.363+0000][1][gc,age       ] GC(158) - age   1:      90488 bytes,      90488 total
[2020-09-11T18:23:58.363+0000][1][gc,age       ] GC(158) - age   2:      13104 bytes,     103592 total
[2020-09-11T18:23:58.363+0000][1][gc,age       ] GC(158) - age   3:      86952 bytes,     190544 total
[2020-09-11T18:23:58.363+0000][1][gc,age       ] GC(158) - age   4:     197456 bytes,     388000 total
[2020-09-11T18:23:58.363+0000][1][gc,age       ] GC(158) - age   5:     194728 bytes,     582728 total
[2020-09-11T18:23:58.363+0000][1][gc,age       ] GC(158) - age   6:      10944 bytes,     593672 total
[2020-09-11T18:23:58.363+0000][1][gc,heap      ] GC(158) ParNew: 69334K->1131K(76672K)
[2020-09-11T18:23:58.363+0000][1][gc,heap      ] GC(158) CMS: 104570K->105140K(439104K)
[2020-09-11T18:23:58.363+0000][1][gc,metaspace ] GC(158) Metaspace: 93023K->93023K(1134592K)
[2020-09-11T18:23:58.363+0000][1][gc           ] GC(158) Pause Young (Allocation Failure) 169M->103M(503M) 9.798ms
[2020-09-11T18:23:58.363+0000][1][gc,cpu       ] GC(158) User=0.00s Sys=0.00s Real=0.01s
[2020-09-11T18:23:58.363+0000][1][safepoint    ] Safepoint "GenCollectForAllocation", Time since last: 1830783266 ns, Reaching safepoint: 156550 ns, At safepoint: 9869504 ns, Total: 10026054 ns
[2020-09-11T18:23:58.582+0000][1][safepoint    ] Safepoint "BulkRevokeBias", Time since last: 218403810 ns, Reaching safepoint: 85682 ns, At safepoint: 210617 ns, Total: 296299 ns
[2020-09-11T18:24:00.761+0000][1][safepoint    ] Safepoint "RevokeBias", Time since last: 2178970826 ns, Reaching safepoint: 161985 ns, At safepoint: 23296 ns, Total: 185281 ns
[2020-09-11T18:24:06.506+0000][1][safepoint    ] Safepoint "RevokeBias", Time since last: 5745593022 ns, Reaching safepoint: 84861 ns, At safepoint: 22133 ns, Total: 106994 ns
[2020-09-11T18:24:08.671+0000][1][safepoint    ] Safepoint "RevokeBias", Time since last: 2164990396 ns, Reaching safepoint: 84571 ns, At safepoint: 22442 ns, Total: 107013 ns
[2020-09-11T18:24:10.721+0000][1][safepoint    ] Safepoint "RevokeBias", Time since last: 2049638656 ns, Reaching safepoint: 159073 ns, At safepoint: 24049 ns, Total: 183122 ns
[2020-09-11T18:24:16.525+0000][1][safepoint    ] Safepoint "RevokeBias", Time since last: 5803639508 ns, Reaching safepoint: 88295 ns, At safepoint: 22848 ns, Total: 111143 ns
[2020-09-11T18:24:18.558+0000][1][gc,start     ] GC(159) Pause Young (Allocation Failure)
[2020-09-11T18:24:18.558+0000][1][gc,task      ] GC(159) Using 1 workers of 1 for evacuation
[2020-09-11T18:24:18.566+0000][1][gc,age       ] GC(159) Desired survivor size 4358144 bytes, new threshold 6 (max threshold 6)
[2020-09-11T18:24:18.566+0000][1][gc,age       ] GC(159) Age table with threshold 6 (max threshold 6)
[2020-09-11T18:24:18.566+0000][1][gc,age       ] GC(159) - age   1:     483896 bytes,     483896 total
[2020-09-11T18:24:18.566+0000][1][gc,age       ] GC(159) - age   2:      17936 bytes,     501832 total
[2020-09-11T18:24:18.566+0000][1][gc,age       ] GC(159) - age   3:      11224 bytes,     513056 total
[2020-09-11T18:24:18.566+0000][1][gc,age       ] GC(159) - age   4:      86760 bytes,     599816 total
[2020-09-11T18:24:18.566+0000][1][gc,age       ] GC(159) - age   5:     197456 bytes,     797272 total
[2020-09-11T18:24:18.566+0000][1][gc,age       ] GC(159) - age   6:     194728 bytes,     992000 total
[2020-09-11T18:24:18.566+0000][1][gc,heap      ] GC(159) ParNew: 69252K->1000K(76672K)
[2020-09-11T18:24:18.566+0000][1][gc,heap      ] GC(159) CMS: 105140K->105151K(439104K)
[2020-09-11T18:24:18.566+0000][1][gc,metaspace ] GC(159) Metaspace: 93024K->93024K(1134592K)
[2020-09-11T18:24:18.566+0000][1][gc           ] GC(159) Pause Young (Allocation Failure) 170M->103M(503M) 7.623ms
[2020-09-11T18:24:18.566+0000][1][gc,cpu       ] GC(159) User=0.01s Sys=0.00s Real=0.01s
[2020-09-11T18:24:18.566+0000][1][safepoint    ] Safepoint "GenCollectForAllocation", Time since last: 2033015366 ns, Reaching safepoint: 149719 ns, At safepoint: 7685656 ns, Total: 7835375 ns
[2020-09-11T18:24:18.652+0000][1][safepoint    ] Safepoint "RevokeBias", Time since last: 85737033 ns, Reaching safepoint: 81843 ns, At safepoint: 22004 ns, Total: 103847 ns
[2020-09-11T18:24:20.777+0000][1][safepoint    ] Safepoint "RevokeBias", Time since last: 2125198097 ns, Reaching safepoint: 166964 ns, At safepoint: 27338 ns, Total: 194302 ns
[2020-09-11T18:24:25.778+0000][1][safepoint    ] Safepoint "Cleanup", Time since last: 5000409175 ns, Reaching safepoint: 88956 ns, At safepoint: 9637 ns, Total: 98593 ns
[2020-09-11T18:24:26.538+0000][1][safepoint    ] Safepoint "RevokeBias", Time since last: 760303425 ns, Reaching safepoint: 88819 ns, At safepoint: 21754 ns, Total: 110573 ns
[2020-09-11T18:24:28.560+0000][1][safepoint    ] Safepoint "RevokeBias", Time since last: 2021630309 ns, Reaching safepoint: 83171 ns, At safepoint: 22151 ns, Total: 105322 ns
[2020-09-11T18:24:30.781+0000][1][safepoint    ] Safepoint "RevokeBias", Time since last: 2221157227 ns, Reaching safepoint: 162548 ns, At safepoint: 22758 ns, Total: 185306 ns
[2020-09-11T18:24:36.575+0000][1][safepoint    ] Safepoint "RevokeBias", Time since last: 5794219196 ns, Reaching safepoint: 89334 ns, At safepoint: 25297 ns, Total: 114631 ns
[2020-09-11T18:24:38.357+0000][1][gc,start     ] GC(160) Pause Young (Allocation Failure)
[2020-09-11T18:24:38.357+0000][1][gc,task      ] GC(160) Using 1 workers of 1 for evacuation
[2020-09-11T18:24:38.366+0000][1][gc,age       ] GC(160) Desired survivor size 4358144 bytes, new threshold 6 (max threshold 6)
[2020-09-11T18:24:38.366+0000][1][gc,age       ] GC(160) Age table with threshold 6 (max threshold 6)
[2020-09-11T18:24:38.366+0000][1][gc,age       ] GC(160) - age   1:     723224 bytes,     723224 total
[2020-09-11T18:24:38.366+0000][1][gc,age       ] GC(160) - age   2:     335208 bytes,    1058432 total
[2020-09-11T18:24:38.366+0000][1][gc,age       ] GC(160) - age   3:      14048 bytes,    1072480 total
[2020-09-11T18:24:38.366+0000][1][gc,age       ] GC(160) - age   4:      11224 bytes,    1083704 total
[2020-09-11T18:24:38.366+0000][1][gc,age       ] GC(160) - age   5:      86728 bytes,    1170432 total
[2020-09-11T18:24:38.366+0000][1][gc,age       ] GC(160) - age   6:     197456 bytes,    1367888 total
[2020-09-11T18:24:38.366+0000][1][gc,heap      ] GC(160) ParNew: 69160K->1703K(76672K)
[2020-09-11T18:24:38.366+0000][1][gc,heap      ] GC(160) CMS: 105151K->105340K(439104K)
[2020-09-11T18:24:38.366+0000][1][gc,metaspace ] GC(160) Metaspace: 93027K->93027K(1134592K)
[2020-09-11T18:24:38.366+0000][1][gc           ] GC(160) Pause Young (Allocation Failure) 170M->104M(503M) 9.407ms
[2020-09-11T18:24:38.366+0000][1][gc,cpu       ] GC(160) User=0.01s Sys=0.00s Real=0.01s
[2020-09-11T18:24:38.366+0000][1][safepoint    ] Safepoint "GenCollectForAllocation", Time since last: 1777838106 ns, Reaching safepoint: 3549100 ns, At safepoint: 9478502 ns, Total: 13027602 ns
[2020-09-11T18:24:38.575+0000][1][safepoint    ] Safepoint "RevokeBias", Time since last: 208195828 ns, Reaching safepoint: 86560 ns, At safepoint: 22832 ns, Total: 109392 ns
[2020-09-11T18:24:40.722+0000][1][safepoint    ] Safepoint "RevokeBias", Time since last: 2147678037 ns, Reaching safepoint: 158240 ns, At safepoint: 23595 ns, Total: 181835 ns
[2020-09-11T18:24:46.521+0000][1][safepoint    ] Safepoint "RevokeBias", Time since last: 5797966565 ns, Reaching safepoint: 85281 ns, At safepoint: 23237 ns, Total: 108518 ns
[2020-09-11T18:24:48.611+0000][1][safepoint    ] Safepoint "RevokeBias", Time since last: 2090255134 ns, Reaching safepoint: 89372 ns, At safepoint: 26293 ns, Total: 115665 ns
[2020-09-11T18:24:50.718+0000][1][safepoint    ] Safepoint "RevokeBias", Time since last: 2107063481 ns, Reaching safepoint: 84650 ns, At safepoint: 22217 ns, Total: 106867 ns
[2020-09-11T18:24:51.718+0000][1][safepoint    ] Safepoint "Cleanup", Time since last: 1000110349 ns, Reaching safepoint: 79522 ns, At safepoint: 7706 ns, Total: 87228 ns
[2020-09-11T18:24:52.719+0000][1][safepoint    ] Safepoint "Cleanup", Time since last: 1000135100 ns, Reaching safepoint: 84730 ns, At safepoint: 9978 ns, Total: 94708 ns
[2020-09-11T18:24:53.719+0000][1][safepoint    ] Safepoint "Cleanup", Time since last: 1000126309 ns, Reaching safepoint: 85596 ns, At safepoint: 9990 ns, Total: 95586 ns
[2020-09-11T18:24:54.719+0000][1][safepoint    ] Safepoint "Cleanup", Time since last: 1000136439 ns, Reaching safepoint: 85337 ns, At safepoint: 8231 ns, Total: 93568 ns
[2020-09-11T18:24:55.719+0000][1][safepoint    ] Safepoint "Cleanup", Time since last: 1000110321 ns, Reaching safepoint: 77594 ns, At safepoint: 6911 ns, Total: 84505 ns
[2020-09-11T18:24:56.509+0000][1][safepoint    ] Safepoint "RevokeBias", Time since last: 790179449 ns, Reaching safepoint: 84114 ns, At safepoint: 22268 ns, Total: 106382 ns
[2020-09-11T18:24:57.510+0000][1][safepoint    ] Safepoint "Cleanup", Time since last: 1000106432 ns, Reaching safepoint: 80019 ns, At safepoint: 9614 ns, Total: 89633 ns
[2020-09-11T18:24:58.471+0000][1][gc,start     ] GC(161) Pause Young (Allocation Failure)
[2020-09-11T18:24:58.471+0000][1][gc,task      ] GC(161) Using 1 workers of 1 for evacuation
[2020-09-11T18:24:58.481+0000][1][gc,age       ] GC(161) Desired survivor size 4358144 bytes, new threshold 6 (max threshold 6)
[2020-09-11T18:24:58.481+0000][1][gc,age       ] GC(161) Age table with threshold 6 (max threshold 6)
[2020-09-11T18:24:58.481+0000][1][gc,age       ] GC(161) - age   1:     180344 bytes,     180344 total
[2020-09-11T18:24:58.481+0000][1][gc,age       ] GC(161) - age   2:     649456 bytes,     829800 total
[2020-09-11T18:24:58.481+0000][1][gc,age       ] GC(161) - age   3:     332880 bytes,    1162680 total
[2020-09-11T18:24:58.481+0000][1][gc,age       ] GC(161) - age   4:      13952 bytes,    1176632 total
[2020-09-11T18:24:58.481+0000][1][gc,age       ] GC(161) - age   5:      10912 bytes,    1187544 total
[2020-09-11T18:24:58.481+0000][1][gc,age       ] GC(161) - age   6:      86416 bytes,    1273960 total
[2020-09-11T18:24:58.481+0000][1][gc,heap      ] GC(161) ParNew: 69863K->2429K(76672K)
[2020-09-11T18:24:58.481+0000][1][gc,heap      ] GC(161) CMS: 105340K->105533K(439104K)
[2020-09-11T18:24:58.481+0000][1][gc,metaspace ] GC(161) Metaspace: 93029K->93029K(1134592K)
[2020-09-11T18:24:58.481+0000][1][gc           ] GC(161) Pause Young (Allocation Failure) 171M->105M(503M) 9.681ms
[2020-09-11T18:24:58.481+0000][1][gc,cpu       ] GC(161) User=0.01s Sys=0.00s Real=0.01s
[2020-09-11T18:24:58.485+0000][1][safepoint    ] Safepoint "GenCollectForAllocation", Time since last: 961185349 ns, Reaching safepoint: 157951 ns, At safepoint: 14317639 ns, Total: 14475590 ns
[2020-09-11T18:24:58.568+0000][1][safepoint    ] Safepoint "RevokeBias", Time since last: 82084051 ns, Reaching safepoint: 83749 ns, At safepoint: 23180 ns, Total: 106929 ns
[2020-09-11T18:24:59.568+0000][1][safepoint    ] Safepoint "Cleanup", Time since last: 1000109022 ns, Reaching safepoint: 78667 ns, At safepoint: 26022 ns, Total: 104689 ns
[2020-09-11T18:25:00.568+0000][1][safepoint    ] Safepoint "Cleanup", Time since last: 1000115520 ns, Reaching safepoint: 75643 ns, At safepoint: 7050 ns, Total: 82693 ns
[2020-09-11T18:25:00.773+0000][1][safepoint    ] Safepoint "RevokeBias", Time since last: 204800822 ns, Reaching safepoint: 113257 ns, At safepoint: 26328 ns, Total: 139585 ns
[2020-09-11T18:25:01.773+0000][1][safepoint    ] Safepoint "Cleanup", Time since last: 1000109032 ns, Reaching safepoint: 80101 ns, At safepoint: 7953 ns, Total: 88054 ns
[2020-09-11T18:25:02.773+0000][1][safepoint    ] Safepoint "Cleanup", Time since last: 1000147535 ns, Reaching safepoint: 89366 ns, At safepoint: 9647 ns, Total: 99013 ns
[2020-09-11T18:25:03.774+0000][1][safepoint    ] Safepoint "Cleanup", Time since last: 1000112487 ns, Reaching safepoint: 80396 ns, At safepoint: 8867 ns, Total: 89263 ns
[2020-09-11T18:25:04.774+0000][1][safepoint    ] Safepoint "Cleanup", Time since last: 1000113006 ns, Reaching safepoint: 77652 ns, At safepoint: 9283 ns, Total: 86935 ns
[2020-09-11T18:25:05.774+0000][1][safepoint    ] Safepoint "Cleanup", Time since last: 1000114485 ns, Reaching safepoint: 80236 ns, At safepoint: 8685 ns, Total: 88921 ns
[2020-09-11T18:25:06.571+0000][1][safepoint    ] Safepoint "RevokeBias", Time since last: 797115407 ns, Reaching safepoint: 83259 ns, At safepoint: 22406 ns, Total: 105665 ns
[2020-09-11T18:25:07.571+0000][1][safepoint    ] Safepoint "Cleanup", Time since last: 1000133822 ns, Reaching safepoint: 117786 ns, At safepoint: 7438 ns, Total: 125224 ns
[2020-09-11T18:25:08.572+0000][1][safepoint    ] Safepoint "Cleanup", Time since last: 1000114039 ns, Reaching safepoint: 76000 ns, At safepoint: 7075 ns, Total: 83075 ns
[2020-09-11T18:25:08.584+0000][1][safepoint    ] Safepoint "RevokeBias", Time since last: 12310532 ns, Reaching safepoint: 82638 ns, At safepoint: 41184 ns, Total: 123822 ns
[2020-09-11T18:25:09.584+0000][1][safepoint    ] Safepoint "Cleanup", Time since last: 1000130297 ns, Reaching safepoint: 75071 ns, At safepoint: 6753 ns, Total: 81824 ns
[2020-09-11T18:25:10.584+0000][1][safepoint    ] Safepoint "Cleanup", Time since last: 1000119374 ns, Reaching safepoint: 81449 ns, At safepoint: 9800 ns, Total: 91249 ns
[2020-09-11T18:25:10.719+0000][1][safepoint    ] Safepoint "RevokeBias", Time since last: 134639433 ns, Reaching safepoint: 157613 ns, At safepoint: 23654 ns, Total: 181267 ns
[2020-09-11T18:25:11.719+0000][1][safepoint    ] Safepoint "Cleanup", Time since last: 1000129052 ns, Reaching safepoint: 90865 ns, At safepoint: 11291 ns, Total: 102156 ns
[2020-09-11T18:25:12.720+0000][1][safepoint    ] Safepoint "Cleanup", Time since last: 1000120659 ns, Reaching safepoint: 79259 ns, At safepoint: 8121 ns, Total: 87380 ns
[2020-09-11T18:25:13.720+0000][1][safepoint    ] Safepoint "Cleanup", Time since last: 1000125758 ns, Reaching safepoint: 83605 ns, At safepoint: 10238 ns, Total: 93843 ns
[2020-09-11T18:25:14.720+0000][1][safepoint    ] Safepoint "Cleanup", Time since last: 1000135513 ns, Reaching safepoint: 78647 ns, At safepoint: 7759 ns, Total: 86406 ns
[2020-09-11T18:25:15.720+0000][1][safepoint    ] Safepoint "Cleanup", Time since last: 1000133800 ns, Reaching safepoint: 77107 ns, At safepoint: 7312 ns, Total: 84419 ns
[2020-09-11T18:25:16.582+0000][1][safepoint    ] Safepoint "RevokeBias", Time since last: 861613518 ns, Reaching safepoint: 168159 ns, At safepoint: 24061 ns, Total: 192220 ns
[2020-09-11T18:25:17.582+0000][1][safepoint    ] Safepoint "Cleanup", Time since last: 1000108387 ns, Reaching safepoint: 92460 ns, At safepoint: 8855 ns, Total: 101315 ns
[2020-09-11T18:25:18.463+0000][1][gc,start     ] GC(162) Pause Young (Allocation Failure)
[2020-09-11T18:25:18.463+0000][1][gc,task      ] GC(162) Using 1 workers of 1 for evacuation
[2020-09-11T18:25:18.473+0000][1][gc,age       ] GC(162) Desired survivor size 4358144 bytes, new threshold 6 (max threshold 6)
[2020-09-11T18:25:18.473+0000][1][gc,age       ] GC(162) Age table with threshold 6 (max threshold 6)
[2020-09-11T18:25:18.473+0000][1][gc,age       ] GC(162) - age   1:     217552 bytes,     217552 total
[2020-09-11T18:25:18.473+0000][1][gc,age       ] GC(162) - age   2:     107688 bytes,     325240 total
[2020-09-11T18:25:18.473+0000][1][gc,age       ] GC(162) - age   3:     647576 bytes,     972816 total
[2020-09-11T18:25:18.473+0000][1][gc,age       ] GC(162) - age   4:     332688 bytes,    1305504 total
[2020-09-11T18:25:18.473+0000][1][gc,age       ] GC(162) - age   5:      13952 bytes,    1319456 total
[2020-09-11T18:25:18.473+0000][1][gc,age       ] GC(162) - age   6:      10912 bytes,    1330368 total
[2020-09-11T18:25:18.473+0000][1][gc,heap      ] GC(162) ParNew: 70589K->1540K(76672K)
[2020-09-11T18:25:18.473+0000][1][gc,heap      ] GC(162) CMS: 105533K->105618K(439104K)
[2020-09-11T18:25:18.473+0000][1][gc,metaspace ] GC(162) Metaspace: 93029K->93029K(1134592K)
[2020-09-11T18:25:18.473+0000][1][gc           ] GC(162) Pause Young (Allocation Failure) 171M->104M(503M) 10.379ms
[2020-09-11T18:25:18.473+0000][1][gc,cpu       ] GC(162) User=0.01s Sys=0.00s Real=0.01s
[2020-09-11T18:25:18.474+0000][1][safepoint    ] Safepoint "GenCollectForAllocation", Time since last: 880629709 ns, Reaching safepoint: 79844 ns, At safepoint: 10444311 ns, Total: 10524155 ns
[2020-09-11T18:25:18.555+0000][1][safepoint    ] Safepoint "RevokeBias", Time since last: 81215448 ns, Reaching safepoint: 95988 ns, At safepoint: 23360 ns, Total: 119348 ns
[2020-09-11T18:25:19.555+0000][1][safepoint    ] Safepoint "Cleanup", Time since last: 1000108004 ns, Reaching safepoint: 79569 ns, At safepoint: 9013 ns, Total: 88582 ns
[2020-09-11T18:25:20.555+0000][1][safepoint    ] Safepoint "Cleanup", Time since last: 1000111983 ns, Reaching safepoint: 84541 ns, At safepoint: 9871 ns, Total: 94412 ns
[2020-09-11T18:25:20.730+0000][1][safepoint    ] Safepoint "RevokeBias", Time since last: 174602400 ns, Reaching safepoint: 82032 ns, At safepoint: 22210 ns, Total: 104242 ns
[2020-09-11T18:25:21.730+0000][1][safepoint    ] Safepoint "Cleanup", Time since last: 1000103895 ns, Reaching safepoint: 78336 ns, At safepoint: 9047 ns, Total: 87383 ns
[2020-09-11T18:25:22.730+0000][1][safepoint    ] Safepoint "Cleanup", Time since last: 1000115422 ns, Reaching safepoint: 80035 ns, At safepoint: 8872 ns, Total: 88907 ns
[2020-09-11T18:25:23.731+0000][1][safepoint    ] Safepoint "Cleanup", Time since last: 1000115584 ns, Reaching safepoint: 80074 ns, At safepoint: 8463 ns, Total: 88537 ns
[2020-09-11T18:25:24.731+0000][1][safepoint    ] Safepoint "Cleanup", Time since last: 1000132979 ns, Reaching safepoint: 87288 ns, At safepoint: 9363 ns, Total: 96651 ns
[2020-09-11T18:25:25.731+0000][1][safepoint    ] Safepoint "Cleanup", Time since last: 1000115864 ns, Reaching safepoint: 83465 ns, At safepoint: 9477 ns, Total: 92942 ns
[2020-09-11T18:25:26.519+0000][1][safepoint    ] Safepoint "RevokeBias", Time since last: 788034258 ns, Reaching safepoint: 84324 ns, At safepoint: 22178 ns, Total: 106502 ns
[2020-09-11T18:25:27.519+0000][1][safepoint    ] Safepoint "Cleanup", Time since last: 1000107548 ns, Reaching safepoint: 80018 ns, At safepoint: 8951 ns, Total: 88969 ns
[2020-09-11T18:25:28.521+0000][1][safepoint    ] Safepoint "Cleanup", Time since last: 1001415875 ns, Reaching safepoint: 74364 ns, At safepoint: 6362 ns, Total: 80726 ns
[2020-09-11T18:25:28.565+0000][1][safepoint    ] Safepoint "BulkRevokeBias", Time since last: 44349112 ns, Reaching safepoint: 84576 ns, At safepoint: 216485 ns, Total: 301061 ns
[2020-09-11T18:25:29.566+0000][1][safepoint    ] Safepoint "Cleanup", Time since last: 1000116086 ns, Reaching safepoint: 79089 ns, At safepoint: 8881 ns, Total: 87970 ns
[2020-09-11T18:25:30.566+0000][1][safepoint    ] Safepoint "Cleanup", Time since last: 1000116972 ns, Reaching safepoint: 77498 ns, At safepoint: 9590 ns, Total: 87088 ns
[2020-09-11T18:25:30.784+0000][1][safepoint    ] Safepoint "RevokeBias", Time since last: 217819252 ns, Reaching safepoint: 167481 ns, At safepoint: 26999 ns, Total: 194480 ns
[2020-09-11T18:25:31.784+0000][1][safepoint    ] Safepoint "Cleanup", Time since last: 1000116219 ns, Reaching safepoint: 77073 ns, At safepoint: 7180 ns, Total: 84253 ns
[2020-09-11T18:25:32.784+0000][1][safepoint    ] Safepoint "Cleanup", Time since last: 1000117159 ns, Reaching safepoint: 80307 ns, At safepoint: 9621 ns, Total: 89928 ns
[2020-09-11T18:25:33.785+0000][1][safepoint    ] Safepoint "Cleanup", Time since last: 1000143639 ns, Reaching safepoint: 80016 ns, At safepoint: 8762 ns, Total: 88778 ns
[2020-09-11T18:25:34.785+0000][1][safepoint    ] Safepoint "Cleanup", Time since last: 1000112116 ns, Reaching safepoint: 97773 ns, At safepoint: 7478 ns, Total: 105251 ns
[2020-09-11T18:25:36.579+0000][1][safepoint    ] Safepoint "RevokeBias", Time since last: 1794586495 ns, Reaching safepoint: 86305 ns, At safepoint: 24619 ns, Total: 110924 ns
[2020-09-11T18:25:38.432+0000][1][gc,start     ] GC(163) Pause Young (Allocation Failure)
[2020-09-11T18:25:38.432+0000][1][gc,task      ] GC(163) Using 1 workers of 1 for evacuation
[2020-09-11T18:25:38.444+0000][1][gc,age       ] GC(163) Desired survivor size 4358144 bytes, new threshold 6 (max threshold 6)
[2020-09-11T18:25:38.444+0000][1][gc,age       ] GC(163) Age table with threshold 6 (max threshold 6)
[2020-09-11T18:25:38.444+0000][1][gc,age       ] GC(163) - age   1:     445784 bytes,     445784 total
[2020-09-11T18:25:38.444+0000][1][gc,age       ] GC(163) - age   2:      28304 bytes,     474088 total
[2020-09-11T18:25:38.444+0000][1][gc,age       ] GC(163) - age   3:     103800 bytes,     577888 total
[2020-09-11T18:25:38.444+0000][1][gc,age       ] GC(163) - age   4:     647544 bytes,    1225432 total
[2020-09-11T18:25:38.444+0000][1][gc,age       ] GC(163) - age   5:     332688 bytes,    1558120 total
[2020-09-11T18:25:38.444+0000][1][gc,age       ] GC(163) - age   6:      13640 bytes,    1571760 total
[2020-09-11T18:25:38.444+0000][1][gc,heap      ] GC(163) ParNew: 69700K->2333K(76672K)
[2020-09-11T18:25:38.444+0000][1][gc,heap      ] GC(163) CMS: 105618K->105628K(439104K)
[2020-09-11T18:25:38.444+0000][1][gc,metaspace ] GC(163) Metaspace: 93033K->93033K(1134592K)
[2020-09-11T18:25:38.444+0000][1][gc           ] GC(163) Pause Young (Allocation Failure) 171M->105M(503M) 11.316ms
[2020-09-11T18:25:38.444+0000][1][gc,cpu       ] GC(163) User=0.01s Sys=0.00s Real=0.02s
[2020-09-11T18:25:38.451+0000][1][safepoint    ] Safepoint "GenCollectForAllocation", Time since last: 1852757391 ns, Reaching safepoint: 80400 ns, At safepoint: 18251943 ns, Total: 18332343 ns
[2020-09-11T18:25:38.540+0000][1][safepoint    ] Safepoint "RevokeBias", Time since last: 89286453 ns, Reaching safepoint: 82121 ns, At safepoint: 21871 ns, Total: 103992 ns
[2020-09-11T18:25:40.775+0000][1][safepoint    ] Safepoint "RevokeBias", Time since last: 2235249097 ns, Reaching safepoint: 170560 ns, At safepoint: 27044 ns, Total: 197604 ns
[2020-09-11T18:25:46.529+0000][1][safepoint    ] Safepoint "RevokeBias", Time since last: 5753559885 ns, Reaching safepoint: 92343 ns, At safepoint: 26119 ns, Total: 118462 ns
[2020-09-11T18:25:48.530+0000][1][safepoint    ] Safepoint "Cleanup", Time since last: 2000523496 ns, Reaching safepoint: 137847 ns, At safepoint: 8244 ns, Total: 146091 ns
[2020-09-11T18:25:48.603+0000][1][safepoint    ] Safepoint "RevokeBias", Time since last: 72782480 ns, Reaching safepoint: 89697 ns, At safepoint: 22549 ns, Total: 112246 ns
[2020-09-11T18:25:50.603+0000][1][safepoint    ] Safepoint "Cleanup", Time since last: 2000422501 ns, Reaching safepoint: 86706 ns, At safepoint: 9141 ns, Total: 95847 ns
[2020-09-11T18:25:50.710+0000][1][safepoint    ] Safepoint "RevokeBias", Time since last: 106840827 ns, Reaching safepoint: 82509 ns, At safepoint: 22355 ns, Total: 104864 ns
[2020-09-11T18:25:54.713+0000][1][safepoint    ] Safepoint "Cleanup", Time since last: 4002663376 ns, Reaching safepoint: 119609 ns, At safepoint: 7774 ns, Total: 127383 ns
[2020-09-11T18:25:55.714+0000][1][safepoint    ] Safepoint "Cleanup", Time since last: 1000352043 ns, Reaching safepoint: 599591 ns, At safepoint: 9856 ns, Total: 609447 ns
[2020-09-11T18:25:56.526+0000][1][safepoint    ] Safepoint "RevokeBias", Time since last: 811550317 ns, Reaching safepoint: 92276 ns, At safepoint: 22644 ns, Total: 114920 ns
[2020-09-11T18:25:57.528+0000][1][safepoint    ] Safepoint "Cleanup", Time since last: 1000596275 ns, Reaching safepoint: 2003600 ns, At safepoint: 10723 ns, Total: 2014323 ns
[2020-09-11T18:25:58.601+0000][1][safepoint    ] Safepoint "RevokeBias", Time since last: 1073149477 ns, Reaching safepoint: 84188 ns, At safepoint: 22189 ns, Total: 106377 ns
[2020-09-11T18:25:59.667+0000][1][gc,start     ] GC(164) Pause Young (Allocation Failure)
[2020-09-11T18:25:59.667+0000][1][gc,task      ] GC(164) Using 1 workers of 1 for evacuation
[2020-09-11T18:25:59.675+0000][1][gc,age       ] GC(164) Desired survivor size 4358144 bytes, new threshold 6 (max threshold 6)
[2020-09-11T18:25:59.675+0000][1][gc,age       ] GC(164) Age table with threshold 6 (max threshold 6)
[2020-09-11T18:25:59.675+0000][1][gc,age       ] GC(164) - age   1:     137392 bytes,     137392 total
[2020-09-11T18:25:59.675+0000][1][gc,age       ] GC(164) - age   2:     390168 bytes,     527560 total
[2020-09-11T18:25:59.675+0000][1][gc,age       ] GC(164) - age   3:      24656 bytes,     552216 total
[2020-09-11T18:25:59.676+0000][1][gc,age       ] GC(164) - age   4:     103704 bytes,     655920 total
[2020-09-11T18:25:59.676+0000][1][gc,age       ] GC(164) - age   5:     646920 bytes,    1302840 total
[2020-09-11T18:25:59.676+0000][1][gc,age       ] GC(164) - age   6:     332688 bytes,    1635528 total
[2020-09-11T18:25:59.676+0000][1][gc,heap      ] GC(164) ParNew: 70493K->2885K(76672K)
[2020-09-11T18:25:59.676+0000][1][gc,heap      ] GC(164) CMS: 105628K->105642K(439104K)
[2020-09-11T18:25:59.676+0000][1][gc,metaspace ] GC(164) Metaspace: 93049K->93049K(1134592K)
[2020-09-11T18:25:59.676+0000][1][gc           ] GC(164) Pause Young (Allocation Failure) 171M->105M(503M) 8.389ms
[2020-09-11T18:25:59.676+0000][1][gc,cpu       ] GC(164) User=0.00s Sys=0.00s Real=0.01s
[2020-09-11T18:25:59.676+0000][1][safepoint    ] Safepoint "GenCollectForAllocation", Time since last: 1065722341 ns, Reaching safepoint: 71969 ns, At safepoint: 8468126 ns, Total: 8540095 ns
[2020-09-11T18:26:00.767+0000][1][safepoint    ] Safepoint "RevokeBias", Time since last: 1091380243 ns, Reaching safepoint: 92815 ns, At safepoint: 35577 ns, Total: 128392 ns
[2020-09-11T18:26:06.558+0000][1][safepoint    ] Safepoint "RevokeBias", Time since last: 5790681463 ns, Reaching safepoint: 97206 ns, At safepoint: 22092 ns, Total: 119298 ns
[2020-09-11T18:26:07.558+0000][1][safepoint    ] Safepoint "Cleanup", Time since last: 1000123276 ns, Reaching safepoint: 85366 ns, At safepoint: 9266 ns, Total: 94632 ns
[2020-09-11T18:26:08.560+0000][1][safepoint    ] Safepoint "Cleanup", Time since last: 1001876035 ns, Reaching safepoint: 233822 ns, At safepoint: 9922 ns, Total: 243744 ns
[2020-09-11T18:26:08.623+0000][1][safepoint    ] Safepoint "RevokeBias", Time since last: 62961310 ns, Reaching safepoint: 84981 ns, At safepoint: 22352 ns, Total: 107333 ns
[2020-09-11T18:26:09.624+0000][1][safepoint    ] Safepoint "Cleanup", Time since last: 1000110709 ns, Reaching safepoint: 99957 ns, At safepoint: 8906 ns, Total: 108863 ns
[2020-09-11T18:26:10.624+0000][1][safepoint    ] Safepoint "Cleanup", Time since last: 1000108293 ns, Reaching safepoint: 79822 ns, At safepoint: 8898 ns, Total: 88720 ns
[2020-09-11T18:26:10.726+0000][1][safepoint    ] Safepoint "RevokeBias", Time since last: 102015244 ns, Reaching safepoint: 86112 ns, At safepoint: 36616 ns, Total: 122728 ns
[2020-09-11T18:26:11.726+0000][1][safepoint    ] Safepoint "Cleanup", Time since last: 1000106460 ns, Reaching safepoint: 82792 ns, At safepoint: 9354 ns, Total: 92146 ns
[2020-09-11T18:26:12.726+0000][1][safepoint    ] Safepoint "Cleanup", Time since last: 1000114487 ns, Reaching safepoint: 84024 ns, At safepoint: 9739 ns, Total: 93763 ns
[2020-09-11T18:26:13.727+0000][1][safepoint    ] Safepoint "Cleanup", Time since last: 1000115638 ns, Reaching safepoint: 81548 ns, At safepoint: 9304 ns, Total: 90852 ns
[2020-09-11T18:26:14.727+0000][1][safepoint    ] Safepoint "Cleanup", Time since last: 1000115544 ns, Reaching safepoint: 79160 ns, At safepoint: 8056 ns, Total: 87216 ns
[2020-09-11T18:26:15.727+0000][1][safepoint    ] Safepoint "Cleanup", Time since last: 1000112816 ns, Reaching safepoint: 79453 ns, At safepoint: 9542 ns, Total: 88995 ns
[2020-09-11T18:26:16.524+0000][1][safepoint    ] Safepoint "RevokeBias", Time since last: 796939680 ns, Reaching safepoint: 83157 ns, At safepoint: 20837 ns, Total: 103994 ns
[2020-09-11T18:26:17.524+0000][1][safepoint    ] Safepoint "Cleanup", Time since last: 1000108950 ns, Reaching safepoint: 76166 ns, At safepoint: 7493 ns, Total: 83659 ns
[2020-09-11T18:26:18.524+0000][1][safepoint    ] Safepoint "Cleanup", Time since last: 1000120582 ns, Reaching safepoint: 148756 ns, At safepoint: 8639 ns, Total: 157395 ns
[2020-09-11T18:26:18.573+0000][1][safepoint    ] Safepoint "RevokeBias", Time since last: 48720171 ns, Reaching safepoint: 84975 ns, At safepoint: 23576 ns, Total: 108551 ns
[2020-09-11T18:26:19.573+0000][1][safepoint    ] Safepoint "Cleanup", Time since last: 1000105993 ns, Reaching safepoint: 79608 ns, At safepoint: 9230 ns, Total: 88838 ns
[2020-09-11T18:26:20.574+0000][1][safepoint    ] Safepoint "Cleanup", Time since last: 1000111251 ns, Reaching safepoint: 79914 ns, At safepoint: 8727 ns, Total: 88641 ns
[2020-09-11T18:26:20.711+0000][1][safepoint    ] Safepoint "RevokeBias", Time since last: 137309479 ns, Reaching safepoint: 89229 ns, At safepoint: 25392 ns, Total: 114621 ns
[2020-09-11T18:26:21.711+0000][1][safepoint    ] Safepoint "Cleanup", Time since last: 1000103845 ns, Reaching safepoint: 78280 ns, At safepoint: 8409 ns, Total: 86689 ns
[2020-09-11T18:26:22.712+0000][1][safepoint    ] Safepoint "Cleanup", Time since last: 1000111277 ns, Reaching safepoint: 86076 ns, At safepoint: 8628 ns, Total: 94704 ns
[2020-09-11T18:26:23.712+0000][1][safepoint    ] Safepoint "Cleanup", Time since last: 1000113160 ns, Reaching safepoint: 78676 ns, At safepoint: 8858 ns, Total: 87534 ns
[2020-09-11T18:26:24.705+0000][1][gc,start     ] GC(165) Pause Young (Allocation Failure)
[2020-09-11T18:26:24.705+0000][1][gc,task      ] GC(165) Using 1 workers of 1 for evacuation
[2020-09-11T18:26:24.712+0000][1][gc,age       ] GC(165) Desired survivor size 4358144 bytes, new threshold 6 (max threshold 6)
[2020-09-11T18:26:24.712+0000][1][gc,age       ] GC(165) Age table with threshold 6 (max threshold 6)
[2020-09-11T18:26:24.712+0000][1][gc,age       ] GC(165) - age   1:      66640 bytes,      66640 total
[2020-09-11T18:26:24.712+0000][1][gc,age       ] GC(165) - age   2:      83992 bytes,     150632 total
[2020-09-11T18:26:24.712+0000][1][gc,age       ] GC(165) - age   3:     388288 bytes,     538920 total
[2020-09-11T18:26:24.712+0000][1][gc,age       ] GC(165) - age   4:      24464 bytes,     563384 total
[2020-09-11T18:26:24.712+0000][1][gc,age       ] GC(165) - age   5:     103704 bytes,     667088 total
[2020-09-11T18:26:24.712+0000][1][gc,age       ] GC(165) - age   6:     646920 bytes,    1314008 total
[2020-09-11T18:26:24.712+0000][1][gc,heap      ] GC(165) ParNew: 71045K->1919K(76672K)
[2020-09-11T18:26:24.712+0000][1][gc,heap      ] GC(165) CMS: 105642K->105967K(439104K)
[2020-09-11T18:26:24.712+0000][1][gc,metaspace ] GC(165) Metaspace: 93056K->93056K(1134592K)
[2020-09-11T18:26:24.712+0000][1][gc           ] GC(165) Pause Young (Allocation Failure) 172M->105M(503M) 7.354ms
[2020-09-11T18:26:24.712+0000][1][gc,cpu       ] GC(165) User=0.00s Sys=0.00s Real=0.00s
[2020-09-11T18:26:24.712+0000][1][safepoint    ] Safepoint "GenCollectForAllocation", Time since last: 990112912 ns, Reaching safepoint: 3017006 ns, At safepoint: 7426138 ns, Total: 10443144 ns
[2020-09-11T18:26:25.717+0000][1][safepoint    ] Safepoint "Cleanup", Time since last: 1004834408 ns, Reaching safepoint: 71675 ns, At safepoint: 17534 ns, Total: 89209 ns
[2020-09-11T18:26:26.523+0000][1][safepoint    ] Safepoint "RevokeBias", Time since last: 805208490 ns, Reaching safepoint: 95282 ns, At safepoint: 25291 ns, Total: 120573 ns
[2020-09-11T18:26:27.523+0000][1][safepoint    ] Safepoint "Cleanup", Time since last: 1000107650 ns, Reaching safepoint: 78679 ns, At safepoint: 9107 ns, Total: 87786 ns
[2020-09-11T18:26:28.524+0000][1][safepoint    ] Safepoint "Cleanup", Time since last: 1000774118 ns, Reaching safepoint: 173105 ns, At safepoint: 7304 ns, Total: 180409 ns
[2020-09-11T18:26:28.656+0000][1][safepoint    ] Safepoint "RevokeBias", Time since last: 131912381 ns, Reaching safepoint: 85105 ns, At safepoint: 21925 ns, Total: 107030 ns
[2020-09-11T18:26:29.656+0000][1][safepoint    ] Safepoint "Cleanup", Time since last: 1000111014 ns, Reaching safepoint: 81994 ns, At safepoint: 9256 ns, Total: 91250 ns
[2020-09-11T18:26:30.656+0000][1][safepoint    ] Safepoint "Cleanup", Time since last: 1000112908 ns, Reaching safepoint: 81908 ns, At safepoint: 8841 ns, Total: 90749 ns
[2020-09-11T18:26:30.771+0000][1][safepoint    ] Safepoint "RevokeBias", Time since last: 115127881 ns, Reaching safepoint: 84653 ns, At safepoint: 21573 ns, Total: 106226 ns
[2020-09-11T18:26:31.772+0000][1][safepoint    ] Safepoint "Cleanup", Time since last: 1000105223 ns, Reaching safepoint: 83085 ns, At safepoint: 8784 ns, Total: 91869 ns
[2020-09-11T18:26:32.772+0000][1][safepoint    ] Safepoint "Cleanup", Time since last: 1000106897 ns, Reaching safepoint: 79367 ns, At safepoint: 8829 ns, Total: 88196 ns
[2020-09-11T18:26:33.772+0000][1][safepoint    ] Safepoint "Cleanup", Time since last: 1000113879 ns, Reaching safepoint: 76200 ns, At safepoint: 7397 ns, Total: 83597 ns
[2020-09-11T18:26:34.772+0000][1][safepoint    ] Safepoint "Cleanup", Time since last: 1000109543 ns, Reaching safepoint: 79419 ns, At safepoint: 9351 ns, Total: 88770 ns
[2020-09-11T18:26:35.772+0000][1][safepoint    ] Safepoint "Cleanup", Time since last: 1000115178 ns, Reaching safepoint: 81507 ns, At safepoint: 8724 ns, Total: 90231 ns
[2020-09-11T18:26:36.513+0000][1][safepoint    ] Safepoint "RevokeBias", Time since last: 740344417 ns, Reaching safepoint: 114497 ns, At safepoint: 22606 ns, Total: 137103 ns
[2020-09-11T18:26:37.513+0000][1][safepoint    ] Safepoint "Cleanup", Time since last: 1000104293 ns, Reaching safepoint: 81245 ns, At safepoint: 9271 ns, Total: 90516 ns
[2020-09-11T18:26:38.513+0000][1][safepoint    ] Safepoint "Cleanup", Time since last: 1000108302 ns, Reaching safepoint: 121651 ns, At safepoint: 7362 ns, Total: 129013 ns
[2020-09-11T18:26:38.540+0000][1][safepoint    ] Safepoint "RevokeBias", Time since last: 26549744 ns, Reaching safepoint: 84650 ns, At safepoint: 21605 ns, Total: 106255 ns
[2020-09-11T18:26:39.540+0000][1][safepoint    ] Safepoint "Cleanup", Time since last: 1000115560 ns, Reaching safepoint: 78305 ns, At safepoint: 9183 ns, Total: 87488 ns
[2020-09-11T18:26:40.540+0000][1][safepoint    ] Safepoint "Cleanup", Time since last: 1000119043 ns, Reaching safepoint: 101404 ns, At safepoint: 9796 ns, Total: 111200 ns
[2020-09-11T18:26:40.794+0000][1][safepoint    ] Safepoint "RevokeBias", Time since last: 253428885 ns, Reaching safepoint: 168181 ns, At safepoint: 42365 ns, Total: 210546 ns
[2020-09-11T18:26:40.912+0000][1][gc,start     ] GC(166) Pause Young (Allocation Failure)
[2020-09-11T18:26:40.912+0000][1][gc,task      ] GC(166) Using 1 workers of 1 for evacuation
[2020-09-11T18:26:40.923+0000][1][gc,age       ] GC(166) Desired survivor size 4358144 bytes, new threshold 6 (max threshold 6)
[2020-09-11T18:26:40.923+0000][1][gc,age       ] GC(166) Age table with threshold 6 (max threshold 6)
[2020-09-11T18:26:40.923+0000][1][gc,age       ] GC(166) - age   1:     219312 bytes,     219312 total
[2020-09-11T18:26:40.923+0000][1][gc,age       ] GC(166) - age   2:      14984 bytes,     234296 total
[2020-09-11T18:26:40.923+0000][1][gc,age       ] GC(166) - age   3:      81928 bytes,     316224 total
[2020-09-11T18:26:40.923+0000][1][gc,age       ] GC(166) - age   4:     387944 bytes,     704168 total
[2020-09-11T18:26:40.923+0000][1][gc,age       ] GC(166) - age   5:      24464 bytes,     728632 total
[2020-09-11T18:26:40.923+0000][1][gc,age       ] GC(166) - age   6:     103392 bytes,     832024 total
[2020-09-11T18:26:40.923+0000][1][gc,heap      ] GC(166) ParNew: 70079K->1202K(76672K)
[2020-09-11T18:26:40.923+0000][1][gc,heap      ] GC(166) CMS: 105967K->106599K(439104K)
[2020-09-11T18:26:40.923+0000][1][gc,metaspace ] GC(166) Metaspace: 93065K->93065K(1134592K)
[2020-09-11T18:26:40.923+0000][1][gc           ] GC(166) Pause Young (Allocation Failure) 171M->105M(503M) 11.704ms
[2020-09-11T18:26:40.923+0000][1][gc,cpu       ] GC(166) User=0.01s Sys=0.00s Real=0.02s
[2020-09-11T18:26:40.923+0000][1][safepoint    ] Safepoint "GenCollectForAllocation", Time since last: 117390000 ns, Reaching safepoint: 196359 ns, At safepoint: 11878586 ns, Total: 12074945 ns
[2020-09-11T18:26:41.926+0000][1][safepoint    ] Safepoint "Cleanup", Time since last: 1002652463 ns, Reaching safepoint: 79087 ns, At safepoint: 21019 ns, Total: 100106 ns
[2020-09-11T18:26:42.926+0000][1][safepoint    ] Safepoint "Cleanup", Time since last: 1000107806 ns, Reaching safepoint: 74419 ns, At safepoint: 6388 ns, Total: 80807 ns
[2020-09-11T18:26:43.927+0000][1][safepoint    ] Safepoint "Cleanup", Time since last: 1000110918 ns, Reaching safepoint: 94134 ns, At safepoint: 9245 ns, Total: 103379 ns
[2020-09-11T18:26:44.927+0000][1][safepoint    ] Safepoint "Cleanup", Time since last: 1000103096 ns, Reaching safepoint: 72957 ns, At safepoint: 7427 ns, Total: 80384 ns
[2020-09-11T18:26:45.927+0000][1][safepoint    ] Safepoint "Cleanup", Time since last: 1000100322 ns, Reaching safepoint: 75256 ns, At safepoint: 6886 ns, Total: 82142 ns
[2020-09-11T18:26:46.543+0000][1][safepoint    ] Safepoint "RevokeBias", Time since last: 615465021 ns, Reaching safepoint: 83169 ns, At safepoint: 23616 ns, Total: 106785 ns
[2020-09-11T18:26:47.543+0000][1][safepoint    ] Safepoint "Cleanup", Time since last: 1000100749 ns, Reaching safepoint: 75340 ns, At safepoint: 6861 ns, Total: 82201 ns
[2020-09-11T18:26:48.549+0000][1][safepoint    ] Safepoint "Cleanup", Time since last: 1006068859 ns, Reaching safepoint: 240087 ns, At safepoint: 7925 ns, Total: 248012 ns
[2020-09-11T18:26:48.640+0000][1][safepoint    ] Safepoint "RevokeBias", Time since last: 90763636 ns, Reaching safepoint: 83783 ns, At safepoint: 23119 ns, Total: 106902 ns
[2020-09-11T18:26:49.640+0000][1][safepoint    ] Safepoint "Cleanup", Time since last: 1000112302 ns, Reaching safepoint: 87407 ns, At safepoint: 8581 ns, Total: 95988 ns
[2020-09-11T18:26:50.640+0000][1][safepoint    ] Safepoint "Cleanup", Time since last: 1000113283 ns, Reaching safepoint: 79178 ns, At safepoint: 8859 ns, Total: 88037 ns
[2020-09-11T18:26:50.767+0000][1][safepoint    ] Safepoint "RevokeBias", Time since last: 126235685 ns, Reaching safepoint: 84347 ns, At safepoint: 21819 ns, Total: 106166 ns
[2020-09-11T18:26:51.767+0000][1][safepoint    ] Safepoint "Cleanup", Time since last: 1000103328 ns, Reaching safepoint: 97544 ns, At safepoint: 7631 ns, Total: 105175 ns
[2020-09-11T18:26:52.767+0000][1][safepoint    ] Safepoint "Cleanup", Time since last: 1000113596 ns, Reaching safepoint: 81527 ns, At safepoint: 9419 ns, Total: 90946 ns
[2020-09-11T18:26:53.767+0000][1][safepoint    ] Safepoint "Cleanup", Time since last: 1000114625 ns, Reaching safepoint: 79376 ns, At safepoint: 8451 ns, Total: 87827 ns
[2020-09-11T18:26:54.767+0000][1][safepoint    ] Safepoint "Cleanup", Time since last: 1000115787 ns, Reaching safepoint: 80314 ns, At safepoint: 8894 ns, Total: 89208 ns
[2020-09-11T18:26:56.573+0000][1][safepoint    ] Safepoint "RevokeBias", Time since last: 1805752914 ns, Reaching safepoint: 84171 ns, At safepoint: 23101 ns, Total: 107272 ns
[2020-09-11T18:26:58.475+0000][1][gc,start     ] GC(167) Pause Young (Allocation Failure)
[2020-09-11T18:26:58.475+0000][1][gc,task      ] GC(167) Using 1 workers of 1 for evacuation
[2020-09-11T18:26:58.485+0000][1][gc,age       ] GC(167) Desired survivor size 4358144 bytes, new threshold 6 (max threshold 6)
[2020-09-11T18:26:58.485+0000][1][gc,age       ] GC(167) Age table with threshold 6 (max threshold 6)
[2020-09-11T18:26:58.485+0000][1][gc,age       ] GC(167) - age   1:     269560 bytes,     269560 total
[2020-09-11T18:26:58.485+0000][1][gc,age       ] GC(167) - age   2:      99520 bytes,     369080 total
[2020-09-11T18:26:58.485+0000][1][gc,age       ] GC(167) - age   3:      11416 bytes,     380496 total
[2020-09-11T18:26:58.485+0000][1][gc,age       ] GC(167) - age   4:      81832 bytes,     462328 total
[2020-09-11T18:26:58.485+0000][1][gc,age       ] GC(167) - age   5:     387632 bytes,     849960 total
[2020-09-11T18:26:58.485+0000][1][gc,age       ] GC(167) - age   6:      24464 bytes,     874424 total
[2020-09-11T18:26:58.485+0000][1][gc,heap      ] GC(167) ParNew: 69362K->909K(76672K)
[2020-09-11T18:26:58.485+0000][1][gc,heap      ] GC(167) CMS: 106599K->106700K(439104K)
[2020-09-11T18:26:58.485+0000][1][gc,metaspace ] GC(167) Metaspace: 93066K->93066K(1134592K)
[2020-09-11T18:26:58.485+0000][1][gc           ] GC(167) Pause Young (Allocation Failure) 171M->105M(503M) 10.008ms
[2020-09-11T18:26:58.485+0000][1][gc,cpu       ] GC(167) User=0.00s Sys=0.00s Real=0.01s
[2020-09-11T18:26:58.485+0000][1][safepoint    ] Safepoint "GenCollectForAllocation", Time since last: 1901327376 ns, Reaching safepoint: 246620 ns, At safepoint: 10174721 ns, Total: 10421341 ns
[2020-09-11T18:26:58.524+0000][1][safepoint    ] Safepoint "BulkRevokeBias", Time since last: 38424524 ns, Reaching safepoint: 83271 ns, At safepoint: 208387 ns, Total: 291658 ns
[2020-09-11T18:27:00.758+0000][1][safepoint    ] Safepoint "RevokeBias", Time since last: 2234456674 ns, Reaching safepoint: 84684 ns, At safepoint: 22035 ns, Total: 106719 ns
[2020-09-11T18:27:06.531+0000][1][safepoint    ] Safepoint "RevokeBias", Time since last: 5772662147 ns, Reaching safepoint: 83763 ns, At safepoint: 21417 ns, Total: 105180 ns
[2020-09-11T18:27:08.605+0000][1][safepoint    ] Safepoint "RevokeBias", Time since last: 2073593562 ns, Reaching safepoint: 132963 ns, At safepoint: 22288 ns, Total: 155251 ns
[2020-09-11T18:27:10.605+0000][1][safepoint    ] Safepoint "Cleanup", Time since last: 2000182547 ns, Reaching safepoint: 85447 ns, At safepoint: 9077 ns, Total: 94524 ns
[2020-09-11T18:27:10.707+0000][1][safepoint    ] Safepoint "RevokeBias", Time since last: 101671247 ns, Reaching safepoint: 163058 ns, At safepoint: 37787 ns, Total: 200845 ns
[2020-09-11T18:27:16.513+0000][1][safepoint    ] Safepoint "RevokeBias", Time since last: 5806217524 ns, Reaching safepoint: 83587 ns, At safepoint: 23285 ns, Total: 106872 ns
[2020-09-11T18:27:18.529+0000][1][safepoint    ] Safepoint "RevokeBias", Time since last: 2015614055 ns, Reaching safepoint: 97508 ns, At safepoint: 26683 ns, Total: 124191 ns
[2020-09-11T18:27:20.713+0000][1][safepoint    ] Safepoint "RevokeBias", Time since last: 2184212197 ns, Reaching safepoint: 89230 ns, At safepoint: 23217 ns, Total: 112447 ns
[2020-09-11T18:27:21.017+0000][1][gc,start     ] GC(168) Pause Young (Allocation Failure)
[2020-09-11T18:27:21.017+0000][1][gc,task      ] GC(168) Using 1 workers of 1 for evacuation
[2020-09-11T18:27:21.026+0000][1][gc,age       ] GC(168) Desired survivor size 4358144 bytes, new threshold 6 (max threshold 6)
[2020-09-11T18:27:21.027+0000][1][gc,age       ] GC(168) Age table with threshold 6 (max threshold 6)
[2020-09-11T18:27:21.027+0000][1][gc,age       ] GC(168) - age   1:     166544 bytes,     166544 total
[2020-09-11T18:27:21.027+0000][1][gc,age       ] GC(168) - age   2:       7424 bytes,     173968 total
[2020-09-11T18:27:21.027+0000][1][gc,age       ] GC(168) - age   3:      94888 bytes,     268856 total
[2020-09-11T18:27:21.027+0000][1][gc,age       ] GC(168) - age   4:      11224 bytes,     280080 total
[2020-09-11T18:27:21.027+0000][1][gc,age       ] GC(168) - age   5:      81832 bytes,     361912 total
[2020-09-11T18:27:21.027+0000][1][gc,age       ] GC(168) - age   6:     387632 bytes,     749544 total
[2020-09-11T18:27:21.027+0000][1][gc,heap      ] GC(168) ParNew: 69041K->867K(76672K)
[2020-09-11T18:27:21.027+0000][1][gc,heap      ] GC(168) CMS: 106700K->106724K(439104K)
[2020-09-11T18:27:21.027+0000][1][gc,metaspace ] GC(168) Metaspace: 93066K->93066K(1134592K)
[2020-09-11T18:27:21.027+0000][1][gc           ] GC(168) Pause Young (Allocation Failure) 171M->105M(503M) 9.464ms
[2020-09-11T18:27:21.027+0000][1][gc,cpu       ] GC(168) User=0.00s Sys=0.00s Real=0.01s
[2020-09-11T18:27:21.027+0000][1][safepoint    ] Safepoint "GenCollectForAllocation", Time since last: 303593054 ns, Reaching safepoint: 156288 ns, At safepoint: 9536993 ns, Total: 9693281 ns
[2020-09-11T18:27:26.537+0000][1][safepoint    ] Safepoint "RevokeBias", Time since last: 5510674984 ns, Reaching safepoint: 82050 ns, At safepoint: 21525 ns, Total: 103575 ns
[2020-09-11T18:27:28.538+0000][1][safepoint    ] Safepoint "Cleanup", Time since last: 2000176676 ns, Reaching safepoint: 85540 ns, At safepoint: 8456 ns, Total: 93996 ns
[2020-09-11T18:27:28.612+0000][1][safepoint    ] Safepoint "RevokeBias", Time since last: 74100747 ns, Reaching safepoint: 82631 ns, At safepoint: 21990 ns, Total: 104621 ns
[2020-09-11T18:27:30.752+0000][1][safepoint    ] Safepoint "RevokeBias", Time since last: 2139957677 ns, Reaching safepoint: 89038 ns, At safepoint: 25303 ns, Total: 114341 ns
[2020-09-11T18:27:31.752+0000][1][safepoint    ] Safepoint "Cleanup", Time since last: 1000113019 ns, Reaching safepoint: 78989 ns, At safepoint: 6343 ns, Total: 85332 ns
[2020-09-11T18:27:36.514+0000][1][safepoint    ] Safepoint "RevokeBias", Time since last: 4762149773 ns, Reaching safepoint: 87896 ns, At safepoint: 24975 ns, Total: 112871 ns
[2020-09-11T18:27:38.515+0000][1][safepoint    ] Safepoint "Cleanup", Time since last: 2000186802 ns, Reaching safepoint: 84415 ns, At safepoint: 7413 ns, Total: 91828 ns
[2020-09-11T18:27:38.620+0000][1][safepoint    ] Safepoint "RevokeBias", Time since last: 105125103 ns, Reaching safepoint: 81785 ns, At safepoint: 21801 ns, Total: 103586 ns
[2020-09-11T18:27:39.780+0000][1][gc,start     ] GC(169) Pause Young (Allocation Failure)
[2020-09-11T18:27:39.780+0000][1][gc,task      ] GC(169) Using 1 workers of 1 for evacuation
[2020-09-11T18:27:39.788+0000][1][gc,age       ] GC(169) Desired survivor size 4358144 bytes, new threshold 6 (max threshold 6)
[2020-09-11T18:27:39.788+0000][1][gc,age       ] GC(169) Age table with threshold 6 (max threshold 6)
[2020-09-11T18:27:39.788+0000][1][gc,age       ] GC(169) - age   1:     100448 bytes,     100448 total
[2020-09-11T18:27:39.788+0000][1][gc,age       ] GC(169) - age   2:     118944 bytes,     219392 total
[2020-09-11T18:27:39.788+0000][1][gc,age       ] GC(169) - age   3:       5088 bytes,     224480 total
[2020-09-11T18:27:39.788+0000][1][gc,age       ] GC(169) - age   4:      94856 bytes,     319336 total
[2020-09-11T18:27:39.788+0000][1][gc,age       ] GC(169) - age   5:      11224 bytes,     330560 total
[2020-09-11T18:27:39.788+0000][1][gc,age       ] GC(169) - age   6:      81208 bytes,     411768 total
[2020-09-11T18:27:39.788+0000][1][gc,heap      ] GC(169) ParNew: 69027K->765K(76672K)
[2020-09-11T18:27:39.788+0000][1][gc,heap      ] GC(169) CMS: 106724K->107102K(439104K)
[2020-09-11T18:27:39.788+0000][1][gc,metaspace ] GC(169) Metaspace: 93074K->93074K(1134592K)
[2020-09-11T18:27:39.788+0000][1][gc           ] GC(169) Pause Young (Allocation Failure) 171M->105M(503M) 7.572ms
[2020-09-11T18:27:39.788+0000][1][gc,cpu       ] GC(169) User=0.01s Sys=0.00s Real=0.01s
[2020-09-11T18:27:39.788+0000][1][safepoint    ] Safepoint "GenCollectForAllocation", Time since last: 1157469314 ns, Reaching safepoint: 2945021 ns, At safepoint: 7640595 ns, Total: 10585616 ns
[2020-09-11T18:27:40.780+0000][1][safepoint    ] Safepoint "RevokeBias", Time since last: 992260413 ns, Reaching safepoint: 100824 ns, At safepoint: 39147 ns, Total: 139971 ns
[2020-09-11T18:27:46.521+0000][1][safepoint    ] Safepoint "RevokeBias", Time since last: 5740497373 ns, Reaching safepoint: 96527 ns, At safepoint: 24173 ns, Total: 120700 ns
[2020-09-11T18:27:48.580+0000][1][safepoint    ] Safepoint "RevokeBias", Time since last: 2058397007 ns, Reaching safepoint: 86085 ns, At safepoint: 24346 ns, Total: 110431 ns
[2020-09-11T18:27:49.580+0000][1][safepoint    ] Safepoint "Cleanup", Time since last: 1000109260 ns, Reaching safepoint: 83603 ns, At safepoint: 9137 ns, Total: 92740 ns
[2020-09-11T18:27:50.734+0000][1][safepoint    ] Safepoint "RevokeBias", Time since last: 1154057097 ns, Reaching safepoint: 83951 ns, At safepoint: 21931 ns, Total: 105882 ns
[2020-09-11T18:27:56.537+0000][1][safepoint    ] Safepoint "RevokeBias", Time since last: 5802915032 ns, Reaching safepoint: 84459 ns, At safepoint: 21373 ns, Total: 105832 ns
[2020-09-11T18:27:58.537+0000][1][safepoint    ] Safepoint "Cleanup", Time since last: 2000188805 ns, Reaching safepoint: 81618 ns, At safepoint: 7119 ns, Total: 88737 ns
[2020-09-11T18:27:58.705+0000][1][safepoint    ] Safepoint "RevokeBias", Time since last: 167382874 ns, Reaching safepoint: 85131 ns, At safepoint: 21784 ns, Total: 106915 ns
[2020-09-11T18:27:59.812+0000][1][gc,start     ] GC(170) Pause Young (Allocation Failure)
[2020-09-11T18:27:59.812+0000][1][gc,task      ] GC(170) Using 1 workers of 1 for evacuation
[2020-09-11T18:27:59.825+0000][1][gc,age       ] GC(170) Desired survivor size 4358144 bytes, new threshold 6 (max threshold 6)
[2020-09-11T18:27:59.825+0000][1][gc,age       ] GC(170) Age table with threshold 6 (max threshold 6)
[2020-09-11T18:27:59.825+0000][1][gc,age       ] GC(170) - age   1:     783920 bytes,     783920 total
[2020-09-11T18:27:59.825+0000][1][gc,age       ] GC(170) - age   2:      50624 bytes,     834544 total
[2020-09-11T18:27:59.825+0000][1][gc,age       ] GC(170) - age   3:     114136 bytes,     948680 total
[2020-09-11T18:27:59.825+0000][1][gc,age       ] GC(170) - age   4:       4680 bytes,     953360 total
[2020-09-11T18:27:59.825+0000][1][gc,age       ] GC(170) - age   5:      94544 bytes,    1047904 total
[2020-09-11T18:27:59.825+0000][1][gc,age       ] GC(170) - age   6:      11224 bytes,    1059128 total
[2020-09-11T18:27:59.825+0000][1][gc,heap      ] GC(170) ParNew: 68925K->1369K(76672K)
[2020-09-11T18:27:59.825+0000][1][gc,heap      ] GC(170) CMS: 107102K->107182K(439104K)
[2020-09-11T18:27:59.825+0000][1][gc,metaspace ] GC(170) Metaspace: 93080K->93080K(1134592K)
[2020-09-11T18:27:59.825+0000][1][gc           ] GC(170) Pause Young (Allocation Failure) 171M->106M(503M) 13.102ms
[2020-09-11T18:27:59.825+0000][1][gc,cpu       ] GC(170) User=0.01s Sys=0.00s Real=0.02s
[2020-09-11T18:27:59.825+0000][1][safepoint    ] Safepoint "GenCollectForAllocation", Time since last: 1107001961 ns, Reaching safepoint: 150640 ns, At safepoint: 13171054 ns, Total: 13321694 ns
[2020-09-11T18:28:00.717+0000][1][safepoint    ] Safepoint "RevokeBias", Time since last: 891861971 ns, Reaching safepoint: 82197 ns, At safepoint: 33305 ns, Total: 115502 ns
[2020-09-11T18:28:01.718+0000][1][safepoint    ] Safepoint "Cleanup", Time since last: 1000796785 ns, Reaching safepoint: 85499 ns, At safepoint: 9527 ns, Total: 95026 ns
[2020-09-11T18:28:06.559+0000][1][safepoint    ] Safepoint "RevokeBias", Time since last: 4841064019 ns, Reaching safepoint: 92759 ns, At safepoint: 24649 ns, Total: 117408 ns
[2020-09-11T18:28:08.551+0000][1][safepoint    ] Safepoint "RevokeBias", Time since last: 1991992881 ns, Reaching safepoint: 91198 ns, At safepoint: 22128 ns, Total: 113326 ns
[2020-09-11T18:28:10.711+0000][1][safepoint    ] Safepoint "RevokeBias", Time since last: 2159772064 ns, Reaching safepoint: 84737 ns, At safepoint: 21537 ns, Total: 106274 ns
[2020-09-11T18:28:16.587+0000][1][safepoint    ] Safepoint "RevokeBias", Time since last: 5876237359 ns, Reaching safepoint: 89711 ns, At safepoint: 22050 ns, Total: 111761 ns
[2020-09-11T18:28:18.534+0000][1][safepoint    ] Safepoint "RevokeBias", Time since last: 1946430877 ns, Reaching safepoint: 105808 ns, At safepoint: 35767 ns, Total: 141575 ns
[2020-09-11T18:28:19.534+0000][1][safepoint    ] Safepoint "Cleanup", Time since last: 1000106889 ns, Reaching safepoint: 79320 ns, At safepoint: 7043 ns, Total: 86363 ns
[2020-09-11T18:28:20.082+0000][1][gc,start     ] GC(171) Pause Young (Allocation Failure)
[2020-09-11T18:28:20.082+0000][1][gc,task      ] GC(171) Using 1 workers of 1 for evacuation
[2020-09-11T18:28:20.090+0000][1][gc,age       ] GC(171) Desired survivor size 4358144 bytes, new threshold 6 (max threshold 6)
[2020-09-11T18:28:20.090+0000][1][gc,age       ] GC(171) Age table with threshold 6 (max threshold 6)
[2020-09-11T18:28:20.090+0000][1][gc,age       ] GC(171) - age   1:     243256 bytes,     243256 total
[2020-09-11T18:28:20.090+0000][1][gc,age       ] GC(171) - age   2:     732832 bytes,     976088 total
[2020-09-11T18:28:20.090+0000][1][gc,age       ] GC(171) - age   3:      48744 bytes,    1024832 total
[2020-09-11T18:28:20.090+0000][1][gc,age       ] GC(171) - age   4:     113944 bytes,    1138776 total
[2020-09-11T18:28:20.090+0000][1][gc,age       ] GC(171) - age   5:       4680 bytes,    1143456 total
[2020-09-11T18:28:20.090+0000][1][gc,age       ] GC(171) - age   6:      94544 bytes,    1238000 total
[2020-09-11T18:28:20.090+0000][1][gc,heap      ] GC(171) ParNew: 69529K->1722K(76672K)
[2020-09-11T18:28:20.090+0000][1][gc,heap      ] GC(171) CMS: 107182K->107193K(439104K)
[2020-09-11T18:28:20.090+0000][1][gc,metaspace ] GC(171) Metaspace: 93092K->93092K(1134592K)
[2020-09-11T18:28:20.091+0000][1][gc           ] GC(171) Pause Young (Allocation Failure) 172M->106M(503M) 8.257ms
[2020-09-11T18:28:20.091+0000][1][gc,cpu       ] GC(171) User=0.00s Sys=0.00s Real=0.00s
[2020-09-11T18:28:20.093+0000][1][safepoint    ] Safepoint "GenCollectForAllocation", Time since last: 547970547 ns, Reaching safepoint: 82042 ns, At safepoint: 10539420 ns, Total: 10621462 ns
[2020-09-11T18:28:20.725+0000][1][safepoint    ] Safepoint "RevokeBias", Time since last: 632066220 ns, Reaching safepoint: 83439 ns, At safepoint: 34463 ns, Total: 117902 ns
[2020-09-11T18:28:21.726+0000][1][safepoint    ] Safepoint "Cleanup", Time since last: 1000771293 ns, Reaching safepoint: 84868 ns, At safepoint: 23615 ns, Total: 108483 ns
[2020-09-11T18:28:25.726+0000][1][safepoint    ] Safepoint "Cleanup", Time since last: 4000360922 ns, Reaching safepoint: 84731 ns, At safepoint: 7586 ns, Total: 92317 ns
[2020-09-11T18:28:26.521+0000][1][safepoint    ] Safepoint "RevokeBias", Time since last: 794310471 ns, Reaching safepoint: 84293 ns, At safepoint: 21876 ns, Total: 106169 ns
[2020-09-11T18:28:28.510+0000][1][safepoint    ] Safepoint "BulkRevokeBias", Time since last: 1989104082 ns, Reaching safepoint: 86256 ns, At safepoint: 281315 ns, Total: 367571 ns
[2020-09-11T18:28:30.510+0000][1][safepoint    ] Safepoint "Cleanup", Time since last: 2000184849 ns, Reaching safepoint: 95285 ns, At safepoint: 8165 ns, Total: 103450 ns
[2020-09-11T18:28:30.733+0000][1][safepoint    ] Safepoint "RevokeBias", Time since last: 222671873 ns, Reaching safepoint: 85380 ns, At safepoint: 23820 ns, Total: 109200 ns
[2020-09-11T18:28:36.514+0000][1][safepoint    ] Safepoint "RevokeBias", Time since last: 5780323407 ns, Reaching safepoint: 87727 ns, At safepoint: 22694 ns, Total: 110421 ns
[2020-09-11T18:28:38.521+0000][1][safepoint    ] Safepoint "Cleanup", Time since last: 2007087613 ns, Reaching safepoint: 440523 ns, At safepoint: 8160 ns, Total: 448683 ns
[2020-09-11T18:28:38.714+0000][1][safepoint    ] Safepoint "RevokeBias", Time since last: 192651366 ns, Reaching safepoint: 84719 ns, At safepoint: 21649 ns, Total: 106368 ns
[2020-09-11T18:28:39.861+0000][1][gc,start     ] GC(172) Pause Young (Allocation Failure)
[2020-09-11T18:28:39.861+0000][1][gc,task      ] GC(172) Using 1 workers of 1 for evacuation
[2020-09-11T18:28:39.868+0000][1][gc,age       ] GC(172) Desired survivor size 4358144 bytes, new threshold 6 (max threshold 6)
[2020-09-11T18:28:39.868+0000][1][gc,age       ] GC(172) Age table with threshold 6 (max threshold 6)
[2020-09-11T18:28:39.868+0000][1][gc,age       ] GC(172) - age   1:     320104 bytes,     320104 total
[2020-09-11T18:28:39.868+0000][1][gc,age       ] GC(172) - age   2:     185680 bytes,     505784 total
[2020-09-11T18:28:39.868+0000][1][gc,age       ] GC(172) - age   3:     729256 bytes,    1235040 total
[2020-09-11T18:28:39.868+0000][1][gc,age       ] GC(172) - age   4:      48432 bytes,    1283472 total
[2020-09-11T18:28:39.868+0000][1][gc,age       ] GC(172) - age   5:     113944 bytes,    1397416 total
[2020-09-11T18:28:39.868+0000][1][gc,age       ] GC(172) - age   6:       4368 bytes,    1401784 total
[2020-09-11T18:28:39.868+0000][1][gc,heap      ] GC(172) ParNew: 69882K->2244K(76672K)
[2020-09-11T18:28:39.868+0000][1][gc,heap      ] GC(172) CMS: 107193K->107285K(439104K)
[2020-09-11T18:28:39.868+0000][1][gc,metaspace ] GC(172) Metaspace: 93093K->93093K(1134592K)
[2020-09-11T18:28:39.868+0000][1][gc           ] GC(172) Pause Young (Allocation Failure) 172M->106M(503M) 7.560ms
[2020-09-11T18:28:39.868+0000][1][gc,cpu       ] GC(172) User=0.00s Sys=0.00s Real=0.00s
[2020-09-11T18:28:39.873+0000][1][safepoint    ] Safepoint "GenCollectForAllocation", Time since last: 1146475329 ns, Reaching safepoint: 378323 ns, At safepoint: 11939534 ns, Total: 12317857 ns
[2020-09-11T18:28:40.762+0000][1][safepoint    ] Safepoint "RevokeBias", Time since last: 888936335 ns, Reaching safepoint: 85983 ns, At safepoint: 34321 ns, Total: 120304 ns
[2020-09-11T18:28:46.516+0000][1][safepoint    ] Safepoint "RevokeBias", Time since last: 5753592957 ns, Reaching safepoint: 92303 ns, At safepoint: 38565 ns, Total: 130868 ns
[2020-09-11T18:28:48.533+0000][1][safepoint    ] Safepoint "RevokeBias", Time since last: 2017766377 ns, Reaching safepoint: 82643 ns, At safepoint: 21843 ns, Total: 104486 ns
[2020-09-11T18:28:50.784+0000][1][safepoint    ] Safepoint "RevokeBias", Time since last: 2250680485 ns, Reaching safepoint: 85993 ns, At safepoint: 22491 ns, Total: 108484 ns
[2020-09-11T18:28:56.542+0000][1][safepoint    ] Safepoint "RevokeBias", Time since last: 5757240254 ns, Reaching safepoint: 83333 ns, At safepoint: 22995 ns, Total: 106328 ns
[2020-09-11T18:28:57.542+0000][1][safepoint    ] Safepoint "Cleanup", Time since last: 1000384956 ns, Reaching safepoint: 84677 ns, At safepoint: 8627 ns, Total: 93304 ns
[2020-09-11T18:28:58.542+0000][1][safepoint    ] Safepoint "Cleanup", Time since last: 1000119514 ns, Reaching safepoint: 88701 ns, At safepoint: 7689 ns, Total: 96390 ns
[2020-09-11T18:28:58.688+0000][1][safepoint    ] Safepoint "RevokeBias", Time since last: 145297590 ns, Reaching safepoint: 84779 ns, At safepoint: 21855 ns, Total: 106634 ns
[2020-09-11T18:29:00.717+0000][1][safepoint    ] Safepoint "RevokeBias", Time since last: 2029107630 ns, Reaching safepoint: 86063 ns, At safepoint: 22578 ns, Total: 108641 ns
[2020-09-11T18:29:01.717+0000][1][safepoint    ] Safepoint "Cleanup", Time since last: 1000116090 ns, Reaching safepoint: 80531 ns, At safepoint: 16959 ns, Total: 97490 ns
[2020-09-11T18:29:02.717+0000][1][safepoint    ] Safepoint "Cleanup", Time since last: 1000130217 ns, Reaching safepoint: 87257 ns, At safepoint: 11053 ns, Total: 98310 ns
[2020-09-11T18:29:03.718+0000][1][safepoint    ] Safepoint "Cleanup", Time since last: 1000112625 ns, Reaching safepoint: 79352 ns, At safepoint: 8677 ns, Total: 88029 ns
[2020-09-11T18:29:04.718+0000][1][safepoint    ] Safepoint "Cleanup", Time since last: 1000187902 ns, Reaching safepoint: 85867 ns, At safepoint: 9460 ns, Total: 95327 ns
[2020-09-11T18:29:05.718+0000][1][safepoint    ] Safepoint "Cleanup", Time since last: 1000110276 ns, Reaching safepoint: 81377 ns, At safepoint: 9470 ns, Total: 90847 ns
[2020-09-11T18:29:06.567+0000][1][safepoint    ] Safepoint "RevokeBias", Time since last: 848422842 ns, Reaching safepoint: 87452 ns, At safepoint: 21771 ns, Total: 109223 ns
[2020-09-11T18:29:07.567+0000][1][safepoint    ] Safepoint "Cleanup", Time since last: 1000107657 ns, Reaching safepoint: 78492 ns, At safepoint: 7116 ns, Total: 85608 ns
[2020-09-11T18:29:08.365+0000][1][gc,start     ] GC(173) Pause Young (Allocation Failure)
[2020-09-11T18:29:08.365+0000][1][gc,task      ] GC(173) Using 1 workers of 1 for evacuation
[2020-09-11T18:29:08.378+0000][1][gc,age       ] GC(173) Desired survivor size 4358144 bytes, new threshold 6 (max threshold 6)
[2020-09-11T18:29:08.378+0000][1][gc,age       ] GC(173) Age table with threshold 6 (max threshold 6)
[2020-09-11T18:29:08.378+0000][1][gc,age       ] GC(173) - age   1:      87968 bytes,      87968 total
[2020-09-11T18:29:08.378+0000][1][gc,age       ] GC(173) - age   2:     268032 bytes,     356000 total
[2020-09-11T18:29:08.378+0000][1][gc,age       ] GC(173) - age   3:     180680 bytes,     536680 total
[2020-09-11T18:29:08.378+0000][1][gc,age       ] GC(173) - age   4:     728848 bytes,    1265528 total
[2020-09-11T18:29:08.378+0000][1][gc,age       ] GC(173) - age   5:      48120 bytes,    1313648 total
[2020-09-11T18:29:08.378+0000][1][gc,age       ] GC(173) - age   6:     113944 bytes,    1427592 total
[2020-09-11T18:29:08.378+0000][1][gc,heap      ] GC(173) ParNew: 70404K->2614K(76672K)
[2020-09-11T18:29:08.378+0000][1][gc,heap      ] GC(173) CMS: 107285K->107289K(439104K)
[2020-09-11T18:29:08.378+0000][1][gc,metaspace ] GC(173) Metaspace: 93109K->93109K(1134592K)
[2020-09-11T18:29:08.378+0000][1][gc           ] GC(173) Pause Young (Allocation Failure) 173M->107M(503M) 12.820ms
[2020-09-11T18:29:08.378+0000][1][gc,cpu       ] GC(173) User=0.01s Sys=0.00s Real=0.01s
[2020-09-11T18:29:08.378+0000][1][safepoint    ] Safepoint "GenCollectForAllocation", Time since last: 791701379 ns, Reaching safepoint: 6435245 ns, At safepoint: 13392572 ns, Total: 19827817 ns
[2020-09-11T18:29:08.681+0000][1][safepoint    ] Safepoint "RevokeBias", Time since last: 302579224 ns, Reaching safepoint: 83876 ns, At safepoint: 21488 ns, Total: 105364 ns
[2020-09-11T18:29:09.681+0000][1][safepoint    ] Safepoint "Cleanup", Time since last: 1000102881 ns, Reaching safepoint: 80099 ns, At safepoint: 8324 ns, Total: 88423 ns
[2020-09-11T18:29:10.681+0000][1][safepoint    ] Safepoint "Cleanup", Time since last: 1000115906 ns, Reaching safepoint: 81030 ns, At safepoint: 8888 ns, Total: 89918 ns
[2020-09-11T18:29:10.719+0000][1][safepoint    ] Safepoint "RevokeBias", Time since last: 37832901 ns, Reaching safepoint: 161087 ns, At safepoint: 23457 ns, Total: 184544 ns
[2020-09-11T18:29:11.720+0000][1][safepoint    ] Safepoint "Cleanup", Time since last: 1000105669 ns, Reaching safepoint: 81551 ns, At safepoint: 9070 ns, Total: 90621 ns
[2020-09-11T18:29:12.720+0000][1][safepoint    ] Safepoint "Cleanup", Time since last: 1000117070 ns, Reaching safepoint: 79823 ns, At safepoint: 6970 ns, Total: 86793 ns
[2020-09-11T18:29:13.720+0000][1][safepoint    ] Safepoint "Cleanup", Time since last: 1000113616 ns, Reaching safepoint: 101546 ns, At safepoint: 8919 ns, Total: 110465 ns
[2020-09-11T18:29:14.720+0000][1][safepoint    ] Safepoint "Cleanup", Time since last: 1000126256 ns, Reaching safepoint: 78439 ns, At safepoint: 8796 ns, Total: 87235 ns
[2020-09-11T18:29:15.720+0000][1][safepoint    ] Safepoint "Cleanup", Time since last: 1000119020 ns, Reaching safepoint: 99882 ns, At safepoint: 9761 ns, Total: 109643 ns
[2020-09-11T18:29:16.523+0000][1][safepoint    ] Safepoint "RevokeBias", Time since last: 802129722 ns, Reaching safepoint: 82654 ns, At safepoint: 21885 ns, Total: 104539 ns
[2020-09-11T18:29:17.524+0000][1][safepoint    ] Safepoint "Cleanup", Time since last: 1001482250 ns, Reaching safepoint: 74168 ns, At safepoint: 7179 ns, Total: 81347 ns
[2020-09-11T18:29:18.524+0000][1][safepoint    ] Safepoint "Cleanup", Time since last: 1000111994 ns, Reaching safepoint: 84222 ns, At safepoint: 6588 ns, Total: 90810 ns
[2020-09-11T18:29:18.562+0000][1][safepoint    ] Safepoint "RevokeBias", Time since last: 37867905 ns, Reaching safepoint: 82351 ns, At safepoint: 23022 ns, Total: 105373 ns
[2020-09-11T18:29:19.563+0000][1][safepoint    ] Safepoint "Cleanup", Time since last: 1000105530 ns, Reaching safepoint: 81823 ns, At safepoint: 8908 ns, Total: 90731 ns
[2020-09-11T18:29:20.563+0000][1][safepoint    ] Safepoint "Cleanup", Time since last: 1000109703 ns, Reaching safepoint: 79270 ns, At safepoint: 8178 ns, Total: 87448 ns
[2020-09-11T18:29:20.745+0000][1][safepoint    ] Safepoint "RevokeBias", Time since last: 182376385 ns, Reaching safepoint: 83266 ns, At safepoint: 22738 ns, Total: 106004 ns
[2020-09-11T18:29:21.745+0000][1][safepoint    ] Safepoint "Cleanup", Time since last: 1000105288 ns, Reaching safepoint: 82310 ns, At safepoint: 9518 ns, Total: 91828 ns
[2020-09-11T18:29:22.746+0000][1][safepoint    ] Safepoint "Cleanup", Time since last: 1000120057 ns, Reaching safepoint: 92232 ns, At safepoint: 8271 ns, Total: 100503 ns
[2020-09-11T18:29:23.746+0000][1][safepoint    ] Safepoint "Cleanup", Time since last: 1000110694 ns, Reaching safepoint: 81252 ns, At safepoint: 7187 ns, Total: 88439 ns
[2020-09-11T18:29:24.746+0000][1][safepoint    ] Safepoint "Cleanup", Time since last: 1000113122 ns, Reaching safepoint: 79025 ns, At safepoint: 8807 ns, Total: 87832 ns
[2020-09-11T18:29:25.746+0000][1][safepoint    ] Safepoint "Cleanup", Time since last: 1000111986 ns, Reaching safepoint: 77822 ns, At safepoint: 7175 ns, Total: 84997 ns
[2020-09-11T18:29:26.564+0000][1][safepoint    ] Safepoint "RevokeBias", Time since last: 817196948 ns, Reaching safepoint: 89281 ns, At safepoint: 22612 ns, Total: 111893 ns
[2020-09-11T18:29:27.564+0000][1][safepoint    ] Safepoint "Cleanup", Time since last: 1000105521 ns, Reaching safepoint: 94131 ns, At safepoint: 8973 ns, Total: 103104 ns
[2020-09-11T18:29:28.538+0000][1][gc,start     ] GC(174) Pause Young (Allocation Failure)
[2020-09-11T18:29:28.538+0000][1][gc,task      ] GC(174) Using 1 workers of 1 for evacuation
[2020-09-11T18:29:28.543+0000][1][gc,age       ] GC(174) Desired survivor size 4358144 bytes, new threshold 6 (max threshold 6)
[2020-09-11T18:29:28.543+0000][1][gc,age       ] GC(174) Age table with threshold 6 (max threshold 6)
[2020-09-11T18:29:28.543+0000][1][gc,age       ] GC(174) - age   1:     363944 bytes,     363944 total
[2020-09-11T18:29:28.543+0000][1][gc,age       ] GC(174) - age   2:      10712 bytes,     374656 total
[2020-09-11T18:29:28.543+0000][1][gc,age       ] GC(174) - age   3:     267720 bytes,     642376 total
[2020-09-11T18:29:28.543+0000][1][gc,age       ] GC(174) - age   4:     180680 bytes,     823056 total
[2020-09-11T18:29:28.543+0000][1][gc,age       ] GC(174) - age   5:     728536 bytes,    1551592 total
[2020-09-11T18:29:28.543+0000][1][gc,age       ] GC(174) - age   6:      48120 bytes,    1599712 total
[2020-09-11T18:29:28.543+0000][1][gc,heap      ] GC(174) ParNew: 70740K->1699K(76672K)
[2020-09-11T18:29:28.543+0000][1][gc,heap      ] GC(174) CMS: 107289K->107401K(439104K)
[2020-09-11T18:29:28.543+0000][1][gc,metaspace ] GC(174) Metaspace: 93162K->93162K(1134592K)
[2020-09-11T18:29:28.543+0000][1][gc           ] GC(174) Pause Young (Allocation Failure) 173M->106M(503M) 5.061ms
[2020-09-11T18:29:28.543+0000][1][gc,cpu       ] GC(174) User=0.01s Sys=0.00s Real=0.01s
[2020-09-11T18:29:28.543+0000][1][safepoint    ] Safepoint "GenCollectForAllocation", Time since last: 973810518 ns, Reaching safepoint: 79753 ns, At safepoint: 5146809 ns, Total: 5226562 ns
[2020-09-11T18:29:28.615+0000][1][safepoint    ] Safepoint "RevokeBias", Time since last: 72203546 ns, Reaching safepoint: 85475 ns, At safepoint: 23343 ns, Total: 108818 ns
[2020-09-11T18:29:29.615+0000][1][safepoint    ] Safepoint "Cleanup", Time since last: 1000106696 ns, Reaching safepoint: 81488 ns, At safepoint: 9123 ns, Total: 90611 ns
[2020-09-11T18:29:30.616+0000][1][safepoint    ] Safepoint "Cleanup", Time since last: 1000117048 ns, Reaching safepoint: 80171 ns, At safepoint: 9153 ns, Total: 89324 ns
[2020-09-11T18:29:30.768+0000][1][safepoint    ] Safepoint "RevokeBias", Time since last: 151918673 ns, Reaching safepoint: 82410 ns, At safepoint: 23006 ns, Total: 105416 ns
[2020-09-11T18:29:31.768+0000][1][safepoint    ] Safepoint "Cleanup", Time since last: 1000169114 ns, Reaching safepoint: 391497 ns, At safepoint: 7232 ns, Total: 398729 ns
[2020-09-11T18:29:32.768+0000][1][safepoint    ] Safepoint "Cleanup", Time since last: 1000106733 ns, Reaching safepoint: 86457 ns, At safepoint: 7497 ns, Total: 93954 ns
[2020-09-11T18:29:33.769+0000][1][safepoint    ] Safepoint "Cleanup", Time since last: 1000115869 ns, Reaching safepoint: 82714 ns, At safepoint: 9610 ns, Total: 92324 ns
[2020-09-11T18:29:34.769+0000][1][safepoint    ] Safepoint "Cleanup", Time since last: 1000119764 ns, Reaching safepoint: 105432 ns, At safepoint: 8845 ns, Total: 114277 ns
[2020-09-11T18:29:35.769+0000][1][safepoint    ] Safepoint "Cleanup", Time since last: 1000120153 ns, Reaching safepoint: 93941 ns, At safepoint: 10413 ns, Total: 104354 ns
[2020-09-11T18:29:36.521+0000][1][safepoint    ] Safepoint "RevokeBias", Time since last: 751552363 ns, Reaching safepoint: 82281 ns, At safepoint: 21537 ns, Total: 103818 ns
[2020-09-11T18:29:37.521+0000][1][safepoint    ] Safepoint "Cleanup", Time since last: 1000090518 ns, Reaching safepoint: 78552 ns, At safepoint: 6852 ns, Total: 85404 ns
[2020-09-11T18:29:38.521+0000][1][safepoint    ] Safepoint "Cleanup", Time since last: 1000109561 ns, Reaching safepoint: 137068 ns, At safepoint: 8619 ns, Total: 145687 ns
[2020-09-11T18:29:38.600+0000][1][safepoint    ] Safepoint "RevokeBias", Time since last: 78345032 ns, Reaching safepoint: 85349 ns, At safepoint: 22729 ns, Total: 108078 ns
[2020-09-11T18:29:39.600+0000][1][safepoint    ] Safepoint "Cleanup", Time since last: 1000107938 ns, Reaching safepoint: 82733 ns, At safepoint: 9056 ns, Total: 91789 ns
[2020-09-11T18:29:40.600+0000][1][safepoint    ] Safepoint "Cleanup", Time since last: 1000119013 ns, Reaching safepoint: 78124 ns, At safepoint: 6879 ns, Total: 85003 ns
[2020-09-11T18:29:40.724+0000][1][safepoint    ] Safepoint "RevokeBias", Time since last: 123850048 ns, Reaching safepoint: 87145 ns, At safepoint: 22391 ns, Total: 109536 ns
[2020-09-11T18:29:41.724+0000][1][safepoint    ] Safepoint "Cleanup", Time since last: 1000109763 ns, Reaching safepoint: 81173 ns, At safepoint: 8424 ns, Total: 89597 ns
[2020-09-11T18:29:42.724+0000][1][safepoint    ] Safepoint "Cleanup", Time since last: 1000143884 ns, Reaching safepoint: 81870 ns, At safepoint: 8772 ns, Total: 90642 ns
[2020-09-11T18:29:43.725+0000][1][safepoint    ] Safepoint "Cleanup", Time since last: 1000121774 ns, Reaching safepoint: 108445 ns, At safepoint: 13855 ns, Total: 122300 ns
[2020-09-11T18:29:44.725+0000][1][safepoint    ] Safepoint "Cleanup", Time since last: 1000200390 ns, Reaching safepoint: 177944 ns, At safepoint: 17708 ns, Total: 195652 ns
[2020-09-11T18:29:45.725+0000][1][safepoint    ] Safepoint "Cleanup", Time since last: 1000132601 ns, Reaching safepoint: 82172 ns, At safepoint: 9749 ns, Total: 91921 ns
[2020-09-11T18:29:46.597+0000][1][safepoint    ] Safepoint "RevokeBias", Time since last: 871955750 ns, Reaching safepoint: 85239 ns, At safepoint: 22848 ns, Total: 108087 ns
[2020-09-11T18:29:47.597+0000][1][safepoint    ] Safepoint "Cleanup", Time since last: 1000117641 ns, Reaching safepoint: 76002 ns, At safepoint: 6881 ns, Total: 82883 ns
[2020-09-11T18:29:48.571+0000][1][safepoint    ] Safepoint "RevokeBias", Time since last: 973627154 ns, Reaching safepoint: 81756 ns, At safepoint: 21129 ns, Total: 102885 ns
[2020-09-11T18:29:49.571+0000][1][safepoint    ] Safepoint "Cleanup", Time since last: 1000109493 ns, Reaching safepoint: 75699 ns, At safepoint: 6930 ns, Total: 82629 ns
[2020-09-11T18:29:49.941+0000][1][gc,start     ] GC(175) Pause Young (Allocation Failure)
[2020-09-11T18:29:49.941+0000][1][gc,task      ] GC(175) Using 1 workers of 1 for evacuation
[2020-09-11T18:29:49.951+0000][1][gc,age       ] GC(175) Desired survivor size 4358144 bytes, new threshold 6 (max threshold 6)
[2020-09-11T18:29:49.951+0000][1][gc,age       ] GC(175) Age table with threshold 6 (max threshold 6)
[2020-09-11T18:29:49.951+0000][1][gc,age       ] GC(175) - age   1:      81296 bytes,      81296 total
[2020-09-11T18:29:49.951+0000][1][gc,age       ] GC(175) - age   2:     213664 bytes,     294960 total
[2020-09-11T18:29:49.951+0000][1][gc,age       ] GC(175) - age   3:       8832 bytes,     303792 total
[2020-09-11T18:29:49.951+0000][1][gc,age       ] GC(175) - age   4:     267720 bytes,     571512 total
[2020-09-11T18:29:49.951+0000][1][gc,age       ] GC(175) - age   5:     180680 bytes,     752192 total
[2020-09-11T18:29:49.951+0000][1][gc,age       ] GC(175) - age   6:     728536 bytes,    1480728 total
[2020-09-11T18:29:49.951+0000][1][gc,heap      ] GC(175) ParNew: 69859K->2768K(76672K)
[2020-09-11T18:29:49.951+0000][1][gc,heap      ] GC(175) CMS: 107401K->107448K(439104K)
[2020-09-11T18:29:49.951+0000][1][gc,metaspace ] GC(175) Metaspace: 93164K->93164K(1134592K)
[2020-09-11T18:29:49.951+0000][1][gc           ] GC(175) Pause Young (Allocation Failure) 173M->107M(503M) 10.301ms
[2020-09-11T18:29:49.951+0000][1][gc,cpu       ] GC(175) User=0.01s Sys=0.00s Real=0.00s
[2020-09-11T18:29:49.951+0000][1][safepoint    ] Safepoint "GenCollectForAllocation", Time since last: 367566581 ns, Reaching safepoint: 1862081 ns, At safepoint: 10373816 ns, Total: 12235897 ns
[2020-09-11T18:29:50.715+0000][1][safepoint    ] Safepoint "RevokeBias", Time since last: 763637903 ns, Reaching safepoint: 82313 ns, At safepoint: 25173 ns, Total: 107486 ns
[2020-09-11T18:29:51.715+0000][1][safepoint    ] Safepoint "Cleanup", Time since last: 1000103251 ns, Reaching safepoint: 82451 ns, At safepoint: 7971 ns, Total: 90422 ns
[2020-09-11T18:29:52.715+0000][1][safepoint    ] Safepoint "Cleanup", Time since last: 1000109677 ns, Reaching safepoint: 81932 ns, At safepoint: 8597 ns, Total: 90529 ns
[2020-09-11T18:29:53.716+0000][1][safepoint    ] Safepoint "Cleanup", Time since last: 1000114966 ns, Reaching safepoint: 80959 ns, At safepoint: 9661 ns, Total: 90620 ns
[2020-09-11T18:29:54.716+0000][1][safepoint    ] Safepoint "Cleanup", Time since last: 1000117426 ns, Reaching safepoint: 85580 ns, At safepoint: 9158 ns, Total: 94738 ns
[2020-09-11T18:29:55.716+0000][1][safepoint    ] Safepoint "Cleanup", Time since last: 1000115851 ns, Reaching safepoint: 81181 ns, At safepoint: 9313 ns, Total: 90494 ns
[2020-09-11T18:29:56.575+0000][1][safepoint    ] Safepoint "RevokeBias", Time since last: 859063607 ns, Reaching safepoint: 88265 ns, At safepoint: 24202 ns, Total: 112467 ns
[2020-09-11T18:29:57.575+0000][1][safepoint    ] Safepoint "Cleanup", Time since last: 1000108093 ns, Reaching safepoint: 80961 ns, At safepoint: 8543 ns, Total: 89504 ns
[2020-09-11T18:29:58.538+0000][1][safepoint    ] Safepoint "BulkRevokeBias", Time since last: 962202829 ns, Reaching safepoint: 84497 ns, At safepoint: 210082 ns, Total: 294579 ns
[2020-09-11T18:30:00.733+0000][1][safepoint    ] Safepoint "RevokeBias", Time since last: 2194855307 ns, Reaching safepoint: 139187 ns, At safepoint: 22524 ns, Total: 161711 ns
[2020-09-11T18:30:06.606+0000][1][safepoint    ] Safepoint "RevokeBias", Time since last: 5872745263 ns, Reaching safepoint: 86304 ns, At safepoint: 22578 ns, Total: 108882 ns
[2020-09-11T18:30:08.489+0000][1][gc,start     ] GC(176) Pause Young (Allocation Failure)
[2020-09-11T18:30:08.489+0000][1][gc,task      ] GC(176) Using 1 workers of 1 for evacuation
[2020-09-11T18:30:08.498+0000][1][gc,age       ] GC(176) Desired survivor size 4358144 bytes, new threshold 6 (max threshold 6)
[2020-09-11T18:30:08.498+0000][1][gc,age       ] GC(176) Age table with threshold 6 (max threshold 6)
[2020-09-11T18:30:08.498+0000][1][gc,age       ] GC(176) - age   1:     150672 bytes,     150672 total
[2020-09-11T18:30:08.498+0000][1][gc,age       ] GC(176) - age   2:      33416 bytes,     184088 total
[2020-09-11T18:30:08.498+0000][1][gc,age       ] GC(176) - age   3:     210088 bytes,     394176 total
[2020-09-11T18:30:08.498+0000][1][gc,age       ] GC(176) - age   4:       8232 bytes,     402408 total
[2020-09-11T18:30:08.498+0000][1][gc,age       ] GC(176) - age   5:     267376 bytes,     669784 total
[2020-09-11T18:30:08.498+0000][1][gc,age       ] GC(176) - age   6:     180680 bytes,     850464 total
[2020-09-11T18:30:08.498+0000][1][gc,heap      ] GC(176) ParNew: 70928K->888K(76672K)
[2020-09-11T18:30:08.498+0000][1][gc,heap      ] GC(176) CMS: 107448K->108159K(439104K)
[2020-09-11T18:30:08.498+0000][1][gc,metaspace ] GC(176) Metaspace: 93164K->93164K(1134592K)
[2020-09-11T18:30:08.498+0000][1][gc           ] GC(176) Pause Young (Allocation Failure) 174M->106M(503M) 9.344ms
[2020-09-11T18:30:08.498+0000][1][gc,cpu       ] GC(176) User=0.00s Sys=0.00s Real=0.01s
[2020-09-11T18:30:08.498+0000][1][safepoint    ] Safepoint "GenCollectForAllocation", Time since last: 1880196973 ns, Reaching safepoint: 3071474 ns, At safepoint: 9410728 ns, Total: 12482202 ns
[2020-09-11T18:30:08.526+0000][1][safepoint    ] Safepoint "RevokeBias", Time since last: 27751756 ns, Reaching safepoint: 83580 ns, At safepoint: 35242 ns, Total: 118822 ns
[2020-09-11T18:30:10.711+0000][1][safepoint    ] Safepoint "RevokeBias", Time since last: 2184731367 ns, Reaching safepoint: 86726 ns, At safepoint: 23959 ns, Total: 110685 ns
[2020-09-11T18:30:16.579+0000][1][safepoint    ] Safepoint "RevokeBias", Time since last: 5867845443 ns, Reaching safepoint: 105413 ns, At safepoint: 23054 ns, Total: 128467 ns
[2020-09-11T18:30:18.532+0000][1][safepoint    ] Safepoint "RevokeBias", Time since last: 1952796806 ns, Reaching safepoint: 106927 ns, At safepoint: 23588 ns, Total: 130515 ns
[2020-09-11T18:30:20.769+0000][1][safepoint    ] Safepoint "RevokeBias", Time since last: 2236882462 ns, Reaching safepoint: 89777 ns, At safepoint: 25901 ns, Total: 115678 ns
[2020-09-11T18:30:26.547+0000][1][safepoint    ] Safepoint "RevokeBias", Time since last: 5777647024 ns, Reaching safepoint: 83626 ns, At safepoint: 22206 ns, Total: 105832 ns
[2020-09-11T18:30:28.547+0000][1][safepoint    ] Safepoint "Cleanup", Time since last: 2000191916 ns, Reaching safepoint: 82402 ns, At safepoint: 7340 ns, Total: 89742 ns
[2020-09-11T18:30:28.576+0000][1][safepoint    ] Safepoint "RevokeBias", Time since last: 28964438 ns, Reaching safepoint: 84335 ns, At safepoint: 22634 ns, Total: 106969 ns
[2020-09-11T18:30:29.989+0000][1][gc,start     ] GC(177) Pause Young (Allocation Failure)
[2020-09-11T18:30:29.989+0000][1][gc,task      ] GC(177) Using 1 workers of 1 for evacuation
[2020-09-11T18:30:29.999+0000][1][gc,age       ] GC(177) Desired survivor size 4358144 bytes, new threshold 6 (max threshold 6)
[2020-09-11T18:30:29.999+0000][1][gc,age       ] GC(177) Age table with threshold 6 (max threshold 6)
[2020-09-11T18:30:29.999+0000][1][gc,age       ] GC(177) - age   1:     158416 bytes,     158416 total
[2020-09-11T18:30:29.999+0000][1][gc,age       ] GC(177) - age   2:      15928 bytes,     174344 total
[2020-09-11T18:30:29.999+0000][1][gc,age       ] GC(177) - age   3:      28608 bytes,     202952 total
[2020-09-11T18:30:29.999+0000][1][gc,age       ] GC(177) - age   4:     210088 bytes,     413040 total
[2020-09-11T18:30:29.999+0000][1][gc,age       ] GC(177) - age   5:       7920 bytes,     420960 total
[2020-09-11T18:30:29.999+0000][1][gc,age       ] GC(177) - age   6:     267376 bytes,     688336 total
[2020-09-11T18:30:29.999+0000][1][gc,heap      ] GC(177) ParNew: 69048K->844K(76672K)
[2020-09-11T18:30:29.999+0000][1][gc,heap      ] GC(177) CMS: 108159K->108336K(439104K)
[2020-09-11T18:30:29.999+0000][1][gc,metaspace ] GC(177) Metaspace: 93173K->93173K(1134592K)
[2020-09-11T18:30:29.999+0000][1][gc           ] GC(177) Pause Young (Allocation Failure) 173M->106M(503M) 9.931ms
[2020-09-11T18:30:29.999+0000][1][gc,cpu       ] GC(177) User=0.00s Sys=0.00s Real=0.01s
[2020-09-11T18:30:29.999+0000][1][safepoint    ] Safepoint "GenCollectForAllocation", Time since last: 1409098616 ns, Reaching safepoint: 3791492 ns, At safepoint: 10001930 ns, Total: 13793422 ns
[2020-09-11T18:30:30.776+0000][1][safepoint    ] Safepoint "RevokeBias", Time since last: 777252967 ns, Reaching safepoint: 92222 ns, At safepoint: 39557 ns, Total: 131779 ns
[2020-09-11T18:30:35.778+0000][1][safepoint    ] Safepoint "Cleanup", Time since last: 5001286027 ns, Reaching safepoint: 83014 ns, At safepoint: 7436 ns, Total: 90450 ns
[2020-09-11T18:30:36.512+0000][1][safepoint    ] Safepoint "RevokeBias", Time since last: 734343868 ns, Reaching safepoint: 85331 ns, At safepoint: 21631 ns, Total: 106962 ns
[2020-09-11T18:30:38.513+0000][1][safepoint    ] Safepoint "Cleanup", Time since last: 2000199709 ns, Reaching safepoint: 83073 ns, At safepoint: 6971 ns, Total: 90044 ns
[2020-09-11T18:30:38.619+0000][1][safepoint    ] Safepoint "RevokeBias", Time since last: 105983105 ns, Reaching safepoint: 84271 ns, At safepoint: 22222 ns, Total: 106493 ns
[2020-09-11T18:30:40.619+0000][1][safepoint    ] Safepoint "Cleanup", Time since last: 2000181508 ns, Reaching safepoint: 86397 ns, At safepoint: 7426 ns, Total: 93823 ns
[2020-09-11T18:30:40.858+0000][1][safepoint    ] Safepoint "RevokeBias", Time since last: 239166103 ns, Reaching safepoint: 90522 ns, At safepoint: 24866 ns, Total: 115388 ns
[2020-09-11T18:30:46.582+0000][1][safepoint    ] Safepoint "RevokeBias", Time since last: 5723324335 ns, Reaching safepoint: 84275 ns, At safepoint: 22207 ns, Total: 106482 ns
[2020-09-11T18:30:48.449+0000][1][gc,start     ] GC(178) Pause Young (Allocation Failure)
[2020-09-11T18:30:48.449+0000][1][gc,task      ] GC(178) Using 1 workers of 1 for evacuation
[2020-09-11T18:30:48.457+0000][1][gc,age       ] GC(178) Desired survivor size 4358144 bytes, new threshold 6 (max threshold 6)
[2020-09-11T18:30:48.457+0000][1][gc,age       ] GC(178) Age table with threshold 6 (max threshold 6)
[2020-09-11T18:30:48.457+0000][1][gc,age       ] GC(178) - age   1:      84464 bytes,      84464 total
[2020-09-11T18:30:48.457+0000][1][gc,age       ] GC(178) - age   2:     108760 bytes,     193224 total
[2020-09-11T18:30:48.457+0000][1][gc,age       ] GC(178) - age   3:      14048 bytes,     207272 total
[2020-09-11T18:30:48.457+0000][1][gc,age       ] GC(178) - age   4:      28608 bytes,     235880 total
[2020-09-11T18:30:48.457+0000][1][gc,age       ] GC(178) - age   5:     210088 bytes,     445968 total
[2020-09-11T18:30:48.457+0000][1][gc,age       ] GC(178) - age   6:       7920 bytes,     453888 total
[2020-09-11T18:30:48.457+0000][1][gc,heap      ] GC(178) ParNew: 69004K->715K(76672K)
[2020-09-11T18:30:48.457+0000][1][gc,heap      ] GC(178) CMS: 108336K->108597K(439104K)
[2020-09-11T18:30:48.457+0000][1][gc,metaspace ] GC(178) Metaspace: 93173K->93173K(1134592K)
[2020-09-11T18:30:48.457+0000][1][gc           ] GC(178) Pause Young (Allocation Failure) 173M->106M(503M) 7.341ms
[2020-09-11T18:30:48.457+0000][1][gc,cpu       ] GC(178) User=0.00s Sys=0.00s Real=0.01s
[2020-09-11T18:30:48.457+0000][1][safepoint    ] Safepoint "GenCollectForAllocation", Time since last: 1867596244 ns, Reaching safepoint: 152641 ns, At safepoint: 7462699 ns, Total: 7615340 ns
[2020-09-11T18:30:48.637+0000][1][safepoint    ] Safepoint "RevokeBias", Time since last: 180514181 ns, Reaching safepoint: 84689 ns, At safepoint: 22172 ns, Total: 106861 ns
[2020-09-11T18:30:50.735+0000][1][safepoint    ] Safepoint "RevokeBias", Time since last: 2097701793 ns, Reaching safepoint: 83453 ns, At safepoint: 21684 ns, Total: 105137 ns
[2020-09-11T18:30:56.537+0000][1][safepoint    ] Safepoint "RevokeBias", Time since last: 5801509158 ns, Reaching safepoint: 108819 ns, At safepoint: 23018 ns, Total: 131837 ns
[2020-09-11T18:30:58.516+0000][1][safepoint    ] Safepoint "RevokeBias", Time since last: 1978683819 ns, Reaching safepoint: 86136 ns, At safepoint: 23117 ns, Total: 109253 ns
[2020-09-11T18:31:00.713+0000][1][safepoint    ] Safepoint "RevokeBias", Time since last: 2196953830 ns, Reaching safepoint: 84681 ns, At safepoint: 22219 ns, Total: 106900 ns
[2020-09-11T18:31:06.598+0000][1][safepoint    ] Safepoint "RevokeBias", Time since last: 5885127031 ns, Reaching safepoint: 94749 ns, At safepoint: 22560 ns, Total: 117309 ns
[2020-09-11T18:31:08.073+0000][1][gc,start     ] GC(179) Pause Young (Allocation Failure)
[2020-09-11T18:31:08.073+0000][1][gc,task      ] GC(179) Using 1 workers of 1 for evacuation
[2020-09-11T18:31:08.081+0000][1][gc,age       ] GC(179) Desired survivor size 4358144 bytes, new threshold 6 (max threshold 6)
[2020-09-11T18:31:08.081+0000][1][gc,age       ] GC(179) Age table with threshold 6 (max threshold 6)
[2020-09-11T18:31:08.081+0000][1][gc,age       ] GC(179) - age   1:     329504 bytes,     329504 total
[2020-09-11T18:31:08.081+0000][1][gc,age       ] GC(179) - age   2:      14840 bytes,     344344 total
[2020-09-11T18:31:08.081+0000][1][gc,age       ] GC(179) - age   3:     103472 bytes,     447816 total
[2020-09-11T18:31:08.081+0000][1][gc,age       ] GC(179) - age   4:      13728 bytes,     461544 total
[2020-09-11T18:31:08.081+0000][1][gc,age       ] GC(179) - age   5:      28608 bytes,     490152 total
[2020-09-11T18:31:08.081+0000][1][gc,age       ] GC(179) - age   6:     209776 bytes,     699928 total
[2020-09-11T18:31:08.081+0000][1][gc,heap      ] GC(179) ParNew: 68875K->1022K(76672K)
[2020-09-11T18:31:08.081+0000][1][gc,heap      ] GC(179) CMS: 108597K->108604K(439104K)
[2020-09-11T18:31:08.081+0000][1][gc,metaspace ] GC(179) Metaspace: 93174K->93174K(1134592K)
[2020-09-11T18:31:08.081+0000][1][gc           ] GC(179) Pause Young (Allocation Failure) 173M->107M(503M) 8.516ms
[2020-09-11T18:31:08.081+0000][1][gc,cpu       ] GC(179) User=0.01s Sys=0.00s Real=0.02s
[2020-09-11T18:31:08.089+0000][1][safepoint    ] Safepoint "GenCollectForAllocation", Time since last: 1474341289 ns, Reaching safepoint: 229104 ns, At safepoint: 16271000 ns, Total: 16500104 ns
[2020-09-11T18:31:08.624+0000][1][safepoint    ] Safepoint "RevokeBias", Time since last: 534718812 ns, Reaching safepoint: 97411 ns, At safepoint: 21771 ns, Total: 119182 ns
[2020-09-11T18:31:10.764+0000][1][safepoint    ] Safepoint "RevokeBias", Time since last: 2139795863 ns, Reaching safepoint: 91563 ns, At safepoint: 26855 ns, Total: 118418 ns
[2020-09-11T18:31:11.764+0000][1][safepoint    ] Safepoint "Cleanup", Time since last: 1000114973 ns, Reaching safepoint: 89144 ns, At safepoint: 9804 ns, Total: 98948 ns
[2020-09-11T18:31:16.595+0000][1][safepoint    ] Safepoint "RevokeBias", Time since last: 4831096218 ns, Reaching safepoint: 93545 ns, At safepoint: 24003 ns, Total: 117548 ns
[2020-09-11T18:31:17.595+0000][1][safepoint    ] Safepoint "Cleanup", Time since last: 1000109080 ns, Reaching safepoint: 109193 ns, At safepoint: 9312 ns, Total: 118505 ns
[2020-09-11T18:31:18.582+0000][1][safepoint    ] Safepoint "RevokeBias", Time since last: 987062570 ns, Reaching safepoint: 92390 ns, At safepoint: 21700 ns, Total: 114090 ns
[2020-09-11T18:31:20.770+0000][1][safepoint    ] Safepoint "RevokeBias", Time since last: 2187428936 ns, Reaching safepoint: 99201 ns, At safepoint: 27058 ns, Total: 126259 ns
[2020-09-11T18:31:23.770+0000][1][safepoint    ] Safepoint "Cleanup", Time since last: 3000255368 ns, Reaching safepoint: 87344 ns, At safepoint: 9041 ns, Total: 96385 ns
[2020-09-11T18:31:26.523+0000][1][safepoint    ] Safepoint "RevokeBias", Time since last: 2752111500 ns, Reaching safepoint: 87229 ns, At safepoint: 21104 ns, Total: 108333 ns
[2020-09-11T18:31:27.523+0000][1][safepoint    ] Safepoint "Cleanup", Time since last: 1000107538 ns, Reaching safepoint: 90829 ns, At safepoint: 7534 ns, Total: 98363 ns
[2020-09-11T18:31:28.466+0000][1][gc,start     ] GC(180) Pause Young (Allocation Failure)
[2020-09-11T18:31:28.466+0000][1][gc,task      ] GC(180) Using 1 workers of 1 for evacuation
[2020-09-11T18:31:28.471+0000][1][gc,age       ] GC(180) Desired survivor size 4358144 bytes, new threshold 6 (max threshold 6)
[2020-09-11T18:31:28.471+0000][1][gc,age       ] GC(180) Age table with threshold 6 (max threshold 6)
[2020-09-11T18:31:28.471+0000][1][gc,age       ] GC(180) - age   1:     171944 bytes,     171944 total
[2020-09-11T18:31:28.471+0000][1][gc,age       ] GC(180) - age   2:     207504 bytes,     379448 total
[2020-09-11T18:31:28.471+0000][1][gc,age       ] GC(180) - age   3:      12512 bytes,     391960 total
[2020-09-11T18:31:28.471+0000][1][gc,age       ] GC(180) - age   4:     103472 bytes,     495432 total
[2020-09-11T18:31:28.471+0000][1][gc,age       ] GC(180) - age   5:      13728 bytes,     509160 total
[2020-09-11T18:31:28.471+0000][1][gc,age       ] GC(180) - age   6:      28608 bytes,     537768 total
[2020-09-11T18:31:28.471+0000][1][gc,heap      ] GC(180) ParNew: 69172K->640K(76672K)
[2020-09-11T18:31:28.471+0000][1][gc,heap      ] GC(180) CMS: 108604K->108809K(439104K)
[2020-09-11T18:31:28.471+0000][1][gc,metaspace ] GC(180) Metaspace: 93178K->93178K(1134592K)
[2020-09-11T18:31:28.471+0000][1][gc           ] GC(180) Pause Young (Allocation Failure) 173M->106M(503M) 5.549ms
[2020-09-11T18:31:28.471+0000][1][gc,cpu       ] GC(180) User=0.00s Sys=0.00s Real=0.00s
[2020-09-11T18:31:28.471+0000][1][safepoint    ] Safepoint "GenCollectForAllocation", Time since last: 942605952 ns, Reaching safepoint: 181034 ns, At safepoint: 5646663 ns, Total: 5827697 ns
[2020-09-11T18:31:28.576+0000][1][safepoint    ] Safepoint "BulkRevokeBias", Time since last: 104570241 ns, Reaching safepoint: 86564 ns, At safepoint: 239968 ns, Total: 326532 ns
[2020-09-11T18:31:29.576+0000][1][safepoint    ] Safepoint "Cleanup", Time since last: 1000110570 ns, Reaching safepoint: 86500 ns, At safepoint: 9701 ns, Total: 96201 ns
[2020-09-11T18:31:30.576+0000][1][safepoint    ] Safepoint "Cleanup", Time since last: 1000111437 ns, Reaching safepoint: 88165 ns, At safepoint: 8505 ns, Total: 96670 ns
[2020-09-11T18:31:30.732+0000][1][safepoint    ] Safepoint "RevokeBias", Time since last: 155506229 ns, Reaching safepoint: 87628 ns, At safepoint: 21246 ns, Total: 108874 ns
[2020-09-11T18:31:36.528+0000][1][safepoint    ] Safepoint "RevokeBias", Time since last: 5795852776 ns, Reaching safepoint: 85236 ns, At safepoint: 22289 ns, Total: 107525 ns
[2020-09-11T18:31:38.528+0000][1][safepoint    ] Safepoint "Cleanup", Time since last: 2000197158 ns, Reaching safepoint: 181484 ns, At safepoint: 8463 ns, Total: 189947 ns
[2020-09-11T18:31:38.668+0000][1][safepoint    ] Safepoint "RevokeBias", Time since last: 139151932 ns, Reaching safepoint: 87613 ns, At safepoint: 21457 ns, Total: 109070 ns
[2020-09-11T18:31:40.725+0000][1][safepoint    ] Safepoint "RevokeBias", Time since last: 2056974702 ns, Reaching safepoint: 175925 ns, At safepoint: 24043 ns, Total: 199968 ns
[2020-09-11T18:31:46.517+0000][1][safepoint    ] Safepoint "RevokeBias", Time since last: 5791762534 ns, Reaching safepoint: 87968 ns, At safepoint: 55098 ns, Total: 143066 ns
[2020-09-11T18:31:48.517+0000][1][safepoint    ] Safepoint "Cleanup", Time since last: 2000180747 ns, Reaching safepoint: 122165 ns, At safepoint: 7458 ns, Total: 129623 ns
[2020-09-11T18:31:48.549+0000][1][safepoint    ] Safepoint "RevokeBias", Time since last: 32112866 ns, Reaching safepoint: 84403 ns, At safepoint: 21620 ns, Total: 106023 ns
[2020-09-11T18:31:50.713+0000][1][safepoint    ] Safepoint "RevokeBias", Time since last: 2163862327 ns, Reaching safepoint: 85636 ns, At safepoint: 21558 ns, Total: 107194 ns
[2020-09-11T18:31:52.887+0000][1][gc,start     ] GC(181) Pause Young (Allocation Failure)
[2020-09-11T18:31:52.887+0000][1][gc,task      ] GC(181) Using 1 workers of 1 for evacuation
[2020-09-11T18:31:52.895+0000][1][gc,age       ] GC(181) Desired survivor size 4358144 bytes, new threshold 6 (max threshold 6)
[2020-09-11T18:31:52.895+0000][1][gc,age       ] GC(181) Age table with threshold 6 (max threshold 6)
[2020-09-11T18:31:52.895+0000][1][gc,age       ] GC(181) - age   1:     867872 bytes,     867872 total
[2020-09-11T18:31:52.895+0000][1][gc,age       ] GC(181) - age   2:      37896 bytes,     905768 total
[2020-09-11T18:31:52.895+0000][1][gc,age       ] GC(181) - age   3:     205592 bytes,    1111360 total
[2020-09-11T18:31:52.895+0000][1][gc,age       ] GC(181) - age   4:      12512 bytes,    1123872 total
[2020-09-11T18:31:52.895+0000][1][gc,age       ] GC(181) - age   5:     103472 bytes,    1227344 total
[2020-09-11T18:31:52.895+0000][1][gc,age       ] GC(181) - age   6:      13728 bytes,    1241072 total
[2020-09-11T18:31:52.895+0000][1][gc,heap      ] GC(181) ParNew: 68800K->1661K(76672K)
[2020-09-11T18:31:52.896+0000][1][gc,heap      ] GC(181) CMS: 108809K->108837K(439104K)
[2020-09-11T18:31:52.896+0000][1][gc,metaspace ] GC(181) Metaspace: 93187K->93187K(1134592K)
[2020-09-11T18:31:52.896+0000][1][gc           ] GC(181) Pause Young (Allocation Failure) 173M->107M(503M) 9.031ms
[2020-09-11T18:31:52.896+0000][1][gc,cpu       ] GC(181) User=0.01s Sys=0.00s Real=0.01s
[2020-09-11T18:31:52.896+0000][1][safepoint    ] Safepoint "GenCollectForAllocation", Time since last: 2173076356 ns, Reaching safepoint: 156318 ns, At safepoint: 9102536 ns, Total: 9258854 ns
[2020-09-11T18:31:56.585+0000][1][safepoint    ] Safepoint "RevokeBias", Time since last: 3688886831 ns, Reaching safepoint: 91274 ns, At safepoint: 24905 ns, Total: 116179 ns
[2020-09-11T18:31:57.585+0000][1][safepoint    ] Safepoint "Cleanup", Time since last: 1000112586 ns, Reaching safepoint: 106279 ns, At safepoint: 8969 ns, Total: 115248 ns
[2020-09-11T18:31:58.532+0000][1][safepoint    ] Safepoint "RevokeBias", Time since last: 946706285 ns, Reaching safepoint: 93243 ns, At safepoint: 22735 ns, Total: 115978 ns
[2020-09-11T18:31:59.532+0000][1][safepoint    ] Safepoint "Cleanup", Time since last: 1000108779 ns, Reaching safepoint: 85689 ns, At safepoint: 8925 ns, Total: 94614 ns
[2020-09-11T18:32:00.715+0000][1][safepoint    ] Safepoint "RevokeBias", Time since last: 1182912850 ns, Reaching safepoint: 94543 ns, At safepoint: 22198 ns, Total: 116741 ns
[2020-09-11T18:32:01.715+0000][1][safepoint    ] Safepoint "Cleanup", Time since last: 1000109638 ns, Reaching safepoint: 86718 ns, At safepoint: 9416 ns, Total: 96134 ns
[2020-09-11T18:32:02.715+0000][1][safepoint    ] Safepoint "Cleanup", Time since last: 1000116810 ns, Reaching safepoint: 86198 ns, At safepoint: 7706 ns, Total: 93904 ns
[2020-09-11T18:32:06.525+0000][1][safepoint    ] Safepoint "RevokeBias", Time since last: 3809891949 ns, Reaching safepoint: 86092 ns, At safepoint: 21731 ns, Total: 107823 ns
[2020-09-11T18:32:08.526+0000][1][safepoint    ] Safepoint "Cleanup", Time since last: 2000697141 ns, Reaching safepoint: 85687 ns, At safepoint: 7583 ns, Total: 93270 ns
[2020-09-11T18:32:08.544+0000][1][safepoint    ] Safepoint "RevokeBias", Time since last: 18131343 ns, Reaching safepoint: 87244 ns, At safepoint: 22151 ns, Total: 109395 ns
[2020-09-11T18:32:10.736+0000][1][gc,start     ] GC(182) Pause Young (Allocation Failure)
[2020-09-11T18:32:10.736+0000][1][gc,task      ] GC(182) Using 1 workers of 1 for evacuation
[2020-09-11T18:32:10.740+0000][1][gc,age       ] GC(182) Desired survivor size 4358144 bytes, new threshold 6 (max threshold 6)
[2020-09-11T18:32:10.740+0000][1][gc,age       ] GC(182) Age table with threshold 6 (max threshold 6)
[2020-09-11T18:32:10.740+0000][1][gc,age       ] GC(182) - age   1:      88880 bytes,      88880 total
[2020-09-11T18:32:10.740+0000][1][gc,age       ] GC(182) - age   2:     817472 bytes,     906352 total
[2020-09-11T18:32:10.740+0000][1][gc,age       ] GC(182) - age   3:      35248 bytes,     941600 total
[2020-09-11T18:32:10.740+0000][1][gc,age       ] GC(182) - age   4:     205304 bytes,    1146904 total
[2020-09-11T18:32:10.740+0000][1][gc,age       ] GC(182) - age   5:      12512 bytes,    1159416 total
[2020-09-11T18:32:10.740+0000][1][gc,age       ] GC(182) - age   6:     103472 bytes,    1262888 total
[2020-09-11T18:32:10.740+0000][1][gc,heap      ] GC(182) ParNew: 69821K->2094K(76672K)
[2020-09-11T18:32:10.740+0000][1][gc,heap      ] GC(182) CMS: 108837K->108851K(439104K)
[2020-09-11T18:32:10.740+0000][1][gc,metaspace ] GC(182) Metaspace: 93192K->93192K(1134592K)
[2020-09-11T18:32:10.741+0000][1][gc           ] GC(182) Pause Young (Allocation Failure) 174M->108M(503M) 4.918ms
[2020-09-11T18:32:10.741+0000][1][gc,cpu       ] GC(182) User=0.00s Sys=0.00s Real=0.00s
[2020-09-11T18:32:10.745+0000][1][safepoint    ] Safepoint "GenCollectForAllocation", Time since last: 2191048240 ns, Reaching safepoint: 189491 ns, At safepoint: 9306899 ns, Total: 9496390 ns
[2020-09-11T18:32:10.837+0000][1][safepoint    ] Safepoint "RevokeBias", Time since last: 91909596 ns, Reaching safepoint: 90694 ns, At safepoint: 36767 ns, Total: 127461 ns
[2020-09-11T18:32:16.521+0000][1][safepoint    ] Safepoint "RevokeBias", Time since last: 5684183810 ns, Reaching safepoint: 93846 ns, At safepoint: 25425 ns, Total: 119271 ns
[2020-09-11T18:32:18.508+0000][1][safepoint    ] Safepoint "RevokeBias", Time since last: 1986386714 ns, Reaching safepoint: 86100 ns, At safepoint: 21943 ns, Total: 108043 ns
[2020-09-11T18:32:20.508+0000][1][safepoint    ] Safepoint "Cleanup", Time since last: 2000187714 ns, Reaching safepoint: 85510 ns, At safepoint: 9488 ns, Total: 94998 ns
[2020-09-11T18:32:20.736+0000][1][safepoint    ] Safepoint "RevokeBias", Time since last: 227745284 ns, Reaching safepoint: 85083 ns, At safepoint: 21532 ns, Total: 106615 ns
[2020-09-11T18:32:21.736+0000][1][safepoint    ] Safepoint "Cleanup", Time since last: 1000113701 ns, Reaching safepoint: 91229 ns, At safepoint: 9758 ns, Total: 100987 ns
[2020-09-11T18:32:24.736+0000][1][safepoint    ] Safepoint "Cleanup", Time since last: 3000283981 ns, Reaching safepoint: 87233 ns, At safepoint: 9810 ns, Total: 97043 ns
[2020-09-11T18:32:26.524+0000][1][safepoint    ] Safepoint "RevokeBias", Time since last: 1787160754 ns, Reaching safepoint: 84613 ns, At safepoint: 21500 ns, Total: 106113 ns
[2020-09-11T18:32:27.524+0000][1][safepoint    ] Safepoint "Cleanup", Time since last: 1000111438 ns, Reaching safepoint: 87729 ns, At safepoint: 9497 ns, Total: 97226 ns
[2020-09-11T18:32:28.524+0000][1][safepoint    ] Safepoint "Cleanup", Time since last: 1000114396 ns, Reaching safepoint: 148325 ns, At safepoint: 8423 ns, Total: 156748 ns
[2020-09-11T18:32:28.540+0000][1][safepoint    ] Safepoint "RevokeBias", Time since last: 15423502 ns, Reaching safepoint: 85486 ns, At safepoint: 22617 ns, Total: 108103 ns
[2020-09-11T18:32:30.713+0000][1][safepoint    ] Safepoint "RevokeBias", Time since last: 2173401380 ns, Reaching safepoint: 86030 ns, At safepoint: 22216 ns, Total: 108246 ns
[2020-09-11T18:32:31.713+0000][1][safepoint    ] Safepoint "Cleanup", Time since last: 1000106572 ns, Reaching safepoint: 80001 ns, At safepoint: 6963 ns, Total: 86964 ns
[2020-09-11T18:32:32.714+0000][1][safepoint    ] Safepoint "Cleanup", Time since last: 1000114316 ns, Reaching safepoint: 82860 ns, At safepoint: 9654 ns, Total: 92514 ns
[2020-09-11T18:32:33.714+0000][1][safepoint    ] Safepoint "Cleanup", Time since last: 1000109726 ns, Reaching safepoint: 81486 ns, At safepoint: 9172 ns, Total: 90658 ns
[2020-09-11T18:32:34.714+0000][1][safepoint    ] Safepoint "Cleanup", Time since last: 1000113270 ns, Reaching safepoint: 83393 ns, At safepoint: 8269 ns, Total: 91662 ns
[2020-09-11T18:32:35.714+0000][1][safepoint    ] Safepoint "Cleanup", Time since last: 1000112033 ns, Reaching safepoint: 81916 ns, At safepoint: 8927 ns, Total: 90843 ns
[2020-09-11T18:32:36.505+0000][1][gc,start     ] GC(183) Pause Young (Allocation Failure)
[2020-09-11T18:32:36.505+0000][1][gc,task      ] GC(183) Using 1 workers of 1 for evacuation
[2020-09-11T18:32:36.515+0000][1][gc,age       ] GC(183) Desired survivor size 4358144 bytes, new threshold 6 (max threshold 6)
[2020-09-11T18:32:36.515+0000][1][gc,age       ] GC(183) Age table with threshold 6 (max threshold 6)
[2020-09-11T18:32:36.515+0000][1][gc,age       ] GC(183) - age   1:     261952 bytes,     261952 total
[2020-09-11T18:32:36.515+0000][1][gc,age       ] GC(183) - age   2:      23448 bytes,     285400 total
[2020-09-11T18:32:36.515+0000][1][gc,age       ] GC(183) - age   3:     813280 bytes,    1098680 total
[2020-09-11T18:32:36.515+0000][1][gc,age       ] GC(183) - age   4:      35248 bytes,    1133928 total
[2020-09-11T18:32:36.515+0000][1][gc,age       ] GC(183) - age   5:     205304 bytes,    1339232 total
[2020-09-11T18:32:36.515+0000][1][gc,age       ] GC(183) - age   6:      12512 bytes,    1351744 total
[2020-09-11T18:32:36.515+0000][1][gc,heap      ] GC(183) ParNew: 70254K->1448K(76672K)
[2020-09-11T18:32:36.515+0000][1][gc,heap      ] GC(183) CMS: 108851K->108951K(439104K)
[2020-09-11T18:32:36.515+0000][1][gc,metaspace ] GC(183) Metaspace: 93193K->93193K(1134592K)
[2020-09-11T18:32:36.515+0000][1][gc           ] GC(183) Pause Young (Allocation Failure) 174M->107M(503M) 10.013ms
[2020-09-11T18:32:36.515+0000][1][gc,cpu       ] GC(183) User=0.01s Sys=0.00s Real=0.01s
[2020-09-11T18:32:36.515+0000][1][safepoint    ] Safepoint "GenCollectForAllocation", Time since last: 786570803 ns, Reaching safepoint: 4049802 ns, At safepoint: 10111969 ns, Total: 14161771 ns
[2020-09-11T18:32:36.588+0000][1][safepoint    ] Safepoint "RevokeBias", Time since last: 72569747 ns, Reaching safepoint: 87091 ns, At safepoint: 35163 ns, Total: 122254 ns
[2020-09-11T18:32:37.589+0000][1][safepoint    ] Safepoint "Cleanup", Time since last: 1001217898 ns, Reaching safepoint: 87820 ns, At safepoint: 9194 ns, Total: 97014 ns
[2020-09-11T18:32:38.589+0000][1][safepoint    ] Safepoint "Cleanup", Time since last: 1000112090 ns, Reaching safepoint: 133281 ns, At safepoint: 10370 ns, Total: 143651 ns
[2020-09-11T18:32:38.613+0000][1][safepoint    ] Safepoint "RevokeBias", Time since last: 23566645 ns, Reaching safepoint: 82931 ns, At safepoint: 21923 ns, Total: 104854 ns
[2020-09-11T18:32:39.613+0000][1][safepoint    ] Safepoint "Cleanup", Time since last: 1000103262 ns, Reaching safepoint: 87119 ns, At safepoint: 9498 ns, Total: 96617 ns
[2020-09-11T18:32:40.613+0000][1][safepoint    ] Safepoint "Cleanup", Time since last: 1000108101 ns, Reaching safepoint: 82679 ns, At safepoint: 9619 ns, Total: 92298 ns
[2020-09-11T18:32:40.714+0000][1][safepoint    ] Safepoint "RevokeBias", Time since last: 100209511 ns, Reaching safepoint: 162067 ns, At safepoint: 23879 ns, Total: 185946 ns
[2020-09-11T18:32:41.714+0000][1][safepoint    ] Safepoint "Cleanup", Time since last: 1000106191 ns, Reaching safepoint: 93783 ns, At safepoint: 9441 ns, Total: 103224 ns
[2020-09-11T18:32:42.714+0000][1][safepoint    ] Safepoint "Cleanup", Time since last: 1000115534 ns, Reaching safepoint: 85763 ns, At safepoint: 9092 ns, Total: 94855 ns
[2020-09-11T18:32:43.714+0000][1][safepoint    ] Safepoint "Cleanup", Time since last: 1000113572 ns, Reaching safepoint: 85356 ns, At safepoint: 8770 ns, Total: 94126 ns
[2020-09-11T18:32:44.715+0000][1][safepoint    ] Safepoint "Cleanup", Time since last: 1000115566 ns, Reaching safepoint: 82287 ns, At safepoint: 8961 ns, Total: 91248 ns
[2020-09-11T18:32:45.715+0000][1][safepoint    ] Safepoint "Cleanup", Time since last: 1000114476 ns, Reaching safepoint: 80268 ns, At safepoint: 8120 ns, Total: 88388 ns
[2020-09-11T18:32:46.573+0000][1][safepoint    ] Safepoint "RevokeBias", Time since last: 858377601 ns, Reaching safepoint: 91199 ns, At safepoint: 26039 ns, Total: 117238 ns
[2020-09-11T18:32:47.573+0000][1][safepoint    ] Safepoint "Cleanup", Time since last: 1000111421 ns, Reaching safepoint: 88840 ns, At safepoint: 10434 ns, Total: 99274 ns
[2020-09-11T18:32:48.574+0000][1][safepoint    ] Safepoint "Cleanup", Time since last: 1000114267 ns, Reaching safepoint: 80459 ns, At safepoint: 6890 ns, Total: 87349 ns
[2020-09-11T18:32:48.586+0000][1][safepoint    ] Safepoint "RevokeBias", Time since last: 12456599 ns, Reaching safepoint: 85713 ns, At safepoint: 21984 ns, Total: 107697 ns
[2020-09-11T18:32:49.586+0000][1][safepoint    ] Safepoint "Cleanup", Time since last: 1000118462 ns, Reaching safepoint: 105098 ns, At safepoint: 9112 ns, Total: 114210 ns
[2020-09-11T18:32:50.120+0000][1][gc,start     ] GC(184) Pause Young (Allocation Failure)
[2020-09-11T18:32:50.120+0000][1][gc,task      ] GC(184) Using 1 workers of 1 for evacuation
[2020-09-11T18:32:50.124+0000][1][gc,age       ] GC(184) Desired survivor size 4358144 bytes, new threshold 6 (max threshold 6)
[2020-09-11T18:32:50.124+0000][1][gc,age       ] GC(184) Age table with threshold 6 (max threshold 6)
[2020-09-11T18:32:50.124+0000][1][gc,age       ] GC(184) - age   1:     275928 bytes,     275928 total
[2020-09-11T18:32:50.124+0000][1][gc,age       ] GC(184) - age   2:     137920 bytes,     413848 total
[2020-09-11T18:32:50.124+0000][1][gc,age       ] GC(184) - age   3:      22800 bytes,     436648 total
[2020-09-11T18:32:50.124+0000][1][gc,age       ] GC(184) - age   4:     813248 bytes,    1249896 total
[2020-09-11T18:32:50.124+0000][1][gc,age       ] GC(184) - age   5:      35248 bytes,    1285144 total
[2020-09-11T18:32:50.124+0000][1][gc,age       ] GC(184) - age   6:     205304 bytes,    1490448 total
[2020-09-11T18:32:50.125+0000][1][gc,heap      ] GC(184) ParNew: 69608K->2342K(76672K)
[2020-09-11T18:32:50.125+0000][1][gc,heap      ] GC(184) CMS: 108951K->108964K(439104K)
[2020-09-11T18:32:50.125+0000][1][gc,metaspace ] GC(184) Metaspace: 93237K->93237K(1134592K)
[2020-09-11T18:32:50.125+0000][1][gc           ] GC(184) Pause Young (Allocation Failure) 174M->108M(503M) 4.652ms
[2020-09-11T18:32:50.125+0000][1][gc,cpu       ] GC(184) User=0.00s Sys=0.00s Real=0.01s
[2020-09-11T18:32:50.128+0000][1][safepoint    ] Safepoint "GenCollectForAllocation", Time since last: 533272573 ns, Reaching safepoint: 159779 ns, At safepoint: 8164321 ns, Total: 8324100 ns
[2020-09-11T18:32:50.724+0000][1][safepoint    ] Safepoint "RevokeBias", Time since last: 595467821 ns, Reaching safepoint: 86361 ns, At safepoint: 36016 ns, Total: 122377 ns
[2020-09-11T18:32:51.725+0000][1][safepoint    ] Safepoint "Cleanup", Time since last: 1000784628 ns, Reaching safepoint: 91539 ns, At safepoint: 22815 ns, Total: 114354 ns
[2020-09-11T18:32:52.725+0000][1][safepoint    ] Safepoint "Cleanup", Time since last: 1000118353 ns, Reaching safepoint: 82805 ns, At safepoint: 40632 ns, Total: 123437 ns
[2020-09-11T18:32:53.725+0000][1][safepoint    ] Safepoint "Cleanup", Time since last: 1000118088 ns, Reaching safepoint: 89095 ns, At safepoint: 25041 ns, Total: 114136 ns
[2020-09-11T18:32:54.725+0000][1][safepoint    ] Safepoint "Cleanup", Time since last: 1000117715 ns, Reaching safepoint: 83102 ns, At safepoint: 24014 ns, Total: 107116 ns
[2020-09-11T18:32:55.725+0000][1][safepoint    ] Safepoint "Cleanup", Time since last: 1000115381 ns, Reaching safepoint: 81977 ns, At safepoint: 9070 ns, Total: 91047 ns
[2020-09-11T18:32:56.537+0000][1][safepoint    ] Safepoint "RevokeBias", Time since last: 811179925 ns, Reaching safepoint: 85656 ns, At safepoint: 21981 ns, Total: 107637 ns
[2020-09-11T18:32:57.537+0000][1][safepoint    ] Safepoint "Cleanup", Time since last: 1000137036 ns, Reaching safepoint: 79822 ns, At safepoint: 6782 ns, Total: 86604 ns
[2020-09-11T18:32:58.541+0000][1][safepoint    ] Safepoint "Cleanup", Time since last: 1003817877 ns, Reaching safepoint: 83534 ns, At safepoint: 7282 ns, Total: 90816 ns
[2020-09-11T18:32:58.929+0000][1][safepoint    ] Safepoint "BulkRevokeBias", Time since last: 387819356 ns, Reaching safepoint: 161019 ns, At safepoint: 241344 ns, Total: 402363 ns
[2020-09-11T18:32:59.929+0000][1][safepoint    ] Safepoint "Cleanup", Time since last: 1000143874 ns, Reaching safepoint: 128373 ns, At safepoint: 7822 ns, Total: 136195 ns
[2020-09-11T18:33:00.707+0000][1][safepoint    ] Safepoint "RevokeBias", Time since last: 777573129 ns, Reaching safepoint: 199516 ns, At safepoint: 23152 ns, Total: 222668 ns
[2020-09-11T18:33:01.707+0000][1][safepoint    ] Safepoint "Cleanup", Time since last: 1000164192 ns, Reaching safepoint: 124216 ns, At safepoint: 8833 ns, Total: 133049 ns
[2020-09-11T18:33:02.708+0000][1][safepoint    ] Safepoint "Cleanup", Time since last: 1000163599 ns, Reaching safepoint: 164328 ns, At safepoint: 19047 ns, Total: 183375 ns
[2020-09-11T18:33:03.708+0000][1][safepoint    ] Safepoint "Cleanup", Time since last: 1000212800 ns, Reaching safepoint: 115197 ns, At safepoint: 8083 ns, Total: 123280 ns
[2020-09-11T18:33:04.708+0000][1][safepoint    ] Safepoint "Cleanup", Time since last: 1000175755 ns, Reaching safepoint: 113955 ns, At safepoint: 15886 ns, Total: 129841 ns
[2020-09-11T18:33:05.709+0000][1][safepoint    ] Safepoint "Cleanup", Time since last: 1000186136 ns, Reaching safepoint: 121120 ns, At safepoint: 7474 ns, Total: 128594 ns
[2020-09-11T18:33:06.513+0000][1][safepoint    ] Safepoint "RevokeBias", Time since last: 804591829 ns, Reaching safepoint: 88203 ns, At safepoint: 21091 ns, Total: 109294 ns
[2020-09-11T18:33:07.514+0000][1][safepoint    ] Safepoint "Cleanup", Time since last: 1000140259 ns, Reaching safepoint: 154812 ns, At safepoint: 17303 ns, Total: 172115 ns
[2020-09-11T18:33:08.489+0000][1][safepoint    ] Safepoint "RevokeBias", Time since last: 975154740 ns, Reaching safepoint: 103310 ns, At safepoint: 27493 ns, Total: 130803 ns
[2020-09-11T18:33:09.489+0000][1][safepoint    ] Safepoint "Cleanup", Time since last: 1000180834 ns, Reaching safepoint: 193204 ns, At safepoint: 17390 ns, Total: 210594 ns
[2020-09-11T18:33:10.490+0000][1][safepoint    ] Safepoint "Cleanup", Time since last: 1000206520 ns, Reaching safepoint: 182603 ns, At safepoint: 17534 ns, Total: 200137 ns
[2020-09-11T18:33:10.852+0000][1][safepoint    ] Safepoint "RevokeBias", Time since last: 361976510 ns, Reaching safepoint: 91453 ns, At safepoint: 37367 ns, Total: 128820 ns
[2020-09-11T18:33:11.852+0000][1][safepoint    ] Safepoint "Cleanup", Time since last: 1000149198 ns, Reaching safepoint: 149855 ns, At safepoint: 7579 ns, Total: 157434 ns
[2020-09-11T18:33:12.071+0000][1][gc,start     ] GC(185) Pause Young (Allocation Failure)
[2020-09-11T18:33:12.071+0000][1][gc,task      ] GC(185) Using 1 workers of 1 for evacuation
[2020-09-11T18:33:12.086+0000][1][gc,age       ] GC(185) Desired survivor size 4358144 bytes, new threshold 6 (max threshold 6)
[2020-09-11T18:33:12.086+0000][1][gc,age       ] GC(185) Age table with threshold 6 (max threshold 6)
[2020-09-11T18:33:12.087+0000][1][gc,age       ] GC(185) - age   1:     359352 bytes,     359352 total
[2020-09-11T18:33:12.087+0000][1][gc,age       ] GC(185) - age   2:     227896 bytes,     587248 total
[2020-09-11T18:33:12.087+0000][1][gc,age       ] GC(185) - age   3:     130600 bytes,     717848 total
[2020-09-11T18:33:12.087+0000][1][gc,age       ] GC(185) - age   4:      22512 bytes,     740360 total
[2020-09-11T18:33:12.087+0000][1][gc,age       ] GC(185) - age   5:     813248 bytes,    1553608 total
[2020-09-11T18:33:12.087+0000][1][gc,age       ] GC(185) - age   6:      35248 bytes,    1588856 total
[2020-09-11T18:33:12.087+0000][1][gc,heap      ] GC(185) ParNew: 70502K->2768K(76672K)
[2020-09-11T18:33:12.087+0000][1][gc,heap      ] GC(185) CMS: 108964K->109164K(439104K)
[2020-09-11T18:33:12.087+0000][1][gc,metaspace ] GC(185) Metaspace: 93244K->93244K(1134592K)
[2020-09-11T18:33:12.087+0000][1][gc           ] GC(185) Pause Young (Allocation Failure) 175M->109M(503M) 15.697ms
[2020-09-11T18:33:12.087+0000][1][gc,cpu       ] GC(185) User=0.00s Sys=0.00s Real=0.02s
[2020-09-11T18:33:12.099+0000][1][safepoint    ] Safepoint "GenCollectForAllocation", Time since last: 208876576 ns, Reaching safepoint: 9745997 ns, At safepoint: 27690843 ns, Total: 37436840 ns
[2020-09-11T18:33:13.106+0000][1][safepoint    ] Safepoint "Cleanup", Time since last: 1007543399 ns, Reaching safepoint: 88097 ns, At safepoint: 22452 ns, Total: 110549 ns
[2020-09-11T18:33:14.106+0000][1][safepoint    ] Safepoint "Cleanup", Time since last: 1000113796 ns, Reaching safepoint: 86725 ns, At safepoint: 21054 ns, Total: 107779 ns
[2020-09-11T18:33:15.110+0000][1][safepoint    ] Safepoint "Cleanup", Time since last: 1000107167 ns, Reaching safepoint: 2733441 ns, At safepoint: 291563 ns, Total: 3025004 ns
[2020-09-11T18:33:16.110+0000][1][safepoint    ] Safepoint "Cleanup", Time since last: 1000115830 ns, Reaching safepoint: 78855 ns, At safepoint: 5988 ns, Total: 84843 ns
[2020-09-11T18:33:16.528+0000][1][safepoint    ] Safepoint "RevokeBias", Time since last: 418464147 ns, Reaching safepoint: 86859 ns, At safepoint: 22204 ns, Total: 109063 ns
[2020-09-11T18:33:18.551+0000][1][safepoint    ] Safepoint "RevokeBias", Time since last: 2022076556 ns, Reaching safepoint: 88375 ns, At safepoint: 21975 ns, Total: 110350 ns
[2020-09-11T18:33:20.551+0000][1][safepoint    ] Safepoint "Cleanup", Time since last: 2000186353 ns, Reaching safepoint: 122021 ns, At safepoint: 10108 ns, Total: 132129 ns
[2020-09-11T18:33:20.833+0000][1][safepoint    ] Safepoint "RevokeBias", Time since last: 282050548 ns, Reaching safepoint: 104496 ns, At safepoint: 25965 ns, Total: 130461 ns
[2020-09-11T18:33:21.833+0000][1][safepoint    ] Safepoint "Cleanup", Time since last: 1000112982 ns, Reaching safepoint: 88327 ns, At safepoint: 9198 ns, Total: 97525 ns
[2020-09-11T18:33:23.834+0000][1][safepoint    ] Safepoint "Cleanup", Time since last: 2000180171 ns, Reaching safepoint: 86746 ns, At safepoint: 6666 ns, Total: 93412 ns
[2020-09-11T18:33:26.518+0000][1][safepoint    ] Safepoint "RevokeBias", Time since last: 2684732063 ns, Reaching safepoint: 96221 ns, At safepoint: 26717 ns, Total: 122938 ns
[2020-09-11T18:33:28.641+0000][1][safepoint    ] Safepoint "RevokeBias", Time since last: 2122566650 ns, Reaching safepoint: 91298 ns, At safepoint: 23405 ns, Total: 114703 ns
[2020-09-11T18:33:30.717+0000][1][safepoint    ] Safepoint "RevokeBias", Time since last: 2075724476 ns, Reaching safepoint: 92143 ns, At safepoint: 24448 ns, Total: 116591 ns
[2020-09-11T18:33:36.501+0000][1][gc,start     ] GC(186) Pause Young (Allocation Failure)
[2020-09-11T18:33:36.501+0000][1][gc,task      ] GC(186) Using 1 workers of 1 for evacuation
[2020-09-11T18:33:36.510+0000][1][gc,age       ] GC(186) Desired survivor size 4358144 bytes, new threshold 6 (max threshold 6)
[2020-09-11T18:33:36.510+0000][1][gc,age       ] GC(186) Age table with threshold 6 (max threshold 6)
[2020-09-11T18:33:36.510+0000][1][gc,age       ] GC(186) - age   1:     116272 bytes,     116272 total
[2020-09-11T18:33:36.510+0000][1][gc,age       ] GC(186) - age   2:     231320 bytes,     347592 total
[2020-09-11T18:33:36.510+0000][1][gc,age       ] GC(186) - age   3:     224872 bytes,     572464 total
[2020-09-11T18:33:36.510+0000][1][gc,age       ] GC(186) - age   4:     130600 bytes,     703064 total
[2020-09-11T18:33:36.510+0000][1][gc,age       ] GC(186) - age   5:      22512 bytes,     725576 total
[2020-09-11T18:33:36.510+0000][1][gc,age       ] GC(186) - age   6:     813248 bytes,    1538824 total
[2020-09-11T18:33:36.510+0000][1][gc,heap      ] GC(186) ParNew: 70928K->1855K(76672K)
[2020-09-11T18:33:36.510+0000][1][gc,heap      ] GC(186) CMS: 109164K->109199K(439104K)
[2020-09-11T18:33:36.510+0000][1][gc,metaspace ] GC(186) Metaspace: 93250K->93250K(1134592K)
[2020-09-11T18:33:36.510+0000][1][gc           ] GC(186) Pause Young (Allocation Failure) 175M->108M(503M) 9.592ms
[2020-09-11T18:33:36.510+0000][1][gc,cpu       ] GC(186) User=0.01s Sys=0.00s Real=0.00s
[2020-09-11T18:33:36.511+0000][1][safepoint    ] Safepoint "GenCollectForAllocation", Time since last: 5781508326 ns, Reaching safepoint: 2435210 ns, At safepoint: 9689725 ns, Total: 12124935 ns
[2020-09-11T18:33:36.541+0000][1][safepoint    ] Safepoint "RevokeBias", Time since last: 29908001 ns, Reaching safepoint: 90830 ns, At safepoint: 23909 ns, Total: 114739 ns
[2020-09-11T18:33:37.541+0000][1][safepoint    ] Safepoint "Cleanup", Time since last: 1000117681 ns, Reaching safepoint: 100628 ns, At safepoint: 6464 ns, Total: 107092 ns
[2020-09-11T18:33:38.542+0000][1][safepoint    ] Safepoint "Cleanup", Time since last: 1000796062 ns, Reaching safepoint: 90834 ns, At safepoint: 6001 ns, Total: 96835 ns
[2020-09-11T18:33:38.669+0000][1][safepoint    ] Safepoint "RevokeBias", Time since last: 127267064 ns, Reaching safepoint: 83687 ns, At safepoint: 21505 ns, Total: 105192 ns
[2020-09-11T18:33:39.669+0000][1][safepoint    ] Safepoint "Cleanup", Time since last: 1000108012 ns, Reaching safepoint: 83372 ns, At safepoint: 8820 ns, Total: 92192 ns
[2020-09-11T18:33:40.669+0000][1][safepoint    ] Safepoint "Cleanup", Time since last: 1000114652 ns, Reaching safepoint: 82115 ns, At safepoint: 6622 ns, Total: 88737 ns
[2020-09-11T18:33:40.712+0000][1][safepoint    ] Safepoint "RevokeBias", Time since last: 42572255 ns, Reaching safepoint: 87520 ns, At safepoint: 21680 ns, Total: 109200 ns
[2020-09-11T18:33:41.712+0000][1][safepoint    ] Safepoint "Cleanup", Time since last: 1000113102 ns, Reaching safepoint: 86150 ns, At safepoint: 8460 ns, Total: 94610 ns
[2020-09-11T18:33:42.713+0000][1][safepoint    ] Safepoint "Cleanup", Time since last: 1000115346 ns, Reaching safepoint: 102379 ns, At safepoint: 8446 ns, Total: 110825 ns
[2020-09-11T18:33:43.713+0000][1][safepoint    ] Safepoint "Cleanup", Time since last: 1000118402 ns, Reaching safepoint: 107304 ns, At safepoint: 6985 ns, Total: 114289 ns
[2020-09-11T18:33:44.269+0000][1][safepoint    ] Safepoint "RevokeBias", Time since last: 556054102 ns, Reaching safepoint: 77061 ns, At safepoint: 46577 ns, Total: 123638 ns
[2020-09-11T18:33:44.276+0000][1][safepoint    ] Safepoint "BulkRevokeBias", Time since last: 6318478 ns, Reaching safepoint: 219824 ns, At safepoint: 234776 ns, Total: 454600 ns
[2020-09-11T18:33:44.306+0000][1][safepoint    ] Safepoint "Deoptimize", Time since last: 28978725 ns, Reaching safepoint: 214733 ns, At safepoint: 1270976 ns, Total: 1485709 ns
[2020-09-11T18:33:44.312+0000][1][safepoint    ] Safepoint "RevokeBias", Time since last: 5368833 ns, Reaching safepoint: 187912 ns, At safepoint: 21301 ns, Total: 209213 ns
[2020-09-11T18:33:44.321+0000][1][safepoint    ] Safepoint "RevokeBias", Time since last: 9106377 ns, Reaching safepoint: 269696 ns, At safepoint: 22844 ns, Total: 292540 ns
[2020-09-11T18:33:44.453+0000][1][safepoint    ] Safepoint "Deoptimize", Time since last: 130713246 ns, Reaching safepoint: 249011 ns, At safepoint: 1059844 ns, Total: 1308855 ns
[2020-09-11T18:33:44.455+0000][1][safepoint    ] Safepoint "Deoptimize", Time since last: 695684 ns, Reaching safepoint: 192412 ns, At safepoint: 1022977 ns, Total: 1215389 ns
[2020-09-11T18:33:44.460+0000][1][safepoint    ] Safepoint "Deoptimize", Time since last: 4184877 ns, Reaching safepoint: 195884 ns, At safepoint: 975461 ns, Total: 1171345 ns
[2020-09-11T18:33:44.462+0000][1][safepoint    ] Safepoint "Deoptimize", Time since last: 647984 ns, Reaching safepoint: 182767 ns, At safepoint: 954418 ns, Total: 1137185 ns
[2020-09-11T18:33:44.507+0000][1][safepoint    ] Safepoint "Deoptimize", Time since last: 43506643 ns, Reaching safepoint: 187964 ns, At safepoint: 952990 ns, Total: 1140954 ns
[2020-09-11T18:33:44.571+0000][1][safepoint    ] Safepoint "RevokeBias", Time since last: 63390245 ns, Reaching safepoint: 169471 ns, At safepoint: 25363 ns, Total: 194834 ns
[2020-09-11T18:33:44.571+0000][1][safepoint    ] Safepoint "RevokeBias", Time since last: 68323 ns, Reaching safepoint: 136987 ns, At safepoint: 16820 ns, Total: 153807 ns
[2020-09-11T18:33:45.571+0000][1][safepoint    ] Safepoint "Cleanup", Time since last: 1000087704 ns, Reaching safepoint: 94716 ns, At safepoint: 5989 ns, Total: 100705 ns
[2020-09-11T18:33:46.517+0000][1][safepoint    ] Safepoint "RevokeBias", Time since last: 946100874 ns, Reaching safepoint: 95981 ns, At safepoint: 21492 ns, Total: 117473 ns
[2020-09-11T18:33:47.517+0000][1][safepoint    ] Safepoint "Cleanup", Time since last: 1000110882 ns, Reaching safepoint: 90186 ns, At safepoint: 8998 ns, Total: 99184 ns
[2020-09-11T18:33:48.521+0000][1][safepoint    ] Safepoint "Cleanup", Time since last: 1003423294 ns, Reaching safepoint: 91329 ns, At safepoint: 9667 ns, Total: 100996 ns
[2020-09-11T18:33:48.587+0000][1][safepoint    ] Safepoint "RevokeBias", Time since last: 66336572 ns, Reaching safepoint: 98852 ns, At safepoint: 21831 ns, Total: 120683 ns
[2020-09-11T18:33:49.588+0000][1][safepoint    ] Safepoint "Cleanup", Time since last: 1000139791 ns, Reaching safepoint: 85900 ns, At safepoint: 7456 ns, Total: 93356 ns
[2020-09-11T18:33:50.791+0000][1][safepoint    ] Safepoint "RevokeBias", Time since last: 1203386032 ns, Reaching safepoint: 95700 ns, At safepoint: 21953 ns, Total: 117653 ns
[2020-09-11T18:33:51.791+0000][1][safepoint    ] Safepoint "Cleanup", Time since last: 1000122298 ns, Reaching safepoint: 88189 ns, At safepoint: 7181 ns, Total: 95370 ns
[2020-09-11T18:33:52.791+0000][1][safepoint    ] Safepoint "Cleanup", Time since last: 1000119834 ns, Reaching safepoint: 91956 ns, At safepoint: 6658 ns, Total: 98614 ns
[2020-09-11T18:33:53.792+0000][1][safepoint    ] Safepoint "Cleanup", Time since last: 1000123764 ns, Reaching safepoint: 93310 ns, At safepoint: 8476 ns, Total: 101786 ns
[2020-09-11T18:33:55.195+0000][1][gc,start     ] GC(187) Pause Young (Allocation Failure)
[2020-09-11T18:33:55.195+0000][1][gc,task      ] GC(187) Using 1 workers of 1 for evacuation
[2020-09-11T18:33:55.206+0000][1][gc,age       ] GC(187) Desired survivor size 4358144 bytes, new threshold 6 (max threshold 6)
[2020-09-11T18:33:55.206+0000][1][gc,age       ] GC(187) Age table with threshold 6 (max threshold 6)
[2020-09-11T18:33:55.206+0000][1][gc,age       ] GC(187) - age   1:     411872 bytes,     411872 total
[2020-09-11T18:33:55.206+0000][1][gc,age       ] GC(187) - age   2:      47840 bytes,     459712 total
[2020-09-11T18:33:55.206+0000][1][gc,age       ] GC(187) - age   3:     226864 bytes,     686576 total
[2020-09-11T18:33:55.206+0000][1][gc,age       ] GC(187) - age   4:     224872 bytes,     911448 total
[2020-09-11T18:33:55.206+0000][1][gc,age       ] GC(187) - age   5:     130600 bytes,    1042048 total
[2020-09-11T18:33:55.206+0000][1][gc,age       ] GC(187) - age   6:      22416 bytes,    1064464 total
[2020-09-11T18:33:55.206+0000][1][gc,heap      ] GC(187) ParNew: 70015K->1359K(76672K)
[2020-09-11T18:33:55.206+0000][1][gc,heap      ] GC(187) CMS: 109199K->109993K(439104K)
[2020-09-11T18:33:55.206+0000][1][gc,metaspace ] GC(187) Metaspace: 94551K->94551K(1136640K)
[2020-09-11T18:33:55.206+0000][1][gc           ] GC(187) Pause Young (Allocation Failure) 175M->108M(503M) 11.697ms
[2020-09-11T18:33:55.206+0000][1][gc,cpu       ] GC(187) User=0.01s Sys=0.00s Real=0.01s
[2020-09-11T18:33:55.206+0000][1][safepoint    ] Safepoint "GenCollectForAllocation", Time since last: 1402702761 ns, Reaching safepoint: 267775 ns, At safepoint: 11773754 ns, Total: 12041529 ns
[2020-09-11T18:33:56.527+0000][1][safepoint    ] Safepoint "RevokeBias", Time since last: 1320144129 ns, Reaching safepoint: 112308 ns, At safepoint: 26163 ns, Total: 138471 ns
[2020-09-11T18:33:57.527+0000][1][safepoint    ] Safepoint "Cleanup", Time since last: 1000093243 ns, Reaching safepoint: 171253 ns, At safepoint: 17126 ns, Total: 188379 ns
[2020-09-11T18:33:58.533+0000][1][safepoint    ] Safepoint "Cleanup", Time since last: 1005792702 ns, Reaching safepoint: 255029 ns, At safepoint: 10315 ns, Total: 265344 ns
[2020-09-11T18:33:58.620+0000][1][safepoint    ] Safepoint "RevokeBias", Time since last: 86910650 ns, Reaching safepoint: 91169 ns, At safepoint: 22350 ns, Total: 113519 ns
[2020-09-11T18:33:59.620+0000][1][safepoint    ] Safepoint "Cleanup", Time since last: 1000123601 ns, Reaching safepoint: 164160 ns, At safepoint: 16094 ns, Total: 180254 ns
[2020-09-11T18:34:00.784+0000][1][safepoint    ] Safepoint "RevokeBias", Time since last: 1163270946 ns, Reaching safepoint: 183811 ns, At safepoint: 24018 ns, Total: 207829 ns
[2020-09-11T18:34:05.784+0000][1][safepoint    ] Safepoint "Cleanup", Time since last: 5000478187 ns, Reaching safepoint: 92624 ns, At safepoint: 8750 ns, Total: 101374 ns
[2020-09-11T18:34:06.595+0000][1][safepoint    ] Safepoint "RevokeBias", Time since last: 810602080 ns, Reaching safepoint: 96494 ns, At safepoint: 26347 ns, Total: 122841 ns
[2020-09-11T18:34:08.536+0000][1][safepoint    ] Safepoint "RevokeBias", Time since last: 1940636794 ns, Reaching safepoint: 97964 ns, At safepoint: 26841 ns, Total: 124805 ns
[2020-09-11T18:34:09.536+0000][1][safepoint    ] Safepoint "Cleanup", Time since last: 1000151441 ns, Reaching safepoint: 137886 ns, At safepoint: 10293 ns, Total: 148179 ns
[2020-09-11T18:34:10.719+0000][1][safepoint    ] Safepoint "RevokeBias", Time since last: 1182064367 ns, Reaching safepoint: 188874 ns, At safepoint: 30393 ns, Total: 219267 ns
[2020-09-11T18:34:13.265+0000][1][gc,start     ] GC(188) Pause Young (Allocation Failure)
[2020-09-11T18:34:13.265+0000][1][gc,task      ] GC(188) Using 1 workers of 1 for evacuation
[2020-09-11T18:34:13.276+0000][1][gc,age       ] GC(188) Desired survivor size 4358144 bytes, new threshold 6 (max threshold 6)
[2020-09-11T18:34:13.276+0000][1][gc,age       ] GC(188) Age table with threshold 6 (max threshold 6)
[2020-09-11T18:34:13.276+0000][1][gc,age       ] GC(188) - age   1:      69072 bytes,      69072 total
[2020-09-11T18:34:13.276+0000][1][gc,age       ] GC(188) - age   2:     362248 bytes,     431320 total
[2020-09-11T18:34:13.276+0000][1][gc,age       ] GC(188) - age   3:      41104 bytes,     472424 total
[2020-09-11T18:34:13.276+0000][1][gc,age       ] GC(188) - age   4:     226672 bytes,     699096 total
[2020-09-11T18:34:13.276+0000][1][gc,age       ] GC(188) - age   5:     224872 bytes,     923968 total
[2020-09-11T18:34:13.276+0000][1][gc,age       ] GC(188) - age   6:     130600 bytes,    1054568 total
[2020-09-11T18:34:13.276+0000][1][gc,heap      ] GC(188) ParNew: 69491K->1119K(76672K)
[2020-09-11T18:34:13.276+0000][1][gc,heap      ] GC(188) CMS: 109993K->110015K(439104K)
[2020-09-11T18:34:13.276+0000][1][gc,metaspace ] GC(188) Metaspace: 94551K->94551K(1136640K)
[2020-09-11T18:34:13.276+0000][1][gc           ] GC(188) Pause Young (Allocation Failure) 175M->108M(503M) 11.263ms
[2020-09-11T18:34:13.276+0000][1][gc,cpu       ] GC(188) User=0.00s Sys=0.00s Real=0.01s
[2020-09-11T18:34:13.276+0000][1][safepoint    ] Safepoint "GenCollectForAllocation", Time since last: 2546385695 ns, Reaching safepoint: 161778 ns, At safepoint: 11333221 ns, Total: 11494999 ns
[2020-09-11T18:34:16.578+0000][1][safepoint    ] Safepoint "RevokeBias", Time since last: 3300945843 ns, Reaching safepoint: 179025 ns, At safepoint: 51090 ns, Total: 230115 ns
[2020-09-11T18:34:18.690+0000][1][safepoint    ] Safepoint "RevokeBias", Time since last: 2112325496 ns, Reaching safepoint: 89874 ns, At safepoint: 21958 ns, Total: 111832 ns
[2020-09-11T18:34:20.690+0000][1][safepoint    ] Safepoint "Cleanup", Time since last: 2000264870 ns, Reaching safepoint: 136690 ns, At safepoint: 8084 ns, Total: 144774 ns
[2020-09-11T18:34:20.713+0000][1][safepoint    ] Safepoint "RevokeBias", Time since last: 21942605 ns, Reaching safepoint: 95312 ns, At safepoint: 25295 ns, Total: 120607 ns
[2020-09-11T18:34:26.522+0000][1][safepoint    ] Safepoint "RevokeBias", Time since last: 5809325319 ns, Reaching safepoint: 103448 ns, At safepoint: 25458 ns, Total: 128906 ns
[2020-09-11T18:34:28.500+0000][1][safepoint    ] Safepoint "BulkRevokeBias", Time since last: 1977489779 ns, Reaching safepoint: 185683 ns, At safepoint: 561680 ns, Total: 747363 ns
[2020-09-11T18:34:29.501+0000][1][safepoint    ] Safepoint "Cleanup", Time since last: 1000181004 ns, Reaching safepoint: 135762 ns, At safepoint: 7459 ns, Total: 143221 ns
[2020-09-11T18:34:30.735+0000][1][safepoint    ] Safepoint "RevokeBias", Time since last: 1234413034 ns, Reaching safepoint: 100138 ns, At safepoint: 25414 ns, Total: 125552 ns
[2020-09-11T18:34:35.736+0000][1][safepoint    ] Safepoint "Cleanup", Time since last: 5000627282 ns, Reaching safepoint: 190844 ns, At safepoint: 20397 ns, Total: 211241 ns
[2020-09-11T18:34:36.507+0000][1][gc,start     ] GC(189) Pause Young (Allocation Failure)
[2020-09-11T18:34:36.507+0000][1][gc,task      ] GC(189) Using 1 workers of 1 for evacuation
[2020-09-11T18:34:36.514+0000][1][gc,age       ] GC(189) Desired survivor size 4358144 bytes, new threshold 6 (max threshold 6)
[2020-09-11T18:34:36.514+0000][1][gc,age       ] GC(189) Age table with threshold 6 (max threshold 6)
[2020-09-11T18:34:36.514+0000][1][gc,age       ] GC(189) - age   1:      95336 bytes,      95336 total
[2020-09-11T18:34:36.514+0000][1][gc,age       ] GC(189) - age   2:      19032 bytes,     114368 total
[2020-09-11T18:34:36.514+0000][1][gc,age       ] GC(189) - age   3:     359224 bytes,     473592 total
[2020-09-11T18:34:36.514+0000][1][gc,age       ] GC(189) - age   4:      41104 bytes,     514696 total
[2020-09-11T18:34:36.514+0000][1][gc,age       ] GC(189) - age   5:     226672 bytes,     741368 total
[2020-09-11T18:34:36.514+0000][1][gc,age       ] GC(189) - age   6:     224872 bytes,     966240 total
[2020-09-11T18:34:36.514+0000][1][gc,heap      ] GC(189) ParNew: 69279K->1052K(76672K)
[2020-09-11T18:34:36.514+0000][1][gc,heap      ] GC(189) CMS: 110015K->110142K(439104K)
[2020-09-11T18:34:36.514+0000][1][gc,metaspace ] GC(189) Metaspace: 94551K->94551K(1136640K)
[2020-09-11T18:34:36.514+0000][1][gc           ] GC(189) Pause Young (Allocation Failure) 175M->108M(503M) 7.427ms
[2020-09-11T18:34:36.514+0000][1][gc,cpu       ] GC(189) User=0.01s Sys=0.00s Real=0.01s
[2020-09-11T18:34:36.514+0000][1][safepoint    ] Safepoint "GenCollectForAllocation", Time since last: 770464282 ns, Reaching safepoint: 209115 ns, At safepoint: 7492258 ns, Total: 7701373 ns
[2020-09-11T18:34:36.540+0000][1][safepoint    ] Safepoint "RevokeBias", Time since last: 26135517 ns, Reaching safepoint: 97888 ns, At safepoint: 25358 ns, Total: 123246 ns
[2020-09-11T18:34:38.502+0000][1][safepoint    ] Safepoint "RevokeBias", Time since last: 1961145580 ns, Reaching safepoint: 90538 ns, At safepoint: 22458 ns, Total: 112996 ns
[2020-09-11T18:34:39.502+0000][1][safepoint    ] Safepoint "Cleanup", Time since last: 1000142097 ns, Reaching safepoint: 177164 ns, At safepoint: 19227 ns, Total: 196391 ns
[2020-09-11T18:34:40.794+0000][1][safepoint    ] Safepoint "RevokeBias", Time since last: 1291977645 ns, Reaching safepoint: 464333 ns, At safepoint: 69346 ns, Total: 533679 ns
[2020-09-11T18:34:42.795+0000][1][safepoint    ] Safepoint "Cleanup", Time since last: 2000351152 ns, Reaching safepoint: 183113 ns, At safepoint: 22312 ns, Total: 205425 ns
[2020-09-11T18:34:44.796+0000][1][safepoint    ] Safepoint "Cleanup", Time since last: 2000367422 ns, Reaching safepoint: 148065 ns, At safepoint: 10035 ns, Total: 158100 ns
[2020-09-11T18:34:46.521+0000][1][safepoint    ] Safepoint "RevokeBias", Time since last: 1725021354 ns, Reaching safepoint: 98683 ns, At safepoint: 26211 ns, Total: 124894 ns
[2020-09-11T18:34:48.597+0000][1][safepoint    ] Safepoint "RevokeBias", Time since last: 2076532480 ns, Reaching safepoint: 91328 ns, At safepoint: 23471 ns, Total: 114799 ns
[2020-09-11T18:34:50.325+0000][1][gc,start     ] GC(190) Pause Young (Allocation Failure)
[2020-09-11T18:34:50.325+0000][1][gc,task      ] GC(190) Using 1 workers of 1 for evacuation
[2020-09-11T18:34:50.337+0000][1][gc,age       ] GC(190) Desired survivor size 4358144 bytes, new threshold 6 (max threshold 6)
[2020-09-11T18:34:50.337+0000][1][gc,age       ] GC(190) Age table with threshold 6 (max threshold 6)
[2020-09-11T18:34:50.337+0000][1][gc,age       ] GC(190) - age   1:     228872 bytes,     228872 total
[2020-09-11T18:34:50.337+0000][1][gc,age       ] GC(190) - age   2:      24784 bytes,     253656 total
[2020-09-11T18:34:50.337+0000][1][gc,age       ] GC(190) - age   3:      16976 bytes,     270632 total
[2020-09-11T18:34:50.337+0000][1][gc,age       ] GC(190) - age   4:     359224 bytes,     629856 total
[2020-09-11T18:34:50.337+0000][1][gc,age       ] GC(190) - age   5:      41104 bytes,     670960 total
[2020-09-11T18:34:50.337+0000][1][gc,age       ] GC(190) - age   6:     226672 bytes,     897632 total
[2020-09-11T18:34:50.337+0000][1][gc,heap      ] GC(190) ParNew: 69212K->970K(76672K)
[2020-09-11T18:34:50.337+0000][1][gc,heap      ] GC(190) CMS: 110142K->110362K(439104K)
[2020-09-11T18:34:50.337+0000][1][gc,metaspace ] GC(190) Metaspace: 94551K->94551K(1136640K)
[2020-09-11T18:34:50.338+0000][1][gc           ] GC(190) Pause Young (Allocation Failure) 175M->108M(503M) 12.222ms
[2020-09-11T18:34:50.338+0000][1][gc,cpu       ] GC(190) User=0.01s Sys=0.00s Real=0.01s
[2020-09-11T18:34:50.338+0000][1][safepoint    ] Safepoint "GenCollectForAllocation", Time since last: 1727786144 ns, Reaching safepoint: 178026 ns, At safepoint: 12348483 ns, Total: 12526509 ns
[2020-09-11T18:34:50.793+0000][1][safepoint    ] Safepoint "RevokeBias", Time since last: 455130204 ns, Reaching safepoint: 99727 ns, At safepoint: 33879 ns, Total: 133606 ns
[2020-09-11T18:34:56.594+0000][1][safepoint    ] Safepoint "RevokeBias", Time since last: 5800793653 ns, Reaching safepoint: 202345 ns, At safepoint: 49393 ns, Total: 251738 ns
[2020-09-11T18:34:58.538+0000][1][safepoint    ] Safepoint "RevokeBias", Time since last: 1943495537 ns, Reaching safepoint: 93196 ns, At safepoint: 25398 ns, Total: 118594 ns
[2020-09-11T18:34:59.538+0000][1][safepoint    ] Safepoint "Cleanup", Time since last: 1000169202 ns, Reaching safepoint: 174798 ns, At safepoint: 20441 ns, Total: 195239 ns
[2020-09-11T18:35:00.719+0000][1][safepoint    ] Safepoint "RevokeBias", Time since last: 1181187181 ns, Reaching safepoint: 196935 ns, At safepoint: 33132 ns, Total: 230067 ns
[2020-09-11T18:35:06.592+0000][1][safepoint    ] Safepoint "RevokeBias", Time since last: 5872773867 ns, Reaching safepoint: 190404 ns, At safepoint: 52240 ns, Total: 242644 ns
[2020-09-11T18:35:08.456+0000][1][gc,start     ] GC(191) Pause Young (Allocation Failure)
[2020-09-11T18:35:08.456+0000][1][gc,task      ] GC(191) Using 1 workers of 1 for evacuation
[2020-09-11T18:35:08.470+0000][1][gc,age       ] GC(191) Desired survivor size 4358144 bytes, new threshold 6 (max threshold 6)
[2020-09-11T18:35:08.471+0000][1][gc,age       ] GC(191) Age table with threshold 6 (max threshold 6)
[2020-09-11T18:35:08.471+0000][1][gc,age       ] GC(191) - age   1:     148232 bytes,     148232 total
[2020-09-11T18:35:08.471+0000][1][gc,age       ] GC(191) - age   2:     114392 bytes,     262624 total
[2020-09-11T18:35:08.471+0000][1][gc,age       ] GC(191) - age   3:      17776 bytes,     280400 total
[2020-09-11T18:35:08.471+0000][1][gc,age       ] GC(191) - age   4:      16784 bytes,     297184 total
[2020-09-11T18:35:08.471+0000][1][gc,age       ] GC(191) - age   5:     359128 bytes,     656312 total
[2020-09-11T18:35:08.471+0000][1][gc,age       ] GC(191) - age   6:      41104 bytes,     697416 total
[2020-09-11T18:35:08.471+0000][1][gc,heap      ] GC(191) ParNew: 69130K->900K(76672K)
[2020-09-11T18:35:08.471+0000][1][gc,heap      ] GC(191) CMS: 110362K->110583K(439104K)
[2020-09-11T18:35:08.471+0000][1][gc,metaspace ] GC(191) Metaspace: 94557K->94557K(1136640K)
[2020-09-11T18:35:08.471+0000][1][gc           ] GC(191) Pause Young (Allocation Failure) 175M->108M(503M) 14.376ms
[2020-09-11T18:35:08.471+0000][1][gc,cpu       ] GC(191) User=0.01s Sys=0.00s Real=0.01s
[2020-09-11T18:35:08.471+0000][1][safepoint    ] Safepoint "GenCollectForAllocation", Time since last: 1861417524 ns, Reaching safepoint: 2465444 ns, At safepoint: 14442365 ns, Total: 16907809 ns
[2020-09-11T18:35:08.555+0000][1][safepoint    ] Safepoint "RevokeBias", Time since last: 84467063 ns, Reaching safepoint: 91541 ns, At safepoint: 35227 ns, Total: 126768 ns
[2020-09-11T18:35:10.721+0000][1][safepoint    ] Safepoint "RevokeBias", Time since last: 2165109558 ns, Reaching safepoint: 165639 ns, At safepoint: 22894 ns, Total: 188533 ns
[2020-09-11T18:35:15.197+0000][1][safepoint    ] Safepoint "RevokeBias", Time since last: 4476564218 ns, Reaching safepoint: 241855 ns, At safepoint: 19266 ns, Total: 261121 ns
[2020-09-11T18:35:16.198+0000][1][safepoint    ] Safepoint "Cleanup", Time since last: 1000153203 ns, Reaching safepoint: 194443 ns, At safepoint: 19956 ns, Total: 214399 ns
[2020-09-11T18:35:16.538+0000][1][safepoint    ] Safepoint "RevokeBias", Time since last: 340273928 ns, Reaching safepoint: 98578 ns, At safepoint: 22762 ns, Total: 121340 ns
[2020-09-11T18:35:18.539+0000][1][safepoint    ] Safepoint "Cleanup", Time since last: 2000269831 ns, Reaching safepoint: 195475 ns, At safepoint: 20394 ns, Total: 215869 ns
[2020-09-11T18:35:18.555+0000][1][safepoint    ] Safepoint "RevokeBias", Time since last: 16065383 ns, Reaching safepoint: 174835 ns, At safepoint: 50843 ns, Total: 225678 ns
[2020-09-11T18:35:20.731+0000][1][safepoint    ] Safepoint "RevokeBias", Time since last: 2175601574 ns, Reaching safepoint: 161854 ns, At safepoint: 24052 ns, Total: 185906 ns
[2020-09-11T18:35:26.606+0000][1][safepoint    ] Safepoint "RevokeBias", Time since last: 5874871413 ns, Reaching safepoint: 101277 ns, At safepoint: 26944 ns, Total: 128221 ns
[2020-09-11T18:35:27.606+0000][1][safepoint    ] Safepoint "Cleanup", Time since last: 1000193634 ns, Reaching safepoint: 181500 ns, At safepoint: 22141 ns, Total: 203641 ns
[2020-09-11T18:35:28.470+0000][1][safepoint    ] Safepoint "RevokeBias", Time since last: 863488158 ns, Reaching safepoint: 98560 ns, At safepoint: 23740 ns, Total: 122300 ns
[2020-09-11T18:35:30.338+0000][1][gc,start     ] GC(192) Pause Young (Allocation Failure)
[2020-09-11T18:35:30.338+0000][1][gc,task      ] GC(192) Using 1 workers of 1 for evacuation
[2020-09-11T18:35:30.345+0000][1][gc,age       ] GC(192) Desired survivor size 4358144 bytes, new threshold 6 (max threshold 6)
[2020-09-11T18:35:30.345+0000][1][gc,age       ] GC(192) Age table with threshold 6 (max threshold 6)
[2020-09-11T18:35:30.345+0000][1][gc,age       ] GC(192) - age   1:     257064 bytes,     257064 total
[2020-09-11T18:35:30.345+0000][1][gc,age       ] GC(192) - age   2:       8144 bytes,     265208 total
[2020-09-11T18:35:30.345+0000][1][gc,age       ] GC(192) - age   3:     110792 bytes,     376000 total
[2020-09-11T18:35:30.345+0000][1][gc,age       ] GC(192) - age   4:      17776 bytes,     393776 total
[2020-09-11T18:35:30.345+0000][1][gc,age       ] GC(192) - age   5:      16784 bytes,     410560 total
[2020-09-11T18:35:30.345+0000][1][gc,age       ] GC(192) - age   6:     357416 bytes,     767976 total
[2020-09-11T18:35:30.345+0000][1][gc,heap      ] GC(192) ParNew: 69060K->1471K(76672K)
[2020-09-11T18:35:30.345+0000][1][gc,heap      ] GC(192) CMS: 110583K->110623K(439104K)
[2020-09-11T18:35:30.345+0000][1][gc,metaspace ] GC(192) Metaspace: 94619K->94619K(1136640K)
[2020-09-11T18:35:30.345+0000][1][gc           ] GC(192) Pause Young (Allocation Failure) 175M->109M(503M) 7.133ms
[2020-09-11T18:35:30.345+0000][1][gc,cpu       ] GC(192) User=0.01s Sys=0.00s Real=0.01s
[2020-09-11T18:35:30.345+0000][1][safepoint    ] Safepoint "GenCollectForAllocation", Time since last: 1868128207 ns, Reaching safepoint: 197338 ns, At safepoint: 7233883 ns, Total: 7431221 ns
[2020-09-11T18:35:30.777+0000][1][safepoint    ] Safepoint "RevokeBias", Time since last: 431206240 ns, Reaching safepoint: 91276 ns, At safepoint: 22344 ns, Total: 113620 ns
[2020-09-11T18:35:34.777+0000][1][safepoint    ] Safepoint "Cleanup", Time since last: 4000529472 ns, Reaching safepoint: 101549 ns, At safepoint: 9040 ns, Total: 110589 ns
[2020-09-11T18:35:35.777+0000][1][safepoint    ] Safepoint "Cleanup", Time since last: 1000113802 ns, Reaching safepoint: 89090 ns, At safepoint: 9324 ns, Total: 98414 ns
[2020-09-11T18:35:36.528+0000][1][safepoint    ] Safepoint "RevokeBias", Time since last: 750435494 ns, Reaching safepoint: 91874 ns, At safepoint: 19930 ns, Total: 111804 ns
[2020-09-11T18:35:38.649+0000][1][safepoint    ] Safepoint "RevokeBias", Time since last: 2121370749 ns, Reaching safepoint: 91683 ns, At safepoint: 21787 ns, Total: 113470 ns
[2020-09-11T18:35:40.775+0000][1][safepoint    ] Safepoint "RevokeBias", Time since last: 2125085813 ns, Reaching safepoint: 91800 ns, At safepoint: 27093 ns, Total: 118893 ns
[2020-09-11T18:35:45.775+0000][1][safepoint    ] Safepoint "Cleanup", Time since last: 5000428515 ns, Reaching safepoint: 170026 ns, At safepoint: 18381 ns, Total: 188407 ns
[2020-09-11T18:35:46.776+0000][1][safepoint    ] Safepoint "Cleanup", Time since last: 1000110569 ns, Reaching safepoint: 86673 ns, At safepoint: 6906 ns, Total: 93579 ns
[2020-09-11T18:35:46.821+0000][1][safepoint    ] Safepoint "RevokeBias", Time since last: 45769652 ns, Reaching safepoint: 91133 ns, At safepoint: 22083 ns, Total: 113216 ns
[2020-09-11T18:35:46.865+0000][1][safepoint    ] Safepoint "RevokeBias", Time since last: 43784694 ns, Reaching safepoint: 80595 ns, At safepoint: 19504 ns, Total: 100099 ns
[2020-09-11T18:35:47.117+0000][1][safepoint    ] Safepoint "RevokeBias", Time since last: 251901596 ns, Reaching safepoint: 102083 ns, At safepoint: 19712 ns, Total: 121795 ns
[2020-09-11T18:35:47.118+0000][1][safepoint    ] Safepoint "RevokeBias", Time since last: 281484 ns, Reaching safepoint: 28987 ns, At safepoint: 12260 ns, Total: 41247 ns
[2020-09-11T18:35:47.118+0000][1][safepoint    ] Safepoint "RevokeBias", Time since last: 48600 ns, Reaching safepoint: 26732 ns, At safepoint: 9352 ns, Total: 36084 ns
[2020-09-11T18:35:47.169+0000][1][safepoint    ] Safepoint "RevokeBias", Time since last: 51655189 ns, Reaching safepoint: 78431 ns, At safepoint: 18438 ns, Total: 96869 ns
[2020-09-11T18:35:47.170+0000][1][safepoint    ] Safepoint "RevokeBias", Time since last: 66006 ns, Reaching safepoint: 30654 ns, At safepoint: 11386 ns, Total: 42040 ns
[2020-09-11T18:35:47.228+0000][1][gc,start     ] GC(193) Pause Young (Allocation Failure)
[2020-09-11T18:35:47.228+0000][1][gc,task      ] GC(193) Using 1 workers of 1 for evacuation
[2020-09-11T18:35:47.245+0000][1][gc,age       ] GC(193) Desired survivor size 4358144 bytes, new threshold 6 (max threshold 6)
[2020-09-11T18:35:47.245+0000][1][gc,age       ] GC(193) Age table with threshold 6 (max threshold 6)
[2020-09-11T18:35:47.245+0000][1][gc,age       ] GC(193) - age   1:     654824 bytes,     654824 total
[2020-09-11T18:35:47.245+0000][1][gc,age       ] GC(193) - age   2:     207216 bytes,     862040 total
[2020-09-11T18:35:47.245+0000][1][gc,age       ] GC(193) - age   3:       6264 bytes,     868304 total
[2020-09-11T18:35:47.245+0000][1][gc,age       ] GC(193) - age   4:     110792 bytes,     979096 total
[2020-09-11T18:35:47.245+0000][1][gc,age       ] GC(193) - age   5:      17776 bytes,     996872 total
[2020-09-11T18:35:47.245+0000][1][gc,age       ] GC(193) - age   6:      15544 bytes,    1012416 total
[2020-09-11T18:35:47.249+0000][1][gc,heap      ] GC(193) ParNew: 69631K->1395K(76672K)
[2020-09-11T18:35:47.249+0000][1][gc,heap      ] GC(193) CMS: 110623K->110978K(439104K)
[2020-09-11T18:35:47.249+0000][1][gc,metaspace ] GC(193) Metaspace: 94785K->94785K(1136640K)
[2020-09-11T18:35:47.249+0000][1][gc           ] GC(193) Pause Young (Allocation Failure) 176M->109M(503M) 20.456ms
[2020-09-11T18:35:47.249+0000][1][gc,cpu       ] GC(193) User=0.01s Sys=0.00s Real=0.02s
[2020-09-11T18:35:47.249+0000][1][safepoint    ] Safepoint "GenCollectForAllocation", Time since last: 56367026 ns, Reaching safepoint: 2426320 ns, At safepoint: 20635434 ns, Total: 23061754 ns
[2020-09-11T18:35:47.998+0000][1][safepoint    ] Safepoint "RevokeBias", Time since last: 749337302 ns, Reaching safepoint: 123729 ns, At safepoint: 19128 ns, Total: 142857 ns
[2020-09-11T18:35:48.313+0000][1][safepoint    ] Safepoint "RevokeBias", Time since last: 307571354 ns, Reaching safepoint: 6823467 ns, At safepoint: 31216 ns, Total: 6854683 ns
[2020-09-11T18:35:48.313+0000][1][safepoint    ] Safepoint "RevokeBias", Time since last: 88589 ns, Reaching safepoint: 106361 ns, At safepoint: 12103 ns, Total: 118464 ns
[2020-09-11T18:35:48.333+0000][1][safepoint    ] Safepoint "RevokeBias", Time since last: 18058802 ns, Reaching safepoint: 1659038 ns, At safepoint: 25952 ns, Total: 1684990 ns
[2020-09-11T18:35:48.409+0000][1][safepoint    ] Safepoint "Deoptimize", Time since last: 68650398 ns, Reaching safepoint: 3346659 ns, At safepoint: 3951844 ns, Total: 7298503 ns
[2020-09-11T18:35:48.468+0000][1][safepoint    ] Safepoint "RevokeBias", Time since last: 59279802 ns, Reaching safepoint: 156496 ns, At safepoint: 15881 ns, Total: 172377 ns
[2020-09-11T18:35:48.569+0000][1][safepoint    ] Safepoint "RevokeBias", Time since last: 100542335 ns, Reaching safepoint: 165517 ns, At safepoint: 21506 ns, Total: 187023 ns
[2020-09-11T18:35:48.632+0000][1][safepoint    ] Safepoint "RevokeBias", Time since last: 62876430 ns, Reaching safepoint: 176485 ns, At safepoint: 23398 ns, Total: 199883 ns
[2020-09-11T18:35:48.664+0000][1][safepoint    ] Safepoint "RevokeBias", Time since last: 23743509 ns, Reaching safepoint: 8435383 ns, At safepoint: 33166 ns, Total: 8468549 ns
[2020-09-11T18:35:48.675+0000][1][safepoint    ] Safepoint "RevokeBias", Time since last: 5106404 ns, Reaching safepoint: 5751154 ns, At safepoint: 29322 ns, Total: 5780476 ns
[2020-09-11T18:35:48.677+0000][1][safepoint    ] Safepoint "RevokeBias", Time since last: 564909 ns, Reaching safepoint: 1102824 ns, At safepoint: 22081 ns, Total: 1124905 ns
[2020-09-11T18:35:48.754+0000][1][safepoint    ] Safepoint "RevokeBias", Time since last: 77308886 ns, Reaching safepoint: 164021 ns, At safepoint: 18623 ns, Total: 182644 ns
[2020-09-11T18:35:48.755+0000][1][safepoint    ] Safepoint "RevokeBias", Time since last: 91267 ns, Reaching safepoint: 104895 ns, At safepoint: 12513 ns, Total: 117408 ns
[2020-09-11T18:35:48.759+0000][1][safepoint    ] Safepoint "RevokeBias", Time since last: 4242019 ns, Reaching safepoint: 156171 ns, At safepoint: 18722 ns, Total: 174893 ns
[2020-09-11T18:35:49.052+0000][1][safepoint    ] Safepoint "RevokeBias", Time since last: 292620734 ns, Reaching safepoint: 111108 ns, At safepoint: 20436 ns, Total: 131544 ns
[2020-09-11T18:35:49.052+0000][1][safepoint    ] Safepoint "RevokeBias", Time since last: 197685 ns, Reaching safepoint: 36466 ns, At safepoint: 12451 ns, Total: 48917 ns
[2020-09-11T18:35:49.052+0000][1][safepoint    ] Safepoint "RevokeBias", Time since last: 53722 ns, Reaching safepoint: 31849 ns, At safepoint: 10108 ns, Total: 41957 ns
[2020-09-11T18:35:49.052+0000][1][safepoint    ] Safepoint "RevokeBias", Time since last: 116419 ns, Reaching safepoint: 31860 ns, At safepoint: 10498 ns, Total: 42358 ns
[2020-09-11T18:35:49.089+0000][1][safepoint    ] Safepoint "RevokeBias", Time since last: 28083494 ns, Reaching safepoint: 8628976 ns, At safepoint: 35378 ns, Total: 8664354 ns
[2020-09-11T18:35:49.138+0000][1][safepoint    ] Safepoint "RevokeBias", Time since last: 49136695 ns, Reaching safepoint: 151494 ns, At safepoint: 18838 ns, Total: 170332 ns
[2020-09-11T18:35:49.145+0000][1][safepoint    ] Safepoint "RevokeBias", Time since last: 6651448 ns, Reaching safepoint: 151169 ns, At safepoint: 19968 ns, Total: 171137 ns
[2020-09-11T18:35:49.145+0000][1][safepoint    ] Safepoint "RevokeBias", Time since last: 109174 ns, Reaching safepoint: 105096 ns, At safepoint: 12007 ns, Total: 117103 ns
[2020-09-11T18:35:49.145+0000][1][safepoint    ] Safepoint "RevokeBias", Time since last: 50738 ns, Reaching safepoint: 103128 ns, At safepoint: 11278 ns, Total: 114406 ns
[2020-09-11T18:35:49.173+0000][1][gc,start     ] GC(194) Pause Young (Allocation Failure)
[2020-09-11T18:35:49.173+0000][1][gc,task      ] GC(194) Using 1 workers of 1 for evacuation
[2020-09-11T18:35:49.199+0000][1][gc,age       ] GC(194) Desired survivor size 4358144 bytes, new threshold 6 (max threshold 6)
[2020-09-11T18:35:49.199+0000][1][gc,age       ] GC(194) Age table with threshold 6 (max threshold 6)
[2020-09-11T18:35:49.199+0000][1][gc,age       ] GC(194) - age   1:    1613968 bytes,    1613968 total
[2020-09-11T18:35:49.199+0000][1][gc,age       ] GC(194) - age   2:     444368 bytes,    2058336 total
[2020-09-11T18:35:49.199+0000][1][gc,age       ] GC(194) - age   3:     206944 bytes,    2265280 total
[2020-09-11T18:35:49.199+0000][1][gc,age       ] GC(194) - age   4:       6264 bytes,    2271544 total
[2020-09-11T18:35:49.199+0000][1][gc,age       ] GC(194) - age   5:     110792 bytes,    2382336 total
[2020-09-11T18:35:49.199+0000][1][gc,age       ] GC(194) - age   6:      17776 bytes,    2400112 total
[2020-09-11T18:35:49.199+0000][1][gc,heap      ] GC(194) ParNew: 69540K->2573K(76672K)
[2020-09-11T18:35:49.199+0000][1][gc,heap      ] GC(194) CMS: 110978K->110993K(439104K)
[2020-09-11T18:35:49.199+0000][1][gc,metaspace ] GC(194) Metaspace: 94891K->94891K(1136640K)
[2020-09-11T18:35:49.199+0000][1][gc           ] GC(194) Pause Young (Allocation Failure) 176M->110M(503M) 25.892ms
[2020-09-11T18:35:49.199+0000][1][gc,cpu       ] GC(194) User=0.01s Sys=0.00s Real=0.02s
[2020-09-11T18:35:49.205+0000][1][safepoint    ] Safepoint "GenCollectForAllocation", Time since last: 27296400 ns, Reaching safepoint: 154584 ns, At safepoint: 32209212 ns, Total: 32363796 ns
[2020-09-11T18:35:49.238+0000][1][safepoint    ] Safepoint "RevokeBias", Time since last: 32577065 ns, Reaching safepoint: 147302 ns, At safepoint: 19941 ns, Total: 167243 ns
[2020-09-11T18:35:49.238+0000][1][safepoint    ] Safepoint "RevokeBias", Time since last: 109050 ns, Reaching safepoint: 99751 ns, At safepoint: 11560 ns, Total: 111311 ns
[2020-09-11T18:35:49.239+0000][1][safepoint    ] Safepoint "RevokeBias", Time since last: 1056818 ns, Reaching safepoint: 101587 ns, At safepoint: 11136 ns, Total: 112723 ns
[2020-09-11T18:35:49.305+0000][1][safepoint    ] Safepoint "RevokeBias", Time since last: 65252800 ns, Reaching safepoint: 108482 ns, At safepoint: 19123 ns, Total: 127605 ns
[2020-09-11T18:35:49.342+0000][1][safepoint    ] Safepoint "RevokeBias", Time since last: 37037119 ns, Reaching safepoint: 84605 ns, At safepoint: 19805 ns, Total: 104410 ns
[2020-09-11T18:35:49.343+0000][1][safepoint    ] Safepoint "RevokeBias", Time since last: 1204028 ns, Reaching safepoint: 123455 ns, At safepoint: 13832 ns, Total: 137287 ns
[2020-09-11T18:35:49.349+0000][1][safepoint    ] Safepoint "RevokeBias", Time since last: 5679237 ns, Reaching safepoint: 91725 ns, At safepoint: 20714 ns, Total: 112439 ns
[2020-09-11T18:35:49.350+0000][1][safepoint    ] Safepoint "RevokeBias", Time since last: 1008002 ns, Reaching safepoint: 120420 ns, At safepoint: 13614 ns, Total: 134034 ns
[2020-09-11T18:35:49.361+0000][1][safepoint    ] Safepoint "RevokeBias", Time since last: 11164840 ns, Reaching safepoint: 165301 ns, At safepoint: 61793 ns, Total: 227094 ns
[2020-09-11T18:35:50.362+0000][1][safepoint    ] Safepoint "Cleanup", Time since last: 1000107168 ns, Reaching safepoint: 160705 ns, At safepoint: 6996 ns, Total: 167701 ns
[2020-09-11T18:35:50.717+0000][1][safepoint    ] Safepoint "RevokeBias", Time since last: 355466078 ns, Reaching safepoint: 109960 ns, At safepoint: 22020 ns, Total: 131980 ns
[2020-09-11T18:35:55.718+0000][1][safepoint    ] Safepoint "Cleanup", Time since last: 5000487876 ns, Reaching safepoint: 96268 ns, At safepoint: 9215 ns, Total: 105483 ns
[2020-09-11T18:35:56.592+0000][1][safepoint    ] Safepoint "RevokeBias", Time since last: 874290626 ns, Reaching safepoint: 102056 ns, At safepoint: 24767 ns, Total: 126823 ns
[2020-09-11T18:35:57.837+0000][1][safepoint    ] Safepoint "RevokeBias", Time since last: 1241738417 ns, Reaching safepoint: 2804878 ns, At safepoint: 28279 ns, Total: 2833157 ns
[2020-09-11T18:35:57.838+0000][1][safepoint    ] Safepoint "RevokeBias", Time since last: 1278480 ns, Reaching safepoint: 151794 ns, At safepoint: 14733 ns, Total: 166527 ns
[2020-09-11T18:35:57.853+0000][1][safepoint    ] Safepoint "RevokeBias", Time since last: 12942082 ns, Reaching safepoint: 1544958 ns, At safepoint: 22698 ns, Total: 1567656 ns
[2020-09-11T18:35:57.853+0000][1][safepoint    ] Safepoint "RevokeBias", Time since last: 85941 ns, Reaching safepoint: 123212 ns, At safepoint: 13238 ns, Total: 136450 ns
[2020-09-11T18:35:57.853+0000][1][safepoint    ] Safepoint "RevokeBias", Time since last: 35615 ns, Reaching safepoint: 112359 ns, At safepoint: 11644 ns, Total: 124003 ns
[2020-09-11T18:35:57.895+0000][1][safepoint    ] Safepoint "RevokeBias", Time since last: 41320969 ns, Reaching safepoint: 81451 ns, At safepoint: 20826 ns, Total: 102277 ns
[2020-09-11T18:35:57.895+0000][1][safepoint    ] Safepoint "RevokeBias", Time since last: 64473 ns, Reaching safepoint: 34911 ns, At safepoint: 11284 ns, Total: 46195 ns
[2020-09-11T18:35:58.042+0000][1][safepoint    ] Safepoint "RevokeBias", Time since last: 146559606 ns, Reaching safepoint: 178715 ns, At safepoint: 25213 ns, Total: 203928 ns
[2020-09-11T18:35:58.043+0000][1][safepoint    ] Safepoint "RevokeBias", Time since last: 396608 ns, Reaching safepoint: 967192 ns, At safepoint: 22756 ns, Total: 989948 ns
[2020-09-11T18:35:58.043+0000][1][safepoint    ] Safepoint "RevokeBias", Time since last: 124911 ns, Reaching safepoint: 132801 ns, At safepoint: 18273 ns, Total: 151074 ns
[2020-09-11T18:35:58.043+0000][1][safepoint    ] Safepoint "RevokeBias", Time since last: 59390 ns, Reaching safepoint: 122659 ns, At safepoint: 16484 ns, Total: 139143 ns
[2020-09-11T18:35:58.069+0000][1][safepoint    ] Safepoint "RevokeBias", Time since last: 25795737 ns, Reaching safepoint: 162952 ns, At safepoint: 21371 ns, Total: 184323 ns
[2020-09-11T18:35:58.073+0000][1][safepoint    ] Safepoint "RevokeBias", Time since last: 110804 ns, Reaching safepoint: 3310303 ns, At safepoint: 23312 ns, Total: 3333615 ns
[2020-09-11T18:35:58.084+0000][1][safepoint    ] Safepoint "RevokeBias", Time since last: 8911125 ns, Reaching safepoint: 1923355 ns, At safepoint: 31183 ns, Total: 1954538 ns
[2020-09-11T18:35:58.085+0000][1][safepoint    ] Safepoint "RevokeBias", Time since last: 1248437 ns, Reaching safepoint: 138455 ns, At safepoint: 16581 ns, Total: 155036 ns
[2020-09-11T18:35:58.357+0000][1][gc,start     ] GC(195) Pause Young (Allocation Failure)
[2020-09-11T18:35:58.357+0000][1][gc,task      ] GC(195) Using 1 workers of 1 for evacuation
[2020-09-11T18:35:58.380+0000][1][gc,age       ] GC(195) Desired survivor size 4358144 bytes, new threshold 6 (max threshold 6)
[2020-09-11T18:35:58.380+0000][1][gc,age       ] GC(195) Age table with threshold 6 (max threshold 6)
[2020-09-11T18:35:58.380+0000][1][gc,age       ] GC(195) - age   1:     480248 bytes,     480248 total
[2020-09-11T18:35:58.380+0000][1][gc,age       ] GC(195) - age   2:    1094136 bytes,    1574384 total
[2020-09-11T18:35:58.380+0000][1][gc,age       ] GC(195) - age   3:     408008 bytes,    1982392 total
[2020-09-11T18:35:58.380+0000][1][gc,age       ] GC(195) - age   4:     203056 bytes,    2185448 total
[2020-09-11T18:35:58.380+0000][1][gc,age       ] GC(195) - age   5:       4928 bytes,    2190376 total
[2020-09-11T18:35:58.380+0000][1][gc,age       ] GC(195) - age   6:     110792 bytes,    2301168 total
[2020-09-11T18:35:58.380+0000][1][gc,heap      ] GC(195) ParNew: 70733K->3944K(76672K)
[2020-09-11T18:35:58.380+0000][1][gc,heap      ] GC(195) CMS: 110993K->111010K(439104K)
[2020-09-11T18:35:58.380+0000][1][gc,metaspace ] GC(195) Metaspace: 94918K->94918K(1136640K)
[2020-09-11T18:35:58.380+0000][1][gc           ] GC(195) Pause Young (Allocation Failure) 177M->112M(503M) 23.515ms
[2020-09-11T18:35:58.380+0000][1][gc,cpu       ] GC(195) User=0.01s Sys=0.00s Real=0.02s
[2020-09-11T18:35:58.382+0000][1][safepoint    ] Safepoint "GenCollectForAllocation", Time since last: 270760270 ns, Reaching safepoint: 954419 ns, At safepoint: 25083916 ns, Total: 26038335 ns
[2020-09-11T18:35:58.825+0000][1][safepoint    ] Safepoint "BulkRevokeBias", Time since last: 439088634 ns, Reaching safepoint: 3884791 ns, At safepoint: 233165 ns, Total: 4117956 ns
[2020-09-11T18:35:59.825+0000][1][safepoint    ] Safepoint "Cleanup", Time since last: 1000137782 ns, Reaching safepoint: 87485 ns, At safepoint: 7125 ns, Total: 94610 ns
[2020-09-11T18:36:00.805+0000][1][safepoint    ] Safepoint "RevokeBias", Time since last: 979605571 ns, Reaching safepoint: 101299 ns, At safepoint: 23330 ns, Total: 124629 ns
[2020-09-11T18:36:04.806+0000][1][safepoint    ] Safepoint "Cleanup", Time since last: 4000340092 ns, Reaching safepoint: 87097 ns, At safepoint: 8437 ns, Total: 95534 ns
[2020-09-11T18:36:05.806+0000][1][safepoint    ] Safepoint "Cleanup", Time since last: 1000116685 ns, Reaching safepoint: 89402 ns, At safepoint: 8530 ns, Total: 97932 ns
[2020-09-11T18:36:06.545+0000][1][safepoint    ] Safepoint "RevokeBias", Time since last: 739211200 ns, Reaching safepoint: 99616 ns, At safepoint: 21686 ns, Total: 121302 ns
[2020-09-11T18:36:08.121+0000][1][safepoint    ] Safepoint "RevokeBias", Time since last: 1575729205 ns, Reaching safepoint: 188186 ns, At safepoint: 33627 ns, Total: 221813 ns
[2020-09-11T18:36:08.122+0000][1][safepoint    ] Safepoint "RevokeBias", Time since last: 386171 ns, Reaching safepoint: 100932 ns, At safepoint: 13415 ns, Total: 114347 ns
[2020-09-11T18:36:08.122+0000][1][safepoint    ] Safepoint "RevokeBias", Time since last: 107959 ns, Reaching safepoint: 103253 ns, At safepoint: 11626 ns, Total: 114879 ns
[2020-09-11T18:36:08.122+0000][1][safepoint    ] Safepoint "RevokeBias", Time since last: 49609 ns, Reaching safepoint: 98347 ns, At safepoint: 11473 ns, Total: 109820 ns
[2020-09-11T18:36:08.148+0000][1][safepoint    ] Safepoint "RevokeBias", Time since last: 25602084 ns, Reaching safepoint: 144059 ns, At safepoint: 22191 ns, Total: 166250 ns
[2020-09-11T18:36:08.149+0000][1][gc,start     ] GC(196) Pause Young (Allocation Failure)
[2020-09-11T18:36:08.150+0000][1][gc,task      ] GC(196) Using 1 workers of 1 for evacuation
[2020-09-11T18:36:08.171+0000][1][gc,age       ] GC(196) Desired survivor size 4358144 bytes, new threshold 6 (max threshold 6)
[2020-09-11T18:36:08.171+0000][1][gc,age       ] GC(196) Age table with threshold 6 (max threshold 6)
[2020-09-11T18:36:08.171+0000][1][gc,age       ] GC(196) - age   1:     102392 bytes,     102392 total
[2020-09-11T18:36:08.171+0000][1][gc,age       ] GC(196) - age   2:     431784 bytes,     534176 total
[2020-09-11T18:36:08.171+0000][1][gc,age       ] GC(196) - age   3:    1090008 bytes,    1624184 total
[2020-09-11T18:36:08.171+0000][1][gc,age       ] GC(196) - age   4:     406128 bytes,    2030312 total
[2020-09-11T18:36:08.171+0000][1][gc,age       ] GC(196) - age   5:     201816 bytes,    2232128 total
[2020-09-11T18:36:08.171+0000][1][gc,age       ] GC(196) - age   6:       4736 bytes,    2236864 total
[2020-09-11T18:36:08.171+0000][1][gc,heap      ] GC(196) ParNew: 72104K->2671K(76672K)
[2020-09-11T18:36:08.171+0000][1][gc,heap      ] GC(196) CMS: 111010K->111119K(439104K)
[2020-09-11T18:36:08.172+0000][1][gc,metaspace ] GC(196) Metaspace: 94923K->94923K(1136640K)
[2020-09-11T18:36:08.172+0000][1][gc           ] GC(196) Pause Young (Allocation Failure) 178M->111M(503M) 22.051ms
[2020-09-11T18:36:08.172+0000][1][gc,cpu       ] GC(196) User=0.01s Sys=0.00s Real=0.02s
[2020-09-11T18:36:08.185+0000][1][safepoint    ] Safepoint "GenCollectForAllocation", Time since last: 1672137 ns, Reaching safepoint: 122824 ns, At safepoint: 35324711 ns, Total: 35447535 ns
[2020-09-11T18:36:08.780+0000][1][safepoint    ] Safepoint "RevokeBias", Time since last: 595270033 ns, Reaching safepoint: 100206 ns, At safepoint: 21376 ns, Total: 121582 ns
[2020-09-11T18:36:10.771+0000][1][safepoint    ] Safepoint "RevokeBias", Time since last: 1990440367 ns, Reaching safepoint: 89503 ns, At safepoint: 23115 ns, Total: 112618 ns
[2020-09-11T18:36:15.771+0000][1][safepoint    ] Safepoint "Cleanup", Time since last: 5000424173 ns, Reaching safepoint: 99079 ns, At safepoint: 10050 ns, Total: 109129 ns
[2020-09-11T18:36:16.523+0000][1][safepoint    ] Safepoint "RevokeBias", Time since last: 751104593 ns, Reaching safepoint: 109300 ns, At safepoint: 25790 ns, Total: 135090 ns
[2020-09-11T18:36:16.999+0000][1][safepoint    ] Safepoint "RevokeBias", Time since last: 475852066 ns, Reaching safepoint: 159042 ns, At safepoint: 23903 ns, Total: 182945 ns
[2020-09-11T18:36:17.002+0000][1][safepoint    ] Safepoint "RevokeBias", Time since last: 3520081 ns, Reaching safepoint: 151378 ns, At safepoint: 20425 ns, Total: 171803 ns
[2020-09-11T18:36:18.002+0000][1][safepoint    ] Safepoint "Cleanup", Time since last: 1000110620 ns, Reaching safepoint: 93415 ns, At safepoint: 9550 ns, Total: 102965 ns
[2020-09-11T18:36:18.189+0000][1][safepoint    ] Safepoint "RevokeBias", Time since last: 186059362 ns, Reaching safepoint: 78346 ns, At safepoint: 23423 ns, Total: 101769 ns
[2020-09-11T18:36:18.630+0000][1][safepoint    ] Safepoint "RevokeBias", Time since last: 441606489 ns, Reaching safepoint: 96391 ns, At safepoint: 24659 ns, Total: 121050 ns
[2020-09-11T18:36:19.631+0000][1][safepoint    ] Safepoint "Cleanup", Time since last: 1000117142 ns, Reaching safepoint: 102820 ns, At safepoint: 10771 ns, Total: 113591 ns
[2020-09-11T18:36:20.801+0000][1][safepoint    ] Safepoint "RevokeBias", Time since last: 1170401199 ns, Reaching safepoint: 93644 ns, At safepoint: 24815 ns, Total: 118459 ns
[2020-09-11T18:36:24.802+0000][1][safepoint    ] Safepoint "Cleanup", Time since last: 4000336957 ns, Reaching safepoint: 102634 ns, At safepoint: 11326 ns, Total: 113960 ns
[2020-09-11T18:36:25.383+0000][1][gc,start     ] GC(197) Pause Young (Allocation Failure)
[2020-09-11T18:36:25.384+0000][1][gc,task      ] GC(197) Using 1 workers of 1 for evacuation
[2020-09-11T18:36:25.396+0000][1][gc,age       ] GC(197) Desired survivor size 4358144 bytes, new threshold 3 (max threshold 6)
[2020-09-11T18:36:25.396+0000][1][gc,age       ] GC(197) Age table with threshold 3 (max threshold 6)
[2020-09-11T18:36:25.396+0000][1][gc,age       ] GC(197) - age   1:    4218968 bytes,    4218968 total
[2020-09-11T18:36:25.396+0000][1][gc,age       ] GC(197) - age   2:      59808 bytes,    4278776 total
[2020-09-11T18:36:25.396+0000][1][gc,age       ] GC(197) - age   3:     425280 bytes,    4704056 total
[2020-09-11T18:36:25.396+0000][1][gc,age       ] GC(197) - age   4:    1088752 bytes,    5792808 total
[2020-09-11T18:36:25.396+0000][1][gc,age       ] GC(197) - age   5:     401104 bytes,    6193912 total
[2020-09-11T18:36:25.396+0000][1][gc,age       ] GC(197) - age   6:     201816 bytes,    6395728 total
[2020-09-11T18:36:25.396+0000][1][gc,heap      ] GC(197) ParNew: 70831K->7889K(76672K)
[2020-09-11T18:36:25.396+0000][1][gc,heap      ] GC(197) CMS: 111119K->111123K(439104K)
[2020-09-11T18:36:25.396+0000][1][gc,metaspace ] GC(197) Metaspace: 94938K->94938K(1136640K)
[2020-09-11T18:36:25.396+0000][1][gc           ] GC(197) Pause Young (Allocation Failure) 177M->116M(503M) 12.913ms
[2020-09-11T18:36:25.396+0000][1][gc,cpu       ] GC(197) User=0.01s Sys=0.00s Real=0.01s
[2020-09-11T18:36:25.401+0000][1][safepoint    ] Safepoint "GenCollectForAllocation", Time since last: 581751047 ns, Reaching safepoint: 154939 ns, At safepoint: 17342627 ns, Total: 17497566 ns
[2020-09-11T18:36:26.408+0000][1][safepoint    ] Safepoint "Cleanup", Time since last: 1007224252 ns, Reaching safepoint: 157377 ns, At safepoint: 20695 ns, Total: 178072 ns
[2020-09-11T18:36:26.532+0000][1][safepoint    ] Safepoint "RevokeBias", Time since last: 121535216 ns, Reaching safepoint: 1854005 ns, At safepoint: 30651 ns, Total: 1884656 ns
[2020-09-11T18:36:27.532+0000][1][safepoint    ] Safepoint "Cleanup", Time since last: 1000119839 ns, Reaching safepoint: 89591 ns, At safepoint: 8750 ns, Total: 98341 ns
[2020-09-11T18:36:27.953+0000][1][safepoint    ] Safepoint "RevokeBias", Time since last: 421044637 ns, Reaching safepoint: 190543 ns, At safepoint: 25232 ns, Total: 215775 ns
[2020-09-11T18:36:28.923+0000][1][safepoint    ] Safepoint "RevokeBias", Time since last: 969419691 ns, Reaching safepoint: 104239 ns, At safepoint: 21695 ns, Total: 125934 ns
[2020-09-11T18:36:29.923+0000][1][safepoint    ] Safepoint "Cleanup", Time since last: 1000110055 ns, Reaching safepoint: 83058 ns, At safepoint: 9182 ns, Total: 92240 ns
[2020-09-11T18:36:30.718+0000][1][safepoint    ] Safepoint "RevokeBias", Time since last: 795079690 ns, Reaching safepoint: 95681 ns, At safepoint: 23603 ns, Total: 119284 ns
[2020-09-11T18:36:31.718+0000][1][safepoint    ] Safepoint "Cleanup", Time since last: 1000109371 ns, Reaching safepoint: 84230 ns, At safepoint: 9647 ns, Total: 93877 ns
[2020-09-11T18:36:32.718+0000][1][safepoint    ] Safepoint "Cleanup", Time since last: 1000117775 ns, Reaching safepoint: 84287 ns, At safepoint: 9533 ns, Total: 93820 ns
[2020-09-11T18:36:33.719+0000][1][safepoint    ] Safepoint "Cleanup", Time since last: 1000115813 ns, Reaching safepoint: 85006 ns, At safepoint: 9429 ns, Total: 94435 ns
[2020-09-11T18:36:34.719+0000][1][safepoint    ] Safepoint "Cleanup", Time since last: 1000137984 ns, Reaching safepoint: 84690 ns, At safepoint: 9139 ns, Total: 93829 ns
[2020-09-11T18:36:35.719+0000][1][safepoint    ] Safepoint "Cleanup", Time since last: 1000111962 ns, Reaching safepoint: 79989 ns, At safepoint: 9601 ns, Total: 89590 ns
[2020-09-11T18:36:36.579+0000][1][safepoint    ] Safepoint "RevokeBias", Time since last: 859864834 ns, Reaching safepoint: 104200 ns, At safepoint: 25249 ns, Total: 129449 ns
[2020-09-11T18:36:37.579+0000][1][safepoint    ] Safepoint "Cleanup", Time since last: 1000105401 ns, Reaching safepoint: 83496 ns, At safepoint: 7978 ns, Total: 91474 ns
[2020-09-11T18:36:38.580+0000][1][safepoint    ] Safepoint "Cleanup", Time since last: 1000511291 ns, Reaching safepoint: 81329 ns, At safepoint: 6239 ns, Total: 87568 ns
[2020-09-11T18:36:38.787+0000][1][safepoint    ] Safepoint "RevokeBias", Time since last: 206637392 ns, Reaching safepoint: 93294 ns, At safepoint: 24708 ns, Total: 118002 ns
[2020-09-11T18:36:39.787+0000][1][safepoint    ] Safepoint "Cleanup", Time since last: 1000112054 ns, Reaching safepoint: 82391 ns, At safepoint: 9524 ns, Total: 91915 ns
[2020-09-11T18:36:40.417+0000][1][gc,start     ] GC(198) Pause Young (Allocation Failure)
[2020-09-11T18:36:40.417+0000][1][gc,task      ] GC(198) Using 1 workers of 1 for evacuation
[2020-09-11T18:36:40.437+0000][1][gc,age       ] GC(198) Desired survivor size 4358144 bytes, new threshold 3 (max threshold 6)
[2020-09-11T18:36:40.437+0000][1][gc,age       ] GC(198) Age table with threshold 3 (max threshold 6)
[2020-09-11T18:36:40.437+0000][1][gc,age       ] GC(198) - age   1:     167768 bytes,     167768 total
[2020-09-11T18:36:40.437+0000][1][gc,age       ] GC(198) - age   2:    4166344 bytes,    4334112 total
[2020-09-11T18:36:40.437+0000][1][gc,age       ] GC(198) - age   3:      59048 bytes,    4393160 total
[2020-09-11T18:36:40.437+0000][1][gc,heap      ] GC(198) ParNew: 76049K->5177K(76672K)
[2020-09-11T18:36:40.437+0000][1][gc,heap      ] GC(198) CMS: 111123K->113210K(439104K)
[2020-09-11T18:36:40.437+0000][1][gc,metaspace ] GC(198) Metaspace: 94946K->94946K(1136640K)
[2020-09-11T18:36:40.437+0000][1][gc           ] GC(198) Pause Young (Allocation Failure) 182M->115M(503M) 19.809ms
[2020-09-11T18:36:40.437+0000][1][gc,cpu       ] GC(198) User=0.01s Sys=0.00s Real=0.02s
[2020-09-11T18:36:40.441+0000][1][safepoint    ] Safepoint "GenCollectForAllocation", Time since last: 628185232 ns, Reaching safepoint: 1820965 ns, At safepoint: 23932763 ns, Total: 25753728 ns
[2020-09-11T18:36:40.715+0000][1][safepoint    ] Safepoint "RevokeBias", Time since last: 273797227 ns, Reaching safepoint: 94737 ns, At safepoint: 38360 ns, Total: 133097 ns
[2020-09-11T18:36:41.716+0000][1][safepoint    ] Safepoint "Cleanup", Time since last: 1000899217 ns, Reaching safepoint: 83227 ns, At safepoint: 23296 ns, Total: 106523 ns
[2020-09-11T18:36:42.716+0000][1][safepoint    ] Safepoint "Cleanup", Time since last: 1000114653 ns, Reaching safepoint: 83518 ns, At safepoint: 8873 ns, Total: 92391 ns
[2020-09-11T18:36:43.716+0000][1][safepoint    ] Safepoint "Cleanup", Time since last: 1000112676 ns, Reaching safepoint: 83486 ns, At safepoint: 24434 ns, Total: 107920 ns
[2020-09-11T18:36:44.716+0000][1][safepoint    ] Safepoint "Cleanup", Time since last: 1000120368 ns, Reaching safepoint: 86040 ns, At safepoint: 23137 ns, Total: 109177 ns
[2020-09-11T18:36:45.717+0000][1][safepoint    ] Safepoint "Cleanup", Time since last: 1000117119 ns, Reaching safepoint: 86314 ns, At safepoint: 9842 ns, Total: 96156 ns
[2020-09-11T18:36:46.567+0000][1][safepoint    ] Safepoint "RevokeBias", Time since last: 850473346 ns, Reaching safepoint: 104320 ns, At safepoint: 25738 ns, Total: 130058 ns
[2020-09-11T18:36:47.567+0000][1][safepoint    ] Safepoint "Cleanup", Time since last: 1000114311 ns, Reaching safepoint: 101413 ns, At safepoint: 9152 ns, Total: 110565 ns
[2020-09-11T18:36:48.568+0000][1][safepoint    ] Safepoint "Cleanup", Time since last: 1000095151 ns, Reaching safepoint: 173819 ns, At safepoint: 10288 ns, Total: 184107 ns
[2020-09-11T18:36:48.629+0000][1][safepoint    ] Safepoint "RevokeBias", Time since last: 61228524 ns, Reaching safepoint: 91041 ns, At safepoint: 26213 ns, Total: 117254 ns
[2020-09-11T18:36:49.629+0000][1][safepoint    ] Safepoint "Cleanup", Time since last: 1000108530 ns, Reaching safepoint: 91539 ns, At safepoint: 11063 ns, Total: 102602 ns
[2020-09-11T18:36:50.629+0000][1][safepoint    ] Safepoint "Cleanup", Time since last: 1000136261 ns, Reaching safepoint: 85019 ns, At safepoint: 9590 ns, Total: 94609 ns
[2020-09-11T18:36:50.778+0000][1][safepoint    ] Safepoint "RevokeBias", Time since last: 148140498 ns, Reaching safepoint: 93383 ns, At safepoint: 25158 ns, Total: 118541 ns
[2020-09-11T18:36:51.778+0000][1][safepoint    ] Safepoint "Cleanup", Time since last: 1000105869 ns, Reaching safepoint: 85296 ns, At safepoint: 7610 ns, Total: 92906 ns
[2020-09-11T18:36:52.778+0000][1][safepoint    ] Safepoint "Cleanup", Time since last: 1000108665 ns, Reaching safepoint: 81241 ns, At safepoint: 8416 ns, Total: 89657 ns
[2020-09-11T18:36:53.778+0000][1][safepoint    ] Safepoint "Cleanup", Time since last: 1000109299 ns, Reaching safepoint: 89331 ns, At safepoint: 8451 ns, Total: 97782 ns
[2020-09-11T18:36:54.779+0000][1][safepoint    ] Safepoint "Cleanup", Time since last: 1000111864 ns, Reaching safepoint: 85659 ns, At safepoint: 8492 ns, Total: 94151 ns
[2020-09-11T18:36:55.779+0000][1][safepoint    ] Safepoint "Cleanup", Time since last: 1000115197 ns, Reaching safepoint: 83920 ns, At safepoint: 8443 ns, Total: 92363 ns
[2020-09-11T18:36:56.540+0000][1][safepoint    ] Safepoint "RevokeBias", Time since last: 760742049 ns, Reaching safepoint: 98638 ns, At safepoint: 25613 ns, Total: 124251 ns
[2020-09-11T18:36:57.540+0000][1][safepoint    ] Safepoint "Cleanup", Time since last: 1000108614 ns, Reaching safepoint: 82295 ns, At safepoint: 8636 ns, Total: 90931 ns
[2020-09-11T18:36:58.540+0000][1][safepoint    ] Safepoint "Cleanup", Time since last: 1000403309 ns, Reaching safepoint: 87816 ns, At safepoint: 8298 ns, Total: 96114 ns
[2020-09-11T18:36:58.813+0000][1][safepoint    ] Safepoint "RevokeBias", Time since last: 272697606 ns, Reaching safepoint: 97009 ns, At safepoint: 25674 ns, Total: 122683 ns
[2020-09-11T18:36:59.813+0000][1][safepoint    ] Safepoint "Cleanup", Time since last: 1000112010 ns, Reaching safepoint: 80951 ns, At safepoint: 9974 ns, Total: 90925 ns
[2020-09-11T18:37:00.719+0000][1][safepoint    ] Safepoint "RevokeBias", Time since last: 906009474 ns, Reaching safepoint: 96241 ns, At safepoint: 24797 ns, Total: 121038 ns
[2020-09-11T18:37:01.720+0000][1][safepoint    ] Safepoint "Cleanup", Time since last: 1000127786 ns, Reaching safepoint: 82339 ns, At safepoint: 9191 ns, Total: 91530 ns
[2020-09-11T18:37:02.720+0000][1][safepoint    ] Safepoint "Cleanup", Time since last: 1000118520 ns, Reaching safepoint: 83801 ns, At safepoint: 9028 ns, Total: 92829 ns
[2020-09-11T18:37:03.720+0000][1][safepoint    ] Safepoint "Cleanup", Time since last: 1000120058 ns, Reaching safepoint: 84063 ns, At safepoint: 9295 ns, Total: 93358 ns
[2020-09-11T18:37:04.720+0000][1][safepoint    ] Safepoint "Cleanup", Time since last: 1000117134 ns, Reaching safepoint: 83790 ns, At safepoint: 9681 ns, Total: 93471 ns
[2020-09-11T18:37:05.468+0000][1][gc,start     ] GC(199) Pause Young (Allocation Failure)
[2020-09-11T18:37:05.468+0000][1][gc,task      ] GC(199) Using 1 workers of 1 for evacuation
[2020-09-11T18:37:05.479+0000][1][gc,age       ] GC(199) Desired survivor size 4358144 bytes, new threshold 3 (max threshold 6)
[2020-09-11T18:37:05.479+0000][1][gc,age       ] GC(199) Age table with threshold 3 (max threshold 6)
[2020-09-11T18:37:05.479+0000][1][gc,age       ] GC(199) - age   1:     437520 bytes,     437520 total
[2020-09-11T18:37:05.479+0000][1][gc,age       ] GC(199) - age   2:     110744 bytes,     548264 total
[2020-09-11T18:37:05.479+0000][1][gc,age       ] GC(199) - age   3:    4160712 bytes,    4708976 total
[2020-09-11T18:37:05.479+0000][1][gc,heap      ] GC(199) ParNew: 73337K->8512K(76672K)
[2020-09-11T18:37:05.479+0000][1][gc,heap      ] GC(199) CMS: 113210K->113267K(439104K)
[2020-09-11T18:37:05.479+0000][1][gc,metaspace ] GC(199) Metaspace: 94959K->94959K(1136640K)
[2020-09-11T18:37:05.479+0000][1][gc           ] GC(199) Pause Young (Allocation Failure) 182M->118M(503M) 10.987ms
[2020-09-11T18:37:05.479+0000][1][gc,cpu       ] GC(199) User=0.00s Sys=0.00s Real=0.01s
[2020-09-11T18:37:05.481+0000][1][safepoint    ] Safepoint "GenCollectForAllocation", Time since last: 747320117 ns, Reaching safepoint: 167265 ns, At safepoint: 12958819 ns, Total: 13126084 ns
[2020-09-11T18:37:06.487+0000][1][safepoint    ] Safepoint "Cleanup", Time since last: 1005607870 ns, Reaching safepoint: 154114 ns, At safepoint: 215718 ns, Total: 369832 ns
[2020-09-11T18:37:06.533+0000][1][safepoint    ] Safepoint "RevokeBias", Time since last: 46201747 ns, Reaching safepoint: 97652 ns, At safepoint: 25658 ns, Total: 123310 ns
[2020-09-11T18:37:07.533+0000][1][safepoint    ] Safepoint "Cleanup", Time since last: 1000113079 ns, Reaching safepoint: 82450 ns, At safepoint: 9150 ns, Total: 91600 ns
[2020-09-11T18:37:08.533+0000][1][safepoint    ] Safepoint "Cleanup", Time since last: 1000080753 ns, Reaching safepoint: 90288 ns, At safepoint: 8435 ns, Total: 98723 ns
[2020-09-11T18:37:08.708+0000][1][safepoint    ] Safepoint "RevokeBias", Time since last: 174256856 ns, Reaching safepoint: 111262 ns, At safepoint: 27206 ns, Total: 138468 ns
[2020-09-11T18:37:09.708+0000][1][safepoint    ] Safepoint "Cleanup", Time since last: 1000110745 ns, Reaching safepoint: 85825 ns, At safepoint: 9906 ns, Total: 95731 ns
[2020-09-11T18:37:10.708+0000][1][safepoint    ] Safepoint "Cleanup", Time since last: 1000116013 ns, Reaching safepoint: 122426 ns, At safepoint: 9274 ns, Total: 131700 ns
[2020-09-11T18:37:10.778+0000][1][safepoint    ] Safepoint "RevokeBias", Time since last: 69303299 ns, Reaching safepoint: 95081 ns, At safepoint: 24077 ns, Total: 119158 ns
[2020-09-11T18:37:11.778+0000][1][safepoint    ] Safepoint "Cleanup", Time since last: 1000130856 ns, Reaching safepoint: 95296 ns, At safepoint: 10312 ns, Total: 105608 ns
[2020-09-11T18:37:12.778+0000][1][safepoint    ] Safepoint "Cleanup", Time since last: 1000112539 ns, Reaching safepoint: 87341 ns, At safepoint: 9062 ns, Total: 96403 ns
[2020-09-11T18:37:13.778+0000][1][safepoint    ] Safepoint "Cleanup", Time since last: 1000113316 ns, Reaching safepoint: 82900 ns, At safepoint: 9144 ns, Total: 92044 ns
[2020-09-11T18:37:14.779+0000][1][safepoint    ] Safepoint "Cleanup", Time since last: 1000113271 ns, Reaching safepoint: 85302 ns, At safepoint: 9095 ns, Total: 94397 ns
[2020-09-11T18:37:15.779+0000][1][safepoint    ] Safepoint "Cleanup", Time since last: 1000113369 ns, Reaching safepoint: 84260 ns, At safepoint: 9327 ns, Total: 93587 ns
[2020-09-11T18:37:16.545+0000][1][safepoint    ] Safepoint "RevokeBias", Time since last: 766479841 ns, Reaching safepoint: 98984 ns, At safepoint: 22918 ns, Total: 121902 ns
[2020-09-11T18:37:17.546+0000][1][safepoint    ] Safepoint "Cleanup", Time since last: 1000108236 ns, Reaching safepoint: 81128 ns, At safepoint: 7082 ns, Total: 88210 ns
[2020-09-11T18:37:18.501+0000][1][gc,start     ] GC(200) Pause Young (Allocation Failure)
[2020-09-11T18:37:18.501+0000][1][gc,task      ] GC(200) Using 1 workers of 1 for evacuation
[2020-09-11T18:37:18.515+0000][1][gc,age       ] GC(200) Desired survivor size 4358144 bytes, new threshold 6 (max threshold 6)
[2020-09-11T18:37:18.516+0000][1][gc,age       ] GC(200) Age table with threshold 6 (max threshold 6)
[2020-09-11T18:37:18.516+0000][1][gc,age       ] GC(200) - age   1:     325976 bytes,     325976 total
[2020-09-11T18:37:18.516+0000][1][gc,age       ] GC(200) - age   2:     380856 bytes,     706832 total
[2020-09-11T18:37:18.516+0000][1][gc,age       ] GC(200) - age   3:     110248 bytes,     817080 total
[2020-09-11T18:37:18.516+0000][1][gc,heap      ] GC(200) ParNew: 76672K->2852K(76672K)
[2020-09-11T18:37:18.516+0000][1][gc,heap      ] GC(200) CMS: 113267K->117335K(439104K)
[2020-09-11T18:37:18.516+0000][1][gc,metaspace ] GC(200) Metaspace: 94974K->94974K(1136640K)
[2020-09-11T18:37:18.516+0000][1][gc           ] GC(200) Pause Young (Allocation Failure) 185M->117M(503M) 14.764ms
[2020-09-11T18:37:18.516+0000][1][gc,cpu       ] GC(200) User=0.01s Sys=0.00s Real=0.01s
[2020-09-11T18:37:18.516+0000][1][safepoint    ] Safepoint "GenCollectForAllocation", Time since last: 952262697 ns, Reaching safepoint: 2980363 ns, At safepoint: 15090175 ns, Total: 18070538 ns
[2020-09-11T18:37:18.660+0000][1][safepoint    ] Safepoint "RevokeBias", Time since last: 143871406 ns, Reaching safepoint: 99711 ns, At safepoint: 25521 ns, Total: 125232 ns
[2020-09-11T18:37:19.660+0000][1][safepoint    ] Safepoint "Cleanup", Time since last: 1000107159 ns, Reaching safepoint: 88175 ns, At safepoint: 9419 ns, Total: 97594 ns
[2020-09-11T18:37:20.660+0000][1][safepoint    ] Safepoint "Cleanup", Time since last: 1000108017 ns, Reaching safepoint: 79341 ns, At safepoint: 8597 ns, Total: 87938 ns
[2020-09-11T18:37:20.844+0000][1][safepoint    ] Safepoint "RevokeBias", Time since last: 183381962 ns, Reaching safepoint: 184107 ns, At safepoint: 27045 ns, Total: 211152 ns
[2020-09-11T18:37:21.844+0000][1][safepoint    ] Safepoint "Cleanup", Time since last: 1000114151 ns, Reaching safepoint: 85042 ns, At safepoint: 9561 ns, Total: 94603 ns
[2020-09-11T18:37:22.844+0000][1][safepoint    ] Safepoint "Cleanup", Time since last: 1000122854 ns, Reaching safepoint: 81346 ns, At safepoint: 9051 ns, Total: 90397 ns
[2020-09-11T18:37:23.845+0000][1][safepoint    ] Safepoint "Cleanup", Time since last: 1000113413 ns, Reaching safepoint: 81492 ns, At safepoint: 9270 ns, Total: 90762 ns
[2020-09-11T18:37:24.845+0000][1][safepoint    ] Safepoint "Cleanup", Time since last: 1000113955 ns, Reaching safepoint: 103432 ns, At safepoint: 8316 ns, Total: 111748 ns
[2020-09-11T18:37:25.845+0000][1][safepoint    ] Safepoint "Cleanup", Time since last: 1000110649 ns, Reaching safepoint: 83054 ns, At safepoint: 9834 ns, Total: 92888 ns
[2020-09-11T18:37:26.522+0000][1][safepoint    ] Safepoint "RevokeBias", Time since last: 677259028 ns, Reaching safepoint: 97597 ns, At safepoint: 25590 ns, Total: 123187 ns
[2020-09-11T18:37:27.523+0000][1][safepoint    ] Safepoint "Cleanup", Time since last: 1000107469 ns, Reaching safepoint: 81129 ns, At safepoint: 8694 ns, Total: 89823 ns
[2020-09-11T18:37:28.523+0000][1][safepoint    ] Safepoint "Cleanup", Time since last: 1000116585 ns, Reaching safepoint: 79748 ns, At safepoint: 8328 ns, Total: 88076 ns
[2020-09-11T18:37:28.625+0000][1][safepoint    ] Safepoint "BulkRevokeBias", Time since last: 102191975 ns, Reaching safepoint: 93694 ns, At safepoint: 407604 ns, Total: 501298 ns
[2020-09-11T18:37:29.626+0000][1][safepoint    ] Safepoint "Cleanup", Time since last: 1000112827 ns, Reaching safepoint: 80933 ns, At safepoint: 9287 ns, Total: 90220 ns
[2020-09-11T18:37:30.626+0000][1][safepoint    ] Safepoint "Cleanup", Time since last: 1000113124 ns, Reaching safepoint: 82191 ns, At safepoint: 9202 ns, Total: 91393 ns
[2020-09-11T18:37:30.742+0000][1][safepoint    ] Safepoint "RevokeBias", Time since last: 116115490 ns, Reaching safepoint: 95916 ns, At safepoint: 25120 ns, Total: 121036 ns
[2020-09-11T18:37:31.742+0000][1][safepoint    ] Safepoint "Cleanup", Time since last: 1000112433 ns, Reaching safepoint: 84381 ns, At safepoint: 9900 ns, Total: 94281 ns
[2020-09-11T18:37:35.743+0000][1][safepoint    ] Safepoint "Cleanup", Time since last: 4000372470 ns, Reaching safepoint: 91454 ns, At safepoint: 10225 ns, Total: 101679 ns
[2020-09-11T18:37:36.542+0000][1][safepoint    ] Safepoint "RevokeBias", Time since last: 799409583 ns, Reaching safepoint: 95135 ns, At safepoint: 24837 ns, Total: 119972 ns
[2020-09-11T18:37:38.525+0000][1][gc,start     ] GC(201) Pause Young (Allocation Failure)
[2020-09-11T18:37:38.525+0000][1][gc,task      ] GC(201) Using 1 workers of 1 for evacuation
[2020-09-11T18:37:38.534+0000][1][gc,age       ] GC(201) Desired survivor size 4358144 bytes, new threshold 6 (max threshold 6)
[2020-09-11T18:37:38.534+0000][1][gc,age       ] GC(201) Age table with threshold 6 (max threshold 6)
[2020-09-11T18:37:38.534+0000][1][gc,age       ] GC(201) - age   1:     357232 bytes,     357232 total
[2020-09-11T18:37:38.534+0000][1][gc,age       ] GC(201) - age   2:     247544 bytes,     604776 total
[2020-09-11T18:37:38.534+0000][1][gc,age       ] GC(201) - age   3:     372120 bytes,     976896 total
[2020-09-11T18:37:38.534+0000][1][gc,age       ] GC(201) - age   4:     104088 bytes,    1080984 total
[2020-09-11T18:37:38.534+0000][1][gc,heap      ] GC(201) ParNew: 71012K->1825K(76672K)
[2020-09-11T18:37:38.534+0000][1][gc,heap      ] GC(201) CMS: 117335K->117335K(439104K)
[2020-09-11T18:37:38.534+0000][1][gc,metaspace ] GC(201) Metaspace: 94987K->94987K(1136640K)
[2020-09-11T18:37:38.534+0000][1][gc           ] GC(201) Pause Young (Allocation Failure) 183M->116M(503M) 8.941ms
[2020-09-11T18:37:38.534+0000][1][gc,cpu       ] GC(201) User=0.01s Sys=0.00s Real=0.01s
[2020-09-11T18:37:38.534+0000][1][safepoint    ] Safepoint "GenCollectForAllocation", Time since last: 1982755120 ns, Reaching safepoint: 166196 ns, At safepoint: 9151420 ns, Total: 9317616 ns
[2020-09-11T18:37:38.624+0000][1][safepoint    ] Safepoint "RevokeBias", Time since last: 89374437 ns, Reaching safepoint: 92260 ns, At safepoint: 24237 ns, Total: 116497 ns
[2020-09-11T18:37:40.777+0000][1][safepoint    ] Safepoint "RevokeBias", Time since last: 2153075816 ns, Reaching safepoint: 174364 ns, At safepoint: 26794 ns, Total: 201158 ns
[2020-09-11T18:37:46.643+0000][1][safepoint    ] Safepoint "RevokeBias", Time since last: 5865338009 ns, Reaching safepoint: 95700 ns, At safepoint: 25198 ns, Total: 120898 ns
[2020-09-11T18:37:48.552+0000][1][safepoint    ] Safepoint "RevokeBias", Time since last: 1909087983 ns, Reaching safepoint: 97624 ns, At safepoint: 24590 ns, Total: 122214 ns
[2020-09-11T18:37:50.722+0000][1][safepoint    ] Safepoint "RevokeBias", Time since last: 2170204406 ns, Reaching safepoint: 186826 ns, At safepoint: 30297 ns, Total: 217123 ns
[2020-09-11T18:37:54.723+0000][1][safepoint    ] Safepoint "Cleanup", Time since last: 4000325333 ns, Reaching safepoint: 85279 ns, At safepoint: 7931 ns, Total: 93210 ns
[2020-09-11T18:37:56.563+0000][1][safepoint    ] Safepoint "RevokeBias", Time since last: 1840424397 ns, Reaching safepoint: 95931 ns, At safepoint: 25262 ns, Total: 121193 ns
[2020-09-11T18:37:58.429+0000][1][gc,start     ] GC(202) Pause Young (Allocation Failure)
[2020-09-11T18:37:58.429+0000][1][gc,task      ] GC(202) Using 1 workers of 1 for evacuation
[2020-09-11T18:37:58.442+0000][1][gc,age       ] GC(202) Desired survivor size 4358144 bytes, new threshold 6 (max threshold 6)
[2020-09-11T18:37:58.442+0000][1][gc,age       ] GC(202) Age table with threshold 6 (max threshold 6)
[2020-09-11T18:37:58.442+0000][1][gc,age       ] GC(202) - age   1:     121944 bytes,     121944 total
[2020-09-11T18:37:58.442+0000][1][gc,age       ] GC(202) - age   2:     274872 bytes,     396816 total
[2020-09-11T18:37:58.442+0000][1][gc,age       ] GC(202) - age   3:     243800 bytes,     640616 total
[2020-09-11T18:37:58.442+0000][1][gc,age       ] GC(202) - age   4:     369672 bytes,    1010288 total
[2020-09-11T18:37:58.442+0000][1][gc,age       ] GC(202) - age   5:     103776 bytes,    1114064 total
[2020-09-11T18:37:58.442+0000][1][gc,heap      ] GC(202) ParNew: 69985K->1248K(76672K)
[2020-09-11T18:37:58.442+0000][1][gc,heap      ] GC(202) CMS: 117335K->117335K(439104K)
[2020-09-11T18:37:58.442+0000][1][gc,metaspace ] GC(202) Metaspace: 95000K->95000K(1136640K)
[2020-09-11T18:37:58.442+0000][1][gc           ] GC(202) Pause Young (Allocation Failure) 182M->115M(503M) 13.124ms
[2020-09-11T18:37:58.442+0000][1][gc,cpu       ] GC(202) User=0.01s Sys=0.00s Real=0.02s
[2020-09-11T18:37:58.442+0000][1][safepoint    ] Safepoint "GenCollectForAllocation", Time since last: 1861620060 ns, Reaching safepoint: 4028237 ns, At safepoint: 13228731 ns, Total: 17256968 ns
[2020-09-11T18:37:58.761+0000][1][safepoint    ] Safepoint "RevokeBias", Time since last: 319136806 ns, Reaching safepoint: 106342 ns, At safepoint: 27474 ns, Total: 133816 ns
[2020-09-11T18:38:00.777+0000][1][safepoint    ] Safepoint "RevokeBias", Time since last: 2015008787 ns, Reaching safepoint: 171108 ns, At safepoint: 27527 ns, Total: 198635 ns
[2020-09-11T18:38:03.777+0000][1][safepoint    ] Safepoint "Cleanup", Time since last: 3000275395 ns, Reaching safepoint: 87337 ns, At safepoint: 8671 ns, Total: 96008 ns
[2020-09-11T18:38:06.532+0000][1][safepoint    ] Safepoint "RevokeBias", Time since last: 2754734841 ns, Reaching safepoint: 95972 ns, At safepoint: 26560 ns, Total: 122532 ns
[2020-09-11T18:38:08.532+0000][1][safepoint    ] Safepoint "Cleanup", Time since last: 2000190470 ns, Reaching safepoint: 83256 ns, At safepoint: 7903 ns, Total: 91159 ns
[2020-09-11T18:38:08.738+0000][1][safepoint    ] Safepoint "RevokeBias", Time since last: 205801000 ns, Reaching safepoint: 92571 ns, At safepoint: 22157 ns, Total: 114728 ns
[2020-09-11T18:38:10.782+0000][1][safepoint    ] Safepoint "RevokeBias", Time since last: 2044225968 ns, Reaching safepoint: 90258 ns, At safepoint: 23183 ns, Total: 113441 ns
[2020-09-11T18:38:16.568+0000][1][safepoint    ] Safepoint "RevokeBias", Time since last: 5785771931 ns, Reaching safepoint: 93534 ns, At safepoint: 24117 ns, Total: 117651 ns
[2020-09-11T18:38:17.568+0000][1][safepoint    ] Safepoint "Cleanup", Time since last: 1000107401 ns, Reaching safepoint: 88732 ns, At safepoint: 9099 ns, Total: 97831 ns
[2020-09-11T18:38:18.487+0000][1][gc,start     ] GC(203) Pause Young (Allocation Failure)
[2020-09-11T18:38:18.487+0000][1][gc,task      ] GC(203) Using 1 workers of 1 for evacuation
[2020-09-11T18:38:18.499+0000][1][gc,age       ] GC(203) Desired survivor size 4358144 bytes, new threshold 6 (max threshold 6)
[2020-09-11T18:38:18.499+0000][1][gc,age       ] GC(203) Age table with threshold 6 (max threshold 6)
[2020-09-11T18:38:18.499+0000][1][gc,age       ] GC(203) - age   1:     213664 bytes,     213664 total
[2020-09-11T18:38:18.499+0000][1][gc,age       ] GC(203) - age   2:      30904 bytes,     244568 total
[2020-09-11T18:38:18.499+0000][1][gc,age       ] GC(203) - age   3:     266152 bytes,     510720 total
[2020-09-11T18:38:18.499+0000][1][gc,age       ] GC(203) - age   4:     243616 bytes,     754336 total
[2020-09-11T18:38:18.499+0000][1][gc,age       ] GC(203) - age   5:     369480 bytes,    1123816 total
[2020-09-11T18:38:18.499+0000][1][gc,age       ] GC(203) - age   6:     102536 bytes,    1226352 total
[2020-09-11T18:38:18.499+0000][1][gc,heap      ] GC(203) ParNew: 69408K->1943K(76672K)
[2020-09-11T18:38:18.499+0000][1][gc,heap      ] GC(203) CMS: 117335K->117335K(439104K)
[2020-09-11T18:38:18.499+0000][1][gc,metaspace ] GC(203) Metaspace: 95036K->95036K(1136640K)
[2020-09-11T18:38:18.499+0000][1][gc           ] GC(203) Pause Young (Allocation Failure) 182M->116M(503M) 12.282ms
[2020-09-11T18:38:18.499+0000][1][gc,cpu       ] GC(203) User=0.00s Sys=0.00s Real=0.01s
[2020-09-11T18:38:18.499+0000][1][safepoint    ] Safepoint "GenCollectForAllocation", Time since last: 916983246 ns, Reaching safepoint: 1169448 ns, At safepoint: 12418088 ns, Total: 13587536 ns
[2020-09-11T18:38:18.732+0000][1][safepoint    ] Safepoint "RevokeBias", Time since last: 232522359 ns, Reaching safepoint: 101839 ns, At safepoint: 22849 ns, Total: 124688 ns
[2020-09-11T18:38:20.830+0000][1][safepoint    ] Safepoint "RevokeBias", Time since last: 2098480718 ns, Reaching safepoint: 129766 ns, At safepoint: 31078 ns, Total: 160844 ns
[2020-09-11T18:38:26.615+0000][1][safepoint    ] Safepoint "RevokeBias", Time since last: 5784106565 ns, Reaching safepoint: 95599 ns, At safepoint: 26850 ns, Total: 122449 ns
[2020-09-11T18:38:27.615+0000][1][safepoint    ] Safepoint "Cleanup", Time since last: 1000111422 ns, Reaching safepoint: 87035 ns, At safepoint: 9039 ns, Total: 96074 ns
[2020-09-11T18:38:28.615+0000][1][safepoint    ] Safepoint "Cleanup", Time since last: 1000115874 ns, Reaching safepoint: 86903 ns, At safepoint: 8746 ns, Total: 95649 ns
[2020-09-11T18:38:28.727+0000][1][safepoint    ] Safepoint "RevokeBias", Time since last: 112021511 ns, Reaching safepoint: 101258 ns, At safepoint: 25451 ns, Total: 126709 ns
[2020-09-11T18:38:30.721+0000][1][safepoint    ] Safepoint "RevokeBias", Time since last: 1993887571 ns, Reaching safepoint: 104641 ns, At safepoint: 25015 ns, Total: 129656 ns
[2020-09-11T18:38:35.722+0000][1][safepoint    ] Safepoint "Cleanup", Time since last: 5000430126 ns, Reaching safepoint: 89537 ns, At safepoint: 9734 ns, Total: 99271 ns
[2020-09-11T18:38:36.590+0000][1][safepoint    ] Safepoint "RevokeBias", Time since last: 867857925 ns, Reaching safepoint: 95483 ns, At safepoint: 25128 ns, Total: 120611 ns
[2020-09-11T18:38:38.779+0000][1][safepoint    ] Safepoint "RevokeBias", Time since last: 2189663467 ns, Reaching safepoint: 88829 ns, At safepoint: 25720 ns, Total: 114549 ns
[2020-09-11T18:38:40.734+0000][1][safepoint    ] Safepoint "RevokeBias", Time since last: 1954467814 ns, Reaching safepoint: 95011 ns, At safepoint: 25466 ns, Total: 120477 ns
[2020-09-11T18:38:42.133+0000][1][gc,start     ] GC(204) Pause Young (Allocation Failure)
[2020-09-11T18:38:42.133+0000][1][gc,task      ] GC(204) Using 1 workers of 1 for evacuation
[2020-09-11T18:38:42.152+0000][1][gc,age       ] GC(204) Desired survivor size 4358144 bytes, new threshold 6 (max threshold 6)
[2020-09-11T18:38:42.153+0000][1][gc,age       ] GC(204) Age table with threshold 6 (max threshold 6)
[2020-09-11T18:38:42.153+0000][1][gc,age       ] GC(204) - age   1:     112048 bytes,     112048 total
[2020-09-11T18:38:42.153+0000][1][gc,age       ] GC(204) - age   2:      60344 bytes,     172392 total
[2020-09-11T18:38:42.153+0000][1][gc,age       ] GC(204) - age   3:      23448 bytes,     195840 total
[2020-09-11T18:38:42.153+0000][1][gc,age       ] GC(204) - age   4:     265080 bytes,     460920 total
[2020-09-11T18:38:42.153+0000][1][gc,age       ] GC(204) - age   5:     243616 bytes,     704536 total
[2020-09-11T18:38:42.153+0000][1][gc,age       ] GC(204) - age   6:     369480 bytes,    1074016 total
[2020-09-11T18:38:42.153+0000][1][gc,heap      ] GC(204) ParNew: 70103K->1141K(76672K)
[2020-09-11T18:38:42.153+0000][1][gc,heap      ] GC(204) CMS: 117335K->117435K(439104K)
[2020-09-11T18:38:42.153+0000][1][gc,metaspace ] GC(204) Metaspace: 95104K->95104K(1136640K)
[2020-09-11T18:38:42.153+0000][1][gc           ] GC(204) Pause Young (Allocation Failure) 183M->115M(503M) 19.636ms
[2020-09-11T18:38:42.153+0000][1][gc,cpu       ] GC(204) User=0.01s Sys=0.00s Real=0.01s
[2020-09-11T18:38:42.154+0000][1][safepoint    ] Safepoint "GenCollectForAllocation", Time since last: 1398814453 ns, Reaching safepoint: 195055 ns, At safepoint: 20717696 ns, Total: 20912751 ns
[2020-09-11T18:38:46.573+0000][1][safepoint    ] Safepoint "RevokeBias", Time since last: 4419186276 ns, Reaching safepoint: 104150 ns, At safepoint: 25940 ns, Total: 130090 ns
[2020-09-11T18:38:48.686+0000][1][safepoint    ] Safepoint "RevokeBias", Time since last: 2113314251 ns, Reaching safepoint: 94228 ns, At safepoint: 24309 ns, Total: 118537 ns
[2020-09-11T18:38:50.776+0000][1][safepoint    ] Safepoint "RevokeBias", Time since last: 2088946042 ns, Reaching safepoint: 97166 ns, At safepoint: 43960 ns, Total: 141126 ns
[2020-09-11T18:38:56.556+0000][1][safepoint    ] Safepoint "RevokeBias", Time since last: 5779929384 ns, Reaching safepoint: 99957 ns, At safepoint: 25577 ns, Total: 125534 ns
[2020-09-11T18:38:58.548+0000][1][safepoint    ] Safepoint "BulkRevokeBias", Time since last: 1992553265 ns, Reaching safepoint: 89854 ns, At safepoint: 219878 ns, Total: 309732 ns
[2020-09-11T18:39:00.743+0000][1][safepoint    ] Safepoint "RevokeBias", Time since last: 2194405880 ns, Reaching safepoint: 101225 ns, At safepoint: 27063 ns, Total: 128288 ns
[2020-09-11T18:39:06.505+0000][1][gc,start     ] GC(205) Pause Young (Allocation Failure)
[2020-09-11T18:39:06.505+0000][1][gc,task      ] GC(205) Using 1 workers of 1 for evacuation
[2020-09-11T18:39:06.515+0000][1][gc,age       ] GC(205) Desired survivor size 4358144 bytes, new threshold 6 (max threshold 6)
[2020-09-11T18:39:06.515+0000][1][gc,age       ] GC(205) Age table with threshold 6 (max threshold 6)
[2020-09-11T18:39:06.515+0000][1][gc,age       ] GC(205) - age   1:     140016 bytes,     140016 total
[2020-09-11T18:39:06.515+0000][1][gc,age       ] GC(205) - age   2:      18592 bytes,     158608 total
[2020-09-11T18:39:06.515+0000][1][gc,age       ] GC(205) - age   3:      48672 bytes,     207280 total
[2020-09-11T18:39:06.515+0000][1][gc,age       ] GC(205) - age   4:      22864 bytes,     230144 total
[2020-09-11T18:39:06.515+0000][1][gc,age       ] GC(205) - age   5:     264936 bytes,     495080 total
[2020-09-11T18:39:06.515+0000][1][gc,age       ] GC(205) - age   6:     243616 bytes,     738696 total
[2020-09-11T18:39:06.515+0000][1][gc,heap      ] GC(205) ParNew: 69301K->1071K(76672K)
[2020-09-11T18:39:06.515+0000][1][gc,heap      ] GC(205) CMS: 117435K->117796K(439104K)
[2020-09-11T18:39:06.515+0000][1][gc,metaspace ] GC(205) Metaspace: 95128K->95128K(1136640K)
[2020-09-11T18:39:06.515+0000][1][gc           ] GC(205) Pause Young (Allocation Failure) 182M->116M(503M) 9.893ms
[2020-09-11T18:39:06.515+0000][1][gc,cpu       ] GC(205) User=0.00s Sys=0.00s Real=0.01s
[2020-09-11T18:39:06.517+0000][1][safepoint    ] Safepoint "GenCollectForAllocation", Time since last: 5760891550 ns, Reaching safepoint: 970415 ns, At safepoint: 12045997 ns, Total: 13016412 ns
[2020-09-11T18:39:06.630+0000][1][safepoint    ] Safepoint "RevokeBias", Time since last: 113305727 ns, Reaching safepoint: 95955 ns, At safepoint: 24919 ns, Total: 120874 ns
[2020-09-11T18:39:08.585+0000][1][safepoint    ] Safepoint "RevokeBias", Time since last: 1954404649 ns, Reaching safepoint: 172693 ns, At safepoint: 25452 ns, Total: 198145 ns
[2020-09-11T18:39:10.726+0000][1][safepoint    ] Safepoint "RevokeBias", Time since last: 2141265719 ns, Reaching safepoint: 95155 ns, At safepoint: 23259 ns, Total: 118414 ns
[2020-09-11T18:39:12.727+0000][1][safepoint    ] Safepoint "Cleanup", Time since last: 2000187726 ns, Reaching safepoint: 89205 ns, At safepoint: 10331 ns, Total: 99536 ns
[2020-09-11T18:39:16.572+0000][1][safepoint    ] Safepoint "RevokeBias", Time since last: 3845183897 ns, Reaching safepoint: 97115 ns, At safepoint: 25530 ns, Total: 122645 ns
[2020-09-11T18:39:18.513+0000][1][gc,start     ] GC(206) Pause Young (Allocation Failure)
[2020-09-11T18:39:18.513+0000][1][gc,task      ] GC(206) Using 1 workers of 1 for evacuation
[2020-09-11T18:39:18.521+0000][1][gc,age       ] GC(206) Desired survivor size 4358144 bytes, new threshold 6 (max threshold 6)
[2020-09-11T18:39:18.521+0000][1][gc,age       ] GC(206) Age table with threshold 6 (max threshold 6)
[2020-09-11T18:39:18.521+0000][1][gc,age       ] GC(206) - age   1:     140920 bytes,     140920 total
[2020-09-11T18:39:18.521+0000][1][gc,age       ] GC(206) - age   2:      62744 bytes,     203664 total
[2020-09-11T18:39:18.521+0000][1][gc,age       ] GC(206) - age   3:      16232 bytes,     219896 total
[2020-09-11T18:39:18.521+0000][1][gc,age       ] GC(206) - age   4:      48672 bytes,     268568 total
[2020-09-11T18:39:18.521+0000][1][gc,age       ] GC(206) - age   5:      22864 bytes,     291432 total
[2020-09-11T18:39:18.521+0000][1][gc,age       ] GC(206) - age   6:     264936 bytes,     556368 total
[2020-09-11T18:39:18.522+0000][1][gc,heap      ] GC(206) ParNew: 69231K->809K(76672K)
[2020-09-11T18:39:18.522+0000][1][gc,heap      ] GC(206) CMS: 117796K->118034K(439104K)
[2020-09-11T18:39:18.522+0000][1][gc,metaspace ] GC(206) Metaspace: 95129K->95129K(1136640K)
[2020-09-11T18:39:18.522+0000][1][gc           ] GC(206) Pause Young (Allocation Failure) 182M->116M(503M) 8.689ms
[2020-09-11T18:39:18.522+0000][1][gc,cpu       ] GC(206) User=0.01s Sys=0.00s Real=0.01s
[2020-09-11T18:39:18.522+0000][1][safepoint    ] Safepoint "GenCollectForAllocation", Time since last: 1938482032 ns, Reaching safepoint: 2462703 ns, At safepoint: 8780406 ns, Total: 11243109 ns
[2020-09-11T18:39:18.655+0000][1][safepoint    ] Safepoint "RevokeBias", Time since last: 133689886 ns, Reaching safepoint: 98375 ns, At safepoint: 26776 ns, Total: 125151 ns
[2020-09-11T18:39:20.725+0000][1][safepoint    ] Safepoint "RevokeBias", Time since last: 2069000186 ns, Reaching safepoint: 102466 ns, At safepoint: 25460 ns, Total: 127926 ns
[2020-09-11T18:39:26.524+0000][1][safepoint    ] Safepoint "RevokeBias", Time since last: 5798901403 ns, Reaching safepoint: 94831 ns, At safepoint: 23962 ns, Total: 118793 ns
[2020-09-11T18:39:28.687+0000][1][safepoint    ] Safepoint "RevokeBias", Time since last: 2163622165 ns, Reaching safepoint: 97630 ns, At safepoint: 22614 ns, Total: 120244 ns
[2020-09-11T18:39:29.688+0000][1][safepoint    ] Safepoint "Cleanup", Time since last: 1000107494 ns, Reaching safepoint: 93691 ns, At safepoint: 8684 ns, Total: 102375 ns
[2020-09-11T18:39:30.730+0000][1][safepoint    ] Safepoint "RevokeBias", Time since last: 1042218509 ns, Reaching safepoint: 94852 ns, At safepoint: 25533 ns, Total: 120385 ns
[2020-09-11T18:39:35.731+0000][1][safepoint    ] Safepoint "Cleanup", Time since last: 5000634301 ns, Reaching safepoint: 106751 ns, At safepoint: 9109 ns, Total: 115860 ns
[2020-09-11T18:39:36.529+0000][1][safepoint    ] Safepoint "RevokeBias", Time since last: 798303863 ns, Reaching safepoint: 102240 ns, At safepoint: 24389 ns, Total: 126629 ns
[2020-09-11T18:39:38.485+0000][1][gc,start     ] GC(207) Pause Young (Allocation Failure)
[2020-09-11T18:39:38.485+0000][1][gc,task      ] GC(207) Using 1 workers of 1 for evacuation
[2020-09-11T18:39:38.501+0000][1][gc,age       ] GC(207) Desired survivor size 4358144 bytes, new threshold 6 (max threshold 6)
[2020-09-11T18:39:38.502+0000][1][gc,age       ] GC(207) Age table with threshold 6 (max threshold 6)
[2020-09-11T18:39:38.502+0000][1][gc,age       ] GC(207) - age   1:     459104 bytes,     459104 total
[2020-09-11T18:39:38.502+0000][1][gc,age       ] GC(207) - age   2:      75912 bytes,     535016 total
[2020-09-11T18:39:38.502+0000][1][gc,age       ] GC(207) - age   3:      35864 bytes,     570880 total
[2020-09-11T18:39:38.502+0000][1][gc,age       ] GC(207) - age   4:      12632 bytes,     583512 total
[2020-09-11T18:39:38.502+0000][1][gc,age       ] GC(207) - age   5:      48520 bytes,     632032 total
[2020-09-11T18:39:38.502+0000][1][gc,age       ] GC(207) - age   6:      22864 bytes,     654896 total
[2020-09-11T18:39:38.502+0000][1][gc,heap      ] GC(207) ParNew: 68969K->1219K(76672K)
[2020-09-11T18:39:38.502+0000][1][gc,heap      ] GC(207) CMS: 118034K->118293K(439104K)
[2020-09-11T18:39:38.502+0000][1][gc,metaspace ] GC(207) Metaspace: 95138K->95138K(1136640K)
[2020-09-11T18:39:38.502+0000][1][gc           ] GC(207) Pause Young (Allocation Failure) 182M->116M(503M) 16.980ms
[2020-09-11T18:39:38.502+0000][1][gc,cpu       ] GC(207) User=0.00s Sys=0.00s Real=0.02s
[2020-09-11T18:39:38.505+0000][1][safepoint    ] Safepoint "GenCollectForAllocation", Time since last: 1955411829 ns, Reaching safepoint: 176578 ns, At safepoint: 20815063 ns, Total: 20991641 ns
[2020-09-11T18:39:38.663+0000][1][safepoint    ] Safepoint "RevokeBias", Time since last: 156996024 ns, Reaching safepoint: 103038 ns, At safepoint: 25509 ns, Total: 128547 ns
[2020-09-11T18:39:39.663+0000][1][safepoint    ] Safepoint "Cleanup", Time since last: 1000110758 ns, Reaching safepoint: 90437 ns, At safepoint: 10067 ns, Total: 100504 ns
[2020-09-11T18:39:40.792+0000][1][safepoint    ] Safepoint "RevokeBias", Time since last: 1129135007 ns, Reaching safepoint: 96840 ns, At safepoint: 24759 ns, Total: 121599 ns
[2020-09-11T18:39:45.793+0000][1][safepoint    ] Safepoint "Cleanup", Time since last: 5000418286 ns, Reaching safepoint: 87037 ns, At safepoint: 9058 ns, Total: 96095 ns
[2020-09-11T18:39:46.556+0000][1][safepoint    ] Safepoint "RevokeBias", Time since last: 763455165 ns, Reaching safepoint: 99283 ns, At safepoint: 28482 ns, Total: 127765 ns
[2020-09-11T18:39:47.556+0000][1][safepoint    ] Safepoint "Cleanup", Time since last: 1000070020 ns, Reaching safepoint: 89577 ns, At safepoint: 8903 ns, Total: 98480 ns
[2020-09-11T18:39:48.667+0000][1][safepoint    ] Safepoint "RevokeBias", Time since last: 1110814397 ns, Reaching safepoint: 90639 ns, At safepoint: 24224 ns, Total: 114863 ns
[2020-09-11T18:39:50.796+0000][1][safepoint    ] Safepoint "RevokeBias", Time since last: 2128852464 ns, Reaching safepoint: 96392 ns, At safepoint: 25235 ns, Total: 121627 ns
[2020-09-11T18:39:51.796+0000][1][safepoint    ] Safepoint "Cleanup", Time since last: 1000109628 ns, Reaching safepoint: 86937 ns, At safepoint: 8279 ns, Total: 95216 ns
[2020-09-11T18:39:56.571+0000][1][safepoint    ] Safepoint "RevokeBias", Time since last: 4774059021 ns, Reaching safepoint: 98254 ns, At safepoint: 25403 ns, Total: 123657 ns
[2020-09-11T18:39:58.385+0000][1][gc,start     ] GC(208) Pause Young (Allocation Failure)
[2020-09-11T18:39:58.385+0000][1][gc,task      ] GC(208) Using 1 workers of 1 for evacuation
[2020-09-11T18:39:58.406+0000][1][gc,age       ] GC(208) Desired survivor size 4358144 bytes, new threshold 6 (max threshold 6)
[2020-09-11T18:39:58.406+0000][1][gc,age       ] GC(208) Age table with threshold 6 (max threshold 6)
[2020-09-11T18:39:58.406+0000][1][gc,age       ] GC(208) - age   1:     161144 bytes,     161144 total
[2020-09-11T18:39:58.406+0000][1][gc,age       ] GC(208) - age   2:     292968 bytes,     454112 total
[2020-09-11T18:39:58.406+0000][1][gc,age       ] GC(208) - age   3:      69552 bytes,     523664 total
[2020-09-11T18:39:58.406+0000][1][gc,age       ] GC(208) - age   4:      19888 bytes,     543552 total
[2020-09-11T18:39:58.406+0000][1][gc,age       ] GC(208) - age   5:      12320 bytes,     555872 total
[2020-09-11T18:39:58.406+0000][1][gc,age       ] GC(208) - age   6:      47248 bytes,     603120 total
[2020-09-11T18:39:58.406+0000][1][gc,heap      ] GC(208) ParNew: 69379K->784K(76672K)
[2020-09-11T18:39:58.406+0000][1][gc,heap      ] GC(208) CMS: 118293K->118316K(439104K)
[2020-09-11T18:39:58.407+0000][1][gc,metaspace ] GC(208) Metaspace: 95178K->95178K(1136640K)
[2020-09-11T18:39:58.407+0000][1][gc           ] GC(208) Pause Young (Allocation Failure) 183M->116M(503M) 21.667ms
[2020-09-11T18:39:58.407+0000][1][gc,cpu       ] GC(208) User=0.00s Sys=0.00s Real=0.02s
[2020-09-11T18:39:58.409+0000][1][safepoint    ] Safepoint "GenCollectForAllocation", Time since last: 1813026481 ns, Reaching safepoint: 1215250 ns, At safepoint: 24416117 ns, Total: 25631367 ns
[2020-09-11T18:39:58.673+0000][1][safepoint    ] Safepoint "RevokeBias", Time since last: 263341027 ns, Reaching safepoint: 94344 ns, At safepoint: 66539 ns, Total: 160883 ns
[2020-09-11T18:40:00.725+0000][1][safepoint    ] Safepoint "RevokeBias", Time since last: 2052129513 ns, Reaching safepoint: 97673 ns, At safepoint: 25850 ns, Total: 123523 ns
[2020-09-11T18:40:06.523+0000][1][safepoint    ] Safepoint "RevokeBias", Time since last: 5797837564 ns, Reaching safepoint: 100590 ns, At safepoint: 35167 ns, Total: 135757 ns
[2020-09-11T18:40:08.675+0000][1][safepoint    ] Safepoint "RevokeBias", Time since last: 2151833055 ns, Reaching safepoint: 106990 ns, At safepoint: 25539 ns, Total: 132529 ns
[2020-09-11T18:40:10.733+0000][1][safepoint    ] Safepoint "RevokeBias", Time since last: 2057409417 ns, Reaching safepoint: 96228 ns, At safepoint: 26212 ns, Total: 122440 ns
[2020-09-11T18:40:15.733+0000][1][safepoint    ] Safepoint "Cleanup", Time since last: 5000410968 ns, Reaching safepoint: 89613 ns, At safepoint: 9248 ns, Total: 98861 ns
[2020-09-11T18:40:16.529+0000][1][safepoint    ] Safepoint "RevokeBias", Time since last: 796027653 ns, Reaching safepoint: 95206 ns, At safepoint: 24973 ns, Total: 120179 ns
[2020-09-11T18:40:18.469+0000][1][gc,start     ] GC(209) Pause Young (Allocation Failure)
[2020-09-11T18:40:18.469+0000][1][gc,task      ] GC(209) Using 1 workers of 1 for evacuation
[2020-09-11T18:40:18.483+0000][1][gc,age       ] GC(209) Desired survivor size 4358144 bytes, new threshold 6 (max threshold 6)
[2020-09-11T18:40:18.483+0000][1][gc,age       ] GC(209) Age table with threshold 6 (max threshold 6)
[2020-09-11T18:40:18.483+0000][1][gc,age       ] GC(209) - age   1:    1082720 bytes,    1082720 total
[2020-09-11T18:40:18.483+0000][1][gc,age       ] GC(209) - age   2:      76232 bytes,    1158952 total
[2020-09-11T18:40:18.483+0000][1][gc,age       ] GC(209) - age   3:     285920 bytes,    1444872 total
[2020-09-11T18:40:18.483+0000][1][gc,age       ] GC(209) - age   4:      69088 bytes,    1513960 total
[2020-09-11T18:40:18.483+0000][1][gc,age       ] GC(209) - age   5:      19384 bytes,    1533344 total
[2020-09-11T18:40:18.483+0000][1][gc,age       ] GC(209) - age   6:      12320 bytes,    1545664 total
[2020-09-11T18:40:18.483+0000][1][gc,heap      ] GC(209) ParNew: 68944K->1619K(76672K)
[2020-09-11T18:40:18.483+0000][1][gc,heap      ] GC(209) CMS: 118316K->118362K(439104K)
[2020-09-11T18:40:18.483+0000][1][gc,metaspace ] GC(209) Metaspace: 95205K->95205K(1136640K)
[2020-09-11T18:40:18.483+0000][1][gc           ] GC(209) Pause Young (Allocation Failure) 182M->117M(503M) 14.111ms
[2020-09-11T18:40:18.483+0000][1][gc,cpu       ] GC(209) User=0.01s Sys=0.00s Real=0.02s
[2020-09-11T18:40:18.487+0000][1][safepoint    ] Safepoint "GenCollectForAllocation", Time since last: 1937681935 ns, Reaching safepoint: 2022381 ns, At safepoint: 18195536 ns, Total: 20217917 ns
[2020-09-11T18:40:18.611+0000][1][safepoint    ] Safepoint "RevokeBias", Time since last: 123839384 ns, Reaching safepoint: 91189 ns, At safepoint: 24378 ns, Total: 115567 ns
[2020-09-11T18:40:20.737+0000][1][safepoint    ] Safepoint "RevokeBias", Time since last: 2125408871 ns, Reaching safepoint: 103031 ns, At safepoint: 25465 ns, Total: 128496 ns
[2020-09-11T18:40:26.592+0000][1][safepoint    ] Safepoint "RevokeBias", Time since last: 5855664710 ns, Reaching safepoint: 102709 ns, At safepoint: 25852 ns, Total: 128561 ns
[2020-09-11T18:40:28.593+0000][1][safepoint    ] Safepoint "Cleanup", Time since last: 2000183993 ns, Reaching safepoint: 133099 ns, At safepoint: 9585 ns, Total: 142684 ns
[2020-09-11T18:40:28.612+0000][1][safepoint    ] Safepoint "BulkRevokeBias", Time since last: 18727752 ns, Reaching safepoint: 94818 ns, At safepoint: 309265 ns, Total: 404083 ns
[2020-09-11T18:40:30.859+0000][1][safepoint    ] Safepoint "RevokeBias", Time since last: 2246858530 ns, Reaching safepoint: 108866 ns, At safepoint: 24250 ns, Total: 133116 ns
[2020-09-11T18:40:34.859+0000][1][safepoint    ] Safepoint "Cleanup", Time since last: 4000339410 ns, Reaching safepoint: 87107 ns, At safepoint: 9180 ns, Total: 96287 ns
[2020-09-11T18:40:36.515+0000][1][gc,start     ] GC(210) Pause Young (Allocation Failure)
[2020-09-11T18:40:36.515+0000][1][gc,task      ] GC(210) Using 1 workers of 1 for evacuation
[2020-09-11T18:40:36.527+0000][1][gc,age       ] GC(210) Desired survivor size 4358144 bytes, new threshold 6 (max threshold 6)
[2020-09-11T18:40:36.527+0000][1][gc,age       ] GC(210) Age table with threshold 6 (max threshold 6)
[2020-09-11T18:40:36.527+0000][1][gc,age       ] GC(210) - age   1:     234536 bytes,     234536 total
[2020-09-11T18:40:36.527+0000][1][gc,age       ] GC(210) - age   2:     935600 bytes,    1170136 total
[2020-09-11T18:40:36.527+0000][1][gc,age       ] GC(210) - age   3:      45792 bytes,    1215928 total
[2020-09-11T18:40:36.527+0000][1][gc,age       ] GC(210) - age   4:     285920 bytes,    1501848 total
[2020-09-11T18:40:36.527+0000][1][gc,age       ] GC(210) - age   5:      69088 bytes,    1570936 total
[2020-09-11T18:40:36.527+0000][1][gc,age       ] GC(210) - age   6:      19384 bytes,    1590320 total
[2020-09-11T18:40:36.527+0000][1][gc,heap      ] GC(210) ParNew: 69779K->2534K(76672K)
[2020-09-11T18:40:36.527+0000][1][gc,heap      ] GC(210) CMS: 118362K->118374K(439104K)
[2020-09-11T18:40:36.527+0000][1][gc,metaspace ] GC(210) Metaspace: 95209K->95209K(1136640K)
[2020-09-11T18:40:36.527+0000][1][gc           ] GC(210) Pause Young (Allocation Failure) 183M->118M(503M) 12.027ms
[2020-09-11T18:40:36.527+0000][1][gc,cpu       ] GC(210) User=0.01s Sys=0.00s Real=0.01s
[2020-09-11T18:40:36.527+0000][1][safepoint    ] Safepoint "GenCollectForAllocation", Time since last: 1653927819 ns, Reaching safepoint: 1974356 ns, At safepoint: 12094354 ns, Total: 14068710 ns
[2020-09-11T18:40:36.570+0000][1][safepoint    ] Safepoint "RevokeBias", Time since last: 42479790 ns, Reaching safepoint: 95840 ns, At safepoint: 24730 ns, Total: 120570 ns
[2020-09-11T18:40:38.676+0000][1][safepoint    ] Safepoint "RevokeBias", Time since last: 2105995599 ns, Reaching safepoint: 94592 ns, At safepoint: 26161 ns, Total: 120753 ns
[2020-09-11T18:40:40.747+0000][1][safepoint    ] Safepoint "RevokeBias", Time since last: 2070970281 ns, Reaching safepoint: 97366 ns, At safepoint: 24922 ns, Total: 122288 ns
[2020-09-11T18:40:46.525+0000][1][safepoint    ] Safepoint "RevokeBias", Time since last: 5777737145 ns, Reaching safepoint: 97778 ns, At safepoint: 24729 ns, Total: 122507 ns
[2020-09-11T18:40:48.526+0000][1][safepoint    ] Safepoint "Cleanup", Time since last: 2000874446 ns, Reaching safepoint: 78658 ns, At safepoint: 6847 ns, Total: 85505 ns
[2020-09-11T18:40:48.565+0000][1][safepoint    ] Safepoint "RevokeBias", Time since last: 39167457 ns, Reaching safepoint: 95378 ns, At safepoint: 25149 ns, Total: 120527 ns
[2020-09-11T18:40:49.565+0000][1][safepoint    ] Safepoint "Cleanup", Time since last: 1000110366 ns, Reaching safepoint: 91431 ns, At safepoint: 10547 ns, Total: 101978 ns
[2020-09-11T18:40:50.757+0000][1][safepoint    ] Safepoint "RevokeBias", Time since last: 1191168921 ns, Reaching safepoint: 96153 ns, At safepoint: 24939 ns, Total: 121092 ns
[2020-09-11T18:40:53.607+0000][1][gc,start     ] GC(211) Pause Young (Allocation Failure)
[2020-09-11T18:40:53.607+0000][1][gc,task      ] GC(211) Using 1 workers of 1 for evacuation
[2020-09-11T18:40:53.615+0000][1][gc,age       ] GC(211) Desired survivor size 4358144 bytes, new threshold 6 (max threshold 6)
[2020-09-11T18:40:53.615+0000][1][gc,age       ] GC(211) Age table with threshold 6 (max threshold 6)
[2020-09-11T18:40:53.615+0000][1][gc,age       ] GC(211) - age   1:     111344 bytes,     111344 total
[2020-09-11T18:40:53.615+0000][1][gc,age       ] GC(211) - age   2:     148240 bytes,     259584 total
[2020-09-11T18:40:53.615+0000][1][gc,age       ] GC(211) - age   3:     908376 bytes,    1167960 total
[2020-09-11T18:40:53.615+0000][1][gc,age       ] GC(211) - age   4:      45760 bytes,    1213720 total
[2020-09-11T18:40:53.615+0000][1][gc,age       ] GC(211) - age   5:     284680 bytes,    1498400 total
[2020-09-11T18:40:53.615+0000][1][gc,age       ] GC(211) - age   6:      69088 bytes,    1567488 total
[2020-09-11T18:40:53.615+0000][1][gc,heap      ] GC(211) ParNew: 70664K->2963K(76672K)
[2020-09-11T18:40:53.615+0000][1][gc,heap      ] GC(211) CMS: 118374K->118392K(439104K)
[2020-09-11T18:40:53.615+0000][1][gc,metaspace ] GC(211) Metaspace: 95212K->95212K(1136640K)
[2020-09-11T18:40:53.615+0000][1][gc           ] GC(211) Pause Young (Allocation Failure) 184M->118M(503M) 7.734ms
[2020-09-11T18:40:53.615+0000][1][gc,cpu       ] GC(211) User=0.00s Sys=0.00s Real=0.01s
[2020-09-11T18:40:53.617+0000][1][safepoint    ] Safepoint "GenCollectForAllocation", Time since last: 2850174336 ns, Reaching safepoint: 77472 ns, At safepoint: 10039738 ns, Total: 10117210 ns
[2020-09-11T18:40:56.590+0000][1][safepoint    ] Safepoint "RevokeBias", Time since last: 2972522886 ns, Reaching safepoint: 95766 ns, At safepoint: 25615 ns, Total: 121381 ns
[2020-09-11T18:40:58.672+0000][1][safepoint    ] Safepoint "RevokeBias", Time since last: 2081963491 ns, Reaching safepoint: 96052 ns, At safepoint: 24658 ns, Total: 120710 ns
[2020-09-11T18:41:00.849+0000][1][safepoint    ] Safepoint "RevokeBias", Time since last: 2177626206 ns, Reaching safepoint: 96722 ns, At safepoint: 24989 ns, Total: 121711 ns
[2020-09-11T18:41:06.589+0000][1][safepoint    ] Safepoint "RevokeBias", Time since last: 5739257848 ns, Reaching safepoint: 117860 ns, At safepoint: 25635 ns, Total: 143495 ns
[2020-09-11T18:41:08.728+0000][1][safepoint    ] Safepoint "RevokeBias", Time since last: 2138904198 ns, Reaching safepoint: 100817 ns, At safepoint: 22461 ns, Total: 123278 ns
[2020-09-11T18:41:09.728+0000][1][safepoint    ] Safepoint "Cleanup", Time since last: 1000112339 ns, Reaching safepoint: 87022 ns, At safepoint: 9783 ns, Total: 96805 ns
[2020-09-11T18:41:10.709+0000][1][gc,start     ] GC(212) Pause Young (Allocation Failure)
[2020-09-11T18:41:10.709+0000][1][gc,task      ] GC(212) Using 1 workers of 1 for evacuation
[2020-09-11T18:41:10.719+0000][1][gc,age       ] GC(212) Desired survivor size 4358144 bytes, new threshold 6 (max threshold 6)
[2020-09-11T18:41:10.719+0000][1][gc,age       ] GC(212) Age table with threshold 6 (max threshold 6)
[2020-09-11T18:41:10.719+0000][1][gc,age       ] GC(212) - age   1:      94088 bytes,      94088 total
[2020-09-11T18:41:10.719+0000][1][gc,age       ] GC(212) - age   2:      54728 bytes,     148816 total
[2020-09-11T18:41:10.719+0000][1][gc,age       ] GC(212) - age   3:     134280 bytes,     283096 total
[2020-09-11T18:41:10.719+0000][1][gc,age       ] GC(212) - age   4:     906944 bytes,    1190040 total
[2020-09-11T18:41:10.719+0000][1][gc,age       ] GC(212) - age   5:      45664 bytes,    1235704 total
[2020-09-11T18:41:10.719+0000][1][gc,age       ] GC(212) - age   6:     284680 bytes,    1520384 total
[2020-09-11T18:41:10.719+0000][1][gc,heap      ] GC(212) ParNew: 71123K->1888K(76672K)
[2020-09-11T18:41:10.719+0000][1][gc,heap      ] GC(212) CMS: 118392K->118460K(439104K)
[2020-09-11T18:41:10.719+0000][1][gc,metaspace ] GC(212) Metaspace: 95224K->95224K(1136640K)
[2020-09-11T18:41:10.719+0000][1][gc           ] GC(212) Pause Young (Allocation Failure) 185M->117M(503M) 9.689ms
[2020-09-11T18:41:10.719+0000][1][gc,cpu       ] GC(212) User=0.01s Sys=0.00s Real=0.01s
[2020-09-11T18:41:10.719+0000][1][safepoint    ] Safepoint "GenCollectForAllocation", Time since last: 981103203 ns, Reaching safepoint: 73598 ns, At safepoint: 9762334 ns, Total: 9835932 ns
[2020-09-11T18:41:10.785+0000][1][safepoint    ] Safepoint "RevokeBias", Time since last: 65685614 ns, Reaching safepoint: 121976 ns, At safepoint: 38025 ns, Total: 160001 ns
[2020-09-11T18:41:16.617+0000][1][safepoint    ] Safepoint "RevokeBias", Time since last: 5832482616 ns, Reaching safepoint: 98521 ns, At safepoint: 25638 ns, Total: 124159 ns
[2020-09-11T18:41:18.582+0000][1][safepoint    ] Safepoint "RevokeBias", Time since last: 1964433997 ns, Reaching safepoint: 105221 ns, At safepoint: 25048 ns, Total: 130269 ns
[2020-09-11T18:41:20.766+0000][1][safepoint    ] Safepoint "RevokeBias", Time since last: 2184161790 ns, Reaching safepoint: 107409 ns, At safepoint: 25187 ns, Total: 132596 ns
[2020-09-11T18:41:26.617+0000][1][safepoint    ] Safepoint "RevokeBias", Time since last: 5850810423 ns, Reaching safepoint: 100412 ns, At safepoint: 39099 ns, Total: 139511 ns
[2020-09-11T18:41:28.613+0000][1][safepoint    ] Safepoint "RevokeBias", Time since last: 1995867368 ns, Reaching safepoint: 101092 ns, At safepoint: 26423 ns, Total: 127515 ns
[2020-09-11T18:41:30.737+0000][1][safepoint    ] Safepoint "RevokeBias", Time since last: 2123150834 ns, Reaching safepoint: 171366 ns, At safepoint: 24533 ns, Total: 195899 ns
[2020-09-11T18:41:36.528+0000][1][safepoint    ] Safepoint "RevokeBias", Time since last: 5791155458 ns, Reaching safepoint: 96351 ns, At safepoint: 24267 ns, Total: 120618 ns
[2020-09-11T18:41:36.654+0000][1][gc,start     ] GC(213) Pause Young (Allocation Failure)
[2020-09-11T18:41:36.654+0000][1][gc,task      ] GC(213) Using 1 workers of 1 for evacuation
[2020-09-11T18:41:36.660+0000][1][gc,age       ] GC(213) Desired survivor size 4358144 bytes, new threshold 6 (max threshold 6)
[2020-09-11T18:41:36.660+0000][1][gc,age       ] GC(213) Age table with threshold 6 (max threshold 6)
[2020-09-11T18:41:36.660+0000][1][gc,age       ] GC(213) - age   1:     382000 bytes,     382000 total
[2020-09-11T18:41:36.660+0000][1][gc,age       ] GC(213) - age   2:      42552 bytes,     424552 total
[2020-09-11T18:41:36.660+0000][1][gc,age       ] GC(213) - age   3:      18992 bytes,     443544 total
[2020-09-11T18:41:36.660+0000][1][gc,age       ] GC(213) - age   4:     119768 bytes,     563312 total
[2020-09-11T18:41:36.660+0000][1][gc,age       ] GC(213) - age   5:     906944 bytes,    1470256 total
[2020-09-11T18:41:36.660+0000][1][gc,age       ] GC(213) - age   6:      45352 bytes,    1515608 total
[2020-09-11T18:41:36.660+0000][1][gc,heap      ] GC(213) ParNew: 70048K->2699K(76672K)
[2020-09-11T18:41:36.660+0000][1][gc,heap      ] GC(213) CMS: 118460K->118738K(439104K)
[2020-09-11T18:41:36.660+0000][1][gc,metaspace ] GC(213) Metaspace: 95226K->95226K(1136640K)
[2020-09-11T18:41:36.660+0000][1][gc           ] GC(213) Pause Young (Allocation Failure) 184M->118M(503M) 5.775ms
[2020-09-11T18:41:36.660+0000][1][gc,cpu       ] GC(213) User=0.00s Sys=0.00s Real=0.00s
[2020-09-11T18:41:36.665+0000][1][safepoint    ] Safepoint "GenCollectForAllocation", Time since last: 126349029 ns, Reaching safepoint: 75399 ns, At safepoint: 10520942 ns, Total: 10596341 ns
[2020-09-11T18:41:37.666+0000][1][safepoint    ] Safepoint "Cleanup", Time since last: 1000590197 ns, Reaching safepoint: 84366 ns, At safepoint: 20350 ns, Total: 104716 ns
[2020-09-11T18:41:38.592+0000][1][safepoint    ] Safepoint "RevokeBias", Time since last: 926128891 ns, Reaching safepoint: 95691 ns, At safepoint: 25598 ns, Total: 121289 ns
[2020-09-11T18:41:40.737+0000][1][safepoint    ] Safepoint "RevokeBias", Time since last: 2145180159 ns, Reaching safepoint: 93144 ns, At safepoint: 29428 ns, Total: 122572 ns
[2020-09-11T18:41:46.528+0000][1][safepoint    ] Safepoint "RevokeBias", Time since last: 5790455157 ns, Reaching safepoint: 96028 ns, At safepoint: 25002 ns, Total: 121030 ns
[2020-09-11T18:41:48.533+0000][1][safepoint    ] Safepoint "Cleanup", Time since last: 2005140042 ns, Reaching safepoint: 177087 ns, At safepoint: 6748 ns, Total: 183835 ns
[2020-09-11T18:41:48.693+0000][1][safepoint    ] Safepoint "RevokeBias", Time since last: 160006070 ns, Reaching safepoint: 95226 ns, At safepoint: 28987 ns, Total: 124213 ns
[2020-09-11T18:41:50.740+0000][1][safepoint    ] Safepoint "RevokeBias", Time since last: 2046672328 ns, Reaching safepoint: 177440 ns, At safepoint: 26289 ns, Total: 203729 ns
[2020-09-11T18:41:50.777+0000][1][gc,start     ] GC(214) Pause Young (Allocation Failure)
[2020-09-11T18:41:50.777+0000][1][gc,task      ] GC(214) Using 1 workers of 1 for evacuation
[2020-09-11T18:41:50.783+0000][1][gc,age       ] GC(214) Desired survivor size 4358144 bytes, new threshold 6 (max threshold 6)
[2020-09-11T18:41:50.783+0000][1][gc,age       ] GC(214) Age table with threshold 6 (max threshold 6)
[2020-09-11T18:41:50.783+0000][1][gc,age       ] GC(214) - age   1:     306296 bytes,     306296 total
[2020-09-11T18:41:50.783+0000][1][gc,age       ] GC(214) - age   2:     330120 bytes,     636416 total
[2020-09-11T18:41:50.783+0000][1][gc,age       ] GC(214) - age   3:      21520 bytes,     657936 total
[2020-09-11T18:41:50.783+0000][1][gc,age       ] GC(214) - age   4:      18008 bytes,     675944 total
[2020-09-11T18:41:50.783+0000][1][gc,age       ] GC(214) - age   5:     119456 bytes,     795400 total
[2020-09-11T18:41:50.783+0000][1][gc,age       ] GC(214) - age   6:     906944 bytes,    1702344 total
[2020-09-11T18:41:50.783+0000][1][gc,heap      ] GC(214) ParNew: 70859K->1784K(76672K)
[2020-09-11T18:41:50.783+0000][1][gc,heap      ] GC(214) CMS: 118738K->118782K(439104K)
[2020-09-11T18:41:50.783+0000][1][gc,metaspace ] GC(214) Metaspace: 95227K->95227K(1136640K)
[2020-09-11T18:41:50.783+0000][1][gc           ] GC(214) Pause Young (Allocation Failure) 185M->117M(503M) 6.349ms
[2020-09-11T18:41:50.783+0000][1][gc,cpu       ] GC(214) User=0.00s Sys=0.00s Real=0.01s
[2020-09-11T18:41:50.787+0000][1][safepoint    ] Safepoint "GenCollectForAllocation", Time since last: 33694263 ns, Reaching safepoint: 3174120 ns, At safepoint: 9952663 ns, Total: 13126783 ns
[2020-09-11T18:41:56.523+0000][1][safepoint    ] Safepoint "RevokeBias", Time since last: 5736032259 ns, Reaching safepoint: 127123 ns, At safepoint: 25493 ns, Total: 152616 ns
[2020-09-11T18:41:57.523+0000][1][safepoint    ] Safepoint "Cleanup", Time since last: 1000108512 ns, Reaching safepoint: 87535 ns, At safepoint: 9195 ns, Total: 96730 ns
[2020-09-11T18:41:58.523+0000][1][safepoint    ] Safepoint "Cleanup", Time since last: 1000111935 ns, Reaching safepoint: 176324 ns, At safepoint: 10037 ns, Total: 186361 ns
[2020-09-11T18:41:58.623+0000][1][safepoint    ] Safepoint "BulkRevokeBias", Time since last: 99485916 ns, Reaching safepoint: 100963 ns, At safepoint: 265831 ns, Total: 366794 ns
[2020-09-11T18:42:00.624+0000][1][safepoint    ] Safepoint "Cleanup", Time since last: 2000180722 ns, Reaching safepoint: 91468 ns, At safepoint: 9727 ns, Total: 101195 ns
[2020-09-11T18:42:00.758+0000][1][safepoint    ] Safepoint "RevokeBias", Time since last: 134009482 ns, Reaching safepoint: 94908 ns, At safepoint: 25564 ns, Total: 120472 ns
[2020-09-11T18:42:01.758+0000][1][safepoint    ] Safepoint "Cleanup", Time since last: 1000108254 ns, Reaching safepoint: 94140 ns, At safepoint: 9693 ns, Total: 103833 ns
[2020-09-11T18:42:06.605+0000][1][safepoint    ] Safepoint "RevokeBias", Time since last: 4846988176 ns, Reaching safepoint: 97346 ns, At safepoint: 24972 ns, Total: 122318 ns
[2020-09-11T18:42:08.605+0000][1][safepoint    ] Safepoint "Cleanup", Time since last: 2000185570 ns, Reaching safepoint: 128750 ns, At safepoint: 11183 ns, Total: 139933 ns
[2020-09-11T18:42:08.674+0000][1][safepoint    ] Safepoint "RevokeBias", Time since last: 68929964 ns, Reaching safepoint: 94121 ns, At safepoint: 25574 ns, Total: 119695 ns
[2020-09-11T18:42:09.675+0000][1][safepoint    ] Safepoint "Cleanup", Time since last: 1000111784 ns, Reaching safepoint: 89767 ns, At safepoint: 10277 ns, Total: 100044 ns
[2020-09-11T18:42:10.782+0000][1][safepoint    ] Safepoint "RevokeBias", Time since last: 1107578545 ns, Reaching safepoint: 93485 ns, At safepoint: 24849 ns, Total: 118334 ns
[2020-09-11T18:42:11.783+0000][1][safepoint    ] Safepoint "Cleanup", Time since last: 1000109551 ns, Reaching safepoint: 87546 ns, At safepoint: 9851 ns, Total: 97397 ns
[2020-09-11T18:42:16.507+0000][1][gc,start     ] GC(215) Pause Young (Allocation Failure)
[2020-09-11T18:42:16.507+0000][1][gc,task      ] GC(215) Using 1 workers of 1 for evacuation
[2020-09-11T18:42:16.519+0000][1][gc,age       ] GC(215) Desired survivor size 4358144 bytes, new threshold 6 (max threshold 6)
[2020-09-11T18:42:16.519+0000][1][gc,age       ] GC(215) Age table with threshold 6 (max threshold 6)
[2020-09-11T18:42:16.519+0000][1][gc,age       ] GC(215) - age   1:     135288 bytes,     135288 total
[2020-09-11T18:42:16.519+0000][1][gc,age       ] GC(215) - age   2:     258064 bytes,     393352 total
[2020-09-11T18:42:16.519+0000][1][gc,age       ] GC(215) - age   3:     280128 bytes,     673480 total
[2020-09-11T18:42:16.519+0000][1][gc,age       ] GC(215) - age   4:      19336 bytes,     692816 total
[2020-09-11T18:42:16.519+0000][1][gc,age       ] GC(215) - age   5:      18008 bytes,     710824 total
[2020-09-11T18:42:16.519+0000][1][gc,age       ] GC(215) - age   6:     119456 bytes,     830280 total
[2020-09-11T18:42:16.519+0000][1][gc,heap      ] GC(215) ParNew: 69944K->1469K(76672K)
[2020-09-11T18:42:16.519+0000][1][gc,heap      ] GC(215) CMS: 118782K->119668K(439104K)
[2020-09-11T18:42:16.519+0000][1][gc,metaspace ] GC(215) Metaspace: 95233K->95233K(1136640K)
[2020-09-11T18:42:16.519+0000][1][gc           ] GC(215) Pause Young (Allocation Failure) 184M->118M(503M) 12.364ms
[2020-09-11T18:42:16.519+0000][1][gc,cpu       ] GC(215) User=0.00s Sys=0.00s Real=0.01s
[2020-09-11T18:42:16.519+0000][1][safepoint    ] Safepoint "GenCollectForAllocation", Time since last: 4723761705 ns, Reaching safepoint: 405820 ns, At safepoint: 12444194 ns, Total: 12850014 ns
[2020-09-11T18:42:16.544+0000][1][safepoint    ] Safepoint "RevokeBias", Time since last: 24932349 ns, Reaching safepoint: 99971 ns, At safepoint: 39710 ns, Total: 139681 ns
[2020-09-11T18:42:18.549+0000][1][safepoint    ] Safepoint "Cleanup", Time since last: 2004528495 ns, Reaching safepoint: 215061 ns, At safepoint: 11993 ns, Total: 227054 ns
[2020-09-11T18:42:18.592+0000][1][safepoint    ] Safepoint "RevokeBias", Time since last: 42737034 ns, Reaching safepoint: 88966 ns, At safepoint: 22027 ns, Total: 110993 ns
[2020-09-11T18:42:19.592+0000][1][safepoint    ] Safepoint "Cleanup", Time since last: 1000113245 ns, Reaching safepoint: 90110 ns, At safepoint: 9880 ns, Total: 99990 ns
[2020-09-11T18:42:20.736+0000][1][safepoint    ] Safepoint "RevokeBias", Time since last: 1143487213 ns, Reaching safepoint: 94206 ns, At safepoint: 25271 ns, Total: 119477 ns
[2020-09-11T18:42:26.624+0000][1][safepoint    ] Safepoint "RevokeBias", Time since last: 5887916675 ns, Reaching safepoint: 95562 ns, At safepoint: 41977 ns, Total: 137539 ns
[2020-09-11T18:42:27.624+0000][1][safepoint    ] Safepoint "Cleanup", Time since last: 1000121182 ns, Reaching safepoint: 88013 ns, At safepoint: 9470 ns, Total: 97483 ns
[2020-09-11T18:42:28.624+0000][1][safepoint    ] Safepoint "Cleanup", Time since last: 1000112647 ns, Reaching safepoint: 85827 ns, At safepoint: 8865 ns, Total: 94692 ns
[2020-09-11T18:42:28.674+0000][1][safepoint    ] Safepoint "RevokeBias", Time since last: 49879264 ns, Reaching safepoint: 92251 ns, At safepoint: 26045 ns, Total: 118296 ns
[2020-09-11T18:42:29.674+0000][1][safepoint    ] Safepoint "Cleanup", Time since last: 1000118127 ns, Reaching safepoint: 89808 ns, At safepoint: 9361 ns, Total: 99169 ns
[2020-09-11T18:42:30.749+0000][1][safepoint    ] Safepoint "RevokeBias", Time since last: 1074688457 ns, Reaching safepoint: 128413 ns, At safepoint: 45616 ns, Total: 174029 ns
[2020-09-11T18:42:36.590+0000][1][safepoint    ] Safepoint "RevokeBias", Time since last: 5840161924 ns, Reaching safepoint: 99702 ns, At safepoint: 25803 ns, Total: 125505 ns
[2020-09-11T18:42:38.513+0000][1][gc,start     ] GC(216) Pause Young (Allocation Failure)
[2020-09-11T18:42:38.513+0000][1][gc,task      ] GC(216) Using 1 workers of 1 for evacuation
[2020-09-11T18:42:38.528+0000][1][gc,age       ] GC(216) Desired survivor size 4358144 bytes, new threshold 6 (max threshold 6)
[2020-09-11T18:42:38.528+0000][1][gc,age       ] GC(216) Age table with threshold 6 (max threshold 6)
[2020-09-11T18:42:38.528+0000][1][gc,age       ] GC(216) - age   1:     387464 bytes,     387464 total
[2020-09-11T18:42:38.528+0000][1][gc,age       ] GC(216) - age   2:      63048 bytes,     450512 total
[2020-09-11T18:42:38.528+0000][1][gc,age       ] GC(216) - age   3:     236840 bytes,     687352 total
[2020-09-11T18:42:38.528+0000][1][gc,age       ] GC(216) - age   4:     273128 bytes,     960480 total
[2020-09-11T18:42:38.528+0000][1][gc,age       ] GC(216) - age   5:      19336 bytes,     979816 total
[2020-09-11T18:42:38.528+0000][1][gc,age       ] GC(216) - age   6:      18008 bytes,     997824 total
[2020-09-11T18:42:38.528+0000][1][gc,heap      ] GC(216) ParNew: 69629K->1343K(76672K)
[2020-09-11T18:42:38.528+0000][1][gc,heap      ] GC(216) CMS: 119668K->119784K(439104K)
[2020-09-11T18:42:38.528+0000][1][gc,metaspace ] GC(216) Metaspace: 95233K->95233K(1136640K)
[2020-09-11T18:42:38.528+0000][1][gc           ] GC(216) Pause Young (Allocation Failure) 184M->118M(503M) 14.934ms
[2020-09-11T18:42:38.528+0000][1][gc,cpu       ] GC(216) User=0.00s Sys=0.00s Real=0.01s
[2020-09-11T18:42:38.528+0000][1][safepoint    ] Safepoint "GenCollectForAllocation", Time since last: 1923188021 ns, Reaching safepoint: 121356 ns, At safepoint: 14985446 ns, Total: 15106802 ns
[2020-09-11T18:42:38.683+0000][1][safepoint    ] Safepoint "RevokeBias", Time since last: 155243395 ns, Reaching safepoint: 95594 ns, At safepoint: 26342 ns, Total: 121936 ns
[2020-09-11T18:42:40.997+0000][1][safepoint    ] Safepoint "RevokeBias", Time since last: 2314105572 ns, Reaching safepoint: 95767 ns, At safepoint: 25118 ns, Total: 120885 ns
[2020-09-11T18:42:41.998+0000][1][safepoint    ] Safepoint "Cleanup", Time since last: 1000108170 ns, Reaching safepoint: 91199 ns, At safepoint: 9864 ns, Total: 101063 ns
[2020-09-11T18:42:42.998+0000][1][safepoint    ] Safepoint "Cleanup", Time since last: 1000117651 ns, Reaching safepoint: 84403 ns, At safepoint: 9078 ns, Total: 93481 ns
[2020-09-11T18:42:43.998+0000][1][safepoint    ] Safepoint "Cleanup", Time since last: 1000150338 ns, Reaching safepoint: 83538 ns, At safepoint: 24568 ns, Total: 108106 ns
[2020-09-11T18:42:44.998+0000][1][safepoint    ] Safepoint "Cleanup", Time since last: 1000108216 ns, Reaching safepoint: 83906 ns, At safepoint: 10134 ns, Total: 94040 ns
[2020-09-11T18:42:45.998+0000][1][safepoint    ] Safepoint "Cleanup", Time since last: 1000116228 ns, Reaching safepoint: 94485 ns, At safepoint: 9799 ns, Total: 104284 ns
[2020-09-11T18:42:46.531+0000][1][safepoint    ] Safepoint "RevokeBias", Time since last: 531912967 ns, Reaching safepoint: 93546 ns, At safepoint: 23554 ns, Total: 117100 ns
[2020-09-11T18:42:47.531+0000][1][safepoint    ] Safepoint "Cleanup", Time since last: 1000106414 ns, Reaching safepoint: 84265 ns, At safepoint: 8160 ns, Total: 92425 ns
[2020-09-11T18:42:48.531+0000][1][safepoint    ] Safepoint "Cleanup", Time since last: 1000112619 ns, Reaching safepoint: 122985 ns, At safepoint: 10305 ns, Total: 133290 ns
[2020-09-11T18:42:48.602+0000][1][safepoint    ] Safepoint "RevokeBias", Time since last: 71177515 ns, Reaching safepoint: 92076 ns, At safepoint: 27435 ns, Total: 119511 ns
[2020-09-11T18:42:49.602+0000][1][safepoint    ] Safepoint "Cleanup", Time since last: 1000104282 ns, Reaching safepoint: 84992 ns, At safepoint: 8743 ns, Total: 93735 ns
[2020-09-11T18:42:50.603+0000][1][safepoint    ] Safepoint "Cleanup", Time since last: 1000109790 ns, Reaching safepoint: 81752 ns, At safepoint: 9320 ns, Total: 91072 ns
[2020-09-11T18:42:50.756+0000][1][safepoint    ] Safepoint "RevokeBias", Time since last: 153067714 ns, Reaching safepoint: 88375 ns, At safepoint: 22407 ns, Total: 110782 ns
[2020-09-11T18:42:51.756+0000][1][safepoint    ] Safepoint "Cleanup", Time since last: 1000104343 ns, Reaching safepoint: 83094 ns, At safepoint: 8577 ns, Total: 91671 ns
[2020-09-11T18:42:52.756+0000][1][safepoint    ] Safepoint "Cleanup", Time since last: 1000112442 ns, Reaching safepoint: 83682 ns, At safepoint: 9190 ns, Total: 92872 ns
[2020-09-11T18:42:53.756+0000][1][safepoint    ] Safepoint "Cleanup", Time since last: 1000110775 ns, Reaching safepoint: 83584 ns, At safepoint: 8889 ns, Total: 92473 ns
[2020-09-11T18:42:54.757+0000][1][safepoint    ] Safepoint "Cleanup", Time since last: 1000115202 ns, Reaching safepoint: 82399 ns, At safepoint: 9293 ns, Total: 91692 ns
[2020-09-11T18:42:55.757+0000][1][safepoint    ] Safepoint "Cleanup", Time since last: 1000113397 ns, Reaching safepoint: 86436 ns, At safepoint: 9296 ns, Total: 95732 ns
[2020-09-11T18:42:56.525+0000][1][gc,start     ] GC(217) Pause Young (Allocation Failure)
[2020-09-11T18:42:56.525+0000][1][gc,task      ] GC(217) Using 1 workers of 1 for evacuation
[2020-09-11T18:42:56.536+0000][1][gc,age       ] GC(217) Desired survivor size 4358144 bytes, new threshold 6 (max threshold 6)
[2020-09-11T18:42:56.536+0000][1][gc,age       ] GC(217) Age table with threshold 6 (max threshold 6)
[2020-09-11T18:42:56.536+0000][1][gc,age       ] GC(217) - age   1:     143656 bytes,     143656 total
[2020-09-11T18:42:56.536+0000][1][gc,age       ] GC(217) - age   2:     328304 bytes,     471960 total
[2020-09-11T18:42:56.536+0000][1][gc,age       ] GC(217) - age   3:      28528 bytes,     500488 total
[2020-09-11T18:42:56.536+0000][1][gc,age       ] GC(217) - age   4:     229752 bytes,     730240 total
[2020-09-11T18:42:56.536+0000][1][gc,age       ] GC(217) - age   5:     272816 bytes,    1003056 total
[2020-09-11T18:42:56.536+0000][1][gc,age       ] GC(217) - age   6:      19336 bytes,    1022392 total
[2020-09-11T18:42:56.536+0000][1][gc,heap      ] GC(217) ParNew: 69503K->1797K(76672K)
[2020-09-11T18:42:56.536+0000][1][gc,heap      ] GC(217) CMS: 119784K->119802K(439104K)
[2020-09-11T18:42:56.536+0000][1][gc,metaspace ] GC(217) Metaspace: 95238K->95238K(1136640K)
[2020-09-11T18:42:56.536+0000][1][gc           ] GC(217) Pause Young (Allocation Failure) 184M->118M(503M) 10.936ms
[2020-09-11T18:42:56.536+0000][1][gc,cpu       ] GC(217) User=0.01s Sys=0.00s Real=0.01s
[2020-09-11T18:42:56.536+0000][1][safepoint    ] Safepoint "GenCollectForAllocation", Time since last: 767946381 ns, Reaching safepoint: 188136 ns, At safepoint: 11021014 ns, Total: 11209150 ns
[2020-09-11T18:42:57.112+0000][1][safepoint    ] Safepoint "RevokeBias", Time since last: 575310818 ns, Reaching safepoint: 178979 ns, At safepoint: 27101 ns, Total: 206080 ns
[2020-09-11T18:42:58.113+0000][1][safepoint    ] Safepoint "Cleanup", Time since last: 1001098931 ns, Reaching safepoint: 81474 ns, At safepoint: 9467 ns, Total: 90941 ns
[2020-09-11T18:42:58.861+0000][1][safepoint    ] Safepoint "RevokeBias", Time since last: 747659733 ns, Reaching safepoint: 100884 ns, At safepoint: 26065 ns, Total: 126949 ns
[2020-09-11T18:42:59.861+0000][1][safepoint    ] Safepoint "Cleanup", Time since last: 1000110374 ns, Reaching safepoint: 88247 ns, At safepoint: 9869 ns, Total: 98116 ns
[2020-09-11T18:43:00.737+0000][1][safepoint    ] Safepoint "RevokeBias", Time since last: 876209304 ns, Reaching safepoint: 89559 ns, At safepoint: 24468 ns, Total: 114027 ns
[2020-09-11T18:43:01.737+0000][1][safepoint    ] Safepoint "Cleanup", Time since last: 1000099602 ns, Reaching safepoint: 78242 ns, At safepoint: 8077 ns, Total: 86319 ns
[2020-09-11T18:43:02.737+0000][1][safepoint    ] Safepoint "Cleanup", Time since last: 1000094370 ns, Reaching safepoint: 78509 ns, At safepoint: 8159 ns, Total: 86668 ns
[2020-09-11T18:43:03.738+0000][1][safepoint    ] Safepoint "Cleanup", Time since last: 1000092772 ns, Reaching safepoint: 76237 ns, At safepoint: 7838 ns, Total: 84075 ns
[2020-09-11T18:43:04.738+0000][1][safepoint    ] Safepoint "Cleanup", Time since last: 1000090743 ns, Reaching safepoint: 81599 ns, At safepoint: 7289 ns, Total: 88888 ns
[2020-09-11T18:43:05.738+0000][1][safepoint    ] Safepoint "Cleanup", Time since last: 1000098412 ns, Reaching safepoint: 79909 ns, At safepoint: 9380 ns, Total: 89289 ns
[2020-09-11T18:43:06.572+0000][1][safepoint    ] Safepoint "RevokeBias", Time since last: 833489934 ns, Reaching safepoint: 92457 ns, At safepoint: 26216 ns, Total: 118673 ns
[2020-09-11T18:43:07.572+0000][1][safepoint    ] Safepoint "Cleanup", Time since last: 1000113521 ns, Reaching safepoint: 84568 ns, At safepoint: 9905 ns, Total: 94473 ns
[2020-09-11T18:43:08.572+0000][1][safepoint    ] Safepoint "Cleanup", Time since last: 1000113540 ns, Reaching safepoint: 86263 ns, At safepoint: 7616 ns, Total: 93879 ns
[2020-09-11T18:43:08.685+0000][1][safepoint    ] Safepoint "RevokeBias", Time since last: 112665894 ns, Reaching safepoint: 121006 ns, At safepoint: 25416 ns, Total: 146422 ns
[2020-09-11T18:43:09.685+0000][1][safepoint    ] Safepoint "Cleanup", Time since last: 1000134563 ns, Reaching safepoint: 90243 ns, At safepoint: 9717 ns, Total: 99960 ns
[2020-09-11T18:43:10.685+0000][1][safepoint    ] Safepoint "Cleanup", Time since last: 1000118346 ns, Reaching safepoint: 84421 ns, At safepoint: 9233 ns, Total: 93654 ns
[2020-09-11T18:43:10.734+0000][1][safepoint    ] Safepoint "RevokeBias", Time since last: 48967637 ns, Reaching safepoint: 92132 ns, At safepoint: 24372 ns, Total: 116504 ns
[2020-09-11T18:43:11.735+0000][1][safepoint    ] Safepoint "Cleanup", Time since last: 1000111316 ns, Reaching safepoint: 89025 ns, At safepoint: 9868 ns, Total: 98893 ns
[2020-09-11T18:43:12.735+0000][1][safepoint    ] Safepoint "Cleanup", Time since last: 1000114530 ns, Reaching safepoint: 84331 ns, At safepoint: 9208 ns, Total: 93539 ns
[2020-09-11T18:43:13.735+0000][1][safepoint    ] Safepoint "Cleanup", Time since last: 1000115966 ns, Reaching safepoint: 82203 ns, At safepoint: 9543 ns, Total: 91746 ns
[2020-09-11T18:43:14.735+0000][1][safepoint    ] Safepoint "Cleanup", Time since last: 1000113194 ns, Reaching safepoint: 84104 ns, At safepoint: 8787 ns, Total: 92891 ns
[2020-09-11T18:43:15.735+0000][1][safepoint    ] Safepoint "Cleanup", Time since last: 1000110530 ns, Reaching safepoint: 83654 ns, At safepoint: 9848 ns, Total: 93502 ns
[2020-09-11T18:43:15.853+0000][1][gc,start     ] GC(218) Pause Young (Allocation Failure)
[2020-09-11T18:43:15.853+0000][1][gc,task      ] GC(218) Using 1 workers of 1 for evacuation
[2020-09-11T18:43:15.863+0000][1][gc,age       ] GC(218) Desired survivor size 4358144 bytes, new threshold 6 (max threshold 6)
[2020-09-11T18:43:15.863+0000][1][gc,age       ] GC(218) Age table with threshold 6 (max threshold 6)
[2020-09-11T18:43:15.863+0000][1][gc,age       ] GC(218) - age   1:     114056 bytes,     114056 total
[2020-09-11T18:43:15.863+0000][1][gc,age       ] GC(218) - age   2:      68072 bytes,     182128 total
[2020-09-11T18:43:15.863+0000][1][gc,age       ] GC(218) - age   3:     313568 bytes,     495696 total
[2020-09-11T18:43:15.863+0000][1][gc,age       ] GC(218) - age   4:      27904 bytes,     523600 total
[2020-09-11T18:43:15.863+0000][1][gc,age       ] GC(218) - age   5:     229752 bytes,     753352 total
[2020-09-11T18:43:15.863+0000][1][gc,age       ] GC(218) - age   6:     272816 bytes,    1026168 total
[2020-09-11T18:43:15.863+0000][1][gc,heap      ] GC(218) ParNew: 69957K->1198K(76672K)
[2020-09-11T18:43:15.863+0000][1][gc,heap      ] GC(218) CMS: 119802K->119821K(439104K)
[2020-09-11T18:43:15.863+0000][1][gc,metaspace ] GC(218) Metaspace: 95243K->95243K(1136640K)
[2020-09-11T18:43:15.863+0000][1][gc           ] GC(218) Pause Young (Allocation Failure) 185M->118M(503M) 9.705ms
[2020-09-11T18:43:15.863+0000][1][gc,cpu       ] GC(218) User=0.01s Sys=0.00s Real=0.01s
[2020-09-11T18:43:15.863+0000][1][safepoint    ] Safepoint "GenCollectForAllocation", Time since last: 117856220 ns, Reaching safepoint: 153317 ns, At safepoint: 9771789 ns, Total: 9925106 ns
[2020-09-11T18:43:16.527+0000][1][safepoint    ] Safepoint "RevokeBias", Time since last: 663674440 ns, Reaching safepoint: 95007 ns, At safepoint: 38051 ns, Total: 133058 ns
[2020-09-11T18:43:17.528+0000][1][safepoint    ] Safepoint "Cleanup", Time since last: 1000721348 ns, Reaching safepoint: 85589 ns, At safepoint: 23017 ns, Total: 108606 ns
[2020-09-11T18:43:18.528+0000][1][safepoint    ] Safepoint "Cleanup", Time since last: 1000111369 ns, Reaching safepoint: 80811 ns, At safepoint: 7391 ns, Total: 88202 ns
[2020-09-11T18:43:19.528+0000][1][safepoint    ] Safepoint "Cleanup", Time since last: 1000115795 ns, Reaching safepoint: 121794 ns, At safepoint: 9932 ns, Total: 131726 ns
[2020-09-11T18:43:19.950+0000][1][safepoint    ] Safepoint "RevokeBias", Time since last: 421543770 ns, Reaching safepoint: 392805 ns, At safepoint: 25427 ns, Total: 418232 ns
[2020-09-11T18:43:20.950+0000][1][safepoint    ] Safepoint "Cleanup", Time since last: 1000106729 ns, Reaching safepoint: 138096 ns, At safepoint: 10833 ns, Total: 148929 ns
[2020-09-11T18:43:21.203+0000][1][safepoint    ] Safepoint "RevokeBias", Time since last: 252732729 ns, Reaching safepoint: 94212 ns, At safepoint: 25418 ns, Total: 119630 ns
[2020-09-11T18:43:22.204+0000][1][safepoint    ] Safepoint "Cleanup", Time since last: 1000113573 ns, Reaching safepoint: 82287 ns, At safepoint: 9393 ns, Total: 91680 ns
[2020-09-11T18:43:23.204+0000][1][safepoint    ] Safepoint "Cleanup", Time since last: 1000118083 ns, Reaching safepoint: 83728 ns, At safepoint: 9322 ns, Total: 93050 ns
[2020-09-11T18:43:24.204+0000][1][safepoint    ] Safepoint "Cleanup", Time since last: 1000118956 ns, Reaching safepoint: 84998 ns, At safepoint: 10019 ns, Total: 95017 ns
[2020-09-11T18:43:25.204+0000][1][safepoint    ] Safepoint "Cleanup", Time since last: 1000115886 ns, Reaching safepoint: 84914 ns, At safepoint: 10127 ns, Total: 95041 ns
[2020-09-11T18:43:26.204+0000][1][safepoint    ] Safepoint "Cleanup", Time since last: 1000119324 ns, Reaching safepoint: 85350 ns, At safepoint: 9748 ns, Total: 95098 ns
[2020-09-11T18:43:26.589+0000][1][safepoint    ] Safepoint "RevokeBias", Time since last: 384599191 ns, Reaching safepoint: 93645 ns, At safepoint: 25928 ns, Total: 119573 ns
[2020-09-11T18:43:27.589+0000][1][safepoint    ] Safepoint "Cleanup", Time since last: 1000109371 ns, Reaching safepoint: 83105 ns, At safepoint: 8578 ns, Total: 91683 ns
[2020-09-11T18:43:28.590+0000][1][safepoint    ] Safepoint "Cleanup", Time since last: 1000109928 ns, Reaching safepoint: 125418 ns, At safepoint: 10118 ns, Total: 135536 ns
[2020-09-11T18:43:29.590+0000][1][safepoint    ] Safepoint "Cleanup", Time since last: 1000113939 ns, Reaching safepoint: 145833 ns, At safepoint: 9887 ns, Total: 155720 ns
[2020-09-11T18:43:30.590+0000][1][safepoint    ] Safepoint "Cleanup", Time since last: 1000107552 ns, Reaching safepoint: 123039 ns, At safepoint: 10173 ns, Total: 133212 ns
[2020-09-11T18:43:32.459+0000][1][safepoint    ] Safepoint "BulkRevokeBias", Time since last: 1868190067 ns, Reaching safepoint: 141627 ns, At safepoint: 484474 ns, Total: 626101 ns
[2020-09-11T18:43:32.553+0000][1][safepoint    ] Safepoint "RevokeBias", Time since last: 93626592 ns, Reaching safepoint: 103840 ns, At safepoint: 22524 ns, Total: 126364 ns
[2020-09-11T18:43:33.553+0000][1][safepoint    ] Safepoint "Cleanup", Time since last: 1000096781 ns, Reaching safepoint: 197722 ns, At safepoint: 10904 ns, Total: 208626 ns
[2020-09-11T18:43:34.554+0000][1][safepoint    ] Safepoint "Cleanup", Time since last: 1001354555 ns, Reaching safepoint: 85509 ns, At safepoint: 9048 ns, Total: 94557 ns
[2020-09-11T18:43:35.555+0000][1][safepoint    ] Safepoint "Cleanup", Time since last: 1000103290 ns, Reaching safepoint: 83672 ns, At safepoint: 8525 ns, Total: 92197 ns
[2020-09-11T18:43:36.515+0000][1][gc,start     ] GC(219) Pause Young (Allocation Failure)
[2020-09-11T18:43:36.515+0000][1][gc,task      ] GC(219) Using 1 workers of 1 for evacuation
[2020-09-11T18:43:36.529+0000][1][gc,age       ] GC(219) Desired survivor size 4358144 bytes, new threshold 6 (max threshold 6)
[2020-09-11T18:43:36.529+0000][1][gc,age       ] GC(219) Age table with threshold 6 (max threshold 6)
[2020-09-11T18:43:36.529+0000][1][gc,age       ] GC(219) - age   1:     308336 bytes,     308336 total
[2020-09-11T18:43:36.529+0000][1][gc,age       ] GC(219) - age   2:      59464 bytes,     367800 total
[2020-09-11T18:43:36.529+0000][1][gc,age       ] GC(219) - age   3:      45864 bytes,     413664 total
[2020-09-11T18:43:36.529+0000][1][gc,age       ] GC(219) - age   4:     295072 bytes,     708736 total
[2020-09-11T18:43:36.529+0000][1][gc,age       ] GC(219) - age   5:       8264 bytes,     717000 total
[2020-09-11T18:43:36.529+0000][1][gc,age       ] GC(219) - age   6:     229720 bytes,     946720 total
[2020-09-11T18:43:36.529+0000][1][gc,heap      ] GC(219) ParNew: 69358K->1802K(76672K)
[2020-09-11T18:43:36.529+0000][1][gc,heap      ] GC(219) CMS: 119821K->120087K(439104K)
[2020-09-11T18:43:36.529+0000][1][gc,metaspace ] GC(219) Metaspace: 95247K->95247K(1136640K)
[2020-09-11T18:43:36.529+0000][1][gc           ] GC(219) Pause Young (Allocation Failure) 184M->119M(503M) 14.512ms
[2020-09-11T18:43:36.529+0000][1][gc,cpu       ] GC(219) User=0.01s Sys=0.00s Real=0.01s
[2020-09-11T18:43:36.529+0000][1][safepoint    ] Safepoint "GenCollectForAllocation", Time since last: 960003969 ns, Reaching safepoint: 168279 ns, At safepoint: 14585166 ns, Total: 14753445 ns
[2020-09-11T18:43:36.615+0000][1][safepoint    ] Safepoint "RevokeBias", Time since last: 85140824 ns, Reaching safepoint: 98788 ns, At safepoint: 25070 ns, Total: 123858 ns
[2020-09-11T18:43:37.615+0000][1][safepoint    ] Safepoint "Cleanup", Time since last: 1000108185 ns, Reaching safepoint: 82545 ns, At safepoint: 9501 ns, Total: 92046 ns
[2020-09-11T18:43:38.596+0000][1][safepoint    ] Safepoint "RevokeBias", Time since last: 981424869 ns, Reaching safepoint: 99251 ns, At safepoint: 27108 ns, Total: 126359 ns
[2020-09-11T18:43:39.597+0000][1][safepoint    ] Safepoint "Cleanup", Time since last: 1000112305 ns, Reaching safepoint: 84224 ns, At safepoint: 9411 ns, Total: 93635 ns
[2020-09-11T18:43:40.734+0000][1][safepoint    ] Safepoint "RevokeBias", Time since last: 1137064832 ns, Reaching safepoint: 100001 ns, At safepoint: 26257 ns, Total: 126258 ns
[2020-09-11T18:43:41.734+0000][1][safepoint    ] Safepoint "Cleanup", Time since last: 1000109630 ns, Reaching safepoint: 84094 ns, At safepoint: 9156 ns, Total: 93250 ns
[2020-09-11T18:43:46.563+0000][1][safepoint    ] Safepoint "RevokeBias", Time since last: 4829042641 ns, Reaching safepoint: 99271 ns, At safepoint: 24979 ns, Total: 124250 ns
[2020-09-11T18:43:48.552+0000][1][safepoint    ] Safepoint "RevokeBias", Time since last: 1988481059 ns, Reaching safepoint: 93390 ns, At safepoint: 26344 ns, Total: 119734 ns
[2020-09-11T18:43:49.552+0000][1][safepoint    ] Safepoint "Cleanup", Time since last: 1000606139 ns, Reaching safepoint: 102554 ns, At safepoint: 8216 ns, Total: 110770 ns
[2020-09-11T18:43:50.553+0000][1][safepoint    ] Safepoint "Cleanup", Time since last: 1000104436 ns, Reaching safepoint: 92780 ns, At safepoint: 9820 ns, Total: 102600 ns
[2020-09-11T18:43:50.738+0000][1][safepoint    ] Safepoint "RevokeBias", Time since last: 184853488 ns, Reaching safepoint: 92338 ns, At safepoint: 24224 ns, Total: 116562 ns
[2020-09-11T18:43:56.589+0000][1][safepoint    ] Safepoint "RevokeBias", Time since last: 5851717262 ns, Reaching safepoint: 94508 ns, At safepoint: 24820 ns, Total: 119328 ns
[2020-09-11T18:43:57.941+0000][1][gc,start     ] GC(220) Pause Young (Allocation Failure)
[2020-09-11T18:43:57.941+0000][1][gc,task      ] GC(220) Using 1 workers of 1 for evacuation
[2020-09-11T18:43:57.951+0000][1][gc,age       ] GC(220) Desired survivor size 4358144 bytes, new threshold 6 (max threshold 6)
[2020-09-11T18:43:57.951+0000][1][gc,age       ] GC(220) Age table with threshold 6 (max threshold 6)
[2020-09-11T18:43:57.951+0000][1][gc,age       ] GC(220) - age   1:     176632 bytes,     176632 total
[2020-09-11T18:43:57.951+0000][1][gc,age       ] GC(220) - age   2:     228136 bytes,     404768 total
[2020-09-11T18:43:57.951+0000][1][gc,age       ] GC(220) - age   3:      44896 bytes,     449664 total
[2020-09-11T18:43:57.951+0000][1][gc,age       ] GC(220) - age   4:      20928 bytes,     470592 total
[2020-09-11T18:43:57.951+0000][1][gc,age       ] GC(220) - age   5:     295072 bytes,     765664 total
[2020-09-11T18:43:57.951+0000][1][gc,age       ] GC(220) - age   6:       7952 bytes,     773616 total
[2020-09-11T18:43:57.951+0000][1][gc,heap      ] GC(220) ParNew: 69962K->1144K(76672K)
[2020-09-11T18:43:57.951+0000][1][gc,heap      ] GC(220) CMS: 120087K->120311K(439104K)
[2020-09-11T18:43:57.951+0000][1][gc,metaspace ] GC(220) Metaspace: 95254K->95254K(1136640K)
[2020-09-11T18:43:57.951+0000][1][gc           ] GC(220) Pause Young (Allocation Failure) 185M->118M(503M) 9.908ms
[2020-09-11T18:43:57.951+0000][1][gc,cpu       ] GC(220) User=0.01s Sys=0.00s Real=0.00s
[2020-09-11T18:43:57.951+0000][1][safepoint    ] Safepoint "GenCollectForAllocation", Time since last: 1351741356 ns, Reaching safepoint: 178035 ns, At safepoint: 10036341 ns, Total: 10214376 ns
[2020-09-11T18:43:58.583+0000][1][safepoint    ] Safepoint "RevokeBias", Time since last: 631565192 ns, Reaching safepoint: 92877 ns, At safepoint: 25888 ns, Total: 118765 ns
[2020-09-11T18:44:00.733+0000][1][safepoint    ] Safepoint "RevokeBias", Time since last: 2149637762 ns, Reaching safepoint: 119003 ns, At safepoint: 24975 ns, Total: 143978 ns
[2020-09-11T18:44:06.581+0000][1][safepoint    ] Safepoint "RevokeBias", Time since last: 5848307301 ns, Reaching safepoint: 94382 ns, At safepoint: 44146 ns, Total: 138528 ns
[2020-09-11T18:44:08.777+0000][1][safepoint    ] Safepoint "RevokeBias", Time since last: 2195655269 ns, Reaching safepoint: 94485 ns, At safepoint: 28615 ns, Total: 123100 ns
[2020-09-11T18:44:10.737+0000][1][safepoint    ] Safepoint "RevokeBias", Time since last: 1960209524 ns, Reaching safepoint: 171151 ns, At safepoint: 26571 ns, Total: 197722 ns
[2020-09-11T18:44:15.916+0000][1][gc,start     ] GC(221) Pause Young (Allocation Failure)
[2020-09-11T18:44:15.916+0000][1][gc,task      ] GC(221) Using 1 workers of 1 for evacuation
[2020-09-11T18:44:15.925+0000][1][gc,age       ] GC(221) Desired survivor size 4358144 bytes, new threshold 6 (max threshold 6)
[2020-09-11T18:44:15.925+0000][1][gc,age       ] GC(221) Age table with threshold 6 (max threshold 6)
[2020-09-11T18:44:15.925+0000][1][gc,age       ] GC(221) - age   1:     152552 bytes,     152552 total
[2020-09-11T18:44:15.925+0000][1][gc,age       ] GC(221) - age   2:      54896 bytes,     207448 total
[2020-09-11T18:44:15.925+0000][1][gc,age       ] GC(221) - age   3:     213864 bytes,     421312 total
[2020-09-11T18:44:15.925+0000][1][gc,age       ] GC(221) - age   4:      44248 bytes,     465560 total
[2020-09-11T18:44:15.925+0000][1][gc,age       ] GC(221) - age   5:      20824 bytes,     486384 total
[2020-09-11T18:44:15.925+0000][1][gc,age       ] GC(221) - age   6:     295072 bytes,     781456 total
[2020-09-11T18:44:15.925+0000][1][gc,heap      ] GC(221) ParNew: 69304K->1419K(76672K)
[2020-09-11T18:44:15.925+0000][1][gc,heap      ] GC(221) CMS: 120311K->120319K(439104K)
[2020-09-11T18:44:15.925+0000][1][gc,metaspace ] GC(221) Metaspace: 95256K->95256K(1136640K)
[2020-09-11T18:44:15.925+0000][1][gc           ] GC(221) Pause Young (Allocation Failure) 185M->118M(503M) 9.689ms
[2020-09-11T18:44:15.925+0000][1][gc,cpu       ] GC(221) User=0.00s Sys=0.00s Real=0.01s
[2020-09-11T18:44:15.926+0000][1][safepoint    ] Safepoint "GenCollectForAllocation", Time since last: 5176106225 ns, Reaching safepoint: 2189270 ns, At safepoint: 9756473 ns, Total: 11945743 ns
[2020-09-11T18:44:16.530+0000][1][safepoint    ] Safepoint "RevokeBias", Time since last: 604727533 ns, Reaching safepoint: 99118 ns, At safepoint: 38570 ns, Total: 137688 ns
[2020-09-11T18:44:18.533+0000][1][safepoint    ] Safepoint "Cleanup", Time since last: 2000791003 ns, Reaching safepoint: 1790066 ns, At safepoint: 12656 ns, Total: 1802722 ns
[2020-09-11T18:44:18.560+0000][1][safepoint    ] Safepoint "RevokeBias", Time since last: 26647203 ns, Reaching safepoint: 93933 ns, At safepoint: 26579 ns, Total: 120512 ns
[2020-09-11T18:44:20.560+0000][1][safepoint    ] Safepoint "Cleanup", Time since last: 2000186337 ns, Reaching safepoint: 89438 ns, At safepoint: 10800 ns, Total: 100238 ns
[2020-09-11T18:44:20.849+0000][1][safepoint    ] Safepoint "RevokeBias", Time since last: 288784047 ns, Reaching safepoint: 170148 ns, At safepoint: 27536 ns, Total: 197684 ns
[2020-09-11T18:44:26.535+0000][1][safepoint    ] Safepoint "RevokeBias", Time since last: 5685523971 ns, Reaching safepoint: 93789 ns, At safepoint: 26224 ns, Total: 120013 ns
[2020-09-11T18:44:28.537+0000][1][gc,start     ] GC(222) Pause Young (Allocation Failure)
[2020-09-11T18:44:28.537+0000][1][gc,task      ] GC(222) Using 1 workers of 1 for evacuation
[2020-09-11T18:44:28.547+0000][1][gc,age       ] GC(222) Desired survivor size 4358144 bytes, new threshold 6 (max threshold 6)
[2020-09-11T18:44:28.547+0000][1][gc,age       ] GC(222) Age table with threshold 6 (max threshold 6)
[2020-09-11T18:44:28.547+0000][1][gc,age       ] GC(222) - age   1:     299752 bytes,     299752 total
[2020-09-11T18:44:28.547+0000][1][gc,age       ] GC(222) - age   2:     104944 bytes,     404696 total
[2020-09-11T18:44:28.547+0000][1][gc,age       ] GC(222) - age   3:      50776 bytes,     455472 total
[2020-09-11T18:44:28.547+0000][1][gc,age       ] GC(222) - age   4:     172176 bytes,     627648 total
[2020-09-11T18:44:28.547+0000][1][gc,age       ] GC(222) - age   5:      43952 bytes,     671600 total
[2020-09-11T18:44:28.547+0000][1][gc,age       ] GC(222) - age   6:      20824 bytes,     692424 total
[2020-09-11T18:44:28.547+0000][1][gc,heap      ] GC(222) ParNew: 69579K->927K(76672K)
[2020-09-11T18:44:28.547+0000][1][gc,heap      ] GC(222) CMS: 120319K->120607K(439104K)
[2020-09-11T18:44:28.547+0000][1][gc,metaspace ] GC(222) Metaspace: 95260K->95260K(1136640K)
[2020-09-11T18:44:28.547+0000][1][gc           ] GC(222) Pause Young (Allocation Failure) 185M->118M(503M) 10.022ms
[2020-09-11T18:44:28.547+0000][1][gc,cpu       ] GC(222) User=0.00s Sys=0.00s Real=0.01s
[2020-09-11T18:44:28.547+0000][1][safepoint    ] Safepoint "GenCollectForAllocation", Time since last: 2002118977 ns, Reaching safepoint: 168853 ns, At safepoint: 10098588 ns, Total: 10267441 ns
[2020-09-11T18:44:28.693+0000][1][safepoint    ] Safepoint "RevokeBias", Time since last: 146310928 ns, Reaching safepoint: 96997 ns, At safepoint: 25949 ns, Total: 122946 ns
[2020-09-11T18:44:30.737+0000][1][safepoint    ] Safepoint "RevokeBias", Time since last: 2043626413 ns, Reaching safepoint: 91275 ns, At safepoint: 25513 ns, Total: 116788 ns
[2020-09-11T18:44:36.598+0000][1][safepoint    ] Safepoint "RevokeBias", Time since last: 5860711857 ns, Reaching safepoint: 94125 ns, At safepoint: 23732 ns, Total: 117857 ns
[2020-09-11T18:44:38.598+0000][1][safepoint    ] Safepoint "Cleanup", Time since last: 2000189307 ns, Reaching safepoint: 85881 ns, At safepoint: 8994 ns, Total: 94875 ns
[2020-09-11T18:44:38.737+0000][1][safepoint    ] Safepoint "RevokeBias", Time since last: 138619934 ns, Reaching safepoint: 88327 ns, At safepoint: 22741 ns, Total: 111068 ns
[2020-09-11T18:44:39.737+0000][1][safepoint    ] Safepoint "Cleanup", Time since last: 1000109533 ns, Reaching safepoint: 84399 ns, At safepoint: 9312 ns, Total: 93711 ns
[2020-09-11T18:44:40.738+0000][1][safepoint    ] Safepoint "Cleanup", Time since last: 1000111600 ns, Reaching safepoint: 127597 ns, At safepoint: 8935 ns, Total: 136532 ns
[2020-09-11T18:44:40.755+0000][1][safepoint    ] Safepoint "RevokeBias", Time since last: 17277127 ns, Reaching safepoint: 171638 ns, At safepoint: 26246 ns, Total: 197884 ns
[2020-09-11T18:44:41.755+0000][1][safepoint    ] Safepoint "Cleanup", Time since last: 1000130710 ns, Reaching safepoint: 87884 ns, At safepoint: 11012 ns, Total: 98896 ns
[2020-09-11T18:44:42.755+0000][1][safepoint    ] Safepoint "Cleanup", Time since last: 1000113605 ns, Reaching safepoint: 83428 ns, At safepoint: 8460 ns, Total: 91888 ns
[2020-09-11T18:44:43.756+0000][1][safepoint    ] Safepoint "Cleanup", Time since last: 1000114012 ns, Reaching safepoint: 86950 ns, At safepoint: 10061 ns, Total: 97011 ns
[2020-09-11T18:44:44.756+0000][1][safepoint    ] Safepoint "Cleanup", Time since last: 1000119843 ns, Reaching safepoint: 86611 ns, At safepoint: 9864 ns, Total: 96475 ns
[2020-09-11T18:44:45.756+0000][1][safepoint    ] Safepoint "Cleanup", Time since last: 1000131063 ns, Reaching safepoint: 84970 ns, At safepoint: 9548 ns, Total: 94518 ns
[2020-09-11T18:44:46.611+0000][1][safepoint    ] Safepoint "RevokeBias", Time since last: 855034149 ns, Reaching safepoint: 107896 ns, At safepoint: 26172 ns, Total: 134068 ns
[2020-09-11T18:44:47.611+0000][1][safepoint    ] Safepoint "Cleanup", Time since last: 1000111603 ns, Reaching safepoint: 84156 ns, At safepoint: 8971 ns, Total: 93127 ns
[2020-09-11T18:44:48.576+0000][1][gc,start     ] GC(223) Pause Young (Allocation Failure)
[2020-09-11T18:44:48.576+0000][1][gc,task      ] GC(223) Using 1 workers of 1 for evacuation
[2020-09-11T18:44:48.593+0000][1][gc,age       ] GC(223) Desired survivor size 4358144 bytes, new threshold 6 (max threshold 6)
[2020-09-11T18:44:48.593+0000][1][gc,age       ] GC(223) Age table with threshold 6 (max threshold 6)
[2020-09-11T18:44:48.593+0000][1][gc,age       ] GC(223) - age   1:     442080 bytes,     442080 total
[2020-09-11T18:44:48.593+0000][1][gc,age       ] GC(223) - age   2:     227264 bytes,     669344 total
[2020-09-11T18:44:48.593+0000][1][gc,age       ] GC(223) - age   3:     101568 bytes,     770912 total
[2020-09-11T18:44:48.593+0000][1][gc,age       ] GC(223) - age   4:      21520 bytes,     792432 total
[2020-09-11T18:44:48.593+0000][1][gc,age       ] GC(223) - age   5:     159840 bytes,     952272 total
[2020-09-11T18:44:48.593+0000][1][gc,age       ] GC(223) - age   6:      43952 bytes,     996224 total
[2020-09-11T18:44:48.593+0000][1][gc,heap      ] GC(223) ParNew: 69074K->1246K(76672K)
[2020-09-11T18:44:48.593+0000][1][gc,heap      ] GC(223) CMS: 120607K->120627K(439104K)
[2020-09-11T18:44:48.593+0000][1][gc,metaspace ] GC(223) Metaspace: 95262K->95262K(1136640K)
[2020-09-11T18:44:48.593+0000][1][gc           ] GC(223) Pause Young (Allocation Failure) 185M->119M(503M) 17.390ms
[2020-09-11T18:44:48.593+0000][1][gc,cpu       ] GC(223) User=0.00s Sys=0.00s Real=0.02s
[2020-09-11T18:44:48.593+0000][1][safepoint    ] Safepoint "GenCollectForAllocation", Time since last: 963246198 ns, Reaching safepoint: 1273637 ns, At safepoint: 17511083 ns, Total: 18784720 ns
[2020-09-11T18:44:48.639+0000][1][safepoint    ] Safepoint "RevokeBias", Time since last: 45019194 ns, Reaching safepoint: 89444 ns, At safepoint: 33870 ns, Total: 123314 ns
[2020-09-11T18:44:49.640+0000][1][safepoint    ] Safepoint "Cleanup", Time since last: 1001029384 ns, Reaching safepoint: 85219 ns, At safepoint: 22798 ns, Total: 108017 ns
[2020-09-11T18:44:50.640+0000][1][safepoint    ] Safepoint "Cleanup", Time since last: 1000114014 ns, Reaching safepoint: 82713 ns, At safepoint: 23812 ns, Total: 106525 ns
[2020-09-11T18:44:50.757+0000][1][safepoint    ] Safepoint "RevokeBias", Time since last: 117263148 ns, Reaching safepoint: 93420 ns, At safepoint: 39892 ns, Total: 133312 ns
[2020-09-11T18:44:51.758+0000][1][safepoint    ] Safepoint "Cleanup", Time since last: 1000974326 ns, Reaching safepoint: 86281 ns, At safepoint: 25937 ns, Total: 112218 ns
[2020-09-11T18:44:52.759+0000][1][safepoint    ] Safepoint "Cleanup", Time since last: 1000116870 ns, Reaching safepoint: 88336 ns, At safepoint: 25782 ns, Total: 114118 ns
[2020-09-11T18:44:53.759+0000][1][safepoint    ] Safepoint "Cleanup", Time since last: 1000113414 ns, Reaching safepoint: 85908 ns, At safepoint: 9732 ns, Total: 95640 ns
[2020-09-11T18:44:54.759+0000][1][safepoint    ] Safepoint "Cleanup", Time since last: 1000115025 ns, Reaching safepoint: 84995 ns, At safepoint: 10302 ns, Total: 95297 ns
[2020-09-11T18:44:55.759+0000][1][safepoint    ] Safepoint "Cleanup", Time since last: 1000113268 ns, Reaching safepoint: 85418 ns, At safepoint: 9684 ns, Total: 95102 ns
[2020-09-11T18:44:56.553+0000][1][safepoint    ] Safepoint "RevokeBias", Time since last: 793830252 ns, Reaching safepoint: 88747 ns, At safepoint: 21561 ns, Total: 110308 ns
[2020-09-11T18:44:57.553+0000][1][safepoint    ] Safepoint "Cleanup", Time since last: 1000105201 ns, Reaching safepoint: 83066 ns, At safepoint: 9675 ns, Total: 92741 ns
[2020-09-11T18:44:58.554+0000][1][safepoint    ] Safepoint "Cleanup", Time since last: 1000115259 ns, Reaching safepoint: 239084 ns, At safepoint: 13982 ns, Total: 253066 ns
[2020-09-11T18:44:58.574+0000][1][safepoint    ] Safepoint "RevokeBias", Time since last: 19831278 ns, Reaching safepoint: 90926 ns, At safepoint: 25138 ns, Total: 116064 ns
[2020-09-11T18:44:59.574+0000][1][safepoint    ] Safepoint "Cleanup", Time since last: 1000144336 ns, Reaching safepoint: 87527 ns, At safepoint: 8700 ns, Total: 96227 ns
[2020-09-11T18:45:00.574+0000][1][safepoint    ] Safepoint "Cleanup", Time since last: 1000106897 ns, Reaching safepoint: 84755 ns, At safepoint: 9358 ns, Total: 94113 ns
[2020-09-11T18:45:00.764+0000][1][safepoint    ] Safepoint "BulkRevokeBias", Time since last: 189762312 ns, Reaching safepoint: 87676 ns, At safepoint: 218747 ns, Total: 306423 ns
[2020-09-11T18:45:01.765+0000][1][safepoint    ] Safepoint "Cleanup", Time since last: 1000109488 ns, Reaching safepoint: 86546 ns, At safepoint: 9950 ns, Total: 96496 ns
[2020-09-11T18:45:02.765+0000][1][safepoint    ] Safepoint "Cleanup", Time since last: 1000118114 ns, Reaching safepoint: 84679 ns, At safepoint: 9884 ns, Total: 94563 ns
[2020-09-11T18:45:03.765+0000][1][safepoint    ] Safepoint "Cleanup", Time since last: 1000158514 ns, Reaching safepoint: 83437 ns, At safepoint: 8650 ns, Total: 92087 ns
[2020-09-11T18:45:04.765+0000][1][safepoint    ] Safepoint "Cleanup", Time since last: 1000114313 ns, Reaching safepoint: 104586 ns, At safepoint: 9559 ns, Total: 114145 ns
[2020-09-11T18:45:05.765+0000][1][safepoint    ] Safepoint "Cleanup", Time since last: 1000105541 ns, Reaching safepoint: 85668 ns, At safepoint: 8820 ns, Total: 94488 ns
[2020-09-11T18:45:06.554+0000][1][safepoint    ] Safepoint "RevokeBias", Time since last: 788438230 ns, Reaching safepoint: 93458 ns, At safepoint: 24847 ns, Total: 118305 ns
[2020-09-11T18:45:07.554+0000][1][safepoint    ] Safepoint "Cleanup", Time since last: 1000106070 ns, Reaching safepoint: 76116 ns, At safepoint: 7989 ns, Total: 84105 ns
[2020-09-11T18:45:08.557+0000][1][safepoint    ] Safepoint "Cleanup", Time since last: 1002690748 ns, Reaching safepoint: 235753 ns, At safepoint: 11456 ns, Total: 247209 ns
[2020-09-11T18:45:08.575+0000][1][gc,start     ] GC(224) Pause Young (Allocation Failure)
[2020-09-11T18:45:08.575+0000][1][gc,task      ] GC(224) Using 1 workers of 1 for evacuation
[2020-09-11T18:45:08.589+0000][1][gc,age       ] GC(224) Desired survivor size 4358144 bytes, new threshold 6 (max threshold 6)
[2020-09-11T18:45:08.589+0000][1][gc,age       ] GC(224) Age table with threshold 6 (max threshold 6)
[2020-09-11T18:45:08.589+0000][1][gc,age       ] GC(224) - age   1:    1231480 bytes,    1231480 total
[2020-09-11T18:45:08.589+0000][1][gc,age       ] GC(224) - age   2:     229672 bytes,    1461152 total
[2020-09-11T18:45:08.589+0000][1][gc,age       ] GC(224) - age   3:     224928 bytes,    1686080 total
[2020-09-11T18:45:08.589+0000][1][gc,age       ] GC(224) - age   4:     100136 bytes,    1786216 total
[2020-09-11T18:45:08.589+0000][1][gc,age       ] GC(224) - age   5:       8184 bytes,    1794400 total
[2020-09-11T18:45:08.589+0000][1][gc,age       ] GC(224) - age   6:     159840 bytes,    1954240 total
[2020-09-11T18:45:08.589+0000][1][gc,heap      ] GC(224) ParNew: 69406K->2656K(76672K)
[2020-09-11T18:45:08.589+0000][1][gc,heap      ] GC(224) CMS: 120627K->120670K(439104K)
[2020-09-11T18:45:08.589+0000][1][gc,metaspace ] GC(224) Metaspace: 95264K->95264K(1136640K)
[2020-09-11T18:45:08.589+0000][1][gc           ] GC(224) Pause Young (Allocation Failure) 185M->120M(503M) 14.326ms
[2020-09-11T18:45:08.589+0000][1][gc,cpu       ] GC(224) User=0.01s Sys=0.00s Real=0.01s
[2020-09-11T18:45:08.589+0000][1][safepoint    ] Safepoint "GenCollectForAllocation", Time since last: 17707436 ns, Reaching safepoint: 208290 ns, At safepoint: 14448828 ns, Total: 14657118 ns
[2020-09-11T18:45:08.656+0000][1][safepoint    ] Safepoint "RevokeBias", Time since last: 66401661 ns, Reaching safepoint: 93339 ns, At safepoint: 36650 ns, Total: 129989 ns
[2020-09-11T18:45:09.658+0000][1][safepoint    ] Safepoint "Cleanup", Time since last: 1001449334 ns, Reaching safepoint: 94505 ns, At safepoint: 22866 ns, Total: 117371 ns
[2020-09-11T18:45:10.658+0000][1][safepoint    ] Safepoint "Cleanup", Time since last: 1000132093 ns, Reaching safepoint: 82267 ns, At safepoint: 9148 ns, Total: 91415 ns
[2020-09-11T18:45:10.733+0000][1][safepoint    ] Safepoint "RevokeBias", Time since last: 75155193 ns, Reaching safepoint: 92024 ns, At safepoint: 24978 ns, Total: 117002 ns
[2020-09-11T18:45:11.733+0000][1][safepoint    ] Safepoint "Cleanup", Time since last: 1000105668 ns, Reaching safepoint: 88798 ns, At safepoint: 9123 ns, Total: 97921 ns
[2020-09-11T18:45:12.733+0000][1][safepoint    ] Safepoint "Cleanup", Time since last: 1000109024 ns, Reaching safepoint: 83460 ns, At safepoint: 8812 ns, Total: 92272 ns
[2020-09-11T18:45:13.734+0000][1][safepoint    ] Safepoint "Cleanup", Time since last: 1000116065 ns, Reaching safepoint: 83353 ns, At safepoint: 9111 ns, Total: 92464 ns
[2020-09-11T18:45:14.734+0000][1][safepoint    ] Safepoint "Cleanup", Time since last: 1000112425 ns, Reaching safepoint: 81868 ns, At safepoint: 8549 ns, Total: 90417 ns
[2020-09-11T18:45:15.734+0000][1][safepoint    ] Safepoint "Cleanup", Time since last: 1000119126 ns, Reaching safepoint: 96308 ns, At safepoint: 9952 ns, Total: 106260 ns
[2020-09-11T18:45:16.528+0000][1][safepoint    ] Safepoint "RevokeBias", Time since last: 793627084 ns, Reaching safepoint: 95028 ns, At safepoint: 25953 ns, Total: 120981 ns
[2020-09-11T18:45:17.528+0000][1][safepoint    ] Safepoint "Cleanup", Time since last: 1000110419 ns, Reaching safepoint: 83942 ns, At safepoint: 10220 ns, Total: 94162 ns
[2020-09-11T18:45:18.528+0000][1][safepoint    ] Safepoint "Cleanup", Time since last: 1000117590 ns, Reaching safepoint: 114330 ns, At safepoint: 9335 ns, Total: 123665 ns
[2020-09-11T18:45:18.551+0000][1][safepoint    ] Safepoint "RevokeBias", Time since last: 22742134 ns, Reaching safepoint: 93480 ns, At safepoint: 25662 ns, Total: 119142 ns
[2020-09-11T18:45:19.551+0000][1][safepoint    ] Safepoint "Cleanup", Time since last: 1000106140 ns, Reaching safepoint: 82540 ns, At safepoint: 9011 ns, Total: 91551 ns
[2020-09-11T18:45:20.552+0000][1][safepoint    ] Safepoint "Cleanup", Time since last: 1000113444 ns, Reaching safepoint: 81402 ns, At safepoint: 9681 ns, Total: 91083 ns
[2020-09-11T18:45:20.739+0000][1][safepoint    ] Safepoint "RevokeBias", Time since last: 187380350 ns, Reaching safepoint: 94503 ns, At safepoint: 24941 ns, Total: 119444 ns
[2020-09-11T18:45:21.739+0000][1][safepoint    ] Safepoint "Cleanup", Time since last: 1000112753 ns, Reaching safepoint: 81605 ns, At safepoint: 9000 ns, Total: 90605 ns
[2020-09-11T18:45:22.739+0000][1][safepoint    ] Safepoint "Cleanup", Time since last: 1000131751 ns, Reaching safepoint: 81611 ns, At safepoint: 9321 ns, Total: 90932 ns
[2020-09-11T18:45:23.740+0000][1][safepoint    ] Safepoint "Cleanup", Time since last: 1000116777 ns, Reaching safepoint: 82597 ns, At safepoint: 9407 ns, Total: 92004 ns
[2020-09-11T18:45:24.740+0000][1][safepoint    ] Safepoint "Cleanup", Time since last: 1000111939 ns, Reaching safepoint: 82114 ns, At safepoint: 9173 ns, Total: 91287 ns
[2020-09-11T18:45:25.740+0000][1][safepoint    ] Safepoint "Cleanup", Time since last: 1000111333 ns, Reaching safepoint: 79299 ns, At safepoint: 9524 ns, Total: 88823 ns
[2020-09-11T18:45:26.582+0000][1][safepoint    ] Safepoint "RevokeBias", Time since last: 841315592 ns, Reaching safepoint: 95138 ns, At safepoint: 25426 ns, Total: 120564 ns
[2020-09-11T18:45:27.582+0000][1][safepoint    ] Safepoint "Cleanup", Time since last: 1000113295 ns, Reaching safepoint: 83919 ns, At safepoint: 9129 ns, Total: 93048 ns
[2020-09-11T18:45:28.501+0000][1][gc,start     ] GC(225) Pause Young (Allocation Failure)
[2020-09-11T18:45:28.501+0000][1][gc,task      ] GC(225) Using 1 workers of 1 for evacuation
[2020-09-11T18:45:28.511+0000][1][gc,age       ] GC(225) Desired survivor size 4358144 bytes, new threshold 6 (max threshold 6)
[2020-09-11T18:45:28.511+0000][1][gc,age       ] GC(225) Age table with threshold 6 (max threshold 6)
[2020-09-11T18:45:28.511+0000][1][gc,age       ] GC(225) - age   1:     302392 bytes,     302392 total
[2020-09-11T18:45:28.511+0000][1][gc,age       ] GC(225) - age   2:    1035784 bytes,    1338176 total
[2020-09-11T18:45:28.511+0000][1][gc,age       ] GC(225) - age   3:     226392 bytes,    1564568 total
[2020-09-11T18:45:28.511+0000][1][gc,age       ] GC(225) - age   4:     203880 bytes,    1768448 total
[2020-09-11T18:45:28.511+0000][1][gc,age       ] GC(225) - age   5:      84320 bytes,    1852768 total
[2020-09-11T18:45:28.511+0000][1][gc,age       ] GC(225) - age   6:       8184 bytes,    1860952 total
[2020-09-11T18:45:28.511+0000][1][gc,heap      ] GC(225) ParNew: 70816K->3305K(76672K)
[2020-09-11T18:45:28.511+0000][1][gc,heap      ] GC(225) CMS: 120670K->120827K(439104K)
[2020-09-11T18:45:28.511+0000][1][gc,metaspace ] GC(225) Metaspace: 95274K->95274K(1136640K)
[2020-09-11T18:45:28.512+0000][1][gc           ] GC(225) Pause Young (Allocation Failure) 186M->121M(503M) 10.635ms
[2020-09-11T18:45:28.512+0000][1][gc,cpu       ] GC(225) User=0.00s Sys=0.00s Real=0.00s
[2020-09-11T18:45:28.514+0000][1][safepoint    ] Safepoint "GenCollectForAllocation", Time since last: 918076487 ns, Reaching safepoint: 1065218 ns, At safepoint: 13601881 ns, Total: 14667099 ns
[2020-09-11T18:45:28.583+0000][1][safepoint    ] Safepoint "RevokeBias", Time since last: 68617361 ns, Reaching safepoint: 94875 ns, At safepoint: 26227 ns, Total: 121102 ns
[2020-09-11T18:45:29.583+0000][1][safepoint    ] Safepoint "Cleanup", Time since last: 1000112143 ns, Reaching safepoint: 93020 ns, At safepoint: 18286 ns, Total: 111306 ns
[2020-09-11T18:45:30.584+0000][1][safepoint    ] Safepoint "Cleanup", Time since last: 1000110193 ns, Reaching safepoint: 86163 ns, At safepoint: 8993 ns, Total: 95156 ns
[2020-09-11T18:45:30.760+0000][1][safepoint    ] Safepoint "RevokeBias", Time since last: 176593694 ns, Reaching safepoint: 170813 ns, At safepoint: 26688 ns, Total: 197501 ns
[2020-09-11T18:45:31.761+0000][1][safepoint    ] Safepoint "Cleanup", Time since last: 1000115807 ns, Reaching safepoint: 83611 ns, At safepoint: 10228 ns, Total: 93839 ns
[2020-09-11T18:45:32.761+0000][1][safepoint    ] Safepoint "Cleanup", Time since last: 1000136270 ns, Reaching safepoint: 83875 ns, At safepoint: 10507 ns, Total: 94382 ns
[2020-09-11T18:45:33.761+0000][1][safepoint    ] Safepoint "Cleanup", Time since last: 1000114228 ns, Reaching safepoint: 83406 ns, At safepoint: 9543 ns, Total: 92949 ns
[2020-09-11T18:45:34.761+0000][1][safepoint    ] Safepoint "Cleanup", Time since last: 1000115980 ns, Reaching safepoint: 85521 ns, At safepoint: 9686 ns, Total: 95207 ns
[2020-09-11T18:45:35.765+0000][1][safepoint    ] Safepoint "Cleanup", Time since last: 1003498689 ns, Reaching safepoint: 109521 ns, At safepoint: 10412 ns, Total: 119933 ns
[2020-09-11T18:45:36.529+0000][1][safepoint    ] Safepoint "RevokeBias", Time since last: 763795241 ns, Reaching safepoint: 129589 ns, At safepoint: 40894 ns, Total: 170483 ns
[2020-09-11T18:45:37.529+0000][1][safepoint    ] Safepoint "Cleanup", Time since last: 1000104769 ns, Reaching safepoint: 82180 ns, At safepoint: 8481 ns, Total: 90661 ns
[2020-09-11T18:45:38.530+0000][1][safepoint    ] Safepoint "Cleanup", Time since last: 1000145468 ns, Reaching safepoint: 476232 ns, At safepoint: 13613 ns, Total: 489845 ns
[2020-09-11T18:45:38.675+0000][1][safepoint    ] Safepoint "RevokeBias", Time since last: 145411886 ns, Reaching safepoint: 96099 ns, At safepoint: 25949 ns, Total: 122048 ns
[2020-09-11T18:45:39.675+0000][1][safepoint    ] Safepoint "Cleanup", Time since last: 1000110783 ns, Reaching safepoint: 82141 ns, At safepoint: 9236 ns, Total: 91377 ns
[2020-09-11T18:45:40.676+0000][1][safepoint    ] Safepoint "Cleanup", Time since last: 1000115382 ns, Reaching safepoint: 81434 ns, At safepoint: 9145 ns, Total: 90579 ns
[2020-09-11T18:45:40.749+0000][1][safepoint    ] Safepoint "RevokeBias", Time since last: 73238869 ns, Reaching safepoint: 91073 ns, At safepoint: 24425 ns, Total: 115498 ns
[2020-09-11T18:45:41.864+0000][1][safepoint    ] Safepoint "Cleanup", Time since last: 1115090895 ns, Reaching safepoint: 105924 ns, At safepoint: 9077 ns, Total: 115001 ns
[2020-09-11T18:45:46.555+0000][1][safepoint    ] Safepoint "RevokeBias", Time since last: 4691112875 ns, Reaching safepoint: 94683 ns, At safepoint: 25836 ns, Total: 120519 ns
[2020-09-11T18:45:46.998+0000][1][safepoint    ] Safepoint "RevokeBias", Time since last: 442926170 ns, Reaching safepoint: 78349 ns, At safepoint: 23137 ns, Total: 101486 ns
[2020-09-11T18:45:48.376+0000][1][gc,start     ] GC(226) Pause Young (Allocation Failure)
[2020-09-11T18:45:48.376+0000][1][gc,task      ] GC(226) Using 1 workers of 1 for evacuation
[2020-09-11T18:45:48.393+0000][1][gc,age       ] GC(226) Desired survivor size 4358144 bytes, new threshold 6 (max threshold 6)
[2020-09-11T18:45:48.393+0000][1][gc,age       ] GC(226) Age table with threshold 6 (max threshold 6)
[2020-09-11T18:45:48.393+0000][1][gc,age       ] GC(226) - age   1:     189080 bytes,     189080 total
[2020-09-11T18:45:48.393+0000][1][gc,age       ] GC(226) - age   2:     167984 bytes,     357064 total
[2020-09-11T18:45:48.393+0000][1][gc,age       ] GC(226) - age   3:    1033824 bytes,    1390888 total
[2020-09-11T18:45:48.393+0000][1][gc,age       ] GC(226) - age   4:     200200 bytes,    1591088 total
[2020-09-11T18:45:48.393+0000][1][gc,age       ] GC(226) - age   5:     178608 bytes,    1769696 total
[2020-09-11T18:45:48.393+0000][1][gc,age       ] GC(226) - age   6:      84320 bytes,    1854016 total
[2020-09-11T18:45:48.393+0000][1][gc,heap      ] GC(226) ParNew: 71465K->2189K(76672K)
[2020-09-11T18:45:48.393+0000][1][gc,heap      ] GC(226) CMS: 120827K->120835K(439104K)
[2020-09-11T18:45:48.393+0000][1][gc,metaspace ] GC(226) Metaspace: 95280K->95280K(1136640K)
[2020-09-11T18:45:48.393+0000][1][gc           ] GC(226) Pause Young (Allocation Failure) 187M->120M(503M) 17.715ms
[2020-09-11T18:45:48.393+0000][1][gc,cpu       ] GC(226) User=0.00s Sys=0.00s Real=0.02s
[2020-09-11T18:45:48.394+0000][1][safepoint    ] Safepoint "GenCollectForAllocation", Time since last: 1377123044 ns, Reaching safepoint: 171936 ns, At safepoint: 17841877 ns, Total: 18013813 ns
[2020-09-11T18:45:48.632+0000][1][safepoint    ] Safepoint "RevokeBias", Time since last: 237887835 ns, Reaching safepoint: 95037 ns, At safepoint: 26163 ns, Total: 121200 ns
[2020-09-11T18:45:50.632+0000][1][safepoint    ] Safepoint "Cleanup", Time since last: 2000194293 ns, Reaching safepoint: 100254 ns, At safepoint: 10856 ns, Total: 111110 ns
[2020-09-11T18:45:50.830+0000][1][safepoint    ] Safepoint "RevokeBias", Time since last: 197625119 ns, Reaching safepoint: 92776 ns, At safepoint: 26196 ns, Total: 118972 ns
[2020-09-11T18:45:53.830+0000][1][safepoint    ] Safepoint "Cleanup", Time since last: 3000267901 ns, Reaching safepoint: 86193 ns, At safepoint: 9743 ns, Total: 95936 ns
[2020-09-11T18:45:56.537+0000][1][safepoint    ] Safepoint "RevokeBias", Time since last: 2702775489 ns, Reaching safepoint: 4110391 ns, At safepoint: 31785 ns, Total: 4142176 ns
[2020-09-11T18:45:58.601+0000][1][safepoint    ] Safepoint "RevokeBias", Time since last: 2063536190 ns, Reaching safepoint: 96872 ns, At safepoint: 26250 ns, Total: 123122 ns
[2020-09-11T18:46:00.601+0000][1][safepoint    ] Safepoint "Cleanup", Time since last: 2000242933 ns, Reaching safepoint: 92567 ns, At safepoint: 10056 ns, Total: 102623 ns
[2020-09-11T18:46:00.738+0000][1][safepoint    ] Safepoint "RevokeBias", Time since last: 136763973 ns, Reaching safepoint: 88828 ns, At safepoint: 23383 ns, Total: 112211 ns
[2020-09-11T18:46:06.025+0000][1][gc,start     ] GC(227) Pause Young (Allocation Failure)
[2020-09-11T18:46:06.025+0000][1][gc,task      ] GC(227) Using 1 workers of 1 for evacuation
[2020-09-11T18:46:06.032+0000][1][gc,age       ] GC(227) Desired survivor size 4358144 bytes, new threshold 6 (max threshold 6)
[2020-09-11T18:46:06.032+0000][1][gc,age       ] GC(227) Age table with threshold 6 (max threshold 6)
[2020-09-11T18:46:06.032+0000][1][gc,age       ] GC(227) - age   1:     471472 bytes,     471472 total
[2020-09-11T18:46:06.032+0000][1][gc,age       ] GC(227) - age   2:      67576 bytes,     539048 total
[2020-09-11T18:46:06.032+0000][1][gc,age       ] GC(227) - age   3:     160392 bytes,     699440 total
[2020-09-11T18:46:06.032+0000][1][gc,age       ] GC(227) - age   4:    1019168 bytes,    1718608 total
[2020-09-11T18:46:06.032+0000][1][gc,age       ] GC(227) - age   5:     181048 bytes,    1899656 total
[2020-09-11T18:46:06.032+0000][1][gc,age       ] GC(227) - age   6:     178608 bytes,    2078264 total
[2020-09-11T18:46:06.032+0000][1][gc,heap      ] GC(227) ParNew: 70349K->3263K(76672K)
[2020-09-11T18:46:06.032+0000][1][gc,heap      ] GC(227) CMS: 120835K->120917K(439104K)
[2020-09-11T18:46:06.032+0000][1][gc,metaspace ] GC(227) Metaspace: 95287K->95287K(1136640K)
[2020-09-11T18:46:06.032+0000][1][gc           ] GC(227) Pause Young (Allocation Failure) 186M->121M(503M) 6.492ms
[2020-09-11T18:46:06.032+0000][1][gc,cpu       ] GC(227) User=0.00s Sys=0.00s Real=0.00s
[2020-09-11T18:46:06.037+0000][1][safepoint    ] Safepoint "GenCollectForAllocation", Time since last: 5287257875 ns, Reaching safepoint: 174822 ns, At safepoint: 11585052 ns, Total: 11759874 ns
[2020-09-11T18:46:06.610+0000][1][safepoint    ] Safepoint "RevokeBias", Time since last: 573304948 ns, Reaching safepoint: 99560 ns, At safepoint: 26769 ns, Total: 126329 ns
[2020-09-11T18:46:08.699+0000][1][safepoint    ] Safepoint "RevokeBias", Time since last: 2089013918 ns, Reaching safepoint: 89417 ns, At safepoint: 23690 ns, Total: 113107 ns
[2020-09-11T18:46:10.700+0000][1][safepoint    ] Safepoint "Cleanup", Time since last: 2000179228 ns, Reaching safepoint: 125804 ns, At safepoint: 10020 ns, Total: 135824 ns
[2020-09-11T18:46:10.838+0000][1][safepoint    ] Safepoint "RevokeBias", Time since last: 137717743 ns, Reaching safepoint: 96261 ns, At safepoint: 24761 ns, Total: 121022 ns
[2020-09-11T18:46:16.541+0000][1][safepoint    ] Safepoint "RevokeBias", Time since last: 5703411346 ns, Reaching safepoint: 94988 ns, At safepoint: 25101 ns, Total: 120089 ns
[2020-09-11T18:46:18.652+0000][1][safepoint    ] Safepoint "RevokeBias", Time since last: 2111066413 ns, Reaching safepoint: 91112 ns, At safepoint: 24923 ns, Total: 116035 ns
[2020-09-11T18:46:20.653+0000][1][safepoint    ] Safepoint "Cleanup", Time since last: 2000204735 ns, Reaching safepoint: 95499 ns, At safepoint: 8369 ns, Total: 103868 ns
[2020-09-11T18:46:20.758+0000][1][safepoint    ] Safepoint "RevokeBias", Time since last: 105232190 ns, Reaching safepoint: 98225 ns, At safepoint: 22752 ns, Total: 120977 ns
[2020-09-11T18:46:21.030+0000][1][gc,start     ] GC(228) Pause Young (Allocation Failure)
[2020-09-11T18:46:21.030+0000][1][gc,task      ] GC(228) Using 1 workers of 1 for evacuation
[2020-09-11T18:46:21.043+0000][1][gc,age       ] GC(228) Desired survivor size 4358144 bytes, new threshold 6 (max threshold 6)
[2020-09-11T18:46:21.043+0000][1][gc,age       ] GC(228) Age table with threshold 6 (max threshold 6)
[2020-09-11T18:46:21.043+0000][1][gc,age       ] GC(228) - age   1:     121848 bytes,     121848 total
[2020-09-11T18:46:21.043+0000][1][gc,age       ] GC(228) - age   2:     402088 bytes,     523936 total
[2020-09-11T18:46:21.043+0000][1][gc,age       ] GC(228) - age   3:      63056 bytes,     586992 total
[2020-09-11T18:46:21.043+0000][1][gc,age       ] GC(228) - age   4:     143536 bytes,     730528 total
[2020-09-11T18:46:21.043+0000][1][gc,age       ] GC(228) - age   5:    1018856 bytes,    1749384 total
[2020-09-11T18:46:21.043+0000][1][gc,age       ] GC(228) - age   6:     181048 bytes,    1930432 total
[2020-09-11T18:46:21.043+0000][1][gc,heap      ] GC(228) ParNew: 71423K->1930K(76672K)
[2020-09-11T18:46:21.043+0000][1][gc,heap      ] GC(228) CMS: 120917K->121091K(439104K)
[2020-09-11T18:46:21.043+0000][1][gc,metaspace ] GC(228) Metaspace: 95316K->95316K(1136640K)
[2020-09-11T18:46:21.043+0000][1][gc           ] GC(228) Pause Young (Allocation Failure) 187M->120M(503M) 13.336ms
[2020-09-11T18:46:21.043+0000][1][gc,cpu       ] GC(228) User=0.00s Sys=0.00s Real=0.02s
[2020-09-11T18:46:21.045+0000][1][safepoint    ] Safepoint "GenCollectForAllocation", Time since last: 271912641 ns, Reaching safepoint: 156717 ns, At safepoint: 14793264 ns, Total: 14949981 ns
[2020-09-11T18:46:26.546+0000][1][safepoint    ] Safepoint "RevokeBias", Time since last: 5501040257 ns, Reaching safepoint: 91220 ns, At safepoint: 25555 ns, Total: 116775 ns
[2020-09-11T18:46:28.546+0000][1][safepoint    ] Safepoint "Cleanup", Time since last: 2000202204 ns, Reaching safepoint: 89249 ns, At safepoint: 9711 ns, Total: 98960 ns
[2020-09-11T18:46:28.676+0000][1][safepoint    ] Safepoint "BulkRevokeBias", Time since last: 129121919 ns, Reaching safepoint: 91321 ns, At safepoint: 488620 ns, Total: 579941 ns
[2020-09-11T18:46:30.749+0000][1][safepoint    ] Safepoint "RevokeBias", Time since last: 2072633271 ns, Reaching safepoint: 92164 ns, At safepoint: 26191 ns, Total: 118355 ns
[2020-09-11T18:46:31.749+0000][1][safepoint    ] Safepoint "Cleanup", Time since last: 1000073924 ns, Reaching safepoint: 89129 ns, At safepoint: 9958 ns, Total: 99087 ns
[2020-09-11T18:46:36.550+0000][1][safepoint    ] Safepoint "RevokeBias", Time since last: 4800912974 ns, Reaching safepoint: 92925 ns, At safepoint: 26105 ns, Total: 119030 ns
[2020-09-11T18:46:38.551+0000][1][safepoint    ] Safepoint "Cleanup", Time since last: 2000200981 ns, Reaching safepoint: 675679 ns, At safepoint: 13255 ns, Total: 688934 ns
[2020-09-11T18:46:38.679+0000][1][safepoint    ] Safepoint "RevokeBias", Time since last: 127971062 ns, Reaching safepoint: 92495 ns, At safepoint: 26040 ns, Total: 118535 ns
[2020-09-11T18:46:40.804+0000][1][safepoint    ] Safepoint "RevokeBias", Time since last: 2124742386 ns, Reaching safepoint: 166348 ns, At safepoint: 29272 ns, Total: 195620 ns
[2020-09-11T18:46:41.136+0000][1][gc,start     ] GC(229) Pause Young (Allocation Failure)
[2020-09-11T18:46:41.137+0000][1][gc,task      ] GC(229) Using 1 workers of 1 for evacuation
[2020-09-11T18:46:41.150+0000][1][gc,age       ] GC(229) Desired survivor size 4358144 bytes, new threshold 6 (max threshold 6)
[2020-09-11T18:46:41.150+0000][1][gc,age       ] GC(229) Age table with threshold 6 (max threshold 6)
[2020-09-11T18:46:41.150+0000][1][gc,age       ] GC(229) - age   1:     502008 bytes,     502008 total
[2020-09-11T18:46:41.150+0000][1][gc,age       ] GC(229) - age   2:      64744 bytes,     566752 total
[2020-09-11T18:46:41.150+0000][1][gc,age       ] GC(229) - age   3:     397872 bytes,     964624 total
[2020-09-11T18:46:41.150+0000][1][gc,age       ] GC(229) - age   4:      55128 bytes,    1019752 total
[2020-09-11T18:46:41.150+0000][1][gc,age       ] GC(229) - age   5:     120696 bytes,    1140448 total
[2020-09-11T18:46:41.150+0000][1][gc,age       ] GC(229) - age   6:    1018856 bytes,    2159304 total
[2020-09-11T18:46:41.150+0000][1][gc,heap      ] GC(229) ParNew: 70090K->3792K(76672K)
[2020-09-11T18:46:41.150+0000][1][gc,heap      ] GC(229) CMS: 121091K->121268K(439104K)
[2020-09-11T18:46:41.150+0000][1][gc,metaspace ] GC(229) Metaspace: 95318K->95318K(1136640K)
[2020-09-11T18:46:41.150+0000][1][gc           ] GC(229) Pause Young (Allocation Failure) 186M->122M(503M) 13.929ms
[2020-09-11T18:46:41.150+0000][1][gc,cpu       ] GC(229) User=0.00s Sys=0.00s Real=0.01s
[2020-09-11T18:46:41.151+0000][1][safepoint    ] Safepoint "GenCollectForAllocation", Time since last: 332589194 ns, Reaching safepoint: 74624 ns, At safepoint: 14281178 ns, Total: 14355802 ns
[2020-09-11T18:46:42.152+0000][1][safepoint    ] Safepoint "Cleanup", Time since last: 1000999155 ns, Reaching safepoint: 89807 ns, At safepoint: 9535 ns, Total: 99342 ns
[2020-09-11T18:46:46.546+0000][1][safepoint    ] Safepoint "RevokeBias", Time since last: 4394081597 ns, Reaching safepoint: 91511 ns, At safepoint: 25945 ns, Total: 117456 ns
[2020-09-11T18:46:48.642+0000][1][safepoint    ] Safepoint "RevokeBias", Time since last: 2095344414 ns, Reaching safepoint: 91332 ns, At safepoint: 24336 ns, Total: 115668 ns
[2020-09-11T18:46:50.743+0000][1][safepoint    ] Safepoint "RevokeBias", Time since last: 2101465048 ns, Reaching safepoint: 92413 ns, At safepoint: 25443 ns, Total: 117856 ns
[2020-09-11T18:46:52.745+0000][1][safepoint    ] Safepoint "Cleanup", Time since last: 2001741496 ns, Reaching safepoint: 87356 ns, At safepoint: 8602 ns, Total: 95958 ns
[2020-09-11T18:46:56.548+0000][1][safepoint    ] Safepoint "RevokeBias", Time since last: 3802600505 ns, Reaching safepoint: 94431 ns, At safepoint: 27010 ns, Total: 121441 ns
[2020-09-11T18:46:57.944+0000][1][gc,start     ] GC(230) Pause Young (Allocation Failure)
[2020-09-11T18:46:57.944+0000][1][gc,task      ] GC(230) Using 1 workers of 1 for evacuation
[2020-09-11T18:46:57.953+0000][1][gc,age       ] GC(230) Desired survivor size 4358144 bytes, new threshold 6 (max threshold 6)
[2020-09-11T18:46:57.953+0000][1][gc,age       ] GC(230) Age table with threshold 6 (max threshold 6)
[2020-09-11T18:46:57.953+0000][1][gc,age       ] GC(230) - age   1:     146976 bytes,     146976 total
[2020-09-11T18:46:57.953+0000][1][gc,age       ] GC(230) - age   2:     416336 bytes,     563312 total
[2020-09-11T18:46:57.953+0000][1][gc,age       ] GC(230) - age   3:      46408 bytes,     609720 total
[2020-09-11T18:46:57.953+0000][1][gc,age       ] GC(230) - age   4:     396152 bytes,    1005872 total
[2020-09-11T18:46:57.953+0000][1][gc,age       ] GC(230) - age   5:       6512 bytes,    1012384 total
[2020-09-11T18:46:57.953+0000][1][gc,age       ] GC(230) - age   6:     120384 bytes,    1132768 total
[2020-09-11T18:46:57.953+0000][1][gc,heap      ] GC(230) ParNew: 71952K->1264K(76672K)
[2020-09-11T18:46:57.953+0000][1][gc,heap      ] GC(230) CMS: 121268K->122263K(439104K)
[2020-09-11T18:46:57.953+0000][1][gc,metaspace ] GC(230) Metaspace: 95350K->95350K(1136640K)
[2020-09-11T18:46:57.953+0000][1][gc           ] GC(230) Pause Young (Allocation Failure) 188M->120M(503M) 9.032ms
[2020-09-11T18:46:57.953+0000][1][gc,cpu       ] GC(230) User=0.00s Sys=0.00s Real=0.01s
[2020-09-11T18:46:57.956+0000][1][safepoint    ] Safepoint "GenCollectForAllocation", Time since last: 1396265025 ns, Reaching safepoint: 169414 ns, At safepoint: 11974157 ns, Total: 12143571 ns
[2020-09-11T18:46:58.576+0000][1][safepoint    ] Safepoint "RevokeBias", Time since last: 619679714 ns, Reaching safepoint: 98391 ns, At safepoint: 26479 ns, Total: 124870 ns
[2020-09-11T18:47:00.813+0000][1][safepoint    ] Safepoint "RevokeBias", Time since last: 2237491842 ns, Reaching safepoint: 90943 ns, At safepoint: 26599 ns, Total: 117542 ns
[2020-09-11T18:47:06.547+0000][1][safepoint    ] Safepoint "RevokeBias", Time since last: 5733785116 ns, Reaching safepoint: 94590 ns, At safepoint: 26510 ns, Total: 121100 ns
[2020-09-11T18:47:08.612+0000][1][safepoint    ] Safepoint "RevokeBias", Time since last: 2064278292 ns, Reaching safepoint: 92169 ns, At safepoint: 39928 ns, Total: 132097 ns
[2020-09-11T18:47:10.812+0000][1][safepoint    ] Safepoint "RevokeBias", Time since last: 2200199776 ns, Reaching safepoint: 93188 ns, At safepoint: 25784 ns, Total: 118972 ns
[2020-09-11T18:47:12.812+0000][1][safepoint    ] Safepoint "Cleanup", Time since last: 2000186066 ns, Reaching safepoint: 90417 ns, At safepoint: 8271 ns, Total: 98688 ns
[2020-09-11T18:47:15.813+0000][1][safepoint    ] Safepoint "Cleanup", Time since last: 3000260716 ns, Reaching safepoint: 114912 ns, At safepoint: 9666 ns, Total: 124578 ns
[2020-09-11T18:47:16.101+0000][1][gc,start     ] GC(231) Pause Young (Allocation Failure)
[2020-09-11T18:47:16.101+0000][1][gc,task      ] GC(231) Using 1 workers of 1 for evacuation
[2020-09-11T18:47:16.110+0000][1][gc,age       ] GC(231) Desired survivor size 4358144 bytes, new threshold 6 (max threshold 6)
[2020-09-11T18:47:16.110+0000][1][gc,age       ] GC(231) Age table with threshold 6 (max threshold 6)
[2020-09-11T18:47:16.110+0000][1][gc,age       ] GC(231) - age   1:     102824 bytes,     102824 total
[2020-09-11T18:47:16.110+0000][1][gc,age       ] GC(231) - age   2:      84976 bytes,     187800 total
[2020-09-11T18:47:16.110+0000][1][gc,age       ] GC(231) - age   3:     415104 bytes,     602904 total
[2020-09-11T18:47:16.110+0000][1][gc,age       ] GC(231) - age   4:      46408 bytes,     649312 total
[2020-09-11T18:47:16.110+0000][1][gc,age       ] GC(231) - age   5:     367352 bytes,    1016664 total
[2020-09-11T18:47:16.110+0000][1][gc,age       ] GC(231) - age   6:       6512 bytes,    1023176 total
[2020-09-11T18:47:16.110+0000][1][gc,heap      ] GC(231) ParNew: 69424K->1145K(76672K)
[2020-09-11T18:47:16.110+0000][1][gc,heap      ] GC(231) CMS: 122263K->122381K(439104K)
[2020-09-11T18:47:16.110+0000][1][gc,metaspace ] GC(231) Metaspace: 95362K->95362K(1136640K)
[2020-09-11T18:47:16.111+0000][1][gc           ] GC(231) Pause Young (Allocation Failure) 187M->120M(503M) 9.655ms
[2020-09-11T18:47:16.111+0000][1][gc,cpu       ] GC(231) User=0.01s Sys=0.00s Real=0.00s
[2020-09-11T18:47:16.111+0000][1][safepoint    ] Safepoint "GenCollectForAllocation", Time since last: 284960281 ns, Reaching safepoint: 3086902 ns, At safepoint: 9725724 ns, Total: 12812626 ns
[2020-09-11T18:47:16.597+0000][1][safepoint    ] Safepoint "RevokeBias", Time since last: 486367916 ns, Reaching safepoint: 92971 ns, At safepoint: 26963 ns, Total: 119934 ns
[2020-09-11T18:47:18.532+0000][1][safepoint    ] Safepoint "RevokeBias", Time since last: 1935019947 ns, Reaching safepoint: 92584 ns, At safepoint: 26463 ns, Total: 119047 ns
[2020-09-11T18:47:20.859+0000][1][safepoint    ] Safepoint "RevokeBias", Time since last: 2326790171 ns, Reaching safepoint: 200830 ns, At safepoint: 30630 ns, Total: 231460 ns
[2020-09-11T18:47:26.544+0000][1][safepoint    ] Safepoint "RevokeBias", Time since last: 5684546643 ns, Reaching safepoint: 93492 ns, At safepoint: 26172 ns, Total: 119664 ns
[2020-09-11T18:47:28.544+0000][1][safepoint    ] Safepoint "Cleanup", Time since last: 2000192168 ns, Reaching safepoint: 86800 ns, At safepoint: 10386 ns, Total: 97186 ns
[2020-09-11T18:47:28.859+0000][1][safepoint    ] Safepoint "RevokeBias", Time since last: 314580441 ns, Reaching safepoint: 111971 ns, At safepoint: 27306 ns, Total: 139277 ns
[2020-09-11T18:47:30.758+0000][1][safepoint    ] Safepoint "RevokeBias", Time since last: 1898830546 ns, Reaching safepoint: 116695 ns, At safepoint: 48140 ns, Total: 164835 ns
[2020-09-11T18:47:32.713+0000][1][gc,start     ] GC(232) Pause Young (Allocation Failure)
[2020-09-11T18:47:32.713+0000][1][gc,task      ] GC(232) Using 1 workers of 1 for evacuation
[2020-09-11T18:47:32.722+0000][1][gc,age       ] GC(232) Desired survivor size 4358144 bytes, new threshold 6 (max threshold 6)
[2020-09-11T18:47:32.722+0000][1][gc,age       ] GC(232) Age table with threshold 6 (max threshold 6)
[2020-09-11T18:47:32.722+0000][1][gc,age       ] GC(232) - age   1:     302240 bytes,     302240 total
[2020-09-11T18:47:32.722+0000][1][gc,age       ] GC(232) - age   2:      41280 bytes,     343520 total
[2020-09-11T18:47:32.722+0000][1][gc,age       ] GC(232) - age   3:      80856 bytes,     424376 total
[2020-09-11T18:47:32.722+0000][1][gc,age       ] GC(232) - age   4:     413552 bytes,     837928 total
[2020-09-11T18:47:32.722+0000][1][gc,age       ] GC(232) - age   5:      27440 bytes,     865368 total
[2020-09-11T18:47:32.722+0000][1][gc,age       ] GC(232) - age   6:     358248 bytes,    1223616 total
[2020-09-11T18:47:32.722+0000][1][gc,heap      ] GC(232) ParNew: 69305K->2071K(76672K)
[2020-09-11T18:47:32.722+0000][1][gc,heap      ] GC(232) CMS: 122381K->122387K(439104K)
[2020-09-11T18:47:32.722+0000][1][gc,metaspace ] GC(232) Metaspace: 95370K->95370K(1136640K)
[2020-09-11T18:47:32.722+0000][1][gc           ] GC(232) Pause Young (Allocation Failure) 187M->121M(503M) 9.334ms
[2020-09-11T18:47:32.722+0000][1][gc,cpu       ] GC(232) User=0.01s Sys=0.00s Real=0.01s
[2020-09-11T18:47:32.728+0000][1][safepoint    ] Safepoint "GenCollectForAllocation", Time since last: 1954925674 ns, Reaching safepoint: 177208 ns, At safepoint: 15498544 ns, Total: 15675752 ns
[2020-09-11T18:47:36.546+0000][1][safepoint    ] Safepoint "RevokeBias", Time since last: 3816954543 ns, Reaching safepoint: 95754 ns, At safepoint: 28504 ns, Total: 124258 ns
[2020-09-11T18:47:38.705+0000][1][safepoint    ] Safepoint "RevokeBias", Time since last: 2159337938 ns, Reaching safepoint: 96013 ns, At safepoint: 26632 ns, Total: 122645 ns
[2020-09-11T18:47:40.749+0000][1][safepoint    ] Safepoint "RevokeBias", Time since last: 2043202748 ns, Reaching safepoint: 244304 ns, At safepoint: 32368 ns, Total: 276672 ns
[2020-09-11T18:47:46.547+0000][1][safepoint    ] Safepoint "RevokeBias", Time since last: 5798696505 ns, Reaching safepoint: 94607 ns, At safepoint: 25513 ns, Total: 120120 ns
[2020-09-11T18:47:48.582+0000][1][safepoint    ] Safepoint "RevokeBias", Time since last: 2034469674 ns, Reaching safepoint: 90743 ns, At safepoint: 23983 ns, Total: 114726 ns
[2020-09-11T18:47:50.749+0000][1][safepoint    ] Safepoint "RevokeBias", Time since last: 2166445561 ns, Reaching safepoint: 177057 ns, At safepoint: 28348 ns, Total: 205405 ns
[2020-09-11T18:47:53.132+0000][1][gc,start     ] GC(233) Pause Young (Allocation Failure)
[2020-09-11T18:47:53.132+0000][1][gc,task      ] GC(233) Using 1 workers of 1 for evacuation
[2020-09-11T18:47:53.142+0000][1][gc,age       ] GC(233) Desired survivor size 4358144 bytes, new threshold 6 (max threshold 6)
[2020-09-11T18:47:53.142+0000][1][gc,age       ] GC(233) Age table with threshold 6 (max threshold 6)
[2020-09-11T18:47:53.142+0000][1][gc,age       ] GC(233) - age   1:     153168 bytes,     153168 total
[2020-09-11T18:47:53.142+0000][1][gc,age       ] GC(233) - age   2:     222088 bytes,     375256 total
[2020-09-11T18:47:53.142+0000][1][gc,age       ] GC(233) - age   3:      39136 bytes,     414392 total
[2020-09-11T18:47:53.142+0000][1][gc,age       ] GC(233) - age   4:      80824 bytes,     495216 total
[2020-09-11T18:47:53.142+0000][1][gc,age       ] GC(233) - age   5:     413240 bytes,     908456 total
[2020-09-11T18:47:53.142+0000][1][gc,age       ] GC(233) - age   6:      27168 bytes,     935624 total
[2020-09-11T18:47:53.142+0000][1][gc,heap      ] GC(233) ParNew: 70231K->1414K(76672K)
[2020-09-11T18:47:53.142+0000][1][gc,heap      ] GC(233) CMS: 122387K->122737K(439104K)
[2020-09-11T18:47:53.142+0000][1][gc,metaspace ] GC(233) Metaspace: 95378K->95378K(1136640K)
[2020-09-11T18:47:53.142+0000][1][gc           ] GC(233) Pause Young (Allocation Failure) 188M->121M(503M) 10.370ms
[2020-09-11T18:47:53.142+0000][1][gc,cpu       ] GC(233) User=0.00s Sys=0.00s Real=0.02s
[2020-09-11T18:47:53.142+0000][1][safepoint    ] Safepoint "GenCollectForAllocation", Time since last: 2382943746 ns, Reaching safepoint: 208143 ns, At safepoint: 10746961 ns, Total: 10955104 ns
[2020-09-11T18:47:56.569+0000][1][safepoint    ] Safepoint "RevokeBias", Time since last: 3426019402 ns, Reaching safepoint: 90776 ns, At safepoint: 26058 ns, Total: 116834 ns
[2020-09-11T18:47:57.569+0000][1][safepoint    ] Safepoint "Cleanup", Time since last: 1000122678 ns, Reaching safepoint: 104874 ns, At safepoint: 8615 ns, Total: 113489 ns
[2020-09-11T18:47:58.596+0000][1][safepoint    ] Safepoint "BulkRevokeBias", Time since last: 1027045660 ns, Reaching safepoint: 91677 ns, At safepoint: 254739 ns, Total: 346416 ns
[2020-09-11T18:48:00.775+0000][1][safepoint    ] Safepoint "RevokeBias", Time since last: 2178986536 ns, Reaching safepoint: 95636 ns, At safepoint: 26774 ns, Total: 122410 ns
[2020-09-11T18:48:06.553+0000][1][safepoint    ] Safepoint "RevokeBias", Time since last: 5778038457 ns, Reaching safepoint: 96827 ns, At safepoint: 27303 ns, Total: 124130 ns
[2020-09-11T18:48:08.554+0000][1][safepoint    ] Safepoint "Cleanup", Time since last: 2000181355 ns, Reaching safepoint: 121992 ns, At safepoint: 10164 ns, Total: 132156 ns
[2020-09-11T18:48:08.586+0000][1][safepoint    ] Safepoint "RevokeBias", Time since last: 32129606 ns, Reaching safepoint: 91813 ns, At safepoint: 26454 ns, Total: 118267 ns
[2020-09-11T18:48:09.358+0000][1][gc,start     ] GC(234) Pause Young (Allocation Failure)
[2020-09-11T18:48:09.359+0000][1][gc,task      ] GC(234) Using 1 workers of 1 for evacuation
[2020-09-11T18:48:09.366+0000][1][gc,age       ] GC(234) Desired survivor size 4358144 bytes, new threshold 6 (max threshold 6)
[2020-09-11T18:48:09.366+0000][1][gc,age       ] GC(234) Age table with threshold 6 (max threshold 6)
[2020-09-11T18:48:09.366+0000][1][gc,age       ] GC(234) - age   1:     206432 bytes,     206432 total
[2020-09-11T18:48:09.366+0000][1][gc,age       ] GC(234) - age   2:      16800 bytes,     223232 total
[2020-09-11T18:48:09.366+0000][1][gc,age       ] GC(234) - age   3:     218912 bytes,     442144 total
[2020-09-11T18:48:09.366+0000][1][gc,age       ] GC(234) - age   4:      38944 bytes,     481088 total
[2020-09-11T18:48:09.366+0000][1][gc,age       ] GC(234) - age   5:      80728 bytes,     561816 total
[2020-09-11T18:48:09.366+0000][1][gc,age       ] GC(234) - age   6:     378904 bytes,     940720 total
[2020-09-11T18:48:09.366+0000][1][gc,heap      ] GC(234) ParNew: 69574K->1724K(76672K)
[2020-09-11T18:48:09.366+0000][1][gc,heap      ] GC(234) CMS: 122737K->122764K(439104K)
[2020-09-11T18:48:09.366+0000][1][gc,metaspace ] GC(234) Metaspace: 95384K->95384K(1136640K)
[2020-09-11T18:48:09.366+0000][1][gc           ] GC(234) Pause Young (Allocation Failure) 187M->121M(503M) 7.703ms
[2020-09-11T18:48:09.369+0000][1][gc,cpu       ] GC(234) User=0.00s Sys=0.00s Real=0.01s
[2020-09-11T18:48:09.369+0000][1][safepoint    ] Safepoint "GenCollectForAllocation", Time since last: 772306600 ns, Reaching safepoint: 78421 ns, At safepoint: 10417144 ns, Total: 10495565 ns
[2020-09-11T18:48:10.370+0000][1][safepoint    ] Safepoint "Cleanup", Time since last: 1001070088 ns, Reaching safepoint: 99236 ns, At safepoint: 22832 ns, Total: 122068 ns
[2020-09-11T18:48:10.765+0000][1][safepoint    ] Safepoint "RevokeBias", Time since last: 394894260 ns, Reaching safepoint: 88937 ns, At safepoint: 42747 ns, Total: 131684 ns
[2020-09-11T18:48:11.765+0000][1][safepoint    ] Safepoint "Cleanup", Time since last: 1000105875 ns, Reaching safepoint: 84901 ns, At safepoint: 9278 ns, Total: 94179 ns
[2020-09-11T18:48:12.765+0000][1][safepoint    ] Safepoint "Cleanup", Time since last: 1000112863 ns, Reaching safepoint: 83377 ns, At safepoint: 8933 ns, Total: 92310 ns
[2020-09-11T18:48:13.766+0000][1][safepoint    ] Safepoint "Cleanup", Time since last: 1000255228 ns, Reaching safepoint: 86299 ns, At safepoint: 6838 ns, Total: 93137 ns
[2020-09-11T18:48:14.766+0000][1][safepoint    ] Safepoint "Cleanup", Time since last: 1000116748 ns, Reaching safepoint: 82973 ns, At safepoint: 8652 ns, Total: 91625 ns
[2020-09-11T18:48:15.766+0000][1][safepoint    ] Safepoint "Cleanup", Time since last: 1000111559 ns, Reaching safepoint: 82991 ns, At safepoint: 7983 ns, Total: 90974 ns
[2020-09-11T18:48:16.569+0000][1][safepoint    ] Safepoint "RevokeBias", Time since last: 802670375 ns, Reaching safepoint: 97988 ns, At safepoint: 26863 ns, Total: 124851 ns
[2020-09-11T18:48:17.569+0000][1][safepoint    ] Safepoint "Cleanup", Time since last: 1000115492 ns, Reaching safepoint: 87393 ns, At safepoint: 8510 ns, Total: 95903 ns
[2020-09-11T18:48:18.569+0000][1][safepoint    ] Safepoint "Cleanup", Time since last: 1000111877 ns, Reaching safepoint: 83843 ns, At safepoint: 8980 ns, Total: 92823 ns
[2020-09-11T18:48:18.579+0000][1][safepoint    ] Safepoint "RevokeBias", Time since last: 9121047 ns, Reaching safepoint: 90665 ns, At safepoint: 24890 ns, Total: 115555 ns
[2020-09-11T18:48:19.579+0000][1][safepoint    ] Safepoint "Cleanup", Time since last: 1000107111 ns, Reaching safepoint: 84025 ns, At safepoint: 9263 ns, Total: 93288 ns
[2020-09-11T18:48:20.579+0000][1][safepoint    ] Safepoint "Cleanup", Time since last: 1000105084 ns, Reaching safepoint: 82588 ns, At safepoint: 8380 ns, Total: 90968 ns
[2020-09-11T18:48:20.747+0000][1][safepoint    ] Safepoint "RevokeBias", Time since last: 167954209 ns, Reaching safepoint: 170238 ns, At safepoint: 27018 ns, Total: 197256 ns
[2020-09-11T18:48:21.747+0000][1][safepoint    ] Safepoint "Cleanup", Time since last: 1000126100 ns, Reaching safepoint: 95277 ns, At safepoint: 10189 ns, Total: 105466 ns
[2020-09-11T18:48:22.748+0000][1][safepoint    ] Safepoint "Cleanup", Time since last: 1000115934 ns, Reaching safepoint: 83428 ns, At safepoint: 9929 ns, Total: 93357 ns
[2020-09-11T18:48:23.748+0000][1][safepoint    ] Safepoint "Cleanup", Time since last: 1000113735 ns, Reaching safepoint: 81905 ns, At safepoint: 9009 ns, Total: 90914 ns
[2020-09-11T18:48:24.748+0000][1][safepoint    ] Safepoint "Cleanup", Time since last: 1000113170 ns, Reaching safepoint: 99640 ns, At safepoint: 9965 ns, Total: 109605 ns
[2020-09-11T18:48:25.748+0000][1][safepoint    ] Safepoint "Cleanup", Time since last: 1000112338 ns, Reaching safepoint: 85583 ns, At safepoint: 9328 ns, Total: 94911 ns
[2020-09-11T18:48:26.548+0000][1][safepoint    ] Safepoint "RevokeBias", Time since last: 799325138 ns, Reaching safepoint: 92674 ns, At safepoint: 27304 ns, Total: 119978 ns
[2020-09-11T18:48:26.906+0000][1][gc,start     ] GC(235) Pause Young (Allocation Failure)
[2020-09-11T18:48:26.906+0000][1][gc,task      ] GC(235) Using 1 workers of 1 for evacuation
[2020-09-11T18:48:26.916+0000][1][gc,age       ] GC(235) Desired survivor size 4358144 bytes, new threshold 6 (max threshold 6)
[2020-09-11T18:48:26.916+0000][1][gc,age       ] GC(235) Age table with threshold 6 (max threshold 6)
[2020-09-11T18:48:26.916+0000][1][gc,age       ] GC(235) - age   1:     449144 bytes,     449144 total
[2020-09-11T18:48:26.916+0000][1][gc,age       ] GC(235) - age   2:      84080 bytes,     533224 total
[2020-09-11T18:48:26.916+0000][1][gc,age       ] GC(235) - age   3:       8448 bytes,     541672 total
[2020-09-11T18:48:26.916+0000][1][gc,age       ] GC(235) - age   4:     218912 bytes,     760584 total
[2020-09-11T18:48:26.916+0000][1][gc,age       ] GC(235) - age   5:      38944 bytes,     799528 total
[2020-09-11T18:48:26.916+0000][1][gc,age       ] GC(235) - age   6:      25200 bytes,     824728 total
[2020-09-11T18:48:26.916+0000][1][gc,heap      ] GC(235) ParNew: 69884K->1120K(76672K)
[2020-09-11T18:48:26.916+0000][1][gc,heap      ] GC(235) CMS: 122764K->123134K(439104K)
[2020-09-11T18:48:26.916+0000][1][gc,metaspace ] GC(235) Metaspace: 95415K->95415K(1136640K)
[2020-09-11T18:48:26.916+0000][1][gc           ] GC(235) Pause Young (Allocation Failure) 188M->121M(503M) 10.219ms
[2020-09-11T18:48:26.916+0000][1][gc,cpu       ] GC(235) User=0.01s Sys=0.00s Real=0.01s
[2020-09-11T18:48:26.916+0000][1][safepoint    ] Safepoint "GenCollectForAllocation", Time since last: 358166825 ns, Reaching safepoint: 165269 ns, At safepoint: 10319845 ns, Total: 10485114 ns
[2020-09-11T18:48:27.917+0000][1][safepoint    ] Safepoint "Cleanup", Time since last: 1000436269 ns, Reaching safepoint: 84376 ns, At safepoint: 22712 ns, Total: 107088 ns
[2020-09-11T18:48:28.616+0000][1][safepoint    ] Safepoint "RevokeBias", Time since last: 698796554 ns, Reaching safepoint: 94847 ns, At safepoint: 25390 ns, Total: 120237 ns
[2020-09-11T18:48:29.616+0000][1][safepoint    ] Safepoint "Cleanup", Time since last: 1000110201 ns, Reaching safepoint: 86704 ns, At safepoint: 9114 ns, Total: 95818 ns
[2020-09-11T18:48:30.616+0000][1][safepoint    ] Safepoint "Cleanup", Time since last: 1000111729 ns, Reaching safepoint: 82041 ns, At safepoint: 8960 ns, Total: 91001 ns
[2020-09-11T18:48:30.830+0000][1][safepoint    ] Safepoint "RevokeBias", Time since last: 213345411 ns, Reaching safepoint: 169674 ns, At safepoint: 26319 ns, Total: 195993 ns
[2020-09-11T18:48:31.830+0000][1][safepoint    ] Safepoint "Cleanup", Time since last: 1000110486 ns, Reaching safepoint: 82982 ns, At safepoint: 8886 ns, Total: 91868 ns
[2020-09-11T18:48:32.830+0000][1][safepoint    ] Safepoint "Cleanup", Time since last: 1000112040 ns, Reaching safepoint: 82825 ns, At safepoint: 9434 ns, Total: 92259 ns
[2020-09-11T18:48:33.830+0000][1][safepoint    ] Safepoint "Cleanup", Time since last: 1000114663 ns, Reaching safepoint: 83261 ns, At safepoint: 9350 ns, Total: 92611 ns
[2020-09-11T18:48:34.831+0000][1][safepoint    ] Safepoint "Cleanup", Time since last: 1000112634 ns, Reaching safepoint: 93387 ns, At safepoint: 9860 ns, Total: 103247 ns
[2020-09-11T18:48:35.831+0000][1][safepoint    ] Safepoint "Cleanup", Time since last: 1000116930 ns, Reaching safepoint: 82912 ns, At safepoint: 9570 ns, Total: 92482 ns
[2020-09-11T18:48:36.612+0000][1][safepoint    ] Safepoint "RevokeBias", Time since last: 780552050 ns, Reaching safepoint: 99553 ns, At safepoint: 25550 ns, Total: 125103 ns
[2020-09-11T18:48:37.612+0000][1][safepoint    ] Safepoint "Cleanup", Time since last: 1000116659 ns, Reaching safepoint: 84702 ns, At safepoint: 9108 ns, Total: 93810 ns
[2020-09-11T18:48:38.612+0000][1][safepoint    ] Safepoint "Cleanup", Time since last: 1000119649 ns, Reaching safepoint: 78226 ns, At safepoint: 7594 ns, Total: 85820 ns
[2020-09-11T18:48:38.698+0000][1][safepoint    ] Safepoint "RevokeBias", Time since last: 86017075 ns, Reaching safepoint: 93822 ns, At safepoint: 26461 ns, Total: 120283 ns
[2020-09-11T18:48:39.698+0000][1][safepoint    ] Safepoint "Cleanup", Time since last: 1000109250 ns, Reaching safepoint: 82184 ns, At safepoint: 8777 ns, Total: 90961 ns
[2020-09-11T18:48:40.699+0000][1][safepoint    ] Safepoint "Cleanup", Time since last: 1000113031 ns, Reaching safepoint: 95764 ns, At safepoint: 8775 ns, Total: 104539 ns
[2020-09-11T18:48:40.747+0000][1][safepoint    ] Safepoint "RevokeBias", Time since last: 47915812 ns, Reaching safepoint: 170872 ns, At safepoint: 40716 ns, Total: 211588 ns
[2020-09-11T18:48:41.301+0000][1][gc,start     ] GC(236) Pause Young (Allocation Failure)
[2020-09-11T18:48:41.301+0000][1][gc,task      ] GC(236) Using 1 workers of 1 for evacuation
[2020-09-11T18:48:41.317+0000][1][gc,age       ] GC(236) Desired survivor size 4358144 bytes, new threshold 6 (max threshold 6)
[2020-09-11T18:48:41.317+0000][1][gc,age       ] GC(236) Age table with threshold 6 (max threshold 6)
[2020-09-11T18:48:41.317+0000][1][gc,age       ] GC(236) - age   1:     163056 bytes,     163056 total
[2020-09-11T18:48:41.317+0000][1][gc,age       ] GC(236) - age   2:     386472 bytes,     549528 total
[2020-09-11T18:48:41.317+0000][1][gc,age       ] GC(236) - age   3:      80936 bytes,     630464 total
[2020-09-11T18:48:41.317+0000][1][gc,age       ] GC(236) - age   4:       8448 bytes,     638912 total
[2020-09-11T18:48:41.317+0000][1][gc,age       ] GC(236) - age   5:     197296 bytes,     836208 total
[2020-09-11T18:48:41.317+0000][1][gc,age       ] GC(236) - age   6:      21848 bytes,     858056 total
[2020-09-11T18:48:41.317+0000][1][gc,heap      ] GC(236) ParNew: 69280K->1488K(76672K)
[2020-09-11T18:48:41.317+0000][1][gc,heap      ] GC(236) CMS: 123134K->123158K(439104K)
[2020-09-11T18:48:41.317+0000][1][gc,metaspace ] GC(236) Metaspace: 95426K->95426K(1136640K)
[2020-09-11T18:48:41.317+0000][1][gc           ] GC(236) Pause Young (Allocation Failure) 187M->121M(503M) 16.512ms
[2020-09-11T18:48:41.317+0000][1][gc,cpu       ] GC(236) User=0.00s Sys=0.00s Real=0.01s
[2020-09-11T18:48:41.317+0000][1][safepoint    ] Safepoint "GenCollectForAllocation", Time since last: 551364883 ns, Reaching safepoint: 2855047 ns, At safepoint: 16591978 ns, Total: 19447025 ns
[2020-09-11T18:48:42.328+0000][1][safepoint    ] Safepoint "Cleanup", Time since last: 1009966070 ns, Reaching safepoint: 83270 ns, At safepoint: 23400 ns, Total: 106670 ns
[2020-09-11T18:48:43.328+0000][1][safepoint    ] Safepoint "Cleanup", Time since last: 1000111337 ns, Reaching safepoint: 85717 ns, At safepoint: 23458 ns, Total: 109175 ns
[2020-09-11T18:48:44.328+0000][1][safepoint    ] Safepoint "Cleanup", Time since last: 1000119183 ns, Reaching safepoint: 88350 ns, At safepoint: 47260 ns, Total: 135610 ns
[2020-09-11T18:48:45.337+0000][1][safepoint    ] Safepoint "Cleanup", Time since last: 1008636126 ns, Reaching safepoint: 93351 ns, At safepoint: 8333 ns, Total: 101684 ns
[2020-09-11T18:48:46.337+0000][1][safepoint    ] Safepoint "Cleanup", Time since last: 1000139409 ns, Reaching safepoint: 83808 ns, At safepoint: 8165 ns, Total: 91973 ns
[2020-09-11T18:48:46.580+0000][1][safepoint    ] Safepoint "RevokeBias", Time since last: 243265196 ns, Reaching safepoint: 90808 ns, At safepoint: 23963 ns, Total: 114771 ns
[2020-09-11T18:48:47.581+0000][1][safepoint    ] Safepoint "Cleanup", Time since last: 1000104669 ns, Reaching safepoint: 81957 ns, At safepoint: 8897 ns, Total: 90854 ns
[2020-09-11T18:48:48.581+0000][1][safepoint    ] Safepoint "Cleanup", Time since last: 1000110179 ns, Reaching safepoint: 191355 ns, At safepoint: 21341 ns, Total: 212696 ns
[2020-09-11T18:48:48.602+0000][1][safepoint    ] Safepoint "RevokeBias", Time since last: 20917802 ns, Reaching safepoint: 87439 ns, At safepoint: 23235 ns, Total: 110674 ns
[2020-09-11T18:48:49.602+0000][1][safepoint    ] Safepoint "Cleanup", Time since last: 1000108823 ns, Reaching safepoint: 84804 ns, At safepoint: 9038 ns, Total: 93842 ns
[2020-09-11T18:48:50.602+0000][1][safepoint    ] Safepoint "Cleanup", Time since last: 1000113500 ns, Reaching safepoint: 83094 ns, At safepoint: 9128 ns, Total: 92222 ns
[2020-09-11T18:48:50.839+0000][1][safepoint    ] Safepoint "RevokeBias", Time since last: 236236238 ns, Reaching safepoint: 93527 ns, At safepoint: 24388 ns, Total: 117915 ns
[2020-09-11T18:48:51.839+0000][1][safepoint    ] Safepoint "Cleanup", Time since last: 1000107122 ns, Reaching safepoint: 81985 ns, At safepoint: 8528 ns, Total: 90513 ns
[2020-09-11T18:48:52.839+0000][1][safepoint    ] Safepoint "Cleanup", Time since last: 1000112293 ns, Reaching safepoint: 85454 ns, At safepoint: 9462 ns, Total: 94916 ns
[2020-09-11T18:48:53.839+0000][1][safepoint    ] Safepoint "Cleanup", Time since last: 1000111679 ns, Reaching safepoint: 86471 ns, At safepoint: 9047 ns, Total: 95518 ns
[2020-09-11T18:48:54.839+0000][1][safepoint    ] Safepoint "Cleanup", Time since last: 1000107856 ns, Reaching safepoint: 83969 ns, At safepoint: 9231 ns, Total: 93200 ns
[2020-09-11T18:48:55.840+0000][1][safepoint    ] Safepoint "Cleanup", Time since last: 1000117313 ns, Reaching safepoint: 83658 ns, At safepoint: 9536 ns, Total: 93194 ns
[2020-09-11T18:48:56.547+0000][1][safepoint    ] Safepoint "RevokeBias", Time since last: 707025997 ns, Reaching safepoint: 86605 ns, At safepoint: 22475 ns, Total: 109080 ns
[2020-09-11T18:48:57.547+0000][1][safepoint    ] Safepoint "Cleanup", Time since last: 1000109129 ns, Reaching safepoint: 84359 ns, At safepoint: 9036 ns, Total: 93395 ns
[2020-09-11T18:48:58.404+0000][1][gc,start     ] GC(237) Pause Young (Allocation Failure)
[2020-09-11T18:48:58.404+0000][1][gc,task      ] GC(237) Using 1 workers of 1 for evacuation
[2020-09-11T18:48:58.413+0000][1][gc,age       ] GC(237) Desired survivor size 4358144 bytes, new threshold 6 (max threshold 6)
[2020-09-11T18:48:58.413+0000][1][gc,age       ] GC(237) Age table with threshold 6 (max threshold 6)
[2020-09-11T18:48:58.413+0000][1][gc,age       ] GC(237) - age   1:     116240 bytes,     116240 total
[2020-09-11T18:48:58.413+0000][1][gc,age       ] GC(237) - age   2:      90680 bytes,     206920 total
[2020-09-11T18:48:58.413+0000][1][gc,age       ] GC(237) - age   3:     377104 bytes,     584024 total
[2020-09-11T18:48:58.413+0000][1][gc,age       ] GC(237) - age   4:      80840 bytes,     664864 total
[2020-09-11T18:48:58.413+0000][1][gc,age       ] GC(237) - age   5:       8448 bytes,     673312 total
[2020-09-11T18:48:58.413+0000][1][gc,age       ] GC(237) - age   6:     195544 bytes,     868856 total
[2020-09-11T18:48:58.413+0000][1][gc,heap      ] GC(237) ParNew: 69648K->1000K(76672K)
[2020-09-11T18:48:58.413+0000][1][gc,heap      ] GC(237) CMS: 123158K->123165K(439104K)
[2020-09-11T18:48:58.413+0000][1][gc,metaspace ] GC(237) Metaspace: 95438K->95438K(1136640K)
[2020-09-11T18:48:58.413+0000][1][gc           ] GC(237) Pause Young (Allocation Failure) 188M->121M(503M) 9.571ms
[2020-09-11T18:48:58.413+0000][1][gc,cpu       ] GC(237) User=0.00s Sys=0.00s Real=0.01s
[2020-09-11T18:48:58.413+0000][1][safepoint    ] Safepoint "GenCollectForAllocation", Time since last: 856663850 ns, Reaching safepoint: 158497 ns, At safepoint: 9660669 ns, Total: 9819166 ns
[2020-09-11T18:48:58.716+0000][1][safepoint    ] Safepoint "RevokeBias", Time since last: 302171676 ns, Reaching safepoint: 92538 ns, At safepoint: 25088 ns, Total: 117626 ns
[2020-09-11T18:48:59.716+0000][1][safepoint    ] Safepoint "Cleanup", Time since last: 1000107686 ns, Reaching safepoint: 84301 ns, At safepoint: 9653 ns, Total: 93954 ns
[2020-09-11T18:49:00.716+0000][1][safepoint    ] Safepoint "Cleanup", Time since last: 1000107611 ns, Reaching safepoint: 82018 ns, At safepoint: 8486 ns, Total: 90504 ns
[2020-09-11T18:49:00.754+0000][1][safepoint    ] Safepoint "RevokeBias", Time since last: 37882828 ns, Reaching safepoint: 165060 ns, At safepoint: 26003 ns, Total: 191063 ns
[2020-09-11T18:49:01.754+0000][1][safepoint    ] Safepoint "Cleanup", Time since last: 1000107874 ns, Reaching safepoint: 84665 ns, At safepoint: 9000 ns, Total: 93665 ns
[2020-09-11T18:49:02.755+0000][1][safepoint    ] Safepoint "Cleanup", Time since last: 1000114559 ns, Reaching safepoint: 95630 ns, At safepoint: 8531 ns, Total: 104161 ns
[2020-09-11T18:49:03.755+0000][1][safepoint    ] Safepoint "Cleanup", Time since last: 1000113300 ns, Reaching safepoint: 85075 ns, At safepoint: 9371 ns, Total: 94446 ns
[2020-09-11T18:49:04.755+0000][1][safepoint    ] Safepoint "Cleanup", Time since last: 1000113234 ns, Reaching safepoint: 84133 ns, At safepoint: 8410 ns, Total: 92543 ns
[2020-09-11T18:49:05.755+0000][1][safepoint    ] Safepoint "Cleanup", Time since last: 1000115744 ns, Reaching safepoint: 85792 ns, At safepoint: 8972 ns, Total: 94764 ns
[2020-09-11T18:49:06.528+0000][1][safepoint    ] Safepoint "RevokeBias", Time since last: 772792722 ns, Reaching safepoint: 92689 ns, At safepoint: 25280 ns, Total: 117969 ns
[2020-09-11T18:49:08.611+0000][1][safepoint    ] Safepoint "RevokeBias", Time since last: 2082391703 ns, Reaching safepoint: 103502 ns, At safepoint: 30783 ns, Total: 134285 ns
[2020-09-11T18:49:10.749+0000][1][safepoint    ] Safepoint "RevokeBias", Time since last: 2138587219 ns, Reaching safepoint: 92432 ns, At safepoint: 25321 ns, Total: 117753 ns
[2020-09-11T18:49:15.750+0000][1][safepoint    ] Safepoint "Cleanup", Time since last: 5000400877 ns, Reaching safepoint: 109900 ns, At safepoint: 10353 ns, Total: 120253 ns
[2020-09-11T18:49:16.209+0000][1][gc,start     ] GC(238) Pause Young (Allocation Failure)
[2020-09-11T18:49:16.209+0000][1][gc,task      ] GC(238) Using 1 workers of 1 for evacuation
[2020-09-11T18:49:16.218+0000][1][gc,age       ] GC(238) Desired survivor size 4358144 bytes, new threshold 6 (max threshold 6)
[2020-09-11T18:49:16.218+0000][1][gc,age       ] GC(238) Age table with threshold 6 (max threshold 6)
[2020-09-11T18:49:16.218+0000][1][gc,age       ] GC(238) - age   1:     168576 bytes,     168576 total
[2020-09-11T18:49:16.218+0000][1][gc,age       ] GC(238) - age   2:      41360 bytes,     209936 total
[2020-09-11T18:49:16.218+0000][1][gc,age       ] GC(238) - age   3:      84944 bytes,     294880 total
[2020-09-11T18:49:16.218+0000][1][gc,age       ] GC(238) - age   4:     377072 bytes,     671952 total
[2020-09-11T18:49:16.218+0000][1][gc,age       ] GC(238) - age   5:      56968 bytes,     728920 total
[2020-09-11T18:49:16.219+0000][1][gc,age       ] GC(238) - age   6:       8344 bytes,     737264 total
[2020-09-11T18:49:16.219+0000][1][gc,heap      ] GC(238) ParNew: 69160K->761K(76672K)
[2020-09-11T18:49:16.219+0000][1][gc,heap      ] GC(238) CMS: 123165K->123347K(439104K)
[2020-09-11T18:49:16.219+0000][1][gc,metaspace ] GC(238) Metaspace: 95450K->95450K(1136640K)
[2020-09-11T18:49:16.219+0000][1][gc           ] GC(238) Pause Young (Allocation Failure) 187M->121M(503M) 9.720ms
[2020-09-11T18:49:16.219+0000][1][gc,cpu       ] GC(238) User=0.01s Sys=0.00s Real=0.01s
[2020-09-11T18:49:16.219+0000][1][safepoint    ] Safepoint "GenCollectForAllocation", Time since last: 455665076 ns, Reaching safepoint: 3212846 ns, At safepoint: 9791573 ns, Total: 13004419 ns
[2020-09-11T18:49:16.545+0000][1][safepoint    ] Safepoint "RevokeBias", Time since last: 325939307 ns, Reaching safepoint: 93065 ns, At safepoint: 40664 ns, Total: 133729 ns
[2020-09-11T18:49:18.589+0000][1][safepoint    ] Safepoint "RevokeBias", Time since last: 2044587556 ns, Reaching safepoint: 92334 ns, At safepoint: 26507 ns, Total: 118841 ns
[2020-09-11T18:49:20.790+0000][1][safepoint    ] Safepoint "RevokeBias", Time since last: 2199906034 ns, Reaching safepoint: 179013 ns, At safepoint: 26897 ns, Total: 205910 ns
[2020-09-11T18:49:25.790+0000][1][safepoint    ] Safepoint "Cleanup", Time since last: 5000408770 ns, Reaching safepoint: 89255 ns, At safepoint: 10185 ns, Total: 99440 ns
[2020-09-11T18:49:26.551+0000][1][safepoint    ] Safepoint "RevokeBias", Time since last: 760524269 ns, Reaching safepoint: 98544 ns, At safepoint: 25578 ns, Total: 124122 ns
[2020-09-11T18:49:28.549+0000][1][safepoint    ] Safepoint "BulkRevokeBias", Time since last: 1998295960 ns, Reaching safepoint: 92613 ns, At safepoint: 348365 ns, Total: 440978 ns
[2020-09-11T18:49:30.858+0000][1][safepoint    ] Safepoint "RevokeBias", Time since last: 2308485569 ns, Reaching safepoint: 173890 ns, At safepoint: 29474 ns, Total: 203364 ns
[2020-09-11T18:49:31.237+0000][1][gc,start     ] GC(239) Pause Young (Allocation Failure)
[2020-09-11T18:49:31.237+0000][1][gc,task      ] GC(239) Using 1 workers of 1 for evacuation
[2020-09-11T18:49:31.248+0000][1][gc,age       ] GC(239) Desired survivor size 4358144 bytes, new threshold 6 (max threshold 6)
[2020-09-11T18:49:31.248+0000][1][gc,age       ] GC(239) Age table with threshold 6 (max threshold 6)
[2020-09-11T18:49:31.248+0000][1][gc,age       ] GC(239) - age   1:    2088960 bytes,    2088960 total
[2020-09-11T18:49:31.248+0000][1][gc,age       ] GC(239) - age   2:     117336 bytes,    2206296 total
[2020-09-11T18:49:31.248+0000][1][gc,age       ] GC(239) - age   3:      28072 bytes,    2234368 total
[2020-09-11T18:49:31.248+0000][1][gc,age       ] GC(239) - age   4:      84944 bytes,    2319312 total
[2020-09-11T18:49:31.248+0000][1][gc,age       ] GC(239) - age   5:     376800 bytes,    2696112 total
[2020-09-11T18:49:31.248+0000][1][gc,age       ] GC(239) - age   6:      52872 bytes,    2748984 total
[2020-09-11T18:49:31.248+0000][1][gc,heap      ] GC(239) ParNew: 68921K->2921K(76672K)
[2020-09-11T18:49:31.248+0000][1][gc,heap      ] GC(239) CMS: 123347K->123354K(439104K)
[2020-09-11T18:49:31.248+0000][1][gc,metaspace ] GC(239) Metaspace: 95470K->95470K(1136640K)
[2020-09-11T18:49:31.248+0000][1][gc           ] GC(239) Pause Young (Allocation Failure) 187M->123M(503M) 10.905ms
[2020-09-11T18:49:31.248+0000][1][gc,cpu       ] GC(239) User=0.01s Sys=0.00s Real=0.01s
[2020-09-11T18:49:31.248+0000][1][safepoint    ] Safepoint "GenCollectForAllocation", Time since last: 378680037 ns, Reaching safepoint: 161319 ns, At safepoint: 11000153 ns, Total: 11161472 ns
[2020-09-11T18:49:36.542+0000][1][safepoint    ] Safepoint "RevokeBias", Time since last: 5294382666 ns, Reaching safepoint: 96343 ns, At safepoint: 24278 ns, Total: 120621 ns
[2020-09-11T18:49:38.543+0000][1][safepoint    ] Safepoint "Cleanup", Time since last: 2000205063 ns, Reaching safepoint: 86073 ns, At safepoint: 9284 ns, Total: 95357 ns
[2020-09-11T18:49:38.689+0000][1][safepoint    ] Safepoint "RevokeBias", Time since last: 145927034 ns, Reaching safepoint: 113939 ns, At safepoint: 24482 ns, Total: 138421 ns
[2020-09-11T18:49:40.748+0000][1][safepoint    ] Safepoint "RevokeBias", Time since last: 2059464845 ns, Reaching safepoint: 173691 ns, At safepoint: 26846 ns, Total: 200537 ns
[2020-09-11T18:49:45.749+0000][1][safepoint    ] Safepoint "Cleanup", Time since last: 5000429378 ns, Reaching safepoint: 94601 ns, At safepoint: 10071 ns, Total: 104672 ns
[2020-09-11T18:49:46.517+0000][1][gc,start     ] GC(240) Pause Young (Allocation Failure)
[2020-09-11T18:49:46.517+0000][1][gc,task      ] GC(240) Using 1 workers of 1 for evacuation
[2020-09-11T18:49:46.528+0000][1][gc,age       ] GC(240) Desired survivor size 4358144 bytes, new threshold 6 (max threshold 6)
[2020-09-11T18:49:46.528+0000][1][gc,age       ] GC(240) Age table with threshold 6 (max threshold 6)
[2020-09-11T18:49:46.528+0000][1][gc,age       ] GC(240) - age   1:     398360 bytes,     398360 total
[2020-09-11T18:49:46.528+0000][1][gc,age       ] GC(240) - age   2:    2041640 bytes,    2440000 total
[2020-09-11T18:49:46.528+0000][1][gc,age       ] GC(240) - age   3:     111424 bytes,    2551424 total
[2020-09-11T18:49:46.528+0000][1][gc,age       ] GC(240) - age   4:      27760 bytes,    2579184 total
[2020-09-11T18:49:46.528+0000][1][gc,age       ] GC(240) - age   5:      83704 bytes,    2662888 total
[2020-09-11T18:49:46.528+0000][1][gc,age       ] GC(240) - age   6:     344480 bytes,    3007368 total
[2020-09-11T18:49:46.528+0000][1][gc,heap      ] GC(240) ParNew: 71081K->4392K(76672K)
[2020-09-11T18:49:46.528+0000][1][gc,heap      ] GC(240) CMS: 123354K->123395K(439104K)
[2020-09-11T18:49:46.528+0000][1][gc,metaspace ] GC(240) Metaspace: 95480K->95480K(1136640K)
[2020-09-11T18:49:46.528+0000][1][gc           ] GC(240) Pause Young (Allocation Failure) 189M->124M(503M) 11.187ms
[2020-09-11T18:49:46.528+0000][1][gc,cpu       ] GC(240) User=0.00s Sys=0.00s Real=0.01s
[2020-09-11T18:49:46.528+0000][1][safepoint    ] Safepoint "GenCollectForAllocation", Time since last: 767769014 ns, Reaching safepoint: 180939 ns, At safepoint: 11323589 ns, Total: 11504528 ns
[2020-09-11T18:49:46.552+0000][1][safepoint    ] Safepoint "RevokeBias", Time since last: 23798829 ns, Reaching safepoint: 95419 ns, At safepoint: 40056 ns, Total: 135475 ns
[2020-09-11T18:49:48.760+0000][1][safepoint    ] Safepoint "RevokeBias", Time since last: 2207567260 ns, Reaching safepoint: 136508 ns, At safepoint: 31678 ns, Total: 168186 ns
[2020-09-11T18:49:50.749+0000][1][safepoint    ] Safepoint "RevokeBias", Time since last: 1989223127 ns, Reaching safepoint: 89774 ns, At safepoint: 27052 ns, Total: 116826 ns
[2020-09-11T18:49:56.541+0000][1][safepoint    ] Safepoint "RevokeBias", Time since last: 5791620189 ns, Reaching safepoint: 111137 ns, At safepoint: 28092 ns, Total: 139229 ns
[2020-09-11T18:49:58.637+0000][1][gc,start     ] GC(241) Pause Young (Allocation Failure)
[2020-09-11T18:49:58.637+0000][1][gc,task      ] GC(241) Using 1 workers of 1 for evacuation
[2020-09-11T18:49:58.654+0000][1][gc,age       ] GC(241) Desired survivor size 4358144 bytes, new threshold 6 (max threshold 6)
[2020-09-11T18:49:58.654+0000][1][gc,age       ] GC(241) Age table with threshold 6 (max threshold 6)
[2020-09-11T18:49:58.654+0000][1][gc,age       ] GC(241) - age   1:     127608 bytes,     127608 total
[2020-09-11T18:49:58.654+0000][1][gc,age       ] GC(241) - age   2:     282760 bytes,     410368 total
[2020-09-11T18:49:58.654+0000][1][gc,age       ] GC(241) - age   3:    2023488 bytes,    2433856 total
[2020-09-11T18:49:58.654+0000][1][gc,age       ] GC(241) - age   4:     111424 bytes,    2545280 total
[2020-09-11T18:49:58.654+0000][1][gc,age       ] GC(241) - age   5:      27664 bytes,    2572944 total
[2020-09-11T18:49:58.654+0000][1][gc,age       ] GC(241) - age   6:      83704 bytes,    2656648 total
[2020-09-11T18:49:58.654+0000][1][gc,heap      ] GC(241) ParNew: 72552K->2751K(76672K)
[2020-09-11T18:49:58.654+0000][1][gc,heap      ] GC(241) CMS: 123395K->123702K(439104K)
[2020-09-11T18:49:58.654+0000][1][gc,metaspace ] GC(241) Metaspace: 95484K->95484K(1136640K)
[2020-09-11T18:49:58.654+0000][1][gc           ] GC(241) Pause Young (Allocation Failure) 191M->123M(503M) 17.613ms
[2020-09-11T18:49:58.655+0000][1][gc,cpu       ] GC(241) User=0.01s Sys=0.00s Real=0.02s
[2020-09-11T18:49:58.655+0000][1][safepoint    ] Safepoint "GenCollectForAllocation", Time since last: 2091766511 ns, Reaching safepoint: 4040117 ns, At safepoint: 17686009 ns, Total: 21726126 ns
[2020-09-11T18:49:58.817+0000][1][safepoint    ] Safepoint "RevokeBias", Time since last: 162631861 ns, Reaching safepoint: 83378 ns, At safepoint: 22987 ns, Total: 106365 ns
[2020-09-11T18:50:00.815+0000][1][safepoint    ] Safepoint "RevokeBias", Time since last: 1997259969 ns, Reaching safepoint: 91923 ns, At safepoint: 25940 ns, Total: 117863 ns
[2020-09-11T18:50:06.558+0000][1][safepoint    ] Safepoint "RevokeBias", Time since last: 5743156942 ns, Reaching safepoint: 98919 ns, At safepoint: 25694 ns, Total: 124613 ns
[2020-09-11T18:50:07.558+0000][1][safepoint    ] Safepoint "Cleanup", Time since last: 1000113515 ns, Reaching safepoint: 89033 ns, At safepoint: 9123 ns, Total: 98156 ns
[2020-09-11T18:50:08.605+0000][1][safepoint    ] Safepoint "RevokeBias", Time since last: 1046225936 ns, Reaching safepoint: 92355 ns, At safepoint: 25908 ns, Total: 118263 ns
[2020-09-11T18:50:10.812+0000][1][safepoint    ] Safepoint "RevokeBias", Time since last: 2207387854 ns, Reaching safepoint: 93604 ns, At safepoint: 25753 ns, Total: 119357 ns
[2020-09-11T18:50:15.813+0000][1][safepoint    ] Safepoint "Cleanup", Time since last: 5000404964 ns, Reaching safepoint: 111670 ns, At safepoint: 10461 ns, Total: 122131 ns
[2020-09-11T18:50:16.601+0000][1][safepoint    ] Safepoint "RevokeBias", Time since last: 788399913 ns, Reaching safepoint: 101894 ns, At safepoint: 27638 ns, Total: 129532 ns
[2020-09-11T18:50:18.522+0000][1][gc,start     ] GC(242) Pause Young (Allocation Failure)
[2020-09-11T18:50:18.522+0000][1][gc,task      ] GC(242) Using 1 workers of 1 for evacuation
[2020-09-11T18:50:18.528+0000][1][gc,age       ] GC(242) Desired survivor size 4358144 bytes, new threshold 6 (max threshold 6)
[2020-09-11T18:50:18.528+0000][1][gc,age       ] GC(242) Age table with threshold 6 (max threshold 6)
[2020-09-11T18:50:18.528+0000][1][gc,age       ] GC(242) - age   1:     347072 bytes,     347072 total
[2020-09-11T18:50:18.528+0000][1][gc,age       ] GC(242) - age   2:      55360 bytes,     402432 total
[2020-09-11T18:50:18.528+0000][1][gc,age       ] GC(242) - age   3:     275160 bytes,     677592 total
[2020-09-11T18:50:18.528+0000][1][gc,age       ] GC(242) - age   4:    2021936 bytes,    2699528 total
[2020-09-11T18:50:18.528+0000][1][gc,age       ] GC(242) - age   5:     111128 bytes,    2810656 total
[2020-09-11T18:50:18.528+0000][1][gc,age       ] GC(242) - age   6:      23624 bytes,    2834280 total
[2020-09-11T18:50:18.528+0000][1][gc,heap      ] GC(242) ParNew: 70902K->5267K(76672K)
[2020-09-11T18:50:18.528+0000][1][gc,heap      ] GC(242) CMS: 123702K->123742K(439104K)
[2020-09-11T18:50:18.528+0000][1][gc,metaspace ] GC(242) Metaspace: 95511K->95511K(1136640K)
[2020-09-11T18:50:18.528+0000][1][gc           ] GC(242) Pause Young (Allocation Failure) 190M->125M(503M) 5.956ms
[2020-09-11T18:50:18.528+0000][1][gc,cpu       ] GC(242) User=0.00s Sys=0.00s Real=0.00s
[2020-09-11T18:50:18.528+0000][1][safepoint    ] Safepoint "GenCollectForAllocation", Time since last: 1920596377 ns, Reaching safepoint: 158442 ns, At safepoint: 6027015 ns, Total: 6185457 ns
[2020-09-11T18:50:18.655+0000][1][safepoint    ] Safepoint "RevokeBias", Time since last: 126842523 ns, Reaching safepoint: 92807 ns, At safepoint: 26018 ns, Total: 118825 ns
[2020-09-11T18:50:20.805+0000][1][safepoint    ] Safepoint "RevokeBias", Time since last: 2149778150 ns, Reaching safepoint: 217371 ns, At safepoint: 27287 ns, Total: 244658 ns
[2020-09-11T18:50:26.590+0000][1][safepoint    ] Safepoint "RevokeBias", Time since last: 5784481277 ns, Reaching safepoint: 121804 ns, At safepoint: 173824 ns, Total: 295628 ns
[2020-09-11T18:50:27.590+0000][1][safepoint    ] Safepoint "Cleanup", Time since last: 1000111579 ns, Reaching safepoint: 94862 ns, At safepoint: 9872 ns, Total: 104734 ns
[2020-09-11T18:50:28.590+0000][1][safepoint    ] Safepoint "Cleanup", Time since last: 1000114446 ns, Reaching safepoint: 96100 ns, At safepoint: 9951 ns, Total: 106051 ns
[2020-09-11T18:50:28.705+0000][1][safepoint    ] Safepoint "RevokeBias", Time since last: 115069953 ns, Reaching safepoint: 169190 ns, At safepoint: 28537 ns, Total: 197727 ns
[2020-09-11T18:50:30.749+0000][1][safepoint    ] Safepoint "RevokeBias", Time since last: 2042994662 ns, Reaching safepoint: 171635 ns, At safepoint: 28291 ns, Total: 199926 ns
[2020-09-11T18:50:36.538+0000][1][safepoint    ] Safepoint "RevokeBias", Time since last: 5789304263 ns, Reaching safepoint: 92344 ns, At safepoint: 26297 ns, Total: 118641 ns
[2020-09-11T18:50:37.538+0000][1][safepoint    ] Safepoint "Cleanup", Time since last: 1000111372 ns, Reaching safepoint: 92440 ns, At safepoint: 10240 ns, Total: 102680 ns
[2020-09-11T18:50:38.485+0000][1][gc,start     ] GC(243) Pause Young (Allocation Failure)
[2020-09-11T18:50:38.485+0000][1][gc,task      ] GC(243) Using 1 workers of 1 for evacuation
[2020-09-11T18:50:38.495+0000][1][gc,age       ] GC(243) Desired survivor size 4358144 bytes, new threshold 6 (max threshold 6)
[2020-09-11T18:50:38.495+0000][1][gc,age       ] GC(243) Age table with threshold 6 (max threshold 6)
[2020-09-11T18:50:38.495+0000][1][gc,age       ] GC(243) - age   1:     136232 bytes,     136232 total
[2020-09-11T18:50:38.495+0000][1][gc,age       ] GC(243) - age   2:     233880 bytes,     370112 total
[2020-09-11T18:50:38.495+0000][1][gc,age       ] GC(243) - age   3:      38096 bytes,     408208 total
[2020-09-11T18:50:38.495+0000][1][gc,age       ] GC(243) - age   4:     273352 bytes,     681560 total
[2020-09-11T18:50:38.495+0000][1][gc,age       ] GC(243) - age   5:    2021936 bytes,    2703496 total
[2020-09-11T18:50:38.495+0000][1][gc,age       ] GC(243) - age   6:     111128 bytes,    2814624 total
[2020-09-11T18:50:38.495+0000][1][gc,heap      ] GC(243) ParNew: 73365K->3392K(76672K)
[2020-09-11T18:50:38.495+0000][1][gc,heap      ] GC(243) CMS: 123742K->123751K(439104K)
[2020-09-11T18:50:38.495+0000][1][gc,metaspace ] GC(243) Metaspace: 95521K->95521K(1136640K)
[2020-09-11T18:50:38.495+0000][1][gc           ] GC(243) Pause Young (Allocation Failure) 192M->124M(503M) 10.508ms
[2020-09-11T18:50:38.495+0000][1][gc,cpu       ] GC(243) User=0.01s Sys=0.00s Real=0.01s
[2020-09-11T18:50:38.495+0000][1][safepoint    ] Safepoint "GenCollectForAllocation", Time since last: 946455705 ns, Reaching safepoint: 262639 ns, At safepoint: 10594521 ns, Total: 10857160 ns
[2020-09-11T18:50:38.631+0000][1][safepoint    ] Safepoint "RevokeBias", Time since last: 135712984 ns, Reaching safepoint: 105347 ns, At safepoint: 28489 ns, Total: 133836 ns
[2020-09-11T18:50:40.786+0000][1][safepoint    ] Safepoint "RevokeBias", Time since last: 2155015854 ns, Reaching safepoint: 93764 ns, At safepoint: 27471 ns, Total: 121235 ns
[2020-09-11T18:50:41.787+0000][1][safepoint    ] Safepoint "Cleanup", Time since last: 1000111719 ns, Reaching safepoint: 88770 ns, At safepoint: 9037 ns, Total: 97807 ns
[2020-09-11T18:50:46.541+0000][1][safepoint    ] Safepoint "RevokeBias", Time since last: 4753767555 ns, Reaching safepoint: 107184 ns, At safepoint: 26215 ns, Total: 133399 ns
[2020-09-11T18:50:48.596+0000][1][safepoint    ] Safepoint "RevokeBias", Time since last: 2055574686 ns, Reaching safepoint: 92809 ns, At safepoint: 27345 ns, Total: 120154 ns
[2020-09-11T18:50:50.809+0000][1][safepoint    ] Safepoint "RevokeBias", Time since last: 2212428354 ns, Reaching safepoint: 147733 ns, At safepoint: 26710 ns, Total: 174443 ns
[2020-09-11T18:50:56.528+0000][1][gc,start     ] GC(244) Pause Young (Allocation Failure)
[2020-09-11T18:50:56.529+0000][1][gc,task      ] GC(244) Using 1 workers of 1 for evacuation
[2020-09-11T18:50:56.537+0000][1][gc,age       ] GC(244) Desired survivor size 4358144 bytes, new threshold 6 (max threshold 6)
[2020-09-11T18:50:56.537+0000][1][gc,age       ] GC(244) Age table with threshold 6 (max threshold 6)
[2020-09-11T18:50:56.537+0000][1][gc,age       ] GC(244) - age   1:    1381240 bytes,    1381240 total
[2020-09-11T18:50:56.537+0000][1][gc,age       ] GC(244) - age   2:      86392 bytes,    1467632 total
[2020-09-11T18:50:56.537+0000][1][gc,age       ] GC(244) - age   3:     230200 bytes,    1697832 total
[2020-09-11T18:50:56.537+0000][1][gc,age       ] GC(244) - age   4:      38000 bytes,    1735832 total
[2020-09-11T18:50:56.537+0000][1][gc,age       ] GC(244) - age   5:     273320 bytes,    2009152 total
[2020-09-11T18:50:56.537+0000][1][gc,age       ] GC(244) - age   6:    2021936 bytes,    4031088 total
[2020-09-11T18:50:56.537+0000][1][gc,heap      ] GC(244) ParNew: 71552K->4971K(76672K)
[2020-09-11T18:50:56.537+0000][1][gc,heap      ] GC(244) CMS: 123751K->123848K(439104K)
[2020-09-11T18:50:56.537+0000][1][gc,metaspace ] GC(244) Metaspace: 95547K->95547K(1136640K)
[2020-09-11T18:50:56.537+0000][1][gc           ] GC(244) Pause Young (Allocation Failure) 190M->125M(503M) 8.246ms
[2020-09-11T18:50:56.537+0000][1][gc,cpu       ] GC(244) User=0.01s Sys=0.00s Real=0.01s
[2020-09-11T18:50:56.541+0000][1][safepoint    ] Safepoint "GenCollectForAllocation", Time since last: 5719380347 ns, Reaching safepoint: 184818 ns, At safepoint: 12367585 ns, Total: 12552403 ns
[2020-09-11T18:50:56.649+0000][1][safepoint    ] Safepoint "RevokeBias", Time since last: 107778851 ns, Reaching safepoint: 92988 ns, At safepoint: 39632 ns, Total: 132620 ns
[2020-09-11T18:50:57.650+0000][1][safepoint    ] Safepoint "Cleanup", Time since last: 1001480091 ns, Reaching safepoint: 93237 ns, At safepoint: 8879 ns, Total: 102116 ns
[2020-09-11T18:50:58.586+0000][1][safepoint    ] Safepoint "BulkRevokeBias", Time since last: 935372346 ns, Reaching safepoint: 97180 ns, At safepoint: 256054 ns, Total: 353234 ns
[2020-09-11T18:51:00.822+0000][1][safepoint    ] Safepoint "RevokeBias", Time since last: 2235445866 ns, Reaching safepoint: 174520 ns, At safepoint: 27122 ns, Total: 201642 ns
[2020-09-11T18:51:06.534+0000][1][safepoint    ] Safepoint "RevokeBias", Time since last: 5712378137 ns, Reaching safepoint: 90302 ns, At safepoint: 28565 ns, Total: 118867 ns
[2020-09-11T18:51:07.534+0000][1][safepoint    ] Safepoint "Cleanup", Time since last: 1000111333 ns, Reaching safepoint: 92888 ns, At safepoint: 9187 ns, Total: 102075 ns
[2020-09-11T18:51:08.568+0000][1][gc,start     ] GC(245) Pause Young (Allocation Failure)
[2020-09-11T18:51:08.568+0000][1][gc,task      ] GC(245) Using 1 workers of 1 for evacuation
[2020-09-11T18:51:08.582+0000][1][gc,age       ] GC(245) Desired survivor size 4358144 bytes, new threshold 6 (max threshold 6)
[2020-09-11T18:51:08.583+0000][1][gc,age       ] GC(245) Age table with threshold 6 (max threshold 6)
[2020-09-11T18:51:08.583+0000][1][gc,age       ] GC(245) - age   1:     283536 bytes,     283536 total
[2020-09-11T18:51:08.583+0000][1][gc,age       ] GC(245) - age   2:    1308808 bytes,    1592344 total
[2020-09-11T18:51:08.583+0000][1][gc,age       ] GC(245) - age   3:      77120 bytes,    1669464 total
[2020-09-11T18:51:08.583+0000][1][gc,age       ] GC(245) - age   4:     224984 bytes,    1894448 total
[2020-09-11T18:51:08.583+0000][1][gc,age       ] GC(245) - age   5:      37688 bytes,    1932136 total
[2020-09-11T18:51:08.583+0000][1][gc,age       ] GC(245) - age   6:     273320 bytes,    2205456 total
[2020-09-11T18:51:08.583+0000][1][gc,heap      ] GC(245) ParNew: 73131K->3573K(76672K)
[2020-09-11T18:51:08.583+0000][1][gc,heap      ] GC(245) CMS: 123848K->125819K(439104K)
[2020-09-11T18:51:08.583+0000][1][gc,metaspace ] GC(245) Metaspace: 95553K->95553K(1136640K)
[2020-09-11T18:51:08.583+0000][1][gc           ] GC(245) Pause Young (Allocation Failure) 192M->126M(503M) 14.747ms
[2020-09-11T18:51:08.583+0000][1][gc,cpu       ] GC(245) User=0.01s Sys=0.00s Real=0.02s
[2020-09-11T18:51:08.583+0000][1][safepoint    ] Safepoint "GenCollectForAllocation", Time since last: 1032522941 ns, Reaching safepoint: 1052691 ns, At safepoint: 14845072 ns, Total: 15897763 ns
[2020-09-11T18:51:08.670+0000][1][safepoint    ] Safepoint "RevokeBias", Time since last: 86953547 ns, Reaching safepoint: 93267 ns, At safepoint: 25778 ns, Total: 119045 ns
[2020-09-11T18:51:10.751+0000][1][safepoint    ] Safepoint "RevokeBias", Time since last: 2081204304 ns, Reaching safepoint: 173482 ns, At safepoint: 27095 ns, Total: 200577 ns
[2020-09-11T18:51:15.752+0000][1][safepoint    ] Safepoint "Cleanup", Time since last: 5000413053 ns, Reaching safepoint: 95293 ns, At safepoint: 9928 ns, Total: 105221 ns
[2020-09-11T18:51:16.610+0000][1][safepoint    ] Safepoint "RevokeBias", Time since last: 857651974 ns, Reaching safepoint: 95314 ns, At safepoint: 27062 ns, Total: 122376 ns
[2020-09-11T18:51:18.610+0000][1][safepoint    ] Safepoint "Cleanup", Time since last: 2000188072 ns, Reaching safepoint: 97875 ns, At safepoint: 8634 ns, Total: 106509 ns
[2020-09-11T18:51:18.653+0000][1][safepoint    ] Safepoint "RevokeBias", Time since last: 42582248 ns, Reaching safepoint: 94275 ns, At safepoint: 27288 ns, Total: 121563 ns
[2020-09-11T18:51:20.787+0000][1][safepoint    ] Safepoint "RevokeBias", Time since last: 2134430170 ns, Reaching safepoint: 94705 ns, At safepoint: 25867 ns, Total: 120572 ns
[2020-09-11T18:51:22.787+0000][1][safepoint    ] Safepoint "Cleanup", Time since last: 2000185749 ns, Reaching safepoint: 86926 ns, At safepoint: 9348 ns, Total: 96274 ns
[2020-09-11T18:51:24.788+0000][1][safepoint    ] Safepoint "Cleanup", Time since last: 2000187844 ns, Reaching safepoint: 87936 ns, At safepoint: 9315 ns, Total: 97251 ns
[2020-09-11T18:51:25.650+0000][1][gc,start     ] GC(246) Pause Young (Allocation Failure)
[2020-09-11T18:51:25.650+0000][1][gc,task      ] GC(246) Using 1 workers of 1 for evacuation
[2020-09-11T18:51:25.656+0000][1][gc,age       ] GC(246) Desired survivor size 4358144 bytes, new threshold 6 (max threshold 6)
[2020-09-11T18:51:25.656+0000][1][gc,age       ] GC(246) Age table with threshold 6 (max threshold 6)
[2020-09-11T18:51:25.656+0000][1][gc,age       ] GC(246) - age   1:      91192 bytes,      91192 total
[2020-09-11T18:51:25.656+0000][1][gc,age       ] GC(246) - age   2:     216368 bytes,     307560 total
[2020-09-11T18:51:25.656+0000][1][gc,age       ] GC(246) - age   3:    1302640 bytes,    1610200 total
[2020-09-11T18:51:25.656+0000][1][gc,age       ] GC(246) - age   4:      67896 bytes,    1678096 total
[2020-09-11T18:51:25.656+0000][1][gc,age       ] GC(246) - age   5:     224952 bytes,    1903048 total
[2020-09-11T18:51:25.656+0000][1][gc,age       ] GC(246) - age   6:      37688 bytes,    1940736 total
[2020-09-11T18:51:25.656+0000][1][gc,heap      ] GC(246) ParNew: 71714K->2508K(76672K)
[2020-09-11T18:51:25.656+0000][1][gc,heap      ] GC(246) CMS: 125819K->126074K(439104K)
[2020-09-11T18:51:25.656+0000][1][gc,metaspace ] GC(246) Metaspace: 95571K->95571K(1136640K)
[2020-09-11T18:51:25.656+0000][1][gc           ] GC(246) Pause Young (Allocation Failure) 192M->125M(503M) 5.845ms
[2020-09-11T18:51:25.656+0000][1][gc,cpu       ] GC(246) User=0.01s Sys=0.00s Real=0.01s
[2020-09-11T18:51:25.661+0000][1][safepoint    ] Safepoint "GenCollectForAllocation", Time since last: 862300338 ns, Reaching safepoint: 158110 ns, At safepoint: 10668883 ns, Total: 10826993 ns
[2020-09-11T18:51:26.577+0000][1][safepoint    ] Safepoint "RevokeBias", Time since last: 915590698 ns, Reaching safepoint: 93711 ns, At safepoint: 38757 ns, Total: 132468 ns
[2020-09-11T18:51:28.570+0000][1][safepoint    ] Safepoint "RevokeBias", Time since last: 1993385850 ns, Reaching safepoint: 93111 ns, At safepoint: 26852 ns, Total: 119963 ns
[2020-09-11T18:51:30.812+0000][1][safepoint    ] Safepoint "RevokeBias", Time since last: 2241865997 ns, Reaching safepoint: 179848 ns, At safepoint: 27542 ns, Total: 207390 ns
[2020-09-11T18:51:36.606+0000][1][safepoint    ] Safepoint "RevokeBias", Time since last: 5794224496 ns, Reaching safepoint: 92358 ns, At safepoint: 26732 ns, Total: 119090 ns
[2020-09-11T18:51:38.577+0000][1][gc,start     ] GC(247) Pause Young (Allocation Failure)
[2020-09-11T18:51:38.577+0000][1][gc,task      ] GC(247) Using 1 workers of 1 for evacuation
[2020-09-11T18:51:38.590+0000][1][gc,age       ] GC(247) Desired survivor size 4358144 bytes, new threshold 6 (max threshold 6)
[2020-09-11T18:51:38.590+0000][1][gc,age       ] GC(247) Age table with threshold 6 (max threshold 6)
[2020-09-11T18:51:38.590+0000][1][gc,age       ] GC(247) - age   1:     247560 bytes,     247560 total
[2020-09-11T18:51:38.590+0000][1][gc,age       ] GC(247) - age   2:      39656 bytes,     287216 total
[2020-09-11T18:51:38.590+0000][1][gc,age       ] GC(247) - age   3:     209024 bytes,     496240 total
[2020-09-11T18:51:38.590+0000][1][gc,age       ] GC(247) - age   4:    1302640 bytes,    1798880 total
[2020-09-11T18:51:38.590+0000][1][gc,age       ] GC(247) - age   5:      67896 bytes,    1866776 total
[2020-09-11T18:51:38.590+0000][1][gc,age       ] GC(247) - age   6:     197928 bytes,    2064704 total
[2020-09-11T18:51:38.590+0000][1][gc,heap      ] GC(247) ParNew: 70654K->2048K(76672K)
[2020-09-11T18:51:38.590+0000][1][gc,heap      ] GC(247) CMS: 126074K->126111K(439104K)
[2020-09-11T18:51:38.590+0000][1][gc,metaspace ] GC(247) Metaspace: 95572K->95572K(1136640K)
[2020-09-11T18:51:38.590+0000][1][gc           ] GC(247) Pause Young (Allocation Failure) 192M->125M(503M) 13.177ms
[2020-09-11T18:51:38.590+0000][1][gc,cpu       ] GC(247) User=0.01s Sys=0.00s Real=0.01s
[2020-09-11T18:51:38.590+0000][1][safepoint    ] Safepoint "GenCollectForAllocation", Time since last: 1970543590 ns, Reaching safepoint: 180460 ns, At safepoint: 13290739 ns, Total: 13471199 ns
[2020-09-11T18:51:38.662+0000][1][safepoint    ] Safepoint "RevokeBias", Time since last: 70992162 ns, Reaching safepoint: 91932 ns, At safepoint: 39676 ns, Total: 131608 ns
[2020-09-11T18:51:40.788+0000][1][safepoint    ] Safepoint "RevokeBias", Time since last: 2126090933 ns, Reaching safepoint: 96782 ns, At safepoint: 40441 ns, Total: 137223 ns
[2020-09-11T18:51:45.789+0000][1][safepoint    ] Safepoint "Cleanup", Time since last: 5001131050 ns, Reaching safepoint: 111007 ns, At safepoint: 9578 ns, Total: 120585 ns
[2020-09-11T18:51:46.535+0000][1][safepoint    ] Safepoint "RevokeBias", Time since last: 746136321 ns, Reaching safepoint: 93038 ns, At safepoint: 42780 ns, Total: 135818 ns
[2020-09-11T18:51:47.787+0000][1][safepoint    ] Safepoint "Deoptimize", Time since last: 1246318197 ns, Reaching safepoint: 2367796 ns, At safepoint: 3178876 ns, Total: 5546672 ns
[2020-09-11T18:51:47.878+0000][1][safepoint    ] Safepoint "ICBufferFull", Time since last: 83968365 ns, Reaching safepoint: 5790742 ns, At safepoint: 757585 ns, Total: 6548327 ns
[2020-09-11T18:51:47.881+0000][1][safepoint    ] Safepoint "RevokeBias", Time since last: 42089 ns, Reaching safepoint: 3088603 ns, At safepoint: 55334 ns, Total: 3143937 ns
[2020-09-11T18:51:48.405+0000][1][safepoint    ] Safepoint "ICBufferFull", Time since last: 522102776 ns, Reaching safepoint: 2003358 ns, At safepoint: 16856 ns, Total: 2020214 ns
[2020-09-11T18:51:49.413+0000][1][safepoint    ] Safepoint "Cleanup", Time since last: 1007995739 ns, Reaching safepoint: 77014 ns, At safepoint: 5706 ns, Total: 82720 ns
[2020-09-11T18:51:49.553+0000][1][safepoint    ] Safepoint "RevokeBias", Time since last: 140240476 ns, Reaching safepoint: 86949 ns, At safepoint: 22944 ns, Total: 109893 ns
[2020-09-11T18:51:50.554+0000][1][safepoint    ] Safepoint "Cleanup", Time since last: 1000112936 ns, Reaching safepoint: 90623 ns, At safepoint: 9472 ns, Total: 100095 ns
[2020-09-11T18:51:50.829+0000][1][safepoint    ] Safepoint "RevokeBias", Time since last: 275439752 ns, Reaching safepoint: 94036 ns, At safepoint: 27802 ns, Total: 121838 ns
[2020-09-11T18:51:51.829+0000][1][safepoint    ] Safepoint "Cleanup", Time since last: 1000116020 ns, Reaching safepoint: 92634 ns, At safepoint: 8039 ns, Total: 100673 ns
[2020-09-11T18:51:56.386+0000][1][gc,start     ] GC(248) Pause Young (Allocation Failure)
[2020-09-11T18:51:56.386+0000][1][gc,task      ] GC(248) Using 1 workers of 1 for evacuation
[2020-09-11T18:51:56.396+0000][1][gc,age       ] GC(248) Desired survivor size 4358144 bytes, new threshold 6 (max threshold 6)
[2020-09-11T18:51:56.396+0000][1][gc,age       ] GC(248) Age table with threshold 6 (max threshold 6)
[2020-09-11T18:51:56.396+0000][1][gc,age       ] GC(248) - age   1:     254080 bytes,     254080 total
[2020-09-11T18:51:56.396+0000][1][gc,age       ] GC(248) - age   2:      88944 bytes,     343024 total
[2020-09-11T18:51:56.396+0000][1][gc,age       ] GC(248) - age   3:      34256 bytes,     377280 total
[2020-09-11T18:51:56.396+0000][1][gc,age       ] GC(248) - age   4:     203672 bytes,     580952 total
[2020-09-11T18:51:56.396+0000][1][gc,age       ] GC(248) - age   5:    1302248 bytes,    1883200 total
[2020-09-11T18:51:56.396+0000][1][gc,age       ] GC(248) - age   6:      67896 bytes,    1951096 total
[2020-09-11T18:51:56.396+0000][1][gc,heap      ] GC(248) ParNew: 70208K->2024K(76672K)
[2020-09-11T18:51:56.396+0000][1][gc,heap      ] GC(248) CMS: 126111K->126281K(439104K)
[2020-09-11T18:51:56.396+0000][1][gc,metaspace ] GC(248) Metaspace: 95927K->95927K(1138688K)
[2020-09-11T18:51:56.396+0000][1][gc           ] GC(248) Pause Young (Allocation Failure) 191M->125M(503M) 10.358ms
[2020-09-11T18:51:56.396+0000][1][gc,cpu       ] GC(248) User=0.01s Sys=0.00s Real=0.01s
[2020-09-11T18:51:56.401+0000][1][safepoint    ] Safepoint "GenCollectForAllocation", Time since last: 4556299843 ns, Reaching safepoint: 155171 ns, At safepoint: 14890697 ns, Total: 15045868 ns
[2020-09-11T18:51:56.571+0000][1][safepoint    ] Safepoint "RevokeBias", Time since last: 170295015 ns, Reaching safepoint: 94459 ns, At safepoint: 38629 ns, Total: 133088 ns
[2020-09-11T18:51:59.047+0000][1][safepoint    ] Safepoint "RevokeBias", Time since last: 2475459074 ns, Reaching safepoint: 99898 ns, At safepoint: 24487 ns, Total: 124385 ns
[2020-09-11T18:52:00.047+0000][1][safepoint    ] Safepoint "Cleanup", Time since last: 1000110110 ns, Reaching safepoint: 90197 ns, At safepoint: 8032 ns, Total: 98229 ns
[2020-09-11T18:52:00.849+0000][1][safepoint    ] Safepoint "RevokeBias", Time since last: 801917057 ns, Reaching safepoint: 93004 ns, At safepoint: 26060 ns, Total: 119064 ns
[2020-09-11T18:52:02.849+0000][1][safepoint    ] Safepoint "Cleanup", Time since last: 2000177661 ns, Reaching safepoint: 94339 ns, At safepoint: 6435 ns, Total: 100774 ns
[2020-09-11T18:52:03.850+0000][1][safepoint    ] Safepoint "Cleanup", Time since last: 1000110922 ns, Reaching safepoint: 95335 ns, At safepoint: 7477 ns, Total: 102812 ns
[2020-09-11T18:52:06.544+0000][1][safepoint    ] Safepoint "RevokeBias", Time since last: 2694016086 ns, Reaching safepoint: 99079 ns, At safepoint: 27328 ns, Total: 126407 ns
[2020-09-11T18:52:07.544+0000][1][safepoint    ] Safepoint "Cleanup", Time since last: 1000114702 ns, Reaching safepoint: 101346 ns, At safepoint: 8227 ns, Total: 109573 ns
[2020-09-11T18:52:08.544+0000][1][safepoint    ] Safepoint "Cleanup", Time since last: 1000109185 ns, Reaching safepoint: 90741 ns, At safepoint: 8955 ns, Total: 99696 ns
[2020-09-11T18:52:08.866+0000][1][safepoint    ] Safepoint "RevokeBias", Time since last: 321772914 ns, Reaching safepoint: 89310 ns, At safepoint: 22502 ns, Total: 111812 ns
[2020-09-11T18:52:09.470+0000][1][gc,start     ] GC(249) Pause Young (Allocation Failure)
[2020-09-11T18:52:09.470+0000][1][gc,task      ] GC(249) Using 1 workers of 1 for evacuation
[2020-09-11T18:52:09.482+0000][1][gc,age       ] GC(249) Desired survivor size 4358144 bytes, new threshold 6 (max threshold 6)
[2020-09-11T18:52:09.482+0000][1][gc,age       ] GC(249) Age table with threshold 6 (max threshold 6)
[2020-09-11T18:52:09.482+0000][1][gc,age       ] GC(249) - age   1:     127672 bytes,     127672 total
[2020-09-11T18:52:09.482+0000][1][gc,age       ] GC(249) - age   2:     201184 bytes,     328856 total
[2020-09-11T18:52:09.482+0000][1][gc,age       ] GC(249) - age   3:      83760 bytes,     412616 total
[2020-09-11T18:52:09.482+0000][1][gc,age       ] GC(249) - age   4:      24576 bytes,     437192 total
[2020-09-11T18:52:09.482+0000][1][gc,age       ] GC(249) - age   5:     203168 bytes,     640360 total
[2020-09-11T18:52:09.482+0000][1][gc,age       ] GC(249) - age   6:    1302248 bytes,    1942608 total
[2020-09-11T18:52:09.482+0000][1][gc,heap      ] GC(249) ParNew: 70184K->1935K(76672K)
[2020-09-11T18:52:09.482+0000][1][gc,heap      ] GC(249) CMS: 126281K->126347K(439104K)
[2020-09-11T18:52:09.482+0000][1][gc,metaspace ] GC(249) Metaspace: 95941K->95941K(1138688K)
[2020-09-11T18:52:09.482+0000][1][gc           ] GC(249) Pause Young (Allocation Failure) 191M->125M(503M) 11.916ms
[2020-09-11T18:52:09.482+0000][1][gc,cpu       ] GC(249) User=0.01s Sys=0.00s Real=0.02s
[2020-09-11T18:52:09.482+0000][1][safepoint    ] Safepoint "GenCollectForAllocation", Time since last: 603807829 ns, Reaching safepoint: 177099 ns, At safepoint: 12363509 ns, Total: 12540608 ns
[2020-09-11T18:52:10.485+0000][1][safepoint    ] Safepoint "Cleanup", Time since last: 1002607152 ns, Reaching safepoint: 90591 ns, At safepoint: 9766 ns, Total: 100357 ns
[2020-09-11T18:52:10.794+0000][1][safepoint    ] Safepoint "RevokeBias", Time since last: 308833524 ns, Reaching safepoint: 103577 ns, At safepoint: 27578 ns, Total: 131155 ns
[2020-09-11T18:52:15.795+0000][1][safepoint    ] Safepoint "Cleanup", Time since last: 5000403798 ns, Reaching safepoint: 87428 ns, At safepoint: 8526 ns, Total: 95954 ns
[2020-09-11T18:52:16.550+0000][1][safepoint    ] Safepoint "RevokeBias", Time since last: 755270712 ns, Reaching safepoint: 94015 ns, At safepoint: 39055 ns, Total: 133070 ns
[2020-09-11T18:52:18.746+0000][1][safepoint    ] Safepoint "RevokeBias", Time since last: 2195962226 ns, Reaching safepoint: 89300 ns, At safepoint: 22905 ns, Total: 112205 ns
[2020-09-11T18:52:20.747+0000][1][safepoint    ] Safepoint "Cleanup", Time since last: 2000439948 ns, Reaching safepoint: 90234 ns, At safepoint: 9337 ns, Total: 99571 ns
[2020-09-11T18:52:20.866+0000][1][safepoint    ] Safepoint "RevokeBias", Time since last: 119356764 ns, Reaching safepoint: 96828 ns, At safepoint: 23126 ns, Total: 119954 ns
[2020-09-11T18:52:26.536+0000][1][safepoint    ] Safepoint "RevokeBias", Time since last: 5669717521 ns, Reaching safepoint: 100503 ns, At safepoint: 23148 ns, Total: 123651 ns
[2020-09-11T18:52:27.911+0000][1][gc,start     ] GC(250) Pause Young (Allocation Failure)
[2020-09-11T18:52:27.911+0000][1][gc,task      ] GC(250) Using 1 workers of 1 for evacuation
[2020-09-11T18:52:27.925+0000][1][gc,age       ] GC(250) Desired survivor size 4358144 bytes, new threshold 6 (max threshold 6)
[2020-09-11T18:52:27.925+0000][1][gc,age       ] GC(250) Age table with threshold 6 (max threshold 6)
[2020-09-11T18:52:27.925+0000][1][gc,age       ] GC(250) - age   1:      94680 bytes,      94680 total
[2020-09-11T18:52:27.925+0000][1][gc,age       ] GC(250) - age   2:      26872 bytes,     121552 total
[2020-09-11T18:52:27.925+0000][1][gc,age       ] GC(250) - age   3:     196328 bytes,     317880 total
[2020-09-11T18:52:27.925+0000][1][gc,age       ] GC(250) - age   4:      83136 bytes,     401016 total
[2020-09-11T18:52:27.925+0000][1][gc,age       ] GC(250) - age   5:      24576 bytes,     425592 total
[2020-09-11T18:52:27.925+0000][1][gc,age       ] GC(250) - age   6:     203168 bytes,     628760 total
[2020-09-11T18:52:27.925+0000][1][gc,heap      ] GC(250) ParNew: 70095K->1906K(76672K)
[2020-09-11T18:52:27.925+0000][1][gc,heap      ] GC(250) CMS: 126347K->127619K(439104K)
[2020-09-11T18:52:27.925+0000][1][gc,metaspace ] GC(250) Metaspace: 95968K->95968K(1138688K)
[2020-09-11T18:52:27.925+0000][1][gc           ] GC(250) Pause Young (Allocation Failure) 191M->126M(503M) 14.131ms
[2020-09-11T18:52:27.925+0000][1][gc,cpu       ] GC(250) User=0.01s Sys=0.00s Real=0.02s
[2020-09-11T18:52:27.925+0000][1][safepoint    ] Safepoint "GenCollectForAllocation", Time since last: 1374889492 ns, Reaching safepoint: 161784 ns, At safepoint: 14204132 ns, Total: 14365916 ns
[2020-09-11T18:52:28.836+0000][1][safepoint    ] Safepoint "BulkRevokeBias", Time since last: 910163638 ns, Reaching safepoint: 89801 ns, At safepoint: 221356 ns, Total: 311157 ns
[2020-09-11T18:52:29.836+0000][1][safepoint    ] Safepoint "Cleanup", Time since last: 1000114866 ns, Reaching safepoint: 87408 ns, At safepoint: 8950 ns, Total: 96358 ns
[2020-09-11T18:52:30.770+0000][1][safepoint    ] Safepoint "RevokeBias", Time since last: 934545397 ns, Reaching safepoint: 87595 ns, At safepoint: 22719 ns, Total: 110314 ns
[2020-09-11T18:52:36.572+0000][1][safepoint    ] Safepoint "RevokeBias", Time since last: 5801357872 ns, Reaching safepoint: 94426 ns, At safepoint: 25745 ns, Total: 120171 ns
[2020-09-11T18:52:38.691+0000][1][safepoint    ] Safepoint "RevokeBias", Time since last: 2118493090 ns, Reaching safepoint: 97604 ns, At safepoint: 23361 ns, Total: 120965 ns
[2020-09-11T18:52:40.867+0000][1][safepoint    ] Safepoint "RevokeBias", Time since last: 2176150379 ns, Reaching safepoint: 175989 ns, At safepoint: 27719 ns, Total: 203708 ns
[2020-09-11T18:52:42.867+0000][1][safepoint    ] Safepoint "Cleanup", Time since last: 2000187123 ns, Reaching safepoint: 91773 ns, At safepoint: 9598 ns, Total: 101371 ns
[2020-09-11T18:52:46.522+0000][1][gc,start     ] GC(251) Pause Young (Allocation Failure)
[2020-09-11T18:52:46.522+0000][1][gc,task      ] GC(251) Using 1 workers of 1 for evacuation
[2020-09-11T18:52:46.528+0000][1][gc,age       ] GC(251) Desired survivor size 4358144 bytes, new threshold 6 (max threshold 6)
[2020-09-11T18:52:46.528+0000][1][gc,age       ] GC(251) Age table with threshold 6 (max threshold 6)
[2020-09-11T18:52:46.528+0000][1][gc,age       ] GC(251) - age   1:     456144 bytes,     456144 total
[2020-09-11T18:52:46.528+0000][1][gc,age       ] GC(251) - age   2:      38096 bytes,     494240 total
[2020-09-11T18:52:46.528+0000][1][gc,age       ] GC(251) - age   3:      25648 bytes,     519888 total
[2020-09-11T18:52:46.528+0000][1][gc,age       ] GC(251) - age   4:     190304 bytes,     710192 total
[2020-09-11T18:52:46.528+0000][1][gc,age       ] GC(251) - age   5:      79968 bytes,     790160 total
[2020-09-11T18:52:46.528+0000][1][gc,age       ] GC(251) - age   6:      24576 bytes,     814736 total
[2020-09-11T18:52:46.528+0000][1][gc,heap      ] GC(251) ParNew: 70066K->1260K(76672K)
[2020-09-11T18:52:46.528+0000][1][gc,heap      ] GC(251) CMS: 127619K->127818K(439104K)
[2020-09-11T18:52:46.528+0000][1][gc,metaspace ] GC(251) Metaspace: 95968K->95968K(1138688K)
[2020-09-11T18:52:46.528+0000][1][gc           ] GC(251) Pause Young (Allocation Failure) 193M->126M(503M) 6.007ms
[2020-09-11T18:52:46.528+0000][1][gc,cpu       ] GC(251) User=0.01s Sys=0.00s Real=0.00s
[2020-09-11T18:52:46.533+0000][1][safepoint    ] Safepoint "GenCollectForAllocation", Time since last: 3654809358 ns, Reaching safepoint: 169135 ns, At safepoint: 10615982 ns, Total: 10785117 ns
[2020-09-11T18:52:46.593+0000][1][safepoint    ] Safepoint "RevokeBias", Time since last: 60089256 ns, Reaching safepoint: 90854 ns, At safepoint: 38395 ns, Total: 129249 ns
[2020-09-11T18:52:48.649+0000][1][safepoint    ] Safepoint "RevokeBias", Time since last: 2056151906 ns, Reaching safepoint: 94717 ns, At safepoint: 43792 ns, Total: 138509 ns
[2020-09-11T18:52:50.952+0000][1][safepoint    ] Safepoint "RevokeBias", Time since last: 2302798459 ns, Reaching safepoint: 93418 ns, At safepoint: 24978 ns, Total: 118396 ns
[2020-09-11T18:52:54.953+0000][1][safepoint    ] Safepoint "Cleanup", Time since last: 4000349652 ns, Reaching safepoint: 86346 ns, At safepoint: 7874 ns, Total: 94220 ns
[2020-09-11T18:52:56.581+0000][1][safepoint    ] Safepoint "RevokeBias", Time since last: 1628711025 ns, Reaching safepoint: 93922 ns, At safepoint: 35210 ns, Total: 129132 ns
[2020-09-11T18:52:58.584+0000][1][safepoint    ] Safepoint "RevokeBias", Time since last: 2002248970 ns, Reaching safepoint: 96244 ns, At safepoint: 25787 ns, Total: 122031 ns
[2020-09-11T18:53:00.838+0000][1][safepoint    ] Safepoint "RevokeBias", Time since last: 2254404421 ns, Reaching safepoint: 90220 ns, At safepoint: 22986 ns, Total: 113206 ns
[2020-09-11T18:53:06.459+0000][1][gc,start     ] GC(252) Pause Young (Allocation Failure)
[2020-09-11T18:53:06.459+0000][1][gc,task      ] GC(252) Using 1 workers of 1 for evacuation
[2020-09-11T18:53:06.468+0000][1][gc,age       ] GC(252) Desired survivor size 4358144 bytes, new threshold 6 (max threshold 6)
[2020-09-11T18:53:06.468+0000][1][gc,age       ] GC(252) Age table with threshold 6 (max threshold 6)
[2020-09-11T18:53:06.468+0000][1][gc,age       ] GC(252) - age   1:     174336 bytes,     174336 total
[2020-09-11T18:53:06.468+0000][1][gc,age       ] GC(252) - age   2:     383288 bytes,     557624 total
[2020-09-11T18:53:06.468+0000][1][gc,age       ] GC(252) - age   3:      29912 bytes,     587536 total
[2020-09-11T18:53:06.468+0000][1][gc,age       ] GC(252) - age   4:      14576 bytes,     602112 total
[2020-09-11T18:53:06.468+0000][1][gc,age       ] GC(252) - age   5:     189640 bytes,     791752 total
[2020-09-11T18:53:06.468+0000][1][gc,age       ] GC(252) - age   6:      79968 bytes,     871720 total
[2020-09-11T18:53:06.468+0000][1][gc,heap      ] GC(252) ParNew: 69420K->1508K(76672K)
[2020-09-11T18:53:06.468+0000][1][gc,heap      ] GC(252) CMS: 127818K->127842K(439104K)
[2020-09-11T18:53:06.468+0000][1][gc,metaspace ] GC(252) Metaspace: 95977K->95977K(1138688K)
[2020-09-11T18:53:06.469+0000][1][gc           ] GC(252) Pause Young (Allocation Failure) 192M->126M(503M) 9.371ms
[2020-09-11T18:53:06.469+0000][1][gc,cpu       ] GC(252) User=0.00s Sys=0.00s Real=0.01s
[2020-09-11T18:53:06.469+0000][1][safepoint    ] Safepoint "GenCollectForAllocation", Time since last: 5618755607 ns, Reaching safepoint: 1989302 ns, At safepoint: 9466389 ns, Total: 11455691 ns
[2020-09-11T18:53:06.602+0000][1][safepoint    ] Safepoint "RevokeBias", Time since last: 133135129 ns, Reaching safepoint: 94400 ns, At safepoint: 25733 ns, Total: 120133 ns
[2020-09-11T18:53:08.603+0000][1][safepoint    ] Safepoint "RevokeBias", Time since last: 2000976628 ns, Reaching safepoint: 89606 ns, At safepoint: 23321 ns, Total: 112927 ns
[2020-09-11T18:53:10.793+0000][1][safepoint    ] Safepoint "RevokeBias", Time since last: 2189477252 ns, Reaching safepoint: 93750 ns, At safepoint: 26538 ns, Total: 120288 ns
[2020-09-11T18:53:11.793+0000][1][safepoint    ] Safepoint "Cleanup", Time since last: 1000115773 ns, Reaching safepoint: 121467 ns, At safepoint: 9662 ns, Total: 131129 ns
[2020-09-11T18:53:17.090+0000][1][safepoint    ] Safepoint "RevokeBias", Time since last: 5297167405 ns, Reaching safepoint: 89502 ns, At safepoint: 24099 ns, Total: 113601 ns
[2020-09-11T18:53:18.090+0000][1][safepoint    ] Safepoint "Cleanup", Time since last: 1000097681 ns, Reaching safepoint: 100617 ns, At safepoint: 8690 ns, Total: 109307 ns
[2020-09-11T18:53:18.495+0000][1][gc,start     ] GC(253) Pause Young (Allocation Failure)
[2020-09-11T18:53:18.495+0000][1][gc,task      ] GC(253) Using 1 workers of 1 for evacuation
[2020-09-11T18:53:18.501+0000][1][gc,age       ] GC(253) Desired survivor size 4358144 bytes, new threshold 6 (max threshold 6)
[2020-09-11T18:53:18.501+0000][1][gc,age       ] GC(253) Age table with threshold 6 (max threshold 6)
[2020-09-11T18:53:18.501+0000][1][gc,age       ] GC(253) - age   1:      62928 bytes,      62928 total
[2020-09-11T18:53:18.501+0000][1][gc,age       ] GC(253) - age   2:     120864 bytes,     183792 total
[2020-09-11T18:53:18.501+0000][1][gc,age       ] GC(253) - age   3:     380552 bytes,     564344 total
[2020-09-11T18:53:18.501+0000][1][gc,age       ] GC(253) - age   4:      29600 bytes,     593944 total
[2020-09-11T18:53:18.501+0000][1][gc,age       ] GC(253) - age   5:      14576 bytes,     608520 total
[2020-09-11T18:53:18.501+0000][1][gc,age       ] GC(253) - age   6:     189640 bytes,     798160 total
[2020-09-11T18:53:18.501+0000][1][gc,heap      ] GC(253) ParNew: 69668K->1015K(76672K)
[2020-09-11T18:53:18.501+0000][1][gc,heap      ] GC(253) CMS: 127842K->127920K(439104K)
[2020-09-11T18:53:18.501+0000][1][gc,metaspace ] GC(253) Metaspace: 95985K->95985K(1138688K)
[2020-09-11T18:53:18.501+0000][1][gc           ] GC(253) Pause Young (Allocation Failure) 192M->125M(503M) 6.294ms
[2020-09-11T18:53:18.501+0000][1][gc,cpu       ] GC(253) User=0.01s Sys=0.00s Real=0.01s
[2020-09-11T18:53:18.501+0000][1][safepoint    ] Safepoint "GenCollectForAllocation", Time since last: 404104126 ns, Reaching safepoint: 427640 ns, At safepoint: 6359167 ns, Total: 6786807 ns
[2020-09-11T18:53:18.649+0000][1][safepoint    ] Safepoint "RevokeBias", Time since last: 147776645 ns, Reaching safepoint: 94819 ns, At safepoint: 25464 ns, Total: 120283 ns
[2020-09-11T18:53:19.649+0000][1][safepoint    ] Safepoint "Cleanup", Time since last: 1000110451 ns, Reaching safepoint: 91030 ns, At safepoint: 9425 ns, Total: 100455 ns
[2020-09-11T18:53:20.778+0000][1][safepoint    ] Safepoint "RevokeBias", Time since last: 1128127383 ns, Reaching safepoint: 178535 ns, At safepoint: 38397 ns, Total: 216932 ns
[2020-09-11T18:53:24.778+0000][1][safepoint    ] Safepoint "Cleanup", Time since last: 4000335651 ns, Reaching safepoint: 92981 ns, At safepoint: 10750 ns, Total: 103731 ns
[2020-09-11T18:53:26.535+0000][1][safepoint    ] Safepoint "RevokeBias", Time since last: 1756776395 ns, Reaching safepoint: 86941 ns, At safepoint: 22184 ns, Total: 109125 ns
[2020-09-11T18:53:27.535+0000][1][safepoint    ] Safepoint "Cleanup", Time since last: 1000110037 ns, Reaching safepoint: 89827 ns, At safepoint: 10312 ns, Total: 100139 ns
[2020-09-11T18:53:28.535+0000][1][safepoint    ] Safepoint "Cleanup", Time since last: 1000113266 ns, Reaching safepoint: 84542 ns, At safepoint: 8372 ns, Total: 92914 ns
[2020-09-11T18:53:28.644+0000][1][safepoint    ] Safepoint "RevokeBias", Time since last: 108404578 ns, Reaching safepoint: 91831 ns, At safepoint: 26061 ns, Total: 117892 ns
[2020-09-11T18:53:30.757+0000][1][safepoint    ] Safepoint "RevokeBias", Time since last: 2112648361 ns, Reaching safepoint: 90093 ns, At safepoint: 23603 ns, Total: 113696 ns
[2020-09-11T18:53:36.521+0000][1][gc,start     ] GC(254) Pause Young (Allocation Failure)
[2020-09-11T18:53:36.521+0000][1][gc,task      ] GC(254) Using 1 workers of 1 for evacuation
[2020-09-11T18:53:36.531+0000][1][gc,age       ] GC(254) Desired survivor size 4358144 bytes, new threshold 6 (max threshold 6)
[2020-09-11T18:53:36.531+0000][1][gc,age       ] GC(254) Age table with threshold 6 (max threshold 6)
[2020-09-11T18:53:36.531+0000][1][gc,age       ] GC(254) - age   1:     228504 bytes,     228504 total
[2020-09-11T18:53:36.531+0000][1][gc,age       ] GC(254) - age   2:      11696 bytes,     240200 total
[2020-09-11T18:53:36.531+0000][1][gc,age       ] GC(254) - age   3:     114824 bytes,     355024 total
[2020-09-11T18:53:36.531+0000][1][gc,age       ] GC(254) - age   4:     370192 bytes,     725216 total
[2020-09-11T18:53:36.531+0000][1][gc,age       ] GC(254) - age   5:      29272 bytes,     754488 total
[2020-09-11T18:53:36.531+0000][1][gc,age       ] GC(254) - age   6:      14576 bytes,     769064 total
[2020-09-11T18:53:36.531+0000][1][gc,heap      ] GC(254) ParNew: 69175K->1423K(76672K)
[2020-09-11T18:53:36.531+0000][1][gc,heap      ] GC(254) CMS: 127920K->128107K(439104K)
[2020-09-11T18:53:36.531+0000][1][gc,metaspace ] GC(254) Metaspace: 95988K->95988K(1138688K)
[2020-09-11T18:53:36.531+0000][1][gc           ] GC(254) Pause Young (Allocation Failure) 192M->126M(503M) 10.436ms
[2020-09-11T18:53:36.531+0000][1][gc,cpu       ] GC(254) User=0.00s Sys=0.00s Real=0.00s
[2020-09-11T18:53:36.531+0000][1][safepoint    ] Safepoint "GenCollectForAllocation", Time since last: 5760778575 ns, Reaching safepoint: 3445378 ns, At safepoint: 10547418 ns, Total: 13992796 ns
[2020-09-11T18:53:36.552+0000][1][safepoint    ] Safepoint "RevokeBias", Time since last: 20903639 ns, Reaching safepoint: 92261 ns, At safepoint: 40506 ns, Total: 132767 ns
[2020-09-11T18:53:38.584+0000][1][safepoint    ] Safepoint "RevokeBias", Time since last: 2031401797 ns, Reaching safepoint: 88077 ns, At safepoint: 22818 ns, Total: 110895 ns
[2020-09-11T18:53:40.830+0000][1][safepoint    ] Safepoint "RevokeBias", Time since last: 2245840680 ns, Reaching safepoint: 91977 ns, At safepoint: 25959 ns, Total: 117936 ns
[2020-09-11T18:53:43.830+0000][1][safepoint    ] Safepoint "Cleanup", Time since last: 3000256031 ns, Reaching safepoint: 88707 ns, At safepoint: 8744 ns, Total: 97451 ns
[2020-09-11T18:53:46.543+0000][1][safepoint    ] Safepoint "RevokeBias", Time since last: 2713019130 ns, Reaching safepoint: 95590 ns, At safepoint: 26572 ns, Total: 122162 ns
[2020-09-11T18:53:48.617+0000][1][safepoint    ] Safepoint "RevokeBias", Time since last: 2073598521 ns, Reaching safepoint: 91725 ns, At safepoint: 27549 ns, Total: 119274 ns
[2020-09-11T18:53:50.758+0000][1][safepoint    ] Safepoint "RevokeBias", Time since last: 2140397890 ns, Reaching safepoint: 170688 ns, At safepoint: 26716 ns, Total: 197404 ns
[2020-09-11T18:53:51.517+0000][1][gc,start     ] GC(255) Pause Young (Allocation Failure)
[2020-09-11T18:53:51.517+0000][1][gc,task      ] GC(255) Using 1 workers of 1 for evacuation
[2020-09-11T18:53:51.522+0000][1][gc,age       ] GC(255) Desired survivor size 4358144 bytes, new threshold 6 (max threshold 6)
[2020-09-11T18:53:51.522+0000][1][gc,age       ] GC(255) Age table with threshold 6 (max threshold 6)
[2020-09-11T18:53:51.522+0000][1][gc,age       ] GC(255) - age   1:     267856 bytes,     267856 total
[2020-09-11T18:53:51.522+0000][1][gc,age       ] GC(255) - age   2:     152392 bytes,     420248 total
[2020-09-11T18:53:51.522+0000][1][gc,age       ] GC(255) - age   3:       9656 bytes,     429904 total
[2020-09-11T18:53:51.522+0000][1][gc,age       ] GC(255) - age   4:     113272 bytes,     543176 total
[2020-09-11T18:53:51.522+0000][1][gc,age       ] GC(255) - age   5:     370192 bytes,     913368 total
[2020-09-11T18:53:51.522+0000][1][gc,age       ] GC(255) - age   6:      29272 bytes,     942640 total
[2020-09-11T18:53:51.522+0000][1][gc,heap      ] GC(255) ParNew: 69583K->995K(76672K)
[2020-09-11T18:53:51.522+0000][1][gc,heap      ] GC(255) CMS: 128107K->128121K(439104K)
[2020-09-11T18:53:51.522+0000][1][gc,metaspace ] GC(255) Metaspace: 96001K->96001K(1138688K)
[2020-09-11T18:53:51.522+0000][1][gc           ] GC(255) Pause Young (Allocation Failure) 193M->126M(503M) 5.529ms
[2020-09-11T18:53:51.522+0000][1][gc,cpu       ] GC(255) User=0.01s Sys=0.00s Real=0.01s
[2020-09-11T18:53:51.525+0000][1][safepoint    ] Safepoint "GenCollectForAllocation", Time since last: 755354613 ns, Reaching safepoint: 3796897 ns, At safepoint: 7902132 ns, Total: 11699029 ns
[2020-09-11T18:53:52.529+0000][1][safepoint    ] Safepoint "Cleanup", Time since last: 1003695232 ns, Reaching safepoint: 95515 ns, At safepoint: 5937 ns, Total: 101452 ns
[2020-09-11T18:53:55.529+0000][1][safepoint    ] Safepoint "Cleanup", Time since last: 3000349581 ns, Reaching safepoint: 87347 ns, At safepoint: 6790 ns, Total: 94137 ns
[2020-09-11T18:53:56.636+0000][1][safepoint    ] Safepoint "RevokeBias", Time since last: 1107225757 ns, Reaching safepoint: 96648 ns, At safepoint: 27229 ns, Total: 123877 ns
[2020-09-11T18:53:58.645+0000][1][safepoint    ] Safepoint "Cleanup", Time since last: 2008410017 ns, Reaching safepoint: 264713 ns, At safepoint: 13250 ns, Total: 277963 ns
[2020-09-11T18:53:58.696+0000][1][safepoint    ] Safepoint "BulkRevokeBias", Time since last: 50642130 ns, Reaching safepoint: 111070 ns, At safepoint: 340504 ns, Total: 451574 ns
[2020-09-11T18:54:00.788+0000][1][safepoint    ] Safepoint "RevokeBias", Time since last: 2091259180 ns, Reaching safepoint: 169404 ns, At safepoint: 26553 ns, Total: 195957 ns
[2020-09-11T18:54:06.610+0000][1][safepoint    ] Safepoint "RevokeBias", Time since last: 5822711695 ns, Reaching safepoint: 97254 ns, At safepoint: 25912 ns, Total: 123166 ns
[2020-09-11T18:54:08.450+0000][1][gc,start     ] GC(256) Pause Young (Allocation Failure)
[2020-09-11T18:54:08.450+0000][1][gc,task      ] GC(256) Using 1 workers of 1 for evacuation
[2020-09-11T18:54:08.456+0000][1][gc,age       ] GC(256) Desired survivor size 4358144 bytes, new threshold 6 (max threshold 6)
[2020-09-11T18:54:08.456+0000][1][gc,age       ] GC(256) Age table with threshold 6 (max threshold 6)
[2020-09-11T18:54:08.456+0000][1][gc,age       ] GC(256) - age   1:     156592 bytes,     156592 total
[2020-09-11T18:54:08.456+0000][1][gc,age       ] GC(256) - age   2:     214976 bytes,     371568 total
[2020-09-11T18:54:08.456+0000][1][gc,age       ] GC(256) - age   3:     149072 bytes,     520640 total
[2020-09-11T18:54:08.456+0000][1][gc,age       ] GC(256) - age   4:       9656 bytes,     530296 total
[2020-09-11T18:54:08.456+0000][1][gc,age       ] GC(256) - age   5:     101024 bytes,     631320 total
[2020-09-11T18:54:08.456+0000][1][gc,age       ] GC(256) - age   6:     369920 bytes,    1001240 total
[2020-09-11T18:54:08.456+0000][1][gc,heap      ] GC(256) ParNew: 69106K->1496K(76672K)
[2020-09-11T18:54:08.456+0000][1][gc,heap      ] GC(256) CMS: 128121K->128150K(439104K)
[2020-09-11T18:54:08.456+0000][1][gc,metaspace ] GC(256) Metaspace: 96035K->96035K(1138688K)
[2020-09-11T18:54:08.456+0000][1][gc           ] GC(256) Pause Young (Allocation Failure) 192M->126M(503M) 5.553ms
[2020-09-11T18:54:08.456+0000][1][gc,cpu       ] GC(256) User=0.01s Sys=0.00s Real=0.01s
[2020-09-11T18:54:08.461+0000][1][safepoint    ] Safepoint "GenCollectForAllocation", Time since last: 1839624251 ns, Reaching safepoint: 167912 ns, At safepoint: 10554815 ns, Total: 10722727 ns
[2020-09-11T18:54:08.567+0000][1][safepoint    ] Safepoint "RevokeBias", Time since last: 106411167 ns, Reaching safepoint: 94501 ns, At safepoint: 27792 ns, Total: 122293 ns
[2020-09-11T18:54:10.830+0000][1][safepoint    ] Safepoint "RevokeBias", Time since last: 2262594088 ns, Reaching safepoint: 88473 ns, At safepoint: 26476 ns, Total: 114949 ns
[2020-09-11T18:54:11.830+0000][1][safepoint    ] Safepoint "Cleanup", Time since last: 1000110395 ns, Reaching safepoint: 92264 ns, At safepoint: 9953 ns, Total: 102217 ns
[2020-09-11T18:54:16.562+0000][1][safepoint    ] Safepoint "RevokeBias", Time since last: 4731724635 ns, Reaching safepoint: 92866 ns, At safepoint: 26339 ns, Total: 119205 ns
[2020-09-11T18:54:17.562+0000][1][safepoint    ] Safepoint "Cleanup", Time since last: 1000117841 ns, Reaching safepoint: 88698 ns, At safepoint: 8768 ns, Total: 97466 ns
[2020-09-11T18:54:18.563+0000][1][safepoint    ] Safepoint "Cleanup", Time since last: 1000111636 ns, Reaching safepoint: 124964 ns, At safepoint: 10615 ns, Total: 135579 ns
[2020-09-11T18:54:18.631+0000][1][safepoint    ] Safepoint "RevokeBias", Time since last: 68036472 ns, Reaching safepoint: 91422 ns, At safepoint: 26903 ns, Total: 118325 ns
[2020-09-11T18:54:19.631+0000][1][safepoint    ] Safepoint "Cleanup", Time since last: 1000110799 ns, Reaching safepoint: 101907 ns, At safepoint: 9470 ns, Total: 111377 ns
[2020-09-11T18:54:20.631+0000][1][safepoint    ] Safepoint "Cleanup", Time since last: 1000107307 ns, Reaching safepoint: 84695 ns, At safepoint: 8885 ns, Total: 93580 ns
[2020-09-11T18:54:20.796+0000][1][safepoint    ] Safepoint "RevokeBias", Time since last: 164880891 ns, Reaching safepoint: 179050 ns, At safepoint: 42769 ns, Total: 221819 ns
[2020-09-11T18:54:21.796+0000][1][safepoint    ] Safepoint "Cleanup", Time since last: 1000107285 ns, Reaching safepoint: 83106 ns, At safepoint: 9346 ns, Total: 92452 ns
[2020-09-11T18:54:22.797+0000][1][safepoint    ] Safepoint "Cleanup", Time since last: 1000122004 ns, Reaching safepoint: 86753 ns, At safepoint: 7339 ns, Total: 94092 ns
[2020-09-11T18:54:23.797+0000][1][safepoint    ] Safepoint "Cleanup", Time since last: 1000132696 ns, Reaching safepoint: 83958 ns, At safepoint: 9257 ns, Total: 93215 ns
[2020-09-11T18:54:24.797+0000][1][safepoint    ] Safepoint "Cleanup", Time since last: 1000114416 ns, Reaching safepoint: 83532 ns, At safepoint: 9680 ns, Total: 93212 ns
[2020-09-11T18:54:25.797+0000][1][safepoint    ] Safepoint "Cleanup", Time since last: 1000109995 ns, Reaching safepoint: 83513 ns, At safepoint: 8419 ns, Total: 91932 ns
[2020-09-11T18:54:26.537+0000][1][safepoint    ] Safepoint "RevokeBias", Time since last: 739912600 ns, Reaching safepoint: 93574 ns, At safepoint: 24887 ns, Total: 118461 ns
[2020-09-11T18:54:27.194+0000][1][gc,start     ] GC(257) Pause Young (Allocation Failure)
[2020-09-11T18:54:27.194+0000][1][gc,task      ] GC(257) Using 1 workers of 1 for evacuation
[2020-09-11T18:54:27.202+0000][1][gc,age       ] GC(257) Desired survivor size 4358144 bytes, new threshold 6 (max threshold 6)
[2020-09-11T18:54:27.202+0000][1][gc,age       ] GC(257) Age table with threshold 6 (max threshold 6)
[2020-09-11T18:54:27.202+0000][1][gc,age       ] GC(257) - age   1:     229584 bytes,     229584 total
[2020-09-11T18:54:27.202+0000][1][gc,age       ] GC(257) - age   2:     103432 bytes,     333016 total
[2020-09-11T18:54:27.202+0000][1][gc,age       ] GC(257) - age   3:     210456 bytes,     543472 total
[2020-09-11T18:54:27.202+0000][1][gc,age       ] GC(257) - age   4:     144744 bytes,     688216 total
[2020-09-11T18:54:27.202+0000][1][gc,age       ] GC(257) - age   5:       9656 bytes,     697872 total
[2020-09-11T18:54:27.202+0000][1][gc,age       ] GC(257) - age   6:     101024 bytes,     798896 total
[2020-09-11T18:54:27.202+0000][1][gc,heap      ] GC(257) ParNew: 69656K->920K(76672K)
[2020-09-11T18:54:27.202+0000][1][gc,heap      ] GC(257) CMS: 128150K->128511K(439104K)
[2020-09-11T18:54:27.202+0000][1][gc,metaspace ] GC(257) Metaspace: 96044K->96044K(1138688K)
[2020-09-11T18:54:27.202+0000][1][gc           ] GC(257) Pause Young (Allocation Failure) 193M->126M(503M) 8.040ms
[2020-09-11T18:54:27.202+0000][1][gc,cpu       ] GC(257) User=0.00s Sys=0.00s Real=0.01s
[2020-09-11T18:54:27.205+0000][1][safepoint    ] Safepoint "GenCollectForAllocation", Time since last: 656167600 ns, Reaching safepoint: 200218 ns, At safepoint: 11096606 ns, Total: 11296824 ns
[2020-09-11T18:54:28.205+0000][1][safepoint    ] Safepoint "Cleanup", Time since last: 1000518194 ns, Reaching safepoint: 82311 ns, At safepoint: 9349 ns, Total: 91660 ns
[2020-09-11T18:54:28.583+0000][1][safepoint    ] Safepoint "RevokeBias", Time since last: 377658701 ns, Reaching safepoint: 90368 ns, At safepoint: 56237 ns, Total: 146605 ns
[2020-09-11T18:54:29.583+0000][1][safepoint    ] Safepoint "Cleanup", Time since last: 1000102224 ns, Reaching safepoint: 76215 ns, At safepoint: 6892 ns, Total: 83107 ns
[2020-09-11T18:54:30.584+0000][1][safepoint    ] Safepoint "Cleanup", Time since last: 1000115540 ns, Reaching safepoint: 86186 ns, At safepoint: 7647 ns, Total: 93833 ns
[2020-09-11T18:54:30.825+0000][1][safepoint    ] Safepoint "RevokeBias", Time since last: 241201894 ns, Reaching safepoint: 88336 ns, At safepoint: 26005 ns, Total: 114341 ns
[2020-09-11T18:54:31.825+0000][1][safepoint    ] Safepoint "Cleanup", Time since last: 1000103728 ns, Reaching safepoint: 84124 ns, At safepoint: 8848 ns, Total: 92972 ns
[2020-09-11T18:54:32.825+0000][1][safepoint    ] Safepoint "Cleanup", Time since last: 1000111865 ns, Reaching safepoint: 84312 ns, At safepoint: 10095 ns, Total: 94407 ns
[2020-09-11T18:54:33.826+0000][1][safepoint    ] Safepoint "Cleanup", Time since last: 1000113836 ns, Reaching safepoint: 84493 ns, At safepoint: 9038 ns, Total: 93531 ns
[2020-09-11T18:54:34.826+0000][1][safepoint    ] Safepoint "Cleanup", Time since last: 1000116368 ns, Reaching safepoint: 81349 ns, At safepoint: 8587 ns, Total: 89936 ns
[2020-09-11T18:54:35.826+0000][1][safepoint    ] Safepoint "Cleanup", Time since last: 1000113640 ns, Reaching safepoint: 83313 ns, At safepoint: 10184 ns, Total: 93497 ns
[2020-09-11T18:54:36.540+0000][1][safepoint    ] Safepoint "RevokeBias", Time since last: 713984865 ns, Reaching safepoint: 89887 ns, At safepoint: 26336 ns, Total: 116223 ns
[2020-09-11T18:54:37.540+0000][1][safepoint    ] Safepoint "Cleanup", Time since last: 1000105965 ns, Reaching safepoint: 83757 ns, At safepoint: 8675 ns, Total: 92432 ns
[2020-09-11T18:54:38.540+0000][1][safepoint    ] Safepoint "Cleanup", Time since last: 1000118551 ns, Reaching safepoint: 84113 ns, At safepoint: 9552 ns, Total: 93665 ns
[2020-09-11T18:54:38.620+0000][1][safepoint    ] Safepoint "RevokeBias", Time since last: 79358633 ns, Reaching safepoint: 91342 ns, At safepoint: 26256 ns, Total: 117598 ns
[2020-09-11T18:54:39.620+0000][1][safepoint    ] Safepoint "Cleanup", Time since last: 1000107532 ns, Reaching safepoint: 82882 ns, At safepoint: 9010 ns, Total: 91892 ns
[2020-09-11T18:54:40.620+0000][1][safepoint    ] Safepoint "Cleanup", Time since last: 1000112258 ns, Reaching safepoint: 84368 ns, At safepoint: 9612 ns, Total: 93980 ns
[2020-09-11T18:54:40.770+0000][1][safepoint    ] Safepoint "RevokeBias", Time since last: 149761973 ns, Reaching safepoint: 177108 ns, At safepoint: 30116 ns, Total: 207224 ns
[2020-09-11T18:54:41.488+0000][1][safepoint    ] Safepoint "BulkRevokeBias", Time since last: 717079302 ns, Reaching safepoint: 240803 ns, At safepoint: 337203 ns, Total: 578006 ns
[2020-09-11T18:54:41.493+0000][1][safepoint    ] Safepoint "RevokeBias", Time since last: 753845 ns, Reaching safepoint: 4193468 ns, At safepoint: 26637 ns, Total: 4220105 ns
[2020-09-11T18:54:41.594+0000][1][gc,start     ] GC(258) Pause Young (Allocation Failure)
[2020-09-11T18:54:41.594+0000][1][gc,task      ] GC(258) Using 1 workers of 1 for evacuation
[2020-09-11T18:54:41.610+0000][1][gc,age       ] GC(258) Desired survivor size 4358144 bytes, new threshold 1 (max threshold 6)
[2020-09-11T18:54:41.610+0000][1][gc,age       ] GC(258) Age table with threshold 1 (max threshold 6)
[2020-09-11T18:54:41.610+0000][1][gc,age       ] GC(258) - age   1:    7018024 bytes,    7018024 total
[2020-09-11T18:54:41.610+0000][1][gc,age       ] GC(258) - age   2:     159512 bytes,    7177536 total
[2020-09-11T18:54:41.610+0000][1][gc,age       ] GC(258) - age   3:     102112 bytes,    7279648 total
[2020-09-11T18:54:41.610+0000][1][gc,age       ] GC(258) - age   4:     208672 bytes,    7488320 total
[2020-09-11T18:54:41.610+0000][1][gc,age       ] GC(258) - age   5:     144744 bytes,    7633064 total
[2020-09-11T18:54:41.610+0000][1][gc,age       ] GC(258) - age   6:       9656 bytes,    7642720 total
[2020-09-11T18:54:41.610+0000][1][gc,heap      ] GC(258) ParNew: 69080K->8277K(76672K)
[2020-09-11T18:54:41.610+0000][1][gc,heap      ] GC(258) CMS: 128511K->132962K(439104K)
[2020-09-11T18:54:41.610+0000][1][gc,metaspace ] GC(258) Metaspace: 96095K->96095K(1138688K)
[2020-09-11T18:54:41.610+0000][1][gc           ] GC(258) Pause Young (Allocation Failure) 192M->137M(503M) 16.288ms
[2020-09-11T18:54:41.610+0000][1][gc,cpu       ] GC(258) User=0.01s Sys=0.00s Real=0.01s
[2020-09-11T18:54:41.625+0000][1][safepoint    ] Safepoint "GenCollectForAllocation", Time since last: 99869271 ns, Reaching safepoint: 1247319 ns, At safepoint: 30793051 ns, Total: 32040370 ns
[2020-09-11T18:54:41.640+0000][1][safepoint    ] Safepoint "RevokeBias", Time since last: 2169812 ns, Reaching safepoint: 181854 ns, At safepoint: 12966033 ns, Total: 13147887 ns
[2020-09-11T18:54:41.669+0000][1][safepoint    ] Safepoint "RevokeBias", Time since last: 24465163 ns, Reaching safepoint: 4264102 ns, At safepoint: 29312 ns, Total: 4293414 ns
[2020-09-11T18:54:41.669+0000][1][safepoint    ] Safepoint "RevokeBias", Time since last: 170173 ns, Reaching safepoint: 171291 ns, At safepoint: 18703 ns, Total: 189994 ns
[2020-09-11T18:54:41.671+0000][1][safepoint    ] Safepoint "RevokeBias", Time since last: 981391 ns, Reaching safepoint: 158699 ns, At safepoint: 124630 ns, Total: 283329 ns
[2020-09-11T18:54:41.677+0000][1][safepoint    ] Safepoint "RevokeBias", Time since last: 6452031 ns, Reaching safepoint: 187417 ns, At safepoint: 174040 ns, Total: 361457 ns
[2020-09-11T18:54:41.678+0000][1][safepoint    ] Safepoint "RevokeBias", Time since last: 737903 ns, Reaching safepoint: 164516 ns, At safepoint: 171089 ns, Total: 335605 ns
[2020-09-11T18:54:41.679+0000][1][safepoint    ] Safepoint "RevokeBias", Time since last: 263477 ns, Reaching safepoint: 162817 ns, At safepoint: 113670 ns, Total: 276487 ns
[2020-09-11T18:54:41.679+0000][1][safepoint    ] Safepoint "RevokeBias", Time since last: 56595 ns, Reaching safepoint: 141262 ns, At safepoint: 106471 ns, Total: 247733 ns
[2020-09-11T18:54:41.694+0000][1][safepoint    ] Safepoint "RevokeBias", Time since last: 14347369 ns, Reaching safepoint: 189665 ns, At safepoint: 24924 ns, Total: 214589 ns
[2020-09-11T18:54:41.694+0000][1][safepoint    ] Safepoint "RevokeBias", Time since last: 161555 ns, Reaching safepoint: 155146 ns, At safepoint: 123466 ns, Total: 278612 ns
[2020-09-11T18:54:41.709+0000][1][safepoint    ] Safepoint "RevokeBias", Time since last: 14337581 ns, Reaching safepoint: 216193 ns, At safepoint: 23228 ns, Total: 239421 ns
[2020-09-11T18:54:42.039+0000][1][safepoint    ] Safepoint "RevokeBias", Time since last: 330221514 ns, Reaching safepoint: 89998 ns, At safepoint: 25038 ns, Total: 115036 ns
[2020-09-11T18:54:42.039+0000][1][safepoint    ] Safepoint "RevokeBias", Time since last: 92489 ns, Reaching safepoint: 63131 ns, At safepoint: 18858 ns, Total: 81989 ns
[2020-09-11T18:54:42.040+0000][1][safepoint    ] Safepoint "RevokeBias", Time since last: 475491 ns, Reaching safepoint: 69448 ns, At safepoint: 18076 ns, Total: 87524 ns
[2020-09-11T18:54:42.040+0000][1][safepoint    ] Safepoint "RevokeBias", Time since last: 49909 ns, Reaching safepoint: 50540 ns, At safepoint: 14621 ns, Total: 65161 ns
[2020-09-11T18:54:43.040+0000][1][safepoint    ] Safepoint "Cleanup", Time since last: 1000095697 ns, Reaching safepoint: 98064 ns, At safepoint: 9307 ns, Total: 107371 ns
[2020-09-11T18:54:44.040+0000][1][safepoint    ] Safepoint "Cleanup", Time since last: 1000111680 ns, Reaching safepoint: 95135 ns, At safepoint: 9586 ns, Total: 104721 ns
[2020-09-11T18:54:45.041+0000][1][safepoint    ] Safepoint "Cleanup", Time since last: 1000116008 ns, Reaching safepoint: 84249 ns, At safepoint: 8321 ns, Total: 92570 ns
[2020-09-11T18:54:46.041+0000][1][safepoint    ] Safepoint "Cleanup", Time since last: 1000111977 ns, Reaching safepoint: 94254 ns, At safepoint: 9418 ns, Total: 103672 ns
[2020-09-11T18:54:46.574+0000][1][safepoint    ] Safepoint "RevokeBias", Time since last: 533042619 ns, Reaching safepoint: 86320 ns, At safepoint: 22478 ns, Total: 108798 ns
[2020-09-11T18:54:47.574+0000][1][safepoint    ] Safepoint "Cleanup", Time since last: 1000109213 ns, Reaching safepoint: 83614 ns, At safepoint: 9408 ns, Total: 93022 ns
[2020-09-11T18:54:48.574+0000][1][safepoint    ] Safepoint "Cleanup", Time since last: 1000117758 ns, Reaching safepoint: 130758 ns, At safepoint: 10629 ns, Total: 141387 ns
[2020-09-11T18:54:48.645+0000][1][safepoint    ] Safepoint "RevokeBias", Time since last: 70601311 ns, Reaching safepoint: 90285 ns, At safepoint: 26094 ns, Total: 116379 ns
[2020-09-11T18:54:49.645+0000][1][safepoint    ] Safepoint "Cleanup", Time since last: 1000113240 ns, Reaching safepoint: 85378 ns, At safepoint: 9422 ns, Total: 94800 ns
[2020-09-11T18:54:50.646+0000][1][safepoint    ] Safepoint "Cleanup", Time since last: 1000113463 ns, Reaching safepoint: 102375 ns, At safepoint: 9689 ns, Total: 112064 ns
[2020-09-11T18:54:50.794+0000][1][safepoint    ] Safepoint "RevokeBias", Time since last: 148202319 ns, Reaching safepoint: 169368 ns, At safepoint: 40896 ns, Total: 210264 ns
[2020-09-11T18:54:51.794+0000][1][safepoint    ] Safepoint "Cleanup", Time since last: 1000106265 ns, Reaching safepoint: 83787 ns, At safepoint: 9359 ns, Total: 93146 ns
[2020-09-11T18:54:52.794+0000][1][safepoint    ] Safepoint "Cleanup", Time since last: 1000113819 ns, Reaching safepoint: 97212 ns, At safepoint: 9071 ns, Total: 106283 ns
[2020-09-11T18:54:53.320+0000][1][gc,start     ] GC(259) Pause Young (Allocation Failure)
[2020-09-11T18:54:53.320+0000][1][gc,task      ] GC(259) Using 1 workers of 1 for evacuation
[2020-09-11T18:54:53.331+0000][1][gc,age       ] GC(259) Desired survivor size 4358144 bytes, new threshold 6 (max threshold 6)
[2020-09-11T18:54:53.331+0000][1][gc,age       ] GC(259) Age table with threshold 6 (max threshold 6)
[2020-09-11T18:54:53.331+0000][1][gc,age       ] GC(259) - age   1:     297000 bytes,     297000 total
[2020-09-11T18:54:53.331+0000][1][gc,heap      ] GC(259) ParNew: 76424K->2039K(76672K)
[2020-09-11T18:54:53.331+0000][1][gc,heap      ] GC(259) CMS: 132962K->140097K(439104K)
[2020-09-11T18:54:53.331+0000][1][gc,metaspace ] GC(259) Metaspace: 96124K->96124K(1138688K)
[2020-09-11T18:54:53.331+0000][1][gc           ] GC(259) Pause Young (Allocation Failure) 204M->138M(503M) 11.019ms
[2020-09-11T18:54:53.331+0000][1][gc,cpu       ] GC(259) User=0.01s Sys=0.00s Real=0.01s
[2020-09-11T18:54:53.333+0000][1][safepoint    ] Safepoint "GenCollectForAllocation", Time since last: 525159788 ns, Reaching safepoint: 97273 ns, At safepoint: 13094761 ns, Total: 13192034 ns
[2020-09-11T18:54:54.347+0000][1][safepoint    ] Safepoint "Cleanup", Time since last: 1014254821 ns, Reaching safepoint: 90823 ns, At safepoint: 9935 ns, Total: 100758 ns
[2020-09-11T18:54:55.347+0000][1][safepoint    ] Safepoint "Cleanup", Time since last: 1000112251 ns, Reaching safepoint: 85941 ns, At safepoint: 9240 ns, Total: 95181 ns
[2020-09-11T18:54:56.348+0000][1][safepoint    ] Safepoint "Cleanup", Time since last: 1000120738 ns, Reaching safepoint: 83489 ns, At safepoint: 9651 ns, Total: 93140 ns
[2020-09-11T18:54:56.577+0000][1][safepoint    ] Safepoint "RevokeBias", Time since last: 228891556 ns, Reaching safepoint: 91275 ns, At safepoint: 26205 ns, Total: 117480 ns
[2020-09-11T18:54:57.577+0000][1][safepoint    ] Safepoint "Cleanup", Time since last: 1000113476 ns, Reaching safepoint: 121680 ns, At safepoint: 9868 ns, Total: 131548 ns
[2020-09-11T18:54:58.582+0000][1][safepoint    ] Safepoint "Cleanup", Time since last: 1004792389 ns, Reaching safepoint: 124256 ns, At safepoint: 8488 ns, Total: 132744 ns
[2020-09-11T18:54:58.684+0000][1][safepoint    ] Safepoint "RevokeBias", Time since last: 101620434 ns, Reaching safepoint: 196229 ns, At safepoint: 23979 ns, Total: 220208 ns
[2020-09-11T18:54:59.684+0000][1][safepoint    ] Safepoint "Cleanup", Time since last: 1000109712 ns, Reaching safepoint: 84170 ns, At safepoint: 9473 ns, Total: 93643 ns
[2020-09-11T18:55:00.684+0000][1][safepoint    ] Safepoint "Cleanup", Time since last: 1000112708 ns, Reaching safepoint: 89101 ns, At safepoint: 8942 ns, Total: 98043 ns
[2020-09-11T18:55:00.788+0000][1][safepoint    ] Safepoint "RevokeBias", Time since last: 103288942 ns, Reaching safepoint: 169511 ns, At safepoint: 26966 ns, Total: 196477 ns
[2020-09-11T18:55:01.788+0000][1][safepoint    ] Safepoint "Cleanup", Time since last: 1000107949 ns, Reaching safepoint: 83982 ns, At safepoint: 9687 ns, Total: 93669 ns
[2020-09-11T18:55:02.788+0000][1][safepoint    ] Safepoint "Cleanup", Time since last: 1000114419 ns, Reaching safepoint: 90789 ns, At safepoint: 9294 ns, Total: 100083 ns
[2020-09-11T18:55:03.789+0000][1][safepoint    ] Safepoint "Cleanup", Time since last: 1000555587 ns, Reaching safepoint: 132953 ns, At safepoint: 8300 ns, Total: 141253 ns
[2020-09-11T18:55:04.789+0000][1][safepoint    ] Safepoint "Cleanup", Time since last: 1000130426 ns, Reaching safepoint: 81506 ns, At safepoint: 7864 ns, Total: 89370 ns
[2020-09-11T18:55:05.789+0000][1][safepoint    ] Safepoint "Cleanup", Time since last: 1000113772 ns, Reaching safepoint: 81147 ns, At safepoint: 8969 ns, Total: 90116 ns
[2020-09-11T18:55:06.549+0000][1][gc,start     ] GC(260) Pause Young (Allocation Failure)
[2020-09-11T18:55:06.549+0000][1][gc,task      ] GC(260) Using 1 workers of 1 for evacuation
[2020-09-11T18:55:06.557+0000][1][gc,age       ] GC(260) Desired survivor size 4358144 bytes, new threshold 6 (max threshold 6)
[2020-09-11T18:55:06.557+0000][1][gc,age       ] GC(260) Age table with threshold 6 (max threshold 6)
[2020-09-11T18:55:06.557+0000][1][gc,age       ] GC(260) - age   1:     131384 bytes,     131384 total
[2020-09-11T18:55:06.557+0000][1][gc,age       ] GC(260) - age   2:     248448 bytes,     379832 total
[2020-09-11T18:55:06.557+0000][1][gc,heap      ] GC(260) ParNew: 70199K->564K(76672K)
[2020-09-11T18:55:06.557+0000][1][gc,heap      ] GC(260) CMS: 140097K->140097K(439104K)
[2020-09-11T18:55:06.557+0000][1][gc,metaspace ] GC(260) Metaspace: 96139K->96139K(1138688K)
[2020-09-11T18:55:06.557+0000][1][gc           ] GC(260) Pause Young (Allocation Failure) 205M->137M(503M) 7.751ms
[2020-09-11T18:55:06.557+0000][1][gc,cpu       ] GC(260) User=0.00s Sys=0.00s Real=0.01s
[2020-09-11T18:55:06.557+0000][1][safepoint    ] Safepoint "GenCollectForAllocation", Time since last: 756050404 ns, Reaching safepoint: 3758394 ns, At safepoint: 7836421 ns, Total: 11594815 ns
[2020-09-11T18:55:06.598+0000][1][safepoint    ] Safepoint "RevokeBias", Time since last: 41154550 ns, Reaching safepoint: 89773 ns, At safepoint: 38743 ns, Total: 128516 ns
[2020-09-11T18:55:07.599+0000][1][safepoint    ] Safepoint "Cleanup", Time since last: 1000677615 ns, Reaching safepoint: 84615 ns, At safepoint: 23296 ns, Total: 107911 ns
[2020-09-11T18:55:08.482+0000][1][safepoint    ] Safepoint "RevokeBias", Time since last: 883405007 ns, Reaching safepoint: 87469 ns, At safepoint: 39569 ns, Total: 127038 ns
[2020-09-11T18:55:08.482+0000][1][safepoint    ] Safepoint "RevokeBias", Time since last: 58686 ns, Reaching safepoint: 64690 ns, At safepoint: 32334 ns, Total: 97024 ns
[2020-09-11T18:55:08.483+0000][1][safepoint    ] Safepoint "RevokeBias", Time since last: 44140 ns, Reaching safepoint: 48263 ns, At safepoint: 23160 ns, Total: 71423 ns
[2020-09-11T18:55:08.483+0000][1][safepoint    ] Safepoint "RevokeBias", Time since last: 28564 ns, Reaching safepoint: 42625 ns, At safepoint: 21432 ns, Total: 64057 ns
[2020-09-11T18:55:08.483+0000][1][safepoint    ] Safepoint "RevokeBias", Time since last: 26616 ns, Reaching safepoint: 39064 ns, At safepoint: 20149 ns, Total: 59213 ns
[2020-09-11T18:55:08.483+0000][1][safepoint    ] Safepoint "RevokeBias", Time since last: 25735 ns, Reaching safepoint: 38029 ns, At safepoint: 19747 ns, Total: 57776 ns
[2020-09-11T18:55:08.483+0000][1][safepoint    ] Safepoint "RevokeBias", Time since last: 24993 ns, Reaching safepoint: 37076 ns, At safepoint: 19367 ns, Total: 56443 ns
[2020-09-11T18:55:08.483+0000][1][safepoint    ] Safepoint "RevokeBias", Time since last: 24660 ns, Reaching safepoint: 35305 ns, At safepoint: 18564 ns, Total: 53869 ns
[2020-09-11T18:55:08.483+0000][1][safepoint    ] Safepoint "RevokeBias", Time since last: 24748 ns, Reaching safepoint: 33900 ns, At safepoint: 19054 ns, Total: 52954 ns
[2020-09-11T18:55:08.483+0000][1][safepoint    ] Safepoint "RevokeBias", Time since last: 24320 ns, Reaching safepoint: 34116 ns, At safepoint: 18001 ns, Total: 52117 ns
[2020-09-11T18:55:08.639+0000][1][safepoint    ] Safepoint "RevokeBias", Time since last: 156179323 ns, Reaching safepoint: 96995 ns, At safepoint: 26417 ns, Total: 123412 ns
[2020-09-11T18:55:09.640+0000][1][safepoint    ] Safepoint "Cleanup", Time since last: 1000113587 ns, Reaching safepoint: 79048 ns, At safepoint: 8698 ns, Total: 87746 ns
[2020-09-11T18:55:10.640+0000][1][safepoint    ] Safepoint "Cleanup", Time since last: 1000105404 ns, Reaching safepoint: 79076 ns, At safepoint: 8726 ns, Total: 87802 ns
[2020-09-11T18:55:10.757+0000][1][safepoint    ] Safepoint "RevokeBias", Time since last: 116932475 ns, Reaching safepoint: 166245 ns, At safepoint: 26618 ns, Total: 192863 ns
[2020-09-11T18:55:11.757+0000][1][safepoint    ] Safepoint "Cleanup", Time since last: 1000103805 ns, Reaching safepoint: 80695 ns, At safepoint: 7782 ns, Total: 88477 ns
[2020-09-11T18:55:12.757+0000][1][safepoint    ] Safepoint "Cleanup", Time since last: 1000110435 ns, Reaching safepoint: 82909 ns, At safepoint: 9213 ns, Total: 92122 ns
[2020-09-11T18:55:13.758+0000][1][safepoint    ] Safepoint "Cleanup", Time since last: 1000112955 ns, Reaching safepoint: 83429 ns, At safepoint: 9465 ns, Total: 92894 ns
[2020-09-11T18:55:14.833+0000][1][safepoint    ] Safepoint "Cleanup", Time since last: 1075262702 ns, Reaching safepoint: 91659 ns, At safepoint: 9846 ns, Total: 101505 ns
[2020-09-11T18:55:15.833+0000][1][safepoint    ] Safepoint "Cleanup", Time since last: 1000116648 ns, Reaching safepoint: 83403 ns, At safepoint: 9608 ns, Total: 93011 ns
[2020-09-11T18:55:16.545+0000][1][safepoint    ] Safepoint "RevokeBias", Time since last: 712107449 ns, Reaching safepoint: 87474 ns, At safepoint: 27252 ns, Total: 114726 ns
[2020-09-11T18:55:17.546+0000][1][safepoint    ] Safepoint "Cleanup", Time since last: 1000121390 ns, Reaching safepoint: 84093 ns, At safepoint: 9518 ns, Total: 93611 ns
[2020-09-11T18:55:18.550+0000][1][safepoint    ] Safepoint "Cleanup", Time since last: 1003191284 ns, Reaching safepoint: 874871 ns, At safepoint: 12201 ns, Total: 887072 ns
[2020-09-11T18:55:18.627+0000][1][safepoint    ] Safepoint "RevokeBias", Time since last: 77426399 ns, Reaching safepoint: 91452 ns, At safepoint: 27202 ns, Total: 118654 ns
[2020-09-11T18:55:19.627+0000][1][safepoint    ] Safepoint "Cleanup", Time since last: 1000105783 ns, Reaching safepoint: 82346 ns, At safepoint: 7859 ns, Total: 90205 ns
[2020-09-11T18:55:20.628+0000][1][safepoint    ] Safepoint "Cleanup", Time since last: 1000107217 ns, Reaching safepoint: 82998 ns, At safepoint: 8318 ns, Total: 91316 ns
[2020-09-11T18:55:20.762+0000][1][safepoint    ] Safepoint "RevokeBias", Time since last: 134682081 ns, Reaching safepoint: 174253 ns, At safepoint: 28256 ns, Total: 202509 ns
[2020-09-11T18:55:21.763+0000][1][safepoint    ] Safepoint "Cleanup", Time since last: 1000110122 ns, Reaching safepoint: 113471 ns, At safepoint: 10892 ns, Total: 124363 ns
[2020-09-11T18:55:22.763+0000][1][safepoint    ] Safepoint "Cleanup", Time since last: 1000121890 ns, Reaching safepoint: 94587 ns, At safepoint: 10200 ns, Total: 104787 ns
[2020-09-11T18:55:23.763+0000][1][safepoint    ] Safepoint "Cleanup", Time since last: 1000113821 ns, Reaching safepoint: 85868 ns, At safepoint: 8854 ns, Total: 94722 ns
[2020-09-11T18:55:24.763+0000][1][safepoint    ] Safepoint "Cleanup", Time since last: 1000117284 ns, Reaching safepoint: 87035 ns, At safepoint: 8812 ns, Total: 95847 ns
[2020-09-11T18:55:25.764+0000][1][safepoint    ] Safepoint "Cleanup", Time since last: 1000117909 ns, Reaching safepoint: 80503 ns, At safepoint: 9670 ns, Total: 90173 ns
[2020-09-11T18:55:26.552+0000][1][safepoint    ] Safepoint "BulkRevokeBias", Time since last: 787658587 ns, Reaching safepoint: 91552 ns, At safepoint: 258163 ns, Total: 349715 ns
[2020-09-11T18:55:26.669+0000][1][gc,start     ] GC(261) Pause Young (Allocation Failure)
[2020-09-11T18:55:26.669+0000][1][gc,task      ] GC(261) Using 1 workers of 1 for evacuation
[2020-09-11T18:55:26.679+0000][1][gc,age       ] GC(261) Desired survivor size 4358144 bytes, new threshold 6 (max threshold 6)
[2020-09-11T18:55:26.679+0000][1][gc,age       ] GC(261) Age table with threshold 6 (max threshold 6)
[2020-09-11T18:55:26.679+0000][1][gc,age       ] GC(261) - age   1:     140464 bytes,     140464 total
[2020-09-11T18:55:26.679+0000][1][gc,age       ] GC(261) - age   2:      57328 bytes,     197792 total
[2020-09-11T18:55:26.679+0000][1][gc,age       ] GC(261) - age   3:     243904 bytes,     441696 total
[2020-09-11T18:55:26.679+0000][1][gc,heap      ] GC(261) ParNew: 68724K->838K(76672K)
[2020-09-11T18:55:26.679+0000][1][gc,heap      ] GC(261) CMS: 140097K->140097K(439104K)
[2020-09-11T18:55:26.679+0000][1][gc,metaspace ] GC(261) Metaspace: 96160K->96160K(1138688K)
[2020-09-11T18:55:26.679+0000][1][gc           ] GC(261) Pause Young (Allocation Failure) 203M->137M(503M) 9.806ms
[2020-09-11T18:55:26.679+0000][1][gc,cpu       ] GC(261) User=0.01s Sys=0.00s Real=0.01s
[2020-09-11T18:55:26.679+0000][1][safepoint    ] Safepoint "GenCollectForAllocation", Time since last: 117477635 ns, Reaching safepoint: 79263 ns, At safepoint: 9879057 ns, Total: 9958320 ns
[2020-09-11T18:55:27.687+0000][1][safepoint    ] Safepoint "Cleanup", Time since last: 1008169404 ns, Reaching safepoint: 85540 ns, At safepoint: 23095 ns, Total: 108635 ns
[2020-09-11T18:55:28.687+0000][1][safepoint    ] Safepoint "Cleanup", Time since last: 1000111165 ns, Reaching safepoint: 80608 ns, At safepoint: 7353 ns, Total: 87961 ns
[2020-09-11T18:55:28.694+0000][1][safepoint    ] Safepoint "RevokeBias", Time since last: 6508531 ns, Reaching safepoint: 90218 ns, At safepoint: 26530 ns, Total: 116748 ns
[2020-09-11T18:55:29.694+0000][1][safepoint    ] Safepoint "Cleanup", Time since last: 1000109601 ns, Reaching safepoint: 83480 ns, At safepoint: 9222 ns, Total: 92702 ns
[2020-09-11T18:55:30.695+0000][1][safepoint    ] Safepoint "Cleanup", Time since last: 1000130228 ns, Reaching safepoint: 81772 ns, At safepoint: 8719 ns, Total: 90491 ns
[2020-09-11T18:55:30.801+0000][1][safepoint    ] Safepoint "RevokeBias", Time since last: 105972502 ns, Reaching safepoint: 166424 ns, At safepoint: 27643 ns, Total: 194067 ns
[2020-09-11T18:55:31.801+0000][1][safepoint    ] Safepoint "Cleanup", Time since last: 1000135501 ns, Reaching safepoint: 86571 ns, At safepoint: 8536 ns, Total: 95107 ns
[2020-09-11T18:55:32.801+0000][1][safepoint    ] Safepoint "Cleanup", Time since last: 1000111301 ns, Reaching safepoint: 84147 ns, At safepoint: 9128 ns, Total: 93275 ns
[2020-09-11T18:55:33.801+0000][1][safepoint    ] Safepoint "Cleanup", Time since last: 1000112541 ns, Reaching safepoint: 83494 ns, At safepoint: 9648 ns, Total: 93142 ns
[2020-09-11T18:55:34.802+0000][1][safepoint    ] Safepoint "Cleanup", Time since last: 1000112770 ns, Reaching safepoint: 90679 ns, At safepoint: 9933 ns, Total: 100612 ns
[2020-09-11T18:55:35.802+0000][1][safepoint    ] Safepoint "Cleanup", Time since last: 1000120498 ns, Reaching safepoint: 82954 ns, At safepoint: 9611 ns, Total: 92565 ns
[2020-09-11T18:55:36.580+0000][1][safepoint    ] Safepoint "RevokeBias", Time since last: 778130282 ns, Reaching safepoint: 91598 ns, At safepoint: 26492 ns, Total: 118090 ns
[2020-09-11T18:55:37.580+0000][1][safepoint    ] Safepoint "Cleanup", Time since last: 1000113077 ns, Reaching safepoint: 84214 ns, At safepoint: 9787 ns, Total: 94001 ns
[2020-09-11T18:55:38.580+0000][1][safepoint    ] Safepoint "Cleanup", Time since last: 1000119030 ns, Reaching safepoint: 129793 ns, At safepoint: 8339 ns, Total: 138132 ns
[2020-09-11T18:55:38.612+0000][1][safepoint    ] Safepoint "RevokeBias", Time since last: 31507273 ns, Reaching safepoint: 87387 ns, At safepoint: 25380 ns, Total: 112767 ns
[2020-09-11T18:55:39.612+0000][1][safepoint    ] Safepoint "Cleanup", Time since last: 1000112176 ns, Reaching safepoint: 83266 ns, At safepoint: 9762 ns, Total: 93028 ns
[2020-09-11T18:55:40.613+0000][1][safepoint    ] Safepoint "Cleanup", Time since last: 1000112088 ns, Reaching safepoint: 88905 ns, At safepoint: 9035 ns, Total: 97940 ns
[2020-09-11T18:55:40.781+0000][1][safepoint    ] Safepoint "RevokeBias", Time since last: 168265153 ns, Reaching safepoint: 172311 ns, At safepoint: 27470 ns, Total: 199781 ns
[2020-09-11T18:55:41.781+0000][1][safepoint    ] Safepoint "Cleanup", Time since last: 1000109502 ns, Reaching safepoint: 91538 ns, At safepoint: 18876 ns, Total: 110414 ns
[2020-09-11T18:55:42.781+0000][1][safepoint    ] Safepoint "Cleanup", Time since last: 1000111400 ns, Reaching safepoint: 85493 ns, At safepoint: 8947 ns, Total: 94440 ns
[2020-09-11T18:55:43.782+0000][1][safepoint    ] Safepoint "Cleanup", Time since last: 1000111765 ns, Reaching safepoint: 85915 ns, At safepoint: 8262 ns, Total: 94177 ns
[2020-09-11T18:55:44.782+0000][1][safepoint    ] Safepoint "Cleanup", Time since last: 1000112704 ns, Reaching safepoint: 89272 ns, At safepoint: 9592 ns, Total: 98864 ns
[2020-09-11T18:55:45.782+0000][1][safepoint    ] Safepoint "Cleanup", Time since last: 1000116780 ns, Reaching safepoint: 90097 ns, At safepoint: 10253 ns, Total: 100350 ns
[2020-09-11T18:55:46.527+0000][1][gc,start     ] GC(262) Pause Young (Allocation Failure)
[2020-09-11T18:55:46.527+0000][1][gc,task      ] GC(262) Using 1 workers of 1 for evacuation
[2020-09-11T18:55:46.539+0000][1][gc,age       ] GC(262) Desired survivor size 4358144 bytes, new threshold 6 (max threshold 6)
[2020-09-11T18:55:46.539+0000][1][gc,age       ] GC(262) Age table with threshold 6 (max threshold 6)
[2020-09-11T18:55:46.539+0000][1][gc,age       ] GC(262) - age   1:     156904 bytes,     156904 total
[2020-09-11T18:55:46.539+0000][1][gc,age       ] GC(262) - age   2:      87896 bytes,     244800 total
[2020-09-11T18:55:46.539+0000][1][gc,age       ] GC(262) - age   3:      54328 bytes,     299128 total
[2020-09-11T18:55:46.539+0000][1][gc,age       ] GC(262) - age   4:     243904 bytes,     543032 total
[2020-09-11T18:55:46.539+0000][1][gc,heap      ] GC(262) ParNew: 68998K->570K(76672K)
[2020-09-11T18:55:46.539+0000][1][gc,heap      ] GC(262) CMS: 140097K->140097K(439104K)
[2020-09-11T18:55:46.539+0000][1][gc,metaspace ] GC(262) Metaspace: 96162K->96162K(1138688K)
[2020-09-11T18:55:46.539+0000][1][gc           ] GC(262) Pause Young (Allocation Failure) 204M->137M(503M) 11.683ms
[2020-09-11T18:55:46.539+0000][1][gc,cpu       ] GC(262) User=0.01s Sys=0.00s Real=0.01s
[2020-09-11T18:55:46.540+0000][1][safepoint    ] Safepoint "GenCollectForAllocation", Time since last: 744716060 ns, Reaching safepoint: 563757 ns, At safepoint: 12500856 ns, Total: 13064613 ns
[2020-09-11T18:55:46.606+0000][1][safepoint    ] Safepoint "RevokeBias", Time since last: 66420734 ns, Reaching safepoint: 97679 ns, At safepoint: 26283 ns, Total: 123962 ns
[2020-09-11T18:55:47.607+0000][1][safepoint    ] Safepoint "Cleanup", Time since last: 1000108531 ns, Reaching safepoint: 83666 ns, At safepoint: 8452 ns, Total: 92118 ns
[2020-09-11T18:55:48.607+0000][1][safepoint    ] Safepoint "Cleanup", Time since last: 1000112733 ns, Reaching safepoint: 89937 ns, At safepoint: 8488 ns, Total: 98425 ns
[2020-09-11T18:55:48.639+0000][1][safepoint    ] Safepoint "RevokeBias", Time since last: 31911547 ns, Reaching safepoint: 91843 ns, At safepoint: 25603 ns, Total: 117446 ns
[2020-09-11T18:55:49.639+0000][1][safepoint    ] Safepoint "Cleanup", Time since last: 1000105113 ns, Reaching safepoint: 84016 ns, At safepoint: 9092 ns, Total: 93108 ns
[2020-09-11T18:55:50.639+0000][1][safepoint    ] Safepoint "Cleanup", Time since last: 1000109564 ns, Reaching safepoint: 81456 ns, At safepoint: 8668 ns, Total: 90124 ns
[2020-09-11T18:55:50.758+0000][1][safepoint    ] Safepoint "RevokeBias", Time since last: 118732031 ns, Reaching safepoint: 169746 ns, At safepoint: 27391 ns, Total: 197137 ns
[2020-09-11T18:55:51.758+0000][1][safepoint    ] Safepoint "Cleanup", Time since last: 1000111577 ns, Reaching safepoint: 100394 ns, At safepoint: 8740 ns, Total: 109134 ns
[2020-09-11T18:55:52.759+0000][1][safepoint    ] Safepoint "Cleanup", Time since last: 1000110100 ns, Reaching safepoint: 162481 ns, At safepoint: 12834 ns, Total: 175315 ns
[2020-09-11T18:55:53.759+0000][1][safepoint    ] Safepoint "Cleanup", Time since last: 1000129930 ns, Reaching safepoint: 101577 ns, At safepoint: 10642 ns, Total: 112219 ns
[2020-09-11T18:55:54.759+0000][1][safepoint    ] Safepoint "Cleanup", Time since last: 1000118574 ns, Reaching safepoint: 83673 ns, At safepoint: 9349 ns, Total: 93022 ns
[2020-09-11T18:55:55.767+0000][1][safepoint    ] Safepoint "Cleanup", Time since last: 1007799292 ns, Reaching safepoint: 91827 ns, At safepoint: 9376 ns, Total: 101203 ns
[2020-09-11T18:55:56.604+0000][1][safepoint    ] Safepoint "RevokeBias", Time since last: 836848766 ns, Reaching safepoint: 103638 ns, At safepoint: 25276 ns, Total: 128914 ns
[2020-09-11T18:55:57.604+0000][1][safepoint    ] Safepoint "Cleanup", Time since last: 1000111510 ns, Reaching safepoint: 87998 ns, At safepoint: 9381 ns, Total: 97379 ns
[2020-09-11T18:55:58.604+0000][1][safepoint    ] Safepoint "Cleanup", Time since last: 1000118225 ns, Reaching safepoint: 129180 ns, At safepoint: 10848 ns, Total: 140028 ns
[2020-09-11T18:55:58.637+0000][1][safepoint    ] Safepoint "RevokeBias", Time since last: 32736671 ns, Reaching safepoint: 92692 ns, At safepoint: 26892 ns, Total: 119584 ns
[2020-09-11T18:55:59.638+0000][1][safepoint    ] Safepoint "Cleanup", Time since last: 1000111996 ns, Reaching safepoint: 82402 ns, At safepoint: 8765 ns, Total: 91167 ns
[2020-09-11T18:56:00.638+0000][1][safepoint    ] Safepoint "Cleanup", Time since last: 1000114660 ns, Reaching safepoint: 81898 ns, At safepoint: 9152 ns, Total: 91050 ns
[2020-09-11T18:56:00.758+0000][1][safepoint    ] Safepoint "RevokeBias", Time since last: 120125854 ns, Reaching safepoint: 90349 ns, At safepoint: 57150 ns, Total: 147499 ns
[2020-09-11T18:56:01.717+0000][1][gc,start     ] GC(263) Pause Young (Allocation Failure)
[2020-09-11T18:56:01.717+0000][1][gc,task      ] GC(263) Using 1 workers of 1 for evacuation
[2020-09-11T18:56:01.726+0000][1][gc,age       ] GC(263) Desired survivor size 4358144 bytes, new threshold 6 (max threshold 6)
[2020-09-11T18:56:01.726+0000][1][gc,age       ] GC(263) Age table with threshold 6 (max threshold 6)
[2020-09-11T18:56:01.726+0000][1][gc,age       ] GC(263) - age   1:      99904 bytes,      99904 total
[2020-09-11T18:56:01.726+0000][1][gc,age       ] GC(263) - age   2:      78624 bytes,     178528 total
[2020-09-11T18:56:01.726+0000][1][gc,age       ] GC(263) - age   3:      85840 bytes,     264368 total
[2020-09-11T18:56:01.726+0000][1][gc,age       ] GC(263) - age   4:      54232 bytes,     318600 total
[2020-09-11T18:56:01.726+0000][1][gc,age       ] GC(263) - age   5:     235288 bytes,     553888 total
[2020-09-11T18:56:01.726+0000][1][gc,heap      ] GC(263) ParNew: 68730K->872K(76672K)
[2020-09-11T18:56:01.726+0000][1][gc,heap      ] GC(263) CMS: 140097K->140097K(439104K)
[2020-09-11T18:56:01.726+0000][1][gc,metaspace ] GC(263) Metaspace: 96163K->96163K(1138688K)
[2020-09-11T18:56:01.726+0000][1][gc           ] GC(263) Pause Young (Allocation Failure) 203M->137M(503M) 9.288ms
[2020-09-11T18:56:01.726+0000][1][gc,cpu       ] GC(263) User=0.01s Sys=0.00s Real=0.01s
[2020-09-11T18:56:01.728+0000][1][safepoint    ] Safepoint "GenCollectForAllocation", Time since last: 958031988 ns, Reaching safepoint: 812909 ns, At safepoint: 11009400 ns, Total: 11822309 ns
[2020-09-11T18:56:02.734+0000][1][safepoint    ] Safepoint "Cleanup", Time since last: 1006170382 ns, Reaching safepoint: 76687 ns, At safepoint: 18033 ns, Total: 94720 ns
[2020-09-11T18:56:03.734+0000][1][safepoint    ] Safepoint "Cleanup", Time since last: 1000137703 ns, Reaching safepoint: 77658 ns, At safepoint: 18114 ns, Total: 95772 ns
[2020-09-11T18:56:04.735+0000][1][safepoint    ] Safepoint "Cleanup", Time since last: 1000106997 ns, Reaching safepoint: 77577 ns, At safepoint: 7415 ns, Total: 84992 ns
[2020-09-11T18:56:05.735+0000][1][safepoint    ] Safepoint "Cleanup", Time since last: 1000104177 ns, Reaching safepoint: 77319 ns, At safepoint: 6824 ns, Total: 84143 ns
[2020-09-11T18:56:06.555+0000][1][safepoint    ] Safepoint "RevokeBias", Time since last: 819790213 ns, Reaching safepoint: 91394 ns, At safepoint: 27230 ns, Total: 118624 ns
[2020-09-11T18:56:07.555+0000][1][safepoint    ] Safepoint "Cleanup", Time since last: 1000113425 ns, Reaching safepoint: 93086 ns, At safepoint: 9412 ns, Total: 102498 ns
[2020-09-11T18:56:08.555+0000][1][safepoint    ] Safepoint "Cleanup", Time since last: 1000121698 ns, Reaching safepoint: 87113 ns, At safepoint: 9973 ns, Total: 97086 ns
[2020-09-11T18:56:08.706+0000][1][safepoint    ] Safepoint "RevokeBias", Time since last: 151002803 ns, Reaching safepoint: 84009 ns, At safepoint: 23612 ns, Total: 107621 ns
[2020-09-11T18:56:09.706+0000][1][safepoint    ] Safepoint "Cleanup", Time since last: 1000115213 ns, Reaching safepoint: 82553 ns, At safepoint: 9381 ns, Total: 91934 ns
[2020-09-11T18:56:10.707+0000][1][safepoint    ] Safepoint "Cleanup", Time since last: 1000114233 ns, Reaching safepoint: 81762 ns, At safepoint: 9173 ns, Total: 90935 ns
[2020-09-11T18:56:10.761+0000][1][safepoint    ] Safepoint "RevokeBias", Time since last: 54299082 ns, Reaching safepoint: 91480 ns, At safepoint: 27460 ns, Total: 118940 ns
[2020-09-11T18:56:11.761+0000][1][safepoint    ] Safepoint "Cleanup", Time since last: 1000107460 ns, Reaching safepoint: 82424 ns, At safepoint: 8794 ns, Total: 91218 ns
[2020-09-11T18:56:12.761+0000][1][safepoint    ] Safepoint "Cleanup", Time since last: 1000111729 ns, Reaching safepoint: 83836 ns, At safepoint: 8208 ns, Total: 92044 ns
[2020-09-11T18:56:13.762+0000][1][safepoint    ] Safepoint "Cleanup", Time since last: 1000109773 ns, Reaching safepoint: 82708 ns, At safepoint: 8695 ns, Total: 91403 ns
[2020-09-11T18:56:14.762+0000][1][safepoint    ] Safepoint "Cleanup", Time since last: 1000113761 ns, Reaching safepoint: 82903 ns, At safepoint: 9742 ns, Total: 92645 ns
[2020-09-11T18:56:15.762+0000][1][safepoint    ] Safepoint "Cleanup", Time since last: 1000131582 ns, Reaching safepoint: 90207 ns, At safepoint: 9545 ns, Total: 99752 ns
[2020-09-11T18:56:16.544+0000][1][safepoint    ] Safepoint "RevokeBias", Time since last: 782285789 ns, Reaching safepoint: 91904 ns, At safepoint: 25076 ns, Total: 116980 ns
[2020-09-11T18:56:17.545+0000][1][safepoint    ] Safepoint "Cleanup", Time since last: 1000108059 ns, Reaching safepoint: 83164 ns, At safepoint: 9836 ns, Total: 93000 ns
[2020-09-11T18:56:18.520+0000][1][gc,start     ] GC(264) Pause Young (Allocation Failure)
[2020-09-11T18:56:18.520+0000][1][gc,task      ] GC(264) Using 1 workers of 1 for evacuation
[2020-09-11T18:56:18.533+0000][1][gc,age       ] GC(264) Desired survivor size 4358144 bytes, new threshold 6 (max threshold 6)
[2020-09-11T18:56:18.533+0000][1][gc,age       ] GC(264) Age table with threshold 6 (max threshold 6)
[2020-09-11T18:56:18.533+0000][1][gc,age       ] GC(264) - age   1:     213880 bytes,     213880 total
[2020-09-11T18:56:18.533+0000][1][gc,age       ] GC(264) - age   2:      52256 bytes,     266136 total
[2020-09-11T18:56:18.533+0000][1][gc,age       ] GC(264) - age   3:      73736 bytes,     339872 total
[2020-09-11T18:56:18.533+0000][1][gc,age       ] GC(264) - age   4:      85568 bytes,     425440 total
[2020-09-11T18:56:18.533+0000][1][gc,age       ] GC(264) - age   5:      54040 bytes,     479480 total
[2020-09-11T18:56:18.533+0000][1][gc,age       ] GC(264) - age   6:     235288 bytes,     714768 total
[2020-09-11T18:56:18.533+0000][1][gc,heap      ] GC(264) ParNew: 69032K->1029K(76672K)
[2020-09-11T18:56:18.533+0000][1][gc,heap      ] GC(264) CMS: 140097K->140097K(439104K)
[2020-09-11T18:56:18.533+0000][1][gc,metaspace ] GC(264) Metaspace: 96176K->96176K(1138688K)
[2020-09-11T18:56:18.533+0000][1][gc           ] GC(264) Pause Young (Allocation Failure) 204M->137M(503M) 13.407ms
[2020-09-11T18:56:18.533+0000][1][gc,cpu       ] GC(264) User=0.01s Sys=0.00s Real=0.02s
[2020-09-11T18:56:18.533+0000][1][safepoint    ] Safepoint "GenCollectForAllocation", Time since last: 972847110 ns, Reaching safepoint: 2331228 ns, At safepoint: 13475853 ns, Total: 15807081 ns
[2020-09-11T18:56:18.656+0000][1][safepoint    ] Safepoint "RevokeBias", Time since last: 122410017 ns, Reaching safepoint: 89068 ns, At safepoint: 26526 ns, Total: 115594 ns
[2020-09-11T18:56:19.656+0000][1][safepoint    ] Safepoint "Cleanup", Time since last: 1000108987 ns, Reaching safepoint: 98376 ns, At safepoint: 18136 ns, Total: 116512 ns
[2020-09-11T18:56:20.656+0000][1][safepoint    ] Safepoint "Cleanup", Time since last: 1000124700 ns, Reaching safepoint: 80539 ns, At safepoint: 8820 ns, Total: 89359 ns
[2020-09-11T18:56:20.759+0000][1][safepoint    ] Safepoint "RevokeBias", Time since last: 102558266 ns, Reaching safepoint: 177946 ns, At safepoint: 27812 ns, Total: 205758 ns
[2020-09-11T18:56:21.759+0000][1][safepoint    ] Safepoint "Cleanup", Time since last: 1000108898 ns, Reaching safepoint: 84377 ns, At safepoint: 9225 ns, Total: 93602 ns
[2020-09-11T18:56:22.759+0000][1][safepoint    ] Safepoint "Cleanup", Time since last: 1000115230 ns, Reaching safepoint: 84323 ns, At safepoint: 9143 ns, Total: 93466 ns
[2020-09-11T18:56:23.760+0000][1][safepoint    ] Safepoint "Cleanup", Time since last: 1000127894 ns, Reaching safepoint: 82411 ns, At safepoint: 8216 ns, Total: 90627 ns
[2020-09-11T18:56:24.760+0000][1][safepoint    ] Safepoint "Cleanup", Time since last: 1000116773 ns, Reaching safepoint: 84998 ns, At safepoint: 8216 ns, Total: 93214 ns
[2020-09-11T18:56:25.760+0000][1][safepoint    ] Safepoint "Cleanup", Time since last: 1000111159 ns, Reaching safepoint: 110410 ns, At safepoint: 8743 ns, Total: 119153 ns
[2020-09-11T18:56:26.541+0000][1][safepoint    ] Safepoint "RevokeBias", Time since last: 778676278 ns, Reaching safepoint: 2115031 ns, At safepoint: 32441 ns, Total: 2147472 ns
[2020-09-11T18:56:27.541+0000][1][safepoint    ] Safepoint "Cleanup", Time since last: 1000106863 ns, Reaching safepoint: 88927 ns, At safepoint: 9819 ns, Total: 98746 ns
[2020-09-11T18:56:28.541+0000][1][safepoint    ] Safepoint "Cleanup", Time since last: 1000129709 ns, Reaching safepoint: 79122 ns, At safepoint: 7254 ns, Total: 86376 ns
[2020-09-11T18:56:28.741+0000][1][safepoint    ] Safepoint "RevokeBias", Time since last: 199850926 ns, Reaching safepoint: 91415 ns, At safepoint: 26710 ns, Total: 118125 ns
[2020-09-11T18:56:29.742+0000][1][safepoint    ] Safepoint "Cleanup", Time since last: 1000115525 ns, Reaching safepoint: 83063 ns, At safepoint: 9538 ns, Total: 92601 ns
[2020-09-11T18:56:30.742+0000][1][safepoint    ] Safepoint "Cleanup", Time since last: 1000114822 ns, Reaching safepoint: 80528 ns, At safepoint: 9252 ns, Total: 89780 ns
[2020-09-11T18:56:30.789+0000][1][safepoint    ] Safepoint "RevokeBias", Time since last: 47114281 ns, Reaching safepoint: 91328 ns, At safepoint: 26375 ns, Total: 117703 ns
[2020-09-11T18:56:31.789+0000][1][safepoint    ] Safepoint "Cleanup", Time since last: 1000111054 ns, Reaching safepoint: 84113 ns, At safepoint: 9397 ns, Total: 93510 ns
[2020-09-11T18:56:32.789+0000][1][safepoint    ] Safepoint "Cleanup", Time since last: 1000123367 ns, Reaching safepoint: 93885 ns, At safepoint: 9767 ns, Total: 103652 ns
[2020-09-11T18:56:33.790+0000][1][safepoint    ] Safepoint "Cleanup", Time since last: 1000115533 ns, Reaching safepoint: 85635 ns, At safepoint: 9460 ns, Total: 95095 ns
[2020-09-11T18:56:35.790+0000][1][safepoint    ] Safepoint "Cleanup", Time since last: 2000188956 ns, Reaching safepoint: 120278 ns, At safepoint: 10713 ns, Total: 130991 ns
[2020-09-11T18:56:36.539+0000][1][safepoint    ] Safepoint "RevokeBias", Time since last: 748925041 ns, Reaching safepoint: 89392 ns, At safepoint: 25007 ns, Total: 114399 ns
[2020-09-11T18:56:38.528+0000][1][gc,start     ] GC(265) Pause Young (Allocation Failure)
[2020-09-11T18:56:38.528+0000][1][gc,task      ] GC(265) Using 1 workers of 1 for evacuation
[2020-09-11T18:56:38.540+0000][1][gc,age       ] GC(265) Desired survivor size 4358144 bytes, new threshold 6 (max threshold 6)
[2020-09-11T18:56:38.540+0000][1][gc,age       ] GC(265) Age table with threshold 6 (max threshold 6)
[2020-09-11T18:56:38.540+0000][1][gc,age       ] GC(265) - age   1:     353600 bytes,     353600 total
[2020-09-11T18:56:38.540+0000][1][gc,age       ] GC(265) - age   2:     139648 bytes,     493248 total
[2020-09-11T18:56:38.540+0000][1][gc,age       ] GC(265) - age   3:      45568 bytes,     538816 total
[2020-09-11T18:56:38.540+0000][1][gc,age       ] GC(265) - age   4:      73736 bytes,     612552 total
[2020-09-11T18:56:38.540+0000][1][gc,age       ] GC(265) - age   5:      65376 bytes,     677928 total
[2020-09-11T18:56:38.540+0000][1][gc,age       ] GC(265) - age   6:      54040 bytes,     731968 total
[2020-09-11T18:56:38.540+0000][1][gc,heap      ] GC(265) ParNew: 69189K->1304K(76672K)
[2020-09-11T18:56:38.540+0000][1][gc,heap      ] GC(265) CMS: 140097K->140329K(439104K)
[2020-09-11T18:56:38.540+0000][1][gc,metaspace ] GC(265) Metaspace: 96217K->96217K(1138688K)
[2020-09-11T18:56:38.549+0000][1][gc           ] GC(265) Pause Young (Allocation Failure) 204M->138M(503M) 20.381ms
[2020-09-11T18:56:38.549+0000][1][gc,cpu       ] GC(265) User=0.01s Sys=0.00s Real=0.02s
[2020-09-11T18:56:38.549+0000][1][safepoint    ] Safepoint "GenCollectForAllocation", Time since last: 1989231619 ns, Reaching safepoint: 197561 ns, At safepoint: 20553163 ns, Total: 20750724 ns
[2020-09-11T18:56:38.670+0000][1][safepoint    ] Safepoint "RevokeBias", Time since last: 120487212 ns, Reaching safepoint: 90032 ns, At safepoint: 25315 ns, Total: 115347 ns
[2020-09-11T18:56:40.776+0000][1][safepoint    ] Safepoint "RevokeBias", Time since last: 2106653807 ns, Reaching safepoint: 93893 ns, At safepoint: 32055 ns, Total: 125948 ns
[2020-09-11T18:56:46.551+0000][1][safepoint    ] Safepoint "RevokeBias", Time since last: 5774557758 ns, Reaching safepoint: 88923 ns, At safepoint: 26137 ns, Total: 115060 ns
[2020-09-11T18:56:47.551+0000][1][safepoint    ] Safepoint "Cleanup", Time since last: 1000107494 ns, Reaching safepoint: 89601 ns, At safepoint: 9231 ns, Total: 98832 ns
[2020-09-11T18:56:48.551+0000][1][safepoint    ] Safepoint "Cleanup", Time since last: 1000129968 ns, Reaching safepoint: 120128 ns, At safepoint: 9909 ns, Total: 130037 ns
[2020-09-11T18:56:48.599+0000][1][safepoint    ] Safepoint "RevokeBias", Time since last: 47761375 ns, Reaching safepoint: 89033 ns, At safepoint: 26863 ns, Total: 115896 ns
[2020-09-11T18:56:49.600+0000][1][safepoint    ] Safepoint "Cleanup", Time since last: 1000114311 ns, Reaching safepoint: 83691 ns, At safepoint: 9082 ns, Total: 92773 ns
[2020-09-11T18:56:50.600+0000][1][safepoint    ] Safepoint "Cleanup", Time since last: 1000112743 ns, Reaching safepoint: 85772 ns, At safepoint: 8929 ns, Total: 94701 ns
[2020-09-11T18:56:50.760+0000][1][safepoint    ] Safepoint "RevokeBias", Time since last: 160381683 ns, Reaching safepoint: 89878 ns, At safepoint: 24585 ns, Total: 114463 ns
[2020-09-11T18:56:51.760+0000][1][safepoint    ] Safepoint "Cleanup", Time since last: 1000106323 ns, Reaching safepoint: 84062 ns, At safepoint: 8366 ns, Total: 92428 ns
[2020-09-11T18:56:52.761+0000][1][safepoint    ] Safepoint "Cleanup", Time since last: 1000116135 ns, Reaching safepoint: 84240 ns, At safepoint: 8997 ns, Total: 93237 ns
[2020-09-11T18:56:53.761+0000][1][safepoint    ] Safepoint "Cleanup", Time since last: 1000101489 ns, Reaching safepoint: 94618 ns, At safepoint: 9120 ns, Total: 103738 ns
[2020-09-11T18:56:54.761+0000][1][safepoint    ] Safepoint "Cleanup", Time since last: 1000106762 ns, Reaching safepoint: 85673 ns, At safepoint: 9023 ns, Total: 94696 ns
[2020-09-11T18:56:55.761+0000][1][safepoint    ] Safepoint "Cleanup", Time since last: 1000112751 ns, Reaching safepoint: 84039 ns, At safepoint: 8851 ns, Total: 92890 ns
[2020-09-11T18:56:56.644+0000][1][safepoint    ] Safepoint "RevokeBias", Time since last: 882618709 ns, Reaching safepoint: 89473 ns, At safepoint: 26732 ns, Total: 116205 ns
[2020-09-11T18:56:56.930+0000][1][gc,start     ] GC(266) Pause Young (Allocation Failure)
[2020-09-11T18:56:56.931+0000][1][gc,task      ] GC(266) Using 1 workers of 1 for evacuation
[2020-09-11T18:56:56.936+0000][1][gc,age       ] GC(266) Desired survivor size 4358144 bytes, new threshold 6 (max threshold 6)
[2020-09-11T18:56:56.936+0000][1][gc,age       ] GC(266) Age table with threshold 6 (max threshold 6)
[2020-09-11T18:56:56.936+0000][1][gc,age       ] GC(266) - age   1:     237480 bytes,     237480 total
[2020-09-11T18:56:56.936+0000][1][gc,age       ] GC(266) - age   2:     225592 bytes,     463072 total
[2020-09-11T18:56:56.936+0000][1][gc,age       ] GC(266) - age   3:     137336 bytes,     600408 total
[2020-09-11T18:56:56.936+0000][1][gc,age       ] GC(266) - age   4:      45472 bytes,     645880 total
[2020-09-11T18:56:56.936+0000][1][gc,age       ] GC(266) - age   5:      73736 bytes,     719616 total
[2020-09-11T18:56:56.936+0000][1][gc,age       ] GC(266) - age   6:      65104 bytes,     784720 total
[2020-09-11T18:56:56.936+0000][1][gc,heap      ] GC(266) ParNew: 69464K->862K(76672K)
[2020-09-11T18:56:56.936+0000][1][gc,heap      ] GC(266) CMS: 140329K->140381K(439104K)
[2020-09-11T18:56:56.936+0000][1][gc,metaspace ] GC(266) Metaspace: 96223K->96223K(1138688K)
[2020-09-11T18:56:56.936+0000][1][gc           ] GC(266) Pause Young (Allocation Failure) 204M->137M(503M) 5.520ms
[2020-09-11T18:56:56.936+0000][1][gc,cpu       ] GC(266) User=0.01s Sys=0.00s Real=0.01s
[2020-09-11T18:56:56.941+0000][1][safepoint    ] Safepoint "GenCollectForAllocation", Time since last: 286337555 ns, Reaching safepoint: 81626 ns, At safepoint: 10355895 ns, Total: 10437521 ns
[2020-09-11T18:56:57.941+0000][1][safepoint    ] Safepoint "Cleanup", Time since last: 1000337639 ns, Reaching safepoint: 83195 ns, At safepoint: 24852 ns, Total: 108047 ns
[2020-09-11T18:56:58.649+0000][1][safepoint    ] Safepoint "BulkRevokeBias", Time since last: 707268027 ns, Reaching safepoint: 90648 ns, At safepoint: 292963 ns, Total: 383611 ns
[2020-09-11T18:56:59.649+0000][1][safepoint    ] Safepoint "Cleanup", Time since last: 1000113485 ns, Reaching safepoint: 81906 ns, At safepoint: 9203 ns, Total: 91109 ns
[2020-09-11T18:57:00.649+0000][1][safepoint    ] Safepoint "Cleanup", Time since last: 1000130068 ns, Reaching safepoint: 82389 ns, At safepoint: 9620 ns, Total: 92009 ns
[2020-09-11T18:57:00.787+0000][1][safepoint    ] Safepoint "RevokeBias", Time since last: 137340911 ns, Reaching safepoint: 101320 ns, At safepoint: 26915 ns, Total: 128235 ns
[2020-09-11T18:57:01.787+0000][1][safepoint    ] Safepoint "Cleanup", Time since last: 1000101176 ns, Reaching safepoint: 79071 ns, At safepoint: 6976 ns, Total: 86047 ns
[2020-09-11T18:57:02.787+0000][1][safepoint    ] Safepoint "Cleanup", Time since last: 1000103991 ns, Reaching safepoint: 85046 ns, At safepoint: 9382 ns, Total: 94428 ns
[2020-09-11T18:57:03.787+0000][1][safepoint    ] Safepoint "Cleanup", Time since last: 1000111670 ns, Reaching safepoint: 82864 ns, At safepoint: 8729 ns, Total: 91593 ns
[2020-09-11T18:57:04.788+0000][1][safepoint    ] Safepoint "Cleanup", Time since last: 1000118747 ns, Reaching safepoint: 92872 ns, At safepoint: 9103 ns, Total: 101975 ns
[2020-09-11T18:57:05.788+0000][1][safepoint    ] Safepoint "Cleanup", Time since last: 1000117763 ns, Reaching safepoint: 83047 ns, At safepoint: 9194 ns, Total: 92241 ns
[2020-09-11T18:57:06.557+0000][1][safepoint    ] Safepoint "RevokeBias", Time since last: 769500040 ns, Reaching safepoint: 89575 ns, At safepoint: 26052 ns, Total: 115627 ns
[2020-09-11T18:57:07.558+0000][1][safepoint    ] Safepoint "Cleanup", Time since last: 1000113193 ns, Reaching safepoint: 82338 ns, At safepoint: 9000 ns, Total: 91338 ns
[2020-09-11T18:57:08.554+0000][1][safepoint    ] Safepoint "RevokeBias", Time since last: 996161867 ns, Reaching safepoint: 91054 ns, At safepoint: 26263 ns, Total: 117317 ns
[2020-09-11T18:57:09.554+0000][1][safepoint    ] Safepoint "Cleanup", Time since last: 1000134424 ns, Reaching safepoint: 84362 ns, At safepoint: 9507 ns, Total: 93869 ns
[2020-09-11T18:57:10.554+0000][1][safepoint    ] Safepoint "Cleanup", Time since last: 1000110759 ns, Reaching safepoint: 82000 ns, At safepoint: 8368 ns, Total: 90368 ns
[2020-09-11T18:57:10.785+0000][1][safepoint    ] Safepoint "RevokeBias", Time since last: 230713695 ns, Reaching safepoint: 89468 ns, At safepoint: 25415 ns, Total: 114883 ns
[2020-09-11T18:57:11.785+0000][1][safepoint    ] Safepoint "Cleanup", Time since last: 1000111833 ns, Reaching safepoint: 84988 ns, At safepoint: 10095 ns, Total: 95083 ns
[2020-09-11T18:57:12.786+0000][1][safepoint    ] Safepoint "Cleanup", Time since last: 1000116306 ns, Reaching safepoint: 84097 ns, At safepoint: 10231 ns, Total: 94328 ns
[2020-09-11T18:57:13.786+0000][1][safepoint    ] Safepoint "Cleanup", Time since last: 1000117995 ns, Reaching safepoint: 86225 ns, At safepoint: 9449 ns, Total: 95674 ns
[2020-09-11T18:57:14.786+0000][1][safepoint    ] Safepoint "Cleanup", Time since last: 1000117308 ns, Reaching safepoint: 87433 ns, At safepoint: 9899 ns, Total: 97332 ns
[2020-09-11T18:57:15.786+0000][1][safepoint    ] Safepoint "Cleanup", Time since last: 1000116122 ns, Reaching safepoint: 83637 ns, At safepoint: 9046 ns, Total: 92683 ns
[2020-09-11T18:57:16.543+0000][1][safepoint    ] Safepoint "RevokeBias", Time since last: 756842038 ns, Reaching safepoint: 86054 ns, At safepoint: 23938 ns, Total: 109992 ns
[2020-09-11T18:57:16.910+0000][1][gc,start     ] GC(267) Pause Young (Allocation Failure)
[2020-09-11T18:57:16.910+0000][1][gc,task      ] GC(267) Using 1 workers of 1 for evacuation
[2020-09-11T18:57:16.920+0000][1][gc,age       ] GC(267) Desired survivor size 4358144 bytes, new threshold 6 (max threshold 6)
[2020-09-11T18:57:16.920+0000][1][gc,age       ] GC(267) Age table with threshold 6 (max threshold 6)
[2020-09-11T18:57:16.920+0000][1][gc,age       ] GC(267) - age   1:    1725352 bytes,    1725352 total
[2020-09-11T18:57:16.920+0000][1][gc,age       ] GC(267) - age   2:     185168 bytes,    1910520 total
[2020-09-11T18:57:16.920+0000][1][gc,age       ] GC(267) - age   3:     221208 bytes,    2131728 total
[2020-09-11T18:57:16.920+0000][1][gc,age       ] GC(267) - age   4:     136872 bytes,    2268600 total
[2020-09-11T18:57:16.920+0000][1][gc,age       ] GC(267) - age   5:      35776 bytes,    2304376 total
[2020-09-11T18:57:16.920+0000][1][gc,age       ] GC(267) - age   6:      73736 bytes,    2378112 total
[2020-09-11T18:57:16.920+0000][1][gc,heap      ] GC(267) ParNew: 69022K->2730K(76672K)
[2020-09-11T18:57:16.920+0000][1][gc,heap      ] GC(267) CMS: 140381K->140445K(439104K)
[2020-09-11T18:57:16.920+0000][1][gc,metaspace ] GC(267) Metaspace: 96224K->96224K(1138688K)
[2020-09-11T18:57:16.920+0000][1][gc           ] GC(267) Pause Young (Allocation Failure) 204M->139M(503M) 9.934ms
[2020-09-11T18:57:16.920+0000][1][gc,cpu       ] GC(267) User=0.00s Sys=0.00s Real=0.01s
[2020-09-11T18:57:16.920+0000][1][safepoint    ] Safepoint "GenCollectForAllocation", Time since last: 367048497 ns, Reaching safepoint: 107007 ns, At safepoint: 10006265 ns, Total: 10113272 ns
[2020-09-11T18:57:17.921+0000][1][safepoint    ] Safepoint "Cleanup", Time since last: 1000318086 ns, Reaching safepoint: 81403 ns, At safepoint: 41117 ns, Total: 122520 ns
[2020-09-11T18:57:18.471+0000][1][safepoint    ] Safepoint "RevokeBias", Time since last: 549885232 ns, Reaching safepoint: 80234 ns, At safepoint: 33174 ns, Total: 113408 ns
[2020-09-11T18:57:18.684+0000][1][safepoint    ] Safepoint "RevokeBias", Time since last: 213487527 ns, Reaching safepoint: 89497 ns, At safepoint: 25463 ns, Total: 114960 ns
[2020-09-11T18:57:19.685+0000][1][safepoint    ] Safepoint "Cleanup", Time since last: 1000111674 ns, Reaching safepoint: 81194 ns, At safepoint: 8548 ns, Total: 89742 ns
[2020-09-11T18:57:20.685+0000][1][safepoint    ] Safepoint "Cleanup", Time since last: 1000138418 ns, Reaching safepoint: 124857 ns, At safepoint: 8653 ns, Total: 133510 ns
[2020-09-11T18:57:20.817+0000][1][safepoint    ] Safepoint "RevokeBias", Time since last: 132071758 ns, Reaching safepoint: 167740 ns, At safepoint: 27655 ns, Total: 195395 ns
[2020-09-11T18:57:21.817+0000][1][safepoint    ] Safepoint "Cleanup", Time since last: 1000111149 ns, Reaching safepoint: 90390 ns, At safepoint: 8080 ns, Total: 98470 ns
[2020-09-11T18:57:22.818+0000][1][safepoint    ] Safepoint "Cleanup", Time since last: 1000106959 ns, Reaching safepoint: 78889 ns, At safepoint: 8402 ns, Total: 87291 ns
[2020-09-11T18:57:23.818+0000][1][safepoint    ] Safepoint "Cleanup", Time since last: 1000108681 ns, Reaching safepoint: 79622 ns, At safepoint: 7264 ns, Total: 86886 ns
[2020-09-11T18:57:24.818+0000][1][safepoint    ] Safepoint "Cleanup", Time since last: 1000107505 ns, Reaching safepoint: 77338 ns, At safepoint: 7296 ns, Total: 84634 ns
[2020-09-11T18:57:25.818+0000][1][safepoint    ] Safepoint "Cleanup", Time since last: 1000106045 ns, Reaching safepoint: 77708 ns, At safepoint: 8004 ns, Total: 85712 ns
[2020-09-11T18:57:26.539+0000][1][safepoint    ] Safepoint "RevokeBias", Time since last: 720313792 ns, Reaching safepoint: 96451 ns, At safepoint: 42104 ns, Total: 138555 ns
[2020-09-11T18:57:27.539+0000][1][safepoint    ] Safepoint "Cleanup", Time since last: 1000103605 ns, Reaching safepoint: 84154 ns, At safepoint: 9602 ns, Total: 93756 ns
[2020-09-11T18:57:28.539+0000][1][safepoint    ] Safepoint "Cleanup", Time since last: 1000112581 ns, Reaching safepoint: 81217 ns, At safepoint: 7930 ns, Total: 89147 ns
[2020-09-11T18:57:28.639+0000][1][safepoint    ] Safepoint "RevokeBias", Time since last: 100036951 ns, Reaching safepoint: 91855 ns, At safepoint: 25882 ns, Total: 117737 ns
[2020-09-11T18:57:29.639+0000][1][safepoint    ] Safepoint "Cleanup", Time since last: 1000108087 ns, Reaching safepoint: 82600 ns, At safepoint: 9075 ns, Total: 91675 ns
[2020-09-11T18:57:30.640+0000][1][safepoint    ] Safepoint "Cleanup", Time since last: 1000117106 ns, Reaching safepoint: 81335 ns, At safepoint: 9479 ns, Total: 90814 ns
[2020-09-11T18:57:30.753+0000][1][safepoint    ] Safepoint "RevokeBias", Time since last: 113350748 ns, Reaching safepoint: 183454 ns, At safepoint: 39764 ns, Total: 223218 ns
[2020-09-11T18:57:31.753+0000][1][safepoint    ] Safepoint "Cleanup", Time since last: 1000108057 ns, Reaching safepoint: 82673 ns, At safepoint: 9172 ns, Total: 91845 ns
[2020-09-11T18:57:32.753+0000][1][safepoint    ] Safepoint "Cleanup", Time since last: 1000124533 ns, Reaching safepoint: 82366 ns, At safepoint: 9407 ns, Total: 91773 ns
[2020-09-11T18:57:33.754+0000][1][safepoint    ] Safepoint "Cleanup", Time since last: 1000111264 ns, Reaching safepoint: 92255 ns, At safepoint: 10522 ns, Total: 102777 ns
[2020-09-11T18:57:34.754+0000][1][safepoint    ] Safepoint "Cleanup", Time since last: 1000126987 ns, Reaching safepoint: 95449 ns, At safepoint: 8841 ns, Total: 104290 ns
[2020-09-11T18:57:35.754+0000][1][safepoint    ] Safepoint "Cleanup", Time since last: 1000111672 ns, Reaching safepoint: 81571 ns, At safepoint: 9444 ns, Total: 91015 ns
[2020-09-11T18:57:36.538+0000][1][gc,start     ] GC(268) Pause Young (Allocation Failure)
[2020-09-11T18:57:36.538+0000][1][gc,task      ] GC(268) Using 1 workers of 1 for evacuation
[2020-09-11T18:57:36.547+0000][1][gc,age       ] GC(268) Desired survivor size 4358144 bytes, new threshold 6 (max threshold 6)
[2020-09-11T18:57:36.547+0000][1][gc,age       ] GC(268) Age table with threshold 6 (max threshold 6)
[2020-09-11T18:57:36.547+0000][1][gc,age       ] GC(268) - age   1:     100304 bytes,     100304 total
[2020-09-11T18:57:36.547+0000][1][gc,age       ] GC(268) - age   2:    1659616 bytes,    1759920 total
[2020-09-11T18:57:36.547+0000][1][gc,age       ] GC(268) - age   3:     181688 bytes,    1941608 total
[2020-09-11T18:57:36.547+0000][1][gc,age       ] GC(268) - age   4:     220936 bytes,    2162544 total
[2020-09-11T18:57:36.547+0000][1][gc,age       ] GC(268) - age   5:     136872 bytes,    2299416 total
[2020-09-11T18:57:36.547+0000][1][gc,age       ] GC(268) - age   6:      35776 bytes,    2335192 total
[2020-09-11T18:57:36.547+0000][1][gc,heap      ] GC(268) ParNew: 70890K->3824K(76672K)
[2020-09-11T18:57:36.547+0000][1][gc,heap      ] GC(268) CMS: 140445K->140517K(439104K)
[2020-09-11T18:57:36.547+0000][1][gc,metaspace ] GC(268) Metaspace: 96224K->96224K(1138688K)
[2020-09-11T18:57:36.547+0000][1][gc           ] GC(268) Pause Young (Allocation Failure) 206M->140M(503M) 8.861ms
[2020-09-11T18:57:36.547+0000][1][gc,cpu       ] GC(268) User=0.01s Sys=0.00s Real=0.01s
[2020-09-11T18:57:36.549+0000][1][safepoint    ] Safepoint "GenCollectForAllocation", Time since last: 783550697 ns, Reaching safepoint: 193667 ns, At safepoint: 10886796 ns, Total: 11080463 ns
[2020-09-11T18:57:36.582+0000][1][safepoint    ] Safepoint "RevokeBias", Time since last: 32785558 ns, Reaching safepoint: 92588 ns, At safepoint: 23820 ns, Total: 116408 ns
[2020-09-11T18:57:37.582+0000][1][safepoint    ] Safepoint "Cleanup", Time since last: 1000110999 ns, Reaching safepoint: 108038 ns, At safepoint: 12343 ns, Total: 120381 ns
[2020-09-11T18:57:38.582+0000][1][safepoint    ] Safepoint "Cleanup", Time since last: 1000141916 ns, Reaching safepoint: 89309 ns, At safepoint: 9196 ns, Total: 98505 ns
[2020-09-11T18:57:38.602+0000][1][safepoint    ] Safepoint "RevokeBias", Time since last: 19836941 ns, Reaching safepoint: 89501 ns, At safepoint: 26802 ns, Total: 116303 ns
[2020-09-11T18:57:39.602+0000][1][safepoint    ] Safepoint "Cleanup", Time since last: 1000109632 ns, Reaching safepoint: 82771 ns, At safepoint: 9095 ns, Total: 91866 ns
[2020-09-11T18:57:40.603+0000][1][safepoint    ] Safepoint "Cleanup", Time since last: 1000114350 ns, Reaching safepoint: 87057 ns, At safepoint: 10527 ns, Total: 97584 ns
[2020-09-11T18:57:40.769+0000][1][safepoint    ] Safepoint "RevokeBias", Time since last: 166745327 ns, Reaching safepoint: 167705 ns, At safepoint: 26945 ns, Total: 194650 ns
[2020-09-11T18:57:41.770+0000][1][safepoint    ] Safepoint "Cleanup", Time since last: 1000112172 ns, Reaching safepoint: 82217 ns, At safepoint: 9051 ns, Total: 91268 ns
[2020-09-11T18:57:42.770+0000][1][safepoint    ] Safepoint "Cleanup", Time since last: 1000115359 ns, Reaching safepoint: 84783 ns, At safepoint: 9071 ns, Total: 93854 ns
[2020-09-11T18:57:43.770+0000][1][safepoint    ] Safepoint "Cleanup", Time since last: 1000132433 ns, Reaching safepoint: 82129 ns, At safepoint: 7043 ns, Total: 89172 ns
[2020-09-11T18:57:44.770+0000][1][safepoint    ] Safepoint "Cleanup", Time since last: 1000112258 ns, Reaching safepoint: 84485 ns, At safepoint: 8415 ns, Total: 92900 ns
[2020-09-11T18:57:45.771+0000][1][safepoint    ] Safepoint "Cleanup", Time since last: 1000110312 ns, Reaching safepoint: 84314 ns, At safepoint: 8906 ns, Total: 93220 ns
[2020-09-11T18:57:46.543+0000][1][safepoint    ] Safepoint "RevokeBias", Time since last: 771965594 ns, Reaching safepoint: 89647 ns, At safepoint: 26078 ns, Total: 115725 ns
[2020-09-11T18:57:47.543+0000][1][safepoint    ] Safepoint "Cleanup", Time since last: 1000109876 ns, Reaching safepoint: 89161 ns, At safepoint: 7739 ns, Total: 96900 ns
[2020-09-11T18:57:48.722+0000][1][safepoint    ] Safepoint "RevokeBias", Time since last: 1179123193 ns, Reaching safepoint: 89621 ns, At safepoint: 26418 ns, Total: 116039 ns
[2020-09-11T18:57:50.770+0000][1][safepoint    ] Safepoint "RevokeBias", Time since last: 2047604458 ns, Reaching safepoint: 88337 ns, At safepoint: 25158 ns, Total: 113495 ns
[2020-09-11T18:57:56.586+0000][1][gc,start     ] GC(269) Pause Young (Allocation Failure)
[2020-09-11T18:57:56.587+0000][1][gc,task      ] GC(269) Using 1 workers of 1 for evacuation
[2020-09-11T18:57:56.592+0000][1][gc,age       ] GC(269) Desired survivor size 4358144 bytes, new threshold 6 (max threshold 6)
[2020-09-11T18:57:56.592+0000][1][gc,age       ] GC(269) Age table with threshold 6 (max threshold 6)
[2020-09-11T18:57:56.592+0000][1][gc,age       ] GC(269) - age   1:     119608 bytes,     119608 total
[2020-09-11T18:57:56.592+0000][1][gc,age       ] GC(269) - age   2:      21624 bytes,     141232 total
[2020-09-11T18:57:56.592+0000][1][gc,age       ] GC(269) - age   3:    1656880 bytes,    1798112 total
[2020-09-11T18:57:56.592+0000][1][gc,age       ] GC(269) - age   4:     180080 bytes,    1978192 total
[2020-09-11T18:57:56.592+0000][1][gc,age       ] GC(269) - age   5:     220936 bytes,    2199128 total
[2020-09-11T18:57:56.592+0000][1][gc,age       ] GC(269) - age   6:     136872 bytes,    2336000 total
[2020-09-11T18:57:56.592+0000][1][gc,heap      ] GC(269) ParNew: 71969K->2666K(76672K)
[2020-09-11T18:57:56.592+0000][1][gc,heap      ] GC(269) CMS: 140517K->140552K(439104K)
[2020-09-11T18:57:56.592+0000][1][gc,metaspace ] GC(269) Metaspace: 96245K->96245K(1138688K)
[2020-09-11T18:57:56.592+0000][1][gc           ] GC(269) Pause Young (Allocation Failure) 207M->139M(503M) 5.719ms
[2020-09-11T18:57:56.592+0000][1][gc,cpu       ] GC(269) User=0.01s Sys=0.00s Real=0.00s
[2020-09-11T18:57:56.597+0000][1][safepoint    ] Safepoint "GenCollectForAllocation", Time since last: 5816624252 ns, Reaching safepoint: 83542 ns, At safepoint: 10338621 ns, Total: 10422163 ns
[2020-09-11T18:57:56.597+0000][1][safepoint    ] Safepoint "RevokeBias", Time since last: 235425 ns, Reaching safepoint: 128923 ns, At safepoint: 35472 ns, Total: 164395 ns
[2020-09-11T18:57:57.598+0000][1][safepoint    ] Safepoint "Cleanup", Time since last: 1000723791 ns, Reaching safepoint: 92103 ns, At safepoint: 7281 ns, Total: 99384 ns
[2020-09-11T18:57:58.554+0000][1][safepoint    ] Safepoint "RevokeBias", Time since last: 955643538 ns, Reaching safepoint: 91873 ns, At safepoint: 26624 ns, Total: 118497 ns
[2020-09-11T18:58:00.817+0000][1][safepoint    ] Safepoint "RevokeBias", Time since last: 2262836911 ns, Reaching safepoint: 190840 ns, At safepoint: 27179 ns, Total: 218019 ns
[2020-09-11T18:58:06.597+0000][1][safepoint    ] Safepoint "RevokeBias", Time since last: 5779685876 ns, Reaching safepoint: 90051 ns, At safepoint: 25505 ns, Total: 115556 ns
[2020-09-11T18:58:08.605+0000][1][safepoint    ] Safepoint "Cleanup", Time since last: 2008146128 ns, Reaching safepoint: 182287 ns, At safepoint: 13477 ns, Total: 195764 ns
[2020-09-11T18:58:08.761+0000][1][safepoint    ] Safepoint "RevokeBias", Time since last: 156339160 ns, Reaching safepoint: 83646 ns, At safepoint: 22597 ns, Total: 106243 ns
[2020-09-11T18:58:10.765+0000][1][safepoint    ] Safepoint "RevokeBias", Time since last: 2003437519 ns, Reaching safepoint: 167905 ns, At safepoint: 28843 ns, Total: 196748 ns
[2020-09-11T18:58:11.861+0000][1][gc,start     ] GC(270) Pause Young (Allocation Failure)
[2020-09-11T18:58:11.861+0000][1][gc,task      ] GC(270) Using 1 workers of 1 for evacuation
[2020-09-11T18:58:11.871+0000][1][gc,age       ] GC(270) Desired survivor size 4358144 bytes, new threshold 6 (max threshold 6)
[2020-09-11T18:58:11.871+0000][1][gc,age       ] GC(270) Age table with threshold 6 (max threshold 6)
[2020-09-11T18:58:11.871+0000][1][gc,age       ] GC(270) - age   1:     328224 bytes,     328224 total
[2020-09-11T18:58:11.871+0000][1][gc,age       ] GC(270) - age   2:      62232 bytes,     390456 total
[2020-09-11T18:58:11.871+0000][1][gc,age       ] GC(270) - age   3:      18920 bytes,     409376 total
[2020-09-11T18:58:11.871+0000][1][gc,age       ] GC(270) - age   4:    1656688 bytes,    2066064 total
[2020-09-11T18:58:11.871+0000][1][gc,age       ] GC(270) - age   5:     178568 bytes,    2244632 total
[2020-09-11T18:58:11.871+0000][1][gc,age       ] GC(270) - age   6:     198224 bytes,    2442856 total
[2020-09-11T18:58:11.871+0000][1][gc,heap      ] GC(270) ParNew: 70826K->4088K(76672K)
[2020-09-11T18:58:11.871+0000][1][gc,heap      ] GC(270) CMS: 140552K->140686K(439104K)
[2020-09-11T18:58:11.871+0000][1][gc,metaspace ] GC(270) Metaspace: 96250K->96250K(1138688K)
[2020-09-11T18:58:11.871+0000][1][gc           ] GC(270) Pause Young (Allocation Failure) 206M->141M(503M) 9.929ms
[2020-09-11T18:58:11.871+0000][1][gc,cpu       ] GC(270) User=0.01s Sys=0.00s Real=0.00s
[2020-09-11T18:58:11.871+0000][1][safepoint    ] Safepoint "GenCollectForAllocation", Time since last: 1093867353 ns, Reaching safepoint: 1913507 ns, At safepoint: 9997829 ns, Total: 11911336 ns
[2020-09-11T18:58:14.878+0000][1][safepoint    ] Safepoint "Cleanup", Time since last: 3006583040 ns, Reaching safepoint: 82495 ns, At safepoint: 18681 ns, Total: 101176 ns
[2020-09-11T18:58:16.638+0000][1][safepoint    ] Safepoint "RevokeBias", Time since last: 1760359479 ns, Reaching safepoint: 90363 ns, At safepoint: 39715 ns, Total: 130078 ns
[2020-09-11T18:58:18.578+0000][1][safepoint    ] Safepoint "RevokeBias", Time since last: 1940370935 ns, Reaching safepoint: 96885 ns, At safepoint: 25960 ns, Total: 122845 ns
[2020-09-11T18:58:20.811+0000][1][safepoint    ] Safepoint "RevokeBias", Time since last: 2232166341 ns, Reaching safepoint: 166777 ns, At safepoint: 28264 ns, Total: 195041 ns
[2020-09-11T18:58:26.541+0000][1][safepoint    ] Safepoint "RevokeBias", Time since last: 5730347375 ns, Reaching safepoint: 91488 ns, At safepoint: 42663 ns, Total: 134151 ns
[2020-09-11T18:58:28.322+0000][1][gc,start     ] GC(271) Pause Young (Allocation Failure)
[2020-09-11T18:58:28.322+0000][1][gc,task      ] GC(271) Using 1 workers of 1 for evacuation
[2020-09-11T18:58:28.333+0000][1][gc,age       ] GC(271) Desired survivor size 4358144 bytes, new threshold 6 (max threshold 6)
[2020-09-11T18:58:28.357+0000][1][gc,age       ] GC(271) Age table with threshold 6 (max threshold 6)
[2020-09-11T18:58:28.357+0000][1][gc,age       ] GC(271) - age   1:      95296 bytes,      95296 total
[2020-09-11T18:58:28.357+0000][1][gc,age       ] GC(271) - age   2:     277488 bytes,     372784 total
[2020-09-11T18:58:28.357+0000][1][gc,age       ] GC(271) - age   3:      55232 bytes,     428016 total
[2020-09-11T18:58:28.357+0000][1][gc,age       ] GC(271) - age   4:      18920 bytes,     446936 total
[2020-09-11T18:58:28.357+0000][1][gc,age       ] GC(271) - age   5:    1656688 bytes,    2103624 total
[2020-09-11T18:58:28.357+0000][1][gc,age       ] GC(271) - age   6:     178272 bytes,    2281896 total
[2020-09-11T18:58:28.357+0000][1][gc,heap      ] GC(271) ParNew: 72248K->2811K(76672K)
[2020-09-11T18:58:28.357+0000][1][gc,heap      ] GC(271) CMS: 140686K->140879K(439104K)
[2020-09-11T18:58:28.357+0000][1][gc,metaspace ] GC(271) Metaspace: 96252K->96252K(1138688K)
[2020-09-11T18:58:28.357+0000][1][gc           ] GC(271) Pause Young (Allocation Failure) 207M->140M(503M) 35.232ms
[2020-09-11T18:58:28.357+0000][1][gc,cpu       ] GC(271) User=0.01s Sys=0.00s Real=0.03s
[2020-09-11T18:58:28.357+0000][1][safepoint    ] Safepoint "GenCollectForAllocation", Time since last: 1780128280 ns, Reaching safepoint: 186010 ns, At safepoint: 35822364 ns, Total: 36008374 ns
[2020-09-11T18:58:28.766+0000][1][safepoint    ] Safepoint "BulkRevokeBias", Time since last: 407770598 ns, Reaching safepoint: 86042 ns, At safepoint: 246770 ns, Total: 332812 ns
[2020-09-11T18:58:30.766+0000][1][safepoint    ] Safepoint "Cleanup", Time since last: 2000182875 ns, Reaching safepoint: 91209 ns, At safepoint: 8364 ns, Total: 99573 ns
[2020-09-11T18:58:30.818+0000][1][safepoint    ] Safepoint "RevokeBias", Time since last: 52307196 ns, Reaching safepoint: 166054 ns, At safepoint: 27686 ns, Total: 193740 ns
[2020-09-11T18:58:36.598+0000][1][safepoint    ] Safepoint "RevokeBias", Time since last: 5779801587 ns, Reaching safepoint: 88828 ns, At safepoint: 25915 ns, Total: 114743 ns
[2020-09-11T18:58:38.682+0000][1][safepoint    ] Safepoint "RevokeBias", Time since last: 2084091354 ns, Reaching safepoint: 88686 ns, At safepoint: 26378 ns, Total: 115064 ns
[2020-09-11T18:58:40.764+0000][1][safepoint    ] Safepoint "RevokeBias", Time since last: 2080945281 ns, Reaching safepoint: 144875 ns, At safepoint: 27936 ns, Total: 172811 ns
[2020-09-11T18:58:45.764+0000][1][safepoint    ] Safepoint "Cleanup", Time since last: 5000458070 ns, Reaching safepoint: 92944 ns, At safepoint: 9300 ns, Total: 102244 ns
[2020-09-11T18:58:46.552+0000][1][safepoint    ] Safepoint "RevokeBias", Time since last: 788039299 ns, Reaching safepoint: 94829 ns, At safepoint: 26017 ns, Total: 120846 ns
[2020-09-11T18:58:48.393+0000][1][gc,start     ] GC(272) Pause Young (Allocation Failure)
[2020-09-11T18:58:48.393+0000][1][gc,task      ] GC(272) Using 1 workers of 1 for evacuation
[2020-09-11T18:58:48.410+0000][1][gc,age       ] GC(272) Desired survivor size 4358144 bytes, new threshold 6 (max threshold 6)
[2020-09-11T18:58:48.410+0000][1][gc,age       ] GC(272) Age table with threshold 6 (max threshold 6)
[2020-09-11T18:58:48.410+0000][1][gc,age       ] GC(272) - age   1:     119272 bytes,     119272 total
[2020-09-11T18:58:48.410+0000][1][gc,age       ] GC(272) - age   2:      26184 bytes,     145456 total
[2020-09-11T18:58:48.410+0000][1][gc,age       ] GC(272) - age   3:     273824 bytes,     419280 total
[2020-09-11T18:58:48.410+0000][1][gc,age       ] GC(272) - age   4:      55232 bytes,     474512 total
[2020-09-11T18:58:48.410+0000][1][gc,age       ] GC(272) - age   5:      18888 bytes,     493400 total
[2020-09-11T18:58:48.410+0000][1][gc,age       ] GC(272) - age   6:    1656392 bytes,    2149792 total
[2020-09-11T18:58:48.410+0000][1][gc,heap      ] GC(272) ParNew: 70971K->4045K(76672K)
[2020-09-11T18:58:48.410+0000][1][gc,heap      ] GC(272) CMS: 140879K->141053K(439104K)
[2020-09-11T18:58:48.410+0000][1][gc,metaspace ] GC(272) Metaspace: 96253K->96253K(1138688K)
[2020-09-11T18:58:48.410+0000][1][gc           ] GC(272) Pause Young (Allocation Failure) 206M->141M(503M) 17.146ms
[2020-09-11T18:58:48.410+0000][1][gc,cpu       ] GC(272) User=0.00s Sys=0.00s Real=0.01s
[2020-09-11T18:58:48.410+0000][1][safepoint    ] Safepoint "GenCollectForAllocation", Time since last: 1835353630 ns, Reaching safepoint: 5186067 ns, At safepoint: 17220726 ns, Total: 22406793 ns
[2020-09-11T18:58:48.634+0000][1][safepoint    ] Safepoint "RevokeBias", Time since last: 223341355 ns, Reaching safepoint: 98397 ns, At safepoint: 23877 ns, Total: 122274 ns
[2020-09-11T18:58:50.801+0000][1][safepoint    ] Safepoint "RevokeBias", Time since last: 2167253798 ns, Reaching safepoint: 92009 ns, At safepoint: 25874 ns, Total: 117883 ns
[2020-09-11T18:58:56.587+0000][1][safepoint    ] Safepoint "RevokeBias", Time since last: 5785641667 ns, Reaching safepoint: 185335 ns, At safepoint: 26730 ns, Total: 212065 ns
[2020-09-11T18:58:58.552+0000][1][safepoint    ] Safepoint "RevokeBias", Time since last: 1964873052 ns, Reaching safepoint: 90523 ns, At safepoint: 26152 ns, Total: 116675 ns
[2020-09-11T18:58:59.552+0000][1][safepoint    ] Safepoint "Cleanup", Time since last: 1000124907 ns, Reaching safepoint: 88113 ns, At safepoint: 9383 ns, Total: 97496 ns
[2020-09-11T18:59:00.842+0000][1][safepoint    ] Safepoint "RevokeBias", Time since last: 1289423401 ns, Reaching safepoint: 168334 ns, At safepoint: 27508 ns, Total: 195842 ns
[2020-09-11T18:59:06.533+0000][1][gc,start     ] GC(273) Pause Young (Allocation Failure)
[2020-09-11T18:59:06.533+0000][1][gc,task      ] GC(273) Using 1 workers of 1 for evacuation
[2020-09-11T18:59:06.539+0000][1][gc,age       ] GC(273) Desired survivor size 4358144 bytes, new threshold 6 (max threshold 6)
[2020-09-11T18:59:06.539+0000][1][gc,age       ] GC(273) Age table with threshold 6 (max threshold 6)
[2020-09-11T18:59:06.539+0000][1][gc,age       ] GC(273) - age   1:     201432 bytes,     201432 total
[2020-09-11T18:59:06.539+0000][1][gc,age       ] GC(273) - age   2:      46528 bytes,     247960 total
[2020-09-11T18:59:06.539+0000][1][gc,age       ] GC(273) - age   3:      21040 bytes,     269000 total
[2020-09-11T18:59:06.539+0000][1][gc,age       ] GC(273) - age   4:     272392 bytes,     541392 total
[2020-09-11T18:59:06.539+0000][1][gc,age       ] GC(273) - age   5:      55136 bytes,     596528 total
[2020-09-11T18:59:06.539+0000][1][gc,age       ] GC(273) - age   6:      18888 bytes,     615416 total
[2020-09-11T18:59:06.539+0000][1][gc,heap      ] GC(273) ParNew: 72205K->1292K(76672K)
[2020-09-11T18:59:06.539+0000][1][gc,heap      ] GC(273) CMS: 141053K->142660K(439104K)
[2020-09-11T18:59:06.539+0000][1][gc,metaspace ] GC(273) Metaspace: 96265K->96265K(1138688K)
[2020-09-11T18:59:06.539+0000][1][gc           ] GC(273) Pause Young (Allocation Failure) 208M->140M(503M) 6.172ms
[2020-09-11T18:59:06.539+0000][1][gc,cpu       ] GC(273) User=0.01s Sys=0.00s Real=0.00s
[2020-09-11T18:59:06.545+0000][1][safepoint    ] Safepoint "GenCollectForAllocation", Time since last: 5687169731 ns, Reaching safepoint: 4134660 ns, At safepoint: 11965148 ns, Total: 16099808 ns
[2020-09-11T18:59:06.580+0000][1][safepoint    ] Safepoint "RevokeBias", Time since last: 35019132 ns, Reaching safepoint: 90599 ns, At safepoint: 40182 ns, Total: 130781 ns
[2020-09-11T18:59:08.635+0000][1][safepoint    ] Safepoint "RevokeBias", Time since last: 2054661376 ns, Reaching safepoint: 91929 ns, At safepoint: 26638 ns, Total: 118567 ns
[2020-09-11T18:59:10.797+0000][1][safepoint    ] Safepoint "RevokeBias", Time since last: 2162439318 ns, Reaching safepoint: 89888 ns, At safepoint: 26752 ns, Total: 116640 ns
[2020-09-11T18:59:16.579+0000][1][safepoint    ] Safepoint "RevokeBias", Time since last: 5781893377 ns, Reaching safepoint: 90405 ns, At safepoint: 25228 ns, Total: 115633 ns
[2020-09-11T18:59:18.580+0000][1][safepoint    ] Safepoint "Cleanup", Time since last: 2000185387 ns, Reaching safepoint: 123796 ns, At safepoint: 10794 ns, Total: 134590 ns
[2020-09-11T18:59:18.693+0000][1][safepoint    ] Safepoint "RevokeBias", Time since last: 113373155 ns, Reaching safepoint: 91035 ns, At safepoint: 26100 ns, Total: 117135 ns
[2020-09-11T18:59:18.961+0000][1][gc,start     ] GC(274) Pause Young (Allocation Failure)
[2020-09-11T18:59:18.961+0000][1][gc,task      ] GC(274) Using 1 workers of 1 for evacuation
[2020-09-11T18:59:18.972+0000][1][gc,age       ] GC(274) Desired survivor size 4358144 bytes, new threshold 6 (max threshold 6)
[2020-09-11T18:59:18.972+0000][1][gc,age       ] GC(274) Age table with threshold 6 (max threshold 6)
[2020-09-11T18:59:18.972+0000][1][gc,age       ] GC(274) - age   1:     527232 bytes,     527232 total
[2020-09-11T18:59:18.972+0000][1][gc,age       ] GC(274) - age   2:     106232 bytes,     633464 total
[2020-09-11T18:59:18.972+0000][1][gc,age       ] GC(274) - age   3:      44488 bytes,     677952 total
[2020-09-11T18:59:18.972+0000][1][gc,age       ] GC(274) - age   4:      21040 bytes,     698992 total
[2020-09-11T18:59:18.972+0000][1][gc,age       ] GC(274) - age   5:     272392 bytes,     971384 total
[2020-09-11T18:59:18.972+0000][1][gc,age       ] GC(274) - age   6:      55136 bytes,    1026520 total
[2020-09-11T18:59:18.972+0000][1][gc,heap      ] GC(274) ParNew: 69452K->1097K(76672K)
[2020-09-11T18:59:18.972+0000][1][gc,heap      ] GC(274) CMS: 142660K->142679K(439104K)
[2020-09-11T18:59:18.972+0000][1][gc,metaspace ] GC(274) Metaspace: 96267K->96267K(1138688K)
[2020-09-11T18:59:18.972+0000][1][gc           ] GC(274) Pause Young (Allocation Failure) 207M->140M(503M) 11.319ms
[2020-09-11T18:59:18.972+0000][1][gc,cpu       ] GC(274) User=0.00s Sys=0.00s Real=0.00s
[2020-09-11T18:59:18.972+0000][1][safepoint    ] Safepoint "GenCollectForAllocation", Time since last: 266802208 ns, Reaching safepoint: 851597 ns, At safepoint: 11404923 ns, Total: 12256520 ns
[2020-09-11T18:59:20.860+0000][1][safepoint    ] Safepoint "RevokeBias", Time since last: 1887441235 ns, Reaching safepoint: 169420 ns, At safepoint: 34037 ns, Total: 203457 ns
[2020-09-11T18:59:22.860+0000][1][safepoint    ] Safepoint "Cleanup", Time since last: 2000192570 ns, Reaching safepoint: 102635 ns, At safepoint: 10425 ns, Total: 113060 ns
[2020-09-11T18:59:23.860+0000][1][safepoint    ] Safepoint "Cleanup", Time since last: 1000115024 ns, Reaching safepoint: 88295 ns, At safepoint: 10928 ns, Total: 99223 ns
[2020-09-11T18:59:24.861+0000][1][safepoint    ] Safepoint "Cleanup", Time since last: 1000113339 ns, Reaching safepoint: 82787 ns, At safepoint: 9036 ns, Total: 91823 ns
[2020-09-11T18:59:25.861+0000][1][safepoint    ] Safepoint "Cleanup", Time since last: 1000117144 ns, Reaching safepoint: 102869 ns, At safepoint: 8516 ns, Total: 111385 ns
[2020-09-11T18:59:26.541+0000][1][safepoint    ] Safepoint "RevokeBias", Time since last: 679561062 ns, Reaching safepoint: 91491 ns, At safepoint: 26119 ns, Total: 117610 ns
[2020-09-11T18:59:27.541+0000][1][safepoint    ] Safepoint "Cleanup", Time since last: 1000112918 ns, Reaching safepoint: 82635 ns, At safepoint: 9248 ns, Total: 91883 ns
[2020-09-11T18:59:28.541+0000][1][safepoint    ] Safepoint "Cleanup", Time since last: 1000140576 ns, Reaching safepoint: 84479 ns, At safepoint: 9143 ns, Total: 93622 ns
[2020-09-11T18:59:28.660+0000][1][safepoint    ] Safepoint "RevokeBias", Time since last: 119065337 ns, Reaching safepoint: 89824 ns, At safepoint: 25200 ns, Total: 115024 ns
[2020-09-11T18:59:29.660+0000][1][safepoint    ] Safepoint "Cleanup", Time since last: 1000112619 ns, Reaching safepoint: 91355 ns, At safepoint: 9589 ns, Total: 100944 ns
[2020-09-11T18:59:30.661+0000][1][safepoint    ] Safepoint "Cleanup", Time since last: 1000118232 ns, Reaching safepoint: 87572 ns, At safepoint: 10072 ns, Total: 97644 ns
[2020-09-11T18:59:30.764+0000][1][safepoint    ] Safepoint "RevokeBias", Time since last: 102848428 ns, Reaching safepoint: 86624 ns, At safepoint: 24521 ns, Total: 111145 ns
[2020-09-11T18:59:31.764+0000][1][safepoint    ] Safepoint "Cleanup", Time since last: 1000109161 ns, Reaching safepoint: 84666 ns, At safepoint: 9219 ns, Total: 93885 ns
[2020-09-11T18:59:32.764+0000][1][safepoint    ] Safepoint "Cleanup", Time since last: 1000113013 ns, Reaching safepoint: 80815 ns, At safepoint: 8288 ns, Total: 89103 ns
[2020-09-11T18:59:33.764+0000][1][safepoint    ] Safepoint "Cleanup", Time since last: 1000111376 ns, Reaching safepoint: 80814 ns, At safepoint: 8447 ns, Total: 89261 ns
[2020-09-11T18:59:34.764+0000][1][safepoint    ] Safepoint "Cleanup", Time since last: 1000106094 ns, Reaching safepoint: 80946 ns, At safepoint: 8483 ns, Total: 89429 ns
[2020-09-11T18:59:35.765+0000][1][safepoint    ] Safepoint "Cleanup", Time since last: 1000330551 ns, Reaching safepoint: 110227 ns, At safepoint: 8187 ns, Total: 118414 ns
[2020-09-11T18:59:36.594+0000][1][safepoint    ] Safepoint "RevokeBias", Time since last: 828979044 ns, Reaching safepoint: 90151 ns, At safepoint: 26420 ns, Total: 116571 ns
[2020-09-11T18:59:37.594+0000][1][safepoint    ] Safepoint "Cleanup", Time since last: 1000109690 ns, Reaching safepoint: 81829 ns, At safepoint: 8097 ns, Total: 89926 ns
[2020-09-11T18:59:38.496+0000][1][gc,start     ] GC(275) Pause Young (Allocation Failure)
[2020-09-11T18:59:38.497+0000][1][gc,task      ] GC(275) Using 1 workers of 1 for evacuation
[2020-09-11T18:59:38.506+0000][1][gc,age       ] GC(275) Desired survivor size 4358144 bytes, new threshold 6 (max threshold 6)
[2020-09-11T18:59:38.506+0000][1][gc,age       ] GC(275) Age table with threshold 6 (max threshold 6)
[2020-09-11T18:59:38.506+0000][1][gc,age       ] GC(275) - age   1:     324080 bytes,     324080 total
[2020-09-11T18:59:38.506+0000][1][gc,age       ] GC(275) - age   2:     463328 bytes,     787408 total
[2020-09-11T18:59:38.506+0000][1][gc,age       ] GC(275) - age   3:      96544 bytes,     883952 total
[2020-09-11T18:59:38.506+0000][1][gc,age       ] GC(275) - age   4:      44488 bytes,     928440 total
[2020-09-11T18:59:38.506+0000][1][gc,age       ] GC(275) - age   5:      20728 bytes,     949168 total
[2020-09-11T18:59:38.506+0000][1][gc,age       ] GC(275) - age   6:     246840 bytes,    1196008 total
[2020-09-11T18:59:38.506+0000][1][gc,heap      ] GC(275) ParNew: 69257K->1777K(76672K)
[2020-09-11T18:59:38.506+0000][1][gc,heap      ] GC(275) CMS: 142679K->142733K(439104K)
[2020-09-11T18:59:38.506+0000][1][gc,metaspace ] GC(275) Metaspace: 96273K->96273K(1138688K)
[2020-09-11T18:59:38.506+0000][1][gc           ] GC(275) Pause Young (Allocation Failure) 206M->141M(503M) 9.990ms
[2020-09-11T18:59:38.506+0000][1][gc,cpu       ] GC(275) User=0.01s Sys=0.00s Real=0.01s
[2020-09-11T18:59:38.507+0000][1][safepoint    ] Safepoint "GenCollectForAllocation", Time since last: 902118183 ns, Reaching safepoint: 239517 ns, At safepoint: 10129784 ns, Total: 10369301 ns
[2020-09-11T18:59:38.579+0000][1][safepoint    ] Safepoint "RevokeBias", Time since last: 72421502 ns, Reaching safepoint: 91449 ns, At safepoint: 27060 ns, Total: 118509 ns
[2020-09-11T18:59:39.579+0000][1][safepoint    ] Safepoint "Cleanup", Time since last: 1000112178 ns, Reaching safepoint: 83150 ns, At safepoint: 9508 ns, Total: 92658 ns
[2020-09-11T18:59:40.580+0000][1][safepoint    ] Safepoint "Cleanup", Time since last: 1000113948 ns, Reaching safepoint: 89637 ns, At safepoint: 9425 ns, Total: 99062 ns
[2020-09-11T18:59:40.828+0000][1][safepoint    ] Safepoint "RevokeBias", Time since last: 248843782 ns, Reaching safepoint: 89997 ns, At safepoint: 24809 ns, Total: 114806 ns
[2020-09-11T18:59:41.829+0000][1][safepoint    ] Safepoint "Cleanup", Time since last: 1000109311 ns, Reaching safepoint: 84449 ns, At safepoint: 8577 ns, Total: 93026 ns
[2020-09-11T18:59:42.006+0000][1][safepoint    ] Safepoint "RevokeBias", Time since last: 176761602 ns, Reaching safepoint: 159905 ns, At safepoint: 42027 ns, Total: 201932 ns
[2020-09-11T18:59:42.061+0000][1][safepoint    ] Safepoint "RevokeBias", Time since last: 51179565 ns, Reaching safepoint: 4063066 ns, At safepoint: 29257 ns, Total: 4092323 ns
[2020-09-11T18:59:42.074+0000][1][safepoint    ] Safepoint "BulkRevokeBias", Time since last: 12956918 ns, Reaching safepoint: 83629 ns, At safepoint: 247510 ns, Total: 331139 ns
[2020-09-11T18:59:43.074+0000][1][safepoint    ] Safepoint "Cleanup", Time since last: 1000112369 ns, Reaching safepoint: 83070 ns, At safepoint: 9437 ns, Total: 92507 ns
[2020-09-11T18:59:44.075+0000][1][safepoint    ] Safepoint "Cleanup", Time since last: 1000116489 ns, Reaching safepoint: 85014 ns, At safepoint: 8909 ns, Total: 93923 ns
[2020-09-11T18:59:45.075+0000][1][safepoint    ] Safepoint "Cleanup", Time since last: 1000111762 ns, Reaching safepoint: 82507 ns, At safepoint: 8909 ns, Total: 91416 ns
[2020-09-11T18:59:46.075+0000][1][safepoint    ] Safepoint "Cleanup", Time since last: 1000127930 ns, Reaching safepoint: 83122 ns, At safepoint: 8335 ns, Total: 91457 ns
[2020-09-11T18:59:46.580+0000][1][safepoint    ] Safepoint "RevokeBias", Time since last: 505054820 ns, Reaching safepoint: 102140 ns, At safepoint: 25003 ns, Total: 127143 ns
[2020-09-11T18:59:47.580+0000][1][safepoint    ] Safepoint "Cleanup", Time since last: 1000108717 ns, Reaching safepoint: 82647 ns, At safepoint: 9485 ns, Total: 92132 ns
[2020-09-11T18:59:48.581+0000][1][safepoint    ] Safepoint "Cleanup", Time since last: 1000133565 ns, Reaching safepoint: 85810 ns, At safepoint: 7446 ns, Total: 93256 ns
[2020-09-11T18:59:48.626+0000][1][safepoint    ] Safepoint "RevokeBias", Time since last: 45228020 ns, Reaching safepoint: 84107 ns, At safepoint: 23658 ns, Total: 107765 ns
[2020-09-11T18:59:49.626+0000][1][safepoint    ] Safepoint "Cleanup", Time since last: 1000104272 ns, Reaching safepoint: 83558 ns, At safepoint: 8435 ns, Total: 91993 ns
[2020-09-11T18:59:49.865+0000][1][gc,start     ] GC(276) Pause Young (Allocation Failure)
[2020-09-11T18:59:49.865+0000][1][gc,task      ] GC(276) Using 1 workers of 1 for evacuation
[2020-09-11T18:59:49.874+0000][1][gc,age       ] GC(276) Desired survivor size 4358144 bytes, new threshold 6 (max threshold 6)
[2020-09-11T18:59:49.874+0000][1][gc,age       ] GC(276) Age table with threshold 6 (max threshold 6)
[2020-09-11T18:59:49.874+0000][1][gc,age       ] GC(276) - age   1:     195768 bytes,     195768 total
[2020-09-11T18:59:49.874+0000][1][gc,age       ] GC(276) - age   2:      56000 bytes,     251768 total
[2020-09-11T18:59:49.874+0000][1][gc,age       ] GC(276) - age   3:     459776 bytes,     711544 total
[2020-09-11T18:59:49.874+0000][1][gc,age       ] GC(276) - age   4:      96232 bytes,     807776 total
[2020-09-11T18:59:49.874+0000][1][gc,age       ] GC(276) - age   5:      44384 bytes,     852160 total
[2020-09-11T18:59:49.874+0000][1][gc,age       ] GC(276) - age   6:      20728 bytes,     872888 total
[2020-09-11T18:59:49.874+0000][1][gc,heap      ] GC(276) ParNew: 69937K->1098K(76672K)
[2020-09-11T18:59:49.874+0000][1][gc,heap      ] GC(276) CMS: 142733K->142974K(439104K)
[2020-09-11T18:59:49.874+0000][1][gc,metaspace ] GC(276) Metaspace: 96294K->96294K(1138688K)
[2020-09-11T18:59:49.874+0000][1][gc           ] GC(276) Pause Young (Allocation Failure) 207M->140M(503M) 9.210ms
[2020-09-11T18:59:49.875+0000][1][gc,cpu       ] GC(276) User=0.00s Sys=0.00s Real=0.01s
[2020-09-11T18:59:49.875+0000][1][safepoint    ] Safepoint "GenCollectForAllocation", Time since last: 238902797 ns, Reaching safepoint: 178640 ns, At safepoint: 9281151 ns, Total: 9459791 ns
[2020-09-11T18:59:50.841+0000][1][safepoint    ] Safepoint "RevokeBias", Time since last: 966351653 ns, Reaching safepoint: 89245 ns, At safepoint: 26203 ns, Total: 115448 ns
[2020-09-11T18:59:51.841+0000][1][safepoint    ] Safepoint "Cleanup", Time since last: 1000106866 ns, Reaching safepoint: 81700 ns, At safepoint: 9746 ns, Total: 91446 ns
[2020-09-11T18:59:52.841+0000][1][safepoint    ] Safepoint "Cleanup", Time since last: 1000108093 ns, Reaching safepoint: 80322 ns, At safepoint: 8858 ns, Total: 89180 ns
[2020-09-11T18:59:53.842+0000][1][safepoint    ] Safepoint "Cleanup", Time since last: 1000102393 ns, Reaching safepoint: 79206 ns, At safepoint: 9065 ns, Total: 88271 ns
[2020-09-11T18:59:54.842+0000][1][safepoint    ] Safepoint "Cleanup", Time since last: 1000100085 ns, Reaching safepoint: 80384 ns, At safepoint: 8129 ns, Total: 88513 ns
[2020-09-11T18:59:55.842+0000][1][safepoint    ] Safepoint "Cleanup", Time since last: 1000103329 ns, Reaching safepoint: 80136 ns, At safepoint: 8237 ns, Total: 88373 ns
[2020-09-11T18:59:56.544+0000][1][safepoint    ] Safepoint "RevokeBias", Time since last: 702308323 ns, Reaching safepoint: 89761 ns, At safepoint: 26112 ns, Total: 115873 ns
[2020-09-11T18:59:57.545+0000][1][safepoint    ] Safepoint "Cleanup", Time since last: 1000106760 ns, Reaching safepoint: 108660 ns, At safepoint: 9260 ns, Total: 117920 ns
[2020-09-11T18:59:58.545+0000][1][safepoint    ] Safepoint "Cleanup", Time since last: 1000134298 ns, Reaching safepoint: 81413 ns, At safepoint: 8226 ns, Total: 89639 ns
[2020-09-11T18:59:58.652+0000][1][safepoint    ] Safepoint "BulkRevokeBias", Time since last: 106456772 ns, Reaching safepoint: 90007 ns, At safepoint: 269817 ns, Total: 359824 ns
[2020-09-11T18:59:59.652+0000][1][safepoint    ] Safepoint "Cleanup", Time since last: 1000109664 ns, Reaching safepoint: 83305 ns, At safepoint: 9277 ns, Total: 92582 ns
[2020-09-11T19:00:00.652+0000][1][safepoint    ] Safepoint "Cleanup", Time since last: 1000130048 ns, Reaching safepoint: 83144 ns, At safepoint: 9466 ns, Total: 92610 ns
[2020-09-11T19:00:00.810+0000][1][safepoint    ] Safepoint "RevokeBias", Time since last: 158030038 ns, Reaching safepoint: 80060 ns, At safepoint: 22376 ns, Total: 102436 ns
[2020-09-11T19:00:01.810+0000][1][safepoint    ] Safepoint "Cleanup", Time since last: 1000107418 ns, Reaching safepoint: 82874 ns, At safepoint: 9411 ns, Total: 92285 ns
[2020-09-11T19:00:02.811+0000][1][safepoint    ] Safepoint "Cleanup", Time since last: 1000114032 ns, Reaching safepoint: 87166 ns, At safepoint: 9277 ns, Total: 96443 ns
[2020-09-11T19:00:03.811+0000][1][safepoint    ] Safepoint "Cleanup", Time since last: 1000114578 ns, Reaching safepoint: 83923 ns, At safepoint: 8642 ns, Total: 92565 ns
[2020-09-11T19:00:04.811+0000][1][safepoint    ] Safepoint "Cleanup", Time since last: 1000108060 ns, Reaching safepoint: 83837 ns, At safepoint: 8954 ns, Total: 92791 ns
[2020-09-11T19:00:05.811+0000][1][safepoint    ] Safepoint "Cleanup", Time since last: 1000140357 ns, Reaching safepoint: 82743 ns, At safepoint: 9560 ns, Total: 92303 ns
[2020-09-11T19:00:06.573+0000][1][safepoint    ] Safepoint "RevokeBias", Time since last: 761163895 ns, Reaching safepoint: 84810 ns, At safepoint: 25675 ns, Total: 110485 ns
[2020-09-11T19:00:07.573+0000][1][safepoint    ] Safepoint "Cleanup", Time since last: 1000114828 ns, Reaching safepoint: 152659 ns, At safepoint: 11280 ns, Total: 163939 ns
[2020-09-11T19:00:08.395+0000][1][gc,start     ] GC(277) Pause Young (Allocation Failure)
[2020-09-11T19:00:08.395+0000][1][gc,task      ] GC(277) Using 1 workers of 1 for evacuation
[2020-09-11T19:00:08.405+0000][1][gc,age       ] GC(277) Desired survivor size 4358144 bytes, new threshold 6 (max threshold 6)
[2020-09-11T19:00:08.405+0000][1][gc,age       ] GC(277) Age table with threshold 6 (max threshold 6)
[2020-09-11T19:00:08.405+0000][1][gc,age       ] GC(277) - age   1:     158224 bytes,     158224 total
[2020-09-11T19:00:08.405+0000][1][gc,age       ] GC(277) - age   2:     100456 bytes,     258680 total
[2020-09-11T19:00:08.405+0000][1][gc,age       ] GC(277) - age   3:      49928 bytes,     308608 total
[2020-09-11T19:00:08.405+0000][1][gc,age       ] GC(277) - age   4:     459504 bytes,     768112 total
[2020-09-11T19:00:08.405+0000][1][gc,age       ] GC(277) - age   5:      94704 bytes,     862816 total
[2020-09-11T19:00:08.405+0000][1][gc,age       ] GC(277) - age   6:      44384 bytes,     907200 total
[2020-09-11T19:00:08.405+0000][1][gc,heap      ] GC(277) ParNew: 69258K->913K(76672K)
[2020-09-11T19:00:08.405+0000][1][gc,heap      ] GC(277) CMS: 142974K->142993K(439104K)
[2020-09-11T19:00:08.405+0000][1][gc,metaspace ] GC(277) Metaspace: 96295K->96295K(1138688K)
[2020-09-11T19:00:08.405+0000][1][gc           ] GC(277) Pause Young (Allocation Failure) 207M->140M(503M) 9.725ms
[2020-09-11T19:00:08.405+0000][1][gc,cpu       ] GC(277) User=0.01s Sys=0.00s Real=0.01s
[2020-09-11T19:00:08.409+0000][1][safepoint    ] Safepoint "GenCollectForAllocation", Time since last: 820381972 ns, Reaching safepoint: 1736358 ns, At safepoint: 13913209 ns, Total: 15649567 ns
[2020-09-11T19:00:08.457+0000][1][safepoint    ] Safepoint "RevokeBias", Time since last: 48388849 ns, Reaching safepoint: 104330 ns, At safepoint: 48220 ns, Total: 152550 ns
[2020-09-11T19:00:08.458+0000][1][safepoint    ] Safepoint "RevokeBias", Time since last: 71095 ns, Reaching safepoint: 60420 ns, At safepoint: 26677 ns, Total: 87097 ns
[2020-09-11T19:00:08.458+0000][1][safepoint    ] Safepoint "RevokeBias", Time since last: 30320 ns, Reaching safepoint: 43391 ns, At safepoint: 21883 ns, Total: 65274 ns
[2020-09-11T19:00:08.458+0000][1][safepoint    ] Safepoint "RevokeBias", Time since last: 26644 ns, Reaching safepoint: 40349 ns, At safepoint: 22471 ns, Total: 62820 ns
[2020-09-11T19:00:08.458+0000][1][safepoint    ] Safepoint "RevokeBias", Time since last: 25210 ns, Reaching safepoint: 38795 ns, At safepoint: 20630 ns, Total: 59425 ns
[2020-09-11T19:00:08.458+0000][1][safepoint    ] Safepoint "RevokeBias", Time since last: 41111 ns, Reaching safepoint: 37431 ns, At safepoint: 20321 ns, Total: 57752 ns
[2020-09-11T19:00:08.458+0000][1][safepoint    ] Safepoint "RevokeBias", Time since last: 24811 ns, Reaching safepoint: 35552 ns, At safepoint: 19359 ns, Total: 54911 ns
[2020-09-11T19:00:08.458+0000][1][safepoint    ] Safepoint "RevokeBias", Time since last: 23587 ns, Reaching safepoint: 34228 ns, At safepoint: 19173 ns, Total: 53401 ns
[2020-09-11T19:00:08.458+0000][1][safepoint    ] Safepoint "RevokeBias", Time since last: 23511 ns, Reaching safepoint: 32584 ns, At safepoint: 18352 ns, Total: 50936 ns
[2020-09-11T19:00:08.458+0000][1][safepoint    ] Safepoint "BulkRevokeBias", Time since last: 23786 ns, Reaching safepoint: 32533 ns, At safepoint: 221267 ns, Total: 253800 ns
[2020-09-11T19:00:08.779+0000][1][safepoint    ] Safepoint "RevokeBias", Time since last: 320915847 ns, Reaching safepoint: 99939 ns, At safepoint: 26695 ns, Total: 126634 ns
[2020-09-11T19:00:08.894+0000][1][safepoint    ] Safepoint "RevokeBias", Time since last: 114734984 ns, Reaching safepoint: 192999 ns, At safepoint: 22954 ns, Total: 215953 ns
[2020-09-11T19:00:08.895+0000][1][safepoint    ] Safepoint "RevokeBias", Time since last: 59866 ns, Reaching safepoint: 145793 ns, At safepoint: 16683 ns, Total: 162476 ns
[2020-09-11T19:00:08.937+0000][1][safepoint    ] Safepoint "RevokeBias", Time since last: 40848029 ns, Reaching safepoint: 1358721 ns, At safepoint: 23520 ns, Total: 1382241 ns
[2020-09-11T19:00:08.949+0000][1][safepoint    ] Safepoint "RevokeBias", Time since last: 10890514 ns, Reaching safepoint: 835255 ns, At safepoint: 24468 ns, Total: 859723 ns
[2020-09-11T19:00:08.954+0000][1][safepoint    ] Safepoint "RevokeBias", Time since last: 5586856 ns, Reaching safepoint: 182677 ns, At safepoint: 31541 ns, Total: 214218 ns
[2020-09-11T19:00:09.079+0000][1][safepoint    ] Safepoint "RevokeBias", Time since last: 124274024 ns, Reaching safepoint: 85135 ns, At safepoint: 26225 ns, Total: 111360 ns
[2020-09-11T19:00:10.079+0000][1][safepoint    ] Safepoint "Cleanup", Time since last: 1000113649 ns, Reaching safepoint: 89965 ns, At safepoint: 9952 ns, Total: 99917 ns
[2020-09-11T19:00:10.825+0000][1][safepoint    ] Safepoint "RevokeBias", Time since last: 746168697 ns, Reaching safepoint: 97536 ns, At safepoint: 24134 ns, Total: 121670 ns
[2020-09-11T19:00:11.826+0000][1][safepoint    ] Safepoint "Cleanup", Time since last: 1000108550 ns, Reaching safepoint: 95829 ns, At safepoint: 10865 ns, Total: 106694 ns
[2020-09-11T19:00:12.826+0000][1][safepoint    ] Safepoint "Cleanup", Time since last: 1000115230 ns, Reaching safepoint: 86342 ns, At safepoint: 9915 ns, Total: 96257 ns
[2020-09-11T19:00:16.555+0000][1][safepoint    ] Safepoint "RevokeBias", Time since last: 3729190662 ns, Reaching safepoint: 90873 ns, At safepoint: 26237 ns, Total: 117110 ns
[2020-09-11T19:00:18.555+0000][1][safepoint    ] Safepoint "Cleanup", Time since last: 2000178165 ns, Reaching safepoint: 86925 ns, At safepoint: 9899 ns, Total: 96824 ns
[2020-09-11T19:00:18.599+0000][1][safepoint    ] Safepoint "RevokeBias", Time since last: 44009750 ns, Reaching safepoint: 88693 ns, At safepoint: 26294 ns, Total: 114987 ns
[2020-09-11T19:00:19.004+0000][1][gc,start     ] GC(278) Pause Young (Allocation Failure)
[2020-09-11T19:00:19.004+0000][1][gc,task      ] GC(278) Using 1 workers of 1 for evacuation
[2020-09-11T19:00:19.025+0000][1][gc,age       ] GC(278) Desired survivor size 4358144 bytes, new threshold 6 (max threshold 6)
[2020-09-11T19:00:19.025+0000][1][gc,age       ] GC(278) Age table with threshold 6 (max threshold 6)
[2020-09-11T19:00:19.025+0000][1][gc,age       ] GC(278) - age   1:     170584 bytes,     170584 total
[2020-09-11T19:00:19.025+0000][1][gc,age       ] GC(278) - age   2:      65232 bytes,     235816 total
[2020-09-11T19:00:19.025+0000][1][gc,age       ] GC(278) - age   3:      85144 bytes,     320960 total
[2020-09-11T19:00:19.025+0000][1][gc,age       ] GC(278) - age   4:      49768 bytes,     370728 total
[2020-09-11T19:00:19.025+0000][1][gc,age       ] GC(278) - age   5:     459504 bytes,     830232 total
[2020-09-11T19:00:19.025+0000][1][gc,age       ] GC(278) - age   6:      94704 bytes,     924936 total
[2020-09-11T19:00:19.025+0000][1][gc,heap      ] GC(278) ParNew: 69073K->1785K(76672K)
[2020-09-11T19:00:19.025+0000][1][gc,heap      ] GC(278) CMS: 142993K->143037K(439104K)
[2020-09-11T19:00:19.025+0000][1][gc,metaspace ] GC(278) Metaspace: 96374K->96374K(1138688K)
[2020-09-11T19:00:19.025+0000][1][gc           ] GC(278) Pause Young (Allocation Failure) 207M->141M(503M) 20.874ms
[2020-09-11T19:00:19.025+0000][1][gc,cpu       ] GC(278) User=0.01s Sys=0.00s Real=0.02s
[2020-09-11T19:00:19.025+0000][1][safepoint    ] Safepoint "GenCollectForAllocation", Time since last: 400564722 ns, Reaching safepoint: 4074152 ns, At safepoint: 20948007 ns, Total: 25022159 ns
[2020-09-11T19:00:20.831+0000][1][safepoint    ] Safepoint "RevokeBias", Time since last: 1805960451 ns, Reaching safepoint: 95031 ns, At safepoint: 25478 ns, Total: 120509 ns
[2020-09-11T19:00:21.831+0000][1][safepoint    ] Safepoint "Cleanup", Time since last: 1000097419 ns, Reaching safepoint: 96621 ns, At safepoint: 8058 ns, Total: 104679 ns
[2020-09-11T19:00:25.832+0000][1][safepoint    ] Safepoint "Cleanup", Time since last: 4000363111 ns, Reaching safepoint: 90215 ns, At safepoint: 9527 ns, Total: 99742 ns
[2020-09-11T19:00:26.553+0000][1][safepoint    ] Safepoint "RevokeBias", Time since last: 720768060 ns, Reaching safepoint: 90821 ns, At safepoint: 48944 ns, Total: 139765 ns
[2020-09-11T19:00:28.547+0000][1][safepoint    ] Safepoint "RevokeBias", Time since last: 1994377896 ns, Reaching safepoint: 91888 ns, At safepoint: 27418 ns, Total: 119306 ns
[2020-09-11T19:00:31.091+0000][1][safepoint    ] Safepoint "RevokeBias", Time since last: 2543410752 ns, Reaching safepoint: 89350 ns, At safepoint: 25663 ns, Total: 115013 ns
[2020-09-11T19:00:36.525+0000][1][gc,start     ] GC(279) Pause Young (Allocation Failure)
[2020-09-11T19:00:36.525+0000][1][gc,task      ] GC(279) Using 1 workers of 1 for evacuation
[2020-09-11T19:00:36.535+0000][1][gc,age       ] GC(279) Desired survivor size 4358144 bytes, new threshold 6 (max threshold 6)
[2020-09-11T19:00:36.535+0000][1][gc,age       ] GC(279) Age table with threshold 6 (max threshold 6)
[2020-09-11T19:00:36.535+0000][1][gc,age       ] GC(279) - age   1:     141368 bytes,     141368 total
[2020-09-11T19:00:36.535+0000][1][gc,age       ] GC(279) - age   2:     103712 bytes,     245080 total
[2020-09-11T19:00:36.535+0000][1][gc,age       ] GC(279) - age   3:      59464 bytes,     304544 total
[2020-09-11T19:00:36.535+0000][1][gc,age       ] GC(279) - age   4:      85144 bytes,     389688 total
[2020-09-11T19:00:36.535+0000][1][gc,age       ] GC(279) - age   5:      49456 bytes,     439144 total
[2020-09-11T19:00:36.535+0000][1][gc,age       ] GC(279) - age   6:     459504 bytes,     898648 total
[2020-09-11T19:00:36.535+0000][1][gc,heap      ] GC(279) ParNew: 69945K->1123K(76672K)
[2020-09-11T19:00:36.535+0000][1][gc,heap      ] GC(279) CMS: 143037K->143128K(439104K)
[2020-09-11T19:00:36.535+0000][1][gc,metaspace ] GC(279) Metaspace: 96379K->96379K(1138688K)
[2020-09-11T19:00:36.535+0000][1][gc           ] GC(279) Pause Young (Allocation Failure) 207M->140M(503M) 10.134ms
[2020-09-11T19:00:36.535+0000][1][gc,cpu       ] GC(279) User=0.00s Sys=0.00s Real=0.01s
[2020-09-11T19:00:36.537+0000][1][safepoint    ] Safepoint "GenCollectForAllocation", Time since last: 5432601375 ns, Reaching safepoint: 1557597 ns, At safepoint: 11927913 ns, Total: 13485510 ns
[2020-09-11T19:00:36.606+0000][1][safepoint    ] Safepoint "RevokeBias", Time since last: 69212436 ns, Reaching safepoint: 104397 ns, At safepoint: 27757 ns, Total: 132154 ns
[2020-09-11T19:00:38.463+0000][1][safepoint    ] Safepoint "RevokeBias", Time since last: 1856214448 ns, Reaching safepoint: 218977 ns, At safepoint: 28386 ns, Total: 247363 ns
[2020-09-11T19:00:38.463+0000][1][safepoint    ] Safepoint "RevokeBias", Time since last: 69599 ns, Reaching safepoint: 164368 ns, At safepoint: 18019 ns, Total: 182387 ns
[2020-09-11T19:00:38.463+0000][1][safepoint    ] Safepoint "RevokeBias", Time since last: 60714 ns, Reaching safepoint: 151861 ns, At safepoint: 16221 ns, Total: 168082 ns
[2020-09-11T19:00:38.463+0000][1][safepoint    ] Safepoint "RevokeBias", Time since last: 49753 ns, Reaching safepoint: 165624 ns, At safepoint: 15787 ns, Total: 181411 ns
[2020-09-11T19:00:38.464+0000][1][safepoint    ] Safepoint "RevokeBias", Time since last: 38538 ns, Reaching safepoint: 932605 ns, At safepoint: 17720 ns, Total: 950325 ns
[2020-09-11T19:00:38.465+0000][1][safepoint    ] Safepoint "RevokeBias", Time since last: 45334 ns, Reaching safepoint: 144112 ns, At safepoint: 15095 ns, Total: 159207 ns
[2020-09-11T19:00:38.465+0000][1][safepoint    ] Safepoint "RevokeBias", Time since last: 36385 ns, Reaching safepoint: 644466 ns, At safepoint: 16138 ns, Total: 660604 ns
[2020-09-11T19:00:38.465+0000][1][safepoint    ] Safepoint "RevokeBias", Time since last: 39909 ns, Reaching safepoint: 131202 ns, At safepoint: 24136 ns, Total: 155338 ns
[2020-09-11T19:00:38.466+0000][1][safepoint    ] Safepoint "RevokeBias", Time since last: 30328 ns, Reaching safepoint: 140450 ns, At safepoint: 467379 ns, Total: 607829 ns
[2020-09-11T19:00:38.466+0000][1][safepoint    ] Safepoint "RevokeBias", Time since last: 42523 ns, Reaching safepoint: 63818 ns, At safepoint: 24773 ns, Total: 88591 ns
[2020-09-11T19:00:38.592+0000][1][safepoint    ] Safepoint "RevokeBias", Time since last: 125323887 ns, Reaching safepoint: 92923 ns, At safepoint: 25595 ns, Total: 118518 ns
[2020-09-11T19:00:40.806+0000][1][safepoint    ] Safepoint "RevokeBias", Time since last: 2214199914 ns, Reaching safepoint: 85965 ns, At safepoint: 22918 ns, Total: 108883 ns
[2020-09-11T19:00:46.560+0000][1][safepoint    ] Safepoint "RevokeBias", Time since last: 5753965925 ns, Reaching safepoint: 175014 ns, At safepoint: 26988 ns, Total: 202002 ns
[2020-09-11T19:00:48.609+0000][1][gc,start     ] GC(280) Pause Young (Allocation Failure)
[2020-09-11T19:00:48.610+0000][1][gc,task      ] GC(280) Using 1 workers of 1 for evacuation
[2020-09-11T19:00:48.617+0000][1][gc,age       ] GC(280) Desired survivor size 4358144 bytes, new threshold 6 (max threshold 6)
[2020-09-11T19:00:48.617+0000][1][gc,age       ] GC(280) Age table with threshold 6 (max threshold 6)
[2020-09-11T19:00:48.617+0000][1][gc,age       ] GC(280) - age   1:     346024 bytes,     346024 total
[2020-09-11T19:00:48.617+0000][1][gc,age       ] GC(280) - age   2:      70136 bytes,     416160 total
[2020-09-11T19:00:48.617+0000][1][gc,age       ] GC(280) - age   3:     100160 bytes,     516320 total
[2020-09-11T19:00:48.617+0000][1][gc,age       ] GC(280) - age   4:      59464 bytes,     575784 total
[2020-09-11T19:00:48.617+0000][1][gc,age       ] GC(280) - age   5:      85144 bytes,     660928 total
[2020-09-11T19:00:48.617+0000][1][gc,age       ] GC(280) - age   6:      49456 bytes,     710384 total
[2020-09-11T19:00:48.617+0000][1][gc,heap      ] GC(280) ParNew: 69283K->798K(76672K)
[2020-09-11T19:00:48.617+0000][1][gc,heap      ] GC(280) CMS: 143128K->143577K(439104K)
[2020-09-11T19:00:48.618+0000][1][gc,metaspace ] GC(280) Metaspace: 96382K->96382K(1138688K)
[2020-09-11T19:00:48.618+0000][1][gc           ] GC(280) Pause Young (Allocation Failure) 207M->140M(503M) 8.075ms
[2020-09-11T19:00:48.618+0000][1][gc,cpu       ] GC(280) User=0.01s Sys=0.00s Real=0.01s
[2020-09-11T19:00:48.622+0000][1][safepoint    ] Safepoint "GenCollectForAllocation", Time since last: 2049247520 ns, Reaching safepoint: 98603 ns, At safepoint: 12530570 ns, Total: 12629173 ns
[2020-09-11T19:00:48.852+0000][1][safepoint    ] Safepoint "RevokeBias", Time since last: 230396287 ns, Reaching safepoint: 89878 ns, At safepoint: 26030 ns, Total: 115908 ns
[2020-09-11T19:00:50.812+0000][1][safepoint    ] Safepoint "RevokeBias", Time since last: 1959415796 ns, Reaching safepoint: 88549 ns, At safepoint: 27388 ns, Total: 115937 ns
[2020-09-11T19:00:56.550+0000][1][safepoint    ] Safepoint "RevokeBias", Time since last: 5737660275 ns, Reaching safepoint: 90653 ns, At safepoint: 26261 ns, Total: 116914 ns
[2020-09-11T19:00:58.590+0000][1][safepoint    ] Safepoint "RevokeBias", Time since last: 2039963164 ns, Reaching safepoint: 92552 ns, At safepoint: 28013 ns, Total: 120565 ns
[2020-09-11T19:01:00.809+0000][1][safepoint    ] Safepoint "RevokeBias", Time since last: 2219225020 ns, Reaching safepoint: 92800 ns, At safepoint: 41502 ns, Total: 134302 ns
[2020-09-11T19:01:01.809+0000][1][safepoint    ] Safepoint "Cleanup", Time since last: 1000106940 ns, Reaching safepoint: 88978 ns, At safepoint: 9680 ns, Total: 98658 ns
[2020-09-11T19:01:06.546+0000][1][safepoint    ] Safepoint "RevokeBias", Time since last: 4735967984 ns, Reaching safepoint: 92799 ns, At safepoint: 24761 ns, Total: 117560 ns
[2020-09-11T19:01:07.025+0000][1][gc,start     ] GC(281) Pause Young (Allocation Failure)
[2020-09-11T19:01:07.025+0000][1][gc,task      ] GC(281) Using 1 workers of 1 for evacuation
[2020-09-11T19:01:07.034+0000][1][gc,age       ] GC(281) Desired survivor size 4358144 bytes, new threshold 6 (max threshold 6)
[2020-09-11T19:01:07.034+0000][1][gc,age       ] GC(281) Age table with threshold 6 (max threshold 6)
[2020-09-11T19:01:07.034+0000][1][gc,age       ] GC(281) - age   1:     158784 bytes,     158784 total
[2020-09-11T19:01:07.034+0000][1][gc,age       ] GC(281) - age   2:     295984 bytes,     454768 total
[2020-09-11T19:01:07.034+0000][1][gc,age       ] GC(281) - age   3:      64408 bytes,     519176 total
[2020-09-11T19:01:07.034+0000][1][gc,age       ] GC(281) - age   4:      98896 bytes,     618072 total
[2020-09-11T19:01:07.034+0000][1][gc,age       ] GC(281) - age   5:      57168 bytes,     675240 total
[2020-09-11T19:01:07.034+0000][1][gc,age       ] GC(281) - age   6:      84128 bytes,     759368 total
[2020-09-11T19:01:07.034+0000][1][gc,heap      ] GC(281) ParNew: 68958K->1439K(76672K)
[2020-09-11T19:01:07.034+0000][1][gc,heap      ] GC(281) CMS: 143577K->143623K(439104K)
[2020-09-11T19:01:07.034+0000][1][gc,metaspace ] GC(281) Metaspace: 96390K->96390K(1138688K)
[2020-09-11T19:01:07.035+0000][1][gc           ] GC(281) Pause Young (Allocation Failure) 207M->141M(503M) 9.686ms
[2020-09-11T19:01:07.035+0000][1][gc,cpu       ] GC(281) User=0.01s Sys=0.00s Real=0.01s
[2020-09-11T19:01:07.037+0000][1][safepoint    ] Safepoint "GenCollectForAllocation", Time since last: 479126386 ns, Reaching safepoint: 167017 ns, At safepoint: 11957241 ns, Total: 12124258 ns
[2020-09-11T19:01:08.637+0000][1][safepoint    ] Safepoint "RevokeBias", Time since last: 1600426247 ns, Reaching safepoint: 100255 ns, At safepoint: 27337 ns, Total: 127592 ns
[2020-09-11T19:01:11.093+0000][1][safepoint    ] Safepoint "RevokeBias", Time since last: 2455135184 ns, Reaching safepoint: 92315 ns, At safepoint: 25649 ns, Total: 117964 ns
[2020-09-11T19:01:16.093+0000][1][safepoint    ] Safepoint "Cleanup", Time since last: 5000414673 ns, Reaching safepoint: 91055 ns, At safepoint: 8362 ns, Total: 99417 ns
[2020-09-11T19:01:16.577+0000][1][safepoint    ] Safepoint "RevokeBias", Time since last: 481488416 ns, Reaching safepoint: 2258480 ns, At safepoint: 29348 ns, Total: 2287828 ns
[2020-09-11T19:01:18.577+0000][1][safepoint    ] Safepoint "Cleanup", Time since last: 2000176061 ns, Reaching safepoint: 102650 ns, At safepoint: 10037 ns, Total: 112687 ns
[2020-09-11T19:01:18.731+0000][1][safepoint    ] Safepoint "RevokeBias", Time since last: 153223039 ns, Reaching safepoint: 89974 ns, At safepoint: 26555 ns, Total: 116529 ns
[2020-09-11T19:01:20.731+0000][1][safepoint    ] Safepoint "Cleanup", Time since last: 2000177688 ns, Reaching safepoint: 86730 ns, At safepoint: 8964 ns, Total: 95694 ns
[2020-09-11T19:01:20.819+0000][1][safepoint    ] Safepoint "RevokeBias", Time since last: 87615283 ns, Reaching safepoint: 90192 ns, At safepoint: 27172 ns, Total: 117364 ns
[2020-09-11T19:01:22.819+0000][1][safepoint    ] Safepoint "Cleanup", Time since last: 2000187802 ns, Reaching safepoint: 100642 ns, At safepoint: 10456 ns, Total: 111098 ns
[2020-09-11T19:01:26.546+0000][1][safepoint    ] Safepoint "RevokeBias", Time since last: 3726570938 ns, Reaching safepoint: 100973 ns, At safepoint: 25197 ns, Total: 126170 ns
[2020-09-11T19:01:27.062+0000][1][gc,start     ] GC(282) Pause Young (Allocation Failure)
[2020-09-11T19:01:27.062+0000][1][gc,task      ] GC(282) Using 1 workers of 1 for evacuation
[2020-09-11T19:01:27.071+0000][1][gc,age       ] GC(282) Desired survivor size 4358144 bytes, new threshold 6 (max threshold 6)
[2020-09-11T19:01:27.071+0000][1][gc,age       ] GC(282) Age table with threshold 6 (max threshold 6)
[2020-09-11T19:01:27.071+0000][1][gc,age       ] GC(282) - age   1:     157952 bytes,     157952 total
[2020-09-11T19:01:27.071+0000][1][gc,age       ] GC(282) - age   2:     104720 bytes,     262672 total
[2020-09-11T19:01:27.071+0000][1][gc,age       ] GC(282) - age   3:     293944 bytes,     556616 total
[2020-09-11T19:01:27.071+0000][1][gc,age       ] GC(282) - age   4:      62544 bytes,     619160 total
[2020-09-11T19:01:27.071+0000][1][gc,age       ] GC(282) - age   5:      98896 bytes,     718056 total
[2020-09-11T19:01:27.071+0000][1][gc,age       ] GC(282) - age   6:      56896 bytes,     774952 total
[2020-09-11T19:01:27.071+0000][1][gc,heap      ] GC(282) ParNew: 69599K->963K(76672K)
[2020-09-11T19:01:27.071+0000][1][gc,heap      ] GC(282) CMS: 143623K->143706K(439104K)
[2020-09-11T19:01:27.071+0000][1][gc,metaspace ] GC(282) Metaspace: 96412K->96412K(1138688K)
[2020-09-11T19:01:27.071+0000][1][gc           ] GC(282) Pause Young (Allocation Failure) 208M->141M(503M) 9.399ms
[2020-09-11T19:01:27.071+0000][1][gc,cpu       ] GC(282) User=0.00s Sys=0.01s Real=0.00s
[2020-09-11T19:01:27.073+0000][1][safepoint    ] Safepoint "GenCollectForAllocation", Time since last: 515924560 ns, Reaching safepoint: 155248 ns, At safepoint: 11210936 ns, Total: 11366184 ns
[2020-09-11T19:01:28.081+0000][1][safepoint    ] Safepoint "Cleanup", Time since last: 1008122333 ns, Reaching safepoint: 86533 ns, At safepoint: 9645 ns, Total: 96178 ns
[2020-09-11T19:01:28.792+0000][1][safepoint    ] Safepoint "BulkRevokeBias", Time since last: 710492521 ns, Reaching safepoint: 100578 ns, At safepoint: 249249 ns, Total: 349827 ns
[2020-09-11T19:01:30.851+0000][1][safepoint    ] Safepoint "RevokeBias", Time since last: 2059278135 ns, Reaching safepoint: 188876 ns, At safepoint: 42446 ns, Total: 231322 ns
[2020-09-11T19:01:36.596+0000][1][safepoint    ] Safepoint "RevokeBias", Time since last: 5744108809 ns, Reaching safepoint: 92007 ns, At safepoint: 26964 ns, Total: 118971 ns
[2020-09-11T19:01:38.648+0000][1][safepoint    ] Safepoint "RevokeBias", Time since last: 2052363541 ns, Reaching safepoint: 90812 ns, At safepoint: 27642 ns, Total: 118454 ns
[2020-09-11T19:01:40.648+0000][1][safepoint    ] Safepoint "Cleanup", Time since last: 2000191361 ns, Reaching safepoint: 94297 ns, At safepoint: 9767 ns, Total: 104064 ns
[2020-09-11T19:01:40.829+0000][1][safepoint    ] Safepoint "RevokeBias", Time since last: 180251628 ns, Reaching safepoint: 93795 ns, At safepoint: 54821 ns, Total: 148616 ns
[2020-09-11T19:01:41.829+0000][1][safepoint    ] Safepoint "Cleanup", Time since last: 1000107069 ns, Reaching safepoint: 87838 ns, At safepoint: 9586 ns, Total: 97424 ns
[2020-09-11T19:01:42.100+0000][1][gc,start     ] GC(283) Pause Young (Allocation Failure)
[2020-09-11T19:01:42.100+0000][1][gc,task      ] GC(283) Using 1 workers of 1 for evacuation
[2020-09-11T19:01:42.109+0000][1][gc,age       ] GC(283) Desired survivor size 4358144 bytes, new threshold 6 (max threshold 6)
[2020-09-11T19:01:42.109+0000][1][gc,age       ] GC(283) Age table with threshold 6 (max threshold 6)
[2020-09-11T19:01:42.109+0000][1][gc,age       ] GC(283) - age   1:     681928 bytes,     681928 total
[2020-09-11T19:01:42.109+0000][1][gc,age       ] GC(283) - age   2:     106144 bytes,     788072 total
[2020-09-11T19:01:42.109+0000][1][gc,age       ] GC(283) - age   3:     100376 bytes,     888448 total
[2020-09-11T19:01:42.109+0000][1][gc,age       ] GC(283) - age   4:     293648 bytes,    1182096 total
[2020-09-11T19:01:42.109+0000][1][gc,age       ] GC(283) - age   5:      62544 bytes,    1244640 total
[2020-09-11T19:01:42.109+0000][1][gc,age       ] GC(283) - age   6:      98344 bytes,    1342984 total
[2020-09-11T19:01:42.109+0000][1][gc,heap      ] GC(283) ParNew: 69123K->1939K(76672K)
[2020-09-11T19:01:42.109+0000][1][gc,heap      ] GC(283) CMS: 143706K->143760K(439104K)
[2020-09-11T19:01:42.109+0000][1][gc,metaspace ] GC(283) Metaspace: 96465K->96465K(1138688K)
[2020-09-11T19:01:42.109+0000][1][gc           ] GC(283) Pause Young (Allocation Failure) 207M->142M(503M) 9.441ms
[2020-09-11T19:01:42.109+0000][1][gc,cpu       ] GC(283) User=0.01s Sys=0.00s Real=0.01s
[2020-09-11T19:01:42.109+0000][1][safepoint    ] Safepoint "GenCollectForAllocation", Time since last: 270491066 ns, Reaching safepoint: 162194 ns, At safepoint: 9508283 ns, Total: 9670477 ns
[2020-09-11T19:01:44.393+0000][1][safepoint    ] Safepoint "Cleanup", Time since last: 2279562899 ns, Reaching safepoint: 4187664 ns, At safepoint: 29057 ns, Total: 4216721 ns
[2020-09-11T19:01:44.449+0000][1][safepoint    ] Safepoint "RevokeBias", Time since last: 52903330 ns, Reaching safepoint: 3068314 ns, At safepoint: 130346 ns, Total: 3198660 ns
[2020-09-11T19:01:44.454+0000][1][safepoint    ] Safepoint "RevokeBias", Time since last: 1186960 ns, Reaching safepoint: 3978663 ns, At safepoint: 135627 ns, Total: 4114290 ns
[2020-09-11T19:01:44.638+0000][1][safepoint    ] Safepoint "RevokeBias", Time since last: 174243071 ns, Reaching safepoint: 9400278 ns, At safepoint: 28872 ns, Total: 9429150 ns
[2020-09-11T19:01:45.137+0000][1][safepoint    ] Safepoint "RevokeBias", Time since last: 498938453 ns, Reaching safepoint: 219878 ns, At safepoint: 10042 ns, Total: 229920 ns
[2020-09-11T19:01:45.143+0000][1][safepoint    ] Safepoint "RevokeBias", Time since last: 5890375 ns, Reaching safepoint: 156956 ns, At safepoint: 22479 ns, Total: 179435 ns
[2020-09-11T19:01:45.144+0000][1][safepoint    ] Safepoint "RevokeBias", Time since last: 303215 ns, Reaching safepoint: 414229 ns, At safepoint: 17877 ns, Total: 432106 ns
[2020-09-11T19:01:45.155+0000][1][safepoint    ] Safepoint "RevokeBias", Time since last: 9528661 ns, Reaching safepoint: 1170296 ns, At safepoint: 24347 ns, Total: 1194643 ns
[2020-09-11T19:01:45.157+0000][1][safepoint    ] Safepoint "RevokeBias", Time since last: 2522017 ns, Reaching safepoint: 154842 ns, At safepoint: 19312 ns, Total: 174154 ns
[2020-09-11T19:01:45.159+0000][1][safepoint    ] Safepoint "RevokeBias", Time since last: 1448474 ns, Reaching safepoint: 321549 ns, At safepoint: 18873 ns, Total: 340422 ns
[2020-09-11T19:01:45.169+0000][1][safepoint    ] Safepoint "RevokeBias", Time since last: 7273427 ns, Reaching safepoint: 2384472 ns, At safepoint: 28176 ns, Total: 2412648 ns
[2020-09-11T19:01:45.170+0000][1][safepoint    ] Safepoint "RevokeBias", Time since last: 1046377 ns, Reaching safepoint: 107245 ns, At safepoint: 14201 ns, Total: 121446 ns
[2020-09-11T19:01:45.170+0000][1][safepoint    ] Safepoint "RevokeBias", Time since last: 119921 ns, Reaching safepoint: 101684 ns, At safepoint: 13623 ns, Total: 115307 ns
[2020-09-11T19:01:45.171+0000][1][safepoint    ] Safepoint "RevokeBias", Time since last: 121793 ns, Reaching safepoint: 100689 ns, At safepoint: 14713 ns, Total: 115402 ns
[2020-09-11T19:01:45.173+0000][1][safepoint    ] Safepoint "RevokeBias", Time since last: 220296 ns, Reaching safepoint: 2082063 ns, At safepoint: 20255 ns, Total: 2102318 ns
[2020-09-11T19:01:45.526+0000][1][safepoint    ] Safepoint "RevokeBias", Time since last: 352921204 ns, Reaching safepoint: 93731 ns, At safepoint: 30588 ns, Total: 124319 ns
[2020-09-11T19:01:46.588+0000][1][safepoint    ] Safepoint "RevokeBias", Time since last: 1062174550 ns, Reaching safepoint: 97603 ns, At safepoint: 26121 ns, Total: 123724 ns
[2020-09-11T19:01:48.579+0000][1][gc,start     ] GC(284) Pause Young (Allocation Failure)
[2020-09-11T19:01:48.579+0000][1][gc,task      ] GC(284) Using 1 workers of 1 for evacuation
[2020-09-11T19:01:48.592+0000][1][gc,age       ] GC(284) Desired survivor size 4358144 bytes, new threshold 6 (max threshold 6)
[2020-09-11T19:01:48.592+0000][1][gc,age       ] GC(284) Age table with threshold 6 (max threshold 6)
[2020-09-11T19:01:48.592+0000][1][gc,age       ] GC(284) - age   1:     286848 bytes,     286848 total
[2020-09-11T19:01:48.592+0000][1][gc,age       ] GC(284) - age   2:     638320 bytes,     925168 total
[2020-09-11T19:01:48.593+0000][1][gc,age       ] GC(284) - age   3:     102168 bytes,    1027336 total
[2020-09-11T19:01:48.593+0000][1][gc,age       ] GC(284) - age   4:     100064 bytes,    1127400 total
[2020-09-11T19:01:48.593+0000][1][gc,age       ] GC(284) - age   5:     293272 bytes,    1420672 total
[2020-09-11T19:01:48.593+0000][1][gc,age       ] GC(284) - age   6:      61024 bytes,    1481696 total
[2020-09-11T19:01:48.593+0000][1][gc,heap      ] GC(284) ParNew: 70099K->2290K(76672K)
[2020-09-11T19:01:48.593+0000][1][gc,heap      ] GC(284) CMS: 143760K->143852K(439104K)
[2020-09-11T19:01:48.593+0000][1][gc,metaspace ] GC(284) Metaspace: 96501K->96501K(1138688K)
[2020-09-11T19:01:48.593+0000][1][gc           ] GC(284) Pause Young (Allocation Failure) 208M->142M(503M) 13.605ms
[2020-09-11T19:01:48.593+0000][1][gc,cpu       ] GC(284) User=0.00s Sys=0.00s Real=0.01s
[2020-09-11T19:01:48.614+0000][1][safepoint    ] Safepoint "GenCollectForAllocation", Time since last: 1990076900 ns, Reaching safepoint: 740860 ns, At safepoint: 34657407 ns, Total: 35398267 ns
[2020-09-11T19:01:48.765+0000][1][safepoint    ] Safepoint "RevokeBias", Time since last: 151308796 ns, Reaching safepoint: 87666 ns, At safepoint: 21323 ns, Total: 108989 ns
[2020-09-11T19:01:50.837+0000][1][safepoint    ] Safepoint "RevokeBias", Time since last: 2071726796 ns, Reaching safepoint: 166340 ns, At safepoint: 28062 ns, Total: 194402 ns
[2020-09-11T19:01:52.837+0000][1][safepoint    ] Safepoint "Cleanup", Time since last: 2000190721 ns, Reaching safepoint: 96726 ns, At safepoint: 10142 ns, Total: 106868 ns
[2020-09-11T19:01:56.544+0000][1][safepoint    ] Safepoint "RevokeBias", Time since last: 3706752607 ns, Reaching safepoint: 90080 ns, At safepoint: 25108 ns, Total: 115188 ns
[2020-09-11T19:01:58.637+0000][1][safepoint    ] Safepoint "RevokeBias", Time since last: 2093074291 ns, Reaching safepoint: 90609 ns, At safepoint: 25432 ns, Total: 116041 ns
[2020-09-11T19:02:00.910+0000][1][safepoint    ] Safepoint "RevokeBias", Time since last: 2272224163 ns, Reaching safepoint: 107745 ns, At safepoint: 28513 ns, Total: 136258 ns
[2020-09-11T19:02:02.910+0000][1][safepoint    ] Safepoint "Cleanup", Time since last: 2000179479 ns, Reaching safepoint: 90528 ns, At safepoint: 10498 ns, Total: 101026 ns
[2020-09-11T19:02:04.176+0000][1][gc,start     ] GC(285) Pause Young (Allocation Failure)
[2020-09-11T19:02:04.176+0000][1][gc,task      ] GC(285) Using 1 workers of 1 for evacuation
[2020-09-11T19:02:04.186+0000][1][gc,age       ] GC(285) Desired survivor size 4358144 bytes, new threshold 6 (max threshold 6)
[2020-09-11T19:02:04.186+0000][1][gc,age       ] GC(285) Age table with threshold 6 (max threshold 6)
[2020-09-11T19:02:04.186+0000][1][gc,age       ] GC(285) - age   1:     216592 bytes,     216592 total
[2020-09-11T19:02:04.186+0000][1][gc,age       ] GC(285) - age   2:     147256 bytes,     363848 total
[2020-09-11T19:02:04.186+0000][1][gc,age       ] GC(285) - age   3:     627224 bytes,     991072 total
[2020-09-11T19:02:04.186+0000][1][gc,age       ] GC(285) - age   4:      98936 bytes,    1090008 total
[2020-09-11T19:02:04.186+0000][1][gc,age       ] GC(285) - age   5:      99464 bytes,    1189472 total
[2020-09-11T19:02:04.186+0000][1][gc,age       ] GC(285) - age   6:     293272 bytes,    1482744 total
[2020-09-11T19:02:04.186+0000][1][gc,heap      ] GC(285) ParNew: 70450K->2743K(76672K)
[2020-09-11T19:02:04.186+0000][1][gc,heap      ] GC(285) CMS: 143852K->143910K(439104K)
[2020-09-11T19:02:04.186+0000][1][gc,metaspace ] GC(285) Metaspace: 96520K->96520K(1138688K)
[2020-09-11T19:02:04.186+0000][1][gc           ] GC(285) Pause Young (Allocation Failure) 209M->143M(503M) 9.846ms
[2020-09-11T19:02:04.186+0000][1][gc,cpu       ] GC(285) User=0.00s Sys=0.00s Real=0.01s
[2020-09-11T19:02:04.186+0000][1][safepoint    ] Safepoint "GenCollectForAllocation", Time since last: 1266259750 ns, Reaching safepoint: 106078 ns, At safepoint: 9940180 ns, Total: 10046258 ns
[2020-09-11T19:02:06.592+0000][1][safepoint    ] Safepoint "RevokeBias", Time since last: 2405963429 ns, Reaching safepoint: 90045 ns, At safepoint: 26656 ns, Total: 116701 ns
[2020-09-11T19:02:08.593+0000][1][safepoint    ] Safepoint "Cleanup", Time since last: 2000176153 ns, Reaching safepoint: 86595 ns, At safepoint: 6809 ns, Total: 93404 ns
[2020-09-11T19:02:08.596+0000][1][safepoint    ] Safepoint "RevokeBias", Time since last: 3726981 ns, Reaching safepoint: 83111 ns, At safepoint: 21961 ns, Total: 105072 ns
[2020-09-11T19:02:10.829+0000][1][safepoint    ] Safepoint "RevokeBias", Time since last: 2232716889 ns, Reaching safepoint: 89437 ns, At safepoint: 27212 ns, Total: 116649 ns
[2020-09-11T19:02:12.830+0000][1][safepoint    ] Safepoint "Cleanup", Time since last: 2000237056 ns, Reaching safepoint: 100192 ns, At safepoint: 7430 ns, Total: 107622 ns
[2020-09-11T19:02:15.830+0000][1][safepoint    ] Safepoint "Cleanup", Time since last: 3000263584 ns, Reaching safepoint: 90339 ns, At safepoint: 8728 ns, Total: 99067 ns
[2020-09-11T19:02:16.575+0000][1][safepoint    ] Safepoint "RevokeBias", Time since last: 744751970 ns, Reaching safepoint: 174808 ns, At safepoint: 28820 ns, Total: 203628 ns
[2020-09-11T19:02:18.625+0000][1][gc,start     ] GC(286) Pause Young (Allocation Failure)
[2020-09-11T19:02:18.625+0000][1][gc,task      ] GC(286) Using 1 workers of 1 for evacuation
[2020-09-11T19:02:18.639+0000][1][gc,age       ] GC(286) Desired survivor size 4358144 bytes, new threshold 6 (max threshold 6)
[2020-09-11T19:02:18.639+0000][1][gc,age       ] GC(286) Age table with threshold 6 (max threshold 6)
[2020-09-11T19:02:18.639+0000][1][gc,age       ] GC(286) - age   1:     130000 bytes,     130000 total
[2020-09-11T19:02:18.639+0000][1][gc,age       ] GC(286) - age   2:     170440 bytes,     300440 total
[2020-09-11T19:02:18.639+0000][1][gc,age       ] GC(286) - age   3:     145760 bytes,     446200 total
[2020-09-11T19:02:18.639+0000][1][gc,age       ] GC(286) - age   4:     625168 bytes,    1071368 total
[2020-09-11T19:02:18.639+0000][1][gc,age       ] GC(286) - age   5:      98832 bytes,    1170200 total
[2020-09-11T19:02:18.639+0000][1][gc,age       ] GC(286) - age   6:      99464 bytes,    1269664 total
[2020-09-11T19:02:18.639+0000][1][gc,heap      ] GC(286) ParNew: 70903K->1771K(76672K)
[2020-09-11T19:02:18.639+0000][1][gc,heap      ] GC(286) CMS: 143910K->144197K(439104K)
[2020-09-11T19:02:18.639+0000][1][gc,metaspace ] GC(286) Metaspace: 96535K->96535K(1138688K)
[2020-09-11T19:02:18.639+0000][1][gc           ] GC(286) Pause Young (Allocation Failure) 209M->142M(503M) 14.100ms
[2020-09-11T19:02:18.639+0000][1][gc,cpu       ] GC(286) User=0.01s Sys=0.00s Real=0.01s
[2020-09-11T19:02:18.640+0000][1][safepoint    ] Safepoint "GenCollectForAllocation", Time since last: 2050218704 ns, Reaching safepoint: 165579 ns, At safepoint: 14214952 ns, Total: 14380531 ns
[2020-09-11T19:02:18.742+0000][1][safepoint    ] Safepoint "RevokeBias", Time since last: 102125942 ns, Reaching safepoint: 89910 ns, At safepoint: 26252 ns, Total: 116162 ns
[2020-09-11T19:02:20.808+0000][1][safepoint    ] Safepoint "RevokeBias", Time since last: 2066327305 ns, Reaching safepoint: 90984 ns, At safepoint: 26376 ns, Total: 117360 ns
[2020-09-11T19:02:23.809+0000][1][safepoint    ] Safepoint "Cleanup", Time since last: 3000276872 ns, Reaching safepoint: 106489 ns, At safepoint: 10518 ns, Total: 117007 ns
[2020-09-11T19:02:26.546+0000][1][safepoint    ] Safepoint "RevokeBias", Time since last: 2737078642 ns, Reaching safepoint: 91892 ns, At safepoint: 26507 ns, Total: 118399 ns
[2020-09-11T19:02:28.617+0000][1][safepoint    ] Safepoint "RevokeBias", Time since last: 2070862896 ns, Reaching safepoint: 110196 ns, At safepoint: 22852 ns, Total: 133048 ns
[2020-09-11T19:02:30.869+0000][1][safepoint    ] Safepoint "RevokeBias", Time since last: 2251953880 ns, Reaching safepoint: 178918 ns, At safepoint: 27403 ns, Total: 206321 ns
[2020-09-11T19:02:36.552+0000][1][safepoint    ] Safepoint "RevokeBias", Time since last: 5682838723 ns, Reaching safepoint: 92812 ns, At safepoint: 24671 ns, Total: 117483 ns
[2020-09-11T19:02:37.185+0000][1][gc,start     ] GC(287) Pause Young (Allocation Failure)
[2020-09-11T19:02:37.185+0000][1][gc,task      ] GC(287) Using 1 workers of 1 for evacuation
[2020-09-11T19:02:37.195+0000][1][gc,age       ] GC(287) Desired survivor size 4358144 bytes, new threshold 6 (max threshold 6)
[2020-09-11T19:02:37.195+0000][1][gc,age       ] GC(287) Age table with threshold 6 (max threshold 6)
[2020-09-11T19:02:37.195+0000][1][gc,age       ] GC(287) - age   1:      63872 bytes,      63872 total
[2020-09-11T19:02:37.195+0000][1][gc,age       ] GC(287) - age   2:       7928 bytes,      71800 total
[2020-09-11T19:02:37.195+0000][1][gc,age       ] GC(287) - age   3:     162456 bytes,     234256 total
[2020-09-11T19:02:37.195+0000][1][gc,age       ] GC(287) - age   4:     145464 bytes,     379720 total
[2020-09-11T19:02:37.195+0000][1][gc,age       ] GC(287) - age   5:     624856 bytes,    1004576 total
[2020-09-11T19:02:37.195+0000][1][gc,age       ] GC(287) - age   6:      98832 bytes,    1103408 total
[2020-09-11T19:02:37.195+0000][1][gc,heap      ] GC(287) ParNew: 69931K->1151K(76672K)
[2020-09-11T19:02:37.195+0000][1][gc,heap      ] GC(287) CMS: 144197K->144294K(439104K)
[2020-09-11T19:02:37.195+0000][1][gc,metaspace ] GC(287) Metaspace: 96546K->96546K(1138688K)
[2020-09-11T19:02:37.195+0000][1][gc           ] GC(287) Pause Young (Allocation Failure) 209M->142M(503M) 10.019ms
[2020-09-11T19:02:37.195+0000][1][gc,cpu       ] GC(287) User=0.00s Sys=0.00s Real=0.01s
[2020-09-11T19:02:37.197+0000][1][safepoint    ] Safepoint "GenCollectForAllocation", Time since last: 632373172 ns, Reaching safepoint: 501551 ns, At safepoint: 11944993 ns, Total: 12446544 ns
[2020-09-11T19:02:38.458+0000][1][safepoint    ] Safepoint "RevokeBias", Time since last: 1260712263 ns, Reaching safepoint: 87293 ns, At safepoint: 34940 ns, Total: 122233 ns
[2020-09-11T19:02:38.458+0000][1][safepoint    ] Safepoint "RevokeBias", Time since last: 56484 ns, Reaching safepoint: 55417 ns, At safepoint: 25400 ns, Total: 80817 ns
[2020-09-11T19:02:38.601+0000][1][safepoint    ] Safepoint "RevokeBias", Time since last: 143169202 ns, Reaching safepoint: 90791 ns, At safepoint: 27975 ns, Total: 118766 ns
[2020-09-11T19:02:40.845+0000][1][safepoint    ] Safepoint "RevokeBias", Time since last: 2243430394 ns, Reaching safepoint: 167685 ns, At safepoint: 27116 ns, Total: 194801 ns
[2020-09-11T19:02:43.845+0000][1][safepoint    ] Safepoint "Cleanup", Time since last: 3000267948 ns, Reaching safepoint: 90291 ns, At safepoint: 7992 ns, Total: 98283 ns
[2020-09-11T19:02:46.555+0000][1][safepoint    ] Safepoint "RevokeBias", Time since last: 2710066715 ns, Reaching safepoint: 89308 ns, At safepoint: 22417 ns, Total: 111725 ns
[2020-09-11T19:02:48.513+0000][1][safepoint    ] Safepoint "RevokeBias", Time since last: 1957345856 ns, Reaching safepoint: 92509 ns, At safepoint: 23819 ns, Total: 116328 ns
[2020-09-11T19:02:50.853+0000][1][safepoint    ] Safepoint "RevokeBias", Time since last: 2340244675 ns, Reaching safepoint: 91307 ns, At safepoint: 24775 ns, Total: 116082 ns
[2020-09-11T19:02:53.651+0000][1][gc,start     ] GC(288) Pause Young (Allocation Failure)
[2020-09-11T19:02:53.651+0000][1][gc,task      ] GC(288) Using 1 workers of 1 for evacuation
[2020-09-11T19:02:53.656+0000][1][gc,age       ] GC(288) Desired survivor size 4358144 bytes, new threshold 6 (max threshold 6)
[2020-09-11T19:02:53.656+0000][1][gc,age       ] GC(288) Age table with threshold 6 (max threshold 6)
[2020-09-11T19:02:53.656+0000][1][gc,age       ] GC(288) - age   1:     182752 bytes,     182752 total
[2020-09-11T19:02:53.656+0000][1][gc,age       ] GC(288) - age   2:      13768 bytes,     196520 total
[2020-09-11T19:02:53.656+0000][1][gc,age       ] GC(288) - age   3:       4376 bytes,     200896 total
[2020-09-11T19:02:53.656+0000][1][gc,age       ] GC(288) - age   4:     161872 bytes,     362768 total
[2020-09-11T19:02:53.656+0000][1][gc,age       ] GC(288) - age   5:     145464 bytes,     508232 total
[2020-09-11T19:02:53.656+0000][1][gc,age       ] GC(288) - age   6:     624856 bytes,    1133088 total
[2020-09-11T19:02:53.656+0000][1][gc,heap      ] GC(288) ParNew: 69311K->2192K(76672K)
[2020-09-11T19:02:53.656+0000][1][gc,heap      ] GC(288) CMS: 144294K->144391K(439104K)
[2020-09-11T19:02:53.656+0000][1][gc,metaspace ] GC(288) Metaspace: 96572K->96572K(1138688K)
[2020-09-11T19:02:53.656+0000][1][gc           ] GC(288) Pause Young (Allocation Failure) 208M->143M(503M) 5.480ms
[2020-09-11T19:02:53.656+0000][1][gc,cpu       ] GC(288) User=0.00s Sys=0.00s Real=0.01s
[2020-09-11T19:02:53.656+0000][1][safepoint    ] Safepoint "GenCollectForAllocation", Time since last: 2797269681 ns, Reaching safepoint: 231244 ns, At safepoint: 5624787 ns, Total: 5856031 ns
[2020-09-11T19:02:56.540+0000][1][safepoint    ] Safepoint "RevokeBias", Time since last: 2883320338 ns, Reaching safepoint: 88550 ns, At safepoint: 35455 ns, Total: 124005 ns
[2020-09-11T19:02:58.560+0000][1][safepoint    ] Safepoint "BulkRevokeBias", Time since last: 2019900697 ns, Reaching safepoint: 86377 ns, At safepoint: 339510 ns, Total: 425887 ns
[2020-09-11T19:03:00.805+0000][1][safepoint    ] Safepoint "RevokeBias", Time since last: 2244788260 ns, Reaching safepoint: 147819 ns, At safepoint: 29586 ns, Total: 177405 ns
[2020-09-11T19:03:06.547+0000][1][safepoint    ] Safepoint "RevokeBias", Time since last: 5742061466 ns, Reaching safepoint: 128067 ns, At safepoint: 35665 ns, Total: 163732 ns
[2020-09-11T19:03:08.478+0000][1][gc,start     ] GC(289) Pause Young (Allocation Failure)
[2020-09-11T19:03:08.478+0000][1][gc,task      ] GC(289) Using 1 workers of 1 for evacuation
[2020-09-11T19:03:08.483+0000][1][gc,age       ] GC(289) Desired survivor size 4358144 bytes, new threshold 6 (max threshold 6)
[2020-09-11T19:03:08.483+0000][1][gc,age       ] GC(289) Age table with threshold 6 (max threshold 6)
[2020-09-11T19:03:08.483+0000][1][gc,age       ] GC(289) - age   1:     123280 bytes,     123280 total
[2020-09-11T19:03:08.483+0000][1][gc,age       ] GC(289) - age   2:     108880 bytes,     232160 total
[2020-09-11T19:03:08.483+0000][1][gc,age       ] GC(289) - age   3:       9552 bytes,     241712 total
[2020-09-11T19:03:08.483+0000][1][gc,age       ] GC(289) - age   4:       4080 bytes,     245792 total
[2020-09-11T19:03:08.483+0000][1][gc,age       ] GC(289) - age   5:     161288 bytes,     407080 total
[2020-09-11T19:03:08.483+0000][1][gc,age       ] GC(289) - age   6:     145464 bytes,     552544 total
[2020-09-11T19:03:08.483+0000][1][gc,heap      ] GC(289) ParNew: 70348K->688K(76672K)
[2020-09-11T19:03:08.483+0000][1][gc,heap      ] GC(289) CMS: 144391K->145002K(439104K)
[2020-09-11T19:03:08.483+0000][1][gc,metaspace ] GC(289) Metaspace: 96572K->96572K(1138688K)
[2020-09-11T19:03:08.483+0000][1][gc           ] GC(289) Pause Young (Allocation Failure) 209M->142M(503M) 5.246ms
[2020-09-11T19:03:08.483+0000][1][gc,cpu       ] GC(289) User=0.01s Sys=0.00s Real=0.01s
[2020-09-11T19:03:08.483+0000][1][safepoint    ] Safepoint "GenCollectForAllocation", Time since last: 1930487972 ns, Reaching safepoint: 81148 ns, At safepoint: 5316773 ns, Total: 5397921 ns
[2020-09-11T19:03:08.588+0000][1][safepoint    ] Safepoint "RevokeBias", Time since last: 104537734 ns, Reaching safepoint: 84136 ns, At safepoint: 23219 ns, Total: 107355 ns
[2020-09-11T19:03:10.833+0000][1][safepoint    ] Safepoint "RevokeBias", Time since last: 2245356157 ns, Reaching safepoint: 88481 ns, At safepoint: 22581 ns, Total: 111062 ns
[2020-09-11T19:03:16.620+0000][1][safepoint    ] Safepoint "RevokeBias", Time since last: 5786467937 ns, Reaching safepoint: 285801 ns, At safepoint: 49250 ns, Total: 335051 ns
[2020-09-11T19:03:18.546+0000][1][safepoint    ] Safepoint "RevokeBias", Time since last: 1926270183 ns, Reaching safepoint: 95579 ns, At safepoint: 22317 ns, Total: 117896 ns
[2020-09-11T19:03:20.836+0000][1][safepoint    ] Safepoint "RevokeBias", Time since last: 2289774185 ns, Reaching safepoint: 168863 ns, At safepoint: 23442 ns, Total: 192305 ns
[2020-09-11T19:03:26.550+0000][1][safepoint    ] Safepoint "RevokeBias", Time since last: 5713899026 ns, Reaching safepoint: 104563 ns, At safepoint: 24310 ns, Total: 128873 ns
[2020-09-11T19:03:28.403+0000][1][gc,start     ] GC(290) Pause Young (Allocation Failure)
[2020-09-11T19:03:28.403+0000][1][gc,task      ] GC(290) Using 1 workers of 1 for evacuation
[2020-09-11T19:03:28.417+0000][1][gc,age       ] GC(290) Desired survivor size 4358144 bytes, new threshold 6 (max threshold 6)
[2020-09-11T19:03:28.417+0000][1][gc,age       ] GC(290) Age table with threshold 6 (max threshold 6)
[2020-09-11T19:03:28.417+0000][1][gc,age       ] GC(290) - age   1:     311216 bytes,     311216 total
[2020-09-11T19:03:28.417+0000][1][gc,age       ] GC(290) - age   2:       6056 bytes,     317272 total
[2020-09-11T19:03:28.417+0000][1][gc,age       ] GC(290) - age   3:     103632 bytes,     420904 total
[2020-09-11T19:03:28.417+0000][1][gc,age       ] GC(290) - age   4:       8928 bytes,     429832 total
[2020-09-11T19:03:28.417+0000][1][gc,age       ] GC(290) - age   5:       4080 bytes,     433912 total
[2020-09-11T19:03:28.417+0000][1][gc,age       ] GC(290) - age   6:     161288 bytes,     595200 total
[2020-09-11T19:03:28.417+0000][1][gc,heap      ] GC(290) ParNew: 68848K->1153K(76672K)
[2020-09-11T19:03:28.417+0000][1][gc,heap      ] GC(290) CMS: 145002K->145146K(439104K)
[2020-09-11T19:03:28.417+0000][1][gc,metaspace ] GC(290) Metaspace: 96572K->96572K(1138688K)
[2020-09-11T19:03:28.417+0000][1][gc           ] GC(290) Pause Young (Allocation Failure) 208M->142M(503M) 13.645ms
[2020-09-11T19:03:28.417+0000][1][gc,cpu       ] GC(290) User=0.01s Sys=0.00s Real=0.01s
[2020-09-11T19:03:28.417+0000][1][safepoint    ] Safepoint "GenCollectForAllocation", Time since last: 1852971537 ns, Reaching safepoint: 126839 ns, At safepoint: 13720541 ns, Total: 13847380 ns
[2020-09-11T19:03:28.553+0000][1][safepoint    ] Safepoint "RevokeBias", Time since last: 135353100 ns, Reaching safepoint: 86979 ns, At safepoint: 22486 ns, Total: 109465 ns
[2020-09-11T19:03:30.818+0000][1][safepoint    ] Safepoint "RevokeBias", Time since last: 2265582409 ns, Reaching safepoint: 82821 ns, At safepoint: 21091 ns, Total: 103912 ns
[2020-09-11T19:03:36.551+0000][1][safepoint    ] Safepoint "RevokeBias", Time since last: 5732889206 ns, Reaching safepoint: 121413 ns, At safepoint: 28905 ns, Total: 150318 ns
[2020-09-11T19:03:38.536+0000][1][safepoint    ] Safepoint "RevokeBias", Time since last: 1984699622 ns, Reaching safepoint: 106197 ns, At safepoint: 23130 ns, Total: 129327 ns
[2020-09-11T19:03:40.833+0000][1][safepoint    ] Safepoint "RevokeBias", Time since last: 2297102074 ns, Reaching safepoint: 164853 ns, At safepoint: 24038 ns, Total: 188891 ns
[2020-09-11T19:03:44.834+0000][1][safepoint    ] Safepoint "Cleanup", Time since last: 4000494354 ns, Reaching safepoint: 168559 ns, At safepoint: 19168 ns, Total: 187727 ns
[2020-09-11T19:03:45.834+0000][1][safepoint    ] Safepoint "Cleanup", Time since last: 1000235471 ns, Reaching safepoint: 119396 ns, At safepoint: 8824 ns, Total: 128220 ns
[2020-09-11T19:03:46.545+0000][1][safepoint    ] Safepoint "RevokeBias", Time since last: 710119917 ns, Reaching safepoint: 182779 ns, At safepoint: 41209 ns, Total: 223988 ns
[2020-09-11T19:03:48.407+0000][1][gc,start     ] GC(291) Pause Young (Allocation Failure)
[2020-09-11T19:03:48.407+0000][1][gc,task      ] GC(291) Using 1 workers of 1 for evacuation
[2020-09-11T19:03:48.412+0000][1][gc,age       ] GC(291) Desired survivor size 4358144 bytes, new threshold 6 (max threshold 6)
[2020-09-11T19:03:48.412+0000][1][gc,age       ] GC(291) Age table with threshold 6 (max threshold 6)
[2020-09-11T19:03:48.412+0000][1][gc,age       ] GC(291) - age   1:     408200 bytes,     408200 total
[2020-09-11T19:03:48.412+0000][1][gc,age       ] GC(291) - age   2:     237936 bytes,     646136 total
[2020-09-11T19:03:48.412+0000][1][gc,age       ] GC(291) - age   3:       5104 bytes,     651240 total
[2020-09-11T19:03:48.412+0000][1][gc,age       ] GC(291) - age   4:     103632 bytes,     754872 total
[2020-09-11T19:03:48.412+0000][1][gc,age       ] GC(291) - age   5:       8656 bytes,     763528 total
[2020-09-11T19:03:48.412+0000][1][gc,age       ] GC(291) - age   6:       3976 bytes,     767504 total
[2020-09-11T19:03:48.412+0000][1][gc,heap      ] GC(291) ParNew: 69313K->1086K(76672K)
[2020-09-11T19:03:48.412+0000][1][gc,heap      ] GC(291) CMS: 145146K->145302K(439104K)
[2020-09-11T19:03:48.412+0000][1][gc,metaspace ] GC(291) Metaspace: 96577K->96577K(1138688K)
[2020-09-11T19:03:48.412+0000][1][gc           ] GC(291) Pause Young (Allocation Failure) 209M->142M(503M) 5.208ms
[2020-09-11T19:03:48.412+0000][1][gc,cpu       ] GC(291) User=0.00s Sys=0.00s Real=0.00s
[2020-09-11T19:03:48.412+0000][1][safepoint    ] Safepoint "GenCollectForAllocation", Time since last: 1860312820 ns, Reaching safepoint: 1687232 ns, At safepoint: 5284330 ns, Total: 6971562 ns
[2020-09-11T19:03:48.538+0000][1][safepoint    ] Safepoint "RevokeBias", Time since last: 125998705 ns, Reaching safepoint: 92324 ns, At safepoint: 22734 ns, Total: 115058 ns
[2020-09-11T19:03:49.539+0000][1][safepoint    ] Safepoint "Cleanup", Time since last: 1000164610 ns, Reaching safepoint: 146379 ns, At safepoint: 17359 ns, Total: 163738 ns
[2020-09-11T19:03:50.539+0000][1][safepoint    ] Safepoint "Cleanup", Time since last: 1000226993 ns, Reaching safepoint: 110587 ns, At safepoint: 7878 ns, Total: 118465 ns
[2020-09-11T19:03:50.817+0000][1][safepoint    ] Safepoint "RevokeBias", Time since last: 278358054 ns, Reaching safepoint: 196887 ns, At safepoint: 23937 ns, Total: 220824 ns
[2020-09-11T19:03:51.818+0000][1][safepoint    ] Safepoint "Cleanup", Time since last: 1000139180 ns, Reaching safepoint: 152971 ns, At safepoint: 17808 ns, Total: 170779 ns
[2020-09-11T19:03:52.818+0000][1][safepoint    ] Safepoint "Cleanup", Time since last: 1000142266 ns, Reaching safepoint: 78575 ns, At safepoint: 5704 ns, Total: 84279 ns
[2020-09-11T19:03:53.818+0000][1][safepoint    ] Safepoint "Cleanup", Time since last: 1000257865 ns, Reaching safepoint: 96771 ns, At safepoint: 9116 ns, Total: 105887 ns
[2020-09-11T19:03:54.819+0000][1][safepoint    ] Safepoint "Cleanup", Time since last: 1000185944 ns, Reaching safepoint: 118238 ns, At safepoint: 7586 ns, Total: 125824 ns
[2020-09-11T19:03:55.819+0000][1][safepoint    ] Safepoint "Cleanup", Time since last: 1000180363 ns, Reaching safepoint: 110749 ns, At safepoint: 7581 ns, Total: 118330 ns
[2020-09-11T19:03:56.553+0000][1][safepoint    ] Safepoint "RevokeBias", Time since last: 733659958 ns, Reaching safepoint: 211091 ns, At safepoint: 47322 ns, Total: 258413 ns
[2020-09-11T19:03:57.553+0000][1][safepoint    ] Safepoint "Cleanup", Time since last: 1000178777 ns, Reaching safepoint: 105894 ns, At safepoint: 8562 ns, Total: 114456 ns
[2020-09-11T19:03:58.541+0000][1][safepoint    ] Safepoint "RevokeBias", Time since last: 987219839 ns, Reaching safepoint: 168028 ns, At safepoint: 47923 ns, Total: 215951 ns
[2020-09-11T19:03:59.541+0000][1][safepoint    ] Safepoint "Cleanup", Time since last: 1000235376 ns, Reaching safepoint: 116954 ns, At safepoint: 8901 ns, Total: 125855 ns
[2020-09-11T19:04:00.541+0000][1][safepoint    ] Safepoint "Cleanup", Time since last: 1000208072 ns, Reaching safepoint: 124008 ns, At safepoint: 8654 ns, Total: 132662 ns
[2020-09-11T19:04:00.831+0000][1][safepoint    ] Safepoint "RevokeBias", Time since last: 289543055 ns, Reaching safepoint: 161457 ns, At safepoint: 24125 ns, Total: 185582 ns
[2020-09-11T19:04:01.831+0000][1][safepoint    ] Safepoint "Cleanup", Time since last: 1000135519 ns, Reaching safepoint: 153101 ns, At safepoint: 18190 ns, Total: 171291 ns
[2020-09-11T19:04:02.312+0000][1][gc,start     ] GC(292) Pause Young (Allocation Failure)
[2020-09-11T19:04:02.312+0000][1][gc,task      ] GC(292) Using 1 workers of 1 for evacuation
[2020-09-11T19:04:02.316+0000][1][gc,age       ] GC(292) Desired survivor size 4358144 bytes, new threshold 6 (max threshold 6)
[2020-09-11T19:04:02.316+0000][1][gc,age       ] GC(292) Age table with threshold 6 (max threshold 6)
[2020-09-11T19:04:02.316+0000][1][gc,age       ] GC(292) - age   1:     142160 bytes,     142160 total
[2020-09-11T19:04:02.316+0000][1][gc,age       ] GC(292) - age   2:     332056 bytes,     474216 total
[2020-09-11T19:04:02.316+0000][1][gc,age       ] GC(292) - age   3:     235288 bytes,     709504 total
[2020-09-11T19:04:02.316+0000][1][gc,age       ] GC(292) - age   4:       4504 bytes,     714008 total
[2020-09-11T19:04:02.317+0000][1][gc,age       ] GC(292) - age   5:     103632 bytes,     817640 total
[2020-09-11T19:04:02.317+0000][1][gc,age       ] GC(292) - age   6:       8656 bytes,     826296 total
[2020-09-11T19:04:02.317+0000][1][gc,heap      ] GC(292) ParNew: 69246K->1305K(76672K)
[2020-09-11T19:04:02.317+0000][1][gc,heap      ] GC(292) CMS: 145302K->145306K(439104K)
[2020-09-11T19:04:02.317+0000][1][gc,metaspace ] GC(292) Metaspace: 96578K->96578K(1138688K)
[2020-09-11T19:04:02.317+0000][1][gc           ] GC(292) Pause Young (Allocation Failure) 209M->143M(503M) 4.732ms
[2020-09-11T19:04:02.317+0000][1][gc,cpu       ] GC(292) User=0.01s Sys=0.00s Real=0.01s
[2020-09-11T19:04:02.317+0000][1][safepoint    ] Safepoint "GenCollectForAllocation", Time since last: 480274024 ns, Reaching safepoint: 195918 ns, At safepoint: 4800845 ns, Total: 4996763 ns
[2020-09-11T19:04:03.318+0000][1][safepoint    ] Safepoint "Cleanup", Time since last: 1001049960 ns, Reaching safepoint: 78371 ns, At safepoint: 16171 ns, Total: 94542 ns
[2020-09-11T19:04:04.318+0000][1][safepoint    ] Safepoint "Cleanup", Time since last: 1000243935 ns, Reaching safepoint: 75664 ns, At safepoint: 12959 ns, Total: 88623 ns
[2020-09-11T19:04:05.319+0000][1][safepoint    ] Safepoint "Cleanup", Time since last: 1000237260 ns, Reaching safepoint: 161247 ns, At safepoint: 13343 ns, Total: 174590 ns
[2020-09-11T19:04:06.319+0000][1][safepoint    ] Safepoint "Cleanup", Time since last: 1000172475 ns, Reaching safepoint: 340304 ns, At safepoint: 18205 ns, Total: 358509 ns
[2020-09-11T19:04:06.553+0000][1][safepoint    ] Safepoint "RevokeBias", Time since last: 234282709 ns, Reaching safepoint: 88206 ns, At safepoint: 24331 ns, Total: 112537 ns
[2020-09-11T19:04:07.554+0000][1][safepoint    ] Safepoint "Cleanup", Time since last: 1000134981 ns, Reaching safepoint: 156355 ns, At safepoint: 18482 ns, Total: 174837 ns
[2020-09-11T19:04:08.554+0000][1][safepoint    ] Safepoint "Cleanup", Time since last: 1000154202 ns, Reaching safepoint: 80419 ns, At safepoint: 6864 ns, Total: 87283 ns
[2020-09-11T19:04:08.674+0000][1][safepoint    ] Safepoint "RevokeBias", Time since last: 119734593 ns, Reaching safepoint: 87393 ns, At safepoint: 21534 ns, Total: 108927 ns
[2020-09-11T19:04:09.674+0000][1][safepoint    ] Safepoint "Cleanup", Time since last: 1000114579 ns, Reaching safepoint: 92329 ns, At safepoint: 10422 ns, Total: 102751 ns
[2020-09-11T19:04:10.674+0000][1][safepoint    ] Safepoint "Cleanup", Time since last: 1000181397 ns, Reaching safepoint: 111410 ns, At safepoint: 7985 ns, Total: 119395 ns
[2020-09-11T19:04:10.807+0000][1][safepoint    ] Safepoint "RevokeBias", Time since last: 132469630 ns, Reaching safepoint: 204635 ns, At safepoint: 24284 ns, Total: 228919 ns
[2020-09-11T19:04:11.807+0000][1][safepoint    ] Safepoint "Cleanup", Time since last: 1000187874 ns, Reaching safepoint: 161804 ns, At safepoint: 18449 ns, Total: 180253 ns
[2020-09-11T19:04:12.808+0000][1][safepoint    ] Safepoint "Cleanup", Time since last: 1000226839 ns, Reaching safepoint: 162192 ns, At safepoint: 19435 ns, Total: 181627 ns
[2020-09-11T19:04:13.808+0000][1][safepoint    ] Safepoint "Cleanup", Time since last: 1000150990 ns, Reaching safepoint: 84184 ns, At safepoint: 6587 ns, Total: 90771 ns
[2020-09-11T19:04:14.808+0000][1][safepoint    ] Safepoint "Cleanup", Time since last: 1000182238 ns, Reaching safepoint: 166589 ns, At safepoint: 18148 ns, Total: 184737 ns
[2020-09-11T19:04:15.809+0000][1][safepoint    ] Safepoint "Cleanup", Time since last: 1000239475 ns, Reaching safepoint: 124959 ns, At safepoint: 7774 ns, Total: 132733 ns
[2020-09-11T19:04:16.550+0000][1][safepoint    ] Safepoint "RevokeBias", Time since last: 741028917 ns, Reaching safepoint: 85005 ns, At safepoint: 21783 ns, Total: 106788 ns
[2020-09-11T19:04:17.353+0000][1][safepoint    ] Safepoint "RevokeBias", Time since last: 803058690 ns, Reaching safepoint: 79200 ns, At safepoint: 19580 ns, Total: 98780 ns
[2020-09-11T19:04:18.353+0000][1][safepoint    ] Safepoint "Cleanup", Time since last: 1000191125 ns, Reaching safepoint: 150492 ns, At safepoint: 16631 ns, Total: 167123 ns
[2020-09-11T19:04:18.490+0000][1][safepoint    ] Safepoint "RevokeBias", Time since last: 136658819 ns, Reaching safepoint: 90763 ns, At safepoint: 22793 ns, Total: 113556 ns
[2020-09-11T19:04:18.857+0000][1][gc,start     ] GC(293) Pause Young (Allocation Failure)
[2020-09-11T19:04:18.857+0000][1][gc,task      ] GC(293) Using 1 workers of 1 for evacuation
[2020-09-11T19:04:18.864+0000][1][gc,age       ] GC(293) Desired survivor size 4358144 bytes, new threshold 6 (max threshold 6)
[2020-09-11T19:04:18.864+0000][1][gc,age       ] GC(293) Age table with threshold 6 (max threshold 6)
[2020-09-11T19:04:18.864+0000][1][gc,age       ] GC(293) - age   1:    1817616 bytes,    1817616 total
[2020-09-11T19:04:18.864+0000][1][gc,age       ] GC(293) - age   2:      92208 bytes,    1909824 total
[2020-09-11T19:04:18.864+0000][1][gc,age       ] GC(293) - age   3:     327960 bytes,    2237784 total
[2020-09-11T19:04:18.864+0000][1][gc,age       ] GC(293) - age   4:     234992 bytes,    2472776 total
[2020-09-11T19:04:18.864+0000][1][gc,age       ] GC(293) - age   5:       4504 bytes,    2477280 total
[2020-09-11T19:04:18.864+0000][1][gc,age       ] GC(293) - age   6:     103632 bytes,    2580912 total
[2020-09-11T19:04:18.864+0000][1][gc,heap      ] GC(293) ParNew: 69465K->3073K(76672K)
[2020-09-11T19:04:18.864+0000][1][gc,heap      ] GC(293) CMS: 145306K->145314K(439104K)
[2020-09-11T19:04:18.864+0000][1][gc,metaspace ] GC(293) Metaspace: 96583K->96583K(1138688K)
[2020-09-11T19:04:18.864+0000][1][gc           ] GC(293) Pause Young (Allocation Failure) 209M->144M(503M) 7.288ms
[2020-09-11T19:04:18.864+0000][1][gc,cpu       ] GC(293) User=0.00s Sys=0.00s Real=0.01s
[2020-09-11T19:04:18.869+0000][1][safepoint    ] Safepoint "GenCollectForAllocation", Time since last: 366802145 ns, Reaching safepoint: 84400 ns, At safepoint: 11665214 ns, Total: 11749614 ns
[2020-09-11T19:04:19.870+0000][1][safepoint    ] Safepoint "Cleanup", Time since last: 1001200024 ns, Reaching safepoint: 162686 ns, At safepoint: 16017 ns, Total: 178703 ns
[2020-09-11T19:04:20.293+0000][1][safepoint    ] Safepoint "RevokeBias", Time since last: 422623665 ns, Reaching safepoint: 67170 ns, At safepoint: 15722 ns, Total: 82892 ns
[2020-09-11T19:04:20.305+0000][1][safepoint    ] Safepoint "RevokeBias", Time since last: 12144721 ns, Reaching safepoint: 76664 ns, At safepoint: 18361 ns, Total: 95025 ns
[2020-09-11T19:04:21.374+0000][1][safepoint    ] Safepoint "Cleanup", Time since last: 1000152828 ns, Reaching safepoint: 68498933 ns, At safepoint: 9026 ns, Total: 68507959 ns
[2020-09-11T19:04:22.293+0000][1][safepoint    ] Safepoint "RevokeBias", Time since last: 919286857 ns, Reaching safepoint: 182484 ns, At safepoint: 26694 ns, Total: 209178 ns
[2020-09-11T19:04:23.294+0000][1][safepoint    ] Safepoint "Cleanup", Time since last: 1000161804 ns, Reaching safepoint: 143303 ns, At safepoint: 8068 ns, Total: 151371 ns
[2020-09-11T19:04:24.294+0000][1][safepoint    ] Safepoint "Cleanup", Time since last: 1000145334 ns, Reaching safepoint: 174541 ns, At safepoint: 19765 ns, Total: 194306 ns
[2020-09-11T19:04:25.294+0000][1][safepoint    ] Safepoint "Cleanup", Time since last: 1000160836 ns, Reaching safepoint: 86433 ns, At safepoint: 8356 ns, Total: 94789 ns
[2020-09-11T19:04:26.294+0000][1][safepoint    ] Safepoint "Cleanup", Time since last: 1000113406 ns, Reaching safepoint: 83754 ns, At safepoint: 6685 ns, Total: 90439 ns
[2020-09-11T19:04:26.568+0000][1][safepoint    ] Safepoint "RevokeBias", Time since last: 273673416 ns, Reaching safepoint: 86397 ns, At safepoint: 22774 ns, Total: 109171 ns
[2020-09-11T19:04:27.568+0000][1][safepoint    ] Safepoint "Cleanup", Time since last: 1000107118 ns, Reaching safepoint: 86748 ns, At safepoint: 8523 ns, Total: 95271 ns
[2020-09-11T19:04:28.569+0000][1][safepoint    ] Safepoint "Cleanup", Time since last: 1000118840 ns, Reaching safepoint: 84819 ns, At safepoint: 9140 ns, Total: 93959 ns
[2020-09-11T19:04:28.688+0000][1][safepoint    ] Safepoint "BulkRevokeBias", Time since last: 118978042 ns, Reaching safepoint: 87388 ns, At safepoint: 213856 ns, Total: 301244 ns
[2020-09-11T19:04:29.688+0000][1][safepoint    ] Safepoint "Cleanup", Time since last: 1000113745 ns, Reaching safepoint: 91763 ns, At safepoint: 10301 ns, Total: 102064 ns
[2020-09-11T19:04:30.688+0000][1][safepoint    ] Safepoint "Cleanup", Time since last: 1000120877 ns, Reaching safepoint: 85823 ns, At safepoint: 10343 ns, Total: 96166 ns
[2020-09-11T19:04:30.865+0000][1][safepoint    ] Safepoint "RevokeBias", Time since last: 176802338 ns, Reaching safepoint: 170972 ns, At safepoint: 27026 ns, Total: 197998 ns
[2020-09-11T19:04:31.865+0000][1][safepoint    ] Safepoint "Cleanup", Time since last: 1000107395 ns, Reaching safepoint: 81665 ns, At safepoint: 6563 ns, Total: 88228 ns
[2020-09-11T19:04:32.866+0000][1][safepoint    ] Safepoint "Cleanup", Time since last: 1000104087 ns, Reaching safepoint: 81783 ns, At safepoint: 6859 ns, Total: 88642 ns
[2020-09-11T19:04:33.866+0000][1][safepoint    ] Safepoint "Cleanup", Time since last: 1000109007 ns, Reaching safepoint: 86194 ns, At safepoint: 7718 ns, Total: 93912 ns
[2020-09-11T19:04:34.866+0000][1][safepoint    ] Safepoint "Cleanup", Time since last: 1000107354 ns, Reaching safepoint: 87056 ns, At safepoint: 7441 ns, Total: 94497 ns
[2020-09-11T19:04:35.866+0000][1][safepoint    ] Safepoint "Cleanup", Time since last: 1000115571 ns, Reaching safepoint: 83495 ns, At safepoint: 6271 ns, Total: 89766 ns
[2020-09-11T19:04:36.564+0000][1][safepoint    ] Safepoint "RevokeBias", Time since last: 698082805 ns, Reaching safepoint: 89226 ns, At safepoint: 21539 ns, Total: 110765 ns
[2020-09-11T19:04:37.565+0000][1][safepoint    ] Safepoint "Cleanup", Time since last: 1000110604 ns, Reaching safepoint: 86233 ns, At safepoint: 6742 ns, Total: 92975 ns
[2020-09-11T19:04:38.398+0000][1][gc,start     ] GC(294) Pause Young (Allocation Failure)
[2020-09-11T19:04:38.398+0000][1][gc,task      ] GC(294) Using 1 workers of 1 for evacuation
[2020-09-11T19:04:38.412+0000][1][gc,age       ] GC(294) Desired survivor size 4358144 bytes, new threshold 6 (max threshold 6)
[2020-09-11T19:04:38.412+0000][1][gc,age       ] GC(294) Age table with threshold 6 (max threshold 6)
[2020-09-11T19:04:38.412+0000][1][gc,age       ] GC(294) - age   1:      67616 bytes,      67616 total
[2020-09-11T19:04:38.412+0000][1][gc,age       ] GC(294) - age   2:    1763960 bytes,    1831576 total
[2020-09-11T19:04:38.412+0000][1][gc,age       ] GC(294) - age   3:      86984 bytes,    1918560 total
[2020-09-11T19:04:38.412+0000][1][gc,age       ] GC(294) - age   4:     327688 bytes,    2246248 total
[2020-09-11T19:04:38.412+0000][1][gc,age       ] GC(294) - age   5:     234992 bytes,    2481240 total
[2020-09-11T19:04:38.412+0000][1][gc,age       ] GC(294) - age   6:       4504 bytes,    2485744 total
[2020-09-11T19:04:38.412+0000][1][gc,heap      ] GC(294) ParNew: 71233K->4164K(76672K)
[2020-09-11T19:04:38.412+0000][1][gc,heap      ] GC(294) CMS: 145314K->145416K(439104K)
[2020-09-11T19:04:38.412+0000][1][gc,metaspace ] GC(294) Metaspace: 96584K->96584K(1138688K)
[2020-09-11T19:04:38.412+0000][1][gc           ] GC(294) Pause Young (Allocation Failure) 211M->146M(503M) 13.834ms
[2020-09-11T19:04:38.412+0000][1][gc,cpu       ] GC(294) User=0.00s Sys=0.00s Real=0.01s
[2020-09-11T19:04:38.415+0000][1][safepoint    ] Safepoint "GenCollectForAllocation", Time since last: 833093004 ns, Reaching safepoint: 154079 ns, At safepoint: 16661712 ns, Total: 16815791 ns
[2020-09-11T19:04:38.643+0000][1][safepoint    ] Safepoint "RevokeBias", Time since last: 228104233 ns, Reaching safepoint: 87471 ns, At safepoint: 22716 ns, Total: 110187 ns
[2020-09-11T19:04:39.643+0000][1][safepoint    ] Safepoint "Cleanup", Time since last: 1000111595 ns, Reaching safepoint: 85308 ns, At safepoint: 8015 ns, Total: 93323 ns
[2020-09-11T19:04:40.643+0000][1][safepoint    ] Safepoint "Cleanup", Time since last: 1000108413 ns, Reaching safepoint: 88606 ns, At safepoint: 8535 ns, Total: 97141 ns
[2020-09-11T19:04:40.811+0000][1][safepoint    ] Safepoint "RevokeBias", Time since last: 168075478 ns, Reaching safepoint: 92207 ns, At safepoint: 23312 ns, Total: 115519 ns
[2020-09-11T19:04:41.812+0000][1][safepoint    ] Safepoint "Cleanup", Time since last: 1000109312 ns, Reaching safepoint: 88129 ns, At safepoint: 7875 ns, Total: 96004 ns
[2020-09-11T19:04:42.812+0000][1][safepoint    ] Safepoint "Cleanup", Time since last: 1000115744 ns, Reaching safepoint: 87228 ns, At safepoint: 9641 ns, Total: 96869 ns
[2020-09-11T19:04:43.812+0000][1][safepoint    ] Safepoint "Cleanup", Time since last: 1000123740 ns, Reaching safepoint: 88833 ns, At safepoint: 8077 ns, Total: 96910 ns
[2020-09-11T19:04:44.812+0000][1][safepoint    ] Safepoint "Cleanup", Time since last: 1000118247 ns, Reaching safepoint: 84720 ns, At safepoint: 6467 ns, Total: 91187 ns
[2020-09-11T19:04:45.813+0000][1][safepoint    ] Safepoint "Cleanup", Time since last: 1000121335 ns, Reaching safepoint: 107336 ns, At safepoint: 9222 ns, Total: 116558 ns
[2020-09-11T19:04:46.575+0000][1][safepoint    ] Safepoint "RevokeBias", Time since last: 761865949 ns, Reaching safepoint: 168787 ns, At safepoint: 22022 ns, Total: 190809 ns
[2020-09-11T19:04:47.575+0000][1][safepoint    ] Safepoint "Cleanup", Time since last: 1000111580 ns, Reaching safepoint: 85973 ns, At safepoint: 7758 ns, Total: 93731 ns
[2020-09-11T19:04:48.575+0000][1][safepoint    ] Safepoint "Cleanup", Time since last: 1000114589 ns, Reaching safepoint: 84875 ns, At safepoint: 6430 ns, Total: 91305 ns
[2020-09-11T19:04:48.602+0000][1][safepoint    ] Safepoint "RevokeBias", Time since last: 26645089 ns, Reaching safepoint: 88777 ns, At safepoint: 23435 ns, Total: 112212 ns
[2020-09-11T19:04:49.602+0000][1][safepoint    ] Safepoint "Cleanup", Time since last: 1000112656 ns, Reaching safepoint: 84100 ns, At safepoint: 6999 ns, Total: 91099 ns
[2020-09-11T19:04:50.602+0000][1][safepoint    ] Safepoint "Cleanup", Time since last: 1000115609 ns, Reaching safepoint: 86248 ns, At safepoint: 8884 ns, Total: 95132 ns
[2020-09-11T19:04:50.845+0000][1][safepoint    ] Safepoint "RevokeBias", Time since last: 243069086 ns, Reaching safepoint: 88034 ns, At safepoint: 21647 ns, Total: 109681 ns
[2020-09-11T19:04:51.846+0000][1][safepoint    ] Safepoint "Cleanup", Time since last: 1000103708 ns, Reaching safepoint: 87062 ns, At safepoint: 7872 ns, Total: 94934 ns
[2020-09-11T19:04:52.846+0000][1][safepoint    ] Safepoint "Cleanup", Time since last: 1000106457 ns, Reaching safepoint: 83528 ns, At safepoint: 6078 ns, Total: 89606 ns
[2020-09-11T19:04:53.846+0000][1][safepoint    ] Safepoint "Cleanup", Time since last: 1000111081 ns, Reaching safepoint: 84269 ns, At safepoint: 7580 ns, Total: 91849 ns
[2020-09-11T19:04:55.846+0000][1][safepoint    ] Safepoint "Cleanup", Time since last: 2000193620 ns, Reaching safepoint: 110283 ns, At safepoint: 9812 ns, Total: 120095 ns
[2020-09-11T19:04:56.538+0000][1][safepoint    ] Safepoint "RevokeBias", Time since last: 691712923 ns, Reaching safepoint: 87160 ns, At safepoint: 21284 ns, Total: 108444 ns
[2020-09-11T19:04:57.548+0000][1][gc,start     ] GC(295) Pause Young (Allocation Failure)
[2020-09-11T19:04:57.548+0000][1][gc,task      ] GC(295) Using 1 workers of 1 for evacuation
[2020-09-11T19:04:57.556+0000][1][gc,age       ] GC(295) Desired survivor size 4358144 bytes, new threshold 6 (max threshold 6)
[2020-09-11T19:04:57.556+0000][1][gc,age       ] GC(295) Age table with threshold 6 (max threshold 6)
[2020-09-11T19:04:57.556+0000][1][gc,age       ] GC(295) - age   1:     250128 bytes,     250128 total
[2020-09-11T19:04:57.556+0000][1][gc,age       ] GC(295) - age   2:      10280 bytes,     260408 total
[2020-09-11T19:04:57.556+0000][1][gc,age       ] GC(295) - age   3:    1760000 bytes,    2020408 total
[2020-09-11T19:04:57.556+0000][1][gc,age       ] GC(295) - age   4:      86888 bytes,    2107296 total
[2020-09-11T19:04:57.556+0000][1][gc,age       ] GC(295) - age   5:     327656 bytes,    2434952 total
[2020-09-11T19:04:57.556+0000][1][gc,age       ] GC(295) - age   6:     232200 bytes,    2667152 total
[2020-09-11T19:04:57.556+0000][1][gc,heap      ] GC(295) ParNew: 72313K->2861K(76672K)
[2020-09-11T19:04:57.556+0000][1][gc,heap      ] GC(295) CMS: 145416K->145420K(439104K)
[2020-09-11T19:04:57.556+0000][1][gc,metaspace ] GC(295) Metaspace: 96588K->96588K(1138688K)
[2020-09-11T19:04:57.556+0000][1][gc           ] GC(295) Pause Young (Allocation Failure) 212M->144M(503M) 8.171ms
[2020-09-11T19:04:57.556+0000][1][gc,cpu       ] GC(295) User=0.01s Sys=0.00s Real=0.01s
[2020-09-11T19:04:57.556+0000][1][safepoint    ] Safepoint "GenCollectForAllocation", Time since last: 1009975716 ns, Reaching safepoint: 81036 ns, At safepoint: 8240873 ns, Total: 8321909 ns
[2020-09-11T19:04:58.559+0000][1][safepoint    ] Safepoint "RevokeBias", Time since last: 1002169660 ns, Reaching safepoint: 86967 ns, At safepoint: 22540 ns, Total: 109507 ns
[2020-09-11T19:05:00.848+0000][1][safepoint    ] Safepoint "RevokeBias", Time since last: 2289121890 ns, Reaching safepoint: 88108 ns, At safepoint: 22155 ns, Total: 110263 ns
[2020-09-11T19:05:06.581+0000][1][safepoint    ] Safepoint "RevokeBias", Time since last: 5733055446 ns, Reaching safepoint: 92362 ns, At safepoint: 26120 ns, Total: 118482 ns
[2020-09-11T19:05:08.582+0000][1][safepoint    ] Safepoint "Cleanup", Time since last: 2000211118 ns, Reaching safepoint: 250244 ns, At safepoint: 18746 ns, Total: 268990 ns
[2020-09-11T19:05:08.662+0000][1][safepoint    ] Safepoint "RevokeBias", Time since last: 80105990 ns, Reaching safepoint: 88990 ns, At safepoint: 23550 ns, Total: 112540 ns
[2020-09-11T19:05:10.816+0000][1][safepoint    ] Safepoint "RevokeBias", Time since last: 2154305557 ns, Reaching safepoint: 130220 ns, At safepoint: 32182 ns, Total: 162402 ns
[2020-09-11T19:05:15.817+0000][1][safepoint    ] Safepoint "Cleanup", Time since last: 5000567702 ns, Reaching safepoint: 161146 ns, At safepoint: 15736 ns, Total: 176882 ns
[2020-09-11T19:05:16.565+0000][1][safepoint    ] Safepoint "RevokeBias", Time since last: 747989594 ns, Reaching safepoint: 85255 ns, At safepoint: 22622 ns, Total: 107877 ns
[2020-09-11T19:05:17.409+0000][1][gc,start     ] GC(296) Pause Young (Allocation Failure)
[2020-09-11T19:05:17.409+0000][1][gc,task      ] GC(296) Using 1 workers of 1 for evacuation
[2020-09-11T19:05:17.418+0000][1][gc,age       ] GC(296) Desired survivor size 4358144 bytes, new threshold 6 (max threshold 6)
[2020-09-11T19:05:17.418+0000][1][gc,age       ] GC(296) Age table with threshold 6 (max threshold 6)
[2020-09-11T19:05:17.418+0000][1][gc,age       ] GC(296) - age   1:      72632 bytes,      72632 total
[2020-09-11T19:05:17.418+0000][1][gc,age       ] GC(296) - age   2:     203184 bytes,     275816 total
[2020-09-11T19:05:17.418+0000][1][gc,age       ] GC(296) - age   3:       7720 bytes,     283536 total
[2020-09-11T19:05:17.418+0000][1][gc,age       ] GC(296) - age   4:    1760000 bytes,    2043536 total
[2020-09-11T19:05:17.418+0000][1][gc,age       ] GC(296) - age   5:      86696 bytes,    2130232 total
[2020-09-11T19:05:17.418+0000][1][gc,age       ] GC(296) - age   6:     327360 bytes,    2457592 total
[2020-09-11T19:05:17.418+0000][1][gc,heap      ] GC(296) ParNew: 71021K->4622K(76672K)
[2020-09-11T19:05:17.418+0000][1][gc,heap      ] GC(296) CMS: 145420K->145647K(439104K)
[2020-09-11T19:05:17.418+0000][1][gc,metaspace ] GC(296) Metaspace: 96588K->96588K(1138688K)
[2020-09-11T19:05:17.419+0000][1][gc           ] GC(296) Pause Young (Allocation Failure) 211M->146M(503M) 9.656ms
[2020-09-11T19:05:17.419+0000][1][gc,cpu       ] GC(296) User=0.01s Sys=0.00s Real=0.01s
[2020-09-11T19:05:17.421+0000][1][safepoint    ] Safepoint "GenCollectForAllocation", Time since last: 842554449 ns, Reaching safepoint: 1237522 ns, At safepoint: 12075518 ns, Total: 13313040 ns
[2020-09-11T19:05:18.548+0000][1][safepoint    ] Safepoint "RevokeBias", Time since last: 1126867871 ns, Reaching safepoint: 97316 ns, At safepoint: 22437 ns, Total: 119753 ns
[2020-09-11T19:05:20.813+0000][1][safepoint    ] Safepoint "RevokeBias", Time since last: 2265178458 ns, Reaching safepoint: 92054 ns, At safepoint: 25352 ns, Total: 117406 ns
[2020-09-11T19:05:26.548+0000][1][safepoint    ] Safepoint "RevokeBias", Time since last: 5734473780 ns, Reaching safepoint: 120410 ns, At safepoint: 23635 ns, Total: 144045 ns
[2020-09-11T19:05:28.583+0000][1][safepoint    ] Safepoint "RevokeBias", Time since last: 2034957673 ns, Reaching safepoint: 90418 ns, At safepoint: 22731 ns, Total: 113149 ns
[2020-09-11T19:05:30.855+0000][1][safepoint    ] Safepoint "RevokeBias", Time since last: 2272328608 ns, Reaching safepoint: 173004 ns, At safepoint: 48354 ns, Total: 221358 ns
[2020-09-11T19:05:36.534+0000][1][gc,start     ] GC(297) Pause Young (Allocation Failure)
[2020-09-11T19:05:36.534+0000][1][gc,task      ] GC(297) Using 1 workers of 1 for evacuation
[2020-09-11T19:05:36.539+0000][1][gc,age       ] GC(297) Desired survivor size 4358144 bytes, new threshold 6 (max threshold 6)
[2020-09-11T19:05:36.539+0000][1][gc,age       ] GC(297) Age table with threshold 6 (max threshold 6)
[2020-09-11T19:05:36.539+0000][1][gc,age       ] GC(297) - age   1:     119848 bytes,     119848 total
[2020-09-11T19:05:36.539+0000][1][gc,age       ] GC(297) - age   2:      24240 bytes,     144088 total
[2020-09-11T19:05:36.539+0000][1][gc,age       ] GC(297) - age   3:     199864 bytes,     343952 total
[2020-09-11T19:05:36.539+0000][1][gc,age       ] GC(297) - age   4:       7376 bytes,     351328 total
[2020-09-11T19:05:36.539+0000][1][gc,age       ] GC(297) - age   5:    1760000 bytes,    2111328 total
[2020-09-11T19:05:36.539+0000][1][gc,age       ] GC(297) - age   6:      86384 bytes,    2197712 total
[2020-09-11T19:05:36.539+0000][1][gc,heap      ] GC(297) ParNew: 72756K->2955K(76672K)
[2020-09-11T19:05:36.539+0000][1][gc,heap      ] GC(297) CMS: 145647K->145967K(439104K)
[2020-09-11T19:05:36.539+0000][1][gc,metaspace ] GC(297) Metaspace: 96593K->96593K(1138688K)
[2020-09-11T19:05:36.539+0000][1][gc           ] GC(297) Pause Young (Allocation Failure) 213M->145M(503M) 5.242ms
[2020-09-11T19:05:36.539+0000][1][gc,cpu       ] GC(297) User=0.00s Sys=0.00s Real=0.00s
[2020-09-11T19:05:36.539+0000][1][safepoint    ] Safepoint "GenCollectForAllocation", Time since last: 5677769891 ns, Reaching safepoint: 321534 ns, At safepoint: 5372638 ns, Total: 5694172 ns
[2020-09-11T19:05:36.646+0000][1][safepoint    ] Safepoint "RevokeBias", Time since last: 107257969 ns, Reaching safepoint: 90265 ns, At safepoint: 35092 ns, Total: 125357 ns
[2020-09-11T19:05:38.582+0000][1][safepoint    ] Safepoint "RevokeBias", Time since last: 1935692362 ns, Reaching safepoint: 118037 ns, At safepoint: 24182 ns, Total: 142219 ns
[2020-09-11T19:05:40.856+0000][1][safepoint    ] Safepoint "RevokeBias", Time since last: 2273898874 ns, Reaching safepoint: 174557 ns, At safepoint: 47625 ns, Total: 222182 ns
[2020-09-11T19:05:46.558+0000][1][safepoint    ] Safepoint "RevokeBias", Time since last: 5702019036 ns, Reaching safepoint: 171353 ns, At safepoint: 49556 ns, Total: 220909 ns
[2020-09-11T19:05:48.630+0000][1][safepoint    ] Safepoint "RevokeBias", Time since last: 2071783630 ns, Reaching safepoint: 91628 ns, At safepoint: 22973 ns, Total: 114601 ns
[2020-09-11T19:05:50.808+0000][1][safepoint    ] Safepoint "RevokeBias", Time since last: 2177505409 ns, Reaching safepoint: 207668 ns, At safepoint: 24682 ns, Total: 232350 ns
[2020-09-11T19:05:52.478+0000][1][gc,start     ] GC(298) Pause Young (Allocation Failure)
[2020-09-11T19:05:52.478+0000][1][gc,task      ] GC(298) Using 1 workers of 1 for evacuation
[2020-09-11T19:05:52.483+0000][1][gc,age       ] GC(298) Desired survivor size 4358144 bytes, new threshold 6 (max threshold 6)
[2020-09-11T19:05:52.483+0000][1][gc,age       ] GC(298) Age table with threshold 6 (max threshold 6)
[2020-09-11T19:05:52.483+0000][1][gc,age       ] GC(298) - age   1:      54752 bytes,      54752 total
[2020-09-11T19:05:52.483+0000][1][gc,age       ] GC(298) - age   2:      12424 bytes,      67176 total
[2020-09-11T19:05:52.483+0000][1][gc,age       ] GC(298) - age   3:      21912 bytes,      89088 total
[2020-09-11T19:05:52.483+0000][1][gc,age       ] GC(298) - age   4:     199864 bytes,     288952 total
[2020-09-11T19:05:52.483+0000][1][gc,age       ] GC(298) - age   5:       7376 bytes,     296328 total
[2020-09-11T19:05:52.483+0000][1][gc,age       ] GC(298) - age   6:    1760000 bytes,    2056328 total
[2020-09-11T19:05:52.483+0000][1][gc,heap      ] GC(298) ParNew: 71115K->3958K(76672K)
[2020-09-11T19:05:52.483+0000][1][gc,heap      ] GC(298) CMS: 145967K->146051K(439104K)
[2020-09-11T19:05:52.483+0000][1][gc,metaspace ] GC(298) Metaspace: 96593K->96593K(1138688K)
[2020-09-11T19:05:52.483+0000][1][gc           ] GC(298) Pause Young (Allocation Failure) 211M->146M(503M) 4.888ms
[2020-09-11T19:05:52.483+0000][1][gc,cpu       ] GC(298) User=0.00s Sys=0.00s Real=0.01s
[2020-09-11T19:05:52.483+0000][1][safepoint    ] Safepoint "GenCollectForAllocation", Time since last: 1669890011 ns, Reaching safepoint: 192755 ns, At safepoint: 5003282 ns, Total: 5196037 ns
[2020-09-11T19:05:56.559+0000][1][safepoint    ] Safepoint "RevokeBias", Time since last: 4075809614 ns, Reaching safepoint: 86005 ns, At safepoint: 20498 ns, Total: 106503 ns
[2020-09-11T19:05:57.559+0000][1][safepoint    ] Safepoint "Cleanup", Time since last: 1000173552 ns, Reaching safepoint: 120289 ns, At safepoint: 7915 ns, Total: 128204 ns
[2020-09-11T19:05:58.509+0000][1][safepoint    ] Safepoint "BulkRevokeBias", Time since last: 949489081 ns, Reaching safepoint: 96109 ns, At safepoint: 238673 ns, Total: 334782 ns
[2020-09-11T19:06:00.846+0000][1][safepoint    ] Safepoint "RevokeBias", Time since last: 2336261802 ns, Reaching safepoint: 267056 ns, At safepoint: 49286 ns, Total: 316342 ns
[2020-09-11T19:06:06.551+0000][1][safepoint    ] Safepoint "RevokeBias", Time since last: 5705232194 ns, Reaching safepoint: 84925 ns, At safepoint: 21737 ns, Total: 106662 ns
[2020-09-11T19:06:08.552+0000][1][safepoint    ] Safepoint "RevokeBias", Time since last: 2000298442 ns, Reaching safepoint: 92098 ns, At safepoint: 23248 ns, Total: 115346 ns
[2020-09-11T19:06:10.816+0000][1][safepoint    ] Safepoint "RevokeBias", Time since last: 2264369562 ns, Reaching safepoint: 91914 ns, At safepoint: 24219 ns, Total: 116133 ns
[2020-09-11T19:06:16.550+0000][1][safepoint    ] Safepoint "RevokeBias", Time since last: 5733606477 ns, Reaching safepoint: 122110 ns, At safepoint: 31251 ns, Total: 153361 ns
[2020-09-11T19:06:18.405+0000][1][gc,start     ] GC(299) Pause Young (Allocation Failure)
[2020-09-11T19:06:18.405+0000][1][gc,task      ] GC(299) Using 1 workers of 1 for evacuation
[2020-09-11T19:06:18.410+0000][1][gc,age       ] GC(299) Desired survivor size 4358144 bytes, new threshold 6 (max threshold 6)
[2020-09-11T19:06:18.410+0000][1][gc,age       ] GC(299) Age table with threshold 6 (max threshold 6)
[2020-09-11T19:06:18.410+0000][1][gc,age       ] GC(299) - age   1:      86328 bytes,      86328 total
[2020-09-11T19:06:18.410+0000][1][gc,age       ] GC(299) - age   2:       7664 bytes,      93992 total
[2020-09-11T19:06:18.410+0000][1][gc,age       ] GC(299) - age   3:       7984 bytes,     101976 total
[2020-09-11T19:06:18.410+0000][1][gc,age       ] GC(299) - age   4:      21408 bytes,     123384 total
[2020-09-11T19:06:18.410+0000][1][gc,age       ] GC(299) - age   5:     198528 bytes,     321912 total
[2020-09-11T19:06:18.410+0000][1][gc,age       ] GC(299) - age   6:       7064 bytes,     328976 total
[2020-09-11T19:06:18.410+0000][1][gc,heap      ] GC(299) ParNew: 72118K->1247K(76672K)
[2020-09-11T19:06:18.410+0000][1][gc,heap      ] GC(299) CMS: 146051K->147770K(439104K)
[2020-09-11T19:06:18.410+0000][1][gc,metaspace ] GC(299) Metaspace: 96593K->96593K(1138688K)
[2020-09-11T19:06:18.410+0000][1][gc           ] GC(299) Pause Young (Allocation Failure) 213M->145M(503M) 5.255ms
[2020-09-11T19:06:18.410+0000][1][gc,cpu       ] GC(299) User=0.01s Sys=0.00s Real=0.00s
[2020-09-11T19:06:18.410+0000][1][safepoint    ] Safepoint "GenCollectForAllocation", Time since last: 1854608535 ns, Reaching safepoint: 204928 ns, At safepoint: 5322259 ns, Total: 5527187 ns
[2020-09-11T19:06:18.593+0000][1][safepoint    ] Safepoint "RevokeBias", Time since last: 182344722 ns, Reaching safepoint: 172335 ns, At safepoint: 47231 ns, Total: 219566 ns
[2020-09-11T19:06:20.811+0000][1][safepoint    ] Safepoint "RevokeBias", Time since last: 2217952875 ns, Reaching safepoint: 208416 ns, At safepoint: 22334 ns, Total: 230750 ns
[2020-09-11T19:06:26.554+0000][1][safepoint    ] Safepoint "RevokeBias", Time since last: 5742788154 ns, Reaching safepoint: 86465 ns, At safepoint: 22184 ns, Total: 108649 ns
[2020-09-11T19:06:28.576+0000][1][safepoint    ] Safepoint "RevokeBias", Time since last: 2022617980 ns, Reaching safepoint: 161102 ns, At safepoint: 47857 ns, Total: 208959 ns
[2020-09-11T19:06:30.868+0000][1][safepoint    ] Safepoint "RevokeBias", Time since last: 2291470684 ns, Reaching safepoint: 168994 ns, At safepoint: 47913 ns, Total: 216907 ns
[2020-09-11T19:06:34.869+0000][1][safepoint    ] Safepoint "Cleanup", Time since last: 4000654249 ns, Reaching safepoint: 167354 ns, At safepoint: 18532 ns, Total: 185886 ns
[2020-09-11T19:06:36.575+0000][1][safepoint    ] Safepoint "RevokeBias", Time since last: 1706104782 ns, Reaching safepoint: 93466 ns, At safepoint: 21979 ns, Total: 115445 ns
[2020-09-11T19:06:38.491+0000][1][gc,start     ] GC(300) Pause Young (Allocation Failure)
[2020-09-11T19:06:38.491+0000][1][gc,task      ] GC(300) Using 1 workers of 1 for evacuation
[2020-09-11T19:06:38.502+0000][1][gc,age       ] GC(300) Desired survivor size 4358144 bytes, new threshold 6 (max threshold 6)
[2020-09-11T19:06:38.502+0000][1][gc,age       ] GC(300) Age table with threshold 6 (max threshold 6)
[2020-09-11T19:06:38.502+0000][1][gc,age       ] GC(300) - age   1:     682128 bytes,     682128 total
[2020-09-11T19:06:38.502+0000][1][gc,age       ] GC(300) - age   2:      12328 bytes,     694456 total
[2020-09-11T19:06:38.502+0000][1][gc,age       ] GC(300) - age   3:       6424 bytes,     700880 total
[2020-09-11T19:06:38.502+0000][1][gc,age       ] GC(300) - age   4:       7672 bytes,     708552 total
[2020-09-11T19:06:38.502+0000][1][gc,age       ] GC(300) - age   5:      21408 bytes,     729960 total
[2020-09-11T19:06:38.502+0000][1][gc,age       ] GC(300) - age   6:     198216 bytes,     928176 total
[2020-09-11T19:06:38.502+0000][1][gc,heap      ] GC(300) ParNew: 69407K->1176K(76672K)
[2020-09-11T19:06:38.502+0000][1][gc,heap      ] GC(300) CMS: 147770K->147777K(439104K)
[2020-09-11T19:06:38.502+0000][1][gc,metaspace ] GC(300) Metaspace: 96594K->96594K(1138688K)
[2020-09-11T19:06:38.502+0000][1][gc           ] GC(300) Pause Young (Allocation Failure) 212M->145M(503M) 10.517ms
[2020-09-11T19:06:38.502+0000][1][gc,cpu       ] GC(300) User=0.00s Sys=0.00s Real=0.02s
[2020-09-11T19:06:38.502+0000][1][safepoint    ] Safepoint "GenCollectForAllocation", Time since last: 1915816472 ns, Reaching safepoint: 227396 ns, At safepoint: 10652975 ns, Total: 10880371 ns
[2020-09-11T19:06:38.686+0000][1][safepoint    ] Safepoint "RevokeBias", Time since last: 184031162 ns, Reaching safepoint: 170961 ns, At safepoint: 49016 ns, Total: 219977 ns
[2020-09-11T19:06:40.819+0000][1][safepoint    ] Safepoint "RevokeBias", Time since last: 2132911393 ns, Reaching safepoint: 255511 ns, At safepoint: 46535 ns, Total: 302046 ns
[2020-09-11T19:06:45.820+0000][1][safepoint    ] Safepoint "Cleanup", Time since last: 5000581725 ns, Reaching safepoint: 91717 ns, At safepoint: 7429 ns, Total: 99146 ns
[2020-09-11T19:06:46.559+0000][1][safepoint    ] Safepoint "RevokeBias", Time since last: 738471323 ns, Reaching safepoint: 87829 ns, At safepoint: 22350 ns, Total: 110179 ns
[2020-09-11T19:06:47.765+0000][1][safepoint    ] Safepoint "RevokeBias", Time since last: 1206182208 ns, Reaching safepoint: 165089 ns, At safepoint: 24956 ns, Total: 190045 ns
[2020-09-11T19:06:47.784+0000][1][safepoint    ] Safepoint "RevokeBias", Time since last: 17125746 ns, Reaching safepoint: 1570127 ns, At safepoint: 26033 ns, Total: 1596160 ns
[2020-09-11T19:06:47.784+0000][1][safepoint    ] Safepoint "RevokeBias", Time since last: 163491 ns, Reaching safepoint: 263395 ns, At safepoint: 14494 ns, Total: 277889 ns
[2020-09-11T19:06:48.617+0000][1][safepoint    ] Safepoint "RevokeBias", Time since last: 832807686 ns, Reaching safepoint: 98075 ns, At safepoint: 22614 ns, Total: 120689 ns
[2020-09-11T19:06:50.815+0000][1][safepoint    ] Safepoint "RevokeBias", Time since last: 2197559047 ns, Reaching safepoint: 89529 ns, At safepoint: 22661 ns, Total: 112190 ns
[2020-09-11T19:06:55.815+0000][1][safepoint    ] Safepoint "Cleanup", Time since last: 5000421094 ns, Reaching safepoint: 86874 ns, At safepoint: 7169 ns, Total: 94043 ns
[2020-09-11T19:06:56.548+0000][1][safepoint    ] Safepoint "RevokeBias", Time since last: 732938019 ns, Reaching safepoint: 88897 ns, At safepoint: 22611 ns, Total: 111508 ns
[2020-09-11T19:06:57.541+0000][1][gc,start     ] GC(301) Pause Young (Allocation Failure)
[2020-09-11T19:06:57.541+0000][1][gc,task      ] GC(301) Using 1 workers of 1 for evacuation
[2020-09-11T19:06:57.550+0000][1][gc,age       ] GC(301) Desired survivor size 4358144 bytes, new threshold 6 (max threshold 6)
[2020-09-11T19:06:57.550+0000][1][gc,age       ] GC(301) Age table with threshold 6 (max threshold 6)
[2020-09-11T19:06:57.550+0000][1][gc,age       ] GC(301) - age   1:     253360 bytes,     253360 total
[2020-09-11T19:06:57.550+0000][1][gc,age       ] GC(301) - age   2:     406080 bytes,     659440 total
[2020-09-11T19:06:57.550+0000][1][gc,age       ] GC(301) - age   3:       9440 bytes,     668880 total
[2020-09-11T19:06:57.550+0000][1][gc,age       ] GC(301) - age   4:       6424 bytes,     675304 total
[2020-09-11T19:06:57.550+0000][1][gc,age       ] GC(301) - age   5:       6432 bytes,     681736 total
[2020-09-11T19:06:57.550+0000][1][gc,age       ] GC(301) - age   6:      21408 bytes,     703144 total
[2020-09-11T19:06:57.550+0000][1][gc,heap      ] GC(301) ParNew: 69336K->777K(76672K)
[2020-09-11T19:06:57.550+0000][1][gc,heap      ] GC(301) CMS: 147777K->147970K(439104K)
[2020-09-11T19:06:57.550+0000][1][gc,metaspace ] GC(301) Metaspace: 96620K->96620K(1138688K)
[2020-09-11T19:06:57.550+0000][1][gc           ] GC(301) Pause Young (Allocation Failure) 212M->145M(503M) 9.235ms
[2020-09-11T19:06:57.550+0000][1][gc,cpu       ] GC(301) User=0.01s Sys=0.00s Real=0.00s
[2020-09-11T19:06:57.550+0000][1][safepoint    ] Safepoint "GenCollectForAllocation", Time since last: 990429167 ns, Reaching safepoint: 2119516 ns, At safepoint: 9304550 ns, Total: 11424066 ns
[2020-09-11T19:06:58.599+0000][1][safepoint    ] Safepoint "RevokeBias", Time since last: 1049044664 ns, Reaching safepoint: 89091 ns, At safepoint: 37923 ns, Total: 127014 ns
[2020-09-11T19:07:00.859+0000][1][safepoint    ] Safepoint "RevokeBias", Time since last: 2259861014 ns, Reaching safepoint: 95593 ns, At safepoint: 27086 ns, Total: 122679 ns
[2020-09-11T19:07:06.552+0000][1][safepoint    ] Safepoint "RevokeBias", Time since last: 5692071895 ns, Reaching safepoint: 163947 ns, At safepoint: 23101 ns, Total: 187048 ns
[2020-09-11T19:07:08.687+0000][1][safepoint    ] Safepoint "RevokeBias", Time since last: 2135329846 ns, Reaching safepoint: 88867 ns, At safepoint: 22944 ns, Total: 111811 ns
[2020-09-11T19:07:10.828+0000][1][safepoint    ] Safepoint "RevokeBias", Time since last: 2140998659 ns, Reaching safepoint: 164735 ns, At safepoint: 23107 ns, Total: 187842 ns
[2020-09-11T19:07:15.284+0000][1][gc,start     ] GC(302) Pause Young (Allocation Failure)
[2020-09-11T19:07:15.284+0000][1][gc,task      ] GC(302) Using 1 workers of 1 for evacuation
[2020-09-11T19:07:15.292+0000][1][gc,age       ] GC(302) Desired survivor size 4358144 bytes, new threshold 6 (max threshold 6)
[2020-09-11T19:07:15.292+0000][1][gc,age       ] GC(302) Age table with threshold 6 (max threshold 6)
[2020-09-11T19:07:15.292+0000][1][gc,age       ] GC(302) - age   1:     153624 bytes,     153624 total
[2020-09-11T19:07:15.292+0000][1][gc,age       ] GC(302) - age   2:     207904 bytes,     361528 total
[2020-09-11T19:07:15.292+0000][1][gc,age       ] GC(302) - age   3:     403520 bytes,     765048 total
[2020-09-11T19:07:15.292+0000][1][gc,age       ] GC(302) - age   4:       8936 bytes,     773984 total
[2020-09-11T19:07:15.292+0000][1][gc,age       ] GC(302) - age   5:       6424 bytes,     780408 total
[2020-09-11T19:07:15.292+0000][1][gc,age       ] GC(302) - age   6:       6432 bytes,     786840 total
[2020-09-11T19:07:15.292+0000][1][gc,heap      ] GC(302) ParNew: 68937K->1418K(76672K)
[2020-09-11T19:07:15.292+0000][1][gc,heap      ] GC(302) CMS: 147970K->147991K(439104K)
[2020-09-11T19:07:15.292+0000][1][gc,metaspace ] GC(302) Metaspace: 96620K->96620K(1138688K)
[2020-09-11T19:07:15.292+0000][1][gc           ] GC(302) Pause Young (Allocation Failure) 211M->145M(503M) 8.383ms
[2020-09-11T19:07:15.292+0000][1][gc,cpu       ] GC(302) User=0.01s Sys=0.00s Real=0.00s
[2020-09-11T19:07:15.292+0000][1][safepoint    ] Safepoint "GenCollectForAllocation", Time since last: 4455544914 ns, Reaching safepoint: 80843 ns, At safepoint: 8445846 ns, Total: 8526689 ns
[2020-09-11T19:07:16.295+0000][1][safepoint    ] Safepoint "Cleanup", Time since last: 1002688615 ns, Reaching safepoint: 90051 ns, At safepoint: 7656 ns, Total: 97707 ns
[2020-09-11T19:07:16.579+0000][1][safepoint    ] Safepoint "RevokeBias", Time since last: 283411202 ns, Reaching safepoint: 87516 ns, At safepoint: 22422 ns, Total: 109938 ns
[2020-09-11T19:07:17.579+0000][1][safepoint    ] Safepoint "Cleanup", Time since last: 1000110906 ns, Reaching safepoint: 81610 ns, At safepoint: 7380 ns, Total: 88990 ns
[2020-09-11T19:07:18.579+0000][1][safepoint    ] Safepoint "Cleanup", Time since last: 1000124095 ns, Reaching safepoint: 95676 ns, At safepoint: 7235 ns, Total: 102911 ns
[2020-09-11T19:07:18.588+0000][1][safepoint    ] Safepoint "RevokeBias", Time since last: 8984591 ns, Reaching safepoint: 91687 ns, At safepoint: 26009 ns, Total: 117696 ns
[2020-09-11T19:07:19.588+0000][1][safepoint    ] Safepoint "Cleanup", Time since last: 1000131352 ns, Reaching safepoint: 87167 ns, At safepoint: 8983 ns, Total: 96150 ns
[2020-09-11T19:07:20.589+0000][1][safepoint    ] Safepoint "Cleanup", Time since last: 1000202882 ns, Reaching safepoint: 86057 ns, At safepoint: 9013 ns, Total: 95070 ns
[2020-09-11T19:07:20.815+0000][1][safepoint    ] Safepoint "RevokeBias", Time since last: 226321478 ns, Reaching safepoint: 166776 ns, At safepoint: 23269 ns, Total: 190045 ns
[2020-09-11T19:07:21.815+0000][1][safepoint    ] Safepoint "Cleanup", Time since last: 1000109724 ns, Reaching safepoint: 84718 ns, At safepoint: 7163 ns, Total: 91881 ns
[2020-09-11T19:07:22.816+0000][1][safepoint    ] Safepoint "Cleanup", Time since last: 1000113970 ns, Reaching safepoint: 99952 ns, At safepoint: 13628 ns, Total: 113580 ns
[2020-09-11T19:07:23.816+0000][1][safepoint    ] Safepoint "Cleanup", Time since last: 1000124445 ns, Reaching safepoint: 87930 ns, At safepoint: 8518 ns, Total: 96448 ns
[2020-09-11T19:07:24.816+0000][1][safepoint    ] Safepoint "Cleanup", Time since last: 1000111715 ns, Reaching safepoint: 87584 ns, At safepoint: 9275 ns, Total: 96859 ns
[2020-09-11T19:07:25.816+0000][1][safepoint    ] Safepoint "Cleanup", Time since last: 1000107907 ns, Reaching safepoint: 86279 ns, At safepoint: 7804 ns, Total: 94083 ns
[2020-09-11T19:07:26.546+0000][1][safepoint    ] Safepoint "RevokeBias", Time since last: 730051331 ns, Reaching safepoint: 91221 ns, At safepoint: 25666 ns, Total: 116887 ns
[2020-09-11T19:07:27.547+0000][1][safepoint    ] Safepoint "Cleanup", Time since last: 1000109263 ns, Reaching safepoint: 88716 ns, At safepoint: 9009 ns, Total: 97725 ns
[2020-09-11T19:07:28.057+0000][1][safepoint    ] Safepoint "RevokeBias", Time since last: 509659345 ns, Reaching safepoint: 347122 ns, At safepoint: 20669 ns, Total: 367791 ns
[2020-09-11T19:07:28.057+0000][1][safepoint    ] Safepoint "RevokeBias", Time since last: 78960 ns, Reaching safepoint: 120594 ns, At safepoint: 13705 ns, Total: 134299 ns
[2020-09-11T19:07:28.081+0000][1][safepoint    ] Safepoint "RevokeBias", Time since last: 22950126 ns, Reaching safepoint: 1194603 ns, At safepoint: 22099 ns, Total: 1216702 ns
[2020-09-11T19:07:28.089+0000][1][safepoint    ] Safepoint "RevokeBias", Time since last: 8157613 ns, Reaching safepoint: 189146 ns, At safepoint: 22134 ns, Total: 211280 ns
[2020-09-11T19:07:28.139+0000][1][safepoint    ] Safepoint "BulkRevokeBias", Time since last: 49312262 ns, Reaching safepoint: 89205 ns, At safepoint: 252832 ns, Total: 342037 ns
[2020-09-11T19:07:28.500+0000][1][gc,start     ] GC(303) Pause Young (Allocation Failure)
[2020-09-11T19:07:28.501+0000][1][gc,task      ] GC(303) Using 1 workers of 1 for evacuation
[2020-09-11T19:07:28.516+0000][1][gc,age       ] GC(303) Desired survivor size 4358144 bytes, new threshold 6 (max threshold 6)
[2020-09-11T19:07:28.516+0000][1][gc,age       ] GC(303) Age table with threshold 6 (max threshold 6)
[2020-09-11T19:07:28.516+0000][1][gc,age       ] GC(303) - age   1:     193488 bytes,     193488 total
[2020-09-11T19:07:28.516+0000][1][gc,age       ] GC(303) - age   2:     101424 bytes,     294912 total
[2020-09-11T19:07:28.516+0000][1][gc,age       ] GC(303) - age   3:     194056 bytes,     488968 total
[2020-09-11T19:07:28.516+0000][1][gc,age       ] GC(303) - age   4:     403208 bytes,     892176 total
[2020-09-11T19:07:28.516+0000][1][gc,age       ] GC(303) - age   5:       7384 bytes,     899560 total
[2020-09-11T19:07:28.516+0000][1][gc,age       ] GC(303) - age   6:       6392 bytes,     905952 total
[2020-09-11T19:07:28.516+0000][1][gc,heap      ] GC(303) ParNew: 69564K->1027K(76672K)
[2020-09-11T19:07:28.516+0000][1][gc,heap      ] GC(303) CMS: 147991K->147997K(439104K)
[2020-09-11T19:07:28.516+0000][1][gc,metaspace ] GC(303) Metaspace: 96631K->96631K(1138688K)
[2020-09-11T19:07:28.516+0000][1][gc           ] GC(303) Pause Young (Allocation Failure) 212M->145M(503M) 15.469ms
[2020-09-11T19:07:28.516+0000][1][gc,cpu       ] GC(303) User=0.00s Sys=0.00s Real=0.02s
[2020-09-11T19:07:28.521+0000][1][safepoint    ] Safepoint "GenCollectForAllocation", Time since last: 360932599 ns, Reaching safepoint: 483503 ns, At safepoint: 20527807 ns, Total: 21011310 ns
[2020-09-11T19:07:28.629+0000][1][safepoint    ] Safepoint "RevokeBias", Time since last: 108228160 ns, Reaching safepoint: 97870 ns, At safepoint: 22816 ns, Total: 120686 ns
[2020-09-11T19:07:29.630+0000][1][safepoint    ] Safepoint "Cleanup", Time since last: 1000107008 ns, Reaching safepoint: 102831 ns, At safepoint: 8596 ns, Total: 111427 ns
[2020-09-11T19:07:30.630+0000][1][safepoint    ] Safepoint "Cleanup", Time since last: 1000106254 ns, Reaching safepoint: 82535 ns, At safepoint: 7176 ns, Total: 89711 ns
[2020-09-11T19:07:30.917+0000][1][safepoint    ] Safepoint "RevokeBias", Time since last: 287124582 ns, Reaching safepoint: 158301 ns, At safepoint: 24240 ns, Total: 182541 ns
[2020-09-11T19:07:31.917+0000][1][safepoint    ] Safepoint "Cleanup", Time since last: 1000103721 ns, Reaching safepoint: 87345 ns, At safepoint: 9064 ns, Total: 96409 ns
[2020-09-11T19:07:32.917+0000][1][safepoint    ] Safepoint "Cleanup", Time since last: 1000111599 ns, Reaching safepoint: 86085 ns, At safepoint: 8832 ns, Total: 94917 ns
[2020-09-11T19:07:33.918+0000][1][safepoint    ] Safepoint "Cleanup", Time since last: 1000113364 ns, Reaching safepoint: 90037 ns, At safepoint: 9555 ns, Total: 99592 ns
[2020-09-11T19:07:34.918+0000][1][safepoint    ] Safepoint "Cleanup", Time since last: 1000111364 ns, Reaching safepoint: 88216 ns, At safepoint: 10083 ns, Total: 98299 ns
[2020-09-11T19:07:35.918+0000][1][safepoint    ] Safepoint "Cleanup", Time since last: 1000113966 ns, Reaching safepoint: 93738 ns, At safepoint: 9178 ns, Total: 102916 ns
[2020-09-11T19:07:36.548+0000][1][safepoint    ] Safepoint "RevokeBias", Time since last: 630002718 ns, Reaching safepoint: 98453 ns, At safepoint: 25504 ns, Total: 123957 ns
[2020-09-11T19:07:37.548+0000][1][safepoint    ] Safepoint "Cleanup", Time since last: 1000131083 ns, Reaching safepoint: 89163 ns, At safepoint: 9457 ns, Total: 98620 ns
[2020-09-11T19:07:38.549+0000][1][safepoint    ] Safepoint "Cleanup", Time since last: 1000120648 ns, Reaching safepoint: 81998 ns, At safepoint: 7240 ns, Total: 89238 ns
[2020-09-11T19:07:38.633+0000][1][safepoint    ] Safepoint "RevokeBias", Time since last: 84094427 ns, Reaching safepoint: 113182 ns, At safepoint: 22979 ns, Total: 136161 ns
[2020-09-11T19:07:39.633+0000][1][safepoint    ] Safepoint "Cleanup", Time since last: 1000109033 ns, Reaching safepoint: 89945 ns, At safepoint: 9654 ns, Total: 99599 ns
[2020-09-11T19:07:40.633+0000][1][safepoint    ] Safepoint "Cleanup", Time since last: 1000117538 ns, Reaching safepoint: 92305 ns, At safepoint: 8860 ns, Total: 101165 ns
[2020-09-11T19:07:40.819+0000][1][safepoint    ] Safepoint "RevokeBias", Time since last: 185841043 ns, Reaching safepoint: 86792 ns, At safepoint: 21850 ns, Total: 108642 ns
[2020-09-11T19:07:41.819+0000][1][safepoint    ] Safepoint "Cleanup", Time since last: 1000110103 ns, Reaching safepoint: 83043 ns, At safepoint: 6536 ns, Total: 89579 ns
[2020-09-11T19:07:42.820+0000][1][safepoint    ] Safepoint "Cleanup", Time since last: 1000105616 ns, Reaching safepoint: 86150 ns, At safepoint: 7149 ns, Total: 93299 ns
[2020-09-11T19:07:43.820+0000][1][safepoint    ] Safepoint "Cleanup", Time since last: 1000111135 ns, Reaching safepoint: 86884 ns, At safepoint: 9322 ns, Total: 96206 ns
[2020-09-11T19:07:44.820+0000][1][safepoint    ] Safepoint "Cleanup", Time since last: 1000109198 ns, Reaching safepoint: 86343 ns, At safepoint: 8872 ns, Total: 95215 ns
[2020-09-11T19:07:45.820+0000][1][safepoint    ] Safepoint "Cleanup", Time since last: 1000119934 ns, Reaching safepoint: 87602 ns, At safepoint: 10147 ns, Total: 97749 ns
[2020-09-11T19:07:46.237+0000][1][gc,start     ] GC(304) Pause Young (Allocation Failure)
[2020-09-11T19:07:46.237+0000][1][gc,task      ] GC(304) Using 1 workers of 1 for evacuation
[2020-09-11T19:07:46.244+0000][1][gc,age       ] GC(304) Desired survivor size 4358144 bytes, new threshold 6 (max threshold 6)
[2020-09-11T19:07:46.244+0000][1][gc,age       ] GC(304) Age table with threshold 6 (max threshold 6)
[2020-09-11T19:07:46.244+0000][1][gc,age       ] GC(304) - age   1:     222944 bytes,     222944 total
[2020-09-11T19:07:46.244+0000][1][gc,age       ] GC(304) - age   2:     147032 bytes,     369976 total
[2020-09-11T19:07:46.244+0000][1][gc,age       ] GC(304) - age   3:      98728 bytes,     468704 total
[2020-09-11T19:07:46.244+0000][1][gc,age       ] GC(304) - age   4:     193784 bytes,     662488 total
[2020-09-11T19:07:46.244+0000][1][gc,age       ] GC(304) - age   5:     401968 bytes,    1064456 total
[2020-09-11T19:07:46.245+0000][1][gc,age       ] GC(304) - age   6:       7384 bytes,    1071840 total
[2020-09-11T19:07:46.245+0000][1][gc,heap      ] GC(304) ParNew: 69187K->1511K(76672K)
[2020-09-11T19:07:46.245+0000][1][gc,heap      ] GC(304) CMS: 147997K->148004K(439104K)
[2020-09-11T19:07:46.245+0000][1][gc,metaspace ] GC(304) Metaspace: 96631K->96631K(1138688K)
[2020-09-11T19:07:46.245+0000][1][gc           ] GC(304) Pause Young (Allocation Failure) 212M->146M(503M) 7.587ms
[2020-09-11T19:07:46.245+0000][1][gc,cpu       ] GC(304) User=0.00s Sys=0.00s Real=0.01s
[2020-09-11T19:07:46.245+0000][1][safepoint    ] Safepoint "GenCollectForAllocation", Time since last: 413467777 ns, Reaching safepoint: 3239606 ns, At safepoint: 7793452 ns, Total: 11033058 ns
[2020-09-11T19:07:46.593+0000][1][safepoint    ] Safepoint "RevokeBias", Time since last: 348138390 ns, Reaching safepoint: 88999 ns, At safepoint: 23599 ns, Total: 112598 ns
[2020-09-11T19:07:47.593+0000][1][safepoint    ] Safepoint "Cleanup", Time since last: 1000112880 ns, Reaching safepoint: 91567 ns, At safepoint: 10884 ns, Total: 102451 ns
[2020-09-11T19:07:48.601+0000][1][safepoint    ] Safepoint "Cleanup", Time since last: 1007565058 ns, Reaching safepoint: 122350 ns, At safepoint: 9002 ns, Total: 131352 ns
[2020-09-11T19:07:48.664+0000][1][safepoint    ] Safepoint "RevokeBias", Time since last: 62483735 ns, Reaching safepoint: 87115 ns, At safepoint: 21842 ns, Total: 108957 ns
[2020-09-11T19:07:49.664+0000][1][safepoint    ] Safepoint "Cleanup", Time since last: 1000103792 ns, Reaching safepoint: 85062 ns, At safepoint: 9132 ns, Total: 94194 ns
[2020-09-11T19:07:50.664+0000][1][safepoint    ] Safepoint "Cleanup", Time since last: 1000120284 ns, Reaching safepoint: 102831 ns, At safepoint: 6681 ns, Total: 109512 ns
[2020-09-11T19:07:50.864+0000][1][safepoint    ] Safepoint "RevokeBias", Time since last: 200150534 ns, Reaching safepoint: 165622 ns, At safepoint: 25112 ns, Total: 190734 ns
[2020-09-11T19:07:51.865+0000][1][safepoint    ] Safepoint "Cleanup", Time since last: 1000111579 ns, Reaching safepoint: 86351 ns, At safepoint: 9317 ns, Total: 95668 ns
[2020-09-11T19:07:52.865+0000][1][safepoint    ] Safepoint "Cleanup", Time since last: 1000114752 ns, Reaching safepoint: 85964 ns, At safepoint: 8539 ns, Total: 94503 ns
[2020-09-11T19:07:53.865+0000][1][safepoint    ] Safepoint "Cleanup", Time since last: 1000141695 ns, Reaching safepoint: 88720 ns, At safepoint: 8836 ns, Total: 97556 ns
[2020-09-11T19:07:54.865+0000][1][safepoint    ] Safepoint "Cleanup", Time since last: 1000113903 ns, Reaching safepoint: 89246 ns, At safepoint: 9069 ns, Total: 98315 ns
[2020-09-11T19:07:55.865+0000][1][safepoint    ] Safepoint "Cleanup", Time since last: 1000112149 ns, Reaching safepoint: 89450 ns, At safepoint: 9986 ns, Total: 99436 ns
[2020-09-11T19:07:56.551+0000][1][safepoint    ] Safepoint "RevokeBias", Time since last: 685934667 ns, Reaching safepoint: 100985 ns, At safepoint: 25464 ns, Total: 126449 ns
[2020-09-11T19:07:57.552+0000][1][safepoint    ] Safepoint "Cleanup", Time since last: 1000115979 ns, Reaching safepoint: 92678 ns, At safepoint: 9487 ns, Total: 102165 ns
[2020-09-11T19:07:58.552+0000][1][safepoint    ] Safepoint "Cleanup", Time since last: 1000125071 ns, Reaching safepoint: 82893 ns, At safepoint: 7724 ns, Total: 90617 ns
[2020-09-11T19:07:58.596+0000][1][gc,start     ] GC(305) Pause Young (Allocation Failure)
[2020-09-11T19:07:58.596+0000][1][gc,task      ] GC(305) Using 1 workers of 1 for evacuation
[2020-09-11T19:07:58.605+0000][1][gc,age       ] GC(305) Desired survivor size 4358144 bytes, new threshold 6 (max threshold 6)
[2020-09-11T19:07:58.605+0000][1][gc,age       ] GC(305) Age table with threshold 6 (max threshold 6)
[2020-09-11T19:07:58.605+0000][1][gc,age       ] GC(305) - age   1:     250208 bytes,     250208 total
[2020-09-11T19:07:58.605+0000][1][gc,age       ] GC(305) - age   2:      33256 bytes,     283464 total
[2020-09-11T19:07:58.605+0000][1][gc,age       ] GC(305) - age   3:     139824 bytes,     423288 total
[2020-09-11T19:07:58.605+0000][1][gc,age       ] GC(305) - age   4:      98416 bytes,     521704 total
[2020-09-11T19:07:58.605+0000][1][gc,age       ] GC(305) - age   5:     192136 bytes,     713840 total
[2020-09-11T19:07:58.605+0000][1][gc,age       ] GC(305) - age   6:     401968 bytes,    1115808 total
[2020-09-11T19:07:58.605+0000][1][gc,heap      ] GC(305) ParNew: 69671K->1779K(76672K)
[2020-09-11T19:07:58.605+0000][1][gc,heap      ] GC(305) CMS: 148004K->148011K(439104K)
[2020-09-11T19:07:58.605+0000][1][gc,metaspace ] GC(305) Metaspace: 96631K->96631K(1138688K)
[2020-09-11T19:07:58.605+0000][1][gc           ] GC(305) Pause Young (Allocation Failure) 212M->146M(503M) 9.081ms
[2020-09-11T19:07:58.605+0000][1][gc,cpu       ] GC(305) User=0.01s Sys=0.00s Real=0.01s
[2020-09-11T19:07:58.605+0000][1][safepoint    ] Safepoint "GenCollectForAllocation", Time since last: 43841281 ns, Reaching safepoint: 168551 ns, At safepoint: 9149737 ns, Total: 9318288 ns
[2020-09-11T19:07:58.689+0000][1][safepoint    ] Safepoint "RevokeBias", Time since last: 83927283 ns, Reaching safepoint: 254906 ns, At safepoint: 24341 ns, Total: 279247 ns
[2020-09-11T19:07:59.689+0000][1][safepoint    ] Safepoint "Cleanup", Time since last: 1000107267 ns, Reaching safepoint: 107540 ns, At safepoint: 10975 ns, Total: 118515 ns
[2020-09-11T19:08:00.690+0000][1][safepoint    ] Safepoint "Cleanup", Time since last: 1000142387 ns, Reaching safepoint: 87221 ns, At safepoint: 9042 ns, Total: 96263 ns
[2020-09-11T19:08:00.852+0000][1][safepoint    ] Safepoint "RevokeBias", Time since last: 162379990 ns, Reaching safepoint: 163571 ns, At safepoint: 40724 ns, Total: 204295 ns
[2020-09-11T19:08:01.852+0000][1][safepoint    ] Safepoint "Cleanup", Time since last: 1000100098 ns, Reaching safepoint: 85140 ns, At safepoint: 9183 ns, Total: 94323 ns
[2020-09-11T19:08:02.853+0000][1][safepoint    ] Safepoint "Cleanup", Time since last: 1000132269 ns, Reaching safepoint: 86833 ns, At safepoint: 7604 ns, Total: 94437 ns
[2020-09-11T19:08:03.853+0000][1][safepoint    ] Safepoint "Cleanup", Time since last: 1000144034 ns, Reaching safepoint: 83967 ns, At safepoint: 7485 ns, Total: 91452 ns
[2020-09-11T19:08:04.853+0000][1][safepoint    ] Safepoint "Cleanup", Time since last: 1000109783 ns, Reaching safepoint: 85769 ns, At safepoint: 6769 ns, Total: 92538 ns
[2020-09-11T19:08:05.853+0000][1][safepoint    ] Safepoint "Cleanup", Time since last: 1000109606 ns, Reaching safepoint: 88910 ns, At safepoint: 9226 ns, Total: 98136 ns
[2020-09-11T19:08:06.547+0000][1][safepoint    ] Safepoint "RevokeBias", Time since last: 693673225 ns, Reaching safepoint: 89925 ns, At safepoint: 24409 ns, Total: 114334 ns
[2020-09-11T19:08:07.547+0000][1][safepoint    ] Safepoint "Cleanup", Time since last: 1000103979 ns, Reaching safepoint: 85354 ns, At safepoint: 7215 ns, Total: 92569 ns
[2020-09-11T19:08:08.456+0000][1][safepoint    ] Safepoint "RevokeBias", Time since last: 908950272 ns, Reaching safepoint: 105853 ns, At safepoint: 25809 ns, Total: 131662 ns
[2020-09-11T19:08:08.457+0000][1][safepoint    ] Safepoint "RevokeBias", Time since last: 68387 ns, Reaching safepoint: 57235 ns, At safepoint: 15981 ns, Total: 73216 ns
[2020-09-11T19:08:08.457+0000][1][safepoint    ] Safepoint "RevokeBias", Time since last: 38094 ns, Reaching safepoint: 45796 ns, At safepoint: 13726 ns, Total: 59522 ns
[2020-09-11T19:08:08.577+0000][1][safepoint    ] Safepoint "RevokeBias", Time since last: 120271870 ns, Reaching safepoint: 89513 ns, At safepoint: 24758 ns, Total: 114271 ns
[2020-09-11T19:08:09.649+0000][1][safepoint    ] Safepoint "Cleanup", Time since last: 1071919718 ns, Reaching safepoint: 96293 ns, At safepoint: 9187 ns, Total: 105480 ns
[2020-09-11T19:08:10.649+0000][1][safepoint    ] Safepoint "Cleanup", Time since last: 1000114346 ns, Reaching safepoint: 86727 ns, At safepoint: 9234 ns, Total: 95961 ns
[2020-09-11T19:08:10.857+0000][1][safepoint    ] Safepoint "RevokeBias", Time since last: 207802343 ns, Reaching safepoint: 161161 ns, At safepoint: 23574 ns, Total: 184735 ns
[2020-09-11T19:08:11.857+0000][1][safepoint    ] Safepoint "Cleanup", Time since last: 1000112661 ns, Reaching safepoint: 85892 ns, At safepoint: 8837 ns, Total: 94729 ns
[2020-09-11T19:08:12.858+0000][1][safepoint    ] Safepoint "Cleanup", Time since last: 1000117142 ns, Reaching safepoint: 84426 ns, At safepoint: 7197 ns, Total: 91623 ns
[2020-09-11T19:08:13.863+0000][1][safepoint    ] Safepoint "Cleanup", Time since last: 1005066432 ns, Reaching safepoint: 106760 ns, At safepoint: 7128 ns, Total: 113888 ns
[2020-09-11T19:08:14.863+0000][1][safepoint    ] Safepoint "Cleanup", Time since last: 1000103865 ns, Reaching safepoint: 98376 ns, At safepoint: 7501 ns, Total: 105877 ns
[2020-09-11T19:08:15.863+0000][1][safepoint    ] Safepoint "Cleanup", Time since last: 1000117347 ns, Reaching safepoint: 86329 ns, At safepoint: 7233 ns, Total: 93562 ns
[2020-09-11T19:08:16.529+0000][1][gc,start     ] GC(306) Pause Young (Allocation Failure)
[2020-09-11T19:08:16.529+0000][1][gc,task      ] GC(306) Using 1 workers of 1 for evacuation
[2020-09-11T19:08:16.538+0000][1][gc,age       ] GC(306) Desired survivor size 4358144 bytes, new threshold 6 (max threshold 6)
[2020-09-11T19:08:16.538+0000][1][gc,age       ] GC(306) Age table with threshold 6 (max threshold 6)
[2020-09-11T19:08:16.538+0000][1][gc,age       ] GC(306) - age   1:     224136 bytes,     224136 total
[2020-09-11T19:08:16.538+0000][1][gc,age       ] GC(306) - age   2:      20144 bytes,     244280 total
[2020-09-11T19:08:16.538+0000][1][gc,age       ] GC(306) - age   3:      26160 bytes,     270440 total
[2020-09-11T19:08:16.538+0000][1][gc,age       ] GC(306) - age   4:     138816 bytes,     409256 total
[2020-09-11T19:08:16.538+0000][1][gc,age       ] GC(306) - age   5:      95256 bytes,     504512 total
[2020-09-11T19:08:16.538+0000][1][gc,age       ] GC(306) - age   6:     192120 bytes,     696632 total
[2020-09-11T19:08:16.538+0000][1][gc,heap      ] GC(306) ParNew: 69939K->1039K(76672K)
[2020-09-11T19:08:16.538+0000][1][gc,heap      ] GC(306) CMS: 148011K->148403K(439104K)
[2020-09-11T19:08:16.538+0000][1][gc,metaspace ] GC(306) Metaspace: 96656K->96656K(1138688K)
[2020-09-11T19:08:16.538+0000][1][gc           ] GC(306) Pause Young (Allocation Failure) 212M->145M(503M) 9.800ms
[2020-09-11T19:08:16.538+0000][1][gc,cpu       ] GC(306) User=0.01s Sys=0.00s Real=0.01s
[2020-09-11T19:08:16.538+0000][1][safepoint    ] Safepoint "GenCollectForAllocation", Time since last: 665111389 ns, Reaching safepoint: 103456 ns, At safepoint: 9868902 ns, Total: 9972358 ns
[2020-09-11T19:08:16.892+0000][1][safepoint    ] Safepoint "RevokeBias", Time since last: 352902005 ns, Reaching safepoint: 736599 ns, At safepoint: 47746 ns, Total: 784345 ns
[2020-09-11T19:08:17.893+0000][1][safepoint    ] Safepoint "Cleanup", Time since last: 1000726285 ns, Reaching safepoint: 85713 ns, At safepoint: 20430 ns, Total: 106143 ns
[2020-09-11T19:08:18.893+0000][1][safepoint    ] Safepoint "Cleanup", Time since last: 1000117754 ns, Reaching safepoint: 113495 ns, At safepoint: 7331 ns, Total: 120826 ns
[2020-09-11T19:08:18.932+0000][1][safepoint    ] Safepoint "RevokeBias", Time since last: 38520828 ns, Reaching safepoint: 73988 ns, At safepoint: 17838 ns, Total: 91826 ns
[2020-09-11T19:08:19.281+0000][1][safepoint    ] Safepoint "RevokeBias", Time since last: 349580190 ns, Reaching safepoint: 98661 ns, At safepoint: 21619 ns, Total: 120280 ns
[2020-09-11T19:08:20.282+0000][1][safepoint    ] Safepoint "Cleanup", Time since last: 1000105199 ns, Reaching safepoint: 82958 ns, At safepoint: 6692 ns, Total: 89650 ns
[2020-09-11T19:08:21.054+0000][1][safepoint    ] Safepoint "RevokeBias", Time since last: 771826359 ns, Reaching safepoint: 100354 ns, At safepoint: 20169 ns, Total: 120523 ns
[2020-09-11T19:08:22.054+0000][1][safepoint    ] Safepoint "Cleanup", Time since last: 1000114871 ns, Reaching safepoint: 82437 ns, At safepoint: 7959 ns, Total: 90396 ns
[2020-09-11T19:08:23.054+0000][1][safepoint    ] Safepoint "Cleanup", Time since last: 1000138384 ns, Reaching safepoint: 109605 ns, At safepoint: 8396 ns, Total: 118001 ns
[2020-09-11T19:08:24.054+0000][1][safepoint    ] Safepoint "Cleanup", Time since last: 1000113296 ns, Reaching safepoint: 96583 ns, At safepoint: 8113 ns, Total: 104696 ns
[2020-09-11T19:08:25.054+0000][1][safepoint    ] Safepoint "Cleanup", Time since last: 1000131178 ns, Reaching safepoint: 92649 ns, At safepoint: 7331 ns, Total: 99980 ns
[2020-09-11T19:08:26.055+0000][1][safepoint    ] Safepoint "Cleanup", Time since last: 1000121074 ns, Reaching safepoint: 88322 ns, At safepoint: 6982 ns, Total: 95304 ns
[2020-09-11T19:08:26.574+0000][1][safepoint    ] Safepoint "RevokeBias", Time since last: 519328874 ns, Reaching safepoint: 92120 ns, At safepoint: 25346 ns, Total: 117466 ns
[2020-09-11T19:08:27.574+0000][1][safepoint    ] Safepoint "Cleanup", Time since last: 1000109267 ns, Reaching safepoint: 84218 ns, At safepoint: 6562 ns, Total: 90780 ns
[2020-09-11T19:08:28.668+0000][1][gc,start     ] GC(307) Pause Young (Allocation Failure)
[2020-09-11T19:08:28.668+0000][1][gc,task      ] GC(307) Using 1 workers of 1 for evacuation
[2020-09-11T19:08:28.686+0000][1][gc,age       ] GC(307) Desired survivor size 4358144 bytes, new threshold 6 (max threshold 6)
[2020-09-11T19:08:28.686+0000][1][gc,age       ] GC(307) Age table with threshold 6 (max threshold 6)
[2020-09-11T19:08:28.686+0000][1][gc,age       ] GC(307) - age   1:     176768 bytes,     176768 total
[2020-09-11T19:08:28.686+0000][1][gc,age       ] GC(307) - age   2:     122984 bytes,     299752 total
[2020-09-11T19:08:28.686+0000][1][gc,age       ] GC(307) - age   3:      15712 bytes,     315464 total
[2020-09-11T19:08:28.686+0000][1][gc,age       ] GC(307) - age   4:      25864 bytes,     341328 total
[2020-09-11T19:08:28.686+0000][1][gc,age       ] GC(307) - age   5:     138816 bytes,     480144 total
[2020-09-11T19:08:28.686+0000][1][gc,age       ] GC(307) - age   6:      95256 bytes,     575400 total
[2020-09-11T19:08:28.686+0000][1][gc,heap      ] GC(307) ParNew: 69199K->770K(76672K)
[2020-09-11T19:08:28.686+0000][1][gc,heap      ] GC(307) CMS: 148403K->148591K(439104K)
[2020-09-11T19:08:28.686+0000][1][gc,metaspace ] GC(307) Metaspace: 96726K->96726K(1138688K)
[2020-09-11T19:08:28.686+0000][1][gc           ] GC(307) Pause Young (Allocation Failure) 212M->145M(503M) 17.893ms
[2020-09-11T19:08:28.686+0000][1][gc,cpu       ] GC(307) User=0.01s Sys=0.00s Real=0.02s
[2020-09-11T19:08:28.686+0000][1][safepoint    ] Safepoint "GenCollectForAllocation", Time since last: 1093632624 ns, Reaching safepoint: 165575 ns, At safepoint: 18013768 ns, Total: 18179343 ns
[2020-09-11T19:08:29.137+0000][1][safepoint    ] Safepoint "RevokeBias", Time since last: 451098621 ns, Reaching safepoint: 87878 ns, At safepoint: 22092 ns, Total: 109970 ns
[2020-09-11T19:08:30.853+0000][1][safepoint    ] Safepoint "RevokeBias", Time since last: 1715694772 ns, Reaching safepoint: 177249 ns, At safepoint: 34338 ns, Total: 211587 ns
[2020-09-11T19:08:36.682+0000][1][safepoint    ] Safepoint "RevokeBias", Time since last: 5828560906 ns, Reaching safepoint: 88410 ns, At safepoint: 22688 ns, Total: 111098 ns
[2020-09-11T19:08:37.682+0000][1][safepoint    ] Safepoint "Cleanup", Time since last: 1000111236 ns, Reaching safepoint: 90234 ns, At safepoint: 7414 ns, Total: 97648 ns
[2020-09-11T19:08:38.995+0000][1][safepoint    ] Safepoint "RevokeBias", Time since last: 1312744309 ns, Reaching safepoint: 94580 ns, At safepoint: 21423 ns, Total: 116003 ns
[2020-09-11T19:08:40.995+0000][1][safepoint    ] Safepoint "Cleanup", Time since last: 2000176216 ns, Reaching safepoint: 85095 ns, At safepoint: 6256 ns, Total: 91351 ns
[2020-09-11T19:08:41.114+0000][1][safepoint    ] Safepoint "RevokeBias", Time since last: 118733608 ns, Reaching safepoint: 168950 ns, At safepoint: 24107 ns, Total: 193057 ns
[2020-09-11T19:08:46.582+0000][1][safepoint    ] Safepoint "RevokeBias", Time since last: 5467508606 ns, Reaching safepoint: 91053 ns, At safepoint: 22632 ns, Total: 113685 ns
[2020-09-11T19:08:47.657+0000][1][gc,start     ] GC(308) Pause Young (Allocation Failure)
[2020-09-11T19:08:47.657+0000][1][gc,task      ] GC(308) Using 1 workers of 1 for evacuation
[2020-09-11T19:08:47.671+0000][1][gc,age       ] GC(308) Desired survivor size 4358144 bytes, new threshold 6 (max threshold 6)
[2020-09-11T19:08:47.671+0000][1][gc,age       ] GC(308) Age table with threshold 6 (max threshold 6)
[2020-09-11T19:08:47.671+0000][1][gc,age       ] GC(308) - age   1:     407768 bytes,     407768 total
[2020-09-11T19:08:47.671+0000][1][gc,age       ] GC(308) - age   2:      57160 bytes,     464928 total
[2020-09-11T19:08:47.671+0000][1][gc,age       ] GC(308) - age   3:     120304 bytes,     585232 total
[2020-09-11T19:08:47.671+0000][1][gc,age       ] GC(308) - age   4:      11696 bytes,     596928 total
[2020-09-11T19:08:47.671+0000][1][gc,age       ] GC(308) - age   5:      25832 bytes,     622760 total
[2020-09-11T19:08:47.671+0000][1][gc,age       ] GC(308) - age   6:     138816 bytes,     761576 total
[2020-09-11T19:08:47.671+0000][1][gc,heap      ] GC(308) ParNew: 68930K->1227K(76672K)
[2020-09-11T19:08:47.671+0000][1][gc,heap      ] GC(308) CMS: 148591K->148684K(439104K)
[2020-09-11T19:08:47.671+0000][1][gc,metaspace ] GC(308) Metaspace: 96726K->96726K(1138688K)
[2020-09-11T19:08:47.671+0000][1][gc           ] GC(308) Pause Young (Allocation Failure) 212M->146M(503M) 13.517ms
[2020-09-11T19:08:47.671+0000][1][gc,cpu       ] GC(308) User=0.00s Sys=0.00s Real=0.01s
[2020-09-11T19:08:47.671+0000][1][safepoint    ] Safepoint "GenCollectForAllocation", Time since last: 1075422839 ns, Reaching safepoint: 154899 ns, At safepoint: 13588211 ns, Total: 13743110 ns
[2020-09-11T19:08:49.067+0000][1][safepoint    ] Safepoint "RevokeBias", Time since last: 1396202371 ns, Reaching safepoint: 89012 ns, At safepoint: 22401 ns, Total: 111413 ns
[2020-09-11T19:08:50.967+0000][1][safepoint    ] Safepoint "RevokeBias", Time since last: 1899793866 ns, Reaching safepoint: 164040 ns, At safepoint: 23097 ns, Total: 187137 ns
[2020-09-11T19:08:56.605+0000][1][safepoint    ] Safepoint "RevokeBias", Time since last: 5637522847 ns, Reaching safepoint: 93206 ns, At safepoint: 24853 ns, Total: 118059 ns
[2020-09-11T19:08:58.669+0000][1][safepoint    ] Safepoint "BulkRevokeBias", Time since last: 2063281463 ns, Reaching safepoint: 87845 ns, At safepoint: 209789 ns, Total: 297634 ns
[2020-09-11T19:09:00.669+0000][1][safepoint    ] Safepoint "Cleanup", Time since last: 2000186588 ns, Reaching safepoint: 110641 ns, At safepoint: 8057 ns, Total: 118698 ns
[2020-09-11T19:09:00.850+0000][1][safepoint    ] Safepoint "RevokeBias", Time since last: 181308300 ns, Reaching safepoint: 87069 ns, At safepoint: 21063 ns, Total: 108132 ns
[2020-09-11T19:09:01.850+0000][1][safepoint    ] Safepoint "Cleanup", Time since last: 1000106458 ns, Reaching safepoint: 110744 ns, At safepoint: 9129 ns, Total: 119873 ns
[2020-09-11T19:09:06.582+0000][1][safepoint    ] Safepoint "RevokeBias", Time since last: 4730911115 ns, Reaching safepoint: 91072 ns, At safepoint: 39824 ns, Total: 130896 ns
[2020-09-11T19:09:07.700+0000][1][gc,start     ] GC(309) Pause Young (Allocation Failure)
[2020-09-11T19:09:07.700+0000][1][gc,task      ] GC(309) Using 1 workers of 1 for evacuation
[2020-09-11T19:09:07.711+0000][1][gc,age       ] GC(309) Desired survivor size 4358144 bytes, new threshold 6 (max threshold 6)
[2020-09-11T19:09:07.711+0000][1][gc,age       ] GC(309) Age table with threshold 6 (max threshold 6)
[2020-09-11T19:09:07.711+0000][1][gc,age       ] GC(309) - age   1:     145112 bytes,     145112 total
[2020-09-11T19:09:07.711+0000][1][gc,age       ] GC(309) - age   2:     361448 bytes,     506560 total
[2020-09-11T19:09:07.711+0000][1][gc,age       ] GC(309) - age   3:      53000 bytes,     559560 total
[2020-09-11T19:09:07.711+0000][1][gc,age       ] GC(309) - age   4:     117064 bytes,     676624 total
[2020-09-11T19:09:07.711+0000][1][gc,age       ] GC(309) - age   5:      10328 bytes,     686952 total
[2020-09-11T19:09:07.711+0000][1][gc,age       ] GC(309) - age   6:      25832 bytes,     712784 total
[2020-09-11T19:09:07.711+0000][1][gc,heap      ] GC(309) ParNew: 69387K->711K(76672K)
[2020-09-11T19:09:07.711+0000][1][gc,heap      ] GC(309) CMS: 148684K->148821K(439104K)
[2020-09-11T19:09:07.711+0000][1][gc,metaspace ] GC(309) Metaspace: 96728K->96728K(1138688K)
[2020-09-11T19:09:07.711+0000][1][gc           ] GC(309) Pause Young (Allocation Failure) 212M->146M(503M) 11.143ms
[2020-09-11T19:09:07.711+0000][1][gc,cpu       ] GC(309) User=0.01s Sys=0.00s Real=0.01s
[2020-09-11T19:09:07.711+0000][1][safepoint    ] Safepoint "GenCollectForAllocation", Time since last: 1117907361 ns, Reaching safepoint: 152306 ns, At safepoint: 11213571 ns, Total: 11365877 ns
[2020-09-11T19:09:08.654+0000][1][safepoint    ] Safepoint "RevokeBias", Time since last: 943153345 ns, Reaching safepoint: 88257 ns, At safepoint: 21159 ns, Total: 109416 ns
[2020-09-11T19:09:10.912+0000][1][safepoint    ] Safepoint "RevokeBias", Time since last: 2257775987 ns, Reaching safepoint: 95380 ns, At safepoint: 25026 ns, Total: 120406 ns
[2020-09-11T19:09:12.813+0000][1][safepoint    ] Safepoint "RevokeBias", Time since last: 1896844690 ns, Reaching safepoint: 4091243 ns, At safepoint: 28413 ns, Total: 4119656 ns
[2020-09-11T19:09:12.813+0000][1][safepoint    ] Safepoint "RevokeBias", Time since last: 81635 ns, Reaching safepoint: 121841 ns, At safepoint: 16350 ns, Total: 138191 ns
[2020-09-11T19:09:12.814+0000][1][safepoint    ] Safepoint "RevokeBias", Time since last: 368505 ns, Reaching safepoint: 116800 ns, At safepoint: 17596 ns, Total: 134396 ns
[2020-09-11T19:09:12.814+0000][1][safepoint    ] Safepoint "RevokeBias", Time since last: 114236 ns, Reaching safepoint: 115674 ns, At safepoint: 15047 ns, Total: 130721 ns
[2020-09-11T19:09:12.814+0000][1][safepoint    ] Safepoint "RevokeBias", Time since last: 34390 ns, Reaching safepoint: 108605 ns, At safepoint: 13590 ns, Total: 122195 ns
[2020-09-11T19:09:12.815+0000][1][safepoint    ] Safepoint "RevokeBias", Time since last: 817261 ns, Reaching safepoint: 114161 ns, At safepoint: 16597 ns, Total: 130758 ns
[2020-09-11T19:09:12.815+0000][1][safepoint    ] Safepoint "RevokeBias", Time since last: 54742 ns, Reaching safepoint: 108179 ns, At safepoint: 14683 ns, Total: 122862 ns
[2020-09-11T19:09:12.848+0000][1][safepoint    ] Safepoint "RevokeBias", Time since last: 30510200 ns, Reaching safepoint: 1836820 ns, At safepoint: 26206 ns, Total: 1863026 ns
[2020-09-11T19:09:12.873+0000][1][safepoint    ] Safepoint "RevokeBias", Time since last: 23327699 ns, Reaching safepoint: 1976011 ns, At safepoint: 22916 ns, Total: 1998927 ns
[2020-09-11T19:09:13.873+0000][1][safepoint    ] Safepoint "Cleanup", Time since last: 1000099064 ns, Reaching safepoint: 82682 ns, At safepoint: 5511 ns, Total: 88193 ns
[2020-09-11T19:09:15.881+0000][1][safepoint    ] Safepoint "Cleanup", Time since last: 2007732704 ns, Reaching safepoint: 90485 ns, At safepoint: 7013 ns, Total: 97498 ns
[2020-09-11T19:09:15.885+0000][1][gc,start     ] GC(310) Pause Young (Allocation Failure)
[2020-09-11T19:09:15.885+0000][1][gc,task      ] GC(310) Using 1 workers of 1 for evacuation
[2020-09-11T19:09:15.895+0000][1][gc,age       ] GC(310) Desired survivor size 4358144 bytes, new threshold 6 (max threshold 6)
[2020-09-11T19:09:15.895+0000][1][gc,age       ] GC(310) Age table with threshold 6 (max threshold 6)
[2020-09-11T19:09:15.895+0000][1][gc,age       ] GC(310) - age   1:    1600472 bytes,    1600472 total
[2020-09-11T19:09:15.895+0000][1][gc,age       ] GC(310) - age   2:     108184 bytes,    1708656 total
[2020-09-11T19:09:15.895+0000][1][gc,age       ] GC(310) - age   3:     357440 bytes,    2066096 total
[2020-09-11T19:09:15.895+0000][1][gc,age       ] GC(310) - age   4:      52248 bytes,    2118344 total
[2020-09-11T19:09:15.895+0000][1][gc,age       ] GC(310) - age   5:     117064 bytes,    2235408 total
[2020-09-11T19:09:15.895+0000][1][gc,age       ] GC(310) - age   6:      10328 bytes,    2245736 total
[2020-09-11T19:09:15.895+0000][1][gc,heap      ] GC(310) ParNew: 68695K->2799K(76672K)
[2020-09-11T19:09:15.895+0000][1][gc,heap      ] GC(310) CMS: 148821K->148846K(439104K)
[2020-09-11T19:09:15.895+0000][1][gc,metaspace ] GC(310) Metaspace: 96763K->96763K(1138688K)
[2020-09-11T19:09:15.895+0000][1][gc           ] GC(310) Pause Young (Allocation Failure) 212M->148M(503M) 10.212ms
[2020-09-11T19:09:15.895+0000][1][gc,cpu       ] GC(310) User=0.01s Sys=0.00s Real=0.01s
[2020-09-11T19:09:15.907+0000][1][safepoint    ] Safepoint "GenCollectForAllocation", Time since last: 3986097 ns, Reaching safepoint: 160835 ns, At safepoint: 21877657 ns, Total: 22038492 ns
[2020-09-11T19:09:15.908+0000][1][safepoint    ] Safepoint "RevokeBias", Time since last: 1383387 ns, Reaching safepoint: 76131 ns, At safepoint: 29613 ns, Total: 105744 ns
[2020-09-11T19:09:15.909+0000][1][safepoint    ] Safepoint "RevokeBias", Time since last: 138407 ns, Reaching safepoint: 30665 ns, At safepoint: 19588 ns, Total: 50253 ns
[2020-09-11T19:09:15.909+0000][1][safepoint    ] Safepoint "RevokeBias", Time since last: 73009 ns, Reaching safepoint: 33691 ns, At safepoint: 18402 ns, Total: 52093 ns
[2020-09-11T19:09:15.910+0000][1][safepoint    ] Safepoint "RevokeBias", Time since last: 33863 ns, Reaching safepoint: 1131559 ns, At safepoint: 22669 ns, Total: 1154228 ns
[2020-09-11T19:09:15.926+0000][1][safepoint    ] Safepoint "RevokeBias", Time since last: 15867798 ns, Reaching safepoint: 151652 ns, At safepoint: 21075 ns, Total: 172727 ns
[2020-09-11T19:09:16.565+0000][1][safepoint    ] Safepoint "RevokeBias", Time since last: 638982411 ns, Reaching safepoint: 86963 ns, At safepoint: 21736 ns, Total: 108699 ns
[2020-09-11T19:09:18.772+0000][1][safepoint    ] Safepoint "RevokeBias", Time since last: 2206774968 ns, Reaching safepoint: 110613 ns, At safepoint: 23409 ns, Total: 134022 ns
[2020-09-11T19:09:20.895+0000][1][safepoint    ] Safepoint "RevokeBias", Time since last: 2122610622 ns, Reaching safepoint: 173752 ns, At safepoint: 26565 ns, Total: 200317 ns
[2020-09-11T19:09:24.895+0000][1][safepoint    ] Safepoint "Cleanup", Time since last: 4000368498 ns, Reaching safepoint: 106389 ns, At safepoint: 9855 ns, Total: 116244 ns
[2020-09-11T19:09:25.895+0000][1][safepoint    ] Safepoint "Cleanup", Time since last: 1000116903 ns, Reaching safepoint: 94037 ns, At safepoint: 9527 ns, Total: 103564 ns
[2020-09-11T19:09:25.941+0000][1][gc,start     ] GC(311) Pause Young (Allocation Failure)
[2020-09-11T19:09:25.941+0000][1][gc,task      ] GC(311) Using 1 workers of 1 for evacuation
[2020-09-11T19:09:25.956+0000][1][gc,age       ] GC(311) Desired survivor size 4358144 bytes, new threshold 6 (max threshold 6)
[2020-09-11T19:09:25.956+0000][1][gc,age       ] GC(311) Age table with threshold 6 (max threshold 6)
[2020-09-11T19:09:25.956+0000][1][gc,age       ] GC(311) - age   1:    1293192 bytes,    1293192 total
[2020-09-11T19:09:25.956+0000][1][gc,age       ] GC(311) - age   2:     199160 bytes,    1492352 total
[2020-09-11T19:09:25.956+0000][1][gc,age       ] GC(311) - age   3:      97800 bytes,    1590152 total
[2020-09-11T19:09:25.956+0000][1][gc,age       ] GC(311) - age   4:     355928 bytes,    1946080 total
[2020-09-11T19:09:25.956+0000][1][gc,age       ] GC(311) - age   5:      52144 bytes,    1998224 total
[2020-09-11T19:09:25.956+0000][1][gc,age       ] GC(311) - age   6:     117064 bytes,    2115288 total
[2020-09-11T19:09:25.956+0000][1][gc,heap      ] GC(311) ParNew: 70609K->3639K(76672K)
[2020-09-11T19:09:25.956+0000][1][gc,heap      ] GC(311) CMS: 148846K->148857K(439104K)
[2020-09-11T19:09:25.956+0000][1][gc,metaspace ] GC(311) Metaspace: 96766K->96766K(1138688K)
[2020-09-11T19:09:25.956+0000][1][gc           ] GC(311) Pause Young (Allocation Failure) 214M->148M(503M) 15.109ms
[2020-09-11T19:09:25.956+0000][1][gc,cpu       ] GC(311) User=0.01s Sys=0.00s Real=0.01s
[2020-09-11T19:09:25.956+0000][1][safepoint    ] Safepoint "GenCollectForAllocation", Time since last: 42897167 ns, Reaching safepoint: 2496314 ns, At safepoint: 15661955 ns, Total: 18158269 ns
[2020-09-11T19:09:25.962+0000][1][safepoint    ] Safepoint "RevokeBias", Time since last: 5882677 ns, Reaching safepoint: 77980 ns, At safepoint: 32097 ns, Total: 110077 ns
[2020-09-11T19:09:25.963+0000][1][safepoint    ] Safepoint "RevokeBias", Time since last: 123680 ns, Reaching safepoint: 32837 ns, At safepoint: 20121 ns, Total: 52958 ns
[2020-09-11T19:09:25.963+0000][1][safepoint    ] Safepoint "RevokeBias", Time since last: 82780 ns, Reaching safepoint: 35954 ns, At safepoint: 20114 ns, Total: 56068 ns
[2020-09-11T19:09:25.963+0000][1][safepoint    ] Safepoint "RevokeBias", Time since last: 36415 ns, Reaching safepoint: 31913 ns, At safepoint: 18636 ns, Total: 50549 ns
[2020-09-11T19:09:25.975+0000][1][safepoint    ] Safepoint "RevokeBias", Time since last: 11792487 ns, Reaching safepoint: 154921 ns, At safepoint: 34628 ns, Total: 189549 ns
[2020-09-11T19:09:26.597+0000][1][safepoint    ] Safepoint "RevokeBias", Time since last: 621679911 ns, Reaching safepoint: 152361 ns, At safepoint: 26690 ns, Total: 179051 ns
[2020-09-11T19:09:28.854+0000][1][safepoint    ] Safepoint "RevokeBias", Time since last: 2257391656 ns, Reaching safepoint: 90906 ns, At safepoint: 21551 ns, Total: 112457 ns
[2020-09-11T19:09:30.914+0000][1][safepoint    ] Safepoint "RevokeBias", Time since last: 2059762038 ns, Reaching safepoint: 173047 ns, At safepoint: 27623 ns, Total: 200670 ns
[2020-09-11T19:09:32.915+0000][1][safepoint    ] Safepoint "Cleanup", Time since last: 2000206748 ns, Reaching safepoint: 114531 ns, At safepoint: 9902 ns, Total: 124433 ns
[2020-09-11T19:09:35.995+0000][1][gc,start     ] GC(312) Pause Young (Allocation Failure)
[2020-09-11T19:09:35.996+0000][1][gc,task      ] GC(312) Using 1 workers of 1 for evacuation
[2020-09-11T19:09:36.008+0000][1][gc,age       ] GC(312) Desired survivor size 4358144 bytes, new threshold 6 (max threshold 6)
[2020-09-11T19:09:36.008+0000][1][gc,age       ] GC(312) Age table with threshold 6 (max threshold 6)
[2020-09-11T19:09:36.008+0000][1][gc,age       ] GC(312) - age   1:    1593400 bytes,    1593400 total
[2020-09-11T19:09:36.008+0000][1][gc,age       ] GC(312) - age   2:      70328 bytes,    1663728 total
[2020-09-11T19:09:36.008+0000][1][gc,age       ] GC(312) - age   3:     194112 bytes,    1857840 total
[2020-09-11T19:09:36.008+0000][1][gc,age       ] GC(312) - age   4:      92616 bytes,    1950456 total
[2020-09-11T19:09:36.008+0000][1][gc,age       ] GC(312) - age   5:     355632 bytes,    2306088 total
[2020-09-11T19:09:36.008+0000][1][gc,age       ] GC(312) - age   6:      52144 bytes,    2358232 total
[2020-09-11T19:09:36.008+0000][1][gc,heap      ] GC(312) ParNew: 71771K->2459K(76672K)
[2020-09-11T19:09:36.008+0000][1][gc,heap      ] GC(312) CMS: 148857K->148971K(439104K)
[2020-09-11T19:09:36.008+0000][1][gc,metaspace ] GC(312) Metaspace: 96769K->96769K(1138688K)
[2020-09-11T19:09:36.008+0000][1][gc           ] GC(312) Pause Young (Allocation Failure) 215M->147M(503M) 12.439ms
[2020-09-11T19:09:36.008+0000][1][gc,cpu       ] GC(312) User=0.00s Sys=0.00s Real=0.01s
[2020-09-11T19:09:36.008+0000][1][safepoint    ] Safepoint "GenCollectForAllocation", Time since last: 3080031674 ns, Reaching safepoint: 884188 ns, At safepoint: 12720685 ns, Total: 13604873 ns
[2020-09-11T19:09:36.015+0000][1][safepoint    ] Safepoint "RevokeBias", Time since last: 6892013 ns, Reaching safepoint: 82221 ns, At safepoint: 34054 ns, Total: 116275 ns
[2020-09-11T19:09:36.015+0000][1][safepoint    ] Safepoint "RevokeBias", Time since last: 127241 ns, Reaching safepoint: 58045 ns, At safepoint: 24425 ns, Total: 82470 ns
[2020-09-11T19:09:36.016+0000][1][safepoint    ] Safepoint "RevokeBias", Time since last: 88402 ns, Reaching safepoint: 51774 ns, At safepoint: 22006 ns, Total: 73780 ns
[2020-09-11T19:09:36.016+0000][1][safepoint    ] Safepoint "RevokeBias", Time since last: 37667 ns, Reaching safepoint: 42158 ns, At safepoint: 18931 ns, Total: 61089 ns
[2020-09-11T19:09:36.039+0000][1][safepoint    ] Safepoint "RevokeBias", Time since last: 22701595 ns, Reaching safepoint: 152590 ns, At safepoint: 20805 ns, Total: 173395 ns
[2020-09-11T19:09:36.049+0000][1][safepoint    ] Safepoint "RevokeBias", Time since last: 9239999 ns, Reaching safepoint: 1079268 ns, At safepoint: 20953 ns, Total: 1100221 ns
[2020-09-11T19:09:36.051+0000][1][safepoint    ] Safepoint "RevokeBias", Time since last: 76860 ns, Reaching safepoint: 1802669 ns, At safepoint: 14745 ns, Total: 1817414 ns
[2020-09-11T19:09:36.051+0000][1][safepoint    ] Safepoint "RevokeBias", Time since last: 283775 ns, Reaching safepoint: 107716 ns, At safepoint: 12665 ns, Total: 120381 ns
[2020-09-11T19:09:36.601+0000][1][safepoint    ] Safepoint "RevokeBias", Time since last: 550135063 ns, Reaching safepoint: 113738 ns, At safepoint: 26067 ns, Total: 139805 ns
[2020-09-11T19:09:37.057+0000][1][safepoint    ] Safepoint "RevokeBias", Time since last: 455422915 ns, Reaching safepoint: 169195 ns, At safepoint: 9330 ns, Total: 178525 ns
[2020-09-11T19:09:37.057+0000][1][safepoint    ] Safepoint "RevokeBias", Time since last: 79569 ns, Reaching safepoint: 105776 ns, At safepoint: 6020 ns, Total: 111796 ns
[2020-09-11T19:09:37.057+0000][1][safepoint    ] Safepoint "RevokeBias", Time since last: 38447 ns, Reaching safepoint: 104328 ns, At safepoint: 5468 ns, Total: 109796 ns
[2020-09-11T19:09:37.058+0000][1][safepoint    ] Safepoint "BulkRevokeBias", Time since last: 90979 ns, Reaching safepoint: 103182 ns, At safepoint: 198663 ns, Total: 301845 ns
[2020-09-11T19:09:38.058+0000][1][safepoint    ] Safepoint "Cleanup", Time since last: 1000105440 ns, Reaching safepoint: 93924 ns, At safepoint: 9638 ns, Total: 103562 ns
[2020-09-11T19:09:38.685+0000][1][safepoint    ] Safepoint "RevokeBias", Time since last: 626569352 ns, Reaching safepoint: 95287 ns, At safepoint: 21857 ns, Total: 117144 ns
[2020-09-11T19:09:39.685+0000][1][safepoint    ] Safepoint "Cleanup", Time since last: 1000111162 ns, Reaching safepoint: 84720 ns, At safepoint: 16226 ns, Total: 100946 ns
[2020-09-11T19:09:40.685+0000][1][safepoint    ] Safepoint "Cleanup", Time since last: 1000113623 ns, Reaching safepoint: 90906 ns, At safepoint: 8892 ns, Total: 99798 ns
[2020-09-11T19:09:40.945+0000][1][safepoint    ] Safepoint "RevokeBias", Time since last: 260036714 ns, Reaching safepoint: 170985 ns, At safepoint: 24996 ns, Total: 195981 ns
[2020-09-11T19:09:41.946+0000][1][safepoint    ] Safepoint "Cleanup", Time since last: 1000102807 ns, Reaching safepoint: 88074 ns, At safepoint: 8924 ns, Total: 96998 ns
[2020-09-11T19:09:42.946+0000][1][safepoint    ] Safepoint "Cleanup", Time since last: 1000099948 ns, Reaching safepoint: 86579 ns, At safepoint: 7940 ns, Total: 94519 ns
[2020-09-11T19:09:43.946+0000][1][safepoint    ] Safepoint "Cleanup", Time since last: 1000141057 ns, Reaching safepoint: 92655 ns, At safepoint: 9412 ns, Total: 102067 ns
[2020-09-11T19:09:44.946+0000][1][safepoint    ] Safepoint "Cleanup", Time since last: 1000116127 ns, Reaching safepoint: 88264 ns, At safepoint: 9016 ns, Total: 97280 ns
[2020-09-11T19:09:45.946+0000][1][safepoint    ] Safepoint "Cleanup", Time since last: 1000113902 ns, Reaching safepoint: 89460 ns, At safepoint: 8237 ns, Total: 97697 ns
[2020-09-11T19:09:46.537+0000][1][gc,start     ] GC(313) Pause Young (Allocation Failure)
[2020-09-11T19:09:46.537+0000][1][gc,task      ] GC(313) Using 1 workers of 1 for evacuation
[2020-09-11T19:09:46.548+0000][1][gc,age       ] GC(313) Desired survivor size 4358144 bytes, new threshold 6 (max threshold 6)
[2020-09-11T19:09:46.548+0000][1][gc,age       ] GC(313) Age table with threshold 6 (max threshold 6)
[2020-09-11T19:09:46.548+0000][1][gc,age       ] GC(313) - age   1:    2808536 bytes,    2808536 total
[2020-09-11T19:09:46.548+0000][1][gc,age       ] GC(313) - age   2:      71200 bytes,    2879736 total
[2020-09-11T19:09:46.548+0000][1][gc,age       ] GC(313) - age   3:      17944 bytes,    2897680 total
[2020-09-11T19:09:46.548+0000][1][gc,age       ] GC(313) - age   4:     191632 bytes,    3089312 total
[2020-09-11T19:09:46.548+0000][1][gc,age       ] GC(313) - age   5:      92616 bytes,    3181928 total
[2020-09-11T19:09:46.548+0000][1][gc,age       ] GC(313) - age   6:     355632 bytes,    3537560 total
[2020-09-11T19:09:46.548+0000][1][gc,heap      ] GC(313) ParNew: 70619K->4069K(76672K)
[2020-09-11T19:09:46.548+0000][1][gc,heap      ] GC(313) CMS: 148971K->149023K(439104K)
[2020-09-11T19:09:46.548+0000][1][gc,metaspace ] GC(313) Metaspace: 96807K->96807K(1138688K)
[2020-09-11T19:09:46.548+0000][1][gc           ] GC(313) Pause Young (Allocation Failure) 214M->149M(503M) 10.944ms
[2020-09-11T19:09:46.548+0000][1][gc,cpu       ] GC(313) User=0.01s Sys=0.00s Real=0.01s
[2020-09-11T19:09:46.549+0000][1][safepoint    ] Safepoint "GenCollectForAllocation", Time since last: 589227897 ns, Reaching safepoint: 1239551 ns, At safepoint: 11960244 ns, Total: 13199795 ns
[2020-09-11T19:09:46.605+0000][1][safepoint    ] Safepoint "RevokeBias", Time since last: 56290716 ns, Reaching safepoint: 91078 ns, At safepoint: 24105 ns, Total: 115183 ns
[2020-09-11T19:09:47.605+0000][1][safepoint    ] Safepoint "Cleanup", Time since last: 1000106745 ns, Reaching safepoint: 90311 ns, At safepoint: 9861 ns, Total: 100172 ns
[2020-09-11T19:09:48.607+0000][1][safepoint    ] Safepoint "Cleanup", Time since last: 1001710107 ns, Reaching safepoint: 87866 ns, At safepoint: 7520 ns, Total: 95386 ns
[2020-09-11T19:09:48.777+0000][1][safepoint    ] Safepoint "RevokeBias", Time since last: 169959523 ns, Reaching safepoint: 90607 ns, At safepoint: 21521 ns, Total: 112128 ns
[2020-09-11T19:09:49.778+0000][1][safepoint    ] Safepoint "Cleanup", Time since last: 1000121610 ns, Reaching safepoint: 86799 ns, At safepoint: 8587 ns, Total: 95386 ns
[2020-09-11T19:09:50.778+0000][1][safepoint    ] Safepoint "Cleanup", Time since last: 1000107109 ns, Reaching safepoint: 86824 ns, At safepoint: 8330 ns, Total: 95154 ns
[2020-09-11T19:09:50.841+0000][1][safepoint    ] Safepoint "RevokeBias", Time since last: 63062806 ns, Reaching safepoint: 96112 ns, At safepoint: 26930 ns, Total: 123042 ns
[2020-09-11T19:09:51.841+0000][1][safepoint    ] Safepoint "Cleanup", Time since last: 1000107348 ns, Reaching safepoint: 89555 ns, At safepoint: 8816 ns, Total: 98371 ns
[2020-09-11T19:09:52.841+0000][1][safepoint    ] Safepoint "Cleanup", Time since last: 1000111266 ns, Reaching safepoint: 88435 ns, At safepoint: 8732 ns, Total: 97167 ns
[2020-09-11T19:09:53.842+0000][1][safepoint    ] Safepoint "Cleanup", Time since last: 1000109522 ns, Reaching safepoint: 88035 ns, At safepoint: 9280 ns, Total: 97315 ns
[2020-09-11T19:09:54.842+0000][1][safepoint    ] Safepoint "Cleanup", Time since last: 1000114406 ns, Reaching safepoint: 87284 ns, At safepoint: 8789 ns, Total: 96073 ns
[2020-09-11T19:09:55.842+0000][1][safepoint    ] Safepoint "Cleanup", Time since last: 1000113163 ns, Reaching safepoint: 85059 ns, At safepoint: 6872 ns, Total: 91931 ns
[2020-09-11T19:09:56.570+0000][1][safepoint    ] Safepoint "RevokeBias", Time since last: 727954484 ns, Reaching safepoint: 164151 ns, At safepoint: 22743 ns, Total: 186894 ns
[2020-09-11T19:09:57.570+0000][1][safepoint    ] Safepoint "Cleanup", Time since last: 1000104296 ns, Reaching safepoint: 71959 ns, At safepoint: 5563 ns, Total: 77522 ns
[2020-09-11T19:09:58.525+0000][1][gc,start     ] GC(314) Pause Young (Allocation Failure)
[2020-09-11T19:09:58.525+0000][1][gc,task      ] GC(314) Using 1 workers of 1 for evacuation
[2020-09-11T19:09:58.531+0000][1][gc,age       ] GC(314) Desired survivor size 4358144 bytes, new threshold 6 (max threshold 6)
[2020-09-11T19:09:58.531+0000][1][gc,age       ] GC(314) Age table with threshold 6 (max threshold 6)
[2020-09-11T19:09:58.531+0000][1][gc,age       ] GC(314) - age   1:     141112 bytes,     141112 total
[2020-09-11T19:09:58.531+0000][1][gc,age       ] GC(314) - age   2:    2748968 bytes,    2890080 total
[2020-09-11T19:09:58.531+0000][1][gc,age       ] GC(314) - age   3:      61168 bytes,    2951248 total
[2020-09-11T19:09:58.531+0000][1][gc,age       ] GC(314) - age   4:      15888 bytes,    2967136 total
[2020-09-11T19:09:58.531+0000][1][gc,age       ] GC(314) - age   5:     191632 bytes,    3158768 total
[2020-09-11T19:09:58.531+0000][1][gc,age       ] GC(314) - age   6:      90968 bytes,    3249736 total
[2020-09-11T19:09:58.531+0000][1][gc,heap      ] GC(314) ParNew: 72196K->6199K(76672K)
[2020-09-11T19:09:58.531+0000][1][gc,heap      ] GC(314) CMS: 149023K->149371K(439104K)
[2020-09-11T19:09:58.531+0000][1][gc,metaspace ] GC(314) Metaspace: 96807K->96807K(1138688K)
[2020-09-11T19:09:58.532+0000][1][gc           ] GC(314) Pause Young (Allocation Failure) 216M->151M(503M) 6.198ms
[2020-09-11T19:09:58.532+0000][1][gc,cpu       ] GC(314) User=0.01s Sys=0.00s Real=0.00s
[2020-09-11T19:09:58.538+0000][1][safepoint    ] Safepoint "GenCollectForAllocation", Time since last: 954954327 ns, Reaching safepoint: 85273 ns, At safepoint: 12732915 ns, Total: 12818188 ns
[2020-09-11T19:09:58.641+0000][1][safepoint    ] Safepoint "RevokeBias", Time since last: 102641793 ns, Reaching safepoint: 124669 ns, At safepoint: 26924 ns, Total: 151593 ns
[2020-09-11T19:09:59.641+0000][1][safepoint    ] Safepoint "Cleanup", Time since last: 1000112238 ns, Reaching safepoint: 94259 ns, At safepoint: 9918 ns, Total: 104177 ns
[2020-09-11T19:10:00.641+0000][1][safepoint    ] Safepoint "Cleanup", Time since last: 1000111848 ns, Reaching safepoint: 88486 ns, At safepoint: 8895 ns, Total: 97381 ns
[2020-09-11T19:10:00.933+0000][1][safepoint    ] Safepoint "RevokeBias", Time since last: 291957035 ns, Reaching safepoint: 174240 ns, At safepoint: 27543 ns, Total: 201783 ns
[2020-09-11T19:10:01.934+0000][1][safepoint    ] Safepoint "Cleanup", Time since last: 1000123348 ns, Reaching safepoint: 86740 ns, At safepoint: 9388 ns, Total: 96128 ns
[2020-09-11T19:10:02.934+0000][1][safepoint    ] Safepoint "Cleanup", Time since last: 1000111593 ns, Reaching safepoint: 107854 ns, At safepoint: 9534 ns, Total: 117388 ns
[2020-09-11T19:10:03.934+0000][1][safepoint    ] Safepoint "Cleanup", Time since last: 1000110028 ns, Reaching safepoint: 89012 ns, At safepoint: 9432 ns, Total: 98444 ns
[2020-09-11T19:10:04.934+0000][1][safepoint    ] Safepoint "Cleanup", Time since last: 1000112291 ns, Reaching safepoint: 88123 ns, At safepoint: 9151 ns, Total: 97274 ns
[2020-09-11T19:10:05.934+0000][1][safepoint    ] Safepoint "Cleanup", Time since last: 1000113492 ns, Reaching safepoint: 88074 ns, At safepoint: 9234 ns, Total: 97308 ns
[2020-09-11T19:10:06.557+0000][1][safepoint    ] Safepoint "RevokeBias", Time since last: 622154613 ns, Reaching safepoint: 121911 ns, At safepoint: 24963 ns, Total: 146874 ns
[2020-09-11T19:10:07.557+0000][1][safepoint    ] Safepoint "Cleanup", Time since last: 1000109764 ns, Reaching safepoint: 88410 ns, At safepoint: 8840 ns, Total: 97250 ns
[2020-09-11T19:10:08.559+0000][1][safepoint    ] Safepoint "Cleanup", Time since last: 1002075255 ns, Reaching safepoint: 90407 ns, At safepoint: 9302 ns, Total: 99709 ns
[2020-09-11T19:10:08.624+0000][1][safepoint    ] Safepoint "RevokeBias", Time since last: 64858932 ns, Reaching safepoint: 92030 ns, At safepoint: 23369 ns, Total: 115399 ns
[2020-09-11T19:10:09.624+0000][1][safepoint    ] Safepoint "Cleanup", Time since last: 1000110576 ns, Reaching safepoint: 96346 ns, At safepoint: 9094 ns, Total: 105440 ns
[2020-09-11T19:10:10.625+0000][1][safepoint    ] Safepoint "Cleanup", Time since last: 1000111902 ns, Reaching safepoint: 88421 ns, At safepoint: 9155 ns, Total: 97576 ns
[2020-09-11T19:10:10.831+0000][1][safepoint    ] Safepoint "RevokeBias", Time since last: 206301955 ns, Reaching safepoint: 98499 ns, At safepoint: 23122 ns, Total: 121621 ns
[2020-09-11T19:10:11.831+0000][1][safepoint    ] Safepoint "Cleanup", Time since last: 1000108861 ns, Reaching safepoint: 89410 ns, At safepoint: 9642 ns, Total: 99052 ns
[2020-09-11T19:10:12.831+0000][1][safepoint    ] Safepoint "Cleanup", Time since last: 1000114027 ns, Reaching safepoint: 91656 ns, At safepoint: 9282 ns, Total: 100938 ns
[2020-09-11T19:10:13.832+0000][1][safepoint    ] Safepoint "Cleanup", Time since last: 1000119419 ns, Reaching safepoint: 89345 ns, At safepoint: 8812 ns, Total: 98157 ns
[2020-09-11T19:10:14.832+0000][1][safepoint    ] Safepoint "Cleanup", Time since last: 1000115555 ns, Reaching safepoint: 87944 ns, At safepoint: 9754 ns, Total: 97698 ns
[2020-09-11T19:10:15.832+0000][1][safepoint    ] Safepoint "Cleanup", Time since last: 1000115257 ns, Reaching safepoint: 90265 ns, At safepoint: 9107 ns, Total: 99372 ns
[2020-09-11T19:10:16.616+0000][1][safepoint    ] Safepoint "RevokeBias", Time since last: 783255231 ns, Reaching safepoint: 163702 ns, At safepoint: 23222 ns, Total: 186924 ns
[2020-09-11T19:10:17.616+0000][1][safepoint    ] Safepoint "Cleanup", Time since last: 1000125682 ns, Reaching safepoint: 87465 ns, At safepoint: 7336 ns, Total: 94801 ns
[2020-09-11T19:10:18.556+0000][1][gc,start     ] GC(315) Pause Young (Allocation Failure)
[2020-09-11T19:10:18.556+0000][1][gc,task      ] GC(315) Using 1 workers of 1 for evacuation
[2020-09-11T19:10:18.574+0000][1][gc,age       ] GC(315) Desired survivor size 4358144 bytes, new threshold 6 (max threshold 6)
[2020-09-11T19:10:18.574+0000][1][gc,age       ] GC(315) Age table with threshold 6 (max threshold 6)
[2020-09-11T19:10:18.574+0000][1][gc,age       ] GC(315) - age   1:     143776 bytes,     143776 total
[2020-09-11T19:10:18.574+0000][1][gc,age       ] GC(315) - age   2:      94576 bytes,     238352 total
[2020-09-11T19:10:18.574+0000][1][gc,age       ] GC(315) - age   3:    2746064 bytes,    2984416 total
[2020-09-11T19:10:18.574+0000][1][gc,age       ] GC(315) - age   4:      60528 bytes,    3044944 total
[2020-09-11T19:10:18.574+0000][1][gc,age       ] GC(315) - age   5:      15856 bytes,    3060800 total
[2020-09-11T19:10:18.574+0000][1][gc,age       ] GC(315) - age   6:     189360 bytes,    3250160 total
[2020-09-11T19:10:18.574+0000][1][gc,heap      ] GC(315) ParNew: 74359K->3929K(76672K)
[2020-09-11T19:10:18.574+0000][1][gc,heap      ] GC(315) CMS: 149371K->149459K(439104K)
[2020-09-11T19:10:18.574+0000][1][gc,metaspace ] GC(315) Metaspace: 96807K->96807K(1138688K)
[2020-09-11T19:10:18.574+0000][1][gc           ] GC(315) Pause Young (Allocation Failure) 218M->149M(503M) 18.464ms
[2020-09-11T19:10:18.574+0000][1][gc,cpu       ] GC(315) User=0.01s Sys=0.00s Real=0.02s
[2020-09-11T19:10:18.574+0000][1][safepoint    ] Safepoint "GenCollectForAllocation", Time since last: 939749251 ns, Reaching safepoint: 171398 ns, At safepoint: 18575507 ns, Total: 18746905 ns
[2020-09-11T19:10:18.691+0000][1][safepoint    ] Safepoint "RevokeBias", Time since last: 116697015 ns, Reaching safepoint: 88907 ns, At safepoint: 21854 ns, Total: 110761 ns
[2020-09-11T19:10:19.691+0000][1][safepoint    ] Safepoint "Cleanup", Time since last: 1000103285 ns, Reaching safepoint: 133466 ns, At safepoint: 10688 ns, Total: 144154 ns
[2020-09-11T19:10:20.691+0000][1][safepoint    ] Safepoint "Cleanup", Time since last: 1000109721 ns, Reaching safepoint: 87563 ns, At safepoint: 9393 ns, Total: 96956 ns
[2020-09-11T19:10:20.836+0000][1][safepoint    ] Safepoint "RevokeBias", Time since last: 144807268 ns, Reaching safepoint: 93466 ns, At safepoint: 26319 ns, Total: 119785 ns
[2020-09-11T19:10:21.837+0000][1][safepoint    ] Safepoint "Cleanup", Time since last: 1000111847 ns, Reaching safepoint: 88104 ns, At safepoint: 9625 ns, Total: 97729 ns
[2020-09-11T19:10:22.837+0000][1][safepoint    ] Safepoint "Cleanup", Time since last: 1000135307 ns, Reaching safepoint: 90477 ns, At safepoint: 8734 ns, Total: 99211 ns
[2020-09-11T19:10:23.837+0000][1][safepoint    ] Safepoint "Cleanup", Time since last: 1000111603 ns, Reaching safepoint: 106628 ns, At safepoint: 9773 ns, Total: 116401 ns
[2020-09-11T19:10:24.837+0000][1][safepoint    ] Safepoint "Cleanup", Time since last: 1000107688 ns, Reaching safepoint: 98122 ns, At safepoint: 10047 ns, Total: 108169 ns
[2020-09-11T19:10:25.838+0000][1][safepoint    ] Safepoint "Cleanup", Time since last: 1000120287 ns, Reaching safepoint: 87017 ns, At safepoint: 8150 ns, Total: 95167 ns
[2020-09-11T19:10:26.593+0000][1][safepoint    ] Safepoint "RevokeBias", Time since last: 755720229 ns, Reaching safepoint: 171960 ns, At safepoint: 26295 ns, Total: 198255 ns
[2020-09-11T19:10:28.293+0000][1][safepoint    ] Safepoint "Cleanup", Time since last: 1699401117 ns, Reaching safepoint: 102645 ns, At safepoint: 6929 ns, Total: 109574 ns
[2020-09-11T19:10:28.594+0000][1][safepoint    ] Safepoint "BulkRevokeBias", Time since last: 300793757 ns, Reaching safepoint: 86997 ns, At safepoint: 223007 ns, Total: 310004 ns
[2020-09-11T19:10:29.594+0000][1][safepoint    ] Safepoint "Cleanup", Time since last: 1000106405 ns, Reaching safepoint: 88044 ns, At safepoint: 8914 ns, Total: 96958 ns
[2020-09-11T19:10:30.594+0000][1][safepoint    ] Safepoint "Cleanup", Time since last: 1000109057 ns, Reaching safepoint: 86029 ns, At safepoint: 8288 ns, Total: 94317 ns
[2020-09-11T19:10:30.837+0000][1][safepoint    ] Safepoint "RevokeBias", Time since last: 242199560 ns, Reaching safepoint: 183868 ns, At safepoint: 24768 ns, Total: 208636 ns
[2020-09-11T19:10:31.837+0000][1][safepoint    ] Safepoint "Cleanup", Time since last: 1000107571 ns, Reaching safepoint: 87550 ns, At safepoint: 9843 ns, Total: 97393 ns
[2020-09-11T19:10:32.837+0000][1][safepoint    ] Safepoint "Cleanup", Time since last: 1000116181 ns, Reaching safepoint: 89547 ns, At safepoint: 9251 ns, Total: 98798 ns
[2020-09-11T19:10:33.838+0000][1][safepoint    ] Safepoint "Cleanup", Time since last: 1000115053 ns, Reaching safepoint: 88120 ns, At safepoint: 8691 ns, Total: 96811 ns
[2020-09-11T19:10:34.838+0000][1][safepoint    ] Safepoint "Cleanup", Time since last: 1000132359 ns, Reaching safepoint: 89560 ns, At safepoint: 8842 ns, Total: 98402 ns
[2020-09-11T19:10:35.838+0000][1][safepoint    ] Safepoint "Cleanup", Time since last: 1000125782 ns, Reaching safepoint: 87280 ns, At safepoint: 9494 ns, Total: 96774 ns
[2020-09-11T19:10:36.638+0000][1][safepoint    ] Safepoint "RevokeBias", Time since last: 799917042 ns, Reaching safepoint: 91988 ns, At safepoint: 42941 ns, Total: 134929 ns
[2020-09-11T19:10:37.638+0000][1][safepoint    ] Safepoint "Cleanup", Time since last: 1000107125 ns, Reaching safepoint: 86904 ns, At safepoint: 7115 ns, Total: 94019 ns
[2020-09-11T19:10:37.801+0000][1][gc,start     ] GC(316) Pause Young (Allocation Failure)
[2020-09-11T19:10:37.801+0000][1][gc,task      ] GC(316) Using 1 workers of 1 for evacuation
[2020-09-11T19:10:37.812+0000][1][gc,age       ] GC(316) Desired survivor size 4358144 bytes, new threshold 6 (max threshold 6)
[2020-09-11T19:10:37.812+0000][1][gc,age       ] GC(316) Age table with threshold 6 (max threshold 6)
[2020-09-11T19:10:37.812+0000][1][gc,age       ] GC(316) - age   1:     134352 bytes,     134352 total
[2020-09-11T19:10:37.812+0000][1][gc,age       ] GC(316) - age   2:      10624 bytes,     144976 total
[2020-09-11T19:10:37.812+0000][1][gc,age       ] GC(316) - age   3:      90536 bytes,     235512 total
[2020-09-11T19:10:37.812+0000][1][gc,age       ] GC(316) - age   4:    2746064 bytes,    2981576 total
[2020-09-11T19:10:37.812+0000][1][gc,age       ] GC(316) - age   5:      60528 bytes,    3042104 total
[2020-09-11T19:10:37.812+0000][1][gc,age       ] GC(316) - age   6:      14616 bytes,    3056720 total
[2020-09-11T19:10:37.812+0000][1][gc,heap      ] GC(316) ParNew: 72089K->5743K(76672K)
[2020-09-11T19:10:37.812+0000][1][gc,heap      ] GC(316) CMS: 149459K->149645K(439104K)
[2020-09-11T19:10:37.812+0000][1][gc,metaspace ] GC(316) Metaspace: 96807K->96807K(1138688K)
[2020-09-11T19:10:37.812+0000][1][gc           ] GC(316) Pause Young (Allocation Failure) 216M->151M(503M) 10.954ms
[2020-09-11T19:10:37.812+0000][1][gc,cpu       ] GC(316) User=0.01s Sys=0.00s Real=0.00s
[2020-09-11T19:10:37.812+0000][1][safepoint    ] Safepoint "GenCollectForAllocation", Time since last: 160137371 ns, Reaching safepoint: 2600083 ns, At safepoint: 11020224 ns, Total: 13620307 ns
[2020-09-11T19:10:38.702+0000][1][safepoint    ] Safepoint "RevokeBias", Time since last: 889671549 ns, Reaching safepoint: 105140 ns, At safepoint: 22824 ns, Total: 127964 ns
[2020-09-11T19:10:40.586+0000][1][safepoint    ] Safepoint "Cleanup", Time since last: 1883874741 ns, Reaching safepoint: 89611 ns, At safepoint: 4736 ns, Total: 94347 ns
[2020-09-11T19:10:41.590+0000][1][safepoint    ] Safepoint "Cleanup", Time since last: 1001382858 ns, Reaching safepoint: 87989 ns, At safepoint: 7267 ns, Total: 95256 ns
[2020-09-11T19:10:41.777+0000][1][safepoint    ] Safepoint "RevokeBias", Time since last: 186534531 ns, Reaching safepoint: 96537 ns, At safepoint: 21400 ns, Total: 117937 ns
[2020-09-11T19:10:42.777+0000][1][safepoint    ] Safepoint "Cleanup", Time since last: 1000112286 ns, Reaching safepoint: 88562 ns, At safepoint: 7196 ns, Total: 95758 ns
[2020-09-11T19:10:43.778+0000][1][safepoint    ] Safepoint "Cleanup", Time since last: 1000155288 ns, Reaching safepoint: 125105 ns, At safepoint: 7467 ns, Total: 132572 ns
[2020-09-11T19:10:44.778+0000][1][safepoint    ] Safepoint "Cleanup", Time since last: 1000154926 ns, Reaching safepoint: 128457 ns, At safepoint: 7611 ns, Total: 136068 ns
[2020-09-11T19:10:45.778+0000][1][safepoint    ] Safepoint "Cleanup", Time since last: 1000113231 ns, Reaching safepoint: 90830 ns, At safepoint: 8022 ns, Total: 98852 ns
[2020-09-11T19:10:52.087+0000][1][safepoint    ] Safepoint "RevokeBias", Time since last: 6308467244 ns, Reaching safepoint: 235069 ns, At safepoint: 203610 ns, Total: 438679 ns
[2020-09-11T19:11:01.291+0000][1][safepoint    ] Safepoint "RevokeBias", Time since last: 9203765692 ns, Reaching safepoint: 199579 ns, At safepoint: 166094 ns, Total: 365673 ns
[2020-09-11T19:11:02.851+0000][1][gc,start     ] GC(317) Pause Young (Allocation Failure)
[2020-09-11T19:11:02.851+0000][1][gc,task      ] GC(317) Using 1 workers of 1 for evacuation
[2020-09-11T19:11:02.859+0000][1][gc,age       ] GC(317) Desired survivor size 4358144 bytes, new threshold 6 (max threshold 6)
[2020-09-11T19:11:02.860+0000][1][gc,age       ] GC(317) Age table with threshold 6 (max threshold 6)
[2020-09-11T19:11:02.860+0000][1][gc,age       ] GC(317) - age   1:     172576 bytes,     172576 total
[2020-09-11T19:11:02.860+0000][1][gc,age       ] GC(317) - age   2:      85600 bytes,     258176 total
[2020-09-11T19:11:02.860+0000][1][gc,age       ] GC(317) - age   3:       8144 bytes,     266320 total
[2020-09-11T19:11:02.860+0000][1][gc,age       ] GC(317) - age   4:      90440 bytes,     356760 total
[2020-09-11T19:11:02.860+0000][1][gc,age       ] GC(317) - age   5:    2745768 bytes,    3102528 total
[2020-09-11T19:11:02.860+0000][1][gc,age       ] GC(317) - age   6:      60528 bytes,    3163056 total
[2020-09-11T19:11:02.860+0000][1][gc,heap      ] GC(317) ParNew: 73903K->3674K(76672K)
[2020-09-11T19:11:02.860+0000][1][gc,heap      ] GC(317) CMS: 149645K->149660K(439104K)
[2020-09-11T19:11:02.860+0000][1][gc,metaspace ] GC(317) Metaspace: 96807K->96807K(1138688K)
[2020-09-11T19:11:02.860+0000][1][gc           ] GC(317) Pause Young (Allocation Failure) 218M->149M(503M) 8.660ms
[2020-09-11T19:11:02.860+0000][1][gc,cpu       ] GC(317) User=0.01s Sys=0.00s Real=0.01s
[2020-09-11T19:11:02.860+0000][1][safepoint    ] Safepoint "GenCollectForAllocation", Time since last: 1559482195 ns, Reaching safepoint: 351205 ns, At safepoint: 8736723 ns, Total: 9087928 ns
[2020-09-11T19:11:05.621+0000][1][safepoint    ] Safepoint "RevokeBias", Time since last: 2760670394 ns, Reaching safepoint: 120899 ns, At safepoint: 132833 ns, Total: 253732 ns
[2020-09-11T19:11:08.628+0000][1][safepoint    ] Safepoint "Cleanup", Time since last: 3007637977 ns, Reaching safepoint: 131218 ns, At safepoint: 9945 ns, Total: 141163 ns
[2020-09-11T19:11:11.577+0000][1][safepoint    ] Safepoint "RevokeBias", Time since last: 2947776948 ns, Reaching safepoint: 226638 ns, At safepoint: 237414 ns, Total: 464052 ns
[2020-09-11T19:11:12.577+0000][1][safepoint    ] Safepoint "Cleanup", Time since last: 1000172337 ns, Reaching safepoint: 153418 ns, At safepoint: 28739 ns, Total: 182157 ns
[2020-09-11T19:11:13.828+0000][1][safepoint    ] Safepoint "RevokeBias", Time since last: 1250862016 ns, Reaching safepoint: 88238 ns, At safepoint: 49325 ns, Total: 137563 ns
[2020-09-11T19:11:18.004+0000][1][safepoint    ] Safepoint "Cleanup", Time since last: 4175373773 ns, Reaching safepoint: 171269 ns, At safepoint: 11945 ns, Total: 183214 ns
[2020-09-11T19:11:21.836+0000][1][safepoint    ] Safepoint "RevokeBias", Time since last: 3832642597 ns, Reaching safepoint: 170663 ns, At safepoint: 57550 ns, Total: 228213 ns
[2020-09-11T19:11:22.231+0000][1][safepoint    ] Safepoint "RevokeBias", Time since last: 394336820 ns, Reaching safepoint: 129724 ns, At safepoint: 28029 ns, Total: 157753 ns
[2020-09-11T19:11:25.682+0000][1][safepoint    ] Safepoint "RevokeBias", Time since last: 3450541860 ns, Reaching safepoint: 444177 ns, At safepoint: 22439 ns, Total: 466616 ns
[2020-09-11T19:11:25.729+0000][1][gc,start     ] GC(318) Pause Young (Allocation Failure)
[2020-09-11T19:11:25.729+0000][1][gc,task      ] GC(318) Using 1 workers of 1 for evacuation
[2020-09-11T19:11:25.739+0000][1][gc,age       ] GC(318) Desired survivor size 4358144 bytes, new threshold 6 (max threshold 6)
[2020-09-11T19:11:25.740+0000][1][gc,age       ] GC(318) Age table with threshold 6 (max threshold 6)
[2020-09-11T19:11:25.740+0000][1][gc,age       ] GC(318) - age   1:     634704 bytes,     634704 total
[2020-09-11T19:11:25.740+0000][1][gc,age       ] GC(318) - age   2:      13784 bytes,     648488 total
[2020-09-11T19:11:25.740+0000][1][gc,age       ] GC(318) - age   3:      83792 bytes,     732280 total
[2020-09-11T19:11:25.740+0000][1][gc,age       ] GC(318) - age   4:       8064 bytes,     740344 total
[2020-09-11T19:11:25.740+0000][1][gc,age       ] GC(318) - age   5:      90440 bytes,     830784 total
[2020-09-11T19:11:25.740+0000][1][gc,age       ] GC(318) - age   6:    2745728 bytes,    3576512 total
[2020-09-11T19:11:25.740+0000][1][gc,heap      ] GC(318) ParNew: 71834K->5552K(76672K)
[2020-09-11T19:11:25.740+0000][1][gc,heap      ] GC(318) CMS: 149660K->149718K(439104K)
[2020-09-11T19:11:25.740+0000][1][gc,metaspace ] GC(318) Metaspace: 96819K->96819K(1138688K)
[2020-09-11T19:11:25.740+0000][1][gc           ] GC(318) Pause Young (Allocation Failure) 216M->151M(503M) 10.939ms
[2020-09-11T19:11:25.740+0000][1][gc,cpu       ] GC(318) User=0.01s Sys=0.00s Real=0.01s
[2020-09-11T19:11:25.744+0000][1][safepoint    ] Safepoint "GenCollectForAllocation", Time since last: 46853791 ns, Reaching safepoint: 208624 ns, At safepoint: 15480725 ns, Total: 15689349 ns
[2020-09-11T19:11:26.141+0000][1][safepoint    ] Safepoint "RevokeBias", Time since last: 396582441 ns, Reaching safepoint: 152573 ns, At safepoint: 128833 ns, Total: 281406 ns
[2020-09-11T19:11:26.724+0000][1][safepoint    ] Safepoint "RevokeBias", Time since last: 582544315 ns, Reaching safepoint: 157683 ns, At safepoint: 20221 ns, Total: 177904 ns
[2020-09-11T19:11:27.724+0000][1][safepoint    ] Safepoint "Cleanup", Time since last: 1000169358 ns, Reaching safepoint: 190922 ns, At safepoint: 11454 ns, Total: 202376 ns
[2020-09-11T19:11:28.018+0000][1][safepoint    ] Safepoint "RevokeBias", Time since last: 293118163 ns, Reaching safepoint: 129253 ns, At safepoint: 19918 ns, Total: 149171 ns
[2020-09-11T19:11:29.018+0000][1][safepoint    ] Safepoint "Cleanup", Time since last: 1000182030 ns, Reaching safepoint: 170824 ns, At safepoint: 7638 ns, Total: 178462 ns
[2020-09-11T19:11:29.067+0000][1][safepoint    ] Safepoint "RevokeBias", Time since last: 48505195 ns, Reaching safepoint: 618252 ns, At safepoint: 22769 ns, Total: 641021 ns
[2020-09-11T19:11:29.067+0000][1][safepoint    ] Safepoint "RevokeBias", Time since last: 77751 ns, Reaching safepoint: 130225 ns, At safepoint: 24694 ns, Total: 154919 ns
[2020-09-11T19:11:29.068+0000][1][safepoint    ] Safepoint "RevokeBias", Time since last: 119366 ns, Reaching safepoint: 126135 ns, At safepoint: 36304 ns, Total: 162439 ns
[2020-09-11T19:11:29.068+0000][1][safepoint    ] Safepoint "RevokeBias", Time since last: 55906 ns, Reaching safepoint: 122711 ns, At safepoint: 27698 ns, Total: 150409 ns
[2020-09-11T19:11:30.068+0000][1][safepoint    ] Safepoint "Cleanup", Time since last: 1000167053 ns, Reaching safepoint: 187458 ns, At safepoint: 9453 ns, Total: 196911 ns
[2020-09-11T19:11:30.594+0000][1][safepoint    ] Safepoint "RevokeBias", Time since last: 525790622 ns, Reaching safepoint: 125809 ns, At safepoint: 120126 ns, Total: 245935 ns
[2020-09-11T19:11:31.278+0000][1][safepoint    ] Safepoint "RevokeBias", Time since last: 683765095 ns, Reaching safepoint: 90134 ns, At safepoint: 22156 ns, Total: 112290 ns
[2020-09-11T19:11:32.278+0000][1][safepoint    ] Safepoint "Cleanup", Time since last: 1000130530 ns, Reaching safepoint: 131993 ns, At safepoint: 8378 ns, Total: 140371 ns
[2020-09-11T19:11:32.958+0000][1][safepoint    ] Safepoint "RevokeBias", Time since last: 679632795 ns, Reaching safepoint: 79440 ns, At safepoint: 15460 ns, Total: 94900 ns
[2020-09-11T19:11:33.199+0000][1][safepoint    ] Safepoint "RevokeBias", Time since last: 240907458 ns, Reaching safepoint: 103092 ns, At safepoint: 23328 ns, Total: 126420 ns
[2020-09-11T19:11:34.200+0000][1][safepoint    ] Safepoint "Cleanup", Time since last: 1000238176 ns, Reaching safepoint: 115634 ns, At safepoint: 9246 ns, Total: 124880 ns
[2020-09-11T19:11:37.200+0000][1][safepoint    ] Safepoint "Cleanup", Time since last: 3000396303 ns, Reaching safepoint: 245713 ns, At safepoint: 18726 ns, Total: 264439 ns
[2020-09-11T19:11:39.201+0000][1][safepoint    ] Safepoint "Cleanup", Time since last: 2000363237 ns, Reaching safepoint: 183905 ns, At safepoint: 8149 ns, Total: 192054 ns
[2020-09-11T19:11:42.706+0000][1][safepoint    ] Safepoint "Cleanup", Time since last: 3505128826 ns, Reaching safepoint: 186456 ns, At safepoint: 7621 ns, Total: 194077 ns
[2020-09-11T19:11:42.728+0000][1][safepoint    ] Safepoint "RevokeBias", Time since last: 21970015 ns, Reaching safepoint: 126707 ns, At safepoint: 40920 ns, Total: 167627 ns
[2020-09-11T19:11:42.728+0000][1][safepoint    ] Safepoint "RevokeBias", Time since last: 55345 ns, Reaching safepoint: 43850 ns, At safepoint: 11054 ns, Total: 54904 ns
[2020-09-11T19:11:42.892+0000][1][gc,start     ] GC(319) Pause Young (Allocation Failure)
[2020-09-11T19:11:42.892+0000][1][gc,task      ] GC(319) Using 1 workers of 1 for evacuation
[2020-09-11T19:11:42.900+0000][1][gc,age       ] GC(319) Desired survivor size 4358144 bytes, new threshold 6 (max threshold 6)
[2020-09-11T19:11:42.900+0000][1][gc,age       ] GC(319) Age table with threshold 6 (max threshold 6)
[2020-09-11T19:11:42.900+0000][1][gc,age       ] GC(319) - age   1:     266432 bytes,     266432 total
[2020-09-11T19:11:42.900+0000][1][gc,age       ] GC(319) - age   2:     473232 bytes,     739664 total
[2020-09-11T19:11:42.900+0000][1][gc,age       ] GC(319) - age   3:       9496 bytes,     749160 total
[2020-09-11T19:11:42.900+0000][1][gc,age       ] GC(319) - age   4:      81312 bytes,     830472 total
[2020-09-11T19:11:42.900+0000][1][gc,age       ] GC(319) - age   5:       7768 bytes,     838240 total
[2020-09-11T19:11:42.900+0000][1][gc,age       ] GC(319) - age   6:      90440 bytes,     928680 total
[2020-09-11T19:11:42.900+0000][1][gc,heap      ] GC(319) ParNew: 73712K->3313K(76672K)
[2020-09-11T19:11:42.900+0000][1][gc,heap      ] GC(319) CMS: 149718K->152402K(439104K)
[2020-09-11T19:11:42.900+0000][1][gc,metaspace ] GC(319) Metaspace: 96832K->96832K(1138688K)
[2020-09-11T19:11:42.900+0000][1][gc           ] GC(319) Pause Young (Allocation Failure) 218M->152M(503M) 8.370ms
[2020-09-11T19:11:42.901+0000][1][gc,cpu       ] GC(319) User=0.01s Sys=0.00s Real=0.01s
[2020-09-11T19:11:42.901+0000][1][safepoint    ] Safepoint "GenCollectForAllocation", Time since last: 163539461 ns, Reaching safepoint: 218677 ns, At safepoint: 8439433 ns, Total: 8658110 ns
[2020-09-11T19:11:42.904+0000][1][safepoint    ] Safepoint "RevokeBias", Time since last: 3705457 ns, Reaching safepoint: 106741 ns, At safepoint: 25754 ns, Total: 132495 ns
[2020-09-11T19:11:44.324+0000][1][safepoint    ] Safepoint "RevokeBias", Time since last: 1419000653 ns, Reaching safepoint: 240287 ns, At safepoint: 386586 ns, Total: 626873 ns
[2020-09-11T19:11:44.997+0000][1][safepoint    ] Safepoint "RevokeBias", Time since last: 663626292 ns, Reaching safepoint: 241623 ns, At safepoint: 8961042 ns, Total: 9202665 ns
[2020-09-11T19:11:45.998+0000][1][safepoint    ] Safepoint "Cleanup", Time since last: 1000929723 ns, Reaching safepoint: 150476 ns, At safepoint: 7688 ns, Total: 158164 ns
[2020-09-11T19:11:46.998+0000][1][safepoint    ] Safepoint "Cleanup", Time since last: 1000169776 ns, Reaching safepoint: 172017 ns, At safepoint: 8990 ns, Total: 181007 ns
[2020-09-11T19:11:47.999+0000][1][safepoint    ] Safepoint "Cleanup", Time since last: 1000151274 ns, Reaching safepoint: 254146 ns, At safepoint: 18038 ns, Total: 272184 ns
[2020-09-11T19:11:48.999+0000][1][safepoint    ] Safepoint "Cleanup", Time since last: 1000215512 ns, Reaching safepoint: 158998 ns, At safepoint: 7797 ns, Total: 166795 ns
[2020-09-11T19:11:51.000+0000][1][safepoint    ] Safepoint "Cleanup", Time since last: 2000355527 ns, Reaching safepoint: 139397 ns, At safepoint: 8701 ns, Total: 148098 ns
[2020-09-11T19:11:51.747+0000][1][safepoint    ] Safepoint "RevokeBias", Time since last: 747193003 ns, Reaching safepoint: 256053 ns, At safepoint: 20675 ns, Total: 276728 ns
[2020-09-11T19:11:51.747+0000][1][safepoint    ] Safepoint "RevokeBias", Time since last: 71165 ns, Reaching safepoint: 160829 ns, At safepoint: 13095 ns, Total: 173924 ns
[2020-09-11T19:11:52.450+0000][1][safepoint    ] Safepoint "RevokeBias", Time since last: 702326626 ns, Reaching safepoint: 193613 ns, At safepoint: 122389 ns, Total: 316002 ns
[2020-09-11T19:11:52.461+0000][1][safepoint    ] Safepoint "RevokeBias", Time since last: 10370241 ns, Reaching safepoint: 149672 ns, At safepoint: 122598 ns, Total: 272270 ns
[2020-09-11T19:11:52.610+0000][1][safepoint    ] Safepoint "RevokeBias", Time since last: 149497256 ns, Reaching safepoint: 240464 ns, At safepoint: 19611 ns, Total: 260075 ns
[2020-09-11T19:11:52.611+0000][1][safepoint    ] Safepoint "RevokeBias", Time since last: 98774 ns, Reaching safepoint: 67761 ns, At safepoint: 13093 ns, Total: 80854 ns
[2020-09-11T19:11:52.612+0000][1][safepoint    ] Safepoint "RevokeBias", Time since last: 1048590 ns, Reaching safepoint: 153440 ns, At safepoint: 16777 ns, Total: 170217 ns
[2020-09-11T19:11:53.612+0000][1][safepoint    ] Safepoint "Cleanup", Time since last: 1000120956 ns, Reaching safepoint: 167368 ns, At safepoint: 7196 ns, Total: 174564 ns
[2020-09-11T19:11:54.612+0000][1][safepoint    ] Safepoint "Cleanup", Time since last: 1000140692 ns, Reaching safepoint: 173455 ns, At safepoint: 8386 ns, Total: 181841 ns
[2020-09-11T19:11:55.726+0000][1][safepoint    ] Safepoint "RevokeBias", Time since last: 1112815275 ns, Reaching safepoint: 308024 ns, At safepoint: 48858 ns, Total: 356882 ns
[2020-09-11T19:11:55.726+0000][1][safepoint    ] Safepoint "RevokeBias", Time since last: 173092 ns, Reaching safepoint: 234860 ns, At safepoint: 37650 ns, Total: 272510 ns
[2020-09-11T19:11:55.728+0000][1][safepoint    ] Safepoint "RevokeBias", Time since last: 718030 ns, Reaching safepoint: 1422938 ns, At safepoint: 41027 ns, Total: 1463965 ns
[2020-09-11T19:11:56.284+0000][1][safepoint    ] Safepoint "RevokeBias", Time since last: 555350544 ns, Reaching safepoint: 200082 ns, At safepoint: 18306 ns, Total: 218388 ns
[2020-09-11T19:11:56.463+0000][1][safepoint    ] Safepoint "RevokeBias", Time since last: 178978729 ns, Reaching safepoint: 257833 ns, At safepoint: 48511 ns, Total: 306344 ns
[2020-09-11T19:11:56.463+0000][1][safepoint    ] Safepoint "RevokeBias", Time since last: 207206 ns, Reaching safepoint: 143131 ns, At safepoint: 44067 ns, Total: 187198 ns
[2020-09-11T19:11:56.465+0000][1][safepoint    ] Safepoint "RevokeBias", Time since last: 1122282 ns, Reaching safepoint: 151108 ns, At safepoint: 60732 ns, Total: 211840 ns
[2020-09-11T19:11:57.102+0000][1][safepoint    ] Safepoint "RevokeBias", Time since last: 636581144 ns, Reaching safepoint: 159991 ns, At safepoint: 123953 ns, Total: 283944 ns
[2020-09-11T19:11:58.102+0000][1][safepoint    ] Safepoint "Cleanup", Time since last: 1000179017 ns, Reaching safepoint: 174014 ns, At safepoint: 8155 ns, Total: 182169 ns
[2020-09-11T19:11:58.264+0000][1][safepoint    ] Safepoint "RevokeBias", Time since last: 161701038 ns, Reaching safepoint: 108836 ns, At safepoint: 20660 ns, Total: 129496 ns
[2020-09-11T19:11:58.264+0000][1][safepoint    ] Safepoint "RevokeBias", Time since last: 69186 ns, Reaching safepoint: 89809 ns, At safepoint: 12796 ns, Total: 102605 ns
[2020-09-11T19:11:58.409+0000][1][safepoint    ] Safepoint "RevokeBias", Time since last: 144492400 ns, Reaching safepoint: 116848 ns, At safepoint: 116476 ns, Total: 233324 ns
[2020-09-11T19:11:58.583+0000][1][safepoint    ] Safepoint "RevokeBias", Time since last: 174441664 ns, Reaching safepoint: 291758 ns, At safepoint: 18932 ns, Total: 310690 ns
[2020-09-11T19:11:58.776+0000][1][safepoint    ] Safepoint "RevokeBias", Time since last: 192258362 ns, Reaching safepoint: 126577 ns, At safepoint: 22304 ns, Total: 148881 ns
[2020-09-11T19:11:58.789+0000][1][safepoint    ] Safepoint "RevokeBias", Time since last: 13440657 ns, Reaching safepoint: 163893 ns, At safepoint: 20190 ns, Total: 184083 ns
[2020-09-11T19:11:58.913+0000][1][safepoint    ] Safepoint "RevokeBias", Time since last: 123232698 ns, Reaching safepoint: 265039 ns, At safepoint: 43888 ns, Total: 308927 ns
[2020-09-11T19:11:58.914+0000][1][safepoint    ] Safepoint "RevokeBias", Time since last: 360076 ns, Reaching safepoint: 416095 ns, At safepoint: 38885 ns, Total: 454980 ns
[2020-09-11T19:11:59.809+0000][1][safepoint    ] Safepoint "RevokeBias", Time since last: 894729595 ns, Reaching safepoint: 82358 ns, At safepoint: 17444 ns, Total: 99802 ns
[2020-09-11T19:11:59.812+0000][1][safepoint    ] Safepoint "RevokeBias", Time since last: 1130162 ns, Reaching safepoint: 1675245 ns, At safepoint: 149244 ns, Total: 1824489 ns
[2020-09-11T19:12:00.678+0000][1][safepoint    ] Safepoint "RevokeBias", Time since last: 865969242 ns, Reaching safepoint: 115257 ns, At safepoint: 21557 ns, Total: 136814 ns
[2020-09-11T19:12:00.678+0000][1][safepoint    ] Safepoint "RevokeBias", Time since last: 88113 ns, Reaching safepoint: 44258 ns, At safepoint: 12698 ns, Total: 56956 ns
[2020-09-11T19:12:00.681+0000][1][gc,start     ] GC(320) Pause Young (Allocation Failure)
[2020-09-11T19:12:00.681+0000][1][gc,task      ] GC(320) Using 1 workers of 1 for evacuation
[2020-09-11T19:12:00.689+0000][1][gc,age       ] GC(320) Desired survivor size 4358144 bytes, new threshold 6 (max threshold 6)
[2020-09-11T19:12:00.689+0000][1][gc,age       ] GC(320) Age table with threshold 6 (max threshold 6)
[2020-09-11T19:12:00.689+0000][1][gc,age       ] GC(320) - age   1:    2277272 bytes,    2277272 total
[2020-09-11T19:12:00.689+0000][1][gc,age       ] GC(320) - age   2:     164664 bytes,    2441936 total
[2020-09-11T19:12:00.689+0000][1][gc,age       ] GC(320) - age   3:     455144 bytes,    2897080 total
[2020-09-11T19:12:00.689+0000][1][gc,age       ] GC(320) - age   4:       7224 bytes,    2904304 total
[2020-09-11T19:12:00.689+0000][1][gc,age       ] GC(320) - age   5:      81312 bytes,    2985616 total
[2020-09-11T19:12:00.689+0000][1][gc,age       ] GC(320) - age   6:       6528 bytes,    2992144 total
[2020-09-11T19:12:00.689+0000][1][gc,heap      ] GC(320) ParNew: 71192K->3165K(76672K)
[2020-09-11T19:12:00.689+0000][1][gc,heap      ] GC(320) CMS: 152402K->152490K(439104K)
[2020-09-11T19:12:00.689+0000][1][gc,metaspace ] GC(320) Metaspace: 97137K->97137K(1138688K)
[2020-09-11T19:12:00.689+0000][1][gc           ] GC(320) Pause Young (Allocation Failure) 218M->152M(503M) 8.196ms
[2020-09-11T19:12:00.689+0000][1][gc,cpu       ] GC(320) User=0.01s Sys=0.00s Real=0.01s
[2020-09-11T19:12:00.689+0000][1][safepoint    ] Safepoint "GenCollectForAllocation", Time since last: 1618204 ns, Reaching safepoint: 1696183 ns, At safepoint: 8269960 ns, Total: 9966143 ns
[2020-09-11T19:12:00.696+0000][1][safepoint    ] Safepoint "RevokeBias", Time since last: 6509880 ns, Reaching safepoint: 120265 ns, At safepoint: 141306 ns, Total: 261571 ns
[2020-09-11T19:12:00.699+0000][1][safepoint    ] Safepoint "RevokeBias", Time since last: 899980 ns, Reaching safepoint: 73347 ns, At safepoint: 1582957 ns, Total: 1656304 ns
[2020-09-11T19:12:00.699+0000][1][safepoint    ] Safepoint "BulkRevokeBias", Time since last: 109794 ns, Reaching safepoint: 183152 ns, At safepoint: 379876 ns, Total: 563028 ns
[2020-09-11T19:12:00.707+0000][1][safepoint    ] Safepoint "RevokeBias", Time since last: 7462308 ns, Reaching safepoint: 247849 ns, At safepoint: 131643 ns, Total: 379492 ns
[2020-09-11T19:12:01.507+0000][1][safepoint    ] Safepoint "RevokeBias", Time since last: 799035475 ns, Reaching safepoint: 289847 ns, At safepoint: 50796 ns, Total: 340643 ns
[2020-09-11T19:12:02.413+0000][1][safepoint    ] Safepoint "RevokeBias", Time since last: 906112067 ns, Reaching safepoint: 165182 ns, At safepoint: 24052 ns, Total: 189234 ns
[2020-09-11T19:12:02.485+0000][1][safepoint    ] Safepoint "RevokeBias", Time since last: 71551599 ns, Reaching safepoint: 81972 ns, At safepoint: 19461 ns, Total: 101433 ns
[2020-09-11T19:12:02.486+0000][1][safepoint    ] Safepoint "RevokeBias", Time since last: 965591 ns, Reaching safepoint: 55044 ns, At safepoint: 14669 ns, Total: 69713 ns
[2020-09-11T19:12:02.663+0000][1][safepoint    ] Safepoint "RevokeBias", Time since last: 177145980 ns, Reaching safepoint: 159149 ns, At safepoint: 18607 ns, Total: 177756 ns
[2020-09-11T19:12:03.663+0000][1][safepoint    ] Safepoint "Cleanup", Time since last: 1000132982 ns, Reaching safepoint: 129837 ns, At safepoint: 6718 ns, Total: 136555 ns
[2020-09-11T19:12:04.664+0000][1][safepoint    ] Safepoint "Cleanup", Time since last: 1000150871 ns, Reaching safepoint: 138339 ns, At safepoint: 6579 ns, Total: 144918 ns
[2020-09-11T19:12:05.664+0000][1][safepoint    ] Safepoint "Cleanup", Time since last: 1000164303 ns, Reaching safepoint: 131070 ns, At safepoint: 7166 ns, Total: 138236 ns
[2020-09-11T19:12:06.582+0000][1][safepoint    ] Safepoint "RevokeBias", Time since last: 917706460 ns, Reaching safepoint: 309950 ns, At safepoint: 51070 ns, Total: 361020 ns
[2020-09-11T19:12:06.582+0000][1][safepoint    ] Safepoint "RevokeBias", Time since last: 253143 ns, Reaching safepoint: 159104 ns, At safepoint: 38084 ns, Total: 197188 ns
[2020-09-11T19:12:07.583+0000][1][safepoint    ] Safepoint "Cleanup", Time since last: 1000153065 ns, Reaching safepoint: 151168 ns, At safepoint: 8297 ns, Total: 159465 ns
[2020-09-11T19:12:07.809+0000][1][safepoint    ] Safepoint "RevokeBias", Time since last: 225759864 ns, Reaching safepoint: 95605 ns, At safepoint: 22524 ns, Total: 118129 ns
[2020-09-11T19:12:08.809+0000][1][safepoint    ] Safepoint "Cleanup", Time since last: 1000185740 ns, Reaching safepoint: 172829 ns, At safepoint: 9666 ns, Total: 182495 ns
[2020-09-11T19:12:09.809+0000][1][safepoint    ] Safepoint "Cleanup", Time since last: 1000127251 ns, Reaching safepoint: 94462 ns, At safepoint: 7750 ns, Total: 102212 ns
[2020-09-11T19:12:09.870+0000][1][safepoint    ] Safepoint "RevokeBias", Time since last: 61007539 ns, Reaching safepoint: 83420 ns, At safepoint: 21332 ns, Total: 104752 ns
[2020-09-11T19:12:10.871+0000][1][safepoint    ] Safepoint "Cleanup", Time since last: 1000155409 ns, Reaching safepoint: 248211 ns, At safepoint: 19742 ns, Total: 267953 ns
[2020-09-11T19:12:11.717+0000][1][safepoint    ] Safepoint "BulkRevokeBias", Time since last: 845620447 ns, Reaching safepoint: 277001 ns, At safepoint: 584058 ns, Total: 861059 ns
[2020-09-11T19:12:12.718+0000][1][safepoint    ] Safepoint "Cleanup", Time since last: 1000213150 ns, Reaching safepoint: 177200 ns, At safepoint: 19591 ns, Total: 196791 ns
[2020-09-11T19:12:13.718+0000][1][safepoint    ] Safepoint "Cleanup", Time since last: 1000198683 ns, Reaching safepoint: 130831 ns, At safepoint: 7647 ns, Total: 138478 ns
[2020-09-11T19:12:14.718+0000][1][safepoint    ] Safepoint "Cleanup", Time since last: 1000147559 ns, Reaching safepoint: 127021 ns, At safepoint: 7943 ns, Total: 134964 ns
[2020-09-11T19:12:15.719+0000][1][safepoint    ] Safepoint "Cleanup", Time since last: 1000176524 ns, Reaching safepoint: 156589 ns, At safepoint: 9677 ns, Total: 166266 ns
[2020-09-11T19:12:16.550+0000][1][gc,start     ] GC(321) Pause Young (Allocation Failure)
[2020-09-11T19:12:16.550+0000][1][gc,task      ] GC(321) Using 1 workers of 1 for evacuation
[2020-09-11T19:12:16.558+0000][1][gc,age       ] GC(321) Desired survivor size 4358144 bytes, new threshold 6 (max threshold 6)
[2020-09-11T19:12:16.916+0000][1][gc,age       ] GC(321) Age table with threshold 6 (max threshold 6)
[2020-09-11T19:12:16.916+0000][1][gc,age       ] GC(321) - age   1:    1839592 bytes,    1839592 total
[2020-09-11T19:12:16.916+0000][1][gc,age       ] GC(321) - age   2:     442952 bytes,    2282544 total
[2020-09-11T19:12:16.916+0000][1][gc,age       ] GC(321) - age   3:     162536 bytes,    2445080 total
[2020-09-11T19:12:16.916+0000][1][gc,age       ] GC(321) - age   4:     455000 bytes,    2900080 total
[2020-09-11T19:12:16.916+0000][1][gc,age       ] GC(321) - age   5:       7032 bytes,    2907112 total
[2020-09-11T19:12:16.916+0000][1][gc,age       ] GC(321) - age   6:      81312 bytes,    2988424 total
[2020-09-11T19:12:16.916+0000][1][gc,heap      ] GC(321) ParNew: 71325K->4910K(76672K)
[2020-09-11T19:12:16.916+0000][1][gc,heap      ] GC(321) CMS: 152490K->152497K(439104K)
[2020-09-11T19:12:16.916+0000][1][gc,metaspace ] GC(321) Metaspace: 97161K->97161K(1138688K)
[2020-09-11T19:12:16.916+0000][1][gc           ] GC(321) Pause Young (Allocation Failure) 218M->153M(503M) 365.703ms
[2020-09-11T19:12:16.916+0000][1][gc,cpu       ] GC(321) User=0.01s Sys=0.00s Real=0.36s
[2020-09-11T19:12:16.924+0000][1][safepoint    ] Safepoint "GenCollectForAllocation", Time since last: 831178291 ns, Reaching safepoint: 302388 ns, At safepoint: 373779552 ns, Total: 374081940 ns
[2020-09-11T19:12:17.926+0000][1][safepoint    ] Safepoint "Cleanup", Time since last: 1001852675 ns, Reaching safepoint: 104549 ns, At safepoint: 22557 ns, Total: 127106 ns
[2020-09-11T19:12:18.246+0000][1][safepoint    ] Safepoint "RevokeBias", Time since last: 319827099 ns, Reaching safepoint: 95445 ns, At safepoint: 23587 ns, Total: 119032 ns
[2020-09-11T19:12:19.246+0000][1][safepoint    ] Safepoint "Cleanup", Time since last: 1000155076 ns, Reaching safepoint: 168663 ns, At safepoint: 8757 ns, Total: 177420 ns
[2020-09-11T19:12:20.239+0000][1][safepoint    ] Safepoint "RevokeBias", Time since last: 992067367 ns, Reaching safepoint: 430112 ns, At safepoint: 51730 ns, Total: 481842 ns
[2020-09-11T19:12:21.072+0000][1][safepoint    ] Safepoint "RevokeBias", Time since last: 833001888 ns, Reaching safepoint: 188511 ns, At safepoint: 27765 ns, Total: 216276 ns
[2020-09-11T19:12:22.072+0000][1][safepoint    ] Safepoint "Cleanup", Time since last: 1000189344 ns, Reaching safepoint: 100432 ns, At safepoint: 7625 ns, Total: 108057 ns
[2020-09-11T19:12:23.073+0000][1][safepoint    ] Safepoint "Cleanup", Time since last: 1000326080 ns, Reaching safepoint: 153257 ns, At safepoint: 14843 ns, Total: 168100 ns
[2020-09-11T19:12:24.073+0000][1][safepoint    ] Safepoint "Cleanup", Time since last: 1000155393 ns, Reaching safepoint: 98244 ns, At safepoint: 6926 ns, Total: 105170 ns
[2020-09-11T19:12:25.073+0000][1][safepoint    ] Safepoint "Cleanup", Time since last: 1000182442 ns, Reaching safepoint: 261041 ns, At safepoint: 24319 ns, Total: 285360 ns
[2020-09-11T19:12:26.074+0000][1][safepoint    ] Safepoint "Cleanup", Time since last: 1000174496 ns, Reaching safepoint: 121955 ns, At safepoint: 12677 ns, Total: 134632 ns
[2020-09-11T19:12:27.613+0000][1][safepoint    ] Safepoint "Cleanup", Time since last: 1538556333 ns, Reaching safepoint: 281067 ns, At safepoint: 19902 ns, Total: 300969 ns
[2020-09-11T19:12:28.613+0000][1][safepoint    ] Safepoint "Cleanup", Time since last: 1000194202 ns, Reaching safepoint: 280729 ns, At safepoint: 20554 ns, Total: 301283 ns
[2020-09-11T19:12:34.554+0000][1][gc,start     ] GC(322) Pause Young (Allocation Failure)
[2020-09-11T19:12:34.820+0000][1][gc,task      ] GC(322) Using 1 workers of 1 for evacuation
[2020-09-11T19:12:34.831+0000][1][gc,age       ] GC(322) Desired survivor size 4358144 bytes, new threshold 6 (max threshold 6)
[2020-09-11T19:12:34.831+0000][1][gc,age       ] GC(322) Age table with threshold 6 (max threshold 6)
[2020-09-11T19:12:34.831+0000][1][gc,age       ] GC(322) - age   1:     126368 bytes,     126368 total
[2020-09-11T19:12:34.831+0000][1][gc,age       ] GC(322) - age   2:    1725816 bytes,    1852184 total
[2020-09-11T19:12:34.831+0000][1][gc,age       ] GC(322) - age   3:     438824 bytes,    2291008 total
[2020-09-11T19:12:34.831+0000][1][gc,age       ] GC(322) - age   4:     162224 bytes,    2453232 total
[2020-09-11T19:12:34.831+0000][1][gc,age       ] GC(322) - age   5:     455000 bytes,    2908232 total
[2020-09-11T19:12:34.831+0000][1][gc,age       ] GC(322) - age   6:       7032 bytes,    2915264 total
[2020-09-11T19:12:34.831+0000][1][gc,heap      ] GC(322) ParNew: 73070K->3416K(76672K)
[2020-09-11T19:12:34.831+0000][1][gc,heap      ] GC(322) CMS: 152497K->152576K(439104K)
[2020-09-11T19:12:34.831+0000][1][gc,metaspace ] GC(322) Metaspace: 97161K->97161K(1138688K)
[2020-09-11T19:12:34.831+0000][1][gc           ] GC(322) Pause Young (Allocation Failure) 220M->152M(503M) 276.692ms
[2020-09-11T19:12:34.831+0000][1][gc,cpu       ] GC(322) User=0.01s Sys=0.00s Real=0.28s
[2020-09-11T19:12:34.833+0000][1][safepoint    ] Safepoint "GenCollectForAllocation", Time since last: 5938771850 ns, Reaching safepoint: 2469596 ns, At safepoint: 278903397 ns, Total: 281372993 ns
[2020-09-11T19:12:35.465+0000][1][safepoint    ] Safepoint "RevokeBias", Time since last: 631047578 ns, Reaching safepoint: 264156 ns, At safepoint: 363346 ns, Total: 627502 ns
[2020-09-11T19:12:36.465+0000][1][safepoint    ] Safepoint "Cleanup", Time since last: 1000187537 ns, Reaching safepoint: 199373 ns, At safepoint: 28380 ns, Total: 227753 ns
[2020-09-11T19:12:37.071+0000][1][safepoint    ] Safepoint "RevokeBias", Time since last: 605035839 ns, Reaching safepoint: 457062 ns, At safepoint: 455942 ns, Total: 913004 ns
[2020-09-11T19:12:38.075+0000][1][safepoint    ] Safepoint "Cleanup", Time since last: 1003216344 ns, Reaching safepoint: 290303 ns, At safepoint: 19200 ns, Total: 309503 ns
[2020-09-11T19:12:38.079+0000][1][safepoint    ] Safepoint "RevokeBias", Time since last: 3987613 ns, Reaching safepoint: 122446 ns, At safepoint: 122729 ns, Total: 245175 ns
[2020-09-11T19:12:38.093+0000][1][safepoint    ] Safepoint "RevokeBias", Time since last: 13498529 ns, Reaching safepoint: 184842 ns, At safepoint: 18565 ns, Total: 203407 ns
[2020-09-11T19:12:38.093+0000][1][safepoint    ] Safepoint "RevokeBias", Time since last: 128098 ns, Reaching safepoint: 50762 ns, At safepoint: 10839 ns, Total: 61601 ns
[2020-09-11T19:12:39.094+0000][1][safepoint    ] Safepoint "Cleanup", Time since last: 1000405191 ns, Reaching safepoint: 276345 ns, At safepoint: 17466 ns, Total: 293811 ns
[2020-09-11T19:12:39.518+0000][1][safepoint    ] Safepoint "RevokeBias", Time since last: 422568971 ns, Reaching safepoint: 1187913 ns, At safepoint: 228611 ns, Total: 1416524 ns
[2020-09-11T19:12:40.335+0000][1][safepoint    ] Safepoint "RevokeBias", Time since last: 816686919 ns, Reaching safepoint: 292418 ns, At safepoint: 49971 ns, Total: 342389 ns
[2020-09-11T19:12:41.215+0000][1][safepoint    ] Safepoint "RevokeBias", Time since last: 879891436 ns, Reaching safepoint: 167921 ns, At safepoint: 23242 ns, Total: 191163 ns
[2020-09-11T19:12:42.215+0000][1][safepoint    ] Safepoint "Cleanup", Time since last: 1000169136 ns, Reaching safepoint: 111468 ns, At safepoint: 7303 ns, Total: 118771 ns
[2020-09-11T19:12:43.215+0000][1][safepoint    ] Safepoint "Cleanup", Time since last: 1000138744 ns, Reaching safepoint: 127276 ns, At safepoint: 7256 ns, Total: 134532 ns
[2020-09-11T19:12:44.216+0000][1][safepoint    ] Safepoint "Cleanup", Time since last: 1000166644 ns, Reaching safepoint: 116959 ns, At safepoint: 7196 ns, Total: 124155 ns
[2020-09-11T19:12:45.216+0000][1][safepoint    ] Safepoint "Cleanup", Time since last: 1000144444 ns, Reaching safepoint: 159560 ns, At safepoint: 15265 ns, Total: 174825 ns
[2020-09-11T19:12:46.216+0000][1][safepoint    ] Safepoint "Cleanup", Time since last: 1000197868 ns, Reaching safepoint: 134467 ns, At safepoint: 8543 ns, Total: 143010 ns
[2020-09-11T19:12:47.746+0000][1][safepoint    ] Safepoint "Cleanup", Time since last: 1529272751 ns, Reaching safepoint: 192589 ns, At safepoint: 17707 ns, Total: 210296 ns
[2020-09-11T19:12:48.256+0000][1][safepoint    ] Safepoint "RevokeBias", Time since last: 509784821 ns, Reaching safepoint: 259247 ns, At safepoint: 319702 ns, Total: 578949 ns
[2020-09-11T19:12:48.428+0000][1][gc,start     ] GC(323) Pause Young (Allocation Failure)
[2020-09-11T19:12:48.428+0000][1][gc,task      ] GC(323) Using 1 workers of 1 for evacuation
[2020-09-11T19:12:48.442+0000][1][gc,age       ] GC(323) Desired survivor size 4358144 bytes, new threshold 6 (max threshold 6)
[2020-09-11T19:12:48.442+0000][1][gc,age       ] GC(323) Age table with threshold 6 (max threshold 6)
[2020-09-11T19:12:48.442+0000][1][gc,age       ] GC(323) - age   1:     266736 bytes,     266736 total
[2020-09-11T19:12:48.442+0000][1][gc,age       ] GC(323) - age   2:      26800 bytes,     293536 total
[2020-09-11T19:12:48.442+0000][1][gc,age       ] GC(323) - age   3:    1722592 bytes,    2016128 total
[2020-09-11T19:12:48.442+0000][1][gc,age       ] GC(323) - age   4:     436608 bytes,    2452736 total
[2020-09-11T19:12:48.442+0000][1][gc,age       ] GC(323) - age   5:     161952 bytes,    2614688 total
[2020-09-11T19:12:48.442+0000][1][gc,age       ] GC(323) - age   6:     455000 bytes,    3069688 total
[2020-09-11T19:12:48.442+0000][1][gc,heap      ] GC(323) ParNew: 71576K->5124K(76672K)
[2020-09-11T19:12:48.442+0000][1][gc,heap      ] GC(323) CMS: 152576K->152583K(439104K)
[2020-09-11T19:12:48.442+0000][1][gc,metaspace ] GC(323) Metaspace: 97188K->97188K(1138688K)
[2020-09-11T19:12:48.442+0000][1][gc           ] GC(323) Pause Young (Allocation Failure) 218M->154M(503M) 13.897ms
[2020-09-11T19:12:48.442+0000][1][gc,cpu       ] GC(323) User=0.01s Sys=0.00s Real=0.01s
[2020-09-11T19:12:48.444+0000][1][safepoint    ] Safepoint "GenCollectForAllocation", Time since last: 169474151 ns, Reaching safepoint: 2559112 ns, At safepoint: 15956733 ns, Total: 18515845 ns
[2020-09-11T19:12:49.451+0000][1][safepoint    ] Safepoint "Cleanup", Time since last: 1006623836 ns, Reaching safepoint: 229864 ns, At safepoint: 54684 ns, Total: 284548 ns
[2020-09-11T19:12:50.555+0000][1][safepoint    ] Safepoint "Cleanup", Time since last: 1000221463 ns, Reaching safepoint: 103668622 ns, At safepoint: 19885 ns, Total: 103688507 ns
[2020-09-11T19:12:51.288+0000][1][safepoint    ] Safepoint "RevokeBias", Time since last: 732714960 ns, Reaching safepoint: 467737 ns, At safepoint: 44314 ns, Total: 512051 ns
[2020-09-11T19:12:51.946+0000][1][safepoint    ] Safepoint "RevokeBias", Time since last: 658153387 ns, Reaching safepoint: 88803 ns, At safepoint: 24317 ns, Total: 113120 ns
[2020-09-11T19:12:52.947+0000][1][safepoint    ] Safepoint "Cleanup", Time since last: 1000177468 ns, Reaching safepoint: 114137 ns, At safepoint: 7301 ns, Total: 121438 ns
[2020-09-11T19:12:53.947+0000][1][safepoint    ] Safepoint "Cleanup", Time since last: 1000186195 ns, Reaching safepoint: 111775 ns, At safepoint: 6897 ns, Total: 118672 ns
[2020-09-11T19:12:54.947+0000][1][safepoint    ] Safepoint "Cleanup", Time since last: 1000147018 ns, Reaching safepoint: 131324 ns, At safepoint: 7002 ns, Total: 138326 ns
[2020-09-11T19:12:55.948+0000][1][safepoint    ] Safepoint "Cleanup", Time since last: 1000144671 ns, Reaching safepoint: 138210 ns, At safepoint: 7124 ns, Total: 145334 ns
[2020-09-11T19:12:56.948+0000][1][safepoint    ] Safepoint "Cleanup", Time since last: 1000168014 ns, Reaching safepoint: 373572 ns, At safepoint: 19016 ns, Total: 392588 ns
[2020-09-11T19:12:57.948+0000][1][safepoint    ] Safepoint "Cleanup", Time since last: 1000184873 ns, Reaching safepoint: 171691 ns, At safepoint: 16822 ns, Total: 188513 ns
[2020-09-11T19:12:58.743+0000][1][safepoint    ] Safepoint "RevokeBias", Time since last: 794172419 ns, Reaching safepoint: 143091 ns, At safepoint: 157239 ns, Total: 300330 ns
[2020-09-11T19:12:59.743+0000][1][safepoint    ] Safepoint "Cleanup", Time since last: 1000140387 ns, Reaching safepoint: 165649 ns, At safepoint: 11909 ns, Total: 177558 ns
[2020-09-11T19:12:59.878+0000][1][safepoint    ] Safepoint "RevokeBias", Time since last: 134861062 ns, Reaching safepoint: 125101 ns, At safepoint: 125082 ns, Total: 250183 ns
[2020-09-11T19:13:00.879+0000][1][safepoint    ] Safepoint "Cleanup", Time since last: 1000138830 ns, Reaching safepoint: 182542 ns, At safepoint: 8663 ns, Total: 191205 ns
[2020-09-11T19:13:01.805+0000][1][safepoint    ] Safepoint "RevokeBias", Time since last: 926546894 ns, Reaching safepoint: 176981 ns, At safepoint: 48063 ns, Total: 225044 ns
[2020-09-11T19:13:02.806+0000][1][safepoint    ] Safepoint "Cleanup", Time since last: 1000223024 ns, Reaching safepoint: 181858 ns, At safepoint: 47131 ns, Total: 228989 ns
[2020-09-11T19:13:03.806+0000][1][safepoint    ] Safepoint "Cleanup", Time since last: 1000205970 ns, Reaching safepoint: 120255 ns, At safepoint: 7932 ns, Total: 128187 ns
[2020-09-11T19:13:04.807+0000][1][safepoint    ] Safepoint "Cleanup", Time since last: 1000164590 ns, Reaching safepoint: 146708 ns, At safepoint: 14722 ns, Total: 161430 ns
[2020-09-11T19:13:05.807+0000][1][safepoint    ] Safepoint "Cleanup", Time since last: 1000147331 ns, Reaching safepoint: 90726 ns, At safepoint: 7652 ns, Total: 98378 ns
[2020-09-11T19:13:06.807+0000][1][safepoint    ] Safepoint "Cleanup", Time since last: 1000202153 ns, Reaching safepoint: 163814 ns, At safepoint: 9773 ns, Total: 173587 ns
[2020-09-11T19:13:07.807+0000][1][safepoint    ] Safepoint "Cleanup", Time since last: 1000156104 ns, Reaching safepoint: 129834 ns, At safepoint: 7740 ns, Total: 137574 ns
[2020-09-11T19:13:07.855+0000][1][safepoint    ] Safepoint "RevokeBias", Time since last: 47190337 ns, Reaching safepoint: 91807 ns, At safepoint: 22579 ns, Total: 114386 ns
[2020-09-11T19:13:08.468+0000][1][gc,start     ] GC(324) Pause Young (Allocation Failure)
[2020-09-11T19:13:08.468+0000][1][gc,task      ] GC(324) Using 1 workers of 1 for evacuation
[2020-09-11T19:13:08.476+0000][1][gc,age       ] GC(324) Desired survivor size 4358144 bytes, new threshold 6 (max threshold 6)
[2020-09-11T19:13:08.476+0000][1][gc,age       ] GC(324) Age table with threshold 6 (max threshold 6)
[2020-09-11T19:13:08.476+0000][1][gc,age       ] GC(324) - age   1:     209440 bytes,     209440 total
[2020-09-11T19:13:08.476+0000][1][gc,age       ] GC(324) - age   2:     164944 bytes,     374384 total
[2020-09-11T19:13:08.476+0000][1][gc,age       ] GC(324) - age   3:      22680 bytes,     397064 total
[2020-09-11T19:13:08.476+0000][1][gc,age       ] GC(324) - age   4:    1722400 bytes,    2119464 total
[2020-09-11T19:13:08.476+0000][1][gc,age       ] GC(324) - age   5:     433720 bytes,    2553184 total
[2020-09-11T19:13:08.476+0000][1][gc,age       ] GC(324) - age   6:     161952 bytes,    2715136 total
[2020-09-11T19:13:08.476+0000][1][gc,heap      ] GC(324) ParNew: 73284K->3529K(76672K)
[2020-09-11T19:13:08.476+0000][1][gc,heap      ] GC(324) CMS: 152583K->153035K(439104K)
[2020-09-11T19:13:08.476+0000][1][gc,metaspace ] GC(324) Metaspace: 97188K->97188K(1138688K)
[2020-09-11T19:13:08.476+0000][1][gc           ] GC(324) Pause Young (Allocation Failure) 220M->152M(503M) 7.656ms
[2020-09-11T19:13:08.476+0000][1][gc,cpu       ] GC(324) User=0.01s Sys=0.00s Real=0.00s
[2020-09-11T19:13:08.476+0000][1][safepoint    ] Safepoint "GenCollectForAllocation", Time since last: 613042320 ns, Reaching safepoint: 226670 ns, At safepoint: 7734011 ns, Total: 7960681 ns
[2020-09-11T19:13:09.481+0000][1][safepoint    ] Safepoint "Cleanup", Time since last: 1004886581 ns, Reaching safepoint: 169199 ns, At safepoint: 17113 ns, Total: 186312 ns
[2020-09-11T19:13:10.371+0000][1][safepoint    ] Safepoint "RevokeBias", Time since last: 890216969 ns, Reaching safepoint: 214230 ns, At safepoint: 22913 ns, Total: 237143 ns
[2020-09-11T19:13:11.372+0000][1][safepoint    ] Safepoint "Cleanup", Time since last: 1000145683 ns, Reaching safepoint: 121793 ns, At safepoint: 9088 ns, Total: 130881 ns
[2020-09-11T19:13:11.435+0000][1][safepoint    ] Safepoint "RevokeBias", Time since last: 63491842 ns, Reaching safepoint: 291085 ns, At safepoint: 55326 ns, Total: 346411 ns
[2020-09-11T19:13:12.436+0000][1][safepoint    ] Safepoint "Cleanup", Time since last: 1000220740 ns, Reaching safepoint: 170423 ns, At safepoint: 17784 ns, Total: 188207 ns
[2020-09-11T19:13:13.436+0000][1][safepoint    ] Safepoint "Cleanup", Time since last: 1000239426 ns, Reaching safepoint: 109909 ns, At safepoint: 9937 ns, Total: 119846 ns
[2020-09-11T19:13:14.436+0000][1][safepoint    ] Safepoint "Cleanup", Time since last: 1000178635 ns, Reaching safepoint: 116243 ns, At safepoint: 7693 ns, Total: 123936 ns
[2020-09-11T19:13:15.437+0000][1][safepoint    ] Safepoint "Cleanup", Time since last: 1000181780 ns, Reaching safepoint: 172919 ns, At safepoint: 20450 ns, Total: 193369 ns
[2020-09-11T19:13:16.437+0000][1][safepoint    ] Safepoint "Cleanup", Time since last: 1000180452 ns, Reaching safepoint: 176399 ns, At safepoint: 8521 ns, Total: 184920 ns
[2020-09-11T19:13:17.497+0000][1][safepoint    ] Safepoint "Cleanup", Time since last: 1059088401 ns, Reaching safepoint: 263218 ns, At safepoint: 20176 ns, Total: 283394 ns
[2020-09-11T19:13:18.352+0000][1][safepoint    ] Safepoint "RevokeBias", Time since last: 855244131 ns, Reaching safepoint: 295255 ns, At safepoint: 51177 ns, Total: 346432 ns
[2020-09-11T19:13:19.353+0000][1][safepoint    ] Safepoint "Cleanup", Time since last: 1000225675 ns, Reaching safepoint: 265263 ns, At safepoint: 18045 ns, Total: 283308 ns
[2020-09-11T19:13:19.811+0000][1][safepoint    ] Safepoint "RevokeBias", Time since last: 458100688 ns, Reaching safepoint: 214124 ns, At safepoint: 24136 ns, Total: 238260 ns
[2020-09-11T19:13:20.812+0000][1][safepoint    ] Safepoint "Cleanup", Time since last: 1000283519 ns, Reaching safepoint: 173887 ns, At safepoint: 19034 ns, Total: 192921 ns
[2020-09-11T19:13:21.812+0000][1][safepoint    ] Safepoint "Cleanup", Time since last: 1000183759 ns, Reaching safepoint: 110287 ns, At safepoint: 7418 ns, Total: 117705 ns
[2020-09-11T19:13:21.917+0000][1][safepoint    ] Safepoint "RevokeBias", Time since last: 105027845 ns, Reaching safepoint: 181371 ns, At safepoint: 122791 ns, Total: 304162 ns
[2020-09-11T19:13:22.917+0000][1][safepoint    ] Safepoint "Cleanup", Time since last: 1000203118 ns, Reaching safepoint: 97036 ns, At safepoint: 7230 ns, Total: 104266 ns
[2020-09-11T19:13:23.918+0000][1][safepoint    ] Safepoint "Cleanup", Time since last: 1000152881 ns, Reaching safepoint: 162936 ns, At safepoint: 18168 ns, Total: 181104 ns
[2020-09-11T19:13:24.918+0000][1][safepoint    ] Safepoint "Cleanup", Time since last: 1000181200 ns, Reaching safepoint: 165826 ns, At safepoint: 16100 ns, Total: 181926 ns
[2020-09-11T19:13:25.919+0000][1][safepoint    ] Safepoint "Cleanup", Time since last: 1000209779 ns, Reaching safepoint: 159475 ns, At safepoint: 8590 ns, Total: 168065 ns
[2020-09-11T19:13:26.919+0000][1][safepoint    ] Safepoint "Cleanup", Time since last: 1000147150 ns, Reaching safepoint: 172452 ns, At safepoint: 8207 ns, Total: 180659 ns
[2020-09-11T19:13:28.008+0000][1][gc,start     ] GC(325) Pause Young (Allocation Failure)
[2020-09-11T19:13:28.008+0000][1][gc,task      ] GC(325) Using 1 workers of 1 for evacuation
[2020-09-11T19:13:28.016+0000][1][gc,age       ] GC(325) Desired survivor size 4358144 bytes, new threshold 6 (max threshold 6)
[2020-09-11T19:13:28.016+0000][1][gc,age       ] GC(325) Age table with threshold 6 (max threshold 6)
[2020-09-11T19:13:28.016+0000][1][gc,age       ] GC(325) - age   1:     629880 bytes,     629880 total
[2020-09-11T19:13:28.016+0000][1][gc,age       ] GC(325) - age   2:     100888 bytes,     730768 total
[2020-09-11T19:13:28.016+0000][1][gc,age       ] GC(325) - age   3:     158616 bytes,     889384 total
[2020-09-11T19:13:28.016+0000][1][gc,age       ] GC(325) - age   4:      22384 bytes,     911768 total
[2020-09-11T19:13:28.016+0000][1][gc,age       ] GC(325) - age   5:    1722400 bytes,    2634168 total
[2020-09-11T19:13:28.016+0000][1][gc,age       ] GC(325) - age   6:     432376 bytes,    3066544 total
[2020-09-11T19:13:28.016+0000][1][gc,heap      ] GC(325) ParNew: 71679K->4859K(76672K)
[2020-09-11T19:13:28.016+0000][1][gc,heap      ] GC(325) CMS: 153035K->153195K(439104K)
[2020-09-11T19:13:28.016+0000][1][gc,metaspace ] GC(325) Metaspace: 97188K->97188K(1138688K)
[2020-09-11T19:13:28.016+0000][1][gc           ] GC(325) Pause Young (Allocation Failure) 219M->154M(503M) 8.286ms
[2020-09-11T19:13:28.016+0000][1][gc,cpu       ] GC(325) User=0.01s Sys=0.00s Real=0.00s
[2020-09-11T19:13:28.016+0000][1][safepoint    ] Safepoint "GenCollectForAllocation", Time since last: 1088535904 ns, Reaching safepoint: 222976 ns, At safepoint: 8458064 ns, Total: 8681040 ns
[2020-09-11T19:13:28.112+0000][1][safepoint    ] Safepoint "RevokeBias", Time since last: 95574478 ns, Reaching safepoint: 110695 ns, At safepoint: 21923 ns, Total: 132618 ns
[2020-09-11T19:13:29.112+0000][1][safepoint    ] Safepoint "Cleanup", Time since last: 1000424443 ns, Reaching safepoint: 246196 ns, At safepoint: 19464 ns, Total: 265660 ns
[2020-09-11T19:13:30.113+0000][1][safepoint    ] Safepoint "Cleanup", Time since last: 1000199420 ns, Reaching safepoint: 312605 ns, At safepoint: 24774 ns, Total: 337379 ns
[2020-09-11T19:13:30.576+0000][1][safepoint    ] Safepoint "RevokeBias", Time since last: 462588965 ns, Reaching safepoint: 270922 ns, At safepoint: 51258 ns, Total: 322180 ns
[2020-09-11T19:13:31.251+0000][1][safepoint    ] Safepoint "BulkRevokeBias", Time since last: 674367578 ns, Reaching safepoint: 291768 ns, At safepoint: 605347 ns, Total: 897115 ns
[2020-09-11T19:13:32.252+0000][1][safepoint    ] Safepoint "Cleanup", Time since last: 1000218345 ns, Reaching safepoint: 128327 ns, At safepoint: 7970 ns, Total: 136297 ns
[2020-09-11T19:13:33.252+0000][1][safepoint    ] Safepoint "Cleanup", Time since last: 1000177920 ns, Reaching safepoint: 124603 ns, At safepoint: 8158 ns, Total: 132761 ns
[2020-09-11T19:13:34.252+0000][1][safepoint    ] Safepoint "Cleanup", Time since last: 1000192285 ns, Reaching safepoint: 106422 ns, At safepoint: 7330 ns, Total: 113752 ns
[2020-09-11T19:13:35.252+0000][1][safepoint    ] Safepoint "Cleanup", Time since last: 1000207280 ns, Reaching safepoint: 109748 ns, At safepoint: 7687 ns, Total: 117435 ns
[2020-09-11T19:13:36.253+0000][1][safepoint    ] Safepoint "Cleanup", Time since last: 1000190265 ns, Reaching safepoint: 268271 ns, At safepoint: 27406 ns, Total: 295677 ns
[2020-09-11T19:13:37.253+0000][1][safepoint    ] Safepoint "Cleanup", Time since last: 1000203423 ns, Reaching safepoint: 174639 ns, At safepoint: 7759 ns, Total: 182398 ns
[2020-09-11T19:13:37.511+0000][1][safepoint    ] Safepoint "RevokeBias", Time since last: 257445290 ns, Reaching safepoint: 88564 ns, At safepoint: 21820 ns, Total: 110384 ns
[2020-09-11T19:13:38.511+0000][1][safepoint    ] Safepoint "Cleanup", Time since last: 1000107183 ns, Reaching safepoint: 86863 ns, At safepoint: 8019 ns, Total: 94882 ns
[2020-09-11T19:13:38.884+0000][1][safepoint    ] Safepoint "RevokeBias", Time since last: 372630931 ns, Reaching safepoint: 166123 ns, At safepoint: 92535 ns, Total: 258658 ns
[2020-09-11T19:13:39.884+0000][1][safepoint    ] Safepoint "Cleanup", Time since last: 1000169670 ns, Reaching safepoint: 157988 ns, At safepoint: 18185 ns, Total: 176173 ns
[2020-09-11T19:13:40.885+0000][1][safepoint    ] Safepoint "Cleanup", Time since last: 1000134713 ns, Reaching safepoint: 126565 ns, At safepoint: 8313 ns, Total: 134878 ns
[2020-09-11T19:13:41.885+0000][1][safepoint    ] Safepoint "Cleanup", Time since last: 1000145940 ns, Reaching safepoint: 232539 ns, At safepoint: 18442 ns, Total: 250981 ns
[2020-09-11T19:13:42.507+0000][1][safepoint    ] Safepoint "RevokeBias", Time since last: 622228783 ns, Reaching safepoint: 211562 ns, At safepoint: 25084 ns, Total: 236646 ns
[2020-09-11T19:13:43.508+0000][1][safepoint    ] Safepoint "Cleanup", Time since last: 1000148673 ns, Reaching safepoint: 144735 ns, At safepoint: 9770 ns, Total: 154505 ns
[2020-09-11T19:13:44.508+0000][1][safepoint    ] Safepoint "Cleanup", Time since last: 1000192233 ns, Reaching safepoint: 112192 ns, At safepoint: 7192 ns, Total: 119384 ns
[2020-09-11T19:13:45.508+0000][1][safepoint    ] Safepoint "Cleanup", Time since last: 1000198945 ns, Reaching safepoint: 160280 ns, At safepoint: 17170 ns, Total: 177450 ns
[2020-09-11T19:13:46.509+0000][1][safepoint    ] Safepoint "Cleanup", Time since last: 1000220952 ns, Reaching safepoint: 135553 ns, At safepoint: 8416 ns, Total: 143969 ns
[2020-09-11T19:13:47.509+0000][1][safepoint    ] Safepoint "Cleanup", Time since last: 1000173439 ns, Reaching safepoint: 160564 ns, At safepoint: 8713 ns, Total: 169277 ns
[2020-09-11T19:13:48.419+0000][1][gc,start     ] GC(326) Pause Young (Allocation Failure)
[2020-09-11T19:13:48.419+0000][1][gc,task      ] GC(326) Using 1 workers of 1 for evacuation
[2020-09-11T19:13:48.434+0000][1][gc,age       ] GC(326) Desired survivor size 4358144 bytes, new threshold 6 (max threshold 6)
[2020-09-11T19:13:48.434+0000][1][gc,age       ] GC(326) Age table with threshold 6 (max threshold 6)
[2020-09-11T19:13:48.434+0000][1][gc,age       ] GC(326) - age   1:     229152 bytes,     229152 total
[2020-09-11T19:13:48.434+0000][1][gc,age       ] GC(326) - age   2:     492568 bytes,     721720 total
[2020-09-11T19:13:48.434+0000][1][gc,age       ] GC(326) - age   3:      97688 bytes,     819408 total
[2020-09-11T19:13:48.434+0000][1][gc,age       ] GC(326) - age   4:     157992 bytes,     977400 total
[2020-09-11T19:13:48.434+0000][1][gc,age       ] GC(326) - age   5:      22384 bytes,     999784 total
[2020-09-11T19:13:48.434+0000][1][gc,age       ] GC(326) - age   6:    1722400 bytes,    2722184 total
[2020-09-11T19:13:48.434+0000][1][gc,heap      ] GC(326) ParNew: 73019K->2853K(76672K)
[2020-09-11T19:13:48.434+0000][1][gc,heap      ] GC(326) CMS: 153195K->153620K(439104K)
[2020-09-11T19:13:48.434+0000][1][gc,metaspace ] GC(326) Metaspace: 97188K->97188K(1138688K)
[2020-09-11T19:13:48.434+0000][1][gc           ] GC(326) Pause Young (Allocation Failure) 220M->152M(503M) 14.828ms
[2020-09-11T19:13:48.434+0000][1][gc,cpu       ] GC(326) User=0.00s Sys=0.00s Real=0.01s
[2020-09-11T19:13:48.434+0000][1][safepoint    ] Safepoint "GenCollectForAllocation", Time since last: 908290250 ns, Reaching safepoint: 1612649 ns, At safepoint: 14905909 ns, Total: 16518558 ns
[2020-09-11T19:13:49.448+0000][1][safepoint    ] Safepoint "Cleanup", Time since last: 1014169625 ns, Reaching safepoint: 148586 ns, At safepoint: 8603 ns, Total: 157189 ns
[2020-09-11T19:13:50.756+0000][1][safepoint    ] Safepoint "Cleanup", Time since last: 1307839531 ns, Reaching safepoint: 152837 ns, At safepoint: 8345 ns, Total: 161182 ns
[2020-09-11T19:13:51.302+0000][1][safepoint    ] Safepoint "RevokeBias", Time since last: 544806226 ns, Reaching safepoint: 219536 ns, At safepoint: 196513 ns, Total: 416049 ns
[2020-09-11T19:13:52.445+0000][1][safepoint    ] Safepoint "Cleanup", Time since last: 1142602856 ns, Reaching safepoint: 344147 ns, At safepoint: 21566 ns, Total: 365713 ns
[2020-09-11T19:13:52.905+0000][1][safepoint    ] Safepoint "RevokeBias", Time since last: 460085892 ns, Reaching safepoint: 270790 ns, At safepoint: 293274 ns, Total: 564064 ns
[2020-09-11T19:13:53.366+0000][1][safepoint    ] Safepoint "RevokeBias", Time since last: 460718641 ns, Reaching safepoint: 105879 ns, At safepoint: 114239 ns, Total: 220118 ns
[2020-09-11T19:13:54.366+0000][1][safepoint    ] Safepoint "Cleanup", Time since last: 1000123559 ns, Reaching safepoint: 143560 ns, At safepoint: 6811 ns, Total: 150371 ns
[2020-09-11T19:13:55.367+0000][1][safepoint    ] Safepoint "Cleanup", Time since last: 1000148387 ns, Reaching safepoint: 127301 ns, At safepoint: 7656 ns, Total: 134957 ns
[2020-09-11T19:13:56.367+0000][1][safepoint    ] Safepoint "Cleanup", Time since last: 1000158148 ns, Reaching safepoint: 141359 ns, At safepoint: 9124 ns, Total: 150483 ns
[2020-09-11T19:13:57.367+0000][1][safepoint    ] Safepoint "Cleanup", Time since last: 1000122101 ns, Reaching safepoint: 132656 ns, At safepoint: 6600 ns, Total: 139256 ns
[2020-09-11T19:13:58.368+0000][1][safepoint    ] Safepoint "Cleanup", Time since last: 1000190842 ns, Reaching safepoint: 260165 ns, At safepoint: 18693 ns, Total: 278858 ns
[2020-09-11T19:13:59.368+0000][1][safepoint    ] Safepoint "Cleanup", Time since last: 1000231411 ns, Reaching safepoint: 163869 ns, At safepoint: 7709 ns, Total: 171578 ns
[2020-09-11T19:14:00.008+0000][1][safepoint    ] Safepoint "RevokeBias", Time since last: 639769487 ns, Reaching safepoint: 164367 ns, At safepoint: 129864 ns, Total: 294231 ns
[2020-09-11T19:14:01.008+0000][1][safepoint    ] Safepoint "Cleanup", Time since last: 1000145833 ns, Reaching safepoint: 169393 ns, At safepoint: 7971 ns, Total: 177364 ns
[2020-09-11T19:14:01.993+0000][1][safepoint    ] Safepoint "RevokeBias", Time since last: 983559582 ns, Reaching safepoint: 243380 ns, At safepoint: 372606 ns, Total: 615986 ns
[2020-09-11T19:14:02.369+0000][1][safepoint    ] Safepoint "RevokeBias", Time since last: 375827213 ns, Reaching safepoint: 100590 ns, At safepoint: 22752 ns, Total: 123342 ns
[2020-09-11T19:14:03.369+0000][1][safepoint    ] Safepoint "Cleanup", Time since last: 1000180407 ns, Reaching safepoint: 114289 ns, At safepoint: 8133 ns, Total: 122422 ns
[2020-09-11T19:14:04.369+0000][1][safepoint    ] Safepoint "Cleanup", Time since last: 1000157639 ns, Reaching safepoint: 144493 ns, At safepoint: 10827 ns, Total: 155320 ns
[2020-09-11T19:14:05.370+0000][1][safepoint    ] Safepoint "Cleanup", Time since last: 1000147998 ns, Reaching safepoint: 164988 ns, At safepoint: 17430 ns, Total: 182418 ns
[2020-09-11T19:14:06.370+0000][1][safepoint    ] Safepoint "Cleanup", Time since last: 1000211996 ns, Reaching safepoint: 169544 ns, At safepoint: 20330 ns, Total: 189874 ns
[2020-09-11T19:14:07.082+0000][1][safepoint    ] Safepoint "RevokeBias", Time since last: 711640437 ns, Reaching safepoint: 95749 ns, At safepoint: 22162 ns, Total: 117911 ns
[2020-09-11T19:14:08.082+0000][1][safepoint    ] Safepoint "Cleanup", Time since last: 1000112170 ns, Reaching safepoint: 87112 ns, At safepoint: 6690 ns, Total: 93802 ns
[2020-09-11T19:14:08.180+0000][1][gc,start     ] GC(327) Pause Young (Allocation Failure)
[2020-09-11T19:14:08.180+0000][1][gc,task      ] GC(327) Using 1 workers of 1 for evacuation
[2020-09-11T19:14:08.192+0000][1][gc,age       ] GC(327) Desired survivor size 4358144 bytes, new threshold 6 (max threshold 6)
[2020-09-11T19:14:08.192+0000][1][gc,age       ] GC(327) Age table with threshold 6 (max threshold 6)
[2020-09-11T19:14:08.192+0000][1][gc,age       ] GC(327) - age   1:     315552 bytes,     315552 total
[2020-09-11T19:14:08.192+0000][1][gc,age       ] GC(327) - age   2:     143400 bytes,     458952 total
[2020-09-11T19:14:08.192+0000][1][gc,age       ] GC(327) - age   3:     486640 bytes,     945592 total
[2020-09-11T19:14:08.192+0000][1][gc,age       ] GC(327) - age   4:      94576 bytes,    1040168 total
[2020-09-11T19:14:08.192+0000][1][gc,age       ] GC(327) - age   5:     157696 bytes,    1197864 total
[2020-09-11T19:14:08.192+0000][1][gc,age       ] GC(327) - age   6:      22088 bytes,    1219952 total
[2020-09-11T19:14:08.192+0000][1][gc,heap      ] GC(327) ParNew: 71013K->2707K(76672K)
[2020-09-11T19:14:08.192+0000][1][gc,heap      ] GC(327) CMS: 153620K->155303K(439104K)
[2020-09-11T19:14:08.192+0000][1][gc,metaspace ] GC(327) Metaspace: 97199K->97199K(1138688K)
[2020-09-11T19:14:08.192+0000][1][gc           ] GC(327) Pause Young (Allocation Failure) 219M->154M(503M) 12.640ms
[2020-09-11T19:14:08.192+0000][1][gc,cpu       ] GC(327) User=0.01s Sys=0.00s Real=0.01s
[2020-09-11T19:14:08.196+0000][1][safepoint    ] Safepoint "GenCollectForAllocation", Time since last: 97417592 ns, Reaching safepoint: 234323 ns, At safepoint: 16879310 ns, Total: 17113633 ns
[2020-09-11T19:14:08.561+0000][1][safepoint    ] Safepoint "RevokeBias", Time since last: 363973362 ns, Reaching safepoint: 82549 ns, At safepoint: 21828 ns, Total: 104377 ns
[2020-09-11T19:14:08.561+0000][1][safepoint    ] Safepoint "RevokeBias", Time since last: 58631 ns, Reaching safepoint: 29228 ns, At safepoint: 10962 ns, Total: 40190 ns
[2020-09-11T19:14:08.561+0000][1][safepoint    ] Safepoint "RevokeBias", Time since last: 28451 ns, Reaching safepoint: 27495 ns, At safepoint: 9496 ns, Total: 36991 ns
[2020-09-11T19:14:09.561+0000][1][safepoint    ] Safepoint "Cleanup", Time since last: 1000163411 ns, Reaching safepoint: 164979 ns, At safepoint: 7305 ns, Total: 172284 ns
[2020-09-11T19:14:10.146+0000][1][safepoint    ] Safepoint "RevokeBias", Time since last: 584782671 ns, Reaching safepoint: 83944 ns, At safepoint: 25405 ns, Total: 109349 ns
[2020-09-11T19:14:11.146+0000][1][safepoint    ] Safepoint "Cleanup", Time since last: 1000235217 ns, Reaching safepoint: 229161 ns, At safepoint: 19141 ns, Total: 248302 ns
[2020-09-11T19:14:11.203+0000][1][safepoint    ] Safepoint "RevokeBias", Time since last: 56091127 ns, Reaching safepoint: 91071 ns, At safepoint: 22197 ns, Total: 113268 ns
[2020-09-11T19:14:12.203+0000][1][safepoint    ] Safepoint "Cleanup", Time since last: 1000170390 ns, Reaching safepoint: 109600 ns, At safepoint: 7055 ns, Total: 116655 ns
[2020-09-11T19:14:13.203+0000][1][safepoint    ] Safepoint "Cleanup", Time since last: 1000138216 ns, Reaching safepoint: 148430 ns, At safepoint: 16608 ns, Total: 165038 ns
[2020-09-11T19:14:14.204+0000][1][safepoint    ] Safepoint "Cleanup", Time since last: 1000163926 ns, Reaching safepoint: 157103 ns, At safepoint: 14707 ns, Total: 171810 ns
[2020-09-11T19:14:15.204+0000][1][safepoint    ] Safepoint "Cleanup", Time since last: 1000155775 ns, Reaching safepoint: 155994 ns, At safepoint: 14544 ns, Total: 170538 ns
[2020-09-11T19:14:16.204+0000][1][safepoint    ] Safepoint "Cleanup", Time since last: 1000216278 ns, Reaching safepoint: 247068 ns, At safepoint: 15182 ns, Total: 262250 ns
[2020-09-11T19:14:17.919+0000][1][safepoint    ] Safepoint "RevokeBias", Time since last: 1714431560 ns, Reaching safepoint: 274087 ns, At safepoint: 72900 ns, Total: 346987 ns
[2020-09-11T19:14:20.603+0000][1][safepoint    ] Safepoint "RevokeBias", Time since last: 2683762653 ns, Reaching safepoint: 274521 ns, At safepoint: 50329 ns, Total: 324850 ns
[2020-09-11T19:14:21.447+0000][1][safepoint    ] Safepoint "RevokeBias", Time since last: 844027678 ns, Reaching safepoint: 216371 ns, At safepoint: 31687 ns, Total: 248058 ns
[2020-09-11T19:14:24.448+0000][1][safepoint    ] Safepoint "Cleanup", Time since last: 3000491993 ns, Reaching safepoint: 167730 ns, At safepoint: 8748 ns, Total: 176478 ns
[2020-09-11T19:14:27.715+0000][1][safepoint    ] Safepoint "RevokeBias", Time since last: 3266272127 ns, Reaching safepoint: 173492 ns, At safepoint: 48242 ns, Total: 221734 ns
[2020-09-11T19:14:28.148+0000][1][gc,start     ] GC(328) Pause Young (Allocation Failure)
[2020-09-11T19:14:28.148+0000][1][gc,task      ] GC(328) Using 1 workers of 1 for evacuation
[2020-09-11T19:14:28.157+0000][1][gc,age       ] GC(328) Desired survivor size 4358144 bytes, new threshold 6 (max threshold 6)
[2020-09-11T19:14:28.157+0000][1][gc,age       ] GC(328) Age table with threshold 6 (max threshold 6)
[2020-09-11T19:14:28.157+0000][1][gc,age       ] GC(328) - age   1:     212168 bytes,     212168 total
[2020-09-11T19:14:28.157+0000][1][gc,age       ] GC(328) - age   2:     116056 bytes,     328224 total
[2020-09-11T19:14:28.157+0000][1][gc,age       ] GC(328) - age   3:     139248 bytes,     467472 total
[2020-09-11T19:14:28.157+0000][1][gc,age       ] GC(328) - age   4:     484784 bytes,     952256 total
[2020-09-11T19:14:28.157+0000][1][gc,age       ] GC(328) - age   5:      93952 bytes,    1046208 total
[2020-09-11T19:14:28.157+0000][1][gc,age       ] GC(328) - age   6:     157696 bytes,    1203904 total
[2020-09-11T19:14:28.157+0000][1][gc,heap      ] GC(328) ParNew: 70867K->2247K(76672K)
[2020-09-11T19:14:28.157+0000][1][gc,heap      ] GC(328) CMS: 155303K->155325K(439104K)
[2020-09-11T19:14:28.157+0000][1][gc,metaspace ] GC(328) Metaspace: 97204K->97204K(1138688K)
[2020-09-11T19:14:28.157+0000][1][gc           ] GC(328) Pause Young (Allocation Failure) 220M->153M(503M) 9.117ms
[2020-09-11T19:14:28.157+0000][1][gc,cpu       ] GC(328) User=0.00s Sys=0.00s Real=0.01s
[2020-09-11T19:14:28.157+0000][1][safepoint    ] Safepoint "GenCollectForAllocation", Time since last: 432818144 ns, Reaching safepoint: 178495 ns, At safepoint: 9191272 ns, Total: 9369767 ns
[2020-09-11T19:14:30.331+0000][1][safepoint    ] Safepoint "RevokeBias", Time since last: 2173758085 ns, Reaching safepoint: 207685 ns, At safepoint: 22739 ns, Total: 230424 ns
[2020-09-11T19:14:31.331+0000][1][safepoint    ] Safepoint "Cleanup", Time since last: 1000149194 ns, Reaching safepoint: 130173 ns, At safepoint: 6297 ns, Total: 136470 ns
[2020-09-11T19:14:31.608+0000][1][safepoint    ] Safepoint "RevokeBias", Time since last: 276341157 ns, Reaching safepoint: 172323 ns, At safepoint: 25847 ns, Total: 198170 ns
[2020-09-11T19:14:37.638+0000][1][safepoint    ] Safepoint "RevokeBias", Time since last: 6030709783 ns, Reaching safepoint: 94371 ns, At safepoint: 21939 ns, Total: 116310 ns
[2020-09-11T19:14:41.099+0000][1][safepoint    ] Safepoint "RevokeBias", Time since last: 3460482947 ns, Reaching safepoint: 177062 ns, At safepoint: 48384 ns, Total: 225446 ns
[2020-09-11T19:14:41.201+0000][1][safepoint    ] Safepoint "RevokeBias", Time since last: 101833810 ns, Reaching safepoint: 172568 ns, At safepoint: 48909 ns, Total: 221477 ns
[2020-09-11T19:14:48.039+0000][1][safepoint    ] Safepoint "RevokeBias", Time since last: 6837660322 ns, Reaching safepoint: 200991 ns, At safepoint: 139667 ns, Total: 340658 ns
[2020-09-11T19:14:48.183+0000][1][gc,start     ] GC(329) Pause Young (Allocation Failure)
[2020-09-11T19:14:48.183+0000][1][gc,task      ] GC(329) Using 1 workers of 1 for evacuation
[2020-09-11T19:14:48.188+0000][1][gc,age       ] GC(329) Desired survivor size 4358144 bytes, new threshold 6 (max threshold 6)
[2020-09-11T19:14:48.188+0000][1][gc,age       ] GC(329) Age table with threshold 6 (max threshold 6)
[2020-09-11T19:14:48.188+0000][1][gc,age       ] GC(329) - age   1:     621904 bytes,     621904 total
[2020-09-11T19:14:48.189+0000][1][gc,age       ] GC(329) - age   2:     160696 bytes,     782600 total
[2020-09-11T19:14:48.189+0000][1][gc,age       ] GC(329) - age   3:     113696 bytes,     896296 total
[2020-09-11T19:14:48.189+0000][1][gc,age       ] GC(329) - age   4:     139248 bytes,    1035544 total
[2020-09-11T19:14:48.189+0000][1][gc,age       ] GC(329) - age   5:     484472 bytes,    1520016 total
[2020-09-11T19:14:48.189+0000][1][gc,age       ] GC(329) - age   6:      93952 bytes,    1613968 total
[2020-09-11T19:14:48.189+0000][1][gc,heap      ] GC(329) ParNew: 70407K->2273K(76672K)
[2020-09-11T19:14:48.189+0000][1][gc,heap      ] GC(329) CMS: 155325K->155479K(439104K)
[2020-09-11T19:14:48.189+0000][1][gc,metaspace ] GC(329) Metaspace: 97204K->97204K(1138688K)
[2020-09-11T19:14:48.189+0000][1][gc           ] GC(329) Pause Young (Allocation Failure) 220M->154M(503M) 5.616ms
[2020-09-11T19:14:48.189+0000][1][gc,cpu       ] GC(329) User=0.01s Sys=0.00s Real=0.01s
[2020-09-11T19:14:48.189+0000][1][safepoint    ] Safepoint "GenCollectForAllocation", Time since last: 143534471 ns, Reaching safepoint: 199841 ns, At safepoint: 5683454 ns, Total: 5883295 ns
[2020-09-11T19:14:51.526+0000][1][safepoint    ] Safepoint "RevokeBias", Time since last: 3337181802 ns, Reaching safepoint: 85254 ns, At safepoint: 21362 ns, Total: 106616 ns
[2020-09-11T19:14:52.337+0000][1][safepoint    ] Safepoint "RevokeBias", Time since last: 810985762 ns, Reaching safepoint: 131100 ns, At safepoint: 30688 ns, Total: 161788 ns
[2020-09-11T19:14:54.338+0000][1][safepoint    ] Safepoint "Cleanup", Time since last: 2000276982 ns, Reaching safepoint: 147673 ns, At safepoint: 8431 ns, Total: 156104 ns
[2020-09-11T19:14:55.338+0000][1][safepoint    ] Safepoint "Cleanup", Time since last: 1000147127 ns, Reaching safepoint: 124762 ns, At safepoint: 6512 ns, Total: 131274 ns
[2020-09-11T19:14:56.568+0000][1][safepoint    ] Safepoint "Cleanup", Time since last: 1229859802 ns, Reaching safepoint: 116918 ns, At safepoint: 7216 ns, Total: 124134 ns
[2020-09-11T19:14:57.568+0000][1][safepoint    ] Safepoint "Cleanup", Time since last: 1000137719 ns, Reaching safepoint: 200306 ns, At safepoint: 8590 ns, Total: 208896 ns
[2020-09-11T19:14:58.568+0000][1][safepoint    ] Safepoint "Cleanup", Time since last: 1000148769 ns, Reaching safepoint: 81963 ns, At safepoint: 5922 ns, Total: 87885 ns
[2020-09-11T19:14:58.642+0000][1][gc,start     ] GC(330) Pause Young (Allocation Failure)
[2020-09-11T19:14:58.717+0000][1][gc,task      ] GC(330) Using 1 workers of 1 for evacuation
[2020-09-11T19:14:58.722+0000][1][gc,age       ] GC(330) Desired survivor size 4358144 bytes, new threshold 6 (max threshold 6)
[2020-09-11T19:14:59.172+0000][1][gc,age       ] GC(330) Age table with threshold 6 (max threshold 6)
[2020-09-11T19:14:59.172+0000][1][gc,age       ] GC(330) - age   1:     123312 bytes,     123312 total
[2020-09-11T19:14:59.172+0000][1][gc,age       ] GC(330) - age   2:     580368 bytes,     703680 total
[2020-09-11T19:14:59.172+0000][1][gc,age       ] GC(330) - age   3:     155568 bytes,     859248 total
[2020-09-11T19:14:59.172+0000][1][gc,age       ] GC(330) - age   4:     113600 bytes,     972848 total
[2020-09-11T19:14:59.172+0000][1][gc,age       ] GC(330) - age   5:     138624 bytes,    1111472 total
[2020-09-11T19:14:59.172+0000][1][gc,age       ] GC(330) - age   6:     484472 bytes,    1595944 total
[2020-09-11T19:14:59.172+0000][1][gc,heap      ] GC(330) ParNew: 70433K->2562K(76672K)
[2020-09-11T19:14:59.172+0000][1][gc,heap      ] GC(330) CMS: 155479K->155571K(439104K)
[2020-09-11T19:14:59.172+0000][1][gc,metaspace ] GC(330) Metaspace: 97204K->97204K(1138688K)
[2020-09-11T19:14:59.172+0000][1][gc           ] GC(330) Pause Young (Allocation Failure) 220M->154M(503M) 530.470ms
[2020-09-11T19:14:59.172+0000][1][gc,cpu       ] GC(330) User=0.01s Sys=0.00s Real=0.53s
[2020-09-11T19:14:59.183+0000][1][safepoint    ] Safepoint "GenCollectForAllocation", Time since last: 73336252 ns, Reaching safepoint: 153826 ns, At safepoint: 541421465 ns, Total: 541575291 ns
[2020-09-11T19:14:59.187+0000][1][safepoint    ] Safepoint "RevokeBias", Time since last: 3134588 ns, Reaching safepoint: 119987 ns, At safepoint: 139834 ns, Total: 259821 ns
[2020-09-11T19:15:00.192+0000][1][safepoint    ] Safepoint "Cleanup", Time since last: 1004925009 ns, Reaching safepoint: 180980 ns, At safepoint: 8263 ns, Total: 189243 ns
[2020-09-11T19:15:01.062+0000][1][safepoint    ] Safepoint "BulkRevokeBias", Time since last: 869613160 ns, Reaching safepoint: 91693 ns, At safepoint: 227415 ns, Total: 319108 ns
[2020-09-11T19:15:01.843+0000][1][safepoint    ] Safepoint "RevokeBias", Time since last: 781471948 ns, Reaching safepoint: 174590 ns, At safepoint: 46352 ns, Total: 220942 ns
[2020-09-11T19:15:02.844+0000][1][safepoint    ] Safepoint "Cleanup", Time since last: 1000189425 ns, Reaching safepoint: 161005 ns, At safepoint: 15646 ns, Total: 176651 ns
[2020-09-11T19:15:03.844+0000][1][safepoint    ] Safepoint "Cleanup", Time since last: 1000217937 ns, Reaching safepoint: 117177 ns, At safepoint: 8013 ns, Total: 125190 ns
[2020-09-11T19:15:04.844+0000][1][safepoint    ] Safepoint "Cleanup", Time since last: 1000109058 ns, Reaching safepoint: 86788 ns, At safepoint: 5877 ns, Total: 92665 ns
[2020-09-11T19:15:05.845+0000][1][safepoint    ] Safepoint "Cleanup", Time since last: 1000169665 ns, Reaching safepoint: 219382 ns, At safepoint: 18749 ns, Total: 238131 ns
[2020-09-11T19:15:06.845+0000][1][safepoint    ] Safepoint "Cleanup", Time since last: 1000182572 ns, Reaching safepoint: 254495 ns, At safepoint: 20681 ns, Total: 275176 ns
[2020-09-11T19:15:07.486+0000][1][safepoint    ] Safepoint "RevokeBias", Time since last: 640405635 ns, Reaching safepoint: 93634 ns, At safepoint: 21831 ns, Total: 115465 ns
[2020-09-11T19:15:08.486+0000][1][safepoint    ] Safepoint "Cleanup", Time since last: 1000157638 ns, Reaching safepoint: 172411 ns, At safepoint: 19388 ns, Total: 191799 ns
[2020-09-11T19:15:09.629+0000][1][safepoint    ] Safepoint "Cleanup", Time since last: 1142598750 ns, Reaching safepoint: 113368 ns, At safepoint: 6554 ns, Total: 119922 ns
[2020-09-11T19:15:10.074+0000][1][safepoint    ] Safepoint "RevokeBias", Time since last: 444921744 ns, Reaching safepoint: 112139 ns, At safepoint: 22758 ns, Total: 134897 ns
[2020-09-11T19:15:11.075+0000][1][safepoint    ] Safepoint "Cleanup", Time since last: 1000143432 ns, Reaching safepoint: 535568 ns, At safepoint: 19485 ns, Total: 555053 ns
[2020-09-11T19:15:12.075+0000][1][safepoint    ] Safepoint "Cleanup", Time since last: 1000116103 ns, Reaching safepoint: 79909 ns, At safepoint: 6833 ns, Total: 86742 ns
[2020-09-11T19:15:12.290+0000][1][safepoint    ] Safepoint "RevokeBias", Time since last: 215633232 ns, Reaching safepoint: 94062 ns, At safepoint: 22754 ns, Total: 116816 ns
[2020-09-11T19:15:13.291+0000][1][safepoint    ] Safepoint "Cleanup", Time since last: 1000176769 ns, Reaching safepoint: 158402 ns, At safepoint: 18462 ns, Total: 176864 ns
[2020-09-11T19:15:14.291+0000][1][safepoint    ] Safepoint "Cleanup", Time since last: 1000211835 ns, Reaching safepoint: 163624 ns, At safepoint: 19067 ns, Total: 182691 ns
[2020-09-11T19:15:15.292+0000][1][safepoint    ] Safepoint "Cleanup", Time since last: 1000177442 ns, Reaching safepoint: 130732 ns, At safepoint: 7028 ns, Total: 137760 ns
[2020-09-11T19:15:16.421+0000][1][safepoint    ] Safepoint "Cleanup", Time since last: 1128904529 ns, Reaching safepoint: 138710 ns, At safepoint: 7466 ns, Total: 146176 ns
[2020-09-11T19:15:17.160+0000][1][safepoint    ] Safepoint "RevokeBias", Time since last: 738931601 ns, Reaching safepoint: 88971 ns, At safepoint: 22262 ns, Total: 111233 ns
[2020-09-11T19:15:18.160+0000][1][safepoint    ] Safepoint "Cleanup", Time since last: 1000126012 ns, Reaching safepoint: 90137 ns, At safepoint: 8825 ns, Total: 98962 ns
[2020-09-11T19:15:19.160+0000][1][safepoint    ] Safepoint "Cleanup", Time since last: 1000173108 ns, Reaching safepoint: 171360 ns, At safepoint: 9748 ns, Total: 181108 ns
[2020-09-11T19:15:19.679+0000][1][gc,start     ] GC(331) Pause Young (Allocation Failure)
[2020-09-11T19:15:19.679+0000][1][gc,task      ] GC(331) Using 1 workers of 1 for evacuation
[2020-09-11T19:15:19.689+0000][1][gc,age       ] GC(331) Desired survivor size 4358144 bytes, new threshold 6 (max threshold 6)
[2020-09-11T19:15:19.689+0000][1][gc,age       ] GC(331) Age table with threshold 6 (max threshold 6)
[2020-09-11T19:15:19.689+0000][1][gc,age       ] GC(331) - age   1:     368240 bytes,     368240 total
[2020-09-11T19:15:19.689+0000][1][gc,age       ] GC(331) - age   2:      10608 bytes,     378848 total
[2020-09-11T19:15:19.689+0000][1][gc,age       ] GC(331) - age   3:     571896 bytes,     950744 total
[2020-09-11T19:15:19.689+0000][1][gc,age       ] GC(331) - age   4:     149488 bytes,    1100232 total
[2020-09-11T19:15:19.689+0000][1][gc,age       ] GC(331) - age   5:     112168 bytes,    1212400 total
[2020-09-11T19:15:19.689+0000][1][gc,age       ] GC(331) - age   6:     138008 bytes,    1350408 total
[2020-09-11T19:15:19.689+0000][1][gc,heap      ] GC(331) ParNew: 70722K->1489K(76672K)
[2020-09-11T19:15:19.689+0000][1][gc,heap      ] GC(331) CMS: 155571K->156044K(439104K)
[2020-09-11T19:15:19.689+0000][1][gc,metaspace ] GC(331) Metaspace: 97219K->97219K(1138688K)
[2020-09-11T19:15:19.689+0000][1][gc           ] GC(331) Pause Young (Allocation Failure) 220M->153M(503M) 9.806ms
[2020-09-11T19:15:19.689+0000][1][gc,cpu       ] GC(331) User=0.01s Sys=0.00s Real=0.01s
[2020-09-11T19:15:19.689+0000][1][safepoint    ] Safepoint "GenCollectForAllocation", Time since last: 518583905 ns, Reaching safepoint: 192692 ns, At safepoint: 10468696 ns, Total: 10661388 ns
[2020-09-11T19:15:20.694+0000][1][safepoint    ] Safepoint "Cleanup", Time since last: 1004096305 ns, Reaching safepoint: 80982 ns, At safepoint: 6769 ns, Total: 87751 ns
[2020-09-11T19:15:20.702+0000][1][safepoint    ] Safepoint "RevokeBias", Time since last: 8422797 ns, Reaching safepoint: 164656 ns, At safepoint: 22627 ns, Total: 187283 ns
[2020-09-11T19:15:21.438+0000][1][safepoint    ] Safepoint "RevokeBias", Time since last: 735011801 ns, Reaching safepoint: 216836 ns, At safepoint: 24122 ns, Total: 240958 ns
[2020-09-11T19:15:22.438+0000][1][safepoint    ] Safepoint "Cleanup", Time since last: 1000137469 ns, Reaching safepoint: 129497 ns, At safepoint: 8211 ns, Total: 137708 ns
[2020-09-11T19:15:23.438+0000][1][safepoint    ] Safepoint "Cleanup", Time since last: 1000145791 ns, Reaching safepoint: 137458 ns, At safepoint: 8079 ns, Total: 145537 ns
[2020-09-11T19:15:24.438+0000][1][safepoint    ] Safepoint "Cleanup", Time since last: 1000161953 ns, Reaching safepoint: 186792 ns, At safepoint: 9967 ns, Total: 196759 ns
[2020-09-11T19:15:25.439+0000][1][safepoint    ] Safepoint "Cleanup", Time since last: 1000203941 ns, Reaching safepoint: 212720 ns, At safepoint: 20691 ns, Total: 233411 ns
[2020-09-11T19:15:26.439+0000][1][safepoint    ] Safepoint "Cleanup", Time since last: 1000193528 ns, Reaching safepoint: 214931 ns, At safepoint: 17671 ns, Total: 232602 ns
[2020-09-11T19:15:27.440+0000][1][safepoint    ] Safepoint "Cleanup", Time since last: 1000260237 ns, Reaching safepoint: 281638 ns, At safepoint: 25882 ns, Total: 307520 ns
[2020-09-11T19:15:28.067+0000][1][safepoint    ] Safepoint "RevokeBias", Time since last: 626389055 ns, Reaching safepoint: 246550 ns, At safepoint: 122160 ns, Total: 368710 ns
[2020-09-11T19:15:29.067+0000][1][safepoint    ] Safepoint "Cleanup", Time since last: 1000173028 ns, Reaching safepoint: 120314 ns, At safepoint: 8556 ns, Total: 128870 ns
[2020-09-11T19:15:30.067+0000][1][safepoint    ] Safepoint "Cleanup", Time since last: 1000171526 ns, Reaching safepoint: 243678 ns, At safepoint: 20143 ns, Total: 263821 ns
[2020-09-11T19:15:31.068+0000][1][safepoint    ] Safepoint "Cleanup", Time since last: 1000280762 ns, Reaching safepoint: 224645 ns, At safepoint: 23520 ns, Total: 248165 ns
[2020-09-11T19:15:32.069+0000][1][safepoint    ] Safepoint "Cleanup", Time since last: 1000337550 ns, Reaching safepoint: 271976 ns, At safepoint: 25669 ns, Total: 297645 ns
[2020-09-11T19:15:32.179+0000][1][safepoint    ] Safepoint "RevokeBias", Time since last: 110162594 ns, Reaching safepoint: 170261 ns, At safepoint: 58339 ns, Total: 228600 ns
[2020-09-11T19:15:32.232+0000][1][safepoint    ] Safepoint "RevokeBias", Time since last: 52725275 ns, Reaching safepoint: 190586 ns, At safepoint: 51524 ns, Total: 242110 ns
[2020-09-11T19:15:33.232+0000][1][safepoint    ] Safepoint "Cleanup", Time since last: 1000262581 ns, Reaching safepoint: 145900 ns, At safepoint: 16612 ns, Total: 162512 ns
[2020-09-11T19:15:34.233+0000][1][safepoint    ] Safepoint "Cleanup", Time since last: 1000156792 ns, Reaching safepoint: 147026 ns, At safepoint: 14774 ns, Total: 161800 ns
[2020-09-11T19:15:35.233+0000][1][safepoint    ] Safepoint "Cleanup", Time since last: 1000259561 ns, Reaching safepoint: 159184 ns, At safepoint: 18837 ns, Total: 178021 ns
[2020-09-11T19:15:36.233+0000][1][safepoint    ] Safepoint "Cleanup", Time since last: 1000171016 ns, Reaching safepoint: 206108 ns, At safepoint: 17440 ns, Total: 223548 ns
[2020-09-11T19:15:37.234+0000][1][safepoint    ] Safepoint "Cleanup", Time since last: 1000158285 ns, Reaching safepoint: 173281 ns, At safepoint: 7758 ns, Total: 181039 ns
[2020-09-11T19:15:38.162+0000][1][safepoint    ] Safepoint "RevokeBias", Time since last: 927645398 ns, Reaching safepoint: 93627 ns, At safepoint: 22871 ns, Total: 116498 ns
[2020-09-11T19:15:38.470+0000][1][gc,start     ] GC(332) Pause Young (Allocation Failure)
[2020-09-11T19:15:38.470+0000][1][gc,task      ] GC(332) Using 1 workers of 1 for evacuation
[2020-09-11T19:15:38.476+0000][1][gc,age       ] GC(332) Desired survivor size 4358144 bytes, new threshold 6 (max threshold 6)
[2020-09-11T19:15:38.476+0000][1][gc,age       ] GC(332) Age table with threshold 6 (max threshold 6)
[2020-09-11T19:15:38.476+0000][1][gc,age       ] GC(332) - age   1:     122416 bytes,     122416 total
[2020-09-11T19:15:38.476+0000][1][gc,age       ] GC(332) - age   2:     223208 bytes,     345624 total
[2020-09-11T19:15:38.476+0000][1][gc,age       ] GC(332) - age   3:       5576 bytes,     351200 total
[2020-09-11T19:15:38.476+0000][1][gc,age       ] GC(332) - age   4:     571088 bytes,     922288 total
[2020-09-11T19:15:38.476+0000][1][gc,age       ] GC(332) - age   5:     148248 bytes,    1070536 total
[2020-09-11T19:15:38.476+0000][1][gc,age       ] GC(332) - age   6:     110928 bytes,    1181464 total
[2020-09-11T19:15:38.476+0000][1][gc,heap      ] GC(332) ParNew: 69649K->1361K(76672K)
[2020-09-11T19:15:38.476+0000][1][gc,heap      ] GC(332) CMS: 156044K->156180K(439104K)
[2020-09-11T19:15:38.476+0000][1][gc,metaspace ] GC(332) Metaspace: 97219K->97219K(1138688K)
[2020-09-11T19:15:38.476+0000][1][gc           ] GC(332) Pause Young (Allocation Failure) 220M->153M(503M) 6.875ms
[2020-09-11T19:15:38.476+0000][1][gc,cpu       ] GC(332) User=0.01s Sys=0.00s Real=0.01s
[2020-09-11T19:15:38.476+0000][1][safepoint    ] Safepoint "GenCollectForAllocation", Time since last: 307835018 ns, Reaching safepoint: 157214 ns, At safepoint: 6940099 ns, Total: 7097313 ns
[2020-09-11T19:15:39.480+0000][1][safepoint    ] Safepoint "Cleanup", Time since last: 1003647680 ns, Reaching safepoint: 161884 ns, At safepoint: 8873 ns, Total: 170757 ns
[2020-09-11T19:15:40.481+0000][1][safepoint    ] Safepoint "Cleanup", Time since last: 1000176367 ns, Reaching safepoint: 188742 ns, At safepoint: 15536 ns, Total: 204278 ns
[2020-09-11T19:15:40.629+0000][1][safepoint    ] Safepoint "RevokeBias", Time since last: 148104065 ns, Reaching safepoint: 277846 ns, At safepoint: 65413 ns, Total: 343259 ns
[2020-09-11T19:15:40.953+0000][1][safepoint    ] Safepoint "RevokeBias", Time since last: 323877052 ns, Reaching safepoint: 90949 ns, At safepoint: 22539 ns, Total: 113488 ns
[2020-09-11T19:15:41.953+0000][1][safepoint    ] Safepoint "Cleanup", Time since last: 1000173613 ns, Reaching safepoint: 107603 ns, At safepoint: 8244 ns, Total: 115847 ns
[2020-09-11T19:15:42.954+0000][1][safepoint    ] Safepoint "Cleanup", Time since last: 1000160854 ns, Reaching safepoint: 163411 ns, At safepoint: 14967 ns, Total: 178378 ns
[2020-09-11T19:15:43.954+0000][1][safepoint    ] Safepoint "Cleanup", Time since last: 1000212351 ns, Reaching safepoint: 111988 ns, At safepoint: 7392 ns, Total: 119380 ns
[2020-09-11T19:15:44.954+0000][1][safepoint    ] Safepoint "Cleanup", Time since last: 1000149880 ns, Reaching safepoint: 123543 ns, At safepoint: 6862 ns, Total: 130405 ns
[2020-09-11T19:15:45.955+0000][1][safepoint    ] Safepoint "Cleanup", Time since last: 1000152361 ns, Reaching safepoint: 130944 ns, At safepoint: 9747 ns, Total: 140691 ns
[2020-09-11T22:13:00.977+0000][1][safepoint    ] Safepoint "Cleanup", Time since last: 1805615985 ns, Reaching safepoint: 120913 ns, At safepoint: 11887 ns, Total: 132800 ns
[2020-09-11T19:15:47.902+0000][1][safepoint    ] Safepoint "RevokeBias", Time since last: 139414568 ns, Reaching safepoint: 94218 ns, At safepoint: 40822 ns, Total: 135040 ns
[2020-09-11T19:15:48.543+0000][1][safepoint    ] Safepoint "RevokeBias", Time since last: 640967195 ns, Reaching safepoint: 85036 ns, At safepoint: 21635 ns, Total: 106671 ns
[2020-09-11T19:15:49.543+0000][1][safepoint    ] Safepoint "Cleanup", Time since last: 1000241233 ns, Reaching safepoint: 80279 ns, At safepoint: 6066 ns, Total: 86345 ns
[2020-09-11T19:15:50.543+0000][1][safepoint    ] Safepoint "Cleanup", Time since last: 1000154846 ns, Reaching safepoint: 150151 ns, At safepoint: 16685 ns, Total: 166836 ns
[2020-09-11T19:15:50.853+0000][1][safepoint    ] Safepoint "RevokeBias", Time since last: 309881311 ns, Reaching safepoint: 102856 ns, At safepoint: 25902 ns, Total: 128758 ns
[2020-09-11T19:15:51.854+0000][1][safepoint    ] Safepoint "Cleanup", Time since last: 1000174621 ns, Reaching safepoint: 224474 ns, At safepoint: 16878 ns, Total: 241352 ns
[2020-09-11T19:15:52.854+0000][1][safepoint    ] Safepoint "Cleanup", Time since last: 1000196064 ns, Reaching safepoint: 125005 ns, At safepoint: 7810 ns, Total: 132815 ns
[2020-09-11T19:15:53.854+0000][1][safepoint    ] Safepoint "Cleanup", Time since last: 1000185186 ns, Reaching safepoint: 190721 ns, At safepoint: 8308 ns, Total: 199029 ns
[2020-09-11T19:15:54.855+0000][1][safepoint    ] Safepoint "Cleanup", Time since last: 1000202098 ns, Reaching safepoint: 166207 ns, At safepoint: 18128 ns, Total: 184335 ns
[2020-09-11T19:15:55.855+0000][1][safepoint    ] Safepoint "Cleanup", Time since last: 1000175355 ns, Reaching safepoint: 169915 ns, At safepoint: 17450 ns, Total: 187365 ns
[2020-09-11T19:15:56.859+0000][1][safepoint    ] Safepoint "Cleanup", Time since last: 1003569870 ns, Reaching safepoint: 163688 ns, At safepoint: 17150 ns, Total: 180838 ns
[2020-09-11T19:15:56.983+0000][1][gc,start     ] GC(333) Pause Young (Allocation Failure)
[2020-09-11T19:15:56.983+0000][1][gc,task      ] GC(333) Using 1 workers of 1 for evacuation
[2020-09-11T19:15:56.988+0000][1][gc,age       ] GC(333) Desired survivor size 4358144 bytes, new threshold 6 (max threshold 6)
[2020-09-11T19:15:56.988+0000][1][gc,age       ] GC(333) Age table with threshold 6 (max threshold 6)
[2020-09-11T19:15:56.988+0000][1][gc,age       ] GC(333) - age   1:     169816 bytes,     169816 total
[2020-09-11T19:15:56.988+0000][1][gc,age       ] GC(333) - age   2:      16608 bytes,     186424 total
[2020-09-11T19:15:56.988+0000][1][gc,age       ] GC(333) - age   3:     218024 bytes,     404448 total
[2020-09-11T19:15:56.988+0000][1][gc,age       ] GC(333) - age   4:       5480 bytes,     409928 total
[2020-09-11T19:15:56.988+0000][1][gc,age       ] GC(333) - age   5:     571088 bytes,     981016 total
[2020-09-11T19:15:56.988+0000][1][gc,age       ] GC(333) - age   6:     148248 bytes,    1129264 total
[2020-09-11T19:15:56.988+0000][1][gc,heap      ] GC(333) ParNew: 69521K->1205K(76672K)
[2020-09-11T19:15:56.988+0000][1][gc,heap      ] GC(333) CMS: 156180K->156288K(439104K)
[2020-09-11T19:15:56.988+0000][1][gc,metaspace ] GC(333) Metaspace: 97219K->97219K(1138688K)
[2020-09-11T19:15:56.988+0000][1][gc           ] GC(333) Pause Young (Allocation Failure) 220M->153M(503M) 5.120ms
[2020-09-11T19:15:56.988+0000][1][gc,cpu       ] GC(333) User=0.01s Sys=0.00s Real=0.01s
[2020-09-11T19:15:56.988+0000][1][safepoint    ] Safepoint "GenCollectForAllocation", Time since last: 123391509 ns, Reaching safepoint: 215135 ns, At safepoint: 5188487 ns, Total: 5403622 ns
[2020-09-11T19:15:57.797+0000][1][safepoint    ] Safepoint "RevokeBias", Time since last: 809211219 ns, Reaching safepoint: 88927 ns, At safepoint: 22648 ns, Total: 111575 ns
[2020-09-11T19:15:58.530+0000][1][safepoint    ] Safepoint "RevokeBias", Time since last: 732987222 ns, Reaching safepoint: 98364 ns, At safepoint: 24378 ns, Total: 122742 ns
[2020-09-11T19:15:59.530+0000][1][safepoint    ] Safepoint "Cleanup", Time since last: 1000166314 ns, Reaching safepoint: 105444 ns, At safepoint: 6935 ns, Total: 112379 ns
[2020-09-11T19:16:00.531+0000][1][safepoint    ] Safepoint "Cleanup", Time since last: 1000152770 ns, Reaching safepoint: 115792 ns, At safepoint: 7288 ns, Total: 123080 ns
[2020-09-11T19:16:00.926+0000][1][safepoint    ] Safepoint "RevokeBias", Time since last: 395437999 ns, Reaching safepoint: 203437 ns, At safepoint: 22839 ns, Total: 226276 ns
[2020-09-11T19:16:01.927+0000][1][safepoint    ] Safepoint "Cleanup", Time since last: 1000134019 ns, Reaching safepoint: 127222 ns, At safepoint: 7944 ns, Total: 135166 ns
[2020-09-11T19:16:02.927+0000][1][safepoint    ] Safepoint "Cleanup", Time since last: 1000186331 ns, Reaching safepoint: 162234 ns, At safepoint: 17694 ns, Total: 179928 ns
[2020-09-11T19:16:03.927+0000][1][safepoint    ] Safepoint "Cleanup", Time since last: 1000232681 ns, Reaching safepoint: 168706 ns, At safepoint: 19224 ns, Total: 187930 ns
[2020-09-11T19:16:04.928+0000][1][safepoint    ] Safepoint "Cleanup", Time since last: 1000247640 ns, Reaching safepoint: 114551 ns, At safepoint: 7026 ns, Total: 121577 ns
[2020-09-11T19:16:05.928+0000][1][safepoint    ] Safepoint "Cleanup", Time since last: 1000176255 ns, Reaching safepoint: 114764 ns, At safepoint: 7108 ns, Total: 121872 ns
[2020-09-11T19:16:06.929+0000][1][safepoint    ] Safepoint "Cleanup", Time since last: 1000187684 ns, Reaching safepoint: 161323 ns, At safepoint: 18656 ns, Total: 179979 ns
[2020-09-11T19:16:07.790+0000][1][safepoint    ] Safepoint "RevokeBias", Time since last: 861521428 ns, Reaching safepoint: 90815 ns, At safepoint: 21653 ns, Total: 112468 ns
[2020-09-11T19:16:08.522+0000][1][safepoint    ] Safepoint "RevokeBias", Time since last: 731584274 ns, Reaching safepoint: 86376 ns, At safepoint: 21591 ns, Total: 107967 ns
[2020-09-11T19:16:10.870+0000][1][safepoint    ] Safepoint "RevokeBias", Time since last: 2348219454 ns, Reaching safepoint: 213609 ns, At safepoint: 22568 ns, Total: 236177 ns
[2020-09-11T19:16:11.871+0000][1][safepoint    ] Safepoint "Cleanup", Time since last: 1000177631 ns, Reaching safepoint: 110940 ns, At safepoint: 6859 ns, Total: 117799 ns
[2020-09-11T19:16:17.791+0000][1][safepoint    ] Safepoint "RevokeBias", Time since last: 5919970226 ns, Reaching safepoint: 89768 ns, At safepoint: 21588 ns, Total: 111356 ns
[2020-09-11T19:16:18.471+0000][1][gc,start     ] GC(334) Pause Young (Allocation Failure)
[2020-09-11T19:16:18.471+0000][1][gc,task      ] GC(334) Using 1 workers of 1 for evacuation
[2020-09-11T19:16:18.479+0000][1][gc,age       ] GC(334) Desired survivor size 4358144 bytes, new threshold 6 (max threshold 6)
[2020-09-11T19:16:18.479+0000][1][gc,age       ] GC(334) Age table with threshold 6 (max threshold 6)
[2020-09-11T19:16:18.479+0000][1][gc,age       ] GC(334) - age   1:     112664 bytes,     112664 total
[2020-09-11T19:16:18.479+0000][1][gc,age       ] GC(334) - age   2:     120184 bytes,     232848 total
[2020-09-11T19:16:18.479+0000][1][gc,age       ] GC(334) - age   3:      11456 bytes,     244304 total
[2020-09-11T19:16:18.479+0000][1][gc,age       ] GC(334) - age   4:     212392 bytes,     456696 total
[2020-09-11T19:16:18.479+0000][1][gc,age       ] GC(334) - age   5:       5480 bytes,     462176 total
[2020-09-11T19:16:18.479+0000][1][gc,age       ] GC(334) - age   6:     571088 bytes,    1033264 total
[2020-09-11T19:16:18.479+0000][1][gc,heap      ] GC(334) ParNew: 69365K->1128K(76672K)
[2020-09-11T19:16:18.479+0000][1][gc,heap      ] GC(334) CMS: 156288K->156432K(439104K)
[2020-09-11T19:16:18.479+0000][1][gc,metaspace ] GC(334) Metaspace: 97220K->97220K(1138688K)
[2020-09-11T19:16:18.479+0000][1][gc           ] GC(334) Pause Young (Allocation Failure) 220M->153M(503M) 8.454ms
[2020-09-11T19:16:18.479+0000][1][gc,cpu       ] GC(334) User=0.00s Sys=0.00s Real=0.01s
[2020-09-11T19:16:18.481+0000][1][safepoint    ] Safepoint "GenCollectForAllocation", Time since last: 680214783 ns, Reaching safepoint: 84079 ns, At safepoint: 9628921 ns, Total: 9713000 ns
[2020-09-11T19:16:18.552+0000][1][safepoint    ] Safepoint "RevokeBias", Time since last: 70916051 ns, Reaching safepoint: 91549 ns, At safepoint: 22875 ns, Total: 114424 ns
[2020-09-11T19:16:20.902+0000][1][safepoint    ] Safepoint "RevokeBias", Time since last: 2350385585 ns, Reaching safepoint: 205681 ns, At safepoint: 23833 ns, Total: 229514 ns
[2020-09-11T19:16:27.825+0000][1][safepoint    ] Safepoint "RevokeBias", Time since last: 6922021866 ns, Reaching safepoint: 223975 ns, At safepoint: 23718 ns, Total: 247693 ns
[2020-09-11T19:16:28.513+0000][1][safepoint    ] Safepoint "BulkRevokeBias", Time since last: 687753481 ns, Reaching safepoint: 97185 ns, At safepoint: 281156 ns, Total: 378341 ns
[2020-09-11T19:16:30.872+0000][1][safepoint    ] Safepoint "RevokeBias", Time since last: 2358986176 ns, Reaching safepoint: 223285 ns, At safepoint: 23792 ns, Total: 247077 ns
[2020-09-11T19:16:37.806+0000][1][safepoint    ] Safepoint "RevokeBias", Time since last: 6934165232 ns, Reaching safepoint: 90092 ns, At safepoint: 21659 ns, Total: 111751 ns
[2020-09-11T19:16:38.330+0000][1][gc,start     ] GC(335) Pause Young (Allocation Failure)
[2020-09-11T19:16:38.330+0000][1][gc,task      ] GC(335) Using 1 workers of 1 for evacuation
[2020-09-11T19:16:38.338+0000][1][gc,age       ] GC(335) Desired survivor size 4358144 bytes, new threshold 6 (max threshold 6)
[2020-09-11T19:16:38.338+0000][1][gc,age       ] GC(335) Age table with threshold 6 (max threshold 6)
[2020-09-11T19:16:38.338+0000][1][gc,age       ] GC(335) - age   1:      59200 bytes,      59200 total
[2020-09-11T19:16:38.338+0000][1][gc,age       ] GC(335) - age   2:      57112 bytes,     116312 total
[2020-09-11T19:16:38.338+0000][1][gc,age       ] GC(335) - age   3:     117288 bytes,     233600 total
[2020-09-11T19:16:38.338+0000][1][gc,age       ] GC(335) - age   4:      11456 bytes,     245056 total
[2020-09-11T19:16:38.338+0000][1][gc,age       ] GC(335) - age   5:     212392 bytes,     457448 total
[2020-09-11T19:16:38.338+0000][1][gc,age       ] GC(335) - age   6:       3928 bytes,     461376 total
[2020-09-11T19:16:38.338+0000][1][gc,heap      ] GC(335) ParNew: 69288K->1038K(76672K)
[2020-09-11T19:16:38.338+0000][1][gc,heap      ] GC(335) CMS: 156432K->156990K(439104K)
[2020-09-11T19:16:38.338+0000][1][gc,metaspace ] GC(335) Metaspace: 97221K->97221K(1138688K)
[2020-09-11T19:16:38.338+0000][1][gc           ] GC(335) Pause Young (Allocation Failure) 220M->154M(503M) 7.679ms
[2020-09-11T19:16:38.338+0000][1][gc,cpu       ] GC(335) User=0.01s Sys=0.00s Real=0.01s
[2020-09-11T19:16:38.338+0000][1][safepoint    ] Safepoint "GenCollectForAllocation", Time since last: 523604739 ns, Reaching safepoint: 296369 ns, At safepoint: 7765700 ns, Total: 8062069 ns
[2020-09-11T19:16:38.520+0000][1][safepoint    ] Safepoint "RevokeBias", Time since last: 181730094 ns, Reaching safepoint: 88474 ns, At safepoint: 21906 ns, Total: 110380 ns
[2020-09-11T19:16:40.854+0000][1][safepoint    ] Safepoint "RevokeBias", Time since last: 2334172964 ns, Reaching safepoint: 209357 ns, At safepoint: 23196 ns, Total: 232553 ns
[2020-09-11T19:16:47.792+0000][1][safepoint    ] Safepoint "RevokeBias", Time since last: 6937568431 ns, Reaching safepoint: 91755 ns, At safepoint: 23996 ns, Total: 115751 ns
[2020-09-11T19:16:48.509+0000][1][safepoint    ] Safepoint "RevokeBias", Time since last: 716665586 ns, Reaching safepoint: 85416 ns, At safepoint: 22405 ns, Total: 107821 ns
[2020-09-11T19:16:50.890+0000][1][safepoint    ] Safepoint "RevokeBias", Time since last: 2381232409 ns, Reaching safepoint: 95327 ns, At safepoint: 21413 ns, Total: 116740 ns
[2020-09-11T19:16:51.890+0000][1][safepoint    ] Safepoint "Cleanup", Time since last: 1000128404 ns, Reaching safepoint: 164510 ns, At safepoint: 17681 ns, Total: 182191 ns
[2020-09-11T19:16:57.853+0000][1][safepoint    ] Safepoint "RevokeBias", Time since last: 5962284515 ns, Reaching safepoint: 284679 ns, At safepoint: 51035 ns, Total: 335714 ns
[2020-09-11T19:16:58.651+0000][1][gc,start     ] GC(336) Pause Young (Allocation Failure)
[2020-09-11T19:16:58.651+0000][1][gc,task      ] GC(336) Using 1 workers of 1 for evacuation
[2020-09-11T19:16:58.660+0000][1][gc,age       ] GC(336) Desired survivor size 4358144 bytes, new threshold 6 (max threshold 6)
[2020-09-11T19:16:58.660+0000][1][gc,age       ] GC(336) Age table with threshold 6 (max threshold 6)
[2020-09-11T19:16:58.660+0000][1][gc,age       ] GC(336) - age   1:     258184 bytes,     258184 total
[2020-09-11T19:16:58.660+0000][1][gc,age       ] GC(336) - age   2:       8784 bytes,     266968 total
[2020-09-11T19:16:58.660+0000][1][gc,age       ] GC(336) - age   3:      53800 bytes,     320768 total
[2020-09-11T19:16:58.660+0000][1][gc,age       ] GC(336) - age   4:     116576 bytes,     437344 total
[2020-09-11T19:16:58.660+0000][1][gc,age       ] GC(336) - age   5:       7112 bytes,     444456 total
[2020-09-11T19:16:58.660+0000][1][gc,age       ] GC(336) - age   6:     212392 bytes,     656848 total
[2020-09-11T19:16:58.660+0000][1][gc,heap      ] GC(336) ParNew: 69198K->857K(76672K)
[2020-09-11T19:16:58.660+0000][1][gc,heap      ] GC(336) CMS: 156990K->156993K(439104K)
[2020-09-11T19:16:58.660+0000][1][gc,metaspace ] GC(336) Metaspace: 97221K->97221K(1138688K)
[2020-09-11T19:16:58.660+0000][1][gc           ] GC(336) Pause Young (Allocation Failure) 220M->154M(503M) 9.096ms
[2020-09-11T19:16:58.660+0000][1][gc,cpu       ] GC(336) User=0.01s Sys=0.00s Real=0.01s
[2020-09-11T19:16:58.660+0000][1][safepoint    ] Safepoint "GenCollectForAllocation", Time since last: 797886061 ns, Reaching safepoint: 82570 ns, At safepoint: 9168232 ns, Total: 9250802 ns
[2020-09-11T19:16:58.707+0000][1][safepoint    ] Safepoint "RevokeBias", Time since last: 47350724 ns, Reaching safepoint: 88998 ns, At safepoint: 21751 ns, Total: 110749 ns
[2020-09-11T19:17:00.909+0000][1][safepoint    ] Safepoint "RevokeBias", Time since last: 2201818045 ns, Reaching safepoint: 90506 ns, At safepoint: 32446 ns, Total: 122952 ns
[2020-09-11T19:17:03.383+0000][1][safepoint    ] Safepoint "RevokeBias", Time since last: 2473045123 ns, Reaching safepoint: 200335 ns, At safepoint: 20789 ns, Total: 221124 ns
[2020-09-11T19:17:03.383+0000][1][safepoint    ] Safepoint "RevokeBias", Time since last: 118882 ns, Reaching safepoint: 155298 ns, At safepoint: 11911 ns, Total: 167209 ns
[2020-09-11T19:17:03.383+0000][1][safepoint    ] Safepoint "RevokeBias", Time since last: 41010 ns, Reaching safepoint: 153370 ns, At safepoint: 10378 ns, Total: 163748 ns
[2020-09-11T19:17:03.383+0000][1][safepoint    ] Safepoint "RevokeBias", Time since last: 47828 ns, Reaching safepoint: 31567 ns, At safepoint: 9223 ns, Total: 40790 ns
[2020-09-11T19:17:03.387+0000][1][safepoint    ] Safepoint "RevokeBias", Time since last: 4052994 ns, Reaching safepoint: 182906 ns, At safepoint: 19503 ns, Total: 202409 ns
[2020-09-11T19:17:03.390+0000][1][safepoint    ] Safepoint "RevokeBias", Time since last: 2633433 ns, Reaching safepoint: 202669 ns, At safepoint: 21605 ns, Total: 224274 ns
[2020-09-11T19:17:03.391+0000][1][safepoint    ] Safepoint "RevokeBias", Time since last: 258089 ns, Reaching safepoint: 180517 ns, At safepoint: 16563 ns, Total: 197080 ns
[2020-09-11T19:17:03.393+0000][1][safepoint    ] Safepoint "RevokeBias", Time since last: 2366134 ns, Reaching safepoint: 181092 ns, At safepoint: 19764 ns, Total: 200856 ns
[2020-09-11T19:17:03.394+0000][1][safepoint    ] Safepoint "RevokeBias", Time since last: 164976 ns, Reaching safepoint: 180059 ns, At safepoint: 16641 ns, Total: 196700 ns
[2020-09-11T19:17:03.795+0000][1][safepoint    ] Safepoint "RevokeBias", Time since last: 400872552 ns, Reaching safepoint: 553670 ns, At safepoint: 41836 ns, Total: 595506 ns
[2020-09-11T19:17:07.816+0000][1][safepoint    ] Safepoint "RevokeBias", Time since last: 4020681377 ns, Reaching safepoint: 85051 ns, At safepoint: 21791 ns, Total: 106842 ns
[2020-09-11T19:17:08.703+0000][1][safepoint    ] Safepoint "RevokeBias", Time since last: 887370353 ns, Reaching safepoint: 95498 ns, At safepoint: 21882 ns, Total: 117380 ns
[2020-09-11T19:17:10.880+0000][1][safepoint    ] Safepoint "RevokeBias", Time since last: 2176708982 ns, Reaching safepoint: 176127 ns, At safepoint: 50276 ns, Total: 226403 ns
[2020-09-11T19:17:11.441+0000][1][safepoint    ] Safepoint "RevokeBias", Time since last: 560793380 ns, Reaching safepoint: 231278 ns, At safepoint: 17876 ns, Total: 249154 ns
[2020-09-11T19:17:11.442+0000][1][safepoint    ] Safepoint "RevokeBias", Time since last: 61068 ns, Reaching safepoint: 187041 ns, At safepoint: 12416 ns, Total: 199457 ns
[2020-09-11T19:17:11.445+0000][1][safepoint    ] Safepoint "RevokeBias", Time since last: 3327344 ns, Reaching safepoint: 212481 ns, At safepoint: 17656 ns, Total: 230137 ns
[2020-09-11T19:17:11.455+0000][1][safepoint    ] Safepoint "RevokeBias", Time since last: 9723925 ns, Reaching safepoint: 90513 ns, At safepoint: 20772 ns, Total: 111285 ns
[2020-09-11T19:17:16.925+0000][1][safepoint    ] Safepoint "RevokeBias", Time since last: 5469821990 ns, Reaching safepoint: 173635 ns, At safepoint: 49888 ns, Total: 223523 ns
[2020-09-11T19:17:17.821+0000][1][safepoint    ] Safepoint "RevokeBias", Time since last: 895222808 ns, Reaching safepoint: 179114 ns, At safepoint: 45224 ns, Total: 224338 ns
[2020-09-11T19:17:18.531+0000][1][safepoint    ] Safepoint "RevokeBias", Time since last: 710679980 ns, Reaching safepoint: 95497 ns, At safepoint: 24006 ns, Total: 119503 ns
[2020-09-11T19:17:18.690+0000][1][gc,start     ] GC(337) Pause Young (Allocation Failure)
[2020-09-11T19:17:18.690+0000][1][gc,task      ] GC(337) Using 1 workers of 1 for evacuation
[2020-09-11T19:17:18.700+0000][1][gc,age       ] GC(337) Desired survivor size 4358144 bytes, new threshold 6 (max threshold 6)
[2020-09-11T19:17:18.700+0000][1][gc,age       ] GC(337) Age table with threshold 6 (max threshold 6)
[2020-09-11T19:17:18.700+0000][1][gc,age       ] GC(337) - age   1:    1987920 bytes,    1987920 total
[2020-09-11T19:17:18.700+0000][1][gc,age       ] GC(337) - age   2:     108072 bytes,    2095992 total
[2020-09-11T19:17:18.700+0000][1][gc,age       ] GC(337) - age   3:       8144 bytes,    2104136 total
[2020-09-11T19:17:18.700+0000][1][gc,age       ] GC(337) - age   4:      47760 bytes,    2151896 total
[2020-09-11T19:17:18.700+0000][1][gc,age       ] GC(337) - age   5:     115336 bytes,    2267232 total
[2020-09-11T19:17:18.700+0000][1][gc,age       ] GC(337) - age   6:       6800 bytes,    2274032 total
[2020-09-11T19:17:18.700+0000][1][gc,heap      ] GC(337) ParNew: 68994K->2353K(76672K)
[2020-09-11T19:17:18.701+0000][1][gc,heap      ] GC(337) CMS: 156993K->157201K(439104K)
[2020-09-11T19:17:18.701+0000][1][gc,metaspace ] GC(337) Metaspace: 97226K->97226K(1138688K)
[2020-09-11T19:17:18.701+0000][1][gc           ] GC(337) Pause Young (Allocation Failure) 220M->155M(503M) 11.014ms
[2020-09-11T19:17:18.701+0000][1][gc,cpu       ] GC(337) User=0.00s Sys=0.00s Real=0.01s
[2020-09-11T19:17:18.701+0000][1][safepoint    ] Safepoint "GenCollectForAllocation", Time since last: 156849168 ns, Reaching safepoint: 1297207 ns, At safepoint: 11081292 ns, Total: 12378499 ns
[2020-09-11T19:17:20.868+0000][1][safepoint    ] Safepoint "RevokeBias", Time since last: 2166853865 ns, Reaching safepoint: 92248 ns, At safepoint: 22453 ns, Total: 114701 ns
[2020-09-11T19:17:23.909+0000][1][safepoint    ] Safepoint "RevokeBias", Time since last: 3040929836 ns, Reaching safepoint: 94741 ns, At safepoint: 22648 ns, Total: 117389 ns
[2020-09-11T19:17:27.855+0000][1][safepoint    ] Safepoint "RevokeBias", Time since last: 3946194661 ns, Reaching safepoint: 186382 ns, At safepoint: 47452 ns, Total: 233834 ns
[2020-09-11T19:17:28.524+0000][1][safepoint    ] Safepoint "RevokeBias", Time since last: 668430389 ns, Reaching safepoint: 90820 ns, At safepoint: 24934 ns, Total: 115754 ns
[2020-09-11T19:17:29.524+0000][1][safepoint    ] Safepoint "Cleanup", Time since last: 1000140152 ns, Reaching safepoint: 169426 ns, At safepoint: 18104 ns, Total: 187530 ns
[2020-09-11T19:17:30.852+0000][1][safepoint    ] Safepoint "RevokeBias", Time since last: 1327791553 ns, Reaching safepoint: 88632 ns, At safepoint: 34083 ns, Total: 122715 ns
[2020-09-11T19:17:30.901+0000][1][safepoint    ] Safepoint "RevokeBias", Time since last: 49168321 ns, Reaching safepoint: 92325 ns, At safepoint: 22220 ns, Total: 114545 ns
[2020-09-11T19:17:37.801+0000][1][safepoint    ] Safepoint "RevokeBias", Time since last: 6900226281 ns, Reaching safepoint: 89941 ns, At safepoint: 21453 ns, Total: 111394 ns
[2020-09-11T19:17:38.527+0000][1][gc,start     ] GC(338) Pause Young (Allocation Failure)
[2020-09-11T19:17:38.527+0000][1][gc,task      ] GC(338) Using 1 workers of 1 for evacuation
[2020-09-11T19:17:38.532+0000][1][gc,age       ] GC(338) Desired survivor size 4358144 bytes, new threshold 6 (max threshold 6)
[2020-09-11T19:17:38.532+0000][1][gc,age       ] GC(338) Age table with threshold 6 (max threshold 6)
[2020-09-11T19:17:38.532+0000][1][gc,age       ] GC(338) - age   1:     205072 bytes,     205072 total
[2020-09-11T19:17:38.532+0000][1][gc,age       ] GC(338) - age   2:    1833112 bytes,    2038184 total
[2020-09-11T19:17:38.532+0000][1][gc,age       ] GC(338) - age   3:     102672 bytes,    2140856 total
[2020-09-11T19:17:38.532+0000][1][gc,age       ] GC(338) - age   4:       8144 bytes,    2149000 total
[2020-09-11T19:17:38.532+0000][1][gc,age       ] GC(338) - age   5:      47448 bytes,    2196448 total
[2020-09-11T19:17:38.532+0000][1][gc,age       ] GC(338) - age   6:     115336 bytes,    2311784 total
[2020-09-11T19:17:38.532+0000][1][gc,heap      ] GC(338) ParNew: 70513K->3625K(76672K)
[2020-09-11T19:17:38.532+0000][1][gc,heap      ] GC(338) CMS: 157201K->157208K(439104K)
[2020-09-11T19:17:38.532+0000][1][gc,metaspace ] GC(338) Metaspace: 97240K->97240K(1138688K)
[2020-09-11T19:17:38.532+0000][1][gc           ] GC(338) Pause Young (Allocation Failure) 222M->157M(503M) 5.829ms
[2020-09-11T19:17:38.533+0000][1][gc,cpu       ] GC(338) User=0.01s Sys=0.00s Real=0.00s
[2020-09-11T19:17:38.533+0000][1][safepoint    ] Safepoint "GenCollectForAllocation", Time since last: 724977061 ns, Reaching safepoint: 232244 ns, At safepoint: 5906449 ns, Total: 6138693 ns
[2020-09-11T19:17:38.571+0000][1][safepoint    ] Safepoint "RevokeBias", Time since last: 38003524 ns, Reaching safepoint: 89815 ns, At safepoint: 36565 ns, Total: 126380 ns
[2020-09-11T19:17:40.862+0000][1][safepoint    ] Safepoint "RevokeBias", Time since last: 2291055099 ns, Reaching safepoint: 100225 ns, At safepoint: 26156 ns, Total: 126381 ns
[2020-09-11T19:17:47.789+0000][1][safepoint    ] Safepoint "BulkRevokeBias", Time since last: 6926531877 ns, Reaching safepoint: 92454 ns, At safepoint: 246975 ns, Total: 339429 ns
[2020-09-11T19:17:48.529+0000][1][safepoint    ] Safepoint "RevokeBias", Time since last: 740325506 ns, Reaching safepoint: 91610 ns, At safepoint: 25163 ns, Total: 116773 ns
[2020-09-11T19:17:50.849+0000][1][safepoint    ] Safepoint "RevokeBias", Time since last: 2319979051 ns, Reaching safepoint: 90411 ns, At safepoint: 21555 ns, Total: 111966 ns
[2020-09-11T19:17:57.822+0000][1][safepoint    ] Safepoint "RevokeBias", Time since last: 6972146217 ns, Reaching safepoint: 390066 ns, At safepoint: 53892 ns, Total: 443958 ns
[2020-09-11T19:17:58.496+0000][1][gc,start     ] GC(339) Pause Young (Allocation Failure)
[2020-09-11T19:17:58.496+0000][1][gc,task      ] GC(339) Using 1 workers of 1 for evacuation
[2020-09-11T19:17:58.510+0000][1][gc,age       ] GC(339) Desired survivor size 4358144 bytes, new threshold 6 (max threshold 6)
[2020-09-11T19:17:58.510+0000][1][gc,age       ] GC(339) Age table with threshold 6 (max threshold 6)
[2020-09-11T19:17:58.510+0000][1][gc,age       ] GC(339) - age   1:     122608 bytes,     122608 total
[2020-09-11T19:17:58.510+0000][1][gc,age       ] GC(339) - age   2:      48072 bytes,     170680 total
[2020-09-11T19:17:58.510+0000][1][gc,age       ] GC(339) - age   3:    1831072 bytes,    2001752 total
[2020-09-11T19:17:58.510+0000][1][gc,age       ] GC(339) - age   4:     100752 bytes,    2102504 total
[2020-09-11T19:17:58.510+0000][1][gc,age       ] GC(339) - age   5:       6904 bytes,    2109408 total
[2020-09-11T19:17:58.510+0000][1][gc,age       ] GC(339) - age   6:      47448 bytes,    2156856 total
[2020-09-11T19:17:58.510+0000][1][gc,heap      ] GC(339) ParNew: 71785K->2146K(76672K)
[2020-09-11T19:17:58.510+0000][1][gc,heap      ] GC(339) CMS: 157208K->157320K(439104K)
[2020-09-11T19:17:58.510+0000][1][gc,metaspace ] GC(339) Metaspace: 97242K->97242K(1138688K)
[2020-09-11T19:17:58.510+0000][1][gc           ] GC(339) Pause Young (Allocation Failure) 223M->155M(503M) 13.658ms
[2020-09-11T19:17:58.510+0000][1][gc,cpu       ] GC(339) User=0.00s Sys=0.00s Real=0.02s
[2020-09-11T19:17:58.510+0000][1][safepoint    ] Safepoint "GenCollectForAllocation", Time since last: 672486706 ns, Reaching safepoint: 1824181 ns, At safepoint: 13724499 ns, Total: 15548680 ns
[2020-09-11T19:17:58.571+0000][1][safepoint    ] Safepoint "RevokeBias", Time since last: 60621415 ns, Reaching safepoint: 84893 ns, At safepoint: 22596 ns, Total: 107489 ns
[2020-09-11T19:17:59.571+0000][1][safepoint    ] Safepoint "Cleanup", Time since last: 1000167203 ns, Reaching safepoint: 161467 ns, At safepoint: 17547 ns, Total: 179014 ns
[2020-09-11T19:18:00.571+0000][1][safepoint    ] Safepoint "Cleanup", Time since last: 1000220227 ns, Reaching safepoint: 162486 ns, At safepoint: 17901 ns, Total: 180387 ns
[2020-09-11T19:18:00.865+0000][1][safepoint    ] Safepoint "RevokeBias", Time since last: 293905389 ns, Reaching safepoint: 90261 ns, At safepoint: 27695 ns, Total: 117956 ns
[2020-09-11T19:18:01.866+0000][1][safepoint    ] Safepoint "Cleanup", Time since last: 1000237331 ns, Reaching safepoint: 89770 ns, At safepoint: 7234 ns, Total: 97004 ns
[2020-09-11T19:18:02.866+0000][1][safepoint    ] Safepoint "Cleanup", Time since last: 1000195516 ns, Reaching safepoint: 106840 ns, At safepoint: 7050 ns, Total: 113890 ns
[2020-09-11T19:18:03.866+0000][1][safepoint    ] Safepoint "Cleanup", Time since last: 1000192921 ns, Reaching safepoint: 103202 ns, At safepoint: 7160 ns, Total: 110362 ns
[2020-09-11T19:18:04.867+0000][1][safepoint    ] Safepoint "Cleanup", Time since last: 1000193625 ns, Reaching safepoint: 111553 ns, At safepoint: 7577 ns, Total: 119130 ns
[2020-09-11T19:18:05.867+0000][1][safepoint    ] Safepoint "Cleanup", Time since last: 1000185684 ns, Reaching safepoint: 122943 ns, At safepoint: 8275 ns, Total: 131218 ns
[2020-09-11T19:18:06.867+0000][1][safepoint    ] Safepoint "Cleanup", Time since last: 1000194169 ns, Reaching safepoint: 97902 ns, At safepoint: 6983 ns, Total: 104885 ns
[2020-09-11T19:18:07.798+0000][1][safepoint    ] Safepoint "RevokeBias", Time since last: 930992593 ns, Reaching safepoint: 91722 ns, At safepoint: 22171 ns, Total: 113893 ns
[2020-09-11T19:18:08.526+0000][1][safepoint    ] Safepoint "RevokeBias", Time since last: 727890423 ns, Reaching safepoint: 86338 ns, At safepoint: 24397 ns, Total: 110735 ns
[2020-09-11T19:18:09.530+0000][1][safepoint    ] Safepoint "Cleanup", Time since last: 1003355206 ns, Reaching safepoint: 433404 ns, At safepoint: 25541 ns, Total: 458945 ns
[2020-09-11T19:18:10.531+0000][1][safepoint    ] Safepoint "Cleanup", Time since last: 1000227280 ns, Reaching safepoint: 111074 ns, At safepoint: 7524 ns, Total: 118598 ns
[2020-09-11T19:18:10.855+0000][1][safepoint    ] Safepoint "RevokeBias", Time since last: 324718605 ns, Reaching safepoint: 100579 ns, At safepoint: 22263 ns, Total: 122842 ns
[2020-09-11T19:18:11.856+0000][1][safepoint    ] Safepoint "Cleanup", Time since last: 1000177985 ns, Reaching safepoint: 156868 ns, At safepoint: 17065 ns, Total: 173933 ns
[2020-09-11T19:18:12.856+0000][1][safepoint    ] Safepoint "Cleanup", Time since last: 1000226539 ns, Reaching safepoint: 161312 ns, At safepoint: 17714 ns, Total: 179026 ns
[2020-09-11T19:18:13.856+0000][1][safepoint    ] Safepoint "Cleanup", Time since last: 1000208845 ns, Reaching safepoint: 108133 ns, At safepoint: 7834 ns, Total: 115967 ns
[2020-09-11T19:18:14.857+0000][1][safepoint    ] Safepoint "Cleanup", Time since last: 1000190899 ns, Reaching safepoint: 114964 ns, At safepoint: 7253 ns, Total: 122217 ns
[2020-09-11T19:18:15.857+0000][1][safepoint    ] Safepoint "Cleanup", Time since last: 1000247489 ns, Reaching safepoint: 163036 ns, At safepoint: 18585 ns, Total: 181621 ns
[2020-09-11T19:18:16.858+0000][1][safepoint    ] Safepoint "Cleanup", Time since last: 1000241424 ns, Reaching safepoint: 237555 ns, At safepoint: 16895 ns, Total: 254450 ns
[2020-09-11T19:18:17.821+0000][1][safepoint    ] Safepoint "RevokeBias", Time since last: 962991556 ns, Reaching safepoint: 89141 ns, At safepoint: 22941 ns, Total: 112082 ns
[2020-09-11T19:18:18.558+0000][1][safepoint    ] Safepoint "RevokeBias", Time since last: 737342137 ns, Reaching safepoint: 88807 ns, At safepoint: 22436 ns, Total: 111243 ns
[2020-09-11T19:18:19.559+0000][1][safepoint    ] Safepoint "Cleanup", Time since last: 1000176867 ns, Reaching safepoint: 115211 ns, At safepoint: 8290 ns, Total: 123501 ns
[2020-09-11T19:18:20.559+0000][1][safepoint    ] Safepoint "Cleanup", Time since last: 1000161402 ns, Reaching safepoint: 126857 ns, At safepoint: 6887 ns, Total: 133744 ns
[2020-09-11T19:18:20.896+0000][1][safepoint    ] Safepoint "RevokeBias", Time since last: 337258761 ns, Reaching safepoint: 172458 ns, At safepoint: 48380 ns, Total: 220838 ns
[2020-09-11T19:18:21.202+0000][1][gc,start     ] GC(340) Pause Young (Allocation Failure)
[2020-09-11T19:18:21.202+0000][1][gc,task      ] GC(340) Using 1 workers of 1 for evacuation
[2020-09-11T19:18:21.209+0000][1][gc,age       ] GC(340) Desired survivor size 4358144 bytes, new threshold 6 (max threshold 6)
[2020-09-11T19:18:21.209+0000][1][gc,age       ] GC(340) Age table with threshold 6 (max threshold 6)
[2020-09-11T19:18:21.209+0000][1][gc,age       ] GC(340) - age   1:     260808 bytes,     260808 total
[2020-09-11T19:18:21.209+0000][1][gc,age       ] GC(340) - age   2:      41248 bytes,     302056 total
[2020-09-11T19:18:21.209+0000][1][gc,age       ] GC(340) - age   3:      47432 bytes,     349488 total
[2020-09-11T19:18:21.209+0000][1][gc,age       ] GC(340) - age   4:    1824312 bytes,    2173800 total
[2020-09-11T19:18:21.209+0000][1][gc,age       ] GC(340) - age   5:     100752 bytes,    2274552 total
[2020-09-11T19:18:21.209+0000][1][gc,age       ] GC(340) - age   6:       6904 bytes,    2281456 total
[2020-09-11T19:18:21.209+0000][1][gc,heap      ] GC(340) ParNew: 70306K->4232K(76672K)
[2020-09-11T19:18:21.209+0000][1][gc,heap      ] GC(340) CMS: 157320K->157367K(439104K)
[2020-09-11T19:18:21.209+0000][1][gc,metaspace ] GC(340) Metaspace: 97244K->97244K(1138688K)
[2020-09-11T19:18:21.209+0000][1][gc           ] GC(340) Pause Young (Allocation Failure) 222M->157M(503M) 6.716ms
[2020-09-11T19:18:21.209+0000][1][gc,cpu       ] GC(340) User=0.01s Sys=0.00s Real=0.01s
[2020-09-11T19:18:21.209+0000][1][safepoint    ] Safepoint "GenCollectForAllocation", Time since last: 305607534 ns, Reaching safepoint: 309602 ns, At safepoint: 6805664 ns, Total: 7115266 ns
[2020-09-11T19:18:22.211+0000][1][safepoint    ] Safepoint "Cleanup", Time since last: 1002177149 ns, Reaching safepoint: 79819 ns, At safepoint: 17347 ns, Total: 97166 ns
[2020-09-11T19:18:23.212+0000][1][safepoint    ] Safepoint "Cleanup", Time since last: 1000222439 ns, Reaching safepoint: 85787 ns, At safepoint: 16361 ns, Total: 102148 ns
[2020-09-11T19:18:24.215+0000][1][safepoint    ] Safepoint "Cleanup", Time since last: 1003432888 ns, Reaching safepoint: 88529 ns, At safepoint: 7229 ns, Total: 95758 ns
[2020-09-11T19:18:25.216+0000][1][safepoint    ] Safepoint "Cleanup", Time since last: 1000170201 ns, Reaching safepoint: 158733 ns, At safepoint: 17524 ns, Total: 176257 ns
[2020-09-11T19:18:26.216+0000][1][safepoint    ] Safepoint "Cleanup", Time since last: 1000223753 ns, Reaching safepoint: 157444 ns, At safepoint: 16975 ns, Total: 174419 ns
[2020-09-11T19:18:27.218+0000][1][safepoint    ] Safepoint "Cleanup", Time since last: 1001634732 ns, Reaching safepoint: 242755 ns, At safepoint: 17870 ns, Total: 260625 ns
[2020-09-11T19:18:27.787+0000][1][safepoint    ] Safepoint "RevokeBias", Time since last: 569380812 ns, Reaching safepoint: 91006 ns, At safepoint: 21335 ns, Total: 112341 ns
[2020-09-11T19:18:28.587+0000][1][safepoint    ] Safepoint "RevokeBias", Time since last: 799568338 ns, Reaching safepoint: 87972 ns, At safepoint: 23226 ns, Total: 111198 ns
[2020-09-11T19:18:29.590+0000][1][safepoint    ] Safepoint "Cleanup", Time since last: 1002860927 ns, Reaching safepoint: 83777 ns, At safepoint: 5790 ns, Total: 89567 ns
[2020-09-11T19:18:30.590+0000][1][safepoint    ] Safepoint "Cleanup", Time since last: 1000173067 ns, Reaching safepoint: 156799 ns, At safepoint: 18596 ns, Total: 175395 ns
[2020-09-11T19:18:30.854+0000][1][safepoint    ] Safepoint "RevokeBias", Time since last: 263649744 ns, Reaching safepoint: 210506 ns, At safepoint: 23739 ns, Total: 234245 ns
[2020-09-11T19:18:31.855+0000][1][safepoint    ] Safepoint "Cleanup", Time since last: 1000137148 ns, Reaching safepoint: 200031 ns, At safepoint: 17968 ns, Total: 217999 ns
[2020-09-11T19:18:32.855+0000][1][safepoint    ] Safepoint "Cleanup", Time since last: 1000746118 ns, Reaching safepoint: 81418 ns, At safepoint: 6542 ns, Total: 87960 ns
[2020-09-11T19:18:33.856+0000][1][safepoint    ] Safepoint "Cleanup", Time since last: 1000177328 ns, Reaching safepoint: 152530 ns, At safepoint: 18158 ns, Total: 170688 ns
[2020-09-11T19:18:34.856+0000][1][safepoint    ] Safepoint "Cleanup", Time since last: 1000239301 ns, Reaching safepoint: 119895 ns, At safepoint: 16631 ns, Total: 136526 ns
[2020-09-11T19:18:35.856+0000][1][safepoint    ] Safepoint "Cleanup", Time since last: 1000213579 ns, Reaching safepoint: 111337 ns, At safepoint: 7860 ns, Total: 119197 ns
[2020-09-11T19:18:36.857+0000][1][safepoint    ] Safepoint "Cleanup", Time since last: 1000234340 ns, Reaching safepoint: 105685 ns, At safepoint: 7221 ns, Total: 112906 ns
[2020-09-11T19:18:37.811+0000][1][safepoint    ] Safepoint "RevokeBias", Time since last: 954129501 ns, Reaching safepoint: 133404 ns, At safepoint: 37379 ns, Total: 170783 ns
[2020-09-11T19:18:38.526+0000][1][safepoint    ] Safepoint "RevokeBias", Time since last: 714365287 ns, Reaching safepoint: 91945 ns, At safepoint: 22155 ns, Total: 114100 ns
[2020-09-11T19:18:39.526+0000][1][safepoint    ] Safepoint "Cleanup", Time since last: 1000133155 ns, Reaching safepoint: 151552 ns, At safepoint: 16581 ns, Total: 168133 ns
[2020-09-11T19:18:39.610+0000][1][gc,start     ] GC(341) Pause Young (Allocation Failure)
[2020-09-11T19:18:39.610+0000][1][gc,task      ] GC(341) Using 1 workers of 1 for evacuation
[2020-09-11T19:18:39.615+0000][1][gc,age       ] GC(341) Desired survivor size 4358144 bytes, new threshold 6 (max threshold 6)
[2020-09-11T19:18:39.616+0000][1][gc,age       ] GC(341) Age table with threshold 6 (max threshold 6)
[2020-09-11T19:18:39.616+0000][1][gc,age       ] GC(341) - age   1:     199056 bytes,     199056 total
[2020-09-11T19:18:39.616+0000][1][gc,age       ] GC(341) - age   2:     168120 bytes,     367176 total
[2020-09-11T19:18:39.616+0000][1][gc,age       ] GC(341) - age   3:      38016 bytes,     405192 total
[2020-09-11T19:18:39.616+0000][1][gc,age       ] GC(341) - age   4:      47432 bytes,     452624 total
[2020-09-11T19:18:39.616+0000][1][gc,age       ] GC(341) - age   5:    1824312 bytes,    2276936 total
[2020-09-11T19:18:39.616+0000][1][gc,age       ] GC(341) - age   6:      99512 bytes,    2376448 total
[2020-09-11T19:18:39.616+0000][1][gc,heap      ] GC(341) ParNew: 72377K->2729K(76672K)
[2020-09-11T19:18:39.616+0000][1][gc,heap      ] GC(341) CMS: 157367K->157373K(439104K)
[2020-09-11T19:18:39.616+0000][1][gc,metaspace ] GC(341) Metaspace: 97244K->97244K(1138688K)
[2020-09-11T19:18:39.616+0000][1][gc           ] GC(341) Pause Young (Allocation Failure) 224M->156M(503M) 5.674ms
[2020-09-11T19:18:39.616+0000][1][gc,cpu       ] GC(341) User=0.01s Sys=0.00s Real=0.00s
[2020-09-11T19:18:39.622+0000][1][safepoint    ] Safepoint "GenCollectForAllocation", Time since last: 83871415 ns, Reaching safepoint: 209847 ns, At safepoint: 11687797 ns, Total: 11897644 ns
[2020-09-11T19:18:40.630+0000][1][safepoint    ] Safepoint "Cleanup", Time since last: 1008180320 ns, Reaching safepoint: 168984 ns, At safepoint: 17537 ns, Total: 186521 ns
[2020-09-11T19:18:40.898+0000][1][safepoint    ] Safepoint "RevokeBias", Time since last: 268130493 ns, Reaching safepoint: 170337 ns, At safepoint: 47859 ns, Total: 218196 ns
[2020-09-11T19:18:41.899+0000][1][safepoint    ] Safepoint "Cleanup", Time since last: 1000196391 ns, Reaching safepoint: 147388 ns, At safepoint: 17029 ns, Total: 164417 ns
[2020-09-11T19:18:42.899+0000][1][safepoint    ] Safepoint "Cleanup", Time since last: 1000193718 ns, Reaching safepoint: 166776 ns, At safepoint: 19487 ns, Total: 186263 ns
[2020-09-11T19:18:43.899+0000][1][safepoint    ] Safepoint "Cleanup", Time since last: 1000169165 ns, Reaching safepoint: 147101 ns, At safepoint: 16067 ns, Total: 163168 ns
[2020-09-11T19:18:44.900+0000][1][safepoint    ] Safepoint "Cleanup", Time since last: 1000185964 ns, Reaching safepoint: 158236 ns, At safepoint: 17346 ns, Total: 175582 ns
[2020-09-11T19:18:45.900+0000][1][safepoint    ] Safepoint "Cleanup", Time since last: 1000219829 ns, Reaching safepoint: 162787 ns, At safepoint: 17573 ns, Total: 180360 ns
[2020-09-11T19:18:46.901+0000][1][safepoint    ] Safepoint "Cleanup", Time since last: 1000193592 ns, Reaching safepoint: 156400 ns, At safepoint: 17403 ns, Total: 173803 ns
[2020-09-11T19:18:47.804+0000][1][safepoint    ] Safepoint "RevokeBias", Time since last: 903034277 ns, Reaching safepoint: 208186 ns, At safepoint: 22817 ns, Total: 231003 ns
[2020-09-11T19:18:48.500+0000][1][safepoint    ] Safepoint "RevokeBias", Time since last: 696373633 ns, Reaching safepoint: 85971 ns, At safepoint: 23869 ns, Total: 109840 ns
[2020-09-11T19:18:49.501+0000][1][safepoint    ] Safepoint "Cleanup", Time since last: 1000173947 ns, Reaching safepoint: 106101 ns, At safepoint: 6818 ns, Total: 112919 ns
[2020-09-11T19:18:50.501+0000][1][safepoint    ] Safepoint "Cleanup", Time since last: 1000171120 ns, Reaching safepoint: 121547 ns, At safepoint: 7804 ns, Total: 129351 ns
[2020-09-11T19:18:50.855+0000][1][safepoint    ] Safepoint "RevokeBias", Time since last: 354499231 ns, Reaching safepoint: 91297 ns, At safepoint: 21958 ns, Total: 113255 ns
[2020-09-11T19:18:51.856+0000][1][safepoint    ] Safepoint "Cleanup", Time since last: 1000196526 ns, Reaching safepoint: 109160 ns, At safepoint: 7440 ns, Total: 116600 ns
[2020-09-11T19:18:52.856+0000][1][safepoint    ] Safepoint "Cleanup", Time since last: 1000183844 ns, Reaching safepoint: 107147 ns, At safepoint: 7374 ns, Total: 114521 ns
[2020-09-11T19:18:53.856+0000][1][safepoint    ] Safepoint "Cleanup", Time since last: 1000189563 ns, Reaching safepoint: 154896 ns, At safepoint: 17683 ns, Total: 172579 ns
[2020-09-11T19:18:54.857+0000][1][safepoint    ] Safepoint "Cleanup", Time since last: 1000239058 ns, Reaching safepoint: 155303 ns, At safepoint: 17720 ns, Total: 173023 ns
[2020-09-11T19:18:55.857+0000][1][safepoint    ] Safepoint "Cleanup", Time since last: 1000196729 ns, Reaching safepoint: 163499 ns, At safepoint: 19117 ns, Total: 182616 ns
[2020-09-11T19:18:56.858+0000][1][safepoint    ] Safepoint "Cleanup", Time since last: 1000228136 ns, Reaching safepoint: 116253 ns, At safepoint: 6642 ns, Total: 122895 ns
[2020-09-11T19:18:57.797+0000][1][safepoint    ] Safepoint "RevokeBias", Time since last: 939482495 ns, Reaching safepoint: 224714 ns, At safepoint: 22686 ns, Total: 247400 ns
[2020-09-11T19:18:58.521+0000][1][safepoint    ] Safepoint "RevokeBias", Time since last: 723995785 ns, Reaching safepoint: 88315 ns, At safepoint: 24073 ns, Total: 112388 ns
[2020-09-11T19:18:59.522+0000][1][safepoint    ] Safepoint "Cleanup", Time since last: 1000186676 ns, Reaching safepoint: 165821 ns, At safepoint: 18950 ns, Total: 184771 ns
[2020-09-11T19:19:00.522+0000][1][safepoint    ] Safepoint "Cleanup", Time since last: 1000170306 ns, Reaching safepoint: 124898 ns, At safepoint: 7579 ns, Total: 132477 ns
[2020-09-11T19:19:00.863+0000][1][safepoint    ] Safepoint "RevokeBias", Time since last: 341209920 ns, Reaching safepoint: 89121 ns, At safepoint: 22538 ns, Total: 111659 ns
[2020-09-11T19:19:01.864+0000][1][safepoint    ] Safepoint "Cleanup", Time since last: 1000171885 ns, Reaching safepoint: 154545 ns, At safepoint: 17607 ns, Total: 172152 ns
[2020-09-11T19:19:02.864+0000][1][safepoint    ] Safepoint "Cleanup", Time since last: 1000217645 ns, Reaching safepoint: 143830 ns, At safepoint: 7754 ns, Total: 151584 ns
[2020-09-11T19:19:03.524+0000][1][gc,start     ] GC(342) Pause Young (Allocation Failure)
[2020-09-11T19:19:03.524+0000][1][gc,task      ] GC(342) Using 1 workers of 1 for evacuation
[2020-09-11T19:19:03.530+0000][1][gc,age       ] GC(342) Desired survivor size 4358144 bytes, new threshold 6 (max threshold 6)
[2020-09-11T19:19:03.530+0000][1][gc,age       ] GC(342) Age table with threshold 6 (max threshold 6)
[2020-09-11T19:19:03.530+0000][1][gc,age       ] GC(342) - age   1:     670288 bytes,     670288 total
[2020-09-11T19:19:03.530+0000][1][gc,age       ] GC(342) - age   2:       8448 bytes,     678736 total
[2020-09-11T19:19:03.530+0000][1][gc,age       ] GC(342) - age   3:     160040 bytes,     838776 total
[2020-09-11T19:19:03.530+0000][1][gc,age       ] GC(342) - age   4:      37920 bytes,     876696 total
[2020-09-11T19:19:03.530+0000][1][gc,age       ] GC(342) - age   5:      47432 bytes,     924128 total
[2020-09-11T19:19:03.530+0000][1][gc,age       ] GC(342) - age   6:    1824312 bytes,    2748440 total
[2020-09-11T19:19:03.530+0000][1][gc,heap      ] GC(342) ParNew: 70889K->4163K(76672K)
[2020-09-11T19:19:03.530+0000][1][gc,heap      ] GC(342) CMS: 157373K->157471K(439104K)
[2020-09-11T19:19:03.530+0000][1][gc,metaspace ] GC(342) Metaspace: 97258K->97258K(1138688K)
[2020-09-11T19:19:03.530+0000][1][gc           ] GC(342) Pause Young (Allocation Failure) 222M->157M(503M) 6.447ms
[2020-09-11T19:19:03.530+0000][1][gc,cpu       ] GC(342) User=0.00s Sys=0.00s Real=0.01s
[2020-09-11T19:19:03.530+0000][1][safepoint    ] Safepoint "GenCollectForAllocation", Time since last: 659371401 ns, Reaching safepoint: 266928 ns, At safepoint: 6526684 ns, Total: 6793612 ns
[2020-09-11T19:19:04.533+0000][1][safepoint    ] Safepoint "Cleanup", Time since last: 1002678982 ns, Reaching safepoint: 112568 ns, At safepoint: 20290 ns, Total: 132858 ns
[2020-09-11T19:19:05.533+0000][1][safepoint    ] Safepoint "Cleanup", Time since last: 1000126721 ns, Reaching safepoint: 133125 ns, At safepoint: 15642 ns, Total: 148767 ns
[2020-09-11T19:19:06.534+0000][1][safepoint    ] Safepoint "Cleanup", Time since last: 1000138282 ns, Reaching safepoint: 102456 ns, At safepoint: 17119 ns, Total: 119575 ns
[2020-09-11T19:19:07.534+0000][1][safepoint    ] Safepoint "Cleanup", Time since last: 1000188664 ns, Reaching safepoint: 161111 ns, At safepoint: 47140 ns, Total: 208251 ns
[2020-09-11T19:19:07.804+0000][1][safepoint    ] Safepoint "RevokeBias", Time since last: 269876604 ns, Reaching safepoint: 89558 ns, At safepoint: 23004 ns, Total: 112562 ns
[2020-09-11T19:19:08.552+0000][1][safepoint    ] Safepoint "RevokeBias", Time since last: 747381399 ns, Reaching safepoint: 92161 ns, At safepoint: 23293 ns, Total: 115454 ns
[2020-09-11T19:19:09.552+0000][1][safepoint    ] Safepoint "Cleanup", Time since last: 1000128557 ns, Reaching safepoint: 152825 ns, At safepoint: 14727 ns, Total: 167552 ns
[2020-09-11T19:19:10.552+0000][1][safepoint    ] Safepoint "Cleanup", Time since last: 1000212847 ns, Reaching safepoint: 120778 ns, At safepoint: 7108 ns, Total: 127886 ns
[2020-09-11T19:19:10.860+0000][1][safepoint    ] Safepoint "RevokeBias", Time since last: 307600190 ns, Reaching safepoint: 90002 ns, At safepoint: 21282 ns, Total: 111284 ns
[2020-09-11T19:19:11.860+0000][1][safepoint    ] Safepoint "Cleanup", Time since last: 1000168989 ns, Reaching safepoint: 109621 ns, At safepoint: 7337 ns, Total: 116958 ns
[2020-09-11T19:19:12.860+0000][1][safepoint    ] Safepoint "Cleanup", Time since last: 1000154355 ns, Reaching safepoint: 121083 ns, At safepoint: 7206 ns, Total: 128289 ns
[2020-09-11T19:19:13.861+0000][1][safepoint    ] Safepoint "Cleanup", Time since last: 1000151206 ns, Reaching safepoint: 157519 ns, At safepoint: 17012 ns, Total: 174531 ns
[2020-09-11T19:19:14.861+0000][1][safepoint    ] Safepoint "Cleanup", Time since last: 1000229132 ns, Reaching safepoint: 104392 ns, At safepoint: 7443 ns, Total: 111835 ns
[2020-09-11T19:19:15.861+0000][1][safepoint    ] Safepoint "Cleanup", Time since last: 1000150930 ns, Reaching safepoint: 164912 ns, At safepoint: 16876 ns, Total: 181788 ns
[2020-09-11T19:19:16.862+0000][1][safepoint    ] Safepoint "Cleanup", Time since last: 1000218523 ns, Reaching safepoint: 149236 ns, At safepoint: 17220 ns, Total: 166456 ns
[2020-09-11T19:19:17.798+0000][1][safepoint    ] Safepoint "RevokeBias", Time since last: 935716237 ns, Reaching safepoint: 127978 ns, At safepoint: 28116 ns, Total: 156094 ns
[2020-09-11T19:19:18.494+0000][1][gc,start     ] GC(343) Pause Young (Allocation Failure)
[2020-09-11T19:19:18.494+0000][1][gc,task      ] GC(343) Using 1 workers of 1 for evacuation
[2020-09-11T19:19:18.501+0000][1][gc,age       ] GC(343) Desired survivor size 4358144 bytes, new threshold 6 (max threshold 6)
[2020-09-11T19:19:18.501+0000][1][gc,age       ] GC(343) Age table with threshold 6 (max threshold 6)
[2020-09-11T19:19:18.501+0000][1][gc,age       ] GC(343) - age   1:     305792 bytes,     305792 total
[2020-09-11T19:19:18.501+0000][1][gc,age       ] GC(343) - age   2:     623304 bytes,     929096 total
[2020-09-11T19:19:18.501+0000][1][gc,age       ] GC(343) - age   3:       7904 bytes,     937000 total
[2020-09-11T19:19:18.501+0000][1][gc,age       ] GC(343) - age   4:     160040 bytes,    1097040 total
[2020-09-11T19:19:18.501+0000][1][gc,age       ] GC(343) - age   5:      37920 bytes,    1134960 total
[2020-09-11T19:19:18.501+0000][1][gc,age       ] GC(343) - age   6:      46192 bytes,    1181152 total
[2020-09-11T19:19:18.501+0000][1][gc,heap      ] GC(343) ParNew: 72288K->2533K(76672K)
[2020-09-11T19:19:18.501+0000][1][gc,heap      ] GC(343) CMS: 157471K->159253K(439104K)
[2020-09-11T19:19:18.501+0000][1][gc,metaspace ] GC(343) Metaspace: 97263K->97263K(1138688K)
[2020-09-11T19:19:18.501+0000][1][gc           ] GC(343) Pause Young (Allocation Failure) 224M->157M(503M) 7.167ms
[2020-09-11T19:19:18.501+0000][1][gc,cpu       ] GC(343) User=0.00s Sys=0.00s Real=0.01s
[2020-09-11T19:19:18.502+0000][1][safepoint    ] Safepoint "GenCollectForAllocation", Time since last: 696241612 ns, Reaching safepoint: 78502 ns, At safepoint: 8178539 ns, Total: 8257041 ns
[2020-09-11T19:19:18.639+0000][1][safepoint    ] Safepoint "BulkRevokeBias", Time since last: 136929875 ns, Reaching safepoint: 87071 ns, At safepoint: 233620 ns, Total: 320691 ns
[2020-09-11T19:19:19.640+0000][1][safepoint    ] Safepoint "Cleanup", Time since last: 1000170537 ns, Reaching safepoint: 163285 ns, At safepoint: 19805 ns, Total: 183090 ns
[2020-09-11T19:19:20.640+0000][1][safepoint    ] Safepoint "Cleanup", Time since last: 1000139319 ns, Reaching safepoint: 85936 ns, At safepoint: 7092 ns, Total: 93028 ns
[2020-09-11T19:19:20.855+0000][1][safepoint    ] Safepoint "RevokeBias", Time since last: 214384760 ns, Reaching safepoint: 95264 ns, At safepoint: 21893 ns, Total: 117157 ns
[2020-09-11T19:19:21.855+0000][1][safepoint    ] Safepoint "Cleanup", Time since last: 1000128019 ns, Reaching safepoint: 151779 ns, At safepoint: 15359 ns, Total: 167138 ns
[2020-09-11T19:19:22.855+0000][1][safepoint    ] Safepoint "Cleanup", Time since last: 1000245910 ns, Reaching safepoint: 152748 ns, At safepoint: 17861 ns, Total: 170609 ns
[2020-09-11T19:19:23.856+0000][1][safepoint    ] Safepoint "Cleanup", Time since last: 1000254396 ns, Reaching safepoint: 107510 ns, At safepoint: 7043 ns, Total: 114553 ns
[2020-09-11T19:19:24.856+0000][1][safepoint    ] Safepoint "Cleanup", Time since last: 1000155183 ns, Reaching safepoint: 167238 ns, At safepoint: 20337 ns, Total: 187575 ns
[2020-09-11T19:19:25.856+0000][1][safepoint    ] Safepoint "Cleanup", Time since last: 1000224732 ns, Reaching safepoint: 112429 ns, At safepoint: 7657 ns, Total: 120086 ns
[2020-09-11T19:19:26.857+0000][1][safepoint    ] Safepoint "Cleanup", Time since last: 1000182809 ns, Reaching safepoint: 104382 ns, At safepoint: 7605 ns, Total: 111987 ns
[2020-09-11T19:19:27.798+0000][1][safepoint    ] Safepoint "RevokeBias", Time since last: 941406681 ns, Reaching safepoint: 106112 ns, At safepoint: 25897 ns, Total: 132009 ns
[2020-09-11T19:19:28.525+0000][1][safepoint    ] Safepoint "RevokeBias", Time since last: 726554071 ns, Reaching safepoint: 99953 ns, At safepoint: 23486 ns, Total: 123439 ns
[2020-09-11T19:19:29.525+0000][1][safepoint    ] Safepoint "Cleanup", Time since last: 1000179375 ns, Reaching safepoint: 111683 ns, At safepoint: 8128 ns, Total: 119811 ns
[2020-09-11T19:19:30.525+0000][1][safepoint    ] Safepoint "Cleanup", Time since last: 1000179311 ns, Reaching safepoint: 76087 ns, At safepoint: 6030 ns, Total: 82117 ns
[2020-09-11T19:19:30.867+0000][1][safepoint    ] Safepoint "RevokeBias", Time since last: 341183833 ns, Reaching safepoint: 86954 ns, At safepoint: 22169 ns, Total: 109123 ns
[2020-09-11T19:19:31.867+0000][1][safepoint    ] Safepoint "Cleanup", Time since last: 1000173215 ns, Reaching safepoint: 110298 ns, At safepoint: 7553 ns, Total: 117851 ns
[2020-09-11T19:19:32.867+0000][1][safepoint    ] Safepoint "Cleanup", Time since last: 1000182608 ns, Reaching safepoint: 103859 ns, At safepoint: 7236 ns, Total: 111095 ns
[2020-09-11T19:19:33.868+0000][1][safepoint    ] Safepoint "Cleanup", Time since last: 1000222242 ns, Reaching safepoint: 121825 ns, At safepoint: 8284 ns, Total: 130109 ns
[2020-09-11T19:19:34.868+0000][1][safepoint    ] Safepoint "Cleanup", Time since last: 1000105960 ns, Reaching safepoint: 79330 ns, At safepoint: 6741 ns, Total: 86071 ns
[2020-09-11T19:19:35.868+0000][1][safepoint    ] Safepoint "Cleanup", Time since last: 1000150961 ns, Reaching safepoint: 121526 ns, At safepoint: 6800 ns, Total: 128326 ns
[2020-09-11T19:19:36.868+0000][1][safepoint    ] Safepoint "Cleanup", Time since last: 1000183194 ns, Reaching safepoint: 155245 ns, At safepoint: 17513 ns, Total: 172758 ns
[2020-09-11T19:19:37.798+0000][1][safepoint    ] Safepoint "RevokeBias", Time since last: 929219273 ns, Reaching safepoint: 100351 ns, At safepoint: 43096 ns, Total: 143447 ns
[2020-09-11T19:19:38.510+0000][1][safepoint    ] Safepoint "RevokeBias", Time since last: 712032514 ns, Reaching safepoint: 89154 ns, At safepoint: 22541 ns, Total: 111695 ns
[2020-09-11T19:19:38.571+0000][1][gc,start     ] GC(344) Pause Young (Allocation Failure)
[2020-09-11T19:19:38.571+0000][1][gc,task      ] GC(344) Using 1 workers of 1 for evacuation
[2020-09-11T19:19:38.579+0000][1][gc,age       ] GC(344) Desired survivor size 4358144 bytes, new threshold 6 (max threshold 6)
[2020-09-11T19:19:38.579+0000][1][gc,age       ] GC(344) Age table with threshold 6 (max threshold 6)
[2020-09-11T19:19:38.579+0000][1][gc,age       ] GC(344) - age   1:     291624 bytes,     291624 total
[2020-09-11T19:19:38.579+0000][1][gc,age       ] GC(344) - age   2:     261912 bytes,     553536 total
[2020-09-11T19:19:38.579+0000][1][gc,age       ] GC(344) - age   3:     610704 bytes,    1164240 total
[2020-09-11T19:19:38.579+0000][1][gc,age       ] GC(344) - age   4:       7904 bytes,    1172144 total
[2020-09-11T19:19:38.579+0000][1][gc,age       ] GC(344) - age   5:     152280 bytes,    1324424 total
[2020-09-11T19:19:38.579+0000][1][gc,age       ] GC(344) - age   6:      36680 bytes,    1361104 total
[2020-09-11T19:19:38.579+0000][1][gc,heap      ] GC(344) ParNew: 70693K->2131K(76672K)
[2020-09-11T19:19:38.579+0000][1][gc,heap      ] GC(344) CMS: 159253K->159298K(439104K)
[2020-09-11T19:19:38.579+0000][1][gc,metaspace ] GC(344) Metaspace: 97263K->97263K(1138688K)
[2020-09-11T19:19:38.579+0000][1][gc           ] GC(344) Pause Young (Allocation Failure) 224M->157M(503M) 7.798ms
[2020-09-11T19:19:38.579+0000][1][gc,cpu       ] GC(344) User=0.00s Sys=0.00s Real=0.01s
[2020-09-11T19:19:38.579+0000][1][safepoint    ] Safepoint "GenCollectForAllocation", Time since last: 61025645 ns, Reaching safepoint: 263505 ns, At safepoint: 7877411 ns, Total: 8140916 ns
[2020-09-11T19:19:39.580+0000][1][safepoint    ] Safepoint "Cleanup", Time since last: 1000791938 ns, Reaching safepoint: 160618 ns, At safepoint: 50627 ns, Total: 211245 ns
[2020-09-11T19:19:40.581+0000][1][safepoint    ] Safepoint "Cleanup", Time since last: 1000211535 ns, Reaching safepoint: 168028 ns, At safepoint: 17975 ns, Total: 186003 ns
[2020-09-11T19:19:40.855+0000][1][safepoint    ] Safepoint "RevokeBias", Time since last: 274816473 ns, Reaching safepoint: 106106 ns, At safepoint: 21806 ns, Total: 127912 ns
[2020-09-11T19:19:41.856+0000][1][safepoint    ] Safepoint "Cleanup", Time since last: 1000133129 ns, Reaching safepoint: 149612 ns, At safepoint: 14179 ns, Total: 163791 ns
[2020-09-11T19:19:42.856+0000][1][safepoint    ] Safepoint "Cleanup", Time since last: 1000213828 ns, Reaching safepoint: 145709 ns, At safepoint: 17157 ns, Total: 162866 ns
[2020-09-11T19:19:43.857+0000][1][safepoint    ] Safepoint "Cleanup", Time since last: 1000251877 ns, Reaching safepoint: 107379 ns, At safepoint: 7179 ns, Total: 114558 ns
[2020-09-11T19:19:44.857+0000][1][safepoint    ] Safepoint "Cleanup", Time since last: 1000182363 ns, Reaching safepoint: 108457 ns, At safepoint: 7182 ns, Total: 115639 ns
[2020-09-11T19:19:45.857+0000][1][safepoint    ] Safepoint "Cleanup", Time since last: 1000178834 ns, Reaching safepoint: 154503 ns, At safepoint: 17287 ns, Total: 171790 ns
[2020-09-11T19:19:46.858+0000][1][safepoint    ] Safepoint "Cleanup", Time since last: 1000230996 ns, Reaching safepoint: 112938 ns, At safepoint: 7484 ns, Total: 120422 ns
[2020-09-11T19:19:47.804+0000][1][safepoint    ] Safepoint "RevokeBias", Time since last: 946708563 ns, Reaching safepoint: 87763 ns, At safepoint: 23052 ns, Total: 110815 ns
[2020-09-11T19:19:48.580+0000][1][safepoint    ] Safepoint "RevokeBias", Time since last: 775100787 ns, Reaching safepoint: 97140 ns, At safepoint: 21488 ns, Total: 118628 ns
[2020-09-11T19:19:49.580+0000][1][safepoint    ] Safepoint "Cleanup", Time since last: 1000163121 ns, Reaching safepoint: 156240 ns, At safepoint: 16598 ns, Total: 172838 ns
[2020-09-11T19:19:50.581+0000][1][safepoint    ] Safepoint "Cleanup", Time since last: 1000988824 ns, Reaching safepoint: 95077 ns, At safepoint: 6226 ns, Total: 101303 ns
[2020-09-11T19:19:50.857+0000][1][safepoint    ] Safepoint "RevokeBias", Time since last: 275739756 ns, Reaching safepoint: 83109 ns, At safepoint: 20686 ns, Total: 103795 ns
[2020-09-11T19:19:51.857+0000][1][safepoint    ] Safepoint "Cleanup", Time since last: 1000127054 ns, Reaching safepoint: 151322 ns, At safepoint: 14447 ns, Total: 165769 ns
[2020-09-11T19:19:52.857+0000][1][safepoint    ] Safepoint "Cleanup", Time since last: 1000178680 ns, Reaching safepoint: 152291 ns, At safepoint: 14146 ns, Total: 166437 ns
[2020-09-11T19:19:53.858+0000][1][safepoint    ] Safepoint "Cleanup", Time since last: 1000186379 ns, Reaching safepoint: 144813 ns, At safepoint: 14213 ns, Total: 159026 ns
[2020-09-11T19:19:54.858+0000][1][safepoint    ] Safepoint "Cleanup", Time since last: 1000182304 ns, Reaching safepoint: 126326 ns, At safepoint: 6358 ns, Total: 132684 ns
[2020-09-11T19:19:55.858+0000][1][safepoint    ] Safepoint "Cleanup", Time since last: 1000138568 ns, Reaching safepoint: 115272 ns, At safepoint: 5743 ns, Total: 121015 ns
[2020-09-11T19:19:56.859+0000][1][safepoint    ] Safepoint "Cleanup", Time since last: 1000148904 ns, Reaching safepoint: 251366 ns, At safepoint: 17333 ns, Total: 268699 ns
[2020-09-11T19:19:57.794+0000][1][safepoint    ] Safepoint "RevokeBias", Time since last: 935190167 ns, Reaching safepoint: 209434 ns, At safepoint: 23308 ns, Total: 232742 ns
[2020-09-11T19:19:58.546+0000][1][gc,start     ] GC(345) Pause Young (Allocation Failure)
[2020-09-11T19:19:58.546+0000][1][gc,task      ] GC(345) Using 1 workers of 1 for evacuation
[2020-09-11T19:19:58.551+0000][1][gc,age       ] GC(345) Desired survivor size 4358144 bytes, new threshold 6 (max threshold 6)
[2020-09-11T19:19:58.551+0000][1][gc,age       ] GC(345) Age table with threshold 6 (max threshold 6)
[2020-09-11T19:19:58.552+0000][1][gc,age       ] GC(345) - age   1:     268520 bytes,     268520 total
[2020-09-11T19:19:58.552+0000][1][gc,age       ] GC(345) - age   2:     236192 bytes,     504712 total
[2020-09-11T19:19:58.552+0000][1][gc,age       ] GC(345) - age   3:     258336 bytes,     763048 total
[2020-09-11T19:19:58.552+0000][1][gc,age       ] GC(345) - age   4:     610608 bytes,    1373656 total
[2020-09-11T19:19:58.552+0000][1][gc,age       ] GC(345) - age   5:       6664 bytes,    1380320 total
[2020-09-11T19:19:58.552+0000][1][gc,age       ] GC(345) - age   6:     152280 bytes,    1532600 total
[2020-09-11T19:19:58.552+0000][1][gc,heap      ] GC(345) ParNew: 70291K->2526K(76672K)
[2020-09-11T19:19:58.552+0000][1][gc,heap      ] GC(345) CMS: 159298K->159334K(439104K)
[2020-09-11T19:19:58.552+0000][1][gc,metaspace ] GC(345) Metaspace: 97263K->97263K(1138688K)
[2020-09-11T19:19:58.552+0000][1][gc           ] GC(345) Pause Young (Allocation Failure) 224M->158M(503M) 5.190ms
[2020-09-11T19:19:58.552+0000][1][gc,cpu       ] GC(345) User=0.00s Sys=0.00s Real=0.00s
[2020-09-11T19:19:58.558+0000][1][safepoint    ] Safepoint "GenCollectForAllocation", Time since last: 751985293 ns, Reaching safepoint: 186124 ns, At safepoint: 11232482 ns, Total: 11418606 ns
[2020-09-11T19:19:58.581+0000][1][safepoint    ] Safepoint "RevokeBias", Time since last: 23601083 ns, Reaching safepoint: 86021 ns, At safepoint: 21686 ns, Total: 107707 ns
[2020-09-11T19:19:59.582+0000][1][safepoint    ] Safepoint "Cleanup", Time since last: 1000133186 ns, Reaching safepoint: 129372 ns, At safepoint: 6055 ns, Total: 135427 ns
[2020-09-11T19:20:00.582+0000][1][safepoint    ] Safepoint "Cleanup", Time since last: 1000158952 ns, Reaching safepoint: 161739 ns, At safepoint: 16852 ns, Total: 178591 ns
[2020-09-11T19:20:00.868+0000][1][safepoint    ] Safepoint "RevokeBias", Time since last: 286027938 ns, Reaching safepoint: 92919 ns, At safepoint: 22599 ns, Total: 115518 ns
[2020-09-11T19:20:01.868+0000][1][safepoint    ] Safepoint "Cleanup", Time since last: 1000161310 ns, Reaching safepoint: 144593 ns, At safepoint: 16895 ns, Total: 161488 ns
[2020-09-11T19:20:02.869+0000][1][safepoint    ] Safepoint "Cleanup", Time since last: 1000221146 ns, Reaching safepoint: 98764 ns, At safepoint: 6013 ns, Total: 104777 ns
[2020-09-11T19:20:03.869+0000][1][safepoint    ] Safepoint "Cleanup", Time since last: 1000413313 ns, Reaching safepoint: 89084 ns, At safepoint: 6369 ns, Total: 95453 ns
[2020-09-11T19:20:04.869+0000][1][safepoint    ] Safepoint "Cleanup", Time since last: 1000088990 ns, Reaching safepoint: 74686 ns, At safepoint: 5867 ns, Total: 80553 ns
[2020-09-11T19:20:05.870+0000][1][safepoint    ] Safepoint "Cleanup", Time since last: 1000132132 ns, Reaching safepoint: 87963 ns, At safepoint: 5726 ns, Total: 93689 ns
[2020-09-11T19:20:06.870+0000][1][safepoint    ] Safepoint "Cleanup", Time since last: 1000164961 ns, Reaching safepoint: 90041 ns, At safepoint: 6753 ns, Total: 96794 ns
[2020-09-11T19:20:07.795+0000][1][safepoint    ] Safepoint "RevokeBias", Time since last: 925232617 ns, Reaching safepoint: 92822 ns, At safepoint: 38457 ns, Total: 131279 ns
[2020-09-11T19:20:08.549+0000][1][safepoint    ] Safepoint "RevokeBias", Time since last: 753983887 ns, Reaching safepoint: 91095 ns, At safepoint: 22581 ns, Total: 113676 ns
[2020-09-11T19:20:09.550+0000][1][safepoint    ] Safepoint "Cleanup", Time since last: 1000183957 ns, Reaching safepoint: 186946 ns, At safepoint: 17273 ns, Total: 204219 ns
[2020-09-11T19:20:10.550+0000][1][safepoint    ] Safepoint "Cleanup", Time since last: 1000228993 ns, Reaching safepoint: 103384 ns, At safepoint: 7911 ns, Total: 111295 ns
[2020-09-11T19:20:10.910+0000][1][safepoint    ] Safepoint "RevokeBias", Time since last: 359689667 ns, Reaching safepoint: 89929 ns, At safepoint: 21751 ns, Total: 111680 ns
[2020-09-11T19:20:11.910+0000][1][safepoint    ] Safepoint "Cleanup", Time since last: 1000166646 ns, Reaching safepoint: 136124 ns, At safepoint: 7080 ns, Total: 143204 ns
[2020-09-11T19:20:12.910+0000][1][safepoint    ] Safepoint "Cleanup", Time since last: 1000170622 ns, Reaching safepoint: 116199 ns, At safepoint: 7399 ns, Total: 123598 ns
[2020-09-11T19:20:13.911+0000][1][safepoint    ] Safepoint "Cleanup", Time since last: 1000189954 ns, Reaching safepoint: 157201 ns, At safepoint: 17935 ns, Total: 175136 ns
[2020-09-11T19:20:14.911+0000][1][safepoint    ] Safepoint "Cleanup", Time since last: 1000187827 ns, Reaching safepoint: 158564 ns, At safepoint: 17767 ns, Total: 176331 ns
[2020-09-11T19:20:15.912+0000][1][safepoint    ] Safepoint "Cleanup", Time since last: 1000228526 ns, Reaching safepoint: 165353 ns, At safepoint: 17811 ns, Total: 183164 ns
[2020-09-11T19:20:16.912+0000][1][safepoint    ] Safepoint "Cleanup", Time since last: 1000242528 ns, Reaching safepoint: 106250 ns, At safepoint: 7296 ns, Total: 113546 ns
[2020-09-11T19:20:17.798+0000][1][safepoint    ] Safepoint "RevokeBias", Time since last: 886100193 ns, Reaching safepoint: 107574 ns, At safepoint: 27495 ns, Total: 135069 ns
[2020-09-11T19:20:18.515+0000][1][safepoint    ] Safepoint "RevokeBias", Time since last: 716191186 ns, Reaching safepoint: 93051 ns, At safepoint: 23052 ns, Total: 116103 ns
[2020-09-11T19:20:19.515+0000][1][safepoint    ] Safepoint "Cleanup", Time since last: 1000165490 ns, Reaching safepoint: 111656 ns, At safepoint: 7020 ns, Total: 118676 ns
[2020-09-11T19:20:20.006+0000][1][gc,start     ] GC(346) Pause Young (Allocation Failure)
[2020-09-11T19:20:20.006+0000][1][gc,task      ] GC(346) Using 1 workers of 1 for evacuation
[2020-09-11T19:20:20.012+0000][1][gc,age       ] GC(346) Desired survivor size 4358144 bytes, new threshold 6 (max threshold 6)
[2020-09-11T19:20:20.012+0000][1][gc,age       ] GC(346) Age table with threshold 6 (max threshold 6)
[2020-09-11T19:20:20.012+0000][1][gc,age       ] GC(346) - age   1:    2046576 bytes,    2046576 total
[2020-09-11T19:20:20.012+0000][1][gc,age       ] GC(346) - age   2:     112496 bytes,    2159072 total
[2020-09-11T19:20:20.012+0000][1][gc,age       ] GC(346) - age   3:     234312 bytes,    2393384 total
[2020-09-11T19:20:20.012+0000][1][gc,age       ] GC(346) - age   4:     258336 bytes,    2651720 total
[2020-09-11T19:20:20.012+0000][1][gc,age       ] GC(346) - age   5:     610144 bytes,    3261864 total
[2020-09-11T19:20:20.012+0000][1][gc,age       ] GC(346) - age   6:       6664 bytes,    3268528 total
[2020-09-11T19:20:20.012+0000][1][gc,heap      ] GC(346) ParNew: 70686K->4315K(76672K)
[2020-09-11T19:20:20.012+0000][1][gc,heap      ] GC(346) CMS: 159334K->159483K(439104K)
[2020-09-11T19:20:20.012+0000][1][gc,metaspace ] GC(346) Metaspace: 97268K->97268K(1138688K)
[2020-09-11T19:20:20.012+0000][1][gc           ] GC(346) Pause Young (Allocation Failure) 224M->159M(503M) 5.884ms
[2020-09-11T19:20:20.012+0000][1][gc,cpu       ] GC(346) User=0.00s Sys=0.00s Real=0.00s
[2020-09-11T19:20:20.012+0000][1][safepoint    ] Safepoint "GenCollectForAllocation", Time since last: 491091269 ns, Reaching safepoint: 203263 ns, At safepoint: 5958206 ns, Total: 6161469 ns
[2020-09-11T19:20:20.857+0000][1][safepoint    ] Safepoint "RevokeBias", Time since last: 844758794 ns, Reaching safepoint: 87129 ns, At safepoint: 35021 ns, Total: 122150 ns
[2020-09-11T19:20:21.857+0000][1][safepoint    ] Safepoint "Cleanup", Time since last: 1000180478 ns, Reaching safepoint: 181223 ns, At safepoint: 19582 ns, Total: 200805 ns
[2020-09-11T19:20:22.858+0000][1][safepoint    ] Safepoint "Cleanup", Time since last: 1000251075 ns, Reaching safepoint: 207357 ns, At safepoint: 16070 ns, Total: 223427 ns
[2020-09-11T19:20:23.858+0000][1][safepoint    ] Safepoint "Cleanup", Time since last: 1000191380 ns, Reaching safepoint: 165424 ns, At safepoint: 18118 ns, Total: 183542 ns
[2020-09-11T19:20:24.859+0000][1][safepoint    ] Safepoint "Cleanup", Time since last: 1000179141 ns, Reaching safepoint: 134046 ns, At safepoint: 7771 ns, Total: 141817 ns
[2020-09-11T19:20:25.859+0000][1][safepoint    ] Safepoint "Cleanup", Time since last: 1000193600 ns, Reaching safepoint: 165069 ns, At safepoint: 18653 ns, Total: 183722 ns
[2020-09-11T19:20:26.859+0000][1][safepoint    ] Safepoint "Cleanup", Time since last: 1000245216 ns, Reaching safepoint: 150239 ns, At safepoint: 15662 ns, Total: 165901 ns
[2020-09-11T19:20:27.799+0000][1][safepoint    ] Safepoint "RevokeBias", Time since last: 939699116 ns, Reaching safepoint: 87264 ns, At safepoint: 22253 ns, Total: 109517 ns
[2020-09-11T19:20:28.580+0000][1][safepoint    ] Safepoint "RevokeBias", Time since last: 780387945 ns, Reaching safepoint: 104946 ns, At safepoint: 21878 ns, Total: 126824 ns
[2020-09-11T19:20:29.622+0000][1][safepoint    ] Safepoint "Cleanup", Time since last: 1042149016 ns, Reaching safepoint: 118607 ns, At safepoint: 6906 ns, Total: 125513 ns
[2020-09-11T19:20:30.622+0000][1][safepoint    ] Safepoint "Cleanup", Time since last: 1000123028 ns, Reaching safepoint: 156817 ns, At safepoint: 17246 ns, Total: 174063 ns
[2020-09-11T19:20:30.861+0000][1][safepoint    ] Safepoint "RevokeBias", Time since last: 238170746 ns, Reaching safepoint: 184102 ns, At safepoint: 26893 ns, Total: 210995 ns
[2020-09-11T19:20:32.076+0000][1][safepoint    ] Safepoint "Cleanup", Time since last: 1215101554 ns, Reaching safepoint: 152377 ns, At safepoint: 17109 ns, Total: 169486 ns
[2020-09-11T19:20:33.076+0000][1][safepoint    ] Safepoint "Cleanup", Time since last: 1000217724 ns, Reaching safepoint: 115799 ns, At safepoint: 7465 ns, Total: 123264 ns
[2020-09-11T19:20:34.076+0000][1][safepoint    ] Safepoint "Cleanup", Time since last: 1000170140 ns, Reaching safepoint: 116897 ns, At safepoint: 7643 ns, Total: 124540 ns
[2020-09-11T19:20:35.077+0000][1][safepoint    ] Safepoint "Cleanup", Time since last: 1000182573 ns, Reaching safepoint: 131872 ns, At safepoint: 7294 ns, Total: 139166 ns
[2020-09-11T19:20:36.077+0000][1][safepoint    ] Safepoint "Cleanup", Time since last: 1000175761 ns, Reaching safepoint: 162135 ns, At safepoint: 16451 ns, Total: 178586 ns
[2020-09-11T19:20:37.078+0000][1][safepoint    ] Safepoint "Cleanup", Time since last: 1000233382 ns, Reaching safepoint: 159583 ns, At safepoint: 17413 ns, Total: 176996 ns
[2020-09-11T19:20:37.809+0000][1][safepoint    ] Safepoint "RevokeBias", Time since last: 731475426 ns, Reaching safepoint: 112716 ns, At safepoint: 58912 ns, Total: 171628 ns
[2020-09-11T19:20:38.459+0000][1][gc,start     ] GC(347) Pause Young (Allocation Failure)
[2020-09-11T19:20:38.459+0000][1][gc,task      ] GC(347) Using 1 workers of 1 for evacuation
[2020-09-11T19:20:38.465+0000][1][gc,age       ] GC(347) Desired survivor size 4358144 bytes, new threshold 6 (max threshold 6)
[2020-09-11T19:20:38.465+0000][1][gc,age       ] GC(347) Age table with threshold 6 (max threshold 6)
[2020-09-11T19:20:38.465+0000][1][gc,age       ] GC(347) - age   1:     151464 bytes,     151464 total
[2020-09-11T19:20:38.465+0000][1][gc,age       ] GC(347) - age   2:    1976704 bytes,    2128168 total
[2020-09-11T19:20:38.465+0000][1][gc,age       ] GC(347) - age   3:     108024 bytes,    2236192 total
[2020-09-11T19:20:38.465+0000][1][gc,age       ] GC(347) - age   4:     234312 bytes,    2470504 total
[2020-09-11T19:20:38.465+0000][1][gc,age       ] GC(347) - age   5:     258336 bytes,    2728840 total
[2020-09-11T19:20:38.465+0000][1][gc,age       ] GC(347) - age   6:     608904 bytes,    3337744 total
[2020-09-11T19:20:38.465+0000][1][gc,heap      ] GC(347) ParNew: 72475K->5507K(76672K)
[2020-09-11T19:20:38.465+0000][1][gc,heap      ] GC(347) CMS: 159483K->159489K(439104K)
[2020-09-11T19:20:38.465+0000][1][gc,metaspace ] GC(347) Metaspace: 97268K->97268K(1138688K)
[2020-09-11T19:20:38.466+0000][1][gc           ] GC(347) Pause Young (Allocation Failure) 226M->161M(503M) 6.196ms
[2020-09-11T19:20:38.466+0000][1][gc,cpu       ] GC(347) User=0.01s Sys=0.00s Real=0.00s
[2020-09-11T19:20:38.469+0000][1][safepoint    ] Safepoint "GenCollectForAllocation", Time since last: 649863938 ns, Reaching safepoint: 220737 ns, At safepoint: 9960089 ns, Total: 10180826 ns
[2020-09-11T19:20:38.532+0000][1][safepoint    ] Safepoint "RevokeBias", Time since last: 62349500 ns, Reaching safepoint: 93690 ns, At safepoint: 23807 ns, Total: 117497 ns
[2020-09-11T19:20:39.532+0000][1][safepoint    ] Safepoint "Cleanup", Time since last: 1000137621 ns, Reaching safepoint: 152507 ns, At safepoint: 15692 ns, Total: 168199 ns
[2020-09-11T19:20:40.532+0000][1][safepoint    ] Safepoint "Cleanup", Time since last: 1000203026 ns, Reaching safepoint: 108945 ns, At safepoint: 6561 ns, Total: 115506 ns
[2020-09-11T19:20:40.860+0000][1][safepoint    ] Safepoint "RevokeBias", Time since last: 327892658 ns, Reaching safepoint: 91170 ns, At safepoint: 22127 ns, Total: 113297 ns
[2020-09-11T19:20:41.861+0000][1][safepoint    ] Safepoint "Cleanup", Time since last: 1000147849 ns, Reaching safepoint: 121220 ns, At safepoint: 7323 ns, Total: 128543 ns
[2020-09-11T19:20:42.861+0000][1][safepoint    ] Safepoint "Cleanup", Time since last: 1000178857 ns, Reaching safepoint: 114345 ns, At safepoint: 8177 ns, Total: 122522 ns
[2020-09-11T19:20:43.861+0000][1][safepoint    ] Safepoint "Cleanup", Time since last: 1000200107 ns, Reaching safepoint: 109843 ns, At safepoint: 7284 ns, Total: 117127 ns
[2020-09-11T19:20:44.862+0000][1][safepoint    ] Safepoint "Cleanup", Time since last: 1000199858 ns, Reaching safepoint: 221331 ns, At safepoint: 16301 ns, Total: 237632 ns
[2020-09-11T19:20:45.862+0000][1][safepoint    ] Safepoint "Cleanup", Time since last: 1000240284 ns, Reaching safepoint: 111655 ns, At safepoint: 7386 ns, Total: 119041 ns
[2020-09-11T19:20:46.862+0000][1][safepoint    ] Safepoint "Cleanup", Time since last: 1000154102 ns, Reaching safepoint: 141823 ns, At safepoint: 7526 ns, Total: 149349 ns
[2020-09-11T19:20:47.799+0000][1][safepoint    ] Safepoint "RevokeBias", Time since last: 936717657 ns, Reaching safepoint: 145779 ns, At safepoint: 28982 ns, Total: 174761 ns
[2020-09-11T19:20:48.561+0000][1][safepoint    ] Safepoint "BulkRevokeBias", Time since last: 761524907 ns, Reaching safepoint: 85177 ns, At safepoint: 330495 ns, Total: 415672 ns
[2020-09-11T19:20:49.562+0000][1][safepoint    ] Safepoint "Cleanup", Time since last: 1000140840 ns, Reaching safepoint: 157394 ns, At safepoint: 18923 ns, Total: 176317 ns
[2020-09-11T19:20:50.562+0000][1][safepoint    ] Safepoint "Cleanup", Time since last: 1000162722 ns, Reaching safepoint: 151063 ns, At safepoint: 16161 ns, Total: 167224 ns
[2020-09-11T19:20:50.858+0000][1][safepoint    ] Safepoint "RevokeBias", Time since last: 295548514 ns, Reaching safepoint: 208265 ns, At safepoint: 40537 ns, Total: 248802 ns
[2020-09-11T19:20:51.858+0000][1][safepoint    ] Safepoint "Cleanup", Time since last: 1000108866 ns, Reaching safepoint: 104006 ns, At safepoint: 7099 ns, Total: 111105 ns
[2020-09-11T19:20:52.858+0000][1][safepoint    ] Safepoint "Cleanup", Time since last: 1000137153 ns, Reaching safepoint: 169969 ns, At safepoint: 17734 ns, Total: 187703 ns
[2020-09-11T19:20:53.859+0000][1][safepoint    ] Safepoint "Cleanup", Time since last: 1000241633 ns, Reaching safepoint: 112154 ns, At safepoint: 7117 ns, Total: 119271 ns
[2020-09-11T19:20:54.859+0000][1][safepoint    ] Safepoint "Cleanup", Time since last: 1000153408 ns, Reaching safepoint: 173484 ns, At safepoint: 17808 ns, Total: 191292 ns
[2020-09-11T19:20:55.859+0000][1][safepoint    ] Safepoint "Cleanup", Time since last: 1000139990 ns, Reaching safepoint: 80603 ns, At safepoint: 5686 ns, Total: 86289 ns
[2020-09-11T19:20:56.859+0000][1][safepoint    ] Safepoint "Cleanup", Time since last: 1000172510 ns, Reaching safepoint: 109269 ns, At safepoint: 7703 ns, Total: 116972 ns
[2020-09-11T19:20:57.794+0000][1][safepoint    ] Safepoint "RevokeBias", Time since last: 934006568 ns, Reaching safepoint: 232137 ns, At safepoint: 22676 ns, Total: 254813 ns
[2020-09-11T19:20:58.166+0000][1][gc,start     ] GC(348) Pause Young (Allocation Failure)
[2020-09-11T19:20:58.166+0000][1][gc,task      ] GC(348) Using 1 workers of 1 for evacuation
[2020-09-11T19:20:58.172+0000][1][gc,age       ] GC(348) Desired survivor size 4358144 bytes, new threshold 6 (max threshold 6)
[2020-09-11T19:20:58.172+0000][1][gc,age       ] GC(348) Age table with threshold 6 (max threshold 6)
[2020-09-11T19:20:58.172+0000][1][gc,age       ] GC(348) - age   1:      83280 bytes,      83280 total
[2020-09-11T19:20:58.172+0000][1][gc,age       ] GC(348) - age   2:      21968 bytes,     105248 total
[2020-09-11T19:20:58.172+0000][1][gc,age       ] GC(348) - age   3:    1971888 bytes,    2077136 total
[2020-09-11T19:20:58.172+0000][1][gc,age       ] GC(348) - age   4:     107928 bytes,    2185064 total
[2020-09-11T19:20:58.172+0000][1][gc,age       ] GC(348) - age   5:     224352 bytes,    2409416 total
[2020-09-11T19:20:58.172+0000][1][gc,age       ] GC(348) - age   6:     258064 bytes,    2667480 total
[2020-09-11T19:20:58.172+0000][1][gc,heap      ] GC(348) ParNew: 73667K->3821K(76672K)
[2020-09-11T19:20:58.172+0000][1][gc,heap      ] GC(348) CMS: 159489K->160084K(439104K)
[2020-09-11T19:20:58.172+0000][1][gc,metaspace ] GC(348) Metaspace: 97270K->97270K(1138688K)
[2020-09-11T19:20:58.172+0000][1][gc           ] GC(348) Pause Young (Allocation Failure) 227M->160M(503M) 6.519ms
[2020-09-11T19:20:58.172+0000][1][gc,cpu       ] GC(348) User=0.00s Sys=0.00s Real=0.01s
[2020-09-11T19:20:58.172+0000][1][safepoint    ] Safepoint "GenCollectForAllocation", Time since last: 371645084 ns, Reaching safepoint: 190943 ns, At safepoint: 6623160 ns, Total: 6814103 ns
[2020-09-11T19:20:58.512+0000][1][safepoint    ] Safepoint "RevokeBias", Time since last: 340023079 ns, Reaching safepoint: 99281 ns, At safepoint: 22447 ns, Total: 121728 ns
[2020-09-11T19:20:59.513+0000][1][safepoint    ] Safepoint "Cleanup", Time since last: 1000163114 ns, Reaching safepoint: 153893 ns, At safepoint: 16788 ns, Total: 170681 ns
[2020-09-11T19:21:00.513+0000][1][safepoint    ] Safepoint "Cleanup", Time since last: 1000228615 ns, Reaching safepoint: 115391 ns, At safepoint: 7837 ns, Total: 123228 ns
[2020-09-11T19:21:00.880+0000][1][safepoint    ] Safepoint "RevokeBias", Time since last: 366927408 ns, Reaching safepoint: 202341 ns, At safepoint: 22661 ns, Total: 225002 ns
[2020-09-11T19:21:01.880+0000][1][safepoint    ] Safepoint "Cleanup", Time since last: 1000143502 ns, Reaching safepoint: 122366 ns, At safepoint: 7066 ns, Total: 129432 ns
[2020-09-11T19:21:02.881+0000][1][safepoint    ] Safepoint "Cleanup", Time since last: 1000188622 ns, Reaching safepoint: 106785 ns, At safepoint: 7333 ns, Total: 114118 ns
[2020-09-11T19:21:03.881+0000][1][safepoint    ] Safepoint "Cleanup", Time since last: 1000189754 ns, Reaching safepoint: 158700 ns, At safepoint: 17453 ns, Total: 176153 ns
[2020-09-11T19:21:04.881+0000][1][safepoint    ] Safepoint "Cleanup", Time since last: 1000228776 ns, Reaching safepoint: 111383 ns, At safepoint: 7576 ns, Total: 118959 ns
[2020-09-11T19:21:05.882+0000][1][safepoint    ] Safepoint "Cleanup", Time since last: 1000183285 ns, Reaching safepoint: 247891 ns, At safepoint: 16812 ns, Total: 264703 ns
[2020-09-11T19:21:06.882+0000][1][safepoint    ] Safepoint "Cleanup", Time since last: 1000254881 ns, Reaching safepoint: 100313 ns, At safepoint: 7283 ns, Total: 107596 ns
[2020-09-11T19:21:07.797+0000][1][safepoint    ] Safepoint "RevokeBias", Time since last: 914321363 ns, Reaching safepoint: 88489 ns, At safepoint: 21841 ns, Total: 110330 ns
[2020-09-11T19:21:08.502+0000][1][safepoint    ] Safepoint "RevokeBias", Time since last: 705440340 ns, Reaching safepoint: 97896 ns, At safepoint: 22525 ns, Total: 120421 ns
[2020-09-11T19:21:09.503+0000][1][safepoint    ] Safepoint "Cleanup", Time since last: 1000169240 ns, Reaching safepoint: 150097 ns, At safepoint: 17400 ns, Total: 167497 ns
[2020-09-11T19:21:10.503+0000][1][safepoint    ] Safepoint "Cleanup", Time since last: 1000184528 ns, Reaching safepoint: 81719 ns, At safepoint: 6688 ns, Total: 88407 ns
[2020-09-11T19:21:10.859+0000][1][safepoint    ] Safepoint "RevokeBias", Time since last: 355641232 ns, Reaching safepoint: 89272 ns, At safepoint: 21762 ns, Total: 111034 ns
[2020-09-11T19:21:11.859+0000][1][safepoint    ] Safepoint "Cleanup", Time since last: 1000176283 ns, Reaching safepoint: 185190 ns, At safepoint: 17210 ns, Total: 202400 ns
[2020-09-11T19:21:12.859+0000][1][safepoint    ] Safepoint "Cleanup", Time since last: 1000189524 ns, Reaching safepoint: 172141 ns, At safepoint: 18743 ns, Total: 190884 ns
[2020-09-11T19:21:13.860+0000][1][safepoint    ] Safepoint "Cleanup", Time since last: 1000253263 ns, Reaching safepoint: 100312 ns, At safepoint: 7284 ns, Total: 107596 ns
[2020-09-11T19:21:14.860+0000][1][safepoint    ] Safepoint "Cleanup", Time since last: 1000167157 ns, Reaching safepoint: 93392 ns, At safepoint: 7712 ns, Total: 101104 ns
[2020-09-11T19:21:15.860+0000][1][safepoint    ] Safepoint "Cleanup", Time since last: 1000180612 ns, Reaching safepoint: 186250 ns, At safepoint: 15900 ns, Total: 202150 ns
[2020-09-11T19:21:16.861+0000][1][safepoint    ] Safepoint "Cleanup", Time since last: 1000191904 ns, Reaching safepoint: 160624 ns, At safepoint: 17801 ns, Total: 178425 ns
[2020-09-11T19:21:17.794+0000][1][gc,start     ] GC(349) Pause Young (Allocation Failure)
[2020-09-11T19:21:17.794+0000][1][gc,task      ] GC(349) Using 1 workers of 1 for evacuation
[2020-09-11T19:21:17.802+0000][1][gc,age       ] GC(349) Desired survivor size 4358144 bytes, new threshold 6 (max threshold 6)
[2020-09-11T19:21:17.802+0000][1][gc,age       ] GC(349) Age table with threshold 6 (max threshold 6)
[2020-09-11T19:21:17.802+0000][1][gc,age       ] GC(349) - age   1:     315824 bytes,     315824 total
[2020-09-11T19:21:17.802+0000][1][gc,age       ] GC(349) - age   2:      29872 bytes,     345696 total
[2020-09-11T19:21:17.802+0000][1][gc,age       ] GC(349) - age   3:      21328 bytes,     367024 total
[2020-09-11T19:21:17.802+0000][1][gc,age       ] GC(349) - age   4:    1971696 bytes,    2338720 total
[2020-09-11T19:21:17.802+0000][1][gc,age       ] GC(349) - age   5:     107928 bytes,    2446648 total
[2020-09-11T19:21:17.802+0000][1][gc,age       ] GC(349) - age   6:     224352 bytes,    2671000 total
[2020-09-11T19:21:17.802+0000][1][gc,heap      ] GC(349) ParNew: 71981K->4862K(76672K)
[2020-09-11T19:21:17.802+0000][1][gc,heap      ] GC(349) CMS: 160084K->160336K(439104K)
[2020-09-11T19:21:17.802+0000][1][gc,metaspace ] GC(349) Metaspace: 97270K->97270K(1138688K)
[2020-09-11T19:21:17.802+0000][1][gc           ] GC(349) Pause Young (Allocation Failure) 226M->161M(503M) 7.955ms
[2020-09-11T19:21:17.802+0000][1][gc,cpu       ] GC(349) User=0.01s Sys=0.00s Real=0.01s
[2020-09-11T19:21:17.802+0000][1][safepoint    ] Safepoint "GenCollectForAllocation", Time since last: 933002965 ns, Reaching safepoint: 173341 ns, At safepoint: 8459953 ns, Total: 8633294 ns
[2020-09-11T19:21:17.814+0000][1][safepoint    ] Safepoint "RevokeBias", Time since last: 11652697 ns, Reaching safepoint: 84994 ns, At safepoint: 24062 ns, Total: 109056 ns
[2020-09-11T19:21:18.513+0000][1][safepoint    ] Safepoint "RevokeBias", Time since last: 699268989 ns, Reaching safepoint: 92613 ns, At safepoint: 23024 ns, Total: 115637 ns
[2020-09-11T19:21:19.514+0000][1][safepoint    ] Safepoint "Cleanup", Time since last: 1000188526 ns, Reaching safepoint: 157297 ns, At safepoint: 19254 ns, Total: 176551 ns
[2020-09-11T19:21:20.514+0000][1][safepoint    ] Safepoint "Cleanup", Time since last: 1000157168 ns, Reaching safepoint: 155599 ns, At safepoint: 16889 ns, Total: 172488 ns
[2020-09-11T19:21:20.873+0000][1][safepoint    ] Safepoint "RevokeBias", Time since last: 358519539 ns, Reaching safepoint: 90502 ns, At safepoint: 21083 ns, Total: 111585 ns
[2020-09-11T19:21:21.873+0000][1][safepoint    ] Safepoint "Cleanup", Time since last: 1000170449 ns, Reaching safepoint: 164631 ns, At safepoint: 18044 ns, Total: 182675 ns
[2020-09-11T19:21:22.873+0000][1][safepoint    ] Safepoint "Cleanup", Time since last: 1000159477 ns, Reaching safepoint: 82506 ns, At safepoint: 7019 ns, Total: 89525 ns
[2020-09-11T19:21:23.874+0000][1][safepoint    ] Safepoint "Cleanup", Time since last: 1000188800 ns, Reaching safepoint: 138740 ns, At safepoint: 6685 ns, Total: 145425 ns
[2020-09-11T19:21:24.874+0000][1][safepoint    ] Safepoint "Cleanup", Time since last: 1000208011 ns, Reaching safepoint: 162291 ns, At safepoint: 18198 ns, Total: 180489 ns
[2020-09-11T19:21:25.726+0000][1][safepoint    ] Safepoint "RevokeBias", Time since last: 851416658 ns, Reaching safepoint: 220585 ns, At safepoint: 46994 ns, Total: 267579 ns
[2020-09-11T19:21:26.726+0000][1][safepoint    ] Safepoint "Cleanup", Time since last: 1000177573 ns, Reaching safepoint: 161402 ns, At safepoint: 16418 ns, Total: 177820 ns
[2020-09-11T19:21:27.727+0000][1][safepoint    ] Safepoint "Cleanup", Time since last: 1000216827 ns, Reaching safepoint: 113913 ns, At safepoint: 7728 ns, Total: 121641 ns
[2020-09-11T19:21:27.794+0000][1][safepoint    ] Safepoint "RevokeBias", Time since last: 67422700 ns, Reaching safepoint: 91097 ns, At safepoint: 21739 ns, Total: 112836 ns
[2020-09-11T19:21:28.566+0000][1][safepoint    ] Safepoint "RevokeBias", Time since last: 771468153 ns, Reaching safepoint: 117576 ns, At safepoint: 22911 ns, Total: 140487 ns
[2020-09-11T19:21:29.566+0000][1][safepoint    ] Safepoint "Cleanup", Time since last: 1000168594 ns, Reaching safepoint: 147361 ns, At safepoint: 17129 ns, Total: 164490 ns
[2020-09-11T19:21:30.566+0000][1][safepoint    ] Safepoint "Cleanup", Time since last: 1000185592 ns, Reaching safepoint: 147488 ns, At safepoint: 16982 ns, Total: 164470 ns
[2020-09-11T19:21:30.859+0000][1][safepoint    ] Safepoint "RevokeBias", Time since last: 292268429 ns, Reaching safepoint: 88030 ns, At safepoint: 21821 ns, Total: 109851 ns
[2020-09-11T19:21:31.859+0000][1][safepoint    ] Safepoint "Cleanup", Time since last: 1000124926 ns, Reaching safepoint: 161824 ns, At safepoint: 15365 ns, Total: 177189 ns
[2020-09-11T19:21:32.859+0000][1][safepoint    ] Safepoint "Cleanup", Time since last: 1000217291 ns, Reaching safepoint: 162702 ns, At safepoint: 15676 ns, Total: 178378 ns
[2020-09-11T19:21:33.860+0000][1][safepoint    ] Safepoint "Cleanup", Time since last: 1000228167 ns, Reaching safepoint: 107497 ns, At safepoint: 7461 ns, Total: 114958 ns
[2020-09-11T19:21:34.860+0000][1][safepoint    ] Safepoint "Cleanup", Time since last: 1000166545 ns, Reaching safepoint: 160604 ns, At safepoint: 17631 ns, Total: 178235 ns
[2020-09-11T19:21:35.860+0000][1][safepoint    ] Safepoint "Cleanup", Time since last: 1000183872 ns, Reaching safepoint: 163667 ns, At safepoint: 17186 ns, Total: 180853 ns
[2020-09-11T19:21:36.861+0000][1][safepoint    ] Safepoint "Cleanup", Time since last: 1000223558 ns, Reaching safepoint: 115064 ns, At safepoint: 7322 ns, Total: 122386 ns
[2020-09-11T19:21:37.789+0000][1][gc,start     ] GC(350) Pause Young (Allocation Failure)
[2020-09-11T19:21:37.790+0000][1][gc,task      ] GC(350) Using 1 workers of 1 for evacuation
[2020-09-11T19:21:37.795+0000][1][gc,age       ] GC(350) Desired survivor size 4358144 bytes, new threshold 6 (max threshold 6)
[2020-09-11T19:21:37.795+0000][1][gc,age       ] GC(350) Age table with threshold 6 (max threshold 6)
[2020-09-11T19:21:37.795+0000][1][gc,age       ] GC(350) - age   1:     401360 bytes,     401360 total
[2020-09-11T19:21:37.795+0000][1][gc,age       ] GC(350) - age   2:     218400 bytes,     619760 total
[2020-09-11T19:21:37.795+0000][1][gc,age       ] GC(350) - age   3:      23616 bytes,     643376 total
[2020-09-11T19:21:37.795+0000][1][gc,age       ] GC(350) - age   4:      21328 bytes,     664704 total
[2020-09-11T19:21:37.795+0000][1][gc,age       ] GC(350) - age   5:    1971696 bytes,    2636400 total
[2020-09-11T19:21:37.795+0000][1][gc,age       ] GC(350) - age   6:     106688 bytes,    2743088 total
[2020-09-11T19:21:37.795+0000][1][gc,heap      ] GC(350) ParNew: 73022K->3171K(76672K)
[2020-09-11T19:21:37.795+0000][1][gc,heap      ] GC(350) CMS: 160336K->160555K(439104K)
[2020-09-11T19:21:37.795+0000][1][gc,metaspace ] GC(350) Metaspace: 97277K->97277K(1138688K)
[2020-09-11T19:21:37.795+0000][1][gc           ] GC(350) Pause Young (Allocation Failure) 227M->159M(503M) 5.886ms
[2020-09-11T19:21:37.795+0000][1][gc,cpu       ] GC(350) User=0.01s Sys=0.00s Real=0.00s
[2020-09-11T19:21:37.795+0000][1][safepoint    ] Safepoint "GenCollectForAllocation", Time since last: 928415684 ns, Reaching safepoint: 187766 ns, At safepoint: 5981617 ns, Total: 6169383 ns
[2020-09-11T19:21:37.807+0000][1][safepoint    ] Safepoint "RevokeBias", Time since last: 11606247 ns, Reaching safepoint: 89850 ns, At safepoint: 34376 ns, Total: 124226 ns
[2020-09-11T19:21:38.524+0000][1][safepoint    ] Safepoint "RevokeBias", Time since last: 717184394 ns, Reaching safepoint: 89793 ns, At safepoint: 23346 ns, Total: 113139 ns
[2020-09-11T19:21:39.525+0000][1][safepoint    ] Safepoint "Cleanup", Time since last: 1000169105 ns, Reaching safepoint: 154660 ns, At safepoint: 16605 ns, Total: 171265 ns
[2020-09-11T19:21:40.525+0000][1][safepoint    ] Safepoint "Cleanup", Time since last: 1000192356 ns, Reaching safepoint: 103899 ns, At safepoint: 6698 ns, Total: 110597 ns
[2020-09-11T19:21:40.886+0000][1][safepoint    ] Safepoint "RevokeBias", Time since last: 360482004 ns, Reaching safepoint: 115644 ns, At safepoint: 21852 ns, Total: 137496 ns
[2020-09-11T19:21:41.886+0000][1][safepoint    ] Safepoint "Cleanup", Time since last: 1000143555 ns, Reaching safepoint: 127760 ns, At safepoint: 8848 ns, Total: 136608 ns
[2020-09-11T19:21:42.886+0000][1][safepoint    ] Safepoint "Cleanup", Time since last: 1000174694 ns, Reaching safepoint: 115126 ns, At safepoint: 7242 ns, Total: 122368 ns
[2020-09-11T19:21:43.887+0000][1][safepoint    ] Safepoint "Cleanup", Time since last: 1000202276 ns, Reaching safepoint: 109205 ns, At safepoint: 7494 ns, Total: 116699 ns
[2020-09-11T19:21:44.887+0000][1][safepoint    ] Safepoint "Cleanup", Time since last: 1000177037 ns, Reaching safepoint: 127256 ns, At safepoint: 6465 ns, Total: 133721 ns
[2020-09-11T19:21:45.887+0000][1][safepoint    ] Safepoint "Cleanup", Time since last: 1000187294 ns, Reaching safepoint: 164352 ns, At safepoint: 16819 ns, Total: 181171 ns
[2020-09-11T19:21:46.888+0000][1][safepoint    ] Safepoint "Cleanup", Time since last: 1000291288 ns, Reaching safepoint: 80655 ns, At safepoint: 6687 ns, Total: 87342 ns
[2020-09-11T19:21:47.802+0000][1][safepoint    ] Safepoint "RevokeBias", Time since last: 914152605 ns, Reaching safepoint: 87805 ns, At safepoint: 22178 ns, Total: 109983 ns
[2020-09-11T19:21:48.502+0000][1][safepoint    ] Safepoint "RevokeBias", Time since last: 700404619 ns, Reaching safepoint: 87624 ns, At safepoint: 21189 ns, Total: 108813 ns
[2020-09-11T19:21:49.503+0000][1][safepoint    ] Safepoint "Cleanup", Time since last: 1000169287 ns, Reaching safepoint: 105171 ns, At safepoint: 6610 ns, Total: 111781 ns
[2020-09-11T19:21:50.503+0000][1][safepoint    ] Safepoint "Cleanup", Time since last: 1000162181 ns, Reaching safepoint: 153371 ns, At safepoint: 18132 ns, Total: 171503 ns
[2020-09-11T19:21:50.865+0000][1][safepoint    ] Safepoint "RevokeBias", Time since last: 362195479 ns, Reaching safepoint: 85429 ns, At safepoint: 21013 ns, Total: 106442 ns
[2020-09-11T19:21:51.866+0000][1][safepoint    ] Safepoint "Cleanup", Time since last: 1000110665 ns, Reaching safepoint: 492983 ns, At safepoint: 8573 ns, Total: 501556 ns
[2020-09-11T19:21:52.100+0000][1][gc,start     ] GC(351) Pause Young (Allocation Failure)
[2020-09-11T19:21:52.100+0000][1][gc,task      ] GC(351) Using 1 workers of 1 for evacuation
[2020-09-11T19:21:52.106+0000][1][gc,age       ] GC(351) Desired survivor size 4358144 bytes, new threshold 6 (max threshold 6)
[2020-09-11T19:21:52.106+0000][1][gc,age       ] GC(351) Age table with threshold 6 (max threshold 6)
[2020-09-11T19:21:52.106+0000][1][gc,age       ] GC(351) - age   1:     407216 bytes,     407216 total
[2020-09-11T19:21:52.106+0000][1][gc,age       ] GC(351) - age   2:     268696 bytes,     675912 total
[2020-09-11T19:21:52.106+0000][1][gc,age       ] GC(351) - age   3:     216904 bytes,     892816 total
[2020-09-11T19:21:52.106+0000][1][gc,age       ] GC(351) - age   4:      23616 bytes,     916432 total
[2020-09-11T19:21:52.106+0000][1][gc,age       ] GC(351) - age   5:      21328 bytes,     937760 total
[2020-09-11T19:21:52.106+0000][1][gc,age       ] GC(351) - age   6:    1971696 bytes,    2909456 total
[2020-09-11T19:21:52.106+0000][1][gc,heap      ] GC(351) ParNew: 71331K->4811K(76672K)
[2020-09-11T19:21:52.106+0000][1][gc,heap      ] GC(351) CMS: 160555K->160660K(439104K)
[2020-09-11T19:21:52.106+0000][1][gc,metaspace ] GC(351) Metaspace: 97282K->97282K(1138688K)
[2020-09-11T19:21:52.106+0000][1][gc           ] GC(351) Pause Young (Allocation Failure) 226M->161M(503M) 5.541ms
[2020-09-11T19:21:52.106+0000][1][gc,cpu       ] GC(351) User=0.00s Sys=0.00s Real=0.01s
[2020-09-11T19:21:52.106+0000][1][safepoint    ] Safepoint "GenCollectForAllocation", Time since last: 234299533 ns, Reaching safepoint: 105192 ns, At safepoint: 5606329 ns, Total: 5711521 ns
[2020-09-11T19:21:53.111+0000][1][safepoint    ] Safepoint "Cleanup", Time since last: 1004375615 ns, Reaching safepoint: 155976 ns, At safepoint: 17848 ns, Total: 173824 ns
[2020-09-11T19:21:54.111+0000][1][safepoint    ] Safepoint "Cleanup", Time since last: 1000214807 ns, Reaching safepoint: 109342 ns, At safepoint: 6275 ns, Total: 115617 ns
[2020-09-11T19:21:55.111+0000][1][safepoint    ] Safepoint "Cleanup", Time since last: 1000189606 ns, Reaching safepoint: 107836 ns, At safepoint: 7142 ns, Total: 114978 ns
[2020-09-11T19:21:56.112+0000][1][safepoint    ] Safepoint "Cleanup", Time since last: 1000181041 ns, Reaching safepoint: 163517 ns, At safepoint: 16334 ns, Total: 179851 ns
[2020-09-11T19:21:57.112+0000][1][safepoint    ] Safepoint "Cleanup", Time since last: 1000175767 ns, Reaching safepoint: 117780 ns, At safepoint: 7446 ns, Total: 125226 ns
[2020-09-11T19:21:57.793+0000][1][safepoint    ] Safepoint "RevokeBias", Time since last: 680751657 ns, Reaching safepoint: 87648 ns, At safepoint: 22018 ns, Total: 109666 ns
[2020-09-11T19:21:58.544+0000][1][safepoint    ] Safepoint "RevokeBias", Time since last: 750729537 ns, Reaching safepoint: 95380 ns, At safepoint: 25934 ns, Total: 121314 ns
[2020-09-11T19:21:59.544+0000][1][safepoint    ] Safepoint "Cleanup", Time since last: 1000136191 ns, Reaching safepoint: 93680 ns, At safepoint: 15269 ns, Total: 108949 ns
[2020-09-11T19:22:00.544+0000][1][safepoint    ] Safepoint "Cleanup", Time since last: 1000124376 ns, Reaching safepoint: 94476 ns, At safepoint: 8168 ns, Total: 102644 ns
[2020-09-11T19:22:00.864+0000][1][safepoint    ] Safepoint "RevokeBias", Time since last: 319931620 ns, Reaching safepoint: 87951 ns, At safepoint: 21838 ns, Total: 109789 ns
                                                                                                                                                                                                                                                                                                                                                                                                                                                                                                                                                                                                                                                                                                                     