[2020-09-11T14:05:45.492+0000][1][gc] Using Concurrent Mark Sweep
[2020-09-11T14:05:45.492+0000][1][gc,heap,coops] Heap address: 0x00000000e0000000, size: 512 MB, Compressed Oops mode: 32-bit
[2020-09-11T14:05:45.612+0000][1][safepoint    ] Safepoint "EnableBiasedLocking", Time since last: 105413717 ns, Reaching safepoint: 101566 ns, At safepoint: 33533 ns, Total: 135099 ns
[2020-09-11T14:05:45.624+0000][1][safepoint    ] Safepoint "RevokeBias", Time since last: 7393552 ns, Reaching safepoint: 3965670 ns, At safepoint: 59388 ns, Total: 4025058 ns
[2020-09-11T14:05:45.648+0000][1][safepoint    ] Safepoint "Deoptimize", Time since last: 24681532 ns, Reaching safepoint: 91229 ns, At safepoint: 21146 ns, Total: 112375 ns
[2020-09-11T14:05:45.974+0000][1][safepoint    ] Safepoint "Deoptimize", Time since last: 325064832 ns, Reaching safepoint: 993482 ns, At safepoint: 33002 ns, Total: 1026484 ns
[2020-09-11T14:05:45.979+0000][1][safepoint    ] Safepoint "Deoptimize", Time since last: 1007970 ns, Reaching safepoint: 4002820 ns, At safepoint: 29384 ns, Total: 4032204 ns
[2020-09-11T14:05:46.087+0000][1][safepoint    ] Safepoint "Deoptimize", Time since last: 104018750 ns, Reaching safepoint: 3959086 ns, At safepoint: 46221 ns, Total: 4005307 ns
[2020-09-11T14:05:47.088+0000][1][safepoint    ] Safepoint "Cleanup", Time since last: 1000106962 ns, Reaching safepoint: 126991 ns, At safepoint: 4658 ns, Total: 131649 ns
[2020-09-11T14:05:47.187+0000][1][safepoint    ] Safepoint "Deoptimize", Time since last: 99201830 ns, Reaching safepoint: 58892 ns, At safepoint: 68102 ns, Total: 126994 ns
[2020-09-11T14:05:47.348+0000][1][safepoint    ] Safepoint "Deoptimize", Time since last: 160427070 ns, Reaching safepoint: 100837 ns, At safepoint: 73394 ns, Total: 174231 ns
[2020-09-11T14:05:47.498+0000][1][safepoint    ] Safepoint "Deoptimize", Time since last: 148035078 ns, Reaching safepoint: 2086331 ns, At safepoint: 95978 ns, Total: 2182309 ns
[2020-09-11T14:05:48.440+0000][1][safepoint    ] Safepoint "Deoptimize", Time since last: 942317505 ns, Reaching safepoint: 126852 ns, At safepoint: 85635 ns, Total: 212487 ns
[2020-09-11T14:05:49.441+0000][1][safepoint    ] Safepoint "Cleanup", Time since last: 1000104290 ns, Reaching safepoint: 33192 ns, At safepoint: 5612 ns, Total: 38804 ns
[2020-09-11T14:05:49.528+0000][1][safepoint    ] Safepoint "Deoptimize", Time since last: 84000219 ns, Reaching safepoint: 2913756 ns, At safepoint: 96996 ns, Total: 3010752 ns
[2020-09-11T14:05:50.506+0000][1][safepoint    ] Safepoint "Deoptimize", Time since last: 978532144 ns, Reaching safepoint: 123070 ns, At safepoint: 113661 ns, Total: 236731 ns
[2020-09-11T14:05:50.511+0000][1][safepoint    ] Safepoint "Deoptimize", Time since last: 3994188 ns, Reaching safepoint: 90377 ns, At safepoint: 116638 ns, Total: 207015 ns
[2020-09-11T14:05:50.673+0000][1][safepoint    ] Safepoint "Deoptimize", Time since last: 162718899 ns, Reaching safepoint: 109842 ns, At safepoint: 129999 ns, Total: 239841 ns
[2020-09-11T14:05:50.684+0000][1][safepoint    ] Safepoint "Deoptimize", Time since last: 10439704 ns, Reaching safepoint: 97920 ns, At safepoint: 120976 ns, Total: 218896 ns
[2020-09-11T14:05:50.717+0000][1][safepoint    ] Safepoint "RevokeBias", Time since last: 33201318 ns, Reaching safepoint: 102003 ns, At safepoint: 26729 ns, Total: 128732 ns
[2020-09-11T14:05:50.720+0000][1][safepoint    ] Safepoint "RevokeBias", Time since last: 2341560 ns, Reaching safepoint: 87736 ns, At safepoint: 25762 ns, Total: 113498 ns
[2020-09-11T14:05:50.720+0000][1][safepoint    ] Safepoint "RevokeBias", Time since last: 47354 ns, Reaching safepoint: 79629 ns, At safepoint: 17451 ns, Total: 97080 ns
[2020-09-11T14:05:50.720+0000][1][safepoint    ] Safepoint "RevokeBias", Time since last: 58422 ns, Reaching safepoint: 79106 ns, At safepoint: 21834 ns, Total: 100940 ns
[2020-09-11T14:05:50.720+0000][1][safepoint    ] Safepoint "RevokeBias", Time since last: 162590 ns, Reaching safepoint: 97770 ns, At safepoint: 23511 ns, Total: 121281 ns
[2020-09-11T14:05:50.940+0000][1][safepoint    ] Safepoint "RevokeBias", Time since last: 218934325 ns, Reaching safepoint: 123320 ns, At safepoint: 18203 ns, Total: 141523 ns
[2020-09-11T14:05:51.940+0000][1][safepoint    ] Safepoint "Cleanup", Time since last: 1000134818 ns, Reaching safepoint: 132432 ns, At safepoint: 7057 ns, Total: 139489 ns
[2020-09-11T14:05:51.968+0000][1][gc,start     ] GC(0) Pause Young (Allocation Failure)
[2020-09-11T14:05:51.968+0000][1][gc,task      ] GC(0) Using 1 workers of 1 for evacuation
[2020-09-11T14:05:51.999+0000][1][gc,age       ] GC(0) Desired survivor size 4358144 bytes, new threshold 1 (max threshold 6)
[2020-09-11T14:05:51.999+0000][1][gc,age       ] GC(0) Age table with threshold 1 (max threshold 6)
[2020-09-11T14:05:51.999+0000][1][gc,age       ] GC(0) - age   1:    6404336 bytes,    6404336 total
[2020-09-11T14:05:51.999+0000][1][gc,heap      ] GC(0) ParNew: 68160K->6279K(76672K)
[2020-09-11T14:05:51.999+0000][1][gc,heap      ] GC(0) CMS: 0K->0K(439104K)
[2020-09-11T14:05:51.999+0000][1][gc,metaspace ] GC(0) Metaspace: 13579K->13579K(1060864K)
[2020-09-11T14:05:51.999+0000][1][gc           ] GC(0) Pause Young (Allocation Failure) 66M->6M(503M) 31.019ms
[2020-09-11T14:05:51.999+0000][1][gc,cpu       ] GC(0) User=0.02s Sys=0.00s Real=0.03s
[2020-09-11T14:05:52.011+0000][1][safepoint    ] Safepoint "GenCollectForAllocation", Time since last: 28064707 ns, Reaching safepoint: 99323 ns, At safepoint: 43407158 ns, Total: 43506481 ns
[2020-09-11T14:05:52.022+0000][1][safepoint    ] Safepoint "RevokeBias", Time since last: 10017324 ns, Reaching safepoint: 96640 ns, At safepoint: 344446 ns, Total: 441086 ns
[2020-09-11T14:05:52.022+0000][1][safepoint    ] Safepoint "RevokeBias", Time since last: 99144 ns, Reaching safepoint: 86182 ns, At safepoint: 228394 ns, Total: 314576 ns
[2020-09-11T14:05:52.022+0000][1][safepoint    ] Safepoint "RevokeBias", Time since last: 43818 ns, Reaching safepoint: 82921 ns, At safepoint: 33355 ns, Total: 116276 ns
[2020-09-11T14:05:52.023+0000][1][safepoint    ] Safepoint "RevokeBias", Time since last: 26838 ns, Reaching safepoint: 79291 ns, At safepoint: 28015 ns, Total: 107306 ns
[2020-09-11T14:05:52.023+0000][1][safepoint    ] Safepoint "RevokeBias", Time since last: 44211 ns, Reaching safepoint: 82816 ns, At safepoint: 27805 ns, Total: 110621 ns
[2020-09-11T14:05:52.023+0000][1][safepoint    ] Safepoint "RevokeBias", Time since last: 25386 ns, Reaching safepoint: 78508 ns, At safepoint: 25326 ns, Total: 103834 ns
[2020-09-11T14:05:52.023+0000][1][safepoint    ] Safepoint "RevokeBias", Time since last: 32197 ns, Reaching safepoint: 78488 ns, At safepoint: 25782 ns, Total: 104270 ns
[2020-09-11T14:05:52.023+0000][1][safepoint    ] Safepoint "RevokeBias", Time since last: 24634 ns, Reaching safepoint: 77604 ns, At safepoint: 25423 ns, Total: 103027 ns
[2020-09-11T14:05:52.023+0000][1][safepoint    ] Safepoint "RevokeBias", Time since last: 29466 ns, Reaching safepoint: 78641 ns, At safepoint: 25288 ns, Total: 103929 ns
[2020-09-11T14:05:52.027+0000][1][safepoint    ] Safepoint "RevokeBias", Time since last: 22817 ns, Reaching safepoint: 77240 ns, At safepoint: 4052662 ns, Total: 4129902 ns
[2020-09-11T14:05:52.028+0000][1][safepoint    ] Safepoint "RevokeBias", Time since last: 34871 ns, Reaching safepoint: 80167 ns, At safepoint: 31235 ns, Total: 111402 ns
[2020-09-11T14:05:52.028+0000][1][safepoint    ] Safepoint "RevokeBias", Time since last: 22839 ns, Reaching safepoint: 86764 ns, At safepoint: 29811 ns, Total: 116575 ns
[2020-09-11T14:05:52.028+0000][1][safepoint    ] Safepoint "RevokeBias", Time since last: 51639 ns, Reaching safepoint: 77444 ns, At safepoint: 29666 ns, Total: 107110 ns
[2020-09-11T14:05:52.028+0000][1][safepoint    ] Safepoint "RevokeBias", Time since last: 21835 ns, Reaching safepoint: 77647 ns, At safepoint: 32183 ns, Total: 109830 ns
[2020-09-11T14:05:52.028+0000][1][safepoint    ] Safepoint "RevokeBias", Time since last: 39231 ns, Reaching safepoint: 77034 ns, At safepoint: 28556 ns, Total: 105590 ns
[2020-09-11T14:05:52.028+0000][1][safepoint    ] Safepoint "RevokeBias", Time since last: 22012 ns, Reaching safepoint: 76464 ns, At safepoint: 24466 ns, Total: 100930 ns
[2020-09-11T14:05:52.029+0000][1][safepoint    ] Safepoint "RevokeBias", Time since last: 173170 ns, Reaching safepoint: 77875 ns, At safepoint: 23685 ns, Total: 101560 ns
[2020-09-11T14:05:52.029+0000][1][safepoint    ] Safepoint "RevokeBias", Time since last: 23058 ns, Reaching safepoint: 75541 ns, At safepoint: 21367 ns, Total: 96908 ns
[2020-09-11T14:05:52.029+0000][1][safepoint    ] Safepoint "RevokeBias", Time since last: 29082 ns, Reaching safepoint: 54000 ns, At safepoint: 87752 ns, Total: 141752 ns
[2020-09-11T14:05:52.030+0000][1][safepoint    ] Safepoint "RevokeBias", Time since last: 22213 ns, Reaching safepoint: 76741 ns, At safepoint: 642576 ns, Total: 719317 ns
[2020-09-11T14:05:52.030+0000][1][safepoint    ] Safepoint "RevokeBias", Time since last: 47957 ns, Reaching safepoint: 78751 ns, At safepoint: 263118 ns, Total: 341869 ns
[2020-09-11T14:05:52.030+0000][1][safepoint    ] Safepoint "RevokeBias", Time since last: 25764 ns, Reaching safepoint: 78059 ns, At safepoint: 21554 ns, Total: 99613 ns
[2020-09-11T14:05:52.030+0000][1][safepoint    ] Safepoint "RevokeBias", Time since last: 88609 ns, Reaching safepoint: 77436 ns, At safepoint: 19772 ns, Total: 97208 ns
[2020-09-11T14:05:52.030+0000][1][safepoint    ] Safepoint "RevokeBias", Time since last: 22179 ns, Reaching safepoint: 77583 ns, At safepoint: 28020 ns, Total: 105603 ns
[2020-09-11T14:05:52.031+0000][1][safepoint    ] Safepoint "RevokeBias", Time since last: 33217 ns, Reaching safepoint: 77579 ns, At safepoint: 26048 ns, Total: 103627 ns
[2020-09-11T14:05:52.036+0000][1][safepoint    ] Safepoint "RevokeBias", Time since last: 255717 ns, Reaching safepoint: 77533 ns, At safepoint: 5325195 ns, Total: 5402728 ns
[2020-09-11T14:05:52.036+0000][1][safepoint    ] Safepoint "RevokeBias", Time since last: 80706 ns, Reaching safepoint: 92377 ns, At safepoint: 37722 ns, Total: 130099 ns
[2020-09-11T14:05:52.037+0000][1][safepoint    ] Safepoint "RevokeBias", Time since last: 29036 ns, Reaching safepoint: 79689 ns, At safepoint: 24901 ns, Total: 104590 ns
[2020-09-11T14:05:52.043+0000][1][safepoint    ] Safepoint "RevokeBias", Time since last: 1056809 ns, Reaching safepoint: 85168 ns, At safepoint: 5721365 ns, Total: 5806533 ns
[2020-09-11T14:05:52.046+0000][1][safepoint    ] Safepoint "RevokeBias", Time since last: 47706 ns, Reaching safepoint: 2088806 ns, At safepoint: 17455 ns, Total: 2106261 ns
[2020-09-11T14:05:52.128+0000][1][safepoint    ] Safepoint "Deoptimize", Time since last: 79200105 ns, Reaching safepoint: 2692439 ns, At safepoint: 187897 ns, Total: 2880336 ns
[2020-09-11T14:05:52.882+0000][1][safepoint    ] Safepoint "RevokeBias", Time since last: 753900393 ns, Reaching safepoint: 129716 ns, At safepoint: 29721 ns, Total: 159437 ns
[2020-09-11T14:05:53.794+0000][1][safepoint    ] Safepoint "Deoptimize", Time since last: 912257220 ns, Reaching safepoint: 152675 ns, At safepoint: 171799 ns, Total: 324474 ns
[2020-09-11T14:05:54.056+0000][1][gc,start     ] GC(1) Pause Young (Allocation Failure)
[2020-09-11T14:05:54.056+0000][1][gc,task      ] GC(1) Using 1 workers of 1 for evacuation
[2020-09-11T14:05:54.145+0000][1][gc,age       ] GC(1) Desired survivor size 4358144 bytes, new threshold 6 (max threshold 6)
[2020-09-11T14:05:54.145+0000][1][gc,age       ] GC(1) Age table with threshold 6 (max threshold 6)
[2020-09-11T14:05:54.145+0000][1][gc,age       ] GC(1) - age   1:    3715840 bytes,    3715840 total
[2020-09-11T14:05:54.145+0000][1][gc,heap      ] GC(1) ParNew: 74439K->4174K(76672K)
[2020-09-11T14:05:54.145+0000][1][gc,heap      ] GC(1) CMS: 0K->6790K(439104K)
[2020-09-11T14:05:54.145+0000][1][gc,metaspace ] GC(1) Metaspace: 18094K->18094K(1064960K)
[2020-09-11T14:05:54.145+0000][1][gc           ] GC(1) Pause Young (Allocation Failure) 72M->10M(503M) 89.164ms
[2020-09-11T14:05:54.145+0000][1][gc,cpu       ] GC(1) User=0.05s Sys=0.00s Real=0.09s
[2020-09-11T14:05:54.150+0000][1][safepoint    ] Safepoint "GenCollectForAllocation", Time since last: 261148799 ns, Reaching safepoint: 112294 ns, At safepoint: 94496749 ns, Total: 94609043 ns
[2020-09-11T14:05:54.172+0000][1][safepoint    ] Safepoint "BulkRevokeBias", Time since last: 21394779 ns, Reaching safepoint: 111602 ns, At safepoint: 93460 ns, Total: 205062 ns
[2020-09-11T14:05:54.172+0000][1][safepoint    ] Safepoint "RevokeBias", Time since last: 109476 ns, Reaching safepoint: 82699 ns, At safepoint: 32580 ns, Total: 115279 ns
[2020-09-11T14:05:54.172+0000][1][safepoint    ] Safepoint "RevokeBias", Time since last: 39612 ns, Reaching safepoint: 82091 ns, At safepoint: 39529 ns, Total: 121620 ns
[2020-09-11T14:05:54.172+0000][1][safepoint    ] Safepoint "RevokeBias", Time since last: 29770 ns, Reaching safepoint: 80443 ns, At safepoint: 30195 ns, Total: 110638 ns
[2020-09-11T14:05:54.172+0000][1][safepoint    ] Safepoint "RevokeBias", Time since last: 23296 ns, Reaching safepoint: 80944 ns, At safepoint: 38442 ns, Total: 119386 ns
[2020-09-11T14:05:54.172+0000][1][safepoint    ] Safepoint "RevokeBias", Time since last: 28123 ns, Reaching safepoint: 79709 ns, At safepoint: 30194 ns, Total: 109903 ns
[2020-09-11T14:05:54.173+0000][1][safepoint    ] Safepoint "RevokeBias", Time since last: 22142 ns, Reaching safepoint: 79612 ns, At safepoint: 29896 ns, Total: 109508 ns
[2020-09-11T14:05:54.173+0000][1][safepoint    ] Safepoint "BulkRevokeBias", Time since last: 27708 ns, Reaching safepoint: 81169 ns, At safepoint: 44635 ns, Total: 125804 ns
[2020-09-11T14:05:54.176+0000][1][safepoint    ] Safepoint "BulkRevokeBias", Time since last: 22646 ns, Reaching safepoint: 2772985 ns, At safepoint: 79296 ns, Total: 2852281 ns
[2020-09-11T14:05:54.287+0000][1][safepoint    ] Safepoint "Deoptimize", Time since last: 110726967 ns, Reaching safepoint: 108642 ns, At safepoint: 174596 ns, Total: 283238 ns
[2020-09-11T14:05:54.324+0000][1][safepoint    ] Safepoint "Deoptimize", Time since last: 36818971 ns, Reaching safepoint: 101506 ns, At safepoint: 201150 ns, Total: 302656 ns
[2020-09-11T14:05:54.905+0000][1][safepoint    ] Safepoint "Deoptimize", Time since last: 581322945 ns, Reaching safepoint: 115723 ns, At safepoint: 185870 ns, Total: 301593 ns
[2020-09-11T14:05:54.907+0000][1][safepoint    ] Safepoint "RevokeBias", Time since last: 472520 ns, Reaching safepoint: 1583287 ns, At safepoint: 44980 ns, Total: 1628267 ns
[2020-09-11T14:05:54.909+0000][1][safepoint    ] Safepoint "Deoptimize", Time since last: 988543 ns, Reaching safepoint: 132321 ns, At safepoint: 156458 ns, Total: 288779 ns
[2020-09-11T14:05:55.768+0000][1][gc,start     ] GC(2) Pause Young (Allocation Failure)
[2020-09-11T14:05:55.768+0000][1][gc,task      ] GC(2) Using 1 workers of 1 for evacuation
[2020-09-11T14:05:55.789+0000][1][gc,age       ] GC(2) Desired survivor size 4358144 bytes, new threshold 2 (max threshold 6)
[2020-09-11T14:05:55.789+0000][1][gc,age       ] GC(2) Age table with threshold 2 (max threshold 6)
[2020-09-11T14:05:55.789+0000][1][gc,age       ] GC(2) - age   1:    2778696 bytes,    2778696 total
[2020-09-11T14:05:55.789+0000][1][gc,age       ] GC(2) - age   2:    3520288 bytes,    6298984 total
[2020-09-11T14:05:55.789+0000][1][gc,heap      ] GC(2) ParNew: 72334K->7543K(76672K)
[2020-09-11T14:05:55.789+0000][1][gc,heap      ] GC(2) CMS: 6790K->6790K(439104K)
[2020-09-11T14:05:55.789+0000][1][gc,metaspace ] GC(2) Metaspace: 20124K->20124K(1067008K)
[2020-09-11T14:05:55.789+0000][1][gc           ] GC(2) Pause Young (Allocation Failure) 77M->13M(503M) 21.185ms
[2020-09-11T14:05:55.789+0000][1][gc,cpu       ] GC(2) User=0.02s Sys=0.00s Real=0.02s
[2020-09-11T14:05:55.799+0000][1][safepoint    ] Safepoint "GenCollectForAllocation", Time since last: 858690895 ns, Reaching safepoint: 198959 ns, At safepoint: 31817178 ns, Total: 32016137 ns
[2020-09-11T14:05:55.820+0000][1][safepoint    ] Safepoint "RevokeBias", Time since last: 19962416 ns, Reaching safepoint: 111112 ns, At safepoint: 56977 ns, Total: 168089 ns
[2020-09-11T14:05:55.820+0000][1][safepoint    ] Safepoint "RevokeBias", Time since last: 66128 ns, Reaching safepoint: 82134 ns, At safepoint: 47806 ns, Total: 129940 ns
[2020-09-11T14:05:55.820+0000][1][safepoint    ] Safepoint "RevokeBias", Time since last: 126400 ns, Reaching safepoint: 81858 ns, At safepoint: 41502 ns, Total: 123360 ns
[2020-09-11T14:05:55.820+0000][1][safepoint    ] Safepoint "RevokeBias", Time since last: 29087 ns, Reaching safepoint: 81552 ns, At safepoint: 32729 ns, Total: 114281 ns
[2020-09-11T14:05:55.820+0000][1][safepoint    ] Safepoint "RevokeBias", Time since last: 27732 ns, Reaching safepoint: 79895 ns, At safepoint: 29426 ns, Total: 109321 ns
[2020-09-11T14:05:55.820+0000][1][safepoint    ] Safepoint "RevokeBias", Time since last: 26968 ns, Reaching safepoint: 79903 ns, At safepoint: 30224 ns, Total: 110127 ns
[2020-09-11T14:05:55.821+0000][1][safepoint    ] Safepoint "RevokeBias", Time since last: 35629 ns, Reaching safepoint: 80882 ns, At safepoint: 41157 ns, Total: 122039 ns
[2020-09-11T14:05:55.828+0000][1][safepoint    ] Safepoint "RevokeBias", Time since last: 6839551 ns, Reaching safepoint: 108626 ns, At safepoint: 57771 ns, Total: 166397 ns
[2020-09-11T14:05:56.352+0000][1][gc,start     ] GC(3) Pause Young (Allocation Failure)
[2020-09-11T14:05:56.352+0000][1][gc,task      ] GC(3) Using 1 workers of 1 for evacuation
[2020-09-11T14:05:56.385+0000][1][gc,age       ] GC(3) Desired survivor size 4358144 bytes, new threshold 6 (max threshold 6)
[2020-09-11T14:05:56.385+0000][1][gc,age       ] GC(3) Age table with threshold 6 (max threshold 6)
[2020-09-11T14:05:56.386+0000][1][gc,age       ] GC(3) - age   1:    1489512 bytes,    1489512 total
[2020-09-11T14:05:56.386+0000][1][gc,age       ] GC(3) - age   2:     793464 bytes,    2282976 total
[2020-09-11T14:05:56.386+0000][1][gc,heap      ] GC(3) ParNew: 75703K->5544K(76672K)
[2020-09-11T14:05:56.386+0000][1][gc,heap      ] GC(3) CMS: 6790K->10256K(439104K)
[2020-09-11T14:05:56.386+0000][1][gc,metaspace ] GC(3) Metaspace: 20385K->20385K(1067008K)
[2020-09-11T14:05:56.386+0000][1][gc           ] GC(3) Pause Young (Allocation Failure) 80M->15M(503M) 34.019ms
[2020-09-11T14:05:56.386+0000][1][gc,cpu       ] GC(3) User=0.02s Sys=0.00s Real=0.04s
[2020-09-11T14:05:56.395+0000][1][safepoint    ] Safepoint "GenCollectForAllocation", Time since last: 523827973 ns, Reaching safepoint: 115910 ns, At safepoint: 43933670 ns, Total: 44049580 ns
[2020-09-11T14:05:56.408+0000][1][safepoint    ] Safepoint "RevokeBias", Time since last: 10010829 ns, Reaching safepoint: 2028290 ns, At safepoint: 52933 ns, Total: 2081223 ns
[2020-09-11T14:05:56.408+0000][1][safepoint    ] Safepoint "RevokeBias", Time since last: 58573 ns, Reaching safepoint: 83788 ns, At safepoint: 35738 ns, Total: 119526 ns
[2020-09-11T14:05:56.408+0000][1][safepoint    ] Safepoint "RevokeBias", Time since last: 47347 ns, Reaching safepoint: 81143 ns, At safepoint: 25453 ns, Total: 106596 ns
[2020-09-11T14:05:56.408+0000][1][safepoint    ] Safepoint "RevokeBias", Time since last: 23546 ns, Reaching safepoint: 79972 ns, At safepoint: 25431 ns, Total: 105403 ns
[2020-09-11T14:05:56.408+0000][1][safepoint    ] Safepoint "RevokeBias", Time since last: 26988 ns, Reaching safepoint: 80041 ns, At safepoint: 25106 ns, Total: 105147 ns
[2020-09-11T14:05:56.408+0000][1][safepoint    ] Safepoint "RevokeBias", Time since last: 23187 ns, Reaching safepoint: 79411 ns, At safepoint: 25418 ns, Total: 104829 ns
[2020-09-11T14:05:56.408+0000][1][safepoint    ] Safepoint "RevokeBias", Time since last: 26567 ns, Reaching safepoint: 79875 ns, At safepoint: 26571 ns, Total: 106446 ns
[2020-09-11T14:05:56.409+0000][1][safepoint    ] Safepoint "RevokeBias", Time since last: 22558 ns, Reaching safepoint: 79151 ns, At safepoint: 25327 ns, Total: 104478 ns
[2020-09-11T14:05:56.409+0000][1][safepoint    ] Safepoint "RevokeBias", Time since last: 148250 ns, Reaching safepoint: 91477 ns, At safepoint: 25672 ns, Total: 117149 ns
[2020-09-11T14:05:56.776+0000][1][safepoint    ] Safepoint "CollectForMetadataAllocation", Time since last: 366636121 ns, Reaching safepoint: 112336 ns, At safepoint: 125183 ns, Total: 237519 ns
[2020-09-11T14:05:56.908+0000][1][safepoint    ] Safepoint "CollectForMetadataAllocation", Time since last: 132380263 ns, Reaching safepoint: 99998 ns, At safepoint: 123698 ns, Total: 223696 ns
[2020-09-11T14:05:56.972+0000][1][gc,start     ] GC(4) Pause Young (Allocation Failure)
[2020-09-11T14:05:56.972+0000][1][gc,task      ] GC(4) Using 1 workers of 1 for evacuation
[2020-09-11T14:05:56.983+0000][1][gc,age       ] GC(4) Desired survivor size 4358144 bytes, new threshold 6 (max threshold 6)
[2020-09-11T14:05:56.983+0000][1][gc,age       ] GC(4) Age table with threshold 6 (max threshold 6)
[2020-09-11T14:05:56.983+0000][1][gc,age       ] GC(4) - age   1:    2075376 bytes,    2075376 total
[2020-09-11T14:05:56.983+0000][1][gc,age       ] GC(4) - age   2:     351376 bytes,    2426752 total
[2020-09-11T14:05:56.983+0000][1][gc,age       ] GC(4) - age   3:     793368 bytes,    3220120 total
[2020-09-11T14:05:56.983+0000][1][gc,heap      ] GC(4) ParNew: 73704K->4444K(76672K)
[2020-09-11T14:05:56.983+0000][1][gc,heap      ] GC(4) CMS: 10256K->10256K(439104K)
[2020-09-11T14:05:56.983+0000][1][gc,metaspace ] GC(4) Metaspace: 20911K->20911K(1069056K)
[2020-09-11T14:05:56.983+0000][1][gc           ] GC(4) Pause Young (Allocation Failure) 81M->14M(503M) 11.080ms
[2020-09-11T14:05:56.983+0000][1][gc,cpu       ] GC(4) User=0.01s Sys=0.00s Real=0.01s
[2020-09-11T14:05:56.999+0000][1][safepoint    ] Safepoint "GenCollectForAllocation", Time since last: 63141941 ns, Reaching safepoint: 96653 ns, At safepoint: 27910172 ns, Total: 28006825 ns
[2020-09-11T14:05:57.012+0000][1][gc,start     ] GC(5) Pause Initial Mark
[2020-09-11T14:05:57.016+0000][1][gc           ] GC(5) Pause Initial Mark 18M->18M(503M) 4.417ms
[2020-09-11T14:05:57.016+0000][1][gc,cpu       ] GC(5) User=0.01s Sys=0.00s Real=0.01s
[2020-09-11T14:05:57.032+0000][1][safepoint    ] Safepoint "BulkRevokeBias", Time since last: 11988527 ns, Reaching safepoint: 35683 ns, At safepoint: 20805964 ns, Total: 20841647 ns
[2020-09-11T14:05:57.032+0000][1][gc           ] GC(5) Concurrent Mark
[2020-09-11T14:05:57.048+0000][1][safepoint    ] Safepoint "RevokeBias", Time since last: 7183163 ns, Reaching safepoint: 7998547 ns, At safepoint: 45752 ns, Total: 8044299 ns
[2020-09-11T14:05:57.072+0000][1][safepoint    ] Safepoint "RevokeBias", Time since last: 7959594 ns, Reaching safepoint: 16088407 ns, At safepoint: 34325 ns, Total: 16122732 ns
[2020-09-11T14:05:57.075+0000][1][gc           ] GC(5) Concurrent Mark 42.379ms
[2020-09-11T14:05:57.075+0000][1][gc,cpu       ] GC(5) User=0.03s Sys=0.00s Real=0.04s
[2020-09-11T14:05:57.075+0000][1][gc           ] GC(5) Concurrent Preclean
[2020-09-11T14:05:57.099+0000][1][gc           ] GC(5) Concurrent Preclean 24.700ms
[2020-09-11T14:05:57.100+0000][1][gc,cpu       ] GC(5) User=0.01s Sys=0.00s Real=0.03s
[2020-09-11T14:05:57.100+0000][1][safepoint    ] Safepoint "RevokeBias", Time since last: 11872194 ns, Reaching safepoint: 16187229 ns, At safepoint: 28093 ns, Total: 16215322 ns
[2020-09-11T14:05:57.100+0000][1][gc           ] GC(5) Concurrent Abortable Preclean
[2020-09-11T14:05:57.132+0000][1][safepoint    ] Safepoint "RevokeBias", Time since last: 7798586 ns, Reaching safepoint: 24058111 ns, At safepoint: 23720 ns, Total: 24081831 ns
[2020-09-11T14:05:57.134+0000][1][safepoint    ] Safepoint "RevokeBias", Time since last: 1977344 ns, Reaching safepoint: 87118 ns, At safepoint: 14405 ns, Total: 101523 ns
[2020-09-11T14:05:57.344+0000][1][safepoint    ] Safepoint "CollectForMetadataAllocation", Time since last: 209806194 ns, Reaching safepoint: 119137 ns, At safepoint: 132347 ns, Total: 251484 ns
[2020-09-11T14:05:57.359+0000][1][safepoint    ] Safepoint "RevokeBias", Time since last: 8474536 ns, Reaching safepoint: 7297646 ns, At safepoint: 15742 ns, Total: 7313388 ns
[2020-09-11T14:05:57.368+0000][1][safepoint    ] Safepoint "Deoptimize", Time since last: 7970040 ns, Reaching safepoint: 53440 ns, At safepoint: 215685 ns, Total: 269125 ns
[2020-09-11T14:05:57.596+0000][1][safepoint    ] Safepoint "Deoptimize", Time since last: 223497648 ns, Reaching safepoint: 108668 ns, At safepoint: 4263337 ns, Total: 4372005 ns
[2020-09-11T14:05:57.718+0000][1][gc,start     ] GC(6) Pause Young (Allocation Failure)
[2020-09-11T14:05:57.718+0000][1][gc,task      ] GC(6) Using 1 workers of 1 for evacuation
[2020-09-11T14:05:57.747+0000][1][gc           ] GC(5) Concurrent Abortable Preclean 647.738ms
[2020-09-11T14:05:57.747+0000][1][gc,cpu       ] GC(5) User=0.31s Sys=0.01s Real=0.65s
[2020-09-11T14:05:57.756+0000][1][gc,age       ] GC(6) Desired survivor size 4358144 bytes, new threshold 4 (max threshold 6)
[2020-09-11T14:05:57.756+0000][1][gc,age       ] GC(6) Age table with threshold 4 (max threshold 6)
[2020-09-11T14:05:57.756+0000][1][gc,age       ] GC(6) - age   1:    2117224 bytes,    2117224 total
[2020-09-11T14:05:57.756+0000][1][gc,age       ] GC(6) - age   2:    1252112 bytes,    3369336 total
[2020-09-11T14:05:57.756+0000][1][gc,age       ] GC(6) - age   3:     351376 bytes,    3720712 total
[2020-09-11T14:05:57.756+0000][1][gc,age       ] GC(6) - age   4:     793368 bytes,    4514080 total
[2020-09-11T14:05:57.756+0000][1][gc,heap      ] GC(6) ParNew: 72604K->5828K(76672K)
[2020-09-11T14:05:57.756+0000][1][gc,heap      ] GC(6) CMS: 10256K->10256K(439104K)
[2020-09-11T14:05:57.756+0000][1][gc,metaspace ] GC(6) Metaspace: 21219K->21219K(1069056K)
[2020-09-11T14:05:57.756+0000][1][gc           ] GC(6) Pause Young (Allocation Failure) 80M->15M(503M) 37.911ms
[2020-09-11T14:05:57.756+0000][1][gc,cpu       ] GC(6) User=0.02s Sys=0.00s Real=0.04s
[2020-09-11T14:05:57.756+0000][1][safepoint    ] Safepoint "GenCollectForAllocation", Time since last: 122670721 ns, Reaching safepoint: 108615 ns, At safepoint: 37976284 ns, Total: 38084899 ns
[2020-09-11T14:05:57.764+0000][1][gc,start     ] GC(5) Pause Remark
[2020-09-11T14:05:57.783+0000][1][gc           ] GC(5) Pause Remark 20M->20M(503M) 19.041ms
[2020-09-11T14:05:57.783+0000][1][gc,cpu       ] GC(5) User=0.01s Sys=0.00s Real=0.01s
[2020-09-11T14:05:57.807+0000][1][safepoint    ] Safepoint "CMS_Final_Remark", Time since last: 7164216 ns, Reaching safepoint: 101045 ns, At safepoint: 43823639 ns, Total: 43924684 ns
[2020-09-11T14:05:57.808+0000][1][gc           ] GC(5) Concurrent Sweep
[2020-09-11T14:05:57.810+0000][1][gc           ] GC(5) Concurrent Sweep 2.490ms
[2020-09-11T14:05:57.810+0000][1][gc,cpu       ] GC(5) User=0.00s Sys=0.00s Real=0.00s
[2020-09-11T14:05:57.810+0000][1][gc           ] GC(5) Concurrent Reset
[2020-09-11T14:05:57.816+0000][1][safepoint    ] Safepoint "RevokeBias", Time since last: 7987167 ns, Reaching safepoint: 452881 ns, At safepoint: 35430 ns, Total: 488311 ns
[2020-09-11T14:05:57.816+0000][1][gc           ] GC(5) Concurrent Reset 5.860ms
[2020-09-11T14:05:57.816+0000][1][gc,cpu       ] GC(5) User=0.00s Sys=0.00s Real=0.01s
[2020-09-11T14:05:57.816+0000][1][gc,heap      ] GC(5) Old: 10256K->10254K(439104K)
[2020-09-11T14:05:57.816+0000][1][safepoint    ] Safepoint "RevokeBias", Time since last: 110132 ns, Reaching safepoint: 81229 ns, At safepoint: 20939 ns, Total: 102168 ns
[2020-09-11T14:05:57.816+0000][1][safepoint    ] Safepoint "RevokeBias", Time since last: 28506 ns, Reaching safepoint: 78586 ns, At safepoint: 19223 ns, Total: 97809 ns
[2020-09-11T14:05:57.816+0000][1][safepoint    ] Safepoint "RevokeBias", Time since last: 30391 ns, Reaching safepoint: 78330 ns, At safepoint: 18150 ns, Total: 96480 ns
[2020-09-11T14:05:57.816+0000][1][safepoint    ] Safepoint "RevokeBias", Time since last: 26563 ns, Reaching safepoint: 77540 ns, At safepoint: 17936 ns, Total: 95476 ns
[2020-09-11T14:05:58.184+0000][1][gc,start     ] GC(7) Pause Young (Allocation Failure)
[2020-09-11T14:05:58.184+0000][1][gc,task      ] GC(7) Using 1 workers of 1 for evacuation
[2020-09-11T14:05:58.227+0000][1][gc,age       ] GC(7) Desired survivor size 4358144 bytes, new threshold 6 (max threshold 6)
[2020-09-11T14:05:58.227+0000][1][gc,age       ] GC(7) Age table with threshold 6 (max threshold 6)
[2020-09-11T14:05:58.227+0000][1][gc,age       ] GC(7) - age   1:     612152 bytes,     612152 total
[2020-09-11T14:05:58.227+0000][1][gc,age       ] GC(7) - age   2:    1526232 bytes,    2138384 total
[2020-09-11T14:05:58.227+0000][1][gc,age       ] GC(7) - age   3:    1251504 bytes,    3389888 total
[2020-09-11T14:05:58.228+0000][1][gc,age       ] GC(7) - age   4:     351376 bytes,    3741264 total
[2020-09-11T14:05:58.228+0000][1][gc,heap      ] GC(7) ParNew: 73988K->4034K(76672K)
[2020-09-11T14:05:58.228+0000][1][gc,heap      ] GC(7) CMS: 10254K->11035K(439104K)
[2020-09-11T14:05:58.228+0000][1][gc,metaspace ] GC(7) Metaspace: 21300K->21300K(1069056K)
[2020-09-11T14:05:58.228+0000][1][gc           ] GC(7) Pause Young (Allocation Failure) 82M->14M(503M) 44.033ms
[2020-09-11T14:05:58.228+0000][1][gc,cpu       ] GC(7) User=0.01s Sys=0.01s Real=0.04s
[2020-09-11T14:05:58.228+0000][1][safepoint    ] Safepoint "GenCollectForAllocation", Time since last: 366939457 ns, Reaching safepoint: 104464 ns, At safepoint: 44090917 ns, Total: 44195381 ns
[2020-09-11T14:05:58.236+0000][1][safepoint    ] Safepoint "RevokeBias", Time since last: 7858260 ns, Reaching safepoint: 100305 ns, At safepoint: 49837 ns, Total: 150142 ns
[2020-09-11T14:05:58.236+0000][1][safepoint    ] Safepoint "RevokeBias", Time since last: 50963 ns, Reaching safepoint: 81474 ns, At safepoint: 38327 ns, Total: 119801 ns
[2020-09-11T14:05:58.236+0000][1][safepoint    ] Safepoint "RevokeBias", Time since last: 34081 ns, Reaching safepoint: 78671 ns, At safepoint: 35618 ns, Total: 114289 ns
[2020-09-11T14:05:58.236+0000][1][safepoint    ] Safepoint "RevokeBias", Time since last: 22400 ns, Reaching safepoint: 79839 ns, At safepoint: 41352 ns, Total: 121191 ns
[2020-09-11T14:05:58.640+0000][1][gc,start     ] GC(8) Pause Young (Allocation Failure)
[2020-09-11T14:05:58.640+0000][1][gc,task      ] GC(8) Using 1 workers of 1 for evacuation
[2020-09-11T14:05:58.666+0000][1][gc,age       ] GC(8) Desired survivor size 4358144 bytes, new threshold 4 (max threshold 6)
[2020-09-11T14:05:58.666+0000][1][gc,age       ] GC(8) Age table with threshold 4 (max threshold 6)
[2020-09-11T14:05:58.666+0000][1][gc,age       ] GC(8) - age   1:    1512576 bytes,    1512576 total
[2020-09-11T14:05:58.666+0000][1][gc,age       ] GC(8) - age   2:     446176 bytes,    1958752 total
[2020-09-11T14:05:58.666+0000][1][gc,age       ] GC(8) - age   3:    1524296 bytes,    3483048 total
[2020-09-11T14:05:58.666+0000][1][gc,age       ] GC(8) - age   4:    1250848 bytes,    4733896 total
[2020-09-11T14:05:58.666+0000][1][gc,age       ] GC(8) - age   5:     351376 bytes,    5085272 total
[2020-09-11T14:05:58.666+0000][1][gc,heap      ] GC(8) ParNew: 72194K->7497K(76672K)
[2020-09-11T14:05:58.666+0000][1][gc,heap      ] GC(8) CMS: 11035K->11035K(439104K)
[2020-09-11T14:05:58.666+0000][1][gc,metaspace ] GC(8) Metaspace: 21485K->21485K(1069056K)
[2020-09-11T14:05:58.666+0000][1][gc           ] GC(8) Pause Young (Allocation Failure) 81M->18M(503M) 25.981ms
[2020-09-11T14:05:58.666+0000][1][gc,cpu       ] GC(8) User=0.01s Sys=0.00s Real=0.03s
[2020-09-11T14:05:58.671+0000][1][safepoint    ] Safepoint "GenCollectForAllocation", Time since last: 403765577 ns, Reaching safepoint: 108885 ns, At safepoint: 30747894 ns, Total: 30856779 ns
[2020-09-11T14:05:58.679+0000][1][safepoint    ] Safepoint "RevokeBias", Time since last: 8685595 ns, Reaching safepoint: 29649 ns, At safepoint: 44897 ns, Total: 74546 ns
[2020-09-11T14:05:58.680+0000][1][safepoint    ] Safepoint "RevokeBias", Time since last: 53039 ns, Reaching safepoint: 9310 ns, At safepoint: 22722 ns, Total: 32032 ns
[2020-09-11T14:05:58.680+0000][1][safepoint    ] Safepoint "RevokeBias", Time since last: 34080 ns, Reaching safepoint: 8365 ns, At safepoint: 21303 ns, Total: 29668 ns
[2020-09-11T14:05:58.680+0000][1][safepoint    ] Safepoint "RevokeBias", Time since last: 21652 ns, Reaching safepoint: 7533 ns, At safepoint: 20642 ns, Total: 28175 ns
[2020-09-11T14:05:59.011+0000][1][gc,start     ] GC(9) Pause Young (Allocation Failure)
[2020-09-11T14:05:59.011+0000][1][gc,task      ] GC(9) Using 1 workers of 1 for evacuation
[2020-09-11T14:05:59.035+0000][1][gc,age       ] GC(9) Desired survivor size 4358144 bytes, new threshold 6 (max threshold 6)
[2020-09-11T14:05:59.035+0000][1][gc,age       ] GC(9) Age table with threshold 6 (max threshold 6)
[2020-09-11T14:05:59.035+0000][1][gc,age       ] GC(9) - age   1:     132280 bytes,     132280 total
[2020-09-11T14:05:59.035+0000][1][gc,age       ] GC(9) - age   2:     829232 bytes,     961512 total
[2020-09-11T14:05:59.035+0000][1][gc,age       ] GC(9) - age   3:     446096 bytes,    1407608 total
[2020-09-11T14:05:59.035+0000][1][gc,age       ] GC(9) - age   4:    1524296 bytes,    2931904 total
[2020-09-11T14:05:59.035+0000][1][gc,heap      ] GC(9) ParNew: 75657K->4661K(76672K)
[2020-09-11T14:05:59.035+0000][1][gc,heap      ] GC(9) CMS: 11035K->12619K(439104K)
[2020-09-11T14:05:59.035+0000][1][gc,metaspace ] GC(9) Metaspace: 21588K->21588K(1069056K)
[2020-09-11T14:05:59.035+0000][1][gc           ] GC(9) Pause Young (Allocation Failure) 84M->16M(503M) 23.838ms
[2020-09-11T14:05:59.035+0000][1][gc,cpu       ] GC(9) User=0.01s Sys=0.00s Real=0.02s
[2020-09-11T14:05:59.044+0000][1][safepoint    ] Safepoint "GenCollectForAllocation", Time since last: 331029656 ns, Reaching safepoint: 125633 ns, At safepoint: 32701662 ns, Total: 32827295 ns
[2020-09-11T14:05:59.057+0000][1][safepoint    ] Safepoint "RevokeBias", Time since last: 13263689 ns, Reaching safepoint: 104497 ns, At safepoint: 26822 ns, Total: 131319 ns
[2020-09-11T14:05:59.057+0000][1][safepoint    ] Safepoint "RevokeBias", Time since last: 58889 ns, Reaching safepoint: 80595 ns, At safepoint: 23092 ns, Total: 103687 ns
[2020-09-11T14:05:59.057+0000][1][safepoint    ] Safepoint "RevokeBias", Time since last: 43352 ns, Reaching safepoint: 79651 ns, At safepoint: 22445 ns, Total: 102096 ns
[2020-09-11T14:05:59.057+0000][1][safepoint    ] Safepoint "RevokeBias", Time since last: 29420 ns, Reaching safepoint: 80739 ns, At safepoint: 22134 ns, Total: 102873 ns
[2020-09-11T14:05:59.184+0000][1][safepoint    ] Safepoint "RevokeBias", Time since last: 126373182 ns, Reaching safepoint: 121291 ns, At safepoint: 17513 ns, Total: 138804 ns
[2020-09-11T14:05:59.184+0000][1][safepoint    ] Safepoint "RevokeBias", Time since last: 430597 ns, Reaching safepoint: 87047 ns, At safepoint: 12103 ns, Total: 99150 ns
[2020-09-11T14:05:59.432+0000][1][gc,start     ] GC(10) Pause Young (Allocation Failure)
[2020-09-11T14:05:59.432+0000][1][gc,task      ] GC(10) Using 1 workers of 1 for evacuation
[2020-09-11T14:05:59.446+0000][1][gc,age       ] GC(10) Desired survivor size 4358144 bytes, new threshold 6 (max threshold 6)
[2020-09-11T14:05:59.446+0000][1][gc,age       ] GC(10) Age table with threshold 6 (max threshold 6)
[2020-09-11T14:05:59.446+0000][1][gc,age       ] GC(10) - age   1:     425488 bytes,     425488 total
[2020-09-11T14:05:59.446+0000][1][gc,age       ] GC(10) - age   2:     114704 bytes,     540192 total
[2020-09-11T14:05:59.446+0000][1][gc,age       ] GC(10) - age   3:     829232 bytes,    1369424 total
[2020-09-11T14:05:59.446+0000][1][gc,age       ] GC(10) - age   4:     446072 bytes,    1815496 total
[2020-09-11T14:05:59.446+0000][1][gc,age       ] GC(10) - age   5:    1524296 bytes,    3339792 total
[2020-09-11T14:05:59.446+0000][1][gc,heap      ] GC(10) ParNew: 72821K->3312K(76672K)
[2020-09-11T14:05:59.446+0000][1][gc,heap      ] GC(10) CMS: 12619K->12619K(439104K)
[2020-09-11T14:05:59.446+0000][1][gc,metaspace ] GC(10) Metaspace: 21727K->21727K(1069056K)
[2020-09-11T14:05:59.446+0000][1][gc           ] GC(10) Pause Young (Allocation Failure) 83M->15M(503M) 14.447ms
[2020-09-11T14:05:59.446+0000][1][gc,cpu       ] GC(10) User=0.01s Sys=0.00s Real=0.02s
[2020-09-11T14:05:59.459+0000][1][safepoint    ] Safepoint "GenCollectForAllocation", Time since last: 247032961 ns, Reaching safepoint: 112070 ns, At safepoint: 27854060 ns, Total: 27966130 ns
[2020-09-11T14:05:59.468+0000][1][safepoint    ] Safepoint "RevokeBias", Time since last: 8007217 ns, Reaching safepoint: 99151 ns, At safepoint: 30842 ns, Total: 129993 ns
[2020-09-11T14:05:59.468+0000][1][safepoint    ] Safepoint "RevokeBias", Time since last: 58418 ns, Reaching safepoint: 78568 ns, At safepoint: 20794 ns, Total: 99362 ns
[2020-09-11T14:05:59.468+0000][1][safepoint    ] Safepoint "BulkRevokeBias", Time since last: 53956 ns, Reaching safepoint: 77405 ns, At safepoint: 39563 ns, Total: 116968 ns
[2020-09-11T14:05:59.468+0000][1][safepoint    ] Safepoint "BulkRevokeBias", Time since last: 28754 ns, Reaching safepoint: 76407 ns, At safepoint: 30959 ns, Total: 107366 ns
[2020-09-11T14:06:00.036+0000][1][gc,start     ] GC(11) Pause Young (Allocation Failure)
[2020-09-11T14:06:00.036+0000][1][gc,task      ] GC(11) Using 1 workers of 1 for evacuation
[2020-09-11T14:06:00.063+0000][1][gc,age       ] GC(11) Desired survivor size 4358144 bytes, new threshold 6 (max threshold 6)
[2020-09-11T14:06:00.063+0000][1][gc,age       ] GC(11) Age table with threshold 6 (max threshold 6)
[2020-09-11T14:06:00.063+0000][1][gc,age       ] GC(11) - age   1:    1879120 bytes,    1879120 total
[2020-09-11T14:06:00.063+0000][1][gc,age       ] GC(11) - age   2:     403824 bytes,    2282944 total
[2020-09-11T14:06:00.063+0000][1][gc,age       ] GC(11) - age   3:     114600 bytes,    2397544 total
[2020-09-11T14:06:00.063+0000][1][gc,age       ] GC(11) - age   4:     829232 bytes,    3226776 total
[2020-09-11T14:06:00.063+0000][1][gc,age       ] GC(11) - age   5:     446072 bytes,    3672848 total
[2020-09-11T14:06:00.063+0000][1][gc,age       ] GC(11) - age   6:    1523984 bytes,    5196832 total
[2020-09-11T14:06:00.063+0000][1][gc,heap      ] GC(11) ParNew: 71472K->6548K(76672K)
[2020-09-11T14:06:00.063+0000][1][gc,heap      ] GC(11) CMS: 12619K->12619K(439104K)
[2020-09-11T14:06:00.063+0000][1][gc,metaspace ] GC(11) Metaspace: 22642K->22642K(1071104K)
[2020-09-11T14:06:00.063+0000][1][gc           ] GC(11) Pause Young (Allocation Failure) 82M->18M(503M) 26.568ms
[2020-09-11T14:06:00.063+0000][1][gc,cpu       ] GC(11) User=0.02s Sys=0.00s Real=0.02s
[2020-09-11T14:06:00.074+0000][1][safepoint    ] Safepoint "GenCollectForAllocation", Time since last: 567956091 ns, Reaching safepoint: 98706 ns, At safepoint: 38294522 ns, Total: 38393228 ns
[2020-09-11T14:06:00.404+0000][1][gc,start     ] GC(12) Pause Young (Allocation Failure)
[2020-09-11T14:06:00.404+0000][1][gc,task      ] GC(12) Using 1 workers of 1 for evacuation
[2020-09-11T14:06:00.431+0000][1][gc,age       ] GC(12) Desired survivor size 4358144 bytes, new threshold 6 (max threshold 6)
[2020-09-11T14:06:00.431+0000][1][gc,age       ] GC(12) Age table with threshold 6 (max threshold 6)
[2020-09-11T14:06:00.431+0000][1][gc,age       ] GC(12) - age   1:     636408 bytes,     636408 total
[2020-09-11T14:06:00.431+0000][1][gc,age       ] GC(12) - age   2:     575528 bytes,    1211936 total
[2020-09-11T14:06:00.431+0000][1][gc,age       ] GC(12) - age   3:     403824 bytes,    1615760 total
[2020-09-11T14:06:00.431+0000][1][gc,age       ] GC(12) - age   4:     114496 bytes,    1730256 total
[2020-09-11T14:06:00.431+0000][1][gc,age       ] GC(12) - age   5:     829088 bytes,    2559344 total
[2020-09-11T14:06:00.431+0000][1][gc,age       ] GC(12) - age   6:     445928 bytes,    3005272 total
[2020-09-11T14:06:00.431+0000][1][gc,heap      ] GC(12) ParNew: 74708K->4624K(76672K)
[2020-09-11T14:06:00.431+0000][1][gc,heap      ] GC(12) CMS: 12619K->14119K(439104K)
[2020-09-11T14:06:00.431+0000][1][gc,metaspace ] GC(12) Metaspace: 22675K->22675K(1071104K)
[2020-09-11T14:06:00.431+0000][1][gc           ] GC(12) Pause Young (Allocation Failure) 85M->18M(503M) 27.500ms
[2020-09-11T14:06:00.431+0000][1][gc,cpu       ] GC(12) User=0.02s Sys=0.00s Real=0.02s
[2020-09-11T14:06:00.443+0000][1][safepoint    ] Safepoint "GenCollectForAllocation", Time since last: 329086073 ns, Reaching safepoint: 112798 ns, At safepoint: 39867243 ns, Total: 39980041 ns
[2020-09-11T14:06:00.788+0000][1][gc,start     ] GC(13) Pause Young (Allocation Failure)
[2020-09-11T14:06:00.788+0000][1][gc,task      ] GC(13) Using 1 workers of 1 for evacuation
[2020-09-11T14:06:00.808+0000][1][gc,age       ] GC(13) Desired survivor size 4358144 bytes, new threshold 6 (max threshold 6)
[2020-09-11T14:06:00.808+0000][1][gc,age       ] GC(13) Age table with threshold 6 (max threshold 6)
[2020-09-11T14:06:00.808+0000][1][gc,age       ] GC(13) - age   1:    1863808 bytes,    1863808 total
[2020-09-11T14:06:00.808+0000][1][gc,age       ] GC(13) - age   2:     203440 bytes,    2067248 total
[2020-09-11T14:06:00.808+0000][1][gc,age       ] GC(13) - age   3:     575416 bytes,    2642664 total
[2020-09-11T14:06:00.808+0000][1][gc,age       ] GC(13) - age   4:     403824 bytes,    3046488 total
[2020-09-11T14:06:00.808+0000][1][gc,age       ] GC(13) - age   5:     114496 bytes,    3160984 total
[2020-09-11T14:06:00.808+0000][1][gc,age       ] GC(13) - age   6:     829088 bytes,    3990072 total
[2020-09-11T14:06:00.808+0000][1][gc,heap      ] GC(13) ParNew: 72784K->6714K(76672K)
[2020-09-11T14:06:00.808+0000][1][gc,heap      ] GC(13) CMS: 14119K->14558K(439104K)
[2020-09-11T14:06:00.808+0000][1][gc,metaspace ] GC(13) Metaspace: 22778K->22778K(1071104K)
[2020-09-11T14:06:00.808+0000][1][gc           ] GC(13) Pause Young (Allocation Failure) 84M->20M(503M) 20.749ms
[2020-09-11T14:06:00.808+0000][1][gc,cpu       ] GC(13) User=0.01s Sys=0.00s Real=0.02s
[2020-09-11T14:06:00.823+0000][1][safepoint    ] Safepoint "GenCollectForAllocation", Time since last: 344002763 ns, Reaching safepoint: 103657 ns, At safepoint: 35904809 ns, Total: 36008466 ns
[2020-09-11T14:06:01.175+0000][1][gc,start     ] GC(14) Pause Young (Allocation Failure)
[2020-09-11T14:06:01.176+0000][1][gc,task      ] GC(14) Using 1 workers of 1 for evacuation
[2020-09-11T14:06:01.193+0000][1][gc,age       ] GC(14) Desired survivor size 4358144 bytes, new threshold 6 (max threshold 6)
[2020-09-11T14:06:01.193+0000][1][gc,age       ] GC(14) Age table with threshold 6 (max threshold 6)
[2020-09-11T14:06:01.193+0000][1][gc,age       ] GC(14) - age   1:     532768 bytes,     532768 total
[2020-09-11T14:06:01.193+0000][1][gc,age       ] GC(14) - age   2:     103416 bytes,     636184 total
[2020-09-11T14:06:01.193+0000][1][gc,age       ] GC(14) - age   3:     203440 bytes,     839624 total
[2020-09-11T14:06:01.193+0000][1][gc,age       ] GC(14) - age   4:     575416 bytes,    1415040 total
[2020-09-11T14:06:01.193+0000][1][gc,age       ] GC(14) - age   5:     403824 bytes,    1818864 total
[2020-09-11T14:06:01.193+0000][1][gc,age       ] GC(14) - age   6:     114496 bytes,    1933360 total
[2020-09-11T14:06:01.193+0000][1][gc,heap      ] GC(14) ParNew: 74874K->2300K(76672K)
[2020-09-11T14:06:01.193+0000][1][gc,heap      ] GC(14) CMS: 14558K->15373K(439104K)
[2020-09-11T14:06:01.193+0000][1][gc,metaspace ] GC(14) Metaspace: 22862K->22862K(1071104K)
[2020-09-11T14:06:01.193+0000][1][gc           ] GC(14) Pause Young (Allocation Failure) 87M->17M(503M) 17.799ms
[2020-09-11T14:06:01.193+0000][1][gc,cpu       ] GC(14) User=0.01s Sys=0.00s Real=0.01s
[2020-09-11T14:06:01.193+0000][1][safepoint    ] Safepoint "GenCollectForAllocation", Time since last: 351922883 ns, Reaching safepoint: 84142 ns, At safepoint: 17865692 ns, Total: 17949834 ns
[2020-09-11T14:06:01.525+0000][1][gc,start     ] GC(15) Pause Young (Allocation Failure)
[2020-09-11T14:06:01.525+0000][1][gc,task      ] GC(15) Using 1 workers of 1 for evacuation
[2020-09-11T14:06:01.533+0000][1][gc,age       ] GC(15) Desired survivor size 4358144 bytes, new threshold 6 (max threshold 6)
[2020-09-11T14:06:01.533+0000][1][gc,age       ] GC(15) Age table with threshold 6 (max threshold 6)
[2020-09-11T14:06:01.533+0000][1][gc,age       ] GC(15) - age   1:     135864 bytes,     135864 total
[2020-09-11T14:06:01.533+0000][1][gc,age       ] GC(15) - age   2:     315088 bytes,     450952 total
[2020-09-11T14:06:01.533+0000][1][gc,age       ] GC(15) - age   3:     103416 bytes,     554368 total
[2020-09-11T14:06:01.533+0000][1][gc,age       ] GC(15) - age   4:     203440 bytes,     757808 total
[2020-09-11T14:06:01.533+0000][1][gc,age       ] GC(15) - age   5:     575416 bytes,    1333224 total
[2020-09-11T14:06:01.533+0000][1][gc,age       ] GC(15) - age   6:     403824 bytes,    1737048 total
[2020-09-11T14:06:01.533+0000][1][gc,heap      ] GC(15) ParNew: 70460K->1991K(76672K)
[2020-09-11T14:06:01.545+0000][1][gc,heap      ] GC(15) CMS: 15373K->15489K(439104K)
[2020-09-11T14:06:01.545+0000][1][gc,metaspace ] GC(15) Metaspace: 22947K->22947K(1071104K)
[2020-09-11T14:06:01.545+0000][1][gc           ] GC(15) Pause Young (Allocation Failure) 83M->17M(503M) 20.246ms
[2020-09-11T14:06:01.545+0000][1][gc,cpu       ] GC(15) User=0.01s Sys=0.00s Real=0.02s
[2020-09-11T14:06:01.545+0000][1][safepoint    ] Safepoint "GenCollectForAllocation", Time since last: 331151680 ns, Reaching safepoint: 100594 ns, At safepoint: 20304908 ns, Total: 20405502 ns
[2020-09-11T14:06:01.866+0000][1][gc,start     ] GC(16) Pause Young (Allocation Failure)
[2020-09-11T14:06:01.866+0000][1][gc,task      ] GC(16) Using 1 workers of 1 for evacuation
[2020-09-11T14:06:01.890+0000][1][gc,age       ] GC(16) Desired survivor size 4358144 bytes, new threshold 6 (max threshold 6)
[2020-09-11T14:06:01.890+0000][1][gc,age       ] GC(16) Age table with threshold 6 (max threshold 6)
[2020-09-11T14:06:01.890+0000][1][gc,age       ] GC(16) - age   1:    1696760 bytes,    1696760 total
[2020-09-11T14:06:01.890+0000][1][gc,age       ] GC(16) - age   2:     107544 bytes,    1804304 total
[2020-09-11T14:06:01.890+0000][1][gc,age       ] GC(16) - age   3:     315088 bytes,    2119392 total
[2020-09-11T14:06:01.890+0000][1][gc,age       ] GC(16) - age   4:     103416 bytes,    2222808 total
[2020-09-11T14:06:01.890+0000][1][gc,age       ] GC(16) - age   5:     203288 bytes,    2426096 total
[2020-09-11T14:06:01.891+0000][1][gc,age       ] GC(16) - age   6:     575416 bytes,    3001512 total
[2020-09-11T14:06:01.891+0000][1][gc,heap      ] GC(16) ParNew: 70151K->3540K(76672K)
[2020-09-11T14:06:01.891+0000][1][gc,heap      ] GC(16) CMS: 15489K->15888K(439104K)
[2020-09-11T14:06:01.891+0000][1][gc,metaspace ] GC(16) Metaspace: 22967K->22967K(1071104K)
[2020-09-11T14:06:01.891+0000][1][gc           ] GC(16) Pause Young (Allocation Failure) 83M->18M(503M) 24.420ms
[2020-09-11T14:06:01.891+0000][1][gc,cpu       ] GC(16) User=0.01s Sys=0.00s Real=0.02s
[2020-09-11T14:06:01.895+0000][1][safepoint    ] Safepoint "GenCollectForAllocation", Time since last: 321148733 ns, Reaching safepoint: 113770 ns, At safepoint: 29279843 ns, Total: 29393613 ns
[2020-09-11T14:06:01.957+0000][1][safepoint    ] Safepoint "Deoptimize", Time since last: 61589168 ns, Reaching safepoint: 98522 ns, At safepoint: 225835 ns, Total: 324357 ns
[2020-09-11T14:06:02.048+0000][1][safepoint    ] Safepoint "RevokeBias", Time since last: 90805357 ns, Reaching safepoint: 102474 ns, At safepoint: 14002 ns, Total: 116476 ns
[2020-09-11T14:06:02.820+0000][1][safepoint    ] Safepoint "RevokeBias", Time since last: 771185293 ns, Reaching safepoint: 249970 ns, At safepoint: 18303 ns, Total: 268273 ns
[2020-09-11T14:06:03.692+0000][1][safepoint    ] Safepoint "Deoptimize", Time since last: 872180955 ns, Reaching safepoint: 134521 ns, At safepoint: 254014 ns, Total: 388535 ns
[2020-09-11T14:06:04.698+0000][1][safepoint    ] Safepoint "Cleanup", Time since last: 1003139028 ns, Reaching safepoint: 2287796 ns, At safepoint: 8197 ns, Total: 2295993 ns
[2020-09-11T14:06:05.629+0000][1][gc,start     ] GC(17) Pause Young (Allocation Failure)
[2020-09-11T14:06:05.629+0000][1][gc,task      ] GC(17) Using 1 workers of 1 for evacuation
[2020-09-11T14:06:05.680+0000][1][gc,age       ] GC(17) Desired survivor size 4358144 bytes, new threshold 1 (max threshold 6)
[2020-09-11T14:06:05.680+0000][1][gc,age       ] GC(17) Age table with threshold 1 (max threshold 6)
[2020-09-11T14:06:05.680+0000][1][gc,age       ] GC(17) - age   1:    7423960 bytes,    7423960 total
[2020-09-11T14:06:05.680+0000][1][gc,age       ] GC(17) - age   2:     154520 bytes,    7578480 total
[2020-09-11T14:06:05.680+0000][1][gc,age       ] GC(17) - age   3:     107048 bytes,    7685528 total
[2020-09-11T14:06:05.680+0000][1][gc,age       ] GC(17) - age   4:     312792 bytes,    7998320 total
[2020-09-11T14:06:05.680+0000][1][gc,age       ] GC(17) - age   5:     103136 bytes,    8101456 total
[2020-09-11T14:06:05.681+0000][1][gc,age       ] GC(17) - age   6:     203288 bytes,    8304744 total
[2020-09-11T14:06:05.681+0000][1][gc,heap      ] GC(17) ParNew: 71700K->8512K(76672K)
[2020-09-11T14:06:05.681+0000][1][gc,heap      ] GC(17) CMS: 15888K->16457K(439104K)
[2020-09-11T14:06:05.681+0000][1][gc,metaspace ] GC(17) Metaspace: 29696K->29696K(1077248K)
[2020-09-11T14:06:05.681+0000][1][gc           ] GC(17) Pause Young (Allocation Failure) 85M->24M(503M) 52.044ms
[2020-09-11T14:06:05.681+0000][1][gc,cpu       ] GC(17) User=0.03s Sys=0.00s Real=0.05s
[2020-09-11T14:06:05.695+0000][1][safepoint    ] Safepoint "GenCollectForAllocation", Time since last: 925719920 ns, Reaching safepoint: 5096335 ns, At safepoint: 66894141 ns, Total: 71990476 ns
[2020-09-11T14:06:06.708+0000][1][safepoint    ] Safepoint "Cleanup", Time since last: 1012006804 ns, Reaching safepoint: 118921 ns, At safepoint: 7230 ns, Total: 126151 ns
[2020-09-11T14:06:07.712+0000][1][safepoint    ] Safepoint "Cleanup", Time since last: 1003853597 ns, Reaching safepoint: 109023 ns, At safepoint: 7738 ns, Total: 116761 ns
[2020-09-11T14:06:08.349+0000][1][gc,start     ] GC(18) Pause Young (Allocation Failure)
[2020-09-11T14:06:08.349+0000][1][gc,task      ] GC(18) Using 1 workers of 1 for evacuation
[2020-09-11T14:06:08.445+0000][1][gc,age       ] GC(18) Desired survivor size 4358144 bytes, new threshold 1 (max threshold 6)
[2020-09-11T14:06:08.445+0000][1][gc,age       ] GC(18) Age table with threshold 1 (max threshold 6)
[2020-09-11T14:06:08.445+0000][1][gc,age       ] GC(18) - age   1:    8716232 bytes,    8716232 total
[2020-09-11T14:06:08.445+0000][1][gc,heap      ] GC(18) ParNew: 76672K->8512K(76672K)
[2020-09-11T14:06:08.445+0000][1][gc,heap      ] GC(18) CMS: 16457K->24341K(439104K)
[2020-09-11T14:06:08.445+0000][1][gc,metaspace ] GC(18) Metaspace: 29704K->29704K(1077248K)
[2020-09-11T14:06:08.445+0000][1][gc           ] GC(18) Pause Young (Allocation Failure) 90M->32M(503M) 96.097ms
[2020-09-11T14:06:08.445+0000][1][gc,cpu       ] GC(18) User=0.05s Sys=0.00s Real=0.10s
[2020-09-11T14:06:08.459+0000][1][safepoint    ] Safepoint "GenCollectForAllocation", Time since last: 637072704 ns, Reaching safepoint: 112259 ns, At safepoint: 110721405 ns, Total: 110833664 ns
[2020-09-11T14:06:09.095+0000][1][safepoint    ] Safepoint "RevokeBias", Time since last: 631828924 ns, Reaching safepoint: 102079 ns, At safepoint: 4073244 ns, Total: 4175323 ns
[2020-09-11T14:06:10.109+0000][1][safepoint    ] Safepoint "Cleanup", Time since last: 1003554283 ns, Reaching safepoint: 10173066 ns, At safepoint: 9306 ns, Total: 10182372 ns
[2020-09-11T14:06:10.834+0000][1][gc,start     ] GC(19) Pause Young (Allocation Failure)
[2020-09-11T14:06:10.834+0000][1][gc,task      ] GC(19) Using 1 workers of 1 for evacuation
[2020-09-11T14:06:10.927+0000][1][gc,age       ] GC(19) Desired survivor size 4358144 bytes, new threshold 1 (max threshold 6)
[2020-09-11T14:06:10.931+0000][1][gc,age       ] GC(19) Age table with threshold 1 (max threshold 6)
[2020-09-11T14:06:10.931+0000][1][gc,age       ] GC(19) - age   1:    8716200 bytes,    8716200 total
[2020-09-11T14:06:10.931+0000][1][gc,heap      ] GC(19) ParNew: 76672K->8512K(76672K)
[2020-09-11T14:06:10.931+0000][1][gc,heap      ] GC(19) CMS: 24341K->33270K(439104K)
[2020-09-11T14:06:10.931+0000][1][gc,metaspace ] GC(19) Metaspace: 29919K->29919K(1077248K)
[2020-09-11T14:06:10.931+0000][1][gc           ] GC(19) Pause Young (Allocation Failure) 98M->40M(503M) 97.682ms
[2020-09-11T14:06:10.931+0000][1][gc,cpu       ] GC(19) User=0.05s Sys=0.00s Real=0.10s
[2020-09-11T14:06:10.939+0000][1][safepoint    ] Safepoint "GenCollectForAllocation", Time since last: 724506195 ns, Reaching safepoint: 105879 ns, At safepoint: 105656057 ns, Total: 105761936 ns
[2020-09-11T14:06:11.952+0000][1][safepoint    ] Safepoint "Cleanup", Time since last: 1011975460 ns, Reaching safepoint: 148265 ns, At safepoint: 7074 ns, Total: 155339 ns
[2020-09-11T14:06:11.992+0000][1][safepoint    ] Safepoint "RevokeBias", Time since last: 39841556 ns, Reaching safepoint: 100283 ns, At safepoint: 33591 ns, Total: 133874 ns
[2020-09-11T14:06:12.626+0000][1][safepoint    ] Safepoint "RevokeBias", Time since last: 634277044 ns, Reaching safepoint: 151107 ns, At safepoint: 38168 ns, Total: 189275 ns
[2020-09-11T14:06:13.115+0000][1][gc,start     ] GC(20) Pause Young (Allocation Failure)
[2020-09-11T14:06:13.115+0000][1][gc,task      ] GC(20) Using 1 workers of 1 for evacuation
[2020-09-11T14:06:13.191+0000][1][gc,age       ] GC(20) Desired survivor size 4358144 bytes, new threshold 1 (max threshold 6)
[2020-09-11T14:06:13.191+0000][1][gc,age       ] GC(20) Age table with threshold 1 (max threshold 6)
[2020-09-11T14:06:13.191+0000][1][gc,age       ] GC(20) - age   1:    4495536 bytes,    4495536 total
[2020-09-11T14:06:13.191+0000][1][gc,heap      ] GC(20) ParNew: 76672K->8401K(76672K)
[2020-09-11T14:06:13.191+0000][1][gc,heap      ] GC(20) CMS: 33270K->41283K(439104K)
[2020-09-11T14:06:13.191+0000][1][gc,metaspace ] GC(20) Metaspace: 32129K->32129K(1079296K)
[2020-09-11T14:06:13.191+0000][1][gc           ] GC(20) Pause Young (Allocation Failure) 107M->48M(503M) 75.368ms
[2020-09-11T14:06:13.191+0000][1][gc,cpu       ] GC(20) User=0.04s Sys=0.00s Real=0.08s
[2020-09-11T14:06:13.210+0000][1][safepoint    ] Safepoint "GenCollectForAllocation", Time since last: 489257700 ns, Reaching safepoint: 102416 ns, At safepoint: 94316228 ns, Total: 94418644 ns
[2020-09-11T14:06:13.499+0000][1][safepoint    ] Safepoint "Deoptimize", Time since last: 285314938 ns, Reaching safepoint: 116437 ns, At safepoint: 4100672 ns, Total: 4217109 ns
[2020-09-11T14:06:14.509+0000][1][safepoint    ] Safepoint "Cleanup", Time since last: 1000148889 ns, Reaching safepoint: 9194228 ns, At safepoint: 11199 ns, Total: 9205427 ns
[2020-09-11T14:06:14.865+0000][1][safepoint    ] Safepoint "RevokeBias", Time since last: 356639716 ns, Reaching safepoint: 104360 ns, At safepoint: 25317 ns, Total: 129677 ns
[2020-09-11T14:06:14.876+0000][1][safepoint    ] Safepoint "Deoptimize", Time since last: 10100857 ns, Reaching safepoint: 100746 ns, At safepoint: 297109 ns, Total: 397855 ns
[2020-09-11T14:06:15.558+0000][1][gc,start     ] GC(21) Pause Young (Allocation Failure)
[2020-09-11T14:06:15.558+0000][1][gc,task      ] GC(21) Using 1 workers of 1 for evacuation
[2020-09-11T14:06:15.589+0000][1][gc,age       ] GC(21) Desired survivor size 4358144 bytes, new threshold 6 (max threshold 6)
[2020-09-11T14:06:15.589+0000][1][gc,age       ] GC(21) Age table with threshold 6 (max threshold 6)
[2020-09-11T14:06:15.589+0000][1][gc,age       ] GC(21) - age   1:     954456 bytes,     954456 total
[2020-09-11T14:06:15.589+0000][1][gc,heap      ] GC(21) ParNew: 76561K->3746K(76672K)
[2020-09-11T14:06:15.589+0000][1][gc,heap      ] GC(21) CMS: 41283K->45599K(439104K)
[2020-09-11T14:06:15.589+0000][1][gc,metaspace ] GC(21) Metaspace: 32431K->32431K(1079296K)
[2020-09-11T14:06:15.589+0000][1][gc           ] GC(21) Pause Young (Allocation Failure) 115M->48M(503M) 31.449ms
[2020-09-11T14:06:15.589+0000][1][gc,cpu       ] GC(21) User=0.01s Sys=0.00s Real=0.03s
[2020-09-11T14:06:15.603+0000][1][safepoint    ] Safepoint "GenCollectForAllocation", Time since last: 679596034 ns, Reaching safepoint: 2151306 ns, At safepoint: 45132210 ns, Total: 47283516 ns
[2020-09-11T14:06:16.372+0000][1][gc,start     ] GC(22) Pause Young (Allocation Failure)
[2020-09-11T14:06:16.372+0000][1][gc,task      ] GC(22) Using 1 workers of 1 for evacuation
[2020-09-11T14:06:16.375+0000][1][gc,age       ] GC(22) Desired survivor size 4358144 bytes, new threshold 6 (max threshold 6)
[2020-09-11T14:06:16.375+0000][1][gc,age       ] GC(22) Age table with threshold 6 (max threshold 6)
[2020-09-11T14:06:16.375+0000][1][gc,age       ] GC(22) - age   1:     249808 bytes,     249808 total
[2020-09-11T14:06:16.375+0000][1][gc,age       ] GC(22) - age   2:     438928 bytes,     688736 total
[2020-09-11T14:06:16.375+0000][1][gc,heap      ] GC(22) ParNew: 71906K->1169K(76672K)
[2020-09-11T14:06:16.375+0000][1][gc,heap      ] GC(22) CMS: 45599K->45599K(439104K)
[2020-09-11T14:06:16.375+0000][1][gc,metaspace ] GC(22) Metaspace: 32444K->32444K(1079296K)
[2020-09-11T14:06:16.375+0000][1][gc           ] GC(22) Pause Young (Allocation Failure) 114M->45M(503M) 2.923ms
[2020-09-11T14:06:16.375+0000][1][gc,cpu       ] GC(22) User=0.01s Sys=0.00s Real=0.00s
[2020-09-11T14:06:16.375+0000][1][safepoint    ] Safepoint "GenCollectForAllocation", Time since last: 769125265 ns, Reaching safepoint: 106906 ns, At safepoint: 2978948 ns, Total: 3085854 ns
[2020-09-11T14:06:16.708+0000][1][gc,start     ] GC(23) Pause Young (Allocation Failure)
[2020-09-11T14:06:16.708+0000][1][gc,task      ] GC(23) Using 1 workers of 1 for evacuation
[2020-09-11T14:06:16.714+0000][1][gc,age       ] GC(23) Desired survivor size 4358144 bytes, new threshold 6 (max threshold 6)
[2020-09-11T14:06:16.714+0000][1][gc,age       ] GC(23) Age table with threshold 6 (max threshold 6)
[2020-09-11T14:06:16.714+0000][1][gc,age       ] GC(23) - age   1:        224 bytes,        224 total
[2020-09-11T14:06:16.714+0000][1][gc,age       ] GC(23) - age   2:     249784 bytes,     250008 total
[2020-09-11T14:06:16.714+0000][1][gc,age       ] GC(23) - age   3:     438928 bytes,     688936 total
[2020-09-11T14:06:16.714+0000][1][gc,heap      ] GC(23) ParNew: 69329K->1089K(76672K)
[2020-09-11T14:06:16.714+0000][1][gc,heap      ] GC(23) CMS: 45599K->45599K(439104K)
[2020-09-11T14:06:16.714+0000][1][gc,metaspace ] GC(23) Metaspace: 32445K->32445K(1079296K)
[2020-09-11T14:06:16.714+0000][1][gc           ] GC(23) Pause Young (Allocation Failure) 112M->45M(503M) 5.473ms
[2020-09-11T14:06:16.714+0000][1][gc,cpu       ] GC(23) User=0.00s Sys=0.00s Real=0.00s
[2020-09-11T14:06:16.718+0000][1][safepoint    ] Safepoint "GenCollectForAllocation", Time since last: 333211530 ns, Reaching safepoint: 99464 ns, At safepoint: 9957931 ns, Total: 10057395 ns
[2020-09-11T14:06:16.939+0000][1][gc,start     ] GC(24) Pause Young (Allocation Failure)
[2020-09-11T14:06:16.940+0000][1][gc,task      ] GC(24) Using 1 workers of 1 for evacuation
[2020-09-11T14:06:16.942+0000][1][gc,age       ] GC(24) Desired survivor size 4358144 bytes, new threshold 6 (max threshold 6)
[2020-09-11T14:06:16.942+0000][1][gc,age       ] GC(24) Age table with threshold 6 (max threshold 6)
[2020-09-11T14:06:16.942+0000][1][gc,age       ] GC(24) - age   1:        160 bytes,        160 total
[2020-09-11T14:06:16.942+0000][1][gc,age       ] GC(24) - age   3:     249784 bytes,     249944 total
[2020-09-11T14:06:16.942+0000][1][gc,age       ] GC(24) - age   4:     438928 bytes,     688872 total
[2020-09-11T14:06:16.942+0000][1][gc,heap      ] GC(24) ParNew: 69249K->1281K(76672K)
[2020-09-11T14:06:16.942+0000][1][gc,heap      ] GC(24) CMS: 45599K->45599K(439104K)
[2020-09-11T14:06:16.942+0000][1][gc,metaspace ] GC(24) Metaspace: 32447K->32447K(1079296K)
[2020-09-11T14:06:16.942+0000][1][gc           ] GC(24) Pause Young (Allocation Failure) 112M->45M(503M) 2.841ms
[2020-09-11T14:06:16.942+0000][1][gc,cpu       ] GC(24) User=0.01s Sys=0.00s Real=0.00s
[2020-09-11T14:06:16.942+0000][1][safepoint    ] Safepoint "GenCollectForAllocation", Time since last: 217719538 ns, Reaching safepoint: 3533294 ns, At safepoint: 2923788 ns, Total: 6457082 ns
[2020-09-11T14:06:17.152+0000][1][gc,start     ] GC(25) Pause Young (Allocation Failure)
[2020-09-11T14:06:17.152+0000][1][gc,task      ] GC(25) Using 1 workers of 1 for evacuation
[2020-09-11T14:06:17.154+0000][1][gc,age       ] GC(25) Desired survivor size 4358144 bytes, new threshold 6 (max threshold 6)
[2020-09-11T14:06:17.154+0000][1][gc,age       ] GC(25) Age table with threshold 6 (max threshold 6)
[2020-09-11T14:06:17.154+0000][1][gc,age       ] GC(25) - age   1:        240 bytes,        240 total
[2020-09-11T14:06:17.154+0000][1][gc,age       ] GC(25) - age   4:     249784 bytes,     250024 total
[2020-09-11T14:06:17.154+0000][1][gc,age       ] GC(25) - age   5:     438928 bytes,     688952 total
[2020-09-11T14:06:17.154+0000][1][gc,heap      ] GC(25) ParNew: 69441K->824K(76672K)
[2020-09-11T14:06:17.154+0000][1][gc,heap      ] GC(25) CMS: 45599K->45599K(439104K)
[2020-09-11T14:06:17.154+0000][1][gc,metaspace ] GC(25) Metaspace: 32447K->32447K(1079296K)
[2020-09-11T14:06:17.154+0000][1][gc           ] GC(25) Pause Young (Allocation Failure) 112M->45M(503M) 2.856ms
[2020-09-11T14:06:17.154+0000][1][gc,cpu       ] GC(25) User=0.01s Sys=0.00s Real=0.00s
[2020-09-11T14:06:17.159+0000][1][safepoint    ] Safepoint "GenCollectForAllocation", Time since last: 209059643 ns, Reaching safepoint: 104288 ns, At safepoint: 7874989 ns, Total: 7979277 ns
[2020-09-11T14:06:17.380+0000][1][gc,start     ] GC(26) Pause Young (Allocation Failure)
[2020-09-11T14:06:17.380+0000][1][gc,task      ] GC(26) Using 1 workers of 1 for evacuation
[2020-09-11T14:06:17.386+0000][1][gc,age       ] GC(26) Desired survivor size 4358144 bytes, new threshold 6 (max threshold 6)
[2020-09-11T14:06:17.386+0000][1][gc,age       ] GC(26) Age table with threshold 6 (max threshold 6)
[2020-09-11T14:06:17.386+0000][1][gc,age       ] GC(26) - age   1:        232 bytes,        232 total
[2020-09-11T14:06:17.386+0000][1][gc,age       ] GC(26) - age   5:     249784 bytes,     250016 total
[2020-09-11T14:06:17.386+0000][1][gc,age       ] GC(26) - age   6:     438928 bytes,     688944 total
[2020-09-11T14:06:17.386+0000][1][gc,heap      ] GC(26) ParNew: 68984K->1215K(76672K)
[2020-09-11T14:06:17.386+0000][1][gc,heap      ] GC(26) CMS: 45599K->45599K(439104K)
[2020-09-11T14:06:17.386+0000][1][gc,metaspace ] GC(26) Metaspace: 32447K->32447K(1079296K)
[2020-09-11T14:06:17.386+0000][1][gc           ] GC(26) Pause Young (Allocation Failure) 111M->45M(503M) 6.791ms
[2020-09-11T14:06:17.386+0000][1][gc,cpu       ] GC(26) User=0.01s Sys=0.00s Real=0.01s
[2020-09-11T14:06:17.389+0000][1][safepoint    ] Safepoint "GenCollectForAllocation", Time since last: 220005604 ns, Reaching safepoint: 97842 ns, At safepoint: 9383021 ns, Total: 9480863 ns
[2020-09-11T14:06:17.590+0000][1][gc,start     ] GC(27) Pause Young (Allocation Failure)
[2020-09-11T14:06:17.590+0000][1][gc,task      ] GC(27) Using 1 workers of 1 for evacuation
[2020-09-11T14:06:17.595+0000][1][gc,age       ] GC(27) Desired survivor size 4358144 bytes, new threshold 6 (max threshold 6)
[2020-09-11T14:06:17.595+0000][1][gc,age       ] GC(27) Age table with threshold 6 (max threshold 6)
[2020-09-11T14:06:17.595+0000][1][gc,age       ] GC(27) - age   1:        248 bytes,        248 total
[2020-09-11T14:06:17.595+0000][1][gc,age       ] GC(27) - age   6:     249784 bytes,     250032 total
[2020-09-11T14:06:17.595+0000][1][gc,heap      ] GC(27) ParNew: 69375K->404K(76672K)
[2020-09-11T14:06:17.595+0000][1][gc,heap      ] GC(27) CMS: 45599K->46028K(439104K)
[2020-09-11T14:06:17.595+0000][1][gc,metaspace ] GC(27) Metaspace: 32447K->32447K(1079296K)
[2020-09-11T14:06:17.595+0000][1][gc           ] GC(27) Pause Young (Allocation Failure) 112M->45M(503M) 5.182ms
[2020-09-11T14:06:17.595+0000][1][gc,cpu       ] GC(27) User=0.00s Sys=0.00s Real=0.00s
[2020-09-11T14:06:17.599+0000][1][safepoint    ] Safepoint "GenCollectForAllocation", Time since last: 200636986 ns, Reaching safepoint: 97651 ns, At safepoint: 9776191 ns, Total: 9873842 ns
[2020-09-11T14:06:17.776+0000][1][gc,start     ] GC(28) Pause Young (Allocation Failure)
[2020-09-11T14:06:17.776+0000][1][gc,task      ] GC(28) Using 1 workers of 1 for evacuation
[2020-09-11T14:06:17.778+0000][1][gc,age       ] GC(28) Desired survivor size 4358144 bytes, new threshold 6 (max threshold 6)
[2020-09-11T14:06:17.778+0000][1][gc,age       ] GC(28) Age table with threshold 6 (max threshold 6)
[2020-09-11T14:06:17.778+0000][1][gc,age       ] GC(28) - age   1:        296 bytes,        296 total
[2020-09-11T14:06:17.778+0000][1][gc,heap      ] GC(28) ParNew: 68564K->284K(76672K)
[2020-09-11T14:06:17.778+0000][1][gc,heap      ] GC(28) CMS: 46028K->46272K(439104K)
[2020-09-11T14:06:17.779+0000][1][gc,metaspace ] GC(28) Metaspace: 32447K->32447K(1079296K)
[2020-09-11T14:06:17.779+0000][1][gc           ] GC(28) Pause Young (Allocation Failure) 111M->45M(503M) 2.390ms
[2020-09-11T14:06:17.779+0000][1][gc,cpu       ] GC(28) User=0.00s Sys=0.00s Real=0.00s
[2020-09-11T14:06:17.779+0000][1][safepoint    ] Safepoint "GenCollectForAllocation", Time since last: 176616593 ns, Reaching safepoint: 96715 ns, At safepoint: 2445553 ns, Total: 2542268 ns
[2020-09-11T14:06:17.964+0000][1][gc,start     ] GC(29) Pause Young (Allocation Failure)
[2020-09-11T14:06:17.964+0000][1][gc,task      ] GC(29) Using 1 workers of 1 for evacuation
[2020-09-11T14:06:17.966+0000][1][gc,age       ] GC(29) Desired survivor size 4358144 bytes, new threshold 6 (max threshold 6)
[2020-09-11T14:06:17.966+0000][1][gc,age       ] GC(29) Age table with threshold 6 (max threshold 6)
[2020-09-11T14:06:17.966+0000][1][gc,age       ] GC(29) - age   1:         96 bytes,         96 total
[2020-09-11T14:06:17.966+0000][1][gc,age       ] GC(29) - age   2:         72 bytes,        168 total
[2020-09-11T14:06:17.966+0000][1][gc,heap      ] GC(29) ParNew: 68444K->71K(76672K)
[2020-09-11T14:06:17.966+0000][1][gc,heap      ] GC(29) CMS: 46272K->46272K(439104K)
[2020-09-11T14:06:17.966+0000][1][gc,metaspace ] GC(29) Metaspace: 32447K->32447K(1079296K)
[2020-09-11T14:06:17.966+0000][1][gc           ] GC(29) Pause Young (Allocation Failure) 112M->45M(503M) 2.415ms
[2020-09-11T14:06:17.966+0000][1][gc,cpu       ] GC(29) User=0.01s Sys=0.00s Real=0.00s
[2020-09-11T14:06:17.966+0000][1][safepoint    ] Safepoint "GenCollectForAllocation", Time since last: 184858749 ns, Reaching safepoint: 68602 ns, At safepoint: 2468193 ns, Total: 2536795 ns
[2020-09-11T14:06:18.145+0000][1][gc,start     ] GC(30) Pause Young (Allocation Failure)
[2020-09-11T14:06:18.145+0000][1][gc,task      ] GC(30) Using 1 workers of 1 for evacuation
[2020-09-11T14:06:18.147+0000][1][gc,age       ] GC(30) Desired survivor size 4358144 bytes, new threshold 6 (max threshold 6)
[2020-09-11T14:06:18.151+0000][1][gc,age       ] GC(30) Age table with threshold 6 (max threshold 6)
[2020-09-11T14:06:18.151+0000][1][gc,age       ] GC(30) - age   1:        224 bytes,        224 total
[2020-09-11T14:06:18.151+0000][1][gc,age       ] GC(30) - age   3:         72 bytes,        296 total
[2020-09-11T14:06:18.151+0000][1][gc,heap      ] GC(30) ParNew: 68231K->17K(76672K)
[2020-09-11T14:06:18.151+0000][1][gc,heap      ] GC(30) CMS: 46272K->46272K(439104K)
[2020-09-11T14:06:18.151+0000][1][gc,metaspace ] GC(30) Metaspace: 32447K->32447K(1079296K)
[2020-09-11T14:06:18.151+0000][1][gc           ] GC(30) Pause Young (Allocation Failure) 111M->45M(503M) 6.389ms
[2020-09-11T14:06:18.152+0000][1][gc,cpu       ] GC(30) User=0.00s Sys=0.00s Real=0.00s
[2020-09-11T14:06:18.152+0000][1][safepoint    ] Safepoint "GenCollectForAllocation", Time since last: 179033721 ns, Reaching safepoint: 98298 ns, At safepoint: 6440851 ns, Total: 6539149 ns
[2020-09-11T14:06:18.358+0000][1][gc,start     ] GC(31) Pause Young (Allocation Failure)
[2020-09-11T14:06:18.358+0000][1][gc,task      ] GC(31) Using 1 workers of 1 for evacuation
[2020-09-11T14:06:18.364+0000][1][gc,age       ] GC(31) Desired survivor size 4358144 bytes, new threshold 6 (max threshold 6)
[2020-09-11T14:06:18.364+0000][1][gc,age       ] GC(31) Age table with threshold 6 (max threshold 6)
[2020-09-11T14:06:18.364+0000][1][gc,age       ] GC(31) - age   1:        136 bytes,        136 total
[2020-09-11T14:06:18.364+0000][1][gc,age       ] GC(31) - age   4:         72 bytes,        208 total
[2020-09-11T14:06:18.364+0000][1][gc,heap      ] GC(31) ParNew: 68177K->4K(76672K)
[2020-09-11T14:06:18.364+0000][1][gc,heap      ] GC(31) CMS: 46272K->46272K(439104K)
[2020-09-11T14:06:18.364+0000][1][gc,metaspace ] GC(31) Metaspace: 32447K->32447K(1079296K)
[2020-09-11T14:06:18.364+0000][1][gc           ] GC(31) Pause Young (Allocation Failure) 111M->45M(503M) 6.744ms
[2020-09-11T14:06:18.364+0000][1][gc,cpu       ] GC(31) User=0.00s Sys=0.00s Real=0.01s
[2020-09-11T14:06:18.364+0000][1][safepoint    ] Safepoint "GenCollectForAllocation", Time since last: 205990456 ns, Reaching safepoint: 106916 ns, At safepoint: 6809067 ns, Total: 6915983 ns
[2020-09-11T14:06:18.544+0000][1][gc,start     ] GC(32) Pause Young (Allocation Failure)
[2020-09-11T14:06:18.544+0000][1][gc,task      ] GC(32) Using 1 workers of 1 for evacuation
[2020-09-11T14:06:18.547+0000][1][gc,age       ] GC(32) Desired survivor size 4358144 bytes, new threshold 6 (max threshold 6)
[2020-09-11T14:06:18.547+0000][1][gc,age       ] GC(32) Age table with threshold 6 (max threshold 6)
[2020-09-11T14:06:18.547+0000][1][gc,age       ] GC(32) - age   1:        192 bytes,        192 total
[2020-09-11T14:06:18.547+0000][1][gc,age       ] GC(32) - age   5:         72 bytes,        264 total
[2020-09-11T14:06:18.547+0000][1][gc,heap      ] GC(32) ParNew: 68164K->2K(76672K)
[2020-09-11T14:06:18.547+0000][1][gc,heap      ] GC(32) CMS: 46272K->46272K(439104K)
[2020-09-11T14:06:18.547+0000][1][gc,metaspace ] GC(32) Metaspace: 32447K->32447K(1079296K)
[2020-09-11T14:06:18.547+0000][1][gc           ] GC(32) Pause Young (Allocation Failure) 111M->45M(503M) 2.438ms
[2020-09-11T14:06:18.547+0000][1][gc,cpu       ] GC(32) User=0.00s Sys=0.00s Real=0.00s
[2020-09-11T14:06:18.547+0000][1][safepoint    ] Safepoint "GenCollectForAllocation", Time since last: 179746290 ns, Reaching safepoint: 102628 ns, At safepoint: 2491403 ns, Total: 2594031 ns
[2020-09-11T14:06:18.721+0000][1][gc,start     ] GC(33) Pause Young (Allocation Failure)
[2020-09-11T14:06:18.721+0000][1][gc,task      ] GC(33) Using 1 workers of 1 for evacuation
[2020-09-11T14:06:18.728+0000][1][gc,age       ] GC(33) Desired survivor size 4358144 bytes, new threshold 6 (max threshold 6)
[2020-09-11T14:06:18.728+0000][1][gc,age       ] GC(33) Age table with threshold 6 (max threshold 6)
[2020-09-11T14:06:18.728+0000][1][gc,age       ] GC(33) - age   1:         72 bytes,         72 total
[2020-09-11T14:06:18.728+0000][1][gc,age       ] GC(33) - age   6:         72 bytes,        144 total
[2020-09-11T14:06:18.728+0000][1][gc,heap      ] GC(33) ParNew: 68162K->2K(76672K)
[2020-09-11T14:06:18.728+0000][1][gc,heap      ] GC(33) CMS: 46272K->46272K(439104K)
[2020-09-11T14:06:18.728+0000][1][gc,metaspace ] GC(33) Metaspace: 32447K->32447K(1079296K)
[2020-09-11T14:06:18.728+0000][1][gc           ] GC(33) Pause Young (Allocation Failure) 111M->45M(503M) 6.568ms
[2020-09-11T14:06:18.728+0000][1][gc,cpu       ] GC(33) User=0.01s Sys=0.00s Real=0.01s
[2020-09-11T14:06:18.728+0000][1][safepoint    ] Safepoint "GenCollectForAllocation", Time since last: 174244704 ns, Reaching safepoint: 98998 ns, At safepoint: 6633012 ns, Total: 6732010 ns
[2020-09-11T14:06:19.740+0000][1][safepoint    ] Safepoint "Cleanup", Time since last: 1000088024 ns, Reaching safepoint: 11645196 ns, At safepoint: 8770 ns, Total: 11653966 ns
[2020-09-11T14:06:21.748+0000][1][safepoint    ] Safepoint "Cleanup", Time since last: 2007905918 ns, Reaching safepoint: 128263 ns, At safepoint: 6896 ns, Total: 135159 ns
[2020-09-11T14:06:21.837+0000][1][gc,start     ] GC(34) Pause Young (Allocation Failure)
[2020-09-11T14:06:21.837+0000][1][gc,task      ] GC(34) Using 1 workers of 1 for evacuation
[2020-09-11T14:06:21.844+0000][1][gc,age       ] GC(34) Desired survivor size 4358144 bytes, new threshold 6 (max threshold 6)
[2020-09-11T14:06:21.844+0000][1][gc,age       ] GC(34) Age table with threshold 6 (max threshold 6)
[2020-09-11T14:06:21.844+0000][1][gc,age       ] GC(34) - age   1:     240584 bytes,     240584 total
[2020-09-11T14:06:21.844+0000][1][gc,heap      ] GC(34) ParNew: 68162K->236K(76672K)
[2020-09-11T14:06:21.844+0000][1][gc,heap      ] GC(34) CMS: 46272K->46273K(439104K)
[2020-09-11T14:06:21.844+0000][1][gc,metaspace ] GC(34) Metaspace: 32467K->32467K(1079296K)
[2020-09-11T14:06:21.844+0000][1][gc           ] GC(34) Pause Young (Allocation Failure) 111M->45M(503M) 6.619ms
[2020-09-11T14:06:21.844+0000][1][gc,cpu       ] GC(34) User=0.00s Sys=0.00s Real=0.01s
[2020-09-11T14:06:21.844+0000][1][safepoint    ] Safepoint "GenCollectForAllocation", Time since last: 89648561 ns, Reaching safepoint: 101606 ns, At safepoint: 6672303 ns, Total: 6773909 ns
[2020-09-11T14:06:22.624+0000][1][gc,start     ] GC(35) Pause Young (Allocation Failure)
[2020-09-11T14:06:22.624+0000][1][gc,task      ] GC(35) Using 1 workers of 1 for evacuation
[2020-09-11T14:06:22.628+0000][1][gc,age       ] GC(35) Desired survivor size 4358144 bytes, new threshold 6 (max threshold 6)
[2020-09-11T14:06:22.628+0000][1][gc,age       ] GC(35) Age table with threshold 6 (max threshold 6)
[2020-09-11T14:06:22.628+0000][1][gc,age       ] GC(35) - age   1:     511848 bytes,     511848 total
[2020-09-11T14:06:22.628+0000][1][gc,age       ] GC(35) - age   2:     148672 bytes,     660520 total
[2020-09-11T14:06:22.628+0000][1][gc,heap      ] GC(35) ParNew: 68396K->664K(76672K)
[2020-09-11T14:06:22.628+0000][1][gc,heap      ] GC(35) CMS: 46273K->46273K(439104K)
[2020-09-11T14:06:22.628+0000][1][gc,metaspace ] GC(35) Metaspace: 32467K->32467K(1079296K)
[2020-09-11T14:06:22.628+0000][1][gc           ] GC(35) Pause Young (Allocation Failure) 111M->45M(503M) 4.813ms
[2020-09-11T14:06:22.628+0000][1][gc,cpu       ] GC(35) User=0.00s Sys=0.00s Real=0.00s
[2020-09-11T14:06:22.628+0000][1][safepoint    ] Safepoint "GenCollectForAllocation", Time since last: 779453196 ns, Reaching safepoint: 100845 ns, At safepoint: 4871045 ns, Total: 4971890 ns
[2020-09-11T14:06:23.184+0000][1][gc,start     ] GC(36) Pause Young (Allocation Failure)
[2020-09-11T14:06:23.184+0000][1][gc,task      ] GC(36) Using 1 workers of 1 for evacuation
[2020-09-11T14:06:23.186+0000][1][gc,age       ] GC(36) Desired survivor size 4358144 bytes, new threshold 6 (max threshold 6)
[2020-09-11T14:06:23.186+0000][1][gc,age       ] GC(36) Age table with threshold 6 (max threshold 6)
[2020-09-11T14:06:23.186+0000][1][gc,age       ] GC(36) - age   1:     642896 bytes,     642896 total
[2020-09-11T14:06:23.186+0000][1][gc,age       ] GC(36) - age   2:     340264 bytes,     983160 total
[2020-09-11T14:06:23.186+0000][1][gc,age       ] GC(36) - age   3:     148088 bytes,    1131248 total
[2020-09-11T14:06:23.186+0000][1][gc,heap      ] GC(36) ParNew: 68824K->1141K(76672K)
[2020-09-11T14:06:23.186+0000][1][gc,heap      ] GC(36) CMS: 46273K->46273K(439104K)
[2020-09-11T14:06:23.186+0000][1][gc,metaspace ] GC(36) Metaspace: 32468K->32468K(1079296K)
[2020-09-11T14:06:23.186+0000][1][gc           ] GC(36) Pause Young (Allocation Failure) 112M->46M(503M) 2.724ms
[2020-09-11T14:06:23.186+0000][1][gc,cpu       ] GC(36) User=0.00s Sys=0.00s Real=0.00s
[2020-09-11T14:06:23.191+0000][1][safepoint    ] Safepoint "GenCollectForAllocation", Time since last: 555167676 ns, Reaching safepoint: 103245 ns, At safepoint: 7513895 ns, Total: 7617140 ns
[2020-09-11T14:06:23.868+0000][1][gc,start     ] GC(37) Pause Young (Allocation Failure)
[2020-09-11T14:06:23.868+0000][1][gc,task      ] GC(37) Using 1 workers of 1 for evacuation
[2020-09-11T14:06:23.870+0000][1][gc,age       ] GC(37) Desired survivor size 4358144 bytes, new threshold 6 (max threshold 6)
[2020-09-11T14:06:23.870+0000][1][gc,age       ] GC(37) Age table with threshold 6 (max threshold 6)
[2020-09-11T14:06:23.870+0000][1][gc,age       ] GC(37) - age   1:     310328 bytes,     310328 total
[2020-09-11T14:06:23.870+0000][1][gc,age       ] GC(37) - age   2:     629296 bytes,     939624 total
[2020-09-11T14:06:23.870+0000][1][gc,age       ] GC(37) - age   3:     340136 bytes,    1279760 total
[2020-09-11T14:06:23.870+0000][1][gc,age       ] GC(37) - age   4:     147704 bytes,    1427464 total
[2020-09-11T14:06:23.870+0000][1][gc,heap      ] GC(37) ParNew: 69294K->1420K(76672K)
[2020-09-11T14:06:23.870+0000][1][gc,heap      ] GC(37) CMS: 46273K->46273K(439104K)
[2020-09-11T14:06:23.870+0000][1][gc,metaspace ] GC(37) Metaspace: 32468K->32468K(1079296K)
[2020-09-11T14:06:23.870+0000][1][gc           ] GC(37) Pause Young (Allocation Failure) 112M->46M(503M) 2.944ms
[2020-09-11T14:06:23.870+0000][1][gc,cpu       ] GC(37) User=0.00s Sys=0.00s Real=0.00s
[2020-09-11T14:06:23.875+0000][1][safepoint    ] Safepoint "GenCollectForAllocation", Time since last: 676251004 ns, Reaching safepoint: 100967 ns, At safepoint: 7896129 ns, Total: 7997096 ns
[2020-09-11T14:06:24.474+0000][1][gc,start     ] GC(38) Pause Young (Allocation Failure)
[2020-09-11T14:06:24.474+0000][1][gc,task      ] GC(38) Using 1 workers of 1 for evacuation
[2020-09-11T14:06:24.477+0000][1][gc,age       ] GC(38) Desired survivor size 4358144 bytes, new threshold 6 (max threshold 6)
[2020-09-11T14:06:24.477+0000][1][gc,age       ] GC(38) Age table with threshold 6 (max threshold 6)
[2020-09-11T14:06:24.477+0000][1][gc,age       ] GC(38) - age   1:     935584 bytes,     935584 total
[2020-09-11T14:06:24.477+0000][1][gc,age       ] GC(38) - age   2:     297480 bytes,    1233064 total
[2020-09-11T14:06:24.477+0000][1][gc,age       ] GC(38) - age   3:     297400 bytes,    1530464 total
[2020-09-11T14:06:24.477+0000][1][gc,age       ] GC(38) - age   4:     340136 bytes,    1870600 total
[2020-09-11T14:06:24.477+0000][1][gc,age       ] GC(38) - age   5:     147600 bytes,    2018200 total
[2020-09-11T14:06:24.477+0000][1][gc,heap      ] GC(38) ParNew: 69580K->2029K(76672K)
[2020-09-11T14:06:24.477+0000][1][gc,heap      ] GC(38) CMS: 46273K->46273K(439104K)
[2020-09-11T14:06:24.477+0000][1][gc,metaspace ] GC(38) Metaspace: 32469K->32469K(1079296K)
[2020-09-11T14:06:24.477+0000][1][gc           ] GC(38) Pause Young (Allocation Failure) 113M->47M(503M) 2.923ms
[2020-09-11T14:06:24.477+0000][1][gc,cpu       ] GC(38) User=0.00s Sys=0.00s Real=0.01s
[2020-09-11T14:06:24.483+0000][1][safepoint    ] Safepoint "GenCollectForAllocation", Time since last: 598494497 ns, Reaching safepoint: 98323 ns, At safepoint: 9420726 ns, Total: 9519049 ns
[2020-09-11T14:06:24.894+0000][1][gc,start     ] GC(39) Pause Young (Allocation Failure)
[2020-09-11T14:06:24.894+0000][1][gc,task      ] GC(39) Using 1 workers of 1 for evacuation
[2020-09-11T14:06:24.901+0000][1][gc,age       ] GC(39) Desired survivor size 4358144 bytes, new threshold 6 (max threshold 6)
[2020-09-11T14:06:24.901+0000][1][gc,age       ] GC(39) Age table with threshold 6 (max threshold 6)
[2020-09-11T14:06:24.901+0000][1][gc,age       ] GC(39) - age   1:     310632 bytes,     310632 total
[2020-09-11T14:06:24.901+0000][1][gc,age       ] GC(39) - age   2:     923040 bytes,    1233672 total
[2020-09-11T14:06:24.901+0000][1][gc,age       ] GC(39) - age   3:     296328 bytes,    1530000 total
[2020-09-11T14:06:24.901+0000][1][gc,age       ] GC(39) - age   4:     296896 bytes,    1826896 total
[2020-09-11T14:06:24.901+0000][1][gc,age       ] GC(39) - age   5:     339720 bytes,    2166616 total
[2020-09-11T14:06:24.901+0000][1][gc,age       ] GC(39) - age   6:     147560 bytes,    2314176 total
[2020-09-11T14:06:24.901+0000][1][gc,heap      ] GC(39) ParNew: 70189K->2351K(76672K)
[2020-09-11T14:06:24.901+0000][1][gc,heap      ] GC(39) CMS: 46273K->46273K(439104K)
[2020-09-11T14:06:24.901+0000][1][gc,metaspace ] GC(39) Metaspace: 32469K->32469K(1079296K)
[2020-09-11T14:06:24.901+0000][1][gc           ] GC(39) Pause Young (Allocation Failure) 113M->47M(503M) 7.324ms
[2020-09-11T14:06:24.901+0000][1][gc,cpu       ] GC(39) User=0.00s Sys=0.00s Real=0.01s
[2020-09-11T14:06:24.903+0000][1][safepoint    ] Safepoint "GenCollectForAllocation", Time since last: 410469742 ns, Reaching safepoint: 98732 ns, At safepoint: 8704842 ns, Total: 8803574 ns
[2020-09-11T14:06:25.307+0000][1][gc,start     ] GC(40) Pause Young (Allocation Failure)
[2020-09-11T14:06:25.307+0000][1][gc,task      ] GC(40) Using 1 workers of 1 for evacuation
[2020-09-11T14:06:25.310+0000][1][gc,age       ] GC(40) Desired survivor size 4358144 bytes, new threshold 6 (max threshold 6)
[2020-09-11T14:06:25.310+0000][1][gc,age       ] GC(40) Age table with threshold 6 (max threshold 6)
[2020-09-11T14:06:25.310+0000][1][gc,age       ] GC(40) - age   1:     381504 bytes,     381504 total
[2020-09-11T14:06:25.310+0000][1][gc,age       ] GC(40) - age   2:     300848 bytes,     682352 total
[2020-09-11T14:06:25.310+0000][1][gc,age       ] GC(40) - age   3:     922472 bytes,    1604824 total
[2020-09-11T14:06:25.310+0000][1][gc,age       ] GC(40) - age   4:     296096 bytes,    1900920 total
[2020-09-11T14:06:25.310+0000][1][gc,age       ] GC(40) - age   5:     296776 bytes,    2197696 total
[2020-09-11T14:06:25.310+0000][1][gc,age       ] GC(40) - age   6:     339720 bytes,    2537416 total
[2020-09-11T14:06:25.310+0000][1][gc,heap      ] GC(40) ParNew: 70511K->2496K(76672K)
[2020-09-11T14:06:25.310+0000][1][gc,heap      ] GC(40) CMS: 46273K->46414K(439104K)
[2020-09-11T14:06:25.310+0000][1][gc,metaspace ] GC(40) Metaspace: 32474K->32474K(1079296K)
[2020-09-11T14:06:25.310+0000][1][gc           ] GC(40) Pause Young (Allocation Failure) 114M->47M(503M) 3.233ms
[2020-09-11T14:06:25.310+0000][1][gc,cpu       ] GC(40) User=0.01s Sys=0.00s Real=0.00s
[2020-09-11T14:06:25.315+0000][1][safepoint    ] Safepoint "GenCollectForAllocation", Time since last: 404394331 ns, Reaching safepoint: 129245 ns, At safepoint: 8186737 ns, Total: 8315982 ns
[2020-09-11T14:06:25.445+0000][1][gc,start     ] GC(41) Pause Young (Allocation Failure)
[2020-09-11T14:06:25.445+0000][1][gc,task      ] GC(41) Using 1 workers of 1 for evacuation
[2020-09-11T14:06:25.452+0000][1][gc,age       ] GC(41) Desired survivor size 4358144 bytes, new threshold 6 (max threshold 6)
[2020-09-11T14:06:25.452+0000][1][gc,age       ] GC(41) Age table with threshold 6 (max threshold 6)
[2020-09-11T14:06:25.452+0000][1][gc,age       ] GC(41) - age   1:        232 bytes,        232 total
[2020-09-11T14:06:25.452+0000][1][gc,age       ] GC(41) - age   2:     381216 bytes,     381448 total
[2020-09-11T14:06:25.452+0000][1][gc,age       ] GC(41) - age   3:     300848 bytes,     682296 total
[2020-09-11T14:06:25.452+0000][1][gc,age       ] GC(41) - age   4:     922472 bytes,    1604768 total
[2020-09-11T14:06:25.452+0000][1][gc,age       ] GC(41) - age   5:     296096 bytes,    1900864 total
[2020-09-11T14:06:25.452+0000][1][gc,age       ] GC(41) - age   6:     296776 bytes,    2197640 total
[2020-09-11T14:06:25.452+0000][1][gc,heap      ] GC(41) ParNew: 70656K->2409K(76672K)
[2020-09-11T14:06:25.452+0000][1][gc,heap      ] GC(41) CMS: 46414K->46746K(439104K)
[2020-09-11T14:06:25.452+0000][1][gc,metaspace ] GC(41) Metaspace: 32474K->32474K(1079296K)
[2020-09-11T14:06:25.452+0000][1][gc           ] GC(41) Pause Young (Allocation Failure) 114M->48M(503M) 7.551ms
[2020-09-11T14:06:25.452+0000][1][gc,cpu       ] GC(41) User=0.00s Sys=0.00s Real=0.00s
[2020-09-11T14:06:25.452+0000][1][safepoint    ] Safepoint "GenCollectForAllocation", Time since last: 128004612 ns, Reaching safepoint: 1375397 ns, At safepoint: 7614315 ns, Total: 8989712 ns
[2020-09-11T14:06:25.568+0000][1][gc,start     ] GC(42) Pause Young (Allocation Failure)
[2020-09-11T14:06:25.568+0000][1][gc,task      ] GC(42) Using 1 workers of 1 for evacuation
[2020-09-11T14:06:25.571+0000][1][gc,age       ] GC(42) Desired survivor size 4358144 bytes, new threshold 6 (max threshold 6)
[2020-09-11T14:06:25.571+0000][1][gc,age       ] GC(42) Age table with threshold 6 (max threshold 6)
[2020-09-11T14:06:25.571+0000][1][gc,age       ] GC(42) - age   1:        208 bytes,        208 total
[2020-09-11T14:06:25.571+0000][1][gc,age       ] GC(42) - age   2:        160 bytes,        368 total
[2020-09-11T14:06:25.571+0000][1][gc,age       ] GC(42) - age   3:     381216 bytes,     381584 total
[2020-09-11T14:06:25.571+0000][1][gc,age       ] GC(42) - age   4:     300848 bytes,     682432 total
[2020-09-11T14:06:25.571+0000][1][gc,age       ] GC(42) - age   5:     922472 bytes,    1604904 total
[2020-09-11T14:06:25.571+0000][1][gc,age       ] GC(42) - age   6:     296096 bytes,    1901000 total
[2020-09-11T14:06:25.571+0000][1][gc,heap      ] GC(42) ParNew: 70569K->2299K(76672K)
[2020-09-11T14:06:25.571+0000][1][gc,heap      ] GC(42) CMS: 46746K->47036K(439104K)
[2020-09-11T14:06:25.571+0000][1][gc,metaspace ] GC(42) Metaspace: 32474K->32474K(1079296K)
[2020-09-11T14:06:25.571+0000][1][gc           ] GC(42) Pause Young (Allocation Failure) 114M->48M(503M) 2.943ms
[2020-09-11T14:06:25.571+0000][1][gc,cpu       ] GC(42) User=0.01s Sys=0.00s Real=0.00s
[2020-09-11T14:06:25.574+0000][1][safepoint    ] Safepoint "GenCollectForAllocation", Time since last: 115468468 ns, Reaching safepoint: 102611 ns, At safepoint: 6136374 ns, Total: 6238985 ns
[2020-09-11T14:06:25.670+0000][1][gc,start     ] GC(43) Pause Young (Allocation Failure)
[2020-09-11T14:06:25.670+0000][1][gc,task      ] GC(43) Using 1 workers of 1 for evacuation
[2020-09-11T14:06:25.672+0000][1][gc,age       ] GC(43) Desired survivor size 4358144 bytes, new threshold 6 (max threshold 6)
[2020-09-11T14:06:25.672+0000][1][gc,age       ] GC(43) Age table with threshold 6 (max threshold 6)
[2020-09-11T14:06:25.672+0000][1][gc,age       ] GC(43) - age   1:         96 bytes,         96 total
[2020-09-11T14:06:25.673+0000][1][gc,age       ] GC(43) - age   3:        160 bytes,        256 total
[2020-09-11T14:06:25.673+0000][1][gc,age       ] GC(43) - age   4:     381216 bytes,     381472 total
[2020-09-11T14:06:25.673+0000][1][gc,age       ] GC(43) - age   5:     300848 bytes,     682320 total
[2020-09-11T14:06:25.673+0000][1][gc,age       ] GC(43) - age   6:     922472 bytes,    1604792 total
[2020-09-11T14:06:25.673+0000][1][gc,heap      ] GC(43) ParNew: 70459K->1598K(76672K)
[2020-09-11T14:06:25.673+0000][1][gc,heap      ] GC(43) CMS: 47036K->47325K(439104K)
[2020-09-11T14:06:25.673+0000][1][gc,metaspace ] GC(43) Metaspace: 32474K->32474K(1079296K)
[2020-09-11T14:06:25.673+0000][1][gc           ] GC(43) Pause Young (Allocation Failure) 114M->47M(503M) 2.906ms
[2020-09-11T14:06:25.673+0000][1][gc,cpu       ] GC(43) User=0.01s Sys=0.00s Real=0.00s
[2020-09-11T14:06:25.674+0000][1][safepoint    ] Safepoint "GenCollectForAllocation", Time since last: 94655023 ns, Reaching safepoint: 883972 ns, At safepoint: 4600044 ns, Total: 5484016 ns
[2020-09-11T14:06:25.844+0000][1][gc,start     ] GC(44) Pause Young (Allocation Failure)
[2020-09-11T14:06:25.844+0000][1][gc,task      ] GC(44) Using 1 workers of 1 for evacuation
[2020-09-11T14:06:25.847+0000][1][gc,age       ] GC(44) Desired survivor size 4358144 bytes, new threshold 6 (max threshold 6)
[2020-09-11T14:06:25.847+0000][1][gc,age       ] GC(44) Age table with threshold 6 (max threshold 6)
[2020-09-11T14:06:25.847+0000][1][gc,age       ] GC(44) - age   1:        632 bytes,        632 total
[2020-09-11T14:06:25.847+0000][1][gc,age       ] GC(44) - age   4:        160 bytes,        792 total
[2020-09-11T14:06:25.847+0000][1][gc,age       ] GC(44) - age   5:     381216 bytes,     382008 total
[2020-09-11T14:06:25.847+0000][1][gc,age       ] GC(44) - age   6:     300848 bytes,     682856 total
[2020-09-11T14:06:25.847+0000][1][gc,heap      ] GC(44) ParNew: 69758K->902K(76672K)
[2020-09-11T14:06:25.847+0000][1][gc,heap      ] GC(44) CMS: 47325K->48226K(439104K)
[2020-09-11T14:06:25.847+0000][1][gc,metaspace ] GC(44) Metaspace: 32474K->32474K(1079296K)
[2020-09-11T14:06:25.847+0000][1][gc           ] GC(44) Pause Young (Allocation Failure) 114M->47M(503M) 2.995ms
[2020-09-11T14:06:25.847+0000][1][gc,cpu       ] GC(44) User=0.00s Sys=0.00s Real=0.00s
[2020-09-11T14:06:25.851+0000][1][safepoint    ] Safepoint "GenCollectForAllocation", Time since last: 169861654 ns, Reaching safepoint: 103967 ns, At safepoint: 7190574 ns, Total: 7294541 ns
[2020-09-11T14:06:25.987+0000][1][gc,start     ] GC(45) Pause Young (Allocation Failure)
[2020-09-11T14:06:25.988+0000][1][gc,task      ] GC(45) Using 1 workers of 1 for evacuation
[2020-09-11T14:06:25.990+0000][1][gc,age       ] GC(45) Desired survivor size 4358144 bytes, new threshold 6 (max threshold 6)
[2020-09-11T14:06:25.990+0000][1][gc,age       ] GC(45) Age table with threshold 6 (max threshold 6)
[2020-09-11T14:06:25.990+0000][1][gc,age       ] GC(45) - age   1:         72 bytes,         72 total
[2020-09-11T14:06:25.990+0000][1][gc,age       ] GC(45) - age   2:        480 bytes,        552 total
[2020-09-11T14:06:25.990+0000][1][gc,age       ] GC(45) - age   5:        160 bytes,        712 total
[2020-09-11T14:06:25.990+0000][1][gc,age       ] GC(45) - age   6:     381216 bytes,     381928 total
[2020-09-11T14:06:25.990+0000][1][gc,heap      ] GC(45) ParNew: 69062K->725K(76672K)
[2020-09-11T14:06:25.990+0000][1][gc,heap      ] GC(45) CMS: 48226K->48520K(439104K)
[2020-09-11T14:06:25.990+0000][1][gc,metaspace ] GC(45) Metaspace: 32474K->32474K(1079296K)
[2020-09-11T14:06:25.990+0000][1][gc           ] GC(45) Pause Young (Allocation Failure) 114M->48M(503M) 2.686ms
[2020-09-11T14:06:25.990+0000][1][gc,cpu       ] GC(45) User=0.01s Sys=0.00s Real=0.00s
[2020-09-11T14:06:25.990+0000][1][safepoint    ] Safepoint "GenCollectForAllocation", Time since last: 132535031 ns, Reaching safepoint: 3480825 ns, At safepoint: 2763255 ns, Total: 6244080 ns
[2020-09-11T14:06:26.088+0000][1][gc,start     ] GC(46) Pause Young (Allocation Failure)
[2020-09-11T14:06:26.088+0000][1][gc,task      ] GC(46) Using 1 workers of 1 for evacuation
[2020-09-11T14:06:26.090+0000][1][gc,age       ] GC(46) Desired survivor size 4358144 bytes, new threshold 6 (max threshold 6)
[2020-09-11T14:06:26.090+0000][1][gc,age       ] GC(46) Age table with threshold 6 (max threshold 6)
[2020-09-11T14:06:26.090+0000][1][gc,age       ] GC(46) - age   1:        160 bytes,        160 total
[2020-09-11T14:06:26.090+0000][1][gc,age       ] GC(46) - age   3:        480 bytes,        640 total
[2020-09-11T14:06:26.090+0000][1][gc,age       ] GC(46) - age   6:        160 bytes,        800 total
[2020-09-11T14:06:26.090+0000][1][gc,heap      ] GC(46) ParNew: 68885K->321K(76672K)
[2020-09-11T14:06:26.090+0000][1][gc,heap      ] GC(46) CMS: 48520K->48892K(439104K)
[2020-09-11T14:06:26.090+0000][1][gc,metaspace ] GC(46) Metaspace: 32474K->32474K(1079296K)
[2020-09-11T14:06:26.090+0000][1][gc           ] GC(46) Pause Young (Allocation Failure) 114M->48M(503M) 2.614ms
[2020-09-11T14:06:26.090+0000][1][gc,cpu       ] GC(46) User=0.00s Sys=0.00s Real=0.00s
[2020-09-11T14:06:26.095+0000][1][safepoint    ] Safepoint "GenCollectForAllocation", Time since last: 97229383 ns, Reaching safepoint: 101006 ns, At safepoint: 7895621 ns, Total: 7996627 ns
[2020-09-11T14:06:26.190+0000][1][gc,start     ] GC(47) Pause Young (Allocation Failure)
[2020-09-11T14:06:26.190+0000][1][gc,task      ] GC(47) Using 1 workers of 1 for evacuation
[2020-09-11T14:06:26.192+0000][1][gc,age       ] GC(47) Desired survivor size 4358144 bytes, new threshold 6 (max threshold 6)
[2020-09-11T14:06:26.192+0000][1][gc,age       ] GC(47) Age table with threshold 6 (max threshold 6)
[2020-09-11T14:06:26.192+0000][1][gc,age       ] GC(47) - age   1:         88 bytes,         88 total
[2020-09-11T14:06:26.192+0000][1][gc,age       ] GC(47) - age   4:        480 bytes,        568 total
[2020-09-11T14:06:26.192+0000][1][gc,heap      ] GC(47) ParNew: 68481K->80K(76672K)
[2020-09-11T14:06:26.192+0000][1][gc,heap      ] GC(47) CMS: 48892K->48892K(439104K)
[2020-09-11T14:06:26.192+0000][1][gc,metaspace ] GC(47) Metaspace: 32474K->32474K(1079296K)
[2020-09-11T14:06:26.192+0000][1][gc           ] GC(47) Pause Young (Allocation Failure) 114M->47M(503M) 2.394ms
[2020-09-11T14:06:26.192+0000][1][gc,cpu       ] GC(47) User=0.00s Sys=0.00s Real=0.00s
[2020-09-11T14:06:26.192+0000][1][safepoint    ] Safepoint "GenCollectForAllocation", Time since last: 94049992 ns, Reaching safepoint: 109016 ns, At safepoint: 2445503 ns, Total: 2554519 ns
[2020-09-11T14:06:26.296+0000][1][gc,start     ] GC(48) Pause Young (Allocation Failure)
[2020-09-11T14:06:26.296+0000][1][gc,task      ] GC(48) Using 1 workers of 1 for evacuation
[2020-09-11T14:06:26.298+0000][1][gc,age       ] GC(48) Desired survivor size 4358144 bytes, new threshold 6 (max threshold 6)
[2020-09-11T14:06:26.298+0000][1][gc,age       ] GC(48) Age table with threshold 6 (max threshold 6)
[2020-09-11T14:06:26.298+0000][1][gc,age       ] GC(48) - age   1:         88 bytes,         88 total
[2020-09-11T14:06:26.298+0000][1][gc,age       ] GC(48) - age   5:        480 bytes,        568 total
[2020-09-11T14:06:26.298+0000][1][gc,heap      ] GC(48) ParNew: 68240K->20K(76672K)
[2020-09-11T14:06:26.298+0000][1][gc,heap      ] GC(48) CMS: 48892K->48892K(439104K)
[2020-09-11T14:06:26.298+0000][1][gc,metaspace ] GC(48) Metaspace: 32474K->32474K(1079296K)
[2020-09-11T14:06:26.298+0000][1][gc           ] GC(48) Pause Young (Allocation Failure) 114M->47M(503M) 2.503ms
[2020-09-11T14:06:26.298+0000][1][gc,cpu       ] GC(48) User=0.00s Sys=0.00s Real=0.00s
[2020-09-11T14:06:26.303+0000][1][safepoint    ] Safepoint "GenCollectForAllocation", Time since last: 103401319 ns, Reaching safepoint: 102738 ns, At safepoint: 7892574 ns, Total: 7995312 ns
[2020-09-11T14:06:26.399+0000][1][gc,start     ] GC(49) Pause Young (Allocation Failure)
[2020-09-11T14:06:26.399+0000][1][gc,task      ] GC(49) Using 1 workers of 1 for evacuation
[2020-09-11T14:06:26.402+0000][1][gc,age       ] GC(49) Desired survivor size 4358144 bytes, new threshold 6 (max threshold 6)
[2020-09-11T14:06:26.402+0000][1][gc,age       ] GC(49) Age table with threshold 6 (max threshold 6)
[2020-09-11T14:06:26.402+0000][1][gc,age       ] GC(49) - age   1:         56 bytes,         56 total
[2020-09-11T14:06:26.402+0000][1][gc,age       ] GC(49) - age   6:        480 bytes,        536 total
[2020-09-11T14:06:26.402+0000][1][gc,heap      ] GC(49) ParNew: 68180K->5K(76672K)
[2020-09-11T14:06:26.402+0000][1][gc,heap      ] GC(49) CMS: 48892K->48892K(439104K)
[2020-09-11T14:06:26.402+0000][1][gc,metaspace ] GC(49) Metaspace: 32474K->32474K(1079296K)
[2020-09-11T14:06:26.402+0000][1][gc           ] GC(49) Pause Young (Allocation Failure) 114M->47M(503M) 2.383ms
[2020-09-11T14:06:26.402+0000][1][gc,cpu       ] GC(49) User=0.00s Sys=0.00s Real=0.00s
[2020-09-11T14:06:26.402+0000][1][safepoint    ] Safepoint "GenCollectForAllocation", Time since last: 95869511 ns, Reaching safepoint: 115057 ns, At safepoint: 2434956 ns, Total: 2550013 ns
[2020-09-11T14:06:27.402+0000][1][safepoint    ] Safepoint "Cleanup", Time since last: 1000081526 ns, Reaching safepoint: 40089 ns, At safepoint: 6189 ns, Total: 46278 ns
[2020-09-11T14:06:27.540+0000][1][gc,start     ] GC(50) Pause Young (Allocation Failure)
[2020-09-11T14:06:27.540+0000][1][gc,task      ] GC(50) Using 1 workers of 1 for evacuation
[2020-09-11T14:06:27.542+0000][1][gc,age       ] GC(50) Desired survivor size 4358144 bytes, new threshold 6 (max threshold 6)
[2020-09-11T14:06:27.542+0000][1][gc,age       ] GC(50) Age table with threshold 6 (max threshold 6)
[2020-09-11T14:06:27.542+0000][1][gc,age       ] GC(50) - age   1:      96264 bytes,      96264 total
[2020-09-11T14:06:27.542+0000][1][gc,heap      ] GC(50) ParNew: 68165K->96K(76672K)
[2020-09-11T14:06:27.542+0000][1][gc,heap      ] GC(50) CMS: 48892K->48893K(439104K)
[2020-09-11T14:06:27.542+0000][1][gc,metaspace ] GC(50) Metaspace: 32476K->32476K(1079296K)
[2020-09-11T14:06:27.542+0000][1][gc           ] GC(50) Pause Young (Allocation Failure) 114M->47M(503M) 2.817ms
[2020-09-11T14:06:27.542+0000][1][gc,cpu       ] GC(50) User=0.01s Sys=0.00s Real=0.00s
[2020-09-11T14:06:27.547+0000][1][safepoint    ] Safepoint "GenCollectForAllocation", Time since last: 137439638 ns, Reaching safepoint: 105474 ns, At safepoint: 7889759 ns, Total: 7995233 ns
[2020-09-11T14:06:27.913+0000][1][gc,start     ] GC(51) Pause Young (Allocation Failure)
[2020-09-11T14:06:27.913+0000][1][gc,task      ] GC(51) Using 1 workers of 1 for evacuation
[2020-09-11T14:06:27.918+0000][1][gc,age       ] GC(51) Desired survivor size 4358144 bytes, new threshold 6 (max threshold 6)
[2020-09-11T14:06:27.918+0000][1][gc,age       ] GC(51) Age table with threshold 6 (max threshold 6)
[2020-09-11T14:06:27.918+0000][1][gc,age       ] GC(51) - age   1:     544744 bytes,     544744 total
[2020-09-11T14:06:27.918+0000][1][gc,age       ] GC(51) - age   2:      49696 bytes,     594440 total
[2020-09-11T14:06:27.918+0000][1][gc,heap      ] GC(51) ParNew: 68256K->600K(76672K)
[2020-09-11T14:06:27.918+0000][1][gc,heap      ] GC(51) CMS: 48893K->48893K(439104K)
[2020-09-11T14:06:27.918+0000][1][gc,metaspace ] GC(51) Metaspace: 32476K->32476K(1079296K)
[2020-09-11T14:06:27.918+0000][1][gc           ] GC(51) Pause Young (Allocation Failure) 114M->48M(503M) 4.909ms
[2020-09-11T14:06:27.918+0000][1][gc,cpu       ] GC(51) User=0.01s Sys=0.00s Real=0.01s
[2020-09-11T14:06:27.918+0000][1][safepoint    ] Safepoint "GenCollectForAllocation", Time since last: 365611596 ns, Reaching safepoint: 156835 ns, At safepoint: 4968415 ns, Total: 5125250 ns
[2020-09-11T14:06:28.128+0000][1][gc,start     ] GC(52) Pause Young (Allocation Failure)
[2020-09-11T14:06:28.128+0000][1][gc,task      ] GC(52) Using 1 workers of 1 for evacuation
[2020-09-11T14:06:28.130+0000][1][gc,age       ] GC(52) Desired survivor size 4358144 bytes, new threshold 6 (max threshold 6)
[2020-09-11T14:06:28.130+0000][1][gc,age       ] GC(52) Age table with threshold 6 (max threshold 6)
[2020-09-11T14:06:28.130+0000][1][gc,age       ] GC(52) - age   1:     644704 bytes,     644704 total
[2020-09-11T14:06:28.130+0000][1][gc,age       ] GC(52) - age   2:     374184 bytes,    1018888 total
[2020-09-11T14:06:28.130+0000][1][gc,age       ] GC(52) - age   3:      48944 bytes,    1067832 total
[2020-09-11T14:06:28.130+0000][1][gc,heap      ] GC(52) ParNew: 68760K->1075K(76672K)
[2020-09-11T14:06:28.130+0000][1][gc,heap      ] GC(52) CMS: 48893K->48893K(439104K)
[2020-09-11T14:06:28.130+0000][1][gc,metaspace ] GC(52) Metaspace: 32476K->32476K(1079296K)
[2020-09-11T14:06:28.130+0000][1][gc           ] GC(52) Pause Young (Allocation Failure) 114M->48M(503M) 2.779ms
[2020-09-11T14:06:28.130+0000][1][gc,cpu       ] GC(52) User=0.00s Sys=0.00s Real=0.00s
[2020-09-11T14:06:28.134+0000][1][safepoint    ] Safepoint "GenCollectForAllocation", Time since last: 209270477 ns, Reaching safepoint: 106741 ns, At safepoint: 6207874 ns, Total: 6314615 ns
[2020-09-11T14:06:28.319+0000][1][gc,start     ] GC(53) Pause Young (Allocation Failure)
[2020-09-11T14:06:28.320+0000][1][gc,task      ] GC(53) Using 1 workers of 1 for evacuation
[2020-09-11T14:06:28.322+0000][1][gc,age       ] GC(53) Desired survivor size 4358144 bytes, new threshold 6 (max threshold 6)
[2020-09-11T14:06:28.322+0000][1][gc,age       ] GC(53) Age table with threshold 6 (max threshold 6)
[2020-09-11T14:06:28.322+0000][1][gc,age       ] GC(53) - age   1:     347536 bytes,     347536 total
[2020-09-11T14:06:28.322+0000][1][gc,age       ] GC(53) - age   2:     628144 bytes,     975680 total
[2020-09-11T14:06:28.322+0000][1][gc,age       ] GC(53) - age   3:     373536 bytes,    1349216 total
[2020-09-11T14:06:28.322+0000][1][gc,age       ] GC(53) - age   4:      48464 bytes,    1397680 total
[2020-09-11T14:06:28.322+0000][1][gc,heap      ] GC(53) ParNew: 69235K->1367K(76672K)
[2020-09-11T14:06:28.322+0000][1][gc,heap      ] GC(53) CMS: 48893K->48893K(439104K)
[2020-09-11T14:06:28.322+0000][1][gc,metaspace ] GC(53) Metaspace: 32476K->32476K(1079296K)
[2020-09-11T14:06:28.322+0000][1][gc           ] GC(53) Pause Young (Allocation Failure) 115M->49M(503M) 2.860ms
[2020-09-11T14:06:28.322+0000][1][gc,cpu       ] GC(53) User=0.00s Sys=0.00s Real=0.00s
[2020-09-11T14:06:28.322+0000][1][safepoint    ] Safepoint "GenCollectForAllocation", Time since last: 180132988 ns, Reaching safepoint: 5566842 ns, At safepoint: 2927269 ns, Total: 8494111 ns
[2020-09-11T14:06:28.555+0000][1][gc,start     ] GC(54) Pause Young (Allocation Failure)
[2020-09-11T14:06:28.555+0000][1][gc,task      ] GC(54) Using 1 workers of 1 for evacuation
[2020-09-11T14:06:28.558+0000][1][gc,age       ] GC(54) Desired survivor size 4358144 bytes, new threshold 6 (max threshold 6)
[2020-09-11T14:06:28.558+0000][1][gc,age       ] GC(54) Age table with threshold 6 (max threshold 6)
[2020-09-11T14:06:28.558+0000][1][gc,age       ] GC(54) - age   1:     931344 bytes,     931344 total
[2020-09-11T14:06:28.558+0000][1][gc,age       ] GC(54) - age   2:     335720 bytes,    1267064 total
[2020-09-11T14:06:28.558+0000][1][gc,age       ] GC(54) - age   3:     299792 bytes,    1566856 total
[2020-09-11T14:06:28.558+0000][1][gc,age       ] GC(54) - age   4:     373376 bytes,    1940232 total
[2020-09-11T14:06:28.558+0000][1][gc,age       ] GC(54) - age   5:      48464 bytes,    1988696 total
[2020-09-11T14:06:28.558+0000][1][gc,heap      ] GC(54) ParNew: 69527K->2038K(76672K)
[2020-09-11T14:06:28.558+0000][1][gc,heap      ] GC(54) CMS: 48893K->48893K(439104K)
[2020-09-11T14:06:28.558+0000][1][gc,metaspace ] GC(54) Metaspace: 32476K->32476K(1079296K)
[2020-09-11T14:06:28.558+0000][1][gc           ] GC(54) Pause Young (Allocation Failure) 115M->49M(503M) 2.955ms
[2020-09-11T14:06:28.558+0000][1][gc,cpu       ] GC(54) User=0.00s Sys=0.00s Real=0.00s
[2020-09-11T14:06:28.558+0000][1][safepoint    ] Safepoint "GenCollectForAllocation", Time since last: 228381073 ns, Reaching safepoint: 4687524 ns, At safepoint: 3034651 ns, Total: 7722175 ns
[2020-09-11T14:06:28.739+0000][1][gc,start     ] GC(55) Pause Young (Allocation Failure)
[2020-09-11T14:06:28.739+0000][1][gc,task      ] GC(55) Using 1 workers of 1 for evacuation
[2020-09-11T14:06:28.748+0000][1][gc,age       ] GC(55) Desired survivor size 4358144 bytes, new threshold 6 (max threshold 6)
[2020-09-11T14:06:28.748+0000][1][gc,age       ] GC(55) Age table with threshold 6 (max threshold 6)
[2020-09-11T14:06:28.748+0000][1][gc,age       ] GC(55) - age   1:     346776 bytes,     346776 total
[2020-09-11T14:06:28.748+0000][1][gc,age       ] GC(55) - age   2:     918848 bytes,    1265624 total
[2020-09-11T14:06:28.748+0000][1][gc,age       ] GC(55) - age   3:     331200 bytes,    1596824 total
[2020-09-11T14:06:28.748+0000][1][gc,age       ] GC(55) - age   4:     299152 bytes,    1895976 total
[2020-09-11T14:06:28.748+0000][1][gc,age       ] GC(55) - age   5:     373224 bytes,    2269200 total
[2020-09-11T14:06:28.748+0000][1][gc,age       ] GC(55) - age   6:      48440 bytes,    2317640 total
[2020-09-11T14:06:28.749+0000][1][gc,heap      ] GC(55) ParNew: 70198K->2381K(76672K)
[2020-09-11T14:06:28.749+0000][1][gc,heap      ] GC(55) CMS: 48893K->48893K(439104K)
[2020-09-11T14:06:28.749+0000][1][gc,metaspace ] GC(55) Metaspace: 32476K->32476K(1079296K)
[2020-09-11T14:06:28.749+0000][1][gc           ] GC(55) Pause Young (Allocation Failure) 116M->50M(503M) 9.108ms
[2020-09-11T14:06:28.749+0000][1][gc,cpu       ] GC(55) User=0.01s Sys=0.00s Real=0.01s
[2020-09-11T14:06:28.749+0000][1][safepoint    ] Safepoint "GenCollectForAllocation", Time since last: 180246714 ns, Reaching safepoint: 715382 ns, At safepoint: 9168809 ns, Total: 9884191 ns
[2020-09-11T14:06:29.395+0000][1][safepoint    ] Safepoint "Deoptimize", Time since last: 645617363 ns, Reaching safepoint: 110960 ns, At safepoint: 308613 ns, Total: 419573 ns
[2020-09-11T14:06:29.617+0000][1][safepoint    ] Safepoint "CollectForMetadataAllocation", Time since last: 222597452 ns, Reaching safepoint: 113216 ns, At safepoint: 124147 ns, Total: 237363 ns
[2020-09-11T14:06:29.701+0000][1][safepoint    ] Safepoint "CollectForMetadataAllocation", Time since last: 83158008 ns, Reaching safepoint: 97962 ns, At safepoint: 124762 ns, Total: 222724 ns
[2020-09-11T14:06:29.756+0000][1][safepoint    ] Safepoint "CollectForMetadataAllocation", Time since last: 54571484 ns, Reaching safepoint: 111525 ns, At safepoint: 92128 ns, Total: 203653 ns
[2020-09-11T14:06:29.820+0000][1][safepoint    ] Safepoint "CollectForMetadataAllocation", Time since last: 63798408 ns, Reaching safepoint: 103199 ns, At safepoint: 153445 ns, Total: 256644 ns
[2020-09-11T14:06:29.873+0000][1][gc,start     ] GC(56) Pause Young (Allocation Failure)
[2020-09-11T14:06:29.873+0000][1][gc,task      ] GC(56) Using 1 workers of 1 for evacuation
[2020-09-11T14:06:29.903+0000][1][gc,age       ] GC(56) Desired survivor size 4358144 bytes, new threshold 6 (max threshold 6)
[2020-09-11T14:06:29.903+0000][1][gc,age       ] GC(56) Age table with threshold 6 (max threshold 6)
[2020-09-11T14:06:29.903+0000][1][gc,age       ] GC(56) - age   1:    1209560 bytes,    1209560 total
[2020-09-11T14:06:29.903+0000][1][gc,age       ] GC(56) - age   2:     334328 bytes,    1543888 total
[2020-09-11T14:06:29.903+0000][1][gc,age       ] GC(56) - age   3:     918504 bytes,    2462392 total
[2020-09-11T14:06:29.903+0000][1][gc,age       ] GC(56) - age   4:     330576 bytes,    2792968 total
[2020-09-11T14:06:29.903+0000][1][gc,age       ] GC(56) - age   5:     298744 bytes,    3091712 total
[2020-09-11T14:06:29.903+0000][1][gc,age       ] GC(56) - age   6:     373224 bytes,    3464936 total
[2020-09-11T14:06:29.903+0000][1][gc,heap      ] GC(56) ParNew: 70541K->3629K(76672K)
[2020-09-11T14:06:29.903+0000][1][gc,heap      ] GC(56) CMS: 48893K->48938K(439104K)
[2020-09-11T14:06:29.903+0000][1][gc,metaspace ] GC(56) Metaspace: 35675K->35675K(1083392K)
[2020-09-11T14:06:29.903+0000][1][gc           ] GC(56) Pause Young (Allocation Failure) 116M->51M(503M) 30.040ms
[2020-09-11T14:06:29.903+0000][1][gc,cpu       ] GC(56) User=0.02s Sys=0.00s Real=0.03s
[2020-09-11T14:06:29.903+0000][1][safepoint    ] Safepoint "GenCollectForAllocation", Time since last: 53417277 ns, Reaching safepoint: 96991 ns, At safepoint: 30097903 ns, Total: 30194894 ns
[2020-09-11T14:06:29.909+0000][1][gc,start     ] GC(57) Pause Initial Mark
[2020-09-11T14:06:29.911+0000][1][gc           ] GC(57) Pause Initial Mark 52M->52M(503M) 1.444ms
[2020-09-11T14:06:29.911+0000][1][gc,cpu       ] GC(57) User=0.00s Sys=0.00s Real=0.00s
[2020-09-11T14:06:29.911+0000][1][safepoint    ] Safepoint "CMS_Initial_Mark", Time since last: 6167453 ns, Reaching safepoint: 23821 ns, At safepoint: 1490111 ns, Total: 1513932 ns
[2020-09-11T14:06:29.915+0000][1][gc           ] GC(57) Concurrent Mark
[2020-09-11T14:06:29.923+0000][1][safepoint    ] Safepoint "CollectForMetadataAllocation", Time since last: 11598900 ns, Reaching safepoint: 41214 ns, At safepoint: 121108 ns, Total: 162322 ns
[2020-09-11T14:06:30.046+0000][1][safepoint    ] Safepoint "CollectForMetadataAllocation", Time since last: 116695682 ns, Reaching safepoint: 6129670 ns, At safepoint: 119607 ns, Total: 6249277 ns
[2020-09-11T14:06:30.203+0000][1][gc           ] GC(57) Concurrent Mark 287.760ms
[2020-09-11T14:06:30.203+0000][1][gc,cpu       ] GC(57) User=0.15s Sys=0.00s Real=0.28s
[2020-09-11T14:06:30.203+0000][1][gc           ] GC(57) Concurrent Preclean
[2020-09-11T14:06:30.204+0000][1][gc           ] GC(57) Concurrent Preclean 0.936ms
[2020-09-11T14:06:30.204+0000][1][gc,cpu       ] GC(57) User=0.00s Sys=0.00s Real=0.01s
[2020-09-11T14:06:30.204+0000][1][gc           ] GC(57) Concurrent Abortable Preclean
[2020-09-11T14:06:30.448+0000][1][gc,start     ] GC(58) Pause Young (Allocation Failure)
[2020-09-11T14:06:30.448+0000][1][gc,task      ] GC(58) Using 1 workers of 1 for evacuation
[2020-09-11T14:06:30.461+0000][1][gc           ] GC(57) Concurrent Abortable Preclean 256.483ms
[2020-09-11T14:06:30.461+0000][1][gc,cpu       ] GC(57) User=0.12s Sys=0.00s Real=0.25s
[2020-09-11T14:06:30.473+0000][1][gc,age       ] GC(58) Desired survivor size 4358144 bytes, new threshold 6 (max threshold 6)
[2020-09-11T14:06:30.473+0000][1][gc,age       ] GC(58) Age table with threshold 6 (max threshold 6)
[2020-09-11T14:06:30.473+0000][1][gc,age       ] GC(58) - age   1:     333792 bytes,     333792 total
[2020-09-11T14:06:30.473+0000][1][gc,age       ] GC(58) - age   2:    1181488 bytes,    1515280 total
[2020-09-11T14:06:30.473+0000][1][gc,age       ] GC(58) - age   3:     334328 bytes,    1849608 total
[2020-09-11T14:06:30.473+0000][1][gc,age       ] GC(58) - age   4:     918504 bytes,    2768112 total
[2020-09-11T14:06:30.473+0000][1][gc,age       ] GC(58) - age   5:     330576 bytes,    3098688 total
[2020-09-11T14:06:30.473+0000][1][gc,age       ] GC(58) - age   6:     298744 bytes,    3397432 total
[2020-09-11T14:06:30.473+0000][1][gc,heap      ] GC(58) ParNew: 71789K->3949K(76672K)
[2020-09-11T14:06:30.473+0000][1][gc,heap      ] GC(58) CMS: 48938K->49302K(439104K)
[2020-09-11T14:06:30.473+0000][1][gc,metaspace ] GC(58) Metaspace: 36250K->36250K(1083392K)
[2020-09-11T14:06:30.473+0000][1][gc           ] GC(58) Pause Young (Allocation Failure) 117M->52M(503M) 25.181ms
[2020-09-11T14:06:30.473+0000][1][gc,cpu       ] GC(58) User=0.01s Sys=0.00s Real=0.02s
[2020-09-11T14:06:30.473+0000][1][safepoint    ] Safepoint "GenCollectForAllocation", Time since last: 402309289 ns, Reaching safepoint: 117259 ns, At safepoint: 25248405 ns, Total: 25365664 ns
[2020-09-11T14:06:30.491+0000][1][gc,start     ] GC(57) Pause Remark
[2020-09-11T14:06:30.503+0000][1][gc           ] GC(57) Pause Remark 54M->54M(503M) 11.862ms
[2020-09-11T14:06:30.503+0000][1][gc,cpu       ] GC(57) User=0.00s Sys=0.00s Real=0.01s
[2020-09-11T14:06:30.527+0000][1][safepoint    ] Safepoint "CMS_Final_Remark", Time since last: 14067353 ns, Reaching safepoint: 3367081 ns, At safepoint: 36638644 ns, Total: 40005725 ns
[2020-09-11T14:06:30.528+0000][1][gc           ] GC(57) Concurrent Sweep
[2020-09-11T14:06:30.579+0000][1][gc           ] GC(57) Concurrent Sweep 51.534ms
[2020-09-11T14:06:30.579+0000][1][gc,cpu       ] GC(57) User=0.03s Sys=0.00s Real=0.05s
[2020-09-11T14:06:30.579+0000][1][gc           ] GC(57) Concurrent Reset
[2020-09-11T14:06:30.593+0000][1][gc           ] GC(57) Concurrent Reset 14.297ms
[2020-09-11T14:06:30.593+0000][1][gc,cpu       ] GC(57) User=0.01s Sys=0.00s Real=0.01s
[2020-09-11T14:06:30.593+0000][1][gc,heap      ] GC(57) Old: 48938K->48221K(439104K)
[2020-09-11T14:06:31.536+0000][1][safepoint    ] Safepoint "Cleanup", Time since last: 1008084201 ns, Reaching safepoint: 442225 ns, At safepoint: 10224 ns, Total: 452449 ns
[2020-09-11T14:06:32.484+0000][1][gc,start     ] GC(59) Pause Young (Allocation Failure)
[2020-09-11T14:06:32.485+0000][1][gc,task      ] GC(59) Using 1 workers of 1 for evacuation
[2020-09-11T14:06:32.520+0000][1][gc,age       ] GC(59) Desired survivor size 4358144 bytes, new threshold 5 (max threshold 6)
[2020-09-11T14:06:32.520+0000][1][gc,age       ] GC(59) Age table with threshold 5 (max threshold 6)
[2020-09-11T14:06:32.520+0000][1][gc,age       ] GC(59) - age   1:    2540480 bytes,    2540480 total
[2020-09-11T14:06:32.520+0000][1][gc,age       ] GC(59) - age   2:     288376 bytes,    2828856 total
[2020-09-11T14:06:32.520+0000][1][gc,age       ] GC(59) - age   3:    1178968 bytes,    4007824 total
[2020-09-11T14:06:32.520+0000][1][gc,age       ] GC(59) - age   4:     334328 bytes,    4342152 total
[2020-09-11T14:06:32.520+0000][1][gc,age       ] GC(59) - age   5:     918504 bytes,    5260656 total
[2020-09-11T14:06:32.520+0000][1][gc,age       ] GC(59) - age   6:     330576 bytes,    5591232 total
[2020-09-11T14:06:32.520+0000][1][gc,heap      ] GC(59) ParNew: 72109K->6772K(76672K)
[2020-09-11T14:06:32.520+0000][1][gc,heap      ] GC(59) CMS: 48221K->48512K(439104K)
[2020-09-11T14:06:32.520+0000][1][gc,metaspace ] GC(59) Metaspace: 41364K->41364K(1087488K)
[2020-09-11T14:06:32.520+0000][1][gc           ] GC(59) Pause Young (Allocation Failure) 117M->53M(503M) 35.451ms
[2020-09-11T14:06:32.520+0000][1][gc,cpu       ] GC(59) User=0.01s Sys=0.01s Real=0.03s
[2020-09-11T14:06:32.527+0000][1][safepoint    ] Safepoint "GenCollectForAllocation", Time since last: 948322264 ns, Reaching safepoint: 153435 ns, At safepoint: 43004089 ns, Total: 43157524 ns
[2020-09-11T14:06:33.538+0000][1][safepoint    ] Safepoint "Cleanup", Time since last: 1010065495 ns, Reaching safepoint: 133817 ns, At safepoint: 6382 ns, Total: 140199 ns
[2020-09-11T14:06:33.696+0000][1][safepoint    ] Safepoint "RevokeBias", Time since last: 158109232 ns, Reaching safepoint: 112288 ns, At safepoint: 44205 ns, Total: 156493 ns
[2020-09-11T14:06:34.696+0000][1][safepoint    ] Safepoint "Cleanup", Time since last: 1000108426 ns, Reaching safepoint: 183909 ns, At safepoint: 6407 ns, Total: 190316 ns
[2020-09-11T14:06:36.704+0000][1][safepoint    ] Safepoint "Cleanup", Time since last: 2007216960 ns, Reaching safepoint: 118457 ns, At safepoint: 7115 ns, Total: 125572 ns
[2020-09-11T14:06:37.712+0000][1][gc,start     ] GC(60) Pause Young (Allocation Failure)
[2020-09-11T14:06:37.712+0000][1][gc,task      ] GC(60) Using 1 workers of 1 for evacuation
[2020-09-11T14:06:37.784+0000][1][gc,age       ] GC(60) Desired survivor size 4358144 bytes, new threshold 2 (max threshold 6)
[2020-09-11T14:06:37.784+0000][1][gc,age       ] GC(60) Age table with threshold 2 (max threshold 6)
[2020-09-11T14:06:37.784+0000][1][gc,age       ] GC(60) - age   1:    2761304 bytes,    2761304 total
[2020-09-11T14:06:37.784+0000][1][gc,age       ] GC(60) - age   2:    2479176 bytes,    5240480 total
[2020-09-11T14:06:37.784+0000][1][gc,age       ] GC(60) - age   3:     288328 bytes,    5528808 total
[2020-09-11T14:06:37.784+0000][1][gc,age       ] GC(60) - age   4:    1178816 bytes,    6707624 total
[2020-09-11T14:06:37.784+0000][1][gc,age       ] GC(60) - age   5:     334328 bytes,    7041952 total
[2020-09-11T14:06:37.784+0000][1][gc,heap      ] GC(60) ParNew: 74932K->8512K(76672K)
[2020-09-11T14:06:37.784+0000][1][gc,heap      ] GC(60) CMS: 48512K->49732K(439104K)
[2020-09-11T14:06:37.784+0000][1][gc,metaspace ] GC(60) Metaspace: 47249K->47249K(1093632K)
[2020-09-11T14:06:37.784+0000][1][gc           ] GC(60) Pause Young (Allocation Failure) 120M->56M(503M) 72.001ms
[2020-09-11T14:06:37.784+0000][1][gc,cpu       ] GC(60) User=0.03s Sys=0.00s Real=0.08s
[2020-09-11T14:06:37.784+0000][1][safepoint    ] Safepoint "GenCollectForAllocation", Time since last: 1008247976 ns, Reaching safepoint: 166926 ns, At safepoint: 72062850 ns, Total: 72229776 ns
[2020-09-11T14:06:38.104+0000][1][safepoint    ] Safepoint "RevokeBias", Time since last: 319388620 ns, Reaching safepoint: 123377 ns, At safepoint: 31233 ns, Total: 154610 ns
[2020-09-11T14:06:38.124+0000][1][safepoint    ] Safepoint "RevokeBias", Time since last: 19833953 ns, Reaching safepoint: 102892 ns, At safepoint: 36116 ns, Total: 139008 ns
[2020-09-11T14:06:38.696+0000][1][safepoint    ] Safepoint "RevokeBias", Time since last: 571937960 ns, Reaching safepoint: 797929 ns, At safepoint: 39122 ns, Total: 837051 ns
[2020-09-11T14:06:38.700+0000][1][safepoint    ] Safepoint "RevokeBias", Time since last: 3177778 ns, Reaching safepoint: 107007 ns, At safepoint: 38237 ns, Total: 145244 ns
[2020-09-11T14:06:38.700+0000][1][safepoint    ] Safepoint "RevokeBias", Time since last: 155785 ns, Reaching safepoint: 84468 ns, At safepoint: 28561 ns, Total: 113029 ns
[2020-09-11T14:06:38.700+0000][1][safepoint    ] Safepoint "BulkRevokeBias", Time since last: 97563 ns, Reaching safepoint: 83532 ns, At safepoint: 62977 ns, Total: 146509 ns
[2020-09-11T14:06:38.701+0000][1][safepoint    ] Safepoint "RevokeBias", Time since last: 238234 ns, Reaching safepoint: 87090 ns, At safepoint: 22804 ns, Total: 109894 ns
[2020-09-11T14:06:38.701+0000][1][safepoint    ] Safepoint "RevokeBias", Time since last: 69745 ns, Reaching safepoint: 84837 ns, At safepoint: 20540 ns, Total: 105377 ns
[2020-09-11T14:06:38.701+0000][1][safepoint    ] Safepoint "RevokeBias", Time since last: 36697 ns, Reaching safepoint: 81321 ns, At safepoint: 20002 ns, Total: 101323 ns
[2020-09-11T14:06:38.701+0000][1][safepoint    ] Safepoint "RevokeBias", Time since last: 28818 ns, Reaching safepoint: 82585 ns, At safepoint: 24918 ns, Total: 107503 ns
[2020-09-11T14:06:38.701+0000][1][safepoint    ] Safepoint "RevokeBias", Time since last: 28928 ns, Reaching safepoint: 82109 ns, At safepoint: 25695 ns, Total: 107804 ns
[2020-09-11T14:06:38.701+0000][1][safepoint    ] Safepoint "RevokeBias", Time since last: 28505 ns, Reaching safepoint: 81534 ns, At safepoint: 24282 ns, Total: 105816 ns
[2020-09-11T14:06:38.701+0000][1][safepoint    ] Safepoint "RevokeBias", Time since last: 28395 ns, Reaching safepoint: 81635 ns, At safepoint: 24936 ns, Total: 106571 ns
[2020-09-11T14:06:38.701+0000][1][safepoint    ] Safepoint "RevokeBias", Time since last: 31362 ns, Reaching safepoint: 81512 ns, At safepoint: 24752 ns, Total: 106264 ns
[2020-09-11T14:06:38.702+0000][1][safepoint    ] Safepoint "RevokeBias", Time since last: 28468 ns, Reaching safepoint: 82685 ns, At safepoint: 24729 ns, Total: 107414 ns
[2020-09-11T14:06:38.702+0000][1][safepoint    ] Safepoint "RevokeBias", Time since last: 28544 ns, Reaching safepoint: 81534 ns, At safepoint: 24639 ns, Total: 106173 ns
[2020-09-11T14:06:38.702+0000][1][safepoint    ] Safepoint "RevokeBias", Time since last: 28469 ns, Reaching safepoint: 81950 ns, At safepoint: 24134 ns, Total: 106084 ns
[2020-09-11T14:06:38.702+0000][1][safepoint    ] Safepoint "RevokeBias", Time since last: 39945 ns, Reaching safepoint: 84405 ns, At safepoint: 22707 ns, Total: 107112 ns
[2020-09-11T14:06:38.702+0000][1][safepoint    ] Safepoint "RevokeBias", Time since last: 28853 ns, Reaching safepoint: 81453 ns, At safepoint: 21391 ns, Total: 102844 ns
[2020-09-11T14:06:38.704+0000][1][safepoint    ] Safepoint "RevokeBias", Time since last: 1310318 ns, Reaching safepoint: 96171 ns, At safepoint: 29880 ns, Total: 126051 ns
[2020-09-11T14:06:38.704+0000][1][safepoint    ] Safepoint "RevokeBias", Time since last: 68274 ns, Reaching safepoint: 85071 ns, At safepoint: 23675 ns, Total: 108746 ns
[2020-09-11T14:06:38.721+0000][1][safepoint    ] Safepoint "RevokeBias", Time since last: 16825988 ns, Reaching safepoint: 583184 ns, At safepoint: 48408 ns, Total: 631592 ns
[2020-09-11T14:06:38.722+0000][1][safepoint    ] Safepoint "RevokeBias", Time since last: 189641 ns, Reaching safepoint: 85717 ns, At safepoint: 31994 ns, Total: 117711 ns
[2020-09-11T14:06:38.913+0000][1][safepoint    ] Safepoint "RevokeBias", Time since last: 191341422 ns, Reaching safepoint: 145050 ns, At safepoint: 33467 ns, Total: 178517 ns
[2020-09-11T14:06:38.915+0000][1][safepoint    ] Safepoint "RevokeBias", Time since last: 2234006 ns, Reaching safepoint: 102146 ns, At safepoint: 30123 ns, Total: 132269 ns
[2020-09-11T14:06:38.916+0000][1][safepoint    ] Safepoint "RevokeBias", Time since last: 121620 ns, Reaching safepoint: 84100 ns, At safepoint: 21309 ns, Total: 105409 ns
[2020-09-11T14:06:38.917+0000][1][safepoint    ] Safepoint "RevokeBias", Time since last: 1176178 ns, Reaching safepoint: 88604 ns, At safepoint: 25571 ns, Total: 114175 ns
[2020-09-11T14:06:38.924+0000][1][safepoint    ] Safepoint "RevokeBias", Time since last: 7067221 ns, Reaching safepoint: 104590 ns, At safepoint: 31730 ns, Total: 136320 ns
[2020-09-11T14:06:38.925+0000][1][safepoint    ] Safepoint "RevokeBias", Time since last: 579784 ns, Reaching safepoint: 87238 ns, At safepoint: 23492 ns, Total: 110730 ns
[2020-09-11T14:06:38.927+0000][1][safepoint    ] Safepoint "RevokeBias", Time since last: 1192486 ns, Reaching safepoint: 502699 ns, At safepoint: 32024 ns, Total: 534723 ns
[2020-09-11T14:06:38.927+0000][1][safepoint    ] Safepoint "RevokeBias", Time since last: 47047 ns, Reaching safepoint: 82773 ns, At safepoint: 21754 ns, Total: 104527 ns
[2020-09-11T14:06:38.927+0000][1][safepoint    ] Safepoint "RevokeBias", Time since last: 31274 ns, Reaching safepoint: 82970 ns, At safepoint: 23988 ns, Total: 106958 ns
[2020-09-11T14:06:38.927+0000][1][safepoint    ] Safepoint "RevokeBias", Time since last: 31193 ns, Reaching safepoint: 89301 ns, At safepoint: 22356 ns, Total: 111657 ns
[2020-09-11T14:06:38.927+0000][1][safepoint    ] Safepoint "RevokeBias", Time since last: 31151 ns, Reaching safepoint: 81938 ns, At safepoint: 20237 ns, Total: 102175 ns
[2020-09-11T14:06:38.927+0000][1][safepoint    ] Safepoint "RevokeBias", Time since last: 30267 ns, Reaching safepoint: 81220 ns, At safepoint: 19180 ns, Total: 100400 ns
[2020-09-11T14:06:38.927+0000][1][safepoint    ] Safepoint "RevokeBias", Time since last: 32505 ns, Reaching safepoint: 96619 ns, At safepoint: 19080 ns, Total: 115699 ns
[2020-09-11T14:06:38.928+0000][1][safepoint    ] Safepoint "BulkRevokeBias", Time since last: 30801 ns, Reaching safepoint: 82371 ns, At safepoint: 73080 ns, Total: 155451 ns
[2020-09-11T14:06:38.928+0000][1][safepoint    ] Safepoint "RevokeBias", Time since last: 60605 ns, Reaching safepoint: 84169 ns, At safepoint: 27014 ns, Total: 111183 ns
[2020-09-11T14:06:38.928+0000][1][safepoint    ] Safepoint "RevokeBias", Time since last: 37130 ns, Reaching safepoint: 84456 ns, At safepoint: 26189 ns, Total: 110645 ns
[2020-09-11T14:06:38.948+0000][1][safepoint    ] Safepoint "RevokeBias", Time since last: 19493810 ns, Reaching safepoint: 117411 ns, At safepoint: 56822 ns, Total: 174233 ns
[2020-09-11T14:06:38.948+0000][1][safepoint    ] Safepoint "RevokeBias", Time since last: 90547 ns, Reaching safepoint: 13810 ns, At safepoint: 11867 ns, Total: 25677 ns
[2020-09-11T14:06:38.948+0000][1][safepoint    ] Safepoint "RevokeBias", Time since last: 29975 ns, Reaching safepoint: 11616 ns, At safepoint: 10255 ns, Total: 21871 ns
[2020-09-11T14:06:38.956+0000][1][safepoint    ] Safepoint "RevokeBias", Time since last: 7737216 ns, Reaching safepoint: 838832 ns, At safepoint: 23300 ns, Total: 862132 ns
[2020-09-11T14:06:38.957+0000][1][safepoint    ] Safepoint "RevokeBias", Time since last: 59697 ns, Reaching safepoint: 82852 ns, At safepoint: 19491 ns, Total: 102343 ns
[2020-09-11T14:06:38.957+0000][1][safepoint    ] Safepoint "RevokeBias", Time since last: 42205 ns, Reaching safepoint: 82992 ns, At safepoint: 20395 ns, Total: 103387 ns
[2020-09-11T14:06:38.957+0000][1][safepoint    ] Safepoint "RevokeBias", Time since last: 27539 ns, Reaching safepoint: 81877 ns, At safepoint: 18578 ns, Total: 100455 ns
[2020-09-11T14:06:38.957+0000][1][safepoint    ] Safepoint "RevokeBias", Time since last: 27601 ns, Reaching safepoint: 90740 ns, At safepoint: 20019 ns, Total: 110759 ns
[2020-09-11T14:06:38.957+0000][1][safepoint    ] Safepoint "RevokeBias", Time since last: 37315 ns, Reaching safepoint: 81417 ns, At safepoint: 18275 ns, Total: 99692 ns
[2020-09-11T14:06:38.957+0000][1][safepoint    ] Safepoint "RevokeBias", Time since last: 26865 ns, Reaching safepoint: 80955 ns, At safepoint: 17601 ns, Total: 98556 ns
[2020-09-11T14:06:38.957+0000][1][safepoint    ] Safepoint "RevokeBias", Time since last: 28416 ns, Reaching safepoint: 81903 ns, At safepoint: 19913 ns, Total: 101816 ns
[2020-09-11T14:06:38.957+0000][1][safepoint    ] Safepoint "RevokeBias", Time since last: 27069 ns, Reaching safepoint: 81332 ns, At safepoint: 20886 ns, Total: 102218 ns
[2020-09-11T14:06:38.958+0000][1][safepoint    ] Safepoint "RevokeBias", Time since last: 26563 ns, Reaching safepoint: 81647 ns, At safepoint: 21395 ns, Total: 103042 ns
[2020-09-11T14:06:38.958+0000][1][safepoint    ] Safepoint "RevokeBias", Time since last: 26697 ns, Reaching safepoint: 81434 ns, At safepoint: 20221 ns, Total: 101655 ns
[2020-09-11T14:06:38.958+0000][1][safepoint    ] Safepoint "RevokeBias", Time since last: 32992 ns, Reaching safepoint: 81830 ns, At safepoint: 19420 ns, Total: 101250 ns
[2020-09-11T14:06:38.958+0000][1][safepoint    ] Safepoint "RevokeBias", Time since last: 26381 ns, Reaching safepoint: 80935 ns, At safepoint: 18081 ns, Total: 99016 ns
[2020-09-11T14:06:38.958+0000][1][safepoint    ] Safepoint "RevokeBias", Time since last: 26652 ns, Reaching safepoint: 82143 ns, At safepoint: 20560 ns, Total: 102703 ns
[2020-09-11T14:06:38.959+0000][1][safepoint    ] Safepoint "RevokeBias", Time since last: 26720 ns, Reaching safepoint: 1283558 ns, At safepoint: 28054 ns, Total: 1311612 ns
[2020-09-11T14:06:38.960+0000][1][safepoint    ] Safepoint "RevokeBias", Time since last: 39653 ns, Reaching safepoint: 83126 ns, At safepoint: 21590 ns, Total: 104716 ns
[2020-09-11T14:06:38.960+0000][1][safepoint    ] Safepoint "BulkRevokeBias", Time since last: 30261 ns, Reaching safepoint: 82174 ns, At safepoint: 68617 ns, Total: 150791 ns
[2020-09-11T14:06:38.960+0000][1][safepoint    ] Safepoint "RevokeBias", Time since last: 278966 ns, Reaching safepoint: 84543 ns, At safepoint: 24333 ns, Total: 108876 ns
[2020-09-11T14:06:38.960+0000][1][safepoint    ] Safepoint "RevokeBias", Time since last: 54424 ns, Reaching safepoint: 81892 ns, At safepoint: 19147 ns, Total: 101039 ns
[2020-09-11T14:06:38.960+0000][1][safepoint    ] Safepoint "RevokeBias", Time since last: 71128 ns, Reaching safepoint: 86219 ns, At safepoint: 25549 ns, Total: 111768 ns
[2020-09-11T14:06:38.967+0000][1][safepoint    ] Safepoint "RevokeBias", Time since last: 40105 ns, Reaching safepoint: 5976370 ns, At safepoint: 42936 ns, Total: 6019306 ns
[2020-09-11T14:06:38.967+0000][1][safepoint    ] Safepoint "RevokeBias", Time since last: 178314 ns, Reaching safepoint: 89477 ns, At safepoint: 27272 ns, Total: 116749 ns
[2020-09-11T14:06:38.967+0000][1][safepoint    ] Safepoint "RevokeBias", Time since last: 247348 ns, Reaching safepoint: 88064 ns, At safepoint: 25666 ns, Total: 113730 ns
[2020-09-11T14:06:38.967+0000][1][safepoint    ] Safepoint "RevokeBias", Time since last: 69842 ns, Reaching safepoint: 85007 ns, At safepoint: 42321 ns, Total: 127328 ns
[2020-09-11T14:06:38.968+0000][1][safepoint    ] Safepoint "RevokeBias", Time since last: 133285 ns, Reaching safepoint: 85285 ns, At safepoint: 23455 ns, Total: 108740 ns
[2020-09-11T14:06:38.968+0000][1][safepoint    ] Safepoint "RevokeBias", Time since last: 47018 ns, Reaching safepoint: 81558 ns, At safepoint: 21915 ns, Total: 103473 ns
[2020-09-11T14:06:38.968+0000][1][safepoint    ] Safepoint "RevokeBias", Time since last: 38427 ns, Reaching safepoint: 81015 ns, At safepoint: 29117 ns, Total: 110132 ns
[2020-09-11T14:06:38.968+0000][1][safepoint    ] Safepoint "RevokeBias", Time since last: 28587 ns, Reaching safepoint: 81634 ns, At safepoint: 19665 ns, Total: 101299 ns
[2020-09-11T14:06:38.968+0000][1][safepoint    ] Safepoint "RevokeBias", Time since last: 208337 ns, Reaching safepoint: 82804 ns, At safepoint: 19216 ns, Total: 102020 ns
[2020-09-11T14:06:38.969+0000][1][safepoint    ] Safepoint "RevokeBias", Time since last: 101631 ns, Reaching safepoint: 81341 ns, At safepoint: 17617 ns, Total: 98958 ns
[2020-09-11T14:06:38.969+0000][1][safepoint    ] Safepoint "RevokeBias", Time since last: 99338 ns, Reaching safepoint: 81500 ns, At safepoint: 16759 ns, Total: 98259 ns
[2020-09-11T14:06:38.969+0000][1][safepoint    ] Safepoint "RevokeBias", Time since last: 305387 ns, Reaching safepoint: 81907 ns, At safepoint: 16248 ns, Total: 98155 ns
[2020-09-11T14:06:38.970+0000][1][safepoint    ] Safepoint "RevokeBias", Time since last: 355427 ns, Reaching safepoint: 84108 ns, At safepoint: 21604 ns, Total: 105712 ns
[2020-09-11T14:06:38.970+0000][1][safepoint    ] Safepoint "RevokeBias", Time since last: 71734 ns, Reaching safepoint: 81654 ns, At safepoint: 18276 ns, Total: 99930 ns
[2020-09-11T14:06:38.970+0000][1][safepoint    ] Safepoint "BulkRevokeBias", Time since last: 400313 ns, Reaching safepoint: 13117 ns, At safepoint: 59015 ns, Total: 72132 ns
[2020-09-11T14:06:38.993+0000][1][safepoint    ] Safepoint "RevokeBias", Time since last: 22344135 ns, Reaching safepoint: 105314 ns, At safepoint: 30538 ns, Total: 135852 ns
[2020-09-11T14:06:38.994+0000][1][safepoint    ] Safepoint "RevokeBias", Time since last: 618149 ns, Reaching safepoint: 93542 ns, At safepoint: 22928 ns, Total: 116470 ns
[2020-09-11T14:06:38.994+0000][1][safepoint    ] Safepoint "RevokeBias", Time since last: 36732 ns, Reaching safepoint: 82951 ns, At safepoint: 18407 ns, Total: 101358 ns
[2020-09-11T14:06:39.072+0000][1][safepoint    ] Safepoint "RevokeBias", Time since last: 78231212 ns, Reaching safepoint: 116932 ns, At safepoint: 13347 ns, Total: 130279 ns
[2020-09-11T14:06:39.325+0000][1][safepoint    ] Safepoint "RevokeBias", Time since last: 252655750 ns, Reaching safepoint: 109715 ns, At safepoint: 13042 ns, Total: 122757 ns
[2020-09-11T14:06:39.325+0000][1][safepoint    ] Safepoint "RevokeBias", Time since last: 150564 ns, Reaching safepoint: 12481 ns, At safepoint: 7117 ns, Total: 19598 ns
[2020-09-11T14:06:39.325+0000][1][safepoint    ] Safepoint "RevokeBias", Time since last: 166043 ns, Reaching safepoint: 81562 ns, At safepoint: 7382 ns, Total: 88944 ns
[2020-09-11T14:06:39.325+0000][1][safepoint    ] Safepoint "RevokeBias", Time since last: 49880 ns, Reaching safepoint: 10862 ns, At safepoint: 6451 ns, Total: 17313 ns
[2020-09-11T14:06:39.712+0000][1][gc,start     ] GC(61) Pause Young (Allocation Failure)
[2020-09-11T14:06:39.712+0000][1][gc,task      ] GC(61) Using 1 workers of 1 for evacuation
[2020-09-11T14:06:39.829+0000][1][gc,age       ] GC(61) Desired survivor size 4358144 bytes, new threshold 2 (max threshold 6)
[2020-09-11T14:06:39.829+0000][1][gc,age       ] GC(61) Age table with threshold 2 (max threshold 6)
[2020-09-11T14:06:39.829+0000][1][gc,age       ] GC(61) - age   1:    2249120 bytes,    2249120 total
[2020-09-11T14:06:39.829+0000][1][gc,age       ] GC(61) - age   2:    2668912 bytes,    4918032 total
[2020-09-11T14:06:39.829+0000][1][gc,heap      ] GC(61) ParNew: 76672K->6322K(76672K)
[2020-09-11T14:06:39.829+0000][1][gc,heap      ] GC(61) CMS: 49732K->53990K(439104K)
[2020-09-11T14:06:39.829+0000][1][gc,metaspace ] GC(61) Metaspace: 52396K->52396K(1097728K)
[2020-09-11T14:06:39.829+0000][1][gc           ] GC(61) Pause Young (Allocation Failure) 123M->58M(503M) 117.227ms
[2020-09-11T14:06:39.829+0000][1][gc,cpu       ] GC(61) User=0.06s Sys=0.00s Real=0.12s
[2020-09-11T14:06:39.839+0000][1][safepoint    ] Safepoint "GenCollectForAllocation", Time since last: 386120147 ns, Reaching safepoint: 112935 ns, At safepoint: 127902499 ns, Total: 128015434 ns
[2020-09-11T14:06:39.992+0000][1][safepoint    ] Safepoint "RevokeBias", Time since last: 151988502 ns, Reaching safepoint: 372186 ns, At safepoint: 14736 ns, Total: 386922 ns
[2020-09-11T14:06:39.992+0000][1][safepoint    ] Safepoint "RevokeBias", Time since last: 63085 ns, Reaching safepoint: 12085 ns, At safepoint: 9392 ns, Total: 21477 ns
[2020-09-11T14:06:39.992+0000][1][safepoint    ] Safepoint "RevokeBias", Time since last: 27120 ns, Reaching safepoint: 10220 ns, At safepoint: 8352 ns, Total: 18572 ns
[2020-09-11T14:06:39.992+0000][1][safepoint    ] Safepoint "RevokeBias", Time since last: 81416 ns, Reaching safepoint: 11331 ns, At safepoint: 7734 ns, Total: 19065 ns
[2020-09-11T14:06:39.992+0000][1][safepoint    ] Safepoint "RevokeBias", Time since last: 26948 ns, Reaching safepoint: 9773 ns, At safepoint: 7045 ns, Total: 16818 ns
[2020-09-11T14:06:41.148+0000][1][safepoint    ] Safepoint "Cleanup", Time since last: 1151408038 ns, Reaching safepoint: 4271102 ns, At safepoint: 11457 ns, Total: 4282559 ns
[2020-09-11T14:06:41.461+0000][1][safepoint    ] Safepoint "RevokeBias", Time since last: 312875075 ns, Reaching safepoint: 112517 ns, At safepoint: 14028 ns, Total: 126545 ns
[2020-09-11T14:06:42.121+0000][1][gc,start     ] GC(62) Pause Young (Allocation Failure)
[2020-09-11T14:06:42.121+0000][1][gc,task      ] GC(62) Using 1 workers of 1 for evacuation
[2020-09-11T14:06:42.189+0000][1][gc,age       ] GC(62) Desired survivor size 4358144 bytes, new threshold 6 (max threshold 6)
[2020-09-11T14:06:42.189+0000][1][gc,age       ] GC(62) Age table with threshold 6 (max threshold 6)
[2020-09-11T14:06:42.189+0000][1][gc,age       ] GC(62) - age   1:    1313448 bytes,    1313448 total
[2020-09-11T14:06:42.189+0000][1][gc,age       ] GC(62) - age   2:    2206760 bytes,    3520208 total
[2020-09-11T14:06:42.189+0000][1][gc,heap      ] GC(62) ParNew: 74482K->5182K(76672K)
[2020-09-11T14:06:42.189+0000][1][gc,heap      ] GC(62) CMS: 53990K->56705K(439104K)
[2020-09-11T14:06:42.189+0000][1][gc,metaspace ] GC(62) Metaspace: 59718K->59718K(1103872K)
[2020-09-11T14:06:42.189+0000][1][gc           ] GC(62) Pause Young (Allocation Failure) 125M->60M(503M) 68.555ms
[2020-09-11T14:06:42.189+0000][1][gc,cpu       ] GC(62) User=0.03s Sys=0.00s Real=0.07s
[2020-09-11T14:06:42.203+0000][1][safepoint    ] Safepoint "GenCollectForAllocation", Time since last: 659340802 ns, Reaching safepoint: 425978 ns, At safepoint: 82917354 ns, Total: 83343332 ns
[2020-09-11T14:06:42.204+0000][1][safepoint    ] Safepoint "RevokeBias", Time since last: 751843 ns, Reaching safepoint: 29476 ns, At safepoint: 38701 ns, Total: 68177 ns
[2020-09-11T14:06:42.446+0000][1][safepoint    ] Safepoint "CollectForMetadataAllocation", Time since last: 240553904 ns, Reaching safepoint: 849781 ns, At safepoint: 79836 ns, Total: 929617 ns
[2020-09-11T14:06:42.488+0000][1][safepoint    ] Safepoint "CollectForMetadataAllocation", Time since last: 40202598 ns, Reaching safepoint: 1503313 ns, At safepoint: 132185 ns, Total: 1635498 ns
[2020-09-11T14:06:42.561+0000][1][safepoint    ] Safepoint "CollectForMetadataAllocation", Time since last: 73218608 ns, Reaching safepoint: 114069 ns, At safepoint: 104642 ns, Total: 218711 ns
[2020-09-11T14:06:42.716+0000][1][safepoint    ] Safepoint "CollectForMetadataAllocation", Time since last: 154424651 ns, Reaching safepoint: 140602 ns, At safepoint: 131580 ns, Total: 272182 ns
[2020-09-11T14:06:42.808+0000][1][safepoint    ] Safepoint "CollectForMetadataAllocation", Time since last: 91708768 ns, Reaching safepoint: 112441 ns, At safepoint: 124765 ns, Total: 237206 ns
[2020-09-11T14:06:42.888+0000][1][safepoint    ] Safepoint "RevokeBias", Time since last: 79753039 ns, Reaching safepoint: 115565 ns, At safepoint: 31579 ns, Total: 147144 ns
[2020-09-11T14:06:42.888+0000][1][safepoint    ] Safepoint "RevokeBias", Time since last: 103467 ns, Reaching safepoint: 9951 ns, At safepoint: 18979 ns, Total: 28930 ns
[2020-09-11T14:06:42.888+0000][1][safepoint    ] Safepoint "RevokeBias", Time since last: 119957 ns, Reaching safepoint: 10318 ns, At safepoint: 17253 ns, Total: 27571 ns
[2020-09-11T14:06:42.894+0000][1][safepoint    ] Safepoint "RevokeBias", Time since last: 5659171 ns, Reaching safepoint: 104007 ns, At safepoint: 36898 ns, Total: 140905 ns
[2020-09-11T14:06:42.994+0000][1][safepoint    ] Safepoint "CollectForMetadataAllocation", Time since last: 99834478 ns, Reaching safepoint: 108263 ns, At safepoint: 75604 ns, Total: 183867 ns
[2020-09-11T14:06:43.204+0000][1][safepoint    ] Safepoint "CollectForMetadataAllocation", Time since last: 209870225 ns, Reaching safepoint: 124480 ns, At safepoint: 128265 ns, Total: 252745 ns
[2020-09-11T14:06:43.406+0000][1][safepoint    ] Safepoint "CollectForMetadataAllocation", Time since last: 201725082 ns, Reaching safepoint: 112330 ns, At safepoint: 124885 ns, Total: 237215 ns
[2020-09-11T14:06:43.596+0000][1][safepoint    ] Safepoint "CollectForMetadataAllocation", Time since last: 188614574 ns, Reaching safepoint: 1075884 ns, At safepoint: 120472 ns, Total: 1196356 ns
[2020-09-11T14:06:43.684+0000][1][safepoint    ] Safepoint "RevokeBias", Time since last: 88009077 ns, Reaching safepoint: 118081 ns, At safepoint: 15558 ns, Total: 133639 ns
[2020-09-11T14:06:43.837+0000][1][safepoint    ] Safepoint "CollectForMetadataAllocation", Time since last: 152894285 ns, Reaching safepoint: 109446 ns, At safepoint: 125790 ns, Total: 235236 ns
[2020-09-11T14:06:43.953+0000][1][safepoint    ] Safepoint "Deoptimize", Time since last: 115753238 ns, Reaching safepoint: 109130 ns, At safepoint: 323840 ns, Total: 432970 ns
[2020-09-11T14:06:44.048+0000][1][safepoint    ] Safepoint "CollectForMetadataAllocation", Time since last: 94395301 ns, Reaching safepoint: 119490 ns, At safepoint: 211317 ns, Total: 330807 ns
[2020-09-11T14:06:44.204+0000][1][gc,start     ] GC(63) Pause Initial Mark
[2020-09-11T14:06:44.250+0000][1][gc           ] GC(63) Pause Initial Mark 101M->101M(503M) 45.320ms
[2020-09-11T14:06:44.250+0000][1][gc,cpu       ] GC(63) User=0.02s Sys=0.00s Real=0.04s
[2020-09-11T14:06:44.258+0000][1][safepoint    ] Safepoint "CMS_Initial_Mark", Time since last: 156314600 ns, Reaching safepoint: 112909 ns, At safepoint: 54034605 ns, Total: 54147514 ns
[2020-09-11T14:06:44.258+0000][1][gc           ] GC(63) Concurrent Mark
[2020-09-11T14:06:44.300+0000][1][safepoint    ] Safepoint "CollectForMetadataAllocation", Time since last: 41220549 ns, Reaching safepoint: 64759 ns, At safepoint: 183660 ns, Total: 248419 ns
[2020-09-11T14:06:44.590+0000][1][gc           ] GC(63) Concurrent Mark 331.251ms
[2020-09-11T14:06:44.590+0000][1][gc,cpu       ] GC(63) User=0.17s Sys=0.00s Real=0.33s
[2020-09-11T14:06:44.590+0000][1][gc           ] GC(63) Concurrent Preclean
[2020-09-11T14:06:44.600+0000][1][gc           ] GC(63) Concurrent Preclean 10.523ms
[2020-09-11T14:06:44.600+0000][1][gc,cpu       ] GC(63) User=0.00s Sys=0.00s Real=0.01s
[2020-09-11T14:06:44.600+0000][1][gc           ] GC(63) Concurrent Abortable Preclean
[2020-09-11T14:06:44.613+0000][1][safepoint    ] Safepoint "RevokeBias", Time since last: 311742538 ns, Reaching safepoint: 1704078 ns, At safepoint: 12537 ns, Total: 1716615 ns
[2020-09-11T14:06:44.614+0000][1][safepoint    ] Safepoint "RevokeBias", Time since last: 409078 ns, Reaching safepoint: 16452 ns, At safepoint: 6760 ns, Total: 23212 ns
[2020-09-11T14:06:44.614+0000][1][safepoint    ] Safepoint "RevokeBias", Time since last: 29318 ns, Reaching safepoint: 12468 ns, At safepoint: 6298 ns, Total: 18766 ns
[2020-09-11T14:06:44.614+0000][1][safepoint    ] Safepoint "RevokeBias", Time since last: 78598 ns, Reaching safepoint: 12807 ns, At safepoint: 5464 ns, Total: 18271 ns
[2020-09-11T14:06:44.614+0000][1][safepoint    ] Safepoint "RevokeBias", Time since last: 35848 ns, Reaching safepoint: 11520 ns, At safepoint: 5273 ns, Total: 16793 ns
[2020-09-11T14:06:44.615+0000][1][safepoint    ] Safepoint "RevokeBias", Time since last: 1642585 ns, Reaching safepoint: 17101 ns, At safepoint: 6444 ns, Total: 23545 ns
[2020-09-11T14:06:44.712+0000][1][safepoint    ] Safepoint "CollectForMetadataAllocation", Time since last: 88006944 ns, Reaching safepoint: 8049667 ns, At safepoint: 79837 ns, Total: 8129504 ns
[2020-09-11T14:06:44.978+0000][1][safepoint    ] Safepoint "CollectForMetadataAllocation", Time since last: 265477233 ns, Reaching safepoint: 650224 ns, At safepoint: 129653 ns, Total: 779877 ns
[2020-09-11T14:06:45.272+0000][1][safepoint    ] Safepoint "CollectForMetadataAllocation", Time since last: 286534648 ns, Reaching safepoint: 7188784 ns, At safepoint: 120719 ns, Total: 7309503 ns
[2020-09-11T14:06:45.346+0000][1][safepoint    ] Safepoint "CollectForMetadataAllocation", Time since last: 73719785 ns, Reaching safepoint: 845845 ns, At safepoint: 130078 ns, Total: 975923 ns
[2020-09-11T14:06:45.435+0000][1][safepoint    ] Safepoint "CollectForMetadataAllocation", Time since last: 88551733 ns, Reaching safepoint: 110986 ns, At safepoint: 119954 ns, Total: 230940 ns
[2020-09-11T14:06:45.531+0000][1][safepoint    ] Safepoint "CollectForMetadataAllocation", Time since last: 80423064 ns, Reaching safepoint: 14828415 ns, At safepoint: 118885 ns, Total: 14947300 ns
[2020-09-11T14:06:45.624+0000][1][safepoint    ] Safepoint "RevokeBias", Time since last: 92920522 ns, Reaching safepoint: 118063 ns, At safepoint: 16993 ns, Total: 135056 ns
[2020-09-11T14:06:45.656+0000][1][safepoint    ] Safepoint "CollectForMetadataAllocation", Time since last: 31869620 ns, Reaching safepoint: 63962 ns, At safepoint: 124135 ns, Total: 188097 ns
[2020-09-11T14:06:45.864+0000][1][safepoint    ] Safepoint "CollectForMetadataAllocation", Time since last: 207805706 ns, Reaching safepoint: 56544 ns, At safepoint: 83937 ns, Total: 140481 ns
[2020-09-11T14:06:45.899+0000][1][gc,start     ] GC(64) Pause Young (Allocation Failure)
[2020-09-11T14:06:45.900+0000][1][gc,task      ] GC(64) Using 1 workers of 1 for evacuation
[2020-09-11T14:06:45.992+0000][1][gc,age       ] GC(64) Desired survivor size 4358144 bytes, new threshold 2 (max threshold 6)
[2020-09-11T14:06:45.992+0000][1][gc,age       ] GC(64) Age table with threshold 2 (max threshold 6)
[2020-09-11T14:06:45.992+0000][1][gc,age       ] GC(64) - age   1:    3536760 bytes,    3536760 total
[2020-09-11T14:06:45.992+0000][1][gc,age       ] GC(64) - age   2:    1245768 bytes,    4782528 total
[2020-09-11T14:06:45.992+0000][1][gc,age       ] GC(64) - age   3:    2194120 bytes,    6976648 total
[2020-09-11T14:06:45.992+0000][1][gc,heap      ] GC(64) ParNew: 73342K->7747K(76672K)
[2020-09-11T14:06:45.992+0000][1][gc,heap      ] GC(64) CMS: 56705K->56705K(439104K)
[2020-09-11T14:06:45.992+0000][1][gc,metaspace ] GC(64) Metaspace: 66066K->66066K(1110016K)
[2020-09-11T14:06:45.992+0000][1][gc           ] GC(64) Pause Young (Allocation Failure) 127M->62M(503M) 93.005ms
[2020-09-11T14:06:45.992+0000][1][gc,cpu       ] GC(64) User=0.05s Sys=0.00s Real=0.09s
[2020-09-11T14:06:46.003+0000][1][safepoint    ] Safepoint "GenCollectForAllocation", Time since last: 27396094 ns, Reaching safepoint: 8489180 ns, At safepoint: 103951570 ns, Total: 112440750 ns
[2020-09-11T14:06:46.152+0000][1][safepoint    ] Safepoint "CollectForMetadataAllocation", Time since last: 148025544 ns, Reaching safepoint: 71865 ns, At safepoint: 133191 ns, Total: 205056 ns
[2020-09-11T14:06:46.240+0000][1][safepoint    ] Safepoint "BulkRevokeBias", Time since last: 84548276 ns, Reaching safepoint: 3262420 ns, At safepoint: 78783 ns, Total: 3341203 ns
[2020-09-11T14:06:46.320+0000][1][safepoint    ] Safepoint "CollectForMetadataAllocation", Time since last: 80164237 ns, Reaching safepoint: 49442 ns, At safepoint: 112690 ns, Total: 162132 ns
[2020-09-11T14:06:46.380+0000][1][safepoint    ] Safepoint "CollectForMetadataAllocation", Time since last: 59543214 ns, Reaching safepoint: 45645 ns, At safepoint: 82218 ns, Total: 127863 ns
[2020-09-11T14:06:46.584+0000][1][safepoint    ] Safepoint "CollectForMetadataAllocation", Time since last: 204187416 ns, Reaching safepoint: 52370 ns, At safepoint: 71968 ns, Total: 124338 ns
[2020-09-11T14:06:46.683+0000][1][safepoint    ] Safepoint "CollectForMetadataAllocation", Time since last: 98572923 ns, Reaching safepoint: 64502 ns, At safepoint: 109512 ns, Total: 174014 ns
[2020-09-11T14:06:46.804+0000][1][safepoint    ] Safepoint "CollectForMetadataAllocation", Time since last: 115369202 ns, Reaching safepoint: 5481383 ns, At safepoint: 121777 ns, Total: 5603160 ns
[2020-09-11T14:06:46.828+0000][1][safepoint    ] Safepoint "CollectForMetadataAllocation", Time since last: 23850079 ns, Reaching safepoint: 51323 ns, At safepoint: 77972 ns, Total: 129295 ns
[2020-09-11T14:06:46.849+0000][1][safepoint    ] Safepoint "Deoptimize", Time since last: 21208337 ns, Reaching safepoint: 50954 ns, At safepoint: 326504 ns, Total: 377458 ns
[2020-09-11T14:06:46.880+0000][1][safepoint    ] Safepoint "CollectForMetadataAllocation", Time since last: 30960282 ns, Reaching safepoint: 48723 ns, At safepoint: 122643 ns, Total: 171366 ns
[2020-09-11T14:06:46.881+0000][1][safepoint    ] Safepoint "Deoptimize", Time since last: 194670 ns, Reaching safepoint: 24486 ns, At safepoint: 330074 ns, Total: 354560 ns
[2020-09-11T14:06:46.985+0000][1][safepoint    ] Safepoint "CollectForMetadataAllocation", Time since last: 104285272 ns, Reaching safepoint: 118920 ns, At safepoint: 110411 ns, Total: 229331 ns
[2020-09-11T14:06:47.122+0000][1][safepoint    ] Safepoint "RevokeBias", Time since last: 137026642 ns, Reaching safepoint: 58767 ns, At safepoint: 18251 ns, Total: 77018 ns
[2020-09-11T14:06:47.123+0000][1][safepoint    ] Safepoint "RevokeBias", Time since last: 361707 ns, Reaching safepoint: 621785 ns, At safepoint: 20542 ns, Total: 642327 ns
[2020-09-11T14:06:47.128+0000][1][safepoint    ] Safepoint "CollectForMetadataAllocation", Time since last: 251248 ns, Reaching safepoint: 3749796 ns, At safepoint: 94381 ns, Total: 3844177 ns
[2020-09-11T14:06:47.136+0000][1][safepoint    ] Safepoint "RevokeBias", Time since last: 7891949 ns, Reaching safepoint: 55336 ns, At safepoint: 26800 ns, Total: 82136 ns
[2020-09-11T14:06:47.136+0000][1][safepoint    ] Safepoint "RevokeBias", Time since last: 577848 ns, Reaching safepoint: 17009 ns, At safepoint: 17555 ns, Total: 34564 ns
[2020-09-11T14:06:47.136+0000][1][safepoint    ] Safepoint "RevokeBias", Time since last: 37722 ns, Reaching safepoint: 12861 ns, At safepoint: 23233 ns, Total: 36094 ns
[2020-09-11T14:06:47.136+0000][1][safepoint    ] Safepoint "RevokeBias", Time since last: 168702 ns, Reaching safepoint: 14034 ns, At safepoint: 13980 ns, Total: 28014 ns
[2020-09-11T14:06:47.137+0000][1][safepoint    ] Safepoint "RevokeBias", Time since last: 183962 ns, Reaching safepoint: 10904 ns, At safepoint: 14137 ns, Total: 25041 ns
[2020-09-11T14:06:47.137+0000][1][safepoint    ] Safepoint "RevokeBias", Time since last: 129478 ns, Reaching safepoint: 12721 ns, At safepoint: 14076 ns, Total: 26797 ns
[2020-09-11T14:06:47.137+0000][1][safepoint    ] Safepoint "RevokeBias", Time since last: 30933 ns, Reaching safepoint: 11181 ns, At safepoint: 13450 ns, Total: 24631 ns
[2020-09-11T14:06:47.137+0000][1][safepoint    ] Safepoint "RevokeBias", Time since last: 423409 ns, Reaching safepoint: 84351 ns, At safepoint: 16751 ns, Total: 101102 ns
[2020-09-11T14:06:47.138+0000][1][safepoint    ] Safepoint "RevokeBias", Time since last: 729943 ns, Reaching safepoint: 91041 ns, At safepoint: 17891 ns, Total: 108932 ns
[2020-09-11T14:06:47.138+0000][1][safepoint    ] Safepoint "RevokeBias", Time since last: 70709 ns, Reaching safepoint: 84431 ns, At safepoint: 16385 ns, Total: 100816 ns
[2020-09-11T14:06:47.144+0000][1][safepoint    ] Safepoint "Deoptimize", Time since last: 5224290 ns, Reaching safepoint: 107229 ns, At safepoint: 341050 ns, Total: 448279 ns
[2020-09-11T14:06:47.240+0000][1][safepoint    ] Safepoint "CollectForMetadataAllocation", Time since last: 79023558 ns, Reaching safepoint: 16570540 ns, At safepoint: 138810 ns, Total: 16709350 ns
[2020-09-11T14:06:47.257+0000][1][safepoint    ] Safepoint "RevokeBias", Time since last: 15672183 ns, Reaching safepoint: 1502452 ns, At safepoint: 49962 ns, Total: 1552414 ns
[2020-09-11T14:06:47.257+0000][1][safepoint    ] Safepoint "RevokeBias", Time since last: 113672 ns, Reaching safepoint: 81446 ns, At safepoint: 24421 ns, Total: 105867 ns
[2020-09-11T14:06:47.264+0000][1][safepoint    ] Safepoint "RevokeBias", Time since last: 6252347 ns, Reaching safepoint: 107326 ns, At safepoint: 39159 ns, Total: 146485 ns
[2020-09-11T14:06:47.288+0000][1][safepoint    ] Safepoint "RevokeBias", Time since last: 23835531 ns, Reaching safepoint: 402625 ns, At safepoint: 24925 ns, Total: 427550 ns
[2020-09-11T14:06:47.288+0000][1][safepoint    ] Safepoint "RevokeBias", Time since last: 72638 ns, Reaching safepoint: 85022 ns, At safepoint: 17022 ns, Total: 102044 ns
[2020-09-11T14:06:47.328+0000][1][safepoint    ] Safepoint "RevokeBias", Time since last: 17719320 ns, Reaching safepoint: 21847086 ns, At safepoint: 15966 ns, Total: 21863052 ns
[2020-09-11T14:06:47.363+0000][1][safepoint    ] Safepoint "RevokeBias", Time since last: 7895473 ns, Reaching safepoint: 27948135 ns, At safepoint: 27537 ns, Total: 27975672 ns
[2020-09-11T14:06:47.399+0000][1][safepoint    ] Safepoint "RevokeBias", Time since last: 8044169 ns, Reaching safepoint: 27070514 ns, At safepoint: 20332 ns, Total: 27090846 ns
[2020-09-11T14:06:47.400+0000][1][safepoint    ] Safepoint "RevokeBias", Time since last: 901600 ns, Reaching safepoint: 92100 ns, At safepoint: 19255 ns, Total: 111355 ns
[2020-09-11T14:06:47.400+0000][1][safepoint    ] Safepoint "RevokeBias", Time since last: 34268 ns, Reaching safepoint: 693323 ns, At safepoint: 17061 ns, Total: 710384 ns
[2020-09-11T14:06:47.401+0000][1][safepoint    ] Safepoint "RevokeBias", Time since last: 33555 ns, Reaching safepoint: 81577 ns, At safepoint: 23432 ns, Total: 105009 ns
[2020-09-11T14:06:47.404+0000][1][safepoint    ] Safepoint "CollectForMetadataAllocation", Time since last: 2900344 ns, Reaching safepoint: 94983 ns, At safepoint: 124118 ns, Total: 219101 ns
[2020-09-11T14:06:47.436+0000][1][safepoint    ] Safepoint "RevokeBias", Time since last: 8636942 ns, Reaching safepoint: 23278563 ns, At safepoint: 34761 ns, Total: 23313324 ns
[2020-09-11T14:06:47.436+0000][1][safepoint    ] Safepoint "RevokeBias", Time since last: 66290 ns, Reaching safepoint: 83842 ns, At safepoint: 16702 ns, Total: 100544 ns
[2020-09-11T14:06:47.436+0000][1][safepoint    ] Safepoint "RevokeBias", Time since last: 36957 ns, Reaching safepoint: 82881 ns, At safepoint: 17578 ns, Total: 100459 ns
[2020-09-11T14:06:47.457+0000][1][safepoint    ] Safepoint "RevokeBias", Time since last: 15535824 ns, Reaching safepoint: 5094880 ns, At safepoint: 49096 ns, Total: 5143976 ns
[2020-09-11T14:06:47.468+0000][1][safepoint    ] Safepoint "RevokeBias", Time since last: 10906201 ns, Reaching safepoint: 130595 ns, At safepoint: 42036 ns, Total: 172631 ns
[2020-09-11T14:06:47.596+0000][1][safepoint    ] Safepoint "RevokeBias", Time since last: 100146513 ns, Reaching safepoint: 27874579 ns, At safepoint: 84920 ns, Total: 27959499 ns
[2020-09-11T14:06:47.596+0000][1][safepoint    ] Safepoint "RevokeBias", Time since last: 100920 ns, Reaching safepoint: 84232 ns, At safepoint: 31771 ns, Total: 116003 ns
[2020-09-11T14:06:47.596+0000][1][safepoint    ] Safepoint "RevokeBias", Time since last: 35486 ns, Reaching safepoint: 84275 ns, At safepoint: 31857 ns, Total: 116132 ns
[2020-09-11T14:06:47.596+0000][1][safepoint    ] Safepoint "RevokeBias", Time since last: 33289 ns, Reaching safepoint: 84441 ns, At safepoint: 30402 ns, Total: 114843 ns
[2020-09-11T14:06:47.596+0000][1][safepoint    ] Safepoint "RevokeBias", Time since last: 34515 ns, Reaching safepoint: 83916 ns, At safepoint: 32576 ns, Total: 116492 ns
[2020-09-11T14:06:47.597+0000][1][safepoint    ] Safepoint "RevokeBias", Time since last: 38539 ns, Reaching safepoint: 84230 ns, At safepoint: 34846 ns, Total: 119076 ns
[2020-09-11T14:06:47.597+0000][1][safepoint    ] Safepoint "RevokeBias", Time since last: 36476 ns, Reaching safepoint: 84777 ns, At safepoint: 37029 ns, Total: 121806 ns
[2020-09-11T14:06:47.597+0000][1][safepoint    ] Safepoint "RevokeBias", Time since last: 37004 ns, Reaching safepoint: 85067 ns, At safepoint: 36588 ns, Total: 121655 ns
[2020-09-11T14:06:47.597+0000][1][safepoint    ] Safepoint "RevokeBias", Time since last: 456168 ns, Reaching safepoint: 85668 ns, At safepoint: 37433 ns, Total: 123101 ns
[2020-09-11T14:06:47.598+0000][1][safepoint    ] Safepoint "RevokeBias", Time since last: 117825 ns, Reaching safepoint: 84358 ns, At safepoint: 35881 ns, Total: 120239 ns
[2020-09-11T14:06:47.600+0000][1][safepoint    ] Safepoint "RevokeBias", Time since last: 1697281 ns, Reaching safepoint: 92340 ns, At safepoint: 45875 ns, Total: 138215 ns
[2020-09-11T14:06:47.604+0000][1][safepoint    ] Safepoint "RevokeBias", Time since last: 3928295 ns, Reaching safepoint: 114038 ns, At safepoint: 53386 ns, Total: 167424 ns
[2020-09-11T14:06:47.604+0000][1][safepoint    ] Safepoint "RevokeBias", Time since last: 55111 ns, Reaching safepoint: 85920 ns, At safepoint: 37686 ns, Total: 123606 ns
[2020-09-11T14:06:47.604+0000][1][safepoint    ] Safepoint "RevokeBias", Time since last: 539132 ns, Reaching safepoint: 87103 ns, At safepoint: 34475 ns, Total: 121578 ns
[2020-09-11T14:06:47.621+0000][1][safepoint    ] Safepoint "RevokeBias", Time since last: 7146500 ns, Reaching safepoint: 9347645 ns, At safepoint: 40742 ns, Total: 9388387 ns
[2020-09-11T14:06:47.622+0000][1][safepoint    ] Safepoint "RevokeBias", Time since last: 355346 ns, Reaching safepoint: 158741 ns, At safepoint: 28522 ns, Total: 187263 ns
[2020-09-11T14:06:47.622+0000][1][safepoint    ] Safepoint "RevokeBias", Time since last: 128055 ns, Reaching safepoint: 86030 ns, At safepoint: 24902 ns, Total: 110932 ns
[2020-09-11T14:06:47.622+0000][1][safepoint    ] Safepoint "RevokeBias", Time since last: 121759 ns, Reaching safepoint: 91295 ns, At safepoint: 24300 ns, Total: 115595 ns
[2020-09-11T14:06:47.622+0000][1][safepoint    ] Safepoint "RevokeBias", Time since last: 30564 ns, Reaching safepoint: 87297 ns, At safepoint: 60487 ns, Total: 147784 ns
[2020-09-11T14:06:47.623+0000][1][safepoint    ] Safepoint "RevokeBias", Time since last: 84124 ns, Reaching safepoint: 1128957 ns, At safepoint: 50996 ns, Total: 1179953 ns
[2020-09-11T14:06:47.624+0000][1][safepoint    ] Safepoint "RevokeBias", Time since last: 276768 ns, Reaching safepoint: 86751 ns, At safepoint: 13282 ns, Total: 100033 ns
[2020-09-11T14:06:47.640+0000][1][safepoint    ] Safepoint "RevokeBias", Time since last: 7578830 ns, Reaching safepoint: 8923826 ns, At safepoint: 15331 ns, Total: 8939157 ns
[2020-09-11T14:06:47.641+0000][1][safepoint    ] Safepoint "RevokeBias", Time since last: 135488 ns, Reaching safepoint: 81656 ns, At safepoint: 19557 ns, Total: 101213 ns
[2020-09-11T14:06:47.641+0000][1][safepoint    ] Safepoint "RevokeBias", Time since last: 768144 ns, Reaching safepoint: 89914 ns, At safepoint: 19065 ns, Total: 108979 ns
[2020-09-11T14:06:47.642+0000][1][safepoint    ] Safepoint "RevokeBias", Time since last: 33183 ns, Reaching safepoint: 87243 ns, At safepoint: 21522 ns, Total: 108765 ns
[2020-09-11T14:06:47.644+0000][1][safepoint    ] Safepoint "CollectForMetadataAllocation", Time since last: 1097337 ns, Reaching safepoint: 697722 ns, At safepoint: 126054 ns, Total: 823776 ns
[2020-09-11T14:06:47.700+0000][1][safepoint    ] Safepoint "BulkRevokeBias", Time since last: 44918824 ns, Reaching safepoint: 10977314 ns, At safepoint: 89027 ns, Total: 11066341 ns
[2020-09-11T14:06:47.744+0000][1][safepoint    ] Safepoint "RevokeBias", Time since last: 23337392 ns, Reaching safepoint: 20640472 ns, At safepoint: 39090 ns, Total: 20679562 ns
[2020-09-11T14:06:47.747+0000][1][safepoint    ] Safepoint "RevokeBias", Time since last: 82681 ns, Reaching safepoint: 3822377 ns, At safepoint: 35391 ns, Total: 3857768 ns
[2020-09-11T14:06:47.748+0000][1][safepoint    ] Safepoint "RevokeBias", Time since last: 58356 ns, Reaching safepoint: 89079 ns, At safepoint: 21656 ns, Total: 110735 ns
[2020-09-11T14:06:47.748+0000][1][safepoint    ] Safepoint "RevokeBias", Time since last: 38295 ns, Reaching safepoint: 294913 ns, At safepoint: 19751 ns, Total: 314664 ns
[2020-09-11T14:06:47.748+0000][1][safepoint    ] Safepoint "RevokeBias", Time since last: 39861 ns, Reaching safepoint: 85288 ns, At safepoint: 17557 ns, Total: 102845 ns
[2020-09-11T14:06:47.748+0000][1][safepoint    ] Safepoint "RevokeBias", Time since last: 237843 ns, Reaching safepoint: 85434 ns, At safepoint: 16248 ns, Total: 101682 ns
[2020-09-11T14:06:47.749+0000][1][safepoint    ] Safepoint "RevokeBias", Time since last: 28308 ns, Reaching safepoint: 84095 ns, At safepoint: 16914 ns, Total: 101009 ns
[2020-09-11T14:06:47.749+0000][1][safepoint    ] Safepoint "RevokeBias", Time since last: 25115 ns, Reaching safepoint: 83023 ns, At safepoint: 20472 ns, Total: 103495 ns
[2020-09-11T14:06:47.812+0000][1][safepoint    ] Safepoint "CollectForMetadataAllocation", Time since last: 54657810 ns, Reaching safepoint: 8068217 ns, At safepoint: 124139 ns, Total: 8192356 ns
[2020-09-11T14:06:47.816+0000][1][safepoint    ] Safepoint "CollectForMetadataAllocation", Time since last: 3821978 ns, Reaching safepoint: 98501 ns, At safepoint: 9263 ns, Total: 107764 ns
[2020-09-11T14:06:47.833+0000][1][safepoint    ] Safepoint "CollectForMetadataAllocation", Time since last: 17479843 ns, Reaching safepoint: 118928 ns, At safepoint: 118896 ns, Total: 237824 ns
[2020-09-11T14:06:47.833+0000][1][gc           ] GC(63) Concurrent Abortable Preclean 3233.146ms
[2020-09-11T14:06:47.833+0000][1][gc,cpu       ] GC(63) User=1.55s Sys=0.04s Real=3.23s
[2020-09-11T14:06:47.834+0000][1][safepoint    ] Safepoint "CollectForMetadataAllocation", Time since last: 92047 ns, Reaching safepoint: 152761 ns, At safepoint: 6477 ns, Total: 159238 ns
[2020-09-11T14:06:47.840+0000][1][gc,start     ] GC(63) Pause Remark
[2020-09-11T14:06:47.884+0000][1][gc           ] GC(63) Pause Remark 97M->97M(503M) 44.812ms
[2020-09-11T14:06:47.884+0000][1][gc,cpu       ] GC(63) User=0.03s Sys=0.00s Real=0.05s
[2020-09-11T14:06:47.906+0000][1][safepoint    ] Safepoint "CMS_Final_Remark", Time since last: 5930161 ns, Reaching safepoint: 179799 ns, At safepoint: 66363116 ns, Total: 66542915 ns
[2020-09-11T14:06:47.906+0000][1][gc           ] GC(63) Concurrent Sweep
[2020-09-11T14:06:47.925+0000][1][safepoint    ] Safepoint "RevokeBias", Time since last: 12608454 ns, Reaching safepoint: 5454099 ns, At safepoint: 1456061 ns, Total: 6910160 ns
[2020-09-11T14:06:47.936+0000][1][safepoint    ] Safepoint "CollectForMetadataAllocation", Time since last: 10548982 ns, Reaching safepoint: 105132 ns, At safepoint: 142327 ns, Total: 247459 ns
[2020-09-11T14:06:47.988+0000][1][safepoint    ] Safepoint "RevokeBias", Time since last: 43138119 ns, Reaching safepoint: 8120416 ns, At safepoint: 36910 ns, Total: 8157326 ns
[2020-09-11T14:06:47.988+0000][1][safepoint    ] Safepoint "RevokeBias", Time since last: 73498 ns, Reaching safepoint: 85216 ns, At safepoint: 24605 ns, Total: 109821 ns
[2020-09-11T14:06:47.988+0000][1][safepoint    ] Safepoint "RevokeBias", Time since last: 32463 ns, Reaching safepoint: 84591 ns, At safepoint: 22823 ns, Total: 107414 ns
[2020-09-11T14:06:47.988+0000][1][safepoint    ] Safepoint "RevokeBias", Time since last: 54594 ns, Reaching safepoint: 83835 ns, At safepoint: 24409 ns, Total: 108244 ns
[2020-09-11T14:06:48.013+0000][1][gc           ] GC(63) Concurrent Sweep 106.614ms
[2020-09-11T14:06:48.013+0000][1][gc,cpu       ] GC(63) User=0.05s Sys=0.00s Real=0.10s
[2020-09-11T14:06:48.013+0000][1][gc           ] GC(63) Concurrent Reset
[2020-09-11T14:06:48.013+0000][1][gc           ] GC(63) Concurrent Reset 0.638ms
[2020-09-11T14:06:48.013+0000][1][gc,cpu       ] GC(63) User=0.00s Sys=0.00s Real=0.00s
[2020-09-11T14:06:48.013+0000][1][gc,heap      ] GC(63) Old: 56705K->55776K(439104K)
[2020-09-11T14:06:48.208+0000][1][safepoint    ] Safepoint "RevokeBias", Time since last: 219432232 ns, Reaching safepoint: 134749 ns, At safepoint: 36129 ns, Total: 170878 ns
[2020-09-11T14:06:48.341+0000][1][safepoint    ] Safepoint "RevokeBias", Time since last: 123953735 ns, Reaching safepoint: 8881178 ns, At safepoint: 27575 ns, Total: 8908753 ns
[2020-09-11T14:06:48.341+0000][1][safepoint    ] Safepoint "RevokeBias", Time since last: 389432 ns, Reaching safepoint: 102320 ns, At safepoint: 20651 ns, Total: 122971 ns
[2020-09-11T14:06:48.460+0000][1][safepoint    ] Safepoint "RevokeBias", Time since last: 118818749 ns, Reaching safepoint: 124850 ns, At safepoint: 30248 ns, Total: 155098 ns
[2020-09-11T14:06:48.530+0000][1][safepoint    ] Safepoint "RevokeBias", Time since last: 70229570 ns, Reaching safepoint: 117765 ns, At safepoint: 33119 ns, Total: 150884 ns
[2020-09-11T14:06:48.537+0000][1][safepoint    ] Safepoint "RevokeBias", Time since last: 6379842 ns, Reaching safepoint: 237508 ns, At safepoint: 39656 ns, Total: 277164 ns
[2020-09-11T14:06:48.538+0000][1][safepoint    ] Safepoint "RevokeBias", Time since last: 985702 ns, Reaching safepoint: 99179 ns, At safepoint: 44381 ns, Total: 143560 ns
[2020-09-11T14:06:48.538+0000][1][safepoint    ] Safepoint "RevokeBias", Time since last: 47926 ns, Reaching safepoint: 90454 ns, At safepoint: 41277 ns, Total: 131731 ns
[2020-09-11T14:06:48.546+0000][1][safepoint    ] Safepoint "RevokeBias", Time since last: 5050194 ns, Reaching safepoint: 2101922 ns, At safepoint: 57521 ns, Total: 2159443 ns
[2020-09-11T14:06:48.546+0000][1][safepoint    ] Safepoint "RevokeBias", Time since last: 73450 ns, Reaching safepoint: 94006 ns, At safepoint: 46260 ns, Total: 140266 ns
[2020-09-11T14:06:48.589+0000][1][safepoint    ] Safepoint "RevokeBias", Time since last: 38431248 ns, Reaching safepoint: 4286336 ns, At safepoint: 19437 ns, Total: 4305773 ns
[2020-09-11T14:06:48.703+0000][1][safepoint    ] Safepoint "RevokeBias", Time since last: 113402698 ns, Reaching safepoint: 1512675 ns, At safepoint: 40479 ns, Total: 1553154 ns
[2020-09-11T14:06:48.704+0000][1][safepoint    ] Safepoint "RevokeBias", Time since last: 65065 ns, Reaching safepoint: 89609 ns, At safepoint: 26409 ns, Total: 116018 ns
[2020-09-11T14:06:48.720+0000][1][safepoint    ] Safepoint "RevokeBias", Time since last: 16105221 ns, Reaching safepoint: 126602 ns, At safepoint: 25952 ns, Total: 152554 ns
[2020-09-11T14:06:48.728+0000][1][safepoint    ] Safepoint "RevokeBias", Time since last: 247863 ns, Reaching safepoint: 7376594 ns, At safepoint: 33449 ns, Total: 7410043 ns
[2020-09-11T14:06:48.728+0000][1][safepoint    ] Safepoint "RevokeBias", Time since last: 463649 ns, Reaching safepoint: 92325 ns, At safepoint: 17466 ns, Total: 109791 ns
[2020-09-11T14:06:48.728+0000][1][safepoint    ] Safepoint "RevokeBias", Time since last: 39773 ns, Reaching safepoint: 87657 ns, At safepoint: 15507 ns, Total: 103164 ns
[2020-09-11T14:06:48.736+0000][1][safepoint    ] Safepoint "RevokeBias", Time since last: 1581432 ns, Reaching safepoint: 5751372 ns, At safepoint: 24373 ns, Total: 5775745 ns
[2020-09-11T14:06:48.748+0000][1][safepoint    ] Safepoint "RevokeBias", Time since last: 6193592 ns, Reaching safepoint: 5739605 ns, At safepoint: 23037 ns, Total: 5762642 ns
[2020-09-11T14:06:48.750+0000][1][safepoint    ] Safepoint "RevokeBias", Time since last: 922458 ns, Reaching safepoint: 1082115 ns, At safepoint: 25492 ns, Total: 1107607 ns
[2020-09-11T14:06:48.756+0000][1][safepoint    ] Safepoint "RevokeBias", Time since last: 6358247 ns, Reaching safepoint: 109746 ns, At safepoint: 15701 ns, Total: 125447 ns
[2020-09-11T14:06:48.772+0000][1][safepoint    ] Safepoint "RevokeBias", Time since last: 15759905 ns, Reaching safepoint: 121658 ns, At safepoint: 26258 ns, Total: 147916 ns
[2020-09-11T14:06:48.774+0000][1][safepoint    ] Safepoint "RevokeBias", Time since last: 2095485 ns, Reaching safepoint: 110343 ns, At safepoint: 29069 ns, Total: 139412 ns
[2020-09-11T14:06:48.774+0000][1][safepoint    ] Safepoint "RevokeBias", Time since last: 48870 ns, Reaching safepoint: 100691 ns, At safepoint: 15279 ns, Total: 115970 ns
[2020-09-11T14:06:48.779+0000][1][safepoint    ] Safepoint "RevokeBias", Time since last: 4219768 ns, Reaching safepoint: 316738 ns, At safepoint: 22249 ns, Total: 338987 ns
[2020-09-11T14:06:48.781+0000][1][safepoint    ] Safepoint "RevokeBias", Time since last: 1922367 ns, Reaching safepoint: 103466 ns, At safepoint: 21119 ns, Total: 124585 ns
[2020-09-11T14:06:48.790+0000][1][safepoint    ] Safepoint "RevokeBias", Time since last: 9214418 ns, Reaching safepoint: 107401 ns, At safepoint: 19817 ns, Total: 127218 ns
[2020-09-11T14:06:48.791+0000][1][safepoint    ] Safepoint "RevokeBias", Time since last: 95050 ns, Reaching safepoint: 94952 ns, At safepoint: 15585 ns, Total: 110537 ns
[2020-09-11T14:06:48.804+0000][1][safepoint    ] Safepoint "RevokeBias", Time since last: 13261232 ns, Reaching safepoint: 107742 ns, At safepoint: 17629 ns, Total: 125371 ns
[2020-09-11T14:06:48.814+0000][1][safepoint    ] Safepoint "RevokeBias", Time since last: 8577443 ns, Reaching safepoint: 1048978 ns, At safepoint: 20609 ns, Total: 1069587 ns
[2020-09-11T14:06:48.814+0000][1][safepoint    ] Safepoint "RevokeBias", Time since last: 728048 ns, Reaching safepoint: 100142 ns, At safepoint: 21129 ns, Total: 121271 ns
[2020-09-11T14:06:48.840+0000][1][safepoint    ] Safepoint "RevokeBias", Time since last: 17040269 ns, Reaching safepoint: 8069761 ns, At safepoint: 311044 ns, Total: 8380805 ns
[2020-09-11T14:06:48.851+0000][1][safepoint    ] Safepoint "RevokeBias", Time since last: 6240750 ns, Reaching safepoint: 5294796 ns, At safepoint: 21583 ns, Total: 5316379 ns
[2020-09-11T14:06:48.940+0000][1][safepoint    ] Safepoint "RevokeBias", Time since last: 87976207 ns, Reaching safepoint: 124954 ns, At safepoint: 21456 ns, Total: 146410 ns
[2020-09-11T14:06:49.066+0000][1][safepoint    ] Safepoint "RevokeBias", Time since last: 126422155 ns, Reaching safepoint: 124687 ns, At safepoint: 18661 ns, Total: 143348 ns
[2020-09-11T14:06:49.132+0000][1][safepoint    ] Safepoint "RevokeBias", Time since last: 63736650 ns, Reaching safepoint: 1616539 ns, At safepoint: 24853 ns, Total: 1641392 ns
[2020-09-11T14:06:49.156+0000][1][safepoint    ] Safepoint "RevokeBias", Time since last: 24325119 ns, Reaching safepoint: 542781 ns, At safepoint: 36239 ns, Total: 579020 ns
[2020-09-11T14:06:49.171+0000][1][safepoint    ] Safepoint "RevokeBias", Time since last: 12688421 ns, Reaching safepoint: 2338802 ns, At safepoint: 25508 ns, Total: 2364310 ns
[2020-09-11T14:06:49.180+0000][1][safepoint    ] Safepoint "RevokeBias", Time since last: 8032020 ns, Reaching safepoint: 111128 ns, At safepoint: 32462 ns, Total: 143590 ns
[2020-09-11T14:06:49.199+0000][1][safepoint    ] Safepoint "RevokeBias", Time since last: 16315875 ns, Reaching safepoint: 3480765 ns, At safepoint: 38626 ns, Total: 3519391 ns
[2020-09-11T14:06:49.210+0000][1][safepoint    ] Safepoint "RevokeBias", Time since last: 8210648 ns, Reaching safepoint: 1825452 ns, At safepoint: 45658 ns, Total: 1871110 ns
[2020-09-11T14:06:49.211+0000][1][safepoint    ] Safepoint "RevokeBias", Time since last: 649136 ns, Reaching safepoint: 1224804 ns, At safepoint: 38615 ns, Total: 1263419 ns
[2020-09-11T14:06:49.215+0000][1][safepoint    ] Safepoint "RevokeBias", Time since last: 552175 ns, Reaching safepoint: 3285343 ns, At safepoint: 40102 ns, Total: 3325445 ns
[2020-09-11T14:06:49.219+0000][1][safepoint    ] Safepoint "RevokeBias", Time since last: 659266 ns, Reaching safepoint: 2563697 ns, At safepoint: 49626 ns, Total: 2613323 ns
[2020-09-11T14:06:49.219+0000][1][safepoint    ] Safepoint "RevokeBias", Time since last: 215570 ns, Reaching safepoint: 97222 ns, At safepoint: 28616 ns, Total: 125838 ns
[2020-09-11T14:06:49.219+0000][1][safepoint    ] Safepoint "RevokeBias", Time since last: 240971 ns, Reaching safepoint: 91545 ns, At safepoint: 24767 ns, Total: 116312 ns
[2020-09-11T14:06:49.220+0000][1][safepoint    ] Safepoint "RevokeBias", Time since last: 217443 ns, Reaching safepoint: 89009 ns, At safepoint: 50918 ns, Total: 139927 ns
[2020-09-11T14:06:49.221+0000][1][safepoint    ] Safepoint "RevokeBias", Time since last: 171377 ns, Reaching safepoint: 607702 ns, At safepoint: 42768 ns, Total: 650470 ns
[2020-09-11T14:06:49.221+0000][1][safepoint    ] Safepoint "RevokeBias", Time since last: 185491 ns, Reaching safepoint: 89358 ns, At safepoint: 38784 ns, Total: 128142 ns
[2020-09-11T14:06:49.223+0000][1][safepoint    ] Safepoint "RevokeBias", Time since last: 687082 ns, Reaching safepoint: 1920693 ns, At safepoint: 41907 ns, Total: 1962600 ns
[2020-09-11T14:06:49.244+0000][1][safepoint    ] Safepoint "RevokeBias", Time since last: 20674061 ns, Reaching safepoint: 119931 ns, At safepoint: 18682 ns, Total: 138613 ns
[2020-09-11T14:06:49.247+0000][1][safepoint    ] Safepoint "RevokeBias", Time since last: 1116561 ns, Reaching safepoint: 2038189 ns, At safepoint: 23046 ns, Total: 2061235 ns
[2020-09-11T14:06:49.251+0000][1][safepoint    ] Safepoint "RevokeBias", Time since last: 526634 ns, Reaching safepoint: 3423641 ns, At safepoint: 12304 ns, Total: 3435945 ns
[2020-09-11T14:06:49.252+0000][1][safepoint    ] Safepoint "RevokeBias", Time since last: 344199 ns, Reaching safepoint: 88699 ns, At safepoint: 11549 ns, Total: 100248 ns
[2020-09-11T14:06:49.252+0000][1][safepoint    ] Safepoint "RevokeBias", Time since last: 282994 ns, Reaching safepoint: 93958 ns, At safepoint: 10841 ns, Total: 104799 ns
[2020-09-11T14:06:49.255+0000][1][safepoint    ] Safepoint "RevokeBias", Time since last: 216151 ns, Reaching safepoint: 2047586 ns, At safepoint: 18980 ns, Total: 2066566 ns
[2020-09-11T14:06:49.255+0000][1][safepoint    ] Safepoint "RevokeBias", Time since last: 586811 ns, Reaching safepoint: 93261 ns, At safepoint: 11853 ns, Total: 105114 ns
[2020-09-11T14:06:49.255+0000][1][safepoint    ] Safepoint "RevokeBias", Time since last: 73016 ns, Reaching safepoint: 117987 ns, At safepoint: 11424 ns, Total: 129411 ns
[2020-09-11T14:06:49.256+0000][1][safepoint    ] Safepoint "RevokeBias", Time since last: 202935 ns, Reaching safepoint: 87799 ns, At safepoint: 11133 ns, Total: 98932 ns
[2020-09-11T14:06:49.256+0000][1][safepoint    ] Safepoint "RevokeBias", Time since last: 75695 ns, Reaching safepoint: 87504 ns, At safepoint: 10870 ns, Total: 98374 ns
[2020-09-11T14:06:49.256+0000][1][safepoint    ] Safepoint "RevokeBias", Time since last: 120684 ns, Reaching safepoint: 84863 ns, At safepoint: 9548 ns, Total: 94411 ns
[2020-09-11T14:06:49.256+0000][1][safepoint    ] Safepoint "RevokeBias", Time since last: 79231 ns, Reaching safepoint: 88094 ns, At safepoint: 10072 ns, Total: 98166 ns
[2020-09-11T14:06:49.257+0000][1][safepoint    ] Safepoint "RevokeBias", Time since last: 122523 ns, Reaching safepoint: 87963 ns, At safepoint: 10798 ns, Total: 98761 ns
[2020-09-11T14:06:49.259+0000][1][safepoint    ] Safepoint "RevokeBias", Time since last: 609397 ns, Reaching safepoint: 2311826 ns, At safepoint: 21764 ns, Total: 2333590 ns
[2020-09-11T14:06:49.261+0000][1][safepoint    ] Safepoint "RevokeBias", Time since last: 262509 ns, Reaching safepoint: 919771 ns, At safepoint: 15430 ns, Total: 935201 ns
[2020-09-11T14:06:49.263+0000][1][safepoint    ] Safepoint "RevokeBias", Time since last: 880684 ns, Reaching safepoint: 1122559 ns, At safepoint: 22048 ns, Total: 1144607 ns
[2020-09-11T14:06:49.264+0000][1][safepoint    ] Safepoint "RevokeBias", Time since last: 506958 ns, Reaching safepoint: 224021 ns, At safepoint: 275082 ns, Total: 499103 ns
[2020-09-11T14:06:49.266+0000][1][safepoint    ] Safepoint "RevokeBias", Time since last: 684971 ns, Reaching safepoint: 1307362 ns, At safepoint: 30053 ns, Total: 1337415 ns
[2020-09-11T14:06:49.275+0000][1][safepoint    ] Safepoint "RevokeBias", Time since last: 2910746 ns, Reaching safepoint: 6198414 ns, At safepoint: 37624 ns, Total: 6236038 ns
[2020-09-11T14:06:49.287+0000][1][safepoint    ] Safepoint "RevokeBias", Time since last: 11232307 ns, Reaching safepoint: 589062 ns, At safepoint: 30820 ns, Total: 619882 ns
[2020-09-11T14:06:49.354+0000][1][safepoint    ] Safepoint "RevokeBias", Time since last: 67408140 ns, Reaching safepoint: 134193 ns, At safepoint: 30568 ns, Total: 164761 ns
[2020-09-11T14:06:49.356+0000][1][safepoint    ] Safepoint "RevokeBias", Time since last: 765422 ns, Reaching safepoint: 1171362 ns, At safepoint: 40226 ns, Total: 1211588 ns
[2020-09-11T14:06:49.357+0000][1][safepoint    ] Safepoint "RevokeBias", Time since last: 51419 ns, Reaching safepoint: 263294 ns, At safepoint: 30920 ns, Total: 294214 ns
[2020-09-11T14:06:49.669+0000][1][safepoint    ] Safepoint "RevokeBias", Time since last: 301579509 ns, Reaching safepoint: 10291079 ns, At safepoint: 26511 ns, Total: 10317590 ns
[2020-09-11T14:06:50.060+0000][1][safepoint    ] Safepoint "RevokeBias", Time since last: 391635180 ns, Reaching safepoint: 119324 ns, At safepoint: 49695 ns, Total: 169019 ns
[2020-09-11T14:06:50.063+0000][1][safepoint    ] Safepoint "RevokeBias", Time since last: 559411 ns, Reaching safepoint: 2571279 ns, At safepoint: 49669 ns, Total: 2620948 ns
[2020-09-11T14:06:50.100+0000][1][gc,start     ] GC(65) Pause Young (Allocation Failure)
[2020-09-11T14:06:50.100+0000][1][gc,task      ] GC(65) Using 1 workers of 1 for evacuation
[2020-09-11T14:06:50.225+0000][1][gc,age       ] GC(65) Desired survivor size 4358144 bytes, new threshold 2 (max threshold 6)
[2020-09-11T14:06:50.225+0000][1][gc,age       ] GC(65) Age table with threshold 2 (max threshold 6)
[2020-09-11T14:06:50.225+0000][1][gc,age       ] GC(65) - age   1:    2484200 bytes,    2484200 total
[2020-09-11T14:06:50.225+0000][1][gc,age       ] GC(65) - age   2:    3467064 bytes,    5951264 total
[2020-09-11T14:06:50.225+0000][1][gc,heap      ] GC(65) ParNew: 75907K->6078K(76672K)
[2020-09-11T14:06:50.225+0000][1][gc,heap      ] GC(65) CMS: 55776K->59151K(439104K)
[2020-09-11T14:06:50.225+0000][1][gc,metaspace ] GC(65) Metaspace: 73640K->73640K(1116160K)
[2020-09-11T14:06:50.225+0000][1][gc           ] GC(65) Pause Young (Allocation Failure) 128M->63M(503M) 124.618ms
[2020-09-11T14:06:50.225+0000][1][gc,cpu       ] GC(65) User=0.06s Sys=0.00s Real=0.13s
[2020-09-11T14:06:50.232+0000][1][safepoint    ] Safepoint "GenCollectForAllocation", Time since last: 36628543 ns, Reaching safepoint: 113073 ns, At safepoint: 132055153 ns, Total: 132168226 ns
[2020-09-11T14:06:50.408+0000][1][safepoint    ] Safepoint "RevokeBias", Time since last: 175994228 ns, Reaching safepoint: 111026 ns, At safepoint: 15340 ns, Total: 126366 ns
[2020-09-11T14:06:50.416+0000][1][safepoint    ] Safepoint "BulkRevokeBias", Time since last: 7042357 ns, Reaching safepoint: 112752 ns, At safepoint: 303484 ns, Total: 416236 ns
[2020-09-11T14:06:50.434+0000][1][safepoint    ] Safepoint "RevokeBias", Time since last: 12354584 ns, Reaching safepoint: 5624302 ns, At safepoint: 22293 ns, Total: 5646595 ns
[2020-09-11T14:06:50.439+0000][1][safepoint    ] Safepoint "RevokeBias", Time since last: 4123032 ns, Reaching safepoint: 1286041 ns, At safepoint: 17573 ns, Total: 1303614 ns
[2020-09-11T14:06:50.613+0000][1][safepoint    ] Safepoint "RevokeBias", Time since last: 173078245 ns, Reaching safepoint: 118429 ns, At safepoint: 13671 ns, Total: 132100 ns
[2020-09-11T14:06:50.636+0000][1][safepoint    ] Safepoint "RevokeBias", Time since last: 23718251 ns, Reaching safepoint: 116581 ns, At safepoint: 15288 ns, Total: 131869 ns
[2020-09-11T14:06:50.644+0000][1][safepoint    ] Safepoint "RevokeBias", Time since last: 7161568 ns, Reaching safepoint: 108483 ns, At safepoint: 21759 ns, Total: 130242 ns
[2020-09-11T14:06:50.644+0000][1][safepoint    ] Safepoint "RevokeBias", Time since last: 66854 ns, Reaching safepoint: 86369 ns, At safepoint: 14133 ns, Total: 100502 ns
[2020-09-11T14:06:50.649+0000][1][safepoint    ] Safepoint "BulkRevokeBias", Time since last: 2443984 ns, Reaching safepoint: 2243806 ns, At safepoint: 148847 ns, Total: 2392653 ns
[2020-09-11T14:06:50.652+0000][1][safepoint    ] Safepoint "RevokeBias", Time since last: 2756205 ns, Reaching safepoint: 102445 ns, At safepoint: 31995 ns, Total: 134440 ns
[2020-09-11T14:06:50.668+0000][1][safepoint    ] Safepoint "RevokeBias", Time since last: 15868637 ns, Reaching safepoint: 115948 ns, At safepoint: 16565 ns, Total: 132513 ns
[2020-09-11T14:06:50.720+0000][1][safepoint    ] Safepoint "RevokeBias", Time since last: 52674250 ns, Reaching safepoint: 193183 ns, At safepoint: 23024 ns, Total: 216207 ns
[2020-09-11T14:06:50.724+0000][1][safepoint    ] Safepoint "RevokeBias", Time since last: 3807833 ns, Reaching safepoint: 113150 ns, At safepoint: 25835 ns, Total: 138985 ns
[2020-09-11T14:06:50.876+0000][1][safepoint    ] Safepoint "RevokeBias", Time since last: 151038369 ns, Reaching safepoint: 115114 ns, At safepoint: 30006 ns, Total: 145120 ns
[2020-09-11T14:06:50.879+0000][1][safepoint    ] Safepoint "RevokeBias", Time since last: 3512855 ns, Reaching safepoint: 109355 ns, At safepoint: 29291 ns, Total: 138646 ns
[2020-09-11T14:06:50.885+0000][1][safepoint    ] Safepoint "RevokeBias", Time since last: 6066240 ns, Reaching safepoint: 28503 ns, At safepoint: 11784 ns, Total: 40287 ns
[2020-09-11T14:06:50.888+0000][1][safepoint    ] Safepoint "RevokeBias", Time since last: 2605854 ns, Reaching safepoint: 33254 ns, At safepoint: 12588 ns, Total: 45842 ns
[2020-09-11T14:06:50.888+0000][1][safepoint    ] Safepoint "RevokeBias", Time since last: 447707 ns, Reaching safepoint: 17059 ns, At safepoint: 9775 ns, Total: 26834 ns
[2020-09-11T14:06:50.900+0000][1][safepoint    ] Safepoint "RevokeBias", Time since last: 10965532 ns, Reaching safepoint: 106886 ns, At safepoint: 14643 ns, Total: 121529 ns
[2020-09-11T14:06:50.905+0000][1][safepoint    ] Safepoint "RevokeBias", Time since last: 210708 ns, Reaching safepoint: 4764577 ns, At safepoint: 17754 ns, Total: 4782331 ns
[2020-09-11T14:06:50.908+0000][1][safepoint    ] Safepoint "RevokeBias", Time since last: 2887872 ns, Reaching safepoint: 101773 ns, At safepoint: 14234 ns, Total: 116007 ns
[2020-09-11T14:06:50.908+0000][1][safepoint    ] Safepoint "RevokeBias", Time since last: 177018 ns, Reaching safepoint: 84782 ns, At safepoint: 10016 ns, Total: 94798 ns
[2020-09-11T14:06:50.920+0000][1][safepoint    ] Safepoint "RevokeBias", Time since last: 11647795 ns, Reaching safepoint: 111821 ns, At safepoint: 15587 ns, Total: 127408 ns
[2020-09-11T14:06:50.920+0000][1][safepoint    ] Safepoint "RevokeBias", Time since last: 222996 ns, Reaching safepoint: 77411 ns, At safepoint: 16045 ns, Total: 93456 ns
[2020-09-11T14:06:50.937+0000][1][safepoint    ] Safepoint "RevokeBias", Time since last: 7536981 ns, Reaching safepoint: 9070649 ns, At safepoint: 53995 ns, Total: 9124644 ns
[2020-09-11T14:06:50.971+0000][1][safepoint    ] Safepoint "RevokeBias", Time since last: 33867898 ns, Reaching safepoint: 115866 ns, At safepoint: 48264 ns, Total: 164130 ns
[2020-09-11T14:06:51.048+0000][1][safepoint    ] Safepoint "RevokeBias", Time since last: 76841557 ns, Reaching safepoint: 250893 ns, At safepoint: 28097 ns, Total: 278990 ns
[2020-09-11T14:06:51.630+0000][1][safepoint    ] Safepoint "RevokeBias", Time since last: 573669160 ns, Reaching safepoint: 8947936 ns, At safepoint: 24816 ns, Total: 8972752 ns
[2020-09-11T14:06:51.891+0000][1][safepoint    ] Safepoint "RevokeBias", Time since last: 260955688 ns, Reaching safepoint: 135550 ns, At safepoint: 15225 ns, Total: 150775 ns
[2020-09-11T14:06:51.892+0000][1][safepoint    ] Safepoint "RevokeBias", Time since last: 266485 ns, Reaching safepoint: 89574 ns, At safepoint: 10343 ns, Total: 99917 ns
[2020-09-11T14:06:51.903+0000][1][safepoint    ] Safepoint "RevokeBias", Time since last: 10693541 ns, Reaching safepoint: 113718 ns, At safepoint: 13130 ns, Total: 126848 ns
[2020-09-11T14:06:51.911+0000][1][safepoint    ] Safepoint "RevokeBias", Time since last: 760131 ns, Reaching safepoint: 8044854 ns, At safepoint: 18064 ns, Total: 8062918 ns
[2020-09-11T14:06:51.955+0000][1][safepoint    ] Safepoint "RevokeBias", Time since last: 27959891 ns, Reaching safepoint: 16031099 ns, At safepoint: 26124 ns, Total: 16057223 ns
[2020-09-11T14:06:51.957+0000][1][safepoint    ] Safepoint "RevokeBias", Time since last: 1766738 ns, Reaching safepoint: 103386 ns, At safepoint: 12620 ns, Total: 116006 ns
[2020-09-11T14:06:52.001+0000][1][safepoint    ] Safepoint "RevokeBias", Time since last: 38045365 ns, Reaching safepoint: 5142183 ns, At safepoint: 42834 ns, Total: 5185017 ns
[2020-09-11T14:06:52.116+0000][1][safepoint    ] Safepoint "RevokeBias", Time since last: 105361827 ns, Reaching safepoint: 10452987 ns, At safepoint: 23950 ns, Total: 10476937 ns
[2020-09-11T14:06:52.278+0000][1][safepoint    ] Safepoint "RevokeBias", Time since last: 161159478 ns, Reaching safepoint: 115661 ns, At safepoint: 23181 ns, Total: 138842 ns
[2020-09-11T14:06:52.288+0000][1][safepoint    ] Safepoint "RevokeBias", Time since last: 9818448 ns, Reaching safepoint: 112331 ns, At safepoint: 51542 ns, Total: 163873 ns
[2020-09-11T14:06:52.322+0000][1][safepoint    ] Safepoint "RevokeBias", Time since last: 34074400 ns, Reaching safepoint: 128282 ns, At safepoint: 16775 ns, Total: 145057 ns
[2020-09-11T14:06:52.428+0000][1][safepoint    ] Safepoint "RevokeBias", Time since last: 105708313 ns, Reaching safepoint: 108199 ns, At safepoint: 47205 ns, Total: 155404 ns
[2020-09-11T14:06:52.439+0000][1][safepoint    ] Safepoint "RevokeBias", Time since last: 11230471 ns, Reaching safepoint: 114222 ns, At safepoint: 51889 ns, Total: 166111 ns
[2020-09-11T14:06:52.459+0000][1][safepoint    ] Safepoint "BulkRevokeBias", Time since last: 7554154 ns, Reaching safepoint: 12002212 ns, At safepoint: 177035 ns, Total: 12179247 ns
[2020-09-11T14:06:52.635+0000][1][safepoint    ] Safepoint "RevokeBias", Time since last: 175986016 ns, Reaching safepoint: 115868 ns, At safepoint: 52046 ns, Total: 167914 ns
[2020-09-11T14:06:52.861+0000][1][safepoint    ] Safepoint "RevokeBias", Time since last: 213402248 ns, Reaching safepoint: 12047903 ns, At safepoint: 59244 ns, Total: 12107147 ns
[2020-09-11T14:06:53.089+0000][1][safepoint    ] Safepoint "RevokeBias", Time since last: 226836454 ns, Reaching safepoint: 1076489 ns, At safepoint: 21051 ns, Total: 1097540 ns
[2020-09-11T14:06:53.092+0000][1][safepoint    ] Safepoint "RevokeBias", Time since last: 2910256 ns, Reaching safepoint: 119159 ns, At safepoint: 17418 ns, Total: 136577 ns
[2020-09-11T14:06:53.232+0000][1][safepoint    ] Safepoint "RevokeBias", Time since last: 139969579 ns, Reaching safepoint: 122554 ns, At safepoint: 23360 ns, Total: 145914 ns
[2020-09-11T14:06:53.400+0000][1][safepoint    ] Safepoint "RevokeBias", Time since last: 168358121 ns, Reaching safepoint: 123295 ns, At safepoint: 16736 ns, Total: 140031 ns
[2020-09-11T14:06:53.401+0000][1][safepoint    ] Safepoint "RevokeBias", Time since last: 572862 ns, Reaching safepoint: 90897 ns, At safepoint: 10731 ns, Total: 101628 ns
[2020-09-11T14:06:53.401+0000][1][safepoint    ] Safepoint "RevokeBias", Time since last: 255872 ns, Reaching safepoint: 87369 ns, At safepoint: 10504 ns, Total: 97873 ns
[2020-09-11T14:06:53.404+0000][1][safepoint    ] Safepoint "RevokeBias", Time since last: 2398701 ns, Reaching safepoint: 97263 ns, At safepoint: 12904 ns, Total: 110167 ns
[2020-09-11T14:06:53.405+0000][1][safepoint    ] Safepoint "RevokeBias", Time since last: 785642 ns, Reaching safepoint: 95431 ns, At safepoint: 11474 ns, Total: 106905 ns
[2020-09-11T14:06:53.411+0000][1][safepoint    ] Safepoint "RevokeBias", Time since last: 3233437 ns, Reaching safepoint: 3595880 ns, At safepoint: 21197 ns, Total: 3617077 ns
[2020-09-11T14:06:53.412+0000][1][safepoint    ] Safepoint "RevokeBias", Time since last: 348261 ns, Reaching safepoint: 90378 ns, At safepoint: 10658 ns, Total: 101036 ns
[2020-09-11T14:06:53.412+0000][1][safepoint    ] Safepoint "RevokeBias", Time since last: 145410 ns, Reaching safepoint: 86659 ns, At safepoint: 9624 ns, Total: 96283 ns
[2020-09-11T14:06:53.416+0000][1][safepoint    ] Safepoint "RevokeBias", Time since last: 3314665 ns, Reaching safepoint: 109928 ns, At safepoint: 112282 ns, Total: 222210 ns
[2020-09-11T14:06:53.435+0000][1][safepoint    ] Safepoint "RevokeBias", Time since last: 10535970 ns, Reaching safepoint: 9226238 ns, At safepoint: 27748 ns, Total: 9253986 ns
[2020-09-11T14:06:53.440+0000][1][safepoint    ] Safepoint "RevokeBias", Time since last: 3939204 ns, Reaching safepoint: 115687 ns, At safepoint: 15693 ns, Total: 131380 ns
[2020-09-11T14:06:53.441+0000][1][safepoint    ] Safepoint "BulkRevokeBias", Time since last: 999220 ns, Reaching safepoint: 93141 ns, At safepoint: 115951 ns, Total: 209092 ns
[2020-09-11T14:06:54.444+0000][1][safepoint    ] Safepoint "Cleanup", Time since last: 1002656623 ns, Reaching safepoint: 78310 ns, At safepoint: 5715 ns, Total: 84025 ns
[2020-09-11T14:06:54.812+0000][1][gc,start     ] GC(66) Pause Young (Allocation Failure)
[2020-09-11T14:06:54.812+0000][1][gc,task      ] GC(66) Using 1 workers of 1 for evacuation
[2020-09-11T14:06:54.942+0000][1][gc,age       ] GC(66) Desired survivor size 4358144 bytes, new threshold 6 (max threshold 6)
[2020-09-11T14:06:54.942+0000][1][gc,age       ] GC(66) Age table with threshold 6 (max threshold 6)
[2020-09-11T14:06:54.942+0000][1][gc,age       ] GC(66) - age   1:     995392 bytes,     995392 total
[2020-09-11T14:06:54.942+0000][1][gc,age       ] GC(66) - age   2:    2154952 bytes,    3150344 total
[2020-09-11T14:06:54.942+0000][1][gc,heap      ] GC(66) ParNew: 74238K->5878K(76672K)
[2020-09-11T14:06:54.942+0000][1][gc,heap      ] GC(66) CMS: 59151K->62674K(439104K)
[2020-09-11T14:06:54.942+0000][1][gc,metaspace ] GC(66) Metaspace: 74684K->74684K(1118208K)
[2020-09-11T14:06:54.942+0000][1][gc           ] GC(66) Pause Young (Allocation Failure) 130M->66M(503M) 130.352ms
[2020-09-11T14:06:54.942+0000][1][gc,cpu       ] GC(66) User=0.05s Sys=0.00s Real=0.13s
[2020-09-11T14:06:54.968+0000][1][safepoint    ] Safepoint "GenCollectForAllocation", Time since last: 368236328 ns, Reaching safepoint: 140644 ns, At safepoint: 155676798 ns, Total: 155817442 ns
[2020-09-11T14:06:54.970+0000][1][safepoint    ] Safepoint "RevokeBias", Time since last: 1911893 ns, Reaching safepoint: 122455 ns, At safepoint: 27618 ns, Total: 150073 ns
[2020-09-11T14:06:54.972+0000][1][safepoint    ] Safepoint "RevokeBias", Time since last: 2091676 ns, Reaching safepoint: 109222 ns, At safepoint: 27622 ns, Total: 136844 ns
[2020-09-11T14:06:54.976+0000][1][safepoint    ] Safepoint "RevokeBias", Time since last: 591017 ns, Reaching safepoint: 3040541 ns, At safepoint: 519516 ns, Total: 3560057 ns
[2020-09-11T14:06:55.096+0000][1][safepoint    ] Safepoint "RevokeBias", Time since last: 119399822 ns, Reaching safepoint: 113471 ns, At safepoint: 21112 ns, Total: 134583 ns
[2020-09-11T14:06:55.143+0000][1][safepoint    ] Safepoint "RevokeBias", Time since last: 46916091 ns, Reaching safepoint: 143028 ns, At safepoint: 26353 ns, Total: 169381 ns
[2020-09-11T14:06:55.143+0000][1][safepoint    ] Safepoint "RevokeBias", Time since last: 295798 ns, Reaching safepoint: 93744 ns, At safepoint: 13930 ns, Total: 107674 ns
[2020-09-11T14:06:55.143+0000][1][safepoint    ] Safepoint "RevokeBias", Time since last: 40935 ns, Reaching safepoint: 90123 ns, At safepoint: 11953 ns, Total: 102076 ns
[2020-09-11T14:06:55.144+0000][1][safepoint    ] Safepoint "RevokeBias", Time since last: 176034 ns, Reaching safepoint: 150123 ns, At safepoint: 13235 ns, Total: 163358 ns
[2020-09-11T14:06:55.152+0000][1][safepoint    ] Safepoint "RevokeBias", Time since last: 7904990 ns, Reaching safepoint: 841536 ns, At safepoint: 16996 ns, Total: 858532 ns
[2020-09-11T14:06:55.188+0000][1][safepoint    ] Safepoint "RevokeBias", Time since last: 25964683 ns, Reaching safepoint: 9239799 ns, At safepoint: 28212 ns, Total: 9268011 ns
[2020-09-11T14:06:55.188+0000][1][safepoint    ] Safepoint "RevokeBias", Time since last: 78471 ns, Reaching safepoint: 99589 ns, At safepoint: 13620 ns, Total: 113209 ns
[2020-09-11T14:06:55.584+0000][1][safepoint    ] Safepoint "Deoptimize", Time since last: 387260677 ns, Reaching safepoint: 7083425 ns, At safepoint: 1704369 ns, Total: 8787794 ns
[2020-09-11T14:06:55.605+0000][1][safepoint    ] Safepoint "RevokeBias", Time since last: 12126304 ns, Reaching safepoint: 8674527 ns, At safepoint: 27645 ns, Total: 8702172 ns
[2020-09-11T14:06:55.934+0000][1][safepoint    ] Safepoint "RevokeBias", Time since last: 322315685 ns, Reaching safepoint: 7561818 ns, At safepoint: 23725 ns, Total: 7585543 ns
[2020-09-11T14:06:56.005+0000][1][safepoint    ] Safepoint "BulkRevokeBias", Time since last: 70031134 ns, Reaching safepoint: 123037 ns, At safepoint: 180143 ns, Total: 303180 ns
[2020-09-11T14:06:56.008+0000][1][safepoint    ] Safepoint "BulkRevokeBias", Time since last: 2606380 ns, Reaching safepoint: 112339 ns, At safepoint: 175990 ns, Total: 288329 ns
[2020-09-11T14:06:56.057+0000][1][safepoint    ] Safepoint "RevokeBias", Time since last: 48766284 ns, Reaching safepoint: 124016 ns, At safepoint: 17387 ns, Total: 141403 ns
[2020-09-11T14:06:56.064+0000][1][safepoint    ] Safepoint "RevokeBias", Time since last: 6815873 ns, Reaching safepoint: 118943 ns, At safepoint: 17559 ns, Total: 136502 ns
[2020-09-11T14:06:56.104+0000][1][safepoint    ] Safepoint "RevokeBias", Time since last: 40365218 ns, Reaching safepoint: 118064 ns, At safepoint: 19356 ns, Total: 137420 ns
[2020-09-11T14:06:56.104+0000][1][safepoint    ] Safepoint "RevokeBias", Time since last: 103633 ns, Reaching safepoint: 90266 ns, At safepoint: 12226 ns, Total: 102492 ns
[2020-09-11T14:06:57.116+0000][1][safepoint    ] Safepoint "Cleanup", Time since last: 1001299493 ns, Reaching safepoint: 9970283 ns, At safepoint: 17712 ns, Total: 9987995 ns
[2020-09-11T14:06:58.123+0000][1][safepoint    ] Safepoint "Cleanup", Time since last: 1000121563 ns, Reaching safepoint: 6942310 ns, At safepoint: 8633 ns, Total: 6950943 ns
[2020-09-11T14:06:58.524+0000][1][safepoint    ] Safepoint "RevokeBias", Time since last: 400781142 ns, Reaching safepoint: 115923 ns, At safepoint: 18333 ns, Total: 134256 ns
[2020-09-11T14:06:58.524+0000][1][safepoint    ] Safepoint "RevokeBias", Time since last: 220138 ns, Reaching safepoint: 88899 ns, At safepoint: 12810 ns, Total: 101709 ns
[2020-09-11T14:06:58.624+0000][1][safepoint    ] Safepoint "RevokeBias", Time since last: 99540838 ns, Reaching safepoint: 129742 ns, At safepoint: 19443 ns, Total: 149185 ns
[2020-09-11T14:06:58.643+0000][1][safepoint    ] Safepoint "RevokeBias", Time since last: 18954261 ns, Reaching safepoint: 124050 ns, At safepoint: 16527 ns, Total: 140577 ns
[2020-09-11T14:06:58.643+0000][1][safepoint    ] Safepoint "RevokeBias", Time since last: 133547 ns, Reaching safepoint: 87749 ns, At safepoint: 12296 ns, Total: 100045 ns
[2020-09-11T14:06:58.656+0000][1][safepoint    ] Safepoint "RevokeBias", Time since last: 12626564 ns, Reaching safepoint: 130454 ns, At safepoint: 21214 ns, Total: 151668 ns
[2020-09-11T14:06:58.656+0000][1][safepoint    ] Safepoint "RevokeBias", Time since last: 777434 ns, Reaching safepoint: 30347 ns, At safepoint: 17012 ns, Total: 47359 ns
[2020-09-11T14:06:58.666+0000][1][safepoint    ] Safepoint "RevokeBias", Time since last: 9531602 ns, Reaching safepoint: 127896 ns, At safepoint: 18630 ns, Total: 146526 ns
[2020-09-11T14:06:58.689+0000][1][safepoint    ] Safepoint "RevokeBias", Time since last: 22970856 ns, Reaching safepoint: 154522 ns, At safepoint: 17908 ns, Total: 172430 ns
[2020-09-11T14:06:59.689+0000][1][safepoint    ] Safepoint "Cleanup", Time since last: 1000101263 ns, Reaching safepoint: 58095 ns, At safepoint: 6191 ns, Total: 64286 ns
[2020-09-11T14:07:00.690+0000][1][safepoint    ] Safepoint "Cleanup", Time since last: 1000089907 ns, Reaching safepoint: 57913 ns, At safepoint: 6112 ns, Total: 64025 ns
[2020-09-11T14:07:01.690+0000][1][safepoint    ] Safepoint "Cleanup", Time since last: 1000169801 ns, Reaching safepoint: 118749 ns, At safepoint: 17661 ns, Total: 136410 ns
[2020-09-11T14:07:02.690+0000][1][safepoint    ] Safepoint "Cleanup", Time since last: 1000157205 ns, Reaching safepoint: 101406 ns, At safepoint: 15967 ns, Total: 117373 ns
[2020-09-11T14:07:03.690+0000][1][safepoint    ] Safepoint "Cleanup", Time since last: 1000152849 ns, Reaching safepoint: 95586 ns, At safepoint: 15255 ns, Total: 110841 ns
[2020-09-11T14:07:04.691+0000][1][safepoint    ] Safepoint "Cleanup", Time since last: 1000159296 ns, Reaching safepoint: 101417 ns, At safepoint: 5663 ns, Total: 107080 ns
[2020-09-11T14:07:05.691+0000][1][safepoint    ] Safepoint "Cleanup", Time since last: 1000191413 ns, Reaching safepoint: 72747 ns, At safepoint: 6102 ns, Total: 78849 ns
[2020-09-11T14:07:05.776+0000][1][gc,start     ] GC(67) Pause Young (Allocation Failure)
[2020-09-11T14:07:05.776+0000][1][gc,task      ] GC(67) Using 1 workers of 1 for evacuation
[2020-09-11T14:07:05.798+0000][1][gc,age       ] GC(67) Desired survivor size 4358144 bytes, new threshold 6 (max threshold 6)
[2020-09-11T14:07:05.798+0000][1][gc,age       ] GC(67) Age table with threshold 6 (max threshold 6)
[2020-09-11T14:07:05.798+0000][1][gc,age       ] GC(67) - age   1:    1128560 bytes,    1128560 total
[2020-09-11T14:07:05.798+0000][1][gc,age       ] GC(67) - age   2:     769440 bytes,    1898000 total
[2020-09-11T14:07:05.798+0000][1][gc,age       ] GC(67) - age   3:    2085912 bytes,    3983912 total
[2020-09-11T14:07:05.798+0000][1][gc,heap      ] GC(67) ParNew: 74038K->5246K(76672K)
[2020-09-11T14:07:05.798+0000][1][gc,heap      ] GC(67) CMS: 62674K->62674K(439104K)
[2020-09-11T14:07:05.798+0000][1][gc,metaspace ] GC(67) Metaspace: 77158K->77158K(1120256K)
[2020-09-11T14:07:05.798+0000][1][gc           ] GC(67) Pause Young (Allocation Failure) 133M->66M(503M) 21.659ms
[2020-09-11T14:07:05.798+0000][1][gc,cpu       ] GC(67) User=0.01s Sys=0.00s Real=0.02s
[2020-09-11T14:07:05.801+0000][1][safepoint    ] Safepoint "GenCollectForAllocation", Time since last: 84944663 ns, Reaching safepoint: 48634 ns, At safepoint: 24775230 ns, Total: 24823864 ns
[2020-09-11T14:07:06.804+0000][1][safepoint    ] Safepoint "Cleanup", Time since last: 1003362288 ns, Reaching safepoint: 154326 ns, At safepoint: 13837 ns, Total: 168163 ns
[2020-09-11T14:07:07.805+0000][1][safepoint    ] Safepoint "Cleanup", Time since last: 1000354024 ns, Reaching safepoint: 51180 ns, At safepoint: 5139 ns, Total: 56319 ns
[2020-09-11T14:07:08.805+0000][1][safepoint    ] Safepoint "Cleanup", Time since last: 1000128518 ns, Reaching safepoint: 108910 ns, At safepoint: 6991 ns, Total: 115901 ns
[2020-09-11T14:07:09.805+0000][1][safepoint    ] Safepoint "Cleanup", Time since last: 1000107056 ns, Reaching safepoint: 57706 ns, At safepoint: 5219 ns, Total: 62925 ns
[2020-09-11T14:07:10.805+0000][1][safepoint    ] Safepoint "Cleanup", Time since last: 1000127715 ns, Reaching safepoint: 110709 ns, At safepoint: 6424 ns, Total: 117133 ns
[2020-09-11T14:07:11.806+0000][1][safepoint    ] Safepoint "Cleanup", Time since last: 1000167656 ns, Reaching safepoint: 86129 ns, At safepoint: 6620 ns, Total: 92749 ns
[2020-09-11T14:07:12.806+0000][1][safepoint    ] Safepoint "Cleanup", Time since last: 1000128308 ns, Reaching safepoint: 105819 ns, At safepoint: 14443 ns, Total: 120262 ns
[2020-09-11T14:07:13.806+0000][1][safepoint    ] Safepoint "Cleanup", Time since last: 1000176283 ns, Reaching safepoint: 99655 ns, At safepoint: 14220 ns, Total: 113875 ns
[2020-09-11T14:07:14.806+0000][1][safepoint    ] Safepoint "Cleanup", Time since last: 1000210520 ns, Reaching safepoint: 76630 ns, At safepoint: 6206 ns, Total: 82836 ns
[2020-09-11T14:07:15.807+0000][1][safepoint    ] Safepoint "Cleanup", Time since last: 1000175479 ns, Reaching safepoint: 78326 ns, At safepoint: 5952 ns, Total: 84278 ns
[2020-09-11T14:07:16.807+0000][1][safepoint    ] Safepoint "Cleanup", Time since last: 1000162670 ns, Reaching safepoint: 88585 ns, At safepoint: 6497 ns, Total: 95082 ns
[2020-09-11T14:07:17.807+0000][1][safepoint    ] Safepoint "Cleanup", Time since last: 1000185375 ns, Reaching safepoint: 137155 ns, At safepoint: 18562 ns, Total: 155717 ns
[2020-09-11T14:07:18.808+0000][1][safepoint    ] Safepoint "Cleanup", Time since last: 1000294725 ns, Reaching safepoint: 89816 ns, At safepoint: 17050 ns, Total: 106866 ns
[2020-09-11T14:07:19.808+0000][1][safepoint    ] Safepoint "Cleanup", Time since last: 1000206760 ns, Reaching safepoint: 102682 ns, At safepoint: 16421 ns, Total: 119103 ns
[2020-09-11T14:07:20.808+0000][1][safepoint    ] Safepoint "Cleanup", Time since last: 1000242465 ns, Reaching safepoint: 94824 ns, At safepoint: 16063 ns, Total: 110887 ns
[2020-09-11T14:07:21.809+0000][1][safepoint    ] Safepoint "Cleanup", Time since last: 1000207678 ns, Reaching safepoint: 95108 ns, At safepoint: 15733 ns, Total: 110841 ns
[2020-09-11T14:07:23.809+0000][1][safepoint    ] Safepoint "Cleanup", Time since last: 2000361588 ns, Reaching safepoint: 129119 ns, At safepoint: 17925 ns, Total: 147044 ns
[2020-09-11T14:07:24.810+0000][1][safepoint    ] Safepoint "Cleanup", Time since last: 1000242590 ns, Reaching safepoint: 74478 ns, At safepoint: 6657 ns, Total: 81135 ns
[2020-09-11T14:07:25.810+0000][1][safepoint    ] Safepoint "Cleanup", Time since last: 1000175274 ns, Reaching safepoint: 80557 ns, At safepoint: 6016 ns, Total: 86573 ns
[2020-09-11T14:07:26.810+0000][1][safepoint    ] Safepoint "Cleanup", Time since last: 1000179520 ns, Reaching safepoint: 99321 ns, At safepoint: 16855 ns, Total: 116176 ns
[2020-09-11T14:07:27.810+0000][1][safepoint    ] Safepoint "Cleanup", Time since last: 1000208077 ns, Reaching safepoint: 99522 ns, At safepoint: 15746 ns, Total: 115268 ns
[2020-09-11T14:07:28.811+0000][1][safepoint    ] Safepoint "Cleanup", Time since last: 1000217783 ns, Reaching safepoint: 82561 ns, At safepoint: 7800 ns, Total: 90361 ns
[2020-09-11T14:07:29.811+0000][1][safepoint    ] Safepoint "Cleanup", Time since last: 1000161372 ns, Reaching safepoint: 105950 ns, At safepoint: 17547 ns, Total: 123497 ns
[2020-09-11T14:07:30.812+0000][1][safepoint    ] Safepoint "Cleanup", Time since last: 1001140124 ns, Reaching safepoint: 116127 ns, At safepoint: 17837 ns, Total: 133964 ns
[2020-09-11T14:07:32.813+0000][1][safepoint    ] Safepoint "Cleanup", Time since last: 2000322068 ns, Reaching safepoint: 99853 ns, At safepoint: 6293 ns, Total: 106146 ns
[2020-09-11T14:07:33.813+0000][1][safepoint    ] Safepoint "Cleanup", Time since last: 1000162811 ns, Reaching safepoint: 87016 ns, At safepoint: 6633 ns, Total: 93649 ns
[2020-09-11T14:07:35.813+0000][1][safepoint    ] Safepoint "Cleanup", Time since last: 2000229351 ns, Reaching safepoint: 98300 ns, At safepoint: 5192 ns, Total: 103492 ns
[2020-09-11T14:07:37.814+0000][1][safepoint    ] Safepoint "Cleanup", Time since last: 2000324992 ns, Reaching safepoint: 66455 ns, At safepoint: 5971 ns, Total: 72426 ns
[2020-09-11T14:07:38.814+0000][1][safepoint    ] Safepoint "Cleanup", Time since last: 1000171453 ns, Reaching safepoint: 79349 ns, At safepoint: 6014 ns, Total: 85363 ns
[2020-09-11T14:07:39.814+0000][1][safepoint    ] Safepoint "Cleanup", Time since last: 1000181873 ns, Reaching safepoint: 80181 ns, At safepoint: 5953 ns, Total: 86134 ns
[2020-09-11T14:07:42.815+0000][1][safepoint    ] Safepoint "Cleanup", Time since last: 3000438113 ns, Reaching safepoint: 102726 ns, At safepoint: 16364 ns, Total: 119090 ns
[2020-09-11T14:07:43.815+0000][1][safepoint    ] Safepoint "Cleanup", Time since last: 1000200415 ns, Reaching safepoint: 112949 ns, At safepoint: 16682 ns, Total: 129631 ns
[2020-09-11T14:07:44.815+0000][1][safepoint    ] Safepoint "Cleanup", Time since last: 1000223586 ns, Reaching safepoint: 99804 ns, At safepoint: 6499 ns, Total: 106303 ns
[2020-09-11T14:07:45.816+0000][1][safepoint    ] Safepoint "Cleanup", Time since last: 1000191040 ns, Reaching safepoint: 113063 ns, At safepoint: 17066 ns, Total: 130129 ns
[2020-09-11T14:07:46.816+0000][1][safepoint    ] Safepoint "Cleanup", Time since last: 1000222262 ns, Reaching safepoint: 115312 ns, At safepoint: 17369 ns, Total: 132681 ns
[2020-09-11T14:07:47.816+0000][1][safepoint    ] Safepoint "Cleanup", Time since last: 1000205553 ns, Reaching safepoint: 104520 ns, At safepoint: 6372 ns, Total: 110892 ns
[2020-09-11T14:07:48.817+0000][1][safepoint    ] Safepoint "Cleanup", Time since last: 1000131076 ns, Reaching safepoint: 121468 ns, At safepoint: 16121 ns, Total: 137589 ns
[2020-09-11T14:07:51.817+0000][1][safepoint    ] Safepoint "Cleanup", Time since last: 3000452921 ns, Reaching safepoint: 105419 ns, At safepoint: 15729 ns, Total: 121148 ns
[2020-09-11T14:07:52.818+0000][1][safepoint    ] Safepoint "Cleanup", Time since last: 1000226694 ns, Reaching safepoint: 125334 ns, At safepoint: 18109 ns, Total: 143443 ns
[2020-09-11T14:07:53.818+0000][1][safepoint    ] Safepoint "Cleanup", Time since last: 1000183429 ns, Reaching safepoint: 94607 ns, At safepoint: 6042 ns, Total: 100649 ns
[2020-09-11T14:07:55.818+0000][1][safepoint    ] Safepoint "Cleanup", Time since last: 2000303451 ns, Reaching safepoint: 114472 ns, At safepoint: 6550 ns, Total: 121022 ns
[2020-09-11T14:07:56.819+0000][1][safepoint    ] Safepoint "Cleanup", Time since last: 1000199696 ns, Reaching safepoint: 87907 ns, At safepoint: 7078 ns, Total: 94985 ns
[2020-09-11T14:07:57.819+0000][1][safepoint    ] Safepoint "Cleanup", Time since last: 1000147529 ns, Reaching safepoint: 112578 ns, At safepoint: 16796 ns, Total: 129374 ns
[2020-09-11T14:07:58.819+0000][1][safepoint    ] Safepoint "Cleanup", Time since last: 1000186039 ns, Reaching safepoint: 105128 ns, At safepoint: 16481 ns, Total: 121609 ns
[2020-09-11T14:07:59.820+0000][1][safepoint    ] Safepoint "Cleanup", Time since last: 1000205937 ns, Reaching safepoint: 75944 ns, At safepoint: 6814 ns, Total: 82758 ns
[2020-09-11T14:08:00.820+0000][1][safepoint    ] Safepoint "Cleanup", Time since last: 1000185428 ns, Reaching safepoint: 91433 ns, At safepoint: 6959 ns, Total: 98392 ns
[2020-09-11T14:08:01.820+0000][1][safepoint    ] Safepoint "Cleanup", Time since last: 1000142522 ns, Reaching safepoint: 104298 ns, At safepoint: 6943 ns, Total: 111241 ns
[2020-09-11T14:08:02.820+0000][1][safepoint    ] Safepoint "Cleanup", Time since last: 1000175145 ns, Reaching safepoint: 92633 ns, At safepoint: 16061 ns, Total: 108694 ns
[2020-09-11T14:08:03.821+0000][1][safepoint    ] Safepoint "Cleanup", Time since last: 1000202098 ns, Reaching safepoint: 99264 ns, At safepoint: 16314 ns, Total: 115578 ns
[2020-09-11T14:08:04.821+0000][1][safepoint    ] Safepoint "Cleanup", Time since last: 1000239251 ns, Reaching safepoint: 118755 ns, At safepoint: 17551 ns, Total: 136306 ns
[2020-09-11T14:08:05.821+0000][1][safepoint    ] Safepoint "Cleanup", Time since last: 1000222352 ns, Reaching safepoint: 86485 ns, At safepoint: 6797 ns, Total: 93282 ns
[2020-09-11T14:08:06.822+0000][1][safepoint    ] Safepoint "Cleanup", Time since last: 1000183107 ns, Reaching safepoint: 110661 ns, At safepoint: 17072 ns, Total: 127733 ns
[2020-09-11T14:08:07.822+0000][1][safepoint    ] Safepoint "Cleanup", Time since last: 1000230490 ns, Reaching safepoint: 112625 ns, At safepoint: 16574 ns, Total: 129199 ns
[2020-09-11T14:08:08.822+0000][1][safepoint    ] Safepoint "Cleanup", Time since last: 1000236677 ns, Reaching safepoint: 118626 ns, At safepoint: 19377 ns, Total: 138003 ns
[2020-09-11T14:08:09.823+0000][1][safepoint    ] Safepoint "Cleanup", Time since last: 1000228500 ns, Reaching safepoint: 114476 ns, At safepoint: 17156 ns, Total: 131632 ns
[2020-09-11T14:08:10.032+0000][1][gc,start     ] GC(68) Pause Young (Allocation Failure)
[2020-09-11T14:08:10.032+0000][1][gc,task      ] GC(68) Using 1 workers of 1 for evacuation
[2020-09-11T14:08:10.046+0000][1][gc,age       ] GC(68) Desired survivor size 4358144 bytes, new threshold 6 (max threshold 6)
[2020-09-11T14:08:10.046+0000][1][gc,age       ] GC(68) Age table with threshold 6 (max threshold 6)
[2020-09-11T14:08:10.046+0000][1][gc,age       ] GC(68) - age   1:      83280 bytes,      83280 total
[2020-09-11T14:08:10.046+0000][1][gc,age       ] GC(68) - age   2:    1111088 bytes,    1194368 total
[2020-09-11T14:08:10.046+0000][1][gc,age       ] GC(68) - age   3:     767696 bytes,    1962064 total
[2020-09-11T14:08:10.046+0000][1][gc,age       ] GC(68) - age   4:    2082992 bytes,    4045056 total
[2020-09-11T14:08:10.046+0000][1][gc,heap      ] GC(68) ParNew: 73406K->7147K(76672K)
[2020-09-11T14:08:10.046+0000][1][gc,heap      ] GC(68) CMS: 62674K->62674K(439104K)
[2020-09-11T14:08:10.046+0000][1][gc,metaspace ] GC(68) Metaspace: 77435K->77435K(1120256K)
[2020-09-11T14:08:10.047+0000][1][gc           ] GC(68) Pause Young (Allocation Failure) 132M->68M(503M) 14.531ms
[2020-09-11T14:08:10.047+0000][1][gc,cpu       ] GC(68) User=0.01s Sys=0.00s Real=0.02s
[2020-09-11T14:08:10.047+0000][1][safepoint    ] Safepoint "GenCollectForAllocation", Time since last: 208289124 ns, Reaching safepoint: 862131 ns, At safepoint: 14650746 ns, Total: 15512877 ns
[2020-09-11T14:08:11.051+0000][1][safepoint    ] Safepoint "Cleanup", Time since last: 1003892017 ns, Reaching safepoint: 146643 ns, At safepoint: 19384 ns, Total: 166027 ns
[2020-09-11T14:08:12.051+0000][1][safepoint    ] Safepoint "Cleanup", Time since last: 1000429458 ns, Reaching safepoint: 61174 ns, At safepoint: 6120 ns, Total: 67294 ns
[2020-09-11T14:08:13.051+0000][1][safepoint    ] Safepoint "Cleanup", Time since last: 1000180168 ns, Reaching safepoint: 89328 ns, At safepoint: 6276 ns, Total: 95604 ns
[2020-09-11T14:08:14.052+0000][1][safepoint    ] Safepoint "Cleanup", Time since last: 1000168656 ns, Reaching safepoint: 88452 ns, At safepoint: 6474 ns, Total: 94926 ns
[2020-09-11T14:08:16.052+0000][1][safepoint    ] Safepoint "Cleanup", Time since last: 2000284098 ns, Reaching safepoint: 96892 ns, At safepoint: 6158 ns, Total: 103050 ns
[2020-09-11T14:08:17.053+0000][1][safepoint    ] Safepoint "Cleanup", Time since last: 1000691322 ns, Reaching safepoint: 84978 ns, At safepoint: 6111 ns, Total: 91089 ns
[2020-09-11T14:08:18.053+0000][1][safepoint    ] Safepoint "Cleanup", Time since last: 1000162957 ns, Reaching safepoint: 88637 ns, At safepoint: 5690 ns, Total: 94327 ns
[2020-09-11T14:08:20.054+0000][1][safepoint    ] Safepoint "Cleanup", Time since last: 2000348968 ns, Reaching safepoint: 149059 ns, At safepoint: 17600 ns, Total: 166659 ns
[2020-09-11T14:08:22.054+0000][1][safepoint    ] Safepoint "Cleanup", Time since last: 2000290784 ns, Reaching safepoint: 108740 ns, At safepoint: 14630 ns, Total: 123370 ns
[2020-09-11T14:08:23.054+0000][1][safepoint    ] Safepoint "Cleanup", Time since last: 1000203122 ns, Reaching safepoint: 92276 ns, At safepoint: 6747 ns, Total: 99023 ns
[2020-09-11T14:08:24.055+0000][1][safepoint    ] Safepoint "Cleanup", Time since last: 1000144957 ns, Reaching safepoint: 113868 ns, At safepoint: 16290 ns, Total: 130158 ns
[2020-09-11T14:08:27.055+0000][1][safepoint    ] Safepoint "Cleanup", Time since last: 3000571879 ns, Reaching safepoint: 110330 ns, At safepoint: 16615 ns, Total: 126945 ns
[2020-09-11T14:08:28.056+0000][1][safepoint    ] Safepoint "Cleanup", Time since last: 1000289511 ns, Reaching safepoint: 96255 ns, At safepoint: 7029 ns, Total: 103284 ns
[2020-09-11T14:08:30.056+0000][1][safepoint    ] Safepoint "Cleanup", Time since last: 2000331636 ns, Reaching safepoint: 90948 ns, At safepoint: 6728 ns, Total: 97676 ns
[2020-09-11T14:08:31.056+0000][1][safepoint    ] Safepoint "Cleanup", Time since last: 1000185604 ns, Reaching safepoint: 115591 ns, At safepoint: 18069 ns, Total: 133660 ns
[2020-09-11T14:08:32.057+0000][1][safepoint    ] Safepoint "Cleanup", Time since last: 1000180736 ns, Reaching safepoint: 126651 ns, At safepoint: 16544 ns, Total: 143195 ns
[2020-09-11T14:08:34.057+0000][1][safepoint    ] Safepoint "Cleanup", Time since last: 2000267430 ns, Reaching safepoint: 121161 ns, At safepoint: 16685 ns, Total: 137846 ns
[2020-09-11T14:08:35.058+0000][1][safepoint    ] Safepoint "Cleanup", Time since last: 1000198997 ns, Reaching safepoint: 110674 ns, At safepoint: 14918 ns, Total: 125592 ns
[2020-09-11T14:08:36.058+0000][1][safepoint    ] Safepoint "Cleanup", Time since last: 1000177728 ns, Reaching safepoint: 110323 ns, At safepoint: 14510 ns, Total: 124833 ns
[2020-09-11T14:08:37.058+0000][1][safepoint    ] Safepoint "Cleanup", Time since last: 1000209279 ns, Reaching safepoint: 116420 ns, At safepoint: 17998 ns, Total: 134418 ns
[2020-09-11T14:08:39.059+0000][1][safepoint    ] Safepoint "Cleanup", Time since last: 2000350921 ns, Reaching safepoint: 107607 ns, At safepoint: 16748 ns, Total: 124355 ns
[2020-09-11T14:08:42.059+0000][1][safepoint    ] Safepoint "Cleanup", Time since last: 3000556791 ns, Reaching safepoint: 102846 ns, At safepoint: 16207 ns, Total: 119053 ns
[2020-09-11T14:08:43.060+0000][1][safepoint    ] Safepoint "Cleanup", Time since last: 1000291626 ns, Reaching safepoint: 109759 ns, At safepoint: 17289 ns, Total: 127048 ns
[2020-09-11T14:08:46.060+0000][1][safepoint    ] Safepoint "Cleanup", Time since last: 3000395760 ns, Reaching safepoint: 102111 ns, At safepoint: 15990 ns, Total: 118101 ns
[2020-09-11T14:08:48.711+0000][1][safepoint    ] Safepoint "RevokeBias", Time since last: 2650173219 ns, Reaching safepoint: 197156 ns, At safepoint: 8735 ns, Total: 205891 ns
[2020-09-11T14:08:48.711+0000][1][safepoint    ] Safepoint "RevokeBias", Time since last: 72193 ns, Reaching safepoint: 145506 ns, At safepoint: 5533 ns, Total: 151039 ns
[2020-09-11T14:08:48.711+0000][1][safepoint    ] Safepoint "RevokeBias", Time since last: 35397 ns, Reaching safepoint: 144495 ns, At safepoint: 5318 ns, Total: 149813 ns
[2020-09-11T14:08:48.732+0000][1][safepoint    ] Safepoint "Deoptimize", Time since last: 19753286 ns, Reaching safepoint: 177527 ns, At safepoint: 672130 ns, Total: 849657 ns
[2020-09-11T14:08:48.749+0000][1][safepoint    ] Safepoint "RevokeBias", Time since last: 16713347 ns, Reaching safepoint: 183643 ns, At safepoint: 9031 ns, Total: 192674 ns
[2020-09-11T14:08:48.749+0000][1][safepoint    ] Safepoint "RevokeBias", Time since last: 278570 ns, Reaching safepoint: 159959 ns, At safepoint: 18075 ns, Total: 178034 ns
[2020-09-11T14:08:48.758+0000][1][safepoint    ] Safepoint "Deoptimize", Time since last: 8439956 ns, Reaching safepoint: 181559 ns, At safepoint: 558534 ns, Total: 740093 ns
[2020-09-11T14:08:48.762+0000][1][safepoint    ] Safepoint "Deoptimize", Time since last: 3390035 ns, Reaching safepoint: 176871 ns, At safepoint: 502634 ns, Total: 679505 ns
[2020-09-11T14:08:48.763+0000][1][safepoint    ] Safepoint "Deoptimize", Time since last: 532729 ns, Reaching safepoint: 160775 ns, At safepoint: 494892 ns, Total: 655667 ns
[2020-09-11T14:08:48.766+0000][1][safepoint    ] Safepoint "Deoptimize", Time since last: 1553082 ns, Reaching safepoint: 162034 ns, At safepoint: 515859 ns, Total: 677893 ns
[2020-09-11T14:08:49.828+0000][1][safepoint    ] Safepoint "Cleanup", Time since last: 1061931327 ns, Reaching safepoint: 340415 ns, At safepoint: 21913 ns, Total: 362328 ns
[2020-09-11T14:08:50.828+0000][1][safepoint    ] Safepoint "Cleanup", Time since last: 1000210163 ns, Reaching safepoint: 117249 ns, At safepoint: 17730 ns, Total: 134979 ns
[2020-09-11T14:08:51.829+0000][1][safepoint    ] Safepoint "Cleanup", Time since last: 1000244205 ns, Reaching safepoint: 117871 ns, At safepoint: 17353 ns, Total: 135224 ns
[2020-09-11T14:08:52.829+0000][1][safepoint    ] Safepoint "Cleanup", Time since last: 1000192635 ns, Reaching safepoint: 118732 ns, At safepoint: 17834 ns, Total: 136566 ns
[2020-09-11T14:08:54.830+0000][1][safepoint    ] Safepoint "Cleanup", Time since last: 2000394841 ns, Reaching safepoint: 128388 ns, At safepoint: 19054 ns, Total: 147442 ns
[2020-09-11T14:08:57.830+0000][1][safepoint    ] Safepoint "Cleanup", Time since last: 3000445026 ns, Reaching safepoint: 67436 ns, At safepoint: 6203 ns, Total: 73639 ns
[2020-09-11T14:08:58.830+0000][1][safepoint    ] Safepoint "Cleanup", Time since last: 1000179763 ns, Reaching safepoint: 115943 ns, At safepoint: 16565 ns, Total: 132508 ns
[2020-09-11T14:08:59.831+0000][1][safepoint    ] Safepoint "Cleanup", Time since last: 1000265463 ns, Reaching safepoint: 70576 ns, At safepoint: 6293 ns, Total: 76869 ns
[2020-09-11T14:09:00.831+0000][1][safepoint    ] Safepoint "Cleanup", Time since last: 1000186699 ns, Reaching safepoint: 125084 ns, At safepoint: 16885 ns, Total: 141969 ns
[2020-09-11T14:09:01.831+0000][1][safepoint    ] Safepoint "Cleanup", Time since last: 1000185425 ns, Reaching safepoint: 125448 ns, At safepoint: 66947 ns, Total: 192395 ns
[2020-09-11T14:09:02.832+0000][1][safepoint    ] Safepoint "Cleanup", Time since last: 1000246583 ns, Reaching safepoint: 119912 ns, At safepoint: 16759 ns, Total: 136671 ns
[2020-09-11T14:09:04.832+0000][1][safepoint    ] Safepoint "Cleanup", Time since last: 2000351197 ns, Reaching safepoint: 129457 ns, At safepoint: 17501 ns, Total: 146958 ns
[2020-09-11T14:09:09.834+0000][1][safepoint    ] Safepoint "Cleanup", Time since last: 5001375561 ns, Reaching safepoint: 61914 ns, At safepoint: 6961 ns, Total: 68875 ns
[2020-09-11T14:09:11.313+0000][1][gc,start     ] GC(69) Pause Young (Allocation Failure)
[2020-09-11T14:09:11.313+0000][1][gc,task      ] GC(69) Using 1 workers of 1 for evacuation
[2020-09-11T14:09:11.349+0000][1][gc,age       ] GC(69) Desired survivor size 4358144 bytes, new threshold 6 (max threshold 6)
[2020-09-11T14:09:11.349+0000][1][gc,age       ] GC(69) Age table with threshold 6 (max threshold 6)
[2020-09-11T14:09:11.349+0000][1][gc,age       ] GC(69) - age   1:     177080 bytes,     177080 total
[2020-09-11T14:09:11.349+0000][1][gc,age       ] GC(69) - age   2:       6392 bytes,     183472 total
[2020-09-11T14:09:11.349+0000][1][gc,age       ] GC(69) - age   3:    1107536 bytes,    1291008 total
[2020-09-11T14:09:11.349+0000][1][gc,age       ] GC(69) - age   4:     766456 bytes,    2057464 total
[2020-09-11T14:09:11.349+0000][1][gc,age       ] GC(69) - age   5:    2082280 bytes,    4139744 total
[2020-09-11T14:09:11.349+0000][1][gc,heap      ] GC(69) ParNew: 75271K->4749K(76672K)
[2020-09-11T14:09:11.349+0000][1][gc,heap      ] GC(69) CMS: 62674K->62674K(439104K)
[2020-09-11T14:09:11.349+0000][1][gc,metaspace ] GC(69) Metaspace: 78518K->78518K(1122304K)
[2020-09-11T14:09:11.349+0000][1][gc           ] GC(69) Pause Young (Allocation Failure) 134M->65M(503M) 35.927ms
[2020-09-11T14:09:11.349+0000][1][gc,cpu       ] GC(69) User=0.02s Sys=0.00s Real=0.04s
[2020-09-11T14:09:11.349+0000][1][safepoint    ] Safepoint "GenCollectForAllocation", Time since last: 1478919839 ns, Reaching safepoint: 113764 ns, At safepoint: 36025960 ns, Total: 36139724 ns
[2020-09-11T14:09:12.350+0000][1][safepoint    ] Safepoint "Cleanup", Time since last: 1000594526 ns, Reaching safepoint: 307576 ns, At safepoint: 21546 ns, Total: 329122 ns
[2020-09-11T14:09:13.350+0000][1][safepoint    ] Safepoint "Cleanup", Time since last: 1000216953 ns, Reaching safepoint: 164621 ns, At safepoint: 15964 ns, Total: 180585 ns
[2020-09-11T14:09:14.351+0000][1][safepoint    ] Safepoint "Cleanup", Time since last: 1000263347 ns, Reaching safepoint: 635426 ns, At safepoint: 10559 ns, Total: 645985 ns
[2020-09-11T14:09:16.352+0000][1][safepoint    ] Safepoint "Cleanup", Time since last: 2000388006 ns, Reaching safepoint: 133544 ns, At safepoint: 18024 ns, Total: 151568 ns
[2020-09-11T14:09:20.353+0000][1][safepoint    ] Safepoint "Cleanup", Time since last: 4001401372 ns, Reaching safepoint: 165590 ns, At safepoint: 19017 ns, Total: 184607 ns
[2020-09-11T14:09:21.354+0000][1][safepoint    ] Safepoint "Cleanup", Time since last: 1000207622 ns, Reaching safepoint: 131716 ns, At safepoint: 17921 ns, Total: 149637 ns
[2020-09-11T14:09:22.355+0000][1][safepoint    ] Safepoint "Cleanup", Time since last: 1001127332 ns, Reaching safepoint: 95165 ns, At safepoint: 8230 ns, Total: 103395 ns
[2020-09-11T14:09:23.355+0000][1][safepoint    ] Safepoint "Cleanup", Time since last: 1000184301 ns, Reaching safepoint: 89557 ns, At safepoint: 8268 ns, Total: 97825 ns
[2020-09-11T14:09:25.356+0000][1][safepoint    ] Safepoint "Cleanup", Time since last: 2000328470 ns, Reaching safepoint: 181056 ns, At safepoint: 16925 ns, Total: 197981 ns
[2020-09-11T14:09:26.356+0000][1][safepoint    ] Safepoint "Cleanup", Time since last: 1000226968 ns, Reaching safepoint: 92483 ns, At safepoint: 8179 ns, Total: 100662 ns
[2020-09-11T14:09:27.369+0000][1][safepoint    ] Safepoint "Cleanup", Time since last: 1013373625 ns, Reaching safepoint: 123757 ns, At safepoint: 17671 ns, Total: 141428 ns
[2020-09-11T14:09:28.370+0000][1][safepoint    ] Safepoint "Cleanup", Time since last: 1000210860 ns, Reaching safepoint: 125391 ns, At safepoint: 16959 ns, Total: 142350 ns
[2020-09-11T14:09:29.370+0000][1][safepoint    ] Safepoint "Cleanup", Time since last: 1000179052 ns, Reaching safepoint: 112300 ns, At safepoint: 8471 ns, Total: 120771 ns
[2020-09-11T14:09:30.370+0000][1][safepoint    ] Safepoint "Cleanup", Time since last: 1000183659 ns, Reaching safepoint: 94062 ns, At safepoint: 7860 ns, Total: 101922 ns
[2020-09-11T14:09:32.371+0000][1][safepoint    ] Safepoint "Cleanup", Time since last: 2000265473 ns, Reaching safepoint: 123313 ns, At safepoint: 18599 ns, Total: 141912 ns
[2020-09-11T14:09:33.371+0000][1][safepoint    ] Safepoint "Cleanup", Time since last: 1000240907 ns, Reaching safepoint: 116782 ns, At safepoint: 17182 ns, Total: 133964 ns
[2020-09-11T14:09:34.372+0000][1][safepoint    ] Safepoint "Cleanup", Time since last: 1000232721 ns, Reaching safepoint: 140031 ns, At safepoint: 16063 ns, Total: 156094 ns
[2020-09-11T14:09:35.372+0000][1][safepoint    ] Safepoint "Cleanup", Time since last: 1000181553 ns, Reaching safepoint: 122501 ns, At safepoint: 17965 ns, Total: 140466 ns
[2020-09-11T14:09:36.372+0000][1][safepoint    ] Safepoint "Cleanup", Time since last: 1000214574 ns, Reaching safepoint: 104950 ns, At safepoint: 6736 ns, Total: 111686 ns
[2020-09-11T14:09:37.372+0000][1][safepoint    ] Safepoint "Cleanup", Time since last: 1000163347 ns, Reaching safepoint: 107998 ns, At safepoint: 7198 ns, Total: 115196 ns
[2020-09-11T14:09:38.373+0000][1][safepoint    ] Safepoint "Cleanup", Time since last: 1000196350 ns, Reaching safepoint: 87931 ns, At safepoint: 8043 ns, Total: 95974 ns
[2020-09-11T14:09:42.373+0000][1][safepoint    ] Safepoint "Cleanup", Time since last: 4000455805 ns, Reaching safepoint: 105953 ns, At safepoint: 9501 ns, Total: 115454 ns
[2020-09-11T14:09:43.374+0000][1][safepoint    ] Safepoint "Cleanup", Time since last: 1000175854 ns, Reaching safepoint: 97619 ns, At safepoint: 8243 ns, Total: 105862 ns
[2020-09-11T14:09:46.374+0000][1][safepoint    ] Safepoint "Cleanup", Time since last: 3000448539 ns, Reaching safepoint: 92405 ns, At safepoint: 7058 ns, Total: 99463 ns
[2020-09-11T14:09:51.375+0000][1][safepoint    ] Safepoint "Cleanup", Time since last: 5000686977 ns, Reaching safepoint: 133446 ns, At safepoint: 18964 ns, Total: 152410 ns
[2020-09-11T14:09:52.375+0000][1][safepoint    ] Safepoint "Cleanup", Time since last: 1000195401 ns, Reaching safepoint: 138885 ns, At safepoint: 18516 ns, Total: 157401 ns
[2020-09-11T14:09:56.376+0000][1][safepoint    ] Safepoint "Cleanup", Time since last: 4000511538 ns, Reaching safepoint: 134094 ns, At safepoint: 18148 ns, Total: 152242 ns
[2020-09-11T14:09:57.376+0000][1][safepoint    ] Safepoint "Cleanup", Time since last: 1000232796 ns, Reaching safepoint: 129226 ns, At safepoint: 16518 ns, Total: 145744 ns
[2020-09-11T14:10:15.379+0000][1][safepoint    ] Safepoint "Cleanup", Time since last: 18002601309 ns, Reaching safepoint: 139152 ns, At safepoint: 20547 ns, Total: 159699 ns
[2020-09-11T14:10:17.100+0000][1][gc,start     ] GC(70) Pause Young (Allocation Failure)
[2020-09-11T14:10:17.100+0000][1][gc,task      ] GC(70) Using 1 workers of 1 for evacuation
[2020-09-11T14:10:17.114+0000][1][gc,age       ] GC(70) Desired survivor size 4358144 bytes, new threshold 6 (max threshold 6)
[2020-09-11T14:10:17.114+0000][1][gc,age       ] GC(70) Age table with threshold 6 (max threshold 6)
[2020-09-11T14:10:17.114+0000][1][gc,age       ] GC(70) - age   1:      13816 bytes,      13816 total
[2020-09-11T14:10:17.114+0000][1][gc,age       ] GC(70) - age   2:     169400 bytes,     183216 total
[2020-09-11T14:10:17.114+0000][1][gc,age       ] GC(70) - age   3:       5008 bytes,     188224 total
[2020-09-11T14:10:17.114+0000][1][gc,age       ] GC(70) - age   4:    1107536 bytes,    1295760 total
[2020-09-11T14:10:17.114+0000][1][gc,age       ] GC(70) - age   5:     765216 bytes,    2060976 total
[2020-09-11T14:10:17.114+0000][1][gc,age       ] GC(70) - age   6:    2082280 bytes,    4143256 total
[2020-09-11T14:10:17.114+0000][1][gc,heap      ] GC(70) ParNew: 72909K->7251K(76672K)
[2020-09-11T14:10:17.114+0000][1][gc,heap      ] GC(70) CMS: 62674K->62674K(439104K)
[2020-09-11T14:10:17.114+0000][1][gc,metaspace ] GC(70) Metaspace: 78627K->78627K(1122304K)
[2020-09-11T14:10:17.114+0000][1][gc           ] GC(70) Pause Young (Allocation Failure) 132M->68M(503M) 14.397ms
[2020-09-11T14:10:17.114+0000][1][gc,cpu       ] GC(70) User=0.01s Sys=0.00s Real=0.01s
[2020-09-11T14:10:17.114+0000][1][safepoint    ] Safepoint "GenCollectForAllocation", Time since last: 1720265199 ns, Reaching safepoint: 180601 ns, At safepoint: 14488414 ns, Total: 14669015 ns
[2020-09-11T14:10:18.119+0000][1][safepoint    ] Safepoint "Cleanup", Time since last: 1004725929 ns, Reaching safepoint: 127095 ns, At safepoint: 52394 ns, Total: 179489 ns
[2020-09-11T14:10:20.120+0000][1][safepoint    ] Safepoint "Cleanup", Time since last: 2000438695 ns, Reaching safepoint: 129013 ns, At safepoint: 17737 ns, Total: 146750 ns
[2020-09-11T14:10:23.120+0000][1][safepoint    ] Safepoint "Cleanup", Time since last: 3000449573 ns, Reaching safepoint: 93659 ns, At safepoint: 8201 ns, Total: 101860 ns
[2020-09-11T14:10:24.120+0000][1][safepoint    ] Safepoint "Cleanup", Time since last: 1000200542 ns, Reaching safepoint: 83204 ns, At safepoint: 7144 ns, Total: 90348 ns
[2020-09-11T14:10:28.121+0000][1][safepoint    ] Safepoint "Cleanup", Time since last: 4000558792 ns, Reaching safepoint: 95330 ns, At safepoint: 7419 ns, Total: 102749 ns
[2020-09-11T14:10:29.121+0000][1][safepoint    ] Safepoint "Cleanup", Time since last: 1000194561 ns, Reaching safepoint: 94864 ns, At safepoint: 7266 ns, Total: 102130 ns
[2020-09-11T14:10:30.122+0000][1][safepoint    ] Safepoint "Cleanup", Time since last: 1000180629 ns, Reaching safepoint: 129821 ns, At safepoint: 19963 ns, Total: 149784 ns
[2020-09-11T14:10:31.122+0000][1][safepoint    ] Safepoint "Cleanup", Time since last: 1000193511 ns, Reaching safepoint: 129597 ns, At safepoint: 19719 ns, Total: 149316 ns
[2020-09-11T14:10:32.122+0000][1][safepoint    ] Safepoint "Cleanup", Time since last: 1000225635 ns, Reaching safepoint: 89258 ns, At safepoint: 8548 ns, Total: 97806 ns
[2020-09-11T14:10:37.123+0000][1][safepoint    ] Safepoint "Cleanup", Time since last: 5000736495 ns, Reaching safepoint: 118095 ns, At safepoint: 16798 ns, Total: 134893 ns
[2020-09-11T14:10:38.124+0000][1][safepoint    ] Safepoint "Cleanup", Time since last: 1000232724 ns, Reaching safepoint: 137766 ns, At safepoint: 17146 ns, Total: 154912 ns
[2020-09-11T14:10:39.124+0000][1][safepoint    ] Safepoint "Cleanup", Time since last: 1000218516 ns, Reaching safepoint: 98021 ns, At safepoint: 9217 ns, Total: 107238 ns
[2020-09-11T14:10:41.521+0000][1][safepoint    ] Safepoint "RevokeBias", Time since last: 2396417971 ns, Reaching safepoint: 131954 ns, At safepoint: 17330 ns, Total: 149284 ns
[2020-09-11T14:10:41.521+0000][1][safepoint    ] Safepoint "RevokeBias", Time since last: 109585 ns, Reaching safepoint: 134068 ns, At safepoint: 7734 ns, Total: 141802 ns
[2020-09-11T14:10:41.521+0000][1][safepoint    ] Safepoint "RevokeBias", Time since last: 265880 ns, Reaching safepoint: 153718 ns, At safepoint: 8649 ns, Total: 162367 ns
[2020-09-11T14:10:41.522+0000][1][safepoint    ] Safepoint "RevokeBias", Time since last: 443677 ns, Reaching safepoint: 129224 ns, At safepoint: 7245 ns, Total: 136469 ns
[2020-09-11T14:10:41.522+0000][1][safepoint    ] Safepoint "RevokeBias", Time since last: 130609 ns, Reaching safepoint: 97683 ns, At safepoint: 6033 ns, Total: 103716 ns
[2020-09-11T14:10:41.522+0000][1][safepoint    ] Safepoint "RevokeBias", Time since last: 188889 ns, Reaching safepoint: 183723 ns, At safepoint: 5313 ns, Total: 189036 ns
[2020-09-11T14:10:41.525+0000][1][safepoint    ] Safepoint "RevokeBias", Time since last: 2080529 ns, Reaching safepoint: 688553 ns, At safepoint: 8026 ns, Total: 696579 ns
[2020-09-11T14:10:41.527+0000][1][safepoint    ] Safepoint "RevokeBias", Time since last: 88096 ns, Reaching safepoint: 1667460 ns, At safepoint: 8738 ns, Total: 1676198 ns
[2020-09-11T14:10:41.527+0000][1][safepoint    ] Safepoint "RevokeBias", Time since last: 54533 ns, Reaching safepoint: 108707 ns, At safepoint: 6244 ns, Total: 114951 ns
[2020-09-11T14:10:41.528+0000][1][safepoint    ] Safepoint "RevokeBias", Time since last: 329174 ns, Reaching safepoint: 1007936 ns, At safepoint: 8107 ns, Total: 1016043 ns
[2020-09-11T14:10:41.538+0000][1][safepoint    ] Safepoint "RevokeBias", Time since last: 9058256 ns, Reaching safepoint: 133896 ns, At safepoint: 9568 ns, Total: 143464 ns
[2020-09-11T14:10:41.543+0000][1][safepoint    ] Safepoint "RevokeBias", Time since last: 3530845 ns, Reaching safepoint: 2279236 ns, At safepoint: 14243 ns, Total: 2293479 ns
[2020-09-11T14:10:41.544+0000][1][safepoint    ] Safepoint "RevokeBias", Time since last: 237069 ns, Reaching safepoint: 108004 ns, At safepoint: 7225 ns, Total: 115229 ns
[2020-09-11T14:10:41.564+0000][1][safepoint    ] Safepoint "RevokeBias", Time since last: 277928 ns, Reaching safepoint: 19422124 ns, At safepoint: 13893 ns, Total: 19436017 ns
[2020-09-11T14:10:41.565+0000][1][safepoint    ] Safepoint "RevokeBias", Time since last: 139683 ns, Reaching safepoint: 1290305 ns, At safepoint: 11667 ns, Total: 1301972 ns
[2020-09-11T14:10:41.566+0000][1][safepoint    ] Safepoint "RevokeBias", Time since last: 953058 ns, Reaching safepoint: 118433 ns, At safepoint: 7086 ns, Total: 125519 ns
[2020-09-11T14:10:41.572+0000][1][safepoint    ] Safepoint "RevokeBias", Time since last: 5475689 ns, Reaching safepoint: 127016 ns, At safepoint: 9017 ns, Total: 136033 ns
[2020-09-11T14:10:41.572+0000][1][safepoint    ] Safepoint "RevokeBias", Time since last: 85918 ns, Reaching safepoint: 111064 ns, At safepoint: 7120 ns, Total: 118184 ns
[2020-09-11T14:10:41.572+0000][1][safepoint    ] Safepoint "RevokeBias", Time since last: 198162 ns, Reaching safepoint: 106527 ns, At safepoint: 6475 ns, Total: 113002 ns
[2020-09-11T14:10:41.580+0000][1][safepoint    ] Safepoint "RevokeBias", Time since last: 7305794 ns, Reaching safepoint: 135110 ns, At safepoint: 10111 ns, Total: 145221 ns
[2020-09-11T14:10:41.581+0000][1][safepoint    ] Safepoint "RevokeBias", Time since last: 1338973 ns, Reaching safepoint: 113680 ns, At safepoint: 7020 ns, Total: 120700 ns
[2020-09-11T14:10:41.916+0000][1][safepoint    ] Safepoint "RevokeBias", Time since last: 335215860 ns, Reaching safepoint: 59479 ns, At safepoint: 30880 ns, Total: 90359 ns
[2020-09-11T14:10:41.922+0000][1][safepoint    ] Safepoint "RevokeBias", Time since last: 5678588 ns, Reaching safepoint: 58724 ns, At safepoint: 21593 ns, Total: 80317 ns
[2020-09-11T14:10:41.923+0000][1][safepoint    ] Safepoint "RevokeBias", Time since last: 887928 ns, Reaching safepoint: 107938 ns, At safepoint: 18145 ns, Total: 126083 ns
[2020-09-11T14:10:41.923+0000][1][safepoint    ] Safepoint "RevokeBias", Time since last: 127415 ns, Reaching safepoint: 23973 ns, At safepoint: 10066 ns, Total: 34039 ns
[2020-09-11T14:10:41.932+0000][1][safepoint    ] Safepoint "RevokeBias", Time since last: 8641116 ns, Reaching safepoint: 128954 ns, At safepoint: 20561 ns, Total: 149515 ns
[2020-09-11T14:10:41.936+0000][1][safepoint    ] Safepoint "RevokeBias", Time since last: 4109800 ns, Reaching safepoint: 122042 ns, At safepoint: 22035 ns, Total: 144077 ns
[2020-09-11T14:10:41.937+0000][1][safepoint    ] Safepoint "RevokeBias", Time since last: 266701 ns, Reaching safepoint: 95238 ns, At safepoint: 11312 ns, Total: 106550 ns
[2020-09-11T14:10:41.944+0000][1][safepoint    ] Safepoint "RevokeBias", Time since last: 7320025 ns, Reaching safepoint: 132564 ns, At safepoint: 25038 ns, Total: 157602 ns
[2020-09-11T14:10:41.945+0000][1][safepoint    ] Safepoint "RevokeBias", Time since last: 274908 ns, Reaching safepoint: 96826 ns, At safepoint: 12851 ns, Total: 109677 ns
[2020-09-11T14:10:42.004+0000][1][safepoint    ] Safepoint "RevokeBias", Time since last: 59421532 ns, Reaching safepoint: 148058 ns, At safepoint: 28175 ns, Total: 176233 ns
[2020-09-11T14:10:42.018+0000][1][safepoint    ] Safepoint "RevokeBias", Time since last: 12080256 ns, Reaching safepoint: 1401978 ns, At safepoint: 37043 ns, Total: 1439021 ns
[2020-09-11T14:10:42.025+0000][1][safepoint    ] Safepoint "RevokeBias", Time since last: 6280929 ns, Reaching safepoint: 1276234 ns, At safepoint: 28088 ns, Total: 1304322 ns
[2020-09-11T14:10:42.034+0000][1][safepoint    ] Safepoint "RevokeBias", Time since last: 2100171 ns, Reaching safepoint: 6223543 ns, At safepoint: 30125 ns, Total: 6253668 ns
[2020-09-11T14:10:42.043+0000][1][safepoint    ] Safepoint "RevokeBias", Time since last: 6975912 ns, Reaching safepoint: 2819269 ns, At safepoint: 34440 ns, Total: 2853709 ns
[2020-09-11T14:10:42.047+0000][1][safepoint    ] Safepoint "RevokeBias", Time since last: 1386340 ns, Reaching safepoint: 1926977 ns, At safepoint: 26205 ns, Total: 1953182 ns
[2020-09-11T14:10:42.068+0000][1][safepoint    ] Safepoint "RevokeBias", Time since last: 20611239 ns, Reaching safepoint: 129872 ns, At safepoint: 21871 ns, Total: 151743 ns
[2020-09-11T14:10:42.069+0000][1][safepoint    ] Safepoint "RevokeBias", Time since last: 1473759 ns, Reaching safepoint: 30472 ns, At safepoint: 17222 ns, Total: 47694 ns
[2020-09-11T14:10:42.076+0000][1][safepoint    ] Safepoint "RevokeBias", Time since last: 6290439 ns, Reaching safepoint: 67685 ns, At safepoint: 21755 ns, Total: 89440 ns
[2020-09-11T14:10:42.076+0000][1][safepoint    ] Safepoint "RevokeBias", Time since last: 573807 ns, Reaching safepoint: 48267 ns, At safepoint: 14153 ns, Total: 62420 ns
[2020-09-11T14:10:42.082+0000][1][safepoint    ] Safepoint "RevokeBias", Time since last: 5629883 ns, Reaching safepoint: 214235 ns, At safepoint: 22413 ns, Total: 236648 ns
[2020-09-11T14:10:42.082+0000][1][safepoint    ] Safepoint "RevokeBias", Time since last: 272799 ns, Reaching safepoint: 117065 ns, At safepoint: 8544 ns, Total: 125609 ns
[2020-09-11T14:10:42.090+0000][1][safepoint    ] Safepoint "RevokeBias", Time since last: 7166550 ns, Reaching safepoint: 145261 ns, At safepoint: 13644 ns, Total: 158905 ns
[2020-09-11T14:10:42.090+0000][1][safepoint    ] Safepoint "RevokeBias", Time since last: 113574 ns, Reaching safepoint: 114034 ns, At safepoint: 9214 ns, Total: 123248 ns
[2020-09-11T14:10:42.090+0000][1][safepoint    ] Safepoint "RevokeBias", Time since last: 61973 ns, Reaching safepoint: 103718 ns, At safepoint: 8492 ns, Total: 112210 ns
[2020-09-11T14:10:42.090+0000][1][safepoint    ] Safepoint "RevokeBias", Time since last: 189591 ns, Reaching safepoint: 104640 ns, At safepoint: 7987 ns, Total: 112627 ns
[2020-09-11T14:10:42.098+0000][1][safepoint    ] Safepoint "RevokeBias", Time since last: 4745847 ns, Reaching safepoint: 3028191 ns, At safepoint: 14716 ns, Total: 3042907 ns
[2020-09-11T14:10:42.115+0000][1][safepoint    ] Safepoint "RevokeBias", Time since last: 2257296 ns, Reaching safepoint: 120351 ns, At safepoint: 14222027 ns, Total: 14342378 ns
[2020-09-11T14:10:42.115+0000][1][safepoint    ] Safepoint "RevokeBias", Time since last: 84581 ns, Reaching safepoint: 562744 ns, At safepoint: 14725 ns, Total: 577469 ns
[2020-09-11T14:10:42.123+0000][1][safepoint    ] Safepoint "RevokeBias", Time since last: 610428 ns, Reaching safepoint: 7272626 ns, At safepoint: 90083 ns, Total: 7362709 ns
[2020-09-11T14:10:42.125+0000][1][safepoint    ] Safepoint "RevokeBias", Time since last: 781035 ns, Reaching safepoint: 976461 ns, At safepoint: 11110 ns, Total: 987571 ns
[2020-09-11T14:10:42.126+0000][1][safepoint    ] Safepoint "RevokeBias", Time since last: 168689 ns, Reaching safepoint: 148451 ns, At safepoint: 34565 ns, Total: 183016 ns
[2020-09-11T14:10:42.127+0000][1][safepoint    ] Safepoint "RevokeBias", Time since last: 145105 ns, Reaching safepoint: 723616 ns, At safepoint: 47140 ns, Total: 770756 ns
[2020-09-11T14:10:42.141+0000][1][safepoint    ] Safepoint "RevokeBias", Time since last: 6473255 ns, Reaching safepoint: 137086 ns, At safepoint: 7452745 ns, Total: 7589831 ns
[2020-09-11T14:10:42.151+0000][1][safepoint    ] Safepoint "RevokeBias", Time since last: 10596851 ns, Reaching safepoint: 142629 ns, At safepoint: 22623 ns, Total: 165252 ns
[2020-09-11T14:10:42.288+0000][1][safepoint    ] Safepoint "BulkRevokeBias", Time since last: 136784023 ns, Reaching safepoint: 261495 ns, At safepoint: 96375 ns, Total: 357870 ns
[2020-09-11T14:10:42.289+0000][1][safepoint    ] Safepoint "RevokeBias", Time since last: 328112 ns, Reaching safepoint: 86638 ns, At safepoint: 6346 ns, Total: 92984 ns
[2020-09-11T14:10:42.348+0000][1][safepoint    ] Safepoint "RevokeBias", Time since last: 58953975 ns, Reaching safepoint: 547227 ns, At safepoint: 15942 ns, Total: 563169 ns
[2020-09-11T14:10:42.355+0000][1][safepoint    ] Safepoint "RevokeBias", Time since last: 450232 ns, Reaching safepoint: 6585356 ns, At safepoint: 12178 ns, Total: 6597534 ns
[2020-09-11T14:10:42.359+0000][1][safepoint    ] Safepoint "RevokeBias", Time since last: 696165 ns, Reaching safepoint: 2897316 ns, At safepoint: 7514 ns, Total: 2904830 ns
[2020-09-11T14:10:42.368+0000][1][safepoint    ] Safepoint "BulkRevokeBias", Time since last: 5325376 ns, Reaching safepoint: 3053235 ns, At safepoint: 88878 ns, Total: 3142113 ns
[2020-09-11T14:10:42.391+0000][1][safepoint    ] Safepoint "RevokeBias", Time since last: 20192289 ns, Reaching safepoint: 3719965 ns, At safepoint: 11800 ns, Total: 3731765 ns
[2020-09-11T14:10:42.424+0000][1][safepoint    ] Safepoint "RevokeBias", Time since last: 31967317 ns, Reaching safepoint: 113324 ns, At safepoint: 9070 ns, Total: 122394 ns
[2020-09-11T14:10:42.424+0000][1][safepoint    ] Safepoint "RevokeBias", Time since last: 166308 ns, Reaching safepoint: 93686 ns, At safepoint: 6455 ns, Total: 100141 ns
[2020-09-11T14:10:42.440+0000][1][safepoint    ] Safepoint "RevokeBias", Time since last: 15616746 ns, Reaching safepoint: 106946 ns, At safepoint: 22450 ns, Total: 129396 ns
[2020-09-11T14:10:42.464+0000][1][safepoint    ] Safepoint "RevokeBias", Time since last: 24533371 ns, Reaching safepoint: 309930 ns, At safepoint: 9250 ns, Total: 319180 ns
[2020-09-11T14:10:42.476+0000][1][gc,heap,exit ] Heap
[2020-09-11T14:10:42.476+0000][1][gc,heap,exit ]  par new generation   total 76672K, used 45981K [0x00000000e0000000, 0x00000000e5330000, 0x00000000e5330000)
[2020-09-11T14:10:42.476+0000][1][gc,heap,exit ]   eden space 68160K,  56% used [0x00000000e0000000, 0x00000000e25d29c0, 0x00000000e4290000)
[2020-09-11T14:10:42.476+0000][1][gc,heap,exit ]   from space 8512K,  85% used [0x00000000e4290000, 0x00000000e49a4dd0, 0x00000000e4ae0000)
[2020-09-11T14:10:42.476+0000][1][gc,heap,exit ]   to   space 8512K,   0% used [0x00000000e4ae0000, 0x00000000e4ae0000, 0x00000000e5330000)
[2020-09-11T14:10:42.476+0000][1][gc,heap,exit ]  concurrent mark-sweep generation total 439104K, used 62674K [0x00000000e5330000, 0x0000000100000000, 0x0000000100000000)
[2020-09-11T14:10:42.476+0000][1][gc,heap,exit ]  Metaspace       used 78970K, capacity 85101K, committed 85448K, reserved 1122304K
[2020-09-11T14:10:42.476+0000][1][gc,heap,exit ]   class space    used 10524K, capacity 12996K, committed 13096K, reserved 1048576K
