[2020-09-12T12:28:05.871+0000][1][gc] Using Concurrent Mark Sweep
[2020-09-12T12:28:05.871+0000][1][gc,heap,coops] Heap address: 0x00000000e0000000, size: 512 MB, Compressed Oops mode: 32-bit
[2020-09-12T12:28:06.045+0000][1][safepoint    ] Safepoint "EnableBiasedLocking", Time since last: 156627661 ns, Reaching safepoint: 1561814 ns, At safepoint: 47346 ns, Total: 1609160 ns
[2020-09-12T12:28:06.062+0000][1][safepoint    ] Safepoint "RevokeBias", Time since last: 16077893 ns, Reaching safepoint: 402052 ns, At safepoint: 51565 ns, Total: 453617 ns
[2020-09-12T12:28:06.104+0000][1][safepoint    ] Safepoint "Deoptimize", Time since last: 42725640 ns, Reaching safepoint: 96058 ns, At safepoint: 25675 ns, Total: 121733 ns
[2020-09-12T12:28:06.573+0000][1][safepoint    ] Safepoint "RevokeBias", Time since last: 467723543 ns, Reaching safepoint: 1071953 ns, At safepoint: 42141 ns, Total: 1114094 ns
[2020-09-12T12:28:06.607+0000][1][safepoint    ] Safepoint "Deoptimize", Time since last: 33269207 ns, Reaching safepoint: 99665 ns, At safepoint: 33859 ns, Total: 133524 ns
[2020-09-12T12:28:06.741+0000][1][safepoint    ] Safepoint "Deoptimize", Time since last: 129522043 ns, Reaching safepoint: 4516220 ns, At safepoint: 47102 ns, Total: 4563322 ns
[2020-09-12T12:28:07.571+0000][1][safepoint    ] Safepoint "Deoptimize", Time since last: 821713808 ns, Reaching safepoint: 8796368 ns, At safepoint: 69498 ns, Total: 8865866 ns
[2020-09-12T12:28:07.784+0000][1][safepoint    ] Safepoint "Deoptimize", Time since last: 212499416 ns, Reaching safepoint: 35396 ns, At safepoint: 96827 ns, Total: 132223 ns
[2020-09-12T12:28:07.886+0000][1][safepoint    ] Safepoint "Deoptimize", Time since last: 102234440 ns, Reaching safepoint: 30656 ns, At safepoint: 71059 ns, Total: 101715 ns
[2020-09-12T12:28:08.630+0000][1][safepoint    ] Safepoint "Deoptimize", Time since last: 743431437 ns, Reaching safepoint: 67237 ns, At safepoint: 92271 ns, Total: 159508 ns
[2020-09-12T12:28:09.507+0000][1][safepoint    ] Safepoint "Deoptimize", Time since last: 870822015 ns, Reaching safepoint: 6696874 ns, At safepoint: 98380 ns, Total: 6795254 ns
[2020-09-12T12:28:10.508+0000][1][safepoint    ] Safepoint "Cleanup", Time since last: 1000121242 ns, Reaching safepoint: 60273 ns, At safepoint: 7195 ns, Total: 67468 ns
[2020-09-12T12:28:10.573+0000][1][safepoint    ] Safepoint "Deoptimize", Time since last: 63913565 ns, Reaching safepoint: 937142 ns, At safepoint: 150496 ns, Total: 1087638 ns
[2020-09-12T12:28:10.576+0000][1][safepoint    ] Safepoint "Deoptimize", Time since last: 2865657 ns, Reaching safepoint: 180629 ns, At safepoint: 109386 ns, Total: 290015 ns
[2020-09-12T12:28:11.576+0000][1][safepoint    ] Safepoint "Cleanup", Time since last: 1000109744 ns, Reaching safepoint: 63609 ns, At safepoint: 7169 ns, Total: 70778 ns
[2020-09-12T12:28:11.603+0000][1][safepoint    ] Safepoint "Deoptimize", Time since last: 26245939 ns, Reaching safepoint: 398370 ns, At safepoint: 130580 ns, Total: 528950 ns
[2020-09-12T12:28:11.610+0000][1][safepoint    ] Safepoint "Deoptimize", Time since last: 5598734 ns, Reaching safepoint: 1311746 ns, At safepoint: 326277 ns, Total: 1638023 ns
[2020-09-12T12:28:11.679+0000][1][safepoint    ] Safepoint "RevokeBias", Time since last: 69126724 ns, Reaching safepoint: 23185 ns, At safepoint: 32154 ns, Total: 55339 ns
[2020-09-12T12:28:11.680+0000][1][safepoint    ] Safepoint "RevokeBias", Time since last: 376567 ns, Reaching safepoint: 12722 ns, At safepoint: 22505 ns, Total: 35227 ns
[2020-09-12T12:28:11.685+0000][1][safepoint    ] Safepoint "RevokeBias", Time since last: 5083214 ns, Reaching safepoint: 746208 ns, At safepoint: 42667 ns, Total: 788875 ns
[2020-09-12T12:28:11.686+0000][1][safepoint    ] Safepoint "RevokeBias", Time since last: 242044 ns, Reaching safepoint: 15109 ns, At safepoint: 12362 ns, Total: 27471 ns
[2020-09-12T12:28:11.691+0000][1][safepoint    ] Safepoint "RevokeBias", Time since last: 4895980 ns, Reaching safepoint: 21661 ns, At safepoint: 29630 ns, Total: 51291 ns
[2020-09-12T12:28:12.691+0000][1][safepoint    ] Safepoint "Cleanup", Time since last: 1000138501 ns, Reaching safepoint: 77465 ns, At safepoint: 11360 ns, Total: 88825 ns
[2020-09-12T12:28:20.693+0000][1][safepoint    ] Safepoint "Cleanup", Time since last: 8002069525 ns, Reaching safepoint: 238591 ns, At safepoint: 14875 ns, Total: 253466 ns
[2020-09-12T12:28:21.694+0000][1][safepoint    ] Safepoint "Cleanup", Time since last: 1000127595 ns, Reaching safepoint: 141199 ns, At safepoint: 9104 ns, Total: 150303 ns
[2020-09-12T12:28:22.302+0000][1][safepoint    ] Safepoint "Deoptimize", Time since last: 607601686 ns, Reaching safepoint: 269886 ns, At safepoint: 187220 ns, Total: 457106 ns
[2020-09-12T12:28:22.450+0000][1][safepoint    ] Safepoint "RevokeBias", Time since last: 148055972 ns, Reaching safepoint: 390717 ns, At safepoint: 50429 ns, Total: 441146 ns
[2020-09-12T12:28:23.450+0000][1][safepoint    ] Safepoint "Cleanup", Time since last: 1000294060 ns, Reaching safepoint: 72686 ns, At safepoint: 9390 ns, Total: 82076 ns
[2020-09-12T12:28:24.451+0000][1][safepoint    ] Safepoint "Cleanup", Time since last: 1000178621 ns, Reaching safepoint: 80327 ns, At safepoint: 9588 ns, Total: 89915 ns
[2020-09-12T12:28:25.504+0000][1][safepoint    ] Safepoint "RevokeBias", Time since last: 1052872766 ns, Reaching safepoint: 113194 ns, At safepoint: 36072 ns, Total: 149266 ns
[2020-09-12T12:28:25.504+0000][1][safepoint    ] Safepoint "RevokeBias", Time since last: 60943 ns, Reaching safepoint: 87245 ns, At safepoint: 19700 ns, Total: 106945 ns
[2020-09-12T12:28:25.504+0000][1][safepoint    ] Safepoint "RevokeBias", Time since last: 77547 ns, Reaching safepoint: 87706 ns, At safepoint: 19184 ns, Total: 106890 ns
[2020-09-12T12:28:25.504+0000][1][safepoint    ] Safepoint "RevokeBias", Time since last: 98707 ns, Reaching safepoint: 88955 ns, At safepoint: 19491 ns, Total: 108446 ns
[2020-09-12T12:28:25.504+0000][1][safepoint    ] Safepoint "RevokeBias", Time since last: 33897 ns, Reaching safepoint: 84465 ns, At safepoint: 18415 ns, Total: 102880 ns
[2020-09-12T12:28:25.505+0000][1][safepoint    ] Safepoint "RevokeBias", Time since last: 35907 ns, Reaching safepoint: 85143 ns, At safepoint: 18051 ns, Total: 103194 ns
[2020-09-12T12:28:25.505+0000][1][safepoint    ] Safepoint "RevokeBias", Time since last: 61873 ns, Reaching safepoint: 85275 ns, At safepoint: 18277 ns, Total: 103552 ns
[2020-09-12T12:28:25.505+0000][1][safepoint    ] Safepoint "RevokeBias", Time since last: 432097 ns, Reaching safepoint: 89886 ns, At safepoint: 21230 ns, Total: 111116 ns
[2020-09-12T12:28:25.506+0000][1][safepoint    ] Safepoint "RevokeBias", Time since last: 337203 ns, Reaching safepoint: 93334 ns, At safepoint: 21576 ns, Total: 114910 ns
[2020-09-12T12:28:25.506+0000][1][safepoint    ] Safepoint "RevokeBias", Time since last: 311938 ns, Reaching safepoint: 88969 ns, At safepoint: 21793 ns, Total: 110762 ns
[2020-09-12T12:28:25.535+0000][1][safepoint    ] Safepoint "RevokeBias", Time since last: 29070358 ns, Reaching safepoint: 113836 ns, At safepoint: 33268 ns, Total: 147104 ns
[2020-09-12T12:28:26.150+0000][1][safepoint    ] Safepoint "RevokeBias", Time since last: 614971508 ns, Reaching safepoint: 34380 ns, At safepoint: 82180 ns, Total: 116560 ns
[2020-09-12T12:28:26.945+0000][1][safepoint    ] Safepoint "RevokeBias", Time since last: 794569016 ns, Reaching safepoint: 169185 ns, At safepoint: 11398 ns, Total: 180583 ns
[2020-09-12T12:28:26.945+0000][1][safepoint    ] Safepoint "RevokeBias", Time since last: 81897 ns, Reaching safepoint: 126903 ns, At safepoint: 8364 ns, Total: 135267 ns
[2020-09-12T12:28:26.946+0000][1][safepoint    ] Safepoint "RevokeBias", Time since last: 137798 ns, Reaching safepoint: 244279 ns, At safepoint: 30203 ns, Total: 274482 ns
[2020-09-12T12:28:27.170+0000][1][gc,start     ] GC(0) Pause Young (Allocation Failure)
[2020-09-12T12:28:27.170+0000][1][gc,task      ] GC(0) Using 2 workers of 2 for evacuation
[2020-09-12T12:28:27.214+0000][1][gc,age       ] GC(0) Desired survivor size 8716288 bytes, new threshold 1 (max threshold 6)
[2020-09-12T12:28:27.214+0000][1][gc,age       ] GC(0) Age table with threshold 1 (max threshold 6)
[2020-09-12T12:28:27.214+0000][1][gc,age       ] GC(0) - age   1:    8761032 bytes,    8761032 total
[2020-09-12T12:28:27.214+0000][1][gc,heap      ] GC(0) ParNew: 136320K->8605K(153344K)
[2020-09-12T12:28:27.214+0000][1][gc,heap      ] GC(0) CMS: 0K->0K(353920K)
[2020-09-12T12:28:27.214+0000][1][gc,metaspace ] GC(0) Metaspace: 15929K->15929K(1064960K)
[2020-09-12T12:28:27.214+0000][1][gc           ] GC(0) Pause Young (Allocation Failure) 133M->8M(495M) 44.685ms
[2020-09-12T12:28:27.214+0000][1][gc,cpu       ] GC(0) User=0.02s Sys=0.00s Real=0.04s
[2020-09-12T12:28:27.215+0000][1][safepoint    ] Safepoint "GenCollectForAllocation", Time since last: 223868578 ns, Reaching safepoint: 42150 ns, At safepoint: 44739349 ns, Total: 44781499 ns
[2020-09-12T12:28:27.226+0000][1][safepoint    ] Safepoint "BulkRevokeBias", Time since last: 10865044 ns, Reaching safepoint: 588629 ns, At safepoint: 197322 ns, Total: 785951 ns
[2020-09-12T12:28:27.230+0000][1][safepoint    ] Safepoint "RevokeBias", Time since last: 1269508 ns, Reaching safepoint: 2328885 ns, At safepoint: 60634 ns, Total: 2389519 ns
[2020-09-12T12:28:27.237+0000][1][safepoint    ] Safepoint "RevokeBias", Time since last: 98427 ns, Reaching safepoint: 6768009 ns, At safepoint: 64033 ns, Total: 6832042 ns
[2020-09-12T12:28:27.238+0000][1][safepoint    ] Safepoint "RevokeBias", Time since last: 693252 ns, Reaching safepoint: 342466 ns, At safepoint: 46123 ns, Total: 388589 ns
[2020-09-12T12:28:27.238+0000][1][safepoint    ] Safepoint "RevokeBias", Time since last: 215140 ns, Reaching safepoint: 99102 ns, At safepoint: 39041 ns, Total: 138143 ns
[2020-09-12T12:28:27.241+0000][1][safepoint    ] Safepoint "RevokeBias", Time since last: 1831652 ns, Reaching safepoint: 679981 ns, At safepoint: 46805 ns, Total: 726786 ns
[2020-09-12T12:28:27.245+0000][1][safepoint    ] Safepoint "RevokeBias", Time since last: 3064905 ns, Reaching safepoint: 889407 ns, At safepoint: 47517 ns, Total: 936924 ns
[2020-09-12T12:28:27.246+0000][1][safepoint    ] Safepoint "RevokeBias", Time since last: 87050 ns, Reaching safepoint: 1052146 ns, At safepoint: 33236 ns, Total: 1085382 ns
[2020-09-12T12:28:27.246+0000][1][safepoint    ] Safepoint "RevokeBias", Time since last: 53926 ns, Reaching safepoint: 90429 ns, At safepoint: 24939 ns, Total: 115368 ns
[2020-09-12T12:28:27.246+0000][1][safepoint    ] Safepoint "RevokeBias", Time since last: 51341 ns, Reaching safepoint: 87044 ns, At safepoint: 22796 ns, Total: 109840 ns
[2020-09-12T12:28:27.246+0000][1][safepoint    ] Safepoint "RevokeBias", Time since last: 55918 ns, Reaching safepoint: 86715 ns, At safepoint: 20534 ns, Total: 107249 ns
[2020-09-12T12:28:27.247+0000][1][safepoint    ] Safepoint "RevokeBias", Time since last: 41617 ns, Reaching safepoint: 109298 ns, At safepoint: 22417 ns, Total: 131715 ns
[2020-09-12T12:28:27.247+0000][1][safepoint    ] Safepoint "RevokeBias", Time since last: 49294 ns, Reaching safepoint: 112430 ns, At safepoint: 31942 ns, Total: 144372 ns
[2020-09-12T12:28:27.253+0000][1][safepoint    ] Safepoint "RevokeBias", Time since last: 1149400 ns, Reaching safepoint: 4781342 ns, At safepoint: 63954 ns, Total: 4845296 ns
[2020-09-12T12:28:27.256+0000][1][safepoint    ] Safepoint "RevokeBias", Time since last: 1016847 ns, Reaching safepoint: 1242301 ns, At safepoint: 901016 ns, Total: 2143317 ns
[2020-09-12T12:28:27.256+0000][1][safepoint    ] Safepoint "RevokeBias", Time since last: 76615 ns, Reaching safepoint: 20994 ns, At safepoint: 31687 ns, Total: 52681 ns
[2020-09-12T12:28:27.257+0000][1][safepoint    ] Safepoint "RevokeBias", Time since last: 32504 ns, Reaching safepoint: 994552 ns, At safepoint: 103439 ns, Total: 1097991 ns
[2020-09-12T12:28:27.260+0000][1][safepoint    ] Safepoint "RevokeBias", Time since last: 58468 ns, Reaching safepoint: 2242962 ns, At safepoint: 119402 ns, Total: 2362364 ns
[2020-09-12T12:28:27.260+0000][1][safepoint    ] Safepoint "RevokeBias", Time since last: 58660 ns, Reaching safepoint: 91146 ns, At safepoint: 29492 ns, Total: 120638 ns
[2020-09-12T12:28:27.260+0000][1][safepoint    ] Safepoint "RevokeBias", Time since last: 64470 ns, Reaching safepoint: 86660 ns, At safepoint: 22149 ns, Total: 108809 ns
[2020-09-12T12:28:27.260+0000][1][safepoint    ] Safepoint "RevokeBias", Time since last: 33850 ns, Reaching safepoint: 86213 ns, At safepoint: 22386 ns, Total: 108599 ns
[2020-09-12T12:28:27.260+0000][1][safepoint    ] Safepoint "RevokeBias", Time since last: 136225 ns, Reaching safepoint: 89967 ns, At safepoint: 28076 ns, Total: 118043 ns
[2020-09-12T12:28:27.261+0000][1][safepoint    ] Safepoint "RevokeBias", Time since last: 34380 ns, Reaching safepoint: 279092 ns, At safepoint: 35054 ns, Total: 314146 ns
[2020-09-12T12:28:27.262+0000][1][safepoint    ] Safepoint "RevokeBias", Time since last: 602372 ns, Reaching safepoint: 923971 ns, At safepoint: 49464 ns, Total: 973435 ns
[2020-09-12T12:28:27.269+0000][1][safepoint    ] Safepoint "RevokeBias", Time since last: 6791838 ns, Reaching safepoint: 107844 ns, At safepoint: 43091 ns, Total: 150935 ns
[2020-09-12T12:28:27.269+0000][1][safepoint    ] Safepoint "RevokeBias", Time since last: 67093 ns, Reaching safepoint: 126556 ns, At safepoint: 26611 ns, Total: 153167 ns
[2020-09-12T12:28:27.284+0000][1][safepoint    ] Safepoint "RevokeBias", Time since last: 2990389 ns, Reaching safepoint: 10399131 ns, At safepoint: 1479133 ns, Total: 11878264 ns
[2020-09-12T12:28:27.285+0000][1][safepoint    ] Safepoint "RevokeBias", Time since last: 94591 ns, Reaching safepoint: 244590 ns, At safepoint: 48245 ns, Total: 292835 ns
[2020-09-12T12:28:27.286+0000][1][safepoint    ] Safepoint "RevokeBias", Time since last: 28951 ns, Reaching safepoint: 115899 ns, At safepoint: 737589 ns, Total: 853488 ns
[2020-09-12T12:28:27.286+0000][1][safepoint    ] Safepoint "RevokeBias", Time since last: 165896 ns, Reaching safepoint: 21919 ns, At safepoint: 51431 ns, Total: 73350 ns
[2020-09-12T12:28:27.286+0000][1][safepoint    ] Safepoint "RevokeBias", Time since last: 29113 ns, Reaching safepoint: 13968 ns, At safepoint: 36304 ns, Total: 50272 ns
[2020-09-12T12:28:27.287+0000][1][safepoint    ] Safepoint "RevokeBias", Time since last: 31257 ns, Reaching safepoint: 863834 ns, At safepoint: 48573 ns, Total: 912407 ns
[2020-09-12T12:28:27.287+0000][1][safepoint    ] Safepoint "RevokeBias", Time since last: 65746 ns, Reaching safepoint: 130755 ns, At safepoint: 74649 ns, Total: 205404 ns
[2020-09-12T12:28:27.287+0000][1][safepoint    ] Safepoint "RevokeBias", Time since last: 42282 ns, Reaching safepoint: 135385 ns, At safepoint: 53201 ns, Total: 188586 ns
[2020-09-12T12:28:27.288+0000][1][safepoint    ] Safepoint "RevokeBias", Time since last: 26772 ns, Reaching safepoint: 196317 ns, At safepoint: 49028 ns, Total: 245345 ns
[2020-09-12T12:28:27.288+0000][1][safepoint    ] Safepoint "BulkRevokeBias", Time since last: 33672 ns, Reaching safepoint: 161912 ns, At safepoint: 63418 ns, Total: 225330 ns
[2020-09-12T12:28:27.288+0000][1][safepoint    ] Safepoint "BulkRevokeBias", Time since last: 26280 ns, Reaching safepoint: 11148 ns, At safepoint: 54825 ns, Total: 65973 ns
[2020-09-12T12:28:27.288+0000][1][safepoint    ] Safepoint "RevokeBias", Time since last: 39156 ns, Reaching safepoint: 190011 ns, At safepoint: 38569 ns, Total: 228580 ns
[2020-09-12T12:28:27.290+0000][1][safepoint    ] Safepoint "RevokeBias", Time since last: 1591674 ns, Reaching safepoint: 15841 ns, At safepoint: 20394 ns, Total: 36235 ns
[2020-09-12T12:28:27.323+0000][1][safepoint    ] Safepoint "RevokeBias", Time since last: 32843757 ns, Reaching safepoint: 124712 ns, At safepoint: 15344 ns, Total: 140056 ns
[2020-09-12T12:28:27.325+0000][1][safepoint    ] Safepoint "RevokeBias", Time since last: 1899449 ns, Reaching safepoint: 185944 ns, At safepoint: 18992 ns, Total: 204936 ns
[2020-09-12T12:28:27.965+0000][1][safepoint    ] Safepoint "Deoptimize", Time since last: 639918605 ns, Reaching safepoint: 78520 ns, At safepoint: 190773 ns, Total: 269293 ns
[2020-09-12T12:28:28.699+0000][1][safepoint    ] Safepoint "Deoptimize", Time since last: 733914176 ns, Reaching safepoint: 132939 ns, At safepoint: 193370 ns, Total: 326309 ns
[2020-09-12T12:28:28.749+0000][1][safepoint    ] Safepoint "Deoptimize", Time since last: 49280532 ns, Reaching safepoint: 51409 ns, At safepoint: 275773 ns, Total: 327182 ns
[2020-09-12T12:28:29.451+0000][1][safepoint    ] Safepoint "Deoptimize", Time since last: 701430785 ns, Reaching safepoint: 49853 ns, At safepoint: 195297 ns, Total: 245150 ns
[2020-09-12T12:28:29.457+0000][1][safepoint    ] Safepoint "RevokeBias", Time since last: 6018787 ns, Reaching safepoint: 34412 ns, At safepoint: 66286 ns, Total: 100698 ns
[2020-09-12T12:28:29.471+0000][1][safepoint    ] Safepoint "Deoptimize", Time since last: 14054084 ns, Reaching safepoint: 33631 ns, At safepoint: 317043 ns, Total: 350674 ns
[2020-09-12T12:28:30.473+0000][1][safepoint    ] Safepoint "Cleanup", Time since last: 1000640633 ns, Reaching safepoint: 1111773 ns, At safepoint: 15896 ns, Total: 1127669 ns
[2020-09-12T12:28:31.323+0000][1][gc,start     ] GC(1) Pause Young (Allocation Failure)
[2020-09-12T12:28:31.338+0000][1][gc,task      ] GC(1) Using 2 workers of 2 for evacuation
[2020-09-12T12:28:31.449+0000][1][gc,age       ] GC(1) Desired survivor size 8716288 bytes, new threshold 6 (max threshold 6)
[2020-09-12T12:28:31.449+0000][1][gc,age       ] GC(1) Age table with threshold 6 (max threshold 6)
[2020-09-12T12:28:31.449+0000][1][gc,age       ] GC(1) - age   1:    4026072 bytes,    4026072 total
[2020-09-12T12:28:31.449+0000][1][gc,heap      ] GC(1) ParNew: 144925K->4706K(153344K)
[2020-09-12T12:28:31.449+0000][1][gc,heap      ] GC(1) CMS: 0K->9177K(353920K)
[2020-09-12T12:28:31.449+0000][1][gc,metaspace ] GC(1) Metaspace: 20312K->20312K(1067008K)
[2020-09-12T12:28:31.449+0000][1][gc           ] GC(1) Pause Young (Allocation Failure) 141M->13M(495M) 126.114ms
[2020-09-12T12:28:31.449+0000][1][gc,cpu       ] GC(1) User=0.05s Sys=0.00s Real=0.13s
[2020-09-12T12:28:31.449+0000][1][safepoint    ] Safepoint "GenCollectForAllocation", Time since last: 849467783 ns, Reaching safepoint: 52533 ns, At safepoint: 126195206 ns, Total: 126247739 ns
[2020-09-12T12:28:31.453+0000][1][safepoint    ] Safepoint "RevokeBias", Time since last: 3726057 ns, Reaching safepoint: 542029 ns, At safepoint: 93974 ns, Total: 636003 ns
[2020-09-12T12:28:31.463+0000][1][safepoint    ] Safepoint "RevokeBias", Time since last: 1756922 ns, Reaching safepoint: 8554919 ns, At safepoint: 59864 ns, Total: 8614783 ns
[2020-09-12T12:28:31.464+0000][1][safepoint    ] Safepoint "RevokeBias", Time since last: 109897 ns, Reaching safepoint: 873019 ns, At safepoint: 35999 ns, Total: 909018 ns
[2020-09-12T12:28:31.469+0000][1][safepoint    ] Safepoint "RevokeBias", Time since last: 56350 ns, Reaching safepoint: 4221587 ns, At safepoint: 45721 ns, Total: 4267308 ns
[2020-09-12T12:28:31.469+0000][1][safepoint    ] Safepoint "RevokeBias", Time since last: 95910 ns, Reaching safepoint: 93254 ns, At safepoint: 35966 ns, Total: 129220 ns
[2020-09-12T12:28:31.469+0000][1][safepoint    ] Safepoint "RevokeBias", Time since last: 42315 ns, Reaching safepoint: 94789 ns, At safepoint: 70553 ns, Total: 165342 ns
[2020-09-12T12:28:31.469+0000][1][safepoint    ] Safepoint "RevokeBias", Time since last: 53125 ns, Reaching safepoint: 90425 ns, At safepoint: 38374 ns, Total: 128799 ns
[2020-09-12T12:28:31.471+0000][1][safepoint    ] Safepoint "RevokeBias", Time since last: 56929 ns, Reaching safepoint: 1659166 ns, At safepoint: 106979 ns, Total: 1766145 ns
[2020-09-12T12:28:31.473+0000][1][safepoint    ] Safepoint "RevokeBias", Time since last: 1888009 ns, Reaching safepoint: 92208 ns, At safepoint: 51165 ns, Total: 143373 ns
[2020-09-12T12:28:31.473+0000][1][safepoint    ] Safepoint "RevokeBias", Time since last: 64145 ns, Reaching safepoint: 122293 ns, At safepoint: 45469 ns, Total: 167762 ns
[2020-09-12T12:28:31.475+0000][1][safepoint    ] Safepoint "RevokeBias", Time since last: 101688 ns, Reaching safepoint: 1054925 ns, At safepoint: 59909 ns, Total: 1114834 ns
[2020-09-12T12:28:31.487+0000][1][safepoint    ] Safepoint "RevokeBias", Time since last: 6348475 ns, Reaching safepoint: 5922254 ns, At safepoint: 45014 ns, Total: 5967268 ns
[2020-09-12T12:28:32.487+0000][1][safepoint    ] Safepoint "Cleanup", Time since last: 1000148922 ns, Reaching safepoint: 46945 ns, At safepoint: 7894 ns, Total: 54839 ns
[2020-09-12T12:28:32.895+0000][1][safepoint    ] Safepoint "CollectForMetadataAllocation", Time since last: 407996622 ns, Reaching safepoint: 89684 ns, At safepoint: 154399 ns, Total: 244083 ns
[2020-09-12T12:28:32.972+0000][1][safepoint    ] Safepoint "RevokeBias", Time since last: 76843569 ns, Reaching safepoint: 111771 ns, At safepoint: 17189 ns, Total: 128960 ns
[2020-09-12T12:28:33.142+0000][1][safepoint    ] Safepoint "CollectForMetadataAllocation", Time since last: 169272762 ns, Reaching safepoint: 155008 ns, At safepoint: 139737 ns, Total: 294745 ns
[2020-09-12T12:28:33.161+0000][1][safepoint    ] Safepoint "RevokeBias", Time since last: 18628575 ns, Reaching safepoint: 72766 ns, At safepoint: 20164 ns, Total: 92930 ns
[2020-09-12T12:28:33.234+0000][1][safepoint    ] Safepoint "CollectForMetadataAllocation", Time since last: 72875963 ns, Reaching safepoint: 97843 ns, At safepoint: 118515 ns, Total: 216358 ns
[2020-09-12T12:28:33.450+0000][1][gc,start     ] GC(2) Pause Initial Mark
[2020-09-12T12:28:33.519+0000][1][gc           ] GC(2) Pause Initial Mark 118M->118M(495M) 68.930ms
[2020-09-12T12:28:33.519+0000][1][gc,cpu       ] GC(2) User=0.04s Sys=0.00s Real=0.06s
[2020-09-12T12:28:33.519+0000][1][safepoint    ] Safepoint "CMS_Initial_Mark", Time since last: 216363287 ns, Reaching safepoint: 40928 ns, At safepoint: 69015536 ns, Total: 69056464 ns
[2020-09-12T12:28:33.519+0000][1][gc           ] GC(2) Concurrent Mark
[2020-09-12T12:28:33.580+0000][1][gc           ] GC(2) Concurrent Mark 61.139ms
[2020-09-12T12:28:33.580+0000][1][gc,cpu       ] GC(2) User=0.02s Sys=0.01s Real=0.06s
[2020-09-12T12:28:33.580+0000][1][gc           ] GC(2) Concurrent Preclean
[2020-09-12T12:28:33.581+0000][1][gc           ] GC(2) Concurrent Preclean 0.810ms
[2020-09-12T12:28:33.581+0000][1][gc,cpu       ] GC(2) User=0.00s Sys=0.00s Real=0.01s
[2020-09-12T12:28:33.581+0000][1][gc           ] GC(2) Concurrent Abortable Preclean
[2020-09-12T12:28:33.938+0000][1][safepoint    ] Safepoint "Deoptimize", Time since last: 418487405 ns, Reaching safepoint: 109407 ns, At safepoint: 217036 ns, Total: 326443 ns
[2020-09-12T12:28:34.233+0000][1][safepoint    ] Safepoint "Deoptimize", Time since last: 291190178 ns, Reaching safepoint: 3583623 ns, At safepoint: 238398 ns, Total: 3822021 ns
[2020-09-12T12:28:34.330+0000][1][gc,start     ] GC(3) Pause Young (Allocation Failure)
[2020-09-12T12:28:34.330+0000][1][gc,task      ] GC(3) Using 2 workers of 2 for evacuation
[2020-09-12T12:28:34.373+0000][1][gc,age       ] GC(3) Desired survivor size 8716288 bytes, new threshold 6 (max threshold 6)
[2020-09-12T12:28:34.373+0000][1][gc,age       ] GC(3) Age table with threshold 6 (max threshold 6)
[2020-09-12T12:28:34.373+0000][1][gc,age       ] GC(3) - age   1:    3382008 bytes,    3382008 total
[2020-09-12T12:28:34.373+0000][1][gc,age       ] GC(3) - age   2:    2248656 bytes,    5630664 total
[2020-09-12T12:28:34.373+0000][1][gc,heap      ] GC(3) ParNew: 141026K->6168K(153344K)
[2020-09-12T12:28:34.373+0000][1][gc,heap      ] GC(3) CMS: 9177K->9177K(353920K)
[2020-09-12T12:28:34.373+0000][1][gc,metaspace ] GC(3) Metaspace: 21314K->21314K(1069056K)
[2020-09-12T12:28:34.373+0000][1][gc           ] GC(3) Pause Young (Allocation Failure) 146M->14M(495M) 42.433ms
[2020-09-12T12:28:34.373+0000][1][gc,cpu       ] GC(3) User=0.03s Sys=0.00s Real=0.04s
[2020-09-12T12:28:34.373+0000][1][safepoint    ] Safepoint "GenCollectForAllocation", Time since last: 85370124 ns, Reaching safepoint: 11869511 ns, At safepoint: 42488402 ns, Total: 54357913 ns
[2020-09-12T12:28:34.377+0000][1][safepoint    ] Safepoint "BulkRevokeBias", Time since last: 143320 ns, Reaching safepoint: 3802274 ns, At safepoint: 88748 ns, Total: 3891022 ns
[2020-09-12T12:28:34.379+0000][1][safepoint    ] Safepoint "RevokeBias", Time since last: 97062 ns, Reaching safepoint: 2511676 ns, At safepoint: 42145 ns, Total: 2553821 ns
[2020-09-12T12:28:34.380+0000][1][safepoint    ] Safepoint "RevokeBias", Time since last: 244509 ns, Reaching safepoint: 428346 ns, At safepoint: 31217 ns, Total: 459563 ns
[2020-09-12T12:28:34.382+0000][1][safepoint    ] Safepoint "RevokeBias", Time since last: 47677 ns, Reaching safepoint: 1644242 ns, At safepoint: 31187 ns, Total: 1675429 ns
[2020-09-12T12:28:34.382+0000][1][safepoint    ] Safepoint "RevokeBias", Time since last: 54604 ns, Reaching safepoint: 332203 ns, At safepoint: 82855 ns, Total: 415058 ns
[2020-09-12T12:28:34.384+0000][1][safepoint    ] Safepoint "BulkRevokeBias", Time since last: 44672 ns, Reaching safepoint: 1354311 ns, At safepoint: 68880 ns, Total: 1423191 ns
[2020-09-12T12:28:34.392+0000][1][safepoint    ] Safepoint "RevokeBias", Time since last: 1661427 ns, Reaching safepoint: 6111106 ns, At safepoint: 48892 ns, Total: 6159998 ns
[2020-09-12T12:28:34.393+0000][1][safepoint    ] Safepoint "RevokeBias", Time since last: 72648 ns, Reaching safepoint: 993304 ns, At safepoint: 45713 ns, Total: 1039017 ns
[2020-09-12T12:28:34.394+0000][1][safepoint    ] Safepoint "RevokeBias", Time since last: 62864 ns, Reaching safepoint: 1605916 ns, At safepoint: 31051 ns, Total: 1636967 ns
[2020-09-12T12:28:34.395+0000][1][safepoint    ] Safepoint "RevokeBias", Time since last: 52189 ns, Reaching safepoint: 79218 ns, At safepoint: 22310 ns, Total: 101528 ns
[2020-09-12T12:28:34.395+0000][1][safepoint    ] Safepoint "RevokeBias", Time since last: 46798 ns, Reaching safepoint: 90596 ns, At safepoint: 22668 ns, Total: 113264 ns
[2020-09-12T12:28:34.395+0000][1][safepoint    ] Safepoint "RevokeBias", Time since last: 35005 ns, Reaching safepoint: 91063 ns, At safepoint: 22770 ns, Total: 113833 ns
[2020-09-12T12:28:34.395+0000][1][safepoint    ] Safepoint "RevokeBias", Time since last: 49197 ns, Reaching safepoint: 91156 ns, At safepoint: 26317 ns, Total: 117473 ns
[2020-09-12T12:28:34.395+0000][1][safepoint    ] Safepoint "RevokeBias", Time since last: 33011 ns, Reaching safepoint: 147576 ns, At safepoint: 21174 ns, Total: 168750 ns
[2020-09-12T12:28:34.395+0000][1][safepoint    ] Safepoint "RevokeBias", Time since last: 41576 ns, Reaching safepoint: 103637 ns, At safepoint: 21284 ns, Total: 124921 ns
[2020-09-12T12:28:34.398+0000][1][safepoint    ] Safepoint "RevokeBias", Time since last: 33645 ns, Reaching safepoint: 2228232 ns, At safepoint: 36664 ns, Total: 2264896 ns
[2020-09-12T12:28:34.401+0000][1][safepoint    ] Safepoint "RevokeBias", Time since last: 67082 ns, Reaching safepoint: 2858103 ns, At safepoint: 31774 ns, Total: 2889877 ns
[2020-09-12T12:28:34.401+0000][1][safepoint    ] Safepoint "RevokeBias", Time since last: 47524 ns, Reaching safepoint: 93432 ns, At safepoint: 23804 ns, Total: 117236 ns
[2020-09-12T12:28:35.122+0000][1][safepoint    ] Safepoint "CollectForMetadataAllocation", Time since last: 717883155 ns, Reaching safepoint: 3190005 ns, At safepoint: 132123 ns, Total: 3322128 ns
[2020-09-12T12:28:35.225+0000][1][gc           ] GC(2) Concurrent Abortable Preclean 1643.397ms
[2020-09-12T12:28:35.225+0000][1][gc,cpu       ] GC(2) User=0.73s Sys=0.05s Real=1.64s
[2020-09-12T12:28:35.225+0000][1][gc,start     ] GC(2) Pause Remark
[2020-09-12T12:28:35.310+0000][1][gc           ] GC(2) Pause Remark 98M->98M(495M) 84.883ms
[2020-09-12T12:28:35.310+0000][1][gc,cpu       ] GC(2) User=0.03s Sys=0.00s Real=0.09s
[2020-09-12T12:28:35.353+0000][1][safepoint    ] Safepoint "CMS_Final_Remark", Time since last: 102663098 ns, Reaching safepoint: 102079 ns, At safepoint: 127832692 ns, Total: 127934771 ns
[2020-09-12T12:28:35.353+0000][1][gc           ] GC(2) Concurrent Sweep
[2020-09-12T12:28:35.356+0000][1][gc           ] GC(2) Concurrent Sweep 3.443ms
[2020-09-12T12:28:35.356+0000][1][gc,cpu       ] GC(2) User=0.00s Sys=0.00s Real=0.00s
[2020-09-12T12:28:35.356+0000][1][gc           ] GC(2) Concurrent Reset
[2020-09-12T12:28:35.361+0000][1][gc           ] GC(2) Concurrent Reset 4.572ms
[2020-09-12T12:28:35.361+0000][1][gc,cpu       ] GC(2) User=0.00s Sys=0.00s Real=0.01s
[2020-09-12T12:28:35.361+0000][1][gc,heap      ] GC(2) Old: 9177K->9176K(353920K)
[2020-09-12T12:28:35.719+0000][1][gc,start     ] GC(4) Pause Young (Allocation Failure)
[2020-09-12T12:28:35.719+0000][1][gc,task      ] GC(4) Using 2 workers of 2 for evacuation
[2020-09-12T12:28:35.778+0000][1][gc,age       ] GC(4) Desired survivor size 8716288 bytes, new threshold 6 (max threshold 6)
[2020-09-12T12:28:35.778+0000][1][gc,age       ] GC(4) Age table with threshold 6 (max threshold 6)
[2020-09-12T12:28:35.778+0000][1][gc,age       ] GC(4) - age   1:    2534328 bytes,    2534328 total
[2020-09-12T12:28:35.778+0000][1][gc,age       ] GC(4) - age   2:    2836096 bytes,    5370424 total
[2020-09-12T12:28:35.778+0000][1][gc,age       ] GC(4) - age   3:    2240768 bytes,    7611192 total
[2020-09-12T12:28:35.778+0000][1][gc,heap      ] GC(4) ParNew: 142488K->10304K(153344K)
[2020-09-12T12:28:35.778+0000][1][gc,heap      ] GC(4) CMS: 9176K->9176K(353920K)
[2020-09-12T12:28:35.778+0000][1][gc,metaspace ] GC(4) Metaspace: 21429K->21429K(1069056K)
[2020-09-12T12:28:35.778+0000][1][gc           ] GC(4) Pause Young (Allocation Failure) 148M->19M(495M) 58.619ms
[2020-09-12T12:28:35.778+0000][1][gc,cpu       ] GC(4) User=0.02s Sys=0.00s Real=0.06s
[2020-09-12T12:28:35.778+0000][1][safepoint    ] Safepoint "GenCollectForAllocation", Time since last: 361440684 ns, Reaching safepoint: 5078724 ns, At safepoint: 58672271 ns, Total: 63750995 ns
[2020-09-12T12:28:35.781+0000][1][safepoint    ] Safepoint "RevokeBias", Time since last: 102689 ns, Reaching safepoint: 2727819 ns, At safepoint: 47554 ns, Total: 2775373 ns
[2020-09-12T12:28:35.781+0000][1][safepoint    ] Safepoint "RevokeBias", Time since last: 68519 ns, Reaching safepoint: 144928 ns, At safepoint: 51818 ns, Total: 196746 ns
[2020-09-12T12:28:35.781+0000][1][safepoint    ] Safepoint "RevokeBias", Time since last: 49712 ns, Reaching safepoint: 83877 ns, At safepoint: 27365 ns, Total: 111242 ns
[2020-09-12T12:28:35.784+0000][1][safepoint    ] Safepoint "RevokeBias", Time since last: 34853 ns, Reaching safepoint: 2651932 ns, At safepoint: 49377 ns, Total: 2701309 ns
[2020-09-12T12:28:35.784+0000][1][safepoint    ] Safepoint "RevokeBias", Time since last: 82593 ns, Reaching safepoint: 92411 ns, At safepoint: 24387 ns, Total: 116798 ns
[2020-09-12T12:28:35.784+0000][1][safepoint    ] Safepoint "RevokeBias", Time since last: 35999 ns, Reaching safepoint: 83785 ns, At safepoint: 29313 ns, Total: 113098 ns
[2020-09-12T12:28:36.787+0000][1][safepoint    ] Safepoint "Cleanup", Time since last: 1000088039 ns, Reaching safepoint: 2714972 ns, At safepoint: 21249 ns, Total: 2736221 ns
[2020-09-12T12:28:37.128+0000][1][gc,start     ] GC(5) Pause Young (Allocation Failure)
[2020-09-12T12:28:37.128+0000][1][gc,task      ] GC(5) Using 2 workers of 2 for evacuation
[2020-09-12T12:28:37.167+0000][1][gc,age       ] GC(5) Desired survivor size 8716288 bytes, new threshold 6 (max threshold 6)
[2020-09-12T12:28:37.167+0000][1][gc,age       ] GC(5) Age table with threshold 6 (max threshold 6)
[2020-09-12T12:28:37.167+0000][1][gc,age       ] GC(5) - age   1:    2081320 bytes,    2081320 total
[2020-09-12T12:28:37.167+0000][1][gc,age       ] GC(5) - age   2:     488464 bytes,    2569784 total
[2020-09-12T12:28:37.167+0000][1][gc,age       ] GC(5) - age   3:    2829632 bytes,    5399416 total
[2020-09-12T12:28:37.167+0000][1][gc,age       ] GC(5) - age   4:    2240320 bytes,    7639736 total
[2020-09-12T12:28:37.167+0000][1][gc,heap      ] GC(5) ParNew: 146624K->10293K(153344K)
[2020-09-12T12:28:37.167+0000][1][gc,heap      ] GC(5) CMS: 9176K->9176K(353920K)
[2020-09-12T12:28:37.167+0000][1][gc,metaspace ] GC(5) Metaspace: 21843K->21843K(1069056K)
[2020-09-12T12:28:37.167+0000][1][gc           ] GC(5) Pause Young (Allocation Failure) 152M->19M(495M) 39.114ms
[2020-09-12T12:28:37.167+0000][1][gc,cpu       ] GC(5) User=0.02s Sys=0.00s Real=0.04s
[2020-09-12T12:28:37.167+0000][1][safepoint    ] Safepoint "GenCollectForAllocation", Time since last: 341034857 ns, Reaching safepoint: 45085 ns, At safepoint: 39165444 ns, Total: 39210529 ns
[2020-09-12T12:28:37.177+0000][1][safepoint    ] Safepoint "RevokeBias", Time since last: 5565708 ns, Reaching safepoint: 3806481 ns, At safepoint: 47493 ns, Total: 3853974 ns
[2020-09-12T12:28:37.186+0000][1][safepoint    ] Safepoint "RevokeBias", Time since last: 9567078 ns, Reaching safepoint: 30866 ns, At safepoint: 39303 ns, Total: 70169 ns
[2020-09-12T12:28:37.189+0000][1][safepoint    ] Safepoint "BulkRevokeBias", Time since last: 2321126 ns, Reaching safepoint: 39143 ns, At safepoint: 58046 ns, Total: 97189 ns
[2020-09-12T12:28:37.195+0000][1][safepoint    ] Safepoint "BulkRevokeBias", Time since last: 6050778 ns, Reaching safepoint: 47019 ns, At safepoint: 81325 ns, Total: 128344 ns
[2020-09-12T12:28:38.197+0000][1][safepoint    ] Safepoint "Cleanup", Time since last: 1001724084 ns, Reaching safepoint: 184689 ns, At safepoint: 9748 ns, Total: 194437 ns
[2020-09-12T12:28:38.522+0000][1][gc,start     ] GC(6) Pause Young (Allocation Failure)
[2020-09-12T12:28:38.522+0000][1][gc,task      ] GC(6) Using 2 workers of 2 for evacuation
[2020-09-12T12:28:38.561+0000][1][gc,age       ] GC(6) Desired survivor size 8716288 bytes, new threshold 6 (max threshold 6)
[2020-09-12T12:28:38.561+0000][1][gc,age       ] GC(6) Age table with threshold 6 (max threshold 6)
[2020-09-12T12:28:38.561+0000][1][gc,age       ] GC(6) - age   1:    1121704 bytes,    1121704 total
[2020-09-12T12:28:38.561+0000][1][gc,age       ] GC(6) - age   2:    1315824 bytes,    2437528 total
[2020-09-12T12:28:38.561+0000][1][gc,age       ] GC(6) - age   3:     488320 bytes,    2925848 total
[2020-09-12T12:28:38.561+0000][1][gc,age       ] GC(6) - age   4:    2828008 bytes,    5753856 total
[2020-09-12T12:28:38.561+0000][1][gc,age       ] GC(6) - age   5:    2239552 bytes,    7993408 total
[2020-09-12T12:28:38.561+0000][1][gc,heap      ] GC(6) ParNew: 146613K->10966K(153344K)
[2020-09-12T12:28:38.561+0000][1][gc,heap      ] GC(6) CMS: 9176K->9176K(353920K)
[2020-09-12T12:28:38.562+0000][1][gc,metaspace ] GC(6) Metaspace: 22775K->22775K(1071104K)
[2020-09-12T12:28:38.562+0000][1][gc           ] GC(6) Pause Young (Allocation Failure) 152M->19M(495M) 39.258ms
[2020-09-12T12:28:38.562+0000][1][gc,cpu       ] GC(6) User=0.01s Sys=0.01s Real=0.04s
[2020-09-12T12:28:38.562+0000][1][safepoint    ] Safepoint "GenCollectForAllocation", Time since last: 325357381 ns, Reaching safepoint: 28481 ns, At safepoint: 39312098 ns, Total: 39340579 ns
[2020-09-12T12:28:38.951+0000][1][safepoint    ] Safepoint "RevokeBias", Time since last: 389357294 ns, Reaching safepoint: 40444 ns, At safepoint: 18233 ns, Total: 58677 ns
[2020-09-12T12:28:38.962+0000][1][safepoint    ] Safepoint "RevokeBias", Time since last: 11425283 ns, Reaching safepoint: 32169 ns, At safepoint: 21118 ns, Total: 53287 ns
[2020-09-12T12:28:39.499+0000][1][gc,start     ] GC(7) Pause Young (Allocation Failure)
[2020-09-12T12:28:39.499+0000][1][gc,task      ] GC(7) Using 2 workers of 2 for evacuation
[2020-09-12T12:28:39.562+0000][1][gc,age       ] GC(7) Desired survivor size 8716288 bytes, new threshold 6 (max threshold 6)
[2020-09-12T12:28:39.562+0000][1][gc,age       ] GC(7) Age table with threshold 6 (max threshold 6)
[2020-09-12T12:28:39.562+0000][1][gc,age       ] GC(7) - age   1:    1257160 bytes,    1257160 total
[2020-09-12T12:28:39.562+0000][1][gc,age       ] GC(7) - age   2:     755504 bytes,    2012664 total
[2020-09-12T12:28:39.562+0000][1][gc,age       ] GC(7) - age   3:    1315800 bytes,    3328464 total
[2020-09-12T12:28:39.562+0000][1][gc,age       ] GC(7) - age   4:     487600 bytes,    3816064 total
[2020-09-12T12:28:39.562+0000][1][gc,age       ] GC(7) - age   5:    2827752 bytes,    6643816 total
[2020-09-12T12:28:39.562+0000][1][gc,age       ] GC(7) - age   6:    2239520 bytes,    8883336 total
[2020-09-12T12:28:39.564+0000][1][gc,heap      ] GC(7) ParNew: 147286K->11523K(153344K)
[2020-09-12T12:28:39.564+0000][1][gc,heap      ] GC(7) CMS: 9176K->9176K(353920K)
[2020-09-12T12:28:39.564+0000][1][gc,metaspace ] GC(7) Metaspace: 22953K->22953K(1071104K)
[2020-09-12T12:28:39.564+0000][1][gc           ] GC(7) Pause Young (Allocation Failure) 152M->20M(495M) 64.902ms
[2020-09-12T12:28:39.564+0000][1][gc,cpu       ] GC(7) User=0.02s Sys=0.00s Real=0.07s
[2020-09-12T12:28:39.564+0000][1][safepoint    ] Safepoint "GenCollectForAllocation", Time since last: 536856623 ns, Reaching safepoint: 35079 ns, At safepoint: 64954849 ns, Total: 64989928 ns
[2020-09-12T12:28:40.536+0000][1][gc,start     ] GC(8) Pause Young (Allocation Failure)
[2020-09-12T12:28:40.536+0000][1][gc,task      ] GC(8) Using 2 workers of 2 for evacuation
[2020-09-12T12:28:40.607+0000][1][gc,age       ] GC(8) Desired survivor size 8716288 bytes, new threshold 6 (max threshold 6)
[2020-09-12T12:28:40.607+0000][1][gc,age       ] GC(8) Age table with threshold 6 (max threshold 6)
[2020-09-12T12:28:40.607+0000][1][gc,age       ] GC(8) - age   1:    1039992 bytes,    1039992 total
[2020-09-12T12:28:40.607+0000][1][gc,age       ] GC(8) - age   2:     414864 bytes,    1454856 total
[2020-09-12T12:28:40.607+0000][1][gc,age       ] GC(8) - age   3:     755352 bytes,    2210208 total
[2020-09-12T12:28:40.607+0000][1][gc,age       ] GC(8) - age   4:    1315800 bytes,    3526008 total
[2020-09-12T12:28:40.607+0000][1][gc,age       ] GC(8) - age   5:     487600 bytes,    4013608 total
[2020-09-12T12:28:40.607+0000][1][gc,age       ] GC(8) - age   6:    2827624 bytes,    6841232 total
[2020-09-12T12:28:40.607+0000][1][gc,heap      ] GC(8) ParNew: 147843K->12640K(153344K)
[2020-09-12T12:28:40.607+0000][1][gc,heap      ] GC(8) CMS: 9176K->11390K(353920K)
[2020-09-12T12:28:40.607+0000][1][gc,metaspace ] GC(8) Metaspace: 23064K->23064K(1071104K)
[2020-09-12T12:28:40.607+0000][1][gc           ] GC(8) Pause Young (Allocation Failure) 153M->23M(495M) 70.915ms
[2020-09-12T12:28:40.607+0000][1][gc,cpu       ] GC(8) User=0.02s Sys=0.00s Real=0.07s
[2020-09-12T12:28:40.607+0000][1][safepoint    ] Safepoint "GenCollectForAllocation", Time since last: 968958379 ns, Reaching safepoint: 2506985 ns, At safepoint: 70964621 ns, Total: 73471606 ns
[2020-09-12T12:28:41.616+0000][1][safepoint    ] Safepoint "Cleanup", Time since last: 1005902365 ns, Reaching safepoint: 3364823 ns, At safepoint: 14267 ns, Total: 3379090 ns
[2020-09-12T12:28:42.035+0000][1][safepoint    ] Safepoint "RevokeBias", Time since last: 418404832 ns, Reaching safepoint: 158165 ns, At safepoint: 20000 ns, Total: 178165 ns
[2020-09-12T12:28:42.045+0000][1][safepoint    ] Safepoint "RevokeBias", Time since last: 9987315 ns, Reaching safepoint: 58842 ns, At safepoint: 19279 ns, Total: 78121 ns
[2020-09-12T12:28:43.045+0000][1][safepoint    ] Safepoint "Cleanup", Time since last: 1000109411 ns, Reaching safepoint: 44940 ns, At safepoint: 8131 ns, Total: 53071 ns
[2020-09-12T12:28:44.045+0000][1][safepoint    ] Safepoint "Cleanup", Time since last: 1000111666 ns, Reaching safepoint: 54320 ns, At safepoint: 8878 ns, Total: 63198 ns
[2020-09-12T12:28:44.490+0000][1][safepoint    ] Safepoint "Deoptimize", Time since last: 444797693 ns, Reaching safepoint: 35908 ns, At safepoint: 237159 ns, Total: 273067 ns
[2020-09-12T12:28:44.603+0000][1][safepoint    ] Safepoint "Deoptimize", Time since last: 105757445 ns, Reaching safepoint: 6623050 ns, At safepoint: 244810 ns, Total: 6867860 ns
[2020-09-12T12:28:45.604+0000][1][safepoint    ] Safepoint "Cleanup", Time since last: 1000165047 ns, Reaching safepoint: 941219 ns, At safepoint: 11093 ns, Total: 952312 ns
[2020-09-12T12:28:46.609+0000][1][safepoint    ] Safepoint "Cleanup", Time since last: 1005036210 ns, Reaching safepoint: 129808 ns, At safepoint: 12498 ns, Total: 142306 ns
[2020-09-12T12:28:47.610+0000][1][safepoint    ] Safepoint "Cleanup", Time since last: 1000927375 ns, Reaching safepoint: 121027 ns, At safepoint: 9562 ns, Total: 130589 ns
[2020-09-12T12:28:48.614+0000][1][safepoint    ] Safepoint "Cleanup", Time since last: 1000085379 ns, Reaching safepoint: 4199786 ns, At safepoint: 19293 ns, Total: 4219079 ns
[2020-09-12T12:28:49.017+0000][1][safepoint    ] Safepoint "RevokeBias", Time since last: 402289890 ns, Reaching safepoint: 36996 ns, At safepoint: 35380 ns, Total: 72376 ns
[2020-09-12T12:28:50.025+0000][1][safepoint    ] Safepoint "Cleanup", Time since last: 1006999323 ns, Reaching safepoint: 1015477 ns, At safepoint: 15465 ns, Total: 1030942 ns
[2020-09-12T12:28:50.738+0000][1][gc,start     ] GC(9) Pause Young (Allocation Failure)
[2020-09-12T12:28:50.738+0000][1][gc,task      ] GC(9) Using 2 workers of 2 for evacuation
[2020-09-12T12:28:50.841+0000][1][gc,age       ] GC(9) Desired survivor size 8716288 bytes, new threshold 1 (max threshold 6)
[2020-09-12T12:28:50.841+0000][1][gc,age       ] GC(9) Age table with threshold 1 (max threshold 6)
[2020-09-12T12:28:50.841+0000][1][gc,age       ] GC(9) - age   1:   13637488 bytes,   13637488 total
[2020-09-12T12:28:50.841+0000][1][gc,age       ] GC(9) - age   2:     297152 bytes,   13934640 total
[2020-09-12T12:28:50.841+0000][1][gc,age       ] GC(9) - age   3:     412032 bytes,   14346672 total
[2020-09-12T12:28:50.841+0000][1][gc,age       ] GC(9) - age   4:     753592 bytes,   15100264 total
[2020-09-12T12:28:50.841+0000][1][gc,age       ] GC(9) - age   5:    1308696 bytes,   16408960 total
[2020-09-12T12:28:50.841+0000][1][gc,age       ] GC(9) - age   6:     477392 bytes,   16886352 total
[2020-09-12T12:28:50.841+0000][1][gc,heap      ] GC(9) ParNew: 148960K->17024K(153344K)
[2020-09-12T12:28:50.841+0000][1][gc,heap      ] GC(9) CMS: 11390K->14275K(353920K)
[2020-09-12T12:28:50.841+0000][1][gc,metaspace ] GC(9) Metaspace: 29784K->29784K(1077248K)
[2020-09-12T12:28:50.842+0000][1][gc           ] GC(9) Pause Young (Allocation Failure) 156M->30M(495M) 103.140ms
[2020-09-12T12:28:50.842+0000][1][gc,cpu       ] GC(9) User=0.05s Sys=0.00s Real=0.11s
[2020-09-12T12:28:50.842+0000][1][safepoint    ] Safepoint "GenCollectForAllocation", Time since last: 713442497 ns, Reaching safepoint: 114167 ns, At safepoint: 103210640 ns, Total: 103324807 ns
[2020-09-12T12:28:51.868+0000][1][safepoint    ] Safepoint "Cleanup", Time since last: 1025978425 ns, Reaching safepoint: 178465 ns, At safepoint: 9758 ns, Total: 188223 ns
[2020-09-12T12:28:52.869+0000][1][safepoint    ] Safepoint "Cleanup", Time since last: 1000098104 ns, Reaching safepoint: 1141224 ns, At safepoint: 15530 ns, Total: 1156754 ns
[2020-09-12T12:28:54.892+0000][1][safepoint    ] Safepoint "Cleanup", Time since last: 2022570095 ns, Reaching safepoint: 334623 ns, At safepoint: 8127 ns, Total: 342750 ns
[2020-09-12T12:28:55.896+0000][1][safepoint    ] Safepoint "Cleanup", Time since last: 1002407265 ns, Reaching safepoint: 2143254 ns, At safepoint: 13978 ns, Total: 2157232 ns
[2020-09-12T12:28:55.937+0000][1][safepoint    ] Safepoint "RevokeBias", Time since last: 40234692 ns, Reaching safepoint: 28694 ns, At safepoint: 41469 ns, Total: 70163 ns
[2020-09-12T12:28:56.937+0000][1][safepoint    ] Safepoint "Cleanup", Time since last: 1000115514 ns, Reaching safepoint: 68921 ns, At safepoint: 8457 ns, Total: 77378 ns
[2020-09-12T12:28:57.021+0000][1][safepoint    ] Safepoint "RevokeBias", Time since last: 84227624 ns, Reaching safepoint: 108027 ns, At safepoint: 40738 ns, Total: 148765 ns
[2020-09-12T12:28:57.321+0000][1][gc,start     ] GC(10) Pause Young (Allocation Failure)
[2020-09-12T12:28:57.321+0000][1][gc,task      ] GC(10) Using 2 workers of 2 for evacuation
[2020-09-12T12:28:57.697+0000][1][gc,age       ] GC(10) Desired survivor size 8716288 bytes, new threshold 1 (max threshold 6)
[2020-09-12T12:28:57.697+0000][1][gc,age       ] GC(10) Age table with threshold 1 (max threshold 6)
[2020-09-12T12:28:57.697+0000][1][gc,age       ] GC(10) - age   1:   14659152 bytes,   14659152 total
[2020-09-12T12:28:57.706+0000][1][gc,heap      ] GC(10) ParNew: 153344K->17024K(153344K)
[2020-09-12T12:28:57.706+0000][1][gc,heap      ] GC(10) CMS: 14275K->32108K(353920K)
[2020-09-12T12:28:57.707+0000][1][gc,metaspace ] GC(10) Metaspace: 32145K->32145K(1079296K)
[2020-09-12T12:28:57.707+0000][1][gc           ] GC(10) Pause Young (Allocation Failure) 163M->47M(495M) 385.433ms
[2020-09-12T12:28:57.707+0000][1][gc,cpu       ] GC(10) User=0.16s Sys=0.00s Real=0.38s
[2020-09-12T12:28:57.707+0000][1][safepoint    ] Safepoint "GenCollectForAllocation", Time since last: 290733732 ns, Reaching safepoint: 9030393 ns, At safepoint: 385500342 ns, Total: 394530735 ns
[2020-09-12T12:28:58.711+0000][1][safepoint    ] Safepoint "Cleanup", Time since last: 1004598723 ns, Reaching safepoint: 152439 ns, At safepoint: 7669 ns, Total: 160108 ns
[2020-09-12T12:28:58.753+0000][1][safepoint    ] Safepoint "Deoptimize", Time since last: 40168666 ns, Reaching safepoint: 908519 ns, At safepoint: 522968 ns, Total: 1431487 ns
[2020-09-12T12:28:59.761+0000][1][safepoint    ] Safepoint "Cleanup", Time since last: 1000143588 ns, Reaching safepoint: 7746026 ns, At safepoint: 11298 ns, Total: 7757324 ns
[2020-09-12T12:29:00.764+0000][1][safepoint    ] Safepoint "Cleanup", Time since last: 1000115654 ns, Reaching safepoint: 3348779 ns, At safepoint: 14756 ns, Total: 3363535 ns
[2020-09-12T12:29:00.862+0000][1][safepoint    ] Safepoint "RevokeBias", Time since last: 97123448 ns, Reaching safepoint: 114743 ns, At safepoint: 31292 ns, Total: 146035 ns
[2020-09-12T12:29:00.892+0000][1][safepoint    ] Safepoint "Deoptimize", Time since last: 29068262 ns, Reaching safepoint: 878250 ns, At safepoint: 300348 ns, Total: 1178598 ns
[2020-09-12T12:29:01.901+0000][1][safepoint    ] Safepoint "Cleanup", Time since last: 1000114353 ns, Reaching safepoint: 9013969 ns, At safepoint: 10884 ns, Total: 9024853 ns
[2020-09-12T12:29:02.090+0000][1][gc,start     ] GC(11) Pause Young (Allocation Failure)
[2020-09-12T12:29:02.090+0000][1][gc,task      ] GC(11) Using 2 workers of 2 for evacuation
[2020-09-12T12:29:02.237+0000][1][gc,age       ] GC(11) Desired survivor size 8716288 bytes, new threshold 6 (max threshold 6)
[2020-09-12T12:29:02.237+0000][1][gc,age       ] GC(11) Age table with threshold 6 (max threshold 6)
[2020-09-12T12:29:02.237+0000][1][gc,age       ] GC(11) - age   1:     690312 bytes,     690312 total
[2020-09-12T12:29:02.237+0000][1][gc,heap      ] GC(11) ParNew: 153344K->14116K(153344K)
[2020-09-12T12:29:02.238+0000][1][gc,heap      ] GC(11) CMS: 32108K->46790K(353920K)
[2020-09-12T12:29:02.238+0000][1][gc,metaspace ] GC(11) Metaspace: 32461K->32461K(1079296K)
[2020-09-12T12:29:02.238+0000][1][gc           ] GC(11) Pause Young (Allocation Failure) 181M->59M(495M) 148.001ms
[2020-09-12T12:29:02.238+0000][1][gc,cpu       ] GC(11) User=0.05s Sys=0.01s Real=0.14s
[2020-09-12T12:29:02.238+0000][1][safepoint    ] Safepoint "GenCollectForAllocation", Time since last: 187947073 ns, Reaching safepoint: 609591 ns, At safepoint: 148083095 ns, Total: 148692686 ns
[2020-09-12T12:29:03.241+0000][1][safepoint    ] Safepoint "Cleanup", Time since last: 1003491697 ns, Reaching safepoint: 111631 ns, At safepoint: 6610 ns, Total: 118241 ns
[2020-09-12T12:29:03.818+0000][1][gc,start     ] GC(12) Pause Young (Allocation Failure)
[2020-09-12T12:29:03.818+0000][1][gc,task      ] GC(12) Using 2 workers of 2 for evacuation
[2020-09-12T12:29:03.829+0000][1][gc,age       ] GC(12) Desired survivor size 8716288 bytes, new threshold 6 (max threshold 6)
[2020-09-12T12:29:03.829+0000][1][gc,age       ] GC(12) Age table with threshold 6 (max threshold 6)
[2020-09-12T12:29:03.829+0000][1][gc,age       ] GC(12) - age   1:        288 bytes,        288 total
[2020-09-12T12:29:03.829+0000][1][gc,age       ] GC(12) - age   2:     690232 bytes,     690520 total
[2020-09-12T12:29:03.829+0000][1][gc,heap      ] GC(12) ParNew: 150436K->1827K(153344K)
[2020-09-12T12:29:03.829+0000][1][gc,heap      ] GC(12) CMS: 46790K->46790K(353920K)
[2020-09-12T12:29:03.829+0000][1][gc,metaspace ] GC(12) Metaspace: 32476K->32476K(1079296K)
[2020-09-12T12:29:03.829+0000][1][gc           ] GC(12) Pause Young (Allocation Failure) 192M->47M(495M) 11.707ms
[2020-09-12T12:29:03.829+0000][1][gc,cpu       ] GC(12) User=0.01s Sys=0.00s Real=0.02s
[2020-09-12T12:29:03.829+0000][1][safepoint    ] Safepoint "GenCollectForAllocation", Time since last: 575666835 ns, Reaching safepoint: 834949 ns, At safepoint: 11755444 ns, Total: 12590393 ns
[2020-09-12T12:29:05.037+0000][1][gc,start     ] GC(13) Pause Young (Allocation Failure)
[2020-09-12T12:29:05.037+0000][1][gc,task      ] GC(13) Using 2 workers of 2 for evacuation
[2020-09-12T12:29:05.049+0000][1][gc,age       ] GC(13) Desired survivor size 8716288 bytes, new threshold 6 (max threshold 6)
[2020-09-12T12:29:05.049+0000][1][gc,age       ] GC(13) Age table with threshold 6 (max threshold 6)
[2020-09-12T12:29:05.049+0000][1][gc,age       ] GC(13) - age   1:         48 bytes,         48 total
[2020-09-12T12:29:05.049+0000][1][gc,age       ] GC(13) - age   2:         56 bytes,        104 total
[2020-09-12T12:29:05.049+0000][1][gc,age       ] GC(13) - age   3:     690232 bytes,     690336 total
[2020-09-12T12:29:05.049+0000][1][gc,heap      ] GC(13) ParNew: 138147K->1082K(153344K)
[2020-09-12T12:29:05.049+0000][1][gc,heap      ] GC(13) CMS: 46790K->46790K(353920K)
[2020-09-12T12:29:05.049+0000][1][gc,metaspace ] GC(13) Metaspace: 32476K->32476K(1079296K)
[2020-09-12T12:29:05.049+0000][1][gc           ] GC(13) Pause Young (Allocation Failure) 180M->46M(495M) 11.589ms
[2020-09-12T12:29:05.049+0000][1][gc,cpu       ] GC(13) User=0.00s Sys=0.00s Real=0.02s
[2020-09-12T12:29:05.049+0000][1][safepoint    ] Safepoint "GenCollectForAllocation", Time since last: 1207802190 ns, Reaching safepoint: 45922 ns, At safepoint: 11643170 ns, Total: 11689092 ns
[2020-09-12T12:29:05.682+0000][1][gc,start     ] GC(14) Pause Young (Allocation Failure)
[2020-09-12T12:29:05.682+0000][1][gc,task      ] GC(14) Using 2 workers of 2 for evacuation
[2020-09-12T12:29:05.698+0000][1][gc,age       ] GC(14) Desired survivor size 8716288 bytes, new threshold 6 (max threshold 6)
[2020-09-12T12:29:05.698+0000][1][gc,age       ] GC(14) Age table with threshold 6 (max threshold 6)
[2020-09-12T12:29:05.698+0000][1][gc,age       ] GC(14) - age   1:        232 bytes,        232 total
[2020-09-12T12:29:05.698+0000][1][gc,age       ] GC(14) - age   3:         56 bytes,        288 total
[2020-09-12T12:29:05.698+0000][1][gc,age       ] GC(14) - age   4:     690232 bytes,     690520 total
[2020-09-12T12:29:05.698+0000][1][gc,heap      ] GC(14) ParNew: 137402K->776K(153344K)
[2020-09-12T12:29:05.698+0000][1][gc,heap      ] GC(14) CMS: 46790K->46790K(353920K)
[2020-09-12T12:29:05.698+0000][1][gc,metaspace ] GC(14) Metaspace: 32476K->32476K(1079296K)
[2020-09-12T12:29:05.699+0000][1][gc           ] GC(14) Pause Young (Allocation Failure) 179M->46M(495M) 16.178ms
[2020-09-12T12:29:05.699+0000][1][gc,cpu       ] GC(14) User=0.01s Sys=0.00s Real=0.01s
[2020-09-12T12:29:05.699+0000][1][safepoint    ] Safepoint "GenCollectForAllocation", Time since last: 633241539 ns, Reaching safepoint: 114469 ns, At safepoint: 16232596 ns, Total: 16347065 ns
[2020-09-12T12:29:06.213+0000][1][gc,start     ] GC(15) Pause Young (Allocation Failure)
[2020-09-12T12:29:06.213+0000][1][gc,task      ] GC(15) Using 2 workers of 2 for evacuation
[2020-09-12T12:29:06.224+0000][1][gc,age       ] GC(15) Desired survivor size 8716288 bytes, new threshold 6 (max threshold 6)
[2020-09-12T12:29:06.224+0000][1][gc,age       ] GC(15) Age table with threshold 6 (max threshold 6)
[2020-09-12T12:29:06.224+0000][1][gc,age       ] GC(15) - age   1:        264 bytes,        264 total
[2020-09-12T12:29:06.224+0000][1][gc,age       ] GC(15) - age   4:         56 bytes,        320 total
[2020-09-12T12:29:06.224+0000][1][gc,age       ] GC(15) - age   5:     690232 bytes,     690552 total
[2020-09-12T12:29:06.224+0000][1][gc,heap      ] GC(15) ParNew: 137096K->699K(153344K)
[2020-09-12T12:29:06.224+0000][1][gc,heap      ] GC(15) CMS: 46790K->46790K(353920K)
[2020-09-12T12:29:06.224+0000][1][gc,metaspace ] GC(15) Metaspace: 32476K->32476K(1079296K)
[2020-09-12T12:29:06.224+0000][1][gc           ] GC(15) Pause Young (Allocation Failure) 179M->46M(495M) 11.292ms
[2020-09-12T12:29:06.224+0000][1][gc,cpu       ] GC(15) User=0.01s Sys=0.00s Real=0.01s
[2020-09-12T12:29:06.225+0000][1][safepoint    ] Safepoint "GenCollectForAllocation", Time since last: 514498147 ns, Reaching safepoint: 101912 ns, At safepoint: 11341555 ns, Total: 11443467 ns
[2020-09-12T12:29:06.737+0000][1][gc,start     ] GC(16) Pause Young (Allocation Failure)
[2020-09-12T12:29:06.737+0000][1][gc,task      ] GC(16) Using 2 workers of 2 for evacuation
[2020-09-12T12:29:06.755+0000][1][gc,age       ] GC(16) Desired survivor size 8716288 bytes, new threshold 6 (max threshold 6)
[2020-09-12T12:29:06.755+0000][1][gc,age       ] GC(16) Age table with threshold 6 (max threshold 6)
[2020-09-12T12:29:06.755+0000][1][gc,age       ] GC(16) - age   1:        232 bytes,        232 total
[2020-09-12T12:29:06.755+0000][1][gc,age       ] GC(16) - age   2:         72 bytes,        304 total
[2020-09-12T12:29:06.755+0000][1][gc,age       ] GC(16) - age   5:         56 bytes,        360 total
[2020-09-12T12:29:06.755+0000][1][gc,age       ] GC(16) - age   6:     690232 bytes,     690592 total
[2020-09-12T12:29:06.755+0000][1][gc,heap      ] GC(16) ParNew: 137019K->680K(153344K)
[2020-09-12T12:29:06.756+0000][1][gc,heap      ] GC(16) CMS: 46790K->46790K(353920K)
[2020-09-12T12:29:06.756+0000][1][gc,metaspace ] GC(16) Metaspace: 32476K->32476K(1079296K)
[2020-09-12T12:29:06.756+0000][1][gc           ] GC(16) Pause Young (Allocation Failure) 179M->46M(495M) 18.816ms
[2020-09-12T12:29:06.756+0000][1][gc,cpu       ] GC(16) User=0.01s Sys=0.00s Real=0.02s
[2020-09-12T12:29:06.756+0000][1][safepoint    ] Safepoint "GenCollectForAllocation", Time since last: 505860490 ns, Reaching safepoint: 6337142 ns, At safepoint: 18869602 ns, Total: 25206744 ns
[2020-09-12T12:29:07.771+0000][1][safepoint    ] Safepoint "Cleanup", Time since last: 1005092713 ns, Reaching safepoint: 10763461 ns, At safepoint: 10939 ns, Total: 10774400 ns
[2020-09-12T12:29:09.790+0000][1][safepoint    ] Safepoint "Cleanup", Time since last: 2017519248 ns, Reaching safepoint: 538373 ns, At safepoint: 10450 ns, Total: 548823 ns
[2020-09-12T12:29:10.210+0000][1][gc,start     ] GC(17) Pause Young (Allocation Failure)
[2020-09-12T12:29:10.210+0000][1][gc,task      ] GC(17) Using 2 workers of 2 for evacuation
[2020-09-12T12:29:10.225+0000][1][gc,age       ] GC(17) Desired survivor size 8716288 bytes, new threshold 6 (max threshold 6)
[2020-09-12T12:29:10.225+0000][1][gc,age       ] GC(17) Age table with threshold 6 (max threshold 6)
[2020-09-12T12:29:10.225+0000][1][gc,age       ] GC(17) - age   1:     134224 bytes,     134224 total
[2020-09-12T12:29:10.225+0000][1][gc,age       ] GC(17) - age   3:         72 bytes,     134296 total
[2020-09-12T12:29:10.225+0000][1][gc,age       ] GC(17) - age   6:         56 bytes,     134352 total
[2020-09-12T12:29:10.225+0000][1][gc,heap      ] GC(17) ParNew: 137000K->675K(153344K)
[2020-09-12T12:29:10.225+0000][1][gc,heap      ] GC(17) CMS: 46790K->47439K(353920K)
[2020-09-12T12:29:10.225+0000][1][gc,metaspace ] GC(17) Metaspace: 32495K->32495K(1079296K)
[2020-09-12T12:29:10.225+0000][1][gc           ] GC(17) Pause Young (Allocation Failure) 179M->46M(495M) 15.517ms
[2020-09-12T12:29:10.225+0000][1][gc,cpu       ] GC(17) User=0.01s Sys=0.00s Real=0.01s
[2020-09-12T12:29:10.226+0000][1][safepoint    ] Safepoint "GenCollectForAllocation", Time since last: 418496393 ns, Reaching safepoint: 1936354 ns, At safepoint: 15573781 ns, Total: 17510135 ns
[2020-09-12T12:29:11.705+0000][1][safepoint    ] Safepoint "RevokeBias", Time since last: 1468391092 ns, Reaching safepoint: 10807081 ns, At safepoint: 56617 ns, Total: 10863698 ns
[2020-09-12T12:29:11.705+0000][1][safepoint    ] Safepoint "RevokeBias", Time since last: 80974 ns, Reaching safepoint: 84864 ns, At safepoint: 34494 ns, Total: 119358 ns
[2020-09-12T12:29:11.705+0000][1][safepoint    ] Safepoint "RevokeBias", Time since last: 33236 ns, Reaching safepoint: 81883 ns, At safepoint: 32246 ns, Total: 114129 ns
[2020-09-12T12:29:11.705+0000][1][safepoint    ] Safepoint "RevokeBias", Time since last: 236245 ns, Reaching safepoint: 84998 ns, At safepoint: 34670 ns, Total: 119668 ns
[2020-09-12T12:29:12.359+0000][1][gc,start     ] GC(18) Pause Young (Allocation Failure)
[2020-09-12T12:29:12.360+0000][1][gc,task      ] GC(18) Using 2 workers of 2 for evacuation
[2020-09-12T12:29:12.368+0000][1][gc,age       ] GC(18) Desired survivor size 8716288 bytes, new threshold 6 (max threshold 6)
[2020-09-12T12:29:12.368+0000][1][gc,age       ] GC(18) Age table with threshold 6 (max threshold 6)
[2020-09-12T12:29:12.368+0000][1][gc,age       ] GC(18) - age   1:     984984 bytes,     984984 total
[2020-09-12T12:29:12.368+0000][1][gc,age       ] GC(18) - age   2:      82816 bytes,    1067800 total
[2020-09-12T12:29:12.368+0000][1][gc,age       ] GC(18) - age   4:         72 bytes,    1067872 total
[2020-09-12T12:29:12.368+0000][1][gc,heap      ] GC(18) ParNew: 136995K->1122K(153344K)
[2020-09-12T12:29:12.368+0000][1][gc,heap      ] GC(18) CMS: 47439K->47439K(353920K)
[2020-09-12T12:29:12.368+0000][1][gc,metaspace ] GC(18) Metaspace: 32498K->32498K(1079296K)
[2020-09-12T12:29:12.368+0000][1][gc           ] GC(18) Pause Young (Allocation Failure) 180M->47M(495M) 8.867ms
[2020-09-12T12:29:12.368+0000][1][gc,cpu       ] GC(18) User=0.00s Sys=0.00s Real=0.01s
[2020-09-12T12:29:12.368+0000][1][safepoint    ] Safepoint "GenCollectForAllocation", Time since last: 653854871 ns, Reaching safepoint: 110673 ns, At safepoint: 8916218 ns, Total: 9026891 ns
[2020-09-12T12:29:14.270+0000][1][safepoint    ] Safepoint "RevokeBias", Time since last: 1901583228 ns, Reaching safepoint: 69750 ns, At safepoint: 54285 ns, Total: 124035 ns
[2020-09-12T12:29:14.806+0000][1][gc,start     ] GC(19) Pause Young (Allocation Failure)
[2020-09-12T12:29:14.806+0000][1][gc,task      ] GC(19) Using 2 workers of 2 for evacuation
[2020-09-12T12:29:14.825+0000][1][gc,age       ] GC(19) Desired survivor size 8716288 bytes, new threshold 6 (max threshold 6)
[2020-09-12T12:29:14.825+0000][1][gc,age       ] GC(19) Age table with threshold 6 (max threshold 6)
[2020-09-12T12:29:14.825+0000][1][gc,age       ] GC(19) - age   1:    1227472 bytes,    1227472 total
[2020-09-12T12:29:14.825+0000][1][gc,age       ] GC(19) - age   2:     641632 bytes,    1869104 total
[2020-09-12T12:29:14.825+0000][1][gc,age       ] GC(19) - age   3:      82352 bytes,    1951456 total
[2020-09-12T12:29:14.825+0000][1][gc,age       ] GC(19) - age   5:         72 bytes,    1951528 total
[2020-09-12T12:29:14.825+0000][1][gc,heap      ] GC(19) ParNew: 137442K->2109K(153344K)
[2020-09-12T12:29:14.825+0000][1][gc,heap      ] GC(19) CMS: 47439K->47439K(353920K)
[2020-09-12T12:29:14.825+0000][1][gc,metaspace ] GC(19) Metaspace: 32498K->32498K(1079296K)
[2020-09-12T12:29:14.825+0000][1][gc           ] GC(19) Pause Young (Allocation Failure) 180M->48M(495M) 19.124ms
[2020-09-12T12:29:14.826+0000][1][gc,cpu       ] GC(19) User=0.01s Sys=0.00s Real=0.02s
[2020-09-12T12:29:14.826+0000][1][safepoint    ] Safepoint "GenCollectForAllocation", Time since last: 530619618 ns, Reaching safepoint: 5669512 ns, At safepoint: 19180327 ns, Total: 24849839 ns
[2020-09-12T12:29:15.828+0000][1][safepoint    ] Safepoint "Cleanup", Time since last: 1000083769 ns, Reaching safepoint: 2643533 ns, At safepoint: 13283 ns, Total: 2656816 ns
[2020-09-12T12:29:15.925+0000][1][gc,start     ] GC(20) Pause Young (Allocation Failure)
[2020-09-12T12:29:15.925+0000][1][gc,task      ] GC(20) Using 2 workers of 2 for evacuation
[2020-09-12T12:29:15.974+0000][1][gc,age       ] GC(20) Desired survivor size 8716288 bytes, new threshold 6 (max threshold 6)
[2020-09-12T12:29:15.974+0000][1][gc,age       ] GC(20) Age table with threshold 6 (max threshold 6)
[2020-09-12T12:29:15.974+0000][1][gc,age       ] GC(20) - age   1:    1285152 bytes,    1285152 total
[2020-09-12T12:29:15.974+0000][1][gc,age       ] GC(20) - age   2:    1215216 bytes,    2500368 total
[2020-09-12T12:29:15.974+0000][1][gc,age       ] GC(20) - age   3:     637744 bytes,    3138112 total
[2020-09-12T12:29:15.974+0000][1][gc,age       ] GC(20) - age   4:      79728 bytes,    3217840 total
[2020-09-12T12:29:15.974+0000][1][gc,age       ] GC(20) - age   6:         72 bytes,    3217912 total
[2020-09-12T12:29:15.974+0000][1][gc,heap      ] GC(20) ParNew: 138429K->3183K(153344K)
[2020-09-12T12:29:15.974+0000][1][gc,heap      ] GC(20) CMS: 47439K->47439K(353920K)
[2020-09-12T12:29:15.974+0000][1][gc,metaspace ] GC(20) Metaspace: 32499K->32499K(1079296K)
[2020-09-12T12:29:15.975+0000][1][gc           ] GC(20) Pause Young (Allocation Failure) 181M->49M(495M) 50.004ms
[2020-09-12T12:29:15.975+0000][1][gc,cpu       ] GC(20) User=0.00s Sys=0.00s Real=0.05s
[2020-09-12T12:29:15.975+0000][1][safepoint    ] Safepoint "GenCollectForAllocation", Time since last: 79760637 ns, Reaching safepoint: 16444036 ns, At safepoint: 50059661 ns, Total: 66503697 ns
[2020-09-12T12:29:16.418+0000][1][gc,start     ] GC(21) Pause Young (Allocation Failure)
[2020-09-12T12:29:16.418+0000][1][gc,task      ] GC(21) Using 2 workers of 2 for evacuation
[2020-09-12T12:29:16.423+0000][1][gc,age       ] GC(21) Desired survivor size 8716288 bytes, new threshold 6 (max threshold 6)
[2020-09-12T12:29:16.423+0000][1][gc,age       ] GC(21) Age table with threshold 6 (max threshold 6)
[2020-09-12T12:29:16.423+0000][1][gc,age       ] GC(21) - age   1:     250648 bytes,     250648 total
[2020-09-12T12:29:16.423+0000][1][gc,age       ] GC(21) - age   2:     500848 bytes,     751496 total
[2020-09-12T12:29:16.423+0000][1][gc,age       ] GC(21) - age   3:    1215216 bytes,    1966712 total
[2020-09-12T12:29:16.423+0000][1][gc,age       ] GC(21) - age   4:     637744 bytes,    2604456 total
[2020-09-12T12:29:16.423+0000][1][gc,age       ] GC(21) - age   5:      79728 bytes,    2684184 total
[2020-09-12T12:29:16.423+0000][1][gc,heap      ] GC(21) ParNew: 139503K->2726K(153344K)
[2020-09-12T12:29:16.423+0000][1][gc,heap      ] GC(21) CMS: 47439K->47439K(353920K)
[2020-09-12T12:29:16.423+0000][1][gc,metaspace ] GC(21) Metaspace: 32500K->32500K(1079296K)
[2020-09-12T12:29:16.423+0000][1][gc           ] GC(21) Pause Young (Allocation Failure) 182M->48M(495M) 4.787ms
[2020-09-12T12:29:16.423+0000][1][gc,cpu       ] GC(21) User=0.00s Sys=0.00s Real=0.01s
[2020-09-12T12:29:16.423+0000][1][safepoint    ] Safepoint "GenCollectForAllocation", Time since last: 443470496 ns, Reaching safepoint: 42614 ns, At safepoint: 4833051 ns, Total: 4875665 ns
[2020-09-12T12:29:16.759+0000][1][gc,start     ] GC(22) Pause Young (Allocation Failure)
[2020-09-12T12:29:16.759+0000][1][gc,task      ] GC(22) Using 2 workers of 2 for evacuation
[2020-09-12T12:29:16.769+0000][1][gc,age       ] GC(22) Desired survivor size 8716288 bytes, new threshold 6 (max threshold 6)
[2020-09-12T12:29:16.769+0000][1][gc,age       ] GC(22) Age table with threshold 6 (max threshold 6)
[2020-09-12T12:29:16.769+0000][1][gc,age       ] GC(22) - age   1:        208 bytes,        208 total
[2020-09-12T12:29:16.769+0000][1][gc,age       ] GC(22) - age   2:     250568 bytes,     250776 total
[2020-09-12T12:29:16.769+0000][1][gc,age       ] GC(22) - age   3:     500848 bytes,     751624 total
[2020-09-12T12:29:16.769+0000][1][gc,age       ] GC(22) - age   4:    1215216 bytes,    1966840 total
[2020-09-12T12:29:16.769+0000][1][gc,age       ] GC(22) - age   5:     637744 bytes,    2604584 total
[2020-09-12T12:29:16.769+0000][1][gc,age       ] GC(22) - age   6:      79728 bytes,    2684312 total
[2020-09-12T12:29:16.769+0000][1][gc,heap      ] GC(22) ParNew: 139046K->3383K(153344K)
[2020-09-12T12:29:16.769+0000][1][gc,heap      ] GC(22) CMS: 47439K->47439K(353920K)
[2020-09-12T12:29:16.769+0000][1][gc,metaspace ] GC(22) Metaspace: 32500K->32500K(1079296K)
[2020-09-12T12:29:16.769+0000][1][gc           ] GC(22) Pause Young (Allocation Failure) 182M->49M(495M) 10.406ms
[2020-09-12T12:29:16.769+0000][1][gc,cpu       ] GC(22) User=0.01s Sys=0.00s Real=0.02s
[2020-09-12T12:29:16.769+0000][1][safepoint    ] Safepoint "GenCollectForAllocation", Time since last: 335924204 ns, Reaching safepoint: 34359 ns, At safepoint: 10456917 ns, Total: 10491276 ns
[2020-09-12T12:29:17.073+0000][1][gc,start     ] GC(23) Pause Young (Allocation Failure)
[2020-09-12T12:29:17.073+0000][1][gc,task      ] GC(23) Using 2 workers of 2 for evacuation
[2020-09-12T12:29:17.082+0000][1][gc,age       ] GC(23) Desired survivor size 8716288 bytes, new threshold 6 (max threshold 6)
[2020-09-12T12:29:17.082+0000][1][gc,age       ] GC(23) Age table with threshold 6 (max threshold 6)
[2020-09-12T12:29:17.082+0000][1][gc,age       ] GC(23) - age   1:        160 bytes,        160 total
[2020-09-12T12:29:17.082+0000][1][gc,age       ] GC(23) - age   3:     250568 bytes,     250728 total
[2020-09-12T12:29:17.082+0000][1][gc,age       ] GC(23) - age   4:     500848 bytes,     751576 total
[2020-09-12T12:29:17.082+0000][1][gc,age       ] GC(23) - age   5:    1215216 bytes,    1966792 total
[2020-09-12T12:29:17.082+0000][1][gc,age       ] GC(23) - age   6:     637744 bytes,    2604536 total
[2020-09-12T12:29:17.082+0000][1][gc,heap      ] GC(23) ParNew: 139703K->3429K(153344K)
[2020-09-12T12:29:17.082+0000][1][gc,heap      ] GC(23) CMS: 47439K->47517K(353920K)
[2020-09-12T12:29:17.082+0000][1][gc,metaspace ] GC(23) Metaspace: 32500K->32500K(1079296K)
[2020-09-12T12:29:17.082+0000][1][gc           ] GC(23) Pause Young (Allocation Failure) 182M->49M(495M) 9.174ms
[2020-09-12T12:29:17.082+0000][1][gc,cpu       ] GC(23) User=0.01s Sys=0.00s Real=0.01s
[2020-09-12T12:29:17.082+0000][1][safepoint    ] Safepoint "GenCollectForAllocation", Time since last: 303309186 ns, Reaching safepoint: 57901 ns, At safepoint: 9243262 ns, Total: 9301163 ns
[2020-09-12T12:29:17.367+0000][1][gc,start     ] GC(24) Pause Young (Allocation Failure)
[2020-09-12T12:29:17.367+0000][1][gc,task      ] GC(24) Using 2 workers of 2 for evacuation
[2020-09-12T12:29:17.373+0000][1][gc,age       ] GC(24) Desired survivor size 8716288 bytes, new threshold 6 (max threshold 6)
[2020-09-12T12:29:17.373+0000][1][gc,age       ] GC(24) Age table with threshold 6 (max threshold 6)
[2020-09-12T12:29:17.373+0000][1][gc,age       ] GC(24) - age   1:        200 bytes,        200 total
[2020-09-12T12:29:17.373+0000][1][gc,age       ] GC(24) - age   4:     250568 bytes,     250768 total
[2020-09-12T12:29:17.373+0000][1][gc,age       ] GC(24) - age   5:     500848 bytes,     751616 total
[2020-09-12T12:29:17.373+0000][1][gc,age       ] GC(24) - age   6:    1215216 bytes,    1966832 total
[2020-09-12T12:29:17.373+0000][1][gc,heap      ] GC(24) ParNew: 139749K->2479K(153344K)
[2020-09-12T12:29:17.373+0000][1][gc,heap      ] GC(24) CMS: 47517K->48140K(353920K)
[2020-09-12T12:29:17.373+0000][1][gc,metaspace ] GC(24) Metaspace: 32500K->32500K(1079296K)
[2020-09-12T12:29:17.373+0000][1][gc           ] GC(24) Pause Young (Allocation Failure) 182M->49M(495M) 6.504ms
[2020-09-12T12:29:17.373+0000][1][gc,cpu       ] GC(24) User=0.00s Sys=0.00s Real=0.01s
[2020-09-12T12:29:17.373+0000][1][safepoint    ] Safepoint "GenCollectForAllocation", Time since last: 284945681 ns, Reaching safepoint: 38017 ns, At safepoint: 6565453 ns, Total: 6603470 ns
[2020-09-12T12:29:17.695+0000][1][safepoint    ] Safepoint "RevokeBias", Time since last: 319813613 ns, Reaching safepoint: 1687891 ns, At safepoint: 51035 ns, Total: 1738926 ns
[2020-09-12T12:29:17.745+0000][1][gc,start     ] GC(25) Pause Young (Allocation Failure)
[2020-09-12T12:29:17.745+0000][1][gc,task      ] GC(25) Using 2 workers of 2 for evacuation
[2020-09-12T12:29:17.766+0000][1][gc,age       ] GC(25) Desired survivor size 8716288 bytes, new threshold 6 (max threshold 6)
[2020-09-12T12:29:17.766+0000][1][gc,age       ] GC(25) Age table with threshold 6 (max threshold 6)
[2020-09-12T12:29:17.766+0000][1][gc,age       ] GC(25) - age   1:    7735144 bytes,    7735144 total
[2020-09-12T12:29:17.766+0000][1][gc,age       ] GC(25) - age   5:     233840 bytes,    7968984 total
[2020-09-12T12:29:17.766+0000][1][gc,age       ] GC(25) - age   6:     500848 bytes,    8469832 total
[2020-09-12T12:29:17.766+0000][1][gc,heap      ] GC(25) ParNew: 138799K->9388K(153344K)
[2020-09-12T12:29:17.766+0000][1][gc,heap      ] GC(25) CMS: 48140K->49326K(353920K)
[2020-09-12T12:29:17.766+0000][1][gc,metaspace ] GC(25) Metaspace: 32500K->32500K(1079296K)
[2020-09-12T12:29:17.766+0000][1][gc           ] GC(25) Pause Young (Allocation Failure) 182M->57M(495M) 21.184ms
[2020-09-12T12:29:17.766+0000][1][gc,cpu       ] GC(25) User=0.01s Sys=0.00s Real=0.02s
[2020-09-12T12:29:17.766+0000][1][safepoint    ] Safepoint "GenCollectForAllocation", Time since last: 47718192 ns, Reaching safepoint: 1957066 ns, At safepoint: 21244356 ns, Total: 23201422 ns
[2020-09-12T12:29:18.766+0000][1][safepoint    ] Safepoint "Cleanup", Time since last: 1000260577 ns, Reaching safepoint: 39487 ns, At safepoint: 7937 ns, Total: 47424 ns
[2020-09-12T12:29:19.571+0000][1][gc,start     ] GC(26) Pause Young (Allocation Failure)
[2020-09-12T12:29:19.571+0000][1][gc,task      ] GC(26) Using 2 workers of 2 for evacuation
[2020-09-12T12:29:19.577+0000][1][gc,age       ] GC(26) Desired survivor size 8716288 bytes, new threshold 6 (max threshold 6)
[2020-09-12T12:29:19.577+0000][1][gc,age       ] GC(26) Age table with threshold 6 (max threshold 6)
[2020-09-12T12:29:19.577+0000][1][gc,age       ] GC(26) - age   1:    1000936 bytes,    1000936 total
[2020-09-12T12:29:19.577+0000][1][gc,age       ] GC(26) - age   2:         16 bytes,    1000952 total
[2020-09-12T12:29:19.577+0000][1][gc,age       ] GC(26) - age   6:     224056 bytes,    1225008 total
[2020-09-12T12:29:19.577+0000][1][gc,heap      ] GC(26) ParNew: 145708K->5858K(153344K)
[2020-09-12T12:29:19.577+0000][1][gc,heap      ] GC(26) CMS: 49326K->49816K(353920K)
[2020-09-12T12:29:19.577+0000][1][gc,metaspace ] GC(26) Metaspace: 32502K->32502K(1079296K)
[2020-09-12T12:29:19.577+0000][1][gc           ] GC(26) Pause Young (Allocation Failure) 190M->54M(495M) 6.374ms
[2020-09-12T12:29:19.577+0000][1][gc,cpu       ] GC(26) User=0.00s Sys=0.00s Real=0.00s
[2020-09-12T12:29:19.577+0000][1][safepoint    ] Safepoint "GenCollectForAllocation", Time since last: 804381718 ns, Reaching safepoint: 51499 ns, At safepoint: 6420389 ns, Total: 6471888 ns
[2020-09-12T12:29:20.131+0000][1][gc,start     ] GC(27) Pause Young (Allocation Failure)
[2020-09-12T12:29:20.131+0000][1][gc,task      ] GC(27) Using 2 workers of 2 for evacuation
[2020-09-12T12:29:20.149+0000][1][gc,age       ] GC(27) Desired survivor size 8716288 bytes, new threshold 6 (max threshold 6)
[2020-09-12T12:29:20.149+0000][1][gc,age       ] GC(27) Age table with threshold 6 (max threshold 6)
[2020-09-12T12:29:20.149+0000][1][gc,age       ] GC(27) - age   1:    1267896 bytes,    1267896 total
[2020-09-12T12:29:20.149+0000][1][gc,age       ] GC(27) - age   2:     654872 bytes,    1922768 total
[2020-09-12T12:29:20.149+0000][1][gc,age       ] GC(27) - age   3:         16 bytes,    1922784 total
[2020-09-12T12:29:20.149+0000][1][gc,heap      ] GC(27) ParNew: 142178K->2645K(153344K)
[2020-09-12T12:29:20.149+0000][1][gc,heap      ] GC(27) CMS: 49816K->50034K(353920K)
[2020-09-12T12:29:20.149+0000][1][gc,metaspace ] GC(27) Metaspace: 32502K->32502K(1079296K)
[2020-09-12T12:29:20.149+0000][1][gc           ] GC(27) Pause Young (Allocation Failure) 187M->51M(495M) 18.619ms
[2020-09-12T12:29:20.149+0000][1][gc,cpu       ] GC(27) User=0.00s Sys=0.00s Real=0.02s
[2020-09-12T12:29:20.149+0000][1][safepoint    ] Safepoint "GenCollectForAllocation", Time since last: 553479503 ns, Reaching safepoint: 41428 ns, At safepoint: 18669138 ns, Total: 18710566 ns
[2020-09-12T12:29:21.153+0000][1][safepoint    ] Safepoint "Cleanup", Time since last: 1003400531 ns, Reaching safepoint: 114033 ns, At safepoint: 11139 ns, Total: 125172 ns
[2020-09-12T12:29:21.423+0000][1][safepoint    ] Safepoint "ICBufferFull", Time since last: 269518018 ns, Reaching safepoint: 257508 ns, At safepoint: 12415 ns, Total: 269923 ns
[2020-09-12T12:29:21.741+0000][1][safepoint    ] Safepoint "Deoptimize", Time since last: 318080699 ns, Reaching safepoint: 140420 ns, At safepoint: 370332 ns, Total: 510752 ns
[2020-09-12T12:29:21.746+0000][1][gc,start     ] GC(28) Pause Young (Allocation Failure)
[2020-09-12T12:29:21.746+0000][1][gc,task      ] GC(28) Using 2 workers of 2 for evacuation
[2020-09-12T12:29:21.767+0000][1][gc,age       ] GC(28) Desired survivor size 8716288 bytes, new threshold 6 (max threshold 6)
[2020-09-12T12:29:21.767+0000][1][gc,age       ] GC(28) Age table with threshold 6 (max threshold 6)
[2020-09-12T12:29:21.767+0000][1][gc,age       ] GC(28) - age   1:    1052320 bytes,    1052320 total
[2020-09-12T12:29:21.767+0000][1][gc,age       ] GC(28) - age   2:    1249664 bytes,    2301984 total
[2020-09-12T12:29:21.767+0000][1][gc,age       ] GC(28) - age   3:     651616 bytes,    2953600 total
[2020-09-12T12:29:21.767+0000][1][gc,heap      ] GC(28) ParNew: 138965K->3698K(153344K)
[2020-09-12T12:29:21.767+0000][1][gc,heap      ] GC(28) CMS: 50034K->50034K(353920K)
[2020-09-12T12:29:21.767+0000][1][gc,metaspace ] GC(28) Metaspace: 34047K->34047K(1081344K)
[2020-09-12T12:29:21.767+0000][1][gc           ] GC(28) Pause Young (Allocation Failure) 184M->52M(495M) 20.349ms
[2020-09-12T12:29:21.767+0000][1][gc,cpu       ] GC(28) User=0.01s Sys=0.00s Real=0.02s
[2020-09-12T12:29:21.767+0000][1][safepoint    ] Safepoint "GenCollectForAllocation", Time since last: 4984067 ns, Reaching safepoint: 106749 ns, At safepoint: 20400500 ns, Total: 20507249 ns
[2020-09-12T12:29:22.171+0000][1][safepoint    ] Safepoint "CollectForMetadataAllocation", Time since last: 403544581 ns, Reaching safepoint: 109905 ns, At safepoint: 477593 ns, Total: 587498 ns
[2020-09-12T12:29:22.237+0000][1][safepoint    ] Safepoint "CollectForMetadataAllocation", Time since last: 61435496 ns, Reaching safepoint: 3701256 ns, At safepoint: 672029 ns, Total: 4373285 ns
[2020-09-12T12:29:22.299+0000][1][safepoint    ] Safepoint "CollectForMetadataAllocation", Time since last: 62603131 ns, Reaching safepoint: 108162 ns, At safepoint: 129035 ns, Total: 237197 ns
[2020-09-12T12:29:22.370+0000][1][safepoint    ] Safepoint "CollectForMetadataAllocation", Time since last: 70695578 ns, Reaching safepoint: 105154 ns, At safepoint: 133610 ns, Total: 238764 ns
[2020-09-12T12:29:22.489+0000][1][safepoint    ] Safepoint "CollectForMetadataAllocation", Time since last: 117929193 ns, Reaching safepoint: 150287 ns, At safepoint: 133799 ns, Total: 284086 ns
[2020-09-12T12:29:23.157+0000][1][safepoint    ] Safepoint "CollectForMetadataAllocation", Time since last: 661956543 ns, Reaching safepoint: 6147528 ns, At safepoint: 152091 ns, Total: 6299619 ns
[2020-09-12T12:29:23.770+0000][1][safepoint    ] Safepoint "CollectForMetadataAllocation", Time since last: 613263940 ns, Reaching safepoint: 128386 ns, At safepoint: 130963 ns, Total: 259349 ns
[2020-09-12T12:29:23.771+0000][1][gc,start     ] GC(29) Pause Initial Mark
[2020-09-12T12:29:23.866+0000][1][gc           ] GC(29) Pause Initial Mark 174M->174M(495M) 95.388ms
[2020-09-12T12:29:23.866+0000][1][gc,cpu       ] GC(29) User=0.04s Sys=0.00s Real=0.09s
[2020-09-12T12:29:23.866+0000][1][safepoint    ] Safepoint "CMS_Initial_Mark", Time since last: 453552 ns, Reaching safepoint: 80739 ns, At safepoint: 95473091 ns, Total: 95553830 ns
[2020-09-12T12:29:23.868+0000][1][gc           ] GC(29) Concurrent Mark
[2020-09-12T12:29:24.157+0000][1][safepoint    ] Safepoint "CollectForMetadataAllocation", Time since last: 287584414 ns, Reaching safepoint: 3258937 ns, At safepoint: 92282 ns, Total: 3351219 ns
[2020-09-12T12:29:24.269+0000][1][gc           ] GC(29) Concurrent Mark 401.113ms
[2020-09-12T12:29:24.269+0000][1][gc,cpu       ] GC(29) User=0.18s Sys=0.01s Real=0.41s
[2020-09-12T12:29:24.269+0000][1][gc           ] GC(29) Concurrent Preclean
[2020-09-12T12:29:24.284+0000][1][gc           ] GC(29) Concurrent Preclean 14.642ms
[2020-09-12T12:29:24.284+0000][1][gc,cpu       ] GC(29) User=0.01s Sys=0.00s Real=0.01s
[2020-09-12T12:29:24.284+0000][1][gc           ] GC(29) Concurrent Abortable Preclean
[2020-09-12T12:29:24.384+0000][1][safepoint    ] Safepoint "CollectForMetadataAllocation", Time since last: 225453649 ns, Reaching safepoint: 706207 ns, At safepoint: 85055 ns, Total: 791262 ns
[2020-09-12T12:29:24.592+0000][1][safepoint    ] Safepoint "CollectForMetadataAllocation", Time since last: 208091877 ns, Reaching safepoint: 90878 ns, At safepoint: 149399 ns, Total: 240277 ns
[2020-09-12T12:29:24.660+0000][1][safepoint    ] Safepoint "CollectForMetadataAllocation", Time since last: 67021470 ns, Reaching safepoint: 125609 ns, At safepoint: 1365840 ns, Total: 1491449 ns
[2020-09-12T12:29:24.758+0000][1][safepoint    ] Safepoint "CollectForMetadataAllocation", Time since last: 90714222 ns, Reaching safepoint: 6779483 ns, At safepoint: 207781 ns, Total: 6987264 ns
[2020-09-12T12:29:24.813+0000][1][safepoint    ] Safepoint "CollectForMetadataAllocation", Time since last: 55035474 ns, Reaching safepoint: 108287 ns, At safepoint: 135366 ns, Total: 243653 ns
[2020-09-12T12:29:24.824+0000][1][gc,start     ] GC(30) Pause Young (Allocation Failure)
[2020-09-12T12:29:24.824+0000][1][gc,task      ] GC(30) Using 2 workers of 2 for evacuation
[2020-09-12T12:29:24.845+0000][1][gc,age       ] GC(30) Desired survivor size 8716288 bytes, new threshold 6 (max threshold 6)
[2020-09-12T12:29:24.845+0000][1][gc,age       ] GC(30) Age table with threshold 6 (max threshold 6)
[2020-09-12T12:29:24.845+0000][1][gc,age       ] GC(30) - age   1:    2772472 bytes,    2772472 total
[2020-09-12T12:29:24.845+0000][1][gc,age       ] GC(30) - age   2:    1032272 bytes,    3804744 total
[2020-09-12T12:29:24.845+0000][1][gc,age       ] GC(30) - age   3:    1249664 bytes,    5054408 total
[2020-09-12T12:29:24.845+0000][1][gc,age       ] GC(30) - age   4:     651616 bytes,    5706024 total
[2020-09-12T12:29:24.845+0000][1][gc,heap      ] GC(30) ParNew: 140018K->7235K(153344K)
[2020-09-12T12:29:24.845+0000][1][gc,heap      ] GC(30) CMS: 50034K->50034K(353920K)
[2020-09-12T12:29:24.845+0000][1][gc,metaspace ] GC(30) Metaspace: 38592K->38592K(1085440K)
[2020-09-12T12:29:24.845+0000][1][gc           ] GC(30) Pause Young (Allocation Failure) 185M->55M(495M) 21.600ms
[2020-09-12T12:29:24.845+0000][1][gc,cpu       ] GC(30) User=0.02s Sys=0.00s Real=0.02s
[2020-09-12T12:29:24.846+0000][1][safepoint    ] Safepoint "GenCollectForAllocation", Time since last: 7075265 ns, Reaching safepoint: 3385412 ns, At safepoint: 21653873 ns, Total: 25039285 ns
[2020-09-12T12:29:24.919+0000][1][safepoint    ] Safepoint "CollectForMetadataAllocation", Time since last: 72784651 ns, Reaching safepoint: 154373 ns, At safepoint: 250103 ns, Total: 404476 ns
[2020-09-12T12:29:25.042+0000][1][safepoint    ] Safepoint "CollectForMetadataAllocation", Time since last: 122351363 ns, Reaching safepoint: 653316 ns, At safepoint: 158677 ns, Total: 811993 ns
[2020-09-12T12:29:25.178+0000][1][safepoint    ] Safepoint "CollectForMetadataAllocation", Time since last: 121406361 ns, Reaching safepoint: 14675594 ns, At safepoint: 84246 ns, Total: 14759840 ns
[2020-09-12T12:29:25.348+0000][1][safepoint    ] Safepoint "CollectForMetadataAllocation", Time since last: 160877570 ns, Reaching safepoint: 8979242 ns, At safepoint: 89431 ns, Total: 9068673 ns
[2020-09-12T12:29:25.482+0000][1][safepoint    ] Safepoint "CollectForMetadataAllocation", Time since last: 121794742 ns, Reaching safepoint: 12217173 ns, At safepoint: 313407 ns, Total: 12530580 ns
[2020-09-12T12:29:25.602+0000][1][safepoint    ] Safepoint "CollectForMetadataAllocation", Time since last: 114380064 ns, Reaching safepoint: 5509925 ns, At safepoint: 256227 ns, Total: 5766152 ns
[2020-09-12T12:29:25.731+0000][1][safepoint    ] Safepoint "CollectForMetadataAllocation", Time since last: 127004151 ns, Reaching safepoint: 1052544 ns, At safepoint: 133915 ns, Total: 1186459 ns
[2020-09-12T12:29:25.790+0000][1][safepoint    ] Safepoint "CollectForMetadataAllocation", Time since last: 47916857 ns, Reaching safepoint: 11076076 ns, At safepoint: 177393 ns, Total: 11253469 ns
[2020-09-12T12:29:25.910+0000][1][safepoint    ] Safepoint "CollectForMetadataAllocation", Time since last: 119853671 ns, Reaching safepoint: 405307 ns, At safepoint: 128934 ns, Total: 534241 ns
[2020-09-12T12:29:26.053+0000][1][safepoint    ] Safepoint "CollectForMetadataAllocation", Time since last: 142370612 ns, Reaching safepoint: 34589 ns, At safepoint: 165122 ns, Total: 199711 ns
[2020-09-12T12:29:26.219+0000][1][safepoint    ] Safepoint "CollectForMetadataAllocation", Time since last: 165810092 ns, Reaching safepoint: 84040 ns, At safepoint: 129340 ns, Total: 213380 ns
[2020-09-12T12:29:26.360+0000][1][safepoint    ] Safepoint "CollectForMetadataAllocation", Time since last: 141040721 ns, Reaching safepoint: 45997 ns, At safepoint: 307317 ns, Total: 353314 ns
[2020-09-12T12:29:26.477+0000][1][safepoint    ] Safepoint "CollectForMetadataAllocation", Time since last: 117034007 ns, Reaching safepoint: 102319 ns, At safepoint: 122197 ns, Total: 224516 ns
[2020-09-12T12:29:26.634+0000][1][safepoint    ] Safepoint "CollectForMetadataAllocation", Time since last: 155960378 ns, Reaching safepoint: 105663 ns, At safepoint: 120375 ns, Total: 226038 ns
[2020-09-12T12:29:26.869+0000][1][safepoint    ] Safepoint "CollectForMetadataAllocation", Time since last: 233458436 ns, Reaching safepoint: 1617489 ns, At safepoint: 126659 ns, Total: 1744148 ns
[2020-09-12T12:29:26.966+0000][1][safepoint    ] Safepoint "CollectForMetadataAllocation", Time since last: 97432134 ns, Reaching safepoint: 34056 ns, At safepoint: 162172 ns, Total: 196228 ns
[2020-09-12T12:29:27.198+0000][1][safepoint    ] Safepoint "CollectForMetadataAllocation", Time since last: 223057652 ns, Reaching safepoint: 8114373 ns, At safepoint: 84596 ns, Total: 8198969 ns
[2020-09-12T12:29:27.287+0000][1][safepoint    ] Safepoint "CollectForMetadataAllocation", Time since last: 78964180 ns, Reaching safepoint: 10044311 ns, At safepoint: 196122 ns, Total: 10240433 ns
[2020-09-12T12:29:27.421+0000][1][safepoint    ] Safepoint "CollectForMetadataAllocation", Time since last: 133748362 ns, Reaching safepoint: 63051 ns, At safepoint: 94170 ns, Total: 157221 ns
[2020-09-12T12:29:27.518+0000][1][safepoint    ] Safepoint "CollectForMetadataAllocation", Time since last: 95173227 ns, Reaching safepoint: 1540058 ns, At safepoint: 92255 ns, Total: 1632313 ns
[2020-09-12T12:29:27.817+0000][1][safepoint    ] Safepoint "CollectForMetadataAllocation", Time since last: 299049762 ns, Reaching safepoint: 73282 ns, At safepoint: 116858 ns, Total: 190140 ns
[2020-09-12T12:29:27.888+0000][1][safepoint    ] Safepoint "CollectForMetadataAllocation", Time since last: 64727430 ns, Reaching safepoint: 59768 ns, At safepoint: 6231485 ns, Total: 6291253 ns
[2020-09-12T12:29:28.116+0000][1][safepoint    ] Safepoint "CollectForMetadataAllocation", Time since last: 227626154 ns, Reaching safepoint: 60791 ns, At safepoint: 128481 ns, Total: 189272 ns
[2020-09-12T12:29:28.289+0000][1][safepoint    ] Safepoint "CollectForMetadataAllocation", Time since last: 164878333 ns, Reaching safepoint: 8112521 ns, At safepoint: 128309 ns, Total: 8240830 ns
[2020-09-12T12:29:28.340+0000][1][safepoint    ] Safepoint "RevokeBias", Time since last: 33898684 ns, Reaching safepoint: 17019138 ns, At safepoint: 40819 ns, Total: 17059957 ns
[2020-09-12T12:29:28.343+0000][1][safepoint    ] Safepoint "RevokeBias", Time since last: 111900 ns, Reaching safepoint: 3262187 ns, At safepoint: 43380 ns, Total: 3305567 ns
[2020-09-12T12:29:29.355+0000][1][safepoint    ] Safepoint "Cleanup", Time since last: 1000124699 ns, Reaching safepoint: 11895593 ns, At safepoint: 16748 ns, Total: 11912341 ns
[2020-09-12T12:29:29.431+0000][1][gc           ] GC(29) Concurrent Abortable Preclean 5147.585ms
[2020-09-12T12:29:29.449+0000][1][gc,cpu       ] GC(29) User=2.45s Sys=0.04s Real=5.17s
[2020-09-12T12:29:29.458+0000][1][gc,start     ] GC(29) Pause Remark
[2020-09-12T12:29:29.548+0000][1][gc           ] GC(29) Pause Remark 103M->103M(495M) 89.783ms
[2020-09-12T12:29:29.548+0000][1][gc,cpu       ] GC(29) User=0.05s Sys=0.00s Real=0.09s
[2020-09-12T12:29:29.548+0000][1][safepoint    ] Safepoint "CMS_Final_Remark", Time since last: 93499240 ns, Reaching safepoint: 9030915 ns, At safepoint: 89882895 ns, Total: 98913810 ns
[2020-09-12T12:29:29.549+0000][1][gc           ] GC(29) Concurrent Sweep
[2020-09-12T12:29:29.635+0000][1][gc           ] GC(29) Concurrent Sweep 86.153ms
[2020-09-12T12:29:29.635+0000][1][gc,cpu       ] GC(29) User=0.04s Sys=0.00s Real=0.08s
[2020-09-12T12:29:29.635+0000][1][gc           ] GC(29) Concurrent Reset
[2020-09-12T12:29:29.635+0000][1][gc           ] GC(29) Concurrent Reset 0.515ms
[2020-09-12T12:29:29.635+0000][1][gc,cpu       ] GC(29) User=0.00s Sys=0.00s Real=0.00s
[2020-09-12T12:29:29.636+0000][1][gc,heap      ] GC(29) Old: 50034K->49034K(353920K)
[2020-09-12T12:29:31.559+0000][1][safepoint    ] Safepoint "Cleanup", Time since last: 2002814647 ns, Reaching safepoint: 8365259 ns, At safepoint: 16680 ns, Total: 8381939 ns
[2020-09-12T12:29:32.566+0000][1][safepoint    ] Safepoint "Cleanup", Time since last: 1000782001 ns, Reaching safepoint: 6506093 ns, At safepoint: 22265 ns, Total: 6528358 ns
[2020-09-12T12:29:33.256+0000][1][safepoint    ] Safepoint "RevokeBias", Time since last: 689823670 ns, Reaching safepoint: 60639 ns, At safepoint: 52587 ns, Total: 113226 ns
[2020-09-12T12:29:33.258+0000][1][safepoint    ] Safepoint "RevokeBias", Time since last: 1638673 ns, Reaching safepoint: 28222 ns, At safepoint: 38718 ns, Total: 66940 ns
[2020-09-12T12:29:33.343+0000][1][safepoint    ] Safepoint "RevokeBias", Time since last: 80281293 ns, Reaching safepoint: 4554718 ns, At safepoint: 59775 ns, Total: 4614493 ns
[2020-09-12T12:29:33.344+0000][1][safepoint    ] Safepoint "RevokeBias", Time since last: 222168 ns, Reaching safepoint: 598830 ns, At safepoint: 49453 ns, Total: 648283 ns
[2020-09-12T12:29:33.345+0000][1][safepoint    ] Safepoint "RevokeBias", Time since last: 260436 ns, Reaching safepoint: 1399096 ns, At safepoint: 50232 ns, Total: 1449328 ns
[2020-09-12T12:29:33.346+0000][1][safepoint    ] Safepoint "RevokeBias", Time since last: 57910 ns, Reaching safepoint: 787215 ns, At safepoint: 43603 ns, Total: 830818 ns
[2020-09-12T12:29:33.352+0000][1][safepoint    ] Safepoint "RevokeBias", Time since last: 55555 ns, Reaching safepoint: 5888231 ns, At safepoint: 92589 ns, Total: 5980820 ns
[2020-09-12T12:29:33.354+0000][1][safepoint    ] Safepoint "RevokeBias", Time since last: 112756 ns, Reaching safepoint: 1540384 ns, At safepoint: 81899 ns, Total: 1622283 ns
[2020-09-12T12:29:33.356+0000][1][safepoint    ] Safepoint "RevokeBias", Time since last: 62316 ns, Reaching safepoint: 2210694 ns, At safepoint: 61038 ns, Total: 2271732 ns
[2020-09-12T12:29:33.361+0000][1][safepoint    ] Safepoint "RevokeBias", Time since last: 106332 ns, Reaching safepoint: 4320431 ns, At safepoint: 67521 ns, Total: 4387952 ns
[2020-09-12T12:29:33.362+0000][1][safepoint    ] Safepoint "RevokeBias", Time since last: 68374 ns, Reaching safepoint: 1518395 ns, At safepoint: 36336 ns, Total: 1554731 ns
[2020-09-12T12:29:33.363+0000][1][safepoint    ] Safepoint "RevokeBias", Time since last: 53321 ns, Reaching safepoint: 107671 ns, At safepoint: 60269 ns, Total: 167940 ns
[2020-09-12T12:29:33.364+0000][1][safepoint    ] Safepoint "RevokeBias", Time since last: 45574 ns, Reaching safepoint: 1147790 ns, At safepoint: 35278 ns, Total: 1183068 ns
[2020-09-12T12:29:33.364+0000][1][safepoint    ] Safepoint "RevokeBias", Time since last: 85947 ns, Reaching safepoint: 81204 ns, At safepoint: 30101 ns, Total: 111305 ns
[2020-09-12T12:29:33.364+0000][1][safepoint    ] Safepoint "RevokeBias", Time since last: 60113 ns, Reaching safepoint: 121094 ns, At safepoint: 26109 ns, Total: 147203 ns
[2020-09-12T12:29:33.365+0000][1][safepoint    ] Safepoint "RevokeBias", Time since last: 144269 ns, Reaching safepoint: 473574 ns, At safepoint: 30047 ns, Total: 503621 ns
[2020-09-12T12:29:33.366+0000][1][safepoint    ] Safepoint "RevokeBias", Time since last: 49273 ns, Reaching safepoint: 909896 ns, At safepoint: 51262 ns, Total: 961158 ns
[2020-09-12T12:29:33.366+0000][1][safepoint    ] Safepoint "RevokeBias", Time since last: 128937 ns, Reaching safepoint: 95913 ns, At safepoint: 59071 ns, Total: 154984 ns
[2020-09-12T12:29:33.369+0000][1][safepoint    ] Safepoint "RevokeBias", Time since last: 1177887 ns, Reaching safepoint: 1607320 ns, At safepoint: 82485 ns, Total: 1689805 ns
[2020-09-12T12:29:33.464+0000][1][safepoint    ] Safepoint "RevokeBias", Time since last: 91643273 ns, Reaching safepoint: 3386983 ns, At safepoint: 393268 ns, Total: 3780251 ns
[2020-09-12T12:29:33.552+0000][1][safepoint    ] Safepoint "RevokeBias", Time since last: 87916856 ns, Reaching safepoint: 30602 ns, At safepoint: 66887 ns, Total: 97489 ns
[2020-09-12T12:29:33.580+0000][1][safepoint    ] Safepoint "RevokeBias", Time since last: 27436234 ns, Reaching safepoint: 34700 ns, At safepoint: 48555 ns, Total: 83255 ns
[2020-09-12T12:29:34.307+0000][1][safepoint    ] Safepoint "RevokeBias", Time since last: 722937648 ns, Reaching safepoint: 3889973 ns, At safepoint: 61047 ns, Total: 3951020 ns
[2020-09-12T12:29:34.313+0000][1][safepoint    ] Safepoint "RevokeBias", Time since last: 305015 ns, Reaching safepoint: 5499487 ns, At safepoint: 54480 ns, Total: 5553967 ns
[2020-09-12T12:29:34.321+0000][1][safepoint    ] Safepoint "RevokeBias", Time since last: 88244 ns, Reaching safepoint: 7902603 ns, At safepoint: 51577 ns, Total: 7954180 ns
[2020-09-12T12:29:34.540+0000][1][safepoint    ] Safepoint "RevokeBias", Time since last: 218787821 ns, Reaching safepoint: 262343 ns, At safepoint: 45218 ns, Total: 307561 ns
[2020-09-12T12:29:34.544+0000][1][safepoint    ] Safepoint "RevokeBias", Time since last: 1835780 ns, Reaching safepoint: 2082239 ns, At safepoint: 41070 ns, Total: 2123309 ns
[2020-09-12T12:29:34.545+0000][1][safepoint    ] Safepoint "RevokeBias", Time since last: 534589 ns, Reaching safepoint: 289170 ns, At safepoint: 33315 ns, Total: 322485 ns
[2020-09-12T12:29:34.559+0000][1][safepoint    ] Safepoint "RevokeBias", Time since last: 13666605 ns, Reaching safepoint: 1030519 ns, At safepoint: 54584 ns, Total: 1085103 ns
[2020-09-12T12:29:34.575+0000][1][safepoint    ] Safepoint "RevokeBias", Time since last: 13220237 ns, Reaching safepoint: 1840281 ns, At safepoint: 62500 ns, Total: 1902781 ns
[2020-09-12T12:29:34.587+0000][1][safepoint    ] Safepoint "RevokeBias", Time since last: 6089936 ns, Reaching safepoint: 6501382 ns, At safepoint: 65853 ns, Total: 6567235 ns
[2020-09-12T12:29:34.590+0000][1][safepoint    ] Safepoint "RevokeBias", Time since last: 2375585 ns, Reaching safepoint: 223203 ns, At safepoint: 34744 ns, Total: 257947 ns
[2020-09-12T12:29:34.592+0000][1][safepoint    ] Safepoint "RevokeBias", Time since last: 210338 ns, Reaching safepoint: 1579179 ns, At safepoint: 68584 ns, Total: 1647763 ns
[2020-09-12T12:29:34.592+0000][1][safepoint    ] Safepoint "RevokeBias", Time since last: 59235 ns, Reaching safepoint: 182281 ns, At safepoint: 37860 ns, Total: 220141 ns
[2020-09-12T12:29:34.593+0000][1][safepoint    ] Safepoint "RevokeBias", Time since last: 43258 ns, Reaching safepoint: 631519 ns, At safepoint: 41447 ns, Total: 672966 ns
[2020-09-12T12:29:34.595+0000][1][safepoint    ] Safepoint "RevokeBias", Time since last: 48681 ns, Reaching safepoint: 2026892 ns, At safepoint: 40777 ns, Total: 2067669 ns
[2020-09-12T12:29:34.617+0000][1][safepoint    ] Safepoint "RevokeBias", Time since last: 21840856 ns, Reaching safepoint: 689327 ns, At safepoint: 81381 ns, Total: 770708 ns
[2020-09-12T12:29:34.621+0000][1][safepoint    ] Safepoint "RevokeBias", Time since last: 73930 ns, Reaching safepoint: 3156365 ns, At safepoint: 55295 ns, Total: 3211660 ns
[2020-09-12T12:29:34.643+0000][1][safepoint    ] Safepoint "RevokeBias", Time since last: 19930079 ns, Reaching safepoint: 1885010 ns, At safepoint: 54248 ns, Total: 1939258 ns
[2020-09-12T12:29:34.651+0000][1][safepoint    ] Safepoint "BulkRevokeBias", Time since last: 8078093 ns, Reaching safepoint: 588494 ns, At safepoint: 132392 ns, Total: 720886 ns
[2020-09-12T12:29:34.652+0000][1][safepoint    ] Safepoint "RevokeBias", Time since last: 115270 ns, Reaching safepoint: 198176 ns, At safepoint: 39393 ns, Total: 237569 ns
[2020-09-12T12:29:34.653+0000][1][safepoint    ] Safepoint "RevokeBias", Time since last: 61189 ns, Reaching safepoint: 854369 ns, At safepoint: 41873 ns, Total: 896242 ns
[2020-09-12T12:29:34.653+0000][1][safepoint    ] Safepoint "RevokeBias", Time since last: 189129 ns, Reaching safepoint: 69951 ns, At safepoint: 27107 ns, Total: 97058 ns
[2020-09-12T12:29:34.653+0000][1][safepoint    ] Safepoint "RevokeBias", Time since last: 45456 ns, Reaching safepoint: 189422 ns, At safepoint: 24845 ns, Total: 214267 ns
[2020-09-12T12:29:34.654+0000][1][safepoint    ] Safepoint "RevokeBias", Time since last: 158966 ns, Reaching safepoint: 429996 ns, At safepoint: 25677 ns, Total: 455673 ns
[2020-09-12T12:29:34.678+0000][1][safepoint    ] Safepoint "RevokeBias", Time since last: 16901347 ns, Reaching safepoint: 6641809 ns, At safepoint: 170429 ns, Total: 6812238 ns
[2020-09-12T12:29:34.685+0000][1][safepoint    ] Safepoint "RevokeBias", Time since last: 4634353 ns, Reaching safepoint: 2450947 ns, At safepoint: 67290 ns, Total: 2518237 ns
[2020-09-12T12:29:34.704+0000][1][safepoint    ] Safepoint "RevokeBias", Time since last: 15926690 ns, Reaching safepoint: 3023722 ns, At safepoint: 55093 ns, Total: 3078815 ns
[2020-09-12T12:29:34.719+0000][1][safepoint    ] Safepoint "RevokeBias", Time since last: 14601680 ns, Reaching safepoint: 565824 ns, At safepoint: 45324 ns, Total: 611148 ns
[2020-09-12T12:29:34.726+0000][1][safepoint    ] Safepoint "RevokeBias", Time since last: 5761689 ns, Reaching safepoint: 1106600 ns, At safepoint: 46430 ns, Total: 1153030 ns
[2020-09-12T12:29:34.736+0000][1][safepoint    ] Safepoint "RevokeBias", Time since last: 7292046 ns, Reaching safepoint: 2356847 ns, At safepoint: 38384 ns, Total: 2395231 ns
[2020-09-12T12:29:34.741+0000][1][safepoint    ] Safepoint "RevokeBias", Time since last: 3395931 ns, Reaching safepoint: 1711599 ns, At safepoint: 35680 ns, Total: 1747279 ns
[2020-09-12T12:29:34.747+0000][1][safepoint    ] Safepoint "RevokeBias", Time since last: 5987357 ns, Reaching safepoint: 358607 ns, At safepoint: 57683 ns, Total: 416290 ns
[2020-09-12T12:29:34.761+0000][1][safepoint    ] Safepoint "RevokeBias", Time since last: 10801142 ns, Reaching safepoint: 2815239 ns, At safepoint: 52780 ns, Total: 2868019 ns
[2020-09-12T12:29:34.767+0000][1][safepoint    ] Safepoint "RevokeBias", Time since last: 2145995 ns, Reaching safepoint: 3492432 ns, At safepoint: 66854 ns, Total: 3559286 ns
[2020-09-12T12:29:34.781+0000][1][safepoint    ] Safepoint "RevokeBias", Time since last: 7551540 ns, Reaching safepoint: 6662258 ns, At safepoint: 78773 ns, Total: 6741031 ns
[2020-09-12T12:29:34.801+0000][1][safepoint    ] Safepoint "RevokeBias", Time since last: 14388754 ns, Reaching safepoint: 5546452 ns, At safepoint: 67209 ns, Total: 5613661 ns
[2020-09-12T12:29:34.806+0000][1][safepoint    ] Safepoint "RevokeBias", Time since last: 3035200 ns, Reaching safepoint: 2268562 ns, At safepoint: 50311 ns, Total: 2318873 ns
[2020-09-12T12:29:34.809+0000][1][safepoint    ] Safepoint "RevokeBias", Time since last: 1259338 ns, Reaching safepoint: 1290357 ns, At safepoint: 46663 ns, Total: 1337020 ns
[2020-09-12T12:29:34.817+0000][1][safepoint    ] Safepoint "RevokeBias", Time since last: 7983073 ns, Reaching safepoint: 508190 ns, At safepoint: 61180 ns, Total: 569370 ns
[2020-09-12T12:29:34.818+0000][1][safepoint    ] Safepoint "RevokeBias", Time since last: 72237 ns, Reaching safepoint: 711525 ns, At safepoint: 73995 ns, Total: 785520 ns
[2020-09-12T12:29:34.839+0000][1][safepoint    ] Safepoint "RevokeBias", Time since last: 16361140 ns, Reaching safepoint: 4302620 ns, At safepoint: 38876 ns, Total: 4341496 ns
[2020-09-12T12:29:34.840+0000][1][safepoint    ] Safepoint "BulkRevokeBias", Time since last: 319743 ns, Reaching safepoint: 682726 ns, At safepoint: 102116 ns, Total: 784842 ns
[2020-09-12T12:29:34.841+0000][1][safepoint    ] Safepoint "RevokeBias", Time since last: 173526 ns, Reaching safepoint: 972247 ns, At safepoint: 50912 ns, Total: 1023159 ns
[2020-09-12T12:29:34.849+0000][1][safepoint    ] Safepoint "RevokeBias", Time since last: 2585386 ns, Reaching safepoint: 4920279 ns, At safepoint: 96358 ns, Total: 5016637 ns
[2020-09-12T12:29:34.867+0000][1][safepoint    ] Safepoint "RevokeBias", Time since last: 15927797 ns, Reaching safepoint: 1890326 ns, At safepoint: 72879 ns, Total: 1963205 ns
[2020-09-12T12:29:34.885+0000][1][safepoint    ] Safepoint "RevokeBias", Time since last: 17170164 ns, Reaching safepoint: 883006 ns, At safepoint: 57085 ns, Total: 940091 ns
[2020-09-12T12:29:34.895+0000][1][safepoint    ] Safepoint "RevokeBias", Time since last: 9752148 ns, Reaching safepoint: 499432 ns, At safepoint: 57420 ns, Total: 556852 ns
[2020-09-12T12:29:34.898+0000][1][safepoint    ] Safepoint "RevokeBias", Time since last: 2604256 ns, Reaching safepoint: 496876 ns, At safepoint: 72338 ns, Total: 569214 ns
[2020-09-12T12:29:34.899+0000][1][safepoint    ] Safepoint "RevokeBias", Time since last: 318735 ns, Reaching safepoint: 659049 ns, At safepoint: 60915 ns, Total: 719964 ns
[2020-09-12T12:29:34.913+0000][1][safepoint    ] Safepoint "RevokeBias", Time since last: 11647021 ns, Reaching safepoint: 1947704 ns, At safepoint: 55483 ns, Total: 2003187 ns
[2020-09-12T12:29:34.914+0000][1][safepoint    ] Safepoint "RevokeBias", Time since last: 698676 ns, Reaching safepoint: 371276 ns, At safepoint: 41623 ns, Total: 412899 ns
[2020-09-12T12:29:34.917+0000][1][safepoint    ] Safepoint "RevokeBias", Time since last: 50232 ns, Reaching safepoint: 2616362 ns, At safepoint: 58387 ns, Total: 2674749 ns
[2020-09-12T12:29:34.922+0000][1][safepoint    ] Safepoint "RevokeBias", Time since last: 4627347 ns, Reaching safepoint: 182916 ns, At safepoint: 79638 ns, Total: 262554 ns
[2020-09-12T12:29:34.923+0000][1][safepoint    ] Safepoint "RevokeBias", Time since last: 313490 ns, Reaching safepoint: 1231957 ns, At safepoint: 83826 ns, Total: 1315783 ns
[2020-09-12T12:29:34.929+0000][1][safepoint    ] Safepoint "RevokeBias", Time since last: 1378963 ns, Reaching safepoint: 4041116 ns, At safepoint: 43468 ns, Total: 4084584 ns
[2020-09-12T12:29:34.944+0000][1][safepoint    ] Safepoint "RevokeBias", Time since last: 11971893 ns, Reaching safepoint: 3567507 ns, At safepoint: 64100 ns, Total: 3631607 ns
[2020-09-12T12:29:34.957+0000][1][safepoint    ] Safepoint "RevokeBias", Time since last: 10187951 ns, Reaching safepoint: 2189778 ns, At safepoint: 68951 ns, Total: 2258729 ns
[2020-09-12T12:29:34.961+0000][1][gc,start     ] GC(31) Pause Young (Allocation Failure)
[2020-09-12T12:29:34.961+0000][1][gc,task      ] GC(31) Using 2 workers of 2 for evacuation
[2020-09-12T12:29:35.029+0000][1][gc,age       ] GC(31) Desired survivor size 8716288 bytes, new threshold 3 (max threshold 6)
[2020-09-12T12:29:35.029+0000][1][gc,age       ] GC(31) Age table with threshold 3 (max threshold 6)
[2020-09-12T12:29:35.029+0000][1][gc,age       ] GC(31) - age   1:    5144040 bytes,    5144040 total
[2020-09-12T12:29:35.029+0000][1][gc,age       ] GC(31) - age   2:    2728200 bytes,    7872240 total
[2020-09-12T12:29:35.029+0000][1][gc,age       ] GC(31) - age   3:    1029512 bytes,    8901752 total
[2020-09-12T12:29:35.029+0000][1][gc,age       ] GC(31) - age   4:    1249496 bytes,   10151248 total
[2020-09-12T12:29:35.029+0000][1][gc,age       ] GC(31) - age   5:     651592 bytes,   10802840 total
[2020-09-12T12:29:35.029+0000][1][gc,heap      ] GC(31) ParNew: 143555K->11501K(153344K)
[2020-09-12T12:29:35.029+0000][1][gc,heap      ] GC(31) CMS: 49034K->49034K(353920K)
[2020-09-12T12:29:35.029+0000][1][gc,metaspace ] GC(31) Metaspace: 51153K->51153K(1095680K)
[2020-09-12T12:29:35.029+0000][1][gc           ] GC(31) Pause Young (Allocation Failure) 188M->59M(495M) 68.170ms
[2020-09-12T12:29:35.029+0000][1][gc,cpu       ] GC(31) User=0.04s Sys=0.00s Real=0.07s
[2020-09-12T12:29:35.029+0000][1][safepoint    ] Safepoint "GenCollectForAllocation", Time since last: 264572 ns, Reaching safepoint: 3655751 ns, At safepoint: 68228925 ns, Total: 71884676 ns
[2020-09-12T12:29:35.030+0000][1][safepoint    ] Safepoint "RevokeBias", Time since last: 1344715 ns, Reaching safepoint: 30069 ns, At safepoint: 50982 ns, Total: 81051 ns
[2020-09-12T12:29:35.034+0000][1][safepoint    ] Safepoint "RevokeBias", Time since last: 3136415 ns, Reaching safepoint: 58793 ns, At safepoint: 68961 ns, Total: 127754 ns
[2020-09-12T12:29:35.037+0000][1][safepoint    ] Safepoint "RevokeBias", Time since last: 3644556 ns, Reaching safepoint: 109215 ns, At safepoint: 40164 ns, Total: 149379 ns
[2020-09-12T12:29:35.052+0000][1][safepoint    ] Safepoint "RevokeBias", Time since last: 10836042 ns, Reaching safepoint: 3271792 ns, At safepoint: 54967 ns, Total: 3326759 ns
[2020-09-12T12:29:35.065+0000][1][safepoint    ] Safepoint "RevokeBias", Time since last: 5341874 ns, Reaching safepoint: 7773567 ns, At safepoint: 72533 ns, Total: 7846100 ns
[2020-09-12T12:29:35.081+0000][1][safepoint    ] Safepoint "BulkRevokeBias", Time since last: 11898343 ns, Reaching safepoint: 4036623 ns, At safepoint: 126046 ns, Total: 4162669 ns
[2020-09-12T12:29:35.096+0000][1][safepoint    ] Safepoint "RevokeBias", Time since last: 11597881 ns, Reaching safepoint: 3585049 ns, At safepoint: 75610 ns, Total: 3660659 ns
[2020-09-12T12:29:35.103+0000][1][safepoint    ] Safepoint "RevokeBias", Time since last: 6411964 ns, Reaching safepoint: 516556 ns, At safepoint: 65848 ns, Total: 582404 ns
[2020-09-12T12:29:35.137+0000][1][safepoint    ] Safepoint "RevokeBias", Time since last: 31110477 ns, Reaching safepoint: 2509196 ns, At safepoint: 28356 ns, Total: 2537552 ns
[2020-09-12T12:29:35.139+0000][1][safepoint    ] Safepoint "RevokeBias", Time since last: 256580 ns, Reaching safepoint: 1642569 ns, At safepoint: 16875 ns, Total: 1659444 ns
[2020-09-12T12:29:36.978+0000][1][safepoint    ] Safepoint "Cleanup", Time since last: 1830039275 ns, Reaching safepoint: 9492685 ns, At safepoint: 19523 ns, Total: 9512208 ns
[2020-09-12T12:29:37.990+0000][1][safepoint    ] Safepoint "Cleanup", Time since last: 1000124294 ns, Reaching safepoint: 11367454 ns, At safepoint: 17299 ns, Total: 11384753 ns
[2020-09-12T12:29:38.994+0000][1][safepoint    ] Safepoint "Cleanup", Time since last: 1000598601 ns, Reaching safepoint: 3961368 ns, At safepoint: 17046 ns, Total: 3978414 ns
[2020-09-12T12:29:39.995+0000][1][safepoint    ] Safepoint "Cleanup", Time since last: 1000149675 ns, Reaching safepoint: 833554 ns, At safepoint: 11401 ns, Total: 844955 ns
[2020-09-12T12:29:40.496+0000][1][safepoint    ] Safepoint "Deoptimize", Time since last: 499775553 ns, Reaching safepoint: 41944 ns, At safepoint: 386173 ns, Total: 428117 ns
[2020-09-12T12:29:40.911+0000][1][gc,start     ] GC(32) Pause Young (Allocation Failure)
[2020-09-12T12:29:40.911+0000][1][gc,task      ] GC(32) Using 2 workers of 2 for evacuation
[2020-09-12T12:29:41.026+0000][1][gc,age       ] GC(32) Desired survivor size 8716288 bytes, new threshold 2 (max threshold 6)
[2020-09-12T12:29:41.026+0000][1][gc,age       ] GC(32) Age table with threshold 2 (max threshold 6)
[2020-09-12T12:29:41.026+0000][1][gc,age       ] GC(32) - age   1:    4376520 bytes,    4376520 total
[2020-09-12T12:29:41.026+0000][1][gc,age       ] GC(32) - age   2:    4953992 bytes,    9330512 total
[2020-09-12T12:29:41.026+0000][1][gc,age       ] GC(32) - age   3:    2705392 bytes,   12035904 total
[2020-09-12T12:29:41.026+0000][1][gc,heap      ] GC(32) ParNew: 147821K->16982K(153344K)
[2020-09-12T12:29:41.026+0000][1][gc,heap      ] GC(32) CMS: 49034K->51903K(353920K)
[2020-09-12T12:29:41.026+0000][1][gc,metaspace ] GC(32) Metaspace: 63594K->63594K(1107968K)
[2020-09-12T12:29:41.026+0000][1][gc           ] GC(32) Pause Young (Allocation Failure) 192M->67M(495M) 115.077ms
[2020-09-12T12:29:41.026+0000][1][gc,cpu       ] GC(32) User=0.05s Sys=0.00s Real=0.11s
[2020-09-12T12:29:41.026+0000][1][safepoint    ] Safepoint "GenCollectForAllocation", Time since last: 415551339 ns, Reaching safepoint: 50352 ns, At safepoint: 115131217 ns, Total: 115181569 ns
[2020-09-12T12:29:41.383+0000][1][safepoint    ] Safepoint "RevokeBias", Time since last: 356467219 ns, Reaching safepoint: 153545 ns, At safepoint: 20440 ns, Total: 173985 ns
[2020-09-12T12:29:41.725+0000][1][safepoint    ] Safepoint "RevokeBias", Time since last: 341341778 ns, Reaching safepoint: 564570 ns, At safepoint: 60059 ns, Total: 624629 ns
[2020-09-12T12:29:42.733+0000][1][safepoint    ] Safepoint "Cleanup", Time since last: 1000118723 ns, Reaching safepoint: 7636998 ns, At safepoint: 23263 ns, Total: 7660261 ns
[2020-09-12T12:29:42.849+0000][1][safepoint    ] Safepoint "BulkRevokeBias", Time since last: 115812104 ns, Reaching safepoint: 144243 ns, At safepoint: 185644 ns, Total: 329887 ns
[2020-09-12T12:29:42.987+0000][1][safepoint    ] Safepoint "Deoptimize", Time since last: 138273440 ns, Reaching safepoint: 37735 ns, At safepoint: 361631 ns, Total: 399366 ns
[2020-09-12T12:29:43.032+0000][1][safepoint    ] Safepoint "Deoptimize", Time since last: 44237086 ns, Reaching safepoint: 32200 ns, At safepoint: 339095 ns, Total: 371295 ns
[2020-09-12T12:29:43.286+0000][1][safepoint    ] Safepoint "RevokeBias", Time since last: 253548868 ns, Reaching safepoint: 56284 ns, At safepoint: 49580 ns, Total: 105864 ns
[2020-09-12T12:29:43.287+0000][1][safepoint    ] Safepoint "RevokeBias", Time since last: 992632 ns, Reaching safepoint: 77037 ns, At safepoint: 47667 ns, Total: 124704 ns
[2020-09-12T12:29:43.290+0000][1][safepoint    ] Safepoint "RevokeBias", Time since last: 2749825 ns, Reaching safepoint: 211476 ns, At safepoint: 36185 ns, Total: 247661 ns
[2020-09-12T12:29:43.293+0000][1][safepoint    ] Safepoint "RevokeBias", Time since last: 2864927 ns, Reaching safepoint: 34721 ns, At safepoint: 45661 ns, Total: 80382 ns
[2020-09-12T12:29:43.295+0000][1][safepoint    ] Safepoint "RevokeBias", Time since last: 1976422 ns, Reaching safepoint: 33658 ns, At safepoint: 65051 ns, Total: 98709 ns
[2020-09-12T12:29:43.303+0000][1][safepoint    ] Safepoint "RevokeBias", Time since last: 8313006 ns, Reaching safepoint: 37536 ns, At safepoint: 34150 ns, Total: 71686 ns
[2020-09-12T12:29:43.307+0000][1][safepoint    ] Safepoint "RevokeBias", Time since last: 4022191 ns, Reaching safepoint: 37150 ns, At safepoint: 32825 ns, Total: 69975 ns
[2020-09-12T12:29:43.310+0000][1][safepoint    ] Safepoint "RevokeBias", Time since last: 2679578 ns, Reaching safepoint: 38723 ns, At safepoint: 31884 ns, Total: 70607 ns
[2020-09-12T12:29:43.311+0000][1][safepoint    ] Safepoint "RevokeBias", Time since last: 303508 ns, Reaching safepoint: 542506 ns, At safepoint: 30834 ns, Total: 573340 ns
[2020-09-12T12:29:43.311+0000][1][safepoint    ] Safepoint "RevokeBias", Time since last: 272359 ns, Reaching safepoint: 26702 ns, At safepoint: 24427 ns, Total: 51129 ns
[2020-09-12T12:29:43.319+0000][1][safepoint    ] Safepoint "RevokeBias", Time since last: 62093 ns, Reaching safepoint: 7494126 ns, At safepoint: 44726 ns, Total: 7538852 ns
[2020-09-12T12:29:43.322+0000][1][safepoint    ] Safepoint "RevokeBias", Time since last: 1790572 ns, Reaching safepoint: 1274107 ns, At safepoint: 65006 ns, Total: 1339113 ns
[2020-09-12T12:29:43.322+0000][1][safepoint    ] Safepoint "RevokeBias", Time since last: 201266 ns, Reaching safepoint: 50990 ns, At safepoint: 29838 ns, Total: 80828 ns
[2020-09-12T12:29:43.324+0000][1][safepoint    ] Safepoint "RevokeBias", Time since last: 1775104 ns, Reaching safepoint: 31528 ns, At safepoint: 29352 ns, Total: 60880 ns
[2020-09-12T12:29:43.327+0000][1][safepoint    ] Safepoint "RevokeBias", Time since last: 2439553 ns, Reaching safepoint: 37626 ns, At safepoint: 35125 ns, Total: 72751 ns
[2020-09-12T12:29:43.332+0000][1][safepoint    ] Safepoint "Deoptimize", Time since last: 4526795 ns, Reaching safepoint: 598995 ns, At safepoint: 406574 ns, Total: 1005569 ns
[2020-09-12T12:29:43.340+0000][1][safepoint    ] Safepoint "RevokeBias", Time since last: 6408656 ns, Reaching safepoint: 1369427 ns, At safepoint: 62605 ns, Total: 1432032 ns
[2020-09-12T12:29:43.355+0000][1][safepoint    ] Safepoint "RevokeBias", Time since last: 8243242 ns, Reaching safepoint: 7001807 ns, At safepoint: 41117 ns, Total: 7042924 ns
[2020-09-12T12:29:43.368+0000][1][safepoint    ] Safepoint "RevokeBias", Time since last: 10840653 ns, Reaching safepoint: 1519662 ns, At safepoint: 38778 ns, Total: 1558440 ns
[2020-09-12T12:29:43.461+0000][1][safepoint    ] Safepoint "RevokeBias", Time since last: 88069817 ns, Reaching safepoint: 4971438 ns, At safepoint: 48242 ns, Total: 5019680 ns
[2020-09-12T12:29:43.504+0000][1][safepoint    ] Safepoint "RevokeBias", Time since last: 42869021 ns, Reaching safepoint: 380873 ns, At safepoint: 38052 ns, Total: 418925 ns
[2020-09-12T12:29:43.524+0000][1][safepoint    ] Safepoint "RevokeBias", Time since last: 17619136 ns, Reaching safepoint: 2183680 ns, At safepoint: 44754 ns, Total: 2228434 ns
[2020-09-12T12:29:43.558+0000][1][safepoint    ] Safepoint "RevokeBias", Time since last: 28052906 ns, Reaching safepoint: 4581650 ns, At safepoint: 1884032 ns, Total: 6465682 ns
[2020-09-12T12:29:43.639+0000][1][safepoint    ] Safepoint "RevokeBias", Time since last: 76830247 ns, Reaching safepoint: 3271200 ns, At safepoint: 54775 ns, Total: 3325975 ns
[2020-09-12T12:29:43.646+0000][1][safepoint    ] Safepoint "RevokeBias", Time since last: 2137452 ns, Reaching safepoint: 5724244 ns, At safepoint: 57674 ns, Total: 5781918 ns
[2020-09-12T12:29:43.649+0000][1][safepoint    ] Safepoint "RevokeBias", Time since last: 1436088 ns, Reaching safepoint: 1106096 ns, At safepoint: 74233 ns, Total: 1180329 ns
[2020-09-12T12:29:43.650+0000][1][safepoint    ] Safepoint "RevokeBias", Time since last: 1271230 ns, Reaching safepoint: 46666 ns, At safepoint: 40433 ns, Total: 87099 ns
[2020-09-12T12:29:43.661+0000][1][safepoint    ] Safepoint "RevokeBias", Time since last: 2339729 ns, Reaching safepoint: 8126013 ns, At safepoint: 73288 ns, Total: 8199301 ns
[2020-09-12T12:29:43.665+0000][1][safepoint    ] Safepoint "RevokeBias", Time since last: 3845953 ns, Reaching safepoint: 56033 ns, At safepoint: 33039 ns, Total: 89072 ns
[2020-09-12T12:29:43.669+0000][1][safepoint    ] Safepoint "RevokeBias", Time since last: 3857061 ns, Reaching safepoint: 33713 ns, At safepoint: 30153 ns, Total: 63866 ns
[2020-09-12T12:29:43.669+0000][1][safepoint    ] Safepoint "RevokeBias", Time since last: 310616 ns, Reaching safepoint: 107611 ns, At safepoint: 31534 ns, Total: 139145 ns
[2020-09-12T12:29:43.673+0000][1][safepoint    ] Safepoint "RevokeBias", Time since last: 1095025 ns, Reaching safepoint: 2432652 ns, At safepoint: 35893 ns, Total: 2468545 ns
[2020-09-12T12:29:43.674+0000][1][safepoint    ] Safepoint "RevokeBias", Time since last: 574805 ns, Reaching safepoint: 84051 ns, At safepoint: 65849 ns, Total: 149900 ns
[2020-09-12T12:29:43.675+0000][1][safepoint    ] Safepoint "RevokeBias", Time since last: 1595026 ns, Reaching safepoint: 99737 ns, At safepoint: 36854 ns, Total: 136591 ns
[2020-09-12T12:29:43.676+0000][1][safepoint    ] Safepoint "RevokeBias", Time since last: 907726 ns, Reaching safepoint: 145906 ns, At safepoint: 37592 ns, Total: 183498 ns
[2020-09-12T12:29:43.678+0000][1][safepoint    ] Safepoint "RevokeBias", Time since last: 1849143 ns, Reaching safepoint: 37329 ns, At safepoint: 36130 ns, Total: 73459 ns
[2020-09-12T12:29:43.687+0000][1][safepoint    ] Safepoint "BulkRevokeBias", Time since last: 8930661 ns, Reaching safepoint: 47284 ns, At safepoint: 105527 ns, Total: 152811 ns
[2020-09-12T12:29:43.688+0000][1][safepoint    ] Safepoint "RevokeBias", Time since last: 242513 ns, Reaching safepoint: 28090 ns, At safepoint: 30422 ns, Total: 58512 ns
[2020-09-12T12:29:43.688+0000][1][safepoint    ] Safepoint "RevokeBias", Time since last: 65404 ns, Reaching safepoint: 22380 ns, At safepoint: 24458 ns, Total: 46838 ns
[2020-09-12T12:29:43.743+0000][1][safepoint    ] Safepoint "RevokeBias", Time since last: 54758190 ns, Reaching safepoint: 50193 ns, At safepoint: 31966 ns, Total: 82159 ns
[2020-09-12T12:29:43.783+0000][1][safepoint    ] Safepoint "RevokeBias", Time since last: 3946552 ns, Reaching safepoint: 144706 ns, At safepoint: 36353983 ns, Total: 36498689 ns
[2020-09-12T12:29:43.790+0000][1][safepoint    ] Safepoint "RevokeBias", Time since last: 3843462 ns, Reaching safepoint: 2189310 ns, At safepoint: 332455 ns, Total: 2521765 ns
[2020-09-12T12:29:43.799+0000][1][safepoint    ] Safepoint "RevokeBias", Time since last: 6806444 ns, Reaching safepoint: 2744260 ns, At safepoint: 58903 ns, Total: 2803163 ns
[2020-09-12T12:29:43.806+0000][1][safepoint    ] Safepoint "RevokeBias", Time since last: 1290840 ns, Reaching safepoint: 5385302 ns, At safepoint: 59119 ns, Total: 5444421 ns
[2020-09-12T12:29:43.807+0000][1][safepoint    ] Safepoint "RevokeBias", Time since last: 101710 ns, Reaching safepoint: 397363 ns, At safepoint: 501810 ns, Total: 899173 ns
[2020-09-12T12:29:43.807+0000][1][safepoint    ] Safepoint "RevokeBias", Time since last: 88814 ns, Reaching safepoint: 149900 ns, At safepoint: 53372 ns, Total: 203272 ns
[2020-09-12T12:29:43.807+0000][1][safepoint    ] Safepoint "RevokeBias", Time since last: 41714 ns, Reaching safepoint: 208426 ns, At safepoint: 31674 ns, Total: 240100 ns
[2020-09-12T12:29:43.810+0000][1][safepoint    ] Safepoint "RevokeBias", Time since last: 39144 ns, Reaching safepoint: 2973395 ns, At safepoint: 59934 ns, Total: 3033329 ns
[2020-09-12T12:29:43.812+0000][1][safepoint    ] Safepoint "RevokeBias", Time since last: 80880 ns, Reaching safepoint: 911108 ns, At safepoint: 45814 ns, Total: 956922 ns
[2020-09-12T12:29:43.812+0000][1][safepoint    ] Safepoint "RevokeBias", Time since last: 56430 ns, Reaching safepoint: 468155 ns, At safepoint: 40087 ns, Total: 508242 ns
[2020-09-12T12:29:43.812+0000][1][safepoint    ] Safepoint "RevokeBias", Time since last: 50531 ns, Reaching safepoint: 242448 ns, At safepoint: 35634 ns, Total: 278082 ns
[2020-09-12T12:29:43.813+0000][1][safepoint    ] Safepoint "RevokeBias", Time since last: 47046 ns, Reaching safepoint: 179255 ns, At safepoint: 34160 ns, Total: 213415 ns
[2020-09-12T12:29:43.813+0000][1][safepoint    ] Safepoint "RevokeBias", Time since last: 47370 ns, Reaching safepoint: 90686 ns, At safepoint: 32660 ns, Total: 123346 ns
[2020-09-12T12:29:43.817+0000][1][safepoint    ] Safepoint "RevokeBias", Time since last: 2173148 ns, Reaching safepoint: 1670618 ns, At safepoint: 114233 ns, Total: 1784851 ns
[2020-09-12T12:29:43.818+0000][1][safepoint    ] Safepoint "RevokeBias", Time since last: 1262208 ns, Reaching safepoint: 86963 ns, At safepoint: 54391 ns, Total: 141354 ns
[2020-09-12T12:29:43.819+0000][1][safepoint    ] Safepoint "RevokeBias", Time since last: 491969 ns, Reaching safepoint: 295832 ns, At safepoint: 52393 ns, Total: 348225 ns
[2020-09-12T12:29:43.825+0000][1][safepoint    ] Safepoint "RevokeBias", Time since last: 5823961 ns, Reaching safepoint: 121516 ns, At safepoint: 69078 ns, Total: 190594 ns
[2020-09-12T12:29:43.825+0000][1][safepoint    ] Safepoint "RevokeBias", Time since last: 101306 ns, Reaching safepoint: 42117 ns, At safepoint: 49172 ns, Total: 91289 ns
[2020-09-12T12:29:43.840+0000][1][safepoint    ] Safepoint "RevokeBias", Time since last: 14855257 ns, Reaching safepoint: 118535 ns, At safepoint: 50328 ns, Total: 168863 ns
[2020-09-12T12:29:43.841+0000][1][safepoint    ] Safepoint "RevokeBias", Time since last: 842458 ns, Reaching safepoint: 113510 ns, At safepoint: 46185 ns, Total: 159695 ns
[2020-09-12T12:29:43.990+0000][1][safepoint    ] Safepoint "RevokeBias", Time since last: 148382213 ns, Reaching safepoint: 57839 ns, At safepoint: 71996 ns, Total: 129835 ns
[2020-09-12T12:29:44.001+0000][1][safepoint    ] Safepoint "RevokeBias", Time since last: 10882294 ns, Reaching safepoint: 41679 ns, At safepoint: 37538 ns, Total: 79217 ns
[2020-09-12T12:29:44.005+0000][1][safepoint    ] Safepoint "RevokeBias", Time since last: 4073508 ns, Reaching safepoint: 116820 ns, At safepoint: 39860 ns, Total: 156680 ns
[2020-09-12T12:29:44.017+0000][1][safepoint    ] Safepoint "RevokeBias", Time since last: 11731976 ns, Reaching safepoint: 116884 ns, At safepoint: 36943 ns, Total: 153827 ns
[2020-09-12T12:29:44.017+0000][1][safepoint    ] Safepoint "RevokeBias", Time since last: 100322 ns, Reaching safepoint: 89183 ns, At safepoint: 28659 ns, Total: 117842 ns
[2020-09-12T12:29:44.017+0000][1][safepoint    ] Safepoint "RevokeBias", Time since last: 45615 ns, Reaching safepoint: 88725 ns, At safepoint: 26860 ns, Total: 115585 ns
[2020-09-12T12:29:44.018+0000][1][safepoint    ] Safepoint "RevokeBias", Time since last: 594282 ns, Reaching safepoint: 91724 ns, At safepoint: 31569 ns, Total: 123293 ns
[2020-09-12T12:29:44.018+0000][1][safepoint    ] Safepoint "RevokeBias", Time since last: 169534 ns, Reaching safepoint: 87928 ns, At safepoint: 26638 ns, Total: 114566 ns
[2020-09-12T12:29:44.018+0000][1][safepoint    ] Safepoint "RevokeBias", Time since last: 38302 ns, Reaching safepoint: 86462 ns, At safepoint: 27700 ns, Total: 114162 ns
[2020-09-12T12:29:44.019+0000][1][safepoint    ] Safepoint "RevokeBias", Time since last: 93966 ns, Reaching safepoint: 87942 ns, At safepoint: 42412 ns, Total: 130354 ns
[2020-09-12T12:29:44.019+0000][1][safepoint    ] Safepoint "RevokeBias", Time since last: 137491 ns, Reaching safepoint: 95239 ns, At safepoint: 29509 ns, Total: 124748 ns
[2020-09-12T12:29:44.019+0000][1][safepoint    ] Safepoint "RevokeBias", Time since last: 37473 ns, Reaching safepoint: 88343 ns, At safepoint: 29828 ns, Total: 118171 ns
[2020-09-12T12:29:44.019+0000][1][safepoint    ] Safepoint "RevokeBias", Time since last: 92633 ns, Reaching safepoint: 88498 ns, At safepoint: 24338 ns, Total: 112836 ns
[2020-09-12T12:29:44.020+0000][1][safepoint    ] Safepoint "RevokeBias", Time since last: 225418 ns, Reaching safepoint: 87001 ns, At safepoint: 9628 ns, Total: 96629 ns
[2020-09-12T12:29:44.020+0000][1][safepoint    ] Safepoint "RevokeBias", Time since last: 90966 ns, Reaching safepoint: 84145 ns, At safepoint: 12346 ns, Total: 96491 ns
[2020-09-12T12:29:44.020+0000][1][safepoint    ] Safepoint "RevokeBias", Time since last: 83258 ns, Reaching safepoint: 84301 ns, At safepoint: 20728 ns, Total: 105029 ns
[2020-09-12T12:29:44.025+0000][1][safepoint    ] Safepoint "RevokeBias", Time since last: 5323719 ns, Reaching safepoint: 106280 ns, At safepoint: 25194 ns, Total: 131474 ns
[2020-09-12T12:29:44.026+0000][1][safepoint    ] Safepoint "RevokeBias", Time since last: 65410 ns, Reaching safepoint: 87461 ns, At safepoint: 16238 ns, Total: 103699 ns
[2020-09-12T12:29:44.147+0000][1][safepoint    ] Safepoint "RevokeBias", Time since last: 113572210 ns, Reaching safepoint: 7338549 ns, At safepoint: 62448 ns, Total: 7400997 ns
[2020-09-12T12:29:44.147+0000][1][safepoint    ] Safepoint "RevokeBias", Time since last: 121970 ns, Reaching safepoint: 110119 ns, At safepoint: 38729 ns, Total: 148848 ns
[2020-09-12T12:29:44.147+0000][1][safepoint    ] Safepoint "RevokeBias", Time since last: 44439 ns, Reaching safepoint: 103983 ns, At safepoint: 29142 ns, Total: 133125 ns
[2020-09-12T12:29:44.147+0000][1][safepoint    ] Safepoint "RevokeBias", Time since last: 88157 ns, Reaching safepoint: 84078 ns, At safepoint: 30485 ns, Total: 114563 ns
[2020-09-12T12:29:44.147+0000][1][safepoint    ] Safepoint "RevokeBias", Time since last: 38550 ns, Reaching safepoint: 98595 ns, At safepoint: 33213 ns, Total: 131808 ns
[2020-09-12T12:29:44.148+0000][1][safepoint    ] Safepoint "RevokeBias", Time since last: 303835 ns, Reaching safepoint: 99214 ns, At safepoint: 31695 ns, Total: 130909 ns
[2020-09-12T12:29:44.148+0000][1][safepoint    ] Safepoint "RevokeBias", Time since last: 37678 ns, Reaching safepoint: 245257 ns, At safepoint: 29143 ns, Total: 274400 ns
[2020-09-12T12:29:44.149+0000][1][safepoint    ] Safepoint "RevokeBias", Time since last: 35582 ns, Reaching safepoint: 675282 ns, At safepoint: 31340 ns, Total: 706622 ns
[2020-09-12T12:29:44.236+0000][1][safepoint    ] Safepoint "RevokeBias", Time since last: 87307508 ns, Reaching safepoint: 259356 ns, At safepoint: 41369 ns, Total: 300725 ns
[2020-09-12T12:29:44.238+0000][1][safepoint    ] Safepoint "RevokeBias", Time since last: 65431 ns, Reaching safepoint: 86013 ns, At safepoint: 890754 ns, Total: 976767 ns
[2020-09-12T12:29:44.285+0000][1][safepoint    ] Safepoint "RevokeBias", Time since last: 46017282 ns, Reaching safepoint: 1178349 ns, At safepoint: 33485 ns, Total: 1211834 ns
[2020-09-12T12:29:44.289+0000][1][safepoint    ] Safepoint "RevokeBias", Time since last: 68450 ns, Reaching safepoint: 3902006 ns, At safepoint: 41145 ns, Total: 3943151 ns
[2020-09-12T12:29:44.289+0000][1][safepoint    ] Safepoint "RevokeBias", Time since last: 78262 ns, Reaching safepoint: 95357 ns, At safepoint: 20899 ns, Total: 116256 ns
[2020-09-12T12:29:44.290+0000][1][safepoint    ] Safepoint "RevokeBias", Time since last: 65689 ns, Reaching safepoint: 524343 ns, At safepoint: 36159 ns, Total: 560502 ns
[2020-09-12T12:29:44.537+0000][1][safepoint    ] Safepoint "RevokeBias", Time since last: 243099778 ns, Reaching safepoint: 4071313 ns, At safepoint: 70001 ns, Total: 4141314 ns
[2020-09-12T12:29:44.747+0000][1][safepoint    ] Safepoint "RevokeBias", Time since last: 209765503 ns, Reaching safepoint: 148439 ns, At safepoint: 28945 ns, Total: 177384 ns
[2020-09-12T12:29:45.131+0000][1][safepoint    ] Safepoint "RevokeBias", Time since last: 373450775 ns, Reaching safepoint: 10473427 ns, At safepoint: 78136 ns, Total: 10551563 ns
[2020-09-12T12:29:45.166+0000][1][safepoint    ] Safepoint "RevokeBias", Time since last: 28235457 ns, Reaching safepoint: 6479206 ns, At safepoint: 33208 ns, Total: 6512414 ns
[2020-09-12T12:29:45.190+0000][1][safepoint    ] Safepoint "RevokeBias", Time since last: 21114906 ns, Reaching safepoint: 3286847 ns, At safepoint: 44996 ns, Total: 3331843 ns
[2020-09-12T12:29:45.220+0000][1][safepoint    ] Safepoint "RevokeBias", Time since last: 19148877 ns, Reaching safepoint: 10664250 ns, At safepoint: 27622 ns, Total: 10691872 ns
[2020-09-12T12:29:45.235+0000][1][safepoint    ] Safepoint "RevokeBias", Time since last: 335188 ns, Reaching safepoint: 15306564 ns, At safepoint: 29578 ns, Total: 15336142 ns
[2020-09-12T12:29:45.238+0000][1][safepoint    ] Safepoint "RevokeBias", Time since last: 1982672 ns, Reaching safepoint: 52000 ns, At safepoint: 37511 ns, Total: 89511 ns
[2020-09-12T12:29:45.240+0000][1][safepoint    ] Safepoint "RevokeBias", Time since last: 344580 ns, Reaching safepoint: 1658230 ns, At safepoint: 38511 ns, Total: 1696741 ns
[2020-09-12T12:29:45.252+0000][1][safepoint    ] Safepoint "RevokeBias", Time since last: 6276422 ns, Reaching safepoint: 5671607 ns, At safepoint: 37808 ns, Total: 5709415 ns
[2020-09-12T12:29:45.253+0000][1][safepoint    ] Safepoint "RevokeBias", Time since last: 77203 ns, Reaching safepoint: 836460 ns, At safepoint: 28762 ns, Total: 865222 ns
[2020-09-12T12:29:45.259+0000][1][safepoint    ] Safepoint "RevokeBias", Time since last: 2555029 ns, Reaching safepoint: 3756926 ns, At safepoint: 34690 ns, Total: 3791616 ns
[2020-09-12T12:29:45.264+0000][1][safepoint    ] Safepoint "RevokeBias", Time since last: 1375901 ns, Reaching safepoint: 3949417 ns, At safepoint: 49384 ns, Total: 3998801 ns
[2020-09-12T12:29:45.270+0000][1][safepoint    ] Safepoint "BulkRevokeBias", Time since last: 5282465 ns, Reaching safepoint: 418877 ns, At safepoint: 126552 ns, Total: 545429 ns
[2020-09-12T12:29:45.272+0000][1][safepoint    ] Safepoint "RevokeBias", Time since last: 1969328 ns, Reaching safepoint: 206723 ns, At safepoint: 20360 ns, Total: 227083 ns
[2020-09-12T12:29:45.281+0000][1][safepoint    ] Safepoint "RevokeBias", Time since last: 1896292 ns, Reaching safepoint: 6566019 ns, At safepoint: 40706 ns, Total: 6606725 ns
[2020-09-12T12:29:45.282+0000][1][safepoint    ] Safepoint "RevokeBias", Time since last: 1167954 ns, Reaching safepoint: 203509 ns, At safepoint: 23668 ns, Total: 227177 ns
[2020-09-12T12:29:45.296+0000][1][safepoint    ] Safepoint "RevokeBias", Time since last: 2813623 ns, Reaching safepoint: 11410159 ns, At safepoint: 37241 ns, Total: 11447400 ns
[2020-09-12T12:29:45.297+0000][1][safepoint    ] Safepoint "RevokeBias", Time since last: 382508 ns, Reaching safepoint: 128590 ns, At safepoint: 57270 ns, Total: 185860 ns
[2020-09-12T12:29:45.313+0000][1][safepoint    ] Safepoint "RevokeBias", Time since last: 13292940 ns, Reaching safepoint: 2370767 ns, At safepoint: 28671 ns, Total: 2399438 ns
[2020-09-12T12:29:45.317+0000][1][safepoint    ] Safepoint "RevokeBias", Time since last: 340250 ns, Reaching safepoint: 3746218 ns, At safepoint: 31592 ns, Total: 3777810 ns
[2020-09-12T12:29:45.317+0000][1][safepoint    ] Safepoint "RevokeBias", Time since last: 288109 ns, Reaching safepoint: 102202 ns, At safepoint: 19327 ns, Total: 121529 ns
[2020-09-12T12:29:45.323+0000][1][safepoint    ] Safepoint "RevokeBias", Time since last: 637790 ns, Reaching safepoint: 5396043 ns, At safepoint: 30781 ns, Total: 5426824 ns
[2020-09-12T12:29:45.323+0000][1][safepoint    ] Safepoint "RevokeBias", Time since last: 71388 ns, Reaching safepoint: 99481 ns, At safepoint: 42607 ns, Total: 142088 ns
[2020-09-12T12:29:45.344+0000][1][safepoint    ] Safepoint "RevokeBias", Time since last: 9667679 ns, Reaching safepoint: 11062745 ns, At safepoint: 28979 ns, Total: 11091724 ns
[2020-09-12T12:29:45.345+0000][1][safepoint    ] Safepoint "RevokeBias", Time since last: 146421 ns, Reaching safepoint: 116346 ns, At safepoint: 32201 ns, Total: 148547 ns
[2020-09-12T12:29:45.364+0000][1][safepoint    ] Safepoint "RevokeBias", Time since last: 14455575 ns, Reaching safepoint: 4896724 ns, At safepoint: 28847 ns, Total: 4925571 ns
[2020-09-12T12:29:45.364+0000][1][safepoint    ] Safepoint "RevokeBias", Time since last: 98922 ns, Reaching safepoint: 411311 ns, At safepoint: 19092 ns, Total: 430403 ns
[2020-09-12T12:29:45.367+0000][1][safepoint    ] Safepoint "RevokeBias", Time since last: 1391786 ns, Reaching safepoint: 1166846 ns, At safepoint: 21775 ns, Total: 1188621 ns
[2020-09-12T12:29:45.369+0000][1][safepoint    ] Safepoint "RevokeBias", Time since last: 1230905 ns, Reaching safepoint: 458167 ns, At safepoint: 21573 ns, Total: 479740 ns
[2020-09-12T12:29:45.373+0000][1][safepoint    ] Safepoint "RevokeBias", Time since last: 1379598 ns, Reaching safepoint: 2628096 ns, At safepoint: 26904 ns, Total: 2655000 ns
[2020-09-12T12:29:45.537+0000][1][safepoint    ] Safepoint "RevokeBias", Time since last: 163895398 ns, Reaching safepoint: 57806 ns, At safepoint: 22221 ns, Total: 80027 ns
[2020-09-12T12:29:45.545+0000][1][safepoint    ] Safepoint "RevokeBias", Time since last: 7782296 ns, Reaching safepoint: 50773 ns, At safepoint: 22506 ns, Total: 73279 ns
[2020-09-12T12:29:45.696+0000][1][safepoint    ] Safepoint "RevokeBias", Time since last: 151522817 ns, Reaching safepoint: 303940 ns, At safepoint: 27551 ns, Total: 331491 ns
[2020-09-12T12:29:45.725+0000][1][safepoint    ] Safepoint "RevokeBias", Time since last: 24735230 ns, Reaching safepoint: 3328919 ns, At safepoint: 42846 ns, Total: 3371765 ns
[2020-09-12T12:29:45.827+0000][1][safepoint    ] Safepoint "RevokeBias", Time since last: 102245902 ns, Reaching safepoint: 114440 ns, At safepoint: 23188 ns, Total: 137628 ns
[2020-09-12T12:29:45.849+0000][1][safepoint    ] Safepoint "RevokeBias", Time since last: 21736454 ns, Reaching safepoint: 67473 ns, At safepoint: 23336 ns, Total: 90809 ns
[2020-09-12T12:29:45.860+0000][1][safepoint    ] Safepoint "RevokeBias", Time since last: 11609540 ns, Reaching safepoint: 51710 ns, At safepoint: 22810 ns, Total: 74520 ns
[2020-09-12T12:29:45.871+0000][1][safepoint    ] Safepoint "RevokeBias", Time since last: 10729180 ns, Reaching safepoint: 42481 ns, At safepoint: 16791 ns, Total: 59272 ns
[2020-09-12T12:29:46.005+0000][1][safepoint    ] Safepoint "RevokeBias", Time since last: 124821259 ns, Reaching safepoint: 8681076 ns, At safepoint: 41023 ns, Total: 8722099 ns
[2020-09-12T12:29:46.012+0000][1][safepoint    ] Safepoint "RevokeBias", Time since last: 7248700 ns, Reaching safepoint: 63803 ns, At safepoint: 18567 ns, Total: 82370 ns
[2020-09-12T12:29:46.034+0000][1][safepoint    ] Safepoint "RevokeBias", Time since last: 6352473 ns, Reaching safepoint: 57991 ns, At safepoint: 15229221 ns, Total: 15287212 ns
[2020-09-12T12:29:46.046+0000][1][safepoint    ] Safepoint "RevokeBias", Time since last: 5484759 ns, Reaching safepoint: 6250614 ns, At safepoint: 56702 ns, Total: 6307316 ns
[2020-09-12T12:29:46.052+0000][1][safepoint    ] Safepoint "RevokeBias", Time since last: 2110909 ns, Reaching safepoint: 4737604 ns, At safepoint: 71547 ns, Total: 4809151 ns
[2020-09-12T12:29:46.055+0000][1][safepoint    ] Safepoint "RevokeBias", Time since last: 2030446 ns, Reaching safepoint: 131000 ns, At safepoint: 38196 ns, Total: 169196 ns
[2020-09-12T12:29:46.056+0000][1][safepoint    ] Safepoint "RevokeBias", Time since last: 1287470 ns, Reaching safepoint: 324942 ns, At safepoint: 34783 ns, Total: 359725 ns
[2020-09-12T12:29:46.109+0000][1][safepoint    ] Safepoint "RevokeBias", Time since last: 42973172 ns, Reaching safepoint: 9853828 ns, At safepoint: 30100 ns, Total: 9883928 ns
[2020-09-12T12:29:46.117+0000][1][safepoint    ] Safepoint "RevokeBias", Time since last: 2117477 ns, Reaching safepoint: 5450356 ns, At safepoint: 50198 ns, Total: 5500554 ns
[2020-09-12T12:29:46.157+0000][1][safepoint    ] Safepoint "RevokeBias", Time since last: 35722818 ns, Reaching safepoint: 4167824 ns, At safepoint: 26753 ns, Total: 4194577 ns
[2020-09-12T12:29:46.159+0000][1][safepoint    ] Safepoint "RevokeBias", Time since last: 368216 ns, Reaching safepoint: 1873797 ns, At safepoint: 29690 ns, Total: 1903487 ns
[2020-09-12T12:29:46.171+0000][1][safepoint    ] Safepoint "RevokeBias", Time since last: 10505084 ns, Reaching safepoint: 1015512 ns, At safepoint: 42179 ns, Total: 1057691 ns
[2020-09-12T12:29:46.173+0000][1][safepoint    ] Safepoint "RevokeBias", Time since last: 306102 ns, Reaching safepoint: 1864825 ns, At safepoint: 46281 ns, Total: 1911106 ns
[2020-09-12T12:29:46.175+0000][1][safepoint    ] Safepoint "RevokeBias", Time since last: 772893 ns, Reaching safepoint: 1697390 ns, At safepoint: 36338 ns, Total: 1733728 ns
[2020-09-12T12:29:46.178+0000][1][safepoint    ] Safepoint "RevokeBias", Time since last: 155269 ns, Reaching safepoint: 2133559 ns, At safepoint: 42364 ns, Total: 2175923 ns
[2020-09-12T12:29:46.190+0000][1][safepoint    ] Safepoint "RevokeBias", Time since last: 11334142 ns, Reaching safepoint: 597534 ns, At safepoint: 56506 ns, Total: 654040 ns
[2020-09-12T12:29:46.196+0000][1][safepoint    ] Safepoint "RevokeBias", Time since last: 3240556 ns, Reaching safepoint: 3358683 ns, At safepoint: 47923 ns, Total: 3406606 ns
[2020-09-12T12:29:46.213+0000][1][safepoint    ] Safepoint "RevokeBias", Time since last: 11855786 ns, Reaching safepoint: 4659315 ns, At safepoint: 31377 ns, Total: 4690692 ns
[2020-09-12T12:29:46.228+0000][1][safepoint    ] Safepoint "RevokeBias", Time since last: 12157531 ns, Reaching safepoint: 2959719 ns, At safepoint: 32784 ns, Total: 2992503 ns
[2020-09-12T12:29:46.237+0000][1][safepoint    ] Safepoint "RevokeBias", Time since last: 8749052 ns, Reaching safepoint: 145389 ns, At safepoint: 23659 ns, Total: 169048 ns
[2020-09-12T12:29:46.241+0000][1][safepoint    ] Safepoint "RevokeBias", Time since last: 766978 ns, Reaching safepoint: 3683781 ns, At safepoint: 36977 ns, Total: 3720758 ns
[2020-09-12T12:29:46.242+0000][1][safepoint    ] Safepoint "RevokeBias", Time since last: 362584 ns, Reaching safepoint: 120790 ns, At safepoint: 18943 ns, Total: 139733 ns
[2020-09-12T12:29:46.244+0000][1][safepoint    ] Safepoint "RevokeBias", Time since last: 1630888 ns, Reaching safepoint: 129831 ns, At safepoint: 21244 ns, Total: 151075 ns
[2020-09-12T12:29:46.256+0000][1][safepoint    ] Safepoint "RevokeBias", Time since last: 5878260 ns, Reaching safepoint: 6597266 ns, At safepoint: 30140 ns, Total: 6627406 ns
[2020-09-12T12:29:46.296+0000][1][safepoint    ] Safepoint "RevokeBias", Time since last: 30470452 ns, Reaching safepoint: 8922471 ns, At safepoint: 178709 ns, Total: 9101180 ns
[2020-09-12T12:29:46.296+0000][1][safepoint    ] Safepoint "RevokeBias", Time since last: 411425 ns, Reaching safepoint: 105438 ns, At safepoint: 16493 ns, Total: 121931 ns
[2020-09-12T12:29:46.297+0000][1][safepoint    ] Safepoint "RevokeBias", Time since last: 64943 ns, Reaching safepoint: 275595 ns, At safepoint: 19851 ns, Total: 295446 ns
[2020-09-12T12:29:46.297+0000][1][safepoint    ] Safepoint "RevokeBias", Time since last: 206798 ns, Reaching safepoint: 412745 ns, At safepoint: 22895 ns, Total: 435640 ns
[2020-09-12T12:29:46.300+0000][1][safepoint    ] Safepoint "RevokeBias", Time since last: 232576 ns, Reaching safepoint: 2168957 ns, At safepoint: 26522 ns, Total: 2195479 ns
[2020-09-12T12:29:46.307+0000][1][safepoint    ] Safepoint "RevokeBias", Time since last: 998225 ns, Reaching safepoint: 6275088 ns, At safepoint: 43227 ns, Total: 6318315 ns
[2020-09-12T12:29:46.308+0000][1][safepoint    ] Safepoint "RevokeBias", Time since last: 534714 ns, Reaching safepoint: 853262 ns, At safepoint: 26817 ns, Total: 880079 ns
[2020-09-12T12:29:46.311+0000][1][safepoint    ] Safepoint "RevokeBias", Time since last: 791237 ns, Reaching safepoint: 1665533 ns, At safepoint: 30610 ns, Total: 1696143 ns
[2020-09-12T12:29:46.332+0000][1][safepoint    ] Safepoint "RevokeBias", Time since last: 12345183 ns, Reaching safepoint: 8773406 ns, At safepoint: 41559 ns, Total: 8814965 ns
[2020-09-12T12:29:46.337+0000][1][safepoint    ] Safepoint "RevokeBias", Time since last: 2118278 ns, Reaching safepoint: 2573707 ns, At safepoint: 43721 ns, Total: 2617428 ns
[2020-09-12T12:29:46.520+0000][1][safepoint    ] Safepoint "RevokeBias", Time since last: 175896384 ns, Reaching safepoint: 7120298 ns, At safepoint: 31996 ns, Total: 7152294 ns
[2020-09-12T12:29:46.546+0000][1][safepoint    ] Safepoint "RevokeBias", Time since last: 26139159 ns, Reaching safepoint: 47812 ns, At safepoint: 37813 ns, Total: 85625 ns
[2020-09-12T12:29:46.548+0000][1][safepoint    ] Safepoint "RevokeBias", Time since last: 215790 ns, Reaching safepoint: 1812344 ns, At safepoint: 27117 ns, Total: 1839461 ns
[2020-09-12T12:29:46.554+0000][1][safepoint    ] Safepoint "RevokeBias", Time since last: 692308 ns, Reaching safepoint: 4671316 ns, At safepoint: 25050 ns, Total: 4696366 ns
[2020-09-12T12:29:46.559+0000][1][safepoint    ] Safepoint "BulkRevokeBias", Time since last: 285112 ns, Reaching safepoint: 4631912 ns, At safepoint: 536597 ns, Total: 5168509 ns
[2020-09-12T12:29:46.561+0000][1][safepoint    ] Safepoint "BulkRevokeBias", Time since last: 693754 ns, Reaching safepoint: 1047071 ns, At safepoint: 158969 ns, Total: 1206040 ns
[2020-09-12T12:29:46.583+0000][1][safepoint    ] Safepoint "RevokeBias", Time since last: 11818666 ns, Reaching safepoint: 10508959 ns, At safepoint: 32674 ns, Total: 10541633 ns
[2020-09-12T12:29:46.649+0000][1][safepoint    ] Safepoint "RevokeBias", Time since last: 40174553 ns, Reaching safepoint: 25356090 ns, At safepoint: 34172 ns, Total: 25390262 ns
[2020-09-12T12:29:47.257+0000][1][safepoint    ] Safepoint "RevokeBias", Time since last: 597192629 ns, Reaching safepoint: 10758750 ns, At safepoint: 60795 ns, Total: 10819545 ns
[2020-09-12T12:29:47.260+0000][1][safepoint    ] Safepoint "RevokeBias", Time since last: 684346 ns, Reaching safepoint: 2629045 ns, At safepoint: 50934 ns, Total: 2679979 ns
[2020-09-12T12:29:47.332+0000][1][safepoint    ] Safepoint "RevokeBias", Time since last: 71692896 ns, Reaching safepoint: 425294 ns, At safepoint: 84926 ns, Total: 510220 ns
[2020-09-12T12:29:47.344+0000][1][safepoint    ] Safepoint "RevokeBias", Time since last: 4632712 ns, Reaching safepoint: 7050366 ns, At safepoint: 128171 ns, Total: 7178537 ns
[2020-09-12T12:29:47.950+0000][1][safepoint    ] Safepoint "RevokeBias", Time since last: 606021920 ns, Reaching safepoint: 126220 ns, At safepoint: 19322 ns, Total: 145542 ns
[2020-09-12T12:29:47.977+0000][1][safepoint    ] Safepoint "RevokeBias", Time since last: 18329537 ns, Reaching safepoint: 8051242 ns, At safepoint: 29127 ns, Total: 8080369 ns
[2020-09-12T12:29:47.997+0000][1][safepoint    ] Safepoint "RevokeBias", Time since last: 19258875 ns, Reaching safepoint: 567599 ns, At safepoint: 21279 ns, Total: 588878 ns
[2020-09-12T12:29:48.024+0000][1][safepoint    ] Safepoint "RevokeBias", Time since last: 26964001 ns, Reaching safepoint: 48844 ns, At safepoint: 34104 ns, Total: 82948 ns
[2020-09-12T12:29:48.025+0000][1][safepoint    ] Safepoint "RevokeBias", Time since last: 499798 ns, Reaching safepoint: 976506 ns, At safepoint: 50079 ns, Total: 1026585 ns
[2020-09-12T12:29:48.033+0000][1][safepoint    ] Safepoint "RevokeBias", Time since last: 5168946 ns, Reaching safepoint: 2653242 ns, At safepoint: 44716 ns, Total: 2697958 ns
[2020-09-12T12:29:48.081+0000][1][safepoint    ] Safepoint "RevokeBias", Time since last: 22724561 ns, Reaching safepoint: 24975788 ns, At safepoint: 102578 ns, Total: 25078366 ns
[2020-09-12T12:29:48.089+0000][1][safepoint    ] Safepoint "RevokeBias", Time since last: 950714 ns, Reaching safepoint: 6940395 ns, At safepoint: 113023 ns, Total: 7053418 ns
[2020-09-12T12:29:48.121+0000][1][safepoint    ] Safepoint "RevokeBias", Time since last: 27868521 ns, Reaching safepoint: 4041419 ns, At safepoint: 42861 ns, Total: 4084280 ns
[2020-09-12T12:29:48.171+0000][1][safepoint    ] Safepoint "RevokeBias", Time since last: 44710128 ns, Reaching safepoint: 5000464 ns, At safepoint: 38342 ns, Total: 5038806 ns
[2020-09-12T12:29:48.171+0000][1][safepoint    ] Safepoint "RevokeBias", Time since last: 97864 ns, Reaching safepoint: 99152 ns, At safepoint: 40061 ns, Total: 139213 ns
[2020-09-12T12:29:48.193+0000][1][safepoint    ] Safepoint "RevokeBias", Time since last: 22241017 ns, Reaching safepoint: 364650 ns, At safepoint: 22803 ns, Total: 387453 ns
[2020-09-12T12:29:48.198+0000][1][safepoint    ] Safepoint "RevokeBias", Time since last: 2636828 ns, Reaching safepoint: 2250814 ns, At safepoint: 33874 ns, Total: 2284688 ns
[2020-09-12T12:29:48.217+0000][1][safepoint    ] Safepoint "RevokeBias", Time since last: 6337516 ns, Reaching safepoint: 12084909 ns, At safepoint: 33283 ns, Total: 12118192 ns
[2020-09-12T12:29:48.344+0000][1][safepoint    ] Safepoint "RevokeBias", Time since last: 126654418 ns, Reaching safepoint: 789984 ns, At safepoint: 22946 ns, Total: 812930 ns
[2020-09-12T12:29:48.361+0000][1][safepoint    ] Safepoint "RevokeBias", Time since last: 15796388 ns, Reaching safepoint: 737891 ns, At safepoint: 23284 ns, Total: 761175 ns
[2020-09-12T12:29:48.380+0000][1][safepoint    ] Safepoint "RevokeBias", Time since last: 19040778 ns, Reaching safepoint: 50382 ns, At safepoint: 22867 ns, Total: 73249 ns
[2020-09-12T12:29:48.464+0000][1][gc,start     ] GC(33) Pause Young (Allocation Failure)
[2020-09-12T12:29:48.464+0000][1][gc,task      ] GC(33) Using 2 workers of 2 for evacuation
[2020-09-12T12:29:48.616+0000][1][gc,age       ] GC(33) Desired survivor size 8716288 bytes, new threshold 6 (max threshold 6)
[2020-09-12T12:29:48.616+0000][1][gc,age       ] GC(33) Age table with threshold 6 (max threshold 6)
[2020-09-12T12:29:48.616+0000][1][gc,age       ] GC(33) - age   1:    4297688 bytes,    4297688 total
[2020-09-12T12:29:48.616+0000][1][gc,age       ] GC(33) - age   2:    3933176 bytes,    8230864 total
[2020-09-12T12:29:48.616+0000][1][gc,heap      ] GC(33) ParNew: 153302K->16407K(153344K)
[2020-09-12T12:29:48.616+0000][1][gc,heap      ] GC(33) CMS: 51903K->59456K(353920K)
[2020-09-12T12:29:48.616+0000][1][gc,metaspace ] GC(33) Metaspace: 74083K->74083K(1118208K)
[2020-09-12T12:29:48.616+0000][1][gc           ] GC(33) Pause Young (Allocation Failure) 200M->74M(495M) 151.767ms
[2020-09-12T12:29:48.616+0000][1][gc,cpu       ] GC(33) User=0.07s Sys=0.01s Real=0.15s
[2020-09-12T12:29:48.616+0000][1][safepoint    ] Safepoint "GenCollectForAllocation", Time since last: 77045995 ns, Reaching safepoint: 7316197 ns, At safepoint: 151831102 ns, Total: 159147299 ns
[2020-09-12T12:29:48.652+0000][1][safepoint    ] Safepoint "RevokeBias", Time since last: 34925724 ns, Reaching safepoint: 543854 ns, At safepoint: 21241 ns, Total: 565095 ns
[2020-09-12T12:29:48.687+0000][1][safepoint    ] Safepoint "RevokeBias", Time since last: 14417072 ns, Reaching safepoint: 21345970 ns, At safepoint: 35194 ns, Total: 21381164 ns
[2020-09-12T12:29:48.690+0000][1][safepoint    ] Safepoint "RevokeBias", Time since last: 2014441 ns, Reaching safepoint: 122478 ns, At safepoint: 21725 ns, Total: 144203 ns
[2020-09-12T12:29:48.719+0000][1][safepoint    ] Safepoint "RevokeBias", Time since last: 29779069 ns, Reaching safepoint: 118580 ns, At safepoint: 21880 ns, Total: 140460 ns
[2020-09-12T12:29:48.727+0000][1][safepoint    ] Safepoint "RevokeBias", Time since last: 431775 ns, Reaching safepoint: 7152265 ns, At safepoint: 141621 ns, Total: 7293886 ns
[2020-09-12T12:29:48.746+0000][1][safepoint    ] Safepoint "RevokeBias", Time since last: 18669914 ns, Reaching safepoint: 169062 ns, At safepoint: 21815 ns, Total: 190877 ns
[2020-09-12T12:29:48.792+0000][1][safepoint    ] Safepoint "RevokeBias", Time since last: 42837193 ns, Reaching safepoint: 3177717 ns, At safepoint: 28786 ns, Total: 3206503 ns
[2020-09-12T12:29:49.171+0000][1][safepoint    ] Safepoint "RevokeBias", Time since last: 378764451 ns, Reaching safepoint: 58779 ns, At safepoint: 27500 ns, Total: 86279 ns
[2020-09-12T12:29:49.171+0000][1][safepoint    ] Safepoint "RevokeBias", Time since last: 80500 ns, Reaching safepoint: 36008 ns, At safepoint: 18189 ns, Total: 54197 ns
[2020-09-12T12:29:49.200+0000][1][safepoint    ] Safepoint "RevokeBias", Time since last: 18119413 ns, Reaching safepoint: 733749 ns, At safepoint: 9554506 ns, Total: 10288255 ns
[2020-09-12T12:29:49.213+0000][1][safepoint    ] Safepoint "RevokeBias", Time since last: 711072 ns, Reaching safepoint: 8502922 ns, At safepoint: 3954174 ns, Total: 12457096 ns
[2020-09-12T12:29:49.214+0000][1][safepoint    ] Safepoint "RevokeBias", Time since last: 727004 ns, Reaching safepoint: 116944 ns, At safepoint: 21412 ns, Total: 138356 ns
[2020-09-12T12:29:49.237+0000][1][safepoint    ] Safepoint "RevokeBias", Time since last: 23200183 ns, Reaching safepoint: 127532 ns, At safepoint: 36317 ns, Total: 163849 ns
[2020-09-12T12:29:49.238+0000][1][safepoint    ] Safepoint "BulkRevokeBias", Time since last: 980551 ns, Reaching safepoint: 115864 ns, At safepoint: 170144 ns, Total: 286008 ns
[2020-09-12T12:29:49.301+0000][1][safepoint    ] Safepoint "RevokeBias", Time since last: 52525476 ns, Reaching safepoint: 10041952 ns, At safepoint: 39617 ns, Total: 10081569 ns
[2020-09-12T12:29:49.305+0000][1][safepoint    ] Safepoint "RevokeBias", Time since last: 4157343 ns, Reaching safepoint: 46759 ns, At safepoint: 17991 ns, Total: 64750 ns
[2020-09-12T12:29:49.359+0000][1][safepoint    ] Safepoint "RevokeBias", Time since last: 52920033 ns, Reaching safepoint: 890257 ns, At safepoint: 23764 ns, Total: 914021 ns
[2020-09-12T12:29:49.433+0000][1][safepoint    ] Safepoint "RevokeBias", Time since last: 71071001 ns, Reaching safepoint: 2876517 ns, At safepoint: 28595 ns, Total: 2905112 ns
[2020-09-12T12:29:49.434+0000][1][safepoint    ] Safepoint "RevokeBias", Time since last: 629260 ns, Reaching safepoint: 758947 ns, At safepoint: 24568 ns, Total: 783515 ns
[2020-09-12T12:29:49.435+0000][1][safepoint    ] Safepoint "RevokeBias", Time since last: 426563 ns, Reaching safepoint: 400061 ns, At safepoint: 20476 ns, Total: 420537 ns
[2020-09-12T12:29:49.668+0000][1][safepoint    ] Safepoint "RevokeBias", Time since last: 232003540 ns, Reaching safepoint: 1182297 ns, At safepoint: 65982 ns, Total: 1248279 ns
[2020-09-12T12:29:49.679+0000][1][safepoint    ] Safepoint "RevokeBias", Time since last: 940814 ns, Reaching safepoint: 9157083 ns, At safepoint: 126603 ns, Total: 9283686 ns
[2020-09-12T12:29:49.685+0000][1][safepoint    ] Safepoint "RevokeBias", Time since last: 2843946 ns, Reaching safepoint: 3891785 ns, At safepoint: 40687 ns, Total: 3932472 ns
[2020-09-12T12:29:49.689+0000][1][safepoint    ] Safepoint "RevokeBias", Time since last: 2432953 ns, Reaching safepoint: 828910 ns, At safepoint: 29798 ns, Total: 858708 ns
[2020-09-12T12:29:49.696+0000][1][safepoint    ] Safepoint "RevokeBias", Time since last: 4059988 ns, Reaching safepoint: 3611680 ns, At safepoint: 70896 ns, Total: 3682576 ns
[2020-09-12T12:29:49.701+0000][1][safepoint    ] Safepoint "RevokeBias", Time since last: 1969569 ns, Reaching safepoint: 2927910 ns, At safepoint: 37258 ns, Total: 2965168 ns
[2020-09-12T12:29:49.713+0000][1][safepoint    ] Safepoint "RevokeBias", Time since last: 2257383 ns, Reaching safepoint: 9428971 ns, At safepoint: 38747 ns, Total: 9467718 ns
[2020-09-12T12:29:49.713+0000][1][safepoint    ] Safepoint "RevokeBias", Time since last: 290517 ns, Reaching safepoint: 111350 ns, At safepoint: 21543 ns, Total: 132893 ns
[2020-09-12T12:29:49.714+0000][1][safepoint    ] Safepoint "RevokeBias", Time since last: 194255 ns, Reaching safepoint: 106671 ns, At safepoint: 21295 ns, Total: 127966 ns
[2020-09-12T12:29:49.715+0000][1][safepoint    ] Safepoint "RevokeBias", Time since last: 662624 ns, Reaching safepoint: 725573 ns, At safepoint: 22349 ns, Total: 747922 ns
[2020-09-12T12:29:49.718+0000][1][safepoint    ] Safepoint "BulkRevokeBias", Time since last: 516031 ns, Reaching safepoint: 2421968 ns, At safepoint: 286016 ns, Total: 2707984 ns
[2020-09-12T12:29:49.747+0000][1][safepoint    ] Safepoint "RevokeBias", Time since last: 22286425 ns, Reaching safepoint: 5740972 ns, At safepoint: 73055 ns, Total: 5814027 ns
[2020-09-12T12:29:49.750+0000][1][safepoint    ] Safepoint "RevokeBias", Time since last: 832064 ns, Reaching safepoint: 2203887 ns, At safepoint: 27291 ns, Total: 2231178 ns
[2020-09-12T12:29:49.750+0000][1][safepoint    ] Safepoint "RevokeBias", Time since last: 375497 ns, Reaching safepoint: 122490 ns, At safepoint: 23401 ns, Total: 145891 ns
[2020-09-12T12:29:49.751+0000][1][safepoint    ] Safepoint "BulkRevokeBias", Time since last: 432039 ns, Reaching safepoint: 255742 ns, At safepoint: 549344 ns, Total: 805086 ns
[2020-09-12T12:29:50.025+0000][1][safepoint    ] Safepoint "RevokeBias", Time since last: 273361008 ns, Reaching safepoint: 161946 ns, At safepoint: 32951 ns, Total: 194897 ns
[2020-09-12T12:29:50.030+0000][1][safepoint    ] Safepoint "RevokeBias", Time since last: 4698582 ns, Reaching safepoint: 80445 ns, At safepoint: 25618 ns, Total: 106063 ns
[2020-09-12T12:29:50.030+0000][1][safepoint    ] Safepoint "RevokeBias", Time since last: 94550 ns, Reaching safepoint: 17419 ns, At safepoint: 13103 ns, Total: 30522 ns
[2020-09-12T12:29:50.097+0000][1][safepoint    ] Safepoint "RevokeBias", Time since last: 66904168 ns, Reaching safepoint: 387537 ns, At safepoint: 25869 ns, Total: 413406 ns
[2020-09-12T12:29:50.262+0000][1][safepoint    ] Safepoint "RevokeBias", Time since last: 164880330 ns, Reaching safepoint: 60758 ns, At safepoint: 16943 ns, Total: 77701 ns
[2020-09-12T12:29:50.642+0000][1][safepoint    ] Safepoint "RevokeBias", Time since last: 380243296 ns, Reaching safepoint: 56667 ns, At safepoint: 19100 ns, Total: 75767 ns
[2020-09-12T12:29:50.645+0000][1][safepoint    ] Safepoint "RevokeBias", Time since last: 2259177 ns, Reaching safepoint: 44724 ns, At safepoint: 16841 ns, Total: 61565 ns
[2020-09-12T12:29:50.659+0000][1][safepoint    ] Safepoint "RevokeBias", Time since last: 14624937 ns, Reaching safepoint: 121986 ns, At safepoint: 22290 ns, Total: 144276 ns
[2020-09-12T12:29:50.910+0000][1][safepoint    ] Safepoint "RevokeBias", Time since last: 250604105 ns, Reaching safepoint: 132559 ns, At safepoint: 19224 ns, Total: 151783 ns
[2020-09-12T12:29:50.939+0000][1][safepoint    ] Safepoint "RevokeBias", Time since last: 28205678 ns, Reaching safepoint: 293113 ns, At safepoint: 139089 ns, Total: 432202 ns
[2020-09-12T12:29:50.960+0000][1][safepoint    ] Safepoint "RevokeBias", Time since last: 20692316 ns, Reaching safepoint: 884578 ns, At safepoint: 25829 ns, Total: 910407 ns
[2020-09-12T12:29:50.979+0000][1][safepoint    ] Safepoint "RevokeBias", Time since last: 17867788 ns, Reaching safepoint: 368439 ns, At safepoint: 51536 ns, Total: 419975 ns
[2020-09-12T12:29:50.985+0000][1][safepoint    ] Safepoint "RevokeBias", Time since last: 6262368 ns, Reaching safepoint: 131984 ns, At safepoint: 12900 ns, Total: 144884 ns
[2020-09-12T12:29:51.060+0000][1][safepoint    ] Safepoint "RevokeBias", Time since last: 65815788 ns, Reaching safepoint: 9211580 ns, At safepoint: 69840 ns, Total: 9281420 ns
[2020-09-12T12:29:51.916+0000][1][safepoint    ] Safepoint "RevokeBias", Time since last: 855494279 ns, Reaching safepoint: 164142 ns, At safepoint: 11728 ns, Total: 175870 ns
[2020-09-12T12:29:52.126+0000][1][safepoint    ] Safepoint "RevokeBias", Time since last: 198750671 ns, Reaching safepoint: 11160635 ns, At safepoint: 29372 ns, Total: 11190007 ns
[2020-09-12T12:29:52.161+0000][1][safepoint    ] Safepoint "RevokeBias", Time since last: 24748811 ns, Reaching safepoint: 9935708 ns, At safepoint: 26700 ns, Total: 9962408 ns
[2020-09-12T12:29:52.161+0000][1][safepoint    ] Safepoint "RevokeBias", Time since last: 109962 ns, Reaching safepoint: 422029 ns, At safepoint: 15973 ns, Total: 438002 ns
[2020-09-12T12:29:52.162+0000][1][safepoint    ] Safepoint "RevokeBias", Time since last: 337038 ns, Reaching safepoint: 560648 ns, At safepoint: 38360 ns, Total: 599008 ns
[2020-09-12T12:29:52.183+0000][1][safepoint    ] Safepoint "RevokeBias", Time since last: 14600875 ns, Reaching safepoint: 5823688 ns, At safepoint: 22917 ns, Total: 5846605 ns
[2020-09-12T12:29:52.249+0000][1][safepoint    ] Safepoint "BulkRevokeBias", Time since last: 52252404 ns, Reaching safepoint: 12998802 ns, At safepoint: 750856 ns, Total: 13749658 ns
[2020-09-12T12:29:52.264+0000][1][safepoint    ] Safepoint "RevokeBias", Time since last: 15603889 ns, Reaching safepoint: 293388 ns, At safepoint: 20484 ns, Total: 313872 ns
[2020-09-12T12:29:52.882+0000][1][safepoint    ] Safepoint "RevokeBias", Time since last: 605712422 ns, Reaching safepoint: 11740258 ns, At safepoint: 34365 ns, Total: 11774623 ns
[2020-09-12T12:29:53.045+0000][1][safepoint    ] Safepoint "Deoptimize", Time since last: 162725283 ns, Reaching safepoint: 59493 ns, At safepoint: 446009 ns, Total: 505502 ns
[2020-09-12T12:29:53.071+0000][1][safepoint    ] Safepoint "CollectForMetadataAllocation", Time since last: 25896118 ns, Reaching safepoint: 50842 ns, At safepoint: 274336 ns, Total: 325178 ns
[2020-09-12T12:29:53.082+0000][1][gc,start     ] GC(34) Pause Young (Allocation Failure)
[2020-09-12T12:29:53.082+0000][1][gc,task      ] GC(34) Using 2 workers of 2 for evacuation
[2020-09-12T12:29:53.156+0000][1][gc,age       ] GC(34) Desired survivor size 8716288 bytes, new threshold 3 (max threshold 6)
[2020-09-12T12:29:53.156+0000][1][gc,age       ] GC(34) Age table with threshold 3 (max threshold 6)
[2020-09-12T12:29:53.156+0000][1][gc,age       ] GC(34) - age   1:    1495392 bytes,    1495392 total
[2020-09-12T12:29:53.156+0000][1][gc,age       ] GC(34) - age   2:    3748696 bytes,    5244088 total
[2020-09-12T12:29:53.156+0000][1][gc,age       ] GC(34) - age   3:    3918936 bytes,    9163024 total
[2020-09-12T12:29:53.156+0000][1][gc,heap      ] GC(34) ParNew: 152727K->11497K(153344K)
[2020-09-12T12:29:53.156+0000][1][gc,heap      ] GC(34) CMS: 59456K->59456K(353920K)
[2020-09-12T12:29:53.156+0000][1][gc,metaspace ] GC(34) Metaspace: 76861K->76861K(1120256K)
[2020-09-12T12:29:53.156+0000][1][gc           ] GC(34) Pause Young (Allocation Failure) 207M->69M(495M) 74.284ms
[2020-09-12T12:29:53.156+0000][1][gc,cpu       ] GC(34) User=0.04s Sys=0.00s Real=0.07s
[2020-09-12T12:29:53.156+0000][1][safepoint    ] Safepoint "GenCollectForAllocation", Time since last: 10472700 ns, Reaching safepoint: 55364 ns, At safepoint: 74352583 ns, Total: 74407947 ns
[2020-09-12T12:29:53.190+0000][1][gc,start     ] GC(35) Pause Initial Mark
[2020-09-12T12:29:53.213+0000][1][gc           ] GC(35) Pause Initial Mark 70M->70M(495M) 23.862ms
[2020-09-12T12:29:53.213+0000][1][gc,cpu       ] GC(35) User=0.02s Sys=0.00s Real=0.02s
[2020-09-12T12:29:53.213+0000][1][safepoint    ] Safepoint "CMS_Initial_Mark", Time since last: 14551330 ns, Reaching safepoint: 18698116 ns, At safepoint: 23958643 ns, Total: 42656759 ns
[2020-09-12T12:29:53.214+0000][1][gc           ] GC(35) Concurrent Mark
[2020-09-12T12:29:53.432+0000][1][safepoint    ] Safepoint "CollectForMetadataAllocation", Time since last: 202758742 ns, Reaching safepoint: 15570207 ns, At safepoint: 110872 ns, Total: 15681079 ns
[2020-09-12T12:29:53.465+0000][1][safepoint    ] Safepoint "BulkRevokeBias", Time since last: 32283205 ns, Reaching safepoint: 107363 ns, At safepoint: 543391 ns, Total: 650754 ns
[2020-09-12T12:29:53.498+0000][1][safepoint    ] Safepoint "RevokeBias", Time since last: 28592883 ns, Reaching safepoint: 4218556 ns, At safepoint: 8812 ns, Total: 4227368 ns
[2020-09-12T12:29:53.500+0000][1][safepoint    ] Safepoint "RevokeBias", Time since last: 1147669 ns, Reaching safepoint: 1345200 ns, At safepoint: 8925 ns, Total: 1354125 ns
[2020-09-12T12:29:53.566+0000][1][safepoint    ] Safepoint "RevokeBias", Time since last: 44046449 ns, Reaching safepoint: 21992227 ns, At safepoint: 7450 ns, Total: 21999677 ns
[2020-09-12T12:29:53.567+0000][1][safepoint    ] Safepoint "RevokeBias", Time since last: 552634 ns, Reaching safepoint: 64167 ns, At safepoint: 4743 ns, Total: 68910 ns
[2020-09-12T12:29:53.615+0000][1][gc           ] GC(35) Concurrent Mark 401.214ms
[2020-09-12T12:29:53.615+0000][1][gc,cpu       ] GC(35) User=0.22s Sys=0.01s Real=0.40s
[2020-09-12T12:29:53.615+0000][1][gc           ] GC(35) Concurrent Preclean
[2020-09-12T12:29:53.616+0000][1][gc           ] GC(35) Concurrent Preclean 1.320ms
[2020-09-12T12:29:53.616+0000][1][gc,cpu       ] GC(35) User=0.00s Sys=0.00s Real=0.00s
[2020-09-12T12:29:53.616+0000][1][gc           ] GC(35) Concurrent Abortable Preclean
[2020-09-12T12:29:53.797+0000][1][safepoint    ] Safepoint "RevokeBias", Time since last: 228390571 ns, Reaching safepoint: 2198318 ns, At safepoint: 11979 ns, Total: 2210297 ns
[2020-09-12T12:29:53.833+0000][1][safepoint    ] Safepoint "RevokeBias", Time since last: 31795000 ns, Reaching safepoint: 3793577 ns, At safepoint: 20560 ns, Total: 3814137 ns
[2020-09-12T12:29:53.851+0000][1][safepoint    ] Safepoint "RevokeBias", Time since last: 15502980 ns, Reaching safepoint: 2096354 ns, At safepoint: 14235 ns, Total: 2110589 ns
[2020-09-12T12:29:54.852+0000][1][safepoint    ] Safepoint "Cleanup", Time since last: 1000491595 ns, Reaching safepoint: 605304 ns, At safepoint: 13032 ns, Total: 618336 ns
[2020-09-12T12:29:55.852+0000][1][safepoint    ] Safepoint "Cleanup", Time since last: 1000115148 ns, Reaching safepoint: 72921 ns, At safepoint: 18939 ns, Total: 91860 ns
[2020-09-12T12:29:56.037+0000][1][safepoint    ] Safepoint "CollectForMetadataAllocation", Time since last: 183208749 ns, Reaching safepoint: 1303047 ns, At safepoint: 246531 ns, Total: 1549578 ns
[2020-09-12T12:29:56.335+0000][1][safepoint    ] Safepoint "RevokeBias", Time since last: 295950459 ns, Reaching safepoint: 2385618 ns, At safepoint: 12571 ns, Total: 2398189 ns
[2020-09-12T12:29:56.345+0000][1][safepoint    ] Safepoint "RevokeBias", Time since last: 9605964 ns, Reaching safepoint: 82908 ns, At safepoint: 7053 ns, Total: 89961 ns
[2020-09-12T12:29:57.346+0000][1][safepoint    ] Safepoint "Cleanup", Time since last: 1001263272 ns, Reaching safepoint: 346288 ns, At safepoint: 14287 ns, Total: 360575 ns
[2020-09-12T12:29:57.787+0000][1][safepoint    ] Safepoint "RevokeBias", Time since last: 439756739 ns, Reaching safepoint: 1115873 ns, At safepoint: 18846 ns, Total: 1134719 ns
[2020-09-12T12:29:57.840+0000][1][safepoint    ] Safepoint "CollectForMetadataAllocation", Time since last: 51913811 ns, Reaching safepoint: 952305 ns, At safepoint: 151955 ns, Total: 1104260 ns
[2020-09-12T12:29:57.905+0000][1][safepoint    ] Safepoint "Deoptimize", Time since last: 63389642 ns, Reaching safepoint: 1131277 ns, At safepoint: 511697 ns, Total: 1642974 ns
[2020-09-12T12:29:57.975+0000][1][safepoint    ] Safepoint "CollectForMetadataAllocation", Time since last: 67892516 ns, Reaching safepoint: 1335915 ns, At safepoint: 102911 ns, Total: 1438826 ns
[2020-09-12T12:29:58.028+0000][1][safepoint    ] Safepoint "RevokeBias", Time since last: 39903532 ns, Reaching safepoint: 13058704 ns, At safepoint: 78860 ns, Total: 13137564 ns
[2020-09-12T12:29:58.033+0000][1][safepoint    ] Safepoint "BulkRevokeBias", Time since last: 2555894 ns, Reaching safepoint: 1993429 ns, At safepoint: 238367 ns, Total: 2231796 ns
[2020-09-12T12:29:58.085+0000][1][safepoint    ] Safepoint "RevokeBias", Time since last: 52522544 ns, Reaching safepoint: 178951 ns, At safepoint: 12827 ns, Total: 191778 ns
[2020-09-12T12:29:58.096+0000][1][safepoint    ] Safepoint "RevokeBias", Time since last: 6084738 ns, Reaching safepoint: 5029790 ns, At safepoint: 19537 ns, Total: 5049327 ns
[2020-09-12T12:29:58.648+0000][1][safepoint    ] Safepoint "CollectForMetadataAllocation", Time since last: 550926849 ns, Reaching safepoint: 229048 ns, At safepoint: 133064 ns, Total: 362112 ns
[2020-09-12T12:29:58.809+0000][1][safepoint    ] Safepoint "RevokeBias", Time since last: 151786551 ns, Reaching safepoint: 9471158 ns, At safepoint: 20682 ns, Total: 9491840 ns
[2020-09-12T12:29:58.879+0000][1][gc           ] GC(35) Concurrent Abortable Preclean 5262.736ms
[2020-09-12T12:29:58.879+0000][1][gc,cpu       ] GC(35) User=2.34s Sys=0.08s Real=5.26s
[2020-09-12T12:29:58.889+0000][1][gc,start     ] GC(35) Pause Remark
[2020-09-12T12:29:58.944+0000][1][gc           ] GC(35) Pause Remark 107M->107M(495M) 55.626ms
[2020-09-12T12:29:58.944+0000][1][gc,cpu       ] GC(35) User=0.03s Sys=0.00s Real=0.05s
[2020-09-12T12:29:58.945+0000][1][safepoint    ] Safepoint "CMS_Final_Remark", Time since last: 70103628 ns, Reaching safepoint: 9705153 ns, At safepoint: 55823547 ns, Total: 65528700 ns
[2020-09-12T12:29:58.945+0000][1][gc           ] GC(35) Concurrent Sweep
[2020-09-12T12:29:58.967+0000][1][safepoint    ] Safepoint "CollectForMetadataAllocation", Time since last: 21937241 ns, Reaching safepoint: 616893 ns, At safepoint: 149811 ns, Total: 766704 ns
[2020-09-12T12:29:59.012+0000][1][gc           ] GC(35) Concurrent Sweep 67.050ms
[2020-09-12T12:29:59.012+0000][1][gc,cpu       ] GC(35) User=0.03s Sys=0.00s Real=0.07s
[2020-09-12T12:29:59.012+0000][1][gc           ] GC(35) Concurrent Reset
[2020-09-12T12:29:59.012+0000][1][gc           ] GC(35) Concurrent Reset 0.571ms
[2020-09-12T12:29:59.012+0000][1][gc,cpu       ] GC(35) User=0.00s Sys=0.00s Real=0.00s
[2020-09-12T12:29:59.012+0000][1][gc,heap      ] GC(35) Old: 59456K->58321K(353920K)
[2020-09-12T12:29:59.090+0000][1][safepoint    ] Safepoint "RevokeBias", Time since last: 118492223 ns, Reaching safepoint: 4540071 ns, At safepoint: 20395 ns, Total: 4560466 ns
[2020-09-12T12:29:59.285+0000][1][safepoint    ] Safepoint "RevokeBias", Time since last: 194705345 ns, Reaching safepoint: 136010 ns, At safepoint: 13205 ns, Total: 149215 ns
[2020-09-12T12:29:59.286+0000][1][safepoint    ] Safepoint "RevokeBias", Time since last: 239394 ns, Reaching safepoint: 120665 ns, At safepoint: 10359 ns, Total: 131024 ns
[2020-09-12T12:29:59.344+0000][1][safepoint    ] Safepoint "RevokeBias", Time since last: 55867508 ns, Reaching safepoint: 2613023 ns, At safepoint: 29018 ns, Total: 2642041 ns
[2020-09-12T12:29:59.590+0000][1][safepoint    ] Safepoint "RevokeBias", Time since last: 243762800 ns, Reaching safepoint: 2280562 ns, At safepoint: 162374 ns, Total: 2442936 ns
[2020-09-12T12:29:59.590+0000][1][safepoint    ] Safepoint "RevokeBias", Time since last: 90963 ns, Reaching safepoint: 116573 ns, At safepoint: 29353 ns, Total: 145926 ns
[2020-09-12T12:29:59.618+0000][1][safepoint    ] Safepoint "RevokeBias", Time since last: 21758043 ns, Reaching safepoint: 5460290 ns, At safepoint: 21914 ns, Total: 5482204 ns
[2020-09-12T12:29:59.678+0000][1][safepoint    ] Safepoint "RevokeBias", Time since last: 58054534 ns, Reaching safepoint: 1847483 ns, At safepoint: 24809 ns, Total: 1872292 ns
[2020-09-12T12:29:59.711+0000][1][safepoint    ] Safepoint "RevokeBias", Time since last: 33239015 ns, Reaching safepoint: 67273 ns, At safepoint: 18980 ns, Total: 86253 ns
[2020-09-12T12:29:59.970+0000][1][safepoint    ] Safepoint "RevokeBias", Time since last: 258899743 ns, Reaching safepoint: 475870 ns, At safepoint: 11843 ns, Total: 487713 ns
[2020-09-12T12:30:00.071+0000][1][safepoint    ] Safepoint "Deoptimize", Time since last: 99888730 ns, Reaching safepoint: 230995 ns, At safepoint: 466179 ns, Total: 697174 ns
[2020-09-12T12:30:00.198+0000][1][safepoint    ] Safepoint "RevokeBias", Time since last: 125974875 ns, Reaching safepoint: 890421 ns, At safepoint: 27744 ns, Total: 918165 ns
[2020-09-12T12:30:00.201+0000][1][safepoint    ] Safepoint "RevokeBias", Time since last: 80759 ns, Reaching safepoint: 3255320 ns, At safepoint: 33461 ns, Total: 3288781 ns
[2020-09-12T12:30:00.312+0000][1][safepoint    ] Safepoint "RevokeBias", Time since last: 103727677 ns, Reaching safepoint: 6805461 ns, At safepoint: 21770 ns, Total: 6827231 ns
[2020-09-12T12:30:00.371+0000][1][safepoint    ] Safepoint "RevokeBias", Time since last: 58875885 ns, Reaching safepoint: 222713 ns, At safepoint: 25563 ns, Total: 248276 ns
[2020-09-12T12:30:00.414+0000][1][safepoint    ] Safepoint "RevokeBias", Time since last: 42725771 ns, Reaching safepoint: 134210 ns, At safepoint: 23270 ns, Total: 157480 ns
[2020-09-12T12:30:00.429+0000][1][safepoint    ] Safepoint "RevokeBias", Time since last: 14890045 ns, Reaching safepoint: 352039 ns, At safepoint: 11788 ns, Total: 363827 ns
[2020-09-12T12:30:00.582+0000][1][safepoint    ] Safepoint "RevokeBias", Time since last: 149304872 ns, Reaching safepoint: 3185795 ns, At safepoint: 19730 ns, Total: 3205525 ns
[2020-09-12T12:30:00.931+0000][1][safepoint    ] Safepoint "Deoptimize", Time since last: 348589934 ns, Reaching safepoint: 85240 ns, At safepoint: 460523 ns, Total: 545763 ns
[2020-09-12T12:30:01.018+0000][1][safepoint    ] Safepoint "Deoptimize", Time since last: 83366373 ns, Reaching safepoint: 3213947 ns, At safepoint: 554139 ns, Total: 3768086 ns
[2020-09-12T12:30:01.229+0000][1][safepoint    ] Safepoint "RevokeBias", Time since last: 204948968 ns, Reaching safepoint: 5991923 ns, At safepoint: 36318 ns, Total: 6028241 ns
[2020-09-12T12:30:01.310+0000][1][safepoint    ] Safepoint "RevokeBias", Time since last: 80705175 ns, Reaching safepoint: 552682 ns, At safepoint: 29346 ns, Total: 582028 ns
[2020-09-12T12:30:01.373+0000][1][safepoint    ] Safepoint "RevokeBias", Time since last: 61945844 ns, Reaching safepoint: 918551 ns, At safepoint: 29181 ns, Total: 947732 ns
[2020-09-12T12:30:01.377+0000][1][safepoint    ] Safepoint "RevokeBias", Time since last: 101314 ns, Reaching safepoint: 3738554 ns, At safepoint: 42264 ns, Total: 3780818 ns
[2020-09-12T12:30:01.379+0000][1][safepoint    ] Safepoint "RevokeBias", Time since last: 76656 ns, Reaching safepoint: 2515175 ns, At safepoint: 39062 ns, Total: 2554237 ns
[2020-09-12T12:30:01.382+0000][1][safepoint    ] Safepoint "RevokeBias", Time since last: 101074 ns, Reaching safepoint: 2033036 ns, At safepoint: 32174 ns, Total: 2065210 ns
[2020-09-12T12:30:01.382+0000][1][safepoint    ] Safepoint "RevokeBias", Time since last: 74721 ns, Reaching safepoint: 126433 ns, At safepoint: 23106 ns, Total: 149539 ns
[2020-09-12T12:30:01.589+0000][1][safepoint    ] Safepoint "RevokeBias", Time since last: 205759285 ns, Reaching safepoint: 1102176 ns, At safepoint: 47573 ns, Total: 1149749 ns
[2020-09-12T12:30:01.606+0000][1][safepoint    ] Safepoint "RevokeBias", Time since last: 17187773 ns, Reaching safepoint: 164200 ns, At safepoint: 23268 ns, Total: 187468 ns
[2020-09-12T12:30:01.695+0000][1][safepoint    ] Safepoint "RevokeBias", Time since last: 88581797 ns, Reaching safepoint: 446349 ns, At safepoint: 13743 ns, Total: 460092 ns
[2020-09-12T12:30:01.745+0000][1][safepoint    ] Safepoint "RevokeBias", Time since last: 49954937 ns, Reaching safepoint: 63348 ns, At safepoint: 19622 ns, Total: 82970 ns
[2020-09-12T12:30:01.777+0000][1][safepoint    ] Safepoint "RevokeBias", Time since last: 31618936 ns, Reaching safepoint: 80422 ns, At safepoint: 25762 ns, Total: 106184 ns
[2020-09-12T12:30:01.789+0000][1][safepoint    ] Safepoint "RevokeBias", Time since last: 7809196 ns, Reaching safepoint: 3977493 ns, At safepoint: 33706 ns, Total: 4011199 ns
[2020-09-12T12:30:01.790+0000][1][safepoint    ] Safepoint "RevokeBias", Time since last: 94509 ns, Reaching safepoint: 652098 ns, At safepoint: 35254 ns, Total: 687352 ns
[2020-09-12T12:30:01.830+0000][1][safepoint    ] Safepoint "RevokeBias", Time since last: 38899626 ns, Reaching safepoint: 1189864 ns, At safepoint: 45250 ns, Total: 1235114 ns
[2020-09-12T12:30:01.873+0000][1][gc,start     ] GC(36) Pause Young (Allocation Failure)
[2020-09-12T12:30:01.873+0000][1][gc,task      ] GC(36) Using 2 workers of 2 for evacuation
[2020-09-12T12:30:02.007+0000][1][gc,age       ] GC(36) Desired survivor size 8716288 bytes, new threshold 3 (max threshold 6)
[2020-09-12T12:30:02.007+0000][1][gc,age       ] GC(36) Age table with threshold 3 (max threshold 6)
[2020-09-12T12:30:02.007+0000][1][gc,age       ] GC(36) - age   1:    5501832 bytes,    5501832 total
[2020-09-12T12:30:02.007+0000][1][gc,age       ] GC(36) - age   2:    1263792 bytes,    6765624 total
[2020-09-12T12:30:02.007+0000][1][gc,age       ] GC(36) - age   3:    3699000 bytes,   10464624 total
[2020-09-12T12:30:02.007+0000][1][gc,heap      ] GC(36) ParNew: 147817K->16296K(153344K)
[2020-09-12T12:30:02.007+0000][1][gc,heap      ] GC(36) CMS: 58321K->62278K(353920K)
[2020-09-12T12:30:02.007+0000][1][gc,metaspace ] GC(36) Metaspace: 83393K->83393K(1126400K)
[2020-09-12T12:30:02.007+0000][1][gc           ] GC(36) Pause Young (Allocation Failure) 201M->76M(495M) 134.471ms
[2020-09-12T12:30:02.007+0000][1][gc,cpu       ] GC(36) User=0.05s Sys=0.00s Real=0.13s
[2020-09-12T12:30:02.007+0000][1][safepoint    ] Safepoint "GenCollectForAllocation", Time since last: 36151909 ns, Reaching safepoint: 6727076 ns, At safepoint: 134553350 ns, Total: 141280426 ns
[2020-09-12T12:30:02.026+0000][1][safepoint    ] Safepoint "RevokeBias", Time since last: 15556576 ns, Reaching safepoint: 3123385 ns, At safepoint: 35604 ns, Total: 3158989 ns
[2020-09-12T12:30:02.027+0000][1][safepoint    ] Safepoint "RevokeBias", Time since last: 972006 ns, Reaching safepoint: 150621 ns, At safepoint: 22786 ns, Total: 173407 ns
[2020-09-12T12:30:02.029+0000][1][safepoint    ] Safepoint "RevokeBias", Time since last: 1510135 ns, Reaching safepoint: 212358 ns, At safepoint: 25073 ns, Total: 237431 ns
[2020-09-12T12:30:02.042+0000][1][safepoint    ] Safepoint "RevokeBias", Time since last: 8011122 ns, Reaching safepoint: 5410718 ns, At safepoint: 35001 ns, Total: 5445719 ns
[2020-09-12T12:30:02.075+0000][1][safepoint    ] Safepoint "RevokeBias", Time since last: 32294160 ns, Reaching safepoint: 173809 ns, At safepoint: 27424 ns, Total: 201233 ns
[2020-09-12T12:30:02.082+0000][1][safepoint    ] Safepoint "RevokeBias", Time since last: 6966509 ns, Reaching safepoint: 71238 ns, At safepoint: 22235 ns, Total: 93473 ns
[2020-09-12T12:30:02.085+0000][1][safepoint    ] Safepoint "RevokeBias", Time since last: 3554076 ns, Reaching safepoint: 59691 ns, At safepoint: 16136 ns, Total: 75827 ns
[2020-09-12T12:30:02.095+0000][1][safepoint    ] Safepoint "RevokeBias", Time since last: 9626336 ns, Reaching safepoint: 77068 ns, At safepoint: 39772 ns, Total: 116840 ns
[2020-09-12T12:30:02.121+0000][1][safepoint    ] Safepoint "RevokeBias", Time since last: 22921414 ns, Reaching safepoint: 2718283 ns, At safepoint: 29108 ns, Total: 2747391 ns
[2020-09-12T12:30:02.213+0000][1][safepoint    ] Safepoint "RevokeBias", Time since last: 87930585 ns, Reaching safepoint: 4045723 ns, At safepoint: 37511 ns, Total: 4083234 ns
[2020-09-12T12:30:02.213+0000][1][safepoint    ] Safepoint "RevokeBias", Time since last: 221852 ns, Reaching safepoint: 148496 ns, At safepoint: 33201 ns, Total: 181697 ns
[2020-09-12T12:30:02.229+0000][1][safepoint    ] Safepoint "RevokeBias", Time since last: 3394463 ns, Reaching safepoint: 12157422 ns, At safepoint: 68375 ns, Total: 12225797 ns
[2020-09-12T12:30:02.234+0000][1][safepoint    ] Safepoint "RevokeBias", Time since last: 1413352 ns, Reaching safepoint: 3612115 ns, At safepoint: 45593 ns, Total: 3657708 ns
[2020-09-12T12:30:02.241+0000][1][safepoint    ] Safepoint "RevokeBias", Time since last: 3359543 ns, Reaching safepoint: 3475005 ns, At safepoint: 39085 ns, Total: 3514090 ns
[2020-09-12T12:30:02.247+0000][1][safepoint    ] Safepoint "RevokeBias", Time since last: 763451 ns, Reaching safepoint: 5093531 ns, At safepoint: 44862 ns, Total: 5138393 ns
[2020-09-12T12:30:02.277+0000][1][safepoint    ] Safepoint "RevokeBias", Time since last: 26378880 ns, Reaching safepoint: 3698891 ns, At safepoint: 35696 ns, Total: 3734587 ns
[2020-09-12T12:30:02.327+0000][1][safepoint    ] Safepoint "RevokeBias", Time since last: 48087374 ns, Reaching safepoint: 2174344 ns, At safepoint: 66320 ns, Total: 2240664 ns
[2020-09-12T12:30:02.429+0000][1][safepoint    ] Safepoint "RevokeBias", Time since last: 101174515 ns, Reaching safepoint: 1071188 ns, At safepoint: 58894 ns, Total: 1130082 ns
[2020-09-12T12:30:02.537+0000][1][safepoint    ] Safepoint "RevokeBias", Time since last: 99403125 ns, Reaching safepoint: 7903221 ns, At safepoint: 47264 ns, Total: 7950485 ns
[2020-09-12T12:30:02.545+0000][1][safepoint    ] Safepoint "RevokeBias", Time since last: 1009125 ns, Reaching safepoint: 6949618 ns, At safepoint: 56893 ns, Total: 7006511 ns
[2020-09-12T12:30:02.597+0000][1][safepoint    ] Safepoint "RevokeBias", Time since last: 43656803 ns, Reaching safepoint: 8321474 ns, At safepoint: 42291 ns, Total: 8363765 ns
[2020-09-12T12:30:02.620+0000][1][safepoint    ] Safepoint "RevokeBias", Time since last: 11060203 ns, Reaching safepoint: 12399387 ns, At safepoint: 33364 ns, Total: 12432751 ns
[2020-09-12T12:30:02.665+0000][1][safepoint    ] Safepoint "RevokeBias", Time since last: 28351636 ns, Reaching safepoint: 16095156 ns, At safepoint: 34418 ns, Total: 16129574 ns
[2020-09-12T12:30:02.665+0000][1][safepoint    ] Safepoint "RevokeBias", Time since last: 467469 ns, Reaching safepoint: 176334 ns, At safepoint: 33908 ns, Total: 210242 ns
[2020-09-12T12:30:02.666+0000][1][safepoint    ] Safepoint "RevokeBias", Time since last: 649616 ns, Reaching safepoint: 160789 ns, At safepoint: 22566 ns, Total: 183355 ns
[2020-09-12T12:30:02.699+0000][1][safepoint    ] Safepoint "RevokeBias", Time since last: 14466442 ns, Reaching safepoint: 18475586 ns, At safepoint: 42519 ns, Total: 18518105 ns
[2020-09-12T12:30:02.741+0000][1][safepoint    ] Safepoint "RevokeBias", Time since last: 940715 ns, Reaching safepoint: 40234549 ns, At safepoint: 30666 ns, Total: 40265215 ns
[2020-09-12T12:30:02.893+0000][1][safepoint    ] Safepoint "RevokeBias", Time since last: 137862071 ns, Reaching safepoint: 14333599 ns, At safepoint: 38328 ns, Total: 14371927 ns
[2020-09-12T12:30:02.923+0000][1][safepoint    ] Safepoint "RevokeBias", Time since last: 4608340 ns, Reaching safepoint: 25566528 ns, At safepoint: 26335 ns, Total: 25592863 ns
[2020-09-12T12:30:03.357+0000][1][safepoint    ] Safepoint "RevokeBias", Time since last: 421585970 ns, Reaching safepoint: 12242981 ns, At safepoint: 33399 ns, Total: 12276380 ns
[2020-09-12T12:30:03.360+0000][1][safepoint    ] Safepoint "RevokeBias", Time since last: 821338 ns, Reaching safepoint: 2282941 ns, At safepoint: 36426 ns, Total: 2319367 ns
[2020-09-12T12:30:03.360+0000][1][safepoint    ] Safepoint "RevokeBias", Time since last: 77439 ns, Reaching safepoint: 135994 ns, At safepoint: 21389 ns, Total: 157383 ns
[2020-09-12T12:30:03.414+0000][1][safepoint    ] Safepoint "Deoptimize", Time since last: 8417220 ns, Reaching safepoint: 45052437 ns, At safepoint: 552894 ns, Total: 45605331 ns
[2020-09-12T12:30:03.419+0000][1][safepoint    ] Safepoint "RevokeBias", Time since last: 4151507 ns, Reaching safepoint: 653322 ns, At safepoint: 32854 ns, Total: 686176 ns
[2020-09-12T12:30:03.741+0000][1][safepoint    ] Safepoint "RevokeBias", Time since last: 319893995 ns, Reaching safepoint: 1910441 ns, At safepoint: 28232 ns, Total: 1938673 ns
[2020-09-12T12:30:04.146+0000][1][safepoint    ] Safepoint "RevokeBias", Time since last: 391425847 ns, Reaching safepoint: 13221669 ns, At safepoint: 35895 ns, Total: 13257564 ns
[2020-09-12T12:30:04.146+0000][1][safepoint    ] Safepoint "RevokeBias", Time since last: 254794 ns, Reaching safepoint: 242186 ns, At safepoint: 17511 ns, Total: 259697 ns
[2020-09-12T12:30:04.155+0000][1][safepoint    ] Safepoint "RevokeBias", Time since last: 75288 ns, Reaching safepoint: 9168213 ns, At safepoint: 36001 ns, Total: 9204214 ns
[2020-09-12T12:30:04.156+0000][1][safepoint    ] Safepoint "RevokeBias", Time since last: 204173 ns, Reaching safepoint: 105923 ns, At safepoint: 17789 ns, Total: 123712 ns
[2020-09-12T12:30:04.156+0000][1][safepoint    ] Safepoint "RevokeBias", Time since last: 88916 ns, Reaching safepoint: 167750 ns, At safepoint: 16194 ns, Total: 183944 ns
[2020-09-12T12:30:04.160+0000][1][safepoint    ] Safepoint "RevokeBias", Time since last: 3836937 ns, Reaching safepoint: 143577 ns, At safepoint: 24403 ns, Total: 167980 ns
[2020-09-12T12:30:04.161+0000][1][safepoint    ] Safepoint "RevokeBias", Time since last: 69238 ns, Reaching safepoint: 726453 ns, At safepoint: 15567 ns, Total: 742020 ns
[2020-09-12T12:30:04.171+0000][1][safepoint    ] Safepoint "RevokeBias", Time since last: 95337 ns, Reaching safepoint: 9783171 ns, At safepoint: 70697 ns, Total: 9853868 ns
[2020-09-12T12:30:04.172+0000][1][safepoint    ] Safepoint "RevokeBias", Time since last: 608294 ns, Reaching safepoint: 147292 ns, At safepoint: 73201 ns, Total: 220493 ns
[2020-09-12T12:30:04.177+0000][1][safepoint    ] Safepoint "RevokeBias", Time since last: 5303231 ns, Reaching safepoint: 519753 ns, At safepoint: 54997 ns, Total: 574750 ns
[2020-09-12T12:30:04.180+0000][1][safepoint    ] Safepoint "RevokeBias", Time since last: 247681 ns, Reaching safepoint: 2191218 ns, At safepoint: 25051 ns, Total: 2216269 ns
[2020-09-12T12:30:04.180+0000][1][safepoint    ] Safepoint "RevokeBias", Time since last: 182171 ns, Reaching safepoint: 106159 ns, At safepoint: 15245 ns, Total: 121404 ns
[2020-09-12T12:30:04.180+0000][1][safepoint    ] Safepoint "RevokeBias", Time since last: 42377 ns, Reaching safepoint: 101234 ns, At safepoint: 14481 ns, Total: 115715 ns
[2020-09-12T12:30:04.181+0000][1][safepoint    ] Safepoint "RevokeBias", Time since last: 85578 ns, Reaching safepoint: 101155 ns, At safepoint: 13571 ns, Total: 114726 ns
[2020-09-12T12:30:04.187+0000][1][safepoint    ] Safepoint "RevokeBias", Time since last: 60174 ns, Reaching safepoint: 6175062 ns, At safepoint: 27919 ns, Total: 6202981 ns
[2020-09-12T12:30:04.187+0000][1][safepoint    ] Safepoint "RevokeBias", Time since last: 69182 ns, Reaching safepoint: 129638 ns, At safepoint: 18050 ns, Total: 147688 ns
[2020-09-12T12:30:04.280+0000][1][safepoint    ] Safepoint "RevokeBias", Time since last: 92830549 ns, Reaching safepoint: 147947 ns, At safepoint: 25566 ns, Total: 173513 ns
[2020-09-12T12:30:04.292+0000][1][safepoint    ] Safepoint "RevokeBias", Time since last: 1606109 ns, Reaching safepoint: 9964997 ns, At safepoint: 230293 ns, Total: 10195290 ns
[2020-09-12T12:30:04.293+0000][1][safepoint    ] Safepoint "RevokeBias", Time since last: 197643 ns, Reaching safepoint: 948484 ns, At safepoint: 27924 ns, Total: 976408 ns
[2020-09-12T12:30:04.296+0000][1][safepoint    ] Safepoint "RevokeBias", Time since last: 91312 ns, Reaching safepoint: 2384039 ns, At safepoint: 33744 ns, Total: 2417783 ns
[2020-09-12T12:30:04.299+0000][1][safepoint    ] Safepoint "RevokeBias", Time since last: 356244 ns, Reaching safepoint: 3445767 ns, At safepoint: 40146 ns, Total: 3485913 ns
[2020-09-12T12:30:04.306+0000][1][safepoint    ] Safepoint "RevokeBias", Time since last: 84773 ns, Reaching safepoint: 6036793 ns, At safepoint: 33966 ns, Total: 6070759 ns
[2020-09-12T12:30:04.308+0000][1][safepoint    ] Safepoint "RevokeBias", Time since last: 2439869 ns, Reaching safepoint: 134816 ns, At safepoint: 23531 ns, Total: 158347 ns
[2020-09-12T12:30:04.311+0000][1][safepoint    ] Safepoint "RevokeBias", Time since last: 55636 ns, Reaching safepoint: 2338442 ns, At safepoint: 31566 ns, Total: 2370008 ns
[2020-09-12T12:30:04.311+0000][1][safepoint    ] Safepoint "RevokeBias", Time since last: 262505 ns, Reaching safepoint: 105468 ns, At safepoint: 17235 ns, Total: 122703 ns
[2020-09-12T12:30:04.311+0000][1][safepoint    ] Safepoint "RevokeBias", Time since last: 38915 ns, Reaching safepoint: 300409 ns, At safepoint: 16289 ns, Total: 316698 ns
[2020-09-12T12:30:04.313+0000][1][safepoint    ] Safepoint "RevokeBias", Time since last: 526214 ns, Reaching safepoint: 1272060 ns, At safepoint: 27783 ns, Total: 1299843 ns
[2020-09-12T12:30:04.781+0000][1][safepoint    ] Safepoint "RevokeBias", Time since last: 464909742 ns, Reaching safepoint: 2735338 ns, At safepoint: 31682 ns, Total: 2767020 ns
[2020-09-12T12:30:04.785+0000][1][safepoint    ] Safepoint "RevokeBias", Time since last: 205256 ns, Reaching safepoint: 3770132 ns, At safepoint: 39445 ns, Total: 3809577 ns
[2020-09-12T12:30:04.818+0000][1][safepoint    ] Safepoint "Deoptimize", Time since last: 19205402 ns, Reaching safepoint: 13379995 ns, At safepoint: 573452 ns, Total: 13953447 ns
[2020-09-12T12:30:05.255+0000][1][safepoint    ] Safepoint "RevokeBias", Time since last: 436902984 ns, Reaching safepoint: 261058 ns, At safepoint: 25708 ns, Total: 286766 ns
[2020-09-12T12:30:05.440+0000][1][safepoint    ] Safepoint "RevokeBias", Time since last: 182237644 ns, Reaching safepoint: 2506711 ns, At safepoint: 34375 ns, Total: 2541086 ns
[2020-09-12T12:30:05.589+0000][1][gc,start     ] GC(37) Pause Young (Allocation Failure)
[2020-09-12T12:30:05.589+0000][1][gc,task      ] GC(37) Using 2 workers of 2 for evacuation
[2020-09-12T12:30:05.725+0000][1][gc,age       ] GC(37) Desired survivor size 8716288 bytes, new threshold 1 (max threshold 6)
[2020-09-12T12:30:05.739+0000][1][gc,age       ] GC(37) Age table with threshold 1 (max threshold 6)
[2020-09-12T12:30:05.739+0000][1][gc,age       ] GC(37) - age   1:   11782816 bytes,   11782816 total
[2020-09-12T12:30:05.739+0000][1][gc,age       ] GC(37) - age   2:    4491568 bytes,   16274384 total
[2020-09-12T12:30:05.739+0000][1][gc,age       ] GC(37) - age   3:    1099456 bytes,   17373840 total
[2020-09-12T12:30:05.739+0000][1][gc,heap      ] GC(37) ParNew: 152616K->17024K(153344K)
[2020-09-12T12:30:05.739+0000][1][gc,heap      ] GC(37) CMS: 62278K->67583K(353920K)
[2020-09-12T12:30:05.739+0000][1][gc,metaspace ] GC(37) Metaspace: 85493K->85493K(1128448K)
[2020-09-12T12:30:05.739+0000][1][gc           ] GC(37) Pause Young (Allocation Failure) 209M->82M(495M) 149.961ms
[2020-09-12T12:30:05.739+0000][1][gc,cpu       ] GC(37) User=0.06s Sys=0.00s Real=0.14s
[2020-09-12T12:30:05.739+0000][1][safepoint    ] Safepoint "GenCollectForAllocation", Time since last: 148297986 ns, Reaching safepoint: 494107 ns, At safepoint: 150026179 ns, Total: 150520286 ns
[2020-09-12T12:30:05.842+0000][1][safepoint    ] Safepoint "RevokeBias", Time since last: 78404060 ns, Reaching safepoint: 25287746 ns, At safepoint: 34539 ns, Total: 25322285 ns
[2020-09-12T12:30:05.851+0000][1][safepoint    ] Safepoint "RevokeBias", Time since last: 5917645 ns, Reaching safepoint: 2166524 ns, At safepoint: 112612 ns, Total: 2279136 ns
[2020-09-12T12:30:05.877+0000][1][safepoint    ] Safepoint "RevokeBias", Time since last: 9591271 ns, Reaching safepoint: 16589394 ns, At safepoint: 44481 ns, Total: 16633875 ns
[2020-09-12T12:30:05.878+0000][1][safepoint    ] Safepoint "RevokeBias", Time since last: 376076 ns, Reaching safepoint: 259089 ns, At safepoint: 125538 ns, Total: 384627 ns
[2020-09-12T12:30:05.879+0000][1][safepoint    ] Safepoint "RevokeBias", Time since last: 978268 ns, Reaching safepoint: 207294 ns, At safepoint: 24915 ns, Total: 232209 ns
[2020-09-12T12:30:05.881+0000][1][safepoint    ] Safepoint "RevokeBias", Time since last: 2153627 ns, Reaching safepoint: 142249 ns, At safepoint: 25663 ns, Total: 167912 ns
[2020-09-12T12:30:05.882+0000][1][safepoint    ] Safepoint "RevokeBias", Time since last: 485535 ns, Reaching safepoint: 146694 ns, At safepoint: 23921 ns, Total: 170615 ns
[2020-09-12T12:30:05.885+0000][1][safepoint    ] Safepoint "RevokeBias", Time since last: 2916393 ns, Reaching safepoint: 154763 ns, At safepoint: 40597 ns, Total: 195360 ns
[2020-09-12T12:30:05.896+0000][1][safepoint    ] Safepoint "RevokeBias", Time since last: 4916954 ns, Reaching safepoint: 5726188 ns, At safepoint: 35002 ns, Total: 5761190 ns
[2020-09-12T12:30:06.242+0000][1][safepoint    ] Safepoint "RevokeBias", Time since last: 341267968 ns, Reaching safepoint: 4814208 ns, At safepoint: 34230 ns, Total: 4848438 ns
[2020-09-12T12:30:06.250+0000][1][safepoint    ] Safepoint "RevokeBias", Time since last: 4352520 ns, Reaching safepoint: 3840958 ns, At safepoint: 33617 ns, Total: 3874575 ns
[2020-09-12T12:30:06.289+0000][1][safepoint    ] Safepoint "RevokeBias", Time since last: 38554283 ns, Reaching safepoint: 559297 ns, At safepoint: 24984 ns, Total: 584281 ns
[2020-09-12T12:30:06.294+0000][1][safepoint    ] Safepoint "RevokeBias", Time since last: 1048404 ns, Reaching safepoint: 4234098 ns, At safepoint: 43841 ns, Total: 4277939 ns
[2020-09-12T12:30:06.297+0000][1][safepoint    ] Safepoint "RevokeBias", Time since last: 1717300 ns, Reaching safepoint: 419411 ns, At safepoint: 24644 ns, Total: 444055 ns
[2020-09-12T12:30:06.464+0000][1][safepoint    ] Safepoint "RevokeBias", Time since last: 167316392 ns, Reaching safepoint: 388776 ns, At safepoint: 30767 ns, Total: 419543 ns
[2020-09-12T12:30:06.478+0000][1][safepoint    ] Safepoint "RevokeBias", Time since last: 13430448 ns, Reaching safepoint: 652114 ns, At safepoint: 31948 ns, Total: 684062 ns
[2020-09-12T12:30:06.479+0000][1][safepoint    ] Safepoint "RevokeBias", Time since last: 95847 ns, Reaching safepoint: 80195 ns, At safepoint: 21680 ns, Total: 101875 ns
[2020-09-12T12:30:06.480+0000][1][safepoint    ] Safepoint "RevokeBias", Time since last: 297083 ns, Reaching safepoint: 614981 ns, At safepoint: 24355 ns, Total: 639336 ns
[2020-09-12T12:30:06.561+0000][1][safepoint    ] Safepoint "RevokeBias", Time since last: 73138220 ns, Reaching safepoint: 8502577 ns, At safepoint: 36895 ns, Total: 8539472 ns
[2020-09-12T12:30:06.566+0000][1][safepoint    ] Safepoint "RevokeBias", Time since last: 3890226 ns, Reaching safepoint: 1155629 ns, At safepoint: 75425 ns, Total: 1231054 ns
[2020-09-12T12:30:06.629+0000][1][safepoint    ] Safepoint "RevokeBias", Time since last: 58721633 ns, Reaching safepoint: 3555786 ns, At safepoint: 36017 ns, Total: 3591803 ns
[2020-09-12T12:30:06.634+0000][1][safepoint    ] Safepoint "RevokeBias", Time since last: 249062 ns, Reaching safepoint: 4794541 ns, At safepoint: 35245 ns, Total: 4829786 ns
[2020-09-12T12:30:06.673+0000][1][safepoint    ] Safepoint "RevokeBias", Time since last: 37994915 ns, Reaching safepoint: 1178187 ns, At safepoint: 31113 ns, Total: 1209300 ns
[2020-09-12T12:30:06.744+0000][1][safepoint    ] Safepoint "RevokeBias", Time since last: 35969162 ns, Reaching safepoint: 35260149 ns, At safepoint: 45904 ns, Total: 35306053 ns
[2020-09-12T12:30:06.760+0000][1][safepoint    ] Safepoint "RevokeBias", Time since last: 8413513 ns, Reaching safepoint: 7392031 ns, At safepoint: 40110 ns, Total: 7432141 ns
[2020-09-12T12:30:06.777+0000][1][safepoint    ] Safepoint "RevokeBias", Time since last: 14130246 ns, Reaching safepoint: 2446999 ns, At safepoint: 35292 ns, Total: 2482291 ns
[2020-09-12T12:30:06.795+0000][1][safepoint    ] Safepoint "RevokeBias", Time since last: 10257839 ns, Reaching safepoint: 8234290 ns, At safepoint: 62260 ns, Total: 8296550 ns
[2020-09-12T12:30:06.829+0000][1][safepoint    ] Safepoint "RevokeBias", Time since last: 33062883 ns, Reaching safepoint: 648425 ns, At safepoint: 29529 ns, Total: 677954 ns
[2020-09-12T12:30:06.873+0000][1][safepoint    ] Safepoint "RevokeBias", Time since last: 27686074 ns, Reaching safepoint: 16090747 ns, At safepoint: 36818 ns, Total: 16127565 ns
[2020-09-12T12:30:06.880+0000][1][safepoint    ] Safepoint "RevokeBias", Time since last: 6800495 ns, Reaching safepoint: 436438 ns, At safepoint: 26731 ns, Total: 463169 ns
[2020-09-12T12:30:07.233+0000][1][safepoint    ] Safepoint "RevokeBias", Time since last: 347657172 ns, Reaching safepoint: 5035259 ns, At safepoint: 25252 ns, Total: 5060511 ns
[2020-09-12T12:30:07.241+0000][1][safepoint    ] Safepoint "RevokeBias", Time since last: 465357 ns, Reaching safepoint: 7495524 ns, At safepoint: 27073 ns, Total: 7522597 ns
[2020-09-12T12:30:07.477+0000][1][safepoint    ] Safepoint "RevokeBias", Time since last: 233978451 ns, Reaching safepoint: 2246845 ns, At safepoint: 35082 ns, Total: 2281927 ns
[2020-09-12T12:30:07.498+0000][1][safepoint    ] Safepoint "RevokeBias", Time since last: 19634662 ns, Reaching safepoint: 916520 ns, At safepoint: 27044 ns, Total: 943564 ns
[2020-09-12T12:30:07.500+0000][1][safepoint    ] Safepoint "RevokeBias", Time since last: 1035833 ns, Reaching safepoint: 1372309 ns, At safepoint: 33285 ns, Total: 1405594 ns
[2020-09-12T12:30:07.502+0000][1][safepoint    ] Safepoint "RevokeBias", Time since last: 190742 ns, Reaching safepoint: 1663670 ns, At safepoint: 30794 ns, Total: 1694464 ns
[2020-09-12T12:30:07.507+0000][1][safepoint    ] Safepoint "RevokeBias", Time since last: 169002 ns, Reaching safepoint: 5063961 ns, At safepoint: 35616 ns, Total: 5099577 ns
[2020-09-12T12:30:07.508+0000][1][safepoint    ] Safepoint "RevokeBias", Time since last: 180511 ns, Reaching safepoint: 830214 ns, At safepoint: 25482 ns, Total: 855696 ns
[2020-09-12T12:30:07.510+0000][1][safepoint    ] Safepoint "RevokeBias", Time since last: 142192 ns, Reaching safepoint: 1603241 ns, At safepoint: 27557 ns, Total: 1630798 ns
[2020-09-12T12:30:07.511+0000][1][safepoint    ] Safepoint "RevokeBias", Time since last: 154959 ns, Reaching safepoint: 666601 ns, At safepoint: 20029 ns, Total: 686630 ns
[2020-09-12T12:30:07.513+0000][1][safepoint    ] Safepoint "BulkRevokeBias", Time since last: 106666 ns, Reaching safepoint: 1725960 ns, At safepoint: 304370 ns, Total: 2030330 ns
[2020-09-12T12:30:07.514+0000][1][safepoint    ] Safepoint "RevokeBias", Time since last: 535605 ns, Reaching safepoint: 876257 ns, At safepoint: 27909 ns, Total: 904166 ns
[2020-09-12T12:30:07.519+0000][1][safepoint    ] Safepoint "RevokeBias", Time since last: 484271 ns, Reaching safepoint: 1875093 ns, At safepoint: 2062231 ns, Total: 3937324 ns
[2020-09-12T12:30:07.541+0000][1][safepoint    ] Safepoint "RevokeBias", Time since last: 18304159 ns, Reaching safepoint: 3573036 ns, At safepoint: 34504 ns, Total: 3607540 ns
[2020-09-12T12:30:07.541+0000][1][safepoint    ] Safepoint "RevokeBias", Time since last: 174253 ns, Reaching safepoint: 237443 ns, At safepoint: 16511 ns, Total: 253954 ns
[2020-09-12T12:30:07.542+0000][1][safepoint    ] Safepoint "RevokeBias", Time since last: 177104 ns, Reaching safepoint: 401302 ns, At safepoint: 43794 ns, Total: 445096 ns
[2020-09-12T12:30:07.546+0000][1][safepoint    ] Safepoint "RevokeBias", Time since last: 3222300 ns, Reaching safepoint: 427685 ns, At safepoint: 26029 ns, Total: 453714 ns
[2020-09-12T12:30:07.549+0000][1][safepoint    ] Safepoint "RevokeBias", Time since last: 408344 ns, Reaching safepoint: 3086164 ns, At safepoint: 32260 ns, Total: 3118424 ns
[2020-09-12T12:30:08.458+0000][1][safepoint    ] Safepoint "RevokeBias", Time since last: 907224640 ns, Reaching safepoint: 1275143 ns, At safepoint: 265252 ns, Total: 1540395 ns
[2020-09-12T12:30:08.546+0000][1][safepoint    ] Safepoint "RevokeBias", Time since last: 86715840 ns, Reaching safepoint: 1003353 ns, At safepoint: 20315 ns, Total: 1023668 ns
[2020-09-12T12:30:08.551+0000][1][safepoint    ] Safepoint "RevokeBias", Time since last: 4641012 ns, Reaching safepoint: 821689 ns, At safepoint: 66832 ns, Total: 888521 ns
[2020-09-12T12:30:08.566+0000][1][safepoint    ] Safepoint "RevokeBias", Time since last: 13616160 ns, Reaching safepoint: 1077138 ns, At safepoint: 35660 ns, Total: 1112798 ns
[2020-09-12T12:30:08.574+0000][1][safepoint    ] Safepoint "BulkRevokeBias", Time since last: 447113 ns, Reaching safepoint: 7379870 ns, At safepoint: 375472 ns, Total: 7755342 ns
[2020-09-12T12:30:08.758+0000][1][safepoint    ] Safepoint "RevokeBias", Time since last: 183777957 ns, Reaching safepoint: 197357 ns, At safepoint: 30000 ns, Total: 227357 ns
[2020-09-12T12:30:09.028+0000][1][safepoint    ] Safepoint "RevokeBias", Time since last: 258741261 ns, Reaching safepoint: 11258326 ns, At safepoint: 38210 ns, Total: 11296536 ns
[2020-09-12T12:30:09.030+0000][1][safepoint    ] Safepoint "RevokeBias", Time since last: 501067 ns, Reaching safepoint: 973963 ns, At safepoint: 34846 ns, Total: 1008809 ns
[2020-09-12T12:30:09.032+0000][1][safepoint    ] Safepoint "RevokeBias", Time since last: 100310 ns, Reaching safepoint: 2477347 ns, At safepoint: 34016 ns, Total: 2511363 ns
[2020-09-12T12:30:09.033+0000][1][safepoint    ] Safepoint "RevokeBias", Time since last: 241113 ns, Reaching safepoint: 300017 ns, At safepoint: 29254 ns, Total: 329271 ns
[2020-09-12T12:30:09.123+0000][1][safepoint    ] Safepoint "RevokeBias", Time since last: 84556875 ns, Reaching safepoint: 5244281 ns, At safepoint: 35737 ns, Total: 5280018 ns
[2020-09-12T12:30:09.174+0000][1][safepoint    ] Safepoint "RevokeBias", Time since last: 43024344 ns, Reaching safepoint: 8597188 ns, At safepoint: 40921 ns, Total: 8638109 ns
[2020-09-12T12:30:09.185+0000][1][safepoint    ] Safepoint "RevokeBias", Time since last: 9044399 ns, Reaching safepoint: 2107487 ns, At safepoint: 35435 ns, Total: 2142922 ns
[2020-09-12T12:30:09.387+0000][1][safepoint    ] Safepoint "RevokeBias", Time since last: 197835329 ns, Reaching safepoint: 3359964 ns, At safepoint: 40347 ns, Total: 3400311 ns
[2020-09-12T12:30:09.399+0000][1][safepoint    ] Safepoint "RevokeBias", Time since last: 8367636 ns, Reaching safepoint: 4160766 ns, At safepoint: 34999 ns, Total: 4195765 ns
[2020-09-12T12:30:09.453+0000][1][safepoint    ] Safepoint "RevokeBias", Time since last: 50595045 ns, Reaching safepoint: 3573954 ns, At safepoint: 36297 ns, Total: 3610251 ns
[2020-09-12T12:30:09.457+0000][1][safepoint    ] Safepoint "RevokeBias", Time since last: 622178 ns, Reaching safepoint: 2710920 ns, At safepoint: 108262 ns, Total: 2819182 ns
[2020-09-12T12:30:09.473+0000][1][safepoint    ] Safepoint "RevokeBias", Time since last: 12805564 ns, Reaching safepoint: 3425927 ns, At safepoint: 101868 ns, Total: 3527795 ns
[2020-09-12T12:30:09.814+0000][1][safepoint    ] Safepoint "RevokeBias", Time since last: 333957195 ns, Reaching safepoint: 6827955 ns, At safepoint: 55404 ns, Total: 6883359 ns
[2020-09-12T12:30:09.910+0000][1][safepoint    ] Safepoint "RevokeBias", Time since last: 95114595 ns, Reaching safepoint: 1106947 ns, At safepoint: 70836 ns, Total: 1177783 ns
[2020-09-12T12:30:09.921+0000][1][safepoint    ] Safepoint "RevokeBias", Time since last: 9018641 ns, Reaching safepoint: 1405817 ns, At safepoint: 79342 ns, Total: 1485159 ns
[2020-09-12T12:30:09.923+0000][1][gc,start     ] GC(38) Pause Young (Allocation Failure)
[2020-09-12T12:30:09.923+0000][1][gc,task      ] GC(38) Using 2 workers of 2 for evacuation
[2020-09-12T12:30:10.019+0000][1][gc,age       ] GC(38) Desired survivor size 8716288 bytes, new threshold 6 (max threshold 6)
[2020-09-12T12:30:10.019+0000][1][gc,age       ] GC(38) Age table with threshold 6 (max threshold 6)
[2020-09-12T12:30:10.019+0000][1][gc,age       ] GC(38) - age   1:    1253472 bytes,    1253472 total
[2020-09-12T12:30:10.019+0000][1][gc,heap      ] GC(38) ParNew: 153344K->15150K(153344K)
[2020-09-12T12:30:10.019+0000][1][gc,heap      ] GC(38) CMS: 67583K->84469K(353920K)
[2020-09-12T12:30:10.019+0000][1][gc,metaspace ] GC(38) Metaspace: 86918K->86918K(1128448K)
[2020-09-12T12:30:10.019+0000][1][gc           ] GC(38) Pause Young (Allocation Failure) 215M->97M(495M) 95.844ms
[2020-09-12T12:30:10.019+0000][1][gc,cpu       ] GC(38) User=0.04s Sys=0.00s Real=0.09s
[2020-09-12T12:30:10.019+0000][1][safepoint    ] Safepoint "GenCollectForAllocation", Time since last: 1168375 ns, Reaching safepoint: 1335862 ns, At safepoint: 95921576 ns, Total: 97257438 ns
[2020-09-12T12:30:10.042+0000][1][safepoint    ] Safepoint "RevokeBias", Time since last: 7637141 ns, Reaching safepoint: 14983176 ns, At safepoint: 75640 ns, Total: 15058816 ns
[2020-09-12T12:30:10.119+0000][1][safepoint    ] Safepoint "RevokeBias", Time since last: 76074563 ns, Reaching safepoint: 877087 ns, At safepoint: 30484 ns, Total: 907571 ns
[2020-09-12T12:30:10.121+0000][1][safepoint    ] Safepoint "RevokeBias", Time since last: 1664822 ns, Reaching safepoint: 486561 ns, At safepoint: 31437 ns, Total: 517998 ns
[2020-09-12T12:30:10.129+0000][1][safepoint    ] Safepoint "RevokeBias", Time since last: 6252969 ns, Reaching safepoint: 1531619 ns, At safepoint: 39647 ns, Total: 1571266 ns
[2020-09-12T12:30:10.131+0000][1][safepoint    ] Safepoint "RevokeBias", Time since last: 1800327 ns, Reaching safepoint: 696688 ns, At safepoint: 31585 ns, Total: 728273 ns
[2020-09-12T12:30:10.135+0000][1][safepoint    ] Safepoint "RevokeBias", Time since last: 3431937 ns, Reaching safepoint: 395515 ns, At safepoint: 31658 ns, Total: 427173 ns
[2020-09-12T12:30:10.140+0000][1][safepoint    ] Safepoint "RevokeBias", Time since last: 269612 ns, Reaching safepoint: 3892054 ns, At safepoint: 39380 ns, Total: 3931434 ns
[2020-09-12T12:30:10.141+0000][1][safepoint    ] Safepoint "BulkRevokeBias", Time since last: 114203 ns, Reaching safepoint: 177307 ns, At safepoint: 1140065 ns, Total: 1317372 ns
[2020-09-12T12:30:10.270+0000][1][safepoint    ] Safepoint "RevokeBias", Time since last: 127847727 ns, Reaching safepoint: 1247397 ns, At safepoint: 35184 ns, Total: 1282581 ns
[2020-09-12T12:30:10.278+0000][1][safepoint    ] Safepoint "RevokeBias", Time since last: 4103818 ns, Reaching safepoint: 3141414 ns, At safepoint: 514101 ns, Total: 3655515 ns
[2020-09-12T12:30:10.278+0000][1][safepoint    ] Safepoint "RevokeBias", Time since last: 165534 ns, Reaching safepoint: 254203 ns, At safepoint: 20410 ns, Total: 274613 ns
[2020-09-12T12:30:10.282+0000][1][safepoint    ] Safepoint "RevokeBias", Time since last: 578007 ns, Reaching safepoint: 611803 ns, At safepoint: 35911 ns, Total: 647714 ns
[2020-09-12T12:30:10.447+0000][1][safepoint    ] Safepoint "RevokeBias", Time since last: 165027911 ns, Reaching safepoint: 2499164 ns, At safepoint: 39847 ns, Total: 2539011 ns
[2020-09-12T12:30:10.450+0000][1][safepoint    ] Safepoint "RevokeBias", Time since last: 186292 ns, Reaching safepoint: 2451136 ns, At safepoint: 35432 ns, Total: 2486568 ns
[2020-09-12T12:30:10.877+0000][1][safepoint    ] Safepoint "RevokeBias", Time since last: 426978779 ns, Reaching safepoint: 422232 ns, At safepoint: 32030 ns, Total: 454262 ns
[2020-09-12T12:30:10.942+0000][1][safepoint    ] Safepoint "RevokeBias", Time since last: 55597707 ns, Reaching safepoint: 8814029 ns, At safepoint: 36283 ns, Total: 8850312 ns
[2020-09-12T12:30:10.951+0000][1][safepoint    ] Safepoint "RevokeBias", Time since last: 8589967 ns, Reaching safepoint: 576863 ns, At safepoint: 29728 ns, Total: 606591 ns
[2020-09-12T12:30:10.953+0000][1][safepoint    ] Safepoint "RevokeBias", Time since last: 1888338 ns, Reaching safepoint: 161569 ns, At safepoint: 25817 ns, Total: 187386 ns
[2020-09-12T12:30:10.957+0000][1][safepoint    ] Safepoint "RevokeBias", Time since last: 4139925 ns, Reaching safepoint: 391842 ns, At safepoint: 28068 ns, Total: 419910 ns
[2020-09-12T12:30:10.966+0000][1][safepoint    ] Safepoint "RevokeBias", Time since last: 5185858 ns, Reaching safepoint: 3390730 ns, At safepoint: 39065 ns, Total: 3429795 ns
[2020-09-12T12:30:10.971+0000][1][safepoint    ] Safepoint "RevokeBias", Time since last: 124972 ns, Reaching safepoint: 4469931 ns, At safepoint: 50479 ns, Total: 4520410 ns
[2020-09-12T12:30:10.972+0000][1][safepoint    ] Safepoint "RevokeBias", Time since last: 1111843 ns, Reaching safepoint: 161914 ns, At safepoint: 27118 ns, Total: 189032 ns
[2020-09-12T12:30:10.973+0000][1][safepoint    ] Safepoint "RevokeBias", Time since last: 99092 ns, Reaching safepoint: 673200 ns, At safepoint: 27402 ns, Total: 700602 ns
[2020-09-12T12:30:11.038+0000][1][safepoint    ] Safepoint "RevokeBias", Time since last: 25685414 ns, Reaching safepoint: 18085550 ns, At safepoint: 21652312 ns, Total: 39737862 ns
[2020-09-12T12:30:11.039+0000][1][safepoint    ] Safepoint "RevokeBias", Time since last: 699511 ns, Reaching safepoint: 153535 ns, At safepoint: 20529 ns, Total: 174064 ns
[2020-09-12T12:30:11.040+0000][1][safepoint    ] Safepoint "RevokeBias", Time since last: 527244 ns, Reaching safepoint: 123442 ns, At safepoint: 18229 ns, Total: 141671 ns
[2020-09-12T12:30:11.678+0000][1][safepoint    ] Safepoint "RevokeBias", Time since last: 628611887 ns, Reaching safepoint: 9559614 ns, At safepoint: 37178 ns, Total: 9596792 ns
[2020-09-12T12:30:11.682+0000][1][safepoint    ] Safepoint "RevokeBias", Time since last: 4129573 ns, Reaching safepoint: 314088 ns, At safepoint: 34008 ns, Total: 348096 ns
[2020-09-12T12:30:11.687+0000][1][safepoint    ] Safepoint "RevokeBias", Time since last: 4676087 ns, Reaching safepoint: 202126 ns, At safepoint: 30249 ns, Total: 232375 ns
[2020-09-12T12:30:11.695+0000][1][safepoint    ] Safepoint "RevokeBias", Time since last: 6452928 ns, Reaching safepoint: 619461 ns, At safepoint: 34345 ns, Total: 653806 ns
[2020-09-12T12:30:11.696+0000][1][safepoint    ] Safepoint "RevokeBias", Time since last: 1335712 ns, Reaching safepoint: 234160 ns, At safepoint: 55448 ns, Total: 289608 ns
[2020-09-12T12:30:11.698+0000][1][safepoint    ] Safepoint "RevokeBias", Time since last: 527047 ns, Reaching safepoint: 1306781 ns, At safepoint: 35584 ns, Total: 1342365 ns
[2020-09-12T12:30:11.700+0000][1][safepoint    ] Safepoint "RevokeBias", Time since last: 1431183 ns, Reaching safepoint: 242664 ns, At safepoint: 26672 ns, Total: 269336 ns
[2020-09-12T12:30:11.906+0000][1][safepoint    ] Safepoint "RevokeBias", Time since last: 204071952 ns, Reaching safepoint: 2321165 ns, At safepoint: 32664 ns, Total: 2353829 ns
[2020-09-12T12:30:11.986+0000][1][safepoint    ] Safepoint "RevokeBias", Time since last: 79286174 ns, Reaching safepoint: 807864 ns, At safepoint: 33799 ns, Total: 841663 ns
[2020-09-12T12:30:12.053+0000][1][safepoint    ] Safepoint "RevokeBias", Time since last: 58914938 ns, Reaching safepoint: 7615157 ns, At safepoint: 44815 ns, Total: 7659972 ns
[2020-09-12T12:30:12.129+0000][1][safepoint    ] Safepoint "RevokeBias", Time since last: 70608605 ns, Reaching safepoint: 5287719 ns, At safepoint: 60081 ns, Total: 5347800 ns
[2020-09-12T12:30:12.136+0000][1][safepoint    ] Safepoint "RevokeBias", Time since last: 3904423 ns, Reaching safepoint: 3270569 ns, At safepoint: 59278 ns, Total: 3329847 ns
[2020-09-12T12:30:12.141+0000][1][safepoint    ] Safepoint "RevokeBias", Time since last: 2874624 ns, Reaching safepoint: 1112059 ns, At safepoint: 649888 ns, Total: 1761947 ns
[2020-09-12T12:30:12.174+0000][1][safepoint    ] Safepoint "RevokeBias", Time since last: 28901655 ns, Reaching safepoint: 4443033 ns, At safepoint: 34823 ns, Total: 4477856 ns
[2020-09-12T12:30:12.199+0000][1][safepoint    ] Safepoint "RevokeBias", Time since last: 23180241 ns, Reaching safepoint: 1409755 ns, At safepoint: 36149 ns, Total: 1445904 ns
[2020-09-12T12:30:12.205+0000][1][safepoint    ] Safepoint "RevokeBias", Time since last: 1581395 ns, Reaching safepoint: 4502978 ns, At safepoint: 36870 ns, Total: 4539848 ns
[2020-09-12T12:30:12.217+0000][1][safepoint    ] Safepoint "RevokeBias", Time since last: 3933245 ns, Reaching safepoint: 7971738 ns, At safepoint: 459734 ns, Total: 8431472 ns
[2020-09-12T12:30:12.218+0000][1][safepoint    ] Safepoint "RevokeBias", Time since last: 68288 ns, Reaching safepoint: 591602 ns, At safepoint: 32991 ns, Total: 624593 ns
[2020-09-12T12:30:12.222+0000][1][safepoint    ] Safepoint "RevokeBias", Time since last: 2839951 ns, Reaching safepoint: 1067231 ns, At safepoint: 40621 ns, Total: 1107852 ns
[2020-09-12T12:30:12.242+0000][1][safepoint    ] Safepoint "RevokeBias", Time since last: 19552470 ns, Reaching safepoint: 496789 ns, At safepoint: 29103 ns, Total: 525892 ns
[2020-09-12T12:30:12.246+0000][1][safepoint    ] Safepoint "RevokeBias", Time since last: 3471377 ns, Reaching safepoint: 634205 ns, At safepoint: 31271 ns, Total: 665476 ns
[2020-09-12T12:30:12.247+0000][1][safepoint    ] Safepoint "RevokeBias", Time since last: 235583 ns, Reaching safepoint: 346040 ns, At safepoint: 23551 ns, Total: 369591 ns
[2020-09-12T12:30:12.402+0000][1][safepoint    ] Safepoint "RevokeBias", Time since last: 154932982 ns, Reaching safepoint: 573892 ns, At safepoint: 31288 ns, Total: 605180 ns
[2020-09-12T12:30:12.445+0000][1][safepoint    ] Safepoint "RevokeBias", Time since last: 42200498 ns, Reaching safepoint: 178387 ns, At safepoint: 60199 ns, Total: 238586 ns
[2020-09-12T12:30:12.595+0000][1][safepoint    ] Safepoint "RevokeBias", Time since last: 150587433 ns, Reaching safepoint: 159370 ns, At safepoint: 76164 ns, Total: 235534 ns
[2020-09-12T12:30:12.598+0000][1][safepoint    ] Safepoint "RevokeBias", Time since last: 2033876 ns, Reaching safepoint: 371202 ns, At safepoint: 41575 ns, Total: 412777 ns
[2020-09-12T12:30:12.601+0000][1][safepoint    ] Safepoint "RevokeBias", Time since last: 1862027 ns, Reaching safepoint: 1029994 ns, At safepoint: 44975 ns, Total: 1074969 ns
[2020-09-12T12:30:12.608+0000][1][safepoint    ] Safepoint "RevokeBias", Time since last: 6770579 ns, Reaching safepoint: 862514 ns, At safepoint: 44884 ns, Total: 907398 ns
[2020-09-12T12:30:12.610+0000][1][safepoint    ] Safepoint "RevokeBias", Time since last: 901446 ns, Reaching safepoint: 588946 ns, At safepoint: 42527 ns, Total: 631473 ns
[2020-09-12T12:30:12.630+0000][1][safepoint    ] Safepoint "RevokeBias", Time since last: 19493492 ns, Reaching safepoint: 117864 ns, At safepoint: 46708 ns, Total: 164572 ns
[2020-09-12T12:30:12.693+0000][1][safepoint    ] Safepoint "RevokeBias", Time since last: 62606901 ns, Reaching safepoint: 233064 ns, At safepoint: 41365 ns, Total: 274429 ns
[2020-09-12T12:30:12.695+0000][1][safepoint    ] Safepoint "RevokeBias", Time since last: 540266 ns, Reaching safepoint: 1891287 ns, At safepoint: 50950 ns, Total: 1942237 ns
[2020-09-12T12:30:12.914+0000][1][safepoint    ] Safepoint "RevokeBias", Time since last: 215937297 ns, Reaching safepoint: 2869183 ns, At safepoint: 40115 ns, Total: 2909298 ns
[2020-09-12T12:30:12.925+0000][1][safepoint    ] Safepoint "RevokeBias", Time since last: 9088034 ns, Reaching safepoint: 1857935 ns, At safepoint: 34407 ns, Total: 1892342 ns
[2020-09-12T12:30:13.202+0000][1][safepoint    ] Safepoint "BulkRevokeBias", Time since last: 266952678 ns, Reaching safepoint: 9512939 ns, At safepoint: 473618 ns, Total: 9986557 ns
[2020-09-12T12:30:13.211+0000][1][safepoint    ] Safepoint "RevokeBias", Time since last: 2221382 ns, Reaching safepoint: 6503935 ns, At safepoint: 63095 ns, Total: 6567030 ns
[2020-09-12T12:30:13.237+0000][1][gc,start     ] GC(39) Pause Young (Allocation Failure)
[2020-09-12T12:30:13.237+0000][1][gc,task      ] GC(39) Using 2 workers of 2 for evacuation
[2020-09-12T12:30:13.265+0000][1][gc,age       ] GC(39) Desired survivor size 8716288 bytes, new threshold 6 (max threshold 6)
[2020-09-12T12:30:13.266+0000][1][gc,age       ] GC(39) Age table with threshold 6 (max threshold 6)
[2020-09-12T12:30:13.266+0000][1][gc,age       ] GC(39) - age   1:    1519760 bytes,    1519760 total
[2020-09-12T12:30:13.266+0000][1][gc,age       ] GC(39) - age   2:     907456 bytes,    2427216 total
[2020-09-12T12:30:13.266+0000][1][gc,heap      ] GC(39) ParNew: 151470K->4017K(153344K)
[2020-09-12T12:30:13.266+0000][1][gc,heap      ] GC(39) CMS: 84469K->84469K(353920K)
[2020-09-12T12:30:13.266+0000][1][gc,metaspace ] GC(39) Metaspace: 87159K->87159K(1130496K)
[2020-09-12T12:30:13.266+0000][1][gc           ] GC(39) Pause Young (Allocation Failure) 230M->86M(495M) 29.131ms
[2020-09-12T12:30:13.267+0000][1][gc,cpu       ] GC(39) User=0.01s Sys=0.00s Real=0.03s
[2020-09-12T12:30:13.273+0000][1][safepoint    ] Safepoint "GenCollectForAllocation", Time since last: 26124757 ns, Reaching safepoint: 121943 ns, At safepoint: 35962571 ns, Total: 36084514 ns
[2020-09-12T12:30:13.453+0000][1][safepoint    ] Safepoint "RevokeBias", Time since last: 171533857 ns, Reaching safepoint: 8695288 ns, At safepoint: 36719 ns, Total: 8732007 ns
[2020-09-12T12:30:13.462+0000][1][safepoint    ] Safepoint "RevokeBias", Time since last: 8818722 ns, Reaching safepoint: 105203 ns, At safepoint: 51368 ns, Total: 156571 ns
[2020-09-12T12:30:13.568+0000][1][safepoint    ] Safepoint "RevokeBias", Time since last: 99713928 ns, Reaching safepoint: 6273544 ns, At safepoint: 36348 ns, Total: 6309892 ns
[2020-09-12T12:30:13.569+0000][1][safepoint    ] Safepoint "RevokeBias", Time since last: 292004 ns, Reaching safepoint: 373191 ns, At safepoint: 23232 ns, Total: 396423 ns
[2020-09-12T12:30:13.573+0000][1][safepoint    ] Safepoint "RevokeBias", Time since last: 59211 ns, Reaching safepoint: 4458206 ns, At safepoint: 32531 ns, Total: 4490737 ns
[2020-09-12T12:30:13.576+0000][1][safepoint    ] Safepoint "RevokeBias", Time since last: 109120 ns, Reaching safepoint: 2092845 ns, At safepoint: 64127 ns, Total: 2156972 ns
[2020-09-12T12:30:13.579+0000][1][safepoint    ] Safepoint "RevokeBias", Time since last: 2799681 ns, Reaching safepoint: 198012 ns, At safepoint: 22551 ns, Total: 220563 ns
[2020-09-12T12:30:13.585+0000][1][safepoint    ] Safepoint "RevokeBias", Time since last: 130076 ns, Reaching safepoint: 6055560 ns, At safepoint: 38231 ns, Total: 6093791 ns
[2020-09-12T12:30:13.587+0000][1][safepoint    ] Safepoint "RevokeBias", Time since last: 92259 ns, Reaching safepoint: 2365620 ns, At safepoint: 44511 ns, Total: 2410131 ns
[2020-09-12T12:30:13.788+0000][1][safepoint    ] Safepoint "RevokeBias", Time since last: 197441335 ns, Reaching safepoint: 3490414 ns, At safepoint: 33210 ns, Total: 3523624 ns
[2020-09-12T12:30:13.958+0000][1][safepoint    ] Safepoint "RevokeBias", Time since last: 148429003 ns, Reaching safepoint: 20868531 ns, At safepoint: 37138 ns, Total: 20905669 ns
[2020-09-12T12:30:14.017+0000][1][safepoint    ] Safepoint "RevokeBias", Time since last: 50409959 ns, Reaching safepoint: 8719646 ns, At safepoint: 50868 ns, Total: 8770514 ns
[2020-09-12T12:30:14.017+0000][1][safepoint    ] Safepoint "RevokeBias", Time since last: 128854 ns, Reaching safepoint: 151333 ns, At safepoint: 21506 ns, Total: 172839 ns
[2020-09-12T12:30:14.017+0000][1][safepoint    ] Safepoint "RevokeBias", Time since last: 123785 ns, Reaching safepoint: 141027 ns, At safepoint: 19495 ns, Total: 160522 ns
[2020-09-12T12:30:14.018+0000][1][safepoint    ] Safepoint "RevokeBias", Time since last: 99591 ns, Reaching safepoint: 131297 ns, At safepoint: 18594 ns, Total: 149891 ns
[2020-09-12T12:30:14.018+0000][1][safepoint    ] Safepoint "RevokeBias", Time since last: 82160 ns, Reaching safepoint: 115628 ns, At safepoint: 18090 ns, Total: 133718 ns
[2020-09-12T12:30:14.018+0000][1][safepoint    ] Safepoint "RevokeBias", Time since last: 53272 ns, Reaching safepoint: 109980 ns, At safepoint: 16512 ns, Total: 126492 ns
[2020-09-12T12:30:14.018+0000][1][safepoint    ] Safepoint "RevokeBias", Time since last: 42375 ns, Reaching safepoint: 113176 ns, At safepoint: 16404 ns, Total: 129580 ns
[2020-09-12T12:30:14.019+0000][1][safepoint    ] Safepoint "RevokeBias", Time since last: 206297 ns, Reaching safepoint: 112896 ns, At safepoint: 43204 ns, Total: 156100 ns
[2020-09-12T12:30:14.019+0000][1][safepoint    ] Safepoint "RevokeBias", Time since last: 62618 ns, Reaching safepoint: 112497 ns, At safepoint: 17091 ns, Total: 129588 ns
[2020-09-12T12:30:14.177+0000][1][safepoint    ] Safepoint "RevokeBias", Time since last: 154320875 ns, Reaching safepoint: 3750416 ns, At safepoint: 35258 ns, Total: 3785674 ns
[2020-09-12T12:30:14.983+0000][1][safepoint    ] Safepoint "RevokeBias", Time since last: 806071846 ns, Reaching safepoint: 191317 ns, At safepoint: 24474 ns, Total: 215791 ns
[2020-09-12T12:30:15.048+0000][1][safepoint    ] Safepoint "RevokeBias", Time since last: 63526879 ns, Reaching safepoint: 1180859 ns, At safepoint: 66589 ns, Total: 1247448 ns
[2020-09-12T12:30:15.068+0000][1][safepoint    ] Safepoint "RevokeBias", Time since last: 16471963 ns, Reaching safepoint: 194082 ns, At safepoint: 3637432 ns, Total: 3831514 ns
[2020-09-12T12:30:15.314+0000][1][safepoint    ] Safepoint "RevokeBias", Time since last: 245056953 ns, Reaching safepoint: 182225 ns, At safepoint: 48317 ns, Total: 230542 ns
[2020-09-12T12:30:15.457+0000][1][safepoint    ] Safepoint "RevokeBias", Time since last: 139448228 ns, Reaching safepoint: 3710969 ns, At safepoint: 38581 ns, Total: 3749550 ns
[2020-09-12T12:30:15.892+0000][1][gc,start     ] GC(40) Pause Young (Allocation Failure)
[2020-09-12T12:30:15.892+0000][1][gc,task      ] GC(40) Using 2 workers of 2 for evacuation
[2020-09-12T12:30:15.925+0000][1][gc,age       ] GC(40) Desired survivor size 8716288 bytes, new threshold 6 (max threshold 6)
[2020-09-12T12:30:15.925+0000][1][gc,age       ] GC(40) Age table with threshold 6 (max threshold 6)
[2020-09-12T12:30:15.925+0000][1][gc,age       ] GC(40) - age   1:    4565680 bytes,    4565680 total
[2020-09-12T12:30:15.925+0000][1][gc,age       ] GC(40) - age   2:     921768 bytes,    5487448 total
[2020-09-12T12:30:15.925+0000][1][gc,age       ] GC(40) - age   3:     891832 bytes,    6379280 total
[2020-09-12T12:30:15.925+0000][1][gc,heap      ] GC(40) ParNew: 140337K->7572K(153344K)
[2020-09-12T12:30:15.925+0000][1][gc,heap      ] GC(40) CMS: 84469K->84469K(353920K)
[2020-09-12T12:30:15.925+0000][1][gc,metaspace ] GC(40) Metaspace: 87385K->87385K(1130496K)
[2020-09-12T12:30:15.925+0000][1][gc           ] GC(40) Pause Young (Allocation Failure) 219M->89M(495M) 33.050ms
[2020-09-12T12:30:15.925+0000][1][gc,cpu       ] GC(40) User=0.02s Sys=0.00s Real=0.03s
[2020-09-12T12:30:15.925+0000][1][safepoint    ] Safepoint "GenCollectForAllocation", Time since last: 433541392 ns, Reaching safepoint: 1416908 ns, At safepoint: 33111325 ns, Total: 34528233 ns
[2020-09-12T12:30:16.550+0000][1][safepoint    ] Safepoint "BulkRevokeBias", Time since last: 624860048 ns, Reaching safepoint: 165232 ns, At safepoint: 348216 ns, Total: 513448 ns
[2020-09-12T12:30:16.713+0000][1][safepoint    ] Safepoint "RevokeBias", Time since last: 162603205 ns, Reaching safepoint: 212708 ns, At safepoint: 32326 ns, Total: 245034 ns
[2020-09-12T12:30:16.865+0000][1][safepoint    ] Safepoint "RevokeBias", Time since last: 147676848 ns, Reaching safepoint: 4108090 ns, At safepoint: 42239 ns, Total: 4150329 ns
[2020-09-12T12:30:17.073+0000][1][safepoint    ] Safepoint "RevokeBias", Time since last: 203869578 ns, Reaching safepoint: 3981630 ns, At safepoint: 39328 ns, Total: 4020958 ns
[2020-09-12T12:30:17.121+0000][1][safepoint    ] Safepoint "RevokeBias", Time since last: 44315548 ns, Reaching safepoint: 3743202 ns, At safepoint: 40940 ns, Total: 3784142 ns
[2020-09-12T12:30:17.133+0000][1][safepoint    ] Safepoint "RevokeBias", Time since last: 12019516 ns, Reaching safepoint: 178224 ns, At safepoint: 24722 ns, Total: 202946 ns
[2020-09-12T12:30:17.139+0000][1][safepoint    ] Safepoint "RevokeBias", Time since last: 5985096 ns, Reaching safepoint: 96551 ns, At safepoint: 29639 ns, Total: 126190 ns
[2020-09-12T12:30:17.144+0000][1][safepoint    ] Safepoint "RevokeBias", Time since last: 4281781 ns, Reaching safepoint: 272941 ns, At safepoint: 26263 ns, Total: 299204 ns
[2020-09-12T12:30:17.144+0000][1][safepoint    ] Safepoint "RevokeBias", Time since last: 73575 ns, Reaching safepoint: 493957 ns, At safepoint: 16844 ns, Total: 510801 ns
[2020-09-12T12:30:17.157+0000][1][safepoint    ] Safepoint "RevokeBias", Time since last: 12505047 ns, Reaching safepoint: 172493 ns, At safepoint: 25578 ns, Total: 198071 ns
[2020-09-12T12:30:17.173+0000][1][safepoint    ] Safepoint "RevokeBias", Time since last: 16134090 ns, Reaching safepoint: 182938 ns, At safepoint: 25585 ns, Total: 208523 ns
[2020-09-12T12:30:17.174+0000][1][safepoint    ] Safepoint "RevokeBias", Time since last: 173081 ns, Reaching safepoint: 130139 ns, At safepoint: 17548 ns, Total: 147687 ns
[2020-09-12T12:30:17.174+0000][1][safepoint    ] Safepoint "RevokeBias", Time since last: 79265 ns, Reaching safepoint: 119868 ns, At safepoint: 15506 ns, Total: 135374 ns
[2020-09-12T12:30:17.174+0000][1][safepoint    ] Safepoint "RevokeBias", Time since last: 67921 ns, Reaching safepoint: 115931 ns, At safepoint: 15417 ns, Total: 131348 ns
[2020-09-12T12:30:17.174+0000][1][safepoint    ] Safepoint "RevokeBias", Time since last: 62079 ns, Reaching safepoint: 115964 ns, At safepoint: 14876 ns, Total: 130840 ns
[2020-09-12T12:30:17.175+0000][1][safepoint    ] Safepoint "RevokeBias", Time since last: 95543 ns, Reaching safepoint: 116249 ns, At safepoint: 14772 ns, Total: 131021 ns
[2020-09-12T12:30:17.175+0000][1][safepoint    ] Safepoint "RevokeBias", Time since last: 143195 ns, Reaching safepoint: 115004 ns, At safepoint: 18645 ns, Total: 133649 ns
[2020-09-12T12:30:17.176+0000][1][safepoint    ] Safepoint "RevokeBias", Time since last: 768655 ns, Reaching safepoint: 134308 ns, At safepoint: 18144 ns, Total: 152452 ns
[2020-09-12T12:30:17.176+0000][1][safepoint    ] Safepoint "RevokeBias", Time since last: 92054 ns, Reaching safepoint: 114496 ns, At safepoint: 15267 ns, Total: 129763 ns
[2020-09-12T12:30:17.176+0000][1][safepoint    ] Safepoint "RevokeBias", Time since last: 62776 ns, Reaching safepoint: 114333 ns, At safepoint: 14831 ns, Total: 129164 ns
[2020-09-12T12:30:17.176+0000][1][safepoint    ] Safepoint "RevokeBias", Time since last: 61665 ns, Reaching safepoint: 114868 ns, At safepoint: 14704 ns, Total: 129572 ns
[2020-09-12T12:30:17.176+0000][1][safepoint    ] Safepoint "RevokeBias", Time since last: 53502 ns, Reaching safepoint: 114713 ns, At safepoint: 14692 ns, Total: 129405 ns
[2020-09-12T12:30:17.177+0000][1][safepoint    ] Safepoint "RevokeBias", Time since last: 61826 ns, Reaching safepoint: 143678 ns, At safepoint: 14962 ns, Total: 158640 ns
[2020-09-12T12:30:17.219+0000][1][safepoint    ] Safepoint "RevokeBias", Time since last: 41862481 ns, Reaching safepoint: 269133 ns, At safepoint: 24140 ns, Total: 293273 ns
[2020-09-12T12:30:17.223+0000][1][safepoint    ] Safepoint "RevokeBias", Time since last: 562733 ns, Reaching safepoint: 3582958 ns, At safepoint: 36520 ns, Total: 3619478 ns
[2020-09-12T12:30:17.224+0000][1][safepoint    ] Safepoint "RevokeBias", Time since last: 166981 ns, Reaching safepoint: 466295 ns, At safepoint: 16878 ns, Total: 483173 ns
[2020-09-12T12:30:17.840+0000][1][safepoint    ] Safepoint "RevokeBias", Time since last: 611910170 ns, Reaching safepoint: 4806062 ns, At safepoint: 38187 ns, Total: 4844249 ns
[2020-09-12T12:30:17.845+0000][1][safepoint    ] Safepoint "RevokeBias", Time since last: 4471948 ns, Reaching safepoint: 467511 ns, At safepoint: 36979 ns, Total: 504490 ns
[2020-09-12T12:30:17.892+0000][1][safepoint    ] Safepoint "RevokeBias", Time since last: 44675348 ns, Reaching safepoint: 1583853 ns, At safepoint: 39982 ns, Total: 1623835 ns
[2020-09-12T12:30:18.027+0000][1][gc,start     ] GC(41) Pause Young (Allocation Failure)
[2020-09-12T12:30:18.027+0000][1][gc,task      ] GC(41) Using 2 workers of 2 for evacuation
[2020-09-12T12:30:18.073+0000][1][gc,age       ] GC(41) Desired survivor size 8716288 bytes, new threshold 6 (max threshold 6)
[2020-09-12T12:30:18.073+0000][1][gc,age       ] GC(41) Age table with threshold 6 (max threshold 6)
[2020-09-12T12:30:18.073+0000][1][gc,age       ] GC(41) - age   1:    2104584 bytes,    2104584 total
[2020-09-12T12:30:18.073+0000][1][gc,age       ] GC(41) - age   2:     916760 bytes,    3021344 total
[2020-09-12T12:30:18.073+0000][1][gc,age       ] GC(41) - age   3:     915392 bytes,    3936736 total
[2020-09-12T12:30:18.073+0000][1][gc,age       ] GC(41) - age   4:     886992 bytes,    4823728 total
[2020-09-12T12:30:18.073+0000][1][gc,heap      ] GC(41) ParNew: 143892K->7718K(153344K)
[2020-09-12T12:30:18.073+0000][1][gc,heap      ] GC(41) CMS: 84469K->84469K(353920K)
[2020-09-12T12:30:18.073+0000][1][gc,metaspace ] GC(41) Metaspace: 87618K->87618K(1130496K)
[2020-09-12T12:30:18.073+0000][1][gc           ] GC(41) Pause Young (Allocation Failure) 223M->90M(495M) 46.028ms
[2020-09-12T12:30:18.073+0000][1][gc,cpu       ] GC(41) User=0.02s Sys=0.00s Real=0.05s
[2020-09-12T12:30:18.073+0000][1][safepoint    ] Safepoint "GenCollectForAllocation", Time since last: 124324575 ns, Reaching safepoint: 11248028 ns, At safepoint: 46095206 ns, Total: 57343234 ns
[2020-09-12T12:30:18.395+0000][1][safepoint    ] Safepoint "RevokeBias", Time since last: 321263348 ns, Reaching safepoint: 714664 ns, At safepoint: 35094 ns, Total: 749758 ns
[2020-09-12T12:30:18.427+0000][1][safepoint    ] Safepoint "RevokeBias", Time since last: 28166259 ns, Reaching safepoint: 3596351 ns, At safepoint: 43125 ns, Total: 3639476 ns
[2020-09-12T12:30:18.430+0000][1][safepoint    ] Safepoint "RevokeBias", Time since last: 1453702 ns, Reaching safepoint: 1103305 ns, At safepoint: 34228 ns, Total: 1137533 ns
[2020-09-12T12:30:18.434+0000][1][safepoint    ] Safepoint "RevokeBias", Time since last: 2979960 ns, Reaching safepoint: 979661 ns, At safepoint: 36525 ns, Total: 1016186 ns
[2020-09-12T12:30:18.435+0000][1][safepoint    ] Safepoint "RevokeBias", Time since last: 975960 ns, Reaching safepoint: 665230 ns, At safepoint: 30344 ns, Total: 695574 ns
[2020-09-12T12:30:18.443+0000][1][safepoint    ] Safepoint "RevokeBias", Time since last: 6311562 ns, Reaching safepoint: 1266542 ns, At safepoint: 34222 ns, Total: 1300764 ns
[2020-09-12T12:30:18.450+0000][1][safepoint    ] Safepoint "RevokeBias", Time since last: 6633623 ns, Reaching safepoint: 386788 ns, At safepoint: 30258 ns, Total: 417046 ns
[2020-09-12T12:30:18.451+0000][1][safepoint    ] Safepoint "RevokeBias", Time since last: 631620 ns, Reaching safepoint: 130066 ns, At safepoint: 26333 ns, Total: 156399 ns
[2020-09-12T12:30:18.463+0000][1][safepoint    ] Safepoint "RevokeBias", Time since last: 11493392 ns, Reaching safepoint: 95367 ns, At safepoint: 24587 ns, Total: 119954 ns
[2020-09-12T12:30:18.647+0000][1][safepoint    ] Safepoint "RevokeBias", Time since last: 184551470 ns, Reaching safepoint: 98071 ns, At safepoint: 24584 ns, Total: 122655 ns
[2020-09-12T12:30:19.570+0000][1][safepoint    ] Safepoint "RevokeBias", Time since last: 922941735 ns, Reaching safepoint: 176953 ns, At safepoint: 30034 ns, Total: 206987 ns
[2020-09-12T12:30:19.960+0000][1][safepoint    ] Safepoint "RevokeBias", Time since last: 388645004 ns, Reaching safepoint: 974403 ns, At safepoint: 33508 ns, Total: 1007911 ns
[2020-09-12T12:30:20.328+0000][1][safepoint    ] Safepoint "RevokeBias", Time since last: 367212938 ns, Reaching safepoint: 1074029 ns, At safepoint: 34728 ns, Total: 1108757 ns
[2020-09-12T12:30:20.332+0000][1][safepoint    ] Safepoint "RevokeBias", Time since last: 3190875 ns, Reaching safepoint: 441801 ns, At safepoint: 47072 ns, Total: 488873 ns
[2020-09-12T12:30:20.334+0000][1][safepoint    ] Safepoint "RevokeBias", Time since last: 219860 ns, Reaching safepoint: 1664244 ns, At safepoint: 47603 ns, Total: 1711847 ns
[2020-09-12T12:30:20.336+0000][1][safepoint    ] Safepoint "RevokeBias", Time since last: 1238989 ns, Reaching safepoint: 957285 ns, At safepoint: 36453 ns, Total: 993738 ns
[2020-09-12T12:30:20.345+0000][1][safepoint    ] Safepoint "RevokeBias", Time since last: 4485316 ns, Reaching safepoint: 4142648 ns, At safepoint: 36122 ns, Total: 4178770 ns
[2020-09-12T12:30:20.350+0000][1][safepoint    ] Safepoint "RevokeBias", Time since last: 4142663 ns, Reaching safepoint: 556571 ns, At safepoint: 32873 ns, Total: 589444 ns
[2020-09-12T12:30:20.484+0000][1][safepoint    ] Safepoint "RevokeBias", Time since last: 134650719 ns, Reaching safepoint: 95937 ns, At safepoint: 26628 ns, Total: 122565 ns
[2020-09-12T12:30:20.489+0000][1][safepoint    ] Safepoint "RevokeBias", Time since last: 4918803 ns, Reaching safepoint: 94243 ns, At safepoint: 25007 ns, Total: 119250 ns
[2020-09-12T12:30:20.490+0000][1][safepoint    ] Safepoint "RevokeBias", Time since last: 424794 ns, Reaching safepoint: 50065 ns, At safepoint: 55412 ns, Total: 105477 ns
[2020-09-12T12:30:20.490+0000][1][safepoint    ] Safepoint "RevokeBias", Time since last: 416363 ns, Reaching safepoint: 50265 ns, At safepoint: 26867 ns, Total: 77132 ns
[2020-09-12T12:30:20.493+0000][1][safepoint    ] Safepoint "RevokeBias", Time since last: 2030040 ns, Reaching safepoint: 882327 ns, At safepoint: 46071 ns, Total: 928398 ns
[2020-09-12T12:30:20.505+0000][1][safepoint    ] Safepoint "RevokeBias", Time since last: 5584677 ns, Reaching safepoint: 5188821 ns, At safepoint: 460690 ns, Total: 5649511 ns
[2020-09-12T12:30:20.506+0000][1][safepoint    ] Safepoint "RevokeBias", Time since last: 214471 ns, Reaching safepoint: 1509424 ns, At safepoint: 53366 ns, Total: 1562790 ns
[2020-09-12T12:30:20.513+0000][1][safepoint    ] Safepoint "RevokeBias", Time since last: 967507 ns, Reaching safepoint: 5096974 ns, At safepoint: 153316 ns, Total: 5250290 ns
[2020-09-12T12:30:20.536+0000][1][safepoint    ] Safepoint "RevokeBias", Time since last: 17980040 ns, Reaching safepoint: 5392936 ns, At safepoint: 37918 ns, Total: 5430854 ns
[2020-09-12T12:30:20.732+0000][1][safepoint    ] Safepoint "RevokeBias", Time since last: 196337427 ns, Reaching safepoint: 123017 ns, At safepoint: 24652 ns, Total: 147669 ns
[2020-09-12T12:30:20.777+0000][1][safepoint    ] Safepoint "RevokeBias", Time since last: 43853486 ns, Reaching safepoint: 716837 ns, At safepoint: 34475 ns, Total: 751312 ns
[2020-09-12T12:30:20.778+0000][1][safepoint    ] Safepoint "RevokeBias", Time since last: 333710 ns, Reaching safepoint: 423893 ns, At safepoint: 28014 ns, Total: 451907 ns
[2020-09-12T12:30:21.274+0000][1][safepoint    ] Safepoint "RevokeBias", Time since last: 485321805 ns, Reaching safepoint: 11128066 ns, At safepoint: 38680 ns, Total: 11166746 ns
[2020-09-12T12:30:21.532+0000][1][safepoint    ] Safepoint "RevokeBias", Time since last: 255181492 ns, Reaching safepoint: 2216758 ns, At safepoint: 38091 ns, Total: 2254849 ns
[2020-09-12T12:30:21.902+0000][1][safepoint    ] Safepoint "RevokeBias", Time since last: 370261141 ns, Reaching safepoint: 99431 ns, At safepoint: 26495 ns, Total: 125926 ns
[2020-09-12T12:30:21.916+0000][1][safepoint    ] Safepoint "RevokeBias", Time since last: 7986548 ns, Reaching safepoint: 5268715 ns, At safepoint: 37440 ns, Total: 5306155 ns
[2020-09-12T12:30:21.922+0000][1][safepoint    ] Safepoint "RevokeBias", Time since last: 2177815 ns, Reaching safepoint: 3041858 ns, At safepoint: 965543 ns, Total: 4007401 ns
[2020-09-12T12:30:21.923+0000][1][safepoint    ] Safepoint "RevokeBias", Time since last: 634483 ns, Reaching safepoint: 170650 ns, At safepoint: 36366 ns, Total: 207016 ns
[2020-09-12T12:30:21.925+0000][1][safepoint    ] Safepoint "RevokeBias", Time since last: 1690522 ns, Reaching safepoint: 1144752 ns, At safepoint: 34309 ns, Total: 1179061 ns
[2020-09-12T12:30:22.049+0000][1][gc,start     ] GC(42) Pause Young (Allocation Failure)
[2020-09-12T12:30:22.049+0000][1][gc,task      ] GC(42) Using 2 workers of 2 for evacuation
[2020-09-12T12:30:22.111+0000][1][gc,age       ] GC(42) Desired survivor size 8716288 bytes, new threshold 6 (max threshold 6)
[2020-09-12T12:30:22.111+0000][1][gc,age       ] GC(42) Age table with threshold 6 (max threshold 6)
[2020-09-12T12:30:22.111+0000][1][gc,age       ] GC(42) - age   1:    2645496 bytes,    2645496 total
[2020-09-12T12:30:22.111+0000][1][gc,age       ] GC(42) - age   2:    1018272 bytes,    3663768 total
[2020-09-12T12:30:22.111+0000][1][gc,age       ] GC(42) - age   3:     847408 bytes,    4511176 total
[2020-09-12T12:30:22.111+0000][1][gc,age       ] GC(42) - age   4:     900216 bytes,    5411392 total
[2020-09-12T12:30:22.111+0000][1][gc,age       ] GC(42) - age   5:     875032 bytes,    6286424 total
[2020-09-12T12:30:22.111+0000][1][gc,heap      ] GC(42) ParNew: 144038K->7229K(153344K)
[2020-09-12T12:30:22.111+0000][1][gc,heap      ] GC(42) CMS: 84469K->84469K(353920K)
[2020-09-12T12:30:22.111+0000][1][gc,metaspace ] GC(42) Metaspace: 87778K->87778K(1130496K)
[2020-09-12T12:30:22.111+0000][1][gc           ] GC(42) Pause Young (Allocation Failure) 223M->89M(495M) 62.174ms
[2020-09-12T12:30:22.111+0000][1][gc,cpu       ] GC(42) User=0.01s Sys=0.00s Real=0.06s
[2020-09-12T12:30:22.111+0000][1][safepoint    ] Safepoint "GenCollectForAllocation", Time since last: 116482525 ns, Reaching safepoint: 7218128 ns, At safepoint: 62243133 ns, Total: 69461261 ns
[2020-09-12T12:30:22.140+0000][1][safepoint    ] Safepoint "RevokeBias", Time since last: 22456258 ns, Reaching safepoint: 5723488 ns, At safepoint: 44190 ns, Total: 5767678 ns
[2020-09-12T12:30:22.145+0000][1][safepoint    ] Safepoint "RevokeBias", Time since last: 4188673 ns, Reaching safepoint: 1205363 ns, At safepoint: 37535 ns, Total: 1242898 ns
[2020-09-12T12:30:22.166+0000][1][safepoint    ] Safepoint "RevokeBias", Time since last: 14810527 ns, Reaching safepoint: 6262853 ns, At safepoint: 38800 ns, Total: 6301653 ns
[2020-09-12T12:30:22.169+0000][1][safepoint    ] Safepoint "RevokeBias", Time since last: 1827403 ns, Reaching safepoint: 910446 ns, At safepoint: 33509 ns, Total: 943955 ns
[2020-09-12T12:30:22.172+0000][1][safepoint    ] Safepoint "RevokeBias", Time since last: 156814 ns, Reaching safepoint: 3198740 ns, At safepoint: 33705 ns, Total: 3232445 ns
[2020-09-12T12:30:22.173+0000][1][safepoint    ] Safepoint "RevokeBias", Time since last: 136760 ns, Reaching safepoint: 323449 ns, At safepoint: 23387 ns, Total: 346836 ns
[2020-09-12T12:30:22.174+0000][1][safepoint    ] Safepoint "RevokeBias", Time since last: 97961 ns, Reaching safepoint: 1025763 ns, At safepoint: 26743 ns, Total: 1052506 ns
[2020-09-12T12:30:22.177+0000][1][safepoint    ] Safepoint "RevokeBias", Time since last: 123055 ns, Reaching safepoint: 2757818 ns, At safepoint: 32626 ns, Total: 2790444 ns
[2020-09-12T12:30:22.178+0000][1][safepoint    ] Safepoint "RevokeBias", Time since last: 147485 ns, Reaching safepoint: 766526 ns, At safepoint: 28077 ns, Total: 794603 ns
[2020-09-12T12:30:22.400+0000][1][safepoint    ] Safepoint "RevokeBias", Time since last: 213140139 ns, Reaching safepoint: 8980861 ns, At safepoint: 37133 ns, Total: 9017994 ns
[2020-09-12T12:30:23.005+0000][1][safepoint    ] Safepoint "RevokeBias", Time since last: 592593584 ns, Reaching safepoint: 6698995 ns, At safepoint: 6267255 ns, Total: 12966250 ns
[2020-09-12T12:30:23.006+0000][1][safepoint    ] Safepoint "RevokeBias", Time since last: 160341 ns, Reaching safepoint: 173746 ns, At safepoint: 25423 ns, Total: 199169 ns
[2020-09-12T12:30:23.008+0000][1][safepoint    ] Safepoint "RevokeBias", Time since last: 1902265 ns, Reaching safepoint: 178328 ns, At safepoint: 26903 ns, Total: 205231 ns
[2020-09-12T12:30:23.025+0000][1][safepoint    ] Safepoint "RevokeBias", Time since last: 9492535 ns, Reaching safepoint: 7283746 ns, At safepoint: 39717 ns, Total: 7323463 ns
[2020-09-12T12:30:23.039+0000][1][safepoint    ] Safepoint "RevokeBias", Time since last: 13597376 ns, Reaching safepoint: 160733 ns, At safepoint: 21388 ns, Total: 182121 ns
[2020-09-12T12:30:23.085+0000][1][safepoint    ] Safepoint "BulkRevokeBias", Time since last: 46276474 ns, Reaching safepoint: 138068 ns, At safepoint: 378764 ns, Total: 516832 ns
[2020-09-12T12:30:23.464+0000][1][safepoint    ] Safepoint "RevokeBias", Time since last: 378390909 ns, Reaching safepoint: 600146 ns, At safepoint: 61161 ns, Total: 661307 ns
[2020-09-12T12:30:24.005+0000][1][safepoint    ] Safepoint "RevokeBias", Time since last: 532825009 ns, Reaching safepoint: 7264361 ns, At safepoint: 37400 ns, Total: 7301761 ns
[2020-09-12T12:30:24.005+0000][1][safepoint    ] Safepoint "RevokeBias", Time since last: 182012 ns, Reaching safepoint: 389533 ns, At safepoint: 53269 ns, Total: 442802 ns
[2020-09-12T12:30:24.022+0000][1][safepoint    ] Safepoint "RevokeBias", Time since last: 16474937 ns, Reaching safepoint: 356961 ns, At safepoint: 55957 ns, Total: 412918 ns
[2020-09-12T12:30:24.046+0000][1][safepoint    ] Safepoint "RevokeBias", Time since last: 20393311 ns, Reaching safepoint: 3316126 ns, At safepoint: 62163 ns, Total: 3378289 ns
[2020-09-12T12:30:24.056+0000][1][safepoint    ] Safepoint "RevokeBias", Time since last: 1560589 ns, Reaching safepoint: 8618809 ns, At safepoint: 41669 ns, Total: 8660478 ns
[2020-09-12T12:30:24.090+0000][1][safepoint    ] Safepoint "RevokeBias", Time since last: 15718578 ns, Reaching safepoint: 18128227 ns, At safepoint: 48529 ns, Total: 18176756 ns
[2020-09-12T12:30:24.091+0000][1][safepoint    ] Safepoint "RevokeBias", Time since last: 665802 ns, Reaching safepoint: 577094 ns, At safepoint: 31328 ns, Total: 608422 ns
[2020-09-12T12:30:24.092+0000][1][safepoint    ] Safepoint "RevokeBias", Time since last: 80461 ns, Reaching safepoint: 440442 ns, At safepoint: 23216 ns, Total: 463658 ns
[2020-09-12T12:30:24.948+0000][1][safepoint    ] Safepoint "RevokeBias", Time since last: 854343652 ns, Reaching safepoint: 1832330 ns, At safepoint: 70006 ns, Total: 1902336 ns
[2020-09-12T12:30:24.970+0000][1][safepoint    ] Safepoint "RevokeBias", Time since last: 12706532 ns, Reaching safepoint: 9458935 ns, At safepoint: 77268 ns, Total: 9536203 ns
[2020-09-12T12:30:25.414+0000][1][gc,start     ] GC(43) Pause Young (Allocation Failure)
[2020-09-12T12:30:25.414+0000][1][gc,task      ] GC(43) Using 2 workers of 2 for evacuation
[2020-09-12T12:30:25.475+0000][1][gc,age       ] GC(43) Desired survivor size 8716288 bytes, new threshold 3 (max threshold 6)
[2020-09-12T12:30:25.475+0000][1][gc,age       ] GC(43) Age table with threshold 3 (max threshold 6)
[2020-09-12T12:30:25.475+0000][1][gc,age       ] GC(43) - age   1:    7136280 bytes,    7136280 total
[2020-09-12T12:30:25.475+0000][1][gc,age       ] GC(43) - age   2:    1138496 bytes,    8274776 total
[2020-09-12T12:30:25.475+0000][1][gc,age       ] GC(43) - age   3:    1014880 bytes,    9289656 total
[2020-09-12T12:30:25.475+0000][1][gc,age       ] GC(43) - age   4:     743648 bytes,   10033304 total
[2020-09-12T12:30:25.475+0000][1][gc,age       ] GC(43) - age   5:     894864 bytes,   10928168 total
[2020-09-12T12:30:25.475+0000][1][gc,age       ] GC(43) - age   6:     874936 bytes,   11803104 total
[2020-09-12T12:30:25.475+0000][1][gc,heap      ] GC(43) ParNew: 143549K->14522K(153344K)
[2020-09-12T12:30:25.475+0000][1][gc,heap      ] GC(43) CMS: 84469K->84469K(353920K)
[2020-09-12T12:30:25.475+0000][1][gc,metaspace ] GC(43) Metaspace: 87950K->87950K(1130496K)
[2020-09-12T12:30:25.475+0000][1][gc           ] GC(43) Pause Young (Allocation Failure) 222M->96M(495M) 60.607ms
[2020-09-12T12:30:25.475+0000][1][gc,cpu       ] GC(43) User=0.02s Sys=0.00s Real=0.06s
[2020-09-12T12:30:25.475+0000][1][safepoint    ] Safepoint "GenCollectForAllocation", Time since last: 442630588 ns, Reaching safepoint: 1465986 ns, At safepoint: 60689440 ns, Total: 62155426 ns
[2020-09-12T12:30:26.478+0000][1][safepoint    ] Safepoint "Cleanup", Time since last: 1001672279 ns, Reaching safepoint: 1196260 ns, At safepoint: 16434 ns, Total: 1212694 ns
[2020-09-12T12:30:27.908+0000][1][safepoint    ] Safepoint "ICBufferFull", Time since last: 1423753602 ns, Reaching safepoint: 6415007 ns, At safepoint: 17339 ns, Total: 6432346 ns
[2020-09-12T12:30:29.136+0000][1][gc,start     ] GC(44) Pause Young (Allocation Failure)
[2020-09-12T12:30:29.136+0000][1][gc,task      ] GC(44) Using 2 workers of 2 for evacuation
[2020-09-12T12:30:29.172+0000][1][gc,age       ] GC(44) Desired survivor size 8716288 bytes, new threshold 2 (max threshold 6)
[2020-09-12T12:30:29.172+0000][1][gc,age       ] GC(44) Age table with threshold 2 (max threshold 6)
[2020-09-12T12:30:29.172+0000][1][gc,age       ] GC(44) - age   1:    3817208 bytes,    3817208 total
[2020-09-12T12:30:29.172+0000][1][gc,age       ] GC(44) - age   2:    5152112 bytes,    8969320 total
[2020-09-12T12:30:29.172+0000][1][gc,age       ] GC(44) - age   3:    1105440 bytes,   10074760 total
[2020-09-12T12:30:29.172+0000][1][gc,heap      ] GC(44) ParNew: 150842K->15109K(153344K)
[2020-09-12T12:30:29.172+0000][1][gc,heap      ] GC(44) CMS: 84469K->87979K(353920K)
[2020-09-12T12:30:29.172+0000][1][gc,metaspace ] GC(44) Metaspace: 88005K->88005K(1130496K)
[2020-09-12T12:30:29.172+0000][1][gc           ] GC(44) Pause Young (Allocation Failure) 229M->100M(495M) 36.486ms
[2020-09-12T12:30:29.172+0000][1][gc,cpu       ] GC(44) User=0.03s Sys=0.00s Real=0.04s
[2020-09-12T12:30:29.172+0000][1][safepoint    ] Safepoint "GenCollectForAllocation", Time since last: 1226947700 ns, Reaching safepoint: 153629 ns, At safepoint: 36963072 ns, Total: 37116701 ns
[2020-09-12T12:30:29.186+0000][1][safepoint    ] Safepoint "RevokeBias", Time since last: 12563728 ns, Reaching safepoint: 1465830 ns, At safepoint: 45020 ns, Total: 1510850 ns
[2020-09-12T12:30:29.237+0000][1][safepoint    ] Safepoint "RevokeBias", Time since last: 49707777 ns, Reaching safepoint: 942111 ns, At safepoint: 35938 ns, Total: 978049 ns
[2020-09-12T12:30:29.371+0000][1][safepoint    ] Safepoint "RevokeBias", Time since last: 133147618 ns, Reaching safepoint: 894901 ns, At safepoint: 31185 ns, Total: 926086 ns
[2020-09-12T12:30:29.371+0000][1][safepoint    ] Safepoint "RevokeBias", Time since last: 141922 ns, Reaching safepoint: 165002 ns, At safepoint: 21921 ns, Total: 186923 ns
[2020-09-12T12:30:29.904+0000][1][safepoint    ] Safepoint "Deoptimize", Time since last: 527598873 ns, Reaching safepoint: 4588581 ns, At safepoint: 762969 ns, Total: 5351550 ns
[2020-09-12T12:30:30.225+0000][1][safepoint    ] Safepoint "Deoptimize", Time since last: 318452441 ns, Reaching safepoint: 1442854 ns, At safepoint: 809988 ns, Total: 2252842 ns
[2020-09-12T12:30:30.255+0000][1][safepoint    ] Safepoint "Deoptimize", Time since last: 28145519 ns, Reaching safepoint: 1112628 ns, At safepoint: 822650 ns, Total: 1935278 ns
[2020-09-12T12:30:30.258+0000][1][safepoint    ] Safepoint "Deoptimize", Time since last: 1106707 ns, Reaching safepoint: 185022 ns, At safepoint: 1683402 ns, Total: 1868424 ns
[2020-09-12T12:30:30.824+0000][1][safepoint    ] Safepoint "ICBufferFull", Time since last: 564533970 ns, Reaching safepoint: 1305700 ns, At safepoint: 24015 ns, Total: 1329715 ns
[2020-09-12T12:30:30.994+0000][1][safepoint    ] Safepoint "RevokeBias", Time since last: 169326506 ns, Reaching safepoint: 254876 ns, At safepoint: 65687 ns, Total: 320563 ns
[2020-09-12T12:30:30.996+0000][1][safepoint    ] Safepoint "RevokeBias", Time since last: 2611498 ns, Reaching safepoint: 174908 ns, At safepoint: 42490 ns, Total: 217398 ns
[2020-09-12T12:30:31.129+0000][1][safepoint    ] Safepoint "RevokeBias", Time since last: 132228202 ns, Reaching safepoint: 204313 ns, At safepoint: 35295 ns, Total: 239608 ns
[2020-09-12T12:30:31.180+0000][1][gc,start     ] GC(45) Pause Young (Allocation Failure)
[2020-09-12T12:30:31.180+0000][1][gc,task      ] GC(45) Using 2 workers of 2 for evacuation
[2020-09-12T12:30:31.190+0000][1][gc,age       ] GC(45) Desired survivor size 8716288 bytes, new threshold 6 (max threshold 6)
[2020-09-12T12:30:31.190+0000][1][gc,age       ] GC(45) Age table with threshold 6 (max threshold 6)
[2020-09-12T12:30:31.190+0000][1][gc,age       ] GC(45) - age   1:    3133160 bytes,    3133160 total
[2020-09-12T12:30:31.190+0000][1][gc,age       ] GC(45) - age   2:     518784 bytes,    3651944 total
[2020-09-12T12:30:31.190+0000][1][gc,heap      ] GC(45) ParNew: 151429K->9897K(153344K)
[2020-09-12T12:30:31.190+0000][1][gc,heap      ] GC(45) CMS: 87979K->89603K(353920K)
[2020-09-12T12:30:31.190+0000][1][gc,metaspace ] GC(45) Metaspace: 88918K->88918K(1130496K)
[2020-09-12T12:30:31.190+0000][1][gc           ] GC(45) Pause Young (Allocation Failure) 233M->97M(495M) 9.959ms
[2020-09-12T12:30:31.190+0000][1][gc,cpu       ] GC(45) User=0.01s Sys=0.00s Real=0.02s
[2020-09-12T12:30:31.190+0000][1][safepoint    ] Safepoint "GenCollectForAllocation", Time since last: 50859137 ns, Reaching safepoint: 212859 ns, At safepoint: 10023018 ns, Total: 10235877 ns
[2020-09-12T12:30:31.198+0000][1][safepoint    ] Safepoint "RevokeBias", Time since last: 5024314 ns, Reaching safepoint: 3222014 ns, At safepoint: 46045 ns, Total: 3268059 ns
[2020-09-12T12:30:31.262+0000][1][safepoint    ] Safepoint "RevokeBias", Time since last: 61118329 ns, Reaching safepoint: 2880854 ns, At safepoint: 49699 ns, Total: 2930553 ns
[2020-09-12T12:30:31.276+0000][1][safepoint    ] Safepoint "RevokeBias", Time since last: 9759273 ns, Reaching safepoint: 3962654 ns, At safepoint: 41192 ns, Total: 4003846 ns
[2020-09-12T12:30:31.277+0000][1][safepoint    ] Safepoint "RevokeBias", Time since last: 299992 ns, Reaching safepoint: 194476 ns, At safepoint: 27701 ns, Total: 222177 ns
[2020-09-12T12:30:31.277+0000][1][safepoint    ] Safepoint "RevokeBias", Time since last: 443037 ns, Reaching safepoint: 148554 ns, At safepoint: 21142 ns, Total: 169696 ns
[2020-09-12T12:30:31.277+0000][1][safepoint    ] Safepoint "RevokeBias", Time since last: 39092 ns, Reaching safepoint: 141721 ns, At safepoint: 15909 ns, Total: 157630 ns
[2020-09-12T12:30:31.278+0000][1][safepoint    ] Safepoint "RevokeBias", Time since last: 33547 ns, Reaching safepoint: 123270 ns, At safepoint: 15229 ns, Total: 138499 ns
[2020-09-12T12:30:31.278+0000][1][safepoint    ] Safepoint "RevokeBias", Time since last: 119942 ns, Reaching safepoint: 147468 ns, At safepoint: 19192 ns, Total: 166660 ns
[2020-09-12T12:30:31.278+0000][1][safepoint    ] Safepoint "RevokeBias", Time since last: 92527 ns, Reaching safepoint: 160976 ns, At safepoint: 18711 ns, Total: 179687 ns
[2020-09-12T12:30:31.278+0000][1][safepoint    ] Safepoint "RevokeBias", Time since last: 52394 ns, Reaching safepoint: 297515 ns, At safepoint: 15819 ns, Total: 313334 ns
[2020-09-12T12:30:31.279+0000][1][safepoint    ] Safepoint "RevokeBias", Time since last: 321195 ns, Reaching safepoint: 544415 ns, At safepoint: 25891 ns, Total: 570306 ns
[2020-09-12T12:30:31.291+0000][1][safepoint    ] Safepoint "RevokeBias", Time since last: 10729216 ns, Reaching safepoint: 954336 ns, At safepoint: 36298 ns, Total: 990634 ns
[2020-09-12T12:30:31.293+0000][1][safepoint    ] Safepoint "RevokeBias", Time since last: 1016495 ns, Reaching safepoint: 1071913 ns, At safepoint: 37334 ns, Total: 1109247 ns
[2020-09-12T12:30:31.296+0000][1][safepoint    ] Safepoint "RevokeBias", Time since last: 2317731 ns, Reaching safepoint: 327171 ns, At safepoint: 32429 ns, Total: 359600 ns
[2020-09-12T12:30:31.361+0000][1][safepoint    ] Safepoint "RevokeBias", Time since last: 58591058 ns, Reaching safepoint: 6419465 ns, At safepoint: 46910 ns, Total: 6466375 ns
[2020-09-12T12:30:31.424+0000][1][safepoint    ] Safepoint "RevokeBias", Time since last: 52255598 ns, Reaching safepoint: 10511515 ns, At safepoint: 44209 ns, Total: 10555724 ns
[2020-09-12T12:30:31.424+0000][1][safepoint    ] Safepoint "RevokeBias", Time since last: 246397 ns, Reaching safepoint: 126601 ns, At safepoint: 17059 ns, Total: 143660 ns
[2020-09-12T12:30:31.636+0000][1][safepoint    ] Safepoint "RevokeBias", Time since last: 211280984 ns, Reaching safepoint: 327223 ns, At safepoint: 87811 ns, Total: 415034 ns
[2020-09-12T12:30:31.650+0000][1][safepoint    ] Safepoint "RevokeBias", Time since last: 10733158 ns, Reaching safepoint: 3480677 ns, At safepoint: 73236 ns, Total: 3553913 ns
[2020-09-12T12:30:31.904+0000][1][safepoint    ] Safepoint "RevokeBias", Time since last: 253364206 ns, Reaching safepoint: 193987 ns, At safepoint: 35825 ns, Total: 229812 ns
[2020-09-12T12:30:32.122+0000][1][safepoint    ] Safepoint "RevokeBias", Time since last: 216882729 ns, Reaching safepoint: 1093737 ns, At safepoint: 38209 ns, Total: 1131946 ns
[2020-09-12T12:30:32.125+0000][1][safepoint    ] Safepoint "RevokeBias", Time since last: 1378903 ns, Reaching safepoint: 2209813 ns, At safepoint: 38519 ns, Total: 2248332 ns
[2020-09-12T12:30:32.126+0000][1][safepoint    ] Safepoint "RevokeBias", Time since last: 165885 ns, Reaching safepoint: 329002 ns, At safepoint: 22534 ns, Total: 351536 ns
[2020-09-12T12:30:32.711+0000][1][safepoint    ] Safepoint "RevokeBias", Time since last: 583712886 ns, Reaching safepoint: 1641474 ns, At safepoint: 45361 ns, Total: 1686835 ns
[2020-09-12T12:30:33.115+0000][1][safepoint    ] Safepoint "RevokeBias", Time since last: 401806382 ns, Reaching safepoint: 2393902 ns, At safepoint: 42628 ns, Total: 2436530 ns
[2020-09-12T12:30:33.747+0000][1][gc,start     ] GC(46) Pause Young (Allocation Failure)
[2020-09-12T12:30:33.747+0000][1][gc,task      ] GC(46) Using 2 workers of 2 for evacuation
[2020-09-12T12:30:33.765+0000][1][gc,age       ] GC(46) Desired survivor size 8716288 bytes, new threshold 6 (max threshold 6)
[2020-09-12T12:30:33.765+0000][1][gc,age       ] GC(46) Age table with threshold 6 (max threshold 6)
[2020-09-12T12:30:33.765+0000][1][gc,age       ] GC(46) - age   1:    5697240 bytes,    5697240 total
[2020-09-12T12:30:33.765+0000][1][gc,age       ] GC(46) - age   2:     888344 bytes,    6585584 total
[2020-09-12T12:30:33.765+0000][1][gc,age       ] GC(46) - age   3:     517840 bytes,    7103424 total
[2020-09-12T12:30:33.765+0000][1][gc,heap      ] GC(46) ParNew: 146217K->8414K(153344K)
[2020-09-12T12:30:33.765+0000][1][gc,heap      ] GC(46) CMS: 89603K->89603K(353920K)
[2020-09-12T12:30:33.765+0000][1][gc,metaspace ] GC(46) Metaspace: 89027K->89027K(1130496K)
[2020-09-12T12:30:33.765+0000][1][gc           ] GC(46) Pause Young (Allocation Failure) 230M->95M(495M) 18.401ms
[2020-09-12T12:30:33.765+0000][1][gc,cpu       ] GC(46) User=0.02s Sys=0.00s Real=0.02s
[2020-09-12T12:30:33.765+0000][1][safepoint    ] Safepoint "GenCollectForAllocation", Time since last: 630635763 ns, Reaching safepoint: 542800 ns, At safepoint: 18464518 ns, Total: 19007318 ns
[2020-09-12T12:30:34.773+0000][1][safepoint    ] Safepoint "Cleanup", Time since last: 1003527271 ns, Reaching safepoint: 4229143 ns, At safepoint: 21010 ns, Total: 4250153 ns
[2020-09-12T12:30:35.308+0000][1][safepoint    ] Safepoint "RevokeBias", Time since last: 529452101 ns, Reaching safepoint: 5465866 ns, At safepoint: 72633 ns, Total: 5538499 ns
[2020-09-12T12:30:35.349+0000][1][safepoint    ] Safepoint "RevokeBias", Time since last: 35276202 ns, Reaching safepoint: 5626214 ns, At safepoint: 37526 ns, Total: 5663740 ns
[2020-09-12T12:30:36.364+0000][1][safepoint    ] Safepoint "Cleanup", Time since last: 1003496110 ns, Reaching safepoint: 11295589 ns, At safepoint: 23612 ns, Total: 11319201 ns
[2020-09-12T12:30:37.037+0000][1][gc,start     ] GC(47) Pause Young (Allocation Failure)
[2020-09-12T12:30:37.037+0000][1][gc,task      ] GC(47) Using 2 workers of 2 for evacuation
[2020-09-12T12:30:37.067+0000][1][gc,age       ] GC(47) Desired survivor size 8716288 bytes, new threshold 4 (max threshold 6)
[2020-09-12T12:30:37.067+0000][1][gc,age       ] GC(47) Age table with threshold 4 (max threshold 6)
[2020-09-12T12:30:37.067+0000][1][gc,age       ] GC(47) - age   1:    4382208 bytes,    4382208 total
[2020-09-12T12:30:37.067+0000][1][gc,age       ] GC(47) - age   2:    3051928 bytes,    7434136 total
[2020-09-12T12:30:37.067+0000][1][gc,age       ] GC(47) - age   3:     886408 bytes,    8320544 total
[2020-09-12T12:30:37.067+0000][1][gc,age       ] GC(47) - age   4:     517840 bytes,    8838384 total
[2020-09-12T12:30:37.067+0000][1][gc,heap      ] GC(47) ParNew: 144734K->12088K(153344K)
[2020-09-12T12:30:37.067+0000][1][gc,heap      ] GC(47) CMS: 89603K->89603K(353920K)
[2020-09-12T12:30:37.067+0000][1][gc,metaspace ] GC(47) Metaspace: 89055K->89055K(1130496K)
[2020-09-12T12:30:37.067+0000][1][gc           ] GC(47) Pause Young (Allocation Failure) 228M->99M(495M) 30.700ms
[2020-09-12T12:30:37.067+0000][1][gc,cpu       ] GC(47) User=0.01s Sys=0.00s Real=0.03s
[2020-09-12T12:30:37.067+0000][1][safepoint    ] Safepoint "GenCollectForAllocation", Time since last: 667154014 ns, Reaching safepoint: 5734568 ns, At safepoint: 30774212 ns, Total: 36508780 ns
[2020-09-12T12:30:37.090+0000][1][safepoint    ] Safepoint "RevokeBias", Time since last: 18043164 ns, Reaching safepoint: 4336064 ns, At safepoint: 41127 ns, Total: 4377191 ns
[2020-09-12T12:30:37.090+0000][1][safepoint    ] Safepoint "RevokeBias", Time since last: 141633 ns, Reaching safepoint: 457431 ns, At safepoint: 25139 ns, Total: 482570 ns
[2020-09-12T12:30:37.144+0000][1][safepoint    ] Safepoint "RevokeBias", Time since last: 45190414 ns, Reaching safepoint: 8070909 ns, At safepoint: 38118 ns, Total: 8109027 ns
[2020-09-12T12:30:37.173+0000][1][safepoint    ] Safepoint "RevokeBias", Time since last: 3629344 ns, Reaching safepoint: 25499800 ns, At safepoint: 50217 ns, Total: 25550017 ns
[2020-09-12T12:30:37.176+0000][1][safepoint    ] Safepoint "RevokeBias", Time since last: 3161781 ns, Reaching safepoint: 177426 ns, At safepoint: 58967 ns, Total: 236393 ns
[2020-09-12T12:30:37.268+0000][1][safepoint    ] Safepoint "RevokeBias", Time since last: 78701712 ns, Reaching safepoint: 12653927 ns, At safepoint: 45627 ns, Total: 12699554 ns
[2020-09-12T12:30:37.293+0000][1][safepoint    ] Safepoint "RevokeBias", Time since last: 24126735 ns, Reaching safepoint: 1135374 ns, At safepoint: 37502 ns, Total: 1172876 ns
[2020-09-12T12:30:37.296+0000][1][safepoint    ] Safepoint "RevokeBias", Time since last: 639960 ns, Reaching safepoint: 2201831 ns, At safepoint: 39980 ns, Total: 2241811 ns
[2020-09-12T12:30:37.324+0000][1][safepoint    ] Safepoint "RevokeBias", Time since last: 23460988 ns, Reaching safepoint: 4395680 ns, At safepoint: 151502 ns, Total: 4547182 ns
[2020-09-12T12:30:37.327+0000][1][safepoint    ] Safepoint "RevokeBias", Time since last: 727709 ns, Reaching safepoint: 2334449 ns, At safepoint: 43479 ns, Total: 2377928 ns
[2020-09-12T12:30:37.342+0000][1][safepoint    ] Safepoint "Deoptimize", Time since last: 8266527 ns, Reaching safepoint: 5588924 ns, At safepoint: 749361 ns, Total: 6338285 ns
[2020-09-12T12:30:37.429+0000][1][safepoint    ] Safepoint "RevokeBias", Time since last: 83178169 ns, Reaching safepoint: 4052025 ns, At safepoint: 79081 ns, Total: 4131106 ns
[2020-09-12T12:30:37.483+0000][1][safepoint    ] Safepoint "RevokeBias", Time since last: 51983380 ns, Reaching safepoint: 2412066 ns, At safepoint: 37376 ns, Total: 2449442 ns
[2020-09-12T12:30:38.072+0000][1][safepoint    ] Safepoint "RevokeBias", Time since last: 578545750 ns, Reaching safepoint: 10526134 ns, At safepoint: 43472 ns, Total: 10569606 ns
[2020-09-12T12:30:38.073+0000][1][safepoint    ] Safepoint "RevokeBias", Time since last: 860517 ns, Reaching safepoint: 195159 ns, At safepoint: 23897 ns, Total: 219056 ns
[2020-09-12T12:30:38.076+0000][1][safepoint    ] Safepoint "RevokeBias", Time since last: 2130536 ns, Reaching safepoint: 123108 ns, At safepoint: 23945 ns, Total: 147053 ns
[2020-09-12T12:30:38.078+0000][1][safepoint    ] Safepoint "RevokeBias", Time since last: 1837732 ns, Reaching safepoint: 182781 ns, At safepoint: 21806 ns, Total: 204587 ns
[2020-09-12T12:30:38.093+0000][1][safepoint    ] Safepoint "RevokeBias", Time since last: 14696280 ns, Reaching safepoint: 454539 ns, At safepoint: 28772 ns, Total: 483311 ns
[2020-09-12T12:30:38.164+0000][1][safepoint    ] Safepoint "RevokeBias", Time since last: 71133924 ns, Reaching safepoint: 207848 ns, At safepoint: 32120 ns, Total: 239968 ns
[2020-09-12T12:30:38.165+0000][1][safepoint    ] Safepoint "RevokeBias", Time since last: 313718 ns, Reaching safepoint: 182393 ns, At safepoint: 26409 ns, Total: 208802 ns
[2020-09-12T12:30:38.186+0000][1][safepoint    ] Safepoint "RevokeBias", Time since last: 17028081 ns, Reaching safepoint: 4110471 ns, At safepoint: 40363 ns, Total: 4150834 ns
[2020-09-12T12:30:38.199+0000][1][safepoint    ] Safepoint "RevokeBias", Time since last: 12194926 ns, Reaching safepoint: 736947 ns, At safepoint: 34153 ns, Total: 771100 ns
[2020-09-12T12:30:38.209+0000][1][safepoint    ] Safepoint "RevokeBias", Time since last: 9870081 ns, Reaching safepoint: 490026 ns, At safepoint: 35214 ns, Total: 525240 ns
[2020-09-12T12:30:38.211+0000][1][safepoint    ] Safepoint "RevokeBias", Time since last: 336160 ns, Reaching safepoint: 1077661 ns, At safepoint: 30963 ns, Total: 1108624 ns
[2020-09-12T12:30:38.220+0000][1][safepoint    ] Safepoint "RevokeBias", Time since last: 7426356 ns, Reaching safepoint: 1463247 ns, At safepoint: 41110 ns, Total: 1504357 ns
[2020-09-12T12:30:38.237+0000][1][safepoint    ] Safepoint "RevokeBias", Time since last: 16877455 ns, Reaching safepoint: 153516 ns, At safepoint: 31554 ns, Total: 185070 ns
[2020-09-12T12:30:38.242+0000][1][safepoint    ] Safepoint "RevokeBias", Time since last: 4330468 ns, Reaching safepoint: 942548 ns, At safepoint: 35853 ns, Total: 978401 ns
[2020-09-12T12:30:38.247+0000][1][safepoint    ] Safepoint "RevokeBias", Time since last: 2396125 ns, Reaching safepoint: 2791719 ns, At safepoint: 39552 ns, Total: 2831271 ns
[2020-09-12T12:30:38.248+0000][1][safepoint    ] Safepoint "RevokeBias", Time since last: 157176 ns, Reaching safepoint: 484864 ns, At safepoint: 33178 ns, Total: 518042 ns
[2020-09-12T12:30:38.302+0000][1][safepoint    ] Safepoint "RevokeBias", Time since last: 50286879 ns, Reaching safepoint: 3480431 ns, At safepoint: 38788 ns, Total: 3519219 ns
[2020-09-12T12:30:38.311+0000][1][safepoint    ] Safepoint "RevokeBias", Time since last: 7369373 ns, Reaching safepoint: 1499779 ns, At safepoint: 59803 ns, Total: 1559582 ns
[2020-09-12T12:30:38.330+0000][1][safepoint    ] Safepoint "Deoptimize", Time since last: 13610637 ns, Reaching safepoint: 4452067 ns, At safepoint: 1192939 ns, Total: 5645006 ns
[2020-09-12T12:30:38.353+0000][1][safepoint    ] Safepoint "RevokeBias", Time since last: 20507463 ns, Reaching safepoint: 2239644 ns, At safepoint: 40173 ns, Total: 2279817 ns
[2020-09-12T12:30:38.363+0000][1][safepoint    ] Safepoint "RevokeBias", Time since last: 8758220 ns, Reaching safepoint: 1651136 ns, At safepoint: 35652 ns, Total: 1686788 ns
[2020-09-12T12:30:38.389+0000][1][safepoint    ] Safepoint "RevokeBias", Time since last: 25408041 ns, Reaching safepoint: 479189 ns, At safepoint: 167113 ns, Total: 646302 ns
[2020-09-12T12:30:38.393+0000][1][safepoint    ] Safepoint "RevokeBias", Time since last: 1002926 ns, Reaching safepoint: 2465525 ns, At safepoint: 44851 ns, Total: 2510376 ns
[2020-09-12T12:30:38.552+0000][1][safepoint    ] Safepoint "RevokeBias", Time since last: 159012132 ns, Reaching safepoint: 213933 ns, At safepoint: 31127 ns, Total: 245060 ns
[2020-09-12T12:30:38.562+0000][1][safepoint    ] Safepoint "RevokeBias", Time since last: 9827876 ns, Reaching safepoint: 211196 ns, At safepoint: 12462 ns, Total: 223658 ns
[2020-09-12T12:30:38.563+0000][1][safepoint    ] Safepoint "RevokeBias", Time since last: 311705 ns, Reaching safepoint: 139704 ns, At safepoint: 9658 ns, Total: 149362 ns
[2020-09-12T12:30:38.591+0000][1][safepoint    ] Safepoint "RevokeBias", Time since last: 28161987 ns, Reaching safepoint: 224753 ns, At safepoint: 21936 ns, Total: 246689 ns
[2020-09-12T12:30:38.592+0000][1][safepoint    ] Safepoint "RevokeBias", Time since last: 81495 ns, Reaching safepoint: 641437 ns, At safepoint: 16723 ns, Total: 658160 ns
[2020-09-12T12:30:38.592+0000][1][safepoint    ] Safepoint "RevokeBias", Time since last: 63630 ns, Reaching safepoint: 180550 ns, At safepoint: 14558 ns, Total: 195108 ns
[2020-09-12T12:30:38.992+0000][1][safepoint    ] Safepoint "RevokeBias", Time since last: 399237409 ns, Reaching safepoint: 270880 ns, At safepoint: 33787 ns, Total: 304667 ns
[2020-09-12T12:30:39.056+0000][1][safepoint    ] Safepoint "RevokeBias", Time since last: 64525104 ns, Reaching safepoint: 294524 ns, At safepoint: 26646 ns, Total: 321170 ns
[2020-09-12T12:30:39.064+0000][1][safepoint    ] Safepoint "RevokeBias", Time since last: 6850055 ns, Reaching safepoint: 406054 ns, At safepoint: 29387 ns, Total: 435441 ns
[2020-09-12T12:30:39.934+0000][1][safepoint    ] Safepoint "RevokeBias", Time since last: 870344370 ns, Reaching safepoint: 136163 ns, At safepoint: 30294 ns, Total: 166457 ns
[2020-09-12T12:30:39.938+0000][1][gc,start     ] GC(48) Pause Young (Allocation Failure)
[2020-09-12T12:30:39.938+0000][1][gc,task      ] GC(48) Using 2 workers of 2 for evacuation
[2020-09-12T12:30:39.962+0000][1][gc,age       ] GC(48) Desired survivor size 8716288 bytes, new threshold 3 (max threshold 6)
[2020-09-12T12:30:39.962+0000][1][gc,age       ] GC(48) Age table with threshold 3 (max threshold 6)
[2020-09-12T12:30:39.962+0000][1][gc,age       ] GC(48) - age   1:    6962192 bytes,    6962192 total
[2020-09-12T12:30:39.962+0000][1][gc,age       ] GC(48) - age   2:    1170320 bytes,    8132512 total
[2020-09-12T12:30:39.962+0000][1][gc,age       ] GC(48) - age   3:    3045656 bytes,   11178168 total
[2020-09-12T12:30:39.962+0000][1][gc,age       ] GC(48) - age   4:     886080 bytes,   12064248 total
[2020-09-12T12:30:39.962+0000][1][gc,heap      ] GC(48) ParNew: 148254K->15968K(153344K)
[2020-09-12T12:30:39.962+0000][1][gc,heap      ] GC(48) CMS: 89603K->90108K(353920K)
[2020-09-12T12:30:39.962+0000][1][gc,metaspace ] GC(48) Metaspace: 91154K->91154K(1132544K)
[2020-09-12T12:30:39.962+0000][1][gc           ] GC(48) Pause Young (Allocation Failure) 232M->103M(495M) 23.361ms
[2020-09-12T12:30:39.962+0000][1][gc,cpu       ] GC(48) User=0.01s Sys=0.00s Real=0.03s
[2020-09-12T12:30:39.962+0000][1][safepoint    ] Safepoint "GenCollectForAllocation", Time since last: 3677213 ns, Reaching safepoint: 379395 ns, At safepoint: 23456428 ns, Total: 23835823 ns
[2020-09-12T12:30:39.964+0000][1][safepoint    ] Safepoint "RevokeBias", Time since last: 2329485 ns, Reaching safepoint: 198016 ns, At safepoint: 33718 ns, Total: 231734 ns
[2020-09-12T12:30:39.975+0000][1][safepoint    ] Safepoint "RevokeBias", Time since last: 10436284 ns, Reaching safepoint: 576267 ns, At safepoint: 32638 ns, Total: 608905 ns
[2020-09-12T12:30:39.977+0000][1][safepoint    ] Safepoint "RevokeBias", Time since last: 856931 ns, Reaching safepoint: 344889 ns, At safepoint: 27875 ns, Total: 372764 ns
[2020-09-12T12:30:39.978+0000][1][safepoint    ] Safepoint "RevokeBias", Time since last: 818196 ns, Reaching safepoint: 224038 ns, At safepoint: 24988 ns, Total: 249026 ns
[2020-09-12T12:30:40.018+0000][1][safepoint    ] Safepoint "RevokeBias", Time since last: 37719391 ns, Reaching safepoint: 2542835 ns, At safepoint: 34606 ns, Total: 2577441 ns
[2020-09-12T12:30:40.051+0000][1][safepoint    ] Safepoint "RevokeBias", Time since last: 30280895 ns, Reaching safepoint: 2793631 ns, At safepoint: 59935 ns, Total: 2853566 ns
[2020-09-12T12:30:40.062+0000][1][safepoint    ] Safepoint "RevokeBias", Time since last: 10355230 ns, Reaching safepoint: 235365 ns, At safepoint: 31926 ns, Total: 267291 ns
[2020-09-12T12:30:40.062+0000][1][safepoint    ] Safepoint "RevokeBias", Time since last: 147020 ns, Reaching safepoint: 166184 ns, At safepoint: 25416 ns, Total: 191600 ns
[2020-09-12T12:30:40.085+0000][1][safepoint    ] Safepoint "RevokeBias", Time since last: 19259809 ns, Reaching safepoint: 3603684 ns, At safepoint: 41301 ns, Total: 3644985 ns
[2020-09-12T12:30:40.086+0000][1][safepoint    ] Safepoint "RevokeBias", Time since last: 78373 ns, Reaching safepoint: 1378610 ns, At safepoint: 41868 ns, Total: 1420478 ns
[2020-09-12T12:30:40.090+0000][1][safepoint    ] Safepoint "RevokeBias", Time since last: 2935559 ns, Reaching safepoint: 317649 ns, At safepoint: 37993 ns, Total: 355642 ns
[2020-09-12T12:30:40.182+0000][1][safepoint    ] Safepoint "RevokeBias", Time since last: 90388186 ns, Reaching safepoint: 2210426 ns, At safepoint: 34761 ns, Total: 2245187 ns
[2020-09-12T12:30:41.071+0000][1][safepoint    ] Safepoint "RevokeBias", Time since last: 888299942 ns, Reaching safepoint: 212233 ns, At safepoint: 25774 ns, Total: 238007 ns
[2020-09-12T12:30:41.082+0000][1][safepoint    ] Safepoint "RevokeBias", Time since last: 6266674 ns, Reaching safepoint: 4404260 ns, At safepoint: 41902 ns, Total: 4446162 ns
[2020-09-12T12:30:41.088+0000][1][safepoint    ] Safepoint "RevokeBias", Time since last: 3781252 ns, Reaching safepoint: 2907632 ns, At safepoint: 102397 ns, Total: 3010029 ns
[2020-09-12T12:30:41.090+0000][1][safepoint    ] Safepoint "RevokeBias", Time since last: 940402 ns, Reaching safepoint: 251260 ns, At safepoint: 29490 ns, Total: 280750 ns
[2020-09-12T12:30:41.090+0000][1][safepoint    ] Safepoint "RevokeBias", Time since last: 79742 ns, Reaching safepoint: 162440 ns, At safepoint: 21458 ns, Total: 183898 ns
[2020-09-12T12:30:41.134+0000][1][safepoint    ] Safepoint "RevokeBias", Time since last: 41729414 ns, Reaching safepoint: 2013521 ns, At safepoint: 41971 ns, Total: 2055492 ns
[2020-09-12T12:30:41.182+0000][1][safepoint    ] Safepoint "RevokeBias", Time since last: 47047075 ns, Reaching safepoint: 1558187 ns, At safepoint: 58007 ns, Total: 1616194 ns
[2020-09-12T12:30:41.186+0000][1][safepoint    ] Safepoint "RevokeBias", Time since last: 2102245 ns, Reaching safepoint: 1086495 ns, At safepoint: 38005 ns, Total: 1124500 ns
[2020-09-12T12:30:41.197+0000][1][safepoint    ] Safepoint "RevokeBias", Time since last: 2484861 ns, Reaching safepoint: 8507605 ns, At safepoint: 49203 ns, Total: 8556808 ns
[2020-09-12T12:30:41.207+0000][1][safepoint    ] Safepoint "RevokeBias", Time since last: 9259247 ns, Reaching safepoint: 703431 ns, At safepoint: 52253 ns, Total: 755684 ns
[2020-09-12T12:30:41.213+0000][1][safepoint    ] Safepoint "RevokeBias", Time since last: 6130263 ns, Reaching safepoint: 185104 ns, At safepoint: 30495 ns, Total: 215599 ns
[2020-09-12T12:30:41.217+0000][1][safepoint    ] Safepoint "RevokeBias", Time since last: 3725246 ns, Reaching safepoint: 431765 ns, At safepoint: 35069 ns, Total: 466834 ns
[2020-09-12T12:30:41.403+0000][1][safepoint    ] Safepoint "RevokeBias", Time since last: 185216560 ns, Reaching safepoint: 198291 ns, At safepoint: 33451 ns, Total: 231742 ns
[2020-09-12T12:30:41.682+0000][1][safepoint    ] Safepoint "RevokeBias", Time since last: 278076301 ns, Reaching safepoint: 1132095 ns, At safepoint: 33637 ns, Total: 1165732 ns
[2020-09-12T12:30:41.695+0000][1][safepoint    ] Safepoint "RevokeBias", Time since last: 7769287 ns, Reaching safepoint: 4903487 ns, At safepoint: 36929 ns, Total: 4940416 ns
[2020-09-12T12:30:42.045+0000][1][gc,start     ] GC(49) Pause Young (Allocation Failure)
[2020-09-12T12:30:42.045+0000][1][gc,task      ] GC(49) Using 2 workers of 2 for evacuation
[2020-09-12T12:30:42.070+0000][1][gc,age       ] GC(49) Desired survivor size 8716288 bytes, new threshold 3 (max threshold 6)
[2020-09-12T12:30:42.070+0000][1][gc,age       ] GC(49) Age table with threshold 3 (max threshold 6)
[2020-09-12T12:30:42.070+0000][1][gc,age       ] GC(49) - age   1:    5214104 bytes,    5214104 total
[2020-09-12T12:30:42.070+0000][1][gc,age       ] GC(49) - age   2:    2420816 bytes,    7634920 total
[2020-09-12T12:30:42.070+0000][1][gc,age       ] GC(49) - age   3:    1161216 bytes,    8796136 total
[2020-09-12T12:30:42.070+0000][1][gc,heap      ] GC(49) ParNew: 152288K->10832K(153344K)
[2020-09-12T12:30:42.070+0000][1][gc,heap      ] GC(49) CMS: 90108K->93967K(353920K)
[2020-09-12T12:30:42.070+0000][1][gc,metaspace ] GC(49) Metaspace: 91290K->91290K(1132544K)
[2020-09-12T12:30:42.070+0000][1][gc           ] GC(49) Pause Young (Allocation Failure) 236M->102M(495M) 25.052ms
[2020-09-12T12:30:42.070+0000][1][gc,cpu       ] GC(49) User=0.02s Sys=0.00s Real=0.03s
[2020-09-12T12:30:42.070+0000][1][safepoint    ] Safepoint "GenCollectForAllocation", Time since last: 350129147 ns, Reaching safepoint: 208023 ns, At safepoint: 25139099 ns, Total: 25347122 ns
[2020-09-12T12:30:42.123+0000][1][safepoint    ] Safepoint "RevokeBias", Time since last: 52796558 ns, Reaching safepoint: 458009 ns, At safepoint: 27343 ns, Total: 485352 ns
[2020-09-12T12:30:42.124+0000][1][safepoint    ] Safepoint "RevokeBias", Time since last: 578769 ns, Reaching safepoint: 240777 ns, At safepoint: 21589 ns, Total: 262366 ns
[2020-09-12T12:30:42.124+0000][1][safepoint    ] Safepoint "RevokeBias", Time since last: 76828 ns, Reaching safepoint: 127119 ns, At safepoint: 15987 ns, Total: 143106 ns
[2020-09-12T12:30:42.125+0000][1][safepoint    ] Safepoint "RevokeBias", Time since last: 217833 ns, Reaching safepoint: 99649 ns, At safepoint: 15124 ns, Total: 114773 ns
[2020-09-12T12:30:42.125+0000][1][safepoint    ] Safepoint "RevokeBias", Time since last: 356972 ns, Reaching safepoint: 119500 ns, At safepoint: 17452 ns, Total: 136952 ns
[2020-09-12T12:30:42.147+0000][1][safepoint    ] Safepoint "RevokeBias", Time since last: 21125231 ns, Reaching safepoint: 255350 ns, At safepoint: 22111 ns, Total: 277461 ns
[2020-09-12T12:30:42.153+0000][1][safepoint    ] Safepoint "RevokeBias", Time since last: 6081546 ns, Reaching safepoint: 179806 ns, At safepoint: 26072 ns, Total: 205878 ns
[2020-09-12T12:30:42.157+0000][1][safepoint    ] Safepoint "RevokeBias", Time since last: 3680998 ns, Reaching safepoint: 168919 ns, At safepoint: 21322 ns, Total: 190241 ns
[2020-09-12T12:30:42.214+0000][1][safepoint    ] Safepoint "RevokeBias", Time since last: 56854049 ns, Reaching safepoint: 818841 ns, At safepoint: 27429 ns, Total: 846270 ns
[2020-09-12T12:30:42.222+0000][1][safepoint    ] Safepoint "RevokeBias", Time since last: 6952294 ns, Reaching safepoint: 316640 ns, At safepoint: 25763 ns, Total: 342403 ns
[2020-09-12T12:30:42.222+0000][1][safepoint    ] Safepoint "RevokeBias", Time since last: 178763 ns, Reaching safepoint: 117841 ns, At safepoint: 15910 ns, Total: 133751 ns
[2020-09-12T12:30:42.222+0000][1][safepoint    ] Safepoint "RevokeBias", Time since last: 96364 ns, Reaching safepoint: 121676 ns, At safepoint: 15249 ns, Total: 136925 ns
[2020-09-12T12:30:42.223+0000][1][safepoint    ] Safepoint "RevokeBias", Time since last: 105205 ns, Reaching safepoint: 119321 ns, At safepoint: 15377 ns, Total: 134698 ns
[2020-09-12T12:30:42.255+0000][1][safepoint    ] Safepoint "RevokeBias", Time since last: 32116554 ns, Reaching safepoint: 173512 ns, At safepoint: 25696 ns, Total: 199208 ns
[2020-09-12T12:30:42.310+0000][1][safepoint    ] Safepoint "RevokeBias", Time since last: 54661219 ns, Reaching safepoint: 187044 ns, At safepoint: 39025 ns, Total: 226069 ns
[2020-09-12T12:30:42.748+0000][1][safepoint    ] Safepoint "RevokeBias", Time since last: 437885361 ns, Reaching safepoint: 184701 ns, At safepoint: 24334 ns, Total: 209035 ns
[2020-09-12T12:30:42.764+0000][1][safepoint    ] Safepoint "RevokeBias", Time since last: 15662009 ns, Reaching safepoint: 199495 ns, At safepoint: 30135 ns, Total: 229630 ns
[2020-09-12T12:30:43.779+0000][1][safepoint    ] Safepoint "Cleanup", Time since last: 1013769749 ns, Reaching safepoint: 1223643 ns, At safepoint: 16110 ns, Total: 1239753 ns
[2020-09-12T12:30:43.984+0000][1][safepoint    ] Safepoint "RevokeBias", Time since last: 205073117 ns, Reaching safepoint: 194468 ns, At safepoint: 35843 ns, Total: 230311 ns
[2020-09-12T12:30:44.098+0000][1][safepoint    ] Safepoint "RevokeBias", Time since last: 113476935 ns, Reaching safepoint: 315691 ns, At safepoint: 59309 ns, Total: 375000 ns
[2020-09-12T12:30:44.304+0000][1][safepoint    ] Safepoint "RevokeBias", Time since last: 200845748 ns, Reaching safepoint: 4883932 ns, At safepoint: 39562 ns, Total: 4923494 ns
[2020-09-12T12:30:44.537+0000][1][safepoint    ] Safepoint "RevokeBias", Time since last: 229148322 ns, Reaching safepoint: 3812145 ns, At safepoint: 62991 ns, Total: 3875136 ns
[2020-09-12T12:30:44.541+0000][1][safepoint    ] Safepoint "RevokeBias", Time since last: 1529457 ns, Reaching safepoint: 2296002 ns, At safepoint: 36160 ns, Total: 2332162 ns
[2020-09-12T12:30:44.599+0000][1][safepoint    ] Safepoint "RevokeBias", Time since last: 56663006 ns, Reaching safepoint: 1964657 ns, At safepoint: 31931 ns, Total: 1996588 ns
[2020-09-12T12:30:44.731+0000][1][safepoint    ] Safepoint "RevokeBias", Time since last: 129583397 ns, Reaching safepoint: 2268236 ns, At safepoint: 35761 ns, Total: 2303997 ns
[2020-09-12T12:30:44.733+0000][1][safepoint    ] Safepoint "RevokeBias", Time since last: 2051270 ns, Reaching safepoint: 215849 ns, At safepoint: 29107 ns, Total: 244956 ns
[2020-09-12T12:30:44.739+0000][1][safepoint    ] Safepoint "RevokeBias", Time since last: 5191817 ns, Reaching safepoint: 552782 ns, At safepoint: 27295 ns, Total: 580077 ns
[2020-09-12T12:30:44.757+0000][1][safepoint    ] Safepoint "RevokeBias", Time since last: 17068959 ns, Reaching safepoint: 248387 ns, At safepoint: 33391 ns, Total: 281778 ns
[2020-09-12T12:30:44.757+0000][1][safepoint    ] Safepoint "RevokeBias", Time since last: 212342 ns, Reaching safepoint: 174611 ns, At safepoint: 21455 ns, Total: 196066 ns
[2020-09-12T12:30:44.760+0000][1][safepoint    ] Safepoint "RevokeBias", Time since last: 2383552 ns, Reaching safepoint: 207705 ns, At safepoint: 28823 ns, Total: 236528 ns
[2020-09-12T12:30:44.785+0000][1][safepoint    ] Safepoint "RevokeBias", Time since last: 21148658 ns, Reaching safepoint: 4369009 ns, At safepoint: 51177 ns, Total: 4420186 ns
[2020-09-12T12:30:44.788+0000][1][safepoint    ] Safepoint "RevokeBias", Time since last: 2736384 ns, Reaching safepoint: 263728 ns, At safepoint: 234198 ns, Total: 497926 ns
[2020-09-12T12:30:44.789+0000][1][safepoint    ] Safepoint "RevokeBias", Time since last: 151234 ns, Reaching safepoint: 168959 ns, At safepoint: 172583 ns, Total: 341542 ns
[2020-09-12T12:30:44.834+0000][1][safepoint    ] Safepoint "RevokeBias", Time since last: 45142138 ns, Reaching safepoint: 269946 ns, At safepoint: 27453 ns, Total: 297399 ns
[2020-09-12T12:30:44.835+0000][1][safepoint    ] Safepoint "RevokeBias", Time since last: 760009 ns, Reaching safepoint: 144199 ns, At safepoint: 20164 ns, Total: 164363 ns
[2020-09-12T12:30:44.835+0000][1][safepoint    ] Safepoint "RevokeBias", Time since last: 55783 ns, Reaching safepoint: 113695 ns, At safepoint: 16007 ns, Total: 129702 ns
[2020-09-12T12:30:44.838+0000][1][safepoint    ] Safepoint "RevokeBias", Time since last: 77961 ns, Reaching safepoint: 2465909 ns, At safepoint: 39102 ns, Total: 2505011 ns
[2020-09-12T12:30:44.840+0000][1][safepoint    ] Safepoint "RevokeBias", Time since last: 1667342 ns, Reaching safepoint: 252348 ns, At safepoint: 24265 ns, Total: 276613 ns
[2020-09-12T12:30:44.867+0000][1][safepoint    ] Safepoint "RevokeBias", Time since last: 25476910 ns, Reaching safepoint: 1849772 ns, At safepoint: 34586 ns, Total: 1884358 ns
[2020-09-12T12:30:44.868+0000][1][safepoint    ] Safepoint "RevokeBias", Time since last: 274604 ns, Reaching safepoint: 180738 ns, At safepoint: 21678 ns, Total: 202416 ns
[2020-09-12T12:30:44.869+0000][1][safepoint    ] Safepoint "RevokeBias", Time since last: 151201 ns, Reaching safepoint: 573899 ns, At safepoint: 20653 ns, Total: 594552 ns
[2020-09-12T12:30:44.873+0000][1][safepoint    ] Safepoint "RevokeBias", Time since last: 75761 ns, Reaching safepoint: 4200826 ns, At safepoint: 42135 ns, Total: 4242961 ns
[2020-09-12T12:30:44.962+0000][1][safepoint    ] Safepoint "RevokeBias", Time since last: 74146743 ns, Reaching safepoint: 14983880 ns, At safepoint: 41115 ns, Total: 15024995 ns
[2020-09-12T12:30:44.963+0000][1][safepoint    ] Safepoint "RevokeBias", Time since last: 250612 ns, Reaching safepoint: 888211 ns, At safepoint: 29991 ns, Total: 918202 ns
[2020-09-12T12:30:44.965+0000][1][safepoint    ] Safepoint "RevokeBias", Time since last: 1806045 ns, Reaching safepoint: 189257 ns, At safepoint: 22552 ns, Total: 211809 ns
[2020-09-12T12:30:44.970+0000][1][safepoint    ] Safepoint "RevokeBias", Time since last: 4412867 ns, Reaching safepoint: 315606 ns, At safepoint: 25607 ns, Total: 341213 ns
[2020-09-12T12:30:45.018+0000][1][safepoint    ] Safepoint "RevokeBias", Time since last: 37963231 ns, Reaching safepoint: 10406715 ns, At safepoint: 90588 ns, Total: 10497303 ns
[2020-09-12T12:30:45.027+0000][1][safepoint    ] Safepoint "RevokeBias", Time since last: 5101638 ns, Reaching safepoint: 3293553 ns, At safepoint: 161043 ns, Total: 3454596 ns
[2020-09-12T12:30:45.056+0000][1][safepoint    ] Safepoint "RevokeBias", Time since last: 28261513 ns, Reaching safepoint: 1004879 ns, At safepoint: 31489 ns, Total: 1036368 ns
[2020-09-12T12:30:45.061+0000][1][safepoint    ] Safepoint "RevokeBias", Time since last: 98556 ns, Reaching safepoint: 4412625 ns, At safepoint: 33982 ns, Total: 4446607 ns
[2020-09-12T12:30:45.061+0000][1][safepoint    ] Safepoint "RevokeBias", Time since last: 121348 ns, Reaching safepoint: 131960 ns, At safepoint: 18358 ns, Total: 150318 ns
[2020-09-12T12:30:45.092+0000][1][safepoint    ] Safepoint "RevokeBias", Time since last: 29177020 ns, Reaching safepoint: 1532426 ns, At safepoint: 36447 ns, Total: 1568873 ns
[2020-09-12T12:30:45.095+0000][1][safepoint    ] Safepoint "RevokeBias", Time since last: 3004457 ns, Reaching safepoint: 520703 ns, At safepoint: 52965 ns, Total: 573668 ns
[2020-09-12T12:30:45.294+0000][1][safepoint    ] Safepoint "RevokeBias", Time since last: 197308109 ns, Reaching safepoint: 1599259 ns, At safepoint: 37467 ns, Total: 1636726 ns
[2020-09-12T12:30:45.296+0000][1][safepoint    ] Safepoint "RevokeBias", Time since last: 1032563 ns, Reaching safepoint: 396292 ns, At safepoint: 27576 ns, Total: 423868 ns
[2020-09-12T12:30:45.305+0000][1][safepoint    ] Safepoint "RevokeBias", Time since last: 7809698 ns, Reaching safepoint: 1177727 ns, At safepoint: 39700 ns, Total: 1217427 ns
[2020-09-12T12:30:45.307+0000][1][safepoint    ] Safepoint "RevokeBias", Time since last: 162580 ns, Reaching safepoint: 2217322 ns, At safepoint: 36746 ns, Total: 2254068 ns
[2020-09-12T12:30:45.361+0000][1][safepoint    ] Safepoint "RevokeBias", Time since last: 51888011 ns, Reaching safepoint: 1645652 ns, At safepoint: 98711 ns, Total: 1744363 ns
[2020-09-12T12:30:45.365+0000][1][safepoint    ] Safepoint "RevokeBias", Time since last: 1009357 ns, Reaching safepoint: 2944397 ns, At safepoint: 41337 ns, Total: 2985734 ns
[2020-09-12T12:30:45.390+0000][1][safepoint    ] Safepoint "RevokeBias", Time since last: 24360472 ns, Reaching safepoint: 675251 ns, At safepoint: 48258 ns, Total: 723509 ns
[2020-09-12T12:30:45.393+0000][1][safepoint    ] Safepoint "RevokeBias", Time since last: 114524 ns, Reaching safepoint: 2744598 ns, At safepoint: 53745 ns, Total: 2798343 ns
[2020-09-12T12:30:45.395+0000][1][safepoint    ] Safepoint "RevokeBias", Time since last: 88958 ns, Reaching safepoint: 1941342 ns, At safepoint: 52449 ns, Total: 1993791 ns
[2020-09-12T12:30:45.395+0000][1][safepoint    ] Safepoint "RevokeBias", Time since last: 115615 ns, Reaching safepoint: 144153 ns, At safepoint: 46437 ns, Total: 190590 ns
[2020-09-12T12:30:45.398+0000][1][safepoint    ] Safepoint "RevokeBias", Time since last: 1450199 ns, Reaching safepoint: 1105337 ns, At safepoint: 53376 ns, Total: 1158713 ns
[2020-09-12T12:30:45.425+0000][1][safepoint    ] Safepoint "RevokeBias", Time since last: 18872175 ns, Reaching safepoint: 8054272 ns, At safepoint: 54025 ns, Total: 8108297 ns
[2020-09-12T12:30:45.426+0000][1][safepoint    ] Safepoint "RevokeBias", Time since last: 505245 ns, Reaching safepoint: 487731 ns, At safepoint: 36351 ns, Total: 524082 ns
[2020-09-12T12:30:45.428+0000][1][safepoint    ] Safepoint "RevokeBias", Time since last: 1500956 ns, Reaching safepoint: 1039773 ns, At safepoint: 65785 ns, Total: 1105558 ns
[2020-09-12T12:30:45.483+0000][1][safepoint    ] Safepoint "RevokeBias", Time since last: 54126026 ns, Reaching safepoint: 533728 ns, At safepoint: 30138 ns, Total: 563866 ns
[2020-09-12T12:30:45.496+0000][1][safepoint    ] Safepoint "RevokeBias", Time since last: 10373323 ns, Reaching safepoint: 2358666 ns, At safepoint: 44545 ns, Total: 2403211 ns
[2020-09-12T12:30:45.509+0000][1][safepoint    ] Safepoint "RevokeBias", Time since last: 8466524 ns, Reaching safepoint: 4655969 ns, At safepoint: 41096 ns, Total: 4697065 ns
[2020-09-12T12:30:45.529+0000][1][gc,start     ] GC(50) Pause Young (Allocation Failure)
[2020-09-12T12:30:45.529+0000][1][gc,task      ] GC(50) Using 2 workers of 2 for evacuation
[2020-09-12T12:30:45.565+0000][1][gc,age       ] GC(50) Desired survivor size 8716288 bytes, new threshold 3 (max threshold 6)
[2020-09-12T12:30:45.565+0000][1][gc,age       ] GC(50) Age table with threshold 3 (max threshold 6)
[2020-09-12T12:30:45.565+0000][1][gc,age       ] GC(50) - age   1:    2788808 bytes,    2788808 total
[2020-09-12T12:30:45.565+0000][1][gc,age       ] GC(50) - age   2:    4399056 bytes,    7187864 total
[2020-09-12T12:30:45.565+0000][1][gc,age       ] GC(50) - age   3:    2416264 bytes,    9604128 total
[2020-09-12T12:30:45.565+0000][1][gc,heap      ] GC(50) ParNew: 147152K->13725K(153344K)
[2020-09-12T12:30:45.565+0000][1][gc,heap      ] GC(50) CMS: 93967K->95096K(353920K)
[2020-09-12T12:30:45.565+0000][1][gc,metaspace ] GC(50) Metaspace: 91752K->91752K(1134592K)
[2020-09-12T12:30:45.565+0000][1][gc           ] GC(50) Pause Young (Allocation Failure) 235M->106M(495M) 35.927ms
[2020-09-12T12:30:45.565+0000][1][gc,cpu       ] GC(50) User=0.02s Sys=0.00s Real=0.03s
[2020-09-12T12:30:45.565+0000][1][safepoint    ] Safepoint "GenCollectForAllocation", Time since last: 20021989 ns, Reaching safepoint: 177781 ns, At safepoint: 35993857 ns, Total: 36171638 ns
[2020-09-12T12:30:45.638+0000][1][safepoint    ] Safepoint "RevokeBias", Time since last: 70997277 ns, Reaching safepoint: 1787756 ns, At safepoint: 36608 ns, Total: 1824364 ns
[2020-09-12T12:30:45.655+0000][1][safepoint    ] Safepoint "RevokeBias", Time since last: 11373771 ns, Reaching safepoint: 5481348 ns, At safepoint: 45794 ns, Total: 5527142 ns
[2020-09-12T12:30:45.658+0000][1][safepoint    ] Safepoint "RevokeBias", Time since last: 205080 ns, Reaching safepoint: 2902856 ns, At safepoint: 40358 ns, Total: 2943214 ns
[2020-09-12T12:30:45.931+0000][1][safepoint    ] Safepoint "RevokeBias", Time since last: 272820165 ns, Reaching safepoint: 116953 ns, At safepoint: 27511 ns, Total: 144464 ns
[2020-09-12T12:30:46.937+0000][1][safepoint    ] Safepoint "Cleanup", Time since last: 1005604759 ns, Reaching safepoint: 133958 ns, At safepoint: 12542 ns, Total: 146500 ns
[2020-09-12T12:30:47.627+0000][1][safepoint    ] Safepoint "RevokeBias", Time since last: 690432765 ns, Reaching safepoint: 102775 ns, At safepoint: 29346 ns, Total: 132121 ns
[2020-09-12T12:30:48.478+0000][1][safepoint    ] Safepoint "RevokeBias", Time since last: 850129622 ns, Reaching safepoint: 187669 ns, At safepoint: 26063 ns, Total: 213732 ns
[2020-09-12T12:30:48.764+0000][1][safepoint    ] Safepoint "Deoptimize", Time since last: 284864403 ns, Reaching safepoint: 184919 ns, At safepoint: 770722 ns, Total: 955641 ns
[2020-09-12T12:30:48.773+0000][1][safepoint    ] Safepoint "RevokeBias", Time since last: 9098057 ns, Reaching safepoint: 236367 ns, At safepoint: 29084 ns, Total: 265451 ns
[2020-09-12T12:30:48.783+0000][1][safepoint    ] Safepoint "RevokeBias", Time since last: 10282316 ns, Reaching safepoint: 99014 ns, At safepoint: 28543 ns, Total: 127557 ns
[2020-09-12T12:30:48.910+0000][1][safepoint    ] Safepoint "ICBufferFull", Time since last: 125754052 ns, Reaching safepoint: 368156 ns, At safepoint: 16177 ns, Total: 384333 ns
[2020-09-12T12:30:49.907+0000][1][safepoint    ] Safepoint "ICBufferFull", Time since last: 997146146 ns, Reaching safepoint: 218643 ns, At safepoint: 31577 ns, Total: 250220 ns
[2020-09-12T12:30:51.001+0000][1][safepoint    ] Safepoint "Cleanup", Time since last: 1091581833 ns, Reaching safepoint: 2291983 ns, At safepoint: 17925 ns, Total: 2309908 ns
[2020-09-12T12:30:52.009+0000][1][safepoint    ] Safepoint "Cleanup", Time since last: 1000110628 ns, Reaching safepoint: 7877968 ns, At safepoint: 19927 ns, Total: 7897895 ns
[2020-09-12T12:30:52.042+0000][1][safepoint    ] Safepoint "RevokeBias", Time since last: 32524448 ns, Reaching safepoint: 507266 ns, At safepoint: 31275 ns, Total: 538541 ns
[2020-09-12T12:30:52.129+0000][1][safepoint    ] Safepoint "RevokeBias", Time since last: 81476501 ns, Reaching safepoint: 5440723 ns, At safepoint: 37609 ns, Total: 5478332 ns
[2020-09-12T12:30:52.147+0000][1][safepoint    ] Safepoint "RevokeBias", Time since last: 17599804 ns, Reaching safepoint: 408442 ns, At safepoint: 29881 ns, Total: 438323 ns
[2020-09-12T12:30:52.159+0000][1][safepoint    ] Safepoint "RevokeBias", Time since last: 1148866 ns, Reaching safepoint: 11011501 ns, At safepoint: 57946 ns, Total: 11069447 ns
[2020-09-12T12:30:52.160+0000][1][safepoint    ] Safepoint "RevokeBias", Time since last: 264902 ns, Reaching safepoint: 136347 ns, At safepoint: 25814 ns, Total: 162161 ns
[2020-09-12T12:30:52.160+0000][1][safepoint    ] Safepoint "RevokeBias", Time since last: 74094 ns, Reaching safepoint: 121458 ns, At safepoint: 26959 ns, Total: 148417 ns
[2020-09-12T12:30:52.160+0000][1][safepoint    ] Safepoint "RevokeBias", Time since last: 75530 ns, Reaching safepoint: 251567 ns, At safepoint: 25323 ns, Total: 276890 ns
[2020-09-12T12:30:53.009+0000][1][safepoint    ] Safepoint "RevokeBias", Time since last: 846704896 ns, Reaching safepoint: 2124667 ns, At safepoint: 50730 ns, Total: 2175397 ns
[2020-09-12T12:30:53.070+0000][1][safepoint    ] Safepoint "RevokeBias", Time since last: 56098873 ns, Reaching safepoint: 4872149 ns, At safepoint: 81228 ns, Total: 4953377 ns
[2020-09-12T12:30:53.088+0000][1][safepoint    ] Safepoint "RevokeBias", Time since last: 15550239 ns, Reaching safepoint: 2640423 ns, At safepoint: 35417 ns, Total: 2675840 ns
[2020-09-12T12:30:53.093+0000][1][safepoint    ] Safepoint "RevokeBias", Time since last: 3644263 ns, Reaching safepoint: 875029 ns, At safepoint: 29521 ns, Total: 904550 ns
[2020-09-12T12:30:53.101+0000][1][safepoint    ] Safepoint "RevokeBias", Time since last: 7767799 ns, Reaching safepoint: 801964 ns, At safepoint: 31408 ns, Total: 833372 ns
[2020-09-12T12:30:53.413+0000][1][safepoint    ] Safepoint "RevokeBias", Time since last: 310801070 ns, Reaching safepoint: 575456 ns, At safepoint: 38176 ns, Total: 613632 ns
[2020-09-12T12:30:53.429+0000][1][gc,start     ] GC(51) Pause Young (Allocation Failure)
[2020-09-12T12:30:53.429+0000][1][gc,task      ] GC(51) Using 2 workers of 2 for evacuation
[2020-09-12T12:30:53.480+0000][1][gc,age       ] GC(51) Desired survivor size 8716288 bytes, new threshold 3 (max threshold 6)
[2020-09-12T12:30:53.480+0000][1][gc,age       ] GC(51) Age table with threshold 3 (max threshold 6)
[2020-09-12T12:30:53.480+0000][1][gc,age       ] GC(51) - age   1:    2840264 bytes,    2840264 total
[2020-09-12T12:30:53.480+0000][1][gc,age       ] GC(51) - age   2:    2075584 bytes,    4915848 total
[2020-09-12T12:30:53.480+0000][1][gc,age       ] GC(51) - age   3:    4397168 bytes,    9313016 total
[2020-09-12T12:30:53.480+0000][1][gc,heap      ] GC(51) ParNew: 149949K->9321K(153344K)
[2020-09-12T12:30:53.484+0000][1][gc,heap      ] GC(51) CMS: 95096K->97472K(353920K)
[2020-09-12T12:30:53.484+0000][1][gc,metaspace ] GC(51) Metaspace: 92333K->92333K(1134592K)
[2020-09-12T12:30:53.484+0000][1][gc           ] GC(51) Pause Young (Allocation Failure) 239M->104M(495M) 54.669ms
[2020-09-12T12:30:53.484+0000][1][gc,cpu       ] GC(51) User=0.03s Sys=0.00s Real=0.05s
[2020-09-12T12:30:53.484+0000][1][safepoint    ] Safepoint "GenCollectForAllocation", Time since last: 15799865 ns, Reaching safepoint: 446188 ns, At safepoint: 54739053 ns, Total: 55185241 ns
[2020-09-12T12:30:53.504+0000][1][safepoint    ] Safepoint "RevokeBias", Time since last: 19477359 ns, Reaching safepoint: 270567 ns, At safepoint: 26945 ns, Total: 297512 ns
[2020-09-12T12:30:53.505+0000][1][safepoint    ] Safepoint "RevokeBias", Time since last: 1319755 ns, Reaching safepoint: 150319 ns, At safepoint: 23913 ns, Total: 174232 ns
[2020-09-12T12:30:53.506+0000][1][safepoint    ] Safepoint "RevokeBias", Time since last: 1108453 ns, Reaching safepoint: 149332 ns, At safepoint: 18633 ns, Total: 167965 ns
[2020-09-12T12:30:53.520+0000][1][safepoint    ] Safepoint "RevokeBias", Time since last: 5402848 ns, Reaching safepoint: 8075430 ns, At safepoint: 39595 ns, Total: 8115025 ns
[2020-09-12T12:30:53.576+0000][1][safepoint    ] Safepoint "RevokeBias", Time since last: 48813596 ns, Reaching safepoint: 6820357 ns, At safepoint: 39500 ns, Total: 6859857 ns
[2020-09-12T12:30:53.583+0000][1][safepoint    ] Safepoint "RevokeBias", Time since last: 2644639 ns, Reaching safepoint: 4739621 ns, At safepoint: 35946 ns, Total: 4775567 ns
[2020-09-12T12:30:53.589+0000][1][safepoint    ] Safepoint "RevokeBias", Time since last: 5448335 ns, Reaching safepoint: 101025 ns, At safepoint: 26721 ns, Total: 127746 ns
[2020-09-12T12:30:53.593+0000][1][safepoint    ] Safepoint "RevokeBias", Time since last: 3578365 ns, Reaching safepoint: 789603 ns, At safepoint: 29728 ns, Total: 819331 ns
[2020-09-12T12:30:53.601+0000][1][safepoint    ] Safepoint "RevokeBias", Time since last: 3516689 ns, Reaching safepoint: 4346952 ns, At safepoint: 40977 ns, Total: 4387929 ns
[2020-09-12T12:30:54.017+0000][1][safepoint    ] Safepoint "RevokeBias", Time since last: 413102770 ns, Reaching safepoint: 2750066 ns, At safepoint: 38352 ns, Total: 2788418 ns
[2020-09-12T12:30:54.028+0000][1][safepoint    ] Safepoint "RevokeBias", Time since last: 11145905 ns, Reaching safepoint: 113421 ns, At safepoint: 27754 ns, Total: 141175 ns
[2020-09-12T12:30:54.035+0000][1][safepoint    ] Safepoint "RevokeBias", Time since last: 2632691 ns, Reaching safepoint: 4425529 ns, At safepoint: 42396 ns, Total: 4467925 ns
[2020-09-12T12:30:54.038+0000][1][safepoint    ] Safepoint "RevokeBias", Time since last: 168278 ns, Reaching safepoint: 3008074 ns, At safepoint: 54019 ns, Total: 3062093 ns
[2020-09-12T12:30:54.041+0000][1][safepoint    ] Safepoint "RevokeBias", Time since last: 269265 ns, Reaching safepoint: 2233907 ns, At safepoint: 55935 ns, Total: 2289842 ns
[2020-09-12T12:30:54.041+0000][1][safepoint    ] Safepoint "RevokeBias", Time since last: 92803 ns, Reaching safepoint: 296917 ns, At safepoint: 30755 ns, Total: 327672 ns
[2020-09-12T12:30:54.042+0000][1][safepoint    ] Safepoint "RevokeBias", Time since last: 38563 ns, Reaching safepoint: 1046859 ns, At safepoint: 44539 ns, Total: 1091398 ns
[2020-09-12T12:30:54.095+0000][1][safepoint    ] Safepoint "RevokeBias", Time since last: 45581813 ns, Reaching safepoint: 7192712 ns, At safepoint: 42742 ns, Total: 7235454 ns
[2020-09-12T12:30:54.128+0000][1][safepoint    ] Safepoint "RevokeBias", Time since last: 31049490 ns, Reaching safepoint: 1847831 ns, At safepoint: 35500 ns, Total: 1883331 ns
[2020-09-12T12:30:54.148+0000][1][safepoint    ] Safepoint "RevokeBias", Time since last: 13983231 ns, Reaching safepoint: 6208221 ns, At safepoint: 35525 ns, Total: 6243746 ns
[2020-09-12T12:30:54.769+0000][1][safepoint    ] Safepoint "RevokeBias", Time since last: 613883267 ns, Reaching safepoint: 6498341 ns, At safepoint: 44906 ns, Total: 6543247 ns
[2020-09-12T12:30:55.385+0000][1][safepoint    ] Safepoint "RevokeBias", Time since last: 611854136 ns, Reaching safepoint: 4207821 ns, At safepoint: 45014 ns, Total: 4252835 ns
[2020-09-12T12:30:55.389+0000][1][safepoint    ] Safepoint "RevokeBias", Time since last: 725266 ns, Reaching safepoint: 3124381 ns, At safepoint: 44157 ns, Total: 3168538 ns
[2020-09-12T12:30:55.405+0000][1][safepoint    ] Safepoint "RevokeBias", Time since last: 9759411 ns, Reaching safepoint: 6229380 ns, At safepoint: 82436 ns, Total: 6311816 ns
[2020-09-12T12:30:55.416+0000][1][safepoint    ] Safepoint "RevokeBias", Time since last: 10728545 ns, Reaching safepoint: 197266 ns, At safepoint: 25549 ns, Total: 222815 ns
[2020-09-12T12:30:55.440+0000][1][safepoint    ] Safepoint "RevokeBias", Time since last: 7939258 ns, Reaching safepoint: 16119763 ns, At safepoint: 57280 ns, Total: 16177043 ns
[2020-09-12T12:30:55.443+0000][1][safepoint    ] Safepoint "RevokeBias", Time since last: 2624525 ns, Reaching safepoint: 634780 ns, At safepoint: 75989 ns, Total: 710769 ns
[2020-09-12T12:30:55.450+0000][1][safepoint    ] Safepoint "RevokeBias", Time since last: 6075344 ns, Reaching safepoint: 185732 ns, At safepoint: 34771 ns, Total: 220503 ns
[2020-09-12T12:30:55.521+0000][1][safepoint    ] Safepoint "RevokeBias", Time since last: 61486407 ns, Reaching safepoint: 9838534 ns, At safepoint: 41728 ns, Total: 9880262 ns
[2020-09-12T12:30:55.762+0000][1][safepoint    ] Safepoint "RevokeBias", Time since last: 222716222 ns, Reaching safepoint: 17711692 ns, At safepoint: 76716 ns, Total: 17788408 ns
[2020-09-12T12:30:55.771+0000][1][safepoint    ] Safepoint "RevokeBias", Time since last: 8982684 ns, Reaching safepoint: 203302 ns, At safepoint: 53231 ns, Total: 256533 ns
[2020-09-12T12:30:55.791+0000][1][safepoint    ] Safepoint "RevokeBias", Time since last: 13453593 ns, Reaching safepoint: 7081629 ns, At safepoint: 155812 ns, Total: 7237441 ns
[2020-09-12T12:30:55.796+0000][1][safepoint    ] Safepoint "RevokeBias", Time since last: 2964783 ns, Reaching safepoint: 1034989 ns, At safepoint: 64339 ns, Total: 1099328 ns
[2020-09-12T12:30:55.808+0000][1][safepoint    ] Safepoint "RevokeBias", Time since last: 12138312 ns, Reaching safepoint: 491253 ns, At safepoint: 60374 ns, Total: 551627 ns
[2020-09-12T12:30:55.837+0000][1][safepoint    ] Safepoint "RevokeBias", Time since last: 23347232 ns, Reaching safepoint: 5277228 ns, At safepoint: 99749 ns, Total: 5376977 ns
[2020-09-12T12:30:55.951+0000][1][safepoint    ] Safepoint "RevokeBias", Time since last: 112943228 ns, Reaching safepoint: 1012596 ns, At safepoint: 205138 ns, Total: 1217734 ns
[2020-09-12T12:30:56.010+0000][1][safepoint    ] Safepoint "BulkRevokeBias", Time since last: 57628909 ns, Reaching safepoint: 1087579 ns, At safepoint: 568580 ns, Total: 1656159 ns
[2020-09-12T12:30:56.174+0000][1][safepoint    ] Safepoint "RevokeBias", Time since last: 148522170 ns, Reaching safepoint: 14619425 ns, At safepoint: 100055 ns, Total: 14719480 ns
[2020-09-12T12:30:56.316+0000][1][safepoint    ] Safepoint "RevokeBias", Time since last: 137947364 ns, Reaching safepoint: 4467567 ns, At safepoint: 34677 ns, Total: 4502244 ns
[2020-09-12T12:30:56.352+0000][1][safepoint    ] Safepoint "RevokeBias", Time since last: 30680727 ns, Reaching safepoint: 5676628 ns, At safepoint: 37459 ns, Total: 5714087 ns
[2020-09-12T12:30:56.361+0000][1][safepoint    ] Safepoint "RevokeBias", Time since last: 273469 ns, Reaching safepoint: 8048582 ns, At safepoint: 46232 ns, Total: 8094814 ns
[2020-09-12T12:30:56.362+0000][1][safepoint    ] Safepoint "RevokeBias", Time since last: 93324 ns, Reaching safepoint: 925085 ns, At safepoint: 21131 ns, Total: 946216 ns
[2020-09-12T12:30:56.371+0000][1][safepoint    ] Safepoint "RevokeBias", Time since last: 102890 ns, Reaching safepoint: 9049926 ns, At safepoint: 39310 ns, Total: 9089236 ns
[2020-09-12T12:30:56.379+0000][1][safepoint    ] Safepoint "BulkRevokeBias", Time since last: 711155 ns, Reaching safepoint: 6219559 ns, At safepoint: 583020 ns, Total: 6802579 ns
[2020-09-12T12:30:56.413+0000][1][safepoint    ] Safepoint "RevokeBias", Time since last: 30201220 ns, Reaching safepoint: 4088155 ns, At safepoint: 43507 ns, Total: 4131662 ns
[2020-09-12T12:30:56.414+0000][1][safepoint    ] Safepoint "RevokeBias", Time since last: 132491 ns, Reaching safepoint: 914850 ns, At safepoint: 26962 ns, Total: 941812 ns
[2020-09-12T12:30:56.584+0000][1][safepoint    ] Safepoint "RevokeBias", Time since last: 162495084 ns, Reaching safepoint: 7236614 ns, At safepoint: 68928 ns, Total: 7305542 ns
[2020-09-12T12:30:56.585+0000][1][safepoint    ] Safepoint "BulkRevokeBias", Time since last: 85489 ns, Reaching safepoint: 137990 ns, At safepoint: 973767 ns, Total: 1111757 ns
[2020-09-12T12:30:56.590+0000][1][safepoint    ] Safepoint "RevokeBias", Time since last: 235020 ns, Reaching safepoint: 5137546 ns, At safepoint: 35247 ns, Total: 5172793 ns
[2020-09-12T12:30:56.592+0000][1][safepoint    ] Safepoint "BulkRevokeBias", Time since last: 129241 ns, Reaching safepoint: 1240017 ns, At safepoint: 529222 ns, Total: 1769239 ns
[2020-09-12T12:30:56.723+0000][1][safepoint    ] Safepoint "RevokeBias", Time since last: 102857897 ns, Reaching safepoint: 28059821 ns, At safepoint: 38618 ns, Total: 28098439 ns
[2020-09-12T12:30:56.729+0000][1][gc,start     ] GC(52) Pause Young (Allocation Failure)
[2020-09-12T12:30:56.729+0000][1][gc,task      ] GC(52) Using 2 workers of 2 for evacuation
[2020-09-12T12:30:56.783+0000][1][gc,age       ] GC(52) Desired survivor size 8716288 bytes, new threshold 6 (max threshold 6)
[2020-09-12T12:30:56.783+0000][1][gc,age       ] GC(52) Age table with threshold 6 (max threshold 6)
[2020-09-12T12:30:56.783+0000][1][gc,age       ] GC(52) - age   1:    1046016 bytes,    1046016 total
[2020-09-12T12:30:56.783+0000][1][gc,age       ] GC(52) - age   2:     718328 bytes,    1764344 total
[2020-09-12T12:30:56.783+0000][1][gc,age       ] GC(52) - age   3:    2068888 bytes,    3833232 total
[2020-09-12T12:30:56.783+0000][1][gc,heap      ] GC(52) ParNew: 145641K->9151K(153344K)
[2020-09-12T12:30:56.783+0000][1][gc,heap      ] GC(52) CMS: 97472K->101781K(353920K)
[2020-09-12T12:30:56.783+0000][1][gc,metaspace ] GC(52) Metaspace: 92655K->92655K(1134592K)
[2020-09-12T12:30:56.783+0000][1][gc           ] GC(52) Pause Young (Allocation Failure) 237M->108M(495M) 54.566ms
[2020-09-12T12:30:56.783+0000][1][gc,cpu       ] GC(52) User=0.01s Sys=0.00s Real=0.05s
[2020-09-12T12:30:56.783+0000][1][safepoint    ] Safepoint "GenCollectForAllocation", Time since last: 421089 ns, Reaching safepoint: 5143034 ns, At safepoint: 54641903 ns, Total: 59784937 ns
[2020-09-12T12:30:56.887+0000][1][safepoint    ] Safepoint "RevokeBias", Time since last: 101363046 ns, Reaching safepoint: 1856728 ns, At safepoint: 35565 ns, Total: 1892293 ns
[2020-09-12T12:30:56.958+0000][1][safepoint    ] Safepoint "RevokeBias", Time since last: 57496831 ns, Reaching safepoint: 13332275 ns, At safepoint: 40771 ns, Total: 13373046 ns
[2020-09-12T12:30:57.036+0000][1][safepoint    ] Safepoint "RevokeBias", Time since last: 75216299 ns, Reaching safepoint: 2905780 ns, At safepoint: 44249 ns, Total: 2950029 ns
[2020-09-12T12:30:57.113+0000][1][safepoint    ] Safepoint "RevokeBias", Time since last: 73869275 ns, Reaching safepoint: 3497140 ns, At safepoint: 338187 ns, Total: 3835327 ns
[2020-09-12T12:30:57.117+0000][1][safepoint    ] Safepoint "RevokeBias", Time since last: 183071 ns, Reaching safepoint: 3329499 ns, At safepoint: 204157 ns, Total: 3533656 ns
[2020-09-12T12:30:57.120+0000][1][safepoint    ] Safepoint "RevokeBias", Time since last: 2731571 ns, Reaching safepoint: 224253 ns, At safepoint: 196318 ns, Total: 420571 ns
[2020-09-12T12:30:57.121+0000][1][safepoint    ] Safepoint "RevokeBias", Time since last: 70819 ns, Reaching safepoint: 397886 ns, At safepoint: 190174 ns, Total: 588060 ns
[2020-09-12T12:30:57.185+0000][1][safepoint    ] Safepoint "RevokeBias", Time since last: 59692735 ns, Reaching safepoint: 4185877 ns, At safepoint: 155473 ns, Total: 4341350 ns
[2020-09-12T12:30:57.187+0000][1][safepoint    ] Safepoint "RevokeBias", Time since last: 1367249 ns, Reaching safepoint: 270826 ns, At safepoint: 151373 ns, Total: 422199 ns
[2020-09-12T12:30:57.190+0000][1][safepoint    ] Safepoint "RevokeBias", Time since last: 431390 ns, Reaching safepoint: 2518748 ns, At safepoint: 264028 ns, Total: 2782776 ns
[2020-09-12T12:30:57.251+0000][1][safepoint    ] Safepoint "RevokeBias", Time since last: 60231297 ns, Reaching safepoint: 319758 ns, At safepoint: 338033 ns, Total: 657791 ns
[2020-09-12T12:30:57.252+0000][1][safepoint    ] Safepoint "RevokeBias", Time since last: 495645 ns, Reaching safepoint: 789707 ns, At safepoint: 159506 ns, Total: 949213 ns
[2020-09-12T12:30:57.255+0000][1][safepoint    ] Safepoint "RevokeBias", Time since last: 176646 ns, Reaching safepoint: 2692762 ns, At safepoint: 210891 ns, Total: 2903653 ns
[2020-09-12T12:30:57.256+0000][1][safepoint    ] Safepoint "RevokeBias", Time since last: 138373 ns, Reaching safepoint: 445982 ns, At safepoint: 193348 ns, Total: 639330 ns
[2020-09-12T12:30:57.266+0000][1][safepoint    ] Safepoint "RevokeBias", Time since last: 8057129 ns, Reaching safepoint: 1848094 ns, At safepoint: 220128 ns, Total: 2068222 ns
[2020-09-12T12:30:57.269+0000][1][safepoint    ] Safepoint "RevokeBias", Time since last: 195314 ns, Reaching safepoint: 2373951 ns, At safepoint: 227129 ns, Total: 2601080 ns
[2020-09-12T12:30:57.297+0000][1][safepoint    ] Safepoint "RevokeBias", Time since last: 11649013 ns, Reaching safepoint: 16224405 ns, At safepoint: 228776 ns, Total: 16453181 ns
[2020-09-12T12:30:57.437+0000][1][safepoint    ] Safepoint "RevokeBias", Time since last: 136980827 ns, Reaching safepoint: 2583272 ns, At safepoint: 44972 ns, Total: 2628244 ns
[2020-09-12T12:30:57.440+0000][1][safepoint    ] Safepoint "RevokeBias", Time since last: 783645 ns, Reaching safepoint: 2370172 ns, At safepoint: 38625 ns, Total: 2408797 ns
[2020-09-12T12:30:57.447+0000][1][safepoint    ] Safepoint "RevokeBias", Time since last: 6360228 ns, Reaching safepoint: 379271 ns, At safepoint: 53212 ns, Total: 432483 ns
[2020-09-12T12:30:57.448+0000][1][safepoint    ] Safepoint "RevokeBias", Time since last: 95944 ns, Reaching safepoint: 938798 ns, At safepoint: 54146 ns, Total: 992944 ns
[2020-09-12T12:30:57.450+0000][1][safepoint    ] Safepoint "RevokeBias", Time since last: 336806 ns, Reaching safepoint: 2053238 ns, At safepoint: 55744 ns, Total: 2108982 ns
[2020-09-12T12:30:57.465+0000][1][safepoint    ] Safepoint "RevokeBias", Time since last: 10598315 ns, Reaching safepoint: 4354215 ns, At safepoint: 39755 ns, Total: 4393970 ns
[2020-09-12T12:30:57.487+0000][1][safepoint    ] Safepoint "RevokeBias", Time since last: 19694662 ns, Reaching safepoint: 1912920 ns, At safepoint: 36055 ns, Total: 1948975 ns
[2020-09-12T12:30:57.513+0000][1][safepoint    ] Safepoint "RevokeBias", Time since last: 21818048 ns, Reaching safepoint: 4398440 ns, At safepoint: 36768 ns, Total: 4435208 ns
[2020-09-12T12:30:57.517+0000][1][safepoint    ] Safepoint "RevokeBias", Time since last: 1231929 ns, Reaching safepoint: 2053300 ns, At safepoint: 36528 ns, Total: 2089828 ns
[2020-09-12T12:30:57.545+0000][1][safepoint    ] Safepoint "RevokeBias", Time since last: 25591768 ns, Reaching safepoint: 2880991 ns, At safepoint: 39739 ns, Total: 2920730 ns
[2020-09-12T12:30:57.548+0000][1][safepoint    ] Safepoint "RevokeBias", Time since last: 219376 ns, Reaching safepoint: 3020244 ns, At safepoint: 52978 ns, Total: 3073222 ns
[2020-09-12T12:30:57.549+0000][1][safepoint    ] Safepoint "RevokeBias", Time since last: 137078 ns, Reaching safepoint: 441626 ns, At safepoint: 26440 ns, Total: 468066 ns
[2020-09-12T12:30:57.705+0000][1][safepoint    ] Safepoint "RevokeBias", Time since last: 152938517 ns, Reaching safepoint: 2877209 ns, At safepoint: 38812 ns, Total: 2916021 ns
[2020-09-12T12:30:57.721+0000][1][safepoint    ] Safepoint "RevokeBias", Time since last: 5031118 ns, Reaching safepoint: 10878505 ns, At safepoint: 33759 ns, Total: 10912264 ns
[2020-09-12T12:30:57.742+0000][1][safepoint    ] Safepoint "RevokeBias", Time since last: 5293004 ns, Reaching safepoint: 15925828 ns, At safepoint: 39231 ns, Total: 15965059 ns
[2020-09-12T12:30:57.753+0000][1][safepoint    ] Safepoint "RevokeBias", Time since last: 2664163 ns, Reaching safepoint: 8067440 ns, At safepoint: 38975 ns, Total: 8106415 ns
[2020-09-12T12:30:57.756+0000][1][safepoint    ] Safepoint "RevokeBias", Time since last: 135846 ns, Reaching safepoint: 3235794 ns, At safepoint: 27288 ns, Total: 3263082 ns
[2020-09-12T12:30:57.789+0000][1][gc,start     ] GC(53) Pause Young (Allocation Failure)
[2020-09-12T12:30:57.789+0000][1][gc,task      ] GC(53) Using 2 workers of 2 for evacuation
[2020-09-12T12:30:57.819+0000][1][gc,age       ] GC(53) Desired survivor size 8716288 bytes, new threshold 6 (max threshold 6)
[2020-09-12T12:30:57.819+0000][1][gc,age       ] GC(53) Age table with threshold 6 (max threshold 6)
[2020-09-12T12:30:57.819+0000][1][gc,age       ] GC(53) - age   1:     820192 bytes,     820192 total
[2020-09-12T12:30:57.819+0000][1][gc,age       ] GC(53) - age   2:     246128 bytes,    1066320 total
[2020-09-12T12:30:57.819+0000][1][gc,age       ] GC(53) - age   3:     718328 bytes,    1784648 total
[2020-09-12T12:30:57.819+0000][1][gc,age       ] GC(53) - age   4:    2068888 bytes,    3853536 total
[2020-09-12T12:30:57.819+0000][1][gc,heap      ] GC(53) ParNew: 145471K->5537K(153344K)
[2020-09-12T12:30:57.819+0000][1][gc,heap      ] GC(53) CMS: 101781K->101781K(353920K)
[2020-09-12T12:30:57.819+0000][1][gc,metaspace ] GC(53) Metaspace: 92742K->92742K(1134592K)
[2020-09-12T12:30:57.819+0000][1][gc           ] GC(53) Pause Young (Allocation Failure) 241M->104M(495M) 30.327ms
[2020-09-12T12:30:57.819+0000][1][gc,cpu       ] GC(53) User=0.01s Sys=0.00s Real=0.02s
[2020-09-12T12:30:57.819+0000][1][safepoint    ] Safepoint "GenCollectForAllocation", Time since last: 32365832 ns, Reaching safepoint: 188190 ns, At safepoint: 30745884 ns, Total: 30934074 ns
[2020-09-12T12:30:57.868+0000][1][safepoint    ] Safepoint "RevokeBias", Time since last: 46951308 ns, Reaching safepoint: 1388992 ns, At safepoint: 41841 ns, Total: 1430833 ns
[2020-09-12T12:30:57.910+0000][1][safepoint    ] Safepoint "RevokeBias", Time since last: 32762981 ns, Reaching safepoint: 9482656 ns, At safepoint: 37958 ns, Total: 9520614 ns
[2020-09-12T12:30:57.916+0000][1][safepoint    ] Safepoint "RevokeBias", Time since last: 6039310 ns, Reaching safepoint: 172323 ns, At safepoint: 24840 ns, Total: 197163 ns
[2020-09-12T12:30:58.042+0000][1][safepoint    ] Safepoint "RevokeBias", Time since last: 120751173 ns, Reaching safepoint: 4751065 ns, At safepoint: 192535 ns, Total: 4943600 ns
[2020-09-12T12:30:58.078+0000][1][safepoint    ] Safepoint "RevokeBias", Time since last: 31017019 ns, Reaching safepoint: 4798611 ns, At safepoint: 157189 ns, Total: 4955800 ns
[2020-09-12T12:30:58.081+0000][1][safepoint    ] Safepoint "RevokeBias", Time since last: 1079216 ns, Reaching safepoint: 1653999 ns, At safepoint: 207086 ns, Total: 1861085 ns
[2020-09-12T12:30:58.089+0000][1][safepoint    ] Safepoint "RevokeBias", Time since last: 451366 ns, Reaching safepoint: 7391468 ns, At safepoint: 208187 ns, Total: 7599655 ns
[2020-09-12T12:30:58.091+0000][1][safepoint    ] Safepoint "RevokeBias", Time since last: 661733 ns, Reaching safepoint: 642879 ns, At safepoint: 190352 ns, Total: 833231 ns
[2020-09-12T12:30:58.178+0000][1][safepoint    ] Safepoint "RevokeBias", Time since last: 86630307 ns, Reaching safepoint: 488965 ns, At safepoint: 27330 ns, Total: 516295 ns
[2020-09-12T12:30:58.188+0000][1][safepoint    ] Safepoint "RevokeBias", Time since last: 7030440 ns, Reaching safepoint: 3377146 ns, At safepoint: 214640 ns, Total: 3591786 ns
[2020-09-12T12:30:58.232+0000][1][safepoint    ] Safepoint "RevokeBias", Time since last: 40370333 ns, Reaching safepoint: 3335044 ns, At safepoint: 162551 ns, Total: 3497595 ns
[2020-09-12T12:30:58.253+0000][1][safepoint    ] Safepoint "RevokeBias", Time since last: 16533654 ns, Reaching safepoint: 4322502 ns, At safepoint: 280237 ns, Total: 4602739 ns
[2020-09-12T12:30:58.274+0000][1][safepoint    ] Safepoint "RevokeBias", Time since last: 17897396 ns, Reaching safepoint: 3179348 ns, At safepoint: 42450 ns, Total: 3221798 ns
[2020-09-12T12:30:58.275+0000][1][safepoint    ] Safepoint "RevokeBias", Time since last: 81358 ns, Reaching safepoint: 201148 ns, At safepoint: 26053 ns, Total: 227201 ns
[2020-09-12T12:30:58.275+0000][1][safepoint    ] Safepoint "RevokeBias", Time since last: 45326 ns, Reaching safepoint: 156237 ns, At safepoint: 21555 ns, Total: 177792 ns
[2020-09-12T12:30:58.279+0000][1][safepoint    ] Safepoint "RevokeBias", Time since last: 37398 ns, Reaching safepoint: 3881804 ns, At safepoint: 41604 ns, Total: 3923408 ns
[2020-09-12T12:30:58.287+0000][1][safepoint    ] Safepoint "RevokeBias", Time since last: 76120 ns, Reaching safepoint: 7901677 ns, At safepoint: 65587 ns, Total: 7967264 ns
[2020-09-12T12:30:58.288+0000][1][safepoint    ] Safepoint "RevokeBias", Time since last: 82662 ns, Reaching safepoint: 1318261 ns, At safepoint: 36605 ns, Total: 1354866 ns
[2020-09-12T12:30:58.290+0000][1][safepoint    ] Safepoint "RevokeBias", Time since last: 1189779 ns, Reaching safepoint: 625345 ns, At safepoint: 37770 ns, Total: 663115 ns
[2020-09-12T12:30:58.292+0000][1][safepoint    ] Safepoint "RevokeBias", Time since last: 178860 ns, Reaching safepoint: 1195248 ns, At safepoint: 540905 ns, Total: 1736153 ns
[2020-09-12T12:30:58.754+0000][1][safepoint    ] Safepoint "RevokeBias", Time since last: 460514916 ns, Reaching safepoint: 1115027 ns, At safepoint: 47762 ns, Total: 1162789 ns
[2020-09-12T12:30:58.755+0000][1][safepoint    ] Safepoint "RevokeBias", Time since last: 99372 ns, Reaching safepoint: 836146 ns, At safepoint: 29497 ns, Total: 865643 ns
[2020-09-12T12:30:59.310+0000][1][safepoint    ] Safepoint "RevokeBias", Time since last: 554639101 ns, Reaching safepoint: 128463 ns, At safepoint: 24081 ns, Total: 152544 ns
[2020-09-12T12:30:59.361+0000][1][safepoint    ] Safepoint "RevokeBias", Time since last: 45349832 ns, Reaching safepoint: 5721424 ns, At safepoint: 42768 ns, Total: 5764192 ns
[2020-09-12T12:30:59.374+0000][1][safepoint    ] Safepoint "RevokeBias", Time since last: 12092947 ns, Reaching safepoint: 946562 ns, At safepoint: 33345 ns, Total: 979907 ns
[2020-09-12T12:30:59.380+0000][1][safepoint    ] Safepoint "RevokeBias", Time since last: 6086941 ns, Reaching safepoint: 342425 ns, At safepoint: 29398 ns, Total: 371823 ns
[2020-09-12T12:30:59.761+0000][1][safepoint    ] Safepoint "RevokeBias", Time since last: 380083384 ns, Reaching safepoint: 798536 ns, At safepoint: 152703 ns, Total: 951239 ns
[2020-09-12T12:30:59.773+0000][1][safepoint    ] Safepoint "RevokeBias", Time since last: 10999565 ns, Reaching safepoint: 245764 ns, At safepoint: 24599 ns, Total: 270363 ns
[2020-09-12T12:31:00.018+0000][1][safepoint    ] Safepoint "RevokeBias", Time since last: 245488089 ns, Reaching safepoint: 100616 ns, At safepoint: 25498 ns, Total: 126114 ns
[2020-09-12T12:31:00.044+0000][1][safepoint    ] Safepoint "RevokeBias", Time since last: 25993622 ns, Reaching safepoint: 91346 ns, At safepoint: 22301 ns, Total: 113647 ns
[2020-09-12T12:31:00.044+0000][1][safepoint    ] Safepoint "RevokeBias", Time since last: 120719 ns, Reaching safepoint: 41413 ns, At safepoint: 12682 ns, Total: 54095 ns
[2020-09-12T12:31:00.045+0000][1][safepoint    ] Safepoint "RevokeBias", Time since last: 70893 ns, Reaching safepoint: 38728 ns, At safepoint: 12295 ns, Total: 51023 ns
[2020-09-12T12:31:00.046+0000][1][safepoint    ] Safepoint "RevokeBias", Time since last: 835788 ns, Reaching safepoint: 460710 ns, At safepoint: 24315 ns, Total: 485025 ns
[2020-09-12T12:31:00.296+0000][1][safepoint    ] Safepoint "RevokeBias", Time since last: 249431335 ns, Reaching safepoint: 348626 ns, At safepoint: 27259 ns, Total: 375885 ns
[2020-09-12T12:31:00.296+0000][1][safepoint    ] Safepoint "RevokeBias", Time since last: 93408 ns, Reaching safepoint: 536613 ns, At safepoint: 16663 ns, Total: 553276 ns
[2020-09-12T12:31:00.627+0000][1][safepoint    ] Safepoint "RevokeBias", Time since last: 330784461 ns, Reaching safepoint: 93559 ns, At safepoint: 25125 ns, Total: 118684 ns
[2020-09-12T12:31:00.648+0000][1][safepoint    ] Safepoint "RevokeBias", Time since last: 20338996 ns, Reaching safepoint: 92605 ns, At safepoint: 23883 ns, Total: 116488 ns
[2020-09-12T12:31:00.648+0000][1][safepoint    ] Safepoint "RevokeBias", Time since last: 189398 ns, Reaching safepoint: 52112 ns, At safepoint: 16151 ns, Total: 68263 ns
[2020-09-12T12:31:00.650+0000][1][safepoint    ] Safepoint "RevokeBias", Time since last: 1993311 ns, Reaching safepoint: 79005 ns, At safepoint: 22027 ns, Total: 101032 ns
[2020-09-12T12:31:00.772+0000][1][safepoint    ] Safepoint "RevokeBias", Time since last: 121732855 ns, Reaching safepoint: 229323 ns, At safepoint: 30130 ns, Total: 259453 ns
[2020-09-12T12:31:00.912+0000][1][safepoint    ] Safepoint "RevokeBias", Time since last: 133878527 ns, Reaching safepoint: 5533346 ns, At safepoint: 170677 ns, Total: 5704023 ns
[2020-09-12T12:31:01.053+0000][1][safepoint    ] Safepoint "RevokeBias", Time since last: 139435963 ns, Reaching safepoint: 1966399 ns, At safepoint: 204100 ns, Total: 2170499 ns
[2020-09-12T12:31:01.063+0000][1][safepoint    ] Safepoint "RevokeBias", Time since last: 3446007 ns, Reaching safepoint: 5803613 ns, At safepoint: 163935 ns, Total: 5967548 ns
[2020-09-12T12:31:01.269+0000][1][gc,start     ] GC(54) Pause Young (Allocation Failure)
[2020-09-12T12:31:01.269+0000][1][gc,task      ] GC(54) Using 2 workers of 2 for evacuation
[2020-09-12T12:31:01.346+0000][1][gc,age       ] GC(54) Desired survivor size 8716288 bytes, new threshold 6 (max threshold 6)
[2020-09-12T12:31:01.346+0000][1][gc,age       ] GC(54) Age table with threshold 6 (max threshold 6)
[2020-09-12T12:31:01.346+0000][1][gc,age       ] GC(54) - age   1:    3079320 bytes,    3079320 total
[2020-09-12T12:31:01.346+0000][1][gc,age       ] GC(54) - age   2:     411200 bytes,    3490520 total
[2020-09-12T12:31:01.346+0000][1][gc,age       ] GC(54) - age   3:     214464 bytes,    3704984 total
[2020-09-12T12:31:01.346+0000][1][gc,age       ] GC(54) - age   4:     257744 bytes,    3962728 total
[2020-09-12T12:31:01.346+0000][1][gc,age       ] GC(54) - age   5:    1716960 bytes,    5679688 total
[2020-09-12T12:31:01.346+0000][1][gc,heap      ] GC(54) ParNew: 141857K->7490K(153344K)
[2020-09-12T12:31:01.346+0000][1][gc,heap      ] GC(54) CMS: 101781K->101781K(353920K)
[2020-09-12T12:31:01.346+0000][1][gc,metaspace ] GC(54) Metaspace: 92897K->92897K(1134592K)
[2020-09-12T12:31:01.347+0000][1][gc           ] GC(54) Pause Young (Allocation Failure) 237M->106M(495M) 77.708ms
[2020-09-12T12:31:01.347+0000][1][gc,cpu       ] GC(54) User=0.04s Sys=0.00s Real=0.07s
[2020-09-12T12:31:01.347+0000][1][safepoint    ] Safepoint "GenCollectForAllocation", Time since last: 206033141 ns, Reaching safepoint: 112388 ns, At safepoint: 77778269 ns, Total: 77890657 ns
[2020-09-12T12:31:01.430+0000][1][safepoint    ] Safepoint "RevokeBias", Time since last: 83160607 ns, Reaching safepoint: 125822 ns, At safepoint: 26988 ns, Total: 152810 ns
[2020-09-12T12:31:01.789+0000][1][safepoint    ] Safepoint "RevokeBias", Time since last: 355435099 ns, Reaching safepoint: 3293741 ns, At safepoint: 262128 ns, Total: 3555869 ns
[2020-09-12T12:31:01.831+0000][1][safepoint    ] Safepoint "RevokeBias", Time since last: 41529750 ns, Reaching safepoint: 799798 ns, At safepoint: 258045 ns, Total: 1057843 ns
[2020-09-12T12:31:01.833+0000][1][safepoint    ] Safepoint "RevokeBias", Time since last: 861944 ns, Reaching safepoint: 382970 ns, At safepoint: 286259 ns, Total: 669229 ns
[2020-09-12T12:31:01.842+0000][1][safepoint    ] Safepoint "RevokeBias", Time since last: 1374160 ns, Reaching safepoint: 7511100 ns, At safepoint: 234584 ns, Total: 7745684 ns
[2020-09-12T12:31:01.856+0000][1][safepoint    ] Safepoint "RevokeBias", Time since last: 7332041 ns, Reaching safepoint: 6012826 ns, At safepoint: 166088 ns, Total: 6178914 ns
[2020-09-12T12:31:01.875+0000][1][safepoint    ] Safepoint "RevokeBias", Time since last: 18419400 ns, Reaching safepoint: 329505 ns, At safepoint: 326282 ns, Total: 655787 ns
[2020-09-12T12:31:01.885+0000][1][safepoint    ] Safepoint "RevokeBias", Time since last: 5969969 ns, Reaching safepoint: 4287919 ns, At safepoint: 205916 ns, Total: 4493835 ns
[2020-09-12T12:31:01.981+0000][1][safepoint    ] Safepoint "RevokeBias", Time since last: 94848572 ns, Reaching safepoint: 1242006 ns, At safepoint: 34411 ns, Total: 1276417 ns
[2020-09-12T12:31:01.997+0000][1][safepoint    ] Safepoint "RevokeBias", Time since last: 15765400 ns, Reaching safepoint: 124482 ns, At safepoint: 24664 ns, Total: 149146 ns
[2020-09-12T12:31:02.010+0000][1][safepoint    ] Safepoint "RevokeBias", Time since last: 12379438 ns, Reaching safepoint: 152009 ns, At safepoint: 25596 ns, Total: 177605 ns
[2020-09-12T12:31:02.010+0000][1][safepoint    ] Safepoint "RevokeBias", Time since last: 314019 ns, Reaching safepoint: 60421 ns, At safepoint: 15893 ns, Total: 76314 ns
[2020-09-12T12:31:02.017+0000][1][safepoint    ] Safepoint "RevokeBias", Time since last: 6505999 ns, Reaching safepoint: 124225 ns, At safepoint: 37218 ns, Total: 161443 ns
[2020-09-12T12:31:02.023+0000][1][safepoint    ] Safepoint "RevokeBias", Time since last: 6285106 ns, Reaching safepoint: 144665 ns, At safepoint: 39596 ns, Total: 184261 ns
[2020-09-12T12:31:02.024+0000][1][safepoint    ] Safepoint "RevokeBias", Time since last: 726364 ns, Reaching safepoint: 80840 ns, At safepoint: 18711 ns, Total: 99551 ns
[2020-09-12T12:31:02.033+0000][1][safepoint    ] Safepoint "RevokeBias", Time since last: 6067490 ns, Reaching safepoint: 2600250 ns, At safepoint: 44040 ns, Total: 2644290 ns
[2020-09-12T12:31:02.037+0000][1][safepoint    ] Safepoint "RevokeBias", Time since last: 1179386 ns, Reaching safepoint: 2256815 ns, At safepoint: 254450 ns, Total: 2511265 ns
[2020-09-12T12:31:02.037+0000][1][safepoint    ] Safepoint "BulkRevokeBias", Time since last: 271941 ns, Reaching safepoint: 154958 ns, At safepoint: 431961 ns, Total: 586919 ns
[2020-09-12T12:31:02.040+0000][1][safepoint    ] Safepoint "RevokeBias", Time since last: 1576663 ns, Reaching safepoint: 540147 ns, At safepoint: 55196 ns, Total: 595343 ns
[2020-09-12T12:31:02.146+0000][1][safepoint    ] Safepoint "RevokeBias", Time since last: 106055216 ns, Reaching safepoint: 328917 ns, At safepoint: 30255 ns, Total: 359172 ns
[2020-09-12T12:31:02.147+0000][1][safepoint    ] Safepoint "RevokeBias", Time since last: 528849 ns, Reaching safepoint: 375387 ns, At safepoint: 24739 ns, Total: 400126 ns
[2020-09-12T12:31:02.148+0000][1][safepoint    ] Safepoint "RevokeBias", Time since last: 998394 ns, Reaching safepoint: 325774 ns, At safepoint: 25193 ns, Total: 350967 ns
[2020-09-12T12:31:02.153+0000][1][safepoint    ] Safepoint "RevokeBias", Time since last: 4309412 ns, Reaching safepoint: 160526 ns, At safepoint: 42682 ns, Total: 203208 ns
[2020-09-12T12:31:02.161+0000][1][safepoint    ] Safepoint "RevokeBias", Time since last: 7910353 ns, Reaching safepoint: 208737 ns, At safepoint: 41704 ns, Total: 250441 ns
[2020-09-12T12:31:02.161+0000][1][safepoint    ] Safepoint "RevokeBias", Time since last: 376129 ns, Reaching safepoint: 148391 ns, At safepoint: 27101 ns, Total: 175492 ns
[2020-09-12T12:31:02.195+0000][1][safepoint    ] Safepoint "RevokeBias", Time since last: 33704766 ns, Reaching safepoint: 199788 ns, At safepoint: 34599 ns, Total: 234387 ns
[2020-09-12T12:31:02.205+0000][1][safepoint    ] Safepoint "RevokeBias", Time since last: 9574203 ns, Reaching safepoint: 413389 ns, At safepoint: 32093 ns, Total: 445482 ns
[2020-09-12T12:31:02.224+0000][1][safepoint    ] Safepoint "RevokeBias", Time since last: 8091624 ns, Reaching safepoint: 10592335 ns, At safepoint: 40142 ns, Total: 10632477 ns
[2020-09-12T12:31:03.043+0000][1][safepoint    ] Safepoint "RevokeBias", Time since last: 818174458 ns, Reaching safepoint: 210127 ns, At safepoint: 24648 ns, Total: 234775 ns
[2020-09-12T12:31:03.043+0000][1][safepoint    ] Safepoint "RevokeBias", Time since last: 281750 ns, Reaching safepoint: 147872 ns, At safepoint: 17707 ns, Total: 165579 ns
[2020-09-12T12:31:03.044+0000][1][safepoint    ] Safepoint "RevokeBias", Time since last: 869397 ns, Reaching safepoint: 199883 ns, At safepoint: 24834 ns, Total: 224717 ns
[2020-09-12T12:31:03.058+0000][1][safepoint    ] Safepoint "RevokeBias", Time since last: 4441051 ns, Reaching safepoint: 9382546 ns, At safepoint: 39883 ns, Total: 9422429 ns
[2020-09-12T12:31:03.076+0000][1][safepoint    ] Safepoint "BulkRevokeBias", Time since last: 13824063 ns, Reaching safepoint: 221289 ns, At safepoint: 3989454 ns, Total: 4210743 ns
[2020-09-12T12:31:03.078+0000][1][safepoint    ] Safepoint "RevokeBias", Time since last: 1883917 ns, Reaching safepoint: 240135 ns, At safepoint: 200303 ns, Total: 440438 ns
[2020-09-12T12:31:03.089+0000][1][safepoint    ] Safepoint "RevokeBias", Time since last: 10354368 ns, Reaching safepoint: 228842 ns, At safepoint: 231595 ns, Total: 460437 ns
[2020-09-12T12:31:03.101+0000][1][safepoint    ] Safepoint "RevokeBias", Time since last: 11721798 ns, Reaching safepoint: 240087 ns, At safepoint: 198307 ns, Total: 438394 ns
[2020-09-12T12:31:03.105+0000][1][safepoint    ] Safepoint "RevokeBias", Time since last: 905028 ns, Reaching safepoint: 191274 ns, At safepoint: 2466040 ns, Total: 2657314 ns
[2020-09-12T12:31:03.148+0000][1][safepoint    ] Safepoint "RevokeBias", Time since last: 28105795 ns, Reaching safepoint: 14011185 ns, At safepoint: 563603 ns, Total: 14574788 ns
[2020-09-12T12:31:03.176+0000][1][safepoint    ] Safepoint "BulkRevokeBias", Time since last: 27050855 ns, Reaching safepoint: 425315 ns, At safepoint: 681331 ns, Total: 1106646 ns
[2020-09-12T12:31:03.198+0000][1][gc,start     ] GC(55) Pause Young (Allocation Failure)
[2020-09-12T12:31:03.199+0000][1][gc,task      ] GC(55) Using 2 workers of 2 for evacuation
[2020-09-12T12:31:03.242+0000][1][gc,age       ] GC(55) Desired survivor size 8716288 bytes, new threshold 6 (max threshold 6)
[2020-09-12T12:31:03.242+0000][1][gc,age       ] GC(55) Age table with threshold 6 (max threshold 6)
[2020-09-12T12:31:03.242+0000][1][gc,age       ] GC(55) - age   1:    5270032 bytes,    5270032 total
[2020-09-12T12:31:03.242+0000][1][gc,age       ] GC(55) - age   2:     503056 bytes,    5773088 total
[2020-09-12T12:31:03.242+0000][1][gc,age       ] GC(55) - age   3:     408296 bytes,    6181384 total
[2020-09-12T12:31:03.242+0000][1][gc,age       ] GC(55) - age   4:     209528 bytes,    6390912 total
[2020-09-12T12:31:03.242+0000][1][gc,age       ] GC(55) - age   5:     255000 bytes,    6645912 total
[2020-09-12T12:31:03.242+0000][1][gc,age       ] GC(55) - age   6:    1711664 bytes,    8357576 total
[2020-09-12T12:31:03.242+0000][1][gc,heap      ] GC(55) ParNew: 143810K->10192K(153344K)
[2020-09-12T12:31:03.242+0000][1][gc,heap      ] GC(55) CMS: 101781K->101781K(353920K)
[2020-09-12T12:31:03.242+0000][1][gc,metaspace ] GC(55) Metaspace: 92982K->92982K(1134592K)
[2020-09-12T12:31:03.242+0000][1][gc           ] GC(55) Pause Young (Allocation Failure) 239M->109M(495M) 43.539ms
[2020-09-12T12:31:03.242+0000][1][gc,cpu       ] GC(55) User=0.02s Sys=0.00s Real=0.05s
[2020-09-12T12:31:03.242+0000][1][safepoint    ] Safepoint "GenCollectForAllocation", Time since last: 22542772 ns, Reaching safepoint: 212315 ns, At safepoint: 43604048 ns, Total: 43816363 ns
[2020-09-12T12:31:03.279+0000][1][safepoint    ] Safepoint "RevokeBias", Time since last: 35571016 ns, Reaching safepoint: 1492872 ns, At safepoint: 49543 ns, Total: 1542415 ns
[2020-09-12T12:31:03.280+0000][1][safepoint    ] Safepoint "RevokeBias", Time since last: 184339 ns, Reaching safepoint: 236939 ns, At safepoint: 29855 ns, Total: 266794 ns
[2020-09-12T12:31:03.293+0000][1][safepoint    ] Safepoint "RevokeBias", Time since last: 12276971 ns, Reaching safepoint: 1211643 ns, At safepoint: 33581 ns, Total: 1245224 ns
[2020-09-12T12:31:03.323+0000][1][safepoint    ] Safepoint "RevokeBias", Time since last: 6993515 ns, Reaching safepoint: 17471680 ns, At safepoint: 5640553 ns, Total: 23112233 ns
[2020-09-12T12:31:03.330+0000][1][safepoint    ] Safepoint "RevokeBias", Time since last: 6628363 ns, Reaching safepoint: 263009 ns, At safepoint: 31640 ns, Total: 294649 ns
[2020-09-12T12:31:03.334+0000][1][safepoint    ] Safepoint "RevokeBias", Time since last: 2789206 ns, Reaching safepoint: 564369 ns, At safepoint: 30198 ns, Total: 594567 ns
[2020-09-12T12:31:03.355+0000][1][safepoint    ] Safepoint "BulkRevokeBias", Time since last: 11697506 ns, Reaching safepoint: 6552095 ns, At safepoint: 3509765 ns, Total: 10061860 ns
[2020-09-12T12:31:03.381+0000][1][safepoint    ] Safepoint "RevokeBias", Time since last: 8976994 ns, Reaching safepoint: 16643554 ns, At safepoint: 80607 ns, Total: 16724161 ns
[2020-09-12T12:31:03.383+0000][1][safepoint    ] Safepoint "RevokeBias", Time since last: 753789 ns, Reaching safepoint: 1144782 ns, At safepoint: 45211 ns, Total: 1189993 ns
[2020-09-12T12:31:03.384+0000][1][safepoint    ] Safepoint "RevokeBias", Time since last: 860758 ns, Reaching safepoint: 275009 ns, At safepoint: 40420 ns, Total: 315429 ns
[2020-09-12T12:31:03.392+0000][1][safepoint    ] Safepoint "RevokeBias", Time since last: 7300637 ns, Reaching safepoint: 649063 ns, At safepoint: 40535 ns, Total: 689598 ns
[2020-09-12T12:31:03.425+0000][1][safepoint    ] Safepoint "RevokeBias", Time since last: 32570068 ns, Reaching safepoint: 661477 ns, At safepoint: 29488 ns, Total: 690965 ns
[2020-09-12T12:31:03.431+0000][1][safepoint    ] Safepoint "BulkRevokeBias", Time since last: 5325491 ns, Reaching safepoint: 302228 ns, At safepoint: 421734 ns, Total: 723962 ns
[2020-09-12T12:31:03.459+0000][1][safepoint    ] Safepoint "RevokeBias", Time since last: 27443261 ns, Reaching safepoint: 110503 ns, At safepoint: 29832 ns, Total: 140335 ns
[2020-09-12T12:31:04.108+0000][1][safepoint    ] Safepoint "RevokeBias", Time since last: 648567764 ns, Reaching safepoint: 206915 ns, At safepoint: 23884 ns, Total: 230799 ns
[2020-09-12T12:31:04.109+0000][1][safepoint    ] Safepoint "RevokeBias", Time since last: 62628 ns, Reaching safepoint: 970619 ns, At safepoint: 21014 ns, Total: 991633 ns
[2020-09-12T12:31:04.130+0000][1][safepoint    ] Safepoint "RevokeBias", Time since last: 14807116 ns, Reaching safepoint: 6698534 ns, At safepoint: 33301 ns, Total: 6731835 ns
[2020-09-12T12:31:04.138+0000][1][safepoint    ] Safepoint "RevokeBias", Time since last: 7443637 ns, Reaching safepoint: 191297 ns, At safepoint: 24184 ns, Total: 215481 ns
[2020-09-12T12:31:04.147+0000][1][safepoint    ] Safepoint "RevokeBias", Time since last: 8416198 ns, Reaching safepoint: 220408 ns, At safepoint: 26385 ns, Total: 246793 ns
[2020-09-12T12:31:04.516+0000][1][safepoint    ] Safepoint "RevokeBias", Time since last: 363177785 ns, Reaching safepoint: 5787531 ns, At safepoint: 43940 ns, Total: 5831471 ns
[2020-09-12T12:31:04.516+0000][1][safepoint    ] Safepoint "RevokeBias", Time since last: 471794 ns, Reaching safepoint: 142094 ns, At safepoint: 17914 ns, Total: 160008 ns
[2020-09-12T12:31:04.550+0000][1][safepoint    ] Safepoint "RevokeBias", Time since last: 33874872 ns, Reaching safepoint: 94518 ns, At safepoint: 23804 ns, Total: 118322 ns
[2020-09-12T12:31:04.559+0000][1][safepoint    ] Safepoint "RevokeBias", Time since last: 8601251 ns, Reaching safepoint: 115294 ns, At safepoint: 24402 ns, Total: 139696 ns
[2020-09-12T12:31:04.645+0000][1][safepoint    ] Safepoint "RevokeBias", Time since last: 80206031 ns, Reaching safepoint: 5498662 ns, At safepoint: 311868 ns, Total: 5810530 ns
[2020-09-12T12:31:04.792+0000][1][safepoint    ] Safepoint "RevokeBias", Time since last: 145642734 ns, Reaching safepoint: 988871 ns, At safepoint: 56987 ns, Total: 1045858 ns
[2020-09-12T12:31:05.437+0000][1][safepoint    ] Safepoint "RevokeBias", Time since last: 644914637 ns, Reaching safepoint: 168258 ns, At safepoint: 181371 ns, Total: 349629 ns
[2020-09-12T12:31:05.444+0000][1][safepoint    ] Safepoint "RevokeBias", Time since last: 5995318 ns, Reaching safepoint: 874986 ns, At safepoint: 213240 ns, Total: 1088226 ns
[2020-09-12T12:31:05.643+0000][1][safepoint    ] Safepoint "RevokeBias", Time since last: 196267581 ns, Reaching safepoint: 2434061 ns, At safepoint: 36908 ns, Total: 2470969 ns
[2020-09-12T12:31:05.643+0000][1][safepoint    ] Safepoint "RevokeBias", Time since last: 88580 ns, Reaching safepoint: 282817 ns, At safepoint: 41191 ns, Total: 324008 ns
[2020-09-12T12:31:05.805+0000][1][gc,start     ] GC(56) Pause Young (Allocation Failure)
[2020-09-12T12:31:05.805+0000][1][gc,task      ] GC(56) Using 2 workers of 2 for evacuation
[2020-09-12T12:31:05.833+0000][1][gc,age       ] GC(56) Desired survivor size 8716288 bytes, new threshold 6 (max threshold 6)
[2020-09-12T12:31:05.833+0000][1][gc,age       ] GC(56) Age table with threshold 6 (max threshold 6)
[2020-09-12T12:31:05.833+0000][1][gc,age       ] GC(56) - age   1:    1046840 bytes,    1046840 total
[2020-09-12T12:31:05.833+0000][1][gc,age       ] GC(56) - age   2:      75568 bytes,    1122408 total
[2020-09-12T12:31:05.833+0000][1][gc,age       ] GC(56) - age   3:     371600 bytes,    1494008 total
[2020-09-12T12:31:05.833+0000][1][gc,age       ] GC(56) - age   4:      38104 bytes,    1532112 total
[2020-09-12T12:31:05.833+0000][1][gc,age       ] GC(56) - age   5:     205360 bytes,    1737472 total
[2020-09-12T12:31:05.833+0000][1][gc,age       ] GC(56) - age   6:     254312 bytes,    1991784 total
[2020-09-12T12:31:05.833+0000][1][gc,heap      ] GC(56) ParNew: 146512K->7395K(153344K)
[2020-09-12T12:31:05.833+0000][1][gc,heap      ] GC(56) CMS: 101781K->103513K(353920K)
[2020-09-12T12:31:05.833+0000][1][gc,metaspace ] GC(56) Metaspace: 93075K->93075K(1134592K)
[2020-09-12T12:31:05.834+0000][1][gc           ] GC(56) Pause Young (Allocation Failure) 242M->108M(495M) 28.714ms
[2020-09-12T12:31:05.834+0000][1][gc,cpu       ] GC(56) User=0.02s Sys=0.00s Real=0.03s
[2020-09-12T12:31:05.834+0000][1][safepoint    ] Safepoint "GenCollectForAllocation", Time since last: 160582246 ns, Reaching safepoint: 865267 ns, At safepoint: 28773512 ns, Total: 29638779 ns
[2020-09-12T12:31:05.953+0000][1][safepoint    ] Safepoint "RevokeBias", Time since last: 117587129 ns, Reaching safepoint: 1716501 ns, At safepoint: 225014 ns, Total: 1941515 ns
[2020-09-12T12:31:06.760+0000][1][safepoint    ] Safepoint "RevokeBias", Time since last: 801409080 ns, Reaching safepoint: 5754171 ns, At safepoint: 38928 ns, Total: 5793099 ns
[2020-09-12T12:31:06.761+0000][1][safepoint    ] Safepoint "RevokeBias", Time since last: 210265 ns, Reaching safepoint: 89392 ns, At safepoint: 15114 ns, Total: 104506 ns
[2020-09-12T12:31:07.111+0000][1][safepoint    ] Safepoint "BulkRevokeBias", Time since last: 347184399 ns, Reaching safepoint: 1214588 ns, At safepoint: 2186374 ns, Total: 3400962 ns
[2020-09-12T12:31:07.126+0000][1][safepoint    ] Safepoint "RevokeBias", Time since last: 10185842 ns, Reaching safepoint: 4139922 ns, At safepoint: 50426 ns, Total: 4190348 ns
[2020-09-12T12:31:07.133+0000][1][safepoint    ] Safepoint "RevokeBias", Time since last: 610208 ns, Reaching safepoint: 7263384 ns, At safepoint: 53028 ns, Total: 7316412 ns
[2020-09-12T12:31:07.144+0000][1][safepoint    ] Safepoint "RevokeBias", Time since last: 9102384 ns, Reaching safepoint: 1108489 ns, At safepoint: 204451 ns, Total: 1312940 ns
[2020-09-12T12:31:07.576+0000][1][safepoint    ] Safepoint "RevokeBias", Time since last: 431535886 ns, Reaching safepoint: 214742 ns, At safepoint: 47749 ns, Total: 262491 ns
[2020-09-12T12:31:07.588+0000][1][safepoint    ] Safepoint "RevokeBias", Time since last: 12064305 ns, Reaching safepoint: 194739 ns, At safepoint: 28967 ns, Total: 223706 ns
[2020-09-12T12:31:08.333+0000][1][safepoint    ] Safepoint "RevokeBias", Time since last: 744576399 ns, Reaching safepoint: 627634 ns, At safepoint: 73450 ns, Total: 701084 ns
[2020-09-12T12:31:08.334+0000][1][safepoint    ] Safepoint "RevokeBias", Time since last: 615142 ns, Reaching safepoint: 117840 ns, At safepoint: 53462 ns, Total: 171302 ns
[2020-09-12T12:31:08.336+0000][1][safepoint    ] Safepoint "RevokeBias", Time since last: 1742764 ns, Reaching safepoint: 146698 ns, At safepoint: 59399 ns, Total: 206097 ns
[2020-09-12T12:31:08.350+0000][1][safepoint    ] Safepoint "RevokeBias", Time since last: 13632386 ns, Reaching safepoint: 585753 ns, At safepoint: 33997 ns, Total: 619750 ns
[2020-09-12T12:31:08.352+0000][1][safepoint    ] Safepoint "RevokeBias", Time since last: 265471 ns, Reaching safepoint: 1303740 ns, At safepoint: 29717 ns, Total: 1333457 ns
[2020-09-12T12:31:08.353+0000][1][safepoint    ] Safepoint "RevokeBias", Time since last: 1424357 ns, Reaching safepoint: 80758 ns, At safepoint: 27128 ns, Total: 107886 ns
[2020-09-12T12:31:08.361+0000][1][safepoint    ] Safepoint "RevokeBias", Time since last: 7440986 ns, Reaching safepoint: 97178 ns, At safepoint: 23509 ns, Total: 120687 ns
[2020-09-12T12:31:08.362+0000][1][safepoint    ] Safepoint "BulkRevokeBias", Time since last: 1071383 ns, Reaching safepoint: 70548 ns, At safepoint: 299501 ns, Total: 370049 ns
[2020-09-12T12:31:08.534+0000][1][safepoint    ] Safepoint "RevokeBias", Time since last: 169028895 ns, Reaching safepoint: 2141987 ns, At safepoint: 211488 ns, Total: 2353475 ns
[2020-09-12T12:31:08.681+0000][1][gc,start     ] GC(57) Pause Young (Allocation Failure)
[2020-09-12T12:31:08.681+0000][1][gc,task      ] GC(57) Using 2 workers of 2 for evacuation
[2020-09-12T12:31:08.699+0000][1][gc,age       ] GC(57) Desired survivor size 8716288 bytes, new threshold 6 (max threshold 6)
[2020-09-12T12:31:08.699+0000][1][gc,age       ] GC(57) Age table with threshold 6 (max threshold 6)
[2020-09-12T12:31:08.699+0000][1][gc,age       ] GC(57) - age   1:    3757200 bytes,    3757200 total
[2020-09-12T12:31:08.699+0000][1][gc,age       ] GC(57) - age   2:     282008 bytes,    4039208 total
[2020-09-12T12:31:08.699+0000][1][gc,age       ] GC(57) - age   3:      75312 bytes,    4114520 total
[2020-09-12T12:31:08.699+0000][1][gc,age       ] GC(57) - age   4:     371192 bytes,    4485712 total
[2020-09-12T12:31:08.699+0000][1][gc,age       ] GC(57) - age   5:      38104 bytes,    4523816 total
[2020-09-12T12:31:08.699+0000][1][gc,age       ] GC(57) - age   6:     205360 bytes,    4729176 total
[2020-09-12T12:31:08.699+0000][1][gc,heap      ] GC(57) ParNew: 143715K->5837K(153344K)
[2020-09-12T12:31:08.699+0000][1][gc,heap      ] GC(57) CMS: 103513K->103773K(353920K)
[2020-09-12T12:31:08.699+0000][1][gc,metaspace ] GC(57) Metaspace: 93147K->93147K(1134592K)
[2020-09-12T12:31:08.700+0000][1][gc           ] GC(57) Pause Young (Allocation Failure) 241M->107M(495M) 18.137ms
[2020-09-12T12:31:08.700+0000][1][gc,cpu       ] GC(57) User=0.02s Sys=0.00s Real=0.01s
[2020-09-12T12:31:08.700+0000][1][safepoint    ] Safepoint "GenCollectForAllocation", Time since last: 140359074 ns, Reaching safepoint: 7232839 ns, At safepoint: 18212570 ns, Total: 25445409 ns
[2020-09-12T12:31:08.746+0000][1][safepoint    ] Safepoint "RevokeBias", Time since last: 45851058 ns, Reaching safepoint: 536698 ns, At safepoint: 26261 ns, Total: 562959 ns
[2020-09-12T12:31:09.087+0000][1][safepoint    ] Safepoint "RevokeBias", Time since last: 340179666 ns, Reaching safepoint: 615673 ns, At safepoint: 27979 ns, Total: 643652 ns
[2020-09-12T12:31:09.153+0000][1][safepoint    ] Safepoint "RevokeBias", Time since last: 59212029 ns, Reaching safepoint: 6774285 ns, At safepoint: 224838 ns, Total: 6999123 ns
[2020-09-12T12:31:09.452+0000][1][safepoint    ] Safepoint "RevokeBias", Time since last: 296356795 ns, Reaching safepoint: 2546102 ns, At safepoint: 33171 ns, Total: 2579273 ns
[2020-09-12T12:31:09.456+0000][1][safepoint    ] Safepoint "RevokeBias", Time since last: 2066461 ns, Reaching safepoint: 2151552 ns, At safepoint: 28329 ns, Total: 2179881 ns
[2020-09-12T12:31:09.499+0000][1][safepoint    ] Safepoint "RevokeBias", Time since last: 41473330 ns, Reaching safepoint: 951928 ns, At safepoint: 14954 ns, Total: 966882 ns
[2020-09-12T12:31:10.499+0000][1][safepoint    ] Safepoint "Cleanup", Time since last: 1000109277 ns, Reaching safepoint: 119973 ns, At safepoint: 11922 ns, Total: 131895 ns
[2020-09-12T12:31:11.499+0000][1][safepoint    ] Safepoint "Cleanup", Time since last: 1000175743 ns, Reaching safepoint: 111643 ns, At safepoint: 10019 ns, Total: 121662 ns
[2020-09-12T12:31:11.869+0000][1][safepoint    ] Safepoint "RevokeBias", Time since last: 369453511 ns, Reaching safepoint: 156451 ns, At safepoint: 30317 ns, Total: 186768 ns
[2020-09-12T12:31:11.870+0000][1][safepoint    ] Safepoint "RevokeBias", Time since last: 1108051 ns, Reaching safepoint: 169251 ns, At safepoint: 23526 ns, Total: 192777 ns
[2020-09-12T12:31:11.871+0000][1][safepoint    ] Safepoint "RevokeBias", Time since last: 365634 ns, Reaching safepoint: 155313 ns, At safepoint: 20449 ns, Total: 175762 ns
[2020-09-12T12:31:11.872+0000][1][safepoint    ] Safepoint "RevokeBias", Time since last: 853444 ns, Reaching safepoint: 561004 ns, At safepoint: 11348 ns, Total: 572352 ns
[2020-09-12T12:31:11.873+0000][1][safepoint    ] Safepoint "RevokeBias", Time since last: 645464 ns, Reaching safepoint: 210062 ns, At safepoint: 44952 ns, Total: 255014 ns
[2020-09-12T12:31:12.027+0000][1][safepoint    ] Safepoint "RevokeBias", Time since last: 153954818 ns, Reaching safepoint: 98787 ns, At safepoint: 25751 ns, Total: 124538 ns
[2020-09-12T12:31:12.027+0000][1][safepoint    ] Safepoint "RevokeBias", Time since last: 103309 ns, Reaching safepoint: 45711 ns, At safepoint: 29645 ns, Total: 75356 ns
[2020-09-12T12:31:12.029+0000][1][safepoint    ] Safepoint "RevokeBias", Time since last: 1076774 ns, Reaching safepoint: 167137 ns, At safepoint: 22421 ns, Total: 189558 ns
[2020-09-12T12:31:12.030+0000][1][safepoint    ] Safepoint "RevokeBias", Time since last: 1730537 ns, Reaching safepoint: 85003 ns, At safepoint: 24281 ns, Total: 109284 ns
[2020-09-12T12:31:12.047+0000][1][safepoint    ] Safepoint "RevokeBias", Time since last: 16111916 ns, Reaching safepoint: 95992 ns, At safepoint: 22821 ns, Total: 118813 ns
[2020-09-12T12:31:12.047+0000][1][safepoint    ] Safepoint "RevokeBias", Time since last: 149626 ns, Reaching safepoint: 46444 ns, At safepoint: 14559 ns, Total: 61003 ns
[2020-09-12T12:31:13.047+0000][1][safepoint    ] Safepoint "Cleanup", Time since last: 1000101365 ns, Reaching safepoint: 163999 ns, At safepoint: 14453 ns, Total: 178452 ns
[2020-09-12T12:31:13.062+0000][1][safepoint    ] Safepoint "RevokeBias", Time since last: 14974853 ns, Reaching safepoint: 113928 ns, At safepoint: 24937 ns, Total: 138865 ns
[2020-09-12T12:31:13.561+0000][1][safepoint    ] Safepoint "RevokeBias", Time since last: 498773931 ns, Reaching safepoint: 272036 ns, At safepoint: 38037 ns, Total: 310073 ns
[2020-09-12T12:31:13.562+0000][1][gc,start     ] GC(58) Pause Young (Allocation Failure)
[2020-09-12T12:31:13.562+0000][1][gc,task      ] GC(58) Using 2 workers of 2 for evacuation
[2020-09-12T12:31:13.567+0000][1][gc,age       ] GC(58) Desired survivor size 8716288 bytes, new threshold 6 (max threshold 6)
[2020-09-12T12:31:13.567+0000][1][gc,age       ] GC(58) Age table with threshold 6 (max threshold 6)
[2020-09-12T12:31:13.567+0000][1][gc,age       ] GC(58) - age   1:     261152 bytes,     261152 total
[2020-09-12T12:31:13.567+0000][1][gc,age       ] GC(58) - age   2:       9680 bytes,     270832 total
[2020-09-12T12:31:13.567+0000][1][gc,age       ] GC(58) - age   3:      85624 bytes,     356456 total
[2020-09-12T12:31:13.567+0000][1][gc,age       ] GC(58) - age   4:      69360 bytes,     425816 total
[2020-09-12T12:31:13.567+0000][1][gc,age       ] GC(58) - age   5:     289624 bytes,     715440 total
[2020-09-12T12:31:13.567+0000][1][gc,age       ] GC(58) - age   6:      38104 bytes,     753544 total
[2020-09-12T12:31:13.567+0000][1][gc,heap      ] GC(58) ParNew: 142157K->4047K(153344K)
[2020-09-12T12:31:13.567+0000][1][gc,heap      ] GC(58) CMS: 103773K->103975K(353920K)
[2020-09-12T12:31:13.567+0000][1][gc,metaspace ] GC(58) Metaspace: 93243K->93243K(1134592K)
[2020-09-12T12:31:13.567+0000][1][gc           ] GC(58) Pause Young (Allocation Failure) 240M->105M(495M) 4.414ms
[2020-09-12T12:31:13.567+0000][1][gc,cpu       ] GC(58) User=0.01s Sys=0.00s Real=0.00s
[2020-09-12T12:31:13.567+0000][1][safepoint    ] Safepoint "GenCollectForAllocation", Time since last: 968753 ns, Reaching safepoint: 141782 ns, At safepoint: 4472412 ns, Total: 4614194 ns
[2020-09-12T12:31:14.340+0000][1][safepoint    ] Safepoint "RevokeBias", Time since last: 772864709 ns, Reaching safepoint: 130610 ns, At safepoint: 25536 ns, Total: 156146 ns
[2020-09-12T12:31:14.341+0000][1][safepoint    ] Safepoint "RevokeBias", Time since last: 862193 ns, Reaching safepoint: 158493 ns, At safepoint: 21990 ns, Total: 180483 ns
[2020-09-12T12:31:15.341+0000][1][safepoint    ] Safepoint "Cleanup", Time since last: 1000139307 ns, Reaching safepoint: 229587 ns, At safepoint: 26481 ns, Total: 256068 ns
[2020-09-12T12:31:16.342+0000][1][safepoint    ] Safepoint "Cleanup", Time since last: 1000241362 ns, Reaching safepoint: 143326 ns, At safepoint: 13943 ns, Total: 157269 ns
[2020-09-12T12:31:17.342+0000][1][safepoint    ] Safepoint "Cleanup", Time since last: 1000135161 ns, Reaching safepoint: 127583 ns, At safepoint: 15693 ns, Total: 143276 ns
[2020-09-12T12:31:18.342+0000][1][safepoint    ] Safepoint "Cleanup", Time since last: 1000145674 ns, Reaching safepoint: 133734 ns, At safepoint: 13023 ns, Total: 146757 ns
[2020-09-12T12:31:19.343+0000][1][safepoint    ] Safepoint "Cleanup", Time since last: 1000229907 ns, Reaching safepoint: 139357 ns, At safepoint: 12816 ns, Total: 152173 ns
[2020-09-12T12:31:21.343+0000][1][safepoint    ] Safepoint "Cleanup", Time since last: 2000325559 ns, Reaching safepoint: 227559 ns, At safepoint: 26380 ns, Total: 253939 ns
[2020-09-12T12:31:22.344+0000][1][safepoint    ] Safepoint "Cleanup", Time since last: 1000185308 ns, Reaching safepoint: 133347 ns, At safepoint: 12221 ns, Total: 145568 ns
[2020-09-12T12:31:23.020+0000][1][safepoint    ] Safepoint "RevokeBias", Time since last: 676017406 ns, Reaching safepoint: 109594 ns, At safepoint: 31789 ns, Total: 141383 ns
[2020-09-12T12:31:23.044+0000][1][safepoint    ] Safepoint "RevokeBias", Time since last: 24046631 ns, Reaching safepoint: 127080 ns, At safepoint: 43780 ns, Total: 170860 ns
[2020-09-12T12:31:23.574+0000][1][safepoint    ] Safepoint "RevokeBias", Time since last: 529734846 ns, Reaching safepoint: 234923 ns, At safepoint: 37359 ns, Total: 272282 ns
[2020-09-12T12:31:24.574+0000][1][safepoint    ] Safepoint "Cleanup", Time since last: 1000128343 ns, Reaching safepoint: 120945 ns, At safepoint: 15092 ns, Total: 136037 ns
[2020-09-12T12:31:25.574+0000][1][safepoint    ] Safepoint "Cleanup", Time since last: 1000127944 ns, Reaching safepoint: 105830 ns, At safepoint: 15745 ns, Total: 121575 ns
[2020-09-12T12:31:27.575+0000][1][safepoint    ] Safepoint "Cleanup", Time since last: 2000188204 ns, Reaching safepoint: 125190 ns, At safepoint: 12897 ns, Total: 138087 ns
[2020-09-12T12:31:29.575+0000][1][safepoint    ] Safepoint "Cleanup", Time since last: 2000226708 ns, Reaching safepoint: 156933 ns, At safepoint: 12106 ns, Total: 169039 ns
[2020-09-12T12:31:30.117+0000][1][safepoint    ] Safepoint "RevokeBias", Time since last: 541647746 ns, Reaching safepoint: 249185 ns, At safepoint: 33408 ns, Total: 282593 ns
[2020-09-12T12:31:32.118+0000][1][safepoint    ] Safepoint "Cleanup", Time since last: 2000663860 ns, Reaching safepoint: 247101 ns, At safepoint: 27319 ns, Total: 274420 ns
[2020-09-12T12:31:33.030+0000][1][safepoint    ] Safepoint "RevokeBias", Time since last: 911732296 ns, Reaching safepoint: 139283 ns, At safepoint: 35590 ns, Total: 174873 ns
[2020-09-12T12:31:34.030+0000][1][safepoint    ] Safepoint "Cleanup", Time since last: 1000131169 ns, Reaching safepoint: 116064 ns, At safepoint: 8251 ns, Total: 124315 ns
[2020-09-12T12:31:35.031+0000][1][safepoint    ] Safepoint "Cleanup", Time since last: 1000147361 ns, Reaching safepoint: 166560 ns, At safepoint: 15553 ns, Total: 182113 ns
[2020-09-12T12:31:36.031+0000][1][safepoint    ] Safepoint "Cleanup", Time since last: 1000147470 ns, Reaching safepoint: 152928 ns, At safepoint: 12185 ns, Total: 165113 ns
[2020-09-12T12:31:37.031+0000][1][safepoint    ] Safepoint "Cleanup", Time since last: 1000166870 ns, Reaching safepoint: 134424 ns, At safepoint: 13169 ns, Total: 147593 ns
[2020-09-12T12:31:39.032+0000][1][safepoint    ] Safepoint "Cleanup", Time since last: 2000272577 ns, Reaching safepoint: 220513 ns, At safepoint: 37072 ns, Total: 257585 ns
[2020-09-12T12:31:40.032+0000][1][safepoint    ] Safepoint "Cleanup", Time since last: 1000191690 ns, Reaching safepoint: 158623 ns, At safepoint: 22473 ns, Total: 181096 ns
[2020-09-12T12:31:42.034+0000][1][safepoint    ] Safepoint "Cleanup", Time since last: 2000517119 ns, Reaching safepoint: 925757 ns, At safepoint: 14509 ns, Total: 940266 ns
[2020-09-12T12:31:43.034+0000][1][safepoint    ] Safepoint "Cleanup", Time since last: 1000118305 ns, Reaching safepoint: 148395 ns, At safepoint: 13737 ns, Total: 162132 ns
[2020-09-12T12:31:43.048+0000][1][safepoint    ] Safepoint "RevokeBias", Time since last: 13974717 ns, Reaching safepoint: 106572 ns, At safepoint: 25258 ns, Total: 131830 ns
[2020-09-12T12:31:44.052+0000][1][safepoint    ] Safepoint "Cleanup", Time since last: 1000855229 ns, Reaching safepoint: 2703156 ns, At safepoint: 22639 ns, Total: 2725795 ns
[2020-09-12T12:31:45.052+0000][1][safepoint    ] Safepoint "Cleanup", Time since last: 1000139603 ns, Reaching safepoint: 114323 ns, At safepoint: 9937 ns, Total: 124260 ns
[2020-09-12T12:31:46.052+0000][1][safepoint    ] Safepoint "Cleanup", Time since last: 1000142617 ns, Reaching safepoint: 158059 ns, At safepoint: 11298 ns, Total: 169357 ns
[2020-09-12T12:31:47.053+0000][1][safepoint    ] Safepoint "Cleanup", Time since last: 1000188695 ns, Reaching safepoint: 236794 ns, At safepoint: 34435 ns, Total: 271229 ns
[2020-09-12T12:31:48.056+0000][1][safepoint    ] Safepoint "Cleanup", Time since last: 1002217557 ns, Reaching safepoint: 1423792 ns, At safepoint: 23095 ns, Total: 1446887 ns
[2020-09-12T12:31:49.057+0000][1][safepoint    ] Safepoint "Cleanup", Time since last: 1000150750 ns, Reaching safepoint: 231729 ns, At safepoint: 33797 ns, Total: 265526 ns
[2020-09-12T12:31:51.057+0000][1][safepoint    ] Safepoint "Cleanup", Time since last: 2000345753 ns, Reaching safepoint: 168944 ns, At safepoint: 14484 ns, Total: 183428 ns
[2020-09-12T12:31:52.057+0000][1][safepoint    ] Safepoint "Cleanup", Time since last: 1000152558 ns, Reaching safepoint: 153497 ns, At safepoint: 18720 ns, Total: 172217 ns
[2020-09-12T12:31:53.039+0000][1][safepoint    ] Safepoint "RevokeBias", Time since last: 981502106 ns, Reaching safepoint: 145542 ns, At safepoint: 83825 ns, Total: 229367 ns
[2020-09-12T12:31:54.040+0000][1][safepoint    ] Safepoint "Cleanup", Time since last: 1000112010 ns, Reaching safepoint: 194275 ns, At safepoint: 9645 ns, Total: 203920 ns
[2020-09-12T12:31:55.040+0000][1][safepoint    ] Safepoint "Cleanup", Time since last: 1000123313 ns, Reaching safepoint: 128233 ns, At safepoint: 11798 ns, Total: 140031 ns
[2020-09-12T12:31:56.040+0000][1][safepoint    ] Safepoint "Cleanup", Time since last: 1000175303 ns, Reaching safepoint: 212558 ns, At safepoint: 33206 ns, Total: 245764 ns
[2020-09-12T12:31:57.041+0000][1][safepoint    ] Safepoint "Cleanup", Time since last: 1000164601 ns, Reaching safepoint: 114338 ns, At safepoint: 10798 ns, Total: 125136 ns
[2020-09-12T12:31:58.041+0000][1][safepoint    ] Safepoint "Cleanup", Time since last: 1000206865 ns, Reaching safepoint: 250535 ns, At safepoint: 30620 ns, Total: 281155 ns
[2020-09-12T12:31:59.041+0000][1][safepoint    ] Safepoint "Cleanup", Time since last: 1000193031 ns, Reaching safepoint: 158798 ns, At safepoint: 15065 ns, Total: 173863 ns
[2020-09-12T12:32:00.042+0000][1][safepoint    ] Safepoint "Cleanup", Time since last: 1000106647 ns, Reaching safepoint: 118688 ns, At safepoint: 11739 ns, Total: 130427 ns
[2020-09-12T12:32:02.042+0000][1][safepoint    ] Safepoint "Cleanup", Time since last: 2000242345 ns, Reaching safepoint: 173546 ns, At safepoint: 24501 ns, Total: 198047 ns
[2020-09-12T12:32:03.042+0000][1][safepoint    ] Safepoint "Cleanup", Time since last: 1000167396 ns, Reaching safepoint: 210529 ns, At safepoint: 18970 ns, Total: 229499 ns
[2020-09-12T12:32:03.060+0000][1][safepoint    ] Safepoint "RevokeBias", Time since last: 17299876 ns, Reaching safepoint: 117294 ns, At safepoint: 72180 ns, Total: 189474 ns
[2020-09-12T12:32:04.060+0000][1][safepoint    ] Safepoint "Cleanup", Time since last: 1000165887 ns, Reaching safepoint: 257266 ns, At safepoint: 12294 ns, Total: 269560 ns
[2020-09-12T12:32:05.061+0000][1][safepoint    ] Safepoint "Cleanup", Time since last: 1000130973 ns, Reaching safepoint: 115649 ns, At safepoint: 14530 ns, Total: 130179 ns
[2020-09-12T12:32:05.133+0000][1][safepoint    ] Safepoint "RevokeBias", Time since last: 72278581 ns, Reaching safepoint: 193345 ns, At safepoint: 27575 ns, Total: 220920 ns
[2020-09-12T12:32:05.416+0000][1][safepoint    ] Safepoint "RevokeBias", Time since last: 280627152 ns, Reaching safepoint: 2232374 ns, At safepoint: 38531 ns, Total: 2270905 ns
[2020-09-12T12:32:06.416+0000][1][safepoint    ] Safepoint "Cleanup", Time since last: 1000129439 ns, Reaching safepoint: 126908 ns, At safepoint: 12570 ns, Total: 139478 ns
[2020-09-12T12:32:08.417+0000][1][safepoint    ] Safepoint "Cleanup", Time since last: 2000234972 ns, Reaching safepoint: 150316 ns, At safepoint: 14774 ns, Total: 165090 ns
[2020-09-12T12:32:09.417+0000][1][safepoint    ] Safepoint "Cleanup", Time since last: 1000204565 ns, Reaching safepoint: 115416 ns, At safepoint: 10669 ns, Total: 126085 ns
[2020-09-12T12:32:12.417+0000][1][safepoint    ] Safepoint "Cleanup", Time since last: 3000302858 ns, Reaching safepoint: 116498 ns, At safepoint: 9048 ns, Total: 125546 ns
[2020-09-12T12:32:13.036+0000][1][safepoint    ] Safepoint "RevokeBias", Time since last: 618313083 ns, Reaching safepoint: 114365 ns, At safepoint: 29911 ns, Total: 144276 ns
[2020-09-12T12:32:14.036+0000][1][safepoint    ] Safepoint "Cleanup", Time since last: 1000351187 ns, Reaching safepoint: 130119 ns, At safepoint: 9435 ns, Total: 139554 ns
[2020-09-12T12:32:15.037+0000][1][safepoint    ] Safepoint "Cleanup", Time since last: 1000139458 ns, Reaching safepoint: 165279 ns, At safepoint: 12768 ns, Total: 178047 ns
[2020-09-12T12:32:15.595+0000][1][safepoint    ] Safepoint "RevokeBias", Time since last: 557789691 ns, Reaching safepoint: 114056 ns, At safepoint: 30789 ns, Total: 144845 ns
[2020-09-12T12:32:15.595+0000][1][safepoint    ] Safepoint "RevokeBias", Time since last: 71548 ns, Reaching safepoint: 620883 ns, At safepoint: 24963 ns, Total: 645846 ns
[2020-09-12T12:32:15.630+0000][1][gc,start     ] GC(59) Pause Young (Allocation Failure)
[2020-09-12T12:32:15.630+0000][1][gc,task      ] GC(59) Using 2 workers of 2 for evacuation
[2020-09-12T12:32:15.639+0000][1][gc,age       ] GC(59) Desired survivor size 8716288 bytes, new threshold 6 (max threshold 6)
[2020-09-12T12:32:15.639+0000][1][gc,age       ] GC(59) Age table with threshold 6 (max threshold 6)
[2020-09-12T12:32:15.639+0000][1][gc,age       ] GC(59) - age   1:    2536616 bytes,    2536616 total
[2020-09-12T12:32:15.639+0000][1][gc,age       ] GC(59) - age   2:     234200 bytes,    2770816 total
[2020-09-12T12:32:15.639+0000][1][gc,age       ] GC(59) - age   3:       4168 bytes,    2774984 total
[2020-09-12T12:32:15.639+0000][1][gc,age       ] GC(59) - age   4:      77160 bytes,    2852144 total
[2020-09-12T12:32:15.639+0000][1][gc,age       ] GC(59) - age   5:      62320 bytes,    2914464 total
[2020-09-12T12:32:15.639+0000][1][gc,age       ] GC(59) - age   6:     288720 bytes,    3203184 total
[2020-09-12T12:32:15.640+0000][1][gc,heap      ] GC(59) ParNew: 140367K->3449K(153344K)
[2020-09-12T12:32:15.640+0000][1][gc,heap      ] GC(59) CMS: 103975K->104013K(353920K)
[2020-09-12T12:32:15.640+0000][1][gc,metaspace ] GC(59) Metaspace: 93674K->93674K(1134592K)
[2020-09-12T12:32:15.640+0000][1][gc           ] GC(59) Pause Young (Allocation Failure) 238M->104M(495M) 9.800ms
[2020-09-12T12:32:15.640+0000][1][gc,cpu       ] GC(59) User=0.01s Sys=0.00s Real=0.00s
[2020-09-12T12:32:15.640+0000][1][safepoint    ] Safepoint "GenCollectForAllocation", Time since last: 34199468 ns, Reaching safepoint: 206582 ns, At safepoint: 9865547 ns, Total: 10072129 ns
[2020-09-12T12:32:15.937+0000][1][safepoint    ] Safepoint "RevokeBias", Time since last: 296992683 ns, Reaching safepoint: 149486 ns, At safepoint: 20685 ns, Total: 170171 ns
[2020-09-12T12:32:16.030+0000][1][safepoint    ] Safepoint "RevokeBias", Time since last: 91792660 ns, Reaching safepoint: 983936 ns, At safepoint: 58906 ns, Total: 1042842 ns
[2020-09-12T12:32:16.031+0000][1][safepoint    ] Safepoint "RevokeBias", Time since last: 97510 ns, Reaching safepoint: 819185 ns, At safepoint: 27521 ns, Total: 846706 ns
[2020-09-12T12:32:16.037+0000][1][safepoint    ] Safepoint "RevokeBias", Time since last: 5851791 ns, Reaching safepoint: 482089 ns, At safepoint: 57055 ns, Total: 539144 ns
[2020-09-12T12:32:16.042+0000][1][safepoint    ] Safepoint "RevokeBias", Time since last: 4748335 ns, Reaching safepoint: 190529 ns, At safepoint: 32088 ns, Total: 222617 ns
[2020-09-12T12:32:16.546+0000][1][safepoint    ] Safepoint "RevokeBias", Time since last: 504055507 ns, Reaching safepoint: 117423 ns, At safepoint: 29546 ns, Total: 146969 ns
[2020-09-12T12:32:16.627+0000][1][safepoint    ] Safepoint "RevokeBias", Time since last: 80497324 ns, Reaching safepoint: 149334 ns, At safepoint: 36884 ns, Total: 186218 ns
[2020-09-12T12:32:16.638+0000][1][safepoint    ] Safepoint "RevokeBias", Time since last: 11528962 ns, Reaching safepoint: 106711 ns, At safepoint: 26170 ns, Total: 132881 ns
[2020-09-12T12:32:16.652+0000][1][safepoint    ] Safepoint "BulkRevokeBias", Time since last: 13355009 ns, Reaching safepoint: 212275 ns, At safepoint: 352691 ns, Total: 564966 ns
[2020-09-12T12:32:16.661+0000][1][safepoint    ] Safepoint "BulkRevokeBias", Time since last: 7758045 ns, Reaching safepoint: 202304 ns, At safepoint: 389770 ns, Total: 592074 ns
[2020-09-12T12:32:16.661+0000][1][safepoint    ] Safepoint "RevokeBias", Time since last: 441032 ns, Reaching safepoint: 169327 ns, At safepoint: 20090 ns, Total: 189417 ns
[2020-09-12T12:32:16.665+0000][1][safepoint    ] Safepoint "RevokeBias", Time since last: 3456449 ns, Reaching safepoint: 189004 ns, At safepoint: 27974 ns, Total: 216978 ns
[2020-09-12T12:32:16.708+0000][1][safepoint    ] Safepoint "RevokeBias", Time since last: 43199501 ns, Reaching safepoint: 97906 ns, At safepoint: 25086 ns, Total: 122992 ns
[2020-09-12T12:32:16.725+0000][1][safepoint    ] Safepoint "RevokeBias", Time since last: 16908542 ns, Reaching safepoint: 120428 ns, At safepoint: 19741 ns, Total: 140169 ns
[2020-09-12T12:32:16.726+0000][1][safepoint    ] Safepoint "RevokeBias", Time since last: 266078 ns, Reaching safepoint: 61114 ns, At safepoint: 13463 ns, Total: 74577 ns
[2020-09-12T12:32:16.731+0000][1][safepoint    ] Safepoint "RevokeBias", Time since last: 1966035 ns, Reaching safepoint: 3172520 ns, At safepoint: 46058 ns, Total: 3218578 ns
[2020-09-12T12:32:16.731+0000][1][safepoint    ] Safepoint "RevokeBias", Time since last: 147269 ns, Reaching safepoint: 156211 ns, At safepoint: 44418 ns, Total: 200629 ns
[2020-09-12T12:32:16.732+0000][1][safepoint    ] Safepoint "RevokeBias", Time since last: 63662 ns, Reaching safepoint: 277258 ns, At safepoint: 19112 ns, Total: 296370 ns
[2020-09-12T12:32:16.793+0000][1][safepoint    ] Safepoint "RevokeBias", Time since last: 61118804 ns, Reaching safepoint: 119976 ns, At safepoint: 31385 ns, Total: 151361 ns
[2020-09-12T12:32:16.799+0000][1][safepoint    ] Safepoint "RevokeBias", Time since last: 6064012 ns, Reaching safepoint: 201968 ns, At safepoint: 29509 ns, Total: 231477 ns
[2020-09-12T12:32:16.799+0000][1][safepoint    ] Safepoint "RevokeBias", Time since last: 139392 ns, Reaching safepoint: 117575 ns, At safepoint: 15864 ns, Total: 133439 ns
[2020-09-12T12:32:16.800+0000][1][safepoint    ] Safepoint "RevokeBias", Time since last: 132785 ns, Reaching safepoint: 45998 ns, At safepoint: 16520 ns, Total: 62518 ns
[2020-09-12T12:32:16.866+0000][1][safepoint    ] Safepoint "RevokeBias", Time since last: 66062059 ns, Reaching safepoint: 129978 ns, At safepoint: 27326 ns, Total: 157304 ns
[2020-09-12T12:32:16.866+0000][1][safepoint    ] Safepoint "RevokeBias", Time since last: 152958 ns, Reaching safepoint: 98982 ns, At safepoint: 21194 ns, Total: 120176 ns
[2020-09-12T12:32:16.868+0000][1][safepoint    ] Safepoint "RevokeBias", Time since last: 1960929 ns, Reaching safepoint: 94755 ns, At safepoint: 24248 ns, Total: 119003 ns
[2020-09-12T12:32:16.871+0000][1][safepoint    ] Safepoint "RevokeBias", Time since last: 2373094 ns, Reaching safepoint: 131657 ns, At safepoint: 37437 ns, Total: 169094 ns
[2020-09-12T12:32:16.897+0000][1][safepoint    ] Safepoint "RevokeBias", Time since last: 25929357 ns, Reaching safepoint: 381727 ns, At safepoint: 32477 ns, Total: 414204 ns
[2020-09-12T12:32:16.906+0000][1][safepoint    ] Safepoint "RevokeBias", Time since last: 8954430 ns, Reaching safepoint: 109100 ns, At safepoint: 27192 ns, Total: 136292 ns
[2020-09-12T12:32:16.908+0000][1][safepoint    ] Safepoint "RevokeBias", Time since last: 1790921 ns, Reaching safepoint: 114845 ns, At safepoint: 25833 ns, Total: 140678 ns
[2020-09-12T12:32:16.936+0000][1][safepoint    ] Safepoint "RevokeBias", Time since last: 28160302 ns, Reaching safepoint: 108242 ns, At safepoint: 24180 ns, Total: 132422 ns
[2020-09-12T12:32:16.937+0000][1][safepoint    ] Safepoint "RevokeBias", Time since last: 153156 ns, Reaching safepoint: 95395 ns, At safepoint: 16466 ns, Total: 111861 ns
[2020-09-12T12:32:16.986+0000][1][safepoint    ] Safepoint "RevokeBias", Time since last: 49375243 ns, Reaching safepoint: 108276 ns, At safepoint: 21853 ns, Total: 130129 ns
[2020-09-12T12:32:17.987+0000][1][safepoint    ] Safepoint "Cleanup", Time since last: 1000195354 ns, Reaching safepoint: 118711 ns, At safepoint: 16210 ns, Total: 134921 ns
[2020-09-12T12:32:18.987+0000][1][safepoint    ] Safepoint "Cleanup", Time since last: 1000131497 ns, Reaching safepoint: 134095 ns, At safepoint: 20426 ns, Total: 154521 ns
[2020-09-12T12:32:19.987+0000][1][safepoint    ] Safepoint "Cleanup", Time since last: 1000122715 ns, Reaching safepoint: 121311 ns, At safepoint: 15550 ns, Total: 136861 ns
[2020-09-12T12:32:20.987+0000][1][safepoint    ] Safepoint "Cleanup", Time since last: 1000120317 ns, Reaching safepoint: 122837 ns, At safepoint: 14841 ns, Total: 137678 ns
[2020-09-12T12:32:21.988+0000][1][safepoint    ] Safepoint "Cleanup", Time since last: 1000115190 ns, Reaching safepoint: 150827 ns, At safepoint: 17177 ns, Total: 168004 ns
[2020-09-12T12:32:22.988+0000][1][safepoint    ] Safepoint "Cleanup", Time since last: 1000120910 ns, Reaching safepoint: 133340 ns, At safepoint: 15626 ns, Total: 148966 ns
[2020-09-12T12:32:23.038+0000][1][safepoint    ] Safepoint "RevokeBias", Time since last: 50372996 ns, Reaching safepoint: 126379 ns, At safepoint: 60849 ns, Total: 187228 ns
[2020-09-12T12:32:24.039+0000][1][safepoint    ] Safepoint "Cleanup", Time since last: 1000113856 ns, Reaching safepoint: 115368 ns, At safepoint: 10544 ns, Total: 125912 ns
[2020-09-12T12:32:25.039+0000][1][safepoint    ] Safepoint "Cleanup", Time since last: 1000112274 ns, Reaching safepoint: 140466 ns, At safepoint: 13593 ns, Total: 154059 ns
[2020-09-12T12:32:26.039+0000][1][safepoint    ] Safepoint "Cleanup", Time since last: 1000118800 ns, Reaching safepoint: 111889 ns, At safepoint: 11880 ns, Total: 123769 ns
[2020-09-12T12:32:26.361+0000][1][safepoint    ] Safepoint "RevokeBias", Time since last: 317535585 ns, Reaching safepoint: 4033179 ns, At safepoint: 43239 ns, Total: 4076418 ns
[2020-09-12T12:32:26.383+0000][1][safepoint    ] Safepoint "RevokeBias", Time since last: 17690439 ns, Reaching safepoint: 4017221 ns, At safepoint: 42344 ns, Total: 4059565 ns
[2020-09-12T12:32:26.415+0000][1][safepoint    ] Safepoint "RevokeBias", Time since last: 30074152 ns, Reaching safepoint: 2267959 ns, At safepoint: 33914 ns, Total: 2301873 ns
[2020-09-12T12:32:26.417+0000][1][safepoint    ] Safepoint "RevokeBias", Time since last: 1713333 ns, Reaching safepoint: 205897 ns, At safepoint: 26180 ns, Total: 232077 ns
[2020-09-12T12:32:26.417+0000][1][safepoint    ] Safepoint "RevokeBias", Time since last: 66230 ns, Reaching safepoint: 306580 ns, At safepoint: 18778 ns, Total: 325358 ns
[2020-09-12T12:32:26.418+0000][1][safepoint    ] Safepoint "RevokeBias", Time since last: 53276 ns, Reaching safepoint: 159216 ns, At safepoint: 16904 ns, Total: 176120 ns
[2020-09-12T12:32:26.426+0000][1][safepoint    ] Safepoint "RevokeBias", Time since last: 8468589 ns, Reaching safepoint: 270715 ns, At safepoint: 44902 ns, Total: 315617 ns
[2020-09-12T12:32:26.427+0000][1][safepoint    ] Safepoint "RevokeBias", Time since last: 122656 ns, Reaching safepoint: 208147 ns, At safepoint: 33182 ns, Total: 241329 ns
[2020-09-12T12:32:27.019+0000][1][safepoint    ] Safepoint "RevokeBias", Time since last: 591817269 ns, Reaching safepoint: 125010 ns, At safepoint: 26389 ns, Total: 151399 ns
[2020-09-12T12:32:27.019+0000][1][safepoint    ] Safepoint "RevokeBias", Time since last: 210392 ns, Reaching safepoint: 51447 ns, At safepoint: 14837 ns, Total: 66284 ns
[2020-09-12T12:32:27.033+0000][1][gc,start     ] GC(60) Pause Young (Allocation Failure)
[2020-09-12T12:32:27.033+0000][1][gc,task      ] GC(60) Using 2 workers of 2 for evacuation
[2020-09-12T12:32:27.063+0000][1][gc,age       ] GC(60) Desired survivor size 8716288 bytes, new threshold 6 (max threshold 6)
[2020-09-12T12:32:27.064+0000][1][gc,age       ] GC(60) Age table with threshold 6 (max threshold 6)
[2020-09-12T12:32:27.064+0000][1][gc,age       ] GC(60) - age   1:     704416 bytes,     704416 total
[2020-09-12T12:32:27.064+0000][1][gc,age       ] GC(60) - age   2:    2376864 bytes,    3081280 total
[2020-09-12T12:32:27.064+0000][1][gc,age       ] GC(60) - age   3:     215248 bytes,    3296528 total
[2020-09-12T12:32:27.064+0000][1][gc,age       ] GC(60) - age   4:       3552 bytes,    3300080 total
[2020-09-12T12:32:27.064+0000][1][gc,age       ] GC(60) - age   5:      77160 bytes,    3377240 total
[2020-09-12T12:32:27.064+0000][1][gc,age       ] GC(60) - age   6:      62320 bytes,    3439560 total
[2020-09-12T12:32:27.064+0000][1][gc,heap      ] GC(60) ParNew: 139769K->5267K(153344K)
[2020-09-12T12:32:27.064+0000][1][gc,heap      ] GC(60) CMS: 104013K->104296K(353920K)
[2020-09-12T12:32:27.064+0000][1][gc,metaspace ] GC(60) Metaspace: 93761K->93761K(1134592K)
[2020-09-12T12:32:27.064+0000][1][gc           ] GC(60) Pause Young (Allocation Failure) 238M->106M(495M) 30.274ms
[2020-09-12T12:32:27.064+0000][1][gc,cpu       ] GC(60) User=0.01s Sys=0.00s Real=0.03s
[2020-09-12T12:32:27.064+0000][1][safepoint    ] Safepoint "GenCollectForAllocation", Time since last: 8298992 ns, Reaching safepoint: 6130523 ns, At safepoint: 30336070 ns, Total: 36466593 ns
[2020-09-12T12:32:27.066+0000][1][safepoint    ] Safepoint "RevokeBias", Time since last: 2413157 ns, Reaching safepoint: 91897 ns, At safepoint: 21079 ns, Total: 112976 ns
[2020-09-12T12:32:27.085+0000][1][safepoint    ] Safepoint "RevokeBias", Time since last: 18030013 ns, Reaching safepoint: 561127 ns, At safepoint: 26550 ns, Total: 587677 ns
[2020-09-12T12:32:28.085+0000][1][safepoint    ] Safepoint "Cleanup", Time since last: 1000124521 ns, Reaching safepoint: 112059 ns, At safepoint: 8380 ns, Total: 120439 ns
[2020-09-12T12:32:29.085+0000][1][safepoint    ] Safepoint "Cleanup", Time since last: 1000114985 ns, Reaching safepoint: 110666 ns, At safepoint: 8639 ns, Total: 119305 ns
[2020-09-12T12:32:30.086+0000][1][safepoint    ] Safepoint "Cleanup", Time since last: 1000109290 ns, Reaching safepoint: 131136 ns, At safepoint: 16927 ns, Total: 148063 ns
[2020-09-12T12:32:30.350+0000][1][safepoint    ] Safepoint "RevokeBias", Time since last: 264145408 ns, Reaching safepoint: 292333 ns, At safepoint: 68150 ns, Total: 360483 ns
[2020-09-12T12:32:30.350+0000][1][safepoint    ] Safepoint "RevokeBias", Time since last: 88989 ns, Reaching safepoint: 81978 ns, At safepoint: 17542 ns, Total: 99520 ns
[2020-09-12T12:32:30.350+0000][1][safepoint    ] Safepoint "RevokeBias", Time since last: 45727 ns, Reaching safepoint: 146910 ns, At safepoint: 18978 ns, Total: 165888 ns
[2020-09-12T12:32:30.351+0000][1][safepoint    ] Safepoint "RevokeBias", Time since last: 45123 ns, Reaching safepoint: 57762 ns, At safepoint: 14066 ns, Total: 71828 ns
[2020-09-12T12:32:31.351+0000][1][safepoint    ] Safepoint "Cleanup", Time since last: 1000144310 ns, Reaching safepoint: 125898 ns, At safepoint: 12145 ns, Total: 138043 ns
[2020-09-12T12:32:32.351+0000][1][safepoint    ] Safepoint "Cleanup", Time since last: 1000113458 ns, Reaching safepoint: 143582 ns, At safepoint: 13338 ns, Total: 156920 ns
[2020-09-12T12:32:33.042+0000][1][safepoint    ] Safepoint "RevokeBias", Time since last: 690316013 ns, Reaching safepoint: 139121 ns, At safepoint: 29911 ns, Total: 169032 ns
[2020-09-12T12:32:34.042+0000][1][safepoint    ] Safepoint "Cleanup", Time since last: 1000126258 ns, Reaching safepoint: 112814 ns, At safepoint: 11414 ns, Total: 124228 ns
[2020-09-12T12:32:35.042+0000][1][safepoint    ] Safepoint "Cleanup", Time since last: 1000105070 ns, Reaching safepoint: 132390 ns, At safepoint: 12654 ns, Total: 145044 ns
[2020-09-12T12:32:36.042+0000][1][safepoint    ] Safepoint "Cleanup", Time since last: 1000119706 ns, Reaching safepoint: 124553 ns, At safepoint: 12364 ns, Total: 136917 ns
[2020-09-12T12:32:36.405+0000][1][safepoint    ] Safepoint "BulkRevokeBias", Time since last: 362104563 ns, Reaching safepoint: 300441 ns, At safepoint: 641515 ns, Total: 941956 ns
[2020-09-12T12:32:37.104+0000][1][safepoint    ] Safepoint "RevokeBias", Time since last: 697922998 ns, Reaching safepoint: 194791 ns, At safepoint: 26617 ns, Total: 221408 ns
[2020-09-12T12:32:38.104+0000][1][safepoint    ] Safepoint "Cleanup", Time since last: 1000119642 ns, Reaching safepoint: 135812 ns, At safepoint: 13987 ns, Total: 149799 ns
[2020-09-12T12:32:39.104+0000][1][safepoint    ] Safepoint "Cleanup", Time since last: 1000130586 ns, Reaching safepoint: 103919 ns, At safepoint: 8918 ns, Total: 112837 ns
[2020-09-12T12:32:39.619+0000][1][safepoint    ] Safepoint "ICBufferFull", Time since last: 514531032 ns, Reaching safepoint: 296059 ns, At safepoint: 11359 ns, Total: 307418 ns
[2020-09-12T12:32:41.614+0000][1][safepoint    ] Safepoint "Cleanup", Time since last: 1995257126 ns, Reaching safepoint: 172901 ns, At safepoint: 14913 ns, Total: 187814 ns
[2020-09-12T12:32:42.615+0000][1][safepoint    ] Safepoint "Cleanup", Time since last: 1000116752 ns, Reaching safepoint: 143253 ns, At safepoint: 10729 ns, Total: 153982 ns
[2020-09-12T12:32:43.030+0000][1][safepoint    ] Safepoint "RevokeBias", Time since last: 414810436 ns, Reaching safepoint: 254046 ns, At safepoint: 50965 ns, Total: 305011 ns
[2020-09-12T12:32:43.044+0000][1][safepoint    ] Safepoint "RevokeBias", Time since last: 14177717 ns, Reaching safepoint: 109096 ns, At safepoint: 26182 ns, Total: 135278 ns
[2020-09-12T12:32:44.045+0000][1][safepoint    ] Safepoint "Cleanup", Time since last: 1000587255 ns, Reaching safepoint: 200422 ns, At safepoint: 9171 ns, Total: 209593 ns
[2020-09-12T12:32:45.045+0000][1][safepoint    ] Safepoint "Cleanup", Time since last: 1000113925 ns, Reaching safepoint: 164924 ns, At safepoint: 15412 ns, Total: 180336 ns
[2020-09-12T12:32:45.986+0000][1][safepoint    ] Safepoint "RevokeBias", Time since last: 941018616 ns, Reaching safepoint: 194761 ns, At safepoint: 30688 ns, Total: 225449 ns
[2020-09-12T12:32:46.441+0000][1][safepoint    ] Safepoint "RevokeBias", Time since last: 454170006 ns, Reaching safepoint: 158805 ns, At safepoint: 23644 ns, Total: 182449 ns
[2020-09-12T12:32:47.116+0000][1][safepoint    ] Safepoint "RevokeBias", Time since last: 674855169 ns, Reaching safepoint: 110171 ns, At safepoint: 33510 ns, Total: 143681 ns
[2020-09-12T12:32:48.116+0000][1][safepoint    ] Safepoint "Cleanup", Time since last: 1000129824 ns, Reaching safepoint: 117796 ns, At safepoint: 12056 ns, Total: 129852 ns
[2020-09-12T12:32:49.116+0000][1][safepoint    ] Safepoint "Cleanup", Time since last: 1000123945 ns, Reaching safepoint: 130520 ns, At safepoint: 13847 ns, Total: 144367 ns
[2020-09-12T12:32:50.117+0000][1][safepoint    ] Safepoint "Cleanup", Time since last: 1000118517 ns, Reaching safepoint: 114894 ns, At safepoint: 12763 ns, Total: 127657 ns
[2020-09-12T12:32:51.117+0000][1][safepoint    ] Safepoint "Cleanup", Time since last: 1000133387 ns, Reaching safepoint: 119938 ns, At safepoint: 14038 ns, Total: 133976 ns
[2020-09-12T12:32:52.117+0000][1][safepoint    ] Safepoint "Cleanup", Time since last: 1000121524 ns, Reaching safepoint: 136352 ns, At safepoint: 19531 ns, Total: 155883 ns
[2020-09-12T12:32:53.043+0000][1][safepoint    ] Safepoint "BulkRevokeBias", Time since last: 925186546 ns, Reaching safepoint: 126512 ns, At safepoint: 353282 ns, Total: 479794 ns
[2020-09-12T12:32:54.044+0000][1][safepoint    ] Safepoint "Cleanup", Time since last: 1000867542 ns, Reaching safepoint: 132333 ns, At safepoint: 8082 ns, Total: 140415 ns
[2020-09-12T12:32:55.044+0000][1][safepoint    ] Safepoint "Cleanup", Time since last: 1000120996 ns, Reaching safepoint: 135180 ns, At safepoint: 12435 ns, Total: 147615 ns
[2020-09-12T12:32:56.044+0000][1][safepoint    ] Safepoint "Cleanup", Time since last: 1000125306 ns, Reaching safepoint: 132658 ns, At safepoint: 14033 ns, Total: 146691 ns
[2020-09-12T12:32:57.045+0000][1][safepoint    ] Safepoint "Cleanup", Time since last: 1000123105 ns, Reaching safepoint: 118668 ns, At safepoint: 13772 ns, Total: 132440 ns
[2020-09-12T12:32:58.045+0000][1][safepoint    ] Safepoint "Cleanup", Time since last: 1000122040 ns, Reaching safepoint: 110692 ns, At safepoint: 40381 ns, Total: 151073 ns
[2020-09-12T12:32:59.045+0000][1][safepoint    ] Safepoint "Cleanup", Time since last: 1000134436 ns, Reaching safepoint: 110384 ns, At safepoint: 15864 ns, Total: 126248 ns
[2020-09-12T12:33:00.045+0000][1][safepoint    ] Safepoint "Cleanup", Time since last: 1000125565 ns, Reaching safepoint: 123848 ns, At safepoint: 15081 ns, Total: 138929 ns
[2020-09-12T12:33:01.046+0000][1][safepoint    ] Safepoint "Cleanup", Time since last: 1000121397 ns, Reaching safepoint: 127524 ns, At safepoint: 11944 ns, Total: 139468 ns
[2020-09-12T12:33:02.046+0000][1][safepoint    ] Safepoint "Cleanup", Time since last: 1000129433 ns, Reaching safepoint: 119195 ns, At safepoint: 11044 ns, Total: 130239 ns
[2020-09-12T12:33:03.034+0000][1][safepoint    ] Safepoint "RevokeBias", Time since last: 987785541 ns, Reaching safepoint: 121492 ns, At safepoint: 24905 ns, Total: 146397 ns
[2020-09-12T12:33:04.034+0000][1][safepoint    ] Safepoint "Cleanup", Time since last: 1000183774 ns, Reaching safepoint: 128398 ns, At safepoint: 13862 ns, Total: 142260 ns
[2020-09-12T12:33:04.181+0000][1][gc,start     ] GC(61) Pause Young (Allocation Failure)
[2020-09-12T12:33:04.181+0000][1][gc,task      ] GC(61) Using 2 workers of 2 for evacuation
[2020-09-12T12:33:04.202+0000][1][gc,age       ] GC(61) Desired survivor size 8716288 bytes, new threshold 6 (max threshold 6)
[2020-09-12T12:33:04.202+0000][1][gc,age       ] GC(61) Age table with threshold 6 (max threshold 6)
[2020-09-12T12:33:04.202+0000][1][gc,age       ] GC(61) - age   1:    4447752 bytes,    4447752 total
[2020-09-12T12:33:04.202+0000][1][gc,age       ] GC(61) - age   2:     660680 bytes,    5108432 total
[2020-09-12T12:33:04.202+0000][1][gc,age       ] GC(61) - age   3:    2358096 bytes,    7466528 total
[2020-09-12T12:33:04.202+0000][1][gc,age       ] GC(61) - age   4:     212488 bytes,    7679016 total
[2020-09-12T12:33:04.202+0000][1][gc,age       ] GC(61) - age   5:       3552 bytes,    7682568 total
[2020-09-12T12:33:04.202+0000][1][gc,age       ] GC(61) - age   6:      77128 bytes,    7759696 total
[2020-09-12T12:33:04.202+0000][1][gc,heap      ] GC(61) ParNew: 141587K->9532K(153344K)
[2020-09-12T12:33:04.202+0000][1][gc,heap      ] GC(61) CMS: 104296K->104356K(353920K)
[2020-09-12T12:33:04.202+0000][1][gc,metaspace ] GC(61) Metaspace: 93926K->93926K(1136640K)
[2020-09-12T12:33:04.202+0000][1][gc           ] GC(61) Pause Young (Allocation Failure) 240M->111M(495M) 20.510ms
[2020-09-12T12:33:04.202+0000][1][gc,cpu       ] GC(61) User=0.01s Sys=0.00s Real=0.02s
[2020-09-12T12:33:04.202+0000][1][safepoint    ] Safepoint "GenCollectForAllocation", Time since last: 146815342 ns, Reaching safepoint: 194179 ns, At safepoint: 20571811 ns, Total: 20765990 ns
[2020-09-12T12:33:05.202+0000][1][safepoint    ] Safepoint "Cleanup", Time since last: 1000090308 ns, Reaching safepoint: 132069 ns, At safepoint: 13178 ns, Total: 145247 ns
[2020-09-12T12:33:06.202+0000][1][safepoint    ] Safepoint "Cleanup", Time since last: 1000121241 ns, Reaching safepoint: 118973 ns, At safepoint: 11770 ns, Total: 130743 ns
[2020-09-12T12:33:06.558+0000][1][safepoint    ] Safepoint "RevokeBias", Time since last: 355904897 ns, Reaching safepoint: 140025 ns, At safepoint: 23068 ns, Total: 163093 ns
[2020-09-12T12:33:07.559+0000][1][safepoint    ] Safepoint "Cleanup", Time since last: 1000100198 ns, Reaching safepoint: 166149 ns, At safepoint: 12695 ns, Total: 178844 ns
[2020-09-12T12:33:08.560+0000][1][safepoint    ] Safepoint "Cleanup", Time since last: 1000199627 ns, Reaching safepoint: 999572 ns, At safepoint: 12573 ns, Total: 1012145 ns
[2020-09-12T12:33:09.560+0000][1][safepoint    ] Safepoint "Cleanup", Time since last: 1000113893 ns, Reaching safepoint: 114902 ns, At safepoint: 10995 ns, Total: 125897 ns
[2020-09-12T12:33:10.560+0000][1][safepoint    ] Safepoint "Cleanup", Time since last: 1000116972 ns, Reaching safepoint: 109806 ns, At safepoint: 9009 ns, Total: 118815 ns
[2020-09-12T12:33:12.561+0000][1][safepoint    ] Safepoint "Cleanup", Time since last: 2000210545 ns, Reaching safepoint: 130984 ns, At safepoint: 11747 ns, Total: 142731 ns
[2020-09-12T12:33:13.037+0000][1][safepoint    ] Safepoint "RevokeBias", Time since last: 476518261 ns, Reaching safepoint: 123858 ns, At safepoint: 57572 ns, Total: 181430 ns
[2020-09-12T12:33:14.038+0000][1][safepoint    ] Safepoint "Cleanup", Time since last: 1000108591 ns, Reaching safepoint: 128244 ns, At safepoint: 10507 ns, Total: 138751 ns
[2020-09-12T12:33:15.038+0000][1][safepoint    ] Safepoint "Cleanup", Time since last: 1000115256 ns, Reaching safepoint: 145145 ns, At safepoint: 12051 ns, Total: 157196 ns
[2020-09-12T12:33:16.038+0000][1][safepoint    ] Safepoint "Cleanup", Time since last: 1000110192 ns, Reaching safepoint: 194699 ns, At safepoint: 16092 ns, Total: 210791 ns
[2020-09-12T12:33:17.038+0000][1][safepoint    ] Safepoint "Cleanup", Time since last: 1000121743 ns, Reaching safepoint: 121287 ns, At safepoint: 12797 ns, Total: 134084 ns
[2020-09-12T12:33:18.039+0000][1][safepoint    ] Safepoint "Cleanup", Time since last: 1000115970 ns, Reaching safepoint: 110239 ns, At safepoint: 10491 ns, Total: 120730 ns
[2020-09-12T12:33:19.039+0000][1][safepoint    ] Safepoint "Cleanup", Time since last: 1000116129 ns, Reaching safepoint: 138733 ns, At safepoint: 12365 ns, Total: 151098 ns
[2020-09-12T12:33:20.039+0000][1][safepoint    ] Safepoint "Cleanup", Time since last: 1000128313 ns, Reaching safepoint: 117113 ns, At safepoint: 13755 ns, Total: 130868 ns
[2020-09-12T12:33:21.039+0000][1][safepoint    ] Safepoint "Cleanup", Time since last: 1000116816 ns, Reaching safepoint: 111524 ns, At safepoint: 9533 ns, Total: 121057 ns
[2020-09-12T12:33:22.045+0000][1][safepoint    ] Safepoint "Cleanup", Time since last: 1005715633 ns, Reaching safepoint: 96368 ns, At safepoint: 14155 ns, Total: 110523 ns
[2020-09-12T12:33:23.042+0000][1][safepoint    ] Safepoint "RevokeBias", Time since last: 996277277 ns, Reaching safepoint: 120045 ns, At safepoint: 22997 ns, Total: 143042 ns
[2020-09-12T12:33:24.042+0000][1][safepoint    ] Safepoint "Cleanup", Time since last: 1000185388 ns, Reaching safepoint: 110169 ns, At safepoint: 14641 ns, Total: 124810 ns
[2020-09-12T12:33:25.042+0000][1][safepoint    ] Safepoint "Cleanup", Time since last: 1000110695 ns, Reaching safepoint: 122277 ns, At safepoint: 8427 ns, Total: 130704 ns
[2020-09-12T12:33:26.042+0000][1][safepoint    ] Safepoint "Cleanup", Time since last: 1000109028 ns, Reaching safepoint: 118653 ns, At safepoint: 11041 ns, Total: 129694 ns
[2020-09-12T12:33:27.045+0000][1][safepoint    ] Safepoint "Cleanup", Time since last: 1001389470 ns, Reaching safepoint: 683122 ns, At safepoint: 12077 ns, Total: 695199 ns
[2020-09-12T12:33:28.045+0000][1][safepoint    ] Safepoint "Cleanup", Time since last: 1000285330 ns, Reaching safepoint: 115125 ns, At safepoint: 11556 ns, Total: 126681 ns
[2020-09-12T12:33:29.045+0000][1][safepoint    ] Safepoint "Cleanup", Time since last: 1000112809 ns, Reaching safepoint: 135525 ns, At safepoint: 15919 ns, Total: 151444 ns
[2020-09-12T12:33:30.045+0000][1][safepoint    ] Safepoint "Cleanup", Time since last: 1000133784 ns, Reaching safepoint: 144408 ns, At safepoint: 12471 ns, Total: 156879 ns
[2020-09-12T12:33:31.046+0000][1][safepoint    ] Safepoint "Cleanup", Time since last: 1000114635 ns, Reaching safepoint: 117401 ns, At safepoint: 11289 ns, Total: 128690 ns
[2020-09-12T12:33:32.046+0000][1][safepoint    ] Safepoint "Cleanup", Time since last: 1000109040 ns, Reaching safepoint: 115111 ns, At safepoint: 12518 ns, Total: 127629 ns
[2020-09-12T12:33:33.046+0000][1][safepoint    ] Safepoint "Cleanup", Time since last: 1000117688 ns, Reaching safepoint: 160996 ns, At safepoint: 11616 ns, Total: 172612 ns
[2020-09-12T12:33:33.054+0000][1][safepoint    ] Safepoint "RevokeBias", Time since last: 7321018 ns, Reaching safepoint: 118979 ns, At safepoint: 35112 ns, Total: 154091 ns
[2020-09-12T12:33:34.054+0000][1][safepoint    ] Safepoint "Cleanup", Time since last: 1000096157 ns, Reaching safepoint: 102422 ns, At safepoint: 8658 ns, Total: 111080 ns
[2020-09-12T12:33:35.054+0000][1][safepoint    ] Safepoint "Cleanup", Time since last: 1000115692 ns, Reaching safepoint: 135418 ns, At safepoint: 14045 ns, Total: 149463 ns
[2020-09-12T12:33:36.054+0000][1][safepoint    ] Safepoint "Cleanup", Time since last: 1000136991 ns, Reaching safepoint: 118267 ns, At safepoint: 16270 ns, Total: 134537 ns
[2020-09-12T12:33:37.055+0000][1][safepoint    ] Safepoint "Cleanup", Time since last: 1000127128 ns, Reaching safepoint: 122834 ns, At safepoint: 13942 ns, Total: 136776 ns
[2020-09-12T12:33:38.055+0000][1][safepoint    ] Safepoint "Cleanup", Time since last: 1000129626 ns, Reaching safepoint: 114807 ns, At safepoint: 12742 ns, Total: 127549 ns
[2020-09-12T12:33:39.055+0000][1][safepoint    ] Safepoint "Cleanup", Time since last: 1000120068 ns, Reaching safepoint: 111030 ns, At safepoint: 12795 ns, Total: 123825 ns
[2020-09-12T12:33:40.055+0000][1][safepoint    ] Safepoint "Cleanup", Time since last: 1000115590 ns, Reaching safepoint: 110238 ns, At safepoint: 18045 ns, Total: 128283 ns
[2020-09-12T12:33:41.056+0000][1][safepoint    ] Safepoint "Cleanup", Time since last: 1000117699 ns, Reaching safepoint: 115336 ns, At safepoint: 11032 ns, Total: 126368 ns
[2020-09-12T12:33:42.056+0000][1][safepoint    ] Safepoint "Cleanup", Time since last: 1000115406 ns, Reaching safepoint: 109981 ns, At safepoint: 10447 ns, Total: 120428 ns
[2020-09-12T12:33:43.037+0000][1][safepoint    ] Safepoint "RevokeBias", Time since last: 980655510 ns, Reaching safepoint: 162444 ns, At safepoint: 24025 ns, Total: 186469 ns
[2020-09-12T12:33:44.037+0000][1][safepoint    ] Safepoint "Cleanup", Time since last: 1000111475 ns, Reaching safepoint: 128241 ns, At safepoint: 12200 ns, Total: 140441 ns
[2020-09-12T12:33:45.037+0000][1][safepoint    ] Safepoint "Cleanup", Time since last: 1000104136 ns, Reaching safepoint: 222935 ns, At safepoint: 13337 ns, Total: 236272 ns
[2020-09-12T12:33:46.038+0000][1][safepoint    ] Safepoint "Cleanup", Time since last: 1000110890 ns, Reaching safepoint: 124725 ns, At safepoint: 11035 ns, Total: 135760 ns
[2020-09-12T12:33:47.038+0000][1][safepoint    ] Safepoint "Cleanup", Time since last: 1000116265 ns, Reaching safepoint: 123618 ns, At safepoint: 9557 ns, Total: 133175 ns
[2020-09-12T12:33:48.038+0000][1][safepoint    ] Safepoint "Cleanup", Time since last: 1000115764 ns, Reaching safepoint: 118109 ns, At safepoint: 12021 ns, Total: 130130 ns
[2020-09-12T12:33:49.038+0000][1][safepoint    ] Safepoint "Cleanup", Time since last: 1000108848 ns, Reaching safepoint: 114415 ns, At safepoint: 10781 ns, Total: 125196 ns
[2020-09-12T12:33:50.039+0000][1][safepoint    ] Safepoint "Cleanup", Time since last: 1000144229 ns, Reaching safepoint: 196408 ns, At safepoint: 14013 ns, Total: 210421 ns
[2020-09-12T12:33:51.039+0000][1][safepoint    ] Safepoint "Cleanup", Time since last: 1000165302 ns, Reaching safepoint: 132350 ns, At safepoint: 15197 ns, Total: 147547 ns
[2020-09-12T12:33:52.039+0000][1][safepoint    ] Safepoint "Cleanup", Time since last: 1000128937 ns, Reaching safepoint: 120648 ns, At safepoint: 11079 ns, Total: 131727 ns
[2020-09-12T12:33:53.040+0000][1][safepoint    ] Safepoint "Cleanup", Time since last: 1000224315 ns, Reaching safepoint: 118683 ns, At safepoint: 8580 ns, Total: 127263 ns
[2020-09-12T12:33:53.040+0000][1][safepoint    ] Safepoint "RevokeBias", Time since last: 370925 ns, Reaching safepoint: 63689 ns, At safepoint: 20463 ns, Total: 84152 ns
[2020-09-12T12:33:54.042+0000][1][safepoint    ] Safepoint "Cleanup", Time since last: 1001423907 ns, Reaching safepoint: 113580 ns, At safepoint: 11730 ns, Total: 125310 ns
[2020-09-12T12:33:55.042+0000][1][safepoint    ] Safepoint "Cleanup", Time since last: 1000265968 ns, Reaching safepoint: 222722 ns, At safepoint: 13567 ns, Total: 236289 ns
[2020-09-12T12:33:56.042+0000][1][safepoint    ] Safepoint "Cleanup", Time since last: 1000113570 ns, Reaching safepoint: 120482 ns, At safepoint: 11095 ns, Total: 131577 ns
[2020-09-12T12:33:57.043+0000][1][safepoint    ] Safepoint "Cleanup", Time since last: 1000117964 ns, Reaching safepoint: 113182 ns, At safepoint: 10611 ns, Total: 123793 ns
[2020-09-12T12:33:58.043+0000][1][safepoint    ] Safepoint "Cleanup", Time since last: 1000131212 ns, Reaching safepoint: 121483 ns, At safepoint: 11323 ns, Total: 132806 ns
[2020-09-12T12:33:59.043+0000][1][safepoint    ] Safepoint "Cleanup", Time since last: 1000115413 ns, Reaching safepoint: 117644 ns, At safepoint: 12111 ns, Total: 129755 ns
[2020-09-12T12:34:00.043+0000][1][safepoint    ] Safepoint "Cleanup", Time since last: 1000113879 ns, Reaching safepoint: 126304 ns, At safepoint: 11356 ns, Total: 137660 ns
[2020-09-12T12:34:01.044+0000][1][safepoint    ] Safepoint "Cleanup", Time since last: 1000120549 ns, Reaching safepoint: 112040 ns, At safepoint: 10595 ns, Total: 122635 ns
[2020-09-12T12:34:02.044+0000][1][safepoint    ] Safepoint "Cleanup", Time since last: 1000114393 ns, Reaching safepoint: 113910 ns, At safepoint: 11507 ns, Total: 125417 ns
[2020-09-12T12:34:03.044+0000][1][safepoint    ] Safepoint "Cleanup", Time since last: 1000121943 ns, Reaching safepoint: 146782 ns, At safepoint: 12581 ns, Total: 159363 ns
[2020-09-12T12:34:03.060+0000][1][safepoint    ] Safepoint "RevokeBias", Time since last: 13789287 ns, Reaching safepoint: 2451772 ns, At safepoint: 35280 ns, Total: 2487052 ns
[2020-09-12T12:34:03.602+0000][1][gc,start     ] GC(62) Pause Young (Allocation Failure)
[2020-09-12T12:34:03.602+0000][1][gc,task      ] GC(62) Using 2 workers of 2 for evacuation
[2020-09-12T12:34:03.611+0000][1][gc,age       ] GC(62) Desired survivor size 8716288 bytes, new threshold 6 (max threshold 6)
[2020-09-12T12:34:03.611+0000][1][gc,age       ] GC(62) Age table with threshold 6 (max threshold 6)
[2020-09-12T12:34:03.611+0000][1][gc,age       ] GC(62) - age   1:     125360 bytes,     125360 total
[2020-09-12T12:34:03.611+0000][1][gc,age       ] GC(62) - age   2:    4350328 bytes,    4475688 total
[2020-09-12T12:34:03.611+0000][1][gc,age       ] GC(62) - age   3:     658200 bytes,    5133888 total
[2020-09-12T12:34:03.611+0000][1][gc,age       ] GC(62) - age   4:    2356096 bytes,    7489984 total
[2020-09-12T12:34:03.611+0000][1][gc,age       ] GC(62) - age   5:     212488 bytes,    7702472 total
[2020-09-12T12:34:03.611+0000][1][gc,age       ] GC(62) - age   6:       3552 bytes,    7706024 total
[2020-09-12T12:34:03.611+0000][1][gc,heap      ] GC(62) ParNew: 145852K->9716K(153344K)
[2020-09-12T12:34:03.611+0000][1][gc,heap      ] GC(62) CMS: 104356K->104432K(353920K)
[2020-09-12T12:34:03.611+0000][1][gc,metaspace ] GC(62) Metaspace: 94142K->94142K(1136640K)
[2020-09-12T12:34:03.611+0000][1][gc           ] GC(62) Pause Young (Allocation Failure) 244M->111M(495M) 9.231ms
[2020-09-12T12:34:03.611+0000][1][gc,cpu       ] GC(62) User=0.01s Sys=0.00s Real=0.01s
[2020-09-12T12:34:03.611+0000][1][safepoint    ] Safepoint "GenCollectForAllocation", Time since last: 541418657 ns, Reaching safepoint: 187164 ns, At safepoint: 9288256 ns, Total: 9475420 ns
[2020-09-12T12:34:04.612+0000][1][safepoint    ] Safepoint "Cleanup", Time since last: 1000088430 ns, Reaching safepoint: 116937 ns, At safepoint: 10887 ns, Total: 127824 ns
[2020-09-12T12:34:05.612+0000][1][safepoint    ] Safepoint "Cleanup", Time since last: 1000110720 ns, Reaching safepoint: 106257 ns, At safepoint: 7409 ns, Total: 113666 ns
[2020-09-12T12:34:06.612+0000][1][safepoint    ] Safepoint "Cleanup", Time since last: 1000116507 ns, Reaching safepoint: 113245 ns, At safepoint: 12095 ns, Total: 125340 ns
[2020-09-12T12:34:07.612+0000][1][safepoint    ] Safepoint "Cleanup", Time since last: 1000115677 ns, Reaching safepoint: 115979 ns, At safepoint: 10264 ns, Total: 126243 ns
[2020-09-12T12:34:08.612+0000][1][safepoint    ] Safepoint "Cleanup", Time since last: 1000114060 ns, Reaching safepoint: 105888 ns, At safepoint: 13763 ns, Total: 119651 ns
[2020-09-12T12:34:09.613+0000][1][safepoint    ] Safepoint "Cleanup", Time since last: 1000116966 ns, Reaching safepoint: 127076 ns, At safepoint: 8287 ns, Total: 135363 ns
[2020-09-12T12:34:10.613+0000][1][safepoint    ] Safepoint "Cleanup", Time since last: 1000114215 ns, Reaching safepoint: 121876 ns, At safepoint: 11761 ns, Total: 133637 ns
[2020-09-12T12:34:11.613+0000][1][safepoint    ] Safepoint "Cleanup", Time since last: 1000126085 ns, Reaching safepoint: 104176 ns, At safepoint: 7740 ns, Total: 111916 ns
[2020-09-12T12:34:12.613+0000][1][safepoint    ] Safepoint "Cleanup", Time since last: 1000114246 ns, Reaching safepoint: 140138 ns, At safepoint: 12251 ns, Total: 152389 ns
[2020-09-12T12:34:13.043+0000][1][safepoint    ] Safepoint "RevokeBias", Time since last: 429141304 ns, Reaching safepoint: 112962 ns, At safepoint: 25681 ns, Total: 138643 ns
[2020-09-12T12:34:14.049+0000][1][safepoint    ] Safepoint "Cleanup", Time since last: 1005926550 ns, Reaching safepoint: 107433 ns, At safepoint: 9156 ns, Total: 116589 ns
[2020-09-12T12:34:15.049+0000][1][safepoint    ] Safepoint "Cleanup", Time since last: 1000115594 ns, Reaching safepoint: 154153 ns, At safepoint: 19842 ns, Total: 173995 ns
[2020-09-12T12:34:16.049+0000][1][safepoint    ] Safepoint "Cleanup", Time since last: 1000117110 ns, Reaching safepoint: 108997 ns, At safepoint: 15031 ns, Total: 124028 ns
[2020-09-12T12:34:17.050+0000][1][safepoint    ] Safepoint "Cleanup", Time since last: 1000115959 ns, Reaching safepoint: 127383 ns, At safepoint: 13529 ns, Total: 140912 ns
[2020-09-12T12:34:18.050+0000][1][safepoint    ] Safepoint "Cleanup", Time since last: 1000124711 ns, Reaching safepoint: 115103 ns, At safepoint: 10274 ns, Total: 125377 ns
[2020-09-12T12:34:19.050+0000][1][safepoint    ] Safepoint "Cleanup", Time since last: 1000116734 ns, Reaching safepoint: 111266 ns, At safepoint: 9993 ns, Total: 121259 ns
[2020-09-12T12:34:20.050+0000][1][safepoint    ] Safepoint "Cleanup", Time since last: 1000121724 ns, Reaching safepoint: 113668 ns, At safepoint: 10840 ns, Total: 124508 ns
[2020-09-12T12:34:21.051+0000][1][safepoint    ] Safepoint "Cleanup", Time since last: 1000128607 ns, Reaching safepoint: 113549 ns, At safepoint: 9790 ns, Total: 123339 ns
[2020-09-12T12:34:22.051+0000][1][safepoint    ] Safepoint "Cleanup", Time since last: 1000119052 ns, Reaching safepoint: 109459 ns, At safepoint: 7896 ns, Total: 117355 ns
[2020-09-12T12:34:23.039+0000][1][safepoint    ] Safepoint "RevokeBias", Time since last: 987489406 ns, Reaching safepoint: 240184 ns, At safepoint: 39225 ns, Total: 279409 ns
[2020-09-12T12:34:24.039+0000][1][safepoint    ] Safepoint "Cleanup", Time since last: 1000152141 ns, Reaching safepoint: 188926 ns, At safepoint: 9956 ns, Total: 198882 ns
[2020-09-12T12:34:25.039+0000][1][safepoint    ] Safepoint "Cleanup", Time since last: 1000108778 ns, Reaching safepoint: 129763 ns, At safepoint: 11924 ns, Total: 141687 ns
[2020-09-12T12:34:26.039+0000][1][safepoint    ] Safepoint "Cleanup", Time since last: 1000111784 ns, Reaching safepoint: 105319 ns, At safepoint: 9856 ns, Total: 115175 ns
[2020-09-12T12:34:27.040+0000][1][safepoint    ] Safepoint "Cleanup", Time since last: 1000115215 ns, Reaching safepoint: 113822 ns, At safepoint: 11976 ns, Total: 125798 ns
[2020-09-12T12:34:28.040+0000][1][safepoint    ] Safepoint "Cleanup", Time since last: 1000117210 ns, Reaching safepoint: 111039 ns, At safepoint: 12508 ns, Total: 123547 ns
[2020-09-12T12:34:29.040+0000][1][safepoint    ] Safepoint "Cleanup", Time since last: 1000120784 ns, Reaching safepoint: 113729 ns, At safepoint: 9348 ns, Total: 123077 ns
[2020-09-12T12:34:30.040+0000][1][safepoint    ] Safepoint "Cleanup", Time since last: 1000115327 ns, Reaching safepoint: 104703 ns, At safepoint: 9958 ns, Total: 114661 ns
[2020-09-12T12:34:31.041+0000][1][safepoint    ] Safepoint "Cleanup", Time since last: 1000122512 ns, Reaching safepoint: 105286 ns, At safepoint: 10258 ns, Total: 115544 ns
[2020-09-12T12:34:32.041+0000][1][safepoint    ] Safepoint "Cleanup", Time since last: 1000164211 ns, Reaching safepoint: 118242 ns, At safepoint: 11895 ns, Total: 130137 ns
[2020-09-12T12:34:33.041+0000][1][safepoint    ] Safepoint "Cleanup", Time since last: 1000137413 ns, Reaching safepoint: 212037 ns, At safepoint: 9660 ns, Total: 221697 ns
[2020-09-12T12:34:33.046+0000][1][safepoint    ] Safepoint "RevokeBias", Time since last: 4391052 ns, Reaching safepoint: 103055 ns, At safepoint: 27774 ns, Total: 130829 ns
[2020-09-12T12:34:34.048+0000][1][safepoint    ] Safepoint "Cleanup", Time since last: 1001804408 ns, Reaching safepoint: 232130 ns, At safepoint: 10372 ns, Total: 242502 ns
[2020-09-12T12:34:35.048+0000][1][safepoint    ] Safepoint "Cleanup", Time since last: 1000109103 ns, Reaching safepoint: 113120 ns, At safepoint: 10306 ns, Total: 123426 ns
[2020-09-12T12:34:36.048+0000][1][safepoint    ] Safepoint "Cleanup", Time since last: 1000102675 ns, Reaching safepoint: 113374 ns, At safepoint: 10154 ns, Total: 123528 ns
[2020-09-12T12:34:37.049+0000][1][safepoint    ] Safepoint "Cleanup", Time since last: 1000115197 ns, Reaching safepoint: 197253 ns, At safepoint: 15895 ns, Total: 213148 ns
[2020-09-12T12:34:38.049+0000][1][safepoint    ] Safepoint "Cleanup", Time since last: 1000129813 ns, Reaching safepoint: 112242 ns, At safepoint: 8934 ns, Total: 121176 ns
[2020-09-12T12:34:39.049+0000][1][safepoint    ] Safepoint "Cleanup", Time since last: 1000114057 ns, Reaching safepoint: 109499 ns, At safepoint: 11632 ns, Total: 121131 ns
[2020-09-12T12:34:40.049+0000][1][safepoint    ] Safepoint "Cleanup", Time since last: 1000199303 ns, Reaching safepoint: 106942 ns, At safepoint: 10183 ns, Total: 117125 ns
[2020-09-12T12:34:41.050+0000][1][safepoint    ] Safepoint "Cleanup", Time since last: 1000114696 ns, Reaching safepoint: 107567 ns, At safepoint: 9634 ns, Total: 117201 ns
[2020-09-12T12:34:42.050+0000][1][safepoint    ] Safepoint "Cleanup", Time since last: 1000117606 ns, Reaching safepoint: 107471 ns, At safepoint: 10878 ns, Total: 118349 ns
[2020-09-12T12:34:43.050+0000][1][safepoint    ] Safepoint "Cleanup", Time since last: 1000104753 ns, Reaching safepoint: 301284 ns, At safepoint: 28699 ns, Total: 329983 ns
[2020-09-12T12:34:43.061+0000][1][safepoint    ] Safepoint "RevokeBias", Time since last: 10238545 ns, Reaching safepoint: 136663 ns, At safepoint: 23762 ns, Total: 160425 ns
[2020-09-12T12:34:44.061+0000][1][safepoint    ] Safepoint "Cleanup", Time since last: 1000113742 ns, Reaching safepoint: 107738 ns, At safepoint: 8061 ns, Total: 115799 ns
[2020-09-12T12:34:45.061+0000][1][safepoint    ] Safepoint "Cleanup", Time since last: 1000114095 ns, Reaching safepoint: 124856 ns, At safepoint: 11776 ns, Total: 136632 ns
[2020-09-12T12:34:46.062+0000][1][safepoint    ] Safepoint "Cleanup", Time since last: 1000120521 ns, Reaching safepoint: 463581 ns, At safepoint: 29120 ns, Total: 492701 ns
[2020-09-12T12:34:47.062+0000][1][safepoint    ] Safepoint "Cleanup", Time since last: 1000155202 ns, Reaching safepoint: 271618 ns, At safepoint: 11966 ns, Total: 283584 ns
[2020-09-12T12:34:48.062+0000][1][safepoint    ] Safepoint "Cleanup", Time since last: 1000078515 ns, Reaching safepoint: 104728 ns, At safepoint: 9548 ns, Total: 114276 ns
[2020-09-12T12:34:49.063+0000][1][safepoint    ] Safepoint "Cleanup", Time since last: 1000172027 ns, Reaching safepoint: 148331 ns, At safepoint: 12573 ns, Total: 160904 ns
[2020-09-12T12:34:50.063+0000][1][safepoint    ] Safepoint "Cleanup", Time since last: 1000119205 ns, Reaching safepoint: 118196 ns, At safepoint: 11696 ns, Total: 129892 ns
[2020-09-12T12:34:51.063+0000][1][safepoint    ] Safepoint "Cleanup", Time since last: 1000130362 ns, Reaching safepoint: 112231 ns, At safepoint: 12674 ns, Total: 124905 ns
[2020-09-12T12:34:52.064+0000][1][safepoint    ] Safepoint "Cleanup", Time since last: 1000115369 ns, Reaching safepoint: 103492 ns, At safepoint: 8649 ns, Total: 112141 ns
[2020-09-12T12:34:53.040+0000][1][safepoint    ] Safepoint "RevokeBias", Time since last: 976598966 ns, Reaching safepoint: 124456 ns, At safepoint: 23786 ns, Total: 148242 ns
[2020-09-12T12:34:54.041+0000][1][safepoint    ] Safepoint "Cleanup", Time since last: 1000126792 ns, Reaching safepoint: 109584 ns, At safepoint: 10854 ns, Total: 120438 ns
[2020-09-12T12:34:55.041+0000][1][safepoint    ] Safepoint "Cleanup", Time since last: 1000150194 ns, Reaching safepoint: 146133 ns, At safepoint: 9503 ns, Total: 155636 ns
[2020-09-12T12:34:56.041+0000][1][safepoint    ] Safepoint "Cleanup", Time since last: 1000128345 ns, Reaching safepoint: 105342 ns, At safepoint: 8696 ns, Total: 114038 ns
[2020-09-12T12:34:57.041+0000][1][safepoint    ] Safepoint "Cleanup", Time since last: 1000116524 ns, Reaching safepoint: 120332 ns, At safepoint: 11207 ns, Total: 131539 ns
[2020-09-12T12:34:58.042+0000][1][safepoint    ] Safepoint "Cleanup", Time since last: 1000116994 ns, Reaching safepoint: 103637 ns, At safepoint: 8455 ns, Total: 112092 ns
[2020-09-12T12:34:59.042+0000][1][safepoint    ] Safepoint "Cleanup", Time since last: 1000109085 ns, Reaching safepoint: 106289 ns, At safepoint: 12461 ns, Total: 118750 ns
[2020-09-12T12:35:00.043+0000][1][safepoint    ] Safepoint "Cleanup", Time since last: 1001183189 ns, Reaching safepoint: 108880 ns, At safepoint: 8260 ns, Total: 117140 ns
[2020-09-12T12:35:01.043+0000][1][safepoint    ] Safepoint "Cleanup", Time since last: 1000120448 ns, Reaching safepoint: 124470 ns, At safepoint: 11189 ns, Total: 135659 ns
[2020-09-12T12:35:02.044+0000][1][safepoint    ] Safepoint "Cleanup", Time since last: 1000114850 ns, Reaching safepoint: 103875 ns, At safepoint: 9012 ns, Total: 112887 ns
[2020-09-12T12:35:02.138+0000][1][gc,start     ] GC(63) Pause Young (Allocation Failure)
[2020-09-12T12:35:02.138+0000][1][gc,task      ] GC(63) Using 2 workers of 2 for evacuation
[2020-09-12T12:35:02.145+0000][1][gc,age       ] GC(63) Desired survivor size 8716288 bytes, new threshold 6 (max threshold 6)
[2020-09-12T12:35:02.145+0000][1][gc,age       ] GC(63) Age table with threshold 6 (max threshold 6)
[2020-09-12T12:35:02.145+0000][1][gc,age       ] GC(63) - age   1:     157080 bytes,     157080 total
[2020-09-12T12:35:02.145+0000][1][gc,age       ] GC(63) - age   2:      38040 bytes,     195120 total
[2020-09-12T12:35:02.145+0000][1][gc,age       ] GC(63) - age   3:    4347848 bytes,    4542968 total
[2020-09-12T12:35:02.145+0000][1][gc,age       ] GC(63) - age   4:     657880 bytes,    5200848 total
[2020-09-12T12:35:02.145+0000][1][gc,age       ] GC(63) - age   5:    2356096 bytes,    7556944 total
[2020-09-12T12:35:02.145+0000][1][gc,age       ] GC(63) - age   6:     212488 bytes,    7769432 total
[2020-09-12T12:35:02.145+0000][1][gc,heap      ] GC(63) ParNew: 146036K->10895K(153344K)
[2020-09-12T12:35:02.145+0000][1][gc,heap      ] GC(63) CMS: 104432K->104436K(353920K)
[2020-09-12T12:35:02.145+0000][1][gc,metaspace ] GC(63) Metaspace: 94252K->94252K(1136640K)
[2020-09-12T12:35:02.145+0000][1][gc           ] GC(63) Pause Young (Allocation Failure) 244M->112M(495M) 6.784ms
[2020-09-12T12:35:02.145+0000][1][gc,cpu       ] GC(63) User=0.01s Sys=0.00s Real=0.01s
[2020-09-12T12:35:02.145+0000][1][safepoint    ] Safepoint "GenCollectForAllocation", Time since last: 94561356 ns, Reaching safepoint: 185145 ns, At safepoint: 6842549 ns, Total: 7027694 ns
[2020-09-12T12:35:03.041+0000][1][safepoint    ] Safepoint "RevokeBias", Time since last: 895659019 ns, Reaching safepoint: 113539 ns, At safepoint: 23386 ns, Total: 136925 ns
[2020-09-12T12:35:03.705+0000][1][safepoint    ] Safepoint "RevokeBias", Time since last: 659909397 ns, Reaching safepoint: 3930340 ns, At safepoint: 41449 ns, Total: 3971789 ns
[2020-09-12T12:35:03.708+0000][1][safepoint    ] Safepoint "RevokeBias", Time since last: 909451 ns, Reaching safepoint: 2234650 ns, At safepoint: 28027 ns, Total: 2262677 ns
[2020-09-12T12:35:03.709+0000][1][safepoint    ] Safepoint "RevokeBias", Time since last: 784530 ns, Reaching safepoint: 158411 ns, At safepoint: 17209 ns, Total: 175620 ns
[2020-09-12T12:35:03.710+0000][1][safepoint    ] Safepoint "RevokeBias", Time since last: 727878 ns, Reaching safepoint: 209037 ns, At safepoint: 20029 ns, Total: 229066 ns
[2020-09-12T12:35:03.710+0000][1][safepoint    ] Safepoint "RevokeBias", Time since last: 148219 ns, Reaching safepoint: 128436 ns, At safepoint: 13929 ns, Total: 142365 ns
[2020-09-12T12:35:03.712+0000][1][safepoint    ] Safepoint "RevokeBias", Time since last: 1253551 ns, Reaching safepoint: 462369 ns, At safepoint: 23973 ns, Total: 486342 ns
[2020-09-12T12:35:03.713+0000][1][safepoint    ] Safepoint "RevokeBias", Time since last: 187225 ns, Reaching safepoint: 366813 ns, At safepoint: 15917 ns, Total: 382730 ns
[2020-09-12T12:35:03.713+0000][1][safepoint    ] Safepoint "RevokeBias", Time since last: 255015 ns, Reaching safepoint: 126534 ns, At safepoint: 14587 ns, Total: 141121 ns
[2020-09-12T12:35:03.713+0000][1][safepoint    ] Safepoint "RevokeBias", Time since last: 67223 ns, Reaching safepoint: 213660 ns, At safepoint: 13597 ns, Total: 227257 ns
[2020-09-12T12:35:03.713+0000][1][safepoint    ] Safepoint "RevokeBias", Time since last: 49319 ns, Reaching safepoint: 147795 ns, At safepoint: 12853 ns, Total: 160648 ns
[2020-09-12T12:35:03.714+0000][1][safepoint    ] Safepoint "RevokeBias", Time since last: 42910 ns, Reaching safepoint: 147116 ns, At safepoint: 12507 ns, Total: 159623 ns
[2020-09-12T12:35:03.714+0000][1][safepoint    ] Safepoint "RevokeBias", Time since last: 53863 ns, Reaching safepoint: 194563 ns, At safepoint: 12593 ns, Total: 207156 ns
[2020-09-12T12:35:03.724+0000][1][safepoint    ] Safepoint "RevokeBias", Time since last: 10034804 ns, Reaching safepoint: 182368 ns, At safepoint: 22426 ns, Total: 204794 ns
[2020-09-12T12:35:04.706+0000][1][safepoint    ] Safepoint "RevokeBias", Time since last: 981737055 ns, Reaching safepoint: 109669 ns, At safepoint: 21301 ns, Total: 130970 ns
[2020-09-12T12:35:04.706+0000][1][safepoint    ] Safepoint "RevokeBias", Time since last: 214496 ns, Reaching safepoint: 41231 ns, At safepoint: 12236 ns, Total: 53467 ns
[2020-09-12T12:35:04.706+0000][1][safepoint    ] Safepoint "RevokeBias", Time since last: 99902 ns, Reaching safepoint: 37607 ns, At safepoint: 10826 ns, Total: 48433 ns
[2020-09-12T12:35:05.707+0000][1][safepoint    ] Safepoint "Cleanup", Time since last: 1000083754 ns, Reaching safepoint: 100987 ns, At safepoint: 7703 ns, Total: 108690 ns
[2020-09-12T12:35:06.707+0000][1][safepoint    ] Safepoint "Cleanup", Time since last: 1000110901 ns, Reaching safepoint: 112561 ns, At safepoint: 7705 ns, Total: 120266 ns
[2020-09-12T12:35:07.707+0000][1][safepoint    ] Safepoint "Cleanup", Time since last: 1000114471 ns, Reaching safepoint: 109051 ns, At safepoint: 7626 ns, Total: 116677 ns
[2020-09-12T12:35:08.608+0000][1][safepoint    ] Safepoint "RevokeBias", Time since last: 901153308 ns, Reaching safepoint: 108462 ns, At safepoint: 20020 ns, Total: 128482 ns
[2020-09-12T12:35:08.613+0000][1][safepoint    ] Safepoint "RevokeBias", Time since last: 2936554 ns, Reaching safepoint: 1552668 ns, At safepoint: 28043 ns, Total: 1580711 ns
[2020-09-12T12:35:08.618+0000][1][safepoint    ] Safepoint "RevokeBias", Time since last: 4414157 ns, Reaching safepoint: 401634 ns, At safepoint: 24057 ns, Total: 425691 ns
[2020-09-12T12:35:08.632+0000][1][safepoint    ] Safepoint "RevokeBias", Time since last: 4756551 ns, Reaching safepoint: 9490363 ns, At safepoint: 30952 ns, Total: 9521315 ns
[2020-09-12T12:35:08.634+0000][1][safepoint    ] Safepoint "RevokeBias", Time since last: 2055998 ns, Reaching safepoint: 203451 ns, At safepoint: 20792 ns, Total: 224243 ns
[2020-09-12T12:35:08.639+0000][1][safepoint    ] Safepoint "RevokeBias", Time since last: 4199758 ns, Reaching safepoint: 874184 ns, At safepoint: 53305 ns, Total: 927489 ns
[2020-09-12T12:35:08.697+0000][1][safepoint    ] Safepoint "RevokeBias", Time since last: 57791785 ns, Reaching safepoint: 115450 ns, At safepoint: 24950 ns, Total: 140400 ns
[2020-09-12T12:35:08.698+0000][1][safepoint    ] Safepoint "RevokeBias", Time since last: 247674 ns, Reaching safepoint: 62942 ns, At safepoint: 14936 ns, Total: 77878 ns
[2020-09-12T12:35:09.698+0000][1][safepoint    ] Safepoint "Cleanup", Time since last: 1000096601 ns, Reaching safepoint: 99383 ns, At safepoint: 8191 ns, Total: 107574 ns
[2020-09-12T12:35:10.698+0000][1][safepoint    ] Safepoint "Cleanup", Time since last: 1000110842 ns, Reaching safepoint: 144034 ns, At safepoint: 9586 ns, Total: 153620 ns
[2020-09-12T12:35:11.698+0000][1][safepoint    ] Safepoint "Cleanup", Time since last: 1000111193 ns, Reaching safepoint: 100742 ns, At safepoint: 8418 ns, Total: 109160 ns
[2020-09-12T12:35:12.699+0000][1][safepoint    ] Safepoint "Cleanup", Time since last: 1000126347 ns, Reaching safepoint: 105441 ns, At safepoint: 8013 ns, Total: 113454 ns
[2020-09-12T12:35:13.040+0000][1][safepoint    ] Safepoint "RevokeBias", Time since last: 341796973 ns, Reaching safepoint: 112770 ns, At safepoint: 24333 ns, Total: 137103 ns
[2020-09-12T12:35:14.046+0000][1][safepoint    ] Safepoint "Cleanup", Time since last: 1004191025 ns, Reaching safepoint: 828649 ns, At safepoint: 13809 ns, Total: 842458 ns
[2020-09-12T12:35:15.046+0000][1][safepoint    ] Safepoint "Cleanup", Time since last: 1000112419 ns, Reaching safepoint: 111717 ns, At safepoint: 8128 ns, Total: 119845 ns
[2020-09-12T12:35:15.425+0000][1][safepoint    ] Safepoint "RevokeBias", Time since last: 378999058 ns, Reaching safepoint: 200178 ns, At safepoint: 25748 ns, Total: 225926 ns
[2020-09-12T12:35:15.425+0000][1][safepoint    ] Safepoint "RevokeBias", Time since last: 86606 ns, Reaching safepoint: 189731 ns, At safepoint: 19396 ns, Total: 209127 ns
[2020-09-12T12:35:15.426+0000][1][safepoint    ] Safepoint "RevokeBias", Time since last: 58330 ns, Reaching safepoint: 164093 ns, At safepoint: 18253 ns, Total: 182346 ns
[2020-09-12T12:35:15.426+0000][1][safepoint    ] Safepoint "RevokeBias", Time since last: 54752 ns, Reaching safepoint: 161178 ns, At safepoint: 17111 ns, Total: 178289 ns
[2020-09-12T12:35:15.427+0000][1][safepoint    ] Safepoint "RevokeBias", Time since last: 105198 ns, Reaching safepoint: 827167 ns, At safepoint: 20766 ns, Total: 847933 ns
[2020-09-12T12:35:15.439+0000][1][safepoint    ] Safepoint "RevokeBias", Time since last: 11074761 ns, Reaching safepoint: 1131562 ns, At safepoint: 29885 ns, Total: 1161447 ns
[2020-09-12T12:35:15.710+0000][1][safepoint    ] Safepoint "RevokeBias", Time since last: 270361551 ns, Reaching safepoint: 351275 ns, At safepoint: 49410 ns, Total: 400685 ns
[2020-09-12T12:35:16.710+0000][1][safepoint    ] Safepoint "Cleanup", Time since last: 1000118822 ns, Reaching safepoint: 119260 ns, At safepoint: 8855 ns, Total: 128115 ns
[2020-09-12T12:35:17.710+0000][1][safepoint    ] Safepoint "Cleanup", Time since last: 1000106619 ns, Reaching safepoint: 109322 ns, At safepoint: 10612 ns, Total: 119934 ns
[2020-09-12T12:35:18.710+0000][1][safepoint    ] Safepoint "Cleanup", Time since last: 1000114365 ns, Reaching safepoint: 106066 ns, At safepoint: 8564 ns, Total: 114630 ns
[2020-09-12T12:35:18.713+0000][1][safepoint    ] Safepoint "RevokeBias", Time since last: 2699495 ns, Reaching safepoint: 165828 ns, At safepoint: 31787 ns, Total: 197615 ns
[2020-09-12T12:35:19.714+0000][1][safepoint    ] Safepoint "Cleanup", Time since last: 1000100113 ns, Reaching safepoint: 100344 ns, At safepoint: 9194 ns, Total: 109538 ns
[2020-09-12T12:35:20.426+0000][1][safepoint    ] Safepoint "RevokeBias", Time since last: 711983618 ns, Reaching safepoint: 126455 ns, At safepoint: 21916 ns, Total: 148371 ns
[2020-09-12T12:35:20.426+0000][1][safepoint    ] Safepoint "RevokeBias", Time since last: 85008 ns, Reaching safepoint: 83901 ns, At safepoint: 16701 ns, Total: 100602 ns
[2020-09-12T12:35:20.426+0000][1][safepoint    ] Safepoint "RevokeBias", Time since last: 56730 ns, Reaching safepoint: 71065 ns, At safepoint: 14017 ns, Total: 85082 ns
[2020-09-12T12:35:20.426+0000][1][safepoint    ] Safepoint "RevokeBias", Time since last: 45827 ns, Reaching safepoint: 62873 ns, At safepoint: 12876 ns, Total: 75749 ns
[2020-09-12T12:35:20.426+0000][1][safepoint    ] Safepoint "RevokeBias", Time since last: 79484 ns, Reaching safepoint: 63313 ns, At safepoint: 12694 ns, Total: 76007 ns
[2020-09-12T12:35:20.433+0000][1][safepoint    ] Safepoint "RevokeBias", Time since last: 6818513 ns, Reaching safepoint: 168985 ns, At safepoint: 23712 ns, Total: 192697 ns
[2020-09-12T12:35:20.714+0000][1][safepoint    ] Safepoint "RevokeBias", Time since last: 280888210 ns, Reaching safepoint: 100990 ns, At safepoint: 27687 ns, Total: 128677 ns
[2020-09-12T12:35:21.715+0000][1][safepoint    ] Safepoint "Cleanup", Time since last: 1000130595 ns, Reaching safepoint: 175237 ns, At safepoint: 10188 ns, Total: 185425 ns
[2020-09-12T12:35:22.715+0000][1][safepoint    ] Safepoint "Cleanup", Time since last: 1000114769 ns, Reaching safepoint: 199866 ns, At safepoint: 11505 ns, Total: 211371 ns
[2020-09-12T12:35:23.041+0000][1][safepoint    ] Safepoint "RevokeBias", Time since last: 325521594 ns, Reaching safepoint: 114337 ns, At safepoint: 28453 ns, Total: 142790 ns
[2020-09-12T12:35:24.041+0000][1][safepoint    ] Safepoint "Cleanup", Time since last: 1000081016 ns, Reaching safepoint: 182088 ns, At safepoint: 9294 ns, Total: 191382 ns
[2020-09-12T12:35:25.041+0000][1][safepoint    ] Safepoint "Cleanup", Time since last: 1000109633 ns, Reaching safepoint: 108434 ns, At safepoint: 10952 ns, Total: 119386 ns
[2020-09-12T12:35:26.041+0000][1][safepoint    ] Safepoint "Cleanup", Time since last: 1000119708 ns, Reaching safepoint: 105212 ns, At safepoint: 9622 ns, Total: 114834 ns
[2020-09-12T12:35:27.042+0000][1][safepoint    ] Safepoint "Cleanup", Time since last: 1000144330 ns, Reaching safepoint: 153483 ns, At safepoint: 10753 ns, Total: 164236 ns
[2020-09-12T12:35:28.042+0000][1][safepoint    ] Safepoint "Cleanup", Time since last: 1000159175 ns, Reaching safepoint: 103151 ns, At safepoint: 9228 ns, Total: 112379 ns
[2020-09-12T12:35:29.042+0000][1][safepoint    ] Safepoint "Cleanup", Time since last: 1000100046 ns, Reaching safepoint: 103896 ns, At safepoint: 10045 ns, Total: 113941 ns
[2020-09-12T12:35:30.042+0000][1][safepoint    ] Safepoint "Cleanup", Time since last: 1000107055 ns, Reaching safepoint: 109237 ns, At safepoint: 12579 ns, Total: 121816 ns
[2020-09-12T12:35:31.043+0000][1][safepoint    ] Safepoint "Cleanup", Time since last: 1000102767 ns, Reaching safepoint: 105358 ns, At safepoint: 11470 ns, Total: 116828 ns
[2020-09-12T12:35:32.043+0000][1][safepoint    ] Safepoint "Cleanup", Time since last: 1000115550 ns, Reaching safepoint: 100472 ns, At safepoint: 7957 ns, Total: 108429 ns
[2020-09-12T12:35:33.044+0000][1][safepoint    ] Safepoint "Cleanup", Time since last: 1000709203 ns, Reaching safepoint: 161649 ns, At safepoint: 51294 ns, Total: 212943 ns
[2020-09-12T12:35:33.047+0000][1][safepoint    ] Safepoint "RevokeBias", Time since last: 2927738 ns, Reaching safepoint: 230235 ns, At safepoint: 36305 ns, Total: 266540 ns
[2020-09-12T12:35:33.717+0000][1][safepoint    ] Safepoint "RevokeBias", Time since last: 669460023 ns, Reaching safepoint: 197293 ns, At safepoint: 123787 ns, Total: 321080 ns
[2020-09-12T12:35:34.717+0000][1][safepoint    ] Safepoint "Cleanup", Time since last: 1000151400 ns, Reaching safepoint: 112545 ns, At safepoint: 7260 ns, Total: 119805 ns
[2020-09-12T12:35:35.717+0000][1][safepoint    ] Safepoint "Cleanup", Time since last: 1000104888 ns, Reaching safepoint: 104666 ns, At safepoint: 6710 ns, Total: 111376 ns
[2020-09-12T12:35:36.717+0000][1][safepoint    ] Safepoint "Cleanup", Time since last: 1000112479 ns, Reaching safepoint: 106107 ns, At safepoint: 10642 ns, Total: 116749 ns
[2020-09-12T12:35:37.718+0000][1][safepoint    ] Safepoint "Cleanup", Time since last: 1000113405 ns, Reaching safepoint: 110938 ns, At safepoint: 7844 ns, Total: 118782 ns
[2020-09-12T12:35:38.718+0000][1][safepoint    ] Safepoint "Cleanup", Time since last: 1000142168 ns, Reaching safepoint: 199895 ns, At safepoint: 19806 ns, Total: 219701 ns
[2020-09-12T12:35:39.718+0000][1][safepoint    ] Safepoint "Cleanup", Time since last: 1000149726 ns, Reaching safepoint: 99735 ns, At safepoint: 13732 ns, Total: 113467 ns
[2020-09-12T12:35:40.721+0000][1][safepoint    ] Safepoint "Cleanup", Time since last: 1002475751 ns, Reaching safepoint: 118685 ns, At safepoint: 10300 ns, Total: 128985 ns
[2020-09-12T12:35:41.721+0000][1][safepoint    ] Safepoint "Cleanup", Time since last: 1000173420 ns, Reaching safepoint: 116267 ns, At safepoint: 12223 ns, Total: 128490 ns
[2020-09-12T12:35:42.721+0000][1][safepoint    ] Safepoint "Cleanup", Time since last: 1000112272 ns, Reaching safepoint: 110605 ns, At safepoint: 7088 ns, Total: 117693 ns
[2020-09-12T12:35:43.042+0000][1][safepoint    ] Safepoint "RevokeBias", Time since last: 320761746 ns, Reaching safepoint: 115240 ns, At safepoint: 24440 ns, Total: 139680 ns
[2020-09-12T12:35:43.726+0000][1][safepoint    ] Safepoint "RevokeBias", Time since last: 683761115 ns, Reaching safepoint: 111371 ns, At safepoint: 34410 ns, Total: 145781 ns
[2020-09-12T12:35:43.726+0000][1][safepoint    ] Safepoint "RevokeBias", Time since last: 65031 ns, Reaching safepoint: 44076 ns, At safepoint: 15862 ns, Total: 59938 ns
[2020-09-12T12:35:43.736+0000][1][safepoint    ] Safepoint "RevokeBias", Time since last: 9299072 ns, Reaching safepoint: 176929 ns, At safepoint: 21106 ns, Total: 198035 ns
[2020-09-12T12:35:43.741+0000][1][safepoint    ] Safepoint "RevokeBias", Time since last: 4953058 ns, Reaching safepoint: 120916 ns, At safepoint: 20672 ns, Total: 141588 ns
[2020-09-12T12:35:43.744+0000][1][safepoint    ] Safepoint "RevokeBias", Time since last: 3093168 ns, Reaching safepoint: 113615 ns, At safepoint: 18019 ns, Total: 131634 ns
[2020-09-12T12:35:43.759+0000][1][safepoint    ] Safepoint "RevokeBias", Time since last: 14580717 ns, Reaching safepoint: 194115 ns, At safepoint: 294179 ns, Total: 488294 ns
[2020-09-12T12:35:43.760+0000][1][safepoint    ] Safepoint "RevokeBias", Time since last: 138629 ns, Reaching safepoint: 171049 ns, At safepoint: 20086 ns, Total: 191135 ns
[2020-09-12T12:35:43.761+0000][1][safepoint    ] Safepoint "RevokeBias", Time since last: 456230 ns, Reaching safepoint: 566752 ns, At safepoint: 21139 ns, Total: 587891 ns
[2020-09-12T12:35:43.762+0000][1][safepoint    ] Safepoint "RevokeBias", Time since last: 474306 ns, Reaching safepoint: 445727 ns, At safepoint: 20510 ns, Total: 466237 ns
[2020-09-12T12:35:43.779+0000][1][safepoint    ] Safepoint "RevokeBias", Time since last: 17070203 ns, Reaching safepoint: 188011 ns, At safepoint: 35581 ns, Total: 223592 ns
[2020-09-12T12:35:43.779+0000][1][safepoint    ] Safepoint "RevokeBias", Time since last: 243613 ns, Reaching safepoint: 137004 ns, At safepoint: 14725 ns, Total: 151729 ns
[2020-09-12T12:35:43.780+0000][1][safepoint    ] Safepoint "RevokeBias", Time since last: 344603 ns, Reaching safepoint: 151662 ns, At safepoint: 18123 ns, Total: 169785 ns
[2020-09-12T12:35:43.806+0000][1][safepoint    ] Safepoint "RevokeBias", Time since last: 26415140 ns, Reaching safepoint: 181692 ns, At safepoint: 21737 ns, Total: 203429 ns
[2020-09-12T12:35:43.807+0000][1][safepoint    ] Safepoint "RevokeBias", Time since last: 205043 ns, Reaching safepoint: 131215 ns, At safepoint: 14123 ns, Total: 145338 ns
[2020-09-12T12:35:44.051+0000][1][gc,start     ] GC(64) Pause Young (Allocation Failure)
[2020-09-12T12:35:44.051+0000][1][gc,task      ] GC(64) Using 2 workers of 2 for evacuation
[2020-09-12T12:35:44.082+0000][1][gc,age       ] GC(64) Desired survivor size 8716288 bytes, new threshold 6 (max threshold 6)
[2020-09-12T12:35:44.082+0000][1][gc,age       ] GC(64) Age table with threshold 6 (max threshold 6)
[2020-09-12T12:35:44.082+0000][1][gc,age       ] GC(64) - age   1:     401128 bytes,     401128 total
[2020-09-12T12:35:44.082+0000][1][gc,age       ] GC(64) - age   2:       5800 bytes,     406928 total
[2020-09-12T12:35:44.082+0000][1][gc,age       ] GC(64) - age   3:      34176 bytes,     441104 total
[2020-09-12T12:35:44.082+0000][1][gc,age       ] GC(64) - age   4:    4345200 bytes,    4786304 total
[2020-09-12T12:35:44.082+0000][1][gc,age       ] GC(64) - age   5:     657880 bytes,    5444184 total
[2020-09-12T12:35:44.082+0000][1][gc,age       ] GC(64) - age   6:    2355104 bytes,    7799288 total
[2020-09-12T12:35:44.082+0000][1][gc,heap      ] GC(64) ParNew: 147215K->15012K(153344K)
[2020-09-12T12:35:44.082+0000][1][gc,heap      ] GC(64) CMS: 104436K->104645K(353920K)
[2020-09-12T12:35:44.082+0000][1][gc,metaspace ] GC(64) Metaspace: 94440K->94440K(1136640K)
[2020-09-12T12:35:44.082+0000][1][gc           ] GC(64) Pause Young (Allocation Failure) 245M->116M(495M) 30.757ms
[2020-09-12T12:35:44.082+0000][1][gc,cpu       ] GC(64) User=0.01s Sys=0.00s Real=0.03s
[2020-09-12T12:35:44.082+0000][1][safepoint    ] Safepoint "GenCollectForAllocation", Time since last: 244197731 ns, Reaching safepoint: 117241 ns, At safepoint: 30827521 ns, Total: 30944762 ns
[2020-09-12T12:35:45.082+0000][1][safepoint    ] Safepoint "Cleanup", Time since last: 1000097652 ns, Reaching safepoint: 114222 ns, At safepoint: 9372 ns, Total: 123594 ns
[2020-09-12T12:35:46.082+0000][1][safepoint    ] Safepoint "Cleanup", Time since last: 1000127100 ns, Reaching safepoint: 102613 ns, At safepoint: 9574 ns, Total: 112187 ns
[2020-09-12T12:35:48.083+0000][1][safepoint    ] Safepoint "Cleanup", Time since last: 2000185756 ns, Reaching safepoint: 103280 ns, At safepoint: 8582 ns, Total: 111862 ns
[2020-09-12T12:35:49.083+0000][1][safepoint    ] Safepoint "Cleanup", Time since last: 1000122730 ns, Reaching safepoint: 104281 ns, At safepoint: 9755 ns, Total: 114036 ns
[2020-09-12T12:35:50.083+0000][1][safepoint    ] Safepoint "Cleanup", Time since last: 1000106931 ns, Reaching safepoint: 101586 ns, At safepoint: 9215 ns, Total: 110801 ns
[2020-09-12T12:35:52.083+0000][1][safepoint    ] Safepoint "Cleanup", Time since last: 2000155998 ns, Reaching safepoint: 97080 ns, At safepoint: 8369 ns, Total: 105449 ns
[2020-09-12T12:35:53.045+0000][1][safepoint    ] Safepoint "RevokeBias", Time since last: 961484282 ns, Reaching safepoint: 149322 ns, At safepoint: 25353 ns, Total: 174675 ns
[2020-09-12T12:35:54.046+0000][1][safepoint    ] Safepoint "Cleanup", Time since last: 1000424842 ns, Reaching safepoint: 139156 ns, At safepoint: 8611 ns, Total: 147767 ns
[2020-09-12T12:35:55.046+0000][1][safepoint    ] Safepoint "Cleanup", Time since last: 1000115221 ns, Reaching safepoint: 111215 ns, At safepoint: 11777 ns, Total: 122992 ns
[2020-09-12T12:35:56.046+0000][1][safepoint    ] Safepoint "Cleanup", Time since last: 1000120301 ns, Reaching safepoint: 141153 ns, At safepoint: 14033 ns, Total: 155186 ns
[2020-09-12T12:35:57.046+0000][1][safepoint    ] Safepoint "Cleanup", Time since last: 1000124675 ns, Reaching safepoint: 133020 ns, At safepoint: 13149 ns, Total: 146169 ns
[2020-09-12T12:36:00.047+0000][1][safepoint    ] Safepoint "Cleanup", Time since last: 3000273866 ns, Reaching safepoint: 107944 ns, At safepoint: 10052 ns, Total: 117996 ns
[2020-09-12T12:36:01.047+0000][1][safepoint    ] Safepoint "Cleanup", Time since last: 1000127388 ns, Reaching safepoint: 110427 ns, At safepoint: 12308 ns, Total: 122735 ns
[2020-09-12T12:36:02.047+0000][1][safepoint    ] Safepoint "Cleanup", Time since last: 1000125183 ns, Reaching safepoint: 106679 ns, At safepoint: 9021 ns, Total: 115700 ns
[2020-09-12T12:36:03.046+0000][1][safepoint    ] Safepoint "RevokeBias", Time since last: 998461674 ns, Reaching safepoint: 109501 ns, At safepoint: 21554 ns, Total: 131055 ns
[2020-09-12T12:36:04.046+0000][1][safepoint    ] Safepoint "Cleanup", Time since last: 1000106560 ns, Reaching safepoint: 164451 ns, At safepoint: 8967 ns, Total: 173418 ns
[2020-09-12T12:36:05.046+0000][1][safepoint    ] Safepoint "Cleanup", Time since last: 1000110839 ns, Reaching safepoint: 106301 ns, At safepoint: 9655 ns, Total: 115956 ns
[2020-09-12T12:36:06.047+0000][1][safepoint    ] Safepoint "Cleanup", Time since last: 1000117998 ns, Reaching safepoint: 113699 ns, At safepoint: 10686 ns, Total: 124385 ns
[2020-09-12T12:36:10.431+0000][1][safepoint    ] Safepoint "RevokeBias", Time since last: 4383935381 ns, Reaching safepoint: 130737 ns, At safepoint: 24829 ns, Total: 155566 ns
[2020-09-12T12:36:10.431+0000][1][safepoint    ] Safepoint "RevokeBias", Time since last: 140144 ns, Reaching safepoint: 42412 ns, At safepoint: 22809 ns, Total: 65221 ns
[2020-09-12T12:36:10.441+0000][1][safepoint    ] Safepoint "RevokeBias", Time since last: 10223381 ns, Reaching safepoint: 104386 ns, At safepoint: 22156 ns, Total: 126542 ns
[2020-09-12T12:36:10.447+0000][1][safepoint    ] Safepoint "RevokeBias", Time since last: 5343243 ns, Reaching safepoint: 109694 ns, At safepoint: 21661 ns, Total: 131355 ns
[2020-09-12T12:36:11.447+0000][1][safepoint    ] Safepoint "Cleanup", Time since last: 1000116900 ns, Reaching safepoint: 111395 ns, At safepoint: 11582 ns, Total: 122977 ns
[2020-09-12T12:36:12.447+0000][1][safepoint    ] Safepoint "Cleanup", Time since last: 1000116432 ns, Reaching safepoint: 111983 ns, At safepoint: 11895 ns, Total: 123878 ns
[2020-09-12T12:36:13.035+0000][1][safepoint    ] Safepoint "RevokeBias", Time since last: 587931455 ns, Reaching safepoint: 103912 ns, At safepoint: 22301 ns, Total: 126213 ns
[2020-09-12T12:36:14.035+0000][1][safepoint    ] Safepoint "Cleanup", Time since last: 1000137199 ns, Reaching safepoint: 97301 ns, At safepoint: 7743 ns, Total: 105044 ns
[2020-09-12T12:36:15.036+0000][1][safepoint    ] Safepoint "Cleanup", Time since last: 1000115221 ns, Reaching safepoint: 107595 ns, At safepoint: 9127 ns, Total: 116722 ns
[2020-09-12T12:36:16.036+0000][1][safepoint    ] Safepoint "Cleanup", Time since last: 1000143020 ns, Reaching safepoint: 180027 ns, At safepoint: 14369 ns, Total: 194396 ns
[2020-09-12T12:36:17.036+0000][1][safepoint    ] Safepoint "Cleanup", Time since last: 1000132913 ns, Reaching safepoint: 147109 ns, At safepoint: 11572 ns, Total: 158681 ns
[2020-09-12T12:36:18.037+0000][1][safepoint    ] Safepoint "Cleanup", Time since last: 1000135285 ns, Reaching safepoint: 192794 ns, At safepoint: 9544 ns, Total: 202338 ns
[2020-09-12T12:36:19.037+0000][1][safepoint    ] Safepoint "Cleanup", Time since last: 1000108910 ns, Reaching safepoint: 103955 ns, At safepoint: 11007 ns, Total: 114962 ns
[2020-09-12T12:36:20.037+0000][1][safepoint    ] Safepoint "Cleanup", Time since last: 1000116533 ns, Reaching safepoint: 139248 ns, At safepoint: 11479 ns, Total: 150727 ns
[2020-09-12T12:36:21.037+0000][1][safepoint    ] Safepoint "Cleanup", Time since last: 1000117621 ns, Reaching safepoint: 103577 ns, At safepoint: 9768 ns, Total: 113345 ns
[2020-09-12T12:36:22.038+0000][1][safepoint    ] Safepoint "Cleanup", Time since last: 1000115631 ns, Reaching safepoint: 104002 ns, At safepoint: 12583 ns, Total: 116585 ns
[2020-09-12T12:36:23.038+0000][1][safepoint    ] Safepoint "Cleanup", Time since last: 1000119437 ns, Reaching safepoint: 219154 ns, At safepoint: 12715 ns, Total: 231869 ns
[2020-09-12T12:36:23.048+0000][1][safepoint    ] Safepoint "RevokeBias", Time since last: 10316966 ns, Reaching safepoint: 116817 ns, At safepoint: 24020 ns, Total: 140837 ns
[2020-09-12T12:36:24.049+0000][1][safepoint    ] Safepoint "Cleanup", Time since last: 1000099518 ns, Reaching safepoint: 101394 ns, At safepoint: 25875 ns, Total: 127269 ns
[2020-09-12T12:36:25.049+0000][1][safepoint    ] Safepoint "Cleanup", Time since last: 1000116238 ns, Reaching safepoint: 97519 ns, At safepoint: 9120 ns, Total: 106639 ns
[2020-09-12T12:36:26.049+0000][1][safepoint    ] Safepoint "Cleanup", Time since last: 1000115598 ns, Reaching safepoint: 102096 ns, At safepoint: 10242 ns, Total: 112338 ns
[2020-09-12T12:36:27.049+0000][1][safepoint    ] Safepoint "Cleanup", Time since last: 1000117918 ns, Reaching safepoint: 104913 ns, At safepoint: 10724 ns, Total: 115637 ns
[2020-09-12T12:36:28.050+0000][1][safepoint    ] Safepoint "Cleanup", Time since last: 1000115283 ns, Reaching safepoint: 103697 ns, At safepoint: 9882 ns, Total: 113579 ns
[2020-09-12T12:36:29.050+0000][1][safepoint    ] Safepoint "Cleanup", Time since last: 1000118461 ns, Reaching safepoint: 112837 ns, At safepoint: 11297 ns, Total: 124134 ns
[2020-09-12T12:36:30.050+0000][1][safepoint    ] Safepoint "Cleanup", Time since last: 1000121425 ns, Reaching safepoint: 110395 ns, At safepoint: 13068 ns, Total: 123463 ns
[2020-09-12T12:36:31.050+0000][1][safepoint    ] Safepoint "Cleanup", Time since last: 1000147600 ns, Reaching safepoint: 106052 ns, At safepoint: 11793 ns, Total: 117845 ns
[2020-09-12T12:36:32.051+0000][1][safepoint    ] Safepoint "Cleanup", Time since last: 1000126542 ns, Reaching safepoint: 105142 ns, At safepoint: 11006 ns, Total: 116148 ns
[2020-09-12T12:36:33.039+0000][1][safepoint    ] Safepoint "BulkRevokeBias", Time since last: 987584515 ns, Reaching safepoint: 133605 ns, At safepoint: 275657 ns, Total: 409262 ns
[2020-09-12T12:36:34.032+0000][1][gc,start     ] GC(65) Pause Young (Allocation Failure)
[2020-09-12T12:36:34.032+0000][1][gc,task      ] GC(65) Using 2 workers of 2 for evacuation
[2020-09-12T12:36:34.038+0000][1][gc,age       ] GC(65) Desired survivor size 8716288 bytes, new threshold 6 (max threshold 6)
[2020-09-12T12:36:34.038+0000][1][gc,age       ] GC(65) Age table with threshold 6 (max threshold 6)
[2020-09-12T12:36:34.038+0000][1][gc,age       ] GC(65) - age   1:     180288 bytes,     180288 total
[2020-09-12T12:36:34.038+0000][1][gc,age       ] GC(65) - age   2:     264568 bytes,     444856 total
[2020-09-12T12:36:34.038+0000][1][gc,age       ] GC(65) - age   3:       5200 bytes,     450056 total
[2020-09-12T12:36:34.038+0000][1][gc,age       ] GC(65) - age   4:      33904 bytes,     483960 total
[2020-09-12T12:36:34.038+0000][1][gc,age       ] GC(65) - age   5:    4345200 bytes,    4829160 total
[2020-09-12T12:36:34.038+0000][1][gc,age       ] GC(65) - age   6:     657880 bytes,    5487040 total
[2020-09-12T12:36:34.038+0000][1][gc,heap      ] GC(65) ParNew: 151283K->9465K(153344K)
[2020-09-12T12:36:34.038+0000][1][gc,heap      ] GC(65) CMS: 104645K->106948K(353920K)
[2020-09-12T12:36:34.038+0000][1][gc,metaspace ] GC(65) Metaspace: 94575K->94575K(1136640K)
[2020-09-12T12:36:34.038+0000][1][gc           ] GC(65) Pause Young (Allocation Failure) 249M->113M(495M) 6.665ms
[2020-09-12T12:36:34.038+0000][1][gc,cpu       ] GC(65) User=0.01s Sys=0.01s Real=0.00s
[2020-09-12T12:36:34.038+0000][1][safepoint    ] Safepoint "GenCollectForAllocation", Time since last: 992972522 ns, Reaching safepoint: 131671 ns, At safepoint: 6721662 ns, Total: 6853333 ns
[2020-09-12T12:36:35.039+0000][1][safepoint    ] Safepoint "Cleanup", Time since last: 1000086986 ns, Reaching safepoint: 112039 ns, At safepoint: 10477 ns, Total: 122516 ns
[2020-09-12T12:36:36.039+0000][1][safepoint    ] Safepoint "Cleanup", Time since last: 1000131485 ns, Reaching safepoint: 100341 ns, At safepoint: 8727 ns, Total: 109068 ns
[2020-09-12T12:36:37.039+0000][1][safepoint    ] Safepoint "Cleanup", Time since last: 1000120573 ns, Reaching safepoint: 296350 ns, At safepoint: 21310 ns, Total: 317660 ns
[2020-09-12T12:36:38.040+0000][1][safepoint    ] Safepoint "Cleanup", Time since last: 1000127903 ns, Reaching safepoint: 105496 ns, At safepoint: 10038 ns, Total: 115534 ns
[2020-09-12T12:36:39.040+0000][1][safepoint    ] Safepoint "Cleanup", Time since last: 1000118831 ns, Reaching safepoint: 98133 ns, At safepoint: 8669 ns, Total: 106802 ns
[2020-09-12T12:36:40.040+0000][1][safepoint    ] Safepoint "Cleanup", Time since last: 1000107811 ns, Reaching safepoint: 96683 ns, At safepoint: 8445 ns, Total: 105128 ns
[2020-09-12T12:36:41.040+0000][1][safepoint    ] Safepoint "Cleanup", Time since last: 1000124050 ns, Reaching safepoint: 102318 ns, At safepoint: 9366 ns, Total: 111684 ns
[2020-09-12T12:36:42.040+0000][1][safepoint    ] Safepoint "Cleanup", Time since last: 1000114682 ns, Reaching safepoint: 102598 ns, At safepoint: 10063 ns, Total: 112661 ns
[2020-09-12T12:36:43.041+0000][1][safepoint    ] Safepoint "Cleanup", Time since last: 1000137516 ns, Reaching safepoint: 126869 ns, At safepoint: 7914 ns, Total: 134783 ns
[2020-09-12T12:36:43.043+0000][1][safepoint    ] Safepoint "RevokeBias", Time since last: 2130810 ns, Reaching safepoint: 181014 ns, At safepoint: 23970 ns, Total: 204984 ns
[2020-09-12T12:36:44.043+0000][1][safepoint    ] Safepoint "Cleanup", Time since last: 1000121831 ns, Reaching safepoint: 185228 ns, At safepoint: 15502 ns, Total: 200730 ns
[2020-09-12T12:36:45.044+0000][1][safepoint    ] Safepoint "Cleanup", Time since last: 1000128144 ns, Reaching safepoint: 148001 ns, At safepoint: 16610 ns, Total: 164611 ns
[2020-09-12T12:36:46.044+0000][1][safepoint    ] Safepoint "Cleanup", Time since last: 1000121662 ns, Reaching safepoint: 102101 ns, At safepoint: 9531 ns, Total: 111632 ns
[2020-09-12T12:36:47.044+0000][1][safepoint    ] Safepoint "Cleanup", Time since last: 1000134622 ns, Reaching safepoint: 104282 ns, At safepoint: 8889 ns, Total: 113171 ns
[2020-09-12T12:36:48.044+0000][1][safepoint    ] Safepoint "Cleanup", Time since last: 1000132521 ns, Reaching safepoint: 104731 ns, At safepoint: 11413 ns, Total: 116144 ns
[2020-09-12T12:36:49.045+0000][1][safepoint    ] Safepoint "Cleanup", Time since last: 1000200992 ns, Reaching safepoint: 207901 ns, At safepoint: 19486 ns, Total: 227387 ns
[2020-09-12T12:36:50.045+0000][1][safepoint    ] Safepoint "Cleanup", Time since last: 1000120437 ns, Reaching safepoint: 105914 ns, At safepoint: 12133 ns, Total: 118047 ns
[2020-09-12T12:36:51.045+0000][1][safepoint    ] Safepoint "Cleanup", Time since last: 1000131300 ns, Reaching safepoint: 111278 ns, At safepoint: 12295 ns, Total: 123573 ns
[2020-09-12T12:36:52.046+0000][1][safepoint    ] Safepoint "Cleanup", Time since last: 1000105271 ns, Reaching safepoint: 114869 ns, At safepoint: 7882 ns, Total: 122751 ns
[2020-09-12T12:36:53.046+0000][1][safepoint    ] Safepoint "Cleanup", Time since last: 1000787956 ns, Reaching safepoint: 133410 ns, At safepoint: 10271 ns, Total: 143681 ns
[2020-09-12T12:36:53.054+0000][1][safepoint    ] Safepoint "RevokeBias", Time since last: 6556438 ns, Reaching safepoint: 1326015 ns, At safepoint: 32916 ns, Total: 1358931 ns
[2020-09-12T12:36:54.055+0000][1][safepoint    ] Safepoint "Cleanup", Time since last: 1000121243 ns, Reaching safepoint: 165392 ns, At safepoint: 9967 ns, Total: 175359 ns
[2020-09-12T12:36:55.055+0000][1][safepoint    ] Safepoint "Cleanup", Time since last: 1000125242 ns, Reaching safepoint: 127015 ns, At safepoint: 16675 ns, Total: 143690 ns
[2020-09-12T12:36:56.055+0000][1][safepoint    ] Safepoint "Cleanup", Time since last: 1000133784 ns, Reaching safepoint: 102793 ns, At safepoint: 10140 ns, Total: 112933 ns
[2020-09-12T12:36:57.055+0000][1][safepoint    ] Safepoint "Cleanup", Time since last: 1000127543 ns, Reaching safepoint: 102107 ns, At safepoint: 10421 ns, Total: 112528 ns
[2020-09-12T12:36:58.056+0000][1][safepoint    ] Safepoint "Cleanup", Time since last: 1000116946 ns, Reaching safepoint: 103527 ns, At safepoint: 9559 ns, Total: 113086 ns
[2020-09-12T12:36:59.056+0000][1][safepoint    ] Safepoint "Cleanup", Time since last: 1000127534 ns, Reaching safepoint: 101871 ns, At safepoint: 10373 ns, Total: 112244 ns
[2020-09-12T12:37:00.056+0000][1][safepoint    ] Safepoint "Cleanup", Time since last: 1000155697 ns, Reaching safepoint: 169610 ns, At safepoint: 10442 ns, Total: 180052 ns
[2020-09-12T12:37:01.056+0000][1][safepoint    ] Safepoint "Cleanup", Time since last: 1000117400 ns, Reaching safepoint: 105633 ns, At safepoint: 13266 ns, Total: 118899 ns
[2020-09-12T12:37:02.057+0000][1][safepoint    ] Safepoint "Cleanup", Time since last: 1000115346 ns, Reaching safepoint: 140842 ns, At safepoint: 11335 ns, Total: 152177 ns
[2020-09-12T12:37:03.041+0000][1][safepoint    ] Safepoint "RevokeBias", Time since last: 984065989 ns, Reaching safepoint: 106325 ns, At safepoint: 23697 ns, Total: 130022 ns
[2020-09-12T12:37:04.041+0000][1][safepoint    ] Safepoint "Cleanup", Time since last: 1000113263 ns, Reaching safepoint: 113962 ns, At safepoint: 12547 ns, Total: 126509 ns
[2020-09-12T12:37:05.041+0000][1][safepoint    ] Safepoint "Cleanup", Time since last: 1000114413 ns, Reaching safepoint: 100721 ns, At safepoint: 10664 ns, Total: 111385 ns
[2020-09-12T12:37:06.042+0000][1][safepoint    ] Safepoint "Cleanup", Time since last: 1000110546 ns, Reaching safepoint: 97758 ns, At safepoint: 9425 ns, Total: 107183 ns
[2020-09-12T12:37:07.042+0000][1][safepoint    ] Safepoint "Cleanup", Time since last: 1000116567 ns, Reaching safepoint: 103507 ns, At safepoint: 10551 ns, Total: 114058 ns
[2020-09-12T12:37:08.042+0000][1][safepoint    ] Safepoint "Cleanup", Time since last: 1000113599 ns, Reaching safepoint: 113007 ns, At safepoint: 11718 ns, Total: 124725 ns
[2020-09-12T12:37:09.042+0000][1][safepoint    ] Safepoint "Cleanup", Time since last: 1000126178 ns, Reaching safepoint: 151916 ns, At safepoint: 18817 ns, Total: 170733 ns
[2020-09-12T12:37:10.043+0000][1][safepoint    ] Safepoint "Cleanup", Time since last: 1000142869 ns, Reaching safepoint: 107266 ns, At safepoint: 9457 ns, Total: 116723 ns
[2020-09-12T12:37:11.043+0000][1][safepoint    ] Safepoint "Cleanup", Time since last: 1000121619 ns, Reaching safepoint: 114707 ns, At safepoint: 11964 ns, Total: 126671 ns
[2020-09-12T12:37:12.043+0000][1][safepoint    ] Safepoint "Cleanup", Time since last: 1000118081 ns, Reaching safepoint: 97323 ns, At safepoint: 8612 ns, Total: 105935 ns
[2020-09-12T12:37:13.036+0000][1][safepoint    ] Safepoint "RevokeBias", Time since last: 993115114 ns, Reaching safepoint: 110981 ns, At safepoint: 23032 ns, Total: 134013 ns
[2020-09-12T12:37:14.037+0000][1][safepoint    ] Safepoint "Cleanup", Time since last: 1000113156 ns, Reaching safepoint: 129338 ns, At safepoint: 8657 ns, Total: 137995 ns
[2020-09-12T12:37:15.037+0000][1][safepoint    ] Safepoint "Cleanup", Time since last: 1000164025 ns, Reaching safepoint: 107940 ns, At safepoint: 10813 ns, Total: 118753 ns
[2020-09-12T12:37:16.037+0000][1][safepoint    ] Safepoint "Cleanup", Time since last: 1000118440 ns, Reaching safepoint: 97187 ns, At safepoint: 14701 ns, Total: 111888 ns
[2020-09-12T12:37:17.037+0000][1][safepoint    ] Safepoint "Cleanup", Time since last: 1000111905 ns, Reaching safepoint: 98937 ns, At safepoint: 10680 ns, Total: 109617 ns
[2020-09-12T12:37:18.038+0000][1][safepoint    ] Safepoint "Cleanup", Time since last: 1000114986 ns, Reaching safepoint: 107649 ns, At safepoint: 9349 ns, Total: 116998 ns
[2020-09-12T12:37:19.038+0000][1][safepoint    ] Safepoint "Cleanup", Time since last: 1000113347 ns, Reaching safepoint: 121523 ns, At safepoint: 10077 ns, Total: 131600 ns
[2020-09-12T12:37:20.038+0000][1][safepoint    ] Safepoint "Cleanup", Time since last: 1000129715 ns, Reaching safepoint: 119599 ns, At safepoint: 9075 ns, Total: 128674 ns
[2020-09-12T12:37:21.038+0000][1][safepoint    ] Safepoint "Cleanup", Time since last: 1000104245 ns, Reaching safepoint: 96224 ns, At safepoint: 7964 ns, Total: 104188 ns
[2020-09-12T12:37:22.039+0000][1][safepoint    ] Safepoint "Cleanup", Time since last: 1000122528 ns, Reaching safepoint: 91741 ns, At safepoint: 8049 ns, Total: 99790 ns
[2020-09-12T12:37:23.039+0000][1][safepoint    ] Safepoint "Cleanup", Time since last: 1000111609 ns, Reaching safepoint: 93846 ns, At safepoint: 7817 ns, Total: 101663 ns
[2020-09-12T12:37:23.056+0000][1][safepoint    ] Safepoint "RevokeBias", Time since last: 17575714 ns, Reaching safepoint: 99727 ns, At safepoint: 23502 ns, Total: 123229 ns
[2020-09-12T12:37:24.057+0000][1][safepoint    ] Safepoint "Cleanup", Time since last: 1000104796 ns, Reaching safepoint: 95476 ns, At safepoint: 8277 ns, Total: 103753 ns
[2020-09-12T12:37:25.057+0000][1][safepoint    ] Safepoint "Cleanup", Time since last: 1000142409 ns, Reaching safepoint: 101007 ns, At safepoint: 8346 ns, Total: 109353 ns
[2020-09-12T12:37:26.057+0000][1][safepoint    ] Safepoint "Cleanup", Time since last: 1000148947 ns, Reaching safepoint: 144225 ns, At safepoint: 12276 ns, Total: 156501 ns
[2020-09-12T12:37:27.057+0000][1][safepoint    ] Safepoint "Cleanup", Time since last: 1000120187 ns, Reaching safepoint: 96831 ns, At safepoint: 9572 ns, Total: 106403 ns
[2020-09-12T12:37:28.058+0000][1][safepoint    ] Safepoint "Cleanup", Time since last: 1000116294 ns, Reaching safepoint: 106247 ns, At safepoint: 8284 ns, Total: 114531 ns
[2020-09-12T12:37:29.058+0000][1][safepoint    ] Safepoint "Cleanup", Time since last: 1000117188 ns, Reaching safepoint: 100985 ns, At safepoint: 10899 ns, Total: 111884 ns
[2020-09-12T12:37:30.058+0000][1][safepoint    ] Safepoint "Cleanup", Time since last: 1000118628 ns, Reaching safepoint: 104917 ns, At safepoint: 9724 ns, Total: 114641 ns
[2020-09-12T12:37:31.058+0000][1][safepoint    ] Safepoint "Cleanup", Time since last: 1000116183 ns, Reaching safepoint: 98457 ns, At safepoint: 11157 ns, Total: 109614 ns
[2020-09-12T12:37:32.059+0000][1][safepoint    ] Safepoint "Cleanup", Time since last: 1000113574 ns, Reaching safepoint: 107337 ns, At safepoint: 8303 ns, Total: 115640 ns
[2020-09-12T12:37:33.037+0000][1][safepoint    ] Safepoint "RevokeBias", Time since last: 978593433 ns, Reaching safepoint: 187272 ns, At safepoint: 24593 ns, Total: 211865 ns
[2020-09-12T12:37:33.827+0000][1][gc,start     ] GC(66) Pause Young (Allocation Failure)
[2020-09-12T12:37:33.827+0000][1][gc,task      ] GC(66) Using 2 workers of 2 for evacuation
[2020-09-12T12:37:33.833+0000][1][gc,age       ] GC(66) Desired survivor size 8716288 bytes, new threshold 6 (max threshold 6)
[2020-09-12T12:37:33.833+0000][1][gc,age       ] GC(66) Age table with threshold 6 (max threshold 6)
[2020-09-12T12:37:33.833+0000][1][gc,age       ] GC(66) - age   1:     149840 bytes,     149840 total
[2020-09-12T12:37:33.833+0000][1][gc,age       ] GC(66) - age   2:      61952 bytes,     211792 total
[2020-09-12T12:37:33.833+0000][1][gc,age       ] GC(66) - age   3:     261704 bytes,     473496 total
[2020-09-12T12:37:33.833+0000][1][gc,age       ] GC(66) - age   4:       3960 bytes,     477456 total
[2020-09-12T12:37:33.833+0000][1][gc,age       ] GC(66) - age   5:      33904 bytes,     511360 total
[2020-09-12T12:37:33.833+0000][1][gc,age       ] GC(66) - age   6:    4345200 bytes,    4856560 total
[2020-09-12T12:37:33.833+0000][1][gc,heap      ] GC(66) ParNew: 145785K->6385K(153344K)
[2020-09-12T12:37:33.833+0000][1][gc,heap      ] GC(66) CMS: 106948K->107609K(353920K)
[2020-09-12T12:37:33.833+0000][1][gc,metaspace ] GC(66) Metaspace: 94694K->94694K(1136640K)
[2020-09-12T12:37:33.833+0000][1][gc           ] GC(66) Pause Young (Allocation Failure) 246M->111M(495M) 6.159ms
[2020-09-12T12:37:33.833+0000][1][gc,cpu       ] GC(66) User=0.01s Sys=0.00s Real=0.01s
[2020-09-12T12:37:33.833+0000][1][safepoint    ] Safepoint "GenCollectForAllocation", Time since last: 789471505 ns, Reaching safepoint: 181105 ns, At safepoint: 6212741 ns, Total: 6393846 ns
[2020-09-12T12:37:34.833+0000][1][safepoint    ] Safepoint "Cleanup", Time since last: 1000078971 ns, Reaching safepoint: 127699 ns, At safepoint: 10495 ns, Total: 138194 ns
[2020-09-12T12:37:35.208+0000][1][safepoint    ] Safepoint "RevokeBias", Time since last: 374143890 ns, Reaching safepoint: 99184 ns, At safepoint: 29051 ns, Total: 128235 ns
[2020-09-12T12:37:35.208+0000][1][safepoint    ] Safepoint "BulkRevokeBias", Time since last: 81700 ns, Reaching safepoint: 71741 ns, At safepoint: 270522 ns, Total: 342263 ns
[2020-09-12T12:37:36.208+0000][1][safepoint    ] Safepoint "Cleanup", Time since last: 1000104676 ns, Reaching safepoint: 131045 ns, At safepoint: 10875 ns, Total: 141920 ns
[2020-09-12T12:37:37.209+0000][1][safepoint    ] Safepoint "Cleanup", Time since last: 1000118404 ns, Reaching safepoint: 109702 ns, At safepoint: 10598 ns, Total: 120300 ns
[2020-09-12T12:37:38.209+0000][1][safepoint    ] Safepoint "Cleanup", Time since last: 1000147943 ns, Reaching safepoint: 90788 ns, At safepoint: 6758 ns, Total: 97546 ns
[2020-09-12T12:37:39.209+0000][1][safepoint    ] Safepoint "Cleanup", Time since last: 1000085215 ns, Reaching safepoint: 186318 ns, At safepoint: 14430 ns, Total: 200748 ns
[2020-09-12T12:37:40.209+0000][1][safepoint    ] Safepoint "Cleanup", Time since last: 1000115371 ns, Reaching safepoint: 101224 ns, At safepoint: 9590 ns, Total: 110814 ns
[2020-09-12T12:37:41.210+0000][1][safepoint    ] Safepoint "Cleanup", Time since last: 1000117966 ns, Reaching safepoint: 127871 ns, At safepoint: 10535 ns, Total: 138406 ns
[2020-09-12T12:37:42.216+0000][1][safepoint    ] Safepoint "Cleanup", Time since last: 1006423753 ns, Reaching safepoint: 114149 ns, At safepoint: 11087 ns, Total: 125236 ns
[2020-09-12T12:37:43.044+0000][1][safepoint    ] Safepoint "RevokeBias", Time since last: 827400001 ns, Reaching safepoint: 97720 ns, At safepoint: 23184 ns, Total: 120904 ns
[2020-09-12T12:37:44.050+0000][1][safepoint    ] Safepoint "Cleanup", Time since last: 1005994646 ns, Reaching safepoint: 97292 ns, At safepoint: 8309 ns, Total: 105601 ns
[2020-09-12T12:37:45.050+0000][1][safepoint    ] Safepoint "Cleanup", Time since last: 1000117860 ns, Reaching safepoint: 106115 ns, At safepoint: 8125 ns, Total: 114240 ns
[2020-09-12T12:37:46.060+0000][1][safepoint    ] Safepoint "Cleanup", Time since last: 1009975766 ns, Reaching safepoint: 100782 ns, At safepoint: 7877 ns, Total: 108659 ns
[2020-09-12T12:37:47.060+0000][1][safepoint    ] Safepoint "Cleanup", Time since last: 1000110734 ns, Reaching safepoint: 92302 ns, At safepoint: 7471 ns, Total: 99773 ns
[2020-09-12T12:37:48.061+0000][1][safepoint    ] Safepoint "Cleanup", Time since last: 1000112870 ns, Reaching safepoint: 100427 ns, At safepoint: 8001 ns, Total: 108428 ns
[2020-09-12T12:37:49.061+0000][1][safepoint    ] Safepoint "Cleanup", Time since last: 1000116251 ns, Reaching safepoint: 105218 ns, At safepoint: 9476 ns, Total: 114694 ns
[2020-09-12T12:37:50.061+0000][1][safepoint    ] Safepoint "Cleanup", Time since last: 1000223175 ns, Reaching safepoint: 123417 ns, At safepoint: 11371 ns, Total: 134788 ns
[2020-09-12T12:37:51.061+0000][1][safepoint    ] Safepoint "Cleanup", Time since last: 1000110333 ns, Reaching safepoint: 138991 ns, At safepoint: 11690 ns, Total: 150681 ns
[2020-09-12T12:37:52.062+0000][1][safepoint    ] Safepoint "Cleanup", Time since last: 1000199635 ns, Reaching safepoint: 94287 ns, At safepoint: 7445 ns, Total: 101732 ns
[2020-09-12T12:37:53.050+0000][1][safepoint    ] Safepoint "RevokeBias", Time since last: 988416747 ns, Reaching safepoint: 100848 ns, At safepoint: 22590 ns, Total: 123438 ns
[2020-09-12T12:37:54.061+0000][1][safepoint    ] Safepoint "Cleanup", Time since last: 1010676214 ns, Reaching safepoint: 116388 ns, At safepoint: 7925 ns, Total: 124313 ns
[2020-09-12T12:37:55.061+0000][1][safepoint    ] Safepoint "Cleanup", Time since last: 1000112930 ns, Reaching safepoint: 109576 ns, At safepoint: 12065 ns, Total: 121641 ns
[2020-09-12T12:37:56.062+0000][1][safepoint    ] Safepoint "Cleanup", Time since last: 1000136657 ns, Reaching safepoint: 137192 ns, At safepoint: 8143 ns, Total: 145335 ns
[2020-09-12T12:37:57.062+0000][1][safepoint    ] Safepoint "Cleanup", Time since last: 1000111541 ns, Reaching safepoint: 109677 ns, At safepoint: 9798 ns, Total: 119475 ns
[2020-09-12T12:37:58.071+0000][1][safepoint    ] Safepoint "Cleanup", Time since last: 1009242764 ns, Reaching safepoint: 100363 ns, At safepoint: 8369 ns, Total: 108732 ns
[2020-09-12T12:37:59.071+0000][1][safepoint    ] Safepoint "Cleanup", Time since last: 1000115646 ns, Reaching safepoint: 102234 ns, At safepoint: 11791 ns, Total: 114025 ns
[2020-09-12T12:38:00.072+0000][1][safepoint    ] Safepoint "Cleanup", Time since last: 1000120401 ns, Reaching safepoint: 103686 ns, At safepoint: 7912 ns, Total: 111598 ns
[2020-09-12T12:38:01.072+0000][1][safepoint    ] Safepoint "Cleanup", Time since last: 1000122387 ns, Reaching safepoint: 97282 ns, At safepoint: 11590 ns, Total: 108872 ns
[2020-09-12T12:38:02.072+0000][1][safepoint    ] Safepoint "Cleanup", Time since last: 1000118139 ns, Reaching safepoint: 103685 ns, At safepoint: 10494 ns, Total: 114179 ns
[2020-09-12T12:38:03.046+0000][1][safepoint    ] Safepoint "RevokeBias", Time since last: 973197218 ns, Reaching safepoint: 247610 ns, At safepoint: 25681 ns, Total: 273291 ns
[2020-09-12T12:38:04.046+0000][1][safepoint    ] Safepoint "Cleanup", Time since last: 1000657288 ns, Reaching safepoint: 128113 ns, At safepoint: 12942 ns, Total: 141055 ns
[2020-09-12T12:38:05.047+0000][1][safepoint    ] Safepoint "Cleanup", Time since last: 1000128251 ns, Reaching safepoint: 110634 ns, At safepoint: 9320 ns, Total: 119954 ns
[2020-09-12T12:38:06.047+0000][1][safepoint    ] Safepoint "Cleanup", Time since last: 1000114174 ns, Reaching safepoint: 95030 ns, At safepoint: 10798 ns, Total: 105828 ns
[2020-09-12T12:38:07.047+0000][1][safepoint    ] Safepoint "Cleanup", Time since last: 1000115911 ns, Reaching safepoint: 96455 ns, At safepoint: 10521 ns, Total: 106976 ns
[2020-09-12T12:38:08.047+0000][1][safepoint    ] Safepoint "Cleanup", Time since last: 1000118858 ns, Reaching safepoint: 121401 ns, At safepoint: 34390 ns, Total: 155791 ns
[2020-09-12T12:38:09.048+0000][1][safepoint    ] Safepoint "Cleanup", Time since last: 1000153850 ns, Reaching safepoint: 128305 ns, At safepoint: 12228 ns, Total: 140533 ns
[2020-09-12T12:38:10.048+0000][1][safepoint    ] Safepoint "Cleanup", Time since last: 1000107684 ns, Reaching safepoint: 95161 ns, At safepoint: 9735 ns, Total: 104896 ns
[2020-09-12T12:38:11.048+0000][1][safepoint    ] Safepoint "Cleanup", Time since last: 1000114881 ns, Reaching safepoint: 93602 ns, At safepoint: 8893 ns, Total: 102495 ns
[2020-09-12T12:38:12.048+0000][1][safepoint    ] Safepoint "Cleanup", Time since last: 1000122541 ns, Reaching safepoint: 138490 ns, At safepoint: 10313 ns, Total: 148803 ns
[2020-09-12T12:38:13.046+0000][1][safepoint    ] Safepoint "RevokeBias", Time since last: 997436128 ns, Reaching safepoint: 99464 ns, At safepoint: 25322 ns, Total: 124786 ns
[2020-09-12T12:38:14.046+0000][1][safepoint    ] Safepoint "Cleanup", Time since last: 1000248458 ns, Reaching safepoint: 152701 ns, At safepoint: 17684 ns, Total: 170385 ns
[2020-09-12T12:38:15.047+0000][1][safepoint    ] Safepoint "Cleanup", Time since last: 1000113472 ns, Reaching safepoint: 112874 ns, At safepoint: 12370 ns, Total: 125244 ns
[2020-09-12T12:38:16.047+0000][1][safepoint    ] Safepoint "Cleanup", Time since last: 1000116024 ns, Reaching safepoint: 94983 ns, At safepoint: 10220 ns, Total: 105203 ns
[2020-09-12T12:38:17.047+0000][1][safepoint    ] Safepoint "Cleanup", Time since last: 1000120696 ns, Reaching safepoint: 96020 ns, At safepoint: 8708 ns, Total: 104728 ns
[2020-09-12T12:38:18.047+0000][1][safepoint    ] Safepoint "Cleanup", Time since last: 1000115086 ns, Reaching safepoint: 97854 ns, At safepoint: 7770 ns, Total: 105624 ns
[2020-09-12T12:38:19.047+0000][1][safepoint    ] Safepoint "Cleanup", Time since last: 1000141399 ns, Reaching safepoint: 124169 ns, At safepoint: 17708 ns, Total: 141877 ns
[2020-09-12T12:38:20.048+0000][1][safepoint    ] Safepoint "Cleanup", Time since last: 1000117620 ns, Reaching safepoint: 95341 ns, At safepoint: 10481 ns, Total: 105822 ns
[2020-09-12T12:38:21.048+0000][1][safepoint    ] Safepoint "Cleanup", Time since last: 1000116521 ns, Reaching safepoint: 149190 ns, At safepoint: 10916 ns, Total: 160106 ns
[2020-09-12T12:38:22.048+0000][1][safepoint    ] Safepoint "Cleanup", Time since last: 1000113434 ns, Reaching safepoint: 172879 ns, At safepoint: 9073 ns, Total: 181952 ns
[2020-09-12T12:38:23.047+0000][1][safepoint    ] Safepoint "RevokeBias", Time since last: 998511071 ns, Reaching safepoint: 101521 ns, At safepoint: 22562 ns, Total: 124083 ns
[2020-09-12T12:38:24.047+0000][1][safepoint    ] Safepoint "Cleanup", Time since last: 1000097433 ns, Reaching safepoint: 383813 ns, At safepoint: 11795 ns, Total: 395608 ns
[2020-09-12T12:38:25.048+0000][1][safepoint    ] Safepoint "Cleanup", Time since last: 1000232985 ns, Reaching safepoint: 102185 ns, At safepoint: 8727 ns, Total: 110912 ns
[2020-09-12T12:38:26.048+0000][1][safepoint    ] Safepoint "Cleanup", Time since last: 1000118814 ns, Reaching safepoint: 96783 ns, At safepoint: 9549 ns, Total: 106332 ns
[2020-09-12T12:38:27.048+0000][1][safepoint    ] Safepoint "Cleanup", Time since last: 1000117199 ns, Reaching safepoint: 172307 ns, At safepoint: 9667 ns, Total: 181974 ns
[2020-09-12T12:38:28.049+0000][1][safepoint    ] Safepoint "Cleanup", Time since last: 1000113627 ns, Reaching safepoint: 121086 ns, At safepoint: 9046 ns, Total: 130132 ns
[2020-09-12T12:38:29.049+0000][1][safepoint    ] Safepoint "Cleanup", Time since last: 1000114600 ns, Reaching safepoint: 126669 ns, At safepoint: 7732 ns, Total: 134401 ns
[2020-09-12T12:38:30.049+0000][1][safepoint    ] Safepoint "Cleanup", Time since last: 1000116005 ns, Reaching safepoint: 104154 ns, At safepoint: 9471 ns, Total: 113625 ns
[2020-09-12T12:38:31.049+0000][1][safepoint    ] Safepoint "Cleanup", Time since last: 1000115148 ns, Reaching safepoint: 97349 ns, At safepoint: 9909 ns, Total: 107258 ns
[2020-09-12T12:38:32.049+0000][1][safepoint    ] Safepoint "Cleanup", Time since last: 1000118037 ns, Reaching safepoint: 112013 ns, At safepoint: 10209 ns, Total: 122222 ns
[2020-09-12T12:38:33.044+0000][1][safepoint    ] Safepoint "RevokeBias", Time since last: 994133579 ns, Reaching safepoint: 109672 ns, At safepoint: 22099 ns, Total: 131771 ns
[2020-09-12T12:38:34.038+0000][1][gc,start     ] GC(67) Pause Young (Allocation Failure)
[2020-09-12T12:38:34.038+0000][1][gc,task      ] GC(67) Using 2 workers of 2 for evacuation
[2020-09-12T12:38:34.044+0000][1][gc,age       ] GC(67) Desired survivor size 8716288 bytes, new threshold 6 (max threshold 6)
[2020-09-12T12:38:34.044+0000][1][gc,age       ] GC(67) Age table with threshold 6 (max threshold 6)
[2020-09-12T12:38:34.044+0000][1][gc,age       ] GC(67) - age   1:     156504 bytes,     156504 total
[2020-09-12T12:38:34.044+0000][1][gc,age       ] GC(67) - age   2:      13952 bytes,     170456 total
[2020-09-12T12:38:34.044+0000][1][gc,age       ] GC(67) - age   3:      59176 bytes,     229632 total
[2020-09-12T12:38:34.044+0000][1][gc,age       ] GC(67) - age   4:     261432 bytes,     491064 total
[2020-09-12T12:38:34.044+0000][1][gc,age       ] GC(67) - age   5:       3960 bytes,     495024 total
[2020-09-12T12:38:34.044+0000][1][gc,age       ] GC(67) - age   6:      33904 bytes,     528928 total
[2020-09-12T12:38:34.044+0000][1][gc,heap      ] GC(67) ParNew: 142705K->4355K(153344K)
[2020-09-12T12:38:34.044+0000][1][gc,heap      ] GC(67) CMS: 107609K->111867K(353920K)
[2020-09-12T12:38:34.044+0000][1][gc,metaspace ] GC(67) Metaspace: 94784K->94784K(1136640K)
[2020-09-12T12:38:34.044+0000][1][gc           ] GC(67) Pause Young (Allocation Failure) 244M->113M(495M) 6.105ms
[2020-09-12T12:38:34.044+0000][1][gc,cpu       ] GC(67) User=0.01s Sys=0.00s Real=0.01s
[2020-09-12T12:38:34.044+0000][1][safepoint    ] Safepoint "GenCollectForAllocation", Time since last: 994384498 ns, Reaching safepoint: 89355 ns, At safepoint: 6161857 ns, Total: 6251212 ns
[2020-09-12T12:38:35.045+0000][1][safepoint    ] Safepoint "Cleanup", Time since last: 1000092244 ns, Reaching safepoint: 100061 ns, At safepoint: 8115 ns, Total: 108176 ns
[2020-09-12T12:38:36.045+0000][1][safepoint    ] Safepoint "Cleanup", Time since last: 1000174256 ns, Reaching safepoint: 108969 ns, At safepoint: 10018 ns, Total: 118987 ns
[2020-09-12T12:38:37.045+0000][1][safepoint    ] Safepoint "Cleanup", Time since last: 1000108676 ns, Reaching safepoint: 96541 ns, At safepoint: 10406 ns, Total: 106947 ns
[2020-09-12T12:38:38.045+0000][1][safepoint    ] Safepoint "Cleanup", Time since last: 1000108464 ns, Reaching safepoint: 94153 ns, At safepoint: 7117 ns, Total: 101270 ns
[2020-09-12T12:38:39.046+0000][1][safepoint    ] Safepoint "Cleanup", Time since last: 1000142779 ns, Reaching safepoint: 121159 ns, At safepoint: 8528 ns, Total: 129687 ns
[2020-09-12T12:38:40.046+0000][1][safepoint    ] Safepoint "Cleanup", Time since last: 1000114402 ns, Reaching safepoint: 92977 ns, At safepoint: 7169 ns, Total: 100146 ns
[2020-09-12T12:38:41.046+0000][1][safepoint    ] Safepoint "Cleanup", Time since last: 1000110033 ns, Reaching safepoint: 94024 ns, At safepoint: 8573 ns, Total: 102597 ns
[2020-09-12T12:38:42.046+0000][1][safepoint    ] Safepoint "Cleanup", Time since last: 1000115052 ns, Reaching safepoint: 95005 ns, At safepoint: 8602 ns, Total: 103607 ns
[2020-09-12T12:38:43.046+0000][1][safepoint    ] Safepoint "RevokeBias", Time since last: 999730111 ns, Reaching safepoint: 114898 ns, At safepoint: 22360 ns, Total: 137258 ns
[2020-09-12T12:38:44.046+0000][1][safepoint    ] Safepoint "Cleanup", Time since last: 1000108248 ns, Reaching safepoint: 100990 ns, At safepoint: 6860 ns, Total: 107850 ns
[2020-09-12T12:38:45.046+0000][1][safepoint    ] Safepoint "Cleanup", Time since last: 1000089873 ns, Reaching safepoint: 105608 ns, At safepoint: 17545 ns, Total: 123153 ns
[2020-09-12T12:38:46.047+0000][1][safepoint    ] Safepoint "Cleanup", Time since last: 1000113381 ns, Reaching safepoint: 95250 ns, At safepoint: 8467 ns, Total: 103717 ns
[2020-09-12T12:38:47.047+0000][1][safepoint    ] Safepoint "Cleanup", Time since last: 1000117141 ns, Reaching safepoint: 93885 ns, At safepoint: 7713 ns, Total: 101598 ns
[2020-09-12T12:38:48.047+0000][1][safepoint    ] Safepoint "Cleanup", Time since last: 1000172314 ns, Reaching safepoint: 105022 ns, At safepoint: 9929 ns, Total: 114951 ns
[2020-09-12T12:38:49.047+0000][1][safepoint    ] Safepoint "Cleanup", Time since last: 1000174197 ns, Reaching safepoint: 94834 ns, At safepoint: 7953 ns, Total: 102787 ns
[2020-09-12T12:38:50.048+0000][1][safepoint    ] Safepoint "Cleanup", Time since last: 1000112551 ns, Reaching safepoint: 95380 ns, At safepoint: 9738 ns, Total: 105118 ns
[2020-09-12T12:38:51.048+0000][1][safepoint    ] Safepoint "Cleanup", Time since last: 1000112405 ns, Reaching safepoint: 109262 ns, At safepoint: 8783 ns, Total: 118045 ns
[2020-09-12T12:38:52.048+0000][1][safepoint    ] Safepoint "Cleanup", Time since last: 1000105606 ns, Reaching safepoint: 86821 ns, At safepoint: 6832 ns, Total: 93653 ns
[2020-09-12T12:38:53.045+0000][1][safepoint    ] Safepoint "RevokeBias", Time since last: 996899111 ns, Reaching safepoint: 99592 ns, At safepoint: 23560 ns, Total: 123152 ns
[2020-09-12T12:38:54.045+0000][1][safepoint    ] Safepoint "Cleanup", Time since last: 1000112135 ns, Reaching safepoint: 147866 ns, At safepoint: 11295 ns, Total: 159161 ns
[2020-09-12T12:38:55.046+0000][1][safepoint    ] Safepoint "Cleanup", Time since last: 1000099861 ns, Reaching safepoint: 101231 ns, At safepoint: 7713 ns, Total: 108944 ns
[2020-09-12T12:38:56.046+0000][1][safepoint    ] Safepoint "Cleanup", Time since last: 1000112790 ns, Reaching safepoint: 92799 ns, At safepoint: 8242 ns, Total: 101041 ns
[2020-09-12T12:38:57.046+0000][1][safepoint    ] Safepoint "Cleanup", Time since last: 1000114194 ns, Reaching safepoint: 109712 ns, At safepoint: 8102 ns, Total: 117814 ns
[2020-09-12T12:38:58.046+0000][1][safepoint    ] Safepoint "Cleanup", Time since last: 1000127644 ns, Reaching safepoint: 94619 ns, At safepoint: 8734 ns, Total: 103353 ns
[2020-09-12T12:38:59.047+0000][1][safepoint    ] Safepoint "Cleanup", Time since last: 1000113712 ns, Reaching safepoint: 92107 ns, At safepoint: 7592 ns, Total: 99699 ns
[2020-09-12T12:39:00.047+0000][1][safepoint    ] Safepoint "Cleanup", Time since last: 1000115413 ns, Reaching safepoint: 101151 ns, At safepoint: 8301 ns, Total: 109452 ns
[2020-09-12T12:39:01.047+0000][1][safepoint    ] Safepoint "Cleanup", Time since last: 1000113364 ns, Reaching safepoint: 87950 ns, At safepoint: 8052 ns, Total: 96002 ns
[2020-09-12T12:39:02.047+0000][1][safepoint    ] Safepoint "Cleanup", Time since last: 1000115439 ns, Reaching safepoint: 91207 ns, At safepoint: 7902 ns, Total: 99109 ns
[2020-09-12T12:39:03.047+0000][1][safepoint    ] Safepoint "Cleanup", Time since last: 1000120477 ns, Reaching safepoint: 99362 ns, At safepoint: 8244 ns, Total: 107606 ns
[2020-09-12T12:39:03.067+0000][1][safepoint    ] Safepoint "RevokeBias", Time since last: 19220548 ns, Reaching safepoint: 169182 ns, At safepoint: 28943 ns, Total: 198125 ns
[2020-09-12T12:39:04.067+0000][1][safepoint    ] Safepoint "Cleanup", Time since last: 1000105127 ns, Reaching safepoint: 92074 ns, At safepoint: 7746 ns, Total: 99820 ns
[2020-09-12T12:39:05.067+0000][1][safepoint    ] Safepoint "Cleanup", Time since last: 1000105823 ns, Reaching safepoint: 101779 ns, At safepoint: 8576 ns, Total: 110355 ns
[2020-09-12T12:39:06.067+0000][1][safepoint    ] Safepoint "Cleanup", Time since last: 1000119324 ns, Reaching safepoint: 95957 ns, At safepoint: 7536 ns, Total: 103493 ns
[2020-09-12T12:39:07.068+0000][1][safepoint    ] Safepoint "Cleanup", Time since last: 1000115720 ns, Reaching safepoint: 88991 ns, At safepoint: 8158 ns, Total: 97149 ns
[2020-09-12T12:39:08.068+0000][1][safepoint    ] Safepoint "Cleanup", Time since last: 1000114006 ns, Reaching safepoint: 95723 ns, At safepoint: 8132 ns, Total: 103855 ns
[2020-09-12T12:39:09.068+0000][1][safepoint    ] Safepoint "Cleanup", Time since last: 1000114501 ns, Reaching safepoint: 98144 ns, At safepoint: 9953 ns, Total: 108097 ns
[2020-09-12T12:39:10.068+0000][1][safepoint    ] Safepoint "Cleanup", Time since last: 1000108655 ns, Reaching safepoint: 96279 ns, At safepoint: 7234 ns, Total: 103513 ns
[2020-09-12T12:39:11.069+0000][1][safepoint    ] Safepoint "Cleanup", Time since last: 1000127541 ns, Reaching safepoint: 96400 ns, At safepoint: 10304 ns, Total: 106704 ns
[2020-09-12T12:39:12.069+0000][1][safepoint    ] Safepoint "Cleanup", Time since last: 1000092792 ns, Reaching safepoint: 90001 ns, At safepoint: 7700 ns, Total: 97701 ns
[2020-09-12T12:39:13.064+0000][1][safepoint    ] Safepoint "RevokeBias", Time since last: 995482365 ns, Reaching safepoint: 181030 ns, At safepoint: 25096 ns, Total: 206126 ns
[2020-09-12T12:39:14.065+0000][1][safepoint    ] Safepoint "Cleanup", Time since last: 1000116325 ns, Reaching safepoint: 117257 ns, At safepoint: 8361 ns, Total: 125618 ns
[2020-09-12T12:39:15.065+0000][1][safepoint    ] Safepoint "Cleanup", Time since last: 1000114616 ns, Reaching safepoint: 134218 ns, At safepoint: 8962 ns, Total: 143180 ns
[2020-09-12T12:39:16.065+0000][1][safepoint    ] Safepoint "Cleanup", Time since last: 1000115025 ns, Reaching safepoint: 96008 ns, At safepoint: 9427 ns, Total: 105435 ns
[2020-09-12T12:39:17.065+0000][1][safepoint    ] Safepoint "Cleanup", Time since last: 1000117878 ns, Reaching safepoint: 98219 ns, At safepoint: 8411 ns, Total: 106630 ns
[2020-09-12T12:39:18.066+0000][1][safepoint    ] Safepoint "Cleanup", Time since last: 1000110175 ns, Reaching safepoint: 101252 ns, At safepoint: 8966 ns, Total: 110218 ns
[2020-09-12T12:39:19.066+0000][1][safepoint    ] Safepoint "Cleanup", Time since last: 1000119630 ns, Reaching safepoint: 95592 ns, At safepoint: 10601 ns, Total: 106193 ns
[2020-09-12T12:39:20.066+0000][1][safepoint    ] Safepoint "Cleanup", Time since last: 1000129220 ns, Reaching safepoint: 95612 ns, At safepoint: 8408 ns, Total: 104020 ns
[2020-09-12T12:39:21.066+0000][1][safepoint    ] Safepoint "Cleanup", Time since last: 1000117204 ns, Reaching safepoint: 102324 ns, At safepoint: 10300 ns, Total: 112624 ns
[2020-09-12T12:39:22.067+0000][1][safepoint    ] Safepoint "Cleanup", Time since last: 1000112826 ns, Reaching safepoint: 115793 ns, At safepoint: 9787 ns, Total: 125580 ns
[2020-09-12T12:39:23.067+0000][1][safepoint    ] Safepoint "Cleanup", Time since last: 1000115871 ns, Reaching safepoint: 129753 ns, At safepoint: 18938 ns, Total: 148691 ns
[2020-09-12T12:39:23.080+0000][1][safepoint    ] Safepoint "RevokeBias", Time since last: 13062462 ns, Reaching safepoint: 156224 ns, At safepoint: 38027 ns, Total: 194251 ns
[2020-09-12T12:39:24.080+0000][1][safepoint    ] Safepoint "Cleanup", Time since last: 1000125347 ns, Reaching safepoint: 99495 ns, At safepoint: 8463 ns, Total: 107958 ns
[2020-09-12T12:39:25.081+0000][1][safepoint    ] Safepoint "Cleanup", Time since last: 1000137166 ns, Reaching safepoint: 140328 ns, At safepoint: 17030 ns, Total: 157358 ns
[2020-09-12T12:39:26.081+0000][1][safepoint    ] Safepoint "Cleanup", Time since last: 1000179984 ns, Reaching safepoint: 94864 ns, At safepoint: 9965 ns, Total: 104829 ns
[2020-09-12T12:39:27.081+0000][1][safepoint    ] Safepoint "Cleanup", Time since last: 1000110891 ns, Reaching safepoint: 92993 ns, At safepoint: 8469 ns, Total: 101462 ns
[2020-09-12T12:39:28.081+0000][1][safepoint    ] Safepoint "Cleanup", Time since last: 1000134424 ns, Reaching safepoint: 100167 ns, At safepoint: 12951 ns, Total: 113118 ns
[2020-09-12T12:39:29.082+0000][1][safepoint    ] Safepoint "Cleanup", Time since last: 1000119822 ns, Reaching safepoint: 96068 ns, At safepoint: 10236 ns, Total: 106304 ns
[2020-09-12T12:39:30.082+0000][1][safepoint    ] Safepoint "Cleanup", Time since last: 1000130402 ns, Reaching safepoint: 102187 ns, At safepoint: 11177 ns, Total: 113364 ns
[2020-09-12T12:39:31.082+0000][1][safepoint    ] Safepoint "Cleanup", Time since last: 1000139667 ns, Reaching safepoint: 93272 ns, At safepoint: 9336 ns, Total: 102608 ns
[2020-09-12T12:39:32.082+0000][1][safepoint    ] Safepoint "Cleanup", Time since last: 1000126613 ns, Reaching safepoint: 98676 ns, At safepoint: 9388 ns, Total: 108064 ns
[2020-09-12T12:39:33.052+0000][1][safepoint    ] Safepoint "RevokeBias", Time since last: 969073445 ns, Reaching safepoint: 196788 ns, At safepoint: 23047 ns, Total: 219835 ns
[2020-09-12T12:39:33.964+0000][1][gc,start     ] GC(68) Pause Young (Allocation Failure)
[2020-09-12T12:39:33.964+0000][1][gc,task      ] GC(68) Using 2 workers of 2 for evacuation
[2020-09-12T12:39:33.969+0000][1][gc,age       ] GC(68) Desired survivor size 8716288 bytes, new threshold 6 (max threshold 6)
[2020-09-12T12:39:33.969+0000][1][gc,age       ] GC(68) Age table with threshold 6 (max threshold 6)
[2020-09-12T12:39:33.969+0000][1][gc,age       ] GC(68) - age   1:     173728 bytes,     173728 total
[2020-09-12T12:39:33.969+0000][1][gc,age       ] GC(68) - age   2:       8656 bytes,     182384 total
[2020-09-12T12:39:33.969+0000][1][gc,age       ] GC(68) - age   3:      11144 bytes,     193528 total
[2020-09-12T12:39:33.969+0000][1][gc,age       ] GC(68) - age   4:      59176 bytes,     252704 total
[2020-09-12T12:39:33.969+0000][1][gc,age       ] GC(68) - age   5:     261432 bytes,     514136 total
[2020-09-12T12:39:33.969+0000][1][gc,age       ] GC(68) - age   6:       3960 bytes,     518096 total
[2020-09-12T12:39:33.969+0000][1][gc,heap      ] GC(68) ParNew: 140675K->1185K(153344K)
[2020-09-12T12:39:33.969+0000][1][gc,heap      ] GC(68) CMS: 111867K->111900K(353920K)
[2020-09-12T12:39:33.969+0000][1][gc,metaspace ] GC(68) Metaspace: 94902K->94902K(1136640K)
[2020-09-12T12:39:33.969+0000][1][gc           ] GC(68) Pause Young (Allocation Failure) 246M->110M(495M) 5.334ms
[2020-09-12T12:39:33.969+0000][1][gc,cpu       ] GC(68) User=0.01s Sys=0.00s Real=0.01s
[2020-09-12T12:39:33.969+0000][1][safepoint    ] Safepoint "GenCollectForAllocation", Time since last: 912004609 ns, Reaching safepoint: 180223 ns, At safepoint: 5390569 ns, Total: 5570792 ns
[2020-09-12T12:39:34.972+0000][1][safepoint    ] Safepoint "Cleanup", Time since last: 1002474008 ns, Reaching safepoint: 99113 ns, At safepoint: 8615 ns, Total: 107728 ns
[2020-09-12T12:39:35.782+0000][1][safepoint    ] Safepoint "RevokeBias", Time since last: 810430735 ns, Reaching safepoint: 206567 ns, At safepoint: 27353 ns, Total: 233920 ns
[2020-09-12T12:39:36.783+0000][1][safepoint    ] Safepoint "Cleanup", Time since last: 1000116238 ns, Reaching safepoint: 103200 ns, At safepoint: 9874 ns, Total: 113074 ns
[2020-09-12T12:39:37.337+0000][1][safepoint    ] Safepoint "RevokeBias", Time since last: 553799543 ns, Reaching safepoint: 137076 ns, At safepoint: 26460 ns, Total: 163536 ns
[2020-09-12T12:39:37.338+0000][1][safepoint    ] Safepoint "RevokeBias", Time since last: 868117 ns, Reaching safepoint: 69638 ns, At safepoint: 15823 ns, Total: 85461 ns
[2020-09-12T12:39:37.338+0000][1][safepoint    ] Safepoint "RevokeBias", Time since last: 83170 ns, Reaching safepoint: 54913 ns, At safepoint: 12776 ns, Total: 67689 ns
[2020-09-12T12:39:38.338+0000][1][safepoint    ] Safepoint "Cleanup", Time since last: 1000138548 ns, Reaching safepoint: 130758 ns, At safepoint: 16051 ns, Total: 146809 ns
[2020-09-12T12:39:39.338+0000][1][safepoint    ] Safepoint "Cleanup", Time since last: 1000125975 ns, Reaching safepoint: 100605 ns, At safepoint: 9093 ns, Total: 109698 ns
[2020-09-12T12:39:40.338+0000][1][safepoint    ] Safepoint "Cleanup", Time since last: 1000107914 ns, Reaching safepoint: 94498 ns, At safepoint: 8804 ns, Total: 103302 ns
[2020-09-12T12:39:41.339+0000][1][safepoint    ] Safepoint "Cleanup", Time since last: 1000119458 ns, Reaching safepoint: 91092 ns, At safepoint: 8292 ns, Total: 99384 ns
[2020-09-12T12:39:42.339+0000][1][safepoint    ] Safepoint "Cleanup", Time since last: 1000224836 ns, Reaching safepoint: 143916 ns, At safepoint: 9479 ns, Total: 153395 ns
[2020-09-12T12:39:43.081+0000][1][safepoint    ] Safepoint "RevokeBias", Time since last: 741745217 ns, Reaching safepoint: 102624 ns, At safepoint: 22580 ns, Total: 125204 ns
[2020-09-12T12:39:44.081+0000][1][safepoint    ] Safepoint "Cleanup", Time since last: 1000109908 ns, Reaching safepoint: 93183 ns, At safepoint: 7918 ns, Total: 101101 ns
[2020-09-12T12:39:45.081+0000][1][safepoint    ] Safepoint "Cleanup", Time since last: 1000118159 ns, Reaching safepoint: 98983 ns, At safepoint: 10894 ns, Total: 109877 ns
[2020-09-12T12:39:46.082+0000][1][safepoint    ] Safepoint "Cleanup", Time since last: 1000135660 ns, Reaching safepoint: 89642 ns, At safepoint: 7944 ns, Total: 97586 ns
[2020-09-12T12:39:47.082+0000][1][safepoint    ] Safepoint "Cleanup", Time since last: 1000115868 ns, Reaching safepoint: 88785 ns, At safepoint: 9049 ns, Total: 97834 ns
[2020-09-12T12:39:48.084+0000][1][safepoint    ] Safepoint "Cleanup", Time since last: 1001962717 ns, Reaching safepoint: 108794 ns, At safepoint: 8353 ns, Total: 117147 ns
[2020-09-12T12:39:49.084+0000][1][safepoint    ] Safepoint "Cleanup", Time since last: 1000132689 ns, Reaching safepoint: 93458 ns, At safepoint: 10619 ns, Total: 104077 ns
[2020-09-12T12:39:50.085+0000][1][safepoint    ] Safepoint "Cleanup", Time since last: 1000359437 ns, Reaching safepoint: 127858 ns, At safepoint: 9568 ns, Total: 137426 ns
[2020-09-12T12:39:51.085+0000][1][safepoint    ] Safepoint "Cleanup", Time since last: 1000113675 ns, Reaching safepoint: 114771 ns, At safepoint: 8294 ns, Total: 123065 ns
[2020-09-12T12:39:52.085+0000][1][safepoint    ] Safepoint "Cleanup", Time since last: 1000112993 ns, Reaching safepoint: 91687 ns, At safepoint: 7915 ns, Total: 99602 ns
[2020-09-12T12:39:53.077+0000][1][safepoint    ] Safepoint "RevokeBias", Time since last: 991713583 ns, Reaching safepoint: 203867 ns, At safepoint: 33139 ns, Total: 237006 ns
[2020-09-12T12:39:54.077+0000][1][safepoint    ] Safepoint "Cleanup", Time since last: 1000245701 ns, Reaching safepoint: 95132 ns, At safepoint: 8319 ns, Total: 103451 ns
[2020-09-12T12:39:55.078+0000][1][safepoint    ] Safepoint "Cleanup", Time since last: 1000113932 ns, Reaching safepoint: 97547 ns, At safepoint: 8596 ns, Total: 106143 ns
[2020-09-12T12:39:56.078+0000][1][safepoint    ] Safepoint "Cleanup", Time since last: 1000122770 ns, Reaching safepoint: 95272 ns, At safepoint: 9932 ns, Total: 105204 ns
[2020-09-12T12:39:57.078+0000][1][safepoint    ] Safepoint "Cleanup", Time since last: 1000135111 ns, Reaching safepoint: 97506 ns, At safepoint: 10064 ns, Total: 107570 ns
[2020-09-12T12:39:58.078+0000][1][safepoint    ] Safepoint "Cleanup", Time since last: 1000140659 ns, Reaching safepoint: 103670 ns, At safepoint: 8852 ns, Total: 112522 ns
[2020-09-12T12:39:59.079+0000][1][safepoint    ] Safepoint "Cleanup", Time since last: 1000125919 ns, Reaching safepoint: 114088 ns, At safepoint: 8627 ns, Total: 122715 ns
[2020-09-12T12:39:59.163+0000][1][safepoint    ] Safepoint "RevokeBias", Time since last: 84531580 ns, Reaching safepoint: 159879 ns, At safepoint: 26371 ns, Total: 186250 ns
[2020-09-12T12:39:59.367+0000][1][safepoint    ] Safepoint "RevokeBias", Time since last: 204111758 ns, Reaching safepoint: 89920 ns, At safepoint: 21050 ns, Total: 110970 ns
[2020-09-12T12:40:00.368+0000][1][safepoint    ] Safepoint "Cleanup", Time since last: 1000132054 ns, Reaching safepoint: 97825 ns, At safepoint: 10782 ns, Total: 108607 ns
[2020-09-12T12:40:01.257+0000][1][safepoint    ] Safepoint "RevokeBias", Time since last: 888685418 ns, Reaching safepoint: 94752 ns, At safepoint: 27261 ns, Total: 122013 ns
[2020-09-12T12:40:01.401+0000][1][safepoint    ] Safepoint "RevokeBias", Time since last: 144578798 ns, Reaching safepoint: 90058 ns, At safepoint: 21512 ns, Total: 111570 ns
[2020-09-12T12:40:01.644+0000][1][safepoint    ] Safepoint "RevokeBias", Time since last: 242643713 ns, Reaching safepoint: 96255 ns, At safepoint: 20568 ns, Total: 116823 ns
[2020-09-12T12:40:02.644+0000][1][safepoint    ] Safepoint "Cleanup", Time since last: 1000126959 ns, Reaching safepoint: 99311 ns, At safepoint: 8232 ns, Total: 107543 ns
[2020-09-12T12:40:03.076+0000][1][safepoint    ] Safepoint "RevokeBias", Time since last: 431397195 ns, Reaching safepoint: 98284 ns, At safepoint: 23282 ns, Total: 121566 ns
[2020-09-12T12:40:04.076+0000][1][safepoint    ] Safepoint "Cleanup", Time since last: 1000129835 ns, Reaching safepoint: 99064 ns, At safepoint: 7995 ns, Total: 107059 ns
[2020-09-12T12:40:05.076+0000][1][safepoint    ] Safepoint "Cleanup", Time since last: 1000134006 ns, Reaching safepoint: 98680 ns, At safepoint: 10053 ns, Total: 108733 ns
[2020-09-12T12:40:05.296+0000][1][safepoint    ] Safepoint "RevokeBias", Time since last: 220039459 ns, Reaching safepoint: 97396 ns, At safepoint: 23180 ns, Total: 120576 ns
[2020-09-12T12:40:06.297+0000][1][safepoint    ] Safepoint "Cleanup", Time since last: 1000119195 ns, Reaching safepoint: 103184 ns, At safepoint: 9128 ns, Total: 112312 ns
[2020-09-12T12:40:07.297+0000][1][safepoint    ] Safepoint "Cleanup", Time since last: 1000167765 ns, Reaching safepoint: 97322 ns, At safepoint: 9687 ns, Total: 107009 ns
[2020-09-12T12:40:08.179+0000][1][safepoint    ] Safepoint "RevokeBias", Time since last: 881852056 ns, Reaching safepoint: 97502 ns, At safepoint: 31487 ns, Total: 128989 ns
[2020-09-12T12:40:09.179+0000][1][safepoint    ] Safepoint "Cleanup", Time since last: 1000109237 ns, Reaching safepoint: 99198 ns, At safepoint: 9979 ns, Total: 109177 ns
[2020-09-12T12:40:10.179+0000][1][safepoint    ] Safepoint "Cleanup", Time since last: 1000118478 ns, Reaching safepoint: 99940 ns, At safepoint: 7945 ns, Total: 107885 ns
[2020-09-12T12:40:11.180+0000][1][safepoint    ] Safepoint "Cleanup", Time since last: 1000129051 ns, Reaching safepoint: 112197 ns, At safepoint: 14231 ns, Total: 126428 ns
[2020-09-12T12:40:11.401+0000][1][safepoint    ] Safepoint "RevokeBias", Time since last: 221160373 ns, Reaching safepoint: 172260 ns, At safepoint: 25049 ns, Total: 197309 ns
[2020-09-12T12:40:12.405+0000][1][safepoint    ] Safepoint "Cleanup", Time since last: 1003882656 ns, Reaching safepoint: 95059 ns, At safepoint: 7433 ns, Total: 102492 ns
[2020-09-12T12:40:12.764+0000][1][safepoint    ] Safepoint "RevokeBias", Time since last: 358529658 ns, Reaching safepoint: 171726 ns, At safepoint: 22934 ns, Total: 194660 ns
[2020-09-12T12:40:13.078+0000][1][safepoint    ] Safepoint "BulkRevokeBias", Time since last: 313610512 ns, Reaching safepoint: 179843 ns, At safepoint: 319708 ns, Total: 499551 ns
[2020-09-12T12:40:13.982+0000][1][safepoint    ] Safepoint "RevokeBias", Time since last: 904267476 ns, Reaching safepoint: 101452 ns, At safepoint: 21213 ns, Total: 122665 ns
[2020-09-12T12:40:14.982+0000][1][safepoint    ] Safepoint "Cleanup", Time since last: 1000123629 ns, Reaching safepoint: 129752 ns, At safepoint: 13010 ns, Total: 142762 ns
[2020-09-12T12:40:15.983+0000][1][safepoint    ] Safepoint "Cleanup", Time since last: 1000123346 ns, Reaching safepoint: 98484 ns, At safepoint: 9206 ns, Total: 107690 ns
[2020-09-12T12:40:16.983+0000][1][safepoint    ] Safepoint "Cleanup", Time since last: 1000152819 ns, Reaching safepoint: 107371 ns, At safepoint: 10406 ns, Total: 117777 ns
[2020-09-12T12:40:17.627+0000][1][safepoint    ] Safepoint "RevokeBias", Time since last: 644391681 ns, Reaching safepoint: 89395 ns, At safepoint: 20772 ns, Total: 110167 ns
[2020-09-12T12:40:18.628+0000][1][safepoint    ] Safepoint "Cleanup", Time since last: 1000106722 ns, Reaching safepoint: 107609 ns, At safepoint: 8696 ns, Total: 116305 ns
[2020-09-12T12:40:19.628+0000][1][safepoint    ] Safepoint "Cleanup", Time since last: 1000121529 ns, Reaching safepoint: 110690 ns, At safepoint: 11933 ns, Total: 122623 ns
[2020-09-12T12:40:20.628+0000][1][safepoint    ] Safepoint "Cleanup", Time since last: 1000121871 ns, Reaching safepoint: 98413 ns, At safepoint: 10427 ns, Total: 108840 ns
[2020-09-12T12:40:21.628+0000][1][safepoint    ] Safepoint "Cleanup", Time since last: 1000119343 ns, Reaching safepoint: 121054 ns, At safepoint: 10213 ns, Total: 131267 ns
[2020-09-12T12:40:22.030+0000][1][safepoint    ] Safepoint "RevokeBias", Time since last: 401666086 ns, Reaching safepoint: 175150 ns, At safepoint: 24790 ns, Total: 199940 ns
[2020-09-12T12:40:23.030+0000][1][safepoint    ] Safepoint "Cleanup", Time since last: 1000112732 ns, Reaching safepoint: 107037 ns, At safepoint: 9186 ns, Total: 116223 ns
[2020-09-12T12:40:23.075+0000][1][safepoint    ] Safepoint "RevokeBias", Time since last: 44441290 ns, Reaching safepoint: 110115 ns, At safepoint: 24464 ns, Total: 134579 ns
[2020-09-12T12:40:24.075+0000][1][safepoint    ] Safepoint "Cleanup", Time since last: 1000126576 ns, Reaching safepoint: 129364 ns, At safepoint: 8051 ns, Total: 137415 ns
[2020-09-12T12:40:25.076+0000][1][safepoint    ] Safepoint "Cleanup", Time since last: 1000124821 ns, Reaching safepoint: 103986 ns, At safepoint: 11766 ns, Total: 115752 ns
[2020-09-12T12:40:26.076+0000][1][safepoint    ] Safepoint "Cleanup", Time since last: 1000121966 ns, Reaching safepoint: 105265 ns, At safepoint: 8803 ns, Total: 114068 ns
[2020-09-12T12:40:27.076+0000][1][safepoint    ] Safepoint "Cleanup", Time since last: 1000119381 ns, Reaching safepoint: 98835 ns, At safepoint: 7932 ns, Total: 106767 ns
[2020-09-12T12:40:28.076+0000][1][safepoint    ] Safepoint "Cleanup", Time since last: 1000111734 ns, Reaching safepoint: 105050 ns, At safepoint: 11146 ns, Total: 116196 ns
[2020-09-12T12:40:29.076+0000][1][safepoint    ] Safepoint "Cleanup", Time since last: 1000123274 ns, Reaching safepoint: 104577 ns, At safepoint: 12938 ns, Total: 117515 ns
[2020-09-12T12:40:30.077+0000][1][safepoint    ] Safepoint "Cleanup", Time since last: 1000118421 ns, Reaching safepoint: 127150 ns, At safepoint: 9680 ns, Total: 136830 ns
[2020-09-12T12:40:31.077+0000][1][safepoint    ] Safepoint "Cleanup", Time since last: 1000116070 ns, Reaching safepoint: 101333 ns, At safepoint: 10892 ns, Total: 112225 ns
[2020-09-12T12:40:32.077+0000][1][safepoint    ] Safepoint "Cleanup", Time since last: 1000120864 ns, Reaching safepoint: 103773 ns, At safepoint: 11343 ns, Total: 115116 ns
[2020-09-12T12:40:32.141+0000][1][gc,start     ] GC(69) Pause Young (Allocation Failure)
[2020-09-12T12:40:32.141+0000][1][gc,task      ] GC(69) Using 2 workers of 2 for evacuation
[2020-09-12T12:40:32.145+0000][1][gc,age       ] GC(69) Desired survivor size 8716288 bytes, new threshold 6 (max threshold 6)
[2020-09-12T12:40:32.145+0000][1][gc,age       ] GC(69) Age table with threshold 6 (max threshold 6)
[2020-09-12T12:40:32.145+0000][1][gc,age       ] GC(69) - age   1:     189264 bytes,     189264 total
[2020-09-12T12:40:32.145+0000][1][gc,age       ] GC(69) - age   2:      12208 bytes,     201472 total
[2020-09-12T12:40:32.145+0000][1][gc,age       ] GC(69) - age   3:       5880 bytes,     207352 total
[2020-09-12T12:40:32.145+0000][1][gc,age       ] GC(69) - age   4:      11096 bytes,     218448 total
[2020-09-12T12:40:32.145+0000][1][gc,age       ] GC(69) - age   5:      59176 bytes,     277624 total
[2020-09-12T12:40:32.145+0000][1][gc,age       ] GC(69) - age   6:     261432 bytes,     539056 total
[2020-09-12T12:40:32.145+0000][1][gc,heap      ] GC(69) ParNew: 137505K->729K(153344K)
[2020-09-12T12:40:32.145+0000][1][gc,heap      ] GC(69) CMS: 111900K->111904K(353920K)
[2020-09-12T12:40:32.145+0000][1][gc,metaspace ] GC(69) Metaspace: 94973K->94973K(1136640K)
[2020-09-12T12:40:32.145+0000][1][gc           ] GC(69) Pause Young (Allocation Failure) 243M->109M(495M) 4.003ms
[2020-09-12T12:40:32.145+0000][1][gc,cpu       ] GC(69) User=0.01s Sys=0.00s Real=0.00s
[2020-09-12T12:40:32.145+0000][1][safepoint    ] Safepoint "GenCollectForAllocation", Time since last: 64006084 ns, Reaching safepoint: 192701 ns, At safepoint: 4090614 ns, Total: 4283315 ns
[2020-09-12T12:40:33.059+0000][1][safepoint    ] Safepoint "RevokeBias", Time since last: 913471995 ns, Reaching safepoint: 132784 ns, At safepoint: 25138 ns, Total: 157922 ns
[2020-09-12T12:40:34.059+0000][1][safepoint    ] Safepoint "Cleanup", Time since last: 1000135257 ns, Reaching safepoint: 113250 ns, At safepoint: 8498 ns, Total: 121748 ns
[2020-09-12T12:40:35.060+0000][1][safepoint    ] Safepoint "Cleanup", Time since last: 1000123712 ns, Reaching safepoint: 100959 ns, At safepoint: 9774 ns, Total: 110733 ns
[2020-09-12T12:40:36.060+0000][1][safepoint    ] Safepoint "Cleanup", Time since last: 1000132176 ns, Reaching safepoint: 151249 ns, At safepoint: 11544 ns, Total: 162793 ns
[2020-09-12T12:40:37.060+0000][1][safepoint    ] Safepoint "Cleanup", Time since last: 1000156114 ns, Reaching safepoint: 106202 ns, At safepoint: 8856 ns, Total: 115058 ns
[2020-09-12T12:40:38.060+0000][1][safepoint    ] Safepoint "Cleanup", Time since last: 1000133343 ns, Reaching safepoint: 104158 ns, At safepoint: 9116 ns, Total: 113274 ns
[2020-09-12T12:40:39.061+0000][1][safepoint    ] Safepoint "Cleanup", Time since last: 1000117569 ns, Reaching safepoint: 99475 ns, At safepoint: 10393 ns, Total: 109868 ns
[2020-09-12T12:40:40.061+0000][1][safepoint    ] Safepoint "Cleanup", Time since last: 1000131662 ns, Reaching safepoint: 111554 ns, At safepoint: 12078 ns, Total: 123632 ns
[2020-09-12T12:40:43.071+0000][1][safepoint    ] Safepoint "RevokeBias", Time since last: 3010377490 ns, Reaching safepoint: 182082 ns, At safepoint: 30883 ns, Total: 212965 ns
[2020-09-12T12:40:44.340+0000][1][safepoint    ] Safepoint "RevokeBias", Time since last: 1268167101 ns, Reaching safepoint: 107548 ns, At safepoint: 26737 ns, Total: 134285 ns
[2020-09-12T12:40:45.340+0000][1][safepoint    ] Safepoint "Cleanup", Time since last: 1000138561 ns, Reaching safepoint: 104475 ns, At safepoint: 10679 ns, Total: 115154 ns
[2020-09-12T12:40:48.340+0000][1][safepoint    ] Safepoint "Cleanup", Time since last: 3000279179 ns, Reaching safepoint: 102818 ns, At safepoint: 11756 ns, Total: 114574 ns
[2020-09-12T12:40:51.341+0000][1][safepoint    ] Safepoint "Cleanup", Time since last: 3000259880 ns, Reaching safepoint: 99605 ns, At safepoint: 17117 ns, Total: 116722 ns
[2020-09-12T12:40:52.343+0000][1][safepoint    ] Safepoint "Cleanup", Time since last: 1000663704 ns, Reaching safepoint: 1940427 ns, At safepoint: 17706 ns, Total: 1958133 ns
[2020-09-12T12:40:53.020+0000][1][safepoint    ] Safepoint "RevokeBias", Time since last: 676098172 ns, Reaching safepoint: 95521 ns, At safepoint: 29755 ns, Total: 125276 ns
[2020-09-12T12:40:53.072+0000][1][safepoint    ] Safepoint "RevokeBias", Time since last: 52599644 ns, Reaching safepoint: 98777 ns, At safepoint: 29075 ns, Total: 127852 ns
[2020-09-12T12:40:54.073+0000][1][safepoint    ] Safepoint "Cleanup", Time since last: 1000109555 ns, Reaching safepoint: 118740 ns, At safepoint: 8653 ns, Total: 127393 ns
[2020-09-12T12:40:55.073+0000][1][safepoint    ] Safepoint "Cleanup", Time since last: 1000069595 ns, Reaching safepoint: 107731 ns, At safepoint: 15969 ns, Total: 123700 ns
[2020-09-12T12:40:56.073+0000][1][safepoint    ] Safepoint "Cleanup", Time since last: 1000126264 ns, Reaching safepoint: 95517 ns, At safepoint: 7925 ns, Total: 103442 ns
[2020-09-12T12:40:57.073+0000][1][safepoint    ] Safepoint "Cleanup", Time since last: 1000115850 ns, Reaching safepoint: 101025 ns, At safepoint: 8336 ns, Total: 109361 ns
[2020-09-12T12:40:58.073+0000][1][safepoint    ] Safepoint "Cleanup", Time since last: 1000115034 ns, Reaching safepoint: 105153 ns, At safepoint: 11201 ns, Total: 116354 ns
[2020-09-12T12:40:59.074+0000][1][safepoint    ] Safepoint "Cleanup", Time since last: 1000112246 ns, Reaching safepoint: 106291 ns, At safepoint: 9587 ns, Total: 115878 ns
[2020-09-12T12:41:00.074+0000][1][safepoint    ] Safepoint "Cleanup", Time since last: 1000117806 ns, Reaching safepoint: 104487 ns, At safepoint: 12464 ns, Total: 116951 ns
[2020-09-12T12:41:01.074+0000][1][safepoint    ] Safepoint "Cleanup", Time since last: 1000134208 ns, Reaching safepoint: 100744 ns, At safepoint: 11766 ns, Total: 112510 ns
[2020-09-12T12:41:02.074+0000][1][safepoint    ] Safepoint "Cleanup", Time since last: 1000118300 ns, Reaching safepoint: 100571 ns, At safepoint: 9272 ns, Total: 109843 ns
[2020-09-12T12:41:03.071+0000][1][safepoint    ] Safepoint "RevokeBias", Time since last: 996717463 ns, Reaching safepoint: 108888 ns, At safepoint: 23445 ns, Total: 132333 ns
[2020-09-12T12:41:04.077+0000][1][safepoint    ] Safepoint "Cleanup", Time since last: 1005413309 ns, Reaching safepoint: 97010 ns, At safepoint: 8483 ns, Total: 105493 ns
[2020-09-12T12:41:05.077+0000][1][safepoint    ] Safepoint "Cleanup", Time since last: 1000116733 ns, Reaching safepoint: 98804 ns, At safepoint: 9092 ns, Total: 107896 ns
[2020-09-12T12:41:06.077+0000][1][safepoint    ] Safepoint "Cleanup", Time since last: 1000133715 ns, Reaching safepoint: 102692 ns, At safepoint: 9092 ns, Total: 111784 ns
[2020-09-12T12:41:07.078+0000][1][safepoint    ] Safepoint "Cleanup", Time since last: 1000112463 ns, Reaching safepoint: 273264 ns, At safepoint: 9639 ns, Total: 282903 ns
[2020-09-12T12:41:08.078+0000][1][safepoint    ] Safepoint "Cleanup", Time since last: 1000117828 ns, Reaching safepoint: 98435 ns, At safepoint: 9530 ns, Total: 107965 ns
[2020-09-12T12:41:09.078+0000][1][safepoint    ] Safepoint "Cleanup", Time since last: 1000128996 ns, Reaching safepoint: 155733 ns, At safepoint: 12936 ns, Total: 168669 ns
[2020-09-12T12:41:10.078+0000][1][safepoint    ] Safepoint "Cleanup", Time since last: 1000122588 ns, Reaching safepoint: 97988 ns, At safepoint: 9746 ns, Total: 107734 ns
[2020-09-12T12:41:11.079+0000][1][safepoint    ] Safepoint "Cleanup", Time since last: 1000117218 ns, Reaching safepoint: 97413 ns, At safepoint: 9240 ns, Total: 106653 ns
[2020-09-12T12:41:12.079+0000][1][safepoint    ] Safepoint "Cleanup", Time since last: 1000128795 ns, Reaching safepoint: 98575 ns, At safepoint: 9954 ns, Total: 108529 ns
[2020-09-12T12:41:13.065+0000][1][safepoint    ] Safepoint "RevokeBias", Time since last: 985557349 ns, Reaching safepoint: 347195 ns, At safepoint: 29296 ns, Total: 376491 ns
[2020-09-12T12:41:14.068+0000][1][safepoint    ] Safepoint "Cleanup", Time since last: 1002000949 ns, Reaching safepoint: 1544473 ns, At safepoint: 18305 ns, Total: 1562778 ns
[2020-09-12T12:41:15.069+0000][1][safepoint    ] Safepoint "Cleanup", Time since last: 1000117930 ns, Reaching safepoint: 108870 ns, At safepoint: 10092 ns, Total: 118962 ns
[2020-09-12T12:41:16.069+0000][1][safepoint    ] Safepoint "Cleanup", Time since last: 1000147590 ns, Reaching safepoint: 100232 ns, At safepoint: 8173 ns, Total: 108405 ns
[2020-09-12T12:41:17.069+0000][1][safepoint    ] Safepoint "Cleanup", Time since last: 1000134688 ns, Reaching safepoint: 95958 ns, At safepoint: 8181 ns, Total: 104139 ns
[2020-09-12T12:41:18.069+0000][1][safepoint    ] Safepoint "Cleanup", Time since last: 1000122025 ns, Reaching safepoint: 101689 ns, At safepoint: 17055 ns, Total: 118744 ns
[2020-09-12T12:41:19.070+0000][1][safepoint    ] Safepoint "Cleanup", Time since last: 1000113236 ns, Reaching safepoint: 99194 ns, At safepoint: 30438 ns, Total: 129632 ns
[2020-09-12T12:41:20.070+0000][1][safepoint    ] Safepoint "Cleanup", Time since last: 1000126262 ns, Reaching safepoint: 96591 ns, At safepoint: 8618 ns, Total: 105209 ns
[2020-09-12T12:41:21.070+0000][1][safepoint    ] Safepoint "Cleanup", Time since last: 1000113117 ns, Reaching safepoint: 100023 ns, At safepoint: 9694 ns, Total: 109717 ns
[2020-09-12T12:41:22.070+0000][1][safepoint    ] Safepoint "Cleanup", Time since last: 1000115604 ns, Reaching safepoint: 98150 ns, At safepoint: 10230 ns, Total: 108380 ns
[2020-09-12T12:41:23.068+0000][1][safepoint    ] Safepoint "RevokeBias", Time since last: 997787980 ns, Reaching safepoint: 106406 ns, At safepoint: 24908 ns, Total: 131314 ns
[2020-09-12T12:41:24.073+0000][1][safepoint    ] Safepoint "Cleanup", Time since last: 1004570557 ns, Reaching safepoint: 93586 ns, At safepoint: 7471 ns, Total: 101057 ns
[2020-09-12T12:41:25.073+0000][1][safepoint    ] Safepoint "Cleanup", Time since last: 1000112720 ns, Reaching safepoint: 217171 ns, At safepoint: 13890 ns, Total: 231061 ns
[2020-09-12T12:41:26.073+0000][1][safepoint    ] Safepoint "Cleanup", Time since last: 1000109950 ns, Reaching safepoint: 172348 ns, At safepoint: 9234 ns, Total: 181582 ns
[2020-09-12T12:41:27.074+0000][1][safepoint    ] Safepoint "Cleanup", Time since last: 1000144401 ns, Reaching safepoint: 100671 ns, At safepoint: 8032 ns, Total: 108703 ns
[2020-09-12T12:41:28.074+0000][1][safepoint    ] Safepoint "Cleanup", Time since last: 1000114084 ns, Reaching safepoint: 99971 ns, At safepoint: 9730 ns, Total: 109701 ns
[2020-09-12T12:41:29.074+0000][1][safepoint    ] Safepoint "Cleanup", Time since last: 1000081178 ns, Reaching safepoint: 119587 ns, At safepoint: 10567 ns, Total: 130154 ns
[2020-09-12T12:41:29.085+0000][1][gc,start     ] GC(70) Pause Young (Allocation Failure)
[2020-09-12T12:41:29.085+0000][1][gc,task      ] GC(70) Using 2 workers of 2 for evacuation
[2020-09-12T12:41:29.090+0000][1][gc,age       ] GC(70) Desired survivor size 8716288 bytes, new threshold 6 (max threshold 6)
[2020-09-12T12:41:29.090+0000][1][gc,age       ] GC(70) Age table with threshold 6 (max threshold 6)
[2020-09-12T12:41:29.090+0000][1][gc,age       ] GC(70) - age   1:     196960 bytes,     196960 total
[2020-09-12T12:41:29.090+0000][1][gc,age       ] GC(70) - age   2:      10784 bytes,     207744 total
[2020-09-12T12:41:29.090+0000][1][gc,age       ] GC(70) - age   3:       8016 bytes,     215760 total
[2020-09-12T12:41:29.090+0000][1][gc,age       ] GC(70) - age   4:       5880 bytes,     221640 total
[2020-09-12T12:41:29.090+0000][1][gc,age       ] GC(70) - age   5:      11096 bytes,     232736 total
[2020-09-12T12:41:29.090+0000][1][gc,age       ] GC(70) - age   6:      59176 bytes,     291912 total
[2020-09-12T12:41:29.090+0000][1][gc,heap      ] GC(70) ParNew: 137049K->516K(153344K)
[2020-09-12T12:41:29.090+0000][1][gc,heap      ] GC(70) CMS: 111904K->112168K(353920K)
[2020-09-12T12:41:29.090+0000][1][gc,metaspace ] GC(70) Metaspace: 95018K->95018K(1136640K)
[2020-09-12T12:41:29.090+0000][1][gc           ] GC(70) Pause Young (Allocation Failure) 243M->110M(495M) 4.815ms
[2020-09-12T12:41:29.090+0000][1][gc,cpu       ] GC(70) User=0.01s Sys=0.00s Real=0.01s
[2020-09-12T12:41:29.091+0000][1][safepoint    ] Safepoint "GenCollectForAllocation", Time since last: 10506320 ns, Reaching safepoint: 380752 ns, At safepoint: 6082581 ns, Total: 6463333 ns
[2020-09-12T12:41:30.091+0000][1][safepoint    ] Safepoint "Cleanup", Time since last: 1000102376 ns, Reaching safepoint: 107638 ns, At safepoint: 22135 ns, Total: 129773 ns
[2020-09-12T12:41:31.092+0000][1][safepoint    ] Safepoint "Cleanup", Time since last: 1000120131 ns, Reaching safepoint: 167203 ns, At safepoint: 21683 ns, Total: 188886 ns
[2020-09-12T12:41:32.092+0000][1][safepoint    ] Safepoint "Cleanup", Time since last: 1000188348 ns, Reaching safepoint: 105188 ns, At safepoint: 27108 ns, Total: 132296 ns
[2020-09-12T12:41:33.062+0000][1][safepoint    ] Safepoint "RevokeBias", Time since last: 970137672 ns, Reaching safepoint: 137320 ns, At safepoint: 25502 ns, Total: 162822 ns
[2020-09-12T12:41:34.063+0000][1][safepoint    ] Safepoint "Cleanup", Time since last: 1000114503 ns, Reaching safepoint: 99007 ns, At safepoint: 7478 ns, Total: 106485 ns
[2020-09-12T12:41:35.065+0000][1][safepoint    ] Safepoint "Cleanup", Time since last: 1002140588 ns, Reaching safepoint: 96766 ns, At safepoint: 8898 ns, Total: 105664 ns
[2020-09-12T12:41:36.065+0000][1][safepoint    ] Safepoint "Cleanup", Time since last: 1000108105 ns, Reaching safepoint: 95599 ns, At safepoint: 7955 ns, Total: 103554 ns
[2020-09-12T12:41:37.067+0000][1][safepoint    ] Safepoint "Cleanup", Time since last: 1002263902 ns, Reaching safepoint: 115667 ns, At safepoint: 7671 ns, Total: 123338 ns
[2020-09-12T12:41:38.068+0000][1][safepoint    ] Safepoint "Cleanup", Time since last: 1000116118 ns, Reaching safepoint: 98352 ns, At safepoint: 8149 ns, Total: 106501 ns
[2020-09-12T12:41:39.068+0000][1][safepoint    ] Safepoint "Cleanup", Time since last: 1000117128 ns, Reaching safepoint: 103285 ns, At safepoint: 9528 ns, Total: 112813 ns
[2020-09-12T12:41:40.068+0000][1][safepoint    ] Safepoint "Cleanup", Time since last: 1000175761 ns, Reaching safepoint: 104082 ns, At safepoint: 13067 ns, Total: 117149 ns
[2020-09-12T12:41:41.069+0000][1][safepoint    ] Safepoint "Cleanup", Time since last: 1000287454 ns, Reaching safepoint: 104352 ns, At safepoint: 10589 ns, Total: 114941 ns
[2020-09-12T12:41:42.069+0000][1][safepoint    ] Safepoint "Cleanup", Time since last: 1000148373 ns, Reaching safepoint: 103835 ns, At safepoint: 10504 ns, Total: 114339 ns
[2020-09-12T12:41:43.069+0000][1][safepoint    ] Safepoint "Cleanup", Time since last: 1000310726 ns, Reaching safepoint: 115622 ns, At safepoint: 9575 ns, Total: 125197 ns
[2020-09-12T12:41:43.071+0000][1][safepoint    ] Safepoint "RevokeBias", Time since last: 1932084 ns, Reaching safepoint: 105917 ns, At safepoint: 26723 ns, Total: 132640 ns
[2020-09-12T12:41:44.072+0000][1][safepoint    ] Safepoint "Cleanup", Time since last: 1000116646 ns, Reaching safepoint: 104849 ns, At safepoint: 8577 ns, Total: 113426 ns
[2020-09-12T12:41:45.072+0000][1][safepoint    ] Safepoint "Cleanup", Time since last: 1000129875 ns, Reaching safepoint: 110716 ns, At safepoint: 9992 ns, Total: 120708 ns
[2020-09-12T12:41:46.072+0000][1][safepoint    ] Safepoint "Cleanup", Time since last: 1000160501 ns, Reaching safepoint: 99867 ns, At safepoint: 11541 ns, Total: 111408 ns
[2020-09-12T12:41:47.072+0000][1][safepoint    ] Safepoint "Cleanup", Time since last: 1000120121 ns, Reaching safepoint: 129987 ns, At safepoint: 10941 ns, Total: 140928 ns
[2020-09-12T12:41:48.073+0000][1][safepoint    ] Safepoint "Cleanup", Time since last: 1000148478 ns, Reaching safepoint: 105762 ns, At safepoint: 10563 ns, Total: 116325 ns
[2020-09-12T12:41:49.073+0000][1][safepoint    ] Safepoint "Cleanup", Time since last: 1000116201 ns, Reaching safepoint: 99446 ns, At safepoint: 9277 ns, Total: 108723 ns
[2020-09-12T12:41:50.073+0000][1][safepoint    ] Safepoint "Cleanup", Time since last: 1000118783 ns, Reaching safepoint: 102204 ns, At safepoint: 12833 ns, Total: 115037 ns
[2020-09-12T12:41:51.073+0000][1][safepoint    ] Safepoint "Cleanup", Time since last: 1000112481 ns, Reaching safepoint: 129761 ns, At safepoint: 9220 ns, Total: 138981 ns
[2020-09-12T12:41:52.073+0000][1][safepoint    ] Safepoint "Cleanup", Time since last: 1000114625 ns, Reaching safepoint: 99243 ns, At safepoint: 9268 ns, Total: 108511 ns
[2020-09-12T12:41:53.073+0000][1][safepoint    ] Safepoint "RevokeBias", Time since last: 999477075 ns, Reaching safepoint: 108176 ns, At safepoint: 23087 ns, Total: 131263 ns
[2020-09-12T12:41:54.073+0000][1][safepoint    ] Safepoint "Cleanup", Time since last: 1000114862 ns, Reaching safepoint: 96858 ns, At safepoint: 8002 ns, Total: 104860 ns
[2020-09-12T12:41:55.074+0000][1][safepoint    ] Safepoint "Cleanup", Time since last: 1000116407 ns, Reaching safepoint: 109660 ns, At safepoint: 11620 ns, Total: 121280 ns
[2020-09-12T12:41:56.074+0000][1][safepoint    ] Safepoint "Cleanup", Time since last: 1000116027 ns, Reaching safepoint: 116885 ns, At safepoint: 7906 ns, Total: 124791 ns
[2020-09-12T12:41:57.074+0000][1][safepoint    ] Safepoint "Cleanup", Time since last: 1000104808 ns, Reaching safepoint: 102703 ns, At safepoint: 12197 ns, Total: 114900 ns
[2020-09-12T12:41:58.074+0000][1][safepoint    ] Safepoint "Cleanup", Time since last: 1000118798 ns, Reaching safepoint: 113022 ns, At safepoint: 11472 ns, Total: 124494 ns
[2020-09-12T12:41:59.074+0000][1][safepoint    ] Safepoint "Cleanup", Time since last: 1000116572 ns, Reaching safepoint: 100187 ns, At safepoint: 9534 ns, Total: 109721 ns
[2020-09-12T12:42:00.075+0000][1][safepoint    ] Safepoint "Cleanup", Time since last: 1000110514 ns, Reaching safepoint: 105820 ns, At safepoint: 8049 ns, Total: 113869 ns
[2020-09-12T12:42:01.075+0000][1][safepoint    ] Safepoint "Cleanup", Time since last: 1000117813 ns, Reaching safepoint: 101258 ns, At safepoint: 10411 ns, Total: 111669 ns
[2020-09-12T12:42:02.075+0000][1][safepoint    ] Safepoint "Cleanup", Time since last: 1000118778 ns, Reaching safepoint: 97454 ns, At safepoint: 9814 ns, Total: 107268 ns
[2020-09-12T12:42:03.068+0000][1][safepoint    ] Safepoint "RevokeBias", Time since last: 992225341 ns, Reaching safepoint: 105983 ns, At safepoint: 24251 ns, Total: 130234 ns
[2020-09-12T12:42:04.068+0000][1][safepoint    ] Safepoint "Cleanup", Time since last: 1000111544 ns, Reaching safepoint: 95955 ns, At safepoint: 7708 ns, Total: 103663 ns
[2020-09-12T12:42:05.068+0000][1][safepoint    ] Safepoint "Cleanup", Time since last: 1000130924 ns, Reaching safepoint: 107950 ns, At safepoint: 12929 ns, Total: 120879 ns
[2020-09-12T12:42:06.068+0000][1][safepoint    ] Safepoint "Cleanup", Time since last: 1000137006 ns, Reaching safepoint: 96880 ns, At safepoint: 13414 ns, Total: 110294 ns
[2020-09-12T12:42:07.068+0000][1][safepoint    ] Safepoint "Cleanup", Time since last: 1000115555 ns, Reaching safepoint: 99409 ns, At safepoint: 13976 ns, Total: 113385 ns
[2020-09-12T12:42:08.069+0000][1][safepoint    ] Safepoint "Cleanup", Time since last: 1000125854 ns, Reaching safepoint: 132546 ns, At safepoint: 17259 ns, Total: 149805 ns
[2020-09-12T12:42:09.069+0000][1][safepoint    ] Safepoint "Cleanup", Time since last: 1000119130 ns, Reaching safepoint: 98414 ns, At safepoint: 15150 ns, Total: 113564 ns
[2020-09-12T12:42:10.069+0000][1][safepoint    ] Safepoint "Cleanup", Time since last: 1000112485 ns, Reaching safepoint: 105698 ns, At safepoint: 13741 ns, Total: 119439 ns
[2020-09-12T12:42:11.069+0000][1][safepoint    ] Safepoint "Cleanup", Time since last: 1000162671 ns, Reaching safepoint: 107793 ns, At safepoint: 11721 ns, Total: 119514 ns
[2020-09-12T12:42:12.070+0000][1][safepoint    ] Safepoint "Cleanup", Time since last: 1000114445 ns, Reaching safepoint: 101841 ns, At safepoint: 16737 ns, Total: 118578 ns
[2020-09-12T12:42:13.069+0000][1][safepoint    ] Safepoint "RevokeBias", Time since last: 999374844 ns, Reaching safepoint: 117319 ns, At safepoint: 29541 ns, Total: 146860 ns
[2020-09-12T12:42:14.069+0000][1][safepoint    ] Safepoint "Cleanup", Time since last: 1000111308 ns, Reaching safepoint: 92728 ns, At safepoint: 8322 ns, Total: 101050 ns
[2020-09-12T12:42:15.070+0000][1][safepoint    ] Safepoint "Cleanup", Time since last: 1000121772 ns, Reaching safepoint: 105346 ns, At safepoint: 11164 ns, Total: 116510 ns
[2020-09-12T12:42:15.986+0000][1][safepoint    ] Safepoint "RevokeBias", Time since last: 916417872 ns, Reaching safepoint: 176074 ns, At safepoint: 24810 ns, Total: 200884 ns
[2020-09-12T12:42:16.987+0000][1][safepoint    ] Safepoint "Cleanup", Time since last: 1000116320 ns, Reaching safepoint: 101549 ns, At safepoint: 9168 ns, Total: 110717 ns
[2020-09-12T12:42:17.987+0000][1][safepoint    ] Safepoint "Cleanup", Time since last: 1000107055 ns, Reaching safepoint: 106886 ns, At safepoint: 8632 ns, Total: 115518 ns
[2020-09-12T12:42:18.987+0000][1][safepoint    ] Safepoint "Cleanup", Time since last: 1000117280 ns, Reaching safepoint: 95436 ns, At safepoint: 8079 ns, Total: 103515 ns
[2020-09-12T12:42:19.987+0000][1][safepoint    ] Safepoint "Cleanup", Time since last: 1000113675 ns, Reaching safepoint: 101809 ns, At safepoint: 8836 ns, Total: 110645 ns
[2020-09-12T12:42:20.987+0000][1][safepoint    ] Safepoint "Cleanup", Time since last: 1000120981 ns, Reaching safepoint: 121680 ns, At safepoint: 8984 ns, Total: 130664 ns
[2020-09-12T12:42:21.988+0000][1][safepoint    ] Safepoint "Cleanup", Time since last: 1000150034 ns, Reaching safepoint: 115327 ns, At safepoint: 8867 ns, Total: 124194 ns
[2020-09-12T12:42:22.988+0000][1][safepoint    ] Safepoint "Cleanup", Time since last: 1000111697 ns, Reaching safepoint: 105818 ns, At safepoint: 10802 ns, Total: 116620 ns
[2020-09-12T12:42:23.073+0000][1][safepoint    ] Safepoint "RevokeBias", Time since last: 84958228 ns, Reaching safepoint: 271588 ns, At safepoint: 28949 ns, Total: 300537 ns
[2020-09-12T12:42:24.073+0000][1][safepoint    ] Safepoint "Cleanup", Time since last: 1000114131 ns, Reaching safepoint: 98877 ns, At safepoint: 30728 ns, Total: 129605 ns
[2020-09-12T12:42:24.151+0000][1][gc,start     ] GC(71) Pause Young (Allocation Failure)
[2020-09-12T12:42:24.151+0000][1][gc,task      ] GC(71) Using 2 workers of 2 for evacuation
[2020-09-12T12:42:24.154+0000][1][gc,age       ] GC(71) Desired survivor size 8716288 bytes, new threshold 6 (max threshold 6)
[2020-09-12T12:42:24.154+0000][1][gc,age       ] GC(71) Age table with threshold 6 (max threshold 6)
[2020-09-12T12:42:24.154+0000][1][gc,age       ] GC(71) - age   1:     571120 bytes,     571120 total
[2020-09-12T12:42:24.154+0000][1][gc,age       ] GC(71) - age   2:      14168 bytes,     585288 total
[2020-09-12T12:42:24.154+0000][1][gc,age       ] GC(71) - age   3:       6912 bytes,     592200 total
[2020-09-12T12:42:24.154+0000][1][gc,age       ] GC(71) - age   4:       8016 bytes,     600216 total
[2020-09-12T12:42:24.154+0000][1][gc,age       ] GC(71) - age   5:       5352 bytes,     605568 total
[2020-09-12T12:42:24.154+0000][1][gc,age       ] GC(71) - age   6:      11096 bytes,     616664 total
[2020-09-12T12:42:24.155+0000][1][gc,heap      ] GC(71) ParNew: 136836K->718K(153344K)
[2020-09-12T12:42:24.155+0000][1][gc,heap      ] GC(71) CMS: 112168K->112226K(353920K)
[2020-09-12T12:42:24.155+0000][1][gc,metaspace ] GC(71) Metaspace: 95088K->95088K(1136640K)
[2020-09-12T12:42:24.155+0000][1][gc           ] GC(71) Pause Young (Allocation Failure) 243M->110M(495M) 3.352ms
[2020-09-12T12:42:24.155+0000][1][gc,cpu       ] GC(71) User=0.00s Sys=0.00s Real=0.00s
[2020-09-12T12:42:24.155+0000][1][safepoint    ] Safepoint "GenCollectForAllocation", Time since last: 77648623 ns, Reaching safepoint: 96391 ns, At safepoint: 3405253 ns, Total: 3501644 ns
[2020-09-12T12:42:25.155+0000][1][safepoint    ] Safepoint "Cleanup", Time since last: 1000086414 ns, Reaching safepoint: 98854 ns, At safepoint: 16308 ns, Total: 115162 ns
[2020-09-12T12:42:26.155+0000][1][safepoint    ] Safepoint "Cleanup", Time since last: 1000111434 ns, Reaching safepoint: 114738 ns, At safepoint: 9831 ns, Total: 124569 ns
[2020-09-12T12:42:27.155+0000][1][safepoint    ] Safepoint "Cleanup", Time since last: 1000108012 ns, Reaching safepoint: 99906 ns, At safepoint: 10452 ns, Total: 110358 ns
[2020-09-12T12:42:28.156+0000][1][safepoint    ] Safepoint "Cleanup", Time since last: 1000110807 ns, Reaching safepoint: 111727 ns, At safepoint: 10698 ns, Total: 122425 ns
[2020-09-12T12:42:29.156+0000][1][safepoint    ] Safepoint "Cleanup", Time since last: 1000114191 ns, Reaching safepoint: 193106 ns, At safepoint: 17987 ns, Total: 211093 ns
[2020-09-12T12:42:30.156+0000][1][safepoint    ] Safepoint "Cleanup", Time since last: 1000124664 ns, Reaching safepoint: 116570 ns, At safepoint: 11351 ns, Total: 127921 ns
[2020-09-12T12:42:31.156+0000][1][safepoint    ] Safepoint "Cleanup", Time since last: 1000174629 ns, Reaching safepoint: 110292 ns, At safepoint: 13818 ns, Total: 124110 ns
[2020-09-12T12:42:32.157+0000][1][safepoint    ] Safepoint "Cleanup", Time since last: 1000125204 ns, Reaching safepoint: 109628 ns, At safepoint: 10317 ns, Total: 119945 ns
[2020-09-12T12:42:33.096+0000][1][safepoint    ] Safepoint "RevokeBias", Time since last: 939543800 ns, Reaching safepoint: 153762 ns, At safepoint: 24621 ns, Total: 178383 ns
[2020-09-12T12:42:34.097+0000][1][safepoint    ] Safepoint "Cleanup", Time since last: 1000120350 ns, Reaching safepoint: 126047 ns, At safepoint: 9116 ns, Total: 135163 ns
[2020-09-12T12:42:35.097+0000][1][safepoint    ] Safepoint "Cleanup", Time since last: 1000169394 ns, Reaching safepoint: 141650 ns, At safepoint: 12367 ns, Total: 154017 ns
[2020-09-12T12:42:36.097+0000][1][safepoint    ] Safepoint "Cleanup", Time since last: 1000118927 ns, Reaching safepoint: 98708 ns, At safepoint: 9704 ns, Total: 108412 ns
[2020-09-12T12:42:37.097+0000][1][safepoint    ] Safepoint "Cleanup", Time since last: 1000117987 ns, Reaching safepoint: 113239 ns, At safepoint: 10259 ns, Total: 123498 ns
[2020-09-12T12:42:37.892+0000][1][safepoint    ] Safepoint "ICBufferFull", Time since last: 794184694 ns, Reaching safepoint: 219767 ns, At safepoint: 24221 ns, Total: 243988 ns
[2020-09-12T12:42:38.975+0000][1][safepoint    ] Safepoint "Cleanup", Time since last: 1083493922 ns, Reaching safepoint: 134324 ns, At safepoint: 10034 ns, Total: 144358 ns
[2020-09-12T12:42:39.976+0000][1][safepoint    ] Safepoint "Cleanup", Time since last: 1000132100 ns, Reaching safepoint: 100237 ns, At safepoint: 9133 ns, Total: 109370 ns
[2020-09-12T12:42:40.976+0000][1][safepoint    ] Safepoint "Cleanup", Time since last: 1000112374 ns, Reaching safepoint: 93034 ns, At safepoint: 16903 ns, Total: 109937 ns
[2020-09-12T12:42:41.976+0000][1][safepoint    ] Safepoint "Cleanup", Time since last: 1000118185 ns, Reaching safepoint: 94132 ns, At safepoint: 8885 ns, Total: 103017 ns
[2020-09-12T12:42:42.976+0000][1][safepoint    ] Safepoint "Cleanup", Time since last: 1000126748 ns, Reaching safepoint: 92349 ns, At safepoint: 8058 ns, Total: 100407 ns
[2020-09-12T12:42:43.066+0000][1][safepoint    ] Safepoint "RevokeBias", Time since last: 89225316 ns, Reaching safepoint: 104948 ns, At safepoint: 25064 ns, Total: 130012 ns
[2020-09-12T12:42:44.066+0000][1][safepoint    ] Safepoint "Cleanup", Time since last: 1000113343 ns, Reaching safepoint: 97648 ns, At safepoint: 8183 ns, Total: 105831 ns
[2020-09-12T12:42:45.066+0000][1][safepoint    ] Safepoint "Cleanup", Time since last: 1000123514 ns, Reaching safepoint: 100240 ns, At safepoint: 8414 ns, Total: 108654 ns
[2020-09-12T12:42:46.066+0000][1][safepoint    ] Safepoint "Cleanup", Time since last: 1000116574 ns, Reaching safepoint: 104610 ns, At safepoint: 10740 ns, Total: 115350 ns
[2020-09-12T12:42:47.067+0000][1][safepoint    ] Safepoint "Cleanup", Time since last: 1000122673 ns, Reaching safepoint: 101976 ns, At safepoint: 12583 ns, Total: 114559 ns
[2020-09-12T12:42:48.067+0000][1][safepoint    ] Safepoint "Cleanup", Time since last: 1000127040 ns, Reaching safepoint: 120341 ns, At safepoint: 11631 ns, Total: 131972 ns
[2020-09-12T12:42:49.067+0000][1][safepoint    ] Safepoint "Cleanup", Time since last: 1000110376 ns, Reaching safepoint: 102750 ns, At safepoint: 8532 ns, Total: 111282 ns
[2020-09-12T12:42:50.067+0000][1][safepoint    ] Safepoint "Cleanup", Time since last: 1000129861 ns, Reaching safepoint: 93285 ns, At safepoint: 9062 ns, Total: 102347 ns
[2020-09-12T12:42:51.068+0000][1][safepoint    ] Safepoint "Cleanup", Time since last: 1000116695 ns, Reaching safepoint: 96861 ns, At safepoint: 9002 ns, Total: 105863 ns
[2020-09-12T12:42:52.068+0000][1][safepoint    ] Safepoint "Cleanup", Time since last: 1000117806 ns, Reaching safepoint: 92917 ns, At safepoint: 8432 ns, Total: 101349 ns
[2020-09-12T12:42:53.068+0000][1][safepoint    ] Safepoint "Cleanup", Time since last: 1000115027 ns, Reaching safepoint: 100375 ns, At safepoint: 7629 ns, Total: 108004 ns
[2020-09-12T12:42:53.070+0000][1][safepoint    ] Safepoint "RevokeBias", Time since last: 1302987 ns, Reaching safepoint: 160953 ns, At safepoint: 23825 ns, Total: 184778 ns
[2020-09-12T12:42:54.070+0000][1][safepoint    ] Safepoint "Cleanup", Time since last: 1000102728 ns, Reaching safepoint: 91571 ns, At safepoint: 8354 ns, Total: 99925 ns
[2020-09-12T12:42:55.070+0000][1][safepoint    ] Safepoint "Cleanup", Time since last: 1000116801 ns, Reaching safepoint: 100828 ns, At safepoint: 10296 ns, Total: 111124 ns
[2020-09-12T12:42:56.070+0000][1][safepoint    ] Safepoint "Cleanup", Time since last: 1000122586 ns, Reaching safepoint: 95563 ns, At safepoint: 8456 ns, Total: 104019 ns
[2020-09-12T12:42:57.070+0000][1][safepoint    ] Safepoint "Cleanup", Time since last: 1000115275 ns, Reaching safepoint: 128629 ns, At safepoint: 11370 ns, Total: 139999 ns
[2020-09-12T12:42:58.071+0000][1][safepoint    ] Safepoint "Cleanup", Time since last: 1000154454 ns, Reaching safepoint: 100021 ns, At safepoint: 10278 ns, Total: 110299 ns
[2020-09-12T12:42:59.071+0000][1][safepoint    ] Safepoint "Cleanup", Time since last: 1000139118 ns, Reaching safepoint: 105262 ns, At safepoint: 12243 ns, Total: 117505 ns
[2020-09-12T12:43:00.071+0000][1][safepoint    ] Safepoint "Cleanup", Time since last: 1000116298 ns, Reaching safepoint: 97470 ns, At safepoint: 11794 ns, Total: 109264 ns
[2020-09-12T12:43:01.071+0000][1][safepoint    ] Safepoint "Cleanup", Time since last: 1000112735 ns, Reaching safepoint: 104111 ns, At safepoint: 12067 ns, Total: 116178 ns
[2020-09-12T12:43:02.072+0000][1][safepoint    ] Safepoint "Cleanup", Time since last: 1000118247 ns, Reaching safepoint: 92980 ns, At safepoint: 9003 ns, Total: 101983 ns
[2020-09-12T12:43:03.065+0000][1][safepoint    ] Safepoint "RevokeBias", Time since last: 993419859 ns, Reaching safepoint: 177163 ns, At safepoint: 23580 ns, Total: 200743 ns
[2020-09-12T12:43:04.065+0000][1][safepoint    ] Safepoint "Cleanup", Time since last: 1000107172 ns, Reaching safepoint: 98953 ns, At safepoint: 7826 ns, Total: 106779 ns
[2020-09-12T12:43:05.066+0000][1][safepoint    ] Safepoint "Cleanup", Time since last: 1000129508 ns, Reaching safepoint: 97224 ns, At safepoint: 8795 ns, Total: 106019 ns
[2020-09-12T12:43:06.066+0000][1][safepoint    ] Safepoint "Cleanup", Time since last: 1000110808 ns, Reaching safepoint: 100840 ns, At safepoint: 10469 ns, Total: 111309 ns
[2020-09-12T12:43:07.066+0000][1][safepoint    ] Safepoint "Cleanup", Time since last: 1000125180 ns, Reaching safepoint: 100175 ns, At safepoint: 11764 ns, Total: 111939 ns
[2020-09-12T12:43:08.066+0000][1][safepoint    ] Safepoint "Cleanup", Time since last: 1000113145 ns, Reaching safepoint: 96607 ns, At safepoint: 8975 ns, Total: 105582 ns
[2020-09-12T12:43:09.067+0000][1][safepoint    ] Safepoint "Cleanup", Time since last: 1000116000 ns, Reaching safepoint: 107901 ns, At safepoint: 11745 ns, Total: 119646 ns
[2020-09-12T12:43:10.067+0000][1][safepoint    ] Safepoint "Cleanup", Time since last: 1000115630 ns, Reaching safepoint: 96892 ns, At safepoint: 8547 ns, Total: 105439 ns
[2020-09-12T12:43:11.067+0000][1][safepoint    ] Safepoint "Cleanup", Time since last: 1000112350 ns, Reaching safepoint: 95214 ns, At safepoint: 8879 ns, Total: 104093 ns
[2020-09-12T12:43:12.067+0000][1][safepoint    ] Safepoint "Cleanup", Time since last: 1000111433 ns, Reaching safepoint: 94275 ns, At safepoint: 7159 ns, Total: 101434 ns
[2020-09-12T12:43:13.067+0000][1][safepoint    ] Safepoint "RevokeBias", Time since last: 999276562 ns, Reaching safepoint: 99525 ns, At safepoint: 24216 ns, Total: 123741 ns
[2020-09-12T12:43:14.073+0000][1][safepoint    ] Safepoint "Cleanup", Time since last: 1005759969 ns, Reaching safepoint: 92493 ns, At safepoint: 8639 ns, Total: 101132 ns
[2020-09-12T12:43:14.206+0000][1][gc,start     ] GC(72) Pause Young (Allocation Failure)
[2020-09-12T12:43:14.206+0000][1][gc,task      ] GC(72) Using 2 workers of 2 for evacuation
[2020-09-12T12:43:14.210+0000][1][gc,age       ] GC(72) Desired survivor size 8716288 bytes, new threshold 6 (max threshold 6)
[2020-09-12T12:43:14.210+0000][1][gc,age       ] GC(72) Age table with threshold 6 (max threshold 6)
[2020-09-12T12:43:14.210+0000][1][gc,age       ] GC(72) - age   1:     128272 bytes,     128272 total
[2020-09-12T12:43:14.210+0000][1][gc,age       ] GC(72) - age   2:     482424 bytes,     610696 total
[2020-09-12T12:43:14.210+0000][1][gc,age       ] GC(72) - age   3:       3264 bytes,     613960 total
[2020-09-12T12:43:14.210+0000][1][gc,age       ] GC(72) - age   4:       6912 bytes,     620872 total
[2020-09-12T12:43:14.210+0000][1][gc,age       ] GC(72) - age   5:       8016 bytes,     628888 total
[2020-09-12T12:43:14.210+0000][1][gc,age       ] GC(72) - age   6:       5352 bytes,     634240 total
[2020-09-12T12:43:14.210+0000][1][gc,heap      ] GC(72) ParNew: 137038K->861K(153344K)
[2020-09-12T12:43:14.210+0000][1][gc,heap      ] GC(72) CMS: 112226K->112237K(353920K)
[2020-09-12T12:43:14.210+0000][1][gc,metaspace ] GC(72) Metaspace: 95189K->95189K(1136640K)
[2020-09-12T12:43:14.210+0000][1][gc           ] GC(72) Pause Young (Allocation Failure) 243M->110M(495M) 4.164ms
[2020-09-12T12:43:14.210+0000][1][gc,cpu       ] GC(72) User=0.00s Sys=0.00s Real=0.01s
[2020-09-12T12:43:14.210+0000][1][safepoint    ] Safepoint "GenCollectForAllocation", Time since last: 132823222 ns, Reaching safepoint: 168888 ns, At safepoint: 4219635 ns, Total: 4388523 ns
[2020-09-12T12:43:15.210+0000][1][safepoint    ] Safepoint "Cleanup", Time since last: 1000087045 ns, Reaching safepoint: 94640 ns, At safepoint: 8609 ns, Total: 103249 ns
[2020-09-12T12:43:16.210+0000][1][safepoint    ] Safepoint "Cleanup", Time since last: 1000113450 ns, Reaching safepoint: 90476 ns, At safepoint: 8391 ns, Total: 98867 ns
[2020-09-12T12:43:17.210+0000][1][safepoint    ] Safepoint "Cleanup", Time since last: 1000133735 ns, Reaching safepoint: 96843 ns, At safepoint: 10716 ns, Total: 107559 ns
[2020-09-12T12:43:18.211+0000][1][safepoint    ] Safepoint "Cleanup", Time since last: 1000113177 ns, Reaching safepoint: 92715 ns, At safepoint: 9142 ns, Total: 101857 ns
[2020-09-12T12:43:19.211+0000][1][safepoint    ] Safepoint "Cleanup", Time since last: 1000125766 ns, Reaching safepoint: 97470 ns, At safepoint: 7627 ns, Total: 105097 ns
[2020-09-12T12:43:20.211+0000][1][safepoint    ] Safepoint "Cleanup", Time since last: 1000120643 ns, Reaching safepoint: 99924 ns, At safepoint: 10292 ns, Total: 110216 ns
[2020-09-12T12:43:21.211+0000][1][safepoint    ] Safepoint "Cleanup", Time since last: 1000121394 ns, Reaching safepoint: 98286 ns, At safepoint: 10720 ns, Total: 109006 ns
[2020-09-12T12:43:22.212+0000][1][safepoint    ] Safepoint "Cleanup", Time since last: 1000118643 ns, Reaching safepoint: 118348 ns, At safepoint: 8910 ns, Total: 127258 ns
[2020-09-12T12:43:23.066+0000][1][safepoint    ] Safepoint "RevokeBias", Time since last: 854108489 ns, Reaching safepoint: 100315 ns, At safepoint: 22295 ns, Total: 122610 ns
[2020-09-12T12:43:24.066+0000][1][safepoint    ] Safepoint "Cleanup", Time since last: 1000112607 ns, Reaching safepoint: 94790 ns, At safepoint: 8444 ns, Total: 103234 ns
[2020-09-12T12:43:25.066+0000][1][safepoint    ] Safepoint "Cleanup", Time since last: 1000111127 ns, Reaching safepoint: 109719 ns, At safepoint: 10211 ns, Total: 119930 ns
[2020-09-12T12:43:26.066+0000][1][safepoint    ] Safepoint "Cleanup", Time since last: 1000116201 ns, Reaching safepoint: 97921 ns, At safepoint: 8889 ns, Total: 106810 ns
[2020-09-12T12:43:27.067+0000][1][safepoint    ] Safepoint "Cleanup", Time since last: 1000125759 ns, Reaching safepoint: 94626 ns, At safepoint: 8927 ns, Total: 103553 ns
[2020-09-12T12:43:28.067+0000][1][safepoint    ] Safepoint "Cleanup", Time since last: 1000113674 ns, Reaching safepoint: 113995 ns, At safepoint: 8938 ns, Total: 122933 ns
[2020-09-12T12:43:29.067+0000][1][safepoint    ] Safepoint "Cleanup", Time since last: 1000142388 ns, Reaching safepoint: 230031 ns, At safepoint: 23119 ns, Total: 253150 ns
[2020-09-12T12:43:30.068+0000][1][safepoint    ] Safepoint "Cleanup", Time since last: 1000160985 ns, Reaching safepoint: 100974 ns, At safepoint: 19584 ns, Total: 120558 ns
[2020-09-12T12:43:31.068+0000][1][safepoint    ] Safepoint "Cleanup", Time since last: 1000118388 ns, Reaching safepoint: 93507 ns, At safepoint: 7938 ns, Total: 101445 ns
[2020-09-12T12:43:32.068+0000][1][safepoint    ] Safepoint "Cleanup", Time since last: 1000119483 ns, Reaching safepoint: 98070 ns, At safepoint: 9555 ns, Total: 107625 ns
[2020-09-12T12:43:33.064+0000][1][safepoint    ] Safepoint "RevokeBias", Time since last: 995587069 ns, Reaching safepoint: 102075 ns, At safepoint: 22819 ns, Total: 124894 ns
[2020-09-12T12:43:34.064+0000][1][safepoint    ] Safepoint "Cleanup", Time since last: 1000109521 ns, Reaching safepoint: 94269 ns, At safepoint: 7898 ns, Total: 102167 ns
[2020-09-12T12:43:35.064+0000][1][safepoint    ] Safepoint "Cleanup", Time since last: 1000113257 ns, Reaching safepoint: 105076 ns, At safepoint: 9778 ns, Total: 114854 ns
[2020-09-12T12:43:36.064+0000][1][safepoint    ] Safepoint "Cleanup", Time since last: 1000120087 ns, Reaching safepoint: 104580 ns, At safepoint: 9497 ns, Total: 114077 ns
[2020-09-12T12:43:37.065+0000][1][safepoint    ] Safepoint "Cleanup", Time since last: 1000123537 ns, Reaching safepoint: 104735 ns, At safepoint: 23196 ns, Total: 127931 ns
[2020-09-12T12:43:38.066+0000][1][safepoint    ] Safepoint "Cleanup", Time since last: 1000977360 ns, Reaching safepoint: 337573 ns, At safepoint: 14864 ns, Total: 352437 ns
[2020-09-12T12:43:39.066+0000][1][safepoint    ] Safepoint "Cleanup", Time since last: 1000150386 ns, Reaching safepoint: 109158 ns, At safepoint: 8578 ns, Total: 117736 ns
[2020-09-12T12:43:40.066+0000][1][safepoint    ] Safepoint "Cleanup", Time since last: 1000114763 ns, Reaching safepoint: 98543 ns, At safepoint: 9049 ns, Total: 107592 ns
[2020-09-12T12:43:41.067+0000][1][safepoint    ] Safepoint "Cleanup", Time since last: 1000117010 ns, Reaching safepoint: 101034 ns, At safepoint: 10488 ns, Total: 111522 ns
[2020-09-12T12:43:42.067+0000][1][safepoint    ] Safepoint "Cleanup", Time since last: 1000132832 ns, Reaching safepoint: 98579 ns, At safepoint: 8534 ns, Total: 107113 ns
[2020-09-12T12:43:43.067+0000][1][safepoint    ] Safepoint "Cleanup", Time since last: 1000124299 ns, Reaching safepoint: 98603 ns, At safepoint: 7843 ns, Total: 106446 ns
[2020-09-12T12:43:43.068+0000][1][safepoint    ] Safepoint "RevokeBias", Time since last: 316451 ns, Reaching safepoint: 56633 ns, At safepoint: 20186 ns, Total: 76819 ns
[2020-09-12T12:43:44.068+0000][1][safepoint    ] Safepoint "Cleanup", Time since last: 1000091551 ns, Reaching safepoint: 93615 ns, At safepoint: 8315 ns, Total: 101930 ns
[2020-09-12T12:43:45.068+0000][1][safepoint    ] Safepoint "Cleanup", Time since last: 1000114963 ns, Reaching safepoint: 97931 ns, At safepoint: 9592 ns, Total: 107523 ns
[2020-09-12T12:43:46.068+0000][1][safepoint    ] Safepoint "Cleanup", Time since last: 1000116849 ns, Reaching safepoint: 97073 ns, At safepoint: 9855 ns, Total: 106928 ns
[2020-09-12T12:43:47.068+0000][1][safepoint    ] Safepoint "Cleanup", Time since last: 1000114564 ns, Reaching safepoint: 104383 ns, At safepoint: 9335 ns, Total: 113718 ns
[2020-09-12T12:43:48.069+0000][1][safepoint    ] Safepoint "Cleanup", Time since last: 1000121666 ns, Reaching safepoint: 126743 ns, At safepoint: 10279 ns, Total: 137022 ns
[2020-09-12T12:43:49.069+0000][1][safepoint    ] Safepoint "Cleanup", Time since last: 1000227902 ns, Reaching safepoint: 105563 ns, At safepoint: 7883 ns, Total: 113446 ns
[2020-09-12T12:43:50.069+0000][1][safepoint    ] Safepoint "Cleanup", Time since last: 1000120289 ns, Reaching safepoint: 99656 ns, At safepoint: 9984 ns, Total: 109640 ns
[2020-09-12T12:43:51.070+0000][1][safepoint    ] Safepoint "Cleanup", Time since last: 1000117971 ns, Reaching safepoint: 105842 ns, At safepoint: 10116 ns, Total: 115958 ns
[2020-09-12T12:43:52.070+0000][1][safepoint    ] Safepoint "Cleanup", Time since last: 1000115148 ns, Reaching safepoint: 96886 ns, At safepoint: 8971 ns, Total: 105857 ns
[2020-09-12T12:43:53.069+0000][1][safepoint    ] Safepoint "BulkRevokeBias", Time since last: 998548609 ns, Reaching safepoint: 102978 ns, At safepoint: 347315 ns, Total: 450293 ns
[2020-09-12T12:43:54.069+0000][1][safepoint    ] Safepoint "Cleanup", Time since last: 1000111323 ns, Reaching safepoint: 342600 ns, At safepoint: 9466 ns, Total: 352066 ns
[2020-09-12T12:43:55.069+0000][1][safepoint    ] Safepoint "Cleanup", Time since last: 1000116562 ns, Reaching safepoint: 104007 ns, At safepoint: 12816 ns, Total: 116823 ns
[2020-09-12T12:43:56.070+0000][1][safepoint    ] Safepoint "Cleanup", Time since last: 1000118464 ns, Reaching safepoint: 101780 ns, At safepoint: 10364 ns, Total: 112144 ns
[2020-09-12T12:43:57.070+0000][1][safepoint    ] Safepoint "Cleanup", Time since last: 1000126548 ns, Reaching safepoint: 111113 ns, At safepoint: 13966 ns, Total: 125079 ns
[2020-09-12T12:43:58.070+0000][1][safepoint    ] Safepoint "Cleanup", Time since last: 1000124406 ns, Reaching safepoint: 109274 ns, At safepoint: 11791 ns, Total: 121065 ns
[2020-09-12T12:43:59.070+0000][1][safepoint    ] Safepoint "Cleanup", Time since last: 1000119056 ns, Reaching safepoint: 118826 ns, At safepoint: 9078 ns, Total: 127904 ns
[2020-09-12T12:43:59.395+0000][1][gc,start     ] GC(73) Pause Young (Allocation Failure)
[2020-09-12T12:43:59.395+0000][1][gc,task      ] GC(73) Using 2 workers of 2 for evacuation
[2020-09-12T12:43:59.399+0000][1][gc,age       ] GC(73) Desired survivor size 8716288 bytes, new threshold 6 (max threshold 6)
[2020-09-12T12:43:59.399+0000][1][gc,age       ] GC(73) Age table with threshold 6 (max threshold 6)
[2020-09-12T12:43:59.399+0000][1][gc,age       ] GC(73) - age   1:     213352 bytes,     213352 total
[2020-09-12T12:43:59.399+0000][1][gc,age       ] GC(73) - age   2:      55600 bytes,     268952 total
[2020-09-12T12:43:59.399+0000][1][gc,age       ] GC(73) - age   3:     372448 bytes,     641400 total
[2020-09-12T12:43:59.399+0000][1][gc,age       ] GC(73) - age   4:       3264 bytes,     644664 total
[2020-09-12T12:43:59.399+0000][1][gc,age       ] GC(73) - age   5:       6912 bytes,     651576 total
[2020-09-12T12:43:59.399+0000][1][gc,age       ] GC(73) - age   6:       8016 bytes,     659592 total
[2020-09-12T12:43:59.399+0000][1][gc,heap      ] GC(73) ParNew: 137181K->848K(153344K)
[2020-09-12T12:43:59.399+0000][1][gc,heap      ] GC(73) CMS: 112237K->112242K(353920K)
[2020-09-12T12:43:59.399+0000][1][gc,metaspace ] GC(73) Metaspace: 95293K->95293K(1136640K)
[2020-09-12T12:43:59.399+0000][1][gc           ] GC(73) Pause Young (Allocation Failure) 243M->110M(495M) 3.612ms
[2020-09-12T12:43:59.399+0000][1][gc,cpu       ] GC(73) User=0.01s Sys=0.00s Real=0.00s
[2020-09-12T12:43:59.399+0000][1][safepoint    ] Safepoint "GenCollectForAllocation", Time since last: 324638469 ns, Reaching safepoint: 139083 ns, At safepoint: 3669159 ns, Total: 3808242 ns
[2020-09-12T12:44:00.399+0000][1][safepoint    ] Safepoint "Cleanup", Time since last: 1000088149 ns, Reaching safepoint: 98967 ns, At safepoint: 8453 ns, Total: 107420 ns
[2020-09-12T12:44:01.399+0000][1][safepoint    ] Safepoint "Cleanup", Time since last: 1000138471 ns, Reaching safepoint: 94568 ns, At safepoint: 8568 ns, Total: 103136 ns
[2020-09-12T12:44:02.400+0000][1][safepoint    ] Safepoint "Cleanup", Time since last: 1000116626 ns, Reaching safepoint: 101125 ns, At safepoint: 9869 ns, Total: 110994 ns
[2020-09-12T12:44:03.080+0000][1][safepoint    ] Safepoint "RevokeBias", Time since last: 680392938 ns, Reaching safepoint: 177649 ns, At safepoint: 24936 ns, Total: 202585 ns
[2020-09-12T12:44:04.080+0000][1][safepoint    ] Safepoint "Cleanup", Time since last: 1000106629 ns, Reaching safepoint: 105466 ns, At safepoint: 8293 ns, Total: 113759 ns
[2020-09-12T12:44:05.081+0000][1][safepoint    ] Safepoint "Cleanup", Time since last: 1000115481 ns, Reaching safepoint: 107283 ns, At safepoint: 8999 ns, Total: 116282 ns
[2020-09-12T12:44:06.081+0000][1][safepoint    ] Safepoint "Cleanup", Time since last: 1000121808 ns, Reaching safepoint: 104732 ns, At safepoint: 9396 ns, Total: 114128 ns
[2020-09-12T12:44:07.081+0000][1][safepoint    ] Safepoint "Cleanup", Time since last: 1000115755 ns, Reaching safepoint: 98030 ns, At safepoint: 9189 ns, Total: 107219 ns
[2020-09-12T12:44:08.081+0000][1][safepoint    ] Safepoint "Cleanup", Time since last: 1000130460 ns, Reaching safepoint: 98859 ns, At safepoint: 25372 ns, Total: 124231 ns
[2020-09-12T12:44:09.082+0000][1][safepoint    ] Safepoint "Cleanup", Time since last: 1000119008 ns, Reaching safepoint: 109558 ns, At safepoint: 10059 ns, Total: 119617 ns
[2020-09-12T12:44:10.082+0000][1][safepoint    ] Safepoint "Cleanup", Time since last: 1000109871 ns, Reaching safepoint: 110684 ns, At safepoint: 10473 ns, Total: 121157 ns
[2020-09-12T12:44:11.082+0000][1][safepoint    ] Safepoint "Cleanup", Time since last: 1000119174 ns, Reaching safepoint: 93716 ns, At safepoint: 7741 ns, Total: 101457 ns
[2020-09-12T12:44:12.082+0000][1][safepoint    ] Safepoint "Cleanup", Time since last: 1000121668 ns, Reaching safepoint: 96318 ns, At safepoint: 8770 ns, Total: 105088 ns
[2020-09-12T12:44:13.074+0000][1][safepoint    ] Safepoint "RevokeBias", Time since last: 991532119 ns, Reaching safepoint: 104762 ns, At safepoint: 24093 ns, Total: 128855 ns
[2020-09-12T12:44:14.074+0000][1][safepoint    ] Safepoint "Cleanup", Time since last: 1000110428 ns, Reaching safepoint: 94928 ns, At safepoint: 7804 ns, Total: 102732 ns
[2020-09-12T12:44:15.074+0000][1][safepoint    ] Safepoint "Cleanup", Time since last: 1000113262 ns, Reaching safepoint: 97448 ns, At safepoint: 9458 ns, Total: 106906 ns
[2020-09-12T12:44:16.075+0000][1][safepoint    ] Safepoint "Cleanup", Time since last: 1000128278 ns, Reaching safepoint: 102743 ns, At safepoint: 10348 ns, Total: 113091 ns
[2020-09-12T12:44:17.075+0000][1][safepoint    ] Safepoint "Cleanup", Time since last: 1000119800 ns, Reaching safepoint: 95450 ns, At safepoint: 9062 ns, Total: 104512 ns
[2020-09-12T12:44:18.075+0000][1][safepoint    ] Safepoint "Cleanup", Time since last: 1000119137 ns, Reaching safepoint: 99882 ns, At safepoint: 11704 ns, Total: 111586 ns
[2020-09-12T12:44:19.075+0000][1][safepoint    ] Safepoint "Cleanup", Time since last: 1000146180 ns, Reaching safepoint: 96607 ns, At safepoint: 9281 ns, Total: 105888 ns
[2020-09-12T12:44:20.076+0000][1][safepoint    ] Safepoint "Cleanup", Time since last: 1000165248 ns, Reaching safepoint: 141163 ns, At safepoint: 13843 ns, Total: 155006 ns
[2020-09-12T12:44:21.076+0000][1][safepoint    ] Safepoint "Cleanup", Time since last: 1000129794 ns, Reaching safepoint: 97802 ns, At safepoint: 8427 ns, Total: 106229 ns
[2020-09-12T12:44:22.076+0000][1][safepoint    ] Safepoint "Cleanup", Time since last: 1000135359 ns, Reaching safepoint: 117848 ns, At safepoint: 9580 ns, Total: 127428 ns
[2020-09-12T12:44:23.068+0000][1][safepoint    ] Safepoint "RevokeBias", Time since last: 991881101 ns, Reaching safepoint: 111266 ns, At safepoint: 23420 ns, Total: 134686 ns
[2020-09-12T12:44:24.068+0000][1][safepoint    ] Safepoint "Cleanup", Time since last: 1000105077 ns, Reaching safepoint: 142400 ns, At safepoint: 8798 ns, Total: 151198 ns
[2020-09-12T12:44:25.069+0000][1][safepoint    ] Safepoint "Cleanup", Time since last: 1000162071 ns, Reaching safepoint: 138362 ns, At safepoint: 13359 ns, Total: 151721 ns
[2020-09-12T12:44:26.069+0000][1][safepoint    ] Safepoint "Cleanup", Time since last: 1000156414 ns, Reaching safepoint: 98790 ns, At safepoint: 11242 ns, Total: 110032 ns
[2020-09-12T12:44:27.069+0000][1][safepoint    ] Safepoint "Cleanup", Time since last: 1000133702 ns, Reaching safepoint: 96729 ns, At safepoint: 9257 ns, Total: 105986 ns
[2020-09-12T12:44:28.069+0000][1][safepoint    ] Safepoint "Cleanup", Time since last: 1000113486 ns, Reaching safepoint: 97004 ns, At safepoint: 8901 ns, Total: 105905 ns
[2020-09-12T12:44:29.070+0000][1][safepoint    ] Safepoint "Cleanup", Time since last: 1000115639 ns, Reaching safepoint: 122410 ns, At safepoint: 9333 ns, Total: 131743 ns
[2020-09-12T12:44:30.070+0000][1][safepoint    ] Safepoint "Cleanup", Time since last: 1000106660 ns, Reaching safepoint: 108745 ns, At safepoint: 9561 ns, Total: 118306 ns
[2020-09-12T12:44:31.070+0000][1][safepoint    ] Safepoint "Cleanup", Time since last: 1000128765 ns, Reaching safepoint: 93944 ns, At safepoint: 8671 ns, Total: 102615 ns
[2020-09-12T12:44:32.070+0000][1][safepoint    ] Safepoint "Cleanup", Time since last: 1000131462 ns, Reaching safepoint: 104695 ns, At safepoint: 12137 ns, Total: 116832 ns
[2020-09-12T12:44:33.071+0000][1][safepoint    ] Safepoint "Cleanup", Time since last: 1000227016 ns, Reaching safepoint: 194687 ns, At safepoint: 7880 ns, Total: 202567 ns
[2020-09-12T12:44:33.084+0000][1][safepoint    ] Safepoint "RevokeBias", Time since last: 12984120 ns, Reaching safepoint: 153323 ns, At safepoint: 24203 ns, Total: 177526 ns
[2020-09-12T12:44:34.084+0000][1][safepoint    ] Safepoint "Cleanup", Time since last: 1000107527 ns, Reaching safepoint: 97703 ns, At safepoint: 8645 ns, Total: 106348 ns
[2020-09-12T12:44:35.088+0000][1][safepoint    ] Safepoint "Cleanup", Time since last: 1003457684 ns, Reaching safepoint: 103541 ns, At safepoint: 8949 ns, Total: 112490 ns
[2020-09-12T12:44:36.088+0000][1][safepoint    ] Safepoint "Cleanup", Time since last: 1000128435 ns, Reaching safepoint: 96205 ns, At safepoint: 9572 ns, Total: 105777 ns
[2020-09-12T12:44:37.088+0000][1][safepoint    ] Safepoint "Cleanup", Time since last: 1000117966 ns, Reaching safepoint: 95432 ns, At safepoint: 9483 ns, Total: 104915 ns
[2020-09-12T12:44:38.088+0000][1][safepoint    ] Safepoint "Cleanup", Time since last: 1000112223 ns, Reaching safepoint: 98060 ns, At safepoint: 9054 ns, Total: 107114 ns
[2020-09-12T12:44:39.089+0000][1][safepoint    ] Safepoint "Cleanup", Time since last: 1000144998 ns, Reaching safepoint: 99299 ns, At safepoint: 10462 ns, Total: 109761 ns
[2020-09-12T12:44:41.010+0000][1][safepoint    ] Safepoint "Cleanup", Time since last: 1920902309 ns, Reaching safepoint: 127568 ns, At safepoint: 10533 ns, Total: 138101 ns
[2020-09-12T12:44:42.010+0000][1][safepoint    ] Safepoint "Cleanup", Time since last: 1000133363 ns, Reaching safepoint: 97936 ns, At safepoint: 9423 ns, Total: 107359 ns
[2020-09-12T12:44:43.011+0000][1][safepoint    ] Safepoint "Cleanup", Time since last: 1000898933 ns, Reaching safepoint: 118839 ns, At safepoint: 9478 ns, Total: 128317 ns
[2020-09-12T12:44:43.073+0000][1][safepoint    ] Safepoint "RevokeBias", Time since last: 61571632 ns, Reaching safepoint: 97793 ns, At safepoint: 24276 ns, Total: 122069 ns
[2020-09-12T12:44:44.073+0000][1][safepoint    ] Safepoint "Cleanup", Time since last: 1000150100 ns, Reaching safepoint: 100468 ns, At safepoint: 8440 ns, Total: 108908 ns
[2020-09-12T12:44:45.073+0000][1][safepoint    ] Safepoint "Cleanup", Time since last: 1000122804 ns, Reaching safepoint: 164464 ns, At safepoint: 16495 ns, Total: 180959 ns
[2020-09-12T12:44:46.073+0000][1][safepoint    ] Safepoint "Cleanup", Time since last: 1000131960 ns, Reaching safepoint: 96281 ns, At safepoint: 11239 ns, Total: 107520 ns
[2020-09-12T12:44:47.074+0000][1][safepoint    ] Safepoint "Cleanup", Time since last: 1000114688 ns, Reaching safepoint: 153476 ns, At safepoint: 10010 ns, Total: 163486 ns
[2020-09-12T12:44:48.074+0000][1][safepoint    ] Safepoint "Cleanup", Time since last: 1000134119 ns, Reaching safepoint: 99268 ns, At safepoint: 8799 ns, Total: 108067 ns
[2020-09-12T12:44:49.074+0000][1][safepoint    ] Safepoint "Cleanup", Time since last: 1000129481 ns, Reaching safepoint: 287869 ns, At safepoint: 10209 ns, Total: 298078 ns
[2020-09-12T12:44:49.415+0000][1][gc,start     ] GC(74) Pause Young (Allocation Failure)
[2020-09-12T12:44:49.415+0000][1][gc,task      ] GC(74) Using 2 workers of 2 for evacuation
[2020-09-12T12:44:49.418+0000][1][gc,age       ] GC(74) Desired survivor size 8716288 bytes, new threshold 6 (max threshold 6)
[2020-09-12T12:44:49.418+0000][1][gc,age       ] GC(74) Age table with threshold 6 (max threshold 6)
[2020-09-12T12:44:49.418+0000][1][gc,age       ] GC(74) - age   1:     206768 bytes,     206768 total
[2020-09-12T12:44:49.418+0000][1][gc,age       ] GC(74) - age   2:      84992 bytes,     291760 total
[2020-09-12T12:44:49.418+0000][1][gc,age       ] GC(74) - age   3:      24616 bytes,     316376 total
[2020-09-12T12:44:49.418+0000][1][gc,age       ] GC(74) - age   4:     363848 bytes,     680224 total
[2020-09-12T12:44:49.418+0000][1][gc,age       ] GC(74) - age   5:       3264 bytes,     683488 total
[2020-09-12T12:44:49.418+0000][1][gc,age       ] GC(74) - age   6:       6912 bytes,     690400 total
[2020-09-12T12:44:49.418+0000][1][gc,heap      ] GC(74) ParNew: 137168K->924K(153344K)
[2020-09-12T12:44:49.418+0000][1][gc,heap      ] GC(74) CMS: 112242K->112250K(353920K)
[2020-09-12T12:44:49.418+0000][1][gc,metaspace ] GC(74) Metaspace: 95367K->95367K(1136640K)
[2020-09-12T12:44:49.418+0000][1][gc           ] GC(74) Pause Young (Allocation Failure) 243M->110M(495M) 3.183ms
[2020-09-12T12:44:49.418+0000][1][gc,cpu       ] GC(74) User=0.00s Sys=0.01s Real=0.00s
[2020-09-12T12:44:49.418+0000][1][safepoint    ] Safepoint "GenCollectForAllocation", Time since last: 340777745 ns, Reaching safepoint: 89214 ns, At safepoint: 3263906 ns, Total: 3353120 ns
[2020-09-12T12:44:50.419+0000][1][safepoint    ] Safepoint "Cleanup", Time since last: 1000142783 ns, Reaching safepoint: 134072 ns, At safepoint: 8400 ns, Total: 142472 ns
[2020-09-12T12:44:51.419+0000][1][safepoint    ] Safepoint "Cleanup", Time since last: 1000118197 ns, Reaching safepoint: 93760 ns, At safepoint: 13845 ns, Total: 107605 ns
[2020-09-12T12:44:52.419+0000][1][safepoint    ] Safepoint "Cleanup", Time since last: 1000119189 ns, Reaching safepoint: 95013 ns, At safepoint: 10194 ns, Total: 105207 ns
[2020-09-12T12:44:53.080+0000][1][safepoint    ] Safepoint "RevokeBias", Time since last: 661043250 ns, Reaching safepoint: 100453 ns, At safepoint: 23078 ns, Total: 123531 ns
[2020-09-12T12:44:54.081+0000][1][safepoint    ] Safepoint "Cleanup", Time since last: 1000110452 ns, Reaching safepoint: 92791 ns, At safepoint: 9436 ns, Total: 102227 ns
[2020-09-12T12:44:55.081+0000][1][safepoint    ] Safepoint "Cleanup", Time since last: 1000141601 ns, Reaching safepoint: 107602 ns, At safepoint: 8297 ns, Total: 115899 ns
[2020-09-12T12:44:56.081+0000][1][safepoint    ] Safepoint "Cleanup", Time since last: 1000096759 ns, Reaching safepoint: 103363 ns, At safepoint: 14010 ns, Total: 117373 ns
[2020-09-12T12:44:57.081+0000][1][safepoint    ] Safepoint "Cleanup", Time since last: 1000120910 ns, Reaching safepoint: 103380 ns, At safepoint: 9921 ns, Total: 113301 ns
[2020-09-12T12:44:58.082+0000][1][safepoint    ] Safepoint "Cleanup", Time since last: 1000165154 ns, Reaching safepoint: 122869 ns, At safepoint: 10801 ns, Total: 133670 ns
[2020-09-12T12:44:59.082+0000][1][safepoint    ] Safepoint "Cleanup", Time since last: 1000114200 ns, Reaching safepoint: 102277 ns, At safepoint: 9652 ns, Total: 111929 ns
[2020-09-12T12:45:00.084+0000][1][safepoint    ] Safepoint "Cleanup", Time since last: 1000141369 ns, Reaching safepoint: 234524 ns, At safepoint: 2160703 ns, Total: 2395227 ns
[2020-09-12T12:45:01.085+0000][1][safepoint    ] Safepoint "Cleanup", Time since last: 1000159780 ns, Reaching safepoint: 178938 ns, At safepoint: 9492 ns, Total: 188430 ns
[2020-09-12T12:45:02.085+0000][1][safepoint    ] Safepoint "Cleanup", Time since last: 1000129931 ns, Reaching safepoint: 100406 ns, At safepoint: 10323 ns, Total: 110729 ns
[2020-09-12T12:45:03.076+0000][1][safepoint    ] Safepoint "RevokeBias", Time since last: 990735896 ns, Reaching safepoint: 105131 ns, At safepoint: 24089 ns, Total: 129220 ns
[2020-09-12T12:45:04.076+0000][1][safepoint    ] Safepoint "Cleanup", Time since last: 1000089390 ns, Reaching safepoint: 104083 ns, At safepoint: 8877 ns, Total: 112960 ns
[2020-09-12T12:45:05.076+0000][1][safepoint    ] Safepoint "Cleanup", Time since last: 1000176487 ns, Reaching safepoint: 130628 ns, At safepoint: 10762 ns, Total: 141390 ns
[2020-09-12T12:45:06.077+0000][1][safepoint    ] Safepoint "Cleanup", Time since last: 1000118059 ns, Reaching safepoint: 102151 ns, At safepoint: 14333 ns, Total: 116484 ns
[2020-09-12T12:45:07.077+0000][1][safepoint    ] Safepoint "Cleanup", Time since last: 1000075477 ns, Reaching safepoint: 115012 ns, At safepoint: 13338 ns, Total: 128350 ns
[2020-09-12T12:45:08.077+0000][1][safepoint    ] Safepoint "Cleanup", Time since last: 1000142917 ns, Reaching safepoint: 103477 ns, At safepoint: 9904 ns, Total: 113381 ns
[2020-09-12T12:45:09.077+0000][1][safepoint    ] Safepoint "Cleanup", Time since last: 1000118751 ns, Reaching safepoint: 103656 ns, At safepoint: 12660 ns, Total: 116316 ns
[2020-09-12T12:45:10.079+0000][1][safepoint    ] Safepoint "Cleanup", Time since last: 1001210580 ns, Reaching safepoint: 108165 ns, At safepoint: 18703 ns, Total: 126868 ns
[2020-09-12T12:45:11.079+0000][1][safepoint    ] Safepoint "Cleanup", Time since last: 1000121161 ns, Reaching safepoint: 102431 ns, At safepoint: 12667 ns, Total: 115098 ns
[2020-09-12T12:45:12.079+0000][1][safepoint    ] Safepoint "Cleanup", Time since last: 1000120199 ns, Reaching safepoint: 102908 ns, At safepoint: 10462 ns, Total: 113370 ns
[2020-09-12T12:45:13.077+0000][1][safepoint    ] Safepoint "RevokeBias", Time since last: 998147030 ns, Reaching safepoint: 188319 ns, At safepoint: 26220 ns, Total: 214539 ns
[2020-09-12T12:45:14.078+0000][1][safepoint    ] Safepoint "Cleanup", Time since last: 1000128084 ns, Reaching safepoint: 127566 ns, At safepoint: 8648 ns, Total: 136214 ns
[2020-09-12T12:45:15.078+0000][1][safepoint    ] Safepoint "Cleanup", Time since last: 1000118497 ns, Reaching safepoint: 105636 ns, At safepoint: 9132 ns, Total: 114768 ns
[2020-09-12T12:45:16.078+0000][1][safepoint    ] Safepoint "Cleanup", Time since last: 1000130842 ns, Reaching safepoint: 113701 ns, At safepoint: 12734 ns, Total: 126435 ns
[2020-09-12T12:45:17.078+0000][1][safepoint    ] Safepoint "Cleanup", Time since last: 1000127747 ns, Reaching safepoint: 103510 ns, At safepoint: 10312 ns, Total: 113822 ns
[2020-09-12T12:45:18.079+0000][1][safepoint    ] Safepoint "Cleanup", Time since last: 1000128770 ns, Reaching safepoint: 208885 ns, At safepoint: 9403 ns, Total: 218288 ns
[2020-09-12T12:45:19.079+0000][1][safepoint    ] Safepoint "Cleanup", Time since last: 1000176966 ns, Reaching safepoint: 99453 ns, At safepoint: 9077 ns, Total: 108530 ns
[2020-09-12T12:45:20.079+0000][1][safepoint    ] Safepoint "Cleanup", Time since last: 1000124160 ns, Reaching safepoint: 113049 ns, At safepoint: 11833 ns, Total: 124882 ns
[2020-09-12T12:45:21.082+0000][1][safepoint    ] Safepoint "Cleanup", Time since last: 1002357769 ns, Reaching safepoint: 264881 ns, At safepoint: 10132 ns, Total: 275013 ns
[2020-09-12T12:45:22.082+0000][1][safepoint    ] Safepoint "Cleanup", Time since last: 1000192652 ns, Reaching safepoint: 106662 ns, At safepoint: 11700 ns, Total: 118362 ns
[2020-09-12T12:45:23.075+0000][1][safepoint    ] Safepoint "RevokeBias", Time since last: 992412100 ns, Reaching safepoint: 102275 ns, At safepoint: 23280 ns, Total: 125555 ns
[2020-09-12T12:45:24.075+0000][1][safepoint    ] Safepoint "Cleanup", Time since last: 1000079222 ns, Reaching safepoint: 98147 ns, At safepoint: 7259 ns, Total: 105406 ns
[2020-09-12T12:45:25.075+0000][1][safepoint    ] Safepoint "Cleanup", Time since last: 1000111293 ns, Reaching safepoint: 100828 ns, At safepoint: 8364 ns, Total: 109192 ns
[2020-09-12T12:45:26.076+0000][1][safepoint    ] Safepoint "Cleanup", Time since last: 1000150045 ns, Reaching safepoint: 127030 ns, At safepoint: 10081 ns, Total: 137111 ns
[2020-09-12T12:45:27.076+0000][1][safepoint    ] Safepoint "Cleanup", Time since last: 1000118270 ns, Reaching safepoint: 126392 ns, At safepoint: 9572 ns, Total: 135964 ns
[2020-09-12T12:45:28.076+0000][1][safepoint    ] Safepoint "Cleanup", Time since last: 1000114616 ns, Reaching safepoint: 102069 ns, At safepoint: 10129 ns, Total: 112198 ns
[2020-09-12T12:45:29.076+0000][1][safepoint    ] Safepoint "Cleanup", Time since last: 1000155273 ns, Reaching safepoint: 103725 ns, At safepoint: 11023 ns, Total: 114748 ns
[2020-09-12T12:45:30.076+0000][1][safepoint    ] Safepoint "Cleanup", Time since last: 1000117205 ns, Reaching safepoint: 114626 ns, At safepoint: 8461 ns, Total: 123087 ns
[2020-09-12T12:45:31.078+0000][1][safepoint    ] Safepoint "Cleanup", Time since last: 1001390302 ns, Reaching safepoint: 132063 ns, At safepoint: 9833 ns, Total: 141896 ns
[2020-09-12T12:45:32.078+0000][1][safepoint    ] Safepoint "Cleanup", Time since last: 1000098336 ns, Reaching safepoint: 137393 ns, At safepoint: 15324 ns, Total: 152717 ns
[2020-09-12T12:45:33.076+0000][1][safepoint    ] Safepoint "RevokeBias", Time since last: 997747769 ns, Reaching safepoint: 108802 ns, At safepoint: 24891 ns, Total: 133693 ns
[2020-09-12T12:45:34.076+0000][1][safepoint    ] Safepoint "Cleanup", Time since last: 1000121011 ns, Reaching safepoint: 103012 ns, At safepoint: 7929 ns, Total: 110941 ns
[2020-09-12T12:45:35.077+0000][1][safepoint    ] Safepoint "Cleanup", Time since last: 1000123905 ns, Reaching safepoint: 109629 ns, At safepoint: 30217 ns, Total: 139846 ns
[2020-09-12T12:45:36.077+0000][1][safepoint    ] Safepoint "Cleanup", Time since last: 1000115669 ns, Reaching safepoint: 102904 ns, At safepoint: 9544 ns, Total: 112448 ns
[2020-09-12T12:45:37.077+0000][1][safepoint    ] Safepoint "Cleanup", Time since last: 1000129044 ns, Reaching safepoint: 107361 ns, At safepoint: 10451 ns, Total: 117812 ns
[2020-09-12T12:45:38.077+0000][1][safepoint    ] Safepoint "Cleanup", Time since last: 1000113359 ns, Reaching safepoint: 101532 ns, At safepoint: 9362 ns, Total: 110894 ns
[2020-09-12T12:45:39.078+0000][1][safepoint    ] Safepoint "Cleanup", Time since last: 1000128105 ns, Reaching safepoint: 186496 ns, At safepoint: 14198 ns, Total: 200694 ns
[2020-09-12T12:45:39.350+0000][1][gc,start     ] GC(75) Pause Young (Allocation Failure)
[2020-09-12T12:45:39.350+0000][1][gc,task      ] GC(75) Using 2 workers of 2 for evacuation
[2020-09-12T12:45:39.354+0000][1][gc,age       ] GC(75) Desired survivor size 8716288 bytes, new threshold 6 (max threshold 6)
[2020-09-12T12:45:39.354+0000][1][gc,age       ] GC(75) Age table with threshold 6 (max threshold 6)
[2020-09-12T12:45:39.354+0000][1][gc,age       ] GC(75) - age   1:     172024 bytes,     172024 total
[2020-09-12T12:45:39.354+0000][1][gc,age       ] GC(75) - age   2:     107184 bytes,     279208 total
[2020-09-12T12:45:39.354+0000][1][gc,age       ] GC(75) - age   3:       7336 bytes,     286544 total
[2020-09-12T12:45:39.354+0000][1][gc,age       ] GC(75) - age   4:      22832 bytes,     309376 total
[2020-09-12T12:45:39.354+0000][1][gc,age       ] GC(75) - age   5:     363848 bytes,     673224 total
[2020-09-12T12:45:39.354+0000][1][gc,age       ] GC(75) - age   6:       3264 bytes,     676488 total
[2020-09-12T12:45:39.354+0000][1][gc,heap      ] GC(75) ParNew: 137244K->945K(153344K)
[2020-09-12T12:45:39.354+0000][1][gc,heap      ] GC(75) CMS: 112250K->112257K(353920K)
[2020-09-12T12:45:39.355+0000][1][gc,metaspace ] GC(75) Metaspace: 95428K->95428K(1136640K)
[2020-09-12T12:45:39.355+0000][1][gc           ] GC(75) Pause Young (Allocation Failure) 243M->110M(495M) 4.705ms
[2020-09-12T12:45:39.355+0000][1][gc,cpu       ] GC(75) User=0.01s Sys=0.00s Real=0.00s
[2020-09-12T12:45:39.355+0000][1][safepoint    ] Safepoint "GenCollectForAllocation", Time since last: 272037608 ns, Reaching safepoint: 97327 ns, At safepoint: 4775536 ns, Total: 4872863 ns
[2020-09-12T12:45:40.355+0000][1][safepoint    ] Safepoint "Cleanup", Time since last: 1000092544 ns, Reaching safepoint: 110012 ns, At safepoint: 26818 ns, Total: 136830 ns
[2020-09-12T12:45:41.355+0000][1][safepoint    ] Safepoint "Cleanup", Time since last: 1000109348 ns, Reaching safepoint: 95541 ns, At safepoint: 17412 ns, Total: 112953 ns
[2020-09-12T12:45:42.355+0000][1][safepoint    ] Safepoint "Cleanup", Time since last: 1000227950 ns, Reaching safepoint: 107483 ns, At safepoint: 9533 ns, Total: 117016 ns
[2020-09-12T12:45:43.082+0000][1][safepoint    ] Safepoint "RevokeBias", Time since last: 726334674 ns, Reaching safepoint: 185001 ns, At safepoint: 25234 ns, Total: 210235 ns
[2020-09-12T12:45:44.082+0000][1][safepoint    ] Safepoint "Cleanup", Time since last: 1000112336 ns, Reaching safepoint: 98301 ns, At safepoint: 8916 ns, Total: 107217 ns
[2020-09-12T12:45:45.082+0000][1][safepoint    ] Safepoint "Cleanup", Time since last: 1000119214 ns, Reaching safepoint: 106574 ns, At safepoint: 9699 ns, Total: 116273 ns
[2020-09-12T12:45:46.083+0000][1][safepoint    ] Safepoint "Cleanup", Time since last: 1000251420 ns, Reaching safepoint: 175920 ns, At safepoint: 12457 ns, Total: 188377 ns
[2020-09-12T12:45:47.083+0000][1][safepoint    ] Safepoint "Cleanup", Time since last: 1000132421 ns, Reaching safepoint: 108201 ns, At safepoint: 15581 ns, Total: 123782 ns
[2020-09-12T12:45:48.083+0000][1][safepoint    ] Safepoint "Cleanup", Time since last: 1000260345 ns, Reaching safepoint: 99667 ns, At safepoint: 9335 ns, Total: 109002 ns
[2020-09-12T12:45:49.084+0000][1][safepoint    ] Safepoint "Cleanup", Time since last: 1000121279 ns, Reaching safepoint: 98854 ns, At safepoint: 10328 ns, Total: 109182 ns
[2020-09-12T12:45:50.084+0000][1][safepoint    ] Safepoint "Cleanup", Time since last: 1000159183 ns, Reaching safepoint: 193256 ns, At safepoint: 21316 ns, Total: 214572 ns
[2020-09-12T12:45:51.084+0000][1][safepoint    ] Safepoint "Cleanup", Time since last: 1000169296 ns, Reaching safepoint: 115080 ns, At safepoint: 12354 ns, Total: 127434 ns
[2020-09-12T12:45:52.085+0000][1][safepoint    ] Safepoint "Cleanup", Time since last: 1000135824 ns, Reaching safepoint: 102070 ns, At safepoint: 8884 ns, Total: 110954 ns
[2020-09-12T12:45:53.078+0000][1][safepoint    ] Safepoint "RevokeBias", Time since last: 992738495 ns, Reaching safepoint: 189941 ns, At safepoint: 26608 ns, Total: 216549 ns
[2020-09-12T12:45:54.078+0000][1][safepoint    ] Safepoint "Cleanup", Time since last: 1000110987 ns, Reaching safepoint: 182966 ns, At safepoint: 12805 ns, Total: 195771 ns
[2020-09-12T12:45:55.078+0000][1][safepoint    ] Safepoint "Cleanup", Time since last: 1000208890 ns, Reaching safepoint: 111734 ns, At safepoint: 8666 ns, Total: 120400 ns
[2020-09-12T12:45:56.078+0000][1][safepoint    ] Safepoint "Cleanup", Time since last: 1000133162 ns, Reaching safepoint: 102026 ns, At safepoint: 8136 ns, Total: 110162 ns
[2020-09-12T12:45:57.079+0000][1][safepoint    ] Safepoint "Cleanup", Time since last: 1000115668 ns, Reaching safepoint: 110137 ns, At safepoint: 9847 ns, Total: 119984 ns
[2020-09-12T12:45:58.079+0000][1][safepoint    ] Safepoint "Cleanup", Time since last: 1000278462 ns, Reaching safepoint: 97906 ns, At safepoint: 8493 ns, Total: 106399 ns
[2020-09-12T12:45:59.079+0000][1][safepoint    ] Safepoint "Cleanup", Time since last: 1000113472 ns, Reaching safepoint: 103874 ns, At safepoint: 10398 ns, Total: 114272 ns
[2020-09-12T12:46:00.080+0000][1][safepoint    ] Safepoint "Cleanup", Time since last: 1000150346 ns, Reaching safepoint: 108558 ns, At safepoint: 9469 ns, Total: 118027 ns
[2020-09-12T12:46:01.080+0000][1][safepoint    ] Safepoint "Cleanup", Time since last: 1000114208 ns, Reaching safepoint: 111420 ns, At safepoint: 10960 ns, Total: 122380 ns
[2020-09-12T12:46:02.080+0000][1][safepoint    ] Safepoint "Cleanup", Time since last: 1000120543 ns, Reaching safepoint: 122141 ns, At safepoint: 51729 ns, Total: 173870 ns
[2020-09-12T12:46:03.080+0000][1][safepoint    ] Safepoint "Cleanup", Time since last: 1000132226 ns, Reaching safepoint: 98183 ns, At safepoint: 8089 ns, Total: 106272 ns
[2020-09-12T12:46:03.082+0000][1][safepoint    ] Safepoint "RevokeBias", Time since last: 1206320 ns, Reaching safepoint: 92971 ns, At safepoint: 24569 ns, Total: 117540 ns
[2020-09-12T12:46:04.082+0000][1][safepoint    ] Safepoint "Cleanup", Time since last: 1000108772 ns, Reaching safepoint: 100568 ns, At safepoint: 10464 ns, Total: 111032 ns
[2020-09-12T12:46:05.082+0000][1][safepoint    ] Safepoint "Cleanup", Time since last: 1000095798 ns, Reaching safepoint: 110943 ns, At safepoint: 10796 ns, Total: 121739 ns
[2020-09-12T12:46:06.082+0000][1][safepoint    ] Safepoint "Cleanup", Time since last: 1000118255 ns, Reaching safepoint: 106489 ns, At safepoint: 9680 ns, Total: 116169 ns
[2020-09-12T12:46:07.083+0000][1][safepoint    ] Safepoint "Cleanup", Time since last: 1000161593 ns, Reaching safepoint: 102495 ns, At safepoint: 9810 ns, Total: 112305 ns
[2020-09-12T12:46:08.083+0000][1][safepoint    ] Safepoint "Cleanup", Time since last: 1000115961 ns, Reaching safepoint: 106921 ns, At safepoint: 10429 ns, Total: 117350 ns
[2020-09-12T12:46:09.083+0000][1][safepoint    ] Safepoint "Cleanup", Time since last: 1000116969 ns, Reaching safepoint: 103306 ns, At safepoint: 12645 ns, Total: 115951 ns
[2020-09-12T12:46:10.083+0000][1][safepoint    ] Safepoint "Cleanup", Time since last: 1000119388 ns, Reaching safepoint: 98407 ns, At safepoint: 8557 ns, Total: 106964 ns
[2020-09-12T12:46:11.084+0000][1][safepoint    ] Safepoint "Cleanup", Time since last: 1000111315 ns, Reaching safepoint: 111833 ns, At safepoint: 9659 ns, Total: 121492 ns
[2020-09-12T12:46:12.084+0000][1][safepoint    ] Safepoint "Cleanup", Time since last: 1000116105 ns, Reaching safepoint: 146591 ns, At safepoint: 11509 ns, Total: 158100 ns
[2020-09-12T12:46:13.082+0000][1][safepoint    ] Safepoint "RevokeBias", Time since last: 997936096 ns, Reaching safepoint: 105180 ns, At safepoint: 29158 ns, Total: 134338 ns
[2020-09-12T12:46:14.082+0000][1][safepoint    ] Safepoint "Cleanup", Time since last: 1000112390 ns, Reaching safepoint: 108402 ns, At safepoint: 9688 ns, Total: 118090 ns
[2020-09-12T12:46:15.082+0000][1][safepoint    ] Safepoint "Cleanup", Time since last: 1000125433 ns, Reaching safepoint: 183263 ns, At safepoint: 42660 ns, Total: 225923 ns
[2020-09-12T12:46:16.083+0000][1][safepoint    ] Safepoint "Cleanup", Time since last: 1000115248 ns, Reaching safepoint: 99036 ns, At safepoint: 9340 ns, Total: 108376 ns
[2020-09-12T12:46:17.083+0000][1][safepoint    ] Safepoint "Cleanup", Time since last: 1000117847 ns, Reaching safepoint: 99595 ns, At safepoint: 36123 ns, Total: 135718 ns
[2020-09-12T12:46:18.083+0000][1][safepoint    ] Safepoint "Cleanup", Time since last: 1000134743 ns, Reaching safepoint: 108930 ns, At safepoint: 11032 ns, Total: 119962 ns
[2020-09-12T12:46:19.083+0000][1][safepoint    ] Safepoint "Cleanup", Time since last: 1000139745 ns, Reaching safepoint: 140441 ns, At safepoint: 13009 ns, Total: 153450 ns
[2020-09-12T12:46:20.084+0000][1][safepoint    ] Safepoint "Cleanup", Time since last: 1000124421 ns, Reaching safepoint: 100057 ns, At safepoint: 9489 ns, Total: 109546 ns
[2020-09-12T12:46:21.084+0000][1][safepoint    ] Safepoint "Cleanup", Time since last: 1000117439 ns, Reaching safepoint: 112268 ns, At safepoint: 13354 ns, Total: 125622 ns
[2020-09-12T12:46:22.084+0000][1][safepoint    ] Safepoint "Cleanup", Time since last: 1000122077 ns, Reaching safepoint: 99399 ns, At safepoint: 10093 ns, Total: 109492 ns
[2020-09-12T12:46:23.084+0000][1][safepoint    ] Safepoint "Cleanup", Time since last: 1000115526 ns, Reaching safepoint: 136319 ns, At safepoint: 11281 ns, Total: 147600 ns
[2020-09-12T12:46:23.087+0000][1][safepoint    ] Safepoint "RevokeBias", Time since last: 1958105 ns, Reaching safepoint: 109992 ns, At safepoint: 25365 ns, Total: 135357 ns
[2020-09-12T12:46:24.053+0000][1][gc,start     ] GC(76) Pause Young (Allocation Failure)
[2020-09-12T12:46:24.054+0000][1][gc,task      ] GC(76) Using 2 workers of 2 for evacuation
[2020-09-12T12:46:24.058+0000][1][gc,age       ] GC(76) Desired survivor size 8716288 bytes, new threshold 6 (max threshold 6)
[2020-09-12T12:46:24.058+0000][1][gc,age       ] GC(76) Age table with threshold 6 (max threshold 6)
[2020-09-12T12:46:24.058+0000][1][gc,age       ] GC(76) - age   1:     245672 bytes,     245672 total
[2020-09-12T12:46:24.058+0000][1][gc,age       ] GC(76) - age   2:      99024 bytes,     344696 total
[2020-09-12T12:46:24.058+0000][1][gc,age       ] GC(76) - age   3:       4176 bytes,     348872 total
[2020-09-12T12:46:24.058+0000][1][gc,age       ] GC(76) - age   4:       7336 bytes,     356208 total
[2020-09-12T12:46:24.058+0000][1][gc,age       ] GC(76) - age   5:      22832 bytes,     379040 total
[2020-09-12T12:46:24.058+0000][1][gc,age       ] GC(76) - age   6:     363848 bytes,     742888 total
[2020-09-12T12:46:24.058+0000][1][gc,heap      ] GC(76) ParNew: 137265K->1306K(153344K)
[2020-09-12T12:46:24.058+0000][1][gc,heap      ] GC(76) CMS: 112257K->112260K(353920K)
[2020-09-12T12:46:24.058+0000][1][gc,metaspace ] GC(76) Metaspace: 95499K->95499K(1136640K)
[2020-09-12T12:46:24.058+0000][1][gc           ] GC(76) Pause Young (Allocation Failure) 243M->110M(495M) 4.837ms
[2020-09-12T12:46:24.058+0000][1][gc,cpu       ] GC(76) User=0.00s Sys=0.00s Real=0.00s
[2020-09-12T12:46:24.058+0000][1][safepoint    ] Safepoint "GenCollectForAllocation", Time since last: 966816662 ns, Reaching safepoint: 110110 ns, At safepoint: 4911022 ns, Total: 5021132 ns
[2020-09-12T12:46:25.059+0000][1][safepoint    ] Safepoint "Cleanup", Time since last: 1000097221 ns, Reaching safepoint: 104724 ns, At safepoint: 9952 ns, Total: 114676 ns
[2020-09-12T12:46:26.059+0000][1][safepoint    ] Safepoint "Cleanup", Time since last: 1000139872 ns, Reaching safepoint: 101854 ns, At safepoint: 10671 ns, Total: 112525 ns
[2020-09-12T12:46:27.059+0000][1][safepoint    ] Safepoint "Cleanup", Time since last: 1000123419 ns, Reaching safepoint: 102431 ns, At safepoint: 11991 ns, Total: 114422 ns
[2020-09-12T12:46:28.059+0000][1][safepoint    ] Safepoint "Cleanup", Time since last: 1000133608 ns, Reaching safepoint: 101888 ns, At safepoint: 11185 ns, Total: 113073 ns
[2020-09-12T12:46:29.060+0000][1][safepoint    ] Safepoint "Cleanup", Time since last: 1000137381 ns, Reaching safepoint: 108439 ns, At safepoint: 11933 ns, Total: 120372 ns
[2020-09-12T12:46:30.060+0000][1][safepoint    ] Safepoint "Cleanup", Time since last: 1000138671 ns, Reaching safepoint: 103383 ns, At safepoint: 12248 ns, Total: 115631 ns
[2020-09-12T12:46:31.060+0000][1][safepoint    ] Safepoint "Cleanup", Time since last: 1000129396 ns, Reaching safepoint: 109178 ns, At safepoint: 12963 ns, Total: 122141 ns
[2020-09-12T12:46:32.060+0000][1][safepoint    ] Safepoint "Cleanup", Time since last: 1000118232 ns, Reaching safepoint: 128683 ns, At safepoint: 10949 ns, Total: 139632 ns
[2020-09-12T12:46:33.061+0000][1][safepoint    ] Safepoint "Cleanup", Time since last: 1000190655 ns, Reaching safepoint: 125523 ns, At safepoint: 10265 ns, Total: 135788 ns
[2020-09-12T12:46:33.085+0000][1][safepoint    ] Safepoint "RevokeBias", Time since last: 24039563 ns, Reaching safepoint: 123556 ns, At safepoint: 26147 ns, Total: 149703 ns
[2020-09-12T12:46:34.085+0000][1][safepoint    ] Safepoint "Cleanup", Time since last: 1000122548 ns, Reaching safepoint: 99830 ns, At safepoint: 9402 ns, Total: 109232 ns
[2020-09-12T12:46:35.085+0000][1][safepoint    ] Safepoint "Cleanup", Time since last: 1000119734 ns, Reaching safepoint: 104254 ns, At safepoint: 11332 ns, Total: 115586 ns
[2020-09-12T12:46:36.086+0000][1][safepoint    ] Safepoint "Cleanup", Time since last: 1000133044 ns, Reaching safepoint: 146868 ns, At safepoint: 12486 ns, Total: 159354 ns
[2020-09-12T12:46:37.086+0000][1][safepoint    ] Safepoint "Cleanup", Time since last: 1000133338 ns, Reaching safepoint: 102033 ns, At safepoint: 11639 ns, Total: 113672 ns
[2020-09-12T12:46:38.086+0000][1][safepoint    ] Safepoint "Cleanup", Time since last: 1000123001 ns, Reaching safepoint: 103929 ns, At safepoint: 12061 ns, Total: 115990 ns
[2020-09-12T12:46:39.086+0000][1][safepoint    ] Safepoint "Cleanup", Time since last: 1000129934 ns, Reaching safepoint: 106533 ns, At safepoint: 13339 ns, Total: 119872 ns
[2020-09-12T12:46:40.087+0000][1][safepoint    ] Safepoint "Cleanup", Time since last: 1000152525 ns, Reaching safepoint: 110869 ns, At safepoint: 13435 ns, Total: 124304 ns
[2020-09-12T12:46:41.087+0000][1][safepoint    ] Safepoint "Cleanup", Time since last: 1000140628 ns, Reaching safepoint: 108611 ns, At safepoint: 10529 ns, Total: 119140 ns
[2020-09-12T12:46:42.087+0000][1][safepoint    ] Safepoint "Cleanup", Time since last: 1000121948 ns, Reaching safepoint: 101445 ns, At safepoint: 12211 ns, Total: 113656 ns
[2020-09-12T12:46:43.080+0000][1][safepoint    ] Safepoint "RevokeBias", Time since last: 992582362 ns, Reaching safepoint: 109257 ns, At safepoint: 26789 ns, Total: 136046 ns
[2020-09-12T12:46:44.080+0000][1][safepoint    ] Safepoint "Cleanup", Time since last: 1000121561 ns, Reaching safepoint: 97845 ns, At safepoint: 10261 ns, Total: 108106 ns
[2020-09-12T12:46:45.080+0000][1][safepoint    ] Safepoint "Cleanup", Time since last: 1000139859 ns, Reaching safepoint: 100192 ns, At safepoint: 10366 ns, Total: 110558 ns
[2020-09-12T12:46:46.081+0000][1][safepoint    ] Safepoint "Cleanup", Time since last: 1000131859 ns, Reaching safepoint: 103158 ns, At safepoint: 12062 ns, Total: 115220 ns
[2020-09-12T12:46:47.081+0000][1][safepoint    ] Safepoint "Cleanup", Time since last: 1000102815 ns, Reaching safepoint: 97773 ns, At safepoint: 9914 ns, Total: 107687 ns
[2020-09-12T12:46:48.081+0000][1][safepoint    ] Safepoint "Cleanup", Time since last: 1000115086 ns, Reaching safepoint: 103217 ns, At safepoint: 12810 ns, Total: 116027 ns
[2020-09-12T12:46:49.081+0000][1][safepoint    ] Safepoint "Cleanup", Time since last: 1000120223 ns, Reaching safepoint: 96572 ns, At safepoint: 8533 ns, Total: 105105 ns
[2020-09-12T12:46:50.081+0000][1][safepoint    ] Safepoint "Cleanup", Time since last: 1000126720 ns, Reaching safepoint: 98215 ns, At safepoint: 10337 ns, Total: 108552 ns
[2020-09-12T12:46:51.082+0000][1][safepoint    ] Safepoint "Cleanup", Time since last: 1000135320 ns, Reaching safepoint: 121431 ns, At safepoint: 11297 ns, Total: 132728 ns
[2020-09-12T12:46:52.082+0000][1][safepoint    ] Safepoint "Cleanup", Time since last: 1000139560 ns, Reaching safepoint: 99506 ns, At safepoint: 11564 ns, Total: 111070 ns
[2020-09-12T12:46:53.081+0000][1][safepoint    ] Safepoint "RevokeBias", Time since last: 999222180 ns, Reaching safepoint: 104673 ns, At safepoint: 39782 ns, Total: 144455 ns
[2020-09-12T12:46:54.082+0000][1][safepoint    ] Safepoint "Cleanup", Time since last: 1000114017 ns, Reaching safepoint: 97237 ns, At safepoint: 9010 ns, Total: 106247 ns
[2020-09-12T12:46:55.082+0000][1][safepoint    ] Safepoint "Cleanup", Time since last: 1000120732 ns, Reaching safepoint: 113802 ns, At safepoint: 12671 ns, Total: 126473 ns
[2020-09-12T12:46:56.082+0000][1][safepoint    ] Safepoint "Cleanup", Time since last: 1000167674 ns, Reaching safepoint: 121984 ns, At safepoint: 9425 ns, Total: 131409 ns
[2020-09-12T12:46:57.082+0000][1][safepoint    ] Safepoint "Cleanup", Time since last: 1000122056 ns, Reaching safepoint: 96878 ns, At safepoint: 10167 ns, Total: 107045 ns
[2020-09-12T12:46:58.083+0000][1][safepoint    ] Safepoint "Cleanup", Time since last: 1000122842 ns, Reaching safepoint: 101803 ns, At safepoint: 11693 ns, Total: 113496 ns
[2020-09-12T12:46:59.083+0000][1][safepoint    ] Safepoint "Cleanup", Time since last: 1000127007 ns, Reaching safepoint: 100339 ns, At safepoint: 11205 ns, Total: 111544 ns
[2020-09-12T12:47:00.083+0000][1][safepoint    ] Safepoint "Cleanup", Time since last: 1000125404 ns, Reaching safepoint: 107146 ns, At safepoint: 10918 ns, Total: 118064 ns
[2020-09-12T12:47:01.083+0000][1][safepoint    ] Safepoint "Cleanup", Time since last: 1000127948 ns, Reaching safepoint: 113940 ns, At safepoint: 12571 ns, Total: 126511 ns
[2020-09-12T12:47:02.084+0000][1][safepoint    ] Safepoint "Cleanup", Time since last: 1000124827 ns, Reaching safepoint: 101546 ns, At safepoint: 11439 ns, Total: 112985 ns
[2020-09-12T12:47:03.082+0000][1][safepoint    ] Safepoint "RevokeBias", Time since last: 998620516 ns, Reaching safepoint: 122324 ns, At safepoint: 25473 ns, Total: 147797 ns
[2020-09-12T12:47:04.083+0000][1][safepoint    ] Safepoint "Cleanup", Time since last: 1000109840 ns, Reaching safepoint: 98637 ns, At safepoint: 9764 ns, Total: 108401 ns
[2020-09-12T12:47:05.083+0000][1][safepoint    ] Safepoint "Cleanup", Time since last: 1000119033 ns, Reaching safepoint: 103904 ns, At safepoint: 9340 ns, Total: 113244 ns
[2020-09-12T12:47:06.083+0000][1][safepoint    ] Safepoint "Cleanup", Time since last: 1000133321 ns, Reaching safepoint: 99600 ns, At safepoint: 12849 ns, Total: 112449 ns
[2020-09-12T12:47:07.083+0000][1][safepoint    ] Safepoint "Cleanup", Time since last: 1000147592 ns, Reaching safepoint: 134527 ns, At safepoint: 13470 ns, Total: 147997 ns
[2020-09-12T12:47:08.084+0000][1][safepoint    ] Safepoint "Cleanup", Time since last: 1000122669 ns, Reaching safepoint: 103654 ns, At safepoint: 11595 ns, Total: 115249 ns
[2020-09-12T12:47:09.084+0000][1][safepoint    ] Safepoint "Cleanup", Time since last: 1000121838 ns, Reaching safepoint: 99770 ns, At safepoint: 10206 ns, Total: 109976 ns
[2020-09-12T12:47:10.084+0000][1][safepoint    ] Safepoint "Cleanup", Time since last: 1000141351 ns, Reaching safepoint: 103805 ns, At safepoint: 11910 ns, Total: 115715 ns
[2020-09-12T12:47:11.084+0000][1][safepoint    ] Safepoint "Cleanup", Time since last: 1000122767 ns, Reaching safepoint: 180829 ns, At safepoint: 10847 ns, Total: 191676 ns
[2020-09-12T12:47:12.085+0000][1][safepoint    ] Safepoint "Cleanup", Time since last: 1000118179 ns, Reaching safepoint: 108605 ns, At safepoint: 79782 ns, Total: 188387 ns
[2020-09-12T12:47:13.079+0000][1][safepoint    ] Safepoint "RevokeBias", Time since last: 994231107 ns, Reaching safepoint: 105584 ns, At safepoint: 29953 ns, Total: 135537 ns
[2020-09-12T12:47:14.075+0000][1][gc,start     ] GC(77) Pause Young (Allocation Failure)
[2020-09-12T12:47:14.075+0000][1][gc,task      ] GC(77) Using 2 workers of 2 for evacuation
[2020-09-12T12:47:14.081+0000][1][gc,age       ] GC(77) Desired survivor size 8716288 bytes, new threshold 6 (max threshold 6)
[2020-09-12T12:47:14.081+0000][1][gc,age       ] GC(77) Age table with threshold 6 (max threshold 6)
[2020-09-12T12:47:14.081+0000][1][gc,age       ] GC(77) - age   1:     256696 bytes,     256696 total
[2020-09-12T12:47:14.081+0000][1][gc,age       ] GC(77) - age   2:     165080 bytes,     421776 total
[2020-09-12T12:47:14.081+0000][1][gc,age       ] GC(77) - age   3:      13040 bytes,     434816 total
[2020-09-12T12:47:14.081+0000][1][gc,age       ] GC(77) - age   4:       2936 bytes,     437752 total
[2020-09-12T12:47:14.081+0000][1][gc,age       ] GC(77) - age   5:       7336 bytes,     445088 total
[2020-09-12T12:47:14.081+0000][1][gc,age       ] GC(77) - age   6:      22832 bytes,     467920 total
[2020-09-12T12:47:14.081+0000][1][gc,heap      ] GC(77) ParNew: 137626K->652K(153344K)
[2020-09-12T12:47:14.081+0000][1][gc,heap      ] GC(77) CMS: 112260K->112615K(353920K)
[2020-09-12T12:47:14.081+0000][1][gc,metaspace ] GC(77) Metaspace: 95553K->95553K(1136640K)
[2020-09-12T12:47:14.081+0000][1][gc           ] GC(77) Pause Young (Allocation Failure) 244M->110M(495M) 6.214ms
[2020-09-12T12:47:14.081+0000][1][gc,cpu       ] GC(77) User=0.01s Sys=0.00s Real=0.01s
[2020-09-12T12:47:14.081+0000][1][safepoint    ] Safepoint "GenCollectForAllocation", Time since last: 995362311 ns, Reaching safepoint: 169984 ns, At safepoint: 6272222 ns, Total: 6442206 ns
[2020-09-12T12:47:15.081+0000][1][safepoint    ] Safepoint "Cleanup", Time since last: 1000095485 ns, Reaching safepoint: 115731 ns, At safepoint: 13155 ns, Total: 128886 ns
[2020-09-12T12:47:16.081+0000][1][safepoint    ] Safepoint "Cleanup", Time since last: 1000119976 ns, Reaching safepoint: 98765 ns, At safepoint: 10827 ns, Total: 109592 ns
[2020-09-12T12:47:17.082+0000][1][safepoint    ] Safepoint "Cleanup", Time since last: 1000120124 ns, Reaching safepoint: 97148 ns, At safepoint: 9399 ns, Total: 106547 ns
[2020-09-12T12:47:18.082+0000][1][safepoint    ] Safepoint "Cleanup", Time since last: 1000119376 ns, Reaching safepoint: 95110 ns, At safepoint: 14596 ns, Total: 109706 ns
[2020-09-12T12:47:19.082+0000][1][safepoint    ] Safepoint "Cleanup", Time since last: 1000142135 ns, Reaching safepoint: 99748 ns, At safepoint: 10102 ns, Total: 109850 ns
[2020-09-12T12:47:20.082+0000][1][safepoint    ] Safepoint "Cleanup", Time since last: 1000122210 ns, Reaching safepoint: 96886 ns, At safepoint: 9819 ns, Total: 106705 ns
[2020-09-12T12:47:21.087+0000][1][safepoint    ] Safepoint "Cleanup", Time since last: 1004157720 ns, Reaching safepoint: 152424 ns, At safepoint: 9876 ns, Total: 162300 ns
[2020-09-12T12:47:22.087+0000][1][safepoint    ] Safepoint "Cleanup", Time since last: 1000120557 ns, Reaching safepoint: 113362 ns, At safepoint: 11481 ns, Total: 124843 ns
[2020-09-12T12:47:23.087+0000][1][safepoint    ] Safepoint "Cleanup", Time since last: 1000208172 ns, Reaching safepoint: 120939 ns, At safepoint: 9760 ns, Total: 130699 ns
[2020-09-12T12:47:23.088+0000][1][safepoint    ] Safepoint "RevokeBias", Time since last: 578803 ns, Reaching safepoint: 68123 ns, At safepoint: 23959 ns, Total: 92082 ns
[2020-09-12T12:47:24.090+0000][1][safepoint    ] Safepoint "Cleanup", Time since last: 1001681242 ns, Reaching safepoint: 632975 ns, At safepoint: 144148 ns, Total: 777123 ns
[2020-09-12T12:47:25.091+0000][1][safepoint    ] Safepoint "Cleanup", Time since last: 1000763893 ns, Reaching safepoint: 98645 ns, At safepoint: 8553 ns, Total: 107198 ns
[2020-09-12T12:47:26.091+0000][1][safepoint    ] Safepoint "Cleanup", Time since last: 1000119416 ns, Reaching safepoint: 98688 ns, At safepoint: 11869 ns, Total: 110557 ns
[2020-09-12T12:47:27.110+0000][1][safepoint    ] Safepoint "Cleanup", Time since last: 1000118134 ns, Reaching safepoint: 18984276 ns, At safepoint: 23051 ns, Total: 19007327 ns
[2020-09-12T12:47:28.111+0000][1][safepoint    ] Safepoint "Cleanup", Time since last: 1000131834 ns, Reaching safepoint: 121791 ns, At safepoint: 18305 ns, Total: 140096 ns
[2020-09-12T12:47:29.117+0000][1][safepoint    ] Safepoint "Cleanup", Time since last: 1005906207 ns, Reaching safepoint: 100283 ns, At safepoint: 9965 ns, Total: 110248 ns
[2020-09-12T12:47:30.117+0000][1][safepoint    ] Safepoint "Cleanup", Time since last: 1000120478 ns, Reaching safepoint: 108421 ns, At safepoint: 9639 ns, Total: 118060 ns
[2020-09-12T12:47:31.117+0000][1][safepoint    ] Safepoint "Cleanup", Time since last: 1000120073 ns, Reaching safepoint: 96437 ns, At safepoint: 8715 ns, Total: 105152 ns
[2020-09-12T12:47:32.118+0000][1][safepoint    ] Safepoint "Cleanup", Time since last: 1000149644 ns, Reaching safepoint: 115525 ns, At safepoint: 11947 ns, Total: 127472 ns
[2020-09-12T12:47:33.082+0000][1][safepoint    ] Safepoint "BulkRevokeBias", Time since last: 964297613 ns, Reaching safepoint: 103318 ns, At safepoint: 279006 ns, Total: 382324 ns
[2020-09-12T12:47:34.082+0000][1][safepoint    ] Safepoint "Cleanup", Time since last: 1000122276 ns, Reaching safepoint: 94141 ns, At safepoint: 8458 ns, Total: 102599 ns
[2020-09-12T12:47:35.083+0000][1][safepoint    ] Safepoint "Cleanup", Time since last: 1000122398 ns, Reaching safepoint: 97382 ns, At safepoint: 10265 ns, Total: 107647 ns
[2020-09-12T12:47:36.083+0000][1][safepoint    ] Safepoint "Cleanup", Time since last: 1000122043 ns, Reaching safepoint: 109444 ns, At safepoint: 12712 ns, Total: 122156 ns
[2020-09-12T12:47:37.083+0000][1][safepoint    ] Safepoint "Cleanup", Time since last: 1000140205 ns, Reaching safepoint: 204880 ns, At safepoint: 14514 ns, Total: 219394 ns
[2020-09-12T12:47:38.085+0000][1][safepoint    ] Safepoint "Cleanup", Time since last: 1001248829 ns, Reaching safepoint: 555315 ns, At safepoint: 18781 ns, Total: 574096 ns
[2020-09-12T12:47:39.085+0000][1][safepoint    ] Safepoint "Cleanup", Time since last: 1000168919 ns, Reaching safepoint: 96839 ns, At safepoint: 13587 ns, Total: 110426 ns
[2020-09-12T12:47:40.086+0000][1][safepoint    ] Safepoint "Cleanup", Time since last: 1000114178 ns, Reaching safepoint: 108548 ns, At safepoint: 9487 ns, Total: 118035 ns
[2020-09-12T12:47:41.086+0000][1][safepoint    ] Safepoint "Cleanup", Time since last: 1000139121 ns, Reaching safepoint: 96731 ns, At safepoint: 10733 ns, Total: 107464 ns
[2020-09-12T12:47:42.086+0000][1][safepoint    ] Safepoint "Cleanup", Time since last: 1000119926 ns, Reaching safepoint: 98221 ns, At safepoint: 15643 ns, Total: 113864 ns
[2020-09-12T12:47:43.079+0000][1][safepoint    ] Safepoint "RevokeBias", Time since last: 993086610 ns, Reaching safepoint: 133596 ns, At safepoint: 34321 ns, Total: 167917 ns
[2020-09-12T12:47:44.080+0000][1][safepoint    ] Safepoint "Cleanup", Time since last: 1000171216 ns, Reaching safepoint: 102339 ns, At safepoint: 10259 ns, Total: 112598 ns
[2020-09-12T12:47:45.080+0000][1][safepoint    ] Safepoint "Cleanup", Time since last: 1000167217 ns, Reaching safepoint: 107748 ns, At safepoint: 10717 ns, Total: 118465 ns
[2020-09-12T12:47:46.080+0000][1][safepoint    ] Safepoint "Cleanup", Time since last: 1000125469 ns, Reaching safepoint: 95669 ns, At safepoint: 15898 ns, Total: 111567 ns
[2020-09-12T12:47:47.080+0000][1][safepoint    ] Safepoint "Cleanup", Time since last: 1000163659 ns, Reaching safepoint: 97118 ns, At safepoint: 10895 ns, Total: 108013 ns
[2020-09-12T12:47:48.081+0000][1][safepoint    ] Safepoint "Cleanup", Time since last: 1000141421 ns, Reaching safepoint: 127351 ns, At safepoint: 11299 ns, Total: 138650 ns
[2020-09-12T12:47:49.081+0000][1][safepoint    ] Safepoint "Cleanup", Time since last: 1000121837 ns, Reaching safepoint: 100677 ns, At safepoint: 12710 ns, Total: 113387 ns
[2020-09-12T12:47:50.081+0000][1][safepoint    ] Safepoint "Cleanup", Time since last: 1000127085 ns, Reaching safepoint: 101394 ns, At safepoint: 10356 ns, Total: 111750 ns
[2020-09-12T12:47:51.081+0000][1][safepoint    ] Safepoint "Cleanup", Time since last: 1000136258 ns, Reaching safepoint: 98126 ns, At safepoint: 10424 ns, Total: 108550 ns
[2020-09-12T12:47:52.082+0000][1][safepoint    ] Safepoint "Cleanup", Time since last: 1000127456 ns, Reaching safepoint: 112648 ns, At safepoint: 12373 ns, Total: 125021 ns
[2020-09-12T12:47:53.082+0000][1][safepoint    ] Safepoint "RevokeBias", Time since last: 1000026434 ns, Reaching safepoint: 98677 ns, At safepoint: 26272 ns, Total: 124949 ns
                                                                                                                                                                                                                                                                                                                                                                                