[2020-09-11T16:23:44.847+0000][1][gc] Using Concurrent Mark Sweep
[2020-09-11T16:23:44.847+0000][1][gc,heap,coops] Heap address: 0x0000000080000000, size: 2048 MB, Compressed Oops mode: 32-bit
[2020-09-11T16:23:45.164+0000][1][safepoint    ] Safepoint "EnableBiasedLocking", Time since last: 275489505 ns, Reaching safepoint: 5182676 ns, At safepoint: 43875 ns, Total: 5226551 ns
[2020-09-11T16:23:45.181+0000][1][safepoint    ] Safepoint "RevokeBias", Time since last: 16027663 ns, Reaching safepoint: 496703 ns, At safepoint: 33357 ns, Total: 530060 ns
[2020-09-11T16:23:45.255+0000][1][safepoint    ] Safepoint "Deoptimize", Time since last: 72003542 ns, Reaching safepoint: 2133022 ns, At safepoint: 21686 ns, Total: 2154708 ns
[2020-09-11T16:23:46.115+0000][1][safepoint    ] Safepoint "RevokeBias", Time since last: 858503097 ns, Reaching safepoint: 1869427 ns, At safepoint: 36656 ns, Total: 1906083 ns
[2020-09-11T16:23:46.170+0000][1][safepoint    ] Safepoint "RevokeBias", Time since last: 53421123 ns, Reaching safepoint: 1590520 ns, At safepoint: 42613 ns, Total: 1633133 ns
[2020-09-11T16:23:46.187+0000][1][safepoint    ] Safepoint "Deoptimize", Time since last: 15613805 ns, Reaching safepoint: 1202026 ns, At safepoint: 31146 ns, Total: 1233172 ns
[2020-09-11T16:23:46.197+0000][1][safepoint    ] Safepoint "Deoptimize", Time since last: 5852473 ns, Reaching safepoint: 3649393 ns, At safepoint: 33471 ns, Total: 3682864 ns
[2020-09-11T16:23:46.505+0000][1][safepoint    ] Safepoint "Deoptimize", Time since last: 304881714 ns, Reaching safepoint: 2974131 ns, At safepoint: 44367 ns, Total: 3018498 ns
[2020-09-11T16:23:47.508+0000][1][safepoint    ] Safepoint "Cleanup", Time since last: 1003284141 ns, Reaching safepoint: 56294 ns, At safepoint: 4517 ns, Total: 60811 ns
[2020-09-11T16:23:48.515+0000][1][safepoint    ] Safepoint "Cleanup", Time since last: 1004723766 ns, Reaching safepoint: 1768291 ns, At safepoint: 10950 ns, Total: 1779241 ns
[2020-09-11T16:23:49.389+0000][1][safepoint    ] Safepoint "Deoptimize", Time since last: 874226936 ns, Reaching safepoint: 115157 ns, At safepoint: 57720 ns, Total: 172877 ns
[2020-09-11T16:23:49.789+0000][1][safepoint    ] Safepoint "Deoptimize", Time since last: 400281869 ns, Reaching safepoint: 91411 ns, At safepoint: 59235 ns, Total: 150646 ns
[2020-09-11T16:23:50.253+0000][1][safepoint    ] Safepoint "Deoptimize", Time since last: 460198978 ns, Reaching safepoint: 3245055 ns, At safepoint: 70836 ns, Total: 3315891 ns
[2020-09-11T16:23:51.249+0000][1][safepoint    ] Safepoint "Deoptimize", Time since last: 995526499 ns, Reaching safepoint: 109627 ns, At safepoint: 73014 ns, Total: 182641 ns
[2020-09-11T16:23:52.253+0000][1][safepoint    ] Safepoint "Cleanup", Time since last: 1004558143 ns, Reaching safepoint: 120094 ns, At safepoint: 5915 ns, Total: 126009 ns
[2020-09-11T16:23:52.718+0000][1][safepoint    ] Safepoint "Deoptimize", Time since last: 460494973 ns, Reaching safepoint: 3671021 ns, At safepoint: 87456 ns, Total: 3758477 ns
[2020-09-11T16:23:53.720+0000][1][safepoint    ] Safepoint "Cleanup", Time since last: 1001065057 ns, Reaching safepoint: 1071565 ns, At safepoint: 8163 ns, Total: 1079728 ns
[2020-09-11T16:23:54.682+0000][1][safepoint    ] Safepoint "Deoptimize", Time since last: 961953001 ns, Reaching safepoint: 107069 ns, At safepoint: 81594 ns, Total: 188663 ns
[2020-09-11T16:23:55.698+0000][1][safepoint    ] Safepoint "Cleanup", Time since last: 1002928335 ns, Reaching safepoint: 13113077 ns, At safepoint: 8916 ns, Total: 13121993 ns
[2020-09-11T16:23:56.701+0000][1][safepoint    ] Safepoint "Cleanup", Time since last: 1002998723 ns, Reaching safepoint: 124705 ns, At safepoint: 5738 ns, Total: 130443 ns
[2020-09-11T16:23:56.957+0000][1][safepoint    ] Safepoint "Deoptimize", Time since last: 255806626 ns, Reaching safepoint: 101393 ns, At safepoint: 105329 ns, Total: 206722 ns
[2020-09-11T16:23:56.969+0000][1][safepoint    ] Safepoint "Deoptimize", Time since last: 11887466 ns, Reaching safepoint: 87788 ns, At safepoint: 102856 ns, Total: 190644 ns
[2020-09-11T16:23:57.387+0000][1][safepoint    ] Safepoint "Deoptimize", Time since last: 418172983 ns, Reaching safepoint: 107923 ns, At safepoint: 102430 ns, Total: 210353 ns
[2020-09-11T16:23:57.418+0000][1][safepoint    ] Safepoint "Deoptimize", Time since last: 29935018 ns, Reaching safepoint: 94501 ns, At safepoint: 104848 ns, Total: 199349 ns
[2020-09-11T16:23:57.515+0000][1][safepoint    ] Safepoint "RevokeBias", Time since last: 97255762 ns, Reaching safepoint: 114583 ns, At safepoint: 39693 ns, Total: 154276 ns
[2020-09-11T16:23:57.515+0000][1][safepoint    ] Safepoint "RevokeBias", Time since last: 86003 ns, Reaching safepoint: 93070 ns, At safepoint: 27890 ns, Total: 120960 ns
[2020-09-11T16:23:57.515+0000][1][safepoint    ] Safepoint "RevokeBias", Time since last: 107970 ns, Reaching safepoint: 92576 ns, At safepoint: 32290 ns, Total: 124866 ns
[2020-09-11T16:23:57.516+0000][1][safepoint    ] Safepoint "RevokeBias", Time since last: 260253 ns, Reaching safepoint: 95112 ns, At safepoint: 30395 ns, Total: 125507 ns
[2020-09-11T16:23:58.493+0000][1][safepoint    ] Safepoint "RevokeBias", Time since last: 976708429 ns, Reaching safepoint: 119249 ns, At safepoint: 15774 ns, Total: 135023 ns
[2020-09-11T16:23:59.493+0000][1][safepoint    ] Safepoint "Cleanup", Time since last: 1000142016 ns, Reaching safepoint: 584748 ns, At safepoint: 6907 ns, Total: 591655 ns
[2020-09-11T16:24:00.501+0000][1][safepoint    ] Safepoint "Cleanup", Time since last: 1007339141 ns, Reaching safepoint: 112099 ns, At safepoint: 7331 ns, Total: 119430 ns
[2020-09-11T16:24:00.845+0000][1][gc,start     ] GC(0) Pause Young (Allocation Failure)
[2020-09-11T16:24:00.845+0000][1][gc,task      ] GC(0) Using 1 workers of 1 for evacuation
[2020-09-11T16:24:00.979+0000][1][gc,age       ] GC(0) Desired survivor size 4358144 bytes, new threshold 1 (max threshold 6)
[2020-09-11T16:24:00.979+0000][1][gc,age       ] GC(0) Age table with threshold 1 (max threshold 6)
[2020-09-11T16:24:00.979+0000][1][gc,age       ] GC(0) - age   1:    6332272 bytes,    6332272 total
[2020-09-11T16:24:00.979+0000][1][gc,heap      ] GC(0) ParNew: 68160K->6217K(76672K)
[2020-09-11T16:24:00.979+0000][1][gc,heap      ] GC(0) CMS: 0K->0K(2011968K)
[2020-09-11T16:24:00.979+0000][1][gc,metaspace ] GC(0) Metaspace: 13348K->13348K(1060864K)
[2020-09-11T16:24:00.979+0000][1][gc           ] GC(0) Pause Young (Allocation Failure) 66M->6M(2039M) 134.512ms
[2020-09-11T16:24:00.980+0000][1][gc,cpu       ] GC(0) User=0.03s Sys=0.00s Real=0.13s
[2020-09-11T16:24:01.016+0000][1][safepoint    ] Safepoint "GenCollectForAllocation", Time since last: 343971256 ns, Reaching safepoint: 105914 ns, At safepoint: 170685659 ns, Total: 170791573 ns
[2020-09-11T16:24:01.065+0000][1][safepoint    ] Safepoint "RevokeBias", Time since last: 49424118 ns, Reaching safepoint: 322593 ns, At safepoint: 34515 ns, Total: 357108 ns
[2020-09-11T16:24:01.066+0000][1][safepoint    ] Safepoint "RevokeBias", Time since last: 138939 ns, Reaching safepoint: 148992 ns, At safepoint: 15971 ns, Total: 164963 ns
[2020-09-11T16:24:01.066+0000][1][safepoint    ] Safepoint "RevokeBias", Time since last: 45198 ns, Reaching safepoint: 77392 ns, At safepoint: 14923 ns, Total: 92315 ns
[2020-09-11T16:24:01.066+0000][1][safepoint    ] Safepoint "RevokeBias", Time since last: 28818 ns, Reaching safepoint: 75260 ns, At safepoint: 14803 ns, Total: 90063 ns
[2020-09-11T16:24:01.066+0000][1][safepoint    ] Safepoint "RevokeBias", Time since last: 33385 ns, Reaching safepoint: 76200 ns, At safepoint: 18980 ns, Total: 95180 ns
[2020-09-11T16:24:01.066+0000][1][safepoint    ] Safepoint "RevokeBias", Time since last: 27519 ns, Reaching safepoint: 75435 ns, At safepoint: 16373 ns, Total: 91808 ns
[2020-09-11T16:24:01.066+0000][1][safepoint    ] Safepoint "RevokeBias", Time since last: 32010 ns, Reaching safepoint: 75961 ns, At safepoint: 13968 ns, Total: 89929 ns
[2020-09-11T16:24:01.067+0000][1][safepoint    ] Safepoint "RevokeBias", Time since last: 26082 ns, Reaching safepoint: 194880 ns, At safepoint: 14507 ns, Total: 209387 ns
[2020-09-11T16:24:01.067+0000][1][safepoint    ] Safepoint "RevokeBias", Time since last: 34532 ns, Reaching safepoint: 75955 ns, At safepoint: 14742 ns, Total: 90697 ns
[2020-09-11T16:24:01.072+0000][1][safepoint    ] Safepoint "RevokeBias", Time since last: 5531201 ns, Reaching safepoint: 94762 ns, At safepoint: 26681 ns, Total: 121443 ns
[2020-09-11T16:24:01.073+0000][1][safepoint    ] Safepoint "RevokeBias", Time since last: 91243 ns, Reaching safepoint: 85478 ns, At safepoint: 20189 ns, Total: 105667 ns
[2020-09-11T16:24:01.073+0000][1][safepoint    ] Safepoint "RevokeBias", Time since last: 37167 ns, Reaching safepoint: 80518 ns, At safepoint: 23578 ns, Total: 104096 ns
[2020-09-11T16:24:01.085+0000][1][safepoint    ] Safepoint "RevokeBias", Time since last: 12139991 ns, Reaching safepoint: 109522 ns, At safepoint: 31164 ns, Total: 140686 ns
[2020-09-11T16:24:01.085+0000][1][safepoint    ] Safepoint "RevokeBias", Time since last: 52513 ns, Reaching safepoint: 82651 ns, At safepoint: 21180 ns, Total: 103831 ns
[2020-09-11T16:24:01.085+0000][1][safepoint    ] Safepoint "RevokeBias", Time since last: 203039 ns, Reaching safepoint: 82551 ns, At safepoint: 18802 ns, Total: 101353 ns
[2020-09-11T16:24:01.086+0000][1][safepoint    ] Safepoint "RevokeBias", Time since last: 35152 ns, Reaching safepoint: 79094 ns, At safepoint: 17903 ns, Total: 96997 ns
[2020-09-11T16:24:01.086+0000][1][safepoint    ] Safepoint "RevokeBias", Time since last: 51704 ns, Reaching safepoint: 79708 ns, At safepoint: 25103 ns, Total: 104811 ns
[2020-09-11T16:24:01.089+0000][1][safepoint    ] Safepoint "RevokeBias", Time since last: 30804 ns, Reaching safepoint: 3394913 ns, At safepoint: 39707 ns, Total: 3434620 ns
[2020-09-11T16:24:01.089+0000][1][safepoint    ] Safepoint "RevokeBias", Time since last: 63581 ns, Reaching safepoint: 77878 ns, At safepoint: 25300 ns, Total: 103178 ns
[2020-09-11T16:24:01.090+0000][1][safepoint    ] Safepoint "RevokeBias", Time since last: 28575 ns, Reaching safepoint: 74434 ns, At safepoint: 15651 ns, Total: 90085 ns
[2020-09-11T16:24:01.090+0000][1][safepoint    ] Safepoint "RevokeBias", Time since last: 32125 ns, Reaching safepoint: 75949 ns, At safepoint: 18735 ns, Total: 94684 ns
[2020-09-11T16:24:01.093+0000][1][safepoint    ] Safepoint "RevokeBias", Time since last: 26695 ns, Reaching safepoint: 3246311 ns, At safepoint: 36171 ns, Total: 3282482 ns
[2020-09-11T16:24:01.093+0000][1][safepoint    ] Safepoint "RevokeBias", Time since last: 60540 ns, Reaching safepoint: 174455 ns, At safepoint: 28016 ns, Total: 202471 ns
[2020-09-11T16:24:01.093+0000][1][safepoint    ] Safepoint "RevokeBias", Time since last: 42294 ns, Reaching safepoint: 76789 ns, At safepoint: 16079 ns, Total: 92868 ns
[2020-09-11T16:24:01.153+0000][1][safepoint    ] Safepoint "RevokeBias", Time since last: 59448083 ns, Reaching safepoint: 63569 ns, At safepoint: 59894 ns, Total: 123463 ns
[2020-09-11T16:24:01.181+0000][1][safepoint    ] Safepoint "RevokeBias", Time since last: 27869596 ns, Reaching safepoint: 127718 ns, At safepoint: 40660 ns, Total: 168378 ns
[2020-09-11T16:24:01.189+0000][1][safepoint    ] Safepoint "RevokeBias", Time since last: 7920564 ns, Reaching safepoint: 109318 ns, At safepoint: 40539 ns, Total: 149857 ns
[2020-09-11T16:24:01.189+0000][1][safepoint    ] Safepoint "RevokeBias", Time since last: 65708 ns, Reaching safepoint: 79776 ns, At safepoint: 23054 ns, Total: 102830 ns
[2020-09-11T16:24:01.189+0000][1][safepoint    ] Safepoint "RevokeBias", Time since last: 134994 ns, Reaching safepoint: 80494 ns, At safepoint: 29889 ns, Total: 110383 ns
[2020-09-11T16:24:01.190+0000][1][safepoint    ] Safepoint "RevokeBias", Time since last: 31044 ns, Reaching safepoint: 79282 ns, At safepoint: 25985 ns, Total: 105267 ns
[2020-09-11T16:24:01.705+0000][1][safepoint    ] Safepoint "Deoptimize", Time since last: 512631623 ns, Reaching safepoint: 2607829 ns, At safepoint: 201292 ns, Total: 2809121 ns
[2020-09-11T16:24:02.709+0000][1][safepoint    ] Safepoint "Cleanup", Time since last: 1000146482 ns, Reaching safepoint: 3645498 ns, At safepoint: 8547 ns, Total: 3654045 ns
[2020-09-11T16:24:03.726+0000][1][safepoint    ] Safepoint "Cleanup", Time since last: 1017319294 ns, Reaching safepoint: 115722 ns, At safepoint: 6579 ns, Total: 122301 ns
[2020-09-11T16:24:04.100+0000][1][safepoint    ] Safepoint "RevokeBias", Time since last: 373660860 ns, Reaching safepoint: 109900 ns, At safepoint: 36676 ns, Total: 146576 ns
[2020-09-11T16:24:05.116+0000][1][safepoint    ] Safepoint "Cleanup", Time since last: 1015384877 ns, Reaching safepoint: 939387 ns, At safepoint: 7312 ns, Total: 946699 ns
[2020-09-11T16:24:06.117+0000][1][safepoint    ] Safepoint "Cleanup", Time since last: 1000115780 ns, Reaching safepoint: 133142 ns, At safepoint: 6272 ns, Total: 139414 ns
[2020-09-11T16:24:06.685+0000][1][gc,start     ] GC(1) Pause Young (Allocation Failure)
[2020-09-11T16:24:06.685+0000][1][gc,task      ] GC(1) Using 1 workers of 1 for evacuation
[2020-09-11T16:24:06.921+0000][1][gc,age       ] GC(1) Desired survivor size 4358144 bytes, new threshold 6 (max threshold 6)
[2020-09-11T16:24:06.921+0000][1][gc,age       ] GC(1) Age table with threshold 6 (max threshold 6)
[2020-09-11T16:24:06.921+0000][1][gc,age       ] GC(1) - age   1:    2905280 bytes,    2905280 total
[2020-09-11T16:24:06.921+0000][1][gc,heap      ] GC(1) ParNew: 74377K->4126K(76672K)
[2020-09-11T16:24:06.921+0000][1][gc,heap      ] GC(1) CMS: 0K->6676K(2011968K)
[2020-09-11T16:24:06.921+0000][1][gc,metaspace ] GC(1) Metaspace: 17306K->17306K(1064960K)
[2020-09-11T16:24:06.921+0000][1][gc           ] GC(1) Pause Young (Allocation Failure) 72M->10M(2039M) 235.783ms
[2020-09-11T16:24:06.921+0000][1][gc,cpu       ] GC(1) User=0.05s Sys=0.00s Real=0.23s
[2020-09-11T16:24:06.937+0000][1][safepoint    ] Safepoint "GenCollectForAllocation", Time since last: 566269285 ns, Reaching safepoint: 1896763 ns, At safepoint: 251996883 ns, Total: 253893646 ns
[2020-09-11T16:24:06.951+0000][1][safepoint    ] Safepoint "BulkRevokeBias", Time since last: 14165365 ns, Reaching safepoint: 132218 ns, At safepoint: 90368 ns, Total: 222586 ns
[2020-09-11T16:24:06.953+0000][1][safepoint    ] Safepoint "RevokeBias", Time since last: 111155 ns, Reaching safepoint: 1468488 ns, At safepoint: 41849 ns, Total: 1510337 ns
[2020-09-11T16:24:06.957+0000][1][safepoint    ] Safepoint "RevokeBias", Time since last: 50696 ns, Reaching safepoint: 3944880 ns, At safepoint: 275270 ns, Total: 4220150 ns
[2020-09-11T16:24:06.962+0000][1][safepoint    ] Safepoint "RevokeBias", Time since last: 69099 ns, Reaching safepoint: 3643248 ns, At safepoint: 1154959 ns, Total: 4798207 ns
[2020-09-11T16:24:06.965+0000][1][safepoint    ] Safepoint "RevokeBias", Time since last: 50522 ns, Reaching safepoint: 2785983 ns, At safepoint: 371604 ns, Total: 3157587 ns
[2020-09-11T16:24:06.969+0000][1][safepoint    ] Safepoint "RevokeBias", Time since last: 67312 ns, Reaching safepoint: 3025532 ns, At safepoint: 877837 ns, Total: 3903369 ns
[2020-09-11T16:24:06.971+0000][1][safepoint    ] Safepoint "RevokeBias", Time since last: 42134 ns, Reaching safepoint: 1978239 ns, At safepoint: 48797 ns, Total: 2027036 ns
[2020-09-11T16:24:06.974+0000][1][safepoint    ] Safepoint "BulkRevokeBias", Time since last: 52945 ns, Reaching safepoint: 1523906 ns, At safepoint: 859107 ns, Total: 2383013 ns
[2020-09-11T16:24:06.975+0000][1][safepoint    ] Safepoint "BulkRevokeBias", Time since last: 44395 ns, Reaching safepoint: 1090569 ns, At safepoint: 424254 ns, Total: 1514823 ns
[2020-09-11T16:24:06.989+0000][1][safepoint    ] Safepoint "Deoptimize", Time since last: 12108410 ns, Reaching safepoint: 1482110 ns, At safepoint: 178526 ns, Total: 1660636 ns
[2020-09-11T16:24:07.938+0000][1][safepoint    ] Safepoint "Deoptimize", Time since last: 948787179 ns, Reaching safepoint: 114684 ns, At safepoint: 174936 ns, Total: 289620 ns
[2020-09-11T16:24:08.034+0000][1][safepoint    ] Safepoint "Deoptimize", Time since last: 95187522 ns, Reaching safepoint: 107269 ns, At safepoint: 168137 ns, Total: 275406 ns
[2020-09-11T16:24:09.035+0000][1][safepoint    ] Safepoint "Cleanup", Time since last: 1000207988 ns, Reaching safepoint: 1367315 ns, At safepoint: 8496 ns, Total: 1375811 ns
[2020-09-11T16:24:09.406+0000][1][safepoint    ] Safepoint "Deoptimize", Time since last: 369706317 ns, Reaching safepoint: 703159 ns, At safepoint: 186036 ns, Total: 889195 ns
[2020-09-11T16:24:09.409+0000][1][safepoint    ] Safepoint "RevokeBias", Time since last: 612036 ns, Reaching safepoint: 2487128 ns, At safepoint: 46706 ns, Total: 2533834 ns
[2020-09-11T16:24:09.417+0000][1][safepoint    ] Safepoint "Deoptimize", Time since last: 1032460 ns, Reaching safepoint: 6940577 ns, At safepoint: 189704 ns, Total: 7130281 ns
[2020-09-11T16:24:10.437+0000][1][safepoint    ] Safepoint "Cleanup", Time since last: 1015784300 ns, Reaching safepoint: 4032492 ns, At safepoint: 15132 ns, Total: 4047624 ns
[2020-09-11T16:24:11.426+0000][1][gc,start     ] GC(2) Pause Young (Allocation Failure)
[2020-09-11T16:24:11.426+0000][1][gc,task      ] GC(2) Using 1 workers of 1 for evacuation
[2020-09-11T16:24:11.543+0000][1][gc,age       ] GC(2) Desired survivor size 4358144 bytes, new threshold 2 (max threshold 6)
[2020-09-11T16:24:11.543+0000][1][gc,age       ] GC(2) Age table with threshold 2 (max threshold 6)
[2020-09-11T16:24:11.543+0000][1][gc,age       ] GC(2) - age   1:    3175240 bytes,    3175240 total
[2020-09-11T16:24:11.543+0000][1][gc,age       ] GC(2) - age   2:    2857128 bytes,    6032368 total
[2020-09-11T16:24:11.543+0000][1][gc,heap      ] GC(2) ParNew: 72286K->6332K(76672K)
[2020-09-11T16:24:11.543+0000][1][gc,heap      ] GC(2) CMS: 6676K->6676K(2011968K)
[2020-09-11T16:24:11.543+0000][1][gc,metaspace ] GC(2) Metaspace: 20065K->20065K(1067008K)
[2020-09-11T16:24:11.543+0000][1][gc           ] GC(2) Pause Young (Allocation Failure) 77M->12M(2039M) 117.232ms
[2020-09-11T16:24:11.543+0000][1][gc,cpu       ] GC(2) User=0.02s Sys=0.00s Real=0.12s
[2020-09-11T16:24:11.573+0000][1][safepoint    ] Safepoint "GenCollectForAllocation", Time since last: 989086323 ns, Reaching safepoint: 120439 ns, At safepoint: 146741621 ns, Total: 146862060 ns
[2020-09-11T16:24:11.625+0000][1][safepoint    ] Safepoint "RevokeBias", Time since last: 28013524 ns, Reaching safepoint: 12010774 ns, At safepoint: 12004208 ns, Total: 24014982 ns
[2020-09-11T16:24:11.629+0000][1][safepoint    ] Safepoint "RevokeBias", Time since last: 95616 ns, Reaching safepoint: 3905329 ns, At safepoint: 53965 ns, Total: 3959294 ns
[2020-09-11T16:24:11.629+0000][1][safepoint    ] Safepoint "RevokeBias", Time since last: 96800 ns, Reaching safepoint: 80769 ns, At safepoint: 14763 ns, Total: 95532 ns
[2020-09-11T16:24:11.629+0000][1][safepoint    ] Safepoint "RevokeBias", Time since last: 33128 ns, Reaching safepoint: 78905 ns, At safepoint: 13911 ns, Total: 92816 ns
[2020-09-11T16:24:11.633+0000][1][safepoint    ] Safepoint "RevokeBias", Time since last: 33283 ns, Reaching safepoint: 3593929 ns, At safepoint: 31285 ns, Total: 3625214 ns
[2020-09-11T16:24:11.637+0000][1][safepoint    ] Safepoint "RevokeBias", Time since last: 77220 ns, Reaching safepoint: 3898708 ns, At safepoint: 34780 ns, Total: 3933488 ns
[2020-09-11T16:24:11.637+0000][1][safepoint    ] Safepoint "RevokeBias", Time since last: 87457 ns, Reaching safepoint: 84274 ns, At safepoint: 27737 ns, Total: 112011 ns
[2020-09-11T16:24:11.676+0000][1][safepoint    ] Safepoint "RevokeBias", Time since last: 38313379 ns, Reaching safepoint: 317550 ns, At safepoint: 71794 ns, Total: 389344 ns
[2020-09-11T16:24:12.702+0000][1][safepoint    ] Safepoint "Cleanup", Time since last: 1013020919 ns, Reaching safepoint: 13115786 ns, At safepoint: 8147 ns, Total: 13123933 ns
[2020-09-11T16:24:13.025+0000][1][gc,start     ] GC(3) Pause Young (Allocation Failure)
[2020-09-11T16:24:13.025+0000][1][gc,task      ] GC(3) Using 1 workers of 1 for evacuation
[2020-09-11T16:24:13.115+0000][1][gc,age       ] GC(3) Desired survivor size 4358144 bytes, new threshold 6 (max threshold 6)
[2020-09-11T16:24:13.115+0000][1][gc,age       ] GC(3) Age table with threshold 6 (max threshold 6)
[2020-09-11T16:24:13.115+0000][1][gc,age       ] GC(3) - age   1:     901448 bytes,     901448 total
[2020-09-11T16:24:13.116+0000][1][gc,age       ] GC(3) - age   2:    1517056 bytes,    2418504 total
[2020-09-11T16:24:13.116+0000][1][gc,heap      ] GC(3) ParNew: 74492K->5198K(76672K)
[2020-09-11T16:24:13.116+0000][1][gc,heap      ] GC(3) CMS: 6676K->9488K(2011968K)
[2020-09-11T16:24:13.116+0000][1][gc,metaspace ] GC(3) Metaspace: 20323K->20323K(1067008K)
[2020-09-11T16:24:13.116+0000][1][gc           ] GC(3) Pause Young (Allocation Failure) 79M->14M(2039M) 90.942ms
[2020-09-11T16:24:13.116+0000][1][gc,cpu       ] GC(3) User=0.02s Sys=0.00s Real=0.09s
[2020-09-11T16:24:13.145+0000][1][safepoint    ] Safepoint "GenCollectForAllocation", Time since last: 322607598 ns, Reaching safepoint: 119117 ns, At safepoint: 120181980 ns, Total: 120301097 ns
[2020-09-11T16:24:13.195+0000][1][safepoint    ] Safepoint "RevokeBias", Time since last: 47997571 ns, Reaching safepoint: 2615923 ns, At safepoint: 45337 ns, Total: 2661260 ns
[2020-09-11T16:24:13.200+0000][1][safepoint    ] Safepoint "RevokeBias", Time since last: 1327299 ns, Reaching safepoint: 3437740 ns, At safepoint: 49380 ns, Total: 3487120 ns
[2020-09-11T16:24:13.201+0000][1][safepoint    ] Safepoint "RevokeBias", Time since last: 65661 ns, Reaching safepoint: 428449 ns, At safepoint: 26635 ns, Total: 455084 ns
[2020-09-11T16:24:13.203+0000][1][safepoint    ] Safepoint "RevokeBias", Time since last: 32598 ns, Reaching safepoint: 2040522 ns, At safepoint: 35330 ns, Total: 2075852 ns
[2020-09-11T16:24:13.205+0000][1][safepoint    ] Safepoint "RevokeBias", Time since last: 60461 ns, Reaching safepoint: 1809763 ns, At safepoint: 32342 ns, Total: 1842105 ns
[2020-09-11T16:24:13.205+0000][1][safepoint    ] Safepoint "RevokeBias", Time since last: 37927 ns, Reaching safepoint: 83372 ns, At safepoint: 25510 ns, Total: 108882 ns
[2020-09-11T16:24:13.205+0000][1][safepoint    ] Safepoint "RevokeBias", Time since last: 34589 ns, Reaching safepoint: 82069 ns, At safepoint: 24066 ns, Total: 106135 ns
[2020-09-11T16:24:13.209+0000][1][safepoint    ] Safepoint "RevokeBias", Time since last: 28034 ns, Reaching safepoint: 3696905 ns, At safepoint: 42780 ns, Total: 3739685 ns
[2020-09-11T16:24:13.210+0000][1][safepoint    ] Safepoint "RevokeBias", Time since last: 535257 ns, Reaching safepoint: 89391 ns, At safepoint: 26669 ns, Total: 116060 ns
[2020-09-11T16:24:14.201+0000][1][safepoint    ] Safepoint "CollectForMetadataAllocation", Time since last: 991264061 ns, Reaching safepoint: 116412 ns, At safepoint: 146991 ns, Total: 263403 ns
[2020-09-11T16:24:14.421+0000][1][safepoint    ] Safepoint "CollectForMetadataAllocation", Time since last: 219751457 ns, Reaching safepoint: 112602 ns, At safepoint: 127734 ns, Total: 240336 ns
[2020-09-11T16:24:14.673+0000][1][gc,start     ] GC(4) Pause Young (Allocation Failure)
[2020-09-11T16:24:14.675+0000][1][gc,task      ] GC(4) Using 1 workers of 1 for evacuation
[2020-09-11T16:24:14.749+0000][1][gc,age       ] GC(4) Desired survivor size 4358144 bytes, new threshold 6 (max threshold 6)
[2020-09-11T16:24:14.749+0000][1][gc,age       ] GC(4) Age table with threshold 6 (max threshold 6)
[2020-09-11T16:24:14.749+0000][1][gc,age       ] GC(4) - age   1:    1887264 bytes,    1887264 total
[2020-09-11T16:24:14.749+0000][1][gc,age       ] GC(4) - age   2:     351576 bytes,    2238840 total
[2020-09-11T16:24:14.749+0000][1][gc,age       ] GC(4) - age   3:    1516960 bytes,    3755800 total
[2020-09-11T16:24:14.749+0000][1][gc,heap      ] GC(4) ParNew: 73358K->4370K(76672K)
[2020-09-11T16:24:14.760+0000][1][gc,heap      ] GC(4) CMS: 9488K->9488K(2011968K)
[2020-09-11T16:24:14.760+0000][1][gc,metaspace ] GC(4) Metaspace: 20850K->20850K(1069056K)
[2020-09-11T16:24:14.760+0000][1][gc           ] GC(4) Pause Young (Allocation Failure) 80M->13M(2039M) 87.135ms
[2020-09-11T16:24:14.760+0000][1][gc,cpu       ] GC(4) User=0.02s Sys=0.00s Real=0.09s
[2020-09-11T16:24:14.760+0000][1][safepoint    ] Safepoint "GenCollectForAllocation", Time since last: 250435736 ns, Reaching safepoint: 1196603 ns, At safepoint: 87196973 ns, Total: 88393576 ns
[2020-09-11T16:24:14.781+0000][1][gc,start     ] GC(5) Pause Initial Mark
[2020-09-11T16:24:14.788+0000][1][gc           ] GC(5) Pause Initial Mark 18M->18M(2039M) 6.956ms
[2020-09-11T16:24:14.788+0000][1][gc,cpu       ] GC(5) User=0.00s Sys=0.00s Real=0.00s
[2020-09-11T16:24:14.838+0000][1][safepoint    ] Safepoint "BulkRevokeBias", Time since last: 20483453 ns, Reaching safepoint: 443622 ns, At safepoint: 57133042 ns, Total: 57576664 ns
[2020-09-11T16:24:14.838+0000][1][gc           ] GC(5) Concurrent Mark
[2020-09-11T16:24:14.857+0000][1][safepoint    ] Safepoint "RevokeBias", Time since last: 18937329 ns, Reaching safepoint: 119824 ns, At safepoint: 49480 ns, Total: 169304 ns
[2020-09-11T16:24:14.857+0000][1][safepoint    ] Safepoint "RevokeBias", Time since last: 60807 ns, Reaching safepoint: 78979 ns, At safepoint: 27616 ns, Total: 106595 ns
[2020-09-11T16:24:14.857+0000][1][safepoint    ] Safepoint "RevokeBias", Time since last: 25315 ns, Reaching safepoint: 78075 ns, At safepoint: 26963 ns, Total: 105038 ns
[2020-09-11T16:24:14.857+0000][1][safepoint    ] Safepoint "RevokeBias", Time since last: 28391 ns, Reaching safepoint: 79018 ns, At safepoint: 30643 ns, Total: 109661 ns
[2020-09-11T16:24:14.858+0000][1][safepoint    ] Safepoint "RevokeBias", Time since last: 24173 ns, Reaching safepoint: 78294 ns, At safepoint: 30039 ns, Total: 108333 ns
[2020-09-11T16:24:15.028+0000][1][gc           ] GC(5) Concurrent Mark 190.139ms
[2020-09-11T16:24:15.028+0000][1][gc,cpu       ] GC(5) User=0.04s Sys=0.00s Real=0.19s
[2020-09-11T16:24:15.028+0000][1][gc           ] GC(5) Concurrent Preclean
[2020-09-11T16:24:15.101+0000][1][gc           ] GC(5) Concurrent Preclean 73.032ms
[2020-09-11T16:24:15.101+0000][1][gc,cpu       ] GC(5) User=0.01s Sys=0.00s Real=0.08s
[2020-09-11T16:24:15.101+0000][1][gc           ] GC(5) Concurrent Abortable Preclean
[2020-09-11T16:24:15.818+0000][1][safepoint    ] Safepoint "RevokeBias", Time since last: 938269604 ns, Reaching safepoint: 22021979 ns, At safepoint: 18725 ns, Total: 22040704 ns
[2020-09-11T16:24:15.833+0000][1][safepoint    ] Safepoint "Deoptimize", Time since last: 14907713 ns, Reaching safepoint: 109687 ns, At safepoint: 196881 ns, Total: 306568 ns
[2020-09-11T16:24:15.918+0000][1][safepoint    ] Safepoint "CollectForMetadataAllocation", Time since last: 75657260 ns, Reaching safepoint: 9109745 ns, At safepoint: 79284 ns, Total: 9189029 ns
[2020-09-11T16:24:16.573+0000][1][safepoint    ] Safepoint "Deoptimize", Time since last: 633970332 ns, Reaching safepoint: 20898650 ns, At safepoint: 198153 ns, Total: 21096803 ns
[2020-09-11T16:24:16.841+0000][1][gc,start     ] GC(6) Pause Young (Allocation Failure)
[2020-09-11T16:24:16.841+0000][1][gc,task      ] GC(6) Using 1 workers of 1 for evacuation
[2020-09-11T16:24:16.962+0000][1][gc,age       ] GC(6) Desired survivor size 4358144 bytes, new threshold 4 (max threshold 6)
[2020-09-11T16:24:16.962+0000][1][gc,age       ] GC(6) Age table with threshold 4 (max threshold 6)
[2020-09-11T16:24:16.962+0000][1][gc,age       ] GC(6) - age   1:    2414032 bytes,    2414032 total
[2020-09-11T16:24:16.962+0000][1][gc,age       ] GC(6) - age   2:    1252944 bytes,    3666976 total
[2020-09-11T16:24:16.962+0000][1][gc,age       ] GC(6) - age   3:     351576 bytes,    4018552 total
[2020-09-11T16:24:16.962+0000][1][gc,age       ] GC(6) - age   4:    1516960 bytes,    5535512 total
[2020-09-11T16:24:16.962+0000][1][gc,heap      ] GC(6) ParNew: 72530K->6594K(76672K)
[2020-09-11T16:24:16.962+0000][1][gc,heap      ] GC(6) CMS: 9488K->9488K(2011968K)
[2020-09-11T16:24:16.962+0000][1][gc,metaspace ] GC(6) Metaspace: 21160K->21160K(1069056K)
[2020-09-11T16:24:16.963+0000][1][gc           ] GC(6) Pause Young (Allocation Failure) 80M->15M(2039M) 121.631ms
[2020-09-11T16:24:16.963+0000][1][gc,cpu       ] GC(6) User=0.03s Sys=0.00s Real=0.12s
[2020-09-11T16:24:17.004+0000][1][safepoint    ] Safepoint "GenCollectForAllocation", Time since last: 267762876 ns, Reaching safepoint: 61266 ns, At safepoint: 162747586 ns, Total: 162808852 ns
[2020-09-11T16:24:17.087+0000][1][safepoint    ] Safepoint "RevokeBias", Time since last: 57250979 ns, Reaching safepoint: 26170969 ns, At safepoint: 38974 ns, Total: 26209943 ns
[2020-09-11T16:24:17.087+0000][1][safepoint    ] Safepoint "RevokeBias", Time since last: 84025 ns, Reaching safepoint: 80292 ns, At safepoint: 26153 ns, Total: 106445 ns
[2020-09-11T16:24:17.087+0000][1][safepoint    ] Safepoint "RevokeBias", Time since last: 41075 ns, Reaching safepoint: 78004 ns, At safepoint: 24929 ns, Total: 102933 ns
[2020-09-11T16:24:17.088+0000][1][safepoint    ] Safepoint "RevokeBias", Time since last: 26192 ns, Reaching safepoint: 78722 ns, At safepoint: 26692 ns, Total: 105414 ns
[2020-09-11T16:24:17.088+0000][1][safepoint    ] Safepoint "RevokeBias", Time since last: 29689 ns, Reaching safepoint: 77413 ns, At safepoint: 25633 ns, Total: 103046 ns
[2020-09-11T16:24:17.088+0000][1][safepoint    ] Safepoint "RevokeBias", Time since last: 24811 ns, Reaching safepoint: 76762 ns, At safepoint: 25111 ns, Total: 101873 ns
[2020-09-11T16:24:17.919+0000][1][gc           ] GC(5) Concurrent Abortable Preclean 2817.599ms
[2020-09-11T16:24:17.919+0000][1][gc,cpu       ] GC(5) User=0.56s Sys=0.00s Real=2.81s
[2020-09-11T16:24:17.919+0000][1][gc,start     ] GC(5) Pause Remark
[2020-09-11T16:24:18.133+0000][1][gc           ] GC(5) Pause Remark 66M->66M(2039M) 213.889ms
[2020-09-11T16:24:18.133+0000][1][gc,cpu       ] GC(5) User=0.05s Sys=0.00s Real=0.22s
[2020-09-11T16:24:18.158+0000][1][safepoint    ] Safepoint "CMS_Final_Remark", Time since last: 831181938 ns, Reaching safepoint: 41491 ns, At safepoint: 238950368 ns, Total: 238991859 ns
[2020-09-11T16:24:18.158+0000][1][gc           ] GC(5) Concurrent Sweep
[2020-09-11T16:24:18.161+0000][1][gc           ] GC(5) Concurrent Sweep 2.508ms
[2020-09-11T16:24:18.161+0000][1][gc,cpu       ] GC(5) User=0.00s Sys=0.00s Real=0.00s
[2020-09-11T16:24:18.161+0000][1][gc           ] GC(5) Concurrent Reset
[2020-09-11T16:24:18.176+0000][1][gc           ] GC(5) Concurrent Reset 15.365ms
[2020-09-11T16:24:18.176+0000][1][gc,cpu       ] GC(5) User=0.01s Sys=0.00s Real=0.02s
[2020-09-11T16:24:18.176+0000][1][gc,heap      ] GC(5) Old: 9488K->9487K(2011968K)
[2020-09-11T16:24:18.473+0000][1][gc,start     ] GC(7) Pause Young (Allocation Failure)
[2020-09-11T16:24:18.473+0000][1][gc,task      ] GC(7) Using 1 workers of 1 for evacuation
[2020-09-11T16:24:18.684+0000][1][gc,age       ] GC(7) Desired survivor size 4358144 bytes, new threshold 6 (max threshold 6)
[2020-09-11T16:24:18.684+0000][1][gc,age       ] GC(7) Age table with threshold 6 (max threshold 6)
[2020-09-11T16:24:18.684+0000][1][gc,age       ] GC(7) - age   1:    1202864 bytes,    1202864 total
[2020-09-11T16:24:18.684+0000][1][gc,age       ] GC(7) - age   2:    1526224 bytes,    2729088 total
[2020-09-11T16:24:18.684+0000][1][gc,age       ] GC(7) - age   3:    1252336 bytes,    3981424 total
[2020-09-11T16:24:18.684+0000][1][gc,age       ] GC(7) - age   4:     351576 bytes,    4333000 total
[2020-09-11T16:24:18.684+0000][1][gc,heap      ] GC(7) ParNew: 74754K->4878K(76672K)
[2020-09-11T16:24:18.684+0000][1][gc,heap      ] GC(7) CMS: 9487K->10981K(2011968K)
[2020-09-11T16:24:18.684+0000][1][gc,metaspace ] GC(7) Metaspace: 21258K->21258K(1069056K)
[2020-09-11T16:24:18.684+0000][1][gc           ] GC(7) Pause Young (Allocation Failure) 82M->15M(2039M) 210.689ms
[2020-09-11T16:24:18.684+0000][1][gc,cpu       ] GC(7) User=0.04s Sys=0.00s Real=0.21s
[2020-09-11T16:24:18.705+0000][1][safepoint    ] Safepoint "GenCollectForAllocation", Time since last: 314812845 ns, Reaching safepoint: 407984 ns, At safepoint: 231587050 ns, Total: 231995034 ns
[2020-09-11T16:24:18.722+0000][1][safepoint    ] Safepoint "RevokeBias", Time since last: 16849800 ns, Reaching safepoint: 102352 ns, At safepoint: 53047 ns, Total: 155399 ns
[2020-09-11T16:24:18.722+0000][1][safepoint    ] Safepoint "RevokeBias", Time since last: 53526 ns, Reaching safepoint: 79400 ns, At safepoint: 39111 ns, Total: 118511 ns
[2020-09-11T16:24:18.722+0000][1][safepoint    ] Safepoint "RevokeBias", Time since last: 35631 ns, Reaching safepoint: 78505 ns, At safepoint: 36919 ns, Total: 115424 ns
[2020-09-11T16:24:18.722+0000][1][safepoint    ] Safepoint "RevokeBias", Time since last: 36609 ns, Reaching safepoint: 77654 ns, At safepoint: 35091 ns, Total: 112745 ns
[2020-09-11T16:24:19.809+0000][1][gc,start     ] GC(8) Pause Young (Allocation Failure)
[2020-09-11T16:24:19.809+0000][1][gc,task      ] GC(8) Using 1 workers of 1 for evacuation
[2020-09-11T16:24:19.934+0000][1][gc,age       ] GC(8) Desired survivor size 4358144 bytes, new threshold 4 (max threshold 6)
[2020-09-11T16:24:19.934+0000][1][gc,age       ] GC(8) Age table with threshold 4 (max threshold 6)
[2020-09-11T16:24:19.934+0000][1][gc,age       ] GC(8) - age   1:    1298592 bytes,    1298592 total
[2020-09-11T16:24:19.934+0000][1][gc,age       ] GC(8) - age   2:     445608 bytes,    1744200 total
[2020-09-11T16:24:19.934+0000][1][gc,age       ] GC(8) - age   3:    1524288 bytes,    3268488 total
[2020-09-11T16:24:19.934+0000][1][gc,age       ] GC(8) - age   4:    1251680 bytes,    4520168 total
[2020-09-11T16:24:19.934+0000][1][gc,age       ] GC(8) - age   5:     351576 bytes,    4871744 total
[2020-09-11T16:24:19.934+0000][1][gc,heap      ] GC(8) ParNew: 73038K->8512K(76672K)
[2020-09-11T16:24:19.934+0000][1][gc,heap      ] GC(8) CMS: 10981K->10981K(2011968K)
[2020-09-11T16:24:19.934+0000][1][gc,metaspace ] GC(8) Metaspace: 21438K->21438K(1069056K)
[2020-09-11T16:24:19.934+0000][1][gc           ] GC(8) Pause Young (Allocation Failure) 82M->19M(2039M) 124.869ms
[2020-09-11T16:24:19.934+0000][1][gc,cpu       ] GC(8) User=0.02s Sys=0.00s Real=0.13s
[2020-09-11T16:24:19.973+0000][1][safepoint    ] Safepoint "GenCollectForAllocation", Time since last: 1087000460 ns, Reaching safepoint: 104594 ns, At safepoint: 163169946 ns, Total: 163274540 ns
[2020-09-11T16:24:20.001+0000][1][safepoint    ] Safepoint "RevokeBias", Time since last: 24269515 ns, Reaching safepoint: 3988191 ns, At safepoint: 41649 ns, Total: 4029840 ns
[2020-09-11T16:24:20.005+0000][1][safepoint    ] Safepoint "RevokeBias", Time since last: 76261 ns, Reaching safepoint: 3885567 ns, At safepoint: 37439 ns, Total: 3923006 ns
[2020-09-11T16:24:20.005+0000][1][safepoint    ] Safepoint "RevokeBias", Time since last: 69424 ns, Reaching safepoint: 81302 ns, At safepoint: 23758 ns, Total: 105060 ns
[2020-09-11T16:24:20.005+0000][1][safepoint    ] Safepoint "RevokeBias", Time since last: 29471 ns, Reaching safepoint: 79798 ns, At safepoint: 22201 ns, Total: 101999 ns
[2020-09-11T16:24:20.890+0000][1][gc,start     ] GC(9) Pause Young (Allocation Failure)
[2020-09-11T16:24:20.890+0000][1][gc,task      ] GC(9) Using 1 workers of 1 for evacuation
[2020-09-11T16:24:21.001+0000][1][gc,age       ] GC(9) Desired survivor size 4358144 bytes, new threshold 4 (max threshold 6)
[2020-09-11T16:24:21.001+0000][1][gc,age       ] GC(9) Age table with threshold 4 (max threshold 6)
[2020-09-11T16:24:21.001+0000][1][gc,age       ] GC(9) - age   1:    1923944 bytes,    1923944 total
[2020-09-11T16:24:21.001+0000][1][gc,age       ] GC(9) - age   2:     829344 bytes,    2753288 total
[2020-09-11T16:24:21.001+0000][1][gc,age       ] GC(9) - age   3:     445528 bytes,    3198816 total
[2020-09-11T16:24:21.001+0000][1][gc,age       ] GC(9) - age   4:    1524288 bytes,    4723104 total
[2020-09-11T16:24:21.001+0000][1][gc,heap      ] GC(9) ParNew: 76672K->5764K(76672K)
[2020-09-11T16:24:21.001+0000][1][gc,heap      ] GC(9) CMS: 10981K->12565K(2011968K)
[2020-09-11T16:24:21.001+0000][1][gc,metaspace ] GC(9) Metaspace: 21530K->21530K(1069056K)
[2020-09-11T16:24:21.001+0000][1][gc           ] GC(9) Pause Young (Allocation Failure) 85M->17M(2039M) 111.492ms
[2020-09-11T16:24:21.001+0000][1][gc,cpu       ] GC(9) User=0.02s Sys=0.00s Real=0.12s
[2020-09-11T16:24:21.021+0000][1][safepoint    ] Safepoint "GenCollectForAllocation", Time since last: 883662629 ns, Reaching safepoint: 1077837 ns, At safepoint: 130925838 ns, Total: 132003675 ns
[2020-09-11T16:24:21.048+0000][1][safepoint    ] Safepoint "RevokeBias", Time since last: 26611112 ns, Reaching safepoint: 109698 ns, At safepoint: 49460 ns, Total: 159158 ns
[2020-09-11T16:24:21.049+0000][1][safepoint    ] Safepoint "RevokeBias", Time since last: 66267 ns, Reaching safepoint: 1135676 ns, At safepoint: 39678 ns, Total: 1175354 ns
[2020-09-11T16:24:21.053+0000][1][safepoint    ] Safepoint "RevokeBias", Time since last: 40341 ns, Reaching safepoint: 3937064 ns, At safepoint: 52912 ns, Total: 3989976 ns
[2020-09-11T16:24:21.069+0000][1][safepoint    ] Safepoint "RevokeBias", Time since last: 48574 ns, Reaching safepoint: 84390 ns, At safepoint: 15828938 ns, Total: 15913328 ns
[2020-09-11T16:24:21.441+0000][1][safepoint    ] Safepoint "RevokeBias", Time since last: 371979502 ns, Reaching safepoint: 117751 ns, At safepoint: 19073 ns, Total: 136824 ns
[2020-09-11T16:24:21.464+0000][1][safepoint    ] Safepoint "RevokeBias", Time since last: 23085101 ns, Reaching safepoint: 112872 ns, At safepoint: 19230 ns, Total: 132102 ns
[2020-09-11T16:24:22.037+0000][1][gc,start     ] GC(10) Pause Young (Allocation Failure)
[2020-09-11T16:24:22.041+0000][1][gc,task      ] GC(10) Using 1 workers of 1 for evacuation
[2020-09-11T16:24:22.157+0000][1][gc,age       ] GC(10) Desired survivor size 4358144 bytes, new threshold 6 (max threshold 6)
[2020-09-11T16:24:22.157+0000][1][gc,age       ] GC(10) Age table with threshold 6 (max threshold 6)
[2020-09-11T16:24:22.157+0000][1][gc,age       ] GC(10) - age   1:    2339504 bytes,    2339504 total
[2020-09-11T16:24:22.157+0000][1][gc,age       ] GC(10) - age   2:     114360 bytes,    2453864 total
[2020-09-11T16:24:22.157+0000][1][gc,age       ] GC(10) - age   3:     829344 bytes,    3283208 total
[2020-09-11T16:24:22.157+0000][1][gc,age       ] GC(10) - age   4:     445504 bytes,    3728712 total
[2020-09-11T16:24:22.157+0000][1][gc,heap      ] GC(10) ParNew: 73924K->4179K(76672K)
[2020-09-11T16:24:22.157+0000][1][gc,heap      ] GC(10) CMS: 12565K->14066K(2011968K)
[2020-09-11T16:24:22.157+0000][1][gc,metaspace ] GC(10) Metaspace: 21677K->21677K(1069056K)
[2020-09-11T16:24:22.157+0000][1][gc           ] GC(10) Pause Young (Allocation Failure) 84M->17M(2039M) 120.097ms
[2020-09-11T16:24:22.157+0000][1][gc,cpu       ] GC(10) User=0.02s Sys=0.00s Real=0.12s
[2020-09-11T16:24:22.177+0000][1][safepoint    ] Safepoint "GenCollectForAllocation", Time since last: 572661393 ns, Reaching safepoint: 109870 ns, At safepoint: 139882421 ns, Total: 139992291 ns
[2020-09-11T16:24:22.214+0000][1][safepoint    ] Safepoint "RevokeBias", Time since last: 20049059 ns, Reaching safepoint: 17027437 ns, At safepoint: 66893 ns, Total: 17094330 ns
[2020-09-11T16:24:22.214+0000][1][safepoint    ] Safepoint "RevokeBias", Time since last: 77306 ns, Reaching safepoint: 82675 ns, At safepoint: 38719 ns, Total: 121394 ns
[2020-09-11T16:24:22.214+0000][1][safepoint    ] Safepoint "BulkRevokeBias", Time since last: 44973 ns, Reaching safepoint: 80323 ns, At safepoint: 61153 ns, Total: 141476 ns
[2020-09-11T16:24:22.217+0000][1][safepoint    ] Safepoint "BulkRevokeBias", Time since last: 29648 ns, Reaching safepoint: 2442125 ns, At safepoint: 82558 ns, Total: 2524683 ns
[2020-09-11T16:24:23.238+0000][1][safepoint    ] Safepoint "Cleanup", Time since last: 1015900847 ns, Reaching safepoint: 4922254 ns, At safepoint: 8642 ns, Total: 4930896 ns
[2020-09-11T16:24:23.719+0000][1][gc,start     ] GC(11) Pause Young (Allocation Failure)
[2020-09-11T16:24:23.719+0000][1][gc,task      ] GC(11) Using 1 workers of 1 for evacuation
[2020-09-11T16:24:23.799+0000][1][gc,age       ] GC(11) Desired survivor size 4358144 bytes, new threshold 6 (max threshold 6)
[2020-09-11T16:24:23.799+0000][1][gc,age       ] GC(11) Age table with threshold 6 (max threshold 6)
[2020-09-11T16:24:23.799+0000][1][gc,age       ] GC(11) - age   1:    1482400 bytes,    1482400 total
[2020-09-11T16:24:23.799+0000][1][gc,age       ] GC(11) - age   2:     403888 bytes,    1886288 total
[2020-09-11T16:24:23.799+0000][1][gc,age       ] GC(11) - age   3:     114256 bytes,    2000544 total
[2020-09-11T16:24:23.799+0000][1][gc,age       ] GC(11) - age   4:     829344 bytes,    2829888 total
[2020-09-11T16:24:23.799+0000][1][gc,age       ] GC(11) - age   5:     445504 bytes,    3275392 total
[2020-09-11T16:24:23.799+0000][1][gc,heap      ] GC(11) ParNew: 72339K->3775K(76672K)
[2020-09-11T16:24:23.799+0000][1][gc,heap      ] GC(11) CMS: 14066K->14066K(2011968K)
[2020-09-11T16:24:23.799+0000][1][gc,metaspace ] GC(11) Metaspace: 22593K->22593K(1071104K)
[2020-09-11T16:24:23.799+0000][1][gc           ] GC(11) Pause Young (Allocation Failure) 84M->17M(2039M) 80.173ms
[2020-09-11T16:24:23.799+0000][1][gc,cpu       ] GC(11) User=0.02s Sys=0.00s Real=0.08s
[2020-09-11T16:24:23.833+0000][1][safepoint    ] Safepoint "GenCollectForAllocation", Time since last: 480760117 ns, Reaching safepoint: 111660 ns, At safepoint: 114325475 ns, Total: 114437135 ns
[2020-09-11T16:24:24.625+0000][1][gc,start     ] GC(12) Pause Young (Allocation Failure)
[2020-09-11T16:24:24.625+0000][1][gc,task      ] GC(12) Using 1 workers of 1 for evacuation
[2020-09-11T16:24:24.740+0000][1][gc,age       ] GC(12) Desired survivor size 4358144 bytes, new threshold 6 (max threshold 6)
[2020-09-11T16:24:24.740+0000][1][gc,age       ] GC(12) Age table with threshold 6 (max threshold 6)
[2020-09-11T16:24:24.740+0000][1][gc,age       ] GC(12) - age   1:     386240 bytes,     386240 total
[2020-09-11T16:24:24.740+0000][1][gc,age       ] GC(12) - age   2:     577608 bytes,     963848 total
[2020-09-11T16:24:24.740+0000][1][gc,age       ] GC(12) - age   3:     403888 bytes,    1367736 total
[2020-09-11T16:24:24.740+0000][1][gc,age       ] GC(12) - age   4:     114152 bytes,    1481888 total
[2020-09-11T16:24:24.740+0000][1][gc,age       ] GC(12) - age   5:     829056 bytes,    2310944 total
[2020-09-11T16:24:24.740+0000][1][gc,age       ] GC(12) - age   6:     445504 bytes,    2756448 total
[2020-09-11T16:24:24.740+0000][1][gc,heap      ] GC(12) ParNew: 71935K->3342K(76672K)
[2020-09-11T16:24:24.740+0000][1][gc,heap      ] GC(12) CMS: 14066K->14066K(2011968K)
[2020-09-11T16:24:24.740+0000][1][gc,metaspace ] GC(12) Metaspace: 22620K->22620K(1071104K)
[2020-09-11T16:24:24.741+0000][1][gc           ] GC(12) Pause Young (Allocation Failure) 83M->17M(2039M) 115.577ms
[2020-09-11T16:24:24.741+0000][1][gc,cpu       ] GC(12) User=0.02s Sys=0.00s Real=0.11s
[2020-09-11T16:24:24.771+0000][1][safepoint    ] Safepoint "GenCollectForAllocation", Time since last: 791902954 ns, Reaching safepoint: 110085 ns, At safepoint: 145734444 ns, Total: 145844529 ns
[2020-09-11T16:24:25.529+0000][1][gc,start     ] GC(13) Pause Young (Allocation Failure)
[2020-09-11T16:24:25.529+0000][1][gc,task      ] GC(13) Using 1 workers of 1 for evacuation
[2020-09-11T16:24:25.627+0000][1][gc,age       ] GC(13) Desired survivor size 4358144 bytes, new threshold 6 (max threshold 6)
[2020-09-11T16:24:25.627+0000][1][gc,age       ] GC(13) Age table with threshold 6 (max threshold 6)
[2020-09-11T16:24:25.627+0000][1][gc,age       ] GC(13) - age   1:    1821296 bytes,    1821296 total
[2020-09-11T16:24:25.627+0000][1][gc,age       ] GC(13) - age   2:     203304 bytes,    2024600 total
[2020-09-11T16:24:25.627+0000][1][gc,age       ] GC(13) - age   3:     577496 bytes,    2602096 total
[2020-09-11T16:24:25.627+0000][1][gc,age       ] GC(13) - age   4:     403888 bytes,    3005984 total
[2020-09-11T16:24:25.627+0000][1][gc,age       ] GC(13) - age   5:     114152 bytes,    3120136 total
[2020-09-11T16:24:25.627+0000][1][gc,age       ] GC(13) - age   6:     829056 bytes,    3949192 total
[2020-09-11T16:24:25.627+0000][1][gc,heap      ] GC(13) ParNew: 71502K->5709K(76672K)
[2020-09-11T16:24:25.627+0000][1][gc,heap      ] GC(13) CMS: 14066K->14504K(2011968K)
[2020-09-11T16:24:25.627+0000][1][gc,metaspace ] GC(13) Metaspace: 22719K->22719K(1071104K)
[2020-09-11T16:24:25.627+0000][1][gc           ] GC(13) Pause Young (Allocation Failure) 83M->19M(2039M) 98.521ms
[2020-09-11T16:24:25.627+0000][1][gc,cpu       ] GC(13) User=0.02s Sys=0.00s Real=0.10s
[2020-09-11T16:24:25.655+0000][1][safepoint    ] Safepoint "GenCollectForAllocation", Time since last: 754959060 ns, Reaching safepoint: 3176484 ns, At safepoint: 125873992 ns, Total: 129050476 ns
[2020-09-11T16:24:26.529+0000][1][gc,start     ] GC(14) Pause Young (Allocation Failure)
[2020-09-11T16:24:26.529+0000][1][gc,task      ] GC(14) Using 1 workers of 1 for evacuation
[2020-09-11T16:24:26.655+0000][1][gc,age       ] GC(14) Desired survivor size 4358144 bytes, new threshold 6 (max threshold 6)
[2020-09-11T16:24:26.655+0000][1][gc,age       ] GC(14) Age table with threshold 6 (max threshold 6)
[2020-09-11T16:24:26.655+0000][1][gc,age       ] GC(14) - age   1:     351192 bytes,     351192 total
[2020-09-11T16:24:26.655+0000][1][gc,age       ] GC(14) - age   2:     103416 bytes,     454608 total
[2020-09-11T16:24:26.655+0000][1][gc,age       ] GC(14) - age   3:     203304 bytes,     657912 total
[2020-09-11T16:24:26.655+0000][1][gc,age       ] GC(14) - age   4:     577496 bytes,    1235408 total
[2020-09-11T16:24:26.655+0000][1][gc,age       ] GC(14) - age   5:     403888 bytes,    1639296 total
[2020-09-11T16:24:26.655+0000][1][gc,age       ] GC(14) - age   6:     114152 bytes,    1753448 total
[2020-09-11T16:24:26.655+0000][1][gc,heap      ] GC(14) ParNew: 73869K->3606K(76672K)
[2020-09-11T16:24:26.655+0000][1][gc,heap      ] GC(14) CMS: 14504K->15320K(2011968K)
[2020-09-11T16:24:26.655+0000][1][gc,metaspace ] GC(14) Metaspace: 22799K->22799K(1071104K)
[2020-09-11T16:24:26.655+0000][1][gc           ] GC(14) Pause Young (Allocation Failure) 86M->18M(2039M) 125.781ms
[2020-09-11T16:24:26.655+0000][1][gc,cpu       ] GC(14) User=0.03s Sys=0.00s Real=0.13s
[2020-09-11T16:24:26.692+0000][1][safepoint    ] Safepoint "GenCollectForAllocation", Time since last: 874650014 ns, Reaching safepoint: 105860 ns, At safepoint: 162094684 ns, Total: 162200544 ns
[2020-09-11T16:24:27.460+0000][1][gc,start     ] GC(15) Pause Young (Allocation Failure)
[2020-09-11T16:24:27.460+0000][1][gc,task      ] GC(15) Using 1 workers of 1 for evacuation
[2020-09-11T16:24:27.535+0000][1][gc,age       ] GC(15) Desired survivor size 4358144 bytes, new threshold 6 (max threshold 6)
[2020-09-11T16:24:27.535+0000][1][gc,age       ] GC(15) Age table with threshold 6 (max threshold 6)
[2020-09-11T16:24:27.535+0000][1][gc,age       ] GC(15) - age   1:     125600 bytes,     125600 total
[2020-09-11T16:24:27.535+0000][1][gc,age       ] GC(15) - age   2:     315600 bytes,     441200 total
[2020-09-11T16:24:27.535+0000][1][gc,age       ] GC(15) - age   3:     103416 bytes,     544616 total
[2020-09-11T16:24:27.535+0000][1][gc,age       ] GC(15) - age   4:     203304 bytes,     747920 total
[2020-09-11T16:24:27.535+0000][1][gc,age       ] GC(15) - age   5:     577496 bytes,    1325416 total
[2020-09-11T16:24:27.535+0000][1][gc,age       ] GC(15) - age   6:     403888 bytes,    1729304 total
[2020-09-11T16:24:27.535+0000][1][gc,heap      ] GC(15) ParNew: 71766K->3087K(76672K)
[2020-09-11T16:24:27.535+0000][1][gc,heap      ] GC(15) CMS: 15320K->15435K(2011968K)
[2020-09-11T16:24:27.535+0000][1][gc,metaspace ] GC(15) Metaspace: 22884K->22884K(1071104K)
[2020-09-11T16:24:27.535+0000][1][gc           ] GC(15) Pause Young (Allocation Failure) 85M->18M(2039M) 74.702ms
[2020-09-11T16:24:27.535+0000][1][gc,cpu       ] GC(15) User=0.02s Sys=0.00s Real=0.08s
[2020-09-11T16:24:27.539+0000][1][safepoint    ] Safepoint "GenCollectForAllocation", Time since last: 765291472 ns, Reaching safepoint: 3599099 ns, At safepoint: 78411393 ns, Total: 82010492 ns
[2020-09-11T16:24:28.305+0000][1][gc,start     ] GC(16) Pause Young (Allocation Failure)
[2020-09-11T16:24:28.305+0000][1][gc,task      ] GC(16) Using 1 workers of 1 for evacuation
[2020-09-11T16:24:28.454+0000][1][gc,age       ] GC(16) Desired survivor size 4358144 bytes, new threshold 6 (max threshold 6)
[2020-09-11T16:24:28.454+0000][1][gc,age       ] GC(16) Age table with threshold 6 (max threshold 6)
[2020-09-11T16:24:28.454+0000][1][gc,age       ] GC(16) - age   1:    1767928 bytes,    1767928 total
[2020-09-11T16:24:28.454+0000][1][gc,age       ] GC(16) - age   2:     107136 bytes,    1875064 total
[2020-09-11T16:24:28.454+0000][1][gc,age       ] GC(16) - age   3:     315600 bytes,    2190664 total
[2020-09-11T16:24:28.454+0000][1][gc,age       ] GC(16) - age   4:     103416 bytes,    2294080 total
[2020-09-11T16:24:28.454+0000][1][gc,age       ] GC(16) - age   5:     203152 bytes,    2497232 total
[2020-09-11T16:24:28.454+0000][1][gc,age       ] GC(16) - age   6:     577496 bytes,    3074728 total
[2020-09-11T16:24:28.454+0000][1][gc,heap      ] GC(16) ParNew: 71247K->3057K(76672K)
[2020-09-11T16:24:28.454+0000][1][gc,heap      ] GC(16) CMS: 15435K->15834K(2011968K)
[2020-09-11T16:24:28.454+0000][1][gc,metaspace ] GC(16) Metaspace: 22904K->22904K(1071104K)
[2020-09-11T16:24:28.454+0000][1][gc           ] GC(16) Pause Young (Allocation Failure) 84M->18M(2039M) 149.333ms
[2020-09-11T16:24:28.454+0000][1][gc,cpu       ] GC(16) User=0.03s Sys=0.00s Real=0.15s
[2020-09-11T16:24:28.481+0000][1][safepoint    ] Safepoint "GenCollectForAllocation", Time since last: 765994877 ns, Reaching safepoint: 107951 ns, At safepoint: 175898822 ns, Total: 176006773 ns
[2020-09-11T16:24:28.620+0000][1][safepoint    ] Safepoint "Deoptimize", Time since last: 135992494 ns, Reaching safepoint: 3294397 ns, At safepoint: 224208 ns, Total: 3518605 ns
[2020-09-11T16:24:29.637+0000][1][safepoint    ] Safepoint "Cleanup", Time since last: 1016439041 ns, Reaching safepoint: 130556 ns, At safepoint: 7639 ns, Total: 138195 ns
[2020-09-11T16:24:30.605+0000][1][safepoint    ] Safepoint "RevokeBias", Time since last: 967944058 ns, Reaching safepoint: 232202 ns, At safepoint: 18650 ns, Total: 250852 ns
[2020-09-11T16:24:30.605+0000][1][safepoint    ] Safepoint "RevokeBias", Time since last: 87713 ns, Reaching safepoint: 80064 ns, At safepoint: 8464 ns, Total: 88528 ns
[2020-09-11T16:24:31.606+0000][1][safepoint    ] Safepoint "Cleanup", Time since last: 1001007491 ns, Reaching safepoint: 197570 ns, At safepoint: 5712 ns, Total: 203282 ns
[2020-09-11T16:24:32.622+0000][1][safepoint    ] Safepoint "Cleanup", Time since last: 1002297490 ns, Reaching safepoint: 13085948 ns, At safepoint: 8891 ns, Total: 13094839 ns
[2020-09-11T16:24:32.901+0000][1][safepoint    ] Safepoint "Deoptimize", Time since last: 278923501 ns, Reaching safepoint: 111171 ns, At safepoint: 233528 ns, Total: 344699 ns
[2020-09-11T16:24:33.924+0000][1][safepoint    ] Safepoint "Cleanup", Time since last: 1000106931 ns, Reaching safepoint: 22855635 ns, At safepoint: 10825 ns, Total: 22866460 ns
[2020-09-11T16:24:34.924+0000][1][safepoint    ] Safepoint "Cleanup", Time since last: 1000115370 ns, Reaching safepoint: 148128 ns, At safepoint: 7228 ns, Total: 155356 ns
[2020-09-11T16:24:35.925+0000][1][safepoint    ] Safepoint "Cleanup", Time since last: 1000126977 ns, Reaching safepoint: 119976 ns, At safepoint: 7157 ns, Total: 127133 ns
[2020-09-11T16:24:36.927+0000][1][safepoint    ] Safepoint "Cleanup", Time since last: 1000117149 ns, Reaching safepoint: 2538883 ns, At safepoint: 9180 ns, Total: 2548063 ns
[2020-09-11T16:24:37.806+0000][1][gc,start     ] GC(17) Pause Young (Allocation Failure)
[2020-09-11T16:24:37.841+0000][1][gc,task      ] GC(17) Using 1 workers of 1 for evacuation
[2020-09-11T16:24:38.009+0000][1][gc,age       ] GC(17) Desired survivor size 4358144 bytes, new threshold 1 (max threshold 6)
[2020-09-11T16:24:38.009+0000][1][gc,age       ] GC(17) Age table with threshold 1 (max threshold 6)
[2020-09-11T16:24:38.009+0000][1][gc,age       ] GC(17) - age   1:    7098560 bytes,    7098560 total
[2020-09-11T16:24:38.009+0000][1][gc,age       ] GC(17) - age   2:     154592 bytes,    7253152 total
[2020-09-11T16:24:38.009+0000][1][gc,age       ] GC(17) - age   3:     106608 bytes,    7359760 total
[2020-09-11T16:24:38.009+0000][1][gc,age       ] GC(17) - age   4:     315504 bytes,    7675264 total
[2020-09-11T16:24:38.009+0000][1][gc,age       ] GC(17) - age   5:     103136 bytes,    7778400 total
[2020-09-11T16:24:38.009+0000][1][gc,age       ] GC(17) - age   6:     203152 bytes,    7981552 total
[2020-09-11T16:24:38.009+0000][1][gc,heap      ] GC(17) ParNew: 71217K->8512K(76672K)
[2020-09-11T16:24:38.009+0000][1][gc,heap      ] GC(17) CMS: 15834K->16406K(2011968K)
[2020-09-11T16:24:38.009+0000][1][gc,metaspace ] GC(17) Metaspace: 29678K->29678K(1077248K)
[2020-09-11T16:24:38.021+0000][1][gc           ] GC(17) Pause Young (Allocation Failure) 85M->24M(2039M) 214.285ms
[2020-09-11T16:24:38.021+0000][1][gc,cpu       ] GC(17) User=0.04s Sys=0.00s Real=0.22s
[2020-09-11T16:24:38.041+0000][1][safepoint    ] Safepoint "GenCollectForAllocation", Time since last: 877469959 ns, Reaching safepoint: 1691858 ns, At safepoint: 234319199 ns, Total: 236011057 ns
[2020-09-11T16:24:39.063+0000][1][safepoint    ] Safepoint "Cleanup", Time since last: 1022268430 ns, Reaching safepoint: 111507 ns, At safepoint: 5687 ns, Total: 117194 ns
[2020-09-11T16:24:40.093+0000][1][safepoint    ] Safepoint "Cleanup", Time since last: 1017594381 ns, Reaching safepoint: 12055115 ns, At safepoint: 15669 ns, Total: 12070784 ns
[2020-09-11T16:24:41.105+0000][1][safepoint    ] Safepoint "Cleanup", Time since last: 1003942066 ns, Reaching safepoint: 8010103 ns, At safepoint: 12493 ns, Total: 8022596 ns
[2020-09-11T16:24:42.113+0000][1][safepoint    ] Safepoint "Cleanup", Time since last: 1007977051 ns, Reaching safepoint: 109144 ns, At safepoint: 6167 ns, Total: 115311 ns
[2020-09-11T16:24:43.121+0000][1][safepoint    ] Safepoint "Cleanup", Time since last: 1007891688 ns, Reaching safepoint: 105176 ns, At safepoint: 6302 ns, Total: 111478 ns
[2020-09-11T16:24:45.405+0000][1][gc,start     ] GC(18) Pause Young (Allocation Failure)
[2020-09-11T16:24:45.405+0000][1][gc,task      ] GC(18) Using 1 workers of 1 for evacuation
[2020-09-11T16:24:45.696+0000][1][gc,age       ] GC(18) Desired survivor size 4358144 bytes, new threshold 1 (max threshold 6)
[2020-09-11T16:24:45.696+0000][1][gc,age       ] GC(18) Age table with threshold 1 (max threshold 6)
[2020-09-11T16:24:45.696+0000][1][gc,age       ] GC(18) - age   1:    8379976 bytes,    8379976 total
[2020-09-11T16:24:45.696+0000][1][gc,heap      ] GC(18) ParNew: 76672K->8512K(76672K)
[2020-09-11T16:24:45.696+0000][1][gc,heap      ] GC(18) CMS: 16406K->24245K(2011968K)
[2020-09-11T16:24:45.696+0000][1][gc,metaspace ] GC(18) Metaspace: 29834K->29834K(1077248K)
[2020-09-11T16:24:45.697+0000][1][gc           ] GC(18) Pause Young (Allocation Failure) 90M->31M(2039M) 291.395ms
[2020-09-11T16:24:45.697+0000][1][gc,cpu       ] GC(18) User=0.06s Sys=0.00s Real=0.29s
[2020-09-11T16:24:45.726+0000][1][safepoint    ] Safepoint "GenCollectForAllocation", Time since last: 2284107468 ns, Reaching safepoint: 113313 ns, At safepoint: 320770466 ns, Total: 320883779 ns
[2020-09-11T16:24:46.769+0000][1][safepoint    ] Safepoint "Cleanup", Time since last: 1042892934 ns, Reaching safepoint: 108392 ns, At safepoint: 5930 ns, Total: 114322 ns
[2020-09-11T16:24:47.785+0000][1][safepoint    ] Safepoint "Cleanup", Time since last: 1015865568 ns, Reaching safepoint: 105891 ns, At safepoint: 6538 ns, Total: 112429 ns
[2020-09-11T16:24:49.619+0000][1][safepoint    ] Safepoint "RevokeBias", Time since last: 1833904587 ns, Reaching safepoint: 113731 ns, At safepoint: 36336 ns, Total: 150067 ns
[2020-09-11T16:24:50.621+0000][1][safepoint    ] Safepoint "Cleanup", Time since last: 1000131448 ns, Reaching safepoint: 1727891 ns, At safepoint: 9241 ns, Total: 1737132 ns
[2020-09-11T16:24:52.013+0000][1][gc,start     ] GC(19) Pause Young (Allocation Failure)
[2020-09-11T16:24:52.013+0000][1][gc,task      ] GC(19) Using 1 workers of 1 for evacuation
[2020-09-11T16:24:52.307+0000][1][gc,age       ] GC(19) Desired survivor size 4358144 bytes, new threshold 1 (max threshold 6)
[2020-09-11T16:24:52.307+0000][1][gc,age       ] GC(19) Age table with threshold 1 (max threshold 6)
[2020-09-11T16:24:52.307+0000][1][gc,age       ] GC(19) - age   1:    8716216 bytes,    8716216 total
[2020-09-11T16:24:52.308+0000][1][gc,heap      ] GC(19) ParNew: 76672K->8512K(76672K)
[2020-09-11T16:24:52.308+0000][1][gc,heap      ] GC(19) CMS: 24245K->33020K(2011968K)
[2020-09-11T16:24:52.308+0000][1][gc,metaspace ] GC(19) Metaspace: 29902K->29902K(1077248K)
[2020-09-11T16:24:52.308+0000][1][gc           ] GC(19) Pause Young (Allocation Failure) 98M->40M(2039M) 294.640ms
[2020-09-11T16:24:52.308+0000][1][gc,cpu       ] GC(19) User=0.06s Sys=0.00s Real=0.29s
[2020-09-11T16:24:52.339+0000][1][safepoint    ] Safepoint "GenCollectForAllocation", Time since last: 1391987074 ns, Reaching safepoint: 110022 ns, At safepoint: 326343627 ns, Total: 326453649 ns
[2020-09-11T16:24:53.377+0000][1][safepoint    ] Safepoint "Cleanup", Time since last: 1029057577 ns, Reaching safepoint: 8515091 ns, At safepoint: 14985 ns, Total: 8530076 ns
[2020-09-11T16:24:54.389+0000][1][safepoint    ] Safepoint "Cleanup", Time since last: 1011946414 ns, Reaching safepoint: 110751 ns, At safepoint: 6515 ns, Total: 117266 ns
[2020-09-11T16:24:55.165+0000][1][safepoint    ] Safepoint "RevokeBias", Time since last: 775895931 ns, Reaching safepoint: 127907 ns, At safepoint: 44697 ns, Total: 172604 ns
[2020-09-11T16:24:56.165+0000][1][safepoint    ] Safepoint "Cleanup", Time since last: 1000110548 ns, Reaching safepoint: 128105 ns, At safepoint: 6050 ns, Total: 134155 ns
[2020-09-11T16:24:56.759+0000][1][safepoint    ] Safepoint "RevokeBias", Time since last: 593358506 ns, Reaching safepoint: 116337 ns, At safepoint: 41882 ns, Total: 158219 ns
[2020-09-11T16:24:57.542+0000][1][safepoint    ] Safepoint "RevokeBias", Time since last: 770155896 ns, Reaching safepoint: 12979006 ns, At safepoint: 39497 ns, Total: 13018503 ns
[2020-09-11T16:24:57.542+0000][1][safepoint    ] Safepoint "RevokeBias", Time since last: 111471 ns, Reaching safepoint: 79544 ns, At safepoint: 23065 ns, Total: 102609 ns
[2020-09-11T16:24:57.542+0000][1][safepoint    ] Safepoint "RevokeBias", Time since last: 181197 ns, Reaching safepoint: 79160 ns, At safepoint: 23571 ns, Total: 102731 ns
[2020-09-11T16:24:57.889+0000][1][gc,start     ] GC(20) Pause Young (Allocation Failure)
[2020-09-11T16:24:57.889+0000][1][gc,task      ] GC(20) Using 1 workers of 1 for evacuation
[2020-09-11T16:24:58.314+0000][1][gc,age       ] GC(20) Desired survivor size 4358144 bytes, new threshold 1 (max threshold 6)
[2020-09-11T16:24:58.314+0000][1][gc,age       ] GC(20) Age table with threshold 1 (max threshold 6)
[2020-09-11T16:24:58.314+0000][1][gc,age       ] GC(20) - age   1:    4488640 bytes,    4488640 total
[2020-09-11T16:24:58.314+0000][1][gc,heap      ] GC(20) ParNew: 76672K->8322K(76672K)
[2020-09-11T16:24:58.314+0000][1][gc,heap      ] GC(20) CMS: 33020K->41230K(2011968K)
[2020-09-11T16:24:58.314+0000][1][gc,metaspace ] GC(20) Metaspace: 32124K->32124K(1079296K)
[2020-09-11T16:24:58.314+0000][1][gc           ] GC(20) Pause Young (Allocation Failure) 107M->48M(2039M) 425.195ms
[2020-09-11T16:24:58.314+0000][1][gc,cpu       ] GC(20) User=0.09s Sys=0.00s Real=0.43s
[2020-09-11T16:24:58.317+0000][1][safepoint    ] Safepoint "GenCollectForAllocation", Time since last: 346462934 ns, Reaching safepoint: 96740 ns, At safepoint: 427844410 ns, Total: 427941150 ns
[2020-09-11T16:24:59.355+0000][1][safepoint    ] Safepoint "RevokeBias", Time since last: 1038086400 ns, Reaching safepoint: 115671 ns, At safepoint: 8581 ns, Total: 124252 ns
[2020-09-11T16:24:59.361+0000][1][safepoint    ] Safepoint "Deoptimize", Time since last: 5761113 ns, Reaching safepoint: 94414 ns, At safepoint: 271103 ns, Total: 365517 ns
[2020-09-11T16:25:00.377+0000][1][safepoint    ] Safepoint "Cleanup", Time since last: 1015621181 ns, Reaching safepoint: 128451 ns, At safepoint: 6678 ns, Total: 135129 ns
[2020-09-11T16:25:01.385+0000][1][safepoint    ] Safepoint "Cleanup", Time since last: 1000115314 ns, Reaching safepoint: 7783632 ns, At safepoint: 10720 ns, Total: 7794352 ns
[2020-09-11T16:25:02.397+0000][1][safepoint    ] Safepoint "Cleanup", Time since last: 1007970273 ns, Reaching safepoint: 4031502 ns, At safepoint: 12212 ns, Total: 4043714 ns
[2020-09-11T16:25:02.945+0000][1][safepoint    ] Safepoint "Deoptimize", Time since last: 547871295 ns, Reaching safepoint: 99649 ns, At safepoint: 318968 ns, Total: 418617 ns
[2020-09-11T16:25:03.949+0000][1][safepoint    ] Safepoint "Cleanup", Time since last: 1003662514 ns, Reaching safepoint: 51392 ns, At safepoint: 7374 ns, Total: 58766 ns
[2020-09-11T16:25:04.333+0000][1][gc,start     ] GC(21) Pause Young (Allocation Failure)
[2020-09-11T16:25:04.333+0000][1][gc,task      ] GC(21) Using 1 workers of 1 for evacuation
[2020-09-11T16:25:04.581+0000][1][gc,age       ] GC(21) Desired survivor size 4358144 bytes, new threshold 6 (max threshold 6)
[2020-09-11T16:25:04.581+0000][1][gc,age       ] GC(21) Age table with threshold 6 (max threshold 6)
[2020-09-11T16:25:04.581+0000][1][gc,age       ] GC(21) - age   1:     903152 bytes,     903152 total
[2020-09-11T16:25:04.581+0000][1][gc,heap      ] GC(21) ParNew: 76482K->3724K(76672K)
[2020-09-11T16:25:04.581+0000][1][gc,heap      ] GC(21) CMS: 41230K->45539K(2011968K)
[2020-09-11T16:25:04.581+0000][1][gc,metaspace ] GC(21) Metaspace: 32426K->32426K(1079296K)
[2020-09-11T16:25:04.609+0000][1][gc           ] GC(21) Pause Young (Allocation Failure) 114M->48M(2039M) 275.841ms
[2020-09-11T16:25:04.609+0000][1][gc,cpu       ] GC(21) User=0.05s Sys=0.00s Real=0.27s
[2020-09-11T16:25:04.609+0000][1][safepoint    ] Safepoint "GenCollectForAllocation", Time since last: 384026306 ns, Reaching safepoint: 102761 ns, At safepoint: 275933272 ns, Total: 276036033 ns
[2020-09-11T16:25:05.621+0000][1][safepoint    ] Safepoint "Cleanup", Time since last: 1011984692 ns, Reaching safepoint: 104663 ns, At safepoint: 5584 ns, Total: 110247 ns
[2020-09-11T16:25:06.744+0000][1][gc,start     ] GC(22) Pause Young (Allocation Failure)
[2020-09-11T16:25:06.744+0000][1][gc,task      ] GC(22) Using 1 workers of 1 for evacuation
[2020-09-11T16:25:06.841+0000][1][gc,age       ] GC(22) Desired survivor size 4358144 bytes, new threshold 6 (max threshold 6)
[2020-09-11T16:25:06.869+0000][1][gc,age       ] GC(22) Age table with threshold 6 (max threshold 6)
[2020-09-11T16:25:06.869+0000][1][gc,age       ] GC(22) - age   1:     250344 bytes,     250344 total
[2020-09-11T16:25:06.869+0000][1][gc,age       ] GC(22) - age   2:     438448 bytes,     688792 total
[2020-09-11T16:25:06.869+0000][1][gc,heap      ] GC(22) ParNew: 71884K->1151K(76672K)
[2020-09-11T16:25:06.869+0000][1][gc,heap      ] GC(22) CMS: 45539K->45539K(2011968K)
[2020-09-11T16:25:06.869+0000][1][gc,metaspace ] GC(22) Metaspace: 32438K->32438K(1079296K)
[2020-09-11T16:25:06.869+0000][1][gc           ] GC(22) Pause Young (Allocation Failure) 114M->45M(2039M) 125.018ms
[2020-09-11T16:25:06.869+0000][1][gc,cpu       ] GC(22) User=0.03s Sys=0.00s Real=0.12s
[2020-09-11T16:25:06.869+0000][1][safepoint    ] Safepoint "GenCollectForAllocation", Time since last: 1122770224 ns, Reaching safepoint: 111204 ns, At safepoint: 125079814 ns, Total: 125191018 ns
[2020-09-11T16:25:07.869+0000][1][gc,start     ] GC(23) Pause Young (Allocation Failure)
[2020-09-11T16:25:07.869+0000][1][gc,task      ] GC(23) Using 1 workers of 1 for evacuation
[2020-09-11T16:25:07.933+0000][1][gc,age       ] GC(23) Desired survivor size 4358144 bytes, new threshold 6 (max threshold 6)
[2020-09-11T16:25:07.933+0000][1][gc,age       ] GC(23) Age table with threshold 6 (max threshold 6)
[2020-09-11T16:25:07.933+0000][1][gc,age       ] GC(23) - age   1:        240 bytes,        240 total
[2020-09-11T16:25:07.933+0000][1][gc,age       ] GC(23) - age   2:     250176 bytes,     250416 total
[2020-09-11T16:25:07.933+0000][1][gc,age       ] GC(23) - age   3:     438448 bytes,     688864 total
[2020-09-11T16:25:07.933+0000][1][gc,heap      ] GC(23) ParNew: 69311K->1080K(76672K)
[2020-09-11T16:25:07.933+0000][1][gc,heap      ] GC(23) CMS: 45539K->45539K(2011968K)
[2020-09-11T16:25:07.933+0000][1][gc,metaspace ] GC(23) Metaspace: 32439K->32439K(1079296K)
[2020-09-11T16:25:07.933+0000][1][gc           ] GC(23) Pause Young (Allocation Failure) 112M->45M(2039M) 64.177ms
[2020-09-11T16:25:07.933+0000][1][gc,cpu       ] GC(23) User=0.01s Sys=0.00s Real=0.07s
[2020-09-11T16:25:07.936+0000][1][safepoint    ] Safepoint "GenCollectForAllocation", Time since last: 991895568 ns, Reaching safepoint: 7955873 ns, At safepoint: 67380113 ns, Total: 75335986 ns
[2020-09-11T16:25:08.621+0000][1][gc,start     ] GC(24) Pause Young (Allocation Failure)
[2020-09-11T16:25:08.621+0000][1][gc,task      ] GC(24) Using 1 workers of 1 for evacuation
[2020-09-11T16:25:08.742+0000][1][gc,age       ] GC(24) Desired survivor size 4358144 bytes, new threshold 6 (max threshold 6)
[2020-09-11T16:25:08.742+0000][1][gc,age       ] GC(24) Age table with threshold 6 (max threshold 6)
[2020-09-11T16:25:08.742+0000][1][gc,age       ] GC(24) - age   1:        208 bytes,        208 total
[2020-09-11T16:25:08.742+0000][1][gc,age       ] GC(24) - age   3:     250176 bytes,     250384 total
[2020-09-11T16:25:08.742+0000][1][gc,age       ] GC(24) - age   4:     438448 bytes,     688832 total
[2020-09-11T16:25:08.742+0000][1][gc,heap      ] GC(24) ParNew: 69240K->1279K(76672K)
[2020-09-11T16:25:08.742+0000][1][gc,heap      ] GC(24) CMS: 45539K->45539K(2011968K)
[2020-09-11T16:25:08.742+0000][1][gc,metaspace ] GC(24) Metaspace: 32443K->32443K(1079296K)
[2020-09-11T16:25:08.742+0000][1][gc           ] GC(24) Pause Young (Allocation Failure) 112M->45M(2039M) 121.248ms
[2020-09-11T16:25:08.742+0000][1][gc,cpu       ] GC(24) User=0.03s Sys=0.00s Real=0.12s
[2020-09-11T16:25:08.742+0000][1][safepoint    ] Safepoint "GenCollectForAllocation", Time since last: 684590247 ns, Reaching safepoint: 112169 ns, At safepoint: 121327469 ns, Total: 121439638 ns
[2020-09-11T16:25:09.223+0000][1][gc,start     ] GC(25) Pause Young (Allocation Failure)
[2020-09-11T16:25:09.223+0000][1][gc,task      ] GC(25) Using 1 workers of 1 for evacuation
[2020-09-11T16:25:09.354+0000][1][gc,age       ] GC(25) Desired survivor size 4358144 bytes, new threshold 6 (max threshold 6)
[2020-09-11T16:25:09.354+0000][1][gc,age       ] GC(25) Age table with threshold 6 (max threshold 6)
[2020-09-11T16:25:09.354+0000][1][gc,age       ] GC(25) - age   1:        240 bytes,        240 total
[2020-09-11T16:25:09.354+0000][1][gc,age       ] GC(25) - age   4:     250176 bytes,     250416 total
[2020-09-11T16:25:09.354+0000][1][gc,age       ] GC(25) - age   5:     438448 bytes,     688864 total
[2020-09-11T16:25:09.354+0000][1][gc,heap      ] GC(25) ParNew: 69439K->824K(76672K)
[2020-09-11T16:25:09.354+0000][1][gc,heap      ] GC(25) CMS: 45539K->45539K(2011968K)
[2020-09-11T16:25:09.354+0000][1][gc,metaspace ] GC(25) Metaspace: 32443K->32443K(1079296K)
[2020-09-11T16:25:09.354+0000][1][gc           ] GC(25) Pause Young (Allocation Failure) 112M->45M(2039M) 131.204ms
[2020-09-11T16:25:09.354+0000][1][gc,cpu       ] GC(25) User=0.03s Sys=0.00s Real=0.13s
[2020-09-11T16:25:09.373+0000][1][safepoint    ] Safepoint "GenCollectForAllocation", Time since last: 480763889 ns, Reaching safepoint: 63443 ns, At safepoint: 149741680 ns, Total: 149805123 ns
[2020-09-11T16:25:09.869+0000][1][gc,start     ] GC(26) Pause Young (Allocation Failure)
[2020-09-11T16:25:09.869+0000][1][gc,task      ] GC(26) Using 1 workers of 1 for evacuation
[2020-09-11T16:25:09.962+0000][1][gc,age       ] GC(26) Desired survivor size 4358144 bytes, new threshold 6 (max threshold 6)
[2020-09-11T16:25:09.962+0000][1][gc,age       ] GC(26) Age table with threshold 6 (max threshold 6)
[2020-09-11T16:25:09.962+0000][1][gc,age       ] GC(26) - age   1:        224 bytes,        224 total
[2020-09-11T16:25:09.962+0000][1][gc,age       ] GC(26) - age   5:     250176 bytes,     250400 total
[2020-09-11T16:25:09.962+0000][1][gc,age       ] GC(26) - age   6:     438448 bytes,     688848 total
[2020-09-11T16:25:09.962+0000][1][gc,heap      ] GC(26) ParNew: 68984K->1215K(76672K)
[2020-09-11T16:25:09.962+0000][1][gc,heap      ] GC(26) CMS: 45539K->45539K(2011968K)
[2020-09-11T16:25:09.962+0000][1][gc,metaspace ] GC(26) Metaspace: 32443K->32443K(1079296K)
[2020-09-11T16:25:09.962+0000][1][gc           ] GC(26) Pause Young (Allocation Failure) 111M->45M(2039M) 92.950ms
[2020-09-11T16:25:09.962+0000][1][gc,cpu       ] GC(26) User=0.03s Sys=0.00s Real=0.10s
[2020-09-11T16:25:09.990+0000][1][safepoint    ] Safepoint "GenCollectForAllocation", Time since last: 496347019 ns, Reaching safepoint: 97595 ns, At safepoint: 120605275 ns, Total: 120702870 ns
[2020-09-11T16:25:10.454+0000][1][gc,start     ] GC(27) Pause Young (Allocation Failure)
[2020-09-11T16:25:10.454+0000][1][gc,task      ] GC(27) Using 1 workers of 1 for evacuation
[2020-09-11T16:25:10.526+0000][1][gc,age       ] GC(27) Desired survivor size 4358144 bytes, new threshold 6 (max threshold 6)
[2020-09-11T16:25:10.526+0000][1][gc,age       ] GC(27) Age table with threshold 6 (max threshold 6)
[2020-09-11T16:25:10.526+0000][1][gc,age       ] GC(27) - age   1:        224 bytes,        224 total
[2020-09-11T16:25:10.526+0000][1][gc,age       ] GC(27) - age   6:     250176 bytes,     250400 total
[2020-09-11T16:25:10.526+0000][1][gc,heap      ] GC(27) ParNew: 69375K->404K(76672K)
[2020-09-11T16:25:10.526+0000][1][gc,heap      ] GC(27) CMS: 45539K->45968K(2011968K)
[2020-09-11T16:25:10.526+0000][1][gc,metaspace ] GC(27) Metaspace: 32443K->32443K(1079296K)
[2020-09-11T16:25:10.526+0000][1][gc           ] GC(27) Pause Young (Allocation Failure) 112M->45M(2039M) 71.979ms
[2020-09-11T16:25:10.526+0000][1][gc,cpu       ] GC(27) User=0.02s Sys=0.00s Real=0.07s
[2020-09-11T16:25:10.565+0000][1][safepoint    ] Safepoint "GenCollectForAllocation", Time since last: 463739362 ns, Reaching safepoint: 160098 ns, At safepoint: 111060266 ns, Total: 111220364 ns
[2020-09-11T16:25:10.886+0000][1][gc,start     ] GC(28) Pause Young (Allocation Failure)
[2020-09-11T16:25:10.886+0000][1][gc,task      ] GC(28) Using 1 workers of 1 for evacuation
[2020-09-11T16:25:10.946+0000][1][gc,age       ] GC(28) Desired survivor size 4358144 bytes, new threshold 6 (max threshold 6)
[2020-09-11T16:25:10.946+0000][1][gc,age       ] GC(28) Age table with threshold 6 (max threshold 6)
[2020-09-11T16:25:10.946+0000][1][gc,age       ] GC(28) - age   1:        280 bytes,        280 total
[2020-09-11T16:25:10.946+0000][1][gc,heap      ] GC(28) ParNew: 68564K->284K(76672K)
[2020-09-11T16:25:10.946+0000][1][gc,heap      ] GC(28) CMS: 45968K->46212K(2011968K)
[2020-09-11T16:25:10.946+0000][1][gc,metaspace ] GC(28) Metaspace: 32443K->32443K(1079296K)
[2020-09-11T16:25:10.946+0000][1][gc           ] GC(28) Pause Young (Allocation Failure) 111M->45M(2039M) 59.604ms
[2020-09-11T16:25:10.946+0000][1][gc,cpu       ] GC(28) User=0.01s Sys=0.00s Real=0.06s
[2020-09-11T16:25:10.953+0000][1][safepoint    ] Safepoint "GenCollectForAllocation", Time since last: 320023341 ns, Reaching safepoint: 1606647 ns, At safepoint: 66386379 ns, Total: 67993026 ns
[2020-09-11T16:25:11.149+0000][1][gc,start     ] GC(29) Pause Young (Allocation Failure)
[2020-09-11T16:25:11.149+0000][1][gc,task      ] GC(29) Using 1 workers of 1 for evacuation
[2020-09-11T16:25:11.206+0000][1][gc,age       ] GC(29) Desired survivor size 4358144 bytes, new threshold 6 (max threshold 6)
[2020-09-11T16:25:11.206+0000][1][gc,age       ] GC(29) Age table with threshold 6 (max threshold 6)
[2020-09-11T16:25:11.206+0000][1][gc,age       ] GC(29) - age   1:        224 bytes,        224 total
[2020-09-11T16:25:11.206+0000][1][gc,age       ] GC(29) - age   2:         72 bytes,        296 total
[2020-09-11T16:25:11.206+0000][1][gc,heap      ] GC(29) ParNew: 68444K->71K(76672K)
[2020-09-11T16:25:11.206+0000][1][gc,heap      ] GC(29) CMS: 46212K->46212K(2011968K)
[2020-09-11T16:25:11.206+0000][1][gc,metaspace ] GC(29) Metaspace: 32443K->32443K(1079296K)
[2020-09-11T16:25:11.206+0000][1][gc           ] GC(29) Pause Young (Allocation Failure) 111M->45M(2039M) 57.000ms
[2020-09-11T16:25:11.206+0000][1][gc,cpu       ] GC(29) User=0.01s Sys=0.00s Real=0.06s
[2020-09-11T16:25:11.206+0000][1][safepoint    ] Safepoint "GenCollectForAllocation", Time since last: 192067801 ns, Reaching safepoint: 3912864 ns, At safepoint: 57079330 ns, Total: 60992194 ns
[2020-09-11T16:25:11.400+0000][1][gc,start     ] GC(30) Pause Young (Allocation Failure)
[2020-09-11T16:25:11.400+0000][1][gc,task      ] GC(30) Using 1 workers of 1 for evacuation
[2020-09-11T16:25:11.444+0000][1][gc,age       ] GC(30) Desired survivor size 4358144 bytes, new threshold 6 (max threshold 6)
[2020-09-11T16:25:11.445+0000][1][gc,age       ] GC(30) Age table with threshold 6 (max threshold 6)
[2020-09-11T16:25:11.445+0000][1][gc,age       ] GC(30) - age   1:        152 bytes,        152 total
[2020-09-11T16:25:11.445+0000][1][gc,age       ] GC(30) - age   3:         72 bytes,        224 total
[2020-09-11T16:25:11.445+0000][1][gc,heap      ] GC(30) ParNew: 68231K->17K(76672K)
[2020-09-11T16:25:11.445+0000][1][gc,heap      ] GC(30) CMS: 46212K->46212K(2011968K)
[2020-09-11T16:25:11.445+0000][1][gc,metaspace ] GC(30) Metaspace: 32443K->32443K(1079296K)
[2020-09-11T16:25:11.445+0000][1][gc           ] GC(30) Pause Young (Allocation Failure) 111M->45M(2039M) 44.593ms
[2020-09-11T16:25:11.445+0000][1][gc,cpu       ] GC(30) User=0.01s Sys=0.00s Real=0.05s
[2020-09-11T16:25:11.458+0000][1][safepoint    ] Safepoint "GenCollectForAllocation", Time since last: 194037392 ns, Reaching safepoint: 106764 ns, At safepoint: 58245904 ns, Total: 58352668 ns
[2020-09-11T16:25:11.681+0000][1][gc,start     ] GC(31) Pause Young (Allocation Failure)
[2020-09-11T16:25:11.681+0000][1][gc,task      ] GC(31) Using 1 workers of 1 for evacuation
[2020-09-11T16:25:11.736+0000][1][gc,age       ] GC(31) Desired survivor size 4358144 bytes, new threshold 6 (max threshold 6)
[2020-09-11T16:25:11.736+0000][1][gc,age       ] GC(31) Age table with threshold 6 (max threshold 6)
[2020-09-11T16:25:11.736+0000][1][gc,age       ] GC(31) - age   1:         56 bytes,         56 total
[2020-09-11T16:25:11.736+0000][1][gc,age       ] GC(31) - age   4:         72 bytes,        128 total
[2020-09-11T16:25:11.736+0000][1][gc,heap      ] GC(31) ParNew: 68177K->4K(76672K)
[2020-09-11T16:25:11.736+0000][1][gc,heap      ] GC(31) CMS: 46212K->46212K(2011968K)
[2020-09-11T16:25:11.736+0000][1][gc,metaspace ] GC(31) Metaspace: 32443K->32443K(1079296K)
[2020-09-11T16:25:11.736+0000][1][gc           ] GC(31) Pause Young (Allocation Failure) 111M->45M(2039M) 54.780ms
[2020-09-11T16:25:11.736+0000][1][gc,cpu       ] GC(31) User=0.02s Sys=0.00s Real=0.05s
[2020-09-11T16:25:11.745+0000][1][safepoint    ] Safepoint "GenCollectForAllocation", Time since last: 222548091 ns, Reaching safepoint: 112265 ns, At safepoint: 63895147 ns, Total: 64007412 ns
[2020-09-11T16:25:11.945+0000][1][gc,start     ] GC(32) Pause Young (Allocation Failure)
[2020-09-11T16:25:11.945+0000][1][gc,task      ] GC(32) Using 1 workers of 1 for evacuation
[2020-09-11T16:25:12.002+0000][1][gc,age       ] GC(32) Desired survivor size 4358144 bytes, new threshold 6 (max threshold 6)
[2020-09-11T16:25:12.002+0000][1][gc,age       ] GC(32) Age table with threshold 6 (max threshold 6)
[2020-09-11T16:25:12.002+0000][1][gc,age       ] GC(32) - age   1:        128 bytes,        128 total
[2020-09-11T16:25:12.002+0000][1][gc,age       ] GC(32) - age   5:         72 bytes,        200 total
[2020-09-11T16:25:12.002+0000][1][gc,heap      ] GC(32) ParNew: 68164K->2K(76672K)
[2020-09-11T16:25:12.002+0000][1][gc,heap      ] GC(32) CMS: 46212K->46212K(2011968K)
[2020-09-11T16:25:12.002+0000][1][gc,metaspace ] GC(32) Metaspace: 32443K->32443K(1079296K)
[2020-09-11T16:25:12.002+0000][1][gc           ] GC(32) Pause Young (Allocation Failure) 111M->45M(2039M) 56.897ms
[2020-09-11T16:25:12.002+0000][1][gc,cpu       ] GC(32) User=0.01s Sys=0.00s Real=0.06s
[2020-09-11T16:25:12.002+0000][1][safepoint    ] Safepoint "GenCollectForAllocation", Time since last: 196529437 ns, Reaching safepoint: 3497057 ns, At safepoint: 56952131 ns, Total: 60449188 ns
[2020-09-11T16:25:12.209+0000][1][gc,start     ] GC(33) Pause Young (Allocation Failure)
[2020-09-11T16:25:12.209+0000][1][gc,task      ] GC(33) Using 1 workers of 1 for evacuation
[2020-09-11T16:25:12.256+0000][1][gc,age       ] GC(33) Desired survivor size 4358144 bytes, new threshold 6 (max threshold 6)
[2020-09-11T16:25:12.256+0000][1][gc,age       ] GC(33) Age table with threshold 6 (max threshold 6)
[2020-09-11T16:25:12.256+0000][1][gc,age       ] GC(33) - age   1:        160 bytes,        160 total
[2020-09-11T16:25:12.256+0000][1][gc,age       ] GC(33) - age   6:         72 bytes,        232 total
[2020-09-11T16:25:12.256+0000][1][gc,heap      ] GC(33) ParNew: 68162K->2K(76672K)
[2020-09-11T16:25:12.256+0000][1][gc,heap      ] GC(33) CMS: 46212K->46212K(2011968K)
[2020-09-11T16:25:12.256+0000][1][gc,metaspace ] GC(33) Metaspace: 32443K->32443K(1079296K)
[2020-09-11T16:25:12.256+0000][1][gc           ] GC(33) Pause Young (Allocation Failure) 111M->45M(2039M) 47.136ms
[2020-09-11T16:25:12.256+0000][1][gc,cpu       ] GC(33) User=0.01s Sys=0.00s Real=0.05s
[2020-09-11T16:25:12.269+0000][1][safepoint    ] Safepoint "GenCollectForAllocation", Time since last: 203588194 ns, Reaching safepoint: 3416820 ns, At safepoint: 60063536 ns, Total: 63480356 ns
[2020-09-11T16:25:13.308+0000][1][safepoint    ] Safepoint "Cleanup", Time since last: 1018941832 ns, Reaching safepoint: 19881552 ns, At safepoint: 12923 ns, Total: 19894475 ns
[2020-09-11T16:25:14.354+0000][1][safepoint    ] Safepoint "Cleanup", Time since last: 1045077849 ns, Reaching safepoint: 854251 ns, At safepoint: 6303 ns, Total: 860554 ns
[2020-09-11T16:25:15.355+0000][1][safepoint    ] Safepoint "Cleanup", Time since last: 1001220435 ns, Reaching safepoint: 117047 ns, At safepoint: 5438 ns, Total: 122485 ns
[2020-09-11T16:25:16.381+0000][1][safepoint    ] Safepoint "Cleanup", Time since last: 1009799375 ns, Reaching safepoint: 16019212 ns, At safepoint: 10254 ns, Total: 16029466 ns
[2020-09-11T16:25:17.397+0000][1][safepoint    ] Safepoint "Cleanup", Time since last: 1015968830 ns, Reaching safepoint: 130368 ns, At safepoint: 7127 ns, Total: 137495 ns
[2020-09-11T16:25:17.841+0000][1][gc,start     ] GC(34) Pause Young (Allocation Failure)
[2020-09-11T16:25:17.841+0000][1][gc,task      ] GC(34) Using 1 workers of 1 for evacuation
[2020-09-11T16:25:17.958+0000][1][gc,age       ] GC(34) Desired survivor size 4358144 bytes, new threshold 6 (max threshold 6)
[2020-09-11T16:25:17.958+0000][1][gc,age       ] GC(34) Age table with threshold 6 (max threshold 6)
[2020-09-11T16:25:17.958+0000][1][gc,age       ] GC(34) - age   1:     244024 bytes,     244024 total
[2020-09-11T16:25:17.958+0000][1][gc,heap      ] GC(34) ParNew: 68162K->240K(76672K)
[2020-09-11T16:25:17.958+0000][1][gc,heap      ] GC(34) CMS: 46212K->46212K(2011968K)
[2020-09-11T16:25:17.958+0000][1][gc,metaspace ] GC(34) Metaspace: 32463K->32463K(1079296K)
[2020-09-11T16:25:17.958+0000][1][gc           ] GC(34) Pause Young (Allocation Failure) 111M->45M(2039M) 117.462ms
[2020-09-11T16:25:17.958+0000][1][gc,cpu       ] GC(34) User=0.02s Sys=0.00s Real=0.11s
[2020-09-11T16:25:17.977+0000][1][safepoint    ] Safepoint "GenCollectForAllocation", Time since last: 443882776 ns, Reaching safepoint: 108208 ns, At safepoint: 135907505 ns, Total: 136015713 ns
[2020-09-11T16:25:21.006+0000][1][gc,start     ] GC(35) Pause Young (Allocation Failure)
[2020-09-11T16:25:21.006+0000][1][gc,task      ] GC(35) Using 1 workers of 1 for evacuation
[2020-09-11T16:25:21.107+0000][1][gc,age       ] GC(35) Desired survivor size 4358144 bytes, new threshold 6 (max threshold 6)
[2020-09-11T16:25:21.107+0000][1][gc,age       ] GC(35) Age table with threshold 6 (max threshold 6)
[2020-09-11T16:25:21.107+0000][1][gc,age       ] GC(35) - age   1:     512528 bytes,     512528 total
[2020-09-11T16:25:21.107+0000][1][gc,age       ] GC(35) - age   2:     151480 bytes,     664008 total
[2020-09-11T16:25:21.107+0000][1][gc,heap      ] GC(35) ParNew: 68400K->651K(76672K)
[2020-09-11T16:25:21.107+0000][1][gc,heap      ] GC(35) CMS: 46212K->46212K(2011968K)
[2020-09-11T16:25:21.107+0000][1][gc,metaspace ] GC(35) Metaspace: 32463K->32463K(1079296K)
[2020-09-11T16:25:21.107+0000][1][gc           ] GC(35) Pause Young (Allocation Failure) 111M->45M(2039M) 101.416ms
[2020-09-11T16:25:21.107+0000][1][gc,cpu       ] GC(35) User=0.02s Sys=0.00s Real=0.10s
[2020-09-11T16:25:21.137+0000][1][safepoint    ] Safepoint "GenCollectForAllocation", Time since last: 3028898325 ns, Reaching safepoint: 92754 ns, At safepoint: 131021171 ns, Total: 131113925 ns
[2020-09-11T16:25:23.144+0000][1][gc,start     ] GC(36) Pause Young (Allocation Failure)
[2020-09-11T16:25:23.144+0000][1][gc,task      ] GC(36) Using 1 workers of 1 for evacuation
[2020-09-11T16:25:23.227+0000][1][gc,age       ] GC(36) Desired survivor size 4358144 bytes, new threshold 6 (max threshold 6)
[2020-09-11T16:25:23.227+0000][1][gc,age       ] GC(36) Age table with threshold 6 (max threshold 6)
[2020-09-11T16:25:23.227+0000][1][gc,age       ] GC(36) - age   1:     642432 bytes,     642432 total
[2020-09-11T16:25:23.227+0000][1][gc,age       ] GC(36) - age   2:     340544 bytes,     982976 total
[2020-09-11T16:25:23.228+0000][1][gc,age       ] GC(36) - age   3:     150896 bytes,    1133872 total
[2020-09-11T16:25:23.228+0000][1][gc,heap      ] GC(36) ParNew: 68811K->1128K(76672K)
[2020-09-11T16:25:23.228+0000][1][gc,heap      ] GC(36) CMS: 46212K->46212K(2011968K)
[2020-09-11T16:25:23.228+0000][1][gc,metaspace ] GC(36) Metaspace: 32464K->32464K(1079296K)
[2020-09-11T16:25:23.228+0000][1][gc           ] GC(36) Pause Young (Allocation Failure) 112M->46M(2039M) 84.032ms
[2020-09-11T16:25:23.228+0000][1][gc,cpu       ] GC(36) User=0.01s Sys=0.00s Real=0.08s
[2020-09-11T16:25:23.257+0000][1][safepoint    ] Safepoint "GenCollectForAllocation", Time since last: 2006608137 ns, Reaching safepoint: 95868 ns, At safepoint: 113254759 ns, Total: 113350627 ns
[2020-09-11T16:25:24.749+0000][1][gc,start     ] GC(37) Pause Young (Allocation Failure)
[2020-09-11T16:25:24.749+0000][1][gc,task      ] GC(37) Using 1 workers of 1 for evacuation
[2020-09-11T16:25:24.867+0000][1][gc,age       ] GC(37) Desired survivor size 4358144 bytes, new threshold 6 (max threshold 6)
[2020-09-11T16:25:24.867+0000][1][gc,age       ] GC(37) Age table with threshold 6 (max threshold 6)
[2020-09-11T16:25:24.867+0000][1][gc,age       ] GC(37) - age   1:     277488 bytes,     277488 total
[2020-09-11T16:25:24.867+0000][1][gc,age       ] GC(37) - age   2:     629296 bytes,     906784 total
[2020-09-11T16:25:24.867+0000][1][gc,age       ] GC(37) - age   3:     340416 bytes,    1247200 total
[2020-09-11T16:25:24.867+0000][1][gc,age       ] GC(37) - age   4:     150512 bytes,    1397712 total
[2020-09-11T16:25:24.867+0000][1][gc,heap      ] GC(37) ParNew: 69288K->1430K(76672K)
[2020-09-11T16:25:24.867+0000][1][gc,heap      ] GC(37) CMS: 46212K->46212K(2011968K)
[2020-09-11T16:25:24.867+0000][1][gc,metaspace ] GC(37) Metaspace: 32464K->32464K(1079296K)
[2020-09-11T16:25:24.867+0000][1][gc           ] GC(37) Pause Young (Allocation Failure) 112M->46M(2039M) 118.122ms
[2020-09-11T16:25:24.867+0000][1][gc,cpu       ] GC(37) User=0.03s Sys=0.00s Real=0.12s
[2020-09-11T16:25:24.881+0000][1][safepoint    ] Safepoint "GenCollectForAllocation", Time since last: 1491997283 ns, Reaching safepoint: 135011 ns, At safepoint: 131860228 ns, Total: 131995239 ns
[2020-09-11T16:25:26.357+0000][1][gc,start     ] GC(38) Pause Young (Allocation Failure)
[2020-09-11T16:25:26.357+0000][1][gc,task      ] GC(38) Using 1 workers of 1 for evacuation
[2020-09-11T16:25:26.448+0000][1][gc,age       ] GC(38) Desired survivor size 4358144 bytes, new threshold 6 (max threshold 6)
[2020-09-11T16:25:26.448+0000][1][gc,age       ] GC(38) Age table with threshold 6 (max threshold 6)
[2020-09-11T16:25:26.448+0000][1][gc,age       ] GC(38) - age   1:     967040 bytes,     967040 total
[2020-09-11T16:25:26.448+0000][1][gc,age       ] GC(38) - age   2:     264696 bytes,    1231736 total
[2020-09-11T16:25:26.448+0000][1][gc,age       ] GC(38) - age   3:     297400 bytes,    1529136 total
[2020-09-11T16:25:26.448+0000][1][gc,age       ] GC(38) - age   4:     340416 bytes,    1869552 total
[2020-09-11T16:25:26.448+0000][1][gc,age       ] GC(38) - age   5:     150408 bytes,    2019960 total
[2020-09-11T16:25:26.448+0000][1][gc,heap      ] GC(38) ParNew: 69590K->2058K(76672K)
[2020-09-11T16:25:26.448+0000][1][gc,heap      ] GC(38) CMS: 46212K->46212K(2011968K)
[2020-09-11T16:25:26.448+0000][1][gc,metaspace ] GC(38) Metaspace: 32465K->32465K(1079296K)
[2020-09-11T16:25:26.448+0000][1][gc           ] GC(38) Pause Young (Allocation Failure) 113M->47M(2039M) 91.381ms
[2020-09-11T16:25:26.448+0000][1][gc,cpu       ] GC(38) User=0.02s Sys=0.00s Real=0.09s
[2020-09-11T16:25:26.489+0000][1][safepoint    ] Safepoint "GenCollectForAllocation", Time since last: 1476036855 ns, Reaching safepoint: 101665 ns, At safepoint: 131868174 ns, Total: 131969839 ns
[2020-09-11T16:25:27.569+0000][1][gc,start     ] GC(39) Pause Young (Allocation Failure)
[2020-09-11T16:25:27.569+0000][1][gc,task      ] GC(39) Using 1 workers of 1 for evacuation
[2020-09-11T16:25:27.696+0000][1][gc,age       ] GC(39) Desired survivor size 4358144 bytes, new threshold 6 (max threshold 6)
[2020-09-11T16:25:27.696+0000][1][gc,age       ] GC(39) Age table with threshold 6 (max threshold 6)
[2020-09-11T16:25:27.696+0000][1][gc,age       ] GC(39) - age   1:     311608 bytes,     311608 total
[2020-09-11T16:25:27.696+0000][1][gc,age       ] GC(39) - age   2:     955256 bytes,    1266864 total
[2020-09-11T16:25:27.696+0000][1][gc,age       ] GC(39) - age   3:     263544 bytes,    1530408 total
[2020-09-11T16:25:27.696+0000][1][gc,age       ] GC(39) - age   4:     296896 bytes,    1827304 total
[2020-09-11T16:25:27.696+0000][1][gc,age       ] GC(39) - age   5:     340000 bytes,    2167304 total
[2020-09-11T16:25:27.696+0000][1][gc,age       ] GC(39) - age   6:     150368 bytes,    2317672 total
[2020-09-11T16:25:27.696+0000][1][gc,heap      ] GC(39) ParNew: 70218K->2456K(76672K)
[2020-09-11T16:25:27.696+0000][1][gc,heap      ] GC(39) CMS: 46212K->46212K(2011968K)
[2020-09-11T16:25:27.696+0000][1][gc,metaspace ] GC(39) Metaspace: 32465K->32465K(1079296K)
[2020-09-11T16:25:27.696+0000][1][gc           ] GC(39) Pause Young (Allocation Failure) 113M->47M(2039M) 126.796ms
[2020-09-11T16:25:27.696+0000][1][gc,cpu       ] GC(39) User=0.03s Sys=0.00s Real=0.13s
[2020-09-11T16:25:27.717+0000][1][safepoint    ] Safepoint "GenCollectForAllocation", Time since last: 1080014806 ns, Reaching safepoint: 105026 ns, At safepoint: 147673086 ns, Total: 147778112 ns
[2020-09-11T16:25:27.905+0000][1][safepoint    ] Safepoint "RevokeBias", Time since last: 187923064 ns, Reaching safepoint: 96952 ns, At safepoint: 25937 ns, Total: 122889 ns
[2020-09-11T16:25:28.905+0000][1][safepoint    ] Safepoint "Cleanup", Time since last: 1000137275 ns, Reaching safepoint: 117597 ns, At safepoint: 6362 ns, Total: 123959 ns
[2020-09-11T16:25:29.045+0000][1][gc,start     ] GC(40) Pause Young (Allocation Failure)
[2020-09-11T16:25:29.045+0000][1][gc,task      ] GC(40) Using 1 workers of 1 for evacuation
[2020-09-11T16:25:29.157+0000][1][gc,age       ] GC(40) Desired survivor size 4358144 bytes, new threshold 6 (max threshold 6)
[2020-09-11T16:25:29.157+0000][1][gc,age       ] GC(40) Age table with threshold 6 (max threshold 6)
[2020-09-11T16:25:29.157+0000][1][gc,age       ] GC(40) - age   1:     381512 bytes,     381512 total
[2020-09-11T16:25:29.157+0000][1][gc,age       ] GC(40) - age   2:     300744 bytes,     682256 total
[2020-09-11T16:25:29.157+0000][1][gc,age       ] GC(40) - age   3:     954688 bytes,    1636944 total
[2020-09-11T16:25:29.157+0000][1][gc,age       ] GC(40) - age   4:     263312 bytes,    1900256 total
[2020-09-11T16:25:29.157+0000][1][gc,age       ] GC(40) - age   5:     296776 bytes,    2197032 total
[2020-09-11T16:25:29.157+0000][1][gc,age       ] GC(40) - age   6:     340000 bytes,    2537032 total
[2020-09-11T16:25:29.157+0000][1][gc,heap      ] GC(40) ParNew: 70616K->2580K(76672K)
[2020-09-11T16:25:29.157+0000][1][gc,heap      ] GC(40) CMS: 46212K->46357K(2011968K)
[2020-09-11T16:25:29.157+0000][1][gc,metaspace ] GC(40) Metaspace: 32468K->32468K(1079296K)
[2020-09-11T16:25:29.157+0000][1][gc           ] GC(40) Pause Young (Allocation Failure) 114M->47M(2039M) 111.825ms
[2020-09-11T16:25:29.189+0000][1][gc,cpu       ] GC(40) User=0.03s Sys=0.01s Real=0.11s
[2020-09-11T16:25:29.189+0000][1][safepoint    ] Safepoint "GenCollectForAllocation", Time since last: 139900064 ns, Reaching safepoint: 108782 ns, At safepoint: 143984479 ns, Total: 144093261 ns
[2020-09-11T16:25:30.023+0000][1][gc,start     ] GC(41) Pause Young (Allocation Failure)
[2020-09-11T16:25:30.023+0000][1][gc,task      ] GC(41) Using 1 workers of 1 for evacuation
[2020-09-11T16:25:30.106+0000][1][gc,age       ] GC(41) Desired survivor size 4358144 bytes, new threshold 6 (max threshold 6)
[2020-09-11T16:25:30.106+0000][1][gc,age       ] GC(41) Age table with threshold 6 (max threshold 6)
[2020-09-11T16:25:30.106+0000][1][gc,age       ] GC(41) - age   1:        208 bytes,        208 total
[2020-09-11T16:25:30.106+0000][1][gc,age       ] GC(41) - age   2:     381208 bytes,     381416 total
[2020-09-11T16:25:30.106+0000][1][gc,age       ] GC(41) - age   3:     300744 bytes,     682160 total
[2020-09-11T16:25:30.106+0000][1][gc,age       ] GC(41) - age   4:     954688 bytes,    1636848 total
[2020-09-11T16:25:30.106+0000][1][gc,age       ] GC(41) - age   5:     263312 bytes,    1900160 total
[2020-09-11T16:25:30.106+0000][1][gc,age       ] GC(41) - age   6:     296776 bytes,    2196936 total
[2020-09-11T16:25:30.106+0000][1][gc,heap      ] GC(41) ParNew: 70740K->3571K(76672K)
[2020-09-11T16:25:30.106+0000][1][gc,heap      ] GC(41) CMS: 46357K->46689K(2011968K)
[2020-09-11T16:25:30.106+0000][1][gc,metaspace ] GC(41) Metaspace: 32468K->32468K(1079296K)
[2020-09-11T16:25:30.106+0000][1][gc           ] GC(41) Pause Young (Allocation Failure) 114M->49M(2039M) 83.206ms
[2020-09-11T16:25:30.106+0000][1][gc,cpu       ] GC(41) User=0.01s Sys=0.00s Real=0.08s
[2020-09-11T16:25:30.139+0000][1][safepoint    ] Safepoint "GenCollectForAllocation", Time since last: 834105611 ns, Reaching safepoint: 105469 ns, At safepoint: 115425342 ns, Total: 115530811 ns
[2020-09-11T16:25:30.728+0000][1][gc,start     ] GC(42) Pause Young (Allocation Failure)
[2020-09-11T16:25:30.728+0000][1][gc,task      ] GC(42) Using 1 workers of 1 for evacuation
[2020-09-11T16:25:30.861+0000][1][gc,age       ] GC(42) Desired survivor size 4358144 bytes, new threshold 6 (max threshold 6)
[2020-09-11T16:25:30.861+0000][1][gc,age       ] GC(42) Age table with threshold 6 (max threshold 6)
[2020-09-11T16:25:30.861+0000][1][gc,age       ] GC(42) - age   1:         40 bytes,         40 total
[2020-09-11T16:25:30.861+0000][1][gc,age       ] GC(42) - age   2:        160 bytes,        200 total
[2020-09-11T16:25:30.861+0000][1][gc,age       ] GC(42) - age   3:     381208 bytes,     381408 total
[2020-09-11T16:25:30.861+0000][1][gc,age       ] GC(42) - age   4:     300744 bytes,     682152 total
[2020-09-11T16:25:30.861+0000][1][gc,age       ] GC(42) - age   5:     954688 bytes,    1636840 total
[2020-09-11T16:25:30.861+0000][1][gc,age       ] GC(42) - age   6:     263312 bytes,    1900152 total
[2020-09-11T16:25:30.861+0000][1][gc,heap      ] GC(42) ParNew: 71731K->2744K(76672K)
[2020-09-11T16:25:30.861+0000][1][gc,heap      ] GC(42) CMS: 46689K->46978K(2011968K)
[2020-09-11T16:25:30.861+0000][1][gc,metaspace ] GC(42) Metaspace: 32468K->32468K(1079296K)
[2020-09-11T16:25:30.861+0000][1][gc           ] GC(42) Pause Young (Allocation Failure) 115M->48M(2039M) 133.621ms
[2020-09-11T16:25:30.861+0000][1][gc,cpu       ] GC(42) User=0.02s Sys=0.00s Real=0.14s
[2020-09-11T16:25:30.861+0000][1][safepoint    ] Safepoint "GenCollectForAllocation", Time since last: 588977670 ns, Reaching safepoint: 99875 ns, At safepoint: 133700934 ns, Total: 133800809 ns
[2020-09-11T16:25:31.455+0000][1][gc,start     ] GC(43) Pause Young (Allocation Failure)
[2020-09-11T16:25:31.455+0000][1][gc,task      ] GC(43) Using 1 workers of 1 for evacuation
[2020-09-11T16:25:31.582+0000][1][gc,age       ] GC(43) Desired survivor size 4358144 bytes, new threshold 6 (max threshold 6)
[2020-09-11T16:25:31.582+0000][1][gc,age       ] GC(43) Age table with threshold 6 (max threshold 6)
[2020-09-11T16:25:31.582+0000][1][gc,age       ] GC(43) - age   1:        216 bytes,        216 total
[2020-09-11T16:25:31.582+0000][1][gc,age       ] GC(43) - age   3:        160 bytes,        376 total
[2020-09-11T16:25:31.582+0000][1][gc,age       ] GC(43) - age   4:     381208 bytes,     381584 total
[2020-09-11T16:25:31.582+0000][1][gc,age       ] GC(43) - age   5:     300744 bytes,     682328 total
[2020-09-11T16:25:31.582+0000][1][gc,age       ] GC(43) - age   6:     954688 bytes,    1637016 total
[2020-09-11T16:25:31.582+0000][1][gc,heap      ] GC(43) ParNew: 70904K->1620K(76672K)
[2020-09-11T16:25:31.582+0000][1][gc,heap      ] GC(43) CMS: 46978K->47236K(2011968K)
[2020-09-11T16:25:31.582+0000][1][gc,metaspace ] GC(43) Metaspace: 32468K->32468K(1079296K)
[2020-09-11T16:25:31.582+0000][1][gc           ] GC(43) Pause Young (Allocation Failure) 115M->47M(2039M) 126.772ms
[2020-09-11T16:25:31.582+0000][1][gc,cpu       ] GC(43) User=0.02s Sys=0.00s Real=0.13s
[2020-09-11T16:25:31.589+0000][1][safepoint    ] Safepoint "GenCollectForAllocation", Time since last: 593805182 ns, Reaching safepoint: 101026 ns, At safepoint: 133609314 ns, Total: 133710340 ns
[2020-09-11T16:25:32.210+0000][1][gc,start     ] GC(44) Pause Young (Allocation Failure)
[2020-09-11T16:25:32.210+0000][1][gc,task      ] GC(44) Using 1 workers of 1 for evacuation
[2020-09-11T16:25:32.330+0000][1][gc,age       ] GC(44) Desired survivor size 4358144 bytes, new threshold 6 (max threshold 6)
[2020-09-11T16:25:32.330+0000][1][gc,age       ] GC(44) Age table with threshold 6 (max threshold 6)
[2020-09-11T16:25:32.330+0000][1][gc,age       ] GC(44) - age   1:        232 bytes,        232 total
[2020-09-11T16:25:32.330+0000][1][gc,age       ] GC(44) - age   4:        160 bytes,        392 total
[2020-09-11T16:25:32.330+0000][1][gc,age       ] GC(44) - age   5:     381208 bytes,     381600 total
[2020-09-11T16:25:32.330+0000][1][gc,age       ] GC(44) - age   6:     300744 bytes,     682344 total
[2020-09-11T16:25:32.330+0000][1][gc,heap      ] GC(44) ParNew: 69780K->1604K(76672K)
[2020-09-11T16:25:32.330+0000][1][gc,heap      ] GC(44) CMS: 47236K->48168K(2011968K)
[2020-09-11T16:25:32.330+0000][1][gc,metaspace ] GC(44) Metaspace: 32468K->32468K(1079296K)
[2020-09-11T16:25:32.330+0000][1][gc           ] GC(44) Pause Young (Allocation Failure) 114M->48M(2039M) 120.323ms
[2020-09-11T16:25:32.330+0000][1][gc,cpu       ] GC(44) User=0.02s Sys=0.00s Real=0.12s
[2020-09-11T16:25:32.339+0000][1][safepoint    ] Safepoint "GenCollectForAllocation", Time since last: 620654756 ns, Reaching safepoint: 98188 ns, At safepoint: 128963647 ns, Total: 129061835 ns
[2020-09-11T16:25:32.937+0000][1][gc,start     ] GC(45) Pause Young (Allocation Failure)
[2020-09-11T16:25:32.937+0000][1][gc,task      ] GC(45) Using 1 workers of 1 for evacuation
[2020-09-11T16:25:33.054+0000][1][gc,age       ] GC(45) Desired survivor size 4358144 bytes, new threshold 6 (max threshold 6)
[2020-09-11T16:25:33.054+0000][1][gc,age       ] GC(45) Age table with threshold 6 (max threshold 6)
[2020-09-11T16:25:33.054+0000][1][gc,age       ] GC(45) - age   1:        208 bytes,        208 total
[2020-09-11T16:25:33.054+0000][1][gc,age       ] GC(45) - age   5:        160 bytes,        368 total
[2020-09-11T16:25:33.054+0000][1][gc,age       ] GC(45) - age   6:     381208 bytes,     381576 total
[2020-09-11T16:25:33.054+0000][1][gc,heap      ] GC(45) ParNew: 69764K->650K(76672K)
[2020-09-11T16:25:33.054+0000][1][gc,heap      ] GC(45) CMS: 48168K->48462K(2011968K)
[2020-09-11T16:25:33.054+0000][1][gc,metaspace ] GC(45) Metaspace: 32468K->32468K(1079296K)
[2020-09-11T16:25:33.054+0000][1][gc           ] GC(45) Pause Young (Allocation Failure) 115M->47M(2039M) 116.983ms
[2020-09-11T16:25:33.054+0000][1][gc,cpu       ] GC(45) User=0.02s Sys=0.00s Real=0.12s
[2020-09-11T16:25:33.073+0000][1][safepoint    ] Safepoint "GenCollectForAllocation", Time since last: 598256360 ns, Reaching safepoint: 101805 ns, At safepoint: 135913069 ns, Total: 136014874 ns
[2020-09-11T16:25:33.685+0000][1][gc,start     ] GC(46) Pause Young (Allocation Failure)
[2020-09-11T16:25:33.685+0000][1][gc,task      ] GC(46) Using 1 workers of 1 for evacuation
[2020-09-11T16:25:33.752+0000][1][gc,age       ] GC(46) Desired survivor size 4358144 bytes, new threshold 6 (max threshold 6)
[2020-09-11T16:25:33.752+0000][1][gc,age       ] GC(46) Age table with threshold 6 (max threshold 6)
[2020-09-11T16:25:33.752+0000][1][gc,age       ] GC(46) - age   6:        160 bytes,        160 total
[2020-09-11T16:25:33.752+0000][1][gc,heap      ] GC(46) ParNew: 68810K->302K(76672K)
[2020-09-11T16:25:33.752+0000][1][gc,heap      ] GC(46) CMS: 48462K->48834K(2011968K)
[2020-09-11T16:25:33.752+0000][1][gc,metaspace ] GC(46) Metaspace: 32468K->32468K(1079296K)
[2020-09-11T16:25:33.752+0000][1][gc           ] GC(46) Pause Young (Allocation Failure) 114M->47M(2039M) 67.343ms
[2020-09-11T16:25:33.752+0000][1][gc,cpu       ] GC(46) User=0.01s Sys=0.00s Real=0.06s
[2020-09-11T16:25:33.769+0000][1][safepoint    ] Safepoint "GenCollectForAllocation", Time since last: 612004148 ns, Reaching safepoint: 101706 ns, At safepoint: 83923103 ns, Total: 84024809 ns
[2020-09-11T16:25:34.137+0000][1][gc,start     ] GC(47) Pause Young (Allocation Failure)
[2020-09-11T16:25:34.137+0000][1][gc,task      ] GC(47) Using 1 workers of 1 for evacuation
[2020-09-11T16:25:34.188+0000][1][gc,age       ] GC(47) Desired survivor size 4358144 bytes, new threshold 6 (max threshold 6)
[2020-09-11T16:25:34.188+0000][1][gc,age       ] GC(47) Age table with threshold 6 (max threshold 6)
[2020-09-11T16:25:34.188+0000][1][gc,age       ] GC(47) - age   1:         88 bytes,         88 total
[2020-09-11T16:25:34.188+0000][1][gc,heap      ] GC(47) ParNew: 68462K->75K(76672K)
[2020-09-11T16:25:34.188+0000][1][gc,heap      ] GC(47) CMS: 48834K->48834K(2011968K)
[2020-09-11T16:25:34.188+0000][1][gc,metaspace ] GC(47) Metaspace: 32468K->32468K(1079296K)
[2020-09-11T16:25:34.188+0000][1][gc           ] GC(47) Pause Young (Allocation Failure) 114M->47M(2039M) 51.290ms
[2020-09-11T16:25:34.188+0000][1][gc,cpu       ] GC(47) User=0.01s Sys=0.00s Real=0.05s
[2020-09-11T16:25:34.188+0000][1][safepoint    ] Safepoint "GenCollectForAllocation", Time since last: 364791859 ns, Reaching safepoint: 3192324 ns, At safepoint: 51369754 ns, Total: 54562078 ns
[2020-09-11T16:25:34.489+0000][1][gc,start     ] GC(48) Pause Young (Allocation Failure)
[2020-09-11T16:25:34.489+0000][1][gc,task      ] GC(48) Using 1 workers of 1 for evacuation
[2020-09-11T16:25:34.546+0000][1][gc,age       ] GC(48) Desired survivor size 4358144 bytes, new threshold 6 (max threshold 6)
[2020-09-11T16:25:34.546+0000][1][gc,age       ] GC(48) Age table with threshold 6 (max threshold 6)
[2020-09-11T16:25:34.546+0000][1][gc,age       ] GC(48) - age   1:        224 bytes,        224 total
[2020-09-11T16:25:34.546+0000][1][gc,heap      ] GC(48) ParNew: 68235K->18K(76672K)
[2020-09-11T16:25:34.546+0000][1][gc,heap      ] GC(48) CMS: 48834K->48834K(2011968K)
[2020-09-11T16:25:34.546+0000][1][gc,metaspace ] GC(48) Metaspace: 32468K->32468K(1079296K)
[2020-09-11T16:25:34.546+0000][1][gc           ] GC(48) Pause Young (Allocation Failure) 114M->47M(2039M) 57.601ms
[2020-09-11T16:25:34.546+0000][1][gc,cpu       ] GC(48) User=0.01s Sys=0.00s Real=0.06s
[2020-09-11T16:25:34.548+0000][1][safepoint    ] Safepoint "GenCollectForAllocation", Time since last: 300034451 ns, Reaching safepoint: 587947 ns, At safepoint: 59459584 ns, Total: 60047531 ns
[2020-09-11T16:25:34.835+0000][1][gc,start     ] GC(49) Pause Young (Allocation Failure)
[2020-09-11T16:25:34.835+0000][1][gc,task      ] GC(49) Using 1 workers of 1 for evacuation
[2020-09-11T16:25:34.886+0000][1][gc,age       ] GC(49) Desired survivor size 4358144 bytes, new threshold 6 (max threshold 6)
[2020-09-11T16:25:34.886+0000][1][gc,age       ] GC(49) Age table with threshold 6 (max threshold 6)
[2020-09-11T16:25:34.886+0000][1][gc,age       ] GC(49) - age   1:        224 bytes,        224 total
[2020-09-11T16:25:34.887+0000][1][gc,heap      ] GC(49) ParNew: 68178K->4K(76672K)
[2020-09-11T16:25:34.887+0000][1][gc,heap      ] GC(49) CMS: 48834K->48834K(2011968K)
[2020-09-11T16:25:34.887+0000][1][gc,metaspace ] GC(49) Metaspace: 32468K->32468K(1079296K)
[2020-09-11T16:25:34.887+0000][1][gc           ] GC(49) Pause Young (Allocation Failure) 114M->47M(2039M) 51.167ms
[2020-09-11T16:25:34.887+0000][1][gc,cpu       ] GC(49) User=0.01s Sys=0.00s Real=0.05s
[2020-09-11T16:25:34.893+0000][1][safepoint    ] Safepoint "GenCollectForAllocation", Time since last: 284529006 ns, Reaching safepoint: 2626570 ns, At safepoint: 57379379 ns, Total: 60005949 ns
[2020-09-11T16:25:35.929+0000][1][safepoint    ] Safepoint "Cleanup", Time since last: 1031980718 ns, Reaching safepoint: 4085553 ns, At safepoint: 14638 ns, Total: 4100191 ns
[2020-09-11T16:25:37.605+0000][1][gc,start     ] GC(50) Pause Young (Allocation Failure)
[2020-09-11T16:25:37.605+0000][1][gc,task      ] GC(50) Using 1 workers of 1 for evacuation
[2020-09-11T16:25:37.679+0000][1][gc,age       ] GC(50) Desired survivor size 4358144 bytes, new threshold 6 (max threshold 6)
[2020-09-11T16:25:37.679+0000][1][gc,age       ] GC(50) Age table with threshold 6 (max threshold 6)
[2020-09-11T16:25:37.679+0000][1][gc,age       ] GC(50) - age   1:      95920 bytes,      95920 total
[2020-09-11T16:25:37.679+0000][1][gc,heap      ] GC(50) ParNew: 68164K->95K(76672K)
[2020-09-11T16:25:37.679+0000][1][gc,heap      ] GC(50) CMS: 48834K->48834K(2011968K)
[2020-09-11T16:25:37.679+0000][1][gc,metaspace ] GC(50) Metaspace: 32470K->32470K(1079296K)
[2020-09-11T16:25:37.679+0000][1][gc           ] GC(50) Pause Young (Allocation Failure) 114M->47M(2039M) 73.984ms
[2020-09-11T16:25:37.679+0000][1][gc,cpu       ] GC(50) User=0.02s Sys=0.00s Real=0.07s
[2020-09-11T16:25:37.711+0000][1][safepoint    ] Safepoint "GenCollectForAllocation", Time since last: 1675923946 ns, Reaching safepoint: 121858 ns, At safepoint: 105859195 ns, Total: 105981053 ns
[2020-09-11T16:25:38.989+0000][1][gc,start     ] GC(51) Pause Young (Allocation Failure)
[2020-09-11T16:25:38.989+0000][1][gc,task      ] GC(51) Using 1 workers of 1 for evacuation
[2020-09-11T16:25:39.036+0000][1][gc,age       ] GC(51) Desired survivor size 4358144 bytes, new threshold 6 (max threshold 6)
[2020-09-11T16:25:39.036+0000][1][gc,age       ] GC(51) Age table with threshold 6 (max threshold 6)
[2020-09-11T16:25:39.036+0000][1][gc,age       ] GC(51) - age   1:     546056 bytes,     546056 total
[2020-09-11T16:25:39.036+0000][1][gc,age       ] GC(51) - age   2:      49144 bytes,     595200 total
[2020-09-11T16:25:39.036+0000][1][gc,heap      ] GC(51) ParNew: 68255K->596K(76672K)
[2020-09-11T16:25:39.036+0000][1][gc,heap      ] GC(51) CMS: 48834K->48834K(2011968K)
[2020-09-11T16:25:39.036+0000][1][gc,metaspace ] GC(51) Metaspace: 32470K->32470K(1079296K)
[2020-09-11T16:25:39.036+0000][1][gc           ] GC(51) Pause Young (Allocation Failure) 114M->48M(2039M) 47.113ms
[2020-09-11T16:25:39.036+0000][1][gc,cpu       ] GC(51) User=0.01s Sys=0.00s Real=0.05s
[2020-09-11T16:25:39.067+0000][1][safepoint    ] Safepoint "GenCollectForAllocation", Time since last: 1276527250 ns, Reaching safepoint: 1483635 ns, At safepoint: 78481310 ns, Total: 79964945 ns
[2020-09-11T16:25:39.951+0000][1][gc,start     ] GC(52) Pause Young (Allocation Failure)
[2020-09-11T16:25:39.951+0000][1][gc,task      ] GC(52) Using 1 workers of 1 for evacuation
[2020-09-11T16:25:40.000+0000][1][gc,age       ] GC(52) Desired survivor size 4358144 bytes, new threshold 6 (max threshold 6)
[2020-09-11T16:25:40.000+0000][1][gc,age       ] GC(52) Age table with threshold 6 (max threshold 6)
[2020-09-11T16:25:40.000+0000][1][gc,age       ] GC(52) - age   1:     645416 bytes,     645416 total
[2020-09-11T16:25:40.000+0000][1][gc,age       ] GC(52) - age   2:     374720 bytes,    1020136 total
[2020-09-11T16:25:40.000+0000][1][gc,age       ] GC(52) - age   3:      48392 bytes,    1068528 total
[2020-09-11T16:25:40.000+0000][1][gc,heap      ] GC(52) ParNew: 68756K->1069K(76672K)
[2020-09-11T16:25:40.000+0000][1][gc,heap      ] GC(52) CMS: 48834K->48834K(2011968K)
[2020-09-11T16:25:40.000+0000][1][gc,metaspace ] GC(52) Metaspace: 32470K->32470K(1079296K)
[2020-09-11T16:25:40.000+0000][1][gc           ] GC(52) Pause Young (Allocation Failure) 114M->48M(2039M) 49.424ms
[2020-09-11T16:25:40.000+0000][1][gc,cpu       ] GC(52) User=0.01s Sys=0.00s Real=0.05s
[2020-09-11T16:25:40.017+0000][1][safepoint    ] Safepoint "GenCollectForAllocation", Time since last: 881544278 ns, Reaching safepoint: 2093624 ns, At safepoint: 65912183 ns, Total: 68005807 ns
[2020-09-11T16:25:40.514+0000][1][gc,start     ] GC(53) Pause Young (Allocation Failure)
[2020-09-11T16:25:40.514+0000][1][gc,task      ] GC(53) Using 1 workers of 1 for evacuation
[2020-09-11T16:25:40.570+0000][1][gc,age       ] GC(53) Desired survivor size 4358144 bytes, new threshold 6 (max threshold 6)
[2020-09-11T16:25:40.570+0000][1][gc,age       ] GC(53) Age table with threshold 6 (max threshold 6)
[2020-09-11T16:25:40.570+0000][1][gc,age       ] GC(53) - age   1:     347352 bytes,     347352 total
[2020-09-11T16:25:40.570+0000][1][gc,age       ] GC(53) - age   2:     627960 bytes,     975312 total
[2020-09-11T16:25:40.570+0000][1][gc,age       ] GC(53) - age   3:     373936 bytes,    1349248 total
[2020-09-11T16:25:40.570+0000][1][gc,age       ] GC(53) - age   4:      48048 bytes,    1397296 total
[2020-09-11T16:25:40.570+0000][1][gc,heap      ] GC(53) ParNew: 69229K->1392K(76672K)
[2020-09-11T16:25:40.570+0000][1][gc,heap      ] GC(53) CMS: 48834K->48834K(2011968K)
[2020-09-11T16:25:40.570+0000][1][gc,metaspace ] GC(53) Metaspace: 32470K->32470K(1079296K)
[2020-09-11T16:25:40.570+0000][1][gc           ] GC(53) Pause Young (Allocation Failure) 115M->49M(2039M) 56.421ms
[2020-09-11T16:25:40.570+0000][1][gc,cpu       ] GC(53) User=0.01s Sys=0.00s Real=0.05s
[2020-09-11T16:25:40.570+0000][1][safepoint    ] Safepoint "GenCollectForAllocation", Time since last: 495963945 ns, Reaching safepoint: 822577 ns, At safepoint: 56497629 ns, Total: 57320206 ns
[2020-09-11T16:25:41.329+0000][1][gc,start     ] GC(54) Pause Young (Allocation Failure)
[2020-09-11T16:25:41.329+0000][1][gc,task      ] GC(54) Using 1 workers of 1 for evacuation
[2020-09-11T16:25:41.389+0000][1][gc,age       ] GC(54) Desired survivor size 4358144 bytes, new threshold 6 (max threshold 6)
[2020-09-11T16:25:41.389+0000][1][gc,age       ] GC(54) Age table with threshold 6 (max threshold 6)
[2020-09-11T16:25:41.389+0000][1][gc,age       ] GC(54) - age   1:     930336 bytes,     930336 total
[2020-09-11T16:25:41.389+0000][1][gc,age       ] GC(54) - age   2:     335640 bytes,    1265976 total
[2020-09-11T16:25:41.389+0000][1][gc,age       ] GC(54) - age   3:     299712 bytes,    1565688 total
[2020-09-11T16:25:41.389+0000][1][gc,age       ] GC(54) - age   4:     373776 bytes,    1939464 total
[2020-09-11T16:25:41.389+0000][1][gc,age       ] GC(54) - age   5:      48048 bytes,    1987512 total
[2020-09-11T16:25:41.389+0000][1][gc,heap      ] GC(54) ParNew: 69552K->2022K(76672K)
[2020-09-11T16:25:41.389+0000][1][gc,heap      ] GC(54) CMS: 48834K->48834K(2011968K)
[2020-09-11T16:25:41.389+0000][1][gc,metaspace ] GC(54) Metaspace: 32470K->32470K(1079296K)
[2020-09-11T16:25:41.389+0000][1][gc           ] GC(54) Pause Young (Allocation Failure) 115M->49M(2039M) 60.458ms
[2020-09-11T16:25:41.389+0000][1][gc,cpu       ] GC(54) User=0.01s Sys=0.00s Real=0.06s
[2020-09-11T16:25:41.389+0000][1][safepoint    ] Safepoint "GenCollectForAllocation", Time since last: 756684778 ns, Reaching safepoint: 2011204 ns, At safepoint: 60531693 ns, Total: 62542897 ns
[2020-09-11T16:25:42.313+0000][1][gc,start     ] GC(55) Pause Young (Allocation Failure)
[2020-09-11T16:25:42.313+0000][1][gc,task      ] GC(55) Using 1 workers of 1 for evacuation
[2020-09-11T16:25:42.422+0000][1][gc,age       ] GC(55) Desired survivor size 4358144 bytes, new threshold 6 (max threshold 6)
[2020-09-11T16:25:42.422+0000][1][gc,age       ] GC(55) Age table with threshold 6 (max threshold 6)
[2020-09-11T16:25:42.422+0000][1][gc,age       ] GC(55) - age   1:     313704 bytes,     313704 total
[2020-09-11T16:25:42.422+0000][1][gc,age       ] GC(55) - age   2:     918848 bytes,    1232552 total
[2020-09-11T16:25:42.422+0000][1][gc,age       ] GC(55) - age   3:     331280 bytes,    1563832 total
[2020-09-11T16:25:42.422+0000][1][gc,age       ] GC(55) - age   4:     299072 bytes,    1862904 total
[2020-09-11T16:25:42.422+0000][1][gc,age       ] GC(55) - age   5:     373624 bytes,    2236528 total
[2020-09-11T16:25:42.422+0000][1][gc,age       ] GC(55) - age   6:      48024 bytes,    2284552 total
[2020-09-11T16:25:42.422+0000][1][gc,heap      ] GC(55) ParNew: 70182K->2281K(76672K)
[2020-09-11T16:25:42.422+0000][1][gc,heap      ] GC(55) CMS: 48834K->48834K(2011968K)
[2020-09-11T16:25:42.422+0000][1][gc,metaspace ] GC(55) Metaspace: 32470K->32470K(1079296K)
[2020-09-11T16:25:42.422+0000][1][gc           ] GC(55) Pause Young (Allocation Failure) 116M->49M(2039M) 108.991ms
[2020-09-11T16:25:42.422+0000][1][gc,cpu       ] GC(55) User=0.03s Sys=0.00s Real=0.11s
[2020-09-11T16:25:42.422+0000][1][safepoint    ] Safepoint "GenCollectForAllocation", Time since last: 923488743 ns, Reaching safepoint: 113017 ns, At safepoint: 109532828 ns, Total: 109645845 ns
[2020-09-11T16:25:43.460+0000][1][safepoint    ] Safepoint "Cleanup", Time since last: 1037563387 ns, Reaching safepoint: 115046 ns, At safepoint: 5802 ns, Total: 120848 ns
[2020-09-11T16:25:44.210+0000][1][safepoint    ] Safepoint "Deoptimize", Time since last: 749475695 ns, Reaching safepoint: 103946 ns, At safepoint: 290323 ns, Total: 394269 ns
[2020-09-11T16:25:44.868+0000][1][safepoint    ] Safepoint "CollectForMetadataAllocation", Time since last: 658086817 ns, Reaching safepoint: 127327 ns, At safepoint: 129125 ns, Total: 256452 ns
[2020-09-11T16:25:45.031+0000][1][safepoint    ] Safepoint "CollectForMetadataAllocation", Time since last: 162534206 ns, Reaching safepoint: 103519 ns, At safepoint: 132985 ns, Total: 236504 ns
[2020-09-11T16:25:45.277+0000][1][safepoint    ] Safepoint "CollectForMetadataAllocation", Time since last: 236618034 ns, Reaching safepoint: 9092593 ns, At safepoint: 131539 ns, Total: 9224132 ns
[2020-09-11T16:25:45.364+0000][1][gc,start     ] GC(56) Pause Young (Allocation Failure)
[2020-09-11T16:25:45.364+0000][1][gc,task      ] GC(56) Using 1 workers of 1 for evacuation
[2020-09-11T16:25:45.530+0000][1][gc,age       ] GC(56) Desired survivor size 4358144 bytes, new threshold 6 (max threshold 6)
[2020-09-11T16:25:45.531+0000][1][gc,age       ] GC(56) Age table with threshold 6 (max threshold 6)
[2020-09-11T16:25:45.531+0000][1][gc,age       ] GC(56) - age   1:    1258640 bytes,    1258640 total
[2020-09-11T16:25:45.531+0000][1][gc,age       ] GC(56) - age   2:     301544 bytes,    1560184 total
[2020-09-11T16:25:45.531+0000][1][gc,age       ] GC(56) - age   3:     918504 bytes,    2478688 total
[2020-09-11T16:25:45.531+0000][1][gc,age       ] GC(56) - age   4:     330656 bytes,    2809344 total
[2020-09-11T16:25:45.531+0000][1][gc,age       ] GC(56) - age   5:     298664 bytes,    3108008 total
[2020-09-11T16:25:45.531+0000][1][gc,age       ] GC(56) - age   6:     373480 bytes,    3481488 total
[2020-09-11T16:25:45.531+0000][1][gc,heap      ] GC(56) ParNew: 70441K->3409K(76672K)
[2020-09-11T16:25:45.531+0000][1][gc,heap      ] GC(56) CMS: 48834K->48879K(2011968K)
[2020-09-11T16:25:45.531+0000][1][gc,metaspace ] GC(56) Metaspace: 35385K->35385K(1081344K)
[2020-09-11T16:25:45.531+0000][1][gc           ] GC(56) Pause Young (Allocation Failure) 116M->51M(2039M) 166.346ms
[2020-09-11T16:25:45.531+0000][1][gc,cpu       ] GC(56) User=0.03s Sys=0.00s Real=0.16s
[2020-09-11T16:25:45.545+0000][1][safepoint    ] Safepoint "GenCollectForAllocation", Time since last: 87183360 ns, Reaching safepoint: 104756 ns, At safepoint: 180580729 ns, Total: 180685485 ns
[2020-09-11T16:25:45.553+0000][1][safepoint    ] Safepoint "CollectForMetadataAllocation", Time since last: 7941144 ns, Reaching safepoint: 43900 ns, At safepoint: 145289 ns, Total: 189189 ns
[2020-09-11T16:25:45.582+0000][1][gc,start     ] GC(57) Pause Initial Mark
[2020-09-11T16:25:45.583+0000][1][gc           ] GC(57) Pause Initial Mark 52M->52M(2039M) 1.563ms
[2020-09-11T16:25:45.583+0000][1][gc,cpu       ] GC(57) User=0.00s Sys=0.00s Real=0.00s
[2020-09-11T16:25:45.614+0000][1][safepoint    ] Safepoint "CMS_Initial_Mark", Time since last: 15832837 ns, Reaching safepoint: 13061917 ns, At safepoint: 32550695 ns, Total: 45612612 ns
[2020-09-11T16:25:45.614+0000][1][gc           ] GC(57) Concurrent Mark
[2020-09-11T16:25:45.829+0000][1][safepoint    ] Safepoint "CollectForMetadataAllocation", Time since last: 184830855 ns, Reaching safepoint: 29579257 ns, At safepoint: 116856 ns, Total: 29696113 ns
[2020-09-11T16:25:46.097+0000][1][safepoint    ] Safepoint "CollectForMetadataAllocation", Time since last: 247877621 ns, Reaching safepoint: 20035125 ns, At safepoint: 126276 ns, Total: 20161401 ns
[2020-09-11T16:25:46.415+0000][1][gc           ] GC(57) Concurrent Mark 800.694ms
[2020-09-11T16:25:46.415+0000][1][gc,cpu       ] GC(57) User=0.15s Sys=0.01s Real=0.80s
[2020-09-11T16:25:46.415+0000][1][gc           ] GC(57) Concurrent Preclean
[2020-09-11T16:25:46.461+0000][1][gc           ] GC(57) Concurrent Preclean 45.787ms
[2020-09-11T16:25:46.461+0000][1][gc,cpu       ] GC(57) User=0.01s Sys=0.00s Real=0.05s
[2020-09-11T16:25:46.461+0000][1][gc           ] GC(57) Concurrent Abortable Preclean
[2020-09-11T16:25:47.155+0000][1][safepoint    ] Safepoint "Cleanup", Time since last: 1023788605 ns, Reaching safepoint: 33811503 ns, At safepoint: 10331 ns, Total: 33821834 ns
[2020-09-11T16:25:47.241+0000][1][gc,start     ] GC(58) Pause Young (Allocation Failure)
[2020-09-11T16:25:47.241+0000][1][gc,task      ] GC(58) Using 1 workers of 1 for evacuation
[2020-09-11T16:25:47.273+0000][1][gc           ] GC(57) Concurrent Abortable Preclean 811.730ms
[2020-09-11T16:25:47.273+0000][1][gc,cpu       ] GC(57) User=0.16s Sys=0.00s Real=0.81s
[2020-09-11T16:25:47.358+0000][1][gc,age       ] GC(58) Desired survivor size 4358144 bytes, new threshold 6 (max threshold 6)
[2020-09-11T16:25:47.358+0000][1][gc,age       ] GC(58) Age table with threshold 6 (max threshold 6)
[2020-09-11T16:25:47.358+0000][1][gc,age       ] GC(58) - age   1:     379088 bytes,     379088 total
[2020-09-11T16:25:47.358+0000][1][gc,age       ] GC(58) - age   2:    1168328 bytes,    1547416 total
[2020-09-11T16:25:47.358+0000][1][gc,age       ] GC(58) - age   3:     301544 bytes,    1848960 total
[2020-09-11T16:25:47.358+0000][1][gc,age       ] GC(58) - age   4:     918504 bytes,    2767464 total
[2020-09-11T16:25:47.358+0000][1][gc,age       ] GC(58) - age   5:     330656 bytes,    3098120 total
[2020-09-11T16:25:47.358+0000][1][gc,age       ] GC(58) - age   6:     298664 bytes,    3396784 total
[2020-09-11T16:25:47.358+0000][1][gc,heap      ] GC(58) ParNew: 71569K->3915K(76672K)
[2020-09-11T16:25:47.358+0000][1][gc,heap      ] GC(58) CMS: 48879K->49244K(2011968K)
[2020-09-11T16:25:47.358+0000][1][gc,metaspace ] GC(58) Metaspace: 36246K->36246K(1083392K)
[2020-09-11T16:25:47.358+0000][1][gc           ] GC(58) Pause Young (Allocation Failure) 117M->51M(2039M) 117.097ms
[2020-09-11T16:25:47.358+0000][1][gc,cpu       ] GC(58) User=0.03s Sys=0.00s Real=0.11s
[2020-09-11T16:25:47.393+0000][1][safepoint    ] Safepoint "GenCollectForAllocation", Time since last: 86188070 ns, Reaching safepoint: 100564 ns, At safepoint: 151910876 ns, Total: 152011440 ns
[2020-09-11T16:25:47.413+0000][1][gc,start     ] GC(57) Pause Remark
[2020-09-11T16:25:47.452+0000][1][gc           ] GC(57) Pause Remark 54M->54M(2039M) 38.702ms
[2020-09-11T16:25:47.452+0000][1][gc,cpu       ] GC(57) User=0.01s Sys=0.00s Real=0.03s
[2020-09-11T16:25:47.509+0000][1][safepoint    ] Safepoint "CMS_Final_Remark", Time since last: 20059773 ns, Reaching safepoint: 94850 ns, At safepoint: 95814531 ns, Total: 95909381 ns
[2020-09-11T16:25:47.509+0000][1][gc           ] GC(57) Concurrent Sweep
[2020-09-11T16:25:47.670+0000][1][gc           ] GC(57) Concurrent Sweep 161.460ms
[2020-09-11T16:25:47.670+0000][1][gc,cpu       ] GC(57) User=0.03s Sys=0.00s Real=0.16s
[2020-09-11T16:25:47.670+0000][1][gc           ] GC(57) Concurrent Reset
[2020-09-11T16:25:47.723+0000][1][gc           ] GC(57) Concurrent Reset 52.586ms
[2020-09-11T16:25:47.723+0000][1][gc,cpu       ] GC(57) User=0.01s Sys=0.00s Real=0.06s
[2020-09-11T16:25:47.723+0000][1][gc,heap      ] GC(57) Old: 48879K->48161K(2011968K)
[2020-09-11T16:25:48.541+0000][1][safepoint    ] Safepoint "Cleanup", Time since last: 1032032593 ns, Reaching safepoint: 530525 ns, At safepoint: 9702 ns, Total: 540227 ns
[2020-09-11T16:25:49.560+0000][1][safepoint    ] Safepoint "Cleanup", Time since last: 1018589491 ns, Reaching safepoint: 47851 ns, At safepoint: 8153 ns, Total: 56004 ns
[2020-09-11T16:25:49.810+0000][1][safepoint    ] Safepoint "RevokeBias", Time since last: 248805226 ns, Reaching safepoint: 812615 ns, At safepoint: 42654 ns, Total: 855269 ns
[2020-09-11T16:25:50.822+0000][1][safepoint    ] Safepoint "Cleanup", Time since last: 1012356687 ns, Reaching safepoint: 56943 ns, At safepoint: 7206 ns, Total: 64149 ns
[2020-09-11T16:25:51.833+0000][1][safepoint    ] Safepoint "Cleanup", Time since last: 1006699483 ns, Reaching safepoint: 4048630 ns, At safepoint: 13300 ns, Total: 4061930 ns
[2020-09-11T16:25:52.829+0000][1][gc,start     ] GC(59) Pause Young (Allocation Failure)
[2020-09-11T16:25:52.829+0000][1][gc,task      ] GC(59) Using 1 workers of 1 for evacuation
[2020-09-11T16:25:53.020+0000][1][gc,age       ] GC(59) Desired survivor size 4358144 bytes, new threshold 5 (max threshold 6)
[2020-09-11T16:25:53.020+0000][1][gc,age       ] GC(59) Age table with threshold 5 (max threshold 6)
[2020-09-11T16:25:53.020+0000][1][gc,age       ] GC(59) - age   1:    2501040 bytes,    2501040 total
[2020-09-11T16:25:53.020+0000][1][gc,age       ] GC(59) - age   2:     332992 bytes,    2834032 total
[2020-09-11T16:25:53.020+0000][1][gc,age       ] GC(59) - age   3:    1166240 bytes,    4000272 total
[2020-09-11T16:25:53.020+0000][1][gc,age       ] GC(59) - age   4:     301544 bytes,    4301816 total
[2020-09-11T16:25:53.020+0000][1][gc,age       ] GC(59) - age   5:     918504 bytes,    5220320 total
[2020-09-11T16:25:53.020+0000][1][gc,age       ] GC(59) - age   6:     330656 bytes,    5550976 total
[2020-09-11T16:25:53.020+0000][1][gc,heap      ] GC(59) ParNew: 72075K->7231K(76672K)
[2020-09-11T16:25:53.020+0000][1][gc,heap      ] GC(59) CMS: 48161K->48453K(2011968K)
[2020-09-11T16:25:53.020+0000][1][gc,metaspace ] GC(59) Metaspace: 41111K->41111K(1087488K)
[2020-09-11T16:25:53.020+0000][1][gc           ] GC(59) Pause Young (Allocation Failure) 117M->54M(2039M) 190.808ms
[2020-09-11T16:25:53.020+0000][1][gc,cpu       ] GC(59) User=0.05s Sys=0.00s Real=0.19s
[2020-09-11T16:25:53.041+0000][1][safepoint    ] Safepoint "GenCollectForAllocation", Time since last: 995959117 ns, Reaching safepoint: 143146 ns, At safepoint: 211866388 ns, Total: 212009534 ns
[2020-09-11T16:25:53.053+0000][1][safepoint    ] Safepoint "RevokeBias", Time since last: 12432748 ns, Reaching safepoint: 26906 ns, At safepoint: 47046 ns, Total: 73952 ns
[2020-09-11T16:25:54.071+0000][1][safepoint    ] Safepoint "Cleanup", Time since last: 1017232499 ns, Reaching safepoint: 185931 ns, At safepoint: 5883 ns, Total: 191814 ns
[2020-09-11T16:25:55.080+0000][1][safepoint    ] Safepoint "Cleanup", Time since last: 1008913929 ns, Reaching safepoint: 121905 ns, At safepoint: 6172 ns, Total: 128077 ns
[2020-09-11T16:25:55.717+0000][1][safepoint    ] Safepoint "RevokeBias", Time since last: 633525843 ns, Reaching safepoint: 3495834 ns, At safepoint: 35794 ns, Total: 3531628 ns
[2020-09-11T16:25:56.081+0000][1][safepoint    ] Safepoint "BulkRevokeBias", Time since last: 364337913 ns, Reaching safepoint: 104552 ns, At safepoint: 64991 ns, Total: 169543 ns
[2020-09-11T16:25:57.096+0000][1][safepoint    ] Safepoint "Cleanup", Time since last: 1003422663 ns, Reaching safepoint: 11219482 ns, At safepoint: 10288 ns, Total: 11229770 ns
[2020-09-11T16:26:01.079+0000][1][safepoint    ] Safepoint "RevokeBias", Time since last: 3981870076 ns, Reaching safepoint: 1123927 ns, At safepoint: 58132 ns, Total: 1182059 ns
[2020-09-11T16:26:01.081+0000][1][safepoint    ] Safepoint "RevokeBias", Time since last: 117788 ns, Reaching safepoint: 1640146 ns, At safepoint: 51773 ns, Total: 1691919 ns
[2020-09-11T16:26:01.085+0000][1][safepoint    ] Safepoint "RevokeBias", Time since last: 58693 ns, Reaching safepoint: 3912034 ns, At safepoint: 57960 ns, Total: 3969994 ns
[2020-09-11T16:26:01.086+0000][1][safepoint    ] Safepoint "RevokeBias", Time since last: 76669 ns, Reaching safepoint: 1331102 ns, At safepoint: 45131 ns, Total: 1376233 ns
[2020-09-11T16:26:01.087+0000][1][safepoint    ] Safepoint "RevokeBias", Time since last: 46862 ns, Reaching safepoint: 89147 ns, At safepoint: 40126 ns, Total: 129273 ns
[2020-09-11T16:26:01.087+0000][1][safepoint    ] Safepoint "RevokeBias", Time since last: 49463 ns, Reaching safepoint: 86502 ns, At safepoint: 38981 ns, Total: 125483 ns
[2020-09-11T16:26:01.087+0000][1][safepoint    ] Safepoint "RevokeBias", Time since last: 33008 ns, Reaching safepoint: 84295 ns, At safepoint: 36432 ns, Total: 120727 ns
[2020-09-11T16:26:01.087+0000][1][safepoint    ] Safepoint "RevokeBias", Time since last: 35055 ns, Reaching safepoint: 83484 ns, At safepoint: 36982 ns, Total: 120466 ns
[2020-09-11T16:26:01.087+0000][1][safepoint    ] Safepoint "RevokeBias", Time since last: 30257 ns, Reaching safepoint: 82654 ns, At safepoint: 35619 ns, Total: 118273 ns
[2020-09-11T16:26:01.089+0000][1][safepoint    ] Safepoint "RevokeBias", Time since last: 29768 ns, Reaching safepoint: 1602447 ns, At safepoint: 36427 ns, Total: 1638874 ns
[2020-09-11T16:26:01.090+0000][1][safepoint    ] Safepoint "RevokeBias", Time since last: 32486 ns, Reaching safepoint: 1104738 ns, At safepoint: 37973 ns, Total: 1142711 ns
[2020-09-11T16:26:01.090+0000][1][safepoint    ] Safepoint "RevokeBias", Time since last: 43054 ns, Reaching safepoint: 85418 ns, At safepoint: 40489 ns, Total: 125907 ns
[2020-09-11T16:26:01.090+0000][1][safepoint    ] Safepoint "RevokeBias", Time since last: 27951 ns, Reaching safepoint: 85016 ns, At safepoint: 45450 ns, Total: 130466 ns
[2020-09-11T16:26:01.091+0000][1][safepoint    ] Safepoint "RevokeBias", Time since last: 69539 ns, Reaching safepoint: 85728 ns, At safepoint: 43927 ns, Total: 129655 ns
[2020-09-11T16:26:01.091+0000][1][safepoint    ] Safepoint "RevokeBias", Time since last: 38517 ns, Reaching safepoint: 87261 ns, At safepoint: 42449 ns, Total: 129710 ns
[2020-09-11T16:26:03.101+0000][1][safepoint    ] Safepoint "Cleanup", Time since last: 2006184148 ns, Reaching safepoint: 3962395 ns, At safepoint: 20730 ns, Total: 3983125 ns
[2020-09-11T16:26:04.101+0000][1][safepoint    ] Safepoint "Cleanup", Time since last: 1000116149 ns, Reaching safepoint: 38308 ns, At safepoint: 5406 ns, Total: 43714 ns
[2020-09-11T16:26:05.101+0000][1][safepoint    ] Safepoint "Cleanup", Time since last: 1000103634 ns, Reaching safepoint: 137001 ns, At safepoint: 6755 ns, Total: 143756 ns
[2020-09-11T16:26:05.585+0000][1][gc,start     ] GC(60) Pause Young (Allocation Failure)
[2020-09-11T16:26:05.585+0000][1][gc,task      ] GC(60) Using 1 workers of 1 for evacuation
[2020-09-11T16:26:05.826+0000][1][gc,age       ] GC(60) Desired survivor size 4358144 bytes, new threshold 2 (max threshold 6)
[2020-09-11T16:26:05.826+0000][1][gc,age       ] GC(60) Age table with threshold 2 (max threshold 6)
[2020-09-11T16:26:05.826+0000][1][gc,age       ] GC(60) - age   1:    2776168 bytes,    2776168 total
[2020-09-11T16:26:05.826+0000][1][gc,age       ] GC(60) - age   2:    2436264 bytes,    5212432 total
[2020-09-11T16:26:05.826+0000][1][gc,age       ] GC(60) - age   3:     332752 bytes,    5545184 total
[2020-09-11T16:26:05.826+0000][1][gc,age       ] GC(60) - age   4:    1165448 bytes,    6710632 total
[2020-09-11T16:26:05.826+0000][1][gc,age       ] GC(60) - age   5:     301544 bytes,    7012176 total
[2020-09-11T16:26:05.826+0000][1][gc,heap      ] GC(60) ParNew: 75391K->8216K(76672K)
[2020-09-11T16:26:05.826+0000][1][gc,heap      ] GC(60) CMS: 48453K->49673K(2011968K)
[2020-09-11T16:26:05.826+0000][1][gc,metaspace ] GC(60) Metaspace: 47129K->47129K(1093632K)
[2020-09-11T16:26:05.826+0000][1][gc           ] GC(60) Pause Young (Allocation Failure) 120M->56M(2039M) 240.716ms
[2020-09-11T16:26:05.826+0000][1][gc,cpu       ] GC(60) User=0.06s Sys=0.00s Real=0.24s
[2020-09-11T16:26:05.826+0000][1][safepoint    ] Safepoint "GenCollectForAllocation", Time since last: 483543204 ns, Reaching safepoint: 125961 ns, At safepoint: 240795167 ns, Total: 240921128 ns
[2020-09-11T16:26:05.972+0000][1][safepoint    ] Safepoint "RevokeBias", Time since last: 146627412 ns, Reaching safepoint: 122365 ns, At safepoint: 16621 ns, Total: 138986 ns
[2020-09-11T16:26:05.973+0000][1][safepoint    ] Safepoint "RevokeBias", Time since last: 69026 ns, Reaching safepoint: 80869 ns, At safepoint: 9771 ns, Total: 90640 ns
[2020-09-11T16:26:05.973+0000][1][safepoint    ] Safepoint "RevokeBias", Time since last: 44748 ns, Reaching safepoint: 79289 ns, At safepoint: 8617 ns, Total: 87906 ns
[2020-09-11T16:26:05.973+0000][1][safepoint    ] Safepoint "RevokeBias", Time since last: 47107 ns, Reaching safepoint: 77598 ns, At safepoint: 8041 ns, Total: 85639 ns
[2020-09-11T16:26:05.973+0000][1][safepoint    ] Safepoint "RevokeBias", Time since last: 29605 ns, Reaching safepoint: 76916 ns, At safepoint: 7765 ns, Total: 84681 ns
[2020-09-11T16:26:05.973+0000][1][safepoint    ] Safepoint "RevokeBias", Time since last: 29647 ns, Reaching safepoint: 76592 ns, At safepoint: 7866 ns, Total: 84458 ns
[2020-09-11T16:26:06.527+0000][1][safepoint    ] Safepoint "RevokeBias", Time since last: 554017554 ns, Reaching safepoint: 134627 ns, At safepoint: 42745 ns, Total: 177372 ns
[2020-09-11T16:26:06.561+0000][1][safepoint    ] Safepoint "RevokeBias", Time since last: 33457802 ns, Reaching safepoint: 107527 ns, At safepoint: 43335 ns, Total: 150862 ns
[2020-09-11T16:26:07.586+0000][1][safepoint    ] Safepoint "Cleanup", Time since last: 1007843284 ns, Reaching safepoint: 17365408 ns, At safepoint: 9523 ns, Total: 17374931 ns
[2020-09-11T16:26:07.713+0000][1][safepoint    ] Safepoint "RevokeBias", Time since last: 126920131 ns, Reaching safepoint: 99092 ns, At safepoint: 30885 ns, Total: 129977 ns
[2020-09-11T16:26:07.714+0000][1][safepoint    ] Safepoint "RevokeBias", Time since last: 198411 ns, Reaching safepoint: 82448 ns, At safepoint: 19281 ns, Total: 101729 ns
[2020-09-11T16:26:07.714+0000][1][safepoint    ] Safepoint "RevokeBias", Time since last: 38087 ns, Reaching safepoint: 78263 ns, At safepoint: 15289 ns, Total: 93552 ns
[2020-09-11T16:26:08.025+0000][1][safepoint    ] Safepoint "RevokeBias", Time since last: 308503321 ns, Reaching safepoint: 2672434 ns, At safepoint: 42740 ns, Total: 2715174 ns
[2020-09-11T16:26:08.025+0000][1][safepoint    ] Safepoint "RevokeBias", Time since last: 113897 ns, Reaching safepoint: 83996 ns, At safepoint: 29879 ns, Total: 113875 ns
[2020-09-11T16:26:08.025+0000][1][safepoint    ] Safepoint "RevokeBias", Time since last: 98731 ns, Reaching safepoint: 82343 ns, At safepoint: 21404 ns, Total: 103747 ns
[2020-09-11T16:26:08.029+0000][1][safepoint    ] Safepoint "RevokeBias", Time since last: 3492613 ns, Reaching safepoint: 101937 ns, At safepoint: 37095 ns, Total: 139032 ns
[2020-09-11T16:26:08.029+0000][1][safepoint    ] Safepoint "RevokeBias", Time since last: 423100 ns, Reaching safepoint: 85733 ns, At safepoint: 37759 ns, Total: 123492 ns
[2020-09-11T16:26:08.037+0000][1][safepoint    ] Safepoint "RevokeBias", Time since last: 3319994 ns, Reaching safepoint: 4035192 ns, At safepoint: 45008 ns, Total: 4080200 ns
[2020-09-11T16:26:08.046+0000][1][safepoint    ] Safepoint "RevokeBias", Time since last: 8941201 ns, Reaching safepoint: 101671 ns, At safepoint: 30943 ns, Total: 132614 ns
[2020-09-11T16:26:08.049+0000][1][safepoint    ] Safepoint "RevokeBias", Time since last: 2920049 ns, Reaching safepoint: 99233 ns, At safepoint: 32248 ns, Total: 131481 ns
[2020-09-11T16:26:08.057+0000][1][safepoint    ] Safepoint "RevokeBias", Time since last: 7645347 ns, Reaching safepoint: 135629 ns, At safepoint: 34264 ns, Total: 169893 ns
[2020-09-11T16:26:08.057+0000][1][safepoint    ] Safepoint "RevokeBias", Time since last: 68387 ns, Reaching safepoint: 82407 ns, At safepoint: 21548 ns, Total: 103955 ns
[2020-09-11T16:26:08.057+0000][1][safepoint    ] Safepoint "RevokeBias", Time since last: 32960 ns, Reaching safepoint: 82735 ns, At safepoint: 24449 ns, Total: 107184 ns
[2020-09-11T16:26:08.057+0000][1][safepoint    ] Safepoint "RevokeBias", Time since last: 32494 ns, Reaching safepoint: 81744 ns, At safepoint: 22539 ns, Total: 104283 ns
[2020-09-11T16:26:08.057+0000][1][safepoint    ] Safepoint "RevokeBias", Time since last: 31466 ns, Reaching safepoint: 81400 ns, At safepoint: 19123 ns, Total: 100523 ns
[2020-09-11T16:26:08.058+0000][1][safepoint    ] Safepoint "RevokeBias", Time since last: 31101 ns, Reaching safepoint: 82840 ns, At safepoint: 19366 ns, Total: 102206 ns
[2020-09-11T16:26:08.058+0000][1][safepoint    ] Safepoint "RevokeBias", Time since last: 47103 ns, Reaching safepoint: 81043 ns, At safepoint: 18830 ns, Total: 99873 ns
[2020-09-11T16:26:08.058+0000][1][safepoint    ] Safepoint "BulkRevokeBias", Time since last: 30375 ns, Reaching safepoint: 82087 ns, At safepoint: 74608 ns, Total: 156695 ns
[2020-09-11T16:26:08.058+0000][1][safepoint    ] Safepoint "RevokeBias", Time since last: 73978 ns, Reaching safepoint: 84825 ns, At safepoint: 27160 ns, Total: 111985 ns
[2020-09-11T16:26:08.058+0000][1][safepoint    ] Safepoint "RevokeBias", Time since last: 40625 ns, Reaching safepoint: 83060 ns, At safepoint: 20104 ns, Total: 103164 ns
[2020-09-11T16:26:08.089+0000][1][safepoint    ] Safepoint "RevokeBias", Time since last: 27843953 ns, Reaching safepoint: 2787949 ns, At safepoint: 21378 ns, Total: 2809327 ns
[2020-09-11T16:26:08.089+0000][1][safepoint    ] Safepoint "RevokeBias", Time since last: 76281 ns, Reaching safepoint: 85065 ns, At safepoint: 11498 ns, Total: 96563 ns
[2020-09-11T16:26:08.089+0000][1][safepoint    ] Safepoint "RevokeBias", Time since last: 32649 ns, Reaching safepoint: 82936 ns, At safepoint: 10569 ns, Total: 93505 ns
[2020-09-11T16:26:08.117+0000][1][safepoint    ] Safepoint "RevokeBias", Time since last: 27743872 ns, Reaching safepoint: 71694 ns, At safepoint: 41196 ns, Total: 112890 ns
[2020-09-11T16:26:08.117+0000][1][safepoint    ] Safepoint "RevokeBias", Time since last: 131973 ns, Reaching safepoint: 86140 ns, At safepoint: 25014 ns, Total: 111154 ns
[2020-09-11T16:26:08.117+0000][1][safepoint    ] Safepoint "RevokeBias", Time since last: 34909 ns, Reaching safepoint: 83824 ns, At safepoint: 20962 ns, Total: 104786 ns
[2020-09-11T16:26:08.118+0000][1][safepoint    ] Safepoint "RevokeBias", Time since last: 32689 ns, Reaching safepoint: 92889 ns, At safepoint: 21071 ns, Total: 113960 ns
[2020-09-11T16:26:08.118+0000][1][safepoint    ] Safepoint "RevokeBias", Time since last: 32219 ns, Reaching safepoint: 83100 ns, At safepoint: 20739 ns, Total: 103839 ns
[2020-09-11T16:26:08.118+0000][1][safepoint    ] Safepoint "RevokeBias", Time since last: 32021 ns, Reaching safepoint: 81220 ns, At safepoint: 19934 ns, Total: 101154 ns
[2020-09-11T16:26:08.118+0000][1][safepoint    ] Safepoint "RevokeBias", Time since last: 30649 ns, Reaching safepoint: 82663 ns, At safepoint: 20274 ns, Total: 102937 ns
[2020-09-11T16:26:08.118+0000][1][safepoint    ] Safepoint "RevokeBias", Time since last: 30877 ns, Reaching safepoint: 82028 ns, At safepoint: 20321 ns, Total: 102349 ns
[2020-09-11T16:26:08.118+0000][1][safepoint    ] Safepoint "RevokeBias", Time since last: 32012 ns, Reaching safepoint: 81400 ns, At safepoint: 28179 ns, Total: 109579 ns
[2020-09-11T16:26:08.118+0000][1][safepoint    ] Safepoint "RevokeBias", Time since last: 30681 ns, Reaching safepoint: 81363 ns, At safepoint: 23909 ns, Total: 105272 ns
[2020-09-11T16:26:08.118+0000][1][safepoint    ] Safepoint "RevokeBias", Time since last: 29104 ns, Reaching safepoint: 79907 ns, At safepoint: 31130 ns, Total: 111037 ns
[2020-09-11T16:26:08.119+0000][1][safepoint    ] Safepoint "RevokeBias", Time since last: 31133 ns, Reaching safepoint: 81008 ns, At safepoint: 19806 ns, Total: 100814 ns
[2020-09-11T16:26:08.121+0000][1][safepoint    ] Safepoint "RevokeBias", Time since last: 2180712 ns, Reaching safepoint: 88148 ns, At safepoint: 25429 ns, Total: 113577 ns
[2020-09-11T16:26:08.121+0000][1][safepoint    ] Safepoint "RevokeBias", Time since last: 39037 ns, Reaching safepoint: 82101 ns, At safepoint: 23519 ns, Total: 105620 ns
[2020-09-11T16:26:08.121+0000][1][safepoint    ] Safepoint "RevokeBias", Time since last: 31673 ns, Reaching safepoint: 81652 ns, At safepoint: 20831 ns, Total: 102483 ns
[2020-09-11T16:26:08.121+0000][1][safepoint    ] Safepoint "RevokeBias", Time since last: 31645 ns, Reaching safepoint: 80984 ns, At safepoint: 20455 ns, Total: 101439 ns
[2020-09-11T16:26:08.121+0000][1][safepoint    ] Safepoint "RevokeBias", Time since last: 31112 ns, Reaching safepoint: 81119 ns, At safepoint: 20230 ns, Total: 101349 ns
[2020-09-11T16:26:08.122+0000][1][safepoint    ] Safepoint "BulkRevokeBias", Time since last: 45932 ns, Reaching safepoint: 80695 ns, At safepoint: 66119 ns, Total: 146814 ns
[2020-09-11T16:26:08.122+0000][1][safepoint    ] Safepoint "RevokeBias", Time since last: 215650 ns, Reaching safepoint: 82940 ns, At safepoint: 25479 ns, Total: 108419 ns
[2020-09-11T16:26:08.122+0000][1][safepoint    ] Safepoint "RevokeBias", Time since last: 46576 ns, Reaching safepoint: 80531 ns, At safepoint: 23435 ns, Total: 103966 ns
[2020-09-11T16:26:08.122+0000][1][safepoint    ] Safepoint "RevokeBias", Time since last: 83809 ns, Reaching safepoint: 83563 ns, At safepoint: 21222 ns, Total: 104785 ns
[2020-09-11T16:26:08.122+0000][1][safepoint    ] Safepoint "RevokeBias", Time since last: 41334 ns, Reaching safepoint: 82133 ns, At safepoint: 20192 ns, Total: 102325 ns
[2020-09-11T16:26:08.125+0000][1][safepoint    ] Safepoint "RevokeBias", Time since last: 2327766 ns, Reaching safepoint: 97106 ns, At safepoint: 32623 ns, Total: 129729 ns
[2020-09-11T16:26:08.133+0000][1][safepoint    ] Safepoint "RevokeBias", Time since last: 7875033 ns, Reaching safepoint: 117922 ns, At safepoint: 45051 ns, Total: 162973 ns
[2020-09-11T16:26:08.133+0000][1][safepoint    ] Safepoint "RevokeBias", Time since last: 140573 ns, Reaching safepoint: 83481 ns, At safepoint: 24467 ns, Total: 107948 ns
[2020-09-11T16:26:08.133+0000][1][safepoint    ] Safepoint "RevokeBias", Time since last: 158333 ns, Reaching safepoint: 84612 ns, At safepoint: 22539 ns, Total: 107151 ns
[2020-09-11T16:26:08.134+0000][1][safepoint    ] Safepoint "RevokeBias", Time since last: 54217 ns, Reaching safepoint: 81726 ns, At safepoint: 21702 ns, Total: 103428 ns
[2020-09-11T16:26:08.134+0000][1][safepoint    ] Safepoint "RevokeBias", Time since last: 31463 ns, Reaching safepoint: 81196 ns, At safepoint: 20713 ns, Total: 101909 ns
[2020-09-11T16:26:08.134+0000][1][safepoint    ] Safepoint "RevokeBias", Time since last: 30876 ns, Reaching safepoint: 80964 ns, At safepoint: 20784 ns, Total: 101748 ns
[2020-09-11T16:26:08.134+0000][1][safepoint    ] Safepoint "RevokeBias", Time since last: 228852 ns, Reaching safepoint: 83035 ns, At safepoint: 21821 ns, Total: 104856 ns
[2020-09-11T16:26:08.134+0000][1][safepoint    ] Safepoint "RevokeBias", Time since last: 115336 ns, Reaching safepoint: 82352 ns, At safepoint: 21590 ns, Total: 103942 ns
[2020-09-11T16:26:08.137+0000][1][safepoint    ] Safepoint "RevokeBias", Time since last: 2693039 ns, Reaching safepoint: 90958 ns, At safepoint: 27085 ns, Total: 118043 ns
[2020-09-11T16:26:08.138+0000][1][safepoint    ] Safepoint "RevokeBias", Time since last: 422986 ns, Reaching safepoint: 84112 ns, At safepoint: 23797 ns, Total: 107909 ns
[2020-09-11T16:26:08.138+0000][1][safepoint    ] Safepoint "BulkRevokeBias", Time since last: 80129 ns, Reaching safepoint: 83103 ns, At safepoint: 60719 ns, Total: 143822 ns
[2020-09-11T16:26:08.138+0000][1][safepoint    ] Safepoint "RevokeBias", Time since last: 182479 ns, Reaching safepoint: 87673 ns, At safepoint: 23483 ns, Total: 111156 ns
[2020-09-11T16:26:08.191+0000][1][safepoint    ] Safepoint "RevokeBias", Time since last: 50514007 ns, Reaching safepoint: 2154360 ns, At safepoint: 41693 ns, Total: 2196053 ns
[2020-09-11T16:26:08.202+0000][1][safepoint    ] Safepoint "RevokeBias", Time since last: 10732921 ns, Reaching safepoint: 504587 ns, At safepoint: 42707 ns, Total: 547294 ns
[2020-09-11T16:26:08.205+0000][1][safepoint    ] Safepoint "RevokeBias", Time since last: 2783250 ns, Reaching safepoint: 114023 ns, At safepoint: 35686 ns, Total: 149709 ns
[2020-09-11T16:26:08.205+0000][1][safepoint    ] Safepoint "RevokeBias", Time since last: 58219 ns, Reaching safepoint: 83693 ns, At safepoint: 22667 ns, Total: 106360 ns
[2020-09-11T16:26:08.206+0000][1][safepoint    ] Safepoint "RevokeBias", Time since last: 30448 ns, Reaching safepoint: 95720 ns, At safepoint: 23457 ns, Total: 119177 ns
[2020-09-11T16:26:08.206+0000][1][safepoint    ] Safepoint "RevokeBias", Time since last: 47056 ns, Reaching safepoint: 83830 ns, At safepoint: 22649 ns, Total: 106479 ns
[2020-09-11T16:26:08.206+0000][1][safepoint    ] Safepoint "RevokeBias", Time since last: 31840 ns, Reaching safepoint: 82948 ns, At safepoint: 20757 ns, Total: 103705 ns
[2020-09-11T16:26:08.206+0000][1][safepoint    ] Safepoint "RevokeBias", Time since last: 30372 ns, Reaching safepoint: 84000 ns, At safepoint: 26373 ns, Total: 110373 ns
[2020-09-11T16:26:08.206+0000][1][safepoint    ] Safepoint "RevokeBias", Time since last: 31618 ns, Reaching safepoint: 83611 ns, At safepoint: 21047 ns, Total: 104658 ns
[2020-09-11T16:26:08.865+0000][1][safepoint    ] Safepoint "RevokeBias", Time since last: 658687081 ns, Reaching safepoint: 122539 ns, At safepoint: 16170 ns, Total: 138709 ns
[2020-09-11T16:26:08.865+0000][1][safepoint    ] Safepoint "BulkRevokeBias", Time since last: 169106 ns, Reaching safepoint: 12804 ns, At safepoint: 68052 ns, Total: 80856 ns
[2020-09-11T16:26:09.585+0000][1][gc,start     ] GC(61) Pause Young (Allocation Failure)
[2020-09-11T16:26:09.585+0000][1][gc,task      ] GC(61) Using 1 workers of 1 for evacuation
[2020-09-11T16:26:09.971+0000][1][gc,age       ] GC(61) Desired survivor size 4358144 bytes, new threshold 2 (max threshold 6)
[2020-09-11T16:26:09.971+0000][1][gc,age       ] GC(61) Age table with threshold 2 (max threshold 6)
[2020-09-11T16:26:09.971+0000][1][gc,age       ] GC(61) - age   1:    2278960 bytes,    2278960 total
[2020-09-11T16:26:09.971+0000][1][gc,age       ] GC(61) - age   2:    2689992 bytes,    4968952 total
[2020-09-11T16:26:09.971+0000][1][gc,heap      ] GC(61) ParNew: 76376K->6162K(76672K)
[2020-09-11T16:26:09.971+0000][1][gc,heap      ] GC(61) CMS: 49673K->53865K(2011968K)
[2020-09-11T16:26:09.971+0000][1][gc,metaspace ] GC(61) Metaspace: 52350K->52350K(1097728K)
[2020-09-11T16:26:09.971+0000][1][gc           ] GC(61) Pause Young (Allocation Failure) 123M->58M(2039M) 385.661ms
[2020-09-11T16:26:09.971+0000][1][gc,cpu       ] GC(61) User=0.10s Sys=0.00s Real=0.38s
[2020-09-11T16:26:09.991+0000][1][safepoint    ] Safepoint "GenCollectForAllocation", Time since last: 719846107 ns, Reaching safepoint: 105687 ns, At safepoint: 405614682 ns, Total: 405720369 ns
[2020-09-11T16:26:11.446+0000][1][safepoint    ] Safepoint "Cleanup", Time since last: 1446108385 ns, Reaching safepoint: 9378439 ns, At safepoint: 10852 ns, Total: 9389291 ns
[2020-09-11T16:26:13.475+0000][1][safepoint    ] Safepoint "Cleanup", Time since last: 2014549518 ns, Reaching safepoint: 14222774 ns, At safepoint: 14580 ns, Total: 14237354 ns
[2020-09-11T16:26:14.484+0000][1][safepoint    ] Safepoint "Cleanup", Time since last: 1008996184 ns, Reaching safepoint: 456043 ns, At safepoint: 8309 ns, Total: 464352 ns
[2020-09-11T16:26:14.849+0000][1][gc,start     ] GC(62) Pause Young (Allocation Failure)
[2020-09-11T16:26:14.849+0000][1][gc,task      ] GC(62) Using 1 workers of 1 for evacuation
[2020-09-11T16:26:14.991+0000][1][gc,age       ] GC(62) Desired survivor size 4358144 bytes, new threshold 6 (max threshold 6)
[2020-09-11T16:26:14.991+0000][1][gc,age       ] GC(62) Age table with threshold 6 (max threshold 6)
[2020-09-11T16:26:14.991+0000][1][gc,age       ] GC(62) - age   1:    1325720 bytes,    1325720 total
[2020-09-11T16:26:14.991+0000][1][gc,age       ] GC(62) - age   2:    2230728 bytes,    3556448 total
[2020-09-11T16:26:14.991+0000][1][gc,heap      ] GC(62) ParNew: 74322K->5180K(76672K)
[2020-09-11T16:26:14.991+0000][1][gc,heap      ] GC(62) CMS: 53865K->56601K(2011968K)
[2020-09-11T16:26:14.991+0000][1][gc,metaspace ] GC(62) Metaspace: 59702K->59702K(1103872K)
[2020-09-11T16:26:14.997+0000][1][gc           ] GC(62) Pause Young (Allocation Failure) 125M->60M(2039M) 147.988ms
[2020-09-11T16:26:14.997+0000][1][gc,cpu       ] GC(62) User=0.04s Sys=0.01s Real=0.15s
[2020-09-11T16:26:15.013+0000][1][safepoint    ] Safepoint "GenCollectForAllocation", Time since last: 364179244 ns, Reaching safepoint: 139214 ns, At safepoint: 164312731 ns, Total: 164451945 ns
[2020-09-11T16:26:15.520+0000][1][safepoint    ] Safepoint "CollectForMetadataAllocation", Time since last: 505813496 ns, Reaching safepoint: 959078 ns, At safepoint: 100713 ns, Total: 1059791 ns
[2020-09-11T16:26:15.628+0000][1][safepoint    ] Safepoint "CollectForMetadataAllocation", Time since last: 107987144 ns, Reaching safepoint: 118537 ns, At safepoint: 120042 ns, Total: 238579 ns
[2020-09-11T16:26:15.751+0000][1][safepoint    ] Safepoint "CollectForMetadataAllocation", Time since last: 117703286 ns, Reaching safepoint: 4929658 ns, At safepoint: 124758 ns, Total: 5054416 ns
[2020-09-11T16:26:15.929+0000][1][safepoint    ] Safepoint "CollectForMetadataAllocation", Time since last: 170891527 ns, Reaching safepoint: 6973467 ns, At safepoint: 139879 ns, Total: 7113346 ns
[2020-09-11T16:26:16.135+0000][1][safepoint    ] Safepoint "CollectForMetadataAllocation", Time since last: 204148460 ns, Reaching safepoint: 2106509 ns, At safepoint: 117500 ns, Total: 2224009 ns
[2020-09-11T16:26:16.290+0000][1][safepoint    ] Safepoint "RevokeBias", Time since last: 153442470 ns, Reaching safepoint: 1060755 ns, At safepoint: 36183 ns, Total: 1096938 ns
[2020-09-11T16:26:16.291+0000][1][safepoint    ] Safepoint "RevokeBias", Time since last: 127546 ns, Reaching safepoint: 490299 ns, At safepoint: 25861 ns, Total: 516160 ns
[2020-09-11T16:26:16.291+0000][1][safepoint    ] Safepoint "RevokeBias", Time since last: 122243 ns, Reaching safepoint: 620011 ns, At safepoint: 26262 ns, Total: 646273 ns
[2020-09-11T16:26:16.319+0000][1][safepoint    ] Safepoint "RevokeBias", Time since last: 27581808 ns, Reaching safepoint: 106200 ns, At safepoint: 37945 ns, Total: 144145 ns
[2020-09-11T16:26:16.505+0000][1][safepoint    ] Safepoint "CollectForMetadataAllocation", Time since last: 182377270 ns, Reaching safepoint: 3426036 ns, At safepoint: 110038 ns, Total: 3536074 ns
[2020-09-11T16:26:16.962+0000][1][safepoint    ] Safepoint "RevokeBias", Time since last: 456287678 ns, Reaching safepoint: 1056300 ns, At safepoint: 43161 ns, Total: 1099461 ns
[2020-09-11T16:26:16.963+0000][1][safepoint    ] Safepoint "RevokeBias", Time since last: 80986 ns, Reaching safepoint: 84583 ns, At safepoint: 33245 ns, Total: 117828 ns
[2020-09-11T16:26:16.969+0000][1][safepoint    ] Safepoint "RevokeBias", Time since last: 6487681 ns, Reaching safepoint: 108228 ns, At safepoint: 56789 ns, Total: 165017 ns
[2020-09-11T16:26:16.985+0000][1][safepoint    ] Safepoint "CollectForMetadataAllocation", Time since last: 15638335 ns, Reaching safepoint: 105540 ns, At safepoint: 129543 ns, Total: 235083 ns
[2020-09-11T16:26:17.033+0000][1][gc,start     ] GC(63) Pause Initial Mark
[2020-09-11T16:26:17.069+0000][1][gc           ] GC(63) Pause Initial Mark 86M->86M(2039M) 36.247ms
[2020-09-11T16:26:17.069+0000][1][gc,cpu       ] GC(63) User=0.01s Sys=0.00s Real=0.03s
[2020-09-11T16:26:17.102+0000][1][safepoint    ] Safepoint "CMS_Initial_Mark", Time since last: 43761924 ns, Reaching safepoint: 4012245 ns, At safepoint: 69044325 ns, Total: 73056570 ns
[2020-09-11T16:26:17.109+0000][1][gc           ] GC(63) Concurrent Mark
[2020-09-11T16:26:17.281+0000][1][safepoint    ] Safepoint "CollectForMetadataAllocation", Time since last: 166924079 ns, Reaching safepoint: 12030794 ns, At safepoint: 151010 ns, Total: 12181804 ns
[2020-09-11T16:26:17.800+0000][1][gc           ] GC(63) Concurrent Mark 690.989ms
[2020-09-11T16:26:17.800+0000][1][gc,cpu       ] GC(63) User=0.17s Sys=0.00s Real=0.69s
[2020-09-11T16:26:17.800+0000][1][gc           ] GC(63) Concurrent Preclean
[2020-09-11T16:26:17.873+0000][1][gc           ] GC(63) Concurrent Preclean 73.574ms
[2020-09-11T16:26:17.874+0000][1][gc,cpu       ] GC(63) User=0.02s Sys=0.00s Real=0.08s
[2020-09-11T16:26:17.874+0000][1][gc           ] GC(63) Concurrent Abortable Preclean
[2020-09-11T16:26:17.911+0000][1][safepoint    ] Safepoint "CollectForMetadataAllocation", Time since last: 629730934 ns, Reaching safepoint: 71786 ns, At safepoint: 118940 ns, Total: 190726 ns
[2020-09-11T16:26:18.413+0000][1][safepoint    ] Safepoint "CollectForMetadataAllocation", Time since last: 486804921 ns, Reaching safepoint: 15583401 ns, At safepoint: 113550 ns, Total: 15696951 ns
[2020-09-11T16:26:18.637+0000][1][safepoint    ] Safepoint "Deoptimize", Time since last: 223090865 ns, Reaching safepoint: 105827 ns, At safepoint: 345233 ns, Total: 451060 ns
[2020-09-11T16:26:18.921+0000][1][safepoint    ] Safepoint "CollectForMetadataAllocation", Time since last: 283832139 ns, Reaching safepoint: 110620 ns, At safepoint: 80162 ns, Total: 190782 ns
[2020-09-11T16:26:19.603+0000][1][safepoint    ] Safepoint "CollectForMetadataAllocation", Time since last: 681363509 ns, Reaching safepoint: 124444 ns, At safepoint: 73947 ns, Total: 198391 ns
[2020-09-11T16:26:20.446+0000][1][safepoint    ] Safepoint "CollectForMetadataAllocation", Time since last: 836385667 ns, Reaching safepoint: 7259751 ns, At safepoint: 64437 ns, Total: 7324188 ns
[2020-09-11T16:26:20.999+0000][1][safepoint    ] Safepoint "CollectForMetadataAllocation", Time since last: 552500707 ns, Reaching safepoint: 117711 ns, At safepoint: 109038 ns, Total: 226749 ns
[2020-09-11T16:26:21.986+0000][1][safepoint    ] Safepoint "CollectForMetadataAllocation", Time since last: 986394940 ns, Reaching safepoint: 69698 ns, At safepoint: 114651 ns, Total: 184349 ns
[2020-09-11T16:26:22.298+0000][1][safepoint    ] Safepoint "CollectForMetadataAllocation", Time since last: 312323419 ns, Reaching safepoint: 156986 ns, At safepoint: 473395 ns, Total: 630381 ns
[2020-09-11T16:26:22.757+0000][1][safepoint    ] Safepoint "CollectForMetadataAllocation", Time since last: 458294518 ns, Reaching safepoint: 100097 ns, At safepoint: 128351 ns, Total: 228448 ns
[2020-09-11T16:26:23.087+0000][1][gc           ] GC(63) Concurrent Abortable Preclean 5213.212ms
[2020-09-11T16:26:23.087+0000][1][gc,cpu       ] GC(63) User=1.13s Sys=0.04s Real=5.21s
[2020-09-11T16:26:23.093+0000][1][safepoint    ] Safepoint "CollectForMetadataAllocation", Time since last: 332948287 ns, Reaching safepoint: 3235065 ns, At safepoint: 128286 ns, Total: 3363351 ns
[2020-09-11T16:26:23.099+0000][1][gc,start     ] GC(63) Pause Remark
[2020-09-11T16:26:23.243+0000][1][gc           ] GC(63) Pause Remark 121M->121M(2039M) 143.948ms
[2020-09-11T16:26:23.243+0000][1][gc,cpu       ] GC(63) User=0.04s Sys=0.00s Real=0.15s
[2020-09-11T16:26:23.280+0000][1][safepoint    ] Safepoint "CMS_Final_Remark", Time since last: 3538809 ns, Reaching safepoint: 1758297 ns, At safepoint: 177700706 ns, Total: 179459003 ns
[2020-09-11T16:26:23.299+0000][1][gc           ] GC(63) Concurrent Sweep
[2020-09-11T16:26:23.524+0000][1][gc           ] GC(63) Concurrent Sweep 225.433ms
[2020-09-11T16:26:23.524+0000][1][gc,cpu       ] GC(63) User=0.05s Sys=0.00s Real=0.23s
[2020-09-11T16:26:23.524+0000][1][gc           ] GC(63) Concurrent Reset
[2020-09-11T16:26:23.546+0000][1][safepoint    ] Safepoint "RevokeBias", Time since last: 254012023 ns, Reaching safepoint: 15262303 ns, At safepoint: 19168 ns, Total: 15281471 ns
[2020-09-11T16:26:23.546+0000][1][safepoint    ] Safepoint "RevokeBias", Time since last: 474146 ns, Reaching safepoint: 92117 ns, At safepoint: 10639 ns, Total: 102756 ns
[2020-09-11T16:26:23.578+0000][1][gc           ] GC(63) Concurrent Reset 53.618ms
[2020-09-11T16:26:23.578+0000][1][gc,cpu       ] GC(63) User=0.01s Sys=0.00s Real=0.05s
[2020-09-11T16:26:23.578+0000][1][gc,heap      ] GC(63) Old: 56601K->55677K(2011968K)
[2020-09-11T16:26:23.835+0000][1][gc,start     ] GC(64) Pause Young (Allocation Failure)
[2020-09-11T16:26:23.835+0000][1][gc,task      ] GC(64) Using 1 workers of 1 for evacuation
[2020-09-11T16:26:23.943+0000][1][gc,age       ] GC(64) Desired survivor size 4358144 bytes, new threshold 2 (max threshold 6)
[2020-09-11T16:26:23.943+0000][1][gc,age       ] GC(64) Age table with threshold 2 (max threshold 6)
[2020-09-11T16:26:23.949+0000][1][gc,age       ] GC(64) - age   1:    3524784 bytes,    3524784 total
[2020-09-11T16:26:23.949+0000][1][gc,age       ] GC(64) - age   2:    1257048 bytes,    4781832 total
[2020-09-11T16:26:23.949+0000][1][gc,age       ] GC(64) - age   3:    2205688 bytes,    6987520 total
[2020-09-11T16:26:23.949+0000][1][gc,heap      ] GC(64) ParNew: 73340K->7799K(76672K)
[2020-09-11T16:26:23.949+0000][1][gc,heap      ] GC(64) CMS: 55677K->55677K(2011968K)
[2020-09-11T16:26:23.949+0000][1][gc,metaspace ] GC(64) Metaspace: 65881K->65881K(1110016K)
[2020-09-11T16:26:23.949+0000][1][gc           ] GC(64) Pause Young (Allocation Failure) 125M->61M(2039M) 113.756ms
[2020-09-11T16:26:23.949+0000][1][gc,cpu       ] GC(64) User=0.04s Sys=0.00s Real=0.11s
[2020-09-11T16:26:23.949+0000][1][safepoint    ] Safepoint "GenCollectForAllocation", Time since last: 288576370 ns, Reaching safepoint: 353661 ns, At safepoint: 113837259 ns, Total: 114190920 ns
[2020-09-11T16:26:24.969+0000][1][safepoint    ] Safepoint "Cleanup", Time since last: 1018694902 ns, Reaching safepoint: 1144863 ns, At safepoint: 9783 ns, Total: 1154646 ns
[2020-09-11T16:26:25.315+0000][1][safepoint    ] Safepoint "Deoptimize", Time since last: 341173644 ns, Reaching safepoint: 1502382 ns, At safepoint: 3225391 ns, Total: 4727773 ns
[2020-09-11T16:26:25.410+0000][1][safepoint    ] Safepoint "Deoptimize", Time since last: 90969539 ns, Reaching safepoint: 3914365 ns, At safepoint: 340585 ns, Total: 4254950 ns
[2020-09-11T16:26:25.717+0000][1][safepoint    ] Safepoint "RevokeBias", Time since last: 302520713 ns, Reaching safepoint: 4357505 ns, At safepoint: 32922 ns, Total: 4390427 ns
[2020-09-11T16:26:25.720+0000][1][safepoint    ] Safepoint "RevokeBias", Time since last: 495680 ns, Reaching safepoint: 2526015 ns, At safepoint: 32723 ns, Total: 2558738 ns
[2020-09-11T16:26:25.721+0000][1][safepoint    ] Safepoint "RevokeBias", Time since last: 767626 ns, Reaching safepoint: 101925 ns, At safepoint: 19958 ns, Total: 121883 ns
[2020-09-11T16:26:25.722+0000][1][safepoint    ] Safepoint "RevokeBias", Time since last: 511418 ns, Reaching safepoint: 668406 ns, At safepoint: 32123 ns, Total: 700529 ns
[2020-09-11T16:26:25.722+0000][1][safepoint    ] Safepoint "RevokeBias", Time since last: 51504 ns, Reaching safepoint: 87021 ns, At safepoint: 16857 ns, Total: 103878 ns
[2020-09-11T16:26:25.723+0000][1][safepoint    ] Safepoint "RevokeBias", Time since last: 300494 ns, Reaching safepoint: 375590 ns, At safepoint: 18509 ns, Total: 394099 ns
[2020-09-11T16:26:25.725+0000][1][safepoint    ] Safepoint "RevokeBias", Time since last: 171493 ns, Reaching safepoint: 1752391 ns, At safepoint: 22191 ns, Total: 1774582 ns
[2020-09-11T16:26:25.728+0000][1][safepoint    ] Safepoint "RevokeBias", Time since last: 50043 ns, Reaching safepoint: 2681020 ns, At safepoint: 20859 ns, Total: 2701879 ns
[2020-09-11T16:26:25.734+0000][1][safepoint    ] Safepoint "RevokeBias", Time since last: 5588712 ns, Reaching safepoint: 1249220 ns, At safepoint: 30557 ns, Total: 1279777 ns
[2020-09-11T16:26:25.737+0000][1][safepoint    ] Safepoint "RevokeBias", Time since last: 1122955 ns, Reaching safepoint: 1243263 ns, At safepoint: 27284 ns, Total: 1270547 ns
[2020-09-11T16:26:25.740+0000][1][safepoint    ] Safepoint "RevokeBias", Time since last: 115151 ns, Reaching safepoint: 3072661 ns, At safepoint: 37559 ns, Total: 3110220 ns
[2020-09-11T16:26:25.746+0000][1][safepoint    ] Safepoint "Deoptimize", Time since last: 4737374 ns, Reaching safepoint: 641036 ns, At safepoint: 334217 ns, Total: 975253 ns
[2020-09-11T16:26:25.758+0000][1][safepoint    ] Safepoint "Deoptimize", Time since last: 11030782 ns, Reaching safepoint: 793895 ns, At safepoint: 342040 ns, Total: 1135935 ns
[2020-09-11T16:26:25.777+0000][1][safepoint    ] Safepoint "RevokeBias", Time since last: 17930789 ns, Reaching safepoint: 948708 ns, At safepoint: 52733 ns, Total: 1001441 ns
[2020-09-11T16:26:25.777+0000][1][safepoint    ] Safepoint "RevokeBias", Time since last: 76552 ns, Reaching safepoint: 96212 ns, At safepoint: 33866 ns, Total: 130078 ns
[2020-09-11T16:26:25.781+0000][1][safepoint    ] Safepoint "RevokeBias", Time since last: 40164 ns, Reaching safepoint: 3449477 ns, At safepoint: 43737 ns, Total: 3493214 ns
[2020-09-11T16:26:25.781+0000][1][safepoint    ] Safepoint "RevokeBias", Time since last: 62312 ns, Reaching safepoint: 103099 ns, At safepoint: 33529 ns, Total: 136628 ns
[2020-09-11T16:26:25.782+0000][1][safepoint    ] Safepoint "RevokeBias", Time since last: 55046 ns, Reaching safepoint: 1320102 ns, At safepoint: 39885 ns, Total: 1359987 ns
[2020-09-11T16:26:25.782+0000][1][safepoint    ] Safepoint "RevokeBias", Time since last: 68325 ns, Reaching safepoint: 88026 ns, At safepoint: 33601 ns, Total: 121627 ns
[2020-09-11T16:26:25.783+0000][1][safepoint    ] Safepoint "RevokeBias", Time since last: 41515 ns, Reaching safepoint: 84942 ns, At safepoint: 30592 ns, Total: 115534 ns
[2020-09-11T16:26:25.783+0000][1][safepoint    ] Safepoint "RevokeBias", Time since last: 40858 ns, Reaching safepoint: 84350 ns, At safepoint: 29528 ns, Total: 113878 ns
[2020-09-11T16:26:25.881+0000][1][safepoint    ] Safepoint "RevokeBias", Time since last: 97430435 ns, Reaching safepoint: 622431 ns, At safepoint: 36417 ns, Total: 658848 ns
[2020-09-11T16:26:25.885+0000][1][safepoint    ] Safepoint "RevokeBias", Time since last: 109950 ns, Reaching safepoint: 3874832 ns, At safepoint: 39842 ns, Total: 3914674 ns
[2020-09-11T16:26:25.889+0000][1][safepoint    ] Safepoint "RevokeBias", Time since last: 118612 ns, Reaching safepoint: 3852140 ns, At safepoint: 44267 ns, Total: 3896407 ns
[2020-09-11T16:26:25.910+0000][1][safepoint    ] Safepoint "RevokeBias", Time since last: 20903730 ns, Reaching safepoint: 576375 ns, At safepoint: 35606 ns, Total: 611981 ns
[2020-09-11T16:26:26.005+0000][1][safepoint    ] Safepoint "RevokeBias", Time since last: 91991939 ns, Reaching safepoint: 2466388 ns, At safepoint: 53639 ns, Total: 2520027 ns
[2020-09-11T16:26:26.031+0000][1][safepoint    ] Safepoint "RevokeBias", Time since last: 25695167 ns, Reaching safepoint: 106683 ns, At safepoint: 16818 ns, Total: 123501 ns
[2020-09-11T16:26:26.036+0000][1][safepoint    ] Safepoint "RevokeBias", Time since last: 963752 ns, Reaching safepoint: 4728272 ns, At safepoint: 21796 ns, Total: 4750068 ns
[2020-09-11T16:26:26.041+0000][1][safepoint    ] Safepoint "RevokeBias", Time since last: 2386591 ns, Reaching safepoint: 2019895 ns, At safepoint: 23982 ns, Total: 2043877 ns
[2020-09-11T16:26:26.073+0000][1][safepoint    ] Safepoint "RevokeBias", Time since last: 31971478 ns, Reaching safepoint: 114421 ns, At safepoint: 32409 ns, Total: 146830 ns
[2020-09-11T16:26:26.089+0000][1][safepoint    ] Safepoint "RevokeBias", Time since last: 13518928 ns, Reaching safepoint: 2340521 ns, At safepoint: 36607 ns, Total: 2377128 ns
[2020-09-11T16:26:26.093+0000][1][safepoint    ] Safepoint "RevokeBias", Time since last: 85436 ns, Reaching safepoint: 3839514 ns, At safepoint: 20846 ns, Total: 3860360 ns
[2020-09-11T16:26:26.097+0000][1][safepoint    ] Safepoint "RevokeBias", Time since last: 1506749 ns, Reaching safepoint: 2498224 ns, At safepoint: 25297 ns, Total: 2523521 ns
[2020-09-11T16:26:26.097+0000][1][safepoint    ] Safepoint "RevokeBias", Time since last: 63581 ns, Reaching safepoint: 90926 ns, At safepoint: 15904 ns, Total: 106830 ns
[2020-09-11T16:26:26.097+0000][1][safepoint    ] Safepoint "RevokeBias", Time since last: 52671 ns, Reaching safepoint: 82116 ns, At safepoint: 14291 ns, Total: 96407 ns
[2020-09-11T16:26:26.121+0000][1][safepoint    ] Safepoint "RevokeBias", Time since last: 23080483 ns, Reaching safepoint: 581639 ns, At safepoint: 61368 ns, Total: 643007 ns
[2020-09-11T16:26:26.133+0000][1][safepoint    ] Safepoint "RevokeBias", Time since last: 10051913 ns, Reaching safepoint: 1805034 ns, At safepoint: 90662 ns, Total: 1895696 ns
[2020-09-11T16:26:26.353+0000][1][safepoint    ] Safepoint "RevokeBias", Time since last: 219971945 ns, Reaching safepoint: 131140 ns, At safepoint: 44415 ns, Total: 175555 ns
[2020-09-11T16:26:26.353+0000][1][safepoint    ] Safepoint "RevokeBias", Time since last: 97264 ns, Reaching safepoint: 82614 ns, At safepoint: 23711 ns, Total: 106325 ns
[2020-09-11T16:26:26.353+0000][1][safepoint    ] Safepoint "RevokeBias", Time since last: 129030 ns, Reaching safepoint: 83005 ns, At safepoint: 22834 ns, Total: 105839 ns
[2020-09-11T16:26:26.354+0000][1][safepoint    ] Safepoint "RevokeBias", Time since last: 241026 ns, Reaching safepoint: 83975 ns, At safepoint: 22756 ns, Total: 106731 ns
[2020-09-11T16:26:26.362+0000][1][safepoint    ] Safepoint "RevokeBias", Time since last: 77595 ns, Reaching safepoint: 8063873 ns, At safepoint: 46341 ns, Total: 8110214 ns
[2020-09-11T16:26:26.362+0000][1][safepoint    ] Safepoint "RevokeBias", Time since last: 107457 ns, Reaching safepoint: 89780 ns, At safepoint: 24866 ns, Total: 114646 ns
[2020-09-11T16:26:26.365+0000][1][safepoint    ] Safepoint "RevokeBias", Time since last: 2617341 ns, Reaching safepoint: 97486 ns, At safepoint: 36265 ns, Total: 133751 ns
[2020-09-11T16:26:26.383+0000][1][safepoint    ] Safepoint "RevokeBias", Time since last: 9657345 ns, Reaching safepoint: 8265226 ns, At safepoint: 33197 ns, Total: 8298423 ns
[2020-09-11T16:26:26.389+0000][1][safepoint    ] Safepoint "RevokeBias", Time since last: 1178505 ns, Reaching safepoint: 4779987 ns, At safepoint: 57547 ns, Total: 4837534 ns
[2020-09-11T16:26:26.389+0000][1][safepoint    ] Safepoint "RevokeBias", Time since last: 135743 ns, Reaching safepoint: 84165 ns, At safepoint: 18142 ns, Total: 102307 ns
[2020-09-11T16:26:26.389+0000][1][safepoint    ] Safepoint "RevokeBias", Time since last: 128697 ns, Reaching safepoint: 82708 ns, At safepoint: 16095 ns, Total: 98803 ns
[2020-09-11T16:26:26.390+0000][1][safepoint    ] Safepoint "RevokeBias", Time since last: 128223 ns, Reaching safepoint: 89612 ns, At safepoint: 26562 ns, Total: 116174 ns
[2020-09-11T16:26:26.392+0000][1][safepoint    ] Safepoint "RevokeBias", Time since last: 66374 ns, Reaching safepoint: 2089795 ns, At safepoint: 40094 ns, Total: 2129889 ns
[2020-09-11T16:26:26.393+0000][1][safepoint    ] Safepoint "RevokeBias", Time since last: 56368 ns, Reaching safepoint: 940865 ns, At safepoint: 32291 ns, Total: 973156 ns
[2020-09-11T16:26:26.393+0000][1][safepoint    ] Safepoint "BulkRevokeBias", Time since last: 150701 ns, Reaching safepoint: 89050 ns, At safepoint: 122678 ns, Total: 211728 ns
[2020-09-11T16:26:26.394+0000][1][safepoint    ] Safepoint "RevokeBias", Time since last: 422193 ns, Reaching safepoint: 86272 ns, At safepoint: 33665 ns, Total: 119937 ns
[2020-09-11T16:26:26.397+0000][1][safepoint    ] Safepoint "RevokeBias", Time since last: 3216364 ns, Reaching safepoint: 96174 ns, At safepoint: 28459 ns, Total: 124633 ns
[2020-09-11T16:26:26.401+0000][1][safepoint    ] Safepoint "RevokeBias", Time since last: 3788099 ns, Reaching safepoint: 109892 ns, At safepoint: 41483 ns, Total: 151375 ns
[2020-09-11T16:26:26.457+0000][1][safepoint    ] Safepoint "RevokeBias", Time since last: 55787668 ns, Reaching safepoint: 110251 ns, At safepoint: 89160 ns, Total: 199411 ns
[2020-09-11T16:26:26.601+0000][1][safepoint    ] Safepoint "RevokeBias", Time since last: 142523007 ns, Reaching safepoint: 1309322 ns, At safepoint: 45246 ns, Total: 1354568 ns
[2020-09-11T16:26:26.601+0000][1][safepoint    ] Safepoint "RevokeBias", Time since last: 313065 ns, Reaching safepoint: 86363 ns, At safepoint: 28016 ns, Total: 114379 ns
[2020-09-11T16:26:26.601+0000][1][safepoint    ] Safepoint "RevokeBias", Time since last: 34542 ns, Reaching safepoint: 82878 ns, At safepoint: 32800 ns, Total: 115678 ns
[2020-09-11T16:26:26.605+0000][1][safepoint    ] Safepoint "RevokeBias", Time since last: 33118 ns, Reaching safepoint: 3346399 ns, At safepoint: 52524 ns, Total: 3398923 ns
[2020-09-11T16:26:26.606+0000][1][safepoint    ] Safepoint "RevokeBias", Time since last: 62497 ns, Reaching safepoint: 919660 ns, At safepoint: 39543 ns, Total: 959203 ns
[2020-09-11T16:26:26.613+0000][1][safepoint    ] Safepoint "RevokeBias", Time since last: 4146161 ns, Reaching safepoint: 2769026 ns, At safepoint: 56203 ns, Total: 2825229 ns
[2020-09-11T16:26:26.617+0000][1][safepoint    ] Safepoint "RevokeBias", Time since last: 66522 ns, Reaching safepoint: 3849738 ns, At safepoint: 41816 ns, Total: 3891554 ns
[2020-09-11T16:26:26.617+0000][1][safepoint    ] Safepoint "RevokeBias", Time since last: 48188 ns, Reaching safepoint: 147823 ns, At safepoint: 37120 ns, Total: 184943 ns
[2020-09-11T16:26:26.748+0000][1][gc,start     ] GC(65) Pause Young (Allocation Failure)
[2020-09-11T16:26:26.748+0000][1][gc,task      ] GC(65) Using 1 workers of 1 for evacuation
[2020-09-11T16:26:26.935+0000][1][gc,age       ] GC(65) Desired survivor size 4358144 bytes, new threshold 2 (max threshold 6)
[2020-09-11T16:26:26.935+0000][1][gc,age       ] GC(65) Age table with threshold 2 (max threshold 6)
[2020-09-11T16:26:26.935+0000][1][gc,age       ] GC(65) - age   1:    1686272 bytes,    1686272 total
[2020-09-11T16:26:26.935+0000][1][gc,age       ] GC(65) - age   2:    3444256 bytes,    5130528 total
[2020-09-11T16:26:26.935+0000][1][gc,heap      ] GC(65) ParNew: 75959K->6092K(76672K)
[2020-09-11T16:26:26.935+0000][1][gc,heap      ] GC(65) CMS: 55677K->91849K(2011968K)
[2020-09-11T16:26:26.935+0000][1][gc,metaspace ] GC(65) Metaspace: 70655K->70655K(1114112K)
[2020-09-11T16:26:26.935+0000][1][gc           ] GC(65) Pause Young (Allocation Failure) 128M->95M(2039M) 187.025ms
[2020-09-11T16:26:26.935+0000][1][gc,cpu       ] GC(65) User=0.05s Sys=0.00s Real=0.19s
[2020-09-11T16:26:26.997+0000][1][safepoint    ] Safepoint "RevokeBias", Time since last: 131005187 ns, Reaching safepoint: 121396 ns, At safepoint: 248624219 ns, Total: 248745615 ns
[2020-09-11T16:26:27.041+0000][1][safepoint    ] Safepoint "RevokeBias", Time since last: 43968206 ns, Reaching safepoint: 412977 ns, At safepoint: 51735 ns, Total: 464712 ns
[2020-09-11T16:26:27.055+0000][1][safepoint    ] Safepoint "RevokeBias", Time since last: 13550643 ns, Reaching safepoint: 122534 ns, At safepoint: 51653 ns, Total: 174187 ns
[2020-09-11T16:26:27.056+0000][1][safepoint    ] Safepoint "RevokeBias", Time since last: 444695 ns, Reaching safepoint: 90220 ns, At safepoint: 37023 ns, Total: 127243 ns
[2020-09-11T16:26:27.056+0000][1][safepoint    ] Safepoint "RevokeBias", Time since last: 51682 ns, Reaching safepoint: 85580 ns, At safepoint: 21142 ns, Total: 106722 ns
[2020-09-11T16:26:27.561+0000][1][safepoint    ] Safepoint "RevokeBias", Time since last: 502514932 ns, Reaching safepoint: 2597528 ns, At safepoint: 34856 ns, Total: 2632384 ns
[2020-09-11T16:26:27.563+0000][1][safepoint    ] Safepoint "RevokeBias", Time since last: 349688 ns, Reaching safepoint: 1739660 ns, At safepoint: 42883 ns, Total: 1782543 ns
[2020-09-11T16:26:27.606+0000][1][safepoint    ] Safepoint "RevokeBias", Time since last: 36091946 ns, Reaching safepoint: 6706385 ns, At safepoint: 63850 ns, Total: 6770235 ns
[2020-09-11T16:26:28.250+0000][1][safepoint    ] Safepoint "RevokeBias", Time since last: 630966030 ns, Reaching safepoint: 13535539 ns, At safepoint: 25964 ns, Total: 13561503 ns
[2020-09-11T16:26:28.262+0000][1][safepoint    ] Safepoint "RevokeBias", Time since last: 11841199 ns, Reaching safepoint: 100898 ns, At safepoint: 25133 ns, Total: 126031 ns
[2020-09-11T16:26:28.312+0000][1][safepoint    ] Safepoint "RevokeBias", Time since last: 49527963 ns, Reaching safepoint: 124564 ns, At safepoint: 52226 ns, Total: 176790 ns
[2020-09-11T16:26:28.323+0000][1][safepoint    ] Safepoint "RevokeBias", Time since last: 10612219 ns, Reaching safepoint: 116960 ns, At safepoint: 36682 ns, Total: 153642 ns
[2020-09-11T16:26:28.332+0000][1][safepoint    ] Safepoint "RevokeBias", Time since last: 997426 ns, Reaching safepoint: 7815660 ns, At safepoint: 41748 ns, Total: 7857408 ns
[2020-09-11T16:26:28.332+0000][1][safepoint    ] Safepoint "RevokeBias", Time since last: 79960 ns, Reaching safepoint: 87216 ns, At safepoint: 24182 ns, Total: 111398 ns
[2020-09-11T16:26:28.341+0000][1][safepoint    ] Safepoint "RevokeBias", Time since last: 8924918 ns, Reaching safepoint: 113782 ns, At safepoint: 33394 ns, Total: 147176 ns
[2020-09-11T16:26:28.341+0000][1][safepoint    ] Safepoint "RevokeBias", Time since last: 64620 ns, Reaching safepoint: 85912 ns, At safepoint: 22318 ns, Total: 108230 ns
[2020-09-11T16:26:28.397+0000][1][safepoint    ] Safepoint "RevokeBias", Time since last: 37146692 ns, Reaching safepoint: 18909560 ns, At safepoint: 72033 ns, Total: 18981593 ns
[2020-09-11T16:26:28.414+0000][1][safepoint    ] Safepoint "RevokeBias", Time since last: 15546474 ns, Reaching safepoint: 1401485 ns, At safepoint: 40870 ns, Total: 1442355 ns
[2020-09-11T16:26:28.625+0000][1][safepoint    ] Safepoint "RevokeBias", Time since last: 192442777 ns, Reaching safepoint: 18160167 ns, At safepoint: 58896 ns, Total: 18219063 ns
[2020-09-11T16:26:29.367+0000][1][safepoint    ] Safepoint "RevokeBias", Time since last: 742129738 ns, Reaching safepoint: 141725 ns, At safepoint: 33396 ns, Total: 175121 ns
[2020-09-11T16:26:29.367+0000][1][safepoint    ] Safepoint "RevokeBias", Time since last: 63590 ns, Reaching safepoint: 82236 ns, At safepoint: 18834 ns, Total: 101070 ns
[2020-09-11T16:26:29.409+0000][1][safepoint    ] Safepoint "RevokeBias", Time since last: 41843484 ns, Reaching safepoint: 125365 ns, At safepoint: 25874 ns, Total: 151239 ns
[2020-09-11T16:26:29.423+0000][1][safepoint    ] Safepoint "RevokeBias", Time since last: 329298 ns, Reaching safepoint: 13650700 ns, At safepoint: 39134 ns, Total: 13689834 ns
[2020-09-11T16:26:29.424+0000][1][safepoint    ] Safepoint "RevokeBias", Time since last: 514102 ns, Reaching safepoint: 93658 ns, At safepoint: 16603 ns, Total: 110261 ns
[2020-09-11T16:26:29.424+0000][1][safepoint    ] Safepoint "RevokeBias", Time since last: 42322 ns, Reaching safepoint: 102732 ns, At safepoint: 19585 ns, Total: 122317 ns
[2020-09-11T16:26:29.430+0000][1][safepoint    ] Safepoint "RevokeBias", Time since last: 5746057 ns, Reaching safepoint: 102297 ns, At safepoint: 22371 ns, Total: 124668 ns
[2020-09-11T16:26:29.473+0000][1][safepoint    ] Safepoint "RevokeBias", Time since last: 19134825 ns, Reaching safepoint: 23788691 ns, At safepoint: 29965 ns, Total: 23818656 ns
[2020-09-11T16:26:29.481+0000][1][safepoint    ] Safepoint "RevokeBias", Time since last: 7957271 ns, Reaching safepoint: 176255 ns, At safepoint: 19830 ns, Total: 196085 ns
[2020-09-11T16:26:29.482+0000][1][safepoint    ] Safepoint "RevokeBias", Time since last: 705254 ns, Reaching safepoint: 88653 ns, At safepoint: 11372 ns, Total: 100025 ns
[2020-09-11T16:26:29.500+0000][1][safepoint    ] Safepoint "RevokeBias", Time since last: 15148566 ns, Reaching safepoint: 2665762 ns, At safepoint: 30540 ns, Total: 2696302 ns
[2020-09-11T16:26:29.505+0000][1][safepoint    ] Safepoint "RevokeBias", Time since last: 2012006 ns, Reaching safepoint: 3004315 ns, At safepoint: 21152 ns, Total: 3025467 ns
[2020-09-11T16:26:29.505+0000][1][safepoint    ] Safepoint "RevokeBias", Time since last: 62576 ns, Reaching safepoint: 84345 ns, At safepoint: 12500 ns, Total: 96845 ns
[2020-09-11T16:26:29.505+0000][1][safepoint    ] Safepoint "RevokeBias", Time since last: 37029 ns, Reaching safepoint: 86534 ns, At safepoint: 13879 ns, Total: 100413 ns
[2020-09-11T16:26:29.545+0000][1][safepoint    ] Safepoint "RevokeBias", Time since last: 27669702 ns, Reaching safepoint: 12031570 ns, At safepoint: 33514 ns, Total: 12065084 ns
[2020-09-11T16:26:29.551+0000][1][safepoint    ] Safepoint "RevokeBias", Time since last: 5786938 ns, Reaching safepoint: 109354 ns, At safepoint: 26556 ns, Total: 135910 ns
[2020-09-11T16:26:29.551+0000][1][safepoint    ] Safepoint "RevokeBias", Time since last: 320467 ns, Reaching safepoint: 87647 ns, At safepoint: 11514 ns, Total: 99161 ns
[2020-09-11T16:26:29.551+0000][1][safepoint    ] Safepoint "RevokeBias", Time since last: 53227 ns, Reaching safepoint: 84285 ns, At safepoint: 12820 ns, Total: 97105 ns
[2020-09-11T16:26:29.598+0000][1][safepoint    ] Safepoint "RevokeBias", Time since last: 37443052 ns, Reaching safepoint: 9087152 ns, At safepoint: 21062 ns, Total: 9108214 ns
[2020-09-11T16:26:29.614+0000][1][safepoint    ] Safepoint "RevokeBias", Time since last: 16416585 ns, Reaching safepoint: 122240 ns, At safepoint: 16376 ns, Total: 138616 ns
[2020-09-11T16:26:29.615+0000][1][safepoint    ] Safepoint "RevokeBias", Time since last: 349917 ns, Reaching safepoint: 85350 ns, At safepoint: 23695 ns, Total: 109045 ns
[2020-09-11T16:26:29.616+0000][1][safepoint    ] Safepoint "RevokeBias", Time since last: 767909 ns, Reaching safepoint: 87891 ns, At safepoint: 36213 ns, Total: 124104 ns
[2020-09-11T16:26:29.629+0000][1][safepoint    ] Safepoint "RevokeBias", Time since last: 12184664 ns, Reaching safepoint: 591379 ns, At safepoint: 37965 ns, Total: 629344 ns
[2020-09-11T16:26:29.633+0000][1][safepoint    ] Safepoint "RevokeBias", Time since last: 968151 ns, Reaching safepoint: 3252135 ns, At safepoint: 71101 ns, Total: 3323236 ns
[2020-09-11T16:26:29.642+0000][1][safepoint    ] Safepoint "RevokeBias", Time since last: 3899537 ns, Reaching safepoint: 4816955 ns, At safepoint: 53931 ns, Total: 4870886 ns
[2020-09-11T16:26:30.337+0000][1][safepoint    ] Safepoint "RevokeBias", Time since last: 692297635 ns, Reaching safepoint: 2875243 ns, At safepoint: 25633 ns, Total: 2900876 ns
[2020-09-11T16:26:30.358+0000][1][safepoint    ] Safepoint "RevokeBias", Time since last: 21096759 ns, Reaching safepoint: 109393 ns, At safepoint: 20870 ns, Total: 130263 ns
[2020-09-11T16:26:30.649+0000][1][safepoint    ] Safepoint "RevokeBias", Time since last: 287614081 ns, Reaching safepoint: 3090126 ns, At safepoint: 21368 ns, Total: 3111494 ns
[2020-09-11T16:26:30.747+0000][1][safepoint    ] Safepoint "RevokeBias", Time since last: 96124678 ns, Reaching safepoint: 2120099 ns, At safepoint: 19992 ns, Total: 2140091 ns
[2020-09-11T16:26:30.773+0000][1][safepoint    ] Safepoint "RevokeBias", Time since last: 23908166 ns, Reaching safepoint: 1818679 ns, At safepoint: 58606 ns, Total: 1877285 ns
[2020-09-11T16:26:30.882+0000][1][safepoint    ] Safepoint "RevokeBias", Time since last: 108719429 ns, Reaching safepoint: 128972 ns, At safepoint: 22859 ns, Total: 151831 ns
[2020-09-11T16:26:30.912+0000][1][safepoint    ] Safepoint "RevokeBias", Time since last: 29395575 ns, Reaching safepoint: 1275052 ns, At safepoint: 34580 ns, Total: 1309632 ns
[2020-09-11T16:26:30.928+0000][1][safepoint    ] Safepoint "RevokeBias", Time since last: 14912019 ns, Reaching safepoint: 260851 ns, At safepoint: 27546 ns, Total: 288397 ns
[2020-09-11T16:26:30.961+0000][1][safepoint    ] Safepoint "RevokeBias", Time since last: 33133917 ns, Reaching safepoint: 112682 ns, At safepoint: 29346 ns, Total: 142028 ns
[2020-09-11T16:26:30.961+0000][1][safepoint    ] Safepoint "RevokeBias", Time since last: 359884 ns, Reaching safepoint: 15668 ns, At safepoint: 9058 ns, Total: 24726 ns
[2020-09-11T16:26:30.961+0000][1][safepoint    ] Safepoint "RevokeBias", Time since last: 119136 ns, Reaching safepoint: 14505 ns, At safepoint: 8655 ns, Total: 23160 ns
[2020-09-11T16:26:30.962+0000][1][safepoint    ] Safepoint "RevokeBias", Time since last: 122533 ns, Reaching safepoint: 14286 ns, At safepoint: 8372 ns, Total: 22658 ns
[2020-09-11T16:26:30.962+0000][1][safepoint    ] Safepoint "RevokeBias", Time since last: 69789 ns, Reaching safepoint: 14147 ns, At safepoint: 8215 ns, Total: 22362 ns
[2020-09-11T16:26:30.962+0000][1][safepoint    ] Safepoint "RevokeBias", Time since last: 116844 ns, Reaching safepoint: 14309 ns, At safepoint: 8141 ns, Total: 22450 ns
[2020-09-11T16:26:30.969+0000][1][safepoint    ] Safepoint "RevokeBias", Time since last: 6945267 ns, Reaching safepoint: 37323 ns, At safepoint: 16312 ns, Total: 53635 ns
[2020-09-11T16:26:30.969+0000][1][safepoint    ] Safepoint "RevokeBias", Time since last: 277230 ns, Reaching safepoint: 16249 ns, At safepoint: 10705 ns, Total: 26954 ns
[2020-09-11T16:26:30.969+0000][1][safepoint    ] Safepoint "RevokeBias", Time since last: 113160 ns, Reaching safepoint: 14672 ns, At safepoint: 8382 ns, Total: 23054 ns
[2020-09-11T16:26:30.969+0000][1][safepoint    ] Safepoint "RevokeBias", Time since last: 121300 ns, Reaching safepoint: 14463 ns, At safepoint: 8393 ns, Total: 22856 ns
[2020-09-11T16:26:30.970+0000][1][safepoint    ] Safepoint "RevokeBias", Time since last: 69486 ns, Reaching safepoint: 14048 ns, At safepoint: 8124 ns, Total: 22172 ns
[2020-09-11T16:26:30.970+0000][1][safepoint    ] Safepoint "RevokeBias", Time since last: 127448 ns, Reaching safepoint: 14284 ns, At safepoint: 8205 ns, Total: 22489 ns
[2020-09-11T16:26:30.970+0000][1][safepoint    ] Safepoint "RevokeBias", Time since last: 80264 ns, Reaching safepoint: 13973 ns, At safepoint: 8077 ns, Total: 22050 ns
[2020-09-11T16:26:30.973+0000][1][safepoint    ] Safepoint "RevokeBias", Time since last: 3225419 ns, Reaching safepoint: 37832 ns, At safepoint: 13035 ns, Total: 50867 ns
[2020-09-11T16:26:30.974+0000][1][safepoint    ] Safepoint "RevokeBias", Time since last: 715801 ns, Reaching safepoint: 91385 ns, At safepoint: 15947 ns, Total: 107332 ns
[2020-09-11T16:26:30.974+0000][1][safepoint    ] Safepoint "RevokeBias", Time since last: 486867 ns, Reaching safepoint: 87490 ns, At safepoint: 13558 ns, Total: 101048 ns
[2020-09-11T16:26:30.977+0000][1][safepoint    ] Safepoint "RevokeBias", Time since last: 81478 ns, Reaching safepoint: 2277495 ns, At safepoint: 23352 ns, Total: 2300847 ns
[2020-09-11T16:26:30.982+0000][1][safepoint    ] Safepoint "RevokeBias", Time since last: 266469 ns, Reaching safepoint: 5206113 ns, At safepoint: 22499 ns, Total: 5228612 ns
[2020-09-11T16:26:30.984+0000][1][safepoint    ] Safepoint "RevokeBias", Time since last: 1236776 ns, Reaching safepoint: 782506 ns, At safepoint: 30682 ns, Total: 813188 ns
[2020-09-11T16:26:30.985+0000][1][safepoint    ] Safepoint "RevokeBias", Time since last: 231743 ns, Reaching safepoint: 88455 ns, At safepoint: 19557 ns, Total: 108012 ns
[2020-09-11T16:26:30.985+0000][1][safepoint    ] Safepoint "RevokeBias", Time since last: 139751 ns, Reaching safepoint: 85452 ns, At safepoint: 27490 ns, Total: 112942 ns
[2020-09-11T16:26:30.986+0000][1][safepoint    ] Safepoint "RevokeBias", Time since last: 551518 ns, Reaching safepoint: 89150 ns, At safepoint: 43980 ns, Total: 133130 ns
[2020-09-11T16:26:30.988+0000][1][safepoint    ] Safepoint "RevokeBias", Time since last: 2044213 ns, Reaching safepoint: 174942 ns, At safepoint: 32252 ns, Total: 207194 ns
[2020-09-11T16:26:30.993+0000][1][safepoint    ] Safepoint "RevokeBias", Time since last: 4945195 ns, Reaching safepoint: 179995 ns, At safepoint: 56867 ns, Total: 236862 ns
[2020-09-11T16:26:30.994+0000][1][safepoint    ] Safepoint "RevokeBias", Time since last: 336438 ns, Reaching safepoint: 85674 ns, At safepoint: 34497 ns, Total: 120171 ns
[2020-09-11T16:26:31.017+0000][1][safepoint    ] Safepoint "BulkRevokeBias", Time since last: 23266468 ns, Reaching safepoint: 115928 ns, At safepoint: 160630 ns, Total: 276558 ns
[2020-09-11T16:26:31.019+0000][1][safepoint    ] Safepoint "RevokeBias", Time since last: 1945173 ns, Reaching safepoint: 26230 ns, At safepoint: 15500 ns, Total: 41730 ns
[2020-09-11T16:26:31.021+0000][1][safepoint    ] Safepoint "RevokeBias", Time since last: 1701197 ns, Reaching safepoint: 28677 ns, At safepoint: 13603 ns, Total: 42280 ns
[2020-09-11T16:26:31.021+0000][1][safepoint    ] Safepoint "RevokeBias", Time since last: 473488 ns, Reaching safepoint: 17276 ns, At safepoint: 9933 ns, Total: 27209 ns
[2020-09-11T16:26:31.029+0000][1][safepoint    ] Safepoint "RevokeBias", Time since last: 7983682 ns, Reaching safepoint: 106640 ns, At safepoint: 14166 ns, Total: 120806 ns
[2020-09-11T16:26:31.033+0000][1][safepoint    ] Safepoint "RevokeBias", Time since last: 350285 ns, Reaching safepoint: 3032670 ns, At safepoint: 23378 ns, Total: 3056048 ns
[2020-09-11T16:26:31.051+0000][1][safepoint    ] Safepoint "RevokeBias", Time since last: 18476919 ns, Reaching safepoint: 127352 ns, At safepoint: 21030 ns, Total: 148382 ns
[2020-09-11T16:26:31.052+0000][1][safepoint    ] Safepoint "RevokeBias", Time since last: 690588 ns, Reaching safepoint: 108059 ns, At safepoint: 14851 ns, Total: 122910 ns
[2020-09-11T16:26:31.055+0000][1][safepoint    ] Safepoint "RevokeBias", Time since last: 447984 ns, Reaching safepoint: 1991029 ns, At safepoint: 17816 ns, Total: 2008845 ns
[2020-09-11T16:26:31.371+0000][1][safepoint    ] Safepoint "BulkRevokeBias", Time since last: 315521200 ns, Reaching safepoint: 123141 ns, At safepoint: 247039 ns, Total: 370180 ns
[2020-09-11T16:26:31.383+0000][1][safepoint    ] Safepoint "RevokeBias", Time since last: 11830938 ns, Reaching safepoint: 121605 ns, At safepoint: 16076 ns, Total: 137681 ns
[2020-09-11T16:26:31.384+0000][1][safepoint    ] Safepoint "RevokeBias", Time since last: 1384071 ns, Reaching safepoint: 102791 ns, At safepoint: 12307 ns, Total: 115098 ns
[2020-09-11T16:26:31.509+0000][1][safepoint    ] Safepoint "RevokeBias", Time since last: 115929529 ns, Reaching safepoint: 8830796 ns, At safepoint: 61738 ns, Total: 8892534 ns
[2020-09-11T16:26:31.981+0000][1][safepoint    ] Safepoint "RevokeBias", Time since last: 472039659 ns, Reaching safepoint: 113223 ns, At safepoint: 22227 ns, Total: 135450 ns
[2020-09-11T16:26:31.988+0000][1][safepoint    ] Safepoint "RevokeBias", Time since last: 6190301 ns, Reaching safepoint: 222690 ns, At safepoint: 38772 ns, Total: 261462 ns
[2020-09-11T16:26:31.997+0000][1][safepoint    ] Safepoint "RevokeBias", Time since last: 9396077 ns, Reaching safepoint: 111696 ns, At safepoint: 77130 ns, Total: 188826 ns
[2020-09-11T16:26:32.003+0000][1][safepoint    ] Safepoint "RevokeBias", Time since last: 5807567 ns, Reaching safepoint: 113737 ns, At safepoint: 47805 ns, Total: 161542 ns
[2020-09-11T16:26:32.912+0000][1][safepoint    ] Safepoint "RevokeBias", Time since last: 908755852 ns, Reaching safepoint: 122181 ns, At safepoint: 37733 ns, Total: 159914 ns
[2020-09-11T16:26:32.925+0000][1][safepoint    ] Safepoint "RevokeBias", Time since last: 12804106 ns, Reaching safepoint: 121531 ns, At safepoint: 32522 ns, Total: 154053 ns
[2020-09-11T16:26:32.925+0000][1][safepoint    ] Safepoint "RevokeBias", Time since last: 288984 ns, Reaching safepoint: 86675 ns, At safepoint: 20642 ns, Total: 107317 ns
[2020-09-11T16:26:32.965+0000][1][safepoint    ] Safepoint "RevokeBias", Time since last: 23436623 ns, Reaching safepoint: 16114794 ns, At safepoint: 60741 ns, Total: 16175535 ns
[2020-09-11T16:26:32.966+0000][1][safepoint    ] Safepoint "RevokeBias", Time since last: 769626 ns, Reaching safepoint: 92642 ns, At safepoint: 11531 ns, Total: 104173 ns
[2020-09-11T16:26:32.966+0000][1][safepoint    ] Safepoint "RevokeBias", Time since last: 129374 ns, Reaching safepoint: 87088 ns, At safepoint: 40031 ns, Total: 127119 ns
[2020-09-11T16:26:32.967+0000][1][safepoint    ] Safepoint "RevokeBias", Time since last: 516991 ns, Reaching safepoint: 88188 ns, At safepoint: 38605 ns, Total: 126793 ns
[2020-09-11T16:26:33.678+0000][1][safepoint    ] Safepoint "RevokeBias", Time since last: 711074063 ns, Reaching safepoint: 121063 ns, At safepoint: 15832 ns, Total: 136895 ns
[2020-09-11T16:26:33.681+0000][1][safepoint    ] Safepoint "RevokeBias", Time since last: 2848646 ns, Reaching safepoint: 111185 ns, At safepoint: 14801 ns, Total: 125986 ns
[2020-09-11T16:26:33.681+0000][1][safepoint    ] Safepoint "RevokeBias", Time since last: 197465 ns, Reaching safepoint: 84366 ns, At safepoint: 9920 ns, Total: 94286 ns
[2020-09-11T16:26:33.682+0000][1][safepoint    ] Safepoint "RevokeBias", Time since last: 200116 ns, Reaching safepoint: 84870 ns, At safepoint: 8833 ns, Total: 93703 ns
[2020-09-11T16:26:33.698+0000][1][safepoint    ] Safepoint "RevokeBias", Time since last: 16407810 ns, Reaching safepoint: 112182 ns, At safepoint: 13796 ns, Total: 125978 ns
[2020-09-11T16:26:33.699+0000][1][safepoint    ] Safepoint "RevokeBias", Time since last: 651447 ns, Reaching safepoint: 88526 ns, At safepoint: 10537 ns, Total: 99063 ns
[2020-09-11T16:26:34.196+0000][1][safepoint    ] Safepoint "RevokeBias", Time since last: 496829716 ns, Reaching safepoint: 329229 ns, At safepoint: 16938 ns, Total: 346167 ns
[2020-09-11T16:26:34.244+0000][1][safepoint    ] Safepoint "RevokeBias", Time since last: 47425452 ns, Reaching safepoint: 118080 ns, At safepoint: 15926 ns, Total: 134006 ns
[2020-09-11T16:26:34.261+0000][1][safepoint    ] Safepoint "RevokeBias", Time since last: 17429476 ns, Reaching safepoint: 115216 ns, At safepoint: 18821 ns, Total: 134037 ns
[2020-09-11T16:26:34.293+0000][1][safepoint    ] Safepoint "RevokeBias", Time since last: 31479974 ns, Reaching safepoint: 48833 ns, At safepoint: 18647 ns, Total: 67480 ns
[2020-09-11T16:26:34.301+0000][1][safepoint    ] Safepoint "RevokeBias", Time since last: 8371969 ns, Reaching safepoint: 115867 ns, At safepoint: 19833 ns, Total: 135700 ns
[2020-09-11T16:26:34.301+0000][1][safepoint    ] Safepoint "RevokeBias", Time since last: 164024 ns, Reaching safepoint: 88278 ns, At safepoint: 10865 ns, Total: 99143 ns
[2020-09-11T16:26:34.302+0000][1][safepoint    ] Safepoint "RevokeBias", Time since last: 147706 ns, Reaching safepoint: 85837 ns, At safepoint: 12719 ns, Total: 98556 ns
[2020-09-11T16:26:34.305+0000][1][safepoint    ] Safepoint "RevokeBias", Time since last: 3125609 ns, Reaching safepoint: 113659 ns, At safepoint: 19213 ns, Total: 132872 ns
[2020-09-11T16:26:34.305+0000][1][safepoint    ] Safepoint "RevokeBias", Time since last: 190336 ns, Reaching safepoint: 87445 ns, At safepoint: 13445 ns, Total: 100890 ns
[2020-09-11T16:26:34.306+0000][1][safepoint    ] Safepoint "RevokeBias", Time since last: 305534 ns, Reaching safepoint: 88277 ns, At safepoint: 13574 ns, Total: 101851 ns
[2020-09-11T16:26:34.310+0000][1][safepoint    ] Safepoint "RevokeBias", Time since last: 4705612 ns, Reaching safepoint: 117794 ns, At safepoint: 20261 ns, Total: 138055 ns
[2020-09-11T16:26:34.311+0000][1][safepoint    ] Safepoint "RevokeBias", Time since last: 348734 ns, Reaching safepoint: 90602 ns, At safepoint: 14128 ns, Total: 104730 ns
[2020-09-11T16:26:34.321+0000][1][safepoint    ] Safepoint "RevokeBias", Time since last: 10065448 ns, Reaching safepoint: 388449 ns, At safepoint: 20516 ns, Total: 408965 ns
[2020-09-11T16:26:34.366+0000][1][safepoint    ] Safepoint "RevokeBias", Time since last: 44847162 ns, Reaching safepoint: 54210 ns, At safepoint: 124630 ns, Total: 178840 ns
[2020-09-11T16:26:34.367+0000][1][safepoint    ] Safepoint "RevokeBias", Time since last: 191632 ns, Reaching safepoint: 14874 ns, At safepoint: 12139 ns, Total: 27013 ns
[2020-09-11T16:26:34.378+0000][1][safepoint    ] Safepoint "BulkRevokeBias", Time since last: 11251850 ns, Reaching safepoint: 35965 ns, At safepoint: 125501 ns, Total: 161466 ns
[2020-09-11T16:26:34.382+0000][1][safepoint    ] Safepoint "RevokeBias", Time since last: 3971635 ns, Reaching safepoint: 37378 ns, At safepoint: 15139 ns, Total: 52517 ns
[2020-09-11T16:26:34.382+0000][1][safepoint    ] Safepoint "RevokeBias", Time since last: 74335 ns, Reaching safepoint: 15113 ns, At safepoint: 9161 ns, Total: 24274 ns
[2020-09-11T16:26:34.385+0000][1][safepoint    ] Safepoint "BulkRevokeBias", Time since last: 2605062 ns, Reaching safepoint: 34021 ns, At safepoint: 120663 ns, Total: 154684 ns
[2020-09-11T16:26:34.810+0000][1][gc,start     ] GC(66) Pause Young (Allocation Failure)
[2020-09-11T16:26:34.811+0000][1][gc,task      ] GC(66) Using 1 workers of 1 for evacuation
[2020-09-11T16:26:35.037+0000][1][gc,age       ] GC(66) Desired survivor size 4358144 bytes, new threshold 6 (max threshold 6)
[2020-09-11T16:26:35.037+0000][1][gc,age       ] GC(66) Age table with threshold 6 (max threshold 6)
[2020-09-11T16:26:35.037+0000][1][gc,age       ] GC(66) - age   1:    1694248 bytes,    1694248 total
[2020-09-11T16:26:35.037+0000][1][gc,age       ] GC(66) - age   2:    1372632 bytes,    3066880 total
[2020-09-11T16:26:35.037+0000][1][gc,heap      ] GC(66) ParNew: 74252K->5280K(76672K)
[2020-09-11T16:26:35.037+0000][1][gc,heap      ] GC(66) CMS: 91849K->95348K(2011968K)
[2020-09-11T16:26:35.037+0000][1][gc,metaspace ] GC(66) Metaspace: 74296K->74296K(1118208K)
[2020-09-11T16:26:35.037+0000][1][gc           ] GC(66) Pause Young (Allocation Failure) 162M->98M(2039M) 226.499ms
[2020-09-11T16:26:35.037+0000][1][gc,cpu       ] GC(66) User=0.06s Sys=0.00s Real=0.23s
[2020-09-11T16:26:35.109+0000][1][safepoint    ] Safepoint "GenCollectForAllocation", Time since last: 425396657 ns, Reaching safepoint: 130993 ns, At safepoint: 298316257 ns, Total: 298447250 ns
[2020-09-11T16:26:36.110+0000][1][safepoint    ] Safepoint "RevokeBias", Time since last: 987350810 ns, Reaching safepoint: 13786398 ns, At safepoint: 25700 ns, Total: 13812098 ns
[2020-09-11T16:26:36.387+0000][1][safepoint    ] Safepoint "RevokeBias", Time since last: 276534534 ns, Reaching safepoint: 120790 ns, At safepoint: 20935 ns, Total: 141725 ns
[2020-09-11T16:26:36.389+0000][1][safepoint    ] Safepoint "RevokeBias", Time since last: 2191856 ns, Reaching safepoint: 94680 ns, At safepoint: 16665 ns, Total: 111345 ns
[2020-09-11T16:26:37.108+0000][1][safepoint    ] Safepoint "RevokeBias", Time since last: 719336208 ns, Reaching safepoint: 140216 ns, At safepoint: 19336 ns, Total: 159552 ns
[2020-09-11T16:26:37.109+0000][1][safepoint    ] Safepoint "RevokeBias", Time since last: 85695 ns, Reaching safepoint: 17992 ns, At safepoint: 10951 ns, Total: 28943 ns
[2020-09-11T16:26:38.105+0000][1][safepoint    ] Safepoint "RevokeBias", Time since last: 978366820 ns, Reaching safepoint: 17991787 ns, At safepoint: 34595 ns, Total: 18026382 ns
[2020-09-11T16:26:38.106+0000][1][safepoint    ] Safepoint "RevokeBias", Time since last: 1027134 ns, Reaching safepoint: 103652 ns, At safepoint: 16423 ns, Total: 120075 ns
[2020-09-11T16:26:38.107+0000][1][safepoint    ] Safepoint "RevokeBias", Time since last: 685781 ns, Reaching safepoint: 93303 ns, At safepoint: 13780 ns, Total: 107083 ns
[2020-09-11T16:26:38.706+0000][1][safepoint    ] Safepoint "RevokeBias", Time since last: 598993293 ns, Reaching safepoint: 335814 ns, At safepoint: 18981 ns, Total: 354795 ns
[2020-09-11T16:26:39.519+0000][1][safepoint    ] Safepoint "RevokeBias", Time since last: 811400361 ns, Reaching safepoint: 892729 ns, At safepoint: 22224 ns, Total: 914953 ns
[2020-09-11T16:26:39.519+0000][1][safepoint    ] Safepoint "RevokeBias", Time since last: 150336 ns, Reaching safepoint: 577805 ns, At safepoint: 17261 ns, Total: 595066 ns
[2020-09-11T16:26:39.519+0000][1][safepoint    ] Safepoint "RevokeBias", Time since last: 46661 ns, Reaching safepoint: 113685 ns, At safepoint: 24672 ns, Total: 138357 ns
[2020-09-11T16:26:39.549+0000][1][safepoint    ] Safepoint "RevokeBias", Time since last: 24662497 ns, Reaching safepoint: 5081499 ns, At safepoint: 24198 ns, Total: 5105697 ns
[2020-09-11T16:26:39.605+0000][1][safepoint    ] Safepoint "RevokeBias", Time since last: 55468426 ns, Reaching safepoint: 198474 ns, At safepoint: 19671 ns, Total: 218145 ns
[2020-09-11T16:26:39.620+0000][1][safepoint    ] Safepoint "RevokeBias", Time since last: 12179205 ns, Reaching safepoint: 2817208 ns, At safepoint: 22218 ns, Total: 2839426 ns
[2020-09-11T16:26:39.785+0000][1][safepoint    ] Safepoint "RevokeBias", Time since last: 165176128 ns, Reaching safepoint: 120659 ns, At safepoint: 15035 ns, Total: 135694 ns
[2020-09-11T16:26:39.845+0000][1][safepoint    ] Safepoint "RevokeBias", Time since last: 60084558 ns, Reaching safepoint: 130411 ns, At safepoint: 42259 ns, Total: 172670 ns
[2020-09-11T16:26:39.869+0000][1][safepoint    ] Safepoint "RevokeBias", Time since last: 23297052 ns, Reaching safepoint: 125002 ns, At safepoint: 9930 ns, Total: 134932 ns
[2020-09-11T16:26:39.870+0000][1][safepoint    ] Safepoint "RevokeBias", Time since last: 684004 ns, Reaching safepoint: 96389 ns, At safepoint: 6055 ns, Total: 102444 ns
[2020-09-11T16:26:39.982+0000][1][safepoint    ] Safepoint "RevokeBias", Time since last: 105938541 ns, Reaching safepoint: 5958687 ns, At safepoint: 17982 ns, Total: 5976669 ns
[2020-09-11T16:26:39.983+0000][1][safepoint    ] Safepoint "RevokeBias", Time since last: 77998 ns, Reaching safepoint: 1710531 ns, At safepoint: 23688 ns, Total: 1734219 ns
[2020-09-11T16:26:40.002+0000][1][safepoint    ] Safepoint "RevokeBias", Time since last: 13805186 ns, Reaching safepoint: 4658031 ns, At safepoint: 48208 ns, Total: 4706239 ns
[2020-09-11T16:26:40.384+0000][1][safepoint    ] Safepoint "Deoptimize", Time since last: 381167696 ns, Reaching safepoint: 705945 ns, At safepoint: 407249 ns, Total: 1113194 ns
[2020-09-11T16:26:40.415+0000][1][safepoint    ] Safepoint "RevokeBias", Time since last: 28290019 ns, Reaching safepoint: 2397138 ns, At safepoint: 12229 ns, Total: 2409367 ns
[2020-09-11T16:26:40.494+0000][1][safepoint    ] Safepoint "RevokeBias", Time since last: 74476162 ns, Reaching safepoint: 4900440 ns, At safepoint: 36984 ns, Total: 4937424 ns
[2020-09-11T16:26:40.561+0000][1][gc,start     ] GC(67) Pause Young (Allocation Failure)
[2020-09-11T16:26:40.561+0000][1][gc,task      ] GC(67) Using 1 workers of 1 for evacuation
[2020-09-11T16:26:40.679+0000][1][gc,age       ] GC(67) Desired survivor size 4358144 bytes, new threshold 6 (max threshold 6)
[2020-09-11T16:26:40.679+0000][1][gc,age       ] GC(67) Age table with threshold 6 (max threshold 6)
[2020-09-11T16:26:40.679+0000][1][gc,age       ] GC(67) - age   1:    1307040 bytes,    1307040 total
[2020-09-11T16:26:40.679+0000][1][gc,age       ] GC(67) - age   2:    1357672 bytes,    2664712 total
[2020-09-11T16:26:40.679+0000][1][gc,age       ] GC(67) - age   3:    1371720 bytes,    4036432 total
[2020-09-11T16:26:40.679+0000][1][gc,heap      ] GC(67) ParNew: 73440K->4886K(76672K)
[2020-09-11T16:26:40.679+0000][1][gc,heap      ] GC(67) CMS: 95348K->95348K(2011968K)
[2020-09-11T16:26:40.679+0000][1][gc,metaspace ] GC(67) Metaspace: 76332K->76332K(1120256K)
[2020-09-11T16:26:40.679+0000][1][gc           ] GC(67) Pause Young (Allocation Failure) 164M->97M(2039M) 117.734ms
[2020-09-11T16:26:40.679+0000][1][gc,cpu       ] GC(67) User=0.03s Sys=0.00s Real=0.11s
[2020-09-11T16:26:40.769+0000][1][safepoint    ] Safepoint "GenCollectForAllocation", Time since last: 58204926 ns, Reaching safepoint: 8796809 ns, At safepoint: 207447767 ns, Total: 216244576 ns
[2020-09-11T16:26:40.787+0000][1][safepoint    ] Safepoint "RevokeBias", Time since last: 43713 ns, Reaching safepoint: 158494 ns, At safepoint: 18016636 ns, Total: 18175130 ns
[2020-09-11T16:26:40.826+0000][1][safepoint    ] Safepoint "RevokeBias", Time since last: 38134833 ns, Reaching safepoint: 1208703 ns, At safepoint: 53915 ns, Total: 1262618 ns
[2020-09-11T16:26:40.845+0000][1][safepoint    ] Safepoint "RevokeBias", Time since last: 18418955 ns, Reaching safepoint: 209207 ns, At safepoint: 11130 ns, Total: 220337 ns
[2020-09-11T16:26:40.877+0000][1][safepoint    ] Safepoint "RevokeBias", Time since last: 27746870 ns, Reaching safepoint: 4067508 ns, At safepoint: 25165 ns, Total: 4092673 ns
[2020-09-11T16:26:40.961+0000][1][safepoint    ] Safepoint "RevokeBias", Time since last: 80152047 ns, Reaching safepoint: 3837583 ns, At safepoint: 102344 ns, Total: 3939927 ns
[2020-09-11T16:26:40.962+0000][1][safepoint    ] Safepoint "RevokeBias", Time since last: 1062987 ns, Reaching safepoint: 120616 ns, At safepoint: 58540 ns, Total: 179156 ns
[2020-09-11T16:26:40.976+0000][1][safepoint    ] Safepoint "RevokeBias", Time since last: 11142092 ns, Reaching safepoint: 2164639 ns, At safepoint: 79376 ns, Total: 2244015 ns
[2020-09-11T16:26:41.046+0000][1][safepoint    ] Safepoint "BulkRevokeBias", Time since last: 69413876 ns, Reaching safepoint: 825299 ns, At safepoint: 319576 ns, Total: 1144875 ns
[2020-09-11T16:26:41.046+0000][1][safepoint    ] Safepoint "RevokeBias", Time since last: 82047 ns, Reaching safepoint: 120782 ns, At safepoint: 8745 ns, Total: 129527 ns
[2020-09-11T16:26:41.061+0000][1][safepoint    ] Safepoint "RevokeBias", Time since last: 14420297 ns, Reaching safepoint: 227935 ns, At safepoint: 15833 ns, Total: 243768 ns
[2020-09-11T16:26:41.064+0000][1][safepoint    ] Safepoint "RevokeBias", Time since last: 2596606 ns, Reaching safepoint: 135831 ns, At safepoint: 11054 ns, Total: 146885 ns
[2020-09-11T16:26:41.169+0000][1][safepoint    ] Safepoint "BulkRevokeBias", Time since last: 105010144 ns, Reaching safepoint: 224129 ns, At safepoint: 318290 ns, Total: 542419 ns
[2020-09-11T16:26:41.896+0000][1][safepoint    ] Safepoint "Deoptimize", Time since last: 725822828 ns, Reaching safepoint: 139686 ns, At safepoint: 424556 ns, Total: 564242 ns
[2020-09-11T16:26:42.218+0000][1][safepoint    ] Safepoint "RevokeBias", Time since last: 312394194 ns, Reaching safepoint: 9793008 ns, At safepoint: 27252 ns, Total: 9820260 ns
[2020-09-11T16:26:42.394+0000][1][safepoint    ] Safepoint "RevokeBias", Time since last: 175924647 ns, Reaching safepoint: 156883 ns, At safepoint: 11260 ns, Total: 168143 ns
[2020-09-11T16:26:42.455+0000][1][safepoint    ] Safepoint "RevokeBias", Time since last: 60907563 ns, Reaching safepoint: 207099 ns, At safepoint: 8994 ns, Total: 216093 ns
[2020-09-11T16:26:42.534+0000][1][safepoint    ] Safepoint "RevokeBias", Time since last: 77628108 ns, Reaching safepoint: 1673256 ns, At safepoint: 17000 ns, Total: 1690256 ns
[2020-09-11T16:26:42.568+0000][1][safepoint    ] Safepoint "RevokeBias", Time since last: 33479944 ns, Reaching safepoint: 131934 ns, At safepoint: 9806 ns, Total: 141740 ns
[2020-09-11T16:26:42.680+0000][1][safepoint    ] Safepoint "RevokeBias", Time since last: 111476514 ns, Reaching safepoint: 131478 ns, At safepoint: 9162 ns, Total: 140640 ns
[2020-09-11T16:26:42.680+0000][1][safepoint    ] Safepoint "RevokeBias", Time since last: 266091 ns, Reaching safepoint: 22789 ns, At safepoint: 5022 ns, Total: 27811 ns
[2020-09-11T16:26:43.149+0000][1][safepoint    ] Safepoint "RevokeBias", Time since last: 468780607 ns, Reaching safepoint: 149203 ns, At safepoint: 9515 ns, Total: 158718 ns
[2020-09-11T16:26:43.265+0000][1][safepoint    ] Safepoint "RevokeBias", Time since last: 115826742 ns, Reaching safepoint: 122679 ns, At safepoint: 8560 ns, Total: 131239 ns
[2020-09-11T16:26:43.266+0000][1][safepoint    ] Safepoint "RevokeBias", Time since last: 738382 ns, Reaching safepoint: 95099 ns, At safepoint: 5861 ns, Total: 100960 ns
[2020-09-11T16:26:44.269+0000][1][safepoint    ] Safepoint "Cleanup", Time since last: 1003122984 ns, Reaching safepoint: 49587 ns, At safepoint: 6684 ns, Total: 56271 ns
[2020-09-11T16:26:45.041+0000][1][safepoint    ] Safepoint "RevokeBias", Time since last: 771852589 ns, Reaching safepoint: 122675 ns, At safepoint: 9197 ns, Total: 131872 ns
[2020-09-11T16:26:45.049+0000][1][safepoint    ] Safepoint "RevokeBias", Time since last: 352998 ns, Reaching safepoint: 7572405 ns, At safepoint: 18392 ns, Total: 7590797 ns
[2020-09-11T16:26:46.053+0000][1][safepoint    ] Safepoint "Cleanup", Time since last: 1001431489 ns, Reaching safepoint: 2552016 ns, At safepoint: 8368 ns, Total: 2560384 ns
[2020-09-11T16:26:46.737+0000][1][gc,start     ] GC(68) Pause Young (Allocation Failure)
[2020-09-11T16:26:46.737+0000][1][gc,task      ] GC(68) Using 1 workers of 1 for evacuation
[2020-09-11T16:26:46.828+0000][1][gc,age       ] GC(68) Desired survivor size 4358144 bytes, new threshold 4 (max threshold 6)
[2020-09-11T16:26:46.828+0000][1][gc,age       ] GC(68) Age table with threshold 4 (max threshold 6)
[2020-09-11T16:26:46.828+0000][1][gc,age       ] GC(68) - age   1:    1149048 bytes,    1149048 total
[2020-09-11T16:26:46.828+0000][1][gc,age       ] GC(68) - age   2:    1128752 bytes,    2277800 total
[2020-09-11T16:26:46.828+0000][1][gc,age       ] GC(68) - age   3:    1355848 bytes,    3633648 total
[2020-09-11T16:26:46.828+0000][1][gc,age       ] GC(68) - age   4:    1371392 bytes,    5005040 total
[2020-09-11T16:26:46.828+0000][1][gc,heap      ] GC(68) ParNew: 73046K->7134K(76672K)
[2020-09-11T16:26:46.828+0000][1][gc,heap      ] GC(68) CMS: 95348K->95348K(2011968K)
[2020-09-11T16:26:46.828+0000][1][gc,metaspace ] GC(68) Metaspace: 78964K->78964K(1122304K)
[2020-09-11T16:26:46.829+0000][1][gc           ] GC(68) Pause Young (Allocation Failure) 164M->100M(2039M) 91.971ms
[2020-09-11T16:26:46.829+0000][1][gc,cpu       ] GC(68) User=0.03s Sys=0.00s Real=0.09s
[2020-09-11T16:26:46.829+0000][1][safepoint    ] Safepoint "GenCollectForAllocation", Time since last: 680353895 ns, Reaching safepoint: 3606121 ns, At safepoint: 92107229 ns, Total: 95713350 ns
[2020-09-11T16:26:47.390+0000][1][safepoint    ] Safepoint "RevokeBias", Time since last: 561182729 ns, Reaching safepoint: 143850 ns, At safepoint: 56497 ns, Total: 200347 ns
[2020-09-11T16:26:47.515+0000][1][safepoint    ] Safepoint "RevokeBias", Time since last: 123094842 ns, Reaching safepoint: 1093704 ns, At safepoint: 54138 ns, Total: 1147842 ns
[2020-09-11T16:26:47.543+0000][1][safepoint    ] Safepoint "RevokeBias", Time since last: 28649151 ns, Reaching safepoint: 81044 ns, At safepoint: 11944 ns, Total: 92988 ns
[2020-09-11T16:26:47.549+0000][1][safepoint    ] Safepoint "RevokeBias", Time since last: 5905420 ns, Reaching safepoint: 62542 ns, At safepoint: 9000 ns, Total: 71542 ns
[2020-09-11T16:26:47.655+0000][1][safepoint    ] Safepoint "RevokeBias", Time since last: 105260628 ns, Reaching safepoint: 134135 ns, At safepoint: 82789 ns, Total: 216924 ns
[2020-09-11T16:26:47.722+0000][1][safepoint    ] Safepoint "RevokeBias", Time since last: 66632821 ns, Reaching safepoint: 987379 ns, At safepoint: 21587 ns, Total: 1008966 ns
[2020-09-11T16:26:48.725+0000][1][safepoint    ] Safepoint "Cleanup", Time since last: 1000108424 ns, Reaching safepoint: 2729670 ns, At safepoint: 9398 ns, Total: 2739068 ns
[2020-09-11T16:26:49.725+0000][1][safepoint    ] Safepoint "Cleanup", Time since last: 1000104964 ns, Reaching safepoint: 75894 ns, At safepoint: 7199 ns, Total: 83093 ns
[2020-09-11T16:26:50.158+0000][1][safepoint    ] Safepoint "RevokeBias", Time since last: 432784049 ns, Reaching safepoint: 139121 ns, At safepoint: 29025 ns, Total: 168146 ns
[2020-09-11T16:26:50.297+0000][1][safepoint    ] Safepoint "RevokeBias", Time since last: 138434674 ns, Reaching safepoint: 158582 ns, At safepoint: 35332 ns, Total: 193914 ns
[2020-09-11T16:26:50.479+0000][1][safepoint    ] Safepoint "RevokeBias", Time since last: 181376265 ns, Reaching safepoint: 137967 ns, At safepoint: 8866 ns, Total: 146833 ns
[2020-09-11T16:26:50.725+0000][1][safepoint    ] Safepoint "RevokeBias", Time since last: 246071993 ns, Reaching safepoint: 146038 ns, At safepoint: 101524 ns, Total: 247562 ns
[2020-09-11T16:26:50.725+0000][1][safepoint    ] Safepoint "RevokeBias", Time since last: 289196 ns, Reaching safepoint: 119735 ns, At safepoint: 7613 ns, Total: 127348 ns
[2020-09-11T16:26:50.769+0000][1][safepoint    ] Safepoint "RevokeBias", Time since last: 43956405 ns, Reaching safepoint: 124568 ns, At safepoint: 31305 ns, Total: 155873 ns
[2020-09-11T16:26:50.781+0000][1][safepoint    ] Safepoint "RevokeBias", Time since last: 11487333 ns, Reaching safepoint: 473503 ns, At safepoint: 38512 ns, Total: 512015 ns
[2020-09-11T16:26:50.858+0000][1][safepoint    ] Safepoint "RevokeBias", Time since last: 76850380 ns, Reaching safepoint: 138547 ns, At safepoint: 20729 ns, Total: 159276 ns
[2020-09-11T16:26:50.904+0000][1][safepoint    ] Safepoint "RevokeBias", Time since last: 45746205 ns, Reaching safepoint: 143770 ns, At safepoint: 53660 ns, Total: 197430 ns
[2020-09-11T16:26:50.954+0000][1][safepoint    ] Safepoint "RevokeBias", Time since last: 34851237 ns, Reaching safepoint: 14756865 ns, At safepoint: 25469 ns, Total: 14782334 ns
[2020-09-11T16:26:51.034+0000][1][safepoint    ] Safepoint "RevokeBias", Time since last: 79706193 ns, Reaching safepoint: 140924 ns, At safepoint: 17628 ns, Total: 158552 ns
[2020-09-11T16:26:51.191+0000][1][safepoint    ] Safepoint "RevokeBias", Time since last: 156861423 ns, Reaching safepoint: 683103 ns, At safepoint: 21017 ns, Total: 704120 ns
[2020-09-11T16:26:51.219+0000][1][safepoint    ] Safepoint "BulkRevokeBias", Time since last: 27438889 ns, Reaching safepoint: 127559 ns, At safepoint: 180765 ns, Total: 308324 ns
[2020-09-11T16:26:51.275+0000][1][safepoint    ] Safepoint "RevokeBias", Time since last: 54203926 ns, Reaching safepoint: 1403404 ns, At safepoint: 13983 ns, Total: 1417387 ns
[2020-09-11T16:26:51.379+0000][1][safepoint    ] Safepoint "Deoptimize", Time since last: 104049225 ns, Reaching safepoint: 142298 ns, At safepoint: 442560 ns, Total: 584858 ns
[2020-09-11T16:26:51.510+0000][1][safepoint    ] Safepoint "RevokeBias", Time since last: 130453834 ns, Reaching safepoint: 130436 ns, At safepoint: 25330 ns, Total: 155766 ns
[2020-09-11T16:26:51.510+0000][1][safepoint    ] Safepoint "RevokeBias", Time since last: 64534 ns, Reaching safepoint: 91315 ns, At safepoint: 16648 ns, Total: 107963 ns
[2020-09-11T16:26:51.546+0000][1][safepoint    ] Safepoint "RevokeBias", Time since last: 31612486 ns, Reaching safepoint: 4147579 ns, At safepoint: 25411 ns, Total: 4172990 ns
[2020-09-11T16:26:51.549+0000][1][safepoint    ] Safepoint "RevokeBias", Time since last: 2824405 ns, Reaching safepoint: 121035 ns, At safepoint: 28963 ns, Total: 149998 ns
[2020-09-11T16:26:51.567+0000][1][safepoint    ] Safepoint "Deoptimize", Time since last: 17047582 ns, Reaching safepoint: 268440 ns, At safepoint: 426683 ns, Total: 695123 ns
[2020-09-11T16:26:51.575+0000][1][safepoint    ] Safepoint "RevokeBias", Time since last: 8636548 ns, Reaching safepoint: 136270 ns, At safepoint: 34660 ns, Total: 170930 ns
[2020-09-11T16:26:51.586+0000][1][safepoint    ] Safepoint "RevokeBias", Time since last: 9893224 ns, Reaching safepoint: 192362 ns, At safepoint: 33136 ns, Total: 225498 ns
[2020-09-11T16:26:51.725+0000][1][safepoint    ] Safepoint "RevokeBias", Time since last: 131280133 ns, Reaching safepoint: 7948128 ns, At safepoint: 90707 ns, Total: 8038835 ns
[2020-09-11T16:26:51.939+0000][1][safepoint    ] Safepoint "RevokeBias", Time since last: 213736125 ns, Reaching safepoint: 414520 ns, At safepoint: 19369 ns, Total: 433889 ns
[2020-09-11T16:26:51.981+0000][1][safepoint    ] Safepoint "RevokeBias", Time since last: 42081310 ns, Reaching safepoint: 56468 ns, At safepoint: 18972 ns, Total: 75440 ns
[2020-09-11T16:26:52.299+0000][1][safepoint    ] Safepoint "RevokeBias", Time since last: 318177273 ns, Reaching safepoint: 51336 ns, At safepoint: 17810 ns, Total: 69146 ns
[2020-09-11T16:26:52.426+0000][1][safepoint    ] Safepoint "RevokeBias", Time since last: 117553468 ns, Reaching safepoint: 8861190 ns, At safepoint: 23321 ns, Total: 8884511 ns
[2020-09-11T16:26:52.637+0000][1][safepoint    ] Safepoint "BulkRevokeBias", Time since last: 210870540 ns, Reaching safepoint: 142875 ns, At safepoint: 210204 ns, Total: 353079 ns
[2020-09-11T16:26:52.690+0000][1][safepoint    ] Safepoint "RevokeBias", Time since last: 52998269 ns, Reaching safepoint: 125015 ns, At safepoint: 17110 ns, Total: 142125 ns
[2020-09-11T16:26:52.869+0000][1][safepoint    ] Safepoint "RevokeBias", Time since last: 178599582 ns, Reaching safepoint: 211776 ns, At safepoint: 20604 ns, Total: 232380 ns
[2020-09-11T16:26:52.891+0000][1][safepoint    ] Safepoint "RevokeBias", Time since last: 12630581 ns, Reaching safepoint: 9279321 ns, At safepoint: 448682 ns, Total: 9728003 ns
[2020-09-11T16:26:52.951+0000][1][safepoint    ] Safepoint "RevokeBias", Time since last: 59136218 ns, Reaching safepoint: 316289 ns, At safepoint: 24829 ns, Total: 341118 ns
[2020-09-11T16:26:52.961+0000][1][safepoint    ] Safepoint "RevokeBias", Time since last: 9885538 ns, Reaching safepoint: 155741 ns, At safepoint: 22624 ns, Total: 178365 ns
[2020-09-11T16:26:53.258+0000][1][safepoint    ] Safepoint "Deoptimize", Time since last: 291451681 ns, Reaching safepoint: 158322 ns, At safepoint: 5417756 ns, Total: 5576078 ns
[2020-09-11T16:26:53.300+0000][1][safepoint    ] Safepoint "RevokeBias", Time since last: 41637869 ns, Reaching safepoint: 123507 ns, At safepoint: 24699 ns, Total: 148206 ns
[2020-09-11T16:26:53.300+0000][1][safepoint    ] Safepoint "RevokeBias", Time since last: 128807 ns, Reaching safepoint: 91987 ns, At safepoint: 11301 ns, Total: 103288 ns
[2020-09-11T16:26:53.300+0000][1][safepoint    ] Safepoint "RevokeBias", Time since last: 116010 ns, Reaching safepoint: 91674 ns, At safepoint: 11789 ns, Total: 103463 ns
[2020-09-11T16:26:53.309+0000][1][safepoint    ] Safepoint "RevokeBias", Time since last: 8528328 ns, Reaching safepoint: 134137 ns, At safepoint: 20089 ns, Total: 154226 ns
[2020-09-11T16:26:53.333+0000][1][gc,start     ] GC(69) Pause Young (Allocation Failure)
[2020-09-11T16:26:53.333+0000][1][gc,task      ] GC(69) Using 1 workers of 1 for evacuation
[2020-09-11T16:26:53.583+0000][1][gc,age       ] GC(69) Desired survivor size 4358144 bytes, new threshold 4 (max threshold 6)
[2020-09-11T16:26:53.583+0000][1][gc,age       ] GC(69) Age table with threshold 4 (max threshold 6)
[2020-09-11T16:26:53.583+0000][1][gc,age       ] GC(69) - age   1:    1980776 bytes,    1980776 total
[2020-09-11T16:26:53.583+0000][1][gc,age       ] GC(69) - age   2:     971864 bytes,    2952640 total
[2020-09-11T16:26:53.583+0000][1][gc,age       ] GC(69) - age   3:    1071504 bytes,    4024144 total
[2020-09-11T16:26:53.583+0000][1][gc,age       ] GC(69) - age   4:    1353096 bytes,    5377240 total
[2020-09-11T16:26:53.583+0000][1][gc,heap      ] GC(69) ParNew: 75294K->8512K(76672K)
[2020-09-11T16:26:53.583+0000][1][gc,heap      ] GC(69) CMS: 95348K->96708K(2011968K)
[2020-09-11T16:26:53.583+0000][1][gc,metaspace ] GC(69) Metaspace: 82755K->82755K(1126400K)
[2020-09-11T16:26:53.583+0000][1][gc           ] GC(69) Pause Young (Allocation Failure) 166M->102M(2039M) 250.053ms
[2020-09-11T16:26:53.583+0000][1][gc,cpu       ] GC(69) User=0.07s Sys=0.00s Real=0.25s
[2020-09-11T16:26:53.613+0000][1][safepoint    ] Safepoint "GenCollectForAllocation", Time since last: 23831178 ns, Reaching safepoint: 138844 ns, At safepoint: 280427557 ns, Total: 280566401 ns
[2020-09-11T16:26:54.354+0000][1][safepoint    ] Safepoint "RevokeBias", Time since last: 726808032 ns, Reaching safepoint: 13793236 ns, At safepoint: 50055 ns, Total: 13843291 ns
[2020-09-11T16:26:54.470+0000][1][safepoint    ] Safepoint "RevokeBias", Time since last: 115811858 ns, Reaching safepoint: 138613 ns, At safepoint: 47831 ns, Total: 186444 ns
[2020-09-11T16:26:54.606+0000][1][safepoint    ] Safepoint "RevokeBias", Time since last: 135678296 ns, Reaching safepoint: 54117 ns, At safepoint: 53185 ns, Total: 107302 ns
[2020-09-11T16:26:54.606+0000][1][safepoint    ] Safepoint "RevokeBias", Time since last: 79560 ns, Reaching safepoint: 21249 ns, At safepoint: 9560 ns, Total: 30809 ns
[2020-09-11T16:26:54.606+0000][1][safepoint    ] Safepoint "RevokeBias", Time since last: 32166 ns, Reaching safepoint: 19708 ns, At safepoint: 8933 ns, Total: 28641 ns
[2020-09-11T16:26:54.606+0000][1][safepoint    ] Safepoint "RevokeBias", Time since last: 29266 ns, Reaching safepoint: 19375 ns, At safepoint: 8861 ns, Total: 28236 ns
[2020-09-11T16:26:54.606+0000][1][safepoint    ] Safepoint "RevokeBias", Time since last: 28259 ns, Reaching safepoint: 19158 ns, At safepoint: 8799 ns, Total: 27957 ns
[2020-09-11T16:26:54.606+0000][1][safepoint    ] Safepoint "RevokeBias", Time since last: 28575 ns, Reaching safepoint: 19052 ns, At safepoint: 8804 ns, Total: 27856 ns
[2020-09-11T16:26:54.606+0000][1][safepoint    ] Safepoint "RevokeBias", Time since last: 28205 ns, Reaching safepoint: 19073 ns, At safepoint: 8795 ns, Total: 27868 ns
[2020-09-11T16:26:54.606+0000][1][safepoint    ] Safepoint "RevokeBias", Time since last: 27543 ns, Reaching safepoint: 19261 ns, At safepoint: 8785 ns, Total: 28046 ns
[2020-09-11T16:26:54.606+0000][1][safepoint    ] Safepoint "RevokeBias", Time since last: 27658 ns, Reaching safepoint: 18930 ns, At safepoint: 8657 ns, Total: 27587 ns
[2020-09-11T16:26:54.606+0000][1][safepoint    ] Safepoint "RevokeBias", Time since last: 27626 ns, Reaching safepoint: 18902 ns, At safepoint: 8678 ns, Total: 27580 ns
[2020-09-11T16:26:54.606+0000][1][safepoint    ] Safepoint "RevokeBias", Time since last: 27464 ns, Reaching safepoint: 18942 ns, At safepoint: 8677 ns, Total: 27619 ns
[2020-09-11T16:26:54.606+0000][1][safepoint    ] Safepoint "RevokeBias", Time since last: 27583 ns, Reaching safepoint: 18869 ns, At safepoint: 8719 ns, Total: 27588 ns
[2020-09-11T16:26:55.617+0000][1][safepoint    ] Safepoint "Cleanup", Time since last: 1010482397 ns, Reaching safepoint: 81028 ns, At safepoint: 6094 ns, Total: 87122 ns
[2020-09-11T16:26:56.164+0000][1][safepoint    ] Safepoint "RevokeBias", Time since last: 546539805 ns, Reaching safepoint: 70501 ns, At safepoint: 18661 ns, Total: 89162 ns
[2020-09-11T16:26:56.248+0000][1][safepoint    ] Safepoint "RevokeBias", Time since last: 83981022 ns, Reaching safepoint: 64595 ns, At safepoint: 21247 ns, Total: 85842 ns
[2020-09-11T16:26:56.248+0000][1][safepoint    ] Safepoint "RevokeBias", Time since last: 53954 ns, Reaching safepoint: 22439 ns, At safepoint: 10300 ns, Total: 32739 ns
[2020-09-11T16:26:56.248+0000][1][safepoint    ] Safepoint "RevokeBias", Time since last: 35899 ns, Reaching safepoint: 22051 ns, At safepoint: 34736 ns, Total: 56787 ns
[2020-09-11T16:26:56.989+0000][1][safepoint    ] Safepoint "RevokeBias", Time since last: 740918595 ns, Reaching safepoint: 158049 ns, At safepoint: 20556 ns, Total: 178605 ns
[2020-09-11T16:26:56.992+0000][1][safepoint    ] Safepoint "RevokeBias", Time since last: 938625 ns, Reaching safepoint: 2442616 ns, At safepoint: 28394 ns, Total: 2471010 ns
[2020-09-11T16:26:57.062+0000][1][safepoint    ] Safepoint "RevokeBias", Time since last: 69686906 ns, Reaching safepoint: 143635 ns, At safepoint: 21181 ns, Total: 164816 ns
[2020-09-11T16:26:57.074+0000][1][safepoint    ] Safepoint "RevokeBias", Time since last: 10517507 ns, Reaching safepoint: 1171854 ns, At safepoint: 29822 ns, Total: 1201676 ns
[2020-09-11T16:26:57.099+0000][1][safepoint    ] Safepoint "RevokeBias", Time since last: 23003924 ns, Reaching safepoint: 1680263 ns, At safepoint: 25670 ns, Total: 1705933 ns
[2020-09-11T16:26:58.103+0000][1][safepoint    ] Safepoint "Cleanup", Time since last: 1000106701 ns, Reaching safepoint: 4136925 ns, At safepoint: 14153 ns, Total: 4151078 ns
[2020-09-11T16:26:58.122+0000][1][safepoint    ] Safepoint "RevokeBias", Time since last: 17827951 ns, Reaching safepoint: 1024927 ns, At safepoint: 17345 ns, Total: 1042272 ns
[2020-09-11T16:26:58.122+0000][1][safepoint    ] Safepoint "RevokeBias", Time since last: 406403 ns, Reaching safepoint: 132712 ns, At safepoint: 8957 ns, Total: 141669 ns
[2020-09-11T16:26:58.937+0000][1][safepoint    ] Safepoint "RevokeBias", Time since last: 814785453 ns, Reaching safepoint: 176333 ns, At safepoint: 21041 ns, Total: 197374 ns
[2020-09-11T16:26:58.949+0000][1][safepoint    ] Safepoint "RevokeBias", Time since last: 7442710 ns, Reaching safepoint: 4034129 ns, At safepoint: 31775 ns, Total: 4065904 ns
[2020-09-11T16:26:58.964+0000][1][safepoint    ] Safepoint "RevokeBias", Time since last: 13113763 ns, Reaching safepoint: 2412218 ns, At safepoint: 28983 ns, Total: 2441201 ns
[2020-09-11T16:26:59.017+0000][1][safepoint    ] Safepoint "RevokeBias", Time since last: 52350435 ns, Reaching safepoint: 142092 ns, At safepoint: 22616 ns, Total: 164708 ns
[2020-09-11T16:26:59.034+0000][1][safepoint    ] Safepoint "RevokeBias", Time since last: 16665253 ns, Reaching safepoint: 155134 ns, At safepoint: 22224 ns, Total: 177358 ns
[2020-09-11T16:26:59.081+0000][1][safepoint    ] Safepoint "RevokeBias", Time since last: 46676342 ns, Reaching safepoint: 559219 ns, At safepoint: 20039 ns, Total: 579258 ns
[2020-09-11T16:27:00.097+0000][1][gc,start     ] GC(70) Pause Young (Allocation Failure)
[2020-09-11T16:27:00.097+0000][1][gc,task      ] GC(70) Using 1 workers of 1 for evacuation
[2020-09-11T16:27:00.261+0000][1][gc,age       ] GC(70) Desired survivor size 4358144 bytes, new threshold 3 (max threshold 6)
[2020-09-11T16:27:00.261+0000][1][gc,age       ] GC(70) Age table with threshold 3 (max threshold 6)
[2020-09-11T16:27:00.261+0000][1][gc,age       ] GC(70) - age   1:    1968360 bytes,    1968360 total
[2020-09-11T16:27:00.261+0000][1][gc,age       ] GC(70) - age   2:    1819848 bytes,    3788208 total
[2020-09-11T16:27:00.261+0000][1][gc,age       ] GC(70) - age   3:     931976 bytes,    4720184 total
[2020-09-11T16:27:00.261+0000][1][gc,age       ] GC(70) - age   4:    1061216 bytes,    5781400 total
[2020-09-11T16:27:00.262+0000][1][gc,heap      ] GC(70) ParNew: 76672K->8512K(76672K)
[2020-09-11T16:27:00.262+0000][1][gc,heap      ] GC(70) CMS: 96708K->98056K(2011968K)
[2020-09-11T16:27:00.262+0000][1][gc,metaspace ] GC(70) Metaspace: 83985K->83985K(1126400K)
[2020-09-11T16:27:00.262+0000][1][gc           ] GC(70) Pause Young (Allocation Failure) 169M->104M(2039M) 164.969ms
[2020-09-11T16:27:00.262+0000][1][gc,cpu       ] GC(70) User=0.03s Sys=0.00s Real=0.17s
[2020-09-11T16:27:00.348+0000][1][safepoint    ] Safepoint "GenCollectForAllocation", Time since last: 1013451667 ns, Reaching safepoint: 2081389 ns, At safepoint: 250972495 ns, Total: 253053884 ns
[2020-09-11T16:27:00.378+0000][1][safepoint    ] Safepoint "RevokeBias", Time since last: 16594306 ns, Reaching safepoint: 13904917 ns, At safepoint: 62129 ns, Total: 13967046 ns
[2020-09-11T16:27:00.513+0000][1][safepoint    ] Safepoint "RevokeBias", Time since last: 130683961 ns, Reaching safepoint: 4100450 ns, At safepoint: 38735 ns, Total: 4139185 ns
[2020-09-11T16:27:00.726+0000][1][safepoint    ] Safepoint "RevokeBias", Time since last: 212609253 ns, Reaching safepoint: 158595 ns, At safepoint: 18805 ns, Total: 177400 ns
[2020-09-11T16:27:00.737+0000][1][safepoint    ] Safepoint "RevokeBias", Time since last: 11073187 ns, Reaching safepoint: 159048 ns, At safepoint: 25605 ns, Total: 184653 ns
[2020-09-11T16:27:00.737+0000][1][safepoint    ] Safepoint "RevokeBias", Time since last: 99018 ns, Reaching safepoint: 103804 ns, At safepoint: 14503 ns, Total: 118307 ns
[2020-09-11T16:27:00.738+0000][1][safepoint    ] Safepoint "RevokeBias", Time since last: 667782 ns, Reaching safepoint: 107071 ns, At safepoint: 18794 ns, Total: 125865 ns
[2020-09-11T16:27:00.738+0000][1][safepoint    ] Safepoint "RevokeBias", Time since last: 54848 ns, Reaching safepoint: 102389 ns, At safepoint: 13071 ns, Total: 115460 ns
[2020-09-11T16:27:00.766+0000][1][safepoint    ] Safepoint "RevokeBias", Time since last: 26633198 ns, Reaching safepoint: 761047 ns, At safepoint: 24384 ns, Total: 785431 ns
[2020-09-11T16:27:00.792+0000][1][safepoint    ] Safepoint "RevokeBias", Time since last: 26105015 ns, Reaching safepoint: 482588 ns, At safepoint: 20974 ns, Total: 503562 ns
[2020-09-11T16:27:00.830+0000][1][safepoint    ] Safepoint "RevokeBias", Time since last: 38101476 ns, Reaching safepoint: 148332 ns, At safepoint: 45092 ns, Total: 193424 ns
[2020-09-11T16:27:00.842+0000][1][safepoint    ] Safepoint "RevokeBias", Time since last: 11526062 ns, Reaching safepoint: 144273 ns, At safepoint: 21899 ns, Total: 166172 ns
[2020-09-11T16:27:00.942+0000][1][safepoint    ] Safepoint "RevokeBias", Time since last: 99284000 ns, Reaching safepoint: 142021 ns, At safepoint: 22481 ns, Total: 164502 ns
[2020-09-11T16:27:00.999+0000][1][safepoint    ] Safepoint "RevokeBias", Time since last: 57414222 ns, Reaching safepoint: 142940 ns, At safepoint: 20736 ns, Total: 163676 ns
[2020-09-11T16:27:01.000+0000][1][safepoint    ] Safepoint "RevokeBias", Time since last: 228959 ns, Reaching safepoint: 100880 ns, At safepoint: 13313 ns, Total: 114193 ns
[2020-09-11T16:27:01.000+0000][1][safepoint    ] Safepoint "RevokeBias", Time since last: 43991 ns, Reaching safepoint: 97749 ns, At safepoint: 11193 ns, Total: 108942 ns
[2020-09-11T16:27:01.000+0000][1][safepoint    ] Safepoint "RevokeBias", Time since last: 33284 ns, Reaching safepoint: 96704 ns, At safepoint: 10457 ns, Total: 107161 ns
[2020-09-11T16:27:01.000+0000][1][safepoint    ] Safepoint "RevokeBias", Time since last: 31755 ns, Reaching safepoint: 95987 ns, At safepoint: 11243 ns, Total: 107230 ns
[2020-09-11T16:27:01.000+0000][1][safepoint    ] Safepoint "RevokeBias", Time since last: 50057 ns, Reaching safepoint: 97869 ns, At safepoint: 11023 ns, Total: 108892 ns
[2020-09-11T16:27:01.000+0000][1][safepoint    ] Safepoint "RevokeBias", Time since last: 31602 ns, Reaching safepoint: 97311 ns, At safepoint: 10559 ns, Total: 107870 ns
[2020-09-11T16:27:01.000+0000][1][safepoint    ] Safepoint "RevokeBias", Time since last: 31306 ns, Reaching safepoint: 95371 ns, At safepoint: 10869 ns, Total: 106240 ns
[2020-09-11T16:27:01.001+0000][1][safepoint    ] Safepoint "RevokeBias", Time since last: 30578 ns, Reaching safepoint: 97250 ns, At safepoint: 11027 ns, Total: 108277 ns
[2020-09-11T16:27:01.001+0000][1][safepoint    ] Safepoint "RevokeBias", Time since last: 52820 ns, Reaching safepoint: 254502 ns, At safepoint: 11203 ns, Total: 265705 ns
[2020-09-11T16:27:01.005+0000][1][safepoint    ] Safepoint "RevokeBias", Time since last: 3927701 ns, Reaching safepoint: 132784 ns, At safepoint: 19780 ns, Total: 152564 ns
[2020-09-11T16:27:01.005+0000][1][safepoint    ] Safepoint "RevokeBias", Time since last: 120551 ns, Reaching safepoint: 101495 ns, At safepoint: 12628 ns, Total: 114123 ns
[2020-09-11T16:27:01.005+0000][1][safepoint    ] Safepoint "RevokeBias", Time since last: 48120 ns, Reaching safepoint: 99230 ns, At safepoint: 11893 ns, Total: 111123 ns
[2020-09-11T16:27:01.006+0000][1][safepoint    ] Safepoint "RevokeBias", Time since last: 60635 ns, Reaching safepoint: 100296 ns, At safepoint: 12147 ns, Total: 112443 ns
[2020-09-11T16:27:01.006+0000][1][safepoint    ] Safepoint "RevokeBias", Time since last: 55100 ns, Reaching safepoint: 101389 ns, At safepoint: 12165 ns, Total: 113554 ns
[2020-09-11T16:27:01.006+0000][1][safepoint    ] Safepoint "RevokeBias", Time since last: 44401 ns, Reaching safepoint: 99683 ns, At safepoint: 11944 ns, Total: 111627 ns
[2020-09-11T16:27:01.262+0000][1][safepoint    ] Safepoint "RevokeBias", Time since last: 256276626 ns, Reaching safepoint: 163454 ns, At safepoint: 19681 ns, Total: 183135 ns
[2020-09-11T16:27:01.289+0000][1][safepoint    ] Safepoint "RevokeBias", Time since last: 18550190 ns, Reaching safepoint: 7696888 ns, At safepoint: 24899 ns, Total: 7721787 ns
[2020-09-11T16:27:01.297+0000][1][safepoint    ] Safepoint "RevokeBias", Time since last: 8414646 ns, Reaching safepoint: 144570 ns, At safepoint: 44913 ns, Total: 189483 ns
[2020-09-11T16:27:01.298+0000][1][safepoint    ] Safepoint "RevokeBias", Time since last: 887007 ns, Reaching safepoint: 107249 ns, At safepoint: 15624 ns, Total: 122873 ns
[2020-09-11T16:27:01.354+0000][1][safepoint    ] Safepoint "RevokeBias", Time since last: 55222923 ns, Reaching safepoint: 126319 ns, At safepoint: 19177 ns, Total: 145496 ns
[2020-09-11T16:27:01.354+0000][1][safepoint    ] Safepoint "RevokeBias", Time since last: 440747 ns, Reaching safepoint: 100871 ns, At safepoint: 13516 ns, Total: 114387 ns
[2020-09-11T16:27:01.354+0000][1][safepoint    ] Safepoint "RevokeBias", Time since last: 161797 ns, Reaching safepoint: 98068 ns, At safepoint: 11621 ns, Total: 109689 ns
[2020-09-11T16:27:01.355+0000][1][safepoint    ] Safepoint "RevokeBias", Time since last: 156309 ns, Reaching safepoint: 97630 ns, At safepoint: 10862 ns, Total: 108492 ns
[2020-09-11T16:27:01.365+0000][1][safepoint    ] Safepoint "RevokeBias", Time since last: 10176797 ns, Reaching safepoint: 143685 ns, At safepoint: 51241 ns, Total: 194926 ns
[2020-09-11T16:27:01.406+0000][1][safepoint    ] Safepoint "RevokeBias", Time since last: 32844019 ns, Reaching safepoint: 8384788 ns, At safepoint: 31898 ns, Total: 8416686 ns
[2020-09-11T16:27:01.407+0000][1][safepoint    ] Safepoint "RevokeBias", Time since last: 200276 ns, Reaching safepoint: 100847 ns, At safepoint: 14293 ns, Total: 115140 ns
[2020-09-11T16:27:01.407+0000][1][safepoint    ] Safepoint "RevokeBias", Time since last: 55791 ns, Reaching safepoint: 95907 ns, At safepoint: 11707 ns, Total: 107614 ns
[2020-09-11T16:27:02.369+0000][1][safepoint    ] Safepoint "RevokeBias", Time since last: 962610072 ns, Reaching safepoint: 85776 ns, At safepoint: 21140 ns, Total: 106916 ns
[2020-09-11T16:27:02.461+0000][1][safepoint    ] Safepoint "RevokeBias", Time since last: 91322228 ns, Reaching safepoint: 83731 ns, At safepoint: 24214 ns, Total: 107945 ns
[2020-09-11T16:27:03.223+0000][1][safepoint    ] Safepoint "RevokeBias", Time since last: 762156456 ns, Reaching safepoint: 165366 ns, At safepoint: 43867 ns, Total: 209233 ns
[2020-09-11T16:27:03.225+0000][1][safepoint    ] Safepoint "RevokeBias", Time since last: 1703492 ns, Reaching safepoint: 146404 ns, At safepoint: 18631 ns, Total: 165035 ns
[2020-09-11T16:27:03.226+0000][1][safepoint    ] Safepoint "RevokeBias", Time since last: 79158 ns, Reaching safepoint: 427349 ns, At safepoint: 15514 ns, Total: 442863 ns
[2020-09-11T16:27:03.226+0000][1][safepoint    ] Safepoint "RevokeBias", Time since last: 47772 ns, Reaching safepoint: 630785 ns, At safepoint: 15778 ns, Total: 646563 ns
[2020-09-11T16:27:03.227+0000][1][safepoint    ] Safepoint "RevokeBias", Time since last: 43471 ns, Reaching safepoint: 103151 ns, At safepoint: 12814 ns, Total: 115965 ns
[2020-09-11T16:27:03.340+0000][1][safepoint    ] Safepoint "RevokeBias", Time since last: 112631565 ns, Reaching safepoint: 1258823 ns, At safepoint: 22631 ns, Total: 1281454 ns
[2020-09-11T16:27:03.367+0000][1][safepoint    ] Safepoint "RevokeBias", Time since last: 22349459 ns, Reaching safepoint: 4180026 ns, At safepoint: 32521 ns, Total: 4212547 ns
[2020-09-11T16:27:03.370+0000][1][safepoint    ] Safepoint "RevokeBias", Time since last: 1886396 ns, Reaching safepoint: 848845 ns, At safepoint: 20033 ns, Total: 868878 ns
[2020-09-11T16:27:03.373+0000][1][safepoint    ] Safepoint "RevokeBias", Time since last: 311536 ns, Reaching safepoint: 2851491 ns, At safepoint: 26166 ns, Total: 2877657 ns
[2020-09-11T16:27:03.377+0000][1][safepoint    ] Safepoint "RevokeBias", Time since last: 96057 ns, Reaching safepoint: 3785609 ns, At safepoint: 18996 ns, Total: 3804605 ns
[2020-09-11T16:27:03.378+0000][1][safepoint    ] Safepoint "RevokeBias", Time since last: 73635 ns, Reaching safepoint: 661040 ns, At safepoint: 17109 ns, Total: 678149 ns
[2020-09-11T16:27:03.382+0000][1][safepoint    ] Safepoint "RevokeBias", Time since last: 4644251 ns, Reaching safepoint: 149627 ns, At safepoint: 23517 ns, Total: 173144 ns
[2020-09-11T16:27:03.383+0000][1][safepoint    ] Safepoint "RevokeBias", Time since last: 79682 ns, Reaching safepoint: 110144 ns, At safepoint: 12869 ns, Total: 123013 ns
[2020-09-11T16:27:03.383+0000][1][safepoint    ] Safepoint "BulkRevokeBias", Time since last: 48143 ns, Reaching safepoint: 103205 ns, At safepoint: 208600 ns, Total: 311805 ns
[2020-09-11T16:27:03.725+0000][1][safepoint    ] Safepoint "RevokeBias", Time since last: 338223234 ns, Reaching safepoint: 3672279 ns, At safepoint: 36670 ns, Total: 3708949 ns
[2020-09-11T16:27:03.916+0000][1][safepoint    ] Safepoint "RevokeBias", Time since last: 190739758 ns, Reaching safepoint: 424922 ns, At safepoint: 18912 ns, Total: 443834 ns
[2020-09-11T16:27:03.969+0000][1][safepoint    ] Safepoint "RevokeBias", Time since last: 53254210 ns, Reaching safepoint: 137689 ns, At safepoint: 20634 ns, Total: 158323 ns
[2020-09-11T16:27:04.116+0000][1][gc,start     ] GC(71) Pause Young (Allocation Failure)
[2020-09-11T16:27:04.116+0000][1][gc,task      ] GC(71) Using 1 workers of 1 for evacuation
[2020-09-11T16:27:04.290+0000][1][gc,age       ] GC(71) Desired survivor size 4358144 bytes, new threshold 3 (max threshold 6)
[2020-09-11T16:27:04.290+0000][1][gc,age       ] GC(71) Age table with threshold 3 (max threshold 6)
[2020-09-11T16:27:04.290+0000][1][gc,age       ] GC(71) - age   1:    1172624 bytes,    1172624 total
[2020-09-11T16:27:04.290+0000][1][gc,age       ] GC(71) - age   2:    1835440 bytes,    3008064 total
[2020-09-11T16:27:04.290+0000][1][gc,age       ] GC(71) - age   3:    1812048 bytes,    4820112 total
[2020-09-11T16:27:04.290+0000][1][gc,heap      ] GC(71) ParNew: 76672K->5503K(76672K)
[2020-09-11T16:27:04.290+0000][1][gc,heap      ] GC(71) CMS: 98056K->100034K(2011968K)
[2020-09-11T16:27:04.290+0000][1][gc,metaspace ] GC(71) Metaspace: 84712K->84712K(1126400K)
[2020-09-11T16:27:04.290+0000][1][gc           ] GC(71) Pause Young (Allocation Failure) 170M->103M(2039M) 174.149ms
[2020-09-11T16:27:04.290+0000][1][gc,cpu       ] GC(71) User=0.04s Sys=0.00s Real=0.17s
[2020-09-11T16:27:04.332+0000][1][safepoint    ] Safepoint "GenCollectForAllocation", Time since last: 146485377 ns, Reaching safepoint: 152725 ns, At safepoint: 216249195 ns, Total: 216401920 ns
[2020-09-11T16:27:04.336+0000][1][safepoint    ] Safepoint "RevokeBias", Time since last: 3035533 ns, Reaching safepoint: 375003 ns, At safepoint: 509826 ns, Total: 884829 ns
[2020-09-11T16:27:04.341+0000][1][safepoint    ] Safepoint "RevokeBias", Time since last: 3778665 ns, Reaching safepoint: 751224 ns, At safepoint: 432128 ns, Total: 1183352 ns
[2020-09-11T16:27:04.344+0000][1][safepoint    ] Safepoint "RevokeBias", Time since last: 67189 ns, Reaching safepoint: 2216936 ns, At safepoint: 58470 ns, Total: 2275406 ns
[2020-09-11T16:27:04.365+0000][1][safepoint    ] Safepoint "RevokeBias", Time since last: 917028 ns, Reaching safepoint: 4128715 ns, At safepoint: 16226277 ns, Total: 20354992 ns
[2020-09-11T16:27:04.365+0000][1][safepoint    ] Safepoint "RevokeBias", Time since last: 118611 ns, Reaching safepoint: 167428 ns, At safepoint: 48605 ns, Total: 216033 ns
[2020-09-11T16:27:04.365+0000][1][safepoint    ] Safepoint "RevokeBias", Time since last: 108749 ns, Reaching safepoint: 128480 ns, At safepoint: 34583 ns, Total: 163063 ns
[2020-09-11T16:27:04.374+0000][1][safepoint    ] Safepoint "RevokeBias", Time since last: 8246869 ns, Reaching safepoint: 71096 ns, At safepoint: 39841 ns, Total: 110937 ns
[2020-09-11T16:27:04.374+0000][1][safepoint    ] Safepoint "RevokeBias", Time since last: 92164 ns, Reaching safepoint: 50208 ns, At safepoint: 30704 ns, Total: 80912 ns
[2020-09-11T16:27:04.457+0000][1][safepoint    ] Safepoint "RevokeBias", Time since last: 82441402 ns, Reaching safepoint: 182946 ns, At safepoint: 81902 ns, Total: 264848 ns
[2020-09-11T16:27:04.457+0000][1][safepoint    ] Safepoint "RevokeBias", Time since last: 199881 ns, Reaching safepoint: 132804 ns, At safepoint: 36552 ns, Total: 169356 ns
[2020-09-11T16:27:04.801+0000][1][safepoint    ] Safepoint "RevokeBias", Time since last: 343520965 ns, Reaching safepoint: 86322 ns, At safepoint: 74603 ns, Total: 160925 ns
[2020-09-11T16:27:05.014+0000][1][safepoint    ] Safepoint "RevokeBias", Time since last: 212518279 ns, Reaching safepoint: 300661 ns, At safepoint: 26653 ns, Total: 327314 ns
[2020-09-11T16:27:05.014+0000][1][safepoint    ] Safepoint "RevokeBias", Time since last: 631022 ns, Reaching safepoint: 131940 ns, At safepoint: 41150 ns, Total: 173090 ns
[2020-09-11T16:27:05.024+0000][1][safepoint    ] Safepoint "RevokeBias", Time since last: 9729993 ns, Reaching safepoint: 151780 ns, At safepoint: 65785 ns, Total: 217565 ns
[2020-09-11T16:27:05.610+0000][1][safepoint    ] Safepoint "RevokeBias", Time since last: 585131452 ns, Reaching safepoint: 85135 ns, At safepoint: 26435 ns, Total: 111570 ns
[2020-09-11T16:27:05.630+0000][1][safepoint    ] Safepoint "RevokeBias", Time since last: 20288178 ns, Reaching safepoint: 146772 ns, At safepoint: 22678 ns, Total: 169450 ns
[2020-09-11T16:27:05.815+0000][1][safepoint    ] Safepoint "RevokeBias", Time since last: 184660077 ns, Reaching safepoint: 83989 ns, At safepoint: 49348 ns, Total: 133337 ns
[2020-09-11T16:27:05.893+0000][1][safepoint    ] Safepoint "RevokeBias", Time since last: 78334506 ns, Reaching safepoint: 182507 ns, At safepoint: 42787 ns, Total: 225294 ns
[2020-09-11T16:27:05.897+0000][1][safepoint    ] Safepoint "RevokeBias", Time since last: 3087044 ns, Reaching safepoint: 135888 ns, At safepoint: 38351 ns, Total: 174239 ns
[2020-09-11T16:27:05.899+0000][1][safepoint    ] Safepoint "RevokeBias", Time since last: 2332296 ns, Reaching safepoint: 146780 ns, At safepoint: 32862 ns, Total: 179642 ns
[2020-09-11T16:27:05.904+0000][1][safepoint    ] Safepoint "RevokeBias", Time since last: 4650318 ns, Reaching safepoint: 68994 ns, At safepoint: 20832 ns, Total: 89826 ns
[2020-09-11T16:27:06.289+0000][1][safepoint    ] Safepoint "RevokeBias", Time since last: 385009020 ns, Reaching safepoint: 95271 ns, At safepoint: 56932 ns, Total: 152203 ns
[2020-09-11T16:27:06.487+0000][1][safepoint    ] Safepoint "RevokeBias", Time since last: 197387382 ns, Reaching safepoint: 71778 ns, At safepoint: 42606 ns, Total: 114384 ns
[2020-09-11T16:27:06.487+0000][1][safepoint    ] Safepoint "RevokeBias", Time since last: 283682 ns, Reaching safepoint: 33354 ns, At safepoint: 27427 ns, Total: 60781 ns
[2020-09-11T16:27:06.487+0000][1][safepoint    ] Safepoint "RevokeBias", Time since last: 48350 ns, Reaching safepoint: 29504 ns, At safepoint: 23441 ns, Total: 52945 ns
[2020-09-11T16:27:06.487+0000][1][safepoint    ] Safepoint "RevokeBias", Time since last: 32076 ns, Reaching safepoint: 74013 ns, At safepoint: 37570 ns, Total: 111583 ns
[2020-09-11T16:27:06.487+0000][1][safepoint    ] Safepoint "RevokeBias", Time since last: 36649 ns, Reaching safepoint: 29507 ns, At safepoint: 23099 ns, Total: 52606 ns
[2020-09-11T16:27:06.487+0000][1][safepoint    ] Safepoint "RevokeBias", Time since last: 41719 ns, Reaching safepoint: 28177 ns, At safepoint: 22893 ns, Total: 51070 ns
[2020-09-11T16:27:06.488+0000][1][safepoint    ] Safepoint "BulkRevokeBias", Time since last: 29078 ns, Reaching safepoint: 27660 ns, At safepoint: 240726 ns, Total: 268386 ns
[2020-09-11T16:27:06.488+0000][1][safepoint    ] Safepoint "RevokeBias", Time since last: 91932 ns, Reaching safepoint: 31607 ns, At safepoint: 33101 ns, Total: 64708 ns
[2020-09-11T16:27:06.488+0000][1][safepoint    ] Safepoint "RevokeBias", Time since last: 85137 ns, Reaching safepoint: 29951 ns, At safepoint: 31555 ns, Total: 61506 ns
[2020-09-11T16:27:06.488+0000][1][safepoint    ] Safepoint "RevokeBias", Time since last: 38891 ns, Reaching safepoint: 28534 ns, At safepoint: 30941 ns, Total: 59475 ns
[2020-09-11T16:27:06.488+0000][1][safepoint    ] Safepoint "RevokeBias", Time since last: 38031 ns, Reaching safepoint: 28490 ns, At safepoint: 30877 ns, Total: 59367 ns
[2020-09-11T16:27:06.488+0000][1][safepoint    ] Safepoint "RevokeBias", Time since last: 33818 ns, Reaching safepoint: 28543 ns, At safepoint: 30582 ns, Total: 59125 ns
[2020-09-11T16:27:06.488+0000][1][safepoint    ] Safepoint "RevokeBias", Time since last: 33522 ns, Reaching safepoint: 36284 ns, At safepoint: 31025 ns, Total: 67309 ns
[2020-09-11T16:27:06.488+0000][1][safepoint    ] Safepoint "RevokeBias", Time since last: 33952 ns, Reaching safepoint: 28398 ns, At safepoint: 30410 ns, Total: 58808 ns
[2020-09-11T16:27:06.489+0000][1][safepoint    ] Safepoint "RevokeBias", Time since last: 33741 ns, Reaching safepoint: 35096 ns, At safepoint: 126428 ns, Total: 161524 ns
[2020-09-11T16:27:06.489+0000][1][safepoint    ] Safepoint "RevokeBias", Time since last: 43810 ns, Reaching safepoint: 29789 ns, At safepoint: 56445 ns, Total: 86234 ns
[2020-09-11T16:27:06.489+0000][1][safepoint    ] Safepoint "RevokeBias", Time since last: 35860 ns, Reaching safepoint: 28602 ns, At safepoint: 30615 ns, Total: 59217 ns
[2020-09-11T16:27:06.517+0000][1][safepoint    ] Safepoint "RevokeBias", Time since last: 27904863 ns, Reaching safepoint: 88515 ns, At safepoint: 38758 ns, Total: 127273 ns
[2020-09-11T16:27:06.806+0000][1][safepoint    ] Safepoint "RevokeBias", Time since last: 287917136 ns, Reaching safepoint: 1429812 ns, At safepoint: 39574 ns, Total: 1469386 ns
[2020-09-11T16:27:06.818+0000][1][safepoint    ] Safepoint "RevokeBias", Time since last: 10506910 ns, Reaching safepoint: 1323692 ns, At safepoint: 45187 ns, Total: 1368879 ns
[2020-09-11T16:27:06.820+0000][1][safepoint    ] Safepoint "RevokeBias", Time since last: 116097 ns, Reaching safepoint: 1393866 ns, At safepoint: 43483 ns, Total: 1437349 ns
[2020-09-11T16:27:06.843+0000][1][safepoint    ] Safepoint "RevokeBias", Time since last: 22826407 ns, Reaching safepoint: 384209 ns, At safepoint: 27393 ns, Total: 411602 ns
[2020-09-11T16:27:06.844+0000][1][safepoint    ] Safepoint "RevokeBias", Time since last: 280053 ns, Reaching safepoint: 490236 ns, At safepoint: 19172 ns, Total: 509408 ns
[2020-09-11T16:27:06.847+0000][1][safepoint    ] Safepoint "RevokeBias", Time since last: 1562157 ns, Reaching safepoint: 1191008 ns, At safepoint: 40863 ns, Total: 1231871 ns
[2020-09-11T16:27:06.850+0000][1][safepoint    ] Safepoint "RevokeBias", Time since last: 84656 ns, Reaching safepoint: 2216786 ns, At safepoint: 802027 ns, Total: 3018813 ns
[2020-09-11T16:27:06.858+0000][1][safepoint    ] Safepoint "RevokeBias", Time since last: 47760 ns, Reaching safepoint: 7163678 ns, At safepoint: 894671 ns, Total: 8058349 ns
[2020-09-11T16:27:07.121+0000][1][safepoint    ] Safepoint "RevokeBias", Time since last: 262874782 ns, Reaching safepoint: 228311 ns, At safepoint: 45334 ns, Total: 273645 ns
[2020-09-11T16:27:07.640+0000][1][safepoint    ] Safepoint "RevokeBias", Time since last: 515895890 ns, Reaching safepoint: 3635268 ns, At safepoint: 50742 ns, Total: 3686010 ns
[2020-09-11T16:27:07.648+0000][1][safepoint    ] Safepoint "RevokeBias", Time since last: 1369776 ns, Reaching safepoint: 5659125 ns, At safepoint: 33285 ns, Total: 5692410 ns
[2020-09-11T16:27:07.685+0000][1][gc,start     ] GC(72) Pause Young (Allocation Failure)
[2020-09-11T16:27:07.685+0000][1][gc,task      ] GC(72) Using 1 workers of 1 for evacuation
[2020-09-11T16:27:07.821+0000][1][gc,age       ] GC(72) Desired survivor size 4358144 bytes, new threshold 6 (max threshold 6)
[2020-09-11T16:27:07.822+0000][1][gc,age       ] GC(72) Age table with threshold 6 (max threshold 6)
[2020-09-11T16:27:07.822+0000][1][gc,age       ] GC(72) - age   1:    1252728 bytes,    1252728 total
[2020-09-11T16:27:07.822+0000][1][gc,age       ] GC(72) - age   2:    1091392 bytes,    2344120 total
[2020-09-11T16:27:07.822+0000][1][gc,age       ] GC(72) - age   3:    1821520 bytes,    4165640 total
[2020-09-11T16:27:07.822+0000][1][gc,heap      ] GC(72) ParNew: 73663K->4906K(76672K)
[2020-09-11T16:27:07.822+0000][1][gc,heap      ] GC(72) CMS: 100034K->101858K(2011968K)
[2020-09-11T16:27:07.822+0000][1][gc,metaspace ] GC(72) Metaspace: 84931K->84931K(1128448K)
[2020-09-11T16:27:07.822+0000][1][gc           ] GC(72) Pause Young (Allocation Failure) 169M->104M(2039M) 136.765ms
[2020-09-11T16:27:07.822+0000][1][gc,cpu       ] GC(72) User=0.03s Sys=0.00s Real=0.14s
[2020-09-11T16:27:07.870+0000][1][safepoint    ] Safepoint "GenCollectForAllocation", Time since last: 36932114 ns, Reaching safepoint: 361769 ns, At safepoint: 141185522 ns, Total: 141547291 ns
[2020-09-11T16:27:07.893+0000][1][safepoint    ] Safepoint "RevokeBias", Time since last: 57019899 ns, Reaching safepoint: 499075 ns, At safepoint: 9243343 ns, Total: 9742418 ns
[2020-09-11T16:27:07.919+0000][1][safepoint    ] Safepoint "RevokeBias", Time since last: 26477872 ns, Reaching safepoint: 75673 ns, At safepoint: 21282 ns, Total: 96955 ns
[2020-09-11T16:27:07.927+0000][1][safepoint    ] Safepoint "RevokeBias", Time since last: 7998034 ns, Reaching safepoint: 71267 ns, At safepoint: 21146 ns, Total: 92413 ns
[2020-09-11T16:27:07.928+0000][1][safepoint    ] Safepoint "RevokeBias", Time since last: 70876 ns, Reaching safepoint: 28936 ns, At safepoint: 11160 ns, Total: 40096 ns
[2020-09-11T16:27:07.929+0000][1][safepoint    ] Safepoint "RevokeBias", Time since last: 1236912 ns, Reaching safepoint: 35691 ns, At safepoint: 13295 ns, Total: 48986 ns
[2020-09-11T16:27:07.929+0000][1][safepoint    ] Safepoint "RevokeBias", Time since last: 35492 ns, Reaching safepoint: 27618 ns, At safepoint: 10192 ns, Total: 37810 ns
[2020-09-11T16:27:07.929+0000][1][safepoint    ] Safepoint "RevokeBias", Time since last: 29234 ns, Reaching safepoint: 26925 ns, At safepoint: 9717 ns, Total: 36642 ns
[2020-09-11T16:27:07.929+0000][1][safepoint    ] Safepoint "RevokeBias", Time since last: 28731 ns, Reaching safepoint: 26709 ns, At safepoint: 9572 ns, Total: 36281 ns
[2020-09-11T16:27:07.929+0000][1][safepoint    ] Safepoint "RevokeBias", Time since last: 28024 ns, Reaching safepoint: 26700 ns, At safepoint: 9690 ns, Total: 36390 ns
[2020-09-11T16:27:07.929+0000][1][safepoint    ] Safepoint "RevokeBias", Time since last: 28214 ns, Reaching safepoint: 41252 ns, At safepoint: 14319 ns, Total: 55571 ns
[2020-09-11T16:27:07.929+0000][1][safepoint    ] Safepoint "RevokeBias", Time since last: 34712 ns, Reaching safepoint: 27786 ns, At safepoint: 9985 ns, Total: 37771 ns
[2020-09-11T16:27:07.929+0000][1][safepoint    ] Safepoint "RevokeBias", Time since last: 28436 ns, Reaching safepoint: 26802 ns, At safepoint: 9669 ns, Total: 36471 ns
[2020-09-11T16:27:07.929+0000][1][safepoint    ] Safepoint "RevokeBias", Time since last: 27773 ns, Reaching safepoint: 26576 ns, At safepoint: 9764 ns, Total: 36340 ns
[2020-09-11T16:27:07.929+0000][1][safepoint    ] Safepoint "RevokeBias", Time since last: 57896 ns, Reaching safepoint: 28060 ns, At safepoint: 10046 ns, Total: 38106 ns
[2020-09-11T16:27:07.930+0000][1][safepoint    ] Safepoint "RevokeBias", Time since last: 84052 ns, Reaching safepoint: 28903 ns, At safepoint: 18550 ns, Total: 47453 ns
[2020-09-11T16:27:07.934+0000][1][safepoint    ] Safepoint "RevokeBias", Time since last: 37039 ns, Reaching safepoint: 27549 ns, At safepoint: 3912598 ns, Total: 3940147 ns
[2020-09-11T16:27:07.934+0000][1][safepoint    ] Safepoint "RevokeBias", Time since last: 102767 ns, Reaching safepoint: 71782 ns, At safepoint: 28248 ns, Total: 100030 ns
[2020-09-11T16:27:07.934+0000][1][safepoint    ] Safepoint "RevokeBias", Time since last: 50667 ns, Reaching safepoint: 29182 ns, At safepoint: 19443 ns, Total: 48625 ns
[2020-09-11T16:27:07.934+0000][1][safepoint    ] Safepoint "RevokeBias", Time since last: 39974 ns, Reaching safepoint: 27894 ns, At safepoint: 17982 ns, Total: 45876 ns
[2020-09-11T16:27:07.934+0000][1][safepoint    ] Safepoint "BulkRevokeBias", Time since last: 34968 ns, Reaching safepoint: 27921 ns, At safepoint: 213454 ns, Total: 241375 ns
[2020-09-11T16:27:07.935+0000][1][safepoint    ] Safepoint "RevokeBias", Time since last: 580794 ns, Reaching safepoint: 30954 ns, At safepoint: 20074 ns, Total: 51028 ns
[2020-09-11T16:27:07.945+0000][1][safepoint    ] Safepoint "RevokeBias", Time since last: 9621129 ns, Reaching safepoint: 292638 ns, At safepoint: 39461 ns, Total: 332099 ns
[2020-09-11T16:27:07.949+0000][1][safepoint    ] Safepoint "RevokeBias", Time since last: 145777 ns, Reaching safepoint: 3803827 ns, At safepoint: 33390 ns, Total: 3837217 ns
[2020-09-11T16:27:09.077+0000][1][safepoint    ] Safepoint "Cleanup", Time since last: 1128017671 ns, Reaching safepoint: 104840 ns, At safepoint: 9447 ns, Total: 114287 ns
[2020-09-11T16:27:10.078+0000][1][safepoint    ] Safepoint "Cleanup", Time since last: 1000854171 ns, Reaching safepoint: 77031 ns, At safepoint: 8724 ns, Total: 85755 ns
[2020-09-11T16:27:11.078+0000][1][safepoint    ] Safepoint "Cleanup", Time since last: 1000113515 ns, Reaching safepoint: 87797 ns, At safepoint: 7249 ns, Total: 95046 ns
[2020-09-11T16:27:11.132+0000][1][safepoint    ] Safepoint "RevokeBias", Time since last: 53296550 ns, Reaching safepoint: 629972 ns, At safepoint: 23393 ns, Total: 653365 ns
[2020-09-11T16:27:11.475+0000][1][safepoint    ] Safepoint "RevokeBias", Time since last: 343061239 ns, Reaching safepoint: 163751 ns, At safepoint: 22320 ns, Total: 186071 ns
[2020-09-11T16:27:11.476+0000][1][safepoint    ] Safepoint "RevokeBias", Time since last: 614764 ns, Reaching safepoint: 33873 ns, At safepoint: 12491 ns, Total: 46364 ns
[2020-09-11T16:27:11.486+0000][1][safepoint    ] Safepoint "RevokeBias", Time since last: 9743968 ns, Reaching safepoint: 65855 ns, At safepoint: 19617 ns, Total: 85472 ns
[2020-09-11T16:27:11.519+0000][1][safepoint    ] Safepoint "RevokeBias", Time since last: 32576213 ns, Reaching safepoint: 155438 ns, At safepoint: 23202 ns, Total: 178640 ns
[2020-09-11T16:27:11.550+0000][1][safepoint    ] Safepoint "RevokeBias", Time since last: 30750315 ns, Reaching safepoint: 158996 ns, At safepoint: 56376 ns, Total: 215372 ns
[2020-09-11T16:27:11.562+0000][1][safepoint    ] Safepoint "RevokeBias", Time since last: 11974995 ns, Reaching safepoint: 144660 ns, At safepoint: 51022 ns, Total: 195682 ns
[2020-09-11T16:27:11.694+0000][1][safepoint    ] Safepoint "RevokeBias", Time since last: 131602715 ns, Reaching safepoint: 534849 ns, At safepoint: 27432 ns, Total: 562281 ns
[2020-09-11T16:27:11.695+0000][1][safepoint    ] Safepoint "RevokeBias", Time since last: 78065 ns, Reaching safepoint: 1239533 ns, At safepoint: 21687 ns, Total: 1261220 ns
[2020-09-11T16:27:11.695+0000][1][safepoint    ] Safepoint "RevokeBias", Time since last: 100190 ns, Reaching safepoint: 126272 ns, At safepoint: 16401 ns, Total: 142673 ns
[2020-09-11T16:27:11.697+0000][1][safepoint    ] Safepoint "RevokeBias", Time since last: 531659 ns, Reaching safepoint: 838085 ns, At safepoint: 19590 ns, Total: 857675 ns
[2020-09-11T16:27:11.748+0000][1][safepoint    ] Safepoint "RevokeBias", Time since last: 46508782 ns, Reaching safepoint: 4314197 ns, At safepoint: 53364 ns, Total: 4367561 ns
[2020-09-11T16:27:12.575+0000][1][safepoint    ] Safepoint "RevokeBias", Time since last: 826962429 ns, Reaching safepoint: 98351 ns, At safepoint: 20348 ns, Total: 118699 ns
[2020-09-11T16:27:12.575+0000][1][safepoint    ] Safepoint "RevokeBias", Time since last: 86173 ns, Reaching safepoint: 29338 ns, At safepoint: 11258 ns, Total: 40596 ns
[2020-09-11T16:27:12.575+0000][1][safepoint    ] Safepoint "RevokeBias", Time since last: 488201 ns, Reaching safepoint: 30336 ns, At safepoint: 12621 ns, Total: 42957 ns
[2020-09-11T16:27:12.581+0000][1][safepoint    ] Safepoint "RevokeBias", Time since last: 5940769 ns, Reaching safepoint: 71168 ns, At safepoint: 24247 ns, Total: 95415 ns
[2020-09-11T16:27:12.593+0000][1][safepoint    ] Safepoint "RevokeBias", Time since last: 10978308 ns, Reaching safepoint: 68040 ns, At safepoint: 18106 ns, Total: 86146 ns
[2020-09-11T16:27:12.614+0000][1][safepoint    ] Safepoint "RevokeBias", Time since last: 21093179 ns, Reaching safepoint: 77106 ns, At safepoint: 19477 ns, Total: 96583 ns
[2020-09-11T16:27:12.874+0000][1][safepoint    ] Safepoint "RevokeBias", Time since last: 259830082 ns, Reaching safepoint: 77635 ns, At safepoint: 18060 ns, Total: 95695 ns
[2020-09-11T16:27:12.874+0000][1][safepoint    ] Safepoint "RevokeBias", Time since last: 133764 ns, Reaching safepoint: 30599 ns, At safepoint: 11499 ns, Total: 42098 ns
[2020-09-11T16:27:13.530+0000][1][safepoint    ] Safepoint "RevokeBias", Time since last: 655626550 ns, Reaching safepoint: 86316 ns, At safepoint: 21762 ns, Total: 108078 ns
[2020-09-11T16:27:13.531+0000][1][safepoint    ] Safepoint "RevokeBias", Time since last: 847381 ns, Reaching safepoint: 119892 ns, At safepoint: 13416 ns, Total: 133308 ns
[2020-09-11T16:27:13.548+0000][1][safepoint    ] Safepoint "RevokeBias", Time since last: 16415779 ns, Reaching safepoint: 1301182 ns, At safepoint: 29383 ns, Total: 1330565 ns
[2020-09-11T16:27:13.746+0000][1][safepoint    ] Safepoint "RevokeBias", Time since last: 197452129 ns, Reaching safepoint: 79390 ns, At safepoint: 22779 ns, Total: 102169 ns
[2020-09-11T16:27:13.746+0000][1][safepoint    ] Safepoint "RevokeBias", Time since last: 130537 ns, Reaching safepoint: 55647 ns, At safepoint: 16099 ns, Total: 71746 ns
[2020-09-11T16:27:13.911+0000][1][safepoint    ] Safepoint "RevokeBias", Time since last: 164685151 ns, Reaching safepoint: 69021 ns, At safepoint: 18739 ns, Total: 87760 ns
[2020-09-11T16:27:13.912+0000][1][safepoint    ] Safepoint "BulkRevokeBias", Time since last: 1124138 ns, Reaching safepoint: 47620 ns, At safepoint: 202848 ns, Total: 250468 ns
[2020-09-11T16:27:13.933+0000][1][safepoint    ] Safepoint "RevokeBias", Time since last: 20976799 ns, Reaching safepoint: 65715 ns, At safepoint: 20361 ns, Total: 86076 ns
[2020-09-11T16:27:13.933+0000][1][safepoint    ] Safepoint "RevokeBias", Time since last: 102567 ns, Reaching safepoint: 29794 ns, At safepoint: 12522 ns, Total: 42316 ns
[2020-09-11T16:27:14.293+0000][1][safepoint    ] Safepoint "RevokeBias", Time since last: 359184706 ns, Reaching safepoint: 80621 ns, At safepoint: 20512 ns, Total: 101133 ns
[2020-09-11T16:27:14.918+0000][1][safepoint    ] Safepoint "Deoptimize", Time since last: 622205328 ns, Reaching safepoint: 2248510 ns, At safepoint: 584625 ns, Total: 2833135 ns
[2020-09-11T16:27:15.032+0000][1][safepoint    ] Safepoint "RevokeBias", Time since last: 113076215 ns, Reaching safepoint: 1518143 ns, At safepoint: 97831 ns, Total: 1615974 ns
[2020-09-11T16:27:15.034+0000][1][safepoint    ] Safepoint "RevokeBias", Time since last: 262835 ns, Reaching safepoint: 1616049 ns, At safepoint: 93179 ns, Total: 1709228 ns
[2020-09-11T16:27:15.070+0000][1][safepoint    ] Safepoint "RevokeBias", Time since last: 35065543 ns, Reaching safepoint: 228523 ns, At safepoint: 24827 ns, Total: 253350 ns
[2020-09-11T16:27:15.117+0000][1][safepoint    ] Safepoint "RevokeBias", Time since last: 42786097 ns, Reaching safepoint: 4356323 ns, At safepoint: 33113 ns, Total: 4389436 ns
[2020-09-11T16:27:15.118+0000][1][safepoint    ] Safepoint "RevokeBias", Time since last: 1059519 ns, Reaching safepoint: 143062 ns, At safepoint: 15985 ns, Total: 159047 ns
[2020-09-11T16:27:15.281+0000][1][safepoint    ] Safepoint "RevokeBias", Time since last: 162117319 ns, Reaching safepoint: 624856 ns, At safepoint: 24512 ns, Total: 649368 ns
[2020-09-11T16:27:15.294+0000][1][safepoint    ] Safepoint "RevokeBias", Time since last: 13132278 ns, Reaching safepoint: 185058 ns, At safepoint: 24379 ns, Total: 209437 ns
[2020-09-11T16:27:15.297+0000][1][safepoint    ] Safepoint "RevokeBias", Time since last: 1513328 ns, Reaching safepoint: 1109483 ns, At safepoint: 25115 ns, Total: 1134598 ns
[2020-09-11T16:27:15.307+0000][1][safepoint    ] Safepoint "RevokeBias", Time since last: 9825269 ns, Reaching safepoint: 164888 ns, At safepoint: 21141 ns, Total: 186029 ns
[2020-09-11T16:27:15.317+0000][1][safepoint    ] Safepoint "RevokeBias", Time since last: 10340644 ns, Reaching safepoint: 168242 ns, At safepoint: 24644 ns, Total: 192886 ns
[2020-09-11T16:27:15.608+0000][1][safepoint    ] Safepoint "RevokeBias", Time since last: 289398382 ns, Reaching safepoint: 1341614 ns, At safepoint: 23809 ns, Total: 1365423 ns
[2020-09-11T16:27:15.609+0000][1][safepoint    ] Safepoint "RevokeBias", Time since last: 151578 ns, Reaching safepoint: 472027 ns, At safepoint: 17015 ns, Total: 489042 ns
[2020-09-11T16:27:16.613+0000][1][safepoint    ] Safepoint "Cleanup", Time since last: 1003941356 ns, Reaching safepoint: 96598 ns, At safepoint: 7943 ns, Total: 104541 ns
[2020-09-11T16:27:16.702+0000][1][safepoint    ] Safepoint "RevokeBias", Time since last: 89422425 ns, Reaching safepoint: 163284 ns, At safepoint: 19822 ns, Total: 183106 ns
[2020-09-11T16:27:16.703+0000][1][safepoint    ] Safepoint "RevokeBias", Time since last: 358811 ns, Reaching safepoint: 131577 ns, At safepoint: 17359 ns, Total: 148936 ns
[2020-09-11T16:27:16.784+0000][1][safepoint    ] Safepoint "RevokeBias", Time since last: 80797036 ns, Reaching safepoint: 80610 ns, At safepoint: 15890 ns, Total: 96500 ns
[2020-09-11T16:27:16.784+0000][1][safepoint    ] Safepoint "RevokeBias", Time since last: 60687 ns, Reaching safepoint: 30988 ns, At safepoint: 10301 ns, Total: 41289 ns
[2020-09-11T16:27:16.784+0000][1][safepoint    ] Safepoint "RevokeBias", Time since last: 49846 ns, Reaching safepoint: 28899 ns, At safepoint: 10436 ns, Total: 39335 ns
[2020-09-11T16:27:16.784+0000][1][safepoint    ] Safepoint "RevokeBias", Time since last: 86622 ns, Reaching safepoint: 32296 ns, At safepoint: 10506 ns, Total: 42802 ns
[2020-09-11T16:27:17.022+0000][1][safepoint    ] Safepoint "RevokeBias", Time since last: 237434048 ns, Reaching safepoint: 163850 ns, At safepoint: 21753 ns, Total: 185603 ns
[2020-09-11T16:27:17.022+0000][1][safepoint    ] Safepoint "RevokeBias", Time since last: 206234 ns, Reaching safepoint: 109153 ns, At safepoint: 16210 ns, Total: 125363 ns
[2020-09-11T16:27:17.022+0000][1][safepoint    ] Safepoint "RevokeBias", Time since last: 139950 ns, Reaching safepoint: 108857 ns, At safepoint: 14391 ns, Total: 123248 ns
[2020-09-11T16:27:17.648+0000][1][safepoint    ] Safepoint "RevokeBias", Time since last: 625765149 ns, Reaching safepoint: 187972 ns, At safepoint: 27404 ns, Total: 215376 ns
[2020-09-11T16:27:17.649+0000][1][safepoint    ] Safepoint "RevokeBias", Time since last: 97239 ns, Reaching safepoint: 141505 ns, At safepoint: 17629 ns, Total: 159134 ns
[2020-09-11T16:27:17.649+0000][1][safepoint    ] Safepoint "RevokeBias", Time since last: 187255 ns, Reaching safepoint: 133367 ns, At safepoint: 16794 ns, Total: 150161 ns
[2020-09-11T16:27:17.651+0000][1][safepoint    ] Safepoint "RevokeBias", Time since last: 1046906 ns, Reaching safepoint: 555153 ns, At safepoint: 18358 ns, Total: 573511 ns
[2020-09-11T16:27:17.663+0000][1][safepoint    ] Safepoint "RevokeBias", Time since last: 10716689 ns, Reaching safepoint: 1449562 ns, At safepoint: 26997 ns, Total: 1476559 ns
[2020-09-11T16:27:17.707+0000][1][safepoint    ] Safepoint "RevokeBias", Time since last: 43922958 ns, Reaching safepoint: 88767 ns, At safepoint: 25819 ns, Total: 114586 ns
[2020-09-11T16:27:17.708+0000][1][safepoint    ] Safepoint "RevokeBias", Time since last: 609620 ns, Reaching safepoint: 70299 ns, At safepoint: 19021 ns, Total: 89320 ns
[2020-09-11T16:27:17.708+0000][1][safepoint    ] Safepoint "RevokeBias", Time since last: 60996 ns, Reaching safepoint: 51677 ns, At safepoint: 13962 ns, Total: 65639 ns
[2020-09-11T16:27:17.718+0000][1][safepoint    ] Safepoint "RevokeBias", Time since last: 9303499 ns, Reaching safepoint: 1165446 ns, At safepoint: 29356 ns, Total: 1194802 ns
[2020-09-11T16:27:17.720+0000][1][safepoint    ] Safepoint "RevokeBias", Time since last: 109192 ns, Reaching safepoint: 1490512 ns, At safepoint: 22537 ns, Total: 1513049 ns
[2020-09-11T16:27:17.806+0000][1][safepoint    ] Safepoint "RevokeBias", Time since last: 85976375 ns, Reaching safepoint: 75497 ns, At safepoint: 20193 ns, Total: 95690 ns
[2020-09-11T16:27:17.806+0000][1][safepoint    ] Safepoint "RevokeBias", Time since last: 130067 ns, Reaching safepoint: 42794 ns, At safepoint: 13658 ns, Total: 56452 ns
[2020-09-11T16:27:18.577+0000][1][safepoint    ] Safepoint "RevokeBias", Time since last: 770787836 ns, Reaching safepoint: 153366 ns, At safepoint: 20021 ns, Total: 173387 ns
[2020-09-11T16:27:18.577+0000][1][safepoint    ] Safepoint "RevokeBias", Time since last: 77466 ns, Reaching safepoint: 104827 ns, At safepoint: 13946 ns, Total: 118773 ns
[2020-09-11T16:27:18.974+0000][1][safepoint    ] Safepoint "RevokeBias", Time since last: 395447523 ns, Reaching safepoint: 1208798 ns, At safepoint: 24019 ns, Total: 1232817 ns
[2020-09-11T16:27:18.979+0000][1][safepoint    ] Safepoint "RevokeBias", Time since last: 749670 ns, Reaching safepoint: 3969086 ns, At safepoint: 32527 ns, Total: 4001613 ns
[2020-09-11T16:27:18.987+0000][1][safepoint    ] Safepoint "RevokeBias", Time since last: 7864753 ns, Reaching safepoint: 159567 ns, At safepoint: 23727 ns, Total: 183294 ns
[2020-09-11T16:27:19.159+0000][1][safepoint    ] Safepoint "RevokeBias", Time since last: 172202635 ns, Reaching safepoint: 77873 ns, At safepoint: 18923 ns, Total: 96796 ns
[2020-09-11T16:27:19.159+0000][1][safepoint    ] Safepoint "BulkRevokeBias", Time since last: 133105 ns, Reaching safepoint: 33009 ns, At safepoint: 211076 ns, Total: 244085 ns
[2020-09-11T16:27:19.196+0000][1][safepoint    ] Safepoint "RevokeBias", Time since last: 36101611 ns, Reaching safepoint: 567718 ns, At safepoint: 23344 ns, Total: 591062 ns
[2020-09-11T16:27:19.197+0000][1][safepoint    ] Safepoint "RevokeBias", Time since last: 69157 ns, Reaching safepoint: 470995 ns, At safepoint: 16994 ns, Total: 487989 ns
[2020-09-11T16:27:19.276+0000][1][safepoint    ] Safepoint "RevokeBias", Time since last: 79229199 ns, Reaching safepoint: 71884 ns, At safepoint: 22445 ns, Total: 94329 ns
[2020-09-11T16:27:19.924+0000][1][safepoint    ] Safepoint "RevokeBias", Time since last: 648178131 ns, Reaching safepoint: 210686 ns, At safepoint: 48204 ns, Total: 258890 ns
[2020-09-11T16:27:20.540+0000][1][safepoint    ] Safepoint "RevokeBias", Time since last: 615596790 ns, Reaching safepoint: 96928 ns, At safepoint: 19595 ns, Total: 116523 ns
[2020-09-11T16:27:20.543+0000][1][safepoint    ] Safepoint "RevokeBias", Time since last: 2032490 ns, Reaching safepoint: 862299 ns, At safepoint: 21532 ns, Total: 883831 ns
[2020-09-11T16:27:20.564+0000][1][safepoint    ] Safepoint "RevokeBias", Time since last: 18718977 ns, Reaching safepoint: 2440124 ns, At safepoint: 27374 ns, Total: 2467498 ns
[2020-09-11T16:27:20.934+0000][1][safepoint    ] Safepoint "RevokeBias", Time since last: 370019519 ns, Reaching safepoint: 180022 ns, At safepoint: 25852 ns, Total: 205874 ns
[2020-09-11T16:27:20.945+0000][1][safepoint    ] Safepoint "RevokeBias", Time since last: 9622307 ns, Reaching safepoint: 815389 ns, At safepoint: 27616 ns, Total: 843005 ns
[2020-09-11T16:27:20.945+0000][1][safepoint    ] Safepoint "RevokeBias", Time since last: 61722 ns, Reaching safepoint: 533472 ns, At safepoint: 17410 ns, Total: 550882 ns
[2020-09-11T16:27:20.973+0000][1][safepoint    ] Safepoint "RevokeBias", Time since last: 26932406 ns, Reaching safepoint: 184249 ns, At safepoint: 28273 ns, Total: 212522 ns
[2020-09-11T16:27:20.973+0000][1][safepoint    ] Safepoint "RevokeBias", Time since last: 334479 ns, Reaching safepoint: 147901 ns, At safepoint: 18106 ns, Total: 166007 ns
[2020-09-11T16:27:20.975+0000][1][safepoint    ] Safepoint "RevokeBias", Time since last: 1659298 ns, Reaching safepoint: 485330 ns, At safepoint: 20975 ns, Total: 506305 ns
[2020-09-11T16:27:21.087+0000][1][safepoint    ] Safepoint "RevokeBias", Time since last: 111561322 ns, Reaching safepoint: 195014 ns, At safepoint: 49167 ns, Total: 244181 ns
[2020-09-11T16:27:21.369+0000][1][gc,start     ] GC(73) Pause Young (Allocation Failure)
[2020-09-11T16:27:21.369+0000][1][gc,task      ] GC(73) Using 1 workers of 1 for evacuation
[2020-09-11T16:27:21.459+0000][1][gc,age       ] GC(73) Desired survivor size 4358144 bytes, new threshold 4 (max threshold 6)
[2020-09-11T16:27:21.507+0000][1][gc,age       ] GC(73) Age table with threshold 4 (max threshold 6)
[2020-09-11T16:27:21.507+0000][1][gc,age       ] GC(73) - age   1:     793440 bytes,     793440 total
[2020-09-11T16:27:21.507+0000][1][gc,age       ] GC(73) - age   2:    1117600 bytes,    1911040 total
[2020-09-11T16:27:21.507+0000][1][gc,age       ] GC(73) - age   3:    1075600 bytes,    2986640 total
[2020-09-11T16:27:21.507+0000][1][gc,age       ] GC(73) - age   4:    1797784 bytes,    4784424 total
[2020-09-11T16:27:21.507+0000][1][gc,heap      ] GC(73) ParNew: 73066K->8512K(76672K)
[2020-09-11T16:27:21.507+0000][1][gc,heap      ] GC(73) CMS: 101858K->101858K(2011968K)
[2020-09-11T16:27:21.507+0000][1][gc,metaspace ] GC(73) Metaspace: 86606K->86606K(1128448K)
[2020-09-11T16:27:21.507+0000][1][gc           ] GC(73) Pause Young (Allocation Failure) 170M->107M(2039M) 138.205ms
[2020-09-11T16:27:21.507+0000][1][gc,cpu       ] GC(73) User=0.03s Sys=0.00s Real=0.14s
[2020-09-11T16:27:21.547+0000][1][safepoint    ] Safepoint "RevokeBias", Time since last: 279446607 ns, Reaching safepoint: 2226333 ns, At safepoint: 178271946 ns, Total: 180498279 ns
[2020-09-11T16:27:21.564+0000][1][safepoint    ] Safepoint "RevokeBias", Time since last: 831870 ns, Reaching safepoint: 979688 ns, At safepoint: 14684027 ns, Total: 15663715 ns
[2020-09-11T16:27:21.585+0000][1][safepoint    ] Safepoint "RevokeBias", Time since last: 19382218 ns, Reaching safepoint: 1953988 ns, At safepoint: 81292 ns, Total: 2035280 ns
[2020-09-11T16:27:21.593+0000][1][safepoint    ] Safepoint "RevokeBias", Time since last: 4544069 ns, Reaching safepoint: 3001163 ns, At safepoint: 56404 ns, Total: 3057567 ns
[2020-09-11T16:27:21.639+0000][1][safepoint    ] Safepoint "RevokeBias", Time since last: 44668346 ns, Reaching safepoint: 1327743 ns, At safepoint: 24062 ns, Total: 1351805 ns
[2020-09-11T16:27:21.648+0000][1][safepoint    ] Safepoint "RevokeBias", Time since last: 9236958 ns, Reaching safepoint: 433239 ns, At safepoint: 24631 ns, Total: 457870 ns
[2020-09-11T16:27:22.267+0000][1][safepoint    ] Safepoint "RevokeBias", Time since last: 618855075 ns, Reaching safepoint: 164539 ns, At safepoint: 20386 ns, Total: 184925 ns
[2020-09-11T16:27:22.570+0000][1][safepoint    ] Safepoint "RevokeBias", Time since last: 302245864 ns, Reaching safepoint: 512507 ns, At safepoint: 45966 ns, Total: 558473 ns
[2020-09-11T16:27:22.580+0000][1][safepoint    ] Safepoint "RevokeBias", Time since last: 7324633 ns, Reaching safepoint: 2058310 ns, At safepoint: 60928 ns, Total: 2119238 ns
[2020-09-11T16:27:22.641+0000][1][safepoint    ] Safepoint "RevokeBias", Time since last: 58831735 ns, Reaching safepoint: 2630265 ns, At safepoint: 27854 ns, Total: 2658119 ns
[2020-09-11T16:27:22.673+0000][1][safepoint    ] Safepoint "RevokeBias", Time since last: 32091479 ns, Reaching safepoint: 170965 ns, At safepoint: 23610 ns, Total: 194575 ns
[2020-09-11T16:27:22.692+0000][1][safepoint    ] Safepoint "RevokeBias", Time since last: 18792636 ns, Reaching safepoint: 161856 ns, At safepoint: 24094 ns, Total: 185950 ns
[2020-09-11T16:27:22.693+0000][1][safepoint    ] Safepoint "RevokeBias", Time since last: 234670 ns, Reaching safepoint: 159405 ns, At safepoint: 19131 ns, Total: 178536 ns
[2020-09-11T16:27:22.699+0000][1][safepoint    ] Safepoint "RevokeBias", Time since last: 3748574 ns, Reaching safepoint: 2612079 ns, At safepoint: 29035 ns, Total: 2641114 ns
[2020-09-11T16:27:22.744+0000][1][safepoint    ] Safepoint "RevokeBias", Time since last: 43395808 ns, Reaching safepoint: 1319521 ns, At safepoint: 30720 ns, Total: 1350241 ns
[2020-09-11T16:27:22.752+0000][1][safepoint    ] Safepoint "RevokeBias", Time since last: 7157541 ns, Reaching safepoint: 1360430 ns, At safepoint: 27020 ns, Total: 1387450 ns
[2020-09-11T16:27:22.755+0000][1][safepoint    ] Safepoint "RevokeBias", Time since last: 149677 ns, Reaching safepoint: 1906707 ns, At safepoint: 65682 ns, Total: 1972389 ns
[2020-09-11T16:27:22.779+0000][1][safepoint    ] Safepoint "RevokeBias", Time since last: 24384630 ns, Reaching safepoint: 171518 ns, At safepoint: 26692 ns, Total: 198210 ns
[2020-09-11T16:27:23.745+0000][1][safepoint    ] Safepoint "RevokeBias", Time since last: 965404622 ns, Reaching safepoint: 104078 ns, At safepoint: 32192 ns, Total: 136270 ns
[2020-09-11T16:27:24.745+0000][1][safepoint    ] Safepoint "Cleanup", Time since last: 1000137631 ns, Reaching safepoint: 114214 ns, At safepoint: 8531 ns, Total: 122745 ns
[2020-09-11T16:27:25.171+0000][1][safepoint    ] Safepoint "RevokeBias", Time since last: 426223785 ns, Reaching safepoint: 206813 ns, At safepoint: 10136 ns, Total: 216949 ns
[2020-09-11T16:27:25.210+0000][1][safepoint    ] Safepoint "RevokeBias", Time since last: 33991992 ns, Reaching safepoint: 4340026 ns, At safepoint: 19427 ns, Total: 4359453 ns
[2020-09-11T16:27:25.345+0000][1][safepoint    ] Safepoint "RevokeBias", Time since last: 135422143 ns, Reaching safepoint: 210681 ns, At safepoint: 21193 ns, Total: 231874 ns
[2020-09-11T16:27:25.346+0000][1][safepoint    ] Safepoint "RevokeBias", Time since last: 671682 ns, Reaching safepoint: 141017 ns, At safepoint: 15951 ns, Total: 156968 ns
[2020-09-11T16:27:25.362+0000][1][safepoint    ] Safepoint "RevokeBias", Time since last: 15378890 ns, Reaching safepoint: 432916 ns, At safepoint: 25222 ns, Total: 458138 ns
[2020-09-11T16:27:25.362+0000][1][safepoint    ] Safepoint "RevokeBias", Time since last: 101041 ns, Reaching safepoint: 147253 ns, At safepoint: 16661 ns, Total: 163914 ns
[2020-09-11T16:27:25.477+0000][1][safepoint    ] Safepoint "RevokeBias", Time since last: 111961009 ns, Reaching safepoint: 2275005 ns, At safepoint: 27449 ns, Total: 2302454 ns
[2020-09-11T16:27:25.478+0000][1][safepoint    ] Safepoint "RevokeBias", Time since last: 1131310 ns, Reaching safepoint: 156554 ns, At safepoint: 19893 ns, Total: 176447 ns
[2020-09-11T16:27:25.518+0000][1][safepoint    ] Safepoint "RevokeBias", Time since last: 39395113 ns, Reaching safepoint: 1119755 ns, At safepoint: 27463 ns, Total: 1147218 ns
[2020-09-11T16:27:25.519+0000][1][safepoint    ] Safepoint "RevokeBias", Time since last: 201904 ns, Reaching safepoint: 149035 ns, At safepoint: 18564 ns, Total: 167599 ns
[2020-09-11T16:27:25.524+0000][1][safepoint    ] Safepoint "RevokeBias", Time since last: 4582872 ns, Reaching safepoint: 179899 ns, At safepoint: 26590 ns, Total: 206489 ns
[2020-09-11T16:27:25.524+0000][1][safepoint    ] Safepoint "RevokeBias", Time since last: 196816 ns, Reaching safepoint: 150425 ns, At safepoint: 17928 ns, Total: 168353 ns
[2020-09-11T16:27:25.524+0000][1][safepoint    ] Safepoint "RevokeBias", Time since last: 166123 ns, Reaching safepoint: 136547 ns, At safepoint: 17972 ns, Total: 154519 ns
[2020-09-11T16:27:25.525+0000][1][safepoint    ] Safepoint "RevokeBias", Time since last: 225542 ns, Reaching safepoint: 124129 ns, At safepoint: 16236 ns, Total: 140365 ns
[2020-09-11T16:27:25.525+0000][1][safepoint    ] Safepoint "RevokeBias", Time since last: 141212 ns, Reaching safepoint: 642061 ns, At safepoint: 17288 ns, Total: 659349 ns
[2020-09-11T16:27:25.691+0000][1][safepoint    ] Safepoint "Deoptimize", Time since last: 164600149 ns, Reaching safepoint: 170679 ns, At safepoint: 631512 ns, Total: 802191 ns
[2020-09-11T16:27:25.806+0000][1][safepoint    ] Safepoint "RevokeBias", Time since last: 114116227 ns, Reaching safepoint: 1529587 ns, At safepoint: 29645 ns, Total: 1559232 ns
[2020-09-11T16:27:25.828+0000][1][safepoint    ] Safepoint "RevokeBias", Time since last: 18410666 ns, Reaching safepoint: 3367877 ns, At safepoint: 33224 ns, Total: 3401101 ns
[2020-09-11T16:27:26.121+0000][1][safepoint    ] Safepoint "RevokeBias", Time since last: 292488459 ns, Reaching safepoint: 173869 ns, At safepoint: 31627 ns, Total: 205496 ns
[2020-09-11T16:27:26.121+0000][1][safepoint    ] Safepoint "RevokeBias", Time since last: 91499 ns, Reaching safepoint: 140292 ns, At safepoint: 18903 ns, Total: 159195 ns
[2020-09-11T16:27:26.130+0000][1][safepoint    ] Safepoint "RevokeBias", Time since last: 8827153 ns, Reaching safepoint: 162190 ns, At safepoint: 24880 ns, Total: 187070 ns
[2020-09-11T16:27:26.511+0000][1][safepoint    ] Safepoint "RevokeBias", Time since last: 380891958 ns, Reaching safepoint: 101075 ns, At safepoint: 25714 ns, Total: 126789 ns
[2020-09-11T16:27:27.512+0000][1][safepoint    ] Safepoint "Cleanup", Time since last: 1000115108 ns, Reaching safepoint: 111655 ns, At safepoint: 12671 ns, Total: 124326 ns
[2020-09-11T16:27:27.962+0000][1][safepoint    ] Safepoint "RevokeBias", Time since last: 450501962 ns, Reaching safepoint: 86057 ns, At safepoint: 25196 ns, Total: 111253 ns
[2020-09-11T16:27:28.081+0000][1][safepoint    ] Safepoint "RevokeBias", Time since last: 118745796 ns, Reaching safepoint: 181567 ns, At safepoint: 27916 ns, Total: 209483 ns
[2020-09-11T16:27:28.826+0000][1][safepoint    ] Safepoint "BulkRevokeBias", Time since last: 744986660 ns, Reaching safepoint: 96957 ns, At safepoint: 273048 ns, Total: 370005 ns
[2020-09-11T16:27:29.012+0000][1][safepoint    ] Safepoint "RevokeBias", Time since last: 184981655 ns, Reaching safepoint: 265788 ns, At safepoint: 36038 ns, Total: 301826 ns
[2020-09-11T16:27:29.283+0000][1][safepoint    ] Safepoint "RevokeBias", Time since last: 271329715 ns, Reaching safepoint: 243216 ns, At safepoint: 21659 ns, Total: 264875 ns
[2020-09-11T16:27:30.029+0000][1][safepoint    ] Safepoint "RevokeBias", Time since last: 745527118 ns, Reaching safepoint: 598336 ns, At safepoint: 25924 ns, Total: 624260 ns
[2020-09-11T16:27:30.181+0000][1][gc,start     ] GC(74) Pause Young (Allocation Failure)
[2020-09-11T16:27:30.181+0000][1][gc,task      ] GC(74) Using 1 workers of 1 for evacuation
[2020-09-11T16:27:30.252+0000][1][gc,age       ] GC(74) Desired survivor size 4358144 bytes, new threshold 4 (max threshold 6)
[2020-09-11T16:27:30.252+0000][1][gc,age       ] GC(74) Age table with threshold 4 (max threshold 6)
[2020-09-11T16:27:30.252+0000][1][gc,age       ] GC(74) - age   1:    2190384 bytes,    2190384 total
[2020-09-11T16:27:30.252+0000][1][gc,age       ] GC(74) - age   2:     563888 bytes,    2754272 total
[2020-09-11T16:27:30.252+0000][1][gc,age       ] GC(74) - age   3:    1117024 bytes,    3871296 total
[2020-09-11T16:27:30.252+0000][1][gc,age       ] GC(74) - age   4:    1074808 bytes,    4946104 total
[2020-09-11T16:27:30.252+0000][1][gc,heap      ] GC(74) ParNew: 76672K->5643K(76672K)
[2020-09-11T16:27:30.252+0000][1][gc,heap      ] GC(74) CMS: 101858K->103646K(2011968K)
[2020-09-11T16:27:30.252+0000][1][gc,metaspace ] GC(74) Metaspace: 87821K->87821K(1130496K)
[2020-09-11T16:27:30.252+0000][1][gc           ] GC(74) Pause Young (Allocation Failure) 174M->106M(2039M) 71.301ms
[2020-09-11T16:27:30.252+0000][1][gc,cpu       ] GC(74) User=0.04s Sys=0.00s Real=0.06s
[2020-09-11T16:27:30.265+0000][1][safepoint    ] Safepoint "GenCollectForAllocation", Time since last: 151002149 ns, Reaching safepoint: 394286 ns, At safepoint: 84335066 ns, Total: 84729352 ns
[2020-09-11T16:27:30.641+0000][1][safepoint    ] Safepoint "RevokeBias", Time since last: 371570119 ns, Reaching safepoint: 4163580 ns, At safepoint: 90384 ns, Total: 4253964 ns
[2020-09-11T16:27:30.793+0000][1][safepoint    ] Safepoint "RevokeBias", Time since last: 151728706 ns, Reaching safepoint: 163145 ns, At safepoint: 23317 ns, Total: 186462 ns
[2020-09-11T16:27:30.793+0000][1][safepoint    ] Safepoint "RevokeBias", Time since last: 419000 ns, Reaching safepoint: 110440 ns, At safepoint: 15209 ns, Total: 125649 ns
[2020-09-11T16:27:30.816+0000][1][safepoint    ] Safepoint "RevokeBias", Time since last: 20255565 ns, Reaching safepoint: 2237506 ns, At safepoint: 34599 ns, Total: 2272105 ns
[2020-09-11T16:27:30.825+0000][1][safepoint    ] Safepoint "RevokeBias", Time since last: 4704074 ns, Reaching safepoint: 4128580 ns, At safepoint: 33513 ns, Total: 4162093 ns
[2020-09-11T16:27:30.837+0000][1][safepoint    ] Safepoint "RevokeBias", Time since last: 10504863 ns, Reaching safepoint: 1456866 ns, At safepoint: 29989 ns, Total: 1486855 ns
[2020-09-11T16:27:30.849+0000][1][safepoint    ] Safepoint "RevokeBias", Time since last: 11311410 ns, Reaching safepoint: 650508 ns, At safepoint: 22106 ns, Total: 672614 ns
[2020-09-11T16:27:30.853+0000][1][safepoint    ] Safepoint "BulkRevokeBias", Time since last: 113551 ns, Reaching safepoint: 3882278 ns, At safepoint: 289809 ns, Total: 4172087 ns
[2020-09-11T16:27:30.857+0000][1][safepoint    ] Safepoint "RevokeBias", Time since last: 2956742 ns, Reaching safepoint: 737902 ns, At safepoint: 18908 ns, Total: 756810 ns
[2020-09-11T16:27:30.858+0000][1][safepoint    ] Safepoint "RevokeBias", Time since last: 166193 ns, Reaching safepoint: 1106379 ns, At safepoint: 17146 ns, Total: 1123525 ns
[2020-09-11T16:27:30.858+0000][1][safepoint    ] Safepoint "RevokeBias", Time since last: 65283 ns, Reaching safepoint: 110335 ns, At safepoint: 14191 ns, Total: 124526 ns
[2020-09-11T16:27:30.897+0000][1][safepoint    ] Safepoint "RevokeBias", Time since last: 38429883 ns, Reaching safepoint: 676991 ns, At safepoint: 33030 ns, Total: 710021 ns
[2020-09-11T16:27:30.903+0000][1][safepoint    ] Safepoint "RevokeBias", Time since last: 4986622 ns, Reaching safepoint: 735735 ns, At safepoint: 27514 ns, Total: 763249 ns
[2020-09-11T16:27:30.903+0000][1][safepoint    ] Safepoint "RevokeBias", Time since last: 93007 ns, Reaching safepoint: 136490 ns, At safepoint: 18263 ns, Total: 154753 ns
[2020-09-11T16:27:30.940+0000][1][safepoint    ] Safepoint "RevokeBias", Time since last: 26158265 ns, Reaching safepoint: 10646486 ns, At safepoint: 32624 ns, Total: 10679110 ns
[2020-09-11T16:27:30.941+0000][1][safepoint    ] Safepoint "RevokeBias", Time since last: 723070 ns, Reaching safepoint: 147876 ns, At safepoint: 18554 ns, Total: 166430 ns
[2020-09-11T16:27:30.941+0000][1][safepoint    ] Safepoint "RevokeBias", Time since last: 71750 ns, Reaching safepoint: 129295 ns, At safepoint: 15592 ns, Total: 144887 ns
[2020-09-11T16:27:30.948+0000][1][safepoint    ] Safepoint "RevokeBias", Time since last: 6238689 ns, Reaching safepoint: 705858 ns, At safepoint: 22786 ns, Total: 728644 ns
[2020-09-11T16:27:30.949+0000][1][safepoint    ] Safepoint "RevokeBias", Time since last: 104779 ns, Reaching safepoint: 104169 ns, At safepoint: 13662 ns, Total: 117831 ns
[2020-09-11T16:27:30.970+0000][1][safepoint    ] Safepoint "RevokeBias", Time since last: 21003561 ns, Reaching safepoint: 164929 ns, At safepoint: 55635 ns, Total: 220564 ns
[2020-09-11T16:27:31.009+0000][1][safepoint    ] Safepoint "RevokeBias", Time since last: 39341612 ns, Reaching safepoint: 158163 ns, At safepoint: 20900 ns, Total: 179063 ns
[2020-09-11T16:27:31.025+0000][1][safepoint    ] Safepoint "RevokeBias", Time since last: 15476402 ns, Reaching safepoint: 162611 ns, At safepoint: 23875 ns, Total: 186486 ns
[2020-09-11T16:27:31.237+0000][1][safepoint    ] Safepoint "RevokeBias", Time since last: 212190527 ns, Reaching safepoint: 192736 ns, At safepoint: 37786 ns, Total: 230522 ns
[2020-09-11T16:27:31.513+0000][1][safepoint    ] Safepoint "RevokeBias", Time since last: 274193328 ns, Reaching safepoint: 1320832 ns, At safepoint: 55390 ns, Total: 1376222 ns
[2020-09-11T16:27:32.513+0000][1][safepoint    ] Safepoint "Cleanup", Time since last: 1000110186 ns, Reaching safepoint: 196132 ns, At safepoint: 7399 ns, Total: 203531 ns
[2020-09-11T16:27:32.913+0000][1][safepoint    ] Safepoint "RevokeBias", Time since last: 395574159 ns, Reaching safepoint: 3951561 ns, At safepoint: 29972 ns, Total: 3981533 ns
[2020-09-11T16:27:33.534+0000][1][safepoint    ] Safepoint "RevokeBias", Time since last: 621220873 ns, Reaching safepoint: 172830 ns, At safepoint: 21772 ns, Total: 194602 ns
[2020-09-11T16:27:33.538+0000][1][safepoint    ] Safepoint "RevokeBias", Time since last: 3564174 ns, Reaching safepoint: 163453 ns, At safepoint: 18618 ns, Total: 182071 ns
[2020-09-11T16:27:33.538+0000][1][safepoint    ] Safepoint "RevokeBias", Time since last: 106665 ns, Reaching safepoint: 106405 ns, At safepoint: 13777 ns, Total: 120182 ns
[2020-09-11T16:27:33.538+0000][1][safepoint    ] Safepoint "RevokeBias", Time since last: 76506 ns, Reaching safepoint: 104081 ns, At safepoint: 11696 ns, Total: 115777 ns
[2020-09-11T16:27:33.539+0000][1][safepoint    ] Safepoint "RevokeBias", Time since last: 70315 ns, Reaching safepoint: 104180 ns, At safepoint: 11346 ns, Total: 115526 ns
[2020-09-11T16:27:33.546+0000][1][safepoint    ] Safepoint "RevokeBias", Time since last: 6775935 ns, Reaching safepoint: 158097 ns, At safepoint: 17718 ns, Total: 175815 ns
[2020-09-11T16:27:33.546+0000][1][safepoint    ] Safepoint "RevokeBias", Time since last: 157802 ns, Reaching safepoint: 108367 ns, At safepoint: 21963 ns, Total: 130330 ns
[2020-09-11T16:27:33.546+0000][1][safepoint    ] Safepoint "RevokeBias", Time since last: 93649 ns, Reaching safepoint: 105729 ns, At safepoint: 12705 ns, Total: 118434 ns
[2020-09-11T16:27:33.549+0000][1][safepoint    ] Safepoint "RevokeBias", Time since last: 2677873 ns, Reaching safepoint: 148653 ns, At safepoint: 30059 ns, Total: 178712 ns
[2020-09-11T16:27:33.550+0000][1][safepoint    ] Safepoint "RevokeBias", Time since last: 546365 ns, Reaching safepoint: 131178 ns, At safepoint: 16852 ns, Total: 148030 ns
[2020-09-11T16:27:33.550+0000][1][safepoint    ] Safepoint "RevokeBias", Time since last: 80270 ns, Reaching safepoint: 123187 ns, At safepoint: 15469 ns, Total: 138656 ns
[2020-09-11T16:27:33.550+0000][1][safepoint    ] Safepoint "RevokeBias", Time since last: 91337 ns, Reaching safepoint: 120607 ns, At safepoint: 14770 ns, Total: 135377 ns
[2020-09-11T16:27:33.552+0000][1][safepoint    ] Safepoint "RevokeBias", Time since last: 74731 ns, Reaching safepoint: 2229723 ns, At safepoint: 20432 ns, Total: 2250155 ns
[2020-09-11T16:27:33.553+0000][1][safepoint    ] Safepoint "RevokeBias", Time since last: 450420 ns, Reaching safepoint: 125842 ns, At safepoint: 16025 ns, Total: 141867 ns
[2020-09-11T16:27:33.553+0000][1][safepoint    ] Safepoint "RevokeBias", Time since last: 103340 ns, Reaching safepoint: 119145 ns, At safepoint: 122993 ns, Total: 242138 ns
[2020-09-11T16:27:33.554+0000][1][safepoint    ] Safepoint "RevokeBias", Time since last: 955425 ns, Reaching safepoint: 121171 ns, At safepoint: 24080 ns, Total: 145251 ns
[2020-09-11T16:27:33.557+0000][1][safepoint    ] Safepoint "RevokeBias", Time since last: 2306748 ns, Reaching safepoint: 137897 ns, At safepoint: 28274 ns, Total: 166171 ns
[2020-09-11T16:27:33.557+0000][1][safepoint    ] Safepoint "RevokeBias", Time since last: 115814 ns, Reaching safepoint: 125325 ns, At safepoint: 23744 ns, Total: 149069 ns
[2020-09-11T16:27:33.557+0000][1][safepoint    ] Safepoint "RevokeBias", Time since last: 73454 ns, Reaching safepoint: 118615 ns, At safepoint: 22781 ns, Total: 141396 ns
[2020-09-11T16:27:33.559+0000][1][safepoint    ] Safepoint "BulkRevokeBias", Time since last: 66480 ns, Reaching safepoint: 116266 ns, At safepoint: 1026851 ns, Total: 1143117 ns
[2020-09-11T16:27:33.573+0000][1][safepoint    ] Safepoint "RevokeBias", Time since last: 7139743 ns, Reaching safepoint: 7369601 ns, At safepoint: 32515 ns, Total: 7402116 ns
[2020-09-11T16:27:33.574+0000][1][safepoint    ] Safepoint "RevokeBias", Time since last: 220270 ns, Reaching safepoint: 148772 ns, At safepoint: 48569 ns, Total: 197341 ns
[2020-09-11T16:27:33.617+0000][1][safepoint    ] Safepoint "RevokeBias", Time since last: 43184251 ns, Reaching safepoint: 168464 ns, At safepoint: 21994 ns, Total: 190458 ns
[2020-09-11T16:27:33.618+0000][1][safepoint    ] Safepoint "RevokeBias", Time since last: 1088644 ns, Reaching safepoint: 120479 ns, At safepoint: 15509 ns, Total: 135988 ns
[2020-09-11T16:27:33.618+0000][1][safepoint    ] Safepoint "RevokeBias", Time since last: 179527 ns, Reaching safepoint: 109525 ns, At safepoint: 13085 ns, Total: 122610 ns
[2020-09-11T16:27:33.625+0000][1][safepoint    ] Safepoint "RevokeBias", Time since last: 81414 ns, Reaching safepoint: 6753700 ns, At safepoint: 29787 ns, Total: 6783487 ns
[2020-09-11T16:27:33.626+0000][1][safepoint    ] Safepoint "RevokeBias", Time since last: 105129 ns, Reaching safepoint: 110013 ns, At safepoint: 13524 ns, Total: 123537 ns
[2020-09-11T16:27:33.626+0000][1][safepoint    ] Safepoint "RevokeBias", Time since last: 82050 ns, Reaching safepoint: 106932 ns, At safepoint: 12360 ns, Total: 119292 ns
[2020-09-11T16:27:33.626+0000][1][safepoint    ] Safepoint "RevokeBias", Time since last: 52352 ns, Reaching safepoint: 116089 ns, At safepoint: 12250 ns, Total: 128339 ns
[2020-09-11T16:27:33.626+0000][1][safepoint    ] Safepoint "RevokeBias", Time since last: 32156 ns, Reaching safepoint: 105038 ns, At safepoint: 11527 ns, Total: 116565 ns
[2020-09-11T16:27:33.626+0000][1][safepoint    ] Safepoint "RevokeBias", Time since last: 116402 ns, Reaching safepoint: 110599 ns, At safepoint: 11611 ns, Total: 122210 ns
[2020-09-11T16:27:33.629+0000][1][safepoint    ] Safepoint "RevokeBias", Time since last: 2546315 ns, Reaching safepoint: 135752 ns, At safepoint: 18737 ns, Total: 154489 ns
[2020-09-11T16:27:33.629+0000][1][safepoint    ] Safepoint "RevokeBias", Time since last: 87706 ns, Reaching safepoint: 104585 ns, At safepoint: 37371 ns, Total: 141956 ns
[2020-09-11T16:27:33.629+0000][1][safepoint    ] Safepoint "RevokeBias", Time since last: 44024 ns, Reaching safepoint: 104793 ns, At safepoint: 32035 ns, Total: 136828 ns
[2020-09-11T16:27:33.630+0000][1][safepoint    ] Safepoint "RevokeBias", Time since last: 31908 ns, Reaching safepoint: 102734 ns, At safepoint: 29992 ns, Total: 132726 ns
[2020-09-11T16:27:33.633+0000][1][safepoint    ] Safepoint "RevokeBias", Time since last: 65157 ns, Reaching safepoint: 3160029 ns, At safepoint: 26380 ns, Total: 3186409 ns
[2020-09-11T16:27:33.633+0000][1][safepoint    ] Safepoint "RevokeBias", Time since last: 117044 ns, Reaching safepoint: 107347 ns, At safepoint: 41560 ns, Total: 148907 ns
[2020-09-11T16:27:33.633+0000][1][safepoint    ] Safepoint "RevokeBias", Time since last: 43644 ns, Reaching safepoint: 103887 ns, At safepoint: 31524 ns, Total: 135411 ns
[2020-09-11T16:27:33.633+0000][1][safepoint    ] Safepoint "RevokeBias", Time since last: 34108 ns, Reaching safepoint: 104065 ns, At safepoint: 29685 ns, Total: 133750 ns
[2020-09-11T16:27:33.637+0000][1][safepoint    ] Safepoint "RevokeBias", Time since last: 3283012 ns, Reaching safepoint: 71081 ns, At safepoint: 20555 ns, Total: 91636 ns
[2020-09-11T16:27:33.637+0000][1][safepoint    ] Safepoint "RevokeBias", Time since last: 94253 ns, Reaching safepoint: 32930 ns, At safepoint: 10932 ns, Total: 43862 ns
[2020-09-11T16:27:33.637+0000][1][safepoint    ] Safepoint "RevokeBias", Time since last: 94893 ns, Reaching safepoint: 32997 ns, At safepoint: 17953 ns, Total: 50950 ns
[2020-09-11T16:27:33.637+0000][1][safepoint    ] Safepoint "RevokeBias", Time since last: 38713 ns, Reaching safepoint: 32018 ns, At safepoint: 17187 ns, Total: 49205 ns
[2020-09-11T16:27:33.637+0000][1][safepoint    ] Safepoint "RevokeBias", Time since last: 26554 ns, Reaching safepoint: 31212 ns, At safepoint: 17311 ns, Total: 48523 ns
[2020-09-11T16:27:33.653+0000][1][gc,start     ] GC(75) Pause Young (Allocation Failure)
[2020-09-11T16:27:33.653+0000][1][gc,task      ] GC(75) Using 1 workers of 1 for evacuation
[2020-09-11T16:27:33.833+0000][1][gc,age       ] GC(75) Desired survivor size 4358144 bytes, new threshold 1 (max threshold 6)
[2020-09-11T16:27:33.833+0000][1][gc,age       ] GC(75) Age table with threshold 1 (max threshold 6)
[2020-09-11T16:27:33.833+0000][1][gc,age       ] GC(75) - age   1:    7480936 bytes,    7480936 total
[2020-09-11T16:27:33.833+0000][1][gc,age       ] GC(75) - age   2:    1018168 bytes,    8499104 total
[2020-09-11T16:27:33.833+0000][1][gc,age       ] GC(75) - age   3:     167912 bytes,    8667016 total
[2020-09-11T16:27:33.833+0000][1][gc,age       ] GC(75) - age   4:      37624 bytes,    8704640 total
[2020-09-11T16:27:33.847+0000][1][gc,heap      ] GC(75) ParNew: 73803K->8512K(76672K)
[2020-09-11T16:27:33.847+0000][1][gc,heap      ] GC(75) CMS: 103646K->110304K(2011968K)
[2020-09-11T16:27:33.847+0000][1][gc,metaspace ] GC(75) Metaspace: 89090K->89090K(1130496K)
[2020-09-11T16:27:33.847+0000][1][gc           ] GC(75) Pause Young (Allocation Failure) 173M->116M(2039M) 194.148ms
[2020-09-11T16:27:33.847+0000][1][gc,cpu       ] GC(75) User=0.07s Sys=0.00s Real=0.19s
[2020-09-11T16:27:33.855+0000][1][safepoint    ] Safepoint "GenCollectForAllocation", Time since last: 15397576 ns, Reaching safepoint: 154397 ns, At safepoint: 202343630 ns, Total: 202498027 ns
[2020-09-11T16:27:34.367+0000][1][safepoint    ] Safepoint "RevokeBias", Time since last: 505040961 ns, Reaching safepoint: 6391922 ns, At safepoint: 26275 ns, Total: 6418197 ns
[2020-09-11T16:27:34.367+0000][1][safepoint    ] Safepoint "RevokeBias", Time since last: 78838 ns, Reaching safepoint: 113200 ns, At safepoint: 12008 ns, Total: 125208 ns
[2020-09-11T16:27:34.673+0000][1][safepoint    ] Safepoint "RevokeBias", Time since last: 298298281 ns, Reaching safepoint: 7720939 ns, At safepoint: 22605 ns, Total: 7743544 ns
[2020-09-11T16:27:34.677+0000][1][safepoint    ] Safepoint "RevokeBias", Time since last: 4194516 ns, Reaching safepoint: 169474 ns, At safepoint: 8853 ns, Total: 178327 ns
[2020-09-11T16:27:34.905+0000][1][safepoint    ] Safepoint "RevokeBias", Time since last: 227584580 ns, Reaching safepoint: 169728 ns, At safepoint: 18477 ns, Total: 188205 ns
[2020-09-11T16:27:34.929+0000][1][safepoint    ] Safepoint "RevokeBias", Time since last: 23828841 ns, Reaching safepoint: 166146 ns, At safepoint: 20063 ns, Total: 186209 ns
[2020-09-11T16:27:35.061+0000][1][safepoint    ] Safepoint "RevokeBias", Time since last: 122454679 ns, Reaching safepoint: 9403350 ns, At safepoint: 44897 ns, Total: 9448247 ns
[2020-09-11T16:27:35.062+0000][1][safepoint    ] Safepoint "RevokeBias", Time since last: 551695 ns, Reaching safepoint: 126408 ns, At safepoint: 15111 ns, Total: 141519 ns
[2020-09-11T16:27:35.062+0000][1][safepoint    ] Safepoint "RevokeBias", Time since last: 38908 ns, Reaching safepoint: 104771 ns, At safepoint: 12565 ns, Total: 117336 ns
[2020-09-11T16:27:35.062+0000][1][safepoint    ] Safepoint "RevokeBias", Time since last: 32563 ns, Reaching safepoint: 115051 ns, At safepoint: 12523 ns, Total: 127574 ns
[2020-09-11T16:27:35.062+0000][1][safepoint    ] Safepoint "RevokeBias", Time since last: 42109 ns, Reaching safepoint: 103044 ns, At safepoint: 11598 ns, Total: 114642 ns
[2020-09-11T16:27:35.062+0000][1][safepoint    ] Safepoint "RevokeBias", Time since last: 31635 ns, Reaching safepoint: 101918 ns, At safepoint: 11455 ns, Total: 113373 ns
[2020-09-11T16:27:35.064+0000][1][safepoint    ] Safepoint "RevokeBias", Time since last: 1144174 ns, Reaching safepoint: 113507 ns, At safepoint: 13840 ns, Total: 127347 ns
[2020-09-11T16:27:35.074+0000][1][safepoint    ] Safepoint "RevokeBias", Time since last: 10296164 ns, Reaching safepoint: 307539 ns, At safepoint: 23569 ns, Total: 331108 ns
[2020-09-11T16:27:35.118+0000][1][safepoint    ] Safepoint "RevokeBias", Time since last: 43449663 ns, Reaching safepoint: 200459 ns, At safepoint: 24527 ns, Total: 224986 ns
[2020-09-11T16:27:35.404+0000][1][safepoint    ] Safepoint "Deoptimize", Time since last: 283702315 ns, Reaching safepoint: 2183365 ns, At safepoint: 747847 ns, Total: 2931212 ns
[2020-09-11T16:27:35.532+0000][1][safepoint    ] Safepoint "RevokeBias", Time since last: 127086338 ns, Reaching safepoint: 222611 ns, At safepoint: 23931 ns, Total: 246542 ns
[2020-09-11T16:27:35.561+0000][1][safepoint    ] Safepoint "RevokeBias", Time since last: 24527869 ns, Reaching safepoint: 4496800 ns, At safepoint: 31306 ns, Total: 4528106 ns
[2020-09-11T16:27:35.610+0000][1][safepoint    ] Safepoint "RevokeBias", Time since last: 48504691 ns, Reaching safepoint: 229123 ns, At safepoint: 26323 ns, Total: 255446 ns
[2020-09-11T16:27:35.655+0000][1][safepoint    ] Safepoint "RevokeBias", Time since last: 40771535 ns, Reaching safepoint: 4834029 ns, At safepoint: 48366 ns, Total: 4882395 ns
[2020-09-11T16:27:36.185+0000][1][safepoint    ] Safepoint "RevokeBias", Time since last: 527502271 ns, Reaching safepoint: 2251867 ns, At safepoint: 29930 ns, Total: 2281797 ns
[2020-09-11T16:27:36.356+0000][1][safepoint    ] Safepoint "RevokeBias", Time since last: 171038069 ns, Reaching safepoint: 213870 ns, At safepoint: 25807 ns, Total: 239677 ns
[2020-09-11T16:27:36.485+0000][1][gc,start     ] GC(76) Pause Young (Allocation Failure)
[2020-09-11T16:27:36.485+0000][1][gc,task      ] GC(76) Using 1 workers of 1 for evacuation
[2020-09-11T16:27:36.547+0000][1][gc,age       ] GC(76) Desired survivor size 4358144 bytes, new threshold 6 (max threshold 6)
[2020-09-11T16:27:36.547+0000][1][gc,age       ] GC(76) Age table with threshold 6 (max threshold 6)
[2020-09-11T16:27:36.547+0000][1][gc,age       ] GC(76) - age   1:    1395480 bytes,    1395480 total
[2020-09-11T16:27:36.547+0000][1][gc,heap      ] GC(76) ParNew: 76672K->7457K(76672K)
[2020-09-11T16:27:36.547+0000][1][gc,heap      ] GC(76) CMS: 110304K->118712K(2011968K)
[2020-09-11T16:27:36.547+0000][1][gc,metaspace ] GC(76) Metaspace: 90464K->90464K(1132544K)
[2020-09-11T16:27:36.548+0000][1][gc           ] GC(76) Pause Young (Allocation Failure) 182M->123M(2039M) 62.524ms
[2020-09-11T16:27:36.548+0000][1][gc,cpu       ] GC(76) User=0.05s Sys=0.00s Real=0.06s
[2020-09-11T16:27:36.548+0000][1][safepoint    ] Safepoint "GenCollectForAllocation", Time since last: 128422250 ns, Reaching safepoint: 198743 ns, At safepoint: 62918822 ns, Total: 63117565 ns
[2020-09-11T16:27:37.561+0000][1][safepoint    ] Safepoint "Cleanup", Time since last: 1004948902 ns, Reaching safepoint: 8025252 ns, At safepoint: 13614 ns, Total: 8038866 ns
[2020-09-11T16:27:37.735+0000][1][gc,start     ] GC(77) Pause Young (Allocation Failure)
[2020-09-11T16:27:37.735+0000][1][gc,task      ] GC(77) Using 1 workers of 1 for evacuation
[2020-09-11T16:27:37.764+0000][1][gc,age       ] GC(77) Desired survivor size 4358144 bytes, new threshold 6 (max threshold 6)
[2020-09-11T16:27:37.764+0000][1][gc,age       ] GC(77) Age table with threshold 6 (max threshold 6)
[2020-09-11T16:27:37.764+0000][1][gc,age       ] GC(77) - age   1:    1179840 bytes,    1179840 total
[2020-09-11T16:27:37.764+0000][1][gc,age       ] GC(77) - age   2:    1047848 bytes,    2227688 total
[2020-09-11T16:27:37.764+0000][1][gc,heap      ] GC(77) ParNew: 75617K->4239K(76672K)
[2020-09-11T16:27:37.764+0000][1][gc,heap      ] GC(77) CMS: 118712K->118712K(2011968K)
[2020-09-11T16:27:37.764+0000][1][gc,metaspace ] GC(77) Metaspace: 90484K->90484K(1132544K)
[2020-09-11T16:27:37.764+0000][1][gc           ] GC(77) Pause Young (Allocation Failure) 189M->120M(2039M) 28.454ms
[2020-09-11T16:27:37.764+0000][1][gc,cpu       ] GC(77) User=0.02s Sys=0.00s Real=0.03s
[2020-09-11T16:27:37.766+0000][1][safepoint    ] Safepoint "GenCollectForAllocation", Time since last: 174274137 ns, Reaching safepoint: 163960 ns, At safepoint: 30712451 ns, Total: 30876411 ns
[2020-09-11T16:27:38.708+0000][1][gc,start     ] GC(78) Pause Young (Allocation Failure)
[2020-09-11T16:27:38.708+0000][1][gc,task      ] GC(78) Using 1 workers of 1 for evacuation
[2020-09-11T16:27:38.737+0000][1][gc,age       ] GC(78) Desired survivor size 4358144 bytes, new threshold 6 (max threshold 6)
[2020-09-11T16:27:38.737+0000][1][gc,age       ] GC(78) Age table with threshold 6 (max threshold 6)
[2020-09-11T16:27:38.737+0000][1][gc,age       ] GC(78) - age   1:    1399376 bytes,    1399376 total
[2020-09-11T16:27:38.737+0000][1][gc,age       ] GC(78) - age   2:     561776 bytes,    1961152 total
[2020-09-11T16:27:38.737+0000][1][gc,age       ] GC(78) - age   3:    1014672 bytes,    2975824 total
[2020-09-11T16:27:38.737+0000][1][gc,heap      ] GC(78) ParNew: 72399K->4037K(76672K)
[2020-09-11T16:27:38.737+0000][1][gc,heap      ] GC(78) CMS: 118712K->118712K(2011968K)
[2020-09-11T16:27:38.737+0000][1][gc,metaspace ] GC(78) Metaspace: 90505K->90505K(1132544K)
[2020-09-11T16:27:38.737+0000][1][gc           ] GC(78) Pause Young (Allocation Failure) 186M->119M(2039M) 28.631ms
[2020-09-11T16:27:38.740+0000][1][gc,cpu       ] GC(78) User=0.03s Sys=0.00s Real=0.03s
[2020-09-11T16:27:38.740+0000][1][safepoint    ] Safepoint "GenCollectForAllocation", Time since last: 941863345 ns, Reaching safepoint: 177419 ns, At safepoint: 31690212 ns, Total: 31867631 ns
[2020-09-11T16:27:39.625+0000][1][gc,start     ] GC(79) Pause Young (Allocation Failure)
[2020-09-11T16:27:39.625+0000][1][gc,task      ] GC(79) Using 1 workers of 1 for evacuation
[2020-09-11T16:27:39.652+0000][1][gc,age       ] GC(79) Desired survivor size 4358144 bytes, new threshold 6 (max threshold 6)
[2020-09-11T16:27:39.652+0000][1][gc,age       ] GC(79) Age table with threshold 6 (max threshold 6)
[2020-09-11T16:27:39.652+0000][1][gc,age       ] GC(79) - age   1:    1863328 bytes,    1863328 total
[2020-09-11T16:27:39.652+0000][1][gc,age       ] GC(79) - age   2:     481312 bytes,    2344640 total
[2020-09-11T16:27:39.652+0000][1][gc,age       ] GC(79) - age   3:     529784 bytes,    2874424 total
[2020-09-11T16:27:39.652+0000][1][gc,age       ] GC(79) - age   4:    1011024 bytes,    3885448 total
[2020-09-11T16:27:39.652+0000][1][gc,heap      ] GC(79) ParNew: 72197K->5032K(76672K)
[2020-09-11T16:27:39.652+0000][1][gc,heap      ] GC(79) CMS: 118712K->118712K(2011968K)
[2020-09-11T16:27:39.652+0000][1][gc,metaspace ] GC(79) Metaspace: 90508K->90508K(1132544K)
[2020-09-11T16:27:39.652+0000][1][gc           ] GC(79) Pause Young (Allocation Failure) 186M->120M(2039M) 27.086ms
[2020-09-11T16:27:39.652+0000][1][gc,cpu       ] GC(79) User=0.02s Sys=0.00s Real=0.02s
[2020-09-11T16:27:39.657+0000][1][safepoint    ] Safepoint "GenCollectForAllocation", Time since last: 884824448 ns, Reaching safepoint: 209628 ns, At safepoint: 31991301 ns, Total: 32200929 ns
[2020-09-11T16:27:40.418+0000][1][gc,start     ] GC(80) Pause Young (Allocation Failure)
[2020-09-11T16:27:40.418+0000][1][gc,task      ] GC(80) Using 1 workers of 1 for evacuation
[2020-09-11T16:27:40.435+0000][1][gc,age       ] GC(80) Desired survivor size 4358144 bytes, new threshold 5 (max threshold 6)
[2020-09-11T16:27:40.435+0000][1][gc,age       ] GC(80) Age table with threshold 5 (max threshold 6)
[2020-09-11T16:27:40.435+0000][1][gc,age       ] GC(80) - age   1:    2046872 bytes,    2046872 total
[2020-09-11T16:27:40.435+0000][1][gc,age       ] GC(80) - age   2:     626816 bytes,    2673688 total
[2020-09-11T16:27:40.435+0000][1][gc,age       ] GC(80) - age   3:     446968 bytes,    3120656 total
[2020-09-11T16:27:40.435+0000][1][gc,age       ] GC(80) - age   4:     529720 bytes,    3650376 total
[2020-09-11T16:27:40.435+0000][1][gc,age       ] GC(80) - age   5:    1010896 bytes,    4661272 total
[2020-09-11T16:27:40.435+0000][1][gc,heap      ] GC(80) ParNew: 73192K->6949K(76672K)
[2020-09-11T16:27:40.435+0000][1][gc,heap      ] GC(80) CMS: 118712K->118712K(2011968K)
[2020-09-11T16:27:40.435+0000][1][gc,metaspace ] GC(80) Metaspace: 90511K->90511K(1132544K)
[2020-09-11T16:27:40.435+0000][1][gc           ] GC(80) Pause Young (Allocation Failure) 187M->122M(2039M) 17.257ms
[2020-09-11T16:27:40.435+0000][1][gc,cpu       ] GC(80) User=0.02s Sys=0.00s Real=0.02s
[2020-09-11T16:27:40.441+0000][1][safepoint    ] Safepoint "GenCollectForAllocation", Time since last: 760742670 ns, Reaching safepoint: 198487 ns, At safepoint: 23046811 ns, Total: 23245298 ns
[2020-09-11T16:27:40.842+0000][1][safepoint    ] Safepoint "RevokeBias", Time since last: 400643154 ns, Reaching safepoint: 217806 ns, At safepoint: 23566 ns, Total: 241372 ns
[2020-09-11T16:27:41.054+0000][1][safepoint    ] Safepoint "Deoptimize", Time since last: 211239378 ns, Reaching safepoint: 169615 ns, At safepoint: 697882 ns, Total: 867497 ns
[2020-09-11T16:27:41.056+0000][1][safepoint    ] Safepoint "Deoptimize", Time since last: 1326103 ns, Reaching safepoint: 140742 ns, At safepoint: 630330 ns, Total: 771072 ns
[2020-09-11T16:27:41.453+0000][1][gc,start     ] GC(81) Pause Young (Allocation Failure)
[2020-09-11T16:27:41.453+0000][1][gc,task      ] GC(81) Using 1 workers of 1 for evacuation
[2020-09-11T16:27:41.490+0000][1][gc,age       ] GC(81) Desired survivor size 4358144 bytes, new threshold 5 (max threshold 6)
[2020-09-11T16:27:41.490+0000][1][gc,age       ] GC(81) Age table with threshold 5 (max threshold 6)
[2020-09-11T16:27:41.490+0000][1][gc,age       ] GC(81) - age   1:    2623480 bytes,    2623480 total
[2020-09-11T16:27:41.490+0000][1][gc,age       ] GC(81) - age   2:     536192 bytes,    3159672 total
[2020-09-11T16:27:41.490+0000][1][gc,age       ] GC(81) - age   3:     623424 bytes,    3783096 total
[2020-09-11T16:27:41.490+0000][1][gc,age       ] GC(81) - age   4:     436704 bytes,    4219800 total
[2020-09-11T16:27:41.490+0000][1][gc,age       ] GC(81) - age   5:     529688 bytes,    4749488 total
[2020-09-11T16:27:41.490+0000][1][gc,heap      ] GC(81) ParNew: 75085K->8512K(76672K)
[2020-09-11T16:27:41.490+0000][1][gc,heap      ] GC(81) CMS: 118712K->119700K(2011968K)
[2020-09-11T16:27:41.490+0000][1][gc,metaspace ] GC(81) Metaspace: 90803K->90803K(1132544K)
[2020-09-11T16:27:41.490+0000][1][gc           ] GC(81) Pause Young (Allocation Failure) 189M->125M(2039M) 36.904ms
[2020-09-11T16:27:41.490+0000][1][gc,cpu       ] GC(81) User=0.03s Sys=0.00s Real=0.03s
[2020-09-11T16:27:41.493+0000][1][safepoint    ] Safepoint "GenCollectForAllocation", Time since last: 396652267 ns, Reaching safepoint: 213310 ns, At safepoint: 40360411 ns, Total: 40573721 ns
[2020-09-11T16:27:41.669+0000][1][safepoint    ] Safepoint "Deoptimize", Time since last: 174821941 ns, Reaching safepoint: 168691 ns, At safepoint: 714788 ns, Total: 883479 ns
[2020-09-11T16:27:42.218+0000][1][safepoint    ] Safepoint "Deoptimize", Time since last: 548195192 ns, Reaching safepoint: 220832 ns, At safepoint: 678829 ns, Total: 899661 ns
[2020-09-11T16:27:42.471+0000][1][safepoint    ] Safepoint "Deoptimize", Time since last: 251749671 ns, Reaching safepoint: 197351 ns, At safepoint: 759022 ns, Total: 956373 ns
[2020-09-11T16:27:42.834+0000][1][safepoint    ] Safepoint "RevokeBias", Time since last: 363343563 ns, Reaching safepoint: 189242 ns, At safepoint: 21814 ns, Total: 211056 ns
[2020-09-11T16:27:42.843+0000][1][safepoint    ] Safepoint "RevokeBias", Time since last: 9103744 ns, Reaching safepoint: 171715 ns, At safepoint: 50551 ns, Total: 222266 ns
[2020-09-11T16:27:42.858+0000][1][safepoint    ] Safepoint "RevokeBias", Time since last: 13868452 ns, Reaching safepoint: 150950 ns, At safepoint: 34679 ns, Total: 185629 ns
[2020-09-11T16:27:42.858+0000][1][safepoint    ] Safepoint "RevokeBias", Time since last: 62409 ns, Reaching safepoint: 132587 ns, At safepoint: 26871 ns, Total: 159458 ns
[2020-09-11T16:27:42.858+0000][1][safepoint    ] Safepoint "RevokeBias", Time since last: 568624 ns, Reaching safepoint: 124479 ns, At safepoint: 25997 ns, Total: 150476 ns
[2020-09-11T16:27:42.862+0000][1][safepoint    ] Safepoint "RevokeBias", Time since last: 3518409 ns, Reaching safepoint: 135290 ns, At safepoint: 31353 ns, Total: 166643 ns
[2020-09-11T16:27:42.882+0000][1][safepoint    ] Safepoint "RevokeBias", Time since last: 19730480 ns, Reaching safepoint: 165001 ns, At safepoint: 30354 ns, Total: 195355 ns
[2020-09-11T16:27:43.338+0000][1][safepoint    ] Safepoint "RevokeBias", Time since last: 456037382 ns, Reaching safepoint: 199953 ns, At safepoint: 25262 ns, Total: 225215 ns
[2020-09-11T16:27:43.377+0000][1][gc,start     ] GC(82) Pause Young (Allocation Failure)
[2020-09-11T16:27:43.377+0000][1][gc,task      ] GC(82) Using 1 workers of 1 for evacuation
[2020-09-11T16:27:43.437+0000][1][gc,age       ] GC(82) Desired survivor size 4358144 bytes, new threshold 5 (max threshold 6)
[2020-09-11T16:27:43.437+0000][1][gc,age       ] GC(82) Age table with threshold 5 (max threshold 6)
[2020-09-11T16:27:43.437+0000][1][gc,age       ] GC(82) - age   1:     752272 bytes,     752272 total
[2020-09-11T16:27:43.437+0000][1][gc,age       ] GC(82) - age   2:    2046384 bytes,    2798656 total
[2020-09-11T16:27:43.437+0000][1][gc,age       ] GC(82) - age   3:     536008 bytes,    3334664 total
[2020-09-11T16:27:43.437+0000][1][gc,age       ] GC(82) - age   4:     623288 bytes,    3957952 total
[2020-09-11T16:27:43.437+0000][1][gc,age       ] GC(82) - age   5:     436040 bytes,    4393992 total
[2020-09-11T16:27:43.437+0000][1][gc,heap      ] GC(82) ParNew: 76660K->5619K(76672K)
[2020-09-11T16:27:43.437+0000][1][gc,heap      ] GC(82) CMS: 119700K->120217K(2011968K)
[2020-09-11T16:27:43.437+0000][1][gc,metaspace ] GC(82) Metaspace: 91621K->91621K(1134592K)
[2020-09-11T16:27:43.437+0000][1][gc           ] GC(82) Pause Young (Allocation Failure) 191M->122M(2039M) 60.212ms
[2020-09-11T16:27:43.437+0000][1][gc,cpu       ] GC(82) User=0.03s Sys=0.00s Real=0.06s
[2020-09-11T16:27:43.461+0000][1][safepoint    ] Safepoint "GenCollectForAllocation", Time since last: 38434575 ns, Reaching safepoint: 175377 ns, At safepoint: 83545042 ns, Total: 83720419 ns
[2020-09-11T16:27:43.822+0000][1][safepoint    ] Safepoint "RevokeBias", Time since last: 361189576 ns, Reaching safepoint: 183778 ns, At safepoint: 18739 ns, Total: 202517 ns
[2020-09-11T16:27:43.822+0000][1][safepoint    ] Safepoint "RevokeBias", Time since last: 312644 ns, Reaching safepoint: 148585 ns, At safepoint: 19134 ns, Total: 167719 ns
[2020-09-11T16:27:43.824+0000][1][safepoint    ] Safepoint "RevokeBias", Time since last: 1255761 ns, Reaching safepoint: 133107 ns, At safepoint: 16337 ns, Total: 149444 ns
[2020-09-11T16:27:43.846+0000][1][safepoint    ] Safepoint "RevokeBias", Time since last: 21720533 ns, Reaching safepoint: 166250 ns, At safepoint: 20521 ns, Total: 186771 ns
[2020-09-11T16:27:43.846+0000][1][safepoint    ] Safepoint "RevokeBias", Time since last: 318155 ns, Reaching safepoint: 107366 ns, At safepoint: 13178 ns, Total: 120544 ns
[2020-09-11T16:27:43.855+0000][1][safepoint    ] Safepoint "RevokeBias", Time since last: 8664249 ns, Reaching safepoint: 163672 ns, At safepoint: 21393 ns, Total: 185065 ns
[2020-09-11T16:27:44.013+0000][1][safepoint    ] Safepoint "RevokeBias", Time since last: 157484684 ns, Reaching safepoint: 94397 ns, At safepoint: 22336 ns, Total: 116733 ns
[2020-09-11T16:27:44.014+0000][1][safepoint    ] Safepoint "RevokeBias", Time since last: 123478 ns, Reaching safepoint: 1257690 ns, At safepoint: 21122 ns, Total: 1278812 ns
[2020-09-11T16:27:44.070+0000][1][safepoint    ] Safepoint "RevokeBias", Time since last: 55507887 ns, Reaching safepoint: 89999 ns, At safepoint: 21062 ns, Total: 111061 ns
[2020-09-11T16:27:44.073+0000][1][safepoint    ] Safepoint "RevokeBias", Time since last: 3440001 ns, Reaching safepoint: 71240 ns, At safepoint: 17995 ns, Total: 89235 ns
[2020-09-11T16:27:44.073+0000][1][safepoint    ] Safepoint "RevokeBias", Time since last: 64622 ns, Reaching safepoint: 32568 ns, At safepoint: 11634 ns, Total: 44202 ns
[2020-09-11T16:27:44.073+0000][1][safepoint    ] Safepoint "RevokeBias", Time since last: 80775 ns, Reaching safepoint: 32870 ns, At safepoint: 10563 ns, Total: 43433 ns
[2020-09-11T16:27:44.127+0000][1][gc,start     ] GC(83) Pause Young (Allocation Failure)
[2020-09-11T16:27:44.128+0000][1][gc,task      ] GC(83) Using 1 workers of 1 for evacuation
[2020-09-11T16:27:44.220+0000][1][gc,age       ] GC(83) Desired survivor size 4358144 bytes, new threshold 1 (max threshold 6)
[2020-09-11T16:27:44.220+0000][1][gc,age       ] GC(83) Age table with threshold 1 (max threshold 6)
[2020-09-11T16:27:44.220+0000][1][gc,age       ] GC(83) - age   1:    8040656 bytes,    8040656 total
[2020-09-11T16:27:44.220+0000][1][gc,age       ] GC(83) - age   2:     549848 bytes,    8590504 total
[2020-09-11T16:27:44.220+0000][1][gc,age       ] GC(83) - age   3:     108368 bytes,    8698872 total
[2020-09-11T16:27:44.220+0000][1][gc,age       ] GC(83) - age   4:       2600 bytes,    8701472 total
[2020-09-11T16:27:44.220+0000][1][gc,age       ] GC(83) - age   5:       4912 bytes,    8706384 total
[2020-09-11T16:27:44.220+0000][1][gc,heap      ] GC(83) ParNew: 73422K->8512K(76672K)
[2020-09-11T16:27:44.220+0000][1][gc,heap      ] GC(83) CMS: 120217K->123906K(2011968K)
[2020-09-11T16:27:44.220+0000][1][gc,metaspace ] GC(83) Metaspace: 91696K->91696K(1134592K)
[2020-09-11T16:27:44.220+0000][1][gc           ] GC(83) Pause Young (Allocation Failure) 189M->129M(2039M) 92.795ms
[2020-09-11T16:27:44.220+0000][1][gc,cpu       ] GC(83) User=0.04s Sys=0.00s Real=0.09s
[2020-09-11T16:27:44.220+0000][1][safepoint    ] Safepoint "GenCollectForAllocation", Time since last: 53906824 ns, Reaching safepoint: 167255 ns, At safepoint: 92873457 ns, Total: 93040712 ns
[2020-09-11T16:27:44.257+0000][1][safepoint    ] Safepoint "RevokeBias", Time since last: 36634047 ns, Reaching safepoint: 169390 ns, At safepoint: 22073 ns, Total: 191463 ns
[2020-09-11T16:27:44.257+0000][1][safepoint    ] Safepoint "RevokeBias", Time since last: 89874 ns, Reaching safepoint: 103836 ns, At safepoint: 12312 ns, Total: 116148 ns
[2020-09-11T16:27:44.258+0000][1][safepoint    ] Safepoint "RevokeBias", Time since last: 293365 ns, Reaching safepoint: 103803 ns, At safepoint: 11389 ns, Total: 115192 ns
[2020-09-11T16:27:44.258+0000][1][safepoint    ] Safepoint "RevokeBias", Time since last: 104101 ns, Reaching safepoint: 107631 ns, At safepoint: 11582 ns, Total: 119213 ns
[2020-09-11T16:27:44.258+0000][1][safepoint    ] Safepoint "RevokeBias", Time since last: 49264 ns, Reaching safepoint: 102761 ns, At safepoint: 10457 ns, Total: 113218 ns
[2020-09-11T16:27:44.303+0000][1][safepoint    ] Safepoint "RevokeBias", Time since last: 44987673 ns, Reaching safepoint: 162586 ns, At safepoint: 21585 ns, Total: 184171 ns
[2020-09-11T16:27:44.304+0000][1][safepoint    ] Safepoint "RevokeBias", Time since last: 180214 ns, Reaching safepoint: 33595 ns, At safepoint: 11880 ns, Total: 45475 ns
[2020-09-11T16:27:44.309+0000][1][safepoint    ] Safepoint "RevokeBias", Time since last: 1190450 ns, Reaching safepoint: 4132111 ns, At safepoint: 29857 ns, Total: 4161968 ns
[2020-09-11T16:27:44.309+0000][1][safepoint    ] Safepoint "RevokeBias", Time since last: 90514 ns, Reaching safepoint: 104262 ns, At safepoint: 12110 ns, Total: 116372 ns
[2020-09-11T16:27:44.309+0000][1][safepoint    ] Safepoint "RevokeBias", Time since last: 53596 ns, Reaching safepoint: 101010 ns, At safepoint: 11206 ns, Total: 112216 ns
[2020-09-11T16:27:44.309+0000][1][safepoint    ] Safepoint "RevokeBias", Time since last: 39170 ns, Reaching safepoint: 101193 ns, At safepoint: 10842 ns, Total: 112035 ns
[2020-09-11T16:27:44.310+0000][1][safepoint    ] Safepoint "RevokeBias", Time since last: 38702 ns, Reaching safepoint: 99780 ns, At safepoint: 10471 ns, Total: 110251 ns
[2020-09-11T16:27:44.310+0000][1][safepoint    ] Safepoint "RevokeBias", Time since last: 37787 ns, Reaching safepoint: 99332 ns, At safepoint: 10332 ns, Total: 109664 ns
[2020-09-11T16:27:44.310+0000][1][safepoint    ] Safepoint "RevokeBias", Time since last: 37552 ns, Reaching safepoint: 99919 ns, At safepoint: 10228 ns, Total: 110147 ns
[2020-09-11T16:27:44.311+0000][1][safepoint    ] Safepoint "RevokeBias", Time since last: 1088106 ns, Reaching safepoint: 110716 ns, At safepoint: 14400 ns, Total: 125116 ns
[2020-09-11T16:27:44.361+0000][1][safepoint    ] Safepoint "RevokeBias", Time since last: 49729505 ns, Reaching safepoint: 163430 ns, At safepoint: 22327 ns, Total: 185757 ns
[2020-09-11T16:27:44.369+0000][1][safepoint    ] Safepoint "RevokeBias", Time since last: 1013828 ns, Reaching safepoint: 6856220 ns, At safepoint: 31541 ns, Total: 6887761 ns
[2020-09-11T16:27:44.370+0000][1][safepoint    ] Safepoint "RevokeBias", Time since last: 912317 ns, Reaching safepoint: 117846 ns, At safepoint: 15033 ns, Total: 132879 ns
[2020-09-11T16:27:44.371+0000][1][safepoint    ] Safepoint "RevokeBias", Time since last: 636473 ns, Reaching safepoint: 105491 ns, At safepoint: 12509 ns, Total: 118000 ns
[2020-09-11T16:27:44.378+0000][1][safepoint    ] Safepoint "RevokeBias", Time since last: 6774524 ns, Reaching safepoint: 169224 ns, At safepoint: 22581 ns, Total: 191805 ns
[2020-09-11T16:27:44.418+0000][1][safepoint    ] Safepoint "RevokeBias", Time since last: 39868256 ns, Reaching safepoint: 324761 ns, At safepoint: 28097 ns, Total: 352858 ns
[2020-09-11T16:27:44.437+0000][1][safepoint    ] Safepoint "RevokeBias", Time since last: 18938359 ns, Reaching safepoint: 254446 ns, At safepoint: 25345 ns, Total: 279791 ns
[2020-09-11T16:27:44.470+0000][1][safepoint    ] Safepoint "RevokeBias", Time since last: 33096266 ns, Reaching safepoint: 265819 ns, At safepoint: 24734 ns, Total: 290553 ns
[2020-09-11T16:27:44.509+0000][1][safepoint    ] Safepoint "RevokeBias", Time since last: 32517205 ns, Reaching safepoint: 6284345 ns, At safepoint: 88227 ns, Total: 6372572 ns
[2020-09-11T16:27:44.585+0000][1][safepoint    ] Safepoint "RevokeBias", Time since last: 75411593 ns, Reaching safepoint: 235550 ns, At safepoint: 24009 ns, Total: 259559 ns
[2020-09-11T16:27:44.602+0000][1][safepoint    ] Safepoint "RevokeBias", Time since last: 16498697 ns, Reaching safepoint: 155385 ns, At safepoint: 23784 ns, Total: 179169 ns
[2020-09-11T16:27:44.605+0000][1][safepoint    ] Safepoint "RevokeBias", Time since last: 3169229 ns, Reaching safepoint: 239943 ns, At safepoint: 56747 ns, Total: 296690 ns
[2020-09-11T16:27:44.608+0000][1][safepoint    ] Safepoint "RevokeBias", Time since last: 2567983 ns, Reaching safepoint: 133438 ns, At safepoint: 44091 ns, Total: 177529 ns
[2020-09-11T16:27:44.659+0000][1][safepoint    ] Safepoint "GenCollectForAllocation", Time since last: 51167480 ns, Reaching safepoint: 196768 ns, At safepoint: 17216 ns, Total: 213984 ns
[2020-09-11T16:27:44.662+0000][1][gc,start     ] GC(84) Pause Young (Allocation Failure)
[2020-09-11T16:27:44.662+0000][1][gc,task      ] GC(84) Using 1 workers of 1 for evacuation
[2020-09-11T16:27:44.709+0000][1][gc,age       ] GC(84) Desired survivor size 4358144 bytes, new threshold 1 (max threshold 6)
[2020-09-11T16:27:44.710+0000][1][gc,age       ] GC(84) Age table with threshold 1 (max threshold 6)
[2020-09-11T16:27:44.710+0000][1][gc,age       ] GC(84) - age   1:    7215288 bytes,    7215288 total
[2020-09-11T16:27:44.710+0000][1][gc,heap      ] GC(84) ParNew: 76672K->7356K(76672K)
[2020-09-11T16:27:44.710+0000][1][gc,heap      ] GC(84) CMS: 126949K->128813K(2011968K)
[2020-09-11T16:27:44.710+0000][1][gc,metaspace ] GC(84) Metaspace: 91773K->91773K(1134592K)
[2020-09-11T16:27:44.710+0000][1][gc           ] GC(84) Pause Young (Allocation Failure) 198M->132M(2039M) 47.591ms
[2020-09-11T16:27:44.710+0000][1][gc,cpu       ] GC(84) User=0.05s Sys=0.00s Real=0.04s
[2020-09-11T16:27:44.713+0000][1][safepoint    ] Safepoint "GenCollectForAllocation", Time since last: 2648683 ns, Reaching safepoint: 239243 ns, At safepoint: 50790428 ns, Total: 51029671 ns
[2020-09-11T16:27:44.719+0000][1][gc,start     ] GC(85) Pause Young (GCLocker Initiated GC)
[2020-09-11T16:27:44.719+0000][1][gc,task      ] GC(85) Using 1 workers of 1 for evacuation
[2020-09-11T16:27:44.751+0000][1][gc,age       ] GC(85) Desired survivor size 4358144 bytes, new threshold 6 (max threshold 6)
[2020-09-11T16:27:44.751+0000][1][gc,age       ] GC(85) Age table with threshold 6 (max threshold 6)
[2020-09-11T16:27:44.751+0000][1][gc,age       ] GC(85) - age   1:      78280 bytes,      78280 total
[2020-09-11T16:27:44.751+0000][1][gc,heap      ] GC(85) ParNew: 14575K->7123K(76672K)
[2020-09-11T16:27:44.751+0000][1][gc,heap      ] GC(85) CMS: 128813K->131624K(2011968K)
[2020-09-11T16:27:44.751+0000][1][gc,metaspace ] GC(85) Metaspace: 91789K->91789K(1134592K)
[2020-09-11T16:27:44.751+0000][1][gc           ] GC(85) Pause Young (GCLocker Initiated GC) 140M->135M(2039M) 32.295ms
[2020-09-11T16:27:44.751+0000][1][gc,cpu       ] GC(85) User=0.04s Sys=0.00s Real=0.03s
[2020-09-11T16:27:44.754+0000][1][safepoint    ] Safepoint "GenCollectFull", Time since last: 5975442 ns, Reaching safepoint: 159330 ns, At safepoint: 35282237 ns, Total: 35441567 ns
[2020-09-11T16:27:44.761+0000][1][safepoint    ] Safepoint "RevokeBias", Time since last: 6278911 ns, Reaching safepoint: 151759 ns, At safepoint: 21398 ns, Total: 173157 ns
[2020-09-11T16:27:44.763+0000][1][safepoint    ] Safepoint "RevokeBias", Time since last: 1667668 ns, Reaching safepoint: 125748 ns, At safepoint: 17337 ns, Total: 143085 ns
[2020-09-11T16:27:44.765+0000][1][safepoint    ] Safepoint "RevokeBias", Time since last: 2096255 ns, Reaching safepoint: 44261 ns, At safepoint: 13650 ns, Total: 57911 ns
[2020-09-11T16:27:44.765+0000][1][safepoint    ] Safepoint "RevokeBias", Time since last: 58116 ns, Reaching safepoint: 35034 ns, At safepoint: 19093 ns, Total: 54127 ns
[2020-09-11T16:27:44.786+0000][1][safepoint    ] Safepoint "RevokeBias", Time since last: 20917485 ns, Reaching safepoint: 151918 ns, At safepoint: 22310 ns, Total: 174228 ns
[2020-09-11T16:27:45.009+0000][1][safepoint    ] Safepoint "RevokeBias", Time since last: 222865314 ns, Reaching safepoint: 98063 ns, At safepoint: 24088 ns, Total: 122151 ns
[2020-09-11T16:27:45.074+0000][1][safepoint    ] Safepoint "RevokeBias", Time since last: 65195064 ns, Reaching safepoint: 246523 ns, At safepoint: 23117 ns, Total: 269640 ns
[2020-09-11T16:27:45.075+0000][1][safepoint    ] Safepoint "RevokeBias", Time since last: 107516 ns, Reaching safepoint: 105475 ns, At safepoint: 12926 ns, Total: 118401 ns
[2020-09-11T16:27:45.083+0000][1][safepoint    ] Safepoint "RevokeBias", Time since last: 7527449 ns, Reaching safepoint: 811656 ns, At safepoint: 25734 ns, Total: 837390 ns
[2020-09-11T16:27:45.105+0000][1][safepoint    ] Safepoint "RevokeBias", Time since last: 21875468 ns, Reaching safepoint: 160923 ns, At safepoint: 23591 ns, Total: 184514 ns
[2020-09-11T16:27:45.110+0000][1][safepoint    ] Safepoint "RevokeBias", Time since last: 4963502 ns, Reaching safepoint: 164232 ns, At safepoint: 23496 ns, Total: 187728 ns
[2020-09-11T16:27:45.504+0000][1][safepoint    ] Safepoint "RevokeBias", Time since last: 393719000 ns, Reaching safepoint: 208168 ns, At safepoint: 26617 ns, Total: 234785 ns
[2020-09-11T16:27:45.557+0000][1][safepoint    ] Safepoint "RevokeBias", Time since last: 52539542 ns, Reaching safepoint: 163866 ns, At safepoint: 21529 ns, Total: 185395 ns
[2020-09-11T16:27:45.610+0000][1][safepoint    ] Safepoint "Deoptimize", Time since last: 51809705 ns, Reaching safepoint: 156958 ns, At safepoint: 720623 ns, Total: 877581 ns
[2020-09-11T16:27:45.622+0000][1][safepoint    ] Safepoint "RevokeBias", Time since last: 11722744 ns, Reaching safepoint: 154008 ns, At safepoint: 22338 ns, Total: 176346 ns
[2020-09-11T16:27:45.622+0000][1][safepoint    ] Safepoint "RevokeBias", Time since last: 119761 ns, Reaching safepoint: 56417 ns, At safepoint: 14494 ns, Total: 70911 ns
[2020-09-11T16:27:46.089+0000][1][safepoint    ] Safepoint "ICBufferFull", Time since last: 467035450 ns, Reaching safepoint: 248383 ns, At safepoint: 7880 ns, Total: 256263 ns
[2020-09-11T16:27:46.301+0000][1][gc,start     ] GC(86) Pause Young (Allocation Failure)
[2020-09-11T16:27:46.301+0000][1][gc,task      ] GC(86) Using 1 workers of 1 for evacuation
[2020-09-11T16:27:46.335+0000][1][gc,age       ] GC(86) Desired survivor size 4358144 bytes, new threshold 6 (max threshold 6)
[2020-09-11T16:27:46.335+0000][1][gc,age       ] GC(86) Age table with threshold 6 (max threshold 6)
[2020-09-11T16:27:46.335+0000][1][gc,age       ] GC(86) - age   1:    2469920 bytes,    2469920 total
[2020-09-11T16:27:46.335+0000][1][gc,age       ] GC(86) - age   2:       9328 bytes,    2479248 total
[2020-09-11T16:27:46.335+0000][1][gc,heap      ] GC(86) ParNew: 74960K->3590K(76672K)
[2020-09-11T16:27:46.335+0000][1][gc,heap      ] GC(86) CMS: 131624K->131624K(2011968K)
[2020-09-11T16:27:46.335+0000][1][gc,metaspace ] GC(86) Metaspace: 92157K->92157K(1134592K)
[2020-09-11T16:27:46.335+0000][1][gc           ] GC(86) Pause Young (Allocation Failure) 201M->132M(2039M) 33.512ms
[2020-09-11T16:27:46.335+0000][1][gc,cpu       ] GC(86) User=0.03s Sys=0.00s Real=0.03s
[2020-09-11T16:27:46.341+0000][1][safepoint    ] Safepoint "GenCollectForAllocation", Time since last: 212106937 ns, Reaching safepoint: 189552 ns, At safepoint: 39451998 ns, Total: 39641550 ns
[2020-09-11T16:27:46.661+0000][1][safepoint    ] Safepoint "RevokeBias", Time since last: 320008702 ns, Reaching safepoint: 171035 ns, At safepoint: 23846 ns, Total: 194881 ns
[2020-09-11T16:27:46.662+0000][1][safepoint    ] Safepoint "RevokeBias", Time since last: 545984 ns, Reaching safepoint: 140334 ns, At safepoint: 17116 ns, Total: 157450 ns
[2020-09-11T16:27:46.979+0000][1][safepoint    ] Safepoint "RevokeBias", Time since last: 317437818 ns, Reaching safepoint: 212239 ns, At safepoint: 24031 ns, Total: 236270 ns
[2020-09-11T16:27:47.049+0000][1][safepoint    ] Safepoint "RevokeBias", Time since last: 69110485 ns, Reaching safepoint: 90939 ns, At safepoint: 9048 ns, Total: 99987 ns
[2020-09-11T16:27:47.049+0000][1][safepoint    ] Safepoint "RevokeBias", Time since last: 92419 ns, Reaching safepoint: 52620 ns, At safepoint: 6425 ns, Total: 59045 ns
[2020-09-11T16:27:47.057+0000][1][safepoint    ] Safepoint "RevokeBias", Time since last: 8061316 ns, Reaching safepoint: 184346 ns, At safepoint: 11581 ns, Total: 195927 ns
[2020-09-11T16:27:47.062+0000][1][safepoint    ] Safepoint "RevokeBias", Time since last: 4775074 ns, Reaching safepoint: 150123 ns, At safepoint: 19590 ns, Total: 169713 ns
[2020-09-11T16:27:47.066+0000][1][safepoint    ] Safepoint "RevokeBias", Time since last: 3815861 ns, Reaching safepoint: 145073 ns, At safepoint: 19501 ns, Total: 164574 ns
[2020-09-11T16:27:47.068+0000][1][safepoint    ] Safepoint "RevokeBias", Time since last: 1982615 ns, Reaching safepoint: 153042 ns, At safepoint: 17688 ns, Total: 170730 ns
[2020-09-11T16:27:47.068+0000][1][safepoint    ] Safepoint "RevokeBias", Time since last: 62244 ns, Reaching safepoint: 123523 ns, At safepoint: 13835 ns, Total: 137358 ns
[2020-09-11T16:27:47.068+0000][1][safepoint    ] Safepoint "RevokeBias", Time since last: 55122 ns, Reaching safepoint: 132019 ns, At safepoint: 13751 ns, Total: 145770 ns
[2020-09-11T16:27:47.069+0000][1][safepoint    ] Safepoint "RevokeBias", Time since last: 560598 ns, Reaching safepoint: 159755 ns, At safepoint: 15764 ns, Total: 175519 ns
[2020-09-11T16:27:47.069+0000][1][safepoint    ] Safepoint "RevokeBias", Time since last: 51244 ns, Reaching safepoint: 109892 ns, At safepoint: 11799 ns, Total: 121691 ns
[2020-09-11T16:27:47.070+0000][1][safepoint    ] Safepoint "RevokeBias", Time since last: 38289 ns, Reaching safepoint: 109269 ns, At safepoint: 13442 ns, Total: 122711 ns
[2020-09-11T16:27:48.070+0000][1][safepoint    ] Safepoint "Cleanup", Time since last: 1000139902 ns, Reaching safepoint: 151998 ns, At safepoint: 8477 ns, Total: 160475 ns
[2020-09-11T16:27:48.924+0000][1][safepoint    ] Safepoint "RevokeBias", Time since last: 854265746 ns, Reaching safepoint: 93019 ns, At safepoint: 24632 ns, Total: 117651 ns
[2020-09-11T16:27:50.826+0000][1][safepoint    ] Safepoint "RevokeBias", Time since last: 1901942050 ns, Reaching safepoint: 182903 ns, At safepoint: 21566 ns, Total: 204469 ns
[2020-09-11T16:27:52.787+0000][1][safepoint    ] Safepoint "Cleanup", Time since last: 1960270062 ns, Reaching safepoint: 223296 ns, At safepoint: 21546 ns, Total: 244842 ns
[2020-09-11T16:27:58.433+0000][1][safepoint    ] Safepoint "RevokeBias", Time since last: 5645956367 ns, Reaching safepoint: 286655 ns, At safepoint: 56766 ns, Total: 343421 ns
[2020-09-11T16:27:59.027+0000][1][safepoint    ] Safepoint "RevokeBias", Time since last: 593750696 ns, Reaching safepoint: 226784 ns, At safepoint: 46682 ns, Total: 273466 ns
[2020-09-11T16:27:59.028+0000][1][safepoint    ] Safepoint "RevokeBias", Time since last: 307932 ns, Reaching safepoint: 182814 ns, At safepoint: 32961 ns, Total: 215775 ns
[2020-09-11T16:28:00.028+0000][1][safepoint    ] Safepoint "Cleanup", Time since last: 1000172993 ns, Reaching safepoint: 114732 ns, At safepoint: 8003 ns, Total: 122735 ns
[2020-09-11T16:28:00.698+0000][1][gc,start     ] GC(87) Pause Young (Allocation Failure)
[2020-09-11T16:28:00.698+0000][1][gc,task      ] GC(87) Using 1 workers of 1 for evacuation
[2020-09-11T16:28:00.714+0000][1][gc,age       ] GC(87) Desired survivor size 4358144 bytes, new threshold 6 (max threshold 6)
[2020-09-11T16:28:00.714+0000][1][gc,age       ] GC(87) Age table with threshold 6 (max threshold 6)
[2020-09-11T16:28:00.714+0000][1][gc,age       ] GC(87) - age   1:     513520 bytes,     513520 total
[2020-09-11T16:28:00.714+0000][1][gc,age       ] GC(87) - age   2:     949800 bytes,    1463320 total
[2020-09-11T16:28:00.714+0000][1][gc,age       ] GC(87) - age   3:       9328 bytes,    1472648 total
[2020-09-11T16:28:00.714+0000][1][gc,heap      ] GC(87) ParNew: 71750K->2264K(76672K)
[2020-09-11T16:28:00.714+0000][1][gc,heap      ] GC(87) CMS: 131624K->131624K(2011968K)
[2020-09-11T16:28:00.714+0000][1][gc,metaspace ] GC(87) Metaspace: 92436K->92436K(1134592K)
[2020-09-11T16:28:00.714+0000][1][gc           ] GC(87) Pause Young (Allocation Failure) 198M->130M(2039M) 15.648ms
[2020-09-11T16:28:00.714+0000][1][gc,cpu       ] GC(87) User=0.01s Sys=0.00s Real=0.02s
[2020-09-11T16:28:00.714+0000][1][safepoint    ] Safepoint "GenCollectForAllocation", Time since last: 669798457 ns, Reaching safepoint: 212762 ns, At safepoint: 15721783 ns, Total: 15934545 ns
[2020-09-11T16:28:01.717+0000][1][safepoint    ] Safepoint "Cleanup", Time since last: 1003218747 ns, Reaching safepoint: 124290 ns, At safepoint: 8443 ns, Total: 132733 ns
[2020-09-11T16:28:02.582+0000][1][safepoint    ] Safepoint "RevokeBias", Time since last: 864793199 ns, Reaching safepoint: 203400 ns, At safepoint: 24053 ns, Total: 227453 ns
[2020-09-11T16:28:02.582+0000][1][safepoint    ] Safepoint "RevokeBias", Time since last: 86570 ns, Reaching safepoint: 120632 ns, At safepoint: 15220 ns, Total: 135852 ns
[2020-09-11T16:28:02.584+0000][1][safepoint    ] Safepoint "BulkRevokeBias", Time since last: 1197094 ns, Reaching safepoint: 146739 ns, At safepoint: 490491 ns, Total: 637230 ns
[2020-09-11T16:28:03.585+0000][1][safepoint    ] Safepoint "Cleanup", Time since last: 1000160076 ns, Reaching safepoint: 244847 ns, At safepoint: 19822 ns, Total: 264669 ns
[2020-09-11T16:28:04.428+0000][1][safepoint    ] Safepoint "RevokeBias", Time since last: 843499470 ns, Reaching safepoint: 112071 ns, At safepoint: 22653 ns, Total: 134724 ns
[2020-09-11T16:28:05.429+0000][1][safepoint    ] Safepoint "Cleanup", Time since last: 1000151680 ns, Reaching safepoint: 190771 ns, At safepoint: 19221 ns, Total: 209992 ns
[2020-09-11T16:28:06.429+0000][1][safepoint    ] Safepoint "Cleanup", Time since last: 1000177383 ns, Reaching safepoint: 187336 ns, At safepoint: 19736 ns, Total: 207072 ns
[2020-09-11T16:28:07.429+0000][1][safepoint    ] Safepoint "Cleanup", Time since last: 1000155014 ns, Reaching safepoint: 158670 ns, At safepoint: 7100 ns, Total: 165770 ns
[2020-09-11T16:28:08.430+0000][1][safepoint    ] Safepoint "Cleanup", Time since last: 1000149061 ns, Reaching safepoint: 173221 ns, At safepoint: 21455 ns, Total: 194676 ns
[2020-09-11T16:28:09.430+0000][1][safepoint    ] Safepoint "Cleanup", Time since last: 1000213504 ns, Reaching safepoint: 134490 ns, At safepoint: 8763 ns, Total: 143253 ns
[2020-09-11T16:28:10.430+0000][1][safepoint    ] Safepoint "Cleanup", Time since last: 1000169545 ns, Reaching safepoint: 120632 ns, At safepoint: 7445 ns, Total: 128077 ns
[2020-09-11T16:28:11.997+0000][1][safepoint    ] Safepoint "Cleanup", Time since last: 1567027789 ns, Reaching safepoint: 101011 ns, At safepoint: 7282 ns, Total: 108293 ns
[2020-09-11T16:28:12.998+0000][1][safepoint    ] Safepoint "Cleanup", Time since last: 1000089218 ns, Reaching safepoint: 85506 ns, At safepoint: 7124 ns, Total: 92630 ns
[2020-09-11T16:28:13.785+0000][1][gc,start     ] GC(88) Pause Young (Allocation Failure)
[2020-09-11T16:28:13.785+0000][1][gc,task      ] GC(88) Using 1 workers of 1 for evacuation
[2020-09-11T16:28:13.823+0000][1][gc,age       ] GC(88) Desired survivor size 4358144 bytes, new threshold 1 (max threshold 6)
[2020-09-11T16:28:13.823+0000][1][gc,age       ] GC(88) Age table with threshold 1 (max threshold 6)
[2020-09-11T16:28:13.823+0000][1][gc,age       ] GC(88) - age   1:    6791640 bytes,    6791640 total
[2020-09-11T16:28:13.823+0000][1][gc,age       ] GC(88) - age   2:     449048 bytes,    7240688 total
[2020-09-11T16:28:13.823+0000][1][gc,age       ] GC(88) - age   3:     945704 bytes,    8186392 total
[2020-09-11T16:28:13.823+0000][1][gc,age       ] GC(88) - age   4:       9328 bytes,    8195720 total
[2020-09-11T16:28:13.823+0000][1][gc,heap      ] GC(88) ParNew: 70351K->8223K(76672K)
[2020-09-11T16:28:13.823+0000][1][gc,heap      ] GC(88) CMS: 131624K->131624K(2011968K)
[2020-09-11T16:28:13.823+0000][1][gc,metaspace ] GC(88) Metaspace: 92571K->92571K(1134592K)
[2020-09-11T16:28:13.823+0000][1][gc           ] GC(88) Pause Young (Allocation Failure) 197M->136M(2039M) 37.836ms
[2020-09-11T16:28:13.823+0000][1][gc,cpu       ] GC(88) User=0.02s Sys=0.00s Real=0.04s
[2020-09-11T16:28:13.823+0000][1][safepoint    ] Safepoint "GenCollectForAllocation", Time since last: 784859385 ns, Reaching safepoint: 2448714 ns, At safepoint: 38123825 ns, Total: 40572539 ns
[2020-09-11T16:28:14.846+0000][1][safepoint    ] Safepoint "Cleanup", Time since last: 1022475719 ns, Reaching safepoint: 471343 ns, At safepoint: 14897 ns, Total: 486240 ns
[2020-09-11T16:28:15.848+0000][1][safepoint    ] Safepoint "Cleanup", Time since last: 1002127782 ns, Reaching safepoint: 193758 ns, At safepoint: 18616 ns, Total: 212374 ns
[2020-09-11T16:28:16.849+0000][1][safepoint    ] Safepoint "Cleanup", Time since last: 1000188140 ns, Reaching safepoint: 195509 ns, At safepoint: 72305 ns, Total: 267814 ns
[2020-09-11T16:28:17.849+0000][1][safepoint    ] Safepoint "Cleanup", Time since last: 1000155871 ns, Reaching safepoint: 89839 ns, At safepoint: 9646 ns, Total: 99485 ns
[2020-09-11T16:28:18.849+0000][1][safepoint    ] Safepoint "Cleanup", Time since last: 1000129434 ns, Reaching safepoint: 221915 ns, At safepoint: 22034 ns, Total: 243949 ns
[2020-09-11T16:28:19.850+0000][1][safepoint    ] Safepoint "Cleanup", Time since last: 1000231287 ns, Reaching safepoint: 131781 ns, At safepoint: 9710 ns, Total: 141491 ns
[2020-09-11T16:28:20.850+0000][1][safepoint    ] Safepoint "Cleanup", Time since last: 1000110578 ns, Reaching safepoint: 92166 ns, At safepoint: 8288 ns, Total: 100454 ns
[2020-09-11T16:28:21.850+0000][1][safepoint    ] Safepoint "Cleanup", Time since last: 1000174498 ns, Reaching safepoint: 134707 ns, At safepoint: 9627 ns, Total: 144334 ns
[2020-09-11T16:28:22.851+0000][1][safepoint    ] Safepoint "Cleanup", Time since last: 1000315956 ns, Reaching safepoint: 206741 ns, At safepoint: 20804 ns, Total: 227545 ns
[2020-09-11T16:28:23.481+0000][1][gc,start     ] GC(89) Pause Young (Allocation Failure)
[2020-09-11T16:28:23.481+0000][1][gc,task      ] GC(89) Using 1 workers of 1 for evacuation
[2020-09-11T16:28:23.515+0000][1][gc,age       ] GC(89) Desired survivor size 4358144 bytes, new threshold 1 (max threshold 6)
[2020-09-11T16:28:23.515+0000][1][gc,age       ] GC(89) Age table with threshold 1 (max threshold 6)
[2020-09-11T16:28:23.515+0000][1][gc,age       ] GC(89) - age   1:    8659760 bytes,    8659760 total
[2020-09-11T16:28:23.515+0000][1][gc,heap      ] GC(89) ParNew: 76383K->8512K(76672K)
[2020-09-11T16:28:23.515+0000][1][gc,heap      ] GC(89) CMS: 131624K->134029K(2011968K)
[2020-09-11T16:28:23.515+0000][1][gc,metaspace ] GC(89) Metaspace: 92689K->92689K(1134592K)
[2020-09-11T16:28:23.515+0000][1][gc           ] GC(89) Pause Young (Allocation Failure) 203M->139M(2039M) 34.522ms
[2020-09-11T16:28:23.515+0000][1][gc,cpu       ] GC(89) User=0.02s Sys=0.00s Real=0.03s
[2020-09-11T16:28:23.521+0000][1][safepoint    ] Safepoint "GenCollectForAllocation", Time since last: 629902138 ns, Reaching safepoint: 162990 ns, At safepoint: 39850860 ns, Total: 40013850 ns
[2020-09-11T16:28:24.524+0000][1][safepoint    ] Safepoint "Cleanup", Time since last: 1003340236 ns, Reaching safepoint: 181934 ns, At safepoint: 23286 ns, Total: 205220 ns
[2020-09-11T16:28:25.525+0000][1][safepoint    ] Safepoint "Cleanup", Time since last: 1000189266 ns, Reaching safepoint: 359495 ns, At safepoint: 19254 ns, Total: 378749 ns
[2020-09-11T16:28:26.525+0000][1][safepoint    ] Safepoint "Cleanup", Time since last: 1000179595 ns, Reaching safepoint: 119073 ns, At safepoint: 10248 ns, Total: 129321 ns
[2020-09-11T16:28:27.526+0000][1][safepoint    ] Safepoint "Cleanup", Time since last: 1000160403 ns, Reaching safepoint: 140628 ns, At safepoint: 10190 ns, Total: 150818 ns
[2020-09-11T16:28:28.526+0000][1][safepoint    ] Safepoint "Cleanup", Time since last: 1000203878 ns, Reaching safepoint: 136266 ns, At safepoint: 14297 ns, Total: 150563 ns
[2020-09-11T16:28:29.526+0000][1][safepoint    ] Safepoint "Cleanup", Time since last: 1000201769 ns, Reaching safepoint: 137112 ns, At safepoint: 10291 ns, Total: 147403 ns
[2020-09-11T16:28:30.527+0000][1][safepoint    ] Safepoint "Cleanup", Time since last: 1000225275 ns, Reaching safepoint: 210493 ns, At safepoint: 28081 ns, Total: 238574 ns
[2020-09-11T16:28:31.527+0000][1][safepoint    ] Safepoint "Cleanup", Time since last: 1000287473 ns, Reaching safepoint: 117136 ns, At safepoint: 9621 ns, Total: 126757 ns
[2020-09-11T16:28:32.527+0000][1][safepoint    ] Safepoint "Cleanup", Time since last: 1000215859 ns, Reaching safepoint: 113839 ns, At safepoint: 11260 ns, Total: 125099 ns
[2020-09-11T16:28:33.531+0000][1][safepoint    ] Safepoint "Cleanup", Time since last: 1001466351 ns, Reaching safepoint: 2147680 ns, At safepoint: 9564 ns, Total: 2157244 ns
[2020-09-11T16:28:34.531+0000][1][safepoint    ] Safepoint "Cleanup", Time since last: 1000175904 ns, Reaching safepoint: 151252 ns, At safepoint: 12678 ns, Total: 163930 ns
[2020-09-11T16:28:35.532+0000][1][safepoint    ] Safepoint "Cleanup", Time since last: 1000205482 ns, Reaching safepoint: 281255 ns, At safepoint: 27567 ns, Total: 308822 ns
[2020-09-11T16:28:35.930+0000][1][safepoint    ] Safepoint "ICBufferFull", Time since last: 397419920 ns, Reaching safepoint: 313843 ns, At safepoint: 11970 ns, Total: 325813 ns
[2020-09-11T16:28:37.122+0000][1][safepoint    ] Safepoint "Cleanup", Time since last: 1191868779 ns, Reaching safepoint: 385371 ns, At safepoint: 24469 ns, Total: 409840 ns
[2020-09-11T16:28:38.122+0000][1][safepoint    ] Safepoint "Cleanup", Time since last: 1000173494 ns, Reaching safepoint: 167718 ns, At safepoint: 18960 ns, Total: 186678 ns
[2020-09-11T16:28:39.123+0000][1][safepoint    ] Safepoint "Cleanup", Time since last: 1000211667 ns, Reaching safepoint: 177831 ns, At safepoint: 21670 ns, Total: 199501 ns
[2020-09-11T16:28:40.123+0000][1][safepoint    ] Safepoint "Cleanup", Time since last: 1000181174 ns, Reaching safepoint: 170181 ns, At safepoint: 18235 ns, Total: 188416 ns
[2020-09-11T16:28:41.129+0000][1][safepoint    ] Safepoint "Cleanup", Time since last: 1005737403 ns, Reaching safepoint: 118219 ns, At safepoint: 7321 ns, Total: 125540 ns
[2020-09-11T16:28:42.129+0000][1][safepoint    ] Safepoint "Cleanup", Time since last: 1000174647 ns, Reaching safepoint: 171804 ns, At safepoint: 21516 ns, Total: 193320 ns
[2020-09-11T16:28:43.130+0000][1][safepoint    ] Safepoint "Cleanup", Time since last: 1000220748 ns, Reaching safepoint: 164892 ns, At safepoint: 19544 ns, Total: 184436 ns
[2020-09-11T16:28:44.130+0000][1][safepoint    ] Safepoint "Cleanup", Time since last: 1000357228 ns, Reaching safepoint: 108362 ns, At safepoint: 11173 ns, Total: 119535 ns
[2020-09-11T16:28:45.131+0000][1][safepoint    ] Safepoint "Cleanup", Time since last: 1000151041 ns, Reaching safepoint: 177434 ns, At safepoint: 18596 ns, Total: 196030 ns
[2020-09-11T16:28:46.131+0000][1][safepoint    ] Safepoint "Cleanup", Time since last: 1000156445 ns, Reaching safepoint: 94385 ns, At safepoint: 7794 ns, Total: 102179 ns
[2020-09-11T16:28:47.131+0000][1][safepoint    ] Safepoint "Cleanup", Time since last: 1000152053 ns, Reaching safepoint: 141123 ns, At safepoint: 7934 ns, Total: 149057 ns
[2020-09-11T16:28:48.131+0000][1][safepoint    ] Safepoint "Cleanup", Time since last: 1000170808 ns, Reaching safepoint: 166595 ns, At safepoint: 20521 ns, Total: 187116 ns
[2020-09-11T16:28:49.132+0000][1][safepoint    ] Safepoint "Cleanup", Time since last: 1000230784 ns, Reaching safepoint: 129651 ns, At safepoint: 9738 ns, Total: 139389 ns
[2020-09-11T16:28:50.132+0000][1][safepoint    ] Safepoint "Cleanup", Time since last: 1000147653 ns, Reaching safepoint: 188132 ns, At safepoint: 23874 ns, Total: 212006 ns
[2020-09-11T16:28:50.810+0000][1][gc,start     ] GC(90) Pause Young (Allocation Failure)
[2020-09-11T16:28:50.810+0000][1][gc,task      ] GC(90) Using 1 workers of 1 for evacuation
[2020-09-11T16:28:50.828+0000][1][gc,age       ] GC(90) Desired survivor size 4358144 bytes, new threshold 6 (max threshold 6)
[2020-09-11T16:28:50.828+0000][1][gc,age       ] GC(90) Age table with threshold 6 (max threshold 6)
[2020-09-11T16:28:50.828+0000][1][gc,age       ] GC(90) - age   1:     203784 bytes,     203784 total
[2020-09-11T16:28:50.828+0000][1][gc,heap      ] GC(90) ParNew: 76672K->7946K(76672K)
[2020-09-11T16:28:50.828+0000][1][gc,heap      ] GC(90) CMS: 134029K->142437K(2011968K)
[2020-09-11T16:28:50.828+0000][1][gc,metaspace ] GC(90) Metaspace: 92907K->92907K(1134592K)
[2020-09-11T16:28:50.828+0000][1][gc           ] GC(90) Pause Young (Allocation Failure) 205M->146M(2039M) 18.624ms
[2020-09-11T16:28:50.828+0000][1][gc,cpu       ] GC(90) User=0.01s Sys=0.00s Real=0.02s
[2020-09-11T16:28:50.831+0000][1][safepoint    ] Safepoint "GenCollectForAllocation", Time since last: 677108163 ns, Reaching safepoint: 216606 ns, At safepoint: 21862513 ns, Total: 22079119 ns
[2020-09-11T16:28:51.837+0000][1][safepoint    ] Safepoint "Cleanup", Time since last: 1005476953 ns, Reaching safepoint: 194960 ns, At safepoint: 22248 ns, Total: 217208 ns
[2020-09-11T16:28:52.837+0000][1][safepoint    ] Safepoint "Cleanup", Time since last: 1000226538 ns, Reaching safepoint: 123355 ns, At safepoint: 9871 ns, Total: 133226 ns
[2020-09-11T16:28:53.589+0000][1][safepoint    ] Safepoint "RevokeBias", Time since last: 751863998 ns, Reaching safepoint: 92847 ns, At safepoint: 24651 ns, Total: 117498 ns
[2020-09-11T16:28:53.590+0000][1][safepoint    ] Safepoint "RevokeBias", Time since last: 70110 ns, Reaching safepoint: 55673 ns, At safepoint: 15312 ns, Total: 70985 ns
[2020-09-11T16:28:53.590+0000][1][safepoint    ] Safepoint "RevokeBias", Time since last: 37829 ns, Reaching safepoint: 44296 ns, At safepoint: 13148 ns, Total: 57444 ns
[2020-09-11T16:28:53.590+0000][1][safepoint    ] Safepoint "RevokeBias", Time since last: 34026 ns, Reaching safepoint: 41845 ns, At safepoint: 12737 ns, Total: 54582 ns
[2020-09-11T16:28:53.590+0000][1][safepoint    ] Safepoint "RevokeBias", Time since last: 31648 ns, Reaching safepoint: 40641 ns, At safepoint: 12362 ns, Total: 53003 ns
[2020-09-11T16:28:53.590+0000][1][safepoint    ] Safepoint "RevokeBias", Time since last: 31625 ns, Reaching safepoint: 39069 ns, At safepoint: 11576 ns, Total: 50645 ns
[2020-09-11T16:28:53.590+0000][1][safepoint    ] Safepoint "RevokeBias", Time since last: 31193 ns, Reaching safepoint: 37768 ns, At safepoint: 11689 ns, Total: 49457 ns
[2020-09-11T16:28:53.590+0000][1][safepoint    ] Safepoint "RevokeBias", Time since last: 30099 ns, Reaching safepoint: 35813 ns, At safepoint: 11422 ns, Total: 47235 ns
[2020-09-11T16:28:53.590+0000][1][safepoint    ] Safepoint "BulkRevokeBias", Time since last: 29581 ns, Reaching safepoint: 35406 ns, At safepoint: 217381 ns, Total: 252787 ns
[2020-09-11T16:28:54.591+0000][1][safepoint    ] Safepoint "Cleanup", Time since last: 1000145993 ns, Reaching safepoint: 142082 ns, At safepoint: 8639 ns, Total: 150721 ns
[2020-09-11T16:28:55.591+0000][1][safepoint    ] Safepoint "Cleanup", Time since last: 1000187808 ns, Reaching safepoint: 219814 ns, At safepoint: 21256 ns, Total: 241070 ns
[2020-09-11T16:28:56.592+0000][1][safepoint    ] Safepoint "Cleanup", Time since last: 1000186361 ns, Reaching safepoint: 441579 ns, At safepoint: 22619 ns, Total: 464198 ns
[2020-09-11T16:28:57.592+0000][1][safepoint    ] Safepoint "Cleanup", Time since last: 1000184825 ns, Reaching safepoint: 200507 ns, At safepoint: 21516 ns, Total: 222023 ns
[2020-09-11T16:28:58.593+0000][1][safepoint    ] Safepoint "Cleanup", Time since last: 1000254824 ns, Reaching safepoint: 206464 ns, At safepoint: 24967 ns, Total: 231431 ns
[2020-09-11T16:28:59.593+0000][1][safepoint    ] Safepoint "Cleanup", Time since last: 1000271070 ns, Reaching safepoint: 180785 ns, At safepoint: 22636 ns, Total: 203421 ns
[2020-09-11T16:29:00.594+0000][1][safepoint    ] Safepoint "Cleanup", Time since last: 1000228198 ns, Reaching safepoint: 167154 ns, At safepoint: 20370 ns, Total: 187524 ns
[2020-09-11T16:29:01.594+0000][1][safepoint    ] Safepoint "Cleanup", Time since last: 1000257551 ns, Reaching safepoint: 126811 ns, At safepoint: 9357 ns, Total: 136168 ns
[2020-09-11T16:29:02.594+0000][1][safepoint    ] Safepoint "Cleanup", Time since last: 1000190076 ns, Reaching safepoint: 146714 ns, At safepoint: 11301 ns, Total: 158015 ns
[2020-09-11T16:29:03.594+0000][1][safepoint    ] Safepoint "Cleanup", Time since last: 1000102531 ns, Reaching safepoint: 98392 ns, At safepoint: 8992 ns, Total: 107384 ns
[2020-09-11T16:29:04.595+0000][1][safepoint    ] Safepoint "Cleanup", Time since last: 1000181448 ns, Reaching safepoint: 136834 ns, At safepoint: 8415 ns, Total: 145249 ns
[2020-09-11T16:29:05.595+0000][1][safepoint    ] Safepoint "Cleanup", Time since last: 1000189020 ns, Reaching safepoint: 185134 ns, At safepoint: 20604 ns, Total: 205738 ns
[2020-09-11T16:29:06.597+0000][1][safepoint    ] Safepoint "Cleanup", Time since last: 1000169300 ns, Reaching safepoint: 1554139 ns, At safepoint: 11423 ns, Total: 1565562 ns
[2020-09-11T16:29:07.597+0000][1][safepoint    ] Safepoint "Cleanup", Time since last: 1000140724 ns, Reaching safepoint: 183915 ns, At safepoint: 20430 ns, Total: 204345 ns
[2020-09-11T16:29:08.598+0000][1][safepoint    ] Safepoint "Cleanup", Time since last: 1000227959 ns, Reaching safepoint: 124776 ns, At safepoint: 11064 ns, Total: 135840 ns
[2020-09-11T16:29:09.598+0000][1][safepoint    ] Safepoint "Cleanup", Time since last: 1000191761 ns, Reaching safepoint: 180832 ns, At safepoint: 21249 ns, Total: 202081 ns
[2020-09-11T16:29:10.598+0000][1][safepoint    ] Safepoint "Cleanup", Time since last: 1000226726 ns, Reaching safepoint: 117202 ns, At safepoint: 8890 ns, Total: 126092 ns
[2020-09-11T16:29:10.879+0000][1][gc,start     ] GC(91) Pause Young (Allocation Failure)
[2020-09-11T16:29:10.879+0000][1][gc,task      ] GC(91) Using 1 workers of 1 for evacuation
[2020-09-11T16:29:10.905+0000][1][gc,age       ] GC(91) Desired survivor size 4358144 bytes, new threshold 6 (max threshold 6)
[2020-09-11T16:29:10.905+0000][1][gc,age       ] GC(91) Age table with threshold 6 (max threshold 6)
[2020-09-11T16:29:10.905+0000][1][gc,age       ] GC(91) - age   1:     131528 bytes,     131528 total
[2020-09-11T16:29:10.905+0000][1][gc,age       ] GC(91) - age   2:      90344 bytes,     221872 total
[2020-09-11T16:29:10.905+0000][1][gc,heap      ] GC(91) ParNew: 76106K->2023K(76672K)
[2020-09-11T16:29:10.905+0000][1][gc,heap      ] GC(91) CMS: 142437K->142437K(2011968K)
[2020-09-11T16:29:10.905+0000][1][gc,metaspace ] GC(91) Metaspace: 93116K->93116K(1134592K)
[2020-09-11T16:29:10.905+0000][1][gc           ] GC(91) Pause Young (Allocation Failure) 213M->141M(2039M) 26.456ms
[2020-09-11T16:29:10.905+0000][1][gc,cpu       ] GC(91) User=0.02s Sys=0.00s Real=0.03s
[2020-09-11T16:29:10.909+0000][1][safepoint    ] Safepoint "GenCollectForAllocation", Time since last: 280417919 ns, Reaching safepoint: 165315 ns, At safepoint: 29811365 ns, Total: 29976680 ns
[2020-09-11T16:29:11.911+0000][1][safepoint    ] Safepoint "Cleanup", Time since last: 1002306469 ns, Reaching safepoint: 171450 ns, At safepoint: 19699 ns, Total: 191149 ns
[2020-09-11T16:29:12.912+0000][1][safepoint    ] Safepoint "Cleanup", Time since last: 1000171702 ns, Reaching safepoint: 136184 ns, At safepoint: 9298 ns, Total: 145482 ns
[2020-09-11T16:29:14.541+0000][1][safepoint    ] Safepoint "Cleanup", Time since last: 1629262174 ns, Reaching safepoint: 239376 ns, At safepoint: 24639 ns, Total: 264015 ns
[2020-09-11T16:29:15.542+0000][1][safepoint    ] Safepoint "Cleanup", Time since last: 1000242108 ns, Reaching safepoint: 186939 ns, At safepoint: 21526 ns, Total: 208465 ns
[2020-09-11T16:29:16.542+0000][1][safepoint    ] Safepoint "Cleanup", Time since last: 1000237102 ns, Reaching safepoint: 196050 ns, At safepoint: 21520 ns, Total: 217570 ns
[2020-09-11T16:29:17.542+0000][1][safepoint    ] Safepoint "Cleanup", Time since last: 1000197955 ns, Reaching safepoint: 191654 ns, At safepoint: 20149 ns, Total: 211803 ns
[2020-09-11T16:29:18.543+0000][1][safepoint    ] Safepoint "Cleanup", Time since last: 1000248227 ns, Reaching safepoint: 184326 ns, At safepoint: 39427 ns, Total: 223753 ns
[2020-09-11T16:29:19.543+0000][1][safepoint    ] Safepoint "Cleanup", Time since last: 1000196348 ns, Reaching safepoint: 205261 ns, At safepoint: 17734 ns, Total: 222995 ns
[2020-09-11T16:29:20.544+0000][1][safepoint    ] Safepoint "Cleanup", Time since last: 1000217174 ns, Reaching safepoint: 122417 ns, At safepoint: 9580 ns, Total: 131997 ns
[2020-09-11T16:29:21.544+0000][1][safepoint    ] Safepoint "Cleanup", Time since last: 1000119788 ns, Reaching safepoint: 170965 ns, At safepoint: 9450 ns, Total: 180415 ns
[2020-09-11T16:29:22.544+0000][1][safepoint    ] Safepoint "Cleanup", Time since last: 1000154406 ns, Reaching safepoint: 198221 ns, At safepoint: 16932 ns, Total: 215153 ns
[2020-09-11T16:29:23.545+0000][1][safepoint    ] Safepoint "Cleanup", Time since last: 1000126450 ns, Reaching safepoint: 343002 ns, At safepoint: 10771 ns, Total: 353773 ns
[2020-09-11T16:29:24.545+0000][1][safepoint    ] Safepoint "Cleanup", Time since last: 1000176265 ns, Reaching safepoint: 219681 ns, At safepoint: 23487 ns, Total: 243168 ns
[2020-09-11T16:29:25.546+0000][1][safepoint    ] Safepoint "Cleanup", Time since last: 1000232695 ns, Reaching safepoint: 217763 ns, At safepoint: 21780 ns, Total: 239543 ns
[2020-09-11T16:29:26.546+0000][1][safepoint    ] Safepoint "Cleanup", Time since last: 1000225405 ns, Reaching safepoint: 126228 ns, At safepoint: 9559 ns, Total: 135787 ns
[2020-09-11T16:29:27.546+0000][1][safepoint    ] Safepoint "Cleanup", Time since last: 1000147728 ns, Reaching safepoint: 188152 ns, At safepoint: 21112 ns, Total: 209264 ns
[2020-09-11T16:29:28.547+0000][1][safepoint    ] Safepoint "Cleanup", Time since last: 1000174044 ns, Reaching safepoint: 154956 ns, At safepoint: 8970 ns, Total: 163926 ns
[2020-09-11T16:29:29.547+0000][1][safepoint    ] Safepoint "Cleanup", Time since last: 1000152482 ns, Reaching safepoint: 145750 ns, At safepoint: 8241 ns, Total: 153991 ns
[2020-09-11T16:29:30.548+0000][1][safepoint    ] Safepoint "Cleanup", Time since last: 1000282012 ns, Reaching safepoint: 175589 ns, At safepoint: 20203 ns, Total: 195792 ns
[2020-09-11T16:29:30.937+0000][1][gc,start     ] GC(92) Pause Young (Allocation Failure)
[2020-09-11T16:29:30.937+0000][1][gc,task      ] GC(92) Using 1 workers of 1 for evacuation
[2020-09-11T16:29:30.964+0000][1][gc,age       ] GC(92) Desired survivor size 4358144 bytes, new threshold 6 (max threshold 6)
[2020-09-11T16:29:30.964+0000][1][gc,age       ] GC(92) Age table with threshold 6 (max threshold 6)
[2020-09-11T16:29:30.964+0000][1][gc,age       ] GC(92) - age   1:     171008 bytes,     171008 total
[2020-09-11T16:29:30.964+0000][1][gc,age       ] GC(92) - age   2:      23664 bytes,     194672 total
[2020-09-11T16:29:30.964+0000][1][gc,age       ] GC(92) - age   3:      74104 bytes,     268776 total
[2020-09-11T16:29:30.964+0000][1][gc,heap      ] GC(92) ParNew: 70183K->546K(76672K)
[2020-09-11T16:29:30.964+0000][1][gc,heap      ] GC(92) CMS: 142437K->142437K(2011968K)
[2020-09-11T16:29:30.964+0000][1][gc,metaspace ] GC(92) Metaspace: 93236K->93236K(1134592K)
[2020-09-11T16:29:30.964+0000][1][gc           ] GC(92) Pause Young (Allocation Failure) 207M->139M(2039M) 27.001ms
[2020-09-11T16:29:30.964+0000][1][gc,cpu       ] GC(92) User=0.02s Sys=0.00s Real=0.03s
[2020-09-11T16:29:30.964+0000][1][safepoint    ] Safepoint "GenCollectForAllocation", Time since last: 389233264 ns, Reaching safepoint: 162511 ns, At safepoint: 27076565 ns, Total: 27239076 ns
[2020-09-11T16:29:31.966+0000][1][safepoint    ] Safepoint "Cleanup", Time since last: 1002035021 ns, Reaching safepoint: 74341 ns, At safepoint: 5119 ns, Total: 79460 ns
[2020-09-11T16:29:32.967+0000][1][safepoint    ] Safepoint "Cleanup", Time since last: 1000119367 ns, Reaching safepoint: 271449 ns, At safepoint: 21089 ns, Total: 292538 ns
[2020-09-11T16:29:33.967+0000][1][safepoint    ] Safepoint "Cleanup", Time since last: 1000206489 ns, Reaching safepoint: 125161 ns, At safepoint: 8821 ns, Total: 133982 ns
[2020-09-11T16:29:34.967+0000][1][safepoint    ] Safepoint "Cleanup", Time since last: 1000192330 ns, Reaching safepoint: 119796 ns, At safepoint: 8743 ns, Total: 128539 ns
[2020-09-11T16:29:35.968+0000][1][safepoint    ] Safepoint "Cleanup", Time since last: 1000134675 ns, Reaching safepoint: 369765 ns, At safepoint: 25548 ns, Total: 395313 ns
[2020-09-11T16:29:36.968+0000][1][safepoint    ] Safepoint "Cleanup", Time since last: 1000211794 ns, Reaching safepoint: 126852 ns, At safepoint: 7968 ns, Total: 134820 ns
[2020-09-11T16:29:37.968+0000][1][safepoint    ] Safepoint "Cleanup", Time since last: 1000176534 ns, Reaching safepoint: 114596 ns, At safepoint: 8469 ns, Total: 123065 ns
[2020-09-11T16:29:38.969+0000][1][safepoint    ] Safepoint "Cleanup", Time since last: 1000139556 ns, Reaching safepoint: 182769 ns, At safepoint: 19151 ns, Total: 201920 ns
[2020-09-11T16:29:39.969+0000][1][safepoint    ] Safepoint "Cleanup", Time since last: 1000251533 ns, Reaching safepoint: 168904 ns, At safepoint: 20738 ns, Total: 189642 ns
[2020-09-11T16:29:40.970+0000][1][safepoint    ] Safepoint "Cleanup", Time since last: 1000228508 ns, Reaching safepoint: 136893 ns, At safepoint: 7736 ns, Total: 144629 ns
[2020-09-11T16:29:41.971+0000][1][safepoint    ] Safepoint "Cleanup", Time since last: 1001286965 ns, Reaching safepoint: 97949 ns, At safepoint: 9207 ns, Total: 107156 ns
[2020-09-11T16:29:42.971+0000][1][safepoint    ] Safepoint "Cleanup", Time since last: 1000181731 ns, Reaching safepoint: 121861 ns, At safepoint: 7591 ns, Total: 129452 ns
[2020-09-11T16:29:43.972+0000][1][safepoint    ] Safepoint "Cleanup", Time since last: 1000171040 ns, Reaching safepoint: 206932 ns, At safepoint: 21767 ns, Total: 228699 ns
[2020-09-11T16:29:44.972+0000][1][safepoint    ] Safepoint "Cleanup", Time since last: 1000176036 ns, Reaching safepoint: 173207 ns, At safepoint: 17978 ns, Total: 191185 ns
[2020-09-11T16:29:45.974+0000][1][safepoint    ] Safepoint "Cleanup", Time since last: 1001236432 ns, Reaching safepoint: 246567 ns, At safepoint: 8312 ns, Total: 254879 ns
[2020-09-11T16:29:47.974+0000][1][safepoint    ] Safepoint "Cleanup", Time since last: 2000278179 ns, Reaching safepoint: 183842 ns, At safepoint: 23227 ns, Total: 207069 ns
[2020-09-11T16:29:49.975+0000][1][safepoint    ] Safepoint "Cleanup", Time since last: 2000362488 ns, Reaching safepoint: 178406 ns, At safepoint: 20608 ns, Total: 199014 ns
[2020-09-11T16:29:50.975+0000][1][safepoint    ] Safepoint "Cleanup", Time since last: 1000152962 ns, Reaching safepoint: 88293 ns, At safepoint: 6091 ns, Total: 94384 ns
[2020-09-11T16:29:51.975+0000][1][safepoint    ] Safepoint "Cleanup", Time since last: 1000144577 ns, Reaching safepoint: 176796 ns, At safepoint: 17577 ns, Total: 194373 ns
[2020-09-11T16:29:52.976+0000][1][safepoint    ] Safepoint "Cleanup", Time since last: 1000192721 ns, Reaching safepoint: 185165 ns, At safepoint: 18599 ns, Total: 203764 ns
[2020-09-11T16:29:53.976+0000][1][safepoint    ] Safepoint "Cleanup", Time since last: 1000211046 ns, Reaching safepoint: 130692 ns, At safepoint: 9900 ns, Total: 140592 ns
[2020-09-11T16:29:55.976+0000][1][safepoint    ] Safepoint "Cleanup", Time since last: 2000310903 ns, Reaching safepoint: 128610 ns, At safepoint: 8144 ns, Total: 136754 ns
[2020-09-11T16:29:57.977+0000][1][safepoint    ] Safepoint "Cleanup", Time since last: 2000318861 ns, Reaching safepoint: 147057 ns, At safepoint: 9984 ns, Total: 157041 ns
[2020-09-11T16:29:58.977+0000][1][safepoint    ] Safepoint "Cleanup", Time since last: 1000191570 ns, Reaching safepoint: 181162 ns, At safepoint: 20293 ns, Total: 201455 ns
[2020-09-11T16:30:00.820+0000][1][gc,start     ] GC(93) Pause Young (Allocation Failure)
[2020-09-11T16:30:00.820+0000][1][gc,task      ] GC(93) Using 1 workers of 1 for evacuation
[2020-09-11T16:30:00.839+0000][1][gc,age       ] GC(93) Desired survivor size 4358144 bytes, new threshold 6 (max threshold 6)
[2020-09-11T16:30:00.839+0000][1][gc,age       ] GC(93) Age table with threshold 6 (max threshold 6)
[2020-09-11T16:30:00.839+0000][1][gc,age       ] GC(93) - age   1:     307368 bytes,     307368 total
[2020-09-11T16:30:00.839+0000][1][gc,age       ] GC(93) - age   2:      51912 bytes,     359280 total
[2020-09-11T16:30:00.839+0000][1][gc,age       ] GC(93) - age   3:      13520 bytes,     372800 total
[2020-09-11T16:30:00.839+0000][1][gc,age       ] GC(93) - age   4:      72744 bytes,     445544 total
[2020-09-11T16:30:00.839+0000][1][gc,heap      ] GC(93) ParNew: 68695K->470K(76672K)
[2020-09-11T16:30:00.839+0000][1][gc,heap      ] GC(93) CMS: 142437K->142437K(2011968K)
[2020-09-11T16:30:00.839+0000][1][gc,metaspace ] GC(93) Metaspace: 93413K->93413K(1134592K)
[2020-09-11T16:30:00.839+0000][1][gc           ] GC(93) Pause Young (Allocation Failure) 206M->139M(2039M) 19.279ms
[2020-09-11T16:30:00.839+0000][1][gc,cpu       ] GC(93) User=0.02s Sys=0.00s Real=0.02s
[2020-09-11T16:30:00.840+0000][1][safepoint    ] Safepoint "GenCollectForAllocation", Time since last: 1841959936 ns, Reaching safepoint: 993169 ns, At safepoint: 19992290 ns, Total: 20985459 ns
[2020-09-11T16:30:01.866+0000][1][safepoint    ] Safepoint "Cleanup", Time since last: 1025510149 ns, Reaching safepoint: 129566 ns, At safepoint: 7374 ns, Total: 136940 ns
[2020-09-11T16:30:03.495+0000][1][safepoint    ] Safepoint "RevokeBias", Time since last: 1628716160 ns, Reaching safepoint: 219416 ns, At safepoint: 27931 ns, Total: 247347 ns
[2020-09-11T16:30:04.495+0000][1][safepoint    ] Safepoint "Cleanup", Time since last: 1000179563 ns, Reaching safepoint: 131988 ns, At safepoint: 5777 ns, Total: 137765 ns
[2020-09-11T16:30:05.495+0000][1][safepoint    ] Safepoint "Cleanup", Time since last: 1000148921 ns, Reaching safepoint: 177397 ns, At safepoint: 20173 ns, Total: 197570 ns
[2020-09-11T16:30:07.496+0000][1][safepoint    ] Safepoint "Cleanup", Time since last: 2000371856 ns, Reaching safepoint: 182659 ns, At safepoint: 19585 ns, Total: 202244 ns
[2020-09-11T16:30:08.496+0000][1][safepoint    ] Safepoint "Cleanup", Time since last: 1000193654 ns, Reaching safepoint: 137129 ns, At safepoint: 10059 ns, Total: 147188 ns
[2020-09-11T16:30:10.497+0000][1][safepoint    ] Safepoint "Cleanup", Time since last: 2000298905 ns, Reaching safepoint: 206330 ns, At safepoint: 18112 ns, Total: 224442 ns
[2020-09-11T16:30:11.497+0000][1][safepoint    ] Safepoint "Cleanup", Time since last: 1000192919 ns, Reaching safepoint: 192581 ns, At safepoint: 19365 ns, Total: 211946 ns
[2020-09-11T16:30:12.498+0000][1][safepoint    ] Safepoint "Cleanup", Time since last: 1000227536 ns, Reaching safepoint: 173996 ns, At safepoint: 19518 ns, Total: 193514 ns
[2020-09-11T16:30:13.498+0000][1][safepoint    ] Safepoint "Cleanup", Time since last: 1000150680 ns, Reaching safepoint: 107448 ns, At safepoint: 10029 ns, Total: 117477 ns
[2020-09-11T16:30:14.498+0000][1][safepoint    ] Safepoint "Cleanup", Time since last: 1000121285 ns, Reaching safepoint: 99761 ns, At safepoint: 11069 ns, Total: 110830 ns
[2020-09-11T16:30:15.499+0000][1][safepoint    ] Safepoint "Cleanup", Time since last: 1000186345 ns, Reaching safepoint: 187681 ns, At safepoint: 20858 ns, Total: 208539 ns
[2020-09-11T16:30:16.499+0000][1][safepoint    ] Safepoint "Cleanup", Time since last: 1000191493 ns, Reaching safepoint: 131754 ns, At safepoint: 8051 ns, Total: 139805 ns
[2020-09-11T16:30:20.500+0000][1][safepoint    ] Safepoint "Cleanup", Time since last: 4000591081 ns, Reaching safepoint: 121683 ns, At safepoint: 10023 ns, Total: 131706 ns
[2020-09-11T16:30:21.500+0000][1][safepoint    ] Safepoint "Cleanup", Time since last: 1000180909 ns, Reaching safepoint: 248597 ns, At safepoint: 20487 ns, Total: 269084 ns
[2020-09-11T16:30:22.500+0000][1][safepoint    ] Safepoint "Cleanup", Time since last: 1000192373 ns, Reaching safepoint: 171550 ns, At safepoint: 19632 ns, Total: 191182 ns
[2020-09-11T16:30:23.709+0000][1][gc,start     ] GC(94) Pause Young (Allocation Failure)
[2020-09-11T16:30:23.709+0000][1][gc,task      ] GC(94) Using 1 workers of 1 for evacuation
[2020-09-11T16:30:23.724+0000][1][gc,age       ] GC(94) Desired survivor size 4358144 bytes, new threshold 6 (max threshold 6)
[2020-09-11T16:30:23.724+0000][1][gc,age       ] GC(94) Age table with threshold 6 (max threshold 6)
[2020-09-11T16:30:23.724+0000][1][gc,age       ] GC(94) - age   1:     329536 bytes,     329536 total
[2020-09-11T16:30:23.724+0000][1][gc,age       ] GC(94) - age   2:      26752 bytes,     356288 total
[2020-09-11T16:30:23.724+0000][1][gc,age       ] GC(94) - age   3:      29928 bytes,     386216 total
[2020-09-11T16:30:23.724+0000][1][gc,age       ] GC(94) - age   4:      13488 bytes,     399704 total
[2020-09-11T16:30:23.724+0000][1][gc,age       ] GC(94) - age   5:      72712 bytes,     472416 total
[2020-09-11T16:30:23.724+0000][1][gc,heap      ] GC(94) ParNew: 68630K->770K(76672K)
[2020-09-11T16:30:23.724+0000][1][gc,heap      ] GC(94) CMS: 142437K->142437K(2011968K)
[2020-09-11T16:30:23.724+0000][1][gc,metaspace ] GC(94) Metaspace: 93558K->93558K(1134592K)
[2020-09-11T16:30:23.724+0000][1][gc           ] GC(94) Pause Young (Allocation Failure) 206M->139M(2039M) 15.260ms
[2020-09-11T16:30:23.724+0000][1][gc,cpu       ] GC(94) User=0.01s Sys=0.00s Real=0.02s
[2020-09-11T16:30:23.729+0000][1][safepoint    ] Safepoint "GenCollectForAllocation", Time since last: 1208314218 ns, Reaching safepoint: 256602 ns, At safepoint: 19736815 ns, Total: 19993417 ns
[2020-09-11T16:30:24.733+0000][1][safepoint    ] Safepoint "Cleanup", Time since last: 1004084877 ns, Reaching safepoint: 154924 ns, At safepoint: 8474 ns, Total: 163398 ns
[2020-09-11T16:30:25.733+0000][1][safepoint    ] Safepoint "Cleanup", Time since last: 1000136264 ns, Reaching safepoint: 149641 ns, At safepoint: 8697 ns, Total: 158338 ns
[2020-09-11T16:30:28.734+0000][1][safepoint    ] Safepoint "Cleanup", Time since last: 3000390333 ns, Reaching safepoint: 178830 ns, At safepoint: 19375 ns, Total: 198205 ns
[2020-09-11T16:30:29.734+0000][1][safepoint    ] Safepoint "Cleanup", Time since last: 1000181877 ns, Reaching safepoint: 133462 ns, At safepoint: 8516 ns, Total: 141978 ns
[2020-09-11T16:30:30.735+0000][1][safepoint    ] Safepoint "Cleanup", Time since last: 1000153112 ns, Reaching safepoint: 133635 ns, At safepoint: 9946 ns, Total: 143581 ns
[2020-09-11T16:30:31.735+0000][1][safepoint    ] Safepoint "Cleanup", Time since last: 1000136167 ns, Reaching safepoint: 147114 ns, At safepoint: 6656 ns, Total: 153770 ns
[2020-09-11T16:30:32.735+0000][1][safepoint    ] Safepoint "Cleanup", Time since last: 1000156487 ns, Reaching safepoint: 157488 ns, At safepoint: 8632 ns, Total: 166120 ns
[2020-09-11T16:30:33.735+0000][1][safepoint    ] Safepoint "Cleanup", Time since last: 1000166008 ns, Reaching safepoint: 132249 ns, At safepoint: 6663 ns, Total: 138912 ns
[2020-09-11T16:30:34.736+0000][1][safepoint    ] Safepoint "Cleanup", Time since last: 1000161248 ns, Reaching safepoint: 121534 ns, At safepoint: 7166 ns, Total: 128700 ns
[2020-09-11T16:30:35.736+0000][1][safepoint    ] Safepoint "Cleanup", Time since last: 1000198728 ns, Reaching safepoint: 101194 ns, At safepoint: 6447 ns, Total: 107641 ns
[2020-09-11T16:30:36.736+0000][1][safepoint    ] Safepoint "Cleanup", Time since last: 1000160171 ns, Reaching safepoint: 159650 ns, At safepoint: 18836 ns, Total: 178486 ns
[2020-09-11T16:30:37.737+0000][1][safepoint    ] Safepoint "Cleanup", Time since last: 1000161016 ns, Reaching safepoint: 166308 ns, At safepoint: 19364 ns, Total: 185672 ns
[2020-09-11T16:30:38.737+0000][1][safepoint    ] Safepoint "Cleanup", Time since last: 1000239001 ns, Reaching safepoint: 160735 ns, At safepoint: 19121 ns, Total: 179856 ns
[2020-09-11T16:30:39.737+0000][1][safepoint    ] Safepoint "Cleanup", Time since last: 1000167662 ns, Reaching safepoint: 129114 ns, At safepoint: 7570 ns, Total: 136684 ns
[2020-09-11T16:30:40.738+0000][1][safepoint    ] Safepoint "Cleanup", Time since last: 1000154669 ns, Reaching safepoint: 121265 ns, At safepoint: 7538 ns, Total: 128803 ns
[2020-09-11T16:30:41.738+0000][1][safepoint    ] Safepoint "Cleanup", Time since last: 1000140019 ns, Reaching safepoint: 117389 ns, At safepoint: 6721 ns, Total: 124110 ns
[2020-09-11T16:30:42.738+0000][1][safepoint    ] Safepoint "Cleanup", Time since last: 1000198598 ns, Reaching safepoint: 171808 ns, At safepoint: 19241 ns, Total: 191049 ns
[2020-09-11T16:30:43.739+0000][1][safepoint    ] Safepoint "Cleanup", Time since last: 1000153052 ns, Reaching safepoint: 295558 ns, At safepoint: 11228 ns, Total: 306786 ns
[2020-09-11T16:30:44.739+0000][1][safepoint    ] Safepoint "Cleanup", Time since last: 1000185935 ns, Reaching safepoint: 165594 ns, At safepoint: 19959 ns, Total: 185553 ns
[2020-09-11T16:30:45.740+0000][1][safepoint    ] Safepoint "Cleanup", Time since last: 1000270799 ns, Reaching safepoint: 233302 ns, At safepoint: 20594 ns, Total: 253896 ns
[2020-09-11T16:30:46.740+0000][1][safepoint    ] Safepoint "Cleanup", Time since last: 1000191905 ns, Reaching safepoint: 170357 ns, At safepoint: 19575 ns, Total: 189932 ns
[2020-09-11T16:30:47.741+0000][1][safepoint    ] Safepoint "Cleanup", Time since last: 1000276634 ns, Reaching safepoint: 173488 ns, At safepoint: 18994 ns, Total: 192482 ns
[2020-09-11T16:30:48.741+0000][1][safepoint    ] Safepoint "Cleanup", Time since last: 1000176442 ns, Reaching safepoint: 106389 ns, At safepoint: 8818 ns, Total: 115207 ns
[2020-09-11T16:30:49.741+0000][1][safepoint    ] Safepoint "Cleanup", Time since last: 1000156517 ns, Reaching safepoint: 175566 ns, At safepoint: 19301 ns, Total: 194867 ns
[2020-09-11T16:30:50.695+0000][1][gc,start     ] GC(95) Pause Young (Allocation Failure)
[2020-09-11T16:30:50.695+0000][1][gc,task      ] GC(95) Using 1 workers of 1 for evacuation
[2020-09-11T16:30:50.713+0000][1][gc,age       ] GC(95) Desired survivor size 4358144 bytes, new threshold 6 (max threshold 6)
[2020-09-11T16:30:50.713+0000][1][gc,age       ] GC(95) Age table with threshold 6 (max threshold 6)
[2020-09-11T16:30:50.713+0000][1][gc,age       ] GC(95) - age   1:     219280 bytes,     219280 total
[2020-09-11T16:30:50.713+0000][1][gc,age       ] GC(95) - age   2:      69664 bytes,     288944 total
[2020-09-11T16:30:50.713+0000][1][gc,age       ] GC(95) - age   3:      22544 bytes,     311488 total
[2020-09-11T16:30:50.713+0000][1][gc,age       ] GC(95) - age   4:      28496 bytes,     339984 total
[2020-09-11T16:30:50.713+0000][1][gc,age       ] GC(95) - age   5:      13488 bytes,     353472 total
[2020-09-11T16:30:50.713+0000][1][gc,age       ] GC(95) - age   6:      72712 bytes,     426184 total
[2020-09-11T16:30:50.713+0000][1][gc,heap      ] GC(95) ParNew: 68930K->538K(76672K)
[2020-09-11T16:30:50.713+0000][1][gc,heap      ] GC(95) CMS: 142437K->142437K(2011968K)
[2020-09-11T16:30:50.713+0000][1][gc,metaspace ] GC(95) Metaspace: 93657K->93657K(1136640K)
[2020-09-11T16:30:50.713+0000][1][gc           ] GC(95) Pause Young (Allocation Failure) 206M->139M(2039M) 17.840ms
[2020-09-11T16:30:50.713+0000][1][gc,cpu       ] GC(95) User=0.01s Sys=0.00s Real=0.02s
[2020-09-11T16:30:50.713+0000][1][safepoint    ] Safepoint "GenCollectForAllocation", Time since last: 953769697 ns, Reaching safepoint: 117468 ns, At safepoint: 17904965 ns, Total: 18022433 ns
[2020-09-11T16:30:51.714+0000][1][safepoint    ] Safepoint "Cleanup", Time since last: 1000824209 ns, Reaching safepoint: 165811 ns, At safepoint: 19137 ns, Total: 184948 ns
[2020-09-11T16:30:52.714+0000][1][safepoint    ] Safepoint "Cleanup", Time since last: 1000218622 ns, Reaching safepoint: 186756 ns, At safepoint: 18044 ns, Total: 204800 ns
[2020-09-11T16:30:53.715+0000][1][safepoint    ] Safepoint "Cleanup", Time since last: 1000155063 ns, Reaching safepoint: 90979 ns, At safepoint: 8576 ns, Total: 99555 ns
[2020-09-11T16:30:55.715+0000][1][safepoint    ] Safepoint "Cleanup", Time since last: 2000313413 ns, Reaching safepoint: 181911 ns, At safepoint: 20079 ns, Total: 201990 ns
[2020-09-11T16:30:56.716+0000][1][safepoint    ] Safepoint "Cleanup", Time since last: 1000254598 ns, Reaching safepoint: 241100 ns, At safepoint: 22686 ns, Total: 263786 ns
[2020-09-11T16:31:00.717+0000][1][safepoint    ] Safepoint "Cleanup", Time since last: 4000746090 ns, Reaching safepoint: 90816 ns, At safepoint: 6579 ns, Total: 97395 ns
[2020-09-11T16:31:01.717+0000][1][safepoint    ] Safepoint "Cleanup", Time since last: 1000175917 ns, Reaching safepoint: 123527 ns, At safepoint: 7806 ns, Total: 131333 ns
[2020-09-11T16:31:02.717+0000][1][safepoint    ] Safepoint "Cleanup", Time since last: 1000243242 ns, Reaching safepoint: 117044 ns, At safepoint: 6333 ns, Total: 123377 ns
[2020-09-11T16:31:03.718+0000][1][safepoint    ] Safepoint "Cleanup", Time since last: 1000111825 ns, Reaching safepoint: 116737 ns, At safepoint: 7142 ns, Total: 123879 ns
[2020-09-11T16:31:04.718+0000][1][safepoint    ] Safepoint "Cleanup", Time since last: 1000182910 ns, Reaching safepoint: 187036 ns, At safepoint: 18609 ns, Total: 205645 ns
[2020-09-11T16:31:05.718+0000][1][safepoint    ] Safepoint "Cleanup", Time since last: 1000188005 ns, Reaching safepoint: 192726 ns, At safepoint: 20066 ns, Total: 212792 ns
[2020-09-11T16:31:06.719+0000][1][safepoint    ] Safepoint "Cleanup", Time since last: 1000223369 ns, Reaching safepoint: 155189 ns, At safepoint: 17500 ns, Total: 172689 ns
[2020-09-11T16:31:07.719+0000][1][safepoint    ] Safepoint "Cleanup", Time since last: 1000217048 ns, Reaching safepoint: 117669 ns, At safepoint: 8326 ns, Total: 125995 ns
[2020-09-11T16:31:08.719+0000][1][safepoint    ] Safepoint "Cleanup", Time since last: 1000186659 ns, Reaching safepoint: 114067 ns, At safepoint: 7131 ns, Total: 121198 ns
[2020-09-11T16:31:09.720+0000][1][safepoint    ] Safepoint "Cleanup", Time since last: 1000199170 ns, Reaching safepoint: 173622 ns, At safepoint: 19886 ns, Total: 193508 ns
[2020-09-11T16:31:10.720+0000][1][safepoint    ] Safepoint "Cleanup", Time since last: 1000164911 ns, Reaching safepoint: 132830 ns, At safepoint: 9258 ns, Total: 142088 ns
[2020-09-11T16:31:11.720+0000][1][safepoint    ] Safepoint "Cleanup", Time since last: 1000167267 ns, Reaching safepoint: 190651 ns, At safepoint: 19859 ns, Total: 210510 ns
[2020-09-11T16:31:12.721+0000][1][safepoint    ] Safepoint "Cleanup", Time since last: 1000191004 ns, Reaching safepoint: 172105 ns, At safepoint: 16645 ns, Total: 188750 ns
[2020-09-11T16:31:13.471+0000][1][gc,start     ] GC(96) Pause Young (Allocation Failure)
[2020-09-11T16:31:13.471+0000][1][gc,task      ] GC(96) Using 1 workers of 1 for evacuation
[2020-09-11T16:31:13.512+0000][1][gc,age       ] GC(96) Desired survivor size 4358144 bytes, new threshold 6 (max threshold 6)
[2020-09-11T16:31:13.512+0000][1][gc,age       ] GC(96) Age table with threshold 6 (max threshold 6)
[2020-09-11T16:31:13.512+0000][1][gc,age       ] GC(96) - age   1:     277600 bytes,     277600 total
[2020-09-11T16:31:13.512+0000][1][gc,age       ] GC(96) - age   2:      28824 bytes,     306424 total
[2020-09-11T16:31:13.512+0000][1][gc,age       ] GC(96) - age   3:      65144 bytes,     371568 total
[2020-09-11T16:31:13.512+0000][1][gc,age       ] GC(96) - age   4:      18072 bytes,     389640 total
[2020-09-11T16:31:13.512+0000][1][gc,age       ] GC(96) - age   5:      25952 bytes,     415592 total
[2020-09-11T16:31:13.512+0000][1][gc,age       ] GC(96) - age   6:      13200 bytes,     428792 total
[2020-09-11T16:31:13.512+0000][1][gc,heap      ] GC(96) ParNew: 68698K->758K(76672K)
[2020-09-11T16:31:13.512+0000][1][gc,heap      ] GC(96) CMS: 142437K->142508K(2011968K)
[2020-09-11T16:31:13.512+0000][1][gc,metaspace ] GC(96) Metaspace: 93732K->93732K(1136640K)
[2020-09-11T16:31:13.512+0000][1][gc           ] GC(96) Pause Young (Allocation Failure) 206M->139M(2039M) 41.873ms
[2020-09-11T16:31:13.512+0000][1][gc,cpu       ] GC(96) User=0.01s Sys=0.00s Real=0.04s
[2020-09-11T16:31:13.517+0000][1][safepoint    ] Safepoint "GenCollectForAllocation", Time since last: 749618887 ns, Reaching safepoint: 94711 ns, At safepoint: 46269057 ns, Total: 46363768 ns
[2020-09-11T16:31:14.534+0000][1][safepoint    ] Safepoint "Cleanup", Time since last: 1017224091 ns, Reaching safepoint: 141725 ns, At safepoint: 12040 ns, Total: 153765 ns
[2020-09-11T16:31:15.535+0000][1][safepoint    ] Safepoint "Cleanup", Time since last: 1000203859 ns, Reaching safepoint: 121168 ns, At safepoint: 9338 ns, Total: 130506 ns
[2020-09-11T16:31:16.535+0000][1][safepoint    ] Safepoint "Cleanup", Time since last: 1000558157 ns, Reaching safepoint: 193033 ns, At safepoint: 22512 ns, Total: 215545 ns
[2020-09-11T16:31:17.536+0000][1][safepoint    ] Safepoint "Cleanup", Time since last: 1000206813 ns, Reaching safepoint: 178449 ns, At safepoint: 20718 ns, Total: 199167 ns
[2020-09-11T16:31:18.536+0000][1][safepoint    ] Safepoint "Cleanup", Time since last: 1000229842 ns, Reaching safepoint: 121857 ns, At safepoint: 9252 ns, Total: 131109 ns
[2020-09-11T16:31:19.536+0000][1][safepoint    ] Safepoint "Cleanup", Time since last: 1000261115 ns, Reaching safepoint: 139275 ns, At safepoint: 12574 ns, Total: 151849 ns
[2020-09-11T16:31:20.537+0000][1][safepoint    ] Safepoint "Cleanup", Time since last: 1000203126 ns, Reaching safepoint: 160854 ns, At safepoint: 7601 ns, Total: 168455 ns
[2020-09-11T16:31:21.537+0000][1][safepoint    ] Safepoint "Cleanup", Time since last: 1000121436 ns, Reaching safepoint: 201354 ns, At safepoint: 7637 ns, Total: 208991 ns
[2020-09-11T16:31:22.537+0000][1][safepoint    ] Safepoint "Cleanup", Time since last: 1000197417 ns, Reaching safepoint: 126940 ns, At safepoint: 9217 ns, Total: 136157 ns
[2020-09-11T16:31:23.538+0000][1][safepoint    ] Safepoint "Cleanup", Time since last: 1000113204 ns, Reaching safepoint: 98963 ns, At safepoint: 7166 ns, Total: 106129 ns
[2020-09-11T16:31:24.538+0000][1][safepoint    ] Safepoint "Cleanup", Time since last: 1000178433 ns, Reaching safepoint: 138499 ns, At safepoint: 9473 ns, Total: 147972 ns
[2020-09-11T16:31:25.538+0000][1][safepoint    ] Safepoint "Cleanup", Time since last: 1000157434 ns, Reaching safepoint: 145594 ns, At safepoint: 9478 ns, Total: 155072 ns
[2020-09-11T16:31:26.539+0000][1][safepoint    ] Safepoint "Cleanup", Time since last: 1000212676 ns, Reaching safepoint: 115466 ns, At safepoint: 9239 ns, Total: 124705 ns
[2020-09-11T16:31:27.539+0000][1][safepoint    ] Safepoint "Cleanup", Time since last: 1000207220 ns, Reaching safepoint: 171911 ns, At safepoint: 20343 ns, Total: 192254 ns
[2020-09-11T16:31:28.539+0000][1][safepoint    ] Safepoint "Cleanup", Time since last: 1000187720 ns, Reaching safepoint: 94199 ns, At safepoint: 8110 ns, Total: 102309 ns
[2020-09-11T16:31:29.540+0000][1][safepoint    ] Safepoint "Cleanup", Time since last: 1000149523 ns, Reaching safepoint: 135501 ns, At safepoint: 8787 ns, Total: 144288 ns
[2020-09-11T16:31:30.540+0000][1][safepoint    ] Safepoint "Cleanup", Time since last: 1000244490 ns, Reaching safepoint: 106555 ns, At safepoint: 10051 ns, Total: 116606 ns
[2020-09-11T16:31:31.540+0000][1][safepoint    ] Safepoint "Cleanup", Time since last: 1000198133 ns, Reaching safepoint: 127800 ns, At safepoint: 8897 ns, Total: 136697 ns
[2020-09-11T16:31:32.541+0000][1][safepoint    ] Safepoint "Cleanup", Time since last: 1000188294 ns, Reaching safepoint: 172416 ns, At safepoint: 46954 ns, Total: 219370 ns
[2020-09-11T16:31:33.541+0000][1][safepoint    ] Safepoint "Cleanup", Time since last: 1000157790 ns, Reaching safepoint: 99939 ns, At safepoint: 9585 ns, Total: 109524 ns
[2020-09-11T16:31:34.541+0000][1][safepoint    ] Safepoint "Cleanup", Time since last: 1000145727 ns, Reaching safepoint: 140918 ns, At safepoint: 9572 ns, Total: 150490 ns
[2020-09-11T16:31:35.542+0000][1][safepoint    ] Safepoint "Cleanup", Time since last: 1000195090 ns, Reaching safepoint: 137343 ns, At safepoint: 12095 ns, Total: 149438 ns
[2020-09-11T16:31:36.542+0000][1][safepoint    ] Safepoint "Cleanup", Time since last: 1000195848 ns, Reaching safepoint: 136016 ns, At safepoint: 10982 ns, Total: 146998 ns
[2020-09-11T16:31:37.542+0000][1][safepoint    ] Safepoint "Cleanup", Time since last: 1000151403 ns, Reaching safepoint: 178142 ns, At safepoint: 22285 ns, Total: 200427 ns
[2020-09-11T16:31:38.205+0000][1][gc,start     ] GC(97) Pause Young (Allocation Failure)
[2020-09-11T16:31:38.205+0000][1][gc,task      ] GC(97) Using 1 workers of 1 for evacuation
[2020-09-11T16:31:38.230+0000][1][gc,age       ] GC(97) Desired survivor size 4358144 bytes, new threshold 6 (max threshold 6)
[2020-09-11T16:31:38.230+0000][1][gc,age       ] GC(97) Age table with threshold 6 (max threshold 6)
[2020-09-11T16:31:38.230+0000][1][gc,age       ] GC(97) - age   1:     292584 bytes,     292584 total
[2020-09-11T16:31:38.230+0000][1][gc,age       ] GC(97) - age   2:      87672 bytes,     380256 total
[2020-09-11T16:31:38.231+0000][1][gc,age       ] GC(97) - age   3:      22824 bytes,     403080 total
[2020-09-11T16:31:38.231+0000][1][gc,age       ] GC(97) - age   4:      39064 bytes,     442144 total
[2020-09-11T16:31:38.231+0000][1][gc,age       ] GC(97) - age   5:      18072 bytes,     460216 total
[2020-09-11T16:31:38.231+0000][1][gc,age       ] GC(97) - age   6:      25952 bytes,     486168 total
[2020-09-11T16:31:38.231+0000][1][gc,heap      ] GC(97) ParNew: 68918K->503K(76672K)
[2020-09-11T16:31:38.231+0000][1][gc,heap      ] GC(97) CMS: 142508K->142521K(2011968K)
[2020-09-11T16:31:38.231+0000][1][gc,metaspace ] GC(97) Metaspace: 93834K->93834K(1136640K)
[2020-09-11T16:31:38.231+0000][1][gc           ] GC(97) Pause Young (Allocation Failure) 206M->139M(2039M) 25.723ms
[2020-09-11T16:31:38.231+0000][1][gc,cpu       ] GC(97) User=0.01s Sys=0.00s Real=0.02s
[2020-09-11T16:31:38.233+0000][1][safepoint    ] Safepoint "GenCollectForAllocation", Time since last: 659766361 ns, Reaching safepoint: 2714931 ns, At safepoint: 27961801 ns, Total: 30676732 ns
[2020-09-11T16:31:39.237+0000][1][safepoint    ] Safepoint "Cleanup", Time since last: 1004508084 ns, Reaching safepoint: 117877 ns, At safepoint: 17440 ns, Total: 135317 ns
[2020-09-11T16:31:40.238+0000][1][safepoint    ] Safepoint "Cleanup", Time since last: 1000118859 ns, Reaching safepoint: 124319 ns, At safepoint: 15805 ns, Total: 140124 ns
[2020-09-11T16:31:41.255+0000][1][safepoint    ] Safepoint "Cleanup", Time since last: 1017367764 ns, Reaching safepoint: 101201 ns, At safepoint: 9050 ns, Total: 110251 ns
[2020-09-11T16:31:42.255+0000][1][safepoint    ] Safepoint "Cleanup", Time since last: 1000140489 ns, Reaching safepoint: 91377 ns, At safepoint: 8768 ns, Total: 100145 ns
[2020-09-11T16:31:43.256+0000][1][safepoint    ] Safepoint "Cleanup", Time since last: 1000112560 ns, Reaching safepoint: 84177 ns, At safepoint: 6898 ns, Total: 91075 ns
[2020-09-11T16:31:44.256+0000][1][safepoint    ] Safepoint "Cleanup", Time since last: 1000117851 ns, Reaching safepoint: 81545 ns, At safepoint: 7033 ns, Total: 88578 ns
[2020-09-11T16:31:45.256+0000][1][safepoint    ] Safepoint "Cleanup", Time since last: 1000118905 ns, Reaching safepoint: 174139 ns, At safepoint: 18476 ns, Total: 192615 ns
[2020-09-11T16:31:46.257+0000][1][safepoint    ] Safepoint "Cleanup", Time since last: 1000196619 ns, Reaching safepoint: 178850 ns, At safepoint: 19345 ns, Total: 198195 ns
[2020-09-11T16:31:47.257+0000][1][safepoint    ] Safepoint "Cleanup", Time since last: 1000222689 ns, Reaching safepoint: 123252 ns, At safepoint: 8144 ns, Total: 131396 ns
[2020-09-11T16:31:48.257+0000][1][safepoint    ] Safepoint "Cleanup", Time since last: 1000158597 ns, Reaching safepoint: 181126 ns, At safepoint: 20841 ns, Total: 201967 ns
[2020-09-11T16:31:49.258+0000][1][safepoint    ] Safepoint "Cleanup", Time since last: 1000211403 ns, Reaching safepoint: 126780 ns, At safepoint: 8532 ns, Total: 135312 ns
[2020-09-11T16:31:50.258+0000][1][safepoint    ] Safepoint "Cleanup", Time since last: 1000187024 ns, Reaching safepoint: 180808 ns, At safepoint: 20330 ns, Total: 201138 ns
[2020-09-11T16:31:51.259+0000][1][safepoint    ] Safepoint "Cleanup", Time since last: 1000694404 ns, Reaching safepoint: 171634 ns, At safepoint: 19154 ns, Total: 190788 ns
[2020-09-11T16:31:52.260+0000][1][safepoint    ] Safepoint "Cleanup", Time since last: 1000673316 ns, Reaching safepoint: 164461 ns, At safepoint: 17470 ns, Total: 181931 ns
[2020-09-11T16:31:52.373+0000][1][safepoint    ] Safepoint "RevokeBias", Time since last: 112971317 ns, Reaching safepoint: 298789 ns, At safepoint: 55785 ns, Total: 354574 ns
[2020-09-11T16:31:52.375+0000][1][safepoint    ] Safepoint "RevokeBias", Time since last: 1510700 ns, Reaching safepoint: 203868 ns, At safepoint: 44154 ns, Total: 248022 ns
[2020-09-11T16:31:53.375+0000][1][safepoint    ] Safepoint "Cleanup", Time since last: 1000243971 ns, Reaching safepoint: 123835 ns, At safepoint: 10968 ns, Total: 134803 ns
[2020-09-11T16:31:54.376+0000][1][safepoint    ] Safepoint "Cleanup", Time since last: 1000195753 ns, Reaching safepoint: 118395 ns, At safepoint: 8463 ns, Total: 126858 ns
[2020-09-11T16:31:55.376+0000][1][safepoint    ] Safepoint "Cleanup", Time since last: 1000156843 ns, Reaching safepoint: 170534 ns, At safepoint: 22034 ns, Total: 192568 ns
[2020-09-11T16:31:56.376+0000][1][safepoint    ] Safepoint "Cleanup", Time since last: 1000225175 ns, Reaching safepoint: 112781 ns, At safepoint: 8887 ns, Total: 121668 ns
[2020-09-11T16:31:56.575+0000][1][safepoint    ] Safepoint "RevokeBias", Time since last: 198378845 ns, Reaching safepoint: 409309 ns, At safepoint: 55825 ns, Total: 465134 ns
[2020-09-11T16:31:57.575+0000][1][safepoint    ] Safepoint "Cleanup", Time since last: 1000225205 ns, Reaching safepoint: 140262 ns, At safepoint: 8441 ns, Total: 148703 ns
[2020-09-11T16:31:58.576+0000][1][safepoint    ] Safepoint "Cleanup", Time since last: 1000154442 ns, Reaching safepoint: 127767 ns, At safepoint: 8141 ns, Total: 135908 ns
[2020-09-11T16:31:59.576+0000][1][safepoint    ] Safepoint "Cleanup", Time since last: 1000191082 ns, Reaching safepoint: 117686 ns, At safepoint: 8654 ns, Total: 126340 ns
[2020-09-11T16:32:00.576+0000][1][safepoint    ] Safepoint "Cleanup", Time since last: 1000182699 ns, Reaching safepoint: 166024 ns, At safepoint: 19919 ns, Total: 185943 ns
[2020-09-11T16:32:01.577+0000][1][safepoint    ] Safepoint "Cleanup", Time since last: 1000223992 ns, Reaching safepoint: 214806 ns, At safepoint: 19314 ns, Total: 234120 ns
[2020-09-11T16:32:02.391+0000][1][safepoint    ] Safepoint "RevokeBias", Time since last: 814242427 ns, Reaching safepoint: 102025 ns, At safepoint: 25611 ns, Total: 127636 ns
[2020-09-11T16:32:03.392+0000][1][safepoint    ] Safepoint "Cleanup", Time since last: 1000144365 ns, Reaching safepoint: 121937 ns, At safepoint: 7469 ns, Total: 129406 ns
[2020-09-11T16:32:04.392+0000][1][safepoint    ] Safepoint "Cleanup", Time since last: 1000193356 ns, Reaching safepoint: 200203 ns, At safepoint: 22011 ns, Total: 222214 ns
[2020-09-11T16:32:05.392+0000][1][safepoint    ] Safepoint "Cleanup", Time since last: 1000221353 ns, Reaching safepoint: 167034 ns, At safepoint: 19093 ns, Total: 186127 ns
[2020-09-11T16:32:05.507+0000][1][gc,start     ] GC(98) Pause Young (Allocation Failure)
[2020-09-11T16:32:05.507+0000][1][gc,task      ] GC(98) Using 1 workers of 1 for evacuation
[2020-09-11T16:32:05.524+0000][1][gc,age       ] GC(98) Desired survivor size 4358144 bytes, new threshold 6 (max threshold 6)
[2020-09-11T16:32:05.524+0000][1][gc,age       ] GC(98) Age table with threshold 6 (max threshold 6)
[2020-09-11T16:32:05.524+0000][1][gc,age       ] GC(98) - age   1:     438048 bytes,     438048 total
[2020-09-11T16:32:05.524+0000][1][gc,age       ] GC(98) - age   2:      65352 bytes,     503400 total
[2020-09-11T16:32:05.524+0000][1][gc,age       ] GC(98) - age   3:      81232 bytes,     584632 total
[2020-09-11T16:32:05.524+0000][1][gc,age       ] GC(98) - age   4:      22824 bytes,     607456 total
[2020-09-11T16:32:05.524+0000][1][gc,age       ] GC(98) - age   5:      39032 bytes,     646488 total
[2020-09-11T16:32:05.524+0000][1][gc,age       ] GC(98) - age   6:      12904 bytes,     659392 total
[2020-09-11T16:32:05.524+0000][1][gc,heap      ] GC(98) ParNew: 68663K->838K(76672K)
[2020-09-11T16:32:05.524+0000][1][gc,heap      ] GC(98) CMS: 142521K->142546K(2011968K)
[2020-09-11T16:32:05.524+0000][1][gc,metaspace ] GC(98) Metaspace: 93969K->93969K(1136640K)
[2020-09-11T16:32:05.524+0000][1][gc           ] GC(98) Pause Young (Allocation Failure) 206M->140M(2039M) 17.443ms
[2020-09-11T16:32:05.524+0000][1][gc,cpu       ] GC(98) User=0.02s Sys=0.00s Real=0.02s
[2020-09-11T16:32:05.524+0000][1][safepoint    ] Safepoint "GenCollectForAllocation", Time since last: 111161952 ns, Reaching safepoint: 3194312 ns, At safepoint: 17522427 ns, Total: 20716739 ns
[2020-09-11T16:32:06.526+0000][1][safepoint    ] Safepoint "Cleanup", Time since last: 1002113344 ns, Reaching safepoint: 115867 ns, At safepoint: 9978 ns, Total: 125845 ns
[2020-09-11T16:32:07.527+0000][1][safepoint    ] Safepoint "Cleanup", Time since last: 1000202647 ns, Reaching safepoint: 116751 ns, At safepoint: 7302 ns, Total: 124053 ns
[2020-09-11T16:32:08.527+0000][1][safepoint    ] Safepoint "Cleanup", Time since last: 1000181307 ns, Reaching safepoint: 123586 ns, At safepoint: 8297 ns, Total: 131883 ns
[2020-09-11T16:32:09.527+0000][1][safepoint    ] Safepoint "Cleanup", Time since last: 1000182417 ns, Reaching safepoint: 155985 ns, At safepoint: 17664 ns, Total: 173649 ns
[2020-09-11T16:32:10.528+0000][1][safepoint    ] Safepoint "Cleanup", Time since last: 1000447243 ns, Reaching safepoint: 126008 ns, At safepoint: 11728 ns, Total: 137736 ns
[2020-09-11T16:32:11.529+0000][1][safepoint    ] Safepoint "Cleanup", Time since last: 1000565585 ns, Reaching safepoint: 171185 ns, At safepoint: 12505 ns, Total: 183690 ns
[2020-09-11T16:32:13.534+0000][1][safepoint    ] Safepoint "Cleanup", Time since last: 2004012715 ns, Reaching safepoint: 1141549 ns, At safepoint: 13703 ns, Total: 1155252 ns
[2020-09-11T16:32:14.534+0000][1][safepoint    ] Safepoint "Cleanup", Time since last: 1000219792 ns, Reaching safepoint: 108162 ns, At safepoint: 10401 ns, Total: 118563 ns
[2020-09-11T16:32:16.535+0000][1][safepoint    ] Safepoint "Cleanup", Time since last: 2000252264 ns, Reaching safepoint: 149004 ns, At safepoint: 7785 ns, Total: 156789 ns
[2020-09-11T16:32:21.536+0000][1][safepoint    ] Safepoint "Cleanup", Time since last: 5000811346 ns, Reaching safepoint: 201219 ns, At safepoint: 21770 ns, Total: 222989 ns
[2020-09-11T16:32:22.536+0000][1][safepoint    ] Safepoint "Cleanup", Time since last: 1000258845 ns, Reaching safepoint: 135724 ns, At safepoint: 9561 ns, Total: 145285 ns
[2020-09-11T16:32:23.536+0000][1][safepoint    ] Safepoint "Cleanup", Time since last: 1000123375 ns, Reaching safepoint: 83335 ns, At safepoint: 5982 ns, Total: 89317 ns
[2020-09-11T16:32:24.537+0000][1][safepoint    ] Safepoint "Cleanup", Time since last: 1000232723 ns, Reaching safepoint: 106229 ns, At safepoint: 10216 ns, Total: 116445 ns
[2020-09-11T16:32:26.537+0000][1][safepoint    ] Safepoint "Cleanup", Time since last: 2000238309 ns, Reaching safepoint: 110921 ns, At safepoint: 9549 ns, Total: 120470 ns
[2020-09-11T16:32:28.537+0000][1][safepoint    ] Safepoint "Cleanup", Time since last: 2000220411 ns, Reaching safepoint: 125823 ns, At safepoint: 7324 ns, Total: 133147 ns
[2020-09-11T16:32:30.821+0000][1][gc,start     ] GC(99) Pause Young (Allocation Failure)
[2020-09-11T16:32:30.821+0000][1][gc,task      ] GC(99) Using 1 workers of 1 for evacuation
[2020-09-11T16:32:30.836+0000][1][gc,age       ] GC(99) Desired survivor size 4358144 bytes, new threshold 6 (max threshold 6)
[2020-09-11T16:32:30.836+0000][1][gc,age       ] GC(99) Age table with threshold 6 (max threshold 6)
[2020-09-11T16:32:30.836+0000][1][gc,age       ] GC(99) - age   1:     207112 bytes,     207112 total
[2020-09-11T16:32:30.836+0000][1][gc,age       ] GC(99) - age   2:     187328 bytes,     394440 total
[2020-09-11T16:32:30.836+0000][1][gc,age       ] GC(99) - age   3:      34600 bytes,     429040 total
[2020-09-11T16:32:30.836+0000][1][gc,age       ] GC(99) - age   4:      81232 bytes,     510272 total
[2020-09-11T16:32:30.836+0000][1][gc,age       ] GC(99) - age   5:      22824 bytes,     533096 total
[2020-09-11T16:32:30.836+0000][1][gc,age       ] GC(99) - age   6:      39000 bytes,     572096 total
[2020-09-11T16:32:30.836+0000][1][gc,heap      ] GC(99) ParNew: 68998K->587K(76672K)
[2020-09-11T16:32:30.836+0000][1][gc,heap      ] GC(99) CMS: 142546K->142559K(2011968K)
[2020-09-11T16:32:30.836+0000][1][gc,metaspace ] GC(99) Metaspace: 94009K->94009K(1136640K)
[2020-09-11T16:32:30.836+0000][1][gc           ] GC(99) Pause Young (Allocation Failure) 206M->139M(2039M) 14.773ms
[2020-09-11T16:32:30.836+0000][1][gc,cpu       ] GC(99) User=0.02s Sys=0.00s Real=0.01s
[2020-09-11T16:32:30.836+0000][1][safepoint    ] Safepoint "GenCollectForAllocation", Time since last: 2283539042 ns, Reaching safepoint: 217470 ns, At safepoint: 14863623 ns, Total: 15081093 ns
[2020-09-11T16:32:31.840+0000][1][safepoint    ] Safepoint "Cleanup", Time since last: 1003957718 ns, Reaching safepoint: 110934 ns, At safepoint: 7785 ns, Total: 118719 ns
[2020-09-11T16:32:33.841+0000][1][safepoint    ] Safepoint "Cleanup", Time since last: 2000299086 ns, Reaching safepoint: 126470 ns, At safepoint: 7432 ns, Total: 133902 ns
[2020-09-11T16:32:34.841+0000][1][safepoint    ] Safepoint "Cleanup", Time since last: 1000242299 ns, Reaching safepoint: 90599 ns, At safepoint: 5970 ns, Total: 96569 ns
[2020-09-11T16:32:35.841+0000][1][safepoint    ] Safepoint "Cleanup", Time since last: 1000181416 ns, Reaching safepoint: 104896 ns, At safepoint: 7270 ns, Total: 112166 ns
[2020-09-11T16:32:38.842+0000][1][safepoint    ] Safepoint "Cleanup", Time since last: 3000413952 ns, Reaching safepoint: 123692 ns, At safepoint: 6648 ns, Total: 130340 ns
[2020-09-11T16:32:40.842+0000][1][safepoint    ] Safepoint "Cleanup", Time since last: 2000261595 ns, Reaching safepoint: 167247 ns, At safepoint: 17099 ns, Total: 184346 ns
[2020-09-11T16:32:41.842+0000][1][safepoint    ] Safepoint "Cleanup", Time since last: 1000139769 ns, Reaching safepoint: 86826 ns, At safepoint: 7002 ns, Total: 93828 ns
[2020-09-11T16:32:42.843+0000][1][safepoint    ] Safepoint "Cleanup", Time since last: 1000194256 ns, Reaching safepoint: 173351 ns, At safepoint: 20390 ns, Total: 193741 ns
[2020-09-11T16:32:43.843+0000][1][safepoint    ] Safepoint "Cleanup", Time since last: 1000172588 ns, Reaching safepoint: 171644 ns, At safepoint: 18225 ns, Total: 189869 ns
[2020-09-11T16:32:44.843+0000][1][safepoint    ] Safepoint "Cleanup", Time since last: 1000185909 ns, Reaching safepoint: 115759 ns, At safepoint: 6253 ns, Total: 122012 ns
[2020-09-11T16:32:45.844+0000][1][safepoint    ] Safepoint "Cleanup", Time since last: 1000098172 ns, Reaching safepoint: 87310 ns, At safepoint: 7844 ns, Total: 95154 ns
[2020-09-11T16:32:46.844+0000][1][safepoint    ] Safepoint "Cleanup", Time since last: 1000124157 ns, Reaching safepoint: 91666 ns, At safepoint: 7885 ns, Total: 99551 ns
[2020-09-11T16:32:49.845+0000][1][safepoint    ] Safepoint "Cleanup", Time since last: 3000520211 ns, Reaching safepoint: 93367 ns, At safepoint: 7822 ns, Total: 101189 ns
[2020-09-11T16:32:50.845+0000][1][safepoint    ] Safepoint "Cleanup", Time since last: 1000262799 ns, Reaching safepoint: 164757 ns, At safepoint: 7146 ns, Total: 171903 ns
[2020-09-11T16:32:51.845+0000][1][safepoint    ] Safepoint "Cleanup", Time since last: 1000140620 ns, Reaching safepoint: 157231 ns, At safepoint: 18619 ns, Total: 175850 ns
[2020-09-11T16:32:52.845+0000][1][safepoint    ] Safepoint "Cleanup", Time since last: 1000157286 ns, Reaching safepoint: 74520 ns, At safepoint: 6545 ns, Total: 81065 ns
[2020-09-11T16:32:53.846+0000][1][safepoint    ] Safepoint "Cleanup", Time since last: 1000090122 ns, Reaching safepoint: 208097 ns, At safepoint: 9210 ns, Total: 217307 ns
[2020-09-11T16:32:54.358+0000][1][gc,start     ] GC(100) Pause Young (Allocation Failure)
[2020-09-11T16:32:54.358+0000][1][gc,task      ] GC(100) Using 1 workers of 1 for evacuation
[2020-09-11T16:32:54.384+0000][1][gc,age       ] GC(100) Desired survivor size 4358144 bytes, new threshold 6 (max threshold 6)
[2020-09-11T16:32:54.384+0000][1][gc,age       ] GC(100) Age table with threshold 6 (max threshold 6)
[2020-09-11T16:32:54.384+0000][1][gc,age       ] GC(100) - age   1:     350592 bytes,     350592 total
[2020-09-11T16:32:54.384+0000][1][gc,age       ] GC(100) - age   2:      79272 bytes,     429864 total
[2020-09-11T16:32:54.384+0000][1][gc,age       ] GC(100) - age   3:      82360 bytes,     512224 total
[2020-09-11T16:32:54.384+0000][1][gc,age       ] GC(100) - age   4:      31384 bytes,     543608 total
[2020-09-11T16:32:54.384+0000][1][gc,age       ] GC(100) - age   5:      81232 bytes,     624840 total
[2020-09-11T16:32:54.384+0000][1][gc,age       ] GC(100) - age   6:      22824 bytes,     647664 total
[2020-09-11T16:32:54.384+0000][1][gc,heap      ] GC(100) ParNew: 68747K->1131K(76672K)
[2020-09-11T16:32:54.384+0000][1][gc,heap      ] GC(100) CMS: 142559K->142597K(2011968K)
[2020-09-11T16:32:54.384+0000][1][gc,metaspace ] GC(100) Metaspace: 94173K->94173K(1136640K)
[2020-09-11T16:32:54.384+0000][1][gc           ] GC(100) Pause Young (Allocation Failure) 206M->140M(2039M) 26.593ms
[2020-09-11T16:32:54.384+0000][1][gc,cpu       ] GC(100) User=0.02s Sys=0.00s Real=0.03s
[2020-09-11T16:32:54.393+0000][1][safepoint    ] Safepoint "GenCollectForAllocation", Time since last: 511408348 ns, Reaching safepoint: 396129 ns, At safepoint: 34672149 ns, Total: 35068278 ns
[2020-09-11T16:32:55.453+0000][1][safepoint    ] Safepoint "Cleanup", Time since last: 1017981882 ns, Reaching safepoint: 42358503 ns, At safepoint: 19610 ns, Total: 42378113 ns
[2020-09-11T16:32:56.453+0000][1][safepoint    ] Safepoint "Cleanup", Time since last: 1000167980 ns, Reaching safepoint: 120151 ns, At safepoint: 8181 ns, Total: 128332 ns
[2020-09-11T16:32:57.453+0000][1][safepoint    ] Safepoint "Cleanup", Time since last: 1000109413 ns, Reaching safepoint: 83823 ns, At safepoint: 8917 ns, Total: 92740 ns
[2020-09-11T16:32:58.453+0000][1][safepoint    ] Safepoint "Cleanup", Time since last: 1000107894 ns, Reaching safepoint: 78904 ns, At safepoint: 7339 ns, Total: 86243 ns
[2020-09-11T16:32:59.454+0000][1][safepoint    ] Safepoint "Cleanup", Time since last: 1000108383 ns, Reaching safepoint: 88843 ns, At safepoint: 8562 ns, Total: 97405 ns
[2020-09-11T16:33:00.454+0000][1][safepoint    ] Safepoint "Cleanup", Time since last: 1000107755 ns, Reaching safepoint: 82631 ns, At safepoint: 8583 ns, Total: 91214 ns
[2020-09-11T16:33:01.454+0000][1][safepoint    ] Safepoint "Cleanup", Time since last: 1000109414 ns, Reaching safepoint: 89479 ns, At safepoint: 8706 ns, Total: 98185 ns
[2020-09-11T16:33:02.454+0000][1][safepoint    ] Safepoint "Cleanup", Time since last: 1000113120 ns, Reaching safepoint: 87077 ns, At safepoint: 9466 ns, Total: 96543 ns
[2020-09-11T16:33:03.457+0000][1][safepoint    ] Safepoint "Cleanup", Time since last: 1002675611 ns, Reaching safepoint: 255711 ns, At safepoint: 7729 ns, Total: 263440 ns
[2020-09-11T16:33:04.457+0000][1][safepoint    ] Safepoint "Cleanup", Time since last: 1000102847 ns, Reaching safepoint: 85847 ns, At safepoint: 7589 ns, Total: 93436 ns
[2020-09-11T16:33:05.458+0000][1][safepoint    ] Safepoint "Cleanup", Time since last: 1000125886 ns, Reaching safepoint: 87983 ns, At safepoint: 9014 ns, Total: 96997 ns
[2020-09-11T16:33:06.458+0000][1][safepoint    ] Safepoint "Cleanup", Time since last: 1000112993 ns, Reaching safepoint: 85621 ns, At safepoint: 8949 ns, Total: 94570 ns
[2020-09-11T16:33:07.458+0000][1][safepoint    ] Safepoint "Cleanup", Time since last: 1000112709 ns, Reaching safepoint: 85370 ns, At safepoint: 9188 ns, Total: 94558 ns
[2020-09-11T16:33:08.458+0000][1][safepoint    ] Safepoint "Cleanup", Time since last: 1000115991 ns, Reaching safepoint: 88570 ns, At safepoint: 9582 ns, Total: 98152 ns
[2020-09-11T16:33:09.458+0000][1][safepoint    ] Safepoint "Cleanup", Time since last: 1000114713 ns, Reaching safepoint: 84512 ns, At safepoint: 8024 ns, Total: 92536 ns
[2020-09-11T16:33:10.459+0000][1][safepoint    ] Safepoint "Cleanup", Time since last: 1000112736 ns, Reaching safepoint: 83828 ns, At safepoint: 9725 ns, Total: 93553 ns
[2020-09-11T16:33:11.466+0000][1][safepoint    ] Safepoint "Cleanup", Time since last: 1006929174 ns, Reaching safepoint: 163428 ns, At safepoint: 7478 ns, Total: 170906 ns
[2020-09-11T16:33:12.466+0000][1][safepoint    ] Safepoint "Cleanup", Time since last: 1000111242 ns, Reaching safepoint: 93996 ns, At safepoint: 7854 ns, Total: 101850 ns
[2020-09-11T16:33:13.466+0000][1][safepoint    ] Safepoint "Cleanup", Time since last: 1000102198 ns, Reaching safepoint: 78094 ns, At safepoint: 6129 ns, Total: 84223 ns
[2020-09-11T16:33:14.466+0000][1][safepoint    ] Safepoint "Cleanup", Time since last: 1000127372 ns, Reaching safepoint: 91400 ns, At safepoint: 8974 ns, Total: 100374 ns
[2020-09-11T16:33:15.466+0000][1][safepoint    ] Safepoint "Cleanup", Time since last: 1000113975 ns, Reaching safepoint: 89207 ns, At safepoint: 10454 ns, Total: 99661 ns
[2020-09-11T16:33:16.467+0000][1][safepoint    ] Safepoint "Cleanup", Time since last: 1000115900 ns, Reaching safepoint: 89459 ns, At safepoint: 8803 ns, Total: 98262 ns
[2020-09-11T16:33:17.467+0000][1][safepoint    ] Safepoint "Cleanup", Time since last: 1000148707 ns, Reaching safepoint: 93976 ns, At safepoint: 9190 ns, Total: 103166 ns
[2020-09-11T16:33:18.467+0000][1][safepoint    ] Safepoint "Cleanup", Time since last: 1000106936 ns, Reaching safepoint: 85139 ns, At safepoint: 9135 ns, Total: 94274 ns
[2020-09-11T16:33:19.467+0000][1][safepoint    ] Safepoint "Cleanup", Time since last: 1000108927 ns, Reaching safepoint: 88699 ns, At safepoint: 8276 ns, Total: 96975 ns
[2020-09-11T16:33:20.468+0000][1][safepoint    ] Safepoint "Cleanup", Time since last: 1000108783 ns, Reaching safepoint: 90454 ns, At safepoint: 8780 ns, Total: 99234 ns
[2020-09-11T16:33:20.832+0000][1][gc,start     ] GC(101) Pause Young (Allocation Failure)
[2020-09-11T16:33:20.832+0000][1][gc,task      ] GC(101) Using 1 workers of 1 for evacuation
[2020-09-11T16:33:20.865+0000][1][gc,age       ] GC(101) Desired survivor size 4358144 bytes, new threshold 6 (max threshold 6)
[2020-09-11T16:33:20.865+0000][1][gc,age       ] GC(101) Age table with threshold 6 (max threshold 6)
[2020-09-11T16:33:20.865+0000][1][gc,age       ] GC(101) - age   1:     288992 bytes,     288992 total
[2020-09-11T16:33:20.865+0000][1][gc,age       ] GC(101) - age   2:      68216 bytes,     357208 total
[2020-09-11T16:33:20.865+0000][1][gc,age       ] GC(101) - age   3:      33928 bytes,     391136 total
[2020-09-11T16:33:20.865+0000][1][gc,age       ] GC(101) - age   4:      81088 bytes,     472224 total
[2020-09-11T16:33:20.865+0000][1][gc,age       ] GC(101) - age   5:      31112 bytes,     503336 total
[2020-09-11T16:33:20.865+0000][1][gc,age       ] GC(101) - age   6:      81232 bytes,     584568 total
[2020-09-11T16:33:20.865+0000][1][gc,heap      ] GC(101) ParNew: 69291K->757K(76672K)
[2020-09-11T16:33:20.865+0000][1][gc,heap      ] GC(101) CMS: 142597K->142619K(2011968K)
[2020-09-11T16:33:20.865+0000][1][gc,metaspace ] GC(101) Metaspace: 94265K->94265K(1136640K)
[2020-09-11T16:33:20.865+0000][1][gc           ] GC(101) Pause Young (Allocation Failure) 206M->140M(2039M) 33.308ms
[2020-09-11T16:33:20.865+0000][1][gc,cpu       ] GC(101) User=0.02s Sys=0.00s Real=0.04s
[2020-09-11T16:33:20.865+0000][1][safepoint    ] Safepoint "GenCollectForAllocation", Time since last: 364068959 ns, Reaching safepoint: 184939 ns, At safepoint: 33379125 ns, Total: 33564064 ns
[2020-09-11T16:33:21.872+0000][1][safepoint    ] Safepoint "Cleanup", Time since last: 1006652376 ns, Reaching safepoint: 81872 ns, At safepoint: 7700 ns, Total: 89572 ns
[2020-09-11T16:33:22.872+0000][1][safepoint    ] Safepoint "Cleanup", Time since last: 1000116638 ns, Reaching safepoint: 83793 ns, At safepoint: 10680 ns, Total: 94473 ns
[2020-09-11T16:33:23.881+0000][1][safepoint    ] Safepoint "Cleanup", Time since last: 1006863809 ns, Reaching safepoint: 1855644 ns, At safepoint: 8872 ns, Total: 1864516 ns
[2020-09-11T16:33:24.881+0000][1][safepoint    ] Safepoint "Cleanup", Time since last: 1000112303 ns, Reaching safepoint: 91532 ns, At safepoint: 9587 ns, Total: 101119 ns
[2020-09-11T16:33:26.881+0000][1][safepoint    ] Safepoint "Cleanup", Time since last: 2000221866 ns, Reaching safepoint: 91361 ns, At safepoint: 10703 ns, Total: 102064 ns
[2020-09-11T16:33:30.882+0000][1][safepoint    ] Safepoint "Cleanup", Time since last: 4000465128 ns, Reaching safepoint: 107289 ns, At safepoint: 7177 ns, Total: 114466 ns
[2020-09-11T16:33:31.882+0000][1][safepoint    ] Safepoint "Cleanup", Time since last: 1000209391 ns, Reaching safepoint: 77292 ns, At safepoint: 6789 ns, Total: 84081 ns
[2020-09-11T16:33:33.883+0000][1][safepoint    ] Safepoint "Cleanup", Time since last: 2000244061 ns, Reaching safepoint: 85483 ns, At safepoint: 6848 ns, Total: 92331 ns
[2020-09-11T16:33:37.883+0000][1][safepoint    ] Safepoint "Cleanup", Time since last: 4000536262 ns, Reaching safepoint: 146804 ns, At safepoint: 18549 ns, Total: 165353 ns
[2020-09-11T16:33:38.884+0000][1][safepoint    ] Safepoint "Cleanup", Time since last: 1000138569 ns, Reaching safepoint: 85055 ns, At safepoint: 9675 ns, Total: 94730 ns
[2020-09-11T16:33:40.884+0000][1][safepoint    ] Safepoint "Cleanup", Time since last: 2000340089 ns, Reaching safepoint: 155025 ns, At safepoint: 17901 ns, Total: 172926 ns
[2020-09-11T16:33:43.885+0000][1][safepoint    ] Safepoint "Cleanup", Time since last: 3000466339 ns, Reaching safepoint: 85493 ns, At safepoint: 8080 ns, Total: 93573 ns
[2020-09-11T16:33:44.885+0000][1][safepoint    ] Safepoint "Cleanup", Time since last: 1000267969 ns, Reaching safepoint: 77448 ns, At safepoint: 7009 ns, Total: 84457 ns
[2020-09-11T16:33:45.885+0000][1][safepoint    ] Safepoint "Cleanup", Time since last: 1000181795 ns, Reaching safepoint: 170365 ns, At safepoint: 18743 ns, Total: 189108 ns
[2020-09-11T16:33:48.739+0000][1][gc,start     ] GC(102) Pause Young (Allocation Failure)
[2020-09-11T16:33:48.740+0000][1][gc,task      ] GC(102) Using 1 workers of 1 for evacuation
[2020-09-11T16:33:48.762+0000][1][gc,age       ] GC(102) Desired survivor size 4358144 bytes, new threshold 6 (max threshold 6)
[2020-09-11T16:33:48.762+0000][1][gc,age       ] GC(102) Age table with threshold 6 (max threshold 6)
[2020-09-11T16:33:48.762+0000][1][gc,age       ] GC(102) - age   1:     278352 bytes,     278352 total
[2020-09-11T16:33:48.762+0000][1][gc,age       ] GC(102) - age   2:     153304 bytes,     431656 total
[2020-09-11T16:33:48.762+0000][1][gc,age       ] GC(102) - age   3:      15352 bytes,     447008 total
[2020-09-11T16:33:48.762+0000][1][gc,age       ] GC(102) - age   4:       9664 bytes,     456672 total
[2020-09-11T16:33:48.762+0000][1][gc,age       ] GC(102) - age   5:      80312 bytes,     536984 total
[2020-09-11T16:33:48.762+0000][1][gc,age       ] GC(102) - age   6:      30856 bytes,     567840 total
[2020-09-11T16:33:48.762+0000][1][gc,heap      ] GC(102) ParNew: 68917K->1045K(76672K)
[2020-09-11T16:33:48.762+0000][1][gc,heap      ] GC(102) CMS: 142619K->142694K(2011968K)
[2020-09-11T16:33:48.762+0000][1][gc,metaspace ] GC(102) Metaspace: 94311K->94311K(1136640K)
[2020-09-11T16:33:48.762+0000][1][gc           ] GC(102) Pause Young (Allocation Failure) 206M->140M(2039M) 22.477ms
[2020-09-11T16:33:48.762+0000][1][gc,cpu       ] GC(102) User=0.03s Sys=0.00s Real=0.03s
[2020-09-11T16:33:48.771+0000][1][safepoint    ] Safepoint "GenCollectForAllocation", Time since last: 2853904647 ns, Reaching safepoint: 145280 ns, At safepoint: 31184615 ns, Total: 31329895 ns
[2020-09-11T16:33:49.771+0000][1][safepoint    ] Safepoint "Cleanup", Time since last: 1000382119 ns, Reaching safepoint: 75922 ns, At safepoint: 15715 ns, Total: 91637 ns
[2020-09-11T16:33:50.771+0000][1][safepoint    ] Safepoint "Cleanup", Time since last: 1000157754 ns, Reaching safepoint: 102910 ns, At safepoint: 8943 ns, Total: 111853 ns
[2020-09-11T16:33:51.772+0000][1][safepoint    ] Safepoint "Cleanup", Time since last: 1000137719 ns, Reaching safepoint: 271126 ns, At safepoint: 20133 ns, Total: 291259 ns
[2020-09-11T16:33:53.775+0000][1][safepoint    ] Safepoint "Cleanup", Time since last: 2002636525 ns, Reaching safepoint: 259413 ns, At safepoint: 8856 ns, Total: 268269 ns
[2020-09-11T16:34:01.776+0000][1][safepoint    ] Safepoint "Cleanup", Time since last: 8001051221 ns, Reaching safepoint: 116572 ns, At safepoint: 8264 ns, Total: 124836 ns
[2020-09-11T16:34:03.776+0000][1][safepoint    ] Safepoint "Cleanup", Time since last: 2000315913 ns, Reaching safepoint: 160629 ns, At safepoint: 37222 ns, Total: 197851 ns
[2020-09-11T16:34:05.777+0000][1][safepoint    ] Safepoint "Cleanup", Time since last: 2000395195 ns, Reaching safepoint: 154531 ns, At safepoint: 18352 ns, Total: 172883 ns
[2020-09-11T16:34:09.778+0000][1][safepoint    ] Safepoint "Cleanup", Time since last: 4000567514 ns, Reaching safepoint: 150665 ns, At safepoint: 17577 ns, Total: 168242 ns
[2020-09-11T16:34:10.778+0000][1][safepoint    ] Safepoint "Cleanup", Time since last: 1000148671 ns, Reaching safepoint: 86408 ns, At safepoint: 9157 ns, Total: 95565 ns
[2020-09-11T16:34:11.778+0000][1][safepoint    ] Safepoint "Cleanup", Time since last: 1000114152 ns, Reaching safepoint: 89613 ns, At safepoint: 8022 ns, Total: 97635 ns
[2020-09-11T16:34:12.778+0000][1][safepoint    ] Safepoint "Cleanup", Time since last: 1000135728 ns, Reaching safepoint: 79074 ns, At safepoint: 7473 ns, Total: 86547 ns
[2020-09-11T16:34:13.449+0000][1][gc,start     ] GC(103) Pause Young (Allocation Failure)
[2020-09-11T16:34:13.449+0000][1][gc,task      ] GC(103) Using 1 workers of 1 for evacuation
[2020-09-11T16:34:13.484+0000][1][gc,age       ] GC(103) Desired survivor size 4358144 bytes, new threshold 6 (max threshold 6)
[2020-09-11T16:34:13.484+0000][1][gc,age       ] GC(103) Age table with threshold 6 (max threshold 6)
[2020-09-11T16:34:13.484+0000][1][gc,age       ] GC(103) - age   1:     293144 bytes,     293144 total
[2020-09-11T16:34:13.484+0000][1][gc,age       ] GC(103) - age   2:     180632 bytes,     473776 total
[2020-09-11T16:34:13.484+0000][1][gc,age       ] GC(103) - age   3:      11448 bytes,     485224 total
[2020-09-11T16:34:13.484+0000][1][gc,age       ] GC(103) - age   4:      12840 bytes,     498064 total
[2020-09-11T16:34:13.484+0000][1][gc,age       ] GC(103) - age   5:       9664 bytes,     507728 total
[2020-09-11T16:34:13.484+0000][1][gc,age       ] GC(103) - age   6:      80312 bytes,     588040 total
[2020-09-11T16:34:13.484+0000][1][gc,heap      ] GC(103) ParNew: 69205K->677K(76672K)
[2020-09-11T16:34:13.484+0000][1][gc,heap      ] GC(103) CMS: 142694K->142724K(2011968K)
[2020-09-11T16:34:13.484+0000][1][gc,metaspace ] GC(103) Metaspace: 94332K->94332K(1136640K)
[2020-09-11T16:34:13.484+0000][1][gc           ] GC(103) Pause Young (Allocation Failure) 206M->140M(2039M) 35.372ms
[2020-09-11T16:34:13.484+0000][1][gc,cpu       ] GC(103) User=0.01s Sys=0.00s Real=0.04s
[2020-09-11T16:34:13.484+0000][1][safepoint    ] Safepoint "GenCollectForAllocation", Time since last: 668621593 ns, Reaching safepoint: 1900317 ns, At safepoint: 35489703 ns, Total: 37390020 ns
[2020-09-11T16:34:14.497+0000][1][safepoint    ] Safepoint "Cleanup", Time since last: 1012502668 ns, Reaching safepoint: 97456 ns, At safepoint: 8113 ns, Total: 105569 ns
[2020-09-11T16:34:15.497+0000][1][safepoint    ] Safepoint "Cleanup", Time since last: 1000121083 ns, Reaching safepoint: 87993 ns, At safepoint: 9522 ns, Total: 97515 ns
[2020-09-11T16:34:16.498+0000][1][safepoint    ] Safepoint "Cleanup", Time since last: 1000110485 ns, Reaching safepoint: 219713 ns, At safepoint: 11894 ns, Total: 231607 ns
[2020-09-11T16:34:17.498+0000][1][safepoint    ] Safepoint "Cleanup", Time since last: 1000115832 ns, Reaching safepoint: 89152 ns, At safepoint: 9424 ns, Total: 98576 ns
[2020-09-11T16:34:18.498+0000][1][safepoint    ] Safepoint "Cleanup", Time since last: 1000112101 ns, Reaching safepoint: 84763 ns, At safepoint: 10094 ns, Total: 94857 ns
[2020-09-11T16:34:19.498+0000][1][safepoint    ] Safepoint "Cleanup", Time since last: 1000139325 ns, Reaching safepoint: 158621 ns, At safepoint: 20483 ns, Total: 179104 ns
[2020-09-11T16:34:20.499+0000][1][safepoint    ] Safepoint "Cleanup", Time since last: 1000160474 ns, Reaching safepoint: 187283 ns, At safepoint: 17885 ns, Total: 205168 ns
[2020-09-11T16:34:21.499+0000][1][safepoint    ] Safepoint "Cleanup", Time since last: 1000197522 ns, Reaching safepoint: 164824 ns, At safepoint: 18336 ns, Total: 183160 ns
[2020-09-11T16:34:22.681+0000][1][safepoint    ] Safepoint "Cleanup", Time since last: 1181767134 ns, Reaching safepoint: 259297 ns, At safepoint: 8287 ns, Total: 267584 ns
[2020-09-11T16:34:23.681+0000][1][safepoint    ] Safepoint "Cleanup", Time since last: 1000203887 ns, Reaching safepoint: 132473 ns, At safepoint: 8250 ns, Total: 140723 ns
[2020-09-11T16:34:24.682+0000][1][safepoint    ] Safepoint "Cleanup", Time since last: 1000243911 ns, Reaching safepoint: 98907 ns, At safepoint: 8758 ns, Total: 107665 ns
[2020-09-11T16:34:25.682+0000][1][safepoint    ] Safepoint "Cleanup", Time since last: 1000203483 ns, Reaching safepoint: 99665 ns, At safepoint: 8308 ns, Total: 107973 ns
[2020-09-11T16:34:26.682+0000][1][safepoint    ] Safepoint "Cleanup", Time since last: 1000205955 ns, Reaching safepoint: 101627 ns, At safepoint: 8028 ns, Total: 109655 ns
[2020-09-11T16:34:27.683+0000][1][safepoint    ] Safepoint "Cleanup", Time since last: 1000173113 ns, Reaching safepoint: 158601 ns, At safepoint: 19802 ns, Total: 178403 ns
[2020-09-11T16:34:28.683+0000][1][safepoint    ] Safepoint "Cleanup", Time since last: 1000183269 ns, Reaching safepoint: 177086 ns, At safepoint: 17423 ns, Total: 194509 ns
[2020-09-11T16:34:29.683+0000][1][safepoint    ] Safepoint "Cleanup", Time since last: 1000128390 ns, Reaching safepoint: 88099 ns, At safepoint: 8615 ns, Total: 96714 ns
[2020-09-11T16:34:30.684+0000][1][safepoint    ] Safepoint "Cleanup", Time since last: 1000112905 ns, Reaching safepoint: 74583 ns, At safepoint: 7333 ns, Total: 81916 ns
[2020-09-11T16:34:31.684+0000][1][safepoint    ] Safepoint "Cleanup", Time since last: 1000106414 ns, Reaching safepoint: 87424 ns, At safepoint: 8394 ns, Total: 95818 ns
[2020-09-11T16:34:32.684+0000][1][safepoint    ] Safepoint "Cleanup", Time since last: 1000125742 ns, Reaching safepoint: 80229 ns, At safepoint: 7720 ns, Total: 87949 ns
[2020-09-11T16:34:33.685+0000][1][safepoint    ] Safepoint "Cleanup", Time since last: 1000554027 ns, Reaching safepoint: 157344 ns, At safepoint: 19050 ns, Total: 176394 ns
[2020-09-11T16:34:34.685+0000][1][safepoint    ] Safepoint "Cleanup", Time since last: 1000213485 ns, Reaching safepoint: 121807 ns, At safepoint: 9737 ns, Total: 131544 ns
[2020-09-11T16:34:35.685+0000][1][safepoint    ] Safepoint "Cleanup", Time since last: 1000174376 ns, Reaching safepoint: 152336 ns, At safepoint: 18733 ns, Total: 171069 ns
[2020-09-11T16:34:36.686+0000][1][safepoint    ] Safepoint "Cleanup", Time since last: 1000214076 ns, Reaching safepoint: 95073 ns, At safepoint: 9159 ns, Total: 104232 ns
[2020-09-11T16:34:37.686+0000][1][safepoint    ] Safepoint "Cleanup", Time since last: 1000103199 ns, Reaching safepoint: 87047 ns, At safepoint: 9690 ns, Total: 96737 ns
[2020-09-11T16:34:38.686+0000][1][safepoint    ] Safepoint "Cleanup", Time since last: 1000104796 ns, Reaching safepoint: 85735 ns, At safepoint: 10052 ns, Total: 95787 ns
[2020-09-11T16:34:39.686+0000][1][safepoint    ] Safepoint "Cleanup", Time since last: 1000166957 ns, Reaching safepoint: 165119 ns, At safepoint: 21867 ns, Total: 186986 ns
[2020-09-11T16:34:41.687+0000][1][safepoint    ] Safepoint "Cleanup", Time since last: 2000301109 ns, Reaching safepoint: 110996 ns, At safepoint: 8814 ns, Total: 119810 ns
[2020-09-11T16:34:42.687+0000][1][safepoint    ] Safepoint "Cleanup", Time since last: 1000179245 ns, Reaching safepoint: 167431 ns, At safepoint: 22395 ns, Total: 189826 ns
[2020-09-11T16:34:43.429+0000][1][gc,start     ] GC(104) Pause Young (Allocation Failure)
[2020-09-11T16:34:43.429+0000][1][gc,task      ] GC(104) Using 1 workers of 1 for evacuation
[2020-09-11T16:34:43.458+0000][1][gc,age       ] GC(104) Desired survivor size 4358144 bytes, new threshold 6 (max threshold 6)
[2020-09-11T16:34:43.458+0000][1][gc,age       ] GC(104) Age table with threshold 6 (max threshold 6)
[2020-09-11T16:34:43.458+0000][1][gc,age       ] GC(104) - age   1:     359760 bytes,     359760 total
[2020-09-11T16:34:43.458+0000][1][gc,age       ] GC(104) - age   2:      63728 bytes,     423488 total
[2020-09-11T16:34:43.458+0000][1][gc,age       ] GC(104) - age   3:      93544 bytes,     517032 total
[2020-09-11T16:34:43.458+0000][1][gc,age       ] GC(104) - age   4:      11352 bytes,     528384 total
[2020-09-11T16:34:43.458+0000][1][gc,age       ] GC(104) - age   5:      12776 bytes,     541160 total
[2020-09-11T16:34:43.458+0000][1][gc,age       ] GC(104) - age   6:       9664 bytes,     550824 total
[2020-09-11T16:34:43.458+0000][1][gc,heap      ] GC(104) ParNew: 68837K->1030K(76672K)
[2020-09-11T16:34:43.458+0000][1][gc,heap      ] GC(104) CMS: 142724K->142803K(2011968K)
[2020-09-11T16:34:43.458+0000][1][gc,metaspace ] GC(104) Metaspace: 94407K->94407K(1136640K)
[2020-09-11T16:34:43.458+0000][1][gc           ] GC(104) Pause Young (Allocation Failure) 206M->140M(2039M) 29.467ms
[2020-09-11T16:34:43.458+0000][1][gc,cpu       ] GC(104) User=0.01s Sys=0.00s Real=0.03s
[2020-09-11T16:34:43.458+0000][1][safepoint    ] Safepoint "GenCollectForAllocation", Time since last: 740019151 ns, Reaching safepoint: 1603190 ns, At safepoint: 29633354 ns, Total: 31236544 ns
[2020-09-11T16:34:44.473+0000][1][safepoint    ] Safepoint "Cleanup", Time since last: 1014355422 ns, Reaching safepoint: 165864 ns, At safepoint: 20510 ns, Total: 186374 ns
[2020-09-11T16:34:45.473+0000][1][safepoint    ] Safepoint "Cleanup", Time since last: 1000191824 ns, Reaching safepoint: 127053 ns, At safepoint: 7336 ns, Total: 134389 ns
[2020-09-11T16:34:48.474+0000][1][safepoint    ] Safepoint "Cleanup", Time since last: 3000428585 ns, Reaching safepoint: 154364 ns, At safepoint: 18683 ns, Total: 173047 ns
[2020-09-11T16:34:51.474+0000][1][safepoint    ] Safepoint "Cleanup", Time since last: 3000349817 ns, Reaching safepoint: 159787 ns, At safepoint: 19404 ns, Total: 179191 ns
[2020-09-11T16:34:53.475+0000][1][safepoint    ] Safepoint "Cleanup", Time since last: 2000215016 ns, Reaching safepoint: 85364 ns, At safepoint: 5894 ns, Total: 91258 ns
[2020-09-11T16:34:54.475+0000][1][safepoint    ] Safepoint "Cleanup", Time since last: 1000168650 ns, Reaching safepoint: 125386 ns, At safepoint: 13628 ns, Total: 139014 ns
[2020-09-11T16:34:55.475+0000][1][safepoint    ] Safepoint "Cleanup", Time since last: 1000197102 ns, Reaching safepoint: 156924 ns, At safepoint: 18526 ns, Total: 175450 ns
[2020-09-11T16:34:56.476+0000][1][safepoint    ] Safepoint "Cleanup", Time since last: 1000224426 ns, Reaching safepoint: 101940 ns, At safepoint: 8331 ns, Total: 110271 ns
[2020-09-11T16:34:59.476+0000][1][safepoint    ] Safepoint "Cleanup", Time since last: 3000257073 ns, Reaching safepoint: 89420 ns, At safepoint: 9141 ns, Total: 98561 ns
[2020-09-11T16:35:01.477+0000][1][safepoint    ] Safepoint "Cleanup", Time since last: 2000273869 ns, Reaching safepoint: 144742 ns, At safepoint: 18272 ns, Total: 163014 ns
[2020-09-11T16:35:02.477+0000][1][safepoint    ] Safepoint "Cleanup", Time since last: 1000249893 ns, Reaching safepoint: 99705 ns, At safepoint: 8610 ns, Total: 108315 ns
[2020-09-11T16:35:04.477+0000][1][safepoint    ] Safepoint "Cleanup", Time since last: 2000197834 ns, Reaching safepoint: 161707 ns, At safepoint: 19388 ns, Total: 181095 ns
[2020-09-11T16:35:05.478+0000][1][safepoint    ] Safepoint "Cleanup", Time since last: 1000145321 ns, Reaching safepoint: 154518 ns, At safepoint: 17363 ns, Total: 171881 ns
[2020-09-11T16:35:07.478+0000][1][safepoint    ] Safepoint "Cleanup", Time since last: 2000361770 ns, Reaching safepoint: 154100 ns, At safepoint: 18953 ns, Total: 173053 ns
[2020-09-11T16:35:08.459+0000][1][gc,start     ] GC(105) Pause Young (Allocation Failure)
[2020-09-11T16:35:08.459+0000][1][gc,task      ] GC(105) Using 1 workers of 1 for evacuation
[2020-09-11T16:35:08.475+0000][1][gc,age       ] GC(105) Desired survivor size 4358144 bytes, new threshold 6 (max threshold 6)
[2020-09-11T16:35:08.475+0000][1][gc,age       ] GC(105) Age table with threshold 6 (max threshold 6)
[2020-09-11T16:35:08.475+0000][1][gc,age       ] GC(105) - age   1:     180808 bytes,     180808 total
[2020-09-11T16:35:08.475+0000][1][gc,age       ] GC(105) - age   2:     245440 bytes,     426248 total
[2020-09-11T16:35:08.475+0000][1][gc,age       ] GC(105) - age   3:       8112 bytes,     434360 total
[2020-09-11T16:35:08.475+0000][1][gc,age       ] GC(105) - age   4:      89160 bytes,     523520 total
[2020-09-11T16:35:08.475+0000][1][gc,age       ] GC(105) - age   5:      11352 bytes,     534872 total
[2020-09-11T16:35:08.475+0000][1][gc,age       ] GC(105) - age   6:      12744 bytes,     547616 total
[2020-09-11T16:35:08.475+0000][1][gc,heap      ] GC(105) ParNew: 69190K->661K(76672K)
[2020-09-11T16:35:08.475+0000][1][gc,heap      ] GC(105) CMS: 142803K->142812K(2011968K)
[2020-09-11T16:35:08.475+0000][1][gc,metaspace ] GC(105) Metaspace: 94424K->94424K(1136640K)
[2020-09-11T16:35:08.475+0000][1][gc           ] GC(105) Pause Young (Allocation Failure) 207M->140M(2039M) 16.540ms
[2020-09-11T16:35:08.475+0000][1][gc,cpu       ] GC(105) User=0.02s Sys=0.00s Real=0.02s
[2020-09-11T16:35:08.475+0000][1][safepoint    ] Safepoint "GenCollectForAllocation", Time since last: 980214008 ns, Reaching safepoint: 255710 ns, At safepoint: 16707023 ns, Total: 16962733 ns
[2020-09-11T16:35:11.476+0000][1][safepoint    ] Safepoint "Cleanup", Time since last: 3000483176 ns, Reaching safepoint: 162376 ns, At safepoint: 21329 ns, Total: 183705 ns
[2020-09-11T16:35:12.476+0000][1][safepoint    ] Safepoint "Cleanup", Time since last: 1000220098 ns, Reaching safepoint: 184467 ns, At safepoint: 16337 ns, Total: 200804 ns
[2020-09-11T16:35:13.477+0000][1][safepoint    ] Safepoint "Cleanup", Time since last: 1000156393 ns, Reaching safepoint: 77785 ns, At safepoint: 6990 ns, Total: 84775 ns
[2020-09-11T16:35:14.477+0000][1][safepoint    ] Safepoint "Cleanup", Time since last: 1000116284 ns, Reaching safepoint: 198946 ns, At safepoint: 15158 ns, Total: 214104 ns
[2020-09-11T16:35:15.477+0000][1][safepoint    ] Safepoint "Cleanup", Time since last: 1000226795 ns, Reaching safepoint: 181336 ns, At safepoint: 16401 ns, Total: 197737 ns
[2020-09-11T16:35:16.478+0000][1][safepoint    ] Safepoint "Cleanup", Time since last: 1000216648 ns, Reaching safepoint: 113918 ns, At safepoint: 7795 ns, Total: 121713 ns
[2020-09-11T16:35:17.478+0000][1][safepoint    ] Safepoint "Cleanup", Time since last: 1000114150 ns, Reaching safepoint: 97344 ns, At safepoint: 7825 ns, Total: 105169 ns
[2020-09-11T16:35:18.478+0000][1][safepoint    ] Safepoint "Cleanup", Time since last: 1000128929 ns, Reaching safepoint: 212033 ns, At safepoint: 16488 ns, Total: 228521 ns
[2020-09-11T16:35:19.479+0000][1][safepoint    ] Safepoint "Cleanup", Time since last: 1000159240 ns, Reaching safepoint: 82052 ns, At safepoint: 7655 ns, Total: 89707 ns
[2020-09-11T16:35:20.479+0000][1][safepoint    ] Safepoint "Cleanup", Time since last: 1000199320 ns, Reaching safepoint: 147712 ns, At safepoint: 18883 ns, Total: 166595 ns
[2020-09-11T16:35:21.522+0000][1][safepoint    ] Safepoint "Cleanup", Time since last: 1043058146 ns, Reaching safepoint: 137705 ns, At safepoint: 18737 ns, Total: 156442 ns
[2020-09-11T16:35:22.522+0000][1][safepoint    ] Safepoint "Cleanup", Time since last: 1000160508 ns, Reaching safepoint: 83532 ns, At safepoint: 9845 ns, Total: 93377 ns
[2020-09-11T16:35:23.523+0000][1][safepoint    ] Safepoint "Cleanup", Time since last: 1000118728 ns, Reaching safepoint: 74569 ns, At safepoint: 6411 ns, Total: 80980 ns
[2020-09-11T16:35:24.523+0000][1][safepoint    ] Safepoint "Cleanup", Time since last: 1000136661 ns, Reaching safepoint: 130212 ns, At safepoint: 9587 ns, Total: 139799 ns
[2020-09-11T16:35:25.523+0000][1][safepoint    ] Safepoint "Cleanup", Time since last: 1000186226 ns, Reaching safepoint: 143469 ns, At safepoint: 18242 ns, Total: 161711 ns
[2020-09-11T16:35:26.524+0000][1][safepoint    ] Safepoint "Cleanup", Time since last: 1000215732 ns, Reaching safepoint: 147860 ns, At safepoint: 18552 ns, Total: 166412 ns
[2020-09-11T16:35:27.524+0000][1][safepoint    ] Safepoint "Cleanup", Time since last: 1000158906 ns, Reaching safepoint: 73161 ns, At safepoint: 6682 ns, Total: 79843 ns
[2020-09-11T16:35:28.524+0000][1][safepoint    ] Safepoint "Cleanup", Time since last: 1000175895 ns, Reaching safepoint: 151281 ns, At safepoint: 18098 ns, Total: 169379 ns
[2020-09-11T16:35:29.524+0000][1][safepoint    ] Safepoint "Cleanup", Time since last: 1000154348 ns, Reaching safepoint: 85112 ns, At safepoint: 8021 ns, Total: 93133 ns
[2020-09-11T16:35:30.525+0000][1][safepoint    ] Safepoint "Cleanup", Time since last: 1000184525 ns, Reaching safepoint: 196324 ns, At safepoint: 16801 ns, Total: 213125 ns
[2020-09-11T16:35:30.808+0000][1][gc,start     ] GC(106) Pause Young (Allocation Failure)
[2020-09-11T16:35:30.808+0000][1][gc,task      ] GC(106) Using 1 workers of 1 for evacuation
[2020-09-11T16:35:30.831+0000][1][gc,age       ] GC(106) Desired survivor size 4358144 bytes, new threshold 6 (max threshold 6)
[2020-09-11T16:35:30.831+0000][1][gc,age       ] GC(106) Age table with threshold 6 (max threshold 6)
[2020-09-11T16:35:30.831+0000][1][gc,age       ] GC(106) - age   1:     306248 bytes,     306248 total
[2020-09-11T16:35:30.831+0000][1][gc,age       ] GC(106) - age   2:     115040 bytes,     421288 total
[2020-09-11T16:35:30.831+0000][1][gc,age       ] GC(106) - age   3:      43432 bytes,     464720 total
[2020-09-11T16:35:30.831+0000][1][gc,age       ] GC(106) - age   4:       8112 bytes,     472832 total
[2020-09-11T16:35:30.831+0000][1][gc,age       ] GC(106) - age   5:      89128 bytes,     561960 total
[2020-09-11T16:35:30.831+0000][1][gc,age       ] GC(106) - age   6:      11352 bytes,     573312 total
[2020-09-11T16:35:30.831+0000][1][gc,heap      ] GC(106) ParNew: 68821K->967K(76672K)
[2020-09-11T16:35:30.831+0000][1][gc,heap      ] GC(106) CMS: 142812K->142825K(2011968K)
[2020-09-11T16:35:30.831+0000][1][gc,metaspace ] GC(106) Metaspace: 94458K->94458K(1136640K)
[2020-09-11T16:35:30.831+0000][1][gc           ] GC(106) Pause Young (Allocation Failure) 206M->140M(2039M) 22.977ms
[2020-09-11T16:35:30.831+0000][1][gc,cpu       ] GC(106) User=0.02s Sys=0.00s Real=0.02s
[2020-09-11T16:35:30.841+0000][1][safepoint    ] Safepoint "GenCollectForAllocation", Time since last: 283201919 ns, Reaching safepoint: 150047 ns, At safepoint: 33013293 ns, Total: 33163340 ns
[2020-09-11T16:35:31.842+0000][1][safepoint    ] Safepoint "Cleanup", Time since last: 1000204888 ns, Reaching safepoint: 114702 ns, At safepoint: 21995 ns, Total: 136697 ns
[2020-09-11T16:35:32.842+0000][1][safepoint    ] Safepoint "Cleanup", Time since last: 1000155548 ns, Reaching safepoint: 125870 ns, At safepoint: 6393 ns, Total: 132263 ns
[2020-09-11T16:35:33.842+0000][1][safepoint    ] Safepoint "Cleanup", Time since last: 1000176914 ns, Reaching safepoint: 173845 ns, At safepoint: 19298 ns, Total: 193143 ns
[2020-09-11T16:35:34.842+0000][1][safepoint    ] Safepoint "Cleanup", Time since last: 1000153427 ns, Reaching safepoint: 87753 ns, At safepoint: 9248 ns, Total: 97001 ns
[2020-09-11T16:35:35.843+0000][1][safepoint    ] Safepoint "Cleanup", Time since last: 1000113784 ns, Reaching safepoint: 131859 ns, At safepoint: 6671 ns, Total: 138530 ns
[2020-09-11T16:35:36.843+0000][1][safepoint    ] Safepoint "Cleanup", Time since last: 1000140676 ns, Reaching safepoint: 126728 ns, At safepoint: 6036 ns, Total: 132764 ns
[2020-09-11T16:35:37.843+0000][1][safepoint    ] Safepoint "Cleanup", Time since last: 1000171826 ns, Reaching safepoint: 147869 ns, At safepoint: 19091 ns, Total: 166960 ns
[2020-09-11T16:35:38.844+0000][1][safepoint    ] Safepoint "Cleanup", Time since last: 1000176585 ns, Reaching safepoint: 191499 ns, At safepoint: 16949 ns, Total: 208448 ns
[2020-09-11T16:35:39.844+0000][1][safepoint    ] Safepoint "Cleanup", Time since last: 1000228078 ns, Reaching safepoint: 123522 ns, At safepoint: 8080 ns, Total: 131602 ns
[2020-09-11T16:35:40.844+0000][1][safepoint    ] Safepoint "Cleanup", Time since last: 1000112938 ns, Reaching safepoint: 250810 ns, At safepoint: 9282 ns, Total: 260092 ns
[2020-09-11T16:35:41.845+0000][1][safepoint    ] Safepoint "Cleanup", Time since last: 1000197141 ns, Reaching safepoint: 116066 ns, At safepoint: 7223 ns, Total: 123289 ns
[2020-09-11T16:35:42.845+0000][1][safepoint    ] Safepoint "Cleanup", Time since last: 1000188513 ns, Reaching safepoint: 107765 ns, At safepoint: 7267 ns, Total: 115032 ns
[2020-09-11T16:35:43.845+0000][1][safepoint    ] Safepoint "Cleanup", Time since last: 1000115599 ns, Reaching safepoint: 92872 ns, At safepoint: 5953 ns, Total: 98825 ns
[2020-09-11T16:35:44.846+0000][1][safepoint    ] Safepoint "Cleanup", Time since last: 1000218433 ns, Reaching safepoint: 152243 ns, At safepoint: 19043 ns, Total: 171286 ns
[2020-09-11T16:35:45.846+0000][1][safepoint    ] Safepoint "Cleanup", Time since last: 1000197668 ns, Reaching safepoint: 166239 ns, At safepoint: 15134 ns, Total: 181373 ns
[2020-09-11T16:35:46.846+0000][1][safepoint    ] Safepoint "Cleanup", Time since last: 1000227872 ns, Reaching safepoint: 95520 ns, At safepoint: 6284 ns, Total: 101804 ns
[2020-09-11T16:35:47.847+0000][1][safepoint    ] Safepoint "Cleanup", Time since last: 1000130470 ns, Reaching safepoint: 123311 ns, At safepoint: 9137 ns, Total: 132448 ns
[2020-09-11T16:35:48.847+0000][1][safepoint    ] Safepoint "Cleanup", Time since last: 1000170565 ns, Reaching safepoint: 103201 ns, At safepoint: 6484 ns, Total: 109685 ns
[2020-09-11T16:35:49.847+0000][1][safepoint    ] Safepoint "Cleanup", Time since last: 1000169496 ns, Reaching safepoint: 112468 ns, At safepoint: 6447 ns, Total: 118915 ns
[2020-09-11T16:35:50.848+0000][1][safepoint    ] Safepoint "Cleanup", Time since last: 1000110668 ns, Reaching safepoint: 353470 ns, At safepoint: 9331 ns, Total: 362801 ns
[2020-09-11T16:35:51.524+0000][1][gc,start     ] GC(107) Pause Young (Allocation Failure)
[2020-09-11T16:35:51.524+0000][1][gc,task      ] GC(107) Using 1 workers of 1 for evacuation
[2020-09-11T16:35:51.544+0000][1][gc,age       ] GC(107) Desired survivor size 4358144 bytes, new threshold 6 (max threshold 6)
[2020-09-11T16:35:51.544+0000][1][gc,age       ] GC(107) Age table with threshold 6 (max threshold 6)
[2020-09-11T16:35:51.544+0000][1][gc,age       ] GC(107) - age   1:     171160 bytes,     171160 total
[2020-09-11T16:35:51.544+0000][1][gc,age       ] GC(107) - age   2:     243224 bytes,     414384 total
[2020-09-11T16:35:51.544+0000][1][gc,age       ] GC(107) - age   3:      73992 bytes,     488376 total
[2020-09-11T16:35:51.544+0000][1][gc,age       ] GC(107) - age   4:      11536 bytes,     499912 total
[2020-09-11T16:35:51.544+0000][1][gc,age       ] GC(107) - age   5:       8112 bytes,     508024 total
[2020-09-11T16:35:51.544+0000][1][gc,age       ] GC(107) - age   6:      89128 bytes,     597152 total
[2020-09-11T16:35:51.544+0000][1][gc,heap      ] GC(107) ParNew: 69127K->661K(76672K)
[2020-09-11T16:35:51.544+0000][1][gc,heap      ] GC(107) CMS: 142825K->142836K(2011968K)
[2020-09-11T16:35:51.544+0000][1][gc,metaspace ] GC(107) Metaspace: 94485K->94485K(1136640K)
[2020-09-11T16:35:51.544+0000][1][gc           ] GC(107) Pause Young (Allocation Failure) 206M->140M(2039M) 20.422ms
[2020-09-11T16:35:51.544+0000][1][gc,cpu       ] GC(107) User=0.02s Sys=0.00s Real=0.02s
[2020-09-11T16:35:51.544+0000][1][safepoint    ] Safepoint "GenCollectForAllocation", Time since last: 675624260 ns, Reaching safepoint: 307929 ns, At safepoint: 20493393 ns, Total: 20801322 ns
[2020-09-11T16:35:52.548+0000][1][safepoint    ] Safepoint "Cleanup", Time since last: 1003732713 ns, Reaching safepoint: 114759 ns, At safepoint: 10608 ns, Total: 125367 ns
[2020-09-11T16:35:53.548+0000][1][safepoint    ] Safepoint "Cleanup", Time since last: 1000121418 ns, Reaching safepoint: 93259 ns, At safepoint: 7853 ns, Total: 101112 ns
[2020-09-11T16:35:54.548+0000][1][safepoint    ] Safepoint "Cleanup", Time since last: 1000133517 ns, Reaching safepoint: 84768 ns, At safepoint: 7838 ns, Total: 92606 ns
[2020-09-11T16:35:55.549+0000][1][safepoint    ] Safepoint "Cleanup", Time since last: 1000122945 ns, Reaching safepoint: 90360 ns, At safepoint: 9471 ns, Total: 99831 ns
[2020-09-11T16:35:56.549+0000][1][safepoint    ] Safepoint "Cleanup", Time since last: 1000094391 ns, Reaching safepoint: 191578 ns, At safepoint: 8235 ns, Total: 199813 ns
[2020-09-11T16:35:57.549+0000][1][safepoint    ] Safepoint "Cleanup", Time since last: 1000138187 ns, Reaching safepoint: 140226 ns, At safepoint: 7493 ns, Total: 147719 ns
[2020-09-11T16:35:58.549+0000][1][safepoint    ] Safepoint "Cleanup", Time since last: 1000116045 ns, Reaching safepoint: 82625 ns, At safepoint: 10434 ns, Total: 93059 ns
[2020-09-11T16:35:59.550+0000][1][safepoint    ] Safepoint "Cleanup", Time since last: 1000120649 ns, Reaching safepoint: 73634 ns, At safepoint: 7449 ns, Total: 81083 ns
[2020-09-11T16:36:00.551+0000][1][safepoint    ] Safepoint "Cleanup", Time since last: 1001001733 ns, Reaching safepoint: 99080 ns, At safepoint: 9204 ns, Total: 108284 ns
[2020-09-11T16:36:01.551+0000][1][safepoint    ] Safepoint "Cleanup", Time since last: 1000112033 ns, Reaching safepoint: 90135 ns, At safepoint: 7501 ns, Total: 97636 ns
[2020-09-11T16:36:02.551+0000][1][safepoint    ] Safepoint "Cleanup", Time since last: 1000120126 ns, Reaching safepoint: 90462 ns, At safepoint: 9188 ns, Total: 99650 ns
[2020-09-11T16:36:03.551+0000][1][safepoint    ] Safepoint "Cleanup", Time since last: 1000110745 ns, Reaching safepoint: 103369 ns, At safepoint: 12603 ns, Total: 115972 ns
[2020-09-11T16:36:04.552+0000][1][safepoint    ] Safepoint "Cleanup", Time since last: 1000125575 ns, Reaching safepoint: 91846 ns, At safepoint: 10295 ns, Total: 102141 ns
[2020-09-11T16:36:05.552+0000][1][safepoint    ] Safepoint "Cleanup", Time since last: 1000120962 ns, Reaching safepoint: 81799 ns, At safepoint: 8751 ns, Total: 90550 ns
[2020-09-11T16:36:06.552+0000][1][safepoint    ] Safepoint "Cleanup", Time since last: 1000121898 ns, Reaching safepoint: 82515 ns, At safepoint: 10148 ns, Total: 92663 ns
[2020-09-11T16:36:07.552+0000][1][safepoint    ] Safepoint "Cleanup", Time since last: 1000113142 ns, Reaching safepoint: 83272 ns, At safepoint: 8809 ns, Total: 92081 ns
[2020-09-11T16:36:08.553+0000][1][safepoint    ] Safepoint "Cleanup", Time since last: 1000119187 ns, Reaching safepoint: 107910 ns, At safepoint: 18109 ns, Total: 126019 ns
[2020-09-11T16:36:09.553+0000][1][safepoint    ] Safepoint "Cleanup", Time since last: 1000114307 ns, Reaching safepoint: 88046 ns, At safepoint: 21424 ns, Total: 109470 ns
[2020-09-11T16:36:10.553+0000][1][safepoint    ] Safepoint "Cleanup", Time since last: 1000108604 ns, Reaching safepoint: 78415 ns, At safepoint: 6997 ns, Total: 85412 ns
[2020-09-11T16:36:11.553+0000][1][safepoint    ] Safepoint "Cleanup", Time since last: 1000117539 ns, Reaching safepoint: 78457 ns, At safepoint: 8257 ns, Total: 86714 ns
[2020-09-11T16:36:12.553+0000][1][safepoint    ] Safepoint "Cleanup", Time since last: 1000119842 ns, Reaching safepoint: 79876 ns, At safepoint: 8028 ns, Total: 87904 ns
[2020-09-11T16:36:13.483+0000][1][gc,start     ] GC(108) Pause Young (Allocation Failure)
[2020-09-11T16:36:13.484+0000][1][gc,task      ] GC(108) Using 1 workers of 1 for evacuation
[2020-09-11T16:36:13.511+0000][1][gc,age       ] GC(108) Desired survivor size 4358144 bytes, new threshold 6 (max threshold 6)
[2020-09-11T16:36:13.511+0000][1][gc,age       ] GC(108) Age table with threshold 6 (max threshold 6)
[2020-09-11T16:36:13.511+0000][1][gc,age       ] GC(108) - age   1:     134192 bytes,     134192 total
[2020-09-11T16:36:13.511+0000][1][gc,age       ] GC(108) - age   2:     107912 bytes,     242104 total
[2020-09-11T16:36:13.511+0000][1][gc,age       ] GC(108) - age   3:     238296 bytes,     480400 total
[2020-09-11T16:36:13.511+0000][1][gc,age       ] GC(108) - age   4:      40824 bytes,     521224 total
[2020-09-11T16:36:13.511+0000][1][gc,age       ] GC(108) - age   5:      11536 bytes,     532760 total
[2020-09-11T16:36:13.511+0000][1][gc,age       ] GC(108) - age   6:       8112 bytes,     540872 total
[2020-09-11T16:36:13.511+0000][1][gc,heap      ] GC(108) ParNew: 68821K->1040K(76672K)
[2020-09-11T16:36:13.511+0000][1][gc,heap      ] GC(108) CMS: 142836K->142923K(2011968K)
[2020-09-11T16:36:13.511+0000][1][gc,metaspace ] GC(108) Metaspace: 94530K->94530K(1136640K)
[2020-09-11T16:36:13.511+0000][1][gc           ] GC(108) Pause Young (Allocation Failure) 206M->140M(2039M) 27.962ms
[2020-09-11T16:36:13.511+0000][1][gc,cpu       ] GC(108) User=0.01s Sys=0.00s Real=0.02s
[2020-09-11T16:36:13.515+0000][1][safepoint    ] Safepoint "GenCollectForAllocation", Time since last: 929933588 ns, Reaching safepoint: 161474 ns, At safepoint: 31393791 ns, Total: 31555265 ns
[2020-09-11T16:36:14.521+0000][1][safepoint    ] Safepoint "Cleanup", Time since last: 1005772465 ns, Reaching safepoint: 137535 ns, At safepoint: 11055 ns, Total: 148590 ns
[2020-09-11T16:36:15.521+0000][1][safepoint    ] Safepoint "Cleanup", Time since last: 1000113831 ns, Reaching safepoint: 88753 ns, At safepoint: 10511 ns, Total: 99264 ns
[2020-09-11T16:36:16.521+0000][1][safepoint    ] Safepoint "Cleanup", Time since last: 1000113984 ns, Reaching safepoint: 92094 ns, At safepoint: 9178 ns, Total: 101272 ns
[2020-09-11T16:36:17.521+0000][1][safepoint    ] Safepoint "Cleanup", Time since last: 1000114822 ns, Reaching safepoint: 102482 ns, At safepoint: 9669 ns, Total: 112151 ns
[2020-09-11T16:36:18.522+0000][1][safepoint    ] Safepoint "Cleanup", Time since last: 1000121825 ns, Reaching safepoint: 81682 ns, At safepoint: 9872 ns, Total: 91554 ns
[2020-09-11T16:36:19.522+0000][1][safepoint    ] Safepoint "Cleanup", Time since last: 1000113686 ns, Reaching safepoint: 85937 ns, At safepoint: 10264 ns, Total: 96201 ns
[2020-09-11T16:36:20.522+0000][1][safepoint    ] Safepoint "Cleanup", Time since last: 1000119251 ns, Reaching safepoint: 83304 ns, At safepoint: 8881 ns, Total: 92185 ns
[2020-09-11T16:36:21.522+0000][1][safepoint    ] Safepoint "Cleanup", Time since last: 1000119775 ns, Reaching safepoint: 88053 ns, At safepoint: 10784 ns, Total: 98837 ns
[2020-09-11T16:36:22.522+0000][1][safepoint    ] Safepoint "Cleanup", Time since last: 1000114721 ns, Reaching safepoint: 81239 ns, At safepoint: 7889 ns, Total: 89128 ns
[2020-09-11T16:36:23.523+0000][1][safepoint    ] Safepoint "Cleanup", Time since last: 1000113787 ns, Reaching safepoint: 79321 ns, At safepoint: 7341 ns, Total: 86662 ns
[2020-09-11T16:36:24.523+0000][1][safepoint    ] Safepoint "Cleanup", Time since last: 1000116868 ns, Reaching safepoint: 114342 ns, At safepoint: 8055 ns, Total: 122397 ns
[2020-09-11T16:36:25.523+0000][1][safepoint    ] Safepoint "Cleanup", Time since last: 1000172877 ns, Reaching safepoint: 87292 ns, At safepoint: 7796 ns, Total: 95088 ns
[2020-09-11T16:36:26.523+0000][1][safepoint    ] Safepoint "Cleanup", Time since last: 1000134726 ns, Reaching safepoint: 85608 ns, At safepoint: 11749 ns, Total: 97357 ns
[2020-09-11T16:36:27.524+0000][1][safepoint    ] Safepoint "Cleanup", Time since last: 1000120182 ns, Reaching safepoint: 82587 ns, At safepoint: 10674 ns, Total: 93261 ns
[2020-09-11T16:36:28.524+0000][1][safepoint    ] Safepoint "Cleanup", Time since last: 1000116358 ns, Reaching safepoint: 79367 ns, At safepoint: 7261 ns, Total: 86628 ns
[2020-09-11T16:36:29.524+0000][1][safepoint    ] Safepoint "Cleanup", Time since last: 1000107384 ns, Reaching safepoint: 81556 ns, At safepoint: 8919 ns, Total: 90475 ns
[2020-09-11T16:36:30.524+0000][1][safepoint    ] Safepoint "Cleanup", Time since last: 1000118940 ns, Reaching safepoint: 85520 ns, At safepoint: 10144 ns, Total: 95664 ns
[2020-09-11T16:36:31.524+0000][1][safepoint    ] Safepoint "Cleanup", Time since last: 1000122025 ns, Reaching safepoint: 106305 ns, At safepoint: 7670 ns, Total: 113975 ns
[2020-09-11T16:36:32.525+0000][1][safepoint    ] Safepoint "Cleanup", Time since last: 1000132009 ns, Reaching safepoint: 89768 ns, At safepoint: 7689 ns, Total: 97457 ns
[2020-09-11T16:36:34.525+0000][1][safepoint    ] Safepoint "Cleanup", Time since last: 2000206754 ns, Reaching safepoint: 87819 ns, At safepoint: 7775 ns, Total: 95594 ns
[2020-09-11T16:36:35.525+0000][1][safepoint    ] Safepoint "Cleanup", Time since last: 1000113521 ns, Reaching safepoint: 85893 ns, At safepoint: 7568 ns, Total: 93461 ns
[2020-09-11T16:36:37.526+0000][1][safepoint    ] Safepoint "Cleanup", Time since last: 2000213445 ns, Reaching safepoint: 89955 ns, At safepoint: 7404 ns, Total: 97359 ns
[2020-09-11T16:36:40.741+0000][1][gc,start     ] GC(109) Pause Young (Allocation Failure)
[2020-09-11T16:36:40.741+0000][1][gc,task      ] GC(109) Using 1 workers of 1 for evacuation
[2020-09-11T16:36:40.767+0000][1][gc,age       ] GC(109) Desired survivor size 4358144 bytes, new threshold 6 (max threshold 6)
[2020-09-11T16:36:40.767+0000][1][gc,age       ] GC(109) Age table with threshold 6 (max threshold 6)
[2020-09-11T16:36:40.767+0000][1][gc,age       ] GC(109) - age   1:     497616 bytes,     497616 total
[2020-09-11T16:36:40.767+0000][1][gc,age       ] GC(109) - age   2:      45736 bytes,     543352 total
[2020-09-11T16:36:40.767+0000][1][gc,age       ] GC(109) - age   3:      56848 bytes,     600200 total
[2020-09-11T16:36:40.767+0000][1][gc,age       ] GC(109) - age   4:      12184 bytes,     612384 total
[2020-09-11T16:36:40.767+0000][1][gc,age       ] GC(109) - age   5:      19352 bytes,     631736 total
[2020-09-11T16:36:40.767+0000][1][gc,age       ] GC(109) - age   6:      11504 bytes,     643240 total
[2020-09-11T16:36:40.767+0000][1][gc,heap      ] GC(109) ParNew: 69200K->656K(76672K)
[2020-09-11T16:36:40.767+0000][1][gc,heap      ] GC(109) CMS: 142923K->142931K(2011968K)
[2020-09-11T16:36:40.767+0000][1][gc,metaspace ] GC(109) Metaspace: 94583K->94583K(1136640K)
[2020-09-11T16:36:40.767+0000][1][gc           ] GC(109) Pause Young (Allocation Failure) 207M->140M(2039M) 25.948ms
[2020-09-11T16:36:40.767+0000][1][gc,cpu       ] GC(109) User=0.01s Sys=0.00s Real=0.02s
[2020-09-11T16:36:40.769+0000][1][safepoint    ] Safepoint "GenCollectForAllocation", Time since last: 3215188225 ns, Reaching safepoint: 251784 ns, At safepoint: 27867688 ns, Total: 28119472 ns
[2020-09-11T16:36:41.771+0000][1][safepoint    ] Safepoint "Cleanup", Time since last: 1002054692 ns, Reaching safepoint: 91111 ns, At safepoint: 9784 ns, Total: 100895 ns
[2020-09-11T16:36:43.777+0000][1][safepoint    ] Safepoint "Cleanup", Time since last: 2005762925 ns, Reaching safepoint: 91097 ns, At safepoint: 8860 ns, Total: 99957 ns
[2020-09-11T16:36:44.785+0000][1][safepoint    ] Safepoint "Cleanup", Time since last: 1003902715 ns, Reaching safepoint: 3766880 ns, At safepoint: 12523 ns, Total: 3779403 ns
[2020-09-11T16:36:45.785+0000][1][safepoint    ] Safepoint "Cleanup", Time since last: 1000165589 ns, Reaching safepoint: 171199 ns, At safepoint: 7951 ns, Total: 179150 ns
[2020-09-11T16:36:46.789+0000][1][safepoint    ] Safepoint "Cleanup", Time since last: 1003641889 ns, Reaching safepoint: 227646 ns, At safepoint: 11072 ns, Total: 238718 ns
[2020-09-11T16:36:47.789+0000][1][safepoint    ] Safepoint "Cleanup", Time since last: 1000108277 ns, Reaching safepoint: 82619 ns, At safepoint: 7120 ns, Total: 89739 ns
[2020-09-11T16:36:48.789+0000][1][safepoint    ] Safepoint "Cleanup", Time since last: 1000113500 ns, Reaching safepoint: 82104 ns, At safepoint: 9710 ns, Total: 91814 ns
[2020-09-11T16:36:49.790+0000][1][safepoint    ] Safepoint "Cleanup", Time since last: 1000564627 ns, Reaching safepoint: 96058 ns, At safepoint: 8761 ns, Total: 104819 ns
[2020-09-11T16:36:50.540+0000][1][safepoint    ] Safepoint "RevokeBias", Time since last: 749904153 ns, Reaching safepoint: 81095 ns, At safepoint: 24097 ns, Total: 105192 ns
[2020-09-11T16:36:50.934+0000][1][safepoint    ] Safepoint "RevokeBias", Time since last: 394301708 ns, Reaching safepoint: 81729 ns, At safepoint: 24916 ns, Total: 106645 ns
[2020-09-11T16:36:50.934+0000][1][safepoint    ] Safepoint "RevokeBias", Time since last: 103442 ns, Reaching safepoint: 51385 ns, At safepoint: 15291 ns, Total: 66676 ns
[2020-09-11T16:36:50.972+0000][1][safepoint    ] Safepoint "RevokeBias", Time since last: 37945202 ns, Reaching safepoint: 73772 ns, At safepoint: 19809 ns, Total: 93581 ns
[2020-09-11T16:36:50.973+0000][1][safepoint    ] Safepoint "RevokeBias", Time since last: 91581 ns, Reaching safepoint: 26103 ns, At safepoint: 11034 ns, Total: 37137 ns
[2020-09-11T16:36:51.087+0000][1][safepoint    ] Safepoint "RevokeBias", Time since last: 114040097 ns, Reaching safepoint: 170373 ns, At safepoint: 25814 ns, Total: 196187 ns
[2020-09-11T16:36:51.087+0000][1][safepoint    ] Safepoint "RevokeBias", Time since last: 104670 ns, Reaching safepoint: 172145 ns, At safepoint: 17464 ns, Total: 189609 ns
[2020-09-11T16:36:52.087+0000][1][safepoint    ] Safepoint "Cleanup", Time since last: 1000098748 ns, Reaching safepoint: 89834 ns, At safepoint: 10400 ns, Total: 100234 ns
[2020-09-11T16:36:53.088+0000][1][safepoint    ] Safepoint "Cleanup", Time since last: 1000133356 ns, Reaching safepoint: 83412 ns, At safepoint: 9404 ns, Total: 92816 ns
[2020-09-11T16:36:54.088+0000][1][safepoint    ] Safepoint "Cleanup", Time since last: 1000111771 ns, Reaching safepoint: 101851 ns, At safepoint: 12758 ns, Total: 114609 ns
[2020-09-11T16:36:55.088+0000][1][safepoint    ] Safepoint "Cleanup", Time since last: 1000123797 ns, Reaching safepoint: 225228 ns, At safepoint: 12107 ns, Total: 237335 ns
[2020-09-11T16:36:56.088+0000][1][safepoint    ] Safepoint "Cleanup", Time since last: 1000110484 ns, Reaching safepoint: 87770 ns, At safepoint: 11021 ns, Total: 98791 ns
[2020-09-11T16:36:57.089+0000][1][safepoint    ] Safepoint "Cleanup", Time since last: 1000114989 ns, Reaching safepoint: 85043 ns, At safepoint: 10248 ns, Total: 95291 ns
[2020-09-11T16:36:57.966+0000][1][safepoint    ] Safepoint "RevokeBias", Time since last: 876271670 ns, Reaching safepoint: 702796 ns, At safepoint: 27878 ns, Total: 730674 ns
[2020-09-11T16:36:57.967+0000][1][safepoint    ] Safepoint "RevokeBias", Time since last: 1366485 ns, Reaching safepoint: 138762 ns, At safepoint: 18460 ns, Total: 157222 ns
[2020-09-11T16:36:58.080+0000][1][safepoint    ] Safepoint "RevokeBias", Time since last: 113307723 ns, Reaching safepoint: 74186 ns, At safepoint: 19973 ns, Total: 94159 ns
[2020-09-11T16:36:59.081+0000][1][safepoint    ] Safepoint "Cleanup", Time since last: 1000122663 ns, Reaching safepoint: 82268 ns, At safepoint: 9831 ns, Total: 92099 ns
[2020-09-11T16:37:00.081+0000][1][safepoint    ] Safepoint "Cleanup", Time since last: 1000144748 ns, Reaching safepoint: 92817 ns, At safepoint: 11266 ns, Total: 104083 ns
[2020-09-11T16:37:01.081+0000][1][safepoint    ] Safepoint "Cleanup", Time since last: 1000149324 ns, Reaching safepoint: 88989 ns, At safepoint: 10348 ns, Total: 99337 ns
[2020-09-11T16:37:02.081+0000][1][safepoint    ] Safepoint "Cleanup", Time since last: 1000117859 ns, Reaching safepoint: 101305 ns, At safepoint: 9945 ns, Total: 111250 ns
[2020-09-11T16:37:02.907+0000][1][safepoint    ] Safepoint "RevokeBias", Time since last: 825565193 ns, Reaching safepoint: 171344 ns, At safepoint: 45920 ns, Total: 217264 ns
[2020-09-11T16:37:03.438+0000][1][gc,start     ] GC(110) Pause Young (Allocation Failure)
[2020-09-11T16:37:03.438+0000][1][gc,task      ] GC(110) Using 1 workers of 1 for evacuation
[2020-09-11T16:37:03.476+0000][1][gc,age       ] GC(110) Desired survivor size 4358144 bytes, new threshold 6 (max threshold 6)
[2020-09-11T16:37:03.476+0000][1][gc,age       ] GC(110) Age table with threshold 6 (max threshold 6)
[2020-09-11T16:37:03.476+0000][1][gc,age       ] GC(110) - age   1:     161808 bytes,     161808 total
[2020-09-11T16:37:03.476+0000][1][gc,age       ] GC(110) - age   2:     409352 bytes,     571160 total
[2020-09-11T16:37:03.476+0000][1][gc,age       ] GC(110) - age   3:      37456 bytes,     608616 total
[2020-09-11T16:37:03.476+0000][1][gc,age       ] GC(110) - age   4:      25232 bytes,     633848 total
[2020-09-11T16:37:03.476+0000][1][gc,age       ] GC(110) - age   5:      12184 bytes,     646032 total
[2020-09-11T16:37:03.476+0000][1][gc,age       ] GC(110) - age   6:      19352 bytes,     665384 total
[2020-09-11T16:37:03.476+0000][1][gc,heap      ] GC(110) ParNew: 68816K->1106K(76672K)
[2020-09-11T16:37:03.476+0000][1][gc,heap      ] GC(110) CMS: 142931K->142942K(2011968K)
[2020-09-11T16:37:03.476+0000][1][gc,metaspace ] GC(110) Metaspace: 94591K->94591K(1136640K)
[2020-09-11T16:37:03.476+0000][1][gc           ] GC(110) Pause Young (Allocation Failure) 206M->140M(2039M) 38.139ms
[2020-09-11T16:37:03.476+0000][1][gc,cpu       ] GC(110) User=0.01s Sys=0.00s Real=0.04s
[2020-09-11T16:37:03.479+0000][1][safepoint    ] Safepoint "GenCollectForAllocation", Time since last: 530350409 ns, Reaching safepoint: 499164 ns, At safepoint: 41270906 ns, Total: 41770070 ns
[2020-09-11T16:37:04.493+0000][1][safepoint    ] Safepoint "Cleanup", Time since last: 1013970565 ns, Reaching safepoint: 94406 ns, At safepoint: 10408 ns, Total: 104814 ns
[2020-09-11T16:37:04.904+0000][1][safepoint    ] Safepoint "RevokeBias", Time since last: 410463293 ns, Reaching safepoint: 80088 ns, At safepoint: 23366 ns, Total: 103454 ns
[2020-09-11T16:37:05.904+0000][1][safepoint    ] Safepoint "Cleanup", Time since last: 1000115308 ns, Reaching safepoint: 84320 ns, At safepoint: 9917 ns, Total: 94237 ns
[2020-09-11T16:37:06.904+0000][1][safepoint    ] Safepoint "Cleanup", Time since last: 1000124170 ns, Reaching safepoint: 80129 ns, At safepoint: 7796 ns, Total: 87925 ns
[2020-09-11T16:37:07.905+0000][1][safepoint    ] Safepoint "Cleanup", Time since last: 1000117256 ns, Reaching safepoint: 89540 ns, At safepoint: 9674 ns, Total: 99214 ns
[2020-09-11T16:37:08.905+0000][1][safepoint    ] Safepoint "Cleanup", Time since last: 1000115075 ns, Reaching safepoint: 105663 ns, At safepoint: 8783 ns, Total: 114446 ns
[2020-09-11T16:37:09.905+0000][1][safepoint    ] Safepoint "Cleanup", Time since last: 1000107547 ns, Reaching safepoint: 79714 ns, At safepoint: 8284 ns, Total: 87998 ns
[2020-09-11T16:37:10.905+0000][1][safepoint    ] Safepoint "Cleanup", Time since last: 1000109081 ns, Reaching safepoint: 82494 ns, At safepoint: 9491 ns, Total: 91985 ns
[2020-09-11T16:37:11.905+0000][1][safepoint    ] Safepoint "Cleanup", Time since last: 1000111157 ns, Reaching safepoint: 79343 ns, At safepoint: 7876 ns, Total: 87219 ns
[2020-09-11T16:37:12.906+0000][1][safepoint    ] Safepoint "Cleanup", Time since last: 1000109707 ns, Reaching safepoint: 83823 ns, At safepoint: 8840 ns, Total: 92663 ns
[2020-09-11T16:37:13.906+0000][1][safepoint    ] Safepoint "Cleanup", Time since last: 1000109191 ns, Reaching safepoint: 86357 ns, At safepoint: 6954 ns, Total: 93311 ns
[2020-09-11T16:37:14.906+0000][1][safepoint    ] Safepoint "Cleanup", Time since last: 1000112616 ns, Reaching safepoint: 82160 ns, At safepoint: 9586 ns, Total: 91746 ns
[2020-09-11T16:37:16.665+0000][1][safepoint    ] Safepoint "Cleanup", Time since last: 1758798033 ns, Reaching safepoint: 105822 ns, At safepoint: 10390 ns, Total: 116212 ns
[2020-09-11T16:37:17.665+0000][1][safepoint    ] Safepoint "Cleanup", Time since last: 1000119173 ns, Reaching safepoint: 107425 ns, At safepoint: 13095 ns, Total: 120520 ns
[2020-09-11T16:37:18.665+0000][1][safepoint    ] Safepoint "Cleanup", Time since last: 1000137169 ns, Reaching safepoint: 79936 ns, At safepoint: 7803 ns, Total: 87739 ns
[2020-09-11T16:37:18.924+0000][1][safepoint    ] Safepoint "RevokeBias", Time since last: 258534952 ns, Reaching safepoint: 78582 ns, At safepoint: 23901 ns, Total: 102483 ns
[2020-09-11T16:37:19.924+0000][1][safepoint    ] Safepoint "Cleanup", Time since last: 1000120188 ns, Reaching safepoint: 83719 ns, At safepoint: 10337 ns, Total: 94056 ns
[2020-09-11T16:37:20.924+0000][1][safepoint    ] Safepoint "Cleanup", Time since last: 1000109507 ns, Reaching safepoint: 82073 ns, At safepoint: 8739 ns, Total: 90812 ns
[2020-09-11T16:37:22.383+0000][1][safepoint    ] Safepoint "Cleanup", Time since last: 1457949784 ns, Reaching safepoint: 86928 ns, At safepoint: 9440 ns, Total: 96368 ns
[2020-09-11T16:37:23.383+0000][1][safepoint    ] Safepoint "Cleanup", Time since last: 1000116284 ns, Reaching safepoint: 131003 ns, At safepoint: 10213 ns, Total: 141216 ns
[2020-09-11T16:37:24.780+0000][1][safepoint    ] Safepoint "Cleanup", Time since last: 1397542019 ns, Reaching safepoint: 75444 ns, At safepoint: 8222 ns, Total: 83666 ns
[2020-09-11T16:37:25.781+0000][1][safepoint    ] Safepoint "Cleanup", Time since last: 1000184492 ns, Reaching safepoint: 102438 ns, At safepoint: 9189 ns, Total: 111627 ns
[2020-09-11T16:37:26.633+0000][1][gc,start     ] GC(111) Pause Young (Allocation Failure)
[2020-09-11T16:37:26.633+0000][1][gc,task      ] GC(111) Using 1 workers of 1 for evacuation
[2020-09-11T16:37:26.659+0000][1][gc,age       ] GC(111) Desired survivor size 4358144 bytes, new threshold 6 (max threshold 6)
[2020-09-11T16:37:26.659+0000][1][gc,age       ] GC(111) Age table with threshold 6 (max threshold 6)
[2020-09-11T16:37:26.659+0000][1][gc,age       ] GC(111) - age   1:     353960 bytes,     353960 total
[2020-09-11T16:37:26.659+0000][1][gc,age       ] GC(111) - age   2:      89352 bytes,     443312 total
[2020-09-11T16:37:26.659+0000][1][gc,age       ] GC(111) - age   3:     203536 bytes,     646848 total
[2020-09-11T16:37:26.659+0000][1][gc,age       ] GC(111) - age   4:       7496 bytes,     654344 total
[2020-09-11T16:37:26.659+0000][1][gc,age       ] GC(111) - age   5:      25232 bytes,     679576 total
[2020-09-11T16:37:26.659+0000][1][gc,age       ] GC(111) - age   6:      12184 bytes,     691760 total
[2020-09-11T16:37:26.659+0000][1][gc,heap      ] GC(111) ParNew: 69266K->763K(76672K)
[2020-09-11T16:37:26.659+0000][1][gc,heap      ] GC(111) CMS: 142942K->142961K(2011968K)
[2020-09-11T16:37:26.659+0000][1][gc,metaspace ] GC(111) Metaspace: 94613K->94613K(1136640K)
[2020-09-11T16:37:26.659+0000][1][gc           ] GC(111) Pause Young (Allocation Failure) 207M->140M(2039M) 26.367ms
[2020-09-11T16:37:26.659+0000][1][gc,cpu       ] GC(111) User=0.02s Sys=0.00s Real=0.02s
[2020-09-11T16:37:26.661+0000][1][safepoint    ] Safepoint "GenCollectForAllocation", Time since last: 848765233 ns, Reaching safepoint: 3366022 ns, At safepoint: 27965572 ns, Total: 31331594 ns
[2020-09-11T16:37:27.664+0000][1][safepoint    ] Safepoint "Cleanup", Time since last: 1002808662 ns, Reaching safepoint: 72110 ns, At safepoint: 17023 ns, Total: 89133 ns
[2020-09-11T16:37:28.665+0000][1][safepoint    ] Safepoint "Cleanup", Time since last: 1001441229 ns, Reaching safepoint: 72524 ns, At safepoint: 13255 ns, Total: 85779 ns
[2020-09-11T16:37:29.027+0000][1][safepoint    ] Safepoint "RevokeBias", Time since last: 361570455 ns, Reaching safepoint: 81386 ns, At safepoint: 34688 ns, Total: 116074 ns
[2020-09-11T16:37:30.028+0000][1][safepoint    ] Safepoint "Cleanup", Time since last: 1000936548 ns, Reaching safepoint: 70796 ns, At safepoint: 5855 ns, Total: 76651 ns
[2020-09-11T16:37:31.028+0000][1][safepoint    ] Safepoint "Cleanup", Time since last: 1000107888 ns, Reaching safepoint: 82106 ns, At safepoint: 7546 ns, Total: 89652 ns
[2020-09-11T16:37:32.028+0000][1][safepoint    ] Safepoint "Cleanup", Time since last: 1000116563 ns, Reaching safepoint: 89479 ns, At safepoint: 7633 ns, Total: 97112 ns
[2020-09-11T16:37:33.029+0000][1][safepoint    ] Safepoint "Cleanup", Time since last: 1000115316 ns, Reaching safepoint: 89506 ns, At safepoint: 10324 ns, Total: 99830 ns
[2020-09-11T16:37:34.029+0000][1][safepoint    ] Safepoint "Cleanup", Time since last: 1000119362 ns, Reaching safepoint: 112822 ns, At safepoint: 7451 ns, Total: 120273 ns
[2020-09-11T16:37:35.033+0000][1][safepoint    ] Safepoint "Cleanup", Time since last: 1000108241 ns, Reaching safepoint: 3961911 ns, At safepoint: 15712 ns, Total: 3977623 ns
[2020-09-11T16:37:38.033+0000][1][safepoint    ] Safepoint "Cleanup", Time since last: 3000269024 ns, Reaching safepoint: 86762 ns, At safepoint: 7505 ns, Total: 94267 ns
[2020-09-11T16:37:41.034+0000][1][safepoint    ] Safepoint "Cleanup", Time since last: 3000261528 ns, Reaching safepoint: 88762 ns, At safepoint: 9276 ns, Total: 98038 ns
[2020-09-11T16:37:42.034+0000][1][safepoint    ] Safepoint "Cleanup", Time since last: 1000115766 ns, Reaching safepoint: 86814 ns, At safepoint: 9336 ns, Total: 96150 ns
[2020-09-11T16:37:44.034+0000][1][safepoint    ] Safepoint "Cleanup", Time since last: 2000180634 ns, Reaching safepoint: 85423 ns, At safepoint: 8602 ns, Total: 94025 ns
[2020-09-11T16:37:50.137+0000][1][gc,start     ] GC(112) Pause Young (Allocation Failure)
[2020-09-11T16:37:50.137+0000][1][gc,task      ] GC(112) Using 1 workers of 1 for evacuation
[2020-09-11T16:37:50.167+0000][1][gc,age       ] GC(112) Desired survivor size 4358144 bytes, new threshold 6 (max threshold 6)
[2020-09-11T16:37:50.167+0000][1][gc,age       ] GC(112) Age table with threshold 6 (max threshold 6)
[2020-09-11T16:37:50.167+0000][1][gc,age       ] GC(112) - age   1:     322312 bytes,     322312 total
[2020-09-11T16:37:50.167+0000][1][gc,age       ] GC(112) - age   2:     278952 bytes,     601264 total
[2020-09-11T16:37:50.167+0000][1][gc,age       ] GC(112) - age   3:      84832 bytes,     686096 total
[2020-09-11T16:37:50.167+0000][1][gc,age       ] GC(112) - age   4:      81056 bytes,     767152 total
[2020-09-11T16:37:50.167+0000][1][gc,age       ] GC(112) - age   5:       7496 bytes,     774648 total
[2020-09-11T16:37:50.167+0000][1][gc,age       ] GC(112) - age   6:      25232 bytes,     799880 total
[2020-09-11T16:37:50.167+0000][1][gc,heap      ] GC(112) ParNew: 68923K->1204K(76672K)
[2020-09-11T16:37:50.167+0000][1][gc,heap      ] GC(112) CMS: 142961K->142973K(2011968K)
[2020-09-11T16:37:50.167+0000][1][gc,metaspace ] GC(112) Metaspace: 94638K->94638K(1136640K)
[2020-09-11T16:37:50.167+0000][1][gc           ] GC(112) Pause Young (Allocation Failure) 206M->140M(2039M) 29.827ms
[2020-09-11T16:37:50.167+0000][1][gc,cpu       ] GC(112) User=0.01s Sys=0.00s Real=0.03s
[2020-09-11T16:37:50.167+0000][1][safepoint    ] Safepoint "GenCollectForAllocation", Time since last: 6096841059 ns, Reaching safepoint: 6071367 ns, At safepoint: 29985380 ns, Total: 36056747 ns
[2020-09-11T16:37:53.169+0000][1][safepoint    ] Safepoint "Cleanup", Time since last: 3002110491 ns, Reaching safepoint: 104091 ns, At safepoint: 11009 ns, Total: 115100 ns
[2020-09-11T16:37:54.169+0000][1][safepoint    ] Safepoint "Cleanup", Time since last: 1000114625 ns, Reaching safepoint: 83604 ns, At safepoint: 7887 ns, Total: 91491 ns
[2020-09-11T16:38:04.171+0000][1][safepoint    ] Safepoint "Cleanup", Time since last: 10001004887 ns, Reaching safepoint: 90913 ns, At safepoint: 10109 ns, Total: 101022 ns
[2020-09-11T16:38:05.171+0000][1][safepoint    ] Safepoint "Cleanup", Time since last: 1000114461 ns, Reaching safepoint: 84538 ns, At safepoint: 7465 ns, Total: 92003 ns
[2020-09-11T16:38:13.789+0000][1][gc,start     ] GC(113) Pause Young (Allocation Failure)
[2020-09-11T16:38:13.789+0000][1][gc,task      ] GC(113) Using 1 workers of 1 for evacuation
[2020-09-11T16:38:13.818+0000][1][gc,age       ] GC(113) Desired survivor size 4358144 bytes, new threshold 6 (max threshold 6)
[2020-09-11T16:38:13.818+0000][1][gc,age       ] GC(113) Age table with threshold 6 (max threshold 6)
[2020-09-11T16:38:13.818+0000][1][gc,age       ] GC(113) - age   1:     237672 bytes,     237672 total
[2020-09-11T16:38:13.818+0000][1][gc,age       ] GC(113) - age   2:     147424 bytes,     385096 total
[2020-09-11T16:38:13.818+0000][1][gc,age       ] GC(113) - age   3:     247288 bytes,     632384 total
[2020-09-11T16:38:13.818+0000][1][gc,age       ] GC(113) - age   4:      77424 bytes,     709808 total
[2020-09-11T16:38:13.818+0000][1][gc,age       ] GC(113) - age   5:      75584 bytes,     785392 total
[2020-09-11T16:38:13.818+0000][1][gc,age       ] GC(113) - age   6:       7496 bytes,     792888 total
[2020-09-11T16:38:13.818+0000][1][gc,heap      ] GC(113) ParNew: 69364K->1472K(76672K)
[2020-09-11T16:38:13.818+0000][1][gc,heap      ] GC(113) CMS: 142973K->142998K(2011968K)
[2020-09-11T16:38:13.818+0000][1][gc,metaspace ] GC(113) Metaspace: 94708K->94708K(1136640K)
[2020-09-11T16:38:13.818+0000][1][gc           ] GC(113) Pause Young (Allocation Failure) 207M->141M(2039M) 29.054ms
[2020-09-11T16:38:13.818+0000][1][gc,cpu       ] GC(113) User=0.01s Sys=0.00s Real=0.03s
[2020-09-11T16:38:13.818+0000][1][safepoint    ] Safepoint "GenCollectForAllocation", Time since last: 8617510701 ns, Reaching safepoint: 639694 ns, At safepoint: 29155517 ns, Total: 29795211 ns
[2020-09-11T16:38:15.836+0000][1][safepoint    ] Safepoint "Cleanup", Time since last: 2017358019 ns, Reaching safepoint: 96854 ns, At safepoint: 9994 ns, Total: 106848 ns
[2020-09-11T16:38:16.836+0000][1][safepoint    ] Safepoint "Cleanup", Time since last: 1000118001 ns, Reaching safepoint: 86681 ns, At safepoint: 8132 ns, Total: 94813 ns
[2020-09-11T16:38:17.836+0000][1][safepoint    ] Safepoint "Cleanup", Time since last: 1000118099 ns, Reaching safepoint: 87897 ns, At safepoint: 10404 ns, Total: 98301 ns
[2020-09-11T16:38:21.836+0000][1][safepoint    ] Safepoint "Cleanup", Time since last: 4000375125 ns, Reaching safepoint: 80910 ns, At safepoint: 7038 ns, Total: 87948 ns
[2020-09-11T16:38:22.837+0000][1][safepoint    ] Safepoint "Cleanup", Time since last: 1000112371 ns, Reaching safepoint: 75520 ns, At safepoint: 7928 ns, Total: 83448 ns
[2020-09-11T16:38:23.837+0000][1][safepoint    ] Safepoint "Cleanup", Time since last: 1000103883 ns, Reaching safepoint: 103675 ns, At safepoint: 7076 ns, Total: 110751 ns
[2020-09-11T16:38:26.837+0000][1][safepoint    ] Safepoint "Cleanup", Time since last: 3000253380 ns, Reaching safepoint: 87796 ns, At safepoint: 8058 ns, Total: 95854 ns
[2020-09-11T16:38:27.837+0000][1][safepoint    ] Safepoint "Cleanup", Time since last: 1000123627 ns, Reaching safepoint: 78377 ns, At safepoint: 7378 ns, Total: 85755 ns
[2020-09-11T16:38:28.838+0000][1][safepoint    ] Safepoint "Cleanup", Time since last: 1000110173 ns, Reaching safepoint: 85448 ns, At safepoint: 9678 ns, Total: 95126 ns
[2020-09-11T16:38:29.838+0000][1][safepoint    ] Safepoint "Cleanup", Time since last: 1000112352 ns, Reaching safepoint: 80621 ns, At safepoint: 7604 ns, Total: 88225 ns
[2020-09-11T16:38:30.841+0000][1][safepoint    ] Safepoint "Cleanup", Time since last: 1000103865 ns, Reaching safepoint: 2763729 ns, At safepoint: 11250 ns, Total: 2774979 ns
[2020-09-11T16:38:31.841+0000][1][safepoint    ] Safepoint "Cleanup", Time since last: 1000120734 ns, Reaching safepoint: 81855 ns, At safepoint: 7674 ns, Total: 89529 ns
[2020-09-11T16:38:32.885+0000][1][safepoint    ] Safepoint "Cleanup", Time since last: 1043909331 ns, Reaching safepoint: 84744 ns, At safepoint: 10046 ns, Total: 94790 ns
[2020-09-11T16:38:33.889+0000][1][safepoint    ] Safepoint "Cleanup", Time since last: 1003912861 ns, Reaching safepoint: 94066 ns, At safepoint: 10478 ns, Total: 104544 ns
[2020-09-11T16:38:34.889+0000][1][safepoint    ] Safepoint "Cleanup", Time since last: 1000112965 ns, Reaching safepoint: 85832 ns, At safepoint: 7952 ns, Total: 93784 ns
[2020-09-11T16:38:35.889+0000][1][safepoint    ] Safepoint "Cleanup", Time since last: 1000111665 ns, Reaching safepoint: 89319 ns, At safepoint: 9450 ns, Total: 98769 ns
[2020-09-11T16:38:36.890+0000][1][safepoint    ] Safepoint "Cleanup", Time since last: 1000115061 ns, Reaching safepoint: 80696 ns, At safepoint: 7818 ns, Total: 88514 ns
[2020-09-11T16:38:37.893+0000][1][safepoint    ] Safepoint "Cleanup", Time since last: 1000838198 ns, Reaching safepoint: 2511677 ns, At safepoint: 13507 ns, Total: 2525184 ns
[2020-09-11T16:38:38.893+0000][1][safepoint    ] Safepoint "Cleanup", Time since last: 1000112933 ns, Reaching safepoint: 80132 ns, At safepoint: 7944 ns, Total: 88076 ns
[2020-09-11T16:38:39.893+0000][1][safepoint    ] Safepoint "Cleanup", Time since last: 1000109712 ns, Reaching safepoint: 87120 ns, At safepoint: 9826 ns, Total: 96946 ns
[2020-09-11T16:38:40.893+0000][1][safepoint    ] Safepoint "Cleanup", Time since last: 1000112532 ns, Reaching safepoint: 85398 ns, At safepoint: 7808 ns, Total: 93206 ns
[2020-09-11T16:38:41.726+0000][1][gc,start     ] GC(114) Pause Young (Allocation Failure)
[2020-09-11T16:38:41.726+0000][1][gc,task      ] GC(114) Using 1 workers of 1 for evacuation
[2020-09-11T16:38:41.754+0000][1][gc,age       ] GC(114) Desired survivor size 4358144 bytes, new threshold 6 (max threshold 6)
[2020-09-11T16:38:41.754+0000][1][gc,age       ] GC(114) Age table with threshold 6 (max threshold 6)
[2020-09-11T16:38:41.754+0000][1][gc,age       ] GC(114) - age   1:     453232 bytes,     453232 total
[2020-09-11T16:38:41.754+0000][1][gc,age       ] GC(114) - age   2:      61480 bytes,     514712 total
[2020-09-11T16:38:41.754+0000][1][gc,age       ] GC(114) - age   3:      89976 bytes,     604688 total
[2020-09-11T16:38:41.754+0000][1][gc,age       ] GC(114) - age   4:      11312 bytes,     616000 total
[2020-09-11T16:38:41.754+0000][1][gc,age       ] GC(114) - age   5:      41136 bytes,     657136 total
[2020-09-11T16:38:41.754+0000][1][gc,age       ] GC(114) - age   6:      75584 bytes,     732720 total
[2020-09-11T16:38:41.754+0000][1][gc,heap      ] GC(114) ParNew: 69632K->948K(76672K)
[2020-09-11T16:38:41.754+0000][1][gc,heap      ] GC(114) CMS: 142998K->143005K(2011968K)
[2020-09-11T16:38:41.754+0000][1][gc,metaspace ] GC(114) Metaspace: 94769K->94769K(1136640K)
[2020-09-11T16:38:41.754+0000][1][gc           ] GC(114) Pause Young (Allocation Failure) 207M->140M(2039M) 27.942ms
[2020-09-11T16:38:41.754+0000][1][gc,cpu       ] GC(114) User=0.01s Sys=0.00s Real=0.03s
[2020-09-11T16:38:41.754+0000][1][safepoint    ] Safepoint "GenCollectForAllocation", Time since last: 832743633 ns, Reaching safepoint: 151704 ns, At safepoint: 28016940 ns, Total: 28168644 ns
[2020-09-11T16:38:42.762+0000][1][safepoint    ] Safepoint "Cleanup", Time since last: 1007135268 ns, Reaching safepoint: 84934 ns, At safepoint: 21988 ns, Total: 106922 ns
[2020-09-11T16:38:43.763+0000][1][safepoint    ] Safepoint "Cleanup", Time since last: 1001108787 ns, Reaching safepoint: 277134 ns, At safepoint: 10320 ns, Total: 287454 ns
[2020-09-11T16:38:44.763+0000][1][safepoint    ] Safepoint "Cleanup", Time since last: 1000110458 ns, Reaching safepoint: 83638 ns, At safepoint: 8997 ns, Total: 92635 ns
[2020-09-11T16:38:45.763+0000][1][safepoint    ] Safepoint "Cleanup", Time since last: 1000106877 ns, Reaching safepoint: 83872 ns, At safepoint: 6450 ns, Total: 90322 ns
[2020-09-11T16:38:46.764+0000][1][safepoint    ] Safepoint "Cleanup", Time since last: 1000105382 ns, Reaching safepoint: 80665 ns, At safepoint: 6502 ns, Total: 87167 ns
[2020-09-11T16:38:47.764+0000][1][safepoint    ] Safepoint "Cleanup", Time since last: 1000107821 ns, Reaching safepoint: 82374 ns, At safepoint: 9226 ns, Total: 91600 ns
[2020-09-11T16:38:48.764+0000][1][safepoint    ] Safepoint "Cleanup", Time since last: 1000110967 ns, Reaching safepoint: 80854 ns, At safepoint: 7803 ns, Total: 88657 ns
[2020-09-11T16:38:49.764+0000][1][safepoint    ] Safepoint "Cleanup", Time since last: 1000103318 ns, Reaching safepoint: 80772 ns, At safepoint: 6749 ns, Total: 87521 ns
[2020-09-11T16:38:50.764+0000][1][safepoint    ] Safepoint "Cleanup", Time since last: 1000117542 ns, Reaching safepoint: 89695 ns, At safepoint: 10112 ns, Total: 99807 ns
[2020-09-11T16:38:51.765+0000][1][safepoint    ] Safepoint "Cleanup", Time since last: 1000112897 ns, Reaching safepoint: 85013 ns, At safepoint: 7027 ns, Total: 92040 ns
[2020-09-11T16:38:52.765+0000][1][safepoint    ] Safepoint "Cleanup", Time since last: 1000133187 ns, Reaching safepoint: 84440 ns, At safepoint: 6721 ns, Total: 91161 ns
[2020-09-11T16:38:53.765+0000][1][safepoint    ] Safepoint "Cleanup", Time since last: 1000108362 ns, Reaching safepoint: 86702 ns, At safepoint: 9697 ns, Total: 96399 ns
[2020-09-11T16:38:54.765+0000][1][safepoint    ] Safepoint "Cleanup", Time since last: 1000112464 ns, Reaching safepoint: 81136 ns, At safepoint: 7795 ns, Total: 88931 ns
[2020-09-11T16:38:55.765+0000][1][safepoint    ] Safepoint "Cleanup", Time since last: 1000108674 ns, Reaching safepoint: 87172 ns, At safepoint: 7164 ns, Total: 94336 ns
[2020-09-11T16:38:56.766+0000][1][safepoint    ] Safepoint "Cleanup", Time since last: 1000114995 ns, Reaching safepoint: 81648 ns, At safepoint: 7651 ns, Total: 89299 ns
[2020-09-11T16:38:57.766+0000][1][safepoint    ] Safepoint "Cleanup", Time since last: 1000110264 ns, Reaching safepoint: 80195 ns, At safepoint: 7085 ns, Total: 87280 ns
[2020-09-11T16:38:58.766+0000][1][safepoint    ] Safepoint "Cleanup", Time since last: 1000109496 ns, Reaching safepoint: 81865 ns, At safepoint: 7480 ns, Total: 89345 ns
[2020-09-11T16:39:01.766+0000][1][safepoint    ] Safepoint "Cleanup", Time since last: 3000258078 ns, Reaching safepoint: 80362 ns, At safepoint: 6971 ns, Total: 87333 ns
[2020-09-11T16:39:02.767+0000][1][safepoint    ] Safepoint "Cleanup", Time since last: 1000116316 ns, Reaching safepoint: 92564 ns, At safepoint: 7707 ns, Total: 100271 ns
[2020-09-11T16:39:04.767+0000][1][safepoint    ] Safepoint "Cleanup", Time since last: 2000189495 ns, Reaching safepoint: 99487 ns, At safepoint: 9571 ns, Total: 109058 ns
[2020-09-11T16:39:05.497+0000][1][gc,start     ] GC(115) Pause Young (Allocation Failure)
[2020-09-11T16:39:05.497+0000][1][gc,task      ] GC(115) Using 1 workers of 1 for evacuation
[2020-09-11T16:39:05.523+0000][1][gc,age       ] GC(115) Desired survivor size 4358144 bytes, new threshold 6 (max threshold 6)
[2020-09-11T16:39:05.523+0000][1][gc,age       ] GC(115) Age table with threshold 6 (max threshold 6)
[2020-09-11T16:39:05.523+0000][1][gc,age       ] GC(115) - age   1:     323584 bytes,     323584 total
[2020-09-11T16:39:05.523+0000][1][gc,age       ] GC(115) - age   2:     383072 bytes,     706656 total
[2020-09-11T16:39:05.523+0000][1][gc,age       ] GC(115) - age   3:      57592 bytes,     764248 total
[2020-09-11T16:39:05.523+0000][1][gc,age       ] GC(115) - age   4:      35928 bytes,     800176 total
[2020-09-11T16:39:05.523+0000][1][gc,age       ] GC(115) - age   5:      11312 bytes,     811488 total
[2020-09-11T16:39:05.523+0000][1][gc,age       ] GC(115) - age   6:      40864 bytes,     852352 total
[2020-09-11T16:39:05.523+0000][1][gc,heap      ] GC(115) ParNew: 69108K->1310K(76672K)
[2020-09-11T16:39:05.523+0000][1][gc,heap      ] GC(115) CMS: 143005K->143079K(2011968K)
[2020-09-11T16:39:05.523+0000][1][gc,metaspace ] GC(115) Metaspace: 94828K->94828K(1136640K)
[2020-09-11T16:39:05.524+0000][1][gc           ] GC(115) Pause Young (Allocation Failure) 207M->141M(2039M) 26.653ms
[2020-09-11T16:39:05.524+0000][1][gc,cpu       ] GC(115) User=0.02s Sys=0.00s Real=0.03s
[2020-09-11T16:39:05.524+0000][1][safepoint    ] Safepoint "GenCollectForAllocation", Time since last: 726459574 ns, Reaching safepoint: 3476920 ns, At safepoint: 26725969 ns, Total: 30202889 ns
[2020-09-11T16:39:06.530+0000][1][safepoint    ] Safepoint "Cleanup", Time since last: 1006390479 ns, Reaching safepoint: 90659 ns, At safepoint: 24493 ns, Total: 115152 ns
[2020-09-11T16:39:07.530+0000][1][safepoint    ] Safepoint "Cleanup", Time since last: 1000113213 ns, Reaching safepoint: 78049 ns, At safepoint: 6918 ns, Total: 84967 ns
[2020-09-11T16:39:08.531+0000][1][safepoint    ] Safepoint "Cleanup", Time since last: 1000113188 ns, Reaching safepoint: 84310 ns, At safepoint: 9577 ns, Total: 93887 ns
[2020-09-11T16:39:09.531+0000][1][safepoint    ] Safepoint "Cleanup", Time since last: 1000107608 ns, Reaching safepoint: 79707 ns, At safepoint: 8498 ns, Total: 88205 ns
[2020-09-11T16:39:10.531+0000][1][safepoint    ] Safepoint "Cleanup", Time since last: 1000110909 ns, Reaching safepoint: 82210 ns, At safepoint: 9328 ns, Total: 91538 ns
[2020-09-11T16:39:11.531+0000][1][safepoint    ] Safepoint "Cleanup", Time since last: 1000111940 ns, Reaching safepoint: 77773 ns, At safepoint: 7488 ns, Total: 85261 ns
[2020-09-11T16:39:12.531+0000][1][safepoint    ] Safepoint "Cleanup", Time since last: 1000114659 ns, Reaching safepoint: 85528 ns, At safepoint: 10651 ns, Total: 96179 ns
[2020-09-11T16:39:13.532+0000][1][safepoint    ] Safepoint "Cleanup", Time since last: 1000132412 ns, Reaching safepoint: 152017 ns, At safepoint: 7365 ns, Total: 159382 ns
[2020-09-11T16:39:14.535+0000][1][safepoint    ] Safepoint "Cleanup", Time since last: 1003265408 ns, Reaching safepoint: 80910 ns, At safepoint: 7757 ns, Total: 88667 ns
[2020-09-11T16:39:15.535+0000][1][safepoint    ] Safepoint "Cleanup", Time since last: 1000113516 ns, Reaching safepoint: 82182 ns, At safepoint: 9594 ns, Total: 91776 ns
[2020-09-11T16:39:16.535+0000][1][safepoint    ] Safepoint "Cleanup", Time since last: 1000118901 ns, Reaching safepoint: 89218 ns, At safepoint: 8062 ns, Total: 97280 ns
[2020-09-11T16:39:17.536+0000][1][safepoint    ] Safepoint "Cleanup", Time since last: 1000120103 ns, Reaching safepoint: 95940 ns, At safepoint: 10122 ns, Total: 106062 ns
[2020-09-11T16:39:18.536+0000][1][safepoint    ] Safepoint "Cleanup", Time since last: 1000105849 ns, Reaching safepoint: 78509 ns, At safepoint: 7743 ns, Total: 86252 ns
[2020-09-11T16:39:19.536+0000][1][safepoint    ] Safepoint "Cleanup", Time since last: 1000114562 ns, Reaching safepoint: 82069 ns, At safepoint: 9285 ns, Total: 91354 ns
[2020-09-11T16:39:20.536+0000][1][safepoint    ] Safepoint "Cleanup", Time since last: 1000130453 ns, Reaching safepoint: 79139 ns, At safepoint: 7584 ns, Total: 86723 ns
[2020-09-11T16:39:21.536+0000][1][safepoint    ] Safepoint "Cleanup", Time since last: 1000119797 ns, Reaching safepoint: 90295 ns, At safepoint: 10591 ns, Total: 100886 ns
[2020-09-11T16:39:22.537+0000][1][safepoint    ] Safepoint "Cleanup", Time since last: 1000124943 ns, Reaching safepoint: 82884 ns, At safepoint: 8011 ns, Total: 90895 ns
[2020-09-11T16:39:23.537+0000][1][safepoint    ] Safepoint "Cleanup", Time since last: 1000108377 ns, Reaching safepoint: 85153 ns, At safepoint: 6987 ns, Total: 92140 ns
[2020-09-11T16:39:24.537+0000][1][safepoint    ] Safepoint "Cleanup", Time since last: 1000112564 ns, Reaching safepoint: 90731 ns, At safepoint: 10532 ns, Total: 101263 ns
[2020-09-11T16:39:25.537+0000][1][safepoint    ] Safepoint "Cleanup", Time since last: 1000114801 ns, Reaching safepoint: 80995 ns, At safepoint: 7630 ns, Total: 88625 ns
[2020-09-11T16:39:26.537+0000][1][safepoint    ] Safepoint "Cleanup", Time since last: 1000115549 ns, Reaching safepoint: 91758 ns, At safepoint: 10326 ns, Total: 102084 ns
[2020-09-11T16:39:27.538+0000][1][safepoint    ] Safepoint "Cleanup", Time since last: 1000112406 ns, Reaching safepoint: 79736 ns, At safepoint: 7003 ns, Total: 86739 ns
[2020-09-11T16:39:28.538+0000][1][safepoint    ] Safepoint "Cleanup", Time since last: 1000120905 ns, Reaching safepoint: 82270 ns, At safepoint: 9081 ns, Total: 91351 ns
[2020-09-11T16:39:29.538+0000][1][safepoint    ] Safepoint "Cleanup", Time since last: 1000116065 ns, Reaching safepoint: 80101 ns, At safepoint: 9218 ns, Total: 89319 ns
[2020-09-11T16:39:30.538+0000][1][safepoint    ] Safepoint "Cleanup", Time since last: 1000114442 ns, Reaching safepoint: 81614 ns, At safepoint: 10121 ns, Total: 91735 ns
[2020-09-11T16:39:31.539+0000][1][safepoint    ] Safepoint "Cleanup", Time since last: 1000116511 ns, Reaching safepoint: 93215 ns, At safepoint: 10428 ns, Total: 103643 ns
[2020-09-11T16:39:32.539+0000][1][safepoint    ] Safepoint "Cleanup", Time since last: 1000114850 ns, Reaching safepoint: 79755 ns, At safepoint: 7912 ns, Total: 87667 ns
[2020-09-11T16:39:33.539+0000][1][safepoint    ] Safepoint "Cleanup", Time since last: 1000106290 ns, Reaching safepoint: 84324 ns, At safepoint: 8817 ns, Total: 93141 ns
[2020-09-11T16:39:33.797+0000][1][gc,start     ] GC(116) Pause Young (Allocation Failure)
[2020-09-11T16:39:33.797+0000][1][gc,task      ] GC(116) Using 1 workers of 1 for evacuation
[2020-09-11T16:39:33.824+0000][1][gc,age       ] GC(116) Desired survivor size 4358144 bytes, new threshold 6 (max threshold 6)
[2020-09-11T16:39:33.824+0000][1][gc,age       ] GC(116) Age table with threshold 6 (max threshold 6)
[2020-09-11T16:39:33.824+0000][1][gc,age       ] GC(116) - age   1:     191416 bytes,     191416 total
[2020-09-11T16:39:33.824+0000][1][gc,age       ] GC(116) - age   2:     142000 bytes,     333416 total
[2020-09-11T16:39:33.824+0000][1][gc,age       ] GC(116) - age   3:     377624 bytes,     711040 total
[2020-09-11T16:39:33.824+0000][1][gc,age       ] GC(116) - age   4:      16592 bytes,     727632 total
[2020-09-11T16:39:33.824+0000][1][gc,age       ] GC(116) - age   5:       7072 bytes,     734704 total
[2020-09-11T16:39:33.824+0000][1][gc,age       ] GC(116) - age   6:      11248 bytes,     745952 total
[2020-09-11T16:39:33.824+0000][1][gc,heap      ] GC(116) ParNew: 69470K->788K(76672K)
[2020-09-11T16:39:33.824+0000][1][gc,heap      ] GC(116) CMS: 143079K->143119K(2011968K)
[2020-09-11T16:39:33.824+0000][1][gc,metaspace ] GC(116) Metaspace: 94844K->94844K(1136640K)
[2020-09-11T16:39:33.824+0000][1][gc           ] GC(116) Pause Young (Allocation Failure) 207M->140M(2039M) 26.440ms
[2020-09-11T16:39:33.824+0000][1][gc,cpu       ] GC(116) User=0.01s Sys=0.00s Real=0.03s
[2020-09-11T16:39:33.824+0000][1][safepoint    ] Safepoint "GenCollectForAllocation", Time since last: 258269922 ns, Reaching safepoint: 87029 ns, At safepoint: 26858237 ns, Total: 26945266 ns
[2020-09-11T16:39:34.830+0000][1][safepoint    ] Safepoint "Cleanup", Time since last: 1005346093 ns, Reaching safepoint: 76477 ns, At safepoint: 19543 ns, Total: 96020 ns
[2020-09-11T16:39:35.830+0000][1][safepoint    ] Safepoint "Cleanup", Time since last: 1000105227 ns, Reaching safepoint: 88249 ns, At safepoint: 8562 ns, Total: 96811 ns
[2020-09-11T16:39:41.830+0000][1][safepoint    ] Safepoint "Cleanup", Time since last: 6000504484 ns, Reaching safepoint: 166235 ns, At safepoint: 10123 ns, Total: 176358 ns
[2020-09-11T16:39:43.831+0000][1][safepoint    ] Safepoint "Cleanup", Time since last: 2000192325 ns, Reaching safepoint: 87307 ns, At safepoint: 7823 ns, Total: 95130 ns
[2020-09-11T16:39:45.831+0000][1][safepoint    ] Safepoint "Cleanup", Time since last: 2000188724 ns, Reaching safepoint: 88083 ns, At safepoint: 8506 ns, Total: 96589 ns
[2020-09-11T16:39:50.832+0000][1][safepoint    ] Safepoint "Cleanup", Time since last: 5000417899 ns, Reaching safepoint: 88404 ns, At safepoint: 10038 ns, Total: 98442 ns
[2020-09-11T16:39:54.832+0000][1][safepoint    ] Safepoint "Cleanup", Time since last: 4000344481 ns, Reaching safepoint: 93997 ns, At safepoint: 7472 ns, Total: 101469 ns
[2020-09-11T16:39:55.832+0000][1][safepoint    ] Safepoint "Cleanup", Time since last: 1000118641 ns, Reaching safepoint: 85673 ns, At safepoint: 7627 ns, Total: 93300 ns
[2020-09-11T16:40:00.837+0000][1][gc,start     ] GC(117) Pause Young (Allocation Failure)
[2020-09-11T16:40:00.837+0000][1][gc,task      ] GC(117) Using 1 workers of 1 for evacuation
[2020-09-11T16:40:00.860+0000][1][gc,age       ] GC(117) Desired survivor size 4358144 bytes, new threshold 6 (max threshold 6)
[2020-09-11T16:40:00.860+0000][1][gc,age       ] GC(117) Age table with threshold 6 (max threshold 6)
[2020-09-11T16:40:00.860+0000][1][gc,age       ] GC(117) - age   1:     378520 bytes,     378520 total
[2020-09-11T16:40:00.860+0000][1][gc,age       ] GC(117) - age   2:     127872 bytes,     506392 total
[2020-09-11T16:40:00.860+0000][1][gc,age       ] GC(117) - age   3:     136192 bytes,     642584 total
[2020-09-11T16:40:00.860+0000][1][gc,age       ] GC(117) - age   4:     122440 bytes,     765024 total
[2020-09-11T16:40:00.860+0000][1][gc,age       ] GC(117) - age   5:      16592 bytes,     781616 total
[2020-09-11T16:40:00.860+0000][1][gc,age       ] GC(117) - age   6:       7072 bytes,     788688 total
[2020-09-11T16:40:00.860+0000][1][gc,heap      ] GC(117) ParNew: 68948K->1486K(76672K)
[2020-09-11T16:40:00.860+0000][1][gc,heap      ] GC(117) CMS: 143119K->143130K(2011968K)
[2020-09-11T16:40:00.860+0000][1][gc,metaspace ] GC(117) Metaspace: 94880K->94880K(1136640K)
[2020-09-11T16:40:00.860+0000][1][gc           ] GC(117) Pause Young (Allocation Failure) 207M->141M(2039M) 23.606ms
[2020-09-11T16:40:00.860+0000][1][gc,cpu       ] GC(117) User=0.01s Sys=0.00s Real=0.02s
[2020-09-11T16:40:00.865+0000][1][safepoint    ] Safepoint "GenCollectForAllocation", Time since last: 5004429347 ns, Reaching safepoint: 81334 ns, At safepoint: 28387100 ns, Total: 28468434 ns
[2020-09-11T16:40:01.879+0000][1][safepoint    ] Safepoint "Cleanup", Time since last: 1014249552 ns, Reaching safepoint: 85882 ns, At safepoint: 21320 ns, Total: 107202 ns
[2020-09-11T16:40:03.880+0000][1][safepoint    ] Safepoint "Cleanup", Time since last: 2000186478 ns, Reaching safepoint: 132341 ns, At safepoint: 8566 ns, Total: 140907 ns
[2020-09-11T16:40:05.880+0000][1][safepoint    ] Safepoint "Cleanup", Time since last: 2000196678 ns, Reaching safepoint: 115313 ns, At safepoint: 10273 ns, Total: 125586 ns
[2020-09-11T16:40:07.880+0000][1][safepoint    ] Safepoint "Cleanup", Time since last: 2000204071 ns, Reaching safepoint: 83780 ns, At safepoint: 9495 ns, Total: 93275 ns
[2020-09-11T16:40:08.881+0000][1][safepoint    ] Safepoint "Cleanup", Time since last: 1000116452 ns, Reaching safepoint: 90812 ns, At safepoint: 8336 ns, Total: 99148 ns
[2020-09-11T16:40:09.881+0000][1][safepoint    ] Safepoint "Cleanup", Time since last: 1000126728 ns, Reaching safepoint: 113639 ns, At safepoint: 9962 ns, Total: 123601 ns
[2020-09-11T16:40:10.881+0000][1][safepoint    ] Safepoint "Cleanup", Time since last: 1000124790 ns, Reaching safepoint: 88576 ns, At safepoint: 7643 ns, Total: 96219 ns
[2020-09-11T16:40:11.881+0000][1][safepoint    ] Safepoint "Cleanup", Time since last: 1000115250 ns, Reaching safepoint: 81546 ns, At safepoint: 8088 ns, Total: 89634 ns
[2020-09-11T16:40:12.882+0000][1][safepoint    ] Safepoint "Cleanup", Time since last: 1000114430 ns, Reaching safepoint: 83926 ns, At safepoint: 9602 ns, Total: 93528 ns
[2020-09-11T16:40:13.882+0000][1][safepoint    ] Safepoint "Cleanup", Time since last: 1000110110 ns, Reaching safepoint: 75944 ns, At safepoint: 8185 ns, Total: 84129 ns
[2020-09-11T16:40:14.882+0000][1][safepoint    ] Safepoint "Cleanup", Time since last: 1000111840 ns, Reaching safepoint: 81914 ns, At safepoint: 8991 ns, Total: 90905 ns
[2020-09-11T16:40:15.882+0000][1][safepoint    ] Safepoint "Cleanup", Time since last: 1000184155 ns, Reaching safepoint: 216544 ns, At safepoint: 10587 ns, Total: 227131 ns
[2020-09-11T16:40:16.885+0000][1][safepoint    ] Safepoint "Cleanup", Time since last: 1002468466 ns, Reaching safepoint: 90728 ns, At safepoint: 6180 ns, Total: 96908 ns
[2020-09-11T16:40:17.886+0000][1][safepoint    ] Safepoint "Cleanup", Time since last: 1001186768 ns, Reaching safepoint: 97951 ns, At safepoint: 7954 ns, Total: 105905 ns
[2020-09-11T16:40:18.886+0000][1][safepoint    ] Safepoint "Cleanup", Time since last: 1000096275 ns, Reaching safepoint: 87699 ns, At safepoint: 5980 ns, Total: 93679 ns
[2020-09-11T16:40:19.887+0000][1][safepoint    ] Safepoint "Cleanup", Time since last: 1000113811 ns, Reaching safepoint: 88895 ns, At safepoint: 8955 ns, Total: 97850 ns
[2020-09-11T16:40:20.887+0000][1][safepoint    ] Safepoint "Cleanup", Time since last: 1000101774 ns, Reaching safepoint: 96497 ns, At safepoint: 6585 ns, Total: 103082 ns
[2020-09-11T16:40:22.397+0000][1][safepoint    ] Safepoint "Cleanup", Time since last: 1510298780 ns, Reaching safepoint: 87415 ns, At safepoint: 17397 ns, Total: 104812 ns
[2020-09-11T16:40:23.401+0000][1][safepoint    ] Safepoint "Cleanup", Time since last: 1003804498 ns, Reaching safepoint: 75781 ns, At safepoint: 7711 ns, Total: 83492 ns
[2020-09-11T16:40:23.509+0000][1][gc,start     ] GC(118) Pause Young (Allocation Failure)
[2020-09-11T16:40:23.509+0000][1][gc,task      ] GC(118) Using 1 workers of 1 for evacuation
[2020-09-11T16:40:23.594+0000][1][gc,age       ] GC(118) Desired survivor size 4358144 bytes, new threshold 6 (max threshold 6)
[2020-09-11T16:40:23.594+0000][1][gc,age       ] GC(118) Age table with threshold 6 (max threshold 6)
[2020-09-11T16:40:23.594+0000][1][gc,age       ] GC(118) - age   1:     297056 bytes,     297056 total
[2020-09-11T16:40:23.594+0000][1][gc,age       ] GC(118) - age   2:     302368 bytes,     599424 total
[2020-09-11T16:40:23.594+0000][1][gc,age       ] GC(118) - age   3:     115464 bytes,     714888 total
[2020-09-11T16:40:23.594+0000][1][gc,age       ] GC(118) - age   4:      76224 bytes,     791112 total
[2020-09-11T16:40:23.594+0000][1][gc,age       ] GC(118) - age   5:      11872 bytes,     802984 total
[2020-09-11T16:40:23.594+0000][1][gc,age       ] GC(118) - age   6:      16592 bytes,     819576 total
[2020-09-11T16:40:23.594+0000][1][gc,heap      ] GC(118) ParNew: 69646K->949K(76672K)
[2020-09-11T16:40:23.594+0000][1][gc,heap      ] GC(118) CMS: 143130K->143137K(2011968K)
[2020-09-11T16:40:23.594+0000][1][gc,metaspace ] GC(118) Metaspace: 94913K->94913K(1136640K)
[2020-09-11T16:40:23.594+0000][1][gc           ] GC(118) Pause Young (Allocation Failure) 207M->140M(2039M) 84.835ms
[2020-09-11T16:40:23.594+0000][1][gc,cpu       ] GC(118) User=0.01s Sys=0.00s Real=0.09s
[2020-09-11T16:40:23.601+0000][1][safepoint    ] Safepoint "GenCollectForAllocation", Time since last: 99707852 ns, Reaching safepoint: 8090590 ns, At safepoint: 91914831 ns, Total: 100005421 ns
[2020-09-11T16:40:24.618+0000][1][safepoint    ] Safepoint "Cleanup", Time since last: 1017090907 ns, Reaching safepoint: 90914 ns, At safepoint: 7336 ns, Total: 98250 ns
[2020-09-11T16:40:25.618+0000][1][safepoint    ] Safepoint "Cleanup", Time since last: 1000127335 ns, Reaching safepoint: 82233 ns, At safepoint: 7246 ns, Total: 89479 ns
[2020-09-11T16:40:26.618+0000][1][safepoint    ] Safepoint "Cleanup", Time since last: 1000118851 ns, Reaching safepoint: 82654 ns, At safepoint: 7518 ns, Total: 90172 ns
[2020-09-11T16:40:27.619+0000][1][safepoint    ] Safepoint "Cleanup", Time since last: 1000116666 ns, Reaching safepoint: 128798 ns, At safepoint: 9006 ns, Total: 137804 ns
[2020-09-11T16:40:28.621+0000][1][safepoint    ] Safepoint "Cleanup", Time since last: 1002101334 ns, Reaching safepoint: 131804 ns, At safepoint: 11597 ns, Total: 143401 ns
[2020-09-11T16:40:29.621+0000][1][safepoint    ] Safepoint "Cleanup", Time since last: 1000113559 ns, Reaching safepoint: 122099 ns, At safepoint: 7627 ns, Total: 129726 ns
[2020-09-11T16:40:30.621+0000][1][safepoint    ] Safepoint "Cleanup", Time since last: 1000111383 ns, Reaching safepoint: 139831 ns, At safepoint: 11830 ns, Total: 151661 ns
[2020-09-11T16:40:31.622+0000][1][safepoint    ] Safepoint "Cleanup", Time since last: 1000108962 ns, Reaching safepoint: 122076 ns, At safepoint: 7874 ns, Total: 129950 ns
[2020-09-11T16:40:32.622+0000][1][safepoint    ] Safepoint "Cleanup", Time since last: 1000108480 ns, Reaching safepoint: 127959 ns, At safepoint: 10988 ns, Total: 138947 ns
[2020-09-11T16:40:33.625+0000][1][safepoint    ] Safepoint "Cleanup", Time since last: 1002850723 ns, Reaching safepoint: 76487 ns, At safepoint: 6903 ns, Total: 83390 ns
[2020-09-11T16:40:35.637+0000][1][safepoint    ] Safepoint "Cleanup", Time since last: 2012030410 ns, Reaching safepoint: 87712 ns, At safepoint: 10613 ns, Total: 98325 ns
[2020-09-11T16:40:38.637+0000][1][safepoint    ] Safepoint "Cleanup", Time since last: 3000230631 ns, Reaching safepoint: 88528 ns, At safepoint: 8326 ns, Total: 96854 ns
[2020-09-11T16:40:41.638+0000][1][safepoint    ] Safepoint "Cleanup", Time since last: 3000264217 ns, Reaching safepoint: 125948 ns, At safepoint: 11757 ns, Total: 137705 ns
[2020-09-11T16:40:50.853+0000][1][gc,start     ] GC(119) Pause Young (Allocation Failure)
[2020-09-11T16:40:50.853+0000][1][gc,task      ] GC(119) Using 1 workers of 1 for evacuation
[2020-09-11T16:40:50.878+0000][1][gc,age       ] GC(119) Desired survivor size 4358144 bytes, new threshold 6 (max threshold 6)
[2020-09-11T16:40:50.878+0000][1][gc,age       ] GC(119) Age table with threshold 6 (max threshold 6)
[2020-09-11T16:40:50.878+0000][1][gc,age       ] GC(119) - age   1:     105240 bytes,     105240 total
[2020-09-11T16:40:50.878+0000][1][gc,age       ] GC(119) - age   2:     204176 bytes,     309416 total
[2020-09-11T16:40:50.878+0000][1][gc,age       ] GC(119) - age   3:     297512 bytes,     606928 total
[2020-09-11T16:40:50.878+0000][1][gc,age       ] GC(119) - age   4:     115208 bytes,     722136 total
[2020-09-11T16:40:50.878+0000][1][gc,age       ] GC(119) - age   5:      75360 bytes,     797496 total
[2020-09-11T16:40:50.878+0000][1][gc,age       ] GC(119) - age   6:      11840 bytes,     809336 total
[2020-09-11T16:40:50.878+0000][1][gc,heap      ] GC(119) ParNew: 69109K->1437K(76672K)
[2020-09-11T16:40:50.878+0000][1][gc,heap      ] GC(119) CMS: 143137K->143153K(2011968K)
[2020-09-11T16:40:50.878+0000][1][gc,metaspace ] GC(119) Metaspace: 94926K->94926K(1136640K)
[2020-09-11T16:40:50.878+0000][1][gc           ] GC(119) Pause Young (Allocation Failure) 207M->141M(2039M) 25.239ms
[2020-09-11T16:40:50.878+0000][1][gc,cpu       ] GC(119) User=0.02s Sys=0.00s Real=0.02s
[2020-09-11T16:40:50.878+0000][1][safepoint    ] Safepoint "GenCollectForAllocation", Time since last: 9211082969 ns, Reaching safepoint: 4076872 ns, At safepoint: 25318261 ns, Total: 29395133 ns
[2020-09-11T16:40:54.889+0000][1][safepoint    ] Safepoint "Cleanup", Time since last: 4010667664 ns, Reaching safepoint: 93886 ns, At safepoint: 7702 ns, Total: 101588 ns
[2020-09-11T16:41:03.890+0000][1][safepoint    ] Safepoint "Cleanup", Time since last: 9000704006 ns, Reaching safepoint: 89285 ns, At safepoint: 7125 ns, Total: 96410 ns
[2020-09-11T16:41:05.890+0000][1][safepoint    ] Safepoint "Cleanup", Time since last: 2000205417 ns, Reaching safepoint: 113137 ns, At safepoint: 8662 ns, Total: 121799 ns
[2020-09-11T16:41:08.890+0000][1][safepoint    ] Safepoint "Cleanup", Time since last: 3000264542 ns, Reaching safepoint: 90657 ns, At safepoint: 8531 ns, Total: 99188 ns
[2020-09-11T16:41:11.894+0000][1][safepoint    ] Safepoint "Cleanup", Time since last: 3003036971 ns, Reaching safepoint: 422000 ns, At safepoint: 9405 ns, Total: 431405 ns
[2020-09-11T16:41:13.485+0000][1][gc,start     ] GC(120) Pause Young (Allocation Failure)
[2020-09-11T16:41:13.485+0000][1][gc,task      ] GC(120) Using 1 workers of 1 for evacuation
[2020-09-11T16:41:13.515+0000][1][gc,age       ] GC(120) Desired survivor size 4358144 bytes, new threshold 6 (max threshold 6)
[2020-09-11T16:41:13.515+0000][1][gc,age       ] GC(120) Age table with threshold 6 (max threshold 6)
[2020-09-11T16:41:13.515+0000][1][gc,age       ] GC(120) - age   1:     232552 bytes,     232552 total
[2020-09-11T16:41:13.515+0000][1][gc,age       ] GC(120) - age   2:      14432 bytes,     246984 total
[2020-09-11T16:41:13.515+0000][1][gc,age       ] GC(120) - age   3:     202600 bytes,     449584 total
[2020-09-11T16:41:13.515+0000][1][gc,age       ] GC(120) - age   4:     257272 bytes,     706856 total
[2020-09-11T16:41:13.515+0000][1][gc,age       ] GC(120) - age   5:      39168 bytes,     746024 total
[2020-09-11T16:41:13.515+0000][1][gc,age       ] GC(120) - age   6:      75360 bytes,     821384 total
[2020-09-11T16:41:13.515+0000][1][gc,heap      ] GC(120) ParNew: 69597K->952K(76672K)
[2020-09-11T16:41:13.515+0000][1][gc,heap      ] GC(120) CMS: 143153K->143164K(2011968K)
[2020-09-11T16:41:13.515+0000][1][gc,metaspace ] GC(120) Metaspace: 94936K->94936K(1136640K)
[2020-09-11T16:41:13.515+0000][1][gc           ] GC(120) Pause Young (Allocation Failure) 207M->140M(2039M) 29.859ms
[2020-09-11T16:41:13.515+0000][1][gc,cpu       ] GC(120) User=0.02s Sys=0.00s Real=0.03s
[2020-09-11T16:41:13.517+0000][1][safepoint    ] Safepoint "GenCollectForAllocation", Time since last: 1589546614 ns, Reaching safepoint: 1392531 ns, At safepoint: 32056194 ns, Total: 33448725 ns
[2020-09-11T16:41:14.529+0000][1][safepoint    ] Safepoint "Cleanup", Time since last: 1011935479 ns, Reaching safepoint: 87657 ns, At safepoint: 7531 ns, Total: 95188 ns
[2020-09-11T16:41:15.529+0000][1][safepoint    ] Safepoint "Cleanup", Time since last: 1000110759 ns, Reaching safepoint: 108967 ns, At safepoint: 9345 ns, Total: 118312 ns
[2020-09-11T16:41:16.529+0000][1][safepoint    ] Safepoint "Cleanup", Time since last: 1000108875 ns, Reaching safepoint: 89552 ns, At safepoint: 10651 ns, Total: 100203 ns
[2020-09-11T16:41:21.530+0000][1][safepoint    ] Safepoint "Cleanup", Time since last: 5000428145 ns, Reaching safepoint: 97947 ns, At safepoint: 10082 ns, Total: 108029 ns
[2020-09-11T16:41:22.530+0000][1][safepoint    ] Safepoint "Cleanup", Time since last: 1000116058 ns, Reaching safepoint: 84235 ns, At safepoint: 7937 ns, Total: 92172 ns
[2020-09-11T16:41:23.530+0000][1][safepoint    ] Safepoint "Cleanup", Time since last: 1000110639 ns, Reaching safepoint: 108568 ns, At safepoint: 7323 ns, Total: 115891 ns
[2020-09-11T16:41:24.531+0000][1][safepoint    ] Safepoint "Cleanup", Time since last: 1000119170 ns, Reaching safepoint: 80938 ns, At safepoint: 7455 ns, Total: 88393 ns
[2020-09-11T16:41:25.531+0000][1][safepoint    ] Safepoint "Cleanup", Time since last: 1000112910 ns, Reaching safepoint: 84887 ns, At safepoint: 7516 ns, Total: 92403 ns
[2020-09-11T16:41:26.531+0000][1][safepoint    ] Safepoint "Cleanup", Time since last: 1000122823 ns, Reaching safepoint: 89183 ns, At safepoint: 11959 ns, Total: 101142 ns
[2020-09-11T16:41:27.531+0000][1][safepoint    ] Safepoint "Cleanup", Time since last: 1000121684 ns, Reaching safepoint: 91927 ns, At safepoint: 10609 ns, Total: 102536 ns
[2020-09-11T16:41:28.531+0000][1][safepoint    ] Safepoint "Cleanup", Time since last: 1000119985 ns, Reaching safepoint: 81980 ns, At safepoint: 7681 ns, Total: 89661 ns
[2020-09-11T16:41:29.532+0000][1][safepoint    ] Safepoint "Cleanup", Time since last: 1000134780 ns, Reaching safepoint: 86941 ns, At safepoint: 9768 ns, Total: 96709 ns
[2020-09-11T16:41:30.532+0000][1][safepoint    ] Safepoint "Cleanup", Time since last: 1000112908 ns, Reaching safepoint: 79517 ns, At safepoint: 7640 ns, Total: 87157 ns
[2020-09-11T16:41:31.548+0000][1][safepoint    ] Safepoint "Cleanup", Time since last: 1016346614 ns, Reaching safepoint: 87081 ns, At safepoint: 9631 ns, Total: 96712 ns
[2020-09-11T16:41:32.548+0000][1][safepoint    ] Safepoint "Cleanup", Time since last: 1000115939 ns, Reaching safepoint: 83135 ns, At safepoint: 7256 ns, Total: 90391 ns
[2020-09-11T16:41:33.549+0000][1][safepoint    ] Safepoint "Cleanup", Time since last: 1000104126 ns, Reaching safepoint: 80431 ns, At safepoint: 6245 ns, Total: 86676 ns
[2020-09-11T16:41:34.549+0000][1][safepoint    ] Safepoint "Cleanup", Time since last: 1000096647 ns, Reaching safepoint: 90794 ns, At safepoint: 10177 ns, Total: 100971 ns
[2020-09-11T16:41:35.121+0000][1][gc,start     ] GC(121) Pause Young (Allocation Failure)
[2020-09-11T16:41:35.121+0000][1][gc,task      ] GC(121) Using 1 workers of 1 for evacuation
[2020-09-11T16:41:35.146+0000][1][gc,age       ] GC(121) Desired survivor size 4358144 bytes, new threshold 6 (max threshold 6)
[2020-09-11T16:41:35.146+0000][1][gc,age       ] GC(121) Age table with threshold 6 (max threshold 6)
[2020-09-11T16:41:35.146+0000][1][gc,age       ] GC(121) - age   1:     745136 bytes,     745136 total
[2020-09-11T16:41:35.146+0000][1][gc,age       ] GC(121) - age   2:     144648 bytes,     889784 total
[2020-09-11T16:41:35.146+0000][1][gc,age       ] GC(121) - age   3:      11936 bytes,     901720 total
[2020-09-11T16:41:35.146+0000][1][gc,age       ] GC(121) - age   4:     130696 bytes,    1032416 total
[2020-09-11T16:41:35.146+0000][1][gc,age       ] GC(121) - age   5:       7576 bytes,    1039992 total
[2020-09-11T16:41:35.146+0000][1][gc,age       ] GC(121) - age   6:      34616 bytes,    1074608 total
[2020-09-11T16:41:35.146+0000][1][gc,heap      ] GC(121) ParNew: 69070K->1441K(76672K)
[2020-09-11T16:41:35.146+0000][1][gc,heap      ] GC(121) CMS: 143164K->143238K(2011968K)
[2020-09-11T16:41:35.146+0000][1][gc,metaspace ] GC(121) Metaspace: 94950K->94950K(1136640K)
[2020-09-11T16:41:35.146+0000][1][gc           ] GC(121) Pause Young (Allocation Failure) 207M->141M(2039M) 24.992ms
[2020-09-11T16:41:35.146+0000][1][gc,cpu       ] GC(121) User=0.01s Sys=0.00s Real=0.02s
[2020-09-11T16:41:35.149+0000][1][safepoint    ] Safepoint "GenCollectForAllocation", Time since last: 569596347 ns, Reaching safepoint: 2425192 ns, At safepoint: 28244056 ns, Total: 30669248 ns
[2020-09-11T16:41:36.170+0000][1][safepoint    ] Safepoint "Cleanup", Time since last: 1020693843 ns, Reaching safepoint: 82658 ns, At safepoint: 8795 ns, Total: 91453 ns
[2020-09-11T16:41:37.170+0000][1][safepoint    ] Safepoint "Cleanup", Time since last: 1000109722 ns, Reaching safepoint: 86052 ns, At safepoint: 10104 ns, Total: 96156 ns
[2020-09-11T16:41:38.173+0000][1][safepoint    ] Safepoint "Cleanup", Time since last: 1002642292 ns, Reaching safepoint: 82784 ns, At safepoint: 8657 ns, Total: 91441 ns
[2020-09-11T16:41:39.173+0000][1][safepoint    ] Safepoint "Cleanup", Time since last: 1000125385 ns, Reaching safepoint: 91379 ns, At safepoint: 7029 ns, Total: 98408 ns
[2020-09-11T16:41:40.173+0000][1][safepoint    ] Safepoint "Cleanup", Time since last: 1000120036 ns, Reaching safepoint: 100643 ns, At safepoint: 7575 ns, Total: 108218 ns
[2020-09-11T16:41:41.174+0000][1][safepoint    ] Safepoint "Cleanup", Time since last: 1000300944 ns, Reaching safepoint: 94110 ns, At safepoint: 11003 ns, Total: 105113 ns
[2020-09-11T16:41:42.174+0000][1][safepoint    ] Safepoint "Cleanup", Time since last: 1000170580 ns, Reaching safepoint: 91923 ns, At safepoint: 10007 ns, Total: 101930 ns
[2020-09-11T16:41:43.174+0000][1][safepoint    ] Safepoint "Cleanup", Time since last: 1000111704 ns, Reaching safepoint: 164905 ns, At safepoint: 12727 ns, Total: 177632 ns
[2020-09-11T16:41:44.175+0000][1][safepoint    ] Safepoint "Cleanup", Time since last: 1000119743 ns, Reaching safepoint: 88824 ns, At safepoint: 7568 ns, Total: 96392 ns
[2020-09-11T16:41:45.409+0000][1][safepoint    ] Safepoint "Cleanup", Time since last: 1234394202 ns, Reaching safepoint: 92744 ns, At safepoint: 7826 ns, Total: 100570 ns
[2020-09-11T16:41:46.410+0000][1][safepoint    ] Safepoint "Cleanup", Time since last: 1001300562 ns, Reaching safepoint: 90306 ns, At safepoint: 7399 ns, Total: 97705 ns
[2020-09-11T16:41:47.411+0000][1][safepoint    ] Safepoint "Cleanup", Time since last: 1000103212 ns, Reaching safepoint: 81899 ns, At safepoint: 8893 ns, Total: 90792 ns
[2020-09-11T16:41:48.411+0000][1][safepoint    ] Safepoint "Cleanup", Time since last: 1000110802 ns, Reaching safepoint: 80458 ns, At safepoint: 7832 ns, Total: 88290 ns
[2020-09-11T16:41:49.411+0000][1][safepoint    ] Safepoint "Cleanup", Time since last: 1000115718 ns, Reaching safepoint: 80237 ns, At safepoint: 7543 ns, Total: 87780 ns
[2020-09-11T16:41:50.411+0000][1][safepoint    ] Safepoint "Cleanup", Time since last: 1000110512 ns, Reaching safepoint: 83368 ns, At safepoint: 9099 ns, Total: 92467 ns
[2020-09-11T16:41:51.411+0000][1][safepoint    ] Safepoint "Cleanup", Time since last: 1000109529 ns, Reaching safepoint: 83154 ns, At safepoint: 7506 ns, Total: 90660 ns
[2020-09-11T16:41:53.698+0000][1][safepoint    ] Safepoint "Cleanup", Time since last: 2286056461 ns, Reaching safepoint: 97055 ns, At safepoint: 8523 ns, Total: 105578 ns
[2020-09-11T16:41:54.698+0000][1][safepoint    ] Safepoint "Cleanup", Time since last: 1000120386 ns, Reaching safepoint: 80569 ns, At safepoint: 7207 ns, Total: 87776 ns
[2020-09-11T16:41:56.002+0000][1][safepoint    ] Safepoint "Cleanup", Time since last: 1303888294 ns, Reaching safepoint: 89714 ns, At safepoint: 9293 ns, Total: 99007 ns
[2020-09-11T16:41:57.002+0000][1][safepoint    ] Safepoint "Cleanup", Time since last: 1000188069 ns, Reaching safepoint: 76192 ns, At safepoint: 7222 ns, Total: 83414 ns
[2020-09-11T16:41:58.002+0000][1][safepoint    ] Safepoint "Cleanup", Time since last: 1000222139 ns, Reaching safepoint: 76575 ns, At safepoint: 8500 ns, Total: 85075 ns
[2020-09-11T16:41:59.003+0000][1][safepoint    ] Safepoint "Cleanup", Time since last: 1000181137 ns, Reaching safepoint: 73278 ns, At safepoint: 6085 ns, Total: 79363 ns
[2020-09-11T16:42:00.003+0000][1][safepoint    ] Safepoint "Cleanup", Time since last: 1000097387 ns, Reaching safepoint: 98849 ns, At safepoint: 8617 ns, Total: 107466 ns
[2020-09-11T16:42:01.003+0000][1][safepoint    ] Safepoint "Cleanup", Time since last: 1000118766 ns, Reaching safepoint: 96034 ns, At safepoint: 8903 ns, Total: 104937 ns
[2020-09-11T16:42:02.003+0000][1][safepoint    ] Safepoint "Cleanup", Time since last: 1000118141 ns, Reaching safepoint: 89355 ns, At safepoint: 6250 ns, Total: 95605 ns
[2020-09-11T16:42:03.003+0000][1][safepoint    ] Safepoint "Cleanup", Time since last: 1000140639 ns, Reaching safepoint: 93779 ns, At safepoint: 7961 ns, Total: 101740 ns
[2020-09-11T16:42:04.004+0000][1][safepoint    ] Safepoint "Cleanup", Time since last: 1000127993 ns, Reaching safepoint: 93061 ns, At safepoint: 6844 ns, Total: 99905 ns
[2020-09-11T16:42:05.004+0000][1][safepoint    ] Safepoint "Cleanup", Time since last: 1000121124 ns, Reaching safepoint: 132226 ns, At safepoint: 9868 ns, Total: 142094 ns
[2020-09-11T16:42:06.992+0000][1][gc,start     ] GC(122) Pause Young (Allocation Failure)
[2020-09-11T16:42:06.992+0000][1][gc,task      ] GC(122) Using 1 workers of 1 for evacuation
[2020-09-11T16:42:07.019+0000][1][gc,age       ] GC(122) Desired survivor size 4358144 bytes, new threshold 6 (max threshold 6)
[2020-09-11T16:42:07.019+0000][1][gc,age       ] GC(122) Age table with threshold 6 (max threshold 6)
[2020-09-11T16:42:07.019+0000][1][gc,age       ] GC(122) - age   1:     261160 bytes,     261160 total
[2020-09-11T16:42:07.019+0000][1][gc,age       ] GC(122) - age   2:     633952 bytes,     895112 total
[2020-09-11T16:42:07.019+0000][1][gc,age       ] GC(122) - age   3:     139584 bytes,    1034696 total
[2020-09-11T16:42:07.019+0000][1][gc,age       ] GC(122) - age   4:      11664 bytes,    1046360 total
[2020-09-11T16:42:07.019+0000][1][gc,age       ] GC(122) - age   5:      63272 bytes,    1109632 total
[2020-09-11T16:42:07.019+0000][1][gc,age       ] GC(122) - age   6:       7576 bytes,    1117208 total
[2020-09-11T16:42:07.019+0000][1][gc,heap      ] GC(122) ParNew: 69601K->1934K(76672K)
[2020-09-11T16:42:07.019+0000][1][gc,heap      ] GC(122) CMS: 143238K->143272K(2011968K)
[2020-09-11T16:42:07.019+0000][1][gc,metaspace ] GC(122) Metaspace: 94976K->94976K(1136640K)
[2020-09-11T16:42:07.019+0000][1][gc           ] GC(122) Pause Young (Allocation Failure) 207M->141M(2039M) 27.250ms
[2020-09-11T16:42:07.019+0000][1][gc,cpu       ] GC(122) User=0.02s Sys=0.00s Real=0.03s
[2020-09-11T16:42:07.021+0000][1][safepoint    ] Safepoint "GenCollectForAllocation", Time since last: 1986944144 ns, Reaching safepoint: 898861 ns, At safepoint: 28990995 ns, Total: 29889856 ns
[2020-09-11T16:42:08.028+0000][1][safepoint    ] Safepoint "Cleanup", Time since last: 1007284913 ns, Reaching safepoint: 116474 ns, At safepoint: 17678 ns, Total: 134152 ns
[2020-09-11T16:42:09.759+0000][1][safepoint    ] Safepoint "Cleanup", Time since last: 1730678953 ns, Reaching safepoint: 135057 ns, At safepoint: 14886 ns, Total: 149943 ns
[2020-09-11T16:42:10.759+0000][1][safepoint    ] Safepoint "Cleanup", Time since last: 1000116206 ns, Reaching safepoint: 127056 ns, At safepoint: 8093 ns, Total: 135149 ns
[2020-09-11T16:42:11.762+0000][1][safepoint    ] Safepoint "Cleanup", Time since last: 1002613299 ns, Reaching safepoint: 147824 ns, At safepoint: 10344 ns, Total: 158168 ns
[2020-09-11T16:42:12.762+0000][1][safepoint    ] Safepoint "Cleanup", Time since last: 1000113241 ns, Reaching safepoint: 115484 ns, At safepoint: 9966 ns, Total: 125450 ns
[2020-09-11T16:42:13.763+0000][1][safepoint    ] Safepoint "Cleanup", Time since last: 1000113999 ns, Reaching safepoint: 80563 ns, At safepoint: 6669 ns, Total: 87232 ns
[2020-09-11T16:42:15.792+0000][1][safepoint    ] Safepoint "Cleanup", Time since last: 2028957876 ns, Reaching safepoint: 81752 ns, At safepoint: 7429 ns, Total: 89181 ns
[2020-09-11T16:42:16.792+0000][1][safepoint    ] Safepoint "Cleanup", Time since last: 1000116524 ns, Reaching safepoint: 82978 ns, At safepoint: 9595 ns, Total: 92573 ns
[2020-09-11T16:42:17.792+0000][1][safepoint    ] Safepoint "Cleanup", Time since last: 1000118875 ns, Reaching safepoint: 81905 ns, At safepoint: 7817 ns, Total: 89722 ns
[2020-09-11T16:42:18.792+0000][1][safepoint    ] Safepoint "Cleanup", Time since last: 1000119990 ns, Reaching safepoint: 85277 ns, At safepoint: 9695 ns, Total: 94972 ns
[2020-09-11T16:42:20.704+0000][1][safepoint    ] Safepoint "Cleanup", Time since last: 1911332449 ns, Reaching safepoint: 132920 ns, At safepoint: 11452 ns, Total: 144372 ns
[2020-09-11T16:42:28.027+0000][1][safepoint    ] Safepoint "Cleanup", Time since last: 7322711712 ns, Reaching safepoint: 137500 ns, At safepoint: 8469 ns, Total: 145969 ns
[2020-09-11T16:42:29.027+0000][1][safepoint    ] Safepoint "Cleanup", Time since last: 1000112988 ns, Reaching safepoint: 125552 ns, At safepoint: 7448 ns, Total: 133000 ns
[2020-09-11T16:42:30.382+0000][1][safepoint    ] Safepoint "Cleanup", Time since last: 1355148271 ns, Reaching safepoint: 94312 ns, At safepoint: 8391 ns, Total: 102703 ns
[2020-09-11T16:42:30.845+0000][1][gc,start     ] GC(123) Pause Young (Allocation Failure)
[2020-09-11T16:42:30.845+0000][1][gc,task      ] GC(123) Using 1 workers of 1 for evacuation
[2020-09-11T16:42:30.866+0000][1][gc,age       ] GC(123) Desired survivor size 4358144 bytes, new threshold 6 (max threshold 6)
[2020-09-11T16:42:30.867+0000][1][gc,age       ] GC(123) Age table with threshold 6 (max threshold 6)
[2020-09-11T16:42:30.867+0000][1][gc,age       ] GC(123) - age   1:     166600 bytes,     166600 total
[2020-09-11T16:42:30.867+0000][1][gc,age       ] GC(123) - age   2:     154608 bytes,     321208 total
[2020-09-11T16:42:30.867+0000][1][gc,age       ] GC(123) - age   3:     630288 bytes,     951496 total
[2020-09-11T16:42:30.867+0000][1][gc,age       ] GC(123) - age   4:     138072 bytes,    1089568 total
[2020-09-11T16:42:30.867+0000][1][gc,age       ] GC(123) - age   5:      10376 bytes,    1099944 total
[2020-09-11T16:42:30.867+0000][1][gc,age       ] GC(123) - age   6:       6920 bytes,    1106864 total
[2020-09-11T16:42:30.867+0000][1][gc,heap      ] GC(123) ParNew: 70094K->1301K(76672K)
[2020-09-11T16:42:30.867+0000][1][gc,heap      ] GC(123) CMS: 143272K->143279K(2011968K)
[2020-09-11T16:42:30.867+0000][1][gc,metaspace ] GC(123) Metaspace: 95000K->95000K(1136640K)
[2020-09-11T16:42:30.867+0000][1][gc           ] GC(123) Pause Young (Allocation Failure) 208M->141M(2039M) 21.752ms
[2020-09-11T16:42:30.867+0000][1][gc,cpu       ] GC(123) User=0.02s Sys=0.00s Real=0.02s
[2020-09-11T16:42:30.869+0000][1][safepoint    ] Safepoint "GenCollectForAllocation", Time since last: 459059510 ns, Reaching safepoint: 3775254 ns, At safepoint: 23930513 ns, Total: 27705767 ns
[2020-09-11T16:42:31.884+0000][1][safepoint    ] Safepoint "Cleanup", Time since last: 1014856331 ns, Reaching safepoint: 85365 ns, At safepoint: 20955 ns, Total: 106320 ns
[2020-09-11T16:42:32.884+0000][1][safepoint    ] Safepoint "Cleanup", Time since last: 1000119582 ns, Reaching safepoint: 84567 ns, At safepoint: 10344 ns, Total: 94911 ns
[2020-09-11T16:42:33.884+0000][1][safepoint    ] Safepoint "Cleanup", Time since last: 1000118442 ns, Reaching safepoint: 94692 ns, At safepoint: 9824 ns, Total: 104516 ns
[2020-09-11T16:42:34.884+0000][1][safepoint    ] Safepoint "Cleanup", Time since last: 1000108539 ns, Reaching safepoint: 78836 ns, At safepoint: 6826 ns, Total: 85662 ns
[2020-09-11T16:42:35.885+0000][1][safepoint    ] Safepoint "Cleanup", Time since last: 1000116109 ns, Reaching safepoint: 83836 ns, At safepoint: 7428 ns, Total: 91264 ns
[2020-09-11T16:42:36.889+0000][1][safepoint    ] Safepoint "Cleanup", Time since last: 1004207517 ns, Reaching safepoint: 88395 ns, At safepoint: 8113 ns, Total: 96508 ns
[2020-09-11T16:42:37.889+0000][1][safepoint    ] Safepoint "Cleanup", Time since last: 1000115164 ns, Reaching safepoint: 81810 ns, At safepoint: 7489 ns, Total: 89299 ns
[2020-09-11T16:42:38.889+0000][1][safepoint    ] Safepoint "Cleanup", Time since last: 1000114655 ns, Reaching safepoint: 93745 ns, At safepoint: 9410 ns, Total: 103155 ns
[2020-09-11T16:42:39.890+0000][1][safepoint    ] Safepoint "Cleanup", Time since last: 1000114657 ns, Reaching safepoint: 83915 ns, At safepoint: 7782 ns, Total: 91697 ns
[2020-09-11T16:42:40.893+0000][1][safepoint    ] Safepoint "Cleanup", Time since last: 1003292139 ns, Reaching safepoint: 110488 ns, At safepoint: 9094 ns, Total: 119582 ns
[2020-09-11T16:42:41.897+0000][1][safepoint    ] Safepoint "Cleanup", Time since last: 1003840819 ns, Reaching safepoint: 92121 ns, At safepoint: 9984 ns, Total: 102105 ns
[2020-09-11T16:42:42.897+0000][1][safepoint    ] Safepoint "Cleanup", Time since last: 1000115398 ns, Reaching safepoint: 85304 ns, At safepoint: 8128 ns, Total: 93432 ns
[2020-09-11T16:42:43.897+0000][1][safepoint    ] Safepoint "Cleanup", Time since last: 1000109115 ns, Reaching safepoint: 87816 ns, At safepoint: 8026 ns, Total: 95842 ns
[2020-09-11T16:42:44.898+0000][1][safepoint    ] Safepoint "Cleanup", Time since last: 1000118147 ns, Reaching safepoint: 84005 ns, At safepoint: 10237 ns, Total: 94242 ns
[2020-09-11T16:42:45.898+0000][1][safepoint    ] Safepoint "Cleanup", Time since last: 1000110326 ns, Reaching safepoint: 86619 ns, At safepoint: 7402 ns, Total: 94021 ns
[2020-09-11T16:42:46.898+0000][1][safepoint    ] Safepoint "Cleanup", Time since last: 1000113274 ns, Reaching safepoint: 83421 ns, At safepoint: 9561 ns, Total: 92982 ns
[2020-09-11T16:42:47.898+0000][1][safepoint    ] Safepoint "Cleanup", Time since last: 1000111954 ns, Reaching safepoint: 83541 ns, At safepoint: 7362 ns, Total: 90903 ns
[2020-09-11T16:42:48.898+0000][1][safepoint    ] Safepoint "Cleanup", Time since last: 1000126077 ns, Reaching safepoint: 84842 ns, At safepoint: 9682 ns, Total: 94524 ns
[2020-09-11T16:42:49.899+0000][1][safepoint    ] Safepoint "Cleanup", Time since last: 1000116409 ns, Reaching safepoint: 82087 ns, At safepoint: 8053 ns, Total: 90140 ns
[2020-09-11T16:42:50.899+0000][1][safepoint    ] Safepoint "Cleanup", Time since last: 1000113783 ns, Reaching safepoint: 84159 ns, At safepoint: 7670 ns, Total: 91829 ns
[2020-09-11T16:42:51.899+0000][1][safepoint    ] Safepoint "Cleanup", Time since last: 1000119608 ns, Reaching safepoint: 86814 ns, At safepoint: 8330 ns, Total: 95144 ns
[2020-09-11T16:42:52.063+0000][1][gc,start     ] GC(124) Pause Young (Allocation Failure)
[2020-09-11T16:42:52.063+0000][1][gc,task      ] GC(124) Using 1 workers of 1 for evacuation
[2020-09-11T16:42:52.087+0000][1][gc,age       ] GC(124) Desired survivor size 4358144 bytes, new threshold 6 (max threshold 6)
[2020-09-11T16:42:52.087+0000][1][gc,age       ] GC(124) Age table with threshold 6 (max threshold 6)
[2020-09-11T16:42:52.087+0000][1][gc,age       ] GC(124) - age   1:      76872 bytes,      76872 total
[2020-09-11T16:42:52.087+0000][1][gc,age       ] GC(124) - age   2:      82488 bytes,     159360 total
[2020-09-11T16:42:52.087+0000][1][gc,age       ] GC(124) - age   3:     151056 bytes,     310416 total
[2020-09-11T16:42:52.087+0000][1][gc,age       ] GC(124) - age   4:     629008 bytes,     939424 total
[2020-09-11T16:42:52.087+0000][1][gc,age       ] GC(124) - age   5:     138040 bytes,    1077464 total
[2020-09-11T16:42:52.087+0000][1][gc,age       ] GC(124) - age   6:      10072 bytes,    1087536 total
[2020-09-11T16:42:52.087+0000][1][gc,heap      ] GC(124) ParNew: 69461K->1946K(76672K)
[2020-09-11T16:42:52.087+0000][1][gc,heap      ] GC(124) CMS: 143279K->143286K(2011968K)
[2020-09-11T16:42:52.087+0000][1][gc,metaspace ] GC(124) Metaspace: 95014K->95014K(1136640K)
[2020-09-11T16:42:52.087+0000][1][gc           ] GC(124) Pause Young (Allocation Failure) 207M->141M(2039M) 24.473ms
[2020-09-11T16:42:52.087+0000][1][gc,cpu       ] GC(124) User=0.01s Sys=0.00s Real=0.02s
[2020-09-11T16:42:52.087+0000][1][safepoint    ] Safepoint "GenCollectForAllocation", Time since last: 163647996 ns, Reaching safepoint: 77434 ns, At safepoint: 24543397 ns, Total: 24620831 ns
[2020-09-11T16:42:53.098+0000][1][safepoint    ] Safepoint "Cleanup", Time since last: 1010929118 ns, Reaching safepoint: 82833 ns, At safepoint: 37470 ns, Total: 120303 ns
[2020-09-11T16:42:54.099+0000][1][safepoint    ] Safepoint "Cleanup", Time since last: 1000689788 ns, Reaching safepoint: 84188 ns, At safepoint: 7604 ns, Total: 91792 ns
[2020-09-11T16:42:55.099+0000][1][safepoint    ] Safepoint "Cleanup", Time since last: 1000116734 ns, Reaching safepoint: 93320 ns, At safepoint: 9725 ns, Total: 103045 ns
[2020-09-11T16:42:56.100+0000][1][safepoint    ] Safepoint "Cleanup", Time since last: 1000115774 ns, Reaching safepoint: 88444 ns, At safepoint: 8005 ns, Total: 96449 ns
[2020-09-11T16:42:57.103+0000][1][safepoint    ] Safepoint "Cleanup", Time since last: 1003691953 ns, Reaching safepoint: 160144 ns, At safepoint: 11516 ns, Total: 171660 ns
[2020-09-11T16:42:58.104+0000][1][safepoint    ] Safepoint "Cleanup", Time since last: 1000114751 ns, Reaching safepoint: 82210 ns, At safepoint: 8397 ns, Total: 90607 ns
[2020-09-11T16:42:59.104+0000][1][safepoint    ] Safepoint "Cleanup", Time since last: 1000111717 ns, Reaching safepoint: 83152 ns, At safepoint: 9296 ns, Total: 92448 ns
[2020-09-11T16:43:00.104+0000][1][safepoint    ] Safepoint "Cleanup", Time since last: 1000113834 ns, Reaching safepoint: 83117 ns, At safepoint: 9734 ns, Total: 92851 ns
[2020-09-11T16:43:01.104+0000][1][safepoint    ] Safepoint "Cleanup", Time since last: 1000112188 ns, Reaching safepoint: 82625 ns, At safepoint: 7038 ns, Total: 89663 ns
[2020-09-11T16:43:02.105+0000][1][safepoint    ] Safepoint "Cleanup", Time since last: 1000602317 ns, Reaching safepoint: 76528 ns, At safepoint: 8131 ns, Total: 84659 ns
[2020-09-11T16:43:03.105+0000][1][safepoint    ] Safepoint "Cleanup", Time since last: 1000123189 ns, Reaching safepoint: 82365 ns, At safepoint: 7459 ns, Total: 89824 ns
[2020-09-11T16:43:04.105+0000][1][safepoint    ] Safepoint "Cleanup", Time since last: 1000110452 ns, Reaching safepoint: 83803 ns, At safepoint: 8006 ns, Total: 91809 ns
[2020-09-11T16:43:05.107+0000][1][safepoint    ] Safepoint "Cleanup", Time since last: 1001859275 ns, Reaching safepoint: 84260 ns, At safepoint: 8866 ns, Total: 93126 ns
[2020-09-11T16:43:06.107+0000][1][safepoint    ] Safepoint "Cleanup", Time since last: 1000075479 ns, Reaching safepoint: 84467 ns, At safepoint: 7554 ns, Total: 92021 ns
[2020-09-11T16:43:07.109+0000][1][safepoint    ] Safepoint "Cleanup", Time since last: 1000131466 ns, Reaching safepoint: 1363922 ns, At safepoint: 11944 ns, Total: 1375866 ns
[2020-09-11T16:43:08.109+0000][1][safepoint    ] Safepoint "Cleanup", Time since last: 1000111921 ns, Reaching safepoint: 80821 ns, At safepoint: 7249 ns, Total: 88070 ns
[2020-09-11T16:43:09.109+0000][1][safepoint    ] Safepoint "Cleanup", Time since last: 1000109057 ns, Reaching safepoint: 84332 ns, At safepoint: 9870 ns, Total: 94202 ns
[2020-09-11T16:43:10.110+0000][1][safepoint    ] Safepoint "Cleanup", Time since last: 1000120872 ns, Reaching safepoint: 85178 ns, At safepoint: 10231 ns, Total: 95409 ns
[2020-09-11T16:43:11.110+0000][1][safepoint    ] Safepoint "Cleanup", Time since last: 1000108956 ns, Reaching safepoint: 78018 ns, At safepoint: 7167 ns, Total: 85185 ns
[2020-09-11T16:43:13.461+0000][1][gc,start     ] GC(125) Pause Young (Allocation Failure)
[2020-09-11T16:43:13.462+0000][1][gc,task      ] GC(125) Using 1 workers of 1 for evacuation
[2020-09-11T16:43:13.491+0000][1][gc,age       ] GC(125) Desired survivor size 4358144 bytes, new threshold 6 (max threshold 6)
[2020-09-11T16:43:13.491+0000][1][gc,age       ] GC(125) Age table with threshold 6 (max threshold 6)
[2020-09-11T16:43:13.491+0000][1][gc,age       ] GC(125) - age   1:     203736 bytes,     203736 total
[2020-09-11T16:43:13.491+0000][1][gc,age       ] GC(125) - age   2:      16496 bytes,     220232 total
[2020-09-11T16:43:13.491+0000][1][gc,age       ] GC(125) - age   3:      78288 bytes,     298520 total
[2020-09-11T16:43:13.491+0000][1][gc,age       ] GC(125) - age   4:     149776 bytes,     448296 total
[2020-09-11T16:43:13.491+0000][1][gc,age       ] GC(125) - age   5:     629008 bytes,    1077304 total
[2020-09-11T16:43:13.491+0000][1][gc,age       ] GC(125) - age   6:      47320 bytes,    1124624 total
[2020-09-11T16:43:13.491+0000][1][gc,heap      ] GC(125) ParNew: 70106K->1283K(76672K)
[2020-09-11T16:43:13.491+0000][1][gc,heap      ] GC(125) CMS: 143286K->143296K(2011968K)
[2020-09-11T16:43:13.491+0000][1][gc,metaspace ] GC(125) Metaspace: 95016K->95016K(1136640K)
[2020-09-11T16:43:13.491+0000][1][gc           ] GC(125) Pause Young (Allocation Failure) 208M->141M(2039M) 29.262ms
[2020-09-11T16:43:13.491+0000][1][gc,cpu       ] GC(125) User=0.02s Sys=0.00s Real=0.02s
[2020-09-11T16:43:13.491+0000][1][safepoint    ] Safepoint "GenCollectForAllocation", Time since last: 2351596283 ns, Reaching safepoint: 154397 ns, At safepoint: 29333376 ns, Total: 29487773 ns
[2020-09-11T16:43:14.512+0000][1][safepoint    ] Safepoint "Cleanup", Time since last: 1021180834 ns, Reaching safepoint: 85842 ns, At safepoint: 7382 ns, Total: 93224 ns
[2020-09-11T16:43:21.513+0000][1][safepoint    ] Safepoint "Cleanup", Time since last: 7000582324 ns, Reaching safepoint: 109066 ns, At safepoint: 7609 ns, Total: 116675 ns
[2020-09-11T16:43:24.513+0000][1][safepoint    ] Safepoint "Cleanup", Time since last: 3000262491 ns, Reaching safepoint: 89798 ns, At safepoint: 7657 ns, Total: 97455 ns
[2020-09-11T16:43:25.513+0000][1][safepoint    ] Safepoint "Cleanup", Time since last: 1000119196 ns, Reaching safepoint: 89731 ns, At safepoint: 10764 ns, Total: 100495 ns
[2020-09-11T16:43:31.514+0000][1][safepoint    ] Safepoint "Cleanup", Time since last: 6000491590 ns, Reaching safepoint: 87681 ns, At safepoint: 7850 ns, Total: 95531 ns
[2020-09-11T16:43:33.514+0000][1][safepoint    ] Safepoint "Cleanup", Time since last: 2000214406 ns, Reaching safepoint: 103026 ns, At safepoint: 7876 ns, Total: 110902 ns
[2020-09-11T16:43:34.514+0000][1][safepoint    ] Safepoint "Cleanup", Time since last: 1000114681 ns, Reaching safepoint: 87813 ns, At safepoint: 9754 ns, Total: 97567 ns
[2020-09-11T16:43:39.515+0000][1][safepoint    ] Safepoint "Cleanup", Time since last: 5000413571 ns, Reaching safepoint: 89846 ns, At safepoint: 10515 ns, Total: 100361 ns
[2020-09-11T16:43:40.852+0000][1][gc,start     ] GC(126) Pause Young (Allocation Failure)
[2020-09-11T16:43:40.852+0000][1][gc,task      ] GC(126) Using 1 workers of 1 for evacuation
[2020-09-11T16:43:40.881+0000][1][gc,age       ] GC(126) Desired survivor size 4358144 bytes, new threshold 6 (max threshold 6)
[2020-09-11T16:43:40.881+0000][1][gc,age       ] GC(126) Age table with threshold 6 (max threshold 6)
[2020-09-11T16:43:40.881+0000][1][gc,age       ] GC(126) - age   1:     571600 bytes,     571600 total
[2020-09-11T16:43:40.881+0000][1][gc,age       ] GC(126) - age   2:     118808 bytes,     690408 total
[2020-09-11T16:43:40.881+0000][1][gc,age       ] GC(126) - age   3:      10896 bytes,     701304 total
[2020-09-11T16:43:40.881+0000][1][gc,age       ] GC(126) - age   4:      75488 bytes,     776792 total
[2020-09-11T16:43:40.881+0000][1][gc,age       ] GC(126) - age   5:     149712 bytes,     926504 total
[2020-09-11T16:43:40.881+0000][1][gc,age       ] GC(126) - age   6:     346872 bytes,    1273376 total
[2020-09-11T16:43:40.882+0000][1][gc,heap      ] GC(126) ParNew: 69431K->1968K(76672K)
[2020-09-11T16:43:40.882+0000][1][gc,heap      ] GC(126) CMS: 143296K->143305K(2011968K)
[2020-09-11T16:43:40.882+0000][1][gc,metaspace ] GC(126) Metaspace: 95046K->95046K(1136640K)
[2020-09-11T16:43:40.882+0000][1][gc           ] GC(126) Pause Young (Allocation Failure) 207M->141M(2039M) 29.759ms
[2020-09-11T16:43:40.882+0000][1][gc,cpu       ] GC(126) User=0.01s Sys=0.00s Real=0.04s
[2020-09-11T16:43:40.882+0000][1][safepoint    ] Safepoint "GenCollectForAllocation", Time since last: 1336604797 ns, Reaching safepoint: 171011 ns, At safepoint: 29872881 ns, Total: 30043892 ns
[2020-09-11T16:43:41.889+0000][1][safepoint    ] Safepoint "Cleanup", Time since last: 1007355148 ns, Reaching safepoint: 91690 ns, At safepoint: 23700 ns, Total: 115390 ns
[2020-09-11T16:43:45.890+0000][1][safepoint    ] Safepoint "Cleanup", Time since last: 4000331547 ns, Reaching safepoint: 111908 ns, At safepoint: 10525 ns, Total: 122433 ns
[2020-09-11T16:43:47.890+0000][1][safepoint    ] Safepoint "Cleanup", Time since last: 2000188933 ns, Reaching safepoint: 84558 ns, At safepoint: 8292 ns, Total: 92850 ns
[2020-09-11T16:43:48.890+0000][1][safepoint    ] Safepoint "Cleanup", Time since last: 1000110112 ns, Reaching safepoint: 88273 ns, At safepoint: 7657 ns, Total: 95930 ns
[2020-09-11T16:43:49.890+0000][1][safepoint    ] Safepoint "Cleanup", Time since last: 1000113013 ns, Reaching safepoint: 84073 ns, At safepoint: 9359 ns, Total: 93432 ns
[2020-09-11T16:43:50.890+0000][1][safepoint    ] Safepoint "Cleanup", Time since last: 1000114796 ns, Reaching safepoint: 89043 ns, At safepoint: 7464 ns, Total: 96507 ns
[2020-09-11T16:43:51.891+0000][1][safepoint    ] Safepoint "Cleanup", Time since last: 1000115724 ns, Reaching safepoint: 96275 ns, At safepoint: 18831 ns, Total: 115106 ns
[2020-09-11T16:43:52.891+0000][1][safepoint    ] Safepoint "Cleanup", Time since last: 1000112735 ns, Reaching safepoint: 82390 ns, At safepoint: 7067 ns, Total: 89457 ns
[2020-09-11T16:43:53.893+0000][1][safepoint    ] Safepoint "Cleanup", Time since last: 1000100739 ns, Reaching safepoint: 1871835 ns, At safepoint: 9781 ns, Total: 1881616 ns
[2020-09-11T16:43:54.893+0000][1][safepoint    ] Safepoint "Cleanup", Time since last: 1000113322 ns, Reaching safepoint: 83939 ns, At safepoint: 9824 ns, Total: 93763 ns
[2020-09-11T16:43:55.893+0000][1][safepoint    ] Safepoint "Cleanup", Time since last: 1000111749 ns, Reaching safepoint: 80919 ns, At safepoint: 7673 ns, Total: 88592 ns
[2020-09-11T16:43:56.894+0000][1][safepoint    ] Safepoint "Cleanup", Time since last: 1000128816 ns, Reaching safepoint: 82383 ns, At safepoint: 9195 ns, Total: 91578 ns
[2020-09-11T16:43:57.894+0000][1][safepoint    ] Safepoint "Cleanup", Time since last: 1000110816 ns, Reaching safepoint: 88521 ns, At safepoint: 9046 ns, Total: 97567 ns
[2020-09-11T16:43:58.894+0000][1][safepoint    ] Safepoint "Cleanup", Time since last: 1000111618 ns, Reaching safepoint: 83138 ns, At safepoint: 9382 ns, Total: 92520 ns
[2020-09-11T16:43:59.894+0000][1][safepoint    ] Safepoint "Cleanup", Time since last: 1000138289 ns, Reaching safepoint: 85331 ns, At safepoint: 9522 ns, Total: 94853 ns
[2020-09-11T16:44:00.894+0000][1][safepoint    ] Safepoint "Cleanup", Time since last: 1000117763 ns, Reaching safepoint: 81631 ns, At safepoint: 7795 ns, Total: 89426 ns
[2020-09-11T16:44:01.895+0000][1][safepoint    ] Safepoint "Cleanup", Time since last: 1000117998 ns, Reaching safepoint: 87218 ns, At safepoint: 8048 ns, Total: 95266 ns
[2020-09-11T16:44:02.175+0000][1][gc,start     ] GC(127) Pause Young (Allocation Failure)
[2020-09-11T16:44:02.175+0000][1][gc,task      ] GC(127) Using 1 workers of 1 for evacuation
[2020-09-11T16:44:02.205+0000][1][gc,age       ] GC(127) Desired survivor size 4358144 bytes, new threshold 6 (max threshold 6)
[2020-09-11T16:44:02.205+0000][1][gc,age       ] GC(127) Age table with threshold 6 (max threshold 6)
[2020-09-11T16:44:02.205+0000][1][gc,age       ] GC(127) - age   1:     291344 bytes,     291344 total
[2020-09-11T16:44:02.205+0000][1][gc,age       ] GC(127) - age   2:     378208 bytes,     669552 total
[2020-09-11T16:44:02.205+0000][1][gc,age       ] GC(127) - age   3:     116056 bytes,     785608 total
[2020-09-11T16:44:02.205+0000][1][gc,age       ] GC(127) - age   4:       8352 bytes,     793960 total
[2020-09-11T16:44:02.205+0000][1][gc,age       ] GC(127) - age   5:      75488 bytes,     869448 total
[2020-09-11T16:44:02.205+0000][1][gc,age       ] GC(127) - age   6:      73840 bytes,     943288 total
[2020-09-11T16:44:02.205+0000][1][gc,heap      ] GC(127) ParNew: 70128K->1178K(76672K)
[2020-09-11T16:44:02.205+0000][1][gc,heap      ] GC(127) CMS: 143305K->143564K(2011968K)
[2020-09-11T16:44:02.205+0000][1][gc,metaspace ] GC(127) Metaspace: 95090K->95090K(1136640K)
[2020-09-11T16:44:02.205+0000][1][gc           ] GC(127) Pause Young (Allocation Failure) 208M->141M(2039M) 30.527ms
[2020-09-11T16:44:02.205+0000][1][gc,cpu       ] GC(127) User=0.02s Sys=0.00s Real=0.03s
[2020-09-11T16:44:02.205+0000][1][safepoint    ] Safepoint "GenCollectForAllocation", Time since last: 279871010 ns, Reaching safepoint: 74101 ns, At safepoint: 30615015 ns, Total: 30689116 ns
[2020-09-11T16:44:03.209+0000][1][safepoint    ] Safepoint "Cleanup", Time since last: 1003807041 ns, Reaching safepoint: 166612 ns, At safepoint: 19481 ns, Total: 186093 ns
[2020-09-11T16:44:04.209+0000][1][safepoint    ] Safepoint "Cleanup", Time since last: 1000102327 ns, Reaching safepoint: 81649 ns, At safepoint: 5670 ns, Total: 87319 ns
[2020-09-11T16:44:05.210+0000][1][safepoint    ] Safepoint "Cleanup", Time since last: 1000109123 ns, Reaching safepoint: 77626 ns, At safepoint: 6291 ns, Total: 83917 ns
[2020-09-11T16:44:06.210+0000][1][safepoint    ] Safepoint "Cleanup", Time since last: 1000109989 ns, Reaching safepoint: 69031 ns, At safepoint: 5245 ns, Total: 74276 ns
[2020-09-11T16:44:07.210+0000][1][safepoint    ] Safepoint "Cleanup", Time since last: 1000105555 ns, Reaching safepoint: 155889 ns, At safepoint: 10696 ns, Total: 166585 ns
[2020-09-11T16:44:08.210+0000][1][safepoint    ] Safepoint "Cleanup", Time since last: 1000104996 ns, Reaching safepoint: 81946 ns, At safepoint: 7220 ns, Total: 89166 ns
[2020-09-11T16:44:09.210+0000][1][safepoint    ] Safepoint "Cleanup", Time since last: 1000110593 ns, Reaching safepoint: 87538 ns, At safepoint: 9769 ns, Total: 97307 ns
[2020-09-11T16:44:10.211+0000][1][safepoint    ] Safepoint "Cleanup", Time since last: 1000106132 ns, Reaching safepoint: 83767 ns, At safepoint: 7160 ns, Total: 90927 ns
[2020-09-11T16:44:11.211+0000][1][safepoint    ] Safepoint "Cleanup", Time since last: 1000125518 ns, Reaching safepoint: 83991 ns, At safepoint: 8903 ns, Total: 92894 ns
[2020-09-11T16:44:12.211+0000][1][safepoint    ] Safepoint "Cleanup", Time since last: 1000108102 ns, Reaching safepoint: 77073 ns, At safepoint: 6506 ns, Total: 83579 ns
[2020-09-11T16:44:13.211+0000][1][safepoint    ] Safepoint "Cleanup", Time since last: 1000108966 ns, Reaching safepoint: 78635 ns, At safepoint: 8698 ns, Total: 87333 ns
[2020-09-11T16:44:14.211+0000][1][safepoint    ] Safepoint "Cleanup", Time since last: 1000124917 ns, Reaching safepoint: 95916 ns, At safepoint: 10343 ns, Total: 106259 ns
[2020-09-11T16:44:15.212+0000][1][safepoint    ] Safepoint "Cleanup", Time since last: 1000118974 ns, Reaching safepoint: 89343 ns, At safepoint: 7245 ns, Total: 96588 ns
[2020-09-11T16:44:16.212+0000][1][safepoint    ] Safepoint "Cleanup", Time since last: 1000121332 ns, Reaching safepoint: 84383 ns, At safepoint: 9251 ns, Total: 93634 ns
[2020-09-11T16:44:17.212+0000][1][safepoint    ] Safepoint "Cleanup", Time since last: 1000116785 ns, Reaching safepoint: 81600 ns, At safepoint: 7150 ns, Total: 88750 ns
[2020-09-11T16:44:18.212+0000][1][safepoint    ] Safepoint "Cleanup", Time since last: 1000113001 ns, Reaching safepoint: 83270 ns, At safepoint: 9120 ns, Total: 92390 ns
[2020-09-11T16:44:19.212+0000][1][safepoint    ] Safepoint "Cleanup", Time since last: 1000112838 ns, Reaching safepoint: 106571 ns, At safepoint: 8260 ns, Total: 114831 ns
[2020-09-11T16:44:20.213+0000][1][safepoint    ] Safepoint "Cleanup", Time since last: 1000115541 ns, Reaching safepoint: 101745 ns, At safepoint: 8084 ns, Total: 109829 ns
[2020-09-11T16:44:21.213+0000][1][safepoint    ] Safepoint "Cleanup", Time since last: 1000127614 ns, Reaching safepoint: 82974 ns, At safepoint: 8045 ns, Total: 91019 ns
[2020-09-11T16:44:22.213+0000][1][safepoint    ] Safepoint "Cleanup", Time since last: 1000109887 ns, Reaching safepoint: 87299 ns, At safepoint: 9129 ns, Total: 96428 ns
[2020-09-11T16:44:23.213+0000][1][safepoint    ] Safepoint "Cleanup", Time since last: 1000109798 ns, Reaching safepoint: 83814 ns, At safepoint: 8471 ns, Total: 92285 ns
[2020-09-11T16:44:23.504+0000][1][gc,start     ] GC(128) Pause Young (Allocation Failure)
[2020-09-11T16:44:23.504+0000][1][gc,task      ] GC(128) Using 1 workers of 1 for evacuation
[2020-09-11T16:44:23.544+0000][1][gc,age       ] GC(128) Desired survivor size 4358144 bytes, new threshold 6 (max threshold 6)
[2020-09-11T16:44:23.544+0000][1][gc,age       ] GC(128) Age table with threshold 6 (max threshold 6)
[2020-09-11T16:44:23.544+0000][1][gc,age       ] GC(128) - age   1:     162352 bytes,     162352 total
[2020-09-11T16:44:23.544+0000][1][gc,age       ] GC(128) - age   2:     227000 bytes,     389352 total
[2020-09-11T16:44:23.544+0000][1][gc,age       ] GC(128) - age   3:     371024 bytes,     760376 total
[2020-09-11T16:44:23.544+0000][1][gc,age       ] GC(128) - age   4:     115984 bytes,     876360 total
[2020-09-11T16:44:23.544+0000][1][gc,age       ] GC(128) - age   5:       8352 bytes,     884712 total
[2020-09-11T16:44:23.544+0000][1][gc,age       ] GC(128) - age   6:      19952 bytes,     904664 total
[2020-09-11T16:44:23.544+0000][1][gc,heap      ] GC(128) ParNew: 69338K->985K(76672K)
[2020-09-11T16:44:23.544+0000][1][gc,heap      ] GC(128) CMS: 143564K->143636K(2011968K)
[2020-09-11T16:44:23.544+0000][1][gc,metaspace ] GC(128) Metaspace: 95127K->95127K(1136640K)
[2020-09-11T16:44:23.544+0000][1][gc           ] GC(128) Pause Young (Allocation Failure) 207M->141M(2039M) 39.796ms
[2020-09-11T16:44:23.544+0000][1][gc,cpu       ] GC(128) User=0.01s Sys=0.00s Real=0.04s
[2020-09-11T16:44:23.553+0000][1][safepoint    ] Safepoint "GenCollectForAllocation", Time since last: 287440159 ns, Reaching safepoint: 3075868 ns, At safepoint: 48956650 ns, Total: 52032518 ns
[2020-09-11T16:44:24.561+0000][1][safepoint    ] Safepoint "Cleanup", Time since last: 1008123253 ns, Reaching safepoint: 78610 ns, At safepoint: 6427 ns, Total: 85037 ns
[2020-09-11T16:44:25.561+0000][1][safepoint    ] Safepoint "Cleanup", Time since last: 1000125109 ns, Reaching safepoint: 79930 ns, At safepoint: 7650 ns, Total: 87580 ns
[2020-09-11T16:44:26.561+0000][1][safepoint    ] Safepoint "Cleanup", Time since last: 1000117804 ns, Reaching safepoint: 84105 ns, At safepoint: 8040 ns, Total: 92145 ns
[2020-09-11T16:44:27.562+0000][1][safepoint    ] Safepoint "Cleanup", Time since last: 1000114535 ns, Reaching safepoint: 101941 ns, At safepoint: 12539 ns, Total: 114480 ns
[2020-09-11T16:44:28.562+0000][1][safepoint    ] Safepoint "Cleanup", Time since last: 1000116295 ns, Reaching safepoint: 79349 ns, At safepoint: 7082 ns, Total: 86431 ns
[2020-09-11T16:44:29.562+0000][1][safepoint    ] Safepoint "Cleanup", Time since last: 1000111556 ns, Reaching safepoint: 80786 ns, At safepoint: 7417 ns, Total: 88203 ns
[2020-09-11T16:44:35.563+0000][1][safepoint    ] Safepoint "Cleanup", Time since last: 6000480424 ns, Reaching safepoint: 89904 ns, At safepoint: 9805 ns, Total: 99709 ns
[2020-09-11T16:44:40.563+0000][1][safepoint    ] Safepoint "Cleanup", Time since last: 5000437628 ns, Reaching safepoint: 97273 ns, At safepoint: 10861 ns, Total: 108134 ns
[2020-09-11T16:44:41.563+0000][1][safepoint    ] Safepoint "Cleanup", Time since last: 1000124116 ns, Reaching safepoint: 88689 ns, At safepoint: 8139 ns, Total: 96828 ns
[2020-09-11T16:44:43.564+0000][1][safepoint    ] Safepoint "Cleanup", Time since last: 2000193542 ns, Reaching safepoint: 78751 ns, At safepoint: 7266 ns, Total: 86017 ns
[2020-09-11T16:44:45.564+0000][1][safepoint    ] Safepoint "Cleanup", Time since last: 2000168386 ns, Reaching safepoint: 86270 ns, At safepoint: 7401 ns, Total: 93671 ns
[2020-09-11T16:44:46.564+0000][1][safepoint    ] Safepoint "Cleanup", Time since last: 1000108679 ns, Reaching safepoint: 89106 ns, At safepoint: 15487 ns, Total: 104593 ns
[2020-09-11T16:44:47.564+0000][1][safepoint    ] Safepoint "Cleanup", Time since last: 1000121131 ns, Reaching safepoint: 81913 ns, At safepoint: 7303 ns, Total: 89216 ns
[2020-09-11T16:44:48.565+0000][1][safepoint    ] Safepoint "Cleanup", Time since last: 1000120253 ns, Reaching safepoint: 197932 ns, At safepoint: 8980 ns, Total: 206912 ns
[2020-09-11T16:44:49.565+0000][1][safepoint    ] Safepoint "Cleanup", Time since last: 1000138552 ns, Reaching safepoint: 80294 ns, At safepoint: 9019 ns, Total: 89313 ns
[2020-09-11T16:44:50.565+0000][1][safepoint    ] Safepoint "Cleanup", Time since last: 1000112151 ns, Reaching safepoint: 82166 ns, At safepoint: 8908 ns, Total: 91074 ns
[2020-09-11T16:44:50.857+0000][1][gc,start     ] GC(129) Pause Young (Allocation Failure)
[2020-09-11T16:44:50.857+0000][1][gc,task      ] GC(129) Using 1 workers of 1 for evacuation
[2020-09-11T16:44:50.882+0000][1][gc,age       ] GC(129) Desired survivor size 4358144 bytes, new threshold 6 (max threshold 6)
[2020-09-11T16:44:50.882+0000][1][gc,age       ] GC(129) Age table with threshold 6 (max threshold 6)
[2020-09-11T16:44:50.882+0000][1][gc,age       ] GC(129) - age   1:     163320 bytes,     163320 total
[2020-09-11T16:44:50.882+0000][1][gc,age       ] GC(129) - age   2:      76736 bytes,     240056 total
[2020-09-11T16:44:50.882+0000][1][gc,age       ] GC(129) - age   3:     223080 bytes,     463136 total
[2020-09-11T16:44:50.882+0000][1][gc,age       ] GC(129) - age   4:     369520 bytes,     832656 total
[2020-09-11T16:44:50.882+0000][1][gc,age       ] GC(129) - age   5:      72456 bytes,     905112 total
[2020-09-11T16:44:50.882+0000][1][gc,age       ] GC(129) - age   6:       8320 bytes,     913432 total
[2020-09-11T16:44:50.882+0000][1][gc,heap      ] GC(129) ParNew: 69145K->908K(76672K)
[2020-09-11T16:44:50.882+0000][1][gc,heap      ] GC(129) CMS: 143636K->143646K(2011968K)
[2020-09-11T16:44:50.882+0000][1][gc,metaspace ] GC(129) Metaspace: 95154K->95154K(1136640K)
[2020-09-11T16:44:50.882+0000][1][gc           ] GC(129) Pause Young (Allocation Failure) 207M->141M(2039M) 25.491ms
[2020-09-11T16:44:50.882+0000][1][gc,cpu       ] GC(129) User=0.01s Sys=0.00s Real=0.03s
[2020-09-11T16:44:50.882+0000][1][safepoint    ] Safepoint "GenCollectForAllocation", Time since last: 287902817 ns, Reaching safepoint: 3819969 ns, At safepoint: 25575902 ns, Total: 29395871 ns
[2020-09-11T16:44:51.903+0000][1][safepoint    ] Safepoint "Cleanup", Time since last: 1020962464 ns, Reaching safepoint: 80615 ns, At safepoint: 7919 ns, Total: 88534 ns
[2020-09-11T16:44:52.904+0000][1][safepoint    ] Safepoint "Cleanup", Time since last: 1000112543 ns, Reaching safepoint: 84809 ns, At safepoint: 8478 ns, Total: 93287 ns
[2020-09-11T16:44:53.904+0000][1][safepoint    ] Safepoint "Cleanup", Time since last: 1000125129 ns, Reaching safepoint: 209151 ns, At safepoint: 11573 ns, Total: 220724 ns
[2020-09-11T16:44:54.904+0000][1][safepoint    ] Safepoint "Cleanup", Time since last: 1000115467 ns, Reaching safepoint: 81774 ns, At safepoint: 7829 ns, Total: 89603 ns
[2020-09-11T16:44:55.904+0000][1][safepoint    ] Safepoint "Cleanup", Time since last: 1000113293 ns, Reaching safepoint: 88775 ns, At safepoint: 9283 ns, Total: 98058 ns
[2020-09-11T16:44:56.905+0000][1][safepoint    ] Safepoint "Cleanup", Time since last: 1000116034 ns, Reaching safepoint: 81050 ns, At safepoint: 8399 ns, Total: 89449 ns
[2020-09-11T16:44:57.905+0000][1][safepoint    ] Safepoint "Cleanup", Time since last: 1000100414 ns, Reaching safepoint: 82757 ns, At safepoint: 9095 ns, Total: 91852 ns
[2020-09-11T16:44:58.905+0000][1][safepoint    ] Safepoint "Cleanup", Time since last: 1000112533 ns, Reaching safepoint: 92446 ns, At safepoint: 9644 ns, Total: 102090 ns
[2020-09-11T16:44:59.905+0000][1][safepoint    ] Safepoint "Cleanup", Time since last: 1000115103 ns, Reaching safepoint: 79385 ns, At safepoint: 7552 ns, Total: 86937 ns
[2020-09-11T16:45:00.905+0000][1][safepoint    ] Safepoint "Cleanup", Time since last: 1000110102 ns, Reaching safepoint: 88930 ns, At safepoint: 8013 ns, Total: 96943 ns
[2020-09-11T16:45:01.906+0000][1][safepoint    ] Safepoint "Cleanup", Time since last: 1000116396 ns, Reaching safepoint: 80868 ns, At safepoint: 7311 ns, Total: 88179 ns
[2020-09-11T16:45:02.906+0000][1][safepoint    ] Safepoint "Cleanup", Time since last: 1000112358 ns, Reaching safepoint: 82194 ns, At safepoint: 9201 ns, Total: 91395 ns
[2020-09-11T16:45:03.906+0000][1][safepoint    ] Safepoint "Cleanup", Time since last: 1000114781 ns, Reaching safepoint: 79304 ns, At safepoint: 7873 ns, Total: 87177 ns
[2020-09-11T16:45:04.906+0000][1][safepoint    ] Safepoint "Cleanup", Time since last: 1000112618 ns, Reaching safepoint: 91976 ns, At safepoint: 7848 ns, Total: 99824 ns
[2020-09-11T16:45:05.907+0000][1][safepoint    ] Safepoint "Cleanup", Time since last: 1000115030 ns, Reaching safepoint: 80708 ns, At safepoint: 7884 ns, Total: 88592 ns
[2020-09-11T16:45:06.909+0000][1][safepoint    ] Safepoint "Cleanup", Time since last: 1002254092 ns, Reaching safepoint: 224420 ns, At safepoint: 9472 ns, Total: 233892 ns
[2020-09-11T16:45:07.909+0000][1][safepoint    ] Safepoint "Cleanup", Time since last: 1000114041 ns, Reaching safepoint: 80266 ns, At safepoint: 7346 ns, Total: 87612 ns
[2020-09-11T16:45:08.909+0000][1][safepoint    ] Safepoint "Cleanup", Time since last: 1000107973 ns, Reaching safepoint: 83734 ns, At safepoint: 8424 ns, Total: 92158 ns
[2020-09-11T16:45:09.910+0000][1][safepoint    ] Safepoint "Cleanup", Time since last: 1000114099 ns, Reaching safepoint: 89290 ns, At safepoint: 9998 ns, Total: 99288 ns
[2020-09-11T16:45:10.910+0000][1][safepoint    ] Safepoint "Cleanup", Time since last: 1000111642 ns, Reaching safepoint: 97205 ns, At safepoint: 8759 ns, Total: 105964 ns
[2020-09-11T16:45:11.910+0000][1][safepoint    ] Safepoint "Cleanup", Time since last: 1000123541 ns, Reaching safepoint: 81097 ns, At safepoint: 7908 ns, Total: 89005 ns
[2020-09-11T16:45:12.914+0000][1][safepoint    ] Safepoint "Cleanup", Time since last: 1002723853 ns, Reaching safepoint: 880401 ns, At safepoint: 15716 ns, Total: 896117 ns
[2020-09-11T16:45:13.914+0000][1][safepoint    ] Safepoint "Cleanup", Time since last: 1000105840 ns, Reaching safepoint: 89705 ns, At safepoint: 9103 ns, Total: 98808 ns
[2020-09-11T16:45:14.914+0000][1][safepoint    ] Safepoint "Cleanup", Time since last: 1000124243 ns, Reaching safepoint: 81862 ns, At safepoint: 9328 ns, Total: 91190 ns
[2020-09-11T16:45:15.102+0000][1][gc,start     ] GC(130) Pause Young (Allocation Failure)
[2020-09-11T16:45:15.102+0000][1][gc,task      ] GC(130) Using 1 workers of 1 for evacuation
[2020-09-11T16:45:15.132+0000][1][gc,age       ] GC(130) Desired survivor size 4358144 bytes, new threshold 6 (max threshold 6)
[2020-09-11T16:45:15.132+0000][1][gc,age       ] GC(130) Age table with threshold 6 (max threshold 6)
[2020-09-11T16:45:15.132+0000][1][gc,age       ] GC(130) - age   1:     577712 bytes,     577712 total
[2020-09-11T16:45:15.132+0000][1][gc,age       ] GC(130) - age   2:      73880 bytes,     651592 total
[2020-09-11T16:45:15.132+0000][1][gc,age       ] GC(130) - age   3:      72248 bytes,     723840 total
[2020-09-11T16:45:15.132+0000][1][gc,age       ] GC(130) - age   4:     219328 bytes,     943168 total
[2020-09-11T16:45:15.132+0000][1][gc,age       ] GC(130) - age   5:      58480 bytes,    1001648 total
[2020-09-11T16:45:15.132+0000][1][gc,age       ] GC(130) - age   6:      14240 bytes,    1015888 total
[2020-09-11T16:45:15.132+0000][1][gc,heap      ] GC(130) ParNew: 69068K->1792K(76672K)
[2020-09-11T16:45:15.132+0000][1][gc,heap      ] GC(130) CMS: 143646K->143654K(2011968K)
[2020-09-11T16:45:15.132+0000][1][gc,metaspace ] GC(130) Metaspace: 95170K->95170K(1136640K)
[2020-09-11T16:45:15.133+0000][1][gc           ] GC(130) Pause Young (Allocation Failure) 207M->142M(2039M) 30.329ms
[2020-09-11T16:45:15.133+0000][1][gc,cpu       ] GC(130) User=0.02s Sys=0.00s Real=0.02s
[2020-09-11T16:45:15.141+0000][1][safepoint    ] Safepoint "GenCollectForAllocation", Time since last: 187989352 ns, Reaching safepoint: 106197 ns, At safepoint: 38658434 ns, Total: 38764631 ns
[2020-09-11T16:45:16.170+0000][1][safepoint    ] Safepoint "Cleanup", Time since last: 1028535808 ns, Reaching safepoint: 102169 ns, At safepoint: 23235 ns, Total: 125404 ns
[2020-09-11T16:45:17.170+0000][1][safepoint    ] Safepoint "Cleanup", Time since last: 1000112520 ns, Reaching safepoint: 78417 ns, At safepoint: 18705 ns, Total: 97122 ns
[2020-09-11T16:45:18.170+0000][1][safepoint    ] Safepoint "Cleanup", Time since last: 1000111147 ns, Reaching safepoint: 82994 ns, At safepoint: 8412 ns, Total: 91406 ns
[2020-09-11T16:45:19.170+0000][1][safepoint    ] Safepoint "Cleanup", Time since last: 1000126613 ns, Reaching safepoint: 89874 ns, At safepoint: 7684 ns, Total: 97558 ns
[2020-09-11T16:45:20.170+0000][1][safepoint    ] Safepoint "Cleanup", Time since last: 1000135038 ns, Reaching safepoint: 209378 ns, At safepoint: 10739 ns, Total: 220117 ns
[2020-09-11T16:45:21.171+0000][1][safepoint    ] Safepoint "Cleanup", Time since last: 1000115873 ns, Reaching safepoint: 86386 ns, At safepoint: 7597 ns, Total: 93983 ns
[2020-09-11T16:45:22.171+0000][1][safepoint    ] Safepoint "Cleanup", Time since last: 1000116902 ns, Reaching safepoint: 85396 ns, At safepoint: 7127 ns, Total: 92523 ns
[2020-09-11T16:45:23.171+0000][1][safepoint    ] Safepoint "Cleanup", Time since last: 1000119089 ns, Reaching safepoint: 82176 ns, At safepoint: 8404 ns, Total: 90580 ns
[2020-09-11T16:45:24.171+0000][1][safepoint    ] Safepoint "Cleanup", Time since last: 1000117165 ns, Reaching safepoint: 92568 ns, At safepoint: 10061 ns, Total: 102629 ns
[2020-09-11T16:45:25.172+0000][1][safepoint    ] Safepoint "Cleanup", Time since last: 1000159041 ns, Reaching safepoint: 78418 ns, At safepoint: 7801 ns, Total: 86219 ns
[2020-09-11T16:45:26.172+0000][1][safepoint    ] Safepoint "Cleanup", Time since last: 1000108526 ns, Reaching safepoint: 88253 ns, At safepoint: 8719 ns, Total: 96972 ns
[2020-09-11T16:45:27.172+0000][1][safepoint    ] Safepoint "Cleanup", Time since last: 1000110123 ns, Reaching safepoint: 81952 ns, At safepoint: 10010 ns, Total: 91962 ns
[2020-09-11T16:45:28.172+0000][1][safepoint    ] Safepoint "Cleanup", Time since last: 1000104459 ns, Reaching safepoint: 79457 ns, At safepoint: 6608 ns, Total: 86065 ns
[2020-09-11T16:45:29.172+0000][1][safepoint    ] Safepoint "Cleanup", Time since last: 1000126298 ns, Reaching safepoint: 90769 ns, At safepoint: 8031 ns, Total: 98800 ns
[2020-09-11T16:45:30.173+0000][1][safepoint    ] Safepoint "Cleanup", Time since last: 1000112302 ns, Reaching safepoint: 83710 ns, At safepoint: 9146 ns, Total: 92856 ns
[2020-09-11T16:45:31.207+0000][1][safepoint    ] Safepoint "Cleanup", Time since last: 1034113260 ns, Reaching safepoint: 84480 ns, At safepoint: 9851 ns, Total: 94331 ns
[2020-09-11T16:45:32.207+0000][1][safepoint    ] Safepoint "Cleanup", Time since last: 1000118330 ns, Reaching safepoint: 84792 ns, At safepoint: 9398 ns, Total: 94190 ns
[2020-09-11T16:45:33.207+0000][1][safepoint    ] Safepoint "Cleanup", Time since last: 1000144313 ns, Reaching safepoint: 82978 ns, At safepoint: 16238 ns, Total: 99216 ns
[2020-09-11T16:45:34.208+0000][1][safepoint    ] Safepoint "Cleanup", Time since last: 1000118981 ns, Reaching safepoint: 104525 ns, At safepoint: 7511 ns, Total: 112036 ns
[2020-09-11T16:45:35.208+0000][1][safepoint    ] Safepoint "Cleanup", Time since last: 1000121125 ns, Reaching safepoint: 80422 ns, At safepoint: 7973 ns, Total: 88395 ns
[2020-09-11T16:45:35.214+0000][1][gc,start     ] GC(131) Pause Young (Allocation Failure)
[2020-09-11T16:45:35.214+0000][1][gc,task      ] GC(131) Using 1 workers of 1 for evacuation
[2020-09-11T16:45:35.241+0000][1][gc,age       ] GC(131) Desired survivor size 4358144 bytes, new threshold 6 (max threshold 6)
[2020-09-11T16:45:35.241+0000][1][gc,age       ] GC(131) Age table with threshold 6 (max threshold 6)
[2020-09-11T16:45:35.241+0000][1][gc,age       ] GC(131) - age   1:     239352 bytes,     239352 total
[2020-09-11T16:45:35.241+0000][1][gc,age       ] GC(131) - age   2:     505712 bytes,     745064 total
[2020-09-11T16:45:35.241+0000][1][gc,age       ] GC(131) - age   3:      70200 bytes,     815264 total
[2020-09-11T16:45:35.245+0000][1][gc,age       ] GC(131) - age   4:      69736 bytes,     885000 total
[2020-09-11T16:45:35.245+0000][1][gc,age       ] GC(131) - age   5:     133952 bytes,    1018952 total
[2020-09-11T16:45:35.245+0000][1][gc,age       ] GC(131) - age   6:      10544 bytes,    1029496 total
[2020-09-11T16:45:35.245+0000][1][gc,heap      ] GC(131) ParNew: 69952K->1192K(76672K)
[2020-09-11T16:45:35.245+0000][1][gc,heap      ] GC(131) CMS: 143654K->143668K(2011968K)
[2020-09-11T16:45:35.245+0000][1][gc,metaspace ] GC(131) Metaspace: 95174K->95174K(1136640K)
[2020-09-11T16:45:35.245+0000][1][gc           ] GC(131) Pause Young (Allocation Failure) 208M->141M(2039M) 31.234ms
[2020-09-11T16:45:35.245+0000][1][gc,cpu       ] GC(131) User=0.01s Sys=0.00s Real=0.03s
[2020-09-11T16:45:35.245+0000][1][safepoint    ] Safepoint "GenCollectForAllocation", Time since last: 5824323 ns, Reaching safepoint: 81541 ns, At safepoint: 31301301 ns, Total: 31382842 ns
[2020-09-11T16:45:36.248+0000][1][safepoint    ] Safepoint "Cleanup", Time since last: 1002830395 ns, Reaching safepoint: 78300 ns, At safepoint: 18301 ns, Total: 96601 ns
[2020-09-11T16:45:37.248+0000][1][safepoint    ] Safepoint "Cleanup", Time since last: 1000104492 ns, Reaching safepoint: 79095 ns, At safepoint: 16339 ns, Total: 95434 ns
[2020-09-11T16:45:38.248+0000][1][safepoint    ] Safepoint "Cleanup", Time since last: 1000110655 ns, Reaching safepoint: 81837 ns, At safepoint: 22095 ns, Total: 103932 ns
[2020-09-11T16:45:39.248+0000][1][safepoint    ] Safepoint "Cleanup", Time since last: 1000112825 ns, Reaching safepoint: 81335 ns, At safepoint: 18990 ns, Total: 100325 ns
[2020-09-11T16:45:40.249+0000][1][safepoint    ] Safepoint "Cleanup", Time since last: 1000107473 ns, Reaching safepoint: 83355 ns, At safepoint: 8681 ns, Total: 92036 ns
[2020-09-11T16:45:41.264+0000][1][safepoint    ] Safepoint "Cleanup", Time since last: 1015480854 ns, Reaching safepoint: 83488 ns, At safepoint: 7780 ns, Total: 91268 ns
[2020-09-11T16:45:44.265+0000][1][safepoint    ] Safepoint "Cleanup", Time since last: 3000274987 ns, Reaching safepoint: 86215 ns, At safepoint: 7921 ns, Total: 94136 ns
[2020-09-11T16:45:46.265+0000][1][safepoint    ] Safepoint "Cleanup", Time since last: 2000243513 ns, Reaching safepoint: 109954 ns, At safepoint: 10782 ns, Total: 120736 ns
[2020-09-11T16:45:49.265+0000][1][safepoint    ] Safepoint "Cleanup", Time since last: 3000259206 ns, Reaching safepoint: 90019 ns, At safepoint: 10174 ns, Total: 100193 ns
[2020-09-11T16:45:54.273+0000][1][safepoint    ] Safepoint "Cleanup", Time since last: 5007429642 ns, Reaching safepoint: 87776 ns, At safepoint: 8069 ns, Total: 95845 ns
[2020-09-11T16:46:01.277+0000][1][safepoint    ] Safepoint "Cleanup", Time since last: 7004336316 ns, Reaching safepoint: 91861 ns, At safepoint: 11214 ns, Total: 103075 ns
[2020-09-11T16:46:03.709+0000][1][gc,start     ] GC(132) Pause Young (Allocation Failure)
[2020-09-11T16:46:03.709+0000][1][gc,task      ] GC(132) Using 1 workers of 1 for evacuation
[2020-09-11T16:46:03.736+0000][1][gc,age       ] GC(132) Desired survivor size 4358144 bytes, new threshold 6 (max threshold 6)
[2020-09-11T16:46:03.737+0000][1][gc,age       ] GC(132) Age table with threshold 6 (max threshold 6)
[2020-09-11T16:46:03.737+0000][1][gc,age       ] GC(132) - age   1:     293216 bytes,     293216 total
[2020-09-11T16:46:03.737+0000][1][gc,age       ] GC(132) - age   2:     164736 bytes,     457952 total
[2020-09-11T16:46:03.737+0000][1][gc,age       ] GC(132) - age   3:     500392 bytes,     958344 total
[2020-09-11T16:46:03.737+0000][1][gc,age       ] GC(132) - age   4:      70200 bytes,    1028544 total
[2020-09-11T16:46:03.737+0000][1][gc,age       ] GC(132) - age   5:      69704 bytes,    1098248 total
[2020-09-11T16:46:03.737+0000][1][gc,age       ] GC(132) - age   6:      41072 bytes,    1139320 total
[2020-09-11T16:46:03.737+0000][1][gc,heap      ] GC(132) ParNew: 69352K->1806K(76672K)
[2020-09-11T16:46:03.737+0000][1][gc,heap      ] GC(132) CMS: 143668K->143679K(2011968K)
[2020-09-11T16:46:03.737+0000][1][gc,metaspace ] GC(132) Metaspace: 95192K->95192K(1136640K)
[2020-09-11T16:46:03.737+0000][1][gc           ] GC(132) Pause Young (Allocation Failure) 208M->142M(2039M) 27.727ms
[2020-09-11T16:46:03.737+0000][1][gc,cpu       ] GC(132) User=0.01s Sys=0.00s Real=0.03s
[2020-09-11T16:46:03.741+0000][1][safepoint    ] Safepoint "GenCollectForAllocation", Time since last: 2429893069 ns, Reaching safepoint: 1690271 ns, At safepoint: 31918773 ns, Total: 33609044 ns
[2020-09-11T16:46:04.742+0000][1][safepoint    ] Safepoint "Cleanup", Time since last: 1001304063 ns, Reaching safepoint: 99752 ns, At safepoint: 21320 ns, Total: 121072 ns
[2020-09-11T16:46:05.742+0000][1][safepoint    ] Safepoint "Cleanup", Time since last: 1000111256 ns, Reaching safepoint: 80729 ns, At safepoint: 19796 ns, Total: 100525 ns
[2020-09-11T16:46:06.743+0000][1][safepoint    ] Safepoint "Cleanup", Time since last: 1000108904 ns, Reaching safepoint: 78717 ns, At safepoint: 20354 ns, Total: 99071 ns
[2020-09-11T16:46:07.743+0000][1][safepoint    ] Safepoint "Cleanup", Time since last: 1000103616 ns, Reaching safepoint: 84119 ns, At safepoint: 7778 ns, Total: 91897 ns
[2020-09-11T16:46:08.743+0000][1][safepoint    ] Safepoint "Cleanup", Time since last: 1000104103 ns, Reaching safepoint: 81021 ns, At safepoint: 9074 ns, Total: 90095 ns
[2020-09-11T16:46:09.743+0000][1][safepoint    ] Safepoint "Cleanup", Time since last: 1000114251 ns, Reaching safepoint: 90653 ns, At safepoint: 6414 ns, Total: 97067 ns
[2020-09-11T16:46:10.743+0000][1][safepoint    ] Safepoint "Cleanup", Time since last: 1000116820 ns, Reaching safepoint: 82193 ns, At safepoint: 8024 ns, Total: 90217 ns
[2020-09-11T16:46:11.752+0000][1][safepoint    ] Safepoint "Cleanup", Time since last: 1008004207 ns, Reaching safepoint: 79605 ns, At safepoint: 7009 ns, Total: 86614 ns
[2020-09-11T16:46:12.752+0000][1][safepoint    ] Safepoint "Cleanup", Time since last: 1000112512 ns, Reaching safepoint: 80369 ns, At safepoint: 8666 ns, Total: 89035 ns
[2020-09-11T16:46:13.752+0000][1][safepoint    ] Safepoint "Cleanup", Time since last: 1000118371 ns, Reaching safepoint: 82398 ns, At safepoint: 7679 ns, Total: 90077 ns
[2020-09-11T16:46:14.752+0000][1][safepoint    ] Safepoint "Cleanup", Time since last: 1000129329 ns, Reaching safepoint: 82170 ns, At safepoint: 9403 ns, Total: 91573 ns
[2020-09-11T16:46:15.752+0000][1][safepoint    ] Safepoint "Cleanup", Time since last: 1000113190 ns, Reaching safepoint: 83246 ns, At safepoint: 9211 ns, Total: 92457 ns
[2020-09-11T16:46:16.757+0000][1][safepoint    ] Safepoint "Cleanup", Time since last: 1004413314 ns, Reaching safepoint: 88036 ns, At safepoint: 8880 ns, Total: 96916 ns
[2020-09-11T16:46:17.757+0000][1][safepoint    ] Safepoint "Cleanup", Time since last: 1000106636 ns, Reaching safepoint: 80847 ns, At safepoint: 7302 ns, Total: 88149 ns
[2020-09-11T16:46:18.757+0000][1][safepoint    ] Safepoint "Cleanup", Time since last: 1000107501 ns, Reaching safepoint: 83377 ns, At safepoint: 8272 ns, Total: 91649 ns
[2020-09-11T16:46:19.758+0000][1][safepoint    ] Safepoint "Cleanup", Time since last: 1000115526 ns, Reaching safepoint: 83121 ns, At safepoint: 9575 ns, Total: 92696 ns
[2020-09-11T16:46:20.758+0000][1][safepoint    ] Safepoint "Cleanup", Time since last: 1000108697 ns, Reaching safepoint: 79418 ns, At safepoint: 6981 ns, Total: 86399 ns
[2020-09-11T16:46:21.758+0000][1][safepoint    ] Safepoint "Cleanup", Time since last: 1000112163 ns, Reaching safepoint: 88567 ns, At safepoint: 7915 ns, Total: 96482 ns
[2020-09-11T16:46:22.758+0000][1][safepoint    ] Safepoint "Cleanup", Time since last: 1000115291 ns, Reaching safepoint: 81576 ns, At safepoint: 9341 ns, Total: 90917 ns
[2020-09-11T16:46:23.761+0000][1][safepoint    ] Safepoint "Cleanup", Time since last: 1002669897 ns, Reaching safepoint: 86380 ns, At safepoint: 7598 ns, Total: 93978 ns
[2020-09-11T16:46:24.761+0000][1][safepoint    ] Safepoint "Cleanup", Time since last: 1000113465 ns, Reaching safepoint: 79506 ns, At safepoint: 9241 ns, Total: 88747 ns
[2020-09-11T16:46:25.156+0000][1][gc,start     ] GC(133) Pause Young (Allocation Failure)
[2020-09-11T16:46:25.156+0000][1][gc,task      ] GC(133) Using 1 workers of 1 for evacuation
[2020-09-11T16:46:25.191+0000][1][gc,age       ] GC(133) Desired survivor size 4358144 bytes, new threshold 6 (max threshold 6)
[2020-09-11T16:46:25.191+0000][1][gc,age       ] GC(133) Age table with threshold 6 (max threshold 6)
[2020-09-11T16:46:25.191+0000][1][gc,age       ] GC(133) - age   1:      90016 bytes,      90016 total
[2020-09-11T16:46:25.191+0000][1][gc,age       ] GC(133) - age   2:     122608 bytes,     212624 total
[2020-09-11T16:46:25.191+0000][1][gc,age       ] GC(133) - age   3:     160512 bytes,     373136 total
[2020-09-11T16:46:25.191+0000][1][gc,age       ] GC(133) - age   4:     499992 bytes,     873128 total
[2020-09-11T16:46:25.191+0000][1][gc,age       ] GC(133) - age   5:      70136 bytes,     943264 total
[2020-09-11T16:46:25.191+0000][1][gc,age       ] GC(133) - age   6:      68456 bytes,    1011720 total
[2020-09-11T16:46:25.191+0000][1][gc,heap      ] GC(133) ParNew: 69965K->1060K(76672K)
[2020-09-11T16:46:25.191+0000][1][gc,heap      ] GC(133) CMS: 143679K->143719K(2011968K)
[2020-09-11T16:46:25.191+0000][1][gc,metaspace ] GC(133) Metaspace: 95218K->95218K(1136640K)
[2020-09-11T16:46:25.191+0000][1][gc           ] GC(133) Pause Young (Allocation Failure) 208M->141M(2039M) 34.930ms
[2020-09-11T16:46:25.191+0000][1][gc,cpu       ] GC(133) User=0.02s Sys=0.00s Real=0.03s
[2020-09-11T16:46:25.202+0000][1][safepoint    ] Safepoint "GenCollectForAllocation", Time since last: 393621950 ns, Reaching safepoint: 1029735 ns, At safepoint: 46616805 ns, Total: 47646540 ns
[2020-09-11T16:46:26.219+0000][1][safepoint    ] Safepoint "Cleanup", Time since last: 1016796496 ns, Reaching safepoint: 87934 ns, At safepoint: 8851 ns, Total: 96785 ns
[2020-09-11T16:46:27.219+0000][1][safepoint    ] Safepoint "Cleanup", Time since last: 1000113515 ns, Reaching safepoint: 81474 ns, At safepoint: 9614 ns, Total: 91088 ns
[2020-09-11T16:46:28.221+0000][1][safepoint    ] Safepoint "Cleanup", Time since last: 1001338984 ns, Reaching safepoint: 92582 ns, At safepoint: 7735 ns, Total: 100317 ns
[2020-09-11T16:46:29.221+0000][1][safepoint    ] Safepoint "Cleanup", Time since last: 1000144339 ns, Reaching safepoint: 80336 ns, At safepoint: 8469 ns, Total: 88805 ns
[2020-09-11T16:46:30.221+0000][1][safepoint    ] Safepoint "Cleanup", Time since last: 1000111352 ns, Reaching safepoint: 83990 ns, At safepoint: 8251 ns, Total: 92241 ns
[2020-09-11T16:46:31.222+0000][1][safepoint    ] Safepoint "Cleanup", Time since last: 1000138901 ns, Reaching safepoint: 198502 ns, At safepoint: 8397 ns, Total: 206899 ns
[2020-09-11T16:46:32.222+0000][1][safepoint    ] Safepoint "Cleanup", Time since last: 1000111713 ns, Reaching safepoint: 82003 ns, At safepoint: 9619 ns, Total: 91622 ns
[2020-09-11T16:46:33.222+0000][1][safepoint    ] Safepoint "Cleanup", Time since last: 1000110637 ns, Reaching safepoint: 82385 ns, At safepoint: 8058 ns, Total: 90443 ns
[2020-09-11T16:46:34.222+0000][1][safepoint    ] Safepoint "Cleanup", Time since last: 1000115154 ns, Reaching safepoint: 85251 ns, At safepoint: 7715 ns, Total: 92966 ns
[2020-09-11T16:46:35.222+0000][1][safepoint    ] Safepoint "Cleanup", Time since last: 1000114705 ns, Reaching safepoint: 80503 ns, At safepoint: 7433 ns, Total: 87936 ns
[2020-09-11T16:46:41.223+0000][1][safepoint    ] Safepoint "Cleanup", Time since last: 6000470555 ns, Reaching safepoint: 87294 ns, At safepoint: 9887 ns, Total: 97181 ns
[2020-09-11T16:46:43.223+0000][1][safepoint    ] Safepoint "Cleanup", Time since last: 2000186845 ns, Reaching safepoint: 94422 ns, At safepoint: 10150 ns, Total: 104572 ns
[2020-09-11T16:46:44.224+0000][1][safepoint    ] Safepoint "Cleanup", Time since last: 1000114255 ns, Reaching safepoint: 93977 ns, At safepoint: 9275 ns, Total: 103252 ns
[2020-09-11T16:46:45.224+0000][1][safepoint    ] Safepoint "Cleanup", Time since last: 1000122336 ns, Reaching safepoint: 85704 ns, At safepoint: 7963 ns, Total: 93667 ns
[2020-09-11T16:46:46.224+0000][1][safepoint    ] Safepoint "Cleanup", Time since last: 1000113598 ns, Reaching safepoint: 87221 ns, At safepoint: 8740 ns, Total: 95961 ns
[2020-09-11T16:46:47.224+0000][1][safepoint    ] Safepoint "Cleanup", Time since last: 1000112720 ns, Reaching safepoint: 91861 ns, At safepoint: 10141 ns, Total: 102002 ns
[2020-09-11T16:46:50.554+0000][1][safepoint    ] Safepoint "RevokeBias", Time since last: 3329948432 ns, Reaching safepoint: 78639 ns, At safepoint: 20615 ns, Total: 99254 ns
[2020-09-11T16:46:50.857+0000][1][gc,start     ] GC(134) Pause Young (Allocation Failure)
[2020-09-11T16:46:50.857+0000][1][gc,task      ] GC(134) Using 1 workers of 1 for evacuation
[2020-09-11T16:46:50.884+0000][1][gc,age       ] GC(134) Desired survivor size 4358144 bytes, new threshold 6 (max threshold 6)
[2020-09-11T16:46:50.884+0000][1][gc,age       ] GC(134) Age table with threshold 6 (max threshold 6)
[2020-09-11T16:46:50.884+0000][1][gc,age       ] GC(134) - age   1:     298784 bytes,     298784 total
[2020-09-11T16:46:50.884+0000][1][gc,age       ] GC(134) - age   2:      14016 bytes,     312800 total
[2020-09-11T16:46:50.884+0000][1][gc,age       ] GC(134) - age   3:     118904 bytes,     431704 total
[2020-09-11T16:46:50.884+0000][1][gc,age       ] GC(134) - age   4:     159240 bytes,     590944 total
[2020-09-11T16:46:50.884+0000][1][gc,age       ] GC(134) - age   5:     499992 bytes,    1090936 total
[2020-09-11T16:46:50.884+0000][1][gc,age       ] GC(134) - age   6:      10008 bytes,    1100944 total
[2020-09-11T16:46:50.884+0000][1][gc,heap      ] GC(134) ParNew: 69220K->2012K(76672K)
[2020-09-11T16:46:50.884+0000][1][gc,heap      ] GC(134) CMS: 143719K->143725K(2011968K)
[2020-09-11T16:46:50.884+0000][1][gc,metaspace ] GC(134) Metaspace: 95281K->95281K(1136640K)
[2020-09-11T16:46:50.884+0000][1][gc           ] GC(134) Pause Young (Allocation Failure) 207M->142M(2039M) 27.329ms
[2020-09-11T16:46:50.884+0000][1][gc,cpu       ] GC(134) User=0.01s Sys=0.00s Real=0.03s
[2020-09-11T16:46:50.889+0000][1][safepoint    ] Safepoint "GenCollectForAllocation", Time since last: 302535385 ns, Reaching safepoint: 175790 ns, At safepoint: 31895490 ns, Total: 32071280 ns
[2020-09-11T16:46:53.897+0000][1][safepoint    ] Safepoint "Cleanup", Time since last: 3007917988 ns, Reaching safepoint: 86038 ns, At safepoint: 7460 ns, Total: 93498 ns
[2020-09-11T16:46:54.897+0000][1][safepoint    ] Safepoint "Cleanup", Time since last: 1000109604 ns, Reaching safepoint: 86914 ns, At safepoint: 8007 ns, Total: 94921 ns
[2020-09-11T16:46:58.897+0000][1][safepoint    ] Safepoint "Cleanup", Time since last: 4000320398 ns, Reaching safepoint: 84524 ns, At safepoint: 7125 ns, Total: 91649 ns
[2020-09-11T16:47:12.899+0000][1][safepoint    ] Safepoint "Cleanup", Time since last: 14001200903 ns, Reaching safepoint: 87126 ns, At safepoint: 7512 ns, Total: 94638 ns
[2020-09-11T16:47:13.693+0000][1][gc,start     ] GC(135) Pause Young (Allocation Failure)
[2020-09-11T16:47:13.693+0000][1][gc,task      ] GC(135) Using 1 workers of 1 for evacuation
[2020-09-11T16:47:13.725+0000][1][gc,age       ] GC(135) Desired survivor size 4358144 bytes, new threshold 6 (max threshold 6)
[2020-09-11T16:47:13.725+0000][1][gc,age       ] GC(135) Age table with threshold 6 (max threshold 6)
[2020-09-11T16:47:13.725+0000][1][gc,age       ] GC(135) - age   1:     649272 bytes,     649272 total
[2020-09-11T16:47:13.725+0000][1][gc,age       ] GC(135) - age   2:     208408 bytes,     857680 total
[2020-09-11T16:47:13.725+0000][1][gc,age       ] GC(135) - age   3:      10800 bytes,     868480 total
[2020-09-11T16:47:13.725+0000][1][gc,age       ] GC(135) - age   4:     115152 bytes,     983632 total
[2020-09-11T16:47:13.725+0000][1][gc,age       ] GC(135) - age   5:     159208 bytes,    1142840 total
[2020-09-11T16:47:13.725+0000][1][gc,age       ] GC(135) - age   6:      90048 bytes,    1232888 total
[2020-09-11T16:47:13.725+0000][1][gc,heap      ] GC(135) ParNew: 70172K->1309K(76672K)
[2020-09-11T16:47:13.725+0000][1][gc,heap      ] GC(135) CMS: 143725K->143735K(2011968K)
[2020-09-11T16:47:13.725+0000][1][gc,metaspace ] GC(135) Metaspace: 95287K->95287K(1136640K)
[2020-09-11T16:47:13.725+0000][1][gc           ] GC(135) Pause Young (Allocation Failure) 208M->141M(2039M) 31.941ms
[2020-09-11T16:47:13.725+0000][1][gc,cpu       ] GC(135) User=0.01s Sys=0.00s Real=0.03s
[2020-09-11T16:47:13.733+0000][1][safepoint    ] Safepoint "GenCollectForAllocation", Time since last: 794078465 ns, Reaching safepoint: 200556 ns, At safepoint: 39784184 ns, Total: 39984740 ns
[2020-09-11T16:47:21.739+0000][1][safepoint    ] Safepoint "Cleanup", Time since last: 8005786928 ns, Reaching safepoint: 89346 ns, At safepoint: 8104 ns, Total: 97450 ns
[2020-09-11T16:47:23.739+0000][1][safepoint    ] Safepoint "Cleanup", Time since last: 2000192417 ns, Reaching safepoint: 86671 ns, At safepoint: 7817 ns, Total: 94488 ns
[2020-09-11T16:47:25.739+0000][1][safepoint    ] Safepoint "Cleanup", Time since last: 2000184912 ns, Reaching safepoint: 88288 ns, At safepoint: 9348 ns, Total: 97636 ns
[2020-09-11T16:47:26.739+0000][1][safepoint    ] Safepoint "Cleanup", Time since last: 1000113323 ns, Reaching safepoint: 81534 ns, At safepoint: 7534 ns, Total: 89068 ns
[2020-09-11T16:47:27.740+0000][1][safepoint    ] Safepoint "Cleanup", Time since last: 1000105896 ns, Reaching safepoint: 82732 ns, At safepoint: 9490 ns, Total: 92222 ns
[2020-09-11T16:47:28.740+0000][1][safepoint    ] Safepoint "Cleanup", Time since last: 1000115421 ns, Reaching safepoint: 84116 ns, At safepoint: 9095 ns, Total: 93211 ns
[2020-09-11T16:47:29.740+0000][1][safepoint    ] Safepoint "Cleanup", Time since last: 1000105818 ns, Reaching safepoint: 78094 ns, At safepoint: 7432 ns, Total: 85526 ns
[2020-09-11T16:47:30.740+0000][1][safepoint    ] Safepoint "Cleanup", Time since last: 1000109685 ns, Reaching safepoint: 78101 ns, At safepoint: 7364 ns, Total: 85465 ns
[2020-09-11T16:47:31.749+0000][1][safepoint    ] Safepoint "Cleanup", Time since last: 1008911461 ns, Reaching safepoint: 83030 ns, At safepoint: 9544 ns, Total: 92574 ns
[2020-09-11T16:47:32.750+0000][1][safepoint    ] Safepoint "Cleanup", Time since last: 1000114902 ns, Reaching safepoint: 82460 ns, At safepoint: 7439 ns, Total: 89899 ns
[2020-09-11T16:47:33.750+0000][1][safepoint    ] Safepoint "Cleanup", Time since last: 1000124228 ns, Reaching safepoint: 132953 ns, At safepoint: 8041 ns, Total: 140994 ns
[2020-09-11T16:47:34.750+0000][1][safepoint    ] Safepoint "Cleanup", Time since last: 1000113475 ns, Reaching safepoint: 79805 ns, At safepoint: 7863 ns, Total: 87668 ns
[2020-09-11T16:47:35.750+0000][1][safepoint    ] Safepoint "Cleanup", Time since last: 1000109441 ns, Reaching safepoint: 82745 ns, At safepoint: 8859 ns, Total: 91604 ns
[2020-09-11T16:47:36.750+0000][1][safepoint    ] Safepoint "Cleanup", Time since last: 1000113322 ns, Reaching safepoint: 85332 ns, At safepoint: 8232 ns, Total: 93564 ns
[2020-09-11T16:47:37.751+0000][1][safepoint    ] Safepoint "Cleanup", Time since last: 1000116556 ns, Reaching safepoint: 80005 ns, At safepoint: 7257 ns, Total: 87262 ns
[2020-09-11T16:47:38.751+0000][1][safepoint    ] Safepoint "Cleanup", Time since last: 1000108819 ns, Reaching safepoint: 82158 ns, At safepoint: 9411 ns, Total: 91569 ns
[2020-09-11T16:47:39.751+0000][1][safepoint    ] Safepoint "Cleanup", Time since last: 1000160682 ns, Reaching safepoint: 85197 ns, At safepoint: 7267 ns, Total: 92464 ns
[2020-09-11T16:47:40.751+0000][1][safepoint    ] Safepoint "Cleanup", Time since last: 1000114852 ns, Reaching safepoint: 97820 ns, At safepoint: 6027 ns, Total: 103847 ns
[2020-09-11T16:47:41.751+0000][1][safepoint    ] Safepoint "Cleanup", Time since last: 1000112336 ns, Reaching safepoint: 86407 ns, At safepoint: 9783 ns, Total: 96190 ns
[2020-09-11T16:47:42.752+0000][1][safepoint    ] Safepoint "Cleanup", Time since last: 1000117443 ns, Reaching safepoint: 82353 ns, At safepoint: 9239 ns, Total: 91592 ns
[2020-09-11T16:47:43.239+0000][1][gc,start     ] GC(136) Pause Young (Allocation Failure)
[2020-09-11T16:47:43.239+0000][1][gc,task      ] GC(136) Using 1 workers of 1 for evacuation
[2020-09-11T16:47:43.275+0000][1][gc,age       ] GC(136) Desired survivor size 4358144 bytes, new threshold 6 (max threshold 6)
[2020-09-11T16:47:43.275+0000][1][gc,age       ] GC(136) Age table with threshold 6 (max threshold 6)
[2020-09-11T16:47:43.275+0000][1][gc,age       ] GC(136) - age   1:     276360 bytes,     276360 total
[2020-09-11T16:47:43.275+0000][1][gc,age       ] GC(136) - age   2:     474160 bytes,     750520 total
[2020-09-11T16:47:43.275+0000][1][gc,age       ] GC(136) - age   3:     205000 bytes,     955520 total
[2020-09-11T16:47:43.275+0000][1][gc,age       ] GC(136) - age   4:       8000 bytes,     963520 total
[2020-09-11T16:47:43.275+0000][1][gc,age       ] GC(136) - age   5:     115120 bytes,    1078640 total
[2020-09-11T16:47:43.275+0000][1][gc,age       ] GC(136) - age   6:     158936 bytes,    1237576 total
[2020-09-11T16:47:43.275+0000][1][gc,heap      ] GC(136) ParNew: 69469K->2133K(76672K)
[2020-09-11T16:47:43.275+0000][1][gc,heap      ] GC(136) CMS: 143735K->143817K(2011968K)
[2020-09-11T16:47:43.275+0000][1][gc,metaspace ] GC(136) Metaspace: 95291K->95291K(1136640K)
[2020-09-11T16:47:43.275+0000][1][gc           ] GC(136) Pause Young (Allocation Failure) 208M->142M(2039M) 36.178ms
[2020-09-11T16:47:43.275+0000][1][gc,cpu       ] GC(136) User=0.02s Sys=0.00s Real=0.04s
[2020-09-11T16:47:43.275+0000][1][safepoint    ] Safepoint "GenCollectForAllocation", Time since last: 483892208 ns, Reaching safepoint: 3095624 ns, At safepoint: 36315351 ns, Total: 39410975 ns
[2020-09-11T16:47:44.277+0000][1][safepoint    ] Safepoint "Cleanup", Time since last: 1001979893 ns, Reaching safepoint: 80433 ns, At safepoint: 7423 ns, Total: 87856 ns
[2020-09-11T16:47:45.277+0000][1][safepoint    ] Safepoint "Cleanup", Time since last: 1000107182 ns, Reaching safepoint: 78122 ns, At safepoint: 8135 ns, Total: 86257 ns
[2020-09-11T16:47:46.277+0000][1][safepoint    ] Safepoint "Cleanup", Time since last: 1000126719 ns, Reaching safepoint: 84311 ns, At safepoint: 7328 ns, Total: 91639 ns
[2020-09-11T16:47:47.278+0000][1][safepoint    ] Safepoint "Cleanup", Time since last: 1000121475 ns, Reaching safepoint: 78871 ns, At safepoint: 7635 ns, Total: 86506 ns
[2020-09-11T16:47:48.278+0000][1][safepoint    ] Safepoint "Cleanup", Time since last: 1000128352 ns, Reaching safepoint: 77306 ns, At safepoint: 7425 ns, Total: 84731 ns
[2020-09-11T16:47:49.278+0000][1][safepoint    ] Safepoint "Cleanup", Time since last: 1000129098 ns, Reaching safepoint: 78153 ns, At safepoint: 7187 ns, Total: 85340 ns
[2020-09-11T16:47:50.278+0000][1][safepoint    ] Safepoint "Cleanup", Time since last: 1000132998 ns, Reaching safepoint: 79480 ns, At safepoint: 7998 ns, Total: 87478 ns
[2020-09-11T16:47:51.313+0000][1][safepoint    ] Safepoint "Cleanup", Time since last: 1034900459 ns, Reaching safepoint: 81520 ns, At safepoint: 8484 ns, Total: 90004 ns
[2020-09-11T16:47:52.314+0000][1][safepoint    ] Safepoint "Cleanup", Time since last: 1000114857 ns, Reaching safepoint: 94233 ns, At safepoint: 9318 ns, Total: 103551 ns
[2020-09-11T16:47:53.314+0000][1][safepoint    ] Safepoint "Cleanup", Time since last: 1000113152 ns, Reaching safepoint: 80304 ns, At safepoint: 8007 ns, Total: 88311 ns
[2020-09-11T16:47:54.314+0000][1][safepoint    ] Safepoint "Cleanup", Time since last: 1000110651 ns, Reaching safepoint: 79523 ns, At safepoint: 7362 ns, Total: 86885 ns
[2020-09-11T16:47:55.314+0000][1][safepoint    ] Safepoint "Cleanup", Time since last: 1000112031 ns, Reaching safepoint: 99879 ns, At safepoint: 9599 ns, Total: 109478 ns
[2020-09-11T16:47:56.314+0000][1][safepoint    ] Safepoint "Cleanup", Time since last: 1000117475 ns, Reaching safepoint: 81377 ns, At safepoint: 7580 ns, Total: 88957 ns
[2020-09-11T16:47:57.315+0000][1][safepoint    ] Safepoint "Cleanup", Time since last: 1000110086 ns, Reaching safepoint: 81638 ns, At safepoint: 8808 ns, Total: 90446 ns
[2020-09-11T16:47:58.316+0000][1][safepoint    ] Safepoint "Cleanup", Time since last: 1001008817 ns, Reaching safepoint: 83376 ns, At safepoint: 7237 ns, Total: 90613 ns
[2020-09-11T16:48:03.459+0000][1][gc,start     ] GC(137) Pause Young (Allocation Failure)
[2020-09-11T16:48:03.459+0000][1][gc,task      ] GC(137) Using 1 workers of 1 for evacuation
[2020-09-11T16:48:03.484+0000][1][gc,age       ] GC(137) Desired survivor size 4358144 bytes, new threshold 6 (max threshold 6)
[2020-09-11T16:48:03.484+0000][1][gc,age       ] GC(137) Age table with threshold 6 (max threshold 6)
[2020-09-11T16:48:03.484+0000][1][gc,age       ] GC(137) - age   1:     322712 bytes,     322712 total
[2020-09-11T16:48:03.484+0000][1][gc,age       ] GC(137) - age   2:      88808 bytes,     411520 total
[2020-09-11T16:48:03.484+0000][1][gc,age       ] GC(137) - age   3:     470064 bytes,     881584 total
[2020-09-11T16:48:03.484+0000][1][gc,age       ] GC(137) - age   4:     205000 bytes,    1086584 total
[2020-09-11T16:48:03.484+0000][1][gc,age       ] GC(137) - age   5:       8000 bytes,    1094584 total
[2020-09-11T16:48:03.484+0000][1][gc,age       ] GC(137) - age   6:      14848 bytes,    1109432 total
[2020-09-11T16:48:03.484+0000][1][gc,heap      ] GC(137) ParNew: 70293K->1439K(76672K)
[2020-09-11T16:48:03.484+0000][1][gc,heap      ] GC(137) CMS: 143817K->143873K(2011968K)
[2020-09-11T16:48:03.484+0000][1][gc,metaspace ] GC(137) Metaspace: 95302K->95302K(1136640K)
[2020-09-11T16:48:03.484+0000][1][gc           ] GC(137) Pause Young (Allocation Failure) 209M->141M(2039M) 25.567ms
[2020-09-11T16:48:03.484+0000][1][gc,cpu       ] GC(137) User=0.02s Sys=0.00s Real=0.03s
[2020-09-11T16:48:03.488+0000][1][safepoint    ] Safepoint "GenCollectForAllocation", Time since last: 5142082405 ns, Reaching safepoint: 780925 ns, At safepoint: 29321125 ns, Total: 30102050 ns
[2020-09-11T16:48:04.493+0000][1][safepoint    ] Safepoint "Cleanup", Time since last: 1005136868 ns, Reaching safepoint: 86222 ns, At safepoint: 7885 ns, Total: 94107 ns
[2020-09-11T16:48:05.493+0000][1][safepoint    ] Safepoint "Cleanup", Time since last: 1000108799 ns, Reaching safepoint: 87070 ns, At safepoint: 8958 ns, Total: 96028 ns
[2020-09-11T16:48:14.497+0000][1][safepoint    ] Safepoint "Cleanup", Time since last: 9003620284 ns, Reaching safepoint: 105748 ns, At safepoint: 11733 ns, Total: 117481 ns
[2020-09-11T16:48:17.497+0000][1][safepoint    ] Safepoint "Cleanup", Time since last: 3000278665 ns, Reaching safepoint: 85733 ns, At safepoint: 8224 ns, Total: 93957 ns
[2020-09-11T16:48:18.498+0000][1][safepoint    ] Safepoint "Cleanup", Time since last: 1000115048 ns, Reaching safepoint: 90606 ns, At safepoint: 10011 ns, Total: 100617 ns
[2020-09-11T16:48:19.498+0000][1][safepoint    ] Safepoint "Cleanup", Time since last: 1000110151 ns, Reaching safepoint: 86774 ns, At safepoint: 8678 ns, Total: 95452 ns
[2020-09-11T16:48:20.498+0000][1][safepoint    ] Safepoint "Cleanup", Time since last: 1000109271 ns, Reaching safepoint: 96633 ns, At safepoint: 10034 ns, Total: 106667 ns
[2020-09-11T16:48:23.863+0000][1][gc,start     ] GC(138) Pause Young (Allocation Failure)
[2020-09-11T16:48:23.863+0000][1][gc,task      ] GC(138) Using 1 workers of 1 for evacuation
[2020-09-11T16:48:23.903+0000][1][gc,age       ] GC(138) Desired survivor size 4358144 bytes, new threshold 6 (max threshold 6)
[2020-09-11T16:48:23.903+0000][1][gc,age       ] GC(138) Age table with threshold 6 (max threshold 6)
[2020-09-11T16:48:23.903+0000][1][gc,age       ] GC(138) - age   1:     153760 bytes,     153760 total
[2020-09-11T16:48:23.903+0000][1][gc,age       ] GC(138) - age   2:     242120 bytes,     395880 total
[2020-09-11T16:48:23.903+0000][1][gc,age       ] GC(138) - age   3:      82328 bytes,     478208 total
[2020-09-11T16:48:23.903+0000][1][gc,age       ] GC(138) - age   4:     470032 bytes,     948240 total
[2020-09-11T16:48:23.903+0000][1][gc,age       ] GC(138) - age   5:     205000 bytes,    1153240 total
[2020-09-11T16:48:23.903+0000][1][gc,age       ] GC(138) - age   6:       8000 bytes,    1161240 total
[2020-09-11T16:48:23.903+0000][1][gc,heap      ] GC(138) ParNew: 69599K->1985K(76672K)
[2020-09-11T16:48:23.903+0000][1][gc,heap      ] GC(138) CMS: 143873K->143883K(2011968K)
[2020-09-11T16:48:23.903+0000][1][gc,metaspace ] GC(138) Metaspace: 95313K->95313K(1136640K)
[2020-09-11T16:48:23.903+0000][1][gc           ] GC(138) Pause Young (Allocation Failure) 208M->142M(2039M) 40.370ms
[2020-09-11T16:48:23.903+0000][1][gc,cpu       ] GC(138) User=0.02s Sys=0.00s Real=0.04s
[2020-09-11T16:48:23.925+0000][1][safepoint    ] Safepoint "GenCollectForAllocation", Time since last: 3364649364 ns, Reaching safepoint: 91023 ns, At safepoint: 62174832 ns, Total: 62265855 ns
[2020-09-11T16:48:25.929+0000][1][safepoint    ] Safepoint "Cleanup", Time since last: 2001666958 ns, Reaching safepoint: 2259525 ns, At safepoint: 15279 ns, Total: 2274804 ns
[2020-09-11T16:48:26.929+0000][1][safepoint    ] Safepoint "Cleanup", Time since last: 1000129275 ns, Reaching safepoint: 79660 ns, At safepoint: 7394 ns, Total: 87054 ns
[2020-09-11T16:48:27.929+0000][1][safepoint    ] Safepoint "Cleanup", Time since last: 1000117197 ns, Reaching safepoint: 82255 ns, At safepoint: 9099 ns, Total: 91354 ns
[2020-09-11T16:48:28.929+0000][1][safepoint    ] Safepoint "Cleanup", Time since last: 1000105424 ns, Reaching safepoint: 79627 ns, At safepoint: 7067 ns, Total: 86694 ns
[2020-09-11T16:48:29.930+0000][1][safepoint    ] Safepoint "Cleanup", Time since last: 1000104526 ns, Reaching safepoint: 78838 ns, At safepoint: 8064 ns, Total: 86902 ns
[2020-09-11T16:48:30.930+0000][1][safepoint    ] Safepoint "Cleanup", Time since last: 1000108209 ns, Reaching safepoint: 136632 ns, At safepoint: 8415 ns, Total: 145047 ns
[2020-09-11T16:48:31.930+0000][1][safepoint    ] Safepoint "Cleanup", Time since last: 1000116199 ns, Reaching safepoint: 82490 ns, At safepoint: 7089 ns, Total: 89579 ns
[2020-09-11T16:48:32.930+0000][1][safepoint    ] Safepoint "Cleanup", Time since last: 1000113149 ns, Reaching safepoint: 91516 ns, At safepoint: 9161 ns, Total: 100677 ns
[2020-09-11T16:48:33.931+0000][1][safepoint    ] Safepoint "Cleanup", Time since last: 1000110018 ns, Reaching safepoint: 88508 ns, At safepoint: 10080 ns, Total: 98588 ns
[2020-09-11T16:48:34.931+0000][1][safepoint    ] Safepoint "Cleanup", Time since last: 1000114668 ns, Reaching safepoint: 79571 ns, At safepoint: 7323 ns, Total: 86894 ns
[2020-09-11T16:48:35.931+0000][1][safepoint    ] Safepoint "Cleanup", Time since last: 1000131578 ns, Reaching safepoint: 83004 ns, At safepoint: 9127 ns, Total: 92131 ns
[2020-09-11T16:48:36.931+0000][1][safepoint    ] Safepoint "Cleanup", Time since last: 1000119552 ns, Reaching safepoint: 90435 ns, At safepoint: 10006 ns, Total: 100441 ns
[2020-09-11T16:48:37.931+0000][1][safepoint    ] Safepoint "Cleanup", Time since last: 1000118392 ns, Reaching safepoint: 85317 ns, At safepoint: 7598 ns, Total: 92915 ns
[2020-09-11T16:48:38.932+0000][1][safepoint    ] Safepoint "Cleanup", Time since last: 1000116982 ns, Reaching safepoint: 84323 ns, At safepoint: 9050 ns, Total: 93373 ns
[2020-09-11T16:48:39.932+0000][1][safepoint    ] Safepoint "Cleanup", Time since last: 1000113813 ns, Reaching safepoint: 87987 ns, At safepoint: 10543 ns, Total: 98530 ns
[2020-09-11T16:48:40.932+0000][1][safepoint    ] Safepoint "Cleanup", Time since last: 1000116057 ns, Reaching safepoint: 89704 ns, At safepoint: 7614 ns, Total: 97318 ns
[2020-09-11T16:48:41.932+0000][1][safepoint    ] Safepoint "Cleanup", Time since last: 1000125473 ns, Reaching safepoint: 79108 ns, At safepoint: 7202 ns, Total: 86310 ns
[2020-09-11T16:48:42.932+0000][1][safepoint    ] Safepoint "Cleanup", Time since last: 1000116859 ns, Reaching safepoint: 81560 ns, At safepoint: 10115 ns, Total: 91675 ns
[2020-09-11T16:48:43.933+0000][1][safepoint    ] Safepoint "Cleanup", Time since last: 1000124361 ns, Reaching safepoint: 83486 ns, At safepoint: 8310 ns, Total: 91796 ns
[2020-09-11T16:48:44.933+0000][1][safepoint    ] Safepoint "Cleanup", Time since last: 1000087369 ns, Reaching safepoint: 84525 ns, At safepoint: 8674 ns, Total: 93199 ns
[2020-09-11T16:48:45.933+0000][1][safepoint    ] Safepoint "Cleanup", Time since last: 1000109635 ns, Reaching safepoint: 79943 ns, At safepoint: 8813 ns, Total: 88756 ns
[2020-09-11T16:48:46.933+0000][1][safepoint    ] Safepoint "Cleanup", Time since last: 1000118034 ns, Reaching safepoint: 87905 ns, At safepoint: 9721 ns, Total: 97626 ns
[2020-09-11T16:48:47.933+0000][1][safepoint    ] Safepoint "Cleanup", Time since last: 1000109813 ns, Reaching safepoint: 82338 ns, At safepoint: 9435 ns, Total: 91773 ns
[2020-09-11T16:48:48.934+0000][1][safepoint    ] Safepoint "Cleanup", Time since last: 1000111713 ns, Reaching safepoint: 79906 ns, At safepoint: 7910 ns, Total: 87816 ns
[2020-09-11T16:48:49.934+0000][1][safepoint    ] Safepoint "Cleanup", Time since last: 1000108902 ns, Reaching safepoint: 82904 ns, At safepoint: 7793 ns, Total: 90697 ns
[2020-09-11T16:48:50.877+0000][1][gc,start     ] GC(139) Pause Young (Allocation Failure)
[2020-09-11T16:48:50.877+0000][1][gc,task      ] GC(139) Using 1 workers of 1 for evacuation
[2020-09-11T16:48:50.901+0000][1][gc,age       ] GC(139) Desired survivor size 4358144 bytes, new threshold 6 (max threshold 6)
[2020-09-11T16:48:50.901+0000][1][gc,age       ] GC(139) Age table with threshold 6 (max threshold 6)
[2020-09-11T16:48:50.902+0000][1][gc,age       ] GC(139) - age   1:      98184 bytes,      98184 total
[2020-09-11T16:48:50.902+0000][1][gc,age       ] GC(139) - age   2:      84904 bytes,     183088 total
[2020-09-11T16:48:50.902+0000][1][gc,age       ] GC(139) - age   3:     238088 bytes,     421176 total
[2020-09-11T16:48:50.902+0000][1][gc,age       ] GC(139) - age   4:      80792 bytes,     501968 total
[2020-09-11T16:48:50.902+0000][1][gc,age       ] GC(139) - age   5:     470032 bytes,     972000 total
[2020-09-11T16:48:50.902+0000][1][gc,age       ] GC(139) - age   6:     205000 bytes,    1177000 total
[2020-09-11T16:48:50.902+0000][1][gc,heap      ] GC(139) ParNew: 70145K->1346K(76672K)
[2020-09-11T16:48:50.902+0000][1][gc,heap      ] GC(139) CMS: 143883K->143890K(2011968K)
[2020-09-11T16:48:50.902+0000][1][gc,metaspace ] GC(139) Metaspace: 95341K->95341K(1136640K)
[2020-09-11T16:48:50.902+0000][1][gc           ] GC(139) Pause Young (Allocation Failure) 209M->141M(2039M) 24.746ms
[2020-09-11T16:48:50.902+0000][1][gc,cpu       ] GC(139) User=0.01s Sys=0.00s Real=0.03s
[2020-09-11T16:48:50.902+0000][1][safepoint    ] Safepoint "GenCollectForAllocation", Time since last: 938899677 ns, Reaching safepoint: 4072946 ns, At safepoint: 24827759 ns, Total: 28900705 ns
[2020-09-11T16:48:51.927+0000][1][safepoint    ] Safepoint "Cleanup", Time since last: 1025608353 ns, Reaching safepoint: 86385 ns, At safepoint: 9685 ns, Total: 96070 ns
[2020-09-11T16:48:52.928+0000][1][safepoint    ] Safepoint "Cleanup", Time since last: 1000107567 ns, Reaching safepoint: 80378 ns, At safepoint: 8652 ns, Total: 89030 ns
[2020-09-11T16:48:53.937+0000][1][safepoint    ] Safepoint "Cleanup", Time since last: 1000109768 ns, Reaching safepoint: 9217501 ns, At safepoint: 15769 ns, Total: 9233270 ns
[2020-09-11T16:48:54.937+0000][1][safepoint    ] Safepoint "Cleanup", Time since last: 1000110310 ns, Reaching safepoint: 81080 ns, At safepoint: 8982 ns, Total: 90062 ns
[2020-09-11T16:48:55.937+0000][1][safepoint    ] Safepoint "Cleanup", Time since last: 1000104657 ns, Reaching safepoint: 84248 ns, At safepoint: 7165 ns, Total: 91413 ns
[2020-09-11T16:48:56.938+0000][1][safepoint    ] Safepoint "Cleanup", Time since last: 1000111243 ns, Reaching safepoint: 103305 ns, At safepoint: 9422 ns, Total: 112727 ns
[2020-09-11T16:48:57.938+0000][1][safepoint    ] Safepoint "Cleanup", Time since last: 1000130819 ns, Reaching safepoint: 82746 ns, At safepoint: 9250 ns, Total: 91996 ns
[2020-09-11T16:48:58.938+0000][1][safepoint    ] Safepoint "Cleanup", Time since last: 1000111632 ns, Reaching safepoint: 87875 ns, At safepoint: 7413 ns, Total: 95288 ns
[2020-09-11T16:48:59.938+0000][1][safepoint    ] Safepoint "Cleanup", Time since last: 1000111101 ns, Reaching safepoint: 81824 ns, At safepoint: 9273 ns, Total: 91097 ns
[2020-09-11T16:49:00.938+0000][1][safepoint    ] Safepoint "Cleanup", Time since last: 1000110517 ns, Reaching safepoint: 83137 ns, At safepoint: 5520 ns, Total: 88657 ns
[2020-09-11T16:49:01.939+0000][1][safepoint    ] Safepoint "Cleanup", Time since last: 1000111555 ns, Reaching safepoint: 81053 ns, At safepoint: 7526 ns, Total: 88579 ns
[2020-09-11T16:49:02.939+0000][1][safepoint    ] Safepoint "Cleanup", Time since last: 1000108336 ns, Reaching safepoint: 82977 ns, At safepoint: 9016 ns, Total: 91993 ns
[2020-09-11T16:49:03.939+0000][1][safepoint    ] Safepoint "Cleanup", Time since last: 1000112693 ns, Reaching safepoint: 86784 ns, At safepoint: 9854 ns, Total: 96638 ns
[2020-09-11T16:49:04.939+0000][1][safepoint    ] Safepoint "Cleanup", Time since last: 1000114685 ns, Reaching safepoint: 78137 ns, At safepoint: 7413 ns, Total: 85550 ns
[2020-09-11T16:49:05.939+0000][1][safepoint    ] Safepoint "Cleanup", Time since last: 1000114923 ns, Reaching safepoint: 126850 ns, At safepoint: 11474 ns, Total: 138324 ns
[2020-09-11T16:49:06.940+0000][1][safepoint    ] Safepoint "Cleanup", Time since last: 1000116621 ns, Reaching safepoint: 84175 ns, At safepoint: 7757 ns, Total: 91932 ns
[2020-09-11T16:49:07.940+0000][1][safepoint    ] Safepoint "Cleanup", Time since last: 1000113211 ns, Reaching safepoint: 84790 ns, At safepoint: 7582 ns, Total: 92372 ns
[2020-09-11T16:49:08.940+0000][1][safepoint    ] Safepoint "Cleanup", Time since last: 1000113276 ns, Reaching safepoint: 86173 ns, At safepoint: 10567 ns, Total: 96740 ns
[2020-09-11T16:49:09.940+0000][1][safepoint    ] Safepoint "Cleanup", Time since last: 1000119655 ns, Reaching safepoint: 79196 ns, At safepoint: 7957 ns, Total: 87153 ns
[2020-09-11T16:49:10.940+0000][1][safepoint    ] Safepoint "Cleanup", Time since last: 1000111528 ns, Reaching safepoint: 87917 ns, At safepoint: 7744 ns, Total: 95661 ns
[2020-09-11T16:49:11.941+0000][1][safepoint    ] Safepoint "Cleanup", Time since last: 1000119629 ns, Reaching safepoint: 82274 ns, At safepoint: 9322 ns, Total: 91596 ns
[2020-09-11T16:49:12.941+0000][1][safepoint    ] Safepoint "Cleanup", Time since last: 1000079790 ns, Reaching safepoint: 81624 ns, At safepoint: 8342 ns, Total: 89966 ns
[2020-09-11T16:49:13.941+0000][1][safepoint    ] Safepoint "Cleanup", Time since last: 1000108979 ns, Reaching safepoint: 87588 ns, At safepoint: 7180 ns, Total: 94768 ns
[2020-09-11T16:49:14.941+0000][1][safepoint    ] Safepoint "Cleanup", Time since last: 1000125853 ns, Reaching safepoint: 81033 ns, At safepoint: 8955 ns, Total: 89988 ns
[2020-09-11T16:49:15.941+0000][1][safepoint    ] Safepoint "Cleanup", Time since last: 1000110711 ns, Reaching safepoint: 85283 ns, At safepoint: 9688 ns, Total: 94971 ns
[2020-09-11T16:49:16.942+0000][1][safepoint    ] Safepoint "Cleanup", Time since last: 1000114614 ns, Reaching safepoint: 81168 ns, At safepoint: 8063 ns, Total: 89231 ns
[2020-09-11T16:49:17.499+0000][1][gc,start     ] GC(140) Pause Young (Allocation Failure)
[2020-09-11T16:49:17.499+0000][1][gc,task      ] GC(140) Using 1 workers of 1 for evacuation
[2020-09-11T16:49:17.529+0000][1][gc,age       ] GC(140) Desired survivor size 4358144 bytes, new threshold 6 (max threshold 6)
[2020-09-11T16:49:17.529+0000][1][gc,age       ] GC(140) Age table with threshold 6 (max threshold 6)
[2020-09-11T16:49:17.529+0000][1][gc,age       ] GC(140) - age   1:     244192 bytes,     244192 total
[2020-09-11T16:49:17.529+0000][1][gc,age       ] GC(140) - age   2:      12384 bytes,     256576 total
[2020-09-11T16:49:17.529+0000][1][gc,age       ] GC(140) - age   3:      81656 bytes,     338232 total
[2020-09-11T16:49:17.529+0000][1][gc,age       ] GC(140) - age   4:     234368 bytes,     572600 total
[2020-09-11T16:49:17.529+0000][1][gc,age       ] GC(140) - age   5:      80792 bytes,     653392 total
[2020-09-11T16:49:17.529+0000][1][gc,age       ] GC(140) - age   6:     455048 bytes,    1108440 total
[2020-09-11T16:49:17.529+0000][1][gc,heap      ] GC(140) ParNew: 69506K->2060K(76672K)
[2020-09-11T16:49:17.529+0000][1][gc,heap      ] GC(140) CMS: 143890K->143967K(2011968K)
[2020-09-11T16:49:17.529+0000][1][gc,metaspace ] GC(140) Metaspace: 95386K->95386K(1136640K)
[2020-09-11T16:49:17.530+0000][1][gc           ] GC(140) Pause Young (Allocation Failure) 208M->142M(2039M) 30.428ms
[2020-09-11T16:49:17.530+0000][1][gc,cpu       ] GC(140) User=0.02s Sys=0.00s Real=0.03s
[2020-09-11T16:49:17.530+0000][1][safepoint    ] Safepoint "GenCollectForAllocation", Time since last: 557235551 ns, Reaching safepoint: 154022 ns, At safepoint: 30497271 ns, Total: 30651293 ns
[2020-09-11T16:49:18.537+0000][1][safepoint    ] Safepoint "Cleanup", Time since last: 1007549228 ns, Reaching safepoint: 78523 ns, At safepoint: 17678 ns, Total: 96201 ns
[2020-09-11T16:49:19.537+0000][1][safepoint    ] Safepoint "Cleanup", Time since last: 1000102706 ns, Reaching safepoint: 71319 ns, At safepoint: 5420 ns, Total: 76739 ns
[2020-09-11T16:49:20.538+0000][1][safepoint    ] Safepoint "Cleanup", Time since last: 1000104348 ns, Reaching safepoint: 72872 ns, At safepoint: 6225 ns, Total: 79097 ns
[2020-09-11T16:49:21.538+0000][1][safepoint    ] Safepoint "Cleanup", Time since last: 1000093015 ns, Reaching safepoint: 79601 ns, At safepoint: 6919 ns, Total: 86520 ns
[2020-09-11T16:49:22.540+0000][1][safepoint    ] Safepoint "Cleanup", Time since last: 1002109693 ns, Reaching safepoint: 81730 ns, At safepoint: 9014 ns, Total: 90744 ns
[2020-09-11T16:49:23.540+0000][1][safepoint    ] Safepoint "Cleanup", Time since last: 1000117934 ns, Reaching safepoint: 81409 ns, At safepoint: 8720 ns, Total: 90129 ns
[2020-09-11T16:49:25.461+0000][1][safepoint    ] Safepoint "Cleanup", Time since last: 1920698173 ns, Reaching safepoint: 117963 ns, At safepoint: 10781 ns, Total: 128744 ns
[2020-09-11T16:49:27.013+0000][1][safepoint    ] Safepoint "Cleanup", Time since last: 1551862661 ns, Reaching safepoint: 97358 ns, At safepoint: 10975 ns, Total: 108333 ns
[2020-09-11T16:49:28.013+0000][1][safepoint    ] Safepoint "Cleanup", Time since last: 1000112368 ns, Reaching safepoint: 106671 ns, At safepoint: 8047 ns, Total: 114718 ns
[2020-09-11T16:49:29.013+0000][1][safepoint    ] Safepoint "Cleanup", Time since last: 1000106316 ns, Reaching safepoint: 83253 ns, At safepoint: 8319 ns, Total: 91572 ns
[2020-09-11T16:49:30.014+0000][1][safepoint    ] Safepoint "Cleanup", Time since last: 1000111498 ns, Reaching safepoint: 81792 ns, At safepoint: 9014 ns, Total: 90806 ns
[2020-09-11T16:49:31.014+0000][1][safepoint    ] Safepoint "Cleanup", Time since last: 1000129438 ns, Reaching safepoint: 92867 ns, At safepoint: 8231 ns, Total: 101098 ns
[2020-09-11T16:49:32.014+0000][1][safepoint    ] Safepoint "Cleanup", Time since last: 1000119639 ns, Reaching safepoint: 83686 ns, At safepoint: 7290 ns, Total: 90976 ns
[2020-09-11T16:49:33.014+0000][1][safepoint    ] Safepoint "Cleanup", Time since last: 1000114601 ns, Reaching safepoint: 81490 ns, At safepoint: 8064 ns, Total: 89554 ns
[2020-09-11T16:49:34.014+0000][1][safepoint    ] Safepoint "Cleanup", Time since last: 1000115714 ns, Reaching safepoint: 88267 ns, At safepoint: 10143 ns, Total: 98410 ns
[2020-09-11T16:49:35.015+0000][1][safepoint    ] Safepoint "Cleanup", Time since last: 1000115620 ns, Reaching safepoint: 79802 ns, At safepoint: 7478 ns, Total: 87280 ns
[2020-09-11T16:49:36.015+0000][1][safepoint    ] Safepoint "Cleanup", Time since last: 1000113978 ns, Reaching safepoint: 81061 ns, At safepoint: 7574 ns, Total: 88635 ns
[2020-09-11T16:49:37.017+0000][1][safepoint    ] Safepoint "Cleanup", Time since last: 1001937032 ns, Reaching safepoint: 82755 ns, At safepoint: 7585 ns, Total: 90340 ns
[2020-09-11T16:49:37.553+0000][1][gc,start     ] GC(141) Pause Young (Allocation Failure)
[2020-09-11T16:49:37.553+0000][1][gc,task      ] GC(141) Using 1 workers of 1 for evacuation
[2020-09-11T16:49:37.580+0000][1][gc,age       ] GC(141) Desired survivor size 4358144 bytes, new threshold 6 (max threshold 6)
[2020-09-11T16:49:37.580+0000][1][gc,age       ] GC(141) Age table with threshold 6 (max threshold 6)
[2020-09-11T16:49:37.580+0000][1][gc,age       ] GC(141) - age   1:     588576 bytes,     588576 total
[2020-09-11T16:49:37.580+0000][1][gc,age       ] GC(141) - age   2:     175720 bytes,     764296 total
[2020-09-11T16:49:37.580+0000][1][gc,age       ] GC(141) - age   3:      10240 bytes,     774536 total
[2020-09-11T16:49:37.580+0000][1][gc,age       ] GC(141) - age   4:      79176 bytes,     853712 total
[2020-09-11T16:49:37.580+0000][1][gc,age       ] GC(141) - age   5:     234368 bytes,    1088080 total
[2020-09-11T16:49:37.580+0000][1][gc,age       ] GC(141) - age   6:      80792 bytes,    1168872 total
[2020-09-11T16:49:37.580+0000][1][gc,heap      ] GC(141) ParNew: 70220K->1327K(76672K)
[2020-09-11T16:49:37.580+0000][1][gc,heap      ] GC(141) CMS: 143967K->143983K(2011968K)
[2020-09-11T16:49:37.580+0000][1][gc,metaspace ] GC(141) Metaspace: 95405K->95405K(1136640K)
[2020-09-11T16:49:37.580+0000][1][gc           ] GC(141) Pause Young (Allocation Failure) 209M->141M(2039M) 27.061ms
[2020-09-11T16:49:37.580+0000][1][gc,cpu       ] GC(141) User=0.02s Sys=0.00s Real=0.02s
[2020-09-11T16:49:37.580+0000][1][safepoint    ] Safepoint "GenCollectForAllocation", Time since last: 535921585 ns, Reaching safepoint: 202017 ns, At safepoint: 27125408 ns, Total: 27327425 ns
[2020-09-11T16:49:38.584+0000][1][safepoint    ] Safepoint "Cleanup", Time since last: 1003713436 ns, Reaching safepoint: 76995 ns, At safepoint: 16235 ns, Total: 93230 ns
[2020-09-11T16:49:39.584+0000][1][safepoint    ] Safepoint "Cleanup", Time since last: 1000188073 ns, Reaching safepoint: 72969 ns, At safepoint: 17013 ns, Total: 89982 ns
[2020-09-11T16:49:40.584+0000][1][safepoint    ] Safepoint "Cleanup", Time since last: 1000134617 ns, Reaching safepoint: 73194 ns, At safepoint: 16328 ns, Total: 89522 ns
[2020-09-11T16:49:41.585+0000][1][safepoint    ] Safepoint "Cleanup", Time since last: 1000103183 ns, Reaching safepoint: 80831 ns, At safepoint: 18108 ns, Total: 98939 ns
[2020-09-11T16:49:42.589+0000][1][safepoint    ] Safepoint "Cleanup", Time since last: 1004115263 ns, Reaching safepoint: 73757 ns, At safepoint: 7301 ns, Total: 81058 ns
[2020-09-11T16:49:43.589+0000][1][safepoint    ] Safepoint "Cleanup", Time since last: 1000109966 ns, Reaching safepoint: 79372 ns, At safepoint: 7112 ns, Total: 86484 ns
[2020-09-11T16:49:44.589+0000][1][safepoint    ] Safepoint "Cleanup", Time since last: 1000114862 ns, Reaching safepoint: 81505 ns, At safepoint: 7568 ns, Total: 89073 ns
[2020-09-11T16:49:45.589+0000][1][safepoint    ] Safepoint "Cleanup", Time since last: 1000132940 ns, Reaching safepoint: 83506 ns, At safepoint: 10332 ns, Total: 93838 ns
[2020-09-11T16:49:46.590+0000][1][safepoint    ] Safepoint "Cleanup", Time since last: 1000117823 ns, Reaching safepoint: 81834 ns, At safepoint: 7580 ns, Total: 89414 ns
[2020-09-11T16:49:47.590+0000][1][safepoint    ] Safepoint "Cleanup", Time since last: 1000355536 ns, Reaching safepoint: 78524 ns, At safepoint: 7863 ns, Total: 86387 ns
[2020-09-11T16:49:48.590+0000][1][safepoint    ] Safepoint "Cleanup", Time since last: 1000111212 ns, Reaching safepoint: 107696 ns, At safepoint: 11880 ns, Total: 119576 ns
[2020-09-11T16:49:49.591+0000][1][safepoint    ] Safepoint "Cleanup", Time since last: 1000133324 ns, Reaching safepoint: 83110 ns, At safepoint: 7366 ns, Total: 90476 ns
[2020-09-11T16:49:50.591+0000][1][safepoint    ] Safepoint "Cleanup", Time since last: 1000660379 ns, Reaching safepoint: 75789 ns, At safepoint: 7552 ns, Total: 83341 ns
[2020-09-11T16:49:51.592+0000][1][safepoint    ] Safepoint "Cleanup", Time since last: 1000143051 ns, Reaching safepoint: 86761 ns, At safepoint: 10682 ns, Total: 97443 ns
[2020-09-11T16:49:52.593+0000][1][safepoint    ] Safepoint "Cleanup", Time since last: 1000121953 ns, Reaching safepoint: 1142526 ns, At safepoint: 9212 ns, Total: 1151738 ns
[2020-09-11T16:49:53.593+0000][1][safepoint    ] Safepoint "Cleanup", Time since last: 1000108888 ns, Reaching safepoint: 77627 ns, At safepoint: 6981 ns, Total: 84608 ns
[2020-09-11T16:49:54.593+0000][1][safepoint    ] Safepoint "Cleanup", Time since last: 1000119171 ns, Reaching safepoint: 83188 ns, At safepoint: 9118 ns, Total: 92306 ns
[2020-09-11T16:49:55.593+0000][1][safepoint    ] Safepoint "Cleanup", Time since last: 1000112363 ns, Reaching safepoint: 79537 ns, At safepoint: 7707 ns, Total: 87244 ns
[2020-09-11T16:49:56.594+0000][1][safepoint    ] Safepoint "Cleanup", Time since last: 1000113204 ns, Reaching safepoint: 84808 ns, At safepoint: 7988 ns, Total: 92796 ns
[2020-09-11T16:50:01.601+0000][1][safepoint    ] Safepoint "Cleanup", Time since last: 5006777906 ns, Reaching safepoint: 89282 ns, At safepoint: 7856 ns, Total: 97138 ns
[2020-09-11T16:50:03.601+0000][1][safepoint    ] Safepoint "Cleanup", Time since last: 2000313376 ns, Reaching safepoint: 90074 ns, At safepoint: 6517 ns, Total: 96591 ns
[2020-09-11T16:50:07.606+0000][1][gc,start     ] GC(142) Pause Young (Allocation Failure)
[2020-09-11T16:50:07.606+0000][1][gc,task      ] GC(142) Using 1 workers of 1 for evacuation
[2020-09-11T16:50:07.637+0000][1][gc,age       ] GC(142) Desired survivor size 4358144 bytes, new threshold 6 (max threshold 6)
[2020-09-11T16:50:07.637+0000][1][gc,age       ] GC(142) Age table with threshold 6 (max threshold 6)
[2020-09-11T16:50:07.637+0000][1][gc,age       ] GC(142) - age   1:     222736 bytes,     222736 total
[2020-09-11T16:50:07.637+0000][1][gc,age       ] GC(142) - age   2:     519176 bytes,     741912 total
[2020-09-11T16:50:07.637+0000][1][gc,age       ] GC(142) - age   3:     169320 bytes,     911232 total
[2020-09-11T16:50:07.637+0000][1][gc,age       ] GC(142) - age   4:      10240 bytes,     921472 total
[2020-09-11T16:50:07.637+0000][1][gc,age       ] GC(142) - age   5:      79176 bytes,    1000648 total
[2020-09-11T16:50:07.637+0000][1][gc,age       ] GC(142) - age   6:     126272 bytes,    1126920 total
[2020-09-11T16:50:07.638+0000][1][gc,heap      ] GC(142) ParNew: 69487K->2043K(76672K)
[2020-09-11T16:50:07.638+0000][1][gc,heap      ] GC(142) CMS: 143983K->144056K(2011968K)
[2020-09-11T16:50:07.638+0000][1][gc,metaspace ] GC(142) Metaspace: 95501K->95501K(1136640K)
[2020-09-11T16:50:07.638+0000][1][gc           ] GC(142) Pause Young (Allocation Failure) 208M->142M(2039M) 31.456ms
[2020-09-11T16:50:07.638+0000][1][gc,cpu       ] GC(142) User=0.02s Sys=0.00s Real=0.03s
[2020-09-11T16:50:07.638+0000][1][safepoint    ] Safepoint "GenCollectForAllocation", Time since last: 4004993713 ns, Reaching safepoint: 162124 ns, At safepoint: 31548886 ns, Total: 31711010 ns
[2020-09-11T16:50:16.641+0000][1][safepoint    ] Safepoint "Cleanup", Time since last: 9003541889 ns, Reaching safepoint: 89096 ns, At safepoint: 9726 ns, Total: 98822 ns
[2020-09-11T16:50:21.642+0000][1][safepoint    ] Safepoint "Cleanup", Time since last: 5000396577 ns, Reaching safepoint: 86221 ns, At safepoint: 7808 ns, Total: 94029 ns
[2020-09-11T16:50:30.643+0000][1][safepoint    ] Safepoint "Cleanup", Time since last: 9000726237 ns, Reaching safepoint: 87674 ns, At safepoint: 8078 ns, Total: 95752 ns
[2020-09-11T16:50:33.643+0000][1][safepoint    ] Safepoint "Cleanup", Time since last: 3000273966 ns, Reaching safepoint: 88650 ns, At safepoint: 7973 ns, Total: 96623 ns
[2020-09-11T16:50:34.187+0000][1][gc,start     ] GC(143) Pause Young (Allocation Failure)
[2020-09-11T16:50:34.187+0000][1][gc,task      ] GC(143) Using 1 workers of 1 for evacuation
[2020-09-11T16:50:34.212+0000][1][gc,age       ] GC(143) Desired survivor size 4358144 bytes, new threshold 6 (max threshold 6)
[2020-09-11T16:50:34.212+0000][1][gc,age       ] GC(143) Age table with threshold 6 (max threshold 6)
[2020-09-11T16:50:34.212+0000][1][gc,age       ] GC(143) - age   1:     532384 bytes,     532384 total
[2020-09-11T16:50:34.212+0000][1][gc,age       ] GC(143) - age   2:     153160 bytes,     685544 total
[2020-09-11T16:50:34.212+0000][1][gc,age       ] GC(143) - age   3:     515192 bytes,    1200736 total
[2020-09-11T16:50:34.212+0000][1][gc,age       ] GC(143) - age   4:     169224 bytes,    1369960 total
[2020-09-11T16:50:34.212+0000][1][gc,age       ] GC(143) - age   5:      10240 bytes,    1380200 total
[2020-09-11T16:50:34.213+0000][1][gc,age       ] GC(143) - age   6:      79176 bytes,    1459376 total
[2020-09-11T16:50:34.213+0000][1][gc,heap      ] GC(143) ParNew: 70203K->2004K(76672K)
[2020-09-11T16:50:34.213+0000][1][gc,heap      ] GC(143) CMS: 144056K->144063K(2011968K)
[2020-09-11T16:50:34.213+0000][1][gc,metaspace ] GC(143) Metaspace: 95537K->95537K(1136640K)
[2020-09-11T16:50:34.213+0000][1][gc           ] GC(143) Pause Young (Allocation Failure) 209M->142M(2039M) 25.399ms
[2020-09-11T16:50:34.213+0000][1][gc,cpu       ] GC(143) User=0.01s Sys=0.00s Real=0.02s
[2020-09-11T16:50:34.217+0000][1][safepoint    ] Safepoint "GenCollectForAllocation", Time since last: 543812441 ns, Reaching safepoint: 397290 ns, At safepoint: 29693432 ns, Total: 30090722 ns
[2020-09-11T16:50:35.240+0000][1][safepoint    ] Safepoint "Cleanup", Time since last: 1007906074 ns, Reaching safepoint: 15381242 ns, At safepoint: 11688 ns, Total: 15392930 ns
[2020-09-11T16:50:36.245+0000][1][safepoint    ] Safepoint "Cleanup", Time since last: 1004607992 ns, Reaching safepoint: 162213 ns, At safepoint: 7466 ns, Total: 169679 ns
[2020-09-11T16:50:37.249+0000][1][safepoint    ] Safepoint "Cleanup", Time since last: 1003846281 ns, Reaching safepoint: 88427 ns, At safepoint: 7346 ns, Total: 95773 ns
[2020-09-11T16:50:38.249+0000][1][safepoint    ] Safepoint "Cleanup", Time since last: 1000108182 ns, Reaching safepoint: 87813 ns, At safepoint: 6935 ns, Total: 94748 ns
[2020-09-11T16:50:39.249+0000][1][safepoint    ] Safepoint "Cleanup", Time since last: 1000110251 ns, Reaching safepoint: 101882 ns, At safepoint: 7476 ns, Total: 109358 ns
[2020-09-11T16:50:40.057+0000][1][gc,start     ] GC(144) Pause Young (Allocation Failure)
[2020-09-11T16:50:40.057+0000][1][gc,task      ] GC(144) Using 1 workers of 1 for evacuation
[2020-09-11T16:50:40.088+0000][1][gc,age       ] GC(144) Desired survivor size 4358144 bytes, new threshold 6 (max threshold 6)
[2020-09-11T16:50:40.088+0000][1][gc,age       ] GC(144) Age table with threshold 6 (max threshold 6)
[2020-09-11T16:50:40.088+0000][1][gc,age       ] GC(144) - age   1:     520416 bytes,     520416 total
[2020-09-11T16:50:40.088+0000][1][gc,age       ] GC(144) - age   2:     353952 bytes,     874368 total
[2020-09-11T16:50:40.088+0000][1][gc,age       ] GC(144) - age   3:     151104 bytes,    1025472 total
[2020-09-11T16:50:40.088+0000][1][gc,age       ] GC(144) - age   4:     515160 bytes,    1540632 total
[2020-09-11T16:50:40.088+0000][1][gc,age       ] GC(144) - age   5:     169224 bytes,    1709856 total
[2020-09-11T16:50:40.088+0000][1][gc,age       ] GC(144) - age   6:      10240 bytes,    1720096 total
[2020-09-11T16:50:40.088+0000][1][gc,heap      ] GC(144) ParNew: 70164K->2471K(76672K)
[2020-09-11T16:50:40.088+0000][1][gc,heap      ] GC(144) CMS: 144063K->144141K(2011968K)
[2020-09-11T16:50:40.088+0000][1][gc,metaspace ] GC(144) Metaspace: 95646K->95646K(1136640K)
[2020-09-11T16:50:40.088+0000][1][gc           ] GC(144) Pause Young (Allocation Failure) 209M->143M(2039M) 31.249ms
[2020-09-11T16:50:40.088+0000][1][gc,cpu       ] GC(144) User=0.02s Sys=0.00s Real=0.03s
[2020-09-11T16:50:40.101+0000][1][safepoint    ] Safepoint "GenCollectForAllocation", Time since last: 805429580 ns, Reaching safepoint: 1937210 ns, At safepoint: 44123364 ns, Total: 46060574 ns
[2020-09-11T16:50:41.130+0000][1][safepoint    ] Safepoint "Cleanup", Time since last: 1029588202 ns, Reaching safepoint: 102012 ns, At safepoint: 9810 ns, Total: 111822 ns
[2020-09-11T16:50:42.131+0000][1][safepoint    ] Safepoint "Cleanup", Time since last: 1000113882 ns, Reaching safepoint: 84679 ns, At safepoint: 7800 ns, Total: 92479 ns
[2020-09-11T16:50:43.133+0000][1][safepoint    ] Safepoint "Cleanup", Time since last: 1002072064 ns, Reaching safepoint: 97786 ns, At safepoint: 7484 ns, Total: 105270 ns
[2020-09-11T16:50:46.144+0000][1][safepoint    ] Safepoint "Cleanup", Time since last: 3010997781 ns, Reaching safepoint: 99669 ns, At safepoint: 6071 ns, Total: 105740 ns
[2020-09-11T16:50:47.144+0000][1][safepoint    ] Safepoint "Cleanup", Time since last: 1000115506 ns, Reaching safepoint: 88001 ns, At safepoint: 5675 ns, Total: 93676 ns
[2020-09-11T16:50:48.144+0000][1][safepoint    ] Safepoint "Cleanup", Time since last: 1000130976 ns, Reaching safepoint: 101799 ns, At safepoint: 6750 ns, Total: 108549 ns
[2020-09-11T16:50:49.145+0000][1][safepoint    ] Safepoint "Cleanup", Time since last: 1000106271 ns, Reaching safepoint: 79864 ns, At safepoint: 7109 ns, Total: 86973 ns
[2020-09-11T16:50:50.145+0000][1][safepoint    ] Safepoint "Cleanup", Time since last: 1000096883 ns, Reaching safepoint: 107133 ns, At safepoint: 6810 ns, Total: 113943 ns
[2020-09-11T16:50:51.145+0000][1][safepoint    ] Safepoint "RevokeBias", Time since last: 999955600 ns, Reaching safepoint: 364947 ns, At safepoint: 10569 ns, Total: 375516 ns
[2020-09-11T16:50:51.146+0000][1][safepoint    ] Safepoint "RevokeBias", Time since last: 1064876 ns, Reaching safepoint: 183044 ns, At safepoint: 8495 ns, Total: 191539 ns
[2020-09-11T16:50:52.147+0000][1][safepoint    ] Safepoint "Cleanup", Time since last: 1000154224 ns, Reaching safepoint: 99421 ns, At safepoint: 8944 ns, Total: 108365 ns
[2020-09-11T16:50:53.147+0000][1][safepoint    ] Safepoint "Cleanup", Time since last: 1000111801 ns, Reaching safepoint: 80708 ns, At safepoint: 7405 ns, Total: 88113 ns
[2020-09-11T16:50:53.162+0000][1][gc,start     ] GC(145) Pause Young (Allocation Failure)
[2020-09-11T16:50:53.162+0000][1][gc,task      ] GC(145) Using 1 workers of 1 for evacuation
[2020-09-11T16:50:53.190+0000][1][gc,age       ] GC(145) Desired survivor size 4358144 bytes, new threshold 6 (max threshold 6)
[2020-09-11T16:50:53.190+0000][1][gc,age       ] GC(145) Age table with threshold 6 (max threshold 6)
[2020-09-11T16:50:53.190+0000][1][gc,age       ] GC(145) - age   1:     244528 bytes,     244528 total
[2020-09-11T16:50:53.190+0000][1][gc,age       ] GC(145) - age   2:     291832 bytes,     536360 total
[2020-09-11T16:50:53.190+0000][1][gc,age       ] GC(145) - age   3:     331800 bytes,     868160 total
[2020-09-11T16:50:53.190+0000][1][gc,age       ] GC(145) - age   4:     148552 bytes,    1016712 total
[2020-09-11T16:50:53.190+0000][1][gc,age       ] GC(145) - age   5:     515160 bytes,    1531872 total
[2020-09-11T16:50:53.190+0000][1][gc,age       ] GC(145) - age   6:     168920 bytes,    1700792 total
[2020-09-11T16:50:53.190+0000][1][gc,heap      ] GC(145) ParNew: 70631K->3137K(76672K)
[2020-09-11T16:50:53.190+0000][1][gc,heap      ] GC(145) CMS: 144141K->144151K(2011968K)
[2020-09-11T16:50:53.190+0000][1][gc,metaspace ] GC(145) Metaspace: 96172K->96172K(1138688K)
[2020-09-11T16:50:53.190+0000][1][gc           ] GC(145) Pause Young (Allocation Failure) 209M->143M(2039M) 27.798ms
[2020-09-11T16:50:53.190+0000][1][gc,cpu       ] GC(145) User=0.02s Sys=0.00s Real=0.02s
[2020-09-11T16:50:53.190+0000][1][safepoint    ] Safepoint "GenCollectForAllocation", Time since last: 15143185 ns, Reaching safepoint: 160298 ns, At safepoint: 27875845 ns, Total: 28036143 ns
[2020-09-11T16:50:54.192+0000][1][safepoint    ] Safepoint "Cleanup", Time since last: 1001373914 ns, Reaching safepoint: 83171 ns, At safepoint: 6772 ns, Total: 89943 ns
[2020-09-11T16:50:55.192+0000][1][safepoint    ] Safepoint "Cleanup", Time since last: 1000107183 ns, Reaching safepoint: 79641 ns, At safepoint: 6691 ns, Total: 86332 ns
[2020-09-11T16:50:56.192+0000][1][safepoint    ] Safepoint "Cleanup", Time since last: 1000116193 ns, Reaching safepoint: 79380 ns, At safepoint: 7668 ns, Total: 87048 ns
[2020-09-11T16:50:57.192+0000][1][safepoint    ] Safepoint "Cleanup", Time since last: 1000113632 ns, Reaching safepoint: 85119 ns, At safepoint: 9284 ns, Total: 94403 ns
[2020-09-11T16:50:58.192+0000][1][safepoint    ] Safepoint "Cleanup", Time since last: 1000119877 ns, Reaching safepoint: 81918 ns, At safepoint: 7798 ns, Total: 89716 ns
[2020-09-11T16:50:59.193+0000][1][safepoint    ] Safepoint "Cleanup", Time since last: 1000110278 ns, Reaching safepoint: 79729 ns, At safepoint: 7304 ns, Total: 87033 ns
[2020-09-11T16:51:00.193+0000][1][safepoint    ] Safepoint "Cleanup", Time since last: 1000117911 ns, Reaching safepoint: 102617 ns, At safepoint: 7033 ns, Total: 109650 ns
[2020-09-11T16:51:01.193+0000][1][safepoint    ] Safepoint "Cleanup", Time since last: 1000106958 ns, Reaching safepoint: 84351 ns, At safepoint: 7597 ns, Total: 91948 ns
[2020-09-11T16:51:02.193+0000][1][safepoint    ] Safepoint "Cleanup", Time since last: 1000111594 ns, Reaching safepoint: 82928 ns, At safepoint: 8880 ns, Total: 91808 ns
[2020-09-11T16:51:03.193+0000][1][safepoint    ] Safepoint "Cleanup", Time since last: 1000106710 ns, Reaching safepoint: 81683 ns, At safepoint: 8391 ns, Total: 90074 ns
[2020-09-11T16:51:04.194+0000][1][safepoint    ] Safepoint "Cleanup", Time since last: 1000111565 ns, Reaching safepoint: 95448 ns, At safepoint: 10227 ns, Total: 105675 ns
[2020-09-11T16:51:05.194+0000][1][safepoint    ] Safepoint "Cleanup", Time since last: 1000113462 ns, Reaching safepoint: 81417 ns, At safepoint: 7129 ns, Total: 88546 ns
[2020-09-11T16:51:06.194+0000][1][safepoint    ] Safepoint "Cleanup", Time since last: 1000109119 ns, Reaching safepoint: 98959 ns, At safepoint: 8842 ns, Total: 107801 ns
[2020-09-11T16:51:07.194+0000][1][safepoint    ] Safepoint "Cleanup", Time since last: 1000109703 ns, Reaching safepoint: 81126 ns, At safepoint: 7122 ns, Total: 88248 ns
[2020-09-11T16:51:08.194+0000][1][safepoint    ] Safepoint "Cleanup", Time since last: 1000108894 ns, Reaching safepoint: 83035 ns, At safepoint: 8797 ns, Total: 91832 ns
[2020-09-11T16:51:09.195+0000][1][safepoint    ] Safepoint "Cleanup", Time since last: 1000121026 ns, Reaching safepoint: 76905 ns, At safepoint: 6811 ns, Total: 83716 ns
[2020-09-11T16:51:10.195+0000][1][safepoint    ] Safepoint "Cleanup", Time since last: 1000114978 ns, Reaching safepoint: 81823 ns, At safepoint: 6862 ns, Total: 88685 ns
[2020-09-11T16:51:11.195+0000][1][safepoint    ] Safepoint "Cleanup", Time since last: 1000108774 ns, Reaching safepoint: 76426 ns, At safepoint: 6075 ns, Total: 82501 ns
[2020-09-11T16:51:12.195+0000][1][safepoint    ] Safepoint "Cleanup", Time since last: 1000111260 ns, Reaching safepoint: 83692 ns, At safepoint: 8636 ns, Total: 92328 ns
[2020-09-11T16:51:13.195+0000][1][safepoint    ] Safepoint "Cleanup", Time since last: 1000105578 ns, Reaching safepoint: 79115 ns, At safepoint: 6843 ns, Total: 85958 ns
[2020-09-11T16:51:14.196+0000][1][safepoint    ] Safepoint "Cleanup", Time since last: 1000123793 ns, Reaching safepoint: 88614 ns, At safepoint: 8407 ns, Total: 97021 ns
[2020-09-11T16:51:15.196+0000][1][safepoint    ] Safepoint "Cleanup", Time since last: 1000119584 ns, Reaching safepoint: 82566 ns, At safepoint: 7242 ns, Total: 89808 ns
[2020-09-11T16:51:16.196+0000][1][safepoint    ] Safepoint "Cleanup", Time since last: 1000109898 ns, Reaching safepoint: 90456 ns, At safepoint: 9780 ns, Total: 100236 ns
[2020-09-11T16:51:17.196+0000][1][safepoint    ] Safepoint "Cleanup", Time since last: 1000111822 ns, Reaching safepoint: 81162 ns, At safepoint: 7105 ns, Total: 88267 ns
[2020-09-11T16:51:18.196+0000][1][safepoint    ] Safepoint "Cleanup", Time since last: 1000109186 ns, Reaching safepoint: 79913 ns, At safepoint: 7823 ns, Total: 87736 ns
[2020-09-11T16:51:19.197+0000][1][safepoint    ] Safepoint "Cleanup", Time since last: 1000112422 ns, Reaching safepoint: 83180 ns, At safepoint: 8677 ns, Total: 91857 ns
[2020-09-11T16:51:20.197+0000][1][safepoint    ] Safepoint "Cleanup", Time since last: 1000131060 ns, Reaching safepoint: 91169 ns, At safepoint: 6802 ns, Total: 97971 ns
[2020-09-11T16:51:20.937+0000][1][gc,start     ] GC(146) Pause Young (Allocation Failure)
[2020-09-11T16:51:20.937+0000][1][gc,task      ] GC(146) Using 1 workers of 1 for evacuation
[2020-09-11T16:51:21.020+0000][1][gc,age       ] GC(146) Desired survivor size 4358144 bytes, new threshold 6 (max threshold 6)
[2020-09-11T16:51:21.020+0000][1][gc,age       ] GC(146) Age table with threshold 6 (max threshold 6)
[2020-09-11T16:51:21.020+0000][1][gc,age       ] GC(146) - age   1:     222200 bytes,     222200 total
[2020-09-11T16:51:21.020+0000][1][gc,age       ] GC(146) - age   2:     164120 bytes,     386320 total
[2020-09-11T16:51:21.020+0000][1][gc,age       ] GC(146) - age   3:     289664 bytes,     675984 total
[2020-09-11T16:51:21.020+0000][1][gc,age       ] GC(146) - age   4:     327392 bytes,    1003376 total
[2020-09-11T16:51:21.020+0000][1][gc,age       ] GC(146) - age   5:     147312 bytes,    1150688 total
[2020-09-11T16:51:21.020+0000][1][gc,age       ] GC(146) - age   6:     514888 bytes,    1665576 total
[2020-09-11T16:51:21.020+0000][1][gc,heap      ] GC(146) ParNew: 71297K->2030K(76672K)
[2020-09-11T16:51:21.020+0000][1][gc,heap      ] GC(146) CMS: 144151K->144316K(2011968K)
[2020-09-11T16:51:21.020+0000][1][gc,metaspace ] GC(146) Metaspace: 96173K->96173K(1138688K)
[2020-09-11T16:51:21.020+0000][1][gc           ] GC(146) Pause Young (Allocation Failure) 210M->142M(2039M) 83.095ms
[2020-09-11T16:51:21.020+0000][1][gc,cpu       ] GC(146) User=0.01s Sys=0.00s Real=0.08s
[2020-09-11T16:51:21.122+0000][1][safepoint    ] Safepoint "GenCollectForAllocation", Time since last: 734237567 ns, Reaching safepoint: 5867493 ns, At safepoint: 184995586 ns, Total: 190863079 ns
[2020-09-11T16:51:21.295+0000][1][safepoint    ] Safepoint "RevokeBias", Time since last: 172836746 ns, Reaching safepoint: 77795 ns, At safepoint: 21799 ns, Total: 99594 ns
[2020-09-11T16:51:21.298+0000][1][safepoint    ] Safepoint "RevokeBias", Time since last: 3147826 ns, Reaching safepoint: 72018 ns, At safepoint: 21053 ns, Total: 93071 ns
[2020-09-11T16:51:22.553+0000][1][safepoint    ] Safepoint "Cleanup", Time since last: 1254786408 ns, Reaching safepoint: 96240 ns, At safepoint: 8217 ns, Total: 104457 ns
[2020-09-11T16:51:23.553+0000][1][safepoint    ] Safepoint "Cleanup", Time since last: 1000116123 ns, Reaching safepoint: 85706 ns, At safepoint: 7728 ns, Total: 93434 ns
[2020-09-11T16:51:24.553+0000][1][safepoint    ] Safepoint "Cleanup", Time since last: 1000103464 ns, Reaching safepoint: 79551 ns, At safepoint: 7451 ns, Total: 87002 ns
[2020-09-11T16:51:25.554+0000][1][safepoint    ] Safepoint "Cleanup", Time since last: 1000164423 ns, Reaching safepoint: 158554 ns, At safepoint: 19525 ns, Total: 178079 ns
[2020-09-11T16:51:26.554+0000][1][safepoint    ] Safepoint "Cleanup", Time since last: 1000146373 ns, Reaching safepoint: 82788 ns, At safepoint: 6279 ns, Total: 89067 ns
[2020-09-11T16:51:26.594+0000][1][safepoint    ] Safepoint "RevokeBias", Time since last: 39286742 ns, Reaching safepoint: 277100 ns, At safepoint: 20398 ns, Total: 297498 ns
[2020-09-11T16:51:26.594+0000][1][safepoint    ] Safepoint "RevokeBias", Time since last: 84161 ns, Reaching safepoint: 324750 ns, At safepoint: 6013 ns, Total: 330763 ns
[2020-09-11T16:51:26.596+0000][1][safepoint    ] Safepoint "RevokeBias", Time since last: 1002040 ns, Reaching safepoint: 571249 ns, At safepoint: 9062 ns, Total: 580311 ns
[2020-09-11T16:51:26.597+0000][1][safepoint    ] Safepoint "RevokeBias", Time since last: 701287 ns, Reaching safepoint: 856194 ns, At safepoint: 8798 ns, Total: 864992 ns
[2020-09-11T16:51:26.598+0000][1][safepoint    ] Safepoint "RevokeBias", Time since last: 86327 ns, Reaching safepoint: 1141446 ns, At safepoint: 8490 ns, Total: 1149936 ns
[2020-09-11T16:51:26.600+0000][1][safepoint    ] Safepoint "RevokeBias", Time since last: 216861 ns, Reaching safepoint: 983904 ns, At safepoint: 7707 ns, Total: 991611 ns
[2020-09-11T16:51:26.600+0000][1][safepoint    ] Safepoint "RevokeBias", Time since last: 219364 ns, Reaching safepoint: 257452 ns, At safepoint: 7102 ns, Total: 264554 ns
[2020-09-11T16:51:26.605+0000][1][safepoint    ] Safepoint "RevokeBias", Time since last: 4006134 ns, Reaching safepoint: 750026 ns, At safepoint: 9319 ns, Total: 759345 ns
[2020-09-11T16:51:26.618+0000][1][safepoint    ] Safepoint "RevokeBias", Time since last: 11929700 ns, Reaching safepoint: 864254 ns, At safepoint: 12227 ns, Total: 876481 ns
[2020-09-11T16:51:26.622+0000][1][safepoint    ] Safepoint "RevokeBias", Time since last: 3966348 ns, Reaching safepoint: 362956 ns, At safepoint: 9696 ns, Total: 372652 ns
[2020-09-11T16:51:26.623+0000][1][safepoint    ] Safepoint "RevokeBias", Time since last: 73567 ns, Reaching safepoint: 1344617 ns, At safepoint: 10651 ns, Total: 1355268 ns
[2020-09-11T16:51:26.625+0000][1][safepoint    ] Safepoint "RevokeBias", Time since last: 88015 ns, Reaching safepoint: 1285449 ns, At safepoint: 8487 ns, Total: 1293936 ns
[2020-09-11T16:51:26.625+0000][1][safepoint    ] Safepoint "RevokeBias", Time since last: 99927 ns, Reaching safepoint: 116137 ns, At safepoint: 7890 ns, Total: 124027 ns
[2020-09-11T16:51:26.625+0000][1][safepoint    ] Safepoint "RevokeBias", Time since last: 44473 ns, Reaching safepoint: 106815 ns, At safepoint: 6994 ns, Total: 113809 ns
[2020-09-11T16:51:26.626+0000][1][safepoint    ] Safepoint "RevokeBias", Time since last: 194911 ns, Reaching safepoint: 109272 ns, At safepoint: 7297 ns, Total: 116569 ns
[2020-09-11T16:51:26.627+0000][1][safepoint    ] Safepoint "RevokeBias", Time since last: 670784 ns, Reaching safepoint: 415443 ns, At safepoint: 6972 ns, Total: 422415 ns
[2020-09-11T16:51:26.805+0000][1][safepoint    ] Safepoint "RevokeBias", Time since last: 178004378 ns, Reaching safepoint: 174502 ns, At safepoint: 20365 ns, Total: 194867 ns
[2020-09-11T16:51:26.806+0000][1][safepoint    ] Safepoint "RevokeBias", Time since last: 760980 ns, Reaching safepoint: 262640 ns, At safepoint: 17063 ns, Total: 279703 ns
[2020-09-11T16:51:26.807+0000][1][safepoint    ] Safepoint "RevokeBias", Time since last: 785312 ns, Reaching safepoint: 134456 ns, At safepoint: 19438 ns, Total: 153894 ns
[2020-09-11T16:51:26.821+0000][1][safepoint    ] Safepoint "RevokeBias", Time since last: 10733850 ns, Reaching safepoint: 3079105 ns, At safepoint: 30560 ns, Total: 3109665 ns
[2020-09-11T16:51:26.825+0000][1][safepoint    ] Safepoint "RevokeBias", Time since last: 1040985 ns, Reaching safepoint: 3175013 ns, At safepoint: 29308 ns, Total: 3204321 ns
[2020-09-11T16:51:26.828+0000][1][safepoint    ] Safepoint "RevokeBias", Time since last: 543575 ns, Reaching safepoint: 2417351 ns, At safepoint: 29114 ns, Total: 2446465 ns
[2020-09-11T16:51:26.840+0000][1][safepoint    ] Safepoint "RevokeBias", Time since last: 12306315 ns, Reaching safepoint: 150326 ns, At safepoint: 26202 ns, Total: 176528 ns
[2020-09-11T16:51:26.865+0000][1][safepoint    ] Safepoint "RevokeBias", Time since last: 22756325 ns, Reaching safepoint: 1345372 ns, At safepoint: 425608 ns, Total: 1770980 ns
[2020-09-11T16:51:26.866+0000][1][safepoint    ] Safepoint "RevokeBias", Time since last: 640900 ns, Reaching safepoint: 328916 ns, At safepoint: 34030 ns, Total: 362946 ns
[2020-09-11T16:51:26.893+0000][1][safepoint    ] Safepoint "RevokeBias", Time since last: 24494233 ns, Reaching safepoint: 2826959 ns, At safepoint: 38954 ns, Total: 2865913 ns
[2020-09-11T16:51:26.908+0000][1][safepoint    ] Safepoint "RevokeBias", Time since last: 10499381 ns, Reaching safepoint: 4366798 ns, At safepoint: 34310 ns, Total: 4401108 ns
[2020-09-11T16:51:26.912+0000][1][safepoint    ] Safepoint "RevokeBias", Time since last: 3017194 ns, Reaching safepoint: 492068 ns, At safepoint: 26836 ns, Total: 518904 ns
[2020-09-11T16:51:26.922+0000][1][safepoint    ] Safepoint "RevokeBias", Time since last: 9228251 ns, Reaching safepoint: 1160947 ns, At safepoint: 19553 ns, Total: 1180500 ns
[2020-09-11T16:51:26.923+0000][1][safepoint    ] Safepoint "RevokeBias", Time since last: 512793 ns, Reaching safepoint: 367535 ns, At safepoint: 9979 ns, Total: 377514 ns
[2020-09-11T16:51:26.933+0000][1][safepoint    ] Safepoint "RevokeBias", Time since last: 6384782 ns, Reaching safepoint: 3501351 ns, At safepoint: 20708 ns, Total: 3522059 ns
[2020-09-11T16:51:26.933+0000][1][safepoint    ] Safepoint "RevokeBias", Time since last: 113248 ns, Reaching safepoint: 178444 ns, At safepoint: 10315 ns, Total: 188759 ns
[2020-09-11T16:51:26.934+0000][1][safepoint    ] Safepoint "RevokeBias", Time since last: 58180 ns, Reaching safepoint: 102655 ns, At safepoint: 218018 ns, Total: 320673 ns
[2020-09-11T16:51:26.935+0000][1][safepoint    ] Safepoint "RevokeBias", Time since last: 744261 ns, Reaching safepoint: 727364 ns, At safepoint: 16566 ns, Total: 743930 ns
[2020-09-11T16:51:26.937+0000][1][safepoint    ] Safepoint "RevokeBias", Time since last: 54037 ns, Reaching safepoint: 1760996 ns, At safepoint: 13886 ns, Total: 1774882 ns
[2020-09-11T16:51:26.939+0000][1][safepoint    ] Safepoint "RevokeBias", Time since last: 885176 ns, Reaching safepoint: 1280794 ns, At safepoint: 13302 ns, Total: 1294096 ns
[2020-09-11T16:51:26.939+0000][1][safepoint    ] Safepoint "RevokeBias", Time since last: 62746 ns, Reaching safepoint: 184189 ns, At safepoint: 9962 ns, Total: 194151 ns
[2020-09-11T16:51:26.944+0000][1][safepoint    ] Safepoint "RevokeBias", Time since last: 1348494 ns, Reaching safepoint: 3328643 ns, At safepoint: 19227 ns, Total: 3347870 ns
[2020-09-11T16:51:26.945+0000][1][safepoint    ] Safepoint "RevokeBias", Time since last: 80430 ns, Reaching safepoint: 799491 ns, At safepoint: 9171 ns, Total: 808662 ns
[2020-09-11T16:51:26.945+0000][1][safepoint    ] Safepoint "RevokeBias", Time since last: 81995 ns, Reaching safepoint: 428550 ns, At safepoint: 8846 ns, Total: 437396 ns
[2020-09-11T16:51:26.946+0000][1][safepoint    ] Safepoint "RevokeBias", Time since last: 217995 ns, Reaching safepoint: 72491 ns, At safepoint: 8275 ns, Total: 80766 ns
[2020-09-11T16:51:26.947+0000][1][safepoint    ] Safepoint "RevokeBias", Time since last: 476739 ns, Reaching safepoint: 920717 ns, At safepoint: 11100 ns, Total: 931817 ns
[2020-09-11T16:51:26.949+0000][1][safepoint    ] Safepoint "RevokeBias", Time since last: 780711 ns, Reaching safepoint: 974159 ns, At safepoint: 10212 ns, Total: 984371 ns
[2020-09-11T16:51:26.950+0000][1][safepoint    ] Safepoint "RevokeBias", Time since last: 433288 ns, Reaching safepoint: 519987 ns, At safepoint: 19162 ns, Total: 539149 ns
[2020-09-11T16:51:26.952+0000][1][safepoint    ] Safepoint "RevokeBias", Time since last: 416505 ns, Reaching safepoint: 1998037 ns, At safepoint: 27849 ns, Total: 2025886 ns
[2020-09-11T16:51:26.968+0000][1][safepoint    ] Safepoint "RevokeBias", Time since last: 14183788 ns, Reaching safepoint: 1473942 ns, At safepoint: 13281 ns, Total: 1487223 ns
[2020-09-11T16:51:26.973+0000][1][safepoint    ] Safepoint "RevokeBias", Time since last: 623478 ns, Reaching safepoint: 136695 ns, At safepoint: 4081875 ns, Total: 4218570 ns
[2020-09-11T16:51:26.973+0000][1][safepoint    ] Safepoint "RevokeBias", Time since last: 391580 ns, Reaching safepoint: 227563 ns, At safepoint: 9568 ns, Total: 237131 ns
[2020-09-11T16:51:26.976+0000][1][safepoint    ] Safepoint "RevokeBias", Time since last: 604405 ns, Reaching safepoint: 1620300 ns, At safepoint: 12453 ns, Total: 1632753 ns
[2020-09-11T16:51:26.977+0000][1][safepoint    ] Safepoint "RevokeBias", Time since last: 403641 ns, Reaching safepoint: 720882 ns, At safepoint: 8173 ns, Total: 729055 ns
[2020-09-11T16:51:26.980+0000][1][safepoint    ] Safepoint "RevokeBias", Time since last: 697051 ns, Reaching safepoint: 2233278 ns, At safepoint: 12801 ns, Total: 2246079 ns
[2020-09-11T16:51:26.981+0000][1][safepoint    ] Safepoint "RevokeBias", Time since last: 222366 ns, Reaching safepoint: 844477 ns, At safepoint: 9358 ns, Total: 853835 ns
[2020-09-11T16:51:26.982+0000][1][safepoint    ] Safepoint "RevokeBias", Time since last: 172215 ns, Reaching safepoint: 1335684 ns, At safepoint: 10392 ns, Total: 1346076 ns
[2020-09-11T16:51:26.985+0000][1][safepoint    ] Safepoint "RevokeBias", Time since last: 1343579 ns, Reaching safepoint: 1135778 ns, At safepoint: 40225 ns, Total: 1176003 ns
[2020-09-11T16:51:26.989+0000][1][safepoint    ] Safepoint "RevokeBias", Time since last: 597768 ns, Reaching safepoint: 3357212 ns, At safepoint: 52291 ns, Total: 3409503 ns
[2020-09-11T16:51:26.993+0000][1][safepoint    ] Safepoint "RevokeBias", Time since last: 2567666 ns, Reaching safepoint: 1394827 ns, At safepoint: 68300 ns, Total: 1463127 ns
[2020-09-11T16:51:27.009+0000][1][safepoint    ] Safepoint "RevokeBias", Time since last: 14442691 ns, Reaching safepoint: 1492298 ns, At safepoint: 25823 ns, Total: 1518121 ns
[2020-09-11T16:51:27.012+0000][1][safepoint    ] Safepoint "RevokeBias", Time since last: 550573 ns, Reaching safepoint: 2506407 ns, At safepoint: 19917 ns, Total: 2526324 ns
[2020-09-11T16:51:27.025+0000][1][safepoint    ] Safepoint "RevokeBias", Time since last: 9306610 ns, Reaching safepoint: 3598293 ns, At safepoint: 14963 ns, Total: 3613256 ns
[2020-09-11T16:51:27.093+0000][1][safepoint    ] Safepoint "BulkRevokeBias", Time since last: 67912971 ns, Reaching safepoint: 151453 ns, At safepoint: 215519 ns, Total: 366972 ns
[2020-09-11T16:51:27.115+0000][1][safepoint    ] Safepoint "RevokeBias", Time since last: 12073897 ns, Reaching safepoint: 9656558 ns, At safepoint: 14693 ns, Total: 9671251 ns
[2020-09-11T16:51:27.126+0000][1][safepoint    ] Safepoint "RevokeBias", Time since last: 333472 ns, Reaching safepoint: 10985068 ns, At safepoint: 13514 ns, Total: 10998582 ns
[2020-09-11T16:51:27.143+0000][1][safepoint    ] Safepoint "RevokeBias", Time since last: 536127 ns, Reaching safepoint: 16008483 ns, At safepoint: 28892 ns, Total: 16037375 ns
[2020-09-11T16:51:27.150+0000][1][safepoint    ] Safepoint "RevokeBias", Time since last: 1882563 ns, Reaching safepoint: 4916607 ns, At safepoint: 39075 ns, Total: 4955682 ns
[2020-09-11T16:51:27.151+0000][1][safepoint    ] Safepoint "RevokeBias", Time since last: 727733 ns, Reaching safepoint: 528665 ns, At safepoint: 30398 ns, Total: 559063 ns
[2020-09-11T16:51:27.151+0000][1][safepoint    ] Safepoint "RevokeBias", Time since last: 52803 ns, Reaching safepoint: 185296 ns, At safepoint: 16816 ns, Total: 202112 ns
[2020-09-11T16:51:27.154+0000][1][safepoint    ] Safepoint "RevokeBias", Time since last: 2381205 ns, Reaching safepoint: 127476 ns, At safepoint: 21773 ns, Total: 149249 ns
[2020-09-11T16:51:27.155+0000][1][safepoint    ] Safepoint "RevokeBias", Time since last: 58253 ns, Reaching safepoint: 1321817 ns, At safepoint: 28813 ns, Total: 1350630 ns
[2020-09-11T16:51:27.157+0000][1][safepoint    ] Safepoint "RevokeBias", Time since last: 726203 ns, Reaching safepoint: 708573 ns, At safepoint: 26203 ns, Total: 734776 ns
[2020-09-11T16:51:27.157+0000][1][safepoint    ] Safepoint "RevokeBias", Time since last: 455972 ns, Reaching safepoint: 118957 ns, At safepoint: 21264 ns, Total: 140221 ns
[2020-09-11T16:51:27.161+0000][1][safepoint    ] Safepoint "RevokeBias", Time since last: 3737107 ns, Reaching safepoint: 142882 ns, At safepoint: 31948 ns, Total: 174830 ns
[2020-09-11T16:51:27.161+0000][1][safepoint    ] Safepoint "RevokeBias", Time since last: 72675 ns, Reaching safepoint: 112736 ns, At safepoint: 15667 ns, Total: 128403 ns
[2020-09-11T16:51:27.163+0000][1][safepoint    ] Safepoint "RevokeBias", Time since last: 1752446 ns, Reaching safepoint: 120961 ns, At safepoint: 21916 ns, Total: 142877 ns
[2020-09-11T16:51:27.166+0000][1][safepoint    ] Safepoint "RevokeBias", Time since last: 2374411 ns, Reaching safepoint: 126040 ns, At safepoint: 22412 ns, Total: 148452 ns
[2020-09-11T16:51:27.170+0000][1][safepoint    ] Safepoint "RevokeBias", Time since last: 638045 ns, Reaching safepoint: 120213 ns, At safepoint: 3207069 ns, Total: 3327282 ns
[2020-09-11T16:51:27.173+0000][1][safepoint    ] Safepoint "RevokeBias", Time since last: 27150 ns, Reaching safepoint: 136162 ns, At safepoint: 3142953 ns, Total: 3279115 ns
[2020-09-11T16:51:27.173+0000][1][safepoint    ] Safepoint "RevokeBias", Time since last: 23840 ns, Reaching safepoint: 137133 ns, At safepoint: 33862 ns, Total: 170995 ns
[2020-09-11T16:51:27.178+0000][1][safepoint    ] Safepoint "RevokeBias", Time since last: 4268292 ns, Reaching safepoint: 208933 ns, At safepoint: 148244 ns, Total: 357177 ns
[2020-09-11T16:51:27.178+0000][1][safepoint    ] Safepoint "RevokeBias", Time since last: 30324 ns, Reaching safepoint: 122110 ns, At safepoint: 27088 ns, Total: 149198 ns
[2020-09-11T16:51:27.181+0000][1][safepoint    ] Safepoint "RevokeBias", Time since last: 2736364 ns, Reaching safepoint: 175247 ns, At safepoint: 300884 ns, Total: 476131 ns
[2020-09-11T16:51:27.183+0000][1][safepoint    ] Safepoint "BulkRevokeBias", Time since last: 489589 ns, Reaching safepoint: 121679 ns, At safepoint: 1035199 ns, Total: 1156878 ns
[2020-09-11T16:51:27.191+0000][1][safepoint    ] Safepoint "RevokeBias", Time since last: 6608455 ns, Reaching safepoint: 156487 ns, At safepoint: 1238518 ns, Total: 1395005 ns
[2020-09-11T16:51:27.191+0000][1][safepoint    ] Safepoint "RevokeBias", Time since last: 33518 ns, Reaching safepoint: 470344 ns, At safepoint: 30913 ns, Total: 501257 ns
[2020-09-11T16:51:27.192+0000][1][safepoint    ] Safepoint "RevokeBias", Time since last: 753544 ns, Reaching safepoint: 192490 ns, At safepoint: 40873 ns, Total: 233363 ns
[2020-09-11T16:51:27.197+0000][1][safepoint    ] Safepoint "RevokeBias", Time since last: 151964 ns, Reaching safepoint: 4306595 ns, At safepoint: 40150 ns, Total: 4346745 ns
[2020-09-11T16:51:27.197+0000][1][safepoint    ] Safepoint "RevokeBias", Time since last: 157184 ns, Reaching safepoint: 444953 ns, At safepoint: 34143 ns, Total: 479096 ns
[2020-09-11T16:51:27.200+0000][1][safepoint    ] Safepoint "RevokeBias", Time since last: 931169 ns, Reaching safepoint: 1159712 ns, At safepoint: 29911 ns, Total: 1189623 ns
[2020-09-11T16:51:27.201+0000][1][safepoint    ] Safepoint "RevokeBias", Time since last: 89501 ns, Reaching safepoint: 1121817 ns, At safepoint: 483339 ns, Total: 1605156 ns
[2020-09-11T16:51:27.202+0000][1][safepoint    ] Safepoint "RevokeBias", Time since last: 99106 ns, Reaching safepoint: 118447 ns, At safepoint: 113333 ns, Total: 231780 ns
[2020-09-11T16:51:27.209+0000][1][safepoint    ] Safepoint "RevokeBias", Time since last: 19010 ns, Reaching safepoint: 173945 ns, At safepoint: 6955429 ns, Total: 7129374 ns
[2020-09-11T16:51:27.210+0000][1][safepoint    ] Safepoint "RevokeBias", Time since last: 50398 ns, Reaching safepoint: 447727 ns, At safepoint: 420824 ns, Total: 868551 ns
[2020-09-11T16:51:27.213+0000][1][safepoint    ] Safepoint "RevokeBias", Time since last: 2516349 ns, Reaching safepoint: 325466 ns, At safepoint: 111039 ns, Total: 436505 ns
[2020-09-11T16:51:27.223+0000][1][safepoint    ] Safepoint "RevokeBias", Time since last: 30014 ns, Reaching safepoint: 2474452 ns, At safepoint: 8184685 ns, Total: 10659137 ns
[2020-09-11T16:51:27.225+0000][1][safepoint    ] Safepoint "RevokeBias", Time since last: 1452158 ns, Reaching safepoint: 309731 ns, At safepoint: 45415 ns, Total: 355146 ns
[2020-09-11T16:51:27.231+0000][1][safepoint    ] Safepoint "RevokeBias", Time since last: 1628010 ns, Reaching safepoint: 859702 ns, At safepoint: 2965067 ns, Total: 3824769 ns
[2020-09-11T16:51:27.235+0000][1][safepoint    ] Safepoint "RevokeBias", Time since last: 43496 ns, Reaching safepoint: 3262734 ns, At safepoint: 809331 ns, Total: 4072065 ns
[2020-09-11T16:51:27.235+0000][1][safepoint    ] Safepoint "RevokeBias", Time since last: 35475 ns, Reaching safepoint: 133516 ns, At safepoint: 503522 ns, Total: 637038 ns
[2020-09-11T16:51:27.241+0000][1][safepoint    ] Safepoint "RevokeBias", Time since last: 29825 ns, Reaching safepoint: 201651 ns, At safepoint: 5078048 ns, Total: 5279699 ns
[2020-09-11T16:51:27.251+0000][1][safepoint    ] Safepoint "RevokeBias", Time since last: 9471165 ns, Reaching safepoint: 461641 ns, At safepoint: 41037 ns, Total: 502678 ns
[2020-09-11T16:51:27.251+0000][1][safepoint    ] Safepoint "RevokeBias", Time since last: 135305 ns, Reaching safepoint: 499715 ns, At safepoint: 55029 ns, Total: 554744 ns
[2020-09-11T16:51:27.625+0000][1][safepoint    ] Safepoint "RevokeBias", Time since last: 373521782 ns, Reaching safepoint: 172379 ns, At safepoint: 9390 ns, Total: 181769 ns
[2020-09-11T16:51:27.943+0000][1][gc,start     ] GC(147) Pause Young (Allocation Failure)
[2020-09-11T16:51:27.943+0000][1][gc,task      ] GC(147) Using 1 workers of 1 for evacuation
[2020-09-11T16:51:27.989+0000][1][gc,age       ] GC(147) Desired survivor size 4358144 bytes, new threshold 6 (max threshold 6)
[2020-09-11T16:51:27.989+0000][1][gc,age       ] GC(147) Age table with threshold 6 (max threshold 6)
[2020-09-11T16:51:27.989+0000][1][gc,age       ] GC(147) - age   1:     639232 bytes,     639232 total
[2020-09-11T16:51:27.989+0000][1][gc,age       ] GC(147) - age   2:     132144 bytes,     771376 total
[2020-09-11T16:51:27.989+0000][1][gc,age       ] GC(147) - age   3:     144968 bytes,     916344 total
[2020-09-11T16:51:27.989+0000][1][gc,age       ] GC(147) - age   4:     289552 bytes,    1205896 total
[2020-09-11T16:51:27.989+0000][1][gc,age       ] GC(147) - age   5:     317208 bytes,    1523104 total
[2020-09-11T16:51:27.989+0000][1][gc,age       ] GC(147) - age   6:     147280 bytes,    1670384 total
[2020-09-11T16:51:27.989+0000][1][gc,heap      ] GC(147) ParNew: 70189K->2947K(76672K)
[2020-09-11T16:51:27.989+0000][1][gc,heap      ] GC(147) CMS: 144316K->144818K(2011968K)
[2020-09-11T16:51:27.989+0000][1][gc,metaspace ] GC(147) Metaspace: 96306K->96306K(1138688K)
[2020-09-11T16:51:27.989+0000][1][gc           ] GC(147) Pause Young (Allocation Failure) 209M->144M(2039M) 46.321ms
[2020-09-11T16:51:27.989+0000][1][gc,cpu       ] GC(147) User=0.03s Sys=0.00s Real=0.04s
[2020-09-11T16:51:27.997+0000][1][safepoint    ] Safepoint "GenCollectForAllocation", Time since last: 317426974 ns, Reaching safepoint: 182772 ns, At safepoint: 54124994 ns, Total: 54307766 ns
[2020-09-11T16:51:28.277+0000][1][safepoint    ] Safepoint "RevokeBias", Time since last: 280004071 ns, Reaching safepoint: 130811 ns, At safepoint: 22696 ns, Total: 153507 ns
[2020-09-11T16:51:28.277+0000][1][safepoint    ] Safepoint "RevokeBias", Time since last: 126443 ns, Reaching safepoint: 99181 ns, At safepoint: 12527 ns, Total: 111708 ns
[2020-09-11T16:51:28.281+0000][1][safepoint    ] Safepoint "RevokeBias", Time since last: 3645571 ns, Reaching safepoint: 113945 ns, At safepoint: 14824 ns, Total: 128769 ns
[2020-09-11T16:51:28.281+0000][1][safepoint    ] Safepoint "RevokeBias", Time since last: 42824 ns, Reaching safepoint: 96861 ns, At safepoint: 11753 ns, Total: 108614 ns
[2020-09-11T16:51:28.281+0000][1][safepoint    ] Safepoint "RevokeBias", Time since last: 82379 ns, Reaching safepoint: 95566 ns, At safepoint: 11717 ns, Total: 107283 ns
[2020-09-11T16:51:28.445+0000][1][safepoint    ] Safepoint "RevokeBias", Time since last: 163451539 ns, Reaching safepoint: 148642 ns, At safepoint: 21167 ns, Total: 169809 ns
[2020-09-11T16:51:28.461+0000][1][safepoint    ] Safepoint "RevokeBias", Time since last: 15846173 ns, Reaching safepoint: 152390 ns, At safepoint: 23511 ns, Total: 175901 ns
[2020-09-11T16:51:29.465+0000][1][safepoint    ] Safepoint "Cleanup", Time since last: 1003824533 ns, Reaching safepoint: 94896 ns, At safepoint: 9985 ns, Total: 104881 ns
[2020-09-11T16:51:30.465+0000][1][safepoint    ] Safepoint "Cleanup", Time since last: 1000111929 ns, Reaching safepoint: 180063 ns, At safepoint: 11024 ns, Total: 191087 ns
[2020-09-11T16:51:30.492+0000][1][safepoint    ] Safepoint "RevokeBias", Time since last: 26644317 ns, Reaching safepoint: 148871 ns, At safepoint: 18488 ns, Total: 167359 ns
[2020-09-11T16:51:30.513+0000][1][safepoint    ] Safepoint "RevokeBias", Time since last: 20800086 ns, Reaching safepoint: 142983 ns, At safepoint: 23965 ns, Total: 166948 ns
[2020-09-11T16:51:30.522+0000][1][safepoint    ] Safepoint "RevokeBias", Time since last: 7895990 ns, Reaching safepoint: 864506 ns, At safepoint: 22478 ns, Total: 886984 ns
[2020-09-11T16:51:30.529+0000][1][safepoint    ] Safepoint "RevokeBias", Time since last: 6410180 ns, Reaching safepoint: 754324 ns, At safepoint: 52094 ns, Total: 806418 ns
[2020-09-11T16:51:30.550+0000][1][safepoint    ] Safepoint "RevokeBias", Time since last: 20663141 ns, Reaching safepoint: 145047 ns, At safepoint: 8902 ns, Total: 153949 ns
[2020-09-11T16:51:30.550+0000][1][safepoint    ] Safepoint "RevokeBias", Time since last: 524201 ns, Reaching safepoint: 101894 ns, At safepoint: 5638 ns, Total: 107532 ns
[2020-09-11T16:51:30.569+0000][1][safepoint    ] Safepoint "RevokeBias", Time since last: 18302288 ns, Reaching safepoint: 90976 ns, At safepoint: 7731 ns, Total: 98707 ns
[2020-09-11T16:51:30.574+0000][1][safepoint    ] Safepoint "RevokeBias", Time since last: 4640720 ns, Reaching safepoint: 89569 ns, At safepoint: 7105 ns, Total: 96674 ns
[2020-09-11T16:51:30.575+0000][1][safepoint    ] Safepoint "RevokeBias", Time since last: 1079718 ns, Reaching safepoint: 86129 ns, At safepoint: 12517 ns, Total: 98646 ns
[2020-09-11T16:51:30.582+0000][1][gc,heap,exit ] Heap
[2020-09-11T16:51:30.582+0000][1][gc,heap,exit ]  par new generation   total 76672K, used 28096K [0x0000000080000000, 0x0000000085330000, 0x0000000085330000)
[2020-09-11T16:51:30.582+0000][1][gc,heap,exit ]   eden space 68160K,  36% used [0x0000000080000000, 0x000000008188f540, 0x0000000084290000)
[2020-09-11T16:51:30.582+0000][1][gc,heap,exit ]   from space 8512K,  34% used [0x0000000084ae0000, 0x0000000084dc0d50, 0x0000000085330000)
[2020-09-11T16:51:30.582+0000][1][gc,heap,exit ]   to   space 8512K,   0% used [0x0000000084290000, 0x0000000084290000, 0x0000000084ae0000)
[2020-09-11T16:51:30.589+0000][1][gc,heap,exit ]  concurrent mark-sweep generation total 2011968K, used 144818K [0x0000000085330000, 0x0000000100000000, 0x0000000100000000)
[2020-09-11T16:51:30.589+0000][1][gc,heap,exit ]  Metaspace       used 96390K, capacity 103520K, committed 103764K, reserved 1138688K
[2020-09-11T16:51:30.589+0000][1][gc,heap,exit ]   class space    used 12238K, capacity 15182K, committed 15264K, reserved 1048576K
