[2020-09-11T12:45:04.127+0000][1][gc] Using Concurrent Mark Sweep
[2020-09-11T12:45:04.128+0000][1][gc,heap,coops] Heap address: 0x0000000080000000, size: 2048 MB, Compressed Oops mode: 32-bit
[2020-09-11T12:45:04.395+0000][1][safepoint    ] Safepoint "EnableBiasedLocking", Time since last: 236223727 ns, Reaching safepoint: 3478557 ns, At safepoint: 42693 ns, Total: 3521250 ns
[2020-09-11T12:45:04.414+0000][1][safepoint    ] Safepoint "RevokeBias", Time since last: 16680028 ns, Reaching safepoint: 1659065 ns, At safepoint: 47933 ns, Total: 1706998 ns
[2020-09-11T12:45:04.477+0000][1][safepoint    ] Safepoint "Deoptimize", Time since last: 58203186 ns, Reaching safepoint: 4455387 ns, At safepoint: 26582 ns, Total: 4481969 ns
[2020-09-11T12:45:05.195+0000][1][safepoint    ] Safepoint "Deoptimize", Time since last: 712299041 ns, Reaching safepoint: 5786023 ns, At safepoint: 32654 ns, Total: 5818677 ns
[2020-09-11T12:45:05.207+0000][1][safepoint    ] Safepoint "Deoptimize", Time since last: 6891167 ns, Reaching safepoint: 5860776 ns, At safepoint: 40175 ns, Total: 5900951 ns
[2020-09-11T12:45:05.461+0000][1][safepoint    ] Safepoint "Deoptimize", Time since last: 247978303 ns, Reaching safepoint: 5070763 ns, At safepoint: 44244 ns, Total: 5115007 ns
[2020-09-11T12:45:06.469+0000][1][safepoint    ] Safepoint "Cleanup", Time since last: 1008110646 ns, Reaching safepoint: 130950 ns, At safepoint: 5242 ns, Total: 136192 ns
[2020-09-11T12:45:07.483+0000][1][safepoint    ] Safepoint "Cleanup", Time since last: 1010617464 ns, Reaching safepoint: 4007355 ns, At safepoint: 8453 ns, Total: 4015808 ns
[2020-09-11T12:45:07.676+0000][1][safepoint    ] Safepoint "Deoptimize", Time since last: 191992215 ns, Reaching safepoint: 104300 ns, At safepoint: 61589 ns, Total: 165889 ns
[2020-09-11T12:45:08.029+0000][1][safepoint    ] Safepoint "Deoptimize", Time since last: 353572538 ns, Reaching safepoint: 102153 ns, At safepoint: 61926 ns, Total: 164079 ns
[2020-09-11T12:45:08.368+0000][1][safepoint    ] Safepoint "Deoptimize", Time since last: 338733071 ns, Reaching safepoint: 101234 ns, At safepoint: 82318 ns, Total: 183552 ns
[2020-09-11T12:45:09.152+0000][1][safepoint    ] Safepoint "Deoptimize", Time since last: 779265913 ns, Reaching safepoint: 3925762 ns, At safepoint: 75788 ns, Total: 4001550 ns
[2020-09-11T12:45:10.080+0000][1][safepoint    ] Safepoint "Deoptimize", Time since last: 924736764 ns, Reaching safepoint: 3236469 ns, At safepoint: 80094 ns, Total: 3316563 ns
[2020-09-11T12:45:11.080+0000][1][safepoint    ] Safepoint "Cleanup", Time since last: 1000118340 ns, Reaching safepoint: 38937 ns, At safepoint: 6886 ns, Total: 45823 ns
[2020-09-11T12:45:11.593+0000][1][safepoint    ] Safepoint "Deoptimize", Time since last: 511397289 ns, Reaching safepoint: 1813626 ns, At safepoint: 86006 ns, Total: 1899632 ns
[2020-09-11T12:45:12.604+0000][1][safepoint    ] Safepoint "Cleanup", Time since last: 1010374462 ns, Reaching safepoint: 263846 ns, At safepoint: 6187 ns, Total: 270033 ns
[2020-09-11T12:45:13.287+0000][1][safepoint    ] Safepoint "Deoptimize", Time since last: 683442000 ns, Reaching safepoint: 110049 ns, At safepoint: 100121 ns, Total: 210170 ns
[2020-09-11T12:45:13.288+0000][1][safepoint    ] Safepoint "Deoptimize", Time since last: 144465 ns, Reaching safepoint: 75281 ns, At safepoint: 39395 ns, Total: 114676 ns
[2020-09-11T12:45:13.552+0000][1][safepoint    ] Safepoint "Deoptimize", Time since last: 262569188 ns, Reaching safepoint: 1268104 ns, At safepoint: 107269 ns, Total: 1375373 ns
[2020-09-11T12:45:13.568+0000][1][safepoint    ] Safepoint "Deoptimize", Time since last: 7883152 ns, Reaching safepoint: 8397587 ns, At safepoint: 117214 ns, Total: 8514801 ns
[2020-09-11T12:45:13.622+0000][1][safepoint    ] Safepoint "RevokeBias", Time since last: 53647921 ns, Reaching safepoint: 114730 ns, At safepoint: 37779 ns, Total: 152509 ns
[2020-09-11T12:45:13.622+0000][1][safepoint    ] Safepoint "RevokeBias", Time since last: 234821 ns, Reaching safepoint: 90047 ns, At safepoint: 22719 ns, Total: 112766 ns
[2020-09-11T12:45:13.622+0000][1][safepoint    ] Safepoint "RevokeBias", Time since last: 77146 ns, Reaching safepoint: 85655 ns, At safepoint: 19477 ns, Total: 105132 ns
[2020-09-11T12:45:13.622+0000][1][safepoint    ] Safepoint "RevokeBias", Time since last: 94647 ns, Reaching safepoint: 82316 ns, At safepoint: 17106 ns, Total: 99422 ns
[2020-09-11T12:45:13.623+0000][1][safepoint    ] Safepoint "RevokeBias", Time since last: 158748 ns, Reaching safepoint: 500332 ns, At safepoint: 26388 ns, Total: 526720 ns
[2020-09-11T12:45:14.383+0000][1][safepoint    ] Safepoint "RevokeBias", Time since last: 756731439 ns, Reaching safepoint: 3558759 ns, At safepoint: 17843 ns, Total: 3576602 ns
[2020-09-11T12:45:15.403+0000][1][safepoint    ] Safepoint "Cleanup", Time since last: 1003958582 ns, Reaching safepoint: 16030117 ns, At safepoint: 11911 ns, Total: 16042028 ns
[2020-09-11T12:45:16.260+0000][1][gc,start     ] GC(0) Pause Young (Allocation Failure)
[2020-09-11T12:45:16.260+0000][1][gc,task      ] GC(0) Using 1 workers of 1 for evacuation
[2020-09-11T12:45:16.444+0000][1][gc,age       ] GC(0) Desired survivor size 4358144 bytes, new threshold 1 (max threshold 6)
[2020-09-11T12:45:16.444+0000][1][gc,age       ] GC(0) Age table with threshold 1 (max threshold 6)
[2020-09-11T12:45:16.444+0000][1][gc,age       ] GC(0) - age   1:    6299728 bytes,    6299728 total
[2020-09-11T12:45:16.444+0000][1][gc,heap      ] GC(0) ParNew: 68160K->6181K(76672K)
[2020-09-11T12:45:16.444+0000][1][gc,heap      ] GC(0) CMS: 0K->0K(2011968K)
[2020-09-11T12:45:16.444+0000][1][gc,metaspace ] GC(0) Metaspace: 13244K->13244K(1060864K)
[2020-09-11T12:45:16.444+0000][1][gc           ] GC(0) Pause Young (Allocation Failure) 66M->6M(2039M) 184.744ms
[2020-09-11T12:45:16.444+0000][1][gc,cpu       ] GC(0) User=0.05s Sys=0.00s Real=0.19s
[2020-09-11T12:45:16.445+0000][1][safepoint    ] Safepoint "GenCollectForAllocation", Time since last: 855963928 ns, Reaching safepoint: 106863 ns, At safepoint: 185033000 ns, Total: 185139863 ns
[2020-09-11T12:45:16.470+0000][1][safepoint    ] Safepoint "RevokeBias", Time since last: 21575934 ns, Reaching safepoint: 3401255 ns, At safepoint: 684705 ns, Total: 4085960 ns
[2020-09-11T12:45:16.475+0000][1][safepoint    ] Safepoint "RevokeBias", Time since last: 123969 ns, Reaching safepoint: 5075531 ns, At safepoint: 50472 ns, Total: 5126003 ns
[2020-09-11T12:45:16.476+0000][1][safepoint    ] Safepoint "RevokeBias", Time since last: 77522 ns, Reaching safepoint: 798123 ns, At safepoint: 26767 ns, Total: 824890 ns
[2020-09-11T12:45:16.484+0000][1][safepoint    ] Safepoint "RevokeBias", Time since last: 35015 ns, Reaching safepoint: 7036664 ns, At safepoint: 150882 ns, Total: 7187546 ns
[2020-09-11T12:45:16.487+0000][1][safepoint    ] Safepoint "RevokeBias", Time since last: 75240 ns, Reaching safepoint: 82136 ns, At safepoint: 3663850 ns, Total: 3745986 ns
[2020-09-11T12:45:16.488+0000][1][safepoint    ] Safepoint "RevokeBias", Time since last: 53457 ns, Reaching safepoint: 90482 ns, At safepoint: 40926 ns, Total: 131408 ns
[2020-09-11T12:45:16.488+0000][1][safepoint    ] Safepoint "RevokeBias", Time since last: 41160 ns, Reaching safepoint: 78361 ns, At safepoint: 31982 ns, Total: 110343 ns
[2020-09-11T12:45:16.503+0000][1][safepoint    ] Safepoint "RevokeBias", Time since last: 25697 ns, Reaching safepoint: 76544 ns, At safepoint: 15570620 ns, Total: 15647164 ns
[2020-09-11T12:45:16.519+0000][1][safepoint    ] Safepoint "RevokeBias", Time since last: 98684 ns, Reaching safepoint: 15910130 ns, At safepoint: 39259 ns, Total: 15949389 ns
[2020-09-11T12:45:16.523+0000][1][safepoint    ] Safepoint "RevokeBias", Time since last: 820750 ns, Reaching safepoint: 3011806 ns, At safepoint: 34033 ns, Total: 3045839 ns
[2020-09-11T12:45:16.524+0000][1][safepoint    ] Safepoint "RevokeBias", Time since last: 110973 ns, Reaching safepoint: 80871 ns, At safepoint: 25034 ns, Total: 105905 ns
[2020-09-11T12:45:16.524+0000][1][safepoint    ] Safepoint "RevokeBias", Time since last: 33413 ns, Reaching safepoint: 79897 ns, At safepoint: 16659 ns, Total: 96556 ns
[2020-09-11T12:45:16.524+0000][1][safepoint    ] Safepoint "RevokeBias", Time since last: 37535 ns, Reaching safepoint: 80102 ns, At safepoint: 20429 ns, Total: 100531 ns
[2020-09-11T12:45:16.524+0000][1][safepoint    ] Safepoint "RevokeBias", Time since last: 42068 ns, Reaching safepoint: 146378 ns, At safepoint: 19683 ns, Total: 166061 ns
[2020-09-11T12:45:16.527+0000][1][safepoint    ] Safepoint "RevokeBias", Time since last: 182880 ns, Reaching safepoint: 2947315 ns, At safepoint: 43953 ns, Total: 2991268 ns
[2020-09-11T12:45:16.528+0000][1][safepoint    ] Safepoint "RevokeBias", Time since last: 69171 ns, Reaching safepoint: 265328 ns, At safepoint: 32377 ns, Total: 297705 ns
[2020-09-11T12:45:16.528+0000][1][safepoint    ] Safepoint "RevokeBias", Time since last: 63202 ns, Reaching safepoint: 81861 ns, At safepoint: 17938 ns, Total: 99799 ns
[2020-09-11T12:45:16.528+0000][1][safepoint    ] Safepoint "RevokeBias", Time since last: 30008 ns, Reaching safepoint: 79840 ns, At safepoint: 27030 ns, Total: 106870 ns
[2020-09-11T12:45:16.528+0000][1][safepoint    ] Safepoint "RevokeBias", Time since last: 36010 ns, Reaching safepoint: 80851 ns, At safepoint: 28985 ns, Total: 109836 ns
[2020-09-11T12:45:16.528+0000][1][safepoint    ] Safepoint "RevokeBias", Time since last: 29399 ns, Reaching safepoint: 79930 ns, At safepoint: 26720 ns, Total: 106650 ns
[2020-09-11T12:45:16.528+0000][1][safepoint    ] Safepoint "RevokeBias", Time since last: 45420 ns, Reaching safepoint: 80281 ns, At safepoint: 25794 ns, Total: 106075 ns
[2020-09-11T12:45:16.528+0000][1][safepoint    ] Safepoint "RevokeBias", Time since last: 28921 ns, Reaching safepoint: 79193 ns, At safepoint: 17318 ns, Total: 96511 ns
[2020-09-11T12:45:16.529+0000][1][safepoint    ] Safepoint "RevokeBias", Time since last: 39359 ns, Reaching safepoint: 79711 ns, At safepoint: 26097 ns, Total: 105808 ns
[2020-09-11T12:45:16.529+0000][1][safepoint    ] Safepoint "RevokeBias", Time since last: 28709 ns, Reaching safepoint: 79717 ns, At safepoint: 27026 ns, Total: 106743 ns
[2020-09-11T12:45:16.529+0000][1][safepoint    ] Safepoint "RevokeBias", Time since last: 35239 ns, Reaching safepoint: 79423 ns, At safepoint: 17307 ns, Total: 96730 ns
[2020-09-11T12:45:16.529+0000][1][safepoint    ] Safepoint "RevokeBias", Time since last: 28269 ns, Reaching safepoint: 79551 ns, At safepoint: 26436 ns, Total: 105987 ns
[2020-09-11T12:45:16.531+0000][1][safepoint    ] Safepoint "RevokeBias", Time since last: 1074796 ns, Reaching safepoint: 1356907 ns, At safepoint: 26896 ns, Total: 1383803 ns
[2020-09-11T12:45:16.533+0000][1][safepoint    ] Safepoint "RevokeBias", Time since last: 47487 ns, Reaching safepoint: 1077424 ns, At safepoint: 34250 ns, Total: 1111674 ns
[2020-09-11T12:45:16.533+0000][1][safepoint    ] Safepoint "RevokeBias", Time since last: 119760 ns, Reaching safepoint: 227768 ns, At safepoint: 276344 ns, Total: 504112 ns
[2020-09-11T12:45:16.535+0000][1][safepoint    ] Safepoint "RevokeBias", Time since last: 40512 ns, Reaching safepoint: 2157933 ns, At safepoint: 49955 ns, Total: 2207888 ns
[2020-09-11T12:45:17.659+0000][1][safepoint    ] Safepoint "Cleanup", Time since last: 1121796578 ns, Reaching safepoint: 2208210 ns, At safepoint: 11190 ns, Total: 2219400 ns
[2020-09-11T12:45:18.392+0000][1][safepoint    ] Safepoint "RevokeBias", Time since last: 731984512 ns, Reaching safepoint: 116706 ns, At safepoint: 42281 ns, Total: 158987 ns
[2020-09-11T12:45:19.404+0000][1][safepoint    ] Safepoint "Cleanup", Time since last: 1011793558 ns, Reaching safepoint: 141528 ns, At safepoint: 6589 ns, Total: 148117 ns
[2020-09-11T12:45:20.408+0000][1][safepoint    ] Safepoint "Cleanup", Time since last: 1000108755 ns, Reaching safepoint: 3826659 ns, At safepoint: 9197 ns, Total: 3835856 ns
[2020-09-11T12:45:20.491+0000][1][safepoint    ] Safepoint "Deoptimize", Time since last: 79941002 ns, Reaching safepoint: 3373905 ns, At safepoint: 164954 ns, Total: 3538859 ns
[2020-09-11T12:45:20.976+0000][1][gc,start     ] GC(1) Pause Young (Allocation Failure)
[2020-09-11T12:45:20.976+0000][1][gc,task      ] GC(1) Using 1 workers of 1 for evacuation
[2020-09-11T12:45:21.169+0000][1][gc,age       ] GC(1) Desired survivor size 4358144 bytes, new threshold 6 (max threshold 6)
[2020-09-11T12:45:21.169+0000][1][gc,age       ] GC(1) Age table with threshold 6 (max threshold 6)
[2020-09-11T12:45:21.169+0000][1][gc,age       ] GC(1) - age   1:    3622376 bytes,    3622376 total
[2020-09-11T12:45:21.169+0000][1][gc,heap      ] GC(1) ParNew: 74341K->4090K(76672K)
[2020-09-11T12:45:21.169+0000][1][gc,heap      ] GC(1) CMS: 0K->6629K(2011968K)
[2020-09-11T12:45:21.169+0000][1][gc,metaspace ] GC(1) Metaspace: 18019K->18019K(1064960K)
[2020-09-11T12:45:21.169+0000][1][gc           ] GC(1) Pause Young (Allocation Failure) 72M->10M(2039M) 193.023ms
[2020-09-11T12:45:21.169+0000][1][gc,cpu       ] GC(1) User=0.05s Sys=0.00s Real=0.19s
[2020-09-11T12:45:21.183+0000][1][safepoint    ] Safepoint "GenCollectForAllocation", Time since last: 484461654 ns, Reaching safepoint: 121982 ns, At safepoint: 207055654 ns, Total: 207177636 ns
[2020-09-11T12:45:21.241+0000][1][safepoint    ] Safepoint "RevokeBias", Time since last: 48784860 ns, Reaching safepoint: 9062677 ns, At safepoint: 88738 ns, Total: 9151415 ns
[2020-09-11T12:45:21.241+0000][1][safepoint    ] Safepoint "RevokeBias", Time since last: 132995 ns, Reaching safepoint: 85362 ns, At safepoint: 26852 ns, Total: 112214 ns
[2020-09-11T12:45:21.243+0000][1][safepoint    ] Safepoint "RevokeBias", Time since last: 1140482 ns, Reaching safepoint: 1455074 ns, At safepoint: 36458 ns, Total: 1491532 ns
[2020-09-11T12:45:21.245+0000][1][safepoint    ] Safepoint "RevokeBias", Time since last: 61618 ns, Reaching safepoint: 1706304 ns, At safepoint: 39613 ns, Total: 1745917 ns
[2020-09-11T12:45:21.247+0000][1][safepoint    ] Safepoint "RevokeBias", Time since last: 42987 ns, Reaching safepoint: 2113813 ns, At safepoint: 46111 ns, Total: 2159924 ns
[2020-09-11T12:45:21.251+0000][1][safepoint    ] Safepoint "RevokeBias", Time since last: 67287 ns, Reaching safepoint: 3915280 ns, At safepoint: 48477 ns, Total: 3963757 ns
[2020-09-11T12:45:21.252+0000][1][safepoint    ] Safepoint "RevokeBias", Time since last: 68236 ns, Reaching safepoint: 80676 ns, At safepoint: 24084 ns, Total: 104760 ns
[2020-09-11T12:45:21.252+0000][1][safepoint    ] Safepoint "BulkRevokeBias", Time since last: 45473 ns, Reaching safepoint: 80618 ns, At safepoint: 51515 ns, Total: 132133 ns
[2020-09-11T12:45:21.252+0000][1][safepoint    ] Safepoint "BulkRevokeBias", Time since last: 29905 ns, Reaching safepoint: 78536 ns, At safepoint: 49987 ns, Total: 128523 ns
[2020-09-11T12:45:21.572+0000][1][safepoint    ] Safepoint "Deoptimize", Time since last: 319405273 ns, Reaching safepoint: 115966 ns, At safepoint: 169134 ns, Total: 285100 ns
[2020-09-11T12:45:21.616+0000][1][safepoint    ] Safepoint "Deoptimize", Time since last: 37284944 ns, Reaching safepoint: 6482616 ns, At safepoint: 173726 ns, Total: 6656342 ns
[2020-09-11T12:45:22.451+0000][1][safepoint    ] Safepoint "Deoptimize", Time since last: 831550635 ns, Reaching safepoint: 105380 ns, At safepoint: 4205977 ns, Total: 4311357 ns
[2020-09-11T12:45:22.728+0000][1][safepoint    ] Safepoint "Deoptimize", Time since last: 276147078 ns, Reaching safepoint: 97407 ns, At safepoint: 163194 ns, Total: 260601 ns
[2020-09-11T12:45:22.731+0000][1][safepoint    ] Safepoint "RevokeBias", Time since last: 757816 ns, Reaching safepoint: 2764801 ns, At safepoint: 47017 ns, Total: 2811818 ns
[2020-09-11T12:45:22.743+0000][1][safepoint    ] Safepoint "Deoptimize", Time since last: 10936137 ns, Reaching safepoint: 102295 ns, At safepoint: 173918 ns, Total: 276213 ns
[2020-09-11T12:45:23.743+0000][1][safepoint    ] Safepoint "Cleanup", Time since last: 1000120445 ns, Reaching safepoint: 631056 ns, At safepoint: 8412 ns, Total: 639468 ns
[2020-09-11T12:45:24.379+0000][1][gc,start     ] GC(2) Pause Young (Allocation Failure)
[2020-09-11T12:45:24.380+0000][1][gc,task      ] GC(2) Using 1 workers of 1 for evacuation
[2020-09-11T12:45:24.455+0000][1][gc,age       ] GC(2) Desired survivor size 4358144 bytes, new threshold 2 (max threshold 6)
[2020-09-11T12:45:24.455+0000][1][gc,age       ] GC(2) Age table with threshold 2 (max threshold 6)
[2020-09-11T12:45:24.455+0000][1][gc,age       ] GC(2) - age   1:    2836480 bytes,    2836480 total
[2020-09-11T12:45:24.455+0000][1][gc,age       ] GC(2) - age   2:    3423736 bytes,    6260216 total
[2020-09-11T12:45:24.455+0000][1][gc,heap      ] GC(2) ParNew: 72250K->7364K(76672K)
[2020-09-11T12:45:24.455+0000][1][gc,heap      ] GC(2) CMS: 6629K->6629K(2011968K)
[2020-09-11T12:45:24.455+0000][1][gc,metaspace ] GC(2) Metaspace: 20024K->20024K(1067008K)
[2020-09-11T12:45:24.455+0000][1][gc           ] GC(2) Pause Young (Allocation Failure) 77M->13M(2039M) 75.891ms
[2020-09-11T12:45:24.467+0000][1][gc,cpu       ] GC(2) User=0.02s Sys=0.00s Real=0.08s
[2020-09-11T12:45:24.483+0000][1][safepoint    ] Safepoint "GenCollectForAllocation", Time since last: 633574181 ns, Reaching safepoint: 2437055 ns, At safepoint: 103709193 ns, Total: 106146248 ns
[2020-09-11T12:45:24.525+0000][1][safepoint    ] Safepoint "RevokeBias", Time since last: 25186887 ns, Reaching safepoint: 464737 ns, At safepoint: 16100181 ns, Total: 16564918 ns
[2020-09-11T12:45:24.527+0000][1][safepoint    ] Safepoint "RevokeBias", Time since last: 86606 ns, Reaching safepoint: 1477578 ns, At safepoint: 114529 ns, Total: 1592107 ns
[2020-09-11T12:45:24.528+0000][1][safepoint    ] Safepoint "RevokeBias", Time since last: 100493 ns, Reaching safepoint: 777530 ns, At safepoint: 52358 ns, Total: 829888 ns
[2020-09-11T12:45:24.528+0000][1][safepoint    ] Safepoint "RevokeBias", Time since last: 35003 ns, Reaching safepoint: 79867 ns, At safepoint: 23888 ns, Total: 103755 ns
[2020-09-11T12:45:24.528+0000][1][safepoint    ] Safepoint "RevokeBias", Time since last: 27197 ns, Reaching safepoint: 79997 ns, At safepoint: 32110 ns, Total: 112107 ns
[2020-09-11T12:45:24.528+0000][1][safepoint    ] Safepoint "RevokeBias", Time since last: 27210 ns, Reaching safepoint: 79490 ns, At safepoint: 46252 ns, Total: 125742 ns
[2020-09-11T12:45:24.528+0000][1][safepoint    ] Safepoint "RevokeBias", Time since last: 26837 ns, Reaching safepoint: 433766 ns, At safepoint: 68783 ns, Total: 502549 ns
[2020-09-11T12:45:24.535+0000][1][safepoint    ] Safepoint "RevokeBias", Time since last: 27727 ns, Reaching safepoint: 282220 ns, At safepoint: 6641504 ns, Total: 6923724 ns
[2020-09-11T12:45:24.550+0000][1][safepoint    ] Safepoint "RevokeBias", Time since last: 77860 ns, Reaching safepoint: 104223 ns, At safepoint: 13979913 ns, Total: 14084136 ns
[2020-09-11T12:45:24.561+0000][1][safepoint    ] Safepoint "RevokeBias", Time since last: 71600 ns, Reaching safepoint: 10844136 ns, At safepoint: 29274 ns, Total: 10873410 ns
[2020-09-11T12:45:24.561+0000][1][safepoint    ] Safepoint "RevokeBias", Time since last: 68467 ns, Reaching safepoint: 780646 ns, At safepoint: 29962 ns, Total: 810608 ns
[2020-09-11T12:45:24.584+0000][1][safepoint    ] Safepoint "RevokeBias", Time since last: 22395193 ns, Reaching safepoint: 242653 ns, At safepoint: 30532 ns, Total: 273185 ns
[2020-09-11T12:45:24.585+0000][1][safepoint    ] Safepoint "RevokeBias", Time since last: 75159 ns, Reaching safepoint: 738873 ns, At safepoint: 24474 ns, Total: 763347 ns
[2020-09-11T12:45:25.599+0000][1][safepoint    ] Safepoint "Cleanup", Time since last: 1000278597 ns, Reaching safepoint: 14260025 ns, At safepoint: 16617 ns, Total: 14276642 ns
[2020-09-11T12:45:25.699+0000][1][gc,start     ] GC(3) Pause Young (Allocation Failure)
[2020-09-11T12:45:25.699+0000][1][gc,task      ] GC(3) Using 1 workers of 1 for evacuation
[2020-09-11T12:45:25.854+0000][1][gc,age       ] GC(3) Desired survivor size 4358144 bytes, new threshold 6 (max threshold 6)
[2020-09-11T12:45:25.854+0000][1][gc,age       ] GC(3) Age table with threshold 6 (max threshold 6)
[2020-09-11T12:45:25.854+0000][1][gc,age       ] GC(3) - age   1:    1171896 bytes,    1171896 total
[2020-09-11T12:45:25.854+0000][1][gc,age       ] GC(3) - age   2:    1014464 bytes,    2186360 total
[2020-09-11T12:45:25.854+0000][1][gc,heap      ] GC(3) ParNew: 75524K->5494K(76672K)
[2020-09-11T12:45:25.854+0000][1][gc,heap      ] GC(3) CMS: 6629K->10000K(2011968K)
[2020-09-11T12:45:25.854+0000][1][gc,metaspace ] GC(3) Metaspace: 20293K->20293K(1067008K)
[2020-09-11T12:45:25.854+0000][1][gc           ] GC(3) Pause Young (Allocation Failure) 80M->15M(2039M) 154.833ms
[2020-09-11T12:45:25.854+0000][1][gc,cpu       ] GC(3) User=0.04s Sys=0.00s Real=0.15s
[2020-09-11T12:45:25.862+0000][1][safepoint    ] Safepoint "GenCollectForAllocation", Time since last: 99263030 ns, Reaching safepoint: 107517 ns, At safepoint: 163010664 ns, Total: 163118181 ns
[2020-09-11T12:45:25.899+0000][1][safepoint    ] Safepoint "RevokeBias", Time since last: 21554534 ns, Reaching safepoint: 16020473 ns, At safepoint: 42428 ns, Total: 16062901 ns
[2020-09-11T12:45:25.900+0000][1][safepoint    ] Safepoint "RevokeBias", Time since last: 106534 ns, Reaching safepoint: 80074 ns, At safepoint: 17375 ns, Total: 97449 ns
[2020-09-11T12:45:25.900+0000][1][safepoint    ] Safepoint "RevokeBias", Time since last: 44934 ns, Reaching safepoint: 77760 ns, At safepoint: 16353 ns, Total: 94113 ns
[2020-09-11T12:45:25.900+0000][1][safepoint    ] Safepoint "RevokeBias", Time since last: 29573 ns, Reaching safepoint: 76398 ns, At safepoint: 16140 ns, Total: 92538 ns
[2020-09-11T12:45:25.900+0000][1][safepoint    ] Safepoint "RevokeBias", Time since last: 32573 ns, Reaching safepoint: 76745 ns, At safepoint: 15836 ns, Total: 92581 ns
[2020-09-11T12:45:25.900+0000][1][safepoint    ] Safepoint "RevokeBias", Time since last: 27923 ns, Reaching safepoint: 76018 ns, At safepoint: 16205 ns, Total: 92223 ns
[2020-09-11T12:45:25.900+0000][1][safepoint    ] Safepoint "RevokeBias", Time since last: 31538 ns, Reaching safepoint: 77005 ns, At safepoint: 19404 ns, Total: 96409 ns
[2020-09-11T12:45:25.900+0000][1][safepoint    ] Safepoint "RevokeBias", Time since last: 27576 ns, Reaching safepoint: 75844 ns, At safepoint: 26325 ns, Total: 102169 ns
[2020-09-11T12:45:26.629+0000][1][safepoint    ] Safepoint "CollectForMetadataAllocation", Time since last: 727994958 ns, Reaching safepoint: 108712 ns, At safepoint: 135417 ns, Total: 244129 ns
[2020-09-11T12:45:26.832+0000][1][safepoint    ] Safepoint "CollectForMetadataAllocation", Time since last: 202745830 ns, Reaching safepoint: 109559 ns, At safepoint: 122164 ns, Total: 231723 ns
[2020-09-11T12:45:27.033+0000][1][gc,start     ] GC(4) Pause Young (Allocation Failure)
[2020-09-11T12:45:27.033+0000][1][gc,task      ] GC(4) Using 1 workers of 1 for evacuation
[2020-09-11T12:45:27.105+0000][1][gc,age       ] GC(4) Desired survivor size 4358144 bytes, new threshold 6 (max threshold 6)
[2020-09-11T12:45:27.105+0000][1][gc,age       ] GC(4) Age table with threshold 6 (max threshold 6)
[2020-09-11T12:45:27.105+0000][1][gc,age       ] GC(4) - age   1:    2013712 bytes,    2013712 total
[2020-09-11T12:45:27.105+0000][1][gc,age       ] GC(4) - age   2:     351128 bytes,    2364840 total
[2020-09-11T12:45:27.105+0000][1][gc,age       ] GC(4) - age   3:    1014368 bytes,    3379208 total
[2020-09-11T12:45:27.105+0000][1][gc,heap      ] GC(4) ParNew: 73654K->3814K(76672K)
[2020-09-11T12:45:27.105+0000][1][gc,heap      ] GC(4) CMS: 10000K->10000K(2011968K)
[2020-09-11T12:45:27.105+0000][1][gc,metaspace ] GC(4) Metaspace: 20826K->20826K(1069056K)
[2020-09-11T12:45:27.105+0000][1][gc           ] GC(4) Pause Young (Allocation Failure) 81M->13M(2039M) 71.817ms
[2020-09-11T12:45:27.105+0000][1][gc,cpu       ] GC(4) User=0.01s Sys=0.00s Real=0.08s
[2020-09-11T12:45:27.131+0000][1][safepoint    ] Safepoint "GenCollectForAllocation", Time since last: 201467457 ns, Reaching safepoint: 101598 ns, At safepoint: 98173222 ns, Total: 98274820 ns
[2020-09-11T12:45:27.147+0000][1][gc,start     ] GC(5) Pause Initial Mark
[2020-09-11T12:45:27.153+0000][1][gc           ] GC(5) Pause Initial Mark 17M->17M(2039M) 6.434ms
[2020-09-11T12:45:27.154+0000][1][gc,cpu       ] GC(5) User=0.00s Sys=0.00s Real=0.00s
[2020-09-11T12:45:27.179+0000][1][safepoint    ] Safepoint "BulkRevokeBias", Time since last: 15198603 ns, Reaching safepoint: 380425 ns, At safepoint: 32408143 ns, Total: 32788568 ns
[2020-09-11T12:45:27.179+0000][1][gc           ] GC(5) Concurrent Mark
[2020-09-11T12:45:27.208+0000][1][safepoint    ] Safepoint "RevokeBias", Time since last: 16082239 ns, Reaching safepoint: 12086950 ns, At safepoint: 31395 ns, Total: 12118345 ns
[2020-09-11T12:45:27.220+0000][1][safepoint    ] Safepoint "RevokeBias", Time since last: 11839940 ns, Reaching safepoint: 102126 ns, At safepoint: 29008 ns, Total: 131134 ns
[2020-09-11T12:45:27.220+0000][1][safepoint    ] Safepoint "RevokeBias", Time since last: 58101 ns, Reaching safepoint: 80069 ns, At safepoint: 17687 ns, Total: 97756 ns
[2020-09-11T12:45:27.220+0000][1][safepoint    ] Safepoint "RevokeBias", Time since last: 33034 ns, Reaching safepoint: 79135 ns, At safepoint: 15928 ns, Total: 95063 ns
[2020-09-11T12:45:27.220+0000][1][safepoint    ] Safepoint "RevokeBias", Time since last: 27134 ns, Reaching safepoint: 78604 ns, At safepoint: 16098 ns, Total: 94702 ns
[2020-09-11T12:45:27.361+0000][1][gc           ] GC(5) Concurrent Mark 181.507ms
[2020-09-11T12:45:27.375+0000][1][gc,cpu       ] GC(5) User=0.05s Sys=0.01s Real=0.20s
[2020-09-11T12:45:27.375+0000][1][gc           ] GC(5) Concurrent Preclean
[2020-09-11T12:45:27.401+0000][1][gc           ] GC(5) Concurrent Preclean 25.564ms
[2020-09-11T12:45:27.401+0000][1][gc,cpu       ] GC(5) User=0.00s Sys=0.00s Real=0.02s
[2020-09-11T12:45:27.401+0000][1][gc           ] GC(5) Concurrent Abortable Preclean
[2020-09-11T12:45:27.959+0000][1][safepoint    ] Safepoint "RevokeBias", Time since last: 723569604 ns, Reaching safepoint: 15166286 ns, At safepoint: 15494 ns, Total: 15181780 ns
[2020-09-11T12:45:27.959+0000][1][safepoint    ] Safepoint "RevokeBias", Time since last: 69777 ns, Reaching safepoint: 9910 ns, At safepoint: 5628 ns, Total: 15538 ns
[2020-09-11T12:45:27.964+0000][1][safepoint    ] Safepoint "Deoptimize", Time since last: 4622186 ns, Reaching safepoint: 106771 ns, At safepoint: 213746 ns, Total: 320517 ns
[2020-09-11T12:45:28.024+0000][1][safepoint    ] Safepoint "CollectForMetadataAllocation", Time since last: 59661675 ns, Reaching safepoint: 99800 ns, At safepoint: 78023 ns, Total: 177823 ns
[2020-09-11T12:45:28.484+0000][1][safepoint    ] Safepoint "Deoptimize", Time since last: 459657276 ns, Reaching safepoint: 113818 ns, At safepoint: 286794 ns, Total: 400612 ns
[2020-09-11T12:45:28.525+0000][1][safepoint    ] Safepoint "RevokeBias", Time since last: 41749254 ns, Reaching safepoint: 51211 ns, At safepoint: 28040 ns, Total: 79251 ns
[2020-09-11T12:45:28.584+0000][1][safepoint    ] Safepoint "RevokeBias", Time since last: 35280206 ns, Reaching safepoint: 22715810 ns, At safepoint: 32237 ns, Total: 22748047 ns
[2020-09-11T12:45:28.799+0000][1][gc,start     ] GC(6) Pause Young (Allocation Failure)
[2020-09-11T12:45:28.800+0000][1][gc,task      ] GC(6) Using 1 workers of 1 for evacuation
[2020-09-11T12:45:28.937+0000][1][gc,age       ] GC(6) Desired survivor size 4358144 bytes, new threshold 4 (max threshold 6)
[2020-09-11T12:45:28.937+0000][1][gc,age       ] GC(6) Age table with threshold 4 (max threshold 6)
[2020-09-11T12:45:28.937+0000][1][gc,age       ] GC(6) - age   1:    1745864 bytes,    1745864 total
[2020-09-11T12:45:28.937+0000][1][gc,age       ] GC(6) - age   2:    1253448 bytes,    2999312 total
[2020-09-11T12:45:28.937+0000][1][gc,age       ] GC(6) - age   3:     351128 bytes,    3350440 total
[2020-09-11T12:45:28.937+0000][1][gc,age       ] GC(6) - age   4:    1014368 bytes,    4364808 total
[2020-09-11T12:45:28.937+0000][1][gc,heap      ] GC(6) ParNew: 71974K->5903K(76672K)
[2020-09-11T12:45:28.937+0000][1][gc,heap      ] GC(6) CMS: 10000K->10000K(2011968K)
[2020-09-11T12:45:28.937+0000][1][gc,metaspace ] GC(6) Metaspace: 21138K->21138K(1069056K)
[2020-09-11T12:45:28.937+0000][1][gc           ] GC(6) Pause Young (Allocation Failure) 80M->15M(2039M) 137.243ms
[2020-09-11T12:45:28.937+0000][1][gc,cpu       ] GC(6) User=0.03s Sys=0.00s Real=0.14s
[2020-09-11T12:45:28.979+0000][1][safepoint    ] Safepoint "GenCollectForAllocation", Time since last: 209402392 ns, Reaching safepoint: 6537428 ns, At safepoint: 179940549 ns, Total: 186477977 ns
[2020-09-11T12:45:29.022+0000][1][safepoint    ] Safepoint "RevokeBias", Time since last: 20104246 ns, Reaching safepoint: 22454784 ns, At safepoint: 29864 ns, Total: 22484648 ns
[2020-09-11T12:45:29.022+0000][1][safepoint    ] Safepoint "RevokeBias", Time since last: 354954 ns, Reaching safepoint: 84912 ns, At safepoint: 13132 ns, Total: 98044 ns
[2020-09-11T12:45:29.023+0000][1][safepoint    ] Safepoint "RevokeBias", Time since last: 43472 ns, Reaching safepoint: 94371 ns, At safepoint: 20367 ns, Total: 114738 ns
[2020-09-11T12:45:29.023+0000][1][safepoint    ] Safepoint "RevokeBias", Time since last: 28162 ns, Reaching safepoint: 77809 ns, At safepoint: 16992 ns, Total: 94801 ns
[2020-09-11T12:45:29.023+0000][1][safepoint    ] Safepoint "RevokeBias", Time since last: 43110 ns, Reaching safepoint: 78319 ns, At safepoint: 16200 ns, Total: 94519 ns
[2020-09-11T12:45:29.023+0000][1][safepoint    ] Safepoint "RevokeBias", Time since last: 26699 ns, Reaching safepoint: 77114 ns, At safepoint: 16388 ns, Total: 93502 ns
[2020-09-11T12:45:29.210+0000][1][safepoint    ] Safepoint "RevokeBias", Time since last: 187358586 ns, Reaching safepoint: 103049 ns, At safepoint: 37582 ns, Total: 140631 ns
[2020-09-11T12:45:29.268+0000][1][safepoint    ] Safepoint "RevokeBias", Time since last: 56964321 ns, Reaching safepoint: 54498 ns, At safepoint: 33910 ns, Total: 88408 ns
[2020-09-11T12:45:29.354+0000][1][safepoint    ] Safepoint "RevokeBias", Time since last: 86489739 ns, Reaching safepoint: 57824 ns, At safepoint: 96366 ns, Total: 154190 ns
[2020-09-11T12:45:29.860+0000][1][safepoint    ] Safepoint "RevokeBias", Time since last: 505280490 ns, Reaching safepoint: 118302 ns, At safepoint: 39553 ns, Total: 157855 ns
[2020-09-11T12:45:29.860+0000][1][gc           ] GC(5) Concurrent Abortable Preclean 2458.563ms
[2020-09-11T12:45:29.860+0000][1][gc,cpu       ] GC(5) User=0.61s Sys=0.00s Real=2.46s
[2020-09-11T12:45:29.860+0000][1][gc,start     ] GC(5) Pause Remark
[2020-09-11T12:45:29.945+0000][1][gc           ] GC(5) Pause Remark 69M->69M(2039M) 85.311ms
[2020-09-11T12:45:29.945+0000][1][gc,cpu       ] GC(5) User=0.02s Sys=0.00s Real=0.09s
[2020-09-11T12:45:29.971+0000][1][safepoint    ] Safepoint "CMS_Final_Remark", Time since last: 84897 ns, Reaching safepoint: 9102 ns, At safepoint: 110812829 ns, Total: 110821931 ns
[2020-09-11T12:45:29.971+0000][1][gc           ] GC(5) Concurrent Sweep
[2020-09-11T12:45:29.982+0000][1][gc           ] GC(5) Concurrent Sweep 10.947ms
[2020-09-11T12:45:29.982+0000][1][gc,cpu       ] GC(5) User=0.00s Sys=0.00s Real=0.01s
[2020-09-11T12:45:29.982+0000][1][gc           ] GC(5) Concurrent Reset
[2020-09-11T12:45:30.000+0000][1][safepoint    ] Safepoint "RevokeBias", Time since last: 28922860 ns, Reaching safepoint: 630896 ns, At safepoint: 45690 ns, Total: 676586 ns
[2020-09-11T12:45:30.014+0000][1][gc           ] GC(5) Concurrent Reset 32.538ms
[2020-09-11T12:45:30.014+0000][1][gc,cpu       ] GC(5) User=0.01s Sys=0.00s Real=0.03s
[2020-09-11T12:45:30.014+0000][1][gc,heap      ] GC(5) Old: 10000K->9998K(2011968K)
[2020-09-11T12:45:30.192+0000][1][gc,start     ] GC(7) Pause Young (Allocation Failure)
[2020-09-11T12:45:30.192+0000][1][gc,task      ] GC(7) Using 1 workers of 1 for evacuation
[2020-09-11T12:45:30.289+0000][1][gc,age       ] GC(7) Desired survivor size 4358144 bytes, new threshold 6 (max threshold 6)
[2020-09-11T12:45:30.289+0000][1][gc,age       ] GC(7) Age table with threshold 6 (max threshold 6)
[2020-09-11T12:45:30.289+0000][1][gc,age       ] GC(7) - age   1:    1171424 bytes,    1171424 total
[2020-09-11T12:45:30.289+0000][1][gc,age       ] GC(7) - age   2:    1525984 bytes,    2697408 total
[2020-09-11T12:45:30.289+0000][1][gc,age       ] GC(7) - age   3:    1252816 bytes,    3950224 total
[2020-09-11T12:45:30.289+0000][1][gc,age       ] GC(7) - age   4:     351128 bytes,    4301352 total
[2020-09-11T12:45:30.289+0000][1][gc,heap      ] GC(7) ParNew: 74063K->7869K(76672K)
[2020-09-11T12:45:30.289+0000][1][gc,heap      ] GC(7) CMS: 9998K->10997K(2011968K)
[2020-09-11T12:45:30.289+0000][1][gc,metaspace ] GC(7) Metaspace: 21228K->21228K(1069056K)
[2020-09-11T12:45:30.289+0000][1][gc           ] GC(7) Pause Young (Allocation Failure) 82M->18M(2039M) 97.617ms
[2020-09-11T12:45:30.289+0000][1][gc,cpu       ] GC(7) User=0.02s Sys=0.00s Real=0.10s
[2020-09-11T12:45:30.315+0000][1][safepoint    ] Safepoint "GenCollectForAllocation", Time since last: 191314385 ns, Reaching safepoint: 114430 ns, At safepoint: 123916977 ns, Total: 124031407 ns
[2020-09-11T12:45:30.345+0000][1][safepoint    ] Safepoint "RevokeBias", Time since last: 12110070 ns, Reaching safepoint: 16947808 ns, At safepoint: 51164 ns, Total: 16998972 ns
[2020-09-11T12:45:30.356+0000][1][safepoint    ] Safepoint "RevokeBias", Time since last: 10877741 ns, Reaching safepoint: 98499 ns, At safepoint: 27849 ns, Total: 126348 ns
[2020-09-11T12:45:30.356+0000][1][safepoint    ] Safepoint "RevokeBias", Time since last: 80592 ns, Reaching safepoint: 78095 ns, At safepoint: 17345 ns, Total: 95440 ns
[2020-09-11T12:45:30.356+0000][1][safepoint    ] Safepoint "RevokeBias", Time since last: 30740 ns, Reaching safepoint: 77047 ns, At safepoint: 17855 ns, Total: 94902 ns
[2020-09-11T12:45:30.446+0000][1][safepoint    ] Safepoint "RevokeBias", Time since last: 88262247 ns, Reaching safepoint: 1820917 ns, At safepoint: 42818 ns, Total: 1863735 ns
[2020-09-11T12:45:30.472+0000][1][safepoint    ] Safepoint "RevokeBias", Time since last: 21442091 ns, Reaching safepoint: 4023833 ns, At safepoint: 50134 ns, Total: 4073967 ns
[2020-09-11T12:45:30.842+0000][1][safepoint    ] Safepoint "RevokeBias", Time since last: 362108330 ns, Reaching safepoint: 8300210 ns, At safepoint: 41046 ns, Total: 8341256 ns
[2020-09-11T12:45:30.876+0000][1][safepoint    ] Safepoint "RevokeBias", Time since last: 33475976 ns, Reaching safepoint: 100968 ns, At safepoint: 36935 ns, Total: 137903 ns
[2020-09-11T12:45:31.140+0000][1][gc,start     ] GC(8) Pause Young (Allocation Failure)
[2020-09-11T12:45:31.141+0000][1][gc,task      ] GC(8) Using 1 workers of 1 for evacuation
[2020-09-11T12:45:31.211+0000][1][gc,age       ] GC(8) Desired survivor size 4358144 bytes, new threshold 4 (max threshold 6)
[2020-09-11T12:45:31.211+0000][1][gc,age       ] GC(8) Age table with threshold 4 (max threshold 6)
[2020-09-11T12:45:31.211+0000][1][gc,age       ] GC(8) - age   1:    1335312 bytes,    1335312 total
[2020-09-11T12:45:31.211+0000][1][gc,age       ] GC(8) - age   2:     446040 bytes,    1781352 total
[2020-09-11T12:45:31.211+0000][1][gc,age       ] GC(8) - age   3:    1524048 bytes,    3305400 total
[2020-09-11T12:45:31.211+0000][1][gc,age       ] GC(8) - age   4:    1252160 bytes,    4557560 total
[2020-09-11T12:45:31.211+0000][1][gc,age       ] GC(8) - age   5:     351128 bytes,    4908688 total
[2020-09-11T12:45:31.211+0000][1][gc,heap      ] GC(8) ParNew: 76029K->5117K(76672K)
[2020-09-11T12:45:31.211+0000][1][gc,heap      ] GC(8) CMS: 10997K->10997K(2011968K)
[2020-09-11T12:45:31.211+0000][1][gc,metaspace ] GC(8) Metaspace: 21413K->21413K(1069056K)
[2020-09-11T12:45:31.211+0000][1][gc           ] GC(8) Pause Young (Allocation Failure) 84M->15M(2039M) 70.794ms
[2020-09-11T12:45:31.211+0000][1][gc,cpu       ] GC(8) User=0.02s Sys=0.00s Real=0.07s
[2020-09-11T12:45:31.243+0000][1][safepoint    ] Safepoint "GenCollectForAllocation", Time since last: 264788912 ns, Reaching safepoint: 100148 ns, At safepoint: 102958303 ns, Total: 103058451 ns
[2020-09-11T12:45:31.264+0000][1][safepoint    ] Safepoint "RevokeBias", Time since last: 19990780 ns, Reaching safepoint: 502400 ns, At safepoint: 42593 ns, Total: 544993 ns
[2020-09-11T12:45:31.264+0000][1][safepoint    ] Safepoint "RevokeBias", Time since last: 60125 ns, Reaching safepoint: 77832 ns, At safepoint: 25637 ns, Total: 103469 ns
[2020-09-11T12:45:31.264+0000][1][safepoint    ] Safepoint "RevokeBias", Time since last: 39289 ns, Reaching safepoint: 77074 ns, At safepoint: 24077 ns, Total: 101151 ns
[2020-09-11T12:45:31.264+0000][1][safepoint    ] Safepoint "RevokeBias", Time since last: 25137 ns, Reaching safepoint: 76111 ns, At safepoint: 23898 ns, Total: 100009 ns
[2020-09-11T12:45:31.323+0000][1][safepoint    ] Safepoint "RevokeBias", Time since last: 58846572 ns, Reaching safepoint: 99467 ns, At safepoint: 31606 ns, Total: 131073 ns
[2020-09-11T12:45:31.367+0000][1][safepoint    ] Safepoint "RevokeBias", Time since last: 43360932 ns, Reaching safepoint: 94567 ns, At safepoint: 28918 ns, Total: 123485 ns
[2020-09-11T12:45:31.392+0000][1][safepoint    ] Safepoint "RevokeBias", Time since last: 25316992 ns, Reaching safepoint: 92947 ns, At safepoint: 29339 ns, Total: 122286 ns
[2020-09-11T12:45:31.660+0000][1][safepoint    ] Safepoint "RevokeBias", Time since last: 267124753 ns, Reaching safepoint: 104855 ns, At safepoint: 36771 ns, Total: 141626 ns
[2020-09-11T12:45:31.677+0000][1][safepoint    ] Safepoint "RevokeBias", Time since last: 17701011 ns, Reaching safepoint: 93396 ns, At safepoint: 32231 ns, Total: 125627 ns
[2020-09-11T12:45:31.940+0000][1][gc,start     ] GC(9) Pause Young (Allocation Failure)
[2020-09-11T12:45:31.940+0000][1][gc,task      ] GC(9) Using 1 workers of 1 for evacuation
[2020-09-11T12:45:32.046+0000][1][gc,age       ] GC(9) Desired survivor size 4358144 bytes, new threshold 4 (max threshold 6)
[2020-09-11T12:45:32.047+0000][1][gc,age       ] GC(9) Age table with threshold 4 (max threshold 6)
[2020-09-11T12:45:32.047+0000][1][gc,age       ] GC(9) - age   1:    1922704 bytes,    1922704 total
[2020-09-11T12:45:32.047+0000][1][gc,age       ] GC(9) - age   2:     829680 bytes,    2752384 total
[2020-09-11T12:45:32.047+0000][1][gc,age       ] GC(9) - age   3:     445960 bytes,    3198344 total
[2020-09-11T12:45:32.047+0000][1][gc,age       ] GC(9) - age   4:    1524048 bytes,    4722392 total
[2020-09-11T12:45:32.047+0000][1][gc,heap      ] GC(9) ParNew: 73277K->8469K(76672K)
[2020-09-11T12:45:32.047+0000][1][gc,heap      ] GC(9) CMS: 10997K->12582K(2011968K)
[2020-09-11T12:45:32.047+0000][1][gc,metaspace ] GC(9) Metaspace: 21511K->21511K(1069056K)
[2020-09-11T12:45:32.047+0000][1][gc           ] GC(9) Pause Young (Allocation Failure) 82M->20M(2039M) 107.096ms
[2020-09-11T12:45:32.047+0000][1][gc,cpu       ] GC(9) User=0.03s Sys=0.00s Real=0.11s
[2020-09-11T12:45:32.066+0000][1][safepoint    ] Safepoint "GenCollectForAllocation", Time since last: 262037647 ns, Reaching safepoint: 102828 ns, At safepoint: 126098968 ns, Total: 126201796 ns
[2020-09-11T12:45:32.088+0000][1][safepoint    ] Safepoint "RevokeBias", Time since last: 11157289 ns, Reaching safepoint: 10660120 ns, At safepoint: 720614 ns, Total: 11380734 ns
[2020-09-11T12:45:32.088+0000][1][safepoint    ] Safepoint "RevokeBias", Time since last: 55637 ns, Reaching safepoint: 83358 ns, At safepoint: 18756 ns, Total: 102114 ns
[2020-09-11T12:45:32.108+0000][1][safepoint    ] Safepoint "RevokeBias", Time since last: 19098771 ns, Reaching safepoint: 97524 ns, At safepoint: 49452 ns, Total: 146976 ns
[2020-09-11T12:45:32.108+0000][1][safepoint    ] Safepoint "RevokeBias", Time since last: 59611 ns, Reaching safepoint: 9290 ns, At safepoint: 19695 ns, Total: 28985 ns
[2020-09-11T12:45:32.124+0000][1][safepoint    ] Safepoint "RevokeBias", Time since last: 3712311 ns, Reaching safepoint: 12088729 ns, At safepoint: 47177 ns, Total: 12135906 ns
[2020-09-11T12:45:32.296+0000][1][safepoint    ] Safepoint "RevokeBias", Time since last: 171934303 ns, Reaching safepoint: 101903 ns, At safepoint: 39080 ns, Total: 140983 ns
[2020-09-11T12:45:32.308+0000][1][safepoint    ] Safepoint "RevokeBias", Time since last: 12561529 ns, Reaching safepoint: 98342 ns, At safepoint: 54821 ns, Total: 153163 ns
[2020-09-11T12:45:32.391+0000][1][safepoint    ] Safepoint "RevokeBias", Time since last: 82789015 ns, Reaching safepoint: 118305 ns, At safepoint: 20329 ns, Total: 138634 ns
[2020-09-11T12:45:32.392+0000][1][safepoint    ] Safepoint "RevokeBias", Time since last: 1070668 ns, Reaching safepoint: 16581 ns, At safepoint: 11378 ns, Total: 27959 ns
[2020-09-11T12:45:32.564+0000][1][safepoint    ] Safepoint "RevokeBias", Time since last: 171109104 ns, Reaching safepoint: 107674 ns, At safepoint: 36863 ns, Total: 144537 ns
[2020-09-11T12:45:32.612+0000][1][safepoint    ] Safepoint "RevokeBias", Time since last: 48472929 ns, Reaching safepoint: 98947 ns, At safepoint: 32184 ns, Total: 131131 ns
[2020-09-11T12:45:32.613+0000][1][safepoint    ] Safepoint "RevokeBias", Time since last: 792641 ns, Reaching safepoint: 80104 ns, At safepoint: 25725 ns, Total: 105829 ns
[2020-09-11T12:45:32.821+0000][1][gc,start     ] GC(10) Pause Young (Allocation Failure)
[2020-09-11T12:45:32.821+0000][1][gc,task      ] GC(10) Using 1 workers of 1 for evacuation
[2020-09-11T12:45:33.000+0000][1][gc,age       ] GC(10) Desired survivor size 4358144 bytes, new threshold 6 (max threshold 6)
[2020-09-11T12:45:33.000+0000][1][gc,age       ] GC(10) Age table with threshold 6 (max threshold 6)
[2020-09-11T12:45:33.000+0000][1][gc,age       ] GC(10) - age   1:    2298008 bytes,    2298008 total
[2020-09-11T12:45:33.000+0000][1][gc,age       ] GC(10) - age   2:     112912 bytes,    2410920 total
[2020-09-11T12:45:33.000+0000][1][gc,age       ] GC(10) - age   3:     829680 bytes,    3240600 total
[2020-09-11T12:45:33.000+0000][1][gc,age       ] GC(10) - age   4:     445936 bytes,    3686536 total
[2020-09-11T12:45:33.000+0000][1][gc,heap      ] GC(10) ParNew: 76629K->5576K(76672K)
[2020-09-11T12:45:33.000+0000][1][gc,heap      ] GC(10) CMS: 12582K->14082K(2011968K)
[2020-09-11T12:45:33.000+0000][1][gc,metaspace ] GC(10) Metaspace: 21651K->21651K(1069056K)
[2020-09-11T12:45:33.000+0000][1][gc           ] GC(10) Pause Young (Allocation Failure) 87M->19M(2039M) 179.122ms
[2020-09-11T12:45:33.000+0000][1][gc,cpu       ] GC(10) User=0.05s Sys=0.00s Real=0.18s
[2020-09-11T12:45:33.016+0000][1][safepoint    ] Safepoint "GenCollectForAllocation", Time since last: 207797891 ns, Reaching safepoint: 97705 ns, At safepoint: 194566136 ns, Total: 194663841 ns
[2020-09-11T12:45:33.032+0000][1][safepoint    ] Safepoint "RevokeBias", Time since last: 15957777 ns, Reaching safepoint: 31672 ns, At safepoint: 60604 ns, Total: 92276 ns
[2020-09-11T12:45:33.032+0000][1][safepoint    ] Safepoint "RevokeBias", Time since last: 61195 ns, Reaching safepoint: 82468 ns, At safepoint: 24489 ns, Total: 106957 ns
[2020-09-11T12:45:33.032+0000][1][safepoint    ] Safepoint "BulkRevokeBias", Time since last: 39010 ns, Reaching safepoint: 82582 ns, At safepoint: 33030 ns, Total: 115612 ns
[2020-09-11T12:45:33.032+0000][1][safepoint    ] Safepoint "BulkRevokeBias", Time since last: 31681 ns, Reaching safepoint: 77671 ns, At safepoint: 28889 ns, Total: 106560 ns
[2020-09-11T12:45:33.033+0000][1][safepoint    ] Safepoint "RevokeBias", Time since last: 1331100 ns, Reaching safepoint: 81316 ns, At safepoint: 24046 ns, Total: 105362 ns
[2020-09-11T12:45:33.236+0000][1][safepoint    ] Safepoint "RevokeBias", Time since last: 201943063 ns, Reaching safepoint: 96195 ns, At safepoint: 34749 ns, Total: 130944 ns
[2020-09-11T12:45:33.257+0000][1][safepoint    ] Safepoint "RevokeBias", Time since last: 21122596 ns, Reaching safepoint: 94925 ns, At safepoint: 31629 ns, Total: 126554 ns
[2020-09-11T12:45:33.812+0000][1][safepoint    ] Safepoint "RevokeBias", Time since last: 554644475 ns, Reaching safepoint: 108862 ns, At safepoint: 43156 ns, Total: 152018 ns
[2020-09-11T12:45:33.820+0000][1][safepoint    ] Safepoint "RevokeBias", Time since last: 7929210 ns, Reaching safepoint: 98684 ns, At safepoint: 35301 ns, Total: 133985 ns
[2020-09-11T12:45:33.840+0000][1][safepoint    ] Safepoint "RevokeBias", Time since last: 19768026 ns, Reaching safepoint: 103553 ns, At safepoint: 41107 ns, Total: 144660 ns
[2020-09-11T12:45:33.872+0000][1][safepoint    ] Safepoint "RevokeBias", Time since last: 31860385 ns, Reaching safepoint: 103656 ns, At safepoint: 40640 ns, Total: 144296 ns
[2020-09-11T12:45:33.910+0000][1][safepoint    ] Safepoint "RevokeBias", Time since last: 37921583 ns, Reaching safepoint: 103295 ns, At safepoint: 39623 ns, Total: 142918 ns
[2020-09-11T12:45:34.116+0000][1][safepoint    ] Safepoint "RevokeBias", Time since last: 205773653 ns, Reaching safepoint: 118233 ns, At safepoint: 38582 ns, Total: 156815 ns
[2020-09-11T12:45:34.132+0000][1][safepoint    ] Safepoint "RevokeBias", Time since last: 16628965 ns, Reaching safepoint: 96689 ns, At safepoint: 30903 ns, Total: 127592 ns
[2020-09-11T12:45:34.168+0000][1][safepoint    ] Safepoint "RevokeBias", Time since last: 35095092 ns, Reaching safepoint: 103952 ns, At safepoint: 39054 ns, Total: 143006 ns
[2020-09-11T12:45:34.243+0000][1][gc,start     ] GC(11) Pause Young (Allocation Failure)
[2020-09-11T12:45:34.243+0000][1][gc,task      ] GC(11) Using 1 workers of 1 for evacuation
[2020-09-11T12:45:34.369+0000][1][gc,age       ] GC(11) Desired survivor size 4358144 bytes, new threshold 6 (max threshold 6)
[2020-09-11T12:45:34.370+0000][1][gc,age       ] GC(11) Age table with threshold 6 (max threshold 6)
[2020-09-11T12:45:34.370+0000][1][gc,age       ] GC(11) - age   1:    1375408 bytes,    1375408 total
[2020-09-11T12:45:34.370+0000][1][gc,age       ] GC(11) - age   2:     403424 bytes,    1778832 total
[2020-09-11T12:45:34.370+0000][1][gc,age       ] GC(11) - age   3:     112808 bytes,    1891640 total
[2020-09-11T12:45:34.370+0000][1][gc,age       ] GC(11) - age   4:     829680 bytes,    2721320 total
[2020-09-11T12:45:34.370+0000][1][gc,age       ] GC(11) - age   5:     445936 bytes,    3167256 total
[2020-09-11T12:45:34.370+0000][1][gc,heap      ] GC(11) ParNew: 73736K->3397K(76672K)
[2020-09-11T12:45:34.370+0000][1][gc,heap      ] GC(11) CMS: 14082K->14082K(2011968K)
[2020-09-11T12:45:34.370+0000][1][gc,metaspace ] GC(11) Metaspace: 22564K->22564K(1071104K)
[2020-09-11T12:45:34.370+0000][1][gc           ] GC(11) Pause Young (Allocation Failure) 85M->17M(2039M) 126.711ms
[2020-09-11T12:45:34.370+0000][1][gc,cpu       ] GC(11) User=0.03s Sys=0.00s Real=0.13s
[2020-09-11T12:45:34.371+0000][1][safepoint    ] Safepoint "GenCollectForAllocation", Time since last: 75212332 ns, Reaching safepoint: 110020 ns, At safepoint: 128532451 ns, Total: 128642471 ns
[2020-09-11T12:45:34.452+0000][1][safepoint    ] Safepoint "RevokeBias", Time since last: 79991682 ns, Reaching safepoint: 100765 ns, At safepoint: 38503 ns, Total: 139268 ns
[2020-09-11T12:45:34.472+0000][1][safepoint    ] Safepoint "RevokeBias", Time since last: 19881657 ns, Reaching safepoint: 105543 ns, At safepoint: 40243 ns, Total: 145786 ns
[2020-09-11T12:45:34.724+0000][1][safepoint    ] Safepoint "RevokeBias", Time since last: 252359070 ns, Reaching safepoint: 92765 ns, At safepoint: 31301 ns, Total: 124066 ns
[2020-09-11T12:45:34.726+0000][1][safepoint    ] Safepoint "RevokeBias", Time since last: 1443617 ns, Reaching safepoint: 80111 ns, At safepoint: 25794 ns, Total: 105905 ns
[2020-09-11T12:45:34.954+0000][1][gc,start     ] GC(12) Pause Young (Allocation Failure)
[2020-09-11T12:45:34.954+0000][1][gc,task      ] GC(12) Using 1 workers of 1 for evacuation
[2020-09-11T12:45:35.036+0000][1][gc,age       ] GC(12) Desired survivor size 4358144 bytes, new threshold 6 (max threshold 6)
[2020-09-11T12:45:35.036+0000][1][gc,age       ] GC(12) Age table with threshold 6 (max threshold 6)
[2020-09-11T12:45:35.036+0000][1][gc,age       ] GC(12) - age   1:     194928 bytes,     194928 total
[2020-09-11T12:45:35.036+0000][1][gc,age       ] GC(12) - age   2:     577880 bytes,     772808 total
[2020-09-11T12:45:35.036+0000][1][gc,age       ] GC(12) - age   3:     403424 bytes,    1176232 total
[2020-09-11T12:45:35.036+0000][1][gc,age       ] GC(12) - age   4:     112704 bytes,    1288936 total
[2020-09-11T12:45:35.036+0000][1][gc,age       ] GC(12) - age   5:     829536 bytes,    2118472 total
[2020-09-11T12:45:35.036+0000][1][gc,age       ] GC(12) - age   6:     445936 bytes,    2564408 total
[2020-09-11T12:45:35.037+0000][1][gc,heap      ] GC(12) ParNew: 71557K->3169K(76672K)
[2020-09-11T12:45:35.037+0000][1][gc,heap      ] GC(12) CMS: 14082K->14082K(2011968K)
[2020-09-11T12:45:35.037+0000][1][gc,metaspace ] GC(12) Metaspace: 22581K->22581K(1071104K)
[2020-09-11T12:45:35.037+0000][1][gc           ] GC(12) Pause Young (Allocation Failure) 83M->16M(2039M) 82.609ms
[2020-09-11T12:45:35.037+0000][1][gc,cpu       ] GC(12) User=0.02s Sys=0.00s Real=0.09s
[2020-09-11T12:45:35.075+0000][1][safepoint    ] Safepoint "GenCollectForAllocation", Time since last: 228204267 ns, Reaching safepoint: 102385 ns, At safepoint: 121510618 ns, Total: 121613003 ns
[2020-09-11T12:45:35.704+0000][1][gc,start     ] GC(13) Pause Young (Allocation Failure)
[2020-09-11T12:45:35.704+0000][1][gc,task      ] GC(13) Using 1 workers of 1 for evacuation
[2020-09-11T12:45:35.770+0000][1][gc,age       ] GC(13) Desired survivor size 4358144 bytes, new threshold 6 (max threshold 6)
[2020-09-11T12:45:35.770+0000][1][gc,age       ] GC(13) Age table with threshold 6 (max threshold 6)
[2020-09-11T12:45:35.770+0000][1][gc,age       ] GC(13) - age   1:    1415808 bytes,    1415808 total
[2020-09-11T12:45:35.770+0000][1][gc,age       ] GC(13) - age   2:     176296 bytes,    1592104 total
[2020-09-11T12:45:35.770+0000][1][gc,age       ] GC(13) - age   3:     577768 bytes,    2169872 total
[2020-09-11T12:45:35.770+0000][1][gc,age       ] GC(13) - age   4:     403424 bytes,    2573296 total
[2020-09-11T12:45:35.770+0000][1][gc,age       ] GC(13) - age   5:     112704 bytes,    2686000 total
[2020-09-11T12:45:35.770+0000][1][gc,age       ] GC(13) - age   6:     829392 bytes,    3515392 total
[2020-09-11T12:45:35.770+0000][1][gc,heap      ] GC(13) ParNew: 71329K->5340K(76672K)
[2020-09-11T12:45:35.770+0000][1][gc,heap      ] GC(13) CMS: 14082K->14521K(2011968K)
[2020-09-11T12:45:35.770+0000][1][gc,metaspace ] GC(13) Metaspace: 22693K->22693K(1071104K)
[2020-09-11T12:45:35.770+0000][1][gc           ] GC(13) Pause Young (Allocation Failure) 83M->19M(2039M) 66.714ms
[2020-09-11T12:45:35.770+0000][1][gc,cpu       ] GC(13) User=0.02s Sys=0.00s Real=0.06s
[2020-09-11T12:45:35.787+0000][1][safepoint    ] Safepoint "GenCollectForAllocation", Time since last: 628007123 ns, Reaching safepoint: 109879 ns, At safepoint: 83883154 ns, Total: 83993033 ns
[2020-09-11T12:45:36.559+0000][1][gc,start     ] GC(14) Pause Young (Allocation Failure)
[2020-09-11T12:45:36.560+0000][1][gc,task      ] GC(14) Using 1 workers of 1 for evacuation
[2020-09-11T12:45:36.625+0000][1][gc,age       ] GC(14) Desired survivor size 4358144 bytes, new threshold 6 (max threshold 6)
[2020-09-11T12:45:36.625+0000][1][gc,age       ] GC(14) Age table with threshold 6 (max threshold 6)
[2020-09-11T12:45:36.625+0000][1][gc,age       ] GC(14) - age   1:    1077544 bytes,    1077544 total
[2020-09-11T12:45:36.625+0000][1][gc,age       ] GC(14) - age   2:     131432 bytes,    1208976 total
[2020-09-11T12:45:36.625+0000][1][gc,age       ] GC(14) - age   3:     176296 bytes,    1385272 total
[2020-09-11T12:45:36.625+0000][1][gc,age       ] GC(14) - age   4:     577768 bytes,    1963040 total
[2020-09-11T12:45:36.625+0000][1][gc,age       ] GC(14) - age   5:     403424 bytes,    2366464 total
[2020-09-11T12:45:36.625+0000][1][gc,age       ] GC(14) - age   6:     112704 bytes,    2479168 total
[2020-09-11T12:45:36.625+0000][1][gc,heap      ] GC(14) ParNew: 73493K->3242K(76672K)
[2020-09-11T12:45:36.625+0000][1][gc,heap      ] GC(14) CMS: 14521K->15337K(2011968K)
[2020-09-11T12:45:36.625+0000][1][gc,metaspace ] GC(14) Metaspace: 22779K->22779K(1071104K)
[2020-09-11T12:45:36.625+0000][1][gc           ] GC(14) Pause Young (Allocation Failure) 85M->18M(2039M) 65.718ms
[2020-09-11T12:45:36.625+0000][1][gc,cpu       ] GC(14) User=0.02s Sys=0.00s Real=0.07s
[2020-09-11T12:45:36.628+0000][1][safepoint    ] Safepoint "GenCollectForAllocation", Time since last: 767992266 ns, Reaching safepoint: 4038393 ns, At safepoint: 68164935 ns, Total: 72203328 ns
[2020-09-11T12:45:37.273+0000][1][gc,start     ] GC(15) Pause Young (Allocation Failure)
[2020-09-11T12:45:37.273+0000][1][gc,task      ] GC(15) Using 1 workers of 1 for evacuation
[2020-09-11T12:45:37.364+0000][1][gc,age       ] GC(15) Desired survivor size 4358144 bytes, new threshold 6 (max threshold 6)
[2020-09-11T12:45:37.364+0000][1][gc,age       ] GC(15) Age table with threshold 6 (max threshold 6)
[2020-09-11T12:45:37.364+0000][1][gc,age       ] GC(15) - age   1:    1949016 bytes,    1949016 total
[2020-09-11T12:45:37.364+0000][1][gc,age       ] GC(15) - age   2:     317800 bytes,    2266816 total
[2020-09-11T12:45:37.364+0000][1][gc,age       ] GC(15) - age   3:     131432 bytes,    2398248 total
[2020-09-11T12:45:37.364+0000][1][gc,age       ] GC(15) - age   4:     176296 bytes,    2574544 total
[2020-09-11T12:45:37.364+0000][1][gc,age       ] GC(15) - age   5:     577768 bytes,    3152312 total
[2020-09-11T12:45:37.364+0000][1][gc,age       ] GC(15) - age   6:     403424 bytes,    3555736 total
[2020-09-11T12:45:37.364+0000][1][gc,heap      ] GC(15) ParNew: 71402K->5252K(76672K)
[2020-09-11T12:45:37.364+0000][1][gc,heap      ] GC(15) CMS: 15337K->15450K(2011968K)
[2020-09-11T12:45:37.364+0000][1][gc,metaspace ] GC(15) Metaspace: 22864K->22864K(1071104K)
[2020-09-11T12:45:37.364+0000][1][gc           ] GC(15) Pause Young (Allocation Failure) 84M->20M(2039M) 91.210ms
[2020-09-11T12:45:37.364+0000][1][gc,cpu       ] GC(15) User=0.02s Sys=0.01s Real=0.10s
[2020-09-11T12:45:37.387+0000][1][safepoint    ] Safepoint "GenCollectForAllocation", Time since last: 644887361 ns, Reaching safepoint: 105317 ns, At safepoint: 114801185 ns, Total: 114906502 ns
[2020-09-11T12:45:37.966+0000][1][gc,start     ] GC(16) Pause Young (Allocation Failure)
[2020-09-11T12:45:37.966+0000][1][gc,task      ] GC(16) Using 1 workers of 1 for evacuation
[2020-09-11T12:45:38.035+0000][1][gc,age       ] GC(16) Desired survivor size 4358144 bytes, new threshold 6 (max threshold 6)
[2020-09-11T12:45:38.035+0000][1][gc,age       ] GC(16) Age table with threshold 6 (max threshold 6)
[2020-09-11T12:45:38.035+0000][1][gc,age       ] GC(16) - age   1:     958672 bytes,     958672 total
[2020-09-11T12:45:38.035+0000][1][gc,age       ] GC(16) - age   2:     105040 bytes,    1063712 total
[2020-09-11T12:45:38.035+0000][1][gc,age       ] GC(16) - age   3:     317800 bytes,    1381512 total
[2020-09-11T12:45:38.035+0000][1][gc,age       ] GC(16) - age   4:     131432 bytes,    1512944 total
[2020-09-11T12:45:38.035+0000][1][gc,age       ] GC(16) - age   5:     176144 bytes,    1689088 total
[2020-09-11T12:45:38.035+0000][1][gc,age       ] GC(16) - age   6:     577768 bytes,    2266856 total
[2020-09-11T12:45:38.035+0000][1][gc,heap      ] GC(16) ParNew: 73412K->3260K(76672K)
[2020-09-11T12:45:38.035+0000][1][gc,heap      ] GC(16) CMS: 15450K->15849K(2011968K)
[2020-09-11T12:45:38.035+0000][1][gc,metaspace ] GC(16) Metaspace: 22884K->22884K(1071104K)
[2020-09-11T12:45:38.035+0000][1][gc           ] GC(16) Pause Young (Allocation Failure) 86M->18M(2039M) 69.613ms
[2020-09-11T12:45:38.035+0000][1][gc,cpu       ] GC(16) User=0.02s Sys=0.00s Real=0.06s
[2020-09-11T12:45:38.052+0000][1][safepoint    ] Safepoint "GenCollectForAllocation", Time since last: 578150364 ns, Reaching safepoint: 119306 ns, At safepoint: 86156788 ns, Total: 86276094 ns
[2020-09-11T12:45:38.212+0000][1][safepoint    ] Safepoint "Deoptimize", Time since last: 159586541 ns, Reaching safepoint: 110141 ns, At safepoint: 200497 ns, Total: 310638 ns
[2020-09-11T12:45:39.212+0000][1][safepoint    ] Safepoint "Cleanup", Time since last: 1000111695 ns, Reaching safepoint: 119294 ns, At safepoint: 5894 ns, Total: 125188 ns
[2020-09-11T12:45:39.656+0000][1][safepoint    ] Safepoint "RevokeBias", Time since last: 443460900 ns, Reaching safepoint: 236378 ns, At safepoint: 20732 ns, Total: 257110 ns
[2020-09-11T12:45:40.666+0000][1][safepoint    ] Safepoint "Cleanup", Time since last: 1010284747 ns, Reaching safepoint: 126432 ns, At safepoint: 6730 ns, Total: 133162 ns
[2020-09-11T12:45:41.584+0000][1][safepoint    ] Safepoint "Deoptimize", Time since last: 917401007 ns, Reaching safepoint: 123660 ns, At safepoint: 199964 ns, Total: 323624 ns
[2020-09-11T12:45:41.584+0000][1][safepoint    ] Safepoint "Deoptimize", Time since last: 444892 ns, Reaching safepoint: 82076 ns, At safepoint: 94564 ns, Total: 176640 ns
[2020-09-11T12:45:41.716+0000][1][safepoint    ] Safepoint "Deoptimize", Time since last: 128731634 ns, Reaching safepoint: 2242426 ns, At safepoint: 210309 ns, Total: 2452735 ns
[2020-09-11T12:45:42.720+0000][1][safepoint    ] Safepoint "Cleanup", Time since last: 1000127832 ns, Reaching safepoint: 3809642 ns, At safepoint: 16207 ns, Total: 3825849 ns
[2020-09-11T12:45:43.728+0000][1][safepoint    ] Safepoint "Cleanup", Time since last: 1007804968 ns, Reaching safepoint: 663256 ns, At safepoint: 7773 ns, Total: 671029 ns
[2020-09-11T12:45:44.740+0000][1][safepoint    ] Safepoint "Cleanup", Time since last: 1011334871 ns, Reaching safepoint: 129009 ns, At safepoint: 6378 ns, Total: 135387 ns
[2020-09-11T12:45:45.416+0000][1][gc,start     ] GC(17) Pause Young (Allocation Failure)
[2020-09-11T12:45:45.416+0000][1][gc,task      ] GC(17) Using 1 workers of 1 for evacuation
[2020-09-11T12:45:45.567+0000][1][gc,age       ] GC(17) Desired survivor size 4358144 bytes, new threshold 1 (max threshold 6)
[2020-09-11T12:45:45.568+0000][1][gc,age       ] GC(17) Age table with threshold 1 (max threshold 6)
[2020-09-11T12:45:45.568+0000][1][gc,age       ] GC(17) - age   1:    6790464 bytes,    6790464 total
[2020-09-11T12:45:45.568+0000][1][gc,age       ] GC(17) - age   2:     156432 bytes,    6946896 total
[2020-09-11T12:45:45.568+0000][1][gc,age       ] GC(17) - age   3:     104704 bytes,    7051600 total
[2020-09-11T12:45:45.568+0000][1][gc,age       ] GC(17) - age   4:     317736 bytes,    7369336 total
[2020-09-11T12:45:45.568+0000][1][gc,age       ] GC(17) - age   5:     131184 bytes,    7500520 total
[2020-09-11T12:45:45.568+0000][1][gc,age       ] GC(17) - age   6:     176144 bytes,    7676664 total
[2020-09-11T12:45:45.568+0000][1][gc,heap      ] GC(17) ParNew: 71420K->8512K(76672K)
[2020-09-11T12:45:45.568+0000][1][gc,heap      ] GC(17) CMS: 15849K->16421K(2011968K)
[2020-09-11T12:45:45.568+0000][1][gc,metaspace ] GC(17) Metaspace: 29516K->29516K(1077248K)
[2020-09-11T12:45:45.568+0000][1][gc           ] GC(17) Pause Young (Allocation Failure) 85M->24M(2039M) 151.583ms
[2020-09-11T12:45:45.568+0000][1][gc,cpu       ] GC(17) User=0.04s Sys=0.01s Real=0.15s
[2020-09-11T12:45:45.591+0000][1][safepoint    ] Safepoint "GenCollectForAllocation", Time since last: 676348372 ns, Reaching safepoint: 110197 ns, At safepoint: 175417826 ns, Total: 175528023 ns
[2020-09-11T12:45:46.614+0000][1][safepoint    ] Safepoint "Cleanup", Time since last: 1021728654 ns, Reaching safepoint: 391900 ns, At safepoint: 5898 ns, Total: 397798 ns
[2020-09-11T12:45:47.631+0000][1][safepoint    ] Safepoint "Cleanup", Time since last: 1013860189 ns, Reaching safepoint: 3183711 ns, At safepoint: 8232 ns, Total: 3191943 ns
[2020-09-11T12:45:48.647+0000][1][safepoint    ] Safepoint "Cleanup", Time since last: 1000111901 ns, Reaching safepoint: 16733714 ns, At safepoint: 15106 ns, Total: 16748820 ns
[2020-09-11T12:45:49.654+0000][1][safepoint    ] Safepoint "Cleanup", Time since last: 1003951557 ns, Reaching safepoint: 2318880 ns, At safepoint: 9519 ns, Total: 2328399 ns
[2020-09-11T12:45:50.654+0000][1][safepoint    ] Safepoint "Cleanup", Time since last: 1000127427 ns, Reaching safepoint: 255895 ns, At safepoint: 7157 ns, Total: 263052 ns
[2020-09-11T12:45:51.152+0000][1][gc,start     ] GC(18) Pause Young (Allocation Failure)
[2020-09-11T12:45:51.152+0000][1][gc,task      ] GC(18) Using 1 workers of 1 for evacuation
[2020-09-11T12:45:51.605+0000][1][gc,age       ] GC(18) Desired survivor size 4358144 bytes, new threshold 1 (max threshold 6)
[2020-09-11T12:45:51.605+0000][1][gc,age       ] GC(18) Age table with threshold 1 (max threshold 6)
[2020-09-11T12:45:51.605+0000][1][gc,age       ] GC(18) - age   1:    8716256 bytes,    8716256 total
[2020-09-11T12:45:51.605+0000][1][gc,heap      ] GC(18) ParNew: 76672K->8512K(76672K)
[2020-09-11T12:45:51.605+0000][1][gc,heap      ] GC(18) CMS: 16421K->24783K(2011968K)
[2020-09-11T12:45:51.605+0000][1][gc,metaspace ] GC(18) Metaspace: 29736K->29736K(1077248K)
[2020-09-11T12:45:51.605+0000][1][gc           ] GC(18) Pause Young (Allocation Failure) 90M->32M(2039M) 453.941ms
[2020-09-11T12:45:51.605+0000][1][gc,cpu       ] GC(18) User=0.11s Sys=0.00s Real=0.46s
[2020-09-11T12:45:51.607+0000][1][safepoint    ] Safepoint "GenCollectForAllocation", Time since last: 497280309 ns, Reaching safepoint: 102286 ns, At safepoint: 455507531 ns, Total: 455609817 ns
[2020-09-11T12:45:52.636+0000][1][safepoint    ] Safepoint "Cleanup", Time since last: 1028365100 ns, Reaching safepoint: 238865 ns, At safepoint: 6002 ns, Total: 244867 ns
[2020-09-11T12:45:53.650+0000][1][safepoint    ] Safepoint "Cleanup", Time since last: 1000106966 ns, Reaching safepoint: 13808913 ns, At safepoint: 8510 ns, Total: 13817423 ns
[2020-09-11T12:45:55.807+0000][1][gc,start     ] GC(19) Pause Young (Allocation Failure)
[2020-09-11T12:45:55.807+0000][1][gc,task      ] GC(19) Using 1 workers of 1 for evacuation
[2020-09-11T12:45:55.997+0000][1][gc,age       ] GC(19) Desired survivor size 4358144 bytes, new threshold 1 (max threshold 6)
[2020-09-11T12:45:55.997+0000][1][gc,age       ] GC(19) Age table with threshold 1 (max threshold 6)
[2020-09-11T12:45:55.997+0000][1][gc,age       ] GC(19) - age   1:    8569264 bytes,    8569264 total
[2020-09-11T12:45:55.997+0000][1][gc,heap      ] GC(19) ParNew: 76672K->8512K(76672K)
[2020-09-11T12:45:55.997+0000][1][gc,heap      ] GC(19) CMS: 24783K->33578K(2011968K)
[2020-09-11T12:45:55.997+0000][1][gc,metaspace ] GC(19) Metaspace: 29767K->29767K(1077248K)
[2020-09-11T12:45:55.997+0000][1][gc           ] GC(19) Pause Young (Allocation Failure) 99M->41M(2039M) 190.262ms
[2020-09-11T12:45:55.997+0000][1][gc,cpu       ] GC(19) User=0.05s Sys=0.00s Real=0.19s
[2020-09-11T12:45:56.018+0000][1][safepoint    ] Safepoint "GenCollectForAllocation", Time since last: 2153861983 ns, Reaching safepoint: 3077342 ns, At safepoint: 211438403 ns, Total: 214515745 ns
[2020-09-11T12:45:57.051+0000][1][safepoint    ] Safepoint "Cleanup", Time since last: 1025467258 ns, Reaching safepoint: 8065308 ns, At safepoint: 14826 ns, Total: 8080134 ns
[2020-09-11T12:45:58.055+0000][1][safepoint    ] Safepoint "Cleanup", Time since last: 1000111217 ns, Reaching safepoint: 3861698 ns, At safepoint: 8789 ns, Total: 3870487 ns
[2020-09-11T12:45:59.057+0000][1][safepoint    ] Safepoint "Cleanup", Time since last: 1000099258 ns, Reaching safepoint: 941434 ns, At safepoint: 6246 ns, Total: 947680 ns
[2020-09-11T12:45:59.543+0000][1][gc,start     ] GC(20) Pause Young (Allocation Failure)
[2020-09-11T12:45:59.544+0000][1][gc,task      ] GC(20) Using 1 workers of 1 for evacuation
[2020-09-11T12:45:59.708+0000][1][gc,age       ] GC(20) Desired survivor size 4358144 bytes, new threshold 1 (max threshold 6)
[2020-09-11T12:45:59.708+0000][1][gc,age       ] GC(20) Age table with threshold 1 (max threshold 6)
[2020-09-11T12:45:59.708+0000][1][gc,age       ] GC(20) - age   1:    4534520 bytes,    4534520 total
[2020-09-11T12:45:59.708+0000][1][gc,heap      ] GC(20) ParNew: 76672K->8262K(76672K)
[2020-09-11T12:45:59.708+0000][1][gc,heap      ] GC(20) CMS: 33578K->41204K(2011968K)
[2020-09-11T12:45:59.708+0000][1][gc,metaspace ] GC(20) Metaspace: 32101K->32101K(1079296K)
[2020-09-11T12:45:59.708+0000][1][gc           ] GC(20) Pause Young (Allocation Failure) 107M->48M(2039M) 164.682ms
[2020-09-11T12:45:59.708+0000][1][gc,cpu       ] GC(20) User=0.04s Sys=0.00s Real=0.16s
[2020-09-11T12:45:59.724+0000][1][safepoint    ] Safepoint "GenCollectForAllocation", Time since last: 486343520 ns, Reaching safepoint: 578847 ns, At safepoint: 180051145 ns, Total: 180629992 ns
[2020-09-11T12:46:00.224+0000][1][safepoint    ] Safepoint "Deoptimize", Time since last: 500053091 ns, Reaching safepoint: 118785 ns, At safepoint: 253282 ns, Total: 372067 ns
[2020-09-11T12:46:01.224+0000][1][safepoint    ] Safepoint "Cleanup", Time since last: 1000110169 ns, Reaching safepoint: 110773 ns, At safepoint: 7543 ns, Total: 118316 ns
[2020-09-11T12:46:02.232+0000][1][safepoint    ] Safepoint "Cleanup", Time since last: 1007267370 ns, Reaching safepoint: 129616 ns, At safepoint: 6530 ns, Total: 136146 ns
[2020-09-11T12:46:03.242+0000][1][safepoint    ] Safepoint "Cleanup", Time since last: 1007878122 ns, Reaching safepoint: 2318422 ns, At safepoint: 8211 ns, Total: 2326633 ns
[2020-09-11T12:46:04.076+0000][1][safepoint    ] Safepoint "Deoptimize", Time since last: 832900013 ns, Reaching safepoint: 774512 ns, At safepoint: 286056 ns, Total: 1060568 ns
[2020-09-11T12:46:04.964+0000][1][gc,start     ] GC(21) Pause Young (Allocation Failure)
[2020-09-11T12:46:04.964+0000][1][gc,task      ] GC(21) Using 1 workers of 1 for evacuation
[2020-09-11T12:46:05.084+0000][1][gc,age       ] GC(21) Desired survivor size 4358144 bytes, new threshold 6 (max threshold 6)
[2020-09-11T12:46:05.084+0000][1][gc,age       ] GC(21) Age table with threshold 6 (max threshold 6)
[2020-09-11T12:46:05.084+0000][1][gc,age       ] GC(21) - age   1:     984008 bytes,     984008 total
[2020-09-11T12:46:05.084+0000][1][gc,heap      ] GC(21) ParNew: 76422K->3726K(76672K)
[2020-09-11T12:46:05.084+0000][1][gc,heap      ] GC(21) CMS: 41204K->45559K(2011968K)
[2020-09-11T12:46:05.084+0000][1][gc,metaspace ] GC(21) Metaspace: 32404K->32404K(1079296K)
[2020-09-11T12:46:05.084+0000][1][gc           ] GC(21) Pause Young (Allocation Failure) 114M->48M(2039M) 120.330ms
[2020-09-11T12:46:05.084+0000][1][gc,cpu       ] GC(21) User=0.03s Sys=0.00s Real=0.12s
[2020-09-11T12:46:05.105+0000][1][safepoint    ] Safepoint "GenCollectForAllocation", Time since last: 887701712 ns, Reaching safepoint: 162817 ns, At safepoint: 141545323 ns, Total: 141708140 ns
[2020-09-11T12:46:06.122+0000][1][safepoint    ] Safepoint "Cleanup", Time since last: 1007403422 ns, Reaching safepoint: 9063735 ns, At safepoint: 10685 ns, Total: 9074420 ns
[2020-09-11T12:46:06.264+0000][1][gc,start     ] GC(22) Pause Young (Allocation Failure)
[2020-09-11T12:46:06.264+0000][1][gc,task      ] GC(22) Using 1 workers of 1 for evacuation
[2020-09-11T12:46:06.346+0000][1][gc,age       ] GC(22) Desired survivor size 4358144 bytes, new threshold 6 (max threshold 6)
[2020-09-11T12:46:06.346+0000][1][gc,age       ] GC(22) Age table with threshold 6 (max threshold 6)
[2020-09-11T12:46:06.346+0000][1][gc,age       ] GC(22) - age   1:     249728 bytes,     249728 total
[2020-09-11T12:46:06.346+0000][1][gc,age       ] GC(22) - age   2:     437976 bytes,     687704 total
[2020-09-11T12:46:06.346+0000][1][gc,heap      ] GC(22) ParNew: 71886K->1171K(76672K)
[2020-09-11T12:46:06.346+0000][1][gc,heap      ] GC(22) CMS: 45559K->45559K(2011968K)
[2020-09-11T12:46:06.346+0000][1][gc,metaspace ] GC(22) Metaspace: 32411K->32411K(1079296K)
[2020-09-11T12:46:06.346+0000][1][gc           ] GC(22) Pause Young (Allocation Failure) 114M->45M(2039M) 81.843ms
[2020-09-11T12:46:06.346+0000][1][gc,cpu       ] GC(22) User=0.02s Sys=0.00s Real=0.08s
[2020-09-11T12:46:06.367+0000][1][safepoint    ] Safepoint "GenCollectForAllocation", Time since last: 142215287 ns, Reaching safepoint: 105984 ns, At safepoint: 103495210 ns, Total: 103601194 ns
[2020-09-11T12:46:07.120+0000][1][gc,start     ] GC(23) Pause Young (Allocation Failure)
[2020-09-11T12:46:07.120+0000][1][gc,task      ] GC(23) Using 1 workers of 1 for evacuation
[2020-09-11T12:46:07.173+0000][1][gc,age       ] GC(23) Desired survivor size 4358144 bytes, new threshold 6 (max threshold 6)
[2020-09-11T12:46:07.173+0000][1][gc,age       ] GC(23) Age table with threshold 6 (max threshold 6)
[2020-09-11T12:46:07.173+0000][1][gc,age       ] GC(23) - age   1:        200 bytes,        200 total
[2020-09-11T12:46:07.173+0000][1][gc,age       ] GC(23) - age   2:     249432 bytes,     249632 total
[2020-09-11T12:46:07.173+0000][1][gc,age       ] GC(23) - age   3:     437976 bytes,     687608 total
[2020-09-11T12:46:07.173+0000][1][gc,heap      ] GC(23) ParNew: 69331K->1089K(76672K)
[2020-09-11T12:46:07.173+0000][1][gc,heap      ] GC(23) CMS: 45559K->45559K(2011968K)
[2020-09-11T12:46:07.173+0000][1][gc,metaspace ] GC(23) Metaspace: 32413K->32413K(1079296K)
[2020-09-11T12:46:07.173+0000][1][gc           ] GC(23) Pause Young (Allocation Failure) 112M->45M(2039M) 53.416ms
[2020-09-11T12:46:07.173+0000][1][gc,cpu       ] GC(23) User=0.02s Sys=0.00s Real=0.05s
[2020-09-11T12:46:07.199+0000][1][safepoint    ] Safepoint "GenCollectForAllocation", Time since last: 752013167 ns, Reaching safepoint: 83464 ns, At safepoint: 79951409 ns, Total: 80034873 ns
[2020-09-11T12:46:07.780+0000][1][gc,start     ] GC(24) Pause Young (Allocation Failure)
[2020-09-11T12:46:07.780+0000][1][gc,task      ] GC(24) Using 1 workers of 1 for evacuation
[2020-09-11T12:46:07.839+0000][1][gc,age       ] GC(24) Desired survivor size 4358144 bytes, new threshold 6 (max threshold 6)
[2020-09-11T12:46:07.839+0000][1][gc,age       ] GC(24) Age table with threshold 6 (max threshold 6)
[2020-09-11T12:46:07.839+0000][1][gc,age       ] GC(24) - age   1:         72 bytes,         72 total
[2020-09-11T12:46:07.839+0000][1][gc,age       ] GC(24) - age   3:     249432 bytes,     249504 total
[2020-09-11T12:46:07.839+0000][1][gc,age       ] GC(24) - age   4:     437976 bytes,     687480 total
[2020-09-11T12:46:07.839+0000][1][gc,heap      ] GC(24) ParNew: 69249K->1279K(76672K)
[2020-09-11T12:46:07.839+0000][1][gc,heap      ] GC(24) CMS: 45559K->45559K(2011968K)
[2020-09-11T12:46:07.839+0000][1][gc,metaspace ] GC(24) Metaspace: 32421K->32421K(1079296K)
[2020-09-11T12:46:07.839+0000][1][gc           ] GC(24) Pause Young (Allocation Failure) 112M->45M(2039M) 58.613ms
[2020-09-11T12:46:07.839+0000][1][gc,cpu       ] GC(24) User=0.02s Sys=0.00s Real=0.06s
[2020-09-11T12:46:07.867+0000][1][safepoint    ] Safepoint "GenCollectForAllocation", Time since last: 580610328 ns, Reaching safepoint: 99570 ns, At safepoint: 86895854 ns, Total: 86995424 ns
[2020-09-11T12:46:08.376+0000][1][gc,start     ] GC(25) Pause Young (Allocation Failure)
[2020-09-11T12:46:08.376+0000][1][gc,task      ] GC(25) Using 1 workers of 1 for evacuation
[2020-09-11T12:46:08.464+0000][1][gc,age       ] GC(25) Desired survivor size 4358144 bytes, new threshold 6 (max threshold 6)
[2020-09-11T12:46:08.464+0000][1][gc,age       ] GC(25) Age table with threshold 6 (max threshold 6)
[2020-09-11T12:46:08.464+0000][1][gc,age       ] GC(25) - age   1:         24 bytes,         24 total
[2020-09-11T12:46:08.464+0000][1][gc,age       ] GC(25) - age   4:     249432 bytes,     249456 total
[2020-09-11T12:46:08.464+0000][1][gc,age       ] GC(25) - age   5:     437976 bytes,     687432 total
[2020-09-11T12:46:08.464+0000][1][gc,heap      ] GC(25) ParNew: 69439K->823K(76672K)
[2020-09-11T12:46:08.464+0000][1][gc,heap      ] GC(25) CMS: 45559K->45559K(2011968K)
[2020-09-11T12:46:08.464+0000][1][gc,metaspace ] GC(25) Metaspace: 32421K->32421K(1079296K)
[2020-09-11T12:46:08.464+0000][1][gc           ] GC(25) Pause Young (Allocation Failure) 112M->45M(2039M) 88.233ms
[2020-09-11T12:46:08.464+0000][1][gc,cpu       ] GC(25) User=0.03s Sys=0.00s Real=0.09s
[2020-09-11T12:46:08.464+0000][1][safepoint    ] Safepoint "GenCollectForAllocation", Time since last: 508358154 ns, Reaching safepoint: 111256 ns, At safepoint: 88313907 ns, Total: 88425163 ns
[2020-09-11T12:46:08.936+0000][1][gc,start     ] GC(26) Pause Young (Allocation Failure)
[2020-09-11T12:46:08.936+0000][1][gc,task      ] GC(26) Using 1 workers of 1 for evacuation
[2020-09-11T12:46:09.029+0000][1][gc,age       ] GC(26) Desired survivor size 4358144 bytes, new threshold 6 (max threshold 6)
[2020-09-11T12:46:09.029+0000][1][gc,age       ] GC(26) Age table with threshold 6 (max threshold 6)
[2020-09-11T12:46:09.029+0000][1][gc,age       ] GC(26) - age   1:        192 bytes,        192 total
[2020-09-11T12:46:09.029+0000][1][gc,age       ] GC(26) - age   5:     249432 bytes,     249624 total
[2020-09-11T12:46:09.029+0000][1][gc,age       ] GC(26) - age   6:     437976 bytes,     687600 total
[2020-09-11T12:46:09.029+0000][1][gc,heap      ] GC(26) ParNew: 68983K->1212K(76672K)
[2020-09-11T12:46:09.029+0000][1][gc,heap      ] GC(26) CMS: 45559K->45559K(2011968K)
[2020-09-11T12:46:09.029+0000][1][gc,metaspace ] GC(26) Metaspace: 32421K->32421K(1079296K)
[2020-09-11T12:46:09.029+0000][1][gc           ] GC(26) Pause Young (Allocation Failure) 111M->45M(2039M) 92.529ms
[2020-09-11T12:46:09.029+0000][1][gc,cpu       ] GC(26) User=0.02s Sys=0.00s Real=0.09s
[2020-09-11T12:46:09.029+0000][1][safepoint    ] Safepoint "GenCollectForAllocation", Time since last: 472147967 ns, Reaching safepoint: 97763 ns, At safepoint: 92585739 ns, Total: 92683502 ns
[2020-09-11T12:46:09.472+0000][1][gc,start     ] GC(27) Pause Young (Allocation Failure)
[2020-09-11T12:46:09.472+0000][1][gc,task      ] GC(27) Using 1 workers of 1 for evacuation
[2020-09-11T12:46:09.564+0000][1][gc,age       ] GC(27) Desired survivor size 4358144 bytes, new threshold 6 (max threshold 6)
[2020-09-11T12:46:09.564+0000][1][gc,age       ] GC(27) Age table with threshold 6 (max threshold 6)
[2020-09-11T12:46:09.564+0000][1][gc,age       ] GC(27) - age   1:        224 bytes,        224 total
[2020-09-11T12:46:09.564+0000][1][gc,age       ] GC(27) - age   6:     249432 bytes,     249656 total
[2020-09-11T12:46:09.564+0000][1][gc,heap      ] GC(27) ParNew: 69372K->403K(76672K)
[2020-09-11T12:46:09.564+0000][1][gc,heap      ] GC(27) CMS: 45559K->45987K(2011968K)
[2020-09-11T12:46:09.564+0000][1][gc,metaspace ] GC(27) Metaspace: 32421K->32421K(1079296K)
[2020-09-11T12:46:09.564+0000][1][gc           ] GC(27) Pause Young (Allocation Failure) 112M->45M(2039M) 92.669ms
[2020-09-11T12:46:09.564+0000][1][gc,cpu       ] GC(27) User=0.02s Sys=0.00s Real=0.10s
[2020-09-11T12:46:09.578+0000][1][safepoint    ] Safepoint "GenCollectForAllocation", Time since last: 442990648 ns, Reaching safepoint: 96966 ns, At safepoint: 106718647 ns, Total: 106815613 ns
[2020-09-11T12:46:09.968+0000][1][gc,start     ] GC(28) Pause Young (Allocation Failure)
[2020-09-11T12:46:09.968+0000][1][gc,task      ] GC(28) Using 1 workers of 1 for evacuation
[2020-09-11T12:46:10.069+0000][1][gc,age       ] GC(28) Desired survivor size 4358144 bytes, new threshold 6 (max threshold 6)
[2020-09-11T12:46:10.069+0000][1][gc,age       ] GC(28) Age table with threshold 6 (max threshold 6)
[2020-09-11T12:46:10.069+0000][1][gc,age       ] GC(28) - age   1:        232 bytes,        232 total
[2020-09-11T12:46:10.069+0000][1][gc,heap      ] GC(28) ParNew: 68563K->283K(76672K)
[2020-09-11T12:46:10.069+0000][1][gc,heap      ] GC(28) CMS: 45987K->46231K(2011968K)
[2020-09-11T12:46:10.069+0000][1][gc,metaspace ] GC(28) Metaspace: 32421K->32421K(1079296K)
[2020-09-11T12:46:10.069+0000][1][gc           ] GC(28) Pause Young (Allocation Failure) 111M->45M(2039M) 101.919ms
[2020-09-11T12:46:10.069+0000][1][gc,cpu       ] GC(28) User=0.03s Sys=0.00s Real=0.10s
[2020-09-11T12:46:10.069+0000][1][safepoint    ] Safepoint "GenCollectForAllocation", Time since last: 388923479 ns, Reaching safepoint: 94992 ns, At safepoint: 101976395 ns, Total: 102071387 ns
[2020-09-11T12:46:10.453+0000][1][gc,start     ] GC(29) Pause Young (Allocation Failure)
[2020-09-11T12:46:10.453+0000][1][gc,task      ] GC(29) Using 1 workers of 1 for evacuation
[2020-09-11T12:46:10.529+0000][1][gc,age       ] GC(29) Desired survivor size 4358144 bytes, new threshold 6 (max threshold 6)
[2020-09-11T12:46:10.529+0000][1][gc,age       ] GC(29) Age table with threshold 6 (max threshold 6)
[2020-09-11T12:46:10.529+0000][1][gc,age       ] GC(29) - age   1:        240 bytes,        240 total
[2020-09-11T12:46:10.529+0000][1][gc,heap      ] GC(29) ParNew: 68443K->70K(76672K)
[2020-09-11T12:46:10.529+0000][1][gc,heap      ] GC(29) CMS: 46231K->46231K(2011968K)
[2020-09-11T12:46:10.529+0000][1][gc,metaspace ] GC(29) Metaspace: 32421K->32421K(1079296K)
[2020-09-11T12:46:10.529+0000][1][gc           ] GC(29) Pause Young (Allocation Failure) 111M->45M(2039M) 75.593ms
[2020-09-11T12:46:10.529+0000][1][gc,cpu       ] GC(29) User=0.02s Sys=0.00s Real=0.08s
[2020-09-11T12:46:10.539+0000][1][safepoint    ] Safepoint "GenCollectForAllocation", Time since last: 383736294 ns, Reaching safepoint: 104497 ns, At safepoint: 86115043 ns, Total: 86219540 ns
[2020-09-11T12:46:10.907+0000][1][gc,start     ] GC(30) Pause Young (Allocation Failure)
[2020-09-11T12:46:10.907+0000][1][gc,task      ] GC(30) Using 1 workers of 1 for evacuation
[2020-09-11T12:46:10.947+0000][1][gc,age       ] GC(30) Desired survivor size 4358144 bytes, new threshold 6 (max threshold 6)
[2020-09-11T12:46:10.947+0000][1][gc,age       ] GC(30) Age table with threshold 6 (max threshold 6)
[2020-09-11T12:46:10.947+0000][1][gc,age       ] GC(30) - age   1:        224 bytes,        224 total
[2020-09-11T12:46:10.947+0000][1][gc,heap      ] GC(30) ParNew: 68230K->17K(76672K)
[2020-09-11T12:46:10.947+0000][1][gc,heap      ] GC(30) CMS: 46231K->46231K(2011968K)
[2020-09-11T12:46:10.947+0000][1][gc,metaspace ] GC(30) Metaspace: 32421K->32421K(1079296K)
[2020-09-11T12:46:10.947+0000][1][gc           ] GC(30) Pause Young (Allocation Failure) 111M->45M(2039M) 39.415ms
[2020-09-11T12:46:10.947+0000][1][gc,cpu       ] GC(30) User=0.01s Sys=0.00s Real=0.04s
[2020-09-11T12:46:10.951+0000][1][safepoint    ] Safepoint "GenCollectForAllocation", Time since last: 365985270 ns, Reaching safepoint: 1999800 ns, At safepoint: 44010798 ns, Total: 46010598 ns
[2020-09-11T12:46:11.165+0000][1][gc,start     ] GC(31) Pause Young (Allocation Failure)
[2020-09-11T12:46:11.165+0000][1][gc,task      ] GC(31) Using 1 workers of 1 for evacuation
[2020-09-11T12:46:11.207+0000][1][gc,age       ] GC(31) Desired survivor size 4358144 bytes, new threshold 6 (max threshold 6)
[2020-09-11T12:46:11.207+0000][1][gc,age       ] GC(31) Age table with threshold 6 (max threshold 6)
[2020-09-11T12:46:11.207+0000][1][gc,age       ] GC(31) - age   1:        112 bytes,        112 total
[2020-09-11T12:46:11.207+0000][1][gc,heap      ] GC(31) ParNew: 68177K->4K(76672K)
[2020-09-11T12:46:11.207+0000][1][gc,heap      ] GC(31) CMS: 46231K->46231K(2011968K)
[2020-09-11T12:46:11.207+0000][1][gc,metaspace ] GC(31) Metaspace: 32421K->32421K(1079296K)
[2020-09-11T12:46:11.207+0000][1][gc           ] GC(31) Pause Young (Allocation Failure) 111M->45M(2039M) 42.369ms
[2020-09-11T12:46:11.207+0000][1][gc,cpu       ] GC(31) User=0.01s Sys=0.00s Real=0.04s
[2020-09-11T12:46:11.219+0000][1][safepoint    ] Safepoint "GenCollectForAllocation", Time since last: 212125938 ns, Reaching safepoint: 981122 ns, At safepoint: 54909365 ns, Total: 55890487 ns
[2020-09-11T12:46:11.427+0000][1][gc,start     ] GC(32) Pause Young (Allocation Failure)
[2020-09-11T12:46:11.428+0000][1][gc,task      ] GC(32) Using 1 workers of 1 for evacuation
[2020-09-11T12:46:11.469+0000][1][gc,age       ] GC(32) Desired survivor size 4358144 bytes, new threshold 6 (max threshold 6)
[2020-09-11T12:46:11.469+0000][1][gc,age       ] GC(32) Age table with threshold 6 (max threshold 6)
[2020-09-11T12:46:11.469+0000][1][gc,age       ] GC(32) - age   1:        240 bytes,        240 total
[2020-09-11T12:46:11.469+0000][1][gc,heap      ] GC(32) ParNew: 68164K->2K(76672K)
[2020-09-11T12:46:11.469+0000][1][gc,heap      ] GC(32) CMS: 46231K->46231K(2011968K)
[2020-09-11T12:46:11.469+0000][1][gc,metaspace ] GC(32) Metaspace: 32421K->32421K(1079296K)
[2020-09-11T12:46:11.469+0000][1][gc           ] GC(32) Pause Young (Allocation Failure) 111M->45M(2039M) 41.811ms
[2020-09-11T12:46:11.469+0000][1][gc,cpu       ] GC(32) User=0.01s Sys=0.00s Real=0.04s
[2020-09-11T12:46:11.471+0000][1][safepoint    ] Safepoint "GenCollectForAllocation", Time since last: 206545241 ns, Reaching safepoint: 1429166 ns, At safepoint: 43984885 ns, Total: 45414051 ns
[2020-09-11T12:46:11.685+0000][1][gc,start     ] GC(33) Pause Young (Allocation Failure)
[2020-09-11T12:46:11.685+0000][1][gc,task      ] GC(33) Using 1 workers of 1 for evacuation
[2020-09-11T12:46:11.729+0000][1][gc,age       ] GC(33) Desired survivor size 4358144 bytes, new threshold 6 (max threshold 6)
[2020-09-11T12:46:11.729+0000][1][gc,age       ] GC(33) Age table with threshold 6 (max threshold 6)
[2020-09-11T12:46:11.729+0000][1][gc,age       ] GC(33) - age   1:        224 bytes,        224 total
[2020-09-11T12:46:11.729+0000][1][gc,age       ] GC(33) - age   2:        208 bytes,        432 total
[2020-09-11T12:46:11.729+0000][1][gc,heap      ] GC(33) ParNew: 68162K->2K(76672K)
[2020-09-11T12:46:11.729+0000][1][gc,heap      ] GC(33) CMS: 46231K->46231K(2011968K)
[2020-09-11T12:46:11.729+0000][1][gc,metaspace ] GC(33) Metaspace: 32421K->32421K(1079296K)
[2020-09-11T12:46:11.729+0000][1][gc           ] GC(33) Pause Young (Allocation Failure) 111M->45M(2039M) 43.828ms
[2020-09-11T12:46:11.729+0000][1][gc,cpu       ] GC(33) User=0.01s Sys=0.00s Real=0.04s
[2020-09-11T12:46:11.729+0000][1][safepoint    ] Safepoint "GenCollectForAllocation", Time since last: 213584769 ns, Reaching safepoint: 108630 ns, At safepoint: 43904241 ns, Total: 44012871 ns
[2020-09-11T12:46:12.772+0000][1][safepoint    ] Safepoint "Cleanup", Time since last: 1042409418 ns, Reaching safepoint: 120064 ns, At safepoint: 6395 ns, Total: 126459 ns
[2020-09-11T12:46:13.638+0000][1][safepoint    ] Safepoint "RevokeBias", Time since last: 866337286 ns, Reaching safepoint: 99311 ns, At safepoint: 42486 ns, Total: 141797 ns
[2020-09-11T12:46:13.638+0000][1][safepoint    ] Safepoint "BulkRevokeBias", Time since last: 60977 ns, Reaching safepoint: 79621 ns, At safepoint: 53627 ns, Total: 133248 ns
[2020-09-11T12:46:13.652+0000][1][safepoint    ] Safepoint "RevokeBias", Time since last: 13222116 ns, Reaching safepoint: 105008 ns, At safepoint: 45689 ns, Total: 150697 ns
[2020-09-11T12:46:14.667+0000][1][safepoint    ] Safepoint "Cleanup", Time since last: 1011800821 ns, Reaching safepoint: 4048844 ns, At safepoint: 16679 ns, Total: 4065523 ns
[2020-09-11T12:46:15.699+0000][1][safepoint    ] Safepoint "Cleanup", Time since last: 1011942050 ns, Reaching safepoint: 20071555 ns, At safepoint: 8976 ns, Total: 20080531 ns
[2020-09-11T12:46:15.822+0000][1][gc,start     ] GC(34) Pause Young (Allocation Failure)
[2020-09-11T12:46:15.822+0000][1][gc,task      ] GC(34) Using 1 workers of 1 for evacuation
[2020-09-11T12:46:15.905+0000][1][gc,age       ] GC(34) Desired survivor size 4358144 bytes, new threshold 6 (max threshold 6)
[2020-09-11T12:46:15.905+0000][1][gc,age       ] GC(34) Age table with threshold 6 (max threshold 6)
[2020-09-11T12:46:15.905+0000][1][gc,age       ] GC(34) - age   1:     243200 bytes,     243200 total
[2020-09-11T12:46:15.905+0000][1][gc,age       ] GC(34) - age   3:        208 bytes,     243408 total
[2020-09-11T12:46:15.905+0000][1][gc,heap      ] GC(34) ParNew: 68162K->239K(76672K)
[2020-09-11T12:46:15.905+0000][1][gc,heap      ] GC(34) CMS: 46231K->46231K(2011968K)
[2020-09-11T12:46:15.905+0000][1][gc,metaspace ] GC(34) Metaspace: 32442K->32442K(1079296K)
[2020-09-11T12:46:15.905+0000][1][gc           ] GC(34) Pause Young (Allocation Failure) 111M->45M(2039M) 83.608ms
[2020-09-11T12:46:15.905+0000][1][gc,cpu       ] GC(34) User=0.03s Sys=0.00s Real=0.09s
[2020-09-11T12:46:15.905+0000][1][safepoint    ] Safepoint "GenCollectForAllocation", Time since last: 122223023 ns, Reaching safepoint: 102655 ns, At safepoint: 83674102 ns, Total: 83776757 ns
[2020-09-11T12:46:17.514+0000][1][gc,start     ] GC(35) Pause Young (Allocation Failure)
[2020-09-11T12:46:17.514+0000][1][gc,task      ] GC(35) Using 1 workers of 1 for evacuation
[2020-09-11T12:46:17.551+0000][1][gc,age       ] GC(35) Desired survivor size 4358144 bytes, new threshold 6 (max threshold 6)
[2020-09-11T12:46:17.551+0000][1][gc,age       ] GC(35) Age table with threshold 6 (max threshold 6)
[2020-09-11T12:46:17.551+0000][1][gc,age       ] GC(35) - age   1:     511664 bytes,     511664 total
[2020-09-11T12:46:17.551+0000][1][gc,age       ] GC(35) - age   2:     151224 bytes,     662888 total
[2020-09-11T12:46:17.551+0000][1][gc,age       ] GC(35) - age   4:        208 bytes,     663096 total
[2020-09-11T12:46:17.551+0000][1][gc,heap      ] GC(35) ParNew: 68399K->659K(76672K)
[2020-09-11T12:46:17.551+0000][1][gc,heap      ] GC(35) CMS: 46231K->46231K(2011968K)
[2020-09-11T12:46:17.551+0000][1][gc,metaspace ] GC(35) Metaspace: 32442K->32442K(1079296K)
[2020-09-11T12:46:17.551+0000][1][gc           ] GC(35) Pause Young (Allocation Failure) 111M->45M(2039M) 37.511ms
[2020-09-11T12:46:17.551+0000][1][gc,cpu       ] GC(35) User=0.02s Sys=0.00s Real=0.04s
[2020-09-11T12:46:17.583+0000][1][safepoint    ] Safepoint "GenCollectForAllocation", Time since last: 1605945027 ns, Reaching safepoint: 2091875 ns, At safepoint: 69919882 ns, Total: 72011757 ns
[2020-09-11T12:46:18.623+0000][1][safepoint    ] Safepoint "Cleanup", Time since last: 1027959765 ns, Reaching safepoint: 12029537 ns, At safepoint: 7617 ns, Total: 12037154 ns
[2020-09-11T12:46:18.632+0000][1][gc,start     ] GC(36) Pause Young (Allocation Failure)
[2020-09-11T12:46:18.632+0000][1][gc,task      ] GC(36) Using 1 workers of 1 for evacuation
[2020-09-11T12:46:18.684+0000][1][gc,age       ] GC(36) Desired survivor size 4358144 bytes, new threshold 6 (max threshold 6)
[2020-09-11T12:46:18.684+0000][1][gc,age       ] GC(36) Age table with threshold 6 (max threshold 6)
[2020-09-11T12:46:18.684+0000][1][gc,age       ] GC(36) - age   1:     675888 bytes,     675888 total
[2020-09-11T12:46:18.684+0000][1][gc,age       ] GC(36) - age   2:     340384 bytes,    1016272 total
[2020-09-11T12:46:18.684+0000][1][gc,age       ] GC(36) - age   3:     150640 bytes,    1166912 total
[2020-09-11T12:46:18.684+0000][1][gc,age       ] GC(36) - age   5:        208 bytes,    1167120 total
[2020-09-11T12:46:18.684+0000][1][gc,heap      ] GC(36) ParNew: 68819K->1163K(76672K)
[2020-09-11T12:46:18.684+0000][1][gc,heap      ] GC(36) CMS: 46231K->46231K(2011968K)
[2020-09-11T12:46:18.684+0000][1][gc,metaspace ] GC(36) Metaspace: 32443K->32443K(1079296K)
[2020-09-11T12:46:18.684+0000][1][gc           ] GC(36) Pause Young (Allocation Failure) 112M->46M(2039M) 52.265ms
[2020-09-11T12:46:18.684+0000][1][gc,cpu       ] GC(36) User=0.01s Sys=0.00s Real=0.06s
[2020-09-11T12:46:18.699+0000][1][safepoint    ] Safepoint "GenCollectForAllocation", Time since last: 7985027 ns, Reaching safepoint: 100038 ns, At safepoint: 67923228 ns, Total: 68023266 ns
[2020-09-11T12:46:19.640+0000][1][gc,start     ] GC(37) Pause Young (Allocation Failure)
[2020-09-11T12:46:19.640+0000][1][gc,task      ] GC(37) Using 1 workers of 1 for evacuation
[2020-09-11T12:46:19.688+0000][1][gc,age       ] GC(37) Desired survivor size 4358144 bytes, new threshold 6 (max threshold 6)
[2020-09-11T12:46:19.688+0000][1][gc,age       ] GC(37) Age table with threshold 6 (max threshold 6)
[2020-09-11T12:46:19.688+0000][1][gc,age       ] GC(37) - age   1:     622280 bytes,     622280 total
[2020-09-11T12:46:19.688+0000][1][gc,age       ] GC(37) - age   2:     334344 bytes,     956624 total
[2020-09-11T12:46:19.688+0000][1][gc,age       ] GC(37) - age   3:     340256 bytes,    1296880 total
[2020-09-11T12:46:19.688+0000][1][gc,age       ] GC(37) - age   4:     150256 bytes,    1447136 total
[2020-09-11T12:46:19.688+0000][1][gc,age       ] GC(37) - age   6:        208 bytes,    1447344 total
[2020-09-11T12:46:19.688+0000][1][gc,heap      ] GC(37) ParNew: 69323K->1451K(76672K)
[2020-09-11T12:46:19.688+0000][1][gc,heap      ] GC(37) CMS: 46231K->46231K(2011968K)
[2020-09-11T12:46:19.688+0000][1][gc,metaspace ] GC(37) Metaspace: 32443K->32443K(1079296K)
[2020-09-11T12:46:19.689+0000][1][gc           ] GC(37) Pause Young (Allocation Failure) 112M->46M(2039M) 48.745ms
[2020-09-11T12:46:19.689+0000][1][gc,cpu       ] GC(37) User=0.01s Sys=0.00s Real=0.05s
[2020-09-11T12:46:19.704+0000][1][safepoint    ] Safepoint "GenCollectForAllocation", Time since last: 936982410 ns, Reaching safepoint: 3316689 ns, At safepoint: 63882924 ns, Total: 67199613 ns
[2020-09-11T12:46:20.442+0000][1][gc,start     ] GC(38) Pause Young (Allocation Failure)
[2020-09-11T12:46:20.442+0000][1][gc,task      ] GC(38) Using 1 workers of 1 for evacuation
[2020-09-11T12:46:20.481+0000][1][gc,age       ] GC(38) Desired survivor size 4358144 bytes, new threshold 6 (max threshold 6)
[2020-09-11T12:46:20.482+0000][1][gc,age       ] GC(38) Age table with threshold 6 (max threshold 6)
[2020-09-11T12:46:20.482+0000][1][gc,age       ] GC(38) - age   1:     935000 bytes,     935000 total
[2020-09-11T12:46:20.482+0000][1][gc,age       ] GC(38) - age   2:     264616 bytes,    1199616 total
[2020-09-11T12:46:20.482+0000][1][gc,age       ] GC(38) - age   3:     330184 bytes,    1529800 total
[2020-09-11T12:46:20.482+0000][1][gc,age       ] GC(38) - age   4:     340176 bytes,    1869976 total
[2020-09-11T12:46:20.482+0000][1][gc,age       ] GC(38) - age   5:     150152 bytes,    2020128 total
[2020-09-11T12:46:20.482+0000][1][gc,heap      ] GC(38) ParNew: 69611K->2046K(76672K)
[2020-09-11T12:46:20.482+0000][1][gc,heap      ] GC(38) CMS: 46231K->46231K(2011968K)
[2020-09-11T12:46:20.482+0000][1][gc,metaspace ] GC(38) Metaspace: 32443K->32443K(1079296K)
[2020-09-11T12:46:20.482+0000][1][gc           ] GC(38) Pause Young (Allocation Failure) 113M->47M(2039M) 39.999ms
[2020-09-11T12:46:20.482+0000][1][gc,cpu       ] GC(38) User=0.01s Sys=0.00s Real=0.04s
[2020-09-11T12:46:20.482+0000][1][safepoint    ] Safepoint "GenCollectForAllocation", Time since last: 735786811 ns, Reaching safepoint: 2205655 ns, At safepoint: 40078811 ns, Total: 42284466 ns
[2020-09-11T12:46:20.963+0000][1][gc,start     ] GC(39) Pause Young (Allocation Failure)
[2020-09-11T12:46:20.964+0000][1][gc,task      ] GC(39) Using 1 workers of 1 for evacuation
[2020-09-11T12:46:21.009+0000][1][gc,age       ] GC(39) Desired survivor size 4358144 bytes, new threshold 6 (max threshold 6)
[2020-09-11T12:46:21.009+0000][1][gc,age       ] GC(39) Age table with threshold 6 (max threshold 6)
[2020-09-11T12:46:21.009+0000][1][gc,age       ] GC(39) - age   1:     311360 bytes,     311360 total
[2020-09-11T12:46:21.009+0000][1][gc,age       ] GC(39) - age   2:     922680 bytes,    1234040 total
[2020-09-11T12:46:21.009+0000][1][gc,age       ] GC(39) - age   3:     263544 bytes,    1497584 total
[2020-09-11T12:46:21.009+0000][1][gc,age       ] GC(39) - age   4:     329680 bytes,    1827264 total
[2020-09-11T12:46:21.009+0000][1][gc,age       ] GC(39) - age   5:     339840 bytes,    2167104 total
[2020-09-11T12:46:21.009+0000][1][gc,age       ] GC(39) - age   6:     150112 bytes,    2317216 total
[2020-09-11T12:46:21.009+0000][1][gc,heap      ] GC(39) ParNew: 70206K->2275K(76672K)
[2020-09-11T12:46:21.009+0000][1][gc,heap      ] GC(39) CMS: 46231K->46231K(2011968K)
[2020-09-11T12:46:21.009+0000][1][gc,metaspace ] GC(39) Metaspace: 32443K->32443K(1079296K)
[2020-09-11T12:46:21.009+0000][1][gc           ] GC(39) Pause Young (Allocation Failure) 113M->47M(2039M) 45.364ms
[2020-09-11T12:46:21.009+0000][1][gc,cpu       ] GC(39) User=0.01s Sys=0.00s Real=0.04s
[2020-09-11T12:46:21.009+0000][1][safepoint    ] Safepoint "GenCollectForAllocation", Time since last: 480330007 ns, Reaching safepoint: 1393457 ns, At safepoint: 45430797 ns, Total: 46824254 ns
[2020-09-11T12:46:21.922+0000][1][gc,start     ] GC(40) Pause Young (Allocation Failure)
[2020-09-11T12:46:21.922+0000][1][gc,task      ] GC(40) Using 1 workers of 1 for evacuation
[2020-09-11T12:46:21.989+0000][1][gc,age       ] GC(40) Desired survivor size 4358144 bytes, new threshold 6 (max threshold 6)
[2020-09-11T12:46:21.989+0000][1][gc,age       ] GC(40) Age table with threshold 6 (max threshold 6)
[2020-09-11T12:46:21.989+0000][1][gc,age       ] GC(40) - age   1:     381056 bytes,     381056 total
[2020-09-11T12:46:21.989+0000][1][gc,age       ] GC(40) - age   2:     300720 bytes,     681776 total
[2020-09-11T12:46:21.989+0000][1][gc,age       ] GC(40) - age   3:     922112 bytes,    1603888 total
[2020-09-11T12:46:21.989+0000][1][gc,age       ] GC(40) - age   4:     263312 bytes,    1867200 total
[2020-09-11T12:46:21.989+0000][1][gc,age       ] GC(40) - age   5:     329560 bytes,    2196760 total
[2020-09-11T12:46:21.989+0000][1][gc,age       ] GC(40) - age   6:     339840 bytes,    2536600 total
[2020-09-11T12:46:21.989+0000][1][gc,heap      ] GC(40) ParNew: 70435K->2502K(76672K)
[2020-09-11T12:46:21.989+0000][1][gc,heap      ] GC(40) CMS: 46231K->46375K(2011968K)
[2020-09-11T12:46:21.989+0000][1][gc,metaspace ] GC(40) Metaspace: 32445K->32445K(1079296K)
[2020-09-11T12:46:21.989+0000][1][gc           ] GC(40) Pause Young (Allocation Failure) 113M->47M(2039M) 67.769ms
[2020-09-11T12:46:21.989+0000][1][gc,cpu       ] GC(40) User=0.02s Sys=0.00s Real=0.07s
[2020-09-11T12:46:22.019+0000][1][safepoint    ] Safepoint "GenCollectForAllocation", Time since last: 912660046 ns, Reaching safepoint: 124747 ns, At safepoint: 97784638 ns, Total: 97909385 ns
[2020-09-11T12:46:22.231+0000][1][gc,start     ] GC(41) Pause Young (Allocation Failure)
[2020-09-11T12:46:22.231+0000][1][gc,task      ] GC(41) Using 1 workers of 1 for evacuation
[2020-09-11T12:46:22.278+0000][1][gc,age       ] GC(41) Desired survivor size 4358144 bytes, new threshold 6 (max threshold 6)
[2020-09-11T12:46:22.278+0000][1][gc,age       ] GC(41) Age table with threshold 6 (max threshold 6)
[2020-09-11T12:46:22.278+0000][1][gc,age       ] GC(41) - age   1:        248 bytes,        248 total
[2020-09-11T12:46:22.278+0000][1][gc,age       ] GC(41) - age   2:     380920 bytes,     381168 total
[2020-09-11T12:46:22.278+0000][1][gc,age       ] GC(41) - age   3:     300720 bytes,     681888 total
[2020-09-11T12:46:22.278+0000][1][gc,age       ] GC(41) - age   4:     922112 bytes,    1604000 total
[2020-09-11T12:46:22.278+0000][1][gc,age       ] GC(41) - age   5:     263312 bytes,    1867312 total
[2020-09-11T12:46:22.278+0000][1][gc,age       ] GC(41) - age   6:     329560 bytes,    2196872 total
[2020-09-11T12:46:22.278+0000][1][gc,heap      ] GC(41) ParNew: 70662K->2244K(76672K)
[2020-09-11T12:46:22.278+0000][1][gc,heap      ] GC(41) CMS: 46375K->46707K(2011968K)
[2020-09-11T12:46:22.278+0000][1][gc,metaspace ] GC(41) Metaspace: 32445K->32445K(1079296K)
[2020-09-11T12:46:22.278+0000][1][gc           ] GC(41) Pause Young (Allocation Failure) 114M->47M(2039M) 46.879ms
[2020-09-11T12:46:22.278+0000][1][gc,cpu       ] GC(41) User=0.01s Sys=0.00s Real=0.05s
[2020-09-11T12:46:22.287+0000][1][safepoint    ] Safepoint "GenCollectForAllocation", Time since last: 211564171 ns, Reaching safepoint: 423168 ns, At safepoint: 56007483 ns, Total: 56430651 ns
[2020-09-11T12:46:22.508+0000][1][gc,start     ] GC(42) Pause Young (Allocation Failure)
[2020-09-11T12:46:22.508+0000][1][gc,task      ] GC(42) Using 1 workers of 1 for evacuation
[2020-09-11T12:46:22.560+0000][1][gc,age       ] GC(42) Desired survivor size 4358144 bytes, new threshold 6 (max threshold 6)
[2020-09-11T12:46:22.560+0000][1][gc,age       ] GC(42) Age table with threshold 6 (max threshold 6)
[2020-09-11T12:46:22.560+0000][1][gc,age       ] GC(42) - age   1:        504 bytes,        504 total
[2020-09-11T12:46:22.560+0000][1][gc,age       ] GC(42) - age   2:        160 bytes,        664 total
[2020-09-11T12:46:22.560+0000][1][gc,age       ] GC(42) - age   3:     380920 bytes,     381584 total
[2020-09-11T12:46:22.560+0000][1][gc,age       ] GC(42) - age   4:     300720 bytes,     682304 total
[2020-09-11T12:46:22.560+0000][1][gc,age       ] GC(42) - age   5:     922112 bytes,    1604416 total
[2020-09-11T12:46:22.560+0000][1][gc,age       ] GC(42) - age   6:     263312 bytes,    1867728 total
[2020-09-11T12:46:22.560+0000][1][gc,heap      ] GC(42) ParNew: 70404K->2472K(76672K)
[2020-09-11T12:46:22.560+0000][1][gc,heap      ] GC(42) CMS: 46707K->47029K(2011968K)
[2020-09-11T12:46:22.560+0000][1][gc,metaspace ] GC(42) Metaspace: 32445K->32445K(1079296K)
[2020-09-11T12:46:22.560+0000][1][gc           ] GC(42) Pause Young (Allocation Failure) 114M->48M(2039M) 52.149ms
[2020-09-11T12:46:22.560+0000][1][gc,cpu       ] GC(42) User=0.01s Sys=0.00s Real=0.05s
[2020-09-11T12:46:22.560+0000][1][safepoint    ] Safepoint "GenCollectForAllocation", Time since last: 220045397 ns, Reaching safepoint: 104267 ns, At safepoint: 52232255 ns, Total: 52336522 ns
[2020-09-11T12:46:22.763+0000][1][gc,start     ] GC(43) Pause Young (Allocation Failure)
[2020-09-11T12:46:22.763+0000][1][gc,task      ] GC(43) Using 1 workers of 1 for evacuation
[2020-09-11T12:46:22.806+0000][1][gc,age       ] GC(43) Desired survivor size 4358144 bytes, new threshold 6 (max threshold 6)
[2020-09-11T12:46:22.806+0000][1][gc,age       ] GC(43) Age table with threshold 6 (max threshold 6)
[2020-09-11T12:46:22.806+0000][1][gc,age       ] GC(43) - age   1:        152 bytes,        152 total
[2020-09-11T12:46:22.806+0000][1][gc,age       ] GC(43) - age   2:        296 bytes,        448 total
[2020-09-11T12:46:22.806+0000][1][gc,age       ] GC(43) - age   3:        160 bytes,        608 total
[2020-09-11T12:46:22.806+0000][1][gc,age       ] GC(43) - age   4:     380920 bytes,     381528 total
[2020-09-11T12:46:22.806+0000][1][gc,age       ] GC(43) - age   5:     300720 bytes,     682248 total
[2020-09-11T12:46:22.806+0000][1][gc,age       ] GC(43) - age   6:     922112 bytes,    1604360 total
[2020-09-11T12:46:22.806+0000][1][gc,heap      ] GC(43) ParNew: 70632K->1676K(76672K)
[2020-09-11T12:46:22.806+0000][1][gc,heap      ] GC(43) CMS: 47029K->47286K(2011968K)
[2020-09-11T12:46:22.806+0000][1][gc,metaspace ] GC(43) Metaspace: 32445K->32445K(1079296K)
[2020-09-11T12:46:22.806+0000][1][gc           ] GC(43) Pause Young (Allocation Failure) 114M->47M(2039M) 42.367ms
[2020-09-11T12:46:22.806+0000][1][gc,cpu       ] GC(43) User=0.01s Sys=0.00s Real=0.04s
[2020-09-11T12:46:22.806+0000][1][safepoint    ] Safepoint "GenCollectForAllocation", Time since last: 200376369 ns, Reaching safepoint: 3249392 ns, At safepoint: 42435028 ns, Total: 45684420 ns
[2020-09-11T12:46:23.039+0000][1][gc,start     ] GC(44) Pause Young (Allocation Failure)
[2020-09-11T12:46:23.039+0000][1][gc,task      ] GC(44) Using 1 workers of 1 for evacuation
[2020-09-11T12:46:23.094+0000][1][gc,age       ] GC(44) Desired survivor size 4358144 bytes, new threshold 6 (max threshold 6)
[2020-09-11T12:46:23.094+0000][1][gc,age       ] GC(44) Age table with threshold 6 (max threshold 6)
[2020-09-11T12:46:23.094+0000][1][gc,age       ] GC(44) - age   1:         48 bytes,         48 total
[2020-09-11T12:46:23.094+0000][1][gc,age       ] GC(44) - age   3:        296 bytes,        344 total
[2020-09-11T12:46:23.094+0000][1][gc,age       ] GC(44) - age   4:        160 bytes,        504 total
[2020-09-11T12:46:23.094+0000][1][gc,age       ] GC(44) - age   5:     380920 bytes,     381424 total
[2020-09-11T12:46:23.094+0000][1][gc,age       ] GC(44) - age   6:     300720 bytes,     682144 total
[2020-09-11T12:46:23.094+0000][1][gc,heap      ] GC(44) ParNew: 69836K->1594K(76672K)
[2020-09-11T12:46:23.094+0000][1][gc,heap      ] GC(44) CMS: 47286K->48186K(2011968K)
[2020-09-11T12:46:23.094+0000][1][gc,metaspace ] GC(44) Metaspace: 32445K->32445K(1079296K)
[2020-09-11T12:46:23.094+0000][1][gc           ] GC(44) Pause Young (Allocation Failure) 114M->48M(2039M) 54.253ms
[2020-09-11T12:46:23.094+0000][1][gc,cpu       ] GC(44) User=0.02s Sys=0.00s Real=0.05s
[2020-09-11T12:46:23.103+0000][1][safepoint    ] Safepoint "GenCollectForAllocation", Time since last: 232275587 ns, Reaching safepoint: 1278711 ns, At safepoint: 63686012 ns, Total: 64964723 ns
[2020-09-11T12:46:23.307+0000][1][gc,start     ] GC(45) Pause Young (Allocation Failure)
[2020-09-11T12:46:23.307+0000][1][gc,task      ] GC(45) Using 1 workers of 1 for evacuation
[2020-09-11T12:46:23.350+0000][1][gc,age       ] GC(45) Desired survivor size 4358144 bytes, new threshold 6 (max threshold 6)
[2020-09-11T12:46:23.350+0000][1][gc,age       ] GC(45) Age table with threshold 6 (max threshold 6)
[2020-09-11T12:46:23.350+0000][1][gc,age       ] GC(45) - age   1:        176 bytes,        176 total
[2020-09-11T12:46:23.350+0000][1][gc,age       ] GC(45) - age   4:        296 bytes,        472 total
[2020-09-11T12:46:23.350+0000][1][gc,age       ] GC(45) - age   5:        160 bytes,        632 total
[2020-09-11T12:46:23.350+0000][1][gc,age       ] GC(45) - age   6:     380920 bytes,     381552 total
[2020-09-11T12:46:23.350+0000][1][gc,heap      ] GC(45) ParNew: 69754K->648K(76672K)
[2020-09-11T12:46:23.350+0000][1][gc,heap      ] GC(45) CMS: 48186K->48480K(2011968K)
[2020-09-11T12:46:23.350+0000][1][gc,metaspace ] GC(45) Metaspace: 32445K->32445K(1079296K)
[2020-09-11T12:46:23.350+0000][1][gc           ] GC(45) Pause Young (Allocation Failure) 115M->47M(2039M) 42.568ms
[2020-09-11T12:46:23.350+0000][1][gc,cpu       ] GC(45) User=0.01s Sys=0.00s Real=0.04s
[2020-09-11T12:46:23.363+0000][1][safepoint    ] Safepoint "GenCollectForAllocation", Time since last: 202633046 ns, Reaching safepoint: 1679182 ns, At safepoint: 55356423 ns, Total: 57035605 ns
[2020-09-11T12:46:23.571+0000][1][gc,start     ] GC(46) Pause Young (Allocation Failure)
[2020-09-11T12:46:23.571+0000][1][gc,task      ] GC(46) Using 1 workers of 1 for evacuation
[2020-09-11T12:46:23.622+0000][1][gc,age       ] GC(46) Desired survivor size 4358144 bytes, new threshold 6 (max threshold 6)
[2020-09-11T12:46:23.622+0000][1][gc,age       ] GC(46) Age table with threshold 6 (max threshold 6)
[2020-09-11T12:46:23.622+0000][1][gc,age       ] GC(46) - age   1:        160 bytes,        160 total
[2020-09-11T12:46:23.622+0000][1][gc,age       ] GC(46) - age   5:        296 bytes,        456 total
[2020-09-11T12:46:23.622+0000][1][gc,age       ] GC(46) - age   6:        160 bytes,        616 total
[2020-09-11T12:46:23.622+0000][1][gc,heap      ] GC(46) ParNew: 68808K->301K(76672K)
[2020-09-11T12:46:23.622+0000][1][gc,heap      ] GC(46) CMS: 48480K->48852K(2011968K)
[2020-09-11T12:46:23.622+0000][1][gc,metaspace ] GC(46) Metaspace: 32445K->32445K(1079296K)
[2020-09-11T12:46:23.622+0000][1][gc           ] GC(46) Pause Young (Allocation Failure) 114M->48M(2039M) 51.748ms
[2020-09-11T12:46:23.622+0000][1][gc,cpu       ] GC(46) User=0.01s Sys=0.00s Real=0.05s
[2020-09-11T12:46:23.622+0000][1][safepoint    ] Safepoint "GenCollectForAllocation", Time since last: 206017712 ns, Reaching safepoint: 1847385 ns, At safepoint: 51827278 ns, Total: 53674663 ns
[2020-09-11T12:46:23.835+0000][1][gc,start     ] GC(47) Pause Young (Allocation Failure)
[2020-09-11T12:46:23.836+0000][1][gc,task      ] GC(47) Using 1 workers of 1 for evacuation
[2020-09-11T12:46:23.884+0000][1][gc,age       ] GC(47) Desired survivor size 4358144 bytes, new threshold 6 (max threshold 6)
[2020-09-11T12:46:23.884+0000][1][gc,age       ] GC(47) Age table with threshold 6 (max threshold 6)
[2020-09-11T12:46:23.884+0000][1][gc,age       ] GC(47) - age   1:         96 bytes,         96 total
[2020-09-11T12:46:23.884+0000][1][gc,age       ] GC(47) - age   6:        296 bytes,        392 total
[2020-09-11T12:46:23.884+0000][1][gc,heap      ] GC(47) ParNew: 68461K->75K(76672K)
[2020-09-11T12:46:23.884+0000][1][gc,heap      ] GC(47) CMS: 48852K->48853K(2011968K)
[2020-09-11T12:46:23.884+0000][1][gc,metaspace ] GC(47) Metaspace: 32445K->32445K(1079296K)
[2020-09-11T12:46:23.884+0000][1][gc           ] GC(47) Pause Young (Allocation Failure) 114M->47M(2039M) 49.038ms
[2020-09-11T12:46:23.885+0000][1][gc,cpu       ] GC(47) User=0.01s Sys=0.00s Real=0.05s
[2020-09-11T12:46:23.885+0000][1][safepoint    ] Safepoint "GenCollectForAllocation", Time since last: 208952659 ns, Reaching safepoint: 4020371 ns, At safepoint: 49104622 ns, Total: 53124993 ns
[2020-09-11T12:46:24.092+0000][1][gc,start     ] GC(48) Pause Young (Allocation Failure)
[2020-09-11T12:46:24.092+0000][1][gc,task      ] GC(48) Using 1 workers of 1 for evacuation
[2020-09-11T12:46:24.138+0000][1][gc,age       ] GC(48) Desired survivor size 4358144 bytes, new threshold 6 (max threshold 6)
[2020-09-11T12:46:24.138+0000][1][gc,age       ] GC(48) Age table with threshold 6 (max threshold 6)
[2020-09-11T12:46:24.138+0000][1][gc,age       ] GC(48) - age   1:         88 bytes,         88 total
[2020-09-11T12:46:24.138+0000][1][gc,heap      ] GC(48) ParNew: 68235K->18K(76672K)
[2020-09-11T12:46:24.138+0000][1][gc,heap      ] GC(48) CMS: 48853K->48853K(2011968K)
[2020-09-11T12:46:24.138+0000][1][gc,metaspace ] GC(48) Metaspace: 32445K->32445K(1079296K)
[2020-09-11T12:46:24.138+0000][1][gc           ] GC(48) Pause Young (Allocation Failure) 114M->47M(2039M) 46.650ms
[2020-09-11T12:46:24.138+0000][1][gc,cpu       ] GC(48) User=0.01s Sys=0.00s Real=0.05s
[2020-09-11T12:46:24.147+0000][1][safepoint    ] Safepoint "GenCollectForAllocation", Time since last: 206891318 ns, Reaching safepoint: 103638 ns, At safepoint: 55879484 ns, Total: 55983122 ns
[2020-09-11T12:46:24.350+0000][1][gc,start     ] GC(49) Pause Young (Allocation Failure)
[2020-09-11T12:46:24.350+0000][1][gc,task      ] GC(49) Using 1 workers of 1 for evacuation
[2020-09-11T12:46:24.397+0000][1][gc,age       ] GC(49) Desired survivor size 4358144 bytes, new threshold 6 (max threshold 6)
[2020-09-11T12:46:24.397+0000][1][gc,age       ] GC(49) Age table with threshold 6 (max threshold 6)
[2020-09-11T12:46:24.397+0000][1][gc,age       ] GC(49) - age   1:         80 bytes,         80 total
[2020-09-11T12:46:24.397+0000][1][gc,heap      ] GC(49) ParNew: 68178K->4K(76672K)
[2020-09-11T12:46:24.397+0000][1][gc,heap      ] GC(49) CMS: 48853K->48853K(2011968K)
[2020-09-11T12:46:24.397+0000][1][gc,metaspace ] GC(49) Metaspace: 32445K->32445K(1079296K)
[2020-09-11T12:46:24.397+0000][1][gc           ] GC(49) Pause Young (Allocation Failure) 114M->47M(2039M) 47.476ms
[2020-09-11T12:46:24.397+0000][1][gc,cpu       ] GC(49) User=0.02s Sys=0.00s Real=0.05s
[2020-09-11T12:46:24.397+0000][1][safepoint    ] Safepoint "GenCollectForAllocation", Time since last: 200003277 ns, Reaching safepoint: 2124967 ns, At safepoint: 47542580 ns, Total: 49667547 ns
[2020-09-11T12:46:25.444+0000][1][safepoint    ] Safepoint "Cleanup", Time since last: 1046416365 ns, Reaching safepoint: 120266 ns, At safepoint: 6338 ns, Total: 126604 ns
[2020-09-11T12:46:26.420+0000][1][gc,start     ] GC(50) Pause Young (Allocation Failure)
[2020-09-11T12:46:26.420+0000][1][gc,task      ] GC(50) Using 1 workers of 1 for evacuation
[2020-09-11T12:46:26.517+0000][1][gc,age       ] GC(50) Desired survivor size 4358144 bytes, new threshold 6 (max threshold 6)
[2020-09-11T12:46:26.517+0000][1][gc,age       ] GC(50) Age table with threshold 6 (max threshold 6)
[2020-09-11T12:46:26.517+0000][1][gc,age       ] GC(50) - age   1:      97640 bytes,      97640 total
[2020-09-11T12:46:26.517+0000][1][gc,heap      ] GC(50) ParNew: 68164K->97K(76672K)
[2020-09-11T12:46:26.517+0000][1][gc,heap      ] GC(50) CMS: 48853K->48853K(2011968K)
[2020-09-11T12:46:26.517+0000][1][gc,metaspace ] GC(50) Metaspace: 32447K->32447K(1079296K)
[2020-09-11T12:46:26.517+0000][1][gc           ] GC(50) Pause Young (Allocation Failure) 114M->47M(2039M) 97.285ms
[2020-09-11T12:46:26.517+0000][1][gc,cpu       ] GC(50) User=0.02s Sys=0.00s Real=0.10s
[2020-09-11T12:46:26.518+0000][1][safepoint    ] Safepoint "GenCollectForAllocation", Time since last: 975786908 ns, Reaching safepoint: 107380 ns, At safepoint: 98924539 ns, Total: 99031919 ns
[2020-09-11T12:46:27.002+0000][1][gc,start     ] GC(51) Pause Young (Allocation Failure)
[2020-09-11T12:46:27.002+0000][1][gc,task      ] GC(51) Using 1 workers of 1 for evacuation
[2020-09-11T12:46:27.056+0000][1][gc,age       ] GC(51) Desired survivor size 4358144 bytes, new threshold 6 (max threshold 6)
[2020-09-11T12:46:27.056+0000][1][gc,age       ] GC(51) Age table with threshold 6 (max threshold 6)
[2020-09-11T12:46:27.056+0000][1][gc,age       ] GC(51) - age   1:     544448 bytes,     544448 total
[2020-09-11T12:46:27.056+0000][1][gc,age       ] GC(51) - age   2:      49952 bytes,     594400 total
[2020-09-11T12:46:27.056+0000][1][gc,heap      ] GC(51) ParNew: 68257K->600K(76672K)
[2020-09-11T12:46:27.056+0000][1][gc,heap      ] GC(51) CMS: 48853K->48853K(2011968K)
[2020-09-11T12:46:27.056+0000][1][gc,metaspace ] GC(51) Metaspace: 32447K->32447K(1079296K)
[2020-09-11T12:46:27.056+0000][1][gc           ] GC(51) Pause Young (Allocation Failure) 114M->48M(2039M) 54.681ms
[2020-09-11T12:46:27.056+0000][1][gc,cpu       ] GC(51) User=0.02s Sys=0.00s Real=0.06s
[2020-09-11T12:46:27.056+0000][1][safepoint    ] Safepoint "GenCollectForAllocation", Time since last: 483158211 ns, Reaching safepoint: 104639 ns, At safepoint: 54741423 ns, Total: 54846062 ns
[2020-09-11T12:46:27.551+0000][1][gc,start     ] GC(52) Pause Young (Allocation Failure)
[2020-09-11T12:46:27.552+0000][1][gc,task      ] GC(52) Using 1 workers of 1 for evacuation
[2020-09-11T12:46:27.602+0000][1][gc,age       ] GC(52) Desired survivor size 4358144 bytes, new threshold 6 (max threshold 6)
[2020-09-11T12:46:27.602+0000][1][gc,age       ] GC(52) Age table with threshold 6 (max threshold 6)
[2020-09-11T12:46:27.602+0000][1][gc,age       ] GC(52) - age   1:     676816 bytes,     676816 total
[2020-09-11T12:46:27.602+0000][1][gc,age       ] GC(52) - age   2:     374008 bytes,    1050824 total
[2020-09-11T12:46:27.602+0000][1][gc,age       ] GC(52) - age   3:      49200 bytes,    1100024 total
[2020-09-11T12:46:27.602+0000][1][gc,heap      ] GC(52) ParNew: 68760K->1101K(76672K)
[2020-09-11T12:46:27.602+0000][1][gc,heap      ] GC(52) CMS: 48853K->48853K(2011968K)
[2020-09-11T12:46:27.602+0000][1][gc,metaspace ] GC(52) Metaspace: 32447K->32447K(1079296K)
[2020-09-11T12:46:27.602+0000][1][gc           ] GC(52) Pause Young (Allocation Failure) 114M->48M(2039M) 50.186ms
[2020-09-11T12:46:27.602+0000][1][gc,cpu       ] GC(52) User=0.02s Sys=0.00s Real=0.05s
[2020-09-11T12:46:27.602+0000][1][safepoint    ] Safepoint "GenCollectForAllocation", Time since last: 487591316 ns, Reaching safepoint: 7414241 ns, At safepoint: 50255936 ns, Total: 57670177 ns
[2020-09-11T12:46:28.043+0000][1][gc,start     ] GC(53) Pause Young (Allocation Failure)
[2020-09-11T12:46:28.043+0000][1][gc,task      ] GC(53) Using 1 workers of 1 for evacuation
[2020-09-11T12:46:28.087+0000][1][gc,age       ] GC(53) Desired survivor size 4358144 bytes, new threshold 6 (max threshold 6)
[2020-09-11T12:46:28.087+0000][1][gc,age       ] GC(53) Age table with threshold 6 (max threshold 6)
[2020-09-11T12:46:28.087+0000][1][gc,age       ] GC(53) - age   1:     315016 bytes,     315016 total
[2020-09-11T12:46:28.087+0000][1][gc,age       ] GC(53) - age   2:     661000 bytes,     976016 total
[2020-09-11T12:46:28.087+0000][1][gc,age       ] GC(53) - age   3:     373336 bytes,    1349352 total
[2020-09-11T12:46:28.087+0000][1][gc,age       ] GC(53) - age   4:      48720 bytes,    1398072 total
[2020-09-11T12:46:28.087+0000][1][gc,heap      ] GC(53) ParNew: 69261K->1374K(76672K)
[2020-09-11T12:46:28.087+0000][1][gc,heap      ] GC(53) CMS: 48853K->48853K(2011968K)
[2020-09-11T12:46:28.087+0000][1][gc,metaspace ] GC(53) Metaspace: 32447K->32447K(1079296K)
[2020-09-11T12:46:28.099+0000][1][gc           ] GC(53) Pause Young (Allocation Failure) 115M->49M(2039M) 56.006ms
[2020-09-11T12:46:28.099+0000][1][gc,cpu       ] GC(53) User=0.01s Sys=0.00s Real=0.05s
[2020-09-11T12:46:28.100+0000][1][safepoint    ] Safepoint "GenCollectForAllocation", Time since last: 439438957 ns, Reaching safepoint: 2275188 ns, At safepoint: 56109196 ns, Total: 58384384 ns
[2020-09-11T12:46:28.595+0000][1][gc,start     ] GC(54) Pause Young (Allocation Failure)
[2020-09-11T12:46:28.596+0000][1][gc,task      ] GC(54) Using 1 workers of 1 for evacuation
[2020-09-11T12:46:28.644+0000][1][gc,age       ] GC(54) Desired survivor size 4358144 bytes, new threshold 6 (max threshold 6)
[2020-09-11T12:46:28.644+0000][1][gc,age       ] GC(54) Age table with threshold 6 (max threshold 6)
[2020-09-11T12:46:28.644+0000][1][gc,age       ] GC(54) - age   1:     931248 bytes,     931248 total
[2020-09-11T12:46:28.644+0000][1][gc,age       ] GC(54) - age   2:     303168 bytes,    1234416 total
[2020-09-11T12:46:28.644+0000][1][gc,age       ] GC(54) - age   3:     332496 bytes,    1566912 total
[2020-09-11T12:46:28.644+0000][1][gc,age       ] GC(54) - age   4:     373200 bytes,    1940112 total
[2020-09-11T12:46:28.644+0000][1][gc,age       ] GC(54) - age   5:      48720 bytes,    1988832 total
[2020-09-11T12:46:28.644+0000][1][gc,heap      ] GC(54) ParNew: 69534K->1943K(76672K)
[2020-09-11T12:46:28.644+0000][1][gc,heap      ] GC(54) CMS: 48853K->48853K(2011968K)
[2020-09-11T12:46:28.644+0000][1][gc,metaspace ] GC(54) Metaspace: 32447K->32447K(1079296K)
[2020-09-11T12:46:28.644+0000][1][gc           ] GC(54) Pause Young (Allocation Failure) 115M->49M(2039M) 48.981ms
[2020-09-11T12:46:28.644+0000][1][gc,cpu       ] GC(54) User=0.01s Sys=0.00s Real=0.05s
[2020-09-11T12:46:28.645+0000][1][safepoint    ] Safepoint "GenCollectForAllocation", Time since last: 491881605 ns, Reaching safepoint: 4050042 ns, At safepoint: 49047404 ns, Total: 53097446 ns
[2020-09-11T12:46:29.035+0000][1][gc,start     ] GC(55) Pause Young (Allocation Failure)
[2020-09-11T12:46:29.035+0000][1][gc,task      ] GC(55) Using 1 workers of 1 for evacuation
[2020-09-11T12:46:29.079+0000][1][gc,age       ] GC(55) Desired survivor size 4358144 bytes, new threshold 6 (max threshold 6)
[2020-09-11T12:46:29.079+0000][1][gc,age       ] GC(55) Age table with threshold 6 (max threshold 6)
[2020-09-11T12:46:29.079+0000][1][gc,age       ] GC(55) - age   1:     346544 bytes,     346544 total
[2020-09-11T12:46:29.079+0000][1][gc,age       ] GC(55) - age   2:     918848 bytes,    1265392 total
[2020-09-11T12:46:29.079+0000][1][gc,age       ] GC(55) - age   3:     298416 bytes,    1563808 total
[2020-09-11T12:46:29.079+0000][1][gc,age       ] GC(55) - age   4:     331856 bytes,    1895664 total
[2020-09-11T12:46:29.079+0000][1][gc,age       ] GC(55) - age   5:     373048 bytes,    2268712 total
[2020-09-11T12:46:29.079+0000][1][gc,age       ] GC(55) - age   6:      48696 bytes,    2317408 total
[2020-09-11T12:46:29.079+0000][1][gc,heap      ] GC(55) ParNew: 70103K->2278K(76672K)
[2020-09-11T12:46:29.079+0000][1][gc,heap      ] GC(55) CMS: 48853K->48853K(2011968K)
[2020-09-11T12:46:29.079+0000][1][gc,metaspace ] GC(55) Metaspace: 32447K->32447K(1079296K)
[2020-09-11T12:46:29.079+0000][1][gc           ] GC(55) Pause Young (Allocation Failure) 116M->49M(2039M) 43.822ms
[2020-09-11T12:46:29.079+0000][1][gc,cpu       ] GC(55) User=0.01s Sys=0.00s Real=0.04s
[2020-09-11T12:46:29.083+0000][1][safepoint    ] Safepoint "GenCollectForAllocation", Time since last: 387231871 ns, Reaching safepoint: 3667810 ns, At safepoint: 48006333 ns, Total: 51674143 ns
[2020-09-11T12:46:29.287+0000][1][safepoint    ] Safepoint "RevokeBias", Time since last: 200017763 ns, Reaching safepoint: 3997922 ns, At safepoint: 10674 ns, Total: 4008596 ns
[2020-09-11T12:46:30.248+0000][1][safepoint    ] Safepoint "Deoptimize", Time since last: 956426993 ns, Reaching safepoint: 3587510 ns, At safepoint: 363673 ns, Total: 3951183 ns
[2020-09-11T12:46:30.635+0000][1][safepoint    ] Safepoint "ICBufferFull", Time since last: 386568456 ns, Reaching safepoint: 157388 ns, At safepoint: 7089 ns, Total: 164477 ns
[2020-09-11T12:46:30.848+0000][1][safepoint    ] Safepoint "CollectForMetadataAllocation", Time since last: 209552398 ns, Reaching safepoint: 3337692 ns, At safepoint: 133023 ns, Total: 3470715 ns
[2020-09-11T12:46:30.916+0000][1][safepoint    ] Safepoint "CollectForMetadataAllocation", Time since last: 65849834 ns, Reaching safepoint: 2000440 ns, At safepoint: 125611 ns, Total: 2126051 ns
[2020-09-11T12:46:31.004+0000][1][safepoint    ] Safepoint "CollectForMetadataAllocation", Time since last: 84340656 ns, Reaching safepoint: 3530818 ns, At safepoint: 103161 ns, Total: 3633979 ns
[2020-09-11T12:46:31.060+0000][1][safepoint    ] Safepoint "CollectForMetadataAllocation", Time since last: 55905098 ns, Reaching safepoint: 105645 ns, At safepoint: 134841 ns, Total: 240486 ns
[2020-09-11T12:46:31.107+0000][1][gc,start     ] GC(56) Pause Initial Mark
[2020-09-11T12:46:31.191+0000][1][gc           ] GC(56) Pause Initial Mark 116M->116M(2039M) 83.435ms
[2020-09-11T12:46:31.191+0000][1][gc,cpu       ] GC(56) User=0.02s Sys=0.00s Real=0.08s
[2020-09-11T12:46:31.239+0000][1][safepoint    ] Safepoint "CMS_Initial_Mark", Time since last: 43773812 ns, Reaching safepoint: 3979711 ns, At safepoint: 131974860 ns, Total: 135954571 ns
[2020-09-11T12:46:31.239+0000][1][gc           ] GC(56) Concurrent Mark
[2020-09-11T12:46:31.308+0000][1][safepoint    ] Safepoint "CollectForMetadataAllocation", Time since last: 48888575 ns, Reaching safepoint: 19168611 ns, At safepoint: 177233 ns, Total: 19345844 ns
[2020-09-11T12:46:31.309+0000][1][gc,start     ] GC(57) Pause Young (Allocation Failure)
[2020-09-11T12:46:31.309+0000][1][gc,task      ] GC(57) Using 1 workers of 1 for evacuation
[2020-09-11T12:46:31.444+0000][1][gc,age       ] GC(57) Desired survivor size 4358144 bytes, new threshold 6 (max threshold 6)
[2020-09-11T12:46:31.444+0000][1][gc,age       ] GC(57) Age table with threshold 6 (max threshold 6)
[2020-09-11T12:46:31.444+0000][1][gc,age       ] GC(57) - age   1:    1216040 bytes,    1216040 total
[2020-09-11T12:46:31.444+0000][1][gc,age       ] GC(57) - age   2:     334408 bytes,    1550448 total
[2020-09-11T12:46:31.444+0000][1][gc,age       ] GC(57) - age   3:     918504 bytes,    2468952 total
[2020-09-11T12:46:31.444+0000][1][gc,age       ] GC(57) - age   4:     297792 bytes,    2766744 total
[2020-09-11T12:46:31.444+0000][1][gc,age       ] GC(57) - age   5:     331448 bytes,    3098192 total
[2020-09-11T12:46:31.444+0000][1][gc,age       ] GC(57) - age   6:     373048 bytes,    3471240 total
[2020-09-11T12:46:31.444+0000][1][gc,heap      ] GC(57) ParNew: 70438K->3603K(76672K)
[2020-09-11T12:46:31.444+0000][1][gc,heap      ] GC(57) CMS: 48853K->48898K(2011968K)
[2020-09-11T12:46:31.444+0000][1][gc,metaspace ] GC(57) Metaspace: 35775K->35775K(1083392K)
[2020-09-11T12:46:31.444+0000][1][gc           ] GC(57) Pause Young (Allocation Failure) 116M->51M(2039M) 135.161ms
[2020-09-11T12:46:31.444+0000][1][gc,cpu       ] GC(57) User=0.03s Sys=0.00s Real=0.14s
[2020-09-11T12:46:31.467+0000][1][safepoint    ] Safepoint "GenCollectForAllocation", Time since last: 899907 ns, Reaching safepoint: 83459 ns, At safepoint: 158776025 ns, Total: 158859484 ns
[2020-09-11T12:46:31.640+0000][1][safepoint    ] Safepoint "CollectForMetadataAllocation", Time since last: 172026823 ns, Reaching safepoint: 48336 ns, At safepoint: 128186 ns, Total: 176522 ns
[2020-09-11T12:46:31.966+0000][1][gc           ] GC(56) Concurrent Mark 726.642ms
[2020-09-11T12:46:31.966+0000][1][gc,cpu       ] GC(56) User=0.18s Sys=0.00s Real=0.73s
[2020-09-11T12:46:31.966+0000][1][gc           ] GC(56) Concurrent Preclean
[2020-09-11T12:46:32.025+0000][1][gc           ] GC(56) Concurrent Preclean 58.999ms
[2020-09-11T12:46:32.025+0000][1][gc,cpu       ] GC(56) User=0.02s Sys=0.00s Real=0.06s
[2020-09-11T12:46:32.025+0000][1][gc           ] GC(56) Concurrent Abortable Preclean
[2020-09-11T12:46:32.642+0000][1][safepoint    ] Safepoint "Cleanup", Time since last: 1000112726 ns, Reaching safepoint: 2545205 ns, At safepoint: 13519 ns, Total: 2558724 ns
[2020-09-11T12:46:32.875+0000][1][gc,start     ] GC(58) Pause Young (Allocation Failure)
[2020-09-11T12:46:32.876+0000][1][gc,task      ] GC(58) Using 1 workers of 1 for evacuation
[2020-09-11T12:46:32.949+0000][1][gc,age       ] GC(58) Desired survivor size 4358144 bytes, new threshold 6 (max threshold 6)
[2020-09-11T12:46:32.949+0000][1][gc,age       ] GC(58) Age table with threshold 6 (max threshold 6)
[2020-09-11T12:46:32.949+0000][1][gc,age       ] GC(58) - age   1:     328104 bytes,     328104 total
[2020-09-11T12:46:32.949+0000][1][gc,age       ] GC(58) - age   2:    1188432 bytes,    1516536 total
[2020-09-11T12:46:32.949+0000][1][gc,age       ] GC(58) - age   3:     334408 bytes,    1850944 total
[2020-09-11T12:46:32.949+0000][1][gc,age       ] GC(58) - age   4:     918504 bytes,    2769448 total
[2020-09-11T12:46:32.949+0000][1][gc,age       ] GC(58) - age   5:     297792 bytes,    3067240 total
[2020-09-11T12:46:32.949+0000][1][gc,age       ] GC(58) - age   6:     331448 bytes,    3398688 total
[2020-09-11T12:46:32.949+0000][1][gc,heap      ] GC(58) ParNew: 71763K->4145K(76672K)
[2020-09-11T12:46:32.949+0000][1][gc,heap      ] GC(58) CMS: 48898K->49262K(2011968K)
[2020-09-11T12:46:32.949+0000][1][gc,metaspace ] GC(58) Metaspace: 36217K->36217K(1083392K)
[2020-09-11T12:46:32.949+0000][1][gc           ] GC(58) Pause Young (Allocation Failure) 117M->52M(2039M) 73.495ms
[2020-09-11T12:46:32.949+0000][1][gc,cpu       ] GC(58) User=0.02s Sys=0.00s Real=0.07s
[2020-09-11T12:46:32.971+0000][1][safepoint    ] Safepoint "GenCollectForAllocation", Time since last: 231210558 ns, Reaching safepoint: 1945271 ns, At safepoint: 95976171 ns, Total: 97921442 ns
[2020-09-11T12:46:33.457+0000][1][safepoint    ] Safepoint "CollectForMetadataAllocation", Time since last: 484843146 ns, Reaching safepoint: 980045 ns, At safepoint: 104151 ns, Total: 1084196 ns
[2020-09-11T12:46:34.459+0000][1][gc           ] GC(56) Concurrent Abortable Preclean 2434.138ms
[2020-09-11T12:46:34.459+0000][1][gc,cpu       ] GC(56) User=0.59s Sys=0.01s Real=2.43s
[2020-09-11T12:46:34.477+0000][1][gc,start     ] GC(56) Pause Remark
[2020-09-11T12:46:34.574+0000][1][gc           ] GC(56) Pause Remark 88M->88M(2039M) 97.089ms
[2020-09-11T12:46:34.574+0000][1][gc,cpu       ] GC(56) User=0.02s Sys=0.00s Real=0.09s
[2020-09-11T12:46:34.635+0000][1][safepoint    ] Safepoint "CMS_Final_Remark", Time since last: 1002154224 ns, Reaching safepoint: 17017039 ns, At safepoint: 158910723 ns, Total: 175927762 ns
[2020-09-11T12:46:34.635+0000][1][gc           ] GC(56) Concurrent Sweep
[2020-09-11T12:46:34.770+0000][1][gc           ] GC(56) Concurrent Sweep 134.981ms
[2020-09-11T12:46:34.771+0000][1][gc,cpu       ] GC(56) User=0.03s Sys=0.00s Real=0.13s
[2020-09-11T12:46:34.771+0000][1][gc           ] GC(56) Concurrent Reset
[2020-09-11T12:46:34.818+0000][1][gc           ] GC(56) Concurrent Reset 47.253ms
[2020-09-11T12:46:34.818+0000][1][gc,cpu       ] GC(56) User=0.01s Sys=0.00s Real=0.05s
[2020-09-11T12:46:34.818+0000][1][gc,heap      ] GC(56) Old: 48853K->48205K(2011968K)
[2020-09-11T12:46:35.662+0000][1][safepoint    ] Safepoint "Cleanup", Time since last: 1024021510 ns, Reaching safepoint: 2702940 ns, At safepoint: 12693 ns, Total: 2715633 ns
[2020-09-11T12:46:36.668+0000][1][safepoint    ] Safepoint "Cleanup", Time since last: 1005260793 ns, Reaching safepoint: 658217 ns, At safepoint: 7962 ns, Total: 666179 ns
[2020-09-11T12:46:37.331+0000][1][gc,start     ] GC(59) Pause Young (Allocation Failure)
[2020-09-11T12:46:37.332+0000][1][gc,task      ] GC(59) Using 1 workers of 1 for evacuation
[2020-09-11T12:46:37.418+0000][1][gc,age       ] GC(59) Desired survivor size 4358144 bytes, new threshold 4 (max threshold 6)
[2020-09-11T12:46:37.418+0000][1][gc,age       ] GC(59) Age table with threshold 4 (max threshold 6)
[2020-09-11T12:46:37.418+0000][1][gc,age       ] GC(59) - age   1:    2558704 bytes,    2558704 total
[2020-09-11T12:46:37.418+0000][1][gc,age       ] GC(59) - age   2:     282728 bytes,    2841432 total
[2020-09-11T12:46:37.418+0000][1][gc,age       ] GC(59) - age   3:    1185944 bytes,    4027376 total
[2020-09-11T12:46:37.418+0000][1][gc,age       ] GC(59) - age   4:     334408 bytes,    4361784 total
[2020-09-11T12:46:37.418+0000][1][gc,age       ] GC(59) - age   5:     918504 bytes,    5280288 total
[2020-09-11T12:46:37.418+0000][1][gc,age       ] GC(59) - age   6:     297792 bytes,    5578080 total
[2020-09-11T12:46:37.419+0000][1][gc,heap      ] GC(59) ParNew: 72305K->5496K(76672K)
[2020-09-11T12:46:37.419+0000][1][gc,heap      ] GC(59) CMS: 48205K->48528K(2011968K)
[2020-09-11T12:46:37.419+0000][1][gc,metaspace ] GC(59) Metaspace: 41302K->41302K(1087488K)
[2020-09-11T12:46:37.419+0000][1][gc           ] GC(59) Pause Young (Allocation Failure) 117M->52M(2039M) 87.107ms
[2020-09-11T12:46:37.419+0000][1][gc,cpu       ] GC(59) User=0.02s Sys=0.00s Real=0.09s
[2020-09-11T12:46:37.431+0000][1][safepoint    ] Safepoint "GenCollectForAllocation", Time since last: 661535039 ns, Reaching safepoint: 1823910 ns, At safepoint: 99978827 ns, Total: 101802737 ns
[2020-09-11T12:46:38.459+0000][1][safepoint    ] Safepoint "Cleanup", Time since last: 1018721447 ns, Reaching safepoint: 9332503 ns, At safepoint: 17703 ns, Total: 9350206 ns
[2020-09-11T12:46:39.478+0000][1][safepoint    ] Safepoint "Cleanup", Time since last: 1015910830 ns, Reaching safepoint: 2132978 ns, At safepoint: 6678 ns, Total: 2139656 ns
[2020-09-11T12:46:39.725+0000][1][safepoint    ] Safepoint "RevokeBias", Time since last: 247404168 ns, Reaching safepoint: 100342 ns, At safepoint: 9032 ns, Total: 109374 ns
[2020-09-11T12:46:40.739+0000][1][safepoint    ] Safepoint "Cleanup", Time since last: 1010351513 ns, Reaching safepoint: 4039184 ns, At safepoint: 13920 ns, Total: 4053104 ns
[2020-09-11T12:46:41.743+0000][1][safepoint    ] Safepoint "Cleanup", Time since last: 1000110440 ns, Reaching safepoint: 3889877 ns, At safepoint: 16191 ns, Total: 3906068 ns
[2020-09-11T12:46:42.747+0000][1][safepoint    ] Safepoint "Cleanup", Time since last: 1003232046 ns, Reaching safepoint: 740716 ns, At safepoint: 8045 ns, Total: 748761 ns
[2020-09-11T12:46:43.750+0000][1][safepoint    ] Safepoint "Cleanup", Time since last: 1002019195 ns, Reaching safepoint: 218736 ns, At safepoint: 7124 ns, Total: 225860 ns
[2020-09-11T12:46:44.320+0000][1][gc,start     ] GC(60) Pause Young (Allocation Failure)
[2020-09-11T12:46:44.320+0000][1][gc,task      ] GC(60) Using 1 workers of 1 for evacuation
[2020-09-11T12:46:44.550+0000][1][gc,age       ] GC(60) Desired survivor size 4358144 bytes, new threshold 2 (max threshold 6)
[2020-09-11T12:46:44.550+0000][1][gc,age       ] GC(60) Age table with threshold 2 (max threshold 6)
[2020-09-11T12:46:44.550+0000][1][gc,age       ] GC(60) - age   1:    2711344 bytes,    2711344 total
[2020-09-11T12:46:44.550+0000][1][gc,age       ] GC(60) - age   2:    2473864 bytes,    5185208 total
[2020-09-11T12:46:44.550+0000][1][gc,age       ] GC(60) - age   3:     282728 bytes,    5467936 total
[2020-09-11T12:46:44.550+0000][1][gc,age       ] GC(60) - age   4:    1185648 bytes,    6653584 total
[2020-09-11T12:46:44.550+0000][1][gc,heap      ] GC(60) ParNew: 73656K->8512K(76672K)
[2020-09-11T12:46:44.550+0000][1][gc,heap      ] GC(60) CMS: 48528K->50043K(2011968K)
[2020-09-11T12:46:44.550+0000][1][gc,metaspace ] GC(60) Metaspace: 47447K->47447K(1093632K)
[2020-09-11T12:46:44.550+0000][1][gc           ] GC(60) Pause Young (Allocation Failure) 119M->57M(2039M) 230.104ms
[2020-09-11T12:46:44.550+0000][1][gc,cpu       ] GC(60) User=0.06s Sys=0.00s Real=0.23s
[2020-09-11T12:46:44.550+0000][1][safepoint    ] Safepoint "GenCollectForAllocation", Time since last: 569722022 ns, Reaching safepoint: 133086 ns, At safepoint: 230184587 ns, Total: 230317673 ns
[2020-09-11T12:46:44.664+0000][1][safepoint    ] Safepoint "RevokeBias", Time since last: 114219632 ns, Reaching safepoint: 101203 ns, At safepoint: 15837 ns, Total: 117040 ns
[2020-09-11T12:46:44.664+0000][1][safepoint    ] Safepoint "RevokeBias", Time since last: 70034 ns, Reaching safepoint: 9647 ns, At safepoint: 8314 ns, Total: 17961 ns
[2020-09-11T12:46:44.726+0000][1][safepoint    ] Safepoint "RevokeBias", Time since last: 61465533 ns, Reaching safepoint: 101773 ns, At safepoint: 8103 ns, Total: 109876 ns
[2020-09-11T12:46:44.726+0000][1][safepoint    ] Safepoint "RevokeBias", Time since last: 67527 ns, Reaching safepoint: 79314 ns, At safepoint: 4816 ns, Total: 84130 ns
[2020-09-11T12:46:44.726+0000][1][safepoint    ] Safepoint "RevokeBias", Time since last: 288271 ns, Reaching safepoint: 81250 ns, At safepoint: 34955 ns, Total: 116205 ns
[2020-09-11T12:46:44.726+0000][1][safepoint    ] Safepoint "RevokeBias", Time since last: 62305 ns, Reaching safepoint: 79760 ns, At safepoint: 20482 ns, Total: 100242 ns
[2020-09-11T12:46:44.727+0000][1][safepoint    ] Safepoint "RevokeBias", Time since last: 35799 ns, Reaching safepoint: 78099 ns, At safepoint: 18788 ns, Total: 96887 ns
[2020-09-11T12:46:44.727+0000][1][safepoint    ] Safepoint "RevokeBias", Time since last: 29934 ns, Reaching safepoint: 78618 ns, At safepoint: 20917 ns, Total: 99535 ns
[2020-09-11T12:46:44.727+0000][1][safepoint    ] Safepoint "RevokeBias", Time since last: 30166 ns, Reaching safepoint: 78288 ns, At safepoint: 17597 ns, Total: 95885 ns
[2020-09-11T12:46:44.727+0000][1][safepoint    ] Safepoint "RevokeBias", Time since last: 29354 ns, Reaching safepoint: 76939 ns, At safepoint: 15748 ns, Total: 92687 ns
[2020-09-11T12:46:44.727+0000][1][safepoint    ] Safepoint "RevokeBias", Time since last: 29370 ns, Reaching safepoint: 77065 ns, At safepoint: 15643 ns, Total: 92708 ns
[2020-09-11T12:46:44.727+0000][1][safepoint    ] Safepoint "RevokeBias", Time since last: 31921 ns, Reaching safepoint: 76707 ns, At safepoint: 15463 ns, Total: 92170 ns
[2020-09-11T12:46:44.736+0000][1][safepoint    ] Safepoint "RevokeBias", Time since last: 8220263 ns, Reaching safepoint: 105170 ns, At safepoint: 30638 ns, Total: 135808 ns
[2020-09-11T12:46:44.736+0000][1][safepoint    ] Safepoint "RevokeBias", Time since last: 65803 ns, Reaching safepoint: 77921 ns, At safepoint: 16628 ns, Total: 94549 ns
[2020-09-11T12:46:44.736+0000][1][safepoint    ] Safepoint "RevokeBias", Time since last: 31049 ns, Reaching safepoint: 76979 ns, At safepoint: 14995 ns, Total: 91974 ns
[2020-09-11T12:46:44.736+0000][1][safepoint    ] Safepoint "RevokeBias", Time since last: 32387 ns, Reaching safepoint: 76541 ns, At safepoint: 15231 ns, Total: 91772 ns
[2020-09-11T12:46:44.736+0000][1][safepoint    ] Safepoint "RevokeBias", Time since last: 46089 ns, Reaching safepoint: 77623 ns, At safepoint: 15289 ns, Total: 92912 ns
[2020-09-11T12:46:44.736+0000][1][safepoint    ] Safepoint "RevokeBias", Time since last: 70130 ns, Reaching safepoint: 81708 ns, At safepoint: 16394 ns, Total: 98102 ns
[2020-09-11T12:46:44.736+0000][1][safepoint    ] Safepoint "RevokeBias", Time since last: 41155 ns, Reaching safepoint: 79955 ns, At safepoint: 16410 ns, Total: 96365 ns
[2020-09-11T12:46:44.737+0000][1][safepoint    ] Safepoint "RevokeBias", Time since last: 87974 ns, Reaching safepoint: 81054 ns, At safepoint: 15481 ns, Total: 96535 ns
[2020-09-11T12:46:45.002+0000][1][safepoint    ] Safepoint "RevokeBias", Time since last: 265333761 ns, Reaching safepoint: 103115 ns, At safepoint: 28634 ns, Total: 131749 ns
[2020-09-11T12:46:45.032+0000][1][safepoint    ] Safepoint "RevokeBias", Time since last: 29360406 ns, Reaching safepoint: 105081 ns, At safepoint: 41709 ns, Total: 146790 ns
[2020-09-11T12:46:46.152+0000][1][safepoint    ] Safepoint "Cleanup", Time since last: 1119816774 ns, Reaching safepoint: 503818 ns, At safepoint: 9146 ns, Total: 512964 ns
[2020-09-11T12:46:46.227+0000][1][safepoint    ] Safepoint "RevokeBias", Time since last: 63777769 ns, Reaching safepoint: 11760861 ns, At safepoint: 45214 ns, Total: 11806075 ns
[2020-09-11T12:46:46.228+0000][1][safepoint    ] Safepoint "RevokeBias", Time since last: 268624 ns, Reaching safepoint: 84754 ns, At safepoint: 18166 ns, Total: 102920 ns
[2020-09-11T12:46:46.228+0000][1][safepoint    ] Safepoint "RevokeBias", Time since last: 46268 ns, Reaching safepoint: 80607 ns, At safepoint: 16134 ns, Total: 96741 ns
[2020-09-11T12:46:46.525+0000][1][safepoint    ] Safepoint "RevokeBias", Time since last: 296833455 ns, Reaching safepoint: 241485 ns, At safepoint: 33352 ns, Total: 274837 ns
[2020-09-11T12:46:46.525+0000][1][safepoint    ] Safepoint "RevokeBias", Time since last: 101176 ns, Reaching safepoint: 81916 ns, At safepoint: 20289 ns, Total: 102205 ns
[2020-09-11T12:46:46.526+0000][1][safepoint    ] Safepoint "RevokeBias", Time since last: 104812 ns, Reaching safepoint: 81176 ns, At safepoint: 18802 ns, Total: 99978 ns
[2020-09-11T12:46:46.527+0000][1][safepoint    ] Safepoint "RevokeBias", Time since last: 900234 ns, Reaching safepoint: 86093 ns, At safepoint: 21701 ns, Total: 107794 ns
[2020-09-11T12:46:46.527+0000][1][safepoint    ] Safepoint "RevokeBias", Time since last: 353215 ns, Reaching safepoint: 82826 ns, At safepoint: 24018 ns, Total: 106844 ns
[2020-09-11T12:46:46.536+0000][1][safepoint    ] Safepoint "RevokeBias", Time since last: 8477144 ns, Reaching safepoint: 104516 ns, At safepoint: 30894 ns, Total: 135410 ns
[2020-09-11T12:46:46.552+0000][1][safepoint    ] Safepoint "RevokeBias", Time since last: 15847381 ns, Reaching safepoint: 111525 ns, At safepoint: 38529 ns, Total: 150054 ns
[2020-09-11T12:46:46.552+0000][1][safepoint    ] Safepoint "RevokeBias", Time since last: 138774 ns, Reaching safepoint: 13083 ns, At safepoint: 18598 ns, Total: 31681 ns
[2020-09-11T12:46:46.552+0000][1][safepoint    ] Safepoint "RevokeBias", Time since last: 36806 ns, Reaching safepoint: 10454 ns, At safepoint: 16535 ns, Total: 26989 ns
[2020-09-11T12:46:46.552+0000][1][safepoint    ] Safepoint "RevokeBias", Time since last: 157966 ns, Reaching safepoint: 13004 ns, At safepoint: 17661 ns, Total: 30665 ns
[2020-09-11T12:46:46.560+0000][1][safepoint    ] Safepoint "RevokeBias", Time since last: 7431564 ns, Reaching safepoint: 113672 ns, At safepoint: 37563 ns, Total: 151235 ns
[2020-09-11T12:46:46.560+0000][1][safepoint    ] Safepoint "RevokeBias", Time since last: 66845 ns, Reaching safepoint: 81770 ns, At safepoint: 21849 ns, Total: 103619 ns
[2020-09-11T12:46:46.560+0000][1][safepoint    ] Safepoint "RevokeBias", Time since last: 31178 ns, Reaching safepoint: 82549 ns, At safepoint: 27150 ns, Total: 109699 ns
[2020-09-11T12:46:46.560+0000][1][safepoint    ] Safepoint "RevokeBias", Time since last: 30526 ns, Reaching safepoint: 80326 ns, At safepoint: 24813 ns, Total: 105139 ns
[2020-09-11T12:46:46.560+0000][1][safepoint    ] Safepoint "RevokeBias", Time since last: 45717 ns, Reaching safepoint: 81558 ns, At safepoint: 24773 ns, Total: 106331 ns
[2020-09-11T12:46:46.560+0000][1][safepoint    ] Safepoint "RevokeBias", Time since last: 32220 ns, Reaching safepoint: 80813 ns, At safepoint: 23955 ns, Total: 104768 ns
[2020-09-11T12:46:46.561+0000][1][safepoint    ] Safepoint "BulkRevokeBias", Time since last: 28933 ns, Reaching safepoint: 80218 ns, At safepoint: 70837 ns, Total: 151055 ns
[2020-09-11T12:46:46.561+0000][1][safepoint    ] Safepoint "RevokeBias", Time since last: 68939 ns, Reaching safepoint: 84354 ns, At safepoint: 28629 ns, Total: 112983 ns
[2020-09-11T12:46:46.561+0000][1][safepoint    ] Safepoint "RevokeBias", Time since last: 41936 ns, Reaching safepoint: 83931 ns, At safepoint: 23766 ns, Total: 107697 ns
[2020-09-11T12:46:46.579+0000][1][safepoint    ] Safepoint "RevokeBias", Time since last: 14930769 ns, Reaching safepoint: 3629163 ns, At safepoint: 15828 ns, Total: 3644991 ns
[2020-09-11T12:46:46.583+0000][1][safepoint    ] Safepoint "RevokeBias", Time since last: 72968 ns, Reaching safepoint: 3938211 ns, At safepoint: 28126 ns, Total: 3966337 ns
[2020-09-11T12:46:46.584+0000][1][safepoint    ] Safepoint "RevokeBias", Time since last: 71788 ns, Reaching safepoint: 84659 ns, At safepoint: 11147 ns, Total: 95806 ns
[2020-09-11T12:46:46.604+0000][1][safepoint    ] Safepoint "RevokeBias", Time since last: 19909504 ns, Reaching safepoint: 103432 ns, At safepoint: 36220 ns, Total: 139652 ns
[2020-09-11T12:46:46.604+0000][1][safepoint    ] Safepoint "RevokeBias", Time since last: 134350 ns, Reaching safepoint: 83722 ns, At safepoint: 19618 ns, Total: 103340 ns
[2020-09-11T12:46:46.604+0000][1][safepoint    ] Safepoint "RevokeBias", Time since last: 33346 ns, Reaching safepoint: 80318 ns, At safepoint: 17707 ns, Total: 98025 ns
[2020-09-11T12:46:46.604+0000][1][safepoint    ] Safepoint "RevokeBias", Time since last: 30585 ns, Reaching safepoint: 80498 ns, At safepoint: 17508 ns, Total: 98006 ns
[2020-09-11T12:46:46.604+0000][1][safepoint    ] Safepoint "RevokeBias", Time since last: 29852 ns, Reaching safepoint: 81241 ns, At safepoint: 20119 ns, Total: 101360 ns
[2020-09-11T12:46:46.604+0000][1][safepoint    ] Safepoint "RevokeBias", Time since last: 29687 ns, Reaching safepoint: 81136 ns, At safepoint: 19559 ns, Total: 100695 ns
[2020-09-11T12:46:46.607+0000][1][safepoint    ] Safepoint "RevokeBias", Time since last: 2032899 ns, Reaching safepoint: 113874 ns, At safepoint: 27746 ns, Total: 141620 ns
[2020-09-11T12:46:46.607+0000][1][safepoint    ] Safepoint "RevokeBias", Time since last: 42924 ns, Reaching safepoint: 82644 ns, At safepoint: 18735 ns, Total: 101379 ns
[2020-09-11T12:46:46.607+0000][1][safepoint    ] Safepoint "RevokeBias", Time since last: 33298 ns, Reaching safepoint: 81609 ns, At safepoint: 19472 ns, Total: 101081 ns
[2020-09-11T12:46:46.607+0000][1][safepoint    ] Safepoint "RevokeBias", Time since last: 30398 ns, Reaching safepoint: 80035 ns, At safepoint: 17525 ns, Total: 97560 ns
[2020-09-11T12:46:46.607+0000][1][safepoint    ] Safepoint "RevokeBias", Time since last: 29498 ns, Reaching safepoint: 80422 ns, At safepoint: 17179 ns, Total: 97601 ns
[2020-09-11T12:46:46.607+0000][1][safepoint    ] Safepoint "RevokeBias", Time since last: 29342 ns, Reaching safepoint: 79135 ns, At safepoint: 16974 ns, Total: 96109 ns
[2020-09-11T12:46:46.607+0000][1][safepoint    ] Safepoint "RevokeBias", Time since last: 29211 ns, Reaching safepoint: 86207 ns, At safepoint: 17234 ns, Total: 103441 ns
[2020-09-11T12:46:46.608+0000][1][safepoint    ] Safepoint "RevokeBias", Time since last: 30468 ns, Reaching safepoint: 80527 ns, At safepoint: 17211 ns, Total: 97738 ns
[2020-09-11T12:46:46.608+0000][1][safepoint    ] Safepoint "RevokeBias", Time since last: 29333 ns, Reaching safepoint: 81222 ns, At safepoint: 18657 ns, Total: 99879 ns
[2020-09-11T12:46:46.608+0000][1][safepoint    ] Safepoint "RevokeBias", Time since last: 29792 ns, Reaching safepoint: 80231 ns, At safepoint: 17310 ns, Total: 97541 ns
[2020-09-11T12:46:46.608+0000][1][safepoint    ] Safepoint "RevokeBias", Time since last: 45261 ns, Reaching safepoint: 79227 ns, At safepoint: 15982 ns, Total: 95209 ns
[2020-09-11T12:46:46.620+0000][1][safepoint    ] Safepoint "BulkRevokeBias", Time since last: 28828 ns, Reaching safepoint: 11481629 ns, At safepoint: 98532 ns, Total: 11580161 ns
[2020-09-11T12:46:46.620+0000][1][safepoint    ] Safepoint "RevokeBias", Time since last: 234069 ns, Reaching safepoint: 85104 ns, At safepoint: 20785 ns, Total: 105889 ns
[2020-09-11T12:46:46.620+0000][1][safepoint    ] Safepoint "RevokeBias", Time since last: 79094 ns, Reaching safepoint: 81851 ns, At safepoint: 16785 ns, Total: 98636 ns
[2020-09-11T12:46:46.620+0000][1][safepoint    ] Safepoint "RevokeBias", Time since last: 46550 ns, Reaching safepoint: 79164 ns, At safepoint: 15760 ns, Total: 94924 ns
[2020-09-11T12:46:46.620+0000][1][safepoint    ] Safepoint "RevokeBias", Time since last: 62599 ns, Reaching safepoint: 82030 ns, At safepoint: 16346 ns, Total: 98376 ns
[2020-09-11T12:46:46.621+0000][1][safepoint    ] Safepoint "RevokeBias", Time since last: 41200 ns, Reaching safepoint: 84204 ns, At safepoint: 20317 ns, Total: 104521 ns
[2020-09-11T12:46:46.621+0000][1][safepoint    ] Safepoint "RevokeBias", Time since last: 122438 ns, Reaching safepoint: 83211 ns, At safepoint: 19246 ns, Total: 102457 ns
[2020-09-11T12:46:46.621+0000][1][safepoint    ] Safepoint "RevokeBias", Time since last: 250543 ns, Reaching safepoint: 82818 ns, At safepoint: 17964 ns, Total: 100782 ns
[2020-09-11T12:46:46.621+0000][1][safepoint    ] Safepoint "RevokeBias", Time since last: 62221 ns, Reaching safepoint: 80737 ns, At safepoint: 17308 ns, Total: 98045 ns
[2020-09-11T12:46:46.624+0000][1][safepoint    ] Safepoint "RevokeBias", Time since last: 2175904 ns, Reaching safepoint: 100383 ns, At safepoint: 31931 ns, Total: 132314 ns
[2020-09-11T12:46:46.640+0000][1][safepoint    ] Safepoint "RevokeBias", Time since last: 15849575 ns, Reaching safepoint: 110327 ns, At safepoint: 40558 ns, Total: 150885 ns
[2020-09-11T12:46:46.640+0000][1][safepoint    ] Safepoint "RevokeBias", Time since last: 600002 ns, Reaching safepoint: 86064 ns, At safepoint: 23827 ns, Total: 109891 ns
[2020-09-11T12:46:46.640+0000][1][safepoint    ] Safepoint "RevokeBias", Time since last: 34606 ns, Reaching safepoint: 81525 ns, At safepoint: 19794 ns, Total: 101319 ns
[2020-09-11T12:46:46.641+0000][1][safepoint    ] Safepoint "RevokeBias", Time since last: 252383 ns, Reaching safepoint: 82115 ns, At safepoint: 19641 ns, Total: 101756 ns
[2020-09-11T12:46:46.641+0000][1][safepoint    ] Safepoint "RevokeBias", Time since last: 110945 ns, Reaching safepoint: 81462 ns, At safepoint: 24461 ns, Total: 105923 ns
[2020-09-11T12:46:46.641+0000][1][safepoint    ] Safepoint "RevokeBias", Time since last: 365045 ns, Reaching safepoint: 81997 ns, At safepoint: 23360 ns, Total: 105357 ns
[2020-09-11T12:46:46.642+0000][1][safepoint    ] Safepoint "RevokeBias", Time since last: 74393 ns, Reaching safepoint: 84304 ns, At safepoint: 19907 ns, Total: 104211 ns
[2020-09-11T12:46:46.642+0000][1][safepoint    ] Safepoint "RevokeBias", Time since last: 370372 ns, Reaching safepoint: 82599 ns, At safepoint: 20932 ns, Total: 103531 ns
[2020-09-11T12:46:46.643+0000][1][safepoint    ] Safepoint "RevokeBias", Time since last: 71457 ns, Reaching safepoint: 1249252 ns, At safepoint: 28324 ns, Total: 1277576 ns
[2020-09-11T12:46:46.646+0000][1][safepoint    ] Safepoint "RevokeBias", Time since last: 240026 ns, Reaching safepoint: 2554444 ns, At safepoint: 50360 ns, Total: 2604804 ns
[2020-09-11T12:46:46.654+0000][1][safepoint    ] Safepoint "RevokeBias", Time since last: 7223552 ns, Reaching safepoint: 113665 ns, At safepoint: 49067 ns, Total: 162732 ns
[2020-09-11T12:46:46.672+0000][1][safepoint    ] Safepoint "Deoptimize", Time since last: 17719383 ns, Reaching safepoint: 112596 ns, At safepoint: 317754 ns, Total: 430350 ns
[2020-09-11T12:46:46.697+0000][1][safepoint    ] Safepoint "RevokeBias", Time since last: 15866252 ns, Reaching safepoint: 8824742 ns, At safepoint: 43412 ns, Total: 8868154 ns
[2020-09-11T12:46:46.748+0000][1][safepoint    ] Safepoint "RevokeBias", Time since last: 50837775 ns, Reaching safepoint: 121074 ns, At safepoint: 48697 ns, Total: 169771 ns
[2020-09-11T12:46:46.772+0000][1][safepoint    ] Safepoint "RevokeBias", Time since last: 23941421 ns, Reaching safepoint: 55812 ns, At safepoint: 47689 ns, Total: 103501 ns
[2020-09-11T12:46:46.794+0000][1][safepoint    ] Safepoint "RevokeBias", Time since last: 16704240 ns, Reaching safepoint: 5241543 ns, At safepoint: 29485 ns, Total: 5271028 ns
[2020-09-11T12:46:46.804+0000][1][safepoint    ] Safepoint "RevokeBias", Time since last: 9836876 ns, Reaching safepoint: 115089 ns, At safepoint: 37604 ns, Total: 152693 ns
[2020-09-11T12:46:46.844+0000][1][safepoint    ] Safepoint "RevokeBias", Time since last: 26553848 ns, Reaching safepoint: 13333759 ns, At safepoint: 46178 ns, Total: 13379937 ns
[2020-09-11T12:46:46.860+0000][1][safepoint    ] Safepoint "RevokeBias", Time since last: 15885178 ns, Reaching safepoint: 104208 ns, At safepoint: 36729 ns, Total: 140937 ns
[2020-09-11T12:46:46.860+0000][1][safepoint    ] Safepoint "RevokeBias", Time since last: 385618 ns, Reaching safepoint: 92014 ns, At safepoint: 29199 ns, Total: 121213 ns
[2020-09-11T12:46:46.881+0000][1][safepoint    ] Safepoint "RevokeBias", Time since last: 15418489 ns, Reaching safepoint: 5021767 ns, At safepoint: 30574 ns, Total: 5052341 ns
[2020-09-11T12:46:47.364+0000][1][safepoint    ] Safepoint "BulkRevokeBias", Time since last: 482894383 ns, Reaching safepoint: 123468 ns, At safepoint: 77320 ns, Total: 200788 ns
[2020-09-11T12:46:47.976+0000][1][gc,start     ] GC(61) Pause Young (Allocation Failure)
[2020-09-11T12:46:47.976+0000][1][gc,task      ] GC(61) Using 1 workers of 1 for evacuation
[2020-09-11T12:46:48.260+0000][1][gc,age       ] GC(61) Desired survivor size 4358144 bytes, new threshold 2 (max threshold 6)
[2020-09-11T12:46:48.260+0000][1][gc,age       ] GC(61) Age table with threshold 2 (max threshold 6)
[2020-09-11T12:46:48.260+0000][1][gc,age       ] GC(61) - age   1:    2183248 bytes,    2183248 total
[2020-09-11T12:46:48.260+0000][1][gc,age       ] GC(61) - age   2:    2636968 bytes,    4820216 total
[2020-09-11T12:46:48.260+0000][1][gc,heap      ] GC(61) ParNew: 76672K->6066K(76672K)
[2020-09-11T12:46:48.260+0000][1][gc,heap      ] GC(61) CMS: 50043K->53973K(2011968K)
[2020-09-11T12:46:48.260+0000][1][gc,metaspace ] GC(61) Metaspace: 52363K->52363K(1097728K)
[2020-09-11T12:46:48.260+0000][1][gc           ] GC(61) Pause Young (Allocation Failure) 123M->58M(2039M) 283.660ms
[2020-09-11T12:46:48.260+0000][1][gc,cpu       ] GC(61) User=0.09s Sys=0.00s Real=0.28s
[2020-09-11T12:46:48.260+0000][1][safepoint    ] Safepoint "GenCollectForAllocation", Time since last: 612416712 ns, Reaching safepoint: 184832 ns, At safepoint: 283957766 ns, Total: 284142598 ns
[2020-09-11T12:46:49.286+0000][1][safepoint    ] Safepoint "Cleanup", Time since last: 1025389679 ns, Reaching safepoint: 420703 ns, At safepoint: 9627 ns, Total: 430330 ns
[2020-09-11T12:46:50.288+0000][1][safepoint    ] Safepoint "Cleanup", Time since last: 1001400192 ns, Reaching safepoint: 405859 ns, At safepoint: 8900 ns, Total: 414759 ns
[2020-09-11T12:46:51.296+0000][1][safepoint    ] Safepoint "Cleanup", Time since last: 1007061189 ns, Reaching safepoint: 1166827 ns, At safepoint: 9014 ns, Total: 1175841 ns
[2020-09-11T12:46:51.611+0000][1][gc,start     ] GC(62) Pause Young (Allocation Failure)
[2020-09-11T12:46:51.612+0000][1][gc,task      ] GC(62) Using 1 workers of 1 for evacuation
[2020-09-11T12:46:51.710+0000][1][gc,age       ] GC(62) Desired survivor size 4358144 bytes, new threshold 6 (max threshold 6)
[2020-09-11T12:46:51.710+0000][1][gc,age       ] GC(62) Age table with threshold 6 (max threshold 6)
[2020-09-11T12:46:51.710+0000][1][gc,age       ] GC(62) - age   1:    1336432 bytes,    1336432 total
[2020-09-11T12:46:51.710+0000][1][gc,age       ] GC(62) - age   2:    2140976 bytes,    3477408 total
[2020-09-11T12:46:51.710+0000][1][gc,heap      ] GC(62) ParNew: 74226K->5047K(76672K)
[2020-09-11T12:46:51.710+0000][1][gc,heap      ] GC(62) CMS: 53973K->56652K(2011968K)
[2020-09-11T12:46:51.710+0000][1][gc,metaspace ] GC(62) Metaspace: 59664K->59664K(1103872K)
[2020-09-11T12:46:51.710+0000][1][gc           ] GC(62) Pause Young (Allocation Failure) 125M->60M(2039M) 98.231ms
[2020-09-11T12:46:51.710+0000][1][gc,cpu       ] GC(62) User=0.03s Sys=0.00s Real=0.10s
[2020-09-11T12:46:51.710+0000][1][safepoint    ] Safepoint "GenCollectForAllocation", Time since last: 312243101 ns, Reaching safepoint: 3157153 ns, At safepoint: 98305551 ns, Total: 101462704 ns
[2020-09-11T12:46:52.136+0000][1][safepoint    ] Safepoint "CollectForMetadataAllocation", Time since last: 417236290 ns, Reaching safepoint: 9297544 ns, At safepoint: 158412 ns, Total: 9455956 ns
[2020-09-11T12:46:52.263+0000][1][safepoint    ] Safepoint "CollectForMetadataAllocation", Time since last: 126202710 ns, Reaching safepoint: 123525 ns, At safepoint: 164330 ns, Total: 287855 ns
[2020-09-11T12:46:52.400+0000][1][safepoint    ] Safepoint "CollectForMetadataAllocation", Time since last: 136476269 ns, Reaching safepoint: 122599 ns, At safepoint: 134584 ns, Total: 257183 ns
[2020-09-11T12:46:52.612+0000][1][safepoint    ] Safepoint "RevokeBias", Time since last: 211745088 ns, Reaching safepoint: 120375 ns, At safepoint: 38665 ns, Total: 159040 ns
[2020-09-11T12:46:52.612+0000][1][safepoint    ] Safepoint "RevokeBias", Time since last: 122187 ns, Reaching safepoint: 81573 ns, At safepoint: 20414 ns, Total: 101987 ns
[2020-09-11T12:46:52.612+0000][1][safepoint    ] Safepoint "RevokeBias", Time since last: 109712 ns, Reaching safepoint: 81312 ns, At safepoint: 19398 ns, Total: 100710 ns
[2020-09-11T12:46:52.629+0000][1][safepoint    ] Safepoint "RevokeBias", Time since last: 15416988 ns, Reaching safepoint: 1996561 ns, At safepoint: 38184 ns, Total: 2034745 ns
[2020-09-11T12:46:52.692+0000][1][safepoint    ] Safepoint "CollectForMetadataAllocation", Time since last: 61948078 ns, Reaching safepoint: 111786 ns, At safepoint: 127270 ns, Total: 239056 ns
[2020-09-11T12:46:52.908+0000][1][safepoint    ] Safepoint "CollectForMetadataAllocation", Time since last: 215777984 ns, Reaching safepoint: 124389 ns, At safepoint: 120517 ns, Total: 244906 ns
[2020-09-11T12:46:53.260+0000][1][safepoint    ] Safepoint "CollectForMetadataAllocation", Time since last: 351765290 ns, Reaching safepoint: 115574 ns, At safepoint: 127667 ns, Total: 243241 ns
[2020-09-11T12:46:53.528+0000][1][safepoint    ] Safepoint "CollectForMetadataAllocation", Time since last: 268312386 ns, Reaching safepoint: 109890 ns, At safepoint: 124932 ns, Total: 234822 ns
[2020-09-11T12:46:53.716+0000][1][gc,start     ] GC(63) Pause Initial Mark
[2020-09-11T12:46:53.754+0000][1][gc           ] GC(63) Pause Initial Mark 92M->92M(2039M) 38.066ms
[2020-09-11T12:46:53.754+0000][1][gc,cpu       ] GC(63) User=0.02s Sys=0.00s Real=0.03s
[2020-09-11T12:46:53.791+0000][1][safepoint    ] Safepoint "CMS_Initial_Mark", Time since last: 187220788 ns, Reaching safepoint: 102447 ns, At safepoint: 75866969 ns, Total: 75969416 ns
[2020-09-11T12:46:53.791+0000][1][gc           ] GC(63) Concurrent Mark
[2020-09-11T12:46:54.012+0000][1][safepoint    ] Safepoint "CollectForMetadataAllocation", Time since last: 220018301 ns, Reaching safepoint: 57929 ns, At safepoint: 119222 ns, Total: 177151 ns
[2020-09-11T12:46:54.273+0000][1][gc           ] GC(63) Concurrent Mark 481.737ms
[2020-09-11T12:46:54.273+0000][1][gc,cpu       ] GC(63) User=0.16s Sys=0.00s Real=0.48s
[2020-09-11T12:46:54.284+0000][1][safepoint    ] Safepoint "Deoptimize", Time since last: 235819716 ns, Reaching safepoint: 36105263 ns, At safepoint: 304907 ns, Total: 36410170 ns
[2020-09-11T12:46:54.313+0000][1][gc           ] GC(63) Concurrent Preclean
[2020-09-11T12:46:54.344+0000][1][gc           ] GC(63) Concurrent Preclean 31.417ms
[2020-09-11T12:46:54.344+0000][1][gc,cpu       ] GC(63) User=0.01s Sys=0.00s Real=0.04s
[2020-09-11T12:46:54.344+0000][1][gc           ] GC(63) Concurrent Abortable Preclean
[2020-09-11T12:46:54.375+0000][1][safepoint    ] Safepoint "CollectForMetadataAllocation", Time since last: 87582840 ns, Reaching safepoint: 3515259 ns, At safepoint: 122163 ns, Total: 3637422 ns
[2020-09-11T12:46:54.761+0000][1][safepoint    ] Safepoint "CollectForMetadataAllocation", Time since last: 384985328 ns, Reaching safepoint: 933022 ns, At safepoint: 84052 ns, Total: 1017074 ns
[2020-09-11T12:46:55.132+0000][1][safepoint    ] Safepoint "CollectForMetadataAllocation", Time since last: 362447386 ns, Reaching safepoint: 7908107 ns, At safepoint: 128374 ns, Total: 8036481 ns
[2020-09-11T12:46:55.133+0000][1][safepoint    ] Safepoint "CollectForMetadataAllocation", Time since last: 1518332 ns, Reaching safepoint: 89724 ns, At safepoint: 6247 ns, Total: 95971 ns
[2020-09-11T12:46:55.488+0000][1][safepoint    ] Safepoint "RevokeBias", Time since last: 354574074 ns, Reaching safepoint: 112188 ns, At safepoint: 38360 ns, Total: 150548 ns
[2020-09-11T12:46:55.493+0000][1][safepoint    ] Safepoint "RevokeBias", Time since last: 4702312 ns, Reaching safepoint: 116531 ns, At safepoint: 45095 ns, Total: 161626 ns
[2020-09-11T12:46:55.493+0000][1][safepoint    ] Safepoint "RevokeBias", Time since last: 58539 ns, Reaching safepoint: 84864 ns, At safepoint: 29004 ns, Total: 113868 ns
[2020-09-11T12:46:55.493+0000][1][safepoint    ] Safepoint "RevokeBias", Time since last: 156772 ns, Reaching safepoint: 85934 ns, At safepoint: 25537 ns, Total: 111471 ns
[2020-09-11T12:46:55.690+0000][1][safepoint    ] Safepoint "CollectForMetadataAllocation", Time since last: 185603243 ns, Reaching safepoint: 10824508 ns, At safepoint: 77362 ns, Total: 10901870 ns
[2020-09-11T12:46:56.328+0000][1][safepoint    ] Safepoint "CollectForMetadataAllocation", Time since last: 637733139 ns, Reaching safepoint: 113906 ns, At safepoint: 123662 ns, Total: 237568 ns
[2020-09-11T12:46:56.459+0000][1][safepoint    ] Safepoint "CollectForMetadataAllocation", Time since last: 130589110 ns, Reaching safepoint: 72309 ns, At safepoint: 317554 ns, Total: 389863 ns
[2020-09-11T12:46:56.633+0000][1][safepoint    ] Safepoint "CollectForMetadataAllocation", Time since last: 174106591 ns, Reaching safepoint: 53761 ns, At safepoint: 86617 ns, Total: 140378 ns
[2020-09-11T12:46:56.759+0000][1][safepoint    ] Safepoint "CollectForMetadataAllocation", Time since last: 123701660 ns, Reaching safepoint: 2418026 ns, At safepoint: 127134 ns, Total: 2545160 ns
[2020-09-11T12:46:56.980+0000][1][safepoint    ] Safepoint "CollectForMetadataAllocation", Time since last: 220281722 ns, Reaching safepoint: 106432 ns, At safepoint: 123444 ns, Total: 229876 ns
[2020-09-11T12:46:57.171+0000][1][gc,start     ] GC(64) Pause Young (Allocation Failure)
[2020-09-11T12:46:57.172+0000][1][gc,task      ] GC(64) Using 1 workers of 1 for evacuation
[2020-09-11T12:46:57.235+0000][1][gc           ] GC(63) Concurrent Abortable Preclean 2891.055ms
[2020-09-11T12:46:57.235+0000][1][gc,cpu       ] GC(63) User=0.92s Sys=0.02s Real=2.89s
[2020-09-11T12:46:57.272+0000][1][gc,age       ] GC(64) Desired survivor size 4358144 bytes, new threshold 2 (max threshold 6)
[2020-09-11T12:46:57.272+0000][1][gc,age       ] GC(64) Age table with threshold 2 (max threshold 6)
[2020-09-11T12:46:57.272+0000][1][gc,age       ] GC(64) - age   1:    3463376 bytes,    3463376 total
[2020-09-11T12:46:57.272+0000][1][gc,age       ] GC(64) - age   2:    1244648 bytes,    4708024 total
[2020-09-11T12:46:57.272+0000][1][gc,age       ] GC(64) - age   3:    2125440 bytes,    6833464 total
[2020-09-11T12:46:57.272+0000][1][gc,heap      ] GC(64) ParNew: 73207K->7617K(76672K)
[2020-09-11T12:46:57.272+0000][1][gc,heap      ] GC(64) CMS: 56652K->56652K(2011968K)
[2020-09-11T12:46:57.272+0000][1][gc,metaspace ] GC(64) Metaspace: 65747K->65747K(1110016K)
[2020-09-11T12:46:57.272+0000][1][gc           ] GC(64) Pause Young (Allocation Failure) 126M->62M(2039M) 100.285ms
[2020-09-11T12:46:57.272+0000][1][gc,cpu       ] GC(64) User=0.04s Sys=0.00s Real=0.10s
[2020-09-11T12:46:57.279+0000][1][safepoint    ] Safepoint "GenCollectForAllocation", Time since last: 187831611 ns, Reaching safepoint: 3977327 ns, At safepoint: 107975527 ns, Total: 111952854 ns
[2020-09-11T12:46:57.284+0000][1][gc,start     ] GC(63) Pause Remark
[2020-09-11T12:46:57.334+0000][1][gc           ] GC(63) Pause Remark 64M->64M(2039M) 50.059ms
[2020-09-11T12:46:57.334+0000][1][gc,cpu       ] GC(63) User=0.02s Sys=0.00s Real=0.04s
[2020-09-11T12:46:57.351+0000][1][safepoint    ] Safepoint "CMS_Final_Remark", Time since last: 4705477 ns, Reaching safepoint: 145482 ns, At safepoint: 67134017 ns, Total: 67279499 ns
[2020-09-11T12:46:57.351+0000][1][gc           ] GC(63) Concurrent Sweep
[2020-09-11T12:46:57.450+0000][1][gc           ] GC(63) Concurrent Sweep 98.372ms
[2020-09-11T12:46:57.450+0000][1][gc,cpu       ] GC(63) User=0.04s Sys=0.00s Real=0.10s
[2020-09-11T12:46:57.450+0000][1][gc           ] GC(63) Concurrent Reset
[2020-09-11T12:46:57.473+0000][1][gc           ] GC(63) Concurrent Reset 22.860ms
[2020-09-11T12:46:57.473+0000][1][gc,cpu       ] GC(63) User=0.00s Sys=0.00s Real=0.02s
[2020-09-11T12:46:57.473+0000][1][gc,heap      ] GC(63) Old: 56652K->55700K(2011968K)
[2020-09-11T12:46:57.963+0000][1][safepoint    ] Safepoint "RevokeBias", Time since last: 609115136 ns, Reaching safepoint: 2738199 ns, At safepoint: 25328 ns, Total: 2763527 ns
[2020-09-11T12:46:58.112+0000][1][safepoint    ] Safepoint "Deoptimize", Time since last: 143370716 ns, Reaching safepoint: 5427994 ns, At safepoint: 324951 ns, Total: 5752945 ns
[2020-09-11T12:46:58.140+0000][1][safepoint    ] Safepoint "Deoptimize", Time since last: 24924441 ns, Reaching safepoint: 2090747 ns, At safepoint: 321085 ns, Total: 2411832 ns
[2020-09-11T12:46:58.412+0000][1][safepoint    ] Safepoint "BulkRevokeBias", Time since last: 271660418 ns, Reaching safepoint: 119019 ns, At safepoint: 74796 ns, Total: 193815 ns
[2020-09-11T12:46:58.412+0000][1][safepoint    ] Safepoint "RevokeBias", Time since last: 317603 ns, Reaching safepoint: 99351 ns, At safepoint: 32127 ns, Total: 131478 ns
[2020-09-11T12:46:58.416+0000][1][safepoint    ] Safepoint "RevokeBias", Time since last: 3362234 ns, Reaching safepoint: 101708 ns, At safepoint: 26058 ns, Total: 127766 ns
[2020-09-11T12:46:58.416+0000][1][safepoint    ] Safepoint "RevokeBias", Time since last: 76807 ns, Reaching safepoint: 80571 ns, At safepoint: 18517 ns, Total: 99088 ns
[2020-09-11T12:46:58.416+0000][1][safepoint    ] Safepoint "RevokeBias", Time since last: 163769 ns, Reaching safepoint: 80841 ns, At safepoint: 18160 ns, Total: 99001 ns
[2020-09-11T12:46:58.430+0000][1][safepoint    ] Safepoint "RevokeBias", Time since last: 13986645 ns, Reaching safepoint: 128271 ns, At safepoint: 34831 ns, Total: 163102 ns
[2020-09-11T12:46:58.430+0000][1][safepoint    ] Safepoint "RevokeBias", Time since last: 76420 ns, Reaching safepoint: 23281 ns, At safepoint: 23453 ns, Total: 46734 ns
[2020-09-11T12:46:58.430+0000][1][safepoint    ] Safepoint "RevokeBias", Time since last: 88795 ns, Reaching safepoint: 20890 ns, At safepoint: 21095 ns, Total: 41985 ns
[2020-09-11T12:46:58.431+0000][1][safepoint    ] Safepoint "RevokeBias", Time since last: 311995 ns, Reaching safepoint: 16334 ns, At safepoint: 20563 ns, Total: 36897 ns
[2020-09-11T12:46:58.431+0000][1][safepoint    ] Safepoint "RevokeBias", Time since last: 210360 ns, Reaching safepoint: 18748 ns, At safepoint: 20119 ns, Total: 38867 ns
[2020-09-11T12:46:58.431+0000][1][safepoint    ] Safepoint "RevokeBias", Time since last: 40989 ns, Reaching safepoint: 14341 ns, At safepoint: 18173 ns, Total: 32514 ns
[2020-09-11T12:46:58.432+0000][1][safepoint    ] Safepoint "RevokeBias", Time since last: 567234 ns, Reaching safepoint: 15615 ns, At safepoint: 18424 ns, Total: 34039 ns
[2020-09-11T12:46:58.436+0000][1][safepoint    ] Safepoint "RevokeBias", Time since last: 3761564 ns, Reaching safepoint: 108087 ns, At safepoint: 27462 ns, Total: 135549 ns
[2020-09-11T12:46:58.436+0000][1][safepoint    ] Safepoint "RevokeBias", Time since last: 455136 ns, Reaching safepoint: 89675 ns, At safepoint: 20531 ns, Total: 110206 ns
[2020-09-11T12:46:58.448+0000][1][safepoint    ] Safepoint "Deoptimize", Time since last: 11297276 ns, Reaching safepoint: 175749 ns, At safepoint: 323195 ns, Total: 498944 ns
[2020-09-11T12:46:58.449+0000][1][safepoint    ] Safepoint "RevokeBias", Time since last: 654514 ns, Reaching safepoint: 89603 ns, At safepoint: 20810 ns, Total: 110413 ns
[2020-09-11T12:46:58.467+0000][1][safepoint    ] Safepoint "RevokeBias", Time since last: 17974125 ns, Reaching safepoint: 745344 ns, At safepoint: 48312 ns, Total: 793656 ns
[2020-09-11T12:46:58.469+0000][1][safepoint    ] Safepoint "RevokeBias", Time since last: 929149 ns, Reaching safepoint: 96702 ns, At safepoint: 49720 ns, Total: 146422 ns
[2020-09-11T12:46:58.920+0000][1][safepoint    ] Safepoint "RevokeBias", Time since last: 451267487 ns, Reaching safepoint: 198930 ns, At safepoint: 47685 ns, Total: 246615 ns
[2020-09-11T12:46:58.923+0000][1][safepoint    ] Safepoint "RevokeBias", Time since last: 1703688 ns, Reaching safepoint: 1674347 ns, At safepoint: 35331 ns, Total: 1709678 ns
[2020-09-11T12:46:58.925+0000][1][safepoint    ] Safepoint "RevokeBias", Time since last: 68647 ns, Reaching safepoint: 995311 ns, At safepoint: 22921 ns, Total: 1018232 ns
[2020-09-11T12:46:58.925+0000][1][safepoint    ] Safepoint "RevokeBias", Time since last: 54586 ns, Reaching safepoint: 592552 ns, At safepoint: 21796 ns, Total: 614348 ns
[2020-09-11T12:46:58.925+0000][1][safepoint    ] Safepoint "RevokeBias", Time since last: 55414 ns, Reaching safepoint: 87383 ns, At safepoint: 27978 ns, Total: 115361 ns
[2020-09-11T12:46:58.926+0000][1][safepoint    ] Safepoint "RevokeBias", Time since last: 48581 ns, Reaching safepoint: 84531 ns, At safepoint: 17907 ns, Total: 102438 ns
[2020-09-11T12:46:58.926+0000][1][safepoint    ] Safepoint "RevokeBias", Time since last: 43621 ns, Reaching safepoint: 82965 ns, At safepoint: 18067 ns, Total: 101032 ns
[2020-09-11T12:46:58.926+0000][1][safepoint    ] Safepoint "RevokeBias", Time since last: 42534 ns, Reaching safepoint: 84024 ns, At safepoint: 25044 ns, Total: 109068 ns
[2020-09-11T12:46:59.179+0000][1][safepoint    ] Safepoint "RevokeBias", Time since last: 252507409 ns, Reaching safepoint: 1103324 ns, At safepoint: 32626 ns, Total: 1135950 ns
[2020-09-11T12:46:59.188+0000][1][safepoint    ] Safepoint "RevokeBias", Time since last: 7967610 ns, Reaching safepoint: 114364 ns, At safepoint: 34913 ns, Total: 149277 ns
[2020-09-11T12:46:59.191+0000][1][safepoint    ] Safepoint "RevokeBias", Time since last: 1763520 ns, Reaching safepoint: 2065216 ns, At safepoint: 26580 ns, Total: 2091796 ns
[2020-09-11T12:46:59.198+0000][1][safepoint    ] Safepoint "RevokeBias", Time since last: 1960245 ns, Reaching safepoint: 4155401 ns, At safepoint: 50853 ns, Total: 4206254 ns
[2020-09-11T12:46:59.217+0000][1][safepoint    ] Safepoint "RevokeBias", Time since last: 18098768 ns, Reaching safepoint: 1591826 ns, At safepoint: 32089 ns, Total: 1623915 ns
[2020-09-11T12:46:59.219+0000][1][safepoint    ] Safepoint "RevokeBias", Time since last: 284615 ns, Reaching safepoint: 1806943 ns, At safepoint: 49109 ns, Total: 1856052 ns
[2020-09-11T12:46:59.222+0000][1][safepoint    ] Safepoint "RevokeBias", Time since last: 230315 ns, Reaching safepoint: 2646878 ns, At safepoint: 41190 ns, Total: 2688068 ns
[2020-09-11T12:46:59.223+0000][1][safepoint    ] Safepoint "RevokeBias", Time since last: 82453 ns, Reaching safepoint: 161404 ns, At safepoint: 28437 ns, Total: 189841 ns
[2020-09-11T12:46:59.223+0000][1][safepoint    ] Safepoint "RevokeBias", Time since last: 66110 ns, Reaching safepoint: 87752 ns, At safepoint: 23674 ns, Total: 111426 ns
[2020-09-11T12:46:59.223+0000][1][safepoint    ] Safepoint "RevokeBias", Time since last: 202213 ns, Reaching safepoint: 366420 ns, At safepoint: 24454 ns, Total: 390874 ns
[2020-09-11T12:46:59.224+0000][1][safepoint    ] Safepoint "RevokeBias", Time since last: 43952 ns, Reaching safepoint: 85979 ns, At safepoint: 22692 ns, Total: 108671 ns
[2020-09-11T12:46:59.227+0000][1][safepoint    ] Safepoint "RevokeBias", Time since last: 773262 ns, Reaching safepoint: 3065341 ns, At safepoint: 38866 ns, Total: 3104207 ns
[2020-09-11T12:46:59.228+0000][1][safepoint    ] Safepoint "RevokeBias", Time since last: 64571 ns, Reaching safepoint: 85758 ns, At safepoint: 23699 ns, Total: 109457 ns
[2020-09-11T12:46:59.258+0000][1][safepoint    ] Safepoint "RevokeBias", Time since last: 23422733 ns, Reaching safepoint: 6430722 ns, At safepoint: 65313 ns, Total: 6496035 ns
[2020-09-11T12:46:59.258+0000][1][safepoint    ] Safepoint "RevokeBias", Time since last: 136271 ns, Reaching safepoint: 99900 ns, At safepoint: 38753 ns, Total: 138653 ns
[2020-09-11T12:46:59.258+0000][1][safepoint    ] Safepoint "RevokeBias", Time since last: 42821 ns, Reaching safepoint: 233397 ns, At safepoint: 35479 ns, Total: 268876 ns
[2020-09-11T12:46:59.269+0000][1][safepoint    ] Safepoint "RevokeBias", Time since last: 9279180 ns, Reaching safepoint: 1508721 ns, At safepoint: 71574 ns, Total: 1580295 ns
[2020-09-11T12:46:59.272+0000][1][safepoint    ] Safepoint "RevokeBias", Time since last: 640502 ns, Reaching safepoint: 1803054 ns, At safepoint: 67650 ns, Total: 1870704 ns
[2020-09-11T12:46:59.275+0000][1][safepoint    ] Safepoint "RevokeBias", Time since last: 751456 ns, Reaching safepoint: 2229463 ns, At safepoint: 70023 ns, Total: 2299486 ns
[2020-09-11T12:46:59.280+0000][1][safepoint    ] Safepoint "BulkRevokeBias", Time since last: 834975 ns, Reaching safepoint: 4043297 ns, At safepoint: 168129 ns, Total: 4211426 ns
[2020-09-11T12:46:59.296+0000][1][safepoint    ] Safepoint "RevokeBias", Time since last: 15819779 ns, Reaching safepoint: 160111 ns, At safepoint: 36166 ns, Total: 196277 ns
[2020-09-11T12:46:59.327+0000][1][safepoint    ] Safepoint "RevokeBias", Time since last: 24047399 ns, Reaching safepoint: 7761184 ns, At safepoint: 43378 ns, Total: 7804562 ns
[2020-09-11T12:46:59.354+0000][1][safepoint    ] Safepoint "RevokeBias", Time since last: 22609978 ns, Reaching safepoint: 4231078 ns, At safepoint: 22669 ns, Total: 4253747 ns
[2020-09-11T12:46:59.403+0000][1][safepoint    ] Safepoint "RevokeBias", Time since last: 48417214 ns, Reaching safepoint: 107245 ns, At safepoint: 15481 ns, Total: 122726 ns
[2020-09-11T12:46:59.403+0000][1][safepoint    ] Safepoint "RevokeBias", Time since last: 159565 ns, Reaching safepoint: 83346 ns, At safepoint: 13777 ns, Total: 97123 ns
[2020-09-11T12:46:59.405+0000][1][safepoint    ] Safepoint "RevokeBias", Time since last: 1672544 ns, Reaching safepoint: 506585 ns, At safepoint: 17249 ns, Total: 523834 ns
[2020-09-11T12:46:59.406+0000][1][safepoint    ] Safepoint "RevokeBias", Time since last: 257508 ns, Reaching safepoint: 301890 ns, At safepoint: 13742 ns, Total: 315632 ns
[2020-09-11T12:46:59.407+0000][1][safepoint    ] Safepoint "RevokeBias", Time since last: 70392 ns, Reaching safepoint: 1440147 ns, At safepoint: 17556 ns, Total: 1457703 ns
[2020-09-11T12:46:59.408+0000][1][safepoint    ] Safepoint "RevokeBias", Time since last: 58054 ns, Reaching safepoint: 321334 ns, At safepoint: 13311 ns, Total: 334645 ns
[2020-09-11T12:46:59.408+0000][1][safepoint    ] Safepoint "RevokeBias", Time since last: 276790 ns, Reaching safepoint: 251296 ns, At safepoint: 12688 ns, Total: 263984 ns
[2020-09-11T12:46:59.409+0000][1][safepoint    ] Safepoint "RevokeBias", Time since last: 283597 ns, Reaching safepoint: 323459 ns, At safepoint: 14271 ns, Total: 337730 ns
[2020-09-11T12:46:59.409+0000][1][safepoint    ] Safepoint "RevokeBias", Time since last: 50544 ns, Reaching safepoint: 86319 ns, At safepoint: 11691 ns, Total: 98010 ns
[2020-09-11T12:46:59.528+0000][1][safepoint    ] Safepoint "RevokeBias", Time since last: 118289079 ns, Reaching safepoint: 115404 ns, At safepoint: 21423 ns, Total: 136827 ns
[2020-09-11T12:46:59.529+0000][1][safepoint    ] Safepoint "RevokeBias", Time since last: 920586 ns, Reaching safepoint: 88053 ns, At safepoint: 13128 ns, Total: 101181 ns
[2020-09-11T12:46:59.530+0000][1][safepoint    ] Safepoint "RevokeBias", Time since last: 996783 ns, Reaching safepoint: 86007 ns, At safepoint: 12105 ns, Total: 98112 ns
[2020-09-11T12:46:59.551+0000][1][safepoint    ] Safepoint "RevokeBias", Time since last: 18132214 ns, Reaching safepoint: 3611935 ns, At safepoint: 20199 ns, Total: 3632134 ns
[2020-09-11T12:46:59.572+0000][1][safepoint    ] Safepoint "RevokeBias", Time since last: 19992553 ns, Reaching safepoint: 116011 ns, At safepoint: 17426 ns, Total: 133437 ns
[2020-09-11T12:46:59.584+0000][1][safepoint    ] Safepoint "RevokeBias", Time since last: 11842206 ns, Reaching safepoint: 115019 ns, At safepoint: 20999 ns, Total: 136018 ns
[2020-09-11T12:46:59.584+0000][1][safepoint    ] Safepoint "RevokeBias", Time since last: 83959 ns, Reaching safepoint: 84308 ns, At safepoint: 12527 ns, Total: 96835 ns
[2020-09-11T12:46:59.608+0000][1][safepoint    ] Safepoint "RevokeBias", Time since last: 23924027 ns, Reaching safepoint: 105272 ns, At safepoint: 15326 ns, Total: 120598 ns
[2020-09-11T12:46:59.611+0000][1][safepoint    ] Safepoint "RevokeBias", Time since last: 689608 ns, Reaching safepoint: 2967438 ns, At safepoint: 22892 ns, Total: 2990330 ns
[2020-09-11T12:46:59.613+0000][1][safepoint    ] Safepoint "RevokeBias", Time since last: 1476879 ns, Reaching safepoint: 106488 ns, At safepoint: 18489 ns, Total: 124977 ns
[2020-09-11T12:46:59.613+0000][1][safepoint    ] Safepoint "RevokeBias", Time since last: 56778 ns, Reaching safepoint: 86640 ns, At safepoint: 13056 ns, Total: 99696 ns
[2020-09-11T12:46:59.613+0000][1][safepoint    ] Safepoint "RevokeBias", Time since last: 36000 ns, Reaching safepoint: 87049 ns, At safepoint: 13506 ns, Total: 100555 ns
[2020-09-11T12:46:59.647+0000][1][safepoint    ] Safepoint "RevokeBias", Time since last: 31751594 ns, Reaching safepoint: 2335078 ns, At safepoint: 19924 ns, Total: 2355002 ns
[2020-09-11T12:46:59.648+0000][1][safepoint    ] Safepoint "RevokeBias", Time since last: 118045 ns, Reaching safepoint: 319480 ns, At safepoint: 11344 ns, Total: 330824 ns
[2020-09-11T12:46:59.689+0000][1][safepoint    ] Safepoint "RevokeBias", Time since last: 40886127 ns, Reaching safepoint: 123208 ns, At safepoint: 21589 ns, Total: 144797 ns
[2020-09-11T12:46:59.696+0000][1][safepoint    ] Safepoint "RevokeBias", Time since last: 6485139 ns, Reaching safepoint: 117340 ns, At safepoint: 21216 ns, Total: 138556 ns
[2020-09-11T12:46:59.804+0000][1][safepoint    ] Safepoint "RevokeBias", Time since last: 107860091 ns, Reaching safepoint: 118115 ns, At safepoint: 22878 ns, Total: 140993 ns
[2020-09-11T12:46:59.835+0000][1][safepoint    ] Safepoint "RevokeBias", Time since last: 31740185 ns, Reaching safepoint: 126927 ns, At safepoint: 16173 ns, Total: 143100 ns
[2020-09-11T12:47:00.076+0000][1][safepoint    ] Safepoint "RevokeBias", Time since last: 227962132 ns, Reaching safepoint: 12051333 ns, At safepoint: 42968 ns, Total: 12094301 ns
[2020-09-11T12:47:00.076+0000][1][safepoint    ] Safepoint "RevokeBias", Time since last: 270870 ns, Reaching safepoint: 88351 ns, At safepoint: 11495 ns, Total: 99846 ns
[2020-09-11T12:47:00.088+0000][1][safepoint    ] Safepoint "RevokeBias", Time since last: 11829875 ns, Reaching safepoint: 56854 ns, At safepoint: 16125 ns, Total: 72979 ns
[2020-09-11T12:47:00.108+0000][1][safepoint    ] Safepoint "RevokeBias", Time since last: 19665678 ns, Reaching safepoint: 117737 ns, At safepoint: 16706 ns, Total: 134443 ns
[2020-09-11T12:47:00.128+0000][1][safepoint    ] Safepoint "RevokeBias", Time since last: 19860965 ns, Reaching safepoint: 115619 ns, At safepoint: 16375 ns, Total: 131994 ns
[2020-09-11T12:47:00.140+0000][1][safepoint    ] Safepoint "RevokeBias", Time since last: 12049778 ns, Reaching safepoint: 119751 ns, At safepoint: 22518 ns, Total: 142269 ns
[2020-09-11T12:47:00.140+0000][1][safepoint    ] Safepoint "RevokeBias", Time since last: 81151 ns, Reaching safepoint: 87257 ns, At safepoint: 11708 ns, Total: 98965 ns
[2020-09-11T12:47:00.140+0000][1][safepoint    ] Safepoint "RevokeBias", Time since last: 37929 ns, Reaching safepoint: 87112 ns, At safepoint: 11314 ns, Total: 98426 ns
[2020-09-11T12:47:00.160+0000][1][safepoint    ] Safepoint "RevokeBias", Time since last: 19348502 ns, Reaching safepoint: 117123 ns, At safepoint: 20068 ns, Total: 137191 ns
[2020-09-11T12:47:00.160+0000][1][safepoint    ] Safepoint "RevokeBias", Time since last: 227768 ns, Reaching safepoint: 86986 ns, At safepoint: 12835 ns, Total: 99821 ns
[2020-09-11T12:47:00.160+0000][1][safepoint    ] Safepoint "RevokeBias", Time since last: 39329 ns, Reaching safepoint: 82828 ns, At safepoint: 12800 ns, Total: 95628 ns
[2020-09-11T12:47:00.177+0000][1][safepoint    ] Safepoint "RevokeBias", Time since last: 17294853 ns, Reaching safepoint: 134927 ns, At safepoint: 19610 ns, Total: 154537 ns
[2020-09-11T12:47:00.228+0000][1][safepoint    ] Safepoint "RevokeBias", Time since last: 49937138 ns, Reaching safepoint: 129866 ns, At safepoint: 26497 ns, Total: 156363 ns
[2020-09-11T12:47:00.246+0000][1][safepoint    ] Safepoint "RevokeBias", Time since last: 7460524 ns, Reaching safepoint: 10571938 ns, At safepoint: 30061 ns, Total: 10601999 ns
[2020-09-11T12:47:00.247+0000][1][safepoint    ] Safepoint "RevokeBias", Time since last: 974393 ns, Reaching safepoint: 93956 ns, At safepoint: 11987 ns, Total: 105943 ns
[2020-09-11T12:47:00.267+0000][1][safepoint    ] Safepoint "RevokeBias", Time since last: 16717647 ns, Reaching safepoint: 3998712 ns, At safepoint: 31130 ns, Total: 4029842 ns
[2020-09-11T12:47:00.285+0000][1][safepoint    ] Safepoint "RevokeBias", Time since last: 16308264 ns, Reaching safepoint: 986861 ns, At safepoint: 32216 ns, Total: 1019077 ns
[2020-09-11T12:47:00.286+0000][1][safepoint    ] Safepoint "BulkRevokeBias", Time since last: 612924 ns, Reaching safepoint: 94311 ns, At safepoint: 135680 ns, Total: 229991 ns
[2020-09-11T12:47:00.315+0000][1][safepoint    ] Safepoint "RevokeBias", Time since last: 17775203 ns, Reaching safepoint: 11615148 ns, At safepoint: 51397 ns, Total: 11666545 ns
[2020-09-11T12:47:00.364+0000][1][safepoint    ] Safepoint "RevokeBias", Time since last: 49095521 ns, Reaching safepoint: 121659 ns, At safepoint: 41003 ns, Total: 162662 ns
[2020-09-11T12:47:00.365+0000][1][safepoint    ] Safepoint "RevokeBias", Time since last: 319034 ns, Reaching safepoint: 92676 ns, At safepoint: 32771 ns, Total: 125447 ns
[2020-09-11T12:47:00.376+0000][1][safepoint    ] Safepoint "RevokeBias", Time since last: 10907289 ns, Reaching safepoint: 119496 ns, At safepoint: 26642 ns, Total: 146138 ns
[2020-09-11T12:47:00.446+0000][1][safepoint    ] Safepoint "RevokeBias", Time since last: 70196327 ns, Reaching safepoint: 49185 ns, At safepoint: 8172 ns, Total: 57357 ns
[2020-09-11T12:47:00.623+0000][1][safepoint    ] Safepoint "RevokeBias", Time since last: 175690196 ns, Reaching safepoint: 825201 ns, At safepoint: 15866 ns, Total: 841067 ns
[2020-09-11T12:47:00.667+0000][1][safepoint    ] Safepoint "RevokeBias", Time since last: 43819650 ns, Reaching safepoint: 119295 ns, At safepoint: 10748 ns, Total: 130043 ns
[2020-09-11T12:47:00.667+0000][1][safepoint    ] Safepoint "RevokeBias", Time since last: 102087 ns, Reaching safepoint: 102369 ns, At safepoint: 6653 ns, Total: 109022 ns
[2020-09-11T12:47:00.668+0000][1][safepoint    ] Safepoint "RevokeBias", Time since last: 650857 ns, Reaching safepoint: 103370 ns, At safepoint: 6500 ns, Total: 109870 ns
[2020-09-11T12:47:00.668+0000][1][safepoint    ] Safepoint "RevokeBias", Time since last: 220360 ns, Reaching safepoint: 100901 ns, At safepoint: 6322 ns, Total: 107223 ns
[2020-09-11T12:47:00.734+0000][1][safepoint    ] Safepoint "RevokeBias", Time since last: 65836726 ns, Reaching safepoint: 133660 ns, At safepoint: 10489 ns, Total: 144149 ns
[2020-09-11T12:47:00.802+0000][1][safepoint    ] Safepoint "RevokeBias", Time since last: 68394720 ns, Reaching safepoint: 120854 ns, At safepoint: 9614 ns, Total: 130468 ns
[2020-09-11T12:47:00.803+0000][1][safepoint    ] Safepoint "RevokeBias", Time since last: 94572 ns, Reaching safepoint: 101188 ns, At safepoint: 6182 ns, Total: 107370 ns
[2020-09-11T12:47:00.803+0000][1][safepoint    ] Safepoint "RevokeBias", Time since last: 48644 ns, Reaching safepoint: 94833 ns, At safepoint: 5279 ns, Total: 100112 ns
[2020-09-11T12:47:00.803+0000][1][safepoint    ] Safepoint "RevokeBias", Time since last: 251915 ns, Reaching safepoint: 107392 ns, At safepoint: 6436 ns, Total: 113828 ns
[2020-09-11T12:47:00.909+0000][1][gc,start     ] GC(65) Pause Young (Allocation Failure)
[2020-09-11T12:47:00.909+0000][1][gc,task      ] GC(65) Using 1 workers of 1 for evacuation
[2020-09-11T12:47:01.173+0000][1][gc,age       ] GC(65) Desired survivor size 4358144 bytes, new threshold 2 (max threshold 6)
[2020-09-11T12:47:01.173+0000][1][gc,age       ] GC(65) Age table with threshold 2 (max threshold 6)
[2020-09-11T12:47:01.173+0000][1][gc,age       ] GC(65) - age   1:    2541552 bytes,    2541552 total
[2020-09-11T12:47:01.173+0000][1][gc,age       ] GC(65) - age   2:    3398376 bytes,    5939928 total
[2020-09-11T12:47:01.173+0000][1][gc,heap      ] GC(65) ParNew: 75777K->5957K(76672K)
[2020-09-11T12:47:01.173+0000][1][gc,heap      ] GC(65) CMS: 55700K->59011K(2011968K)
[2020-09-11T12:47:01.173+0000][1][gc,metaspace ] GC(65) Metaspace: 72185K->72185K(1116160K)
[2020-09-11T12:47:01.173+0000][1][gc           ] GC(65) Pause Young (Allocation Failure) 128M->63M(2039M) 264.359ms
[2020-09-11T12:47:01.173+0000][1][gc,cpu       ] GC(65) User=0.08s Sys=0.00s Real=0.26s
[2020-09-11T12:47:01.189+0000][1][safepoint    ] Safepoint "GenCollectForAllocation", Time since last: 105635697 ns, Reaching safepoint: 137708 ns, At safepoint: 280424902 ns, Total: 280562610 ns
[2020-09-11T12:47:01.260+0000][1][safepoint    ] Safepoint "RevokeBias", Time since last: 70131527 ns, Reaching safepoint: 126629 ns, At safepoint: 13969 ns, Total: 140598 ns
[2020-09-11T12:47:01.274+0000][1][safepoint    ] Safepoint "RevokeBias", Time since last: 11982322 ns, Reaching safepoint: 2130083 ns, At safepoint: 31250 ns, Total: 2161333 ns
[2020-09-11T12:47:01.288+0000][1][safepoint    ] Safepoint "RevokeBias", Time since last: 13845272 ns, Reaching safepoint: 271297 ns, At safepoint: 19969 ns, Total: 291266 ns
[2020-09-11T12:47:01.288+0000][1][safepoint    ] Safepoint "RevokeBias", Time since last: 129375 ns, Reaching safepoint: 110511 ns, At safepoint: 7559 ns, Total: 118070 ns
[2020-09-11T12:47:01.288+0000][1][safepoint    ] Safepoint "RevokeBias", Time since last: 273471 ns, Reaching safepoint: 105298 ns, At safepoint: 7074 ns, Total: 112372 ns
[2020-09-11T12:47:01.289+0000][1][safepoint    ] Safepoint "RevokeBias", Time since last: 52952 ns, Reaching safepoint: 100743 ns, At safepoint: 5817 ns, Total: 106560 ns
[2020-09-11T12:47:01.289+0000][1][safepoint    ] Safepoint "RevokeBias", Time since last: 182306 ns, Reaching safepoint: 100678 ns, At safepoint: 6135 ns, Total: 106813 ns
[2020-09-11T12:47:01.321+0000][1][safepoint    ] Safepoint "RevokeBias", Time since last: 31773963 ns, Reaching safepoint: 124136 ns, At safepoint: 12080 ns, Total: 136216 ns
[2020-09-11T12:47:01.322+0000][1][safepoint    ] Safepoint "RevokeBias", Time since last: 929119 ns, Reaching safepoint: 106251 ns, At safepoint: 7829 ns, Total: 114080 ns
[2020-09-11T12:47:01.360+0000][1][safepoint    ] Safepoint "RevokeBias", Time since last: 37544698 ns, Reaching safepoint: 137623 ns, At safepoint: 12134 ns, Total: 149757 ns
[2020-09-11T12:47:01.366+0000][1][safepoint    ] Safepoint "RevokeBias", Time since last: 5889218 ns, Reaching safepoint: 136353 ns, At safepoint: 12271 ns, Total: 148624 ns
[2020-09-11T12:47:01.402+0000][1][safepoint    ] Safepoint "RevokeBias", Time since last: 27475302 ns, Reaching safepoint: 8527395 ns, At safepoint: 28170 ns, Total: 8555565 ns
[2020-09-11T12:47:01.410+0000][1][safepoint    ] Safepoint "RevokeBias", Time since last: 8579210 ns, Reaching safepoint: 132222 ns, At safepoint: 11184 ns, Total: 143406 ns
[2020-09-11T12:47:01.411+0000][1][safepoint    ] Safepoint "RevokeBias", Time since last: 71565 ns, Reaching safepoint: 110197 ns, At safepoint: 7238 ns, Total: 117435 ns
[2020-09-11T12:47:01.725+0000][1][safepoint    ] Safepoint "RevokeBias", Time since last: 314191097 ns, Reaching safepoint: 131822 ns, At safepoint: 8798 ns, Total: 140620 ns
[2020-09-11T12:47:01.725+0000][1][safepoint    ] Safepoint "RevokeBias", Time since last: 79986 ns, Reaching safepoint: 93217 ns, At safepoint: 5879 ns, Total: 99096 ns
[2020-09-11T12:47:01.818+0000][1][safepoint    ] Safepoint "RevokeBias", Time since last: 86884701 ns, Reaching safepoint: 6431073 ns, At safepoint: 16833 ns, Total: 6447906 ns
[2020-09-11T12:47:01.926+0000][1][safepoint    ] Safepoint "Deoptimize", Time since last: 106829113 ns, Reaching safepoint: 119871 ns, At safepoint: 331271 ns, Total: 451142 ns
[2020-09-11T12:47:02.385+0000][1][safepoint    ] Safepoint "RevokeBias", Time since last: 455857857 ns, Reaching safepoint: 2997839 ns, At safepoint: 9142 ns, Total: 3006981 ns
[2020-09-11T12:47:02.385+0000][1][safepoint    ] Safepoint "BulkRevokeBias", Time since last: 117929 ns, Reaching safepoint: 93136 ns, At safepoint: 269896 ns, Total: 363032 ns
[2020-09-11T12:47:02.391+0000][1][safepoint    ] Safepoint "RevokeBias", Time since last: 5927135 ns, Reaching safepoint: 129777 ns, At safepoint: 8802 ns, Total: 138579 ns
[2020-09-11T12:47:02.391+0000][1][safepoint    ] Safepoint "RevokeBias", Time since last: 213201 ns, Reaching safepoint: 105003 ns, At safepoint: 6036 ns, Total: 111039 ns
[2020-09-11T12:47:02.437+0000][1][safepoint    ] Safepoint "BulkRevokeBias", Time since last: 45294062 ns, Reaching safepoint: 200820 ns, At safepoint: 580723 ns, Total: 781543 ns
[2020-09-11T12:47:02.492+0000][1][safepoint    ] Safepoint "RevokeBias", Time since last: 49811097 ns, Reaching safepoint: 4183743 ns, At safepoint: 18432 ns, Total: 4202175 ns
[2020-09-11T12:47:02.492+0000][1][safepoint    ] Safepoint "RevokeBias", Time since last: 332947 ns, Reaching safepoint: 94872 ns, At safepoint: 5789 ns, Total: 100661 ns
[2020-09-11T12:47:02.688+0000][1][safepoint    ] Safepoint "RevokeBias", Time since last: 195495816 ns, Reaching safepoint: 138679 ns, At safepoint: 17542 ns, Total: 156221 ns
[2020-09-11T12:47:02.843+0000][1][safepoint    ] Safepoint "RevokeBias", Time since last: 155003254 ns, Reaching safepoint: 127692 ns, At safepoint: 15953 ns, Total: 143645 ns
[2020-09-11T12:47:03.008+0000][1][safepoint    ] Safepoint "RevokeBias", Time since last: 158602091 ns, Reaching safepoint: 6145556 ns, At safepoint: 23975 ns, Total: 6169531 ns
[2020-09-11T12:47:03.148+0000][1][safepoint    ] Safepoint "RevokeBias", Time since last: 136090248 ns, Reaching safepoint: 3882912 ns, At safepoint: 38580 ns, Total: 3921492 ns
[2020-09-11T12:47:03.361+0000][1][safepoint    ] Safepoint "RevokeBias", Time since last: 212882684 ns, Reaching safepoint: 122434 ns, At safepoint: 24087 ns, Total: 146521 ns
[2020-09-11T12:47:03.678+0000][1][safepoint    ] Safepoint "RevokeBias", Time since last: 317316526 ns, Reaching safepoint: 130786 ns, At safepoint: 22995 ns, Total: 153781 ns
[2020-09-11T12:47:03.914+0000][1][safepoint    ] Safepoint "RevokeBias", Time since last: 235448383 ns, Reaching safepoint: 124817 ns, At safepoint: 24490 ns, Total: 149307 ns
[2020-09-11T12:47:04.076+0000][1][safepoint    ] Safepoint "RevokeBias", Time since last: 161896271 ns, Reaching safepoint: 121661 ns, At safepoint: 25719 ns, Total: 147380 ns
[2020-09-11T12:47:04.300+0000][1][safepoint    ] Safepoint "RevokeBias", Time since last: 223775793 ns, Reaching safepoint: 98754 ns, At safepoint: 17915 ns, Total: 116669 ns
[2020-09-11T12:47:04.510+0000][1][safepoint    ] Safepoint "RevokeBias", Time since last: 200164547 ns, Reaching safepoint: 10014803 ns, At safepoint: 27312 ns, Total: 10042115 ns
[2020-09-11T12:47:04.724+0000][1][safepoint    ] Safepoint "RevokeBias", Time since last: 213664694 ns, Reaching safepoint: 141840 ns, At safepoint: 10293 ns, Total: 152133 ns
[2020-09-11T12:47:04.724+0000][1][safepoint    ] Safepoint "RevokeBias", Time since last: 77332 ns, Reaching safepoint: 86935 ns, At safepoint: 5823 ns, Total: 92758 ns
[2020-09-11T12:47:04.724+0000][1][safepoint    ] Safepoint "RevokeBias", Time since last: 318085 ns, Reaching safepoint: 88937 ns, At safepoint: 6103 ns, Total: 95040 ns
[2020-09-11T12:47:04.724+0000][1][safepoint    ] Safepoint "RevokeBias", Time since last: 33698 ns, Reaching safepoint: 85574 ns, At safepoint: 5645 ns, Total: 91219 ns
[2020-09-11T12:47:04.724+0000][1][safepoint    ] Safepoint "RevokeBias", Time since last: 47406 ns, Reaching safepoint: 86398 ns, At safepoint: 5654 ns, Total: 92052 ns
[2020-09-11T12:47:04.725+0000][1][safepoint    ] Safepoint "RevokeBias", Time since last: 32029 ns, Reaching safepoint: 86636 ns, At safepoint: 5524 ns, Total: 92160 ns
[2020-09-11T12:47:04.725+0000][1][safepoint    ] Safepoint "RevokeBias", Time since last: 30445 ns, Reaching safepoint: 85407 ns, At safepoint: 5675 ns, Total: 91082 ns
[2020-09-11T12:47:04.727+0000][1][safepoint    ] Safepoint "RevokeBias", Time since last: 29339 ns, Reaching safepoint: 2727329 ns, At safepoint: 21367 ns, Total: 2748696 ns
[2020-09-11T12:47:04.752+0000][1][gc,start     ] GC(66) Pause Young (Allocation Failure)
[2020-09-11T12:47:04.752+0000][1][gc,task      ] GC(66) Using 1 workers of 1 for evacuation
[2020-09-11T12:47:04.851+0000][1][gc,age       ] GC(66) Desired survivor size 4358144 bytes, new threshold 6 (max threshold 6)
[2020-09-11T12:47:04.851+0000][1][gc,age       ] GC(66) Age table with threshold 6 (max threshold 6)
[2020-09-11T12:47:04.851+0000][1][gc,age       ] GC(66) - age   1:    1011560 bytes,    1011560 total
[2020-09-11T12:47:04.851+0000][1][gc,age       ] GC(66) - age   2:    2208984 bytes,    3220544 total
[2020-09-11T12:47:04.851+0000][1][gc,heap      ] GC(66) ParNew: 74117K->5839K(76672K)
[2020-09-11T12:47:04.851+0000][1][gc,heap      ] GC(66) CMS: 59011K->62436K(2011968K)
[2020-09-11T12:47:04.851+0000][1][gc,metaspace ] GC(66) Metaspace: 75935K->75935K(1118208K)
[2020-09-11T12:47:04.851+0000][1][gc           ] GC(66) Pause Young (Allocation Failure) 130M->66M(2039M) 98.984ms
[2020-09-11T12:47:04.851+0000][1][gc,cpu       ] GC(66) User=0.04s Sys=0.00s Real=0.10s
[2020-09-11T12:47:04.875+0000][1][safepoint    ] Safepoint "GenCollectForAllocation", Time since last: 24282244 ns, Reaching safepoint: 121636 ns, At safepoint: 123581988 ns, Total: 123703624 ns
[2020-09-11T12:47:05.263+0000][1][safepoint    ] Safepoint "RevokeBias", Time since last: 387628632 ns, Reaching safepoint: 132464 ns, At safepoint: 10944 ns, Total: 143408 ns
[2020-09-11T12:47:05.289+0000][1][safepoint    ] Safepoint "RevokeBias", Time since last: 25440909 ns, Reaching safepoint: 113852 ns, At safepoint: 16037 ns, Total: 129889 ns
[2020-09-11T12:47:05.399+0000][1][safepoint    ] Safepoint "RevokeBias", Time since last: 102653661 ns, Reaching safepoint: 7693811 ns, At safepoint: 27309 ns, Total: 7721120 ns
[2020-09-11T12:47:06.399+0000][1][safepoint    ] Safepoint "Cleanup", Time since last: 1000124152 ns, Reaching safepoint: 87090 ns, At safepoint: 9644 ns, Total: 96734 ns
[2020-09-11T12:47:07.400+0000][1][safepoint    ] Safepoint "Cleanup", Time since last: 1000188735 ns, Reaching safepoint: 104273 ns, At safepoint: 18716 ns, Total: 122989 ns
[2020-09-11T12:47:08.400+0000][1][safepoint    ] Safepoint "Cleanup", Time since last: 1000220440 ns, Reaching safepoint: 101285 ns, At safepoint: 19438 ns, Total: 120723 ns
[2020-09-11T12:47:09.400+0000][1][safepoint    ] Safepoint "Cleanup", Time since last: 1000217009 ns, Reaching safepoint: 81693 ns, At safepoint: 8970 ns, Total: 90663 ns
[2020-09-11T12:47:10.401+0000][1][safepoint    ] Safepoint "Cleanup", Time since last: 1000179851 ns, Reaching safepoint: 80473 ns, At safepoint: 8342 ns, Total: 88815 ns
[2020-09-11T12:47:11.401+0000][1][safepoint    ] Safepoint "Cleanup", Time since last: 1000173210 ns, Reaching safepoint: 112021 ns, At safepoint: 18318 ns, Total: 130339 ns
[2020-09-11T12:47:12.401+0000][1][safepoint    ] Safepoint "Cleanup", Time since last: 1000226925 ns, Reaching safepoint: 84931 ns, At safepoint: 8572 ns, Total: 93503 ns
[2020-09-11T12:47:13.402+0000][1][safepoint    ] Safepoint "Cleanup", Time since last: 1000147780 ns, Reaching safepoint: 112030 ns, At safepoint: 19268 ns, Total: 131298 ns
[2020-09-11T12:47:14.402+0000][1][safepoint    ] Safepoint "Cleanup", Time since last: 1000231117 ns, Reaching safepoint: 86261 ns, At safepoint: 9318 ns, Total: 95579 ns
[2020-09-11T12:47:15.402+0000][1][safepoint    ] Safepoint "Cleanup", Time since last: 1000161745 ns, Reaching safepoint: 101298 ns, At safepoint: 9370 ns, Total: 110668 ns
[2020-09-11T12:47:16.402+0000][1][safepoint    ] Safepoint "Cleanup", Time since last: 1000182722 ns, Reaching safepoint: 103173 ns, At safepoint: 17941 ns, Total: 121114 ns
[2020-09-11T12:47:17.403+0000][1][safepoint    ] Safepoint "Cleanup", Time since last: 1000229012 ns, Reaching safepoint: 85318 ns, At safepoint: 8455 ns, Total: 93773 ns
[2020-09-11T12:47:18.403+0000][1][safepoint    ] Safepoint "Cleanup", Time since last: 1000194214 ns, Reaching safepoint: 119127 ns, At safepoint: 18325 ns, Total: 137452 ns
[2020-09-11T12:47:19.403+0000][1][safepoint    ] Safepoint "Cleanup", Time since last: 1000233855 ns, Reaching safepoint: 167925 ns, At safepoint: 17697 ns, Total: 185622 ns
[2020-09-11T12:47:20.404+0000][1][safepoint    ] Safepoint "Cleanup", Time since last: 1000240316 ns, Reaching safepoint: 106471 ns, At safepoint: 18936 ns, Total: 125407 ns
[2020-09-11T12:47:21.404+0000][1][safepoint    ] Safepoint "Cleanup", Time since last: 1000227713 ns, Reaching safepoint: 111672 ns, At safepoint: 18433 ns, Total: 130105 ns
[2020-09-11T12:47:22.405+0000][1][safepoint    ] Safepoint "Cleanup", Time since last: 1000223132 ns, Reaching safepoint: 87241 ns, At safepoint: 8819 ns, Total: 96060 ns
[2020-09-11T12:47:23.405+0000][1][safepoint    ] Safepoint "Cleanup", Time since last: 1000192521 ns, Reaching safepoint: 111198 ns, At safepoint: 18893 ns, Total: 130091 ns
[2020-09-11T12:47:24.405+0000][1][safepoint    ] Safepoint "Cleanup", Time since last: 1000182021 ns, Reaching safepoint: 107256 ns, At safepoint: 8039 ns, Total: 115295 ns
[2020-09-11T12:47:25.405+0000][1][safepoint    ] Safepoint "Cleanup", Time since last: 1000180384 ns, Reaching safepoint: 96091 ns, At safepoint: 7761 ns, Total: 103852 ns
[2020-09-11T12:47:26.406+0000][1][safepoint    ] Safepoint "Cleanup", Time since last: 1000177055 ns, Reaching safepoint: 86223 ns, At safepoint: 7610 ns, Total: 93833 ns
[2020-09-11T12:47:27.406+0000][1][safepoint    ] Safepoint "Cleanup", Time since last: 1000183923 ns, Reaching safepoint: 108155 ns, At safepoint: 17858 ns, Total: 126013 ns
[2020-09-11T12:47:28.406+0000][1][safepoint    ] Safepoint "Cleanup", Time since last: 1000272053 ns, Reaching safepoint: 65282 ns, At safepoint: 9715 ns, Total: 74997 ns
[2020-09-11T12:47:29.407+0000][1][safepoint    ] Safepoint "Cleanup", Time since last: 1000198291 ns, Reaching safepoint: 152437 ns, At safepoint: 22652 ns, Total: 175089 ns
[2020-09-11T12:47:30.251+0000][1][safepoint    ] Safepoint "RevokeBias", Time since last: 844293218 ns, Reaching safepoint: 431925 ns, At safepoint: 12359 ns, Total: 444284 ns
[2020-09-11T12:47:30.274+0000][1][safepoint    ] Safepoint "RevokeBias", Time since last: 22525474 ns, Reaching safepoint: 169290 ns, At safepoint: 16983 ns, Total: 186273 ns
[2020-09-11T12:47:30.275+0000][1][safepoint    ] Safepoint "RevokeBias", Time since last: 185316 ns, Reaching safepoint: 157750 ns, At safepoint: 13115 ns, Total: 170865 ns
[2020-09-11T12:47:30.275+0000][1][safepoint    ] Safepoint "RevokeBias", Time since last: 42562 ns, Reaching safepoint: 150840 ns, At safepoint: 10106 ns, Total: 160946 ns
[2020-09-11T12:47:30.275+0000][1][safepoint    ] Safepoint "RevokeBias", Time since last: 424230 ns, Reaching safepoint: 151995 ns, At safepoint: 6256 ns, Total: 158251 ns
[2020-09-11T12:47:30.279+0000][1][safepoint    ] Safepoint "RevokeBias", Time since last: 3082426 ns, Reaching safepoint: 163553 ns, At safepoint: 8806 ns, Total: 172359 ns
[2020-09-11T12:47:30.280+0000][1][safepoint    ] Safepoint "RevokeBias", Time since last: 839332 ns, Reaching safepoint: 157504 ns, At safepoint: 8477 ns, Total: 165981 ns
[2020-09-11T12:47:30.310+0000][1][safepoint    ] Safepoint "Deoptimize", Time since last: 29403290 ns, Reaching safepoint: 172362 ns, At safepoint: 566570 ns, Total: 738932 ns
[2020-09-11T12:47:30.320+0000][1][safepoint    ] Safepoint "RevokeBias", Time since last: 9997147 ns, Reaching safepoint: 183628 ns, At safepoint: 29964 ns, Total: 213592 ns
[2020-09-11T12:47:30.324+0000][1][safepoint    ] Safepoint "RevokeBias", Time since last: 4311103 ns, Reaching safepoint: 166025 ns, At safepoint: 10405 ns, Total: 176430 ns
[2020-09-11T12:47:30.347+0000][1][safepoint    ] Safepoint "RevokeBias", Time since last: 22152007 ns, Reaching safepoint: 181158 ns, At safepoint: 10525 ns, Total: 191683 ns
[2020-09-11T12:47:30.347+0000][1][safepoint    ] Safepoint "RevokeBias", Time since last: 305251 ns, Reaching safepoint: 161463 ns, At safepoint: 14553 ns, Total: 176016 ns
[2020-09-11T12:47:30.350+0000][1][safepoint    ] Safepoint "RevokeBias", Time since last: 2740551 ns, Reaching safepoint: 166932 ns, At safepoint: 8922 ns, Total: 175854 ns
[2020-09-11T12:47:30.353+0000][1][safepoint    ] Safepoint "RevokeBias", Time since last: 2310121 ns, Reaching safepoint: 169290 ns, At safepoint: 8638 ns, Total: 177928 ns
[2020-09-11T12:47:30.454+0000][1][safepoint    ] Safepoint "Deoptimize", Time since last: 100658288 ns, Reaching safepoint: 185429 ns, At safepoint: 466749 ns, Total: 652178 ns
[2020-09-11T12:47:31.454+0000][1][safepoint    ] Safepoint "Cleanup", Time since last: 1000177301 ns, Reaching safepoint: 125527 ns, At safepoint: 19398 ns, Total: 144925 ns
[2020-09-11T12:47:32.455+0000][1][safepoint    ] Safepoint "Cleanup", Time since last: 1000214418 ns, Reaching safepoint: 122979 ns, At safepoint: 17150 ns, Total: 140129 ns
[2020-09-11T12:47:33.455+0000][1][safepoint    ] Safepoint "Cleanup", Time since last: 1000223402 ns, Reaching safepoint: 93174 ns, At safepoint: 7317 ns, Total: 100491 ns
[2020-09-11T12:47:34.455+0000][1][safepoint    ] Safepoint "Cleanup", Time since last: 1000171939 ns, Reaching safepoint: 67455 ns, At safepoint: 7076 ns, Total: 74531 ns
[2020-09-11T12:47:35.455+0000][1][safepoint    ] Safepoint "Cleanup", Time since last: 1000138021 ns, Reaching safepoint: 116663 ns, At safepoint: 6822 ns, Total: 123485 ns
[2020-09-11T12:47:36.456+0000][1][safepoint    ] Safepoint "Cleanup", Time since last: 1000134281 ns, Reaching safepoint: 110856 ns, At safepoint: 8326 ns, Total: 119182 ns
[2020-09-11T12:47:37.456+0000][1][safepoint    ] Safepoint "Cleanup", Time since last: 1000146690 ns, Reaching safepoint: 121922 ns, At safepoint: 8562 ns, Total: 130484 ns
[2020-09-11T12:47:38.456+0000][1][safepoint    ] Safepoint "Cleanup", Time since last: 1000200181 ns, Reaching safepoint: 117957 ns, At safepoint: 18787 ns, Total: 136744 ns
[2020-09-11T12:47:39.457+0000][1][safepoint    ] Safepoint "Cleanup", Time since last: 1000198363 ns, Reaching safepoint: 54929 ns, At safepoint: 8697 ns, Total: 63626 ns
[2020-09-11T12:47:40.457+0000][1][safepoint    ] Safepoint "Cleanup", Time since last: 1000202851 ns, Reaching safepoint: 82153 ns, At safepoint: 8727 ns, Total: 90880 ns
[2020-09-11T12:47:41.457+0000][1][safepoint    ] Safepoint "Cleanup", Time since last: 1000162822 ns, Reaching safepoint: 111947 ns, At safepoint: 19241 ns, Total: 131188 ns
[2020-09-11T12:47:42.369+0000][1][safepoint    ] Safepoint "RevokeBias", Time since last: 911938845 ns, Reaching safepoint: 175466 ns, At safepoint: 10795 ns, Total: 186261 ns
[2020-09-11T12:47:42.370+0000][1][safepoint    ] Safepoint "RevokeBias", Time since last: 68175 ns, Reaching safepoint: 158143 ns, At safepoint: 7379 ns, Total: 165522 ns
[2020-09-11T12:47:42.371+0000][1][safepoint    ] Safepoint "RevokeBias", Time since last: 1802880 ns, Reaching safepoint: 108559 ns, At safepoint: 8403 ns, Total: 116962 ns
[2020-09-11T12:47:42.400+0000][1][safepoint    ] Safepoint "RevokeBias", Time since last: 27950816 ns, Reaching safepoint: 328759 ns, At safepoint: 66821 ns, Total: 395580 ns
[2020-09-11T12:47:43.400+0000][1][safepoint    ] Safepoint "Cleanup", Time since last: 1000169242 ns, Reaching safepoint: 94573 ns, At safepoint: 8795 ns, Total: 103368 ns
[2020-09-11T12:47:44.400+0000][1][safepoint    ] Safepoint "Cleanup", Time since last: 1000162353 ns, Reaching safepoint: 106880 ns, At safepoint: 8111 ns, Total: 114991 ns
[2020-09-11T12:47:45.401+0000][1][safepoint    ] Safepoint "Cleanup", Time since last: 1000122099 ns, Reaching safepoint: 61604 ns, At safepoint: 9877 ns, Total: 71481 ns
[2020-09-11T12:47:46.401+0000][1][safepoint    ] Safepoint "Cleanup", Time since last: 1000189732 ns, Reaching safepoint: 115786 ns, At safepoint: 19240 ns, Total: 135026 ns
[2020-09-11T12:47:47.401+0000][1][safepoint    ] Safepoint "Cleanup", Time since last: 1000221133 ns, Reaching safepoint: 108585 ns, At safepoint: 18185 ns, Total: 126770 ns
[2020-09-11T12:47:48.402+0000][1][safepoint    ] Safepoint "Cleanup", Time since last: 1000220865 ns, Reaching safepoint: 114790 ns, At safepoint: 18850 ns, Total: 133640 ns
[2020-09-11T12:47:49.402+0000][1][safepoint    ] Safepoint "Cleanup", Time since last: 1000223960 ns, Reaching safepoint: 81637 ns, At safepoint: 8560 ns, Total: 90197 ns
[2020-09-11T12:47:50.402+0000][1][safepoint    ] Safepoint "Cleanup", Time since last: 1000181930 ns, Reaching safepoint: 90638 ns, At safepoint: 9205 ns, Total: 99843 ns
[2020-09-11T12:47:51.402+0000][1][safepoint    ] Safepoint "Cleanup", Time since last: 1000139610 ns, Reaching safepoint: 109400 ns, At safepoint: 8254 ns, Total: 117654 ns
[2020-09-11T12:47:52.403+0000][1][safepoint    ] Safepoint "Cleanup", Time since last: 1000187784 ns, Reaching safepoint: 82523 ns, At safepoint: 8757 ns, Total: 91280 ns
[2020-09-11T12:47:53.403+0000][1][safepoint    ] Safepoint "Cleanup", Time since last: 1000194197 ns, Reaching safepoint: 114179 ns, At safepoint: 20737 ns, Total: 134916 ns
[2020-09-11T12:47:54.403+0000][1][safepoint    ] Safepoint "Cleanup", Time since last: 1000224170 ns, Reaching safepoint: 83290 ns, At safepoint: 9801 ns, Total: 93091 ns
[2020-09-11T12:47:55.404+0000][1][safepoint    ] Safepoint "Cleanup", Time since last: 1000223564 ns, Reaching safepoint: 81433 ns, At safepoint: 8685 ns, Total: 90118 ns
[2020-09-11T12:47:56.404+0000][1][safepoint    ] Safepoint "Cleanup", Time since last: 1000196294 ns, Reaching safepoint: 87003 ns, At safepoint: 10108 ns, Total: 97111 ns
[2020-09-11T12:47:57.404+0000][1][safepoint    ] Safepoint "Cleanup", Time since last: 1000166628 ns, Reaching safepoint: 113477 ns, At safepoint: 19451 ns, Total: 132928 ns
[2020-09-11T12:47:58.405+0000][1][safepoint    ] Safepoint "Cleanup", Time since last: 1000239542 ns, Reaching safepoint: 126036 ns, At safepoint: 21813 ns, Total: 147849 ns
[2020-09-11T12:47:59.405+0000][1][safepoint    ] Safepoint "Cleanup", Time since last: 1000233735 ns, Reaching safepoint: 84475 ns, At safepoint: 8121 ns, Total: 92596 ns
[2020-09-11T12:48:00.405+0000][1][safepoint    ] Safepoint "Cleanup", Time since last: 1000165784 ns, Reaching safepoint: 95053 ns, At safepoint: 7194 ns, Total: 102247 ns
[2020-09-11T12:48:01.406+0000][1][safepoint    ] Safepoint "Cleanup", Time since last: 1000181536 ns, Reaching safepoint: 86106 ns, At safepoint: 7385 ns, Total: 93491 ns
[2020-09-11T12:48:02.406+0000][1][safepoint    ] Safepoint "Cleanup", Time since last: 1000172765 ns, Reaching safepoint: 84372 ns, At safepoint: 7559 ns, Total: 91931 ns
[2020-09-11T12:48:03.406+0000][1][safepoint    ] Safepoint "Cleanup", Time since last: 1000192346 ns, Reaching safepoint: 89453 ns, At safepoint: 7713 ns, Total: 97166 ns
[2020-09-11T12:48:04.406+0000][1][safepoint    ] Safepoint "Cleanup", Time since last: 1000174410 ns, Reaching safepoint: 131140 ns, At safepoint: 19719 ns, Total: 150859 ns
[2020-09-11T12:48:05.407+0000][1][safepoint    ] Safepoint "Cleanup", Time since last: 1000225855 ns, Reaching safepoint: 88914 ns, At safepoint: 7218 ns, Total: 96132 ns
[2020-09-11T12:48:06.407+0000][1][safepoint    ] Safepoint "Cleanup", Time since last: 1000119797 ns, Reaching safepoint: 81024 ns, At safepoint: 19223 ns, Total: 100247 ns
[2020-09-11T12:48:07.407+0000][1][safepoint    ] Safepoint "Cleanup", Time since last: 1000142741 ns, Reaching safepoint: 110817 ns, At safepoint: 17557 ns, Total: 128374 ns
[2020-09-11T12:48:08.408+0000][1][safepoint    ] Safepoint "Cleanup", Time since last: 1000212177 ns, Reaching safepoint: 89691 ns, At safepoint: 10192 ns, Total: 99883 ns
[2020-09-11T12:48:09.408+0000][1][safepoint    ] Safepoint "Cleanup", Time since last: 1000195844 ns, Reaching safepoint: 92285 ns, At safepoint: 9208 ns, Total: 101493 ns
[2020-09-11T12:48:10.408+0000][1][safepoint    ] Safepoint "Cleanup", Time since last: 1000174643 ns, Reaching safepoint: 85603 ns, At safepoint: 9091 ns, Total: 94694 ns
[2020-09-11T12:48:11.408+0000][1][safepoint    ] Safepoint "Cleanup", Time since last: 1000110592 ns, Reaching safepoint: 64554 ns, At safepoint: 8303 ns, Total: 72857 ns
[2020-09-11T12:48:12.409+0000][1][safepoint    ] Safepoint "Cleanup", Time since last: 1000170632 ns, Reaching safepoint: 109812 ns, At safepoint: 18933 ns, Total: 128745 ns
[2020-09-11T12:48:13.409+0000][1][safepoint    ] Safepoint "Cleanup", Time since last: 1000417132 ns, Reaching safepoint: 58799 ns, At safepoint: 7197 ns, Total: 65996 ns
[2020-09-11T12:48:14.409+0000][1][safepoint    ] Safepoint "Cleanup", Time since last: 1000174692 ns, Reaching safepoint: 114777 ns, At safepoint: 19277 ns, Total: 134054 ns
[2020-09-11T12:48:15.410+0000][1][safepoint    ] Safepoint "Cleanup", Time since last: 1000203338 ns, Reaching safepoint: 113396 ns, At safepoint: 18700 ns, Total: 132096 ns
[2020-09-11T12:48:16.410+0000][1][safepoint    ] Safepoint "Cleanup", Time since last: 1000216772 ns, Reaching safepoint: 87544 ns, At safepoint: 9546 ns, Total: 97090 ns
[2020-09-11T12:48:17.410+0000][1][safepoint    ] Safepoint "Cleanup", Time since last: 1000185181 ns, Reaching safepoint: 116972 ns, At safepoint: 20269 ns, Total: 137241 ns
[2020-09-11T12:48:18.411+0000][1][safepoint    ] Safepoint "Cleanup", Time since last: 1000197356 ns, Reaching safepoint: 104627 ns, At safepoint: 8776 ns, Total: 113403 ns
[2020-09-11T12:48:19.411+0000][1][safepoint    ] Safepoint "Cleanup", Time since last: 1000156893 ns, Reaching safepoint: 114656 ns, At safepoint: 18379 ns, Total: 133035 ns
[2020-09-11T12:48:20.411+0000][1][safepoint    ] Safepoint "Cleanup", Time since last: 1000238165 ns, Reaching safepoint: 115936 ns, At safepoint: 20069 ns, Total: 136005 ns
[2020-09-11T12:48:21.412+0000][1][safepoint    ] Safepoint "Cleanup", Time since last: 1000288630 ns, Reaching safepoint: 114937 ns, At safepoint: 19538 ns, Total: 134475 ns
[2020-09-11T12:48:22.412+0000][1][safepoint    ] Safepoint "Cleanup", Time since last: 1000187256 ns, Reaching safepoint: 116327 ns, At safepoint: 19184 ns, Total: 135511 ns
[2020-09-11T12:48:23.412+0000][1][safepoint    ] Safepoint "Cleanup", Time since last: 1000234099 ns, Reaching safepoint: 118327 ns, At safepoint: 7798 ns, Total: 126125 ns
[2020-09-11T12:48:24.413+0000][1][safepoint    ] Safepoint "Cleanup", Time since last: 1000174663 ns, Reaching safepoint: 115763 ns, At safepoint: 20062 ns, Total: 135825 ns
[2020-09-11T12:48:25.413+0000][1][safepoint    ] Safepoint "Cleanup", Time since last: 1000236672 ns, Reaching safepoint: 113513 ns, At safepoint: 18326 ns, Total: 131839 ns
[2020-09-11T12:48:26.413+0000][1][safepoint    ] Safepoint "Cleanup", Time since last: 1000240474 ns, Reaching safepoint: 96197 ns, At safepoint: 7784 ns, Total: 103981 ns
[2020-09-11T12:48:27.414+0000][1][safepoint    ] Safepoint "Cleanup", Time since last: 1000150716 ns, Reaching safepoint: 102453 ns, At safepoint: 7647 ns, Total: 110100 ns
[2020-09-11T12:48:28.038+0000][1][gc,start     ] GC(67) Pause Young (Allocation Failure)
[2020-09-11T12:48:28.038+0000][1][gc,task      ] GC(67) Using 1 workers of 1 for evacuation
[2020-09-11T12:48:28.068+0000][1][gc,age       ] GC(67) Desired survivor size 4358144 bytes, new threshold 6 (max threshold 6)
[2020-09-11T12:48:28.069+0000][1][gc,age       ] GC(67) Age table with threshold 6 (max threshold 6)
[2020-09-11T12:48:28.069+0000][1][gc,age       ] GC(67) - age   1:     630144 bytes,     630144 total
[2020-09-11T12:48:28.069+0000][1][gc,age       ] GC(67) - age   2:     923800 bytes,    1553944 total
[2020-09-11T12:48:28.069+0000][1][gc,age       ] GC(67) - age   3:    2164624 bytes,    3718568 total
[2020-09-11T12:48:28.069+0000][1][gc,heap      ] GC(67) ParNew: 73999K->5278K(76672K)
[2020-09-11T12:48:28.069+0000][1][gc,heap      ] GC(67) CMS: 62436K->78820K(2011968K)
[2020-09-11T12:48:28.069+0000][1][gc,metaspace ] GC(67) Metaspace: 78195K->78195K(1120256K)
[2020-09-11T12:48:28.069+0000][1][gc           ] GC(67) Pause Young (Allocation Failure) 133M->82M(2039M) 30.741ms
[2020-09-11T12:48:28.069+0000][1][gc,cpu       ] GC(67) User=0.03s Sys=0.00s Real=0.03s
[2020-09-11T12:48:28.069+0000][1][safepoint    ] Safepoint "GenCollectForAllocation", Time since last: 623945041 ns, Reaching safepoint: 217786 ns, At safepoint: 30820835 ns, Total: 31038621 ns
[2020-09-11T12:48:29.070+0000][1][safepoint    ] Safepoint "Cleanup", Time since last: 1001048892 ns, Reaching safepoint: 92401 ns, At safepoint: 22443 ns, Total: 114844 ns
[2020-09-11T12:48:30.070+0000][1][safepoint    ] Safepoint "Cleanup", Time since last: 1000158253 ns, Reaching safepoint: 111268 ns, At safepoint: 48809 ns, Total: 160077 ns
[2020-09-11T12:48:31.070+0000][1][safepoint    ] Safepoint "Cleanup", Time since last: 1000210109 ns, Reaching safepoint: 107589 ns, At safepoint: 8918 ns, Total: 116507 ns
[2020-09-11T12:48:32.071+0000][1][safepoint    ] Safepoint "Cleanup", Time since last: 1000133525 ns, Reaching safepoint: 108415 ns, At safepoint: 7161 ns, Total: 115576 ns
[2020-09-11T12:48:33.071+0000][1][safepoint    ] Safepoint "Cleanup", Time since last: 1000106064 ns, Reaching safepoint: 174485 ns, At safepoint: 8882 ns, Total: 183367 ns
[2020-09-11T12:48:34.071+0000][1][safepoint    ] Safepoint "Cleanup", Time since last: 1000169316 ns, Reaching safepoint: 87967 ns, At safepoint: 7983 ns, Total: 95950 ns
[2020-09-11T12:48:35.072+0000][1][safepoint    ] Safepoint "Cleanup", Time since last: 1000145877 ns, Reaching safepoint: 112676 ns, At safepoint: 18799 ns, Total: 131475 ns
[2020-09-11T12:48:36.072+0000][1][safepoint    ] Safepoint "Cleanup", Time since last: 1000212172 ns, Reaching safepoint: 142784 ns, At safepoint: 20053 ns, Total: 162837 ns
[2020-09-11T12:48:37.072+0000][1][safepoint    ] Safepoint "Cleanup", Time since last: 1000183596 ns, Reaching safepoint: 117587 ns, At safepoint: 19197 ns, Total: 136784 ns
[2020-09-11T12:48:38.076+0000][1][safepoint    ] Safepoint "Cleanup", Time since last: 1003189183 ns, Reaching safepoint: 220596 ns, At safepoint: 19442 ns, Total: 240038 ns
[2020-09-11T12:48:39.076+0000][1][safepoint    ] Safepoint "Cleanup", Time since last: 1000181014 ns, Reaching safepoint: 104970 ns, At safepoint: 8636 ns, Total: 113606 ns
[2020-09-11T12:48:40.076+0000][1][safepoint    ] Safepoint "Cleanup", Time since last: 1000178479 ns, Reaching safepoint: 88380 ns, At safepoint: 8046 ns, Total: 96426 ns
[2020-09-11T12:48:41.077+0000][1][safepoint    ] Safepoint "Cleanup", Time since last: 1000194656 ns, Reaching safepoint: 93899 ns, At safepoint: 9644 ns, Total: 103543 ns
[2020-09-11T12:48:42.077+0000][1][safepoint    ] Safepoint "Cleanup", Time since last: 1000187066 ns, Reaching safepoint: 107301 ns, At safepoint: 8076 ns, Total: 115377 ns
[2020-09-11T12:48:43.077+0000][1][safepoint    ] Safepoint "Cleanup", Time since last: 1000168282 ns, Reaching safepoint: 139824 ns, At safepoint: 17229 ns, Total: 157053 ns
[2020-09-11T12:48:44.078+0000][1][safepoint    ] Safepoint "Cleanup", Time since last: 1000239617 ns, Reaching safepoint: 103334 ns, At safepoint: 7749 ns, Total: 111083 ns
[2020-09-11T12:48:45.078+0000][1][safepoint    ] Safepoint "Cleanup", Time since last: 1000199682 ns, Reaching safepoint: 91192 ns, At safepoint: 7566 ns, Total: 98758 ns
[2020-09-11T12:48:46.078+0000][1][safepoint    ] Safepoint "Cleanup", Time since last: 1000200580 ns, Reaching safepoint: 92214 ns, At safepoint: 7221 ns, Total: 99435 ns
[2020-09-11T12:48:47.078+0000][1][safepoint    ] Safepoint "Cleanup", Time since last: 1000177851 ns, Reaching safepoint: 109374 ns, At safepoint: 16572 ns, Total: 125946 ns
[2020-09-11T12:48:48.079+0000][1][safepoint    ] Safepoint "Cleanup", Time since last: 1000225165 ns, Reaching safepoint: 96330 ns, At safepoint: 8431 ns, Total: 104761 ns
[2020-09-11T12:48:49.079+0000][1][safepoint    ] Safepoint "Cleanup", Time since last: 1000179106 ns, Reaching safepoint: 90750 ns, At safepoint: 8513 ns, Total: 99263 ns
[2020-09-11T12:48:50.079+0000][1][safepoint    ] Safepoint "Cleanup", Time since last: 1000194532 ns, Reaching safepoint: 88853 ns, At safepoint: 7370 ns, Total: 96223 ns
[2020-09-11T12:48:51.080+0000][1][safepoint    ] Safepoint "Cleanup", Time since last: 1000290182 ns, Reaching safepoint: 90270 ns, At safepoint: 8904 ns, Total: 99174 ns
[2020-09-11T12:48:52.080+0000][1][safepoint    ] Safepoint "Cleanup", Time since last: 1000189805 ns, Reaching safepoint: 116280 ns, At safepoint: 17403 ns, Total: 133683 ns
[2020-09-11T12:48:53.080+0000][1][safepoint    ] Safepoint "Cleanup", Time since last: 1000202852 ns, Reaching safepoint: 71620 ns, At safepoint: 8492 ns, Total: 80112 ns
[2020-09-11T12:48:54.081+0000][1][safepoint    ] Safepoint "Cleanup", Time since last: 1000168806 ns, Reaching safepoint: 113513 ns, At safepoint: 17711 ns, Total: 131224 ns
[2020-09-11T12:48:55.081+0000][1][safepoint    ] Safepoint "Cleanup", Time since last: 1000230983 ns, Reaching safepoint: 114369 ns, At safepoint: 19388 ns, Total: 133757 ns
[2020-09-11T12:48:56.081+0000][1][safepoint    ] Safepoint "Cleanup", Time since last: 1000236450 ns, Reaching safepoint: 117449 ns, At safepoint: 19148 ns, Total: 136597 ns
[2020-09-11T12:48:57.082+0000][1][safepoint    ] Safepoint "Cleanup", Time since last: 1000213894 ns, Reaching safepoint: 114492 ns, At safepoint: 18523 ns, Total: 133015 ns
[2020-09-11T12:48:58.082+0000][1][safepoint    ] Safepoint "Cleanup", Time since last: 1000208183 ns, Reaching safepoint: 79997 ns, At safepoint: 6845 ns, Total: 86842 ns
[2020-09-11T12:48:59.082+0000][1][safepoint    ] Safepoint "Cleanup", Time since last: 1000129981 ns, Reaching safepoint: 104513 ns, At safepoint: 8443 ns, Total: 112956 ns
[2020-09-11T12:49:00.083+0000][1][safepoint    ] Safepoint "Cleanup", Time since last: 1000179025 ns, Reaching safepoint: 92044 ns, At safepoint: 14862 ns, Total: 106906 ns
[2020-09-11T12:49:01.083+0000][1][safepoint    ] Safepoint "Cleanup", Time since last: 1000203880 ns, Reaching safepoint: 117236 ns, At safepoint: 21138 ns, Total: 138374 ns
[2020-09-11T12:49:02.083+0000][1][safepoint    ] Safepoint "Cleanup", Time since last: 1000199728 ns, Reaching safepoint: 84501 ns, At safepoint: 7264 ns, Total: 91765 ns
[2020-09-11T12:49:03.083+0000][1][safepoint    ] Safepoint "Cleanup", Time since last: 1000136858 ns, Reaching safepoint: 145387 ns, At safepoint: 19815 ns, Total: 165202 ns
[2020-09-11T12:49:04.084+0000][1][safepoint    ] Safepoint "Cleanup", Time since last: 1000219653 ns, Reaching safepoint: 128438 ns, At safepoint: 19638 ns, Total: 148076 ns
[2020-09-11T12:49:05.084+0000][1][safepoint    ] Safepoint "Cleanup", Time since last: 1000238386 ns, Reaching safepoint: 118552 ns, At safepoint: 18937 ns, Total: 137489 ns
[2020-09-11T12:49:06.085+0000][1][safepoint    ] Safepoint "Cleanup", Time since last: 1000169943 ns, Reaching safepoint: 110344 ns, At safepoint: 10296 ns, Total: 120640 ns
[2020-09-11T12:49:07.085+0000][1][safepoint    ] Safepoint "Cleanup", Time since last: 1000168515 ns, Reaching safepoint: 119377 ns, At safepoint: 17661 ns, Total: 137038 ns
[2020-09-11T12:49:08.085+0000][1][safepoint    ] Safepoint "Cleanup", Time since last: 1000219137 ns, Reaching safepoint: 113219 ns, At safepoint: 18042 ns, Total: 131261 ns
[2020-09-11T12:49:09.086+0000][1][safepoint    ] Safepoint "Cleanup", Time since last: 1000211370 ns, Reaching safepoint: 129948 ns, At safepoint: 20006 ns, Total: 149954 ns
[2020-09-11T12:49:10.086+0000][1][safepoint    ] Safepoint "Cleanup", Time since last: 1000186763 ns, Reaching safepoint: 62799 ns, At safepoint: 7625 ns, Total: 70424 ns
[2020-09-11T12:49:11.086+0000][1][safepoint    ] Safepoint "Cleanup", Time since last: 1000138873 ns, Reaching safepoint: 116507 ns, At safepoint: 19031 ns, Total: 135538 ns
[2020-09-11T12:49:12.086+0000][1][safepoint    ] Safepoint "Cleanup", Time since last: 1000227358 ns, Reaching safepoint: 92468 ns, At safepoint: 7263 ns, Total: 99731 ns
[2020-09-11T12:49:13.087+0000][1][safepoint    ] Safepoint "Cleanup", Time since last: 1000156359 ns, Reaching safepoint: 120587 ns, At safepoint: 19134 ns, Total: 139721 ns
[2020-09-11T12:49:14.087+0000][1][safepoint    ] Safepoint "Cleanup", Time since last: 1000192537 ns, Reaching safepoint: 103598 ns, At safepoint: 7289 ns, Total: 110887 ns
[2020-09-11T12:49:15.087+0000][1][safepoint    ] Safepoint "Cleanup", Time since last: 1000145698 ns, Reaching safepoint: 121851 ns, At safepoint: 8750 ns, Total: 130601 ns
[2020-09-11T12:49:16.088+0000][1][safepoint    ] Safepoint "Cleanup", Time since last: 1000166716 ns, Reaching safepoint: 129794 ns, At safepoint: 20157 ns, Total: 149951 ns
[2020-09-11T12:49:17.088+0000][1][safepoint    ] Safepoint "Cleanup", Time since last: 1000220872 ns, Reaching safepoint: 102517 ns, At safepoint: 8849 ns, Total: 111366 ns
[2020-09-11T12:49:18.088+0000][1][safepoint    ] Safepoint "Cleanup", Time since last: 1000143794 ns, Reaching safepoint: 119712 ns, At safepoint: 18716 ns, Total: 138428 ns
[2020-09-11T12:49:19.090+0000][1][safepoint    ] Safepoint "Cleanup", Time since last: 1001254952 ns, Reaching safepoint: 123838 ns, At safepoint: 20029 ns, Total: 143867 ns
[2020-09-11T12:49:20.090+0000][1][safepoint    ] Safepoint "Cleanup", Time since last: 1000222388 ns, Reaching safepoint: 92775 ns, At safepoint: 7802 ns, Total: 100577 ns
[2020-09-11T12:49:21.090+0000][1][safepoint    ] Safepoint "Cleanup", Time since last: 1000175309 ns, Reaching safepoint: 120319 ns, At safepoint: 17928 ns, Total: 138247 ns
[2020-09-11T12:49:22.091+0000][1][safepoint    ] Safepoint "Cleanup", Time since last: 1000207546 ns, Reaching safepoint: 119531 ns, At safepoint: 16932 ns, Total: 136463 ns
[2020-09-11T12:49:23.091+0000][1][safepoint    ] Safepoint "Cleanup", Time since last: 1000215138 ns, Reaching safepoint: 122093 ns, At safepoint: 18840 ns, Total: 140933 ns
[2020-09-11T12:49:24.092+0000][1][safepoint    ] Safepoint "Cleanup", Time since last: 1001209153 ns, Reaching safepoint: 124295 ns, At safepoint: 18365 ns, Total: 142660 ns
[2020-09-11T12:49:25.093+0000][1][safepoint    ] Safepoint "Cleanup", Time since last: 1000202267 ns, Reaching safepoint: 127409 ns, At safepoint: 19194 ns, Total: 146603 ns
[2020-09-11T12:49:26.093+0000][1][safepoint    ] Safepoint "Cleanup", Time since last: 1000224708 ns, Reaching safepoint: 94665 ns, At safepoint: 8409 ns, Total: 103074 ns
[2020-09-11T12:49:27.093+0000][1][safepoint    ] Safepoint "Cleanup", Time since last: 1000208346 ns, Reaching safepoint: 100304 ns, At safepoint: 8992 ns, Total: 109296 ns
[2020-09-11T12:49:28.094+0000][1][safepoint    ] Safepoint "Cleanup", Time since last: 1000183095 ns, Reaching safepoint: 89243 ns, At safepoint: 7820 ns, Total: 97063 ns
[2020-09-11T12:49:29.094+0000][1][safepoint    ] Safepoint "Cleanup", Time since last: 1000784566 ns, Reaching safepoint: 67459 ns, At safepoint: 8248 ns, Total: 75707 ns
[2020-09-11T12:49:30.095+0000][1][safepoint    ] Safepoint "Cleanup", Time since last: 1000159496 ns, Reaching safepoint: 138438 ns, At safepoint: 19594 ns, Total: 158032 ns
[2020-09-11T12:49:31.095+0000][1][safepoint    ] Safepoint "Cleanup", Time since last: 1000177243 ns, Reaching safepoint: 136215 ns, At safepoint: 19208 ns, Total: 155423 ns
[2020-09-11T12:49:32.095+0000][1][safepoint    ] Safepoint "Cleanup", Time since last: 1000193740 ns, Reaching safepoint: 109761 ns, At safepoint: 6806 ns, Total: 116567 ns
[2020-09-11T12:49:33.096+0000][1][safepoint    ] Safepoint "Cleanup", Time since last: 1000155978 ns, Reaching safepoint: 113400 ns, At safepoint: 18339 ns, Total: 131739 ns
[2020-09-11T12:49:34.096+0000][1][safepoint    ] Safepoint "Cleanup", Time since last: 1000203367 ns, Reaching safepoint: 91683 ns, At safepoint: 8427 ns, Total: 100110 ns
[2020-09-11T12:49:35.096+0000][1][safepoint    ] Safepoint "Cleanup", Time since last: 1000185294 ns, Reaching safepoint: 105162 ns, At safepoint: 9069 ns, Total: 114231 ns
[2020-09-11T12:49:36.097+0000][1][safepoint    ] Safepoint "Cleanup", Time since last: 1000189918 ns, Reaching safepoint: 89974 ns, At safepoint: 8598 ns, Total: 98572 ns
[2020-09-11T12:49:37.097+0000][1][safepoint    ] Safepoint "Cleanup", Time since last: 1000209204 ns, Reaching safepoint: 139717 ns, At safepoint: 19906 ns, Total: 159623 ns
[2020-09-11T12:49:38.098+0000][1][safepoint    ] Safepoint "Cleanup", Time since last: 1001136640 ns, Reaching safepoint: 92927 ns, At safepoint: 7339 ns, Total: 100266 ns
[2020-09-11T12:49:39.098+0000][1][safepoint    ] Safepoint "Cleanup", Time since last: 1000142213 ns, Reaching safepoint: 123084 ns, At safepoint: 9105 ns, Total: 132189 ns
[2020-09-11T12:49:40.099+0000][1][safepoint    ] Safepoint "Cleanup", Time since last: 1000197790 ns, Reaching safepoint: 91252 ns, At safepoint: 7690 ns, Total: 98942 ns
[2020-09-11T12:49:41.099+0000][1][safepoint    ] Safepoint "Cleanup", Time since last: 1000178098 ns, Reaching safepoint: 94858 ns, At safepoint: 8860 ns, Total: 103718 ns
[2020-09-11T12:49:42.099+0000][1][safepoint    ] Safepoint "Cleanup", Time since last: 1000179530 ns, Reaching safepoint: 130175 ns, At safepoint: 19889 ns, Total: 150064 ns
[2020-09-11T12:49:43.101+0000][1][safepoint    ] Safepoint "Cleanup", Time since last: 1001141300 ns, Reaching safepoint: 97668 ns, At safepoint: 8957 ns, Total: 106625 ns
[2020-09-11T12:49:44.101+0000][1][safepoint    ] Safepoint "Cleanup", Time since last: 1000183371 ns, Reaching safepoint: 117847 ns, At safepoint: 18255 ns, Total: 136102 ns
[2020-09-11T12:49:45.101+0000][1][safepoint    ] Safepoint "Cleanup", Time since last: 1000200812 ns, Reaching safepoint: 98293 ns, At safepoint: 7690 ns, Total: 105983 ns
[2020-09-11T12:49:46.102+0000][1][safepoint    ] Safepoint "Cleanup", Time since last: 1000160387 ns, Reaching safepoint: 120847 ns, At safepoint: 17493 ns, Total: 138340 ns
[2020-09-11T12:49:47.102+0000][1][safepoint    ] Safepoint "Cleanup", Time since last: 1000196689 ns, Reaching safepoint: 137482 ns, At safepoint: 19341 ns, Total: 156823 ns
[2020-09-11T12:49:48.102+0000][1][safepoint    ] Safepoint "Cleanup", Time since last: 1000209008 ns, Reaching safepoint: 117582 ns, At safepoint: 8006 ns, Total: 125588 ns
[2020-09-11T12:49:49.103+0000][1][safepoint    ] Safepoint "Cleanup", Time since last: 1000189452 ns, Reaching safepoint: 95119 ns, At safepoint: 7902 ns, Total: 103021 ns
[2020-09-11T12:49:50.103+0000][1][safepoint    ] Safepoint "Cleanup", Time since last: 1000186736 ns, Reaching safepoint: 96973 ns, At safepoint: 8513 ns, Total: 105486 ns
[2020-09-11T12:49:51.103+0000][1][safepoint    ] Safepoint "Cleanup", Time since last: 1000171489 ns, Reaching safepoint: 117713 ns, At safepoint: 17728 ns, Total: 135441 ns
[2020-09-11T12:49:52.103+0000][1][safepoint    ] Safepoint "Cleanup", Time since last: 1000185621 ns, Reaching safepoint: 66789 ns, At safepoint: 7005 ns, Total: 73794 ns
[2020-09-11T12:49:53.104+0000][1][safepoint    ] Safepoint "Cleanup", Time since last: 1000161518 ns, Reaching safepoint: 105977 ns, At safepoint: 7293 ns, Total: 113270 ns
[2020-09-11T12:49:54.104+0000][1][safepoint    ] Safepoint "Cleanup", Time since last: 1000145355 ns, Reaching safepoint: 109043 ns, At safepoint: 7224 ns, Total: 116267 ns
[2020-09-11T12:49:55.104+0000][1][safepoint    ] Safepoint "Cleanup", Time since last: 1000178602 ns, Reaching safepoint: 94973 ns, At safepoint: 7505 ns, Total: 102478 ns
[2020-09-11T12:49:56.104+0000][1][safepoint    ] Safepoint "Cleanup", Time since last: 1000171695 ns, Reaching safepoint: 111382 ns, At safepoint: 16464 ns, Total: 127846 ns
[2020-09-11T12:49:57.105+0000][1][safepoint    ] Safepoint "Cleanup", Time since last: 1000225218 ns, Reaching safepoint: 119036 ns, At safepoint: 18542 ns, Total: 137578 ns
[2020-09-11T12:49:58.105+0000][1][safepoint    ] Safepoint "Cleanup", Time since last: 1000201401 ns, Reaching safepoint: 110871 ns, At safepoint: 18018 ns, Total: 128889 ns
[2020-09-11T12:49:59.105+0000][1][safepoint    ] Safepoint "Cleanup", Time since last: 1000189109 ns, Reaching safepoint: 105718 ns, At safepoint: 8673 ns, Total: 114391 ns
[2020-09-11T12:50:00.106+0000][1][safepoint    ] Safepoint "Cleanup", Time since last: 1000165616 ns, Reaching safepoint: 121592 ns, At safepoint: 18843 ns, Total: 140435 ns
[2020-09-11T12:50:01.106+0000][1][safepoint    ] Safepoint "Cleanup", Time since last: 1000245793 ns, Reaching safepoint: 96214 ns, At safepoint: 8444 ns, Total: 104658 ns
[2020-09-11T12:50:02.106+0000][1][safepoint    ] Safepoint "Cleanup", Time since last: 1000104990 ns, Reaching safepoint: 72432 ns, At safepoint: 11043 ns, Total: 83475 ns
[2020-09-11T12:50:03.107+0000][1][safepoint    ] Safepoint "Cleanup", Time since last: 1000127153 ns, Reaching safepoint: 68848 ns, At safepoint: 8028 ns, Total: 76876 ns
[2020-09-11T12:50:04.107+0000][1][safepoint    ] Safepoint "Cleanup", Time since last: 1000184701 ns, Reaching safepoint: 94079 ns, At safepoint: 9393 ns, Total: 103472 ns
[2020-09-11T12:50:05.107+0000][1][safepoint    ] Safepoint "Cleanup", Time since last: 1000205639 ns, Reaching safepoint: 107639 ns, At safepoint: 7731 ns, Total: 115370 ns
[2020-09-11T12:50:05.288+0000][1][safepoint    ] Safepoint "RevokeBias", Time since last: 181114123 ns, Reaching safepoint: 124689 ns, At safepoint: 15960 ns, Total: 140649 ns
[2020-09-11T12:50:05.289+0000][1][safepoint    ] Safepoint "RevokeBias", Time since last: 69566 ns, Reaching safepoint: 95776 ns, At safepoint: 6017 ns, Total: 101793 ns
[2020-09-11T12:50:05.289+0000][1][safepoint    ] Safepoint "RevokeBias", Time since last: 249926 ns, Reaching safepoint: 132019 ns, At safepoint: 8664 ns, Total: 140683 ns
[2020-09-11T12:50:05.290+0000][1][safepoint    ] Safepoint "RevokeBias", Time since last: 788384 ns, Reaching safepoint: 136054 ns, At safepoint: 7921 ns, Total: 143975 ns
[2020-09-11T12:50:05.292+0000][1][safepoint    ] Safepoint "RevokeBias", Time since last: 634383 ns, Reaching safepoint: 1482050 ns, At safepoint: 16763 ns, Total: 1498813 ns
[2020-09-11T12:50:05.293+0000][1][safepoint    ] Safepoint "RevokeBias", Time since last: 180481 ns, Reaching safepoint: 426665 ns, At safepoint: 6787 ns, Total: 433452 ns
[2020-09-11T12:50:05.294+0000][1][safepoint    ] Safepoint "RevokeBias", Time since last: 1241346 ns, Reaching safepoint: 266183 ns, At safepoint: 7662 ns, Total: 273845 ns
[2020-09-11T12:50:05.295+0000][1][safepoint    ] Safepoint "RevokeBias", Time since last: 652100 ns, Reaching safepoint: 263062 ns, At safepoint: 7332 ns, Total: 270394 ns
[2020-09-11T12:50:05.299+0000][1][safepoint    ] Safepoint "RevokeBias", Time since last: 3211557 ns, Reaching safepoint: 1178294 ns, At safepoint: 11960 ns, Total: 1190254 ns
[2020-09-11T12:50:05.300+0000][1][safepoint    ] Safepoint "RevokeBias", Time since last: 189710 ns, Reaching safepoint: 663908 ns, At safepoint: 8378 ns, Total: 672286 ns
[2020-09-11T12:50:05.301+0000][1][safepoint    ] Safepoint "RevokeBias", Time since last: 283914 ns, Reaching safepoint: 125388 ns, At safepoint: 7550 ns, Total: 132938 ns
[2020-09-11T12:50:05.301+0000][1][safepoint    ] Safepoint "RevokeBias", Time since last: 74495 ns, Reaching safepoint: 173048 ns, At safepoint: 7564 ns, Total: 180612 ns
[2020-09-11T12:50:05.301+0000][1][safepoint    ] Safepoint "RevokeBias", Time since last: 64773 ns, Reaching safepoint: 150425 ns, At safepoint: 7306 ns, Total: 157731 ns
[2020-09-11T12:50:05.301+0000][1][safepoint    ] Safepoint "RevokeBias", Time since last: 97387 ns, Reaching safepoint: 145676 ns, At safepoint: 6472 ns, Total: 152148 ns
[2020-09-11T12:50:05.302+0000][1][safepoint    ] Safepoint "RevokeBias", Time since last: 41691 ns, Reaching safepoint: 135397 ns, At safepoint: 6878 ns, Total: 142275 ns
[2020-09-11T12:50:05.302+0000][1][safepoint    ] Safepoint "RevokeBias", Time since last: 58321 ns, Reaching safepoint: 102455 ns, At safepoint: 15685 ns, Total: 118140 ns
[2020-09-11T12:50:05.303+0000][1][safepoint    ] Safepoint "RevokeBias", Time since last: 155584 ns, Reaching safepoint: 1436429 ns, At safepoint: 8441 ns, Total: 1444870 ns
[2020-09-11T12:50:05.307+0000][1][safepoint    ] Safepoint "RevokeBias", Time since last: 622850 ns, Reaching safepoint: 3385325 ns, At safepoint: 10846 ns, Total: 3396171 ns
[2020-09-11T12:50:05.316+0000][1][safepoint    ] Safepoint "RevokeBias", Time since last: 7953251 ns, Reaching safepoint: 135889 ns, At safepoint: 10342 ns, Total: 146231 ns
[2020-09-11T12:50:05.483+0000][1][safepoint    ] Safepoint "RevokeBias", Time since last: 167259446 ns, Reaching safepoint: 59690 ns, At safepoint: 8938 ns, Total: 68628 ns
[2020-09-11T12:50:05.483+0000][1][safepoint    ] Safepoint "RevokeBias", Time since last: 433686 ns, Reaching safepoint: 141418 ns, At safepoint: 8768 ns, Total: 150186 ns
[2020-09-11T12:50:05.494+0000][1][safepoint    ] Safepoint "RevokeBias", Time since last: 9001121 ns, Reaching safepoint: 1747151 ns, At safepoint: 15434 ns, Total: 1762585 ns
[2020-09-11T12:50:05.494+0000][1][safepoint    ] Safepoint "RevokeBias", Time since last: 71306 ns, Reaching safepoint: 114861 ns, At safepoint: 9450 ns, Total: 124311 ns
[2020-09-11T12:50:05.495+0000][1][safepoint    ] Safepoint "RevokeBias", Time since last: 45141 ns, Reaching safepoint: 671991 ns, At safepoint: 9547 ns, Total: 681538 ns
[2020-09-11T12:50:05.495+0000][1][safepoint    ] Safepoint "RevokeBias", Time since last: 180243 ns, Reaching safepoint: 99355 ns, At safepoint: 8762 ns, Total: 108117 ns
[2020-09-11T12:50:05.499+0000][1][safepoint    ] Safepoint "RevokeBias", Time since last: 460418 ns, Reaching safepoint: 3087410 ns, At safepoint: 9586 ns, Total: 3096996 ns
[2020-09-11T12:50:05.509+0000][1][safepoint    ] Safepoint "RevokeBias", Time since last: 8853480 ns, Reaching safepoint: 878024 ns, At safepoint: 23286 ns, Total: 901310 ns
[2020-09-11T12:50:05.509+0000][1][safepoint    ] Safepoint "RevokeBias", Time since last: 117578 ns, Reaching safepoint: 110791 ns, At safepoint: 7618 ns, Total: 118409 ns
[2020-09-11T12:50:05.511+0000][1][safepoint    ] Safepoint "RevokeBias", Time since last: 43611 ns, Reaching safepoint: 2396461 ns, At safepoint: 7648 ns, Total: 2404109 ns
[2020-09-11T12:50:05.512+0000][1][safepoint    ] Safepoint "RevokeBias", Time since last: 45384 ns, Reaching safepoint: 100370 ns, At safepoint: 6220 ns, Total: 106590 ns
[2020-09-11T12:50:05.515+0000][1][safepoint    ] Safepoint "RevokeBias", Time since last: 460928 ns, Reaching safepoint: 3382823 ns, At safepoint: 11347 ns, Total: 3394170 ns
[2020-09-11T12:50:05.516+0000][1][safepoint    ] Safepoint "RevokeBias", Time since last: 60720 ns, Reaching safepoint: 99194 ns, At safepoint: 6276 ns, Total: 105470 ns
[2020-09-11T12:50:05.519+0000][1][safepoint    ] Safepoint "RevokeBias", Time since last: 693093 ns, Reaching safepoint: 3121161 ns, At safepoint: 8092 ns, Total: 3129253 ns
[2020-09-11T12:50:05.520+0000][1][safepoint    ] Safepoint "RevokeBias", Time since last: 56485 ns, Reaching safepoint: 97808 ns, At safepoint: 6875 ns, Total: 104683 ns
[2020-09-11T12:50:05.520+0000][1][safepoint    ] Safepoint "RevokeBias", Time since last: 43013 ns, Reaching safepoint: 94593 ns, At safepoint: 6266 ns, Total: 100859 ns
[2020-09-11T12:50:05.520+0000][1][safepoint    ] Safepoint "RevokeBias", Time since last: 63576 ns, Reaching safepoint: 93221 ns, At safepoint: 6353 ns, Total: 99574 ns
[2020-09-11T12:50:05.520+0000][1][safepoint    ] Safepoint "RevokeBias", Time since last: 62575 ns, Reaching safepoint: 93868 ns, At safepoint: 6257 ns, Total: 100125 ns
[2020-09-11T12:50:05.520+0000][1][safepoint    ] Safepoint "RevokeBias", Time since last: 83439 ns, Reaching safepoint: 90424 ns, At safepoint: 5474 ns, Total: 95898 ns
[2020-09-11T12:50:05.541+0000][1][safepoint    ] Safepoint "RevokeBias", Time since last: 19076630 ns, Reaching safepoint: 2147094 ns, At safepoint: 15438 ns, Total: 2162532 ns
[2020-09-11T12:50:05.543+0000][1][safepoint    ] Safepoint "RevokeBias", Time since last: 607545 ns, Reaching safepoint: 1337086 ns, At safepoint: 11256 ns, Total: 1348342 ns
[2020-09-11T12:50:05.547+0000][1][safepoint    ] Safepoint "RevokeBias", Time since last: 862982 ns, Reaching safepoint: 3132556 ns, At safepoint: 13588 ns, Total: 3146144 ns
[2020-09-11T12:50:05.551+0000][1][safepoint    ] Safepoint "RevokeBias", Time since last: 854861 ns, Reaching safepoint: 2916372 ns, At safepoint: 11801 ns, Total: 2928173 ns
[2020-09-11T12:50:05.566+0000][1][safepoint    ] Safepoint "RevokeBias", Time since last: 14567194 ns, Reaching safepoint: 311590 ns, At safepoint: 10378 ns, Total: 321968 ns
[2020-09-11T12:50:05.567+0000][1][safepoint    ] Safepoint "RevokeBias", Time since last: 1215682 ns, Reaching safepoint: 89197 ns, At safepoint: 6918 ns, Total: 96115 ns
[2020-09-11T12:50:05.576+0000][1][safepoint    ] Safepoint "RevokeBias", Time since last: 777199 ns, Reaching safepoint: 7244267 ns, At safepoint: 149822 ns, Total: 7394089 ns
[2020-09-11T12:50:05.576+0000][1][safepoint    ] Safepoint "RevokeBias", Time since last: 447780 ns, Reaching safepoint: 33772 ns, At safepoint: 6156 ns, Total: 39928 ns
[2020-09-11T12:50:05.621+0000][1][safepoint    ] Safepoint "RevokeBias", Time since last: 44620423 ns, Reaching safepoint: 116913 ns, At safepoint: 8676 ns, Total: 125589 ns
[2020-09-11T12:50:05.622+0000][1][safepoint    ] Safepoint "RevokeBias", Time since last: 808684 ns, Reaching safepoint: 116840 ns, At safepoint: 8278 ns, Total: 125118 ns
[2020-09-11T12:50:05.628+0000][1][safepoint    ] Safepoint "RevokeBias", Time since last: 1626597 ns, Reaching safepoint: 4685821 ns, At safepoint: 10672 ns, Total: 4696493 ns
[2020-09-11T12:50:05.629+0000][1][safepoint    ] Safepoint "BulkRevokeBias", Time since last: 733245 ns, Reaching safepoint: 107444 ns, At safepoint: 118133 ns, Total: 225577 ns
[2020-09-11T12:50:05.640+0000][1][safepoint    ] Safepoint "RevokeBias", Time since last: 10936041 ns, Reaching safepoint: 111669 ns, At safepoint: 18014 ns, Total: 129683 ns
[2020-09-11T12:50:05.660+0000][1][safepoint    ] Safepoint "RevokeBias", Time since last: 19833750 ns, Reaching safepoint: 96760 ns, At safepoint: 8051 ns, Total: 104811 ns
[2020-09-11T12:50:05.660+0000][1][safepoint    ] Safepoint "RevokeBias", Time since last: 151631 ns, Reaching safepoint: 87075 ns, At safepoint: 6178 ns, Total: 93253 ns
[2020-09-11T12:50:05.662+0000][1][safepoint    ] Safepoint "RevokeBias", Time since last: 1218404 ns, Reaching safepoint: 86630 ns, At safepoint: 15271 ns, Total: 101901 ns
[2020-09-11T12:50:05.680+0000][1][safepoint    ] Safepoint "RevokeBias", Time since last: 18234656 ns, Reaching safepoint: 100382 ns, At safepoint: 7535 ns, Total: 107917 ns
[2020-09-11T12:50:05.682+0000][1][gc,heap,exit ] Heap
[2020-09-11T12:50:05.682+0000][1][gc,heap,exit ]  par new generation   total 76672K, used 43903K [0x0000000080000000, 0x0000000085330000, 0x0000000085330000)
[2020-09-11T12:50:05.682+0000][1][gc,heap,exit ]   eden space 68160K,  56% used [0x0000000080000000, 0x00000000825b8200, 0x0000000084290000)
[2020-09-11T12:50:05.682+0000][1][gc,heap,exit ]   from space 8512K,  62% used [0x0000000084ae0000, 0x0000000085007ad0, 0x0000000085330000)
[2020-09-11T12:50:05.682+0000][1][gc,heap,exit ]   to   space 8512K,   0% used [0x0000000084290000, 0x0000000084290000, 0x0000000084ae0000)
[2020-09-11T12:50:05.682+0000][1][gc,heap,exit ]  concurrent mark-sweep generation total 2011968K, used 78820K [0x0000000085330000, 0x0000000100000000, 0x0000000100000000)
[2020-09-11T12:50:05.682+0000][1][gc,heap,exit ]  Metaspace       used 78460K, capacity 84651K, committed 84888K, reserved 1122304K
[2020-09-11T12:50:05.682+0000][1][gc,heap,exit ]   class space    used 10611K, capacity 13184K, committed 13296K, reserved 1048576K
