[2020-09-11T13:09:49.622+0000][1][gc] Using Concurrent Mark Sweep
[2020-09-11T13:09:49.622+0000][1][gc,heap,coops] Heap address: 0x0000000080000000, size: 2048 MB, Compressed Oops mode: 32-bit
[2020-09-11T13:09:49.887+0000][1][safepoint    ] Safepoint "EnableBiasedLocking", Time since last: 235010169 ns, Reaching safepoint: 4083488 ns, At safepoint: 44059 ns, Total: 4127547 ns
[2020-09-11T13:09:49.895+0000][1][safepoint    ] Safepoint "RevokeBias", Time since last: 4519642 ns, Reaching safepoint: 2741120 ns, At safepoint: 41332 ns, Total: 2782452 ns
[2020-09-11T13:09:49.959+0000][1][safepoint    ] Safepoint "Deoptimize", Time since last: 61833572 ns, Reaching safepoint: 2519874 ns, At safepoint: 38521 ns, Total: 2558395 ns
[2020-09-11T13:09:50.612+0000][1][safepoint    ] Safepoint "Deoptimize", Time since last: 652328959 ns, Reaching safepoint: 106363 ns, At safepoint: 25931 ns, Total: 132294 ns
[2020-09-11T13:09:50.617+0000][1][safepoint    ] Safepoint "Deoptimize", Time since last: 1913220 ns, Reaching safepoint: 3321770 ns, At safepoint: 32633 ns, Total: 3354403 ns
[2020-09-11T13:09:50.866+0000][1][safepoint    ] Safepoint "Deoptimize", Time since last: 246571702 ns, Reaching safepoint: 2196124 ns, At safepoint: 39619 ns, Total: 2235743 ns
[2020-09-11T13:09:51.875+0000][1][safepoint    ] Safepoint "Cleanup", Time since last: 1005705112 ns, Reaching safepoint: 4033563 ns, At safepoint: 8631 ns, Total: 4042194 ns
[2020-09-11T13:09:52.877+0000][1][safepoint    ] Safepoint "Cleanup", Time since last: 1000978735 ns, Reaching safepoint: 116821 ns, At safepoint: 4162 ns, Total: 120983 ns
[2020-09-11T13:09:53.115+0000][1][safepoint    ] Safepoint "Deoptimize", Time since last: 238498027 ns, Reaching safepoint: 109475 ns, At safepoint: 63611 ns, Total: 173086 ns
[2020-09-11T13:09:53.445+0000][1][safepoint    ] Safepoint "Deoptimize", Time since last: 329799966 ns, Reaching safepoint: 99068 ns, At safepoint: 61588 ns, Total: 160656 ns
[2020-09-11T13:09:53.737+0000][1][safepoint    ] Safepoint "Deoptimize", Time since last: 287748964 ns, Reaching safepoint: 4191215 ns, At safepoint: 65620 ns, Total: 4256835 ns
[2020-09-11T13:09:54.416+0000][1][safepoint    ] Safepoint "Deoptimize", Time since last: 678209253 ns, Reaching safepoint: 110791 ns, At safepoint: 73642 ns, Total: 184433 ns
[2020-09-11T13:09:55.424+0000][1][safepoint    ] Safepoint "Cleanup", Time since last: 1007840184 ns, Reaching safepoint: 194970 ns, At safepoint: 4883 ns, Total: 199853 ns
[2020-09-11T13:09:55.580+0000][1][safepoint    ] Safepoint "Deoptimize", Time since last: 154267909 ns, Reaching safepoint: 1521710 ns, At safepoint: 76110 ns, Total: 1597820 ns
[2020-09-11T13:09:56.594+0000][1][safepoint    ] Safepoint "Cleanup", Time since last: 1014246785 ns, Reaching safepoint: 44181 ns, At safepoint: 4593 ns, Total: 48774 ns
[2020-09-11T13:09:57.102+0000][1][safepoint    ] Safepoint "Deoptimize", Time since last: 508042114 ns, Reaching safepoint: 109224 ns, At safepoint: 82354 ns, Total: 191578 ns
[2020-09-11T13:09:58.106+0000][1][safepoint    ] Safepoint "Cleanup", Time since last: 1001381890 ns, Reaching safepoint: 2949487 ns, At safepoint: 7601 ns, Total: 2957088 ns
[2020-09-11T13:09:58.808+0000][1][safepoint    ] Safepoint "Deoptimize", Time since last: 701044116 ns, Reaching safepoint: 120328 ns, At safepoint: 106590 ns, Total: 226918 ns
[2020-09-11T13:09:58.809+0000][1][safepoint    ] Safepoint "Deoptimize", Time since last: 967443 ns, Reaching safepoint: 81704 ns, At safepoint: 54800 ns, Total: 136504 ns
[2020-09-11T13:09:59.080+0000][1][safepoint    ] Safepoint "Deoptimize", Time since last: 270614487 ns, Reaching safepoint: 530275 ns, At safepoint: 101880 ns, Total: 632155 ns
[2020-09-11T13:09:59.104+0000][1][safepoint    ] Safepoint "Deoptimize", Time since last: 23423962 ns, Reaching safepoint: 140340 ns, At safepoint: 106298 ns, Total: 246638 ns
[2020-09-11T13:09:59.162+0000][1][safepoint    ] Safepoint "RevokeBias", Time since last: 57948761 ns, Reaching safepoint: 750989 ns, At safepoint: 44875 ns, Total: 795864 ns
[2020-09-11T13:09:59.164+0000][1][safepoint    ] Safepoint "RevokeBias", Time since last: 714451 ns, Reaching safepoint: 380118 ns, At safepoint: 42866 ns, Total: 422984 ns
[2020-09-11T13:09:59.165+0000][1][safepoint    ] Safepoint "RevokeBias", Time since last: 211878 ns, Reaching safepoint: 1389042 ns, At safepoint: 35981 ns, Total: 1425023 ns
[2020-09-11T13:09:59.166+0000][1][safepoint    ] Safepoint "RevokeBias", Time since last: 162551 ns, Reaching safepoint: 939304 ns, At safepoint: 30321 ns, Total: 969625 ns
[2020-09-11T13:10:00.167+0000][1][safepoint    ] Safepoint "Cleanup", Time since last: 1000101789 ns, Reaching safepoint: 126832 ns, At safepoint: 5600 ns, Total: 132432 ns
[2020-09-11T13:10:01.180+0000][1][safepoint    ] Safepoint "Cleanup", Time since last: 1000111454 ns, Reaching safepoint: 13814989 ns, At safepoint: 13721 ns, Total: 13828710 ns
[2020-09-11T13:10:02.159+0000][1][gc,start     ] GC(0) Pause Young (Allocation Failure)
[2020-09-11T13:10:02.160+0000][1][gc,task      ] GC(0) Using 1 workers of 1 for evacuation
[2020-09-11T13:10:02.250+0000][1][gc,age       ] GC(0) Desired survivor size 4358144 bytes, new threshold 1 (max threshold 6)
[2020-09-11T13:10:02.250+0000][1][gc,age       ] GC(0) Age table with threshold 1 (max threshold 6)
[2020-09-11T13:10:02.250+0000][1][gc,age       ] GC(0) - age   1:    6437168 bytes,    6437168 total
[2020-09-11T13:10:02.250+0000][1][gc,heap      ] GC(0) ParNew: 68160K->6313K(76672K)
[2020-09-11T13:10:02.250+0000][1][gc,heap      ] GC(0) CMS: 0K->0K(2011968K)
[2020-09-11T13:10:02.250+0000][1][gc,metaspace ] GC(0) Metaspace: 13577K->13577K(1060864K)
[2020-09-11T13:10:02.250+0000][1][gc           ] GC(0) Pause Young (Allocation Failure) 66M->6M(2039M) 90.824ms
[2020-09-11T13:10:02.250+0000][1][gc,cpu       ] GC(0) User=0.02s Sys=0.00s Real=0.09s
[2020-09-11T13:10:02.283+0000][1][safepoint    ] Safepoint "GenCollectForAllocation", Time since last: 973332205 ns, Reaching safepoint: 5625593 ns, At safepoint: 123982021 ns, Total: 129607614 ns
[2020-09-11T13:10:02.308+0000][1][safepoint    ] Safepoint "RevokeBias", Time since last: 23990317 ns, Reaching safepoint: 102926 ns, At safepoint: 606775 ns, Total: 709701 ns
[2020-09-11T13:10:02.308+0000][1][safepoint    ] Safepoint "RevokeBias", Time since last: 123228 ns, Reaching safepoint: 84473 ns, At safepoint: 37097 ns, Total: 121570 ns
[2020-09-11T13:10:02.309+0000][1][safepoint    ] Safepoint "RevokeBias", Time since last: 41922 ns, Reaching safepoint: 79283 ns, At safepoint: 24920 ns, Total: 104203 ns
[2020-09-11T13:10:02.309+0000][1][safepoint    ] Safepoint "RevokeBias", Time since last: 25316 ns, Reaching safepoint: 78021 ns, At safepoint: 25239 ns, Total: 103260 ns
[2020-09-11T13:10:02.309+0000][1][safepoint    ] Safepoint "RevokeBias", Time since last: 30873 ns, Reaching safepoint: 78590 ns, At safepoint: 24661 ns, Total: 103251 ns
[2020-09-11T13:10:02.309+0000][1][safepoint    ] Safepoint "RevokeBias", Time since last: 24610 ns, Reaching safepoint: 76538 ns, At safepoint: 23537 ns, Total: 100075 ns
[2020-09-11T13:10:02.309+0000][1][safepoint    ] Safepoint "RevokeBias", Time since last: 30692 ns, Reaching safepoint: 78575 ns, At safepoint: 30061 ns, Total: 108636 ns
[2020-09-11T13:10:02.309+0000][1][safepoint    ] Safepoint "RevokeBias", Time since last: 24943 ns, Reaching safepoint: 77706 ns, At safepoint: 30110 ns, Total: 107816 ns
[2020-09-11T13:10:02.309+0000][1][safepoint    ] Safepoint "RevokeBias", Time since last: 30896 ns, Reaching safepoint: 79450 ns, At safepoint: 30812 ns, Total: 110262 ns
[2020-09-11T13:10:02.309+0000][1][safepoint    ] Safepoint "RevokeBias", Time since last: 24864 ns, Reaching safepoint: 78854 ns, At safepoint: 31195 ns, Total: 110049 ns
[2020-09-11T13:10:02.312+0000][1][safepoint    ] Safepoint "RevokeBias", Time since last: 1980388 ns, Reaching safepoint: 83511 ns, At safepoint: 390480 ns, Total: 473991 ns
[2020-09-11T13:10:02.312+0000][1][safepoint    ] Safepoint "RevokeBias", Time since last: 37993 ns, Reaching safepoint: 80439 ns, At safepoint: 22991 ns, Total: 103430 ns
[2020-09-11T13:10:02.312+0000][1][safepoint    ] Safepoint "RevokeBias", Time since last: 58984 ns, Reaching safepoint: 77659 ns, At safepoint: 22891 ns, Total: 100550 ns
[2020-09-11T13:10:02.312+0000][1][safepoint    ] Safepoint "RevokeBias", Time since last: 35934 ns, Reaching safepoint: 78134 ns, At safepoint: 30386 ns, Total: 108520 ns
[2020-09-11T13:10:02.323+0000][1][safepoint    ] Safepoint "RevokeBias", Time since last: 280936 ns, Reaching safepoint: 78679 ns, At safepoint: 10719664 ns, Total: 10798343 ns
[2020-09-11T13:10:02.324+0000][1][safepoint    ] Safepoint "RevokeBias", Time since last: 57702 ns, Reaching safepoint: 93600 ns, At safepoint: 35614 ns, Total: 129214 ns
[2020-09-11T13:10:02.324+0000][1][safepoint    ] Safepoint "RevokeBias", Time since last: 183365 ns, Reaching safepoint: 78259 ns, At safepoint: 21242 ns, Total: 99501 ns
[2020-09-11T13:10:02.324+0000][1][safepoint    ] Safepoint "RevokeBias", Time since last: 24996 ns, Reaching safepoint: 75939 ns, At safepoint: 20346 ns, Total: 96285 ns
[2020-09-11T13:10:02.343+0000][1][safepoint    ] Safepoint "RevokeBias", Time since last: 31372 ns, Reaching safepoint: 77380 ns, At safepoint: 19281836 ns, Total: 19359216 ns
[2020-09-11T13:10:02.357+0000][1][safepoint    ] Safepoint "RevokeBias", Time since last: 59990 ns, Reaching safepoint: 13009816 ns, At safepoint: 36642 ns, Total: 13046458 ns
[2020-09-11T13:10:02.357+0000][1][safepoint    ] Safepoint "RevokeBias", Time since last: 115857 ns, Reaching safepoint: 81149 ns, At safepoint: 21991 ns, Total: 103140 ns
[2020-09-11T13:10:02.357+0000][1][safepoint    ] Safepoint "RevokeBias", Time since last: 31337 ns, Reaching safepoint: 76276 ns, At safepoint: 17228 ns, Total: 93504 ns
[2020-09-11T13:10:02.357+0000][1][safepoint    ] Safepoint "RevokeBias", Time since last: 95258 ns, Reaching safepoint: 76912 ns, At safepoint: 16758 ns, Total: 93670 ns
[2020-09-11T13:10:02.357+0000][1][safepoint    ] Safepoint "RevokeBias", Time since last: 27062 ns, Reaching safepoint: 77052 ns, At safepoint: 24494 ns, Total: 101546 ns
[2020-09-11T13:10:02.364+0000][1][safepoint    ] Safepoint "RevokeBias", Time since last: 6287397 ns, Reaching safepoint: 105688 ns, At safepoint: 34365 ns, Total: 140053 ns
[2020-09-11T13:10:02.364+0000][1][safepoint    ] Safepoint "RevokeBias", Time since last: 60158 ns, Reaching safepoint: 77074 ns, At safepoint: 18205 ns, Total: 95279 ns
[2020-09-11T13:10:02.364+0000][1][safepoint    ] Safepoint "RevokeBias", Time since last: 60158 ns, Reaching safepoint: 77346 ns, At safepoint: 18349 ns, Total: 95695 ns
[2020-09-11T13:10:02.364+0000][1][safepoint    ] Safepoint "RevokeBias", Time since last: 27762 ns, Reaching safepoint: 77890 ns, At safepoint: 19517 ns, Total: 97407 ns
[2020-09-11T13:10:02.370+0000][1][safepoint    ] Safepoint "RevokeBias", Time since last: 6023450 ns, Reaching safepoint: 104355 ns, At safepoint: 34512 ns, Total: 138867 ns
[2020-09-11T13:10:02.371+0000][1][safepoint    ] Safepoint "RevokeBias", Time since last: 58355 ns, Reaching safepoint: 1142310 ns, At safepoint: 31831 ns, Total: 1174141 ns
[2020-09-11T13:10:03.448+0000][1][safepoint    ] Safepoint "Cleanup", Time since last: 1076097730 ns, Reaching safepoint: 534441 ns, At safepoint: 7469 ns, Total: 541910 ns
[2020-09-11T13:10:03.944+0000][1][safepoint    ] Safepoint "RevokeBias", Time since last: 491579347 ns, Reaching safepoint: 3846909 ns, At safepoint: 42774 ns, Total: 3889683 ns
[2020-09-11T13:10:04.950+0000][1][safepoint    ] Safepoint "Cleanup", Time since last: 1005470241 ns, Reaching safepoint: 585921 ns, At safepoint: 5252 ns, Total: 591173 ns
[2020-09-11T13:10:05.928+0000][1][safepoint    ] Safepoint "Deoptimize", Time since last: 975479012 ns, Reaching safepoint: 2464756 ns, At safepoint: 165322 ns, Total: 2630078 ns
[2020-09-11T13:10:06.682+0000][1][safepoint    ] Safepoint "Deoptimize", Time since last: 751034453 ns, Reaching safepoint: 3481347 ns, At safepoint: 174987 ns, Total: 3656334 ns
[2020-09-11T13:10:06.732+0000][1][safepoint    ] Safepoint "Deoptimize", Time since last: 45874296 ns, Reaching safepoint: 3154994 ns, At safepoint: 168296 ns, Total: 3323290 ns
[2020-09-11T13:10:06.764+0000][1][gc,start     ] GC(1) Pause Young (Allocation Failure)
[2020-09-11T13:10:06.764+0000][1][gc,task      ] GC(1) Using 1 workers of 1 for evacuation
[2020-09-11T13:10:06.979+0000][1][gc,age       ] GC(1) Desired survivor size 4358144 bytes, new threshold 6 (max threshold 6)
[2020-09-11T13:10:06.979+0000][1][gc,age       ] GC(1) Age table with threshold 6 (max threshold 6)
[2020-09-11T13:10:06.979+0000][1][gc,age       ] GC(1) - age   1:    3983144 bytes,    3983144 total
[2020-09-11T13:10:06.980+0000][1][gc,heap      ] GC(1) ParNew: 74473K->4210K(76672K)
[2020-09-11T13:10:06.980+0000][1][gc,heap      ] GC(1) CMS: 0K->6826K(2011968K)
[2020-09-11T13:10:06.980+0000][1][gc,metaspace ] GC(1) Metaspace: 19240K->19240K(1067008K)
[2020-09-11T13:10:06.980+0000][1][gc           ] GC(1) Pause Young (Allocation Failure) 72M->10M(2039M) 215.493ms
[2020-09-11T13:10:06.980+0000][1][gc,cpu       ] GC(1) User=0.05s Sys=0.00s Real=0.21s
[2020-09-11T13:10:06.991+0000][1][safepoint    ] Safepoint "GenCollectForAllocation", Time since last: 32322632 ns, Reaching safepoint: 103923 ns, At safepoint: 227399574 ns, Total: 227503497 ns
[2020-09-11T13:10:07.016+0000][1][safepoint    ] Safepoint "BulkRevokeBias", Time since last: 17366823 ns, Reaching safepoint: 2673458 ns, At safepoint: 4567647 ns, Total: 7241105 ns
[2020-09-11T13:10:07.032+0000][1][safepoint    ] Safepoint "RevokeBias", Time since last: 130248 ns, Reaching safepoint: 15264932 ns, At safepoint: 88887 ns, Total: 15353819 ns
[2020-09-11T13:10:07.032+0000][1][safepoint    ] Safepoint "RevokeBias", Time since last: 93385 ns, Reaching safepoint: 86117 ns, At safepoint: 57374 ns, Total: 143491 ns
[2020-09-11T13:10:07.060+0000][1][safepoint    ] Safepoint "RevokeBias", Time since last: 26469801 ns, Reaching safepoint: 1201942 ns, At safepoint: 70437 ns, Total: 1272379 ns
[2020-09-11T13:10:07.062+0000][1][safepoint    ] Safepoint "RevokeBias", Time since last: 69846 ns, Reaching safepoint: 1961023 ns, At safepoint: 66474 ns, Total: 2027497 ns
[2020-09-11T13:10:07.063+0000][1][safepoint    ] Safepoint "RevokeBias", Time since last: 85233 ns, Reaching safepoint: 1731716 ns, At safepoint: 61513 ns, Total: 1793229 ns
[2020-09-11T13:10:07.064+0000][1][safepoint    ] Safepoint "RevokeBias", Time since last: 61648 ns, Reaching safepoint: 601451 ns, At safepoint: 58934 ns, Total: 660385 ns
[2020-09-11T13:10:07.065+0000][1][safepoint    ] Safepoint "RevokeBias", Time since last: 69047 ns, Reaching safepoint: 357670 ns, At safepoint: 107809 ns, Total: 465479 ns
[2020-09-11T13:10:07.065+0000][1][safepoint    ] Safepoint "RevokeBias", Time since last: 41609 ns, Reaching safepoint: 84031 ns, At safepoint: 77542 ns, Total: 161573 ns
[2020-09-11T13:10:07.065+0000][1][safepoint    ] Safepoint "RevokeBias", Time since last: 96022 ns, Reaching safepoint: 83987 ns, At safepoint: 29370 ns, Total: 113357 ns
[2020-09-11T13:10:07.065+0000][1][safepoint    ] Safepoint "RevokeBias", Time since last: 32243 ns, Reaching safepoint: 81979 ns, At safepoint: 28278 ns, Total: 110257 ns
[2020-09-11T13:10:07.080+0000][1][safepoint    ] Safepoint "RevokeBias", Time since last: 14747344 ns, Reaching safepoint: 109273 ns, At safepoint: 44013 ns, Total: 153286 ns
[2020-09-11T13:10:07.080+0000][1][safepoint    ] Safepoint "RevokeBias", Time since last: 106943 ns, Reaching safepoint: 81656 ns, At safepoint: 30552 ns, Total: 112208 ns
[2020-09-11T13:10:08.091+0000][1][safepoint    ] Safepoint "Cleanup", Time since last: 1007002684 ns, Reaching safepoint: 4051247 ns, At safepoint: 15993 ns, Total: 4067240 ns
[2020-09-11T13:10:08.312+0000][1][safepoint    ] Safepoint "Deoptimize", Time since last: 215954524 ns, Reaching safepoint: 4016059 ns, At safepoint: 176636 ns, Total: 4192695 ns
[2020-09-11T13:10:08.312+0000][1][safepoint    ] Safepoint "RevokeBias", Time since last: 568861 ns, Reaching safepoint: 84376 ns, At safepoint: 42063 ns, Total: 126439 ns
[2020-09-11T13:10:08.313+0000][1][safepoint    ] Safepoint "Deoptimize", Time since last: 867794 ns, Reaching safepoint: 84156 ns, At safepoint: 113215 ns, Total: 197371 ns
[2020-09-11T13:10:09.326+0000][1][safepoint    ] Safepoint "Cleanup", Time since last: 1012099114 ns, Reaching safepoint: 116181 ns, At safepoint: 6767 ns, Total: 122948 ns
[2020-09-11T13:10:10.053+0000][1][gc,start     ] GC(2) Pause Young (Allocation Failure)
[2020-09-11T13:10:10.054+0000][1][gc,task      ] GC(2) Using 1 workers of 1 for evacuation
[2020-09-11T13:10:10.126+0000][1][gc,age       ] GC(2) Desired survivor size 4358144 bytes, new threshold 6 (max threshold 6)
[2020-09-11T13:10:10.126+0000][1][gc,age       ] GC(2) Age table with threshold 6 (max threshold 6)
[2020-09-11T13:10:10.126+0000][1][gc,age       ] GC(2) - age   1:     426368 bytes,     426368 total
[2020-09-11T13:10:10.126+0000][1][gc,age       ] GC(2) - age   2:    3894280 bytes,    4320648 total
[2020-09-11T13:10:10.126+0000][1][gc,heap      ] GC(2) ParNew: 72370K->7933K(76672K)
[2020-09-11T13:10:10.126+0000][1][gc,heap      ] GC(2) CMS: 6826K->6826K(2011968K)
[2020-09-11T13:10:10.126+0000][1][gc,metaspace ] GC(2) Metaspace: 20192K->20192K(1067008K)
[2020-09-11T13:10:10.126+0000][1][gc           ] GC(2) Pause Young (Allocation Failure) 77M->14M(2039M) 72.968ms
[2020-09-11T13:10:10.126+0000][1][gc,cpu       ] GC(2) User=0.02s Sys=0.00s Real=0.08s
[2020-09-11T13:10:10.155+0000][1][safepoint    ] Safepoint "GenCollectForAllocation", Time since last: 727726772 ns, Reaching safepoint: 122127 ns, At safepoint: 101972670 ns, Total: 102094797 ns
[2020-09-11T13:10:10.196+0000][1][safepoint    ] Safepoint "RevokeBias", Time since last: 35978137 ns, Reaching safepoint: 4022736 ns, At safepoint: 52299 ns, Total: 4075035 ns
[2020-09-11T13:10:10.197+0000][1][safepoint    ] Safepoint "RevokeBias", Time since last: 73252 ns, Reaching safepoint: 1306476 ns, At safepoint: 47665 ns, Total: 1354141 ns
[2020-09-11T13:10:10.199+0000][1][safepoint    ] Safepoint "RevokeBias", Time since last: 166459 ns, Reaching safepoint: 2328872 ns, At safepoint: 42010 ns, Total: 2370882 ns
[2020-09-11T13:10:10.200+0000][1][safepoint    ] Safepoint "RevokeBias", Time since last: 34604 ns, Reaching safepoint: 82577 ns, At safepoint: 28856 ns, Total: 111433 ns
[2020-09-11T13:10:10.202+0000][1][safepoint    ] Safepoint "RevokeBias", Time since last: 25307 ns, Reaching safepoint: 1864419 ns, At safepoint: 37295 ns, Total: 1901714 ns
[2020-09-11T13:10:11.202+0000][1][safepoint    ] Safepoint "Cleanup", Time since last: 1000349846 ns, Reaching safepoint: 117321 ns, At safepoint: 6547 ns, Total: 123868 ns
[2020-09-11T13:10:11.233+0000][1][gc,start     ] GC(3) Pause Young (Allocation Failure)
[2020-09-11T13:10:11.233+0000][1][gc,task      ] GC(3) Using 1 workers of 1 for evacuation
[2020-09-11T13:10:11.378+0000][1][gc,age       ] GC(3) Desired survivor size 4358144 bytes, new threshold 3 (max threshold 6)
[2020-09-11T13:10:11.378+0000][1][gc,age       ] GC(3) Age table with threshold 3 (max threshold 6)
[2020-09-11T13:10:11.378+0000][1][gc,age       ] GC(3) - age   1:    1709392 bytes,    1709392 total
[2020-09-11T13:10:11.378+0000][1][gc,age       ] GC(3) - age   2:     400296 bytes,    2109688 total
[2020-09-11T13:10:11.378+0000][1][gc,age       ] GC(3) - age   3:    3894264 bytes,    6003952 total
[2020-09-11T13:10:11.378+0000][1][gc,heap      ] GC(3) ParNew: 76093K->7712K(76672K)
[2020-09-11T13:10:11.378+0000][1][gc,heap      ] GC(3) CMS: 6826K->6826K(2011968K)
[2020-09-11T13:10:11.378+0000][1][gc,metaspace ] GC(3) Metaspace: 20305K->20305K(1067008K)
[2020-09-11T13:10:11.378+0000][1][gc           ] GC(3) Pause Young (Allocation Failure) 80M->14M(2039M) 145.430ms
[2020-09-11T13:10:11.378+0000][1][gc,cpu       ] GC(3) User=0.03s Sys=0.00s Real=0.15s
[2020-09-11T13:10:11.391+0000][1][safepoint    ] Safepoint "GenCollectForAllocation", Time since last: 30653971 ns, Reaching safepoint: 98795 ns, At safepoint: 158641306 ns, Total: 158740101 ns
[2020-09-11T13:10:11.417+0000][1][safepoint    ] Safepoint "RevokeBias", Time since last: 15603264 ns, Reaching safepoint: 9483893 ns, At safepoint: 47632 ns, Total: 9531525 ns
[2020-09-11T13:10:11.417+0000][1][safepoint    ] Safepoint "RevokeBias", Time since last: 64868 ns, Reaching safepoint: 79872 ns, At safepoint: 30671 ns, Total: 110543 ns
[2020-09-11T13:10:11.417+0000][1][safepoint    ] Safepoint "RevokeBias", Time since last: 54516 ns, Reaching safepoint: 92338 ns, At safepoint: 31246 ns, Total: 123584 ns
[2020-09-11T13:10:11.417+0000][1][safepoint    ] Safepoint "RevokeBias", Time since last: 25279 ns, Reaching safepoint: 77639 ns, At safepoint: 26957 ns, Total: 104596 ns
[2020-09-11T13:10:11.417+0000][1][safepoint    ] Safepoint "RevokeBias", Time since last: 27328 ns, Reaching safepoint: 77768 ns, At safepoint: 27015 ns, Total: 104783 ns
[2020-09-11T13:10:11.417+0000][1][safepoint    ] Safepoint "RevokeBias", Time since last: 23537 ns, Reaching safepoint: 77375 ns, At safepoint: 28574 ns, Total: 105949 ns
[2020-09-11T13:10:11.417+0000][1][safepoint    ] Safepoint "RevokeBias", Time since last: 27116 ns, Reaching safepoint: 77348 ns, At safepoint: 27681 ns, Total: 105029 ns
[2020-09-11T13:10:11.418+0000][1][safepoint    ] Safepoint "RevokeBias", Time since last: 22903 ns, Reaching safepoint: 76381 ns, At safepoint: 26479 ns, Total: 102860 ns
[2020-09-11T13:10:12.216+0000][1][safepoint    ] Safepoint "CollectForMetadataAllocation", Time since last: 797826281 ns, Reaching safepoint: 65318 ns, At safepoint: 116075 ns, Total: 181393 ns
[2020-09-11T13:10:12.281+0000][1][safepoint    ] Safepoint "RevokeBias", Time since last: 64869458 ns, Reaching safepoint: 96205 ns, At safepoint: 16490 ns, Total: 112695 ns
[2020-09-11T13:10:12.281+0000][1][safepoint    ] Safepoint "RevokeBias", Time since last: 62111 ns, Reaching safepoint: 79081 ns, At safepoint: 8577 ns, Total: 87658 ns
[2020-09-11T13:10:12.392+0000][1][safepoint    ] Safepoint "CollectForMetadataAllocation", Time since last: 110749522 ns, Reaching safepoint: 110522 ns, At safepoint: 129945 ns, Total: 240467 ns
[2020-09-11T13:10:12.628+0000][1][gc,start     ] GC(4) Pause Young (Allocation Failure)
[2020-09-11T13:10:12.628+0000][1][gc,task      ] GC(4) Using 1 workers of 1 for evacuation
[2020-09-11T13:10:12.714+0000][1][gc,age       ] GC(4) Desired survivor size 4358144 bytes, new threshold 6 (max threshold 6)
[2020-09-11T13:10:12.714+0000][1][gc,age       ] GC(4) Age table with threshold 6 (max threshold 6)
[2020-09-11T13:10:12.714+0000][1][gc,age       ] GC(4) - age   1:    1783664 bytes,    1783664 total
[2020-09-11T13:10:12.714+0000][1][gc,age       ] GC(4) - age   2:     319632 bytes,    2103296 total
[2020-09-11T13:10:12.714+0000][1][gc,age       ] GC(4) - age   3:     400200 bytes,    2503496 total
[2020-09-11T13:10:12.714+0000][1][gc,heap      ] GC(4) ParNew: 75872K->5040K(76672K)
[2020-09-11T13:10:12.714+0000][1][gc,heap      ] GC(4) CMS: 6826K->10660K(2011968K)
[2020-09-11T13:10:12.714+0000][1][gc,metaspace ] GC(4) Metaspace: 20860K->20860K(1069056K)
[2020-09-11T13:10:12.714+0000][1][gc           ] GC(4) Pause Young (Allocation Failure) 80M->15M(2039M) 86.399ms
[2020-09-11T13:10:12.714+0000][1][gc,cpu       ] GC(4) User=0.02s Sys=0.00s Real=0.08s
[2020-09-11T13:10:12.743+0000][1][safepoint    ] Safepoint "GenCollectForAllocation", Time since last: 235839939 ns, Reaching safepoint: 116331 ns, At safepoint: 115520884 ns, Total: 115637215 ns
[2020-09-11T13:10:12.759+0000][1][gc,start     ] GC(5) Pause Initial Mark
[2020-09-11T13:10:12.761+0000][1][gc           ] GC(5) Pause Initial Mark 20M->20M(2039M) 1.860ms
[2020-09-11T13:10:12.761+0000][1][gc,cpu       ] GC(5) User=0.01s Sys=0.00s Real=0.00s
[2020-09-11T13:10:12.815+0000][1][safepoint    ] Safepoint "BulkRevokeBias", Time since last: 15509510 ns, Reaching safepoint: 771919 ns, At safepoint: 55558554 ns, Total: 56330473 ns
[2020-09-11T13:10:12.816+0000][1][gc           ] GC(5) Concurrent Mark
[2020-09-11T13:10:12.857+0000][1][safepoint    ] Safepoint "RevokeBias", Time since last: 17778452 ns, Reaching safepoint: 23737450 ns, At safepoint: 49719 ns, Total: 23787169 ns
[2020-09-11T13:10:12.903+0000][1][safepoint    ] Safepoint "RevokeBias", Time since last: 14035555 ns, Reaching safepoint: 32857461 ns, At safepoint: 40837 ns, Total: 32898298 ns
[2020-09-11T13:10:13.005+0000][1][gc           ] GC(5) Concurrent Mark 189.462ms
[2020-09-11T13:10:13.005+0000][1][gc,cpu       ] GC(5) User=0.05s Sys=0.00s Real=0.19s
[2020-09-11T13:10:13.020+0000][1][safepoint    ] Safepoint "RevokeBias", Time since last: 11964100 ns, Reaching safepoint: 104495600 ns, At safepoint: 32200 ns, Total: 104527800 ns
[2020-09-11T13:10:13.020+0000][1][safepoint    ] Safepoint "RevokeBias", Time since last: 66486 ns, Reaching safepoint: 80260 ns, At safepoint: 16960 ns, Total: 97220 ns
[2020-09-11T13:10:13.020+0000][1][safepoint    ] Safepoint "RevokeBias", Time since last: 27456 ns, Reaching safepoint: 79823 ns, At safepoint: 25605 ns, Total: 105428 ns
[2020-09-11T13:10:13.023+0000][1][gc           ] GC(5) Concurrent Preclean
[2020-09-11T13:10:13.026+0000][1][gc           ] GC(5) Concurrent Preclean 2.403ms
[2020-09-11T13:10:13.026+0000][1][gc,cpu       ] GC(5) User=0.00s Sys=0.00s Real=0.00s
[2020-09-11T13:10:13.026+0000][1][gc           ] GC(5) Concurrent Abortable Preclean
[2020-09-11T13:10:13.496+0000][1][safepoint    ] Safepoint "Deoptimize", Time since last: 475172307 ns, Reaching safepoint: 115682 ns, At safepoint: 196700 ns, Total: 312382 ns
[2020-09-11T13:10:13.576+0000][1][safepoint    ] Safepoint "CollectForMetadataAllocation", Time since last: 79668989 ns, Reaching safepoint: 53914 ns, At safepoint: 68309 ns, Total: 122223 ns
[2020-09-11T13:10:13.994+0000][1][safepoint    ] Safepoint "Deoptimize", Time since last: 418387074 ns, Reaching safepoint: 97681 ns, At safepoint: 187367 ns, Total: 285048 ns
[2020-09-11T13:10:14.308+0000][1][gc,start     ] GC(6) Pause Young (Allocation Failure)
[2020-09-11T13:10:14.309+0000][1][gc,task      ] GC(6) Using 1 workers of 1 for evacuation
[2020-09-11T13:10:14.323+0000][1][gc           ] GC(5) Concurrent Abortable Preclean 1296.758ms
[2020-09-11T13:10:14.323+0000][1][gc,cpu       ] GC(5) User=0.32s Sys=0.01s Real=1.29s
[2020-09-11T13:10:14.454+0000][1][gc,age       ] GC(6) Desired survivor size 4358144 bytes, new threshold 6 (max threshold 6)
[2020-09-11T13:10:14.454+0000][1][gc,age       ] GC(6) Age table with threshold 6 (max threshold 6)
[2020-09-11T13:10:14.454+0000][1][gc,age       ] GC(6) - age   1:    2313784 bytes,    2313784 total
[2020-09-11T13:10:14.454+0000][1][gc,age       ] GC(6) - age   2:    1252024 bytes,    3565808 total
[2020-09-11T13:10:14.454+0000][1][gc,age       ] GC(6) - age   3:     319632 bytes,    3885440 total
[2020-09-11T13:10:14.454+0000][1][gc,age       ] GC(6) - age   4:     400200 bytes,    4285640 total
[2020-09-11T13:10:14.454+0000][1][gc,heap      ] GC(6) ParNew: 73200K->4353K(76672K)
[2020-09-11T13:10:14.454+0000][1][gc,heap      ] GC(6) CMS: 10660K->10660K(2011968K)
[2020-09-11T13:10:14.454+0000][1][gc,metaspace ] GC(6) Metaspace: 21180K->21180K(1069056K)
[2020-09-11T13:10:14.454+0000][1][gc           ] GC(6) Pause Young (Allocation Failure) 81M->14M(2039M) 145.167ms
[2020-09-11T13:10:14.454+0000][1][gc,cpu       ] GC(6) User=0.04s Sys=0.00s Real=0.14s
[2020-09-11T13:10:14.467+0000][1][safepoint    ] Safepoint "GenCollectForAllocation", Time since last: 314123408 ns, Reaching safepoint: 106787 ns, At safepoint: 158967554 ns, Total: 159074341 ns
[2020-09-11T13:10:14.495+0000][1][gc,start     ] GC(5) Pause Remark
[2020-09-11T13:10:14.561+0000][1][gc           ] GC(5) Pause Remark 17M->17M(2039M) 65.408ms
[2020-09-11T13:10:14.561+0000][1][gc,cpu       ] GC(5) User=0.02s Sys=0.00s Real=0.06s
[2020-09-11T13:10:14.584+0000][1][safepoint    ] Safepoint "CMS_Final_Remark", Time since last: 18113994 ns, Reaching safepoint: 9898632 ns, At safepoint: 88305901 ns, Total: 98204533 ns
[2020-09-11T13:10:14.584+0000][1][gc           ] GC(5) Concurrent Sweep
[2020-09-11T13:10:14.587+0000][1][gc           ] GC(5) Concurrent Sweep 2.973ms
[2020-09-11T13:10:14.587+0000][1][gc,cpu       ] GC(5) User=0.01s Sys=0.00s Real=0.00s
[2020-09-11T13:10:14.587+0000][1][gc           ] GC(5) Concurrent Reset
[2020-09-11T13:10:14.596+0000][1][safepoint    ] Safepoint "RevokeBias", Time since last: 11697599 ns, Reaching safepoint: 435857 ns, At safepoint: 75362 ns, Total: 511219 ns
[2020-09-11T13:10:14.596+0000][1][safepoint    ] Safepoint "RevokeBias", Time since last: 82465 ns, Reaching safepoint: 79937 ns, At safepoint: 24730 ns, Total: 104667 ns
[2020-09-11T13:10:14.596+0000][1][safepoint    ] Safepoint "RevokeBias", Time since last: 26244 ns, Reaching safepoint: 77553 ns, At safepoint: 23732 ns, Total: 101285 ns
[2020-09-11T13:10:14.596+0000][1][safepoint    ] Safepoint "RevokeBias", Time since last: 27966 ns, Reaching safepoint: 78708 ns, At safepoint: 38992 ns, Total: 117700 ns
[2020-09-11T13:10:14.610+0000][1][gc           ] GC(5) Concurrent Reset 23.416ms
[2020-09-11T13:10:14.610+0000][1][gc,cpu       ] GC(5) User=0.00s Sys=0.00s Real=0.02s
[2020-09-11T13:10:14.610+0000][1][gc,heap      ] GC(5) Old: 10660K->10660K(2011968K)
[2020-09-11T13:10:14.614+0000][1][safepoint    ] Safepoint "RevokeBias", Time since last: 13988757 ns, Reaching safepoint: 3972082 ns, At safepoint: 46274 ns, Total: 4018356 ns
[2020-09-11T13:10:15.398+0000][1][gc,start     ] GC(7) Pause Young (Allocation Failure)
[2020-09-11T13:10:15.398+0000][1][gc,task      ] GC(7) Using 1 workers of 1 for evacuation
[2020-09-11T13:10:15.471+0000][1][gc,age       ] GC(7) Desired survivor size 4358144 bytes, new threshold 5 (max threshold 6)
[2020-09-11T13:10:15.471+0000][1][gc,age       ] GC(7) Age table with threshold 5 (max threshold 6)
[2020-09-11T13:10:15.471+0000][1][gc,age       ] GC(7) - age   1:     955184 bytes,     955184 total
[2020-09-11T13:10:15.471+0000][1][gc,age       ] GC(7) - age   2:    1525912 bytes,    2481096 total
[2020-09-11T13:10:15.471+0000][1][gc,age       ] GC(7) - age   3:    1251512 bytes,    3732608 total
[2020-09-11T13:10:15.471+0000][1][gc,age       ] GC(7) - age   4:     319632 bytes,    4052240 total
[2020-09-11T13:10:15.471+0000][1][gc,age       ] GC(7) - age   5:     400144 bytes,    4452384 total
[2020-09-11T13:10:15.471+0000][1][gc,heap      ] GC(7) ParNew: 72513K->7366K(76672K)
[2020-09-11T13:10:15.471+0000][1][gc,heap      ] GC(7) CMS: 10660K->10660K(2011968K)
[2020-09-11T13:10:15.471+0000][1][gc,metaspace ] GC(7) Metaspace: 21260K->21260K(1069056K)
[2020-09-11T13:10:15.471+0000][1][gc           ] GC(7) Pause Young (Allocation Failure) 81M->17M(2039M) 73.054ms
[2020-09-11T13:10:15.471+0000][1][gc,cpu       ] GC(7) User=0.02s Sys=0.00s Real=0.07s
[2020-09-11T13:10:15.499+0000][1][safepoint    ] Safepoint "GenCollectForAllocation", Time since last: 783020252 ns, Reaching safepoint: 115288 ns, At safepoint: 101888460 ns, Total: 102003748 ns
[2020-09-11T13:10:15.516+0000][1][safepoint    ] Safepoint "RevokeBias", Time since last: 16776438 ns, Reaching safepoint: 95743 ns, At safepoint: 24729 ns, Total: 120472 ns
[2020-09-11T13:10:15.516+0000][1][safepoint    ] Safepoint "RevokeBias", Time since last: 51002 ns, Reaching safepoint: 79452 ns, At safepoint: 18125 ns, Total: 97577 ns
[2020-09-11T13:10:15.517+0000][1][safepoint    ] Safepoint "RevokeBias", Time since last: 41378 ns, Reaching safepoint: 78882 ns, At safepoint: 19138 ns, Total: 98020 ns
[2020-09-11T13:10:15.517+0000][1][safepoint    ] Safepoint "RevokeBias", Time since last: 29723 ns, Reaching safepoint: 78084 ns, At safepoint: 19394 ns, Total: 97478 ns
[2020-09-11T13:10:16.304+0000][1][gc,start     ] GC(8) Pause Young (Allocation Failure)
[2020-09-11T13:10:16.304+0000][1][gc,task      ] GC(8) Using 1 workers of 1 for evacuation
[2020-09-11T13:10:16.389+0000][1][gc,age       ] GC(8) Desired survivor size 4358144 bytes, new threshold 4 (max threshold 6)
[2020-09-11T13:10:16.389+0000][1][gc,age       ] GC(8) Age table with threshold 4 (max threshold 6)
[2020-09-11T13:10:16.389+0000][1][gc,age       ] GC(8) - age   1:    2112752 bytes,    2112752 total
[2020-09-11T13:10:16.389+0000][1][gc,age       ] GC(8) - age   2:     446088 bytes,    2558840 total
[2020-09-11T13:10:16.389+0000][1][gc,age       ] GC(8) - age   3:    1523976 bytes,    4082816 total
[2020-09-11T13:10:16.389+0000][1][gc,age       ] GC(8) - age   4:    1250856 bytes,    5333672 total
[2020-09-11T13:10:16.389+0000][1][gc,age       ] GC(8) - age   5:     319632 bytes,    5653304 total
[2020-09-11T13:10:16.390+0000][1][gc,heap      ] GC(8) ParNew: 75526K->7653K(76672K)
[2020-09-11T13:10:16.390+0000][1][gc,heap      ] GC(8) CMS: 10660K->11053K(2011968K)
[2020-09-11T13:10:16.390+0000][1][gc,metaspace ] GC(8) Metaspace: 21445K->21445K(1069056K)
[2020-09-11T13:10:16.390+0000][1][gc           ] GC(8) Pause Young (Allocation Failure) 84M->18M(2039M) 85.975ms
[2020-09-11T13:10:16.390+0000][1][gc,cpu       ] GC(8) User=0.02s Sys=0.00s Real=0.08s
[2020-09-11T13:10:16.415+0000][1][safepoint    ] Safepoint "GenCollectForAllocation", Time since last: 786710285 ns, Reaching safepoint: 106751 ns, At safepoint: 111880387 ns, Total: 111987138 ns
[2020-09-11T13:10:16.448+0000][1][safepoint    ] Safepoint "RevokeBias", Time since last: 16037366 ns, Reaching safepoint: 15979985 ns, At safepoint: 46531 ns, Total: 16026516 ns
[2020-09-11T13:10:16.448+0000][1][safepoint    ] Safepoint "RevokeBias", Time since last: 64908 ns, Reaching safepoint: 83420 ns, At safepoint: 18490 ns, Total: 101910 ns
[2020-09-11T13:10:16.455+0000][1][safepoint    ] Safepoint "RevokeBias", Time since last: 2515692 ns, Reaching safepoint: 5251827 ns, At safepoint: 44492 ns, Total: 5296319 ns
[2020-09-11T13:10:16.459+0000][1][safepoint    ] Safepoint "RevokeBias", Time since last: 550176 ns, Reaching safepoint: 3391603 ns, At safepoint: 36495 ns, Total: 3428098 ns
[2020-09-11T13:10:17.166+0000][1][gc,start     ] GC(9) Pause Young (Allocation Failure)
[2020-09-11T13:10:17.166+0000][1][gc,task      ] GC(9) Using 1 workers of 1 for evacuation
[2020-09-11T13:10:17.251+0000][1][gc,age       ] GC(9) Desired survivor size 4358144 bytes, new threshold 6 (max threshold 6)
[2020-09-11T13:10:17.251+0000][1][gc,age       ] GC(9) Age table with threshold 6 (max threshold 6)
[2020-09-11T13:10:17.251+0000][1][gc,age       ] GC(9) - age   1:     375584 bytes,     375584 total
[2020-09-11T13:10:17.251+0000][1][gc,age       ] GC(9) - age   2:     829384 bytes,    1204968 total
[2020-09-11T13:10:17.251+0000][1][gc,age       ] GC(9) - age   3:     446008 bytes,    1650976 total
[2020-09-11T13:10:17.251+0000][1][gc,age       ] GC(9) - age   4:    1523976 bytes,    3174952 total
[2020-09-11T13:10:17.251+0000][1][gc,heap      ] GC(9) ParNew: 75813K->4778K(76672K)
[2020-09-11T13:10:17.251+0000][1][gc,heap      ] GC(9) CMS: 11053K->12605K(2011968K)
[2020-09-11T13:10:17.251+0000][1][gc,metaspace ] GC(9) Metaspace: 21571K->21571K(1069056K)
[2020-09-11T13:10:17.251+0000][1][gc           ] GC(9) Pause Young (Allocation Failure) 84M->16M(2039M) 85.037ms
[2020-09-11T13:10:17.251+0000][1][gc,cpu       ] GC(9) User=0.03s Sys=0.00s Real=0.08s
[2020-09-11T13:10:17.267+0000][1][safepoint    ] Safepoint "GenCollectForAllocation", Time since last: 706377351 ns, Reaching safepoint: 106448 ns, At safepoint: 101469890 ns, Total: 101576338 ns
[2020-09-11T13:10:17.303+0000][1][safepoint    ] Safepoint "RevokeBias", Time since last: 27984504 ns, Reaching safepoint: 8030398 ns, At safepoint: 37054 ns, Total: 8067452 ns
[2020-09-11T13:10:17.308+0000][1][safepoint    ] Safepoint "RevokeBias", Time since last: 3964666 ns, Reaching safepoint: 88984 ns, At safepoint: 24399 ns, Total: 113383 ns
[2020-09-11T13:10:17.308+0000][1][safepoint    ] Safepoint "RevokeBias", Time since last: 54402 ns, Reaching safepoint: 78225 ns, At safepoint: 19768 ns, Total: 97993 ns
[2020-09-11T13:10:17.308+0000][1][safepoint    ] Safepoint "RevokeBias", Time since last: 28909 ns, Reaching safepoint: 77174 ns, At safepoint: 18615 ns, Total: 95789 ns
[2020-09-11T13:10:17.308+0000][1][safepoint    ] Safepoint "RevokeBias", Time since last: 31424 ns, Reaching safepoint: 76892 ns, At safepoint: 17485 ns, Total: 94377 ns
[2020-09-11T13:10:17.308+0000][1][safepoint    ] Safepoint "RevokeBias", Time since last: 27167 ns, Reaching safepoint: 76308 ns, At safepoint: 17091 ns, Total: 93399 ns
[2020-09-11T13:10:17.472+0000][1][safepoint    ] Safepoint "RevokeBias", Time since last: 163353125 ns, Reaching safepoint: 109195 ns, At safepoint: 16733 ns, Total: 125928 ns
[2020-09-11T13:10:17.480+0000][1][safepoint    ] Safepoint "RevokeBias", Time since last: 7874712 ns, Reaching safepoint: 106905 ns, At safepoint: 19394 ns, Total: 126299 ns
[2020-09-11T13:10:18.012+0000][1][gc,start     ] GC(10) Pause Young (Allocation Failure)
[2020-09-11T13:10:18.012+0000][1][gc,task      ] GC(10) Using 1 workers of 1 for evacuation
[2020-09-11T13:10:18.126+0000][1][gc,age       ] GC(10) Desired survivor size 4358144 bytes, new threshold 6 (max threshold 6)
[2020-09-11T13:10:18.126+0000][1][gc,age       ] GC(10) Age table with threshold 6 (max threshold 6)
[2020-09-11T13:10:18.126+0000][1][gc,age       ] GC(10) - age   1:     677608 bytes,     677608 total
[2020-09-11T13:10:18.126+0000][1][gc,age       ] GC(10) - age   2:     146816 bytes,     824424 total
[2020-09-11T13:10:18.126+0000][1][gc,age       ] GC(10) - age   3:     829384 bytes,    1653808 total
[2020-09-11T13:10:18.126+0000][1][gc,age       ] GC(10) - age   4:     445984 bytes,    2099792 total
[2020-09-11T13:10:18.126+0000][1][gc,age       ] GC(10) - age   5:    1523976 bytes,    3623768 total
[2020-09-11T13:10:18.126+0000][1][gc,heap      ] GC(10) ParNew: 72938K->7040K(76672K)
[2020-09-11T13:10:18.126+0000][1][gc,heap      ] GC(10) CMS: 12605K->12605K(2011968K)
[2020-09-11T13:10:18.126+0000][1][gc,metaspace ] GC(10) Metaspace: 21708K->21708K(1069056K)
[2020-09-11T13:10:18.126+0000][1][gc           ] GC(10) Pause Young (Allocation Failure) 83M->19M(2039M) 113.461ms
[2020-09-11T13:10:18.126+0000][1][gc,cpu       ] GC(10) User=0.03s Sys=0.00s Real=0.12s
[2020-09-11T13:10:18.147+0000][1][safepoint    ] Safepoint "GenCollectForAllocation", Time since last: 532758786 ns, Reaching safepoint: 105742 ns, At safepoint: 135005837 ns, Total: 135111579 ns
[2020-09-11T13:10:18.164+0000][1][safepoint    ] Safepoint "BulkRevokeBias", Time since last: 16040342 ns, Reaching safepoint: 97836 ns, At safepoint: 56155 ns, Total: 153991 ns
[2020-09-11T13:10:18.184+0000][1][safepoint    ] Safepoint "BulkRevokeBias", Time since last: 19820513 ns, Reaching safepoint: 974900 ns, At safepoint: 58281 ns, Total: 1033181 ns
[2020-09-11T13:10:19.268+0000][1][gc,start     ] GC(11) Pause Young (Allocation Failure)
[2020-09-11T13:10:19.268+0000][1][gc,task      ] GC(11) Using 1 workers of 1 for evacuation
[2020-09-11T13:10:19.361+0000][1][gc,age       ] GC(11) Desired survivor size 4358144 bytes, new threshold 6 (max threshold 6)
[2020-09-11T13:10:19.361+0000][1][gc,age       ] GC(11) Age table with threshold 6 (max threshold 6)
[2020-09-11T13:10:19.361+0000][1][gc,age       ] GC(11) - age   1:    2433856 bytes,    2433856 total
[2020-09-11T13:10:19.361+0000][1][gc,age       ] GC(11) - age   2:     402816 bytes,    2836672 total
[2020-09-11T13:10:19.361+0000][1][gc,age       ] GC(11) - age   3:     146816 bytes,    2983488 total
[2020-09-11T13:10:19.361+0000][1][gc,age       ] GC(11) - age   4:     829384 bytes,    3812872 total
[2020-09-11T13:10:19.361+0000][1][gc,age       ] GC(11) - age   5:     445984 bytes,    4258856 total
[2020-09-11T13:10:19.361+0000][1][gc,age       ] GC(11) - age   6:    1523664 bytes,    5782520 total
[2020-09-11T13:10:19.361+0000][1][gc,heap      ] GC(11) ParNew: 75200K->6621K(76672K)
[2020-09-11T13:10:19.361+0000][1][gc,heap      ] GC(11) CMS: 12605K->12605K(2011968K)
[2020-09-11T13:10:19.361+0000][1][gc,metaspace ] GC(11) Metaspace: 22613K->22613K(1071104K)
[2020-09-11T13:10:19.361+0000][1][gc           ] GC(11) Pause Young (Allocation Failure) 85M->18M(2039M) 93.190ms
[2020-09-11T13:10:19.361+0000][1][gc,cpu       ] GC(11) User=0.03s Sys=0.00s Real=0.09s
[2020-09-11T13:10:19.391+0000][1][safepoint    ] Safepoint "GenCollectForAllocation", Time since last: 1083566482 ns, Reaching safepoint: 105104 ns, At safepoint: 123292346 ns, Total: 123397450 ns
[2020-09-11T13:10:20.024+0000][1][gc,start     ] GC(12) Pause Young (Allocation Failure)
[2020-09-11T13:10:20.024+0000][1][gc,task      ] GC(12) Using 1 workers of 1 for evacuation
[2020-09-11T13:10:20.140+0000][1][gc,age       ] GC(12) Desired survivor size 4358144 bytes, new threshold 6 (max threshold 6)
[2020-09-11T13:10:20.140+0000][1][gc,age       ] GC(12) Age table with threshold 6 (max threshold 6)
[2020-09-11T13:10:20.140+0000][1][gc,age       ] GC(12) - age   1:    1006232 bytes,    1006232 total
[2020-09-11T13:10:20.140+0000][1][gc,age       ] GC(12) - age   2:     544528 bytes,    1550760 total
[2020-09-11T13:10:20.140+0000][1][gc,age       ] GC(12) - age   3:     402816 bytes,    1953576 total
[2020-09-11T13:10:20.140+0000][1][gc,age       ] GC(12) - age   4:     146712 bytes,    2100288 total
[2020-09-11T13:10:20.140+0000][1][gc,age       ] GC(12) - age   5:     829240 bytes,    2929528 total
[2020-09-11T13:10:20.140+0000][1][gc,age       ] GC(12) - age   6:     445840 bytes,    3375368 total
[2020-09-11T13:10:20.140+0000][1][gc,heap      ] GC(12) ParNew: 74781K->4787K(76672K)
[2020-09-11T13:10:20.140+0000][1][gc,heap      ] GC(12) CMS: 12605K->14105K(2011968K)
[2020-09-11T13:10:20.140+0000][1][gc,metaspace ] GC(12) Metaspace: 22636K->22636K(1071104K)
[2020-09-11T13:10:20.140+0000][1][gc           ] GC(12) Pause Young (Allocation Failure) 85M->18M(2039M) 116.542ms
[2020-09-11T13:10:20.140+0000][1][gc,cpu       ] GC(12) User=0.03s Sys=0.00s Real=0.11s
[2020-09-11T13:10:20.154+0000][1][safepoint    ] Safepoint "GenCollectForAllocation", Time since last: 631997852 ns, Reaching safepoint: 105282 ns, At safepoint: 129962502 ns, Total: 130067784 ns
[2020-09-11T13:10:20.760+0000][1][gc,start     ] GC(13) Pause Young (Allocation Failure)
[2020-09-11T13:10:20.760+0000][1][gc,task      ] GC(13) Using 1 workers of 1 for evacuation
[2020-09-11T13:10:20.853+0000][1][gc,age       ] GC(13) Desired survivor size 4358144 bytes, new threshold 6 (max threshold 6)
[2020-09-11T13:10:20.853+0000][1][gc,age       ] GC(13) Age table with threshold 6 (max threshold 6)
[2020-09-11T13:10:20.853+0000][1][gc,age       ] GC(13) - age   1:     130424 bytes,     130424 total
[2020-09-11T13:10:20.853+0000][1][gc,age       ] GC(13) - age   2:     203304 bytes,     333728 total
[2020-09-11T13:10:20.853+0000][1][gc,age       ] GC(13) - age   3:     544416 bytes,     878144 total
[2020-09-11T13:10:20.853+0000][1][gc,age       ] GC(13) - age   4:     402816 bytes,    1280960 total
[2020-09-11T13:10:20.853+0000][1][gc,age       ] GC(13) - age   5:     146712 bytes,    1427672 total
[2020-09-11T13:10:20.853+0000][1][gc,age       ] GC(13) - age   6:     829240 bytes,    2256912 total
[2020-09-11T13:10:20.853+0000][1][gc,heap      ] GC(13) ParNew: 72947K->3668K(76672K)
[2020-09-11T13:10:20.853+0000][1][gc,heap      ] GC(13) CMS: 14105K->14544K(2011968K)
[2020-09-11T13:10:20.853+0000][1][gc,metaspace ] GC(13) Metaspace: 22737K->22737K(1071104K)
[2020-09-11T13:10:20.853+0000][1][gc           ] GC(13) Pause Young (Allocation Failure) 85M->17M(2039M) 93.271ms
[2020-09-11T13:10:20.853+0000][1][gc,cpu       ] GC(13) User=0.02s Sys=0.00s Real=0.09s
[2020-09-11T13:10:20.875+0000][1][safepoint    ] Safepoint "GenCollectForAllocation", Time since last: 605938941 ns, Reaching safepoint: 108699 ns, At safepoint: 115902968 ns, Total: 116011667 ns
[2020-09-11T13:10:21.548+0000][1][gc,start     ] GC(14) Pause Young (Allocation Failure)
[2020-09-11T13:10:21.548+0000][1][gc,task      ] GC(14) Using 1 workers of 1 for evacuation
[2020-09-11T13:10:21.611+0000][1][gc,age       ] GC(14) Desired survivor size 4358144 bytes, new threshold 6 (max threshold 6)
[2020-09-11T13:10:21.611+0000][1][gc,age       ] GC(14) Age table with threshold 6 (max threshold 6)
[2020-09-11T13:10:21.611+0000][1][gc,age       ] GC(14) - age   1:    1063264 bytes,    1063264 total
[2020-09-11T13:10:21.611+0000][1][gc,age       ] GC(14) - age   2:     110272 bytes,    1173536 total
[2020-09-11T13:10:21.611+0000][1][gc,age       ] GC(14) - age   3:     203304 bytes,    1376840 total
[2020-09-11T13:10:21.611+0000][1][gc,age       ] GC(14) - age   4:     544416 bytes,    1921256 total
[2020-09-11T13:10:21.611+0000][1][gc,age       ] GC(14) - age   5:     402816 bytes,    2324072 total
[2020-09-11T13:10:21.611+0000][1][gc,age       ] GC(14) - age   6:     146712 bytes,    2470784 total
[2020-09-11T13:10:21.611+0000][1][gc,heap      ] GC(14) ParNew: 71828K->2570K(76672K)
[2020-09-11T13:10:21.611+0000][1][gc,heap      ] GC(14) CMS: 14544K->15360K(2011968K)
[2020-09-11T13:10:21.611+0000][1][gc,metaspace ] GC(14) Metaspace: 22816K->22816K(1071104K)
[2020-09-11T13:10:21.611+0000][1][gc           ] GC(14) Pause Young (Allocation Failure) 84M->17M(2039M) 63.200ms
[2020-09-11T13:10:21.611+0000][1][gc,cpu       ] GC(14) User=0.02s Sys=0.00s Real=0.06s
[2020-09-11T13:10:21.637+0000][1][safepoint    ] Safepoint "GenCollectForAllocation", Time since last: 671985370 ns, Reaching safepoint: 116095 ns, At safepoint: 89037762 ns, Total: 89153857 ns
[2020-09-11T13:10:22.312+0000][1][gc,start     ] GC(15) Pause Young (Allocation Failure)
[2020-09-11T13:10:22.312+0000][1][gc,task      ] GC(15) Using 1 workers of 1 for evacuation
[2020-09-11T13:10:22.387+0000][1][gc,age       ] GC(15) Desired survivor size 4358144 bytes, new threshold 6 (max threshold 6)
[2020-09-11T13:10:22.387+0000][1][gc,age       ] GC(15) Age table with threshold 6 (max threshold 6)
[2020-09-11T13:10:22.387+0000][1][gc,age       ] GC(15) - age   1:     939704 bytes,     939704 total
[2020-09-11T13:10:22.387+0000][1][gc,age       ] GC(15) - age   2:     311496 bytes,    1251200 total
[2020-09-11T13:10:22.387+0000][1][gc,age       ] GC(15) - age   3:     110272 bytes,    1361472 total
[2020-09-11T13:10:22.387+0000][1][gc,age       ] GC(15) - age   4:     203304 bytes,    1564776 total
[2020-09-11T13:10:22.387+0000][1][gc,age       ] GC(15) - age   5:     544416 bytes,    2109192 total
[2020-09-11T13:10:22.387+0000][1][gc,age       ] GC(15) - age   6:     402816 bytes,    2512008 total
[2020-09-11T13:10:22.387+0000][1][gc,heap      ] GC(15) ParNew: 70730K->4904K(76672K)
[2020-09-11T13:10:22.387+0000][1][gc,heap      ] GC(15) CMS: 15360K->15508K(2011968K)
[2020-09-11T13:10:22.387+0000][1][gc,metaspace ] GC(15) Metaspace: 22904K->22904K(1071104K)
[2020-09-11T13:10:22.387+0000][1][gc           ] GC(15) Pause Young (Allocation Failure) 84M->19M(2039M) 75.455ms
[2020-09-11T13:10:22.387+0000][1][gc,cpu       ] GC(15) User=0.02s Sys=0.00s Real=0.08s
[2020-09-11T13:10:22.413+0000][1][safepoint    ] Safepoint "GenCollectForAllocation", Time since last: 674835058 ns, Reaching safepoint: 114736 ns, At safepoint: 101575871 ns, Total: 101690607 ns
[2020-09-11T13:10:22.932+0000][1][gc,start     ] GC(16) Pause Young (Allocation Failure)
[2020-09-11T13:10:22.932+0000][1][gc,task      ] GC(16) Using 1 workers of 1 for evacuation
[2020-09-11T13:10:23.046+0000][1][gc,age       ] GC(16) Desired survivor size 4358144 bytes, new threshold 6 (max threshold 6)
[2020-09-11T13:10:23.046+0000][1][gc,age       ] GC(16) Age table with threshold 6 (max threshold 6)
[2020-09-11T13:10:23.046+0000][1][gc,age       ] GC(16) - age   1:    2076744 bytes,    2076744 total
[2020-09-11T13:10:23.046+0000][1][gc,age       ] GC(16) - age   2:     188744 bytes,    2265488 total
[2020-09-11T13:10:23.046+0000][1][gc,age       ] GC(16) - age   3:     311496 bytes,    2576984 total
[2020-09-11T13:10:23.046+0000][1][gc,age       ] GC(16) - age   4:     110272 bytes,    2687256 total
[2020-09-11T13:10:23.046+0000][1][gc,age       ] GC(16) - age   5:     203152 bytes,    2890408 total
[2020-09-11T13:10:23.046+0000][1][gc,age       ] GC(16) - age   6:     544416 bytes,    3434824 total
[2020-09-11T13:10:23.046+0000][1][gc,heap      ] GC(16) ParNew: 73064K->4598K(76672K)
[2020-09-11T13:10:23.046+0000][1][gc,heap      ] GC(16) CMS: 15508K->15906K(2011968K)
[2020-09-11T13:10:23.046+0000][1][gc,metaspace ] GC(16) Metaspace: 22920K->22920K(1071104K)
[2020-09-11T13:10:23.046+0000][1][gc           ] GC(16) Pause Young (Allocation Failure) 86M->20M(2039M) 114.353ms
[2020-09-11T13:10:23.046+0000][1][gc,cpu       ] GC(16) User=0.03s Sys=0.00s Real=0.12s
[2020-09-11T13:10:23.071+0000][1][safepoint    ] Safepoint "GenCollectForAllocation", Time since last: 518304929 ns, Reaching safepoint: 111300 ns, At safepoint: 139883015 ns, Total: 139994315 ns
[2020-09-11T13:10:23.172+0000][1][safepoint    ] Safepoint "Deoptimize", Time since last: 100006167 ns, Reaching safepoint: 110909 ns, At safepoint: 201838 ns, Total: 312747 ns
[2020-09-11T13:10:24.173+0000][1][safepoint    ] Safepoint "Cleanup", Time since last: 1000735289 ns, Reaching safepoint: 119077 ns, At safepoint: 6323 ns, Total: 125400 ns
[2020-09-11T13:10:24.814+0000][1][safepoint    ] Safepoint "RevokeBias", Time since last: 640656163 ns, Reaching safepoint: 242398 ns, At safepoint: 17626 ns, Total: 260024 ns
[2020-09-11T13:10:24.814+0000][1][safepoint    ] Safepoint "BulkRevokeBias", Time since last: 65992 ns, Reaching safepoint: 78904 ns, At safepoint: 46561 ns, Total: 125465 ns
[2020-09-11T13:10:25.814+0000][1][safepoint    ] Safepoint "Cleanup", Time since last: 1000086221 ns, Reaching safepoint: 516146 ns, At safepoint: 6575 ns, Total: 522721 ns
[2020-09-11T13:10:26.557+0000][1][safepoint    ] Safepoint "Deoptimize", Time since last: 742704163 ns, Reaching safepoint: 107546 ns, At safepoint: 236951 ns, Total: 344497 ns
[2020-09-11T13:10:27.796+0000][1][safepoint    ] Safepoint "Cleanup", Time since last: 1238045142 ns, Reaching safepoint: 258651 ns, At safepoint: 8295 ns, Total: 266946 ns
[2020-09-11T13:10:28.807+0000][1][safepoint    ] Safepoint "Cleanup", Time since last: 1007769071 ns, Reaching safepoint: 4005824 ns, At safepoint: 13769 ns, Total: 4019593 ns
[2020-09-11T13:10:29.812+0000][1][safepoint    ] Safepoint "Cleanup", Time since last: 1003947328 ns, Reaching safepoint: 117293 ns, At safepoint: 6352 ns, Total: 123645 ns
[2020-09-11T13:10:30.812+0000][1][safepoint    ] Safepoint "Cleanup", Time since last: 1000621051 ns, Reaching safepoint: 115470 ns, At safepoint: 6322 ns, Total: 121792 ns
[2020-09-11T13:10:31.091+0000][1][gc,start     ] GC(17) Pause Young (Allocation Failure)
[2020-09-11T13:10:31.092+0000][1][gc,task      ] GC(17) Using 1 workers of 1 for evacuation
[2020-09-11T13:10:31.244+0000][1][gc,age       ] GC(17) Desired survivor size 4358144 bytes, new threshold 1 (max threshold 6)
[2020-09-11T13:10:31.244+0000][1][gc,age       ] GC(17) Age table with threshold 1 (max threshold 6)
[2020-09-11T13:10:31.244+0000][1][gc,age       ] GC(17) - age   1:    7748984 bytes,    7748984 total
[2020-09-11T13:10:31.244+0000][1][gc,age       ] GC(17) - age   2:      73688 bytes,    7822672 total
[2020-09-11T13:10:31.244+0000][1][gc,age       ] GC(17) - age   3:     186840 bytes,    8009512 total
[2020-09-11T13:10:31.244+0000][1][gc,age       ] GC(17) - age   4:     304592 bytes,    8314104 total
[2020-09-11T13:10:31.244+0000][1][gc,age       ] GC(17) - age   5:     108904 bytes,    8423008 total
[2020-09-11T13:10:31.244+0000][1][gc,age       ] GC(17) - age   6:     202992 bytes,    8626000 total
[2020-09-11T13:10:31.244+0000][1][gc,heap      ] GC(17) ParNew: 72758K->8512K(76672K)
[2020-09-11T13:10:31.244+0000][1][gc,heap      ] GC(17) CMS: 15906K->16438K(2011968K)
[2020-09-11T13:10:31.244+0000][1][gc,metaspace ] GC(17) Metaspace: 29675K->29675K(1077248K)
[2020-09-11T13:10:31.244+0000][1][gc           ] GC(17) Pause Young (Allocation Failure) 86M->24M(2039M) 152.230ms
[2020-09-11T13:10:31.244+0000][1][gc,cpu       ] GC(17) User=0.04s Sys=0.00s Real=0.16s
[2020-09-11T13:10:31.247+0000][1][safepoint    ] Safepoint "GenCollectForAllocation", Time since last: 278774190 ns, Reaching safepoint: 375521 ns, At safepoint: 156019562 ns, Total: 156395083 ns
[2020-09-11T13:10:32.284+0000][1][safepoint    ] Safepoint "Cleanup", Time since last: 1036011775 ns, Reaching safepoint: 130783 ns, At safepoint: 6104 ns, Total: 136887 ns
[2020-09-11T13:10:32.388+0000][1][safepoint    ] Safepoint "RevokeBias", Time since last: 103828719 ns, Reaching safepoint: 121836 ns, At safepoint: 39151 ns, Total: 160987 ns
[2020-09-11T13:10:33.405+0000][1][safepoint    ] Safepoint "Cleanup", Time since last: 1000114317 ns, Reaching safepoint: 16796710 ns, At safepoint: 7440 ns, Total: 16804150 ns
[2020-09-11T13:10:34.414+0000][1][safepoint    ] Safepoint "Cleanup", Time since last: 1002894217 ns, Reaching safepoint: 6453316 ns, At safepoint: 13630 ns, Total: 6466946 ns
[2020-09-11T13:10:35.424+0000][1][safepoint    ] Safepoint "Cleanup", Time since last: 1009573214 ns, Reaching safepoint: 107271 ns, At safepoint: 6257 ns, Total: 113528 ns
[2020-09-11T13:10:36.272+0000][1][gc,start     ] GC(18) Pause Young (Allocation Failure)
[2020-09-11T13:10:36.272+0000][1][gc,task      ] GC(18) Using 1 workers of 1 for evacuation
[2020-09-11T13:10:36.530+0000][1][gc,age       ] GC(18) Desired survivor size 4358144 bytes, new threshold 1 (max threshold 6)
[2020-09-11T13:10:36.530+0000][1][gc,age       ] GC(18) Age table with threshold 1 (max threshold 6)
[2020-09-11T13:10:36.530+0000][1][gc,age       ] GC(18) - age   1:    8716232 bytes,    8716232 total
[2020-09-11T13:10:36.530+0000][1][gc,heap      ] GC(18) ParNew: 76672K->8512K(76672K)
[2020-09-11T13:10:36.530+0000][1][gc,heap      ] GC(18) CMS: 16438K->25736K(2011968K)
[2020-09-11T13:10:36.530+0000][1][gc,metaspace ] GC(18) Metaspace: 29854K->29854K(1077248K)
[2020-09-11T13:10:36.530+0000][1][gc           ] GC(18) Pause Young (Allocation Failure) 90M->33M(2039M) 258.395ms
[2020-09-11T13:10:36.530+0000][1][gc,cpu       ] GC(18) User=0.07s Sys=0.00s Real=0.26s
[2020-09-11T13:10:36.555+0000][1][safepoint    ] Safepoint "GenCollectForAllocation", Time since last: 848079390 ns, Reaching safepoint: 100205 ns, At safepoint: 283699787 ns, Total: 283799992 ns
[2020-09-11T13:10:37.595+0000][1][safepoint    ] Safepoint "Cleanup", Time since last: 1027976662 ns, Reaching safepoint: 12030671 ns, At safepoint: 15323 ns, Total: 12045994 ns
[2020-09-11T13:10:40.993+0000][1][gc,start     ] GC(19) Pause Young (Allocation Failure)
[2020-09-11T13:10:40.993+0000][1][gc,task      ] GC(19) Using 1 workers of 1 for evacuation
[2020-09-11T13:10:41.201+0000][1][gc,age       ] GC(19) Desired survivor size 4358144 bytes, new threshold 1 (max threshold 6)
[2020-09-11T13:10:41.201+0000][1][gc,age       ] GC(19) Age table with threshold 1 (max threshold 6)
[2020-09-11T13:10:41.201+0000][1][gc,age       ] GC(19) - age   1:    8709048 bytes,    8709048 total
[2020-09-11T13:10:41.201+0000][1][gc,heap      ] GC(19) ParNew: 76672K->8512K(76672K)
[2020-09-11T13:10:41.201+0000][1][gc,heap      ] GC(19) CMS: 25736K->33652K(2011968K)
[2020-09-11T13:10:41.201+0000][1][gc,metaspace ] GC(19) Metaspace: 29895K->29895K(1077248K)
[2020-09-11T13:10:41.201+0000][1][gc           ] GC(19) Pause Young (Allocation Failure) 100M->41M(2039M) 208.364ms
[2020-09-11T13:10:41.201+0000][1][gc,cpu       ] GC(19) User=0.05s Sys=0.00s Real=0.21s
[2020-09-11T13:10:41.219+0000][1][safepoint    ] Safepoint "GenCollectForAllocation", Time since last: 3397136195 ns, Reaching safepoint: 100873 ns, At safepoint: 226758050 ns, Total: 226858923 ns
[2020-09-11T13:10:42.241+0000][1][safepoint    ] Safepoint "Cleanup", Time since last: 1021019768 ns, Reaching safepoint: 34647 ns, At safepoint: 6051 ns, Total: 40698 ns
[2020-09-11T13:10:43.241+0000][1][safepoint    ] Safepoint "Cleanup", Time since last: 1000087784 ns, Reaching safepoint: 186187 ns, At safepoint: 5768 ns, Total: 191955 ns
[2020-09-11T13:10:44.074+0000][1][safepoint    ] Safepoint "RevokeBias", Time since last: 832719288 ns, Reaching safepoint: 123182 ns, At safepoint: 38409 ns, Total: 161591 ns
[2020-09-11T13:10:45.074+0000][1][safepoint    ] Safepoint "Cleanup", Time since last: 1000108039 ns, Reaching safepoint: 304656 ns, At safepoint: 5942 ns, Total: 310598 ns
[2020-09-11T13:10:45.279+0000][1][gc,start     ] GC(20) Pause Young (Allocation Failure)
[2020-09-11T13:10:45.279+0000][1][gc,task      ] GC(20) Using 1 workers of 1 for evacuation
[2020-09-11T13:10:45.594+0000][1][gc,age       ] GC(20) Desired survivor size 4358144 bytes, new threshold 6 (max threshold 6)
[2020-09-11T13:10:45.594+0000][1][gc,age       ] GC(20) Age table with threshold 6 (max threshold 6)
[2020-09-11T13:10:45.594+0000][1][gc,age       ] GC(20) - age   1:    3702424 bytes,    3702424 total
[2020-09-11T13:10:45.594+0000][1][gc,heap      ] GC(20) ParNew: 76672K->8414K(76672K)
[2020-09-11T13:10:45.594+0000][1][gc,heap      ] GC(20) CMS: 33652K->42018K(2011968K)
[2020-09-11T13:10:45.594+0000][1][gc,metaspace ] GC(20) Metaspace: 32075K->32075K(1079296K)
[2020-09-11T13:10:45.594+0000][1][gc           ] GC(20) Pause Young (Allocation Failure) 107M->49M(2039M) 315.036ms
[2020-09-11T13:10:45.594+0000][1][gc,cpu       ] GC(20) User=0.09s Sys=0.00s Real=0.31s
[2020-09-11T13:10:45.603+0000][1][safepoint    ] Safepoint "GenCollectForAllocation", Time since last: 205192022 ns, Reaching safepoint: 122747 ns, At safepoint: 324066061 ns, Total: 324188808 ns
[2020-09-11T13:10:46.257+0000][1][safepoint    ] Safepoint "Deoptimize", Time since last: 653392459 ns, Reaching safepoint: 117062 ns, At safepoint: 274722 ns, Total: 391784 ns
[2020-09-11T13:10:47.258+0000][1][safepoint    ] Safepoint "Cleanup", Time since last: 1000117709 ns, Reaching safepoint: 813114 ns, At safepoint: 6797 ns, Total: 819911 ns
[2020-09-11T13:10:48.266+0000][1][safepoint    ] Safepoint "Cleanup", Time since last: 1006739493 ns, Reaching safepoint: 1183841 ns, At safepoint: 7103 ns, Total: 1190944 ns
[2020-09-11T13:10:48.888+0000][1][safepoint    ] Safepoint "Deoptimize", Time since last: 621312088 ns, Reaching safepoint: 116507 ns, At safepoint: 269407 ns, Total: 385914 ns
[2020-09-11T13:10:49.888+0000][1][safepoint    ] Safepoint "Cleanup", Time since last: 1000104373 ns, Reaching safepoint: 125572 ns, At safepoint: 7116 ns, Total: 132688 ns
[2020-09-11T13:10:49.938+0000][1][gc,start     ] GC(21) Pause Young (Allocation Failure)
[2020-09-11T13:10:49.938+0000][1][gc,task      ] GC(21) Using 1 workers of 1 for evacuation
[2020-09-11T13:10:50.019+0000][1][gc,age       ] GC(21) Desired survivor size 4358144 bytes, new threshold 2 (max threshold 6)
[2020-09-11T13:10:50.019+0000][1][gc,age       ] GC(21) Age table with threshold 2 (max threshold 6)
[2020-09-11T13:10:50.019+0000][1][gc,age       ] GC(21) - age   1:    1038792 bytes,    1038792 total
[2020-09-11T13:10:50.019+0000][1][gc,age       ] GC(21) - age   2:    3608928 bytes,    4647720 total
[2020-09-11T13:10:50.019+0000][1][gc,heap      ] GC(21) ParNew: 76574K->6919K(76672K)
[2020-09-11T13:10:50.019+0000][1][gc,heap      ] GC(21) CMS: 42018K->42018K(2011968K)
[2020-09-11T13:10:50.019+0000][1][gc,metaspace ] GC(21) Metaspace: 32378K->32378K(1079296K)
[2020-09-11T13:10:50.019+0000][1][gc           ] GC(21) Pause Young (Allocation Failure) 115M->47M(2039M) 80.251ms
[2020-09-11T13:10:50.019+0000][1][gc,cpu       ] GC(21) User=0.03s Sys=0.00s Real=0.08s
[2020-09-11T13:10:50.047+0000][1][safepoint    ] Safepoint "GenCollectForAllocation", Time since last: 48133086 ns, Reaching safepoint: 2219646 ns, At safepoint: 109012450 ns, Total: 111232096 ns
[2020-09-11T13:10:51.075+0000][1][safepoint    ] Safepoint "Cleanup", Time since last: 1027843630 ns, Reaching safepoint: 147049 ns, At safepoint: 6468 ns, Total: 153517 ns
[2020-09-11T13:10:51.234+0000][1][gc,start     ] GC(22) Pause Young (Allocation Failure)
[2020-09-11T13:10:51.235+0000][1][gc,task      ] GC(22) Using 1 workers of 1 for evacuation
[2020-09-11T13:10:51.362+0000][1][gc,age       ] GC(22) Desired survivor size 4358144 bytes, new threshold 6 (max threshold 6)
[2020-09-11T13:10:51.362+0000][1][gc,age       ] GC(22) Age table with threshold 6 (max threshold 6)
[2020-09-11T13:10:51.362+0000][1][gc,age       ] GC(22) - age   1:     249560 bytes,     249560 total
[2020-09-11T13:10:51.362+0000][1][gc,age       ] GC(22) - age   2:     438752 bytes,     688312 total
[2020-09-11T13:10:51.362+0000][1][gc,heap      ] GC(22) ParNew: 75079K->4268K(76672K)
[2020-09-11T13:10:51.362+0000][1][gc,heap      ] GC(22) CMS: 42018K->45559K(2011968K)
[2020-09-11T13:10:51.362+0000][1][gc,metaspace ] GC(22) Metaspace: 32390K->32390K(1079296K)
[2020-09-11T13:10:51.362+0000][1][gc           ] GC(22) Pause Young (Allocation Failure) 114M->48M(2039M) 127.787ms
[2020-09-11T13:10:51.362+0000][1][gc,cpu       ] GC(22) User=0.03s Sys=0.00s Real=0.13s
[2020-09-11T13:10:51.388+0000][1][safepoint    ] Safepoint "GenCollectForAllocation", Time since last: 158893326 ns, Reaching safepoint: 105208 ns, At safepoint: 153151078 ns, Total: 153256286 ns
[2020-09-11T13:10:52.267+0000][1][gc,start     ] GC(23) Pause Young (Allocation Failure)
[2020-09-11T13:10:52.268+0000][1][gc,task      ] GC(23) Using 1 workers of 1 for evacuation
[2020-09-11T13:10:52.311+0000][1][gc,age       ] GC(23) Desired survivor size 4358144 bytes, new threshold 6 (max threshold 6)
[2020-09-11T13:10:52.311+0000][1][gc,age       ] GC(23) Age table with threshold 6 (max threshold 6)
[2020-09-11T13:10:52.311+0000][1][gc,age       ] GC(23) - age   1:         72 bytes,         72 total
[2020-09-11T13:10:52.311+0000][1][gc,age       ] GC(23) - age   2:     249496 bytes,     249568 total
[2020-09-11T13:10:52.311+0000][1][gc,age       ] GC(23) - age   3:     438752 bytes,     688320 total
[2020-09-11T13:10:52.311+0000][1][gc,heap      ] GC(23) ParNew: 72428K->1193K(76672K)
[2020-09-11T13:10:52.311+0000][1][gc,heap      ] GC(23) CMS: 45559K->45559K(2011968K)
[2020-09-11T13:10:52.311+0000][1][gc,metaspace ] GC(23) Metaspace: 32391K->32391K(1079296K)
[2020-09-11T13:10:52.311+0000][1][gc           ] GC(23) Pause Young (Allocation Failure) 115M->45M(2039M) 43.766ms
[2020-09-11T13:10:52.311+0000][1][gc,cpu       ] GC(23) User=0.02s Sys=0.00s Real=0.04s
[2020-09-11T13:10:52.334+0000][1][safepoint    ] Safepoint "GenCollectForAllocation", Time since last: 878694826 ns, Reaching safepoint: 1165699 ns, At safepoint: 66857934 ns, Total: 68023633 ns
[2020-09-11T13:10:52.852+0000][1][gc,start     ] GC(24) Pause Young (Allocation Failure)
[2020-09-11T13:10:52.852+0000][1][gc,task      ] GC(24) Using 1 workers of 1 for evacuation
[2020-09-11T13:10:52.950+0000][1][gc,age       ] GC(24) Desired survivor size 4358144 bytes, new threshold 6 (max threshold 6)
[2020-09-11T13:10:52.950+0000][1][gc,age       ] GC(24) Age table with threshold 6 (max threshold 6)
[2020-09-11T13:10:52.950+0000][1][gc,age       ] GC(24) - age   1:        224 bytes,        224 total
[2020-09-11T13:10:52.950+0000][1][gc,age       ] GC(24) - age   3:     249496 bytes,     249720 total
[2020-09-11T13:10:52.950+0000][1][gc,age       ] GC(24) - age   4:     438752 bytes,     688472 total
[2020-09-11T13:10:52.950+0000][1][gc,heap      ] GC(24) ParNew: 69353K->1100K(76672K)
[2020-09-11T13:10:52.950+0000][1][gc,heap      ] GC(24) CMS: 45559K->45559K(2011968K)
[2020-09-11T13:10:52.950+0000][1][gc,metaspace ] GC(24) Metaspace: 32395K->32395K(1079296K)
[2020-09-11T13:10:52.950+0000][1][gc           ] GC(24) Pause Young (Allocation Failure) 112M->45M(2039M) 98.306ms
[2020-09-11T13:10:52.950+0000][1][gc,cpu       ] GC(24) User=0.03s Sys=0.00s Real=0.10s
[2020-09-11T13:10:52.959+0000][1][safepoint    ] Safepoint "GenCollectForAllocation", Time since last: 517131090 ns, Reaching safepoint: 108544 ns, At safepoint: 107921281 ns, Total: 108029825 ns
[2020-09-11T13:10:53.344+0000][1][gc,start     ] GC(25) Pause Young (Allocation Failure)
[2020-09-11T13:10:53.344+0000][1][gc,task      ] GC(25) Using 1 workers of 1 for evacuation
[2020-09-11T13:10:53.436+0000][1][gc,age       ] GC(25) Desired survivor size 4358144 bytes, new threshold 6 (max threshold 6)
[2020-09-11T13:10:53.436+0000][1][gc,age       ] GC(25) Age table with threshold 6 (max threshold 6)
[2020-09-11T13:10:53.436+0000][1][gc,age       ] GC(25) - age   1:        232 bytes,        232 total
[2020-09-11T13:10:53.436+0000][1][gc,age       ] GC(25) - age   4:     249496 bytes,     249728 total
[2020-09-11T13:10:53.436+0000][1][gc,age       ] GC(25) - age   5:     438752 bytes,     688480 total
[2020-09-11T13:10:53.436+0000][1][gc,heap      ] GC(25) ParNew: 69260K->1283K(76672K)
[2020-09-11T13:10:53.436+0000][1][gc,heap      ] GC(25) CMS: 45559K->45559K(2011968K)
[2020-09-11T13:10:53.436+0000][1][gc,metaspace ] GC(25) Metaspace: 32395K->32395K(1079296K)
[2020-09-11T13:10:53.436+0000][1][gc           ] GC(25) Pause Young (Allocation Failure) 112M->45M(2039M) 92.314ms
[2020-09-11T13:10:53.436+0000][1][gc,cpu       ] GC(25) User=0.02s Sys=0.00s Real=0.09s
[2020-09-11T13:10:53.437+0000][1][safepoint    ] Safepoint "GenCollectForAllocation", Time since last: 383978117 ns, Reaching safepoint: 105552 ns, At safepoint: 93310621 ns, Total: 93416173 ns
[2020-09-11T13:10:53.803+0000][1][gc,start     ] GC(26) Pause Young (Allocation Failure)
[2020-09-11T13:10:53.804+0000][1][gc,task      ] GC(26) Using 1 workers of 1 for evacuation
[2020-09-11T13:10:53.851+0000][1][gc,age       ] GC(26) Desired survivor size 4358144 bytes, new threshold 6 (max threshold 6)
[2020-09-11T13:10:53.851+0000][1][gc,age       ] GC(26) Age table with threshold 6 (max threshold 6)
[2020-09-11T13:10:53.851+0000][1][gc,age       ] GC(26) - age   1:        224 bytes,        224 total
[2020-09-11T13:10:53.851+0000][1][gc,age       ] GC(26) - age   5:     249496 bytes,     249720 total
[2020-09-11T13:10:53.851+0000][1][gc,age       ] GC(26) - age   6:     438752 bytes,     688472 total
[2020-09-11T13:10:53.851+0000][1][gc,heap      ] GC(26) ParNew: 69443K->825K(76672K)
[2020-09-11T13:10:53.851+0000][1][gc,heap      ] GC(26) CMS: 45559K->45559K(2011968K)
[2020-09-11T13:10:53.851+0000][1][gc,metaspace ] GC(26) Metaspace: 32395K->32395K(1079296K)
[2020-09-11T13:10:53.851+0000][1][gc           ] GC(26) Pause Young (Allocation Failure) 112M->45M(2039M) 47.677ms
[2020-09-11T13:10:53.851+0000][1][gc,cpu       ] GC(26) User=0.02s Sys=0.00s Real=0.04s
[2020-09-11T13:10:53.875+0000][1][safepoint    ] Safepoint "GenCollectForAllocation", Time since last: 363767549 ns, Reaching safepoint: 2820936 ns, At safepoint: 71990100 ns, Total: 74811036 ns
[2020-09-11T13:10:54.123+0000][1][gc,start     ] GC(27) Pause Young (Allocation Failure)
[2020-09-11T13:10:54.123+0000][1][gc,task      ] GC(27) Using 1 workers of 1 for evacuation
[2020-09-11T13:10:54.176+0000][1][gc,age       ] GC(27) Desired survivor size 4358144 bytes, new threshold 6 (max threshold 6)
[2020-09-11T13:10:54.177+0000][1][gc,age       ] GC(27) Age table with threshold 6 (max threshold 6)
[2020-09-11T13:10:54.177+0000][1][gc,age       ] GC(27) - age   1:        208 bytes,        208 total
[2020-09-11T13:10:54.177+0000][1][gc,age       ] GC(27) - age   6:     249496 bytes,     249704 total
[2020-09-11T13:10:54.177+0000][1][gc,heap      ] GC(27) ParNew: 68985K->607K(76672K)
[2020-09-11T13:10:54.177+0000][1][gc,heap      ] GC(27) CMS: 45559K->45988K(2011968K)
[2020-09-11T13:10:54.177+0000][1][gc,metaspace ] GC(27) Metaspace: 32395K->32395K(1079296K)
[2020-09-11T13:10:54.177+0000][1][gc           ] GC(27) Pause Young (Allocation Failure) 111M->45M(2039M) 53.598ms
[2020-09-11T13:10:54.177+0000][1][gc,cpu       ] GC(27) User=0.02s Sys=0.00s Real=0.06s
[2020-09-11T13:10:54.177+0000][1][safepoint    ] Safepoint "GenCollectForAllocation", Time since last: 244031025 ns, Reaching safepoint: 3597794 ns, At safepoint: 53696475 ns, Total: 57294269 ns
[2020-09-11T13:10:54.335+0000][1][gc,start     ] GC(28) Pause Young (Allocation Failure)
[2020-09-11T13:10:54.335+0000][1][gc,task      ] GC(28) Using 1 workers of 1 for evacuation
[2020-09-11T13:10:54.389+0000][1][gc,age       ] GC(28) Desired survivor size 4358144 bytes, new threshold 6 (max threshold 6)
[2020-09-11T13:10:54.389+0000][1][gc,age       ] GC(28) Age table with threshold 6 (max threshold 6)
[2020-09-11T13:10:54.389+0000][1][gc,age       ] GC(28) - age   1:        272 bytes,        272 total
[2020-09-11T13:10:54.389+0000][1][gc,heap      ] GC(28) ParNew: 68767K->243K(76672K)
[2020-09-11T13:10:54.389+0000][1][gc,heap      ] GC(28) CMS: 45988K->46232K(2011968K)
[2020-09-11T13:10:54.389+0000][1][gc,metaspace ] GC(28) Metaspace: 32395K->32395K(1079296K)
[2020-09-11T13:10:54.389+0000][1][gc           ] GC(28) Pause Young (Allocation Failure) 112M->45M(2039M) 53.634ms
[2020-09-11T13:10:54.389+0000][1][gc,cpu       ] GC(28) User=0.01s Sys=0.00s Real=0.05s
[2020-09-11T13:10:54.389+0000][1][safepoint    ] Safepoint "GenCollectForAllocation", Time since last: 157304480 ns, Reaching safepoint: 1375390 ns, At safepoint: 53691340 ns, Total: 55066730 ns
[2020-09-11T13:10:54.541+0000][1][gc,start     ] GC(29) Pause Young (Allocation Failure)
[2020-09-11T13:10:54.541+0000][1][gc,task      ] GC(29) Using 1 workers of 1 for evacuation
[2020-09-11T13:10:54.590+0000][1][gc,age       ] GC(29) Desired survivor size 4358144 bytes, new threshold 6 (max threshold 6)
[2020-09-11T13:10:54.591+0000][1][gc,age       ] GC(29) Age table with threshold 6 (max threshold 6)
[2020-09-11T13:10:54.591+0000][1][gc,age       ] GC(29) - age   1:        224 bytes,        224 total
[2020-09-11T13:10:54.591+0000][1][gc,age       ] GC(29) - age   2:         72 bytes,        296 total
[2020-09-11T13:10:54.591+0000][1][gc,heap      ] GC(29) ParNew: 68403K->60K(76672K)
[2020-09-11T13:10:54.591+0000][1][gc,heap      ] GC(29) CMS: 46232K->46232K(2011968K)
[2020-09-11T13:10:54.591+0000][1][gc,metaspace ] GC(29) Metaspace: 32395K->32395K(1079296K)
[2020-09-11T13:10:54.591+0000][1][gc           ] GC(29) Pause Young (Allocation Failure) 111M->45M(2039M) 50.050ms
[2020-09-11T13:10:54.591+0000][1][gc,cpu       ] GC(29) User=0.02s Sys=0.00s Real=0.05s
[2020-09-11T13:10:54.595+0000][1][safepoint    ] Safepoint "GenCollectForAllocation", Time since last: 151067015 ns, Reaching safepoint: 356975 ns, At safepoint: 54860959 ns, Total: 55217934 ns
[2020-09-11T13:10:54.751+0000][1][gc,start     ] GC(30) Pause Young (Allocation Failure)
[2020-09-11T13:10:54.752+0000][1][gc,task      ] GC(30) Using 1 workers of 1 for evacuation
[2020-09-11T13:10:54.797+0000][1][gc,age       ] GC(30) Desired survivor size 4358144 bytes, new threshold 6 (max threshold 6)
[2020-09-11T13:10:54.797+0000][1][gc,age       ] GC(30) Age table with threshold 6 (max threshold 6)
[2020-09-11T13:10:54.797+0000][1][gc,age       ] GC(30) - age   1:        240 bytes,        240 total
[2020-09-11T13:10:54.797+0000][1][gc,age       ] GC(30) - age   3:         72 bytes,        312 total
[2020-09-11T13:10:54.797+0000][1][gc,heap      ] GC(30) ParNew: 68220K->15K(76672K)
[2020-09-11T13:10:54.797+0000][1][gc,heap      ] GC(30) CMS: 46232K->46232K(2011968K)
[2020-09-11T13:10:54.797+0000][1][gc,metaspace ] GC(30) Metaspace: 32395K->32395K(1079296K)
[2020-09-11T13:10:54.797+0000][1][gc           ] GC(30) Pause Young (Allocation Failure) 111M->45M(2039M) 45.607ms
[2020-09-11T13:10:54.797+0000][1][gc,cpu       ] GC(30) User=0.02s Sys=0.00s Real=0.05s
[2020-09-11T13:10:54.797+0000][1][safepoint    ] Safepoint "GenCollectForAllocation", Time since last: 152020764 ns, Reaching safepoint: 4021651 ns, At safepoint: 45674632 ns, Total: 49696283 ns
[2020-09-11T13:10:54.957+0000][1][gc,start     ] GC(31) Pause Young (Allocation Failure)
[2020-09-11T13:10:54.957+0000][1][gc,task      ] GC(31) Using 1 workers of 1 for evacuation
[2020-09-11T13:10:55.023+0000][1][gc,age       ] GC(31) Desired survivor size 4358144 bytes, new threshold 6 (max threshold 6)
[2020-09-11T13:10:55.023+0000][1][gc,age       ] GC(31) Age table with threshold 6 (max threshold 6)
[2020-09-11T13:10:55.023+0000][1][gc,age       ] GC(31) - age   1:        208 bytes,        208 total
[2020-09-11T13:10:55.023+0000][1][gc,age       ] GC(31) - age   4:         72 bytes,        280 total
[2020-09-11T13:10:55.023+0000][1][gc,heap      ] GC(31) ParNew: 68175K->3K(76672K)
[2020-09-11T13:10:55.023+0000][1][gc,heap      ] GC(31) CMS: 46232K->46232K(2011968K)
[2020-09-11T13:10:55.023+0000][1][gc,metaspace ] GC(31) Metaspace: 32395K->32395K(1079296K)
[2020-09-11T13:10:55.023+0000][1][gc           ] GC(31) Pause Young (Allocation Failure) 111M->45M(2039M) 66.164ms
[2020-09-11T13:10:55.023+0000][1][gc,cpu       ] GC(31) User=0.01s Sys=0.00s Real=0.06s
[2020-09-11T13:10:55.043+0000][1][safepoint    ] Safepoint "GenCollectForAllocation", Time since last: 151367474 ns, Reaching safepoint: 8389181 ns, At safepoint: 86561019 ns, Total: 94950200 ns
[2020-09-11T13:10:55.225+0000][1][gc,start     ] GC(32) Pause Young (Allocation Failure)
[2020-09-11T13:10:55.225+0000][1][gc,task      ] GC(32) Using 1 workers of 1 for evacuation
[2020-09-11T13:10:55.282+0000][1][gc,age       ] GC(32) Desired survivor size 4358144 bytes, new threshold 6 (max threshold 6)
[2020-09-11T13:10:55.282+0000][1][gc,age       ] GC(32) Age table with threshold 6 (max threshold 6)
[2020-09-11T13:10:55.282+0000][1][gc,age       ] GC(32) - age   1:        288 bytes,        288 total
[2020-09-11T13:10:55.282+0000][1][gc,age       ] GC(32) - age   5:         72 bytes,        360 total
[2020-09-11T13:10:55.282+0000][1][gc,heap      ] GC(32) ParNew: 68163K->2K(76672K)
[2020-09-11T13:10:55.282+0000][1][gc,heap      ] GC(32) CMS: 46232K->46232K(2011968K)
[2020-09-11T13:10:55.282+0000][1][gc,metaspace ] GC(32) Metaspace: 32395K->32395K(1079296K)
[2020-09-11T13:10:55.282+0000][1][gc           ] GC(32) Pause Young (Allocation Failure) 111M->45M(2039M) 56.851ms
[2020-09-11T13:10:55.282+0000][1][gc,cpu       ] GC(32) User=0.01s Sys=0.00s Real=0.05s
[2020-09-11T13:10:55.282+0000][1][safepoint    ] Safepoint "GenCollectForAllocation", Time since last: 181630586 ns, Reaching safepoint: 85570 ns, At safepoint: 56915858 ns, Total: 57001428 ns
[2020-09-11T13:10:55.439+0000][1][gc,start     ] GC(33) Pause Young (Allocation Failure)
[2020-09-11T13:10:55.439+0000][1][gc,task      ] GC(33) Using 1 workers of 1 for evacuation
[2020-09-11T13:10:55.490+0000][1][gc,age       ] GC(33) Desired survivor size 4358144 bytes, new threshold 6 (max threshold 6)
[2020-09-11T13:10:55.490+0000][1][gc,age       ] GC(33) Age table with threshold 6 (max threshold 6)
[2020-09-11T13:10:55.490+0000][1][gc,age       ] GC(33) - age   1:        208 bytes,        208 total
[2020-09-11T13:10:55.490+0000][1][gc,age       ] GC(33) - age   2:        208 bytes,        416 total
[2020-09-11T13:10:55.490+0000][1][gc,age       ] GC(33) - age   6:         72 bytes,        488 total
[2020-09-11T13:10:55.490+0000][1][gc,heap      ] GC(33) ParNew: 68162K->2K(76672K)
[2020-09-11T13:10:55.490+0000][1][gc,heap      ] GC(33) CMS: 46232K->46232K(2011968K)
[2020-09-11T13:10:55.490+0000][1][gc,metaspace ] GC(33) Metaspace: 32395K->32395K(1079296K)
[2020-09-11T13:10:55.490+0000][1][gc           ] GC(33) Pause Young (Allocation Failure) 111M->45M(2039M) 51.800ms
[2020-09-11T13:10:55.490+0000][1][gc,cpu       ] GC(33) User=0.01s Sys=0.00s Real=0.05s
[2020-09-11T13:10:55.491+0000][1][safepoint    ] Safepoint "GenCollectForAllocation", Time since last: 153349643 ns, Reaching safepoint: 3189290 ns, At safepoint: 52803741 ns, Total: 55993031 ns
[2020-09-11T13:10:56.516+0000][1][safepoint    ] Safepoint "Cleanup", Time since last: 1023982993 ns, Reaching safepoint: 124109 ns, At safepoint: 6729 ns, Total: 130838 ns
[2020-09-11T13:10:57.539+0000][1][safepoint    ] Safepoint "Cleanup", Time since last: 1011872028 ns, Reaching safepoint: 12043034 ns, At safepoint: 13218 ns, Total: 12056252 ns
[2020-09-11T13:10:59.176+0000][1][safepoint    ] Safepoint "RevokeBias", Time since last: 1636065802 ns, Reaching safepoint: 100143 ns, At safepoint: 49555 ns, Total: 149698 ns
[2020-09-11T13:10:59.177+0000][1][safepoint    ] Safepoint "RevokeBias", Time since last: 847821 ns, Reaching safepoint: 83266 ns, At safepoint: 37986 ns, Total: 121252 ns
[2020-09-11T13:10:59.177+0000][1][safepoint    ] Safepoint "RevokeBias", Time since last: 32559 ns, Reaching safepoint: 79974 ns, At safepoint: 33962 ns, Total: 113936 ns
[2020-09-11T13:10:59.177+0000][1][safepoint    ] Safepoint "RevokeBias", Time since last: 199292 ns, Reaching safepoint: 81708 ns, At safepoint: 34152 ns, Total: 115860 ns
[2020-09-11T13:11:02.195+0000][1][safepoint    ] Safepoint "Cleanup", Time since last: 3007484103 ns, Reaching safepoint: 10858334 ns, At safepoint: 17881 ns, Total: 10876215 ns
[2020-09-11T13:11:03.227+0000][1][safepoint    ] Safepoint "Cleanup", Time since last: 1007938889 ns, Reaching safepoint: 23916087 ns, At safepoint: 11402 ns, Total: 23927489 ns
[2020-09-11T13:11:04.013+0000][1][gc,start     ] GC(34) Pause Young (Allocation Failure)
[2020-09-11T13:11:04.013+0000][1][gc,task      ] GC(34) Using 1 workers of 1 for evacuation
[2020-09-11T13:11:04.094+0000][1][gc,age       ] GC(34) Desired survivor size 4358144 bytes, new threshold 6 (max threshold 6)
[2020-09-11T13:11:04.094+0000][1][gc,age       ] GC(34) Age table with threshold 6 (max threshold 6)
[2020-09-11T13:11:04.094+0000][1][gc,age       ] GC(34) - age   1:     278264 bytes,     278264 total
[2020-09-11T13:11:04.094+0000][1][gc,age       ] GC(34) - age   3:        208 bytes,     278472 total
[2020-09-11T13:11:04.094+0000][1][gc,heap      ] GC(34) ParNew: 68162K->272K(76672K)
[2020-09-11T13:11:04.094+0000][1][gc,heap      ] GC(34) CMS: 46232K->46232K(2011968K)
[2020-09-11T13:11:04.094+0000][1][gc,metaspace ] GC(34) Metaspace: 32416K->32416K(1079296K)
[2020-09-11T13:11:04.094+0000][1][gc           ] GC(34) Pause Young (Allocation Failure) 111M->45M(2039M) 81.561ms
[2020-09-11T13:11:04.094+0000][1][gc,cpu       ] GC(34) User=0.02s Sys=0.00s Real=0.08s
[2020-09-11T13:11:04.119+0000][1][safepoint    ] Safepoint "GenCollectForAllocation", Time since last: 785260223 ns, Reaching safepoint: 101188 ns, At safepoint: 106747769 ns, Total: 106848957 ns
[2020-09-11T13:11:05.752+0000][1][gc,start     ] GC(35) Pause Young (Allocation Failure)
[2020-09-11T13:11:05.752+0000][1][gc,task      ] GC(35) Using 1 workers of 1 for evacuation
[2020-09-11T13:11:05.835+0000][1][gc,age       ] GC(35) Desired survivor size 4358144 bytes, new threshold 6 (max threshold 6)
[2020-09-11T13:11:05.835+0000][1][gc,age       ] GC(35) Age table with threshold 6 (max threshold 6)
[2020-09-11T13:11:05.835+0000][1][gc,age       ] GC(35) - age   1:     510992 bytes,     510992 total
[2020-09-11T13:11:05.835+0000][1][gc,age       ] GC(35) - age   2:     184672 bytes,     695664 total
[2020-09-11T13:11:05.835+0000][1][gc,age       ] GC(35) - age   4:        208 bytes,     695872 total
[2020-09-11T13:11:05.835+0000][1][gc,heap      ] GC(35) ParNew: 68432K->682K(76672K)
[2020-09-11T13:11:05.835+0000][1][gc,heap      ] GC(35) CMS: 46232K->46232K(2011968K)
[2020-09-11T13:11:05.835+0000][1][gc,metaspace ] GC(35) Metaspace: 32416K->32416K(1079296K)
[2020-09-11T13:11:05.835+0000][1][gc           ] GC(35) Pause Young (Allocation Failure) 111M->45M(2039M) 83.550ms
[2020-09-11T13:11:05.835+0000][1][gc,cpu       ] GC(35) User=0.02s Sys=0.00s Real=0.08s
[2020-09-11T13:11:05.863+0000][1][safepoint    ] Safepoint "GenCollectForAllocation", Time since last: 1632018749 ns, Reaching safepoint: 102599 ns, At safepoint: 111881429 ns, Total: 111984028 ns
[2020-09-11T13:11:06.884+0000][1][safepoint    ] Safepoint "Cleanup", Time since last: 1019977300 ns, Reaching safepoint: 117099 ns, At safepoint: 4862 ns, Total: 121961 ns
[2020-09-11T13:11:07.143+0000][1][gc,start     ] GC(36) Pause Young (Allocation Failure)
[2020-09-11T13:11:07.143+0000][1][gc,task      ] GC(36) Using 1 workers of 1 for evacuation
[2020-09-11T13:11:07.248+0000][1][gc,age       ] GC(36) Desired survivor size 4358144 bytes, new threshold 6 (max threshold 6)
[2020-09-11T13:11:07.248+0000][1][gc,age       ] GC(36) Age table with threshold 6 (max threshold 6)
[2020-09-11T13:11:07.248+0000][1][gc,age       ] GC(36) - age   1:     641784 bytes,     641784 total
[2020-09-11T13:11:07.248+0000][1][gc,age       ] GC(36) - age   2:     339856 bytes,     981640 total
[2020-09-11T13:11:07.248+0000][1][gc,age       ] GC(36) - age   3:     183952 bytes,    1165592 total
[2020-09-11T13:11:07.248+0000][1][gc,age       ] GC(36) - age   5:        208 bytes,    1165800 total
[2020-09-11T13:11:07.248+0000][1][gc,heap      ] GC(36) ParNew: 68842K->1140K(76672K)
[2020-09-11T13:11:07.248+0000][1][gc,heap      ] GC(36) CMS: 46232K->46232K(2011968K)
[2020-09-11T13:11:07.248+0000][1][gc,metaspace ] GC(36) Metaspace: 32417K->32417K(1079296K)
[2020-09-11T13:11:07.248+0000][1][gc           ] GC(36) Pause Young (Allocation Failure) 112M->46M(2039M) 105.781ms
[2020-09-11T13:11:07.248+0000][1][gc,cpu       ] GC(36) User=0.03s Sys=0.00s Real=0.11s
[2020-09-11T13:11:07.263+0000][1][safepoint    ] Safepoint "GenCollectForAllocation", Time since last: 258889745 ns, Reaching safepoint: 99078 ns, At safepoint: 120928326 ns, Total: 121027404 ns
[2020-09-11T13:11:08.167+0000][1][gc,start     ] GC(37) Pause Young (Allocation Failure)
[2020-09-11T13:11:08.167+0000][1][gc,task      ] GC(37) Using 1 workers of 1 for evacuation
[2020-09-11T13:11:08.218+0000][1][gc,age       ] GC(37) Desired survivor size 4358144 bytes, new threshold 6 (max threshold 6)
[2020-09-11T13:11:08.218+0000][1][gc,age       ] GC(37) Age table with threshold 6 (max threshold 6)
[2020-09-11T13:11:08.218+0000][1][gc,age       ] GC(37) - age   1:     620768 bytes,     620768 total
[2020-09-11T13:11:08.218+0000][1][gc,age       ] GC(37) - age   2:     301752 bytes,     922520 total
[2020-09-11T13:11:08.218+0000][1][gc,age       ] GC(37) - age   3:     339672 bytes,    1262192 total
[2020-09-11T13:11:08.218+0000][1][gc,age       ] GC(37) - age   4:     183648 bytes,    1445840 total
[2020-09-11T13:11:08.218+0000][1][gc,age       ] GC(37) - age   6:        208 bytes,    1446048 total
[2020-09-11T13:11:08.218+0000][1][gc,heap      ] GC(37) ParNew: 69300K->1440K(76672K)
[2020-09-11T13:11:08.218+0000][1][gc,heap      ] GC(37) CMS: 46232K->46232K(2011968K)
[2020-09-11T13:11:08.218+0000][1][gc,metaspace ] GC(37) Metaspace: 32418K->32418K(1079296K)
[2020-09-11T13:11:08.219+0000][1][gc           ] GC(37) Pause Young (Allocation Failure) 112M->46M(2039M) 51.091ms
[2020-09-11T13:11:08.219+0000][1][gc,cpu       ] GC(37) User=0.02s Sys=0.00s Real=0.05s
[2020-09-11T13:11:08.227+0000][1][safepoint    ] Safepoint "GenCollectForAllocation", Time since last: 903082281 ns, Reaching safepoint: 860823 ns, At safepoint: 60042932 ns, Total: 60903755 ns
[2020-09-11T13:11:09.101+0000][1][gc,start     ] GC(38) Pause Young (Allocation Failure)
[2020-09-11T13:11:09.101+0000][1][gc,task      ] GC(38) Using 1 workers of 1 for evacuation
[2020-09-11T13:11:09.154+0000][1][gc,age       ] GC(38) Desired survivor size 4358144 bytes, new threshold 6 (max threshold 6)
[2020-09-11T13:11:09.154+0000][1][gc,age       ] GC(38) Age table with threshold 6 (max threshold 6)
[2020-09-11T13:11:09.154+0000][1][gc,age       ] GC(38) - age   1:     968248 bytes,     968248 total
[2020-09-11T13:11:09.154+0000][1][gc,age       ] GC(38) - age   2:     264672 bytes,    1232920 total
[2020-09-11T13:11:09.154+0000][1][gc,age       ] GC(38) - age   3:     297728 bytes,    1530648 total
[2020-09-11T13:11:09.154+0000][1][gc,age       ] GC(38) - age   4:     339592 bytes,    1870240 total
[2020-09-11T13:11:09.154+0000][1][gc,age       ] GC(38) - age   5:     183544 bytes,    2053784 total
[2020-09-11T13:11:09.154+0000][1][gc,heap      ] GC(38) ParNew: 69600K->2066K(76672K)
[2020-09-11T13:11:09.154+0000][1][gc,heap      ] GC(38) CMS: 46232K->46232K(2011968K)
[2020-09-11T13:11:09.154+0000][1][gc,metaspace ] GC(38) Metaspace: 32418K->32418K(1079296K)
[2020-09-11T13:11:09.154+0000][1][gc           ] GC(38) Pause Young (Allocation Failure) 113M->47M(2039M) 53.697ms
[2020-09-11T13:11:09.154+0000][1][gc,cpu       ] GC(38) User=0.02s Sys=0.00s Real=0.05s
[2020-09-11T13:11:09.154+0000][1][safepoint    ] Safepoint "GenCollectForAllocation", Time since last: 871982810 ns, Reaching safepoint: 1285272 ns, At safepoint: 53755543 ns, Total: 55040815 ns
[2020-09-11T13:11:09.588+0000][1][gc,start     ] GC(39) Pause Young (Allocation Failure)
[2020-09-11T13:11:09.588+0000][1][gc,task      ] GC(39) Using 1 workers of 1 for evacuation
[2020-09-11T13:11:09.637+0000][1][gc,age       ] GC(39) Desired survivor size 4358144 bytes, new threshold 6 (max threshold 6)
[2020-09-11T13:11:09.637+0000][1][gc,age       ] GC(39) Age table with threshold 6 (max threshold 6)
[2020-09-11T13:11:09.637+0000][1][gc,age       ] GC(39) - age   1:     312672 bytes,     312672 total
[2020-09-11T13:11:09.637+0000][1][gc,age       ] GC(39) - age   2:     955272 bytes,    1267944 total
[2020-09-11T13:11:09.637+0000][1][gc,age       ] GC(39) - age   3:     263336 bytes,    1531280 total
[2020-09-11T13:11:09.637+0000][1][gc,age       ] GC(39) - age   4:     297120 bytes,    1828400 total
[2020-09-11T13:11:09.637+0000][1][gc,age       ] GC(39) - age   5:     339256 bytes,    2167656 total
[2020-09-11T13:11:09.637+0000][1][gc,age       ] GC(39) - age   6:     183504 bytes,    2351160 total
[2020-09-11T13:11:09.637+0000][1][gc,heap      ] GC(39) ParNew: 70226K->2388K(76672K)
[2020-09-11T13:11:09.637+0000][1][gc,heap      ] GC(39) CMS: 46232K->46232K(2011968K)
[2020-09-11T13:11:09.637+0000][1][gc,metaspace ] GC(39) Metaspace: 32418K->32418K(1079296K)
[2020-09-11T13:11:09.637+0000][1][gc           ] GC(39) Pause Young (Allocation Failure) 113M->47M(2039M) 49.224ms
[2020-09-11T13:11:09.637+0000][1][gc,cpu       ] GC(39) User=0.01s Sys=0.00s Real=0.05s
[2020-09-11T13:11:09.639+0000][1][safepoint    ] Safepoint "GenCollectForAllocation", Time since last: 432951466 ns, Reaching safepoint: 107011 ns, At safepoint: 51946046 ns, Total: 52053057 ns
[2020-09-11T13:11:09.685+0000][1][safepoint    ] Safepoint "RevokeBias", Time since last: 45288361 ns, Reaching safepoint: 102213 ns, At safepoint: 23925 ns, Total: 126138 ns
[2020-09-11T13:11:10.511+0000][1][gc,start     ] GC(40) Pause Young (Allocation Failure)
[2020-09-11T13:11:10.512+0000][1][gc,task      ] GC(40) Using 1 workers of 1 for evacuation
[2020-09-11T13:11:10.567+0000][1][gc,age       ] GC(40) Desired survivor size 4358144 bytes, new threshold 6 (max threshold 6)
[2020-09-11T13:11:10.567+0000][1][gc,age       ] GC(40) Age table with threshold 6 (max threshold 6)
[2020-09-11T13:11:10.567+0000][1][gc,age       ] GC(40) - age   1:     345160 bytes,     345160 total
[2020-09-11T13:11:10.567+0000][1][gc,age       ] GC(40) - age   2:     303656 bytes,     648816 total
[2020-09-11T13:11:10.567+0000][1][gc,age       ] GC(40) - age   3:     955272 bytes,    1604088 total
[2020-09-11T13:11:10.567+0000][1][gc,age       ] GC(40) - age   4:     263232 bytes,    1867320 total
[2020-09-11T13:11:10.567+0000][1][gc,age       ] GC(40) - age   5:     297120 bytes,    2164440 total
[2020-09-11T13:11:10.567+0000][1][gc,age       ] GC(40) - age   6:     339256 bytes,    2503696 total
[2020-09-11T13:11:10.567+0000][1][gc,heap      ] GC(40) ParNew: 70548K->2558K(76672K)
[2020-09-11T13:11:10.567+0000][1][gc,heap      ] GC(40) CMS: 46232K->46409K(2011968K)
[2020-09-11T13:11:10.567+0000][1][gc,metaspace ] GC(40) Metaspace: 32423K->32423K(1079296K)
[2020-09-11T13:11:10.567+0000][1][gc           ] GC(40) Pause Young (Allocation Failure) 114M->47M(2039M) 55.570ms
[2020-09-11T13:11:10.567+0000][1][gc,cpu       ] GC(40) User=0.02s Sys=0.00s Real=0.06s
[2020-09-11T13:11:10.584+0000][1][safepoint    ] Safepoint "GenCollectForAllocation", Time since last: 822531512 ns, Reaching safepoint: 4045784 ns, At safepoint: 72962679 ns, Total: 77008463 ns
[2020-09-11T13:11:11.084+0000][1][gc,start     ] GC(41) Pause Young (Allocation Failure)
[2020-09-11T13:11:11.084+0000][1][gc,task      ] GC(41) Using 1 workers of 1 for evacuation
[2020-09-11T13:11:11.138+0000][1][gc,age       ] GC(41) Desired survivor size 4358144 bytes, new threshold 6 (max threshold 6)
[2020-09-11T13:11:11.138+0000][1][gc,age       ] GC(41) Age table with threshold 6 (max threshold 6)
[2020-09-11T13:11:11.138+0000][1][gc,age       ] GC(41) - age   1:        280 bytes,        280 total
[2020-09-11T13:11:11.138+0000][1][gc,age       ] GC(41) - age   2:     345040 bytes,     345320 total
[2020-09-11T13:11:11.138+0000][1][gc,age       ] GC(41) - age   3:     303656 bytes,     648976 total
[2020-09-11T13:11:11.138+0000][1][gc,age       ] GC(41) - age   4:     955272 bytes,    1604248 total
[2020-09-11T13:11:11.138+0000][1][gc,age       ] GC(41) - age   5:     263232 bytes,    1867480 total
[2020-09-11T13:11:11.138+0000][1][gc,age       ] GC(41) - age   6:     297120 bytes,    2164600 total
[2020-09-11T13:11:11.138+0000][1][gc,heap      ] GC(41) ParNew: 70718K->2395K(76672K)
[2020-09-11T13:11:11.138+0000][1][gc,heap      ] GC(41) CMS: 46409K->46740K(2011968K)
[2020-09-11T13:11:11.138+0000][1][gc,metaspace ] GC(41) Metaspace: 32423K->32423K(1079296K)
[2020-09-11T13:11:11.138+0000][1][gc           ] GC(41) Pause Young (Allocation Failure) 114M->47M(2039M) 54.397ms
[2020-09-11T13:11:11.138+0000][1][gc,cpu       ] GC(41) User=0.01s Sys=0.00s Real=0.05s
[2020-09-11T13:11:11.159+0000][1][safepoint    ] Safepoint "GenCollectForAllocation", Time since last: 498996624 ns, Reaching safepoint: 98465 ns, At safepoint: 75897371 ns, Total: 75995836 ns
[2020-09-11T13:11:11.652+0000][1][gc,start     ] GC(42) Pause Young (Allocation Failure)
[2020-09-11T13:11:11.652+0000][1][gc,task      ] GC(42) Using 1 workers of 1 for evacuation
[2020-09-11T13:11:11.742+0000][1][gc,age       ] GC(42) Desired survivor size 4358144 bytes, new threshold 6 (max threshold 6)
[2020-09-11T13:11:11.742+0000][1][gc,age       ] GC(42) Age table with threshold 6 (max threshold 6)
[2020-09-11T13:11:11.742+0000][1][gc,age       ] GC(42) - age   1:         88 bytes,         88 total
[2020-09-11T13:11:11.742+0000][1][gc,age       ] GC(42) - age   2:        160 bytes,        248 total
[2020-09-11T13:11:11.742+0000][1][gc,age       ] GC(42) - age   3:     345040 bytes,     345288 total
[2020-09-11T13:11:11.743+0000][1][gc,age       ] GC(42) - age   4:     303656 bytes,     648944 total
[2020-09-11T13:11:11.743+0000][1][gc,age       ] GC(42) - age   5:     955272 bytes,    1604216 total
[2020-09-11T13:11:11.743+0000][1][gc,age       ] GC(42) - age   6:     263232 bytes,    1867448 total
[2020-09-11T13:11:11.743+0000][1][gc,heap      ] GC(42) ParNew: 70555K->1839K(76672K)
[2020-09-11T13:11:11.743+0000][1][gc,heap      ] GC(42) CMS: 46740K->47030K(2011968K)
[2020-09-11T13:11:11.743+0000][1][gc,metaspace ] GC(42) Metaspace: 32423K->32423K(1079296K)
[2020-09-11T13:11:11.743+0000][1][gc           ] GC(42) Pause Young (Allocation Failure) 114M->47M(2039M) 90.668ms
[2020-09-11T13:11:11.743+0000][1][gc,cpu       ] GC(42) User=0.02s Sys=0.00s Real=0.09s
[2020-09-11T13:11:11.767+0000][1][safepoint    ] Safepoint "GenCollectForAllocation", Time since last: 492378036 ns, Reaching safepoint: 99933 ns, At safepoint: 115521317 ns, Total: 115621250 ns
[2020-09-11T13:11:12.280+0000][1][gc,start     ] GC(43) Pause Young (Allocation Failure)
[2020-09-11T13:11:12.280+0000][1][gc,task      ] GC(43) Using 1 workers of 1 for evacuation
[2020-09-11T13:11:12.379+0000][1][gc,age       ] GC(43) Desired survivor size 4358144 bytes, new threshold 6 (max threshold 6)
[2020-09-11T13:11:12.379+0000][1][gc,age       ] GC(43) Age table with threshold 6 (max threshold 6)
[2020-09-11T13:11:12.379+0000][1][gc,age       ] GC(43) - age   1:        272 bytes,        272 total
[2020-09-11T13:11:12.379+0000][1][gc,age       ] GC(43) - age   3:        160 bytes,        432 total
[2020-09-11T13:11:12.379+0000][1][gc,age       ] GC(43) - age   4:     345040 bytes,     345472 total
[2020-09-11T13:11:12.379+0000][1][gc,age       ] GC(43) - age   5:     303656 bytes,     649128 total
[2020-09-11T13:11:12.379+0000][1][gc,age       ] GC(43) - age   6:     955272 bytes,    1604400 total
[2020-09-11T13:11:12.379+0000][1][gc,heap      ] GC(43) ParNew: 69999K->1827K(76672K)
[2020-09-11T13:11:12.379+0000][1][gc,heap      ] GC(43) CMS: 47030K->47287K(2011968K)
[2020-09-11T13:11:12.379+0000][1][gc,metaspace ] GC(43) Metaspace: 32423K->32423K(1079296K)
[2020-09-11T13:11:12.379+0000][1][gc           ] GC(43) Pause Young (Allocation Failure) 114M->47M(2039M) 99.278ms
[2020-09-11T13:11:12.379+0000][1][gc,cpu       ] GC(43) User=0.03s Sys=0.00s Real=0.10s
[2020-09-11T13:11:12.385+0000][1][safepoint    ] Safepoint "GenCollectForAllocation", Time since last: 512003270 ns, Reaching safepoint: 102581 ns, At safepoint: 105748284 ns, Total: 105850865 ns
[2020-09-11T13:11:12.895+0000][1][gc,start     ] GC(44) Pause Young (Allocation Failure)
[2020-09-11T13:11:12.895+0000][1][gc,task      ] GC(44) Using 1 workers of 1 for evacuation
[2020-09-11T13:11:12.993+0000][1][gc,age       ] GC(44) Desired survivor size 4358144 bytes, new threshold 6 (max threshold 6)
[2020-09-11T13:11:12.993+0000][1][gc,age       ] GC(44) Age table with threshold 6 (max threshold 6)
[2020-09-11T13:11:12.993+0000][1][gc,age       ] GC(44) - age   1:         24 bytes,         24 total
[2020-09-11T13:11:12.993+0000][1][gc,age       ] GC(44) - age   4:        160 bytes,        184 total
[2020-09-11T13:11:12.993+0000][1][gc,age       ] GC(44) - age   5:     345040 bytes,     345224 total
[2020-09-11T13:11:12.993+0000][1][gc,age       ] GC(44) - age   6:     303656 bytes,     648880 total
[2020-09-11T13:11:12.993+0000][1][gc,heap      ] GC(44) ParNew: 69987K->959K(76672K)
[2020-09-11T13:11:12.993+0000][1][gc,heap      ] GC(44) CMS: 47287K->48220K(2011968K)
[2020-09-11T13:11:12.993+0000][1][gc,metaspace ] GC(44) Metaspace: 32423K->32423K(1079296K)
[2020-09-11T13:11:12.993+0000][1][gc           ] GC(44) Pause Young (Allocation Failure) 114M->48M(2039M) 97.693ms
[2020-09-11T13:11:12.993+0000][1][gc,cpu       ] GC(44) User=0.02s Sys=0.00s Real=0.09s
[2020-09-11T13:11:13.007+0000][1][safepoint    ] Safepoint "GenCollectForAllocation", Time since last: 507213300 ns, Reaching safepoint: 2937773 ns, At safepoint: 112015136 ns, Total: 114952909 ns
[2020-09-11T13:11:13.474+0000][1][gc,start     ] GC(45) Pause Young (Allocation Failure)
[2020-09-11T13:11:13.474+0000][1][gc,task      ] GC(45) Using 1 workers of 1 for evacuation
[2020-09-11T13:11:13.514+0000][1][gc,age       ] GC(45) Desired survivor size 4358144 bytes, new threshold 6 (max threshold 6)
[2020-09-11T13:11:13.514+0000][1][gc,age       ] GC(45) Age table with threshold 6 (max threshold 6)
[2020-09-11T13:11:13.514+0000][1][gc,age       ] GC(45) - age   1:         48 bytes,         48 total
[2020-09-11T13:11:13.514+0000][1][gc,age       ] GC(45) - age   5:        160 bytes,        208 total
[2020-09-11T13:11:13.514+0000][1][gc,age       ] GC(45) - age   6:     345040 bytes,     345248 total
[2020-09-11T13:11:13.514+0000][1][gc,heap      ] GC(45) ParNew: 69119K->715K(76672K)
[2020-09-11T13:11:13.514+0000][1][gc,heap      ] GC(45) CMS: 48220K->48517K(2011968K)
[2020-09-11T13:11:13.514+0000][1][gc,metaspace ] GC(45) Metaspace: 32423K->32423K(1079296K)
[2020-09-11T13:11:13.514+0000][1][gc           ] GC(45) Pause Young (Allocation Failure) 114M->48M(2039M) 40.433ms
[2020-09-11T13:11:13.514+0000][1][gc,cpu       ] GC(45) User=0.02s Sys=0.00s Real=0.04s
[2020-09-11T13:11:13.549+0000][1][safepoint    ] Safepoint "GenCollectForAllocation", Time since last: 463985253 ns, Reaching safepoint: 2258081 ns, At safepoint: 75236664 ns, Total: 77494745 ns
[2020-09-11T13:11:14.012+0000][1][gc,start     ] GC(46) Pause Young (Allocation Failure)
[2020-09-11T13:11:14.012+0000][1][gc,task      ] GC(46) Using 1 workers of 1 for evacuation
[2020-09-11T13:11:14.100+0000][1][gc,age       ] GC(46) Desired survivor size 4358144 bytes, new threshold 6 (max threshold 6)
[2020-09-11T13:11:14.100+0000][1][gc,age       ] GC(46) Age table with threshold 6 (max threshold 6)
[2020-09-11T13:11:14.100+0000][1][gc,age       ] GC(46) - age   1:        216 bytes,        216 total
[2020-09-11T13:11:14.100+0000][1][gc,age       ] GC(46) - age   6:        160 bytes,        376 total
[2020-09-11T13:11:14.100+0000][1][gc,heap      ] GC(46) ParNew: 68875K->305K(76672K)
[2020-09-11T13:11:14.100+0000][1][gc,heap      ] GC(46) CMS: 48517K->48854K(2011968K)
[2020-09-11T13:11:14.100+0000][1][gc,metaspace ] GC(46) Metaspace: 32423K->32423K(1079296K)
[2020-09-11T13:11:14.100+0000][1][gc           ] GC(46) Pause Young (Allocation Failure) 114M->48M(2039M) 88.813ms
[2020-09-11T13:11:14.100+0000][1][gc,cpu       ] GC(46) User=0.02s Sys=0.00s Real=0.09s
[2020-09-11T13:11:14.100+0000][1][safepoint    ] Safepoint "GenCollectForAllocation", Time since last: 462515343 ns, Reaching safepoint: 101414 ns, At safepoint: 88894476 ns, Total: 88995890 ns
[2020-09-11T13:11:14.578+0000][1][gc,start     ] GC(47) Pause Young (Allocation Failure)
[2020-09-11T13:11:14.578+0000][1][gc,task      ] GC(47) Using 1 workers of 1 for evacuation
[2020-09-11T13:11:14.657+0000][1][gc,age       ] GC(47) Desired survivor size 4358144 bytes, new threshold 6 (max threshold 6)
[2020-09-11T13:11:14.657+0000][1][gc,age       ] GC(47) Age table with threshold 6 (max threshold 6)
[2020-09-11T13:11:14.658+0000][1][gc,age       ] GC(47) - age   1:         48 bytes,         48 total
[2020-09-11T13:11:14.658+0000][1][gc,heap      ] GC(47) ParNew: 68465K->76K(76672K)
[2020-09-11T13:11:14.658+0000][1][gc,heap      ] GC(47) CMS: 48854K->48854K(2011968K)
[2020-09-11T13:11:14.658+0000][1][gc,metaspace ] GC(47) Metaspace: 32423K->32423K(1079296K)
[2020-09-11T13:11:14.658+0000][1][gc           ] GC(47) Pause Young (Allocation Failure) 114M->47M(2039M) 79.904ms
[2020-09-11T13:11:14.658+0000][1][gc,cpu       ] GC(47) User=0.02s Sys=0.00s Real=0.08s
[2020-09-11T13:11:14.676+0000][1][safepoint    ] Safepoint "GenCollectForAllocation", Time since last: 477121830 ns, Reaching safepoint: 104689 ns, At safepoint: 98624994 ns, Total: 98729683 ns
[2020-09-11T13:11:15.130+0000][1][gc,start     ] GC(48) Pause Young (Allocation Failure)
[2020-09-11T13:11:15.130+0000][1][gc,task      ] GC(48) Using 1 workers of 1 for evacuation
[2020-09-11T13:11:15.214+0000][1][gc,age       ] GC(48) Desired survivor size 4358144 bytes, new threshold 6 (max threshold 6)
[2020-09-11T13:11:15.214+0000][1][gc,age       ] GC(48) Age table with threshold 6 (max threshold 6)
[2020-09-11T13:11:15.214+0000][1][gc,age       ] GC(48) - age   1:        240 bytes,        240 total
[2020-09-11T13:11:15.214+0000][1][gc,heap      ] GC(48) ParNew: 68236K->19K(76672K)
[2020-09-11T13:11:15.214+0000][1][gc,heap      ] GC(48) CMS: 48854K->48854K(2011968K)
[2020-09-11T13:11:15.214+0000][1][gc,metaspace ] GC(48) Metaspace: 32423K->32423K(1079296K)
[2020-09-11T13:11:15.215+0000][1][gc           ] GC(48) Pause Young (Allocation Failure) 114M->47M(2039M) 84.088ms
[2020-09-11T13:11:15.215+0000][1][gc,cpu       ] GC(48) User=0.02s Sys=0.00s Real=0.08s
[2020-09-11T13:11:15.233+0000][1][safepoint    ] Safepoint "GenCollectForAllocation", Time since last: 454037106 ns, Reaching safepoint: 97495 ns, At safepoint: 103021577 ns, Total: 103119072 ns
[2020-09-11T13:11:15.680+0000][1][gc,start     ] GC(49) Pause Young (Allocation Failure)
[2020-09-11T13:11:15.680+0000][1][gc,task      ] GC(49) Using 1 workers of 1 for evacuation
[2020-09-11T13:11:15.772+0000][1][gc,age       ] GC(49) Desired survivor size 4358144 bytes, new threshold 6 (max threshold 6)
[2020-09-11T13:11:15.772+0000][1][gc,age       ] GC(49) Age table with threshold 6 (max threshold 6)
[2020-09-11T13:11:15.772+0000][1][gc,age       ] GC(49) - age   1:        168 bytes,        168 total
[2020-09-11T13:11:15.772+0000][1][gc,heap      ] GC(49) ParNew: 68179K->4K(76672K)
[2020-09-11T13:11:15.772+0000][1][gc,heap      ] GC(49) CMS: 48854K->48854K(2011968K)
[2020-09-11T13:11:15.772+0000][1][gc,metaspace ] GC(49) Metaspace: 32423K->32423K(1079296K)
[2020-09-11T13:11:15.772+0000][1][gc           ] GC(49) Pause Young (Allocation Failure) 114M->47M(2039M) 92.320ms
[2020-09-11T13:11:15.772+0000][1][gc,cpu       ] GC(49) User=0.03s Sys=0.00s Real=0.09s
[2020-09-11T13:11:15.772+0000][1][safepoint    ] Safepoint "GenCollectForAllocation", Time since last: 446008956 ns, Reaching safepoint: 103669 ns, At safepoint: 92398211 ns, Total: 92501880 ns
[2020-09-11T13:11:16.792+0000][1][safepoint    ] Safepoint "Cleanup", Time since last: 1019560357 ns, Reaching safepoint: 112208 ns, At safepoint: 5911 ns, Total: 118119 ns
[2020-09-11T13:11:18.800+0000][1][safepoint    ] Safepoint "Cleanup", Time since last: 2007791711 ns, Reaching safepoint: 438867 ns, At safepoint: 5672 ns, Total: 444539 ns
[2020-09-11T13:11:19.055+0000][1][gc,start     ] GC(50) Pause Young (Allocation Failure)
[2020-09-11T13:11:19.056+0000][1][gc,task      ] GC(50) Using 1 workers of 1 for evacuation
[2020-09-11T13:11:19.095+0000][1][gc,age       ] GC(50) Desired survivor size 4358144 bytes, new threshold 6 (max threshold 6)
[2020-09-11T13:11:19.095+0000][1][gc,age       ] GC(50) Age table with threshold 6 (max threshold 6)
[2020-09-11T13:11:19.095+0000][1][gc,age       ] GC(50) - age   1:     133936 bytes,     133936 total
[2020-09-11T13:11:19.095+0000][1][gc,heap      ] GC(50) ParNew: 68164K->131K(76672K)
[2020-09-11T13:11:19.095+0000][1][gc,heap      ] GC(50) CMS: 48854K->48854K(2011968K)
[2020-09-11T13:11:19.095+0000][1][gc,metaspace ] GC(50) Metaspace: 32425K->32425K(1079296K)
[2020-09-11T13:11:19.095+0000][1][gc           ] GC(50) Pause Young (Allocation Failure) 114M->47M(2039M) 39.765ms
[2020-09-11T13:11:19.095+0000][1][gc,cpu       ] GC(50) User=0.01s Sys=0.00s Real=0.03s
[2020-09-11T13:11:19.099+0000][1][safepoint    ] Safepoint "GenCollectForAllocation", Time since last: 251559416 ns, Reaching safepoint: 4035583 ns, At safepoint: 43990014 ns, Total: 48025597 ns
[2020-09-11T13:11:19.659+0000][1][gc,start     ] GC(51) Pause Young (Allocation Failure)
[2020-09-11T13:11:19.659+0000][1][gc,task      ] GC(51) Using 1 workers of 1 for evacuation
[2020-09-11T13:11:19.698+0000][1][gc,age       ] GC(51) Desired survivor size 4358144 bytes, new threshold 6 (max threshold 6)
[2020-09-11T13:11:19.698+0000][1][gc,age       ] GC(51) Age table with threshold 6 (max threshold 6)
[2020-09-11T13:11:19.698+0000][1][gc,age       ] GC(51) - age   1:     546336 bytes,     546336 total
[2020-09-11T13:11:19.698+0000][1][gc,age       ] GC(51) - age   2:      83752 bytes,     630088 total
[2020-09-11T13:11:19.698+0000][1][gc,heap      ] GC(51) ParNew: 68291K->636K(76672K)
[2020-09-11T13:11:19.698+0000][1][gc,heap      ] GC(51) CMS: 48854K->48854K(2011968K)
[2020-09-11T13:11:19.698+0000][1][gc,metaspace ] GC(51) Metaspace: 32425K->32425K(1079296K)
[2020-09-11T13:11:19.698+0000][1][gc           ] GC(51) Pause Young (Allocation Failure) 114M->48M(2039M) 38.958ms
[2020-09-11T13:11:19.698+0000][1][gc,cpu       ] GC(51) User=0.01s Sys=0.00s Real=0.04s
[2020-09-11T13:11:19.707+0000][1][safepoint    ] Safepoint "GenCollectForAllocation", Time since last: 558160024 ns, Reaching safepoint: 1456609 ns, At safepoint: 48399479 ns, Total: 49856088 ns
[2020-09-11T13:11:20.171+0000][1][gc,start     ] GC(52) Pause Young (Allocation Failure)
[2020-09-11T13:11:20.171+0000][1][gc,task      ] GC(52) Using 1 workers of 1 for evacuation
[2020-09-11T13:11:20.218+0000][1][gc,age       ] GC(52) Desired survivor size 4358144 bytes, new threshold 6 (max threshold 6)
[2020-09-11T13:11:20.218+0000][1][gc,age       ] GC(52) Age table with threshold 6 (max threshold 6)
[2020-09-11T13:11:20.218+0000][1][gc,age       ] GC(52) - age   1:     643264 bytes,     643264 total
[2020-09-11T13:11:20.218+0000][1][gc,age       ] GC(52) - age   2:     374560 bytes,    1017824 total
[2020-09-11T13:11:20.218+0000][1][gc,age       ] GC(52) - age   3:      83128 bytes,    1100952 total
[2020-09-11T13:11:20.218+0000][1][gc,heap      ] GC(52) ParNew: 68796K->1115K(76672K)
[2020-09-11T13:11:20.218+0000][1][gc,heap      ] GC(52) CMS: 48854K->48854K(2011968K)
[2020-09-11T13:11:20.218+0000][1][gc,metaspace ] GC(52) Metaspace: 32425K->32425K(1079296K)
[2020-09-11T13:11:20.218+0000][1][gc           ] GC(52) Pause Young (Allocation Failure) 114M->48M(2039M) 46.937ms
[2020-09-11T13:11:20.218+0000][1][gc,cpu       ] GC(52) User=0.01s Sys=0.00s Real=0.05s
[2020-09-11T13:11:20.218+0000][1][safepoint    ] Safepoint "GenCollectForAllocation", Time since last: 460831174 ns, Reaching safepoint: 3126783 ns, At safepoint: 47004148 ns, Total: 50130931 ns
[2020-09-11T13:11:20.631+0000][1][gc,start     ] GC(53) Pause Young (Allocation Failure)
[2020-09-11T13:11:20.631+0000][1][gc,task      ] GC(53) Using 1 workers of 1 for evacuation
[2020-09-11T13:11:20.680+0000][1][gc,age       ] GC(53) Desired survivor size 4358144 bytes, new threshold 6 (max threshold 6)
[2020-09-11T13:11:20.680+0000][1][gc,age       ] GC(53) Age table with threshold 6 (max threshold 6)
[2020-09-11T13:11:20.680+0000][1][gc,age       ] GC(53) - age   1:     310808 bytes,     310808 total
[2020-09-11T13:11:20.680+0000][1][gc,age       ] GC(53) - age   2:     629648 bytes,     940456 total
[2020-09-11T13:11:20.680+0000][1][gc,age       ] GC(53) - age   3:     373824 bytes,    1314280 total
[2020-09-11T13:11:20.680+0000][1][gc,age       ] GC(53) - age   4:      82488 bytes,    1396768 total
[2020-09-11T13:11:20.680+0000][1][gc,heap      ] GC(53) ParNew: 69275K->1393K(76672K)
[2020-09-11T13:11:20.680+0000][1][gc,heap      ] GC(53) CMS: 48854K->48854K(2011968K)
[2020-09-11T13:11:20.680+0000][1][gc,metaspace ] GC(53) Metaspace: 32425K->32425K(1079296K)
[2020-09-11T13:11:20.680+0000][1][gc           ] GC(53) Pause Young (Allocation Failure) 115M->49M(2039M) 48.450ms
[2020-09-11T13:11:20.680+0000][1][gc,cpu       ] GC(53) User=0.01s Sys=0.00s Real=0.05s
[2020-09-11T13:11:20.680+0000][1][safepoint    ] Safepoint "GenCollectForAllocation", Time since last: 405889395 ns, Reaching safepoint: 7106968 ns, At safepoint: 48511593 ns, Total: 55618561 ns
[2020-09-11T13:11:21.251+0000][1][gc,start     ] GC(54) Pause Young (Allocation Failure)
[2020-09-11T13:11:21.252+0000][1][gc,task      ] GC(54) Using 1 workers of 1 for evacuation
[2020-09-11T13:11:21.304+0000][1][gc,age       ] GC(54) Desired survivor size 4358144 bytes, new threshold 6 (max threshold 6)
[2020-09-11T13:11:21.304+0000][1][gc,age       ] GC(54) Age table with threshold 6 (max threshold 6)
[2020-09-11T13:11:21.304+0000][1][gc,age       ] GC(54) - age   1:     964144 bytes,     964144 total
[2020-09-11T13:11:21.304+0000][1][gc,age       ] GC(54) - age   2:     299280 bytes,    1263424 total
[2020-09-11T13:11:21.304+0000][1][gc,age       ] GC(54) - age   3:     300960 bytes,    1564384 total
[2020-09-11T13:11:21.304+0000][1][gc,age       ] GC(54) - age   4:     373824 bytes,    1938208 total
[2020-09-11T13:11:21.304+0000][1][gc,age       ] GC(54) - age   5:      82328 bytes,    2020536 total
[2020-09-11T13:11:21.304+0000][1][gc,heap      ] GC(54) ParNew: 69553K->2034K(76672K)
[2020-09-11T13:11:21.304+0000][1][gc,heap      ] GC(54) CMS: 48854K->48854K(2011968K)
[2020-09-11T13:11:21.304+0000][1][gc,metaspace ] GC(54) Metaspace: 32425K->32425K(1079296K)
[2020-09-11T13:11:21.304+0000][1][gc           ] GC(54) Pause Young (Allocation Failure) 115M->49M(2039M) 52.945ms
[2020-09-11T13:11:21.304+0000][1][gc,cpu       ] GC(54) User=0.02s Sys=0.00s Real=0.06s
[2020-09-11T13:11:21.304+0000][1][safepoint    ] Safepoint "GenCollectForAllocation", Time since last: 567480625 ns, Reaching safepoint: 4023628 ns, At safepoint: 53004777 ns, Total: 57028405 ns
[2020-09-11T13:11:21.723+0000][1][gc,start     ] GC(55) Pause Young (Allocation Failure)
[2020-09-11T13:11:21.723+0000][1][gc,task      ] GC(55) Using 1 workers of 1 for evacuation
[2020-09-11T13:11:21.772+0000][1][gc,age       ] GC(55) Desired survivor size 4358144 bytes, new threshold 6 (max threshold 6)
[2020-09-11T13:11:21.772+0000][1][gc,age       ] GC(55) Age table with threshold 6 (max threshold 6)
[2020-09-11T13:11:21.772+0000][1][gc,age       ] GC(55) - age   1:     313728 bytes,     313728 total
[2020-09-11T13:11:21.772+0000][1][gc,age       ] GC(55) - age   2:     952416 bytes,    1266144 total
[2020-09-11T13:11:21.772+0000][1][gc,age       ] GC(55) - age   3:     298208 bytes,    1564352 total
[2020-09-11T13:11:21.772+0000][1][gc,age       ] GC(55) - age   4:     297424 bytes,    1861776 total
[2020-09-11T13:11:21.772+0000][1][gc,age       ] GC(55) - age   5:     373568 bytes,    2235344 total
[2020-09-11T13:11:21.772+0000][1][gc,age       ] GC(55) - age   6:      82304 bytes,    2317648 total
[2020-09-11T13:11:21.772+0000][1][gc,heap      ] GC(55) ParNew: 70194K->2355K(76672K)
[2020-09-11T13:11:21.772+0000][1][gc,heap      ] GC(55) CMS: 48854K->48854K(2011968K)
[2020-09-11T13:11:21.772+0000][1][gc,metaspace ] GC(55) Metaspace: 32425K->32425K(1079296K)
[2020-09-11T13:11:21.772+0000][1][gc           ] GC(55) Pause Young (Allocation Failure) 116M->50M(2039M) 48.964ms
[2020-09-11T13:11:21.772+0000][1][gc,cpu       ] GC(55) User=0.01s Sys=0.00s Real=0.04s
[2020-09-11T13:11:21.772+0000][1][safepoint    ] Safepoint "GenCollectForAllocation", Time since last: 416359739 ns, Reaching safepoint: 2618455 ns, At safepoint: 49042551 ns, Total: 51661006 ns
[2020-09-11T13:11:21.959+0000][1][safepoint    ] Safepoint "RevokeBias", Time since last: 182601990 ns, Reaching safepoint: 4359969 ns, At safepoint: 10347 ns, Total: 4370316 ns
[2020-09-11T13:11:22.960+0000][1][safepoint    ] Safepoint "Cleanup", Time since last: 1000102796 ns, Reaching safepoint: 123084 ns, At safepoint: 6084 ns, Total: 129168 ns
[2020-09-11T13:11:23.044+0000][1][safepoint    ] Safepoint "Deoptimize", Time since last: 83782922 ns, Reaching safepoint: 96951 ns, At safepoint: 280626 ns, Total: 377577 ns
[2020-09-11T13:11:23.517+0000][1][safepoint    ] Safepoint "CollectForMetadataAllocation", Time since last: 472766374 ns, Reaching safepoint: 117068 ns, At safepoint: 117570 ns, Total: 234638 ns
[2020-09-11T13:11:23.652+0000][1][safepoint    ] Safepoint "CollectForMetadataAllocation", Time since last: 135182021 ns, Reaching safepoint: 95975 ns, At safepoint: 127240 ns, Total: 223215 ns
[2020-09-11T13:11:23.793+0000][1][gc,start     ] GC(56) Pause Initial Mark
[2020-09-11T13:11:23.953+0000][1][gc           ] GC(56) Pause Initial Mark 108M->108M(2039M) 160.439ms
[2020-09-11T13:11:23.953+0000][1][gc,cpu       ] GC(56) User=0.03s Sys=0.00s Real=0.16s
[2020-09-11T13:11:23.985+0000][1][safepoint    ] Safepoint "CMS_Initial_Mark", Time since last: 140353363 ns, Reaching safepoint: 103567 ns, At safepoint: 191861619 ns, Total: 191965186 ns
[2020-09-11T13:11:23.985+0000][1][gc           ] GC(56) Concurrent Mark
[2020-09-11T13:11:24.055+0000][1][safepoint    ] Safepoint "CollectForMetadataAllocation", Time since last: 67990546 ns, Reaching safepoint: 1993634 ns, At safepoint: 118534 ns, Total: 2112168 ns
[2020-09-11T13:11:24.217+0000][1][safepoint    ] Safepoint "CollectForMetadataAllocation", Time since last: 161885193 ns, Reaching safepoint: 59200 ns, At safepoint: 136787 ns, Total: 195987 ns
[2020-09-11T13:11:24.414+0000][1][safepoint    ] Safepoint "CollectForMetadataAllocation", Time since last: 197424153 ns, Reaching safepoint: 45061 ns, At safepoint: 125352 ns, Total: 170413 ns
[2020-09-11T13:11:24.611+0000][1][gc           ] GC(56) Concurrent Mark 626.273ms
[2020-09-11T13:11:24.611+0000][1][gc,cpu       ] GC(56) User=0.15s Sys=0.00s Real=0.62s
[2020-09-11T13:11:24.611+0000][1][gc           ] GC(56) Concurrent Preclean
[2020-09-11T13:11:24.645+0000][1][gc           ] GC(56) Concurrent Preclean 34.512ms
[2020-09-11T13:11:24.646+0000][1][gc,cpu       ] GC(56) User=0.00s Sys=0.00s Real=0.04s
[2020-09-11T13:11:24.646+0000][1][gc           ] GC(56) Concurrent Abortable Preclean
[2020-09-11T13:11:24.726+0000][1][safepoint    ] Safepoint "CollectForMetadataAllocation", Time since last: 311167037 ns, Reaching safepoint: 109353 ns, At safepoint: 120777 ns, Total: 230130 ns
[2020-09-11T13:11:24.871+0000][1][gc,start     ] GC(57) Pause Young (Allocation Failure)
[2020-09-11T13:11:24.871+0000][1][gc,task      ] GC(57) Using 1 workers of 1 for evacuation
[2020-09-11T13:11:24.951+0000][1][gc           ] GC(56) Concurrent Abortable Preclean 305.901ms
[2020-09-11T13:11:24.951+0000][1][gc,cpu       ] GC(56) User=0.08s Sys=0.01s Real=0.30s
[2020-09-11T13:11:24.998+0000][1][gc,age       ] GC(57) Desired survivor size 4358144 bytes, new threshold 6 (max threshold 6)
[2020-09-11T13:11:24.998+0000][1][gc,age       ] GC(57) Age table with threshold 6 (max threshold 6)
[2020-09-11T13:11:24.998+0000][1][gc,age       ] GC(57) - age   1:    1489616 bytes,    1489616 total
[2020-09-11T13:11:24.998+0000][1][gc,age       ] GC(57) - age   2:     301680 bytes,    1791296 total
[2020-09-11T13:11:24.998+0000][1][gc,age       ] GC(57) - age   3:     951720 bytes,    2743016 total
[2020-09-11T13:11:24.998+0000][1][gc,age       ] GC(57) - age   4:     297792 bytes,    3040808 total
[2020-09-11T13:11:24.998+0000][1][gc,age       ] GC(57) - age   5:     297304 bytes,    3338112 total
[2020-09-11T13:11:24.998+0000][1][gc,age       ] GC(57) - age   6:     373568 bytes,    3711680 total
[2020-09-11T13:11:24.998+0000][1][gc,heap      ] GC(57) ParNew: 70515K->3707K(76672K)
[2020-09-11T13:11:24.998+0000][1][gc,heap      ] GC(57) CMS: 48854K->48932K(2011968K)
[2020-09-11T13:11:24.998+0000][1][gc,metaspace ] GC(57) Metaspace: 36198K->36198K(1083392K)
[2020-09-11T13:11:24.998+0000][1][gc           ] GC(57) Pause Young (Allocation Failure) 116M->51M(2039M) 127.476ms
[2020-09-11T13:11:24.998+0000][1][gc,cpu       ] GC(57) User=0.04s Sys=0.00s Real=0.13s
[2020-09-11T13:11:24.998+0000][1][safepoint    ] Safepoint "GenCollectForAllocation", Time since last: 145100203 ns, Reaching safepoint: 102799 ns, At safepoint: 127555903 ns, Total: 127658702 ns
[2020-09-11T13:11:25.024+0000][1][gc,start     ] GC(56) Pause Remark
[2020-09-11T13:11:25.105+0000][1][gc           ] GC(56) Pause Remark 55M->55M(2039M) 81.351ms
[2020-09-11T13:11:25.105+0000][1][gc,cpu       ] GC(56) User=0.02s Sys=0.00s Real=0.08s
[2020-09-11T13:11:25.129+0000][1][safepoint    ] Safepoint "CMS_Final_Remark", Time since last: 24939074 ns, Reaching safepoint: 106410 ns, At safepoint: 105050170 ns, Total: 105156580 ns
[2020-09-11T13:11:25.129+0000][1][gc           ] GC(56) Concurrent Sweep
[2020-09-11T13:11:25.268+0000][1][gc           ] GC(56) Concurrent Sweep 138.921ms
[2020-09-11T13:11:25.268+0000][1][gc,cpu       ] GC(56) User=0.03s Sys=0.00s Real=0.14s
[2020-09-11T13:11:25.268+0000][1][gc           ] GC(56) Concurrent Reset
[2020-09-11T13:11:25.305+0000][1][gc           ] GC(56) Concurrent Reset 37.176ms
[2020-09-11T13:11:25.305+0000][1][gc,cpu       ] GC(56) User=0.01s Sys=0.00s Real=0.04s
[2020-09-11T13:11:25.305+0000][1][gc,heap      ] GC(56) Old: 48854K->47874K(2011968K)
[2020-09-11T13:11:25.677+0000][1][gc,start     ] GC(58) Pause Young (Allocation Failure)
[2020-09-11T13:11:25.677+0000][1][gc,task      ] GC(58) Using 1 workers of 1 for evacuation
[2020-09-11T13:11:25.740+0000][1][gc,age       ] GC(58) Desired survivor size 4358144 bytes, new threshold 6 (max threshold 6)
[2020-09-11T13:11:25.740+0000][1][gc,age       ] GC(58) Age table with threshold 6 (max threshold 6)
[2020-09-11T13:11:25.740+0000][1][gc,age       ] GC(58) - age   1:      57216 bytes,      57216 total
[2020-09-11T13:11:25.740+0000][1][gc,age       ] GC(58) - age   2:    1462088 bytes,    1519304 total
[2020-09-11T13:11:25.740+0000][1][gc,age       ] GC(58) - age   3:     301680 bytes,    1820984 total
[2020-09-11T13:11:25.740+0000][1][gc,age       ] GC(58) - age   4:     951720 bytes,    2772704 total
[2020-09-11T13:11:25.740+0000][1][gc,age       ] GC(58) - age   5:     297792 bytes,    3070496 total
[2020-09-11T13:11:25.740+0000][1][gc,age       ] GC(58) - age   6:     297136 bytes,    3367632 total
[2020-09-11T13:11:25.740+0000][1][gc,heap      ] GC(58) ParNew: 71867K->3413K(76672K)
[2020-09-11T13:11:25.740+0000][1][gc,heap      ] GC(58) CMS: 47874K->48239K(2011968K)
[2020-09-11T13:11:25.740+0000][1][gc,metaspace ] GC(58) Metaspace: 36200K->36200K(1083392K)
[2020-09-11T13:11:25.740+0000][1][gc           ] GC(58) Pause Young (Allocation Failure) 116M->50M(2039M) 62.809ms
[2020-09-11T13:11:25.740+0000][1][gc,cpu       ] GC(58) User=0.02s Sys=0.00s Real=0.06s
[2020-09-11T13:11:25.755+0000][1][safepoint    ] Safepoint "GenCollectForAllocation", Time since last: 547988376 ns, Reaching safepoint: 368901 ns, At safepoint: 78493564 ns, Total: 78862465 ns
[2020-09-11T13:11:26.770+0000][1][safepoint    ] Safepoint "Cleanup", Time since last: 1014201597 ns, Reaching safepoint: 276502 ns, At safepoint: 7123 ns, Total: 283625 ns
[2020-09-11T13:11:27.896+0000][1][safepoint    ] Safepoint "RevokeBias", Time since last: 1125518633 ns, Reaching safepoint: 130935 ns, At safepoint: 40299 ns, Total: 171234 ns
[2020-09-11T13:11:28.902+0000][1][safepoint    ] Safepoint "Cleanup", Time since last: 1005900967 ns, Reaching safepoint: 136630 ns, At safepoint: 5925 ns, Total: 142555 ns
[2020-09-11T13:11:29.907+0000][1][safepoint    ] Safepoint "Cleanup", Time since last: 1005413849 ns, Reaching safepoint: 386583 ns, At safepoint: 7519 ns, Total: 394102 ns
[2020-09-11T13:11:30.824+0000][1][gc,start     ] GC(59) Pause Young (Allocation Failure)
[2020-09-11T13:11:30.824+0000][1][gc,task      ] GC(59) Using 1 workers of 1 for evacuation
[2020-09-11T13:11:30.915+0000][1][gc,age       ] GC(59) Desired survivor size 4358144 bytes, new threshold 4 (max threshold 6)
[2020-09-11T13:11:30.915+0000][1][gc,age       ] GC(59) Age table with threshold 4 (max threshold 6)
[2020-09-11T13:11:30.915+0000][1][gc,age       ] GC(59) - age   1:    2744568 bytes,    2744568 total
[2020-09-11T13:11:30.915+0000][1][gc,age       ] GC(59) - age   2:      57088 bytes,    2801656 total
[2020-09-11T13:11:30.915+0000][1][gc,age       ] GC(59) - age   3:    1416112 bytes,    4217768 total
[2020-09-11T13:11:30.915+0000][1][gc,age       ] GC(59) - age   4:     301680 bytes,    4519448 total
[2020-09-11T13:11:30.915+0000][1][gc,age       ] GC(59) - age   5:     951720 bytes,    5471168 total
[2020-09-11T13:11:30.915+0000][1][gc,age       ] GC(59) - age   6:     297792 bytes,    5768960 total
[2020-09-11T13:11:30.915+0000][1][gc,heap      ] GC(59) ParNew: 71573K->8252K(76672K)
[2020-09-11T13:11:30.915+0000][1][gc,heap      ] GC(59) CMS: 48239K->48529K(2011968K)
[2020-09-11T13:11:30.915+0000][1][gc,metaspace ] GC(59) Metaspace: 42481K->42481K(1089536K)
[2020-09-11T13:11:30.915+0000][1][gc           ] GC(59) Pause Young (Allocation Failure) 117M->55M(2039M) 90.807ms
[2020-09-11T13:11:30.915+0000][1][gc,cpu       ] GC(59) User=0.02s Sys=0.00s Real=0.08s
[2020-09-11T13:11:30.947+0000][1][safepoint    ] Safepoint "GenCollectForAllocation", Time since last: 916845330 ns, Reaching safepoint: 107473 ns, At safepoint: 123025493 ns, Total: 123132966 ns
[2020-09-11T13:11:30.964+0000][1][safepoint    ] Safepoint "RevokeBias", Time since last: 16621858 ns, Reaching safepoint: 22319 ns, At safepoint: 37889 ns, Total: 60208 ns
[2020-09-11T13:11:31.979+0000][1][safepoint    ] Safepoint "Cleanup", Time since last: 1000108109 ns, Reaching safepoint: 15253617 ns, At safepoint: 10353 ns, Total: 15263970 ns
[2020-09-11T13:11:32.906+0000][1][safepoint    ] Safepoint "RevokeBias", Time since last: 924380013 ns, Reaching safepoint: 2163436 ns, At safepoint: 31120 ns, Total: 2194556 ns
[2020-09-11T13:11:32.908+0000][1][safepoint    ] Safepoint "RevokeBias", Time since last: 1396479 ns, Reaching safepoint: 88099 ns, At safepoint: 21070 ns, Total: 109169 ns
[2020-09-11T13:11:33.908+0000][1][safepoint    ] Safepoint "Cleanup", Time since last: 1000087915 ns, Reaching safepoint: 110441 ns, At safepoint: 6228 ns, Total: 116669 ns
[2020-09-11T13:11:36.948+0000][1][safepoint    ] Safepoint "Cleanup", Time since last: 3023652953 ns, Reaching safepoint: 16599263 ns, At safepoint: 45076 ns, Total: 16644339 ns
[2020-09-11T13:11:37.896+0000][1][safepoint    ] Safepoint "RevokeBias", Time since last: 947519149 ns, Reaching safepoint: 104440 ns, At safepoint: 38875 ns, Total: 143315 ns
[2020-09-11T13:11:37.896+0000][1][safepoint    ] Safepoint "RevokeBias", Time since last: 110234 ns, Reaching safepoint: 82171 ns, At safepoint: 27815 ns, Total: 109986 ns
[2020-09-11T13:11:37.896+0000][1][safepoint    ] Safepoint "RevokeBias", Time since last: 85495 ns, Reaching safepoint: 81332 ns, At safepoint: 26942 ns, Total: 108274 ns
[2020-09-11T13:11:37.908+0000][1][safepoint    ] Safepoint "RevokeBias", Time since last: 11266899 ns, Reaching safepoint: 378509 ns, At safepoint: 40866 ns, Total: 419375 ns
[2020-09-11T13:11:37.911+0000][1][safepoint    ] Safepoint "RevokeBias", Time since last: 117691 ns, Reaching safepoint: 3475565 ns, At safepoint: 40205 ns, Total: 3515770 ns
[2020-09-11T13:11:37.912+0000][1][safepoint    ] Safepoint "RevokeBias", Time since last: 58510 ns, Reaching safepoint: 85178 ns, At safepoint: 26940 ns, Total: 112118 ns
[2020-09-11T13:11:37.912+0000][1][safepoint    ] Safepoint "RevokeBias", Time since last: 31372 ns, Reaching safepoint: 83332 ns, At safepoint: 25912 ns, Total: 109244 ns
[2020-09-11T13:11:37.912+0000][1][safepoint    ] Safepoint "RevokeBias", Time since last: 30245 ns, Reaching safepoint: 81937 ns, At safepoint: 25832 ns, Total: 107769 ns
[2020-09-11T13:11:37.912+0000][1][safepoint    ] Safepoint "RevokeBias", Time since last: 29176 ns, Reaching safepoint: 82531 ns, At safepoint: 25899 ns, Total: 108430 ns
[2020-09-11T13:11:37.912+0000][1][safepoint    ] Safepoint "RevokeBias", Time since last: 29038 ns, Reaching safepoint: 82470 ns, At safepoint: 25690 ns, Total: 108160 ns
[2020-09-11T13:11:37.912+0000][1][safepoint    ] Safepoint "RevokeBias", Time since last: 31931 ns, Reaching safepoint: 79771 ns, At safepoint: 24709 ns, Total: 104480 ns
[2020-09-11T13:11:37.912+0000][1][safepoint    ] Safepoint "RevokeBias", Time since last: 27775 ns, Reaching safepoint: 79871 ns, At safepoint: 24762 ns, Total: 104633 ns
[2020-09-11T13:11:37.913+0000][1][safepoint    ] Safepoint "RevokeBias", Time since last: 28159 ns, Reaching safepoint: 79419 ns, At safepoint: 24536 ns, Total: 103955 ns
[2020-09-11T13:11:37.913+0000][1][safepoint    ] Safepoint "RevokeBias", Time since last: 28012 ns, Reaching safepoint: 81841 ns, At safepoint: 25546 ns, Total: 107387 ns
[2020-09-11T13:11:37.913+0000][1][safepoint    ] Safepoint "RevokeBias", Time since last: 30489 ns, Reaching safepoint: 82350 ns, At safepoint: 25682 ns, Total: 108032 ns
[2020-09-11T13:11:37.913+0000][1][safepoint    ] Safepoint "RevokeBias", Time since last: 43537 ns, Reaching safepoint: 82187 ns, At safepoint: 25490 ns, Total: 107677 ns
[2020-09-11T13:11:37.913+0000][1][safepoint    ] Safepoint "RevokeBias", Time since last: 67185 ns, Reaching safepoint: 84262 ns, At safepoint: 25802 ns, Total: 110064 ns
[2020-09-11T13:11:37.913+0000][1][safepoint    ] Safepoint "RevokeBias", Time since last: 37631 ns, Reaching safepoint: 82273 ns, At safepoint: 25085 ns, Total: 107358 ns
[2020-09-11T13:11:37.914+0000][1][safepoint    ] Safepoint "RevokeBias", Time since last: 80574 ns, Reaching safepoint: 90584 ns, At safepoint: 35147 ns, Total: 125731 ns
[2020-09-11T13:11:37.915+0000][1][safepoint    ] Safepoint "RevokeBias", Time since last: 791451 ns, Reaching safepoint: 1072761 ns, At safepoint: 33576 ns, Total: 1106337 ns
[2020-09-11T13:11:39.026+0000][1][safepoint    ] Safepoint "Cleanup", Time since last: 1109528524 ns, Reaching safepoint: 1202535 ns, At safepoint: 10172 ns, Total: 1212707 ns
[2020-09-11T13:11:40.064+0000][1][gc,start     ] GC(60) Pause Young (Allocation Failure)
[2020-09-11T13:11:40.064+0000][1][gc,task      ] GC(60) Using 1 workers of 1 for evacuation
[2020-09-11T13:11:40.161+0000][1][gc,age       ] GC(60) Desired survivor size 4358144 bytes, new threshold 2 (max threshold 6)
[2020-09-11T13:11:40.161+0000][1][gc,age       ] GC(60) Age table with threshold 2 (max threshold 6)
[2020-09-11T13:11:40.161+0000][1][gc,age       ] GC(60) - age   1:    2682864 bytes,    2682864 total
[2020-09-11T13:11:40.161+0000][1][gc,age       ] GC(60) - age   2:    2664216 bytes,    5347080 total
[2020-09-11T13:11:40.161+0000][1][gc,age       ] GC(60) - age   3:      57088 bytes,    5404168 total
[2020-09-11T13:11:40.161+0000][1][gc,age       ] GC(60) - age   4:    1414360 bytes,    6818528 total
[2020-09-11T13:11:40.161+0000][1][gc,heap      ] GC(60) ParNew: 76412K->8512K(76672K)
[2020-09-11T13:11:40.161+0000][1][gc,heap      ] GC(60) CMS: 48529K->50044K(2011968K)
[2020-09-11T13:11:40.161+0000][1][gc,metaspace ] GC(60) Metaspace: 47756K->47756K(1093632K)
[2020-09-11T13:11:40.161+0000][1][gc           ] GC(60) Pause Young (Allocation Failure) 122M->57M(2039M) 97.212ms
[2020-09-11T13:11:40.161+0000][1][gc,cpu       ] GC(60) User=0.03s Sys=0.00s Real=0.09s
[2020-09-11T13:11:40.171+0000][1][safepoint    ] Safepoint "GenCollectForAllocation", Time since last: 1037710278 ns, Reaching safepoint: 147240 ns, At safepoint: 107448012 ns, Total: 107595252 ns
[2020-09-11T13:11:40.208+0000][1][safepoint    ] Safepoint "RevokeBias", Time since last: 36628561 ns, Reaching safepoint: 105005 ns, At safepoint: 13682 ns, Total: 118687 ns
[2020-09-11T13:11:40.208+0000][1][safepoint    ] Safepoint "RevokeBias", Time since last: 59130 ns, Reaching safepoint: 11734 ns, At safepoint: 8186 ns, Total: 19920 ns
[2020-09-11T13:11:40.384+0000][1][safepoint    ] Safepoint "RevokeBias", Time since last: 175936881 ns, Reaching safepoint: 100164 ns, At safepoint: 31959 ns, Total: 132123 ns
[2020-09-11T13:11:40.412+0000][1][safepoint    ] Safepoint "RevokeBias", Time since last: 27042715 ns, Reaching safepoint: 105744 ns, At safepoint: 50379 ns, Total: 156123 ns
[2020-09-11T13:11:41.276+0000][1][safepoint    ] Safepoint "RevokeBias", Time since last: 863827287 ns, Reaching safepoint: 489809 ns, At safepoint: 42063 ns, Total: 531872 ns
[2020-09-11T13:11:41.276+0000][1][safepoint    ] Safepoint "RevokeBias", Time since last: 233401 ns, Reaching safepoint: 84356 ns, At safepoint: 25541 ns, Total: 109897 ns
[2020-09-11T13:11:41.276+0000][1][safepoint    ] Safepoint "RevokeBias", Time since last: 41356 ns, Reaching safepoint: 79889 ns, At safepoint: 21630 ns, Total: 101519 ns
[2020-09-11T13:11:41.522+0000][1][safepoint    ] Safepoint "RevokeBias", Time since last: 233558307 ns, Reaching safepoint: 11568698 ns, At safepoint: 37273 ns, Total: 11605971 ns
[2020-09-11T13:11:41.522+0000][1][safepoint    ] Safepoint "RevokeBias", Time since last: 651759 ns, Reaching safepoint: 87390 ns, At safepoint: 25239 ns, Total: 112629 ns
[2020-09-11T13:11:41.523+0000][1][safepoint    ] Safepoint "RevokeBias", Time since last: 119362 ns, Reaching safepoint: 83155 ns, At safepoint: 22572 ns, Total: 105727 ns
[2020-09-11T13:11:41.523+0000][1][safepoint    ] Safepoint "RevokeBias", Time since last: 445887 ns, Reaching safepoint: 84780 ns, At safepoint: 22937 ns, Total: 107717 ns
[2020-09-11T13:11:41.529+0000][1][safepoint    ] Safepoint "RevokeBias", Time since last: 5875868 ns, Reaching safepoint: 106943 ns, At safepoint: 38436 ns, Total: 145379 ns
[2020-09-11T13:11:41.530+0000][1][safepoint    ] Safepoint "RevokeBias", Time since last: 1060636 ns, Reaching safepoint: 98807 ns, At safepoint: 27759 ns, Total: 126566 ns
[2020-09-11T13:11:41.531+0000][1][safepoint    ] Safepoint "RevokeBias", Time since last: 118170 ns, Reaching safepoint: 83463 ns, At safepoint: 21632 ns, Total: 105095 ns
[2020-09-11T13:11:41.537+0000][1][safepoint    ] Safepoint "RevokeBias", Time since last: 6289180 ns, Reaching safepoint: 107129 ns, At safepoint: 29818 ns, Total: 136947 ns
[2020-09-11T13:11:41.537+0000][1][safepoint    ] Safepoint "BulkRevokeBias", Time since last: 119490 ns, Reaching safepoint: 83457 ns, At safepoint: 58365 ns, Total: 141822 ns
[2020-09-11T13:11:41.540+0000][1][safepoint    ] Safepoint "RevokeBias", Time since last: 2175753 ns, Reaching safepoint: 93364 ns, At safepoint: 27727 ns, Total: 121091 ns
[2020-09-11T13:11:41.565+0000][1][safepoint    ] Safepoint "RevokeBias", Time since last: 11879510 ns, Reaching safepoint: 13076195 ns, At safepoint: 33153 ns, Total: 13109348 ns
[2020-09-11T13:11:41.565+0000][1][safepoint    ] Safepoint "RevokeBias", Time since last: 77988 ns, Reaching safepoint: 83947 ns, At safepoint: 20989 ns, Total: 104936 ns
[2020-09-11T13:11:41.565+0000][1][safepoint    ] Safepoint "RevokeBias", Time since last: 30433 ns, Reaching safepoint: 81740 ns, At safepoint: 21413 ns, Total: 103153 ns
[2020-09-11T13:11:41.568+0000][1][safepoint    ] Safepoint "RevokeBias", Time since last: 2574936 ns, Reaching safepoint: 98651 ns, At safepoint: 29938 ns, Total: 128589 ns
[2020-09-11T13:11:41.568+0000][1][safepoint    ] Safepoint "RevokeBias", Time since last: 60312 ns, Reaching safepoint: 83573 ns, At safepoint: 20626 ns, Total: 104199 ns
[2020-09-11T13:11:41.568+0000][1][safepoint    ] Safepoint "RevokeBias", Time since last: 30708 ns, Reaching safepoint: 80674 ns, At safepoint: 19332 ns, Total: 100006 ns
[2020-09-11T13:11:41.568+0000][1][safepoint    ] Safepoint "RevokeBias", Time since last: 32124 ns, Reaching safepoint: 80132 ns, At safepoint: 18125 ns, Total: 98257 ns
[2020-09-11T13:11:41.568+0000][1][safepoint    ] Safepoint "BulkRevokeBias", Time since last: 28394 ns, Reaching safepoint: 81035 ns, At safepoint: 67846 ns, Total: 148881 ns
[2020-09-11T13:11:41.568+0000][1][safepoint    ] Safepoint "RevokeBias", Time since last: 67788 ns, Reaching safepoint: 83782 ns, At safepoint: 25022 ns, Total: 108804 ns
[2020-09-11T13:11:41.568+0000][1][safepoint    ] Safepoint "RevokeBias", Time since last: 39094 ns, Reaching safepoint: 83164 ns, At safepoint: 21269 ns, Total: 104433 ns
[2020-09-11T13:11:41.580+0000][1][safepoint    ] Safepoint "RevokeBias", Time since last: 11389838 ns, Reaching safepoint: 101160 ns, At safepoint: 14509 ns, Total: 115669 ns
[2020-09-11T13:11:41.580+0000][1][safepoint    ] Safepoint "RevokeBias", Time since last: 49521 ns, Reaching safepoint: 80327 ns, At safepoint: 9920 ns, Total: 90247 ns
[2020-09-11T13:11:41.580+0000][1][safepoint    ] Safepoint "RevokeBias", Time since last: 30256 ns, Reaching safepoint: 79140 ns, At safepoint: 9793 ns, Total: 88933 ns
[2020-09-11T13:11:41.597+0000][1][safepoint    ] Safepoint "RevokeBias", Time since last: 11283152 ns, Reaching safepoint: 4962740 ns, At safepoint: 41623 ns, Total: 5004363 ns
[2020-09-11T13:11:41.597+0000][1][safepoint    ] Safepoint "RevokeBias", Time since last: 67583 ns, Reaching safepoint: 84192 ns, At safepoint: 25532 ns, Total: 109724 ns
[2020-09-11T13:11:41.597+0000][1][safepoint    ] Safepoint "RevokeBias", Time since last: 30059 ns, Reaching safepoint: 81247 ns, At safepoint: 21356 ns, Total: 102603 ns
[2020-09-11T13:11:41.600+0000][1][safepoint    ] Safepoint "RevokeBias", Time since last: 39963 ns, Reaching safepoint: 3341134 ns, At safepoint: 42988 ns, Total: 3384122 ns
[2020-09-11T13:11:41.600+0000][1][safepoint    ] Safepoint "RevokeBias", Time since last: 62787 ns, Reaching safepoint: 85895 ns, At safepoint: 24725 ns, Total: 110620 ns
[2020-09-11T13:11:41.601+0000][1][safepoint    ] Safepoint "RevokeBias", Time since last: 30275 ns, Reaching safepoint: 81352 ns, At safepoint: 22121 ns, Total: 103473 ns
[2020-09-11T13:11:41.601+0000][1][safepoint    ] Safepoint "RevokeBias", Time since last: 39499 ns, Reaching safepoint: 82295 ns, At safepoint: 21429 ns, Total: 103724 ns
[2020-09-11T13:11:41.601+0000][1][safepoint    ] Safepoint "RevokeBias", Time since last: 30990 ns, Reaching safepoint: 81777 ns, At safepoint: 26547 ns, Total: 108324 ns
[2020-09-11T13:11:41.601+0000][1][safepoint    ] Safepoint "RevokeBias", Time since last: 28934 ns, Reaching safepoint: 81412 ns, At safepoint: 21584 ns, Total: 102996 ns
[2020-09-11T13:11:41.601+0000][1][safepoint    ] Safepoint "RevokeBias", Time since last: 26956 ns, Reaching safepoint: 80498 ns, At safepoint: 20900 ns, Total: 101398 ns
[2020-09-11T13:11:41.601+0000][1][safepoint    ] Safepoint "RevokeBias", Time since last: 27493 ns, Reaching safepoint: 80884 ns, At safepoint: 21099 ns, Total: 101983 ns
[2020-09-11T13:11:41.607+0000][1][safepoint    ] Safepoint "RevokeBias", Time since last: 26988 ns, Reaching safepoint: 5305960 ns, At safepoint: 57172 ns, Total: 5363132 ns
[2020-09-11T13:11:41.607+0000][1][safepoint    ] Safepoint "RevokeBias", Time since last: 88238 ns, Reaching safepoint: 85448 ns, At safepoint: 29782 ns, Total: 115230 ns
[2020-09-11T13:11:41.607+0000][1][safepoint    ] Safepoint "RevokeBias", Time since last: 30587 ns, Reaching safepoint: 81980 ns, At safepoint: 26866 ns, Total: 108846 ns
[2020-09-11T13:11:41.607+0000][1][safepoint    ] Safepoint "RevokeBias", Time since last: 28992 ns, Reaching safepoint: 81469 ns, At safepoint: 24854 ns, Total: 106323 ns
[2020-09-11T13:11:41.607+0000][1][safepoint    ] Safepoint "RevokeBias", Time since last: 28400 ns, Reaching safepoint: 81220 ns, At safepoint: 24598 ns, Total: 105818 ns
[2020-09-11T13:11:41.607+0000][1][safepoint    ] Safepoint "BulkRevokeBias", Time since last: 28003 ns, Reaching safepoint: 80636 ns, At safepoint: 87374 ns, Total: 168010 ns
[2020-09-11T13:11:41.608+0000][1][safepoint    ] Safepoint "RevokeBias", Time since last: 263665 ns, Reaching safepoint: 82621 ns, At safepoint: 27806 ns, Total: 110427 ns
[2020-09-11T13:11:41.608+0000][1][safepoint    ] Safepoint "RevokeBias", Time since last: 45434 ns, Reaching safepoint: 80786 ns, At safepoint: 22165 ns, Total: 102951 ns
[2020-09-11T13:11:41.608+0000][1][safepoint    ] Safepoint "RevokeBias", Time since last: 68516 ns, Reaching safepoint: 82977 ns, At safepoint: 21295 ns, Total: 104272 ns
[2020-09-11T13:11:41.608+0000][1][safepoint    ] Safepoint "RevokeBias", Time since last: 41330 ns, Reaching safepoint: 83003 ns, At safepoint: 18839 ns, Total: 101842 ns
[2020-09-11T13:11:41.609+0000][1][safepoint    ] Safepoint "RevokeBias", Time since last: 110760 ns, Reaching safepoint: 81478 ns, At safepoint: 19289 ns, Total: 100767 ns
[2020-09-11T13:11:41.612+0000][1][safepoint    ] Safepoint "RevokeBias", Time since last: 2903178 ns, Reaching safepoint: 89907 ns, At safepoint: 27490 ns, Total: 117397 ns
[2020-09-11T13:11:41.612+0000][1][safepoint    ] Safepoint "RevokeBias", Time since last: 88315 ns, Reaching safepoint: 84686 ns, At safepoint: 22085 ns, Total: 106771 ns
[2020-09-11T13:11:41.612+0000][1][safepoint    ] Safepoint "RevokeBias", Time since last: 116310 ns, Reaching safepoint: 82693 ns, At safepoint: 19509 ns, Total: 102202 ns
[2020-09-11T13:11:41.612+0000][1][safepoint    ] Safepoint "RevokeBias", Time since last: 45379 ns, Reaching safepoint: 80616 ns, At safepoint: 19254 ns, Total: 99870 ns
[2020-09-11T13:11:41.612+0000][1][safepoint    ] Safepoint "RevokeBias", Time since last: 42975 ns, Reaching safepoint: 80124 ns, At safepoint: 20770 ns, Total: 100894 ns
[2020-09-11T13:11:41.612+0000][1][safepoint    ] Safepoint "RevokeBias", Time since last: 59142 ns, Reaching safepoint: 80838 ns, At safepoint: 19024 ns, Total: 99862 ns
[2020-09-11T13:11:41.613+0000][1][safepoint    ] Safepoint "RevokeBias", Time since last: 197927 ns, Reaching safepoint: 90302 ns, At safepoint: 19603 ns, Total: 109905 ns
[2020-09-11T13:11:41.613+0000][1][safepoint    ] Safepoint "RevokeBias", Time since last: 105632 ns, Reaching safepoint: 81529 ns, At safepoint: 21743 ns, Total: 103272 ns
[2020-09-11T13:11:41.615+0000][1][safepoint    ] Safepoint "RevokeBias", Time since last: 334967 ns, Reaching safepoint: 2165039 ns, At safepoint: 22144 ns, Total: 2187183 ns
[2020-09-11T13:11:41.616+0000][1][safepoint    ] Safepoint "RevokeBias", Time since last: 400276 ns, Reaching safepoint: 83479 ns, At safepoint: 20447 ns, Total: 103926 ns
[2020-09-11T13:11:41.621+0000][1][safepoint    ] Safepoint "RevokeBias", Time since last: 71657 ns, Reaching safepoint: 4508935 ns, At safepoint: 34769 ns, Total: 4543704 ns
[2020-09-11T13:11:41.624+0000][1][safepoint    ] Safepoint "RevokeBias", Time since last: 2869153 ns, Reaching safepoint: 95257 ns, At safepoint: 24661 ns, Total: 119918 ns
[2020-09-11T13:11:41.632+0000][1][safepoint    ] Safepoint "Deoptimize", Time since last: 7932817 ns, Reaching safepoint: 112731 ns, At safepoint: 352324 ns, Total: 465055 ns
[2020-09-11T13:11:41.693+0000][1][safepoint    ] Safepoint "RevokeBias", Time since last: 47471523 ns, Reaching safepoint: 13123170 ns, At safepoint: 45466 ns, Total: 13168636 ns
[2020-09-11T13:11:41.696+0000][1][safepoint    ] Safepoint "RevokeBias", Time since last: 3093786 ns, Reaching safepoint: 38105 ns, At safepoint: 41824 ns, Total: 79929 ns
[2020-09-11T13:11:41.711+0000][1][safepoint    ] Safepoint "RevokeBias", Time since last: 13692963 ns, Reaching safepoint: 1998457 ns, At safepoint: 29885 ns, Total: 2028342 ns
[2020-09-11T13:11:41.720+0000][1][safepoint    ] Safepoint "RevokeBias", Time since last: 7950403 ns, Reaching safepoint: 117741 ns, At safepoint: 33230 ns, Total: 150971 ns
[2020-09-11T13:11:41.720+0000][1][safepoint    ] Safepoint "RevokeBias", Time since last: 77447 ns, Reaching safepoint: 85166 ns, At safepoint: 21007 ns, Total: 106173 ns
[2020-09-11T13:11:42.213+0000][1][safepoint    ] Safepoint "RevokeBias", Time since last: 491522884 ns, Reaching safepoint: 1732396 ns, At safepoint: 18924 ns, Total: 1751320 ns
[2020-09-11T13:11:42.213+0000][1][safepoint    ] Safepoint "RevokeBias", Time since last: 282304 ns, Reaching safepoint: 95623 ns, At safepoint: 8590 ns, Total: 104213 ns
[2020-09-11T13:11:42.214+0000][1][safepoint    ] Safepoint "RevokeBias", Time since last: 185533 ns, Reaching safepoint: 81270 ns, At safepoint: 8017 ns, Total: 89287 ns
[2020-09-11T13:11:42.230+0000][1][safepoint    ] Safepoint "RevokeBias", Time since last: 15973207 ns, Reaching safepoint: 112439 ns, At safepoint: 15378 ns, Total: 127817 ns
[2020-09-11T13:11:42.976+0000][1][gc,start     ] GC(61) Pause Young (Allocation Failure)
[2020-09-11T13:11:42.976+0000][1][gc,task      ] GC(61) Using 1 workers of 1 for evacuation
[2020-09-11T13:11:43.243+0000][1][gc,age       ] GC(61) Desired survivor size 4358144 bytes, new threshold 2 (max threshold 6)
[2020-09-11T13:11:43.243+0000][1][gc,age       ] GC(61) Age table with threshold 2 (max threshold 6)
[2020-09-11T13:11:43.243+0000][1][gc,age       ] GC(61) - age   1:    2164864 bytes,    2164864 total
[2020-09-11T13:11:43.243+0000][1][gc,age       ] GC(61) - age   2:    2618848 bytes,    4783712 total
[2020-09-11T13:11:43.243+0000][1][gc,heap      ] GC(61) ParNew: 76672K->6222K(76672K)
[2020-09-11T13:11:43.243+0000][1][gc,heap      ] GC(61) CMS: 50044K->54166K(2011968K)
[2020-09-11T13:11:43.243+0000][1][gc,metaspace ] GC(61) Metaspace: 52593K->52593K(1097728K)
[2020-09-11T13:11:43.243+0000][1][gc           ] GC(61) Pause Young (Allocation Failure) 123M->58M(2039M) 267.133ms
[2020-09-11T13:11:43.243+0000][1][gc,cpu       ] GC(61) User=0.09s Sys=0.00s Real=0.26s
[2020-09-11T13:11:43.266+0000][1][safepoint    ] Safepoint "GenCollectForAllocation", Time since last: 745662318 ns, Reaching safepoint: 436484 ns, At safepoint: 289646310 ns, Total: 290082794 ns
[2020-09-11T13:11:43.344+0000][1][safepoint    ] Safepoint "RevokeBias", Time since last: 77910888 ns, Reaching safepoint: 120557 ns, At safepoint: 18552 ns, Total: 139109 ns
[2020-09-11T13:11:44.352+0000][1][safepoint    ] Safepoint "Cleanup", Time since last: 1003839380 ns, Reaching safepoint: 4362031 ns, At safepoint: 15354 ns, Total: 4377385 ns
[2020-09-11T13:11:45.355+0000][1][safepoint    ] Safepoint "Cleanup", Time since last: 1002890147 ns, Reaching safepoint: 278193 ns, At safepoint: 7149 ns, Total: 285342 ns
[2020-09-11T13:11:46.356+0000][1][safepoint    ] Safepoint "Cleanup", Time since last: 1000104844 ns, Reaching safepoint: 468183 ns, At safepoint: 8399 ns, Total: 476582 ns
[2020-09-11T13:11:46.545+0000][1][safepoint    ] Safepoint "CollectForMetadataAllocation", Time since last: 188211316 ns, Reaching safepoint: 890186 ns, At safepoint: 79003 ns, Total: 969189 ns
[2020-09-11T13:11:46.600+0000][1][safepoint    ] Safepoint "CollectForMetadataAllocation", Time since last: 52743109 ns, Reaching safepoint: 2033369 ns, At safepoint: 129259 ns, Total: 2162628 ns
[2020-09-11T13:11:46.603+0000][1][gc,start     ] GC(62) Pause Young (Allocation Failure)
[2020-09-11T13:11:46.604+0000][1][gc,task      ] GC(62) Using 1 workers of 1 for evacuation
[2020-09-11T13:11:46.666+0000][1][gc,age       ] GC(62) Desired survivor size 4358144 bytes, new threshold 6 (max threshold 6)
[2020-09-11T13:11:46.666+0000][1][gc,age       ] GC(62) Age table with threshold 6 (max threshold 6)
[2020-09-11T13:11:46.667+0000][1][gc,age       ] GC(62) - age   1:    1676400 bytes,    1676400 total
[2020-09-11T13:11:46.667+0000][1][gc,age       ] GC(62) - age   2:    2128784 bytes,    3805184 total
[2020-09-11T13:11:46.667+0000][1][gc,heap      ] GC(62) ParNew: 74382K->5059K(76672K)
[2020-09-11T13:11:46.667+0000][1][gc,heap      ] GC(62) CMS: 54166K->56831K(2011968K)
[2020-09-11T13:11:46.667+0000][1][gc,metaspace ] GC(62) Metaspace: 60574K->60574K(1105920K)
[2020-09-11T13:11:46.667+0000][1][gc           ] GC(62) Pause Young (Allocation Failure) 125M->60M(2039M) 63.116ms
[2020-09-11T13:11:46.667+0000][1][gc,cpu       ] GC(62) User=0.03s Sys=0.00s Real=0.06s
[2020-09-11T13:11:46.677+0000][1][safepoint    ] Safepoint "GenCollectForAllocation", Time since last: 1647588 ns, Reaching safepoint: 2152976 ns, At safepoint: 73788049 ns, Total: 75941025 ns
[2020-09-11T13:11:46.691+0000][1][gc,start     ] GC(63) Pause Initial Mark
[2020-09-11T13:11:46.707+0000][1][gc           ] GC(63) Pause Initial Mark 61M->61M(2039M) 15.323ms
[2020-09-11T13:11:46.707+0000][1][gc,cpu       ] GC(63) User=0.01s Sys=0.00s Real=0.02s
[2020-09-11T13:11:46.717+0000][1][safepoint    ] Safepoint "CMS_Initial_Mark", Time since last: 8441173 ns, Reaching safepoint: 5762340 ns, At safepoint: 26044217 ns, Total: 31806557 ns
[2020-09-11T13:11:46.718+0000][1][gc           ] GC(63) Concurrent Mark
[2020-09-11T13:11:46.779+0000][1][safepoint    ] Safepoint "CollectForMetadataAllocation", Time since last: 54885957 ns, Reaching safepoint: 6636102 ns, At safepoint: 113454 ns, Total: 6749556 ns
[2020-09-11T13:11:46.972+0000][1][safepoint    ] Safepoint "CollectForMetadataAllocation", Time since last: 185028943 ns, Reaching safepoint: 7344141 ns, At safepoint: 123187 ns, Total: 7467328 ns
[2020-09-11T13:11:47.085+0000][1][gc           ] GC(63) Concurrent Mark 367.155ms
[2020-09-11T13:11:47.085+0000][1][gc,cpu       ] GC(63) User=0.18s Sys=0.00s Real=0.37s
[2020-09-11T13:11:47.085+0000][1][gc           ] GC(63) Concurrent Preclean
[2020-09-11T13:11:47.110+0000][1][safepoint    ] Safepoint "CollectForMetadataAllocation", Time since last: 137913782 ns, Reaching safepoint: 505104 ns, At safepoint: 119205 ns, Total: 624309 ns
[2020-09-11T13:11:47.111+0000][1][gc           ] GC(63) Concurrent Preclean 26.729ms
[2020-09-11T13:11:47.112+0000][1][gc,cpu       ] GC(63) User=0.01s Sys=0.00s Real=0.02s
[2020-09-11T13:11:47.112+0000][1][gc           ] GC(63) Concurrent Abortable Preclean
[2020-09-11T13:11:47.228+0000][1][safepoint    ] Safepoint "RevokeBias", Time since last: 117264319 ns, Reaching safepoint: 701254 ns, At safepoint: 24901 ns, Total: 726155 ns
[2020-09-11T13:11:47.228+0000][1][safepoint    ] Safepoint "RevokeBias", Time since last: 106891 ns, Reaching safepoint: 102232 ns, At safepoint: 22080 ns, Total: 124312 ns
[2020-09-11T13:11:47.229+0000][1][safepoint    ] Safepoint "RevokeBias", Time since last: 113421 ns, Reaching safepoint: 137315 ns, At safepoint: 20923 ns, Total: 158238 ns
[2020-09-11T13:11:47.235+0000][1][safepoint    ] Safepoint "RevokeBias", Time since last: 6762138 ns, Reaching safepoint: 62822 ns, At safepoint: 23553 ns, Total: 86375 ns
[2020-09-11T13:11:47.290+0000][1][safepoint    ] Safepoint "CollectForMetadataAllocation", Time since last: 54674016 ns, Reaching safepoint: 154465 ns, At safepoint: 71076 ns, Total: 225541 ns
[2020-09-11T13:11:47.398+0000][1][safepoint    ] Safepoint "CollectForMetadataAllocation", Time since last: 107839088 ns, Reaching safepoint: 57290 ns, At safepoint: 135160 ns, Total: 192450 ns
[2020-09-11T13:11:47.542+0000][1][safepoint    ] Safepoint "CollectForMetadataAllocation", Time since last: 140989427 ns, Reaching safepoint: 2819743 ns, At safepoint: 155182 ns, Total: 2974925 ns
[2020-09-11T13:11:47.837+0000][1][safepoint    ] Safepoint "RevokeBias", Time since last: 294062210 ns, Reaching safepoint: 116758 ns, At safepoint: 16113 ns, Total: 132871 ns
[2020-09-11T13:11:47.924+0000][1][safepoint    ] Safepoint "CollectForMetadataAllocation", Time since last: 86166738 ns, Reaching safepoint: 1546822 ns, At safepoint: 120970 ns, Total: 1667792 ns
[2020-09-11T13:11:48.124+0000][1][safepoint    ] Safepoint "CollectForMetadataAllocation", Time since last: 199478500 ns, Reaching safepoint: 118184 ns, At safepoint: 118711 ns, Total: 236895 ns
[2020-09-11T13:11:48.168+0000][1][safepoint    ] Safepoint "Deoptimize", Time since last: 42476830 ns, Reaching safepoint: 850629 ns, At safepoint: 309238 ns, Total: 1159867 ns
[2020-09-11T13:11:48.236+0000][1][safepoint    ] Safepoint "CollectForMetadataAllocation", Time since last: 67650559 ns, Reaching safepoint: 68509 ns, At safepoint: 92309 ns, Total: 160818 ns
[2020-09-11T13:11:48.360+0000][1][safepoint    ] Safepoint "RevokeBias", Time since last: 123838851 ns, Reaching safepoint: 123362 ns, At safepoint: 15112 ns, Total: 138474 ns
[2020-09-11T13:11:48.388+0000][1][safepoint    ] Safepoint "CollectForMetadataAllocation", Time since last: 27986296 ns, Reaching safepoint: 53467 ns, At safepoint: 122413 ns, Total: 175880 ns
[2020-09-11T13:11:48.520+0000][1][safepoint    ] Safepoint "CollectForMetadataAllocation", Time since last: 131695963 ns, Reaching safepoint: 119271 ns, At safepoint: 88596 ns, Total: 207867 ns
[2020-09-11T13:11:48.533+0000][1][safepoint    ] Safepoint "RevokeBias", Time since last: 13356537 ns, Reaching safepoint: 55531 ns, At safepoint: 11906 ns, Total: 67437 ns
[2020-09-11T13:11:48.680+0000][1][safepoint    ] Safepoint "CollectForMetadataAllocation", Time since last: 146466753 ns, Reaching safepoint: 116757 ns, At safepoint: 79503 ns, Total: 196260 ns
[2020-09-11T13:11:48.823+0000][1][safepoint    ] Safepoint "CollectForMetadataAllocation", Time since last: 143487798 ns, Reaching safepoint: 124644 ns, At safepoint: 143691 ns, Total: 268335 ns
[2020-09-11T13:11:48.894+0000][1][safepoint    ] Safepoint "CollectForMetadataAllocation", Time since last: 70572354 ns, Reaching safepoint: 159318 ns, At safepoint: 138839 ns, Total: 298157 ns
[2020-09-11T13:11:48.955+0000][1][safepoint    ] Safepoint "CollectForMetadataAllocation", Time since last: 60163377 ns, Reaching safepoint: 48566 ns, At safepoint: 120259 ns, Total: 168825 ns
[2020-09-11T13:11:48.992+0000][1][safepoint    ] Safepoint "CollectForMetadataAllocation", Time since last: 37558782 ns, Reaching safepoint: 112522 ns, At safepoint: 131807 ns, Total: 244329 ns
[2020-09-11T13:11:49.106+0000][1][safepoint    ] Safepoint "CollectForMetadataAllocation", Time since last: 112944789 ns, Reaching safepoint: 154185 ns, At safepoint: 118651 ns, Total: 272836 ns
[2020-09-11T13:11:49.211+0000][1][safepoint    ] Safepoint "CollectForMetadataAllocation", Time since last: 104879949 ns, Reaching safepoint: 151176 ns, At safepoint: 126456 ns, Total: 277632 ns
[2020-09-11T13:11:49.285+0000][1][safepoint    ] Safepoint "CollectForMetadataAllocation", Time since last: 74331002 ns, Reaching safepoint: 152895 ns, At safepoint: 133884 ns, Total: 286779 ns
[2020-09-11T13:11:49.313+0000][1][gc,start     ] GC(64) Pause Young (Allocation Failure)
[2020-09-11T13:11:49.313+0000][1][gc,task      ] GC(64) Using 1 workers of 1 for evacuation
[2020-09-11T13:11:49.352+0000][1][gc,age       ] GC(64) Desired survivor size 4358144 bytes, new threshold 2 (max threshold 6)
[2020-09-11T13:11:49.352+0000][1][gc,age       ] GC(64) Age table with threshold 2 (max threshold 6)
[2020-09-11T13:11:49.352+0000][1][gc,age       ] GC(64) - age   1:    3490032 bytes,    3490032 total
[2020-09-11T13:11:49.352+0000][1][gc,age       ] GC(64) - age   2:    1520632 bytes,    5010664 total
[2020-09-11T13:11:49.352+0000][1][gc,age       ] GC(64) - age   3:    2103632 bytes,    7114296 total
[2020-09-11T13:11:49.352+0000][1][gc,heap      ] GC(64) ParNew: 73219K->8103K(76672K)
[2020-09-11T13:11:49.352+0000][1][gc,heap      ] GC(64) CMS: 56831K->56831K(2011968K)
[2020-09-11T13:11:49.352+0000][1][gc,metaspace ] GC(64) Metaspace: 66493K->66493K(1110016K)
[2020-09-11T13:11:49.352+0000][1][gc           ] GC(64) Pause Young (Allocation Failure) 127M->63M(2039M) 39.022ms
[2020-09-11T13:11:49.352+0000][1][gc,cpu       ] GC(64) User=0.03s Sys=0.00s Real=0.04s
[2020-09-11T13:11:49.363+0000][1][safepoint    ] Safepoint "GenCollectForAllocation", Time since last: 27477441 ns, Reaching safepoint: 43252 ns, At safepoint: 50427942 ns, Total: 50471194 ns
[2020-09-11T13:11:49.367+0000][1][safepoint    ] Safepoint "RevokeBias", Time since last: 3087764 ns, Reaching safepoint: 723968 ns, At safepoint: 10679 ns, Total: 734647 ns
[2020-09-11T13:11:49.367+0000][1][safepoint    ] Safepoint "RevokeBias", Time since last: 52126 ns, Reaching safepoint: 9362 ns, At safepoint: 5052 ns, Total: 14414 ns
[2020-09-11T13:11:49.404+0000][1][safepoint    ] Safepoint "CollectForMetadataAllocation", Time since last: 32617112 ns, Reaching safepoint: 3539779 ns, At safepoint: 117464 ns, Total: 3657243 ns
[2020-09-11T13:11:49.438+0000][1][safepoint    ] Safepoint "CollectForMetadataAllocation", Time since last: 34312402 ns, Reaching safepoint: 49252 ns, At safepoint: 126882 ns, Total: 176134 ns
[2020-09-11T13:11:49.530+0000][1][safepoint    ] Safepoint "CollectForMetadataAllocation", Time since last: 91509899 ns, Reaching safepoint: 137421 ns, At safepoint: 136315 ns, Total: 273736 ns
[2020-09-11T13:11:49.555+0000][1][safepoint    ] Safepoint "BulkRevokeBias", Time since last: 24811080 ns, Reaching safepoint: 706597 ns, At safepoint: 81941 ns, Total: 788538 ns
[2020-09-11T13:11:49.588+0000][1][safepoint    ] Safepoint "CollectForMetadataAllocation", Time since last: 32335225 ns, Reaching safepoint: 55020 ns, At safepoint: 146810 ns, Total: 201830 ns
[2020-09-11T13:11:49.660+0000][1][safepoint    ] Safepoint "CollectForMetadataAllocation", Time since last: 67305583 ns, Reaching safepoint: 4170168 ns, At safepoint: 135822 ns, Total: 4305990 ns
[2020-09-11T13:11:49.672+0000][1][safepoint    ] Safepoint "CollectForMetadataAllocation", Time since last: 12501467 ns, Reaching safepoint: 164654 ns, At safepoint: 130581 ns, Total: 295235 ns
[2020-09-11T13:11:49.686+0000][1][safepoint    ] Safepoint "Deoptimize", Time since last: 13564632 ns, Reaching safepoint: 200245 ns, At safepoint: 330825 ns, Total: 531070 ns
[2020-09-11T13:11:49.704+0000][1][safepoint    ] Safepoint "Deoptimize", Time since last: 16909785 ns, Reaching safepoint: 45520 ns, At safepoint: 332078 ns, Total: 377598 ns
[2020-09-11T13:11:49.705+0000][1][safepoint    ] Safepoint "CollectForMetadataAllocation", Time since last: 1318319 ns, Reaching safepoint: 135113 ns, At safepoint: 162013 ns, Total: 297126 ns
[2020-09-11T13:11:49.761+0000][1][safepoint    ] Safepoint "CollectForMetadataAllocation", Time since last: 55643553 ns, Reaching safepoint: 52618 ns, At safepoint: 70115 ns, Total: 122733 ns
[2020-09-11T13:11:49.827+0000][1][safepoint    ] Safepoint "RevokeBias", Time since last: 63591422 ns, Reaching safepoint: 2715931 ns, At safepoint: 23434 ns, Total: 2739365 ns
[2020-09-11T13:11:49.828+0000][1][safepoint    ] Safepoint "RevokeBias", Time since last: 311233 ns, Reaching safepoint: 22647 ns, At safepoint: 20146 ns, Total: 42793 ns
[2020-09-11T13:11:49.828+0000][1][safepoint    ] Safepoint "RevokeBias", Time since last: 208293 ns, Reaching safepoint: 18148 ns, At safepoint: 17460 ns, Total: 35608 ns
[2020-09-11T13:11:49.829+0000][1][safepoint    ] Safepoint "RevokeBias", Time since last: 633006 ns, Reaching safepoint: 19340 ns, At safepoint: 17961 ns, Total: 37301 ns
[2020-09-11T13:11:49.829+0000][1][safepoint    ] Safepoint "RevokeBias", Time since last: 125991 ns, Reaching safepoint: 13962 ns, At safepoint: 16571 ns, Total: 30533 ns
[2020-09-11T13:11:49.830+0000][1][safepoint    ] Safepoint "RevokeBias", Time since last: 554869 ns, Reaching safepoint: 94378 ns, At safepoint: 20817 ns, Total: 115195 ns
[2020-09-11T13:11:49.830+0000][1][safepoint    ] Safepoint "RevokeBias", Time since last: 41691 ns, Reaching safepoint: 86737 ns, At safepoint: 18055 ns, Total: 104792 ns
[2020-09-11T13:11:49.830+0000][1][safepoint    ] Safepoint "RevokeBias", Time since last: 73681 ns, Reaching safepoint: 101216 ns, At safepoint: 18647 ns, Total: 119863 ns
[2020-09-11T13:11:49.830+0000][1][safepoint    ] Safepoint "RevokeBias", Time since last: 103166 ns, Reaching safepoint: 86921 ns, At safepoint: 17514 ns, Total: 104435 ns
[2020-09-11T13:11:49.830+0000][1][safepoint    ] Safepoint "RevokeBias", Time since last: 179712 ns, Reaching safepoint: 81463 ns, At safepoint: 17603 ns, Total: 99066 ns
[2020-09-11T13:11:49.831+0000][1][safepoint    ] Safepoint "RevokeBias", Time since last: 161544 ns, Reaching safepoint: 84696 ns, At safepoint: 17546 ns, Total: 102242 ns
[2020-09-11T13:11:49.831+0000][1][safepoint    ] Safepoint "RevokeBias", Time since last: 35101 ns, Reaching safepoint: 83377 ns, At safepoint: 16514 ns, Total: 99891 ns
[2020-09-11T13:11:49.831+0000][1][safepoint    ] Safepoint "RevokeBias", Time since last: 478471 ns, Reaching safepoint: 81774 ns, At safepoint: 27147 ns, Total: 108921 ns
[2020-09-11T13:11:49.832+0000][1][safepoint    ] Safepoint "RevokeBias", Time since last: 78114 ns, Reaching safepoint: 82847 ns, At safepoint: 16108 ns, Total: 98955 ns
[2020-09-11T13:11:49.843+0000][1][safepoint    ] Safepoint "RevokeBias", Time since last: 3824538 ns, Reaching safepoint: 8064997 ns, At safepoint: 23609 ns, Total: 8088606 ns
[2020-09-11T13:11:49.844+0000][1][safepoint    ] Safepoint "RevokeBias", Time since last: 142538 ns, Reaching safepoint: 24604 ns, At safepoint: 18125 ns, Total: 42729 ns
[2020-09-11T13:11:49.847+0000][1][safepoint    ] Safepoint "Deoptimize", Time since last: 2973850 ns, Reaching safepoint: 102651 ns, At safepoint: 310167 ns, Total: 412818 ns
[2020-09-11T13:11:49.864+0000][1][safepoint    ] Safepoint "RevokeBias", Time since last: 6500529 ns, Reaching safepoint: 9984305 ns, At safepoint: 30125 ns, Total: 10014430 ns
[2020-09-11T13:11:49.864+0000][1][safepoint    ] Safepoint "RevokeBias", Time since last: 458096 ns, Reaching safepoint: 94866 ns, At safepoint: 22783 ns, Total: 117649 ns
[2020-09-11T13:11:49.872+0000][1][safepoint    ] Safepoint "CollectForMetadataAllocation", Time since last: 3809662 ns, Reaching safepoint: 3502377 ns, At safepoint: 144814 ns, Total: 3647191 ns
[2020-09-11T13:11:49.932+0000][1][safepoint    ] Safepoint "CollectForMetadataAllocation", Time since last: 57092581 ns, Reaching safepoint: 3315660 ns, At safepoint: 119995 ns, Total: 3435655 ns
[2020-09-11T13:11:49.980+0000][1][safepoint    ] Safepoint "CollectForMetadataAllocation", Time since last: 47281756 ns, Reaching safepoint: 51302 ns, At safepoint: 130479 ns, Total: 181781 ns
[2020-09-11T13:11:50.024+0000][1][safepoint    ] Safepoint "CollectForMetadataAllocation", Time since last: 44584674 ns, Reaching safepoint: 144529 ns, At safepoint: 123232 ns, Total: 267761 ns
[2020-09-11T13:11:50.057+0000][1][safepoint    ] Safepoint "RevokeBias", Time since last: 32656948 ns, Reaching safepoint: 56554 ns, At safepoint: 12790 ns, Total: 69344 ns
[2020-09-11T13:11:50.127+0000][1][safepoint    ] Safepoint "CollectForMetadataAllocation", Time since last: 68085734 ns, Reaching safepoint: 1355522 ns, At safepoint: 118018 ns, Total: 1473540 ns
[2020-09-11T13:11:50.241+0000][1][safepoint    ] Safepoint "CollectForMetadataAllocation", Time since last: 114222031 ns, Reaching safepoint: 120430 ns, At safepoint: 112662 ns, Total: 233092 ns
[2020-09-11T13:11:50.272+0000][1][safepoint    ] Safepoint "RevokeBias", Time since last: 26218848 ns, Reaching safepoint: 4752698 ns, At safepoint: 33404 ns, Total: 4786102 ns
[2020-09-11T13:11:50.272+0000][1][safepoint    ] Safepoint "RevokeBias", Time since last: 70310 ns, Reaching safepoint: 81184 ns, At safepoint: 21064 ns, Total: 102248 ns
[2020-09-11T13:11:50.273+0000][1][safepoint    ] Safepoint "RevokeBias", Time since last: 372806 ns, Reaching safepoint: 83940 ns, At safepoint: 23542 ns, Total: 107482 ns
[2020-09-11T13:11:50.273+0000][1][safepoint    ] Safepoint "RevokeBias", Time since last: 281496 ns, Reaching safepoint: 82051 ns, At safepoint: 16093 ns, Total: 98144 ns
[2020-09-11T13:11:50.277+0000][1][safepoint    ] Safepoint "BulkRevokeBias", Time since last: 2405065 ns, Reaching safepoint: 887326 ns, At safepoint: 89860 ns, Total: 977186 ns
[2020-09-11T13:11:50.284+0000][1][safepoint    ] Safepoint "RevokeBias", Time since last: 7378650 ns, Reaching safepoint: 148569 ns, At safepoint: 23411 ns, Total: 171980 ns
[2020-09-11T13:11:50.289+0000][1][safepoint    ] Safepoint "RevokeBias", Time since last: 1795962 ns, Reaching safepoint: 3039725 ns, At safepoint: 30868 ns, Total: 3070593 ns
[2020-09-11T13:11:50.291+0000][1][safepoint    ] Safepoint "RevokeBias", Time since last: 1500137 ns, Reaching safepoint: 328422 ns, At safepoint: 28922 ns, Total: 357344 ns
[2020-09-11T13:11:50.291+0000][1][safepoint    ] Safepoint "RevokeBias", Time since last: 52714 ns, Reaching safepoint: 91729 ns, At safepoint: 20195 ns, Total: 111924 ns
[2020-09-11T13:11:50.294+0000][1][safepoint    ] Safepoint "RevokeBias", Time since last: 3196938 ns, Reaching safepoint: 147821 ns, At safepoint: 19066 ns, Total: 166887 ns
[2020-09-11T13:11:50.296+0000][1][safepoint    ] Safepoint "RevokeBias", Time since last: 1015999 ns, Reaching safepoint: 90512 ns, At safepoint: 16466 ns, Total: 106978 ns
[2020-09-11T13:11:50.298+0000][1][safepoint    ] Safepoint "CollectForMetadataAllocation", Time since last: 2616573 ns, Reaching safepoint: 106900 ns, At safepoint: 117779 ns, Total: 224679 ns
[2020-09-11T13:11:50.307+0000][1][safepoint    ] Safepoint "RevokeBias", Time since last: 5032144 ns, Reaching safepoint: 3433624 ns, At safepoint: 19076 ns, Total: 3452700 ns
[2020-09-11T13:11:50.308+0000][1][safepoint    ] Safepoint "RevokeBias", Time since last: 601439 ns, Reaching safepoint: 197094 ns, At safepoint: 12099 ns, Total: 209193 ns
[2020-09-11T13:11:50.312+0000][1][safepoint    ] Safepoint "RevokeBias", Time since last: 3793973 ns, Reaching safepoint: 49460 ns, At safepoint: 16585 ns, Total: 66045 ns
[2020-09-11T13:11:50.312+0000][1][safepoint    ] Safepoint "RevokeBias", Time since last: 315974 ns, Reaching safepoint: 109226 ns, At safepoint: 30139 ns, Total: 139365 ns
[2020-09-11T13:11:50.312+0000][1][safepoint    ] Safepoint "RevokeBias", Time since last: 57293 ns, Reaching safepoint: 94148 ns, At safepoint: 12745 ns, Total: 106893 ns
[2020-09-11T13:11:50.315+0000][1][safepoint    ] Safepoint "RevokeBias", Time since last: 934417 ns, Reaching safepoint: 2146991 ns, At safepoint: 14149 ns, Total: 2161140 ns
[2020-09-11T13:11:50.315+0000][1][safepoint    ] Safepoint "RevokeBias", Time since last: 50438 ns, Reaching safepoint: 99957 ns, At safepoint: 12081 ns, Total: 112038 ns
[2020-09-11T13:11:50.323+0000][1][safepoint    ] Safepoint "RevokeBias", Time since last: 3988623 ns, Reaching safepoint: 3103568 ns, At safepoint: 16956 ns, Total: 3120524 ns
[2020-09-11T13:11:50.323+0000][1][safepoint    ] Safepoint "RevokeBias", Time since last: 110973 ns, Reaching safepoint: 102407 ns, At safepoint: 12770 ns, Total: 115177 ns
[2020-09-11T13:11:50.323+0000][1][safepoint    ] Safepoint "RevokeBias", Time since last: 52238 ns, Reaching safepoint: 134444 ns, At safepoint: 12339 ns, Total: 146783 ns
[2020-09-11T13:11:50.361+0000][1][safepoint    ] Safepoint "RevokeBias", Time since last: 32265482 ns, Reaching safepoint: 5331048 ns, At safepoint: 65545 ns, Total: 5396593 ns
[2020-09-11T13:11:50.361+0000][1][safepoint    ] Safepoint "RevokeBias", Time since last: 80175 ns, Reaching safepoint: 244857 ns, At safepoint: 25086 ns, Total: 269943 ns
[2020-09-11T13:11:50.363+0000][1][safepoint    ] Safepoint "RevokeBias", Time since last: 39857 ns, Reaching safepoint: 2455232 ns, At safepoint: 19652 ns, Total: 2474884 ns
[2020-09-11T13:11:50.367+0000][1][safepoint    ] Safepoint "RevokeBias", Time since last: 1391347 ns, Reaching safepoint: 2570195 ns, At safepoint: 34530 ns, Total: 2604725 ns
[2020-09-11T13:11:50.368+0000][1][safepoint    ] Safepoint "RevokeBias", Time since last: 463679 ns, Reaching safepoint: 105785 ns, At safepoint: 25235 ns, Total: 131020 ns
[2020-09-11T13:11:50.392+0000][1][safepoint    ] Safepoint "RevokeBias", Time since last: 17791532 ns, Reaching safepoint: 6260440 ns, At safepoint: 18301 ns, Total: 6278741 ns
[2020-09-11T13:11:50.392+0000][1][safepoint    ] Safepoint "RevokeBias", Time since last: 60997 ns, Reaching safepoint: 32404 ns, At safepoint: 10986 ns, Total: 43390 ns
[2020-09-11T13:11:50.392+0000][1][safepoint    ] Safepoint "RevokeBias", Time since last: 45269 ns, Reaching safepoint: 27631 ns, At safepoint: 10349 ns, Total: 37980 ns
[2020-09-11T13:11:50.395+0000][1][safepoint    ] Safepoint "RevokeBias", Time since last: 1836221 ns, Reaching safepoint: 1080277 ns, At safepoint: 15991 ns, Total: 1096268 ns
[2020-09-11T13:11:50.400+0000][1][safepoint    ] Safepoint "RevokeBias", Time since last: 1924469 ns, Reaching safepoint: 2266845 ns, At safepoint: 63812 ns, Total: 2330657 ns
[2020-09-11T13:11:50.420+0000][1][gc           ] GC(63) Concurrent Abortable Preclean 3308.855ms
[2020-09-11T13:11:50.420+0000][1][gc,cpu       ] GC(63) User=2.78s Sys=0.04s Real=3.31s
[2020-09-11T13:11:50.423+0000][1][gc,start     ] GC(63) Pause Remark
[2020-09-11T13:11:50.467+0000][1][gc           ] GC(63) Pause Remark 97M->97M(2039M) 43.476ms
[2020-09-11T13:11:50.467+0000][1][gc,cpu       ] GC(63) User=0.03s Sys=0.01s Real=0.04s
[2020-09-11T13:11:50.490+0000][1][safepoint    ] Safepoint "RevokeBias", Time since last: 20934361 ns, Reaching safepoint: 3004394 ns, At safepoint: 66546740 ns, Total: 69551134 ns
[2020-09-11T13:11:50.490+0000][1][gc           ] GC(63) Concurrent Sweep
[2020-09-11T13:11:50.508+0000][1][safepoint    ] Safepoint "RevokeBias", Time since last: 9431873 ns, Reaching safepoint: 9041003 ns, At safepoint: 23279 ns, Total: 9064282 ns
[2020-09-11T13:11:50.510+0000][1][safepoint    ] Safepoint "RevokeBias", Time since last: 52123 ns, Reaching safepoint: 987220 ns, At safepoint: 16006 ns, Total: 1003226 ns
[2020-09-11T13:11:50.520+0000][1][safepoint    ] Safepoint "RevokeBias", Time since last: 5640467 ns, Reaching safepoint: 4276854 ns, At safepoint: 389283 ns, Total: 4666137 ns
[2020-09-11T13:11:50.520+0000][1][safepoint    ] Safepoint "RevokeBias", Time since last: 66506 ns, Reaching safepoint: 93010 ns, At safepoint: 32706 ns, Total: 125716 ns
[2020-09-11T13:11:50.520+0000][1][safepoint    ] Safepoint "RevokeBias", Time since last: 336457 ns, Reaching safepoint: 95106 ns, At safepoint: 14068 ns, Total: 109174 ns
[2020-09-11T13:11:50.521+0000][1][safepoint    ] Safepoint "RevokeBias", Time since last: 34796 ns, Reaching safepoint: 87532 ns, At safepoint: 13091 ns, Total: 100623 ns
[2020-09-11T13:11:50.521+0000][1][safepoint    ] Safepoint "RevokeBias", Time since last: 33562 ns, Reaching safepoint: 88021 ns, At safepoint: 12971 ns, Total: 100992 ns
[2020-09-11T13:11:50.541+0000][1][safepoint    ] Safepoint "RevokeBias", Time since last: 4125653 ns, Reaching safepoint: 15846729 ns, At safepoint: 29413 ns, Total: 15876142 ns
[2020-09-11T13:11:50.541+0000][1][safepoint    ] Safepoint "RevokeBias", Time since last: 91545 ns, Reaching safepoint: 16310 ns, At safepoint: 8655 ns, Total: 24965 ns
[2020-09-11T13:11:50.541+0000][1][safepoint    ] Safepoint "RevokeBias", Time since last: 37690 ns, Reaching safepoint: 14886 ns, At safepoint: 8490 ns, Total: 23376 ns
[2020-09-11T13:11:50.541+0000][1][safepoint    ] Safepoint "RevokeBias", Time since last: 34880 ns, Reaching safepoint: 14269 ns, At safepoint: 8360 ns, Total: 22629 ns
[2020-09-11T13:11:50.541+0000][1][safepoint    ] Safepoint "RevokeBias", Time since last: 446684 ns, Reaching safepoint: 16233 ns, At safepoint: 6622 ns, Total: 22855 ns
[2020-09-11T13:11:50.545+0000][1][safepoint    ] Safepoint "RevokeBias", Time since last: 1142342 ns, Reaching safepoint: 2567947 ns, At safepoint: 17059 ns, Total: 2585006 ns
[2020-09-11T13:11:50.546+0000][1][safepoint    ] Safepoint "RevokeBias", Time since last: 1013930 ns, Reaching safepoint: 99047 ns, At safepoint: 11505 ns, Total: 110552 ns
[2020-09-11T13:11:50.568+0000][1][safepoint    ] Safepoint "RevokeBias", Time since last: 9034511 ns, Reaching safepoint: 12143766 ns, At safepoint: 22749 ns, Total: 12166515 ns
[2020-09-11T13:11:50.568+0000][1][safepoint    ] Safepoint "RevokeBias", Time since last: 641641 ns, Reaching safepoint: 20529 ns, At safepoint: 14593 ns, Total: 35122 ns
[2020-09-11T13:11:50.568+0000][1][safepoint    ] Safepoint "RevokeBias", Time since last: 225252 ns, Reaching safepoint: 18713 ns, At safepoint: 9072 ns, Total: 27785 ns
[2020-09-11T13:11:50.569+0000][1][safepoint    ] Safepoint "RevokeBias", Time since last: 68512 ns, Reaching safepoint: 18167 ns, At safepoint: 8588 ns, Total: 26755 ns
[2020-09-11T13:11:50.569+0000][1][safepoint    ] Safepoint "RevokeBias", Time since last: 35232 ns, Reaching safepoint: 17224 ns, At safepoint: 8466 ns, Total: 25690 ns
[2020-09-11T13:11:50.569+0000][1][safepoint    ] Safepoint "RevokeBias", Time since last: 436714 ns, Reaching safepoint: 19980 ns, At safepoint: 8886 ns, Total: 28866 ns
[2020-09-11T13:11:50.569+0000][1][safepoint    ] Safepoint "RevokeBias", Time since last: 207738 ns, Reaching safepoint: 17920 ns, At safepoint: 6852 ns, Total: 24772 ns
[2020-09-11T13:11:50.614+0000][1][safepoint    ] Safepoint "RevokeBias", Time since last: 38116275 ns, Reaching safepoint: 6139139 ns, At safepoint: 24975 ns, Total: 6164114 ns
[2020-09-11T13:11:50.619+0000][1][safepoint    ] Safepoint "RevokeBias", Time since last: 4855127 ns, Reaching safepoint: 325685 ns, At safepoint: 21158 ns, Total: 346843 ns
[2020-09-11T13:11:50.619+0000][1][safepoint    ] Safepoint "BulkRevokeBias", Time since last: 159779 ns, Reaching safepoint: 103689 ns, At safepoint: 144440 ns, Total: 248129 ns
[2020-09-11T13:11:50.620+0000][1][safepoint    ] Safepoint "RevokeBias", Time since last: 629202 ns, Reaching safepoint: 109006 ns, At safepoint: 25138 ns, Total: 134144 ns
[2020-09-11T13:11:50.625+0000][1][safepoint    ] Safepoint "RevokeBias", Time since last: 4814201 ns, Reaching safepoint: 112091 ns, At safepoint: 97911 ns, Total: 210002 ns
[2020-09-11T13:11:50.625+0000][1][safepoint    ] Safepoint "RevokeBias", Time since last: 53290 ns, Reaching safepoint: 30180 ns, At safepoint: 11306 ns, Total: 41486 ns
[2020-09-11T13:11:50.634+0000][1][gc           ] GC(63) Concurrent Sweep 143.636ms
[2020-09-11T13:11:50.634+0000][1][gc,cpu       ] GC(63) User=0.07s Sys=0.00s Real=0.14s
[2020-09-11T13:11:50.634+0000][1][gc           ] GC(63) Concurrent Reset
[2020-09-11T13:11:50.657+0000][1][gc           ] GC(63) Concurrent Reset 23.170ms
[2020-09-11T13:11:50.657+0000][1][gc,cpu       ] GC(63) User=0.01s Sys=0.00s Real=0.03s
[2020-09-11T13:11:50.657+0000][1][gc,heap      ] GC(63) Old: 56831K->55883K(2011968K)
[2020-09-11T13:11:50.658+0000][1][safepoint    ] Safepoint "RevokeBias", Time since last: 32371771 ns, Reaching safepoint: 193517 ns, At safepoint: 22994 ns, Total: 216511 ns
[2020-09-11T13:11:50.715+0000][1][gc,start     ] GC(65) Pause Young (Allocation Failure)
[2020-09-11T13:11:50.716+0000][1][gc,task      ] GC(65) Using 1 workers of 1 for evacuation
[2020-09-11T13:11:50.804+0000][1][gc,age       ] GC(65) Desired survivor size 4358144 bytes, new threshold 2 (max threshold 6)
[2020-09-11T13:11:50.805+0000][1][gc,age       ] GC(65) Age table with threshold 2 (max threshold 6)
[2020-09-11T13:11:50.805+0000][1][gc,age       ] GC(65) - age   1:    1466752 bytes,    1466752 total
[2020-09-11T13:11:50.805+0000][1][gc,age       ] GC(65) - age   2:    3419856 bytes,    4886608 total
[2020-09-11T13:11:50.805+0000][1][gc,heap      ] GC(65) ParNew: 63202K->6223K(76672K)
[2020-09-11T13:11:50.805+0000][1][gc,heap      ] GC(65) CMS: 55883K->75866K(2011968K)
[2020-09-11T13:11:50.805+0000][1][gc,metaspace ] GC(65) Metaspace: 71726K->71726K(1116160K)
[2020-09-11T13:11:50.805+0000][1][gc           ] GC(65) Pause Young (Allocation Failure) 116M->80M(2039M) 89.091ms
[2020-09-11T13:11:50.805+0000][1][gc,cpu       ] GC(65) User=0.05s Sys=0.00s Real=0.09s
[2020-09-11T13:11:50.821+0000][1][safepoint    ] Safepoint "GenCollectForAllocation", Time since last: 52362224 ns, Reaching safepoint: 5446811 ns, At safepoint: 105171545 ns, Total: 110618356 ns
[2020-09-11T13:11:50.823+0000][1][safepoint    ] Safepoint "RevokeBias", Time since last: 54628 ns, Reaching safepoint: 46692 ns, At safepoint: 2696962 ns, Total: 2743654 ns
[2020-09-11T13:11:50.827+0000][1][safepoint    ] Safepoint "RevokeBias", Time since last: 3967458 ns, Reaching safepoint: 45426 ns, At safepoint: 30905 ns, Total: 76331 ns
[2020-09-11T13:11:50.837+0000][1][safepoint    ] Safepoint "RevokeBias", Time since last: 9374089 ns, Reaching safepoint: 126460 ns, At safepoint: 19854 ns, Total: 146314 ns
[2020-09-11T13:11:50.837+0000][1][safepoint    ] Safepoint "RevokeBias", Time since last: 74737 ns, Reaching safepoint: 89506 ns, At safepoint: 13321 ns, Total: 102827 ns
[2020-09-11T13:11:50.837+0000][1][safepoint    ] Safepoint "RevokeBias", Time since last: 33057 ns, Reaching safepoint: 89380 ns, At safepoint: 12071 ns, Total: 101451 ns
[2020-09-11T13:11:50.843+0000][1][safepoint    ] Safepoint "RevokeBias", Time since last: 29386 ns, Reaching safepoint: 6090046 ns, At safepoint: 27137 ns, Total: 6117183 ns
[2020-09-11T13:11:50.844+0000][1][safepoint    ] Safepoint "RevokeBias", Time since last: 657381 ns, Reaching safepoint: 102494 ns, At safepoint: 15698 ns, Total: 118192 ns
[2020-09-11T13:11:50.844+0000][1][safepoint    ] Safepoint "RevokeBias", Time since last: 57414 ns, Reaching safepoint: 91958 ns, At safepoint: 13189 ns, Total: 105147 ns
[2020-09-11T13:11:50.845+0000][1][safepoint    ] Safepoint "RevokeBias", Time since last: 31795 ns, Reaching safepoint: 88961 ns, At safepoint: 11908 ns, Total: 100869 ns
[2020-09-11T13:11:50.859+0000][1][safepoint    ] Safepoint "RevokeBias", Time since last: 11042654 ns, Reaching safepoint: 3872800 ns, At safepoint: 28051 ns, Total: 3900851 ns
[2020-09-11T13:11:50.907+0000][1][safepoint    ] Safepoint "RevokeBias", Time since last: 47164135 ns, Reaching safepoint: 120600 ns, At safepoint: 19499 ns, Total: 140099 ns
[2020-09-11T13:11:50.907+0000][1][safepoint    ] Safepoint "RevokeBias", Time since last: 63040 ns, Reaching safepoint: 91172 ns, At safepoint: 13650 ns, Total: 104822 ns
[2020-09-11T13:11:50.907+0000][1][safepoint    ] Safepoint "RevokeBias", Time since last: 38615 ns, Reaching safepoint: 90017 ns, At safepoint: 12643 ns, Total: 102660 ns
[2020-09-11T13:11:50.907+0000][1][safepoint    ] Safepoint "RevokeBias", Time since last: 52674 ns, Reaching safepoint: 89730 ns, At safepoint: 12554 ns, Total: 102284 ns
[2020-09-11T13:11:51.060+0000][1][safepoint    ] Safepoint "RevokeBias", Time since last: 152190896 ns, Reaching safepoint: 131615 ns, At safepoint: 19445 ns, Total: 151060 ns
[2020-09-11T13:11:51.061+0000][1][safepoint    ] Safepoint "Deoptimize", Time since last: 745669 ns, Reaching safepoint: 88324 ns, At safepoint: 324994 ns, Total: 413318 ns
[2020-09-11T13:11:51.252+0000][1][safepoint    ] Safepoint "RevokeBias", Time since last: 190931416 ns, Reaching safepoint: 120902 ns, At safepoint: 18249 ns, Total: 139151 ns
[2020-09-11T13:11:51.268+0000][1][safepoint    ] Safepoint "RevokeBias", Time since last: 16290448 ns, Reaching safepoint: 36850 ns, At safepoint: 15869 ns, Total: 52719 ns
[2020-09-11T13:11:51.359+0000][1][safepoint    ] Safepoint "RevokeBias", Time since last: 89616467 ns, Reaching safepoint: 1418580 ns, At safepoint: 19697 ns, Total: 1438277 ns
[2020-09-11T13:11:51.384+0000][1][safepoint    ] Safepoint "RevokeBias", Time since last: 24233729 ns, Reaching safepoint: 126969 ns, At safepoint: 17967 ns, Total: 144936 ns
[2020-09-11T13:11:51.384+0000][1][safepoint    ] Safepoint "RevokeBias", Time since last: 82803 ns, Reaching safepoint: 83797 ns, At safepoint: 9193 ns, Total: 92990 ns
[2020-09-11T13:11:51.449+0000][1][safepoint    ] Safepoint "RevokeBias", Time since last: 65383381 ns, Reaching safepoint: 114960 ns, At safepoint: 19202 ns, Total: 134162 ns
[2020-09-11T13:11:51.525+0000][1][safepoint    ] Safepoint "RevokeBias", Time since last: 75535231 ns, Reaching safepoint: 150061 ns, At safepoint: 20434 ns, Total: 170495 ns
[2020-09-11T13:11:51.612+0000][1][safepoint    ] Safepoint "RevokeBias", Time since last: 87229729 ns, Reaching safepoint: 124354 ns, At safepoint: 20173 ns, Total: 144527 ns
[2020-09-11T13:11:51.637+0000][1][safepoint    ] Safepoint "RevokeBias", Time since last: 24076223 ns, Reaching safepoint: 112819 ns, At safepoint: 17734 ns, Total: 130553 ns
[2020-09-11T13:11:51.716+0000][1][safepoint    ] Safepoint "RevokeBias", Time since last: 79497346 ns, Reaching safepoint: 112991 ns, At safepoint: 26187 ns, Total: 139178 ns
[2020-09-11T13:11:51.717+0000][1][safepoint    ] Safepoint "RevokeBias", Time since last: 920412 ns, Reaching safepoint: 103504 ns, At safepoint: 16576 ns, Total: 120080 ns
[2020-09-11T13:11:51.722+0000][1][safepoint    ] Safepoint "RevokeBias", Time since last: 3892439 ns, Reaching safepoint: 744800 ns, At safepoint: 35678 ns, Total: 780478 ns
[2020-09-11T13:11:51.725+0000][1][safepoint    ] Safepoint "RevokeBias", Time since last: 3057813 ns, Reaching safepoint: 345722 ns, At safepoint: 16519 ns, Total: 362241 ns
[2020-09-11T13:11:51.747+0000][1][safepoint    ] Safepoint "RevokeBias", Time since last: 21356563 ns, Reaching safepoint: 128806 ns, At safepoint: 22553 ns, Total: 151359 ns
[2020-09-11T13:11:51.775+0000][1][safepoint    ] Safepoint "RevokeBias", Time since last: 26502510 ns, Reaching safepoint: 1974228 ns, At safepoint: 22055 ns, Total: 1996283 ns
[2020-09-11T13:11:51.779+0000][1][safepoint    ] Safepoint "RevokeBias", Time since last: 410199 ns, Reaching safepoint: 3677334 ns, At safepoint: 50745 ns, Total: 3728079 ns
[2020-09-11T13:11:51.781+0000][1][safepoint    ] Safepoint "RevokeBias", Time since last: 826903 ns, Reaching safepoint: 178519 ns, At safepoint: 40771 ns, Total: 219290 ns
[2020-09-11T13:11:51.781+0000][1][safepoint    ] Safepoint "RevokeBias", Time since last: 147931 ns, Reaching safepoint: 102728 ns, At safepoint: 35652 ns, Total: 138380 ns
[2020-09-11T13:11:51.781+0000][1][safepoint    ] Safepoint "RevokeBias", Time since last: 202627 ns, Reaching safepoint: 100073 ns, At safepoint: 29804 ns, Total: 129877 ns
[2020-09-11T13:11:51.781+0000][1][safepoint    ] Safepoint "RevokeBias", Time since last: 112066 ns, Reaching safepoint: 97581 ns, At safepoint: 29650 ns, Total: 127231 ns
[2020-09-11T13:11:51.782+0000][1][safepoint    ] Safepoint "RevokeBias", Time since last: 415588 ns, Reaching safepoint: 98456 ns, At safepoint: 28299 ns, Total: 126755 ns
[2020-09-11T13:11:51.782+0000][1][safepoint    ] Safepoint "RevokeBias", Time since last: 108128 ns, Reaching safepoint: 96877 ns, At safepoint: 27096 ns, Total: 123973 ns
[2020-09-11T13:11:51.782+0000][1][safepoint    ] Safepoint "RevokeBias", Time since last: 166519 ns, Reaching safepoint: 95775 ns, At safepoint: 31974 ns, Total: 127749 ns
[2020-09-11T13:11:51.783+0000][1][safepoint    ] Safepoint "RevokeBias", Time since last: 94219 ns, Reaching safepoint: 94794 ns, At safepoint: 27438 ns, Total: 122232 ns
[2020-09-11T13:11:51.783+0000][1][safepoint    ] Safepoint "RevokeBias", Time since last: 166131 ns, Reaching safepoint: 102884 ns, At safepoint: 49883 ns, Total: 152767 ns
[2020-09-11T13:11:51.786+0000][1][safepoint    ] Safepoint "RevokeBias", Time since last: 409921 ns, Reaching safepoint: 2114646 ns, At safepoint: 52571 ns, Total: 2167217 ns
[2020-09-11T13:11:51.786+0000][1][safepoint    ] Safepoint "RevokeBias", Time since last: 619368 ns, Reaching safepoint: 104064 ns, At safepoint: 43088 ns, Total: 147152 ns
[2020-09-11T13:11:51.806+0000][1][safepoint    ] Safepoint "RevokeBias", Time since last: 17530927 ns, Reaching safepoint: 1939770 ns, At safepoint: 24117 ns, Total: 1963887 ns
[2020-09-11T13:11:51.807+0000][1][safepoint    ] Safepoint "RevokeBias", Time since last: 688309 ns, Reaching safepoint: 108954 ns, At safepoint: 15399 ns, Total: 124353 ns
[2020-09-11T13:11:51.807+0000][1][safepoint    ] Safepoint "RevokeBias", Time since last: 491684 ns, Reaching safepoint: 281419 ns, At safepoint: 15028 ns, Total: 296447 ns
[2020-09-11T13:11:51.811+0000][1][safepoint    ] Safepoint "RevokeBias", Time since last: 799719 ns, Reaching safepoint: 3197598 ns, At safepoint: 19622 ns, Total: 3217220 ns
[2020-09-11T13:11:51.819+0000][1][safepoint    ] Safepoint "RevokeBias", Time since last: 5535631 ns, Reaching safepoint: 1996007 ns, At safepoint: 22689 ns, Total: 2018696 ns
[2020-09-11T13:11:51.820+0000][1][safepoint    ] Safepoint "RevokeBias", Time since last: 1179496 ns, Reaching safepoint: 108862 ns, At safepoint: 15512 ns, Total: 124374 ns
[2020-09-11T13:11:51.821+0000][1][safepoint    ] Safepoint "RevokeBias", Time since last: 94057 ns, Reaching safepoint: 99464 ns, At safepoint: 12773 ns, Total: 112237 ns
[2020-09-11T13:11:51.821+0000][1][safepoint    ] Safepoint "RevokeBias", Time since last: 263365 ns, Reaching safepoint: 101287 ns, At safepoint: 13084 ns, Total: 114371 ns
[2020-09-11T13:11:51.828+0000][1][safepoint    ] Safepoint "RevokeBias", Time since last: 6604253 ns, Reaching safepoint: 111403 ns, At safepoint: 16747 ns, Total: 128150 ns
[2020-09-11T13:11:51.916+0000][1][safepoint    ] Safepoint "RevokeBias", Time since last: 87801363 ns, Reaching safepoint: 120566 ns, At safepoint: 53654 ns, Total: 174220 ns
[2020-09-11T13:11:51.964+0000][1][safepoint    ] Safepoint "RevokeBias", Time since last: 47829278 ns, Reaching safepoint: 1011031 ns, At safepoint: 17590 ns, Total: 1028621 ns
[2020-09-11T13:11:51.965+0000][1][safepoint    ] Safepoint "RevokeBias", Time since last: 338660 ns, Reaching safepoint: 90061 ns, At safepoint: 12410 ns, Total: 102471 ns
[2020-09-11T13:11:51.965+0000][1][safepoint    ] Safepoint "RevokeBias", Time since last: 46586 ns, Reaching safepoint: 89297 ns, At safepoint: 46433 ns, Total: 135730 ns
[2020-09-11T13:11:51.965+0000][1][safepoint    ] Safepoint "RevokeBias", Time since last: 53488 ns, Reaching safepoint: 88521 ns, At safepoint: 14331 ns, Total: 102852 ns
[2020-09-11T13:11:51.966+0000][1][safepoint    ] Safepoint "RevokeBias", Time since last: 109743 ns, Reaching safepoint: 291362 ns, At safepoint: 10546 ns, Total: 301908 ns
[2020-09-11T13:11:51.966+0000][1][safepoint    ] Safepoint "RevokeBias", Time since last: 650759 ns, Reaching safepoint: 89697 ns, At safepoint: 11700 ns, Total: 101397 ns
[2020-09-11T13:11:51.967+0000][1][safepoint    ] Safepoint "RevokeBias", Time since last: 90780 ns, Reaching safepoint: 86513 ns, At safepoint: 10549 ns, Total: 97062 ns
[2020-09-11T13:11:51.967+0000][1][safepoint    ] Safepoint "RevokeBias", Time since last: 127564 ns, Reaching safepoint: 86802 ns, At safepoint: 10078 ns, Total: 96880 ns
[2020-09-11T13:11:51.967+0000][1][safepoint    ] Safepoint "RevokeBias", Time since last: 76877 ns, Reaching safepoint: 86620 ns, At safepoint: 9805 ns, Total: 96425 ns
[2020-09-11T13:11:51.967+0000][1][safepoint    ] Safepoint "RevokeBias", Time since last: 126314 ns, Reaching safepoint: 85615 ns, At safepoint: 9664 ns, Total: 95279 ns
[2020-09-11T13:11:51.967+0000][1][safepoint    ] Safepoint "RevokeBias", Time since last: 82622 ns, Reaching safepoint: 107682 ns, At safepoint: 9990 ns, Total: 117672 ns
[2020-09-11T13:11:51.968+0000][1][safepoint    ] Safepoint "RevokeBias", Time since last: 123207 ns, Reaching safepoint: 86418 ns, At safepoint: 9891 ns, Total: 96309 ns
[2020-09-11T13:11:51.968+0000][1][safepoint    ] Safepoint "RevokeBias", Time since last: 72904 ns, Reaching safepoint: 87315 ns, At safepoint: 9897 ns, Total: 97212 ns
[2020-09-11T13:11:51.973+0000][1][safepoint    ] Safepoint "RevokeBias", Time since last: 4899713 ns, Reaching safepoint: 109188 ns, At safepoint: 13248 ns, Total: 122436 ns
[2020-09-11T13:11:51.982+0000][1][safepoint    ] Safepoint "RevokeBias", Time since last: 6607597 ns, Reaching safepoint: 2148597 ns, At safepoint: 21384 ns, Total: 2169981 ns
[2020-09-11T13:11:51.983+0000][1][safepoint    ] Safepoint "RevokeBias", Time since last: 645983 ns, Reaching safepoint: 1180222 ns, At safepoint: 16377 ns, Total: 1196599 ns
[2020-09-11T13:11:51.984+0000][1][safepoint    ] Safepoint "RevokeBias", Time since last: 425389 ns, Reaching safepoint: 339909 ns, At safepoint: 14170 ns, Total: 354079 ns
[2020-09-11T13:11:51.987+0000][1][safepoint    ] Safepoint "RevokeBias", Time since last: 365026 ns, Reaching safepoint: 2820853 ns, At safepoint: 13530 ns, Total: 2834383 ns
[2020-09-11T13:11:51.995+0000][1][safepoint    ] Safepoint "RevokeBias", Time since last: 6961627 ns, Reaching safepoint: 120537 ns, At safepoint: 19131 ns, Total: 139668 ns
[2020-09-11T13:11:51.997+0000][1][safepoint    ] Safepoint "RevokeBias", Time since last: 2172914 ns, Reaching safepoint: 99372 ns, At safepoint: 12316 ns, Total: 111688 ns
[2020-09-11T13:11:52.539+0000][1][safepoint    ] Safepoint "RevokeBias", Time since last: 542298071 ns, Reaching safepoint: 122754 ns, At safepoint: 28022 ns, Total: 150776 ns
[2020-09-11T13:11:52.922+0000][1][safepoint    ] Safepoint "RevokeBias", Time since last: 382940978 ns, Reaching safepoint: 136728 ns, At safepoint: 56506 ns, Total: 193234 ns
[2020-09-11T13:11:53.340+0000][1][safepoint    ] Safepoint "RevokeBias", Time since last: 417177619 ns, Reaching safepoint: 117713 ns, At safepoint: 51567 ns, Total: 169280 ns
[2020-09-11T13:11:53.341+0000][1][safepoint    ] Safepoint "BulkRevokeBias", Time since last: 634125 ns, Reaching safepoint: 90470 ns, At safepoint: 127040 ns, Total: 217510 ns
[2020-09-11T13:11:53.344+0000][1][safepoint    ] Safepoint "BulkRevokeBias", Time since last: 3206013 ns, Reaching safepoint: 112941 ns, At safepoint: 135605 ns, Total: 248546 ns
[2020-09-11T13:11:53.839+0000][1][safepoint    ] Safepoint "RevokeBias", Time since last: 494511908 ns, Reaching safepoint: 116558 ns, At safepoint: 14728 ns, Total: 131286 ns
[2020-09-11T13:11:53.852+0000][1][safepoint    ] Safepoint "RevokeBias", Time since last: 12716772 ns, Reaching safepoint: 115857 ns, At safepoint: 16599 ns, Total: 132456 ns
[2020-09-11T13:11:53.852+0000][1][safepoint    ] Safepoint "RevokeBias", Time since last: 396900 ns, Reaching safepoint: 92817 ns, At safepoint: 21667 ns, Total: 114484 ns
[2020-09-11T13:11:53.862+0000][1][safepoint    ] Safepoint "RevokeBias", Time since last: 8731852 ns, Reaching safepoint: 915542 ns, At safepoint: 46317 ns, Total: 961859 ns
[2020-09-11T13:11:54.061+0000][1][safepoint    ] Safepoint "RevokeBias", Time since last: 198716075 ns, Reaching safepoint: 123089 ns, At safepoint: 18367 ns, Total: 141456 ns
[2020-09-11T13:11:54.061+0000][1][safepoint    ] Safepoint "RevokeBias", Time since last: 59930 ns, Reaching safepoint: 93274 ns, At safepoint: 14025 ns, Total: 107299 ns
[2020-09-11T13:11:54.188+0000][1][safepoint    ] Safepoint "RevokeBias", Time since last: 126741973 ns, Reaching safepoint: 132276 ns, At safepoint: 23195 ns, Total: 155471 ns
[2020-09-11T13:11:54.199+0000][1][safepoint    ] Safepoint "RevokeBias", Time since last: 10147320 ns, Reaching safepoint: 911003 ns, At safepoint: 46194 ns, Total: 957197 ns
[2020-09-11T13:11:54.202+0000][1][safepoint    ] Safepoint "RevokeBias", Time since last: 2997099 ns, Reaching safepoint: 99956 ns, At safepoint: 13295 ns, Total: 113251 ns
[2020-09-11T13:11:54.229+0000][1][safepoint    ] Safepoint "RevokeBias", Time since last: 27382895 ns, Reaching safepoint: 124355 ns, At safepoint: 18504 ns, Total: 142859 ns
[2020-09-11T13:11:54.274+0000][1][safepoint    ] Safepoint "RevokeBias", Time since last: 44171953 ns, Reaching safepoint: 124290 ns, At safepoint: 17495 ns, Total: 141785 ns
[2020-09-11T13:11:54.291+0000][1][safepoint    ] Safepoint "RevokeBias", Time since last: 17363066 ns, Reaching safepoint: 118707 ns, At safepoint: 16833 ns, Total: 135540 ns
[2020-09-11T13:11:54.296+0000][1][safepoint    ] Safepoint "RevokeBias", Time since last: 4275469 ns, Reaching safepoint: 108344 ns, At safepoint: 13947 ns, Total: 122291 ns
[2020-09-11T13:11:54.296+0000][1][safepoint    ] Safepoint "RevokeBias", Time since last: 247406 ns, Reaching safepoint: 102062 ns, At safepoint: 12033 ns, Total: 114095 ns
[2020-09-11T13:11:54.305+0000][1][safepoint    ] Safepoint "RevokeBias", Time since last: 7484571 ns, Reaching safepoint: 1053515 ns, At safepoint: 15195 ns, Total: 1068710 ns
[2020-09-11T13:11:54.357+0000][1][safepoint    ] Safepoint "RevokeBias", Time since last: 52328143 ns, Reaching safepoint: 119586 ns, At safepoint: 24563 ns, Total: 144149 ns
[2020-09-11T13:11:54.365+0000][1][safepoint    ] Safepoint "RevokeBias", Time since last: 8140749 ns, Reaching safepoint: 118233 ns, At safepoint: 15177 ns, Total: 133410 ns
[2020-09-11T13:11:54.392+0000][1][safepoint    ] Safepoint "RevokeBias", Time since last: 26134859 ns, Reaching safepoint: 459575 ns, At safepoint: 18543 ns, Total: 478118 ns
[2020-09-11T13:11:54.421+0000][1][safepoint    ] Safepoint "RevokeBias", Time since last: 28955022 ns, Reaching safepoint: 118888 ns, At safepoint: 13491 ns, Total: 132379 ns
[2020-09-11T13:11:54.437+0000][1][safepoint    ] Safepoint "RevokeBias", Time since last: 15093510 ns, Reaching safepoint: 716208 ns, At safepoint: 15839 ns, Total: 732047 ns
[2020-09-11T13:11:54.437+0000][1][safepoint    ] Safepoint "RevokeBias", Time since last: 90608 ns, Reaching safepoint: 84696 ns, At safepoint: 20256 ns, Total: 104952 ns
[2020-09-11T13:11:54.472+0000][1][safepoint    ] Safepoint "RevokeBias", Time since last: 34407589 ns, Reaching safepoint: 133517 ns, At safepoint: 21689 ns, Total: 155206 ns
[2020-09-11T13:11:54.474+0000][1][safepoint    ] Safepoint "RevokeBias", Time since last: 1828650 ns, Reaching safepoint: 100247 ns, At safepoint: 15068 ns, Total: 115315 ns
[2020-09-11T13:11:54.571+0000][1][safepoint    ] Safepoint "RevokeBias", Time since last: 97098597 ns, Reaching safepoint: 126073 ns, At safepoint: 39799 ns, Total: 165872 ns
[2020-09-11T13:11:54.632+0000][1][safepoint    ] Safepoint "RevokeBias", Time since last: 60648292 ns, Reaching safepoint: 265802 ns, At safepoint: 23391 ns, Total: 289193 ns
[2020-09-11T13:11:54.717+0000][1][safepoint    ] Safepoint "RevokeBias", Time since last: 84905175 ns, Reaching safepoint: 128074 ns, At safepoint: 15580 ns, Total: 143654 ns
[2020-09-11T13:11:54.954+0000][1][safepoint    ] Safepoint "RevokeBias", Time since last: 237065751 ns, Reaching safepoint: 123122 ns, At safepoint: 17517 ns, Total: 140639 ns
[2020-09-11T13:11:54.956+0000][1][safepoint    ] Safepoint "RevokeBias", Time since last: 1497563 ns, Reaching safepoint: 94867 ns, At safepoint: 13857 ns, Total: 108724 ns
[2020-09-11T13:11:54.956+0000][1][safepoint    ] Safepoint "RevokeBias", Time since last: 42364 ns, Reaching safepoint: 86768 ns, At safepoint: 11742 ns, Total: 98510 ns
[2020-09-11T13:11:55.004+0000][1][safepoint    ] Safepoint "RevokeBias", Time since last: 48005311 ns, Reaching safepoint: 146681 ns, At safepoint: 27868 ns, Total: 174549 ns
[2020-09-11T13:11:55.020+0000][1][safepoint    ] Safepoint "RevokeBias", Time since last: 3170895 ns, Reaching safepoint: 12882761 ns, At safepoint: 30581 ns, Total: 12913342 ns
[2020-09-11T13:11:55.021+0000][1][safepoint    ] Safepoint "RevokeBias", Time since last: 262560 ns, Reaching safepoint: 738233 ns, At safepoint: 19026 ns, Total: 757259 ns
[2020-09-11T13:11:55.028+0000][1][safepoint    ] Safepoint "RevokeBias", Time since last: 6990405 ns, Reaching safepoint: 191074 ns, At safepoint: 32237 ns, Total: 223311 ns
[2020-09-11T13:11:55.028+0000][1][safepoint    ] Safepoint "RevokeBias", Time since last: 174642 ns, Reaching safepoint: 93791 ns, At safepoint: 15042 ns, Total: 108833 ns
[2020-09-11T13:11:55.029+0000][1][safepoint    ] Safepoint "RevokeBias", Time since last: 329707 ns, Reaching safepoint: 94606 ns, At safepoint: 13684 ns, Total: 108290 ns
[2020-09-11T13:11:55.040+0000][1][safepoint    ] Safepoint "RevokeBias", Time since last: 10597520 ns, Reaching safepoint: 211163 ns, At safepoint: 37956 ns, Total: 249119 ns
[2020-09-11T13:11:55.040+0000][1][safepoint    ] Safepoint "RevokeBias", Time since last: 69034 ns, Reaching safepoint: 98942 ns, At safepoint: 23079 ns, Total: 122021 ns
[2020-09-11T13:11:55.040+0000][1][safepoint    ] Safepoint "RevokeBias", Time since last: 232163 ns, Reaching safepoint: 99173 ns, At safepoint: 25761 ns, Total: 124934 ns
[2020-09-11T13:11:55.043+0000][1][safepoint    ] Safepoint "RevokeBias", Time since last: 2089396 ns, Reaching safepoint: 246395 ns, At safepoint: 14298 ns, Total: 260693 ns
[2020-09-11T13:11:55.075+0000][1][safepoint    ] Safepoint "RevokeBias", Time since last: 10924045 ns, Reaching safepoint: 21230759 ns, At safepoint: 22325 ns, Total: 21253084 ns
[2020-09-11T13:11:55.079+0000][1][safepoint    ] Safepoint "RevokeBias", Time since last: 4239285 ns, Reaching safepoint: 116502 ns, At safepoint: 17539 ns, Total: 134041 ns
[2020-09-11T13:11:55.081+0000][1][safepoint    ] Safepoint "RevokeBias", Time since last: 1598009 ns, Reaching safepoint: 183124 ns, At safepoint: 22672 ns, Total: 205796 ns
[2020-09-11T13:11:55.120+0000][1][gc,start     ] GC(66) Pause Young (Allocation Failure)
[2020-09-11T13:11:55.120+0000][1][gc,task      ] GC(66) Using 1 workers of 1 for evacuation
[2020-09-11T13:11:55.193+0000][1][gc,age       ] GC(66) Desired survivor size 4358144 bytes, new threshold 6 (max threshold 6)
[2020-09-11T13:11:55.193+0000][1][gc,age       ] GC(66) Age table with threshold 6 (max threshold 6)
[2020-09-11T13:11:55.193+0000][1][gc,age       ] GC(66) - age   1:    1512096 bytes,    1512096 total
[2020-09-11T13:11:55.193+0000][1][gc,age       ] GC(66) - age   2:    1374408 bytes,    2886504 total
[2020-09-11T13:11:55.193+0000][1][gc,heap      ] GC(66) ParNew: 74383K->5134K(76672K)
[2020-09-11T13:11:55.193+0000][1][gc,heap      ] GC(66) CMS: 75866K->95718K(2011968K)
[2020-09-11T13:11:55.193+0000][1][gc,metaspace ] GC(66) Metaspace: 74958K->74958K(1118208K)
[2020-09-11T13:11:55.194+0000][1][gc           ] GC(66) Pause Young (Allocation Failure) 146M->98M(2039M) 73.861ms
[2020-09-11T13:11:55.194+0000][1][gc,cpu       ] GC(66) User=0.04s Sys=0.00s Real=0.07s
[2020-09-11T13:11:55.211+0000][1][safepoint    ] Safepoint "GenCollectForAllocation", Time since last: 38393169 ns, Reaching safepoint: 210272 ns, At safepoint: 91783986 ns, Total: 91994258 ns
[2020-09-11T13:11:55.216+0000][1][safepoint    ] Safepoint "RevokeBias", Time since last: 4366559 ns, Reaching safepoint: 57735 ns, At safepoint: 43642 ns, Total: 101377 ns
[2020-09-11T13:11:55.227+0000][1][safepoint    ] Safepoint "RevokeBias", Time since last: 10954669 ns, Reaching safepoint: 284343 ns, At safepoint: 46105 ns, Total: 330448 ns
[2020-09-11T13:11:55.280+0000][1][safepoint    ] Safepoint "RevokeBias", Time since last: 52411536 ns, Reaching safepoint: 124601 ns, At safepoint: 36941 ns, Total: 161542 ns
[2020-09-11T13:11:55.303+0000][1][safepoint    ] Safepoint "BulkRevokeBias", Time since last: 22835242 ns, Reaching safepoint: 128167 ns, At safepoint: 174670 ns, Total: 302837 ns
[2020-09-11T13:11:55.381+0000][1][safepoint    ] Safepoint "RevokeBias", Time since last: 78486281 ns, Reaching safepoint: 45891 ns, At safepoint: 9005 ns, Total: 54896 ns
[2020-09-11T13:11:55.482+0000][1][safepoint    ] Safepoint "RevokeBias", Time since last: 100686348 ns, Reaching safepoint: 141843 ns, At safepoint: 10425 ns, Total: 152268 ns
[2020-09-11T13:11:55.495+0000][1][safepoint    ] Safepoint "RevokeBias", Time since last: 12387176 ns, Reaching safepoint: 316040 ns, At safepoint: 11149 ns, Total: 327189 ns
[2020-09-11T13:11:55.496+0000][1][safepoint    ] Safepoint "RevokeBias", Time since last: 462866 ns, Reaching safepoint: 103141 ns, At safepoint: 8892 ns, Total: 112033 ns
[2020-09-11T13:11:55.496+0000][1][safepoint    ] Safepoint "RevokeBias", Time since last: 40154 ns, Reaching safepoint: 101048 ns, At safepoint: 8160 ns, Total: 109208 ns
[2020-09-11T13:11:55.496+0000][1][safepoint    ] Safepoint "RevokeBias", Time since last: 151344 ns, Reaching safepoint: 101751 ns, At safepoint: 8161 ns, Total: 109912 ns
[2020-09-11T13:11:55.514+0000][1][safepoint    ] Safepoint "RevokeBias", Time since last: 17407483 ns, Reaching safepoint: 121219 ns, At safepoint: 26221 ns, Total: 147440 ns
[2020-09-11T13:11:55.534+0000][1][safepoint    ] Safepoint "RevokeBias", Time since last: 19847850 ns, Reaching safepoint: 127875 ns, At safepoint: 8055 ns, Total: 135930 ns
[2020-09-11T13:11:55.580+0000][1][safepoint    ] Safepoint "RevokeBias", Time since last: 45953483 ns, Reaching safepoint: 149989 ns, At safepoint: 10003 ns, Total: 159992 ns
[2020-09-11T13:11:55.580+0000][1][safepoint    ] Safepoint "BulkRevokeBias", Time since last: 114318 ns, Reaching safepoint: 22775 ns, At safepoint: 182901 ns, Total: 205676 ns
[2020-09-11T13:11:55.580+0000][1][safepoint    ] Safepoint "RevokeBias", Time since last: 41394 ns, Reaching safepoint: 22675 ns, At safepoint: 4796 ns, Total: 27471 ns
[2020-09-11T13:11:55.580+0000][1][safepoint    ] Safepoint "RevokeBias", Time since last: 305491 ns, Reaching safepoint: 24849 ns, At safepoint: 5150 ns, Total: 29999 ns
[2020-09-11T13:11:55.675+0000][1][safepoint    ] Safepoint "RevokeBias", Time since last: 94141585 ns, Reaching safepoint: 138323 ns, At safepoint: 10821 ns, Total: 149144 ns
[2020-09-11T13:11:55.692+0000][1][safepoint    ] Safepoint "RevokeBias", Time since last: 16847062 ns, Reaching safepoint: 325271 ns, At safepoint: 10235 ns, Total: 335506 ns
[2020-09-11T13:11:55.709+0000][1][safepoint    ] Safepoint "RevokeBias", Time since last: 16977842 ns, Reaching safepoint: 121259 ns, At safepoint: 8998 ns, Total: 130257 ns
[2020-09-11T13:11:55.765+0000][1][safepoint    ] Safepoint "RevokeBias", Time since last: 55705653 ns, Reaching safepoint: 136343 ns, At safepoint: 9526 ns, Total: 145869 ns
[2020-09-11T13:11:55.776+0000][1][safepoint    ] Safepoint "BulkRevokeBias", Time since last: 8228655 ns, Reaching safepoint: 128630 ns, At safepoint: 2430700 ns, Total: 2559330 ns
[2020-09-11T13:11:55.776+0000][1][safepoint    ] Safepoint "RevokeBias", Time since last: 249505 ns, Reaching safepoint: 118007 ns, At safepoint: 6488 ns, Total: 124495 ns
[2020-09-11T13:11:55.795+0000][1][safepoint    ] Safepoint "RevokeBias", Time since last: 19060089 ns, Reaching safepoint: 137903 ns, At safepoint: 9892 ns, Total: 147795 ns
[2020-09-11T13:11:55.799+0000][1][safepoint    ] Safepoint "RevokeBias", Time since last: 3660746 ns, Reaching safepoint: 129178 ns, At safepoint: 8976 ns, Total: 138154 ns
[2020-09-11T13:11:56.040+0000][1][safepoint    ] Safepoint "Deoptimize", Time since last: 240781504 ns, Reaching safepoint: 133947 ns, At safepoint: 399349 ns, Total: 533296 ns
[2020-09-11T13:11:56.295+0000][1][safepoint    ] Safepoint "RevokeBias", Time since last: 254281025 ns, Reaching safepoint: 150370 ns, At safepoint: 10512 ns, Total: 160882 ns
[2020-09-11T13:11:56.295+0000][1][safepoint    ] Safepoint "RevokeBias", Time since last: 328200 ns, Reaching safepoint: 118732 ns, At safepoint: 9022 ns, Total: 127754 ns
[2020-09-11T13:11:56.671+0000][1][safepoint    ] Safepoint "RevokeBias", Time since last: 375809889 ns, Reaching safepoint: 55507 ns, At safepoint: 14705 ns, Total: 70212 ns
[2020-09-11T13:11:57.509+0000][1][safepoint    ] Safepoint "RevokeBias", Time since last: 837617390 ns, Reaching safepoint: 121934 ns, At safepoint: 16121 ns, Total: 138055 ns
[2020-09-11T13:11:57.510+0000][1][safepoint    ] Safepoint "RevokeBias", Time since last: 1074339 ns, Reaching safepoint: 100331 ns, At safepoint: 7315 ns, Total: 107646 ns
[2020-09-11T13:11:57.510+0000][1][safepoint    ] Safepoint "RevokeBias", Time since last: 48668 ns, Reaching safepoint: 111092 ns, At safepoint: 7700 ns, Total: 118792 ns
[2020-09-11T13:11:57.603+0000][1][safepoint    ] Safepoint "RevokeBias", Time since last: 81286300 ns, Reaching safepoint: 11843773 ns, At safepoint: 19935 ns, Total: 11863708 ns
[2020-09-11T13:11:57.612+0000][1][safepoint    ] Safepoint "RevokeBias", Time since last: 8133489 ns, Reaching safepoint: 196951 ns, At safepoint: 33166 ns, Total: 230117 ns
[2020-09-11T13:11:57.614+0000][1][safepoint    ] Safepoint "RevokeBias", Time since last: 2420779 ns, Reaching safepoint: 127998 ns, At safepoint: 25183 ns, Total: 153181 ns
[2020-09-11T13:11:57.614+0000][1][safepoint    ] Safepoint "RevokeBias", Time since last: 48964 ns, Reaching safepoint: 94508 ns, At safepoint: 32592 ns, Total: 127100 ns
[2020-09-11T13:11:57.736+0000][1][safepoint    ] Safepoint "Deoptimize", Time since last: 121046276 ns, Reaching safepoint: 280502 ns, At safepoint: 405475 ns, Total: 685977 ns
[2020-09-11T13:11:57.765+0000][1][safepoint    ] Safepoint "RevokeBias", Time since last: 29195351 ns, Reaching safepoint: 131007 ns, At safepoint: 18380 ns, Total: 149387 ns
[2020-09-11T13:11:57.804+0000][1][safepoint    ] Safepoint "RevokeBias", Time since last: 38768923 ns, Reaching safepoint: 198814 ns, At safepoint: 8505 ns, Total: 207319 ns
[2020-09-11T13:11:57.808+0000][1][safepoint    ] Safepoint "BulkRevokeBias", Time since last: 2987450 ns, Reaching safepoint: 135913 ns, At safepoint: 237789 ns, Total: 373702 ns
[2020-09-11T13:11:57.825+0000][1][safepoint    ] Safepoint "RevokeBias", Time since last: 16219832 ns, Reaching safepoint: 871614 ns, At safepoint: 10265 ns, Total: 881879 ns
[2020-09-11T13:11:57.840+0000][1][safepoint    ] Safepoint "RevokeBias", Time since last: 14512927 ns, Reaching safepoint: 156242 ns, At safepoint: 13573 ns, Total: 169815 ns
[2020-09-11T13:11:57.908+0000][1][safepoint    ] Safepoint "RevokeBias", Time since last: 68144238 ns, Reaching safepoint: 136498 ns, At safepoint: 17199 ns, Total: 153697 ns
[2020-09-11T13:11:58.048+0000][1][safepoint    ] Safepoint "RevokeBias", Time since last: 139514893 ns, Reaching safepoint: 137501 ns, At safepoint: 9640 ns, Total: 147141 ns
[2020-09-11T13:11:58.048+0000][1][safepoint    ] Safepoint "RevokeBias", Time since last: 236392 ns, Reaching safepoint: 96332 ns, At safepoint: 6161 ns, Total: 102493 ns
[2020-09-11T13:11:58.226+0000][1][safepoint    ] Safepoint "RevokeBias", Time since last: 177691719 ns, Reaching safepoint: 144095 ns, At safepoint: 14578 ns, Total: 158673 ns
[2020-09-11T13:11:58.377+0000][1][safepoint    ] Safepoint "RevokeBias", Time since last: 151395770 ns, Reaching safepoint: 127370 ns, At safepoint: 18723 ns, Total: 146093 ns
[2020-09-11T13:11:58.491+0000][1][safepoint    ] Safepoint "RevokeBias", Time since last: 112651533 ns, Reaching safepoint: 1509851 ns, At safepoint: 18929 ns, Total: 1528780 ns
[2020-09-11T13:11:58.626+0000][1][safepoint    ] Safepoint "RevokeBias", Time since last: 127953616 ns, Reaching safepoint: 6165650 ns, At safepoint: 33433 ns, Total: 6199083 ns
[2020-09-11T13:11:58.816+0000][1][safepoint    ] Safepoint "RevokeBias", Time since last: 181024349 ns, Reaching safepoint: 8819508 ns, At safepoint: 33779 ns, Total: 8853287 ns
[2020-09-11T13:11:59.084+0000][1][safepoint    ] Safepoint "RevokeBias", Time since last: 268771537 ns, Reaching safepoint: 138213 ns, At safepoint: 25079 ns, Total: 163292 ns
[2020-09-11T13:11:59.228+0000][1][safepoint    ] Safepoint "RevokeBias", Time since last: 143162766 ns, Reaching safepoint: 153609 ns, At safepoint: 27578 ns, Total: 181187 ns
[2020-09-11T13:11:59.313+0000][1][gc,start     ] GC(67) Pause Young (Allocation Failure)
[2020-09-11T13:11:59.313+0000][1][gc,task      ] GC(67) Using 1 workers of 1 for evacuation
[2020-09-11T13:11:59.362+0000][1][gc,age       ] GC(67) Desired survivor size 4358144 bytes, new threshold 3 (max threshold 6)
[2020-09-11T13:11:59.362+0000][1][gc,age       ] GC(67) Age table with threshold 3 (max threshold 6)
[2020-09-11T13:11:59.363+0000][1][gc,age       ] GC(67) - age   1:    1801560 bytes,    1801560 total
[2020-09-11T13:11:59.363+0000][1][gc,age       ] GC(67) - age   2:    1371984 bytes,    3173544 total
[2020-09-11T13:11:59.363+0000][1][gc,age       ] GC(67) - age   3:    1361928 bytes,    4535472 total
[2020-09-11T13:11:59.363+0000][1][gc,heap      ] GC(67) ParNew: 73294K->4681K(76672K)
[2020-09-11T13:11:59.363+0000][1][gc,heap      ] GC(67) CMS: 95718K->95718K(2011968K)
[2020-09-11T13:11:59.363+0000][1][gc,metaspace ] GC(67) Metaspace: 79884K->79884K(1122304K)
[2020-09-11T13:11:59.363+0000][1][gc           ] GC(67) Pause Young (Allocation Failure) 165M->98M(2039M) 49.967ms
[2020-09-11T13:11:59.363+0000][1][gc,cpu       ] GC(67) User=0.03s Sys=0.00s Real=0.05s
[2020-09-11T13:11:59.376+0000][1][safepoint    ] Safepoint "GenCollectForAllocation", Time since last: 84317707 ns, Reaching safepoint: 508134 ns, At safepoint: 63676080 ns, Total: 64184214 ns
[2020-09-11T13:11:59.421+0000][1][safepoint    ] Safepoint "RevokeBias", Time since last: 44875881 ns, Reaching safepoint: 129571 ns, At safepoint: 25040 ns, Total: 154611 ns
[2020-09-11T13:11:59.564+0000][1][safepoint    ] Safepoint "RevokeBias", Time since last: 142748044 ns, Reaching safepoint: 134802 ns, At safepoint: 19951 ns, Total: 154753 ns
[2020-09-11T13:11:59.746+0000][1][safepoint    ] Safepoint "RevokeBias", Time since last: 181677990 ns, Reaching safepoint: 151681 ns, At safepoint: 19870 ns, Total: 171551 ns
[2020-09-11T13:12:00.532+0000][1][safepoint    ] Safepoint "RevokeBias", Time since last: 785870028 ns, Reaching safepoint: 195422 ns, At safepoint: 8756 ns, Total: 204178 ns
[2020-09-11T13:12:00.549+0000][1][safepoint    ] Safepoint "RevokeBias", Time since last: 16138367 ns, Reaching safepoint: 264248 ns, At safepoint: 17148 ns, Total: 281396 ns
[2020-09-11T13:12:00.682+0000][1][safepoint    ] Safepoint "RevokeBias", Time since last: 127049170 ns, Reaching safepoint: 6003193 ns, At safepoint: 23132 ns, Total: 6026325 ns
[2020-09-11T13:12:01.765+0000][1][safepoint    ] Safepoint "Cleanup", Time since last: 1083140614 ns, Reaching safepoint: 100431 ns, At safepoint: 9066 ns, Total: 109497 ns
[2020-09-11T13:12:02.765+0000][1][safepoint    ] Safepoint "Cleanup", Time since last: 1000196349 ns, Reaching safepoint: 99702 ns, At safepoint: 8435 ns, Total: 108137 ns
[2020-09-11T13:12:02.795+0000][1][safepoint    ] Safepoint "RevokeBias", Time since last: 29860651 ns, Reaching safepoint: 156089 ns, At safepoint: 31237 ns, Total: 187326 ns
[2020-09-11T13:12:03.796+0000][1][safepoint    ] Safepoint "Cleanup", Time since last: 1000195499 ns, Reaching safepoint: 97927 ns, At safepoint: 8325 ns, Total: 106252 ns
[2020-09-11T13:12:04.796+0000][1][safepoint    ] Safepoint "Cleanup", Time since last: 1000141271 ns, Reaching safepoint: 87760 ns, At safepoint: 7641 ns, Total: 95401 ns
[2020-09-11T13:12:05.796+0000][1][safepoint    ] Safepoint "Cleanup", Time since last: 1000141687 ns, Reaching safepoint: 108611 ns, At safepoint: 7371 ns, Total: 115982 ns
[2020-09-11T13:12:06.797+0000][1][safepoint    ] Safepoint "Cleanup", Time since last: 1000914534 ns, Reaching safepoint: 89381 ns, At safepoint: 7400 ns, Total: 96781 ns
[2020-09-11T13:12:07.797+0000][1][safepoint    ] Safepoint "Cleanup", Time since last: 1000169290 ns, Reaching safepoint: 118823 ns, At safepoint: 16030 ns, Total: 134853 ns
[2020-09-11T13:12:08.798+0000][1][safepoint    ] Safepoint "Cleanup", Time since last: 1000217977 ns, Reaching safepoint: 140817 ns, At safepoint: 17751 ns, Total: 158568 ns
[2020-09-11T13:12:09.798+0000][1][safepoint    ] Safepoint "Cleanup", Time since last: 1000228483 ns, Reaching safepoint: 135057 ns, At safepoint: 17627 ns, Total: 152684 ns
[2020-09-11T13:12:10.798+0000][1][safepoint    ] Safepoint "Cleanup", Time since last: 1000209931 ns, Reaching safepoint: 99689 ns, At safepoint: 13066 ns, Total: 112755 ns
[2020-09-11T13:12:11.799+0000][1][safepoint    ] Safepoint "Cleanup", Time since last: 1000910533 ns, Reaching safepoint: 102831 ns, At safepoint: 7538 ns, Total: 110369 ns
[2020-09-11T13:12:12.800+0000][1][safepoint    ] Safepoint "Cleanup", Time since last: 1000148546 ns, Reaching safepoint: 116267 ns, At safepoint: 8745 ns, Total: 125012 ns
[2020-09-11T13:12:13.801+0000][1][safepoint    ] Safepoint "Cleanup", Time since last: 1001366984 ns, Reaching safepoint: 74401 ns, At safepoint: 6941 ns, Total: 81342 ns
[2020-09-11T13:12:14.804+0000][1][safepoint    ] Safepoint "Cleanup", Time since last: 1002268650 ns, Reaching safepoint: 228034 ns, At safepoint: 21840 ns, Total: 249874 ns
[2020-09-11T13:12:15.481+0000][1][safepoint    ] Safepoint "RevokeBias", Time since last: 677500434 ns, Reaching safepoint: 191403 ns, At safepoint: 19602 ns, Total: 211005 ns
[2020-09-11T13:12:16.482+0000][1][safepoint    ] Safepoint "Cleanup", Time since last: 1000183852 ns, Reaching safepoint: 99017 ns, At safepoint: 8534 ns, Total: 107551 ns
[2020-09-11T13:12:17.482+0000][1][safepoint    ] Safepoint "Cleanup", Time since last: 1000184886 ns, Reaching safepoint: 99757 ns, At safepoint: 6784 ns, Total: 106541 ns
[2020-09-11T13:12:18.482+0000][1][safepoint    ] Safepoint "Cleanup", Time since last: 1000202265 ns, Reaching safepoint: 145518 ns, At safepoint: 17908 ns, Total: 163426 ns
[2020-09-11T13:12:19.483+0000][1][safepoint    ] Safepoint "Cleanup", Time since last: 1000243073 ns, Reaching safepoint: 180221 ns, At safepoint: 18405 ns, Total: 198626 ns
[2020-09-11T13:12:20.483+0000][1][safepoint    ] Safepoint "Cleanup", Time since last: 1000213230 ns, Reaching safepoint: 125552 ns, At safepoint: 16948 ns, Total: 142500 ns
[2020-09-11T13:12:21.484+0000][1][safepoint    ] Safepoint "Cleanup", Time since last: 1000198340 ns, Reaching safepoint: 199114 ns, At safepoint: 16294 ns, Total: 215408 ns
[2020-09-11T13:12:22.485+0000][1][safepoint    ] Safepoint "Cleanup", Time since last: 1001053563 ns, Reaching safepoint: 140035 ns, At safepoint: 16388 ns, Total: 156423 ns
[2020-09-11T13:12:23.485+0000][1][safepoint    ] Safepoint "Cleanup", Time since last: 1000232276 ns, Reaching safepoint: 90258 ns, At safepoint: 8306 ns, Total: 98564 ns
[2020-09-11T13:12:24.485+0000][1][safepoint    ] Safepoint "Cleanup", Time since last: 1000146400 ns, Reaching safepoint: 146092 ns, At safepoint: 15636 ns, Total: 161728 ns
[2020-09-11T13:12:25.486+0000][1][safepoint    ] Safepoint "Cleanup", Time since last: 1000221923 ns, Reaching safepoint: 179686 ns, At safepoint: 18653 ns, Total: 198339 ns
[2020-09-11T13:12:26.486+0000][1][safepoint    ] Safepoint "Cleanup", Time since last: 1000186710 ns, Reaching safepoint: 118625 ns, At safepoint: 7548 ns, Total: 126173 ns
[2020-09-11T13:12:27.487+0000][1][safepoint    ] Safepoint "Cleanup", Time since last: 1000888776 ns, Reaching safepoint: 98511 ns, At safepoint: 7484 ns, Total: 105995 ns
[2020-09-11T13:12:28.488+0000][1][safepoint    ] Safepoint "Cleanup", Time since last: 1000185604 ns, Reaching safepoint: 160482 ns, At safepoint: 16762 ns, Total: 177244 ns
[2020-09-11T13:12:29.488+0000][1][safepoint    ] Safepoint "Cleanup", Time since last: 1000182921 ns, Reaching safepoint: 135425 ns, At safepoint: 16020 ns, Total: 151445 ns
[2020-09-11T13:12:30.488+0000][1][safepoint    ] Safepoint "Cleanup", Time since last: 1000242134 ns, Reaching safepoint: 104332 ns, At safepoint: 7590 ns, Total: 111922 ns
[2020-09-11T13:12:31.489+0000][1][safepoint    ] Safepoint "Cleanup", Time since last: 1000187586 ns, Reaching safepoint: 117505 ns, At safepoint: 7198 ns, Total: 124703 ns
[2020-09-11T13:12:31.915+0000][1][safepoint    ] Safepoint "RevokeBias", Time since last: 426104547 ns, Reaching safepoint: 195556 ns, At safepoint: 8845 ns, Total: 204401 ns
[2020-09-11T13:12:31.915+0000][1][safepoint    ] Safepoint "RevokeBias", Time since last: 60114 ns, Reaching safepoint: 153916 ns, At safepoint: 5715 ns, Total: 159631 ns
[2020-09-11T13:12:31.920+0000][1][safepoint    ] Safepoint "RevokeBias", Time since last: 5145873 ns, Reaching safepoint: 189095 ns, At safepoint: 8737 ns, Total: 197832 ns
[2020-09-11T13:12:32.024+0000][1][safepoint    ] Safepoint "Deoptimize", Time since last: 103059629 ns, Reaching safepoint: 181923 ns, At safepoint: 617465 ns, Total: 799388 ns
[2020-09-11T13:12:32.044+0000][1][safepoint    ] Safepoint "Deoptimize", Time since last: 18647291 ns, Reaching safepoint: 574598 ns, At safepoint: 463598 ns, Total: 1038196 ns
[2020-09-11T13:12:32.048+0000][1][safepoint    ] Safepoint "Deoptimize", Time since last: 866965 ns, Reaching safepoint: 2678865 ns, At safepoint: 458394 ns, Total: 3137259 ns
[2020-09-11T13:12:32.052+0000][1][safepoint    ] Safepoint "Deoptimize", Time since last: 1909619 ns, Reaching safepoint: 1635099 ns, At safepoint: 494294 ns, Total: 2129393 ns
[2020-09-11T13:12:33.052+0000][1][safepoint    ] Safepoint "Cleanup", Time since last: 1000136944 ns, Reaching safepoint: 110903 ns, At safepoint: 10158 ns, Total: 121061 ns
[2020-09-11T13:12:34.053+0000][1][safepoint    ] Safepoint "Cleanup", Time since last: 1000187082 ns, Reaching safepoint: 105652 ns, At safepoint: 8667 ns, Total: 114319 ns
[2020-09-11T13:12:35.053+0000][1][safepoint    ] Safepoint "Cleanup", Time since last: 1000165171 ns, Reaching safepoint: 121673 ns, At safepoint: 8822 ns, Total: 130495 ns
[2020-09-11T13:12:36.053+0000][1][safepoint    ] Safepoint "Cleanup", Time since last: 1000183917 ns, Reaching safepoint: 107095 ns, At safepoint: 8666 ns, Total: 115761 ns
[2020-09-11T13:12:37.053+0000][1][safepoint    ] Safepoint "Cleanup", Time since last: 1000202937 ns, Reaching safepoint: 133302 ns, At safepoint: 18246 ns, Total: 151548 ns
[2020-09-11T13:12:38.055+0000][1][safepoint    ] Safepoint "Cleanup", Time since last: 1001142846 ns, Reaching safepoint: 341568 ns, At safepoint: 24339 ns, Total: 365907 ns
[2020-09-11T13:12:38.879+0000][1][safepoint    ] Safepoint "RevokeBias", Time since last: 824030637 ns, Reaching safepoint: 153772 ns, At safepoint: 25152 ns, Total: 178924 ns
[2020-09-11T13:12:38.881+0000][1][safepoint    ] Safepoint "RevokeBias", Time since last: 2001614 ns, Reaching safepoint: 130622 ns, At safepoint: 20046 ns, Total: 150668 ns
[2020-09-11T13:12:39.882+0000][1][safepoint    ] Safepoint "Cleanup", Time since last: 1000169521 ns, Reaching safepoint: 195001 ns, At safepoint: 19612 ns, Total: 214613 ns
[2020-09-11T13:12:40.569+0000][1][safepoint    ] Safepoint "RevokeBias", Time since last: 686741714 ns, Reaching safepoint: 198630 ns, At safepoint: 27083 ns, Total: 225713 ns
[2020-09-11T13:12:40.698+0000][1][gc,start     ] GC(68) Pause Young (Allocation Failure)
[2020-09-11T13:12:40.698+0000][1][gc,task      ] GC(68) Using 1 workers of 1 for evacuation
[2020-09-11T13:12:40.725+0000][1][gc,age       ] GC(68) Desired survivor size 4358144 bytes, new threshold 6 (max threshold 6)
[2020-09-11T13:12:40.725+0000][1][gc,age       ] GC(68) Age table with threshold 6 (max threshold 6)
[2020-09-11T13:12:40.725+0000][1][gc,age       ] GC(68) - age   1:     342952 bytes,     342952 total
[2020-09-11T13:12:40.725+0000][1][gc,age       ] GC(68) - age   2:    1624136 bytes,    1967088 total
[2020-09-11T13:12:40.725+0000][1][gc,age       ] GC(68) - age   3:    1365416 bytes,    3332504 total
[2020-09-11T13:12:40.725+0000][1][gc,heap      ] GC(68) ParNew: 72841K->3907K(76672K)
[2020-09-11T13:12:40.725+0000][1][gc,heap      ] GC(68) CMS: 95718K->97081K(2011968K)
[2020-09-11T13:12:40.725+0000][1][gc,metaspace ] GC(68) Metaspace: 81057K->81057K(1124352K)
[2020-09-11T13:12:40.725+0000][1][gc           ] GC(68) Pause Young (Allocation Failure) 164M->98M(2039M) 26.860ms
[2020-09-11T13:12:40.725+0000][1][gc,cpu       ] GC(68) User=0.02s Sys=0.00s Real=0.03s
[2020-09-11T13:12:40.725+0000][1][safepoint    ] Safepoint "GenCollectForAllocation", Time since last: 129061721 ns, Reaching safepoint: 69462 ns, At safepoint: 26934718 ns, Total: 27004180 ns
[2020-09-11T13:12:41.731+0000][1][safepoint    ] Safepoint "Cleanup", Time since last: 1006325434 ns, Reaching safepoint: 98952 ns, At safepoint: 20157 ns, Total: 119109 ns
[2020-09-11T13:12:42.732+0000][1][safepoint    ] Safepoint "Cleanup", Time since last: 1000210479 ns, Reaching safepoint: 113825 ns, At safepoint: 16027 ns, Total: 129852 ns
[2020-09-11T13:12:43.732+0000][1][safepoint    ] Safepoint "Cleanup", Time since last: 1000210383 ns, Reaching safepoint: 110975 ns, At safepoint: 7172 ns, Total: 118147 ns
[2020-09-11T13:12:44.732+0000][1][safepoint    ] Safepoint "Cleanup", Time since last: 1000177278 ns, Reaching safepoint: 147752 ns, At safepoint: 17801 ns, Total: 165553 ns
[2020-09-11T13:12:45.585+0000][1][safepoint    ] Safepoint "RevokeBias", Time since last: 852069511 ns, Reaching safepoint: 272991 ns, At safepoint: 28023 ns, Total: 301014 ns
[2020-09-11T13:12:46.585+0000][1][safepoint    ] Safepoint "Cleanup", Time since last: 1000266709 ns, Reaching safepoint: 78450 ns, At safepoint: 6952 ns, Total: 85402 ns
[2020-09-11T13:12:47.585+0000][1][safepoint    ] Safepoint "Cleanup", Time since last: 1000177235 ns, Reaching safepoint: 172178 ns, At safepoint: 16675 ns, Total: 188853 ns
[2020-09-11T13:12:48.586+0000][1][safepoint    ] Safepoint "Cleanup", Time since last: 1000221195 ns, Reaching safepoint: 204260 ns, At safepoint: 21676 ns, Total: 225936 ns
[2020-09-11T13:12:49.586+0000][1][safepoint    ] Safepoint "Cleanup", Time since last: 1000221678 ns, Reaching safepoint: 143697 ns, At safepoint: 18339 ns, Total: 162036 ns
[2020-09-11T13:12:50.587+0000][1][safepoint    ] Safepoint "Cleanup", Time since last: 1000227696 ns, Reaching safepoint: 146941 ns, At safepoint: 17367 ns, Total: 164308 ns
[2020-09-11T13:12:51.587+0000][1][safepoint    ] Safepoint "Cleanup", Time since last: 1000221931 ns, Reaching safepoint: 108984 ns, At safepoint: 7273 ns, Total: 116257 ns
[2020-09-11T13:12:52.492+0000][1][safepoint    ] Safepoint "RevokeBias", Time since last: 904550011 ns, Reaching safepoint: 208004 ns, At safepoint: 22120 ns, Total: 230124 ns
[2020-09-11T13:12:53.492+0000][1][safepoint    ] Safepoint "Cleanup", Time since last: 1000216062 ns, Reaching safepoint: 152394 ns, At safepoint: 17333 ns, Total: 169727 ns
[2020-09-11T13:12:54.492+0000][1][safepoint    ] Safepoint "Cleanup", Time since last: 1000201335 ns, Reaching safepoint: 143526 ns, At safepoint: 17287 ns, Total: 160813 ns
[2020-09-11T13:12:55.493+0000][1][safepoint    ] Safepoint "Cleanup", Time since last: 1000217942 ns, Reaching safepoint: 99561 ns, At safepoint: 7246 ns, Total: 106807 ns
[2020-09-11T13:12:56.493+0000][1][safepoint    ] Safepoint "Cleanup", Time since last: 1000139759 ns, Reaching safepoint: 121876 ns, At safepoint: 8202 ns, Total: 130078 ns
[2020-09-11T13:12:57.493+0000][1][safepoint    ] Safepoint "Cleanup", Time since last: 1000187708 ns, Reaching safepoint: 144803 ns, At safepoint: 18372 ns, Total: 163175 ns
[2020-09-11T13:12:58.494+0000][1][safepoint    ] Safepoint "Cleanup", Time since last: 1000219227 ns, Reaching safepoint: 102084 ns, At safepoint: 7741 ns, Total: 109825 ns
[2020-09-11T13:13:00.494+0000][1][safepoint    ] Safepoint "Cleanup", Time since last: 2000329113 ns, Reaching safepoint: 110999 ns, At safepoint: 7418 ns, Total: 118417 ns
[2020-09-11T13:13:01.494+0000][1][safepoint    ] Safepoint "Cleanup", Time since last: 1000169279 ns, Reaching safepoint: 132115 ns, At safepoint: 6209 ns, Total: 138324 ns
[2020-09-11T13:13:02.495+0000][1][safepoint    ] Safepoint "Cleanup", Time since last: 1000182730 ns, Reaching safepoint: 108268 ns, At safepoint: 7231 ns, Total: 115499 ns
[2020-09-11T13:13:03.495+0000][1][safepoint    ] Safepoint "Cleanup", Time since last: 1000183949 ns, Reaching safepoint: 152323 ns, At safepoint: 17547 ns, Total: 169870 ns
[2020-09-11T13:13:04.495+0000][1][safepoint    ] Safepoint "Cleanup", Time since last: 1000219157 ns, Reaching safepoint: 166179 ns, At safepoint: 16327 ns, Total: 182506 ns
[2020-09-11T13:13:06.496+0000][1][safepoint    ] Safepoint "Cleanup", Time since last: 2000345786 ns, Reaching safepoint: 120696 ns, At safepoint: 7613 ns, Total: 128309 ns
[2020-09-11T13:13:07.496+0000][1][safepoint    ] Safepoint "Cleanup", Time since last: 1000188635 ns, Reaching safepoint: 103460 ns, At safepoint: 7363 ns, Total: 110823 ns
[2020-09-11T13:13:09.497+0000][1][safepoint    ] Safepoint "Cleanup", Time since last: 2000319666 ns, Reaching safepoint: 104767 ns, At safepoint: 7763 ns, Total: 112530 ns
[2020-09-11T13:13:10.497+0000][1][safepoint    ] Safepoint "Cleanup", Time since last: 1000200052 ns, Reaching safepoint: 102579 ns, At safepoint: 7715 ns, Total: 110294 ns
[2020-09-11T13:13:11.497+0000][1][safepoint    ] Safepoint "Cleanup", Time since last: 1000209842 ns, Reaching safepoint: 102917 ns, At safepoint: 7446 ns, Total: 110363 ns
[2020-09-11T13:13:13.498+0000][1][safepoint    ] Safepoint "Cleanup", Time since last: 2000334067 ns, Reaching safepoint: 106935 ns, At safepoint: 7291 ns, Total: 114226 ns
[2020-09-11T13:13:16.498+0000][1][safepoint    ] Safepoint "Cleanup", Time since last: 3000488191 ns, Reaching safepoint: 105097 ns, At safepoint: 7983 ns, Total: 113080 ns
[2020-09-11T13:13:17.499+0000][1][safepoint    ] Safepoint "Cleanup", Time since last: 1000173263 ns, Reaching safepoint: 163733 ns, At safepoint: 21345 ns, Total: 185078 ns
[2020-09-11T13:13:18.499+0000][1][safepoint    ] Safepoint "Cleanup", Time since last: 1000217513 ns, Reaching safepoint: 149450 ns, At safepoint: 18309 ns, Total: 167759 ns
[2020-09-11T13:13:19.500+0000][1][safepoint    ] Safepoint "Cleanup", Time since last: 1000187454 ns, Reaching safepoint: 190260 ns, At safepoint: 17660 ns, Total: 207920 ns
[2020-09-11T13:13:20.500+0000][1][safepoint    ] Safepoint "Cleanup", Time since last: 1000225153 ns, Reaching safepoint: 156156 ns, At safepoint: 18509 ns, Total: 174665 ns
[2020-09-11T13:13:21.500+0000][1][safepoint    ] Safepoint "Cleanup", Time since last: 1000236466 ns, Reaching safepoint: 107713 ns, At safepoint: 7573 ns, Total: 115286 ns
[2020-09-11T13:13:23.501+0000][1][safepoint    ] Safepoint "Cleanup", Time since last: 2000255027 ns, Reaching safepoint: 166282 ns, At safepoint: 18024 ns, Total: 184306 ns
[2020-09-11T13:13:24.501+0000][1][safepoint    ] Safepoint "Cleanup", Time since last: 1000261096 ns, Reaching safepoint: 151221 ns, At safepoint: 18686 ns, Total: 169907 ns
[2020-09-11T13:13:26.502+0000][1][safepoint    ] Safepoint "Cleanup", Time since last: 2000398739 ns, Reaching safepoint: 146994 ns, At safepoint: 18475 ns, Total: 165469 ns
[2020-09-11T13:13:28.502+0000][1][safepoint    ] Safepoint "Cleanup", Time since last: 2000373652 ns, Reaching safepoint: 125178 ns, At safepoint: 7965 ns, Total: 133143 ns
[2020-09-11T13:13:29.503+0000][1][safepoint    ] Safepoint "Cleanup", Time since last: 1000150673 ns, Reaching safepoint: 145237 ns, At safepoint: 19144 ns, Total: 164381 ns
[2020-09-11T13:13:30.503+0000][1][safepoint    ] Safepoint "Cleanup", Time since last: 1000237749 ns, Reaching safepoint: 151815 ns, At safepoint: 34513 ns, Total: 186328 ns
[2020-09-11T13:13:31.503+0000][1][safepoint    ] Safepoint "Cleanup", Time since last: 1000203815 ns, Reaching safepoint: 153693 ns, At safepoint: 18092 ns, Total: 171785 ns
[2020-09-11T13:13:32.504+0000][1][safepoint    ] Safepoint "Cleanup", Time since last: 1000259660 ns, Reaching safepoint: 139105 ns, At safepoint: 6765 ns, Total: 145870 ns
[2020-09-11T13:13:33.504+0000][1][safepoint    ] Safepoint "Cleanup", Time since last: 1000228401 ns, Reaching safepoint: 212308 ns, At safepoint: 21018 ns, Total: 233326 ns
[2020-09-11T13:13:34.505+0000][1][safepoint    ] Safepoint "Cleanup", Time since last: 1000194618 ns, Reaching safepoint: 153519 ns, At safepoint: 17794 ns, Total: 171313 ns
[2020-09-11T13:13:35.505+0000][1][safepoint    ] Safepoint "Cleanup", Time since last: 1000224610 ns, Reaching safepoint: 108978 ns, At safepoint: 7436 ns, Total: 116414 ns
[2020-09-11T13:13:36.505+0000][1][safepoint    ] Safepoint "Cleanup", Time since last: 1000175285 ns, Reaching safepoint: 113796 ns, At safepoint: 7804 ns, Total: 121600 ns
[2020-09-11T13:13:37.505+0000][1][safepoint    ] Safepoint "Cleanup", Time since last: 1000147179 ns, Reaching safepoint: 125987 ns, At safepoint: 6688 ns, Total: 132675 ns
[2020-09-11T13:13:38.506+0000][1][safepoint    ] Safepoint "Cleanup", Time since last: 1000200530 ns, Reaching safepoint: 154492 ns, At safepoint: 16745 ns, Total: 171237 ns
[2020-09-11T13:13:39.506+0000][1][safepoint    ] Safepoint "Cleanup", Time since last: 1000247571 ns, Reaching safepoint: 110080 ns, At safepoint: 7411 ns, Total: 117491 ns
[2020-09-11T13:13:40.507+0000][1][safepoint    ] Safepoint "Cleanup", Time since last: 1000174165 ns, Reaching safepoint: 149801 ns, At safepoint: 18168 ns, Total: 167969 ns
[2020-09-11T13:13:41.507+0000][1][safepoint    ] Safepoint "Cleanup", Time since last: 1000189786 ns, Reaching safepoint: 197634 ns, At safepoint: 17761 ns, Total: 215395 ns
[2020-09-11T13:13:42.507+0000][1][safepoint    ] Safepoint "Cleanup", Time since last: 1000235634 ns, Reaching safepoint: 121747 ns, At safepoint: 16276 ns, Total: 138023 ns
[2020-09-11T13:13:43.508+0000][1][safepoint    ] Safepoint "Cleanup", Time since last: 1000177820 ns, Reaching safepoint: 138168 ns, At safepoint: 17600 ns, Total: 155768 ns
[2020-09-11T13:13:44.508+0000][1][safepoint    ] Safepoint "Cleanup", Time since last: 1000217342 ns, Reaching safepoint: 154060 ns, At safepoint: 18018 ns, Total: 172078 ns
[2020-09-11T13:13:45.508+0000][1][safepoint    ] Safepoint "Cleanup", Time since last: 1000226672 ns, Reaching safepoint: 107887 ns, At safepoint: 7625 ns, Total: 115512 ns
[2020-09-11T13:13:46.509+0000][1][safepoint    ] Safepoint "Cleanup", Time since last: 1000179921 ns, Reaching safepoint: 158050 ns, At safepoint: 18205 ns, Total: 176255 ns
[2020-09-11T13:13:47.509+0000][1][safepoint    ] Safepoint "Cleanup", Time since last: 1000228118 ns, Reaching safepoint: 146026 ns, At safepoint: 17727 ns, Total: 163753 ns
[2020-09-11T13:13:48.510+0000][1][safepoint    ] Safepoint "Cleanup", Time since last: 1000213189 ns, Reaching safepoint: 153706 ns, At safepoint: 17834 ns, Total: 171540 ns
[2020-09-11T13:13:49.510+0000][1][safepoint    ] Safepoint "Cleanup", Time since last: 1000194072 ns, Reaching safepoint: 151315 ns, At safepoint: 17433 ns, Total: 168748 ns
[2020-09-11T13:13:50.510+0000][1][safepoint    ] Safepoint "Cleanup", Time since last: 1000181588 ns, Reaching safepoint: 143506 ns, At safepoint: 17026 ns, Total: 160532 ns
[2020-09-11T13:13:51.511+0000][1][safepoint    ] Safepoint "Cleanup", Time since last: 1000235465 ns, Reaching safepoint: 211629 ns, At safepoint: 17901 ns, Total: 229530 ns
[2020-09-11T13:13:52.511+0000][1][safepoint    ] Safepoint "Cleanup", Time since last: 1000219153 ns, Reaching safepoint: 105172 ns, At safepoint: 7518 ns, Total: 112690 ns
[2020-09-11T13:13:53.511+0000][1][safepoint    ] Safepoint "Cleanup", Time since last: 1000198796 ns, Reaching safepoint: 100988 ns, At safepoint: 7197 ns, Total: 108185 ns
[2020-09-11T13:13:54.512+0000][1][safepoint    ] Safepoint "Cleanup", Time since last: 1000180189 ns, Reaching safepoint: 108751 ns, At safepoint: 7653 ns, Total: 116404 ns
[2020-09-11T13:13:55.512+0000][1][safepoint    ] Safepoint "Cleanup", Time since last: 1000183283 ns, Reaching safepoint: 105148 ns, At safepoint: 7142 ns, Total: 112290 ns
[2020-09-11T13:13:56.512+0000][1][safepoint    ] Safepoint "Cleanup", Time since last: 1000183083 ns, Reaching safepoint: 100389 ns, At safepoint: 7177 ns, Total: 107566 ns
[2020-09-11T13:13:57.513+0000][1][safepoint    ] Safepoint "Cleanup", Time since last: 1000180141 ns, Reaching safepoint: 102632 ns, At safepoint: 7723 ns, Total: 110355 ns
[2020-09-11T13:13:58.513+0000][1][safepoint    ] Safepoint "Cleanup", Time since last: 1000178468 ns, Reaching safepoint: 158377 ns, At safepoint: 19087 ns, Total: 177464 ns
[2020-09-11T13:13:59.513+0000][1][safepoint    ] Safepoint "Cleanup", Time since last: 1000229322 ns, Reaching safepoint: 149623 ns, At safepoint: 18653 ns, Total: 168276 ns
[2020-09-11T13:13:59.841+0000][1][gc,start     ] GC(69) Pause Young (Allocation Failure)
[2020-09-11T13:13:59.841+0000][1][gc,task      ] GC(69) Using 1 workers of 1 for evacuation
[2020-09-11T13:13:59.863+0000][1][gc,age       ] GC(69) Desired survivor size 4358144 bytes, new threshold 6 (max threshold 6)
[2020-09-11T13:13:59.863+0000][1][gc,age       ] GC(69) Age table with threshold 6 (max threshold 6)
[2020-09-11T13:13:59.863+0000][1][gc,age       ] GC(69) - age   1:      42424 bytes,      42424 total
[2020-09-11T13:13:59.863+0000][1][gc,age       ] GC(69) - age   2:     318336 bytes,     360760 total
[2020-09-11T13:13:59.863+0000][1][gc,age       ] GC(69) - age   3:    1622776 bytes,    1983536 total
[2020-09-11T13:13:59.863+0000][1][gc,age       ] GC(69) - age   4:    1365272 bytes,    3348808 total
[2020-09-11T13:13:59.863+0000][1][gc,heap      ] GC(69) ParNew: 72067K->3417K(76672K)
[2020-09-11T13:13:59.863+0000][1][gc,heap      ] GC(69) CMS: 97081K->97081K(2011968K)
[2020-09-11T13:13:59.863+0000][1][gc,metaspace ] GC(69) Metaspace: 81527K->81527K(1124352K)
[2020-09-11T13:13:59.863+0000][1][gc           ] GC(69) Pause Young (Allocation Failure) 165M->98M(2039M) 22.691ms
[2020-09-11T13:13:59.863+0000][1][gc,cpu       ] GC(69) User=0.02s Sys=0.00s Real=0.02s
[2020-09-11T13:13:59.863+0000][1][safepoint    ] Safepoint "GenCollectForAllocation", Time since last: 327057569 ns, Reaching safepoint: 248624 ns, At safepoint: 22775882 ns, Total: 23024506 ns
[2020-09-11T13:14:00.868+0000][1][safepoint    ] Safepoint "Cleanup", Time since last: 1004146991 ns, Reaching safepoint: 120620 ns, At safepoint: 19995 ns, Total: 140615 ns
[2020-09-11T13:14:01.868+0000][1][safepoint    ] Safepoint "Cleanup", Time since last: 1000172037 ns, Reaching safepoint: 108956 ns, At safepoint: 16998 ns, Total: 125954 ns
[2020-09-11T13:14:02.868+0000][1][safepoint    ] Safepoint "Cleanup", Time since last: 1000165563 ns, Reaching safepoint: 111986 ns, At safepoint: 7020 ns, Total: 119006 ns
[2020-09-11T13:14:03.869+0000][1][safepoint    ] Safepoint "Cleanup", Time since last: 1000173924 ns, Reaching safepoint: 111773 ns, At safepoint: 6651 ns, Total: 118424 ns
[2020-09-11T13:14:04.869+0000][1][safepoint    ] Safepoint "Cleanup", Time since last: 1000134548 ns, Reaching safepoint: 222501 ns, At safepoint: 17707 ns, Total: 240208 ns
[2020-09-11T13:14:05.869+0000][1][safepoint    ] Safepoint "Cleanup", Time since last: 1000209032 ns, Reaching safepoint: 134345 ns, At safepoint: 16441 ns, Total: 150786 ns
[2020-09-11T13:14:06.870+0000][1][safepoint    ] Safepoint "Cleanup", Time since last: 1000213171 ns, Reaching safepoint: 144325 ns, At safepoint: 17760 ns, Total: 162085 ns
[2020-09-11T13:14:07.870+0000][1][safepoint    ] Safepoint "Cleanup", Time since last: 1000222304 ns, Reaching safepoint: 107917 ns, At safepoint: 6825 ns, Total: 114742 ns
[2020-09-11T13:14:08.870+0000][1][safepoint    ] Safepoint "Cleanup", Time since last: 1000137708 ns, Reaching safepoint: 118627 ns, At safepoint: 7570 ns, Total: 126197 ns
[2020-09-11T13:14:09.871+0000][1][safepoint    ] Safepoint "Cleanup", Time since last: 1000170470 ns, Reaching safepoint: 143863 ns, At safepoint: 16067 ns, Total: 159930 ns
[2020-09-11T13:14:10.872+0000][1][safepoint    ] Safepoint "Cleanup", Time since last: 1001099305 ns, Reaching safepoint: 131315 ns, At safepoint: 15886 ns, Total: 147201 ns
[2020-09-11T13:14:11.872+0000][1][safepoint    ] Safepoint "Cleanup", Time since last: 1000206250 ns, Reaching safepoint: 166773 ns, At safepoint: 16852 ns, Total: 183625 ns
[2020-09-11T13:14:12.872+0000][1][safepoint    ] Safepoint "Cleanup", Time since last: 1000180063 ns, Reaching safepoint: 104357 ns, At safepoint: 7714 ns, Total: 112071 ns
[2020-09-11T13:14:13.873+0000][1][safepoint    ] Safepoint "Cleanup", Time since last: 1000107771 ns, Reaching safepoint: 94912 ns, At safepoint: 7337 ns, Total: 102249 ns
[2020-09-11T13:14:14.873+0000][1][safepoint    ] Safepoint "Cleanup", Time since last: 1000107299 ns, Reaching safepoint: 74633 ns, At safepoint: 8394 ns, Total: 83027 ns
[2020-09-11T13:14:15.873+0000][1][safepoint    ] Safepoint "Cleanup", Time since last: 1000110950 ns, Reaching safepoint: 83947 ns, At safepoint: 8901 ns, Total: 92848 ns
[2020-09-11T13:14:16.873+0000][1][safepoint    ] Safepoint "Cleanup", Time since last: 1000115527 ns, Reaching safepoint: 77157 ns, At safepoint: 8468 ns, Total: 85625 ns
[2020-09-11T13:14:17.873+0000][1][safepoint    ] Safepoint "Cleanup", Time since last: 1000117334 ns, Reaching safepoint: 76651 ns, At safepoint: 7681 ns, Total: 84332 ns
[2020-09-11T13:14:18.874+0000][1][safepoint    ] Safepoint "Cleanup", Time since last: 1000127057 ns, Reaching safepoint: 74454 ns, At safepoint: 7710 ns, Total: 82164 ns
[2020-09-11T13:14:19.876+0000][1][safepoint    ] Safepoint "Cleanup", Time since last: 1001875820 ns, Reaching safepoint: 76404 ns, At safepoint: 7567 ns, Total: 83971 ns
[2020-09-11T13:14:20.876+0000][1][safepoint    ] Safepoint "Cleanup", Time since last: 1000106734 ns, Reaching safepoint: 237759 ns, At safepoint: 10452 ns, Total: 248211 ns
[2020-09-11T13:14:21.876+0000][1][safepoint    ] Safepoint "Cleanup", Time since last: 1000110826 ns, Reaching safepoint: 74334 ns, At safepoint: 7866 ns, Total: 82200 ns
[2020-09-11T13:14:22.876+0000][1][safepoint    ] Safepoint "Cleanup", Time since last: 1000111342 ns, Reaching safepoint: 79525 ns, At safepoint: 8000 ns, Total: 87525 ns
[2020-09-11T13:14:23.877+0000][1][safepoint    ] Safepoint "Cleanup", Time since last: 1000088719 ns, Reaching safepoint: 82472 ns, At safepoint: 7773 ns, Total: 90245 ns
[2020-09-11T13:14:24.877+0000][1][safepoint    ] Safepoint "Cleanup", Time since last: 1000103275 ns, Reaching safepoint: 74018 ns, At safepoint: 8743 ns, Total: 82761 ns
[2020-09-11T13:14:25.877+0000][1][safepoint    ] Safepoint "Cleanup", Time since last: 1000116924 ns, Reaching safepoint: 228741 ns, At safepoint: 10763 ns, Total: 239504 ns
[2020-09-11T13:14:26.877+0000][1][safepoint    ] Safepoint "Cleanup", Time since last: 1000110938 ns, Reaching safepoint: 77621 ns, At safepoint: 7274 ns, Total: 84895 ns
[2020-09-11T13:14:27.877+0000][1][safepoint    ] Safepoint "Cleanup", Time since last: 1000110662 ns, Reaching safepoint: 65793 ns, At safepoint: 5714 ns, Total: 71507 ns
[2020-09-11T13:14:28.878+0000][1][safepoint    ] Safepoint "Cleanup", Time since last: 1000099486 ns, Reaching safepoint: 76746 ns, At safepoint: 7587 ns, Total: 84333 ns
[2020-09-11T13:14:29.878+0000][1][safepoint    ] Safepoint "Cleanup", Time since last: 1000113764 ns, Reaching safepoint: 74273 ns, At safepoint: 6528 ns, Total: 80801 ns
[2020-09-11T13:14:30.878+0000][1][safepoint    ] Safepoint "Cleanup", Time since last: 1000114033 ns, Reaching safepoint: 93190 ns, At safepoint: 8382 ns, Total: 101572 ns
[2020-09-11T13:14:31.878+0000][1][safepoint    ] Safepoint "Cleanup", Time since last: 1000102652 ns, Reaching safepoint: 80391 ns, At safepoint: 6343 ns, Total: 86734 ns
[2020-09-11T13:14:32.878+0000][1][safepoint    ] Safepoint "Cleanup", Time since last: 1000124599 ns, Reaching safepoint: 78569 ns, At safepoint: 7645 ns, Total: 86214 ns
[2020-09-11T13:14:33.879+0000][1][safepoint    ] Safepoint "Cleanup", Time since last: 1000122240 ns, Reaching safepoint: 80217 ns, At safepoint: 6568 ns, Total: 86785 ns
[2020-09-11T13:14:34.879+0000][1][safepoint    ] Safepoint "Cleanup", Time since last: 1000113725 ns, Reaching safepoint: 74625 ns, At safepoint: 8460 ns, Total: 83085 ns
[2020-09-11T13:14:35.879+0000][1][safepoint    ] Safepoint "Cleanup", Time since last: 1000114191 ns, Reaching safepoint: 78095 ns, At safepoint: 7220 ns, Total: 85315 ns
[2020-09-11T13:14:36.879+0000][1][safepoint    ] Safepoint "Cleanup", Time since last: 1000129804 ns, Reaching safepoint: 80890 ns, At safepoint: 7157 ns, Total: 88047 ns
[2020-09-11T13:14:37.880+0000][1][safepoint    ] Safepoint "Cleanup", Time since last: 1000121254 ns, Reaching safepoint: 86476 ns, At safepoint: 7849 ns, Total: 94325 ns
[2020-09-11T13:14:38.880+0000][1][safepoint    ] Safepoint "Cleanup", Time since last: 1000116807 ns, Reaching safepoint: 77742 ns, At safepoint: 7135 ns, Total: 84877 ns
[2020-09-11T13:14:39.880+0000][1][safepoint    ] Safepoint "Cleanup", Time since last: 1000110074 ns, Reaching safepoint: 71556 ns, At safepoint: 6933 ns, Total: 78489 ns
[2020-09-11T13:14:40.880+0000][1][safepoint    ] Safepoint "Cleanup", Time since last: 1000110233 ns, Reaching safepoint: 73880 ns, At safepoint: 8296 ns, Total: 82176 ns
[2020-09-11T13:14:41.880+0000][1][safepoint    ] Safepoint "Cleanup", Time since last: 1000111893 ns, Reaching safepoint: 76801 ns, At safepoint: 7553 ns, Total: 84354 ns
[2020-09-11T13:14:42.881+0000][1][safepoint    ] Safepoint "Cleanup", Time since last: 1000113210 ns, Reaching safepoint: 82280 ns, At safepoint: 8846 ns, Total: 91126 ns
[2020-09-11T13:14:43.881+0000][1][safepoint    ] Safepoint "Cleanup", Time since last: 1000103580 ns, Reaching safepoint: 73779 ns, At safepoint: 9432 ns, Total: 83211 ns
[2020-09-11T13:14:44.881+0000][1][safepoint    ] Safepoint "Cleanup", Time since last: 1000111465 ns, Reaching safepoint: 96523 ns, At safepoint: 7097 ns, Total: 103620 ns
[2020-09-11T13:14:45.881+0000][1][safepoint    ] Safepoint "Cleanup", Time since last: 1000111315 ns, Reaching safepoint: 75530 ns, At safepoint: 7102 ns, Total: 82632 ns
[2020-09-11T13:14:46.881+0000][1][safepoint    ] Safepoint "Cleanup", Time since last: 1000109621 ns, Reaching safepoint: 74520 ns, At safepoint: 9203 ns, Total: 83723 ns
[2020-09-11T13:14:47.882+0000][1][safepoint    ] Safepoint "Cleanup", Time since last: 1000121488 ns, Reaching safepoint: 74486 ns, At safepoint: 6794 ns, Total: 81280 ns
[2020-09-11T13:14:48.882+0000][1][safepoint    ] Safepoint "Cleanup", Time since last: 1000107963 ns, Reaching safepoint: 76380 ns, At safepoint: 7640 ns, Total: 84020 ns
[2020-09-11T13:14:49.882+0000][1][safepoint    ] Safepoint "Cleanup", Time since last: 1000116321 ns, Reaching safepoint: 74792 ns, At safepoint: 8529 ns, Total: 83321 ns
[2020-09-11T13:14:50.882+0000][1][safepoint    ] Safepoint "Cleanup", Time since last: 1000115776 ns, Reaching safepoint: 71013 ns, At safepoint: 6988 ns, Total: 78001 ns
[2020-09-11T13:14:51.882+0000][1][safepoint    ] Safepoint "Cleanup", Time since last: 1000111266 ns, Reaching safepoint: 74513 ns, At safepoint: 6786 ns, Total: 81299 ns
[2020-09-11T13:14:52.882+0000][1][safepoint    ] Safepoint "Cleanup", Time since last: 1000107650 ns, Reaching safepoint: 69986 ns, At safepoint: 6422 ns, Total: 76408 ns
[2020-09-11T13:14:53.883+0000][1][safepoint    ] Safepoint "Cleanup", Time since last: 1000107745 ns, Reaching safepoint: 75293 ns, At safepoint: 6714 ns, Total: 82007 ns
[2020-09-11T13:14:54.883+0000][1][safepoint    ] Safepoint "Cleanup", Time since last: 1000160079 ns, Reaching safepoint: 93653 ns, At safepoint: 7395 ns, Total: 101048 ns
[2020-09-11T13:14:55.883+0000][1][safepoint    ] Safepoint "Cleanup", Time since last: 1000203077 ns, Reaching safepoint: 102754 ns, At safepoint: 6983 ns, Total: 109737 ns
[2020-09-11T13:14:56.884+0000][1][safepoint    ] Safepoint "Cleanup", Time since last: 1000205335 ns, Reaching safepoint: 116108 ns, At safepoint: 7805 ns, Total: 123913 ns
[2020-09-11T13:14:57.884+0000][1][safepoint    ] Safepoint "Cleanup", Time since last: 1000154106 ns, Reaching safepoint: 96310 ns, At safepoint: 9277 ns, Total: 105587 ns
[2020-09-11T13:14:58.884+0000][1][safepoint    ] Safepoint "Cleanup", Time since last: 1000209994 ns, Reaching safepoint: 104813 ns, At safepoint: 7008 ns, Total: 111821 ns
[2020-09-11T13:14:59.884+0000][1][safepoint    ] Safepoint "Cleanup", Time since last: 1000190015 ns, Reaching safepoint: 146607 ns, At safepoint: 18288 ns, Total: 164895 ns
[2020-09-11T13:15:00.885+0000][1][safepoint    ] Safepoint "Cleanup", Time since last: 1000218911 ns, Reaching safepoint: 108441 ns, At safepoint: 7807 ns, Total: 116248 ns
[2020-09-11T13:15:01.885+0000][1][safepoint    ] Safepoint "Cleanup", Time since last: 1000162899 ns, Reaching safepoint: 148137 ns, At safepoint: 18436 ns, Total: 166573 ns
[2020-09-11T13:15:05.886+0000][1][safepoint    ] Safepoint "Cleanup", Time since last: 4000724368 ns, Reaching safepoint: 153546 ns, At safepoint: 16752 ns, Total: 170298 ns
[2020-09-11T13:15:07.609+0000][1][safepoint    ] Safepoint "RevokeBias", Time since last: 1722919217 ns, Reaching safepoint: 70187 ns, At safepoint: 20499 ns, Total: 90686 ns
[2020-09-11T13:15:07.613+0000][1][safepoint    ] Safepoint "Deoptimize", Time since last: 3201875 ns, Reaching safepoint: 158621 ns, At safepoint: 658228 ns, Total: 816849 ns
[2020-09-11T13:15:08.613+0000][1][safepoint    ] Safepoint "Cleanup", Time since last: 1000190771 ns, Reaching safepoint: 110112 ns, At safepoint: 7610 ns, Total: 117722 ns
[2020-09-11T13:15:09.614+0000][1][safepoint    ] Safepoint "Cleanup", Time since last: 1000215823 ns, Reaching safepoint: 100736 ns, At safepoint: 7601 ns, Total: 108337 ns
[2020-09-11T13:15:12.614+0000][1][safepoint    ] Safepoint "Cleanup", Time since last: 3000461219 ns, Reaching safepoint: 106894 ns, At safepoint: 6641 ns, Total: 113535 ns
[2020-09-11T13:15:13.615+0000][1][safepoint    ] Safepoint "Cleanup", Time since last: 1000166692 ns, Reaching safepoint: 103970 ns, At safepoint: 6685 ns, Total: 110655 ns
[2020-09-11T13:15:14.983+0000][1][gc,start     ] GC(70) Pause Young (Allocation Failure)
[2020-09-11T13:15:14.983+0000][1][gc,task      ] GC(70) Using 1 workers of 1 for evacuation
[2020-09-11T13:15:15.003+0000][1][gc,age       ] GC(70) Desired survivor size 4358144 bytes, new threshold 6 (max threshold 6)
[2020-09-11T13:15:15.004+0000][1][gc,age       ] GC(70) Age table with threshold 6 (max threshold 6)
[2020-09-11T13:15:15.004+0000][1][gc,age       ] GC(70) - age   1:      24888 bytes,      24888 total
[2020-09-11T13:15:15.004+0000][1][gc,age       ] GC(70) - age   2:      30608 bytes,      55496 total
[2020-09-11T13:15:15.004+0000][1][gc,age       ] GC(70) - age   3:     309880 bytes,     365376 total
[2020-09-11T13:15:15.004+0000][1][gc,age       ] GC(70) - age   4:    1622776 bytes,    1988152 total
[2020-09-11T13:15:15.004+0000][1][gc,age       ] GC(70) - age   5:    1365272 bytes,    3353424 total
[2020-09-11T13:15:15.004+0000][1][gc,heap      ] GC(70) ParNew: 71577K->3307K(76672K)
[2020-09-11T13:15:15.004+0000][1][gc,heap      ] GC(70) CMS: 97081K->97081K(2011968K)
[2020-09-11T13:15:15.004+0000][1][gc,metaspace ] GC(70) Metaspace: 81847K->81847K(1124352K)
[2020-09-11T13:15:15.004+0000][1][gc           ] GC(70) Pause Young (Allocation Failure) 164M->98M(2039M) 20.808ms
[2020-09-11T13:15:15.004+0000][1][gc,cpu       ] GC(70) User=0.02s Sys=0.00s Real=0.03s
[2020-09-11T13:15:15.004+0000][1][safepoint    ] Safepoint "GenCollectForAllocation", Time since last: 1368047250 ns, Reaching safepoint: 189253 ns, At safepoint: 20879263 ns, Total: 21068516 ns
[2020-09-11T13:15:16.005+0000][1][safepoint    ] Safepoint "Cleanup", Time since last: 1001605218 ns, Reaching safepoint: 70148 ns, At safepoint: 5966 ns, Total: 76114 ns
[2020-09-11T13:15:18.007+0000][1][safepoint    ] Safepoint "Cleanup", Time since last: 2001309108 ns, Reaching safepoint: 145665 ns, At safepoint: 17981 ns, Total: 163646 ns
[2020-09-11T13:15:24.008+0000][1][safepoint    ] Safepoint "Cleanup", Time since last: 6000874378 ns, Reaching safepoint: 149236 ns, At safepoint: 18874 ns, Total: 168110 ns
[2020-09-11T13:15:26.008+0000][1][safepoint    ] Safepoint "Cleanup", Time since last: 2000344232 ns, Reaching safepoint: 142657 ns, At safepoint: 7386 ns, Total: 150043 ns
[2020-09-11T13:15:29.009+0000][1][safepoint    ] Safepoint "Cleanup", Time since last: 3000400442 ns, Reaching safepoint: 155239 ns, At safepoint: 16979 ns, Total: 172218 ns
[2020-09-11T13:15:31.241+0000][1][safepoint    ] Safepoint "RevokeBias", Time since last: 2232198284 ns, Reaching safepoint: 233019 ns, At safepoint: 10466 ns, Total: 243485 ns
[2020-09-11T13:15:31.261+0000][1][safepoint    ] Safepoint "RevokeBias", Time since last: 19513898 ns, Reaching safepoint: 168771 ns, At safepoint: 178362 ns, Total: 347133 ns
[2020-09-11T13:15:31.271+0000][1][safepoint    ] Safepoint "RevokeBias", Time since last: 7193903 ns, Reaching safepoint: 2199261 ns, At safepoint: 56848 ns, Total: 2256109 ns
[2020-09-11T13:15:31.296+0000][1][safepoint    ] Safepoint "RevokeBias", Time since last: 24715673 ns, Reaching safepoint: 167090 ns, At safepoint: 9330 ns, Total: 176420 ns
[2020-09-11T13:15:31.376+0000][1][safepoint    ] Safepoint "RevokeBias", Time since last: 79829004 ns, Reaching safepoint: 120272 ns, At safepoint: 9592 ns, Total: 129864 ns
[2020-09-11T13:15:31.376+0000][1][safepoint    ] Safepoint "RevokeBias", Time since last: 486647 ns, Reaching safepoint: 260667 ns, At safepoint: 8115 ns, Total: 268782 ns
[2020-09-11T13:15:31.377+0000][1][safepoint    ] Safepoint "BulkRevokeBias", Time since last: 297258 ns, Reaching safepoint: 110887 ns, At safepoint: 201645 ns, Total: 312532 ns
[2020-09-11T13:15:32.377+0000][1][safepoint    ] Safepoint "Cleanup", Time since last: 1000358930 ns, Reaching safepoint: 88378 ns, At safepoint: 7334 ns, Total: 95712 ns
[2020-09-11T13:15:33.378+0000][1][safepoint    ] Safepoint "Cleanup", Time since last: 1000188182 ns, Reaching safepoint: 91738 ns, At safepoint: 6058 ns, Total: 97796 ns
[2020-09-11T13:15:34.378+0000][1][safepoint    ] Safepoint "Cleanup", Time since last: 1000127252 ns, Reaching safepoint: 79405 ns, At safepoint: 6888 ns, Total: 86293 ns
[2020-09-11T13:15:35.378+0000][1][safepoint    ] Safepoint "Cleanup", Time since last: 1000177207 ns, Reaching safepoint: 95971 ns, At safepoint: 7174 ns, Total: 103145 ns
[2020-09-11T13:15:36.378+0000][1][safepoint    ] Safepoint "Cleanup", Time since last: 1000162975 ns, Reaching safepoint: 96690 ns, At safepoint: 6803 ns, Total: 103493 ns
[2020-09-11T13:15:37.379+0000][1][safepoint    ] Safepoint "Cleanup", Time since last: 1000166288 ns, Reaching safepoint: 93687 ns, At safepoint: 6889 ns, Total: 100576 ns
[2020-09-11T13:15:38.379+0000][1][safepoint    ] Safepoint "Cleanup", Time since last: 1000124423 ns, Reaching safepoint: 101306 ns, At safepoint: 6096 ns, Total: 107402 ns
[2020-09-11T13:15:39.379+0000][1][safepoint    ] Safepoint "Cleanup", Time since last: 1000142021 ns, Reaching safepoint: 105911 ns, At safepoint: 7162 ns, Total: 113073 ns
[2020-09-11T13:15:41.380+0000][1][safepoint    ] Safepoint "Cleanup", Time since last: 2000328332 ns, Reaching safepoint: 109171 ns, At safepoint: 8049 ns, Total: 117220 ns
[2020-09-11T13:15:42.380+0000][1][safepoint    ] Safepoint "Cleanup", Time since last: 1000176086 ns, Reaching safepoint: 107702 ns, At safepoint: 7117 ns, Total: 114819 ns
[2020-09-11T13:15:43.380+0000][1][safepoint    ] Safepoint "Cleanup", Time since last: 1000173627 ns, Reaching safepoint: 146646 ns, At safepoint: 17370 ns, Total: 164016 ns
[2020-09-11T13:15:45.381+0000][1][safepoint    ] Safepoint "Cleanup", Time since last: 2000323826 ns, Reaching safepoint: 123256 ns, At safepoint: 17073 ns, Total: 140329 ns
[2020-09-11T13:15:46.381+0000][1][safepoint    ] Safepoint "Cleanup", Time since last: 1000190226 ns, Reaching safepoint: 176418 ns, At safepoint: 17463 ns, Total: 193881 ns
[2020-09-11T13:15:47.381+0000][1][safepoint    ] Safepoint "Cleanup", Time since last: 1000222679 ns, Reaching safepoint: 144775 ns, At safepoint: 17083 ns, Total: 161858 ns
[2020-09-11T13:15:51.382+0000][1][safepoint    ] Safepoint "Cleanup", Time since last: 4000585356 ns, Reaching safepoint: 73745 ns, At safepoint: 8116 ns, Total: 81861 ns
[2020-09-11T13:15:54.383+0000][1][safepoint    ] Safepoint "Cleanup", Time since last: 3000409382 ns, Reaching safepoint: 128752 ns, At safepoint: 16164 ns, Total: 144916 ns
[2020-09-11T13:15:55.383+0000][1][safepoint    ] Safepoint "Cleanup", Time since last: 1000181579 ns, Reaching safepoint: 96226 ns, At safepoint: 7373 ns, Total: 103599 ns
[2020-09-11T13:15:56.383+0000][1][safepoint    ] Safepoint "Cleanup", Time since last: 1000153563 ns, Reaching safepoint: 139173 ns, At safepoint: 18306 ns, Total: 157479 ns
[2020-09-11T13:15:56.972+0000][1][safepoint    ] Safepoint "RevokeBias", Time since last: 588416030 ns, Reaching safepoint: 125665 ns, At safepoint: 47843 ns, Total: 173508 ns
[2020-09-11T13:15:57.972+0000][1][safepoint    ] Safepoint "Cleanup", Time since last: 1000218345 ns, Reaching safepoint: 169977 ns, At safepoint: 18232 ns, Total: 188209 ns
[2020-09-11T13:15:58.973+0000][1][safepoint    ] Safepoint "Cleanup", Time since last: 1000229490 ns, Reaching safepoint: 98658 ns, At safepoint: 7960 ns, Total: 106618 ns
[2020-09-11T13:15:59.973+0000][1][safepoint    ] Safepoint "Cleanup", Time since last: 1000191502 ns, Reaching safepoint: 99689 ns, At safepoint: 8316 ns, Total: 108005 ns
[2020-09-11T13:16:00.973+0000][1][safepoint    ] Safepoint "Cleanup", Time since last: 1000182594 ns, Reaching safepoint: 152894 ns, At safepoint: 19836 ns, Total: 172730 ns
[2020-09-11T13:16:01.974+0000][1][safepoint    ] Safepoint "Cleanup", Time since last: 1000262400 ns, Reaching safepoint: 146914 ns, At safepoint: 18335 ns, Total: 165249 ns
[2020-09-11T13:16:02.974+0000][1][safepoint    ] Safepoint "Cleanup", Time since last: 1000244958 ns, Reaching safepoint: 101324 ns, At safepoint: 8668 ns, Total: 109992 ns
[2020-09-11T13:16:03.974+0000][1][safepoint    ] Safepoint "Cleanup", Time since last: 1000175219 ns, Reaching safepoint: 134188 ns, At safepoint: 18519 ns, Total: 152707 ns
[2020-09-11T13:16:04.691+0000][1][safepoint    ] Safepoint "RevokeBias", Time since last: 715916479 ns, Reaching safepoint: 206727 ns, At safepoint: 25143 ns, Total: 231870 ns
[2020-09-11T13:16:05.691+0000][1][safepoint    ] Safepoint "Cleanup", Time since last: 1000182604 ns, Reaching safepoint: 98375 ns, At safepoint: 7995 ns, Total: 106370 ns
[2020-09-11T13:16:06.691+0000][1][safepoint    ] Safepoint "Cleanup", Time since last: 1000184467 ns, Reaching safepoint: 141569 ns, At safepoint: 16952 ns, Total: 158521 ns
[2020-09-11T13:16:07.692+0000][1][safepoint    ] Safepoint "Cleanup", Time since last: 1000264382 ns, Reaching safepoint: 152076 ns, At safepoint: 15506 ns, Total: 167582 ns
[2020-09-11T13:16:08.692+0000][1][safepoint    ] Safepoint "Cleanup", Time since last: 1000202125 ns, Reaching safepoint: 130640 ns, At safepoint: 17237 ns, Total: 147877 ns
[2020-09-11T13:16:09.692+0000][1][safepoint    ] Safepoint "Cleanup", Time since last: 1000214844 ns, Reaching safepoint: 131031 ns, At safepoint: 98436 ns, Total: 229467 ns
[2020-09-11T13:16:10.693+0000][1][safepoint    ] Safepoint "Cleanup", Time since last: 1000209948 ns, Reaching safepoint: 96574 ns, At safepoint: 7018 ns, Total: 103592 ns
[2020-09-11T13:16:11.693+0000][1][safepoint    ] Safepoint "Cleanup", Time since last: 1000175181 ns, Reaching safepoint: 138742 ns, At safepoint: 16698 ns, Total: 155440 ns
[2020-09-11T13:16:12.693+0000][1][safepoint    ] Safepoint "Cleanup", Time since last: 1000163899 ns, Reaching safepoint: 138104 ns, At safepoint: 15843 ns, Total: 153947 ns
[2020-09-11T13:16:13.694+0000][1][safepoint    ] Safepoint "Cleanup", Time since last: 1000216167 ns, Reaching safepoint: 127950 ns, At safepoint: 16839 ns, Total: 144789 ns
[2020-09-11T13:16:14.694+0000][1][safepoint    ] Safepoint "Cleanup", Time since last: 1000209037 ns, Reaching safepoint: 134041 ns, At safepoint: 16792 ns, Total: 150833 ns
[2020-09-11T13:16:15.694+0000][1][safepoint    ] Safepoint "Cleanup", Time since last: 1000228313 ns, Reaching safepoint: 102019 ns, At safepoint: 7404 ns, Total: 109423 ns
[2020-09-11T13:16:16.695+0000][1][safepoint    ] Safepoint "Cleanup", Time since last: 1000171271 ns, Reaching safepoint: 70246 ns, At safepoint: 7489 ns, Total: 77735 ns
[2020-09-11T13:16:17.695+0000][1][safepoint    ] Safepoint "Cleanup", Time since last: 1000198664 ns, Reaching safepoint: 115416 ns, At safepoint: 7325 ns, Total: 122741 ns
[2020-09-11T13:16:18.695+0000][1][safepoint    ] Safepoint "Cleanup", Time since last: 1000137979 ns, Reaching safepoint: 125059 ns, At safepoint: 6684 ns, Total: 131743 ns
[2020-09-11T13:16:19.696+0000][1][safepoint    ] Safepoint "Cleanup", Time since last: 1000176359 ns, Reaching safepoint: 102226 ns, At safepoint: 6656 ns, Total: 108882 ns
[2020-09-11T13:16:20.696+0000][1][safepoint    ] Safepoint "Cleanup", Time since last: 1000160980 ns, Reaching safepoint: 101093 ns, At safepoint: 7017 ns, Total: 108110 ns
[2020-09-11T13:16:21.696+0000][1][safepoint    ] Safepoint "Cleanup", Time since last: 1000161686 ns, Reaching safepoint: 112197 ns, At safepoint: 6867 ns, Total: 119064 ns
[2020-09-11T13:16:22.696+0000][1][safepoint    ] Safepoint "Cleanup", Time since last: 1000162325 ns, Reaching safepoint: 118363 ns, At safepoint: 7172 ns, Total: 125535 ns
[2020-09-11T13:16:23.697+0000][1][safepoint    ] Safepoint "Cleanup", Time since last: 1000166217 ns, Reaching safepoint: 117016 ns, At safepoint: 6991 ns, Total: 124007 ns
[2020-09-11T13:16:24.697+0000][1][safepoint    ] Safepoint "Cleanup", Time since last: 1000174225 ns, Reaching safepoint: 151090 ns, At safepoint: 18108 ns, Total: 169198 ns
[2020-09-11T13:16:25.697+0000][1][safepoint    ] Safepoint "Cleanup", Time since last: 1000236011 ns, Reaching safepoint: 172455 ns, At safepoint: 18403 ns, Total: 190858 ns
[2020-09-11T13:16:26.698+0000][1][safepoint    ] Safepoint "Cleanup", Time since last: 1000198495 ns, Reaching safepoint: 94368 ns, At safepoint: 6665 ns, Total: 101033 ns
[2020-09-11T13:16:27.698+0000][1][safepoint    ] Safepoint "Cleanup", Time since last: 1000167993 ns, Reaching safepoint: 127362 ns, At safepoint: 16585 ns, Total: 143947 ns
[2020-09-11T13:16:28.696+0000][1][gc,start     ] GC(71) Pause Young (Allocation Failure)
[2020-09-11T13:16:28.696+0000][1][gc,task      ] GC(71) Using 1 workers of 1 for evacuation
[2020-09-11T13:16:28.720+0000][1][gc,age       ] GC(71) Desired survivor size 4358144 bytes, new threshold 6 (max threshold 6)
[2020-09-11T13:16:28.720+0000][1][gc,age       ] GC(71) Age table with threshold 6 (max threshold 6)
[2020-09-11T13:16:28.720+0000][1][gc,age       ] GC(71) - age   1:     229664 bytes,     229664 total
[2020-09-11T13:16:28.720+0000][1][gc,age       ] GC(71) - age   2:      15400 bytes,     245064 total
[2020-09-11T13:16:28.720+0000][1][gc,age       ] GC(71) - age   3:      26464 bytes,     271528 total
[2020-09-11T13:16:28.720+0000][1][gc,age       ] GC(71) - age   4:     251416 bytes,     522944 total
[2020-09-11T13:16:28.720+0000][1][gc,age       ] GC(71) - age   5:    1613240 bytes,    2136184 total
[2020-09-11T13:16:28.720+0000][1][gc,age       ] GC(71) - age   6:    1365080 bytes,    3501264 total
[2020-09-11T13:16:28.720+0000][1][gc,heap      ] GC(71) ParNew: 71467K->6565K(76672K)
[2020-09-11T13:16:28.720+0000][1][gc,heap      ] GC(71) CMS: 97081K->97081K(2011968K)
[2020-09-11T13:16:28.720+0000][1][gc,metaspace ] GC(71) Metaspace: 82558K->82558K(1124352K)
[2020-09-11T13:16:28.720+0000][1][gc           ] GC(71) Pause Young (Allocation Failure) 164M->101M(2039M) 24.269ms
[2020-09-11T13:16:28.720+0000][1][gc,cpu       ] GC(71) User=0.02s Sys=0.00s Real=0.02s
[2020-09-11T13:16:28.723+0000][1][safepoint    ] Safepoint "GenCollectForAllocation", Time since last: 997158632 ns, Reaching safepoint: 294219 ns, At safepoint: 27523787 ns, Total: 27818006 ns
[2020-09-11T13:16:29.170+0000][1][safepoint    ] Safepoint "RevokeBias", Time since last: 446460653 ns, Reaching safepoint: 195150 ns, At safepoint: 22569 ns, Total: 217719 ns
[2020-09-11T13:16:30.170+0000][1][safepoint    ] Safepoint "Cleanup", Time since last: 1000188089 ns, Reaching safepoint: 142965 ns, At safepoint: 17116 ns, Total: 160081 ns
[2020-09-11T13:16:31.170+0000][1][safepoint    ] Safepoint "Cleanup", Time since last: 1000209815 ns, Reaching safepoint: 129935 ns, At safepoint: 17263 ns, Total: 147198 ns
[2020-09-11T13:16:32.171+0000][1][safepoint    ] Safepoint "Cleanup", Time since last: 1000216862 ns, Reaching safepoint: 132334 ns, At safepoint: 17313 ns, Total: 149647 ns
[2020-09-11T13:16:33.171+0000][1][safepoint    ] Safepoint "Cleanup", Time since last: 1000223607 ns, Reaching safepoint: 163937 ns, At safepoint: 19394 ns, Total: 183331 ns
[2020-09-11T13:16:34.172+0000][1][safepoint    ] Safepoint "Cleanup", Time since last: 1000246913 ns, Reaching safepoint: 96816 ns, At safepoint: 7036 ns, Total: 103852 ns
[2020-09-11T13:16:35.102+0000][1][safepoint    ] Safepoint "RevokeBias", Time since last: 930305429 ns, Reaching safepoint: 131796 ns, At safepoint: 71965 ns, Total: 203761 ns
[2020-09-11T13:16:36.102+0000][1][safepoint    ] Safepoint "Cleanup", Time since last: 1000187405 ns, Reaching safepoint: 118778 ns, At safepoint: 8327 ns, Total: 127105 ns
[2020-09-11T13:16:37.103+0000][1][safepoint    ] Safepoint "Cleanup", Time since last: 1000140914 ns, Reaching safepoint: 118033 ns, At safepoint: 7962 ns, Total: 125995 ns
[2020-09-11T13:16:38.103+0000][1][safepoint    ] Safepoint "Cleanup", Time since last: 1000165090 ns, Reaching safepoint: 106078 ns, At safepoint: 8543 ns, Total: 114621 ns
[2020-09-11T13:16:39.103+0000][1][safepoint    ] Safepoint "Cleanup", Time since last: 1000151753 ns, Reaching safepoint: 125323 ns, At safepoint: 8065 ns, Total: 133388 ns
[2020-09-11T13:16:40.104+0000][1][safepoint    ] Safepoint "Cleanup", Time since last: 1000216964 ns, Reaching safepoint: 104931 ns, At safepoint: 7468 ns, Total: 112399 ns
[2020-09-11T13:16:41.104+0000][1][safepoint    ] Safepoint "Cleanup", Time since last: 1000174482 ns, Reaching safepoint: 141020 ns, At safepoint: 17453 ns, Total: 158473 ns
[2020-09-11T13:16:42.104+0000][1][safepoint    ] Safepoint "Cleanup", Time since last: 1000185730 ns, Reaching safepoint: 146489 ns, At safepoint: 16341 ns, Total: 162830 ns
[2020-09-11T13:16:43.105+0000][1][safepoint    ] Safepoint "Cleanup", Time since last: 1000235627 ns, Reaching safepoint: 140349 ns, At safepoint: 16922 ns, Total: 157271 ns
[2020-09-11T13:16:44.105+0000][1][safepoint    ] Safepoint "Cleanup", Time since last: 1000197004 ns, Reaching safepoint: 121527 ns, At safepoint: 7297 ns, Total: 128824 ns
[2020-09-11T13:16:45.105+0000][1][safepoint    ] Safepoint "Cleanup", Time since last: 1000143486 ns, Reaching safepoint: 141495 ns, At safepoint: 16317 ns, Total: 157812 ns
[2020-09-11T13:16:46.106+0000][1][safepoint    ] Safepoint "Cleanup", Time since last: 1000240853 ns, Reaching safepoint: 138525 ns, At safepoint: 17450 ns, Total: 155975 ns
[2020-09-11T13:16:47.106+0000][1][safepoint    ] Safepoint "Cleanup", Time since last: 1000240704 ns, Reaching safepoint: 109601 ns, At safepoint: 7901 ns, Total: 117502 ns
[2020-09-11T13:16:48.106+0000][1][safepoint    ] Safepoint "Cleanup", Time since last: 1000168714 ns, Reaching safepoint: 178438 ns, At safepoint: 7225 ns, Total: 185663 ns
[2020-09-11T13:16:49.107+0000][1][safepoint    ] Safepoint "Cleanup", Time since last: 1000216986 ns, Reaching safepoint: 108461 ns, At safepoint: 7617 ns, Total: 116078 ns
[2020-09-11T13:16:50.107+0000][1][safepoint    ] Safepoint "Cleanup", Time since last: 1000195757 ns, Reaching safepoint: 96816 ns, At safepoint: 7220 ns, Total: 104036 ns
[2020-09-11T13:16:51.107+0000][1][safepoint    ] Safepoint "Cleanup", Time since last: 1000146214 ns, Reaching safepoint: 141294 ns, At safepoint: 18199 ns, Total: 159493 ns
[2020-09-11T13:16:52.108+0000][1][safepoint    ] Safepoint "Cleanup", Time since last: 1000214598 ns, Reaching safepoint: 116388 ns, At safepoint: 7729 ns, Total: 124117 ns
[2020-09-11T13:16:53.108+0000][1][safepoint    ] Safepoint "Cleanup", Time since last: 1000177914 ns, Reaching safepoint: 112325 ns, At safepoint: 7943 ns, Total: 120268 ns
[2020-09-11T13:16:54.108+0000][1][safepoint    ] Safepoint "Cleanup", Time since last: 1000145386 ns, Reaching safepoint: 156599 ns, At safepoint: 18970 ns, Total: 175569 ns
[2020-09-11T13:16:55.112+0000][1][safepoint    ] Safepoint "Cleanup", Time since last: 1003182746 ns, Reaching safepoint: 147104 ns, At safepoint: 10247 ns, Total: 157351 ns
[2020-09-11T13:16:56.112+0000][1][safepoint    ] Safepoint "Cleanup", Time since last: 1000182150 ns, Reaching safepoint: 106105 ns, At safepoint: 9038 ns, Total: 115143 ns
[2020-09-11T13:16:57.112+0000][1][safepoint    ] Safepoint "Cleanup", Time since last: 1000154383 ns, Reaching safepoint: 138452 ns, At safepoint: 19478 ns, Total: 157930 ns
[2020-09-11T13:16:58.113+0000][1][safepoint    ] Safepoint "Cleanup", Time since last: 1000226445 ns, Reaching safepoint: 100137 ns, At safepoint: 8109 ns, Total: 108246 ns
[2020-09-11T13:16:59.113+0000][1][safepoint    ] Safepoint "Cleanup", Time since last: 1000194623 ns, Reaching safepoint: 133229 ns, At safepoint: 18075 ns, Total: 151304 ns
[2020-09-11T13:17:00.113+0000][1][safepoint    ] Safepoint "Cleanup", Time since last: 1000229324 ns, Reaching safepoint: 131365 ns, At safepoint: 18673 ns, Total: 150038 ns
[2020-09-11T13:17:01.114+0000][1][safepoint    ] Safepoint "Cleanup", Time since last: 1000208248 ns, Reaching safepoint: 158604 ns, At safepoint: 19388 ns, Total: 177992 ns
[2020-09-11T13:17:01.330+0000][1][safepoint    ] Safepoint "RevokeBias", Time since last: 216153517 ns, Reaching safepoint: 192855 ns, At safepoint: 23477 ns, Total: 216332 ns
[2020-09-11T13:17:02.330+0000][1][safepoint    ] Safepoint "Cleanup", Time since last: 1000202221 ns, Reaching safepoint: 105373 ns, At safepoint: 7141 ns, Total: 112514 ns
[2020-09-11T13:17:03.331+0000][1][safepoint    ] Safepoint "Cleanup", Time since last: 1000161457 ns, Reaching safepoint: 96822 ns, At safepoint: 7507 ns, Total: 104329 ns
[2020-09-11T13:17:04.331+0000][1][safepoint    ] Safepoint "Cleanup", Time since last: 1000194262 ns, Reaching safepoint: 137692 ns, At safepoint: 17086 ns, Total: 154778 ns
[2020-09-11T13:17:05.331+0000][1][safepoint    ] Safepoint "Cleanup", Time since last: 1000226074 ns, Reaching safepoint: 114500 ns, At safepoint: 7276 ns, Total: 121776 ns
[2020-09-11T13:17:06.332+0000][1][safepoint    ] Safepoint "Cleanup", Time since last: 1000167968 ns, Reaching safepoint: 116601 ns, At safepoint: 7271 ns, Total: 123872 ns
[2020-09-11T13:17:07.332+0000][1][safepoint    ] Safepoint "Cleanup", Time since last: 1000188113 ns, Reaching safepoint: 105526 ns, At safepoint: 7153 ns, Total: 112679 ns
[2020-09-11T13:17:08.332+0000][1][safepoint    ] Safepoint "Cleanup", Time since last: 1000169906 ns, Reaching safepoint: 133242 ns, At safepoint: 17323 ns, Total: 150565 ns
[2020-09-11T13:17:09.333+0000][1][safepoint    ] Safepoint "Cleanup", Time since last: 1000179993 ns, Reaching safepoint: 137075 ns, At safepoint: 16802 ns, Total: 153877 ns
[2020-09-11T13:17:10.333+0000][1][safepoint    ] Safepoint "Cleanup", Time since last: 1000182090 ns, Reaching safepoint: 147271 ns, At safepoint: 19154 ns, Total: 166425 ns
[2020-09-11T13:17:11.333+0000][1][safepoint    ] Safepoint "Cleanup", Time since last: 1000178946 ns, Reaching safepoint: 138561 ns, At safepoint: 18533 ns, Total: 157094 ns
[2020-09-11T13:17:12.334+0000][1][safepoint    ] Safepoint "Cleanup", Time since last: 1000185508 ns, Reaching safepoint: 106558 ns, At safepoint: 7126 ns, Total: 113684 ns
[2020-09-11T13:17:13.334+0000][1][safepoint    ] Safepoint "Cleanup", Time since last: 1000140024 ns, Reaching safepoint: 176822 ns, At safepoint: 18660 ns, Total: 195482 ns
[2020-09-11T13:17:14.334+0000][1][safepoint    ] Safepoint "Cleanup", Time since last: 1000233549 ns, Reaching safepoint: 87027 ns, At safepoint: 7343 ns, Total: 94370 ns
[2020-09-11T13:17:15.334+0000][1][safepoint    ] Safepoint "Cleanup", Time since last: 1000196595 ns, Reaching safepoint: 100621 ns, At safepoint: 7045 ns, Total: 107666 ns
[2020-09-11T13:17:16.335+0000][1][safepoint    ] Safepoint "Cleanup", Time since last: 1000187516 ns, Reaching safepoint: 145260 ns, At safepoint: 17056 ns, Total: 162316 ns
[2020-09-11T13:17:17.335+0000][1][safepoint    ] Safepoint "Cleanup", Time since last: 1000222546 ns, Reaching safepoint: 156509 ns, At safepoint: 17290 ns, Total: 173799 ns
[2020-09-11T13:17:18.336+0000][1][safepoint    ] Safepoint "Cleanup", Time since last: 1000221091 ns, Reaching safepoint: 142955 ns, At safepoint: 17991 ns, Total: 160946 ns
[2020-09-11T13:17:19.336+0000][1][safepoint    ] Safepoint "Cleanup", Time since last: 1000244326 ns, Reaching safepoint: 99345 ns, At safepoint: 7005 ns, Total: 106350 ns
[2020-09-11T13:17:20.336+0000][1][safepoint    ] Safepoint "Cleanup", Time since last: 1000183181 ns, Reaching safepoint: 139724 ns, At safepoint: 16935 ns, Total: 156659 ns
[2020-09-11T13:17:21.337+0000][1][safepoint    ] Safepoint "Cleanup", Time since last: 1000217334 ns, Reaching safepoint: 132678 ns, At safepoint: 17233 ns, Total: 149911 ns
[2020-09-11T13:17:22.337+0000][1][safepoint    ] Safepoint "Cleanup", Time since last: 1000252765 ns, Reaching safepoint: 92688 ns, At safepoint: 6965 ns, Total: 99653 ns
[2020-09-11T13:17:23.337+0000][1][safepoint    ] Safepoint "Cleanup", Time since last: 1000191195 ns, Reaching safepoint: 109486 ns, At safepoint: 7110 ns, Total: 116596 ns
[2020-09-11T13:17:24.338+0000][1][safepoint    ] Safepoint "Cleanup", Time since last: 1000095690 ns, Reaching safepoint: 154722 ns, At safepoint: 16979 ns, Total: 171701 ns
[2020-09-11T13:17:25.338+0000][1][safepoint    ] Safepoint "Cleanup", Time since last: 1000193146 ns, Reaching safepoint: 156636 ns, At safepoint: 21723 ns, Total: 178359 ns
[2020-09-11T13:17:26.338+0000][1][safepoint    ] Safepoint "Cleanup", Time since last: 1000229918 ns, Reaching safepoint: 113478 ns, At safepoint: 7257 ns, Total: 120735 ns
[2020-09-11T13:17:27.356+0000][1][safepoint    ] Safepoint "Cleanup", Time since last: 1018032103 ns, Reaching safepoint: 118615 ns, At safepoint: 7740 ns, Total: 126355 ns
[2020-09-11T13:17:28.357+0000][1][safepoint    ] Safepoint "Cleanup", Time since last: 1000152950 ns, Reaching safepoint: 134048 ns, At safepoint: 17380 ns, Total: 151428 ns
[2020-09-11T13:17:29.357+0000][1][safepoint    ] Safepoint "Cleanup", Time since last: 1000223248 ns, Reaching safepoint: 108738 ns, At safepoint: 7268 ns, Total: 116006 ns
[2020-09-11T13:17:30.357+0000][1][safepoint    ] Safepoint "Cleanup", Time since last: 1000136228 ns, Reaching safepoint: 84999 ns, At safepoint: 8894 ns, Total: 93893 ns
[2020-09-11T13:17:31.358+0000][1][safepoint    ] Safepoint "Cleanup", Time since last: 1000118664 ns, Reaching safepoint: 78721 ns, At safepoint: 7863 ns, Total: 86584 ns
[2020-09-11T13:17:32.358+0000][1][safepoint    ] Safepoint "Cleanup", Time since last: 1000109681 ns, Reaching safepoint: 88301 ns, At safepoint: 7935 ns, Total: 96236 ns
[2020-09-11T13:17:33.358+0000][1][safepoint    ] Safepoint "Cleanup", Time since last: 1000110231 ns, Reaching safepoint: 72859 ns, At safepoint: 7376 ns, Total: 80235 ns
[2020-09-11T13:17:34.358+0000][1][safepoint    ] Safepoint "Cleanup", Time since last: 1000099444 ns, Reaching safepoint: 75071 ns, At safepoint: 7144 ns, Total: 82215 ns
[2020-09-11T13:17:35.358+0000][1][safepoint    ] Safepoint "Cleanup", Time since last: 1000129081 ns, Reaching safepoint: 74319 ns, At safepoint: 8513 ns, Total: 82832 ns
[2020-09-11T13:17:36.359+0000][1][safepoint    ] Safepoint "Cleanup", Time since last: 1000119423 ns, Reaching safepoint: 74477 ns, At safepoint: 8617 ns, Total: 83094 ns
[2020-09-11T13:17:37.359+0000][1][safepoint    ] Safepoint "Cleanup", Time since last: 1000115912 ns, Reaching safepoint: 81321 ns, At safepoint: 8398 ns, Total: 89719 ns
[2020-09-11T13:17:38.359+0000][1][safepoint    ] Safepoint "Cleanup", Time since last: 1000117848 ns, Reaching safepoint: 72381 ns, At safepoint: 6248 ns, Total: 78629 ns
[2020-09-11T13:17:39.359+0000][1][safepoint    ] Safepoint "Cleanup", Time since last: 1000120859 ns, Reaching safepoint: 75045 ns, At safepoint: 7003 ns, Total: 82048 ns
[2020-09-11T13:17:40.359+0000][1][safepoint    ] Safepoint "Cleanup", Time since last: 1000126986 ns, Reaching safepoint: 89349 ns, At safepoint: 19046 ns, Total: 108395 ns
[2020-09-11T13:17:41.360+0000][1][safepoint    ] Safepoint "Cleanup", Time since last: 1000136046 ns, Reaching safepoint: 73216 ns, At safepoint: 6998 ns, Total: 80214 ns
[2020-09-11T13:17:42.360+0000][1][safepoint    ] Safepoint "Cleanup", Time since last: 1000104301 ns, Reaching safepoint: 88223 ns, At safepoint: 6212 ns, Total: 94435 ns
[2020-09-11T13:17:43.360+0000][1][safepoint    ] Safepoint "Cleanup", Time since last: 1000115462 ns, Reaching safepoint: 80246 ns, At safepoint: 6713 ns, Total: 86959 ns
[2020-09-11T13:17:44.360+0000][1][safepoint    ] Safepoint "Cleanup", Time since last: 1000111047 ns, Reaching safepoint: 88110 ns, At safepoint: 6619 ns, Total: 94729 ns
[2020-09-11T13:17:45.204+0000][1][gc,start     ] GC(72) Pause Young (Allocation Failure)
[2020-09-11T13:17:45.204+0000][1][gc,task      ] GC(72) Using 1 workers of 1 for evacuation
[2020-09-11T13:17:45.256+0000][1][gc,age       ] GC(72) Desired survivor size 4358144 bytes, new threshold 6 (max threshold 6)
[2020-09-11T13:17:45.256+0000][1][gc,age       ] GC(72) Age table with threshold 6 (max threshold 6)
[2020-09-11T13:17:45.256+0000][1][gc,age       ] GC(72) - age   1:      37704 bytes,      37704 total
[2020-09-11T13:17:45.256+0000][1][gc,age       ] GC(72) - age   2:     209728 bytes,     247432 total
[2020-09-11T13:17:45.256+0000][1][gc,age       ] GC(72) - age   3:      12920 bytes,     260352 total
[2020-09-11T13:17:45.256+0000][1][gc,age       ] GC(72) - age   4:      23992 bytes,     284344 total
[2020-09-11T13:17:45.256+0000][1][gc,age       ] GC(72) - age   5:     251192 bytes,     535536 total
[2020-09-11T13:17:45.256+0000][1][gc,age       ] GC(72) - age   6:    1613096 bytes,    2148632 total
[2020-09-11T13:17:45.256+0000][1][gc,heap      ] GC(72) ParNew: 74725K->2102K(76672K)
[2020-09-11T13:17:45.256+0000][1][gc,heap      ] GC(72) CMS: 97081K->98435K(2011968K)
[2020-09-11T13:17:45.256+0000][1][gc,metaspace ] GC(72) Metaspace: 82698K->82698K(1126400K)
[2020-09-11T13:17:45.256+0000][1][gc           ] GC(72) Pause Young (Allocation Failure) 167M->98M(2039M) 52.559ms
[2020-09-11T13:17:45.256+0000][1][gc,cpu       ] GC(72) User=0.03s Sys=0.00s Real=0.05s
[2020-09-11T13:17:45.256+0000][1][safepoint    ] Safepoint "GenCollectForAllocation", Time since last: 840585015 ns, Reaching safepoint: 2716059 ns, At safepoint: 52658932 ns, Total: 55374991 ns
[2020-09-11T13:17:46.259+0000][1][safepoint    ] Safepoint "Cleanup", Time since last: 1002776909 ns, Reaching safepoint: 70793 ns, At safepoint: 17393 ns, Total: 88186 ns
[2020-09-11T13:17:47.259+0000][1][safepoint    ] Safepoint "Cleanup", Time since last: 1000100420 ns, Reaching safepoint: 83646 ns, At safepoint: 14177 ns, Total: 97823 ns
[2020-09-11T13:17:48.259+0000][1][safepoint    ] Safepoint "Cleanup", Time since last: 1000116422 ns, Reaching safepoint: 102104 ns, At safepoint: 20785 ns, Total: 122889 ns
[2020-09-11T13:17:49.260+0000][1][safepoint    ] Safepoint "Cleanup", Time since last: 1000112485 ns, Reaching safepoint: 74071 ns, At safepoint: 7176 ns, Total: 81247 ns
[2020-09-11T13:17:50.260+0000][1][safepoint    ] Safepoint "Cleanup", Time since last: 1000101747 ns, Reaching safepoint: 138202 ns, At safepoint: 6766 ns, Total: 144968 ns
[2020-09-11T13:17:51.260+0000][1][safepoint    ] Safepoint "Cleanup", Time since last: 1000106453 ns, Reaching safepoint: 70842 ns, At safepoint: 6184 ns, Total: 77026 ns
[2020-09-11T13:17:52.260+0000][1][safepoint    ] Safepoint "Cleanup", Time since last: 1000093052 ns, Reaching safepoint: 70979 ns, At safepoint: 5236 ns, Total: 76215 ns
[2020-09-11T13:17:53.260+0000][1][safepoint    ] Safepoint "Cleanup", Time since last: 1000091356 ns, Reaching safepoint: 68818 ns, At safepoint: 5221 ns, Total: 74039 ns
[2020-09-11T13:17:54.261+0000][1][safepoint    ] Safepoint "Cleanup", Time since last: 1000096750 ns, Reaching safepoint: 76163 ns, At safepoint: 5478 ns, Total: 81641 ns
[2020-09-11T13:17:55.261+0000][1][safepoint    ] Safepoint "Cleanup", Time since last: 1000110767 ns, Reaching safepoint: 93054 ns, At safepoint: 7520 ns, Total: 100574 ns
[2020-09-11T13:17:56.261+0000][1][safepoint    ] Safepoint "Cleanup", Time since last: 1000130302 ns, Reaching safepoint: 99810 ns, At safepoint: 7844 ns, Total: 107654 ns
[2020-09-11T13:17:56.832+0000][1][safepoint    ] Safepoint "RevokeBias", Time since last: 566786599 ns, Reaching safepoint: 3650297 ns, At safepoint: 28794 ns, Total: 3679091 ns
[2020-09-11T13:17:57.832+0000][1][safepoint    ] Safepoint "Cleanup", Time since last: 1000115293 ns, Reaching safepoint: 78678 ns, At safepoint: 7140 ns, Total: 85818 ns
[2020-09-11T13:17:58.832+0000][1][safepoint    ] Safepoint "Cleanup", Time since last: 1000111643 ns, Reaching safepoint: 80314 ns, At safepoint: 7138 ns, Total: 87452 ns
[2020-09-11T13:17:59.833+0000][1][safepoint    ] Safepoint "Cleanup", Time since last: 1000609196 ns, Reaching safepoint: 88363 ns, At safepoint: 6880 ns, Total: 95243 ns
[2020-09-11T13:18:00.833+0000][1][safepoint    ] Safepoint "Cleanup", Time since last: 1000109315 ns, Reaching safepoint: 72206 ns, At safepoint: 6438 ns, Total: 78644 ns
[2020-09-11T13:18:01.833+0000][1][safepoint    ] Safepoint "Cleanup", Time since last: 1000111843 ns, Reaching safepoint: 104384 ns, At safepoint: 10137 ns, Total: 114521 ns
[2020-09-11T13:18:02.833+0000][1][safepoint    ] Safepoint "Cleanup", Time since last: 1000101754 ns, Reaching safepoint: 83201 ns, At safepoint: 7190 ns, Total: 90391 ns
[2020-09-11T13:18:03.833+0000][1][safepoint    ] Safepoint "Cleanup", Time since last: 1000112728 ns, Reaching safepoint: 80809 ns, At safepoint: 6874 ns, Total: 87683 ns
[2020-09-11T13:18:04.834+0000][1][safepoint    ] Safepoint "Cleanup", Time since last: 1000843539 ns, Reaching safepoint: 80143 ns, At safepoint: 7182 ns, Total: 87325 ns
[2020-09-11T13:18:05.835+0000][1][safepoint    ] Safepoint "Cleanup", Time since last: 1000124852 ns, Reaching safepoint: 75700 ns, At safepoint: 6716 ns, Total: 82416 ns
[2020-09-11T13:18:06.835+0000][1][safepoint    ] Safepoint "Cleanup", Time since last: 1000110065 ns, Reaching safepoint: 81585 ns, At safepoint: 6242 ns, Total: 87827 ns
[2020-09-11T13:18:09.835+0000][1][safepoint    ] Safepoint "Cleanup", Time since last: 3000250211 ns, Reaching safepoint: 77490 ns, At safepoint: 6202 ns, Total: 83692 ns
[2020-09-11T13:18:10.835+0000][1][safepoint    ] Safepoint "Cleanup", Time since last: 1000127317 ns, Reaching safepoint: 92962 ns, At safepoint: 7322 ns, Total: 100284 ns
[2020-09-11T13:18:11.836+0000][1][safepoint    ] Safepoint "Cleanup", Time since last: 1000093203 ns, Reaching safepoint: 78228 ns, At safepoint: 6733 ns, Total: 84961 ns
[2020-09-11T13:18:13.836+0000][1][safepoint    ] Safepoint "Cleanup", Time since last: 2000178656 ns, Reaching safepoint: 76135 ns, At safepoint: 7277 ns, Total: 83412 ns
[2020-09-11T13:18:16.836+0000][1][safepoint    ] Safepoint "Cleanup", Time since last: 3000268164 ns, Reaching safepoint: 81743 ns, At safepoint: 10033 ns, Total: 91776 ns
[2020-09-11T13:18:18.419+0000][1][safepoint    ] Safepoint "RevokeBias", Time since last: 1583203978 ns, Reaching safepoint: 85202 ns, At safepoint: 30523 ns, Total: 115725 ns
[2020-09-11T13:18:19.211+0000][1][safepoint    ] Safepoint "RevokeBias", Time since last: 791106418 ns, Reaching safepoint: 171476 ns, At safepoint: 19682 ns, Total: 191158 ns
[2020-09-11T13:18:19.216+0000][1][safepoint    ] Safepoint "RevokeBias", Time since last: 4915257 ns, Reaching safepoint: 144648 ns, At safepoint: 18540 ns, Total: 163188 ns
[2020-09-11T13:18:19.248+0000][1][safepoint    ] Safepoint "RevokeBias", Time since last: 32090282 ns, Reaching safepoint: 133394 ns, At safepoint: 25722 ns, Total: 159116 ns
[2020-09-11T13:18:19.249+0000][1][safepoint    ] Safepoint "RevokeBias", Time since last: 447207 ns, Reaching safepoint: 98639 ns, At safepoint: 24862 ns, Total: 123501 ns
[2020-09-11T13:18:19.258+0000][1][safepoint    ] Safepoint "RevokeBias", Time since last: 8716645 ns, Reaching safepoint: 153984 ns, At safepoint: 32483 ns, Total: 186467 ns
[2020-09-11T13:18:19.261+0000][1][safepoint    ] Safepoint "RevokeBias", Time since last: 1725690 ns, Reaching safepoint: 107487 ns, At safepoint: 1860045 ns, Total: 1967532 ns
[2020-09-11T13:18:20.266+0000][1][safepoint    ] Safepoint "Cleanup", Time since last: 1004430767 ns, Reaching safepoint: 84195 ns, At safepoint: 6916 ns, Total: 91111 ns
[2020-09-11T13:18:21.268+0000][1][safepoint    ] Safepoint "Cleanup", Time since last: 1001663644 ns, Reaching safepoint: 145732 ns, At safepoint: 7505 ns, Total: 153237 ns
[2020-09-11T13:18:21.811+0000][1][safepoint    ] Safepoint "RevokeBias", Time since last: 543012937 ns, Reaching safepoint: 68841 ns, At safepoint: 18595 ns, Total: 87436 ns
[2020-09-11T13:18:21.811+0000][1][safepoint    ] Safepoint "RevokeBias", Time since last: 279907 ns, Reaching safepoint: 24900 ns, At safepoint: 12112 ns, Total: 37012 ns
[2020-09-11T13:18:21.811+0000][1][safepoint    ] Safepoint "RevokeBias", Time since last: 128627 ns, Reaching safepoint: 24870 ns, At safepoint: 11145 ns, Total: 36015 ns
[2020-09-11T13:18:21.811+0000][1][safepoint    ] Safepoint "RevokeBias", Time since last: 116576 ns, Reaching safepoint: 24461 ns, At safepoint: 10686 ns, Total: 35147 ns
[2020-09-11T13:18:21.813+0000][1][safepoint    ] Safepoint "RevokeBias", Time since last: 1661055 ns, Reaching safepoint: 45044 ns, At safepoint: 15168 ns, Total: 60212 ns
[2020-09-11T13:18:21.813+0000][1][safepoint    ] Safepoint "RevokeBias", Time since last: 161565 ns, Reaching safepoint: 23956 ns, At safepoint: 11585 ns, Total: 35541 ns
[2020-09-11T13:18:21.814+0000][1][safepoint    ] Safepoint "RevokeBias", Time since last: 634936 ns, Reaching safepoint: 318559 ns, At safepoint: 22155 ns, Total: 340714 ns
[2020-09-11T13:18:21.816+0000][1][safepoint    ] Safepoint "BulkRevokeBias", Time since last: 361758 ns, Reaching safepoint: 879948 ns, At safepoint: 194700 ns, Total: 1074648 ns
[2020-09-11T13:18:21.828+0000][1][safepoint    ] Safepoint "RevokeBias", Time since last: 8754790 ns, Reaching safepoint: 3086206 ns, At safepoint: 28514 ns, Total: 3114720 ns
[2020-09-11T13:18:21.828+0000][1][safepoint    ] Safepoint "RevokeBias", Time since last: 301098 ns, Reaching safepoint: 102686 ns, At safepoint: 14969 ns, Total: 117655 ns
[2020-09-11T13:18:21.828+0000][1][safepoint    ] Safepoint "RevokeBias", Time since last: 121989 ns, Reaching safepoint: 99857 ns, At safepoint: 14522 ns, Total: 114379 ns
[2020-09-11T13:18:21.828+0000][1][safepoint    ] Safepoint "RevokeBias", Time since last: 122731 ns, Reaching safepoint: 99205 ns, At safepoint: 15418 ns, Total: 114623 ns
[2020-09-11T13:18:21.829+0000][1][safepoint    ] Safepoint "BulkRevokeBias", Time since last: 117896 ns, Reaching safepoint: 99147 ns, At safepoint: 174225 ns, Total: 273372 ns
[2020-09-11T13:18:22.457+0000][1][gc,start     ] GC(73) Pause Young (Allocation Failure)
[2020-09-11T13:18:22.457+0000][1][gc,task      ] GC(73) Using 1 workers of 1 for evacuation
[2020-09-11T13:18:22.541+0000][1][gc,age       ] GC(73) Desired survivor size 4358144 bytes, new threshold 6 (max threshold 6)
[2020-09-11T13:18:22.541+0000][1][gc,age       ] GC(73) Age table with threshold 6 (max threshold 6)
[2020-09-11T13:18:22.541+0000][1][gc,age       ] GC(73) - age   1:     291328 bytes,     291328 total
[2020-09-11T13:18:22.541+0000][1][gc,age       ] GC(73) - age   2:      21720 bytes,     313048 total
[2020-09-11T13:18:22.541+0000][1][gc,age       ] GC(73) - age   3:     207128 bytes,     520176 total
[2020-09-11T13:18:22.541+0000][1][gc,age       ] GC(73) - age   4:      12920 bytes,     533096 total
[2020-09-11T13:18:22.541+0000][1][gc,age       ] GC(73) - age   5:      23992 bytes,     557088 total
[2020-09-11T13:18:22.541+0000][1][gc,age       ] GC(73) - age   6:     251192 bytes,     808280 total
[2020-09-11T13:18:22.541+0000][1][gc,heap      ] GC(73) ParNew: 70262K->2099K(76672K)
[2020-09-11T13:18:22.541+0000][1][gc,heap      ] GC(73) CMS: 98435K->100036K(2011968K)
[2020-09-11T13:18:22.541+0000][1][gc,metaspace ] GC(73) Metaspace: 83056K->83056K(1126400K)
[2020-09-11T13:18:22.541+0000][1][gc           ] GC(73) Pause Young (Allocation Failure) 164M->99M(2039M) 83.705ms
[2020-09-11T13:18:22.541+0000][1][gc,cpu       ] GC(73) User=0.04s Sys=0.00s Real=0.08s
[2020-09-11T13:18:22.547+0000][1][safepoint    ] Safepoint "GenCollectForAllocation", Time since last: 628206189 ns, Reaching safepoint: 175088 ns, At safepoint: 90309930 ns, Total: 90485018 ns
[2020-09-11T13:18:22.648+0000][1][safepoint    ] Safepoint "RevokeBias", Time since last: 100689933 ns, Reaching safepoint: 155156 ns, At safepoint: 20483 ns, Total: 175639 ns
[2020-09-11T13:18:23.649+0000][1][safepoint    ] Safepoint "Cleanup", Time since last: 1000112160 ns, Reaching safepoint: 104787 ns, At safepoint: 7397 ns, Total: 112184 ns
[2020-09-11T13:18:25.376+0000][1][safepoint    ] Safepoint "Cleanup", Time since last: 1726850318 ns, Reaching safepoint: 194507 ns, At safepoint: 17129 ns, Total: 211636 ns
[2020-09-11T13:18:26.834+0000][1][safepoint    ] Safepoint "Cleanup", Time since last: 1458507155 ns, Reaching safepoint: 265683 ns, At safepoint: 16953 ns, Total: 282636 ns
[2020-09-11T13:18:28.835+0000][1][safepoint    ] Safepoint "Cleanup", Time since last: 2000382582 ns, Reaching safepoint: 108424 ns, At safepoint: 7284 ns, Total: 115708 ns
[2020-09-11T13:18:38.836+0000][1][safepoint    ] Safepoint "Cleanup", Time since last: 10001330395 ns, Reaching safepoint: 117155 ns, At safepoint: 7586 ns, Total: 124741 ns
[2020-09-11T13:18:41.837+0000][1][safepoint    ] Safepoint "Cleanup", Time since last: 3000407994 ns, Reaching safepoint: 144912 ns, At safepoint: 16816 ns, Total: 161728 ns
[2020-09-11T13:18:49.838+0000][1][safepoint    ] Safepoint "Cleanup", Time since last: 8001179588 ns, Reaching safepoint: 103671 ns, At safepoint: 7375 ns, Total: 111046 ns
[2020-09-11T13:18:51.839+0000][1][safepoint    ] Safepoint "Cleanup", Time since last: 2000275993 ns, Reaching safepoint: 139353 ns, At safepoint: 17126 ns, Total: 156479 ns
[2020-09-11T13:18:54.839+0000][1][safepoint    ] Safepoint "Cleanup", Time since last: 3000525510 ns, Reaching safepoint: 144970 ns, At safepoint: 17236 ns, Total: 162206 ns
[2020-09-11T13:18:55.840+0000][1][safepoint    ] Safepoint "Cleanup", Time since last: 1000271442 ns, Reaching safepoint: 102111 ns, At safepoint: 7521 ns, Total: 109632 ns
[2020-09-11T13:18:56.852+0000][1][safepoint    ] Safepoint "Cleanup", Time since last: 1011944090 ns, Reaching safepoint: 134966 ns, At safepoint: 15419 ns, Total: 150385 ns
[2020-09-11T13:18:57.852+0000][1][safepoint    ] Safepoint "Cleanup", Time since last: 1000177546 ns, Reaching safepoint: 141542 ns, At safepoint: 17072 ns, Total: 158614 ns
[2020-09-11T13:18:58.492+0000][1][safepoint    ] Safepoint "RevokeBias", Time since last: 639289390 ns, Reaching safepoint: 205229 ns, At safepoint: 17694 ns, Total: 222923 ns
[2020-09-11T13:18:58.494+0000][1][safepoint    ] Safepoint "RevokeBias", Time since last: 2484260 ns, Reaching safepoint: 178447 ns, At safepoint: 19981 ns, Total: 198428 ns
[2020-09-11T13:18:59.495+0000][1][safepoint    ] Safepoint "Cleanup", Time since last: 1000182942 ns, Reaching safepoint: 69435 ns, At safepoint: 6814 ns, Total: 76249 ns
[2020-09-11T13:19:00.495+0000][1][safepoint    ] Safepoint "Cleanup", Time since last: 1000203428 ns, Reaching safepoint: 105134 ns, At safepoint: 7903 ns, Total: 113037 ns
[2020-09-11T13:19:01.495+0000][1][safepoint    ] Safepoint "Cleanup", Time since last: 1000173945 ns, Reaching safepoint: 111062 ns, At safepoint: 6480 ns, Total: 117542 ns
[2020-09-11T13:19:02.496+0000][1][safepoint    ] Safepoint "Cleanup", Time since last: 1000211466 ns, Reaching safepoint: 85758 ns, At safepoint: 6912 ns, Total: 92670 ns
[2020-09-11T13:19:03.496+0000][1][safepoint    ] Safepoint "Cleanup", Time since last: 1000182385 ns, Reaching safepoint: 132578 ns, At safepoint: 17383 ns, Total: 149961 ns
[2020-09-11T13:19:04.496+0000][1][safepoint    ] Safepoint "Cleanup", Time since last: 1000200371 ns, Reaching safepoint: 133831 ns, At safepoint: 17380 ns, Total: 151211 ns
[2020-09-11T13:19:05.497+0000][1][safepoint    ] Safepoint "Cleanup", Time since last: 1000225484 ns, Reaching safepoint: 131849 ns, At safepoint: 17914 ns, Total: 149763 ns
[2020-09-11T13:19:06.497+0000][1][safepoint    ] Safepoint "Cleanup", Time since last: 1000211185 ns, Reaching safepoint: 136911 ns, At safepoint: 16899 ns, Total: 153810 ns
[2020-09-11T13:19:07.497+0000][1][safepoint    ] Safepoint "Cleanup", Time since last: 1000214881 ns, Reaching safepoint: 101584 ns, At safepoint: 7145 ns, Total: 108729 ns
[2020-09-11T13:19:08.498+0000][1][safepoint    ] Safepoint "Cleanup", Time since last: 1000143439 ns, Reaching safepoint: 115799 ns, At safepoint: 5951 ns, Total: 121750 ns
[2020-09-11T13:19:09.498+0000][1][safepoint    ] Safepoint "Cleanup", Time since last: 1000170913 ns, Reaching safepoint: 135988 ns, At safepoint: 16425 ns, Total: 152413 ns
[2020-09-11T13:19:10.498+0000][1][safepoint    ] Safepoint "Cleanup", Time since last: 1000170657 ns, Reaching safepoint: 73961 ns, At safepoint: 8648 ns, Total: 82609 ns
[2020-09-11T13:19:11.498+0000][1][safepoint    ] Safepoint "Cleanup", Time since last: 1000127508 ns, Reaching safepoint: 72146 ns, At safepoint: 6639 ns, Total: 78785 ns
[2020-09-11T13:19:12.499+0000][1][safepoint    ] Safepoint "Cleanup", Time since last: 1000186762 ns, Reaching safepoint: 96811 ns, At safepoint: 7627 ns, Total: 104438 ns
[2020-09-11T13:19:13.499+0000][1][safepoint    ] Safepoint "Cleanup", Time since last: 1000174116 ns, Reaching safepoint: 99913 ns, At safepoint: 7100 ns, Total: 107013 ns
[2020-09-11T13:19:13.696+0000][1][safepoint    ] Safepoint "RevokeBias", Time since last: 197435016 ns, Reaching safepoint: 65785 ns, At safepoint: 19671 ns, Total: 85456 ns
[2020-09-11T13:19:13.699+0000][1][safepoint    ] Safepoint "RevokeBias", Time since last: 2140369 ns, Reaching safepoint: 168862 ns, At safepoint: 383631 ns, Total: 552493 ns
[2020-09-11T13:19:13.706+0000][1][safepoint    ] Safepoint "RevokeBias", Time since last: 6363033 ns, Reaching safepoint: 243820 ns, At safepoint: 34831 ns, Total: 278651 ns
[2020-09-11T13:19:14.706+0000][1][safepoint    ] Safepoint "Cleanup", Time since last: 1000110733 ns, Reaching safepoint: 86091 ns, At safepoint: 7220 ns, Total: 93311 ns
[2020-09-11T13:19:15.706+0000][1][safepoint    ] Safepoint "Cleanup", Time since last: 1000184570 ns, Reaching safepoint: 95174 ns, At safepoint: 6991 ns, Total: 102165 ns
[2020-09-11T13:19:16.707+0000][1][safepoint    ] Safepoint "Cleanup", Time since last: 1000142191 ns, Reaching safepoint: 109621 ns, At safepoint: 6622 ns, Total: 116243 ns
[2020-09-11T13:19:17.707+0000][1][safepoint    ] Safepoint "Cleanup", Time since last: 1000129315 ns, Reaching safepoint: 106739 ns, At safepoint: 6488 ns, Total: 113227 ns
[2020-09-11T13:19:18.707+0000][1][safepoint    ] Safepoint "Cleanup", Time since last: 1000167626 ns, Reaching safepoint: 132233 ns, At safepoint: 15165 ns, Total: 147398 ns
[2020-09-11T13:19:19.707+0000][1][safepoint    ] Safepoint "Cleanup", Time since last: 1000233425 ns, Reaching safepoint: 101610 ns, At safepoint: 6598 ns, Total: 108208 ns
[2020-09-11T13:19:20.708+0000][1][safepoint    ] Safepoint "Cleanup", Time since last: 1000196204 ns, Reaching safepoint: 136828 ns, At safepoint: 17540 ns, Total: 154368 ns
[2020-09-11T13:19:21.708+0000][1][safepoint    ] Safepoint "Cleanup", Time since last: 1000184386 ns, Reaching safepoint: 117873 ns, At safepoint: 6884 ns, Total: 124757 ns
[2020-09-11T13:19:22.708+0000][1][safepoint    ] Safepoint "Cleanup", Time since last: 1000167770 ns, Reaching safepoint: 116385 ns, At safepoint: 7247 ns, Total: 123632 ns
[2020-09-11T13:19:23.709+0000][1][safepoint    ] Safepoint "Cleanup", Time since last: 1000138546 ns, Reaching safepoint: 116886 ns, At safepoint: 6625 ns, Total: 123511 ns
[2020-09-11T13:19:24.709+0000][1][safepoint    ] Safepoint "Cleanup", Time since last: 1000152862 ns, Reaching safepoint: 109219 ns, At safepoint: 6377 ns, Total: 115596 ns
[2020-09-11T13:19:25.395+0000][1][gc,start     ] GC(74) Pause Young (Allocation Failure)
[2020-09-11T13:19:25.395+0000][1][gc,task      ] GC(74) Using 1 workers of 1 for evacuation
[2020-09-11T13:19:25.412+0000][1][gc,age       ] GC(74) Desired survivor size 4358144 bytes, new threshold 6 (max threshold 6)
[2020-09-11T13:19:25.412+0000][1][gc,age       ] GC(74) Age table with threshold 6 (max threshold 6)
[2020-09-11T13:19:25.412+0000][1][gc,age       ] GC(74) - age   1:     157872 bytes,     157872 total
[2020-09-11T13:19:25.412+0000][1][gc,age       ] GC(74) - age   2:     238472 bytes,     396344 total
[2020-09-11T13:19:25.412+0000][1][gc,age       ] GC(74) - age   3:      21688 bytes,     418032 total
[2020-09-11T13:19:25.412+0000][1][gc,age       ] GC(74) - age   4:     192752 bytes,     610784 total
[2020-09-11T13:19:25.412+0000][1][gc,age       ] GC(74) - age   5:      12920 bytes,     623704 total
[2020-09-11T13:19:25.412+0000][1][gc,age       ] GC(74) - age   6:      23960 bytes,     647664 total
[2020-09-11T13:19:25.412+0000][1][gc,heap      ] GC(74) ParNew: 70259K->722K(76672K)
[2020-09-11T13:19:25.412+0000][1][gc,heap      ] GC(74) CMS: 100036K->100284K(2011968K)
[2020-09-11T13:19:25.412+0000][1][gc,metaspace ] GC(74) Metaspace: 83210K->83210K(1126400K)
[2020-09-11T13:19:25.412+0000][1][gc           ] GC(74) Pause Young (Allocation Failure) 166M->98M(2039M) 17.208ms
[2020-09-11T13:19:25.412+0000][1][gc,cpu       ] GC(74) User=0.02s Sys=0.00s Real=0.02s
[2020-09-11T13:19:25.412+0000][1][safepoint    ] Safepoint "GenCollectForAllocation", Time since last: 685401767 ns, Reaching safepoint: 198285 ns, At safepoint: 17275587 ns, Total: 17473872 ns
[2020-09-11T13:19:26.416+0000][1][safepoint    ] Safepoint "Cleanup", Time since last: 1004115023 ns, Reaching safepoint: 111028 ns, At safepoint: 18289 ns, Total: 129317 ns
[2020-09-11T13:19:27.416+0000][1][safepoint    ] Safepoint "Cleanup", Time since last: 1000156593 ns, Reaching safepoint: 118367 ns, At safepoint: 5664 ns, Total: 124031 ns
[2020-09-11T13:19:28.119+0000][1][safepoint    ] Safepoint "RevokeBias", Time since last: 702228382 ns, Reaching safepoint: 271273 ns, At safepoint: 53523 ns, Total: 324796 ns
[2020-09-11T13:19:29.119+0000][1][safepoint    ] Safepoint "Cleanup", Time since last: 1000220060 ns, Reaching safepoint: 139687 ns, At safepoint: 16388 ns, Total: 156075 ns
[2020-09-11T13:19:30.120+0000][1][safepoint    ] Safepoint "Cleanup", Time since last: 1000246553 ns, Reaching safepoint: 102354 ns, At safepoint: 7509 ns, Total: 109863 ns
[2020-09-11T13:19:31.120+0000][1][safepoint    ] Safepoint "Cleanup", Time since last: 1000147597 ns, Reaching safepoint: 132193 ns, At safepoint: 16528 ns, Total: 148721 ns
[2020-09-11T13:19:32.120+0000][1][safepoint    ] Safepoint "Cleanup", Time since last: 1000238134 ns, Reaching safepoint: 106603 ns, At safepoint: 7646 ns, Total: 114249 ns
[2020-09-11T13:19:33.121+0000][1][safepoint    ] Safepoint "Cleanup", Time since last: 1000205574 ns, Reaching safepoint: 126284 ns, At safepoint: 7247 ns, Total: 133531 ns
[2020-09-11T13:19:34.121+0000][1][safepoint    ] Safepoint "Cleanup", Time since last: 1000213181 ns, Reaching safepoint: 103884 ns, At safepoint: 7085 ns, Total: 110969 ns
[2020-09-11T13:19:35.121+0000][1][safepoint    ] Safepoint "Cleanup", Time since last: 1000184920 ns, Reaching safepoint: 100635 ns, At safepoint: 7859 ns, Total: 108494 ns
[2020-09-11T13:19:36.122+0000][1][safepoint    ] Safepoint "Cleanup", Time since last: 1000176174 ns, Reaching safepoint: 138909 ns, At safepoint: 16975 ns, Total: 155884 ns
[2020-09-11T13:19:37.122+0000][1][safepoint    ] Safepoint "Cleanup", Time since last: 1000189072 ns, Reaching safepoint: 149205 ns, At safepoint: 17384 ns, Total: 166589 ns
[2020-09-11T13:19:38.122+0000][1][safepoint    ] Safepoint "Cleanup", Time since last: 1000177042 ns, Reaching safepoint: 155033 ns, At safepoint: 16224 ns, Total: 171257 ns
[2020-09-11T13:19:39.123+0000][1][safepoint    ] Safepoint "Cleanup", Time since last: 1000207591 ns, Reaching safepoint: 149163 ns, At safepoint: 16701 ns, Total: 165864 ns
[2020-09-11T13:19:40.123+0000][1][safepoint    ] Safepoint "Cleanup", Time since last: 1000222205 ns, Reaching safepoint: 148013 ns, At safepoint: 17594 ns, Total: 165607 ns
[2020-09-11T13:19:41.123+0000][1][safepoint    ] Safepoint "Cleanup", Time since last: 1000219469 ns, Reaching safepoint: 150298 ns, At safepoint: 16808 ns, Total: 167106 ns
[2020-09-11T13:19:42.124+0000][1][safepoint    ] Safepoint "Cleanup", Time since last: 1000260825 ns, Reaching safepoint: 107768 ns, At safepoint: 7187 ns, Total: 114955 ns
[2020-09-11T13:19:43.124+0000][1][safepoint    ] Safepoint "Cleanup", Time since last: 1000145993 ns, Reaching safepoint: 151267 ns, At safepoint: 18175 ns, Total: 169442 ns
[2020-09-11T13:19:44.124+0000][1][safepoint    ] Safepoint "Cleanup", Time since last: 1000222722 ns, Reaching safepoint: 153950 ns, At safepoint: 17313 ns, Total: 171263 ns
[2020-09-11T13:19:45.212+0000][1][safepoint    ] Safepoint "Cleanup", Time since last: 1087074021 ns, Reaching safepoint: 183645 ns, At safepoint: 19144 ns, Total: 202789 ns
[2020-09-11T13:19:46.212+0000][1][safepoint    ] Safepoint "Cleanup", Time since last: 1000178772 ns, Reaching safepoint: 82653 ns, At safepoint: 8057 ns, Total: 90710 ns
[2020-09-11T13:19:47.212+0000][1][safepoint    ] Safepoint "Cleanup", Time since last: 1000185038 ns, Reaching safepoint: 137749 ns, At safepoint: 8382 ns, Total: 146131 ns
[2020-09-11T13:19:48.213+0000][1][safepoint    ] Safepoint "Cleanup", Time since last: 1000178235 ns, Reaching safepoint: 98895 ns, At safepoint: 7339 ns, Total: 106234 ns
[2020-09-11T13:19:49.213+0000][1][safepoint    ] Safepoint "Cleanup", Time since last: 1000190837 ns, Reaching safepoint: 105011 ns, At safepoint: 7270 ns, Total: 112281 ns
[2020-09-11T13:19:50.213+0000][1][safepoint    ] Safepoint "Cleanup", Time since last: 1000160101 ns, Reaching safepoint: 151277 ns, At safepoint: 17684 ns, Total: 168961 ns
[2020-09-11T13:19:51.214+0000][1][safepoint    ] Safepoint "Cleanup", Time since last: 1000186821 ns, Reaching safepoint: 131902 ns, At safepoint: 7038 ns, Total: 138940 ns
[2020-09-11T13:19:55.215+0000][1][safepoint    ] Safepoint "Cleanup", Time since last: 4001684332 ns, Reaching safepoint: 98989 ns, At safepoint: 6912 ns, Total: 105901 ns
[2020-09-11T13:19:56.216+0000][1][safepoint    ] Safepoint "Cleanup", Time since last: 1000230875 ns, Reaching safepoint: 157475 ns, At safepoint: 18770 ns, Total: 176245 ns
[2020-09-11T13:19:57.216+0000][1][safepoint    ] Safepoint "Cleanup", Time since last: 1000235321 ns, Reaching safepoint: 111188 ns, At safepoint: 7723 ns, Total: 118911 ns
[2020-09-11T13:19:59.217+0000][1][safepoint    ] Safepoint "Cleanup", Time since last: 2000384312 ns, Reaching safepoint: 154859 ns, At safepoint: 18973 ns, Total: 173832 ns
[2020-09-11T13:20:04.218+0000][1][safepoint    ] Safepoint "Cleanup", Time since last: 5000805070 ns, Reaching safepoint: 106104 ns, At safepoint: 8216 ns, Total: 114320 ns
[2020-09-11T13:20:05.218+0000][1][safepoint    ] Safepoint "Cleanup", Time since last: 1000196924 ns, Reaching safepoint: 111668 ns, At safepoint: 7859 ns, Total: 119527 ns
[2020-09-11T13:20:06.047+0000][1][safepoint    ] Safepoint "RevokeBias", Time since last: 828675896 ns, Reaching safepoint: 189444 ns, At safepoint: 195543 ns, Total: 384987 ns
[2020-09-11T13:20:06.055+0000][1][safepoint    ] Safepoint "RevokeBias", Time since last: 7617179 ns, Reaching safepoint: 316872 ns, At safepoint: 25370 ns, Total: 342242 ns
[2020-09-11T13:20:07.055+0000][1][safepoint    ] Safepoint "Cleanup", Time since last: 1000195190 ns, Reaching safepoint: 112355 ns, At safepoint: 6806 ns, Total: 119161 ns
[2020-09-11T13:20:08.056+0000][1][safepoint    ] Safepoint "Cleanup", Time since last: 1000253643 ns, Reaching safepoint: 73865 ns, At safepoint: 6416 ns, Total: 80281 ns
[2020-09-11T13:20:09.056+0000][1][safepoint    ] Safepoint "Cleanup", Time since last: 1000185945 ns, Reaching safepoint: 94948 ns, At safepoint: 6313 ns, Total: 101261 ns
[2020-09-11T13:20:10.056+0000][1][safepoint    ] Safepoint "Cleanup", Time since last: 1000150122 ns, Reaching safepoint: 125325 ns, At safepoint: 7225 ns, Total: 132550 ns
[2020-09-11T13:20:11.057+0000][1][safepoint    ] Safepoint "Cleanup", Time since last: 1000201902 ns, Reaching safepoint: 144869 ns, At safepoint: 17436 ns, Total: 162305 ns
[2020-09-11T13:20:12.057+0000][1][safepoint    ] Safepoint "Cleanup", Time since last: 1000242421 ns, Reaching safepoint: 160950 ns, At safepoint: 28094 ns, Total: 189044 ns
[2020-09-11T13:20:13.057+0000][1][safepoint    ] Safepoint "Cleanup", Time since last: 1000231193 ns, Reaching safepoint: 158724 ns, At safepoint: 19756 ns, Total: 178480 ns
[2020-09-11T13:20:14.058+0000][1][safepoint    ] Safepoint "Cleanup", Time since last: 1000238730 ns, Reaching safepoint: 140549 ns, At safepoint: 16873 ns, Total: 157422 ns
[2020-09-11T13:20:15.058+0000][1][safepoint    ] Safepoint "Cleanup", Time since last: 1000282376 ns, Reaching safepoint: 77027 ns, At safepoint: 6659 ns, Total: 83686 ns
[2020-09-11T13:20:16.058+0000][1][safepoint    ] Safepoint "Cleanup", Time since last: 1000170342 ns, Reaching safepoint: 104755 ns, At safepoint: 7377 ns, Total: 112132 ns
[2020-09-11T13:20:17.059+0000][1][safepoint    ] Safepoint "Cleanup", Time since last: 1000194019 ns, Reaching safepoint: 149597 ns, At safepoint: 17781 ns, Total: 167378 ns
[2020-09-11T13:20:18.059+0000][1][safepoint    ] Safepoint "Cleanup", Time since last: 1000225519 ns, Reaching safepoint: 182362 ns, At safepoint: 17446 ns, Total: 199808 ns
[2020-09-11T13:20:19.060+0000][1][safepoint    ] Safepoint "Cleanup", Time since last: 1000230565 ns, Reaching safepoint: 132351 ns, At safepoint: 16110 ns, Total: 148461 ns
[2020-09-11T13:20:20.060+0000][1][safepoint    ] Safepoint "Cleanup", Time since last: 1000213986 ns, Reaching safepoint: 103043 ns, At safepoint: 7129 ns, Total: 110172 ns
[2020-09-11T13:20:21.060+0000][1][safepoint    ] Safepoint "Cleanup", Time since last: 1000157177 ns, Reaching safepoint: 117419 ns, At safepoint: 6659 ns, Total: 124078 ns
[2020-09-11T13:20:22.060+0000][1][safepoint    ] Safepoint "Cleanup", Time since last: 1000085022 ns, Reaching safepoint: 116730 ns, At safepoint: 6529 ns, Total: 123259 ns
[2020-09-11T13:20:23.061+0000][1][safepoint    ] Safepoint "Cleanup", Time since last: 1000185362 ns, Reaching safepoint: 103964 ns, At safepoint: 7198 ns, Total: 111162 ns
[2020-09-11T13:20:24.061+0000][1][safepoint    ] Safepoint "Cleanup", Time since last: 1000173956 ns, Reaching safepoint: 104434 ns, At safepoint: 7084 ns, Total: 111518 ns
[2020-09-11T13:20:25.061+0000][1][safepoint    ] Safepoint "Cleanup", Time since last: 1000189934 ns, Reaching safepoint: 116124 ns, At safepoint: 6828 ns, Total: 122952 ns
[2020-09-11T13:20:26.062+0000][1][safepoint    ] Safepoint "Cleanup", Time since last: 1000143878 ns, Reaching safepoint: 120029 ns, At safepoint: 6728 ns, Total: 126757 ns
[2020-09-11T13:20:27.062+0000][1][safepoint    ] Safepoint "Cleanup", Time since last: 1000188089 ns, Reaching safepoint: 125864 ns, At safepoint: 6542 ns, Total: 132406 ns
[2020-09-11T13:20:28.062+0000][1][safepoint    ] Safepoint "Cleanup", Time since last: 1000192013 ns, Reaching safepoint: 101658 ns, At safepoint: 8175 ns, Total: 109833 ns
[2020-09-11T13:20:29.062+0000][1][safepoint    ] Safepoint "Cleanup", Time since last: 1000187221 ns, Reaching safepoint: 101021 ns, At safepoint: 6685 ns, Total: 107706 ns
[2020-09-11T13:20:30.063+0000][1][safepoint    ] Safepoint "Cleanup", Time since last: 1000179970 ns, Reaching safepoint: 108333 ns, At safepoint: 6810 ns, Total: 115143 ns
[2020-09-11T13:20:31.063+0000][1][safepoint    ] Safepoint "Cleanup", Time since last: 1000184916 ns, Reaching safepoint: 107626 ns, At safepoint: 7631 ns, Total: 115257 ns
[2020-09-11T13:20:32.063+0000][1][safepoint    ] Safepoint "Cleanup", Time since last: 1000167131 ns, Reaching safepoint: 123368 ns, At safepoint: 7136 ns, Total: 130504 ns
[2020-09-11T13:20:33.064+0000][1][safepoint    ] Safepoint "Cleanup", Time since last: 1000194905 ns, Reaching safepoint: 109095 ns, At safepoint: 7348 ns, Total: 116443 ns
[2020-09-11T13:20:34.064+0000][1][safepoint    ] Safepoint "Cleanup", Time since last: 1000202763 ns, Reaching safepoint: 108750 ns, At safepoint: 7066 ns, Total: 115816 ns
[2020-09-11T13:20:35.064+0000][1][safepoint    ] Safepoint "Cleanup", Time since last: 1000183499 ns, Reaching safepoint: 106632 ns, At safepoint: 7007 ns, Total: 113639 ns
[2020-09-11T13:20:35.500+0000][1][gc,start     ] GC(75) Pause Young (Allocation Failure)
[2020-09-11T13:20:35.500+0000][1][gc,task      ] GC(75) Using 1 workers of 1 for evacuation
[2020-09-11T13:20:35.517+0000][1][gc,age       ] GC(75) Desired survivor size 4358144 bytes, new threshold 6 (max threshold 6)
[2020-09-11T13:20:35.517+0000][1][gc,age       ] GC(75) Age table with threshold 6 (max threshold 6)
[2020-09-11T13:20:35.517+0000][1][gc,age       ] GC(75) - age   1:     125720 bytes,     125720 total
[2020-09-11T13:20:35.517+0000][1][gc,age       ] GC(75) - age   2:     117760 bytes,     243480 total
[2020-09-11T13:20:35.517+0000][1][gc,age       ] GC(75) - age   3:     235592 bytes,     479072 total
[2020-09-11T13:20:35.517+0000][1][gc,age       ] GC(75) - age   4:      21688 bytes,     500760 total
[2020-09-11T13:20:35.517+0000][1][gc,age       ] GC(75) - age   5:     192200 bytes,     692960 total
[2020-09-11T13:20:35.517+0000][1][gc,age       ] GC(75) - age   6:      12920 bytes,     705880 total
[2020-09-11T13:20:35.517+0000][1][gc,heap      ] GC(75) ParNew: 68882K->1309K(76672K)
[2020-09-11T13:20:35.517+0000][1][gc,heap      ] GC(75) CMS: 100284K->100308K(2011968K)
[2020-09-11T13:20:35.517+0000][1][gc,metaspace ] GC(75) Metaspace: 83423K->83423K(1126400K)
[2020-09-11T13:20:35.517+0000][1][gc           ] GC(75) Pause Young (Allocation Failure) 165M->99M(2039M) 17.146ms
[2020-09-11T13:20:35.517+0000][1][gc,cpu       ] GC(75) User=0.02s Sys=0.00s Real=0.02s
[2020-09-11T13:20:35.517+0000][1][safepoint    ] Safepoint "GenCollectForAllocation", Time since last: 435250993 ns, Reaching safepoint: 216058 ns, At safepoint: 17258396 ns, Total: 17474454 ns
[2020-09-11T13:20:36.519+0000][1][safepoint    ] Safepoint "Cleanup", Time since last: 1002082476 ns, Reaching safepoint: 258967 ns, At safepoint: 73466 ns, Total: 332433 ns
[2020-09-11T13:20:37.520+0000][1][safepoint    ] Safepoint "Cleanup", Time since last: 1000263632 ns, Reaching safepoint: 144254 ns, At safepoint: 13421 ns, Total: 157675 ns
[2020-09-11T13:20:38.520+0000][1][safepoint    ] Safepoint "Cleanup", Time since last: 1000189136 ns, Reaching safepoint: 73136 ns, At safepoint: 5684 ns, Total: 78820 ns
[2020-09-11T13:20:39.521+0000][1][safepoint    ] Safepoint "Cleanup", Time since last: 1000192601 ns, Reaching safepoint: 204048 ns, At safepoint: 6400 ns, Total: 210448 ns
[2020-09-11T13:20:40.521+0000][1][safepoint    ] Safepoint "Cleanup", Time since last: 1000109488 ns, Reaching safepoint: 184198 ns, At safepoint: 7278 ns, Total: 191476 ns
[2020-09-11T13:20:41.521+0000][1][safepoint    ] Safepoint "Cleanup", Time since last: 1000139308 ns, Reaching safepoint: 116783 ns, At safepoint: 6971 ns, Total: 123754 ns
[2020-09-11T13:20:42.521+0000][1][safepoint    ] Safepoint "Cleanup", Time since last: 1000209542 ns, Reaching safepoint: 108659 ns, At safepoint: 7276 ns, Total: 115935 ns
[2020-09-11T13:20:43.522+0000][1][safepoint    ] Safepoint "Cleanup", Time since last: 1000138434 ns, Reaching safepoint: 124867 ns, At safepoint: 6035 ns, Total: 130902 ns
[2020-09-11T13:20:44.522+0000][1][safepoint    ] Safepoint "Cleanup", Time since last: 1000215246 ns, Reaching safepoint: 145377 ns, At safepoint: 18171 ns, Total: 163548 ns
[2020-09-11T13:20:45.522+0000][1][safepoint    ] Safepoint "Cleanup", Time since last: 1000180798 ns, Reaching safepoint: 124543 ns, At safepoint: 6248 ns, Total: 130791 ns
[2020-09-11T13:20:46.523+0000][1][safepoint    ] Safepoint "Cleanup", Time since last: 1000211509 ns, Reaching safepoint: 95205 ns, At safepoint: 7671 ns, Total: 102876 ns
[2020-09-11T13:20:47.523+0000][1][safepoint    ] Safepoint "Cleanup", Time since last: 1000200401 ns, Reaching safepoint: 146322 ns, At safepoint: 17013 ns, Total: 163335 ns
[2020-09-11T13:20:48.523+0000][1][safepoint    ] Safepoint "Cleanup", Time since last: 1000227975 ns, Reaching safepoint: 174705 ns, At safepoint: 16698 ns, Total: 191403 ns
[2020-09-11T13:20:49.524+0000][1][safepoint    ] Safepoint "Cleanup", Time since last: 1000178317 ns, Reaching safepoint: 136908 ns, At safepoint: 15004 ns, Total: 151912 ns
[2020-09-11T13:20:50.524+0000][1][safepoint    ] Safepoint "Cleanup", Time since last: 1000195096 ns, Reaching safepoint: 143151 ns, At safepoint: 18463 ns, Total: 161614 ns
[2020-09-11T13:20:51.524+0000][1][safepoint    ] Safepoint "Cleanup", Time since last: 1000219477 ns, Reaching safepoint: 105523 ns, At safepoint: 7175 ns, Total: 112698 ns
[2020-09-11T13:20:52.525+0000][1][safepoint    ] Safepoint "Cleanup", Time since last: 1000161255 ns, Reaching safepoint: 145945 ns, At safepoint: 17420 ns, Total: 163365 ns
[2020-09-11T13:20:53.525+0000][1][safepoint    ] Safepoint "Cleanup", Time since last: 1000193630 ns, Reaching safepoint: 133671 ns, At safepoint: 7341 ns, Total: 141012 ns
[2020-09-11T13:20:54.525+0000][1][safepoint    ] Safepoint "Cleanup", Time since last: 1000192380 ns, Reaching safepoint: 96748 ns, At safepoint: 7856 ns, Total: 104604 ns
[2020-09-11T13:20:55.526+0000][1][safepoint    ] Safepoint "Cleanup", Time since last: 1000183353 ns, Reaching safepoint: 152316 ns, At safepoint: 17995 ns, Total: 170311 ns
[2020-09-11T13:20:56.526+0000][1][safepoint    ] Safepoint "Cleanup", Time since last: 1000223100 ns, Reaching safepoint: 159349 ns, At safepoint: 19549 ns, Total: 178898 ns
[2020-09-11T13:20:57.527+0000][1][safepoint    ] Safepoint "Cleanup", Time since last: 1000194661 ns, Reaching safepoint: 146009 ns, At safepoint: 18272 ns, Total: 164281 ns
[2020-09-11T13:20:58.527+0000][1][safepoint    ] Safepoint "Cleanup", Time since last: 1000226049 ns, Reaching safepoint: 155604 ns, At safepoint: 18686 ns, Total: 174290 ns
[2020-09-11T13:20:59.529+0000][1][safepoint    ] Safepoint "Cleanup", Time since last: 1001710782 ns, Reaching safepoint: 426622 ns, At safepoint: 20925 ns, Total: 447547 ns
[2020-09-11T13:21:00.529+0000][1][safepoint    ] Safepoint "Cleanup", Time since last: 1000226184 ns, Reaching safepoint: 102962 ns, At safepoint: 7180 ns, Total: 110142 ns
[2020-09-11T13:21:01.530+0000][1][safepoint    ] Safepoint "Cleanup", Time since last: 1000164310 ns, Reaching safepoint: 110578 ns, At safepoint: 7167 ns, Total: 117745 ns
[2020-09-11T13:21:02.530+0000][1][safepoint    ] Safepoint "Cleanup", Time since last: 1000216726 ns, Reaching safepoint: 145200 ns, At safepoint: 17283 ns, Total: 162483 ns
[2020-09-11T13:21:03.531+0000][1][safepoint    ] Safepoint "Cleanup", Time since last: 1000233730 ns, Reaching safepoint: 157522 ns, At safepoint: 19364 ns, Total: 176886 ns
[2020-09-11T13:21:04.531+0000][1][safepoint    ] Safepoint "Cleanup", Time since last: 1000244074 ns, Reaching safepoint: 107767 ns, At safepoint: 7571 ns, Total: 115338 ns
[2020-09-11T13:21:05.531+0000][1][safepoint    ] Safepoint "Cleanup", Time since last: 1000197866 ns, Reaching safepoint: 111189 ns, At safepoint: 6880 ns, Total: 118069 ns
[2020-09-11T13:21:06.532+0000][1][safepoint    ] Safepoint "Cleanup", Time since last: 1000223338 ns, Reaching safepoint: 146984 ns, At safepoint: 16374 ns, Total: 163358 ns
[2020-09-11T13:21:07.532+0000][1][safepoint    ] Safepoint "Cleanup", Time since last: 1000221727 ns, Reaching safepoint: 106052 ns, At safepoint: 6719 ns, Total: 112771 ns
[2020-09-11T13:21:08.532+0000][1][safepoint    ] Safepoint "Cleanup", Time since last: 1000202717 ns, Reaching safepoint: 95426 ns, At safepoint: 7264 ns, Total: 102690 ns
[2020-09-11T13:21:09.533+0000][1][safepoint    ] Safepoint "Cleanup", Time since last: 1000148669 ns, Reaching safepoint: 152847 ns, At safepoint: 18640 ns, Total: 171487 ns
[2020-09-11T13:21:10.533+0000][1][safepoint    ] Safepoint "Cleanup", Time since last: 1000217476 ns, Reaching safepoint: 151087 ns, At safepoint: 17737 ns, Total: 168824 ns
[2020-09-11T13:21:11.533+0000][1][safepoint    ] Safepoint "Cleanup", Time since last: 1000186736 ns, Reaching safepoint: 123595 ns, At safepoint: 7745 ns, Total: 131340 ns
[2020-09-11T13:21:12.534+0000][1][safepoint    ] Safepoint "Cleanup", Time since last: 1000180072 ns, Reaching safepoint: 111051 ns, At safepoint: 7224 ns, Total: 118275 ns
[2020-09-11T13:21:13.534+0000][1][safepoint    ] Safepoint "Cleanup", Time since last: 1000152754 ns, Reaching safepoint: 140957 ns, At safepoint: 15085 ns, Total: 156042 ns
[2020-09-11T13:21:14.534+0000][1][safepoint    ] Safepoint "Cleanup", Time since last: 1000240269 ns, Reaching safepoint: 155584 ns, At safepoint: 18630 ns, Total: 174214 ns
[2020-09-11T13:21:15.535+0000][1][safepoint    ] Safepoint "Cleanup", Time since last: 1000235739 ns, Reaching safepoint: 159723 ns, At safepoint: 18101 ns, Total: 177824 ns
[2020-09-11T13:21:16.535+0000][1][safepoint    ] Safepoint "Cleanup", Time since last: 1000192260 ns, Reaching safepoint: 117174 ns, At safepoint: 8328 ns, Total: 125502 ns
[2020-09-11T13:21:17.535+0000][1][safepoint    ] Safepoint "Cleanup", Time since last: 1000155283 ns, Reaching safepoint: 146079 ns, At safepoint: 15903 ns, Total: 161982 ns
[2020-09-11T13:21:18.536+0000][1][safepoint    ] Safepoint "Cleanup", Time since last: 1000304171 ns, Reaching safepoint: 98202 ns, At safepoint: 7191 ns, Total: 105393 ns
[2020-09-11T13:21:19.536+0000][1][safepoint    ] Safepoint "Cleanup", Time since last: 1000179570 ns, Reaching safepoint: 103047 ns, At safepoint: 6975 ns, Total: 110022 ns
[2020-09-11T13:21:20.536+0000][1][safepoint    ] Safepoint "Cleanup", Time since last: 1000154237 ns, Reaching safepoint: 127014 ns, At safepoint: 7845 ns, Total: 134859 ns
[2020-09-11T13:21:21.537+0000][1][safepoint    ] Safepoint "Cleanup", Time since last: 1000187617 ns, Reaching safepoint: 103730 ns, At safepoint: 7588 ns, Total: 111318 ns
[2020-09-11T13:21:22.537+0000][1][safepoint    ] Safepoint "Cleanup", Time since last: 1000232453 ns, Reaching safepoint: 142517 ns, At safepoint: 18061 ns, Total: 160578 ns
[2020-09-11T13:21:23.537+0000][1][safepoint    ] Safepoint "Cleanup", Time since last: 1000238626 ns, Reaching safepoint: 138384 ns, At safepoint: 17621 ns, Total: 156005 ns
[2020-09-11T13:21:24.538+0000][1][safepoint    ] Safepoint "Cleanup", Time since last: 1000219507 ns, Reaching safepoint: 142955 ns, At safepoint: 17864 ns, Total: 160819 ns
[2020-09-11T13:21:25.538+0000][1][safepoint    ] Safepoint "Cleanup", Time since last: 1000150788 ns, Reaching safepoint: 81984 ns, At safepoint: 6428 ns, Total: 88412 ns
[2020-09-11T13:21:26.538+0000][1][safepoint    ] Safepoint "Cleanup", Time since last: 1000136338 ns, Reaching safepoint: 76901 ns, At safepoint: 6291 ns, Total: 83192 ns
[2020-09-11T13:21:27.539+0000][1][safepoint    ] Safepoint "Cleanup", Time since last: 1000194806 ns, Reaching safepoint: 138889 ns, At safepoint: 16899 ns, Total: 155788 ns
[2020-09-11T13:21:28.539+0000][1][safepoint    ] Safepoint "Cleanup", Time since last: 1000207549 ns, Reaching safepoint: 124983 ns, At safepoint: 7175 ns, Total: 132158 ns
[2020-09-11T13:21:29.263+0000][1][safepoint    ] Safepoint "RevokeBias", Time since last: 723453599 ns, Reaching safepoint: 218149 ns, At safepoint: 186604 ns, Total: 404753 ns
[2020-09-11T13:21:29.264+0000][1][safepoint    ] Safepoint "RevokeBias", Time since last: 1324219 ns, Reaching safepoint: 169416 ns, At safepoint: 17617 ns, Total: 187033 ns
[2020-09-11T13:21:30.265+0000][1][safepoint    ] Safepoint "Cleanup", Time since last: 1000159951 ns, Reaching safepoint: 216246 ns, At safepoint: 18723 ns, Total: 234969 ns
[2020-09-11T13:21:31.265+0000][1][safepoint    ] Safepoint "Cleanup", Time since last: 1000207755 ns, Reaching safepoint: 149901 ns, At safepoint: 26083 ns, Total: 175984 ns
[2020-09-11T13:21:32.265+0000][1][safepoint    ] Safepoint "Cleanup", Time since last: 1000244697 ns, Reaching safepoint: 108632 ns, At safepoint: 7896 ns, Total: 116528 ns
[2020-09-11T13:21:33.266+0000][1][safepoint    ] Safepoint "Cleanup", Time since last: 1000180122 ns, Reaching safepoint: 158841 ns, At safepoint: 17570 ns, Total: 176411 ns
[2020-09-11T13:21:34.266+0000][1][safepoint    ] Safepoint "Cleanup", Time since last: 1000225966 ns, Reaching safepoint: 144278 ns, At safepoint: 17196 ns, Total: 161474 ns
[2020-09-11T13:21:35.267+0000][1][safepoint    ] Safepoint "Cleanup", Time since last: 1000215033 ns, Reaching safepoint: 110358 ns, At safepoint: 7628 ns, Total: 117986 ns
[2020-09-11T13:21:36.267+0000][1][safepoint    ] Safepoint "Cleanup", Time since last: 1000180281 ns, Reaching safepoint: 144728 ns, At safepoint: 17698 ns, Total: 162426 ns
[2020-09-11T13:21:37.267+0000][1][safepoint    ] Safepoint "Cleanup", Time since last: 1000231747 ns, Reaching safepoint: 127321 ns, At safepoint: 9009 ns, Total: 136330 ns
[2020-09-11T13:21:38.268+0000][1][safepoint    ] Safepoint "Cleanup", Time since last: 1000204188 ns, Reaching safepoint: 105283 ns, At safepoint: 7571 ns, Total: 112854 ns
[2020-09-11T13:21:39.268+0000][1][safepoint    ] Safepoint "Cleanup", Time since last: 1000185784 ns, Reaching safepoint: 95177 ns, At safepoint: 7427 ns, Total: 102604 ns
[2020-09-11T13:21:40.268+0000][1][safepoint    ] Safepoint "Cleanup", Time since last: 1000198333 ns, Reaching safepoint: 141732 ns, At safepoint: 17544 ns, Total: 159276 ns
[2020-09-11T13:21:41.269+0000][1][safepoint    ] Safepoint "Cleanup", Time since last: 1000238545 ns, Reaching safepoint: 153094 ns, At safepoint: 17895 ns, Total: 170989 ns
[2020-09-11T13:21:42.269+0000][1][safepoint    ] Safepoint "Cleanup", Time since last: 1000244877 ns, Reaching safepoint: 103958 ns, At safepoint: 7346 ns, Total: 111304 ns
[2020-09-11T13:21:43.269+0000][1][safepoint    ] Safepoint "Cleanup", Time since last: 1000142314 ns, Reaching safepoint: 124263 ns, At safepoint: 7617 ns, Total: 131880 ns
[2020-09-11T13:21:44.270+0000][1][safepoint    ] Safepoint "Cleanup", Time since last: 1000214390 ns, Reaching safepoint: 107450 ns, At safepoint: 7616 ns, Total: 115066 ns
[2020-09-11T13:21:45.270+0000][1][safepoint    ] Safepoint "Cleanup", Time since last: 1000209723 ns, Reaching safepoint: 101494 ns, At safepoint: 7737 ns, Total: 109231 ns
[2020-09-11T13:21:46.270+0000][1][safepoint    ] Safepoint "Cleanup", Time since last: 1000197570 ns, Reaching safepoint: 111912 ns, At safepoint: 7555 ns, Total: 119467 ns
[2020-09-11T13:21:47.271+0000][1][safepoint    ] Safepoint "Cleanup", Time since last: 1000233329 ns, Reaching safepoint: 89346 ns, At safepoint: 7554 ns, Total: 96900 ns
[2020-09-11T13:21:48.271+0000][1][safepoint    ] Safepoint "Cleanup", Time since last: 1000171664 ns, Reaching safepoint: 109477 ns, At safepoint: 7518 ns, Total: 116995 ns
[2020-09-11T13:21:49.272+0000][1][safepoint    ] Safepoint "Cleanup", Time since last: 1000835501 ns, Reaching safepoint: 146185 ns, At safepoint: 17818 ns, Total: 164003 ns
[2020-09-11T13:21:50.272+0000][1][safepoint    ] Safepoint "Cleanup", Time since last: 1000213138 ns, Reaching safepoint: 107094 ns, At safepoint: 7679 ns, Total: 114773 ns
[2020-09-11T13:21:50.612+0000][1][gc,start     ] GC(76) Pause Young (Allocation Failure)
[2020-09-11T13:21:50.612+0000][1][gc,task      ] GC(76) Using 1 workers of 1 for evacuation
[2020-09-11T13:21:50.632+0000][1][gc,age       ] GC(76) Desired survivor size 4358144 bytes, new threshold 6 (max threshold 6)
[2020-09-11T13:21:50.632+0000][1][gc,age       ] GC(76) Age table with threshold 6 (max threshold 6)
[2020-09-11T13:21:50.632+0000][1][gc,age       ] GC(76) - age   1:     196656 bytes,     196656 total
[2020-09-11T13:21:50.632+0000][1][gc,age       ] GC(76) - age   2:     100680 bytes,     297336 total
[2020-09-11T13:21:50.632+0000][1][gc,age       ] GC(76) - age   3:     112744 bytes,     410080 total
[2020-09-11T13:21:50.632+0000][1][gc,age       ] GC(76) - age   4:     235592 bytes,     645672 total
[2020-09-11T13:21:50.632+0000][1][gc,age       ] GC(76) - age   5:      21688 bytes,     667360 total
[2020-09-11T13:21:50.632+0000][1][gc,age       ] GC(76) - age   6:     192168 bytes,     859528 total
[2020-09-11T13:21:50.633+0000][1][gc,heap      ] GC(76) ParNew: 69469K->844K(76672K)
[2020-09-11T13:21:50.633+0000][1][gc,heap      ] GC(76) CMS: 100308K->100321K(2011968K)
[2020-09-11T13:21:50.633+0000][1][gc,metaspace ] GC(76) Metaspace: 84003K->84003K(1126400K)
[2020-09-11T13:21:50.633+0000][1][gc           ] GC(76) Pause Young (Allocation Failure) 165M->98M(2039M) 20.481ms
[2020-09-11T13:21:50.633+0000][1][gc,cpu       ] GC(76) User=0.02s Sys=0.00s Real=0.02s
[2020-09-11T13:21:50.633+0000][1][safepoint    ] Safepoint "GenCollectForAllocation", Time since last: 339707073 ns, Reaching safepoint: 231311 ns, At safepoint: 20918659 ns, Total: 21149970 ns
[2020-09-11T13:21:51.636+0000][1][safepoint    ] Safepoint "Cleanup", Time since last: 1003176821 ns, Reaching safepoint: 166837 ns, At safepoint: 51648 ns, Total: 218485 ns
[2020-09-11T13:21:52.637+0000][1][safepoint    ] Safepoint "Cleanup", Time since last: 1000214265 ns, Reaching safepoint: 153596 ns, At safepoint: 46570 ns, Total: 200166 ns
[2020-09-11T13:21:53.637+0000][1][safepoint    ] Safepoint "Cleanup", Time since last: 1000206681 ns, Reaching safepoint: 113732 ns, At safepoint: 7350 ns, Total: 121082 ns
[2020-09-11T13:21:54.638+0000][1][safepoint    ] Safepoint "Cleanup", Time since last: 1000697407 ns, Reaching safepoint: 182706 ns, At safepoint: 15282 ns, Total: 197988 ns
[2020-09-11T13:21:55.638+0000][1][safepoint    ] Safepoint "Cleanup", Time since last: 1000178080 ns, Reaching safepoint: 183067 ns, At safepoint: 15973 ns, Total: 199040 ns
[2020-09-11T13:21:56.639+0000][1][safepoint    ] Safepoint "Cleanup", Time since last: 1000199811 ns, Reaching safepoint: 110760 ns, At safepoint: 7074 ns, Total: 117834 ns
[2020-09-11T13:21:57.639+0000][1][safepoint    ] Safepoint "Cleanup", Time since last: 1000198572 ns, Reaching safepoint: 107291 ns, At safepoint: 7107 ns, Total: 114398 ns
[2020-09-11T13:21:58.639+0000][1][safepoint    ] Safepoint "Cleanup", Time since last: 1000176006 ns, Reaching safepoint: 110852 ns, At safepoint: 6956 ns, Total: 117808 ns
[2020-09-11T13:21:59.640+0000][1][safepoint    ] Safepoint "Cleanup", Time since last: 1000990004 ns, Reaching safepoint: 110174 ns, At safepoint: 6911 ns, Total: 117085 ns
[2020-09-11T13:22:00.641+0000][1][safepoint    ] Safepoint "Cleanup", Time since last: 1000186984 ns, Reaching safepoint: 112116 ns, At safepoint: 6622 ns, Total: 118738 ns
[2020-09-11T13:22:01.641+0000][1][safepoint    ] Safepoint "Cleanup", Time since last: 1000210605 ns, Reaching safepoint: 104372 ns, At safepoint: 7265 ns, Total: 111637 ns
[2020-09-11T13:22:02.641+0000][1][safepoint    ] Safepoint "Cleanup", Time since last: 1000151107 ns, Reaching safepoint: 152029 ns, At safepoint: 15970 ns, Total: 167999 ns
[2020-09-11T13:22:03.642+0000][1][safepoint    ] Safepoint "Cleanup", Time since last: 1000220973 ns, Reaching safepoint: 164341 ns, At safepoint: 18312 ns, Total: 182653 ns
[2020-09-11T13:22:04.643+0000][1][safepoint    ] Safepoint "Cleanup", Time since last: 1001122439 ns, Reaching safepoint: 150592 ns, At safepoint: 15419 ns, Total: 166011 ns
[2020-09-11T13:22:05.643+0000][1][safepoint    ] Safepoint "Cleanup", Time since last: 1000251456 ns, Reaching safepoint: 116431 ns, At safepoint: 7530 ns, Total: 123961 ns
[2020-09-11T13:22:06.644+0000][1][safepoint    ] Safepoint "Cleanup", Time since last: 1000197000 ns, Reaching safepoint: 149397 ns, At safepoint: 16885 ns, Total: 166282 ns
[2020-09-11T13:22:07.644+0000][1][safepoint    ] Safepoint "Cleanup", Time since last: 1000193776 ns, Reaching safepoint: 174530 ns, At safepoint: 19555 ns, Total: 194085 ns
[2020-09-11T13:22:08.645+0000][1][safepoint    ] Safepoint "Cleanup", Time since last: 1000222607 ns, Reaching safepoint: 152129 ns, At safepoint: 17076 ns, Total: 169205 ns
[2020-09-11T13:22:09.646+0000][1][safepoint    ] Safepoint "Cleanup", Time since last: 1001022231 ns, Reaching safepoint: 145137 ns, At safepoint: 17029 ns, Total: 162166 ns
[2020-09-11T13:22:10.646+0000][1][safepoint    ] Safepoint "Cleanup", Time since last: 1000223728 ns, Reaching safepoint: 161002 ns, At safepoint: 17170 ns, Total: 178172 ns
[2020-09-11T13:22:11.647+0000][1][safepoint    ] Safepoint "Cleanup", Time since last: 1000214543 ns, Reaching safepoint: 112083 ns, At safepoint: 8043 ns, Total: 120126 ns
[2020-09-11T13:22:12.647+0000][1][safepoint    ] Safepoint "Cleanup", Time since last: 1000181357 ns, Reaching safepoint: 151741 ns, At safepoint: 17140 ns, Total: 168881 ns
[2020-09-11T13:22:13.647+0000][1][safepoint    ] Safepoint "Cleanup", Time since last: 1000190640 ns, Reaching safepoint: 151371 ns, At safepoint: 16023 ns, Total: 167394 ns
[2020-09-11T13:22:14.648+0000][1][safepoint    ] Safepoint "Cleanup", Time since last: 1001042570 ns, Reaching safepoint: 164577 ns, At safepoint: 7273 ns, Total: 171850 ns
[2020-09-11T13:22:15.649+0000][1][safepoint    ] Safepoint "Cleanup", Time since last: 1000192259 ns, Reaching safepoint: 113252 ns, At safepoint: 7907 ns, Total: 121159 ns
[2020-09-11T13:22:16.649+0000][1][safepoint    ] Safepoint "Cleanup", Time since last: 1000185194 ns, Reaching safepoint: 154933 ns, At safepoint: 17964 ns, Total: 172897 ns
[2020-09-11T13:22:17.649+0000][1][safepoint    ] Safepoint "Cleanup", Time since last: 1000222017 ns, Reaching safepoint: 139313 ns, At safepoint: 17286 ns, Total: 156599 ns
[2020-09-11T13:22:18.650+0000][1][safepoint    ] Safepoint "Cleanup", Time since last: 1000232824 ns, Reaching safepoint: 159316 ns, At safepoint: 17400 ns, Total: 176716 ns
[2020-09-11T13:22:19.651+0000][1][safepoint    ] Safepoint "Cleanup", Time since last: 1001085142 ns, Reaching safepoint: 142945 ns, At safepoint: 16875 ns, Total: 159820 ns
[2020-09-11T13:22:20.652+0000][1][safepoint    ] Safepoint "Cleanup", Time since last: 1000225899 ns, Reaching safepoint: 129617 ns, At safepoint: 6367 ns, Total: 135984 ns
[2020-09-11T13:22:21.652+0000][1][safepoint    ] Safepoint "Cleanup", Time since last: 1000195317 ns, Reaching safepoint: 107120 ns, At safepoint: 7590 ns, Total: 114710 ns
[2020-09-11T13:22:22.652+0000][1][safepoint    ] Safepoint "Cleanup", Time since last: 1000194958 ns, Reaching safepoint: 150575 ns, At safepoint: 17327 ns, Total: 167902 ns
[2020-09-11T13:22:23.653+0000][1][safepoint    ] Safepoint "Cleanup", Time since last: 1000235406 ns, Reaching safepoint: 149369 ns, At safepoint: 17467 ns, Total: 166836 ns
[2020-09-11T13:22:24.654+0000][1][safepoint    ] Safepoint "Cleanup", Time since last: 1001047329 ns, Reaching safepoint: 151167 ns, At safepoint: 16892 ns, Total: 168059 ns
[2020-09-11T13:22:25.654+0000][1][safepoint    ] Safepoint "Cleanup", Time since last: 1000211964 ns, Reaching safepoint: 254090 ns, At safepoint: 21690 ns, Total: 275780 ns
[2020-09-11T13:22:26.655+0000][1][safepoint    ] Safepoint "Cleanup", Time since last: 1000232567 ns, Reaching safepoint: 118425 ns, At safepoint: 6989 ns, Total: 125414 ns
[2020-09-11T13:22:27.655+0000][1][safepoint    ] Safepoint "Cleanup", Time since last: 1000217099 ns, Reaching safepoint: 83169 ns, At safepoint: 7305 ns, Total: 90474 ns
[2020-09-11T13:22:28.655+0000][1][safepoint    ] Safepoint "Cleanup", Time since last: 1000176241 ns, Reaching safepoint: 148210 ns, At safepoint: 16848 ns, Total: 165058 ns
[2020-09-11T13:22:29.657+0000][1][safepoint    ] Safepoint "Cleanup", Time since last: 1001086296 ns, Reaching safepoint: 135013 ns, At safepoint: 16662 ns, Total: 151675 ns
[2020-09-11T13:22:30.657+0000][1][safepoint    ] Safepoint "Cleanup", Time since last: 1000220403 ns, Reaching safepoint: 112760 ns, At safepoint: 7120 ns, Total: 119880 ns
[2020-09-11T13:22:31.657+0000][1][safepoint    ] Safepoint "Cleanup", Time since last: 1000149199 ns, Reaching safepoint: 143512 ns, At safepoint: 16625 ns, Total: 160137 ns
[2020-09-11T13:22:32.658+0000][1][safepoint    ] Safepoint "Cleanup", Time since last: 1000186347 ns, Reaching safepoint: 151902 ns, At safepoint: 17266 ns, Total: 169168 ns
[2020-09-11T13:22:33.658+0000][1][safepoint    ] Safepoint "Cleanup", Time since last: 1000230587 ns, Reaching safepoint: 165593 ns, At safepoint: 18593 ns, Total: 184186 ns
[2020-09-11T13:22:34.659+0000][1][safepoint    ] Safepoint "Cleanup", Time since last: 1001228422 ns, Reaching safepoint: 113933 ns, At safepoint: 7002 ns, Total: 120935 ns
[2020-09-11T13:22:35.660+0000][1][safepoint    ] Safepoint "Cleanup", Time since last: 1000197719 ns, Reaching safepoint: 121784 ns, At safepoint: 7503 ns, Total: 129287 ns
[2020-09-11T13:22:36.014+0000][1][safepoint    ] Safepoint "RevokeBias", Time since last: 354592194 ns, Reaching safepoint: 248272 ns, At safepoint: 23513 ns, Total: 271785 ns
[2020-09-11T13:22:37.015+0000][1][safepoint    ] Safepoint "Cleanup", Time since last: 1000146501 ns, Reaching safepoint: 154324 ns, At safepoint: 17821 ns, Total: 172145 ns
[2020-09-11T13:22:38.015+0000][1][safepoint    ] Safepoint "Cleanup", Time since last: 1000182575 ns, Reaching safepoint: 149282 ns, At safepoint: 18209 ns, Total: 167491 ns
[2020-09-11T13:22:46.016+0000][1][safepoint    ] Safepoint "Cleanup", Time since last: 8001195276 ns, Reaching safepoint: 101765 ns, At safepoint: 7564 ns, Total: 109329 ns
[2020-09-11T13:22:47.377+0000][1][safepoint    ] Safepoint "RevokeBias", Time since last: 1359841514 ns, Reaching safepoint: 269582 ns, At safepoint: 50045 ns, Total: 319627 ns
[2020-09-11T13:22:48.377+0000][1][safepoint    ] Safepoint "Cleanup", Time since last: 1000217117 ns, Reaching safepoint: 157248 ns, At safepoint: 17864 ns, Total: 175112 ns
[2020-09-11T13:22:49.377+0000][1][safepoint    ] Safepoint "Cleanup", Time since last: 1000222391 ns, Reaching safepoint: 102812 ns, At safepoint: 7259 ns, Total: 110071 ns
[2020-09-11T13:22:50.378+0000][1][safepoint    ] Safepoint "Cleanup", Time since last: 1000190801 ns, Reaching safepoint: 156289 ns, At safepoint: 19187 ns, Total: 175476 ns
[2020-09-11T13:22:51.378+0000][1][safepoint    ] Safepoint "Cleanup", Time since last: 1000194698 ns, Reaching safepoint: 110661 ns, At safepoint: 6466 ns, Total: 117127 ns
[2020-09-11T13:22:52.378+0000][1][safepoint    ] Safepoint "Cleanup", Time since last: 1000142765 ns, Reaching safepoint: 145370 ns, At safepoint: 17741 ns, Total: 163111 ns
[2020-09-11T13:22:53.379+0000][1][safepoint    ] Safepoint "Cleanup", Time since last: 1000249016 ns, Reaching safepoint: 183532 ns, At safepoint: 8756 ns, Total: 192288 ns
[2020-09-11T13:22:54.379+0000][1][safepoint    ] Safepoint "Cleanup", Time since last: 1000220610 ns, Reaching safepoint: 146847 ns, At safepoint: 17554 ns, Total: 164401 ns
[2020-09-11T13:22:55.380+0000][1][safepoint    ] Safepoint "Cleanup", Time since last: 1000216381 ns, Reaching safepoint: 199037 ns, At safepoint: 18836 ns, Total: 217873 ns
[2020-09-11T13:22:56.380+0000][1][safepoint    ] Safepoint "Cleanup", Time since last: 1000222811 ns, Reaching safepoint: 107361 ns, At safepoint: 7549 ns, Total: 114910 ns
[2020-09-11T13:22:57.380+0000][1][safepoint    ] Safepoint "Cleanup", Time since last: 1000180800 ns, Reaching safepoint: 143593 ns, At safepoint: 17741 ns, Total: 161334 ns
[2020-09-11T13:22:58.381+0000][1][safepoint    ] Safepoint "Cleanup", Time since last: 1000211174 ns, Reaching safepoint: 146523 ns, At safepoint: 17948 ns, Total: 164471 ns
[2020-09-11T13:22:59.381+0000][1][safepoint    ] Safepoint "Cleanup", Time since last: 1000221670 ns, Reaching safepoint: 145320 ns, At safepoint: 18125 ns, Total: 163445 ns
[2020-09-11T13:23:00.381+0000][1][safepoint    ] Safepoint "Cleanup", Time since last: 1000244120 ns, Reaching safepoint: 144752 ns, At safepoint: 17023 ns, Total: 161775 ns
[2020-09-11T13:23:01.382+0000][1][safepoint    ] Safepoint "Cleanup", Time since last: 1000303360 ns, Reaching safepoint: 87120 ns, At safepoint: 6994 ns, Total: 94114 ns
[2020-09-11T13:23:02.382+0000][1][safepoint    ] Safepoint "Cleanup", Time since last: 1000181790 ns, Reaching safepoint: 146139 ns, At safepoint: 17039 ns, Total: 163178 ns
[2020-09-11T13:23:03.383+0000][1][safepoint    ] Safepoint "Cleanup", Time since last: 1000228675 ns, Reaching safepoint: 143766 ns, At safepoint: 17754 ns, Total: 161520 ns
[2020-09-11T13:23:04.383+0000][1][safepoint    ] Safepoint "Cleanup", Time since last: 1000191410 ns, Reaching safepoint: 145373 ns, At safepoint: 17026 ns, Total: 162399 ns
[2020-09-11T13:23:05.383+0000][1][safepoint    ] Safepoint "Cleanup", Time since last: 1000214163 ns, Reaching safepoint: 144759 ns, At safepoint: 16882 ns, Total: 161641 ns
[2020-09-11T13:23:05.735+0000][1][gc,start     ] GC(77) Pause Young (Allocation Failure)
[2020-09-11T13:23:05.735+0000][1][gc,task      ] GC(77) Using 1 workers of 1 for evacuation
[2020-09-11T13:23:05.754+0000][1][gc,age       ] GC(77) Desired survivor size 4358144 bytes, new threshold 6 (max threshold 6)
[2020-09-11T13:23:05.754+0000][1][gc,age       ] GC(77) Age table with threshold 6 (max threshold 6)
[2020-09-11T13:23:05.754+0000][1][gc,age       ] GC(77) - age   1:      44096 bytes,      44096 total
[2020-09-11T13:23:05.754+0000][1][gc,age       ] GC(77) - age   2:     166744 bytes,     210840 total
[2020-09-11T13:23:05.754+0000][1][gc,age       ] GC(77) - age   3:      95688 bytes,     306528 total
[2020-09-11T13:23:05.754+0000][1][gc,age       ] GC(77) - age   4:     110056 bytes,     416584 total
[2020-09-11T13:23:05.754+0000][1][gc,age       ] GC(77) - age   5:     235592 bytes,     652176 total
[2020-09-11T13:23:05.754+0000][1][gc,age       ] GC(77) - age   6:      21688 bytes,     673864 total
[2020-09-11T13:23:05.754+0000][1][gc,heap      ] GC(77) ParNew: 69004K->735K(76672K)
[2020-09-11T13:23:05.754+0000][1][gc,heap      ] GC(77) CMS: 100321K->100511K(2011968K)
[2020-09-11T13:23:05.754+0000][1][gc,metaspace ] GC(77) Metaspace: 84098K->84098K(1126400K)
[2020-09-11T13:23:05.754+0000][1][gc           ] GC(77) Pause Young (Allocation Failure) 165M->98M(2039M) 19.018ms
[2020-09-11T13:23:05.754+0000][1][gc,cpu       ] GC(77) User=0.02s Sys=0.00s Real=0.02s
[2020-09-11T13:23:05.754+0000][1][safepoint    ] Safepoint "GenCollectForAllocation", Time since last: 351664857 ns, Reaching safepoint: 258156 ns, At safepoint: 19099206 ns, Total: 19357362 ns
[2020-09-11T13:23:06.757+0000][1][safepoint    ] Safepoint "Cleanup", Time since last: 1002951853 ns, Reaching safepoint: 147783 ns, At safepoint: 51341 ns, Total: 199124 ns
[2020-09-11T13:23:07.758+0000][1][safepoint    ] Safepoint "Cleanup", Time since last: 1000262476 ns, Reaching safepoint: 121107 ns, At safepoint: 6377 ns, Total: 127484 ns
[2020-09-11T13:23:08.758+0000][1][safepoint    ] Safepoint "Cleanup", Time since last: 1000175398 ns, Reaching safepoint: 156252 ns, At safepoint: 18375 ns, Total: 174627 ns
[2020-09-11T13:23:09.759+0000][1][safepoint    ] Safepoint "Cleanup", Time since last: 1000215179 ns, Reaching safepoint: 144341 ns, At safepoint: 17136 ns, Total: 161477 ns
[2020-09-11T13:23:10.759+0000][1][safepoint    ] Safepoint "Cleanup", Time since last: 1000178220 ns, Reaching safepoint: 244975 ns, At safepoint: 17935 ns, Total: 262910 ns
[2020-09-11T13:23:11.759+0000][1][safepoint    ] Safepoint "Cleanup", Time since last: 1000212521 ns, Reaching safepoint: 171243 ns, At safepoint: 15496 ns, Total: 186739 ns
[2020-09-11T13:23:12.760+0000][1][safepoint    ] Safepoint "Cleanup", Time since last: 1000232341 ns, Reaching safepoint: 147729 ns, At safepoint: 17537 ns, Total: 165266 ns
[2020-09-11T13:23:13.760+0000][1][safepoint    ] Safepoint "Cleanup", Time since last: 1000241429 ns, Reaching safepoint: 144238 ns, At safepoint: 16741 ns, Total: 160979 ns
[2020-09-11T13:23:14.761+0000][1][safepoint    ] Safepoint "Cleanup", Time since last: 1000212934 ns, Reaching safepoint: 146369 ns, At safepoint: 17032 ns, Total: 163401 ns
[2020-09-11T13:23:15.761+0000][1][safepoint    ] Safepoint "Cleanup", Time since last: 1000253692 ns, Reaching safepoint: 111822 ns, At safepoint: 7018 ns, Total: 118840 ns
[2020-09-11T13:23:16.761+0000][1][safepoint    ] Safepoint "Cleanup", Time since last: 1000185147 ns, Reaching safepoint: 108739 ns, At safepoint: 7553 ns, Total: 116292 ns
[2020-09-11T13:23:17.762+0000][1][safepoint    ] Safepoint "Cleanup", Time since last: 1000215115 ns, Reaching safepoint: 105658 ns, At safepoint: 6148 ns, Total: 111806 ns
[2020-09-11T13:23:18.762+0000][1][safepoint    ] Safepoint "Cleanup", Time since last: 1000217189 ns, Reaching safepoint: 106524 ns, At safepoint: 7278 ns, Total: 113802 ns
[2020-09-11T13:23:19.762+0000][1][safepoint    ] Safepoint "Cleanup", Time since last: 1000193209 ns, Reaching safepoint: 105061 ns, At safepoint: 6261 ns, Total: 111322 ns
[2020-09-11T13:23:20.763+0000][1][safepoint    ] Safepoint "Cleanup", Time since last: 1000182501 ns, Reaching safepoint: 144297 ns, At safepoint: 17721 ns, Total: 162018 ns
[2020-09-11T13:23:21.763+0000][1][safepoint    ] Safepoint "Cleanup", Time since last: 1000214139 ns, Reaching safepoint: 146900 ns, At safepoint: 16177 ns, Total: 163077 ns
[2020-09-11T13:23:22.763+0000][1][safepoint    ] Safepoint "Cleanup", Time since last: 1000158297 ns, Reaching safepoint: 81460 ns, At safepoint: 15269 ns, Total: 96729 ns
[2020-09-11T13:23:23.764+0000][1][safepoint    ] Safepoint "Cleanup", Time since last: 1000201437 ns, Reaching safepoint: 99027 ns, At safepoint: 6605 ns, Total: 105632 ns
[2020-09-11T13:23:24.764+0000][1][safepoint    ] Safepoint "Cleanup", Time since last: 1000154905 ns, Reaching safepoint: 143128 ns, At safepoint: 16979 ns, Total: 160107 ns
[2020-09-11T13:23:25.764+0000][1][safepoint    ] Safepoint "Cleanup", Time since last: 1000179963 ns, Reaching safepoint: 150225 ns, At safepoint: 15395 ns, Total: 165620 ns
[2020-09-11T13:23:26.765+0000][1][safepoint    ] Safepoint "Cleanup", Time since last: 1000216924 ns, Reaching safepoint: 147956 ns, At safepoint: 18235 ns, Total: 166191 ns
[2020-09-11T13:23:27.765+0000][1][safepoint    ] Safepoint "Cleanup", Time since last: 1000223708 ns, Reaching safepoint: 190394 ns, At safepoint: 17146 ns, Total: 207540 ns
[2020-09-11T13:23:28.765+0000][1][safepoint    ] Safepoint "Cleanup", Time since last: 1000175933 ns, Reaching safepoint: 134566 ns, At safepoint: 18021 ns, Total: 152587 ns
[2020-09-11T13:23:29.766+0000][1][safepoint    ] Safepoint "Cleanup", Time since last: 1000230667 ns, Reaching safepoint: 102316 ns, At safepoint: 6931 ns, Total: 109247 ns
[2020-09-11T13:23:30.766+0000][1][safepoint    ] Safepoint "Cleanup", Time since last: 1000195827 ns, Reaching safepoint: 144742 ns, At safepoint: 17724 ns, Total: 162466 ns
[2020-09-11T13:23:31.766+0000][1][safepoint    ] Safepoint "Cleanup", Time since last: 1000237639 ns, Reaching safepoint: 94224 ns, At safepoint: 6756 ns, Total: 100980 ns
[2020-09-11T13:23:31.819+0000][1][safepoint    ] Safepoint "RevokeBias", Time since last: 52235111 ns, Reaching safepoint: 218438 ns, At safepoint: 22221 ns, Total: 240659 ns
[2020-09-11T13:23:32.819+0000][1][safepoint    ] Safepoint "Cleanup", Time since last: 1000140179 ns, Reaching safepoint: 166646 ns, At safepoint: 20093 ns, Total: 186739 ns
[2020-09-11T13:23:35.820+0000][1][safepoint    ] Safepoint "Cleanup", Time since last: 3000453694 ns, Reaching safepoint: 142982 ns, At safepoint: 5879 ns, Total: 148861 ns
[2020-09-11T13:23:38.820+0000][1][safepoint    ] Safepoint "Cleanup", Time since last: 3000409495 ns, Reaching safepoint: 140953 ns, At safepoint: 14350 ns, Total: 155303 ns
[2020-09-11T13:23:40.821+0000][1][safepoint    ] Safepoint "Cleanup", Time since last: 2000298386 ns, Reaching safepoint: 269656 ns, At safepoint: 7299 ns, Total: 276955 ns
[2020-09-11T13:23:44.822+0000][1][safepoint    ] Safepoint "Cleanup", Time since last: 4000553376 ns, Reaching safepoint: 152376 ns, At safepoint: 17958 ns, Total: 170334 ns
[2020-09-11T13:23:46.822+0000][1][safepoint    ] Safepoint "Cleanup", Time since last: 2000294749 ns, Reaching safepoint: 129013 ns, At safepoint: 7384 ns, Total: 136397 ns
[2020-09-11T13:23:54.823+0000][1][safepoint    ] Safepoint "Cleanup", Time since last: 8001203526 ns, Reaching safepoint: 94256 ns, At safepoint: 7268 ns, Total: 101524 ns
[2020-09-11T13:23:56.824+0000][1][safepoint    ] Safepoint "Cleanup", Time since last: 2000281770 ns, Reaching safepoint: 119074 ns, At safepoint: 7202 ns, Total: 126276 ns
[2020-09-11T13:24:02.825+0000][1][safepoint    ] Safepoint "Cleanup", Time since last: 6000891913 ns, Reaching safepoint: 153134 ns, At safepoint: 19351 ns, Total: 172485 ns
[2020-09-11T13:24:20.827+0000][1][safepoint    ] Safepoint "Cleanup", Time since last: 18002478500 ns, Reaching safepoint: 116971 ns, At safepoint: 7669 ns, Total: 124640 ns
[2020-09-11T13:24:20.864+0000][1][gc,start     ] GC(78) Pause Young (Allocation Failure)
[2020-09-11T13:24:20.864+0000][1][gc,task      ] GC(78) Using 1 workers of 1 for evacuation
[2020-09-11T13:24:20.879+0000][1][gc,age       ] GC(78) Desired survivor size 4358144 bytes, new threshold 6 (max threshold 6)
[2020-09-11T13:24:20.879+0000][1][gc,age       ] GC(78) Age table with threshold 6 (max threshold 6)
[2020-09-11T13:24:20.879+0000][1][gc,age       ] GC(78) - age   1:      35200 bytes,      35200 total
[2020-09-11T13:24:20.879+0000][1][gc,age       ] GC(78) - age   2:      23304 bytes,      58504 total
[2020-09-11T13:24:20.879+0000][1][gc,age       ] GC(78) - age   3:     166712 bytes,     225216 total
[2020-09-11T13:24:20.879+0000][1][gc,age       ] GC(78) - age   4:      95688 bytes,     320904 total
[2020-09-11T13:24:20.879+0000][1][gc,age       ] GC(78) - age   5:     108856 bytes,     429760 total
[2020-09-11T13:24:20.879+0000][1][gc,age       ] GC(78) - age   6:     235592 bytes,     665352 total
[2020-09-11T13:24:20.879+0000][1][gc,heap      ] GC(78) ParNew: 68895K->677K(76672K)
[2020-09-11T13:24:20.879+0000][1][gc,heap      ] GC(78) CMS: 100511K->100532K(2011968K)
[2020-09-11T13:24:20.879+0000][1][gc,metaspace ] GC(78) Metaspace: 84182K->84182K(1126400K)
[2020-09-11T13:24:20.879+0000][1][gc           ] GC(78) Pause Young (Allocation Failure) 165M->98M(2039M) 15.121ms
[2020-09-11T13:24:20.879+0000][1][gc,cpu       ] GC(78) User=0.01s Sys=0.00s Real=0.01s
[2020-09-11T13:24:20.879+0000][1][safepoint    ] Safepoint "GenCollectForAllocation", Time since last: 36503167 ns, Reaching safepoint: 182944 ns, At safepoint: 15209909 ns, Total: 15392853 ns
[2020-09-11T13:24:25.883+0000][1][safepoint    ] Safepoint "Cleanup", Time since last: 5003717960 ns, Reaching safepoint: 194421 ns, At safepoint: 7484 ns, Total: 201905 ns
[2020-09-11T13:24:27.884+0000][1][safepoint    ] Safepoint "Cleanup", Time since last: 2000309040 ns, Reaching safepoint: 120929 ns, At safepoint: 7534 ns, Total: 128463 ns
[2020-09-11T13:24:28.884+0000][1][safepoint    ] Safepoint "Cleanup", Time since last: 1000198644 ns, Reaching safepoint: 124942 ns, At safepoint: 6675 ns, Total: 131617 ns
[2020-09-11T13:24:29.884+0000][1][safepoint    ] Safepoint "Cleanup", Time since last: 1000170861 ns, Reaching safepoint: 136683 ns, At safepoint: 17814 ns, Total: 154497 ns
[2020-09-11T13:24:30.885+0000][1][safepoint    ] Safepoint "Cleanup", Time since last: 1000175711 ns, Reaching safepoint: 120962 ns, At safepoint: 6583 ns, Total: 127545 ns
[2020-09-11T13:24:31.885+0000][1][safepoint    ] Safepoint "Cleanup", Time since last: 1000167980 ns, Reaching safepoint: 107145 ns, At safepoint: 7015 ns, Total: 114160 ns
[2020-09-11T13:24:32.148+0000][1][safepoint    ] Safepoint "RevokeBias", Time since last: 262889695 ns, Reaching safepoint: 224526 ns, At safepoint: 20936 ns, Total: 245462 ns
[2020-09-11T13:24:33.148+0000][1][safepoint    ] Safepoint "Cleanup", Time since last: 1000189201 ns, Reaching safepoint: 171864 ns, At safepoint: 22004 ns, Total: 193868 ns
[2020-09-11T13:24:34.149+0000][1][safepoint    ] Safepoint "Cleanup", Time since last: 1000217000 ns, Reaching safepoint: 146917 ns, At safepoint: 18365 ns, Total: 165282 ns
[2020-09-11T13:24:35.149+0000][1][safepoint    ] Safepoint "Cleanup", Time since last: 1000181930 ns, Reaching safepoint: 124382 ns, At safepoint: 6917 ns, Total: 131299 ns
[2020-09-11T13:24:36.149+0000][1][safepoint    ] Safepoint "Cleanup", Time since last: 1000149797 ns, Reaching safepoint: 117938 ns, At safepoint: 9287 ns, Total: 127225 ns
[2020-09-11T13:24:37.150+0000][1][safepoint    ] Safepoint "Cleanup", Time since last: 1000148020 ns, Reaching safepoint: 144121 ns, At safepoint: 18288 ns, Total: 162409 ns
[2020-09-11T13:24:38.150+0000][1][safepoint    ] Safepoint "Cleanup", Time since last: 1000212571 ns, Reaching safepoint: 105935 ns, At safepoint: 7423 ns, Total: 113358 ns
[2020-09-11T13:24:39.150+0000][1][safepoint    ] Safepoint "Cleanup", Time since last: 1000140911 ns, Reaching safepoint: 144321 ns, At safepoint: 14967 ns, Total: 159288 ns
[2020-09-11T13:24:40.151+0000][1][safepoint    ] Safepoint "Cleanup", Time since last: 1000188040 ns, Reaching safepoint: 149229 ns, At safepoint: 17049 ns, Total: 166278 ns
[2020-09-11T13:24:41.151+0000][1][safepoint    ] Safepoint "Cleanup", Time since last: 1000246478 ns, Reaching safepoint: 98508 ns, At safepoint: 8884 ns, Total: 107392 ns
[2020-09-11T13:24:42.151+0000][1][safepoint    ] Safepoint "Cleanup", Time since last: 1000186406 ns, Reaching safepoint: 103010 ns, At safepoint: 8651 ns, Total: 111661 ns
[2020-09-11T13:24:43.152+0000][1][safepoint    ] Safepoint "Cleanup", Time since last: 1000186666 ns, Reaching safepoint: 167879 ns, At safepoint: 18178 ns, Total: 186057 ns
[2020-09-11T13:24:44.152+0000][1][safepoint    ] Safepoint "Cleanup", Time since last: 1000211391 ns, Reaching safepoint: 163415 ns, At safepoint: 18419 ns, Total: 181834 ns
[2020-09-11T13:24:45.153+0000][1][safepoint    ] Safepoint "Cleanup", Time since last: 1000212232 ns, Reaching safepoint: 146089 ns, At safepoint: 17567 ns, Total: 163656 ns
[2020-09-11T13:24:46.153+0000][1][safepoint    ] Safepoint "Cleanup", Time since last: 1000210776 ns, Reaching safepoint: 147736 ns, At safepoint: 17824 ns, Total: 165560 ns
[2020-09-11T13:24:47.153+0000][1][safepoint    ] Safepoint "Cleanup", Time since last: 1000233243 ns, Reaching safepoint: 148143 ns, At safepoint: 17403 ns, Total: 165546 ns
[2020-09-11T13:24:48.154+0000][1][safepoint    ] Safepoint "Cleanup", Time since last: 1000196080 ns, Reaching safepoint: 156329 ns, At safepoint: 17507 ns, Total: 173836 ns
[2020-09-11T13:24:49.154+0000][1][safepoint    ] Safepoint "Cleanup", Time since last: 1000238707 ns, Reaching safepoint: 146730 ns, At safepoint: 18990 ns, Total: 165720 ns
[2020-09-11T13:24:50.154+0000][1][safepoint    ] Safepoint "Cleanup", Time since last: 1000223559 ns, Reaching safepoint: 147472 ns, At safepoint: 19465 ns, Total: 166937 ns
[2020-09-11T13:24:51.155+0000][1][safepoint    ] Safepoint "Cleanup", Time since last: 1000257807 ns, Reaching safepoint: 168466 ns, At safepoint: 22990 ns, Total: 191456 ns
[2020-09-11T13:24:52.155+0000][1][safepoint    ] Safepoint "Cleanup", Time since last: 1000228475 ns, Reaching safepoint: 147265 ns, At safepoint: 19394 ns, Total: 166659 ns
[2020-09-11T13:24:53.156+0000][1][safepoint    ] Safepoint "Cleanup", Time since last: 1000293443 ns, Reaching safepoint: 104676 ns, At safepoint: 9710 ns, Total: 114386 ns
[2020-09-11T13:24:54.156+0000][1][safepoint    ] Safepoint "Cleanup", Time since last: 1000184032 ns, Reaching safepoint: 115619 ns, At safepoint: 8039 ns, Total: 123658 ns
[2020-09-11T13:24:55.156+0000][1][safepoint    ] Safepoint "Cleanup", Time since last: 1000187603 ns, Reaching safepoint: 105676 ns, At safepoint: 7553 ns, Total: 113229 ns
[2020-09-11T13:24:56.157+0000][1][safepoint    ] Safepoint "Cleanup", Time since last: 1000148604 ns, Reaching safepoint: 149078 ns, At safepoint: 18603 ns, Total: 167681 ns
[2020-09-11T13:24:57.157+0000][1][safepoint    ] Safepoint "Cleanup", Time since last: 1000235050 ns, Reaching safepoint: 148648 ns, At safepoint: 18596 ns, Total: 167244 ns
[2020-09-11T13:24:58.157+0000][1][safepoint    ] Safepoint "Cleanup", Time since last: 1000239749 ns, Reaching safepoint: 147623 ns, At safepoint: 18088 ns, Total: 165711 ns
[2020-09-11T13:24:59.158+0000][1][safepoint    ] Safepoint "Cleanup", Time since last: 1000224122 ns, Reaching safepoint: 146212 ns, At safepoint: 17250 ns, Total: 163462 ns
[2020-09-11T13:25:00.158+0000][1][safepoint    ] Safepoint "Cleanup", Time since last: 1000236148 ns, Reaching safepoint: 148557 ns, At safepoint: 18132 ns, Total: 166689 ns
[2020-09-11T13:25:01.159+0000][1][safepoint    ] Safepoint "Cleanup", Time since last: 1000220591 ns, Reaching safepoint: 158667 ns, At safepoint: 17577 ns, Total: 176244 ns
[2020-09-11T13:25:02.159+0000][1][safepoint    ] Safepoint "Cleanup", Time since last: 1000279843 ns, Reaching safepoint: 86783 ns, At safepoint: 7532 ns, Total: 94315 ns
[2020-09-11T13:25:03.159+0000][1][safepoint    ] Safepoint "Cleanup", Time since last: 1000177540 ns, Reaching safepoint: 111502 ns, At safepoint: 7764 ns, Total: 119266 ns
[2020-09-11T13:25:05.160+0000][1][safepoint    ] Safepoint "Cleanup", Time since last: 2000286072 ns, Reaching safepoint: 123921 ns, At safepoint: 7067 ns, Total: 130988 ns
[2020-09-11T13:25:16.161+0000][1][safepoint    ] Safepoint "Cleanup", Time since last: 11001586054 ns, Reaching safepoint: 118897 ns, At safepoint: 7656 ns, Total: 126553 ns
[2020-09-11T13:25:27.163+0000][1][safepoint    ] Safepoint "Cleanup", Time since last: 11001576296 ns, Reaching safepoint: 122529 ns, At safepoint: 8040 ns, Total: 130569 ns
[2020-09-11T13:25:30.164+0000][1][safepoint    ] Safepoint "Cleanup", Time since last: 3000508736 ns, Reaching safepoint: 196307 ns, At safepoint: 18622 ns, Total: 214929 ns
[2020-09-11T13:25:32.164+0000][1][safepoint    ] Safepoint "Cleanup", Time since last: 2000418374 ns, Reaching safepoint: 102541 ns, At safepoint: 7963 ns, Total: 110504 ns
[2020-09-11T13:25:36.000+0000][1][gc,start     ] GC(79) Pause Young (Allocation Failure)
[2020-09-11T13:25:36.000+0000][1][gc,task      ] GC(79) Using 1 workers of 1 for evacuation
[2020-09-11T13:25:36.019+0000][1][gc,age       ] GC(79) Desired survivor size 4358144 bytes, new threshold 6 (max threshold 6)
[2020-09-11T13:25:36.019+0000][1][gc,age       ] GC(79) Age table with threshold 6 (max threshold 6)
[2020-09-11T13:25:36.019+0000][1][gc,age       ] GC(79) - age   1:      23880 bytes,      23880 total
[2020-09-11T13:25:36.019+0000][1][gc,age       ] GC(79) - age   2:      19744 bytes,      43624 total
[2020-09-11T13:25:36.019+0000][1][gc,age       ] GC(79) - age   3:      20672 bytes,      64296 total
[2020-09-11T13:25:36.019+0000][1][gc,age       ] GC(79) - age   4:     166712 bytes,     231008 total
[2020-09-11T13:25:36.019+0000][1][gc,age       ] GC(79) - age   5:      95688 bytes,     326696 total
[2020-09-11T13:25:36.019+0000][1][gc,age       ] GC(79) - age   6:     106376 bytes,     433072 total
[2020-09-11T13:25:36.019+0000][1][gc,heap      ] GC(79) ParNew: 68837K->656K(76672K)
[2020-09-11T13:25:36.019+0000][1][gc,heap      ] GC(79) CMS: 100532K->100770K(2011968K)
[2020-09-11T13:25:36.019+0000][1][gc,metaspace ] GC(79) Metaspace: 84192K->84192K(1126400K)
[2020-09-11T13:25:36.019+0000][1][gc           ] GC(79) Pause Young (Allocation Failure) 165M->99M(2039M) 18.847ms
[2020-09-11T13:25:36.019+0000][1][gc,cpu       ] GC(79) User=0.02s Sys=0.00s Real=0.02s
[2020-09-11T13:25:36.019+0000][1][safepoint    ] Safepoint "GenCollectForAllocation", Time since last: 3835371994 ns, Reaching safepoint: 278646 ns, At safepoint: 18991180 ns, Total: 19269826 ns
[2020-09-11T13:25:43.023+0000][1][safepoint    ] Safepoint "Cleanup", Time since last: 7003624959 ns, Reaching safepoint: 77034 ns, At safepoint: 5489 ns, Total: 82523 ns
[2020-09-11T13:25:46.023+0000][1][safepoint    ] Safepoint "Cleanup", Time since last: 3000485956 ns, Reaching safepoint: 96383 ns, At safepoint: 6024 ns, Total: 102407 ns
[2020-09-11T13:25:47.024+0000][1][safepoint    ] Safepoint "Cleanup", Time since last: 1000155062 ns, Reaching safepoint: 150238 ns, At safepoint: 18169 ns, Total: 168407 ns
[2020-09-11T13:25:54.029+0000][1][safepoint    ] Safepoint "Cleanup", Time since last: 7004949279 ns, Reaching safepoint: 151130 ns, At safepoint: 17267 ns, Total: 168397 ns
[2020-09-11T13:25:56.029+0000][1][safepoint    ] Safepoint "Cleanup", Time since last: 2000352443 ns, Reaching safepoint: 149744 ns, At safepoint: 17347 ns, Total: 167091 ns
[2020-09-11T13:25:59.030+0000][1][safepoint    ] Safepoint "Cleanup", Time since last: 3000427086 ns, Reaching safepoint: 103694 ns, At safepoint: 7764 ns, Total: 111458 ns
[2020-09-11T13:26:06.031+0000][1][safepoint    ] Safepoint "Cleanup", Time since last: 7000915161 ns, Reaching safepoint: 107493 ns, At safepoint: 7313 ns, Total: 114806 ns
[2020-09-11T13:26:11.032+0000][1][safepoint    ] Safepoint "Cleanup", Time since last: 5000669957 ns, Reaching safepoint: 122559 ns, At safepoint: 7257 ns, Total: 129816 ns
[2020-09-11T13:26:19.033+0000][1][safepoint    ] Safepoint "Cleanup", Time since last: 8001136924 ns, Reaching safepoint: 133289 ns, At safepoint: 16070 ns, Total: 149359 ns
[2020-09-11T13:26:39.036+0000][1][safepoint    ] Safepoint "Cleanup", Time since last: 20002912084 ns, Reaching safepoint: 175166 ns, At safepoint: 20099 ns, Total: 195265 ns
[2020-09-11T13:26:51.121+0000][1][gc,start     ] GC(80) Pause Young (Allocation Failure)
[2020-09-11T13:26:51.121+0000][1][gc,task      ] GC(80) Using 1 workers of 1 for evacuation
[2020-09-11T13:26:51.135+0000][1][gc,age       ] GC(80) Desired survivor size 4358144 bytes, new threshold 6 (max threshold 6)
[2020-09-11T13:26:51.136+0000][1][gc,age       ] GC(80) Age table with threshold 6 (max threshold 6)
[2020-09-11T13:26:51.136+0000][1][gc,age       ] GC(80) - age   1:      17984 bytes,      17984 total
[2020-09-11T13:26:51.136+0000][1][gc,age       ] GC(80) - age   2:       6824 bytes,      24808 total
[2020-09-11T13:26:51.136+0000][1][gc,age       ] GC(80) - age   3:      19744 bytes,      44552 total
[2020-09-11T13:26:51.136+0000][1][gc,age       ] GC(80) - age   4:      20672 bytes,      65224 total
[2020-09-11T13:26:51.136+0000][1][gc,age       ] GC(80) - age   5:     166712 bytes,     231936 total
[2020-09-11T13:26:51.136+0000][1][gc,age       ] GC(80) - age   6:      95688 bytes,     327624 total
[2020-09-11T13:26:51.136+0000][1][gc,heap      ] GC(80) ParNew: 68816K->481K(76672K)
[2020-09-11T13:26:51.136+0000][1][gc,heap      ] GC(80) CMS: 100770K->100875K(2011968K)
[2020-09-11T13:26:51.136+0000][1][gc,metaspace ] GC(80) Metaspace: 84221K->84221K(1126400K)
[2020-09-11T13:26:51.136+0000][1][gc           ] GC(80) Pause Young (Allocation Failure) 165M->98M(2039M) 15.110ms
[2020-09-11T13:26:51.136+0000][1][gc,cpu       ] GC(80) User=0.01s Sys=0.00s Real=0.02s
[2020-09-11T13:26:51.136+0000][1][safepoint    ] Safepoint "GenCollectForAllocation", Time since last: 12084254346 ns, Reaching safepoint: 192934 ns, At safepoint: 15185460 ns, Total: 15378394 ns
[2020-09-11T13:26:55.029+0000][1][safepoint    ] Safepoint "RevokeBias", Time since last: 3892900732 ns, Reaching safepoint: 190681 ns, At safepoint: 9280 ns, Total: 199961 ns
[2020-09-11T13:26:55.030+0000][1][safepoint    ] Safepoint "RevokeBias", Time since last: 568973 ns, Reaching safepoint: 161576 ns, At safepoint: 7023 ns, Total: 168599 ns
[2020-09-11T13:26:56.030+0000][1][safepoint    ] Safepoint "Cleanup", Time since last: 1000155750 ns, Reaching safepoint: 156897 ns, At safepoint: 17547 ns, Total: 174444 ns
[2020-09-11T13:26:58.030+0000][1][safepoint    ] Safepoint "Cleanup", Time since last: 2000361622 ns, Reaching safepoint: 104781 ns, At safepoint: 7335 ns, Total: 112116 ns
[2020-09-11T13:26:59.034+0000][1][safepoint    ] Safepoint "Cleanup", Time since last: 1003191953 ns, Reaching safepoint: 103592 ns, At safepoint: 7355 ns, Total: 110947 ns
[2020-09-11T13:27:01.034+0000][1][safepoint    ] Safepoint "Cleanup", Time since last: 2000340659 ns, Reaching safepoint: 112582 ns, At safepoint: 8232 ns, Total: 120814 ns
[2020-09-11T13:27:03.035+0000][1][safepoint    ] Safepoint "Cleanup", Time since last: 2000315728 ns, Reaching safepoint: 102353 ns, At safepoint: 7318 ns, Total: 109671 ns
[2020-09-11T13:27:04.035+0000][1][safepoint    ] Safepoint "Cleanup", Time since last: 1000246025 ns, Reaching safepoint: 84892 ns, At safepoint: 7797 ns, Total: 92689 ns
[2020-09-11T13:27:22.037+0000][1][safepoint    ] Safepoint "Cleanup", Time since last: 18002414319 ns, Reaching safepoint: 151477 ns, At safepoint: 18189 ns, Total: 169666 ns
[2020-09-11T13:27:23.038+0000][1][safepoint    ] Safepoint "Cleanup", Time since last: 1000217186 ns, Reaching safepoint: 139680 ns, At safepoint: 17036 ns, Total: 156716 ns
[2020-09-11T13:27:24.038+0000][1][safepoint    ] Safepoint "Cleanup", Time since last: 1000240389 ns, Reaching safepoint: 98183 ns, At safepoint: 7399 ns, Total: 105582 ns
[2020-09-11T13:27:25.038+0000][1][safepoint    ] Safepoint "Cleanup", Time since last: 1000211307 ns, Reaching safepoint: 106699 ns, At safepoint: 7415 ns, Total: 114114 ns
[2020-09-11T13:27:26.039+0000][1][safepoint    ] Safepoint "Cleanup", Time since last: 1000184398 ns, Reaching safepoint: 104621 ns, At safepoint: 7723 ns, Total: 112344 ns
[2020-09-11T13:27:27.039+0000][1][safepoint    ] Safepoint "Cleanup", Time since last: 1000173713 ns, Reaching safepoint: 141471 ns, At safepoint: 17096 ns, Total: 158567 ns
[2020-09-11T13:27:28.039+0000][1][safepoint    ] Safepoint "Cleanup", Time since last: 1000180189 ns, Reaching safepoint: 166552 ns, At safepoint: 15616 ns, Total: 182168 ns
[2020-09-11T13:27:29.040+0000][1][safepoint    ] Safepoint "Cleanup", Time since last: 1000217412 ns, Reaching safepoint: 254056 ns, At safepoint: 23631 ns, Total: 277687 ns
[2020-09-11T13:27:30.040+0000][1][safepoint    ] Safepoint "Cleanup", Time since last: 1000216728 ns, Reaching safepoint: 144959 ns, At safepoint: 19355 ns, Total: 164314 ns
[2020-09-11T13:27:31.041+0000][1][safepoint    ] Safepoint "Cleanup", Time since last: 1000212536 ns, Reaching safepoint: 151398 ns, At safepoint: 19969 ns, Total: 171367 ns
[2020-09-11T13:27:32.041+0000][1][safepoint    ] Safepoint "Cleanup", Time since last: 1000216837 ns, Reaching safepoint: 142724 ns, At safepoint: 16856 ns, Total: 159580 ns
[2020-09-11T13:27:33.041+0000][1][safepoint    ] Safepoint "Cleanup", Time since last: 1000181384 ns, Reaching safepoint: 136062 ns, At safepoint: 14918 ns, Total: 150980 ns
[2020-09-11T13:27:34.042+0000][1][safepoint    ] Safepoint "Cleanup", Time since last: 1000204888 ns, Reaching safepoint: 161768 ns, At safepoint: 18536 ns, Total: 180304 ns
[2020-09-11T13:27:35.042+0000][1][safepoint    ] Safepoint "Cleanup", Time since last: 1000217438 ns, Reaching safepoint: 134615 ns, At safepoint: 17103 ns, Total: 151718 ns
[2020-09-11T13:27:36.043+0000][1][safepoint    ] Safepoint "Cleanup", Time since last: 1000222783 ns, Reaching safepoint: 143676 ns, At safepoint: 18139 ns, Total: 161815 ns
[2020-09-11T13:27:37.043+0000][1][safepoint    ] Safepoint "Cleanup", Time since last: 1000272636 ns, Reaching safepoint: 142670 ns, At safepoint: 17243 ns, Total: 159913 ns
[2020-09-11T13:27:38.043+0000][1][safepoint    ] Safepoint "Cleanup", Time since last: 1000225052 ns, Reaching safepoint: 140589 ns, At safepoint: 41435 ns, Total: 182024 ns
[2020-09-11T13:27:39.044+0000][1][safepoint    ] Safepoint "Cleanup", Time since last: 1000228499 ns, Reaching safepoint: 144846 ns, At safepoint: 17259 ns, Total: 162105 ns
[2020-09-11T13:27:40.044+0000][1][safepoint    ] Safepoint "Cleanup", Time since last: 1000217480 ns, Reaching safepoint: 142594 ns, At safepoint: 17617 ns, Total: 160211 ns
[2020-09-11T13:27:41.045+0000][1][safepoint    ] Safepoint "Cleanup", Time since last: 1000223792 ns, Reaching safepoint: 141277 ns, At safepoint: 17657 ns, Total: 158934 ns
[2020-09-11T13:27:42.045+0000][1][safepoint    ] Safepoint "Cleanup", Time since last: 1000222216 ns, Reaching safepoint: 140717 ns, At safepoint: 17934 ns, Total: 158651 ns
[2020-09-11T13:27:43.045+0000][1][safepoint    ] Safepoint "Cleanup", Time since last: 1000184204 ns, Reaching safepoint: 143108 ns, At safepoint: 17273 ns, Total: 160381 ns
[2020-09-11T13:27:44.046+0000][1][safepoint    ] Safepoint "Cleanup", Time since last: 1000211712 ns, Reaching safepoint: 145815 ns, At safepoint: 17978 ns, Total: 163793 ns
[2020-09-11T13:27:45.046+0000][1][safepoint    ] Safepoint "Cleanup", Time since last: 1000184961 ns, Reaching safepoint: 143105 ns, At safepoint: 17360 ns, Total: 160465 ns
[2020-09-11T13:27:46.046+0000][1][safepoint    ] Safepoint "Cleanup", Time since last: 1000229037 ns, Reaching safepoint: 164384 ns, At safepoint: 15930 ns, Total: 180314 ns
[2020-09-11T13:27:47.047+0000][1][safepoint    ] Safepoint "Cleanup", Time since last: 1000402008 ns, Reaching safepoint: 147793 ns, At safepoint: 17339 ns, Total: 165132 ns
[2020-09-11T13:27:48.047+0000][1][safepoint    ] Safepoint "Cleanup", Time since last: 1000191068 ns, Reaching safepoint: 115591 ns, At safepoint: 7002 ns, Total: 122593 ns
[2020-09-11T13:27:49.048+0000][1][safepoint    ] Safepoint "Cleanup", Time since last: 1000144220 ns, Reaching safepoint: 139981 ns, At safepoint: 7633 ns, Total: 147614 ns
[2020-09-11T13:27:50.048+0000][1][safepoint    ] Safepoint "Cleanup", Time since last: 1000135392 ns, Reaching safepoint: 124541 ns, At safepoint: 7738 ns, Total: 132279 ns
[2020-09-11T13:27:51.048+0000][1][safepoint    ] Safepoint "Cleanup", Time since last: 1000146112 ns, Reaching safepoint: 147648 ns, At safepoint: 19395 ns, Total: 167043 ns
[2020-09-11T13:27:52.049+0000][1][safepoint    ] Safepoint "Cleanup", Time since last: 1000224158 ns, Reaching safepoint: 145851 ns, At safepoint: 19237 ns, Total: 165088 ns
[2020-09-11T13:27:53.049+0000][1][safepoint    ] Safepoint "Cleanup", Time since last: 1000215539 ns, Reaching safepoint: 144071 ns, At safepoint: 17386 ns, Total: 161457 ns
[2020-09-11T13:27:54.049+0000][1][safepoint    ] Safepoint "Cleanup", Time since last: 1000211104 ns, Reaching safepoint: 145343 ns, At safepoint: 17009 ns, Total: 162352 ns
[2020-09-11T13:27:55.050+0000][1][safepoint    ] Safepoint "Cleanup", Time since last: 1000186612 ns, Reaching safepoint: 114900 ns, At safepoint: 7350 ns, Total: 122250 ns
[2020-09-11T13:27:56.050+0000][1][safepoint    ] Safepoint "Cleanup", Time since last: 1000192157 ns, Reaching safepoint: 111628 ns, At safepoint: 7942 ns, Total: 119570 ns
[2020-09-11T13:27:57.050+0000][1][safepoint    ] Safepoint "Cleanup", Time since last: 1000174258 ns, Reaching safepoint: 103739 ns, At safepoint: 7379 ns, Total: 111118 ns
[2020-09-11T13:27:58.051+0000][1][safepoint    ] Safepoint "Cleanup", Time since last: 1000170543 ns, Reaching safepoint: 97664 ns, At safepoint: 7373 ns, Total: 105037 ns
[2020-09-11T13:27:59.051+0000][1][safepoint    ] Safepoint "Cleanup", Time since last: 1000186491 ns, Reaching safepoint: 95907 ns, At safepoint: 7425 ns, Total: 103332 ns
[2020-09-11T13:28:00.051+0000][1][safepoint    ] Safepoint "Cleanup", Time since last: 1000177939 ns, Reaching safepoint: 143346 ns, At safepoint: 17951 ns, Total: 161297 ns
[2020-09-11T13:28:01.052+0000][1][safepoint    ] Safepoint "Cleanup", Time since last: 1000211923 ns, Reaching safepoint: 164835 ns, At safepoint: 17273 ns, Total: 182108 ns
[2020-09-11T13:28:06.052+0000][1][safepoint    ] Safepoint "Cleanup", Time since last: 5000654582 ns, Reaching safepoint: 239095 ns, At safepoint: 19562 ns, Total: 258657 ns
[2020-09-11T13:28:06.263+0000][1][gc,start     ] GC(81) Pause Young (Allocation Failure)
[2020-09-11T13:28:06.263+0000][1][gc,task      ] GC(81) Using 1 workers of 1 for evacuation
[2020-09-11T13:28:06.278+0000][1][gc,age       ] GC(81) Desired survivor size 4358144 bytes, new threshold 6 (max threshold 6)
[2020-09-11T13:28:06.278+0000][1][gc,age       ] GC(81) Age table with threshold 6 (max threshold 6)
[2020-09-11T13:28:06.278+0000][1][gc,age       ] GC(81) - age   1:      41104 bytes,      41104 total
[2020-09-11T13:28:06.278+0000][1][gc,age       ] GC(81) - age   2:       2016 bytes,      43120 total
[2020-09-11T13:28:06.278+0000][1][gc,age       ] GC(81) - age   3:       4280 bytes,      47400 total
[2020-09-11T13:28:06.278+0000][1][gc,age       ] GC(81) - age   4:      19640 bytes,      67040 total
[2020-09-11T13:28:06.278+0000][1][gc,age       ] GC(81) - age   5:      20672 bytes,      87712 total
[2020-09-11T13:28:06.278+0000][1][gc,age       ] GC(81) - age   6:     166712 bytes,     254424 total
[2020-09-11T13:28:06.278+0000][1][gc,heap      ] GC(81) ParNew: 68641K->360K(76672K)
[2020-09-11T13:28:06.278+0000][1][gc,heap      ] GC(81) CMS: 100875K->100970K(2011968K)
[2020-09-11T13:28:06.278+0000][1][gc,metaspace ] GC(81) Metaspace: 84261K->84261K(1126400K)
[2020-09-11T13:28:06.278+0000][1][gc           ] GC(81) Pause Young (Allocation Failure) 165M->98M(2039M) 15.555ms
[2020-09-11T13:28:06.278+0000][1][gc,cpu       ] GC(81) User=0.02s Sys=0.00s Real=0.02s
[2020-09-11T13:28:06.279+0000][1][safepoint    ] Safepoint "GenCollectForAllocation", Time since last: 210167142 ns, Reaching safepoint: 189289 ns, At safepoint: 16469810 ns, Total: 16659099 ns
[2020-09-11T13:28:14.283+0000][1][safepoint    ] Safepoint "Cleanup", Time since last: 8003940797 ns, Reaching safepoint: 116001 ns, At safepoint: 6963 ns, Total: 122964 ns
[2020-09-11T13:28:15.284+0000][1][safepoint    ] Safepoint "Cleanup", Time since last: 1000195872 ns, Reaching safepoint: 156573 ns, At safepoint: 18121 ns, Total: 174694 ns
[2020-09-11T13:28:19.284+0000][1][safepoint    ] Safepoint "Cleanup", Time since last: 4000591755 ns, Reaching safepoint: 143617 ns, At safepoint: 7702 ns, Total: 151319 ns
[2020-09-11T13:28:21.285+0000][1][safepoint    ] Safepoint "Cleanup", Time since last: 2000308306 ns, Reaching safepoint: 160619 ns, At safepoint: 19561 ns, Total: 180180 ns
[2020-09-11T13:28:30.842+0000][1][safepoint    ] Safepoint "RevokeBias", Time since last: 9556809797 ns, Reaching safepoint: 69394 ns, At safepoint: 37245 ns, Total: 106639 ns
[2020-09-11T13:28:31.843+0000][1][safepoint    ] Safepoint "Cleanup", Time since last: 1001077130 ns, Reaching safepoint: 217753 ns, At safepoint: 17841 ns, Total: 235594 ns
[2020-09-11T13:28:36.844+0000][1][safepoint    ] Safepoint "Cleanup", Time since last: 5001161461 ns, Reaching safepoint: 120229 ns, At safepoint: 7387 ns, Total: 127616 ns
[2020-09-11T13:28:38.845+0000][1][safepoint    ] Safepoint "Cleanup", Time since last: 2000311126 ns, Reaching safepoint: 150619 ns, At safepoint: 17474 ns, Total: 168093 ns
[2020-09-11T13:28:43.846+0000][1][safepoint    ] Safepoint "Cleanup", Time since last: 5000785864 ns, Reaching safepoint: 156135 ns, At safepoint: 17995 ns, Total: 174130 ns
[2020-09-11T13:28:46.847+0000][1][safepoint    ] Safepoint "Cleanup", Time since last: 3000486811 ns, Reaching safepoint: 154417 ns, At safepoint: 17507 ns, Total: 171924 ns
[2020-09-11T13:28:51.848+0000][1][safepoint    ] Safepoint "Cleanup", Time since last: 5000719772 ns, Reaching safepoint: 347832 ns, At safepoint: 17851 ns, Total: 365683 ns
[2020-09-11T13:28:52.848+0000][1][safepoint    ] Safepoint "Cleanup", Time since last: 1000236637 ns, Reaching safepoint: 101303 ns, At safepoint: 7087 ns, Total: 108390 ns
[2020-09-11T13:28:54.848+0000][1][safepoint    ] Safepoint "Cleanup", Time since last: 2000346456 ns, Reaching safepoint: 99384 ns, At safepoint: 7703 ns, Total: 107087 ns
[2020-09-11T13:28:58.849+0000][1][safepoint    ] Safepoint "Cleanup", Time since last: 4000605545 ns, Reaching safepoint: 110777 ns, At safepoint: 7459 ns, Total: 118236 ns
[2020-09-11T13:29:03.850+0000][1][safepoint    ] Safepoint "Cleanup", Time since last: 5000764240 ns, Reaching safepoint: 149875 ns, At safepoint: 9034 ns, Total: 158909 ns
[2020-09-11T13:29:07.104+0000][1][safepoint    ] Safepoint "RevokeBias", Time since last: 3254289283 ns, Reaching safepoint: 67912 ns, At safepoint: 18993 ns, Total: 86905 ns
[2020-09-11T13:29:07.107+0000][1][safepoint    ] Safepoint "RevokeBias", Time since last: 2235081 ns, Reaching safepoint: 186886 ns, At safepoint: 10538 ns, Total: 197424 ns
[2020-09-11T13:29:07.121+0000][1][safepoint    ] Safepoint "RevokeBias", Time since last: 12965678 ns, Reaching safepoint: 238688 ns, At safepoint: 476614 ns, Total: 715302 ns
[2020-09-11T13:29:07.122+0000][1][safepoint    ] Safepoint "RevokeBias", Time since last: 1009101 ns, Reaching safepoint: 174404 ns, At safepoint: 30562 ns, Total: 204966 ns
[2020-09-11T13:29:08.123+0000][1][safepoint    ] Safepoint "Cleanup", Time since last: 1001488035 ns, Reaching safepoint: 96191 ns, At safepoint: 6623 ns, Total: 102814 ns
[2020-09-11T13:29:09.124+0000][1][safepoint    ] Safepoint "Cleanup", Time since last: 1000179517 ns, Reaching safepoint: 166071 ns, At safepoint: 19392 ns, Total: 185463 ns
[2020-09-11T13:29:10.124+0000][1][safepoint    ] Safepoint "Cleanup", Time since last: 1000214245 ns, Reaching safepoint: 111337 ns, At safepoint: 7861 ns, Total: 119198 ns
[2020-09-11T13:29:11.124+0000][1][safepoint    ] Safepoint "Cleanup", Time since last: 1000188074 ns, Reaching safepoint: 108463 ns, At safepoint: 7989 ns, Total: 116452 ns
[2020-09-11T13:29:12.125+0000][1][safepoint    ] Safepoint "Cleanup", Time since last: 1000154574 ns, Reaching safepoint: 133440 ns, At safepoint: 7373 ns, Total: 140813 ns
[2020-09-11T13:29:19.126+0000][1][safepoint    ] Safepoint "Cleanup", Time since last: 7000915304 ns, Reaching safepoint: 130687 ns, At safepoint: 7758 ns, Total: 138445 ns
[2020-09-11T13:29:20.435+0000][1][gc,start     ] GC(82) Pause Young (Allocation Failure)
[2020-09-11T13:29:20.435+0000][1][gc,task      ] GC(82) Using 1 workers of 1 for evacuation
[2020-09-11T13:29:20.449+0000][1][gc,age       ] GC(82) Desired survivor size 4358144 bytes, new threshold 6 (max threshold 6)
[2020-09-11T13:29:20.449+0000][1][gc,age       ] GC(82) Age table with threshold 6 (max threshold 6)
[2020-09-11T13:29:20.449+0000][1][gc,age       ] GC(82) - age   1:      78488 bytes,      78488 total
[2020-09-11T13:29:20.449+0000][1][gc,age       ] GC(82) - age   2:      25640 bytes,     104128 total
[2020-09-11T13:29:20.449+0000][1][gc,age       ] GC(82) - age   3:       2016 bytes,     106144 total
[2020-09-11T13:29:20.449+0000][1][gc,age       ] GC(82) - age   4:       4128 bytes,     110272 total
[2020-09-11T13:29:20.449+0000][1][gc,age       ] GC(82) - age   5:      17160 bytes,     127432 total
[2020-09-11T13:29:20.449+0000][1][gc,age       ] GC(82) - age   6:      20672 bytes,     148104 total
[2020-09-11T13:29:20.449+0000][1][gc,heap      ] GC(82) ParNew: 68520K->276K(76672K)
[2020-09-11T13:29:20.449+0000][1][gc,heap      ] GC(82) CMS: 100970K->101136K(2011968K)
[2020-09-11T13:29:20.449+0000][1][gc,metaspace ] GC(82) Metaspace: 84357K->84357K(1126400K)
[2020-09-11T13:29:20.449+0000][1][gc           ] GC(82) Pause Young (Allocation Failure) 165M->99M(2039M) 14.205ms
[2020-09-11T13:29:20.449+0000][1][gc,cpu       ] GC(82) User=0.01s Sys=0.00s Real=0.02s
[2020-09-11T13:29:20.449+0000][1][safepoint    ] Safepoint "GenCollectForAllocation", Time since last: 1309055578 ns, Reaching safepoint: 223646 ns, At safepoint: 14274469 ns, Total: 14498115 ns
[2020-09-11T13:29:37.194+0000][1][safepoint    ] Safepoint "RevokeBias", Time since last: 16744927444 ns, Reaching safepoint: 180935 ns, At safepoint: 15763 ns, Total: 196698 ns
[2020-09-11T13:29:38.195+0000][1][safepoint    ] Safepoint "Cleanup", Time since last: 1000163233 ns, Reaching safepoint: 129811 ns, At safepoint: 8398 ns, Total: 138209 ns
[2020-09-11T13:29:47.196+0000][1][safepoint    ] Safepoint "Cleanup", Time since last: 9001181134 ns, Reaching safepoint: 146082 ns, At safepoint: 19060 ns, Total: 165142 ns
[2020-09-11T13:29:55.197+0000][1][safepoint    ] Safepoint "Cleanup", Time since last: 8001134327 ns, Reaching safepoint: 147488 ns, At safepoint: 17667 ns, Total: 165155 ns
[2020-09-11T13:29:56.198+0000][1][safepoint    ] Safepoint "Cleanup", Time since last: 1000230562 ns, Reaching safepoint: 148276 ns, At safepoint: 17754 ns, Total: 166030 ns
[2020-09-11T13:30:19.201+0000][1][safepoint    ] Safepoint "Cleanup", Time since last: 23003232705 ns, Reaching safepoint: 147879 ns, At safepoint: 18806 ns, Total: 166685 ns
[2020-09-11T13:30:26.203+0000][1][safepoint    ] Safepoint "Cleanup", Time since last: 7001497827 ns, Reaching safepoint: 152183 ns, At safepoint: 17456 ns, Total: 169639 ns
[2020-09-11T13:30:27.203+0000][1][safepoint    ] Safepoint "Cleanup", Time since last: 1000255076 ns, Reaching safepoint: 147766 ns, At safepoint: 17714 ns, Total: 165480 ns
[2020-09-11T13:30:31.597+0000][1][gc,start     ] GC(83) Pause Young (Allocation Failure)
[2020-09-11T13:30:31.598+0000][1][gc,task      ] GC(83) Using 1 workers of 1 for evacuation
[2020-09-11T13:30:31.614+0000][1][gc,age       ] GC(83) Desired survivor size 4358144 bytes, new threshold 6 (max threshold 6)
[2020-09-11T13:30:31.614+0000][1][gc,age       ] GC(83) Age table with threshold 6 (max threshold 6)
[2020-09-11T13:30:31.614+0000][1][gc,age       ] GC(83) - age   1:      71376 bytes,      71376 total
[2020-09-11T13:30:31.614+0000][1][gc,age       ] GC(83) - age   2:      57528 bytes,     128904 total
[2020-09-11T13:30:31.614+0000][1][gc,age       ] GC(83) - age   3:      23160 bytes,     152064 total
[2020-09-11T13:30:31.614+0000][1][gc,age       ] GC(83) - age   4:       2016 bytes,     154080 total
[2020-09-11T13:30:31.614+0000][1][gc,age       ] GC(83) - age   5:       4128 bytes,     158208 total
[2020-09-11T13:30:31.614+0000][1][gc,age       ] GC(83) - age   6:      14680 bytes,     172888 total
[2020-09-11T13:30:31.614+0000][1][gc,heap      ] GC(83) ParNew: 68436K->246K(76672K)
[2020-09-11T13:30:31.614+0000][1][gc,heap      ] GC(83) CMS: 101136K->101154K(2011968K)
[2020-09-11T13:30:31.614+0000][1][gc,metaspace ] GC(83) Metaspace: 84488K->84488K(1126400K)
[2020-09-11T13:30:31.614+0000][1][gc           ] GC(83) Pause Young (Allocation Failure) 165M->99M(2039M) 16.652ms
[2020-09-11T13:30:31.614+0000][1][gc,cpu       ] GC(83) User=0.02s Sys=0.00s Real=0.01s
[2020-09-11T13:30:31.614+0000][1][safepoint    ] Safepoint "GenCollectForAllocation", Time since last: 4393944029 ns, Reaching safepoint: 157027 ns, At safepoint: 16760400 ns, Total: 16917427 ns
[2020-09-11T13:30:37.621+0000][1][safepoint    ] Safepoint "Cleanup", Time since last: 6006736771 ns, Reaching safepoint: 194650 ns, At safepoint: 16351 ns, Total: 211001 ns
[2020-09-11T13:30:38.621+0000][1][safepoint    ] Safepoint "Cleanup", Time since last: 1000187636 ns, Reaching safepoint: 143950 ns, At safepoint: 15436 ns, Total: 159386 ns
[2020-09-11T13:30:39.622+0000][1][safepoint    ] Safepoint "Cleanup", Time since last: 1000205710 ns, Reaching safepoint: 161524 ns, At safepoint: 16688 ns, Total: 178212 ns
[2020-09-11T13:30:44.623+0000][1][safepoint    ] Safepoint "Cleanup", Time since last: 5000664870 ns, Reaching safepoint: 155173 ns, At safepoint: 18038 ns, Total: 173211 ns
[2020-09-11T13:30:45.623+0000][1][safepoint    ] Safepoint "Cleanup", Time since last: 1000260243 ns, Reaching safepoint: 137385 ns, At safepoint: 6680 ns, Total: 144065 ns
[2020-09-11T13:30:46.623+0000][1][safepoint    ] Safepoint "Cleanup", Time since last: 1000158768 ns, Reaching safepoint: 116269 ns, At safepoint: 7192 ns, Total: 123461 ns
[2020-09-11T13:30:47.624+0000][1][safepoint    ] Safepoint "Cleanup", Time since last: 1000159969 ns, Reaching safepoint: 117805 ns, At safepoint: 6970 ns, Total: 124775 ns
[2020-09-11T13:30:48.624+0000][1][safepoint    ] Safepoint "Cleanup", Time since last: 1000183408 ns, Reaching safepoint: 104574 ns, At safepoint: 6614 ns, Total: 111188 ns
[2020-09-11T13:30:49.624+0000][1][safepoint    ] Safepoint "Cleanup", Time since last: 1000148712 ns, Reaching safepoint: 126426 ns, At safepoint: 6959 ns, Total: 133385 ns
[2020-09-11T13:30:50.624+0000][1][safepoint    ] Safepoint "Cleanup", Time since last: 1000183018 ns, Reaching safepoint: 101175 ns, At safepoint: 7709 ns, Total: 108884 ns
[2020-09-11T13:30:51.625+0000][1][safepoint    ] Safepoint "Cleanup", Time since last: 1000180746 ns, Reaching safepoint: 100879 ns, At safepoint: 6919 ns, Total: 107798 ns
[2020-09-11T13:30:52.625+0000][1][safepoint    ] Safepoint "Cleanup", Time since last: 1000175879 ns, Reaching safepoint: 138106 ns, At safepoint: 17761 ns, Total: 155867 ns
[2020-09-11T13:30:53.625+0000][1][safepoint    ] Safepoint "Cleanup", Time since last: 1000239543 ns, Reaching safepoint: 97257 ns, At safepoint: 6818 ns, Total: 104075 ns
[2020-09-11T13:30:54.626+0000][1][safepoint    ] Safepoint "Cleanup", Time since last: 1000188947 ns, Reaching safepoint: 98383 ns, At safepoint: 7734 ns, Total: 106117 ns
[2020-09-11T13:30:55.626+0000][1][safepoint    ] Safepoint "Cleanup", Time since last: 1000149958 ns, Reaching safepoint: 148959 ns, At safepoint: 16748 ns, Total: 165707 ns
[2020-09-11T13:30:56.626+0000][1][safepoint    ] Safepoint "Cleanup", Time since last: 1000213796 ns, Reaching safepoint: 140549 ns, At safepoint: 19511 ns, Total: 160060 ns
[2020-09-11T13:30:57.627+0000][1][safepoint    ] Safepoint "Cleanup", Time since last: 1000233708 ns, Reaching safepoint: 100035 ns, At safepoint: 7375 ns, Total: 107410 ns
[2020-09-11T13:30:58.627+0000][1][safepoint    ] Safepoint "Cleanup", Time since last: 1000179461 ns, Reaching safepoint: 102281 ns, At safepoint: 8720 ns, Total: 111001 ns
[2020-09-11T13:30:59.627+0000][1][safepoint    ] Safepoint "Cleanup", Time since last: 1000193818 ns, Reaching safepoint: 106793 ns, At safepoint: 8129 ns, Total: 114922 ns
[2020-09-11T13:31:00.628+0000][1][safepoint    ] Safepoint "Cleanup", Time since last: 1000218875 ns, Reaching safepoint: 140937 ns, At safepoint: 19301 ns, Total: 160238 ns
[2020-09-11T13:31:01.628+0000][1][safepoint    ] Safepoint "Cleanup", Time since last: 1000190109 ns, Reaching safepoint: 142851 ns, At safepoint: 19024 ns, Total: 161875 ns
[2020-09-11T13:31:02.628+0000][1][safepoint    ] Safepoint "Cleanup", Time since last: 1000181996 ns, Reaching safepoint: 142136 ns, At safepoint: 18747 ns, Total: 160883 ns
[2020-09-11T13:31:03.629+0000][1][safepoint    ] Safepoint "Cleanup", Time since last: 1000203349 ns, Reaching safepoint: 141692 ns, At safepoint: 17704 ns, Total: 159396 ns
[2020-09-11T13:31:04.629+0000][1][safepoint    ] Safepoint "Cleanup", Time since last: 1000221741 ns, Reaching safepoint: 140386 ns, At safepoint: 19117 ns, Total: 159503 ns
[2020-09-11T13:31:05.629+0000][1][safepoint    ] Safepoint "Cleanup", Time since last: 1000195233 ns, Reaching safepoint: 108304 ns, At safepoint: 6452 ns, Total: 114756 ns
[2020-09-11T13:31:06.630+0000][1][safepoint    ] Safepoint "Cleanup", Time since last: 1000169151 ns, Reaching safepoint: 121803 ns, At safepoint: 16257 ns, Total: 138060 ns
[2020-09-11T13:31:07.630+0000][1][safepoint    ] Safepoint "Cleanup", Time since last: 1000175757 ns, Reaching safepoint: 134349 ns, At safepoint: 14757 ns, Total: 149106 ns
[2020-09-11T13:31:08.630+0000][1][safepoint    ] Safepoint "Cleanup", Time since last: 1000229300 ns, Reaching safepoint: 134522 ns, At safepoint: 21008 ns, Total: 155530 ns
[2020-09-11T13:31:09.631+0000][1][safepoint    ] Safepoint "Cleanup", Time since last: 1000198289 ns, Reaching safepoint: 145698 ns, At safepoint: 18302 ns, Total: 164000 ns
[2020-09-11T13:31:10.631+0000][1][safepoint    ] Safepoint "Cleanup", Time since last: 1000244353 ns, Reaching safepoint: 131531 ns, At safepoint: 19064 ns, Total: 150595 ns
[2020-09-11T13:31:11.632+0000][1][safepoint    ] Safepoint "Cleanup", Time since last: 1000271018 ns, Reaching safepoint: 101142 ns, At safepoint: 8076 ns, Total: 109218 ns
[2020-09-11T13:31:12.632+0000][1][safepoint    ] Safepoint "Cleanup", Time since last: 1000187047 ns, Reaching safepoint: 98765 ns, At safepoint: 8308 ns, Total: 107073 ns
[2020-09-11T13:31:13.632+0000][1][safepoint    ] Safepoint "Cleanup", Time since last: 1000172828 ns, Reaching safepoint: 108074 ns, At safepoint: 8391 ns, Total: 116465 ns
[2020-09-11T13:31:14.633+0000][1][safepoint    ] Safepoint "Cleanup", Time since last: 1000208216 ns, Reaching safepoint: 103995 ns, At safepoint: 8876 ns, Total: 112871 ns
[2020-09-11T13:31:15.633+0000][1][safepoint    ] Safepoint "Cleanup", Time since last: 1000195840 ns, Reaching safepoint: 94150 ns, At safepoint: 7913 ns, Total: 102063 ns
[2020-09-11T13:31:16.633+0000][1][safepoint    ] Safepoint "Cleanup", Time since last: 1000201123 ns, Reaching safepoint: 99004 ns, At safepoint: 8615 ns, Total: 107619 ns
[2020-09-11T13:31:17.633+0000][1][safepoint    ] Safepoint "Cleanup", Time since last: 1000153149 ns, Reaching safepoint: 112785 ns, At safepoint: 8136 ns, Total: 120921 ns
[2020-09-11T13:31:18.634+0000][1][safepoint    ] Safepoint "Cleanup", Time since last: 1000207074 ns, Reaching safepoint: 174002 ns, At safepoint: 29281 ns, Total: 203283 ns
[2020-09-11T13:31:19.634+0000][1][safepoint    ] Safepoint "Cleanup", Time since last: 1000222237 ns, Reaching safepoint: 104236 ns, At safepoint: 8337 ns, Total: 112573 ns
[2020-09-11T13:31:20.635+0000][1][safepoint    ] Safepoint "Cleanup", Time since last: 1000188821 ns, Reaching safepoint: 137659 ns, At safepoint: 18188 ns, Total: 155847 ns
[2020-09-11T13:31:21.635+0000][1][safepoint    ] Safepoint "Cleanup", Time since last: 1000233199 ns, Reaching safepoint: 91957 ns, At safepoint: 8454 ns, Total: 100411 ns
[2020-09-11T13:31:22.635+0000][1][safepoint    ] Safepoint "Cleanup", Time since last: 1000143364 ns, Reaching safepoint: 140542 ns, At safepoint: 18549 ns, Total: 159091 ns
[2020-09-11T13:31:23.636+0000][1][safepoint    ] Safepoint "Cleanup", Time since last: 1000183132 ns, Reaching safepoint: 163232 ns, At safepoint: 17480 ns, Total: 180712 ns
[2020-09-11T13:31:24.636+0000][1][safepoint    ] Safepoint "Cleanup", Time since last: 1000177544 ns, Reaching safepoint: 114399 ns, At safepoint: 8426 ns, Total: 122825 ns
[2020-09-11T13:31:25.636+0000][1][safepoint    ] Safepoint "Cleanup", Time since last: 1000148187 ns, Reaching safepoint: 116458 ns, At safepoint: 6041 ns, Total: 122499 ns
[2020-09-11T13:31:27.636+0000][1][safepoint    ] Safepoint "Cleanup", Time since last: 2000300983 ns, Reaching safepoint: 107991 ns, At safepoint: 6385 ns, Total: 114376 ns
[2020-09-11T13:31:37.638+0000][1][safepoint    ] Safepoint "Cleanup", Time since last: 10001432416 ns, Reaching safepoint: 158931 ns, At safepoint: 18770 ns, Total: 177701 ns
[2020-09-11T13:31:48.261+0000][1][gc,start     ] GC(84) Pause Young (Allocation Failure)
[2020-09-11T13:31:48.261+0000][1][gc,task      ] GC(84) Using 1 workers of 1 for evacuation
[2020-09-11T13:31:48.277+0000][1][gc,age       ] GC(84) Desired survivor size 4358144 bytes, new threshold 6 (max threshold 6)
[2020-09-11T13:31:48.277+0000][1][gc,age       ] GC(84) Age table with threshold 6 (max threshold 6)
[2020-09-11T13:31:48.277+0000][1][gc,age       ] GC(84) - age   1:      30888 bytes,      30888 total
[2020-09-11T13:31:48.277+0000][1][gc,age       ] GC(84) - age   2:      55288 bytes,      86176 total
[2020-09-11T13:31:48.277+0000][1][gc,age       ] GC(84) - age   3:      45880 bytes,     132056 total
[2020-09-11T13:31:48.277+0000][1][gc,age       ] GC(84) - age   4:      20680 bytes,     152736 total
[2020-09-11T13:31:48.277+0000][1][gc,age       ] GC(84) - age   5:       2016 bytes,     154752 total
[2020-09-11T13:31:48.277+0000][1][gc,age       ] GC(84) - age   6:       4128 bytes,     158880 total
[2020-09-11T13:31:48.277+0000][1][gc,heap      ] GC(84) ParNew: 68406K->157K(76672K)
[2020-09-11T13:31:48.277+0000][1][gc,heap      ] GC(84) CMS: 101154K->101169K(2011968K)
[2020-09-11T13:31:48.277+0000][1][gc,metaspace ] GC(84) Metaspace: 84542K->84542K(1126400K)
[2020-09-11T13:31:48.277+0000][1][gc           ] GC(84) Pause Young (Allocation Failure) 165M->98M(2039M) 16.787ms
[2020-09-11T13:31:48.277+0000][1][gc,cpu       ] GC(84) User=0.02s Sys=0.00s Real=0.02s
[2020-09-11T13:31:48.284+0000][1][safepoint    ] Safepoint "GenCollectForAllocation", Time since last: 10622188814 ns, Reaching safepoint: 259596 ns, At safepoint: 23124430 ns, Total: 23384026 ns
[2020-09-11T13:31:49.286+0000][1][safepoint    ] Safepoint "Cleanup", Time since last: 1002079626 ns, Reaching safepoint: 99260 ns, At safepoint: 20006 ns, Total: 119266 ns
[2020-09-11T13:31:54.296+0000][1][safepoint    ] Safepoint "Cleanup", Time since last: 5010221986 ns, Reaching safepoint: 104431 ns, At safepoint: 8169 ns, Total: 112600 ns
[2020-09-11T13:31:56.297+0000][1][safepoint    ] Safepoint "Cleanup", Time since last: 2000267156 ns, Reaching safepoint: 327048 ns, At safepoint: 20002 ns, Total: 347050 ns
[2020-09-11T13:32:01.298+0000][1][safepoint    ] Safepoint "Cleanup", Time since last: 5000754045 ns, Reaching safepoint: 115142 ns, At safepoint: 9822 ns, Total: 124964 ns
[2020-09-11T13:32:02.298+0000][1][safepoint    ] Safepoint "Cleanup", Time since last: 1000135512 ns, Reaching safepoint: 128556 ns, At safepoint: 16253 ns, Total: 144809 ns
[2020-09-11T13:32:04.298+0000][1][safepoint    ] Safepoint "Cleanup", Time since last: 2000340216 ns, Reaching safepoint: 107852 ns, At safepoint: 8053 ns, Total: 115905 ns
[2020-09-11T13:32:21.301+0000][1][safepoint    ] Safepoint "Cleanup", Time since last: 17002222568 ns, Reaching safepoint: 191182 ns, At safepoint: 18496 ns, Total: 209678 ns
[2020-09-11T13:32:33.303+0000][1][safepoint    ] Safepoint "Cleanup", Time since last: 12001697744 ns, Reaching safepoint: 194115 ns, At safepoint: 20424 ns, Total: 214539 ns
[2020-09-11T13:32:34.303+0000][1][safepoint    ] Safepoint "Cleanup", Time since last: 1000189862 ns, Reaching safepoint: 144518 ns, At safepoint: 16986 ns, Total: 161504 ns
[2020-09-11T13:32:35.304+0000][1][safepoint    ] Safepoint "Cleanup", Time since last: 1000254687 ns, Reaching safepoint: 120643 ns, At safepoint: 7771 ns, Total: 128414 ns
[2020-09-11T13:32:37.304+0000][1][safepoint    ] Safepoint "Cleanup", Time since last: 2000250468 ns, Reaching safepoint: 124395 ns, At safepoint: 8248 ns, Total: 132643 ns
[2020-09-11T13:32:45.305+0000][1][safepoint    ] Safepoint "Cleanup", Time since last: 8001112527 ns, Reaching safepoint: 158671 ns, At safepoint: 19946 ns, Total: 178617 ns
[2020-09-11T13:32:55.307+0000][1][safepoint    ] Safepoint "Cleanup", Time since last: 10001497405 ns, Reaching safepoint: 102226 ns, At safepoint: 8565 ns, Total: 110791 ns
[2020-09-11T13:32:56.308+0000][1][safepoint    ] Safepoint "Cleanup", Time since last: 1000916604 ns, Reaching safepoint: 147846 ns, At safepoint: 18523 ns, Total: 166369 ns
[2020-09-11T13:32:58.308+0000][1][safepoint    ] Safepoint "Cleanup", Time since last: 2000391091 ns, Reaching safepoint: 109556 ns, At safepoint: 7664 ns, Total: 117220 ns
[2020-09-11T13:33:01.309+0000][1][safepoint    ] Safepoint "Cleanup", Time since last: 3000477640 ns, Reaching safepoint: 105536 ns, At safepoint: 7652 ns, Total: 113188 ns
[2020-09-11T13:33:02.309+0000][1][safepoint    ] Safepoint "Cleanup", Time since last: 1000188649 ns, Reaching safepoint: 144468 ns, At safepoint: 17624 ns, Total: 162092 ns
[2020-09-11T13:33:06.777+0000][1][gc,start     ] GC(85) Pause Young (Allocation Failure)
[2020-09-11T13:33:06.778+0000][1][gc,task      ] GC(85) Using 1 workers of 1 for evacuation
[2020-09-11T13:33:06.792+0000][1][gc,age       ] GC(85) Desired survivor size 4358144 bytes, new threshold 6 (max threshold 6)
[2020-09-11T13:33:06.792+0000][1][gc,age       ] GC(85) Age table with threshold 6 (max threshold 6)
[2020-09-11T13:33:06.792+0000][1][gc,age       ] GC(85) - age   1:      21744 bytes,      21744 total
[2020-09-11T13:33:06.792+0000][1][gc,age       ] GC(85) - age   2:      11224 bytes,      32968 total
[2020-09-11T13:33:06.792+0000][1][gc,age       ] GC(85) - age   3:      49376 bytes,      82344 total
[2020-09-11T13:33:06.792+0000][1][gc,age       ] GC(85) - age   4:      45880 bytes,     128224 total
[2020-09-11T13:33:06.792+0000][1][gc,age       ] GC(85) - age   5:      20680 bytes,     148904 total
[2020-09-11T13:33:06.792+0000][1][gc,age       ] GC(85) - age   6:       2016 bytes,     150920 total
[2020-09-11T13:33:06.792+0000][1][gc,heap      ] GC(85) ParNew: 68317K->155K(76672K)
[2020-09-11T13:33:06.792+0000][1][gc,heap      ] GC(85) CMS: 101169K->101173K(2011968K)
[2020-09-11T13:33:06.792+0000][1][gc,metaspace ] GC(85) Metaspace: 84563K->84563K(1126400K)
[2020-09-11T13:33:06.792+0000][1][gc           ] GC(85) Pause Young (Allocation Failure) 165M->98M(2039M) 14.796ms
[2020-09-11T13:33:06.792+0000][1][gc,cpu       ] GC(85) User=0.02s Sys=0.00s Real=0.01s
[2020-09-11T13:33:06.792+0000][1][safepoint    ] Safepoint "GenCollectForAllocation", Time since last: 4467937694 ns, Reaching safepoint: 190256 ns, At safepoint: 14866452 ns, Total: 15056708 ns
[2020-09-11T13:33:10.796+0000][1][safepoint    ] Safepoint "Cleanup", Time since last: 4003653814 ns, Reaching safepoint: 108710 ns, At safepoint: 6902 ns, Total: 115612 ns
[2020-09-11T13:33:44.801+0000][1][safepoint    ] Safepoint "Cleanup", Time since last: 34004866412 ns, Reaching safepoint: 99701 ns, At safepoint: 7075 ns, Total: 106776 ns
[2020-09-11T13:34:02.804+0000][1][safepoint    ] Safepoint "Cleanup", Time since last: 18002498960 ns, Reaching safepoint: 109624 ns, At safepoint: 9054 ns, Total: 118678 ns
[2020-09-11T13:34:21.902+0000][1][gc,start     ] GC(86) Pause Young (Allocation Failure)
[2020-09-11T13:34:21.902+0000][1][gc,task      ] GC(86) Using 1 workers of 1 for evacuation
[2020-09-11T13:34:21.916+0000][1][gc,age       ] GC(86) Desired survivor size 4358144 bytes, new threshold 6 (max threshold 6)
[2020-09-11T13:34:21.916+0000][1][gc,age       ] GC(86) Age table with threshold 6 (max threshold 6)
[2020-09-11T13:34:21.916+0000][1][gc,age       ] GC(86) - age   1:      15928 bytes,      15928 total
[2020-09-11T13:34:21.916+0000][1][gc,age       ] GC(86) - age   2:       9272 bytes,      25200 total
[2020-09-11T13:34:21.916+0000][1][gc,age       ] GC(86) - age   3:      11224 bytes,      36424 total
[2020-09-11T13:34:21.916+0000][1][gc,age       ] GC(86) - age   4:      46896 bytes,      83320 total
[2020-09-11T13:34:21.916+0000][1][gc,age       ] GC(86) - age   5:      43400 bytes,     126720 total
[2020-09-11T13:34:21.916+0000][1][gc,age       ] GC(86) - age   6:      20680 bytes,     147400 total
[2020-09-11T13:34:21.916+0000][1][gc,heap      ] GC(86) ParNew: 68315K->149K(76672K)
[2020-09-11T13:34:21.916+0000][1][gc,heap      ] GC(86) CMS: 101173K->101175K(2011968K)
[2020-09-11T13:34:21.916+0000][1][gc,metaspace ] GC(86) Metaspace: 84565K->84565K(1126400K)
[2020-09-11T13:34:21.917+0000][1][gc           ] GC(86) Pause Young (Allocation Failure) 165M->98M(2039M) 14.605ms
[2020-09-11T13:34:21.917+0000][1][gc,cpu       ] GC(86) User=0.02s Sys=0.00s Real=0.02s
[2020-09-11T13:34:21.917+0000][1][safepoint    ] Safepoint "GenCollectForAllocation", Time since last: 19098016982 ns, Reaching safepoint: 193712 ns, At safepoint: 14681672 ns, Total: 14875384 ns
[2020-09-11T13:34:27.921+0000][1][safepoint    ] Safepoint "Cleanup", Time since last: 6003983611 ns, Reaching safepoint: 149490 ns, At safepoint: 18021 ns, Total: 167511 ns
[2020-09-11T13:34:43.923+0000][1][safepoint    ] Safepoint "Cleanup", Time since last: 16002267351 ns, Reaching safepoint: 111748 ns, At safepoint: 8892 ns, Total: 120640 ns
[2020-09-11T13:34:44.923+0000][1][safepoint    ] Safepoint "Cleanup", Time since last: 1000190430 ns, Reaching safepoint: 115399 ns, At safepoint: 8299 ns, Total: 123698 ns
[2020-09-11T13:34:45.924+0000][1][safepoint    ] Safepoint "Cleanup", Time since last: 1000140425 ns, Reaching safepoint: 152677 ns, At safepoint: 18476 ns, Total: 171153 ns
[2020-09-11T13:34:52.925+0000][1][safepoint    ] Safepoint "Cleanup", Time since last: 7001087986 ns, Reaching safepoint: 157234 ns, At safepoint: 18700 ns, Total: 175934 ns
[2020-09-11T13:34:57.926+0000][1][safepoint    ] Safepoint "Cleanup", Time since last: 5000696783 ns, Reaching safepoint: 238694 ns, At safepoint: 19067 ns, Total: 257761 ns
[2020-09-11T13:34:59.926+0000][1][safepoint    ] Safepoint "Cleanup", Time since last: 2000405751 ns, Reaching safepoint: 109162 ns, At safepoint: 8807 ns, Total: 117969 ns
[2020-09-11T13:35:02.927+0000][1][safepoint    ] Safepoint "Cleanup", Time since last: 3000464614 ns, Reaching safepoint: 102474 ns, At safepoint: 7075 ns, Total: 109549 ns
[2020-09-11T13:35:08.928+0000][1][safepoint    ] Safepoint "Cleanup", Time since last: 6000891809 ns, Reaching safepoint: 141892 ns, At safepoint: 17958 ns, Total: 159850 ns
[2020-09-11T13:35:12.929+0000][1][safepoint    ] Safepoint "Cleanup", Time since last: 4000590056 ns, Reaching safepoint: 108187 ns, At safepoint: 7563 ns, Total: 115750 ns
[2020-09-11T13:35:15.929+0000][1][safepoint    ] Safepoint "Cleanup", Time since last: 3000408745 ns, Reaching safepoint: 141528 ns, At safepoint: 16665 ns, Total: 158193 ns
[2020-09-11T13:35:19.930+0000][1][safepoint    ] Safepoint "Cleanup", Time since last: 4000614007 ns, Reaching safepoint: 144852 ns, At safepoint: 16979 ns, Total: 161831 ns
[2020-09-11T13:35:21.931+0000][1][safepoint    ] Safepoint "Cleanup", Time since last: 2000386090 ns, Reaching safepoint: 122818 ns, At safepoint: 7023 ns, Total: 129841 ns
[2020-09-11T13:35:24.931+0000][1][safepoint    ] Safepoint "Cleanup", Time since last: 3000411858 ns, Reaching safepoint: 109274 ns, At safepoint: 7889 ns, Total: 117163 ns
[2020-09-11T13:35:33.933+0000][1][safepoint    ] Safepoint "Cleanup", Time since last: 9001219400 ns, Reaching safepoint: 111165 ns, At safepoint: 7191 ns, Total: 118356 ns
[2020-09-11T13:35:37.034+0000][1][gc,start     ] GC(87) Pause Young (Allocation Failure)
[2020-09-11T13:35:37.034+0000][1][gc,task      ] GC(87) Using 1 workers of 1 for evacuation
[2020-09-11T13:35:37.048+0000][1][gc,age       ] GC(87) Desired survivor size 4358144 bytes, new threshold 6 (max threshold 6)
[2020-09-11T13:35:37.048+0000][1][gc,age       ] GC(87) Age table with threshold 6 (max threshold 6)
[2020-09-11T13:35:37.048+0000][1][gc,age       ] GC(87) - age   1:      26064 bytes,      26064 total
[2020-09-11T13:35:37.048+0000][1][gc,age       ] GC(87) - age   2:       2480 bytes,      28544 total
[2020-09-11T13:35:37.048+0000][1][gc,age       ] GC(87) - age   3:       6792 bytes,      35336 total
[2020-09-11T13:35:37.048+0000][1][gc,age       ] GC(87) - age   4:      11120 bytes,      46456 total
[2020-09-11T13:35:37.048+0000][1][gc,age       ] GC(87) - age   5:      44416 bytes,      90872 total
[2020-09-11T13:35:37.048+0000][1][gc,age       ] GC(87) - age   6:      43400 bytes,     134272 total
[2020-09-11T13:35:37.048+0000][1][gc,heap      ] GC(87) ParNew: 68309K->145K(76672K)
[2020-09-11T13:35:37.048+0000][1][gc,heap      ] GC(87) CMS: 101175K->101195K(2011968K)
[2020-09-11T13:35:37.048+0000][1][gc,metaspace ] GC(87) Metaspace: 84605K->84605K(1126400K)
[2020-09-11T13:35:37.048+0000][1][gc           ] GC(87) Pause Young (Allocation Failure) 165M->98M(2039M) 13.719ms
[2020-09-11T13:35:37.048+0000][1][gc,cpu       ] GC(87) User=0.01s Sys=0.00s Real=0.02s
[2020-09-11T13:35:37.048+0000][1][safepoint    ] Safepoint "GenCollectForAllocation", Time since last: 3101306533 ns, Reaching safepoint: 192200 ns, At safepoint: 13790797 ns, Total: 13982997 ns
[2020-09-11T13:35:41.051+0000][1][safepoint    ] Safepoint "Cleanup", Time since last: 4002775012 ns, Reaching safepoint: 105458 ns, At safepoint: 20206 ns, Total: 125664 ns
[2020-09-11T13:35:45.052+0000][1][safepoint    ] Safepoint "Cleanup", Time since last: 4000583598 ns, Reaching safepoint: 197580 ns, At safepoint: 16514 ns, Total: 214094 ns
[2020-09-11T13:35:45.368+0000][1][safepoint    ] Safepoint "RevokeBias", Time since last: 316386499 ns, Reaching safepoint: 67039 ns, At safepoint: 19605 ns, Total: 86644 ns
[2020-09-11T13:35:46.368+0000][1][safepoint    ] Safepoint "Cleanup", Time since last: 1000202316 ns, Reaching safepoint: 122074 ns, At safepoint: 7055 ns, Total: 129129 ns
[2020-09-11T13:35:52.369+0000][1][safepoint    ] Safepoint "Cleanup", Time since last: 6000993803 ns, Reaching safepoint: 101030 ns, At safepoint: 9990 ns, Total: 111020 ns
[2020-09-11T13:35:53.370+0000][1][safepoint    ] Safepoint "Cleanup", Time since last: 1000178260 ns, Reaching safepoint: 145757 ns, At safepoint: 19465 ns, Total: 165222 ns
[2020-09-11T13:35:56.370+0000][1][safepoint    ] Safepoint "Cleanup", Time since last: 3000503944 ns, Reaching safepoint: 155654 ns, At safepoint: 19541 ns, Total: 175195 ns
[2020-09-11T13:35:57.371+0000][1][safepoint    ] Safepoint "Cleanup", Time since last: 1000429274 ns, Reaching safepoint: 268897 ns, At safepoint: 20968 ns, Total: 289865 ns
[2020-09-11T13:35:58.372+0000][1][safepoint    ] Safepoint "Cleanup", Time since last: 1000235914 ns, Reaching safepoint: 120969 ns, At safepoint: 9506 ns, Total: 130475 ns
[2020-09-11T13:36:12.376+0000][1][safepoint    ] Safepoint "Cleanup", Time since last: 14004474851 ns, Reaching safepoint: 159322 ns, At safepoint: 20290 ns, Total: 179612 ns
[2020-09-11T13:36:22.381+0000][1][safepoint    ] Safepoint "Cleanup", Time since last: 10004351891 ns, Reaching safepoint: 143823 ns, At safepoint: 19027 ns, Total: 162850 ns
[2020-09-11T13:36:23.381+0000][1][safepoint    ] Safepoint "Cleanup", Time since last: 1000254053 ns, Reaching safepoint: 149279 ns, At safepoint: 19077 ns, Total: 168356 ns
[2020-09-11T13:36:26.382+0000][1][safepoint    ] Safepoint "Cleanup", Time since last: 3000485408 ns, Reaching safepoint: 147656 ns, At safepoint: 17169 ns, Total: 164825 ns
[2020-09-11T13:36:27.382+0000][1][safepoint    ] Safepoint "Cleanup", Time since last: 1000226920 ns, Reaching safepoint: 84816 ns, At safepoint: 7825 ns, Total: 92641 ns
[2020-09-11T13:36:28.382+0000][1][safepoint    ] Safepoint "Cleanup", Time since last: 1000217718 ns, Reaching safepoint: 132380 ns, At safepoint: 16658 ns, Total: 149038 ns
[2020-09-11T13:36:29.383+0000][1][safepoint    ] Safepoint "Cleanup", Time since last: 1000194075 ns, Reaching safepoint: 143876 ns, At safepoint: 15943 ns, Total: 159819 ns
[2020-09-11T13:36:30.383+0000][1][safepoint    ] Safepoint "Cleanup", Time since last: 1000220734 ns, Reaching safepoint: 134475 ns, At safepoint: 17170 ns, Total: 151645 ns
[2020-09-11T13:36:31.384+0000][1][safepoint    ] Safepoint "Cleanup", Time since last: 1000330819 ns, Reaching safepoint: 99943 ns, At safepoint: 7412 ns, Total: 107355 ns
[2020-09-11T13:36:32.384+0000][1][safepoint    ] Safepoint "Cleanup", Time since last: 1000143366 ns, Reaching safepoint: 135180 ns, At safepoint: 16474 ns, Total: 151654 ns
[2020-09-11T13:36:33.384+0000][1][safepoint    ] Safepoint "Cleanup", Time since last: 1000225632 ns, Reaching safepoint: 147181 ns, At safepoint: 18763 ns, Total: 165944 ns
[2020-09-11T13:36:34.385+0000][1][safepoint    ] Safepoint "Cleanup", Time since last: 1000231968 ns, Reaching safepoint: 86720 ns, At safepoint: 7127 ns, Total: 93847 ns
[2020-09-11T13:36:35.385+0000][1][safepoint    ] Safepoint "Cleanup", Time since last: 1000170403 ns, Reaching safepoint: 101907 ns, At safepoint: 7063 ns, Total: 108970 ns
[2020-09-11T13:36:36.385+0000][1][safepoint    ] Safepoint "Cleanup", Time since last: 1000179100 ns, Reaching safepoint: 98425 ns, At safepoint: 6549 ns, Total: 104974 ns
[2020-09-11T13:36:37.386+0000][1][safepoint    ] Safepoint "Cleanup", Time since last: 1000182320 ns, Reaching safepoint: 103223 ns, At safepoint: 8469 ns, Total: 111692 ns
[2020-09-11T13:36:38.386+0000][1][safepoint    ] Safepoint "Cleanup", Time since last: 1000202229 ns, Reaching safepoint: 138992 ns, At safepoint: 18950 ns, Total: 157942 ns
[2020-09-11T13:36:39.386+0000][1][safepoint    ] Safepoint "Cleanup", Time since last: 1000223799 ns, Reaching safepoint: 98068 ns, At safepoint: 8877 ns, Total: 106945 ns
[2020-09-11T13:36:40.386+0000][1][safepoint    ] Safepoint "Cleanup", Time since last: 1000110017 ns, Reaching safepoint: 68750 ns, At safepoint: 7251 ns, Total: 76001 ns
[2020-09-11T13:36:41.387+0000][1][safepoint    ] Safepoint "Cleanup", Time since last: 1000201761 ns, Reaching safepoint: 98704 ns, At safepoint: 7155 ns, Total: 105859 ns
[2020-09-11T13:36:42.387+0000][1][safepoint    ] Safepoint "Cleanup", Time since last: 1000179004 ns, Reaching safepoint: 136022 ns, At safepoint: 16568 ns, Total: 152590 ns
[2020-09-11T13:36:43.387+0000][1][safepoint    ] Safepoint "Cleanup", Time since last: 1000217284 ns, Reaching safepoint: 98234 ns, At safepoint: 6901 ns, Total: 105135 ns
[2020-09-11T13:36:44.388+0000][1][safepoint    ] Safepoint "Cleanup", Time since last: 1000187111 ns, Reaching safepoint: 135931 ns, At safepoint: 16495 ns, Total: 152426 ns
[2020-09-11T13:36:45.388+0000][1][safepoint    ] Safepoint "Cleanup", Time since last: 1000219112 ns, Reaching safepoint: 128852 ns, At safepoint: 17233 ns, Total: 146085 ns
[2020-09-11T13:36:46.388+0000][1][safepoint    ] Safepoint "Cleanup", Time since last: 1000169729 ns, Reaching safepoint: 125735 ns, At safepoint: 14620 ns, Total: 140355 ns
[2020-09-11T13:36:47.389+0000][1][safepoint    ] Safepoint "Cleanup", Time since last: 1000417090 ns, Reaching safepoint: 208572 ns, At safepoint: 20764 ns, Total: 229336 ns
[2020-09-11T13:36:48.389+0000][1][safepoint    ] Safepoint "Cleanup", Time since last: 1000331004 ns, Reaching safepoint: 72538 ns, At safepoint: 7094 ns, Total: 79632 ns
[2020-09-11T13:36:49.390+0000][1][safepoint    ] Safepoint "Cleanup", Time since last: 1000185093 ns, Reaching safepoint: 94199 ns, At safepoint: 7217 ns, Total: 101416 ns
[2020-09-11T13:36:50.390+0000][1][safepoint    ] Safepoint "Cleanup", Time since last: 1000203545 ns, Reaching safepoint: 138401 ns, At safepoint: 17356 ns, Total: 155757 ns
[2020-09-11T13:36:51.390+0000][1][safepoint    ] Safepoint "Cleanup", Time since last: 1000216903 ns, Reaching safepoint: 134204 ns, At safepoint: 17009 ns, Total: 151213 ns
[2020-09-11T13:36:52.166+0000][1][gc,start     ] GC(88) Pause Young (Allocation Failure)
[2020-09-11T13:36:52.166+0000][1][gc,task      ] GC(88) Using 1 workers of 1 for evacuation
[2020-09-11T13:36:52.184+0000][1][gc,age       ] GC(88) Desired survivor size 4358144 bytes, new threshold 6 (max threshold 6)
[2020-09-11T13:36:52.184+0000][1][gc,age       ] GC(88) Age table with threshold 6 (max threshold 6)
[2020-09-11T13:36:52.184+0000][1][gc,age       ] GC(88) - age   1:      22504 bytes,      22504 total
[2020-09-11T13:36:52.184+0000][1][gc,age       ] GC(88) - age   2:       8696 bytes,      31200 total
[2020-09-11T13:36:52.184+0000][1][gc,age       ] GC(88) - age   3:       2480 bytes,      33680 total
[2020-09-11T13:36:52.184+0000][1][gc,age       ] GC(88) - age   4:       6792 bytes,      40472 total
[2020-09-11T13:36:52.184+0000][1][gc,age       ] GC(88) - age   5:      11120 bytes,      51592 total
[2020-09-11T13:36:52.184+0000][1][gc,age       ] GC(88) - age   6:      44296 bytes,      95888 total
[2020-09-11T13:36:52.184+0000][1][gc,heap      ] GC(88) ParNew: 68305K->134K(76672K)
[2020-09-11T13:36:52.184+0000][1][gc,heap      ] GC(88) CMS: 101195K->101239K(2011968K)
[2020-09-11T13:36:52.184+0000][1][gc,metaspace ] GC(88) Metaspace: 84620K->84620K(1126400K)
[2020-09-11T13:36:52.184+0000][1][gc           ] GC(88) Pause Young (Allocation Failure) 165M->98M(2039M) 17.503ms
[2020-09-11T13:36:52.184+0000][1][gc,cpu       ] GC(88) User=0.01s Sys=0.00s Real=0.02s
[2020-09-11T13:36:52.184+0000][1][safepoint    ] Safepoint "GenCollectForAllocation", Time since last: 775501407 ns, Reaching safepoint: 244290 ns, At safepoint: 17584954 ns, Total: 17829244 ns
[2020-09-11T13:36:53.186+0000][1][safepoint    ] Safepoint "Cleanup", Time since last: 1002119026 ns, Reaching safepoint: 132376 ns, At safepoint: 40480 ns, Total: 172856 ns
[2020-09-11T13:36:54.187+0000][1][safepoint    ] Safepoint "Cleanup", Time since last: 1000269075 ns, Reaching safepoint: 261243 ns, At safepoint: 41952 ns, Total: 303195 ns
[2020-09-11T13:36:55.187+0000][1][safepoint    ] Safepoint "Cleanup", Time since last: 1000258019 ns, Reaching safepoint: 79587 ns, At safepoint: 17014 ns, Total: 96601 ns
[2020-09-11T13:36:56.187+0000][1][safepoint    ] Safepoint "Cleanup", Time since last: 1000139866 ns, Reaching safepoint: 140098 ns, At safepoint: 39083 ns, Total: 179181 ns
[2020-09-11T13:36:57.188+0000][1][safepoint    ] Safepoint "Cleanup", Time since last: 1000108067 ns, Reaching safepoint: 194777 ns, At safepoint: 7283 ns, Total: 202060 ns
[2020-09-11T13:36:58.188+0000][1][safepoint    ] Safepoint "Cleanup", Time since last: 1000169265 ns, Reaching safepoint: 137518 ns, At safepoint: 16799 ns, Total: 154317 ns
[2020-09-11T13:36:59.188+0000][1][safepoint    ] Safepoint "Cleanup", Time since last: 1000203269 ns, Reaching safepoint: 139861 ns, At safepoint: 17703 ns, Total: 157564 ns
[2020-09-11T13:37:00.189+0000][1][safepoint    ] Safepoint "Cleanup", Time since last: 1000224502 ns, Reaching safepoint: 100045 ns, At safepoint: 6112 ns, Total: 106157 ns
[2020-09-11T13:37:01.189+0000][1][safepoint    ] Safepoint "Cleanup", Time since last: 1000157339 ns, Reaching safepoint: 106825 ns, At safepoint: 8148 ns, Total: 114973 ns
[2020-09-11T13:37:02.189+0000][1][safepoint    ] Safepoint "Cleanup", Time since last: 1000183889 ns, Reaching safepoint: 103162 ns, At safepoint: 5853 ns, Total: 109015 ns
[2020-09-11T13:37:03.189+0000][1][safepoint    ] Safepoint "Cleanup", Time since last: 1000182494 ns, Reaching safepoint: 106259 ns, At safepoint: 7882 ns, Total: 114141 ns
[2020-09-11T13:37:04.190+0000][1][safepoint    ] Safepoint "Cleanup", Time since last: 1000191957 ns, Reaching safepoint: 101264 ns, At safepoint: 6485 ns, Total: 107749 ns
[2020-09-11T13:37:05.190+0000][1][safepoint    ] Safepoint "Cleanup", Time since last: 1000186018 ns, Reaching safepoint: 97472 ns, At safepoint: 8846 ns, Total: 106318 ns
[2020-09-11T13:37:06.190+0000][1][safepoint    ] Safepoint "Cleanup", Time since last: 1000137711 ns, Reaching safepoint: 128166 ns, At safepoint: 6582 ns, Total: 134748 ns
[2020-09-11T13:37:07.191+0000][1][safepoint    ] Safepoint "Cleanup", Time since last: 1000183972 ns, Reaching safepoint: 99095 ns, At safepoint: 7888 ns, Total: 106983 ns
[2020-09-11T13:37:08.191+0000][1][safepoint    ] Safepoint "Cleanup", Time since last: 1000180341 ns, Reaching safepoint: 140883 ns, At safepoint: 17213 ns, Total: 158096 ns
[2020-09-11T13:37:09.191+0000][1][safepoint    ] Safepoint "Cleanup", Time since last: 1000227868 ns, Reaching safepoint: 97726 ns, At safepoint: 7761 ns, Total: 105487 ns
[2020-09-11T13:37:10.192+0000][1][safepoint    ] Safepoint "Cleanup", Time since last: 1000170674 ns, Reaching safepoint: 104828 ns, At safepoint: 7914 ns, Total: 112742 ns
[2020-09-11T13:37:11.192+0000][1][safepoint    ] Safepoint "Cleanup", Time since last: 1000172831 ns, Reaching safepoint: 104993 ns, At safepoint: 9639 ns, Total: 114632 ns
[2020-09-11T13:37:12.192+0000][1][safepoint    ] Safepoint "Cleanup", Time since last: 1000170841 ns, Reaching safepoint: 105020 ns, At safepoint: 6890 ns, Total: 111910 ns
[2020-09-11T13:37:13.192+0000][1][safepoint    ] Safepoint "Cleanup", Time since last: 1000163919 ns, Reaching safepoint: 109355 ns, At safepoint: 6801 ns, Total: 116156 ns
[2020-09-11T13:37:14.193+0000][1][safepoint    ] Safepoint "Cleanup", Time since last: 1000169676 ns, Reaching safepoint: 140666 ns, At safepoint: 18215 ns, Total: 158881 ns
[2020-09-11T13:37:15.193+0000][1][safepoint    ] Safepoint "Cleanup", Time since last: 1000221180 ns, Reaching safepoint: 105046 ns, At safepoint: 9361 ns, Total: 114407 ns
[2020-09-11T13:37:16.193+0000][1][safepoint    ] Safepoint "Cleanup", Time since last: 1000171381 ns, Reaching safepoint: 105778 ns, At safepoint: 8412 ns, Total: 114190 ns
[2020-09-11T13:37:17.194+0000][1][safepoint    ] Safepoint "Cleanup", Time since last: 1000202202 ns, Reaching safepoint: 93903 ns, At safepoint: 8436 ns, Total: 102339 ns
[2020-09-11T13:37:18.194+0000][1][safepoint    ] Safepoint "Cleanup", Time since last: 1000161044 ns, Reaching safepoint: 137553 ns, At safepoint: 9462 ns, Total: 147015 ns
[2020-09-11T13:37:19.194+0000][1][safepoint    ] Safepoint "Cleanup", Time since last: 1000191462 ns, Reaching safepoint: 96950 ns, At safepoint: 8505 ns, Total: 105455 ns
[2020-09-11T13:37:20.195+0000][1][safepoint    ] Safepoint "Cleanup", Time since last: 1000228725 ns, Reaching safepoint: 97734 ns, At safepoint: 8761 ns, Total: 106495 ns
[2020-09-11T13:37:21.195+0000][1][safepoint    ] Safepoint "Cleanup", Time since last: 1000234961 ns, Reaching safepoint: 141505 ns, At safepoint: 20240 ns, Total: 161745 ns
[2020-09-11T13:37:22.195+0000][1][safepoint    ] Safepoint "Cleanup", Time since last: 1000224347 ns, Reaching safepoint: 167848 ns, At safepoint: 17056 ns, Total: 184904 ns
[2020-09-11T13:37:23.196+0000][1][safepoint    ] Safepoint "Cleanup", Time since last: 1000195650 ns, Reaching safepoint: 152980 ns, At safepoint: 20270 ns, Total: 173250 ns
[2020-09-11T13:37:24.196+0000][1][safepoint    ] Safepoint "Cleanup", Time since last: 1000208850 ns, Reaching safepoint: 106458 ns, At safepoint: 8413 ns, Total: 114871 ns
[2020-09-11T13:37:25.196+0000][1][safepoint    ] Safepoint "Cleanup", Time since last: 1000179155 ns, Reaching safepoint: 96271 ns, At safepoint: 8966 ns, Total: 105237 ns
[2020-09-11T13:37:26.197+0000][1][safepoint    ] Safepoint "Cleanup", Time since last: 1000171404 ns, Reaching safepoint: 135066 ns, At safepoint: 16421 ns, Total: 151487 ns
[2020-09-11T13:37:27.197+0000][1][safepoint    ] Safepoint "Cleanup", Time since last: 1000218708 ns, Reaching safepoint: 96879 ns, At safepoint: 7230 ns, Total: 104109 ns
[2020-09-11T13:37:28.197+0000][1][safepoint    ] Safepoint "Cleanup", Time since last: 1000187718 ns, Reaching safepoint: 134649 ns, At safepoint: 16968 ns, Total: 151617 ns
[2020-09-11T13:37:29.198+0000][1][safepoint    ] Safepoint "Cleanup", Time since last: 1000230197 ns, Reaching safepoint: 134842 ns, At safepoint: 17300 ns, Total: 152142 ns
[2020-09-11T13:37:30.198+0000][1][safepoint    ] Safepoint "Cleanup", Time since last: 1000218289 ns, Reaching safepoint: 142871 ns, At safepoint: 19121 ns, Total: 161992 ns
[2020-09-11T13:37:31.199+0000][1][safepoint    ] Safepoint "Cleanup", Time since last: 1000211016 ns, Reaching safepoint: 141237 ns, At safepoint: 19792 ns, Total: 161029 ns
[2020-09-11T13:37:32.199+0000][1][safepoint    ] Safepoint "Cleanup", Time since last: 1000219753 ns, Reaching safepoint: 99711 ns, At safepoint: 8781 ns, Total: 108492 ns
[2020-09-11T13:37:33.199+0000][1][safepoint    ] Safepoint "Cleanup", Time since last: 1000167264 ns, Reaching safepoint: 145463 ns, At safepoint: 19829 ns, Total: 165292 ns
[2020-09-11T13:37:34.200+0000][1][safepoint    ] Safepoint "Cleanup", Time since last: 1000213438 ns, Reaching safepoint: 117393 ns, At safepoint: 8325 ns, Total: 125718 ns
[2020-09-11T13:37:35.204+0000][1][safepoint    ] Safepoint "Cleanup", Time since last: 1003938311 ns, Reaching safepoint: 109883 ns, At safepoint: 7641 ns, Total: 117524 ns
[2020-09-11T13:37:36.204+0000][1][safepoint    ] Safepoint "Cleanup", Time since last: 1000134818 ns, Reaching safepoint: 137505 ns, At safepoint: 16708 ns, Total: 154213 ns
[2020-09-11T13:37:37.204+0000][1][safepoint    ] Safepoint "Cleanup", Time since last: 1000231951 ns, Reaching safepoint: 79587 ns, At safepoint: 8121 ns, Total: 87708 ns
[2020-09-11T13:37:38.205+0000][1][safepoint    ] Safepoint "Cleanup", Time since last: 1000135133 ns, Reaching safepoint: 141221 ns, At safepoint: 19755 ns, Total: 160976 ns
[2020-09-11T13:37:39.205+0000][1][safepoint    ] Safepoint "Cleanup", Time since last: 1000225068 ns, Reaching safepoint: 140779 ns, At safepoint: 19846 ns, Total: 160625 ns
[2020-09-11T13:37:40.205+0000][1][safepoint    ] Safepoint "Cleanup", Time since last: 1000225149 ns, Reaching safepoint: 131892 ns, At safepoint: 17871 ns, Total: 149763 ns
[2020-09-11T13:37:41.206+0000][1][safepoint    ] Safepoint "Cleanup", Time since last: 1000222563 ns, Reaching safepoint: 100491 ns, At safepoint: 7724 ns, Total: 108215 ns
[2020-09-11T13:37:42.206+0000][1][safepoint    ] Safepoint "Cleanup", Time since last: 1000196542 ns, Reaching safepoint: 94983 ns, At safepoint: 7465 ns, Total: 102448 ns
[2020-09-11T13:37:43.206+0000][1][safepoint    ] Safepoint "Cleanup", Time since last: 1000205747 ns, Reaching safepoint: 91683 ns, At safepoint: 7705 ns, Total: 99388 ns
[2020-09-11T13:37:44.206+0000][1][safepoint    ] Safepoint "Cleanup", Time since last: 1000199051 ns, Reaching safepoint: 71691 ns, At safepoint: 6415 ns, Total: 78106 ns
[2020-09-11T13:37:45.207+0000][1][safepoint    ] Safepoint "Cleanup", Time since last: 1000187991 ns, Reaching safepoint: 100778 ns, At safepoint: 6917 ns, Total: 107695 ns
[2020-09-11T13:37:46.207+0000][1][safepoint    ] Safepoint "Cleanup", Time since last: 1000192296 ns, Reaching safepoint: 96195 ns, At safepoint: 6342 ns, Total: 102537 ns
[2020-09-11T13:37:47.207+0000][1][safepoint    ] Safepoint "Cleanup", Time since last: 1000176524 ns, Reaching safepoint: 97336 ns, At safepoint: 6502 ns, Total: 103838 ns
[2020-09-11T13:37:48.208+0000][1][safepoint    ] Safepoint "Cleanup", Time since last: 1000202406 ns, Reaching safepoint: 99312 ns, At safepoint: 6435 ns, Total: 105747 ns
[2020-09-11T13:37:49.208+0000][1][safepoint    ] Safepoint "Cleanup", Time since last: 1000167855 ns, Reaching safepoint: 105081 ns, At safepoint: 6637 ns, Total: 111718 ns
[2020-09-11T13:37:50.208+0000][1][safepoint    ] Safepoint "Cleanup", Time since last: 1000175159 ns, Reaching safepoint: 136944 ns, At safepoint: 16031 ns, Total: 152975 ns
[2020-09-11T13:37:51.209+0000][1][safepoint    ] Safepoint "Cleanup", Time since last: 1000200643 ns, Reaching safepoint: 133706 ns, At safepoint: 17083 ns, Total: 150789 ns
[2020-09-11T13:37:52.209+0000][1][safepoint    ] Safepoint "Cleanup", Time since last: 1000212310 ns, Reaching safepoint: 147695 ns, At safepoint: 16398 ns, Total: 164093 ns
[2020-09-11T13:37:53.209+0000][1][safepoint    ] Safepoint "Cleanup", Time since last: 1000210061 ns, Reaching safepoint: 141639 ns, At safepoint: 17693 ns, Total: 159332 ns
[2020-09-11T13:37:54.210+0000][1][safepoint    ] Safepoint "Cleanup", Time since last: 1000176658 ns, Reaching safepoint: 134889 ns, At safepoint: 16879 ns, Total: 151768 ns
[2020-09-11T13:37:55.210+0000][1][safepoint    ] Safepoint "Cleanup", Time since last: 1000202494 ns, Reaching safepoint: 127455 ns, At safepoint: 16629 ns, Total: 144084 ns
[2020-09-11T13:37:56.210+0000][1][safepoint    ] Safepoint "Cleanup", Time since last: 1000220788 ns, Reaching safepoint: 143008 ns, At safepoint: 16729 ns, Total: 159737 ns
[2020-09-11T13:37:57.211+0000][1][safepoint    ] Safepoint "Cleanup", Time since last: 1000207889 ns, Reaching safepoint: 102794 ns, At safepoint: 7743 ns, Total: 110537 ns
[2020-09-11T13:37:58.211+0000][1][safepoint    ] Safepoint "Cleanup", Time since last: 1000168685 ns, Reaching safepoint: 102228 ns, At safepoint: 6747 ns, Total: 108975 ns
[2020-09-11T13:37:59.211+0000][1][safepoint    ] Safepoint "Cleanup", Time since last: 1000173583 ns, Reaching safepoint: 133510 ns, At safepoint: 17039 ns, Total: 150549 ns
[2020-09-11T13:38:00.212+0000][1][safepoint    ] Safepoint "Cleanup", Time since last: 1000251354 ns, Reaching safepoint: 136954 ns, At safepoint: 16825 ns, Total: 153779 ns
[2020-09-11T13:38:01.212+0000][1][safepoint    ] Safepoint "Cleanup", Time since last: 1000173493 ns, Reaching safepoint: 67815 ns, At safepoint: 7162 ns, Total: 74977 ns
[2020-09-11T13:38:02.212+0000][1][safepoint    ] Safepoint "Cleanup", Time since last: 1000186960 ns, Reaching safepoint: 94882 ns, At safepoint: 7080 ns, Total: 101962 ns
[2020-09-11T13:38:03.213+0000][1][safepoint    ] Safepoint "Cleanup", Time since last: 1000199157 ns, Reaching safepoint: 97793 ns, At safepoint: 7230 ns, Total: 105023 ns
[2020-09-11T13:38:04.213+0000][1][safepoint    ] Safepoint "Cleanup", Time since last: 1000164843 ns, Reaching safepoint: 100972 ns, At safepoint: 6717 ns, Total: 107689 ns
[2020-09-11T13:38:05.213+0000][1][safepoint    ] Safepoint "Cleanup", Time since last: 1000177571 ns, Reaching safepoint: 96592 ns, At safepoint: 7410 ns, Total: 104002 ns
[2020-09-11T13:38:06.213+0000][1][safepoint    ] Safepoint "Cleanup", Time since last: 1000172948 ns, Reaching safepoint: 136296 ns, At safepoint: 16257 ns, Total: 152553 ns
[2020-09-11T13:38:07.214+0000][1][safepoint    ] Safepoint "Cleanup", Time since last: 1000213192 ns, Reaching safepoint: 128415 ns, At safepoint: 14720 ns, Total: 143135 ns
[2020-09-11T13:38:07.267+0000][1][gc,start     ] GC(89) Pause Young (Allocation Failure)
[2020-09-11T13:38:07.267+0000][1][gc,task      ] GC(89) Using 1 workers of 1 for evacuation
[2020-09-11T13:38:07.281+0000][1][gc,age       ] GC(89) Desired survivor size 4358144 bytes, new threshold 6 (max threshold 6)
[2020-09-11T13:38:07.281+0000][1][gc,age       ] GC(89) Age table with threshold 6 (max threshold 6)
[2020-09-11T13:38:07.281+0000][1][gc,age       ] GC(89) - age   1:      28512 bytes,      28512 total
[2020-09-11T13:38:07.281+0000][1][gc,age       ] GC(89) - age   2:       5392 bytes,      33904 total
[2020-09-11T13:38:07.281+0000][1][gc,age       ] GC(89) - age   3:       8592 bytes,      42496 total
[2020-09-11T13:38:07.281+0000][1][gc,age       ] GC(89) - age   4:       2480 bytes,      44976 total
[2020-09-11T13:38:07.281+0000][1][gc,age       ] GC(89) - age   5:       4312 bytes,      49288 total
[2020-09-11T13:38:07.281+0000][1][gc,age       ] GC(89) - age   6:      11120 bytes,      60408 total
[2020-09-11T13:38:07.281+0000][1][gc,heap      ] GC(89) ParNew: 68294K->103K(76672K)
[2020-09-11T13:38:07.281+0000][1][gc,heap      ] GC(89) CMS: 101239K->101283K(2011968K)
[2020-09-11T13:38:07.281+0000][1][gc,metaspace ] GC(89) Metaspace: 84659K->84659K(1128448K)
[2020-09-11T13:38:07.281+0000][1][gc           ] GC(89) Pause Young (Allocation Failure) 165M->99M(2039M) 13.617ms
[2020-09-11T13:38:07.281+0000][1][gc,cpu       ] GC(89) User=0.02s Sys=0.00s Real=0.01s
[2020-09-11T13:38:07.281+0000][1][safepoint    ] Safepoint "GenCollectForAllocation", Time since last: 53355800 ns, Reaching safepoint: 191697 ns, At safepoint: 13689668 ns, Total: 13881365 ns
[2020-09-11T13:38:08.283+0000][1][safepoint    ] Safepoint "Cleanup", Time since last: 1001590421 ns, Reaching safepoint: 130877 ns, At safepoint: 41438 ns, Total: 172315 ns
[2020-09-11T13:38:09.283+0000][1][safepoint    ] Safepoint "Cleanup", Time since last: 1000271231 ns, Reaching safepoint: 244898 ns, At safepoint: 89288 ns, Total: 334186 ns
[2020-09-11T13:38:10.284+0000][1][safepoint    ] Safepoint "Cleanup", Time since last: 1000184369 ns, Reaching safepoint: 106254 ns, At safepoint: 17780 ns, Total: 124034 ns
[2020-09-11T13:38:11.284+0000][1][safepoint    ] Safepoint "Cleanup", Time since last: 1000164135 ns, Reaching safepoint: 261446 ns, At safepoint: 42839 ns, Total: 304285 ns
[2020-09-11T13:38:12.284+0000][1][safepoint    ] Safepoint "Cleanup", Time since last: 1000149671 ns, Reaching safepoint: 70925 ns, At safepoint: 6241 ns, Total: 77166 ns
[2020-09-11T13:38:13.285+0000][1][safepoint    ] Safepoint "Cleanup", Time since last: 1000199322 ns, Reaching safepoint: 100340 ns, At safepoint: 6655 ns, Total: 106995 ns
[2020-09-11T13:38:14.285+0000][1][safepoint    ] Safepoint "Cleanup", Time since last: 1000190945 ns, Reaching safepoint: 106805 ns, At safepoint: 8189 ns, Total: 114994 ns
[2020-09-11T13:38:15.285+0000][1][safepoint    ] Safepoint "Cleanup", Time since last: 1000204720 ns, Reaching safepoint: 99550 ns, At safepoint: 6926 ns, Total: 106476 ns
[2020-09-11T13:38:16.286+0000][1][safepoint    ] Safepoint "Cleanup", Time since last: 1000136878 ns, Reaching safepoint: 130801 ns, At safepoint: 8496 ns, Total: 139297 ns
[2020-09-11T13:38:17.286+0000][1][safepoint    ] Safepoint "Cleanup", Time since last: 1000139452 ns, Reaching safepoint: 117792 ns, At safepoint: 15031 ns, Total: 132823 ns
[2020-09-11T13:38:18.286+0000][1][safepoint    ] Safepoint "Cleanup", Time since last: 1000190744 ns, Reaching safepoint: 96895 ns, At safepoint: 7236 ns, Total: 104131 ns
[2020-09-11T13:38:19.286+0000][1][safepoint    ] Safepoint "Cleanup", Time since last: 1000163721 ns, Reaching safepoint: 105814 ns, At safepoint: 6816 ns, Total: 112630 ns
[2020-09-11T13:38:20.287+0000][1][safepoint    ] Safepoint "Cleanup", Time since last: 1000165132 ns, Reaching safepoint: 108794 ns, At safepoint: 8108 ns, Total: 116902 ns
[2020-09-11T13:38:21.287+0000][1][safepoint    ] Safepoint "Cleanup", Time since last: 1000208200 ns, Reaching safepoint: 101965 ns, At safepoint: 6901 ns, Total: 108866 ns
[2020-09-11T13:38:22.287+0000][1][safepoint    ] Safepoint "Cleanup", Time since last: 1000187476 ns, Reaching safepoint: 103385 ns, At safepoint: 7462 ns, Total: 110847 ns
[2020-09-11T13:38:23.288+0000][1][safepoint    ] Safepoint "Cleanup", Time since last: 1000187809 ns, Reaching safepoint: 157297 ns, At safepoint: 17794 ns, Total: 175091 ns
[2020-09-11T13:38:24.288+0000][1][safepoint    ] Safepoint "Cleanup", Time since last: 1000245565 ns, Reaching safepoint: 100111 ns, At safepoint: 7476 ns, Total: 107587 ns
[2020-09-11T13:38:25.288+0000][1][safepoint    ] Safepoint "Cleanup", Time since last: 1000180204 ns, Reaching safepoint: 139163 ns, At safepoint: 17122 ns, Total: 156285 ns
[2020-09-11T13:38:26.289+0000][1][safepoint    ] Safepoint "Cleanup", Time since last: 1000171178 ns, Reaching safepoint: 80237 ns, At safepoint: 7437 ns, Total: 87674 ns
[2020-09-11T13:38:27.289+0000][1][safepoint    ] Safepoint "Cleanup", Time since last: 1000206235 ns, Reaching safepoint: 134876 ns, At safepoint: 16408 ns, Total: 151284 ns
[2020-09-11T13:38:28.289+0000][1][safepoint    ] Safepoint "Cleanup", Time since last: 1000229158 ns, Reaching safepoint: 132477 ns, At safepoint: 16926 ns, Total: 149403 ns
[2020-09-11T13:38:29.290+0000][1][safepoint    ] Safepoint "Cleanup", Time since last: 1000274853 ns, Reaching safepoint: 140418 ns, At safepoint: 17370 ns, Total: 157788 ns
[2020-09-11T13:38:30.290+0000][1][safepoint    ] Safepoint "Cleanup", Time since last: 1000222004 ns, Reaching safepoint: 99624 ns, At safepoint: 7297 ns, Total: 106921 ns
[2020-09-11T13:38:31.290+0000][1][safepoint    ] Safepoint "Cleanup", Time since last: 1000183444 ns, Reaching safepoint: 97761 ns, At safepoint: 7028 ns, Total: 104789 ns
[2020-09-11T13:38:32.291+0000][1][safepoint    ] Safepoint "Cleanup", Time since last: 1000198889 ns, Reaching safepoint: 101897 ns, At safepoint: 7753 ns, Total: 109650 ns
[2020-09-11T13:38:33.291+0000][1][safepoint    ] Safepoint "Cleanup", Time since last: 1000198733 ns, Reaching safepoint: 99604 ns, At safepoint: 6458 ns, Total: 106062 ns
[2020-09-11T13:38:34.291+0000][1][safepoint    ] Safepoint "Cleanup", Time since last: 1000182165 ns, Reaching safepoint: 165197 ns, At safepoint: 7352 ns, Total: 172549 ns
[2020-09-11T13:38:35.292+0000][1][safepoint    ] Safepoint "Cleanup", Time since last: 1000168633 ns, Reaching safepoint: 143025 ns, At safepoint: 16033 ns, Total: 159058 ns
[2020-09-11T13:38:36.292+0000][1][safepoint    ] Safepoint "Cleanup", Time since last: 1000235992 ns, Reaching safepoint: 136620 ns, At safepoint: 17386 ns, Total: 154006 ns
[2020-09-11T13:38:37.292+0000][1][safepoint    ] Safepoint "Cleanup", Time since last: 1000229233 ns, Reaching safepoint: 106255 ns, At safepoint: 7029 ns, Total: 113284 ns
[2020-09-11T13:38:38.293+0000][1][safepoint    ] Safepoint "Cleanup", Time since last: 1000172154 ns, Reaching safepoint: 154344 ns, At safepoint: 19668 ns, Total: 174012 ns
[2020-09-11T13:38:39.293+0000][1][safepoint    ] Safepoint "Cleanup", Time since last: 1000190862 ns, Reaching safepoint: 140733 ns, At safepoint: 16852 ns, Total: 157585 ns
[2020-09-11T13:38:40.294+0000][1][safepoint    ] Safepoint "Cleanup", Time since last: 1000212146 ns, Reaching safepoint: 134054 ns, At safepoint: 16575 ns, Total: 150629 ns
[2020-09-11T13:38:41.294+0000][1][safepoint    ] Safepoint "Cleanup", Time since last: 1000228179 ns, Reaching safepoint: 150816 ns, At safepoint: 18656 ns, Total: 169472 ns
[2020-09-11T13:38:42.294+0000][1][safepoint    ] Safepoint "Cleanup", Time since last: 1000224698 ns, Reaching safepoint: 139182 ns, At safepoint: 16531 ns, Total: 155713 ns
[2020-09-11T13:38:43.295+0000][1][safepoint    ] Safepoint "Cleanup", Time since last: 1000234696 ns, Reaching safepoint: 128565 ns, At safepoint: 16297 ns, Total: 144862 ns
[2020-09-11T13:38:44.295+0000][1][safepoint    ] Safepoint "Cleanup", Time since last: 1000233017 ns, Reaching safepoint: 139513 ns, At safepoint: 17316 ns, Total: 156829 ns
[2020-09-11T13:38:45.296+0000][1][safepoint    ] Safepoint "Cleanup", Time since last: 1000276523 ns, Reaching safepoint: 159519 ns, At safepoint: 16217 ns, Total: 175736 ns
[2020-09-11T13:38:46.296+0000][1][safepoint    ] Safepoint "Cleanup", Time since last: 1000240204 ns, Reaching safepoint: 106734 ns, At safepoint: 7570 ns, Total: 114304 ns
[2020-09-11T13:38:47.296+0000][1][safepoint    ] Safepoint "Cleanup", Time since last: 1000242204 ns, Reaching safepoint: 100694 ns, At safepoint: 7104 ns, Total: 107798 ns
[2020-09-11T13:38:48.297+0000][1][safepoint    ] Safepoint "Cleanup", Time since last: 1000198200 ns, Reaching safepoint: 95555 ns, At safepoint: 7365 ns, Total: 102920 ns
[2020-09-11T13:38:49.297+0000][1][safepoint    ] Safepoint "Cleanup", Time since last: 1000184044 ns, Reaching safepoint: 103463 ns, At safepoint: 6734 ns, Total: 110197 ns
[2020-09-11T13:38:50.297+0000][1][safepoint    ] Safepoint "Cleanup", Time since last: 1000206692 ns, Reaching safepoint: 105691 ns, At safepoint: 7479 ns, Total: 113170 ns
[2020-09-11T13:38:51.298+0000][1][safepoint    ] Safepoint "Cleanup", Time since last: 1000202220 ns, Reaching safepoint: 135581 ns, At safepoint: 15883 ns, Total: 151464 ns
[2020-09-11T13:38:52.298+0000][1][safepoint    ] Safepoint "Cleanup", Time since last: 1000221334 ns, Reaching safepoint: 102258 ns, At safepoint: 6580 ns, Total: 108838 ns
[2020-09-11T13:38:53.298+0000][1][safepoint    ] Safepoint "Cleanup", Time since last: 1000184327 ns, Reaching safepoint: 102268 ns, At safepoint: 6401 ns, Total: 108669 ns
[2020-09-11T13:38:54.298+0000][1][safepoint    ] Safepoint "Cleanup", Time since last: 1000169869 ns, Reaching safepoint: 102442 ns, At safepoint: 7086 ns, Total: 109528 ns
[2020-09-11T13:38:55.299+0000][1][safepoint    ] Safepoint "Cleanup", Time since last: 1000162169 ns, Reaching safepoint: 115158 ns, At safepoint: 5443 ns, Total: 120601 ns
[2020-09-11T13:38:56.299+0000][1][safepoint    ] Safepoint "Cleanup", Time since last: 1000174625 ns, Reaching safepoint: 101687 ns, At safepoint: 7078 ns, Total: 108765 ns
[2020-09-11T13:38:57.299+0000][1][safepoint    ] Safepoint "Cleanup", Time since last: 1000164758 ns, Reaching safepoint: 139811 ns, At safepoint: 15853 ns, Total: 155664 ns
[2020-09-11T13:38:58.300+0000][1][safepoint    ] Safepoint "Cleanup", Time since last: 1000240267 ns, Reaching safepoint: 136082 ns, At safepoint: 17306 ns, Total: 153388 ns
[2020-09-11T13:38:59.300+0000][1][safepoint    ] Safepoint "Cleanup", Time since last: 1000219208 ns, Reaching safepoint: 127559 ns, At safepoint: 15917 ns, Total: 143476 ns
[2020-09-11T13:39:00.300+0000][1][safepoint    ] Safepoint "Cleanup", Time since last: 1000213260 ns, Reaching safepoint: 98217 ns, At safepoint: 6830 ns, Total: 105047 ns
[2020-09-11T13:39:01.301+0000][1][safepoint    ] Safepoint "Cleanup", Time since last: 1000177186 ns, Reaching safepoint: 99558 ns, At safepoint: 6535 ns, Total: 106093 ns
[2020-09-11T13:39:02.301+0000][1][safepoint    ] Safepoint "Cleanup", Time since last: 1000172411 ns, Reaching safepoint: 104408 ns, At safepoint: 7058 ns, Total: 111466 ns
[2020-09-11T13:39:03.301+0000][1][safepoint    ] Safepoint "Cleanup", Time since last: 1000163566 ns, Reaching safepoint: 115456 ns, At safepoint: 8161 ns, Total: 123617 ns
[2020-09-11T13:39:04.302+0000][1][safepoint    ] Safepoint "Cleanup", Time since last: 1000177404 ns, Reaching safepoint: 98568 ns, At safepoint: 7780 ns, Total: 106348 ns
[2020-09-11T13:39:05.048+0000][1][safepoint    ] Safepoint "RevokeBias", Time since last: 745781005 ns, Reaching safepoint: 247478 ns, At safepoint: 9904 ns, Total: 257382 ns
[2020-09-11T13:39:05.050+0000][1][safepoint    ] Safepoint "RevokeBias", Time since last: 2339967 ns, Reaching safepoint: 217872 ns, At safepoint: 157677 ns, Total: 375549 ns
[2020-09-11T13:39:05.059+0000][1][safepoint    ] Safepoint "RevokeBias", Time since last: 8311272 ns, Reaching safepoint: 304358 ns, At safepoint: 36940 ns, Total: 341298 ns
[2020-09-11T13:39:05.154+0000][1][safepoint    ] Safepoint "BulkRevokeBias", Time since last: 94595232 ns, Reaching safepoint: 195172 ns, At safepoint: 169147 ns, Total: 364319 ns
[2020-09-11T13:39:06.154+0000][1][safepoint    ] Safepoint "Cleanup", Time since last: 1000203806 ns, Reaching safepoint: 91540 ns, At safepoint: 8142 ns, Total: 99682 ns
[2020-09-11T13:39:07.154+0000][1][safepoint    ] Safepoint "Cleanup", Time since last: 1000207597 ns, Reaching safepoint: 87101 ns, At safepoint: 6459 ns, Total: 93560 ns
[2020-09-11T13:39:08.155+0000][1][safepoint    ] Safepoint "Cleanup", Time since last: 1000170065 ns, Reaching safepoint: 95833 ns, At safepoint: 6651 ns, Total: 102484 ns
[2020-09-11T13:39:09.155+0000][1][safepoint    ] Safepoint "Cleanup", Time since last: 1000172308 ns, Reaching safepoint: 94420 ns, At safepoint: 7099 ns, Total: 101519 ns
[2020-09-11T13:39:10.155+0000][1][safepoint    ] Safepoint "Cleanup", Time since last: 1000177972 ns, Reaching safepoint: 99780 ns, At safepoint: 6717 ns, Total: 106497 ns
[2020-09-11T13:39:11.156+0000][1][safepoint    ] Safepoint "Cleanup", Time since last: 1000939736 ns, Reaching safepoint: 111649 ns, At safepoint: 5894 ns, Total: 117543 ns
[2020-09-11T13:39:12.157+0000][1][safepoint    ] Safepoint "Cleanup", Time since last: 1000135131 ns, Reaching safepoint: 255803 ns, At safepoint: 15850 ns, Total: 271653 ns
[2020-09-11T13:39:13.157+0000][1][safepoint    ] Safepoint "Cleanup", Time since last: 1000210685 ns, Reaching safepoint: 138814 ns, At safepoint: 17915 ns, Total: 156729 ns
[2020-09-11T13:39:14.158+0000][1][safepoint    ] Safepoint "Cleanup", Time since last: 1000252758 ns, Reaching safepoint: 102576 ns, At safepoint: 6950 ns, Total: 109526 ns
[2020-09-11T13:39:15.158+0000][1][safepoint    ] Safepoint "Cleanup", Time since last: 1000173750 ns, Reaching safepoint: 114065 ns, At safepoint: 7396 ns, Total: 121461 ns
[2020-09-11T13:39:16.159+0000][1][safepoint    ] Safepoint "Cleanup", Time since last: 1000780337 ns, Reaching safepoint: 99579 ns, At safepoint: 8705 ns, Total: 108284 ns
[2020-09-11T13:39:17.159+0000][1][safepoint    ] Safepoint "Cleanup", Time since last: 1000277361 ns, Reaching safepoint: 151411 ns, At safepoint: 19207 ns, Total: 170618 ns
[2020-09-11T13:39:17.368+0000][1][gc,start     ] GC(90) Pause Young (Allocation Failure)
[2020-09-11T13:39:17.368+0000][1][gc,task      ] GC(90) Using 1 workers of 1 for evacuation
[2020-09-11T13:39:17.381+0000][1][gc,age       ] GC(90) Desired survivor size 4358144 bytes, new threshold 6 (max threshold 6)
[2020-09-11T13:39:17.381+0000][1][gc,age       ] GC(90) Age table with threshold 6 (max threshold 6)
[2020-09-11T13:39:17.381+0000][1][gc,age       ] GC(90) - age   1:     128192 bytes,     128192 total
[2020-09-11T13:39:17.381+0000][1][gc,age       ] GC(90) - age   2:      15360 bytes,     143552 total
[2020-09-11T13:39:17.381+0000][1][gc,age       ] GC(90) - age   3:       5360 bytes,     148912 total
[2020-09-11T13:39:17.381+0000][1][gc,age       ] GC(90) - age   4:       6112 bytes,     155024 total
[2020-09-11T13:39:17.381+0000][1][gc,age       ] GC(90) - age   5:       2480 bytes,     157504 total
[2020-09-11T13:39:17.381+0000][1][gc,age       ] GC(90) - age   6:       1832 bytes,     159336 total
[2020-09-11T13:39:17.381+0000][1][gc,heap      ] GC(90) ParNew: 68263K->185K(76672K)
[2020-09-11T13:39:17.381+0000][1][gc,heap      ] GC(90) CMS: 101283K->101294K(2011968K)
[2020-09-11T13:39:17.381+0000][1][gc,metaspace ] GC(90) Metaspace: 84787K->84787K(1128448K)
[2020-09-11T13:39:17.381+0000][1][gc           ] GC(90) Pause Young (Allocation Failure) 165M->99M(2039M) 13.690ms
[2020-09-11T13:39:17.381+0000][1][gc,cpu       ] GC(90) User=0.01s Sys=0.00s Real=0.01s
[2020-09-11T13:39:17.381+0000][1][safepoint    ] Safepoint "GenCollectForAllocation", Time since last: 208306987 ns, Reaching safepoint: 187583 ns, At safepoint: 13768397 ns, Total: 13955980 ns
[2020-09-11T13:39:18.383+0000][1][safepoint    ] Safepoint "Cleanup", Time since last: 1001264388 ns, Reaching safepoint: 137158 ns, At safepoint: 41391 ns, Total: 178549 ns
[2020-09-11T13:39:19.383+0000][1][safepoint    ] Safepoint "Cleanup", Time since last: 1000283506 ns, Reaching safepoint: 127666 ns, At safepoint: 37887 ns, Total: 165553 ns
[2020-09-11T13:39:20.384+0000][1][safepoint    ] Safepoint "Cleanup", Time since last: 1000230176 ns, Reaching safepoint: 94080 ns, At safepoint: 16408 ns, Total: 110488 ns
[2020-09-11T13:39:21.384+0000][1][safepoint    ] Safepoint "Cleanup", Time since last: 1000729074 ns, Reaching safepoint: 94159 ns, At safepoint: 16950 ns, Total: 111109 ns
[2020-09-11T13:39:22.385+0000][1][safepoint    ] Safepoint "Cleanup", Time since last: 1000132215 ns, Reaching safepoint: 233893 ns, At safepoint: 18299 ns, Total: 252192 ns
[2020-09-11T13:39:23.385+0000][1][safepoint    ] Safepoint "Cleanup", Time since last: 1000209335 ns, Reaching safepoint: 104523 ns, At safepoint: 8041 ns, Total: 112564 ns
[2020-09-11T13:39:24.386+0000][1][safepoint    ] Safepoint "Cleanup", Time since last: 1000165426 ns, Reaching safepoint: 131284 ns, At safepoint: 17791 ns, Total: 149075 ns
[2020-09-11T13:39:25.386+0000][1][safepoint    ] Safepoint "Cleanup", Time since last: 1000308539 ns, Reaching safepoint: 144368 ns, At safepoint: 15221 ns, Total: 159589 ns
[2020-09-11T13:39:26.387+0000][1][safepoint    ] Safepoint "Cleanup", Time since last: 1000999657 ns, Reaching safepoint: 130763 ns, At safepoint: 9139 ns, Total: 139902 ns
[2020-09-11T13:39:27.388+0000][1][safepoint    ] Safepoint "Cleanup", Time since last: 1000207215 ns, Reaching safepoint: 178569 ns, At safepoint: 15660 ns, Total: 194229 ns
[2020-09-11T13:39:28.388+0000][1][safepoint    ] Safepoint "Cleanup", Time since last: 1000223617 ns, Reaching safepoint: 137465 ns, At safepoint: 17243 ns, Total: 154708 ns
[2020-09-11T13:39:29.388+0000][1][safepoint    ] Safepoint "Cleanup", Time since last: 1000230841 ns, Reaching safepoint: 137258 ns, At safepoint: 16114 ns, Total: 153372 ns
[2020-09-11T13:39:30.389+0000][1][safepoint    ] Safepoint "Cleanup", Time since last: 1000238155 ns, Reaching safepoint: 99699 ns, At safepoint: 7272 ns, Total: 106971 ns
[2020-09-11T13:39:31.390+0000][1][safepoint    ] Safepoint "Cleanup", Time since last: 1000788368 ns, Reaching safepoint: 108724 ns, At safepoint: 6591 ns, Total: 115315 ns
[2020-09-11T13:39:32.390+0000][1][safepoint    ] Safepoint "Cleanup", Time since last: 1000195772 ns, Reaching safepoint: 136724 ns, At safepoint: 17142 ns, Total: 153866 ns
[2020-09-11T13:39:33.390+0000][1][safepoint    ] Safepoint "Cleanup", Time since last: 1000209420 ns, Reaching safepoint: 137048 ns, At safepoint: 17714 ns, Total: 154762 ns
[2020-09-11T13:39:34.391+0000][1][safepoint    ] Safepoint "Cleanup", Time since last: 1000205360 ns, Reaching safepoint: 168857 ns, At safepoint: 20484 ns, Total: 189341 ns
[2020-09-11T13:39:35.391+0000][1][safepoint    ] Safepoint "Cleanup", Time since last: 1000211427 ns, Reaching safepoint: 104395 ns, At safepoint: 6431 ns, Total: 110826 ns
[2020-09-11T13:39:36.392+0000][1][safepoint    ] Safepoint "Cleanup", Time since last: 1000823194 ns, Reaching safepoint: 96639 ns, At safepoint: 7295 ns, Total: 103934 ns
[2020-09-11T13:39:37.392+0000][1][safepoint    ] Safepoint "Cleanup", Time since last: 1000148705 ns, Reaching safepoint: 138842 ns, At safepoint: 18085 ns, Total: 156927 ns
[2020-09-11T13:39:38.393+0000][1][safepoint    ] Safepoint "Cleanup", Time since last: 1000219151 ns, Reaching safepoint: 138465 ns, At safepoint: 19110 ns, Total: 157575 ns
[2020-09-11T13:39:39.393+0000][1][safepoint    ] Safepoint "Cleanup", Time since last: 1000209034 ns, Reaching safepoint: 110515 ns, At safepoint: 6783 ns, Total: 117298 ns
[2020-09-11T13:39:40.393+0000][1][safepoint    ] Safepoint "Cleanup", Time since last: 1000172912 ns, Reaching safepoint: 95995 ns, At safepoint: 6850 ns, Total: 102845 ns
[2020-09-11T13:39:41.394+0000][1][safepoint    ] Safepoint "Cleanup", Time since last: 1000733096 ns, Reaching safepoint: 142470 ns, At safepoint: 18135 ns, Total: 160605 ns
[2020-09-11T13:39:42.394+0000][1][safepoint    ] Safepoint "Cleanup", Time since last: 1000156950 ns, Reaching safepoint: 76576 ns, At safepoint: 7616 ns, Total: 84192 ns
[2020-09-11T13:39:43.395+0000][1][safepoint    ] Safepoint "Cleanup", Time since last: 1000210889 ns, Reaching safepoint: 104017 ns, At safepoint: 8196 ns, Total: 112213 ns
[2020-09-11T13:39:44.395+0000][1][safepoint    ] Safepoint "Cleanup", Time since last: 1000135406 ns, Reaching safepoint: 140085 ns, At safepoint: 18248 ns, Total: 158333 ns
[2020-09-11T13:39:45.395+0000][1][safepoint    ] Safepoint "Cleanup", Time since last: 1000187624 ns, Reaching safepoint: 121731 ns, At safepoint: 6694 ns, Total: 128425 ns
[2020-09-11T13:39:46.396+0000][1][safepoint    ] Safepoint "Cleanup", Time since last: 1000815664 ns, Reaching safepoint: 100218 ns, At safepoint: 6997 ns, Total: 107215 ns
[2020-09-11T13:39:47.396+0000][1][safepoint    ] Safepoint "Cleanup", Time since last: 1000173143 ns, Reaching safepoint: 135226 ns, At safepoint: 16381 ns, Total: 151607 ns
[2020-09-11T13:39:48.397+0000][1][safepoint    ] Safepoint "Cleanup", Time since last: 1000217979 ns, Reaching safepoint: 100160 ns, At safepoint: 7232 ns, Total: 107392 ns
[2020-09-11T13:39:49.397+0000][1][safepoint    ] Safepoint "Cleanup", Time since last: 1000176117 ns, Reaching safepoint: 99730 ns, At safepoint: 6786 ns, Total: 106516 ns
[2020-09-11T13:39:50.397+0000][1][safepoint    ] Safepoint "Cleanup", Time since last: 1000188142 ns, Reaching safepoint: 97734 ns, At safepoint: 8062 ns, Total: 105796 ns
[2020-09-11T13:39:51.398+0000][1][safepoint    ] Safepoint "Cleanup", Time since last: 1000767220 ns, Reaching safepoint: 99286 ns, At safepoint: 7102 ns, Total: 106388 ns
[2020-09-11T13:39:52.399+0000][1][safepoint    ] Safepoint "Cleanup", Time since last: 1000197802 ns, Reaching safepoint: 96590 ns, At safepoint: 7838 ns, Total: 104428 ns
[2020-09-11T13:39:53.399+0000][1][safepoint    ] Safepoint "Cleanup", Time since last: 1000151086 ns, Reaching safepoint: 111286 ns, At safepoint: 7108 ns, Total: 118394 ns
[2020-09-11T13:39:54.399+0000][1][safepoint    ] Safepoint "Cleanup", Time since last: 1000168594 ns, Reaching safepoint: 98780 ns, At safepoint: 7288 ns, Total: 106068 ns
[2020-09-11T13:39:55.399+0000][1][safepoint    ] Safepoint "Cleanup", Time since last: 1000144785 ns, Reaching safepoint: 123266 ns, At safepoint: 14050 ns, Total: 137316 ns
[2020-09-11T13:39:56.400+0000][1][safepoint    ] Safepoint "Cleanup", Time since last: 1000678531 ns, Reaching safepoint: 117708 ns, At safepoint: 7328 ns, Total: 125036 ns
[2020-09-11T13:39:57.401+0000][1][safepoint    ] Safepoint "Cleanup", Time since last: 1000178232 ns, Reaching safepoint: 138224 ns, At safepoint: 16154 ns, Total: 154378 ns
[2020-09-11T13:39:58.401+0000][1][safepoint    ] Safepoint "Cleanup", Time since last: 1000214640 ns, Reaching safepoint: 135849 ns, At safepoint: 16674 ns, Total: 152523 ns
[2020-09-11T13:39:59.401+0000][1][safepoint    ] Safepoint "Cleanup", Time since last: 1000204146 ns, Reaching safepoint: 104581 ns, At safepoint: 7148 ns, Total: 111729 ns
[2020-09-11T13:40:00.402+0000][1][safepoint    ] Safepoint "Cleanup", Time since last: 1000182547 ns, Reaching safepoint: 106877 ns, At safepoint: 7467 ns, Total: 114344 ns
[2020-09-11T13:40:01.402+0000][1][safepoint    ] Safepoint "Cleanup", Time since last: 1000852408 ns, Reaching safepoint: 113988 ns, At safepoint: 6546 ns, Total: 120534 ns
[2020-09-11T13:40:02.403+0000][1][safepoint    ] Safepoint "Cleanup", Time since last: 1000167908 ns, Reaching safepoint: 99491 ns, At safepoint: 6999 ns, Total: 106490 ns
[2020-09-11T13:40:03.403+0000][1][safepoint    ] Safepoint "Cleanup", Time since last: 1000173799 ns, Reaching safepoint: 96572 ns, At safepoint: 6433 ns, Total: 103005 ns
[2020-09-11T13:40:04.403+0000][1][safepoint    ] Safepoint "Cleanup", Time since last: 1000171844 ns, Reaching safepoint: 135067 ns, At safepoint: 17015 ns, Total: 152082 ns
[2020-09-11T13:40:05.404+0000][1][safepoint    ] Safepoint "Cleanup", Time since last: 1000189111 ns, Reaching safepoint: 73582 ns, At safepoint: 7439 ns, Total: 81021 ns
[2020-09-11T13:40:06.404+0000][1][safepoint    ] Safepoint "Cleanup", Time since last: 1000677363 ns, Reaching safepoint: 117714 ns, At safepoint: 6708 ns, Total: 124422 ns
[2020-09-11T13:40:07.405+0000][1][safepoint    ] Safepoint "Cleanup", Time since last: 1000181970 ns, Reaching safepoint: 102197 ns, At safepoint: 6129 ns, Total: 108326 ns
[2020-09-11T13:40:08.405+0000][1][safepoint    ] Safepoint "Cleanup", Time since last: 1000169643 ns, Reaching safepoint: 101964 ns, At safepoint: 6965 ns, Total: 108929 ns
[2020-09-11T13:40:09.405+0000][1][safepoint    ] Safepoint "Cleanup", Time since last: 1000189563 ns, Reaching safepoint: 99792 ns, At safepoint: 6225 ns, Total: 106017 ns
[2020-09-11T13:40:10.406+0000][1][safepoint    ] Safepoint "Cleanup", Time since last: 1000184049 ns, Reaching safepoint: 95483 ns, At safepoint: 7266 ns, Total: 102749 ns
[2020-09-11T13:40:11.407+0000][1][safepoint    ] Safepoint "Cleanup", Time since last: 1000873248 ns, Reaching safepoint: 134592 ns, At safepoint: 17406 ns, Total: 151998 ns
[2020-09-11T13:40:12.407+0000][1][safepoint    ] Safepoint "Cleanup", Time since last: 1000246786 ns, Reaching safepoint: 135441 ns, At safepoint: 17517 ns, Total: 152958 ns
[2020-09-11T13:40:13.407+0000][1][safepoint    ] Safepoint "Cleanup", Time since last: 1000223642 ns, Reaching safepoint: 134197 ns, At safepoint: 17457 ns, Total: 151654 ns
[2020-09-11T13:40:14.408+0000][1][safepoint    ] Safepoint "Cleanup", Time since last: 1000295125 ns, Reaching safepoint: 103135 ns, At safepoint: 6909 ns, Total: 110044 ns
[2020-09-11T13:40:15.408+0000][1][safepoint    ] Safepoint "Cleanup", Time since last: 1000195275 ns, Reaching safepoint: 100699 ns, At safepoint: 7079 ns, Total: 107778 ns
[2020-09-11T13:40:16.409+0000][1][safepoint    ] Safepoint "Cleanup", Time since last: 1000905460 ns, Reaching safepoint: 137559 ns, At safepoint: 17266 ns, Total: 154825 ns
[2020-09-11T13:40:17.410+0000][1][safepoint    ] Safepoint "Cleanup", Time since last: 1000221647 ns, Reaching safepoint: 133215 ns, At safepoint: 17029 ns, Total: 150244 ns
[2020-09-11T13:40:18.410+0000][1][safepoint    ] Safepoint "Cleanup", Time since last: 1000220942 ns, Reaching safepoint: 135905 ns, At safepoint: 16995 ns, Total: 152900 ns
[2020-09-11T13:40:19.410+0000][1][safepoint    ] Safepoint "Cleanup", Time since last: 1000240210 ns, Reaching safepoint: 103083 ns, At safepoint: 6632 ns, Total: 109715 ns
[2020-09-11T13:40:20.588+0000][1][safepoint    ] Safepoint "Cleanup", Time since last: 1177270053 ns, Reaching safepoint: 145614 ns, At safepoint: 8125 ns, Total: 153739 ns
[2020-09-11T13:40:21.589+0000][1][safepoint    ] Safepoint "Cleanup", Time since last: 1000755444 ns, Reaching safepoint: 159061 ns, At safepoint: 19471 ns, Total: 178532 ns
[2020-09-11T13:40:22.589+0000][1][safepoint    ] Safepoint "Cleanup", Time since last: 1000195744 ns, Reaching safepoint: 140596 ns, At safepoint: 17320 ns, Total: 157916 ns
[2020-09-11T13:40:23.589+0000][1][safepoint    ] Safepoint "Cleanup", Time since last: 1000230348 ns, Reaching safepoint: 103085 ns, At safepoint: 8111 ns, Total: 111196 ns
[2020-09-11T13:40:24.590+0000][1][safepoint    ] Safepoint "Cleanup", Time since last: 1000206115 ns, Reaching safepoint: 92287 ns, At safepoint: 8288 ns, Total: 100575 ns
[2020-09-11T13:40:25.590+0000][1][safepoint    ] Safepoint "Cleanup", Time since last: 1000217478 ns, Reaching safepoint: 99415 ns, At safepoint: 8239 ns, Total: 107654 ns
[2020-09-11T13:40:26.591+0000][1][safepoint    ] Safepoint "Cleanup", Time since last: 1000747454 ns, Reaching safepoint: 138388 ns, At safepoint: 17069 ns, Total: 155457 ns
[2020-09-11T13:40:27.591+0000][1][safepoint    ] Safepoint "Cleanup", Time since last: 1000235730 ns, Reaching safepoint: 95442 ns, At safepoint: 7254 ns, Total: 102696 ns
[2020-09-11T13:40:28.592+0000][1][safepoint    ] Safepoint "Cleanup", Time since last: 1000176445 ns, Reaching safepoint: 164270 ns, At safepoint: 16320 ns, Total: 180590 ns
[2020-09-11T13:40:29.592+0000][1][safepoint    ] Safepoint "Cleanup", Time since last: 1000188539 ns, Reaching safepoint: 134014 ns, At safepoint: 15636 ns, Total: 149650 ns
[2020-09-11T13:40:30.592+0000][1][safepoint    ] Safepoint "Cleanup", Time since last: 1000282507 ns, Reaching safepoint: 100289 ns, At safepoint: 6818 ns, Total: 107107 ns
[2020-09-11T13:40:31.593+0000][1][safepoint    ] Safepoint "Cleanup", Time since last: 1000863461 ns, Reaching safepoint: 104533 ns, At safepoint: 7035 ns, Total: 111568 ns
[2020-09-11T13:40:32.476+0000][1][gc,start     ] GC(91) Pause Young (Allocation Failure)
[2020-09-11T13:40:32.476+0000][1][gc,task      ] GC(91) Using 1 workers of 1 for evacuation
[2020-09-11T13:40:32.490+0000][1][gc,age       ] GC(91) Desired survivor size 4358144 bytes, new threshold 6 (max threshold 6)
[2020-09-11T13:40:32.490+0000][1][gc,age       ] GC(91) Age table with threshold 6 (max threshold 6)
[2020-09-11T13:40:32.490+0000][1][gc,age       ] GC(91) - age   1:      23792 bytes,      23792 total
[2020-09-11T13:40:32.490+0000][1][gc,age       ] GC(91) - age   2:     107552 bytes,     131344 total
[2020-09-11T13:40:32.490+0000][1][gc,age       ] GC(91) - age   3:      15328 bytes,     146672 total
[2020-09-11T13:40:32.490+0000][1][gc,age       ] GC(91) - age   4:       5328 bytes,     152000 total
[2020-09-11T13:40:32.490+0000][1][gc,age       ] GC(91) - age   5:       6112 bytes,     158112 total
[2020-09-11T13:40:32.490+0000][1][gc,heap      ] GC(91) ParNew: 68345K->196K(76672K)
[2020-09-11T13:40:32.490+0000][1][gc,heap      ] GC(91) CMS: 101294K->101296K(2011968K)
[2020-09-11T13:40:32.490+0000][1][gc,metaspace ] GC(91) Metaspace: 84817K->84817K(1128448K)
[2020-09-11T13:40:32.490+0000][1][gc           ] GC(91) Pause Young (Allocation Failure) 165M->99M(2039M) 13.819ms
[2020-09-11T13:40:32.490+0000][1][gc,cpu       ] GC(91) User=0.02s Sys=0.00s Real=0.01s
[2020-09-11T13:40:32.490+0000][1][safepoint    ] Safepoint "GenCollectForAllocation", Time since last: 882820788 ns, Reaching safepoint: 191913 ns, At safepoint: 13894185 ns, Total: 14086098 ns
[2020-09-11T13:40:33.492+0000][1][safepoint    ] Safepoint "Cleanup", Time since last: 1001240629 ns, Reaching safepoint: 154507 ns, At safepoint: 40948 ns, Total: 195455 ns
[2020-09-11T13:40:34.492+0000][1][safepoint    ] Safepoint "Cleanup", Time since last: 1000439392 ns, Reaching safepoint: 150919 ns, At safepoint: 39013 ns, Total: 189932 ns
[2020-09-11T13:40:35.493+0000][1][safepoint    ] Safepoint "Cleanup", Time since last: 1000213280 ns, Reaching safepoint: 126694 ns, At safepoint: 12672 ns, Total: 139366 ns
[2020-09-11T13:40:36.493+0000][1][safepoint    ] Safepoint "Cleanup", Time since last: 1000351382 ns, Reaching safepoint: 244006 ns, At safepoint: 16638 ns, Total: 260644 ns
[2020-09-11T13:40:37.494+0000][1][safepoint    ] Safepoint "Cleanup", Time since last: 1000149142 ns, Reaching safepoint: 185889 ns, At safepoint: 7431 ns, Total: 193320 ns
[2020-09-11T13:40:38.494+0000][1][safepoint    ] Safepoint "Cleanup", Time since last: 1000169058 ns, Reaching safepoint: 139089 ns, At safepoint: 18596 ns, Total: 157685 ns
[2020-09-11T13:40:39.494+0000][1][safepoint    ] Safepoint "Cleanup", Time since last: 1000229725 ns, Reaching safepoint: 101717 ns, At safepoint: 8065 ns, Total: 109782 ns
[2020-09-11T13:40:40.494+0000][1][safepoint    ] Safepoint "Cleanup", Time since last: 1000184771 ns, Reaching safepoint: 99600 ns, At safepoint: 6523 ns, Total: 106123 ns
[2020-09-11T13:40:41.495+0000][1][safepoint    ] Safepoint "Cleanup", Time since last: 1000171036 ns, Reaching safepoint: 99390 ns, At safepoint: 6555 ns, Total: 105945 ns
[2020-09-11T13:40:42.495+0000][1][safepoint    ] Safepoint "Cleanup", Time since last: 1000166361 ns, Reaching safepoint: 200139 ns, At safepoint: 14771 ns, Total: 214910 ns
[2020-09-11T13:40:43.496+0000][1][safepoint    ] Safepoint "Cleanup", Time since last: 1000204539 ns, Reaching safepoint: 162179 ns, At safepoint: 16144 ns, Total: 178323 ns
[2020-09-11T13:40:44.496+0000][1][safepoint    ] Safepoint "Cleanup", Time since last: 1000185473 ns, Reaching safepoint: 113587 ns, At safepoint: 6252 ns, Total: 119839 ns
[2020-09-11T13:40:45.496+0000][1][safepoint    ] Safepoint "Cleanup", Time since last: 1000223773 ns, Reaching safepoint: 146767 ns, At safepoint: 7262 ns, Total: 154029 ns
[2020-09-11T13:40:46.497+0000][1][safepoint    ] Safepoint "Cleanup", Time since last: 1000202242 ns, Reaching safepoint: 109186 ns, At safepoint: 6709 ns, Total: 115895 ns
[2020-09-11T13:40:47.497+0000][1][safepoint    ] Safepoint "Cleanup", Time since last: 1000167342 ns, Reaching safepoint: 135971 ns, At safepoint: 16101 ns, Total: 152072 ns
[2020-09-11T13:40:48.497+0000][1][safepoint    ] Safepoint "Cleanup", Time since last: 1000210664 ns, Reaching safepoint: 147422 ns, At safepoint: 16805 ns, Total: 164227 ns
[2020-09-11T13:40:49.498+0000][1][safepoint    ] Safepoint "Cleanup", Time since last: 1000205877 ns, Reaching safepoint: 107271 ns, At safepoint: 7016 ns, Total: 114287 ns
[2020-09-11T13:40:50.498+0000][1][safepoint    ] Safepoint "Cleanup", Time since last: 1000140947 ns, Reaching safepoint: 121358 ns, At safepoint: 6599 ns, Total: 127957 ns
[2020-09-11T13:40:51.498+0000][1][safepoint    ] Safepoint "Cleanup", Time since last: 1000176081 ns, Reaching safepoint: 109251 ns, At safepoint: 6812 ns, Total: 116063 ns
[2020-09-11T13:40:52.498+0000][1][safepoint    ] Safepoint "Cleanup", Time since last: 1000175009 ns, Reaching safepoint: 103531 ns, At safepoint: 6875 ns, Total: 110406 ns
[2020-09-11T13:40:53.499+0000][1][safepoint    ] Safepoint "Cleanup", Time since last: 1000174725 ns, Reaching safepoint: 107146 ns, At safepoint: 7331 ns, Total: 114477 ns
[2020-09-11T13:40:54.499+0000][1][safepoint    ] Safepoint "Cleanup", Time since last: 1000197139 ns, Reaching safepoint: 92914 ns, At safepoint: 6457 ns, Total: 99371 ns
[2020-09-11T13:40:55.499+0000][1][safepoint    ] Safepoint "Cleanup", Time since last: 1000179976 ns, Reaching safepoint: 133085 ns, At safepoint: 17844 ns, Total: 150929 ns
[2020-09-11T13:40:56.500+0000][1][safepoint    ] Safepoint "Cleanup", Time since last: 1000221789 ns, Reaching safepoint: 135096 ns, At safepoint: 16645 ns, Total: 151741 ns
[2020-09-11T13:40:57.500+0000][1][safepoint    ] Safepoint "Cleanup", Time since last: 1000241066 ns, Reaching safepoint: 129831 ns, At safepoint: 18599 ns, Total: 148430 ns
[2020-09-11T13:40:58.500+0000][1][safepoint    ] Safepoint "Cleanup", Time since last: 1000193632 ns, Reaching safepoint: 135912 ns, At safepoint: 17306 ns, Total: 153218 ns
[2020-09-11T13:40:59.501+0000][1][safepoint    ] Safepoint "Cleanup", Time since last: 1000217213 ns, Reaching safepoint: 135180 ns, At safepoint: 18002 ns, Total: 153182 ns
[2020-09-11T13:41:00.501+0000][1][safepoint    ] Safepoint "Cleanup", Time since last: 1000223406 ns, Reaching safepoint: 132664 ns, At safepoint: 17420 ns, Total: 150084 ns
[2020-09-11T13:41:01.502+0000][1][safepoint    ] Safepoint "Cleanup", Time since last: 1000235261 ns, Reaching safepoint: 135895 ns, At safepoint: 17750 ns, Total: 153645 ns
[2020-09-11T13:41:02.502+0000][1][safepoint    ] Safepoint "Cleanup", Time since last: 1000215029 ns, Reaching safepoint: 128067 ns, At safepoint: 16321 ns, Total: 144388 ns
[2020-09-11T13:41:03.502+0000][1][safepoint    ] Safepoint "Cleanup", Time since last: 1000214881 ns, Reaching safepoint: 135605 ns, At safepoint: 17172 ns, Total: 152777 ns
[2020-09-11T13:41:04.503+0000][1][safepoint    ] Safepoint "Cleanup", Time since last: 1000220644 ns, Reaching safepoint: 136634 ns, At safepoint: 16534 ns, Total: 153168 ns
[2020-09-11T13:41:05.503+0000][1][safepoint    ] Safepoint "Cleanup", Time since last: 1000229889 ns, Reaching safepoint: 136617 ns, At safepoint: 17520 ns, Total: 154137 ns
[2020-09-11T13:41:06.503+0000][1][safepoint    ] Safepoint "Cleanup", Time since last: 1000190688 ns, Reaching safepoint: 135520 ns, At safepoint: 15376 ns, Total: 150896 ns
[2020-09-11T13:41:07.504+0000][1][safepoint    ] Safepoint "Cleanup", Time since last: 1000254017 ns, Reaching safepoint: 143927 ns, At safepoint: 17530 ns, Total: 161457 ns
[2020-09-11T13:41:08.504+0000][1][safepoint    ] Safepoint "Cleanup", Time since last: 1000185084 ns, Reaching safepoint: 130570 ns, At safepoint: 15151 ns, Total: 145721 ns
[2020-09-11T13:41:09.504+0000][1][safepoint    ] Safepoint "Cleanup", Time since last: 1000212423 ns, Reaching safepoint: 133614 ns, At safepoint: 16598 ns, Total: 150212 ns
[2020-09-11T13:41:10.505+0000][1][safepoint    ] Safepoint "Cleanup", Time since last: 1000207432 ns, Reaching safepoint: 127673 ns, At safepoint: 15552 ns, Total: 143225 ns
[2020-09-11T13:41:11.505+0000][1][safepoint    ] Safepoint "Cleanup", Time since last: 1000208672 ns, Reaching safepoint: 137632 ns, At safepoint: 17550 ns, Total: 155182 ns
[2020-09-11T13:41:12.506+0000][1][safepoint    ] Safepoint "Cleanup", Time since last: 1000182536 ns, Reaching safepoint: 134596 ns, At safepoint: 16888 ns, Total: 151484 ns
[2020-09-11T13:41:14.488+0000][1][safepoint    ] Safepoint "Cleanup", Time since last: 1982005406 ns, Reaching safepoint: 155320 ns, At safepoint: 16859 ns, Total: 172179 ns
[2020-09-11T13:41:15.488+0000][1][safepoint    ] Safepoint "Cleanup", Time since last: 1000182026 ns, Reaching safepoint: 134231 ns, At safepoint: 17557 ns, Total: 151788 ns
[2020-09-11T13:41:16.488+0000][1][safepoint    ] Safepoint "Cleanup", Time since last: 1000177811 ns, Reaching safepoint: 133510 ns, At safepoint: 16274 ns, Total: 149784 ns
[2020-09-11T13:41:17.489+0000][1][safepoint    ] Safepoint "Cleanup", Time since last: 1000216030 ns, Reaching safepoint: 133092 ns, At safepoint: 17570 ns, Total: 150662 ns
[2020-09-11T13:41:18.489+0000][1][safepoint    ] Safepoint "Cleanup", Time since last: 1000191647 ns, Reaching safepoint: 132103 ns, At safepoint: 14370 ns, Total: 146473 ns
[2020-09-11T13:41:19.489+0000][1][safepoint    ] Safepoint "Cleanup", Time since last: 1000179271 ns, Reaching safepoint: 232670 ns, At safepoint: 16545 ns, Total: 249215 ns
[2020-09-11T13:41:20.490+0000][1][safepoint    ] Safepoint "Cleanup", Time since last: 1000374783 ns, Reaching safepoint: 287272 ns, At safepoint: 18332 ns, Total: 305604 ns
[2020-09-11T13:41:21.490+0000][1][safepoint    ] Safepoint "Cleanup", Time since last: 1000214673 ns, Reaching safepoint: 100648 ns, At safepoint: 7184 ns, Total: 107832 ns
[2020-09-11T13:41:22.491+0000][1][safepoint    ] Safepoint "Cleanup", Time since last: 1000153732 ns, Reaching safepoint: 112163 ns, At safepoint: 6167 ns, Total: 118330 ns
[2020-09-11T13:41:23.491+0000][1][safepoint    ] Safepoint "Cleanup", Time since last: 1000218031 ns, Reaching safepoint: 76258 ns, At safepoint: 7086 ns, Total: 83344 ns
[2020-09-11T13:41:24.491+0000][1][safepoint    ] Safepoint "Cleanup", Time since last: 1000136952 ns, Reaching safepoint: 117767 ns, At safepoint: 5762 ns, Total: 123529 ns
[2020-09-11T13:41:25.244+0000][1][safepoint    ] Safepoint "RevokeBias", Time since last: 752525244 ns, Reaching safepoint: 65559 ns, At safepoint: 17934 ns, Total: 83493 ns
[2020-09-11T13:41:25.260+0000][1][safepoint    ] Safepoint "RevokeBias", Time since last: 15934983 ns, Reaching safepoint: 196106 ns, At safepoint: 34533 ns, Total: 230639 ns
[2020-09-11T13:41:26.260+0000][1][safepoint    ] Safepoint "Cleanup", Time since last: 1000201737 ns, Reaching safepoint: 119318 ns, At safepoint: 8432 ns, Total: 127750 ns
[2020-09-11T13:41:27.261+0000][1][safepoint    ] Safepoint "Cleanup", Time since last: 1000146007 ns, Reaching safepoint: 140973 ns, At safepoint: 15776 ns, Total: 156749 ns
[2020-09-11T13:41:28.261+0000][1][safepoint    ] Safepoint "Cleanup", Time since last: 1000279003 ns, Reaching safepoint: 140161 ns, At safepoint: 17784 ns, Total: 157945 ns
[2020-09-11T13:41:29.262+0000][1][safepoint    ] Safepoint "Cleanup", Time since last: 1000249290 ns, Reaching safepoint: 103006 ns, At safepoint: 7564 ns, Total: 110570 ns
[2020-09-11T13:41:30.262+0000][1][safepoint    ] Safepoint "Cleanup", Time since last: 1000195219 ns, Reaching safepoint: 139627 ns, At safepoint: 18222 ns, Total: 157849 ns
[2020-09-11T13:41:31.262+0000][1][safepoint    ] Safepoint "Cleanup", Time since last: 1000233765 ns, Reaching safepoint: 142704 ns, At safepoint: 17918 ns, Total: 160622 ns
[2020-09-11T13:41:32.263+0000][1][safepoint    ] Safepoint "Cleanup", Time since last: 1000222615 ns, Reaching safepoint: 102260 ns, At safepoint: 7985 ns, Total: 110245 ns
[2020-09-11T13:41:33.263+0000][1][safepoint    ] Safepoint "Cleanup", Time since last: 1000206183 ns, Reaching safepoint: 92755 ns, At safepoint: 7760 ns, Total: 100515 ns
[2020-09-11T13:41:34.263+0000][1][safepoint    ] Safepoint "Cleanup", Time since last: 1000204983 ns, Reaching safepoint: 157819 ns, At safepoint: 21492 ns, Total: 179311 ns
[2020-09-11T13:41:35.264+0000][1][safepoint    ] Safepoint "Cleanup", Time since last: 1000280795 ns, Reaching safepoint: 146376 ns, At safepoint: 18602 ns, Total: 164978 ns
[2020-09-11T13:41:36.264+0000][1][safepoint    ] Safepoint "Cleanup", Time since last: 1000223485 ns, Reaching safepoint: 142774 ns, At safepoint: 18596 ns, Total: 161370 ns
[2020-09-11T13:41:37.264+0000][1][safepoint    ] Safepoint "Cleanup", Time since last: 1000238651 ns, Reaching safepoint: 100356 ns, At safepoint: 8575 ns, Total: 108931 ns
[2020-09-11T13:41:38.265+0000][1][safepoint    ] Safepoint "Cleanup", Time since last: 1000199663 ns, Reaching safepoint: 143536 ns, At safepoint: 18432 ns, Total: 161968 ns
[2020-09-11T13:41:39.265+0000][1][safepoint    ] Safepoint "Cleanup", Time since last: 1000216359 ns, Reaching safepoint: 170387 ns, At safepoint: 19488 ns, Total: 189875 ns
[2020-09-11T13:41:40.266+0000][1][safepoint    ] Safepoint "Cleanup", Time since last: 1000218362 ns, Reaching safepoint: 144070 ns, At safepoint: 19665 ns, Total: 163735 ns
[2020-09-11T13:41:41.266+0000][1][safepoint    ] Safepoint "Cleanup", Time since last: 1000185512 ns, Reaching safepoint: 128186 ns, At safepoint: 9325 ns, Total: 137511 ns
[2020-09-11T13:41:42.266+0000][1][safepoint    ] Safepoint "Cleanup", Time since last: 1000181097 ns, Reaching safepoint: 104093 ns, At safepoint: 8394 ns, Total: 112487 ns
[2020-09-11T13:41:42.551+0000][1][safepoint    ] Safepoint "Deoptimize", Time since last: 283299733 ns, Reaching safepoint: 300397 ns, At safepoint: 859420 ns, Total: 1159817 ns
[2020-09-11T13:41:42.597+0000][1][gc,start     ] GC(92) Pause Young (Allocation Failure)
[2020-09-11T13:41:42.597+0000][1][gc,task      ] GC(92) Using 1 workers of 1 for evacuation
[2020-09-11T13:41:42.612+0000][1][gc,age       ] GC(92) Desired survivor size 4358144 bytes, new threshold 6 (max threshold 6)
[2020-09-11T13:41:42.612+0000][1][gc,age       ] GC(92) Age table with threshold 6 (max threshold 6)
[2020-09-11T13:41:42.612+0000][1][gc,age       ] GC(92) - age   1:      90504 bytes,      90504 total
[2020-09-11T13:41:42.612+0000][1][gc,age       ] GC(92) - age   2:       6032 bytes,      96536 total
[2020-09-11T13:41:42.612+0000][1][gc,age       ] GC(92) - age   3:      88480 bytes,     185016 total
[2020-09-11T13:41:42.612+0000][1][gc,age       ] GC(92) - age   4:      15328 bytes,     200344 total
[2020-09-11T13:41:42.612+0000][1][gc,age       ] GC(92) - age   5:       5328 bytes,     205672 total
[2020-09-11T13:41:42.612+0000][1][gc,age       ] GC(92) - age   6:       6112 bytes,     211784 total
[2020-09-11T13:41:42.612+0000][1][gc,heap      ] GC(92) ParNew: 68356K->280K(76672K)
[2020-09-11T13:41:42.613+0000][1][gc,heap      ] GC(92) CMS: 101296K->101296K(2011968K)
[2020-09-11T13:41:42.613+0000][1][gc,metaspace ] GC(92) Metaspace: 84966K->84966K(1128448K)
[2020-09-11T13:41:42.613+0000][1][gc           ] GC(92) Pause Young (Allocation Failure) 165M->99M(2039M) 15.254ms
[2020-09-11T13:41:42.613+0000][1][gc,cpu       ] GC(92) User=0.01s Sys=0.00s Real=0.01s
[2020-09-11T13:41:42.613+0000][1][safepoint    ] Safepoint "GenCollectForAllocation", Time since last: 46393385 ns, Reaching safepoint: 184110 ns, At safepoint: 15322818 ns, Total: 15506928 ns
[2020-09-11T13:41:43.616+0000][1][safepoint    ] Safepoint "Cleanup", Time since last: 1003062814 ns, Reaching safepoint: 139410 ns, At safepoint: 51758 ns, Total: 191168 ns
[2020-09-11T13:41:44.616+0000][1][safepoint    ] Safepoint "Cleanup", Time since last: 1000184326 ns, Reaching safepoint: 137275 ns, At safepoint: 14573 ns, Total: 151848 ns
[2020-09-11T13:41:45.617+0000][1][safepoint    ] Safepoint "Cleanup", Time since last: 1000215896 ns, Reaching safepoint: 140239 ns, At safepoint: 17483 ns, Total: 157722 ns
[2020-09-11T13:41:46.617+0000][1][safepoint    ] Safepoint "Cleanup", Time since last: 1000200525 ns, Reaching safepoint: 156291 ns, At safepoint: 17634 ns, Total: 173925 ns
[2020-09-11T13:41:47.617+0000][1][safepoint    ] Safepoint "Cleanup", Time since last: 1000153598 ns, Reaching safepoint: 185513 ns, At safepoint: 7530 ns, Total: 193043 ns
[2020-09-11T13:41:48.618+0000][1][safepoint    ] Safepoint "Cleanup", Time since last: 1000172335 ns, Reaching safepoint: 103399 ns, At safepoint: 6743 ns, Total: 110142 ns
[2020-09-11T13:41:49.618+0000][1][safepoint    ] Safepoint "Cleanup", Time since last: 1000180764 ns, Reaching safepoint: 100413 ns, At safepoint: 7549 ns, Total: 107962 ns
[2020-09-11T13:41:50.618+0000][1][safepoint    ] Safepoint "Cleanup", Time since last: 1000198633 ns, Reaching safepoint: 97795 ns, At safepoint: 7264 ns, Total: 105059 ns
[2020-09-11T13:41:51.618+0000][1][safepoint    ] Safepoint "Cleanup", Time since last: 1000202543 ns, Reaching safepoint: 99360 ns, At safepoint: 7851 ns, Total: 107211 ns
[2020-09-11T13:41:52.619+0000][1][safepoint    ] Safepoint "Cleanup", Time since last: 1000195547 ns, Reaching safepoint: 139296 ns, At safepoint: 17463 ns, Total: 156759 ns
[2020-09-11T13:41:53.619+0000][1][safepoint    ] Safepoint "Cleanup", Time since last: 1000221335 ns, Reaching safepoint: 142540 ns, At safepoint: 18472 ns, Total: 161012 ns
[2020-09-11T13:41:54.620+0000][1][safepoint    ] Safepoint "Cleanup", Time since last: 1000234077 ns, Reaching safepoint: 136720 ns, At safepoint: 15669 ns, Total: 152389 ns
[2020-09-11T13:41:55.620+0000][1][safepoint    ] Safepoint "Cleanup", Time since last: 1000221194 ns, Reaching safepoint: 147919 ns, At safepoint: 18332 ns, Total: 166251 ns
[2020-09-11T13:41:56.620+0000][1][safepoint    ] Safepoint "Cleanup", Time since last: 1000183018 ns, Reaching safepoint: 129951 ns, At safepoint: 16829 ns, Total: 146780 ns
[2020-09-11T13:41:57.621+0000][1][safepoint    ] Safepoint "Cleanup", Time since last: 1000218469 ns, Reaching safepoint: 100070 ns, At safepoint: 8474 ns, Total: 108544 ns
[2020-09-11T13:41:58.621+0000][1][safepoint    ] Safepoint "Cleanup", Time since last: 1000176780 ns, Reaching safepoint: 150559 ns, At safepoint: 19384 ns, Total: 169943 ns
[2020-09-11T13:41:59.621+0000][1][safepoint    ] Safepoint "Cleanup", Time since last: 1000191719 ns, Reaching safepoint: 135394 ns, At safepoint: 15536 ns, Total: 150930 ns
[2020-09-11T13:42:00.622+0000][1][safepoint    ] Safepoint "Cleanup", Time since last: 1000222241 ns, Reaching safepoint: 135762 ns, At safepoint: 16447 ns, Total: 152209 ns
[2020-09-11T13:42:01.622+0000][1][safepoint    ] Safepoint "Cleanup", Time since last: 1000187996 ns, Reaching safepoint: 133069 ns, At safepoint: 15465 ns, Total: 148534 ns
[2020-09-11T13:42:02.622+0000][1][safepoint    ] Safepoint "Cleanup", Time since last: 1000222346 ns, Reaching safepoint: 131281 ns, At safepoint: 16297 ns, Total: 147578 ns
[2020-09-11T13:42:03.623+0000][1][safepoint    ] Safepoint "Cleanup", Time since last: 1000214464 ns, Reaching safepoint: 133643 ns, At safepoint: 17036 ns, Total: 150679 ns
[2020-09-11T13:42:04.623+0000][1][safepoint    ] Safepoint "Cleanup", Time since last: 1000226032 ns, Reaching safepoint: 134515 ns, At safepoint: 16210 ns, Total: 150725 ns
[2020-09-11T13:42:05.624+0000][1][safepoint    ] Safepoint "Cleanup", Time since last: 1000209619 ns, Reaching safepoint: 157538 ns, At safepoint: 16120 ns, Total: 173658 ns
[2020-09-11T13:42:06.624+0000][1][safepoint    ] Safepoint "Cleanup", Time since last: 1000203028 ns, Reaching safepoint: 135838 ns, At safepoint: 15188 ns, Total: 151026 ns
[2020-09-11T13:42:07.624+0000][1][safepoint    ] Safepoint "Cleanup", Time since last: 1000221113 ns, Reaching safepoint: 97307 ns, At safepoint: 7210 ns, Total: 104517 ns
[2020-09-11T13:42:08.625+0000][1][safepoint    ] Safepoint "Cleanup", Time since last: 1000177798 ns, Reaching safepoint: 134355 ns, At safepoint: 16932 ns, Total: 151287 ns
[2020-09-11T13:42:09.625+0000][1][safepoint    ] Safepoint "Cleanup", Time since last: 1000215684 ns, Reaching safepoint: 133559 ns, At safepoint: 17086 ns, Total: 150645 ns
[2020-09-11T13:42:10.625+0000][1][safepoint    ] Safepoint "Cleanup", Time since last: 1000255321 ns, Reaching safepoint: 126433 ns, At safepoint: 16862 ns, Total: 143295 ns
[2020-09-11T13:42:11.626+0000][1][safepoint    ] Safepoint "Cleanup", Time since last: 1000250826 ns, Reaching safepoint: 93640 ns, At safepoint: 7023 ns, Total: 100663 ns
[2020-09-11T13:42:12.626+0000][1][safepoint    ] Safepoint "Cleanup", Time since last: 1000187270 ns, Reaching safepoint: 99414 ns, At safepoint: 6959 ns, Total: 106373 ns
[2020-09-11T13:42:13.626+0000][1][safepoint    ] Safepoint "Cleanup", Time since last: 1000203855 ns, Reaching safepoint: 107082 ns, At safepoint: 6896 ns, Total: 113978 ns
[2020-09-11T13:42:14.627+0000][1][safepoint    ] Safepoint "Cleanup", Time since last: 1000194384 ns, Reaching safepoint: 134812 ns, At safepoint: 16311 ns, Total: 151123 ns
[2020-09-11T13:42:15.627+0000][1][safepoint    ] Safepoint "Cleanup", Time since last: 1000238859 ns, Reaching safepoint: 132016 ns, At safepoint: 16454 ns, Total: 148470 ns
[2020-09-11T13:42:16.627+0000][1][safepoint    ] Safepoint "Cleanup", Time since last: 1000230293 ns, Reaching safepoint: 135681 ns, At safepoint: 41011 ns, Total: 176692 ns
[2020-09-11T13:42:17.628+0000][1][safepoint    ] Safepoint "Cleanup", Time since last: 1000215054 ns, Reaching safepoint: 128418 ns, At safepoint: 16164 ns, Total: 144582 ns
[2020-09-11T13:42:18.628+0000][1][safepoint    ] Safepoint "Cleanup", Time since last: 1000206176 ns, Reaching safepoint: 135174 ns, At safepoint: 15886 ns, Total: 151060 ns
[2020-09-11T13:42:19.628+0000][1][safepoint    ] Safepoint "Cleanup", Time since last: 1000182537 ns, Reaching safepoint: 137034 ns, At safepoint: 16538 ns, Total: 153572 ns
[2020-09-11T13:42:20.629+0000][1][safepoint    ] Safepoint "Cleanup", Time since last: 1000216665 ns, Reaching safepoint: 134018 ns, At safepoint: 15880 ns, Total: 149898 ns
[2020-09-11T13:42:21.629+0000][1][safepoint    ] Safepoint "Cleanup", Time since last: 1000219453 ns, Reaching safepoint: 128050 ns, At safepoint: 16785 ns, Total: 144835 ns
[2020-09-11T13:42:22.630+0000][1][safepoint    ] Safepoint "Cleanup", Time since last: 1000213601 ns, Reaching safepoint: 132754 ns, At safepoint: 17143 ns, Total: 149897 ns
[2020-09-11T13:42:23.630+0000][1][safepoint    ] Safepoint "Cleanup", Time since last: 1000221901 ns, Reaching safepoint: 109033 ns, At safepoint: 8657 ns, Total: 117690 ns
[2020-09-11T13:42:24.630+0000][1][safepoint    ] Safepoint "Cleanup", Time since last: 1000164020 ns, Reaching safepoint: 105768 ns, At safepoint: 7037 ns, Total: 112805 ns
[2020-09-11T13:42:25.631+0000][1][safepoint    ] Safepoint "Cleanup", Time since last: 1000174565 ns, Reaching safepoint: 139176 ns, At safepoint: 18920 ns, Total: 158096 ns
[2020-09-11T13:42:26.631+0000][1][safepoint    ] Safepoint "Cleanup", Time since last: 1000212933 ns, Reaching safepoint: 134191 ns, At safepoint: 17266 ns, Total: 151457 ns
[2020-09-11T13:42:27.631+0000][1][safepoint    ] Safepoint "Cleanup", Time since last: 1000234275 ns, Reaching safepoint: 132895 ns, At safepoint: 17827 ns, Total: 150722 ns
[2020-09-11T13:42:28.632+0000][1][safepoint    ] Safepoint "Cleanup", Time since last: 1000272509 ns, Reaching safepoint: 136633 ns, At safepoint: 17256 ns, Total: 153889 ns
[2020-09-11T13:42:29.632+0000][1][safepoint    ] Safepoint "Cleanup", Time since last: 1000212449 ns, Reaching safepoint: 156826 ns, At safepoint: 19876 ns, Total: 176702 ns
[2020-09-11T13:42:30.632+0000][1][safepoint    ] Safepoint "Cleanup", Time since last: 1000213203 ns, Reaching safepoint: 133232 ns, At safepoint: 16892 ns, Total: 150124 ns
[2020-09-11T13:42:31.633+0000][1][safepoint    ] Safepoint "Cleanup", Time since last: 1000218620 ns, Reaching safepoint: 139634 ns, At safepoint: 19418 ns, Total: 159052 ns
[2020-09-11T13:42:32.633+0000][1][safepoint    ] Safepoint "Cleanup", Time since last: 1000226006 ns, Reaching safepoint: 103817 ns, At safepoint: 8230 ns, Total: 112047 ns
[2020-09-11T13:42:33.633+0000][1][safepoint    ] Safepoint "Cleanup", Time since last: 1000209723 ns, Reaching safepoint: 92801 ns, At safepoint: 8209 ns, Total: 101010 ns
[2020-09-11T13:42:34.634+0000][1][safepoint    ] Safepoint "Cleanup", Time since last: 1000174023 ns, Reaching safepoint: 103066 ns, At safepoint: 7967 ns, Total: 111033 ns
[2020-09-11T13:42:35.634+0000][1][safepoint    ] Safepoint "Cleanup", Time since last: 1000184177 ns, Reaching safepoint: 99965 ns, At safepoint: 8465 ns, Total: 108430 ns
[2020-09-11T13:42:36.634+0000][1][safepoint    ] Safepoint "Cleanup", Time since last: 1000191841 ns, Reaching safepoint: 137993 ns, At safepoint: 18783 ns, Total: 156776 ns
[2020-09-11T13:42:37.635+0000][1][safepoint    ] Safepoint "Cleanup", Time since last: 1000231408 ns, Reaching safepoint: 97642 ns, At safepoint: 8135 ns, Total: 105777 ns
[2020-09-11T13:42:38.110+0000][1][safepoint    ] Safepoint "RevokeBias", Time since last: 475268918 ns, Reaching safepoint: 195262 ns, At safepoint: 21060 ns, Total: 216322 ns
[2020-09-11T13:42:39.111+0000][1][safepoint    ] Safepoint "Cleanup", Time since last: 1000139926 ns, Reaching safepoint: 136463 ns, At safepoint: 17042 ns, Total: 153505 ns
[2020-09-11T13:42:40.111+0000][1][safepoint    ] Safepoint "Cleanup", Time since last: 1000229478 ns, Reaching safepoint: 140352 ns, At safepoint: 16892 ns, Total: 157244 ns
[2020-09-11T13:42:41.111+0000][1][safepoint    ] Safepoint "Cleanup", Time since last: 1000219329 ns, Reaching safepoint: 130894 ns, At safepoint: 17172 ns, Total: 148066 ns
[2020-09-11T13:42:42.112+0000][1][safepoint    ] Safepoint "Cleanup", Time since last: 1000202972 ns, Reaching safepoint: 139748 ns, At safepoint: 16788 ns, Total: 156536 ns
[2020-09-11T13:42:43.112+0000][1][safepoint    ] Safepoint "Cleanup", Time since last: 1000233576 ns, Reaching safepoint: 135976 ns, At safepoint: 16491 ns, Total: 152467 ns
[2020-09-11T13:42:44.112+0000][1][safepoint    ] Safepoint "Cleanup", Time since last: 1000238071 ns, Reaching safepoint: 156161 ns, At safepoint: 18256 ns, Total: 174417 ns
[2020-09-11T13:42:45.113+0000][1][safepoint    ] Safepoint "Cleanup", Time since last: 1000220290 ns, Reaching safepoint: 140478 ns, At safepoint: 16779 ns, Total: 157257 ns
[2020-09-11T13:42:46.113+0000][1][safepoint    ] Safepoint "Cleanup", Time since last: 1000236048 ns, Reaching safepoint: 130553 ns, At safepoint: 17895 ns, Total: 148448 ns
[2020-09-11T13:42:47.114+0000][1][safepoint    ] Safepoint "Cleanup", Time since last: 1000230109 ns, Reaching safepoint: 93117 ns, At safepoint: 7487 ns, Total: 100604 ns
[2020-09-11T13:42:48.114+0000][1][safepoint    ] Safepoint "Cleanup", Time since last: 1000143581 ns, Reaching safepoint: 71944 ns, At safepoint: 7124 ns, Total: 79068 ns
[2020-09-11T13:42:49.114+0000][1][safepoint    ] Safepoint "Cleanup", Time since last: 1000211934 ns, Reaching safepoint: 98392 ns, At safepoint: 7327 ns, Total: 105719 ns
[2020-09-11T13:42:50.114+0000][1][safepoint    ] Safepoint "Cleanup", Time since last: 1000178488 ns, Reaching safepoint: 101181 ns, At safepoint: 6612 ns, Total: 107793 ns
[2020-09-11T13:42:51.115+0000][1][safepoint    ] Safepoint "Cleanup", Time since last: 1000194692 ns, Reaching safepoint: 137789 ns, At safepoint: 19435 ns, Total: 157224 ns
[2020-09-11T13:42:52.115+0000][1][safepoint    ] Safepoint "Cleanup", Time since last: 1000217997 ns, Reaching safepoint: 137419 ns, At safepoint: 17303 ns, Total: 154722 ns
[2020-09-11T13:42:53.116+0000][1][safepoint    ] Safepoint "Cleanup", Time since last: 1000227574 ns, Reaching safepoint: 215956 ns, At safepoint: 16374 ns, Total: 232330 ns
[2020-09-11T13:42:54.116+0000][1][safepoint    ] Safepoint "Cleanup", Time since last: 1000190366 ns, Reaching safepoint: 133820 ns, At safepoint: 17196 ns, Total: 151016 ns
[2020-09-11T13:42:55.116+0000][1][safepoint    ] Safepoint "Cleanup", Time since last: 1000214337 ns, Reaching safepoint: 139841 ns, At safepoint: 17039 ns, Total: 156880 ns
[2020-09-11T13:42:56.117+0000][1][safepoint    ] Safepoint "Cleanup", Time since last: 1000222540 ns, Reaching safepoint: 93707 ns, At safepoint: 7606 ns, Total: 101313 ns
[2020-09-11T13:42:57.117+0000][1][safepoint    ] Safepoint "Cleanup", Time since last: 1000182468 ns, Reaching safepoint: 137071 ns, At safepoint: 17035 ns, Total: 154106 ns
[2020-09-11T13:42:57.720+0000][1][gc,start     ] GC(93) Pause Young (Allocation Failure)
[2020-09-11T13:42:57.720+0000][1][gc,task      ] GC(93) Using 1 workers of 1 for evacuation
[2020-09-11T13:42:57.734+0000][1][gc,age       ] GC(93) Desired survivor size 4358144 bytes, new threshold 6 (max threshold 6)
[2020-09-11T13:42:57.735+0000][1][gc,age       ] GC(93) Age table with threshold 6 (max threshold 6)
[2020-09-11T13:42:57.735+0000][1][gc,age       ] GC(93) - age   1:      23768 bytes,      23768 total
[2020-09-11T13:42:57.735+0000][1][gc,age       ] GC(93) - age   2:      74568 bytes,      98336 total
[2020-09-11T13:42:57.735+0000][1][gc,age       ] GC(93) - age   3:       3552 bytes,     101888 total
[2020-09-11T13:42:57.735+0000][1][gc,age       ] GC(93) - age   4:      88448 bytes,     190336 total
[2020-09-11T13:42:57.735+0000][1][gc,age       ] GC(93) - age   5:      12848 bytes,     203184 total
[2020-09-11T13:42:57.735+0000][1][gc,age       ] GC(93) - age   6:       1896 bytes,     205080 total
[2020-09-11T13:42:57.735+0000][1][gc,heap      ] GC(93) ParNew: 68440K->380K(76672K)
[2020-09-11T13:42:57.735+0000][1][gc,heap      ] GC(93) CMS: 101296K->101302K(2011968K)
[2020-09-11T13:42:57.735+0000][1][gc,metaspace ] GC(93) Metaspace: 84984K->84984K(1128448K)
[2020-09-11T13:42:57.735+0000][1][gc           ] GC(93) Pause Young (Allocation Failure) 165M->99M(2039M) 14.961ms
[2020-09-11T13:42:57.735+0000][1][gc,cpu       ] GC(93) User=0.01s Sys=0.00s Real=0.01s
[2020-09-11T13:42:57.735+0000][1][safepoint    ] Safepoint "GenCollectForAllocation", Time since last: 602470036 ns, Reaching safepoint: 271205 ns, At safepoint: 15045999 ns, Total: 15317204 ns
[2020-09-11T13:42:58.738+0000][1][safepoint    ] Safepoint "Cleanup", Time since last: 1002772314 ns, Reaching safepoint: 239570 ns, At safepoint: 48167 ns, Total: 287737 ns
[2020-09-11T13:42:59.738+0000][1][safepoint    ] Safepoint "Cleanup", Time since last: 1000167620 ns, Reaching safepoint: 237441 ns, At safepoint: 42975 ns, Total: 280416 ns
[2020-09-11T13:43:00.739+0000][1][safepoint    ] Safepoint "Cleanup", Time since last: 1000159592 ns, Reaching safepoint: 323752 ns, At safepoint: 45772 ns, Total: 369524 ns
[2020-09-11T13:43:01.739+0000][1][safepoint    ] Safepoint "Cleanup", Time since last: 1000185176 ns, Reaching safepoint: 130997 ns, At safepoint: 13234 ns, Total: 144231 ns
[2020-09-11T13:43:02.740+0000][1][safepoint    ] Safepoint "Cleanup", Time since last: 1000174277 ns, Reaching safepoint: 269395 ns, At safepoint: 19571 ns, Total: 288966 ns
[2020-09-11T13:43:03.740+0000][1][safepoint    ] Safepoint "Cleanup", Time since last: 1000203068 ns, Reaching safepoint: 134228 ns, At safepoint: 17687 ns, Total: 151915 ns
[2020-09-11T13:43:04.740+0000][1][safepoint    ] Safepoint "Cleanup", Time since last: 1000219720 ns, Reaching safepoint: 137132 ns, At safepoint: 17075 ns, Total: 154207 ns
[2020-09-11T13:43:05.741+0000][1][safepoint    ] Safepoint "Cleanup", Time since last: 1000209795 ns, Reaching safepoint: 133824 ns, At safepoint: 16524 ns, Total: 150348 ns
[2020-09-11T13:43:06.741+0000][1][safepoint    ] Safepoint "Cleanup", Time since last: 1000213614 ns, Reaching safepoint: 133419 ns, At safepoint: 17878 ns, Total: 151297 ns
[2020-09-11T13:43:07.741+0000][1][safepoint    ] Safepoint "Cleanup", Time since last: 1000198849 ns, Reaching safepoint: 134328 ns, At safepoint: 15706 ns, Total: 150034 ns
[2020-09-11T13:43:08.742+0000][1][safepoint    ] Safepoint "Cleanup", Time since last: 1000212266 ns, Reaching safepoint: 131354 ns, At safepoint: 16355 ns, Total: 147709 ns
[2020-09-11T13:43:09.742+0000][1][safepoint    ] Safepoint "Cleanup", Time since last: 1000236025 ns, Reaching safepoint: 88419 ns, At safepoint: 6679 ns, Total: 95098 ns
[2020-09-11T13:43:10.742+0000][1][safepoint    ] Safepoint "Cleanup", Time since last: 1000190008 ns, Reaching safepoint: 102895 ns, At safepoint: 7258 ns, Total: 110153 ns
[2020-09-11T13:43:11.743+0000][1][safepoint    ] Safepoint "Cleanup", Time since last: 1000181938 ns, Reaching safepoint: 106819 ns, At safepoint: 6636 ns, Total: 113455 ns
[2020-09-11T13:43:12.743+0000][1][safepoint    ] Safepoint "Cleanup", Time since last: 1000181437 ns, Reaching safepoint: 96886 ns, At safepoint: 7180 ns, Total: 104066 ns
[2020-09-11T13:43:13.743+0000][1][safepoint    ] Safepoint "Cleanup", Time since last: 1000170990 ns, Reaching safepoint: 155504 ns, At safepoint: 18863 ns, Total: 174367 ns
[2020-09-11T13:43:14.744+0000][1][safepoint    ] Safepoint "Cleanup", Time since last: 1000183652 ns, Reaching safepoint: 132453 ns, At safepoint: 16127 ns, Total: 148580 ns
[2020-09-11T13:43:15.744+0000][1][safepoint    ] Safepoint "Cleanup", Time since last: 1000213608 ns, Reaching safepoint: 133079 ns, At safepoint: 17423 ns, Total: 150502 ns
[2020-09-11T13:43:16.744+0000][1][safepoint    ] Safepoint "Cleanup", Time since last: 1000210679 ns, Reaching safepoint: 135327 ns, At safepoint: 18071 ns, Total: 153398 ns
[2020-09-11T13:43:17.745+0000][1][safepoint    ] Safepoint "Cleanup", Time since last: 1000176795 ns, Reaching safepoint: 137583 ns, At safepoint: 18546 ns, Total: 156129 ns
[2020-09-11T13:43:18.745+0000][1][safepoint    ] Safepoint "Cleanup", Time since last: 1000214363 ns, Reaching safepoint: 93260 ns, At safepoint: 7914 ns, Total: 101174 ns
[2020-09-11T13:43:19.745+0000][1][safepoint    ] Safepoint "Cleanup", Time since last: 1000173537 ns, Reaching safepoint: 130065 ns, At safepoint: 17102 ns, Total: 147167 ns
[2020-09-11T13:43:20.746+0000][1][safepoint    ] Safepoint "Cleanup", Time since last: 1000228706 ns, Reaching safepoint: 83590 ns, At safepoint: 7443 ns, Total: 91033 ns
[2020-09-11T13:43:21.746+0000][1][safepoint    ] Safepoint "Cleanup", Time since last: 1000175417 ns, Reaching safepoint: 132695 ns, At safepoint: 16534 ns, Total: 149229 ns
[2020-09-11T13:43:22.746+0000][1][safepoint    ] Safepoint "Cleanup", Time since last: 1000218565 ns, Reaching safepoint: 102309 ns, At safepoint: 6720 ns, Total: 109029 ns
[2020-09-11T13:43:23.747+0000][1][safepoint    ] Safepoint "Cleanup", Time since last: 1000227071 ns, Reaching safepoint: 76521 ns, At safepoint: 5732 ns, Total: 82253 ns
[2020-09-11T13:43:24.747+0000][1][safepoint    ] Safepoint "Cleanup", Time since last: 1000166455 ns, Reaching safepoint: 106127 ns, At safepoint: 8512 ns, Total: 114639 ns
[2020-09-11T13:43:25.747+0000][1][safepoint    ] Safepoint "Cleanup", Time since last: 1000145613 ns, Reaching safepoint: 127392 ns, At safepoint: 8419 ns, Total: 135811 ns
[2020-09-11T13:43:26.747+0000][1][safepoint    ] Safepoint "Cleanup", Time since last: 1000188413 ns, Reaching safepoint: 113581 ns, At safepoint: 6884 ns, Total: 120465 ns
[2020-09-11T13:43:27.748+0000][1][safepoint    ] Safepoint "Cleanup", Time since last: 1000248456 ns, Reaching safepoint: 134506 ns, At safepoint: 16314 ns, Total: 150820 ns
[2020-09-11T13:43:28.748+0000][1][safepoint    ] Safepoint "Cleanup", Time since last: 1000244646 ns, Reaching safepoint: 92318 ns, At safepoint: 7006 ns, Total: 99324 ns
[2020-09-11T13:43:29.748+0000][1][safepoint    ] Safepoint "Cleanup", Time since last: 1000190243 ns, Reaching safepoint: 87421 ns, At safepoint: 6686 ns, Total: 94107 ns
[2020-09-11T13:43:30.749+0000][1][safepoint    ] Safepoint "Cleanup", Time since last: 1000181502 ns, Reaching safepoint: 93604 ns, At safepoint: 7225 ns, Total: 100829 ns
[2020-09-11T13:43:31.749+0000][1][safepoint    ] Safepoint "Cleanup", Time since last: 1000211207 ns, Reaching safepoint: 99876 ns, At safepoint: 6247 ns, Total: 106123 ns
[2020-09-11T13:43:32.749+0000][1][safepoint    ] Safepoint "Cleanup", Time since last: 1000167909 ns, Reaching safepoint: 101293 ns, At safepoint: 7528 ns, Total: 108821 ns
[2020-09-11T13:43:33.750+0000][1][safepoint    ] Safepoint "Cleanup", Time since last: 1000148427 ns, Reaching safepoint: 112374 ns, At safepoint: 8316 ns, Total: 120690 ns
[2020-09-11T13:43:34.750+0000][1][safepoint    ] Safepoint "Cleanup", Time since last: 1000195523 ns, Reaching safepoint: 117726 ns, At safepoint: 7501 ns, Total: 125227 ns
[2020-09-11T13:43:35.750+0000][1][safepoint    ] Safepoint "Cleanup", Time since last: 1000136866 ns, Reaching safepoint: 116771 ns, At safepoint: 6043 ns, Total: 122814 ns
[2020-09-11T13:43:36.750+0000][1][safepoint    ] Safepoint "Cleanup", Time since last: 1000181853 ns, Reaching safepoint: 98041 ns, At safepoint: 7062 ns, Total: 105103 ns
[2020-09-11T13:43:37.751+0000][1][safepoint    ] Safepoint "Cleanup", Time since last: 1000182107 ns, Reaching safepoint: 99141 ns, At safepoint: 8369 ns, Total: 107510 ns
[2020-09-11T13:43:38.751+0000][1][safepoint    ] Safepoint "Cleanup", Time since last: 1000155630 ns, Reaching safepoint: 115692 ns, At safepoint: 8764 ns, Total: 124456 ns
[2020-09-11T13:43:39.751+0000][1][safepoint    ] Safepoint "Cleanup", Time since last: 1000144668 ns, Reaching safepoint: 113293 ns, At safepoint: 6835 ns, Total: 120128 ns
[2020-09-11T13:43:40.752+0000][1][safepoint    ] Safepoint "Cleanup", Time since last: 1000174331 ns, Reaching safepoint: 99441 ns, At safepoint: 7701 ns, Total: 107142 ns
[2020-09-11T13:43:41.752+0000][1][safepoint    ] Safepoint "Cleanup", Time since last: 1000145810 ns, Reaching safepoint: 114677 ns, At safepoint: 6702 ns, Total: 121379 ns
[2020-09-11T13:43:42.752+0000][1][safepoint    ] Safepoint "Cleanup", Time since last: 1000142064 ns, Reaching safepoint: 136386 ns, At safepoint: 17213 ns, Total: 153599 ns
[2020-09-11T13:43:43.752+0000][1][safepoint    ] Safepoint "Cleanup", Time since last: 1000191370 ns, Reaching safepoint: 122428 ns, At safepoint: 14587 ns, Total: 137015 ns
[2020-09-11T13:43:44.753+0000][1][safepoint    ] Safepoint "Cleanup", Time since last: 1000127514 ns, Reaching safepoint: 96955 ns, At safepoint: 7234 ns, Total: 104189 ns
[2020-09-11T13:43:45.753+0000][1][safepoint    ] Safepoint "Cleanup", Time since last: 1000217554 ns, Reaching safepoint: 92872 ns, At safepoint: 6335 ns, Total: 99207 ns
[2020-09-11T13:43:46.753+0000][1][safepoint    ] Safepoint "Cleanup", Time since last: 1000121630 ns, Reaching safepoint: 74470 ns, At safepoint: 7472 ns, Total: 81942 ns
[2020-09-11T13:43:47.753+0000][1][safepoint    ] Safepoint "Cleanup", Time since last: 1000122998 ns, Reaching safepoint: 76513 ns, At safepoint: 9559 ns, Total: 86072 ns
[2020-09-11T13:43:48.754+0000][1][safepoint    ] Safepoint "Cleanup", Time since last: 1000183189 ns, Reaching safepoint: 136363 ns, At safepoint: 16688 ns, Total: 153051 ns
[2020-09-11T13:43:49.755+0000][1][safepoint    ] Safepoint "Cleanup", Time since last: 1001063705 ns, Reaching safepoint: 134989 ns, At safepoint: 18396 ns, Total: 153385 ns
[2020-09-11T13:43:50.755+0000][1][safepoint    ] Safepoint "Cleanup", Time since last: 1000240245 ns, Reaching safepoint: 96153 ns, At safepoint: 6791 ns, Total: 102944 ns
[2020-09-11T13:43:51.756+0000][1][safepoint    ] Safepoint "Cleanup", Time since last: 1000180272 ns, Reaching safepoint: 132210 ns, At safepoint: 18493 ns, Total: 150703 ns
[2020-09-11T13:43:52.756+0000][1][safepoint    ] Safepoint "Cleanup", Time since last: 1000221713 ns, Reaching safepoint: 139160 ns, At safepoint: 18472 ns, Total: 157632 ns
[2020-09-11T13:43:53.756+0000][1][safepoint    ] Safepoint "Cleanup", Time since last: 1000247522 ns, Reaching safepoint: 135608 ns, At safepoint: 19053 ns, Total: 154661 ns
[2020-09-11T13:43:54.758+0000][1][safepoint    ] Safepoint "Cleanup", Time since last: 1001092024 ns, Reaching safepoint: 101233 ns, At safepoint: 8500 ns, Total: 109733 ns
[2020-09-11T13:43:55.758+0000][1][safepoint    ] Safepoint "Cleanup", Time since last: 1000129060 ns, Reaching safepoint: 119368 ns, At safepoint: 6356 ns, Total: 125724 ns
[2020-09-11T13:43:56.758+0000][1][safepoint    ] Safepoint "Cleanup", Time since last: 1000168665 ns, Reaching safepoint: 146159 ns, At safepoint: 19662 ns, Total: 165821 ns
[2020-09-11T13:43:57.759+0000][1][safepoint    ] Safepoint "Cleanup", Time since last: 1000246783 ns, Reaching safepoint: 103995 ns, At safepoint: 8615 ns, Total: 112610 ns
[2020-09-11T13:43:58.759+0000][1][safepoint    ] Safepoint "Cleanup", Time since last: 1000157471 ns, Reaching safepoint: 115702 ns, At safepoint: 8313 ns, Total: 124015 ns
[2020-09-11T13:43:59.760+0000][1][safepoint    ] Safepoint "Cleanup", Time since last: 1000756561 ns, Reaching safepoint: 101170 ns, At safepoint: 7926 ns, Total: 109096 ns
[2020-09-11T13:44:00.760+0000][1][safepoint    ] Safepoint "Cleanup", Time since last: 1000154009 ns, Reaching safepoint: 108690 ns, At safepoint: 7247 ns, Total: 115937 ns
[2020-09-11T13:44:01.760+0000][1][safepoint    ] Safepoint "Cleanup", Time since last: 1000174395 ns, Reaching safepoint: 136186 ns, At safepoint: 18475 ns, Total: 154661 ns
[2020-09-11T13:44:02.761+0000][1][safepoint    ] Safepoint "Cleanup", Time since last: 1000215651 ns, Reaching safepoint: 136995 ns, At safepoint: 18155 ns, Total: 155150 ns
[2020-09-11T13:44:03.761+0000][1][safepoint    ] Safepoint "Cleanup", Time since last: 1000215878 ns, Reaching safepoint: 134525 ns, At safepoint: 19287 ns, Total: 153812 ns
[2020-09-11T13:44:04.762+0000][1][safepoint    ] Safepoint "Cleanup", Time since last: 1001201068 ns, Reaching safepoint: 104601 ns, At safepoint: 9192 ns, Total: 113793 ns
[2020-09-11T13:44:05.763+0000][1][safepoint    ] Safepoint "Cleanup", Time since last: 1000195672 ns, Reaching safepoint: 105164 ns, At safepoint: 7271 ns, Total: 112435 ns
[2020-09-11T13:44:06.763+0000][1][safepoint    ] Safepoint "Cleanup", Time since last: 1000139723 ns, Reaching safepoint: 134308 ns, At safepoint: 15683 ns, Total: 149991 ns
[2020-09-11T13:44:07.763+0000][1][safepoint    ] Safepoint "Cleanup", Time since last: 1000182554 ns, Reaching safepoint: 138384 ns, At safepoint: 17407 ns, Total: 155791 ns
[2020-09-11T13:44:08.764+0000][1][safepoint    ] Safepoint "Cleanup", Time since last: 1000161506 ns, Reaching safepoint: 133483 ns, At safepoint: 17009 ns, Total: 150492 ns
[2020-09-11T13:44:09.765+0000][1][safepoint    ] Safepoint "Cleanup", Time since last: 1000943969 ns, Reaching safepoint: 154277 ns, At safepoint: 19461 ns, Total: 173738 ns
[2020-09-11T13:44:10.765+0000][1][safepoint    ] Safepoint "Cleanup", Time since last: 1000235290 ns, Reaching safepoint: 98042 ns, At safepoint: 6994 ns, Total: 105036 ns
[2020-09-11T13:44:11.765+0000][1][safepoint    ] Safepoint "Cleanup", Time since last: 1000148746 ns, Reaching safepoint: 110018 ns, At safepoint: 6845 ns, Total: 116863 ns
[2020-09-11T13:44:12.766+0000][1][safepoint    ] Safepoint "Cleanup", Time since last: 1000202274 ns, Reaching safepoint: 91531 ns, At safepoint: 7128 ns, Total: 98659 ns
[2020-09-11T13:44:12.849+0000][1][gc,start     ] GC(94) Pause Young (Allocation Failure)
[2020-09-11T13:44:12.849+0000][1][gc,task      ] GC(94) Using 1 workers of 1 for evacuation
[2020-09-11T13:44:12.862+0000][1][gc,age       ] GC(94) Desired survivor size 4358144 bytes, new threshold 6 (max threshold 6)
[2020-09-11T13:44:12.862+0000][1][gc,age       ] GC(94) Age table with threshold 6 (max threshold 6)
[2020-09-11T13:44:12.862+0000][1][gc,age       ] GC(94) - age   1:      20544 bytes,      20544 total
[2020-09-11T13:44:12.862+0000][1][gc,age       ] GC(94) - age   2:       6344 bytes,      26888 total
[2020-09-11T13:44:12.862+0000][1][gc,age       ] GC(94) - age   3:      74536 bytes,     101424 total
[2020-09-11T13:44:12.862+0000][1][gc,age       ] GC(94) - age   4:       3552 bytes,     104976 total
[2020-09-11T13:44:12.862+0000][1][gc,age       ] GC(94) - age   5:      88448 bytes,     193424 total
[2020-09-11T13:44:12.862+0000][1][gc,age       ] GC(94) - age   6:      12848 bytes,     206272 total
[2020-09-11T13:44:12.862+0000][1][gc,heap      ] GC(94) ParNew: 68540K->245K(76672K)
[2020-09-11T13:44:12.862+0000][1][gc,heap      ] GC(94) CMS: 101302K->101303K(2011968K)
[2020-09-11T13:44:12.862+0000][1][gc,metaspace ] GC(94) Metaspace: 84992K->84992K(1128448K)
[2020-09-11T13:44:12.862+0000][1][gc           ] GC(94) Pause Young (Allocation Failure) 165M->99M(2039M) 13.668ms
[2020-09-11T13:44:12.862+0000][1][gc,cpu       ] GC(94) User=0.02s Sys=0.00s Real=0.01s
[2020-09-11T13:44:12.862+0000][1][safepoint    ] Safepoint "GenCollectForAllocation", Time since last: 82719194 ns, Reaching safepoint: 185716 ns, At safepoint: 13759813 ns, Total: 13945529 ns
[2020-09-11T13:44:13.864+0000][1][safepoint    ] Safepoint "Cleanup", Time since last: 1001570153 ns, Reaching safepoint: 68637 ns, At safepoint: 5119 ns, Total: 73756 ns
[2020-09-11T13:44:14.865+0000][1][safepoint    ] Safepoint "Cleanup", Time since last: 1000475371 ns, Reaching safepoint: 238136 ns, At safepoint: 17647 ns, Total: 255783 ns
[2020-09-11T13:44:15.865+0000][1][safepoint    ] Safepoint "Cleanup", Time since last: 1000219725 ns, Reaching safepoint: 241845 ns, At safepoint: 17814 ns, Total: 259659 ns
[2020-09-11T13:44:16.865+0000][1][safepoint    ] Safepoint "Cleanup", Time since last: 1000169929 ns, Reaching safepoint: 128492 ns, At safepoint: 13517 ns, Total: 142009 ns
[2020-09-11T13:44:17.866+0000][1][safepoint    ] Safepoint "Cleanup", Time since last: 1000174782 ns, Reaching safepoint: 225072 ns, At safepoint: 18085 ns, Total: 243157 ns
[2020-09-11T13:44:18.866+0000][1][safepoint    ] Safepoint "Cleanup", Time since last: 1000211218 ns, Reaching safepoint: 133178 ns, At safepoint: 16939 ns, Total: 150117 ns
[2020-09-11T13:44:19.867+0000][1][safepoint    ] Safepoint "Cleanup", Time since last: 1000203691 ns, Reaching safepoint: 132026 ns, At safepoint: 16899 ns, Total: 148925 ns
[2020-09-11T13:44:20.867+0000][1][safepoint    ] Safepoint "Cleanup", Time since last: 1000228462 ns, Reaching safepoint: 131822 ns, At safepoint: 16875 ns, Total: 148697 ns
[2020-09-11T13:44:21.867+0000][1][safepoint    ] Safepoint "Cleanup", Time since last: 1000210471 ns, Reaching safepoint: 232520 ns, At safepoint: 18279 ns, Total: 250799 ns
[2020-09-11T13:44:22.868+0000][1][safepoint    ] Safepoint "Cleanup", Time since last: 1000223587 ns, Reaching safepoint: 159713 ns, At safepoint: 14761 ns, Total: 174474 ns
[2020-09-11T13:44:23.868+0000][1][safepoint    ] Safepoint "Cleanup", Time since last: 1000190615 ns, Reaching safepoint: 109642 ns, At safepoint: 14901 ns, Total: 124543 ns
[2020-09-11T13:44:24.868+0000][1][safepoint    ] Safepoint "Cleanup", Time since last: 1000161371 ns, Reaching safepoint: 134963 ns, At safepoint: 16094 ns, Total: 151057 ns
[2020-09-11T13:44:25.869+0000][1][safepoint    ] Safepoint "Cleanup", Time since last: 1000216880 ns, Reaching safepoint: 133189 ns, At safepoint: 16875 ns, Total: 150064 ns
[2020-09-11T13:44:52.873+0000][1][safepoint    ] Safepoint "Cleanup", Time since last: 27003828387 ns, Reaching safepoint: 101420 ns, At safepoint: 8478 ns, Total: 109898 ns
[2020-09-11T13:44:53.873+0000][1][safepoint    ] Safepoint "Cleanup", Time since last: 1000191219 ns, Reaching safepoint: 135070 ns, At safepoint: 18863 ns, Total: 153933 ns
[2020-09-11T13:44:54.874+0000][1][safepoint    ] Safepoint "Cleanup", Time since last: 1000227171 ns, Reaching safepoint: 136861 ns, At safepoint: 19234 ns, Total: 156095 ns
[2020-09-11T13:44:55.874+0000][1][safepoint    ] Safepoint "Cleanup", Time since last: 1000223118 ns, Reaching safepoint: 136547 ns, At safepoint: 18325 ns, Total: 154872 ns
[2020-09-11T13:44:56.874+0000][1][safepoint    ] Safepoint "Cleanup", Time since last: 1000224774 ns, Reaching safepoint: 134836 ns, At safepoint: 18319 ns, Total: 153155 ns
[2020-09-11T13:44:57.875+0000][1][safepoint    ] Safepoint "Cleanup", Time since last: 1000245311 ns, Reaching safepoint: 88035 ns, At safepoint: 8211 ns, Total: 96246 ns
[2020-09-11T13:44:58.875+0000][1][safepoint    ] Safepoint "Cleanup", Time since last: 1000188738 ns, Reaching safepoint: 92975 ns, At safepoint: 8043 ns, Total: 101018 ns
[2020-09-11T13:44:59.875+0000][1][safepoint    ] Safepoint "Cleanup", Time since last: 1000188536 ns, Reaching safepoint: 96015 ns, At safepoint: 8673 ns, Total: 104688 ns
[2020-09-11T13:45:00.876+0000][1][safepoint    ] Safepoint "Cleanup", Time since last: 1000171351 ns, Reaching safepoint: 158099 ns, At safepoint: 16057 ns, Total: 174156 ns
[2020-09-11T13:45:01.876+0000][1][safepoint    ] Safepoint "Cleanup", Time since last: 1000191661 ns, Reaching safepoint: 133136 ns, At safepoint: 18058 ns, Total: 151194 ns
[2020-09-11T13:45:02.876+0000][1][safepoint    ] Safepoint "Cleanup", Time since last: 1000269030 ns, Reaching safepoint: 140095 ns, At safepoint: 19301 ns, Total: 159396 ns
[2020-09-11T13:45:03.877+0000][1][safepoint    ] Safepoint "Cleanup", Time since last: 1000226634 ns, Reaching safepoint: 139433 ns, At safepoint: 19021 ns, Total: 158454 ns
[2020-09-11T13:45:04.877+0000][1][safepoint    ] Safepoint "Cleanup", Time since last: 1000229582 ns, Reaching safepoint: 139537 ns, At safepoint: 17871 ns, Total: 157408 ns
[2020-09-11T13:45:05.877+0000][1][safepoint    ] Safepoint "Cleanup", Time since last: 1000216434 ns, Reaching safepoint: 140726 ns, At safepoint: 18376 ns, Total: 159102 ns
[2020-09-11T13:45:06.878+0000][1][safepoint    ] Safepoint "Cleanup", Time since last: 1000137241 ns, Reaching safepoint: 125424 ns, At safepoint: 16404 ns, Total: 141828 ns
[2020-09-11T13:45:07.878+0000][1][safepoint    ] Safepoint "Cleanup", Time since last: 1000211941 ns, Reaching safepoint: 135677 ns, At safepoint: 16969 ns, Total: 152646 ns
[2020-09-11T13:45:08.878+0000][1][safepoint    ] Safepoint "Cleanup", Time since last: 1000236138 ns, Reaching safepoint: 137839 ns, At safepoint: 17220 ns, Total: 155059 ns
[2020-09-11T13:45:09.879+0000][1][safepoint    ] Safepoint "Cleanup", Time since last: 1000235411 ns, Reaching safepoint: 149683 ns, At safepoint: 17377 ns, Total: 167060 ns
[2020-09-11T13:45:10.879+0000][1][safepoint    ] Safepoint "Cleanup", Time since last: 1000217409 ns, Reaching safepoint: 135888 ns, At safepoint: 16886 ns, Total: 152774 ns
[2020-09-11T13:45:11.880+0000][1][safepoint    ] Safepoint "Cleanup", Time since last: 1000221841 ns, Reaching safepoint: 133998 ns, At safepoint: 17507 ns, Total: 151505 ns
[2020-09-11T13:45:12.880+0000][1][safepoint    ] Safepoint "Cleanup", Time since last: 1000237667 ns, Reaching safepoint: 137599 ns, At safepoint: 17286 ns, Total: 154885 ns
[2020-09-11T13:45:13.880+0000][1][safepoint    ] Safepoint "Cleanup", Time since last: 1000224919 ns, Reaching safepoint: 133843 ns, At safepoint: 17397 ns, Total: 151240 ns
[2020-09-11T13:45:14.881+0000][1][safepoint    ] Safepoint "Cleanup", Time since last: 1000283038 ns, Reaching safepoint: 135314 ns, At safepoint: 17731 ns, Total: 153045 ns
[2020-09-11T13:45:16.872+0000][1][safepoint    ] Safepoint "Cleanup", Time since last: 1990727630 ns, Reaching safepoint: 145026 ns, At safepoint: 18455 ns, Total: 163481 ns
[2020-09-11T13:45:17.872+0000][1][safepoint    ] Safepoint "Cleanup", Time since last: 1000186773 ns, Reaching safepoint: 136945 ns, At safepoint: 17610 ns, Total: 154555 ns
[2020-09-11T13:45:18.872+0000][1][safepoint    ] Safepoint "Cleanup", Time since last: 1000165803 ns, Reaching safepoint: 88129 ns, At safepoint: 5943 ns, Total: 94072 ns
[2020-09-11T13:45:19.873+0000][1][safepoint    ] Safepoint "Cleanup", Time since last: 1000341290 ns, Reaching safepoint: 69083 ns, At safepoint: 6144 ns, Total: 75227 ns
[2020-09-11T13:45:20.873+0000][1][safepoint    ] Safepoint "Cleanup", Time since last: 1000169161 ns, Reaching safepoint: 99477 ns, At safepoint: 6335 ns, Total: 105812 ns
[2020-09-11T13:45:21.873+0000][1][safepoint    ] Safepoint "Cleanup", Time since last: 1000169890 ns, Reaching safepoint: 101534 ns, At safepoint: 6694 ns, Total: 108228 ns
[2020-09-11T13:45:22.874+0000][1][safepoint    ] Safepoint "Cleanup", Time since last: 1000177732 ns, Reaching safepoint: 102480 ns, At safepoint: 6629 ns, Total: 109109 ns
[2020-09-11T13:45:23.874+0000][1][safepoint    ] Safepoint "Cleanup", Time since last: 1000116647 ns, Reaching safepoint: 188041 ns, At safepoint: 6708 ns, Total: 194749 ns
[2020-09-11T13:45:24.874+0000][1][safepoint    ] Safepoint "Cleanup", Time since last: 1000134807 ns, Reaching safepoint: 81103 ns, At safepoint: 5600 ns, Total: 86703 ns
[2020-09-11T13:45:25.874+0000][1][safepoint    ] Safepoint "Cleanup", Time since last: 1000169115 ns, Reaching safepoint: 96063 ns, At safepoint: 7662 ns, Total: 103725 ns
[2020-09-11T13:45:26.875+0000][1][safepoint    ] Safepoint "Cleanup", Time since last: 1000209903 ns, Reaching safepoint: 135916 ns, At safepoint: 17259 ns, Total: 153175 ns
[2020-09-11T13:45:27.875+0000][1][safepoint    ] Safepoint "Cleanup", Time since last: 1000233631 ns, Reaching safepoint: 99953 ns, At safepoint: 6776 ns, Total: 106729 ns
[2020-09-11T13:45:27.975+0000][1][gc,start     ] GC(95) Pause Young (Allocation Failure)
[2020-09-11T13:45:27.975+0000][1][gc,task      ] GC(95) Using 1 workers of 1 for evacuation
[2020-09-11T13:45:27.989+0000][1][gc,age       ] GC(95) Desired survivor size 4358144 bytes, new threshold 6 (max threshold 6)
[2020-09-11T13:45:27.989+0000][1][gc,age       ] GC(95) Age table with threshold 6 (max threshold 6)
[2020-09-11T13:45:27.989+0000][1][gc,age       ] GC(95) - age   1:      19752 bytes,      19752 total
[2020-09-11T13:45:27.989+0000][1][gc,age       ] GC(95) - age   2:       5696 bytes,      25448 total
[2020-09-11T13:45:27.989+0000][1][gc,age       ] GC(95) - age   3:       6344 bytes,      31792 total
[2020-09-11T13:45:27.989+0000][1][gc,age       ] GC(95) - age   4:      72056 bytes,     103848 total
[2020-09-11T13:45:27.989+0000][1][gc,age       ] GC(95) - age   5:       3552 bytes,     107400 total
[2020-09-11T13:45:27.989+0000][1][gc,age       ] GC(95) - age   6:      88448 bytes,     195848 total
[2020-09-11T13:45:27.989+0000][1][gc,heap      ] GC(95) ParNew: 68405K->363K(76672K)
[2020-09-11T13:45:27.989+0000][1][gc,heap      ] GC(95) CMS: 101303K->101314K(2011968K)
[2020-09-11T13:45:27.989+0000][1][gc,metaspace ] GC(95) Metaspace: 84998K->84998K(1128448K)
[2020-09-11T13:45:27.989+0000][1][gc           ] GC(95) Pause Young (Allocation Failure) 165M->99M(2039M) 14.554ms
[2020-09-11T13:45:27.990+0000][1][gc,cpu       ] GC(95) User=0.01s Sys=0.00s Real=0.02s
[2020-09-11T13:45:27.990+0000][1][safepoint    ] Safepoint "GenCollectForAllocation", Time since last: 99635340 ns, Reaching safepoint: 186954 ns, At safepoint: 14650963 ns, Total: 14837917 ns
[2020-09-11T13:45:56.995+0000][1][safepoint    ] Safepoint "Cleanup", Time since last: 29005180604 ns, Reaching safepoint: 145180 ns, At safepoint: 18613 ns, Total: 163793 ns
[2020-09-11T13:46:21.998+0000][1][safepoint    ] Safepoint "Cleanup", Time since last: 25003455481 ns, Reaching safepoint: 109047 ns, At safepoint: 8600 ns, Total: 117647 ns
[2020-09-11T13:46:25.999+0000][1][safepoint    ] Safepoint "Cleanup", Time since last: 4000698885 ns, Reaching safepoint: 124820 ns, At safepoint: 6578 ns, Total: 131398 ns
[2020-09-11T13:46:43.389+0000][1][gc,start     ] GC(96) Pause Young (Allocation Failure)
[2020-09-11T13:46:43.389+0000][1][gc,task      ] GC(96) Using 1 workers of 1 for evacuation
[2020-09-11T13:46:43.410+0000][1][gc,age       ] GC(96) Desired survivor size 4358144 bytes, new threshold 6 (max threshold 6)
[2020-09-11T13:46:43.410+0000][1][gc,age       ] GC(96) Age table with threshold 6 (max threshold 6)
[2020-09-11T13:46:43.410+0000][1][gc,age       ] GC(96) - age   1:      18248 bytes,      18248 total
[2020-09-11T13:46:43.410+0000][1][gc,age       ] GC(96) - age   2:       5168 bytes,      23416 total
[2020-09-11T13:46:43.410+0000][1][gc,age       ] GC(96) - age   3:       5664 bytes,      29080 total
[2020-09-11T13:46:43.410+0000][1][gc,age       ] GC(96) - age   4:       3864 bytes,      32944 total
[2020-09-11T13:46:43.410+0000][1][gc,age       ] GC(96) - age   5:      71864 bytes,     104808 total
[2020-09-11T13:46:43.410+0000][1][gc,age       ] GC(96) - age   6:       3552 bytes,     108360 total
[2020-09-11T13:46:43.410+0000][1][gc,heap      ] GC(96) ParNew: 68523K->117K(76672K)
[2020-09-11T13:46:43.410+0000][1][gc,heap      ] GC(96) CMS: 101314K->101401K(2011968K)
[2020-09-11T13:46:43.410+0000][1][gc,metaspace ] GC(96) Metaspace: 85001K->85001K(1128448K)
[2020-09-11T13:46:43.410+0000][1][gc           ] GC(96) Pause Young (Allocation Failure) 165M->99M(2039M) 21.117ms
[2020-09-11T13:46:43.410+0000][1][gc,cpu       ] GC(96) User=0.03s Sys=0.00s Real=0.02s
[2020-09-11T13:46:43.410+0000][1][safepoint    ] Safepoint "GenCollectForAllocation", Time since last: 17389415681 ns, Reaching safepoint: 184092 ns, At safepoint: 21200376 ns, Total: 21384468 ns
[2020-09-11T13:46:46.412+0000][1][safepoint    ] Safepoint "Cleanup", Time since last: 3001711066 ns, Reaching safepoint: 124162 ns, At safepoint: 19996 ns, Total: 144158 ns
[2020-09-11T13:46:49.412+0000][1][safepoint    ] Safepoint "Cleanup", Time since last: 3000395016 ns, Reaching safepoint: 116376 ns, At safepoint: 6351 ns, Total: 122727 ns
[2020-09-11T13:46:50.413+0000][1][safepoint    ] Safepoint "Cleanup", Time since last: 1000188718 ns, Reaching safepoint: 115461 ns, At safepoint: 7080 ns, Total: 122541 ns
[2020-09-11T13:46:51.413+0000][1][safepoint    ] Safepoint "Cleanup", Time since last: 1000170358 ns, Reaching safepoint: 95853 ns, At safepoint: 6099 ns, Total: 101952 ns
[2020-09-11T13:46:52.413+0000][1][safepoint    ] Safepoint "Cleanup", Time since last: 1000179654 ns, Reaching safepoint: 104213 ns, At safepoint: 8058 ns, Total: 112271 ns
[2020-09-11T13:46:53.414+0000][1][safepoint    ] Safepoint "Cleanup", Time since last: 1000188738 ns, Reaching safepoint: 137760 ns, At safepoint: 17720 ns, Total: 155480 ns
[2020-09-11T13:46:54.414+0000][1][safepoint    ] Safepoint "Cleanup", Time since last: 1000209094 ns, Reaching safepoint: 136734 ns, At safepoint: 17924 ns, Total: 154658 ns
[2020-09-11T13:46:55.414+0000][1][safepoint    ] Safepoint "Cleanup", Time since last: 1000224897 ns, Reaching safepoint: 132884 ns, At safepoint: 15633 ns, Total: 148517 ns
[2020-09-11T13:46:56.415+0000][1][safepoint    ] Safepoint "Cleanup", Time since last: 1000226293 ns, Reaching safepoint: 103688 ns, At safepoint: 6867 ns, Total: 110555 ns
[2020-09-11T13:46:57.415+0000][1][safepoint    ] Safepoint "Cleanup", Time since last: 1000158403 ns, Reaching safepoint: 104908 ns, At safepoint: 7413 ns, Total: 112321 ns
[2020-09-11T13:46:58.415+0000][1][safepoint    ] Safepoint "Cleanup", Time since last: 1000175224 ns, Reaching safepoint: 191376 ns, At safepoint: 20099 ns, Total: 211475 ns
[2020-09-11T13:46:59.416+0000][1][safepoint    ] Safepoint "Cleanup", Time since last: 1000204018 ns, Reaching safepoint: 100924 ns, At safepoint: 6720 ns, Total: 107644 ns
[2020-09-11T13:47:00.416+0000][1][safepoint    ] Safepoint "Cleanup", Time since last: 1000178800 ns, Reaching safepoint: 136797 ns, At safepoint: 16535 ns, Total: 153332 ns
[2020-09-11T13:47:00.468+0000][1][safepoint    ] Safepoint "RevokeBias", Time since last: 47964995 ns, Reaching safepoint: 3483667 ns, At safepoint: 35236 ns, Total: 3518903 ns
[2020-09-11T13:47:01.468+0000][1][safepoint    ] Safepoint "Cleanup", Time since last: 1000183196 ns, Reaching safepoint: 113889 ns, At safepoint: 7081 ns, Total: 120970 ns
[2020-09-11T13:47:02.468+0000][1][safepoint    ] Safepoint "Cleanup", Time since last: 1000178192 ns, Reaching safepoint: 100189 ns, At safepoint: 8158 ns, Total: 108347 ns
[2020-09-11T13:47:03.468+0000][1][safepoint    ] Safepoint "Cleanup", Time since last: 1000176168 ns, Reaching safepoint: 133132 ns, At safepoint: 18255 ns, Total: 151387 ns
[2020-09-11T13:47:04.469+0000][1][safepoint    ] Safepoint "Cleanup", Time since last: 1000175483 ns, Reaching safepoint: 135094 ns, At safepoint: 17700 ns, Total: 152794 ns
[2020-09-11T13:47:05.272+0000][1][safepoint    ] Safepoint "RevokeBias", Time since last: 802890446 ns, Reaching safepoint: 264086 ns, At safepoint: 30527 ns, Total: 294613 ns
[2020-09-11T13:47:06.272+0000][1][safepoint    ] Safepoint "Cleanup", Time since last: 1000140385 ns, Reaching safepoint: 139454 ns, At safepoint: 16725 ns, Total: 156179 ns
[2020-09-11T13:47:07.273+0000][1][safepoint    ] Safepoint "Cleanup", Time since last: 1000187283 ns, Reaching safepoint: 133473 ns, At safepoint: 17243 ns, Total: 150716 ns
[2020-09-11T13:47:08.273+0000][1][safepoint    ] Safepoint "Cleanup", Time since last: 1000188607 ns, Reaching safepoint: 147682 ns, At safepoint: 17881 ns, Total: 165563 ns
[2020-09-11T13:47:09.273+0000][1][safepoint    ] Safepoint "Cleanup", Time since last: 1000222498 ns, Reaching safepoint: 97493 ns, At safepoint: 7951 ns, Total: 105444 ns
[2020-09-11T13:47:10.274+0000][1][safepoint    ] Safepoint "Cleanup", Time since last: 1000190961 ns, Reaching safepoint: 136931 ns, At safepoint: 18853 ns, Total: 155784 ns
[2020-09-11T13:47:11.274+0000][1][safepoint    ] Safepoint "Cleanup", Time since last: 1000190204 ns, Reaching safepoint: 114399 ns, At safepoint: 7350 ns, Total: 121749 ns
[2020-09-11T13:47:12.274+0000][1][safepoint    ] Safepoint "Cleanup", Time since last: 1000196519 ns, Reaching safepoint: 103874 ns, At safepoint: 7288 ns, Total: 111162 ns
[2020-09-11T13:47:13.275+0000][1][safepoint    ] Safepoint "Cleanup", Time since last: 1000144960 ns, Reaching safepoint: 126817 ns, At safepoint: 16164 ns, Total: 142981 ns
[2020-09-11T13:47:14.275+0000][1][safepoint    ] Safepoint "Cleanup", Time since last: 1000189733 ns, Reaching safepoint: 109448 ns, At safepoint: 7618 ns, Total: 117066 ns
[2020-09-11T13:47:15.275+0000][1][safepoint    ] Safepoint "Cleanup", Time since last: 1000145595 ns, Reaching safepoint: 138778 ns, At safepoint: 17925 ns, Total: 156703 ns
[2020-09-11T13:47:16.276+0000][1][safepoint    ] Safepoint "Cleanup", Time since last: 1000237589 ns, Reaching safepoint: 135064 ns, At safepoint: 17383 ns, Total: 152447 ns
[2020-09-11T13:47:17.276+0000][1][safepoint    ] Safepoint "Cleanup", Time since last: 1000178180 ns, Reaching safepoint: 139974 ns, At safepoint: 16207 ns, Total: 156181 ns
[2020-09-11T13:47:18.276+0000][1][safepoint    ] Safepoint "Cleanup", Time since last: 1000253339 ns, Reaching safepoint: 137739 ns, At safepoint: 16782 ns, Total: 154521 ns
[2020-09-11T13:47:19.277+0000][1][safepoint    ] Safepoint "Cleanup", Time since last: 1000233321 ns, Reaching safepoint: 94390 ns, At safepoint: 7563 ns, Total: 101953 ns
[2020-09-11T13:47:20.277+0000][1][safepoint    ] Safepoint "Cleanup", Time since last: 1000161448 ns, Reaching safepoint: 76739 ns, At safepoint: 8503 ns, Total: 85242 ns
[2020-09-11T13:47:21.277+0000][1][safepoint    ] Safepoint "Cleanup", Time since last: 1000176439 ns, Reaching safepoint: 178115 ns, At safepoint: 17831 ns, Total: 195946 ns
[2020-09-11T13:47:22.278+0000][1][safepoint    ] Safepoint "Cleanup", Time since last: 1000172916 ns, Reaching safepoint: 132414 ns, At safepoint: 16778 ns, Total: 149192 ns
[2020-09-11T13:47:23.278+0000][1][safepoint    ] Safepoint "Cleanup", Time since last: 1000177740 ns, Reaching safepoint: 121573 ns, At safepoint: 6907 ns, Total: 128480 ns
[2020-09-11T13:47:24.278+0000][1][safepoint    ] Safepoint "Cleanup", Time since last: 1000176869 ns, Reaching safepoint: 138728 ns, At safepoint: 7281 ns, Total: 146009 ns
[2020-09-11T13:47:25.279+0000][1][safepoint    ] Safepoint "Cleanup", Time since last: 1000211358 ns, Reaching safepoint: 134125 ns, At safepoint: 15642 ns, Total: 149767 ns
[2020-09-11T13:47:26.279+0000][1][safepoint    ] Safepoint "Cleanup", Time since last: 1000229510 ns, Reaching safepoint: 158577 ns, At safepoint: 19528 ns, Total: 178105 ns
[2020-09-11T13:47:27.279+0000][1][safepoint    ] Safepoint "Cleanup", Time since last: 1000226427 ns, Reaching safepoint: 134653 ns, At safepoint: 17146 ns, Total: 151799 ns
[2020-09-11T13:47:28.280+0000][1][safepoint    ] Safepoint "Cleanup", Time since last: 1000307603 ns, Reaching safepoint: 129062 ns, At safepoint: 17280 ns, Total: 146342 ns
[2020-09-11T13:47:29.280+0000][1][safepoint    ] Safepoint "Cleanup", Time since last: 1000241210 ns, Reaching safepoint: 162703 ns, At safepoint: 20501 ns, Total: 183204 ns
[2020-09-11T13:47:30.281+0000][1][safepoint    ] Safepoint "Cleanup", Time since last: 1000244933 ns, Reaching safepoint: 132764 ns, At safepoint: 16906 ns, Total: 149670 ns
[2020-09-11T13:47:31.281+0000][1][safepoint    ] Safepoint "Cleanup", Time since last: 1000221688 ns, Reaching safepoint: 133774 ns, At safepoint: 16938 ns, Total: 150712 ns
[2020-09-11T13:47:32.281+0000][1][safepoint    ] Safepoint "Cleanup", Time since last: 1000248498 ns, Reaching safepoint: 139747 ns, At safepoint: 17687 ns, Total: 157434 ns
[2020-09-11T13:47:33.282+0000][1][safepoint    ] Safepoint "Cleanup", Time since last: 1000241067 ns, Reaching safepoint: 95102 ns, At safepoint: 8633 ns, Total: 103735 ns
[2020-09-11T13:47:34.282+0000][1][safepoint    ] Safepoint "Cleanup", Time since last: 1000245123 ns, Reaching safepoint: 113085 ns, At safepoint: 7614 ns, Total: 120699 ns
[2020-09-11T13:47:35.184+0000][1][safepoint    ] Safepoint "RevokeBias", Time since last: 901472316 ns, Reaching safepoint: 180002 ns, At safepoint: 28571 ns, Total: 208573 ns
[2020-09-11T13:47:35.188+0000][1][safepoint    ] Safepoint "RevokeBias", Time since last: 4046327 ns, Reaching safepoint: 221425 ns, At safepoint: 20212 ns, Total: 241637 ns
[2020-09-11T13:47:36.188+0000][1][safepoint    ] Safepoint "Cleanup", Time since last: 1000193451 ns, Reaching safepoint: 115213 ns, At safepoint: 8861 ns, Total: 124074 ns
[2020-09-11T13:47:37.189+0000][1][safepoint    ] Safepoint "Cleanup", Time since last: 1000884702 ns, Reaching safepoint: 136544 ns, At safepoint: 19080 ns, Total: 155624 ns
[2020-09-11T13:47:38.190+0000][1][safepoint    ] Safepoint "Cleanup", Time since last: 1000216416 ns, Reaching safepoint: 129821 ns, At safepoint: 17287 ns, Total: 147108 ns
[2020-09-11T13:47:39.190+0000][1][safepoint    ] Safepoint "Cleanup", Time since last: 1000182693 ns, Reaching safepoint: 128134 ns, At safepoint: 17012 ns, Total: 145146 ns
[2020-09-11T13:47:40.191+0000][1][safepoint    ] Safepoint "Cleanup", Time since last: 1000229734 ns, Reaching safepoint: 161858 ns, At safepoint: 20049 ns, Total: 181907 ns
[2020-09-11T13:47:41.191+0000][1][safepoint    ] Safepoint "Cleanup", Time since last: 1000215681 ns, Reaching safepoint: 139563 ns, At safepoint: 18550 ns, Total: 158113 ns
[2020-09-11T13:47:42.192+0000][1][safepoint    ] Safepoint "Cleanup", Time since last: 1001182173 ns, Reaching safepoint: 138652 ns, At safepoint: 18589 ns, Total: 157241 ns
[2020-09-11T13:47:43.193+0000][1][safepoint    ] Safepoint "Cleanup", Time since last: 1000228330 ns, Reaching safepoint: 105250 ns, At safepoint: 8719 ns, Total: 113969 ns
[2020-09-11T13:47:44.193+0000][1][safepoint    ] Safepoint "Cleanup", Time since last: 1000155843 ns, Reaching safepoint: 135347 ns, At safepoint: 18182 ns, Total: 153529 ns
[2020-09-11T13:47:45.193+0000][1][safepoint    ] Safepoint "Cleanup", Time since last: 1000191540 ns, Reaching safepoint: 136717 ns, At safepoint: 16625 ns, Total: 153342 ns
[2020-09-11T13:47:46.194+0000][1][safepoint    ] Safepoint "Cleanup", Time since last: 1000217991 ns, Reaching safepoint: 141023 ns, At safepoint: 19842 ns, Total: 160865 ns
[2020-09-11T13:47:47.195+0000][1][safepoint    ] Safepoint "Cleanup", Time since last: 1001105824 ns, Reaching safepoint: 109282 ns, At safepoint: 7569 ns, Total: 116851 ns
[2020-09-11T13:47:48.195+0000][1][safepoint    ] Safepoint "Cleanup", Time since last: 1000168147 ns, Reaching safepoint: 102435 ns, At safepoint: 7537 ns, Total: 109972 ns
[2020-09-11T13:47:49.016+0000][1][safepoint    ] Safepoint "RevokeBias", Time since last: 820287606 ns, Reaching safepoint: 226674 ns, At safepoint: 49464 ns, Total: 276138 ns
[2020-09-11T13:47:49.023+0000][1][gc,start     ] GC(97) Pause Young (Allocation Failure)
[2020-09-11T13:47:49.023+0000][1][gc,task      ] GC(97) Using 1 workers of 1 for evacuation
[2020-09-11T13:47:49.039+0000][1][gc,age       ] GC(97) Desired survivor size 4358144 bytes, new threshold 6 (max threshold 6)
[2020-09-11T13:47:49.039+0000][1][gc,age       ] GC(97) Age table with threshold 6 (max threshold 6)
[2020-09-11T13:47:49.039+0000][1][gc,age       ] GC(97) - age   1:     323432 bytes,     323432 total
[2020-09-11T13:47:49.039+0000][1][gc,age       ] GC(97) - age   2:       3032 bytes,     326464 total
[2020-09-11T13:47:49.039+0000][1][gc,age       ] GC(97) - age   3:       2688 bytes,     329152 total
[2020-09-11T13:47:49.039+0000][1][gc,age       ] GC(97) - age   4:       5664 bytes,     334816 total
[2020-09-11T13:47:49.039+0000][1][gc,age       ] GC(97) - age   5:       3504 bytes,     338320 total
[2020-09-11T13:47:49.039+0000][1][gc,age       ] GC(97) - age   6:      48448 bytes,     386768 total
[2020-09-11T13:47:49.039+0000][1][gc,heap      ] GC(97) ParNew: 68277K->434K(76672K)
[2020-09-11T13:47:49.039+0000][1][gc,heap      ] GC(97) CMS: 101401K->101404K(2011968K)
[2020-09-11T13:47:49.039+0000][1][gc,metaspace ] GC(97) Metaspace: 85205K->85205K(1128448K)
[2020-09-11T13:47:49.039+0000][1][gc           ] GC(97) Pause Young (Allocation Failure) 165M->99M(2039M) 15.928ms
[2020-09-11T13:47:49.039+0000][1][gc,cpu       ] GC(97) User=0.01s Sys=0.00s Real=0.02s
[2020-09-11T13:47:49.043+0000][1][safepoint    ] Safepoint "GenCollectForAllocation", Time since last: 7170689 ns, Reaching safepoint: 137149 ns, At safepoint: 20032823 ns, Total: 20169972 ns
[2020-09-11T13:47:50.052+0000][1][safepoint    ] Safepoint "Cleanup", Time since last: 1008637649 ns, Reaching safepoint: 107036 ns, At safepoint: 8003 ns, Total: 115039 ns
[2020-09-11T13:47:56.053+0000][1][safepoint    ] Safepoint "Cleanup", Time since last: 6000831985 ns, Reaching safepoint: 91304 ns, At safepoint: 6849 ns, Total: 98153 ns
[2020-09-11T13:48:07.054+0000][1][safepoint    ] Safepoint "Cleanup", Time since last: 11001570913 ns, Reaching safepoint: 98733 ns, At safepoint: 8644 ns, Total: 107377 ns
[2020-09-11T13:48:08.055+0000][1][safepoint    ] Safepoint "Cleanup", Time since last: 1000185163 ns, Reaching safepoint: 120079 ns, At safepoint: 8669 ns, Total: 128748 ns
[2020-09-11T13:48:09.055+0000][1][safepoint    ] Safepoint "Cleanup", Time since last: 1000123569 ns, Reaching safepoint: 62609 ns, At safepoint: 6319 ns, Total: 68928 ns
[2020-09-11T13:48:10.055+0000][1][safepoint    ] Safepoint "Cleanup", Time since last: 1000106878 ns, Reaching safepoint: 66417 ns, At safepoint: 6936 ns, Total: 73353 ns
[2020-09-11T13:48:11.055+0000][1][safepoint    ] Safepoint "Cleanup", Time since last: 1000177013 ns, Reaching safepoint: 97381 ns, At safepoint: 15465 ns, Total: 112846 ns
[2020-09-11T13:48:12.056+0000][1][safepoint    ] Safepoint "Cleanup", Time since last: 1000179235 ns, Reaching safepoint: 144882 ns, At safepoint: 17671 ns, Total: 162553 ns
[2020-09-11T13:48:13.056+0000][1][safepoint    ] Safepoint "Cleanup", Time since last: 1000185647 ns, Reaching safepoint: 75263 ns, At safepoint: 7181 ns, Total: 82444 ns
[2020-09-11T13:48:14.056+0000][1][safepoint    ] Safepoint "Cleanup", Time since last: 1000124429 ns, Reaching safepoint: 66776 ns, At safepoint: 6312 ns, Total: 73088 ns
[2020-09-11T13:48:15.056+0000][1][safepoint    ] Safepoint "Cleanup", Time since last: 1000117389 ns, Reaching safepoint: 67476 ns, At safepoint: 6683 ns, Total: 74159 ns
[2020-09-11T13:48:16.057+0000][1][safepoint    ] Safepoint "Cleanup", Time since last: 1000109921 ns, Reaching safepoint: 66909 ns, At safepoint: 6740 ns, Total: 73649 ns
[2020-09-11T13:48:17.057+0000][1][safepoint    ] Safepoint "Cleanup", Time since last: 1000103020 ns, Reaching safepoint: 86687 ns, At safepoint: 7581 ns, Total: 94268 ns
[2020-09-11T13:48:18.057+0000][1][safepoint    ] Safepoint "Cleanup", Time since last: 1000139453 ns, Reaching safepoint: 72669 ns, At safepoint: 7317 ns, Total: 79986 ns
[2020-09-11T13:48:19.057+0000][1][safepoint    ] Safepoint "Cleanup", Time since last: 1000172681 ns, Reaching safepoint: 99021 ns, At safepoint: 6686 ns, Total: 105707 ns
[2020-09-11T13:48:20.058+0000][1][safepoint    ] Safepoint "Cleanup", Time since last: 1000169758 ns, Reaching safepoint: 103879 ns, At safepoint: 7797 ns, Total: 111676 ns
[2020-09-11T13:48:21.058+0000][1][safepoint    ] Safepoint "Cleanup", Time since last: 1000194987 ns, Reaching safepoint: 99810 ns, At safepoint: 7629 ns, Total: 107439 ns
[2020-09-11T13:48:22.058+0000][1][safepoint    ] Safepoint "Cleanup", Time since last: 1000191174 ns, Reaching safepoint: 139627 ns, At safepoint: 18075 ns, Total: 157702 ns
[2020-09-11T13:48:23.059+0000][1][safepoint    ] Safepoint "Cleanup", Time since last: 1000185643 ns, Reaching safepoint: 188212 ns, At safepoint: 16718 ns, Total: 204930 ns
[2020-09-11T13:48:24.059+0000][1][safepoint    ] Safepoint "Cleanup", Time since last: 1000237286 ns, Reaching safepoint: 146112 ns, At safepoint: 17253 ns, Total: 163365 ns
[2020-09-11T13:48:25.576+0000][1][safepoint    ] Safepoint "Cleanup", Time since last: 1516548063 ns, Reaching safepoint: 157678 ns, At safepoint: 17333 ns, Total: 175011 ns
[2020-09-11T13:48:26.576+0000][1][safepoint    ] Safepoint "Cleanup", Time since last: 1000185959 ns, Reaching safepoint: 128428 ns, At safepoint: 7374 ns, Total: 135802 ns
[2020-09-11T13:48:27.256+0000][1][safepoint    ] Safepoint "RevokeBias", Time since last: 679930357 ns, Reaching safepoint: 180830 ns, At safepoint: 39444 ns, Total: 220274 ns
[2020-09-11T13:48:28.257+0000][1][safepoint    ] Safepoint "Cleanup", Time since last: 1000659598 ns, Reaching safepoint: 117152 ns, At safepoint: 7910 ns, Total: 125062 ns
[2020-09-11T13:48:29.257+0000][1][safepoint    ] Safepoint "Cleanup", Time since last: 1000164534 ns, Reaching safepoint: 113667 ns, At safepoint: 8327 ns, Total: 121994 ns
[2020-09-11T13:48:30.258+0000][1][safepoint    ] Safepoint "Cleanup", Time since last: 1000180631 ns, Reaching safepoint: 95917 ns, At safepoint: 8149 ns, Total: 104066 ns
[2020-09-11T13:48:31.258+0000][1][safepoint    ] Safepoint "Cleanup", Time since last: 1000150509 ns, Reaching safepoint: 83521 ns, At safepoint: 8982 ns, Total: 92503 ns
[2020-09-11T13:48:32.258+0000][1][safepoint    ] Safepoint "Cleanup", Time since last: 1000153999 ns, Reaching safepoint: 113137 ns, At safepoint: 7626 ns, Total: 120763 ns
[2020-09-11T13:48:33.258+0000][1][safepoint    ] Safepoint "Cleanup", Time since last: 1000155847 ns, Reaching safepoint: 137171 ns, At safepoint: 17376 ns, Total: 154547 ns
[2020-09-11T13:48:34.259+0000][1][safepoint    ] Safepoint "Cleanup", Time since last: 1000186431 ns, Reaching safepoint: 137372 ns, At safepoint: 17791 ns, Total: 155163 ns
[2020-09-11T13:48:35.259+0000][1][safepoint    ] Safepoint "Cleanup", Time since last: 1000184394 ns, Reaching safepoint: 119295 ns, At safepoint: 17592 ns, Total: 136887 ns
[2020-09-11T13:48:36.259+0000][1][safepoint    ] Safepoint "Cleanup", Time since last: 1000158063 ns, Reaching safepoint: 113579 ns, At safepoint: 8084 ns, Total: 121663 ns
[2020-09-11T13:48:37.260+0000][1][safepoint    ] Safepoint "Cleanup", Time since last: 1000186465 ns, Reaching safepoint: 99213 ns, At safepoint: 8874 ns, Total: 108087 ns
[2020-09-11T13:48:38.260+0000][1][safepoint    ] Safepoint "Cleanup", Time since last: 1000194446 ns, Reaching safepoint: 98136 ns, At safepoint: 8370 ns, Total: 106506 ns
[2020-09-11T13:48:39.260+0000][1][safepoint    ] Safepoint "Cleanup", Time since last: 1000176348 ns, Reaching safepoint: 111335 ns, At safepoint: 7461 ns, Total: 118796 ns
[2020-09-11T13:48:40.261+0000][1][safepoint    ] Safepoint "Cleanup", Time since last: 1000182771 ns, Reaching safepoint: 136186 ns, At safepoint: 17249 ns, Total: 153435 ns
[2020-09-11T13:48:41.261+0000][1][safepoint    ] Safepoint "Cleanup", Time since last: 1000216897 ns, Reaching safepoint: 104224 ns, At safepoint: 8176 ns, Total: 112400 ns
[2020-09-11T13:48:42.261+0000][1][safepoint    ] Safepoint "Cleanup", Time since last: 1000183537 ns, Reaching safepoint: 102616 ns, At safepoint: 9116 ns, Total: 111732 ns
[2020-09-11T13:48:43.622+0000][1][safepoint    ] Safepoint "RevokeBias", Time since last: 1360984951 ns, Reaching safepoint: 271493 ns, At safepoint: 50773 ns, Total: 322266 ns
[2020-09-11T13:48:43.624+0000][1][safepoint    ] Safepoint "RevokeBias", Time since last: 763017 ns, Reaching safepoint: 239075 ns, At safepoint: 38792 ns, Total: 277867 ns
[2020-09-11T13:48:44.386+0000][1][safepoint    ] Safepoint "RevokeBias", Time since last: 761786580 ns, Reaching safepoint: 181672 ns, At safepoint: 33755 ns, Total: 215427 ns
[2020-09-11T13:48:45.386+0000][1][safepoint    ] Safepoint "Cleanup", Time since last: 1000141293 ns, Reaching safepoint: 145564 ns, At safepoint: 18963 ns, Total: 164527 ns
[2020-09-11T13:48:46.386+0000][1][safepoint    ] Safepoint "Cleanup", Time since last: 1000222179 ns, Reaching safepoint: 141507 ns, At safepoint: 18025 ns, Total: 159532 ns
[2020-09-11T13:48:48.387+0000][1][safepoint    ] Safepoint "Cleanup", Time since last: 2000413119 ns, Reaching safepoint: 137889 ns, At safepoint: 17470 ns, Total: 155359 ns
[2020-09-11T13:48:50.387+0000][1][safepoint    ] Safepoint "Cleanup", Time since last: 2000385574 ns, Reaching safepoint: 101025 ns, At safepoint: 7328 ns, Total: 108353 ns
[2020-09-11T13:48:58.321+0000][1][gc,start     ] GC(98) Pause Young (Allocation Failure)
[2020-09-11T13:48:58.321+0000][1][gc,task      ] GC(98) Using 1 workers of 1 for evacuation
[2020-09-11T13:48:58.336+0000][1][gc,age       ] GC(98) Desired survivor size 4358144 bytes, new threshold 6 (max threshold 6)
[2020-09-11T13:48:58.336+0000][1][gc,age       ] GC(98) Age table with threshold 6 (max threshold 6)
[2020-09-11T13:48:58.336+0000][1][gc,age       ] GC(98) - age   1:      60536 bytes,      60536 total
[2020-09-11T13:48:58.336+0000][1][gc,age       ] GC(98) - age   2:      42232 bytes,     102768 total
[2020-09-11T13:48:58.336+0000][1][gc,age       ] GC(98) - age   3:       3032 bytes,     105800 total
[2020-09-11T13:48:58.336+0000][1][gc,age       ] GC(98) - age   4:       2688 bytes,     108488 total
[2020-09-11T13:48:58.336+0000][1][gc,age       ] GC(98) - age   5:       5664 bytes,     114152 total
[2020-09-11T13:48:58.336+0000][1][gc,age       ] GC(98) - age   6:       3472 bytes,     117624 total
[2020-09-11T13:48:58.336+0000][1][gc,heap      ] GC(98) ParNew: 68594K->310K(76672K)
[2020-09-11T13:48:58.336+0000][1][gc,heap      ] GC(98) CMS: 101404K->101450K(2011968K)
[2020-09-11T13:48:58.336+0000][1][gc,metaspace ] GC(98) Metaspace: 85255K->85255K(1128448K)
[2020-09-11T13:48:58.336+0000][1][gc           ] GC(98) Pause Young (Allocation Failure) 166M->99M(2039M) 15.287ms
[2020-09-11T13:48:58.336+0000][1][gc,cpu       ] GC(98) User=0.01s Sys=0.00s Real=0.02s
[2020-09-11T13:48:58.336+0000][1][safepoint    ] Safepoint "GenCollectForAllocation", Time since last: 7933058309 ns, Reaching safepoint: 250064 ns, At safepoint: 15411280 ns, Total: 15661344 ns
[2020-09-11T13:50:13.433+0000][1][gc,start     ] GC(99) Pause Young (Allocation Failure)
[2020-09-11T13:50:13.433+0000][1][gc,task      ] GC(99) Using 1 workers of 1 for evacuation
[2020-09-11T13:50:13.448+0000][1][gc,age       ] GC(99) Desired survivor size 4358144 bytes, new threshold 6 (max threshold 6)
[2020-09-11T13:50:13.448+0000][1][gc,age       ] GC(99) Age table with threshold 6 (max threshold 6)
[2020-09-11T13:50:13.448+0000][1][gc,age       ] GC(99) - age   1:      18752 bytes,      18752 total
[2020-09-11T13:50:13.448+0000][1][gc,age       ] GC(99) - age   2:      45368 bytes,      64120 total
[2020-09-11T13:50:13.448+0000][1][gc,age       ] GC(99) - age   3:      42232 bytes,     106352 total
[2020-09-11T13:50:13.448+0000][1][gc,age       ] GC(99) - age   4:       3032 bytes,     109384 total
[2020-09-11T13:50:13.448+0000][1][gc,age       ] GC(99) - age   5:       2688 bytes,     112072 total
[2020-09-11T13:50:13.448+0000][1][gc,age       ] GC(99) - age   6:       3184 bytes,     115256 total
[2020-09-11T13:50:13.448+0000][1][gc,heap      ] GC(99) ParNew: 68470K->212K(76672K)
[2020-09-11T13:50:13.448+0000][1][gc,heap      ] GC(99) CMS: 101450K->101454K(2011968K)
[2020-09-11T13:50:13.448+0000][1][gc,metaspace ] GC(99) Metaspace: 85261K->85261K(1128448K)
[2020-09-11T13:50:13.448+0000][1][gc           ] GC(99) Pause Young (Allocation Failure) 165M->99M(2039M) 14.971ms
[2020-09-11T13:50:13.448+0000][1][gc,cpu       ] GC(99) User=0.02s Sys=0.00s Real=0.02s
[2020-09-11T13:50:13.448+0000][1][safepoint    ] Safepoint "GenCollectForAllocation", Time since last: 75096818753 ns, Reaching safepoint: 189696 ns, At safepoint: 15046085 ns, Total: 15235781 ns
[2020-09-11T13:51:28.541+0000][1][gc,start     ] GC(100) Pause Young (Allocation Failure)
[2020-09-11T13:51:28.541+0000][1][gc,task      ] GC(100) Using 1 workers of 1 for evacuation
[2020-09-11T13:51:28.558+0000][1][gc,age       ] GC(100) Desired survivor size 4358144 bytes, new threshold 6 (max threshold 6)
[2020-09-11T13:51:28.558+0000][1][gc,age       ] GC(100) Age table with threshold 6 (max threshold 6)
[2020-09-11T13:51:28.558+0000][1][gc,age       ] GC(100) - age   1:      18504 bytes,      18504 total
[2020-09-11T13:51:28.558+0000][1][gc,age       ] GC(100) - age   2:       6288 bytes,      24792 total
[2020-09-11T13:51:28.558+0000][1][gc,age       ] GC(100) - age   3:      36976 bytes,      61768 total
[2020-09-11T13:51:28.558+0000][1][gc,age       ] GC(100) - age   4:      42232 bytes,     104000 total
[2020-09-11T13:51:28.558+0000][1][gc,age       ] GC(100) - age   5:        552 bytes,     104552 total
[2020-09-11T13:51:28.558+0000][1][gc,age       ] GC(100) - age   6:       2688 bytes,     107240 total
[2020-09-11T13:51:28.558+0000][1][gc,heap      ] GC(100) ParNew: 68372K->137K(76672K)
[2020-09-11T13:51:28.558+0000][1][gc,heap      ] GC(100) CMS: 101454K->101457K(2011968K)
[2020-09-11T13:51:28.558+0000][1][gc,metaspace ] GC(100) Metaspace: 85266K->85266K(1128448K)
[2020-09-11T13:51:28.558+0000][1][gc           ] GC(100) Pause Young (Allocation Failure) 165M->99M(2039M) 17.085ms
[2020-09-11T13:51:28.558+0000][1][gc,cpu       ] GC(100) User=0.02s Sys=0.00s Real=0.02s
[2020-09-11T13:51:28.558+0000][1][safepoint    ] Safepoint "GenCollectForAllocation", Time since last: 75092728819 ns, Reaching safepoint: 315026 ns, At safepoint: 17202486 ns, Total: 17517512 ns
[2020-09-11T13:52:43.649+0000][1][gc,start     ] GC(101) Pause Young (Allocation Failure)
[2020-09-11T13:52:43.649+0000][1][gc,task      ] GC(101) Using 1 workers of 1 for evacuation
[2020-09-11T13:52:43.665+0000][1][gc,age       ] GC(101) Desired survivor size 4358144 bytes, new threshold 6 (max threshold 6)
[2020-09-11T13:52:43.665+0000][1][gc,age       ] GC(101) Age table with threshold 6 (max threshold 6)
[2020-09-11T13:52:43.665+0000][1][gc,age       ] GC(101) - age   1:      19800 bytes,      19800 total
[2020-09-11T13:52:43.665+0000][1][gc,age       ] GC(101) - age   2:       2536 bytes,      22336 total
[2020-09-11T13:52:43.665+0000][1][gc,age       ] GC(101) - age   3:       6288 bytes,      28624 total
[2020-09-11T13:52:43.665+0000][1][gc,age       ] GC(101) - age   4:      36976 bytes,      65600 total
[2020-09-11T13:52:43.665+0000][1][gc,age       ] GC(101) - age   5:      42232 bytes,     107832 total
[2020-09-11T13:52:43.665+0000][1][gc,age       ] GC(101) - age   6:        552 bytes,     108384 total
[2020-09-11T13:52:43.665+0000][1][gc,heap      ] GC(101) ParNew: 68297K->191K(76672K)
[2020-09-11T13:52:43.665+0000][1][gc,heap      ] GC(101) CMS: 101457K->101460K(2011968K)
[2020-09-11T13:52:43.665+0000][1][gc,metaspace ] GC(101) Metaspace: 85275K->85275K(1128448K)
[2020-09-11T13:52:43.665+0000][1][gc           ] GC(101) Pause Young (Allocation Failure) 165M->99M(2039M) 16.845ms
[2020-09-11T13:52:43.666+0000][1][gc,cpu       ] GC(101) User=0.02s Sys=0.00s Real=0.02s
[2020-09-11T13:52:43.666+0000][1][safepoint    ] Safepoint "GenCollectForAllocation", Time since last: 75090143279 ns, Reaching safepoint: 207059 ns, At safepoint: 16919985 ns, Total: 17127044 ns
[2020-09-11T13:52:44.666+0000][1][safepoint    ] Safepoint "Cleanup", Time since last: 1000825551 ns, Reaching safepoint: 75019 ns, At safepoint: 18867 ns, Total: 93886 ns
[2020-09-11T13:52:49.908+0000][1][safepoint    ] Safepoint "RevokeBias", Time since last: 5241640168 ns, Reaching safepoint: 127311 ns, At safepoint: 15483 ns, Total: 142794 ns
[2020-09-11T13:52:49.908+0000][1][safepoint    ] Safepoint "RevokeBias", Time since last: 82436 ns, Reaching safepoint: 95481 ns, At safepoint: 5688 ns, Total: 101169 ns
[2020-09-11T13:52:49.913+0000][1][safepoint    ] Safepoint "RevokeBias", Time since last: 2889367 ns, Reaching safepoint: 1496256 ns, At safepoint: 12182 ns, Total: 1508438 ns
[2020-09-11T13:52:49.913+0000][1][safepoint    ] Safepoint "RevokeBias", Time since last: 144869 ns, Reaching safepoint: 238718 ns, At safepoint: 6855 ns, Total: 245573 ns
[2020-09-11T13:52:49.915+0000][1][safepoint    ] Safepoint "RevokeBias", Time since last: 1237042 ns, Reaching safepoint: 160540 ns, At safepoint: 6261 ns, Total: 166801 ns
[2020-09-11T13:52:49.915+0000][1][safepoint    ] Safepoint "RevokeBias", Time since last: 503472 ns, Reaching safepoint: 126026 ns, At safepoint: 6089 ns, Total: 132115 ns
[2020-09-11T13:52:49.916+0000][1][safepoint    ] Safepoint "RevokeBias", Time since last: 98002 ns, Reaching safepoint: 364263 ns, At safepoint: 6164 ns, Total: 370427 ns
[2020-09-11T13:52:49.916+0000][1][safepoint    ] Safepoint "RevokeBias", Time since last: 192486 ns, Reaching safepoint: 228210 ns, At safepoint: 7137 ns, Total: 235347 ns
[2020-09-11T13:52:49.917+0000][1][safepoint    ] Safepoint "RevokeBias", Time since last: 119618 ns, Reaching safepoint: 226005 ns, At safepoint: 24105 ns, Total: 250110 ns
[2020-09-11T13:52:49.920+0000][1][safepoint    ] Safepoint "RevokeBias", Time since last: 749422 ns, Reaching safepoint: 3041323 ns, At safepoint: 13664 ns, Total: 3054987 ns
[2020-09-11T13:52:49.926+0000][1][safepoint    ] Safepoint "RevokeBias", Time since last: 3415519 ns, Reaching safepoint: 2078410 ns, At safepoint: 9303 ns, Total: 2087713 ns
[2020-09-11T13:52:49.928+0000][1][safepoint    ] Safepoint "RevokeBias", Time since last: 1138215 ns, Reaching safepoint: 615334 ns, At safepoint: 14497 ns, Total: 629831 ns
[2020-09-11T13:52:49.928+0000][1][safepoint    ] Safepoint "RevokeBias", Time since last: 58196 ns, Reaching safepoint: 330296 ns, At safepoint: 6804 ns, Total: 337100 ns
[2020-09-11T13:52:49.928+0000][1][safepoint    ] Safepoint "RevokeBias", Time since last: 55760 ns, Reaching safepoint: 306748 ns, At safepoint: 7363 ns, Total: 314111 ns
[2020-09-11T13:52:49.930+0000][1][safepoint    ] Safepoint "RevokeBias", Time since last: 151828 ns, Reaching safepoint: 1484253 ns, At safepoint: 8751 ns, Total: 1493004 ns
[2020-09-11T13:52:49.930+0000][1][safepoint    ] Safepoint "RevokeBias", Time since last: 53510 ns, Reaching safepoint: 122996 ns, At safepoint: 7138 ns, Total: 130134 ns
[2020-09-11T13:52:49.931+0000][1][safepoint    ] Safepoint "RevokeBias", Time since last: 205207 ns, Reaching safepoint: 710951 ns, At safepoint: 15532 ns, Total: 726483 ns
[2020-09-11T13:52:49.936+0000][1][safepoint    ] Safepoint "RevokeBias", Time since last: 4283827 ns, Reaching safepoint: 150502 ns, At safepoint: 7015 ns, Total: 157517 ns
[2020-09-11T13:52:50.120+0000][1][safepoint    ] Safepoint "RevokeBias", Time since last: 184198705 ns, Reaching safepoint: 149901 ns, At safepoint: 21002 ns, Total: 170903 ns
[2020-09-11T13:52:50.121+0000][1][safepoint    ] Safepoint "RevokeBias", Time since last: 601900 ns, Reaching safepoint: 390820 ns, At safepoint: 13532 ns, Total: 404352 ns
[2020-09-11T13:52:50.123+0000][1][safepoint    ] Safepoint "RevokeBias", Time since last: 437630 ns, Reaching safepoint: 2065252 ns, At safepoint: 19712 ns, Total: 2084964 ns
[2020-09-11T13:52:50.124+0000][1][safepoint    ] Safepoint "RevokeBias", Time since last: 477548 ns, Reaching safepoint: 115197 ns, At safepoint: 13025 ns, Total: 128222 ns
[2020-09-11T13:52:50.124+0000][1][safepoint    ] Safepoint "RevokeBias", Time since last: 236673 ns, Reaching safepoint: 107271 ns, At safepoint: 12280 ns, Total: 119551 ns
[2020-09-11T13:52:50.125+0000][1][safepoint    ] Safepoint "RevokeBias", Time since last: 221618 ns, Reaching safepoint: 108212 ns, At safepoint: 11967 ns, Total: 120179 ns
[2020-09-11T13:52:50.127+0000][1][safepoint    ] Safepoint "RevokeBias", Time since last: 1627142 ns, Reaching safepoint: 147421 ns, At safepoint: 14375 ns, Total: 161796 ns
[2020-09-11T13:52:50.208+0000][1][safepoint    ] Safepoint "RevokeBias", Time since last: 80861043 ns, Reaching safepoint: 183648 ns, At safepoint: 19430 ns, Total: 203078 ns
[2020-09-11T13:52:50.208+0000][1][safepoint    ] Safepoint "RevokeBias", Time since last: 422553 ns, Reaching safepoint: 103073 ns, At safepoint: 11735 ns, Total: 114808 ns
[2020-09-11T13:52:50.209+0000][1][safepoint    ] Safepoint "RevokeBias", Time since last: 244804 ns, Reaching safepoint: 97446 ns, At safepoint: 12035 ns, Total: 109481 ns
[2020-09-11T13:52:50.209+0000][1][safepoint    ] Safepoint "RevokeBias", Time since last: 183479 ns, Reaching safepoint: 97507 ns, At safepoint: 10584 ns, Total: 108091 ns
[2020-09-11T13:52:50.209+0000][1][safepoint    ] Safepoint "RevokeBias", Time since last: 205439 ns, Reaching safepoint: 97378 ns, At safepoint: 10423 ns, Total: 107801 ns
[2020-09-11T13:52:50.209+0000][1][safepoint    ] Safepoint "RevokeBias", Time since last: 194909 ns, Reaching safepoint: 96557 ns, At safepoint: 12799 ns, Total: 109356 ns
[2020-09-11T13:52:50.326+0000][1][safepoint    ] Safepoint "RevokeBias", Time since last: 116680678 ns, Reaching safepoint: 156657 ns, At safepoint: 19231 ns, Total: 175888 ns
[2020-09-11T13:52:50.335+0000][1][safepoint    ] Safepoint "RevokeBias", Time since last: 8509116 ns, Reaching safepoint: 135668 ns, At safepoint: 18016 ns, Total: 153684 ns
[2020-09-11T13:52:50.336+0000][1][safepoint    ] Safepoint "RevokeBias", Time since last: 689302 ns, Reaching safepoint: 113180 ns, At safepoint: 12963 ns, Total: 126143 ns
[2020-09-11T13:52:50.336+0000][1][safepoint    ] Safepoint "BulkRevokeBias", Time since last: 251220 ns, Reaching safepoint: 137308 ns, At safepoint: 188724 ns, Total: 326032 ns
[2020-09-11T13:52:50.394+0000][1][safepoint    ] Safepoint "RevokeBias", Time since last: 56967388 ns, Reaching safepoint: 318592 ns, At safepoint: 38830 ns, Total: 357422 ns
[2020-09-11T13:52:50.394+0000][1][safepoint    ] Safepoint "RevokeBias", Time since last: 277500 ns, Reaching safepoint: 402294 ns, At safepoint: 26385 ns, Total: 428679 ns
[2020-09-11T13:52:50.396+0000][1][safepoint    ] Safepoint "RevokeBias", Time since last: 185199 ns, Reaching safepoint: 922483 ns, At safepoint: 28809 ns, Total: 951292 ns
[2020-09-11T13:52:50.396+0000][1][safepoint    ] Safepoint "RevokeBias", Time since last: 116851 ns, Reaching safepoint: 332012 ns, At safepoint: 30926 ns, Total: 362938 ns
[2020-09-11T13:52:50.400+0000][1][safepoint    ] Safepoint "RevokeBias", Time since last: 196885 ns, Reaching safepoint: 3278751 ns, At safepoint: 55495 ns, Total: 3334246 ns
[2020-09-11T13:52:50.417+0000][1][safepoint    ] Safepoint "RevokeBias", Time since last: 13086733 ns, Reaching safepoint: 3904363 ns, At safepoint: 32159 ns, Total: 3936522 ns
[2020-09-11T13:52:50.419+0000][1][safepoint    ] Safepoint "RevokeBias", Time since last: 1733169 ns, Reaching safepoint: 1176575 ns, At safepoint: 26287 ns, Total: 1202862 ns
[2020-09-11T13:52:50.424+0000][1][safepoint    ] Safepoint "BulkRevokeBias", Time since last: 262240 ns, Reaching safepoint: 3672531 ns, At safepoint: 168654 ns, Total: 3841185 ns
[2020-09-11T13:52:50.428+0000][1][safepoint    ] Safepoint "RevokeBias", Time since last: 1209237 ns, Reaching safepoint: 2691681 ns, At safepoint: 33936 ns, Total: 2725617 ns
[2020-09-11T13:52:50.435+0000][1][safepoint    ] Safepoint "RevokeBias", Time since last: 4364490 ns, Reaching safepoint: 3568397 ns, At safepoint: 25853 ns, Total: 3594250 ns
[2020-09-11T13:52:50.439+0000][1][safepoint    ] Safepoint "RevokeBias", Time since last: 2628460 ns, Reaching safepoint: 1159240 ns, At safepoint: 13519 ns, Total: 1172759 ns
[2020-09-11T13:52:50.440+0000][1][safepoint    ] Safepoint "RevokeBias", Time since last: 89430 ns, Reaching safepoint: 166666 ns, At safepoint: 9327 ns, Total: 175993 ns
[2020-09-11T13:52:50.441+0000][1][safepoint    ] Safepoint "RevokeBias", Time since last: 678304 ns, Reaching safepoint: 778621 ns, At safepoint: 38170 ns, Total: 816791 ns
[2020-09-11T13:52:50.443+0000][1][safepoint    ] Safepoint "RevokeBias", Time since last: 344351 ns, Reaching safepoint: 2053128 ns, At safepoint: 23705 ns, Total: 2076833 ns
[2020-09-11T13:52:50.444+0000][1][safepoint    ] Safepoint "RevokeBias", Time since last: 247890 ns, Reaching safepoint: 222658 ns, At safepoint: 22270 ns, Total: 244928 ns
[2020-09-11T13:52:50.444+0000][1][safepoint    ] Safepoint "RevokeBias", Time since last: 287630 ns, Reaching safepoint: 100872 ns, At safepoint: 22796 ns, Total: 123668 ns
[2020-09-11T13:52:50.446+0000][1][safepoint    ] Safepoint "RevokeBias", Time since last: 270550 ns, Reaching safepoint: 1400270 ns, At safepoint: 30322 ns, Total: 1430592 ns
[2020-09-11T13:52:50.458+0000][1][safepoint    ] Safepoint "RevokeBias", Time since last: 11387604 ns, Reaching safepoint: 273033 ns, At safepoint: 26099 ns, Total: 299132 ns
[2020-09-11T13:52:50.459+0000][1][safepoint    ] Safepoint "RevokeBias", Time since last: 825278 ns, Reaching safepoint: 862601 ns, At safepoint: 18902 ns, Total: 881503 ns
[2020-09-11T13:52:50.468+0000][1][safepoint    ] Safepoint "RevokeBias", Time since last: 984110 ns, Reaching safepoint: 7036023 ns, At safepoint: 36424 ns, Total: 7072447 ns
[2020-09-11T13:52:50.468+0000][1][safepoint    ] Safepoint "RevokeBias", Time since last: 73789 ns, Reaching safepoint: 100987 ns, At safepoint: 17439 ns, Total: 118426 ns
[2020-09-11T13:52:50.469+0000][1][safepoint    ] Safepoint "RevokeBias", Time since last: 761607 ns, Reaching safepoint: 103933 ns, At safepoint: 17854 ns, Total: 121787 ns
[2020-09-11T13:52:50.469+0000][1][safepoint    ] Safepoint "RevokeBias", Time since last: 42672 ns, Reaching safepoint: 106516 ns, At safepoint: 17011 ns, Total: 123527 ns
[2020-09-11T13:52:50.469+0000][1][safepoint    ] Safepoint "RevokeBias", Time since last: 36400 ns, Reaching safepoint: 244046 ns, At safepoint: 16961 ns, Total: 261007 ns
[2020-09-11T13:52:50.469+0000][1][safepoint    ] Safepoint "RevokeBias", Time since last: 52009 ns, Reaching safepoint: 95970 ns, At safepoint: 15879 ns, Total: 111849 ns
[2020-09-11T13:52:50.469+0000][1][safepoint    ] Safepoint "RevokeBias", Time since last: 58635 ns, Reaching safepoint: 95600 ns, At safepoint: 16585 ns, Total: 112185 ns
[2020-09-11T13:52:50.470+0000][1][safepoint    ] Safepoint "RevokeBias", Time since last: 64538 ns, Reaching safepoint: 374420 ns, At safepoint: 15312 ns, Total: 389732 ns
[2020-09-11T13:52:50.477+0000][1][safepoint    ] Safepoint "RevokeBias", Time since last: 7388151 ns, Reaching safepoint: 203794 ns, At safepoint: 20830 ns, Total: 224624 ns
[2020-09-11T13:52:50.478+0000][1][safepoint    ] Safepoint "RevokeBias", Time since last: 423996 ns, Reaching safepoint: 140581 ns, At safepoint: 16326 ns, Total: 156907 ns
[2020-09-11T13:52:50.478+0000][1][safepoint    ] Safepoint "RevokeBias", Time since last: 143576 ns, Reaching safepoint: 137970 ns, At safepoint: 15535 ns, Total: 153505 ns
[2020-09-11T13:52:50.479+0000][1][safepoint    ] Safepoint "RevokeBias", Time since last: 232717 ns, Reaching safepoint: 135931 ns, At safepoint: 15712 ns, Total: 151643 ns
[2020-09-11T13:52:50.479+0000][1][safepoint    ] Safepoint "RevokeBias", Time since last: 259122 ns, Reaching safepoint: 457569 ns, At safepoint: 25078 ns, Total: 482647 ns
[2020-09-11T13:52:50.481+0000][1][safepoint    ] Safepoint "RevokeBias", Time since last: 131254 ns, Reaching safepoint: 1737739 ns, At safepoint: 22901 ns, Total: 1760640 ns
[2020-09-11T13:52:50.482+0000][1][safepoint    ] Safepoint "RevokeBias", Time since last: 245494 ns, Reaching safepoint: 108517 ns, At safepoint: 16914 ns, Total: 125431 ns
[2020-09-11T13:52:50.484+0000][1][safepoint    ] Safepoint "RevokeBias", Time since last: 401027 ns, Reaching safepoint: 1902425 ns, At safepoint: 52251 ns, Total: 1954676 ns
[2020-09-11T13:52:50.486+0000][1][safepoint    ] Safepoint "RevokeBias", Time since last: 743874 ns, Reaching safepoint: 1561903 ns, At safepoint: 60279 ns, Total: 1622182 ns
[2020-09-11T13:52:50.488+0000][1][safepoint    ] Safepoint "RevokeBias", Time since last: 59428 ns, Reaching safepoint: 1934326 ns, At safepoint: 51925 ns, Total: 1986251 ns
[2020-09-11T13:52:50.500+0000][1][safepoint    ] Safepoint "RevokeBias", Time since last: 8901222 ns, Reaching safepoint: 2090333 ns, At safepoint: 25358 ns, Total: 2115691 ns
[2020-09-11T13:52:50.508+0000][1][safepoint    ] Safepoint "RevokeBias", Time since last: 3907927 ns, Reaching safepoint: 4629194 ns, At safepoint: 43712 ns, Total: 4672906 ns
[2020-09-11T13:52:50.552+0000][1][safepoint    ] Safepoint "RevokeBias", Time since last: 43332472 ns, Reaching safepoint: 1039624 ns, At safepoint: 22766 ns, Total: 1062390 ns
[2020-09-11T13:52:50.590+0000][1][safepoint    ] Safepoint "BulkRevokeBias", Time since last: 32042405 ns, Reaching safepoint: 5118050 ns, At safepoint: 157423 ns, Total: 5275473 ns
[2020-09-11T13:52:50.608+0000][1][safepoint    ] Safepoint "RevokeBias", Time since last: 17612708 ns, Reaching safepoint: 207331 ns, At safepoint: 10224 ns, Total: 217555 ns
[2020-09-11T13:52:50.651+0000][1][safepoint    ] Safepoint "RevokeBias", Time since last: 33083182 ns, Reaching safepoint: 10753948 ns, At safepoint: 13460 ns, Total: 10767408 ns
[2020-09-11T13:52:50.656+0000][1][safepoint    ] Safepoint "RevokeBias", Time since last: 968206 ns, Reaching safepoint: 3358402 ns, At safepoint: 9926 ns, Total: 3368328 ns
[2020-09-11T13:52:50.660+0000][1][safepoint    ] Safepoint "RevokeBias", Time since last: 4115204 ns, Reaching safepoint: 140433 ns, At safepoint: 10172 ns, Total: 150605 ns
[2020-09-11T13:52:50.682+0000][1][safepoint    ] Safepoint "RevokeBias", Time since last: 21351133 ns, Reaching safepoint: 116251 ns, At safepoint: 8076 ns, Total: 124327 ns
[2020-09-11T13:52:50.713+0000][1][safepoint    ] Safepoint "RevokeBias", Time since last: 31220952 ns, Reaching safepoint: 95010 ns, At safepoint: 7395 ns, Total: 102405 ns
[2020-09-11T13:52:50.714+0000][1][safepoint    ] Safepoint "RevokeBias", Time since last: 548582 ns, Reaching safepoint: 86578 ns, At safepoint: 5721 ns, Total: 92299 ns
[2020-09-11T13:52:50.718+0000][1][safepoint    ] Safepoint "RevokeBias", Time since last: 4235319 ns, Reaching safepoint: 107648 ns, At safepoint: 19296 ns, Total: 126944 ns
[2020-09-11T13:52:50.748+0000][1][safepoint    ] Safepoint "RevokeBias", Time since last: 29837996 ns, Reaching safepoint: 115079 ns, At safepoint: 9986 ns, Total: 125065 ns
[2020-09-11T13:52:50.753+0000][1][gc,heap,exit ] Heap
[2020-09-11T13:52:50.753+0000][1][gc,heap,exit ]  par new generation   total 76672K, used 16018K [0x0000000080000000, 0x0000000085330000, 0x0000000085330000)
[2020-09-11T13:52:50.753+0000][1][gc,heap,exit ]   eden space 68160K,  23% used [0x0000000080000000, 0x0000000080f74cc8, 0x0000000084290000)
[2020-09-11T13:52:50.753+0000][1][gc,heap,exit ]   from space 8512K,   2% used [0x0000000084ae0000, 0x0000000084b0fde0, 0x0000000085330000)
[2020-09-11T13:52:50.754+0000][1][gc,heap,exit ]   to   space 8512K,   0% used [0x0000000084290000, 0x0000000084290000, 0x0000000084ae0000)
[2020-09-11T13:52:50.754+0000][1][gc,heap,exit ]  concurrent mark-sweep generation total 2011968K, used 101460K [0x0000000085330000, 0x0000000100000000, 0x0000000100000000)
[2020-09-11T13:52:50.754+0000][1][gc,heap,exit ]  Metaspace       used 85467K, capacity 92234K, committed 92560K, reserved 1128448K
[2020-09-11T13:52:50.754+0000][1][gc,heap,exit ]   class space    used 11313K, capacity 14114K, committed 14160K, reserved 1048576K
