[2020-09-11T14:05:42.197+0000][1][gc] Using Concurrent Mark Sweep
[2020-09-11T14:05:42.197+0000][1][gc,heap,coops] Heap address: 0x0000000080000000, size: 2048 MB, Compressed Oops mode: 32-bit
[2020-09-11T14:05:42.323+0000][1][safepoint    ] Safepoint "EnableBiasedLocking", Time since last: 108832530 ns, Reaching safepoint: 1111087 ns, At safepoint: 39657 ns, Total: 1150744 ns
[2020-09-11T14:05:42.333+0000][1][safepoint    ] Safepoint "RevokeBias", Time since last: 9776918 ns, Reaching safepoint: 175317 ns, At safepoint: 39010 ns, Total: 214327 ns
[2020-09-11T14:05:42.359+0000][1][safepoint    ] Safepoint "Deoptimize", Time since last: 23357144 ns, Reaching safepoint: 2605546 ns, At safepoint: 24723 ns, Total: 2630269 ns
[2020-09-11T14:05:42.707+0000][1][safepoint    ] Safepoint "Deoptimize", Time since last: 345865786 ns, Reaching safepoint: 1561179 ns, At safepoint: 36307 ns, Total: 1597486 ns
[2020-09-11T14:05:42.709+0000][1][safepoint    ] Safepoint "Deoptimize", Time since last: 1053674 ns, Reaching safepoint: 1309316 ns, At safepoint: 33486 ns, Total: 1342802 ns
[2020-09-11T14:05:42.822+0000][1][safepoint    ] Safepoint "Deoptimize", Time since last: 112863838 ns, Reaching safepoint: 110382 ns, At safepoint: 46631 ns, Total: 157013 ns
[2020-09-11T14:05:43.823+0000][1][safepoint    ] Safepoint "Cleanup", Time since last: 1000115262 ns, Reaching safepoint: 133592 ns, At safepoint: 5671 ns, Total: 139263 ns
[2020-09-11T14:05:43.958+0000][1][safepoint    ] Safepoint "Deoptimize", Time since last: 135237005 ns, Reaching safepoint: 104942 ns, At safepoint: 69392 ns, Total: 174334 ns
[2020-09-11T14:05:44.117+0000][1][safepoint    ] Safepoint "Deoptimize", Time since last: 157889138 ns, Reaching safepoint: 1428700 ns, At safepoint: 73433 ns, Total: 1502133 ns
[2020-09-11T14:05:44.295+0000][1][safepoint    ] Safepoint "Deoptimize", Time since last: 177099867 ns, Reaching safepoint: 109316 ns, At safepoint: 73873 ns, Total: 183189 ns
[2020-09-11T14:05:44.620+0000][1][safepoint    ] Safepoint "Deoptimize", Time since last: 322066513 ns, Reaching safepoint: 2714196 ns, At safepoint: 93777 ns, Total: 2807973 ns
[2020-09-11T14:05:45.228+0000][1][safepoint    ] Safepoint "Deoptimize", Time since last: 607936923 ns, Reaching safepoint: 127935 ns, At safepoint: 97805 ns, Total: 225740 ns
[2020-09-11T14:05:46.230+0000][1][safepoint    ] Safepoint "Cleanup", Time since last: 1002037626 ns, Reaching safepoint: 40071 ns, At safepoint: 6656 ns, Total: 46727 ns
[2020-09-11T14:05:46.330+0000][1][safepoint    ] Safepoint "Deoptimize", Time since last: 99848751 ns, Reaching safepoint: 101104 ns, At safepoint: 99235 ns, Total: 200339 ns
[2020-09-11T14:05:47.288+0000][1][safepoint    ] Safepoint "Deoptimize", Time since last: 957619068 ns, Reaching safepoint: 126534 ns, At safepoint: 112616 ns, Total: 239150 ns
[2020-09-11T14:05:47.292+0000][1][safepoint    ] Safepoint "Deoptimize", Time since last: 3819979 ns, Reaching safepoint: 86046 ns, At safepoint: 110403 ns, Total: 196449 ns
[2020-09-11T14:05:47.440+0000][1][safepoint    ] Safepoint "Deoptimize", Time since last: 147701097 ns, Reaching safepoint: 117270 ns, At safepoint: 130857 ns, Total: 248127 ns
[2020-09-11T14:05:47.448+0000][1][safepoint    ] Safepoint "Deoptimize", Time since last: 3757854 ns, Reaching safepoint: 4006204 ns, At safepoint: 120631 ns, Total: 4126835 ns
[2020-09-11T14:05:47.486+0000][1][safepoint    ] Safepoint "RevokeBias", Time since last: 38264710 ns, Reaching safepoint: 98721 ns, At safepoint: 18226 ns, Total: 116947 ns
[2020-09-11T14:05:47.486+0000][1][safepoint    ] Safepoint "RevokeBias", Time since last: 437502 ns, Reaching safepoint: 79014 ns, At safepoint: 19860 ns, Total: 98874 ns
[2020-09-11T14:05:47.487+0000][1][safepoint    ] Safepoint "RevokeBias", Time since last: 42261 ns, Reaching safepoint: 76055 ns, At safepoint: 13105 ns, Total: 89160 ns
[2020-09-11T14:05:47.487+0000][1][safepoint    ] Safepoint "RevokeBias", Time since last: 51089 ns, Reaching safepoint: 74879 ns, At safepoint: 11040 ns, Total: 85919 ns
[2020-09-11T14:05:47.492+0000][1][safepoint    ] Safepoint "RevokeBias", Time since last: 4611816 ns, Reaching safepoint: 166096 ns, At safepoint: 25467 ns, Total: 191563 ns
[2020-09-11T14:05:48.052+0000][1][safepoint    ] Safepoint "RevokeBias", Time since last: 559901890 ns, Reaching safepoint: 252589 ns, At safepoint: 15339 ns, Total: 267928 ns
[2020-09-11T14:05:49.052+0000][1][safepoint    ] Safepoint "Cleanup", Time since last: 1000359235 ns, Reaching safepoint: 121061 ns, At safepoint: 6558 ns, Total: 127619 ns
[2020-09-11T14:05:49.088+0000][1][gc,start     ] GC(0) Pause Young (Allocation Failure)
[2020-09-11T14:05:49.088+0000][1][gc,task      ] GC(0) Using 1 workers of 1 for evacuation
[2020-09-11T14:05:49.126+0000][1][gc,age       ] GC(0) Desired survivor size 4358144 bytes, new threshold 1 (max threshold 6)
[2020-09-11T14:05:49.126+0000][1][gc,age       ] GC(0) Age table with threshold 1 (max threshold 6)
[2020-09-11T14:05:49.126+0000][1][gc,age       ] GC(0) - age   1:    6399432 bytes,    6399432 total
[2020-09-11T14:05:49.126+0000][1][gc,heap      ] GC(0) ParNew: 68160K->6275K(76672K)
[2020-09-11T14:05:49.126+0000][1][gc,heap      ] GC(0) CMS: 0K->0K(2011968K)
[2020-09-11T14:05:49.126+0000][1][gc,metaspace ] GC(0) Metaspace: 13537K->13537K(1060864K)
[2020-09-11T14:05:49.126+0000][1][gc           ] GC(0) Pause Young (Allocation Failure) 66M->6M(2039M) 38.708ms
[2020-09-11T14:05:49.126+0000][1][gc,cpu       ] GC(0) User=0.03s Sys=0.00s Real=0.04s
[2020-09-11T14:05:49.139+0000][1][safepoint    ] Safepoint "GenCollectForAllocation", Time since last: 35418692 ns, Reaching safepoint: 101046 ns, At safepoint: 51697655 ns, Total: 51798701 ns
[2020-09-11T14:05:49.147+0000][1][safepoint    ] Safepoint "RevokeBias", Time since last: 1530080 ns, Reaching safepoint: 2479148 ns, At safepoint: 4010201 ns, Total: 6489349 ns
[2020-09-11T14:05:49.152+0000][1][safepoint    ] Safepoint "RevokeBias", Time since last: 97992 ns, Reaching safepoint: 154060 ns, At safepoint: 4259402 ns, Total: 4413462 ns
[2020-09-11T14:05:49.154+0000][1][safepoint    ] Safepoint "RevokeBias", Time since last: 54205 ns, Reaching safepoint: 95661 ns, At safepoint: 1514063 ns, Total: 1609724 ns
[2020-09-11T14:05:49.155+0000][1][safepoint    ] Safepoint "RevokeBias", Time since last: 46720 ns, Reaching safepoint: 1759462 ns, At safepoint: 36540 ns, Total: 1796002 ns
[2020-09-11T14:05:49.159+0000][1][safepoint    ] Safepoint "RevokeBias", Time since last: 30018 ns, Reaching safepoint: 3925689 ns, At safepoint: 35635 ns, Total: 3961324 ns
[2020-09-11T14:05:49.160+0000][1][safepoint    ] Safepoint "RevokeBias", Time since last: 38499 ns, Reaching safepoint: 82563 ns, At safepoint: 31836 ns, Total: 114399 ns
[2020-09-11T14:05:49.160+0000][1][safepoint    ] Safepoint "RevokeBias", Time since last: 25796 ns, Reaching safepoint: 81489 ns, At safepoint: 31111 ns, Total: 112600 ns
[2020-09-11T14:05:49.160+0000][1][safepoint    ] Safepoint "RevokeBias", Time since last: 31555 ns, Reaching safepoint: 81402 ns, At safepoint: 34000 ns, Total: 115402 ns
[2020-09-11T14:05:49.160+0000][1][safepoint    ] Safepoint "RevokeBias", Time since last: 24694 ns, Reaching safepoint: 80845 ns, At safepoint: 30586 ns, Total: 111431 ns
[2020-09-11T14:05:49.167+0000][1][safepoint    ] Safepoint "RevokeBias", Time since last: 30755 ns, Reaching safepoint: 80786 ns, At safepoint: 7346468 ns, Total: 7427254 ns
[2020-09-11T14:05:49.168+0000][1][safepoint    ] Safepoint "RevokeBias", Time since last: 209847 ns, Reaching safepoint: 101759 ns, At safepoint: 20990 ns, Total: 122749 ns
[2020-09-11T14:05:49.180+0000][1][safepoint    ] Safepoint "RevokeBias", Time since last: 3637827 ns, Reaching safepoint: 8026592 ns, At safepoint: 38763 ns, Total: 8065355 ns
[2020-09-11T14:05:49.180+0000][1][safepoint    ] Safepoint "RevokeBias", Time since last: 76302 ns, Reaching safepoint: 82775 ns, At safepoint: 15798 ns, Total: 98573 ns
[2020-09-11T14:05:49.180+0000][1][safepoint    ] Safepoint "RevokeBias", Time since last: 78323 ns, Reaching safepoint: 79218 ns, At safepoint: 16969 ns, Total: 96187 ns
[2020-09-11T14:05:49.180+0000][1][safepoint    ] Safepoint "RevokeBias", Time since last: 28562 ns, Reaching safepoint: 77911 ns, At safepoint: 16450 ns, Total: 94361 ns
[2020-09-11T14:05:49.180+0000][1][safepoint    ] Safepoint "RevokeBias", Time since last: 71944 ns, Reaching safepoint: 78859 ns, At safepoint: 16664 ns, Total: 95523 ns
[2020-09-11T14:05:49.180+0000][1][safepoint    ] Safepoint "RevokeBias", Time since last: 28028 ns, Reaching safepoint: 78658 ns, At safepoint: 14988 ns, Total: 93646 ns
[2020-09-11T14:05:49.181+0000][1][safepoint    ] Safepoint "RevokeBias", Time since last: 190327 ns, Reaching safepoint: 101895 ns, At safepoint: 26409 ns, Total: 128304 ns
[2020-09-11T14:05:49.181+0000][1][safepoint    ] Safepoint "RevokeBias", Time since last: 29029 ns, Reaching safepoint: 77342 ns, At safepoint: 14933 ns, Total: 92275 ns
[2020-09-11T14:05:49.181+0000][1][safepoint    ] Safepoint "RevokeBias", Time since last: 35924 ns, Reaching safepoint: 77095 ns, At safepoint: 14118 ns, Total: 91213 ns
[2020-09-11T14:05:49.181+0000][1][safepoint    ] Safepoint "RevokeBias", Time since last: 26700 ns, Reaching safepoint: 78360 ns, At safepoint: 20593 ns, Total: 98953 ns
[2020-09-11T14:05:49.181+0000][1][safepoint    ] Safepoint "RevokeBias", Time since last: 47378 ns, Reaching safepoint: 77002 ns, At safepoint: 17536 ns, Total: 94538 ns
[2020-09-11T14:05:49.181+0000][1][safepoint    ] Safepoint "RevokeBias", Time since last: 26165 ns, Reaching safepoint: 77603 ns, At safepoint: 20993 ns, Total: 98596 ns
[2020-09-11T14:05:49.181+0000][1][safepoint    ] Safepoint "RevokeBias", Time since last: 92899 ns, Reaching safepoint: 78632 ns, At safepoint: 21925 ns, Total: 100557 ns
[2020-09-11T14:05:49.182+0000][1][safepoint    ] Safepoint "RevokeBias", Time since last: 27088 ns, Reaching safepoint: 77661 ns, At safepoint: 17212 ns, Total: 94873 ns
[2020-09-11T14:05:49.182+0000][1][safepoint    ] Safepoint "RevokeBias", Time since last: 37430 ns, Reaching safepoint: 77919 ns, At safepoint: 16064 ns, Total: 93983 ns
[2020-09-11T14:05:49.182+0000][1][safepoint    ] Safepoint "RevokeBias", Time since last: 26923 ns, Reaching safepoint: 77618 ns, At safepoint: 15049 ns, Total: 92667 ns
[2020-09-11T14:05:49.182+0000][1][safepoint    ] Safepoint "RevokeBias", Time since last: 39539 ns, Reaching safepoint: 77670 ns, At safepoint: 15294 ns, Total: 92964 ns
[2020-09-11T14:05:49.182+0000][1][safepoint    ] Safepoint "RevokeBias", Time since last: 451253 ns, Reaching safepoint: 81231 ns, At safepoint: 19182 ns, Total: 100413 ns
[2020-09-11T14:05:49.183+0000][1][safepoint    ] Safepoint "RevokeBias", Time since last: 133776 ns, Reaching safepoint: 79000 ns, At safepoint: 18284 ns, Total: 97284 ns
[2020-09-11T14:05:49.183+0000][1][safepoint    ] Safepoint "RevokeBias", Time since last: 28698 ns, Reaching safepoint: 664269 ns, At safepoint: 18957 ns, Total: 683226 ns
[2020-09-11T14:05:49.296+0000][1][safepoint    ] Safepoint "Deoptimize", Time since last: 112264673 ns, Reaching safepoint: 125290 ns, At safepoint: 184982 ns, Total: 310272 ns
[2020-09-11T14:05:50.095+0000][1][safepoint    ] Safepoint "RevokeBias", Time since last: 797192660 ns, Reaching safepoint: 1699790 ns, At safepoint: 40316 ns, Total: 1740106 ns
[2020-09-11T14:05:50.200+0000][1][safepoint    ] Safepoint "RevokeBias", Time since last: 105308038 ns, Reaching safepoint: 95798 ns, At safepoint: 30995 ns, Total: 126793 ns
[2020-09-11T14:05:50.341+0000][1][safepoint    ] Safepoint "RevokeBias", Time since last: 140379601 ns, Reaching safepoint: 117083 ns, At safepoint: 36229 ns, Total: 153312 ns
[2020-09-11T14:05:50.585+0000][1][safepoint    ] Safepoint "RevokeBias", Time since last: 243624509 ns, Reaching safepoint: 103960 ns, At safepoint: 30764 ns, Total: 134724 ns
[2020-09-11T14:05:50.644+0000][1][safepoint    ] Safepoint "RevokeBias", Time since last: 59339554 ns, Reaching safepoint: 100190 ns, At safepoint: 33779 ns, Total: 133969 ns
[2020-09-11T14:05:51.105+0000][1][safepoint    ] Safepoint "Deoptimize", Time since last: 459315694 ns, Reaching safepoint: 1030976 ns, At safepoint: 164235 ns, Total: 1195211 ns
[2020-09-11T14:05:51.382+0000][1][gc,start     ] GC(1) Pause Young (Allocation Failure)
[2020-09-11T14:05:51.382+0000][1][gc,task      ] GC(1) Using 1 workers of 1 for evacuation
[2020-09-11T14:05:51.475+0000][1][gc,age       ] GC(1) Desired survivor size 4358144 bytes, new threshold 6 (max threshold 6)
[2020-09-11T14:05:51.475+0000][1][gc,age       ] GC(1) Age table with threshold 6 (max threshold 6)
[2020-09-11T14:05:51.475+0000][1][gc,age       ] GC(1) - age   1:    3753488 bytes,    3753488 total
[2020-09-11T14:05:51.475+0000][1][gc,heap      ] GC(1) ParNew: 74435K->4181K(76672K)
[2020-09-11T14:05:51.475+0000][1][gc,heap      ] GC(1) CMS: 0K->6785K(2011968K)
[2020-09-11T14:05:51.475+0000][1][gc,metaspace ] GC(1) Metaspace: 18082K->18082K(1064960K)
[2020-09-11T14:05:51.475+0000][1][gc           ] GC(1) Pause Young (Allocation Failure) 72M->10M(2039M) 92.910ms
[2020-09-11T14:05:51.475+0000][1][gc,cpu       ] GC(1) User=0.05s Sys=0.00s Real=0.09s
[2020-09-11T14:05:51.484+0000][1][safepoint    ] Safepoint "GenCollectForAllocation", Time since last: 277190740 ns, Reaching safepoint: 119333 ns, At safepoint: 102244442 ns, Total: 102363775 ns
[2020-09-11T14:05:51.502+0000][1][safepoint    ] Safepoint "BulkRevokeBias", Time since last: 17543963 ns, Reaching safepoint: 114538 ns, At safepoint: 121651 ns, Total: 236189 ns
[2020-09-11T14:05:51.502+0000][1][safepoint    ] Safepoint "RevokeBias", Time since last: 114357 ns, Reaching safepoint: 89442 ns, At safepoint: 47926 ns, Total: 137368 ns
[2020-09-11T14:05:51.502+0000][1][safepoint    ] Safepoint "RevokeBias", Time since last: 45339 ns, Reaching safepoint: 84902 ns, At safepoint: 36218 ns, Total: 121120 ns
[2020-09-11T14:05:51.503+0000][1][safepoint    ] Safepoint "RevokeBias", Time since last: 35266 ns, Reaching safepoint: 84464 ns, At safepoint: 41900 ns, Total: 126364 ns
[2020-09-11T14:05:51.505+0000][1][safepoint    ] Safepoint "RevokeBias", Time since last: 26304 ns, Reaching safepoint: 886558 ns, At safepoint: 1468970 ns, Total: 2355528 ns
[2020-09-11T14:05:51.507+0000][1][safepoint    ] Safepoint "RevokeBias", Time since last: 47721 ns, Reaching safepoint: 2301902 ns, At safepoint: 50987 ns, Total: 2352889 ns
[2020-09-11T14:05:51.508+0000][1][safepoint    ] Safepoint "RevokeBias", Time since last: 34641 ns, Reaching safepoint: 86175 ns, At safepoint: 44988 ns, Total: 131163 ns
[2020-09-11T14:05:51.508+0000][1][safepoint    ] Safepoint "BulkRevokeBias", Time since last: 38727 ns, Reaching safepoint: 86518 ns, At safepoint: 63833 ns, Total: 150351 ns
[2020-09-11T14:05:51.508+0000][1][safepoint    ] Safepoint "BulkRevokeBias", Time since last: 26752 ns, Reaching safepoint: 84372 ns, At safepoint: 49169 ns, Total: 133541 ns
[2020-09-11T14:05:51.665+0000][1][safepoint    ] Safepoint "Deoptimize", Time since last: 156419690 ns, Reaching safepoint: 108607 ns, At safepoint: 173003 ns, Total: 281610 ns
[2020-09-11T14:05:51.693+0000][1][safepoint    ] Safepoint "Deoptimize", Time since last: 28298309 ns, Reaching safepoint: 104680 ns, At safepoint: 170076 ns, Total: 274756 ns
[2020-09-11T14:05:52.170+0000][1][safepoint    ] Safepoint "Deoptimize", Time since last: 475758504 ns, Reaching safepoint: 646368 ns, At safepoint: 196514 ns, Total: 842882 ns
[2020-09-11T14:05:52.316+0000][1][safepoint    ] Safepoint "Deoptimize", Time since last: 145458303 ns, Reaching safepoint: 238186 ns, At safepoint: 172971 ns, Total: 411157 ns
[2020-09-11T14:05:52.319+0000][1][safepoint    ] Safepoint "RevokeBias", Time since last: 439699 ns, Reaching safepoint: 3389480 ns, At safepoint: 51058 ns, Total: 3440538 ns
[2020-09-11T14:05:52.321+0000][1][safepoint    ] Safepoint "Deoptimize", Time since last: 1076417 ns, Reaching safepoint: 101462 ns, At safepoint: 182002 ns, Total: 283464 ns
[2020-09-11T14:05:52.760+0000][1][safepoint    ] Safepoint "RevokeBias", Time since last: 438582282 ns, Reaching safepoint: 113989 ns, At safepoint: 33957 ns, Total: 147946 ns
[2020-09-11T14:05:53.003+0000][1][safepoint    ] Safepoint "RevokeBias", Time since last: 242300189 ns, Reaching safepoint: 1567424 ns, At safepoint: 36486 ns, Total: 1603910 ns
[2020-09-11T14:05:53.013+0000][1][safepoint    ] Safepoint "RevokeBias", Time since last: 8565644 ns, Reaching safepoint: 1198311 ns, At safepoint: 34570 ns, Total: 1232881 ns
[2020-09-11T14:05:53.151+0000][1][gc,start     ] GC(2) Pause Young (Allocation Failure)
[2020-09-11T14:05:53.152+0000][1][gc,task      ] GC(2) Using 1 workers of 1 for evacuation
[2020-09-11T14:05:53.196+0000][1][gc,age       ] GC(2) Desired survivor size 4358144 bytes, new threshold 2 (max threshold 6)
[2020-09-11T14:05:53.196+0000][1][gc,age       ] GC(2) Age table with threshold 2 (max threshold 6)
[2020-09-11T14:05:53.196+0000][1][gc,age       ] GC(2) - age   1:    2816448 bytes,    2816448 total
[2020-09-11T14:05:53.196+0000][1][gc,age       ] GC(2) - age   2:    3557816 bytes,    6374264 total
[2020-09-11T14:05:53.196+0000][1][gc,heap      ] GC(2) ParNew: 72341K->7602K(76672K)
[2020-09-11T14:05:53.196+0000][1][gc,heap      ] GC(2) CMS: 6785K->6785K(2011968K)
[2020-09-11T14:05:53.196+0000][1][gc,metaspace ] GC(2) Metaspace: 20113K->20113K(1067008K)
[2020-09-11T14:05:53.196+0000][1][gc           ] GC(2) Pause Young (Allocation Failure) 77M->14M(2039M) 44.315ms
[2020-09-11T14:05:53.196+0000][1][gc,cpu       ] GC(2) User=0.02s Sys=0.00s Real=0.05s
[2020-09-11T14:05:53.207+0000][1][safepoint    ] Safepoint "GenCollectForAllocation", Time since last: 137580329 ns, Reaching safepoint: 585291 ns, At safepoint: 55992182 ns, Total: 56577473 ns
[2020-09-11T14:05:53.227+0000][1][safepoint    ] Safepoint "RevokeBias", Time since last: 19627442 ns, Reaching safepoint: 38630 ns, At safepoint: 81283 ns, Total: 119913 ns
[2020-09-11T14:05:53.227+0000][1][safepoint    ] Safepoint "RevokeBias", Time since last: 64984 ns, Reaching safepoint: 11143 ns, At safepoint: 28457 ns, Total: 39600 ns
[2020-09-11T14:05:53.227+0000][1][safepoint    ] Safepoint "RevokeBias", Time since last: 33549 ns, Reaching safepoint: 10635 ns, At safepoint: 41723 ns, Total: 52358 ns
[2020-09-11T14:05:53.228+0000][1][safepoint    ] Safepoint "RevokeBias", Time since last: 159421 ns, Reaching safepoint: 10771 ns, At safepoint: 28851 ns, Total: 39622 ns
[2020-09-11T14:05:53.228+0000][1][safepoint    ] Safepoint "RevokeBias", Time since last: 27744 ns, Reaching safepoint: 9101 ns, At safepoint: 27200 ns, Total: 36301 ns
[2020-09-11T14:05:53.228+0000][1][safepoint    ] Safepoint "RevokeBias", Time since last: 25032 ns, Reaching safepoint: 8858 ns, At safepoint: 27088 ns, Total: 35946 ns
[2020-09-11T14:05:53.228+0000][1][safepoint    ] Safepoint "RevokeBias", Time since last: 32979 ns, Reaching safepoint: 8836 ns, At safepoint: 27237 ns, Total: 36073 ns
[2020-09-11T14:05:53.234+0000][1][safepoint    ] Safepoint "RevokeBias", Time since last: 1896690 ns, Reaching safepoint: 18416 ns, At safepoint: 4319215 ns, Total: 4337631 ns
[2020-09-11T14:05:53.247+0000][1][safepoint    ] Safepoint "RevokeBias", Time since last: 12427753 ns, Reaching safepoint: 1001252 ns, At safepoint: 37857 ns, Total: 1039109 ns
[2020-09-11T14:05:53.388+0000][1][safepoint    ] Safepoint "RevokeBias", Time since last: 139996117 ns, Reaching safepoint: 105909 ns, At safepoint: 35784 ns, Total: 141693 ns
[2020-09-11T14:05:53.401+0000][1][safepoint    ] Safepoint "RevokeBias", Time since last: 13053300 ns, Reaching safepoint: 100833 ns, At safepoint: 41306 ns, Total: 142139 ns
[2020-09-11T14:05:53.561+0000][1][safepoint    ] Safepoint "RevokeBias", Time since last: 154305809 ns, Reaching safepoint: 5409549 ns, At safepoint: 37748 ns, Total: 5447297 ns
[2020-09-11T14:05:53.584+0000][1][safepoint    ] Safepoint "RevokeBias", Time since last: 23786922 ns, Reaching safepoint: 91909 ns, At safepoint: 46878 ns, Total: 138787 ns
[2020-09-11T14:05:53.688+0000][1][safepoint    ] Safepoint "RevokeBias", Time since last: 103762079 ns, Reaching safepoint: 99681 ns, At safepoint: 29570 ns, Total: 129251 ns
[2020-09-11T14:05:53.709+0000][1][safepoint    ] Safepoint "RevokeBias", Time since last: 20515879 ns, Reaching safepoint: 97895 ns, At safepoint: 29661 ns, Total: 127556 ns
[2020-09-11T14:05:53.784+0000][1][gc,start     ] GC(3) Pause Young (Allocation Failure)
[2020-09-11T14:05:53.784+0000][1][gc,task      ] GC(3) Using 1 workers of 1 for evacuation
[2020-09-11T14:05:53.874+0000][1][gc,age       ] GC(3) Desired survivor size 4358144 bytes, new threshold 6 (max threshold 6)
[2020-09-11T14:05:53.874+0000][1][gc,age       ] GC(3) Age table with threshold 6 (max threshold 6)
[2020-09-11T14:05:53.874+0000][1][gc,age       ] GC(3) - age   1:    1626728 bytes,    1626728 total
[2020-09-11T14:05:53.874+0000][1][gc,age       ] GC(3) - age   2:     757048 bytes,    2383776 total
[2020-09-11T14:05:53.874+0000][1][gc,heap      ] GC(3) ParNew: 75762K->5607K(76672K)
[2020-09-11T14:05:53.874+0000][1][gc,heap      ] GC(3) CMS: 6785K->10288K(2011968K)
[2020-09-11T14:05:53.874+0000][1][gc,metaspace ] GC(3) Metaspace: 20382K->20382K(1067008K)
[2020-09-11T14:05:53.874+0000][1][gc           ] GC(3) Pause Young (Allocation Failure) 80M->15M(2039M) 90.128ms
[2020-09-11T14:05:53.874+0000][1][gc,cpu       ] GC(3) User=0.05s Sys=0.00s Real=0.08s
[2020-09-11T14:05:53.879+0000][1][safepoint    ] Safepoint "GenCollectForAllocation", Time since last: 74726008 ns, Reaching safepoint: 107745 ns, At safepoint: 95577812 ns, Total: 95685557 ns
[2020-09-11T14:05:53.896+0000][1][safepoint    ] Safepoint "RevokeBias", Time since last: 8087579 ns, Reaching safepoint: 8681779 ns, At safepoint: 35396 ns, Total: 8717175 ns
[2020-09-11T14:05:53.900+0000][1][safepoint    ] Safepoint "RevokeBias", Time since last: 3206876 ns, Reaching safepoint: 94608 ns, At safepoint: 23747 ns, Total: 118355 ns
[2020-09-11T14:05:53.900+0000][1][safepoint    ] Safepoint "RevokeBias", Time since last: 479172 ns, Reaching safepoint: 82386 ns, At safepoint: 24787 ns, Total: 107173 ns
[2020-09-11T14:05:53.900+0000][1][safepoint    ] Safepoint "RevokeBias", Time since last: 32224 ns, Reaching safepoint: 78051 ns, At safepoint: 22779 ns, Total: 100830 ns
[2020-09-11T14:05:53.900+0000][1][safepoint    ] Safepoint "RevokeBias", Time since last: 32698 ns, Reaching safepoint: 76787 ns, At safepoint: 14705 ns, Total: 91492 ns
[2020-09-11T14:05:53.901+0000][1][safepoint    ] Safepoint "RevokeBias", Time since last: 27965 ns, Reaching safepoint: 77318 ns, At safepoint: 21442 ns, Total: 98760 ns
[2020-09-11T14:05:53.901+0000][1][safepoint    ] Safepoint "RevokeBias", Time since last: 31144 ns, Reaching safepoint: 76434 ns, At safepoint: 14490 ns, Total: 90924 ns
[2020-09-11T14:05:53.901+0000][1][safepoint    ] Safepoint "RevokeBias", Time since last: 27008 ns, Reaching safepoint: 79994 ns, At safepoint: 25808 ns, Total: 105802 ns
[2020-09-11T14:05:53.901+0000][1][safepoint    ] Safepoint "RevokeBias", Time since last: 133923 ns, Reaching safepoint: 81986 ns, At safepoint: 26199 ns, Total: 108185 ns
[2020-09-11T14:05:53.905+0000][1][safepoint    ] Safepoint "RevokeBias", Time since last: 3607275 ns, Reaching safepoint: 100488 ns, At safepoint: 29195 ns, Total: 129683 ns
[2020-09-11T14:05:53.928+0000][1][safepoint    ] Safepoint "RevokeBias", Time since last: 22743562 ns, Reaching safepoint: 104394 ns, At safepoint: 35890 ns, Total: 140284 ns
[2020-09-11T14:05:53.944+0000][1][safepoint    ] Safepoint "RevokeBias", Time since last: 15870935 ns, Reaching safepoint: 107526 ns, At safepoint: 34846 ns, Total: 142372 ns
[2020-09-11T14:05:54.284+0000][1][safepoint    ] Safepoint "CollectForMetadataAllocation", Time since last: 339777245 ns, Reaching safepoint: 133553 ns, At safepoint: 115880 ns, Total: 249433 ns
[2020-09-11T14:05:54.420+0000][1][safepoint    ] Safepoint "CollectForMetadataAllocation", Time since last: 135745918 ns, Reaching safepoint: 113866 ns, At safepoint: 137326 ns, Total: 251192 ns
[2020-09-11T14:05:54.497+0000][1][gc,start     ] GC(4) Pause Young (Allocation Failure)
[2020-09-11T14:05:54.497+0000][1][gc,task      ] GC(4) Using 1 workers of 1 for evacuation
[2020-09-11T14:05:54.529+0000][1][gc,age       ] GC(4) Desired survivor size 4358144 bytes, new threshold 6 (max threshold 6)
[2020-09-11T14:05:54.529+0000][1][gc,age       ] GC(4) Age table with threshold 6 (max threshold 6)
[2020-09-11T14:05:54.529+0000][1][gc,age       ] GC(4) - age   1:    1284032 bytes,    1284032 total
[2020-09-11T14:05:54.529+0000][1][gc,age       ] GC(4) - age   2:     351656 bytes,    1635688 total
[2020-09-11T14:05:54.529+0000][1][gc,age       ] GC(4) - age   3:     756952 bytes,    2392640 total
[2020-09-11T14:05:54.529+0000][1][gc,heap      ] GC(4) ParNew: 73767K->4549K(76672K)
[2020-09-11T14:05:54.529+0000][1][gc,heap      ] GC(4) CMS: 10288K->10288K(2011968K)
[2020-09-11T14:05:54.529+0000][1][gc,metaspace ] GC(4) Metaspace: 20910K->20910K(1069056K)
[2020-09-11T14:05:54.529+0000][1][gc           ] GC(4) Pause Young (Allocation Failure) 82M->14M(2039M) 32.202ms
[2020-09-11T14:05:54.529+0000][1][gc,cpu       ] GC(4) User=0.01s Sys=0.00s Real=0.03s
[2020-09-11T14:05:54.536+0000][1][safepoint    ] Safepoint "GenCollectForAllocation", Time since last: 77033755 ns, Reaching safepoint: 106286 ns, At safepoint: 39334482 ns, Total: 39440768 ns
[2020-09-11T14:05:54.552+0000][1][gc,start     ] GC(5) Pause Initial Mark
[2020-09-11T14:05:54.554+0000][1][gc           ] GC(5) Pause Initial Mark 21M->21M(2039M) 2.232ms
[2020-09-11T14:05:54.554+0000][1][gc,cpu       ] GC(5) User=0.01s Sys=0.00s Real=0.00s
[2020-09-11T14:05:54.568+0000][1][safepoint    ] Safepoint "BulkRevokeBias", Time since last: 15337607 ns, Reaching safepoint: 91589 ns, At safepoint: 16470225 ns, Total: 16561814 ns
[2020-09-11T14:05:54.568+0000][1][gc           ] GC(5) Concurrent Mark
[2020-09-11T14:05:54.583+0000][1][safepoint    ] Safepoint "RevokeBias", Time since last: 7389347 ns, Reaching safepoint: 7556386 ns, At safepoint: 41144 ns, Total: 7597530 ns
[2020-09-11T14:05:54.592+0000][1][safepoint    ] Safepoint "RevokeBias", Time since last: 3202177 ns, Reaching safepoint: 5992138 ns, At safepoint: 22320 ns, Total: 6014458 ns
[2020-09-11T14:05:54.594+0000][1][safepoint    ] Safepoint "RevokeBias", Time since last: 1596877 ns, Reaching safepoint: 87667 ns, At safepoint: 23375 ns, Total: 111042 ns
[2020-09-11T14:05:54.594+0000][1][safepoint    ] Safepoint "RevokeBias", Time since last: 43096 ns, Reaching safepoint: 79752 ns, At safepoint: 24037 ns, Total: 103789 ns
[2020-09-11T14:05:54.594+0000][1][safepoint    ] Safepoint "RevokeBias", Time since last: 26305 ns, Reaching safepoint: 78284 ns, At safepoint: 22840 ns, Total: 101124 ns
[2020-09-11T14:05:54.660+0000][1][gc           ] GC(5) Concurrent Mark 92.219ms
[2020-09-11T14:05:54.660+0000][1][gc,cpu       ] GC(5) User=0.05s Sys=0.00s Real=0.09s
[2020-09-11T14:05:54.660+0000][1][gc           ] GC(5) Concurrent Preclean
[2020-09-11T14:05:54.677+0000][1][gc           ] GC(5) Concurrent Preclean 16.926ms
[2020-09-11T14:05:54.677+0000][1][gc,cpu       ] GC(5) User=0.01s Sys=0.00s Real=0.02s
[2020-09-11T14:05:54.677+0000][1][gc           ] GC(5) Concurrent Abortable Preclean
[2020-09-11T14:05:54.895+0000][1][safepoint    ] Safepoint "CollectForMetadataAllocation", Time since last: 300103844 ns, Reaching safepoint: 147021 ns, At safepoint: 134257 ns, Total: 281278 ns
[2020-09-11T14:05:54.909+0000][1][safepoint    ] Safepoint "RevokeBias", Time since last: 13851902 ns, Reaching safepoint: 51712 ns, At safepoint: 11373 ns, Total: 63085 ns
[2020-09-11T14:05:54.917+0000][1][safepoint    ] Safepoint "Deoptimize", Time since last: 7711582 ns, Reaching safepoint: 51782 ns, At safepoint: 255388 ns, Total: 307170 ns
[2020-09-11T14:05:54.966+0000][1][safepoint    ] Safepoint "RevokeBias", Time since last: 48864350 ns, Reaching safepoint: 91208 ns, At safepoint: 29247 ns, Total: 120455 ns
[2020-09-11T14:05:55.024+0000][1][safepoint    ] Safepoint "RevokeBias", Time since last: 58293165 ns, Reaching safepoint: 95147 ns, At safepoint: 33094 ns, Total: 128241 ns
[2020-09-11T14:05:55.052+0000][1][safepoint    ] Safepoint "RevokeBias", Time since last: 18365382 ns, Reaching safepoint: 9135774 ns, At safepoint: 132971 ns, Total: 9268745 ns
[2020-09-11T14:05:55.059+0000][1][safepoint    ] Safepoint "RevokeBias", Time since last: 6897739 ns, Reaching safepoint: 57678 ns, At safepoint: 31880 ns, Total: 89558 ns
[2020-09-11T14:05:55.078+0000][1][safepoint    ] Safepoint "RevokeBias", Time since last: 19587153 ns, Reaching safepoint: 95129 ns, At safepoint: 74771 ns, Total: 169900 ns
[2020-09-11T14:05:55.117+0000][1][safepoint    ] Safepoint "RevokeBias", Time since last: 29069113 ns, Reaching safepoint: 9433678 ns, At safepoint: 37737 ns, Total: 9471415 ns
[2020-09-11T14:05:55.122+0000][1][safepoint    ] Safepoint "RevokeBias", Time since last: 4630079 ns, Reaching safepoint: 90470 ns, At safepoint: 30065 ns, Total: 120535 ns
[2020-09-11T14:05:55.143+0000][1][safepoint    ] Safepoint "RevokeBias", Time since last: 13772435 ns, Reaching safepoint: 8042941 ns, At safepoint: 34077 ns, Total: 8077018 ns
[2020-09-11T14:05:55.184+0000][1][safepoint    ] Safepoint "RevokeBias", Time since last: 39928974 ns, Reaching safepoint: 150825 ns, At safepoint: 34638 ns, Total: 185463 ns
[2020-09-11T14:05:55.200+0000][1][safepoint    ] Safepoint "RevokeBias", Time since last: 15817897 ns, Reaching safepoint: 104879 ns, At safepoint: 39231 ns, Total: 144110 ns
[2020-09-11T14:05:55.227+0000][1][safepoint    ] Safepoint "Deoptimize", Time since last: 22104117 ns, Reaching safepoint: 4737263 ns, At safepoint: 212109 ns, Total: 4949372 ns
[2020-09-11T14:05:55.265+0000][1][safepoint    ] Safepoint "RevokeBias", Time since last: 38091761 ns, Reaching safepoint: 106855 ns, At safepoint: 32826 ns, Total: 139681 ns
[2020-09-11T14:05:55.357+0000][1][gc,start     ] GC(6) Pause Young (Allocation Failure)
[2020-09-11T14:05:55.357+0000][1][gc,task      ] GC(6) Using 1 workers of 1 for evacuation
[2020-09-11T14:05:55.411+0000][1][gc           ] GC(5) Concurrent Abortable Preclean 734.034ms
[2020-09-11T14:05:55.411+0000][1][gc,cpu       ] GC(5) User=0.35s Sys=0.01s Real=0.73s
[2020-09-11T14:05:55.433+0000][1][gc,age       ] GC(6) Desired survivor size 4358144 bytes, new threshold 4 (max threshold 6)
[2020-09-11T14:05:55.433+0000][1][gc,age       ] GC(6) Age table with threshold 4 (max threshold 6)
[2020-09-11T14:05:55.433+0000][1][gc,age       ] GC(6) - age   1:    2302792 bytes,    2302792 total
[2020-09-11T14:05:55.433+0000][1][gc,age       ] GC(6) - age   2:    1252264 bytes,    3555056 total
[2020-09-11T14:05:55.433+0000][1][gc,age       ] GC(6) - age   3:     351656 bytes,    3906712 total
[2020-09-11T14:05:55.433+0000][1][gc,age       ] GC(6) - age   4:     756952 bytes,    4663664 total
[2020-09-11T14:05:55.433+0000][1][gc,heap      ] GC(6) ParNew: 72709K->5779K(76672K)
[2020-09-11T14:05:55.433+0000][1][gc,heap      ] GC(6) CMS: 10288K->10288K(2011968K)
[2020-09-11T14:05:55.433+0000][1][gc,metaspace ] GC(6) Metaspace: 21228K->21228K(1069056K)
[2020-09-11T14:05:55.433+0000][1][gc           ] GC(6) Pause Young (Allocation Failure) 81M->15M(2039M) 75.917ms
[2020-09-11T14:05:55.433+0000][1][gc,cpu       ] GC(6) User=0.04s Sys=0.00s Real=0.07s
[2020-09-11T14:05:55.435+0000][1][safepoint    ] Safepoint "GenCollectForAllocation", Time since last: 91819355 ns, Reaching safepoint: 104822 ns, At safepoint: 78677235 ns, Total: 78782057 ns
[2020-09-11T14:05:55.449+0000][1][gc,start     ] GC(5) Pause Remark
[2020-09-11T14:05:55.483+0000][1][gc           ] GC(5) Pause Remark 19M->19M(2039M) 32.969ms
[2020-09-11T14:05:55.483+0000][1][gc,cpu       ] GC(5) User=0.02s Sys=0.00s Real=0.04s
[2020-09-11T14:05:55.492+0000][1][safepoint    ] Safepoint "CMS_Final_Remark", Time since last: 13092203 ns, Reaching safepoint: 96264 ns, At safepoint: 43694164 ns, Total: 43790428 ns
[2020-09-11T14:05:55.492+0000][1][gc           ] GC(5) Concurrent Sweep
[2020-09-11T14:05:55.495+0000][1][gc           ] GC(5) Concurrent Sweep 2.843ms
[2020-09-11T14:05:55.495+0000][1][gc,cpu       ] GC(5) User=0.00s Sys=0.00s Real=0.00s
[2020-09-11T14:05:55.495+0000][1][gc           ] GC(5) Concurrent Reset
[2020-09-11T14:05:55.505+0000][1][safepoint    ] Safepoint "RevokeBias", Time since last: 5855629 ns, Reaching safepoint: 6683870 ns, At safepoint: 53351 ns, Total: 6737221 ns
[2020-09-11T14:05:55.532+0000][1][safepoint    ] Safepoint "RevokeBias", Time since last: 4253273 ns, Reaching safepoint: 22551973 ns, At safepoint: 26100 ns, Total: 22578073 ns
[2020-09-11T14:05:55.532+0000][1][safepoint    ] Safepoint "RevokeBias", Time since last: 73265 ns, Reaching safepoint: 78346 ns, At safepoint: 17005 ns, Total: 95351 ns
[2020-09-11T14:05:55.532+0000][1][safepoint    ] Safepoint "RevokeBias", Time since last: 39613 ns, Reaching safepoint: 77652 ns, At safepoint: 19172 ns, Total: 96824 ns
[2020-09-11T14:05:55.532+0000][1][safepoint    ] Safepoint "RevokeBias", Time since last: 25477 ns, Reaching safepoint: 76270 ns, At safepoint: 17951 ns, Total: 94221 ns
[2020-09-11T14:05:55.533+0000][1][gc           ] GC(5) Concurrent Reset 37.476ms
[2020-09-11T14:05:55.533+0000][1][gc,cpu       ] GC(5) User=0.02s Sys=0.00s Real=0.04s
[2020-09-11T14:05:55.533+0000][1][gc,heap      ] GC(5) Old: 10288K->10286K(2011968K)
[2020-09-11T14:05:55.576+0000][1][safepoint    ] Safepoint "RevokeBias", Time since last: 43907145 ns, Reaching safepoint: 92572 ns, At safepoint: 30906 ns, Total: 123478 ns
[2020-09-11T14:05:55.594+0000][1][safepoint    ] Safepoint "RevokeBias", Time since last: 17879677 ns, Reaching safepoint: 98940 ns, At safepoint: 32448 ns, Total: 131388 ns
[2020-09-11T14:05:55.760+0000][1][safepoint    ] Safepoint "RevokeBias", Time since last: 165210127 ns, Reaching safepoint: 97555 ns, At safepoint: 31602 ns, Total: 129157 ns
[2020-09-11T14:05:55.765+0000][1][safepoint    ] Safepoint "RevokeBias", Time since last: 4909713 ns, Reaching safepoint: 93529 ns, At safepoint: 29231 ns, Total: 122760 ns
[2020-09-11T14:05:55.889+0000][1][gc,start     ] GC(7) Pause Young (Allocation Failure)
[2020-09-11T14:05:55.889+0000][1][gc,task      ] GC(7) Using 1 workers of 1 for evacuation
[2020-09-11T14:05:55.967+0000][1][gc,age       ] GC(7) Desired survivor size 4358144 bytes, new threshold 6 (max threshold 6)
[2020-09-11T14:05:55.967+0000][1][gc,age       ] GC(7) Age table with threshold 6 (max threshold 6)
[2020-09-11T14:05:55.967+0000][1][gc,age       ] GC(7) - age   1:     878280 bytes,     878280 total
[2020-09-11T14:05:55.967+0000][1][gc,age       ] GC(7) - age   2:    1525888 bytes,    2404168 total
[2020-09-11T14:05:55.967+0000][1][gc,age       ] GC(7) - age   3:    1251656 bytes,    3655824 total
[2020-09-11T14:05:55.967+0000][1][gc,age       ] GC(7) - age   4:     351656 bytes,    4007480 total
[2020-09-11T14:05:55.967+0000][1][gc,heap      ] GC(7) ParNew: 73939K->7553K(76672K)
[2020-09-11T14:05:55.967+0000][1][gc,heap      ] GC(7) CMS: 10286K->11031K(2011968K)
[2020-09-11T14:05:55.967+0000][1][gc,metaspace ] GC(7) Metaspace: 21308K->21308K(1069056K)
[2020-09-11T14:05:55.967+0000][1][gc           ] GC(7) Pause Young (Allocation Failure) 82M->18M(2039M) 77.880ms
[2020-09-11T14:05:55.967+0000][1][gc,cpu       ] GC(7) User=0.04s Sys=0.00s Real=0.08s
[2020-09-11T14:05:55.967+0000][1][safepoint    ] Safepoint "GenCollectForAllocation", Time since last: 124504960 ns, Reaching safepoint: 104221 ns, At safepoint: 77936961 ns, Total: 78041182 ns
[2020-09-11T14:05:55.976+0000][1][safepoint    ] Safepoint "RevokeBias", Time since last: 8298994 ns, Reaching safepoint: 33162 ns, At safepoint: 46820 ns, Total: 79982 ns
[2020-09-11T14:05:55.976+0000][1][safepoint    ] Safepoint "RevokeBias", Time since last: 52427 ns, Reaching safepoint: 9306 ns, At safepoint: 22832 ns, Total: 32138 ns
[2020-09-11T14:05:55.976+0000][1][safepoint    ] Safepoint "RevokeBias", Time since last: 36904 ns, Reaching safepoint: 8411 ns, At safepoint: 21852 ns, Total: 30263 ns
[2020-09-11T14:05:55.976+0000][1][safepoint    ] Safepoint "RevokeBias", Time since last: 21714 ns, Reaching safepoint: 7733 ns, At safepoint: 20996 ns, Total: 28729 ns
[2020-09-11T14:05:56.013+0000][1][safepoint    ] Safepoint "RevokeBias", Time since last: 36906064 ns, Reaching safepoint: 92779 ns, At safepoint: 100779 ns, Total: 193558 ns
[2020-09-11T14:05:56.031+0000][1][safepoint    ] Safepoint "RevokeBias", Time since last: 17652953 ns, Reaching safepoint: 106565 ns, At safepoint: 80147 ns, Total: 186712 ns
[2020-09-11T14:05:56.216+0000][1][safepoint    ] Safepoint "RevokeBias", Time since last: 185413576 ns, Reaching safepoint: 95160 ns, At safepoint: 31334 ns, Total: 126494 ns
[2020-09-11T14:05:56.233+0000][1][safepoint    ] Safepoint "RevokeBias", Time since last: 16870980 ns, Reaching safepoint: 94337 ns, At safepoint: 31378 ns, Total: 125715 ns
[2020-09-11T14:05:56.248+0000][1][safepoint    ] Safepoint "RevokeBias", Time since last: 15175349 ns, Reaching safepoint: 94100 ns, At safepoint: 31444 ns, Total: 125544 ns
[2020-09-11T14:05:56.388+0000][1][gc,start     ] GC(8) Pause Young (Allocation Failure)
[2020-09-11T14:05:56.388+0000][1][gc,task      ] GC(8) Using 1 workers of 1 for evacuation
[2020-09-11T14:05:56.424+0000][1][gc,age       ] GC(8) Desired survivor size 4358144 bytes, new threshold 4 (max threshold 6)
[2020-09-11T14:05:56.424+0000][1][gc,age       ] GC(8) Age table with threshold 4 (max threshold 6)
[2020-09-11T14:05:56.424+0000][1][gc,age       ] GC(8) - age   1:    1644784 bytes,    1644784 total
[2020-09-11T14:05:56.424+0000][1][gc,age       ] GC(8) - age   2:     445824 bytes,    2090608 total
[2020-09-11T14:05:56.424+0000][1][gc,age       ] GC(8) - age   3:    1523952 bytes,    3614560 total
[2020-09-11T14:05:56.424+0000][1][gc,age       ] GC(8) - age   4:    1251000 bytes,    4865560 total
[2020-09-11T14:05:56.424+0000][1][gc,age       ] GC(8) - age   5:     351656 bytes,    5217216 total
[2020-09-11T14:05:56.424+0000][1][gc,heap      ] GC(8) ParNew: 75713K->7235K(76672K)
[2020-09-11T14:05:56.424+0000][1][gc,heap      ] GC(8) CMS: 11031K->11031K(2011968K)
[2020-09-11T14:05:56.424+0000][1][gc,metaspace ] GC(8) Metaspace: 21496K->21496K(1069056K)
[2020-09-11T14:05:56.424+0000][1][gc           ] GC(8) Pause Young (Allocation Failure) 84M->17M(2039M) 36.195ms
[2020-09-11T14:05:56.424+0000][1][gc,cpu       ] GC(8) User=0.02s Sys=0.00s Real=0.04s
[2020-09-11T14:05:56.431+0000][1][safepoint    ] Safepoint "GenCollectForAllocation", Time since last: 138950055 ns, Reaching safepoint: 113442 ns, At safepoint: 43787784 ns, Total: 43901226 ns
[2020-09-11T14:05:56.442+0000][1][safepoint    ] Safepoint "RevokeBias", Time since last: 8099739 ns, Reaching safepoint: 2623448 ns, At safepoint: 57227 ns, Total: 2680675 ns
[2020-09-11T14:05:56.442+0000][1][safepoint    ] Safepoint "RevokeBias", Time since last: 57143 ns, Reaching safepoint: 85503 ns, At safepoint: 44621 ns, Total: 130124 ns
[2020-09-11T14:05:56.442+0000][1][safepoint    ] Safepoint "RevokeBias", Time since last: 36484 ns, Reaching safepoint: 81286 ns, At safepoint: 42299 ns, Total: 123585 ns
[2020-09-11T14:05:56.443+0000][1][safepoint    ] Safepoint "RevokeBias", Time since last: 24362 ns, Reaching safepoint: 80089 ns, At safepoint: 40112 ns, Total: 120201 ns
[2020-09-11T14:05:56.791+0000][1][gc,start     ] GC(9) Pause Young (Allocation Failure)
[2020-09-11T14:05:56.791+0000][1][gc,task      ] GC(9) Using 1 workers of 1 for evacuation
[2020-09-11T14:05:56.848+0000][1][gc,age       ] GC(9) Desired survivor size 4358144 bytes, new threshold 6 (max threshold 6)
[2020-09-11T14:05:56.848+0000][1][gc,age       ] GC(9) Age table with threshold 6 (max threshold 6)
[2020-09-11T14:05:56.848+0000][1][gc,age       ] GC(9) - age   1:     150176 bytes,     150176 total
[2020-09-11T14:05:56.848+0000][1][gc,age       ] GC(9) - age   2:     829408 bytes,     979584 total
[2020-09-11T14:05:56.848+0000][1][gc,age       ] GC(9) - age   3:     445744 bytes,    1425328 total
[2020-09-11T14:05:56.848+0000][1][gc,age       ] GC(9) - age   4:    1523952 bytes,    2949280 total
[2020-09-11T14:05:56.848+0000][1][gc,heap      ] GC(9) ParNew: 75395K->4424K(76672K)
[2020-09-11T14:05:56.848+0000][1][gc,heap      ] GC(9) CMS: 11031K->12615K(2011968K)
[2020-09-11T14:05:56.848+0000][1][gc,metaspace ] GC(9) Metaspace: 21606K->21606K(1069056K)
[2020-09-11T14:05:56.848+0000][1][gc           ] GC(9) Pause Young (Allocation Failure) 84M->16M(2039M) 56.943ms
[2020-09-11T14:05:56.848+0000][1][gc,cpu       ] GC(9) User=0.03s Sys=0.00s Real=0.06s
[2020-09-11T14:05:56.855+0000][1][safepoint    ] Safepoint "GenCollectForAllocation", Time since last: 348402067 ns, Reaching safepoint: 107992 ns, At safepoint: 64318635 ns, Total: 64426627 ns
[2020-09-11T14:05:56.867+0000][1][safepoint    ] Safepoint "RevokeBias", Time since last: 8035530 ns, Reaching safepoint: 3742447 ns, At safepoint: 58526 ns, Total: 3800973 ns
[2020-09-11T14:05:56.868+0000][1][safepoint    ] Safepoint "RevokeBias", Time since last: 58667 ns, Reaching safepoint: 131658 ns, At safepoint: 33471 ns, Total: 165129 ns
[2020-09-11T14:05:56.868+0000][1][safepoint    ] Safepoint "RevokeBias", Time since last: 50082 ns, Reaching safepoint: 80179 ns, At safepoint: 29865 ns, Total: 110044 ns
[2020-09-11T14:05:56.868+0000][1][safepoint    ] Safepoint "RevokeBias", Time since last: 29475 ns, Reaching safepoint: 81960 ns, At safepoint: 29005 ns, Total: 110965 ns
[2020-09-11T14:05:56.983+0000][1][safepoint    ] Safepoint "RevokeBias", Time since last: 115378153 ns, Reaching safepoint: 116649 ns, At safepoint: 17246 ns, Total: 133895 ns
[2020-09-11T14:05:56.984+0000][1][safepoint    ] Safepoint "RevokeBias", Time since last: 418289 ns, Reaching safepoint: 85372 ns, At safepoint: 10480 ns, Total: 95852 ns
[2020-09-11T14:05:57.252+0000][1][gc,start     ] GC(10) Pause Young (Allocation Failure)
[2020-09-11T14:05:57.252+0000][1][gc,task      ] GC(10) Using 1 workers of 1 for evacuation
[2020-09-11T14:05:57.310+0000][1][gc,age       ] GC(10) Desired survivor size 4358144 bytes, new threshold 6 (max threshold 6)
[2020-09-11T14:05:57.310+0000][1][gc,age       ] GC(10) Age table with threshold 6 (max threshold 6)
[2020-09-11T14:05:57.310+0000][1][gc,age       ] GC(10) - age   1:     449328 bytes,     449328 total
[2020-09-11T14:05:57.310+0000][1][gc,age       ] GC(10) - age   2:     121664 bytes,     570992 total
[2020-09-11T14:05:57.310+0000][1][gc,age       ] GC(10) - age   3:     829408 bytes,    1400400 total
[2020-09-11T14:05:57.310+0000][1][gc,age       ] GC(10) - age   4:     445720 bytes,    1846120 total
[2020-09-11T14:05:57.310+0000][1][gc,age       ] GC(10) - age   5:    1523952 bytes,    3370072 total
[2020-09-11T14:05:57.310+0000][1][gc,heap      ] GC(10) ParNew: 72584K->6532K(76672K)
[2020-09-11T14:05:57.310+0000][1][gc,heap      ] GC(10) CMS: 12615K->12615K(2011968K)
[2020-09-11T14:05:57.310+0000][1][gc,metaspace ] GC(10) Metaspace: 21744K->21744K(1069056K)
[2020-09-11T14:05:57.310+0000][1][gc           ] GC(10) Pause Young (Allocation Failure) 83M->18M(2039M) 58.255ms
[2020-09-11T14:05:57.310+0000][1][gc,cpu       ] GC(10) User=0.03s Sys=0.00s Real=0.06s
[2020-09-11T14:05:57.315+0000][1][safepoint    ] Safepoint "GenCollectForAllocation", Time since last: 267613247 ns, Reaching safepoint: 116009 ns, At safepoint: 63870939 ns, Total: 63986948 ns
[2020-09-11T14:05:57.324+0000][1][safepoint    ] Safepoint "RevokeBias", Time since last: 7986762 ns, Reaching safepoint: 198639 ns, At safepoint: 62361 ns, Total: 261000 ns
[2020-09-11T14:05:57.324+0000][1][safepoint    ] Safepoint "RevokeBias", Time since last: 59813 ns, Reaching safepoint: 86235 ns, At safepoint: 44001 ns, Total: 130236 ns
[2020-09-11T14:05:57.324+0000][1][safepoint    ] Safepoint "BulkRevokeBias", Time since last: 39473 ns, Reaching safepoint: 179836 ns, At safepoint: 63805 ns, Total: 243641 ns
[2020-09-11T14:05:57.326+0000][1][safepoint    ] Safepoint "BulkRevokeBias", Time since last: 26846 ns, Reaching safepoint: 85202 ns, At safepoint: 1400570 ns, Total: 1485772 ns
[2020-09-11T14:05:57.873+0000][1][gc,start     ] GC(11) Pause Young (Allocation Failure)
[2020-09-11T14:05:57.873+0000][1][gc,task      ] GC(11) Using 1 workers of 1 for evacuation
[2020-09-11T14:05:57.958+0000][1][gc,age       ] GC(11) Desired survivor size 4358144 bytes, new threshold 6 (max threshold 6)
[2020-09-11T14:05:57.958+0000][1][gc,age       ] GC(11) Age table with threshold 6 (max threshold 6)
[2020-09-11T14:05:57.958+0000][1][gc,age       ] GC(11) - age   1:    2325584 bytes,    2325584 total
[2020-09-11T14:05:57.958+0000][1][gc,age       ] GC(11) - age   2:     427864 bytes,    2753448 total
[2020-09-11T14:05:57.958+0000][1][gc,age       ] GC(11) - age   3:     121560 bytes,    2875008 total
[2020-09-11T14:05:57.958+0000][1][gc,age       ] GC(11) - age   4:     829408 bytes,    3704416 total
[2020-09-11T14:05:57.958+0000][1][gc,age       ] GC(11) - age   5:     445720 bytes,    4150136 total
[2020-09-11T14:05:57.958+0000][1][gc,age       ] GC(11) - age   6:    1523640 bytes,    5673776 total
[2020-09-11T14:05:57.958+0000][1][gc,heap      ] GC(11) ParNew: 74692K->6152K(76672K)
[2020-09-11T14:05:57.958+0000][1][gc,heap      ] GC(11) CMS: 12615K->12615K(2011968K)
[2020-09-11T14:05:57.958+0000][1][gc,metaspace ] GC(11) Metaspace: 22655K->22655K(1071104K)
[2020-09-11T14:05:57.958+0000][1][gc           ] GC(11) Pause Young (Allocation Failure) 85M->18M(2039M) 85.054ms
[2020-09-11T14:05:57.958+0000][1][gc,cpu       ] GC(11) User=0.04s Sys=0.00s Real=0.09s
[2020-09-11T14:05:57.963+0000][1][safepoint    ] Safepoint "GenCollectForAllocation", Time since last: 547283536 ns, Reaching safepoint: 101456 ns, At safepoint: 90392105 ns, Total: 90493561 ns
[2020-09-11T14:05:58.288+0000][1][gc,start     ] GC(12) Pause Young (Allocation Failure)
[2020-09-11T14:05:58.288+0000][1][gc,task      ] GC(12) Using 1 workers of 1 for evacuation
[2020-09-11T14:05:58.358+0000][1][gc,age       ] GC(12) Desired survivor size 4358144 bytes, new threshold 6 (max threshold 6)
[2020-09-11T14:05:58.358+0000][1][gc,age       ] GC(12) Age table with threshold 6 (max threshold 6)
[2020-09-11T14:05:58.358+0000][1][gc,age       ] GC(12) - age   1:     717616 bytes,     717616 total
[2020-09-11T14:05:58.358+0000][1][gc,age       ] GC(12) - age   2:     546504 bytes,    1264120 total
[2020-09-11T14:05:58.358+0000][1][gc,age       ] GC(12) - age   3:     427864 bytes,    1691984 total
[2020-09-11T14:05:58.358+0000][1][gc,age       ] GC(12) - age   4:     121456 bytes,    1813440 total
[2020-09-11T14:05:58.358+0000][1][gc,age       ] GC(12) - age   5:     829264 bytes,    2642704 total
[2020-09-11T14:05:58.358+0000][1][gc,age       ] GC(12) - age   6:     445576 bytes,    3088280 total
[2020-09-11T14:05:58.358+0000][1][gc,heap      ] GC(12) ParNew: 74312K->4668K(76672K)
[2020-09-11T14:05:58.358+0000][1][gc,heap      ] GC(12) CMS: 12615K->14115K(2011968K)
[2020-09-11T14:05:58.358+0000][1][gc,metaspace ] GC(12) Metaspace: 22678K->22678K(1071104K)
[2020-09-11T14:05:58.358+0000][1][gc           ] GC(12) Pause Young (Allocation Failure) 84M->18M(2039M) 70.249ms
[2020-09-11T14:05:58.358+0000][1][gc,cpu       ] GC(12) User=0.04s Sys=0.00s Real=0.07s
[2020-09-11T14:05:58.362+0000][1][safepoint    ] Safepoint "GenCollectForAllocation", Time since last: 323987266 ns, Reaching safepoint: 105151 ns, At safepoint: 73979719 ns, Total: 74084870 ns
[2020-09-11T14:05:58.684+0000][1][gc,start     ] GC(13) Pause Young (Allocation Failure)
[2020-09-11T14:05:58.684+0000][1][gc,task      ] GC(13) Using 1 workers of 1 for evacuation
[2020-09-11T14:05:58.762+0000][1][gc,age       ] GC(13) Desired survivor size 4358144 bytes, new threshold 6 (max threshold 6)
[2020-09-11T14:05:58.762+0000][1][gc,age       ] GC(13) Age table with threshold 6 (max threshold 6)
[2020-09-11T14:05:58.762+0000][1][gc,age       ] GC(13) - age   1:    2014032 bytes,    2014032 total
[2020-09-11T14:05:58.762+0000][1][gc,age       ] GC(13) - age   2:     203304 bytes,    2217336 total
[2020-09-11T14:05:58.762+0000][1][gc,age       ] GC(13) - age   3:     546392 bytes,    2763728 total
[2020-09-11T14:05:58.762+0000][1][gc,age       ] GC(13) - age   4:     427864 bytes,    3191592 total
[2020-09-11T14:05:58.763+0000][1][gc,age       ] GC(13) - age   5:     121456 bytes,    3313048 total
[2020-09-11T14:05:58.763+0000][1][gc,age       ] GC(13) - age   6:     829264 bytes,    4142312 total
[2020-09-11T14:05:58.763+0000][1][gc,heap      ] GC(13) ParNew: 72828K->6857K(76672K)
[2020-09-11T14:05:58.763+0000][1][gc,heap      ] GC(13) CMS: 14115K->14554K(2011968K)
[2020-09-11T14:05:58.763+0000][1][gc,metaspace ] GC(13) Metaspace: 22783K->22783K(1071104K)
[2020-09-11T14:05:58.763+0000][1][gc           ] GC(13) Pause Young (Allocation Failure) 84M->20M(2039M) 78.960ms
[2020-09-11T14:05:58.763+0000][1][gc,cpu       ] GC(13) User=0.04s Sys=0.00s Real=0.07s
[2020-09-11T14:05:58.767+0000][1][safepoint    ] Safepoint "GenCollectForAllocation", Time since last: 321989162 ns, Reaching safepoint: 100260 ns, At safepoint: 83806429 ns, Total: 83906689 ns
[2020-09-11T14:05:59.132+0000][1][gc,start     ] GC(14) Pause Young (Allocation Failure)
[2020-09-11T14:05:59.132+0000][1][gc,task      ] GC(14) Using 1 workers of 1 for evacuation
[2020-09-11T14:05:59.164+0000][1][gc,age       ] GC(14) Desired survivor size 4358144 bytes, new threshold 6 (max threshold 6)
[2020-09-11T14:05:59.164+0000][1][gc,age       ] GC(14) Age table with threshold 6 (max threshold 6)
[2020-09-11T14:05:59.164+0000][1][gc,age       ] GC(14) - age   1:    1065248 bytes,    1065248 total
[2020-09-11T14:05:59.164+0000][1][gc,age       ] GC(14) - age   2:     103416 bytes,    1168664 total
[2020-09-11T14:05:59.164+0000][1][gc,age       ] GC(14) - age   3:     203304 bytes,    1371968 total
[2020-09-11T14:05:59.164+0000][1][gc,age       ] GC(14) - age   4:     546392 bytes,    1918360 total
[2020-09-11T14:05:59.164+0000][1][gc,age       ] GC(14) - age   5:     427864 bytes,    2346224 total
[2020-09-11T14:05:59.164+0000][1][gc,age       ] GC(14) - age   6:     121456 bytes,    2467680 total
[2020-09-11T14:05:59.164+0000][1][gc,heap      ] GC(14) ParNew: 75017K->4748K(76672K)
[2020-09-11T14:05:59.164+0000][1][gc,heap      ] GC(14) CMS: 14554K->15370K(2011968K)
[2020-09-11T14:05:59.164+0000][1][gc,metaspace ] GC(14) Metaspace: 22866K->22866K(1071104K)
[2020-09-11T14:05:59.164+0000][1][gc           ] GC(14) Pause Young (Allocation Failure) 87M->19M(2039M) 32.496ms
[2020-09-11T14:05:59.164+0000][1][gc,cpu       ] GC(14) User=0.02s Sys=0.00s Real=0.04s
[2020-09-11T14:05:59.171+0000][1][safepoint    ] Safepoint "GenCollectForAllocation", Time since last: 364027268 ns, Reaching safepoint: 125352 ns, At safepoint: 39885189 ns, Total: 40010541 ns
[2020-09-11T14:05:59.514+0000][1][gc,start     ] GC(15) Pause Young (Allocation Failure)
[2020-09-11T14:05:59.514+0000][1][gc,task      ] GC(15) Using 1 workers of 1 for evacuation
[2020-09-11T14:05:59.539+0000][1][gc,age       ] GC(15) Desired survivor size 4358144 bytes, new threshold 6 (max threshold 6)
[2020-09-11T14:05:59.539+0000][1][gc,age       ] GC(15) Age table with threshold 6 (max threshold 6)
[2020-09-11T14:05:59.539+0000][1][gc,age       ] GC(15) - age   1:     181176 bytes,     181176 total
[2020-09-11T14:05:59.539+0000][1][gc,age       ] GC(15) - age   2:     315736 bytes,     496912 total
[2020-09-11T14:05:59.539+0000][1][gc,age       ] GC(15) - age   3:     103416 bytes,     600328 total
[2020-09-11T14:05:59.539+0000][1][gc,age       ] GC(15) - age   4:     203304 bytes,     803632 total
[2020-09-11T14:05:59.539+0000][1][gc,age       ] GC(15) - age   5:     546392 bytes,    1350024 total
[2020-09-11T14:05:59.539+0000][1][gc,age       ] GC(15) - age   6:     427864 bytes,    1777888 total
[2020-09-11T14:05:59.539+0000][1][gc,heap      ] GC(15) ParNew: 72908K->2994K(76672K)
[2020-09-11T14:05:59.539+0000][1][gc,heap      ] GC(15) CMS: 15370K->15492K(2011968K)
[2020-09-11T14:05:59.539+0000][1][gc,metaspace ] GC(15) Metaspace: 22952K->22952K(1071104K)
[2020-09-11T14:05:59.539+0000][1][gc           ] GC(15) Pause Young (Allocation Failure) 86M->18M(2039M) 25.392ms
[2020-09-11T14:05:59.539+0000][1][gc,cpu       ] GC(15) User=0.01s Sys=0.00s Real=0.03s
[2020-09-11T14:05:59.551+0000][1][safepoint    ] Safepoint "GenCollectForAllocation", Time since last: 341979736 ns, Reaching safepoint: 111648 ns, At safepoint: 37898187 ns, Total: 38009835 ns
[2020-09-11T14:05:59.836+0000][1][gc,start     ] GC(16) Pause Young (Allocation Failure)
[2020-09-11T14:05:59.836+0000][1][gc,task      ] GC(16) Using 1 workers of 1 for evacuation
[2020-09-11T14:05:59.873+0000][1][gc,age       ] GC(16) Desired survivor size 4358144 bytes, new threshold 6 (max threshold 6)
[2020-09-11T14:05:59.873+0000][1][gc,age       ] GC(16) Age table with threshold 6 (max threshold 6)
[2020-09-11T14:05:59.873+0000][1][gc,age       ] GC(16) - age   1:    1816216 bytes,    1816216 total
[2020-09-11T14:05:59.873+0000][1][gc,age       ] GC(16) - age   2:     162560 bytes,    1978776 total
[2020-09-11T14:05:59.873+0000][1][gc,age       ] GC(16) - age   3:     315736 bytes,    2294512 total
[2020-09-11T14:05:59.873+0000][1][gc,age       ] GC(16) - age   4:     103416 bytes,    2397928 total
[2020-09-11T14:05:59.873+0000][1][gc,age       ] GC(16) - age   5:     203152 bytes,    2601080 total
[2020-09-11T14:05:59.873+0000][1][gc,age       ] GC(16) - age   6:     546392 bytes,    3147472 total
[2020-09-11T14:05:59.874+0000][1][gc,heap      ] GC(16) ParNew: 71154K->3076K(76672K)
[2020-09-11T14:05:59.874+0000][1][gc,heap      ] GC(16) CMS: 15492K->15916K(2011968K)
[2020-09-11T14:05:59.874+0000][1][gc,metaspace ] GC(16) Metaspace: 22971K->22971K(1071104K)
[2020-09-11T14:05:59.874+0000][1][gc           ] GC(16) Pause Young (Allocation Failure) 84M->18M(2039M) 37.872ms
[2020-09-11T14:05:59.874+0000][1][gc,cpu       ] GC(16) User=0.01s Sys=0.00s Real=0.03s
[2020-09-11T14:05:59.887+0000][1][safepoint    ] Safepoint "GenCollectForAllocation", Time since last: 284111146 ns, Reaching safepoint: 113068 ns, At safepoint: 51316031 ns, Total: 51429099 ns
[2020-09-11T14:06:00.016+0000][1][safepoint    ] Safepoint "RevokeBias", Time since last: 129269777 ns, Reaching safepoint: 108494 ns, At safepoint: 17349 ns, Total: 125843 ns
[2020-09-11T14:06:00.820+0000][1][safepoint    ] Safepoint "RevokeBias", Time since last: 803046984 ns, Reaching safepoint: 261852 ns, At safepoint: 19639 ns, Total: 281491 ns
[2020-09-11T14:06:01.628+0000][1][safepoint    ] Safepoint "Deoptimize", Time since last: 808038584 ns, Reaching safepoint: 125039 ns, At safepoint: 209951 ns, Total: 334990 ns
[2020-09-11T14:06:01.704+0000][1][safepoint    ] Safepoint "Deoptimize", Time since last: 75641355 ns, Reaching safepoint: 107189 ns, At safepoint: 218460 ns, Total: 325649 ns
[2020-09-11T14:06:02.704+0000][1][safepoint    ] Safepoint "Cleanup", Time since last: 1000105351 ns, Reaching safepoint: 313389 ns, At safepoint: 7704 ns, Total: 321093 ns
[2020-09-11T14:06:03.679+0000][1][gc,start     ] GC(17) Pause Young (Allocation Failure)
[2020-09-11T14:06:03.679+0000][1][gc,task      ] GC(17) Using 1 workers of 1 for evacuation
[2020-09-11T14:06:03.752+0000][1][gc,age       ] GC(17) Desired survivor size 4358144 bytes, new threshold 1 (max threshold 6)
[2020-09-11T14:06:03.753+0000][1][gc,age       ] GC(17) Age table with threshold 1 (max threshold 6)
[2020-09-11T14:06:03.753+0000][1][gc,age       ] GC(17) - age   1:    7557136 bytes,    7557136 total
[2020-09-11T14:06:03.753+0000][1][gc,age       ] GC(17) - age   2:      98720 bytes,    7655856 total
[2020-09-11T14:06:03.753+0000][1][gc,age       ] GC(17) - age   3:     162064 bytes,    7817920 total
[2020-09-11T14:06:03.753+0000][1][gc,age       ] GC(17) - age   4:     313440 bytes,    8131360 total
[2020-09-11T14:06:03.753+0000][1][gc,age       ] GC(17) - age   5:     103136 bytes,    8234496 total
[2020-09-11T14:06:03.753+0000][1][gc,age       ] GC(17) - age   6:     203152 bytes,    8437648 total
[2020-09-11T14:06:03.753+0000][1][gc,heap      ] GC(17) ParNew: 71236K->8512K(76672K)
[2020-09-11T14:06:03.753+0000][1][gc,heap      ] GC(17) CMS: 15916K->16456K(2011968K)
[2020-09-11T14:06:03.753+0000][1][gc,metaspace ] GC(17) Metaspace: 29708K->29708K(1077248K)
[2020-09-11T14:06:03.753+0000][1][gc           ] GC(17) Pause Young (Allocation Failure) 85M->24M(2039M) 73.396ms
[2020-09-11T14:06:03.753+0000][1][gc,cpu       ] GC(17) User=0.04s Sys=0.00s Real=0.07s
[2020-09-11T14:06:03.765+0000][1][safepoint    ] Safepoint "GenCollectForAllocation", Time since last: 974613675 ns, Reaching safepoint: 121608 ns, At safepoint: 86094730 ns, Total: 86216338 ns
[2020-09-11T14:06:04.790+0000][1][safepoint    ] Safepoint "Cleanup", Time since last: 1014193170 ns, Reaching safepoint: 10074382 ns, At safepoint: 8495 ns, Total: 10082877 ns
[2020-09-11T14:06:05.792+0000][1][safepoint    ] Safepoint "Cleanup", Time since last: 1001831636 ns, Reaching safepoint: 109413 ns, At safepoint: 6476 ns, Total: 115889 ns
[2020-09-11T14:06:06.468+0000][1][gc,start     ] GC(18) Pause Young (Allocation Failure)
[2020-09-11T14:06:06.468+0000][1][gc,task      ] GC(18) Using 1 workers of 1 for evacuation
[2020-09-11T14:06:06.590+0000][1][gc,age       ] GC(18) Desired survivor size 4358144 bytes, new threshold 1 (max threshold 6)
[2020-09-11T14:06:06.590+0000][1][gc,age       ] GC(18) Age table with threshold 1 (max threshold 6)
[2020-09-11T14:06:06.590+0000][1][gc,age       ] GC(18) - age   1:    8069008 bytes,    8069008 total
[2020-09-11T14:06:06.590+0000][1][gc,heap      ] GC(18) ParNew: 76672K->8512K(76672K)
[2020-09-11T14:06:06.590+0000][1][gc,heap      ] GC(18) CMS: 16456K->25186K(2011968K)
[2020-09-11T14:06:06.590+0000][1][gc,metaspace ] GC(18) Metaspace: 29715K->29715K(1077248K)
[2020-09-11T14:06:06.590+0000][1][gc           ] GC(18) Pause Young (Allocation Failure) 90M->32M(2039M) 122.145ms
[2020-09-11T14:06:06.590+0000][1][gc,cpu       ] GC(18) User=0.06s Sys=0.00s Real=0.12s
[2020-09-11T14:06:06.607+0000][1][safepoint    ] Safepoint "GenCollectForAllocation", Time since last: 675925728 ns, Reaching safepoint: 145775 ns, At safepoint: 139370653 ns, Total: 139516428 ns
[2020-09-11T14:06:07.627+0000][1][safepoint    ] Safepoint "Cleanup", Time since last: 1010934332 ns, Reaching safepoint: 8738974 ns, At safepoint: 8276 ns, Total: 8747250 ns
[2020-09-11T14:06:08.632+0000][1][safepoint    ] Safepoint "Cleanup", Time since last: 1004842166 ns, Reaching safepoint: 183383 ns, At safepoint: 6578 ns, Total: 189961 ns
[2020-09-11T14:06:09.184+0000][1][gc,start     ] GC(19) Pause Young (Allocation Failure)
[2020-09-11T14:06:09.184+0000][1][gc,task      ] GC(19) Using 1 workers of 1 for evacuation
[2020-09-11T14:06:09.293+0000][1][gc,age       ] GC(19) Desired survivor size 4358144 bytes, new threshold 1 (max threshold 6)
[2020-09-11T14:06:09.293+0000][1][gc,age       ] GC(19) Age table with threshold 1 (max threshold 6)
[2020-09-11T14:06:09.293+0000][1][gc,age       ] GC(19) - age   1:    8716200 bytes,    8716200 total
[2020-09-11T14:06:09.293+0000][1][gc,heap      ] GC(19) ParNew: 76672K->8512K(76672K)
[2020-09-11T14:06:09.293+0000][1][gc,heap      ] GC(19) CMS: 25186K->33744K(2011968K)
[2020-09-11T14:06:09.293+0000][1][gc,metaspace ] GC(19) Metaspace: 29936K->29936K(1077248K)
[2020-09-11T14:06:09.293+0000][1][gc           ] GC(19) Pause Young (Allocation Failure) 99M->41M(2039M) 109.817ms
[2020-09-11T14:06:09.293+0000][1][gc,cpu       ] GC(19) User=0.06s Sys=0.00s Real=0.10s
[2020-09-11T14:06:09.304+0000][1][safepoint    ] Safepoint "GenCollectForAllocation", Time since last: 551734902 ns, Reaching safepoint: 106686 ns, At safepoint: 120011211 ns, Total: 120117897 ns
[2020-09-11T14:06:10.312+0000][1][safepoint    ] Safepoint "Cleanup", Time since last: 1008078669 ns, Reaching safepoint: 392925 ns, At safepoint: 6162 ns, Total: 399087 ns
[2020-09-11T14:06:11.312+0000][1][safepoint    ] Safepoint "Cleanup", Time since last: 1000102418 ns, Reaching safepoint: 132800 ns, At safepoint: 5926 ns, Total: 138726 ns
[2020-09-11T14:06:11.367+0000][1][gc,start     ] GC(20) Pause Young (Allocation Failure)
[2020-09-11T14:06:11.367+0000][1][gc,task      ] GC(20) Using 1 workers of 1 for evacuation
[2020-09-11T14:06:11.537+0000][1][gc,age       ] GC(20) Desired survivor size 4358144 bytes, new threshold 6 (max threshold 6)
[2020-09-11T14:06:11.537+0000][1][gc,age       ] GC(20) Age table with threshold 6 (max threshold 6)
[2020-09-11T14:06:11.537+0000][1][gc,age       ] GC(20) - age   1:    3716248 bytes,    3716248 total
[2020-09-11T14:06:11.537+0000][1][gc,heap      ] GC(20) ParNew: 76672K->8287K(76672K)
[2020-09-11T14:06:11.537+0000][1][gc,heap      ] GC(20) CMS: 33744K->42001K(2011968K)
[2020-09-11T14:06:11.537+0000][1][gc,metaspace ] GC(20) Metaspace: 32137K->32137K(1079296K)
[2020-09-11T14:06:11.537+0000][1][gc           ] GC(20) Pause Young (Allocation Failure) 107M->49M(2039M) 170.398ms
[2020-09-11T14:06:11.537+0000][1][gc,cpu       ] GC(20) User=0.08s Sys=0.00s Real=0.17s
[2020-09-11T14:06:11.537+0000][1][safepoint    ] Safepoint "GenCollectForAllocation", Time since last: 54208146 ns, Reaching safepoint: 103714 ns, At safepoint: 170491481 ns, Total: 170595195 ns
[2020-09-11T14:06:11.830+0000][1][safepoint    ] Safepoint "Deoptimize", Time since last: 292538210 ns, Reaching safepoint: 116056 ns, At safepoint: 267311 ns, Total: 383367 ns
[2020-09-11T14:06:12.830+0000][1][safepoint    ] Safepoint "Cleanup", Time since last: 1000109255 ns, Reaching safepoint: 122471 ns, At safepoint: 6507 ns, Total: 128978 ns
[2020-09-11T14:06:13.196+0000][1][safepoint    ] Safepoint "Deoptimize", Time since last: 363627925 ns, Reaching safepoint: 1605973 ns, At safepoint: 277987 ns, Total: 1883960 ns
[2020-09-11T14:06:13.880+0000][1][gc,start     ] GC(21) Pause Young (Allocation Failure)
[2020-09-11T14:06:13.880+0000][1][gc,task      ] GC(21) Using 1 workers of 1 for evacuation
[2020-09-11T14:06:13.947+0000][1][gc,age       ] GC(21) Desired survivor size 4358144 bytes, new threshold 2 (max threshold 6)
[2020-09-11T14:06:13.947+0000][1][gc,age       ] GC(21) Age table with threshold 2 (max threshold 6)
[2020-09-11T14:06:13.947+0000][1][gc,age       ] GC(21) - age   1:    1030712 bytes,    1030712 total
[2020-09-11T14:06:13.947+0000][1][gc,age       ] GC(21) - age   2:    3622952 bytes,    4653664 total
[2020-09-11T14:06:13.947+0000][1][gc,heap      ] GC(21) ParNew: 76447K->6865K(76672K)
[2020-09-11T14:06:13.947+0000][1][gc,heap      ] GC(21) CMS: 42001K->42001K(2011968K)
[2020-09-11T14:06:13.947+0000][1][gc,metaspace ] GC(21) Metaspace: 32439K->32439K(1079296K)
[2020-09-11T14:06:13.947+0000][1][gc           ] GC(21) Pause Young (Allocation Failure) 115M->47M(2039M) 67.290ms
[2020-09-11T14:06:13.947+0000][1][gc,cpu       ] GC(21) User=0.04s Sys=0.00s Real=0.07s
[2020-09-11T14:06:13.959+0000][1][safepoint    ] Safepoint "GenCollectForAllocation", Time since last: 684204940 ns, Reaching safepoint: 110851 ns, At safepoint: 79422399 ns, Total: 79533250 ns
[2020-09-11T14:06:14.589+0000][1][gc,start     ] GC(22) Pause Young (Allocation Failure)
[2020-09-11T14:06:14.589+0000][1][gc,task      ] GC(22) Using 1 workers of 1 for evacuation
[2020-09-11T14:06:14.630+0000][1][gc,age       ] GC(22) Desired survivor size 4358144 bytes, new threshold 6 (max threshold 6)
[2020-09-11T14:06:14.630+0000][1][gc,age       ] GC(22) Age table with threshold 6 (max threshold 6)
[2020-09-11T14:06:14.630+0000][1][gc,age       ] GC(22) - age   1:     250400 bytes,     250400 total
[2020-09-11T14:06:14.630+0000][1][gc,age       ] GC(22) - age   2:     438120 bytes,     688520 total
[2020-09-11T14:06:14.630+0000][1][gc,heap      ] GC(22) ParNew: 75025K->4266K(76672K)
[2020-09-11T14:06:14.630+0000][1][gc,heap      ] GC(22) CMS: 42001K->45556K(2011968K)
[2020-09-11T14:06:14.630+0000][1][gc,metaspace ] GC(22) Metaspace: 32451K->32451K(1079296K)
[2020-09-11T14:06:14.630+0000][1][gc           ] GC(22) Pause Young (Allocation Failure) 114M->48M(2039M) 41.026ms
[2020-09-11T14:06:14.630+0000][1][gc,cpu       ] GC(22) User=0.03s Sys=0.00s Real=0.04s
[2020-09-11T14:06:14.641+0000][1][safepoint    ] Safepoint "GenCollectForAllocation", Time since last: 627953416 ns, Reaching safepoint: 1735446 ns, At safepoint: 51522424 ns, Total: 53257870 ns
[2020-09-11T14:06:15.027+0000][1][gc,start     ] GC(23) Pause Young (Allocation Failure)
[2020-09-11T14:06:15.028+0000][1][gc,task      ] GC(23) Using 1 workers of 1 for evacuation
[2020-09-11T14:06:15.052+0000][1][gc,age       ] GC(23) Desired survivor size 4358144 bytes, new threshold 6 (max threshold 6)
[2020-09-11T14:06:15.052+0000][1][gc,age       ] GC(23) Age table with threshold 6 (max threshold 6)
[2020-09-11T14:06:15.052+0000][1][gc,age       ] GC(23) - age   1:        240 bytes,        240 total
[2020-09-11T14:06:15.052+0000][1][gc,age       ] GC(23) - age   2:     250176 bytes,     250416 total
[2020-09-11T14:06:15.052+0000][1][gc,age       ] GC(23) - age   3:     438120 bytes,     688536 total
[2020-09-11T14:06:15.053+0000][1][gc,heap      ] GC(23) ParNew: 72426K->1192K(76672K)
[2020-09-11T14:06:15.053+0000][1][gc,heap      ] GC(23) CMS: 45556K->45556K(2011968K)
[2020-09-11T14:06:15.053+0000][1][gc,metaspace ] GC(23) Metaspace: 32452K->32452K(1079296K)
[2020-09-11T14:06:15.053+0000][1][gc           ] GC(23) Pause Young (Allocation Failure) 115M->45M(2039M) 25.122ms
[2020-09-11T14:06:15.053+0000][1][gc,cpu       ] GC(23) User=0.01s Sys=0.00s Real=0.02s
[2020-09-11T14:06:15.054+0000][1][safepoint    ] Safepoint "GenCollectForAllocation", Time since last: 385646356 ns, Reaching safepoint: 1120435 ns, At safepoint: 26239850 ns, Total: 27360285 ns
[2020-09-11T14:06:15.292+0000][1][gc,start     ] GC(24) Pause Young (Allocation Failure)
[2020-09-11T14:06:15.292+0000][1][gc,task      ] GC(24) Using 1 workers of 1 for evacuation
[2020-09-11T14:06:15.327+0000][1][gc,age       ] GC(24) Desired survivor size 4358144 bytes, new threshold 6 (max threshold 6)
[2020-09-11T14:06:15.327+0000][1][gc,age       ] GC(24) Age table with threshold 6 (max threshold 6)
[2020-09-11T14:06:15.327+0000][1][gc,age       ] GC(24) - age   1:        232 bytes,        232 total
[2020-09-11T14:06:15.327+0000][1][gc,age       ] GC(24) - age   3:     250176 bytes,     250408 total
[2020-09-11T14:06:15.327+0000][1][gc,age       ] GC(24) - age   4:     438120 bytes,     688528 total
[2020-09-11T14:06:15.327+0000][1][gc,heap      ] GC(24) ParNew: 69352K->1100K(76672K)
[2020-09-11T14:06:15.327+0000][1][gc,heap      ] GC(24) CMS: 45556K->45556K(2011968K)
[2020-09-11T14:06:15.327+0000][1][gc,metaspace ] GC(24) Metaspace: 32456K->32456K(1079296K)
[2020-09-11T14:06:15.327+0000][1][gc           ] GC(24) Pause Young (Allocation Failure) 112M->45M(2039M) 35.638ms
[2020-09-11T14:06:15.327+0000][1][gc,cpu       ] GC(24) User=0.02s Sys=0.00s Real=0.04s
[2020-09-11T14:06:15.339+0000][1][safepoint    ] Safepoint "GenCollectForAllocation", Time since last: 237754676 ns, Reaching safepoint: 113344 ns, At safepoint: 47880580 ns, Total: 47993924 ns
[2020-09-11T14:06:15.527+0000][1][gc,start     ] GC(25) Pause Young (Allocation Failure)
[2020-09-11T14:06:15.527+0000][1][gc,task      ] GC(25) Using 1 workers of 1 for evacuation
[2020-09-11T14:06:15.557+0000][1][gc,age       ] GC(25) Desired survivor size 4358144 bytes, new threshold 6 (max threshold 6)
[2020-09-11T14:06:15.557+0000][1][gc,age       ] GC(25) Age table with threshold 6 (max threshold 6)
[2020-09-11T14:06:15.557+0000][1][gc,age       ] GC(25) - age   1:        224 bytes,        224 total
[2020-09-11T14:06:15.557+0000][1][gc,age       ] GC(25) - age   4:     250176 bytes,     250400 total
[2020-09-11T14:06:15.557+0000][1][gc,age       ] GC(25) - age   5:     438120 bytes,     688520 total
[2020-09-11T14:06:15.557+0000][1][gc,heap      ] GC(25) ParNew: 69260K->1283K(76672K)
[2020-09-11T14:06:15.557+0000][1][gc,heap      ] GC(25) CMS: 45556K->45556K(2011968K)
[2020-09-11T14:06:15.557+0000][1][gc,metaspace ] GC(25) Metaspace: 32456K->32456K(1079296K)
[2020-09-11T14:06:15.557+0000][1][gc           ] GC(25) Pause Young (Allocation Failure) 112M->45M(2039M) 30.534ms
[2020-09-11T14:06:15.558+0000][1][gc,cpu       ] GC(25) User=0.01s Sys=0.00s Real=0.03s
[2020-09-11T14:06:15.568+0000][1][safepoint    ] Safepoint "GenCollectForAllocation", Time since last: 187395099 ns, Reaching safepoint: 118309 ns, At safepoint: 40602901 ns, Total: 40721210 ns
[2020-09-11T14:06:15.717+0000][1][gc,start     ] GC(26) Pause Young (Allocation Failure)
[2020-09-11T14:06:15.717+0000][1][gc,task      ] GC(26) Using 1 workers of 1 for evacuation
[2020-09-11T14:06:15.753+0000][1][gc,age       ] GC(26) Desired survivor size 4358144 bytes, new threshold 6 (max threshold 6)
[2020-09-11T14:06:15.753+0000][1][gc,age       ] GC(26) Age table with threshold 6 (max threshold 6)
[2020-09-11T14:06:15.753+0000][1][gc,age       ] GC(26) - age   1:        144 bytes,        144 total
[2020-09-11T14:06:15.753+0000][1][gc,age       ] GC(26) - age   5:     250176 bytes,     250320 total
[2020-09-11T14:06:15.753+0000][1][gc,age       ] GC(26) - age   6:     438120 bytes,     688440 total
[2020-09-11T14:06:15.753+0000][1][gc,heap      ] GC(26) ParNew: 69443K->825K(76672K)
[2020-09-11T14:06:15.753+0000][1][gc,heap      ] GC(26) CMS: 45556K->45556K(2011968K)
[2020-09-11T14:06:15.753+0000][1][gc,metaspace ] GC(26) Metaspace: 32456K->32456K(1079296K)
[2020-09-11T14:06:15.753+0000][1][gc           ] GC(26) Pause Young (Allocation Failure) 112M->45M(2039M) 36.741ms
[2020-09-11T14:06:15.753+0000][1][gc,cpu       ] GC(26) User=0.02s Sys=0.00s Real=0.03s
[2020-09-11T14:06:15.767+0000][1][safepoint    ] Safepoint "GenCollectForAllocation", Time since last: 149061504 ns, Reaching safepoint: 104857 ns, At safepoint: 50706428 ns, Total: 50811285 ns
[2020-09-11T14:06:15.908+0000][1][gc,start     ] GC(27) Pause Young (Allocation Failure)
[2020-09-11T14:06:15.908+0000][1][gc,task      ] GC(27) Using 1 workers of 1 for evacuation
[2020-09-11T14:06:15.946+0000][1][gc,age       ] GC(27) Desired survivor size 4358144 bytes, new threshold 6 (max threshold 6)
[2020-09-11T14:06:15.947+0000][1][gc,age       ] GC(27) Age table with threshold 6 (max threshold 6)
[2020-09-11T14:06:15.947+0000][1][gc,age       ] GC(27) - age   1:        160 bytes,        160 total
[2020-09-11T14:06:15.947+0000][1][gc,age       ] GC(27) - age   6:     250176 bytes,     250336 total
[2020-09-11T14:06:15.947+0000][1][gc,heap      ] GC(27) ParNew: 68985K->607K(76672K)
[2020-09-11T14:06:15.947+0000][1][gc,heap      ] GC(27) CMS: 45556K->45984K(2011968K)
[2020-09-11T14:06:15.947+0000][1][gc,metaspace ] GC(27) Metaspace: 32456K->32456K(1079296K)
[2020-09-11T14:06:15.947+0000][1][gc           ] GC(27) Pause Young (Allocation Failure) 111M->45M(2039M) 39.047ms
[2020-09-11T14:06:15.947+0000][1][gc,cpu       ] GC(27) User=0.02s Sys=0.00s Real=0.04s
[2020-09-11T14:06:15.963+0000][1][safepoint    ] Safepoint "GenCollectForAllocation", Time since last: 140005435 ns, Reaching safepoint: 101948 ns, At safepoint: 55908028 ns, Total: 56009976 ns
[2020-09-11T14:06:16.096+0000][1][gc,start     ] GC(28) Pause Young (Allocation Failure)
[2020-09-11T14:06:16.096+0000][1][gc,task      ] GC(28) Using 1 workers of 1 for evacuation
[2020-09-11T14:06:16.140+0000][1][gc,age       ] GC(28) Desired survivor size 4358144 bytes, new threshold 6 (max threshold 6)
[2020-09-11T14:06:16.140+0000][1][gc,age       ] GC(28) Age table with threshold 6 (max threshold 6)
[2020-09-11T14:06:16.140+0000][1][gc,age       ] GC(28) - age   1:        304 bytes,        304 total
[2020-09-11T14:06:16.140+0000][1][gc,heap      ] GC(28) ParNew: 68767K->243K(76672K)
[2020-09-11T14:06:16.140+0000][1][gc,heap      ] GC(28) CMS: 45984K->46229K(2011968K)
[2020-09-11T14:06:16.140+0000][1][gc,metaspace ] GC(28) Metaspace: 32456K->32456K(1079296K)
[2020-09-11T14:06:16.140+0000][1][gc           ] GC(28) Pause Young (Allocation Failure) 112M->45M(2039M) 44.838ms
[2020-09-11T14:06:16.140+0000][1][gc,cpu       ] GC(28) User=0.02s Sys=0.00s Real=0.04s
[2020-09-11T14:06:16.140+0000][1][safepoint    ] Safepoint "GenCollectForAllocation", Time since last: 132006020 ns, Reaching safepoint: 105578 ns, At safepoint: 44897156 ns, Total: 45002734 ns
[2020-09-11T14:06:16.305+0000][1][gc,start     ] GC(29) Pause Young (Allocation Failure)
[2020-09-11T14:06:16.305+0000][1][gc,task      ] GC(29) Using 1 workers of 1 for evacuation
[2020-09-11T14:06:16.352+0000][1][gc,age       ] GC(29) Desired survivor size 4358144 bytes, new threshold 6 (max threshold 6)
[2020-09-11T14:06:16.352+0000][1][gc,age       ] GC(29) Age table with threshold 6 (max threshold 6)
[2020-09-11T14:06:16.352+0000][1][gc,age       ] GC(29) - age   1:        208 bytes,        208 total
[2020-09-11T14:06:16.352+0000][1][gc,age       ] GC(29) - age   2:         72 bytes,        280 total
[2020-09-11T14:06:16.352+0000][1][gc,heap      ] GC(29) ParNew: 68403K->60K(76672K)
[2020-09-11T14:06:16.352+0000][1][gc,heap      ] GC(29) CMS: 46229K->46229K(2011968K)
[2020-09-11T14:06:16.352+0000][1][gc,metaspace ] GC(29) Metaspace: 32456K->32456K(1079296K)
[2020-09-11T14:06:16.352+0000][1][gc           ] GC(29) Pause Young (Allocation Failure) 111M->45M(2039M) 47.437ms
[2020-09-11T14:06:16.352+0000][1][gc,cpu       ] GC(29) User=0.02s Sys=0.00s Real=0.04s
[2020-09-11T14:06:16.352+0000][1][safepoint    ] Safepoint "GenCollectForAllocation", Time since last: 164027972 ns, Reaching safepoint: 103300 ns, At safepoint: 47496669 ns, Total: 47599969 ns
[2020-09-11T14:06:16.489+0000][1][gc,start     ] GC(30) Pause Young (Allocation Failure)
[2020-09-11T14:06:16.489+0000][1][gc,task      ] GC(30) Using 1 workers of 1 for evacuation
[2020-09-11T14:06:16.523+0000][1][gc,age       ] GC(30) Desired survivor size 4358144 bytes, new threshold 6 (max threshold 6)
[2020-09-11T14:06:16.523+0000][1][gc,age       ] GC(30) Age table with threshold 6 (max threshold 6)
[2020-09-11T14:06:16.523+0000][1][gc,age       ] GC(30) - age   1:        224 bytes,        224 total
[2020-09-11T14:06:16.523+0000][1][gc,age       ] GC(30) - age   3:         72 bytes,        296 total
[2020-09-11T14:06:16.523+0000][1][gc,heap      ] GC(30) ParNew: 68220K->15K(76672K)
[2020-09-11T14:06:16.523+0000][1][gc,heap      ] GC(30) CMS: 46229K->46229K(2011968K)
[2020-09-11T14:06:16.523+0000][1][gc,metaspace ] GC(30) Metaspace: 32456K->32456K(1079296K)
[2020-09-11T14:06:16.523+0000][1][gc           ] GC(30) Pause Young (Allocation Failure) 111M->45M(2039M) 34.467ms
[2020-09-11T14:06:16.523+0000][1][gc,cpu       ] GC(30) User=0.02s Sys=0.00s Real=0.03s
[2020-09-11T14:06:16.535+0000][1][safepoint    ] Safepoint "GenCollectForAllocation", Time since last: 136558583 ns, Reaching safepoint: 97375 ns, At safepoint: 46703510 ns, Total: 46800885 ns
[2020-09-11T14:06:16.676+0000][1][gc,start     ] GC(31) Pause Young (Allocation Failure)
[2020-09-11T14:06:16.676+0000][1][gc,task      ] GC(31) Using 1 workers of 1 for evacuation
[2020-09-11T14:06:16.699+0000][1][gc,age       ] GC(31) Desired survivor size 4358144 bytes, new threshold 6 (max threshold 6)
[2020-09-11T14:06:16.700+0000][1][gc,age       ] GC(31) Age table with threshold 6 (max threshold 6)
[2020-09-11T14:06:16.700+0000][1][gc,age       ] GC(31) - age   1:        176 bytes,        176 total
[2020-09-11T14:06:16.700+0000][1][gc,age       ] GC(31) - age   4:         72 bytes,        248 total
[2020-09-11T14:06:16.700+0000][1][gc,heap      ] GC(31) ParNew: 68175K->3K(76672K)
[2020-09-11T14:06:16.700+0000][1][gc,heap      ] GC(31) CMS: 46229K->46229K(2011968K)
[2020-09-11T14:06:16.700+0000][1][gc,metaspace ] GC(31) Metaspace: 32456K->32456K(1079296K)
[2020-09-11T14:06:16.700+0000][1][gc           ] GC(31) Pause Young (Allocation Failure) 111M->45M(2039M) 24.044ms
[2020-09-11T14:06:16.700+0000][1][gc,cpu       ] GC(31) User=0.01s Sys=0.00s Real=0.02s
[2020-09-11T14:06:16.703+0000][1][safepoint    ] Safepoint "GenCollectForAllocation", Time since last: 139991342 ns, Reaching safepoint: 103741 ns, At safepoint: 27652996 ns, Total: 27756737 ns
[2020-09-11T14:06:16.831+0000][1][gc,start     ] GC(32) Pause Young (Allocation Failure)
[2020-09-11T14:06:16.832+0000][1][gc,task      ] GC(32) Using 1 workers of 1 for evacuation
[2020-09-11T14:06:16.855+0000][1][gc,age       ] GC(32) Desired survivor size 4358144 bytes, new threshold 6 (max threshold 6)
[2020-09-11T14:06:16.855+0000][1][gc,age       ] GC(32) Age table with threshold 6 (max threshold 6)
[2020-09-11T14:06:16.855+0000][1][gc,age       ] GC(32) - age   1:        224 bytes,        224 total
[2020-09-11T14:06:16.855+0000][1][gc,age       ] GC(32) - age   5:         72 bytes,        296 total
[2020-09-11T14:06:16.855+0000][1][gc,heap      ] GC(32) ParNew: 68163K->2K(76672K)
[2020-09-11T14:06:16.855+0000][1][gc,heap      ] GC(32) CMS: 46229K->46229K(2011968K)
[2020-09-11T14:06:16.855+0000][1][gc,metaspace ] GC(32) Metaspace: 32456K->32456K(1079296K)
[2020-09-11T14:06:16.855+0000][1][gc           ] GC(32) Pause Young (Allocation Failure) 111M->45M(2039M) 23.207ms
[2020-09-11T14:06:16.855+0000][1][gc,cpu       ] GC(32) User=0.02s Sys=0.00s Real=0.02s
[2020-09-11T14:06:16.855+0000][1][safepoint    ] Safepoint "GenCollectForAllocation", Time since last: 126096129 ns, Reaching safepoint: 2161106 ns, At safepoint: 23276456 ns, Total: 25437562 ns
[2020-09-11T14:06:16.930+0000][1][gc,start     ] GC(33) Pause Young (Allocation Failure)
[2020-09-11T14:06:16.930+0000][1][gc,task      ] GC(33) Using 1 workers of 1 for evacuation
[2020-09-11T14:06:16.951+0000][1][gc,age       ] GC(33) Desired survivor size 4358144 bytes, new threshold 6 (max threshold 6)
[2020-09-11T14:06:16.951+0000][1][gc,age       ] GC(33) Age table with threshold 6 (max threshold 6)
[2020-09-11T14:06:16.951+0000][1][gc,age       ] GC(33) - age   1:        176 bytes,        176 total
[2020-09-11T14:06:16.951+0000][1][gc,age       ] GC(33) - age   6:         72 bytes,        248 total
[2020-09-11T14:06:16.951+0000][1][gc,heap      ] GC(33) ParNew: 68162K->2K(76672K)
[2020-09-11T14:06:16.951+0000][1][gc,heap      ] GC(33) CMS: 46229K->46229K(2011968K)
[2020-09-11T14:06:16.951+0000][1][gc,metaspace ] GC(33) Metaspace: 32456K->32456K(1079296K)
[2020-09-11T14:06:16.951+0000][1][gc           ] GC(33) Pause Young (Allocation Failure) 111M->45M(2039M) 21.041ms
[2020-09-11T14:06:16.951+0000][1][gc,cpu       ] GC(33) User=0.01s Sys=0.00s Real=0.02s
[2020-09-11T14:06:16.951+0000][1][safepoint    ] Safepoint "GenCollectForAllocation", Time since last: 72717940 ns, Reaching safepoint: 2324641 ns, At safepoint: 21108421 ns, Total: 23433062 ns
[2020-09-11T14:06:17.968+0000][1][safepoint    ] Safepoint "Cleanup", Time since last: 1016552312 ns, Reaching safepoint: 133283 ns, At safepoint: 5351 ns, Total: 138634 ns
[2020-09-11T14:06:20.976+0000][1][safepoint    ] Safepoint "Cleanup", Time since last: 3007848415 ns, Reaching safepoint: 120659 ns, At safepoint: 6551 ns, Total: 127210 ns
[2020-09-11T14:06:21.317+0000][1][gc,start     ] GC(34) Pause Young (Allocation Failure)
[2020-09-11T14:06:21.317+0000][1][gc,task      ] GC(34) Using 1 workers of 1 for evacuation
[2020-09-11T14:06:21.353+0000][1][gc,age       ] GC(34) Desired survivor size 4358144 bytes, new threshold 6 (max threshold 6)
[2020-09-11T14:06:21.353+0000][1][gc,age       ] GC(34) Age table with threshold 6 (max threshold 6)
[2020-09-11T14:06:21.353+0000][1][gc,age       ] GC(34) - age   1:     277000 bytes,     277000 total
[2020-09-11T14:06:21.353+0000][1][gc,heap      ] GC(34) ParNew: 68162K->271K(76672K)
[2020-09-11T14:06:21.353+0000][1][gc,heap      ] GC(34) CMS: 46229K->46229K(2011968K)
[2020-09-11T14:06:21.353+0000][1][gc,metaspace ] GC(34) Metaspace: 32476K->32476K(1079296K)
[2020-09-11T14:06:21.353+0000][1][gc           ] GC(34) Pause Young (Allocation Failure) 111M->45M(2039M) 35.857ms
[2020-09-11T14:06:21.353+0000][1][gc,cpu       ] GC(34) User=0.02s Sys=0.00s Real=0.03s
[2020-09-11T14:06:21.359+0000][1][safepoint    ] Safepoint "GenCollectForAllocation", Time since last: 341642559 ns, Reaching safepoint: 97709 ns, At safepoint: 42149522 ns, Total: 42247231 ns
[2020-09-11T14:06:22.260+0000][1][gc,start     ] GC(35) Pause Young (Allocation Failure)
[2020-09-11T14:06:22.260+0000][1][gc,task      ] GC(35) Using 1 workers of 1 for evacuation
[2020-09-11T14:06:22.288+0000][1][gc,age       ] GC(35) Desired survivor size 4358144 bytes, new threshold 6 (max threshold 6)
[2020-09-11T14:06:22.288+0000][1][gc,age       ] GC(35) Age table with threshold 6 (max threshold 6)
[2020-09-11T14:06:22.288+0000][1][gc,age       ] GC(35) - age   1:     510856 bytes,     510856 total
[2020-09-11T14:06:22.288+0000][1][gc,age       ] GC(35) - age   2:     184048 bytes,     694904 total
[2020-09-11T14:06:22.288+0000][1][gc,heap      ] GC(35) ParNew: 68431K->682K(76672K)
[2020-09-11T14:06:22.288+0000][1][gc,heap      ] GC(35) CMS: 46229K->46229K(2011968K)
[2020-09-11T14:06:22.288+0000][1][gc,metaspace ] GC(35) Metaspace: 32476K->32476K(1079296K)
[2020-09-11T14:06:22.288+0000][1][gc           ] GC(35) Pause Young (Allocation Failure) 111M->45M(2039M) 28.199ms
[2020-09-11T14:06:22.288+0000][1][gc,cpu       ] GC(35) User=0.01s Sys=0.00s Real=0.03s
[2020-09-11T14:06:22.293+0000][1][safepoint    ] Safepoint "GenCollectForAllocation", Time since last: 900014535 ns, Reaching safepoint: 101723 ns, At safepoint: 33788565 ns, Total: 33890288 ns
[2020-09-11T14:06:22.920+0000][1][gc,start     ] GC(36) Pause Young (Allocation Failure)
[2020-09-11T14:06:22.920+0000][1][gc,task      ] GC(36) Using 1 workers of 1 for evacuation
[2020-09-11T14:06:22.968+0000][1][gc,age       ] GC(36) Desired survivor size 4358144 bytes, new threshold 6 (max threshold 6)
[2020-09-11T14:06:22.968+0000][1][gc,age       ] GC(36) Age table with threshold 6 (max threshold 6)
[2020-09-11T14:06:22.968+0000][1][gc,age       ] GC(36) - age   1:     641624 bytes,     641624 total
[2020-09-11T14:06:22.968+0000][1][gc,age       ] GC(36) - age   2:     339856 bytes,     981480 total
[2020-09-11T14:06:22.968+0000][1][gc,age       ] GC(36) - age   3:     183328 bytes,    1164808 total
[2020-09-11T14:06:22.968+0000][1][gc,heap      ] GC(36) ParNew: 68842K->1178K(76672K)
[2020-09-11T14:06:22.968+0000][1][gc,heap      ] GC(36) CMS: 46229K->46229K(2011968K)
[2020-09-11T14:06:22.968+0000][1][gc,metaspace ] GC(36) Metaspace: 32477K->32477K(1079296K)
[2020-09-11T14:06:22.968+0000][1][gc           ] GC(36) Pause Young (Allocation Failure) 112M->46M(2039M) 48.154ms
[2020-09-11T14:06:22.968+0000][1][gc,cpu       ] GC(36) User=0.03s Sys=0.00s Real=0.05s
[2020-09-11T14:06:22.971+0000][1][safepoint    ] Safepoint "GenCollectForAllocation", Time since last: 626088964 ns, Reaching safepoint: 97856 ns, At safepoint: 51896821 ns, Total: 51994677 ns
[2020-09-11T14:06:23.668+0000][1][gc,start     ] GC(37) Pause Young (Allocation Failure)
[2020-09-11T14:06:23.668+0000][1][gc,task      ] GC(37) Using 1 workers of 1 for evacuation
[2020-09-11T14:06:23.716+0000][1][gc,age       ] GC(37) Desired survivor size 4358144 bytes, new threshold 6 (max threshold 6)
[2020-09-11T14:06:23.716+0000][1][gc,age       ] GC(37) Age table with threshold 6 (max threshold 6)
[2020-09-11T14:06:23.716+0000][1][gc,age       ] GC(37) - age   1:     621152 bytes,     621152 total
[2020-09-11T14:06:23.716+0000][1][gc,age       ] GC(37) - age   2:     301488 bytes,     922640 total
[2020-09-11T14:06:23.716+0000][1][gc,age       ] GC(37) - age   3:     339672 bytes,    1262312 total
[2020-09-11T14:06:23.716+0000][1][gc,age       ] GC(37) - age   4:     183024 bytes,    1445336 total
[2020-09-11T14:06:23.716+0000][1][gc,heap      ] GC(37) ParNew: 69338K->1411K(76672K)
[2020-09-11T14:06:23.716+0000][1][gc,heap      ] GC(37) CMS: 46229K->46229K(2011968K)
[2020-09-11T14:06:23.716+0000][1][gc,metaspace ] GC(37) Metaspace: 32478K->32478K(1079296K)
[2020-09-11T14:06:23.716+0000][1][gc           ] GC(37) Pause Young (Allocation Failure) 112M->46M(2039M) 48.410ms
[2020-09-11T14:06:23.716+0000][1][gc,cpu       ] GC(37) User=0.03s Sys=0.00s Real=0.05s
[2020-09-11T14:06:23.716+0000][1][safepoint    ] Safepoint "GenCollectForAllocation", Time since last: 696002121 ns, Reaching safepoint: 110557 ns, At safepoint: 48481975 ns, Total: 48592532 ns
[2020-09-11T14:06:24.452+0000][1][gc,start     ] GC(38) Pause Young (Allocation Failure)
[2020-09-11T14:06:24.452+0000][1][gc,task      ] GC(38) Using 1 workers of 1 for evacuation
[2020-09-11T14:06:24.496+0000][1][gc,age       ] GC(38) Desired survivor size 4358144 bytes, new threshold 6 (max threshold 6)
[2020-09-11T14:06:24.496+0000][1][gc,age       ] GC(38) Age table with threshold 6 (max threshold 6)
[2020-09-11T14:06:24.496+0000][1][gc,age       ] GC(38) - age   1:     968376 bytes,     968376 total
[2020-09-11T14:06:24.496+0000][1][gc,age       ] GC(38) - age   2:     264672 bytes,    1233048 total
[2020-09-11T14:06:24.496+0000][1][gc,age       ] GC(38) - age   3:     297464 bytes,    1530512 total
[2020-09-11T14:06:24.496+0000][1][gc,age       ] GC(38) - age   4:     339592 bytes,    1870104 total
[2020-09-11T14:06:24.496+0000][1][gc,age       ] GC(38) - age   5:     182920 bytes,    2053024 total
[2020-09-11T14:06:24.496+0000][1][gc,heap      ] GC(38) ParNew: 69571K->2005K(76672K)
[2020-09-11T14:06:24.496+0000][1][gc,heap      ] GC(38) CMS: 46229K->46229K(2011968K)
[2020-09-11T14:06:24.496+0000][1][gc,metaspace ] GC(38) Metaspace: 32478K->32478K(1079296K)
[2020-09-11T14:06:24.496+0000][1][gc           ] GC(38) Pause Young (Allocation Failure) 113M->47M(2039M) 44.333ms
[2020-09-11T14:06:24.496+0000][1][gc,cpu       ] GC(38) User=0.02s Sys=0.00s Real=0.05s
[2020-09-11T14:06:24.496+0000][1][safepoint    ] Safepoint "GenCollectForAllocation", Time since last: 735418896 ns, Reaching safepoint: 120876 ns, At safepoint: 44411564 ns, Total: 44532440 ns
[2020-09-11T14:06:25.007+0000][1][gc,start     ] GC(39) Pause Young (Allocation Failure)
[2020-09-11T14:06:25.008+0000][1][gc,task      ] GC(39) Using 1 workers of 1 for evacuation
[2020-09-11T14:06:25.032+0000][1][gc,age       ] GC(39) Desired survivor size 4358144 bytes, new threshold 6 (max threshold 6)
[2020-09-11T14:06:25.032+0000][1][gc,age       ] GC(39) Age table with threshold 6 (max threshold 6)
[2020-09-11T14:06:25.032+0000][1][gc,age       ] GC(39) - age   1:     312088 bytes,     312088 total
[2020-09-11T14:06:25.032+0000][1][gc,age       ] GC(39) - age   2:     955400 bytes,    1267488 total
[2020-09-11T14:06:25.032+0000][1][gc,age       ] GC(39) - age   3:     263336 bytes,    1530824 total
[2020-09-11T14:06:25.032+0000][1][gc,age       ] GC(39) - age   4:     296976 bytes,    1827800 total
[2020-09-11T14:06:25.032+0000][1][gc,age       ] GC(39) - age   5:     339256 bytes,    2167056 total
[2020-09-11T14:06:25.032+0000][1][gc,age       ] GC(39) - age   6:     182880 bytes,    2349936 total
[2020-09-11T14:06:25.032+0000][1][gc,heap      ] GC(39) ParNew: 70165K->2337K(76672K)
[2020-09-11T14:06:25.032+0000][1][gc,heap      ] GC(39) CMS: 46229K->46229K(2011968K)
[2020-09-11T14:06:25.032+0000][1][gc,metaspace ] GC(39) Metaspace: 32478K->32478K(1079296K)
[2020-09-11T14:06:25.032+0000][1][gc           ] GC(39) Pause Young (Allocation Failure) 113M->47M(2039M) 24.578ms
[2020-09-11T14:06:25.032+0000][1][gc,cpu       ] GC(39) User=0.01s Sys=0.00s Real=0.02s
[2020-09-11T14:06:25.042+0000][1][safepoint    ] Safepoint "GenCollectForAllocation", Time since last: 510305618 ns, Reaching safepoint: 1169902 ns, At safepoint: 34243343 ns, Total: 35413245 ns
[2020-09-11T14:06:25.103+0000][1][safepoint    ] Safepoint "RevokeBias", Time since last: 58195928 ns, Reaching safepoint: 3581841 ns, At safepoint: 46230 ns, Total: 3628071 ns
[2020-09-11T14:06:25.104+0000][1][safepoint    ] Safepoint "RevokeBias", Time since last: 751713 ns, Reaching safepoint: 91679 ns, At safepoint: 21528 ns, Total: 113207 ns
[2020-09-11T14:06:25.486+0000][1][gc,start     ] GC(40) Pause Young (Allocation Failure)
[2020-09-11T14:06:25.486+0000][1][gc,task      ] GC(40) Using 1 workers of 1 for evacuation
[2020-09-11T14:06:25.530+0000][1][gc,age       ] GC(40) Desired survivor size 4358144 bytes, new threshold 6 (max threshold 6)
[2020-09-11T14:06:25.530+0000][1][gc,age       ] GC(40) Age table with threshold 6 (max threshold 6)
[2020-09-11T14:06:25.530+0000][1][gc,age       ] GC(40) - age   1:     346520 bytes,     346520 total
[2020-09-11T14:06:25.530+0000][1][gc,age       ] GC(40) - age   2:     303040 bytes,     649560 total
[2020-09-11T14:06:25.530+0000][1][gc,age       ] GC(40) - age   3:     955072 bytes,    1604632 total
[2020-09-11T14:06:25.530+0000][1][gc,age       ] GC(40) - age   4:     263232 bytes,    1867864 total
[2020-09-11T14:06:25.530+0000][1][gc,age       ] GC(40) - age   5:     296856 bytes,    2164720 total
[2020-09-11T14:06:25.530+0000][1][gc,age       ] GC(40) - age   6:     339256 bytes,    2503976 total
[2020-09-11T14:06:25.530+0000][1][gc,heap      ] GC(40) ParNew: 70497K->2473K(76672K)
[2020-09-11T14:06:25.530+0000][1][gc,heap      ] GC(40) CMS: 46229K->46405K(2011968K)
[2020-09-11T14:06:25.530+0000][1][gc,metaspace ] GC(40) Metaspace: 32481K->32481K(1079296K)
[2020-09-11T14:06:25.530+0000][1][gc           ] GC(40) Pause Young (Allocation Failure) 113M->47M(2039M) 44.633ms
[2020-09-11T14:06:25.530+0000][1][gc,cpu       ] GC(40) User=0.02s Sys=0.00s Real=0.04s
[2020-09-11T14:06:25.530+0000][1][safepoint    ] Safepoint "GenCollectForAllocation", Time since last: 381218114 ns, Reaching safepoint: 133704 ns, At safepoint: 44719067 ns, Total: 44852771 ns
[2020-09-11T14:06:25.648+0000][1][gc,start     ] GC(41) Pause Young (Allocation Failure)
[2020-09-11T14:06:25.648+0000][1][gc,task      ] GC(41) Using 1 workers of 1 for evacuation
[2020-09-11T14:06:25.669+0000][1][gc,age       ] GC(41) Desired survivor size 4358144 bytes, new threshold 6 (max threshold 6)
[2020-09-11T14:06:25.670+0000][1][gc,age       ] GC(41) Age table with threshold 6 (max threshold 6)
[2020-09-11T14:06:25.670+0000][1][gc,age       ] GC(41) - age   1:        384 bytes,        384 total
[2020-09-11T14:06:25.670+0000][1][gc,age       ] GC(41) - age   2:     346224 bytes,     346608 total
[2020-09-11T14:06:25.670+0000][1][gc,age       ] GC(41) - age   3:     303040 bytes,     649648 total
[2020-09-11T14:06:25.670+0000][1][gc,age       ] GC(41) - age   4:     955072 bytes,    1604720 total
[2020-09-11T14:06:25.670+0000][1][gc,age       ] GC(41) - age   5:     263232 bytes,    1867952 total
[2020-09-11T14:06:25.670+0000][1][gc,age       ] GC(41) - age   6:     296856 bytes,    2164808 total
[2020-09-11T14:06:25.670+0000][1][gc,heap      ] GC(41) ParNew: 70633K->2116K(76672K)
[2020-09-11T14:06:25.670+0000][1][gc,heap      ] GC(41) CMS: 46405K->46736K(2011968K)
[2020-09-11T14:06:25.670+0000][1][gc,metaspace ] GC(41) Metaspace: 32481K->32481K(1079296K)
[2020-09-11T14:06:25.670+0000][1][gc           ] GC(41) Pause Young (Allocation Failure) 114M->47M(2039M) 21.434ms
[2020-09-11T14:06:25.670+0000][1][gc,cpu       ] GC(41) User=0.01s Sys=0.00s Real=0.02s
[2020-09-11T14:06:25.673+0000][1][safepoint    ] Safepoint "GenCollectForAllocation", Time since last: 117612087 ns, Reaching safepoint: 106679 ns, At safepoint: 24485821 ns, Total: 24592500 ns
[2020-09-11T14:06:25.787+0000][1][gc,start     ] GC(42) Pause Young (Allocation Failure)
[2020-09-11T14:06:25.788+0000][1][gc,task      ] GC(42) Using 1 workers of 1 for evacuation
[2020-09-11T14:06:25.803+0000][1][gc,age       ] GC(42) Desired survivor size 4358144 bytes, new threshold 6 (max threshold 6)
[2020-09-11T14:06:25.803+0000][1][gc,age       ] GC(42) Age table with threshold 6 (max threshold 6)
[2020-09-11T14:06:25.803+0000][1][gc,age       ] GC(42) - age   1:        184 bytes,        184 total
[2020-09-11T14:06:25.803+0000][1][gc,age       ] GC(42) - age   2:        160 bytes,        344 total
[2020-09-11T14:06:25.803+0000][1][gc,age       ] GC(42) - age   3:     346224 bytes,     346568 total
[2020-09-11T14:06:25.803+0000][1][gc,age       ] GC(42) - age   4:     303040 bytes,     649608 total
[2020-09-11T14:06:25.803+0000][1][gc,age       ] GC(42) - age   5:     955072 bytes,    1604680 total
[2020-09-11T14:06:25.803+0000][1][gc,age       ] GC(42) - age   6:     263232 bytes,    1867912 total
[2020-09-11T14:06:25.803+0000][1][gc,heap      ] GC(42) ParNew: 70276K->1998K(76672K)
[2020-09-11T14:06:25.803+0000][1][gc,heap      ] GC(42) CMS: 46736K->47026K(2011968K)
[2020-09-11T14:06:25.803+0000][1][gc,metaspace ] GC(42) Metaspace: 32481K->32481K(1079296K)
[2020-09-11T14:06:25.803+0000][1][gc           ] GC(42) Pause Young (Allocation Failure) 114M->47M(2039M) 15.700ms
[2020-09-11T14:06:25.803+0000][1][gc,cpu       ] GC(42) User=0.01s Sys=0.00s Real=0.01s
[2020-09-11T14:06:25.807+0000][1][safepoint    ] Safepoint "GenCollectForAllocation", Time since last: 110399479 ns, Reaching safepoint: 4397207 ns, At safepoint: 19998488 ns, Total: 24395695 ns
[2020-09-11T14:06:25.922+0000][1][gc,start     ] GC(43) Pause Young (Allocation Failure)
[2020-09-11T14:06:25.922+0000][1][gc,task      ] GC(43) Using 1 workers of 1 for evacuation
[2020-09-11T14:06:25.945+0000][1][gc,age       ] GC(43) Desired survivor size 4358144 bytes, new threshold 6 (max threshold 6)
[2020-09-11T14:06:25.945+0000][1][gc,age       ] GC(43) Age table with threshold 6 (max threshold 6)
[2020-09-11T14:06:25.945+0000][1][gc,age       ] GC(43) - age   1:         80 bytes,         80 total
[2020-09-11T14:06:25.945+0000][1][gc,age       ] GC(43) - age   3:        160 bytes,        240 total
[2020-09-11T14:06:25.945+0000][1][gc,age       ] GC(43) - age   4:     346224 bytes,     346464 total
[2020-09-11T14:06:25.945+0000][1][gc,age       ] GC(43) - age   5:     303040 bytes,     649504 total
[2020-09-11T14:06:25.945+0000][1][gc,age       ] GC(43) - age   6:     955072 bytes,    1604576 total
[2020-09-11T14:06:25.945+0000][1][gc,heap      ] GC(43) ParNew: 70158K->1579K(76672K)
[2020-09-11T14:06:25.945+0000][1][gc,heap      ] GC(43) CMS: 47026K->47283K(2011968K)
[2020-09-11T14:06:25.945+0000][1][gc,metaspace ] GC(43) Metaspace: 32481K->32481K(1079296K)
[2020-09-11T14:06:25.945+0000][1][gc           ] GC(43) Pause Young (Allocation Failure) 114M->47M(2039M) 23.533ms
[2020-09-11T14:06:25.945+0000][1][gc,cpu       ] GC(43) User=0.01s Sys=0.00s Real=0.03s
[2020-09-11T14:06:25.945+0000][1][safepoint    ] Safepoint "GenCollectForAllocation", Time since last: 114092150 ns, Reaching safepoint: 105618 ns, At safepoint: 23617183 ns, Total: 23722801 ns
[2020-09-11T14:06:26.061+0000][1][gc,start     ] GC(44) Pause Young (Allocation Failure)
[2020-09-11T14:06:26.061+0000][1][gc,task      ] GC(44) Using 1 workers of 1 for evacuation
[2020-09-11T14:06:26.086+0000][1][gc,age       ] GC(44) Desired survivor size 4358144 bytes, new threshold 6 (max threshold 6)
[2020-09-11T14:06:26.086+0000][1][gc,age       ] GC(44) Age table with threshold 6 (max threshold 6)
[2020-09-11T14:06:26.086+0000][1][gc,age       ] GC(44) - age   4:        160 bytes,        160 total
[2020-09-11T14:06:26.086+0000][1][gc,age       ] GC(44) - age   5:     346224 bytes,     346384 total
[2020-09-11T14:06:26.086+0000][1][gc,age       ] GC(44) - age   6:     303040 bytes,     649424 total
[2020-09-11T14:06:26.086+0000][1][gc,heap      ] GC(44) ParNew: 69739K->648K(76672K)
[2020-09-11T14:06:26.086+0000][1][gc,heap      ] GC(44) CMS: 47283K->48216K(2011968K)
[2020-09-11T14:06:26.086+0000][1][gc,metaspace ] GC(44) Metaspace: 32481K->32481K(1079296K)
[2020-09-11T14:06:26.086+0000][1][gc           ] GC(44) Pause Young (Allocation Failure) 114M->47M(2039M) 24.632ms
[2020-09-11T14:06:26.086+0000][1][gc,cpu       ] GC(44) User=0.01s Sys=0.00s Real=0.03s
[2020-09-11T14:06:26.086+0000][1][safepoint    ] Safepoint "GenCollectForAllocation", Time since last: 115731201 ns, Reaching safepoint: 106296 ns, At safepoint: 24689985 ns, Total: 24796281 ns
[2020-09-11T14:06:26.198+0000][1][gc,start     ] GC(45) Pause Young (Allocation Failure)
[2020-09-11T14:06:26.198+0000][1][gc,task      ] GC(45) Using 1 workers of 1 for evacuation
[2020-09-11T14:06:26.227+0000][1][gc,age       ] GC(45) Desired survivor size 4358144 bytes, new threshold 6 (max threshold 6)
[2020-09-11T14:06:26.227+0000][1][gc,age       ] GC(45) Age table with threshold 6 (max threshold 6)
[2020-09-11T14:06:26.227+0000][1][gc,age       ] GC(45) - age   1:        224 bytes,        224 total
[2020-09-11T14:06:26.227+0000][1][gc,age       ] GC(45) - age   5:        160 bytes,        384 total
[2020-09-11T14:06:26.227+0000][1][gc,age       ] GC(45) - age   6:     346224 bytes,     346608 total
[2020-09-11T14:06:26.227+0000][1][gc,heap      ] GC(45) ParNew: 68808K->341K(76672K)
[2020-09-11T14:06:26.227+0000][1][gc,heap      ] GC(45) CMS: 48216K->48512K(2011968K)
[2020-09-11T14:06:26.227+0000][1][gc,metaspace ] GC(45) Metaspace: 32481K->32481K(1079296K)
[2020-09-11T14:06:26.227+0000][1][gc           ] GC(45) Pause Young (Allocation Failure) 114M->47M(2039M) 28.947ms
[2020-09-11T14:06:26.227+0000][1][gc,cpu       ] GC(45) User=0.01s Sys=0.00s Real=0.03s
[2020-09-11T14:06:26.231+0000][1][safepoint    ] Safepoint "GenCollectForAllocation", Time since last: 112162880 ns, Reaching safepoint: 103212 ns, At safepoint: 33392137 ns, Total: 33495349 ns
[2020-09-11T14:06:26.380+0000][1][gc,start     ] GC(46) Pause Young (Allocation Failure)
[2020-09-11T14:06:26.380+0000][1][gc,task      ] GC(46) Using 1 workers of 1 for evacuation
[2020-09-11T14:06:26.399+0000][1][gc,age       ] GC(46) Desired survivor size 4358144 bytes, new threshold 6 (max threshold 6)
[2020-09-11T14:06:26.399+0000][1][gc,age       ] GC(46) Age table with threshold 6 (max threshold 6)
[2020-09-11T14:06:26.399+0000][1][gc,age       ] GC(46) - age   1:        120 bytes,        120 total
[2020-09-11T14:06:26.399+0000][1][gc,age       ] GC(46) - age   6:        160 bytes,        280 total
[2020-09-11T14:06:26.399+0000][1][gc,heap      ] GC(46) ParNew: 68501K->307K(76672K)
[2020-09-11T14:06:26.399+0000][1][gc,heap      ] GC(46) CMS: 48512K->48850K(2011968K)
[2020-09-11T14:06:26.399+0000][1][gc,metaspace ] GC(46) Metaspace: 32481K->32481K(1079296K)
[2020-09-11T14:06:26.399+0000][1][gc           ] GC(46) Pause Young (Allocation Failure) 114M->48M(2039M) 19.582ms
[2020-09-11T14:06:26.399+0000][1][gc,cpu       ] GC(46) User=0.01s Sys=0.00s Real=0.02s
[2020-09-11T14:06:26.399+0000][1][safepoint    ] Safepoint "GenCollectForAllocation", Time since last: 148078825 ns, Reaching safepoint: 121607 ns, At safepoint: 19691952 ns, Total: 19813559 ns
[2020-09-11T14:06:26.516+0000][1][gc,start     ] GC(47) Pause Young (Allocation Failure)
[2020-09-11T14:06:26.516+0000][1][gc,task      ] GC(47) Using 1 workers of 1 for evacuation
[2020-09-11T14:06:26.534+0000][1][gc,age       ] GC(47) Desired survivor size 4358144 bytes, new threshold 6 (max threshold 6)
[2020-09-11T14:06:26.534+0000][1][gc,age       ] GC(47) Age table with threshold 6 (max threshold 6)
[2020-09-11T14:06:26.534+0000][1][gc,age       ] GC(47) - age   1:        248 bytes,        248 total
[2020-09-11T14:06:26.535+0000][1][gc,heap      ] GC(47) ParNew: 68467K->76K(76672K)
[2020-09-11T14:06:26.535+0000][1][gc,heap      ] GC(47) CMS: 48850K->48851K(2011968K)
[2020-09-11T14:06:26.535+0000][1][gc,metaspace ] GC(47) Metaspace: 32481K->32481K(1079296K)
[2020-09-11T14:06:26.535+0000][1][gc           ] GC(47) Pause Young (Allocation Failure) 114M->47M(2039M) 19.029ms
[2020-09-11T14:06:26.535+0000][1][gc,cpu       ] GC(47) User=0.01s Sys=0.00s Real=0.01s
[2020-09-11T14:06:26.539+0000][1][safepoint    ] Safepoint "GenCollectForAllocation", Time since last: 116087210 ns, Reaching safepoint: 103330 ns, At safepoint: 23897091 ns, Total: 24000421 ns
[2020-09-11T14:06:26.652+0000][1][gc,start     ] GC(48) Pause Young (Allocation Failure)
[2020-09-11T14:06:26.652+0000][1][gc,task      ] GC(48) Using 1 workers of 1 for evacuation
[2020-09-11T14:06:26.673+0000][1][gc,age       ] GC(48) Desired survivor size 4358144 bytes, new threshold 6 (max threshold 6)
[2020-09-11T14:06:26.673+0000][1][gc,age       ] GC(48) Age table with threshold 6 (max threshold 6)
[2020-09-11T14:06:26.673+0000][1][gc,age       ] GC(48) - age   1:        224 bytes,        224 total
[2020-09-11T14:06:26.673+0000][1][gc,heap      ] GC(48) ParNew: 68236K->19K(76672K)
[2020-09-11T14:06:26.674+0000][1][gc,heap      ] GC(48) CMS: 48851K->48851K(2011968K)
[2020-09-11T14:06:26.674+0000][1][gc,metaspace ] GC(48) Metaspace: 32481K->32481K(1079296K)
[2020-09-11T14:06:26.674+0000][1][gc           ] GC(48) Pause Young (Allocation Failure) 114M->47M(2039M) 22.014ms
[2020-09-11T14:06:26.674+0000][1][gc,cpu       ] GC(48) User=0.02s Sys=0.00s Real=0.02s
[2020-09-11T14:06:26.674+0000][1][safepoint    ] Safepoint "GenCollectForAllocation", Time since last: 112000088 ns, Reaching safepoint: 101479 ns, At safepoint: 22081867 ns, Total: 22183346 ns
[2020-09-11T14:06:26.788+0000][1][gc,start     ] GC(49) Pause Young (Allocation Failure)
[2020-09-11T14:06:26.788+0000][1][gc,task      ] GC(49) Using 1 workers of 1 for evacuation
[2020-09-11T14:06:26.807+0000][1][gc,age       ] GC(49) Desired survivor size 4358144 bytes, new threshold 6 (max threshold 6)
[2020-09-11T14:06:26.807+0000][1][gc,age       ] GC(49) Age table with threshold 6 (max threshold 6)
[2020-09-11T14:06:26.807+0000][1][gc,age       ] GC(49) - age   1:        152 bytes,        152 total
[2020-09-11T14:06:26.807+0000][1][gc,heap      ] GC(49) ParNew: 68179K->4K(76672K)
[2020-09-11T14:06:26.807+0000][1][gc,heap      ] GC(49) CMS: 48851K->48851K(2011968K)
[2020-09-11T14:06:26.807+0000][1][gc,metaspace ] GC(49) Metaspace: 32481K->32481K(1079296K)
[2020-09-11T14:06:26.807+0000][1][gc           ] GC(49) Pause Young (Allocation Failure) 114M->47M(2039M) 19.441ms
[2020-09-11T14:06:26.807+0000][1][gc,cpu       ] GC(49) User=0.01s Sys=0.00s Real=0.02s
[2020-09-11T14:06:26.810+0000][1][safepoint    ] Safepoint "GenCollectForAllocation", Time since last: 113901623 ns, Reaching safepoint: 105095 ns, At safepoint: 22497831 ns, Total: 22602926 ns
[2020-09-11T14:06:27.820+0000][1][safepoint    ] Safepoint "Cleanup", Time since last: 1009358344 ns, Reaching safepoint: 103993 ns, At safepoint: 6878 ns, Total: 110871 ns
[2020-09-11T14:06:28.039+0000][1][gc,start     ] GC(50) Pause Young (Allocation Failure)
[2020-09-11T14:06:28.039+0000][1][gc,task      ] GC(50) Using 1 workers of 1 for evacuation
[2020-09-11T14:06:28.062+0000][1][gc,age       ] GC(50) Desired survivor size 4358144 bytes, new threshold 6 (max threshold 6)
[2020-09-11T14:06:28.063+0000][1][gc,age       ] GC(50) Age table with threshold 6 (max threshold 6)
[2020-09-11T14:06:28.063+0000][1][gc,age       ] GC(50) - age   1:     133528 bytes,     133528 total
[2020-09-11T14:06:28.063+0000][1][gc,heap      ] GC(50) ParNew: 68164K->132K(76672K)
[2020-09-11T14:06:28.063+0000][1][gc,heap      ] GC(50) CMS: 48851K->48851K(2011968K)
[2020-09-11T14:06:28.063+0000][1][gc,metaspace ] GC(50) Metaspace: 32483K->32483K(1079296K)
[2020-09-11T14:06:28.063+0000][1][gc           ] GC(50) Pause Young (Allocation Failure) 114M->47M(2039M) 24.076ms
[2020-09-11T14:06:28.063+0000][1][gc,cpu       ] GC(50) User=0.01s Sys=0.00s Real=0.02s
[2020-09-11T14:06:28.074+0000][1][safepoint    ] Safepoint "GenCollectForAllocation", Time since last: 215588807 ns, Reaching safepoint: 3324106 ns, At safepoint: 35031827 ns, Total: 38355933 ns
[2020-09-11T14:06:28.268+0000][1][safepoint    ] Safepoint "ICBufferFull", Time since last: 193883527 ns, Reaching safepoint: 193729 ns, At safepoint: 591140 ns, Total: 784869 ns
[2020-09-11T14:06:28.428+0000][1][gc,start     ] GC(51) Pause Young (Allocation Failure)
[2020-09-11T14:06:28.428+0000][1][gc,task      ] GC(51) Using 1 workers of 1 for evacuation
[2020-09-11T14:06:28.451+0000][1][gc,age       ] GC(51) Desired survivor size 4358144 bytes, new threshold 6 (max threshold 6)
[2020-09-11T14:06:28.451+0000][1][gc,age       ] GC(51) Age table with threshold 6 (max threshold 6)
[2020-09-11T14:06:28.451+0000][1][gc,age       ] GC(51) - age   1:     545808 bytes,     545808 total
[2020-09-11T14:06:28.451+0000][1][gc,age       ] GC(51) - age   2:      83664 bytes,     629472 total
[2020-09-11T14:06:28.451+0000][1][gc,heap      ] GC(51) ParNew: 68292K->637K(76672K)
[2020-09-11T14:06:28.451+0000][1][gc,heap      ] GC(51) CMS: 48851K->48851K(2011968K)
[2020-09-11T14:06:28.451+0000][1][gc,metaspace ] GC(51) Metaspace: 32483K->32483K(1079296K)
[2020-09-11T14:06:28.451+0000][1][gc           ] GC(51) Pause Young (Allocation Failure) 114M->48M(2039M) 22.943ms
[2020-09-11T14:06:28.451+0000][1][gc,cpu       ] GC(51) User=0.01s Sys=0.00s Real=0.02s
[2020-09-11T14:06:28.451+0000][1][safepoint    ] Safepoint "GenCollectForAllocation", Time since last: 159690590 ns, Reaching safepoint: 123857 ns, At safepoint: 23002901 ns, Total: 23126758 ns
[2020-09-11T14:06:28.700+0000][1][gc,start     ] GC(52) Pause Young (Allocation Failure)
[2020-09-11T14:06:28.700+0000][1][gc,task      ] GC(52) Using 1 workers of 1 for evacuation
[2020-09-11T14:06:28.724+0000][1][gc,age       ] GC(52) Desired survivor size 4358144 bytes, new threshold 6 (max threshold 6)
[2020-09-11T14:06:28.724+0000][1][gc,age       ] GC(52) Age table with threshold 6 (max threshold 6)
[2020-09-11T14:06:28.724+0000][1][gc,age       ] GC(52) - age   1:     643176 bytes,     643176 total
[2020-09-11T14:06:28.724+0000][1][gc,age       ] GC(52) - age   2:     374824 bytes,    1018000 total
[2020-09-11T14:06:28.724+0000][1][gc,age       ] GC(52) - age   3:      83040 bytes,    1101040 total
[2020-09-11T14:06:28.724+0000][1][gc,heap      ] GC(52) ParNew: 68797K->1113K(76672K)
[2020-09-11T14:06:28.724+0000][1][gc,heap      ] GC(52) CMS: 48851K->48851K(2011968K)
[2020-09-11T14:06:28.724+0000][1][gc,metaspace ] GC(52) Metaspace: 32483K->32483K(1079296K)
[2020-09-11T14:06:28.724+0000][1][gc           ] GC(52) Pause Young (Allocation Failure) 114M->48M(2039M) 23.920ms
[2020-09-11T14:06:28.724+0000][1][gc,cpu       ] GC(52) User=0.01s Sys=0.00s Real=0.03s
[2020-09-11T14:06:28.724+0000][1][safepoint    ] Safepoint "GenCollectForAllocation", Time since last: 249012050 ns, Reaching safepoint: 277514 ns, At safepoint: 23980618 ns, Total: 24258132 ns
[2020-09-11T14:06:28.922+0000][1][gc,start     ] GC(53) Pause Young (Allocation Failure)
[2020-09-11T14:06:28.922+0000][1][gc,task      ] GC(53) Using 1 workers of 1 for evacuation
[2020-09-11T14:06:28.945+0000][1][gc,age       ] GC(53) Desired survivor size 4358144 bytes, new threshold 6 (max threshold 6)
[2020-09-11T14:06:28.945+0000][1][gc,age       ] GC(53) Age table with threshold 6 (max threshold 6)
[2020-09-11T14:06:28.945+0000][1][gc,age       ] GC(53) - age   1:     311272 bytes,     311272 total
[2020-09-11T14:06:28.945+0000][1][gc,age       ] GC(53) - age   2:     629648 bytes,     940920 total
[2020-09-11T14:06:28.945+0000][1][gc,age       ] GC(53) - age   3:     374088 bytes,    1315008 total
[2020-09-11T14:06:28.945+0000][1][gc,age       ] GC(53) - age   4:      82400 bytes,    1397408 total
[2020-09-11T14:06:28.945+0000][1][gc,heap      ] GC(53) ParNew: 69273K->1364K(76672K)
[2020-09-11T14:06:28.945+0000][1][gc,heap      ] GC(53) CMS: 48851K->48851K(2011968K)
[2020-09-11T14:06:28.945+0000][1][gc,metaspace ] GC(53) Metaspace: 32483K->32483K(1079296K)
[2020-09-11T14:06:28.945+0000][1][gc           ] GC(53) Pause Young (Allocation Failure) 115M->49M(2039M) 23.502ms
[2020-09-11T14:06:28.945+0000][1][gc,cpu       ] GC(53) User=0.01s Sys=0.00s Real=0.03s
[2020-09-11T14:06:28.945+0000][1][safepoint    ] Safepoint "GenCollectForAllocation", Time since last: 197123676 ns, Reaching safepoint: 104882 ns, At safepoint: 23563602 ns, Total: 23668484 ns
[2020-09-11T14:06:29.233+0000][1][gc,start     ] GC(54) Pause Young (Allocation Failure)
[2020-09-11T14:06:29.233+0000][1][gc,task      ] GC(54) Using 1 workers of 1 for evacuation
[2020-09-11T14:06:29.257+0000][1][gc,age       ] GC(54) Desired survivor size 4358144 bytes, new threshold 6 (max threshold 6)
[2020-09-11T14:06:29.257+0000][1][gc,age       ] GC(54) Age table with threshold 6 (max threshold 6)
[2020-09-11T14:06:29.257+0000][1][gc,age       ] GC(54) - age   1:     963952 bytes,     963952 total
[2020-09-11T14:06:29.257+0000][1][gc,age       ] GC(54) - age   2:     299280 bytes,    1263232 total
[2020-09-11T14:06:29.257+0000][1][gc,age       ] GC(54) - age   3:     300960 bytes,    1564192 total
[2020-09-11T14:06:29.257+0000][1][gc,age       ] GC(54) - age   4:     374088 bytes,    1938280 total
[2020-09-11T14:06:29.257+0000][1][gc,age       ] GC(54) - age   5:      82240 bytes,    2020520 total
[2020-09-11T14:06:29.257+0000][1][gc,heap      ] GC(54) ParNew: 69524K->1993K(76672K)
[2020-09-11T14:06:29.257+0000][1][gc,heap      ] GC(54) CMS: 48851K->48851K(2011968K)
[2020-09-11T14:06:29.257+0000][1][gc,metaspace ] GC(54) Metaspace: 32483K->32483K(1079296K)
[2020-09-11T14:06:29.257+0000][1][gc           ] GC(54) Pause Young (Allocation Failure) 115M->49M(2039M) 24.091ms
[2020-09-11T14:06:29.257+0000][1][gc,cpu       ] GC(54) User=0.01s Sys=0.00s Real=0.03s
[2020-09-11T14:06:29.257+0000][1][safepoint    ] Safepoint "GenCollectForAllocation", Time since last: 287732079 ns, Reaching safepoint: 109950 ns, At safepoint: 24158125 ns, Total: 24268075 ns
[2020-09-11T14:06:29.680+0000][1][gc,start     ] GC(55) Pause Young (Allocation Failure)
[2020-09-11T14:06:29.680+0000][1][gc,task      ] GC(55) Using 1 workers of 1 for evacuation
[2020-09-11T14:06:29.702+0000][1][gc,age       ] GC(55) Desired survivor size 4358144 bytes, new threshold 6 (max threshold 6)
[2020-09-11T14:06:29.702+0000][1][gc,age       ] GC(55) Age table with threshold 6 (max threshold 6)
[2020-09-11T14:06:29.702+0000][1][gc,age       ] GC(55) - age   1:     313720 bytes,     313720 total
[2020-09-11T14:06:29.702+0000][1][gc,age       ] GC(55) - age   2:     952336 bytes,    1266056 total
[2020-09-11T14:06:29.702+0000][1][gc,age       ] GC(55) - age   3:     298208 bytes,    1564264 total
[2020-09-11T14:06:29.702+0000][1][gc,age       ] GC(55) - age   4:     297424 bytes,    1861688 total
[2020-09-11T14:06:29.702+0000][1][gc,age       ] GC(55) - age   5:     373832 bytes,    2235520 total
[2020-09-11T14:06:29.702+0000][1][gc,age       ] GC(55) - age   6:      82216 bytes,    2317736 total
[2020-09-11T14:06:29.702+0000][1][gc,heap      ] GC(55) ParNew: 70153K->2342K(76672K)
[2020-09-11T14:06:29.702+0000][1][gc,heap      ] GC(55) CMS: 48851K->48851K(2011968K)
[2020-09-11T14:06:29.702+0000][1][gc,metaspace ] GC(55) Metaspace: 32483K->32483K(1079296K)
[2020-09-11T14:06:29.702+0000][1][gc           ] GC(55) Pause Young (Allocation Failure) 116M->49M(2039M) 22.776ms
[2020-09-11T14:06:29.702+0000][1][gc,cpu       ] GC(55) User=0.01s Sys=0.00s Real=0.02s
[2020-09-11T14:06:29.711+0000][1][safepoint    ] Safepoint "GenCollectForAllocation", Time since last: 422364395 ns, Reaching safepoint: 125414 ns, At safepoint: 31888776 ns, Total: 32014190 ns
[2020-09-11T14:06:30.476+0000][1][safepoint    ] Safepoint "Deoptimize", Time since last: 763980846 ns, Reaching safepoint: 115075 ns, At safepoint: 332292 ns, Total: 447367 ns
[2020-09-11T14:06:30.749+0000][1][safepoint    ] Safepoint "CollectForMetadataAllocation", Time since last: 273359575 ns, Reaching safepoint: 123480 ns, At safepoint: 117066 ns, Total: 240546 ns
[2020-09-11T14:06:30.828+0000][1][safepoint    ] Safepoint "CollectForMetadataAllocation", Time since last: 78209113 ns, Reaching safepoint: 107488 ns, At safepoint: 114168 ns, Total: 221656 ns
[2020-09-11T14:06:30.900+0000][1][safepoint    ] Safepoint "CollectForMetadataAllocation", Time since last: 71510194 ns, Reaching safepoint: 105285 ns, At safepoint: 77274 ns, Total: 182559 ns
[2020-09-11T14:06:30.964+0000][1][safepoint    ] Safepoint "CollectForMetadataAllocation", Time since last: 64059190 ns, Reaching safepoint: 109439 ns, At safepoint: 119874 ns, Total: 229313 ns
[2020-09-11T14:06:31.028+0000][1][safepoint    ] Safepoint "CollectForMetadataAllocation", Time since last: 61814931 ns, Reaching safepoint: 1722870 ns, At safepoint: 126199 ns, Total: 1849069 ns
[2020-09-11T14:06:31.112+0000][1][safepoint    ] Safepoint "CollectForMetadataAllocation", Time since last: 83881950 ns, Reaching safepoint: 115756 ns, At safepoint: 114426 ns, Total: 230182 ns
[2020-09-11T14:06:31.192+0000][1][gc,start     ] GC(56) Pause Young (Allocation Failure)
[2020-09-11T14:06:31.192+0000][1][gc,task      ] GC(56) Using 1 workers of 1 for evacuation
[2020-09-11T14:06:31.262+0000][1][gc,age       ] GC(56) Desired survivor size 4358144 bytes, new threshold 6 (max threshold 6)
[2020-09-11T14:06:31.262+0000][1][gc,age       ] GC(56) Age table with threshold 6 (max threshold 6)
[2020-09-11T14:06:31.262+0000][1][gc,age       ] GC(56) - age   1:    1492216 bytes,    1492216 total
[2020-09-11T14:06:31.262+0000][1][gc,age       ] GC(56) - age   2:     301760 bytes,    1793976 total
[2020-09-11T14:06:31.262+0000][1][gc,age       ] GC(56) - age   3:     951640 bytes,    2745616 total
[2020-09-11T14:06:31.262+0000][1][gc,age       ] GC(56) - age   4:     297792 bytes,    3043408 total
[2020-09-11T14:06:31.262+0000][1][gc,age       ] GC(56) - age   5:     297304 bytes,    3340712 total
[2020-09-11T14:06:31.262+0000][1][gc,age       ] GC(56) - age   6:     373832 bytes,    3714544 total
[2020-09-11T14:06:31.262+0000][1][gc,heap      ] GC(56) ParNew: 70502K->3719K(76672K)
[2020-09-11T14:06:31.262+0000][1][gc,heap      ] GC(56) CMS: 48851K->48928K(2011968K)
[2020-09-11T14:06:31.262+0000][1][gc,metaspace ] GC(56) Metaspace: 36254K->36254K(1083392K)
[2020-09-11T14:06:31.262+0000][1][gc           ] GC(56) Pause Young (Allocation Failure) 116M->51M(2039M) 70.628ms
[2020-09-11T14:06:31.262+0000][1][gc,cpu       ] GC(56) User=0.03s Sys=0.00s Real=0.07s
[2020-09-11T14:06:31.271+0000][1][safepoint    ] Safepoint "GenCollectForAllocation", Time since last: 79762090 ns, Reaching safepoint: 98985 ns, At safepoint: 79801339 ns, Total: 79900324 ns
[2020-09-11T14:06:31.281+0000][1][gc,start     ] GC(57) Pause Initial Mark
[2020-09-11T14:06:31.294+0000][1][gc           ] GC(57) Pause Initial Mark 55M->55M(2039M) 12.916ms
[2020-09-11T14:06:31.294+0000][1][gc,cpu       ] GC(57) User=0.00s Sys=0.00s Real=0.01s
[2020-09-11T14:06:31.308+0000][1][safepoint    ] Safepoint "CMS_Initial_Mark", Time since last: 9763192 ns, Reaching safepoint: 293976 ns, At safepoint: 26369698 ns, Total: 26663674 ns
[2020-09-11T14:06:31.308+0000][1][gc           ] GC(57) Concurrent Mark
[2020-09-11T14:06:31.604+0000][1][gc           ] GC(57) Concurrent Mark 296.455ms
[2020-09-11T14:06:31.604+0000][1][gc,cpu       ] GC(57) User=0.14s Sys=0.00s Real=0.30s
[2020-09-11T14:06:31.604+0000][1][gc           ] GC(57) Concurrent Preclean
[2020-09-11T14:06:31.617+0000][1][gc           ] GC(57) Concurrent Preclean 12.416ms
[2020-09-11T14:06:31.617+0000][1][gc,cpu       ] GC(57) User=0.01s Sys=0.00s Real=0.01s
[2020-09-11T14:06:31.617+0000][1][gc           ] GC(57) Concurrent Abortable Preclean
[2020-09-11T14:06:31.853+0000][1][gc,start     ] GC(58) Pause Young (Allocation Failure)
[2020-09-11T14:06:31.853+0000][1][gc,task      ] GC(58) Using 1 workers of 1 for evacuation
[2020-09-11T14:06:31.885+0000][1][gc,age       ] GC(58) Desired survivor size 4358144 bytes, new threshold 6 (max threshold 6)
[2020-09-11T14:06:31.885+0000][1][gc,age       ] GC(58) Age table with threshold 6 (max threshold 6)
[2020-09-11T14:06:31.885+0000][1][gc,age       ] GC(58) - age   1:      60384 bytes,      60384 total
[2020-09-11T14:06:31.885+0000][1][gc,age       ] GC(58) - age   2:    1464888 bytes,    1525272 total
[2020-09-11T14:06:31.885+0000][1][gc,age       ] GC(58) - age   3:     301760 bytes,    1827032 total
[2020-09-11T14:06:31.885+0000][1][gc,age       ] GC(58) - age   4:     951640 bytes,    2778672 total
[2020-09-11T14:06:31.885+0000][1][gc,age       ] GC(58) - age   5:     297792 bytes,    3076464 total
[2020-09-11T14:06:31.885+0000][1][gc,age       ] GC(58) - age   6:     297304 bytes,    3373768 total
[2020-09-11T14:06:31.885+0000][1][gc,heap      ] GC(58) ParNew: 71879K->3877K(76672K)
[2020-09-11T14:06:31.885+0000][1][gc,heap      ] GC(58) CMS: 48928K->49293K(2011968K)
[2020-09-11T14:06:31.885+0000][1][gc,metaspace ] GC(58) Metaspace: 36258K->36258K(1083392K)
[2020-09-11T14:06:31.885+0000][1][gc           ] GC(58) Pause Young (Allocation Failure) 117M->51M(2039M) 32.180ms
[2020-09-11T14:06:31.885+0000][1][gc,cpu       ] GC(58) User=0.01s Sys=0.00s Real=0.04s
[2020-09-11T14:06:31.907+0000][1][safepoint    ] Safepoint "GenCollectForAllocation", Time since last: 545387074 ns, Reaching safepoint: 121399 ns, At safepoint: 53474937 ns, Total: 53596336 ns
[2020-09-11T14:06:32.040+0000][1][safepoint    ] Safepoint "CollectForMetadataAllocation", Time since last: 131666778 ns, Reaching safepoint: 1048661 ns, At safepoint: 118875 ns, Total: 1167536 ns
[2020-09-11T14:06:32.715+0000][1][safepoint    ] Safepoint "CollectForMetadataAllocation", Time since last: 675590196 ns, Reaching safepoint: 144681 ns, At safepoint: 132210 ns, Total: 276891 ns
[2020-09-11T14:06:32.757+0000][1][gc           ] GC(57) Concurrent Abortable Preclean 1140.336ms
[2020-09-11T14:06:32.757+0000][1][gc,cpu       ] GC(57) User=0.56s Sys=0.00s Real=1.14s
[2020-09-11T14:06:32.768+0000][1][gc,start     ] GC(57) Pause Remark
[2020-09-11T14:06:32.812+0000][1][gc           ] GC(57) Pause Remark 86M->86M(2039M) 43.958ms
[2020-09-11T14:06:32.812+0000][1][gc,cpu       ] GC(57) User=0.03s Sys=0.00s Real=0.04s
[2020-09-11T14:06:32.835+0000][1][safepoint    ] Safepoint "CMS_Final_Remark", Time since last: 52827860 ns, Reaching safepoint: 100724 ns, At safepoint: 67065556 ns, Total: 67166280 ns
[2020-09-11T14:06:32.836+0000][1][gc           ] GC(57) Concurrent Sweep
[2020-09-11T14:06:32.893+0000][1][gc           ] GC(57) Concurrent Sweep 57.210ms
[2020-09-11T14:06:32.893+0000][1][gc,cpu       ] GC(57) User=0.02s Sys=0.01s Real=0.05s
[2020-09-11T14:06:32.893+0000][1][gc           ] GC(57) Concurrent Reset
[2020-09-11T14:06:32.924+0000][1][gc           ] GC(57) Concurrent Reset 31.300ms
[2020-09-11T14:06:32.924+0000][1][gc,cpu       ] GC(57) User=0.02s Sys=0.00s Real=0.04s
[2020-09-11T14:06:32.924+0000][1][gc,heap      ] GC(57) Old: 48928K->48212K(2011968K)
[2020-09-11T14:06:33.853+0000][1][safepoint    ] Safepoint "Cleanup", Time since last: 1008076431 ns, Reaching safepoint: 9374690 ns, At safepoint: 9472 ns, Total: 9384162 ns
[2020-09-11T14:06:34.380+0000][1][gc,start     ] GC(59) Pause Young (Allocation Failure)
[2020-09-11T14:06:34.380+0000][1][gc,task      ] GC(59) Using 1 workers of 1 for evacuation
[2020-09-11T14:06:34.477+0000][1][gc,age       ] GC(59) Desired survivor size 4358144 bytes, new threshold 4 (max threshold 6)
[2020-09-11T14:06:34.477+0000][1][gc,age       ] GC(59) Age table with threshold 4 (max threshold 6)
[2020-09-11T14:06:34.477+0000][1][gc,age       ] GC(59) - age   1:    2719728 bytes,    2719728 total
[2020-09-11T14:06:34.477+0000][1][gc,age       ] GC(59) - age   2:      59824 bytes,    2779552 total
[2020-09-11T14:06:34.477+0000][1][gc,age       ] GC(59) - age   3:    1418784 bytes,    4198336 total
[2020-09-11T14:06:34.477+0000][1][gc,age       ] GC(59) - age   4:     301760 bytes,    4500096 total
[2020-09-11T14:06:34.477+0000][1][gc,age       ] GC(59) - age   5:     951640 bytes,    5451736 total
[2020-09-11T14:06:34.477+0000][1][gc,age       ] GC(59) - age   6:     297792 bytes,    5749528 total
[2020-09-11T14:06:34.477+0000][1][gc,heap      ] GC(59) ParNew: 72037K->6702K(76672K)
[2020-09-11T14:06:34.477+0000][1][gc,heap      ] GC(59) CMS: 48212K->48502K(2011968K)
[2020-09-11T14:06:34.477+0000][1][gc,metaspace ] GC(59) Metaspace: 42439K->42439K(1089536K)
[2020-09-11T14:06:34.477+0000][1][gc           ] GC(59) Pause Young (Allocation Failure) 117M->53M(2039M) 96.769ms
[2020-09-11T14:06:34.477+0000][1][gc,cpu       ] GC(59) User=0.05s Sys=0.00s Real=0.10s
[2020-09-11T14:06:34.477+0000][1][safepoint    ] Safepoint "GenCollectForAllocation", Time since last: 527225857 ns, Reaching safepoint: 101414 ns, At safepoint: 96831038 ns, Total: 96932452 ns
[2020-09-11T14:06:34.479+0000][1][safepoint    ] Safepoint "RevokeBias", Time since last: 1472693 ns, Reaching safepoint: 22948 ns, At safepoint: 36717 ns, Total: 59665 ns
[2020-09-11T14:06:34.789+0000][1][safepoint    ] Safepoint "RevokeBias", Time since last: 310177504 ns, Reaching safepoint: 102168 ns, At safepoint: 26086 ns, Total: 128254 ns
[2020-09-11T14:06:35.444+0000][1][safepoint    ] Safepoint "RevokeBias", Time since last: 654824302 ns, Reaching safepoint: 389916 ns, At safepoint: 31407 ns, Total: 421323 ns
[2020-09-11T14:06:35.444+0000][1][safepoint    ] Safepoint "RevokeBias", Time since last: 70843 ns, Reaching safepoint: 80376 ns, At safepoint: 18050 ns, Total: 98426 ns
[2020-09-11T14:06:36.445+0000][1][safepoint    ] Safepoint "Cleanup", Time since last: 1000077970 ns, Reaching safepoint: 126076 ns, At safepoint: 6318 ns, Total: 132394 ns
[2020-09-11T14:06:38.448+0000][1][safepoint    ] Safepoint "Cleanup", Time since last: 2002974958 ns, Reaching safepoint: 109867 ns, At safepoint: 8780 ns, Total: 118647 ns
[2020-09-11T14:06:39.280+0000][1][gc,start     ] GC(60) Pause Young (Allocation Failure)
[2020-09-11T14:06:39.280+0000][1][gc,task      ] GC(60) Using 1 workers of 1 for evacuation
[2020-09-11T14:06:39.335+0000][1][gc,age       ] GC(60) Desired survivor size 4358144 bytes, new threshold 2 (max threshold 6)
[2020-09-11T14:06:39.335+0000][1][gc,age       ] GC(60) Age table with threshold 2 (max threshold 6)
[2020-09-11T14:06:39.335+0000][1][gc,age       ] GC(60) - age   1:    2681896 bytes,    2681896 total
[2020-09-11T14:06:39.335+0000][1][gc,age       ] GC(60) - age   2:    2649832 bytes,    5331728 total
[2020-09-11T14:06:39.335+0000][1][gc,age       ] GC(60) - age   3:      59824 bytes,    5391552 total
[2020-09-11T14:06:39.335+0000][1][gc,age       ] GC(60) - age   4:    1417032 bytes,    6808584 total
[2020-09-11T14:06:39.335+0000][1][gc,heap      ] GC(60) ParNew: 74862K->8512K(76672K)
[2020-09-11T14:06:39.335+0000][1][gc,heap      ] GC(60) CMS: 48502K->50017K(2011968K)
[2020-09-11T14:06:39.335+0000][1][gc,metaspace ] GC(60) Metaspace: 47748K->47748K(1093632K)
[2020-09-11T14:06:39.335+0000][1][gc           ] GC(60) Pause Young (Allocation Failure) 120M->57M(2039M) 55.598ms
[2020-09-11T14:06:39.335+0000][1][gc,cpu       ] GC(60) User=0.03s Sys=0.00s Real=0.05s
[2020-09-11T14:06:39.347+0000][1][safepoint    ] Safepoint "GenCollectForAllocation", Time since last: 831824027 ns, Reaching safepoint: 157922 ns, At safepoint: 67855046 ns, Total: 68012968 ns
[2020-09-11T14:06:39.504+0000][1][safepoint    ] Safepoint "RevokeBias", Time since last: 156779235 ns, Reaching safepoint: 111040 ns, At safepoint: 31505 ns, Total: 142545 ns
[2020-09-11T14:06:39.524+0000][1][safepoint    ] Safepoint "RevokeBias", Time since last: 19050709 ns, Reaching safepoint: 107421 ns, At safepoint: 40559 ns, Total: 147980 ns
[2020-09-11T14:06:39.574+0000][1][safepoint    ] Safepoint "RevokeBias", Time since last: 49876353 ns, Reaching safepoint: 103551 ns, At safepoint: 43491 ns, Total: 147042 ns
[2020-09-11T14:06:40.084+0000][1][safepoint    ] Safepoint "RevokeBias", Time since last: 501978839 ns, Reaching safepoint: 7898188 ns, At safepoint: 49540 ns, Total: 7947728 ns
[2020-09-11T14:06:40.084+0000][1][safepoint    ] Safepoint "RevokeBias", Time since last: 101832 ns, Reaching safepoint: 97265 ns, At safepoint: 20385 ns, Total: 117650 ns
[2020-09-11T14:06:40.084+0000][1][safepoint    ] Safepoint "BulkRevokeBias", Time since last: 174031 ns, Reaching safepoint: 83594 ns, At safepoint: 56943 ns, Total: 140537 ns
[2020-09-11T14:06:40.084+0000][1][safepoint    ] Safepoint "RevokeBias", Time since last: 40129 ns, Reaching safepoint: 82266 ns, At safepoint: 17246 ns, Total: 99512 ns
[2020-09-11T14:06:40.243+0000][1][safepoint    ] Safepoint "RevokeBias", Time since last: 155959479 ns, Reaching safepoint: 3174501 ns, At safepoint: 35311 ns, Total: 3209812 ns
[2020-09-11T14:06:40.248+0000][1][safepoint    ] Safepoint "RevokeBias", Time since last: 4228319 ns, Reaching safepoint: 105592 ns, At safepoint: 32496 ns, Total: 138088 ns
[2020-09-11T14:06:40.248+0000][1][safepoint    ] Safepoint "RevokeBias", Time since last: 121966 ns, Reaching safepoint: 83125 ns, At safepoint: 29737 ns, Total: 112862 ns
[2020-09-11T14:06:40.249+0000][1][safepoint    ] Safepoint "RevokeBias", Time since last: 1177016 ns, Reaching safepoint: 88371 ns, At safepoint: 25950 ns, Total: 114321 ns
[2020-09-11T14:06:40.251+0000][1][safepoint    ] Safepoint "RevokeBias", Time since last: 1893378 ns, Reaching safepoint: 95326 ns, At safepoint: 25205 ns, Total: 120531 ns
[2020-09-11T14:06:40.256+0000][1][safepoint    ] Safepoint "RevokeBias", Time since last: 4649161 ns, Reaching safepoint: 115445 ns, At safepoint: 34078 ns, Total: 149523 ns
[2020-09-11T14:06:40.256+0000][1][safepoint    ] Safepoint "RevokeBias", Time since last: 54747 ns, Reaching safepoint: 83230 ns, At safepoint: 21387 ns, Total: 104617 ns
[2020-09-11T14:06:40.256+0000][1][safepoint    ] Safepoint "RevokeBias", Time since last: 31798 ns, Reaching safepoint: 82662 ns, At safepoint: 19890 ns, Total: 102552 ns
[2020-09-11T14:06:40.256+0000][1][safepoint    ] Safepoint "RevokeBias", Time since last: 30413 ns, Reaching safepoint: 83316 ns, At safepoint: 24520 ns, Total: 107836 ns
[2020-09-11T14:06:40.257+0000][1][safepoint    ] Safepoint "RevokeBias", Time since last: 30494 ns, Reaching safepoint: 82199 ns, At safepoint: 19799 ns, Total: 101998 ns
[2020-09-11T14:06:40.257+0000][1][safepoint    ] Safepoint "RevokeBias", Time since last: 32055 ns, Reaching safepoint: 81841 ns, At safepoint: 20173 ns, Total: 102014 ns
[2020-09-11T14:06:40.257+0000][1][safepoint    ] Safepoint "RevokeBias", Time since last: 29206 ns, Reaching safepoint: 81323 ns, At safepoint: 19385 ns, Total: 100708 ns
[2020-09-11T14:06:40.257+0000][1][safepoint    ] Safepoint "RevokeBias", Time since last: 28325 ns, Reaching safepoint: 83511 ns, At safepoint: 28570 ns, Total: 112081 ns
[2020-09-11T14:06:40.257+0000][1][safepoint    ] Safepoint "RevokeBias", Time since last: 29182 ns, Reaching safepoint: 82551 ns, At safepoint: 26007 ns, Total: 108558 ns
[2020-09-11T14:06:40.257+0000][1][safepoint    ] Safepoint "RevokeBias", Time since last: 30919 ns, Reaching safepoint: 81638 ns, At safepoint: 20947 ns, Total: 102585 ns
[2020-09-11T14:06:40.257+0000][1][safepoint    ] Safepoint "RevokeBias", Time since last: 28406 ns, Reaching safepoint: 81246 ns, At safepoint: 20726 ns, Total: 101972 ns
[2020-09-11T14:06:40.258+0000][1][safepoint    ] Safepoint "RevokeBias", Time since last: 91752 ns, Reaching safepoint: 84334 ns, At safepoint: 20991 ns, Total: 105325 ns
[2020-09-11T14:06:40.258+0000][1][safepoint    ] Safepoint "RevokeBias", Time since last: 52206 ns, Reaching safepoint: 84502 ns, At safepoint: 21617 ns, Total: 106119 ns
[2020-09-11T14:06:40.258+0000][1][safepoint    ] Safepoint "RevokeBias", Time since last: 590985 ns, Reaching safepoint: 86883 ns, At safepoint: 28282 ns, Total: 115165 ns
[2020-09-11T14:06:40.259+0000][1][safepoint    ] Safepoint "RevokeBias", Time since last: 70323 ns, Reaching safepoint: 82933 ns, At safepoint: 21529 ns, Total: 104462 ns
[2020-09-11T14:06:40.259+0000][1][safepoint    ] Safepoint "RevokeBias", Time since last: 548827 ns, Reaching safepoint: 87144 ns, At safepoint: 21734 ns, Total: 108878 ns
[2020-09-11T14:06:40.264+0000][1][safepoint    ] Safepoint "RevokeBias", Time since last: 4107017 ns, Reaching safepoint: 109791 ns, At safepoint: 36632 ns, Total: 146423 ns
[2020-09-11T14:06:40.264+0000][1][safepoint    ] Safepoint "RevokeBias", Time since last: 53623 ns, Reaching safepoint: 82708 ns, At safepoint: 22908 ns, Total: 105616 ns
[2020-09-11T14:06:40.264+0000][1][safepoint    ] Safepoint "RevokeBias", Time since last: 29514 ns, Reaching safepoint: 83305 ns, At safepoint: 23040 ns, Total: 106345 ns
[2020-09-11T14:06:40.264+0000][1][safepoint    ] Safepoint "RevokeBias", Time since last: 28212 ns, Reaching safepoint: 91116 ns, At safepoint: 23043 ns, Total: 114159 ns
[2020-09-11T14:06:40.264+0000][1][safepoint    ] Safepoint "RevokeBias", Time since last: 29149 ns, Reaching safepoint: 82055 ns, At safepoint: 21925 ns, Total: 103980 ns
[2020-09-11T14:06:40.264+0000][1][safepoint    ] Safepoint "RevokeBias", Time since last: 30575 ns, Reaching safepoint: 81672 ns, At safepoint: 22501 ns, Total: 104173 ns
[2020-09-11T14:06:40.264+0000][1][safepoint    ] Safepoint "BulkRevokeBias", Time since last: 27257 ns, Reaching safepoint: 81930 ns, At safepoint: 72191 ns, Total: 154121 ns
[2020-09-11T14:06:40.265+0000][1][safepoint    ] Safepoint "RevokeBias", Time since last: 65832 ns, Reaching safepoint: 84805 ns, At safepoint: 24918 ns, Total: 109723 ns
[2020-09-11T14:06:40.265+0000][1][safepoint    ] Safepoint "RevokeBias", Time since last: 39714 ns, Reaching safepoint: 85189 ns, At safepoint: 28047 ns, Total: 113236 ns
[2020-09-11T14:06:40.278+0000][1][safepoint    ] Safepoint "RevokeBias", Time since last: 6803685 ns, Reaching safepoint: 6704402 ns, At safepoint: 23648 ns, Total: 6728050 ns
[2020-09-11T14:06:40.278+0000][1][safepoint    ] Safepoint "RevokeBias", Time since last: 79778 ns, Reaching safepoint: 82724 ns, At safepoint: 10684 ns, Total: 93408 ns
[2020-09-11T14:06:40.279+0000][1][safepoint    ] Safepoint "RevokeBias", Time since last: 29783 ns, Reaching safepoint: 80492 ns, At safepoint: 9903 ns, Total: 90395 ns
[2020-09-11T14:06:40.295+0000][1][safepoint    ] Safepoint "RevokeBias", Time since last: 8886394 ns, Reaching safepoint: 7944872 ns, At safepoint: 40614 ns, Total: 7985486 ns
[2020-09-11T14:06:40.296+0000][1][safepoint    ] Safepoint "RevokeBias", Time since last: 164864 ns, Reaching safepoint: 87027 ns, At safepoint: 16156 ns, Total: 103183 ns
[2020-09-11T14:06:40.296+0000][1][safepoint    ] Safepoint "RevokeBias", Time since last: 31397 ns, Reaching safepoint: 81500 ns, At safepoint: 21199 ns, Total: 102699 ns
[2020-09-11T14:06:40.296+0000][1][safepoint    ] Safepoint "RevokeBias", Time since last: 28713 ns, Reaching safepoint: 83478 ns, At safepoint: 18353 ns, Total: 101831 ns
[2020-09-11T14:06:40.296+0000][1][safepoint    ] Safepoint "RevokeBias", Time since last: 29348 ns, Reaching safepoint: 80808 ns, At safepoint: 17810 ns, Total: 98618 ns
[2020-09-11T14:06:40.296+0000][1][safepoint    ] Safepoint "RevokeBias", Time since last: 28015 ns, Reaching safepoint: 81110 ns, At safepoint: 20556 ns, Total: 101666 ns
[2020-09-11T14:06:40.296+0000][1][safepoint    ] Safepoint "RevokeBias", Time since last: 27315 ns, Reaching safepoint: 80657 ns, At safepoint: 22033 ns, Total: 102690 ns
[2020-09-11T14:06:40.297+0000][1][safepoint    ] Safepoint "RevokeBias", Time since last: 27447 ns, Reaching safepoint: 81777 ns, At safepoint: 21579 ns, Total: 103356 ns
[2020-09-11T14:06:40.297+0000][1][safepoint    ] Safepoint "RevokeBias", Time since last: 45263 ns, Reaching safepoint: 81134 ns, At safepoint: 19700 ns, Total: 100834 ns
[2020-09-11T14:06:40.297+0000][1][safepoint    ] Safepoint "RevokeBias", Time since last: 28088 ns, Reaching safepoint: 80424 ns, At safepoint: 19685 ns, Total: 100109 ns
[2020-09-11T14:06:40.297+0000][1][safepoint    ] Safepoint "RevokeBias", Time since last: 27052 ns, Reaching safepoint: 80315 ns, At safepoint: 18226 ns, Total: 98541 ns
[2020-09-11T14:06:40.297+0000][1][safepoint    ] Safepoint "RevokeBias", Time since last: 27167 ns, Reaching safepoint: 80471 ns, At safepoint: 17746 ns, Total: 98217 ns
[2020-09-11T14:06:40.297+0000][1][safepoint    ] Safepoint "RevokeBias", Time since last: 27009 ns, Reaching safepoint: 80324 ns, At safepoint: 17529 ns, Total: 97853 ns
[2020-09-11T14:06:40.297+0000][1][safepoint    ] Safepoint "RevokeBias", Time since last: 26771 ns, Reaching safepoint: 80808 ns, At safepoint: 18803 ns, Total: 99611 ns
[2020-09-11T14:06:40.297+0000][1][safepoint    ] Safepoint "RevokeBias", Time since last: 26637 ns, Reaching safepoint: 80803 ns, At safepoint: 17640 ns, Total: 98443 ns
[2020-09-11T14:06:40.297+0000][1][safepoint    ] Safepoint "RevokeBias", Time since last: 26953 ns, Reaching safepoint: 11087 ns, At safepoint: 16630 ns, Total: 27717 ns
[2020-09-11T14:06:40.298+0000][1][safepoint    ] Safepoint "RevokeBias", Time since last: 25520 ns, Reaching safepoint: 10931 ns, At safepoint: 16359 ns, Total: 27290 ns
[2020-09-11T14:06:40.298+0000][1][safepoint    ] Safepoint "BulkRevokeBias", Time since last: 25683 ns, Reaching safepoint: 10840 ns, At safepoint: 67729 ns, Total: 78569 ns
[2020-09-11T14:06:40.298+0000][1][safepoint    ] Safepoint "RevokeBias", Time since last: 163536 ns, Reaching safepoint: 13722 ns, At safepoint: 20122 ns, Total: 33844 ns
[2020-09-11T14:06:40.298+0000][1][safepoint    ] Safepoint "RevokeBias", Time since last: 45953 ns, Reaching safepoint: 11184 ns, At safepoint: 16958 ns, Total: 28142 ns
[2020-09-11T14:06:40.298+0000][1][safepoint    ] Safepoint "RevokeBias", Time since last: 75428 ns, Reaching safepoint: 14364 ns, At safepoint: 26517 ns, Total: 40881 ns
[2020-09-11T14:06:40.298+0000][1][safepoint    ] Safepoint "RevokeBias", Time since last: 39706 ns, Reaching safepoint: 13798 ns, At safepoint: 16821 ns, Total: 30619 ns
[2020-09-11T14:06:40.298+0000][1][safepoint    ] Safepoint "RevokeBias", Time since last: 111744 ns, Reaching safepoint: 11899 ns, At safepoint: 16993 ns, Total: 28892 ns
[2020-09-11T14:06:40.299+0000][1][safepoint    ] Safepoint "RevokeBias", Time since last: 233812 ns, Reaching safepoint: 14515 ns, At safepoint: 17710 ns, Total: 32225 ns
[2020-09-11T14:06:40.299+0000][1][safepoint    ] Safepoint "RevokeBias", Time since last: 61661 ns, Reaching safepoint: 12587 ns, At safepoint: 17276 ns, Total: 29863 ns
[2020-09-11T14:06:40.299+0000][1][safepoint    ] Safepoint "RevokeBias", Time since last: 126937 ns, Reaching safepoint: 13333 ns, At safepoint: 17534 ns, Total: 30867 ns
[2020-09-11T14:06:40.299+0000][1][safepoint    ] Safepoint "RevokeBias", Time since last: 43781 ns, Reaching safepoint: 10746 ns, At safepoint: 16823 ns, Total: 27569 ns
[2020-09-11T14:06:40.299+0000][1][safepoint    ] Safepoint "RevokeBias", Time since last: 25725 ns, Reaching safepoint: 10130 ns, At safepoint: 16485 ns, Total: 26615 ns
[2020-09-11T14:06:40.299+0000][1][safepoint    ] Safepoint "RevokeBias", Time since last: 24596 ns, Reaching safepoint: 10104 ns, At safepoint: 16349 ns, Total: 26453 ns
[2020-09-11T14:06:40.299+0000][1][safepoint    ] Safepoint "RevokeBias", Time since last: 199115 ns, Reaching safepoint: 12544 ns, At safepoint: 17433 ns, Total: 29977 ns
[2020-09-11T14:06:40.299+0000][1][safepoint    ] Safepoint "RevokeBias", Time since last: 98676 ns, Reaching safepoint: 12209 ns, At safepoint: 17105 ns, Total: 29314 ns
[2020-09-11T14:06:40.303+0000][1][safepoint    ] Safepoint "RevokeBias", Time since last: 3966671 ns, Reaching safepoint: 28885 ns, At safepoint: 42359 ns, Total: 71244 ns
[2020-09-11T14:06:40.311+0000][1][safepoint    ] Safepoint "RevokeBias", Time since last: 136249 ns, Reaching safepoint: 12862 ns, At safepoint: 7945813 ns, Total: 7958675 ns
[2020-09-11T14:06:40.317+0000][1][safepoint    ] Safepoint "RevokeBias", Time since last: 406278 ns, Reaching safepoint: 5560738 ns, At safepoint: 41746 ns, Total: 5602484 ns
[2020-09-11T14:06:40.318+0000][1][safepoint    ] Safepoint "BulkRevokeBias", Time since last: 523116 ns, Reaching safepoint: 89185 ns, At safepoint: 72988 ns, Total: 162173 ns
[2020-09-11T14:06:40.337+0000][1][safepoint    ] Safepoint "RevokeBias", Time since last: 18460563 ns, Reaching safepoint: 305455 ns, At safepoint: 31892 ns, Total: 337347 ns
[2020-09-11T14:06:40.338+0000][1][safepoint    ] Safepoint "RevokeBias", Time since last: 555529 ns, Reaching safepoint: 91934 ns, At safepoint: 22002 ns, Total: 113936 ns
[2020-09-11T14:06:40.338+0000][1][safepoint    ] Safepoint "RevokeBias", Time since last: 37648 ns, Reaching safepoint: 83717 ns, At safepoint: 17750 ns, Total: 101467 ns
[2020-09-11T14:06:40.662+0000][1][safepoint    ] Safepoint "RevokeBias", Time since last: 323708397 ns, Reaching safepoint: 113730 ns, At safepoint: 12390 ns, Total: 126120 ns
[2020-09-11T14:06:40.662+0000][1][safepoint    ] Safepoint "RevokeBias", Time since last: 154060 ns, Reaching safepoint: 82131 ns, At safepoint: 7884 ns, Total: 90015 ns
[2020-09-11T14:06:40.662+0000][1][safepoint    ] Safepoint "RevokeBias", Time since last: 160505 ns, Reaching safepoint: 89019 ns, At safepoint: 8040 ns, Total: 97059 ns
[2020-09-11T14:06:40.662+0000][1][safepoint    ] Safepoint "RevokeBias", Time since last: 53114 ns, Reaching safepoint: 81021 ns, At safepoint: 7483 ns, Total: 88504 ns
[2020-09-11T14:06:41.140+0000][1][gc,start     ] GC(61) Pause Young (Allocation Failure)
[2020-09-11T14:06:41.140+0000][1][gc,task      ] GC(61) Using 1 workers of 1 for evacuation
[2020-09-11T14:06:41.336+0000][1][gc,age       ] GC(61) Desired survivor size 4358144 bytes, new threshold 2 (max threshold 6)
[2020-09-11T14:06:41.336+0000][1][gc,age       ] GC(61) Age table with threshold 2 (max threshold 6)
[2020-09-11T14:06:41.336+0000][1][gc,age       ] GC(61) - age   1:    2189792 bytes,    2189792 total
[2020-09-11T14:06:41.336+0000][1][gc,age       ] GC(61) - age   2:    2615456 bytes,    4805248 total
[2020-09-11T14:06:41.337+0000][1][gc,heap      ] GC(61) ParNew: 76672K->6179K(76672K)
[2020-09-11T14:06:41.337+0000][1][gc,heap      ] GC(61) CMS: 50017K->54129K(2011968K)
[2020-09-11T14:06:41.337+0000][1][gc,metaspace ] GC(61) Metaspace: 52625K->52625K(1097728K)
[2020-09-11T14:06:41.337+0000][1][gc           ] GC(61) Pause Young (Allocation Failure) 123M->58M(2039M) 196.713ms
[2020-09-11T14:06:41.337+0000][1][gc,cpu       ] GC(61) User=0.09s Sys=0.00s Real=0.20s
[2020-09-11T14:06:41.346+0000][1][safepoint    ] Safepoint "GenCollectForAllocation", Time since last: 477213405 ns, Reaching safepoint: 398597 ns, At safepoint: 205739203 ns, Total: 206137800 ns
[2020-09-11T14:06:41.408+0000][1][safepoint    ] Safepoint "RevokeBias", Time since last: 61853801 ns, Reaching safepoint: 116654 ns, At safepoint: 16596 ns, Total: 133250 ns
[2020-09-11T14:06:41.408+0000][1][safepoint    ] Safepoint "RevokeBias", Time since last: 68966 ns, Reaching safepoint: 11290 ns, At safepoint: 9160 ns, Total: 20450 ns
[2020-09-11T14:06:41.408+0000][1][safepoint    ] Safepoint "RevokeBias", Time since last: 32617 ns, Reaching safepoint: 10126 ns, At safepoint: 8163 ns, Total: 18289 ns
[2020-09-11T14:06:41.408+0000][1][safepoint    ] Safepoint "RevokeBias", Time since last: 32737 ns, Reaching safepoint: 9823 ns, At safepoint: 7599 ns, Total: 17422 ns
[2020-09-11T14:06:41.408+0000][1][safepoint    ] Safepoint "RevokeBias", Time since last: 25791 ns, Reaching safepoint: 9708 ns, At safepoint: 7447 ns, Total: 17155 ns
[2020-09-11T14:06:41.408+0000][1][safepoint    ] Safepoint "RevokeBias", Time since last: 25526 ns, Reaching safepoint: 9567 ns, At safepoint: 7360 ns, Total: 16927 ns
[2020-09-11T14:06:41.408+0000][1][safepoint    ] Safepoint "RevokeBias", Time since last: 41854 ns, Reaching safepoint: 9920 ns, At safepoint: 7547 ns, Total: 17467 ns
[2020-09-11T14:06:41.873+0000][1][safepoint    ] Safepoint "RevokeBias", Time since last: 464548737 ns, Reaching safepoint: 127273 ns, At safepoint: 15728 ns, Total: 143001 ns
[2020-09-11T14:06:42.876+0000][1][safepoint    ] Safepoint "Cleanup", Time since last: 1002832126 ns, Reaching safepoint: 560476 ns, At safepoint: 8471 ns, Total: 568947 ns
[2020-09-11T14:06:42.883+0000][1][safepoint    ] Safepoint "RevokeBias", Time since last: 6481050 ns, Reaching safepoint: 109880 ns, At safepoint: 14569 ns, Total: 124449 ns
[2020-09-11T14:06:43.884+0000][1][safepoint    ] Safepoint "Cleanup", Time since last: 1000127017 ns, Reaching safepoint: 1055326 ns, At safepoint: 9103 ns, Total: 1064429 ns
[2020-09-11T14:06:43.896+0000][1][gc,start     ] GC(62) Pause Young (Allocation Failure)
[2020-09-11T14:06:43.896+0000][1][gc,task      ] GC(62) Using 1 workers of 1 for evacuation
[2020-09-11T14:06:44.033+0000][1][gc,age       ] GC(62) Desired survivor size 4358144 bytes, new threshold 6 (max threshold 6)
[2020-09-11T14:06:44.033+0000][1][gc,age       ] GC(62) Age table with threshold 6 (max threshold 6)
[2020-09-11T14:06:44.033+0000][1][gc,age       ] GC(62) - age   1:    1687912 bytes,    1687912 total
[2020-09-11T14:06:44.033+0000][1][gc,age       ] GC(62) - age   2:    2145024 bytes,    3832936 total
[2020-09-11T14:06:44.033+0000][1][gc,heap      ] GC(62) ParNew: 74339K->5064K(76672K)
[2020-09-11T14:06:44.034+0000][1][gc,heap      ] GC(62) CMS: 54129K->56790K(2011968K)
[2020-09-11T14:06:44.034+0000][1][gc,metaspace ] GC(62) Metaspace: 60602K->60602K(1105920K)
[2020-09-11T14:06:44.034+0000][1][gc           ] GC(62) Pause Young (Allocation Failure) 125M->60M(2039M) 137.970ms
[2020-09-11T14:06:44.034+0000][1][gc,cpu       ] GC(62) User=0.07s Sys=0.00s Real=0.13s
[2020-09-11T14:06:44.034+0000][1][safepoint    ] Safepoint "GenCollectForAllocation", Time since last: 11663611 ns, Reaching safepoint: 117588 ns, At safepoint: 138048703 ns, Total: 138166291 ns
[2020-09-11T14:06:44.208+0000][1][safepoint    ] Safepoint "CollectForMetadataAllocation", Time since last: 173856764 ns, Reaching safepoint: 127278 ns, At safepoint: 134334 ns, Total: 261612 ns
[2020-09-11T14:06:44.276+0000][1][safepoint    ] Safepoint "CollectForMetadataAllocation", Time since last: 67701405 ns, Reaching safepoint: 120723 ns, At safepoint: 287857 ns, Total: 408580 ns
[2020-09-11T14:06:44.498+0000][1][safepoint    ] Safepoint "CollectForMetadataAllocation", Time since last: 222432154 ns, Reaching safepoint: 124386 ns, At safepoint: 75770 ns, Total: 200156 ns
[2020-09-11T14:06:44.700+0000][1][safepoint    ] Safepoint "CollectForMetadataAllocation", Time since last: 197899158 ns, Reaching safepoint: 3087860 ns, At safepoint: 125549 ns, Total: 3213409 ns
[2020-09-11T14:06:44.891+0000][1][safepoint    ] Safepoint "CollectForMetadataAllocation", Time since last: 191050273 ns, Reaching safepoint: 131776 ns, At safepoint: 80062 ns, Total: 211838 ns
[2020-09-11T14:06:45.104+0000][1][safepoint    ] Safepoint "CollectForMetadataAllocation", Time since last: 212586025 ns, Reaching safepoint: 114454 ns, At safepoint: 88565 ns, Total: 203019 ns
[2020-09-11T14:06:45.116+0000][1][safepoint    ] Safepoint "RevokeBias", Time since last: 11823852 ns, Reaching safepoint: 117257 ns, At safepoint: 17189 ns, Total: 134446 ns
[2020-09-11T14:06:45.344+0000][1][safepoint    ] Safepoint "CollectForMetadataAllocation", Time since last: 228008541 ns, Reaching safepoint: 123235 ns, At safepoint: 117870 ns, Total: 241105 ns
[2020-09-11T14:06:45.384+0000][1][safepoint    ] Safepoint "Deoptimize", Time since last: 39593207 ns, Reaching safepoint: 109337 ns, At safepoint: 326083 ns, Total: 435420 ns
[2020-09-11T14:06:45.586+0000][1][safepoint    ] Safepoint "CollectForMetadataAllocation", Time since last: 202037989 ns, Reaching safepoint: 115095 ns, At safepoint: 114515 ns, Total: 229610 ns
[2020-09-11T14:06:45.696+0000][1][safepoint    ] Safepoint "CollectForMetadataAllocation", Time since last: 109282902 ns, Reaching safepoint: 119770 ns, At safepoint: 132778 ns, Total: 252548 ns
[2020-09-11T14:06:45.835+0000][1][safepoint    ] Safepoint "RevokeBias", Time since last: 138737576 ns, Reaching safepoint: 123611 ns, At safepoint: 17397 ns, Total: 141008 ns
[2020-09-11T14:06:45.868+0000][1][safepoint    ] Safepoint "RevokeBias", Time since last: 32873705 ns, Reaching safepoint: 112114 ns, At safepoint: 14231 ns, Total: 126345 ns
[2020-09-11T14:06:45.868+0000][1][safepoint    ] Safepoint "RevokeBias", Time since last: 109581 ns, Reaching safepoint: 82060 ns, At safepoint: 9041 ns, Total: 91101 ns
[2020-09-11T14:06:45.868+0000][1][safepoint    ] Safepoint "BulkRevokeBias", Time since last: 79340 ns, Reaching safepoint: 81767 ns, At safepoint: 75143 ns, Total: 156910 ns
[2020-09-11T14:06:45.910+0000][1][safepoint    ] Safepoint "CollectForMetadataAllocation", Time since last: 41434331 ns, Reaching safepoint: 117910 ns, At safepoint: 92478 ns, Total: 210388 ns
[2020-09-11T14:06:46.047+0000][1][gc,start     ] GC(63) Pause Initial Mark
[2020-09-11T14:06:46.124+0000][1][gc           ] GC(63) Pause Initial Mark 103M->103M(2039M) 76.889ms
[2020-09-11T14:06:46.124+0000][1][gc,cpu       ] GC(63) User=0.04s Sys=0.00s Real=0.08s
[2020-09-11T14:06:46.132+0000][1][safepoint    ] Safepoint "CMS_Initial_Mark", Time since last: 129093819 ns, Reaching safepoint: 7917160 ns, At safepoint: 84934881 ns, Total: 92852041 ns
[2020-09-11T14:06:46.132+0000][1][gc           ] GC(63) Concurrent Mark
[2020-09-11T14:06:46.252+0000][1][safepoint    ] Safepoint "CollectForMetadataAllocation", Time since last: 111840545 ns, Reaching safepoint: 8043420 ns, At safepoint: 119873 ns, Total: 8163293 ns
[2020-09-11T14:06:46.500+0000][1][gc           ] GC(63) Concurrent Mark 368.203ms
[2020-09-11T14:06:46.500+0000][1][gc,cpu       ] GC(63) User=0.18s Sys=0.00s Real=0.37s
[2020-09-11T14:06:46.500+0000][1][gc           ] GC(63) Concurrent Preclean
[2020-09-11T14:06:46.524+0000][1][gc           ] GC(63) Concurrent Preclean 23.833ms
[2020-09-11T14:06:46.524+0000][1][gc,cpu       ] GC(63) User=0.01s Sys=0.00s Real=0.03s
[2020-09-11T14:06:46.524+0000][1][gc           ] GC(63) Concurrent Abortable Preclean
[2020-09-11T14:06:46.622+0000][1][safepoint    ] Safepoint "CollectForMetadataAllocation", Time since last: 368320077 ns, Reaching safepoint: 1816896 ns, At safepoint: 107796 ns, Total: 1924692 ns
[2020-09-11T14:06:46.747+0000][1][safepoint    ] Safepoint "CollectForMetadataAllocation", Time since last: 125238358 ns, Reaching safepoint: 127052 ns, At safepoint: 119749 ns, Total: 246801 ns
[2020-09-11T14:06:46.892+0000][1][safepoint    ] Safepoint "CollectForMetadataAllocation", Time since last: 135649659 ns, Reaching safepoint: 8492722 ns, At safepoint: 135051 ns, Total: 8627773 ns
[2020-09-11T14:06:46.980+0000][1][safepoint    ] Safepoint "CollectForMetadataAllocation", Time since last: 87852357 ns, Reaching safepoint: 113252 ns, At safepoint: 115038 ns, Total: 228290 ns
[2020-09-11T14:06:47.038+0000][1][safepoint    ] Safepoint "RevokeBias", Time since last: 58015196 ns, Reaching safepoint: 45701 ns, At safepoint: 11602 ns, Total: 57303 ns
[2020-09-11T14:06:47.038+0000][1][safepoint    ] Safepoint "RevokeBias", Time since last: 369580 ns, Reaching safepoint: 86915 ns, At safepoint: 10613 ns, Total: 97528 ns
[2020-09-11T14:06:47.149+0000][1][safepoint    ] Safepoint "CollectForMetadataAllocation", Time since last: 110301541 ns, Reaching safepoint: 47753 ns, At safepoint: 108072 ns, Total: 155825 ns
[2020-09-11T14:06:47.323+0000][1][safepoint    ] Safepoint "CollectForMetadataAllocation", Time since last: 174474133 ns, Reaching safepoint: 114118 ns, At safepoint: 122498 ns, Total: 236616 ns
[2020-09-11T14:06:47.497+0000][1][safepoint    ] Safepoint "RevokeBias", Time since last: 172303397 ns, Reaching safepoint: 911566 ns, At safepoint: 19767 ns, Total: 931333 ns
[2020-09-11T14:06:47.524+0000][1][safepoint    ] Safepoint "CollectForMetadataAllocation", Time since last: 26796105 ns, Reaching safepoint: 53026 ns, At safepoint: 119288 ns, Total: 172314 ns
[2020-09-11T14:06:47.581+0000][1][gc,start     ] GC(64) Pause Young (Allocation Failure)
[2020-09-11T14:06:47.581+0000][1][gc,task      ] GC(64) Using 1 workers of 1 for evacuation
[2020-09-11T14:06:47.650+0000][1][gc,age       ] GC(64) Desired survivor size 4358144 bytes, new threshold 2 (max threshold 6)
[2020-09-11T14:06:47.655+0000][1][gc,age       ] GC(64) Age table with threshold 2 (max threshold 6)
[2020-09-11T14:06:47.655+0000][1][gc,age       ] GC(64) - age   1:    3445208 bytes,    3445208 total
[2020-09-11T14:06:47.655+0000][1][gc,age       ] GC(64) - age   2:    1515144 bytes,    4960352 total
[2020-09-11T14:06:47.655+0000][1][gc,age       ] GC(64) - age   3:    2108336 bytes,    7068688 total
[2020-09-11T14:06:47.655+0000][1][gc,heap      ] GC(64) ParNew: 73224K->8146K(76672K)
[2020-09-11T14:06:47.655+0000][1][gc,heap      ] GC(64) CMS: 56790K->56790K(2011968K)
[2020-09-11T14:06:47.655+0000][1][gc,metaspace ] GC(64) Metaspace: 66382K->66382K(1110016K)
[2020-09-11T14:06:47.656+0000][1][gc           ] GC(64) Pause Young (Allocation Failure) 126M->63M(2039M) 74.953ms
[2020-09-11T14:06:47.656+0000][1][gc,cpu       ] GC(64) User=0.04s Sys=0.00s Real=0.08s
[2020-09-11T14:06:47.675+0000][1][safepoint    ] Safepoint "GenCollectForAllocation", Time since last: 56918771 ns, Reaching safepoint: 48172 ns, At safepoint: 94869195 ns, Total: 94917367 ns
[2020-09-11T14:06:47.817+0000][1][safepoint    ] Safepoint "CollectForMetadataAllocation", Time since last: 141124712 ns, Reaching safepoint: 47956 ns, At safepoint: 119526 ns, Total: 167482 ns
[2020-09-11T14:06:47.932+0000][1][safepoint    ] Safepoint "CollectForMetadataAllocation", Time since last: 111430217 ns, Reaching safepoint: 3291908 ns, At safepoint: 74377 ns, Total: 3366285 ns
[2020-09-11T14:06:48.112+0000][1][safepoint    ] Safepoint "CollectForMetadataAllocation", Time since last: 179918277 ns, Reaching safepoint: 62583 ns, At safepoint: 88172 ns, Total: 150755 ns
[2020-09-11T14:06:48.190+0000][1][safepoint    ] Safepoint "RevokeBias", Time since last: 67859838 ns, Reaching safepoint: 10874631 ns, At safepoint: 14012 ns, Total: 10888643 ns
[2020-09-11T14:06:48.304+0000][1][safepoint    ] Safepoint "CollectForMetadataAllocation", Time since last: 105102825 ns, Reaching safepoint: 8047486 ns, At safepoint: 117276 ns, Total: 8164762 ns
[2020-09-11T14:06:48.384+0000][1][safepoint    ] Safepoint "CollectForMetadataAllocation", Time since last: 79840044 ns, Reaching safepoint: 64260 ns, At safepoint: 114076 ns, Total: 178336 ns
[2020-09-11T14:06:48.415+0000][1][safepoint    ] Safepoint "CollectForMetadataAllocation", Time since last: 26622763 ns, Reaching safepoint: 4633301 ns, At safepoint: 117044 ns, Total: 4750345 ns
[2020-09-11T14:06:48.460+0000][1][safepoint    ] Safepoint "Deoptimize", Time since last: 44445808 ns, Reaching safepoint: 52642 ns, At safepoint: 326083 ns, Total: 378725 ns
[2020-09-11T14:06:48.516+0000][1][safepoint    ] Safepoint "CollectForMetadataAllocation", Time since last: 43626560 ns, Reaching safepoint: 12131353 ns, At safepoint: 123170 ns, Total: 12254523 ns
[2020-09-11T14:06:48.519+0000][1][safepoint    ] Safepoint "Deoptimize", Time since last: 2383880 ns, Reaching safepoint: 95659 ns, At safepoint: 351045 ns, Total: 446704 ns
[2020-09-11T14:06:48.716+0000][1][safepoint    ] Safepoint "CollectForMetadataAllocation", Time since last: 197823693 ns, Reaching safepoint: 48639 ns, At safepoint: 108265 ns, Total: 156904 ns
[2020-09-11T14:06:48.825+0000][1][safepoint    ] Safepoint "RevokeBias", Time since last: 108112240 ns, Reaching safepoint: 64833 ns, At safepoint: 24359 ns, Total: 89192 ns
[2020-09-11T14:06:48.828+0000][1][safepoint    ] Safepoint "RevokeBias", Time since last: 2733084 ns, Reaching safepoint: 99040 ns, At safepoint: 28802 ns, Total: 127842 ns
[2020-09-11T14:06:48.828+0000][1][safepoint    ] Safepoint "RevokeBias", Time since last: 799408 ns, Reaching safepoint: 92357 ns, At safepoint: 24186 ns, Total: 116543 ns
[2020-09-11T14:06:48.844+0000][1][safepoint    ] Safepoint "RevokeBias", Time since last: 7656353 ns, Reaching safepoint: 7347544 ns, At safepoint: 27682 ns, Total: 7375226 ns
[2020-09-11T14:06:48.844+0000][1][safepoint    ] Safepoint "RevokeBias", Time since last: 104416 ns, Reaching safepoint: 25694 ns, At safepoint: 21092 ns, Total: 46786 ns
[2020-09-11T14:06:48.844+0000][1][safepoint    ] Safepoint "RevokeBias", Time since last: 182832 ns, Reaching safepoint: 22961 ns, At safepoint: 19118 ns, Total: 42079 ns
[2020-09-11T14:06:48.844+0000][1][safepoint    ] Safepoint "RevokeBias", Time since last: 231360 ns, Reaching safepoint: 96812 ns, At safepoint: 30677 ns, Total: 127489 ns
[2020-09-11T14:06:48.844+0000][1][safepoint    ] Safepoint "RevokeBias", Time since last: 202157 ns, Reaching safepoint: 18971 ns, At safepoint: 17739 ns, Total: 36710 ns
[2020-09-11T14:06:48.845+0000][1][safepoint    ] Safepoint "RevokeBias", Time since last: 36769 ns, Reaching safepoint: 15582 ns, At safepoint: 15081 ns, Total: 30663 ns
[2020-09-11T14:06:48.845+0000][1][safepoint    ] Safepoint "RevokeBias", Time since last: 524274 ns, Reaching safepoint: 12774 ns, At safepoint: 16292 ns, Total: 29066 ns
[2020-09-11T14:06:48.866+0000][1][safepoint    ] Safepoint "RevokeBias", Time since last: 14323392 ns, Reaching safepoint: 6532037 ns, At safepoint: 26954 ns, Total: 6558991 ns
[2020-09-11T14:06:48.866+0000][1][safepoint    ] Safepoint "RevokeBias", Time since last: 133568 ns, Reaching safepoint: 12299 ns, At safepoint: 15099 ns, Total: 27398 ns
[2020-09-11T14:06:48.866+0000][1][safepoint    ] Safepoint "CollectForMetadataAllocation", Time since last: 180507 ns, Reaching safepoint: 11194 ns, At safepoint: 127255 ns, Total: 138449 ns
[2020-09-11T14:06:48.869+0000][1][safepoint    ] Safepoint "Deoptimize", Time since last: 2511134 ns, Reaching safepoint: 93440 ns, At safepoint: 344247 ns, Total: 437687 ns
[2020-09-11T14:06:49.037+0000][1][safepoint    ] Safepoint "CollectForMetadataAllocation", Time since last: 166987509 ns, Reaching safepoint: 85067 ns, At safepoint: 122138 ns, Total: 207205 ns
[2020-09-11T14:06:49.142+0000][1][safepoint    ] Safepoint "RevokeBias", Time since last: 65381601 ns, Reaching safepoint: 39877449 ns, At safepoint: 56446 ns, Total: 39933895 ns
[2020-09-11T14:06:49.142+0000][1][safepoint    ] Safepoint "RevokeBias", Time since last: 81566 ns, Reaching safepoint: 91014 ns, At safepoint: 43199 ns, Total: 134213 ns
[2020-09-11T14:06:49.142+0000][1][safepoint    ] Safepoint "RevokeBias", Time since last: 50056 ns, Reaching safepoint: 88025 ns, At safepoint: 27976 ns, Total: 116001 ns
[2020-09-11T14:06:49.142+0000][1][safepoint    ] Safepoint "RevokeBias", Time since last: 44174 ns, Reaching safepoint: 85019 ns, At safepoint: 26703 ns, Total: 111722 ns
[2020-09-11T14:06:49.143+0000][1][safepoint    ] Safepoint "RevokeBias", Time since last: 43836 ns, Reaching safepoint: 83748 ns, At safepoint: 27573 ns, Total: 111321 ns
[2020-09-11T14:06:49.143+0000][1][safepoint    ] Safepoint "RevokeBias", Time since last: 44378 ns, Reaching safepoint: 82923 ns, At safepoint: 26870 ns, Total: 109793 ns
[2020-09-11T14:06:49.143+0000][1][safepoint    ] Safepoint "RevokeBias", Time since last: 40257 ns, Reaching safepoint: 82895 ns, At safepoint: 25834 ns, Total: 108729 ns
[2020-09-11T14:06:49.143+0000][1][safepoint    ] Safepoint "RevokeBias", Time since last: 39850 ns, Reaching safepoint: 82504 ns, At safepoint: 24139 ns, Total: 106643 ns
[2020-09-11T14:06:49.286+0000][1][safepoint    ] Safepoint "RevokeBias", Time since last: 112262583 ns, Reaching safepoint: 30889818 ns, At safepoint: 39568 ns, Total: 30929386 ns
[2020-09-11T14:06:49.287+0000][1][safepoint    ] Safepoint "RevokeBias", Time since last: 169005 ns, Reaching safepoint: 83432 ns, At safepoint: 24303 ns, Total: 107735 ns
[2020-09-11T14:06:49.287+0000][1][safepoint    ] Safepoint "RevokeBias", Time since last: 53645 ns, Reaching safepoint: 826952 ns, At safepoint: 29891 ns, Total: 856843 ns
[2020-09-11T14:06:49.315+0000][1][safepoint    ] Safepoint "RevokeBias", Time since last: 20390818 ns, Reaching safepoint: 7615716 ns, At safepoint: 43541 ns, Total: 7659257 ns
[2020-09-11T14:06:49.316+0000][1][safepoint    ] Safepoint "RevokeBias", Time since last: 102541 ns, Reaching safepoint: 87933 ns, At safepoint: 24212 ns, Total: 112145 ns
[2020-09-11T14:06:49.356+0000][1][safepoint    ] Safepoint "RevokeBias", Time since last: 28412402 ns, Reaching safepoint: 12259404 ns, At safepoint: 21907 ns, Total: 12281311 ns
[2020-09-11T14:06:49.359+0000][1][safepoint    ] Safepoint "RevokeBias", Time since last: 125030 ns, Reaching safepoint: 2889545 ns, At safepoint: 13044 ns, Total: 2902589 ns
[2020-09-11T14:06:49.360+0000][1][safepoint    ] Safepoint "RevokeBias", Time since last: 71495 ns, Reaching safepoint: 606228 ns, At safepoint: 13535 ns, Total: 619763 ns
[2020-09-11T14:06:49.360+0000][1][safepoint    ] Safepoint "RevokeBias", Time since last: 110754 ns, Reaching safepoint: 90818 ns, At safepoint: 65262 ns, Total: 156080 ns
[2020-09-11T14:06:49.361+0000][1][safepoint    ] Safepoint "RevokeBias", Time since last: 31417 ns, Reaching safepoint: 83555 ns, At safepoint: 35214 ns, Total: 118769 ns
[2020-09-11T14:06:49.361+0000][1][safepoint    ] Safepoint "RevokeBias", Time since last: 30016 ns, Reaching safepoint: 84059 ns, At safepoint: 32302 ns, Total: 116361 ns
[2020-09-11T14:06:49.376+0000][1][safepoint    ] Safepoint "RevokeBias", Time since last: 11653080 ns, Reaching safepoint: 3123195 ns, At safepoint: 76070 ns, Total: 3199265 ns
[2020-09-11T14:06:49.376+0000][1][safepoint    ] Safepoint "RevokeBias", Time since last: 61963 ns, Reaching safepoint: 91522 ns, At safepoint: 52935 ns, Total: 144457 ns
[2020-09-11T14:06:49.376+0000][1][safepoint    ] Safepoint "RevokeBias", Time since last: 45136 ns, Reaching safepoint: 88658 ns, At safepoint: 30758 ns, Total: 119416 ns
[2020-09-11T14:06:49.388+0000][1][safepoint    ] Safepoint "RevokeBias", Time since last: 12455785 ns, Reaching safepoint: 56481 ns, At safepoint: 50662 ns, Total: 107143 ns
[2020-09-11T14:06:49.389+0000][1][safepoint    ] Safepoint "RevokeBias", Time since last: 75376 ns, Reaching safepoint: 95910 ns, At safepoint: 35703 ns, Total: 131613 ns
[2020-09-11T14:06:49.398+0000][1][safepoint    ] Safepoint "CollectForMetadataAllocation", Time since last: 9387112 ns, Reaching safepoint: 67101 ns, At safepoint: 75035 ns, Total: 142136 ns
[2020-09-11T14:06:49.402+0000][1][safepoint    ] Safepoint "CollectForMetadataAllocation", Time since last: 3440695 ns, Reaching safepoint: 109515 ns, At safepoint: 8711 ns, Total: 118226 ns
[2020-09-11T14:06:49.528+0000][1][safepoint    ] Safepoint "CollectForMetadataAllocation", Time since last: 113667588 ns, Reaching safepoint: 12135174 ns, At safepoint: 122581 ns, Total: 12257755 ns
[2020-09-11T14:06:49.588+0000][1][safepoint    ] Safepoint "RevokeBias", Time since last: 55745350 ns, Reaching safepoint: 4477209 ns, At safepoint: 49363 ns, Total: 4526572 ns
[2020-09-11T14:06:49.647+0000][1][safepoint    ] Safepoint "RevokeBias", Time since last: 23501503 ns, Reaching safepoint: 35949467 ns, At safepoint: 22991 ns, Total: 35972458 ns
[2020-09-11T14:06:49.688+0000][1][safepoint    ] Safepoint "RevokeBias", Time since last: 12118482 ns, Reaching safepoint: 27981394 ns, At safepoint: 35647 ns, Total: 28017041 ns
[2020-09-11T14:06:49.688+0000][1][safepoint    ] Safepoint "RevokeBias", Time since last: 387291 ns, Reaching safepoint: 98540 ns, At safepoint: 28405 ns, Total: 126945 ns
[2020-09-11T14:06:49.688+0000][1][safepoint    ] Safepoint "RevokeBias", Time since last: 83838 ns, Reaching safepoint: 95195 ns, At safepoint: 22974 ns, Total: 118169 ns
[2020-09-11T14:06:49.688+0000][1][safepoint    ] Safepoint "RevokeBias", Time since last: 55591 ns, Reaching safepoint: 91015 ns, At safepoint: 21246 ns, Total: 112261 ns
[2020-09-11T14:06:49.700+0000][1][safepoint    ] Safepoint "RevokeBias", Time since last: 10972571 ns, Reaching safepoint: 119916 ns, At safepoint: 34549 ns, Total: 154465 ns
[2020-09-11T14:06:49.700+0000][1][safepoint    ] Safepoint "RevokeBias", Time since last: 264551 ns, Reaching safepoint: 59446 ns, At safepoint: 21269 ns, Total: 80715 ns
[2020-09-11T14:06:49.700+0000][1][safepoint    ] Safepoint "RevokeBias", Time since last: 53277 ns, Reaching safepoint: 82946 ns, At safepoint: 19081 ns, Total: 102027 ns
[2020-09-11T14:06:49.700+0000][1][safepoint    ] Safepoint "RevokeBias", Time since last: 129405 ns, Reaching safepoint: 84304 ns, At safepoint: 23752 ns, Total: 108056 ns
[2020-09-11T14:06:49.701+0000][1][safepoint    ] Safepoint "RevokeBias", Time since last: 112022 ns, Reaching safepoint: 91659 ns, At safepoint: 20655 ns, Total: 112314 ns
[2020-09-11T14:06:49.701+0000][1][safepoint    ] Safepoint "RevokeBias", Time since last: 35160 ns, Reaching safepoint: 86964 ns, At safepoint: 19627 ns, Total: 106591 ns
[2020-09-11T14:06:49.701+0000][1][safepoint    ] Safepoint "RevokeBias", Time since last: 105224 ns, Reaching safepoint: 87683 ns, At safepoint: 19743 ns, Total: 107426 ns
[2020-09-11T14:06:49.701+0000][1][safepoint    ] Safepoint "RevokeBias", Time since last: 235425 ns, Reaching safepoint: 85413 ns, At safepoint: 10620 ns, Total: 96033 ns
[2020-09-11T14:06:49.701+0000][1][safepoint    ] Safepoint "BulkRevokeBias", Time since last: 86101 ns, Reaching safepoint: 82487 ns, At safepoint: 73560 ns, Total: 156047 ns
[2020-09-11T14:06:49.702+0000][1][safepoint    ] Safepoint "RevokeBias", Time since last: 86151 ns, Reaching safepoint: 82404 ns, At safepoint: 25045 ns, Total: 107449 ns
[2020-09-11T14:06:49.720+0000][1][safepoint    ] Safepoint "RevokeBias", Time since last: 9742782 ns, Reaching safepoint: 8439127 ns, At safepoint: 31679 ns, Total: 8470806 ns
[2020-09-11T14:06:49.720+0000][1][safepoint    ] Safepoint "RevokeBias", Time since last: 447928 ns, Reaching safepoint: 92211 ns, At safepoint: 24148 ns, Total: 116359 ns
[2020-09-11T14:06:49.721+0000][1][safepoint    ] Safepoint "RevokeBias", Time since last: 316461 ns, Reaching safepoint: 104451 ns, At safepoint: 22257 ns, Total: 126708 ns
[2020-09-11T14:06:49.816+0000][1][safepoint    ] Safepoint "RevokeBias", Time since last: 58559495 ns, Reaching safepoint: 36874379 ns, At safepoint: 42985 ns, Total: 36917364 ns
[2020-09-11T14:06:49.834+0000][1][safepoint    ] Safepoint "CollectForMetadataAllocation", Time since last: 12864637 ns, Reaching safepoint: 4412325 ns, At safepoint: 125137 ns, Total: 4537462 ns
[2020-09-11T14:06:49.943+0000][1][safepoint    ] Safepoint "CollectForMetadataAllocation", Time since last: 106686910 ns, Reaching safepoint: 2176062 ns, At safepoint: 72365 ns, Total: 2248427 ns
[2020-09-11T14:06:49.950+0000][1][gc           ] GC(63) Concurrent Abortable Preclean 3426.510ms
[2020-09-11T14:06:49.950+0000][1][gc,cpu       ] GC(63) User=1.55s Sys=0.02s Real=3.42s
[2020-09-11T14:06:49.981+0000][1][gc,start     ] GC(63) Pause Remark
[2020-09-11T14:06:50.071+0000][1][gc           ] GC(63) Pause Remark 112M->112M(2039M) 90.666ms
[2020-09-11T14:06:50.071+0000][1][gc,cpu       ] GC(63) User=0.04s Sys=0.00s Real=0.09s
[2020-09-11T14:06:50.103+0000][1][safepoint    ] Safepoint "CMS_Final_Remark", Time since last: 28723130 ns, Reaching safepoint: 9091071 ns, At safepoint: 122910414 ns, Total: 132001485 ns
[2020-09-11T14:06:50.103+0000][1][gc           ] GC(63) Concurrent Sweep
[2020-09-11T14:06:50.116+0000][1][safepoint    ] Safepoint "CollectForMetadataAllocation", Time since last: 6097146 ns, Reaching safepoint: 6669891 ns, At safepoint: 24278 ns, Total: 6694169 ns
[2020-09-11T14:06:50.117+0000][1][safepoint    ] Safepoint "RevokeBias", Time since last: 294869 ns, Reaching safepoint: 104553 ns, At safepoint: 39835 ns, Total: 144388 ns
[2020-09-11T14:06:50.117+0000][1][safepoint    ] Safepoint "RevokeBias", Time since last: 63547 ns, Reaching safepoint: 95512 ns, At safepoint: 32114 ns, Total: 127626 ns
[2020-09-11T14:06:50.132+0000][1][safepoint    ] Safepoint "RevokeBias", Time since last: 6583839 ns, Reaching safepoint: 8369655 ns, At safepoint: 33567 ns, Total: 8403222 ns
[2020-09-11T14:06:50.133+0000][1][safepoint    ] Safepoint "RevokeBias", Time since last: 752325 ns, Reaching safepoint: 99048 ns, At safepoint: 26941 ns, Total: 125989 ns
[2020-09-11T14:06:50.133+0000][1][safepoint    ] Safepoint "RevokeBias", Time since last: 37880 ns, Reaching safepoint: 86774 ns, At safepoint: 19981 ns, Total: 106755 ns
[2020-09-11T14:06:50.133+0000][1][safepoint    ] Safepoint "RevokeBias", Time since last: 265647 ns, Reaching safepoint: 88822 ns, At safepoint: 23646 ns, Total: 112468 ns
[2020-09-11T14:06:50.133+0000][1][safepoint    ] Safepoint "RevokeBias", Time since last: 31577 ns, Reaching safepoint: 84694 ns, At safepoint: 20491 ns, Total: 105185 ns
[2020-09-11T14:06:50.134+0000][1][safepoint    ] Safepoint "RevokeBias", Time since last: 27454 ns, Reaching safepoint: 85214 ns, At safepoint: 25970 ns, Total: 111184 ns
[2020-09-11T14:06:50.176+0000][1][safepoint    ] Safepoint "CollectForMetadataAllocation", Time since last: 35712361 ns, Reaching safepoint: 6944451 ns, At safepoint: 147060 ns, Total: 7091511 ns
[2020-09-11T14:06:50.216+0000][1][safepoint    ] Safepoint "RevokeBias", Time since last: 39100314 ns, Reaching safepoint: 62402 ns, At safepoint: 72797 ns, Total: 135199 ns
[2020-09-11T14:06:50.229+0000][1][gc           ] GC(63) Concurrent Sweep 125.241ms
[2020-09-11T14:06:50.229+0000][1][gc,cpu       ] GC(63) User=0.06s Sys=0.00s Real=0.12s
[2020-09-11T14:06:50.229+0000][1][gc           ] GC(63) Concurrent Reset
[2020-09-11T14:06:50.258+0000][1][gc           ] GC(63) Concurrent Reset 29.474ms
[2020-09-11T14:06:50.258+0000][1][gc,cpu       ] GC(63) User=0.01s Sys=0.00s Real=0.03s
[2020-09-11T14:06:50.258+0000][1][gc,heap      ] GC(63) Old: 56790K->55795K(2011968K)
[2020-09-11T14:06:50.277+0000][1][safepoint    ] Safepoint "RevokeBias", Time since last: 61124374 ns, Reaching safepoint: 109606 ns, At safepoint: 21576 ns, Total: 131182 ns
[2020-09-11T14:06:50.277+0000][1][safepoint    ] Safepoint "RevokeBias", Time since last: 60810 ns, Reaching safepoint: 82371 ns, At safepoint: 14376 ns, Total: 96747 ns
[2020-09-11T14:06:50.277+0000][1][safepoint    ] Safepoint "RevokeBias", Time since last: 35276 ns, Reaching safepoint: 82153 ns, At safepoint: 13541 ns, Total: 95694 ns
[2020-09-11T14:06:50.277+0000][1][safepoint    ] Safepoint "RevokeBias", Time since last: 50378 ns, Reaching safepoint: 81671 ns, At safepoint: 14767 ns, Total: 96438 ns
[2020-09-11T14:06:50.463+0000][1][gc,start     ] GC(65) Pause Young (Allocation Failure)
[2020-09-11T14:06:50.464+0000][1][gc,task      ] GC(65) Using 1 workers of 1 for evacuation
[2020-09-11T14:06:50.543+0000][1][gc,age       ] GC(65) Desired survivor size 4358144 bytes, new threshold 2 (max threshold 6)
[2020-09-11T14:06:50.543+0000][1][gc,age       ] GC(65) Age table with threshold 2 (max threshold 6)
[2020-09-11T14:06:50.543+0000][1][gc,age       ] GC(65) - age   1:    1608264 bytes,    1608264 total
[2020-09-11T14:06:50.543+0000][1][gc,age       ] GC(65) - age   2:    3370520 bytes,    4978784 total
[2020-09-11T14:06:50.543+0000][1][gc,heap      ] GC(65) ParNew: 61723K->6195K(76672K)
[2020-09-11T14:06:50.543+0000][1][gc,heap      ] GC(65) CMS: 55795K->75764K(2011968K)
[2020-09-11T14:06:50.543+0000][1][gc,metaspace ] GC(65) Metaspace: 72148K->72148K(1116160K)
[2020-09-11T14:06:50.543+0000][1][gc           ] GC(65) Pause Young (Allocation Failure) 114M->80M(2039M) 79.505ms
[2020-09-11T14:06:50.543+0000][1][gc,cpu       ] GC(65) User=0.04s Sys=0.00s Real=0.07s
[2020-09-11T14:06:50.587+0000][1][safepoint    ] Safepoint "GenCollectForAllocation", Time since last: 185985639 ns, Reaching safepoint: 234303 ns, At safepoint: 123971871 ns, Total: 124206174 ns
[2020-09-11T14:06:50.632+0000][1][safepoint    ] Safepoint "RevokeBias", Time since last: 42114063 ns, Reaching safepoint: 1894123 ns, At safepoint: 68029 ns, Total: 1962152 ns
[2020-09-11T14:06:50.713+0000][1][safepoint    ] Safepoint "RevokeBias", Time since last: 80444372 ns, Reaching safepoint: 1266303 ns, At safepoint: 41330 ns, Total: 1307633 ns
[2020-09-11T14:06:50.721+0000][1][safepoint    ] Safepoint "RevokeBias", Time since last: 6702315 ns, Reaching safepoint: 1237166 ns, At safepoint: 68652 ns, Total: 1305818 ns
[2020-09-11T14:06:50.722+0000][1][safepoint    ] Safepoint "RevokeBias", Time since last: 79566 ns, Reaching safepoint: 166240 ns, At safepoint: 35330 ns, Total: 201570 ns
[2020-09-11T14:06:51.141+0000][1][safepoint    ] Safepoint "RevokeBias", Time since last: 418119653 ns, Reaching safepoint: 918089 ns, At safepoint: 30108 ns, Total: 948197 ns
[2020-09-11T14:06:51.143+0000][1][safepoint    ] Safepoint "RevokeBias", Time since last: 60157 ns, Reaching safepoint: 2735117 ns, At safepoint: 22589 ns, Total: 2757706 ns
[2020-09-11T14:06:51.159+0000][1][safepoint    ] Safepoint "RevokeBias", Time since last: 15537458 ns, Reaching safepoint: 455768 ns, At safepoint: 28391 ns, Total: 484159 ns
[2020-09-11T14:06:51.180+0000][1][safepoint    ] Safepoint "RevokeBias", Time since last: 14766197 ns, Reaching safepoint: 5435754 ns, At safepoint: 42373 ns, Total: 5478127 ns
[2020-09-11T14:06:51.180+0000][1][safepoint    ] Safepoint "RevokeBias", Time since last: 482064 ns, Reaching safepoint: 92917 ns, At safepoint: 18107 ns, Total: 111024 ns
[2020-09-11T14:06:51.180+0000][1][safepoint    ] Safepoint "RevokeBias", Time since last: 44627 ns, Reaching safepoint: 90000 ns, At safepoint: 16252 ns, Total: 106252 ns
[2020-09-11T14:06:51.186+0000][1][safepoint    ] Safepoint "RevokeBias", Time since last: 5471514 ns, Reaching safepoint: 115158 ns, At safepoint: 24988 ns, Total: 140146 ns
[2020-09-11T14:06:51.190+0000][1][safepoint    ] Safepoint "RevokeBias", Time since last: 3323791 ns, Reaching safepoint: 121437 ns, At safepoint: 25695 ns, Total: 147132 ns
[2020-09-11T14:06:51.190+0000][1][safepoint    ] Safepoint "RevokeBias", Time since last: 79334 ns, Reaching safepoint: 90242 ns, At safepoint: 16559 ns, Total: 106801 ns
[2020-09-11T14:06:51.208+0000][1][safepoint    ] Safepoint "RevokeBias", Time since last: 10779444 ns, Reaching safepoint: 7092655 ns, At safepoint: 33479 ns, Total: 7126134 ns
[2020-09-11T14:06:51.210+0000][1][safepoint    ] Safepoint "RevokeBias", Time since last: 2207105 ns, Reaching safepoint: 111180 ns, At safepoint: 28999 ns, Total: 140179 ns
[2020-09-11T14:06:51.215+0000][1][safepoint    ] Safepoint "RevokeBias", Time since last: 5086563 ns, Reaching safepoint: 114933 ns, At safepoint: 19006 ns, Total: 133939 ns
[2020-09-11T14:06:51.240+0000][1][safepoint    ] Safepoint "RevokeBias", Time since last: 24219432 ns, Reaching safepoint: 375365 ns, At safepoint: 31733 ns, Total: 407098 ns
[2020-09-11T14:06:51.258+0000][1][safepoint    ] Safepoint "RevokeBias", Time since last: 11666549 ns, Reaching safepoint: 6888557 ns, At safepoint: 18698 ns, Total: 6907255 ns
[2020-09-11T14:06:51.266+0000][1][safepoint    ] Safepoint "RevokeBias", Time since last: 7333705 ns, Reaching safepoint: 195183 ns, At safepoint: 16780 ns, Total: 211963 ns
[2020-09-11T14:06:51.279+0000][1][safepoint    ] Safepoint "RevokeBias", Time since last: 12496396 ns, Reaching safepoint: 105681 ns, At safepoint: 20937 ns, Total: 126618 ns
[2020-09-11T14:06:51.279+0000][1][safepoint    ] Safepoint "RevokeBias", Time since last: 278831 ns, Reaching safepoint: 90075 ns, At safepoint: 12656 ns, Total: 102731 ns
[2020-09-11T14:06:51.279+0000][1][safepoint    ] Safepoint "RevokeBias", Time since last: 35989 ns, Reaching safepoint: 85074 ns, At safepoint: 11760 ns, Total: 96834 ns
[2020-09-11T14:06:51.279+0000][1][safepoint    ] Safepoint "RevokeBias", Time since last: 40678 ns, Reaching safepoint: 86864 ns, At safepoint: 11199 ns, Total: 98063 ns
[2020-09-11T14:06:51.284+0000][1][safepoint    ] Safepoint "RevokeBias", Time since last: 4037539 ns, Reaching safepoint: 438559 ns, At safepoint: 24830 ns, Total: 463389 ns
[2020-09-11T14:06:51.303+0000][1][safepoint    ] Safepoint "RevokeBias", Time since last: 6024183 ns, Reaching safepoint: 13714644 ns, At safepoint: 31068 ns, Total: 13745712 ns
[2020-09-11T14:06:51.304+0000][1][safepoint    ] Safepoint "RevokeBias", Time since last: 380595 ns, Reaching safepoint: 17332 ns, At safepoint: 10408 ns, Total: 27740 ns
[2020-09-11T14:06:51.304+0000][1][safepoint    ] Safepoint "RevokeBias", Time since last: 45172 ns, Reaching safepoint: 13427 ns, At safepoint: 15719 ns, Total: 29146 ns
[2020-09-11T14:06:51.305+0000][1][safepoint    ] Safepoint "RevokeBias", Time since last: 602039 ns, Reaching safepoint: 88006 ns, At safepoint: 14521 ns, Total: 102527 ns
[2020-09-11T14:06:51.312+0000][1][safepoint    ] Safepoint "RevokeBias", Time since last: 7680870 ns, Reaching safepoint: 109982 ns, At safepoint: 18244 ns, Total: 128226 ns
[2020-09-11T14:06:51.388+0000][1][safepoint    ] Safepoint "RevokeBias", Time since last: 42956379 ns, Reaching safepoint: 7674761 ns, At safepoint: 24584268 ns, Total: 32259029 ns
[2020-09-11T14:06:51.565+0000][1][safepoint    ] Safepoint "RevokeBias", Time since last: 176756080 ns, Reaching safepoint: 119286 ns, At safepoint: 17865 ns, Total: 137151 ns
[2020-09-11T14:06:51.636+0000][1][safepoint    ] Safepoint "RevokeBias", Time since last: 70848807 ns, Reaching safepoint: 125419 ns, At safepoint: 41908 ns, Total: 167327 ns
[2020-09-11T14:06:51.819+0000][1][safepoint    ] Safepoint "RevokeBias", Time since last: 183389739 ns, Reaching safepoint: 131425 ns, At safepoint: 22348 ns, Total: 153773 ns
[2020-09-11T14:06:51.840+0000][1][safepoint    ] Safepoint "RevokeBias", Time since last: 20695626 ns, Reaching safepoint: 113274 ns, At safepoint: 16962 ns, Total: 130236 ns
[2020-09-11T14:06:51.910+0000][1][safepoint    ] Safepoint "RevokeBias", Time since last: 60436252 ns, Reaching safepoint: 9951955 ns, At safepoint: 26584 ns, Total: 9978539 ns
[2020-09-11T14:06:51.938+0000][1][safepoint    ] Safepoint "RevokeBias", Time since last: 25167168 ns, Reaching safepoint: 2127501 ns, At safepoint: 17015 ns, Total: 2144516 ns
[2020-09-11T14:06:52.147+0000][1][safepoint    ] Safepoint "RevokeBias", Time since last: 207898269 ns, Reaching safepoint: 1576166 ns, At safepoint: 24616 ns, Total: 1600782 ns
[2020-09-11T14:06:52.163+0000][1][safepoint    ] Safepoint "RevokeBias", Time since last: 12329962 ns, Reaching safepoint: 3720948 ns, At safepoint: 38537 ns, Total: 3759485 ns
[2020-09-11T14:06:52.174+0000][1][safepoint    ] Safepoint "RevokeBias", Time since last: 10824746 ns, Reaching safepoint: 123042 ns, At safepoint: 18471 ns, Total: 141513 ns
[2020-09-11T14:06:52.219+0000][1][safepoint    ] Safepoint "RevokeBias", Time since last: 43443729 ns, Reaching safepoint: 1286712 ns, At safepoint: 20760 ns, Total: 1307472 ns
[2020-09-11T14:06:52.230+0000][1][safepoint    ] Safepoint "RevokeBias", Time since last: 8446206 ns, Reaching safepoint: 2306587 ns, At safepoint: 24247 ns, Total: 2330834 ns
[2020-09-11T14:06:52.230+0000][1][safepoint    ] Safepoint "RevokeBias", Time since last: 303902 ns, Reaching safepoint: 96097 ns, At safepoint: 12792 ns, Total: 108889 ns
[2020-09-11T14:06:52.231+0000][1][safepoint    ] Safepoint "RevokeBias", Time since last: 129820 ns, Reaching safepoint: 429199 ns, At safepoint: 13282 ns, Total: 442481 ns
[2020-09-11T14:06:52.231+0000][1][safepoint    ] Safepoint "RevokeBias", Time since last: 138897 ns, Reaching safepoint: 522032 ns, At safepoint: 12064 ns, Total: 534096 ns
[2020-09-11T14:06:52.232+0000][1][safepoint    ] Safepoint "RevokeBias", Time since last: 82871 ns, Reaching safepoint: 566388 ns, At safepoint: 13733 ns, Total: 580121 ns
[2020-09-11T14:06:52.232+0000][1][safepoint    ] Safepoint "RevokeBias", Time since last: 166256 ns, Reaching safepoint: 93587 ns, At safepoint: 12364 ns, Total: 105951 ns
[2020-09-11T14:06:52.233+0000][1][safepoint    ] Safepoint "RevokeBias", Time since last: 89516 ns, Reaching safepoint: 259962 ns, At safepoint: 12316 ns, Total: 272278 ns
[2020-09-11T14:06:52.233+0000][1][safepoint    ] Safepoint "RevokeBias", Time since last: 137126 ns, Reaching safepoint: 399023 ns, At safepoint: 14066 ns, Total: 413089 ns
[2020-09-11T14:06:52.235+0000][1][safepoint    ] Safepoint "RevokeBias", Time since last: 90386 ns, Reaching safepoint: 2052349 ns, At safepoint: 16289 ns, Total: 2068638 ns
[2020-09-11T14:06:52.239+0000][1][safepoint    ] Safepoint "RevokeBias", Time since last: 206606 ns, Reaching safepoint: 3762101 ns, At safepoint: 14074 ns, Total: 3776175 ns
[2020-09-11T14:06:52.240+0000][1][safepoint    ] Safepoint "RevokeBias", Time since last: 112104 ns, Reaching safepoint: 226849 ns, At safepoint: 12971 ns, Total: 239820 ns
[2020-09-11T14:06:52.240+0000][1][safepoint    ] Safepoint "RevokeBias", Time since last: 159154 ns, Reaching safepoint: 89269 ns, At safepoint: 11727 ns, Total: 100996 ns
[2020-09-11T14:06:52.243+0000][1][safepoint    ] Safepoint "RevokeBias", Time since last: 1746098 ns, Reaching safepoint: 1657450 ns, At safepoint: 33403 ns, Total: 1690853 ns
[2020-09-11T14:06:52.261+0000][1][safepoint    ] Safepoint "RevokeBias", Time since last: 17033561 ns, Reaching safepoint: 113270 ns, At safepoint: 16311 ns, Total: 129581 ns
[2020-09-11T14:06:52.263+0000][1][safepoint    ] Safepoint "RevokeBias", Time since last: 1887426 ns, Reaching safepoint: 913954 ns, At safepoint: 19065 ns, Total: 933019 ns
[2020-09-11T14:06:52.264+0000][1][safepoint    ] Safepoint "RevokeBias", Time since last: 590752 ns, Reaching safepoint: 91366 ns, At safepoint: 12019 ns, Total: 103385 ns
[2020-09-11T14:06:52.273+0000][1][safepoint    ] Safepoint "RevokeBias", Time since last: 8552678 ns, Reaching safepoint: 113076 ns, At safepoint: 14949 ns, Total: 128025 ns
[2020-09-11T14:06:52.286+0000][1][safepoint    ] Safepoint "RevokeBias", Time since last: 10602952 ns, Reaching safepoint: 2133935 ns, At safepoint: 20011 ns, Total: 2153946 ns
[2020-09-11T14:06:52.395+0000][1][safepoint    ] Safepoint "RevokeBias", Time since last: 98709865 ns, Reaching safepoint: 11158279 ns, At safepoint: 22727 ns, Total: 11181006 ns
[2020-09-11T14:06:52.397+0000][1][safepoint    ] Safepoint "RevokeBias", Time since last: 301213 ns, Reaching safepoint: 1448816 ns, At safepoint: 19097 ns, Total: 1467913 ns
[2020-09-11T14:06:52.398+0000][1][safepoint    ] Safepoint "RevokeBias", Time since last: 706002 ns, Reaching safepoint: 95822 ns, At safepoint: 11510 ns, Total: 107332 ns
[2020-09-11T14:06:52.399+0000][1][safepoint    ] Safepoint "RevokeBias", Time since last: 224766 ns, Reaching safepoint: 1137026 ns, At safepoint: 13767 ns, Total: 1150793 ns
[2020-09-11T14:06:52.400+0000][1][safepoint    ] Safepoint "RevokeBias", Time since last: 108112 ns, Reaching safepoint: 90458 ns, At safepoint: 11539 ns, Total: 101997 ns
[2020-09-11T14:06:52.400+0000][1][safepoint    ] Safepoint "RevokeBias", Time since last: 156017 ns, Reaching safepoint: 87464 ns, At safepoint: 10587 ns, Total: 98051 ns
[2020-09-11T14:06:52.400+0000][1][safepoint    ] Safepoint "RevokeBias", Time since last: 73243 ns, Reaching safepoint: 87858 ns, At safepoint: 11291 ns, Total: 99149 ns
[2020-09-11T14:06:52.400+0000][1][safepoint    ] Safepoint "RevokeBias", Time since last: 120206 ns, Reaching safepoint: 148682 ns, At safepoint: 11715 ns, Total: 160397 ns
[2020-09-11T14:06:52.401+0000][1][safepoint    ] Safepoint "RevokeBias", Time since last: 71800 ns, Reaching safepoint: 624482 ns, At safepoint: 11969 ns, Total: 636451 ns
[2020-09-11T14:06:52.403+0000][1][safepoint    ] Safepoint "RevokeBias", Time since last: 133508 ns, Reaching safepoint: 2231663 ns, At safepoint: 16023 ns, Total: 2247686 ns
[2020-09-11T14:06:52.406+0000][1][safepoint    ] Safepoint "RevokeBias", Time since last: 1251803 ns, Reaching safepoint: 1193539 ns, At safepoint: 17419 ns, Total: 1210958 ns
[2020-09-11T14:06:52.407+0000][1][safepoint    ] Safepoint "RevokeBias", Time since last: 246567 ns, Reaching safepoint: 995142 ns, At safepoint: 14076 ns, Total: 1009218 ns
[2020-09-11T14:06:52.409+0000][1][safepoint    ] Safepoint "RevokeBias", Time since last: 765415 ns, Reaching safepoint: 781614 ns, At safepoint: 27675 ns, Total: 809289 ns
[2020-09-11T14:06:52.422+0000][1][safepoint    ] Safepoint "RevokeBias", Time since last: 12315589 ns, Reaching safepoint: 1033335 ns, At safepoint: 18558 ns, Total: 1051893 ns
[2020-09-11T14:06:52.427+0000][1][safepoint    ] Safepoint "RevokeBias", Time since last: 4468569 ns, Reaching safepoint: 300396 ns, At safepoint: 18637 ns, Total: 319033 ns
[2020-09-11T14:06:52.429+0000][1][safepoint    ] Safepoint "RevokeBias", Time since last: 611497 ns, Reaching safepoint: 1027369 ns, At safepoint: 16580 ns, Total: 1043949 ns
[2020-09-11T14:06:52.439+0000][1][safepoint    ] Safepoint "RevokeBias", Time since last: 10391188 ns, Reaching safepoint: 493067 ns, At safepoint: 16642 ns, Total: 509709 ns
[2020-09-11T14:06:52.451+0000][1][safepoint    ] Safepoint "RevokeBias", Time since last: 10612352 ns, Reaching safepoint: 1381602 ns, At safepoint: 16845 ns, Total: 1398447 ns
[2020-09-11T14:06:52.789+0000][1][safepoint    ] Safepoint "RevokeBias", Time since last: 331950063 ns, Reaching safepoint: 5572036 ns, At safepoint: 22032 ns, Total: 5594068 ns
[2020-09-11T14:06:53.162+0000][1][safepoint    ] Safepoint "RevokeBias", Time since last: 372030795 ns, Reaching safepoint: 490339 ns, At safepoint: 21720 ns, Total: 512059 ns
[2020-09-11T14:06:53.360+0000][1][safepoint    ] Safepoint "RevokeBias", Time since last: 198713976 ns, Reaching safepoint: 124712 ns, At safepoint: 16389 ns, Total: 141101 ns
[2020-09-11T14:06:53.361+0000][1][safepoint    ] Safepoint "BulkRevokeBias", Time since last: 263768 ns, Reaching safepoint: 88360 ns, At safepoint: 117599 ns, Total: 205959 ns
[2020-09-11T14:06:53.376+0000][1][safepoint    ] Safepoint "RevokeBias", Time since last: 14566495 ns, Reaching safepoint: 780390 ns, At safepoint: 16388 ns, Total: 796778 ns
[2020-09-11T14:06:53.697+0000][1][safepoint    ] Safepoint "RevokeBias", Time since last: 320190326 ns, Reaching safepoint: 120757 ns, At safepoint: 16252 ns, Total: 137009 ns
[2020-09-11T14:06:53.729+0000][1][safepoint    ] Safepoint "BulkRevokeBias", Time since last: 30999860 ns, Reaching safepoint: 1107605 ns, At safepoint: 221452 ns, Total: 1329057 ns
[2020-09-11T14:06:53.740+0000][1][safepoint    ] Safepoint "RevokeBias", Time since last: 10777250 ns, Reaching safepoint: 350031 ns, At safepoint: 57744 ns, Total: 407775 ns
[2020-09-11T14:06:53.853+0000][1][safepoint    ] Safepoint "RevokeBias", Time since last: 101965301 ns, Reaching safepoint: 11397670 ns, At safepoint: 32039 ns, Total: 11429709 ns
[2020-09-11T14:06:53.903+0000][1][safepoint    ] Safepoint "RevokeBias", Time since last: 49392046 ns, Reaching safepoint: 115749 ns, At safepoint: 22503 ns, Total: 138252 ns
[2020-09-11T14:06:53.929+0000][1][safepoint    ] Safepoint "RevokeBias", Time since last: 12436610 ns, Reaching safepoint: 13091789 ns, At safepoint: 48267 ns, Total: 13140056 ns
[2020-09-11T14:06:53.933+0000][1][safepoint    ] Safepoint "RevokeBias", Time since last: 3881484 ns, Reaching safepoint: 111976 ns, At safepoint: 14833 ns, Total: 126809 ns
[2020-09-11T14:06:54.036+0000][1][safepoint    ] Safepoint "RevokeBias", Time since last: 103472146 ns, Reaching safepoint: 117323 ns, At safepoint: 15328 ns, Total: 132651 ns
[2020-09-11T14:06:54.064+0000][1][safepoint    ] Safepoint "RevokeBias", Time since last: 27343098 ns, Reaching safepoint: 111295 ns, At safepoint: 70926 ns, Total: 182221 ns
[2020-09-11T14:06:54.072+0000][1][safepoint    ] Safepoint "RevokeBias", Time since last: 7721414 ns, Reaching safepoint: 849872 ns, At safepoint: 129370 ns, Total: 979242 ns
[2020-09-11T14:06:54.238+0000][1][safepoint    ] Safepoint "RevokeBias", Time since last: 165561362 ns, Reaching safepoint: 120762 ns, At safepoint: 26252 ns, Total: 147014 ns
[2020-09-11T14:06:54.247+0000][1][safepoint    ] Safepoint "RevokeBias", Time since last: 7421774 ns, Reaching safepoint: 1889437 ns, At safepoint: 40913 ns, Total: 1930350 ns
[2020-09-11T14:06:54.256+0000][1][safepoint    ] Safepoint "RevokeBias", Time since last: 7975735 ns, Reaching safepoint: 126873 ns, At safepoint: 18548 ns, Total: 145421 ns
[2020-09-11T14:06:54.508+0000][1][safepoint    ] Safepoint "RevokeBias", Time since last: 251592371 ns, Reaching safepoint: 135197 ns, At safepoint: 174280 ns, Total: 309477 ns
[2020-09-11T14:06:54.513+0000][1][safepoint    ] Safepoint "RevokeBias", Time since last: 5622428 ns, Reaching safepoint: 121548 ns, At safepoint: 54605 ns, Total: 176153 ns
[2020-09-11T14:06:54.533+0000][1][safepoint    ] Safepoint "RevokeBias", Time since last: 14118576 ns, Reaching safepoint: 5178714 ns, At safepoint: 22523 ns, Total: 5201237 ns
[2020-09-11T14:06:54.694+0000][1][safepoint    ] Safepoint "RevokeBias", Time since last: 161362796 ns, Reaching safepoint: 128221 ns, At safepoint: 56688 ns, Total: 184909 ns
[2020-09-11T14:06:54.695+0000][1][safepoint    ] Safepoint "RevokeBias", Time since last: 793654 ns, Reaching safepoint: 94226 ns, At safepoint: 45277 ns, Total: 139503 ns
[2020-09-11T14:06:54.706+0000][1][safepoint    ] Safepoint "RevokeBias", Time since last: 10785533 ns, Reaching safepoint: 115368 ns, At safepoint: 16691 ns, Total: 132059 ns
[2020-09-11T14:06:54.870+0000][1][safepoint    ] Safepoint "RevokeBias", Time since last: 153393485 ns, Reaching safepoint: 10166960 ns, At safepoint: 57792 ns, Total: 10224752 ns
[2020-09-11T14:06:54.872+0000][1][safepoint    ] Safepoint "RevokeBias", Time since last: 2330364 ns, Reaching safepoint: 103850 ns, At safepoint: 45176 ns, Total: 149026 ns
[2020-09-11T14:06:54.960+0000][1][gc,start     ] GC(66) Pause Young (Allocation Failure)
[2020-09-11T14:06:54.960+0000][1][gc,task      ] GC(66) Using 1 workers of 1 for evacuation
[2020-09-11T14:06:55.041+0000][1][gc,age       ] GC(66) Desired survivor size 4358144 bytes, new threshold 6 (max threshold 6)
[2020-09-11T14:06:55.041+0000][1][gc,age       ] GC(66) Age table with threshold 6 (max threshold 6)
[2020-09-11T14:06:55.041+0000][1][gc,age       ] GC(66) - age   1:    1207056 bytes,    1207056 total
[2020-09-11T14:06:55.041+0000][1][gc,age       ] GC(66) - age   2:    1477920 bytes,    2684976 total
[2020-09-11T14:06:55.041+0000][1][gc,heap      ] GC(66) ParNew: 74355K->5195K(76672K)
[2020-09-11T14:06:55.041+0000][1][gc,heap      ] GC(66) CMS: 75764K->95567K(2011968K)
[2020-09-11T14:06:55.041+0000][1][gc,metaspace ] GC(66) Metaspace: 74252K->74252K(1118208K)
[2020-09-11T14:06:55.041+0000][1][gc           ] GC(66) Pause Young (Allocation Failure) 146M->98M(2039M) 81.340ms
[2020-09-11T14:06:55.041+0000][1][gc,cpu       ] GC(66) User=0.04s Sys=0.00s Real=0.08s
[2020-09-11T14:06:55.067+0000][1][safepoint    ] Safepoint "GenCollectForAllocation", Time since last: 87308206 ns, Reaching safepoint: 122524 ns, At safepoint: 107884535 ns, Total: 108007059 ns
[2020-09-11T14:06:55.110+0000][1][safepoint    ] Safepoint "RevokeBias", Time since last: 35988017 ns, Reaching safepoint: 6166139 ns, At safepoint: 58989 ns, Total: 6225128 ns
[2020-09-11T14:06:55.115+0000][1][safepoint    ] Safepoint "RevokeBias", Time since last: 1759728 ns, Reaching safepoint: 4025905 ns, At safepoint: 52727 ns, Total: 4078632 ns
[2020-09-11T14:06:55.118+0000][1][safepoint    ] Safepoint "RevokeBias", Time since last: 2286033 ns, Reaching safepoint: 187445 ns, At safepoint: 17255 ns, Total: 204700 ns
[2020-09-11T14:06:55.208+0000][1][safepoint    ] Safepoint "RevokeBias", Time since last: 89525666 ns, Reaching safepoint: 756328 ns, At safepoint: 51194 ns, Total: 807522 ns
[2020-09-11T14:06:55.209+0000][1][safepoint    ] Safepoint "RevokeBias", Time since last: 1001260 ns, Reaching safepoint: 96364 ns, At safepoint: 40783 ns, Total: 137147 ns
[2020-09-11T14:06:55.210+0000][1][safepoint    ] Safepoint "RevokeBias", Time since last: 138781 ns, Reaching safepoint: 87203 ns, At safepoint: 10400 ns, Total: 97603 ns
[2020-09-11T14:06:55.211+0000][1][safepoint    ] Safepoint "RevokeBias", Time since last: 140580 ns, Reaching safepoint: 1615106 ns, At safepoint: 14497 ns, Total: 1629603 ns
[2020-09-11T14:06:55.212+0000][1][safepoint    ] Safepoint "RevokeBias", Time since last: 623535 ns, Reaching safepoint: 91654 ns, At safepoint: 11015 ns, Total: 102669 ns
[2020-09-11T14:06:55.246+0000][1][safepoint    ] Safepoint "RevokeBias", Time since last: 33615163 ns, Reaching safepoint: 126413 ns, At safepoint: 17425 ns, Total: 143838 ns
[2020-09-11T14:06:55.253+0000][1][safepoint    ] Safepoint "RevokeBias", Time since last: 6635029 ns, Reaching safepoint: 114893 ns, At safepoint: 19925 ns, Total: 134818 ns
[2020-09-11T14:06:55.253+0000][1][safepoint    ] Safepoint "RevokeBias", Time since last: 62834 ns, Reaching safepoint: 88917 ns, At safepoint: 14073 ns, Total: 102990 ns
[2020-09-11T14:06:55.342+0000][1][safepoint    ] Safepoint "RevokeBias", Time since last: 88824980 ns, Reaching safepoint: 118228 ns, At safepoint: 23294 ns, Total: 141522 ns
[2020-09-11T14:06:55.343+0000][1][safepoint    ] Safepoint "RevokeBias", Time since last: 572395 ns, Reaching safepoint: 115994 ns, At safepoint: 16738 ns, Total: 132732 ns
[2020-09-11T14:06:55.349+0000][1][safepoint    ] Safepoint "RevokeBias", Time since last: 6493779 ns, Reaching safepoint: 118424 ns, At safepoint: 14321 ns, Total: 132745 ns
[2020-09-11T14:06:55.466+0000][1][safepoint    ] Safepoint "RevokeBias", Time since last: 116331167 ns, Reaching safepoint: 133299 ns, At safepoint: 20233 ns, Total: 153532 ns
[2020-09-11T14:06:55.466+0000][1][safepoint    ] Safepoint "RevokeBias", Time since last: 79187 ns, Reaching safepoint: 93174 ns, At safepoint: 13082 ns, Total: 106256 ns
[2020-09-11T14:06:55.556+0000][1][safepoint    ] Safepoint "BulkRevokeBias", Time since last: 89732393 ns, Reaching safepoint: 137288 ns, At safepoint: 170365 ns, Total: 307653 ns
[2020-09-11T14:06:55.586+0000][1][safepoint    ] Safepoint "RevokeBias", Time since last: 23528441 ns, Reaching safepoint: 7008023 ns, At safepoint: 20382 ns, Total: 7028405 ns
[2020-09-11T14:06:55.587+0000][1][safepoint    ] Safepoint "RevokeBias", Time since last: 217939 ns, Reaching safepoint: 88142 ns, At safepoint: 11269 ns, Total: 99411 ns
[2020-09-11T14:06:55.587+0000][1][safepoint    ] Safepoint "RevokeBias", Time since last: 266218 ns, Reaching safepoint: 86891 ns, At safepoint: 10438 ns, Total: 97329 ns
[2020-09-11T14:06:55.591+0000][1][safepoint    ] Safepoint "RevokeBias", Time since last: 134577 ns, Reaching safepoint: 4179894 ns, At safepoint: 23962 ns, Total: 4203856 ns
[2020-09-11T14:06:55.592+0000][1][safepoint    ] Safepoint "RevokeBias", Time since last: 267494 ns, Reaching safepoint: 90069 ns, At safepoint: 12218 ns, Total: 102287 ns
[2020-09-11T14:06:55.592+0000][1][safepoint    ] Safepoint "RevokeBias", Time since last: 164687 ns, Reaching safepoint: 86527 ns, At safepoint: 10653 ns, Total: 97180 ns
[2020-09-11T14:06:55.593+0000][1][safepoint    ] Safepoint "RevokeBias", Time since last: 1103423 ns, Reaching safepoint: 90348 ns, At safepoint: 11603 ns, Total: 101951 ns
[2020-09-11T14:06:55.594+0000][1][safepoint    ] Safepoint "RevokeBias", Time since last: 159703 ns, Reaching safepoint: 86494 ns, At safepoint: 9693 ns, Total: 96187 ns
[2020-09-11T14:06:55.598+0000][1][safepoint    ] Safepoint "RevokeBias", Time since last: 4418157 ns, Reaching safepoint: 118124 ns, At safepoint: 16917 ns, Total: 135041 ns
[2020-09-11T14:06:55.600+0000][1][safepoint    ] Safepoint "RevokeBias", Time since last: 1299814 ns, Reaching safepoint: 94194 ns, At safepoint: 11924 ns, Total: 106118 ns
[2020-09-11T14:06:55.600+0000][1][safepoint    ] Safepoint "BulkRevokeBias", Time since last: 320904 ns, Reaching safepoint: 87912 ns, At safepoint: 134738 ns, Total: 222650 ns
[2020-09-11T14:06:55.644+0000][1][safepoint    ] Safepoint "RevokeBias", Time since last: 43816731 ns, Reaching safepoint: 113578 ns, At safepoint: 15066 ns, Total: 128644 ns
[2020-09-11T14:06:55.648+0000][1][safepoint    ] Safepoint "RevokeBias", Time since last: 3415431 ns, Reaching safepoint: 127183 ns, At safepoint: 25486 ns, Total: 152669 ns
[2020-09-11T14:06:55.648+0000][1][safepoint    ] Safepoint "BulkRevokeBias", Time since last: 279548 ns, Reaching safepoint: 84583 ns, At safepoint: 103183 ns, Total: 187766 ns
[2020-09-11T14:06:56.171+0000][1][safepoint    ] Safepoint "RevokeBias", Time since last: 523033131 ns, Reaching safepoint: 57037 ns, At safepoint: 15583 ns, Total: 72620 ns
[2020-09-11T14:06:57.108+0000][1][safepoint    ] Safepoint "RevokeBias", Time since last: 936874304 ns, Reaching safepoint: 128013 ns, At safepoint: 15747 ns, Total: 143760 ns
[2020-09-11T14:06:58.863+0000][1][safepoint    ] Safepoint "Cleanup", Time since last: 1754476228 ns, Reaching safepoint: 830037 ns, At safepoint: 10065 ns, Total: 840102 ns
[2020-09-11T14:06:58.895+0000][1][safepoint    ] Safepoint "RevokeBias", Time since last: 31069268 ns, Reaching safepoint: 126461 ns, At safepoint: 21994 ns, Total: 148455 ns
[2020-09-11T14:06:58.898+0000][1][safepoint    ] Safepoint "RevokeBias", Time since last: 2998153 ns, Reaching safepoint: 114560 ns, At safepoint: 20657 ns, Total: 135217 ns
[2020-09-11T14:06:58.898+0000][1][safepoint    ] Safepoint "RevokeBias", Time since last: 314342 ns, Reaching safepoint: 102391 ns, At safepoint: 16782 ns, Total: 119173 ns
[2020-09-11T14:06:59.012+0000][1][safepoint    ] Safepoint "RevokeBias", Time since last: 113166647 ns, Reaching safepoint: 124602 ns, At safepoint: 23350 ns, Total: 147952 ns
[2020-09-11T14:06:59.052+0000][1][safepoint    ] Safepoint "RevokeBias", Time since last: 40081210 ns, Reaching safepoint: 115099 ns, At safepoint: 20770 ns, Total: 135869 ns
[2020-09-11T14:06:59.052+0000][1][safepoint    ] Safepoint "RevokeBias", Time since last: 285272 ns, Reaching safepoint: 21278 ns, At safepoint: 12781 ns, Total: 34059 ns
[2020-09-11T14:06:59.052+0000][1][safepoint    ] Safepoint "RevokeBias", Time since last: 46140 ns, Reaching safepoint: 17424 ns, At safepoint: 10932 ns, Total: 28356 ns
[2020-09-11T14:06:59.052+0000][1][safepoint    ] Safepoint "RevokeBias", Time since last: 174959 ns, Reaching safepoint: 18370 ns, At safepoint: 11304 ns, Total: 29674 ns
[2020-09-11T14:06:59.060+0000][1][safepoint    ] Safepoint "RevokeBias", Time since last: 7054885 ns, Reaching safepoint: 129478 ns, At safepoint: 22028 ns, Total: 151506 ns
[2020-09-11T14:06:59.080+0000][1][safepoint    ] Safepoint "RevokeBias", Time since last: 19861334 ns, Reaching safepoint: 131597 ns, At safepoint: 21768 ns, Total: 153365 ns
[2020-09-11T14:06:59.080+0000][1][safepoint    ] Safepoint "RevokeBias", Time since last: 80231 ns, Reaching safepoint: 91772 ns, At safepoint: 11433 ns, Total: 103205 ns
[2020-09-11T14:06:59.291+0000][1][safepoint    ] Safepoint "Deoptimize", Time since last: 207809423 ns, Reaching safepoint: 2499257 ns, At safepoint: 399255 ns, Total: 2898512 ns
[2020-09-11T14:06:59.422+0000][1][safepoint    ] Safepoint "BulkRevokeBias", Time since last: 131182248 ns, Reaching safepoint: 142575 ns, At safepoint: 149111 ns, Total: 291686 ns
[2020-09-11T14:06:59.422+0000][1][safepoint    ] Safepoint "BulkRevokeBias", Time since last: 78167 ns, Reaching safepoint: 145085 ns, At safepoint: 120849 ns, Total: 265934 ns
[2020-09-11T14:06:59.435+0000][1][safepoint    ] Safepoint "RevokeBias", Time since last: 12591876 ns, Reaching safepoint: 112644 ns, At safepoint: 18217 ns, Total: 130861 ns
[2020-09-11T14:06:59.436+0000][1][safepoint    ] Safepoint "RevokeBias", Time since last: 361139 ns, Reaching safepoint: 108445 ns, At safepoint: 15809 ns, Total: 124254 ns
[2020-09-11T14:06:59.451+0000][1][safepoint    ] Safepoint "RevokeBias", Time since last: 14892330 ns, Reaching safepoint: 125425 ns, At safepoint: 16999 ns, Total: 142424 ns
[2020-09-11T14:06:59.451+0000][1][safepoint    ] Safepoint "RevokeBias", Time since last: 103872 ns, Reaching safepoint: 16086 ns, At safepoint: 10836 ns, Total: 26922 ns
[2020-09-11T14:06:59.760+0000][1][safepoint    ] Safepoint "RevokeBias", Time since last: 305812036 ns, Reaching safepoint: 3289925 ns, At safepoint: 22939 ns, Total: 3312864 ns
[2020-09-11T14:06:59.939+0000][1][safepoint    ] Safepoint "RevokeBias", Time since last: 178562664 ns, Reaching safepoint: 165386 ns, At safepoint: 18763 ns, Total: 184149 ns
[2020-09-11T14:06:59.939+0000][1][safepoint    ] Safepoint "RevokeBias", Time since last: 215248 ns, Reaching safepoint: 147075 ns, At safepoint: 12430 ns, Total: 159505 ns
[2020-09-11T14:06:59.977+0000][1][gc,start     ] GC(67) Pause Young (Allocation Failure)
[2020-09-11T14:06:59.977+0000][1][gc,task      ] GC(67) Using 1 workers of 1 for evacuation
[2020-09-11T14:06:59.999+0000][1][gc,age       ] GC(67) Desired survivor size 4358144 bytes, new threshold 6 (max threshold 6)
[2020-09-11T14:06:59.999+0000][1][gc,age       ] GC(67) Age table with threshold 6 (max threshold 6)
[2020-09-11T14:06:59.999+0000][1][gc,age       ] GC(67) - age   1:    1208528 bytes,    1208528 total
[2020-09-11T14:06:59.999+0000][1][gc,age       ] GC(67) - age   2:    1129472 bytes,    2338000 total
[2020-09-11T14:06:59.999+0000][1][gc,age       ] GC(67) - age   3:    1450992 bytes,    3788992 total
[2020-09-11T14:06:59.999+0000][1][gc,heap      ] GC(67) ParNew: 73355K->4564K(76672K)
[2020-09-11T14:06:59.999+0000][1][gc,heap      ] GC(67) CMS: 95567K->95567K(2011968K)
[2020-09-11T14:06:59.999+0000][1][gc,metaspace ] GC(67) Metaspace: 76829K->76829K(1120256K)
[2020-09-11T14:06:59.999+0000][1][gc           ] GC(67) Pause Young (Allocation Failure) 164M->97M(2039M) 22.509ms
[2020-09-11T14:06:59.999+0000][1][gc,cpu       ] GC(67) User=0.02s Sys=0.00s Real=0.02s
[2020-09-11T14:06:59.999+0000][1][safepoint    ] Safepoint "GenCollectForAllocation", Time since last: 37381786 ns, Reaching safepoint: 162270 ns, At safepoint: 22649416 ns, Total: 22811686 ns
[2020-09-11T14:07:00.009+0000][1][safepoint    ] Safepoint "RevokeBias", Time since last: 10132974 ns, Reaching safepoint: 165770 ns, At safepoint: 17926 ns, Total: 183696 ns
[2020-09-11T14:07:00.018+0000][1][safepoint    ] Safepoint "RevokeBias", Time since last: 8826798 ns, Reaching safepoint: 164191 ns, At safepoint: 16151 ns, Total: 180342 ns
[2020-09-11T14:07:00.019+0000][1][safepoint    ] Safepoint "RevokeBias", Time since last: 139744 ns, Reaching safepoint: 142600 ns, At safepoint: 11764 ns, Total: 154364 ns
[2020-09-11T14:07:00.037+0000][1][safepoint    ] Safepoint "RevokeBias", Time since last: 17823954 ns, Reaching safepoint: 122496 ns, At safepoint: 22512 ns, Total: 145008 ns
[2020-09-11T14:07:00.038+0000][1][safepoint    ] Safepoint "RevokeBias", Time since last: 781800 ns, Reaching safepoint: 109127 ns, At safepoint: 17248 ns, Total: 126375 ns
[2020-09-11T14:07:00.048+0000][1][safepoint    ] Safepoint "RevokeBias", Time since last: 10081647 ns, Reaching safepoint: 135267 ns, At safepoint: 19583 ns, Total: 154850 ns
[2020-09-11T14:07:00.076+0000][1][safepoint    ] Safepoint "RevokeBias", Time since last: 23851622 ns, Reaching safepoint: 4256313 ns, At safepoint: 46869 ns, Total: 4303182 ns
[2020-09-11T14:07:00.582+0000][1][safepoint    ] Safepoint "RevokeBias", Time since last: 505902320 ns, Reaching safepoint: 171581 ns, At safepoint: 9704 ns, Total: 181285 ns
[2020-09-11T14:07:00.582+0000][1][safepoint    ] Safepoint "RevokeBias", Time since last: 62517 ns, Reaching safepoint: 138296 ns, At safepoint: 6227 ns, Total: 144523 ns
[2020-09-11T14:07:00.607+0000][1][safepoint    ] Safepoint "Deoptimize", Time since last: 24148848 ns, Reaching safepoint: 175441 ns, At safepoint: 446548 ns, Total: 621989 ns
[2020-09-11T14:07:00.616+0000][1][safepoint    ] Safepoint "RevokeBias", Time since last: 8292791 ns, Reaching safepoint: 193548 ns, At safepoint: 17561 ns, Total: 211109 ns
[2020-09-11T14:07:00.622+0000][1][safepoint    ] Safepoint "RevokeBias", Time since last: 5877594 ns, Reaching safepoint: 158626 ns, At safepoint: 15996 ns, Total: 174622 ns
[2020-09-11T14:07:00.630+0000][1][safepoint    ] Safepoint "RevokeBias", Time since last: 7771424 ns, Reaching safepoint: 177751 ns, At safepoint: 10664 ns, Total: 188415 ns
[2020-09-11T14:07:00.630+0000][1][safepoint    ] Safepoint "RevokeBias", Time since last: 301182 ns, Reaching safepoint: 158984 ns, At safepoint: 8356 ns, Total: 167340 ns
[2020-09-11T14:07:00.635+0000][1][safepoint    ] Safepoint "RevokeBias", Time since last: 4333413 ns, Reaching safepoint: 162755 ns, At safepoint: 63358 ns, Total: 226113 ns
[2020-09-11T14:07:00.639+0000][1][safepoint    ] Safepoint "RevokeBias", Time since last: 4462839 ns, Reaching safepoint: 173721 ns, At safepoint: 11159 ns, Total: 184880 ns
[2020-09-11T14:07:00.640+0000][1][safepoint    ] Safepoint "RevokeBias", Time since last: 215209 ns, Reaching safepoint: 154679 ns, At safepoint: 68065 ns, Total: 222744 ns
[2020-09-11T14:07:00.650+0000][1][safepoint    ] Safepoint "RevokeBias", Time since last: 10167610 ns, Reaching safepoint: 128946 ns, At safepoint: 67491 ns, Total: 196437 ns
[2020-09-11T14:07:00.745+0000][1][safepoint    ] Safepoint "RevokeBias", Time since last: 94566215 ns, Reaching safepoint: 165169 ns, At safepoint: 15643 ns, Total: 180812 ns
[2020-09-11T14:07:00.812+0000][1][safepoint    ] Safepoint "RevokeBias", Time since last: 66603323 ns, Reaching safepoint: 186504 ns, At safepoint: 10830 ns, Total: 197334 ns
[2020-09-11T14:07:00.814+0000][1][safepoint    ] Safepoint "RevokeBias", Time since last: 1824620 ns, Reaching safepoint: 166388 ns, At safepoint: 110536 ns, Total: 276924 ns
[2020-09-11T14:07:00.824+0000][1][safepoint    ] Safepoint "RevokeBias", Time since last: 9705912 ns, Reaching safepoint: 150650 ns, At safepoint: 10835 ns, Total: 161485 ns
[2020-09-11T14:07:01.824+0000][1][safepoint    ] Safepoint "Cleanup", Time since last: 1000119031 ns, Reaching safepoint: 64348 ns, At safepoint: 7602 ns, Total: 71950 ns
[2020-09-11T14:07:02.824+0000][1][safepoint    ] Safepoint "Cleanup", Time since last: 1000180481 ns, Reaching safepoint: 135598 ns, At safepoint: 17410 ns, Total: 153008 ns
[2020-09-11T14:07:03.824+0000][1][safepoint    ] Safepoint "Cleanup", Time since last: 1000187632 ns, Reaching safepoint: 116822 ns, At safepoint: 18793 ns, Total: 135615 ns
[2020-09-11T14:07:03.897+0000][1][safepoint    ] Safepoint "RevokeBias", Time since last: 72111456 ns, Reaching safepoint: 137073 ns, At safepoint: 19262 ns, Total: 156335 ns
[2020-09-11T14:07:03.906+0000][1][safepoint    ] Safepoint "RevokeBias", Time since last: 8782081 ns, Reaching safepoint: 127481 ns, At safepoint: 16024 ns, Total: 143505 ns
[2020-09-11T14:07:04.906+0000][1][safepoint    ] Safepoint "Cleanup", Time since last: 1000138933 ns, Reaching safepoint: 105819 ns, At safepoint: 5083 ns, Total: 110902 ns
[2020-09-11T14:07:05.345+0000][1][safepoint    ] Safepoint "RevokeBias", Time since last: 439131831 ns, Reaching safepoint: 168856 ns, At safepoint: 14745 ns, Total: 183601 ns
[2020-09-11T14:07:05.426+0000][1][safepoint    ] Safepoint "RevokeBias", Time since last: 80434478 ns, Reaching safepoint: 183970 ns, At safepoint: 16622 ns, Total: 200592 ns
[2020-09-11T14:07:06.426+0000][1][safepoint    ] Safepoint "Cleanup", Time since last: 1000169478 ns, Reaching safepoint: 86099 ns, At safepoint: 7156 ns, Total: 93255 ns
[2020-09-11T14:07:06.946+0000][1][safepoint    ] Safepoint "RevokeBias", Time since last: 519734968 ns, Reaching safepoint: 617445 ns, At safepoint: 20050 ns, Total: 637495 ns
[2020-09-11T14:07:07.947+0000][1][safepoint    ] Safepoint "Cleanup", Time since last: 1000136582 ns, Reaching safepoint: 104586 ns, At safepoint: 6625 ns, Total: 111211 ns
[2020-09-11T14:07:08.947+0000][1][safepoint    ] Safepoint "Cleanup", Time since last: 1000137178 ns, Reaching safepoint: 104021 ns, At safepoint: 6750 ns, Total: 110771 ns
[2020-09-11T14:07:09.947+0000][1][safepoint    ] Safepoint "Cleanup", Time since last: 1000172289 ns, Reaching safepoint: 108756 ns, At safepoint: 17494 ns, Total: 126250 ns
[2020-09-11T14:07:10.948+0000][1][safepoint    ] Safepoint "Cleanup", Time since last: 1000203455 ns, Reaching safepoint: 100392 ns, At safepoint: 6788 ns, Total: 107180 ns
[2020-09-11T14:07:11.948+0000][1][safepoint    ] Safepoint "Cleanup", Time since last: 1000164927 ns, Reaching safepoint: 118071 ns, At safepoint: 18392 ns, Total: 136463 ns
[2020-09-11T14:07:12.948+0000][1][safepoint    ] Safepoint "Cleanup", Time since last: 1000187335 ns, Reaching safepoint: 98209 ns, At safepoint: 17547 ns, Total: 115756 ns
[2020-09-11T14:07:13.949+0000][1][safepoint    ] Safepoint "Cleanup", Time since last: 1000182877 ns, Reaching safepoint: 123404 ns, At safepoint: 18108 ns, Total: 141512 ns
[2020-09-11T14:07:14.949+0000][1][safepoint    ] Safepoint "Cleanup", Time since last: 1000213822 ns, Reaching safepoint: 105688 ns, At safepoint: 7011 ns, Total: 112699 ns
[2020-09-11T14:07:15.949+0000][1][safepoint    ] Safepoint "Cleanup", Time since last: 1000193474 ns, Reaching safepoint: 76772 ns, At safepoint: 7546 ns, Total: 84318 ns
[2020-09-11T14:07:16.949+0000][1][safepoint    ] Safepoint "Cleanup", Time since last: 1000176205 ns, Reaching safepoint: 108854 ns, At safepoint: 7998 ns, Total: 116852 ns
[2020-09-11T14:07:17.950+0000][1][safepoint    ] Safepoint "Cleanup", Time since last: 1000171007 ns, Reaching safepoint: 116938 ns, At safepoint: 18703 ns, Total: 135641 ns
[2020-09-11T14:07:18.950+0000][1][safepoint    ] Safepoint "Cleanup", Time since last: 1000241606 ns, Reaching safepoint: 114570 ns, At safepoint: 17570 ns, Total: 132140 ns
[2020-09-11T14:07:19.950+0000][1][safepoint    ] Safepoint "Cleanup", Time since last: 1000204491 ns, Reaching safepoint: 123290 ns, At safepoint: 21643 ns, Total: 144933 ns
[2020-09-11T14:07:20.951+0000][1][safepoint    ] Safepoint "Cleanup", Time since last: 1000208951 ns, Reaching safepoint: 132618 ns, At safepoint: 18215 ns, Total: 150833 ns
[2020-09-11T14:07:21.951+0000][1][safepoint    ] Safepoint "Cleanup", Time since last: 1000310923 ns, Reaching safepoint: 118836 ns, At safepoint: 17233 ns, Total: 136069 ns
[2020-09-11T14:07:22.952+0000][1][safepoint    ] Safepoint "Cleanup", Time since last: 1000362344 ns, Reaching safepoint: 127091 ns, At safepoint: 17881 ns, Total: 144972 ns
[2020-09-11T14:07:23.952+0000][1][safepoint    ] Safepoint "Cleanup", Time since last: 1000191330 ns, Reaching safepoint: 130012 ns, At safepoint: 17760 ns, Total: 147772 ns
[2020-09-11T14:07:24.952+0000][1][safepoint    ] Safepoint "Cleanup", Time since last: 1000216407 ns, Reaching safepoint: 88890 ns, At safepoint: 7522 ns, Total: 96412 ns
[2020-09-11T14:07:25.953+0000][1][safepoint    ] Safepoint "Cleanup", Time since last: 1000170212 ns, Reaching safepoint: 102790 ns, At safepoint: 7485 ns, Total: 110275 ns
[2020-09-11T14:07:26.953+0000][1][safepoint    ] Safepoint "Cleanup", Time since last: 1000176036 ns, Reaching safepoint: 132000 ns, At safepoint: 19013 ns, Total: 151013 ns
[2020-09-11T14:07:27.953+0000][1][safepoint    ] Safepoint "Cleanup", Time since last: 1000228671 ns, Reaching safepoint: 141110 ns, At safepoint: 19542 ns, Total: 160652 ns
[2020-09-11T14:07:28.954+0000][1][safepoint    ] Safepoint "Cleanup", Time since last: 1000211375 ns, Reaching safepoint: 139543 ns, At safepoint: 19652 ns, Total: 159195 ns
[2020-09-11T14:07:29.954+0000][1][safepoint    ] Safepoint "Cleanup", Time since last: 1000187487 ns, Reaching safepoint: 137856 ns, At safepoint: 19081 ns, Total: 156937 ns
[2020-09-11T14:07:30.954+0000][1][safepoint    ] Safepoint "Cleanup", Time since last: 1000250905 ns, Reaching safepoint: 88999 ns, At safepoint: 9845 ns, Total: 98844 ns
[2020-09-11T14:07:31.955+0000][1][safepoint    ] Safepoint "Cleanup", Time since last: 1000186034 ns, Reaching safepoint: 128170 ns, At safepoint: 17891 ns, Total: 146061 ns
[2020-09-11T14:07:32.754+0000][1][safepoint    ] Safepoint "RevokeBias", Time since last: 798504981 ns, Reaching safepoint: 279139 ns, At safepoint: 22543 ns, Total: 301682 ns
[2020-09-11T14:07:33.754+0000][1][safepoint    ] Safepoint "Cleanup", Time since last: 1000188620 ns, Reaching safepoint: 95852 ns, At safepoint: 7009 ns, Total: 102861 ns
[2020-09-11T14:07:34.754+0000][1][safepoint    ] Safepoint "Cleanup", Time since last: 1000141513 ns, Reaching safepoint: 115763 ns, At safepoint: 17513 ns, Total: 133276 ns
[2020-09-11T14:07:35.754+0000][1][safepoint    ] Safepoint "Cleanup", Time since last: 1000219112 ns, Reaching safepoint: 104678 ns, At safepoint: 7554 ns, Total: 112232 ns
[2020-09-11T14:07:36.755+0000][1][safepoint    ] Safepoint "Cleanup", Time since last: 1000185762 ns, Reaching safepoint: 186956 ns, At safepoint: 19682 ns, Total: 206638 ns
[2020-09-11T14:07:37.755+0000][1][safepoint    ] Safepoint "Cleanup", Time since last: 1000244665 ns, Reaching safepoint: 94601 ns, At safepoint: 7533 ns, Total: 102134 ns
[2020-09-11T14:07:38.756+0000][1][safepoint    ] Safepoint "Cleanup", Time since last: 1000195596 ns, Reaching safepoint: 89918 ns, At safepoint: 6696 ns, Total: 96614 ns
[2020-09-11T14:07:39.756+0000][1][safepoint    ] Safepoint "Cleanup", Time since last: 1000209326 ns, Reaching safepoint: 99033 ns, At safepoint: 7124 ns, Total: 106157 ns
[2020-09-11T14:07:40.756+0000][1][safepoint    ] Safepoint "Cleanup", Time since last: 1000168609 ns, Reaching safepoint: 98741 ns, At safepoint: 7830 ns, Total: 106571 ns
[2020-09-11T14:07:41.756+0000][1][safepoint    ] Safepoint "Cleanup", Time since last: 1000198068 ns, Reaching safepoint: 100075 ns, At safepoint: 7542 ns, Total: 107617 ns
[2020-09-11T14:07:42.757+0000][1][safepoint    ] Safepoint "Cleanup", Time since last: 1000188922 ns, Reaching safepoint: 140666 ns, At safepoint: 19344 ns, Total: 160010 ns
[2020-09-11T14:07:43.400+0000][1][safepoint    ] Safepoint "RevokeBias", Time since last: 642646962 ns, Reaching safepoint: 138600 ns, At safepoint: 24146 ns, Total: 162746 ns
[2020-09-11T14:07:44.400+0000][1][safepoint    ] Safepoint "Cleanup", Time since last: 1000195655 ns, Reaching safepoint: 95036 ns, At safepoint: 6586 ns, Total: 101622 ns
[2020-09-11T14:07:45.400+0000][1][safepoint    ] Safepoint "Cleanup", Time since last: 1000186873 ns, Reaching safepoint: 138060 ns, At safepoint: 12586 ns, Total: 150646 ns
[2020-09-11T14:07:46.401+0000][1][safepoint    ] Safepoint "Cleanup", Time since last: 1000182059 ns, Reaching safepoint: 107515 ns, At safepoint: 6667 ns, Total: 114182 ns
[2020-09-11T14:07:47.401+0000][1][safepoint    ] Safepoint "Cleanup", Time since last: 1000203123 ns, Reaching safepoint: 107186 ns, At safepoint: 7202 ns, Total: 114388 ns
[2020-09-11T14:07:48.298+0000][1][gc,start     ] GC(68) Pause Young (Allocation Failure)
[2020-09-11T14:07:48.298+0000][1][gc,task      ] GC(68) Using 1 workers of 1 for evacuation
[2020-09-11T14:07:48.321+0000][1][gc,age       ] GC(68) Desired survivor size 4358144 bytes, new threshold 4 (max threshold 6)
[2020-09-11T14:07:48.321+0000][1][gc,age       ] GC(68) Age table with threshold 4 (max threshold 6)
[2020-09-11T14:07:48.321+0000][1][gc,age       ] GC(68) - age   1:     859304 bytes,     859304 total
[2020-09-11T14:07:48.321+0000][1][gc,age       ] GC(68) - age   2:    1045376 bytes,    1904680 total
[2020-09-11T14:07:48.321+0000][1][gc,age       ] GC(68) - age   3:    1062136 bytes,    2966816 total
[2020-09-11T14:07:48.321+0000][1][gc,age       ] GC(68) - age   4:    1449824 bytes,    4416640 total
[2020-09-11T14:07:48.321+0000][1][gc,heap      ] GC(68) ParNew: 72724K->6691K(76672K)
[2020-09-11T14:07:48.321+0000][1][gc,heap      ] GC(68) CMS: 95567K->95567K(2011968K)
[2020-09-11T14:07:48.321+0000][1][gc,metaspace ] GC(68) Metaspace: 78619K->78619K(1122304K)
[2020-09-11T14:07:48.321+0000][1][gc           ] GC(68) Pause Young (Allocation Failure) 164M->99M(2039M) 23.410ms
[2020-09-11T14:07:48.321+0000][1][gc,cpu       ] GC(68) User=0.02s Sys=0.00s Real=0.02s
[2020-09-11T14:07:48.322+0000][1][safepoint    ] Safepoint "GenCollectForAllocation", Time since last: 896608496 ns, Reaching safepoint: 152180 ns, At safepoint: 23953214 ns, Total: 24105394 ns
[2020-09-11T14:07:49.326+0000][1][safepoint    ] Safepoint "Cleanup", Time since last: 1004313450 ns, Reaching safepoint: 125164 ns, At safepoint: 17096 ns, Total: 142260 ns
[2020-09-11T14:07:50.327+0000][1][safepoint    ] Safepoint "Cleanup", Time since last: 1000889334 ns, Reaching safepoint: 137319 ns, At safepoint: 15181 ns, Total: 152500 ns
[2020-09-11T14:07:51.328+0000][1][safepoint    ] Safepoint "Cleanup", Time since last: 1000848715 ns, Reaching safepoint: 119664 ns, At safepoint: 15222 ns, Total: 134886 ns
[2020-09-11T14:07:52.328+0000][1][safepoint    ] Safepoint "Cleanup", Time since last: 1000300543 ns, Reaching safepoint: 58148 ns, At safepoint: 5816 ns, Total: 63964 ns
[2020-09-11T14:07:53.329+0000][1][safepoint    ] Safepoint "Cleanup", Time since last: 1000127844 ns, Reaching safepoint: 139778 ns, At safepoint: 15916 ns, Total: 155694 ns
[2020-09-11T14:07:54.329+0000][1][safepoint    ] Safepoint "Cleanup", Time since last: 1000208544 ns, Reaching safepoint: 122717 ns, At safepoint: 6169 ns, Total: 128886 ns
[2020-09-11T14:07:56.329+0000][1][safepoint    ] Safepoint "Cleanup", Time since last: 2000312947 ns, Reaching safepoint: 104768 ns, At safepoint: 7023 ns, Total: 111791 ns
[2020-09-11T14:07:57.330+0000][1][safepoint    ] Safepoint "Cleanup", Time since last: 1000172881 ns, Reaching safepoint: 132838 ns, At safepoint: 17634 ns, Total: 150472 ns
[2020-09-11T14:07:58.330+0000][1][safepoint    ] Safepoint "Cleanup", Time since last: 1000232868 ns, Reaching safepoint: 86586 ns, At safepoint: 6760 ns, Total: 93346 ns
[2020-09-11T14:07:59.330+0000][1][safepoint    ] Safepoint "Cleanup", Time since last: 1000212399 ns, Reaching safepoint: 100160 ns, At safepoint: 6989 ns, Total: 107149 ns
[2020-09-11T14:08:00.331+0000][1][safepoint    ] Safepoint "Cleanup", Time since last: 1000171326 ns, Reaching safepoint: 101425 ns, At safepoint: 6508 ns, Total: 107933 ns
[2020-09-11T14:08:01.331+0000][1][safepoint    ] Safepoint "Cleanup", Time since last: 1000178570 ns, Reaching safepoint: 131946 ns, At safepoint: 17810 ns, Total: 149756 ns
[2020-09-11T14:08:02.331+0000][1][safepoint    ] Safepoint "Cleanup", Time since last: 1000218423 ns, Reaching safepoint: 97901 ns, At safepoint: 6973 ns, Total: 104874 ns
[2020-09-11T14:08:03.332+0000][1][safepoint    ] Safepoint "Cleanup", Time since last: 1000106600 ns, Reaching safepoint: 122661 ns, At safepoint: 7677 ns, Total: 130338 ns
[2020-09-11T14:08:04.332+0000][1][safepoint    ] Safepoint "Cleanup", Time since last: 1000228547 ns, Reaching safepoint: 132220 ns, At safepoint: 19134 ns, Total: 151354 ns
[2020-09-11T14:08:05.332+0000][1][safepoint    ] Safepoint "Cleanup", Time since last: 1000147131 ns, Reaching safepoint: 192721 ns, At safepoint: 7136 ns, Total: 199857 ns
[2020-09-11T14:08:06.333+0000][1][safepoint    ] Safepoint "Cleanup", Time since last: 1000705276 ns, Reaching safepoint: 150465 ns, At safepoint: 18038 ns, Total: 168503 ns
[2020-09-11T14:08:07.334+0000][1][safepoint    ] Safepoint "Cleanup", Time since last: 1000250979 ns, Reaching safepoint: 120773 ns, At safepoint: 18135 ns, Total: 138908 ns
[2020-09-11T14:08:08.334+0000][1][safepoint    ] Safepoint "Cleanup", Time since last: 1000227598 ns, Reaching safepoint: 133897 ns, At safepoint: 18446 ns, Total: 152343 ns
[2020-09-11T14:08:09.334+0000][1][safepoint    ] Safepoint "Cleanup", Time since last: 1000244256 ns, Reaching safepoint: 131669 ns, At safepoint: 18141 ns, Total: 149810 ns
[2020-09-11T14:08:11.335+0000][1][safepoint    ] Safepoint "Cleanup", Time since last: 2000382281 ns, Reaching safepoint: 135958 ns, At safepoint: 18513 ns, Total: 154471 ns
[2020-09-11T14:08:12.335+0000][1][safepoint    ] Safepoint "Cleanup", Time since last: 1000252007 ns, Reaching safepoint: 85208 ns, At safepoint: 6261 ns, Total: 91469 ns
[2020-09-11T14:08:14.336+0000][1][safepoint    ] Safepoint "Cleanup", Time since last: 2000356330 ns, Reaching safepoint: 99950 ns, At safepoint: 6583 ns, Total: 106533 ns
[2020-09-11T14:08:15.336+0000][1][safepoint    ] Safepoint "Cleanup", Time since last: 1000192501 ns, Reaching safepoint: 125561 ns, At safepoint: 17808 ns, Total: 143369 ns
[2020-09-11T14:08:16.336+0000][1][safepoint    ] Safepoint "Cleanup", Time since last: 1000205678 ns, Reaching safepoint: 99296 ns, At safepoint: 7475 ns, Total: 106771 ns
[2020-09-11T14:08:18.337+0000][1][safepoint    ] Safepoint "Cleanup", Time since last: 2000326574 ns, Reaching safepoint: 106055 ns, At safepoint: 7438 ns, Total: 113493 ns
[2020-09-11T14:08:20.337+0000][1][safepoint    ] Safepoint "Cleanup", Time since last: 2000283874 ns, Reaching safepoint: 117810 ns, At safepoint: 17654 ns, Total: 135464 ns
[2020-09-11T14:08:21.337+0000][1][safepoint    ] Safepoint "Cleanup", Time since last: 1000168766 ns, Reaching safepoint: 66924 ns, At safepoint: 7428 ns, Total: 74352 ns
[2020-09-11T14:08:23.338+0000][1][safepoint    ] Safepoint "Cleanup", Time since last: 2000319889 ns, Reaching safepoint: 131324 ns, At safepoint: 18676 ns, Total: 150000 ns
[2020-09-11T14:08:26.338+0000][1][safepoint    ] Safepoint "Cleanup", Time since last: 3000399871 ns, Reaching safepoint: 119051 ns, At safepoint: 7082 ns, Total: 126133 ns
[2020-09-11T14:08:27.339+0000][1][safepoint    ] Safepoint "Cleanup", Time since last: 1000199227 ns, Reaching safepoint: 122996 ns, At safepoint: 18576 ns, Total: 141572 ns
[2020-09-11T14:08:28.339+0000][1][safepoint    ] Safepoint "Cleanup", Time since last: 1000190810 ns, Reaching safepoint: 108821 ns, At safepoint: 15129 ns, Total: 123950 ns
[2020-09-11T14:08:31.340+0000][1][safepoint    ] Safepoint "Cleanup", Time since last: 3000459533 ns, Reaching safepoint: 128676 ns, At safepoint: 17790 ns, Total: 146466 ns
[2020-09-11T14:08:32.340+0000][1][safepoint    ] Safepoint "Cleanup", Time since last: 1000240808 ns, Reaching safepoint: 105162 ns, At safepoint: 5338 ns, Total: 110500 ns
[2020-09-11T14:08:34.340+0000][1][safepoint    ] Safepoint "Cleanup", Time since last: 2000239905 ns, Reaching safepoint: 75997 ns, At safepoint: 6764 ns, Total: 82761 ns
[2020-09-11T14:08:35.341+0000][1][safepoint    ] Safepoint "Cleanup", Time since last: 1000106984 ns, Reaching safepoint: 191295 ns, At safepoint: 6538 ns, Total: 197833 ns
[2020-09-11T14:08:36.341+0000][1][safepoint    ] Safepoint "Cleanup", Time since last: 1000195768 ns, Reaching safepoint: 117044 ns, At safepoint: 6886 ns, Total: 123930 ns
[2020-09-11T14:08:37.341+0000][1][safepoint    ] Safepoint "Cleanup", Time since last: 1000171573 ns, Reaching safepoint: 125358 ns, At safepoint: 18178 ns, Total: 143536 ns
[2020-09-11T14:08:38.342+0000][1][safepoint    ] Safepoint "Cleanup", Time since last: 1000193485 ns, Reaching safepoint: 132521 ns, At safepoint: 17627 ns, Total: 150148 ns
[2020-09-11T14:08:40.342+0000][1][safepoint    ] Safepoint "Cleanup", Time since last: 2000397336 ns, Reaching safepoint: 121709 ns, At safepoint: 17183 ns, Total: 138892 ns
[2020-09-11T14:08:41.342+0000][1][safepoint    ] Safepoint "Cleanup", Time since last: 1000199059 ns, Reaching safepoint: 104764 ns, At safepoint: 8090 ns, Total: 112854 ns
[2020-09-11T14:08:43.343+0000][1][safepoint    ] Safepoint "Cleanup", Time since last: 2000322274 ns, Reaching safepoint: 126280 ns, At safepoint: 18211 ns, Total: 144491 ns
[2020-09-11T14:08:44.343+0000][1][safepoint    ] Safepoint "Cleanup", Time since last: 1000191199 ns, Reaching safepoint: 131475 ns, At safepoint: 18456 ns, Total: 149931 ns
[2020-09-11T14:08:45.344+0000][1][safepoint    ] Safepoint "Cleanup", Time since last: 1000273795 ns, Reaching safepoint: 119618 ns, At safepoint: 18064 ns, Total: 137682 ns
[2020-09-11T14:08:47.344+0000][1][safepoint    ] Safepoint "Cleanup", Time since last: 2000316385 ns, Reaching safepoint: 133657 ns, At safepoint: 19435 ns, Total: 153092 ns
[2020-09-11T14:08:48.489+0000][1][gc,start     ] GC(69) Pause Young (Allocation Failure)
[2020-09-11T14:08:48.489+0000][1][gc,task      ] GC(69) Using 1 workers of 1 for evacuation
[2020-09-11T14:08:48.514+0000][1][gc,age       ] GC(69) Desired survivor size 4358144 bytes, new threshold 6 (max threshold 6)
[2020-09-11T14:08:48.514+0000][1][gc,age       ] GC(69) Age table with threshold 6 (max threshold 6)
[2020-09-11T14:08:48.514+0000][1][gc,age       ] GC(69) - age   1:      31736 bytes,      31736 total
[2020-09-11T14:08:48.514+0000][1][gc,age       ] GC(69) - age   2:     830328 bytes,     862064 total
[2020-09-11T14:08:48.514+0000][1][gc,age       ] GC(69) - age   3:    1043816 bytes,    1905880 total
[2020-09-11T14:08:48.514+0000][1][gc,age       ] GC(69) - age   4:    1059568 bytes,    2965448 total
[2020-09-11T14:08:48.514+0000][1][gc,heap      ] GC(69) ParNew: 74851K->4071K(76672K)
[2020-09-11T14:08:48.514+0000][1][gc,heap      ] GC(69) CMS: 95567K->97018K(2011968K)
[2020-09-11T14:08:48.514+0000][1][gc,metaspace ] GC(69) Metaspace: 79026K->79026K(1122304K)
[2020-09-11T14:08:48.514+0000][1][gc           ] GC(69) Pause Young (Allocation Failure) 166M->98M(2039M) 25.149ms
[2020-09-11T14:08:48.514+0000][1][gc,cpu       ] GC(69) User=0.02s Sys=0.00s Real=0.02s
[2020-09-11T14:08:48.514+0000][1][safepoint    ] Safepoint "GenCollectForAllocation", Time since last: 1144811887 ns, Reaching safepoint: 180350 ns, At safepoint: 25223420 ns, Total: 25403770 ns
[2020-09-11T14:08:49.518+0000][1][safepoint    ] Safepoint "Cleanup", Time since last: 1003357915 ns, Reaching safepoint: 155944 ns, At safepoint: 16177 ns, Total: 172121 ns
[2020-09-11T14:08:51.519+0000][1][safepoint    ] Safepoint "Cleanup", Time since last: 2001297335 ns, Reaching safepoint: 117132 ns, At safepoint: 15720 ns, Total: 132852 ns
[2020-09-11T14:08:52.520+0000][1][safepoint    ] Safepoint "Cleanup", Time since last: 1000199987 ns, Reaching safepoint: 324725 ns, At safepoint: 19986 ns, Total: 344711 ns
[2020-09-11T14:08:53.520+0000][1][safepoint    ] Safepoint "Cleanup", Time since last: 1000172201 ns, Reaching safepoint: 147500 ns, At safepoint: 9072 ns, Total: 156572 ns
[2020-09-11T14:08:56.521+0000][1][safepoint    ] Safepoint "Cleanup", Time since last: 3000439630 ns, Reaching safepoint: 126985 ns, At safepoint: 18245 ns, Total: 145230 ns
[2020-09-11T14:08:57.839+0000][1][safepoint    ] Safepoint "RevokeBias", Time since last: 1318374572 ns, Reaching safepoint: 181924 ns, At safepoint: 34863 ns, Total: 216787 ns
[2020-09-11T14:08:57.842+0000][1][safepoint    ] Safepoint "Deoptimize", Time since last: 1422429 ns, Reaching safepoint: 119886 ns, At safepoint: 696112 ns, Total: 815998 ns
[2020-09-11T14:08:57.850+0000][1][safepoint    ] Safepoint "Deoptimize", Time since last: 7881738 ns, Reaching safepoint: 124187 ns, At safepoint: 525582 ns, Total: 649769 ns
[2020-09-11T14:08:57.851+0000][1][safepoint    ] Safepoint "Deoptimize", Time since last: 571063 ns, Reaching safepoint: 118021 ns, At safepoint: 407093 ns, Total: 525114 ns
[2020-09-11T14:08:57.860+0000][1][safepoint    ] Safepoint "Deoptimize", Time since last: 8155002 ns, Reaching safepoint: 138133 ns, At safepoint: 604850 ns, Total: 742983 ns
[2020-09-11T14:08:57.863+0000][1][safepoint    ] Safepoint "RevokeBias", Time since last: 2446044 ns, Reaching safepoint: 227507 ns, At safepoint: 23275 ns, Total: 250782 ns
[2020-09-11T14:08:57.953+0000][1][safepoint    ] Safepoint "RevokeBias", Time since last: 90187737 ns, Reaching safepoint: 188023 ns, At safepoint: 23823 ns, Total: 211846 ns
[2020-09-11T14:08:58.954+0000][1][safepoint    ] Safepoint "Cleanup", Time since last: 1000182269 ns, Reaching safepoint: 133453 ns, At safepoint: 17560 ns, Total: 151013 ns
[2020-09-11T14:08:59.954+0000][1][safepoint    ] Safepoint "Cleanup", Time since last: 1000213162 ns, Reaching safepoint: 86972 ns, At safepoint: 6914 ns, Total: 93886 ns
[2020-09-11T14:09:00.954+0000][1][safepoint    ] Safepoint "Cleanup", Time since last: 1000140014 ns, Reaching safepoint: 113103 ns, At safepoint: 7047 ns, Total: 120150 ns
[2020-09-11T14:09:01.291+0000][1][safepoint    ] Safepoint "RevokeBias", Time since last: 336180312 ns, Reaching safepoint: 169511 ns, At safepoint: 23895 ns, Total: 193406 ns
[2020-09-11T14:09:02.291+0000][1][safepoint    ] Safepoint "Cleanup", Time since last: 1000608189 ns, Reaching safepoint: 101625 ns, At safepoint: 10632 ns, Total: 112257 ns
[2020-09-11T14:09:03.292+0000][1][safepoint    ] Safepoint "Cleanup", Time since last: 1000273062 ns, Reaching safepoint: 129778 ns, At safepoint: 18529 ns, Total: 148307 ns
[2020-09-11T14:09:04.292+0000][1][safepoint    ] Safepoint "Cleanup", Time since last: 1000189655 ns, Reaching safepoint: 134856 ns, At safepoint: 17153 ns, Total: 152009 ns
[2020-09-11T14:09:05.296+0000][1][safepoint    ] Safepoint "Cleanup", Time since last: 1003531915 ns, Reaching safepoint: 183524 ns, At safepoint: 8263 ns, Total: 191787 ns
[2020-09-11T14:09:06.296+0000][1][safepoint    ] Safepoint "Cleanup", Time since last: 1000124813 ns, Reaching safepoint: 118288 ns, At safepoint: 7285 ns, Total: 125573 ns
[2020-09-11T14:09:07.297+0000][1][safepoint    ] Safepoint "Cleanup", Time since last: 1000752523 ns, Reaching safepoint: 114467 ns, At safepoint: 6182 ns, Total: 120649 ns
[2020-09-11T14:09:09.302+0000][1][safepoint    ] Safepoint "Cleanup", Time since last: 2005278065 ns, Reaching safepoint: 72679 ns, At safepoint: 7880 ns, Total: 80559 ns
[2020-09-11T14:09:10.306+0000][1][safepoint    ] Safepoint "Cleanup", Time since last: 1003108434 ns, Reaching safepoint: 137021 ns, At safepoint: 19795 ns, Total: 156816 ns
[2020-09-11T14:09:11.307+0000][1][safepoint    ] Safepoint "Cleanup", Time since last: 1001556921 ns, Reaching safepoint: 129918 ns, At safepoint: 20039 ns, Total: 149957 ns
[2020-09-11T14:09:11.920+0000][1][safepoint    ] Safepoint "RevokeBias", Time since last: 609088751 ns, Reaching safepoint: 3198693 ns, At safepoint: 13986 ns, Total: 3212679 ns
[2020-09-11T14:09:12.920+0000][1][safepoint    ] Safepoint "Cleanup", Time since last: 1000197868 ns, Reaching safepoint: 152807 ns, At safepoint: 19318 ns, Total: 172125 ns
[2020-09-11T14:09:13.920+0000][1][safepoint    ] Safepoint "Cleanup", Time since last: 1000213202 ns, Reaching safepoint: 88523 ns, At safepoint: 8169 ns, Total: 96692 ns
[2020-09-11T14:09:14.921+0000][1][safepoint    ] Safepoint "Cleanup", Time since last: 1000191921 ns, Reaching safepoint: 119080 ns, At safepoint: 18954 ns, Total: 138034 ns
[2020-09-11T14:09:15.921+0000][1][safepoint    ] Safepoint "Cleanup", Time since last: 1000204919 ns, Reaching safepoint: 94644 ns, At safepoint: 7819 ns, Total: 102463 ns
[2020-09-11T14:09:16.921+0000][1][safepoint    ] Safepoint "Cleanup", Time since last: 1000194588 ns, Reaching safepoint: 90776 ns, At safepoint: 8246 ns, Total: 99022 ns
[2020-09-11T14:09:17.921+0000][1][safepoint    ] Safepoint "Cleanup", Time since last: 1000183989 ns, Reaching safepoint: 130840 ns, At safepoint: 19265 ns, Total: 150105 ns
[2020-09-11T14:09:18.922+0000][1][safepoint    ] Safepoint "Cleanup", Time since last: 1000222883 ns, Reaching safepoint: 119692 ns, At safepoint: 18599 ns, Total: 138291 ns
[2020-09-11T14:09:19.922+0000][1][safepoint    ] Safepoint "Cleanup", Time since last: 1000212856 ns, Reaching safepoint: 158755 ns, At safepoint: 19588 ns, Total: 178343 ns
[2020-09-11T14:09:20.923+0000][1][safepoint    ] Safepoint "Cleanup", Time since last: 1000199218 ns, Reaching safepoint: 140636 ns, At safepoint: 19057 ns, Total: 159693 ns
[2020-09-11T14:09:21.923+0000][1][safepoint    ] Safepoint "Cleanup", Time since last: 1000241865 ns, Reaching safepoint: 85462 ns, At safepoint: 7771 ns, Total: 93233 ns
[2020-09-11T14:09:22.923+0000][1][safepoint    ] Safepoint "Cleanup", Time since last: 1000187190 ns, Reaching safepoint: 98659 ns, At safepoint: 8159 ns, Total: 106818 ns
[2020-09-11T14:09:23.924+0000][1][safepoint    ] Safepoint "Cleanup", Time since last: 1000144718 ns, Reaching safepoint: 154327 ns, At safepoint: 16635 ns, Total: 170962 ns
[2020-09-11T14:09:25.924+0000][1][safepoint    ] Safepoint "Cleanup", Time since last: 2000303735 ns, Reaching safepoint: 96035 ns, At safepoint: 8462 ns, Total: 104497 ns
[2020-09-11T14:09:26.924+0000][1][safepoint    ] Safepoint "Cleanup", Time since last: 1000170531 ns, Reaching safepoint: 143703 ns, At safepoint: 18593 ns, Total: 162296 ns
[2020-09-11T14:09:28.925+0000][1][safepoint    ] Safepoint "Cleanup", Time since last: 2000363515 ns, Reaching safepoint: 148905 ns, At safepoint: 20661 ns, Total: 169566 ns
[2020-09-11T14:09:29.925+0000][1][safepoint    ] Safepoint "Cleanup", Time since last: 1000220945 ns, Reaching safepoint: 96898 ns, At safepoint: 8559 ns, Total: 105457 ns
[2020-09-11T14:09:30.925+0000][1][safepoint    ] Safepoint "Cleanup", Time since last: 1000180428 ns, Reaching safepoint: 96227 ns, At safepoint: 8399 ns, Total: 104626 ns
[2020-09-11T14:09:31.926+0000][1][safepoint    ] Safepoint "Cleanup", Time since last: 1000176365 ns, Reaching safepoint: 131909 ns, At safepoint: 18081 ns, Total: 149990 ns
[2020-09-11T14:09:33.926+0000][1][safepoint    ] Safepoint "Cleanup", Time since last: 2000370628 ns, Reaching safepoint: 128044 ns, At safepoint: 18873 ns, Total: 146917 ns
[2020-09-11T14:09:35.927+0000][1][safepoint    ] Safepoint "Cleanup", Time since last: 2000363084 ns, Reaching safepoint: 133098 ns, At safepoint: 17781 ns, Total: 150879 ns
[2020-09-11T14:09:37.927+0000][1][safepoint    ] Safepoint "Cleanup", Time since last: 2000390074 ns, Reaching safepoint: 104504 ns, At safepoint: 7862 ns, Total: 112366 ns
[2020-09-11T14:09:38.928+0000][1][safepoint    ] Safepoint "Cleanup", Time since last: 1000186747 ns, Reaching safepoint: 138047 ns, At safepoint: 19993 ns, Total: 158040 ns
[2020-09-11T14:09:40.928+0000][1][safepoint    ] Safepoint "Cleanup", Time since last: 2000388404 ns, Reaching safepoint: 129591 ns, At safepoint: 19411 ns, Total: 149002 ns
[2020-09-11T14:09:41.928+0000][1][safepoint    ] Safepoint "Cleanup", Time since last: 1000236480 ns, Reaching safepoint: 95071 ns, At safepoint: 8223 ns, Total: 103294 ns
[2020-09-11T14:09:43.615+0000][1][gc,start     ] GC(70) Pause Young (Allocation Failure)
[2020-09-11T14:09:43.615+0000][1][gc,task      ] GC(70) Using 1 workers of 1 for evacuation
[2020-09-11T14:09:43.635+0000][1][gc,age       ] GC(70) Desired survivor size 4358144 bytes, new threshold 6 (max threshold 6)
[2020-09-11T14:09:43.635+0000][1][gc,age       ] GC(70) Age table with threshold 6 (max threshold 6)
[2020-09-11T14:09:43.635+0000][1][gc,age       ] GC(70) - age   1:     194768 bytes,     194768 total
[2020-09-11T14:09:43.635+0000][1][gc,age       ] GC(70) - age   2:      14104 bytes,     208872 total
[2020-09-11T14:09:43.635+0000][1][gc,age       ] GC(70) - age   3:     825784 bytes,    1034656 total
[2020-09-11T14:09:43.635+0000][1][gc,age       ] GC(70) - age   4:    1043752 bytes,    2078408 total
[2020-09-11T14:09:43.635+0000][1][gc,age       ] GC(70) - age   5:    1058048 bytes,    3136456 total
[2020-09-11T14:09:43.635+0000][1][gc,heap      ] GC(70) ParNew: 72231K->3189K(76672K)
[2020-09-11T14:09:43.635+0000][1][gc,heap      ] GC(70) CMS: 97018K->97018K(2011968K)
[2020-09-11T14:09:43.635+0000][1][gc,metaspace ] GC(70) Metaspace: 79944K->79944K(1122304K)
[2020-09-11T14:09:43.636+0000][1][gc           ] GC(70) Pause Young (Allocation Failure) 165M->97M(2039M) 20.484ms
[2020-09-11T14:09:43.636+0000][1][gc,cpu       ] GC(70) User=0.02s Sys=0.00s Real=0.03s
[2020-09-11T14:09:43.636+0000][1][safepoint    ] Safepoint "GenCollectForAllocation", Time since last: 1686350070 ns, Reaching safepoint: 191254 ns, At safepoint: 20545975 ns, Total: 20737229 ns
[2020-09-11T14:09:46.639+0000][1][safepoint    ] Safepoint "Cleanup", Time since last: 3003009209 ns, Reaching safepoint: 115559 ns, At safepoint: 16217 ns, Total: 131776 ns
[2020-09-11T14:09:48.639+0000][1][safepoint    ] Safepoint "Cleanup", Time since last: 2000303503 ns, Reaching safepoint: 132855 ns, At safepoint: 16354 ns, Total: 149209 ns
[2020-09-11T14:09:49.639+0000][1][safepoint    ] Safepoint "Cleanup", Time since last: 1000179963 ns, Reaching safepoint: 108193 ns, At safepoint: 5839 ns, Total: 114032 ns
[2020-09-11T14:09:50.640+0000][1][safepoint    ] Safepoint "Cleanup", Time since last: 1000161010 ns, Reaching safepoint: 93213 ns, At safepoint: 7740 ns, Total: 100953 ns
[2020-09-11T14:09:51.640+0000][1][safepoint    ] Safepoint "Cleanup", Time since last: 1000184439 ns, Reaching safepoint: 118706 ns, At safepoint: 17246 ns, Total: 135952 ns
[2020-09-11T14:09:52.640+0000][1][safepoint    ] Safepoint "Cleanup", Time since last: 1000202589 ns, Reaching safepoint: 124923 ns, At safepoint: 18232 ns, Total: 143155 ns
[2020-09-11T14:09:53.641+0000][1][safepoint    ] Safepoint "Cleanup", Time since last: 1000225752 ns, Reaching safepoint: 121612 ns, At safepoint: 17674 ns, Total: 139286 ns
[2020-09-11T14:09:54.641+0000][1][safepoint    ] Safepoint "Cleanup", Time since last: 1000212944 ns, Reaching safepoint: 120118 ns, At safepoint: 17714 ns, Total: 137832 ns
[2020-09-11T14:09:55.641+0000][1][safepoint    ] Safepoint "Cleanup", Time since last: 1000169108 ns, Reaching safepoint: 122789 ns, At safepoint: 16574 ns, Total: 139363 ns
[2020-09-11T14:09:56.642+0000][1][safepoint    ] Safepoint "Cleanup", Time since last: 1000194477 ns, Reaching safepoint: 116631 ns, At safepoint: 18008 ns, Total: 134639 ns
[2020-09-11T14:09:57.642+0000][1][safepoint    ] Safepoint "Cleanup", Time since last: 1000168665 ns, Reaching safepoint: 133179 ns, At safepoint: 17192 ns, Total: 150371 ns
[2020-09-11T14:09:58.642+0000][1][safepoint    ] Safepoint "Cleanup", Time since last: 1000178909 ns, Reaching safepoint: 145601 ns, At safepoint: 17958 ns, Total: 163559 ns
[2020-09-11T14:09:59.643+0000][1][safepoint    ] Safepoint "Cleanup", Time since last: 1000207833 ns, Reaching safepoint: 116955 ns, At safepoint: 17383 ns, Total: 134338 ns
[2020-09-11T14:10:00.643+0000][1][safepoint    ] Safepoint "Cleanup", Time since last: 1000211481 ns, Reaching safepoint: 138946 ns, At safepoint: 19314 ns, Total: 158260 ns
[2020-09-11T14:10:01.643+0000][1][safepoint    ] Safepoint "Cleanup", Time since last: 1000243906 ns, Reaching safepoint: 122092 ns, At safepoint: 6375 ns, Total: 128467 ns
[2020-09-11T14:10:02.644+0000][1][safepoint    ] Safepoint "Cleanup", Time since last: 1000187652 ns, Reaching safepoint: 89737 ns, At safepoint: 8196 ns, Total: 97933 ns
[2020-09-11T14:10:03.644+0000][1][safepoint    ] Safepoint "Cleanup", Time since last: 1000138112 ns, Reaching safepoint: 124038 ns, At safepoint: 18539 ns, Total: 142577 ns
[2020-09-11T14:10:04.644+0000][1][safepoint    ] Safepoint "Cleanup", Time since last: 1000212150 ns, Reaching safepoint: 102947 ns, At safepoint: 7900 ns, Total: 110847 ns
[2020-09-11T14:10:05.645+0000][1][safepoint    ] Safepoint "Cleanup", Time since last: 1000134016 ns, Reaching safepoint: 108939 ns, At safepoint: 8197 ns, Total: 117136 ns
[2020-09-11T14:10:06.645+0000][1][safepoint    ] Safepoint "Cleanup", Time since last: 1000175088 ns, Reaching safepoint: 126644 ns, At safepoint: 17236 ns, Total: 143880 ns
[2020-09-11T14:10:07.645+0000][1][safepoint    ] Safepoint "Cleanup", Time since last: 1000218665 ns, Reaching safepoint: 121472 ns, At safepoint: 17908 ns, Total: 139380 ns
[2020-09-11T14:10:08.646+0000][1][safepoint    ] Safepoint "Cleanup", Time since last: 1000221706 ns, Reaching safepoint: 120306 ns, At safepoint: 18392 ns, Total: 138698 ns
[2020-09-11T14:10:09.646+0000][1][safepoint    ] Safepoint "Cleanup", Time since last: 1000237441 ns, Reaching safepoint: 118532 ns, At safepoint: 18355 ns, Total: 136887 ns
[2020-09-11T14:10:10.646+0000][1][safepoint    ] Safepoint "Cleanup", Time since last: 1000219098 ns, Reaching safepoint: 131288 ns, At safepoint: 18710 ns, Total: 149998 ns
[2020-09-11T14:10:11.647+0000][1][safepoint    ] Safepoint "Cleanup", Time since last: 1000175609 ns, Reaching safepoint: 127753 ns, At safepoint: 17080 ns, Total: 144833 ns
[2020-09-11T14:10:12.647+0000][1][safepoint    ] Safepoint "Cleanup", Time since last: 1000229305 ns, Reaching safepoint: 144922 ns, At safepoint: 20367 ns, Total: 165289 ns
[2020-09-11T14:10:13.648+0000][1][safepoint    ] Safepoint "Cleanup", Time since last: 1000214449 ns, Reaching safepoint: 158300 ns, At safepoint: 18041 ns, Total: 176341 ns
[2020-09-11T14:10:14.648+0000][1][safepoint    ] Safepoint "Cleanup", Time since last: 1000189534 ns, Reaching safepoint: 101879 ns, At safepoint: 7930 ns, Total: 109809 ns
[2020-09-11T14:10:15.648+0000][1][safepoint    ] Safepoint "Cleanup", Time since last: 1000188503 ns, Reaching safepoint: 134665 ns, At safepoint: 19472 ns, Total: 154137 ns
[2020-09-11T14:10:16.649+0000][1][safepoint    ] Safepoint "Cleanup", Time since last: 1000223609 ns, Reaching safepoint: 118224 ns, At safepoint: 18456 ns, Total: 136680 ns
[2020-09-11T14:10:17.649+0000][1][safepoint    ] Safepoint "Cleanup", Time since last: 1000221189 ns, Reaching safepoint: 123119 ns, At safepoint: 18566 ns, Total: 141685 ns
[2020-09-11T14:10:18.649+0000][1][safepoint    ] Safepoint "Cleanup", Time since last: 1000226070 ns, Reaching safepoint: 137449 ns, At safepoint: 18800 ns, Total: 156249 ns
[2020-09-11T14:10:19.650+0000][1][safepoint    ] Safepoint "Cleanup", Time since last: 1000257055 ns, Reaching safepoint: 123092 ns, At safepoint: 18462 ns, Total: 141554 ns
[2020-09-11T14:10:20.650+0000][1][safepoint    ] Safepoint "Cleanup", Time since last: 1000265572 ns, Reaching safepoint: 136757 ns, At safepoint: 19391 ns, Total: 156148 ns
[2020-09-11T14:10:21.650+0000][1][safepoint    ] Safepoint "Cleanup", Time since last: 1000224170 ns, Reaching safepoint: 101107 ns, At safepoint: 7737 ns, Total: 108844 ns
[2020-09-11T14:10:22.651+0000][1][safepoint    ] Safepoint "Cleanup", Time since last: 1000181719 ns, Reaching safepoint: 133907 ns, At safepoint: 20260 ns, Total: 154167 ns
[2020-09-11T14:10:23.651+0000][1][safepoint    ] Safepoint "Cleanup", Time since last: 1000226787 ns, Reaching safepoint: 104024 ns, At safepoint: 8336 ns, Total: 112360 ns
[2020-09-11T14:10:24.651+0000][1][safepoint    ] Safepoint "Cleanup", Time since last: 1000188735 ns, Reaching safepoint: 95526 ns, At safepoint: 8601 ns, Total: 104127 ns
[2020-09-11T14:10:25.652+0000][1][safepoint    ] Safepoint "Cleanup", Time since last: 1000272103 ns, Reaching safepoint: 132270 ns, At safepoint: 16972 ns, Total: 149242 ns
[2020-09-11T14:10:26.652+0000][1][safepoint    ] Safepoint "Cleanup", Time since last: 1000242737 ns, Reaching safepoint: 112621 ns, At safepoint: 17327 ns, Total: 129948 ns
[2020-09-11T14:10:27.653+0000][1][safepoint    ] Safepoint "Cleanup", Time since last: 1000237396 ns, Reaching safepoint: 128414 ns, At safepoint: 18363 ns, Total: 146777 ns
[2020-09-11T14:10:28.653+0000][1][safepoint    ] Safepoint "Cleanup", Time since last: 1000181828 ns, Reaching safepoint: 103084 ns, At safepoint: 8289 ns, Total: 111373 ns
[2020-09-11T14:10:29.653+0000][1][safepoint    ] Safepoint "Cleanup", Time since last: 1000153790 ns, Reaching safepoint: 114639 ns, At safepoint: 7560 ns, Total: 122199 ns
[2020-09-11T14:10:30.653+0000][1][safepoint    ] Safepoint "Cleanup", Time since last: 1000185367 ns, Reaching safepoint: 86804 ns, At safepoint: 7910 ns, Total: 94714 ns
[2020-09-11T14:10:31.654+0000][1][safepoint    ] Safepoint "Cleanup", Time since last: 1000188215 ns, Reaching safepoint: 132183 ns, At safepoint: 18873 ns, Total: 151056 ns
[2020-09-11T14:10:32.654+0000][1][safepoint    ] Safepoint "Cleanup", Time since last: 1000244255 ns, Reaching safepoint: 92701 ns, At safepoint: 8773 ns, Total: 101474 ns
[2020-09-11T14:10:33.654+0000][1][safepoint    ] Safepoint "Cleanup", Time since last: 1000186874 ns, Reaching safepoint: 95493 ns, At safepoint: 9125 ns, Total: 104618 ns
[2020-09-11T14:10:35.655+0000][1][safepoint    ] Safepoint "Cleanup", Time since last: 2000294943 ns, Reaching safepoint: 136576 ns, At safepoint: 19689 ns, Total: 156265 ns
[2020-09-11T14:10:36.655+0000][1][safepoint    ] Safepoint "Cleanup", Time since last: 1000231161 ns, Reaching safepoint: 86531 ns, At safepoint: 10718 ns, Total: 97249 ns
[2020-09-11T14:10:41.556+0000][1][safepoint    ] Safepoint "RevokeBias", Time since last: 4900180804 ns, Reaching safepoint: 825017 ns, At safepoint: 10590 ns, Total: 835607 ns
[2020-09-11T14:10:41.557+0000][1][safepoint    ] Safepoint "RevokeBias", Time since last: 492479 ns, Reaching safepoint: 282329 ns, At safepoint: 8244 ns, Total: 290573 ns
[2020-09-11T14:10:41.558+0000][1][safepoint    ] Safepoint "RevokeBias", Time since last: 458162 ns, Reaching safepoint: 930054 ns, At safepoint: 10312 ns, Total: 940366 ns
[2020-09-11T14:10:41.560+0000][1][safepoint    ] Safepoint "RevokeBias", Time since last: 1263477 ns, Reaching safepoint: 582845 ns, At safepoint: 9054 ns, Total: 591899 ns
[2020-09-11T14:10:41.561+0000][1][safepoint    ] Safepoint "RevokeBias", Time since last: 144228 ns, Reaching safepoint: 181981 ns, At safepoint: 6924 ns, Total: 188905 ns
[2020-09-11T14:10:41.561+0000][1][safepoint    ] Safepoint "RevokeBias", Time since last: 208316 ns, Reaching safepoint: 493010 ns, At safepoint: 6647 ns, Total: 499657 ns
[2020-09-11T14:10:41.578+0000][1][safepoint    ] Safepoint "RevokeBias", Time since last: 13907018 ns, Reaching safepoint: 2967460 ns, At safepoint: 11575 ns, Total: 2979035 ns
[2020-09-11T14:10:41.584+0000][1][safepoint    ] Safepoint "RevokeBias", Time since last: 5984331 ns, Reaching safepoint: 166779 ns, At safepoint: 10285 ns, Total: 177064 ns
[2020-09-11T14:10:41.585+0000][1][safepoint    ] Safepoint "RevokeBias", Time since last: 57999 ns, Reaching safepoint: 515169 ns, At safepoint: 9156 ns, Total: 524325 ns
[2020-09-11T14:10:41.586+0000][1][safepoint    ] Safepoint "RevokeBias", Time since last: 227967 ns, Reaching safepoint: 1234529 ns, At safepoint: 8945 ns, Total: 1243474 ns
[2020-09-11T14:10:41.595+0000][1][safepoint    ] Safepoint "RevokeBias", Time since last: 7250442 ns, Reaching safepoint: 1876445 ns, At safepoint: 10782 ns, Total: 1887227 ns
[2020-09-11T14:10:41.621+0000][1][safepoint    ] Safepoint "RevokeBias", Time since last: 25360898 ns, Reaching safepoint: 261594 ns, At safepoint: 9491 ns, Total: 271085 ns
[2020-09-11T14:10:41.625+0000][1][safepoint    ] Safepoint "RevokeBias", Time since last: 2172971 ns, Reaching safepoint: 1565462 ns, At safepoint: 9282 ns, Total: 1574744 ns
[2020-09-11T14:10:41.630+0000][1][safepoint    ] Safepoint "RevokeBias", Time since last: 4693883 ns, Reaching safepoint: 120263 ns, At safepoint: 7651 ns, Total: 127914 ns
[2020-09-11T14:10:41.630+0000][1][safepoint    ] Safepoint "RevokeBias", Time since last: 69690 ns, Reaching safepoint: 90261 ns, At safepoint: 5880 ns, Total: 96141 ns
[2020-09-11T14:10:41.630+0000][1][safepoint    ] Safepoint "RevokeBias", Time since last: 45297 ns, Reaching safepoint: 88598 ns, At safepoint: 5684 ns, Total: 94282 ns
[2020-09-11T14:10:41.630+0000][1][safepoint    ] Safepoint "RevokeBias", Time since last: 92800 ns, Reaching safepoint: 87627 ns, At safepoint: 5578 ns, Total: 93205 ns
[2020-09-11T14:10:41.630+0000][1][safepoint    ] Safepoint "RevokeBias", Time since last: 36933 ns, Reaching safepoint: 87534 ns, At safepoint: 5519 ns, Total: 93053 ns
[2020-09-11T14:10:41.631+0000][1][safepoint    ] Safepoint "RevokeBias", Time since last: 249948 ns, Reaching safepoint: 88502 ns, At safepoint: 5869 ns, Total: 94371 ns
[2020-09-11T14:10:41.631+0000][1][safepoint    ] Safepoint "RevokeBias", Time since last: 616063 ns, Reaching safepoint: 95677 ns, At safepoint: 6134 ns, Total: 101811 ns
[2020-09-11T14:10:41.848+0000][1][safepoint    ] Safepoint "RevokeBias", Time since last: 216488096 ns, Reaching safepoint: 62609 ns, At safepoint: 9971 ns, Total: 72580 ns
[2020-09-11T14:10:41.856+0000][1][safepoint    ] Safepoint "RevokeBias", Time since last: 7575201 ns, Reaching safepoint: 53767 ns, At safepoint: 10077 ns, Total: 63844 ns
[2020-09-11T14:10:41.856+0000][1][safepoint    ] Safepoint "RevokeBias", Time since last: 572095 ns, Reaching safepoint: 47652 ns, At safepoint: 7119 ns, Total: 54771 ns
[2020-09-11T14:10:41.856+0000][1][safepoint    ] Safepoint "RevokeBias", Time since last: 58606 ns, Reaching safepoint: 27807 ns, At safepoint: 5024 ns, Total: 32831 ns
[2020-09-11T14:10:41.856+0000][1][safepoint    ] Safepoint "RevokeBias", Time since last: 40166 ns, Reaching safepoint: 22803 ns, At safepoint: 4742 ns, Total: 27545 ns
[2020-09-11T14:10:41.856+0000][1][safepoint    ] Safepoint "RevokeBias", Time since last: 92347 ns, Reaching safepoint: 24766 ns, At safepoint: 5303 ns, Total: 30069 ns
[2020-09-11T14:10:41.857+0000][1][safepoint    ] Safepoint "RevokeBias", Time since last: 36501 ns, Reaching safepoint: 19945 ns, At safepoint: 4259 ns, Total: 24204 ns
[2020-09-11T14:10:41.868+0000][1][safepoint    ] Safepoint "RevokeBias", Time since last: 11019119 ns, Reaching safepoint: 55065 ns, At safepoint: 7998 ns, Total: 63063 ns
[2020-09-11T14:10:41.868+0000][1][safepoint    ] Safepoint "RevokeBias", Time since last: 59183 ns, Reaching safepoint: 22900 ns, At safepoint: 4386 ns, Total: 27286 ns
[2020-09-11T14:10:41.868+0000][1][gc,start     ] GC(71) Pause Young (Allocation Failure)
[2020-09-11T14:10:41.868+0000][1][gc,task      ] GC(71) Using 1 workers of 1 for evacuation
[2020-09-11T14:10:41.931+0000][1][gc,age       ] GC(71) Desired survivor size 4358144 bytes, new threshold 6 (max threshold 6)
[2020-09-11T14:10:41.931+0000][1][gc,age       ] GC(71) Age table with threshold 6 (max threshold 6)
[2020-09-11T14:10:41.931+0000][1][gc,age       ] GC(71) - age   1:      58664 bytes,      58664 total
[2020-09-11T14:10:41.931+0000][1][gc,age       ] GC(71) - age   2:     159992 bytes,     218656 total
[2020-09-11T14:10:41.931+0000][1][gc,age       ] GC(71) - age   3:      13800 bytes,     232456 total
[2020-09-11T14:10:41.931+0000][1][gc,age       ] GC(71) - age   4:     716992 bytes,     949448 total
[2020-09-11T14:10:41.931+0000][1][gc,age       ] GC(71) - age   5:    1040448 bytes,    1989896 total
[2020-09-11T14:10:41.931+0000][1][gc,age       ] GC(71) - age   6:     989024 bytes,    2978920 total
[2020-09-11T14:10:41.931+0000][1][gc,heap      ] GC(71) ParNew: 71349K->3277K(76672K)
[2020-09-11T14:10:41.931+0000][1][gc,heap      ] GC(71) CMS: 97018K->97018K(2011968K)
[2020-09-11T14:10:41.931+0000][1][gc,metaspace ] GC(71) Metaspace: 80200K->80200K(1122304K)
[2020-09-11T14:10:41.931+0000][1][gc           ] GC(71) Pause Young (Allocation Failure) 164M->97M(2039M) 63.144ms
[2020-09-11T14:10:41.931+0000][1][gc,cpu       ] GC(71) User=0.02s Sys=0.00s Real=0.06s
[2020-09-11T14:10:41.964+0000][1][safepoint    ] Safepoint "GenCollectForAllocation", Time since last: 158642 ns, Reaching safepoint: 22762 ns, At safepoint: 96203880 ns, Total: 96226642 ns
[2020-09-11T14:10:41.972+0000][1][safepoint    ] Safepoint "RevokeBias", Time since last: 3316707 ns, Reaching safepoint: 4070201 ns, At safepoint: 385969 ns, Total: 4456170 ns
[2020-09-11T14:10:41.981+0000][1][safepoint    ] Safepoint "RevokeBias", Time since last: 6197232 ns, Reaching safepoint: 1406646 ns, At safepoint: 1560745 ns, Total: 2967391 ns
[2020-09-11T14:10:41.989+0000][1][safepoint    ] Safepoint "RevokeBias", Time since last: 2964165 ns, Reaching safepoint: 4730483 ns, At safepoint: 78061 ns, Total: 4808544 ns
[2020-09-11T14:10:41.990+0000][1][safepoint    ] Safepoint "RevokeBias", Time since last: 881923 ns, Reaching safepoint: 110930 ns, At safepoint: 30118 ns, Total: 141048 ns
[2020-09-11T14:10:41.993+0000][1][safepoint    ] Safepoint "RevokeBias", Time since last: 2901398 ns, Reaching safepoint: 53572 ns, At safepoint: 35413 ns, Total: 88985 ns
[2020-09-11T14:10:41.999+0000][1][safepoint    ] Safepoint "RevokeBias", Time since last: 1474143 ns, Reaching safepoint: 43084 ns, At safepoint: 5083395 ns, Total: 5126479 ns
[2020-09-11T14:10:42.001+0000][1][safepoint    ] Safepoint "RevokeBias", Time since last: 798972 ns, Reaching safepoint: 778269 ns, At safepoint: 371915 ns, Total: 1150184 ns
[2020-09-11T14:10:42.012+0000][1][safepoint    ] Safepoint "RevokeBias", Time since last: 10042464 ns, Reaching safepoint: 729426 ns, At safepoint: 40831 ns, Total: 770257 ns
[2020-09-11T14:10:42.017+0000][1][safepoint    ] Safepoint "RevokeBias", Time since last: 1574415 ns, Reaching safepoint: 2666676 ns, At safepoint: 88891 ns, Total: 2755567 ns
[2020-09-11T14:10:42.023+0000][1][safepoint    ] Safepoint "BulkRevokeBias", Time since last: 43284 ns, Reaching safepoint: 116442 ns, At safepoint: 6408530 ns, Total: 6524972 ns
[2020-09-11T14:10:42.140+0000][1][safepoint    ] Safepoint "BulkRevokeBias", Time since last: 112950572 ns, Reaching safepoint: 3435404 ns, At safepoint: 104077 ns, Total: 3539481 ns
[2020-09-11T14:10:42.140+0000][1][safepoint    ] Safepoint "RevokeBias", Time since last: 359025 ns, Reaching safepoint: 89906 ns, At safepoint: 5776 ns, Total: 95682 ns
[2020-09-11T14:10:42.231+0000][1][safepoint    ] Safepoint "RevokeBias", Time since last: 91079821 ns, Reaching safepoint: 127538 ns, At safepoint: 8938 ns, Total: 136476 ns
[2020-09-11T14:10:42.236+0000][1][safepoint    ] Safepoint "RevokeBias", Time since last: 4669330 ns, Reaching safepoint: 147367 ns, At safepoint: 7136 ns, Total: 154503 ns
[2020-09-11T14:10:42.249+0000][1][safepoint    ] Safepoint "RevokeBias", Time since last: 12789991 ns, Reaching safepoint: 110392 ns, At safepoint: 7496 ns, Total: 117888 ns
[2020-09-11T14:10:42.256+0000][1][safepoint    ] Safepoint "BulkRevokeBias", Time since last: 6977636 ns, Reaching safepoint: 108804 ns, At safepoint: 85064 ns, Total: 193868 ns
[2020-09-11T14:10:42.264+0000][1][safepoint    ] Safepoint "RevokeBias", Time since last: 7679907 ns, Reaching safepoint: 106683 ns, At safepoint: 7673 ns, Total: 114356 ns
[2020-09-11T14:10:42.292+0000][1][safepoint    ] Safepoint "RevokeBias", Time since last: 27517411 ns, Reaching safepoint: 103625 ns, At safepoint: 7512 ns, Total: 111137 ns
[2020-09-11T14:10:42.292+0000][1][safepoint    ] Safepoint "RevokeBias", Time since last: 140210 ns, Reaching safepoint: 81183 ns, At safepoint: 4578 ns, Total: 85761 ns
[2020-09-11T14:10:42.312+0000][1][safepoint    ] Safepoint "RevokeBias", Time since last: 19648366 ns, Reaching safepoint: 102583 ns, At safepoint: 19020 ns, Total: 121603 ns
[2020-09-11T14:10:42.345+0000][1][safepoint    ] Safepoint "RevokeBias", Time since last: 18103053 ns, Reaching safepoint: 14847486 ns, At safepoint: 12668 ns, Total: 14860154 ns
[2020-09-11T14:10:42.348+0000][1][gc,heap,exit ] Heap
[2020-09-11T14:10:42.348+0000][1][gc,heap,exit ]  par new generation   total 76672K, used 7147K [0x0000000080000000, 0x0000000085330000, 0x0000000085330000)
[2020-09-11T14:10:42.348+0000][1][gc,heap,exit ]   eden space 68160K,   5% used [0x0000000080000000, 0x00000000803c76c0, 0x0000000084290000)
[2020-09-11T14:10:42.348+0000][1][gc,heap,exit ]   from space 8512K,  38% used [0x0000000084ae0000, 0x0000000084e13738, 0x0000000085330000)
[2020-09-11T14:10:42.348+0000][1][gc,heap,exit ]   to   space 8512K,   0% used [0x0000000084290000, 0x0000000084290000, 0x0000000084ae0000)
[2020-09-11T14:10:42.348+0000][1][gc,heap,exit ]  concurrent mark-sweep generation total 2011968K, used 97018K [0x0000000085330000, 0x0000000100000000, 0x0000000100000000)
[2020-09-11T14:10:42.348+0000][1][gc,heap,exit ]  Metaspace       used 80319K, capacity 86610K, committed 86840K, reserved 1124352K
[2020-09-11T14:10:42.348+0000][1][gc,heap,exit ]   class space    used 10693K, capacity 13239K, committed 13272K, reserved 1048576K
