[2020-09-11T14:11:00.377+0000][1][gc] Using Concurrent Mark Sweep
[2020-09-11T14:11:00.377+0000][1][gc,heap,coops] Heap address: 0x0000000080000000, size: 2048 MB, Compressed Oops mode: 32-bit
[2020-09-11T14:11:00.631+0000][1][safepoint    ] Safepoint "EnableBiasedLocking", Time since last: 222881993 ns, Reaching safepoint: 105410 ns, At safepoint: 36293 ns, Total: 141703 ns
[2020-09-11T14:11:00.639+0000][1][safepoint    ] Safepoint "RevokeBias", Time since last: 4373520 ns, Reaching safepoint: 3920934 ns, At safepoint: 40629 ns, Total: 3961563 ns
[2020-09-11T14:11:00.702+0000][1][safepoint    ] Safepoint "Deoptimize", Time since last: 61722816 ns, Reaching safepoint: 1165312 ns, At safepoint: 21507 ns, Total: 1186819 ns
[2020-09-11T14:11:01.375+0000][1][safepoint    ] Safepoint "RevokeBias", Time since last: 672254199 ns, Reaching safepoint: 788922 ns, At safepoint: 41391 ns, Total: 830313 ns
[2020-09-11T14:11:01.423+0000][1][safepoint    ] Safepoint "RevokeBias", Time since last: 41916657 ns, Reaching safepoint: 6025817 ns, At safepoint: 31455 ns, Total: 6057272 ns
[2020-09-11T14:11:01.433+0000][1][safepoint    ] Safepoint "Deoptimize", Time since last: 7991418 ns, Reaching safepoint: 1854915 ns, At safepoint: 32169 ns, Total: 1887084 ns
[2020-09-11T14:11:01.673+0000][1][safepoint    ] Safepoint "Deoptimize", Time since last: 238089285 ns, Reaching safepoint: 1345514 ns, At safepoint: 35432 ns, Total: 1380946 ns
[2020-09-11T14:11:02.679+0000][1][safepoint    ] Safepoint "Cleanup", Time since last: 1002022228 ns, Reaching safepoint: 3823028 ns, At safepoint: 8544 ns, Total: 3831572 ns
[2020-09-11T14:11:03.696+0000][1][safepoint    ] Safepoint "Cleanup", Time since last: 1016770396 ns, Reaching safepoint: 66355 ns, At safepoint: 4799 ns, Total: 71154 ns
[2020-09-11T14:11:03.912+0000][1][safepoint    ] Safepoint "Deoptimize", Time since last: 215956868 ns, Reaching safepoint: 101755 ns, At safepoint: 60593 ns, Total: 162348 ns
[2020-09-11T14:11:04.224+0000][1][safepoint    ] Safepoint "Deoptimize", Time since last: 311812526 ns, Reaching safepoint: 106363 ns, At safepoint: 63010 ns, Total: 169373 ns
[2020-09-11T14:11:04.552+0000][1][safepoint    ] Safepoint "Deoptimize", Time since last: 317334120 ns, Reaching safepoint: 10519623 ns, At safepoint: 80617 ns, Total: 10600240 ns
[2020-09-11T14:11:05.560+0000][1][safepoint    ] Safepoint "Cleanup", Time since last: 1007892567 ns, Reaching safepoint: 123447 ns, At safepoint: 5675 ns, Total: 129122 ns
[2020-09-11T14:11:06.356+0000][1][safepoint    ] Safepoint "Deoptimize", Time since last: 796758016 ns, Reaching safepoint: 105955 ns, At safepoint: 72210 ns, Total: 178165 ns
[2020-09-11T14:11:07.359+0000][1][safepoint    ] Safepoint "Cleanup", Time since last: 1002124263 ns, Reaching safepoint: 38623 ns, At safepoint: 7177 ns, Total: 45800 ns
[2020-09-11T14:11:08.540+0000][1][safepoint    ] Safepoint "Deoptimize", Time since last: 1180770981 ns, Reaching safepoint: 115860 ns, At safepoint: 84059 ns, Total: 199919 ns
[2020-09-11T14:11:09.543+0000][1][safepoint    ] Safepoint "Cleanup", Time since last: 1003483523 ns, Reaching safepoint: 116146 ns, At safepoint: 5804 ns, Total: 121950 ns
[2020-09-11T14:11:10.450+0000][1][safepoint    ] Safepoint "Deoptimize", Time since last: 906591815 ns, Reaching safepoint: 106675 ns, At safepoint: 94781 ns, Total: 201456 ns
[2020-09-11T14:11:10.450+0000][1][safepoint    ] Safepoint "Deoptimize", Time since last: 145957 ns, Reaching safepoint: 76911 ns, At safepoint: 37766 ns, Total: 114677 ns
[2020-09-11T14:11:10.754+0000][1][safepoint    ] Safepoint "Deoptimize", Time since last: 300784257 ns, Reaching safepoint: 2962045 ns, At safepoint: 102118 ns, Total: 3064163 ns
[2020-09-11T14:11:10.785+0000][1][safepoint    ] Safepoint "Deoptimize", Time since last: 30764520 ns, Reaching safepoint: 97485 ns, At safepoint: 95403 ns, Total: 192888 ns
[2020-09-11T14:11:10.844+0000][1][safepoint    ] Safepoint "RevokeBias", Time since last: 48038128 ns, Reaching safepoint: 10329249 ns, At safepoint: 45049 ns, Total: 10374298 ns
[2020-09-11T14:11:10.845+0000][1][safepoint    ] Safepoint "RevokeBias", Time since last: 1410114 ns, Reaching safepoint: 90456 ns, At safepoint: 22336 ns, Total: 112792 ns
[2020-09-11T14:11:10.846+0000][1][safepoint    ] Safepoint "RevokeBias", Time since last: 371228 ns, Reaching safepoint: 79461 ns, At safepoint: 19479 ns, Total: 98940 ns
[2020-09-11T14:11:10.851+0000][1][safepoint    ] Safepoint "RevokeBias", Time since last: 1963659 ns, Reaching safepoint: 3969552 ns, At safepoint: 33233 ns, Total: 4002785 ns
[2020-09-11T14:11:10.855+0000][1][safepoint    ] Safepoint "RevokeBias", Time since last: 203182 ns, Reaching safepoint: 3764578 ns, At safepoint: 32683 ns, Total: 3797261 ns
[2020-09-11T14:11:11.722+0000][1][safepoint    ] Safepoint "RevokeBias", Time since last: 866062361 ns, Reaching safepoint: 123878 ns, At safepoint: 16492 ns, Total: 140370 ns
[2020-09-11T14:11:12.723+0000][1][safepoint    ] Safepoint "Cleanup", Time since last: 1000113804 ns, Reaching safepoint: 1661744 ns, At safepoint: 9604 ns, Total: 1671348 ns
[2020-09-11T14:11:13.724+0000][1][safepoint    ] Safepoint "Cleanup", Time since last: 1000106458 ns, Reaching safepoint: 123128 ns, At safepoint: 8418 ns, Total: 131546 ns
[2020-09-11T14:11:13.787+0000][1][gc,start     ] GC(0) Pause Young (Allocation Failure)
[2020-09-11T14:11:13.788+0000][1][gc,task      ] GC(0) Using 1 workers of 1 for evacuation
[2020-09-11T14:11:13.897+0000][1][gc,age       ] GC(0) Desired survivor size 4358144 bytes, new threshold 1 (max threshold 6)
[2020-09-11T14:11:13.897+0000][1][gc,age       ] GC(0) Age table with threshold 1 (max threshold 6)
[2020-09-11T14:11:13.897+0000][1][gc,age       ] GC(0) - age   1:    6392512 bytes,    6392512 total
[2020-09-11T14:11:13.897+0000][1][gc,heap      ] GC(0) ParNew: 68160K->6271K(76672K)
[2020-09-11T14:11:13.897+0000][1][gc,heap      ] GC(0) CMS: 0K->0K(2011968K)
[2020-09-11T14:11:13.897+0000][1][gc,metaspace ] GC(0) Metaspace: 13507K->13507K(1060864K)
[2020-09-11T14:11:13.897+0000][1][gc           ] GC(0) Pause Young (Allocation Failure) 66M->6M(2039M) 109.418ms
[2020-09-11T14:11:13.897+0000][1][gc,cpu       ] GC(0) User=0.03s Sys=0.00s Real=0.11s
[2020-09-11T14:11:13.922+0000][1][safepoint    ] Safepoint "GenCollectForAllocation", Time since last: 56823745 ns, Reaching safepoint: 6919971 ns, At safepoint: 134859577 ns, Total: 141779548 ns
[2020-09-11T14:11:13.963+0000][1][safepoint    ] Safepoint "RevokeBias", Time since last: 6269149 ns, Reaching safepoint: 2861995 ns, At safepoint: 31156313 ns, Total: 34018308 ns
[2020-09-11T14:11:13.963+0000][1][safepoint    ] Safepoint "RevokeBias", Time since last: 124720 ns, Reaching safepoint: 723038 ns, At safepoint: 47346 ns, Total: 770384 ns
[2020-09-11T14:11:13.964+0000][1][safepoint    ] Safepoint "RevokeBias", Time since last: 49937 ns, Reaching safepoint: 695338 ns, At safepoint: 43792 ns, Total: 739130 ns
[2020-09-11T14:11:13.980+0000][1][safepoint    ] Safepoint "RevokeBias", Time since last: 15170195 ns, Reaching safepoint: 497069 ns, At safepoint: 48932 ns, Total: 546001 ns
[2020-09-11T14:11:13.980+0000][1][safepoint    ] Safepoint "RevokeBias", Time since last: 66000 ns, Reaching safepoint: 85231 ns, At safepoint: 31604 ns, Total: 116835 ns
[2020-09-11T14:11:13.980+0000][1][safepoint    ] Safepoint "RevokeBias", Time since last: 58569 ns, Reaching safepoint: 84695 ns, At safepoint: 29916 ns, Total: 114611 ns
[2020-09-11T14:11:13.980+0000][1][safepoint    ] Safepoint "RevokeBias", Time since last: 29555 ns, Reaching safepoint: 79311 ns, At safepoint: 24895 ns, Total: 104206 ns
[2020-09-11T14:11:13.981+0000][1][safepoint    ] Safepoint "RevokeBias", Time since last: 35516 ns, Reaching safepoint: 79340 ns, At safepoint: 29399 ns, Total: 108739 ns
[2020-09-11T14:11:13.983+0000][1][safepoint    ] Safepoint "RevokeBias", Time since last: 27582 ns, Reaching safepoint: 2295727 ns, At safepoint: 47424 ns, Total: 2343151 ns
[2020-09-11T14:11:13.983+0000][1][safepoint    ] Safepoint "RevokeBias", Time since last: 71823 ns, Reaching safepoint: 363893 ns, At safepoint: 35670 ns, Total: 399563 ns
[2020-09-11T14:11:13.988+0000][1][safepoint    ] Safepoint "RevokeBias", Time since last: 36965 ns, Reaching safepoint: 3950748 ns, At safepoint: 54742 ns, Total: 4005490 ns
[2020-09-11T14:11:13.991+0000][1][safepoint    ] Safepoint "RevokeBias", Time since last: 118702 ns, Reaching safepoint: 3318415 ns, At safepoint: 54317 ns, Total: 3372732 ns
[2020-09-11T14:11:13.991+0000][1][safepoint    ] Safepoint "RevokeBias", Time since last: 52134 ns, Reaching safepoint: 95267 ns, At safepoint: 40520 ns, Total: 135787 ns
[2020-09-11T14:11:13.991+0000][1][safepoint    ] Safepoint "RevokeBias", Time since last: 83315 ns, Reaching safepoint: 89264 ns, At safepoint: 55091 ns, Total: 144355 ns
[2020-09-11T14:11:13.992+0000][1][safepoint    ] Safepoint "RevokeBias", Time since last: 35499 ns, Reaching safepoint: 85377 ns, At safepoint: 32272 ns, Total: 117649 ns
[2020-09-11T14:11:13.992+0000][1][safepoint    ] Safepoint "RevokeBias", Time since last: 92272 ns, Reaching safepoint: 155015 ns, At safepoint: 30535 ns, Total: 185550 ns
[2020-09-11T14:11:13.992+0000][1][safepoint    ] Safepoint "RevokeBias", Time since last: 33677 ns, Reaching safepoint: 83612 ns, At safepoint: 31891 ns, Total: 115503 ns
[2020-09-11T14:11:13.995+0000][1][safepoint    ] Safepoint "RevokeBias", Time since last: 430528 ns, Reaching safepoint: 2546959 ns, At safepoint: 73121 ns, Total: 2620080 ns
[2020-09-11T14:11:14.063+0000][1][safepoint    ] Safepoint "RevokeBias", Time since last: 64585903 ns, Reaching safepoint: 3131358 ns, At safepoint: 45331 ns, Total: 3176689 ns
[2020-09-11T14:11:14.081+0000][1][safepoint    ] Safepoint "RevokeBias", Time since last: 18080272 ns, Reaching safepoint: 190579 ns, At safepoint: 21986 ns, Total: 212565 ns
[2020-09-11T14:11:14.082+0000][1][safepoint    ] Safepoint "RevokeBias", Time since last: 60256 ns, Reaching safepoint: 532440 ns, At safepoint: 18284 ns, Total: 550724 ns
[2020-09-11T14:11:14.082+0000][1][safepoint    ] Safepoint "RevokeBias", Time since last: 71930 ns, Reaching safepoint: 80222 ns, At safepoint: 14837 ns, Total: 95059 ns
[2020-09-11T14:11:14.082+0000][1][safepoint    ] Safepoint "RevokeBias", Time since last: 30095 ns, Reaching safepoint: 80008 ns, At safepoint: 19209 ns, Total: 99217 ns
[2020-09-11T14:11:14.082+0000][1][safepoint    ] Safepoint "RevokeBias", Time since last: 83187 ns, Reaching safepoint: 80154 ns, At safepoint: 14758 ns, Total: 94912 ns
[2020-09-11T14:11:14.082+0000][1][safepoint    ] Safepoint "RevokeBias", Time since last: 29076 ns, Reaching safepoint: 78851 ns, At safepoint: 17163 ns, Total: 96014 ns
[2020-09-11T14:11:14.083+0000][1][safepoint    ] Safepoint "RevokeBias", Time since last: 36748 ns, Reaching safepoint: 1070994 ns, At safepoint: 19699 ns, Total: 1090693 ns
[2020-09-11T14:11:14.084+0000][1][safepoint    ] Safepoint "RevokeBias", Time since last: 34960 ns, Reaching safepoint: 83360 ns, At safepoint: 15726 ns, Total: 99086 ns
[2020-09-11T14:11:14.084+0000][1][safepoint    ] Safepoint "RevokeBias", Time since last: 52249 ns, Reaching safepoint: 79767 ns, At safepoint: 14368 ns, Total: 94135 ns
[2020-09-11T14:11:14.084+0000][1][safepoint    ] Safepoint "RevokeBias", Time since last: 28330 ns, Reaching safepoint: 80098 ns, At safepoint: 24927 ns, Total: 105025 ns
[2020-09-11T14:11:14.087+0000][1][safepoint    ] Safepoint "RevokeBias", Time since last: 958719 ns, Reaching safepoint: 2630911 ns, At safepoint: 44536 ns, Total: 2675447 ns
[2020-09-11T14:11:14.091+0000][1][safepoint    ] Safepoint "RevokeBias", Time since last: 52882 ns, Reaching safepoint: 3910698 ns, At safepoint: 50024 ns, Total: 3960722 ns
[2020-09-11T14:11:14.156+0000][1][safepoint    ] Safepoint "Deoptimize", Time since last: 61099248 ns, Reaching safepoint: 2842954 ns, At safepoint: 186615 ns, Total: 3029569 ns
[2020-09-11T14:11:15.156+0000][1][safepoint    ] Safepoint "Cleanup", Time since last: 1000150823 ns, Reaching safepoint: 116065 ns, At safepoint: 6248 ns, Total: 122313 ns
[2020-09-11T14:11:15.703+0000][1][safepoint    ] Safepoint "RevokeBias", Time since last: 545988029 ns, Reaching safepoint: 1536141 ns, At safepoint: 29329 ns, Total: 1565470 ns
[2020-09-11T14:11:16.710+0000][1][safepoint    ] Safepoint "Cleanup", Time since last: 1006035286 ns, Reaching safepoint: 126743 ns, At safepoint: 7776 ns, Total: 134519 ns
[2020-09-11T14:11:17.584+0000][1][safepoint    ] Safepoint "Deoptimize", Time since last: 873479841 ns, Reaching safepoint: 360676 ns, At safepoint: 150808 ns, Total: 511484 ns
[2020-09-11T14:11:18.105+0000][1][gc,start     ] GC(1) Pause Young (Allocation Failure)
[2020-09-11T14:11:18.105+0000][1][gc,task      ] GC(1) Using 1 workers of 1 for evacuation
[2020-09-11T14:11:18.306+0000][1][gc,age       ] GC(1) Desired survivor size 4358144 bytes, new threshold 6 (max threshold 6)
[2020-09-11T14:11:18.306+0000][1][gc,age       ] GC(1) Age table with threshold 6 (max threshold 6)
[2020-09-11T14:11:18.306+0000][1][gc,age       ] GC(1) - age   1:    3725760 bytes,    3725760 total
[2020-09-11T14:11:18.306+0000][1][gc,heap      ] GC(1) ParNew: 74431K->4171K(76672K)
[2020-09-11T14:11:18.306+0000][1][gc,heap      ] GC(1) CMS: 0K->6779K(2011968K)
[2020-09-11T14:11:18.306+0000][1][gc,metaspace ] GC(1) Metaspace: 18003K->18003K(1064960K)
[2020-09-11T14:11:18.306+0000][1][gc           ] GC(1) Pause Young (Allocation Failure) 72M->10M(2039M) 200.536ms
[2020-09-11T14:11:18.306+0000][1][gc,cpu       ] GC(1) User=0.05s Sys=0.00s Real=0.20s
[2020-09-11T14:11:18.330+0000][1][safepoint    ] Safepoint "GenCollectForAllocation", Time since last: 519818157 ns, Reaching safepoint: 1982179 ns, At safepoint: 224293934 ns, Total: 226276113 ns
[2020-09-11T14:11:18.360+0000][1][safepoint    ] Safepoint "BulkRevokeBias", Time since last: 26592390 ns, Reaching safepoint: 3142000 ns, At safepoint: 99326 ns, Total: 3241326 ns
[2020-09-11T14:11:18.364+0000][1][safepoint    ] Safepoint "RevokeBias", Time since last: 104578 ns, Reaching safepoint: 3792834 ns, At safepoint: 62892 ns, Total: 3855726 ns
[2020-09-11T14:11:18.368+0000][1][safepoint    ] Safepoint "RevokeBias", Time since last: 78291 ns, Reaching safepoint: 3878857 ns, At safepoint: 68330 ns, Total: 3947187 ns
[2020-09-11T14:11:18.371+0000][1][safepoint    ] Safepoint "RevokeBias", Time since last: 77131 ns, Reaching safepoint: 3828934 ns, At safepoint: 54736 ns, Total: 3883670 ns
[2020-09-11T14:11:18.372+0000][1][safepoint    ] Safepoint "RevokeBias", Time since last: 44726 ns, Reaching safepoint: 84157 ns, At safepoint: 43576 ns, Total: 127733 ns
[2020-09-11T14:11:18.372+0000][1][safepoint    ] Safepoint "RevokeBias", Time since last: 35496 ns, Reaching safepoint: 91576 ns, At safepoint: 42299 ns, Total: 133875 ns
[2020-09-11T14:11:18.372+0000][1][safepoint    ] Safepoint "RevokeBias", Time since last: 24948 ns, Reaching safepoint: 81181 ns, At safepoint: 32750 ns, Total: 113931 ns
[2020-09-11T14:11:18.372+0000][1][safepoint    ] Safepoint "BulkRevokeBias", Time since last: 29853 ns, Reaching safepoint: 82328 ns, At safepoint: 62020 ns, Total: 144348 ns
[2020-09-11T14:11:18.372+0000][1][safepoint    ] Safepoint "BulkRevokeBias", Time since last: 23945 ns, Reaching safepoint: 81389 ns, At safepoint: 55532 ns, Total: 136921 ns
[2020-09-11T14:11:18.637+0000][1][safepoint    ] Safepoint "Deoptimize", Time since last: 264050550 ns, Reaching safepoint: 107865 ns, At safepoint: 158018 ns, Total: 265883 ns
[2020-09-11T14:11:18.694+0000][1][safepoint    ] Safepoint "Deoptimize", Time since last: 50140084 ns, Reaching safepoint: 6874939 ns, At safepoint: 170175 ns, Total: 7045114 ns
[2020-09-11T14:11:19.700+0000][1][safepoint    ] Safepoint "Cleanup", Time since last: 1005616332 ns, Reaching safepoint: 115969 ns, At safepoint: 7460 ns, Total: 123429 ns
[2020-09-11T14:11:19.822+0000][1][safepoint    ] Safepoint "Deoptimize", Time since last: 119815595 ns, Reaching safepoint: 2010020 ns, At safepoint: 171295 ns, Total: 2181315 ns
[2020-09-11T14:11:19.823+0000][1][safepoint    ] Safepoint "RevokeBias", Time since last: 506082 ns, Reaching safepoint: 1373772 ns, At safepoint: 47136 ns, Total: 1420908 ns
[2020-09-11T14:11:19.827+0000][1][safepoint    ] Safepoint "Deoptimize", Time since last: 950445 ns, Reaching safepoint: 2191192 ns, At safepoint: 171445 ns, Total: 2362637 ns
[2020-09-11T14:11:20.830+0000][1][safepoint    ] Safepoint "Cleanup", Time since last: 1003113464 ns, Reaching safepoint: 121965 ns, At safepoint: 6965 ns, Total: 128930 ns
[2020-09-11T14:11:21.506+0000][1][gc,start     ] GC(2) Pause Young (Allocation Failure)
[2020-09-11T14:11:21.506+0000][1][gc,task      ] GC(2) Using 1 workers of 1 for evacuation
[2020-09-11T14:11:21.659+0000][1][gc,age       ] GC(2) Desired survivor size 4358144 bytes, new threshold 2 (max threshold 6)
[2020-09-11T14:11:21.659+0000][1][gc,age       ] GC(2) Age table with threshold 2 (max threshold 6)
[2020-09-11T14:11:21.659+0000][1][gc,age       ] GC(2) - age   1:    2765744 bytes,    2765744 total
[2020-09-11T14:11:21.659+0000][1][gc,age       ] GC(2) - age   2:    3530680 bytes,    6296424 total
[2020-09-11T14:11:21.659+0000][1][gc,heap      ] GC(2) ParNew: 72331K->7556K(76672K)
[2020-09-11T14:11:21.659+0000][1][gc,heap      ] GC(2) CMS: 6779K->6779K(2011968K)
[2020-09-11T14:11:21.659+0000][1][gc,metaspace ] GC(2) Metaspace: 20020K->20020K(1067008K)
[2020-09-11T14:11:21.659+0000][1][gc           ] GC(2) Pause Young (Allocation Failure) 77M->13M(2039M) 152.654ms
[2020-09-11T14:11:21.659+0000][1][gc,cpu       ] GC(2) User=0.04s Sys=0.00s Real=0.15s
[2020-09-11T14:11:21.673+0000][1][safepoint    ] Safepoint "GenCollectForAllocation", Time since last: 675807792 ns, Reaching safepoint: 112987 ns, At safepoint: 166894455 ns, Total: 167007442 ns
[2020-09-11T14:11:21.724+0000][1][safepoint    ] Safepoint "RevokeBias", Time since last: 46568992 ns, Reaching safepoint: 4599955 ns, At safepoint: 52073 ns, Total: 4652028 ns
[2020-09-11T14:11:21.724+0000][1][safepoint    ] Safepoint "RevokeBias", Time since last: 93570 ns, Reaching safepoint: 82585 ns, At safepoint: 32459 ns, Total: 115044 ns
[2020-09-11T14:11:21.724+0000][1][safepoint    ] Safepoint "RevokeBias", Time since last: 106882 ns, Reaching safepoint: 81882 ns, At safepoint: 21066 ns, Total: 102948 ns
[2020-09-11T14:11:21.725+0000][1][safepoint    ] Safepoint "RevokeBias", Time since last: 35823 ns, Reaching safepoint: 79624 ns, At safepoint: 19622 ns, Total: 99246 ns
[2020-09-11T14:11:21.725+0000][1][safepoint    ] Safepoint "RevokeBias", Time since last: 33085 ns, Reaching safepoint: 79053 ns, At safepoint: 21738 ns, Total: 100791 ns
[2020-09-11T14:11:21.725+0000][1][safepoint    ] Safepoint "RevokeBias", Time since last: 33119 ns, Reaching safepoint: 79950 ns, At safepoint: 21397 ns, Total: 101347 ns
[2020-09-11T14:11:21.725+0000][1][safepoint    ] Safepoint "RevokeBias", Time since last: 39377 ns, Reaching safepoint: 78959 ns, At safepoint: 20535 ns, Total: 99494 ns
[2020-09-11T14:11:21.725+0000][1][safepoint    ] Safepoint "RevokeBias", Time since last: 33398 ns, Reaching safepoint: 232582 ns, At safepoint: 22589 ns, Total: 255171 ns
[2020-09-11T14:11:21.780+0000][1][safepoint    ] Safepoint "RevokeBias", Time since last: 38117700 ns, Reaching safepoint: 16021373 ns, At safepoint: 59121 ns, Total: 16080494 ns
[2020-09-11T14:11:21.792+0000][1][safepoint    ] Safepoint "RevokeBias", Time since last: 12013198 ns, Reaching safepoint: 100900 ns, At safepoint: 51756 ns, Total: 152656 ns
[2020-09-11T14:11:22.796+0000][1][gc,start     ] GC(3) Pause Young (Allocation Failure)
[2020-09-11T14:11:22.796+0000][1][gc,task      ] GC(3) Using 1 workers of 1 for evacuation
[2020-09-11T14:11:22.945+0000][1][gc,age       ] GC(3) Desired survivor size 4358144 bytes, new threshold 6 (max threshold 6)
[2020-09-11T14:11:22.945+0000][1][gc,age       ] GC(3) Age table with threshold 6 (max threshold 6)
[2020-09-11T14:11:22.945+0000][1][gc,age       ] GC(3) - age   1:    1453992 bytes,    1453992 total
[2020-09-11T14:11:22.945+0000][1][gc,age       ] GC(3) - age   2:     780512 bytes,    2234504 total
[2020-09-11T14:11:22.945+0000][1][gc,heap      ] GC(3) ParNew: 75716K->5544K(76672K)
[2020-09-11T14:11:22.945+0000][1][gc,heap      ] GC(3) CMS: 6779K->10255K(2011968K)
[2020-09-11T14:11:22.945+0000][1][gc,metaspace ] GC(3) Metaspace: 20275K->20275K(1067008K)
[2020-09-11T14:11:22.945+0000][1][gc           ] GC(3) Pause Young (Allocation Failure) 80M->15M(2039M) 149.420ms
[2020-09-11T14:11:22.945+0000][1][gc,cpu       ] GC(3) User=0.03s Sys=0.00s Real=0.15s
[2020-09-11T14:11:22.970+0000][1][safepoint    ] Safepoint "GenCollectForAllocation", Time since last: 1003749755 ns, Reaching safepoint: 116846 ns, At safepoint: 174506535 ns, Total: 174623381 ns
[2020-09-11T14:11:22.994+0000][1][safepoint    ] Safepoint "RevokeBias", Time since last: 23826376 ns, Reaching safepoint: 26222 ns, At safepoint: 45081 ns, Total: 71303 ns
[2020-09-11T14:11:22.994+0000][1][safepoint    ] Safepoint "RevokeBias", Time since last: 51780 ns, Reaching safepoint: 8978 ns, At safepoint: 23019 ns, Total: 31997 ns
[2020-09-11T14:11:22.994+0000][1][safepoint    ] Safepoint "RevokeBias", Time since last: 32059 ns, Reaching safepoint: 9141 ns, At safepoint: 21723 ns, Total: 30864 ns
[2020-09-11T14:11:22.994+0000][1][safepoint    ] Safepoint "RevokeBias", Time since last: 21895 ns, Reaching safepoint: 8059 ns, At safepoint: 21301 ns, Total: 29360 ns
[2020-09-11T14:11:22.994+0000][1][safepoint    ] Safepoint "RevokeBias", Time since last: 25453 ns, Reaching safepoint: 8393 ns, At safepoint: 20980 ns, Total: 29373 ns
[2020-09-11T14:11:22.994+0000][1][safepoint    ] Safepoint "RevokeBias", Time since last: 21606 ns, Reaching safepoint: 7587 ns, At safepoint: 20881 ns, Total: 28468 ns
[2020-09-11T14:11:22.994+0000][1][safepoint    ] Safepoint "RevokeBias", Time since last: 25203 ns, Reaching safepoint: 8243 ns, At safepoint: 21388 ns, Total: 29631 ns
[2020-09-11T14:11:22.994+0000][1][safepoint    ] Safepoint "RevokeBias", Time since last: 21747 ns, Reaching safepoint: 7227 ns, At safepoint: 20630 ns, Total: 27857 ns
[2020-09-11T14:11:23.712+0000][1][safepoint    ] Safepoint "CollectForMetadataAllocation", Time since last: 717095380 ns, Reaching safepoint: 112000 ns, At safepoint: 144612 ns, Total: 256612 ns
[2020-09-11T14:11:23.924+0000][1][safepoint    ] Safepoint "CollectForMetadataAllocation", Time since last: 211746274 ns, Reaching safepoint: 113944 ns, At safepoint: 133978 ns, Total: 247922 ns
[2020-09-11T14:11:24.114+0000][1][gc,start     ] GC(4) Pause Young (Allocation Failure)
[2020-09-11T14:11:24.114+0000][1][gc,task      ] GC(4) Using 1 workers of 1 for evacuation
[2020-09-11T14:11:24.200+0000][1][gc,age       ] GC(4) Desired survivor size 4358144 bytes, new threshold 6 (max threshold 6)
[2020-09-11T14:11:24.200+0000][1][gc,age       ] GC(4) Age table with threshold 6 (max threshold 6)
[2020-09-11T14:11:24.200+0000][1][gc,age       ] GC(4) - age   1:    2065760 bytes,    2065760 total
[2020-09-11T14:11:24.200+0000][1][gc,age       ] GC(4) - age   2:     350936 bytes,    2416696 total
[2020-09-11T14:11:24.200+0000][1][gc,age       ] GC(4) - age   3:     780416 bytes,    3197112 total
[2020-09-11T14:11:24.200+0000][1][gc,heap      ] GC(4) ParNew: 73704K->3863K(76672K)
[2020-09-11T14:11:24.200+0000][1][gc,heap      ] GC(4) CMS: 10255K->10255K(2011968K)
[2020-09-11T14:11:24.200+0000][1][gc,metaspace ] GC(4) Metaspace: 20805K->20805K(1069056K)
[2020-09-11T14:11:24.200+0000][1][gc           ] GC(4) Pause Young (Allocation Failure) 81M->13M(2039M) 86.298ms
[2020-09-11T14:11:24.200+0000][1][gc,cpu       ] GC(4) User=0.02s Sys=0.00s Real=0.09s
[2020-09-11T14:11:24.215+0000][1][safepoint    ] Safepoint "GenCollectForAllocation", Time since last: 189793772 ns, Reaching safepoint: 97998 ns, At safepoint: 101855247 ns, Total: 101953245 ns
[2020-09-11T14:11:24.256+0000][1][gc,start     ] GC(5) Pause Initial Mark
[2020-09-11T14:11:24.258+0000][1][gc           ] GC(5) Pause Initial Mark 20M->20M(2039M) 2.906ms
[2020-09-11T14:11:24.258+0000][1][gc,cpu       ] GC(5) User=0.00s Sys=0.00s Real=0.00s
[2020-09-11T14:11:24.298+0000][1][safepoint    ] Safepoint "BulkRevokeBias", Time since last: 26702602 ns, Reaching safepoint: 13282054 ns, At safepoint: 43065698 ns, Total: 56347752 ns
[2020-09-11T14:11:24.299+0000][1][gc           ] GC(5) Concurrent Mark
[2020-09-11T14:11:24.322+0000][1][safepoint    ] Safepoint "RevokeBias", Time since last: 20923640 ns, Reaching safepoint: 2198852 ns, At safepoint: 37340 ns, Total: 2236192 ns
[2020-09-11T14:11:24.327+0000][1][safepoint    ] Safepoint "RevokeBias", Time since last: 101950 ns, Reaching safepoint: 4966685 ns, At safepoint: 38360 ns, Total: 5005045 ns
[2020-09-11T14:11:24.327+0000][1][safepoint    ] Safepoint "RevokeBias", Time since last: 57759 ns, Reaching safepoint: 593391 ns, At safepoint: 24148 ns, Total: 617539 ns
[2020-09-11T14:11:24.328+0000][1][safepoint    ] Safepoint "RevokeBias", Time since last: 54269 ns, Reaching safepoint: 82556 ns, At safepoint: 20253 ns, Total: 102809 ns
[2020-09-11T14:11:24.330+0000][1][safepoint    ] Safepoint "RevokeBias", Time since last: 29541 ns, Reaching safepoint: 2150132 ns, At safepoint: 23047 ns, Total: 2173179 ns
[2020-09-11T14:11:24.447+0000][1][gc           ] GC(5) Concurrent Mark 148.059ms
[2020-09-11T14:11:24.447+0000][1][gc,cpu       ] GC(5) User=0.04s Sys=0.00s Real=0.15s
[2020-09-11T14:11:24.447+0000][1][gc           ] GC(5) Concurrent Preclean
[2020-09-11T14:11:24.488+0000][1][gc           ] GC(5) Concurrent Preclean 41.111ms
[2020-09-11T14:11:24.488+0000][1][gc,cpu       ] GC(5) User=0.01s Sys=0.00s Real=0.04s
[2020-09-11T14:11:24.488+0000][1][gc           ] GC(5) Concurrent Abortable Preclean
[2020-09-11T14:11:24.835+0000][1][safepoint    ] Safepoint "RevokeBias", Time since last: 505024191 ns, Reaching safepoint: 109721 ns, At safepoint: 19651 ns, Total: 129372 ns
[2020-09-11T14:11:24.844+0000][1][safepoint    ] Safepoint "RevokeBias", Time since last: 8526591 ns, Reaching safepoint: 48899 ns, At safepoint: 19095 ns, Total: 67994 ns
[2020-09-11T14:11:24.856+0000][1][safepoint    ] Safepoint "Deoptimize", Time since last: 11889392 ns, Reaching safepoint: 57711 ns, At safepoint: 204440 ns, Total: 262151 ns
[2020-09-11T14:11:24.932+0000][1][safepoint    ] Safepoint "CollectForMetadataAllocation", Time since last: 55758600 ns, Reaching safepoint: 20043291 ns, At safepoint: 92867 ns, Total: 20136158 ns
[2020-09-11T14:11:25.200+0000][1][safepoint    ] Safepoint "Deoptimize", Time since last: 267841710 ns, Reaching safepoint: 104059 ns, At safepoint: 197785 ns, Total: 301844 ns
[2020-09-11T14:11:25.270+0000][1][safepoint    ] Safepoint "RevokeBias", Time since last: 59694489 ns, Reaching safepoint: 10171365 ns, At safepoint: 30307 ns, Total: 10201672 ns
[2020-09-11T14:11:25.284+0000][1][safepoint    ] Safepoint "RevokeBias", Time since last: 13810777 ns, Reaching safepoint: 104812 ns, At safepoint: 35712 ns, Total: 140524 ns
[2020-09-11T14:11:25.444+0000][1][gc,start     ] GC(6) Pause Young (Allocation Failure)
[2020-09-11T14:11:25.444+0000][1][gc,task      ] GC(6) Using 1 workers of 1 for evacuation
[2020-09-11T14:11:25.560+0000][1][gc,age       ] GC(6) Desired survivor size 4358144 bytes, new threshold 4 (max threshold 6)
[2020-09-11T14:11:25.560+0000][1][gc,age       ] GC(6) Age table with threshold 4 (max threshold 6)
[2020-09-11T14:11:25.560+0000][1][gc,age       ] GC(6) - age   1:    2079920 bytes,    2079920 total
[2020-09-11T14:11:25.560+0000][1][gc,age       ] GC(6) - age   2:    1252432 bytes,    3332352 total
[2020-09-11T14:11:25.560+0000][1][gc,age       ] GC(6) - age   3:     350936 bytes,    3683288 total
[2020-09-11T14:11:25.560+0000][1][gc,age       ] GC(6) - age   4:     780416 bytes,    4463704 total
[2020-09-11T14:11:25.560+0000][1][gc,heap      ] GC(6) ParNew: 72023K->5649K(76672K)
[2020-09-11T14:11:25.560+0000][1][gc,heap      ] GC(6) CMS: 10255K->10255K(2011968K)
[2020-09-11T14:11:25.560+0000][1][gc,metaspace ] GC(6) Metaspace: 21114K->21114K(1069056K)
[2020-09-11T14:11:25.560+0000][1][gc           ] GC(6) Pause Young (Allocation Failure) 80M->15M(2039M) 116.750ms
[2020-09-11T14:11:25.560+0000][1][gc,cpu       ] GC(6) User=0.04s Sys=0.00s Real=0.11s
[2020-09-11T14:11:25.571+0000][1][safepoint    ] Safepoint "GenCollectForAllocation", Time since last: 150102802 ns, Reaching safepoint: 9900160 ns, At safepoint: 127830348 ns, Total: 137730508 ns
[2020-09-11T14:11:25.623+0000][1][safepoint    ] Safepoint "RevokeBias", Time since last: 22782444 ns, Reaching safepoint: 29135885 ns, At safepoint: 31862 ns, Total: 29167747 ns
[2020-09-11T14:11:25.628+0000][1][safepoint    ] Safepoint "RevokeBias", Time since last: 4141656 ns, Reaching safepoint: 30847 ns, At safepoint: 30396 ns, Total: 61243 ns
[2020-09-11T14:11:25.628+0000][1][safepoint    ] Safepoint "RevokeBias", Time since last: 45946 ns, Reaching safepoint: 10149 ns, At safepoint: 15878 ns, Total: 26027 ns
[2020-09-11T14:11:25.628+0000][1][safepoint    ] Safepoint "RevokeBias", Time since last: 24198 ns, Reaching safepoint: 7857 ns, At safepoint: 13685 ns, Total: 21542 ns
[2020-09-11T14:11:25.628+0000][1][safepoint    ] Safepoint "RevokeBias", Time since last: 27042 ns, Reaching safepoint: 8740 ns, At safepoint: 13274 ns, Total: 22014 ns
[2020-09-11T14:11:25.628+0000][1][safepoint    ] Safepoint "RevokeBias", Time since last: 22700 ns, Reaching safepoint: 7657 ns, At safepoint: 13073 ns, Total: 20730 ns
[2020-09-11T14:11:25.768+0000][1][safepoint    ] Safepoint "RevokeBias", Time since last: 139656272 ns, Reaching safepoint: 403984 ns, At safepoint: 31985 ns, Total: 435969 ns
[2020-09-11T14:11:25.780+0000][1][safepoint    ] Safepoint "RevokeBias", Time since last: 12385269 ns, Reaching safepoint: 91681 ns, At safepoint: 29525 ns, Total: 121206 ns
[2020-09-11T14:11:26.156+0000][1][safepoint    ] Safepoint "RevokeBias", Time since last: 375521322 ns, Reaching safepoint: 76945 ns, At safepoint: 39448 ns, Total: 116393 ns
[2020-09-11T14:11:26.183+0000][1][safepoint    ] Safepoint "RevokeBias", Time since last: 24421199 ns, Reaching safepoint: 2408828 ns, At safepoint: 38200 ns, Total: 2447028 ns
[2020-09-11T14:11:26.207+0000][1][gc           ] GC(5) Concurrent Abortable Preclean 1719.583ms
[2020-09-11T14:11:26.207+0000][1][gc,cpu       ] GC(5) User=0.56s Sys=0.01s Real=1.72s
[2020-09-11T14:11:26.211+0000][1][gc,start     ] GC(5) Pause Remark
[2020-09-11T14:11:26.276+0000][1][gc           ] GC(5) Pause Remark 69M->69M(2039M) 64.093ms
[2020-09-11T14:11:26.276+0000][1][gc,cpu       ] GC(5) User=0.02s Sys=0.00s Real=0.07s
[2020-09-11T14:11:26.303+0000][1][safepoint    ] Safepoint "CMS_Final_Remark", Time since last: 24629950 ns, Reaching safepoint: 3933622 ns, At safepoint: 91979437 ns, Total: 95913059 ns
[2020-09-11T14:11:26.304+0000][1][gc           ] GC(5) Concurrent Sweep
[2020-09-11T14:11:26.306+0000][1][gc           ] GC(5) Concurrent Sweep 2.877ms
[2020-09-11T14:11:26.306+0000][1][gc,cpu       ] GC(5) User=0.00s Sys=0.00s Real=0.00s
[2020-09-11T14:11:26.306+0000][1][gc           ] GC(5) Concurrent Reset
[2020-09-11T14:11:26.318+0000][1][gc           ] GC(5) Concurrent Reset 12.014ms
[2020-09-11T14:11:26.319+0000][1][gc,cpu       ] GC(5) User=0.01s Sys=0.00s Real=0.01s
[2020-09-11T14:11:26.319+0000][1][gc,heap      ] GC(5) Old: 10255K->10253K(2011968K)
[2020-09-11T14:11:26.424+0000][1][gc,start     ] GC(7) Pause Young (Allocation Failure)
[2020-09-11T14:11:26.424+0000][1][gc,task      ] GC(7) Using 1 workers of 1 for evacuation
[2020-09-11T14:11:26.507+0000][1][gc,age       ] GC(7) Desired survivor size 4358144 bytes, new threshold 6 (max threshold 6)
[2020-09-11T14:11:26.508+0000][1][gc,age       ] GC(7) Age table with threshold 6 (max threshold 6)
[2020-09-11T14:11:26.508+0000][1][gc,age       ] GC(7) - age   1:     475688 bytes,     475688 total
[2020-09-11T14:11:26.508+0000][1][gc,age       ] GC(7) - age   2:    1525984 bytes,    2001672 total
[2020-09-11T14:11:26.508+0000][1][gc,age       ] GC(7) - age   3:    1251824 bytes,    3253496 total
[2020-09-11T14:11:26.508+0000][1][gc,age       ] GC(7) - age   4:     350936 bytes,    3604432 total
[2020-09-11T14:11:26.508+0000][1][gc,heap      ] GC(7) ParNew: 73809K->3975K(76672K)
[2020-09-11T14:11:26.508+0000][1][gc,heap      ] GC(7) CMS: 10253K->11022K(2011968K)
[2020-09-11T14:11:26.508+0000][1][gc,metaspace ] GC(7) Metaspace: 21214K->21214K(1069056K)
[2020-09-11T14:11:26.508+0000][1][gc           ] GC(7) Pause Young (Allocation Failure) 82M->14M(2039M) 83.804ms
[2020-09-11T14:11:26.508+0000][1][gc,cpu       ] GC(7) User=0.03s Sys=0.00s Real=0.08s
[2020-09-11T14:11:26.519+0000][1][safepoint    ] Safepoint "GenCollectForAllocation", Time since last: 119991137 ns, Reaching safepoint: 381552 ns, At safepoint: 95641086 ns, Total: 96022638 ns
[2020-09-11T14:11:26.544+0000][1][safepoint    ] Safepoint "RevokeBias", Time since last: 11974962 ns, Reaching safepoint: 12046082 ns, At safepoint: 95158 ns, Total: 12141240 ns
[2020-09-11T14:11:26.544+0000][1][safepoint    ] Safepoint "RevokeBias", Time since last: 64546 ns, Reaching safepoint: 83122 ns, At safepoint: 36972 ns, Total: 120094 ns
[2020-09-11T14:11:26.556+0000][1][safepoint    ] Safepoint "RevokeBias", Time since last: 11725648 ns, Reaching safepoint: 846246 ns, At safepoint: 25084 ns, Total: 871330 ns
[2020-09-11T14:11:26.556+0000][1][safepoint    ] Safepoint "RevokeBias", Time since last: 52260 ns, Reaching safepoint: 78779 ns, At safepoint: 19425 ns, Total: 98204 ns
[2020-09-11T14:11:26.600+0000][1][safepoint    ] Safepoint "RevokeBias", Time since last: 42941080 ns, Reaching safepoint: 104608 ns, At safepoint: 39513 ns, Total: 144121 ns
[2020-09-11T14:11:26.624+0000][1][safepoint    ] Safepoint "RevokeBias", Time since last: 23863103 ns, Reaching safepoint: 105020 ns, At safepoint: 36971 ns, Total: 141991 ns
[2020-09-11T14:11:26.888+0000][1][safepoint    ] Safepoint "RevokeBias", Time since last: 263849642 ns, Reaching safepoint: 102140 ns, At safepoint: 38969 ns, Total: 141109 ns
[2020-09-11T14:11:26.922+0000][1][safepoint    ] Safepoint "RevokeBias", Time since last: 34141231 ns, Reaching safepoint: 103251 ns, At safepoint: 39111 ns, Total: 142362 ns
[2020-09-11T14:11:26.944+0000][1][safepoint    ] Safepoint "RevokeBias", Time since last: 21578844 ns, Reaching safepoint: 101534 ns, At safepoint: 37990 ns, Total: 139524 ns
[2020-09-11T14:11:27.128+0000][1][gc,start     ] GC(8) Pause Young (Allocation Failure)
[2020-09-11T14:11:27.128+0000][1][gc,task      ] GC(8) Using 1 workers of 1 for evacuation
[2020-09-11T14:11:27.204+0000][1][gc,age       ] GC(8) Desired survivor size 4358144 bytes, new threshold 4 (max threshold 6)
[2020-09-11T14:11:27.204+0000][1][gc,age       ] GC(8) Age table with threshold 4 (max threshold 6)
[2020-09-11T14:11:27.204+0000][1][gc,age       ] GC(8) - age   1:    1508768 bytes,    1508768 total
[2020-09-11T14:11:27.204+0000][1][gc,age       ] GC(8) - age   2:     446672 bytes,    1955440 total
[2020-09-11T14:11:27.204+0000][1][gc,age       ] GC(8) - age   3:    1524048 bytes,    3479488 total
[2020-09-11T14:11:27.204+0000][1][gc,age       ] GC(8) - age   4:    1251168 bytes,    4730656 total
[2020-09-11T14:11:27.204+0000][1][gc,age       ] GC(8) - age   5:     350936 bytes,    5081592 total
[2020-09-11T14:11:27.204+0000][1][gc,heap      ] GC(8) ParNew: 72135K->7267K(76672K)
[2020-09-11T14:11:27.204+0000][1][gc,heap      ] GC(8) CMS: 11022K->11022K(2011968K)
[2020-09-11T14:11:27.204+0000][1][gc,metaspace ] GC(8) Metaspace: 21394K->21394K(1069056K)
[2020-09-11T14:11:27.204+0000][1][gc           ] GC(8) Pause Young (Allocation Failure) 81M->17M(2039M) 76.044ms
[2020-09-11T14:11:27.204+0000][1][gc,cpu       ] GC(8) User=0.03s Sys=0.00s Real=0.08s
[2020-09-11T14:11:27.204+0000][1][safepoint    ] Safepoint "GenCollectForAllocation", Time since last: 183936460 ns, Reaching safepoint: 102844 ns, At safepoint: 76853287 ns, Total: 76956131 ns
[2020-09-11T14:11:27.236+0000][1][safepoint    ] Safepoint "RevokeBias", Time since last: 30969722 ns, Reaching safepoint: 107131 ns, At safepoint: 38834 ns, Total: 145965 ns
[2020-09-11T14:11:27.236+0000][1][safepoint    ] Safepoint "RevokeBias", Time since last: 74892 ns, Reaching safepoint: 79837 ns, At safepoint: 25517 ns, Total: 105354 ns
[2020-09-11T14:11:27.236+0000][1][safepoint    ] Safepoint "RevokeBias", Time since last: 49025 ns, Reaching safepoint: 79621 ns, At safepoint: 25261 ns, Total: 104882 ns
[2020-09-11T14:11:27.236+0000][1][safepoint    ] Safepoint "RevokeBias", Time since last: 28674 ns, Reaching safepoint: 88461 ns, At safepoint: 24419 ns, Total: 112880 ns
[2020-09-11T14:11:27.292+0000][1][safepoint    ] Safepoint "RevokeBias", Time since last: 52400977 ns, Reaching safepoint: 2997648 ns, At safepoint: 44898 ns, Total: 3042546 ns
[2020-09-11T14:11:27.315+0000][1][safepoint    ] Safepoint "RevokeBias", Time since last: 22890444 ns, Reaching safepoint: 94916 ns, At safepoint: 31363 ns, Total: 126279 ns
[2020-09-11T14:11:27.516+0000][1][safepoint    ] Safepoint "RevokeBias", Time since last: 200908699 ns, Reaching safepoint: 105662 ns, At safepoint: 36315 ns, Total: 141977 ns
[2020-09-11T14:11:27.724+0000][1][gc,start     ] GC(9) Pause Young (Allocation Failure)
[2020-09-11T14:11:27.724+0000][1][gc,task      ] GC(9) Using 1 workers of 1 for evacuation
[2020-09-11T14:11:27.797+0000][1][gc,age       ] GC(9) Desired survivor size 4358144 bytes, new threshold 4 (max threshold 6)
[2020-09-11T14:11:27.797+0000][1][gc,age       ] GC(9) Age table with threshold 4 (max threshold 6)
[2020-09-11T14:11:27.797+0000][1][gc,age       ] GC(9) - age   1:    2112624 bytes,    2112624 total
[2020-09-11T14:11:27.797+0000][1][gc,age       ] GC(9) - age   2:     829048 bytes,    2941672 total
[2020-09-11T14:11:27.797+0000][1][gc,age       ] GC(9) - age   3:     446592 bytes,    3388264 total
[2020-09-11T14:11:27.797+0000][1][gc,age       ] GC(9) - age   4:    1524048 bytes,    4912312 total
[2020-09-11T14:11:27.797+0000][1][gc,heap      ] GC(9) ParNew: 75427K->8512K(76672K)
[2020-09-11T14:11:27.797+0000][1][gc,heap      ] GC(9) CMS: 11022K->12605K(2011968K)
[2020-09-11T14:11:27.797+0000][1][gc,metaspace ] GC(9) Metaspace: 21486K->21486K(1069056K)
[2020-09-11T14:11:27.797+0000][1][gc           ] GC(9) Pause Young (Allocation Failure) 84M->20M(2039M) 73.729ms
[2020-09-11T14:11:27.797+0000][1][gc,cpu       ] GC(9) User=0.03s Sys=0.00s Real=0.07s
[2020-09-11T14:11:27.814+0000][1][safepoint    ] Safepoint "GenCollectForAllocation", Time since last: 207866648 ns, Reaching safepoint: 109657 ns, At safepoint: 90367134 ns, Total: 90476791 ns
[2020-09-11T14:11:27.840+0000][1][safepoint    ] Safepoint "RevokeBias", Time since last: 18766821 ns, Reaching safepoint: 6754260 ns, At safepoint: 160678 ns, Total: 6914938 ns
[2020-09-11T14:11:27.840+0000][1][safepoint    ] Safepoint "RevokeBias", Time since last: 58584 ns, Reaching safepoint: 84437 ns, At safepoint: 31444 ns, Total: 115881 ns
[2020-09-11T14:11:27.852+0000][1][safepoint    ] Safepoint "RevokeBias", Time since last: 11714511 ns, Reaching safepoint: 775721 ns, At safepoint: 26764 ns, Total: 802485 ns
[2020-09-11T14:11:27.852+0000][1][safepoint    ] Safepoint "RevokeBias", Time since last: 56302 ns, Reaching safepoint: 77282 ns, At safepoint: 14734 ns, Total: 92016 ns
[2020-09-11T14:11:28.040+0000][1][safepoint    ] Safepoint "RevokeBias", Time since last: 186993988 ns, Reaching safepoint: 135150 ns, At safepoint: 26465 ns, Total: 161615 ns
[2020-09-11T14:11:28.040+0000][1][safepoint    ] Safepoint "RevokeBias", Time since last: 576805 ns, Reaching safepoint: 23033 ns, At safepoint: 14218 ns, Total: 37251 ns
[2020-09-11T14:11:28.368+0000][1][gc,start     ] GC(10) Pause Young (Allocation Failure)
[2020-09-11T14:11:28.368+0000][1][gc,task      ] GC(10) Using 1 workers of 1 for evacuation
[2020-09-11T14:11:28.429+0000][1][gc,age       ] GC(10) Desired survivor size 4358144 bytes, new threshold 6 (max threshold 6)
[2020-09-11T14:11:28.429+0000][1][gc,age       ] GC(10) Age table with threshold 6 (max threshold 6)
[2020-09-11T14:11:28.429+0000][1][gc,age       ] GC(10) - age   1:     428080 bytes,     428080 total
[2020-09-11T14:11:28.429+0000][1][gc,age       ] GC(10) - age   2:     114952 bytes,     543032 total
[2020-09-11T14:11:28.429+0000][1][gc,age       ] GC(10) - age   3:     829048 bytes,    1372080 total
[2020-09-11T14:11:28.429+0000][1][gc,age       ] GC(10) - age   4:     446568 bytes,    1818648 total
[2020-09-11T14:11:28.429+0000][1][gc,heap      ] GC(10) ParNew: 76672K->2956K(76672K)
[2020-09-11T14:11:28.429+0000][1][gc,heap      ] GC(10) CMS: 12605K->14105K(2011968K)
[2020-09-11T14:11:28.429+0000][1][gc,metaspace ] GC(10) Metaspace: 21625K->21625K(1069056K)
[2020-09-11T14:11:28.429+0000][1][gc           ] GC(10) Pause Young (Allocation Failure) 87M->16M(2039M) 60.456ms
[2020-09-11T14:11:28.429+0000][1][gc,cpu       ] GC(10) User=0.02s Sys=0.00s Real=0.06s
[2020-09-11T14:11:28.451+0000][1][safepoint    ] Safepoint "GenCollectForAllocation", Time since last: 327921788 ns, Reaching safepoint: 108903 ns, At safepoint: 83206294 ns, Total: 83315197 ns
[2020-09-11T14:11:28.460+0000][1][safepoint    ] Safepoint "RevokeBias", Time since last: 8059585 ns, Reaching safepoint: 99200 ns, At safepoint: 45216 ns, Total: 144416 ns
[2020-09-11T14:11:28.460+0000][1][safepoint    ] Safepoint "RevokeBias", Time since last: 50448 ns, Reaching safepoint: 80250 ns, At safepoint: 29332 ns, Total: 109582 ns
[2020-09-11T14:11:28.460+0000][1][safepoint    ] Safepoint "BulkRevokeBias", Time since last: 35037 ns, Reaching safepoint: 79319 ns, At safepoint: 49794 ns, Total: 129113 ns
[2020-09-11T14:11:28.460+0000][1][safepoint    ] Safepoint "BulkRevokeBias", Time since last: 24712 ns, Reaching safepoint: 87961 ns, At safepoint: 40992 ns, Total: 128953 ns
[2020-09-11T14:11:29.296+0000][1][gc,start     ] GC(11) Pause Young (Allocation Failure)
[2020-09-11T14:11:29.296+0000][1][gc,task      ] GC(11) Using 1 workers of 1 for evacuation
[2020-09-11T14:11:29.375+0000][1][gc,age       ] GC(11) Desired survivor size 4358144 bytes, new threshold 6 (max threshold 6)
[2020-09-11T14:11:29.375+0000][1][gc,age       ] GC(11) Age table with threshold 6 (max threshold 6)
[2020-09-11T14:11:29.375+0000][1][gc,age       ] GC(11) - age   1:    1706632 bytes,    1706632 total
[2020-09-11T14:11:29.375+0000][1][gc,age       ] GC(11) - age   2:     405360 bytes,    2111992 total
[2020-09-11T14:11:29.375+0000][1][gc,age       ] GC(11) - age   3:     114848 bytes,    2226840 total
[2020-09-11T14:11:29.375+0000][1][gc,age       ] GC(11) - age   4:     829048 bytes,    3055888 total
[2020-09-11T14:11:29.375+0000][1][gc,age       ] GC(11) - age   5:     446568 bytes,    3502456 total
[2020-09-11T14:11:29.375+0000][1][gc,heap      ] GC(11) ParNew: 71116K->4142K(76672K)
[2020-09-11T14:11:29.375+0000][1][gc,heap      ] GC(11) CMS: 14105K->14105K(2011968K)
[2020-09-11T14:11:29.375+0000][1][gc,metaspace ] GC(11) Metaspace: 22540K->22540K(1071104K)
[2020-09-11T14:11:29.375+0000][1][gc           ] GC(11) Pause Young (Allocation Failure) 83M->17M(2039M) 79.259ms
[2020-09-11T14:11:29.375+0000][1][gc,cpu       ] GC(11) User=0.03s Sys=0.00s Real=0.07s
[2020-09-11T14:11:29.393+0000][1][safepoint    ] Safepoint "GenCollectForAllocation", Time since last: 835334507 ns, Reaching safepoint: 106832 ns, At safepoint: 97657801 ns, Total: 97764633 ns
[2020-09-11T14:11:29.897+0000][1][gc,start     ] GC(12) Pause Young (Allocation Failure)
[2020-09-11T14:11:29.897+0000][1][gc,task      ] GC(12) Using 1 workers of 1 for evacuation
[2020-09-11T14:11:29.986+0000][1][gc,age       ] GC(12) Desired survivor size 4358144 bytes, new threshold 6 (max threshold 6)
[2020-09-11T14:11:29.986+0000][1][gc,age       ] GC(12) Age table with threshold 6 (max threshold 6)
[2020-09-11T14:11:29.986+0000][1][gc,age       ] GC(12) - age   1:     456296 bytes,     456296 total
[2020-09-11T14:11:29.986+0000][1][gc,age       ] GC(12) - age   2:     575984 bytes,    1032280 total
[2020-09-11T14:11:29.986+0000][1][gc,age       ] GC(12) - age   3:     405360 bytes,    1437640 total
[2020-09-11T14:11:29.986+0000][1][gc,age       ] GC(12) - age   4:     114744 bytes,    1552384 total
[2020-09-11T14:11:29.986+0000][1][gc,age       ] GC(12) - age   5:     828904 bytes,    2381288 total
[2020-09-11T14:11:29.986+0000][1][gc,age       ] GC(12) - age   6:     446424 bytes,    2827712 total
[2020-09-11T14:11:29.986+0000][1][gc,heap      ] GC(12) ParNew: 72302K->3083K(76672K)
[2020-09-11T14:11:29.986+0000][1][gc,heap      ] GC(12) CMS: 14105K->14105K(2011968K)
[2020-09-11T14:11:29.986+0000][1][gc,metaspace ] GC(12) Metaspace: 22571K->22571K(1071104K)
[2020-09-11T14:11:29.986+0000][1][gc           ] GC(12) Pause Young (Allocation Failure) 84M->16M(2039M) 89.282ms
[2020-09-11T14:11:29.986+0000][1][gc,cpu       ] GC(12) User=0.03s Sys=0.00s Real=0.09s
[2020-09-11T14:11:29.986+0000][1][safepoint    ] Safepoint "GenCollectForAllocation", Time since last: 503343897 ns, Reaching safepoint: 103787 ns, At safepoint: 89350327 ns, Total: 89454114 ns
[2020-09-11T14:11:30.500+0000][1][gc,start     ] GC(13) Pause Young (Allocation Failure)
[2020-09-11T14:11:30.500+0000][1][gc,task      ] GC(13) Using 1 workers of 1 for evacuation
[2020-09-11T14:11:30.563+0000][1][gc,age       ] GC(13) Desired survivor size 4358144 bytes, new threshold 6 (max threshold 6)
[2020-09-11T14:11:30.563+0000][1][gc,age       ] GC(13) Age table with threshold 6 (max threshold 6)
[2020-09-11T14:11:30.563+0000][1][gc,age       ] GC(13) - age   1:    1817552 bytes,    1817552 total
[2020-09-11T14:11:30.563+0000][1][gc,age       ] GC(13) - age   2:     203376 bytes,    2020928 total
[2020-09-11T14:11:30.563+0000][1][gc,age       ] GC(13) - age   3:     575872 bytes,    2596800 total
[2020-09-11T14:11:30.563+0000][1][gc,age       ] GC(13) - age   4:     405360 bytes,    3002160 total
[2020-09-11T14:11:30.563+0000][1][gc,age       ] GC(13) - age   5:     114744 bytes,    3116904 total
[2020-09-11T14:11:30.563+0000][1][gc,age       ] GC(13) - age   6:     828904 bytes,    3945808 total
[2020-09-11T14:11:30.563+0000][1][gc,heap      ] GC(13) ParNew: 71243K->5683K(76672K)
[2020-09-11T14:11:30.563+0000][1][gc,heap      ] GC(13) CMS: 14105K->14545K(2011968K)
[2020-09-11T14:11:30.563+0000][1][gc,metaspace ] GC(13) Metaspace: 22673K->22673K(1071104K)
[2020-09-11T14:11:30.563+0000][1][gc           ] GC(13) Pause Young (Allocation Failure) 83M->19M(2039M) 63.507ms
[2020-09-11T14:11:30.563+0000][1][gc,cpu       ] GC(13) User=0.02s Sys=0.00s Real=0.06s
[2020-09-11T14:11:30.575+0000][1][safepoint    ] Safepoint "GenCollectForAllocation", Time since last: 513404073 ns, Reaching safepoint: 105141 ns, At safepoint: 75905397 ns, Total: 76010538 ns
[2020-09-11T14:11:31.121+0000][1][gc,start     ] GC(14) Pause Young (Allocation Failure)
[2020-09-11T14:11:31.121+0000][1][gc,task      ] GC(14) Using 1 workers of 1 for evacuation
[2020-09-11T14:11:31.177+0000][1][gc,age       ] GC(14) Desired survivor size 4358144 bytes, new threshold 6 (max threshold 6)
[2020-09-11T14:11:31.177+0000][1][gc,age       ] GC(14) Age table with threshold 6 (max threshold 6)
[2020-09-11T14:11:31.177+0000][1][gc,age       ] GC(14) - age   1:    1237760 bytes,    1237760 total
[2020-09-11T14:11:31.177+0000][1][gc,age       ] GC(14) - age   2:     103416 bytes,    1341176 total
[2020-09-11T14:11:31.177+0000][1][gc,age       ] GC(14) - age   3:     203376 bytes,    1544552 total
[2020-09-11T14:11:31.177+0000][1][gc,age       ] GC(14) - age   4:     575872 bytes,    2120424 total
[2020-09-11T14:11:31.177+0000][1][gc,age       ] GC(14) - age   5:     405360 bytes,    2525784 total
[2020-09-11T14:11:31.177+0000][1][gc,age       ] GC(14) - age   6:     114744 bytes,    2640528 total
[2020-09-11T14:11:31.177+0000][1][gc,heap      ] GC(14) ParNew: 73843K->3600K(76672K)
[2020-09-11T14:11:31.177+0000][1][gc,heap      ] GC(14) CMS: 14545K->15360K(2011968K)
[2020-09-11T14:11:31.177+0000][1][gc,metaspace ] GC(14) Metaspace: 22759K->22759K(1071104K)
[2020-09-11T14:11:31.177+0000][1][gc           ] GC(14) Pause Young (Allocation Failure) 86M->18M(2039M) 56.794ms
[2020-09-11T14:11:31.177+0000][1][gc,cpu       ] GC(14) User=0.02s Sys=0.00s Real=0.06s
[2020-09-11T14:11:31.194+0000][1][safepoint    ] Safepoint "GenCollectForAllocation", Time since last: 544969422 ns, Reaching safepoint: 93492 ns, At safepoint: 73989724 ns, Total: 74083216 ns
[2020-09-11T14:11:31.676+0000][1][gc,start     ] GC(15) Pause Young (Allocation Failure)
[2020-09-11T14:11:31.676+0000][1][gc,task      ] GC(15) Using 1 workers of 1 for evacuation
[2020-09-11T14:11:31.791+0000][1][gc,age       ] GC(15) Desired survivor size 4358144 bytes, new threshold 6 (max threshold 6)
[2020-09-11T14:11:31.791+0000][1][gc,age       ] GC(15) Age table with threshold 6 (max threshold 6)
[2020-09-11T14:11:31.791+0000][1][gc,age       ] GC(15) - age   1:    2144000 bytes,    2144000 total
[2020-09-11T14:11:31.791+0000][1][gc,age       ] GC(15) - age   2:     314632 bytes,    2458632 total
[2020-09-11T14:11:31.791+0000][1][gc,age       ] GC(15) - age   3:     103416 bytes,    2562048 total
[2020-09-11T14:11:31.791+0000][1][gc,age       ] GC(15) - age   4:     203376 bytes,    2765424 total
[2020-09-11T14:11:31.791+0000][1][gc,age       ] GC(15) - age   5:     575872 bytes,    3341296 total
[2020-09-11T14:11:31.791+0000][1][gc,age       ] GC(15) - age   6:     405360 bytes,    3746656 total
[2020-09-11T14:11:31.791+0000][1][gc,heap      ] GC(15) ParNew: 71760K->5668K(76672K)
[2020-09-11T14:11:31.791+0000][1][gc,heap      ] GC(15) CMS: 15360K->15476K(2011968K)
[2020-09-11T14:11:31.791+0000][1][gc,metaspace ] GC(15) Metaspace: 22844K->22844K(1071104K)
[2020-09-11T14:11:31.791+0000][1][gc           ] GC(15) Pause Young (Allocation Failure) 85M->20M(2039M) 115.325ms
[2020-09-11T14:11:31.791+0000][1][gc,cpu       ] GC(15) User=0.04s Sys=0.00s Real=0.11s
[2020-09-11T14:11:31.791+0000][1][safepoint    ] Safepoint "GenCollectForAllocation", Time since last: 480946238 ns, Reaching safepoint: 100448 ns, At safepoint: 115381749 ns, Total: 115482197 ns
[2020-09-11T14:11:32.270+0000][1][gc,start     ] GC(16) Pause Young (Allocation Failure)
[2020-09-11T14:11:32.270+0000][1][gc,task      ] GC(16) Using 1 workers of 1 for evacuation
[2020-09-11T14:11:32.323+0000][1][gc,age       ] GC(16) Desired survivor size 4358144 bytes, new threshold 6 (max threshold 6)
[2020-09-11T14:11:32.323+0000][1][gc,age       ] GC(16) Age table with threshold 6 (max threshold 6)
[2020-09-11T14:11:32.323+0000][1][gc,age       ] GC(16) - age   1:    1421976 bytes,    1421976 total
[2020-09-11T14:11:32.323+0000][1][gc,age       ] GC(16) - age   2:     104856 bytes,    1526832 total
[2020-09-11T14:11:32.323+0000][1][gc,age       ] GC(16) - age   3:     314632 bytes,    1841464 total
[2020-09-11T14:11:32.323+0000][1][gc,age       ] GC(16) - age   4:     103416 bytes,    1944880 total
[2020-09-11T14:11:32.323+0000][1][gc,age       ] GC(16) - age   5:     203224 bytes,    2148104 total
[2020-09-11T14:11:32.323+0000][1][gc,age       ] GC(16) - age   6:     575872 bytes,    2723976 total
[2020-09-11T14:11:32.323+0000][1][gc,heap      ] GC(16) ParNew: 73828K->3452K(76672K)
[2020-09-11T14:11:32.323+0000][1][gc,heap      ] GC(16) CMS: 15476K->15876K(2011968K)
[2020-09-11T14:11:32.323+0000][1][gc,metaspace ] GC(16) Metaspace: 22864K->22864K(1071104K)
[2020-09-11T14:11:32.323+0000][1][gc           ] GC(16) Pause Young (Allocation Failure) 87M->18M(2039M) 53.750ms
[2020-09-11T14:11:32.323+0000][1][gc,cpu       ] GC(16) User=0.02s Sys=0.00s Real=0.05s
[2020-09-11T14:11:32.326+0000][1][safepoint    ] Safepoint "GenCollectForAllocation", Time since last: 476515746 ns, Reaching safepoint: 2087348 ns, At safepoint: 56353784 ns, Total: 58441132 ns
[2020-09-11T14:11:32.460+0000][1][safepoint    ] Safepoint "Deoptimize", Time since last: 133553372 ns, Reaching safepoint: 112388 ns, At safepoint: 218332 ns, Total: 330720 ns
[2020-09-11T14:11:33.467+0000][1][safepoint    ] Safepoint "Cleanup", Time since last: 1006719837 ns, Reaching safepoint: 270620 ns, At safepoint: 9877 ns, Total: 280497 ns
[2020-09-11T14:11:33.833+0000][1][safepoint    ] Safepoint "RevokeBias", Time since last: 365850894 ns, Reaching safepoint: 111956 ns, At safepoint: 15020 ns, Total: 126976 ns
[2020-09-11T14:11:34.833+0000][1][safepoint    ] Safepoint "Cleanup", Time since last: 1000108244 ns, Reaching safepoint: 123817 ns, At safepoint: 7302 ns, Total: 131119 ns
[2020-09-11T14:11:35.048+0000][1][safepoint    ] Safepoint "Deoptimize", Time since last: 214429198 ns, Reaching safepoint: 107229 ns, At safepoint: 218189 ns, Total: 325418 ns
[2020-09-11T14:11:35.147+0000][1][safepoint    ] Safepoint "Deoptimize", Time since last: 98834124 ns, Reaching safepoint: 104723 ns, At safepoint: 223735 ns, Total: 328458 ns
[2020-09-11T14:11:36.156+0000][1][safepoint    ] Safepoint "Cleanup", Time since last: 1008528163 ns, Reaching safepoint: 248150 ns, At safepoint: 11966 ns, Total: 260116 ns
[2020-09-11T14:11:37.175+0000][1][safepoint    ] Safepoint "Cleanup", Time since last: 1003781351 ns, Reaching safepoint: 15293770 ns, At safepoint: 9893 ns, Total: 15303663 ns
[2020-09-11T14:11:37.918+0000][1][gc,start     ] GC(17) Pause Young (Allocation Failure)
[2020-09-11T14:11:37.918+0000][1][gc,task      ] GC(17) Using 1 workers of 1 for evacuation
[2020-09-11T14:11:38.034+0000][1][gc,age       ] GC(17) Desired survivor size 4358144 bytes, new threshold 1 (max threshold 6)
[2020-09-11T14:11:38.034+0000][1][gc,age       ] GC(17) Age table with threshold 1 (max threshold 6)
[2020-09-11T14:11:38.034+0000][1][gc,age       ] GC(17) - age   1:    7578464 bytes,    7578464 total
[2020-09-11T14:11:38.034+0000][1][gc,age       ] GC(17) - age   2:     156240 bytes,    7734704 total
[2020-09-11T14:11:38.034+0000][1][gc,age       ] GC(17) - age   3:     104488 bytes,    7839192 total
[2020-09-11T14:11:38.034+0000][1][gc,age       ] GC(17) - age   4:     314536 bytes,    8153728 total
[2020-09-11T14:11:38.034+0000][1][gc,age       ] GC(17) - age   5:     103200 bytes,    8256928 total
[2020-09-11T14:11:38.034+0000][1][gc,age       ] GC(17) - age   6:     203224 bytes,    8460152 total
[2020-09-11T14:11:38.034+0000][1][gc,heap      ] GC(17) ParNew: 71612K->8512K(76672K)
[2020-09-11T14:11:38.034+0000][1][gc,heap      ] GC(17) CMS: 15876K->16447K(2011968K)
[2020-09-11T14:11:38.034+0000][1][gc,metaspace ] GC(17) Metaspace: 29517K->29517K(1077248K)
[2020-09-11T14:11:38.034+0000][1][gc           ] GC(17) Pause Young (Allocation Failure) 85M->24M(2039M) 116.166ms
[2020-09-11T14:11:38.034+0000][1][gc,cpu       ] GC(17) User=0.04s Sys=0.00s Real=0.11s
[2020-09-11T14:11:38.068+0000][1][safepoint    ] Safepoint "GenCollectForAllocation", Time since last: 743024783 ns, Reaching safepoint: 112495 ns, At safepoint: 150114906 ns, Total: 150227401 ns
[2020-09-11T14:11:39.087+0000][1][safepoint    ] Safepoint "Cleanup", Time since last: 1015408789 ns, Reaching safepoint: 4016759 ns, At safepoint: 10343 ns, Total: 4027102 ns
[2020-09-11T14:11:40.088+0000][1][safepoint    ] Safepoint "Cleanup", Time since last: 1000108189 ns, Reaching safepoint: 118016 ns, At safepoint: 6216 ns, Total: 124232 ns
[2020-09-11T14:11:41.090+0000][1][safepoint    ] Safepoint "Cleanup", Time since last: 1001854506 ns, Reaching safepoint: 115617 ns, At safepoint: 6159 ns, Total: 121776 ns
[2020-09-11T14:11:42.095+0000][1][safepoint    ] Safepoint "Cleanup", Time since last: 1001740032 ns, Reaching safepoint: 4058830 ns, At safepoint: 12457 ns, Total: 4071287 ns
[2020-09-11T14:11:42.380+0000][1][gc,start     ] GC(18) Pause Young (Allocation Failure)
[2020-09-11T14:11:42.380+0000][1][gc,task      ] GC(18) Using 1 workers of 1 for evacuation
[2020-09-11T14:11:42.552+0000][1][gc,age       ] GC(18) Desired survivor size 4358144 bytes, new threshold 1 (max threshold 6)
[2020-09-11T14:11:42.552+0000][1][gc,age       ] GC(18) Age table with threshold 1 (max threshold 6)
[2020-09-11T14:11:42.552+0000][1][gc,age       ] GC(18) - age   1:    8716240 bytes,    8716240 total
[2020-09-11T14:11:42.552+0000][1][gc,heap      ] GC(18) ParNew: 76672K->8512K(76672K)
[2020-09-11T14:11:42.552+0000][1][gc,heap      ] GC(18) CMS: 16447K->24655K(2011968K)
[2020-09-11T14:11:42.552+0000][1][gc,metaspace ] GC(18) Metaspace: 29680K->29680K(1077248K)
[2020-09-11T14:11:42.552+0000][1][gc           ] GC(18) Pause Young (Allocation Failure) 90M->32M(2039M) 172.410ms
[2020-09-11T14:11:42.552+0000][1][gc,cpu       ] GC(18) User=0.06s Sys=0.00s Real=0.17s
[2020-09-11T14:11:42.559+0000][1][safepoint    ] Safepoint "GenCollectForAllocation", Time since last: 284005773 ns, Reaching safepoint: 106970 ns, At safepoint: 179851714 ns, Total: 179958684 ns
[2020-09-11T14:11:43.589+0000][1][safepoint    ] Safepoint "Cleanup", Time since last: 1016170907 ns, Reaching safepoint: 12903901 ns, At safepoint: 10249 ns, Total: 12914150 ns
[2020-09-11T14:11:45.597+0000][1][safepoint    ] Safepoint "Cleanup", Time since last: 2008132149 ns, Reaching safepoint: 109251 ns, At safepoint: 6439 ns, Total: 115690 ns
[2020-09-11T14:11:46.118+0000][1][gc,start     ] GC(19) Pause Young (Allocation Failure)
[2020-09-11T14:11:46.118+0000][1][gc,task      ] GC(19) Using 1 workers of 1 for evacuation
[2020-09-11T14:11:46.316+0000][1][gc,age       ] GC(19) Desired survivor size 4358144 bytes, new threshold 1 (max threshold 6)
[2020-09-11T14:11:46.316+0000][1][gc,age       ] GC(19) Age table with threshold 1 (max threshold 6)
[2020-09-11T14:11:46.316+0000][1][gc,age       ] GC(19) - age   1:    8716240 bytes,    8716240 total
[2020-09-11T14:11:46.316+0000][1][gc,heap      ] GC(19) ParNew: 76672K->8512K(76672K)
[2020-09-11T14:11:46.316+0000][1][gc,heap      ] GC(19) CMS: 24655K->34329K(2011968K)
[2020-09-11T14:11:46.316+0000][1][gc,metaspace ] GC(19) Metaspace: 29884K->29884K(1077248K)
[2020-09-11T14:11:46.316+0000][1][gc           ] GC(19) Pause Young (Allocation Failure) 98M->41M(2039M) 198.045ms
[2020-09-11T14:11:46.316+0000][1][gc,cpu       ] GC(19) User=0.07s Sys=0.00s Real=0.20s
[2020-09-11T14:11:46.331+0000][1][safepoint    ] Safepoint "GenCollectForAllocation", Time since last: 520725933 ns, Reaching safepoint: 96715 ns, At safepoint: 213854007 ns, Total: 213950722 ns
[2020-09-11T14:11:47.340+0000][1][safepoint    ] Safepoint "Cleanup", Time since last: 1008028553 ns, Reaching safepoint: 98123 ns, At safepoint: 6215 ns, Total: 104338 ns
[2020-09-11T14:11:48.343+0000][1][safepoint    ] Safepoint "Cleanup", Time since last: 1003244939 ns, Reaching safepoint: 106162 ns, At safepoint: 6332 ns, Total: 112494 ns
[2020-09-11T14:11:49.172+0000][1][gc,start     ] GC(20) Pause Young (Allocation Failure)
[2020-09-11T14:11:49.172+0000][1][gc,task      ] GC(20) Using 1 workers of 1 for evacuation
[2020-09-11T14:11:49.294+0000][1][gc,age       ] GC(20) Desired survivor size 4358144 bytes, new threshold 6 (max threshold 6)
[2020-09-11T14:11:49.294+0000][1][gc,age       ] GC(20) Age table with threshold 6 (max threshold 6)
[2020-09-11T14:11:49.294+0000][1][gc,age       ] GC(20) - age   1:    3859528 bytes,    3859528 total
[2020-09-11T14:11:49.294+0000][1][gc,heap      ] GC(20) ParNew: 76671K->8411K(76672K)
[2020-09-11T14:11:49.294+0000][1][gc,heap      ] GC(20) CMS: 34329K->42032K(2011968K)
[2020-09-11T14:11:49.294+0000][1][gc,metaspace ] GC(20) Metaspace: 32115K->32115K(1079296K)
[2020-09-11T14:11:49.294+0000][1][gc           ] GC(20) Pause Young (Allocation Failure) 108M->49M(2039M) 121.978ms
[2020-09-11T14:11:49.294+0000][1][gc,cpu       ] GC(20) User=0.04s Sys=0.00s Real=0.12s
[2020-09-11T14:11:49.315+0000][1][safepoint    ] Safepoint "GenCollectForAllocation", Time since last: 829352737 ns, Reaching safepoint: 105275 ns, At safepoint: 143058792 ns, Total: 143164067 ns
[2020-09-11T14:11:49.696+0000][1][safepoint    ] Safepoint "Deoptimize", Time since last: 376451072 ns, Reaching safepoint: 3531068 ns, At safepoint: 340911 ns, Total: 3871979 ns
[2020-09-11T14:11:50.891+0000][1][safepoint    ] Safepoint "Cleanup", Time since last: 1161771299 ns, Reaching safepoint: 1961891 ns, At safepoint: 31114086 ns, Total: 33075977 ns
[2020-09-11T14:11:51.794+0000][1][safepoint    ] Safepoint "Deoptimize", Time since last: 900601396 ns, Reaching safepoint: 2336284 ns, At safepoint: 289628 ns, Total: 2625912 ns
[2020-09-11T14:11:52.610+0000][1][gc,start     ] GC(21) Pause Young (Allocation Failure)
[2020-09-11T14:11:52.611+0000][1][gc,task      ] GC(21) Using 1 workers of 1 for evacuation
[2020-09-11T14:11:52.675+0000][1][gc,age       ] GC(21) Desired survivor size 4358144 bytes, new threshold 2 (max threshold 6)
[2020-09-11T14:11:52.675+0000][1][gc,age       ] GC(21) Age table with threshold 2 (max threshold 6)
[2020-09-11T14:11:52.675+0000][1][gc,age       ] GC(21) - age   1:    1020840 bytes,    1020840 total
[2020-09-11T14:11:52.675+0000][1][gc,age       ] GC(21) - age   2:    3766056 bytes,    4786896 total
[2020-09-11T14:11:52.675+0000][1][gc,heap      ] GC(21) ParNew: 76571K->7032K(76672K)
[2020-09-11T14:11:52.675+0000][1][gc,heap      ] GC(21) CMS: 42032K->42032K(2011968K)
[2020-09-11T14:11:52.675+0000][1][gc,metaspace ] GC(21) Metaspace: 32415K->32415K(1079296K)
[2020-09-11T14:11:52.675+0000][1][gc           ] GC(21) Pause Young (Allocation Failure) 115M->47M(2039M) 64.202ms
[2020-09-11T14:11:52.675+0000][1][gc,cpu       ] GC(21) User=0.02s Sys=0.00s Real=0.06s
[2020-09-11T14:11:52.693+0000][1][safepoint    ] Safepoint "GenCollectForAllocation", Time since last: 816485993 ns, Reaching safepoint: 113142 ns, At safepoint: 82252806 ns, Total: 82365948 ns
[2020-09-11T14:11:53.716+0000][1][safepoint    ] Safepoint "Cleanup", Time since last: 1022696646 ns, Reaching safepoint: 121645 ns, At safepoint: 6580 ns, Total: 128225 ns
[2020-09-11T14:11:53.742+0000][1][gc,start     ] GC(22) Pause Young (Allocation Failure)
[2020-09-11T14:11:53.742+0000][1][gc,task      ] GC(22) Using 1 workers of 1 for evacuation
[2020-09-11T14:11:53.828+0000][1][gc,age       ] GC(22) Desired survivor size 4358144 bytes, new threshold 6 (max threshold 6)
[2020-09-11T14:11:53.828+0000][1][gc,age       ] GC(22) Age table with threshold 6 (max threshold 6)
[2020-09-11T14:11:53.828+0000][1][gc,age       ] GC(22) - age   1:     249768 bytes,     249768 total
[2020-09-11T14:11:53.828+0000][1][gc,age       ] GC(22) - age   2:     438864 bytes,     688632 total
[2020-09-11T14:11:53.828+0000][1][gc,heap      ] GC(22) ParNew: 75192K->4385K(76672K)
[2020-09-11T14:11:53.828+0000][1][gc,heap      ] GC(22) CMS: 42032K->45727K(2011968K)
[2020-09-11T14:11:53.828+0000][1][gc,metaspace ] GC(22) Metaspace: 32428K->32428K(1079296K)
[2020-09-11T14:11:53.828+0000][1][gc           ] GC(22) Pause Young (Allocation Failure) 114M->48M(2039M) 86.798ms
[2020-09-11T14:11:53.828+0000][1][gc,cpu       ] GC(22) User=0.03s Sys=0.00s Real=0.09s
[2020-09-11T14:11:53.843+0000][1][safepoint    ] Safepoint "GenCollectForAllocation", Time since last: 26036362 ns, Reaching safepoint: 94963 ns, At safepoint: 101751930 ns, Total: 101846893 ns
[2020-09-11T14:11:54.398+0000][1][gc,start     ] GC(23) Pause Young (Allocation Failure)
[2020-09-11T14:11:54.398+0000][1][gc,task      ] GC(23) Using 1 workers of 1 for evacuation
[2020-09-11T14:11:54.442+0000][1][gc,age       ] GC(23) Desired survivor size 4358144 bytes, new threshold 6 (max threshold 6)
[2020-09-11T14:11:54.442+0000][1][gc,age       ] GC(23) Age table with threshold 6 (max threshold 6)
[2020-09-11T14:11:54.442+0000][1][gc,age       ] GC(23) - age   1:        176 bytes,        176 total
[2020-09-11T14:11:54.442+0000][1][gc,age       ] GC(23) - age   2:     249496 bytes,     249672 total
[2020-09-11T14:11:54.442+0000][1][gc,age       ] GC(23) - age   3:     438864 bytes,     688536 total
[2020-09-11T14:11:54.442+0000][1][gc,heap      ] GC(23) ParNew: 72545K->1222K(76672K)
[2020-09-11T14:11:54.442+0000][1][gc,heap      ] GC(23) CMS: 45727K->45727K(2011968K)
[2020-09-11T14:11:54.442+0000][1][gc,metaspace ] GC(23) Metaspace: 32430K->32430K(1079296K)
[2020-09-11T14:11:54.442+0000][1][gc           ] GC(23) Pause Young (Allocation Failure) 115M->45M(2039M) 44.254ms
[2020-09-11T14:11:54.442+0000][1][gc,cpu       ] GC(23) User=0.02s Sys=0.00s Real=0.04s
[2020-09-11T14:11:54.452+0000][1][safepoint    ] Safepoint "GenCollectForAllocation", Time since last: 552956228 ns, Reaching safepoint: 1556489 ns, At safepoint: 54311757 ns, Total: 55868246 ns
[2020-09-11T14:11:54.788+0000][1][gc,start     ] GC(24) Pause Young (Allocation Failure)
[2020-09-11T14:11:54.788+0000][1][gc,task      ] GC(24) Using 1 workers of 1 for evacuation
[2020-09-11T14:11:54.843+0000][1][gc,age       ] GC(24) Desired survivor size 4358144 bytes, new threshold 6 (max threshold 6)
[2020-09-11T14:11:54.843+0000][1][gc,age       ] GC(24) Age table with threshold 6 (max threshold 6)
[2020-09-11T14:11:54.867+0000][1][gc,age       ] GC(24) - age   1:        200 bytes,        200 total
[2020-09-11T14:11:54.867+0000][1][gc,age       ] GC(24) - age   3:     249496 bytes,     249696 total
[2020-09-11T14:11:54.867+0000][1][gc,age       ] GC(24) - age   4:     438864 bytes,     688560 total
[2020-09-11T14:11:54.867+0000][1][gc,heap      ] GC(24) ParNew: 69382K->1115K(76672K)
[2020-09-11T14:11:54.867+0000][1][gc,heap      ] GC(24) CMS: 45727K->45727K(2011968K)
[2020-09-11T14:11:54.867+0000][1][gc,metaspace ] GC(24) Metaspace: 32430K->32430K(1079296K)
[2020-09-11T14:11:54.868+0000][1][gc           ] GC(24) Pause Young (Allocation Failure) 112M->45M(2039M) 79.196ms
[2020-09-11T14:11:54.868+0000][1][gc,cpu       ] GC(24) User=0.03s Sys=0.00s Real=0.08s
[2020-09-11T14:11:54.868+0000][1][safepoint    ] Safepoint "GenCollectForAllocation", Time since last: 335986992 ns, Reaching safepoint: 104862 ns, At safepoint: 79280482 ns, Total: 79385344 ns
[2020-09-11T14:11:55.146+0000][1][gc,start     ] GC(25) Pause Young (Allocation Failure)
[2020-09-11T14:11:55.146+0000][1][gc,task      ] GC(25) Using 1 workers of 1 for evacuation
[2020-09-11T14:11:55.186+0000][1][gc,age       ] GC(25) Desired survivor size 4358144 bytes, new threshold 6 (max threshold 6)
[2020-09-11T14:11:55.186+0000][1][gc,age       ] GC(25) Age table with threshold 6 (max threshold 6)
[2020-09-11T14:11:55.186+0000][1][gc,age       ] GC(25) - age   1:        192 bytes,        192 total
[2020-09-11T14:11:55.186+0000][1][gc,age       ] GC(25) - age   4:     249496 bytes,     249688 total
[2020-09-11T14:11:55.186+0000][1][gc,age       ] GC(25) - age   5:     438864 bytes,     688552 total
[2020-09-11T14:11:55.186+0000][1][gc,heap      ] GC(25) ParNew: 69275K->1287K(76672K)
[2020-09-11T14:11:55.186+0000][1][gc,heap      ] GC(25) CMS: 45727K->45727K(2011968K)
[2020-09-11T14:11:55.186+0000][1][gc,metaspace ] GC(25) Metaspace: 32432K->32432K(1079296K)
[2020-09-11T14:11:55.186+0000][1][gc           ] GC(25) Pause Young (Allocation Failure) 112M->45M(2039M) 39.503ms
[2020-09-11T14:11:55.186+0000][1][gc,cpu       ] GC(25) User=0.01s Sys=0.00s Real=0.04s
[2020-09-11T14:11:55.197+0000][1][safepoint    ] Safepoint "GenCollectForAllocation", Time since last: 278420308 ns, Reaching safepoint: 99344 ns, At safepoint: 51292411 ns, Total: 51391755 ns
[2020-09-11T14:11:55.444+0000][1][gc,start     ] GC(26) Pause Young (Allocation Failure)
[2020-09-11T14:11:55.444+0000][1][gc,task      ] GC(26) Using 1 workers of 1 for evacuation
[2020-09-11T14:11:55.509+0000][1][gc,age       ] GC(26) Desired survivor size 4358144 bytes, new threshold 6 (max threshold 6)
[2020-09-11T14:11:55.509+0000][1][gc,age       ] GC(26) Age table with threshold 6 (max threshold 6)
[2020-09-11T14:11:55.509+0000][1][gc,age       ] GC(26) - age   1:         40 bytes,         40 total
[2020-09-11T14:11:55.509+0000][1][gc,age       ] GC(26) - age   5:     249496 bytes,     249536 total
[2020-09-11T14:11:55.509+0000][1][gc,age       ] GC(26) - age   6:     438864 bytes,     688400 total
[2020-09-11T14:11:55.509+0000][1][gc,heap      ] GC(26) ParNew: 69447K->826K(76672K)
[2020-09-11T14:11:55.509+0000][1][gc,heap      ] GC(26) CMS: 45727K->45727K(2011968K)
[2020-09-11T14:11:55.509+0000][1][gc,metaspace ] GC(26) Metaspace: 32432K->32432K(1079296K)
[2020-09-11T14:11:55.509+0000][1][gc           ] GC(26) Pause Young (Allocation Failure) 112M->45M(2039M) 65.848ms
[2020-09-11T14:11:55.509+0000][1][gc,cpu       ] GC(26) User=0.02s Sys=0.00s Real=0.06s
[2020-09-11T14:11:55.519+0000][1][safepoint    ] Safepoint "GenCollectForAllocation", Time since last: 246004071 ns, Reaching safepoint: 101006 ns, At safepoint: 75913474 ns, Total: 76014480 ns
[2020-09-11T14:11:55.744+0000][1][gc,start     ] GC(27) Pause Young (Allocation Failure)
[2020-09-11T14:11:55.744+0000][1][gc,task      ] GC(27) Using 1 workers of 1 for evacuation
[2020-09-11T14:11:55.790+0000][1][gc,age       ] GC(27) Desired survivor size 4358144 bytes, new threshold 6 (max threshold 6)
[2020-09-11T14:11:55.790+0000][1][gc,age       ] GC(27) Age table with threshold 6 (max threshold 6)
[2020-09-11T14:11:55.790+0000][1][gc,age       ] GC(27) - age   1:        104 bytes,        104 total
[2020-09-11T14:11:55.790+0000][1][gc,age       ] GC(27) - age   6:     249496 bytes,     249600 total
[2020-09-11T14:11:55.790+0000][1][gc,heap      ] GC(27) ParNew: 68986K->607K(76672K)
[2020-09-11T14:11:55.790+0000][1][gc,heap      ] GC(27) CMS: 45727K->46156K(2011968K)
[2020-09-11T14:11:55.790+0000][1][gc,metaspace ] GC(27) Metaspace: 32432K->32432K(1079296K)
[2020-09-11T14:11:55.790+0000][1][gc           ] GC(27) Pause Young (Allocation Failure) 112M->45M(2039M) 46.668ms
[2020-09-11T14:11:55.790+0000][1][gc,cpu       ] GC(27) User=0.02s Sys=0.00s Real=0.04s
[2020-09-11T14:11:55.811+0000][1][safepoint    ] Safepoint "GenCollectForAllocation", Time since last: 223988472 ns, Reaching safepoint: 104266 ns, At safepoint: 67908814 ns, Total: 68013080 ns
[2020-09-11T14:11:56.032+0000][1][gc,start     ] GC(28) Pause Young (Allocation Failure)
[2020-09-11T14:11:56.032+0000][1][gc,task      ] GC(28) Using 1 workers of 1 for evacuation
[2020-09-11T14:11:56.105+0000][1][gc,age       ] GC(28) Desired survivor size 4358144 bytes, new threshold 6 (max threshold 6)
[2020-09-11T14:11:56.105+0000][1][gc,age       ] GC(28) Age table with threshold 6 (max threshold 6)
[2020-09-11T14:11:56.105+0000][1][gc,age       ] GC(28) - age   1:        304 bytes,        304 total
[2020-09-11T14:11:56.105+0000][1][gc,heap      ] GC(28) ParNew: 68767K->243K(76672K)
[2020-09-11T14:11:56.105+0000][1][gc,heap      ] GC(28) CMS: 46156K->46400K(2011968K)
[2020-09-11T14:11:56.105+0000][1][gc,metaspace ] GC(28) Metaspace: 32432K->32432K(1079296K)
[2020-09-11T14:11:56.105+0000][1][gc           ] GC(28) Pause Young (Allocation Failure) 112M->45M(2039M) 73.335ms
[2020-09-11T14:11:56.105+0000][1][gc,cpu       ] GC(28) User=0.02s Sys=0.00s Real=0.08s
[2020-09-11T14:11:56.107+0000][1][safepoint    ] Safepoint "GenCollectForAllocation", Time since last: 219984579 ns, Reaching safepoint: 99914 ns, At safepoint: 75880926 ns, Total: 75980840 ns
[2020-09-11T14:11:56.328+0000][1][gc,start     ] GC(29) Pause Young (Allocation Failure)
[2020-09-11T14:11:56.328+0000][1][gc,task      ] GC(29) Using 1 workers of 1 for evacuation
[2020-09-11T14:11:56.400+0000][1][gc,age       ] GC(29) Desired survivor size 4358144 bytes, new threshold 6 (max threshold 6)
[2020-09-11T14:11:56.400+0000][1][gc,age       ] GC(29) Age table with threshold 6 (max threshold 6)
[2020-09-11T14:11:56.400+0000][1][gc,age       ] GC(29) - age   1:        216 bytes,        216 total
[2020-09-11T14:11:56.400+0000][1][gc,age       ] GC(29) - age   2:         72 bytes,        288 total
[2020-09-11T14:11:56.400+0000][1][gc,heap      ] GC(29) ParNew: 68403K->60K(76672K)
[2020-09-11T14:11:56.400+0000][1][gc,heap      ] GC(29) CMS: 46400K->46400K(2011968K)
[2020-09-11T14:11:56.400+0000][1][gc,metaspace ] GC(29) Metaspace: 32432K->32432K(1079296K)
[2020-09-11T14:11:56.400+0000][1][gc           ] GC(29) Pause Young (Allocation Failure) 112M->45M(2039M) 72.523ms
[2020-09-11T14:11:56.400+0000][1][gc,cpu       ] GC(29) User=0.02s Sys=0.00s Real=0.07s
[2020-09-11T14:11:56.400+0000][1][safepoint    ] Safepoint "GenCollectForAllocation", Time since last: 220062753 ns, Reaching safepoint: 102212 ns, At safepoint: 72584006 ns, Total: 72686218 ns
[2020-09-11T14:11:56.624+0000][1][gc,start     ] GC(30) Pause Young (Allocation Failure)
[2020-09-11T14:11:56.624+0000][1][gc,task      ] GC(30) Using 1 workers of 1 for evacuation
[2020-09-11T14:11:56.681+0000][1][gc,age       ] GC(30) Desired survivor size 4358144 bytes, new threshold 6 (max threshold 6)
[2020-09-11T14:11:56.681+0000][1][gc,age       ] GC(30) Age table with threshold 6 (max threshold 6)
[2020-09-11T14:11:56.681+0000][1][gc,age       ] GC(30) - age   1:        208 bytes,        208 total
[2020-09-11T14:11:56.681+0000][1][gc,age       ] GC(30) - age   3:         72 bytes,        280 total
[2020-09-11T14:11:56.681+0000][1][gc,heap      ] GC(30) ParNew: 68220K->15K(76672K)
[2020-09-11T14:11:56.681+0000][1][gc,heap      ] GC(30) CMS: 46400K->46400K(2011968K)
[2020-09-11T14:11:56.681+0000][1][gc,metaspace ] GC(30) Metaspace: 32432K->32432K(1079296K)
[2020-09-11T14:11:56.681+0000][1][gc           ] GC(30) Pause Young (Allocation Failure) 111M->45M(2039M) 57.452ms
[2020-09-11T14:11:56.681+0000][1][gc,cpu       ] GC(30) User=0.02s Sys=0.00s Real=0.05s
[2020-09-11T14:11:56.689+0000][1][safepoint    ] Safepoint "GenCollectForAllocation", Time since last: 223273995 ns, Reaching safepoint: 100709 ns, At safepoint: 65418513 ns, Total: 65519222 ns
[2020-09-11T14:11:56.911+0000][1][gc,start     ] GC(31) Pause Young (Allocation Failure)
[2020-09-11T14:11:56.911+0000][1][gc,task      ] GC(31) Using 1 workers of 1 for evacuation
[2020-09-11T14:11:56.939+0000][1][gc,age       ] GC(31) Desired survivor size 4358144 bytes, new threshold 6 (max threshold 6)
[2020-09-11T14:11:56.939+0000][1][gc,age       ] GC(31) Age table with threshold 6 (max threshold 6)
[2020-09-11T14:11:56.939+0000][1][gc,age       ] GC(31) - age   1:        200 bytes,        200 total
[2020-09-11T14:11:56.939+0000][1][gc,age       ] GC(31) - age   4:         72 bytes,        272 total
[2020-09-11T14:11:56.939+0000][1][gc,heap      ] GC(31) ParNew: 68175K->3K(76672K)
[2020-09-11T14:11:56.939+0000][1][gc,heap      ] GC(31) CMS: 46400K->46400K(2011968K)
[2020-09-11T14:11:56.939+0000][1][gc,metaspace ] GC(31) Metaspace: 32432K->32432K(1079296K)
[2020-09-11T14:11:56.939+0000][1][gc           ] GC(31) Pause Young (Allocation Failure) 111M->45M(2039M) 28.213ms
[2020-09-11T14:11:56.939+0000][1][gc,cpu       ] GC(31) User=0.02s Sys=0.00s Real=0.03s
[2020-09-11T14:11:56.963+0000][1][safepoint    ] Safepoint "GenCollectForAllocation", Time since last: 220118316 ns, Reaching safepoint: 2018668 ns, At safepoint: 52333489 ns, Total: 54352157 ns
[2020-09-11T14:11:57.099+0000][1][gc,start     ] GC(32) Pause Young (Allocation Failure)
[2020-09-11T14:11:57.100+0000][1][gc,task      ] GC(32) Using 1 workers of 1 for evacuation
[2020-09-11T14:11:57.126+0000][1][gc,age       ] GC(32) Desired survivor size 4358144 bytes, new threshold 6 (max threshold 6)
[2020-09-11T14:11:57.126+0000][1][gc,age       ] GC(32) Age table with threshold 6 (max threshold 6)
[2020-09-11T14:11:57.126+0000][1][gc,age       ] GC(32) - age   1:        200 bytes,        200 total
[2020-09-11T14:11:57.126+0000][1][gc,age       ] GC(32) - age   5:         72 bytes,        272 total
[2020-09-11T14:11:57.126+0000][1][gc,heap      ] GC(32) ParNew: 68163K->2K(76672K)
[2020-09-11T14:11:57.126+0000][1][gc,heap      ] GC(32) CMS: 46400K->46400K(2011968K)
[2020-09-11T14:11:57.126+0000][1][gc,metaspace ] GC(32) Metaspace: 32432K->32432K(1079296K)
[2020-09-11T14:11:57.126+0000][1][gc           ] GC(32) Pause Young (Allocation Failure) 111M->45M(2039M) 26.177ms
[2020-09-11T14:11:57.126+0000][1][gc,cpu       ] GC(32) User=0.02s Sys=0.00s Real=0.03s
[2020-09-11T14:11:57.131+0000][1][safepoint    ] Safepoint "GenCollectForAllocation", Time since last: 133163476 ns, Reaching safepoint: 2847886 ns, At safepoint: 31974244 ns, Total: 34822130 ns
[2020-09-11T14:11:57.251+0000][1][gc,start     ] GC(33) Pause Young (Allocation Failure)
[2020-09-11T14:11:57.251+0000][1][gc,task      ] GC(33) Using 1 workers of 1 for evacuation
[2020-09-11T14:11:57.283+0000][1][gc,age       ] GC(33) Desired survivor size 4358144 bytes, new threshold 6 (max threshold 6)
[2020-09-11T14:11:57.283+0000][1][gc,age       ] GC(33) Age table with threshold 6 (max threshold 6)
[2020-09-11T14:11:57.283+0000][1][gc,age       ] GC(33) - age   1:        200 bytes,        200 total
[2020-09-11T14:11:57.283+0000][1][gc,age       ] GC(33) - age   6:         72 bytes,        272 total
[2020-09-11T14:11:57.283+0000][1][gc,heap      ] GC(33) ParNew: 68162K->2K(76672K)
[2020-09-11T14:11:57.283+0000][1][gc,heap      ] GC(33) CMS: 46400K->46400K(2011968K)
[2020-09-11T14:11:57.283+0000][1][gc,metaspace ] GC(33) Metaspace: 32432K->32432K(1079296K)
[2020-09-11T14:11:57.283+0000][1][gc           ] GC(33) Pause Young (Allocation Failure) 111M->45M(2039M) 31.478ms
[2020-09-11T14:11:57.283+0000][1][gc,cpu       ] GC(33) User=0.02s Sys=0.00s Real=0.03s
[2020-09-11T14:11:57.283+0000][1][safepoint    ] Safepoint "GenCollectForAllocation", Time since last: 116080439 ns, Reaching safepoint: 3933347 ns, At safepoint: 31533845 ns, Total: 35467192 ns
[2020-09-11T14:11:58.304+0000][1][safepoint    ] Safepoint "Cleanup", Time since last: 1020510493 ns, Reaching safepoint: 127374 ns, At safepoint: 6736 ns, Total: 134110 ns
[2020-09-11T14:12:01.333+0000][1][safepoint    ] Safepoint "Cleanup", Time since last: 3017688616 ns, Reaching safepoint: 11211007 ns, At safepoint: 8391 ns, Total: 11219398 ns
[2020-09-11T14:12:02.333+0000][1][safepoint    ] Safepoint "Cleanup", Time since last: 1000117868 ns, Reaching safepoint: 105835 ns, At safepoint: 6799 ns, Total: 112634 ns
[2020-09-11T14:12:02.668+0000][1][gc,start     ] GC(34) Pause Young (Allocation Failure)
[2020-09-11T14:12:02.668+0000][1][gc,task      ] GC(34) Using 1 workers of 1 for evacuation
[2020-09-11T14:12:02.726+0000][1][gc,age       ] GC(34) Desired survivor size 4358144 bytes, new threshold 6 (max threshold 6)
[2020-09-11T14:12:02.726+0000][1][gc,age       ] GC(34) Age table with threshold 6 (max threshold 6)
[2020-09-11T14:12:02.726+0000][1][gc,age       ] GC(34) - age   1:     276880 bytes,     276880 total
[2020-09-11T14:12:02.726+0000][1][gc,heap      ] GC(34) ParNew: 68162K->271K(76672K)
[2020-09-11T14:12:02.726+0000][1][gc,heap      ] GC(34) CMS: 46400K->46400K(2011968K)
[2020-09-11T14:12:02.726+0000][1][gc,metaspace ] GC(34) Metaspace: 32452K->32452K(1079296K)
[2020-09-11T14:12:02.726+0000][1][gc           ] GC(34) Pause Young (Allocation Failure) 111M->45M(2039M) 58.450ms
[2020-09-11T14:12:02.726+0000][1][gc,cpu       ] GC(34) User=0.02s Sys=0.00s Real=0.06s
[2020-09-11T14:12:02.747+0000][1][safepoint    ] Safepoint "GenCollectForAllocation", Time since last: 334697020 ns, Reaching safepoint: 73603 ns, At safepoint: 79915009 ns, Total: 79988612 ns
[2020-09-11T14:12:03.968+0000][1][gc,start     ] GC(35) Pause Young (Allocation Failure)
[2020-09-11T14:12:03.968+0000][1][gc,task      ] GC(35) Using 1 workers of 1 for evacuation
[2020-09-11T14:12:04.001+0000][1][gc,age       ] GC(35) Desired survivor size 4358144 bytes, new threshold 6 (max threshold 6)
[2020-09-11T14:12:04.001+0000][1][gc,age       ] GC(35) Age table with threshold 6 (max threshold 6)
[2020-09-11T14:12:04.001+0000][1][gc,age       ] GC(35) - age   1:     511824 bytes,     511824 total
[2020-09-11T14:12:04.001+0000][1][gc,age       ] GC(35) - age   2:     183480 bytes,     695304 total
[2020-09-11T14:12:04.001+0000][1][gc,heap      ] GC(35) ParNew: 68431K->682K(76672K)
[2020-09-11T14:12:04.001+0000][1][gc,heap      ] GC(35) CMS: 46400K->46400K(2011968K)
[2020-09-11T14:12:04.001+0000][1][gc,metaspace ] GC(35) Metaspace: 32452K->32452K(1079296K)
[2020-09-11T14:12:04.001+0000][1][gc           ] GC(35) Pause Young (Allocation Failure) 112M->45M(2039M) 33.843ms
[2020-09-11T14:12:04.001+0000][1][gc,cpu       ] GC(35) User=0.01s Sys=0.00s Real=0.03s
[2020-09-11T14:12:04.018+0000][1][safepoint    ] Safepoint "GenCollectForAllocation", Time since last: 1219996607 ns, Reaching safepoint: 99926 ns, At safepoint: 50315848 ns, Total: 50415774 ns
[2020-09-11T14:12:05.000+0000][1][gc,start     ] GC(36) Pause Young (Allocation Failure)
[2020-09-11T14:12:05.000+0000][1][gc,task      ] GC(36) Using 1 workers of 1 for evacuation
[2020-09-11T14:12:05.067+0000][1][gc,age       ] GC(36) Desired survivor size 4358144 bytes, new threshold 6 (max threshold 6)
[2020-09-11T14:12:05.067+0000][1][gc,age       ] GC(36) Age table with threshold 6 (max threshold 6)
[2020-09-11T14:12:05.067+0000][1][gc,age       ] GC(36) - age   1:     642080 bytes,     642080 total
[2020-09-11T14:12:05.067+0000][1][gc,age       ] GC(36) - age   2:     339856 bytes,     981936 total
[2020-09-11T14:12:05.067+0000][1][gc,age       ] GC(36) - age   3:     182760 bytes,    1164696 total
[2020-09-11T14:12:05.067+0000][1][gc,heap      ] GC(36) ParNew: 68842K->1137K(76672K)
[2020-09-11T14:12:05.067+0000][1][gc,heap      ] GC(36) CMS: 46400K->46400K(2011968K)
[2020-09-11T14:12:05.067+0000][1][gc,metaspace ] GC(36) Metaspace: 32453K->32453K(1079296K)
[2020-09-11T14:12:05.067+0000][1][gc           ] GC(36) Pause Young (Allocation Failure) 112M->46M(2039M) 67.708ms
[2020-09-11T14:12:05.067+0000][1][gc,cpu       ] GC(36) User=0.02s Sys=0.00s Real=0.07s
[2020-09-11T14:12:05.067+0000][1][safepoint    ] Safepoint "GenCollectForAllocation", Time since last: 981753803 ns, Reaching safepoint: 106479 ns, At safepoint: 67766422 ns, Total: 67872901 ns
[2020-09-11T14:12:05.887+0000][1][gc,start     ] GC(37) Pause Young (Allocation Failure)
[2020-09-11T14:12:05.888+0000][1][gc,task      ] GC(37) Using 1 workers of 1 for evacuation
[2020-09-11T14:12:05.917+0000][1][gc,age       ] GC(37) Desired survivor size 4358144 bytes, new threshold 6 (max threshold 6)
[2020-09-11T14:12:05.917+0000][1][gc,age       ] GC(37) Age table with threshold 6 (max threshold 6)
[2020-09-11T14:12:05.917+0000][1][gc,age       ] GC(37) - age   1:     621640 bytes,     621640 total
[2020-09-11T14:12:05.917+0000][1][gc,age       ] GC(37) - age   2:     301752 bytes,     923392 total
[2020-09-11T14:12:05.918+0000][1][gc,age       ] GC(37) - age   3:     339672 bytes,    1263064 total
[2020-09-11T14:12:05.918+0000][1][gc,age       ] GC(37) - age   4:     182456 bytes,    1445520 total
[2020-09-11T14:12:05.918+0000][1][gc,heap      ] GC(37) ParNew: 69297K->1450K(76672K)
[2020-09-11T14:12:05.918+0000][1][gc,heap      ] GC(37) CMS: 46400K->46400K(2011968K)
[2020-09-11T14:12:05.918+0000][1][gc,metaspace ] GC(37) Metaspace: 32454K->32454K(1079296K)
[2020-09-11T14:12:05.918+0000][1][gc           ] GC(37) Pause Young (Allocation Failure) 112M->46M(2039M) 30.104ms
[2020-09-11T14:12:05.918+0000][1][gc,cpu       ] GC(37) User=0.01s Sys=0.00s Real=0.03s
[2020-09-11T14:12:05.927+0000][1][safepoint    ] Safepoint "GenCollectForAllocation", Time since last: 815962654 ns, Reaching safepoint: 4030267 ns, At safepoint: 40029053 ns, Total: 44059320 ns
[2020-09-11T14:12:06.615+0000][1][gc,start     ] GC(38) Pause Young (Allocation Failure)
[2020-09-11T14:12:06.616+0000][1][gc,task      ] GC(38) Using 1 workers of 1 for evacuation
[2020-09-11T14:12:06.652+0000][1][gc,age       ] GC(38) Desired survivor size 4358144 bytes, new threshold 6 (max threshold 6)
[2020-09-11T14:12:06.652+0000][1][gc,age       ] GC(38) Age table with threshold 6 (max threshold 6)
[2020-09-11T14:12:06.652+0000][1][gc,age       ] GC(38) - age   1:     935064 bytes,     935064 total
[2020-09-11T14:12:06.652+0000][1][gc,age       ] GC(38) - age   2:     265152 bytes,    1200216 total
[2020-09-11T14:12:06.652+0000][1][gc,age       ] GC(38) - age   3:     297728 bytes,    1497944 total
[2020-09-11T14:12:06.653+0000][1][gc,age       ] GC(38) - age   4:     339592 bytes,    1837536 total
[2020-09-11T14:12:06.653+0000][1][gc,age       ] GC(38) - age   5:     182352 bytes,    2019888 total
[2020-09-11T14:12:06.653+0000][1][gc,heap      ] GC(38) ParNew: 69610K->1973K(76672K)
[2020-09-11T14:12:06.653+0000][1][gc,heap      ] GC(38) CMS: 46400K->46400K(2011968K)
[2020-09-11T14:12:06.653+0000][1][gc,metaspace ] GC(38) Metaspace: 32454K->32454K(1079296K)
[2020-09-11T14:12:06.653+0000][1][gc           ] GC(38) Pause Young (Allocation Failure) 113M->47M(2039M) 37.108ms
[2020-09-11T14:12:06.653+0000][1][gc,cpu       ] GC(38) User=0.02s Sys=0.00s Real=0.03s
[2020-09-11T14:12:06.653+0000][1][safepoint    ] Safepoint "GenCollectForAllocation", Time since last: 683929031 ns, Reaching safepoint: 4041244 ns, At safepoint: 37166642 ns, Total: 41207886 ns
[2020-09-11T14:12:06.992+0000][1][gc,start     ] GC(39) Pause Young (Allocation Failure)
[2020-09-11T14:12:06.992+0000][1][gc,task      ] GC(39) Using 1 workers of 1 for evacuation
[2020-09-11T14:12:07.015+0000][1][gc,age       ] GC(39) Desired survivor size 4358144 bytes, new threshold 6 (max threshold 6)
[2020-09-11T14:12:07.015+0000][1][gc,age       ] GC(39) Age table with threshold 6 (max threshold 6)
[2020-09-11T14:12:07.015+0000][1][gc,age       ] GC(39) - age   1:     344408 bytes,     344408 total
[2020-09-11T14:12:07.015+0000][1][gc,age       ] GC(39) - age   2:     922640 bytes,    1267048 total
[2020-09-11T14:12:07.015+0000][1][gc,age       ] GC(39) - age   3:     263944 bytes,    1530992 total
[2020-09-11T14:12:07.015+0000][1][gc,age       ] GC(39) - age   4:     297240 bytes,    1828232 total
[2020-09-11T14:12:07.015+0000][1][gc,age       ] GC(39) - age   5:     339256 bytes,    2167488 total
[2020-09-11T14:12:07.015+0000][1][gc,age       ] GC(39) - age   6:     182312 bytes,    2349800 total
[2020-09-11T14:12:07.015+0000][1][gc,heap      ] GC(39) ParNew: 70133K->2299K(76672K)
[2020-09-11T14:12:07.015+0000][1][gc,heap      ] GC(39) CMS: 46400K->46400K(2011968K)
[2020-09-11T14:12:07.015+0000][1][gc,metaspace ] GC(39) Metaspace: 32454K->32454K(1079296K)
[2020-09-11T14:12:07.015+0000][1][gc           ] GC(39) Pause Young (Allocation Failure) 113M->47M(2039M) 23.819ms
[2020-09-11T14:12:07.015+0000][1][gc,cpu       ] GC(39) User=0.02s Sys=0.00s Real=0.02s
[2020-09-11T14:12:07.031+0000][1][safepoint    ] Safepoint "GenCollectForAllocation", Time since last: 338800206 ns, Reaching safepoint: 103963 ns, At safepoint: 39925281 ns, Total: 40029244 ns
[2020-09-11T14:12:07.092+0000][1][safepoint    ] Safepoint "RevokeBias", Time since last: 60547260 ns, Reaching safepoint: 95612 ns, At safepoint: 23225 ns, Total: 118837 ns
[2020-09-11T14:12:07.099+0000][1][safepoint    ] Safepoint "RevokeBias", Time since last: 6723224 ns, Reaching safepoint: 103844 ns, At safepoint: 35327 ns, Total: 139171 ns
[2020-09-11T14:12:07.698+0000][1][gc,start     ] GC(40) Pause Young (Allocation Failure)
[2020-09-11T14:12:07.698+0000][1][gc,task      ] GC(40) Using 1 workers of 1 for evacuation
[2020-09-11T14:12:07.735+0000][1][gc,age       ] GC(40) Desired survivor size 4358144 bytes, new threshold 6 (max threshold 6)
[2020-09-11T14:12:07.735+0000][1][gc,age       ] GC(40) Age table with threshold 6 (max threshold 6)
[2020-09-11T14:12:07.735+0000][1][gc,age       ] GC(40) - age   1:     347880 bytes,     347880 total
[2020-09-11T14:12:07.735+0000][1][gc,age       ] GC(40) - age   2:     333984 bytes,     681864 total
[2020-09-11T14:12:07.735+0000][1][gc,age       ] GC(40) - age   3:     922288 bytes,    1604152 total
[2020-09-11T14:12:07.735+0000][1][gc,age       ] GC(40) - age   4:     263712 bytes,    1867864 total
[2020-09-11T14:12:07.735+0000][1][gc,age       ] GC(40) - age   5:     297120 bytes,    2164984 total
[2020-09-11T14:12:07.735+0000][1][gc,age       ] GC(40) - age   6:     339256 bytes,    2504240 total
[2020-09-11T14:12:07.735+0000][1][gc,heap      ] GC(40) ParNew: 70459K->2451K(76672K)
[2020-09-11T14:12:07.735+0000][1][gc,heap      ] GC(40) CMS: 46400K->46576K(2011968K)
[2020-09-11T14:12:07.735+0000][1][gc,metaspace ] GC(40) Metaspace: 32458K->32458K(1079296K)
[2020-09-11T14:12:07.735+0000][1][gc           ] GC(40) Pause Young (Allocation Failure) 114M->47M(2039M) 37.495ms
[2020-09-11T14:12:07.735+0000][1][gc,cpu       ] GC(40) User=0.01s Sys=0.00s Real=0.03s
[2020-09-11T14:12:07.739+0000][1][safepoint    ] Safepoint "GenCollectForAllocation", Time since last: 595876801 ns, Reaching safepoint: 2704323 ns, At safepoint: 41850829 ns, Total: 44555152 ns
[2020-09-11T14:12:07.927+0000][1][gc,start     ] GC(41) Pause Young (Allocation Failure)
[2020-09-11T14:12:07.928+0000][1][gc,task      ] GC(41) Using 1 workers of 1 for evacuation
[2020-09-11T14:12:07.970+0000][1][gc,age       ] GC(41) Desired survivor size 4358144 bytes, new threshold 6 (max threshold 6)
[2020-09-11T14:12:07.970+0000][1][gc,age       ] GC(41) Age table with threshold 6 (max threshold 6)
[2020-09-11T14:12:07.970+0000][1][gc,age       ] GC(41) - age   1:        208 bytes,        208 total
[2020-09-11T14:12:07.970+0000][1][gc,age       ] GC(41) - age   2:     347560 bytes,     347768 total
[2020-09-11T14:12:07.970+0000][1][gc,age       ] GC(41) - age   3:     333984 bytes,     681752 total
[2020-09-11T14:12:07.970+0000][1][gc,age       ] GC(41) - age   4:     922288 bytes,    1604040 total
[2020-09-11T14:12:07.970+0000][1][gc,age       ] GC(41) - age   5:     263712 bytes,    1867752 total
[2020-09-11T14:12:07.970+0000][1][gc,age       ] GC(41) - age   6:     297120 bytes,    2164872 total
[2020-09-11T14:12:07.970+0000][1][gc,heap      ] GC(41) ParNew: 70611K->2124K(76672K)
[2020-09-11T14:12:07.970+0000][1][gc,heap      ] GC(41) CMS: 46576K->46907K(2011968K)
[2020-09-11T14:12:07.970+0000][1][gc,metaspace ] GC(41) Metaspace: 32458K->32458K(1079296K)
[2020-09-11T14:12:07.970+0000][1][gc           ] GC(41) Pause Young (Allocation Failure) 114M->47M(2039M) 42.219ms
[2020-09-11T14:12:07.970+0000][1][gc,cpu       ] GC(41) User=0.02s Sys=0.00s Real=0.04s
[2020-09-11T14:12:07.970+0000][1][safepoint    ] Safepoint "GenCollectForAllocation", Time since last: 185733979 ns, Reaching safepoint: 2290447 ns, At safepoint: 42313166 ns, Total: 44603613 ns
[2020-09-11T14:12:08.147+0000][1][gc,start     ] GC(42) Pause Young (Allocation Failure)
[2020-09-11T14:12:08.148+0000][1][gc,task      ] GC(42) Using 1 workers of 1 for evacuation
[2020-09-11T14:12:08.186+0000][1][gc,age       ] GC(42) Desired survivor size 4358144 bytes, new threshold 6 (max threshold 6)
[2020-09-11T14:12:08.186+0000][1][gc,age       ] GC(42) Age table with threshold 6 (max threshold 6)
[2020-09-11T14:12:08.186+0000][1][gc,age       ] GC(42) - age   1:        176 bytes,        176 total
[2020-09-11T14:12:08.186+0000][1][gc,age       ] GC(42) - age   2:        160 bytes,        336 total
[2020-09-11T14:12:08.186+0000][1][gc,age       ] GC(42) - age   3:     347560 bytes,     347896 total
[2020-09-11T14:12:08.186+0000][1][gc,age       ] GC(42) - age   4:     333984 bytes,     681880 total
[2020-09-11T14:12:08.186+0000][1][gc,age       ] GC(42) - age   5:     922288 bytes,    1604168 total
[2020-09-11T14:12:08.186+0000][1][gc,age       ] GC(42) - age   6:     263712 bytes,    1867880 total
[2020-09-11T14:12:08.186+0000][1][gc,heap      ] GC(42) ParNew: 70284K->1879K(76672K)
[2020-09-11T14:12:08.186+0000][1][gc,heap      ] GC(42) CMS: 46907K->47197K(2011968K)
[2020-09-11T14:12:08.186+0000][1][gc,metaspace ] GC(42) Metaspace: 32458K->32458K(1079296K)
[2020-09-11T14:12:08.186+0000][1][gc           ] GC(42) Pause Young (Allocation Failure) 114M->47M(2039M) 38.198ms
[2020-09-11T14:12:08.186+0000][1][gc,cpu       ] GC(42) User=0.01s Sys=0.00s Real=0.04s
[2020-09-11T14:12:08.186+0000][1][safepoint    ] Safepoint "GenCollectForAllocation", Time since last: 174497807 ns, Reaching safepoint: 3228060 ns, At safepoint: 38275034 ns, Total: 41503094 ns
[2020-09-11T14:12:08.359+0000][1][gc,start     ] GC(43) Pause Young (Allocation Failure)
[2020-09-11T14:12:08.360+0000][1][gc,task      ] GC(43) Using 1 workers of 1 for evacuation
[2020-09-11T14:12:08.396+0000][1][gc,age       ] GC(43) Desired survivor size 4358144 bytes, new threshold 6 (max threshold 6)
[2020-09-11T14:12:08.396+0000][1][gc,age       ] GC(43) Age table with threshold 6 (max threshold 6)
[2020-09-11T14:12:08.396+0000][1][gc,age       ] GC(43) - age   1:        208 bytes,        208 total
[2020-09-11T14:12:08.396+0000][1][gc,age       ] GC(43) - age   3:        160 bytes,        368 total
[2020-09-11T14:12:08.396+0000][1][gc,age       ] GC(43) - age   4:     347560 bytes,     347928 total
[2020-09-11T14:12:08.396+0000][1][gc,age       ] GC(43) - age   5:     333984 bytes,     681912 total
[2020-09-11T14:12:08.396+0000][1][gc,age       ] GC(43) - age   6:     922288 bytes,    1604200 total
[2020-09-11T14:12:08.396+0000][1][gc,heap      ] GC(43) ParNew: 70039K->1693K(76672K)
[2020-09-11T14:12:08.396+0000][1][gc,heap      ] GC(43) CMS: 47197K->47455K(2011968K)
[2020-09-11T14:12:08.396+0000][1][gc,metaspace ] GC(43) Metaspace: 32458K->32458K(1079296K)
[2020-09-11T14:12:08.396+0000][1][gc           ] GC(43) Pause Young (Allocation Failure) 114M->47M(2039M) 36.781ms
[2020-09-11T14:12:08.396+0000][1][gc,cpu       ] GC(43) User=0.01s Sys=0.00s Real=0.04s
[2020-09-11T14:12:08.396+0000][1][safepoint    ] Safepoint "GenCollectForAllocation", Time since last: 169672952 ns, Reaching safepoint: 4026092 ns, At safepoint: 36870974 ns, Total: 40897066 ns
[2020-09-11T14:12:08.577+0000][1][gc,start     ] GC(44) Pause Young (Allocation Failure)
[2020-09-11T14:12:08.577+0000][1][gc,task      ] GC(44) Using 1 workers of 1 for evacuation
[2020-09-11T14:12:08.606+0000][1][gc,age       ] GC(44) Desired survivor size 4358144 bytes, new threshold 6 (max threshold 6)
[2020-09-11T14:12:08.606+0000][1][gc,age       ] GC(44) Age table with threshold 6 (max threshold 6)
[2020-09-11T14:12:08.606+0000][1][gc,age       ] GC(44) - age   1:         88 bytes,         88 total
[2020-09-11T14:12:08.607+0000][1][gc,age       ] GC(44) - age   4:        160 bytes,        248 total
[2020-09-11T14:12:08.607+0000][1][gc,age       ] GC(44) - age   5:     347560 bytes,     347808 total
[2020-09-11T14:12:08.607+0000][1][gc,age       ] GC(44) - age   6:     333984 bytes,     681792 total
[2020-09-11T14:12:08.607+0000][1][gc,heap      ] GC(44) ParNew: 69853K->798K(76672K)
[2020-09-11T14:12:08.607+0000][1][gc,heap      ] GC(44) CMS: 47455K->48355K(2011968K)
[2020-09-11T14:12:08.607+0000][1][gc,metaspace ] GC(44) Metaspace: 32458K->32458K(1079296K)
[2020-09-11T14:12:08.607+0000][1][gc           ] GC(44) Pause Young (Allocation Failure) 114M->48M(2039M) 29.232ms
[2020-09-11T14:12:08.607+0000][1][gc,cpu       ] GC(44) User=0.02s Sys=0.00s Real=0.03s
[2020-09-11T14:12:08.615+0000][1][safepoint    ] Safepoint "GenCollectForAllocation", Time since last: 180926656 ns, Reaching safepoint: 104673 ns, At safepoint: 38110122 ns, Total: 38214795 ns
[2020-09-11T14:12:08.794+0000][1][gc,start     ] GC(45) Pause Young (Allocation Failure)
[2020-09-11T14:12:08.794+0000][1][gc,task      ] GC(45) Using 1 workers of 1 for evacuation
[2020-09-11T14:12:08.833+0000][1][gc,age       ] GC(45) Desired survivor size 4358144 bytes, new threshold 6 (max threshold 6)
[2020-09-11T14:12:08.833+0000][1][gc,age       ] GC(45) Age table with threshold 6 (max threshold 6)
[2020-09-11T14:12:08.833+0000][1][gc,age       ] GC(45) - age   1:        184 bytes,        184 total
[2020-09-11T14:12:08.833+0000][1][gc,age       ] GC(45) - age   5:        160 bytes,        344 total
[2020-09-11T14:12:08.833+0000][1][gc,age       ] GC(45) - age   6:     347560 bytes,     347904 total
[2020-09-11T14:12:08.833+0000][1][gc,heap      ] GC(45) ParNew: 68958K->699K(76672K)
[2020-09-11T14:12:08.833+0000][1][gc,heap      ] GC(45) CMS: 48355K->48681K(2011968K)
[2020-09-11T14:12:08.833+0000][1][gc,metaspace ] GC(45) Metaspace: 32458K->32458K(1079296K)
[2020-09-11T14:12:08.833+0000][1][gc           ] GC(45) Pause Young (Allocation Failure) 114M->48M(2039M) 39.315ms
[2020-09-11T14:12:08.833+0000][1][gc,cpu       ] GC(45) User=0.02s Sys=0.00s Real=0.04s
[2020-09-11T14:12:08.835+0000][1][safepoint    ] Safepoint "GenCollectForAllocation", Time since last: 175957199 ns, Reaching safepoint: 2107760 ns, At safepoint: 41700491 ns, Total: 43808251 ns
[2020-09-11T14:12:09.014+0000][1][gc,start     ] GC(46) Pause Young (Allocation Failure)
[2020-09-11T14:12:09.014+0000][1][gc,task      ] GC(46) Using 1 workers of 1 for evacuation
[2020-09-11T14:12:09.047+0000][1][gc,age       ] GC(46) Desired survivor size 4358144 bytes, new threshold 6 (max threshold 6)
[2020-09-11T14:12:09.047+0000][1][gc,age       ] GC(46) Age table with threshold 6 (max threshold 6)
[2020-09-11T14:12:09.047+0000][1][gc,age       ] GC(46) - age   1:        176 bytes,        176 total
[2020-09-11T14:12:09.047+0000][1][gc,age       ] GC(46) - age   6:        160 bytes,        336 total
[2020-09-11T14:12:09.047+0000][1][gc,heap      ] GC(46) ParNew: 68859K->302K(76672K)
[2020-09-11T14:12:09.047+0000][1][gc,heap      ] GC(46) CMS: 48681K->49021K(2011968K)
[2020-09-11T14:12:09.047+0000][1][gc,metaspace ] GC(46) Metaspace: 32458K->32458K(1079296K)
[2020-09-11T14:12:09.047+0000][1][gc           ] GC(46) Pause Young (Allocation Failure) 114M->48M(2039M) 33.167ms
[2020-09-11T14:12:09.047+0000][1][gc,cpu       ] GC(46) User=0.01s Sys=0.00s Real=0.04s
[2020-09-11T14:12:09.047+0000][1][safepoint    ] Safepoint "GenCollectForAllocation", Time since last: 178862848 ns, Reaching safepoint: 106634 ns, At safepoint: 33275111 ns, Total: 33381745 ns
[2020-09-11T14:12:09.228+0000][1][gc,start     ] GC(47) Pause Young (Allocation Failure)
[2020-09-11T14:12:09.228+0000][1][gc,task      ] GC(47) Using 1 workers of 1 for evacuation
[2020-09-11T14:12:09.258+0000][1][gc,age       ] GC(47) Desired survivor size 4358144 bytes, new threshold 6 (max threshold 6)
[2020-09-11T14:12:09.258+0000][1][gc,age       ] GC(47) Age table with threshold 6 (max threshold 6)
[2020-09-11T14:12:09.258+0000][1][gc,age       ] GC(47) - age   1:         56 bytes,         56 total
[2020-09-11T14:12:09.258+0000][1][gc,heap      ] GC(47) ParNew: 68462K->75K(76672K)
[2020-09-11T14:12:09.258+0000][1][gc,heap      ] GC(47) CMS: 49021K->49021K(2011968K)
[2020-09-11T14:12:09.258+0000][1][gc,metaspace ] GC(47) Metaspace: 32458K->32458K(1079296K)
[2020-09-11T14:12:09.258+0000][1][gc           ] GC(47) Pause Young (Allocation Failure) 114M->47M(2039M) 29.535ms
[2020-09-11T14:12:09.258+0000][1][gc,cpu       ] GC(47) User=0.01s Sys=0.00s Real=0.03s
[2020-09-11T14:12:09.263+0000][1][safepoint    ] Safepoint "GenCollectForAllocation", Time since last: 179976447 ns, Reaching safepoint: 693988 ns, At safepoint: 35298121 ns, Total: 35992109 ns
[2020-09-11T14:12:09.438+0000][1][gc,start     ] GC(48) Pause Young (Allocation Failure)
[2020-09-11T14:12:09.438+0000][1][gc,task      ] GC(48) Using 1 workers of 1 for evacuation
[2020-09-11T14:12:09.481+0000][1][gc,age       ] GC(48) Desired survivor size 4358144 bytes, new threshold 6 (max threshold 6)
[2020-09-11T14:12:09.481+0000][1][gc,age       ] GC(48) Age table with threshold 6 (max threshold 6)
[2020-09-11T14:12:09.481+0000][1][gc,age       ] GC(48) - age   1:        192 bytes,        192 total
[2020-09-11T14:12:09.481+0000][1][gc,heap      ] GC(48) ParNew: 68235K->18K(76672K)
[2020-09-11T14:12:09.481+0000][1][gc,heap      ] GC(48) CMS: 49021K->49021K(2011968K)
[2020-09-11T14:12:09.481+0000][1][gc,metaspace ] GC(48) Metaspace: 32458K->32458K(1079296K)
[2020-09-11T14:12:09.481+0000][1][gc           ] GC(48) Pause Young (Allocation Failure) 114M->47M(2039M) 42.936ms
[2020-09-11T14:12:09.481+0000][1][gc,cpu       ] GC(48) User=0.02s Sys=0.00s Real=0.04s
[2020-09-11T14:12:09.481+0000][1][safepoint    ] Safepoint "GenCollectForAllocation", Time since last: 174218346 ns, Reaching safepoint: 102450 ns, At safepoint: 43012397 ns, Total: 43114847 ns
[2020-09-11T14:12:09.663+0000][1][gc,start     ] GC(49) Pause Young (Allocation Failure)
[2020-09-11T14:12:09.664+0000][1][gc,task      ] GC(49) Using 1 workers of 1 for evacuation
[2020-09-11T14:12:09.704+0000][1][gc,age       ] GC(49) Desired survivor size 4358144 bytes, new threshold 6 (max threshold 6)
[2020-09-11T14:12:09.704+0000][1][gc,age       ] GC(49) Age table with threshold 6 (max threshold 6)
[2020-09-11T14:12:09.704+0000][1][gc,age       ] GC(49) - age   1:         64 bytes,         64 total
[2020-09-11T14:12:09.704+0000][1][gc,heap      ] GC(49) ParNew: 68178K->4K(76672K)
[2020-09-11T14:12:09.704+0000][1][gc,heap      ] GC(49) CMS: 49021K->49021K(2011968K)
[2020-09-11T14:12:09.704+0000][1][gc,metaspace ] GC(49) Metaspace: 32458K->32458K(1079296K)
[2020-09-11T14:12:09.704+0000][1][gc           ] GC(49) Pause Young (Allocation Failure) 114M->47M(2039M) 41.032ms
[2020-09-11T14:12:09.704+0000][1][gc,cpu       ] GC(49) User=0.02s Sys=0.00s Real=0.04s
[2020-09-11T14:12:09.705+0000][1][safepoint    ] Safepoint "GenCollectForAllocation", Time since last: 182338732 ns, Reaching safepoint: 322819 ns, At safepoint: 41115493 ns, Total: 41438312 ns
[2020-09-11T14:12:10.728+0000][1][safepoint    ] Safepoint "Cleanup", Time since last: 1022947049 ns, Reaching safepoint: 110735 ns, At safepoint: 6592 ns, Total: 117327 ns
[2020-09-11T14:12:10.856+0000][1][safepoint    ] Safepoint "RevokeBias", Time since last: 128497093 ns, Reaching safepoint: 103451 ns, At safepoint: 37601 ns, Total: 141052 ns
[2020-09-11T14:12:10.856+0000][1][safepoint    ] Safepoint "RevokeBias", Time since last: 57092 ns, Reaching safepoint: 79791 ns, At safepoint: 27189 ns, Total: 106980 ns
[2020-09-11T14:12:10.857+0000][1][safepoint    ] Safepoint "RevokeBias", Time since last: 30686 ns, Reaching safepoint: 78484 ns, At safepoint: 24814 ns, Total: 103298 ns
[2020-09-11T14:12:10.857+0000][1][safepoint    ] Safepoint "RevokeBias", Time since last: 189431 ns, Reaching safepoint: 80427 ns, At safepoint: 26740 ns, Total: 107167 ns
[2020-09-11T14:12:11.260+0000][1][gc,start     ] GC(50) Pause Young (Allocation Failure)
[2020-09-11T14:12:11.260+0000][1][gc,task      ] GC(50) Using 1 workers of 1 for evacuation
[2020-09-11T14:12:11.299+0000][1][gc,age       ] GC(50) Desired survivor size 4358144 bytes, new threshold 6 (max threshold 6)
[2020-09-11T14:12:11.299+0000][1][gc,age       ] GC(50) Age table with threshold 6 (max threshold 6)
[2020-09-11T14:12:11.299+0000][1][gc,age       ] GC(50) - age   1:     134744 bytes,     134744 total
[2020-09-11T14:12:11.299+0000][1][gc,heap      ] GC(50) ParNew: 68164K->133K(76672K)
[2020-09-11T14:12:11.299+0000][1][gc,heap      ] GC(50) CMS: 49021K->49021K(2011968K)
[2020-09-11T14:12:11.299+0000][1][gc,metaspace ] GC(50) Metaspace: 32461K->32461K(1079296K)
[2020-09-11T14:12:11.299+0000][1][gc           ] GC(50) Pause Young (Allocation Failure) 114M->48M(2039M) 39.233ms
[2020-09-11T14:12:11.299+0000][1][gc,cpu       ] GC(50) User=0.01s Sys=0.00s Real=0.04s
[2020-09-11T14:12:11.319+0000][1][safepoint    ] Safepoint "GenCollectForAllocation", Time since last: 402567134 ns, Reaching safepoint: 117513 ns, At safepoint: 59279459 ns, Total: 59396972 ns
[2020-09-11T14:12:11.675+0000][1][gc,start     ] GC(51) Pause Young (Allocation Failure)
[2020-09-11T14:12:11.676+0000][1][gc,task      ] GC(51) Using 1 workers of 1 for evacuation
[2020-09-11T14:12:11.706+0000][1][gc,age       ] GC(51) Desired survivor size 4358144 bytes, new threshold 6 (max threshold 6)
[2020-09-11T14:12:11.706+0000][1][gc,age       ] GC(51) Age table with threshold 6 (max threshold 6)
[2020-09-11T14:12:11.706+0000][1][gc,age       ] GC(51) - age   1:     545608 bytes,     545608 total
[2020-09-11T14:12:11.706+0000][1][gc,age       ] GC(51) - age   2:      84160 bytes,     629768 total
[2020-09-11T14:12:11.706+0000][1][gc,heap      ] GC(51) ParNew: 68293K->637K(76672K)
[2020-09-11T14:12:11.706+0000][1][gc,heap      ] GC(51) CMS: 49021K->49021K(2011968K)
[2020-09-11T14:12:11.706+0000][1][gc,metaspace ] GC(51) Metaspace: 32461K->32461K(1079296K)
[2020-09-11T14:12:11.706+0000][1][gc           ] GC(51) Pause Young (Allocation Failure) 114M->48M(2039M) 30.536ms
[2020-09-11T14:12:11.706+0000][1][gc,cpu       ] GC(51) User=0.01s Sys=0.00s Real=0.03s
[2020-09-11T14:12:11.706+0000][1][safepoint    ] Safepoint "GenCollectForAllocation", Time since last: 352609179 ns, Reaching safepoint: 4010257 ns, At safepoint: 30592230 ns, Total: 34602487 ns
[2020-09-11T14:12:12.050+0000][1][gc,start     ] GC(52) Pause Young (Allocation Failure)
[2020-09-11T14:12:12.051+0000][1][gc,task      ] GC(52) Using 1 workers of 1 for evacuation
[2020-09-11T14:12:12.079+0000][1][gc,age       ] GC(52) Desired survivor size 4358144 bytes, new threshold 6 (max threshold 6)
[2020-09-11T14:12:12.079+0000][1][gc,age       ] GC(52) Age table with threshold 6 (max threshold 6)
[2020-09-11T14:12:12.079+0000][1][gc,age       ] GC(52) - age   1:     642968 bytes,     642968 total
[2020-09-11T14:12:12.079+0000][1][gc,age       ] GC(52) - age   2:     374824 bytes,    1017792 total
[2020-09-11T14:12:12.079+0000][1][gc,age       ] GC(52) - age   3:      83560 bytes,    1101352 total
[2020-09-11T14:12:12.079+0000][1][gc,heap      ] GC(52) ParNew: 68797K->1114K(76672K)
[2020-09-11T14:12:12.079+0000][1][gc,heap      ] GC(52) CMS: 49021K->49021K(2011968K)
[2020-09-11T14:12:12.079+0000][1][gc,metaspace ] GC(52) Metaspace: 32461K->32461K(1079296K)
[2020-09-11T14:12:12.079+0000][1][gc           ] GC(52) Pause Young (Allocation Failure) 115M->48M(2039M) 28.723ms
[2020-09-11T14:12:12.079+0000][1][gc,cpu       ] GC(52) User=0.01s Sys=0.00s Real=0.03s
[2020-09-11T14:12:12.085+0000][1][safepoint    ] Safepoint "GenCollectForAllocation", Time since last: 344323057 ns, Reaching safepoint: 102966 ns, At safepoint: 34967759 ns, Total: 35070725 ns
[2020-09-11T14:12:12.392+0000][1][gc,start     ] GC(53) Pause Young (Allocation Failure)
[2020-09-11T14:12:12.392+0000][1][gc,task      ] GC(53) Using 1 workers of 1 for evacuation
[2020-09-11T14:12:12.432+0000][1][gc,age       ] GC(53) Desired survivor size 4358144 bytes, new threshold 6 (max threshold 6)
[2020-09-11T14:12:12.432+0000][1][gc,age       ] GC(53) Age table with threshold 6 (max threshold 6)
[2020-09-11T14:12:12.432+0000][1][gc,age       ] GC(53) - age   1:     313688 bytes,     313688 total
[2020-09-11T14:12:12.432+0000][1][gc,age       ] GC(53) - age   2:     626728 bytes,     940416 total
[2020-09-11T14:12:12.432+0000][1][gc,age       ] GC(53) - age   3:     374088 bytes,    1314504 total
[2020-09-11T14:12:12.432+0000][1][gc,age       ] GC(53) - age   4:      82896 bytes,    1397400 total
[2020-09-11T14:12:12.432+0000][1][gc,heap      ] GC(53) ParNew: 69274K->1365K(76672K)
[2020-09-11T14:12:12.432+0000][1][gc,heap      ] GC(53) CMS: 49021K->49021K(2011968K)
[2020-09-11T14:12:12.432+0000][1][gc,metaspace ] GC(53) Metaspace: 32461K->32461K(1079296K)
[2020-09-11T14:12:12.432+0000][1][gc           ] GC(53) Pause Young (Allocation Failure) 115M->49M(2039M) 39.873ms
[2020-09-11T14:12:12.432+0000][1][gc,cpu       ] GC(53) User=0.02s Sys=0.00s Real=0.04s
[2020-09-11T14:12:12.432+0000][1][safepoint    ] Safepoint "GenCollectForAllocation", Time since last: 306358212 ns, Reaching safepoint: 100592 ns, At safepoint: 39930077 ns, Total: 40030669 ns
[2020-09-11T14:12:12.859+0000][1][gc,start     ] GC(54) Pause Young (Allocation Failure)
[2020-09-11T14:12:12.860+0000][1][gc,task      ] GC(54) Using 1 workers of 1 for evacuation
[2020-09-11T14:12:12.897+0000][1][gc,age       ] GC(54) Desired survivor size 4358144 bytes, new threshold 6 (max threshold 6)
[2020-09-11T14:12:12.897+0000][1][gc,age       ] GC(54) Age table with threshold 6 (max threshold 6)
[2020-09-11T14:12:12.897+0000][1][gc,age       ] GC(54) - age   1:     963936 bytes,     963936 total
[2020-09-11T14:12:12.897+0000][1][gc,age       ] GC(54) - age   2:     302440 bytes,    1266376 total
[2020-09-11T14:12:12.897+0000][1][gc,age       ] GC(54) - age   3:     298064 bytes,    1564440 total
[2020-09-11T14:12:12.897+0000][1][gc,age       ] GC(54) - age   4:     374088 bytes,    1938528 total
[2020-09-11T14:12:12.897+0000][1][gc,age       ] GC(54) - age   5:      82736 bytes,    2021264 total
[2020-09-11T14:12:12.897+0000][1][gc,heap      ] GC(54) ParNew: 69525K->1980K(76672K)
[2020-09-11T14:12:12.897+0000][1][gc,heap      ] GC(54) CMS: 49021K->49021K(2011968K)
[2020-09-11T14:12:12.897+0000][1][gc,metaspace ] GC(54) Metaspace: 32461K->32461K(1079296K)
[2020-09-11T14:12:12.897+0000][1][gc           ] GC(54) Pause Young (Allocation Failure) 115M->49M(2039M) 37.492ms
[2020-09-11T14:12:12.897+0000][1][gc,cpu       ] GC(54) User=0.02s Sys=0.00s Real=0.04s
[2020-09-11T14:12:12.903+0000][1][safepoint    ] Safepoint "GenCollectForAllocation", Time since last: 424630583 ns, Reaching safepoint: 3007066 ns, At safepoint: 43986132 ns, Total: 46993198 ns
[2020-09-11T14:12:13.217+0000][1][gc,start     ] GC(55) Pause Young (Allocation Failure)
[2020-09-11T14:12:13.217+0000][1][gc,task      ] GC(55) Using 1 workers of 1 for evacuation
[2020-09-11T14:12:13.256+0000][1][gc,age       ] GC(55) Desired survivor size 4358144 bytes, new threshold 6 (max threshold 6)
[2020-09-11T14:12:13.256+0000][1][gc,age       ] GC(55) Age table with threshold 6 (max threshold 6)
[2020-09-11T14:12:13.256+0000][1][gc,age       ] GC(55) - age   1:     313808 bytes,     313808 total
[2020-09-11T14:12:13.256+0000][1][gc,age       ] GC(55) - age   2:     952336 bytes,    1266144 total
[2020-09-11T14:12:13.256+0000][1][gc,age       ] GC(55) - age   3:     298208 bytes,    1564352 total
[2020-09-11T14:12:13.256+0000][1][gc,age       ] GC(55) - age   4:     297424 bytes,    1861776 total
[2020-09-11T14:12:13.256+0000][1][gc,age       ] GC(55) - age   5:     373832 bytes,    2235608 total
[2020-09-11T14:12:13.256+0000][1][gc,age       ] GC(55) - age   6:      82712 bytes,    2318320 total
[2020-09-11T14:12:13.256+0000][1][gc,heap      ] GC(55) ParNew: 70140K->2295K(76672K)
[2020-09-11T14:12:13.256+0000][1][gc,heap      ] GC(55) CMS: 49021K->49021K(2011968K)
[2020-09-11T14:12:13.256+0000][1][gc,metaspace ] GC(55) Metaspace: 32461K->32461K(1079296K)
[2020-09-11T14:12:13.257+0000][1][gc           ] GC(55) Pause Young (Allocation Failure) 116M->50M(2039M) 39.565ms
[2020-09-11T14:12:13.257+0000][1][gc,cpu       ] GC(55) User=0.01s Sys=0.00s Real=0.04s
[2020-09-11T14:12:13.257+0000][1][safepoint    ] Safepoint "GenCollectForAllocation", Time since last: 312016079 ns, Reaching safepoint: 1499486 ns, At safepoint: 39623217 ns, Total: 41122703 ns
[2020-09-11T14:12:14.202+0000][1][safepoint    ] Safepoint "Deoptimize", Time since last: 944813014 ns, Reaching safepoint: 123797 ns, At safepoint: 309800 ns, Total: 433597 ns
[2020-09-11T14:12:14.631+0000][1][safepoint    ] Safepoint "CollectForMetadataAllocation", Time since last: 429156498 ns, Reaching safepoint: 152385 ns, At safepoint: 120052 ns, Total: 272437 ns
[2020-09-11T14:12:14.744+0000][1][safepoint    ] Safepoint "CollectForMetadataAllocation", Time since last: 112196233 ns, Reaching safepoint: 111953 ns, At safepoint: 136965 ns, Total: 248918 ns
[2020-09-11T14:12:14.876+0000][1][safepoint    ] Safepoint "CollectForMetadataAllocation", Time since last: 131741650 ns, Reaching safepoint: 107297 ns, At safepoint: 120523 ns, Total: 227820 ns
[2020-09-11T14:12:14.940+0000][1][safepoint    ] Safepoint "CollectForMetadataAllocation", Time since last: 64270535 ns, Reaching safepoint: 96671 ns, At safepoint: 128152 ns, Total: 224823 ns
[2020-09-11T14:12:15.041+0000][1][safepoint    ] Safepoint "CollectForMetadataAllocation", Time since last: 100234871 ns, Reaching safepoint: 105622 ns, At safepoint: 117901 ns, Total: 223523 ns
[2020-09-11T14:12:15.189+0000][1][safepoint    ] Safepoint "CollectForMetadataAllocation", Time since last: 148478928 ns, Reaching safepoint: 100328 ns, At safepoint: 112745 ns, Total: 213073 ns
[2020-09-11T14:12:15.243+0000][1][gc,start     ] GC(56) Pause Young (Allocation Failure)
[2020-09-11T14:12:15.244+0000][1][gc,task      ] GC(56) Using 1 workers of 1 for evacuation
[2020-09-11T14:12:15.297+0000][1][gc,age       ] GC(56) Desired survivor size 4358144 bytes, new threshold 6 (max threshold 6)
[2020-09-11T14:12:15.297+0000][1][gc,age       ] GC(56) Age table with threshold 6 (max threshold 6)
[2020-09-11T14:12:15.297+0000][1][gc,age       ] GC(56) - age   1:    1479592 bytes,    1479592 total
[2020-09-11T14:12:15.297+0000][1][gc,age       ] GC(56) - age   2:     301760 bytes,    1781352 total
[2020-09-11T14:12:15.297+0000][1][gc,age       ] GC(56) - age   3:     951640 bytes,    2732992 total
[2020-09-11T14:12:15.297+0000][1][gc,age       ] GC(56) - age   4:     297792 bytes,    3030784 total
[2020-09-11T14:12:15.297+0000][1][gc,age       ] GC(56) - age   5:     297304 bytes,    3328088 total
[2020-09-11T14:12:15.297+0000][1][gc,age       ] GC(56) - age   6:     373832 bytes,    3701920 total
[2020-09-11T14:12:15.297+0000][1][gc,heap      ] GC(56) ParNew: 70455K->3724K(76672K)
[2020-09-11T14:12:15.297+0000][1][gc,heap      ] GC(56) CMS: 49021K->49099K(2011968K)
[2020-09-11T14:12:15.297+0000][1][gc,metaspace ] GC(56) Metaspace: 36238K->36238K(1083392K)
[2020-09-11T14:12:15.307+0000][1][gc           ] GC(56) Pause Young (Allocation Failure) 116M->51M(2039M) 64.017ms
[2020-09-11T14:12:15.307+0000][1][gc,cpu       ] GC(56) User=0.02s Sys=0.00s Real=0.06s
[2020-09-11T14:12:15.315+0000][1][safepoint    ] Safepoint "GenCollectForAllocation", Time since last: 52961542 ns, Reaching safepoint: 1162418 ns, At safepoint: 71185491 ns, Total: 72347909 ns
[2020-09-11T14:12:15.339+0000][1][gc,start     ] GC(57) Pause Initial Mark
[2020-09-11T14:12:15.342+0000][1][gc           ] GC(57) Pause Initial Mark 55M->55M(2039M) 2.556ms
[2020-09-11T14:12:15.342+0000][1][gc,cpu       ] GC(57) User=0.00s Sys=0.00s Real=0.00s
[2020-09-11T14:12:15.363+0000][1][safepoint    ] Safepoint "CMS_Initial_Mark", Time since last: 16804474 ns, Reaching safepoint: 8030045 ns, At safepoint: 23464219 ns, Total: 31494264 ns
[2020-09-11T14:12:15.363+0000][1][gc           ] GC(57) Concurrent Mark
[2020-09-11T14:12:15.805+0000][1][gc           ] GC(57) Concurrent Mark 442.447ms
[2020-09-11T14:12:15.805+0000][1][gc,cpu       ] GC(57) User=0.15s Sys=0.00s Real=0.45s
[2020-09-11T14:12:15.805+0000][1][gc           ] GC(57) Concurrent Preclean
[2020-09-11T14:12:15.826+0000][1][gc           ] GC(57) Concurrent Preclean 20.410ms
[2020-09-11T14:12:15.826+0000][1][gc,cpu       ] GC(57) User=0.00s Sys=0.00s Real=0.02s
[2020-09-11T14:12:15.826+0000][1][gc           ] GC(57) Concurrent Abortable Preclean
[2020-09-11T14:12:16.230+0000][1][gc,start     ] GC(58) Pause Young (Allocation Failure)
[2020-09-11T14:12:16.230+0000][1][gc,task      ] GC(58) Using 1 workers of 1 for evacuation
[2020-09-11T14:12:16.277+0000][1][gc,age       ] GC(58) Desired survivor size 4358144 bytes, new threshold 6 (max threshold 6)
[2020-09-11T14:12:16.277+0000][1][gc,age       ] GC(58) Age table with threshold 6 (max threshold 6)
[2020-09-11T14:12:16.277+0000][1][gc,age       ] GC(58) - age   1:      63808 bytes,      63808 total
[2020-09-11T14:12:16.277+0000][1][gc,age       ] GC(58) - age   2:    1453344 bytes,    1517152 total
[2020-09-11T14:12:16.277+0000][1][gc,age       ] GC(58) - age   3:     301760 bytes,    1818912 total
[2020-09-11T14:12:16.277+0000][1][gc,age       ] GC(58) - age   4:     951640 bytes,    2770552 total
[2020-09-11T14:12:16.277+0000][1][gc,age       ] GC(58) - age   5:     297792 bytes,    3068344 total
[2020-09-11T14:12:16.277+0000][1][gc,age       ] GC(58) - age   6:     297304 bytes,    3365648 total
[2020-09-11T14:12:16.277+0000][1][gc,heap      ] GC(58) ParNew: 71884K->3488K(76672K)
[2020-09-11T14:12:16.277+0000][1][gc,heap      ] GC(58) CMS: 49099K->49464K(2011968K)
[2020-09-11T14:12:16.277+0000][1][gc,metaspace ] GC(58) Metaspace: 36244K->36244K(1083392K)
[2020-09-11T14:12:16.277+0000][1][gc           ] GC(58) Pause Young (Allocation Failure) 118M->51M(2039M) 46.857ms
[2020-09-11T14:12:16.277+0000][1][gc,cpu       ] GC(58) User=0.02s Sys=0.00s Real=0.05s
[2020-09-11T14:12:16.303+0000][1][safepoint    ] Safepoint "GenCollectForAllocation", Time since last: 864516484 ns, Reaching safepoint: 2485934 ns, At safepoint: 73490984 ns, Total: 75976918 ns
[2020-09-11T14:12:16.537+0000][1][safepoint    ] Safepoint "CollectForMetadataAllocation", Time since last: 233176039 ns, Reaching safepoint: 104017 ns, At safepoint: 127240 ns, Total: 231257 ns
[2020-09-11T14:12:17.543+0000][1][safepoint    ] Safepoint "Cleanup", Time since last: 1002594389 ns, Reaching safepoint: 4043761 ns, At safepoint: 12385 ns, Total: 4056146 ns
[2020-09-11T14:12:17.544+0000][1][gc           ] GC(57) Concurrent Abortable Preclean 1717.556ms
[2020-09-11T14:12:17.544+0000][1][gc,cpu       ] GC(57) User=0.54s Sys=0.03s Real=1.72s
[2020-09-11T14:12:17.546+0000][1][gc,start     ] GC(57) Pause Remark
[2020-09-11T14:12:17.614+0000][1][gc           ] GC(57) Pause Remark 88M->88M(2039M) 68.065ms
[2020-09-11T14:12:17.614+0000][1][gc,cpu       ] GC(57) User=0.02s Sys=0.00s Real=0.06s
[2020-09-11T14:12:17.635+0000][1][safepoint    ] Safepoint "CMS_Final_Remark", Time since last: 84148 ns, Reaching safepoint: 1986983 ns, At safepoint: 89879411 ns, Total: 91866394 ns
[2020-09-11T14:12:17.635+0000][1][gc           ] GC(57) Concurrent Sweep
[2020-09-11T14:12:17.650+0000][1][safepoint    ] Safepoint "CollectForMetadataAllocation", Time since last: 14541737 ns, Reaching safepoint: 327476 ns, At safepoint: 127321 ns, Total: 454797 ns
[2020-09-11T14:12:17.711+0000][1][gc           ] GC(57) Concurrent Sweep 75.875ms
[2020-09-11T14:12:17.739+0000][1][gc,cpu       ] GC(57) User=0.04s Sys=0.00s Real=0.10s
[2020-09-11T14:12:17.739+0000][1][gc           ] GC(57) Concurrent Reset
[2020-09-11T14:12:17.753+0000][1][gc           ] GC(57) Concurrent Reset 13.455ms
[2020-09-11T14:12:17.753+0000][1][gc,cpu       ] GC(57) User=0.00s Sys=0.00s Real=0.01s
[2020-09-11T14:12:17.753+0000][1][gc,heap      ] GC(57) Old: 49099K->48379K(2011968K)
[2020-09-11T14:12:18.663+0000][1][safepoint    ] Safepoint "Cleanup", Time since last: 1011781415 ns, Reaching safepoint: 1258442 ns, At safepoint: 7266 ns, Total: 1265708 ns
[2020-09-11T14:12:19.672+0000][1][safepoint    ] Safepoint "Cleanup", Time since last: 1000093318 ns, Reaching safepoint: 7941909 ns, At safepoint: 12580 ns, Total: 7954489 ns
[2020-09-11T14:12:19.832+0000][1][gc,start     ] GC(59) Pause Young (Allocation Failure)
[2020-09-11T14:12:19.832+0000][1][gc,task      ] GC(59) Using 1 workers of 1 for evacuation
[2020-09-11T14:12:19.905+0000][1][gc,age       ] GC(59) Desired survivor size 4358144 bytes, new threshold 4 (max threshold 6)
[2020-09-11T14:12:19.905+0000][1][gc,age       ] GC(59) Age table with threshold 4 (max threshold 6)
[2020-09-11T14:12:19.905+0000][1][gc,age       ] GC(59) - age   1:    2688576 bytes,    2688576 total
[2020-09-11T14:12:19.905+0000][1][gc,age       ] GC(59) - age   2:      61624 bytes,    2750200 total
[2020-09-11T14:12:19.905+0000][1][gc,age       ] GC(59) - age   3:    1407272 bytes,    4157472 total
[2020-09-11T14:12:19.905+0000][1][gc,age       ] GC(59) - age   4:     301760 bytes,    4459232 total
[2020-09-11T14:12:19.905+0000][1][gc,age       ] GC(59) - age   5:     951640 bytes,    5410872 total
[2020-09-11T14:12:19.905+0000][1][gc,age       ] GC(59) - age   6:     297792 bytes,    5708664 total
[2020-09-11T14:12:19.905+0000][1][gc,heap      ] GC(59) ParNew: 71648K->8267K(76672K)
[2020-09-11T14:12:19.905+0000][1][gc,heap      ] GC(59) CMS: 48379K->48669K(2011968K)
[2020-09-11T14:12:19.905+0000][1][gc,metaspace ] GC(59) Metaspace: 42025K->42025K(1087488K)
[2020-09-11T14:12:19.905+0000][1][gc           ] GC(59) Pause Young (Allocation Failure) 117M->55M(2039M) 73.300ms
[2020-09-11T14:12:19.905+0000][1][gc,cpu       ] GC(59) User=0.03s Sys=0.00s Real=0.08s
[2020-09-11T14:12:19.919+0000][1][safepoint    ] Safepoint "GenCollectForAllocation", Time since last: 159927484 ns, Reaching safepoint: 113544 ns, At safepoint: 87886317 ns, Total: 87999861 ns
[2020-09-11T14:12:19.928+0000][1][safepoint    ] Safepoint "RevokeBias", Time since last: 7995745 ns, Reaching safepoint: 36074 ns, At safepoint: 56479 ns, Total: 92553 ns
[2020-09-11T14:12:20.955+0000][1][safepoint    ] Safepoint "Cleanup", Time since last: 1015907486 ns, Reaching safepoint: 11557181 ns, At safepoint: 9434 ns, Total: 11566615 ns
[2020-09-11T14:12:21.955+0000][1][safepoint    ] Safepoint "Cleanup", Time since last: 1000109067 ns, Reaching safepoint: 125976 ns, At safepoint: 7007 ns, Total: 132983 ns
[2020-09-11T14:12:26.564+0000][1][safepoint    ] Safepoint "BulkRevokeBias", Time since last: 4608269607 ns, Reaching safepoint: 103103 ns, At safepoint: 79236 ns, Total: 182339 ns
[2020-09-11T14:12:26.564+0000][1][safepoint    ] Safepoint "RevokeBias", Time since last: 321740 ns, Reaching safepoint: 83670 ns, At safepoint: 35148 ns, Total: 118818 ns
[2020-09-11T14:12:26.564+0000][1][safepoint    ] Safepoint "RevokeBias", Time since last: 69521 ns, Reaching safepoint: 83007 ns, At safepoint: 20863 ns, Total: 103870 ns
[2020-09-11T14:12:26.564+0000][1][safepoint    ] Safepoint "RevokeBias", Time since last: 35381 ns, Reaching safepoint: 81178 ns, At safepoint: 32098 ns, Total: 113276 ns
[2020-09-11T14:12:26.565+0000][1][safepoint    ] Safepoint "RevokeBias", Time since last: 29553 ns, Reaching safepoint: 79820 ns, At safepoint: 31330 ns, Total: 111150 ns
[2020-09-11T14:12:26.568+0000][1][safepoint    ] Safepoint "RevokeBias", Time since last: 28426 ns, Reaching safepoint: 2843654 ns, At safepoint: 57288 ns, Total: 2900942 ns
[2020-09-11T14:12:26.568+0000][1][safepoint    ] Safepoint "RevokeBias", Time since last: 74205 ns, Reaching safepoint: 82942 ns, At safepoint: 41913 ns, Total: 124855 ns
[2020-09-11T14:12:26.568+0000][1][safepoint    ] Safepoint "RevokeBias", Time since last: 29197 ns, Reaching safepoint: 79290 ns, At safepoint: 19899 ns, Total: 99189 ns
[2020-09-11T14:12:26.568+0000][1][safepoint    ] Safepoint "RevokeBias", Time since last: 30667 ns, Reaching safepoint: 78839 ns, At safepoint: 30837 ns, Total: 109676 ns
[2020-09-11T14:12:26.568+0000][1][safepoint    ] Safepoint "RevokeBias", Time since last: 27737 ns, Reaching safepoint: 78646 ns, At safepoint: 31013 ns, Total: 109659 ns
[2020-09-11T14:12:26.568+0000][1][safepoint    ] Safepoint "RevokeBias", Time since last: 27005 ns, Reaching safepoint: 78834 ns, At safepoint: 30634 ns, Total: 109468 ns
[2020-09-11T14:12:26.568+0000][1][safepoint    ] Safepoint "RevokeBias", Time since last: 27191 ns, Reaching safepoint: 78567 ns, At safepoint: 30689 ns, Total: 109256 ns
[2020-09-11T14:12:26.569+0000][1][safepoint    ] Safepoint "RevokeBias", Time since last: 28884 ns, Reaching safepoint: 77462 ns, At safepoint: 19573 ns, Total: 97035 ns
[2020-09-11T14:12:26.569+0000][1][safepoint    ] Safepoint "RevokeBias", Time since last: 41740 ns, Reaching safepoint: 79851 ns, At safepoint: 30787 ns, Total: 110638 ns
[2020-09-11T14:12:26.569+0000][1][safepoint    ] Safepoint "RevokeBias", Time since last: 70652 ns, Reaching safepoint: 81085 ns, At safepoint: 30993 ns, Total: 112078 ns
[2020-09-11T14:12:26.569+0000][1][safepoint    ] Safepoint "RevokeBias", Time since last: 35649 ns, Reaching safepoint: 80684 ns, At safepoint: 30571 ns, Total: 111255 ns
[2020-09-11T14:12:27.612+0000][1][safepoint    ] Safepoint "Cleanup", Time since last: 1042403533 ns, Reaching safepoint: 128247 ns, At safepoint: 7728 ns, Total: 135975 ns
[2020-09-11T14:12:28.619+0000][1][safepoint    ] Safepoint "Cleanup", Time since last: 1003857078 ns, Reaching safepoint: 4044220 ns, At safepoint: 12659 ns, Total: 4056879 ns
[2020-09-11T14:12:29.627+0000][1][safepoint    ] Safepoint "Cleanup", Time since last: 1003944371 ns, Reaching safepoint: 4040460 ns, At safepoint: 11968 ns, Total: 4052428 ns
[2020-09-11T14:12:30.630+0000][1][safepoint    ] Safepoint "Cleanup", Time since last: 1002032632 ns, Reaching safepoint: 461464 ns, At safepoint: 7326 ns, Total: 468790 ns
[2020-09-11T14:12:31.525+0000][1][gc,start     ] GC(60) Pause Young (Allocation Failure)
[2020-09-11T14:12:31.525+0000][1][gc,task      ] GC(60) Using 1 workers of 1 for evacuation
[2020-09-11T14:12:31.712+0000][1][gc,age       ] GC(60) Desired survivor size 4358144 bytes, new threshold 2 (max threshold 6)
[2020-09-11T14:12:31.712+0000][1][gc,age       ] GC(60) Age table with threshold 2 (max threshold 6)
[2020-09-11T14:12:31.712+0000][1][gc,age       ] GC(60) - age   1:    2713704 bytes,    2713704 total
[2020-09-11T14:12:31.712+0000][1][gc,age       ] GC(60) - age   2:    2604048 bytes,    5317752 total
[2020-09-11T14:12:31.712+0000][1][gc,age       ] GC(60) - age   3:      61624 bytes,    5379376 total
[2020-09-11T14:12:31.712+0000][1][gc,age       ] GC(60) - age   4:    1402192 bytes,    6781568 total
[2020-09-11T14:12:31.712+0000][1][gc,heap      ] GC(60) ParNew: 76427K->8512K(76672K)
[2020-09-11T14:12:31.712+0000][1][gc,heap      ] GC(60) CMS: 48669K->50184K(2011968K)
[2020-09-11T14:12:31.712+0000][1][gc,metaspace ] GC(60) Metaspace: 47641K->47641K(1093632K)
[2020-09-11T14:12:31.712+0000][1][gc           ] GC(60) Pause Young (Allocation Failure) 122M->57M(2039M) 187.240ms
[2020-09-11T14:12:31.712+0000][1][gc,cpu       ] GC(60) User=0.06s Sys=0.00s Real=0.18s
[2020-09-11T14:12:31.722+0000][1][safepoint    ] Safepoint "GenCollectForAllocation", Time since last: 894522978 ns, Reaching safepoint: 124721 ns, At safepoint: 197209857 ns, Total: 197334578 ns
[2020-09-11T14:12:31.772+0000][1][safepoint    ] Safepoint "RevokeBias", Time since last: 50065184 ns, Reaching safepoint: 99880 ns, At safepoint: 14899 ns, Total: 114779 ns
[2020-09-11T14:12:31.772+0000][1][safepoint    ] Safepoint "RevokeBias", Time since last: 61827 ns, Reaching safepoint: 9735 ns, At safepoint: 7905 ns, Total: 17640 ns
[2020-09-11T14:12:32.034+0000][1][safepoint    ] Safepoint "RevokeBias", Time since last: 261479891 ns, Reaching safepoint: 118973 ns, At safepoint: 36349 ns, Total: 155322 ns
[2020-09-11T14:12:32.057+0000][1][safepoint    ] Safepoint "RevokeBias", Time since last: 22856964 ns, Reaching safepoint: 97418 ns, At safepoint: 33171 ns, Total: 130589 ns
[2020-09-11T14:12:32.982+0000][1][safepoint    ] Safepoint "RevokeBias", Time since last: 911062802 ns, Reaching safepoint: 14439506 ns, At safepoint: 31925 ns, Total: 14471431 ns
[2020-09-11T14:12:32.986+0000][1][safepoint    ] Safepoint "RevokeBias", Time since last: 3800126 ns, Reaching safepoint: 101740 ns, At safepoint: 27095 ns, Total: 128835 ns
[2020-09-11T14:12:32.986+0000][1][safepoint    ] Safepoint "RevokeBias", Time since last: 62591 ns, Reaching safepoint: 86577 ns, At safepoint: 20009 ns, Total: 106586 ns
[2020-09-11T14:12:33.219+0000][1][safepoint    ] Safepoint "RevokeBias", Time since last: 232359632 ns, Reaching safepoint: 311216 ns, At safepoint: 30091 ns, Total: 341307 ns
[2020-09-11T14:12:33.228+0000][1][safepoint    ] Safepoint "RevokeBias", Time since last: 8475124 ns, Reaching safepoint: 174355 ns, At safepoint: 34468 ns, Total: 208823 ns
[2020-09-11T14:12:33.228+0000][1][safepoint    ] Safepoint "RevokeBias", Time since last: 129811 ns, Reaching safepoint: 81567 ns, At safepoint: 23036 ns, Total: 104603 ns
[2020-09-11T14:12:33.228+0000][1][safepoint    ] Safepoint "RevokeBias", Time since last: 392202 ns, Reaching safepoint: 83899 ns, At safepoint: 21497 ns, Total: 105396 ns
[2020-09-11T14:12:33.229+0000][1][safepoint    ] Safepoint "RevokeBias", Time since last: 859739 ns, Reaching safepoint: 86217 ns, At safepoint: 27862 ns, Total: 114079 ns
[2020-09-11T14:12:33.230+0000][1][safepoint    ] Safepoint "RevokeBias", Time since last: 474526 ns, Reaching safepoint: 88716 ns, At safepoint: 25156 ns, Total: 113872 ns
[2020-09-11T14:12:33.231+0000][1][safepoint    ] Safepoint "RevokeBias", Time since last: 743433 ns, Reaching safepoint: 85074 ns, At safepoint: 22899 ns, Total: 107973 ns
[2020-09-11T14:12:33.231+0000][1][safepoint    ] Safepoint "RevokeBias", Time since last: 63868 ns, Reaching safepoint: 81060 ns, At safepoint: 20007 ns, Total: 101067 ns
[2020-09-11T14:12:33.231+0000][1][safepoint    ] Safepoint "RevokeBias", Time since last: 121672 ns, Reaching safepoint: 83625 ns, At safepoint: 19231 ns, Total: 102856 ns
[2020-09-11T14:12:33.231+0000][1][safepoint    ] Safepoint "RevokeBias", Time since last: 33286 ns, Reaching safepoint: 128542 ns, At safepoint: 26904 ns, Total: 155446 ns
[2020-09-11T14:12:33.240+0000][1][safepoint    ] Safepoint "RevokeBias", Time since last: 8044167 ns, Reaching safepoint: 112216 ns, At safepoint: 40518 ns, Total: 152734 ns
[2020-09-11T14:12:33.240+0000][1][safepoint    ] Safepoint "RevokeBias", Time since last: 61014 ns, Reaching safepoint: 81722 ns, At safepoint: 21800 ns, Total: 103522 ns
[2020-09-11T14:12:33.240+0000][1][safepoint    ] Safepoint "RevokeBias", Time since last: 31273 ns, Reaching safepoint: 80877 ns, At safepoint: 19752 ns, Total: 100629 ns
[2020-09-11T14:12:33.240+0000][1][safepoint    ] Safepoint "RevokeBias", Time since last: 30057 ns, Reaching safepoint: 79929 ns, At safepoint: 19379 ns, Total: 99308 ns
[2020-09-11T14:12:33.240+0000][1][safepoint    ] Safepoint "RevokeBias", Time since last: 32471 ns, Reaching safepoint: 80221 ns, At safepoint: 20668 ns, Total: 100889 ns
[2020-09-11T14:12:33.240+0000][1][safepoint    ] Safepoint "BulkRevokeBias", Time since last: 29424 ns, Reaching safepoint: 80935 ns, At safepoint: 73433 ns, Total: 154368 ns
[2020-09-11T14:12:33.241+0000][1][safepoint    ] Safepoint "RevokeBias", Time since last: 69961 ns, Reaching safepoint: 82617 ns, At safepoint: 22061 ns, Total: 104678 ns
[2020-09-11T14:12:33.241+0000][1][safepoint    ] Safepoint "RevokeBias", Time since last: 35597 ns, Reaching safepoint: 82317 ns, At safepoint: 23796 ns, Total: 106113 ns
[2020-09-11T14:12:33.258+0000][1][safepoint    ] Safepoint "RevokeBias", Time since last: 8275893 ns, Reaching safepoint: 8612933 ns, At safepoint: 19529 ns, Total: 8632462 ns
[2020-09-11T14:12:33.260+0000][1][safepoint    ] Safepoint "RevokeBias", Time since last: 1823267 ns, Reaching safepoint: 84108 ns, At safepoint: 11470 ns, Total: 95578 ns
[2020-09-11T14:12:33.260+0000][1][safepoint    ] Safepoint "RevokeBias", Time since last: 31157 ns, Reaching safepoint: 80824 ns, At safepoint: 10050 ns, Total: 90874 ns
[2020-09-11T14:12:33.281+0000][1][safepoint    ] Safepoint "RevokeBias", Time since last: 11900085 ns, Reaching safepoint: 8972984 ns, At safepoint: 42256 ns, Total: 9015240 ns
[2020-09-11T14:12:33.281+0000][1][safepoint    ] Safepoint "RevokeBias", Time since last: 674861 ns, Reaching safepoint: 88315 ns, At safepoint: 24135 ns, Total: 112450 ns
[2020-09-11T14:12:33.281+0000][1][safepoint    ] Safepoint "RevokeBias", Time since last: 31544 ns, Reaching safepoint: 82402 ns, At safepoint: 23180 ns, Total: 105582 ns
[2020-09-11T14:12:33.282+0000][1][safepoint    ] Safepoint "RevokeBias", Time since last: 28786 ns, Reaching safepoint: 81615 ns, At safepoint: 21663 ns, Total: 103278 ns
[2020-09-11T14:12:33.284+0000][1][safepoint    ] Safepoint "RevokeBias", Time since last: 1798276 ns, Reaching safepoint: 83829 ns, At safepoint: 20014 ns, Total: 103843 ns
[2020-09-11T14:12:33.284+0000][1][safepoint    ] Safepoint "RevokeBias", Time since last: 30188 ns, Reaching safepoint: 81378 ns, At safepoint: 19091 ns, Total: 100469 ns
[2020-09-11T14:12:33.284+0000][1][safepoint    ] Safepoint "RevokeBias", Time since last: 27314 ns, Reaching safepoint: 80560 ns, At safepoint: 18687 ns, Total: 99247 ns
[2020-09-11T14:12:33.284+0000][1][safepoint    ] Safepoint "RevokeBias", Time since last: 26610 ns, Reaching safepoint: 83268 ns, At safepoint: 24639 ns, Total: 107907 ns
[2020-09-11T14:12:33.284+0000][1][safepoint    ] Safepoint "RevokeBias", Time since last: 29684 ns, Reaching safepoint: 81806 ns, At safepoint: 24992 ns, Total: 106798 ns
[2020-09-11T14:12:33.284+0000][1][safepoint    ] Safepoint "RevokeBias", Time since last: 27136 ns, Reaching safepoint: 81399 ns, At safepoint: 23917 ns, Total: 105316 ns
[2020-09-11T14:12:33.284+0000][1][safepoint    ] Safepoint "RevokeBias", Time since last: 26612 ns, Reaching safepoint: 81812 ns, At safepoint: 25134 ns, Total: 106946 ns
[2020-09-11T14:12:33.284+0000][1][safepoint    ] Safepoint "RevokeBias", Time since last: 26388 ns, Reaching safepoint: 81079 ns, At safepoint: 23916 ns, Total: 104995 ns
[2020-09-11T14:12:33.285+0000][1][safepoint    ] Safepoint "RevokeBias", Time since last: 27057 ns, Reaching safepoint: 81398 ns, At safepoint: 23554 ns, Total: 104952 ns
[2020-09-11T14:12:33.285+0000][1][safepoint    ] Safepoint "RevokeBias", Time since last: 26615 ns, Reaching safepoint: 81388 ns, At safepoint: 23616 ns, Total: 105004 ns
[2020-09-11T14:12:33.285+0000][1][safepoint    ] Safepoint "RevokeBias", Time since last: 26599 ns, Reaching safepoint: 81003 ns, At safepoint: 23485 ns, Total: 104488 ns
[2020-09-11T14:12:33.285+0000][1][safepoint    ] Safepoint "RevokeBias", Time since last: 26762 ns, Reaching safepoint: 81192 ns, At safepoint: 22773 ns, Total: 103965 ns
[2020-09-11T14:12:33.285+0000][1][safepoint    ] Safepoint "RevokeBias", Time since last: 26509 ns, Reaching safepoint: 81438 ns, At safepoint: 21061 ns, Total: 102499 ns
[2020-09-11T14:12:33.288+0000][1][safepoint    ] Safepoint "BulkRevokeBias", Time since last: 26844 ns, Reaching safepoint: 2301218 ns, At safepoint: 83569 ns, Total: 2384787 ns
[2020-09-11T14:12:33.288+0000][1][safepoint    ] Safepoint "RevokeBias", Time since last: 235574 ns, Reaching safepoint: 86467 ns, At safepoint: 26403 ns, Total: 112870 ns
[2020-09-11T14:12:33.288+0000][1][safepoint    ] Safepoint "RevokeBias", Time since last: 47944 ns, Reaching safepoint: 81805 ns, At safepoint: 20969 ns, Total: 102774 ns
[2020-09-11T14:12:33.292+0000][1][safepoint    ] Safepoint "RevokeBias", Time since last: 3436572 ns, Reaching safepoint: 118212 ns, At safepoint: 41486 ns, Total: 159698 ns
[2020-09-11T14:12:33.292+0000][1][safepoint    ] Safepoint "RevokeBias", Time since last: 78985 ns, Reaching safepoint: 83295 ns, At safepoint: 22571 ns, Total: 105866 ns
[2020-09-11T14:12:33.307+0000][1][safepoint    ] Safepoint "RevokeBias", Time since last: 11643654 ns, Reaching safepoint: 3993734 ns, At safepoint: 42086 ns, Total: 4035820 ns
[2020-09-11T14:12:33.308+0000][1][safepoint    ] Safepoint "RevokeBias", Time since last: 257975 ns, Reaching safepoint: 87950 ns, At safepoint: 26567 ns, Total: 114517 ns
[2020-09-11T14:12:33.308+0000][1][safepoint    ] Safepoint "RevokeBias", Time since last: 71128 ns, Reaching safepoint: 82874 ns, At safepoint: 22832 ns, Total: 105706 ns
[2020-09-11T14:12:33.308+0000][1][safepoint    ] Safepoint "RevokeBias", Time since last: 115226 ns, Reaching safepoint: 83948 ns, At safepoint: 21952 ns, Total: 105900 ns
[2020-09-11T14:12:33.308+0000][1][safepoint    ] Safepoint "RevokeBias", Time since last: 46409 ns, Reaching safepoint: 83223 ns, At safepoint: 22642 ns, Total: 105865 ns
[2020-09-11T14:12:33.309+0000][1][safepoint    ] Safepoint "RevokeBias", Time since last: 28643 ns, Reaching safepoint: 81386 ns, At safepoint: 21815 ns, Total: 103201 ns
[2020-09-11T14:12:33.315+0000][1][safepoint    ] Safepoint "RevokeBias", Time since last: 43214 ns, Reaching safepoint: 6743766 ns, At safepoint: 48450 ns, Total: 6792216 ns
[2020-09-11T14:12:33.316+0000][1][safepoint    ] Safepoint "RevokeBias", Time since last: 301272 ns, Reaching safepoint: 86076 ns, At safepoint: 28157 ns, Total: 114233 ns
[2020-09-11T14:12:33.316+0000][1][safepoint    ] Safepoint "RevokeBias", Time since last: 140567 ns, Reaching safepoint: 82281 ns, At safepoint: 22466 ns, Total: 104747 ns
[2020-09-11T14:12:33.316+0000][1][safepoint    ] Safepoint "RevokeBias", Time since last: 347582 ns, Reaching safepoint: 82764 ns, At safepoint: 22008 ns, Total: 104772 ns
[2020-09-11T14:12:33.320+0000][1][safepoint    ] Safepoint "RevokeBias", Time since last: 3422473 ns, Reaching safepoint: 100437 ns, At safepoint: 34209 ns, Total: 134646 ns
[2020-09-11T14:12:33.320+0000][1][safepoint    ] Safepoint "RevokeBias", Time since last: 96507 ns, Reaching safepoint: 82615 ns, At safepoint: 26857 ns, Total: 109472 ns
[2020-09-11T14:12:33.321+0000][1][safepoint    ] Safepoint "BulkRevokeBias", Time since last: 190614 ns, Reaching safepoint: 83922 ns, At safepoint: 64866 ns, Total: 148788 ns
[2020-09-11T14:12:33.354+0000][1][safepoint    ] Safepoint "RevokeBias", Time since last: 22839267 ns, Reaching safepoint: 10553076 ns, At safepoint: 35241 ns, Total: 10588317 ns
[2020-09-11T14:12:33.355+0000][1][safepoint    ] Safepoint "RevokeBias", Time since last: 893897 ns, Reaching safepoint: 91013 ns, At safepoint: 20632 ns, Total: 111645 ns
[2020-09-11T14:12:33.356+0000][1][safepoint    ] Safepoint "RevokeBias", Time since last: 570123 ns, Reaching safepoint: 87995 ns, At safepoint: 17607 ns, Total: 105602 ns
[2020-09-11T14:12:33.356+0000][1][safepoint    ] Safepoint "RevokeBias", Time since last: 35362 ns, Reaching safepoint: 81189 ns, At safepoint: 15268 ns, Total: 96457 ns
[2020-09-11T14:12:33.826+0000][1][safepoint    ] Safepoint "RevokeBias", Time since last: 470464268 ns, Reaching safepoint: 111636 ns, At safepoint: 13426 ns, Total: 125062 ns
[2020-09-11T14:12:33.827+0000][1][safepoint    ] Safepoint "RevokeBias", Time since last: 153114 ns, Reaching safepoint: 81410 ns, At safepoint: 8098 ns, Total: 89508 ns
[2020-09-11T14:12:33.827+0000][1][safepoint    ] Safepoint "RevokeBias", Time since last: 188358 ns, Reaching safepoint: 80967 ns, At safepoint: 7582 ns, Total: 88549 ns
[2020-09-11T14:12:34.508+0000][1][gc,start     ] GC(61) Pause Young (Allocation Failure)
[2020-09-11T14:12:34.509+0000][1][gc,task      ] GC(61) Using 1 workers of 1 for evacuation
[2020-09-11T14:12:34.715+0000][1][gc,age       ] GC(61) Desired survivor size 4358144 bytes, new threshold 2 (max threshold 6)
[2020-09-11T14:12:34.715+0000][1][gc,age       ] GC(61) Age table with threshold 2 (max threshold 6)
[2020-09-11T14:12:34.715+0000][1][gc,age       ] GC(61) - age   1:    2238504 bytes,    2238504 total
[2020-09-11T14:12:34.715+0000][1][gc,age       ] GC(61) - age   2:    2639080 bytes,    4877584 total
[2020-09-11T14:12:34.715+0000][1][gc,heap      ] GC(61) ParNew: 76672K->6184K(76672K)
[2020-09-11T14:12:34.715+0000][1][gc,heap      ] GC(61) CMS: 50184K->54217K(2011968K)
[2020-09-11T14:12:34.715+0000][1][gc,metaspace ] GC(61) Metaspace: 52576K->52576K(1097728K)
[2020-09-11T14:12:34.716+0000][1][gc           ] GC(61) Pause Young (Allocation Failure) 123M->58M(2039M) 207.056ms
[2020-09-11T14:12:34.716+0000][1][gc,cpu       ] GC(61) User=0.07s Sys=0.00s Real=0.21s
[2020-09-11T14:12:34.725+0000][1][safepoint    ] Safepoint "GenCollectForAllocation", Time since last: 681418839 ns, Reaching safepoint: 107562 ns, At safepoint: 216946981 ns, Total: 217054543 ns
[2020-09-11T14:12:36.053+0000][1][safepoint    ] Safepoint "Cleanup", Time since last: 1322018464 ns, Reaching safepoint: 5451747 ns, At safepoint: 13214 ns, Total: 5464961 ns
[2020-09-11T14:12:37.055+0000][1][safepoint    ] Safepoint "Cleanup", Time since last: 1000132975 ns, Reaching safepoint: 2425087 ns, At safepoint: 9723 ns, Total: 2434810 ns
[2020-09-11T14:12:38.060+0000][1][safepoint    ] Safepoint "Cleanup", Time since last: 1002337654 ns, Reaching safepoint: 2007309 ns, At safepoint: 15272 ns, Total: 2022581 ns
[2020-09-11T14:12:38.569+0000][1][gc,start     ] GC(62) Pause Young (Allocation Failure)
[2020-09-11T14:12:38.569+0000][1][gc,task      ] GC(62) Using 1 workers of 1 for evacuation
[2020-09-11T14:12:38.668+0000][1][gc,age       ] GC(62) Desired survivor size 4358144 bytes, new threshold 6 (max threshold 6)
[2020-09-11T14:12:38.668+0000][1][gc,age       ] GC(62) Age table with threshold 6 (max threshold 6)
[2020-09-11T14:12:38.668+0000][1][gc,age       ] GC(62) - age   1:    1765360 bytes,    1765360 total
[2020-09-11T14:12:38.668+0000][1][gc,age       ] GC(62) - age   2:    2197856 bytes,    3963216 total
[2020-09-11T14:12:38.668+0000][1][gc,heap      ] GC(62) ParNew: 74344K->5118K(76672K)
[2020-09-11T14:12:38.668+0000][1][gc,heap      ] GC(62) CMS: 54217K->56905K(2011968K)
[2020-09-11T14:12:38.668+0000][1][gc,metaspace ] GC(62) Metaspace: 60318K->60318K(1103872K)
[2020-09-11T14:12:38.668+0000][1][gc           ] GC(62) Pause Young (Allocation Failure) 125M->60M(2039M) 99.438ms
[2020-09-11T14:12:38.668+0000][1][gc,cpu       ] GC(62) User=0.03s Sys=0.00s Real=0.10s
[2020-09-11T14:12:38.668+0000][1][safepoint    ] Safepoint "GenCollectForAllocation", Time since last: 507749087 ns, Reaching safepoint: 933113 ns, At safepoint: 99920841 ns, Total: 100853954 ns
[2020-09-11T14:12:38.954+0000][1][safepoint    ] Safepoint "CollectForMetadataAllocation", Time since last: 284952336 ns, Reaching safepoint: 134159 ns, At safepoint: 126358 ns, Total: 260517 ns
[2020-09-11T14:12:39.044+0000][1][safepoint    ] Safepoint "CollectForMetadataAllocation", Time since last: 90069606 ns, Reaching safepoint: 125717 ns, At safepoint: 116503 ns, Total: 242220 ns
[2020-09-11T14:12:39.267+0000][1][safepoint    ] Safepoint "RevokeBias", Time since last: 223147699 ns, Reaching safepoint: 366393 ns, At safepoint: 32967 ns, Total: 399360 ns
[2020-09-11T14:12:39.269+0000][1][safepoint    ] Safepoint "RevokeBias", Time since last: 117216 ns, Reaching safepoint: 1698079 ns, At safepoint: 31631 ns, Total: 1729710 ns
[2020-09-11T14:12:39.271+0000][1][safepoint    ] Safepoint "RevokeBias", Time since last: 319930 ns, Reaching safepoint: 1786563 ns, At safepoint: 34214 ns, Total: 1820777 ns
[2020-09-11T14:12:39.275+0000][1][safepoint    ] Safepoint "RevokeBias", Time since last: 2361867 ns, Reaching safepoint: 1604223 ns, At safepoint: 36860 ns, Total: 1641083 ns
[2020-09-11T14:12:39.588+0000][1][safepoint    ] Safepoint "CollectForMetadataAllocation", Time since last: 311950979 ns, Reaching safepoint: 121092 ns, At safepoint: 121663 ns, Total: 242755 ns
[2020-09-11T14:12:39.788+0000][1][safepoint    ] Safepoint "CollectForMetadataAllocation", Time since last: 197252691 ns, Reaching safepoint: 2531371 ns, At safepoint: 139062 ns, Total: 2670433 ns
[2020-09-11T14:12:40.129+0000][1][safepoint    ] Safepoint "CollectForMetadataAllocation", Time since last: 340617475 ns, Reaching safepoint: 325161 ns, At safepoint: 142834 ns, Total: 467995 ns
[2020-09-11T14:12:40.440+0000][1][safepoint    ] Safepoint "CollectForMetadataAllocation", Time since last: 311394564 ns, Reaching safepoint: 137990 ns, At safepoint: 116558 ns, Total: 254548 ns
[2020-09-11T14:12:40.596+0000][1][safepoint    ] Safepoint "RevokeBias", Time since last: 155118570 ns, Reaching safepoint: 118321 ns, At safepoint: 16972 ns, Total: 135293 ns
[2020-09-11T14:12:40.697+0000][1][gc,start     ] GC(63) Pause Initial Mark
[2020-09-11T14:12:40.746+0000][1][gc           ] GC(63) Pause Initial Mark 88M->88M(2039M) 49.668ms
[2020-09-11T14:12:40.746+0000][1][gc,cpu       ] GC(63) User=0.02s Sys=0.00s Real=0.05s
[2020-09-11T14:12:40.777+0000][1][safepoint    ] Safepoint "CMS_Initial_Mark", Time since last: 95884701 ns, Reaching safepoint: 5029973 ns, At safepoint: 80115165 ns, Total: 85145138 ns
[2020-09-11T14:12:40.777+0000][1][gc           ] GC(63) Concurrent Mark
[2020-09-11T14:12:40.929+0000][1][safepoint    ] Safepoint "CollectForMetadataAllocation", Time since last: 151966785 ns, Reaching safepoint: 57941 ns, At safepoint: 133708 ns, Total: 191649 ns
[2020-09-11T14:12:41.091+0000][1][safepoint    ] Safepoint "Deoptimize", Time since last: 156062854 ns, Reaching safepoint: 6172355 ns, At safepoint: 330847 ns, Total: 6503202 ns
[2020-09-11T14:12:41.151+0000][1][gc           ] GC(63) Concurrent Mark 374.581ms
[2020-09-11T14:12:41.151+0000][1][gc,cpu       ] GC(63) User=0.18s Sys=0.01s Real=0.37s
[2020-09-11T14:12:41.151+0000][1][gc           ] GC(63) Concurrent Preclean
[2020-09-11T14:12:41.180+0000][1][safepoint    ] Safepoint "CollectForMetadataAllocation", Time since last: 88076722 ns, Reaching safepoint: 68242 ns, At safepoint: 149849 ns, Total: 218091 ns
[2020-09-11T14:12:41.187+0000][1][gc           ] GC(63) Concurrent Preclean 36.078ms
[2020-09-11T14:12:41.187+0000][1][gc,cpu       ] GC(63) User=0.02s Sys=0.00s Real=0.04s
[2020-09-11T14:12:41.187+0000][1][gc           ] GC(63) Concurrent Abortable Preclean
[2020-09-11T14:12:41.453+0000][1][safepoint    ] Safepoint "CollectForMetadataAllocation", Time since last: 272933002 ns, Reaching safepoint: 53791 ns, At safepoint: 141142 ns, Total: 194933 ns
[2020-09-11T14:12:41.744+0000][1][safepoint    ] Safepoint "RevokeBias", Time since last: 291577459 ns, Reaching safepoint: 117253 ns, At safepoint: 12844 ns, Total: 130097 ns
[2020-09-11T14:12:41.752+0000][1][safepoint    ] Safepoint "RevokeBias", Time since last: 7021973 ns, Reaching safepoint: 60996 ns, At safepoint: 11602 ns, Total: 72598 ns
[2020-09-11T14:12:41.752+0000][1][safepoint    ] Safepoint "RevokeBias", Time since last: 326478 ns, Reaching safepoint: 85570 ns, At safepoint: 10281 ns, Total: 95851 ns
[2020-09-11T14:12:41.752+0000][1][safepoint    ] Safepoint "RevokeBias", Time since last: 56836 ns, Reaching safepoint: 83517 ns, At safepoint: 8366 ns, Total: 91883 ns
[2020-09-11T14:12:41.752+0000][1][safepoint    ] Safepoint "RevokeBias", Time since last: 35599 ns, Reaching safepoint: 82317 ns, At safepoint: 9810 ns, Total: 92127 ns
[2020-09-11T14:12:41.752+0000][1][safepoint    ] Safepoint "RevokeBias", Time since last: 28927 ns, Reaching safepoint: 81815 ns, At safepoint: 10707 ns, Total: 92522 ns
[2020-09-11T14:12:41.753+0000][1][safepoint    ] Safepoint "RevokeBias", Time since last: 93853 ns, Reaching safepoint: 82634 ns, At safepoint: 9449 ns, Total: 92083 ns
[2020-09-11T14:12:41.753+0000][1][safepoint    ] Safepoint "BulkRevokeBias", Time since last: 56414 ns, Reaching safepoint: 81970 ns, At safepoint: 75915 ns, Total: 157885 ns
[2020-09-11T14:12:41.893+0000][1][safepoint    ] Safepoint "CollectForMetadataAllocation", Time since last: 127478337 ns, Reaching safepoint: 12916108 ns, At safepoint: 152882 ns, Total: 13068990 ns
[2020-09-11T14:12:42.300+0000][1][safepoint    ] Safepoint "CollectForMetadataAllocation", Time since last: 406089874 ns, Reaching safepoint: 71614 ns, At safepoint: 158348 ns, Total: 229962 ns
[2020-09-11T14:12:42.378+0000][1][safepoint    ] Safepoint "RevokeBias", Time since last: 78033775 ns, Reaching safepoint: 115214 ns, At safepoint: 49341 ns, Total: 164555 ns
[2020-09-11T14:12:42.408+0000][1][safepoint    ] Safepoint "RevokeBias", Time since last: 13595932 ns, Reaching safepoint: 16105323 ns, At safepoint: 46648 ns, Total: 16151971 ns
[2020-09-11T14:12:42.416+0000][1][safepoint    ] Safepoint "RevokeBias", Time since last: 1890598 ns, Reaching safepoint: 6308777 ns, At safepoint: 45540 ns, Total: 6354317 ns
[2020-09-11T14:12:42.590+0000][1][safepoint    ] Safepoint "CollectForMetadataAllocation", Time since last: 174384778 ns, Reaching safepoint: 112332 ns, At safepoint: 125395 ns, Total: 237727 ns
[2020-09-11T14:12:42.732+0000][1][safepoint    ] Safepoint "CollectForMetadataAllocation", Time since last: 127052778 ns, Reaching safepoint: 13851859 ns, At safepoint: 176830 ns, Total: 14028689 ns
[2020-09-11T14:12:42.800+0000][1][safepoint    ] Safepoint "CollectForMetadataAllocation", Time since last: 67888829 ns, Reaching safepoint: 105696 ns, At safepoint: 131169 ns, Total: 236865 ns
[2020-09-11T14:12:42.962+0000][1][safepoint    ] Safepoint "CollectForMetadataAllocation", Time since last: 161701591 ns, Reaching safepoint: 142390 ns, At safepoint: 162763 ns, Total: 305153 ns
[2020-09-11T14:12:43.071+0000][1][safepoint    ] Safepoint "RevokeBias", Time since last: 101826327 ns, Reaching safepoint: 7361674 ns, At safepoint: 13873 ns, Total: 7375547 ns
[2020-09-11T14:12:43.157+0000][1][safepoint    ] Safepoint "CollectForMetadataAllocation", Time since last: 85639964 ns, Reaching safepoint: 99441 ns, At safepoint: 133682 ns, Total: 233123 ns
[2020-09-11T14:12:43.309+0000][1][safepoint    ] Safepoint "CollectForMetadataAllocation", Time since last: 152009248 ns, Reaching safepoint: 104780 ns, At safepoint: 151509 ns, Total: 256289 ns
[2020-09-11T14:12:43.490+0000][1][safepoint    ] Safepoint "CollectForMetadataAllocation", Time since last: 180597078 ns, Reaching safepoint: 781801 ns, At safepoint: 78323 ns, Total: 860124 ns
[2020-09-11T14:12:43.591+0000][1][gc,start     ] GC(64) Pause Young (Allocation Failure)
[2020-09-11T14:12:43.592+0000][1][gc,task      ] GC(64) Using 1 workers of 1 for evacuation
[2020-09-11T14:12:43.676+0000][1][gc,age       ] GC(64) Desired survivor size 4358144 bytes, new threshold 2 (max threshold 6)
[2020-09-11T14:12:43.676+0000][1][gc,age       ] GC(64) Age table with threshold 2 (max threshold 6)
[2020-09-11T14:12:43.676+0000][1][gc,age       ] GC(64) - age   1:    3523200 bytes,    3523200 total
[2020-09-11T14:12:43.676+0000][1][gc,age       ] GC(64) - age   2:    1458656 bytes,    4981856 total
[2020-09-11T14:12:43.676+0000][1][gc,age       ] GC(64) - age   3:    2158576 bytes,    7140432 total
[2020-09-11T14:12:43.676+0000][1][gc,heap      ] GC(64) ParNew: 73278K->8364K(76672K)
[2020-09-11T14:12:43.676+0000][1][gc,heap      ] GC(64) CMS: 56905K->56905K(2011968K)
[2020-09-11T14:12:43.676+0000][1][gc,metaspace ] GC(64) Metaspace: 66433K->66433K(1110016K)
[2020-09-11T14:12:43.676+0000][1][gc           ] GC(64) Pause Young (Allocation Failure) 127M->63M(2039M) 84.377ms
[2020-09-11T14:12:43.676+0000][1][gc,cpu       ] GC(64) User=0.04s Sys=0.00s Real=0.09s
[2020-09-11T14:12:43.687+0000][1][safepoint    ] Safepoint "GenCollectForAllocation", Time since last: 100940169 ns, Reaching safepoint: 71528 ns, At safepoint: 95929099 ns, Total: 96000627 ns
[2020-09-11T14:12:43.812+0000][1][safepoint    ] Safepoint "CollectForMetadataAllocation", Time since last: 124037924 ns, Reaching safepoint: 64188 ns, At safepoint: 149515 ns, Total: 213703 ns
[2020-09-11T14:12:43.971+0000][1][safepoint    ] Safepoint "CollectForMetadataAllocation", Time since last: 148441488 ns, Reaching safepoint: 10556183 ns, At safepoint: 94887 ns, Total: 10651070 ns
[2020-09-11T14:12:44.252+0000][1][safepoint    ] Safepoint "CollectForMetadataAllocation", Time since last: 272669614 ns, Reaching safepoint: 8055081 ns, At safepoint: 108251 ns, Total: 8163332 ns
[2020-09-11T14:12:44.369+0000][1][safepoint    ] Safepoint "CollectForMetadataAllocation", Time since last: 116915301 ns, Reaching safepoint: 67288 ns, At safepoint: 156232 ns, Total: 223520 ns
[2020-09-11T14:12:44.504+0000][1][safepoint    ] Safepoint "CollectForMetadataAllocation", Time since last: 134832349 ns, Reaching safepoint: 48435 ns, At safepoint: 137670 ns, Total: 186105 ns
[2020-09-11T14:12:44.568+0000][1][safepoint    ] Safepoint "CollectForMetadataAllocation", Time since last: 63673607 ns, Reaching safepoint: 747977 ns, At safepoint: 143401 ns, Total: 891378 ns
[2020-09-11T14:12:44.592+0000][1][safepoint    ] Safepoint "Deoptimize", Time since last: 23136419 ns, Reaching safepoint: 528202 ns, At safepoint: 380228 ns, Total: 908430 ns
[2020-09-11T14:12:44.637+0000][1][safepoint    ] Safepoint "Deoptimize", Time since last: 44171110 ns, Reaching safepoint: 102553 ns, At safepoint: 312611 ns, Total: 415164 ns
[2020-09-11T14:12:44.656+0000][1][safepoint    ] Safepoint "CollectForMetadataAllocation", Time since last: 18477927 ns, Reaching safepoint: 58506 ns, At safepoint: 152170 ns, Total: 210676 ns
[2020-09-11T14:12:44.903+0000][1][safepoint    ] Safepoint "CollectForMetadataAllocation", Time since last: 232143689 ns, Reaching safepoint: 14593346 ns, At safepoint: 132147 ns, Total: 14725493 ns
[2020-09-11T14:12:45.032+0000][1][safepoint    ] Safepoint "CollectForMetadataAllocation", Time since last: 129170245 ns, Reaching safepoint: 66393 ns, At safepoint: 71461 ns, Total: 137854 ns
[2020-09-11T14:12:45.099+0000][1][safepoint    ] Safepoint "RevokeBias", Time since last: 59064441 ns, Reaching safepoint: 7769837 ns, At safepoint: 25076 ns, Total: 7794913 ns
[2020-09-11T14:12:45.099+0000][1][safepoint    ] Safepoint "RevokeBias", Time since last: 483656 ns, Reaching safepoint: 14159 ns, At safepoint: 18612 ns, Total: 32771 ns
[2020-09-11T14:12:45.102+0000][1][safepoint    ] Safepoint "RevokeBias", Time since last: 2853151 ns, Reaching safepoint: 100072 ns, At safepoint: 24445 ns, Total: 124517 ns
[2020-09-11T14:12:45.108+0000][1][safepoint    ] Safepoint "RevokeBias", Time since last: 5726889 ns, Reaching safepoint: 104873 ns, At safepoint: 26525 ns, Total: 131398 ns
[2020-09-11T14:12:45.108+0000][1][safepoint    ] Safepoint "RevokeBias", Time since last: 62904 ns, Reaching safepoint: 84258 ns, At safepoint: 18294 ns, Total: 102552 ns
[2020-09-11T14:12:45.109+0000][1][safepoint    ] Safepoint "RevokeBias", Time since last: 339430 ns, Reaching safepoint: 81934 ns, At safepoint: 16848 ns, Total: 98782 ns
[2020-09-11T14:12:45.109+0000][1][safepoint    ] Safepoint "RevokeBias", Time since last: 140886 ns, Reaching safepoint: 83900 ns, At safepoint: 16624 ns, Total: 100524 ns
[2020-09-11T14:12:45.109+0000][1][safepoint    ] Safepoint "RevokeBias", Time since last: 35266 ns, Reaching safepoint: 82395 ns, At safepoint: 16075 ns, Total: 98470 ns
[2020-09-11T14:12:45.110+0000][1][safepoint    ] Safepoint "RevokeBias", Time since last: 423282 ns, Reaching safepoint: 82351 ns, At safepoint: 16996 ns, Total: 99347 ns
[2020-09-11T14:12:45.129+0000][1][safepoint    ] Safepoint "RevokeBias", Time since last: 18972604 ns, Reaching safepoint: 53212 ns, At safepoint: 22143 ns, Total: 75355 ns
[2020-09-11T14:12:45.129+0000][1][safepoint    ] Safepoint "RevokeBias", Time since last: 100840 ns, Reaching safepoint: 81553 ns, At safepoint: 18457 ns, Total: 100010 ns
[2020-09-11T14:12:45.140+0000][1][safepoint    ] Safepoint "Deoptimize", Time since last: 11255141 ns, Reaching safepoint: 45274 ns, At safepoint: 332516 ns, Total: 377790 ns
[2020-09-11T14:12:45.224+0000][1][safepoint    ] Safepoint "RevokeBias", Time since last: 72345825 ns, Reaching safepoint: 11178894 ns, At safepoint: 39768 ns, Total: 11218662 ns
[2020-09-11T14:12:45.224+0000][1][safepoint    ] Safepoint "RevokeBias", Time since last: 146041 ns, Reaching safepoint: 96783 ns, At safepoint: 31665 ns, Total: 128448 ns
[2020-09-11T14:12:45.224+0000][1][safepoint    ] Safepoint "RevokeBias", Time since last: 69441 ns, Reaching safepoint: 81800 ns, At safepoint: 28398 ns, Total: 110198 ns
[2020-09-11T14:12:45.244+0000][1][safepoint    ] Safepoint "RevokeBias", Time since last: 18997263 ns, Reaching safepoint: 133230 ns, At safepoint: 46333 ns, Total: 179563 ns
[2020-09-11T14:12:45.244+0000][1][safepoint    ] Safepoint "RevokeBias", Time since last: 78734 ns, Reaching safepoint: 82811 ns, At safepoint: 21184 ns, Total: 103995 ns
[2020-09-11T14:12:45.244+0000][1][safepoint    ] Safepoint "RevokeBias", Time since last: 40664 ns, Reaching safepoint: 82205 ns, At safepoint: 19927 ns, Total: 102132 ns
[2020-09-11T14:12:45.244+0000][1][safepoint    ] Safepoint "RevokeBias", Time since last: 36087 ns, Reaching safepoint: 82502 ns, At safepoint: 18699 ns, Total: 101201 ns
[2020-09-11T14:12:45.244+0000][1][safepoint    ] Safepoint "RevokeBias", Time since last: 36104 ns, Reaching safepoint: 80439 ns, At safepoint: 12861 ns, Total: 93300 ns
[2020-09-11T14:12:45.245+0000][1][safepoint    ] Safepoint "RevokeBias", Time since last: 412041 ns, Reaching safepoint: 83416 ns, At safepoint: 12535 ns, Total: 95951 ns
[2020-09-11T14:12:45.291+0000][1][safepoint    ] Safepoint "RevokeBias", Time since last: 39823379 ns, Reaching safepoint: 6810355 ns, At safepoint: 78020 ns, Total: 6888375 ns
[2020-09-11T14:12:45.304+0000][1][safepoint    ] Safepoint "RevokeBias", Time since last: 12110869 ns, Reaching safepoint: 109074 ns, At safepoint: 33776 ns, Total: 142850 ns
[2020-09-11T14:12:45.304+0000][1][safepoint    ] Safepoint "RevokeBias", Time since last: 78346 ns, Reaching safepoint: 84197 ns, At safepoint: 22304 ns, Total: 106501 ns
[2020-09-11T14:12:45.304+0000][1][safepoint    ] Safepoint "RevokeBias", Time since last: 94104 ns, Reaching safepoint: 83877 ns, At safepoint: 26124 ns, Total: 110001 ns
[2020-09-11T14:12:45.304+0000][1][safepoint    ] Safepoint "RevokeBias", Time since last: 30188 ns, Reaching safepoint: 81545 ns, At safepoint: 24231 ns, Total: 105776 ns
[2020-09-11T14:12:45.305+0000][1][safepoint    ] Safepoint "CollectForMetadataAllocation", Time since last: 652711 ns, Reaching safepoint: 83734 ns, At safepoint: 123725 ns, Total: 207459 ns
[2020-09-11T14:12:45.349+0000][1][safepoint    ] Safepoint "RevokeBias", Time since last: 6370469 ns, Reaching safepoint: 37219163 ns, At safepoint: 59624 ns, Total: 37278787 ns
[2020-09-11T14:12:45.361+0000][1][safepoint    ] Safepoint "RevokeBias", Time since last: 10817986 ns, Reaching safepoint: 1092104 ns, At safepoint: 29139 ns, Total: 1121243 ns
[2020-09-11T14:12:45.361+0000][1][safepoint    ] Safepoint "RevokeBias", Time since last: 59769 ns, Reaching safepoint: 15511 ns, At safepoint: 15690 ns, Total: 31201 ns
[2020-09-11T14:12:45.368+0000][1][safepoint    ] Safepoint "RevokeBias", Time since last: 6694599 ns, Reaching safepoint: 50732 ns, At safepoint: 32135 ns, Total: 82867 ns
[2020-09-11T14:12:45.368+0000][1][safepoint    ] Safepoint "RevokeBias", Time since last: 77363 ns, Reaching safepoint: 18425 ns, At safepoint: 15335 ns, Total: 33760 ns
[2020-09-11T14:12:45.388+0000][1][safepoint    ] Safepoint "RevokeBias", Time since last: 19875710 ns, Reaching safepoint: 121384 ns, At safepoint: 55537 ns, Total: 176921 ns
[2020-09-11T14:12:45.512+0000][1][safepoint    ] Safepoint "RevokeBias", Time since last: 92969807 ns, Reaching safepoint: 31657167 ns, At safepoint: 191371 ns, Total: 31848538 ns
[2020-09-11T14:12:45.532+0000][1][safepoint    ] Safepoint "CollectForMetadataAllocation", Time since last: 19028185 ns, Reaching safepoint: 922712 ns, At safepoint: 13506 ns, Total: 936218 ns
[2020-09-11T14:12:45.563+0000][1][safepoint    ] Safepoint "RevokeBias", Time since last: 27645901 ns, Reaching safepoint: 3343620 ns, At safepoint: 46048 ns, Total: 3389668 ns
[2020-09-11T14:12:45.617+0000][1][safepoint    ] Safepoint "RevokeBias", Time since last: 23233104 ns, Reaching safepoint: 29814325 ns, At safepoint: 47709 ns, Total: 29862034 ns
[2020-09-11T14:12:45.617+0000][1][safepoint    ] Safepoint "RevokeBias", Time since last: 71061 ns, Reaching safepoint: 95326 ns, At safepoint: 19948 ns, Total: 115274 ns
[2020-09-11T14:12:45.617+0000][1][safepoint    ] Safepoint "RevokeBias", Time since last: 141260 ns, Reaching safepoint: 93236 ns, At safepoint: 18609 ns, Total: 111845 ns
[2020-09-11T14:12:45.617+0000][1][safepoint    ] Safepoint "RevokeBias", Time since last: 331757 ns, Reaching safepoint: 93120 ns, At safepoint: 35429 ns, Total: 128549 ns
[2020-09-11T14:12:45.618+0000][1][safepoint    ] Safepoint "RevokeBias", Time since last: 92303 ns, Reaching safepoint: 92968 ns, At safepoint: 17761 ns, Total: 110729 ns
[2020-09-11T14:12:45.620+0000][1][safepoint    ] Safepoint "RevokeBias", Time since last: 2330377 ns, Reaching safepoint: 98734 ns, At safepoint: 28423 ns, Total: 127157 ns
[2020-09-11T14:12:45.621+0000][1][safepoint    ] Safepoint "RevokeBias", Time since last: 601136 ns, Reaching safepoint: 97374 ns, At safepoint: 25520 ns, Total: 122894 ns
[2020-09-11T14:12:45.621+0000][1][safepoint    ] Safepoint "RevokeBias", Time since last: 194466 ns, Reaching safepoint: 91626 ns, At safepoint: 32944 ns, Total: 124570 ns
[2020-09-11T14:12:45.625+0000][1][safepoint    ] Safepoint "BulkRevokeBias", Time since last: 3721546 ns, Reaching safepoint: 99815 ns, At safepoint: 102798 ns, Total: 202613 ns
[2020-09-11T14:12:45.626+0000][1][safepoint    ] Safepoint "RevokeBias", Time since last: 660392 ns, Reaching safepoint: 89627 ns, At safepoint: 35779 ns, Total: 125406 ns
[2020-09-11T14:12:45.652+0000][1][safepoint    ] Safepoint "RevokeBias", Time since last: 10547949 ns, Reaching safepoint: 15012353 ns, At safepoint: 86778 ns, Total: 15099131 ns
[2020-09-11T14:12:45.653+0000][1][safepoint    ] Safepoint "RevokeBias", Time since last: 91048 ns, Reaching safepoint: 1099770 ns, At safepoint: 41014 ns, Total: 1140784 ns
[2020-09-11T14:12:45.720+0000][1][safepoint    ] Safepoint "RevokeBias", Time since last: 45484969 ns, Reaching safepoint: 22056269 ns, At safepoint: 45524 ns, Total: 22101793 ns
[2020-09-11T14:12:45.788+0000][1][safepoint    ] Safepoint "CollectForMetadataAllocation", Time since last: 22092084 ns, Reaching safepoint: 45230581 ns, At safepoint: 142408 ns, Total: 45372989 ns
[2020-09-11T14:12:45.971+0000][1][safepoint    ] Safepoint "RevokeBias", Time since last: 155209364 ns, Reaching safepoint: 27444253 ns, At safepoint: 140948 ns, Total: 27585201 ns
[2020-09-11T14:12:45.971+0000][1][safepoint    ] Safepoint "RevokeBias", Time since last: 87434 ns, Reaching safepoint: 31273 ns, At safepoint: 50674 ns, Total: 81947 ns
[2020-09-11T14:12:45.971+0000][1][safepoint    ] Safepoint "RevokeBias", Time since last: 36807 ns, Reaching safepoint: 24917 ns, At safepoint: 43952 ns, Total: 68869 ns
[2020-09-11T14:12:45.971+0000][1][safepoint    ] Safepoint "RevokeBias", Time since last: 34347 ns, Reaching safepoint: 22438 ns, At safepoint: 41480 ns, Total: 63918 ns
[2020-09-11T14:12:45.971+0000][1][safepoint    ] Safepoint "RevokeBias", Time since last: 30126 ns, Reaching safepoint: 21042 ns, At safepoint: 40018 ns, Total: 61060 ns
[2020-09-11T14:12:45.974+0000][1][safepoint    ] Safepoint "RevokeBias", Time since last: 250671 ns, Reaching safepoint: 23181 ns, At safepoint: 2720566 ns, Total: 2743747 ns
[2020-09-11T14:12:45.974+0000][1][safepoint    ] Safepoint "RevokeBias", Time since last: 43541 ns, Reaching safepoint: 24175 ns, At safepoint: 54762 ns, Total: 78937 ns
[2020-09-11T14:12:45.974+0000][1][safepoint    ] Safepoint "RevokeBias", Time since last: 47818 ns, Reaching safepoint: 21120 ns, At safepoint: 39142 ns, Total: 60262 ns
[2020-09-11T14:12:46.061+0000][1][safepoint    ] Safepoint "CollectForMetadataAllocation", Time since last: 86790248 ns, Reaching safepoint: 124653 ns, At safepoint: 147883 ns, Total: 272536 ns
[2020-09-11T14:12:46.061+0000][1][gc           ] GC(63) Concurrent Abortable Preclean 4873.978ms
[2020-09-11T14:12:46.061+0000][1][gc,cpu       ] GC(63) User=2.05s Sys=0.02s Real=4.87s
[2020-09-11T14:12:46.062+0000][1][safepoint    ] Safepoint "CollectForMetadataAllocation", Time since last: 93638 ns, Reaching safepoint: 97098 ns, At safepoint: 6540 ns, Total: 103638 ns
[2020-09-11T14:12:46.062+0000][1][gc,start     ] GC(63) Pause Remark
[2020-09-11T14:12:46.141+0000][1][gc           ] GC(63) Pause Remark 123M->123M(2039M) 78.781ms
[2020-09-11T14:12:46.141+0000][1][gc,cpu       ] GC(63) User=0.03s Sys=0.00s Real=0.08s
[2020-09-11T14:12:46.173+0000][1][safepoint    ] Safepoint "CMS_Final_Remark", Time since last: 746060 ns, Reaching safepoint: 95286 ns, At safepoint: 110952634 ns, Total: 111047920 ns
[2020-09-11T14:12:46.174+0000][1][safepoint    ] Safepoint "RevokeBias", Time since last: 52469 ns, Reaching safepoint: 671677 ns, At safepoint: 24521 ns, Total: 696198 ns
[2020-09-11T14:12:46.175+0000][1][gc           ] GC(63) Concurrent Sweep
[2020-09-11T14:12:46.208+0000][1][safepoint    ] Safepoint "CollectForMetadataAllocation", Time since last: 21297187 ns, Reaching safepoint: 12148159 ns, At safepoint: 10999 ns, Total: 12159158 ns
[2020-09-11T14:12:46.275+0000][1][safepoint    ] Safepoint "CollectForMetadataAllocation", Time since last: 61755533 ns, Reaching safepoint: 5915783 ns, At safepoint: 175990 ns, Total: 6091773 ns
[2020-09-11T14:12:46.329+0000][1][safepoint    ] Safepoint "RevokeBias", Time since last: 31049961 ns, Reaching safepoint: 22682997 ns, At safepoint: 81519 ns, Total: 22764516 ns
[2020-09-11T14:12:46.330+0000][1][safepoint    ] Safepoint "RevokeBias", Time since last: 75503 ns, Reaching safepoint: 988312 ns, At safepoint: 45546 ns, Total: 1033858 ns
[2020-09-11T14:12:46.331+0000][1][safepoint    ] Safepoint "RevokeBias", Time since last: 45446 ns, Reaching safepoint: 725891 ns, At safepoint: 76879 ns, Total: 802770 ns
[2020-09-11T14:12:46.331+0000][1][safepoint    ] Safepoint "RevokeBias", Time since last: 70659 ns, Reaching safepoint: 100921 ns, At safepoint: 59138 ns, Total: 160059 ns
[2020-09-11T14:12:46.428+0000][1][safepoint    ] Safepoint "CollectForMetadataAllocation", Time since last: 84531706 ns, Reaching safepoint: 11482996 ns, At safepoint: 117739 ns, Total: 11600735 ns
[2020-09-11T14:12:46.442+0000][1][gc           ] GC(63) Concurrent Sweep 266.887ms
[2020-09-11T14:12:46.442+0000][1][gc,cpu       ] GC(63) User=0.08s Sys=0.00s Real=0.26s
[2020-09-11T14:12:46.442+0000][1][gc           ] GC(63) Concurrent Reset
[2020-09-11T14:12:46.516+0000][1][gc           ] GC(63) Concurrent Reset 73.340ms
[2020-09-11T14:12:46.516+0000][1][gc,cpu       ] GC(63) User=0.03s Sys=0.00s Real=0.08s
[2020-09-11T14:12:46.516+0000][1][gc,heap      ] GC(63) Old: 56905K->55977K(2011968K)
[2020-09-11T14:12:46.657+0000][1][safepoint    ] Safepoint "RevokeBias", Time since last: 228395620 ns, Reaching safepoint: 864390 ns, At safepoint: 32167 ns, Total: 896557 ns
[2020-09-11T14:12:46.666+0000][1][safepoint    ] Safepoint "RevokeBias", Time since last: 8232143 ns, Reaching safepoint: 582652 ns, At safepoint: 37466 ns, Total: 620118 ns
[2020-09-11T14:12:46.669+0000][1][safepoint    ] Safepoint "RevokeBias", Time since last: 1381226 ns, Reaching safepoint: 2016501 ns, At safepoint: 53359 ns, Total: 2069860 ns
[2020-09-11T14:12:46.681+0000][1][safepoint    ] Safepoint "Deoptimize", Time since last: 9929034 ns, Reaching safepoint: 80131 ns, At safepoint: 2035991 ns, Total: 2116122 ns
[2020-09-11T14:12:47.133+0000][1][gc,start     ] GC(65) Pause Young (Allocation Failure)
[2020-09-11T14:12:47.133+0000][1][gc,task      ] GC(65) Using 1 workers of 1 for evacuation
[2020-09-11T14:12:47.309+0000][1][gc,age       ] GC(65) Desired survivor size 4358144 bytes, new threshold 2 (max threshold 6)
[2020-09-11T14:12:47.309+0000][1][gc,age       ] GC(65) Age table with threshold 2 (max threshold 6)
[2020-09-11T14:12:47.309+0000][1][gc,age       ] GC(65) - age   1:    1525960 bytes,    1525960 total
[2020-09-11T14:12:47.309+0000][1][gc,age       ] GC(65) - age   2:    3452312 bytes,    4978272 total
[2020-09-11T14:12:47.309+0000][1][gc,heap      ] GC(65) ParNew: 76524K->6275K(76672K)
[2020-09-11T14:12:47.309+0000][1][gc,heap      ] GC(65) CMS: 55977K->92324K(2011968K)
[2020-09-11T14:12:47.309+0000][1][gc,metaspace ] GC(65) Metaspace: 72068K->72068K(1116160K)
[2020-09-11T14:12:47.309+0000][1][gc           ] GC(65) Pause Young (Allocation Failure) 129M->96M(2039M) 175.829ms
[2020-09-11T14:12:47.309+0000][1][gc,cpu       ] GC(65) User=0.06s Sys=0.00s Real=0.18s
[2020-09-11T14:12:47.337+0000][1][safepoint    ] Safepoint "GenCollectForAllocation", Time since last: 451590058 ns, Reaching safepoint: 111652 ns, At safepoint: 204458933 ns, Total: 204570585 ns
[2020-09-11T14:12:47.428+0000][1][safepoint    ] Safepoint "RevokeBias", Time since last: 90058285 ns, Reaching safepoint: 125160 ns, At safepoint: 39158 ns, Total: 164318 ns
[2020-09-11T14:12:47.429+0000][1][safepoint    ] Safepoint "RevokeBias", Time since last: 1277324 ns, Reaching safepoint: 98091 ns, At safepoint: 31771 ns, Total: 129862 ns
[2020-09-11T14:12:47.430+0000][1][safepoint    ] Safepoint "RevokeBias", Time since last: 776560 ns, Reaching safepoint: 93463 ns, At safepoint: 29363 ns, Total: 122826 ns
[2020-09-11T14:12:47.430+0000][1][safepoint    ] Safepoint "RevokeBias", Time since last: 39795 ns, Reaching safepoint: 83718 ns, At safepoint: 23769 ns, Total: 107487 ns
[2020-09-11T14:12:47.444+0000][1][safepoint    ] Safepoint "RevokeBias", Time since last: 14250592 ns, Reaching safepoint: 117191 ns, At safepoint: 38160 ns, Total: 155351 ns
[2020-09-11T14:12:47.445+0000][1][safepoint    ] Safepoint "RevokeBias", Time since last: 441757 ns, Reaching safepoint: 91732 ns, At safepoint: 27342 ns, Total: 119074 ns
[2020-09-11T14:12:47.472+0000][1][safepoint    ] Safepoint "RevokeBias", Time since last: 25480897 ns, Reaching safepoint: 964198 ns, At safepoint: 85347 ns, Total: 1049545 ns
[2020-09-11T14:12:47.492+0000][1][safepoint    ] Safepoint "RevokeBias", Time since last: 19892984 ns, Reaching safepoint: 118196 ns, At safepoint: 37374 ns, Total: 155570 ns
[2020-09-11T14:12:47.538+0000][1][safepoint    ] Safepoint "RevokeBias", Time since last: 45191295 ns, Reaching safepoint: 1064071 ns, At safepoint: 34400 ns, Total: 1098471 ns
[2020-09-11T14:12:47.548+0000][1][safepoint    ] Safepoint "RevokeBias", Time since last: 9560974 ns, Reaching safepoint: 244180 ns, At safepoint: 42439 ns, Total: 286619 ns
[2020-09-11T14:12:47.648+0000][1][safepoint    ] Safepoint "RevokeBias", Time since last: 97505425 ns, Reaching safepoint: 2221681 ns, At safepoint: 64244 ns, Total: 2285925 ns
[2020-09-11T14:12:47.966+0000][1][safepoint    ] Safepoint "RevokeBias", Time since last: 316280066 ns, Reaching safepoint: 2066660 ns, At safepoint: 50092 ns, Total: 2116752 ns
[2020-09-11T14:12:48.069+0000][1][safepoint    ] Safepoint "RevokeBias", Time since last: 103368620 ns, Reaching safepoint: 119243 ns, At safepoint: 27083 ns, Total: 146326 ns
[2020-09-11T14:12:48.070+0000][1][safepoint    ] Safepoint "RevokeBias", Time since last: 67176 ns, Reaching safepoint: 94146 ns, At safepoint: 25550 ns, Total: 119696 ns
[2020-09-11T14:12:48.315+0000][1][safepoint    ] Safepoint "RevokeBias", Time since last: 244472252 ns, Reaching safepoint: 1359093 ns, At safepoint: 28572 ns, Total: 1387665 ns
[2020-09-11T14:12:48.350+0000][1][safepoint    ] Safepoint "RevokeBias", Time since last: 27463662 ns, Reaching safepoint: 6815005 ns, At safepoint: 29712 ns, Total: 6844717 ns
[2020-09-11T14:12:48.372+0000][1][safepoint    ] Safepoint "RevokeBias", Time since last: 7029601 ns, Reaching safepoint: 14774862 ns, At safepoint: 35380 ns, Total: 14810242 ns
[2020-09-11T14:12:48.372+0000][1][safepoint    ] Safepoint "RevokeBias", Time since last: 498190 ns, Reaching safepoint: 92131 ns, At safepoint: 18751 ns, Total: 110882 ns
[2020-09-11T14:12:48.372+0000][1][safepoint    ] Safepoint "RevokeBias", Time since last: 62731 ns, Reaching safepoint: 156744 ns, At safepoint: 16142 ns, Total: 172886 ns
[2020-09-11T14:12:48.384+0000][1][safepoint    ] Safepoint "RevokeBias", Time since last: 10985872 ns, Reaching safepoint: 115461 ns, At safepoint: 18743 ns, Total: 134204 ns
[2020-09-11T14:12:48.392+0000][1][safepoint    ] Safepoint "RevokeBias", Time since last: 1297312 ns, Reaching safepoint: 6675830 ns, At safepoint: 23295 ns, Total: 6699125 ns
[2020-09-11T14:12:48.415+0000][1][safepoint    ] Safepoint "RevokeBias", Time since last: 9591759 ns, Reaching safepoint: 14266256 ns, At safepoint: 27287 ns, Total: 14293543 ns
[2020-09-11T14:12:48.434+0000][1][safepoint    ] Safepoint "RevokeBias", Time since last: 2014662 ns, Reaching safepoint: 16200587 ns, At safepoint: 32132 ns, Total: 16232719 ns
[2020-09-11T14:12:48.456+0000][1][safepoint    ] Safepoint "RevokeBias", Time since last: 21807270 ns, Reaching safepoint: 111494 ns, At safepoint: 17376 ns, Total: 128870 ns
[2020-09-11T14:12:48.483+0000][1][safepoint    ] Safepoint "RevokeBias", Time since last: 21965185 ns, Reaching safepoint: 5846116 ns, At safepoint: 33095 ns, Total: 5879211 ns
[2020-09-11T14:12:48.491+0000][1][safepoint    ] Safepoint "RevokeBias", Time since last: 5623642 ns, Reaching safepoint: 2339568 ns, At safepoint: 26601 ns, Total: 2366169 ns
[2020-09-11T14:12:48.493+0000][1][safepoint    ] Safepoint "RevokeBias", Time since last: 62156 ns, Reaching safepoint: 1125833 ns, At safepoint: 23048 ns, Total: 1148881 ns
[2020-09-11T14:12:48.493+0000][1][safepoint    ] Safepoint "RevokeBias", Time since last: 59879 ns, Reaching safepoint: 109135 ns, At safepoint: 17337 ns, Total: 126472 ns
[2020-09-11T14:12:48.539+0000][1][safepoint    ] Safepoint "RevokeBias", Time since last: 35536642 ns, Reaching safepoint: 11034991 ns, At safepoint: 27250 ns, Total: 11062241 ns
[2020-09-11T14:12:48.571+0000][1][safepoint    ] Safepoint "RevokeBias", Time since last: 20814442 ns, Reaching safepoint: 11146211 ns, At safepoint: 24624 ns, Total: 11170835 ns
[2020-09-11T14:12:48.644+0000][1][safepoint    ] Safepoint "RevokeBias", Time since last: 72193525 ns, Reaching safepoint: 115684 ns, At safepoint: 17550 ns, Total: 133234 ns
[2020-09-11T14:12:48.645+0000][1][safepoint    ] Safepoint "RevokeBias", Time since last: 630224 ns, Reaching safepoint: 99999 ns, At safepoint: 15312 ns, Total: 115311 ns
[2020-09-11T14:12:48.649+0000][1][safepoint    ] Safepoint "RevokeBias", Time since last: 694591 ns, Reaching safepoint: 3263721 ns, At safepoint: 14449 ns, Total: 3278170 ns
[2020-09-11T14:12:48.649+0000][1][safepoint    ] Safepoint "RevokeBias", Time since last: 70302 ns, Reaching safepoint: 91611 ns, At safepoint: 15585 ns, Total: 107196 ns
[2020-09-11T14:12:48.649+0000][1][safepoint    ] Safepoint "RevokeBias", Time since last: 583644 ns, Reaching safepoint: 92576 ns, At safepoint: 11842 ns, Total: 104418 ns
[2020-09-11T14:12:49.148+0000][1][safepoint    ] Safepoint "RevokeBias", Time since last: 494050085 ns, Reaching safepoint: 4048516 ns, At safepoint: 61144 ns, Total: 4109660 ns
[2020-09-11T14:12:49.152+0000][1][safepoint    ] Safepoint "RevokeBias", Time since last: 3892968 ns, Reaching safepoint: 105996 ns, At safepoint: 47604 ns, Total: 153600 ns
[2020-09-11T14:12:49.155+0000][1][safepoint    ] Safepoint "RevokeBias", Time since last: 202282 ns, Reaching safepoint: 3662594 ns, At safepoint: 54080 ns, Total: 3716674 ns
[2020-09-11T14:12:49.159+0000][1][safepoint    ] Safepoint "RevokeBias", Time since last: 619229 ns, Reaching safepoint: 3320546 ns, At safepoint: 42269 ns, Total: 3362815 ns
[2020-09-11T14:12:49.160+0000][1][safepoint    ] Safepoint "RevokeBias", Time since last: 507957 ns, Reaching safepoint: 104118 ns, At safepoint: 32732 ns, Total: 136850 ns
[2020-09-11T14:12:49.172+0000][1][safepoint    ] Safepoint "RevokeBias", Time since last: 11284653 ns, Reaching safepoint: 110708 ns, At safepoint: 39905 ns, Total: 150613 ns
[2020-09-11T14:12:49.292+0000][1][safepoint    ] Safepoint "RevokeBias", Time since last: 119867714 ns, Reaching safepoint: 121270 ns, At safepoint: 18808 ns, Total: 140078 ns
[2020-09-11T14:12:49.324+0000][1][safepoint    ] Safepoint "RevokeBias", Time since last: 28353681 ns, Reaching safepoint: 4072788 ns, At safepoint: 26491 ns, Total: 4099279 ns
[2020-09-11T14:12:49.481+0000][1][safepoint    ] Safepoint "RevokeBias", Time since last: 157216456 ns, Reaching safepoint: 131400 ns, At safepoint: 50106 ns, Total: 181506 ns
[2020-09-11T14:12:49.483+0000][1][safepoint    ] Safepoint "RevokeBias", Time since last: 1178589 ns, Reaching safepoint: 96313 ns, At safepoint: 39648 ns, Total: 135961 ns
[2020-09-11T14:12:49.520+0000][1][safepoint    ] Safepoint "RevokeBias", Time since last: 37476585 ns, Reaching safepoint: 138653 ns, At safepoint: 20444 ns, Total: 159097 ns
[2020-09-11T14:12:49.574+0000][1][safepoint    ] Safepoint "RevokeBias", Time since last: 53212513 ns, Reaching safepoint: 133837 ns, At safepoint: 21979 ns, Total: 155816 ns
[2020-09-11T14:12:49.772+0000][1][safepoint    ] Safepoint "RevokeBias", Time since last: 197783837 ns, Reaching safepoint: 123515 ns, At safepoint: 17729 ns, Total: 141244 ns
[2020-09-11T14:12:49.837+0000][1][safepoint    ] Safepoint "RevokeBias", Time since last: 65140591 ns, Reaching safepoint: 119764 ns, At safepoint: 17411 ns, Total: 137175 ns
[2020-09-11T14:12:49.847+0000][1][safepoint    ] Safepoint "RevokeBias", Time since last: 6474384 ns, Reaching safepoint: 3576721 ns, At safepoint: 58245 ns, Total: 3634966 ns
[2020-09-11T14:12:49.848+0000][1][safepoint    ] Safepoint "RevokeBias", Time since last: 1053992 ns, Reaching safepoint: 98032 ns, At safepoint: 46720 ns, Total: 144752 ns
[2020-09-11T14:12:49.875+0000][1][safepoint    ] Safepoint "RevokeBias", Time since last: 25128125 ns, Reaching safepoint: 2080116 ns, At safepoint: 28405 ns, Total: 2108521 ns
[2020-09-11T14:12:49.928+0000][1][safepoint    ] Safepoint "RevokeBias", Time since last: 51923410 ns, Reaching safepoint: 112650 ns, At safepoint: 16127 ns, Total: 128777 ns
[2020-09-11T14:12:49.928+0000][1][safepoint    ] Safepoint "RevokeBias", Time since last: 264701 ns, Reaching safepoint: 95360 ns, At safepoint: 13308 ns, Total: 108668 ns
[2020-09-11T14:12:49.928+0000][1][safepoint    ] Safepoint "RevokeBias", Time since last: 133153 ns, Reaching safepoint: 90795 ns, At safepoint: 10582 ns, Total: 101377 ns
[2020-09-11T14:12:49.953+0000][1][safepoint    ] Safepoint "RevokeBias", Time since last: 17009107 ns, Reaching safepoint: 7350800 ns, At safepoint: 22516 ns, Total: 7373316 ns
[2020-09-11T14:12:49.953+0000][1][safepoint    ] Safepoint "RevokeBias", Time since last: 183138 ns, Reaching safepoint: 91118 ns, At safepoint: 12600 ns, Total: 103718 ns
[2020-09-11T14:12:49.953+0000][1][safepoint    ] Safepoint "RevokeBias", Time since last: 235504 ns, Reaching safepoint: 269887 ns, At safepoint: 12421 ns, Total: 282308 ns
[2020-09-11T14:12:49.954+0000][1][safepoint    ] Safepoint "RevokeBias", Time since last: 79503 ns, Reaching safepoint: 87171 ns, At safepoint: 12251 ns, Total: 99422 ns
[2020-09-11T14:12:49.955+0000][1][safepoint    ] Safepoint "RevokeBias", Time since last: 125514 ns, Reaching safepoint: 1784318 ns, At safepoint: 18411 ns, Total: 1802729 ns
[2020-09-11T14:12:49.959+0000][1][safepoint    ] Safepoint "RevokeBias", Time since last: 1652922 ns, Reaching safepoint: 2346898 ns, At safepoint: 18318 ns, Total: 2365216 ns
[2020-09-11T14:12:49.961+0000][1][safepoint    ] Safepoint "RevokeBias", Time since last: 271223 ns, Reaching safepoint: 873828 ns, At safepoint: 15818 ns, Total: 889646 ns
[2020-09-11T14:12:49.963+0000][1][safepoint    ] Safepoint "RevokeBias", Time since last: 159037 ns, Reaching safepoint: 2531172 ns, At safepoint: 19319 ns, Total: 2550491 ns
[2020-09-11T14:12:49.964+0000][1][safepoint    ] Safepoint "RevokeBias", Time since last: 286191 ns, Reaching safepoint: 466207 ns, At safepoint: 15242 ns, Total: 481449 ns
[2020-09-11T14:12:49.967+0000][1][safepoint    ] Safepoint "RevokeBias", Time since last: 120764 ns, Reaching safepoint: 3207285 ns, At safepoint: 12952 ns, Total: 3220237 ns
[2020-09-11T14:12:49.968+0000][1][safepoint    ] Safepoint "RevokeBias", Time since last: 137331 ns, Reaching safepoint: 90903 ns, At safepoint: 12911 ns, Total: 103814 ns
[2020-09-11T14:12:49.968+0000][1][safepoint    ] Safepoint "RevokeBias", Time since last: 538658 ns, Reaching safepoint: 230105 ns, At safepoint: 13414 ns, Total: 243519 ns
[2020-09-11T14:12:49.971+0000][1][safepoint    ] Safepoint "RevokeBias", Time since last: 1828781 ns, Reaching safepoint: 1154090 ns, At safepoint: 17074 ns, Total: 1171164 ns
[2020-09-11T14:12:49.975+0000][1][safepoint    ] Safepoint "RevokeBias", Time since last: 544535 ns, Reaching safepoint: 3454465 ns, At safepoint: 28075 ns, Total: 3482540 ns
[2020-09-11T14:12:49.989+0000][1][safepoint    ] Safepoint "RevokeBias", Time since last: 11966305 ns, Reaching safepoint: 2021140 ns, At safepoint: 21982 ns, Total: 2043122 ns
[2020-09-11T14:12:49.990+0000][1][safepoint    ] Safepoint "RevokeBias", Time since last: 620246 ns, Reaching safepoint: 93214 ns, At safepoint: 12936 ns, Total: 106150 ns
[2020-09-11T14:12:49.995+0000][1][safepoint    ] Safepoint "RevokeBias", Time since last: 2552236 ns, Reaching safepoint: 2686538 ns, At safepoint: 25694 ns, Total: 2712232 ns
[2020-09-11T14:12:50.008+0000][1][safepoint    ] Safepoint "RevokeBias", Time since last: 11951765 ns, Reaching safepoint: 120476 ns, At safepoint: 18049 ns, Total: 138525 ns
[2020-09-11T14:12:50.100+0000][1][safepoint    ] Safepoint "RevokeBias", Time since last: 91997763 ns, Reaching safepoint: 114559 ns, At safepoint: 15380 ns, Total: 129939 ns
[2020-09-11T14:12:50.104+0000][1][safepoint    ] Safepoint "RevokeBias", Time since last: 3845976 ns, Reaching safepoint: 214287 ns, At safepoint: 17780 ns, Total: 232067 ns
[2020-09-11T14:12:50.107+0000][1][safepoint    ] Safepoint "BulkRevokeBias", Time since last: 3293923 ns, Reaching safepoint: 103504 ns, At safepoint: 125818 ns, Total: 229322 ns
[2020-09-11T14:12:50.112+0000][1][safepoint    ] Safepoint "BulkRevokeBias", Time since last: 4575434 ns, Reaching safepoint: 106146 ns, At safepoint: 116201 ns, Total: 222347 ns
[2020-09-11T14:12:50.148+0000][1][safepoint    ] Safepoint "RevokeBias", Time since last: 35308018 ns, Reaching safepoint: 115464 ns, At safepoint: 15969 ns, Total: 131433 ns
[2020-09-11T14:12:50.152+0000][1][safepoint    ] Safepoint "RevokeBias", Time since last: 3876606 ns, Reaching safepoint: 109110 ns, At safepoint: 16862 ns, Total: 125972 ns
[2020-09-11T14:12:50.152+0000][1][safepoint    ] Safepoint "RevokeBias", Time since last: 546251 ns, Reaching safepoint: 88359 ns, At safepoint: 11373 ns, Total: 99732 ns
[2020-09-11T14:12:50.164+0000][1][safepoint    ] Safepoint "RevokeBias", Time since last: 11234497 ns, Reaching safepoint: 115905 ns, At safepoint: 17164 ns, Total: 133069 ns
[2020-09-11T14:12:50.164+0000][1][safepoint    ] Safepoint "RevokeBias", Time since last: 606848 ns, Reaching safepoint: 103865 ns, At safepoint: 12575 ns, Total: 116440 ns
[2020-09-11T14:12:50.187+0000][1][safepoint    ] Safepoint "RevokeBias", Time since last: 12338414 ns, Reaching safepoint: 10194754 ns, At safepoint: 22480 ns, Total: 10217234 ns
[2020-09-11T14:12:50.483+0000][1][safepoint    ] Safepoint "RevokeBias", Time since last: 293691306 ns, Reaching safepoint: 2098120 ns, At safepoint: 22489 ns, Total: 2120609 ns
[2020-09-11T14:12:50.490+0000][1][safepoint    ] Safepoint "RevokeBias", Time since last: 6770419 ns, Reaching safepoint: 119032 ns, At safepoint: 19025 ns, Total: 138057 ns
[2020-09-11T14:12:50.496+0000][1][safepoint    ] Safepoint "RevokeBias", Time since last: 5867554 ns, Reaching safepoint: 115709 ns, At safepoint: 16956 ns, Total: 132665 ns
[2020-09-11T14:12:50.505+0000][1][safepoint    ] Safepoint "RevokeBias", Time since last: 9003516 ns, Reaching safepoint: 460288 ns, At safepoint: 41110 ns, Total: 501398 ns
[2020-09-11T14:12:50.593+0000][1][safepoint    ] Safepoint "RevokeBias", Time since last: 88143124 ns, Reaching safepoint: 111229 ns, At safepoint: 24231 ns, Total: 135460 ns
[2020-09-11T14:12:50.600+0000][1][safepoint    ] Safepoint "RevokeBias", Time since last: 6102031 ns, Reaching safepoint: 110576 ns, At safepoint: 52723 ns, Total: 163299 ns
[2020-09-11T14:12:50.776+0000][1][safepoint    ] Safepoint "RevokeBias", Time since last: 175812781 ns, Reaching safepoint: 119497 ns, At safepoint: 18781 ns, Total: 138278 ns
[2020-09-11T14:12:50.900+0000][1][safepoint    ] Safepoint "RevokeBias", Time since last: 123888754 ns, Reaching safepoint: 128599 ns, At safepoint: 18302 ns, Total: 146901 ns
[2020-09-11T14:12:50.947+0000][1][safepoint    ] Safepoint "RevokeBias", Time since last: 47008050 ns, Reaching safepoint: 194463 ns, At safepoint: 18372 ns, Total: 212835 ns
[2020-09-11T14:12:50.947+0000][1][safepoint    ] Safepoint "RevokeBias", Time since last: 204799 ns, Reaching safepoint: 87899 ns, At safepoint: 12132 ns, Total: 100031 ns
[2020-09-11T14:12:50.947+0000][1][safepoint    ] Safepoint "RevokeBias", Time since last: 217650 ns, Reaching safepoint: 79812 ns, At safepoint: 11160 ns, Total: 90972 ns
[2020-09-11T14:12:50.948+0000][1][safepoint    ] Safepoint "RevokeBias", Time since last: 87156 ns, Reaching safepoint: 86021 ns, At safepoint: 10453 ns, Total: 96474 ns
[2020-09-11T14:12:50.948+0000][1][safepoint    ] Safepoint "RevokeBias", Time since last: 119087 ns, Reaching safepoint: 86814 ns, At safepoint: 12191 ns, Total: 99005 ns
[2020-09-11T14:12:50.951+0000][1][safepoint    ] Safepoint "RevokeBias", Time since last: 3113827 ns, Reaching safepoint: 102312 ns, At safepoint: 15470 ns, Total: 117782 ns
[2020-09-11T14:12:50.951+0000][1][safepoint    ] Safepoint "RevokeBias", Time since last: 206451 ns, Reaching safepoint: 89125 ns, At safepoint: 13715 ns, Total: 102840 ns
[2020-09-11T14:12:50.953+0000][1][safepoint    ] Safepoint "RevokeBias", Time since last: 1184356 ns, Reaching safepoint: 319914 ns, At safepoint: 14000 ns, Total: 333914 ns
[2020-09-11T14:12:50.953+0000][1][safepoint    ] Safepoint "RevokeBias", Time since last: 188717 ns, Reaching safepoint: 88870 ns, At safepoint: 12375 ns, Total: 101245 ns
[2020-09-11T14:12:50.953+0000][1][safepoint    ] Safepoint "RevokeBias", Time since last: 77904 ns, Reaching safepoint: 86795 ns, At safepoint: 12170 ns, Total: 98965 ns
[2020-09-11T14:12:50.954+0000][1][safepoint    ] Safepoint "RevokeBias", Time since last: 120910 ns, Reaching safepoint: 86927 ns, At safepoint: 11044 ns, Total: 97971 ns
[2020-09-11T14:12:50.954+0000][1][safepoint    ] Safepoint "RevokeBias", Time since last: 68168 ns, Reaching safepoint: 85290 ns, At safepoint: 10899 ns, Total: 96189 ns
[2020-09-11T14:12:50.956+0000][1][safepoint    ] Safepoint "RevokeBias", Time since last: 1676530 ns, Reaching safepoint: 96249 ns, At safepoint: 14192 ns, Total: 110441 ns
[2020-09-11T14:12:50.956+0000][1][safepoint    ] Safepoint "RevokeBias", Time since last: 635794 ns, Reaching safepoint: 91727 ns, At safepoint: 11528 ns, Total: 103255 ns
[2020-09-11T14:12:50.970+0000][1][safepoint    ] Safepoint "RevokeBias", Time since last: 13962299 ns, Reaching safepoint: 121947 ns, At safepoint: 25874 ns, Total: 147821 ns
[2020-09-11T14:12:50.972+0000][1][safepoint    ] Safepoint "RevokeBias", Time since last: 1032005 ns, Reaching safepoint: 94257 ns, At safepoint: 11653 ns, Total: 105910 ns
[2020-09-11T14:12:51.004+0000][1][safepoint    ] Safepoint "BulkRevokeBias", Time since last: 15924588 ns, Reaching safepoint: 16024282 ns, At safepoint: 160938 ns, Total: 16185220 ns
[2020-09-11T14:12:51.019+0000][1][safepoint    ] Safepoint "RevokeBias", Time since last: 13013593 ns, Reaching safepoint: 2814813 ns, At safepoint: 23553 ns, Total: 2838366 ns
[2020-09-11T14:12:51.070+0000][1][safepoint    ] Safepoint "RevokeBias", Time since last: 39438001 ns, Reaching safepoint: 10693179 ns, At safepoint: 21097 ns, Total: 10714276 ns
[2020-09-11T14:12:51.078+0000][1][safepoint    ] Safepoint "RevokeBias", Time since last: 1477857 ns, Reaching safepoint: 6559061 ns, At safepoint: 26950 ns, Total: 6586011 ns
[2020-09-11T14:12:51.079+0000][1][safepoint    ] Safepoint "RevokeBias", Time since last: 789351 ns, Reaching safepoint: 958096 ns, At safepoint: 19613 ns, Total: 977709 ns
[2020-09-11T14:12:51.080+0000][1][safepoint    ] Safepoint "RevokeBias", Time since last: 134526 ns, Reaching safepoint: 90871 ns, At safepoint: 13042 ns, Total: 103913 ns
[2020-09-11T14:12:51.080+0000][1][safepoint    ] Safepoint "RevokeBias", Time since last: 149032 ns, Reaching safepoint: 229967 ns, At safepoint: 14695 ns, Total: 244662 ns
[2020-09-11T14:12:51.091+0000][1][safepoint    ] Safepoint "RevokeBias", Time since last: 11114898 ns, Reaching safepoint: 208363 ns, At safepoint: 20308 ns, Total: 228671 ns
[2020-09-11T14:12:51.092+0000][1][safepoint    ] Safepoint "RevokeBias", Time since last: 310305 ns, Reaching safepoint: 110684 ns, At safepoint: 15780 ns, Total: 126464 ns
[2020-09-11T14:12:51.092+0000][1][safepoint    ] Safepoint "RevokeBias", Time since last: 112948 ns, Reaching safepoint: 98976 ns, At safepoint: 13889 ns, Total: 112865 ns
[2020-09-11T14:12:51.092+0000][1][safepoint    ] Safepoint "RevokeBias", Time since last: 181175 ns, Reaching safepoint: 109290 ns, At safepoint: 23331 ns, Total: 132621 ns
[2020-09-11T14:12:51.093+0000][1][safepoint    ] Safepoint "RevokeBias", Time since last: 88678 ns, Reaching safepoint: 91209 ns, At safepoint: 12804 ns, Total: 104013 ns
[2020-09-11T14:12:51.093+0000][1][safepoint    ] Safepoint "RevokeBias", Time since last: 140768 ns, Reaching safepoint: 91572 ns, At safepoint: 14205 ns, Total: 105777 ns
[2020-09-11T14:12:51.093+0000][1][safepoint    ] Safepoint "RevokeBias", Time since last: 79633 ns, Reaching safepoint: 227506 ns, At safepoint: 13897 ns, Total: 241403 ns
[2020-09-11T14:12:51.093+0000][1][safepoint    ] Safepoint "RevokeBias", Time since last: 142768 ns, Reaching safepoint: 92188 ns, At safepoint: 21863 ns, Total: 114051 ns
[2020-09-11T14:12:51.612+0000][1][safepoint    ] Safepoint "RevokeBias", Time since last: 517994843 ns, Reaching safepoint: 124360 ns, At safepoint: 16502 ns, Total: 140862 ns
[2020-09-11T14:12:52.388+0000][1][safepoint    ] Safepoint "RevokeBias", Time since last: 776173938 ns, Reaching safepoint: 140177 ns, At safepoint: 19101 ns, Total: 159278 ns
[2020-09-11T14:12:52.436+0000][1][safepoint    ] Safepoint "BulkRevokeBias", Time since last: 43683519 ns, Reaching safepoint: 3904786 ns, At safepoint: 178472 ns, Total: 4083258 ns
[2020-09-11T14:12:52.567+0000][1][safepoint    ] Safepoint "RevokeBias", Time since last: 121038696 ns, Reaching safepoint: 10768994 ns, At safepoint: 28250 ns, Total: 10797244 ns
[2020-09-11T14:12:52.691+0000][1][safepoint    ] Safepoint "RevokeBias", Time since last: 123225115 ns, Reaching safepoint: 120278 ns, At safepoint: 18223 ns, Total: 138501 ns
[2020-09-11T14:12:52.691+0000][1][safepoint    ] Safepoint "RevokeBias", Time since last: 61813 ns, Reaching safepoint: 86142 ns, At safepoint: 12610 ns, Total: 98752 ns
[2020-09-11T14:12:52.766+0000][1][safepoint    ] Safepoint "RevokeBias", Time since last: 74980256 ns, Reaching safepoint: 43661 ns, At safepoint: 14552 ns, Total: 58213 ns
[2020-09-11T14:12:52.773+0000][1][safepoint    ] Safepoint "RevokeBias", Time since last: 6685072 ns, Reaching safepoint: 40105 ns, At safepoint: 15665 ns, Total: 55770 ns
[2020-09-11T14:12:52.784+0000][1][safepoint    ] Safepoint "RevokeBias", Time since last: 10747077 ns, Reaching safepoint: 117637 ns, At safepoint: 27640 ns, Total: 145277 ns
[2020-09-11T14:12:52.794+0000][1][safepoint    ] Safepoint "RevokeBias", Time since last: 8938583 ns, Reaching safepoint: 926664 ns, At safepoint: 38339 ns, Total: 965003 ns
[2020-09-11T14:12:52.896+0000][1][safepoint    ] Safepoint "BulkRevokeBias", Time since last: 102036848 ns, Reaching safepoint: 117972 ns, At safepoint: 104902 ns, Total: 222874 ns
[2020-09-11T14:12:53.227+0000][1][gc,start     ] GC(66) Pause Young (Allocation Failure)
[2020-09-11T14:12:53.227+0000][1][gc,task      ] GC(66) Using 1 workers of 1 for evacuation
[2020-09-11T14:12:53.322+0000][1][gc,age       ] GC(66) Desired survivor size 4358144 bytes, new threshold 6 (max threshold 6)
[2020-09-11T14:12:53.322+0000][1][gc,age       ] GC(66) Age table with threshold 6 (max threshold 6)
[2020-09-11T14:12:53.322+0000][1][gc,age       ] GC(66) - age   1:    1632216 bytes,    1632216 total
[2020-09-11T14:12:53.322+0000][1][gc,age       ] GC(66) - age   2:    1346784 bytes,    2979000 total
[2020-09-11T14:12:53.322+0000][1][gc,heap      ] GC(66) ParNew: 74435K->5215K(76672K)
[2020-09-11T14:12:53.322+0000][1][gc,heap      ] GC(66) CMS: 92324K->95824K(2011968K)
[2020-09-11T14:12:53.322+0000][1][gc,metaspace ] GC(66) Metaspace: 74454K->74454K(1118208K)
[2020-09-11T14:12:53.322+0000][1][gc           ] GC(66) Pause Young (Allocation Failure) 162M->98M(2039M) 95.256ms
[2020-09-11T14:12:53.322+0000][1][gc,cpu       ] GC(66) User=0.03s Sys=0.00s Real=0.09s
[2020-09-11T14:12:53.371+0000][1][safepoint    ] Safepoint "GenCollectForAllocation", Time since last: 329861938 ns, Reaching safepoint: 992184 ns, At safepoint: 144728224 ns, Total: 145720408 ns
[2020-09-11T14:12:53.750+0000][1][safepoint    ] Safepoint "RevokeBias", Time since last: 370051374 ns, Reaching safepoint: 8864213 ns, At safepoint: 27866 ns, Total: 8892079 ns
[2020-09-11T14:12:54.043+0000][1][safepoint    ] Safepoint "RevokeBias", Time since last: 292672175 ns, Reaching safepoint: 410866 ns, At safepoint: 18669 ns, Total: 429535 ns
[2020-09-11T14:12:54.047+0000][1][safepoint    ] Safepoint "RevokeBias", Time since last: 74090 ns, Reaching safepoint: 3911306 ns, At safepoint: 23031 ns, Total: 3934337 ns
[2020-09-11T14:12:55.049+0000][1][safepoint    ] Safepoint "Cleanup", Time since last: 1001540444 ns, Reaching safepoint: 53127 ns, At safepoint: 6295 ns, Total: 59422 ns
[2020-09-11T14:12:55.729+0000][1][safepoint    ] Safepoint "RevokeBias", Time since last: 680163474 ns, Reaching safepoint: 140158 ns, At safepoint: 20302 ns, Total: 160460 ns
[2020-09-11T14:12:55.730+0000][1][safepoint    ] Safepoint "RevokeBias", Time since last: 378294 ns, Reaching safepoint: 90974 ns, At safepoint: 13691 ns, Total: 104665 ns
[2020-09-11T14:12:55.730+0000][1][safepoint    ] Safepoint "RevokeBias", Time since last: 224980 ns, Reaching safepoint: 88690 ns, At safepoint: 12685 ns, Total: 101375 ns
[2020-09-11T14:12:55.837+0000][1][safepoint    ] Safepoint "RevokeBias", Time since last: 106423029 ns, Reaching safepoint: 117627 ns, At safepoint: 21201 ns, Total: 138828 ns
[2020-09-11T14:12:55.871+0000][1][safepoint    ] Safepoint "RevokeBias", Time since last: 34058134 ns, Reaching safepoint: 127990 ns, At safepoint: 23480 ns, Total: 151470 ns
[2020-09-11T14:12:55.871+0000][1][safepoint    ] Safepoint "RevokeBias", Time since last: 339101 ns, Reaching safepoint: 80511 ns, At safepoint: 14149 ns, Total: 94660 ns
[2020-09-11T14:12:55.872+0000][1][safepoint    ] Safepoint "RevokeBias", Time since last: 57720 ns, Reaching safepoint: 90537 ns, At safepoint: 12424 ns, Total: 102961 ns
[2020-09-11T14:12:55.872+0000][1][safepoint    ] Safepoint "RevokeBias", Time since last: 188966 ns, Reaching safepoint: 89453 ns, At safepoint: 12218 ns, Total: 101671 ns
[2020-09-11T14:12:55.874+0000][1][safepoint    ] Safepoint "RevokeBias", Time since last: 1822314 ns, Reaching safepoint: 114651 ns, At safepoint: 18740 ns, Total: 133391 ns
[2020-09-11T14:12:55.896+0000][1][safepoint    ] Safepoint "RevokeBias", Time since last: 21591044 ns, Reaching safepoint: 134409 ns, At safepoint: 22444 ns, Total: 156853 ns
[2020-09-11T14:12:55.896+0000][1][safepoint    ] Safepoint "RevokeBias", Time since last: 99445 ns, Reaching safepoint: 93294 ns, At safepoint: 12069 ns, Total: 105363 ns
[2020-09-11T14:12:56.033+0000][1][safepoint    ] Safepoint "Deoptimize", Time since last: 135636174 ns, Reaching safepoint: 140361 ns, At safepoint: 1772317 ns, Total: 1912678 ns
[2020-09-11T14:12:56.145+0000][1][safepoint    ] Safepoint "BulkRevokeBias", Time since last: 111034168 ns, Reaching safepoint: 148865 ns, At safepoint: 144756 ns, Total: 293621 ns
[2020-09-11T14:12:56.145+0000][1][safepoint    ] Safepoint "BulkRevokeBias", Time since last: 77027 ns, Reaching safepoint: 89094 ns, At safepoint: 88377 ns, Total: 177471 ns
[2020-09-11T14:12:56.160+0000][1][safepoint    ] Safepoint "RevokeBias", Time since last: 14827119 ns, Reaching safepoint: 111608 ns, At safepoint: 20782 ns, Total: 132390 ns
[2020-09-11T14:12:56.160+0000][1][safepoint    ] Safepoint "RevokeBias", Time since last: 284694 ns, Reaching safepoint: 19337 ns, At safepoint: 11399 ns, Total: 30736 ns
[2020-09-11T14:12:56.172+0000][1][safepoint    ] Safepoint "RevokeBias", Time since last: 11508303 ns, Reaching safepoint: 113194 ns, At safepoint: 16103 ns, Total: 129297 ns
[2020-09-11T14:12:56.172+0000][1][safepoint    ] Safepoint "RevokeBias", Time since last: 228169 ns, Reaching safepoint: 89705 ns, At safepoint: 11425 ns, Total: 101130 ns
[2020-09-11T14:12:56.265+0000][1][safepoint    ] Safepoint "RevokeBias", Time since last: 93073372 ns, Reaching safepoint: 167323 ns, At safepoint: 21041 ns, Total: 188364 ns
[2020-09-11T14:12:56.277+0000][1][safepoint    ] Safepoint "RevokeBias", Time since last: 11786513 ns, Reaching safepoint: 169081 ns, At safepoint: 18641 ns, Total: 187722 ns
[2020-09-11T14:12:56.278+0000][1][safepoint    ] Safepoint "RevokeBias", Time since last: 161828 ns, Reaching safepoint: 153123 ns, At safepoint: 13531 ns, Total: 166654 ns
[2020-09-11T14:12:56.293+0000][1][safepoint    ] Safepoint "RevokeBias", Time since last: 14920040 ns, Reaching safepoint: 120915 ns, At safepoint: 22004 ns, Total: 142919 ns
[2020-09-11T14:12:56.296+0000][1][safepoint    ] Safepoint "RevokeBias", Time since last: 2629838 ns, Reaching safepoint: 113560 ns, At safepoint: 15597 ns, Total: 129157 ns
[2020-09-11T14:12:56.320+0000][1][safepoint    ] Safepoint "RevokeBias", Time since last: 23965917 ns, Reaching safepoint: 145956 ns, At safepoint: 59938 ns, Total: 205894 ns
[2020-09-11T14:12:56.343+0000][1][safepoint    ] Safepoint "RevokeBias", Time since last: 20439262 ns, Reaching safepoint: 3285616 ns, At safepoint: 26730 ns, Total: 3312346 ns
[2020-09-11T14:12:56.443+0000][1][safepoint    ] Safepoint "RevokeBias", Time since last: 98937496 ns, Reaching safepoint: 149517 ns, At safepoint: 11045 ns, Total: 160562 ns
[2020-09-11T14:12:56.443+0000][1][safepoint    ] Safepoint "RevokeBias", Time since last: 832315 ns, Reaching safepoint: 91455 ns, At safepoint: 7166 ns, Total: 98621 ns
[2020-09-11T14:12:56.638+0000][1][safepoint    ] Safepoint "RevokeBias", Time since last: 193866222 ns, Reaching safepoint: 124451 ns, At safepoint: 11284 ns, Total: 135735 ns
[2020-09-11T14:12:57.083+0000][1][safepoint    ] Safepoint "RevokeBias", Time since last: 444277500 ns, Reaching safepoint: 1668503 ns, At safepoint: 8716 ns, Total: 1677219 ns
[2020-09-11T14:12:57.085+0000][1][safepoint    ] Safepoint "RevokeBias", Time since last: 303449 ns, Reaching safepoint: 1050030 ns, At safepoint: 6602 ns, Total: 1056632 ns
[2020-09-11T14:12:57.186+0000][1][safepoint    ] Safepoint "Deoptimize", Time since last: 100406780 ns, Reaching safepoint: 134903 ns, At safepoint: 407394 ns, Total: 542297 ns
[2020-09-11T14:12:57.231+0000][1][safepoint    ] Safepoint "RevokeBias", Time since last: 43355997 ns, Reaching safepoint: 2333203 ns, At safepoint: 23036 ns, Total: 2356239 ns
[2020-09-11T14:12:57.279+0000][1][safepoint    ] Safepoint "RevokeBias", Time since last: 43931438 ns, Reaching safepoint: 4054468 ns, At safepoint: 14903 ns, Total: 4069371 ns
[2020-09-11T14:12:57.283+0000][1][safepoint    ] Safepoint "RevokeBias", Time since last: 340768 ns, Reaching safepoint: 3612493 ns, At safepoint: 46830 ns, Total: 3659323 ns
[2020-09-11T14:12:57.294+0000][1][safepoint    ] Safepoint "RevokeBias", Time since last: 7934211 ns, Reaching safepoint: 2376507 ns, At safepoint: 14764 ns, Total: 2391271 ns
[2020-09-11T14:12:57.311+0000][1][safepoint    ] Safepoint "RevokeBias", Time since last: 13612687 ns, Reaching safepoint: 4032448 ns, At safepoint: 12985 ns, Total: 4045433 ns
[2020-09-11T14:12:57.331+0000][1][safepoint    ] Safepoint "RevokeBias", Time since last: 15686161 ns, Reaching safepoint: 4309952 ns, At safepoint: 13170 ns, Total: 4323122 ns
[2020-09-11T14:12:57.652+0000][1][safepoint    ] Safepoint "RevokeBias", Time since last: 319155747 ns, Reaching safepoint: 929403 ns, At safepoint: 24217 ns, Total: 953620 ns
[2020-09-11T14:12:57.773+0000][1][safepoint    ] Safepoint "RevokeBias", Time since last: 121339272 ns, Reaching safepoint: 139676 ns, At safepoint: 9276 ns, Total: 148952 ns
[2020-09-11T14:12:57.796+0000][1][safepoint    ] Safepoint "RevokeBias", Time since last: 22382725 ns, Reaching safepoint: 128429 ns, At safepoint: 9009 ns, Total: 137438 ns
[2020-09-11T14:12:58.065+0000][1][safepoint    ] Safepoint "RevokeBias", Time since last: 269375547 ns, Reaching safepoint: 144479 ns, At safepoint: 16827 ns, Total: 161306 ns
[2020-09-11T14:12:58.161+0000][1][safepoint    ] Safepoint "RevokeBias", Time since last: 95508430 ns, Reaching safepoint: 128448 ns, At safepoint: 15357 ns, Total: 143805 ns
[2020-09-11T14:12:59.164+0000][1][safepoint    ] Safepoint "Cleanup", Time since last: 1002685973 ns, Reaching safepoint: 55726 ns, At safepoint: 8767 ns, Total: 64493 ns
[2020-09-11T14:12:59.692+0000][1][safepoint    ] Safepoint "RevokeBias", Time since last: 525323237 ns, Reaching safepoint: 2711695 ns, At safepoint: 64437 ns, Total: 2776132 ns
[2020-09-11T14:13:00.692+0000][1][safepoint    ] Safepoint "Cleanup", Time since last: 1000139850 ns, Reaching safepoint: 117499 ns, At safepoint: 8114 ns, Total: 125613 ns
[2020-09-11T14:13:01.693+0000][1][safepoint    ] Safepoint "Cleanup", Time since last: 1001155995 ns, Reaching safepoint: 76785 ns, At safepoint: 5137 ns, Total: 81922 ns
[2020-09-11T14:13:02.693+0000][1][safepoint    ] Safepoint "Cleanup", Time since last: 1000105471 ns, Reaching safepoint: 51968 ns, At safepoint: 6053 ns, Total: 58021 ns
[2020-09-11T14:13:03.092+0000][1][safepoint    ] Safepoint "RevokeBias", Time since last: 398292951 ns, Reaching safepoint: 140627 ns, At safepoint: 112814 ns, Total: 253441 ns
[2020-09-11T14:13:03.139+0000][1][safepoint    ] Safepoint "RevokeBias", Time since last: 46835775 ns, Reaching safepoint: 165381 ns, At safepoint: 13553 ns, Total: 178934 ns
[2020-09-11T14:13:04.139+0000][1][safepoint    ] Safepoint "Cleanup", Time since last: 1000180117 ns, Reaching safepoint: 101546 ns, At safepoint: 18159 ns, Total: 119705 ns
[2020-09-11T14:13:04.372+0000][1][gc,start     ] GC(67) Pause Young (Allocation Failure)
[2020-09-11T14:13:04.372+0000][1][gc,task      ] GC(67) Using 1 workers of 1 for evacuation
[2020-09-11T14:13:04.397+0000][1][gc,age       ] GC(67) Desired survivor size 4358144 bytes, new threshold 3 (max threshold 6)
[2020-09-11T14:13:04.397+0000][1][gc,age       ] GC(67) Age table with threshold 3 (max threshold 6)
[2020-09-11T14:13:04.397+0000][1][gc,age       ] GC(67) - age   1:    1809624 bytes,    1809624 total
[2020-09-11T14:13:04.397+0000][1][gc,age       ] GC(67) - age   2:    1343984 bytes,    3153608 total
[2020-09-11T14:13:04.397+0000][1][gc,age       ] GC(67) - age   3:    1343016 bytes,    4496624 total
[2020-09-11T14:13:04.397+0000][1][gc,heap      ] GC(67) ParNew: 73375K->4789K(76672K)
[2020-09-11T14:13:04.397+0000][1][gc,heap      ] GC(67) CMS: 95824K->95824K(2011968K)
[2020-09-11T14:13:04.397+0000][1][gc,metaspace ] GC(67) Metaspace: 78350K->78350K(1122304K)
[2020-09-11T14:13:04.397+0000][1][gc           ] GC(67) Pause Young (Allocation Failure) 165M->98M(2039M) 25.127ms
[2020-09-11T14:13:04.397+0000][1][gc,cpu       ] GC(67) User=0.03s Sys=0.00s Real=0.03s
[2020-09-11T14:13:04.401+0000][1][safepoint    ] Safepoint "GenCollectForAllocation", Time since last: 232298898 ns, Reaching safepoint: 228992 ns, At safepoint: 28898135 ns, Total: 29127127 ns
[2020-09-11T14:13:05.406+0000][1][safepoint    ] Safepoint "Cleanup", Time since last: 1005401448 ns, Reaching safepoint: 85175 ns, At safepoint: 7924 ns, Total: 93099 ns
[2020-09-11T14:13:06.406+0000][1][safepoint    ] Safepoint "Cleanup", Time since last: 1000170639 ns, Reaching safepoint: 120700 ns, At safepoint: 18820 ns, Total: 139520 ns
[2020-09-11T14:13:07.407+0000][1][safepoint    ] Safepoint "Cleanup", Time since last: 1000251070 ns, Reaching safepoint: 93996 ns, At safepoint: 7048 ns, Total: 101044 ns
[2020-09-11T14:13:08.407+0000][1][safepoint    ] Safepoint "Cleanup", Time since last: 1000182622 ns, Reaching safepoint: 110741 ns, At safepoint: 17303 ns, Total: 128044 ns
[2020-09-11T14:13:09.407+0000][1][safepoint    ] Safepoint "Cleanup", Time since last: 1000150207 ns, Reaching safepoint: 161914 ns, At safepoint: 8137 ns, Total: 170051 ns
[2020-09-11T14:13:10.408+0000][1][safepoint    ] Safepoint "Cleanup", Time since last: 1000199696 ns, Reaching safepoint: 58147 ns, At safepoint: 6073 ns, Total: 64220 ns
[2020-09-11T14:13:11.408+0000][1][safepoint    ] Safepoint "Cleanup", Time since last: 1000162915 ns, Reaching safepoint: 88432 ns, At safepoint: 7956 ns, Total: 96388 ns
[2020-09-11T14:13:12.408+0000][1][safepoint    ] Safepoint "Cleanup", Time since last: 1000194610 ns, Reaching safepoint: 87153 ns, At safepoint: 6627 ns, Total: 93780 ns
[2020-09-11T14:13:13.411+0000][1][safepoint    ] Safepoint "Cleanup", Time since last: 1000111414 ns, Reaching safepoint: 2648759 ns, At safepoint: 13192 ns, Total: 2661951 ns
[2020-09-11T14:13:14.411+0000][1][safepoint    ] Safepoint "Cleanup", Time since last: 1000135693 ns, Reaching safepoint: 125631 ns, At safepoint: 5863 ns, Total: 131494 ns
[2020-09-11T14:13:15.412+0000][1][safepoint    ] Safepoint "Cleanup", Time since last: 1000198285 ns, Reaching safepoint: 96081 ns, At safepoint: 7014 ns, Total: 103095 ns
[2020-09-11T14:13:16.412+0000][1][safepoint    ] Safepoint "Cleanup", Time since last: 1000148564 ns, Reaching safepoint: 124519 ns, At safepoint: 15873 ns, Total: 140392 ns
[2020-09-11T14:13:17.412+0000][1][safepoint    ] Safepoint "Cleanup", Time since last: 1000215416 ns, Reaching safepoint: 106664 ns, At safepoint: 18596 ns, Total: 125260 ns
[2020-09-11T14:13:18.413+0000][1][safepoint    ] Safepoint "Cleanup", Time since last: 1001134033 ns, Reaching safepoint: 111298 ns, At safepoint: 17283 ns, Total: 128581 ns
[2020-09-11T14:13:19.414+0000][1][safepoint    ] Safepoint "Cleanup", Time since last: 1000210212 ns, Reaching safepoint: 114856 ns, At safepoint: 18082 ns, Total: 132938 ns
[2020-09-11T14:13:20.414+0000][1][safepoint    ] Safepoint "Cleanup", Time since last: 1000231037 ns, Reaching safepoint: 104390 ns, At safepoint: 18415 ns, Total: 122805 ns
[2020-09-11T14:13:21.414+0000][1][safepoint    ] Safepoint "Cleanup", Time since last: 1000207167 ns, Reaching safepoint: 105980 ns, At safepoint: 18322 ns, Total: 124302 ns
[2020-09-11T14:13:22.415+0000][1][safepoint    ] Safepoint "Cleanup", Time since last: 1000237299 ns, Reaching safepoint: 107637 ns, At safepoint: 17483 ns, Total: 125120 ns
[2020-09-11T14:13:23.416+0000][1][safepoint    ] Safepoint "Cleanup", Time since last: 1001147397 ns, Reaching safepoint: 87682 ns, At safepoint: 6677 ns, Total: 94359 ns
[2020-09-11T14:13:24.416+0000][1][safepoint    ] Safepoint "Cleanup", Time since last: 1000170986 ns, Reaching safepoint: 88768 ns, At safepoint: 6537 ns, Total: 95305 ns
[2020-09-11T14:13:25.417+0000][1][safepoint    ] Safepoint "Cleanup", Time since last: 1000176724 ns, Reaching safepoint: 120888 ns, At safepoint: 17567 ns, Total: 138455 ns
[2020-09-11T14:13:26.417+0000][1][safepoint    ] Safepoint "Cleanup", Time since last: 1000204094 ns, Reaching safepoint: 100497 ns, At safepoint: 6692 ns, Total: 107189 ns
[2020-09-11T14:13:27.151+0000][1][safepoint    ] Safepoint "RevokeBias", Time since last: 733433134 ns, Reaching safepoint: 994615 ns, At safepoint: 67638 ns, Total: 1062253 ns
[2020-09-11T14:13:27.159+0000][1][safepoint    ] Safepoint "RevokeBias", Time since last: 7266465 ns, Reaching safepoint: 183279 ns, At safepoint: 50625 ns, Total: 233904 ns
[2020-09-11T14:13:28.159+0000][1][safepoint    ] Safepoint "Cleanup", Time since last: 1000140230 ns, Reaching safepoint: 121612 ns, At safepoint: 17607 ns, Total: 139219 ns
[2020-09-11T14:13:29.160+0000][1][safepoint    ] Safepoint "Cleanup", Time since last: 1000249662 ns, Reaching safepoint: 93443 ns, At safepoint: 7485 ns, Total: 100928 ns
[2020-09-11T14:13:31.160+0000][1][safepoint    ] Safepoint "Cleanup", Time since last: 2000293231 ns, Reaching safepoint: 155573 ns, At safepoint: 18650 ns, Total: 174223 ns
[2020-09-11T14:13:32.160+0000][1][safepoint    ] Safepoint "Cleanup", Time since last: 1000203379 ns, Reaching safepoint: 127550 ns, At safepoint: 17800 ns, Total: 145350 ns
[2020-09-11T14:13:33.161+0000][1][safepoint    ] Safepoint "Cleanup", Time since last: 1000213465 ns, Reaching safepoint: 141064 ns, At safepoint: 17901 ns, Total: 158965 ns
[2020-09-11T14:13:34.161+0000][1][safepoint    ] Safepoint "Cleanup", Time since last: 1000214100 ns, Reaching safepoint: 95077 ns, At safepoint: 7394 ns, Total: 102471 ns
[2020-09-11T14:13:35.161+0000][1][safepoint    ] Safepoint "Cleanup", Time since last: 1000172157 ns, Reaching safepoint: 89673 ns, At safepoint: 6827 ns, Total: 96500 ns
[2020-09-11T14:13:36.162+0000][1][safepoint    ] Safepoint "Cleanup", Time since last: 1000178577 ns, Reaching safepoint: 97379 ns, At safepoint: 7643 ns, Total: 105022 ns
[2020-09-11T14:13:37.162+0000][1][safepoint    ] Safepoint "Cleanup", Time since last: 1000203557 ns, Reaching safepoint: 98378 ns, At safepoint: 7022 ns, Total: 105400 ns
[2020-09-11T14:13:38.162+0000][1][safepoint    ] Safepoint "Cleanup", Time since last: 1000192387 ns, Reaching safepoint: 96462 ns, At safepoint: 7299 ns, Total: 103761 ns
[2020-09-11T14:13:39.163+0000][1][safepoint    ] Safepoint "Cleanup", Time since last: 1000184342 ns, Reaching safepoint: 121031 ns, At safepoint: 18292 ns, Total: 139323 ns
[2020-09-11T14:13:40.163+0000][1][safepoint    ] Safepoint "Cleanup", Time since last: 1000214550 ns, Reaching safepoint: 141140 ns, At safepoint: 19007 ns, Total: 160147 ns
[2020-09-11T14:13:41.163+0000][1][safepoint    ] Safepoint "Cleanup", Time since last: 1000218043 ns, Reaching safepoint: 146820 ns, At safepoint: 18506 ns, Total: 165326 ns
[2020-09-11T14:13:42.164+0000][1][safepoint    ] Safepoint "Cleanup", Time since last: 1000249581 ns, Reaching safepoint: 125210 ns, At safepoint: 18082 ns, Total: 143292 ns
[2020-09-11T14:13:43.164+0000][1][safepoint    ] Safepoint "Cleanup", Time since last: 1000251074 ns, Reaching safepoint: 113908 ns, At safepoint: 7582 ns, Total: 121490 ns
[2020-09-11T14:13:44.164+0000][1][safepoint    ] Safepoint "Cleanup", Time since last: 1000170993 ns, Reaching safepoint: 142337 ns, At safepoint: 18242 ns, Total: 160579 ns
[2020-09-11T14:13:45.165+0000][1][safepoint    ] Safepoint "Cleanup", Time since last: 1000207438 ns, Reaching safepoint: 117694 ns, At safepoint: 18018 ns, Total: 135712 ns
[2020-09-11T14:13:46.165+0000][1][safepoint    ] Safepoint "Cleanup", Time since last: 1000217585 ns, Reaching safepoint: 120122 ns, At safepoint: 17854 ns, Total: 137976 ns
[2020-09-11T14:13:49.166+0000][1][safepoint    ] Safepoint "Cleanup", Time since last: 3000487533 ns, Reaching safepoint: 132217 ns, At safepoint: 19561 ns, Total: 151778 ns
[2020-09-11T14:13:50.166+0000][1][safepoint    ] Safepoint "Cleanup", Time since last: 1000216499 ns, Reaching safepoint: 127637 ns, At safepoint: 18278 ns, Total: 145915 ns
[2020-09-11T14:13:51.167+0000][1][safepoint    ] Safepoint "Cleanup", Time since last: 1000237975 ns, Reaching safepoint: 141649 ns, At safepoint: 19575 ns, Total: 161224 ns
[2020-09-11T14:13:52.167+0000][1][safepoint    ] Safepoint "Cleanup", Time since last: 1000211396 ns, Reaching safepoint: 97761 ns, At safepoint: 7706 ns, Total: 105467 ns
[2020-09-11T14:13:53.167+0000][1][safepoint    ] Safepoint "Cleanup", Time since last: 1000176084 ns, Reaching safepoint: 116424 ns, At safepoint: 17670 ns, Total: 134094 ns
[2020-09-11T14:13:54.168+0000][1][safepoint    ] Safepoint "Cleanup", Time since last: 1000211710 ns, Reaching safepoint: 164427 ns, At safepoint: 16355 ns, Total: 180782 ns
[2020-09-11T14:13:55.168+0000][1][safepoint    ] Safepoint "Cleanup", Time since last: 1000206615 ns, Reaching safepoint: 139944 ns, At safepoint: 19662 ns, Total: 159606 ns
[2020-09-11T14:13:56.168+0000][1][safepoint    ] Safepoint "Cleanup", Time since last: 1000223380 ns, Reaching safepoint: 128318 ns, At safepoint: 19575 ns, Total: 147893 ns
[2020-09-11T14:13:57.169+0000][1][safepoint    ] Safepoint "Cleanup", Time since last: 1000212035 ns, Reaching safepoint: 111840 ns, At safepoint: 17299 ns, Total: 129139 ns
[2020-09-11T14:13:58.169+0000][1][safepoint    ] Safepoint "Cleanup", Time since last: 1000204151 ns, Reaching safepoint: 95079 ns, At safepoint: 6856 ns, Total: 101935 ns
[2020-09-11T14:13:59.169+0000][1][safepoint    ] Safepoint "Cleanup", Time since last: 1000170105 ns, Reaching safepoint: 140716 ns, At safepoint: 18493 ns, Total: 159209 ns
[2020-09-11T14:14:00.170+0000][1][safepoint    ] Safepoint "Cleanup", Time since last: 1000201589 ns, Reaching safepoint: 124151 ns, At safepoint: 17594 ns, Total: 141745 ns
[2020-09-11T14:14:01.170+0000][1][safepoint    ] Safepoint "Cleanup", Time since last: 1000210503 ns, Reaching safepoint: 114700 ns, At safepoint: 17523 ns, Total: 132223 ns
[2020-09-11T14:14:02.170+0000][1][safepoint    ] Safepoint "Cleanup", Time since last: 1000211355 ns, Reaching safepoint: 116487 ns, At safepoint: 17049 ns, Total: 133536 ns
[2020-09-11T14:14:03.171+0000][1][safepoint    ] Safepoint "Cleanup", Time since last: 1000229058 ns, Reaching safepoint: 118826 ns, At safepoint: 18052 ns, Total: 136878 ns
[2020-09-11T14:14:04.171+0000][1][safepoint    ] Safepoint "Cleanup", Time since last: 1000216568 ns, Reaching safepoint: 114423 ns, At safepoint: 17964 ns, Total: 132387 ns
[2020-09-11T14:14:04.523+0000][1][gc,start     ] GC(68) Pause Young (Allocation Failure)
[2020-09-11T14:14:04.523+0000][1][gc,task      ] GC(68) Using 1 workers of 1 for evacuation
[2020-09-11T14:14:04.548+0000][1][gc,age       ] GC(68) Desired survivor size 4358144 bytes, new threshold 6 (max threshold 6)
[2020-09-11T14:14:04.548+0000][1][gc,age       ] GC(68) Age table with threshold 6 (max threshold 6)
[2020-09-11T14:14:04.548+0000][1][gc,age       ] GC(68) - age   1:      29696 bytes,      29696 total
[2020-09-11T14:14:04.548+0000][1][gc,age       ] GC(68) - age   2:    1772048 bytes,    1801744 total
[2020-09-11T14:14:04.548+0000][1][gc,age       ] GC(68) - age   3:    1340776 bytes,    3142520 total
[2020-09-11T14:14:04.548+0000][1][gc,heap      ] GC(68) ParNew: 72949K->3892K(76672K)
[2020-09-11T14:14:04.548+0000][1][gc,heap      ] GC(68) CMS: 95824K->97166K(2011968K)
[2020-09-11T14:14:04.548+0000][1][gc,metaspace ] GC(68) Metaspace: 78937K->78937K(1122304K)
[2020-09-11T14:14:04.548+0000][1][gc           ] GC(68) Pause Young (Allocation Failure) 164M->98M(2039M) 25.330ms
[2020-09-11T14:14:04.548+0000][1][gc,cpu       ] GC(68) User=0.03s Sys=0.00s Real=0.03s
[2020-09-11T14:14:04.548+0000][1][safepoint    ] Safepoint "GenCollectForAllocation", Time since last: 351382364 ns, Reaching safepoint: 112682 ns, At safepoint: 25405253 ns, Total: 25517935 ns
[2020-09-11T14:14:06.552+0000][1][safepoint    ] Safepoint "Cleanup", Time since last: 2003854263 ns, Reaching safepoint: 136193 ns, At safepoint: 16992 ns, Total: 153185 ns
[2020-09-11T14:14:07.552+0000][1][safepoint    ] Safepoint "Cleanup", Time since last: 1000225028 ns, Reaching safepoint: 126630 ns, At safepoint: 18225 ns, Total: 144855 ns
[2020-09-11T14:14:08.553+0000][1][safepoint    ] Safepoint "Cleanup", Time since last: 1000212922 ns, Reaching safepoint: 110658 ns, At safepoint: 16147 ns, Total: 126805 ns
[2020-09-11T14:14:09.555+0000][1][safepoint    ] Safepoint "Cleanup", Time since last: 1001969188 ns, Reaching safepoint: 168887 ns, At safepoint: 8347 ns, Total: 177234 ns
[2020-09-11T14:14:10.555+0000][1][safepoint    ] Safepoint "Cleanup", Time since last: 1000177905 ns, Reaching safepoint: 122872 ns, At safepoint: 16581 ns, Total: 139453 ns
[2020-09-11T14:14:11.555+0000][1][safepoint    ] Safepoint "Cleanup", Time since last: 1000236373 ns, Reaching safepoint: 96163 ns, At safepoint: 6534 ns, Total: 102697 ns
[2020-09-11T14:14:12.556+0000][1][safepoint    ] Safepoint "Cleanup", Time since last: 1000195355 ns, Reaching safepoint: 80614 ns, At safepoint: 7125 ns, Total: 87739 ns
[2020-09-11T14:14:13.556+0000][1][safepoint    ] Safepoint "Cleanup", Time since last: 1000197323 ns, Reaching safepoint: 117967 ns, At safepoint: 17471 ns, Total: 135438 ns
[2020-09-11T14:14:14.556+0000][1][safepoint    ] Safepoint "Cleanup", Time since last: 1000202975 ns, Reaching safepoint: 92246 ns, At safepoint: 5907 ns, Total: 98153 ns
[2020-09-11T14:14:15.557+0000][1][safepoint    ] Safepoint "Cleanup", Time since last: 1000161143 ns, Reaching safepoint: 121863 ns, At safepoint: 18138 ns, Total: 140001 ns
[2020-09-11T14:14:16.557+0000][1][safepoint    ] Safepoint "Cleanup", Time since last: 1000198379 ns, Reaching safepoint: 91173 ns, At safepoint: 6750 ns, Total: 97923 ns
[2020-09-11T14:14:17.557+0000][1][safepoint    ] Safepoint "Cleanup", Time since last: 1000184823 ns, Reaching safepoint: 120697 ns, At safepoint: 17824 ns, Total: 138521 ns
[2020-09-11T14:14:19.558+0000][1][safepoint    ] Safepoint "Cleanup", Time since last: 2000381453 ns, Reaching safepoint: 119628 ns, At safepoint: 17647 ns, Total: 137275 ns
[2020-09-11T14:14:20.558+0000][1][safepoint    ] Safepoint "Cleanup", Time since last: 1000224370 ns, Reaching safepoint: 85038 ns, At safepoint: 6154 ns, Total: 91192 ns
[2020-09-11T14:14:21.558+0000][1][safepoint    ] Safepoint "Cleanup", Time since last: 1000171908 ns, Reaching safepoint: 86897 ns, At safepoint: 7281 ns, Total: 94178 ns
[2020-09-11T14:14:23.559+0000][1][safepoint    ] Safepoint "Cleanup", Time since last: 2000348825 ns, Reaching safepoint: 93499 ns, At safepoint: 7041 ns, Total: 100540 ns
[2020-09-11T14:14:24.559+0000][1][safepoint    ] Safepoint "Cleanup", Time since last: 1000162122 ns, Reaching safepoint: 91248 ns, At safepoint: 6587 ns, Total: 97835 ns
[2020-09-11T14:14:26.560+0000][1][safepoint    ] Safepoint "Cleanup", Time since last: 2000403932 ns, Reaching safepoint: 65696 ns, At safepoint: 4509 ns, Total: 70205 ns
[2020-09-11T14:14:28.560+0000][1][safepoint    ] Safepoint "Cleanup", Time since last: 2000359646 ns, Reaching safepoint: 124997 ns, At safepoint: 17333 ns, Total: 142330 ns
[2020-09-11T14:14:29.560+0000][1][safepoint    ] Safepoint "Cleanup", Time since last: 1000230172 ns, Reaching safepoint: 84848 ns, At safepoint: 7074 ns, Total: 91922 ns
[2020-09-11T14:14:30.561+0000][1][safepoint    ] Safepoint "Cleanup", Time since last: 1000161237 ns, Reaching safepoint: 107783 ns, At safepoint: 6579 ns, Total: 114362 ns
[2020-09-11T14:14:31.561+0000][1][safepoint    ] Safepoint "Cleanup", Time since last: 1000174191 ns, Reaching safepoint: 121429 ns, At safepoint: 18990 ns, Total: 140419 ns
[2020-09-11T14:14:32.561+0000][1][safepoint    ] Safepoint "Cleanup", Time since last: 1000213470 ns, Reaching safepoint: 140803 ns, At safepoint: 19144 ns, Total: 159947 ns
[2020-09-11T14:14:33.562+0000][1][safepoint    ] Safepoint "Cleanup", Time since last: 1000176912 ns, Reaching safepoint: 105572 ns, At safepoint: 7569 ns, Total: 113141 ns
[2020-09-11T14:14:34.562+0000][1][safepoint    ] Safepoint "Cleanup", Time since last: 1000131303 ns, Reaching safepoint: 119414 ns, At safepoint: 16307 ns, Total: 135721 ns
[2020-09-11T14:14:35.562+0000][1][safepoint    ] Safepoint "Cleanup", Time since last: 1000211710 ns, Reaching safepoint: 126062 ns, At safepoint: 17831 ns, Total: 143893 ns
[2020-09-11T14:14:37.563+0000][1][safepoint    ] Safepoint "Cleanup", Time since last: 2000367296 ns, Reaching safepoint: 196505 ns, At safepoint: 19030 ns, Total: 215535 ns
[2020-09-11T14:14:38.563+0000][1][safepoint    ] Safepoint "Cleanup", Time since last: 1000218326 ns, Reaching safepoint: 93535 ns, At safepoint: 7328 ns, Total: 100863 ns
[2020-09-11T14:14:39.563+0000][1][safepoint    ] Safepoint "Cleanup", Time since last: 1000200386 ns, Reaching safepoint: 93582 ns, At safepoint: 6419 ns, Total: 100001 ns
[2020-09-11T14:14:40.564+0000][1][safepoint    ] Safepoint "Cleanup", Time since last: 1000190269 ns, Reaching safepoint: 92319 ns, At safepoint: 6966 ns, Total: 99285 ns
[2020-09-11T14:14:41.564+0000][1][safepoint    ] Safepoint "Cleanup", Time since last: 1000209394 ns, Reaching safepoint: 83799 ns, At safepoint: 7371 ns, Total: 91170 ns
[2020-09-11T14:14:45.565+0000][1][safepoint    ] Safepoint "Cleanup", Time since last: 4000575262 ns, Reaching safepoint: 95835 ns, At safepoint: 7140 ns, Total: 102975 ns
[2020-09-11T14:14:46.565+0000][1][safepoint    ] Safepoint "Cleanup", Time since last: 1000187174 ns, Reaching safepoint: 89726 ns, At safepoint: 7162 ns, Total: 96888 ns
[2020-09-11T14:14:47.565+0000][1][safepoint    ] Safepoint "Cleanup", Time since last: 1000179178 ns, Reaching safepoint: 91193 ns, At safepoint: 7292 ns, Total: 98485 ns
[2020-09-11T14:14:48.566+0000][1][safepoint    ] Safepoint "Cleanup", Time since last: 1000175919 ns, Reaching safepoint: 90350 ns, At safepoint: 6532 ns, Total: 96882 ns
[2020-09-11T14:14:50.566+0000][1][safepoint    ] Safepoint "Cleanup", Time since last: 2000386524 ns, Reaching safepoint: 91121 ns, At safepoint: 7232 ns, Total: 98353 ns
[2020-09-11T14:14:51.566+0000][1][safepoint    ] Safepoint "Cleanup", Time since last: 1000134737 ns, Reaching safepoint: 68293 ns, At safepoint: 7560 ns, Total: 75853 ns
[2020-09-11T14:14:53.567+0000][1][safepoint    ] Safepoint "Cleanup", Time since last: 2000266073 ns, Reaching safepoint: 173161 ns, At safepoint: 20757 ns, Total: 193918 ns
[2020-09-11T14:14:54.567+0000][1][safepoint    ] Safepoint "Cleanup", Time since last: 1000224055 ns, Reaching safepoint: 120256 ns, At safepoint: 17780 ns, Total: 138036 ns
[2020-09-11T14:14:56.164+0000][1][safepoint    ] Safepoint "Cleanup", Time since last: 1596523538 ns, Reaching safepoint: 143339 ns, At safepoint: 8096 ns, Total: 151435 ns
[2020-09-11T14:14:57.164+0000][1][safepoint    ] Safepoint "Cleanup", Time since last: 1000188891 ns, Reaching safepoint: 118408 ns, At safepoint: 18025 ns, Total: 136433 ns
[2020-09-11T14:14:58.166+0000][1][safepoint    ] Safepoint "Cleanup", Time since last: 1000644524 ns, Reaching safepoint: 783504 ns, At safepoint: 22729 ns, Total: 806233 ns
[2020-09-11T14:14:59.166+0000][1][safepoint    ] Safepoint "Cleanup", Time since last: 1000211407 ns, Reaching safepoint: 84759 ns, At safepoint: 7009 ns, Total: 91768 ns
[2020-09-11T14:15:00.166+0000][1][safepoint    ] Safepoint "Cleanup", Time since last: 1000190608 ns, Reaching safepoint: 119454 ns, At safepoint: 17280 ns, Total: 136734 ns
[2020-09-11T14:15:01.166+0000][1][safepoint    ] Safepoint "Cleanup", Time since last: 1000210278 ns, Reaching safepoint: 101579 ns, At safepoint: 16658 ns, Total: 118237 ns
[2020-09-11T14:15:02.167+0000][1][safepoint    ] Safepoint "Cleanup", Time since last: 1000203293 ns, Reaching safepoint: 134185 ns, At safepoint: 17968 ns, Total: 152153 ns
[2020-09-11T14:15:02.729+0000][1][gc,start     ] GC(69) Pause Young (Allocation Failure)
[2020-09-11T14:15:02.729+0000][1][gc,task      ] GC(69) Using 1 workers of 1 for evacuation
[2020-09-11T14:15:02.748+0000][1][gc,age       ] GC(69) Desired survivor size 4358144 bytes, new threshold 6 (max threshold 6)
[2020-09-11T14:15:02.748+0000][1][gc,age       ] GC(69) Age table with threshold 6 (max threshold 6)
[2020-09-11T14:15:02.748+0000][1][gc,age       ] GC(69) - age   1:      29944 bytes,      29944 total
[2020-09-11T14:15:02.748+0000][1][gc,age       ] GC(69) - age   2:      14776 bytes,      44720 total
[2020-09-11T14:15:02.748+0000][1][gc,age       ] GC(69) - age   3:    1768976 bytes,    1813696 total
[2020-09-11T14:15:02.748+0000][1][gc,age       ] GC(69) - age   4:    1340776 bytes,    3154472 total
[2020-09-11T14:15:02.749+0000][1][gc,heap      ] GC(69) ParNew: 72052K->3274K(76672K)
[2020-09-11T14:15:02.749+0000][1][gc,heap      ] GC(69) CMS: 97166K->97166K(2011968K)
[2020-09-11T14:15:02.749+0000][1][gc,metaspace ] GC(69) Metaspace: 79217K->79217K(1122304K)
[2020-09-11T14:15:02.749+0000][1][gc           ] GC(69) Pause Young (Allocation Failure) 165M->98M(2039M) 19.493ms
[2020-09-11T14:15:02.749+0000][1][gc,cpu       ] GC(69) User=0.02s Sys=0.00s Real=0.02s
[2020-09-11T14:15:02.749+0000][1][safepoint    ] Safepoint "GenCollectForAllocation", Time since last: 562028381 ns, Reaching safepoint: 203802 ns, At safepoint: 19570566 ns, Total: 19774368 ns
[2020-09-11T14:15:03.751+0000][1][safepoint    ] Safepoint "Cleanup", Time since last: 1002233326 ns, Reaching safepoint: 141919 ns, At safepoint: 18546 ns, Total: 160465 ns
[2020-09-11T14:15:04.751+0000][1][safepoint    ] Safepoint "Cleanup", Time since last: 1000270253 ns, Reaching safepoint: 170111 ns, At safepoint: 15996 ns, Total: 186107 ns
[2020-09-11T14:15:05.752+0000][1][safepoint    ] Safepoint "Cleanup", Time since last: 1000159692 ns, Reaching safepoint: 169763 ns, At safepoint: 7034 ns, Total: 176797 ns
[2020-09-11T14:15:06.752+0000][1][safepoint    ] Safepoint "Cleanup", Time since last: 1000133314 ns, Reaching safepoint: 122127 ns, At safepoint: 15963 ns, Total: 138090 ns
[2020-09-11T14:15:07.752+0000][1][safepoint    ] Safepoint "Cleanup", Time since last: 1000224325 ns, Reaching safepoint: 118135 ns, At safepoint: 18265 ns, Total: 136400 ns
[2020-09-11T14:15:08.753+0000][1][safepoint    ] Safepoint "Cleanup", Time since last: 1000225939 ns, Reaching safepoint: 129543 ns, At safepoint: 18065 ns, Total: 147608 ns
[2020-09-11T14:15:09.753+0000][1][safepoint    ] Safepoint "Cleanup", Time since last: 1000222924 ns, Reaching safepoint: 114212 ns, At safepoint: 18800 ns, Total: 133012 ns
[2020-09-11T14:15:10.754+0000][1][safepoint    ] Safepoint "Cleanup", Time since last: 1000237572 ns, Reaching safepoint: 123804 ns, At safepoint: 17457 ns, Total: 141261 ns
[2020-09-11T14:15:12.754+0000][1][safepoint    ] Safepoint "Cleanup", Time since last: 2000313842 ns, Reaching safepoint: 106255 ns, At safepoint: 6573 ns, Total: 112828 ns
[2020-09-11T14:15:13.754+0000][1][safepoint    ] Safepoint "Cleanup", Time since last: 1000178986 ns, Reaching safepoint: 101891 ns, At safepoint: 7682 ns, Total: 109573 ns
[2020-09-11T14:15:15.755+0000][1][safepoint    ] Safepoint "Cleanup", Time since last: 2000268820 ns, Reaching safepoint: 138023 ns, At safepoint: 17944 ns, Total: 155967 ns
[2020-09-11T14:15:16.755+0000][1][safepoint    ] Safepoint "Cleanup", Time since last: 1000240678 ns, Reaching safepoint: 124362 ns, At safepoint: 16815 ns, Total: 141177 ns
[2020-09-11T14:15:19.756+0000][1][safepoint    ] Safepoint "Cleanup", Time since last: 3000526972 ns, Reaching safepoint: 124613 ns, At safepoint: 18061 ns, Total: 142674 ns
[2020-09-11T14:15:20.756+0000][1][safepoint    ] Safepoint "Cleanup", Time since last: 1000228574 ns, Reaching safepoint: 121432 ns, At safepoint: 16404 ns, Total: 137836 ns
[2020-09-11T14:15:22.757+0000][1][safepoint    ] Safepoint "Cleanup", Time since last: 2000378576 ns, Reaching safepoint: 145103 ns, At safepoint: 18389 ns, Total: 163492 ns
[2020-09-11T14:15:23.757+0000][1][safepoint    ] Safepoint "Cleanup", Time since last: 1000242250 ns, Reaching safepoint: 116866 ns, At safepoint: 7636 ns, Total: 124502 ns
[2020-09-11T14:15:24.757+0000][1][safepoint    ] Safepoint "Cleanup", Time since last: 1000172502 ns, Reaching safepoint: 123484 ns, At safepoint: 16872 ns, Total: 140356 ns
[2020-09-11T14:15:25.758+0000][1][safepoint    ] Safepoint "Cleanup", Time since last: 1000205366 ns, Reaching safepoint: 102823 ns, At safepoint: 7047 ns, Total: 109870 ns
[2020-09-11T14:15:27.758+0000][1][safepoint    ] Safepoint "Cleanup", Time since last: 2000237086 ns, Reaching safepoint: 112425 ns, At safepoint: 16023 ns, Total: 128448 ns
[2020-09-11T14:15:28.758+0000][1][safepoint    ] Safepoint "Cleanup", Time since last: 1000179917 ns, Reaching safepoint: 132143 ns, At safepoint: 17036 ns, Total: 149179 ns
[2020-09-11T14:15:29.759+0000][1][safepoint    ] Safepoint "Cleanup", Time since last: 1000211377 ns, Reaching safepoint: 113911 ns, At safepoint: 17911 ns, Total: 131822 ns
[2020-09-11T14:15:30.759+0000][1][safepoint    ] Safepoint "Cleanup", Time since last: 1000218970 ns, Reaching safepoint: 89248 ns, At safepoint: 6385 ns, Total: 95633 ns
[2020-09-11T14:15:31.759+0000][1][safepoint    ] Safepoint "Cleanup", Time since last: 1000123785 ns, Reaching safepoint: 65652 ns, At safepoint: 7007 ns, Total: 72659 ns
[2020-09-11T14:15:32.760+0000][1][safepoint    ] Safepoint "Cleanup", Time since last: 1000381998 ns, Reaching safepoint: 125925 ns, At safepoint: 19391 ns, Total: 145316 ns
[2020-09-11T14:15:33.760+0000][1][safepoint    ] Safepoint "Cleanup", Time since last: 1000242098 ns, Reaching safepoint: 101994 ns, At safepoint: 7424 ns, Total: 109418 ns
[2020-09-11T14:15:34.760+0000][1][safepoint    ] Safepoint "Cleanup", Time since last: 1000194718 ns, Reaching safepoint: 124198 ns, At safepoint: 16659 ns, Total: 140857 ns
[2020-09-11T14:15:37.761+0000][1][safepoint    ] Safepoint "Cleanup", Time since last: 3000496854 ns, Reaching safepoint: 133908 ns, At safepoint: 18108 ns, Total: 152016 ns
[2020-09-11T14:15:39.762+0000][1][safepoint    ] Safepoint "Cleanup", Time since last: 2000387492 ns, Reaching safepoint: 76632 ns, At safepoint: 7026 ns, Total: 83658 ns
[2020-09-11T14:15:40.762+0000][1][safepoint    ] Safepoint "Cleanup", Time since last: 1000190548 ns, Reaching safepoint: 111325 ns, At safepoint: 16431 ns, Total: 127756 ns
[2020-09-11T14:15:41.762+0000][1][safepoint    ] Safepoint "Cleanup", Time since last: 1000219621 ns, Reaching safepoint: 115579 ns, At safepoint: 18058 ns, Total: 133637 ns
[2020-09-11T14:15:42.763+0000][1][safepoint    ] Safepoint "Cleanup", Time since last: 1000223571 ns, Reaching safepoint: 104022 ns, At safepoint: 16558 ns, Total: 120580 ns
[2020-09-11T14:15:43.763+0000][1][safepoint    ] Safepoint "Cleanup", Time since last: 1000240980 ns, Reaching safepoint: 83800 ns, At safepoint: 6927 ns, Total: 90727 ns
[2020-09-11T14:15:44.763+0000][1][safepoint    ] Safepoint "Cleanup", Time since last: 1000100451 ns, Reaching safepoint: 62398 ns, At safepoint: 6310 ns, Total: 68708 ns
[2020-09-11T14:15:45.763+0000][1][safepoint    ] Safepoint "Cleanup", Time since last: 1000173243 ns, Reaching safepoint: 119147 ns, At safepoint: 17864 ns, Total: 137011 ns
[2020-09-11T14:15:46.764+0000][1][safepoint    ] Safepoint "Cleanup", Time since last: 1000214151 ns, Reaching safepoint: 103195 ns, At safepoint: 6175 ns, Total: 109370 ns
[2020-09-11T14:15:47.764+0000][1][safepoint    ] Safepoint "Cleanup", Time since last: 1000175475 ns, Reaching safepoint: 83320 ns, At safepoint: 6851 ns, Total: 90171 ns
[2020-09-11T14:15:48.764+0000][1][safepoint    ] Safepoint "Cleanup", Time since last: 1000180298 ns, Reaching safepoint: 113695 ns, At safepoint: 17156 ns, Total: 130851 ns
[2020-09-11T14:15:49.765+0000][1][safepoint    ] Safepoint "Cleanup", Time since last: 1000250192 ns, Reaching safepoint: 58473 ns, At safepoint: 6938 ns, Total: 65411 ns
[2020-09-11T14:15:50.765+0000][1][safepoint    ] Safepoint "Cleanup", Time since last: 1000164212 ns, Reaching safepoint: 93293 ns, At safepoint: 6426 ns, Total: 99719 ns
[2020-09-11T14:15:51.766+0000][1][safepoint    ] Safepoint "Cleanup", Time since last: 1000992208 ns, Reaching safepoint: 121332 ns, At safepoint: 17494 ns, Total: 138826 ns
[2020-09-11T14:15:52.768+0000][1][safepoint    ] Safepoint "Cleanup", Time since last: 1001785691 ns, Reaching safepoint: 92767 ns, At safepoint: 6111 ns, Total: 98878 ns
[2020-09-11T14:15:53.768+0000][1][safepoint    ] Safepoint "Cleanup", Time since last: 1000176861 ns, Reaching safepoint: 120533 ns, At safepoint: 17450 ns, Total: 137983 ns
[2020-09-11T14:15:54.768+0000][1][safepoint    ] Safepoint "Cleanup", Time since last: 1000219520 ns, Reaching safepoint: 80885 ns, At safepoint: 7188 ns, Total: 88073 ns
[2020-09-11T14:15:56.769+0000][1][safepoint    ] Safepoint "Cleanup", Time since last: 2000312377 ns, Reaching safepoint: 94730 ns, At safepoint: 6350 ns, Total: 101080 ns
[2020-09-11T14:15:57.769+0000][1][safepoint    ] Safepoint "Cleanup", Time since last: 1000198867 ns, Reaching safepoint: 124709 ns, At safepoint: 17043 ns, Total: 141752 ns
[2020-09-11T14:15:59.758+0000][1][gc,start     ] GC(70) Pause Young (Allocation Failure)
[2020-09-11T14:15:59.758+0000][1][gc,task      ] GC(70) Using 1 workers of 1 for evacuation
[2020-09-11T14:15:59.778+0000][1][gc,age       ] GC(70) Desired survivor size 4358144 bytes, new threshold 6 (max threshold 6)
[2020-09-11T14:15:59.778+0000][1][gc,age       ] GC(70) Age table with threshold 6 (max threshold 6)
[2020-09-11T14:15:59.778+0000][1][gc,age       ] GC(70) - age   1:      29888 bytes,      29888 total
[2020-09-11T14:15:59.778+0000][1][gc,age       ] GC(70) - age   2:       9656 bytes,      39544 total
[2020-09-11T14:15:59.778+0000][1][gc,age       ] GC(70) - age   3:      13536 bytes,      53080 total
[2020-09-11T14:15:59.778+0000][1][gc,age       ] GC(70) - age   4:    1768912 bytes,    1821992 total
[2020-09-11T14:15:59.778+0000][1][gc,age       ] GC(70) - age   5:    1340776 bytes,    3162768 total
[2020-09-11T14:15:59.778+0000][1][gc,heap      ] GC(70) ParNew: 71434K->3129K(76672K)
[2020-09-11T14:15:59.778+0000][1][gc,heap      ] GC(70) CMS: 97166K->97166K(2011968K)
[2020-09-11T14:15:59.778+0000][1][gc,metaspace ] GC(70) Metaspace: 79539K->79539K(1122304K)
[2020-09-11T14:15:59.778+0000][1][gc           ] GC(70) Pause Young (Allocation Failure) 164M->97M(2039M) 20.073ms
[2020-09-11T14:15:59.778+0000][1][gc,cpu       ] GC(70) User=0.02s Sys=0.00s Real=0.02s
[2020-09-11T14:15:59.778+0000][1][safepoint    ] Safepoint "GenCollectForAllocation", Time since last: 1988677789 ns, Reaching safepoint: 184236 ns, At safepoint: 20140366 ns, Total: 20324602 ns
[2020-09-11T14:16:00.781+0000][1][safepoint    ] Safepoint "Cleanup", Time since last: 1002097698 ns, Reaching safepoint: 134642 ns, At safepoint: 44903 ns, Total: 179545 ns
[2020-09-11T14:16:01.784+0000][1][safepoint    ] Safepoint "Cleanup", Time since last: 1003513236 ns, Reaching safepoint: 84497 ns, At safepoint: 6042 ns, Total: 90539 ns
[2020-09-11T14:16:02.784+0000][1][safepoint    ] Safepoint "Cleanup", Time since last: 1000171315 ns, Reaching safepoint: 95315 ns, At safepoint: 6773 ns, Total: 102088 ns
[2020-09-11T14:16:03.785+0000][1][safepoint    ] Safepoint "Cleanup", Time since last: 1000183469 ns, Reaching safepoint: 101079 ns, At safepoint: 8351 ns, Total: 109430 ns
[2020-09-11T14:16:04.785+0000][1][safepoint    ] Safepoint "Cleanup", Time since last: 1000172464 ns, Reaching safepoint: 86751 ns, At safepoint: 6688 ns, Total: 93439 ns
[2020-09-11T14:16:05.785+0000][1][safepoint    ] Safepoint "Cleanup", Time since last: 1000170989 ns, Reaching safepoint: 90732 ns, At safepoint: 5841 ns, Total: 96573 ns
[2020-09-11T14:16:06.786+0000][1][safepoint    ] Safepoint "Cleanup", Time since last: 1000786644 ns, Reaching safepoint: 464666 ns, At safepoint: 15279 ns, Total: 479945 ns
[2020-09-11T14:16:07.787+0000][1][safepoint    ] Safepoint "Cleanup", Time since last: 1000196319 ns, Reaching safepoint: 90867 ns, At safepoint: 7031 ns, Total: 97898 ns
[2020-09-11T14:16:08.787+0000][1][safepoint    ] Safepoint "Cleanup", Time since last: 1000176864 ns, Reaching safepoint: 97153 ns, At safepoint: 6984 ns, Total: 104137 ns
[2020-09-11T14:16:09.787+0000][1][safepoint    ] Safepoint "Cleanup", Time since last: 1000103142 ns, Reaching safepoint: 178182 ns, At safepoint: 7474 ns, Total: 185656 ns
[2020-09-11T14:16:10.788+0000][1][safepoint    ] Safepoint "Cleanup", Time since last: 1000209331 ns, Reaching safepoint: 142541 ns, At safepoint: 14496 ns, Total: 157037 ns
[2020-09-11T14:16:11.789+0000][1][safepoint    ] Safepoint "Cleanup", Time since last: 1000965030 ns, Reaching safepoint: 126233 ns, At safepoint: 16789 ns, Total: 143022 ns
[2020-09-11T14:16:12.789+0000][1][safepoint    ] Safepoint "Cleanup", Time since last: 1000254023 ns, Reaching safepoint: 108914 ns, At safepoint: 7624 ns, Total: 116538 ns
[2020-09-11T14:16:13.789+0000][1][safepoint    ] Safepoint "Cleanup", Time since last: 1000136960 ns, Reaching safepoint: 107002 ns, At safepoint: 6498 ns, Total: 113500 ns
[2020-09-11T14:16:14.790+0000][1][safepoint    ] Safepoint "Cleanup", Time since last: 1000104978 ns, Reaching safepoint: 172388 ns, At safepoint: 6988 ns, Total: 179376 ns
[2020-09-11T14:16:15.790+0000][1][safepoint    ] Safepoint "Cleanup", Time since last: 1000109917 ns, Reaching safepoint: 67020 ns, At safepoint: 7741 ns, Total: 74761 ns
[2020-09-11T14:16:15.848+0000][1][safepoint    ] Safepoint "RevokeBias", Time since last: 57898311 ns, Reaching safepoint: 124387 ns, At safepoint: 8341 ns, Total: 132728 ns
[2020-09-11T14:16:15.848+0000][1][safepoint    ] Safepoint "RevokeBias", Time since last: 84989 ns, Reaching safepoint: 93395 ns, At safepoint: 5970 ns, Total: 99365 ns
[2020-09-11T14:16:15.849+0000][1][safepoint    ] Safepoint "RevokeBias", Time since last: 254996 ns, Reaching safepoint: 1001781 ns, At safepoint: 11177 ns, Total: 1012958 ns
[2020-09-11T14:16:15.852+0000][1][safepoint    ] Safepoint "RevokeBias", Time since last: 944236 ns, Reaching safepoint: 1239257 ns, At safepoint: 19858 ns, Total: 1259115 ns
[2020-09-11T14:16:15.852+0000][1][safepoint    ] Safepoint "RevokeBias", Time since last: 196706 ns, Reaching safepoint: 445938 ns, At safepoint: 7665 ns, Total: 453603 ns
[2020-09-11T14:16:15.863+0000][1][safepoint    ] Safepoint "RevokeBias", Time since last: 9824520 ns, Reaching safepoint: 552052 ns, At safepoint: 10916 ns, Total: 562968 ns
[2020-09-11T14:16:15.879+0000][1][safepoint    ] Safepoint "RevokeBias", Time since last: 15589778 ns, Reaching safepoint: 493797 ns, At safepoint: 9412 ns, Total: 503209 ns
[2020-09-11T14:16:15.883+0000][1][safepoint    ] Safepoint "RevokeBias", Time since last: 2135126 ns, Reaching safepoint: 1867025 ns, At safepoint: 14598 ns, Total: 1881623 ns
[2020-09-11T14:16:15.883+0000][1][safepoint    ] Safepoint "RevokeBias", Time since last: 64107 ns, Reaching safepoint: 633668 ns, At safepoint: 7474 ns, Total: 641142 ns
[2020-09-11T14:16:15.886+0000][1][safepoint    ] Safepoint "RevokeBias", Time since last: 304243 ns, Reaching safepoint: 2606863 ns, At safepoint: 14521 ns, Total: 2621384 ns
[2020-09-11T14:16:15.890+0000][1][safepoint    ] Safepoint "RevokeBias", Time since last: 973576 ns, Reaching safepoint: 2789527 ns, At safepoint: 11220 ns, Total: 2800747 ns
[2020-09-11T14:16:15.895+0000][1][safepoint    ] Safepoint "RevokeBias", Time since last: 4416754 ns, Reaching safepoint: 133135 ns, At safepoint: 9064 ns, Total: 142199 ns
[2020-09-11T14:16:15.895+0000][1][safepoint    ] Safepoint "RevokeBias", Time since last: 73471 ns, Reaching safepoint: 109870 ns, At safepoint: 7102 ns, Total: 116972 ns
[2020-09-11T14:16:15.895+0000][1][safepoint    ] Safepoint "RevokeBias", Time since last: 67789 ns, Reaching safepoint: 102839 ns, At safepoint: 6565 ns, Total: 109404 ns
[2020-09-11T14:16:15.895+0000][1][safepoint    ] Safepoint "RevokeBias", Time since last: 103173 ns, Reaching safepoint: 100244 ns, At safepoint: 6182 ns, Total: 106426 ns
[2020-09-11T14:16:15.895+0000][1][safepoint    ] Safepoint "RevokeBias", Time since last: 40960 ns, Reaching safepoint: 112077 ns, At safepoint: 6269 ns, Total: 118346 ns
[2020-09-11T14:16:15.896+0000][1][safepoint    ] Safepoint "RevokeBias", Time since last: 161730 ns, Reaching safepoint: 556612 ns, At safepoint: 6627 ns, Total: 563239 ns
[2020-09-11T14:16:15.897+0000][1][safepoint    ] Safepoint "RevokeBias", Time since last: 661278 ns, Reaching safepoint: 385659 ns, At safepoint: 6898 ns, Total: 392557 ns
[2020-09-11T14:16:15.902+0000][1][safepoint    ] Safepoint "RevokeBias", Time since last: 1617001 ns, Reaching safepoint: 2958652 ns, At safepoint: 8223 ns, Total: 2966875 ns
[2020-09-11T14:16:16.018+0000][1][safepoint    ] Safepoint "RevokeBias", Time since last: 115610074 ns, Reaching safepoint: 1057379 ns, At safepoint: 28986 ns, Total: 1086365 ns
[2020-09-11T14:16:16.019+0000][1][safepoint    ] Safepoint "RevokeBias", Time since last: 361444 ns, Reaching safepoint: 573545 ns, At safepoint: 9549 ns, Total: 583094 ns
[2020-09-11T14:16:16.027+0000][1][safepoint    ] Safepoint "RevokeBias", Time since last: 7410005 ns, Reaching safepoint: 601103 ns, At safepoint: 12550 ns, Total: 613653 ns
[2020-09-11T14:16:16.029+0000][1][safepoint    ] Safepoint "RevokeBias", Time since last: 86561 ns, Reaching safepoint: 1068832 ns, At safepoint: 10689 ns, Total: 1079521 ns
[2020-09-11T14:16:16.031+0000][1][safepoint    ] Safepoint "RevokeBias", Time since last: 63119 ns, Reaching safepoint: 2743166 ns, At safepoint: 13294 ns, Total: 2756460 ns
[2020-09-11T14:16:16.032+0000][1][safepoint    ] Safepoint "RevokeBias", Time since last: 215427 ns, Reaching safepoint: 97201 ns, At safepoint: 7913 ns, Total: 105114 ns
[2020-09-11T14:16:16.033+0000][1][safepoint    ] Safepoint "RevokeBias", Time since last: 35856 ns, Reaching safepoint: 864496 ns, At safepoint: 9556 ns, Total: 874052 ns
[2020-09-11T14:16:16.035+0000][1][safepoint    ] Safepoint "RevokeBias", Time since last: 705185 ns, Reaching safepoint: 1577567 ns, At safepoint: 12635 ns, Total: 1590202 ns
[2020-09-11T14:16:16.035+0000][1][safepoint    ] Safepoint "RevokeBias", Time since last: 67237 ns, Reaching safepoint: 419242 ns, At safepoint: 9690 ns, Total: 428932 ns
[2020-09-11T14:16:16.039+0000][1][safepoint    ] Safepoint "RevokeBias", Time since last: 418295 ns, Reaching safepoint: 3150601 ns, At safepoint: 13148 ns, Total: 3163749 ns
[2020-09-11T14:16:16.040+0000][1][safepoint    ] Safepoint "RevokeBias", Time since last: 65615 ns, Reaching safepoint: 371807 ns, At safepoint: 9451 ns, Total: 381258 ns
[2020-09-11T14:16:16.040+0000][1][safepoint    ] Safepoint "RevokeBias", Time since last: 47141 ns, Reaching safepoint: 592174 ns, At safepoint: 10005 ns, Total: 602179 ns
[2020-09-11T14:16:16.043+0000][1][safepoint    ] Safepoint "RevokeBias", Time since last: 75798 ns, Reaching safepoint: 3208268 ns, At safepoint: 12337 ns, Total: 3220605 ns
[2020-09-11T14:16:16.044+0000][1][safepoint    ] Safepoint "RevokeBias", Time since last: 97422 ns, Reaching safepoint: 90980 ns, At safepoint: 8458 ns, Total: 99438 ns
[2020-09-11T14:16:16.046+0000][1][safepoint    ] Safepoint "RevokeBias", Time since last: 134317 ns, Reaching safepoint: 2520903 ns, At safepoint: 10357 ns, Total: 2531260 ns
[2020-09-11T14:16:16.052+0000][1][safepoint    ] Safepoint "RevokeBias", Time since last: 1770088 ns, Reaching safepoint: 3402392 ns, At safepoint: 41233 ns, Total: 3443625 ns
[2020-09-11T14:16:16.052+0000][1][safepoint    ] Safepoint "RevokeBias", Time since last: 549831 ns, Reaching safepoint: 340306 ns, At safepoint: 27370 ns, Total: 367676 ns
[2020-09-11T14:16:16.064+0000][1][safepoint    ] Safepoint "RevokeBias", Time since last: 10981768 ns, Reaching safepoint: 125351 ns, At safepoint: 34397 ns, Total: 159748 ns
[2020-09-11T14:16:16.073+0000][1][safepoint    ] Safepoint "RevokeBias", Time since last: 5171340 ns, Reaching safepoint: 4507142 ns, At safepoint: 48677 ns, Total: 4555819 ns
[2020-09-11T14:16:16.085+0000][1][safepoint    ] Safepoint "RevokeBias", Time since last: 6104110 ns, Reaching safepoint: 5151183 ns, At safepoint: 54202 ns, Total: 5205385 ns
[2020-09-11T14:16:16.118+0000][1][safepoint    ] Safepoint "RevokeBias", Time since last: 31940155 ns, Reaching safepoint: 1459698 ns, At safepoint: 63107 ns, Total: 1522805 ns
[2020-09-11T14:16:16.122+0000][1][safepoint    ] Safepoint "RevokeBias", Time since last: 791535 ns, Reaching safepoint: 3531343 ns, At safepoint: 47383 ns, Total: 3578726 ns
[2020-09-11T14:16:16.129+0000][1][safepoint    ] Safepoint "RevokeBias", Time since last: 900084 ns, Reaching safepoint: 5195271 ns, At safepoint: 49375 ns, Total: 5244646 ns
[2020-09-11T14:16:16.138+0000][1][safepoint    ] Safepoint "RevokeBias", Time since last: 726184 ns, Reaching safepoint: 1112448 ns, At safepoint: 7291930 ns, Total: 8404378 ns
[2020-09-11T14:16:16.184+0000][1][safepoint    ] Safepoint "RevokeBias", Time since last: 45714065 ns, Reaching safepoint: 142816 ns, At safepoint: 26125 ns, Total: 168941 ns
[2020-09-11T14:16:16.236+0000][1][safepoint    ] Safepoint "BulkRevokeBias", Time since last: 50953570 ns, Reaching safepoint: 884513 ns, At safepoint: 103564 ns, Total: 988077 ns
[2020-09-11T14:16:16.239+0000][1][safepoint    ] Safepoint "RevokeBias", Time since last: 303345 ns, Reaching safepoint: 3002298 ns, At safepoint: 12186 ns, Total: 3014484 ns
[2020-09-11T14:16:16.319+0000][1][safepoint    ] Safepoint "RevokeBias", Time since last: 72410938 ns, Reaching safepoint: 8167667 ns, At safepoint: 16919 ns, Total: 8184586 ns
[2020-09-11T14:16:16.320+0000][1][safepoint    ] Safepoint "RevokeBias", Time since last: 538524 ns, Reaching safepoint: 116909 ns, At safepoint: 6490 ns, Total: 123399 ns
[2020-09-11T14:16:16.324+0000][1][safepoint    ] Safepoint "RevokeBias", Time since last: 3393062 ns, Reaching safepoint: 110142 ns, At safepoint: 7557 ns, Total: 117699 ns
[2020-09-11T14:16:16.324+0000][1][safepoint    ] Safepoint "BulkRevokeBias", Time since last: 692687 ns, Reaching safepoint: 89968 ns, At safepoint: 78510 ns, Total: 168478 ns
[2020-09-11T14:16:16.349+0000][1][safepoint    ] Safepoint "RevokeBias", Time since last: 24529668 ns, Reaching safepoint: 112738 ns, At safepoint: 7910 ns, Total: 120648 ns
[2020-09-11T14:16:16.368+0000][1][safepoint    ] Safepoint "RevokeBias", Time since last: 19093073 ns, Reaching safepoint: 102846 ns, At safepoint: 8039 ns, Total: 110885 ns
[2020-09-11T14:16:16.369+0000][1][safepoint    ] Safepoint "RevokeBias", Time since last: 118274 ns, Reaching safepoint: 88029 ns, At safepoint: 5037 ns, Total: 93066 ns
[2020-09-11T14:16:16.384+0000][1][safepoint    ] Safepoint "RevokeBias", Time since last: 15322655 ns, Reaching safepoint: 99334 ns, At safepoint: 21319 ns, Total: 120653 ns
[2020-09-11T14:16:16.404+0000][1][safepoint    ] Safepoint "RevokeBias", Time since last: 19407870 ns, Reaching safepoint: 104977 ns, At safepoint: 9762 ns, Total: 114739 ns
[2020-09-11T14:16:16.416+0000][1][gc,heap,exit ] Heap
[2020-09-11T14:16:16.416+0000][1][gc,heap,exit ]  par new generation   total 76672K, used 27926K [0x0000000080000000, 0x0000000085330000, 0x0000000085330000)
[2020-09-11T14:16:16.416+0000][1][gc,heap,exit ]   eden space 68160K,  36% used [0x0000000080000000, 0x0000000081837688, 0x0000000084290000)
[2020-09-11T14:16:16.416+0000][1][gc,heap,exit ]   from space 8512K,  36% used [0x0000000084290000, 0x000000008459e448, 0x0000000084ae0000)
[2020-09-11T14:16:16.416+0000][1][gc,heap,exit ]   to   space 8512K,   0% used [0x0000000084ae0000, 0x0000000084ae0000, 0x0000000085330000)
[2020-09-11T14:16:16.416+0000][1][gc,heap,exit ]  concurrent mark-sweep generation total 2011968K, used 97166K [0x0000000085330000, 0x0000000100000000, 0x0000000100000000)
[2020-09-11T14:16:16.416+0000][1][gc,heap,exit ]  Metaspace       used 79749K, capacity 85811K, committed 86056K, reserved 1122304K
[2020-09-11T14:16:16.416+0000][1][gc,heap,exit ]   class space    used 10597K, capacity 13117K, committed 13156K, reserved 1048576K
