[2020-09-11T12:50:43.399+0000][1][gc] Using Concurrent Mark Sweep
[2020-09-11T12:50:43.399+0000][1][gc,heap,coops] Heap address: 0x0000000080000000, size: 2048 MB, Compressed Oops mode: 32-bit
[2020-09-11T12:50:43.656+0000][1][safepoint    ] Safepoint "EnableBiasedLocking", Time since last: 226504453 ns, Reaching safepoint: 5589024 ns, At safepoint: 44248 ns, Total: 5633272 ns
[2020-09-11T12:50:43.669+0000][1][safepoint    ] Safepoint "RevokeBias", Time since last: 12227843 ns, Reaching safepoint: 1012055 ns, At safepoint: 40866 ns, Total: 1052921 ns
[2020-09-11T12:50:43.727+0000][1][safepoint    ] Safepoint "Deoptimize", Time since last: 58474222 ns, Reaching safepoint: 163440 ns, At safepoint: 22938 ns, Total: 186378 ns
[2020-09-11T12:50:44.420+0000][1][safepoint    ] Safepoint "Deoptimize", Time since last: 692253579 ns, Reaching safepoint: 106831 ns, At safepoint: 27292 ns, Total: 134123 ns
[2020-09-11T12:50:44.423+0000][1][safepoint    ] Safepoint "Deoptimize", Time since last: 922713 ns, Reaching safepoint: 2657470 ns, At safepoint: 24472 ns, Total: 2681942 ns
[2020-09-11T12:50:44.659+0000][1][safepoint    ] Safepoint "Deoptimize", Time since last: 233040949 ns, Reaching safepoint: 2304745 ns, At safepoint: 38281 ns, Total: 2343026 ns
[2020-09-11T12:50:45.661+0000][1][safepoint    ] Safepoint "Cleanup", Time since last: 1000102805 ns, Reaching safepoint: 2451352 ns, At safepoint: 7018 ns, Total: 2458370 ns
[2020-09-11T12:50:46.662+0000][1][safepoint    ] Safepoint "Cleanup", Time since last: 1000096190 ns, Reaching safepoint: 120275 ns, At safepoint: 4089 ns, Total: 124364 ns
[2020-09-11T12:50:46.936+0000][1][safepoint    ] Safepoint "Deoptimize", Time since last: 274434850 ns, Reaching safepoint: 97790 ns, At safepoint: 55671 ns, Total: 153461 ns
[2020-09-11T12:50:47.276+0000][1][safepoint    ] Safepoint "Deoptimize", Time since last: 339353876 ns, Reaching safepoint: 104445 ns, At safepoint: 62613 ns, Total: 167058 ns
[2020-09-11T12:50:47.573+0000][1][safepoint    ] Safepoint "Deoptimize", Time since last: 295637624 ns, Reaching safepoint: 1211189 ns, At safepoint: 67994 ns, Total: 1279183 ns
[2020-09-11T12:50:48.580+0000][1][safepoint    ] Safepoint "Cleanup", Time since last: 1006783672 ns, Reaching safepoint: 124466 ns, At safepoint: 6554 ns, Total: 131020 ns
[2020-09-11T12:50:49.544+0000][1][safepoint    ] Safepoint "Deoptimize", Time since last: 963912098 ns, Reaching safepoint: 116081 ns, At safepoint: 82376 ns, Total: 198457 ns
[2020-09-11T12:50:50.546+0000][1][safepoint    ] Safepoint "Cleanup", Time since last: 1001200593 ns, Reaching safepoint: 980712 ns, At safepoint: 5965 ns, Total: 986677 ns
[2020-09-11T12:50:51.745+0000][1][safepoint    ] Safepoint "Deoptimize", Time since last: 1198787037 ns, Reaching safepoint: 98580 ns, At safepoint: 80071 ns, Total: 178651 ns
[2020-09-11T12:50:52.752+0000][1][safepoint    ] Safepoint "Cleanup", Time since last: 1006633285 ns, Reaching safepoint: 123652 ns, At safepoint: 6264 ns, Total: 129916 ns
[2020-09-11T12:50:53.660+0000][1][safepoint    ] Safepoint "Deoptimize", Time since last: 907878454 ns, Reaching safepoint: 112975 ns, At safepoint: 100989 ns, Total: 213964 ns
[2020-09-11T12:50:53.693+0000][1][safepoint    ] Safepoint "Deoptimize", Time since last: 33354126 ns, Reaching safepoint: 92177 ns, At safepoint: 96414 ns, Total: 188591 ns
[2020-09-11T12:50:53.948+0000][1][safepoint    ] Safepoint "Deoptimize", Time since last: 252457297 ns, Reaching safepoint: 1780732 ns, At safepoint: 104682 ns, Total: 1885414 ns
[2020-09-11T12:50:53.988+0000][1][safepoint    ] Safepoint "Deoptimize", Time since last: 40277885 ns, Reaching safepoint: 97208 ns, At safepoint: 105884 ns, Total: 203092 ns
[2020-09-11T12:50:54.057+0000][1][safepoint    ] Safepoint "RevokeBias", Time since last: 68341204 ns, Reaching safepoint: 95994 ns, At safepoint: 37736 ns, Total: 133730 ns
[2020-09-11T12:50:54.058+0000][1][safepoint    ] Safepoint "RevokeBias", Time since last: 1391503 ns, Reaching safepoint: 80264 ns, At safepoint: 16240 ns, Total: 96504 ns
[2020-09-11T12:50:54.058+0000][1][safepoint    ] Safepoint "RevokeBias", Time since last: 64771 ns, Reaching safepoint: 76202 ns, At safepoint: 13565 ns, Total: 89767 ns
[2020-09-11T12:50:54.058+0000][1][safepoint    ] Safepoint "RevokeBias", Time since last: 165584 ns, Reaching safepoint: 76630 ns, At safepoint: 13832 ns, Total: 90462 ns
[2020-09-11T12:50:54.065+0000][1][safepoint    ] Safepoint "RevokeBias", Time since last: 6748390 ns, Reaching safepoint: 245002 ns, At safepoint: 52934 ns, Total: 297936 ns
[2020-09-11T12:50:55.070+0000][1][safepoint    ] Safepoint "Cleanup", Time since last: 1000118266 ns, Reaching safepoint: 4408962 ns, At safepoint: 8625 ns, Total: 4417587 ns
[2020-09-11T12:50:56.078+0000][1][safepoint    ] Safepoint "Cleanup", Time since last: 1005430859 ns, Reaching safepoint: 2884521 ns, At safepoint: 10408 ns, Total: 2894929 ns
[2020-09-11T12:50:56.963+0000][1][gc,start     ] GC(0) Pause Young (Allocation Failure)
[2020-09-11T12:50:56.964+0000][1][gc,task      ] GC(0) Using 1 workers of 1 for evacuation
[2020-09-11T12:50:57.050+0000][1][gc,age       ] GC(0) Desired survivor size 4358144 bytes, new threshold 1 (max threshold 6)
[2020-09-11T12:50:57.050+0000][1][gc,age       ] GC(0) Age table with threshold 1 (max threshold 6)
[2020-09-11T12:50:57.050+0000][1][gc,age       ] GC(0) - age   1:    6422440 bytes,    6422440 total
[2020-09-11T12:50:57.050+0000][1][gc,heap      ] GC(0) ParNew: 68160K->6296K(76672K)
[2020-09-11T12:50:57.050+0000][1][gc,heap      ] GC(0) CMS: 0K->0K(2011968K)
[2020-09-11T12:50:57.050+0000][1][gc,metaspace ] GC(0) Metaspace: 13530K->13530K(1060864K)
[2020-09-11T12:50:57.050+0000][1][gc           ] GC(0) Pause Young (Allocation Failure) 66M->6M(2039M) 86.644ms
[2020-09-11T12:50:57.050+0000][1][gc,cpu       ] GC(0) User=0.02s Sys=0.00s Real=0.08s
[2020-09-11T12:50:57.075+0000][1][safepoint    ] Safepoint "GenCollectForAllocation", Time since last: 882460914 ns, Reaching safepoint: 2678361 ns, At safepoint: 111745680 ns, Total: 114424041 ns
[2020-09-11T12:50:57.097+0000][1][safepoint    ] Safepoint "RevokeBias", Time since last: 19831423 ns, Reaching safepoint: 2053761 ns, At safepoint: 382755 ns, Total: 2436516 ns
[2020-09-11T12:50:57.107+0000][1][safepoint    ] Safepoint "RevokeBias", Time since last: 107538 ns, Reaching safepoint: 85997 ns, At safepoint: 9786527 ns, Total: 9872524 ns
[2020-09-11T12:50:57.108+0000][1][safepoint    ] Safepoint "RevokeBias", Time since last: 85064 ns, Reaching safepoint: 98555 ns, At safepoint: 35045 ns, Total: 133600 ns
[2020-09-11T12:50:57.108+0000][1][safepoint    ] Safepoint "RevokeBias", Time since last: 26631 ns, Reaching safepoint: 78162 ns, At safepoint: 28210 ns, Total: 106372 ns
[2020-09-11T12:50:57.125+0000][1][safepoint    ] Safepoint "RevokeBias", Time since last: 30809 ns, Reaching safepoint: 78934 ns, At safepoint: 17273243 ns, Total: 17352177 ns
[2020-09-11T12:50:57.141+0000][1][safepoint    ] Safepoint "RevokeBias", Time since last: 63726 ns, Reaching safepoint: 15991547 ns, At safepoint: 42965 ns, Total: 16034512 ns
[2020-09-11T12:50:57.143+0000][1][safepoint    ] Safepoint "RevokeBias", Time since last: 424332 ns, Reaching safepoint: 1738770 ns, At safepoint: 37574 ns, Total: 1776344 ns
[2020-09-11T12:50:57.144+0000][1][safepoint    ] Safepoint "RevokeBias", Time since last: 67986 ns, Reaching safepoint: 86105 ns, At safepoint: 24604 ns, Total: 110709 ns
[2020-09-11T12:50:57.144+0000][1][safepoint    ] Safepoint "RevokeBias", Time since last: 52445 ns, Reaching safepoint: 82648 ns, At safepoint: 22292 ns, Total: 104940 ns
[2020-09-11T12:50:57.144+0000][1][safepoint    ] Safepoint "RevokeBias", Time since last: 32169 ns, Reaching safepoint: 81460 ns, At safepoint: 24123 ns, Total: 105583 ns
[2020-09-11T12:50:57.147+0000][1][safepoint    ] Safepoint "RevokeBias", Time since last: 41356 ns, Reaching safepoint: 2534362 ns, At safepoint: 31538 ns, Total: 2565900 ns
[2020-09-11T12:50:57.147+0000][1][safepoint    ] Safepoint "RevokeBias", Time since last: 47613 ns, Reaching safepoint: 89391 ns, At safepoint: 26860 ns, Total: 116251 ns
[2020-09-11T12:50:57.147+0000][1][safepoint    ] Safepoint "RevokeBias", Time since last: 84768 ns, Reaching safepoint: 82134 ns, At safepoint: 22605 ns, Total: 104739 ns
[2020-09-11T12:50:57.147+0000][1][safepoint    ] Safepoint "RevokeBias", Time since last: 42538 ns, Reaching safepoint: 79018 ns, At safepoint: 21289 ns, Total: 100307 ns
[2020-09-11T12:50:57.147+0000][1][safepoint    ] Safepoint "RevokeBias", Time since last: 50689 ns, Reaching safepoint: 79462 ns, At safepoint: 20681 ns, Total: 100143 ns
[2020-09-11T12:50:57.147+0000][1][safepoint    ] Safepoint "RevokeBias", Time since last: 28829 ns, Reaching safepoint: 79773 ns, At safepoint: 31141 ns, Total: 110914 ns
[2020-09-11T12:50:57.148+0000][1][safepoint    ] Safepoint "RevokeBias", Time since last: 659226 ns, Reaching safepoint: 83629 ns, At safepoint: 30678 ns, Total: 114307 ns
[2020-09-11T12:50:57.148+0000][1][safepoint    ] Safepoint "RevokeBias", Time since last: 33124 ns, Reaching safepoint: 80371 ns, At safepoint: 22305 ns, Total: 102676 ns
[2020-09-11T12:50:57.148+0000][1][safepoint    ] Safepoint "RevokeBias", Time since last: 42050 ns, Reaching safepoint: 80070 ns, At safepoint: 21434 ns, Total: 101504 ns
[2020-09-11T12:50:57.149+0000][1][safepoint    ] Safepoint "RevokeBias", Time since last: 28376 ns, Reaching safepoint: 77509 ns, At safepoint: 20516 ns, Total: 98025 ns
[2020-09-11T12:50:57.153+0000][1][safepoint    ] Safepoint "RevokeBias", Time since last: 48055 ns, Reaching safepoint: 4630345 ns, At safepoint: 47076 ns, Total: 4677421 ns
[2020-09-11T12:50:57.155+0000][1][safepoint    ] Safepoint "RevokeBias", Time since last: 60653 ns, Reaching safepoint: 1351495 ns, At safepoint: 40216 ns, Total: 1391711 ns
[2020-09-11T12:50:57.155+0000][1][safepoint    ] Safepoint "RevokeBias", Time since last: 121114 ns, Reaching safepoint: 447792 ns, At safepoint: 33917 ns, Total: 481709 ns
[2020-09-11T12:50:57.155+0000][1][safepoint    ] Safepoint "RevokeBias", Time since last: 39625 ns, Reaching safepoint: 71285 ns, At safepoint: 27369 ns, Total: 98654 ns
[2020-09-11T12:50:57.156+0000][1][safepoint    ] Safepoint "RevokeBias", Time since last: 50775 ns, Reaching safepoint: 285433 ns, At safepoint: 33501 ns, Total: 318934 ns
[2020-09-11T12:50:57.159+0000][1][safepoint    ] Safepoint "RevokeBias", Time since last: 33974 ns, Reaching safepoint: 3602289 ns, At safepoint: 45435 ns, Total: 3647724 ns
[2020-09-11T12:50:57.160+0000][1][safepoint    ] Safepoint "RevokeBias", Time since last: 96490 ns, Reaching safepoint: 677026 ns, At safepoint: 42786 ns, Total: 719812 ns
[2020-09-11T12:50:57.162+0000][1][safepoint    ] Safepoint "RevokeBias", Time since last: 39393 ns, Reaching safepoint: 700317 ns, At safepoint: 1410578 ns, Total: 2110895 ns
[2020-09-11T12:50:57.170+0000][1][safepoint    ] Safepoint "RevokeBias", Time since last: 6954481 ns, Reaching safepoint: 409178 ns, At safepoint: 50075 ns, Total: 459253 ns
[2020-09-11T12:50:57.170+0000][1][safepoint    ] Safepoint "RevokeBias", Time since last: 47628 ns, Reaching safepoint: 92480 ns, At safepoint: 38946 ns, Total: 131426 ns
[2020-09-11T12:50:57.319+0000][1][safepoint    ] Safepoint "Deoptimize", Time since last: 146410495 ns, Reaching safepoint: 2278918 ns, At safepoint: 167881 ns, Total: 2446799 ns
[2020-09-11T12:50:58.324+0000][1][safepoint    ] Safepoint "Cleanup", Time since last: 1004520524 ns, Reaching safepoint: 139536 ns, At safepoint: 7211 ns, Total: 146747 ns
[2020-09-11T12:50:58.795+0000][1][safepoint    ] Safepoint "RevokeBias", Time since last: 467937297 ns, Reaching safepoint: 3914892 ns, At safepoint: 53859 ns, Total: 3968751 ns
[2020-09-11T12:50:59.808+0000][1][safepoint    ] Safepoint "Cleanup", Time since last: 1011928810 ns, Reaching safepoint: 127852 ns, At safepoint: 7038 ns, Total: 134890 ns
[2020-09-11T12:51:00.701+0000][1][safepoint    ] Safepoint "Deoptimize", Time since last: 893225310 ns, Reaching safepoint: 128954 ns, At safepoint: 153733 ns, Total: 282687 ns
[2020-09-11T12:51:01.550+0000][1][safepoint    ] Safepoint "Deoptimize", Time since last: 847321041 ns, Reaching safepoint: 1336375 ns, At safepoint: 162026 ns, Total: 1498401 ns
[2020-09-11T12:51:01.593+0000][1][gc,start     ] GC(1) Pause Young (Allocation Failure)
[2020-09-11T12:51:01.594+0000][1][gc,task      ] GC(1) Using 1 workers of 1 for evacuation
[2020-09-11T12:51:01.802+0000][1][gc,age       ] GC(1) Desired survivor size 4358144 bytes, new threshold 6 (max threshold 6)
[2020-09-11T12:51:01.802+0000][1][gc,age       ] GC(1) Age table with threshold 6 (max threshold 6)
[2020-09-11T12:51:01.802+0000][1][gc,age       ] GC(1) - age   1:    3944920 bytes,    3944920 total
[2020-09-11T12:51:01.802+0000][1][gc,heap      ] GC(1) ParNew: 74456K->4198K(76672K)
[2020-09-11T12:51:01.802+0000][1][gc,heap      ] GC(1) CMS: 0K->6801K(2011968K)
[2020-09-11T12:51:01.802+0000][1][gc,metaspace ] GC(1) Metaspace: 19115K->19115K(1067008K)
[2020-09-11T12:51:01.802+0000][1][gc           ] GC(1) Pause Young (Allocation Failure) 72M->10M(2039M) 208.846ms
[2020-09-11T12:51:01.802+0000][1][gc,cpu       ] GC(1) User=0.05s Sys=0.00s Real=0.21s
[2020-09-11T12:51:01.802+0000][1][safepoint    ] Safepoint "GenCollectForAllocation", Time since last: 43472119 ns, Reaching safepoint: 119425 ns, At safepoint: 208911947 ns, Total: 209031372 ns
[2020-09-11T12:51:01.812+0000][1][safepoint    ] Safepoint "BulkRevokeBias", Time since last: 9090060 ns, Reaching safepoint: 32224 ns, At safepoint: 287848 ns, Total: 320072 ns
[2020-09-11T12:51:01.831+0000][1][safepoint    ] Safepoint "RevokeBias", Time since last: 17249444 ns, Reaching safepoint: 1506085 ns, At safepoint: 540960 ns, Total: 2047045 ns
[2020-09-11T12:51:01.838+0000][1][safepoint    ] Safepoint "RevokeBias", Time since last: 4508406 ns, Reaching safepoint: 1988825 ns, At safepoint: 89141 ns, Total: 2077966 ns
[2020-09-11T12:51:01.848+0000][1][safepoint    ] Safepoint "RevokeBias", Time since last: 8887485 ns, Reaching safepoint: 129156 ns, At safepoint: 1382515 ns, Total: 1511671 ns
[2020-09-11T12:51:01.875+0000][1][safepoint    ] Safepoint "RevokeBias", Time since last: 11377502 ns, Reaching safepoint: 4088557 ns, At safepoint: 11589639 ns, Total: 15678196 ns
[2020-09-11T12:51:01.875+0000][1][safepoint    ] Safepoint "RevokeBias", Time since last: 72590 ns, Reaching safepoint: 103464 ns, At safepoint: 56234 ns, Total: 159698 ns
[2020-09-11T12:51:01.880+0000][1][safepoint    ] Safepoint "RevokeBias", Time since last: 4105396 ns, Reaching safepoint: 104315 ns, At safepoint: 57471 ns, Total: 161786 ns
[2020-09-11T12:51:01.880+0000][1][safepoint    ] Safepoint "BulkRevokeBias", Time since last: 83674 ns, Reaching safepoint: 81770 ns, At safepoint: 56499 ns, Total: 138269 ns
[2020-09-11T12:51:01.880+0000][1][safepoint    ] Safepoint "BulkRevokeBias", Time since last: 26660 ns, Reaching safepoint: 80443 ns, At safepoint: 57666 ns, Total: 138109 ns
[2020-09-11T12:51:02.884+0000][1][safepoint    ] Safepoint "Cleanup", Time since last: 1003483520 ns, Reaching safepoint: 107030 ns, At safepoint: 5621 ns, Total: 112651 ns
[2020-09-11T12:51:02.999+0000][1][safepoint    ] Safepoint "Deoptimize", Time since last: 111543081 ns, Reaching safepoint: 3682351 ns, At safepoint: 171585 ns, Total: 3853936 ns
[2020-09-11T12:51:03.008+0000][1][safepoint    ] Safepoint "RevokeBias", Time since last: 4965949 ns, Reaching safepoint: 3477080 ns, At safepoint: 52849 ns, Total: 3529929 ns
[2020-09-11T12:51:03.009+0000][1][safepoint    ] Safepoint "Deoptimize", Time since last: 987429 ns, Reaching safepoint: 87201 ns, At safepoint: 166680 ns, Total: 253881 ns
[2020-09-11T12:51:04.019+0000][1][safepoint    ] Safepoint "Cleanup", Time since last: 1007805453 ns, Reaching safepoint: 2894715 ns, At safepoint: 11261 ns, Total: 2905976 ns
[2020-09-11T12:51:04.762+0000][1][gc,start     ] GC(2) Pause Young (Allocation Failure)
[2020-09-11T12:51:04.762+0000][1][gc,task      ] GC(2) Using 1 workers of 1 for evacuation
[2020-09-11T12:51:04.845+0000][1][gc,age       ] GC(2) Desired survivor size 4358144 bytes, new threshold 6 (max threshold 6)
[2020-09-11T12:51:04.845+0000][1][gc,age       ] GC(2) Age table with threshold 6 (max threshold 6)
[2020-09-11T12:51:04.845+0000][1][gc,age       ] GC(2) - age   1:     435968 bytes,     435968 total
[2020-09-11T12:51:04.845+0000][1][gc,age       ] GC(2) - age   2:    3895288 bytes,    4331256 total
[2020-09-11T12:51:04.845+0000][1][gc,heap      ] GC(2) ParNew: 72358K->7871K(76672K)
[2020-09-11T12:51:04.845+0000][1][gc,heap      ] GC(2) CMS: 6801K->6801K(2011968K)
[2020-09-11T12:51:04.845+0000][1][gc,metaspace ] GC(2) Metaspace: 20139K->20139K(1067008K)
[2020-09-11T12:51:04.845+0000][1][gc           ] GC(2) Pause Young (Allocation Failure) 77M->14M(2039M) 83.130ms
[2020-09-11T12:51:04.845+0000][1][gc,cpu       ] GC(2) User=0.02s Sys=0.00s Real=0.09s
[2020-09-11T12:51:04.863+0000][1][safepoint    ] Safepoint "GenCollectForAllocation", Time since last: 742617104 ns, Reaching safepoint: 127763 ns, At safepoint: 101250946 ns, Total: 101378709 ns
[2020-09-11T12:51:04.915+0000][1][safepoint    ] Safepoint "RevokeBias", Time since last: 33323442 ns, Reaching safepoint: 17845484 ns, At safepoint: 37206 ns, Total: 17882690 ns
[2020-09-11T12:51:04.915+0000][1][safepoint    ] Safepoint "RevokeBias", Time since last: 87332 ns, Reaching safepoint: 80432 ns, At safepoint: 18438 ns, Total: 98870 ns
[2020-09-11T12:51:04.915+0000][1][safepoint    ] Safepoint "RevokeBias", Time since last: 34595 ns, Reaching safepoint: 78576 ns, At safepoint: 25226 ns, Total: 103802 ns
[2020-09-11T12:51:04.915+0000][1][safepoint    ] Safepoint "RevokeBias", Time since last: 32242 ns, Reaching safepoint: 77851 ns, At safepoint: 24593 ns, Total: 102444 ns
[2020-09-11T12:51:04.915+0000][1][safepoint    ] Safepoint "RevokeBias", Time since last: 30811 ns, Reaching safepoint: 77907 ns, At safepoint: 25064 ns, Total: 102971 ns
[2020-09-11T12:51:04.919+0000][1][safepoint    ] Safepoint "RevokeBias", Time since last: 31560 ns, Reaching safepoint: 77168 ns, At safepoint: 4050495 ns, Total: 4127663 ns
[2020-09-11T12:51:04.920+0000][1][safepoint    ] Safepoint "RevokeBias", Time since last: 146938 ns, Reaching safepoint: 89188 ns, At safepoint: 24905 ns, Total: 114093 ns
[2020-09-11T12:51:04.920+0000][1][safepoint    ] Safepoint "RevokeBias", Time since last: 573894 ns, Reaching safepoint: 83456 ns, At safepoint: 21103 ns, Total: 104559 ns
[2020-09-11T12:51:04.920+0000][1][safepoint    ] Safepoint "RevokeBias", Time since last: 33143 ns, Reaching safepoint: 78104 ns, At safepoint: 17792 ns, Total: 95896 ns
[2020-09-11T12:51:05.922+0000][1][safepoint    ] Safepoint "Cleanup", Time since last: 1001848849 ns, Reaching safepoint: 128986 ns, At safepoint: 5839 ns, Total: 134825 ns
[2020-09-11T12:51:05.968+0000][1][gc,start     ] GC(3) Pause Young (Allocation Failure)
[2020-09-11T12:51:05.968+0000][1][gc,task      ] GC(3) Using 1 workers of 1 for evacuation
[2020-09-11T12:51:06.128+0000][1][gc,age       ] GC(3) Desired survivor size 4358144 bytes, new threshold 3 (max threshold 6)
[2020-09-11T12:51:06.129+0000][1][gc,age       ] GC(3) Age table with threshold 3 (max threshold 6)
[2020-09-11T12:51:06.129+0000][1][gc,age       ] GC(3) - age   1:    1733104 bytes,    1733104 total
[2020-09-11T12:51:06.129+0000][1][gc,age       ] GC(3) - age   2:     408768 bytes,    2141872 total
[2020-09-11T12:51:06.129+0000][1][gc,age       ] GC(3) - age   3:    3895288 bytes,    6037160 total
[2020-09-11T12:51:06.129+0000][1][gc,heap      ] GC(3) ParNew: 76031K->7700K(76672K)
[2020-09-11T12:51:06.129+0000][1][gc,heap      ] GC(3) CMS: 6801K->6801K(2011968K)
[2020-09-11T12:51:06.129+0000][1][gc,metaspace ] GC(3) Metaspace: 20258K->20258K(1067008K)
[2020-09-11T12:51:06.129+0000][1][gc           ] GC(3) Pause Young (Allocation Failure) 80M->14M(2039M) 161.035ms
[2020-09-11T12:51:06.129+0000][1][gc,cpu       ] GC(3) User=0.04s Sys=0.00s Real=0.16s
[2020-09-11T12:51:06.129+0000][1][safepoint    ] Safepoint "GenCollectForAllocation", Time since last: 44968937 ns, Reaching safepoint: 106453 ns, At safepoint: 161096990 ns, Total: 161203443 ns
[2020-09-11T12:51:06.174+0000][1][safepoint    ] Safepoint "RevokeBias", Time since last: 32780968 ns, Reaching safepoint: 12163550 ns, At safepoint: 34035 ns, Total: 12197585 ns
[2020-09-11T12:51:06.174+0000][1][safepoint    ] Safepoint "RevokeBias", Time since last: 70556 ns, Reaching safepoint: 79174 ns, At safepoint: 28932 ns, Total: 108106 ns
[2020-09-11T12:51:06.174+0000][1][safepoint    ] Safepoint "RevokeBias", Time since last: 74363 ns, Reaching safepoint: 77867 ns, At safepoint: 17224 ns, Total: 95091 ns
[2020-09-11T12:51:06.176+0000][1][safepoint    ] Safepoint "RevokeBias", Time since last: 1477551 ns, Reaching safepoint: 98122 ns, At safepoint: 27480 ns, Total: 125602 ns
[2020-09-11T12:51:06.176+0000][1][safepoint    ] Safepoint "RevokeBias", Time since last: 72006 ns, Reaching safepoint: 77760 ns, At safepoint: 23921 ns, Total: 101681 ns
[2020-09-11T12:51:06.176+0000][1][safepoint    ] Safepoint "RevokeBias", Time since last: 27833 ns, Reaching safepoint: 75997 ns, At safepoint: 19017 ns, Total: 95014 ns
[2020-09-11T12:51:06.176+0000][1][safepoint    ] Safepoint "RevokeBias", Time since last: 30697 ns, Reaching safepoint: 76127 ns, At safepoint: 17013 ns, Total: 93140 ns
[2020-09-11T12:51:06.176+0000][1][safepoint    ] Safepoint "RevokeBias", Time since last: 25794 ns, Reaching safepoint: 75343 ns, At safepoint: 16019 ns, Total: 91362 ns
[2020-09-11T12:51:06.984+0000][1][safepoint    ] Safepoint "CollectForMetadataAllocation", Time since last: 807376627 ns, Reaching safepoint: 116969 ns, At safepoint: 126111 ns, Total: 243080 ns
[2020-09-11T12:51:07.053+0000][1][safepoint    ] Safepoint "RevokeBias", Time since last: 68773365 ns, Reaching safepoint: 106706 ns, At safepoint: 16735 ns, Total: 123441 ns
[2020-09-11T12:51:07.228+0000][1][safepoint    ] Safepoint "CollectForMetadataAllocation", Time since last: 174824622 ns, Reaching safepoint: 108201 ns, At safepoint: 129759 ns, Total: 237960 ns
[2020-09-11T12:51:07.381+0000][1][gc,start     ] GC(4) Pause Young (Allocation Failure)
[2020-09-11T12:51:07.381+0000][1][gc,task      ] GC(4) Using 1 workers of 1 for evacuation
[2020-09-11T12:51:07.491+0000][1][gc,age       ] GC(4) Desired survivor size 4358144 bytes, new threshold 6 (max threshold 6)
[2020-09-11T12:51:07.501+0000][1][gc,age       ] GC(4) Age table with threshold 6 (max threshold 6)
[2020-09-11T12:51:07.501+0000][1][gc,age       ] GC(4) - age   1:    1808856 bytes,    1808856 total
[2020-09-11T12:51:07.501+0000][1][gc,age       ] GC(4) - age   2:     319872 bytes,    2128728 total
[2020-09-11T12:51:07.501+0000][1][gc,age       ] GC(4) - age   3:     408672 bytes,    2537400 total
[2020-09-11T12:51:07.501+0000][1][gc,heap      ] GC(4) ParNew: 75860K->5063K(76672K)
[2020-09-11T12:51:07.501+0000][1][gc,heap      ] GC(4) CMS: 6801K->10636K(2011968K)
[2020-09-11T12:51:07.501+0000][1][gc,metaspace ] GC(4) Metaspace: 20800K->20800K(1069056K)
[2020-09-11T12:51:07.501+0000][1][gc           ] GC(4) Pause Young (Allocation Failure) 80M->15M(2039M) 120.889ms
[2020-09-11T12:51:07.501+0000][1][gc,cpu       ] GC(4) User=0.03s Sys=0.00s Real=0.12s
[2020-09-11T12:51:07.518+0000][1][safepoint    ] Safepoint "GenCollectForAllocation", Time since last: 152776020 ns, Reaching safepoint: 99090 ns, At safepoint: 136972009 ns, Total: 137071099 ns
[2020-09-11T12:51:07.548+0000][1][gc,start     ] GC(5) Pause Initial Mark
[2020-09-11T12:51:07.549+0000][1][gc           ] GC(5) Pause Initial Mark 20M->20M(2039M) 1.788ms
[2020-09-11T12:51:07.549+0000][1][gc,cpu       ] GC(5) User=0.00s Sys=0.00s Real=0.00s
[2020-09-11T12:51:07.585+0000][1][safepoint    ] Safepoint "BulkRevokeBias", Time since last: 13895827 ns, Reaching safepoint: 16039527 ns, At safepoint: 37997782 ns, Total: 54037309 ns
[2020-09-11T12:51:07.586+0000][1][gc           ] GC(5) Concurrent Mark
[2020-09-11T12:51:07.612+0000][1][safepoint    ] Safepoint "RevokeBias", Time since last: 25952620 ns, Reaching safepoint: 124432 ns, At safepoint: 33209 ns, Total: 157641 ns
[2020-09-11T12:51:07.612+0000][1][safepoint    ] Safepoint "RevokeBias", Time since last: 73451 ns, Reaching safepoint: 82730 ns, At safepoint: 23610 ns, Total: 106340 ns
[2020-09-11T12:51:07.612+0000][1][safepoint    ] Safepoint "RevokeBias", Time since last: 27607 ns, Reaching safepoint: 81568 ns, At safepoint: 23632 ns, Total: 105200 ns
[2020-09-11T12:51:07.612+0000][1][safepoint    ] Safepoint "RevokeBias", Time since last: 43605 ns, Reaching safepoint: 80628 ns, At safepoint: 23166 ns, Total: 103794 ns
[2020-09-11T12:51:07.612+0000][1][safepoint    ] Safepoint "RevokeBias", Time since last: 24893 ns, Reaching safepoint: 80547 ns, At safepoint: 23057 ns, Total: 103604 ns
[2020-09-11T12:51:07.748+0000][1][gc           ] GC(5) Concurrent Mark 162.729ms
[2020-09-11T12:51:07.748+0000][1][gc,cpu       ] GC(5) User=0.04s Sys=0.01s Real=0.16s
[2020-09-11T12:51:07.748+0000][1][gc           ] GC(5) Concurrent Preclean
[2020-09-11T12:51:07.751+0000][1][gc           ] GC(5) Concurrent Preclean 2.418ms
[2020-09-11T12:51:07.751+0000][1][gc,cpu       ] GC(5) User=0.00s Sys=0.00s Real=0.00s
[2020-09-11T12:51:07.751+0000][1][gc           ] GC(5) Concurrent Abortable Preclean
[2020-09-11T12:51:08.274+0000][1][safepoint    ] Safepoint "Deoptimize", Time since last: 661222189 ns, Reaching safepoint: 105933 ns, At safepoint: 183848 ns, Total: 289781 ns
[2020-09-11T12:51:08.364+0000][1][safepoint    ] Safepoint "CollectForMetadataAllocation", Time since last: 89772706 ns, Reaching safepoint: 336710 ns, At safepoint: 91957 ns, Total: 428667 ns
[2020-09-11T12:51:08.754+0000][1][safepoint    ] Safepoint "Deoptimize", Time since last: 365690606 ns, Reaching safepoint: 24678319 ns, At safepoint: 199065 ns, Total: 24877384 ns
[2020-09-11T12:51:08.772+0000][1][safepoint    ] Safepoint "RevokeBias", Time since last: 17731269 ns, Reaching safepoint: 107946 ns, At safepoint: 31196 ns, Total: 139142 ns
[2020-09-11T12:51:08.812+0000][1][safepoint    ] Safepoint "RevokeBias", Time since last: 27249449 ns, Reaching safepoint: 11915181 ns, At safepoint: 33976 ns, Total: 11949157 ns
[2020-09-11T12:51:09.060+0000][1][gc,start     ] GC(6) Pause Young (Allocation Failure)
[2020-09-11T12:51:09.060+0000][1][gc,task      ] GC(6) Using 1 workers of 1 for evacuation
[2020-09-11T12:51:09.151+0000][1][gc           ] GC(5) Concurrent Abortable Preclean 1400.391ms
[2020-09-11T12:51:09.151+0000][1][gc,cpu       ] GC(5) User=0.32s Sys=0.02s Real=1.40s
[2020-09-11T12:51:09.216+0000][1][gc,age       ] GC(6) Desired survivor size 4358144 bytes, new threshold 6 (max threshold 6)
[2020-09-11T12:51:09.216+0000][1][gc,age       ] GC(6) Age table with threshold 6 (max threshold 6)
[2020-09-11T12:51:09.216+0000][1][gc,age       ] GC(6) - age   1:    2300672 bytes,    2300672 total
[2020-09-11T12:51:09.216+0000][1][gc,age       ] GC(6) - age   2:    1252888 bytes,    3553560 total
[2020-09-11T12:51:09.216+0000][1][gc,age       ] GC(6) - age   3:     319872 bytes,    3873432 total
[2020-09-11T12:51:09.216+0000][1][gc,age       ] GC(6) - age   4:     408672 bytes,    4282104 total
[2020-09-11T12:51:09.216+0000][1][gc,heap      ] GC(6) ParNew: 73223K->4390K(76672K)
[2020-09-11T12:51:09.216+0000][1][gc,heap      ] GC(6) CMS: 10636K->10636K(2011968K)
[2020-09-11T12:51:09.216+0000][1][gc,metaspace ] GC(6) Metaspace: 21111K->21111K(1069056K)
[2020-09-11T12:51:09.216+0000][1][gc           ] GC(6) Pause Young (Allocation Failure) 81M->14M(2039M) 156.219ms
[2020-09-11T12:51:09.216+0000][1][gc,cpu       ] GC(6) User=0.04s Sys=0.00s Real=0.16s
[2020-09-11T12:51:09.216+0000][1][safepoint    ] Safepoint "GenCollectForAllocation", Time since last: 247934357 ns, Reaching safepoint: 110546 ns, At safepoint: 156280241 ns, Total: 156390787 ns
[2020-09-11T12:51:09.243+0000][1][gc,start     ] GC(5) Pause Remark
[2020-09-11T12:51:09.283+0000][1][gc           ] GC(5) Pause Remark 17M->17M(2039M) 40.712ms
[2020-09-11T12:51:09.283+0000][1][gc,cpu       ] GC(5) User=0.01s Sys=0.00s Real=0.04s
[2020-09-11T12:51:09.323+0000][1][safepoint    ] Safepoint "CMS_Final_Remark", Time since last: 16788474 ns, Reaching safepoint: 9908804 ns, At safepoint: 80909127 ns, Total: 90817931 ns
[2020-09-11T12:51:09.324+0000][1][gc           ] GC(5) Concurrent Sweep
[2020-09-11T12:51:09.326+0000][1][gc           ] GC(5) Concurrent Sweep 2.944ms
[2020-09-11T12:51:09.327+0000][1][gc,cpu       ] GC(5) User=0.01s Sys=0.00s Real=0.00s
[2020-09-11T12:51:09.327+0000][1][gc           ] GC(5) Concurrent Reset
[2020-09-11T12:51:09.374+0000][1][safepoint    ] Safepoint "RevokeBias", Time since last: 11918588 ns, Reaching safepoint: 38456302 ns, At safepoint: 50995 ns, Total: 38507297 ns
[2020-09-11T12:51:09.384+0000][1][safepoint    ] Safepoint "RevokeBias", Time since last: 9595528 ns, Reaching safepoint: 136088 ns, At safepoint: 29236 ns, Total: 165324 ns
[2020-09-11T12:51:09.384+0000][1][safepoint    ] Safepoint "RevokeBias", Time since last: 53132 ns, Reaching safepoint: 77978 ns, At safepoint: 18113 ns, Total: 96091 ns
[2020-09-11T12:51:09.384+0000][1][safepoint    ] Safepoint "RevokeBias", Time since last: 30188 ns, Reaching safepoint: 82939 ns, At safepoint: 20913 ns, Total: 103852 ns
[2020-09-11T12:51:09.384+0000][1][safepoint    ] Safepoint "RevokeBias", Time since last: 43999 ns, Reaching safepoint: 77421 ns, At safepoint: 16711 ns, Total: 94132 ns
[2020-09-11T12:51:09.385+0000][1][gc           ] GC(5) Concurrent Reset 58.339ms
[2020-09-11T12:51:09.385+0000][1][gc,cpu       ] GC(5) User=0.01s Sys=0.00s Real=0.06s
[2020-09-11T12:51:09.385+0000][1][gc,heap      ] GC(5) Old: 10636K->10636K(2011968K)
[2020-09-11T12:51:09.440+0000][1][safepoint    ] Safepoint "RevokeBias", Time since last: 55778934 ns, Reaching safepoint: 92067 ns, At safepoint: 79831 ns, Total: 171898 ns
[2020-09-11T12:51:09.479+0000][1][safepoint    ] Safepoint "RevokeBias", Time since last: 38447988 ns, Reaching safepoint: 99408 ns, At safepoint: 36938 ns, Total: 136346 ns
[2020-09-11T12:51:09.540+0000][1][safepoint    ] Safepoint "RevokeBias", Time since last: 60876256 ns, Reaching safepoint: 109606 ns, At safepoint: 42768 ns, Total: 152374 ns
[2020-09-11T12:51:09.864+0000][1][safepoint    ] Safepoint "RevokeBias", Time since last: 323831651 ns, Reaching safepoint: 95595 ns, At safepoint: 34289 ns, Total: 129884 ns
[2020-09-11T12:51:09.873+0000][1][safepoint    ] Safepoint "RevokeBias", Time since last: 9172380 ns, Reaching safepoint: 92523 ns, At safepoint: 27940 ns, Total: 120463 ns
[2020-09-11T12:51:10.156+0000][1][gc,start     ] GC(7) Pause Young (Allocation Failure)
[2020-09-11T12:51:10.156+0000][1][gc,task      ] GC(7) Using 1 workers of 1 for evacuation
[2020-09-11T12:51:10.225+0000][1][gc,age       ] GC(7) Desired survivor size 4358144 bytes, new threshold 5 (max threshold 6)
[2020-09-11T12:51:10.225+0000][1][gc,age       ] GC(7) Age table with threshold 5 (max threshold 6)
[2020-09-11T12:51:10.225+0000][1][gc,age       ] GC(7) - age   1:     995536 bytes,     995536 total
[2020-09-11T12:51:10.225+0000][1][gc,age       ] GC(7) - age   2:    1526000 bytes,    2521536 total
[2020-09-11T12:51:10.225+0000][1][gc,age       ] GC(7) - age   3:    1252344 bytes,    3773880 total
[2020-09-11T12:51:10.225+0000][1][gc,age       ] GC(7) - age   4:     319872 bytes,    4093752 total
[2020-09-11T12:51:10.225+0000][1][gc,age       ] GC(7) - age   5:     408560 bytes,    4502312 total
[2020-09-11T12:51:10.225+0000][1][gc,heap      ] GC(7) ParNew: 72550K->7370K(76672K)
[2020-09-11T12:51:10.225+0000][1][gc,heap      ] GC(7) CMS: 10636K->10636K(2011968K)
[2020-09-11T12:51:10.225+0000][1][gc,metaspace ] GC(7) Metaspace: 21195K->21195K(1069056K)
[2020-09-11T12:51:10.225+0000][1][gc           ] GC(7) Pause Young (Allocation Failure) 81M->17M(2039M) 69.631ms
[2020-09-11T12:51:10.225+0000][1][gc,cpu       ] GC(7) User=0.02s Sys=0.00s Real=0.07s
[2020-09-11T12:51:10.255+0000][1][safepoint    ] Safepoint "GenCollectForAllocation", Time since last: 282583023 ns, Reaching safepoint: 107112 ns, At safepoint: 99868426 ns, Total: 99975538 ns
[2020-09-11T12:51:10.272+0000][1][safepoint    ] Safepoint "RevokeBias", Time since last: 16056508 ns, Reaching safepoint: 99591 ns, At safepoint: 28986 ns, Total: 128577 ns
[2020-09-11T12:51:10.272+0000][1][safepoint    ] Safepoint "RevokeBias", Time since last: 42682 ns, Reaching safepoint: 78274 ns, At safepoint: 18814 ns, Total: 97088 ns
[2020-09-11T12:51:10.272+0000][1][safepoint    ] Safepoint "RevokeBias", Time since last: 38838 ns, Reaching safepoint: 77592 ns, At safepoint: 19463 ns, Total: 97055 ns
[2020-09-11T12:51:10.272+0000][1][safepoint    ] Safepoint "RevokeBias", Time since last: 49961 ns, Reaching safepoint: 88899 ns, At safepoint: 20697 ns, Total: 109596 ns
[2020-09-11T12:51:10.332+0000][1][safepoint    ] Safepoint "RevokeBias", Time since last: 59380756 ns, Reaching safepoint: 94536 ns, At safepoint: 35614 ns, Total: 130150 ns
[2020-09-11T12:51:10.362+0000][1][safepoint    ] Safepoint "RevokeBias", Time since last: 30697063 ns, Reaching safepoint: 106089 ns, At safepoint: 35284 ns, Total: 141373 ns
[2020-09-11T12:51:10.744+0000][1][safepoint    ] Safepoint "RevokeBias", Time since last: 381056624 ns, Reaching safepoint: 112137 ns, At safepoint: 39194 ns, Total: 151331 ns
[2020-09-11T12:51:10.792+0000][1][safepoint    ] Safepoint "RevokeBias", Time since last: 47814160 ns, Reaching safepoint: 103438 ns, At safepoint: 36704 ns, Total: 140142 ns
[2020-09-11T12:51:11.098+0000][1][gc,start     ] GC(8) Pause Young (Allocation Failure)
[2020-09-11T12:51:11.098+0000][1][gc,task      ] GC(8) Using 1 workers of 1 for evacuation
[2020-09-11T12:51:11.207+0000][1][gc,age       ] GC(8) Desired survivor size 4358144 bytes, new threshold 4 (max threshold 6)
[2020-09-11T12:51:11.223+0000][1][gc,age       ] GC(8) Age table with threshold 4 (max threshold 6)
[2020-09-11T12:51:11.223+0000][1][gc,age       ] GC(8) - age   1:    2325296 bytes,    2325296 total
[2020-09-11T12:51:11.223+0000][1][gc,age       ] GC(8) - age   2:     445824 bytes,    2771120 total
[2020-09-11T12:51:11.223+0000][1][gc,age       ] GC(8) - age   3:    1524064 bytes,    4295184 total
[2020-09-11T12:51:11.223+0000][1][gc,age       ] GC(8) - age   4:    1251688 bytes,    5546872 total
[2020-09-11T12:51:11.223+0000][1][gc,age       ] GC(8) - age   5:     319872 bytes,    5866744 total
[2020-09-11T12:51:11.224+0000][1][gc,heap      ] GC(8) ParNew: 75530K->7710K(76672K)
[2020-09-11T12:51:11.224+0000][1][gc,heap      ] GC(8) CMS: 10636K->11038K(2011968K)
[2020-09-11T12:51:11.224+0000][1][gc,metaspace ] GC(8) Metaspace: 21384K->21384K(1069056K)
[2020-09-11T12:51:11.224+0000][1][gc           ] GC(8) Pause Young (Allocation Failure) 84M->18M(2039M) 125.905ms
[2020-09-11T12:51:11.224+0000][1][gc,cpu       ] GC(8) User=0.03s Sys=0.00s Real=0.13s
[2020-09-11T12:51:11.239+0000][1][safepoint    ] Safepoint "GenCollectForAllocation", Time since last: 306000830 ns, Reaching safepoint: 98376 ns, At safepoint: 141784561 ns, Total: 141882937 ns
[2020-09-11T12:51:11.261+0000][1][safepoint    ] Safepoint "RevokeBias", Time since last: 12061368 ns, Reaching safepoint: 9018715 ns, At safepoint: 37507 ns, Total: 9056222 ns
[2020-09-11T12:51:11.270+0000][1][safepoint    ] Safepoint "RevokeBias", Time since last: 9323783 ns, Reaching safepoint: 31664 ns, At safepoint: 51613 ns, Total: 83277 ns
[2020-09-11T12:51:11.270+0000][1][safepoint    ] Safepoint "RevokeBias", Time since last: 72275 ns, Reaching safepoint: 80982 ns, At safepoint: 23546 ns, Total: 104528 ns
[2020-09-11T12:51:11.270+0000][1][safepoint    ] Safepoint "RevokeBias", Time since last: 28226 ns, Reaching safepoint: 76593 ns, At safepoint: 13540 ns, Total: 90133 ns
[2020-09-11T12:51:11.321+0000][1][safepoint    ] Safepoint "RevokeBias", Time since last: 50896864 ns, Reaching safepoint: 96040 ns, At safepoint: 27060 ns, Total: 123100 ns
[2020-09-11T12:51:11.356+0000][1][safepoint    ] Safepoint "RevokeBias", Time since last: 34533482 ns, Reaching safepoint: 92702 ns, At safepoint: 32097 ns, Total: 124799 ns
[2020-09-11T12:51:11.616+0000][1][safepoint    ] Safepoint "RevokeBias", Time since last: 260107351 ns, Reaching safepoint: 104266 ns, At safepoint: 32890 ns, Total: 137156 ns
[2020-09-11T12:51:11.632+0000][1][safepoint    ] Safepoint "RevokeBias", Time since last: 15396362 ns, Reaching safepoint: 94739 ns, At safepoint: 30932 ns, Total: 125671 ns
[2020-09-11T12:51:11.954+0000][1][safepoint    ] Safepoint "RevokeBias", Time since last: 322337100 ns, Reaching safepoint: 93975 ns, At safepoint: 30638 ns, Total: 124613 ns
[2020-09-11T12:51:11.961+0000][1][safepoint    ] Safepoint "RevokeBias", Time since last: 6221804 ns, Reaching safepoint: 95951 ns, At safepoint: 29860 ns, Total: 125811 ns
[2020-09-11T12:51:12.026+0000][1][gc,start     ] GC(9) Pause Young (Allocation Failure)
[2020-09-11T12:51:12.026+0000][1][gc,task      ] GC(9) Using 1 workers of 1 for evacuation
[2020-09-11T12:51:12.134+0000][1][gc,age       ] GC(9) Desired survivor size 4358144 bytes, new threshold 6 (max threshold 6)
[2020-09-11T12:51:12.134+0000][1][gc,age       ] GC(9) Age table with threshold 6 (max threshold 6)
[2020-09-11T12:51:12.134+0000][1][gc,age       ] GC(9) - age   1:     376200 bytes,     376200 total
[2020-09-11T12:51:12.134+0000][1][gc,age       ] GC(9) - age   2:     829208 bytes,    1205408 total
[2020-09-11T12:51:12.134+0000][1][gc,age       ] GC(9) - age   3:     445744 bytes,    1651152 total
[2020-09-11T12:51:12.134+0000][1][gc,age       ] GC(9) - age   4:    1524064 bytes,    3175216 total
[2020-09-11T12:51:12.134+0000][1][gc,heap      ] GC(9) ParNew: 75870K->4939K(76672K)
[2020-09-11T12:51:12.134+0000][1][gc,heap      ] GC(9) CMS: 11038K->12591K(2011968K)
[2020-09-11T12:51:12.134+0000][1][gc,metaspace ] GC(9) Metaspace: 21507K->21507K(1069056K)
[2020-09-11T12:51:12.134+0000][1][gc           ] GC(9) Pause Young (Allocation Failure) 84M->17M(2039M) 108.202ms
[2020-09-11T12:51:12.134+0000][1][gc,cpu       ] GC(9) User=0.02s Sys=0.00s Real=0.10s
[2020-09-11T12:51:12.158+0000][1][safepoint    ] Safepoint "GenCollectForAllocation", Time since last: 65221043 ns, Reaching safepoint: 99207 ns, At safepoint: 131798112 ns, Total: 131897319 ns
[2020-09-11T12:51:12.172+0000][1][safepoint    ] Safepoint "RevokeBias", Time since last: 13787021 ns, Reaching safepoint: 100530 ns, At safepoint: 29639 ns, Total: 130169 ns
[2020-09-11T12:51:12.172+0000][1][safepoint    ] Safepoint "RevokeBias", Time since last: 62468 ns, Reaching safepoint: 77693 ns, At safepoint: 17813 ns, Total: 95506 ns
[2020-09-11T12:51:12.172+0000][1][safepoint    ] Safepoint "RevokeBias", Time since last: 38714 ns, Reaching safepoint: 76247 ns, At safepoint: 16248 ns, Total: 92495 ns
[2020-09-11T12:51:12.172+0000][1][safepoint    ] Safepoint "RevokeBias", Time since last: 25757 ns, Reaching safepoint: 96163 ns, At safepoint: 18263 ns, Total: 114426 ns
[2020-09-11T12:51:12.172+0000][1][safepoint    ] Safepoint "RevokeBias", Time since last: 31312 ns, Reaching safepoint: 77739 ns, At safepoint: 23855 ns, Total: 101594 ns
[2020-09-11T12:51:12.172+0000][1][safepoint    ] Safepoint "RevokeBias", Time since last: 26989 ns, Reaching safepoint: 76998 ns, At safepoint: 19173 ns, Total: 96171 ns
[2020-09-11T12:51:12.260+0000][1][safepoint    ] Safepoint "RevokeBias", Time since last: 87181061 ns, Reaching safepoint: 100395 ns, At safepoint: 37945 ns, Total: 138340 ns
[2020-09-11T12:51:12.292+0000][1][safepoint    ] Safepoint "RevokeBias", Time since last: 31872875 ns, Reaching safepoint: 105144 ns, At safepoint: 51782 ns, Total: 156926 ns
[2020-09-11T12:51:12.353+0000][1][safepoint    ] Safepoint "RevokeBias", Time since last: 61334776 ns, Reaching safepoint: 112798 ns, At safepoint: 16932 ns, Total: 129730 ns
[2020-09-11T12:51:12.356+0000][1][safepoint    ] Safepoint "RevokeBias", Time since last: 2370120 ns, Reaching safepoint: 93202 ns, At safepoint: 13535 ns, Total: 106737 ns
[2020-09-11T12:51:12.543+0000][1][safepoint    ] Safepoint "RevokeBias", Time since last: 186973175 ns, Reaching safepoint: 115074 ns, At safepoint: 36963 ns, Total: 152037 ns
[2020-09-11T12:51:12.589+0000][1][safepoint    ] Safepoint "RevokeBias", Time since last: 46050599 ns, Reaching safepoint: 97896 ns, At safepoint: 31138 ns, Total: 129034 ns
[2020-09-11T12:51:12.594+0000][1][safepoint    ] Safepoint "RevokeBias", Time since last: 4623792 ns, Reaching safepoint: 92360 ns, At safepoint: 29673 ns, Total: 122033 ns
[2020-09-11T12:51:12.842+0000][1][safepoint    ] Safepoint "RevokeBias", Time since last: 248422079 ns, Reaching safepoint: 92288 ns, At safepoint: 30998 ns, Total: 123286 ns
[2020-09-11T12:51:12.848+0000][1][safepoint    ] Safepoint "RevokeBias", Time since last: 5316839 ns, Reaching safepoint: 97979 ns, At safepoint: 35041 ns, Total: 133020 ns
[2020-09-11T12:51:12.928+0000][1][gc,start     ] GC(10) Pause Young (Allocation Failure)
[2020-09-11T12:51:12.928+0000][1][gc,task      ] GC(10) Using 1 workers of 1 for evacuation
[2020-09-11T12:51:13.056+0000][1][gc,age       ] GC(10) Desired survivor size 4358144 bytes, new threshold 6 (max threshold 6)
[2020-09-11T12:51:13.056+0000][1][gc,age       ] GC(10) Age table with threshold 6 (max threshold 6)
[2020-09-11T12:51:13.056+0000][1][gc,age       ] GC(10) - age   1:     685984 bytes,     685984 total
[2020-09-11T12:51:13.056+0000][1][gc,age       ] GC(10) - age   2:     146848 bytes,     832832 total
[2020-09-11T12:51:13.056+0000][1][gc,age       ] GC(10) - age   3:     829208 bytes,    1662040 total
[2020-09-11T12:51:13.056+0000][1][gc,age       ] GC(10) - age   4:     445720 bytes,    2107760 total
[2020-09-11T12:51:13.056+0000][1][gc,age       ] GC(10) - age   5:    1524064 bytes,    3631824 total
[2020-09-11T12:51:13.056+0000][1][gc,heap      ] GC(10) ParNew: 73099K->3560K(76672K)
[2020-09-11T12:51:13.056+0000][1][gc,heap      ] GC(10) CMS: 12591K->12591K(2011968K)
[2020-09-11T12:51:13.056+0000][1][gc,metaspace ] GC(10) Metaspace: 21643K->21643K(1069056K)
[2020-09-11T12:51:13.056+0000][1][gc           ] GC(10) Pause Young (Allocation Failure) 83M->15M(2039M) 128.226ms
[2020-09-11T12:51:13.056+0000][1][gc,cpu       ] GC(10) User=0.03s Sys=0.00s Real=0.13s
[2020-09-11T12:51:13.056+0000][1][safepoint    ] Safepoint "GenCollectForAllocation", Time since last: 80171801 ns, Reaching safepoint: 99740 ns, At safepoint: 128282797 ns, Total: 128382537 ns
[2020-09-11T12:51:13.088+0000][1][safepoint    ] Safepoint "BulkRevokeBias", Time since last: 31275015 ns, Reaching safepoint: 375456 ns, At safepoint: 66161 ns, Total: 441617 ns
[2020-09-11T12:51:13.088+0000][1][safepoint    ] Safepoint "BulkRevokeBias", Time since last: 64103 ns, Reaching safepoint: 79832 ns, At safepoint: 41424 ns, Total: 121256 ns
[2020-09-11T12:51:13.180+0000][1][safepoint    ] Safepoint "RevokeBias", Time since last: 91405034 ns, Reaching safepoint: 98654 ns, At safepoint: 39244 ns, Total: 137898 ns
[2020-09-11T12:51:13.200+0000][1][safepoint    ] Safepoint "RevokeBias", Time since last: 19868209 ns, Reaching safepoint: 100283 ns, At safepoint: 37695 ns, Total: 137978 ns
[2020-09-11T12:51:13.756+0000][1][safepoint    ] Safepoint "RevokeBias", Time since last: 555859687 ns, Reaching safepoint: 113975 ns, At safepoint: 39670 ns, Total: 153645 ns
[2020-09-11T12:51:13.760+0000][1][safepoint    ] Safepoint "RevokeBias", Time since last: 3829068 ns, Reaching safepoint: 91606 ns, At safepoint: 31337 ns, Total: 122943 ns
[2020-09-11T12:51:13.784+0000][1][safepoint    ] Safepoint "RevokeBias", Time since last: 24045831 ns, Reaching safepoint: 97705 ns, At safepoint: 34704 ns, Total: 132409 ns
[2020-09-11T12:51:13.800+0000][1][safepoint    ] Safepoint "RevokeBias", Time since last: 15720872 ns, Reaching safepoint: 104796 ns, At safepoint: 40897 ns, Total: 145693 ns
[2020-09-11T12:51:13.836+0000][1][safepoint    ] Safepoint "RevokeBias", Time since last: 35854184 ns, Reaching safepoint: 106477 ns, At safepoint: 40052 ns, Total: 146529 ns
[2020-09-11T12:51:14.052+0000][1][safepoint    ] Safepoint "RevokeBias", Time since last: 215865197 ns, Reaching safepoint: 103360 ns, At safepoint: 38172 ns, Total: 141532 ns
[2020-09-11T12:51:14.064+0000][1][safepoint    ] Safepoint "RevokeBias", Time since last: 12651113 ns, Reaching safepoint: 90939 ns, At safepoint: 29522 ns, Total: 120461 ns
[2020-09-11T12:51:14.096+0000][1][safepoint    ] Safepoint "RevokeBias", Time since last: 31148019 ns, Reaching safepoint: 99427 ns, At safepoint: 31992 ns, Total: 131419 ns
[2020-09-11T12:51:14.220+0000][1][gc,start     ] GC(11) Pause Young (Allocation Failure)
[2020-09-11T12:51:14.220+0000][1][gc,task      ] GC(11) Using 1 workers of 1 for evacuation
[2020-09-11T12:51:14.378+0000][1][gc,age       ] GC(11) Desired survivor size 4358144 bytes, new threshold 6 (max threshold 6)
[2020-09-11T12:51:14.378+0000][1][gc,age       ] GC(11) Age table with threshold 6 (max threshold 6)
[2020-09-11T12:51:14.378+0000][1][gc,age       ] GC(11) - age   1:    2481248 bytes,    2481248 total
[2020-09-11T12:51:14.378+0000][1][gc,age       ] GC(11) - age   2:     402816 bytes,    2884064 total
[2020-09-11T12:51:14.378+0000][1][gc,age       ] GC(11) - age   3:     146848 bytes,    3030912 total
[2020-09-11T12:51:14.378+0000][1][gc,age       ] GC(11) - age   4:     829208 bytes,    3860120 total
[2020-09-11T12:51:14.378+0000][1][gc,age       ] GC(11) - age   5:     445720 bytes,    4305840 total
[2020-09-11T12:51:14.378+0000][1][gc,age       ] GC(11) - age   6:    1523752 bytes,    5829592 total
[2020-09-11T12:51:14.378+0000][1][gc,heap      ] GC(11) ParNew: 71720K->7100K(76672K)
[2020-09-11T12:51:14.378+0000][1][gc,heap      ] GC(11) CMS: 12591K->12591K(2011968K)
[2020-09-11T12:51:14.378+0000][1][gc,metaspace ] GC(11) Metaspace: 22545K->22545K(1071104K)
[2020-09-11T12:51:14.378+0000][1][gc           ] GC(11) Pause Young (Allocation Failure) 82M->19M(2039M) 158.174ms
[2020-09-11T12:51:14.378+0000][1][gc,cpu       ] GC(11) User=0.04s Sys=0.00s Real=0.16s
[2020-09-11T12:51:14.397+0000][1][safepoint    ] Safepoint "GenCollectForAllocation", Time since last: 123775457 ns, Reaching safepoint: 162929 ns, At safepoint: 177248485 ns, Total: 177411414 ns
[2020-09-11T12:51:14.422+0000][1][safepoint    ] Safepoint "RevokeBias", Time since last: 25170551 ns, Reaching safepoint: 47819 ns, At safepoint: 57173 ns, Total: 104992 ns
[2020-09-11T12:51:14.432+0000][1][safepoint    ] Safepoint "RevokeBias", Time since last: 9420346 ns, Reaching safepoint: 94354 ns, At safepoint: 32626 ns, Total: 126980 ns
[2020-09-11T12:51:14.696+0000][1][safepoint    ] Safepoint "RevokeBias", Time since last: 263778720 ns, Reaching safepoint: 102784 ns, At safepoint: 37668 ns, Total: 140452 ns
[2020-09-11T12:51:14.697+0000][1][safepoint    ] Safepoint "RevokeBias", Time since last: 1633694 ns, Reaching safepoint: 87000 ns, At safepoint: 26289 ns, Total: 113289 ns
[2020-09-11T12:51:15.063+0000][1][gc,start     ] GC(12) Pause Young (Allocation Failure)
[2020-09-11T12:51:15.064+0000][1][gc,task      ] GC(12) Using 1 workers of 1 for evacuation
[2020-09-11T12:51:15.135+0000][1][gc,age       ] GC(12) Desired survivor size 4358144 bytes, new threshold 6 (max threshold 6)
[2020-09-11T12:51:15.135+0000][1][gc,age       ] GC(12) Age table with threshold 6 (max threshold 6)
[2020-09-11T12:51:15.135+0000][1][gc,age       ] GC(12) - age   1:    1112856 bytes,    1112856 total
[2020-09-11T12:51:15.135+0000][1][gc,age       ] GC(12) - age   2:     544496 bytes,    1657352 total
[2020-09-11T12:51:15.135+0000][1][gc,age       ] GC(12) - age   3:     402816 bytes,    2060168 total
[2020-09-11T12:51:15.135+0000][1][gc,age       ] GC(12) - age   4:     146744 bytes,    2206912 total
[2020-09-11T12:51:15.135+0000][1][gc,age       ] GC(12) - age   5:     829064 bytes,    3035976 total
[2020-09-11T12:51:15.135+0000][1][gc,age       ] GC(12) - age   6:     445576 bytes,    3481552 total
[2020-09-11T12:51:15.135+0000][1][gc,heap      ] GC(12) ParNew: 75260K->5157K(76672K)
[2020-09-11T12:51:15.135+0000][1][gc,heap      ] GC(12) CMS: 12591K->14091K(2011968K)
[2020-09-11T12:51:15.135+0000][1][gc,metaspace ] GC(12) Metaspace: 22574K->22574K(1071104K)
[2020-09-11T12:51:15.135+0000][1][gc           ] GC(12) Pause Young (Allocation Failure) 85M->18M(2039M) 71.453ms
[2020-09-11T12:51:15.135+0000][1][gc,cpu       ] GC(12) User=0.02s Sys=0.00s Real=0.06s
[2020-09-11T12:51:15.167+0000][1][safepoint    ] Safepoint "GenCollectForAllocation", Time since last: 357422608 ns, Reaching safepoint: 8728314 ns, At safepoint: 103544559 ns, Total: 112272873 ns
[2020-09-11T12:51:15.828+0000][1][gc,start     ] GC(13) Pause Young (Allocation Failure)
[2020-09-11T12:51:15.828+0000][1][gc,task      ] GC(13) Using 1 workers of 1 for evacuation
[2020-09-11T12:51:15.898+0000][1][gc,age       ] GC(13) Desired survivor size 4358144 bytes, new threshold 6 (max threshold 6)
[2020-09-11T12:51:15.898+0000][1][gc,age       ] GC(13) Age table with threshold 6 (max threshold 6)
[2020-09-11T12:51:15.898+0000][1][gc,age       ] GC(13) - age   1:     168680 bytes,     168680 total
[2020-09-11T12:51:15.898+0000][1][gc,age       ] GC(13) - age   2:     203480 bytes,     372160 total
[2020-09-11T12:51:15.898+0000][1][gc,age       ] GC(13) - age   3:     544384 bytes,     916544 total
[2020-09-11T12:51:15.898+0000][1][gc,age       ] GC(13) - age   4:     402816 bytes,    1319360 total
[2020-09-11T12:51:15.898+0000][1][gc,age       ] GC(13) - age   5:     146744 bytes,    1466104 total
[2020-09-11T12:51:15.898+0000][1][gc,age       ] GC(13) - age   6:     829064 bytes,    2295168 total
[2020-09-11T12:51:15.898+0000][1][gc,heap      ] GC(13) ParNew: 73317K->3839K(76672K)
[2020-09-11T12:51:15.898+0000][1][gc,heap      ] GC(13) CMS: 14091K->14529K(2011968K)
[2020-09-11T12:51:15.898+0000][1][gc,metaspace ] GC(13) Metaspace: 22684K->22684K(1071104K)
[2020-09-11T12:51:15.898+0000][1][gc           ] GC(13) Pause Young (Allocation Failure) 85M->17M(2039M) 70.107ms
[2020-09-11T12:51:15.898+0000][1][gc,cpu       ] GC(13) User=0.02s Sys=0.00s Real=0.07s
[2020-09-11T12:51:15.900+0000][1][safepoint    ] Safepoint "GenCollectForAllocation", Time since last: 660405410 ns, Reaching safepoint: 106337 ns, At safepoint: 72384936 ns, Total: 72491273 ns
[2020-09-11T12:51:16.564+0000][1][gc,start     ] GC(14) Pause Young (Allocation Failure)
[2020-09-11T12:51:16.564+0000][1][gc,task      ] GC(14) Using 1 workers of 1 for evacuation
[2020-09-11T12:51:16.653+0000][1][gc,age       ] GC(14) Desired survivor size 4358144 bytes, new threshold 6 (max threshold 6)
[2020-09-11T12:51:16.653+0000][1][gc,age       ] GC(14) Age table with threshold 6 (max threshold 6)
[2020-09-11T12:51:16.653+0000][1][gc,age       ] GC(14) - age   1:     313976 bytes,     313976 total
[2020-09-11T12:51:16.653+0000][1][gc,age       ] GC(14) - age   2:     138064 bytes,     452040 total
[2020-09-11T12:51:16.653+0000][1][gc,age       ] GC(14) - age   3:     203480 bytes,     655520 total
[2020-09-11T12:51:16.653+0000][1][gc,age       ] GC(14) - age   4:     544384 bytes,    1199904 total
[2020-09-11T12:51:16.653+0000][1][gc,age       ] GC(14) - age   5:     402816 bytes,    1602720 total
[2020-09-11T12:51:16.653+0000][1][gc,age       ] GC(14) - age   6:     146744 bytes,    1749464 total
[2020-09-11T12:51:16.653+0000][1][gc,heap      ] GC(14) ParNew: 71999K->1800K(76672K)
[2020-09-11T12:51:16.653+0000][1][gc,heap      ] GC(14) CMS: 14529K->15345K(2011968K)
[2020-09-11T12:51:16.653+0000][1][gc,metaspace ] GC(14) Metaspace: 22758K->22758K(1071104K)
[2020-09-11T12:51:16.653+0000][1][gc           ] GC(14) Pause Young (Allocation Failure) 84M->16M(2039M) 89.444ms
[2020-09-11T12:51:16.653+0000][1][gc,cpu       ] GC(14) User=0.02s Sys=0.00s Real=0.08s
[2020-09-11T12:51:16.687+0000][1][safepoint    ] Safepoint "GenCollectForAllocation", Time since last: 663760647 ns, Reaching safepoint: 115805 ns, At safepoint: 123649646 ns, Total: 123765451 ns
[2020-09-11T12:51:17.335+0000][1][gc,start     ] GC(15) Pause Young (Allocation Failure)
[2020-09-11T12:51:17.336+0000][1][gc,task      ] GC(15) Using 1 workers of 1 for evacuation
[2020-09-11T12:51:17.401+0000][1][gc,age       ] GC(15) Desired survivor size 4358144 bytes, new threshold 6 (max threshold 6)
[2020-09-11T12:51:17.401+0000][1][gc,age       ] GC(15) Age table with threshold 6 (max threshold 6)
[2020-09-11T12:51:17.401+0000][1][gc,age       ] GC(15) - age   1:     948416 bytes,     948416 total
[2020-09-11T12:51:17.401+0000][1][gc,age       ] GC(15) - age   2:     281624 bytes,    1230040 total
[2020-09-11T12:51:17.401+0000][1][gc,age       ] GC(15) - age   3:     137952 bytes,    1367992 total
[2020-09-11T12:51:17.401+0000][1][gc,age       ] GC(15) - age   4:     203480 bytes,    1571472 total
[2020-09-11T12:51:17.401+0000][1][gc,age       ] GC(15) - age   5:     544384 bytes,    2115856 total
[2020-09-11T12:51:17.401+0000][1][gc,age       ] GC(15) - age   6:     402816 bytes,    2518672 total
[2020-09-11T12:51:17.401+0000][1][gc,heap      ] GC(15) ParNew: 69960K->3462K(76672K)
[2020-09-11T12:51:17.401+0000][1][gc,heap      ] GC(15) CMS: 15345K->15493K(2011968K)
[2020-09-11T12:51:17.401+0000][1][gc,metaspace ] GC(15) Metaspace: 22846K->22846K(1071104K)
[2020-09-11T12:51:17.401+0000][1][gc           ] GC(15) Pause Young (Allocation Failure) 83M->18M(2039M) 65.725ms
[2020-09-11T12:51:17.401+0000][1][gc,cpu       ] GC(15) User=0.02s Sys=0.00s Real=0.06s
[2020-09-11T12:51:17.429+0000][1][safepoint    ] Safepoint "GenCollectForAllocation", Time since last: 646742672 ns, Reaching safepoint: 1252739 ns, At safepoint: 93264006 ns, Total: 94516745 ns
[2020-09-11T12:51:17.976+0000][1][gc,start     ] GC(16) Pause Young (Allocation Failure)
[2020-09-11T12:51:17.976+0000][1][gc,task      ] GC(16) Using 1 workers of 1 for evacuation
[2020-09-11T12:51:18.026+0000][1][gc,age       ] GC(16) Desired survivor size 4358144 bytes, new threshold 6 (max threshold 6)
[2020-09-11T12:51:18.026+0000][1][gc,age       ] GC(16) Age table with threshold 6 (max threshold 6)
[2020-09-11T12:51:18.026+0000][1][gc,age       ] GC(16) - age   1:     112952 bytes,     112952 total
[2020-09-11T12:51:18.026+0000][1][gc,age       ] GC(16) - age   2:     188496 bytes,     301448 total
[2020-09-11T12:51:18.026+0000][1][gc,age       ] GC(16) - age   3:     281624 bytes,     583072 total
[2020-09-11T12:51:18.026+0000][1][gc,age       ] GC(16) - age   4:     137952 bytes,     721024 total
[2020-09-11T12:51:18.026+0000][1][gc,age       ] GC(16) - age   5:     203328 bytes,     924352 total
[2020-09-11T12:51:18.026+0000][1][gc,age       ] GC(16) - age   6:     544384 bytes,    1468736 total
[2020-09-11T12:51:18.026+0000][1][gc,heap      ] GC(16) ParNew: 71622K->2277K(76672K)
[2020-09-11T12:51:18.026+0000][1][gc,heap      ] GC(16) CMS: 15493K->15891K(2011968K)
[2020-09-11T12:51:18.026+0000][1][gc,metaspace ] GC(16) Metaspace: 22864K->22864K(1071104K)
[2020-09-11T12:51:18.026+0000][1][gc           ] GC(16) Pause Young (Allocation Failure) 85M->17M(2039M) 50.645ms
[2020-09-11T12:51:18.026+0000][1][gc,cpu       ] GC(16) User=0.02s Sys=0.00s Real=0.05s
[2020-09-11T12:51:18.050+0000][1][safepoint    ] Safepoint "GenCollectForAllocation", Time since last: 546743583 ns, Reaching safepoint: 118702 ns, At safepoint: 74466399 ns, Total: 74585101 ns
[2020-09-11T12:51:18.128+0000][1][safepoint    ] Safepoint "Deoptimize", Time since last: 77400985 ns, Reaching safepoint: 111856 ns, At safepoint: 212219 ns, Total: 324075 ns
[2020-09-11T12:51:18.424+0000][1][safepoint    ] Safepoint "RevokeBias", Time since last: 296532106 ns, Reaching safepoint: 113142 ns, At safepoint: 15065 ns, Total: 128207 ns
[2020-09-11T12:51:19.440+0000][1][safepoint    ] Safepoint "Cleanup", Time since last: 1015007046 ns, Reaching safepoint: 248356 ns, At safepoint: 7534 ns, Total: 255890 ns
[2020-09-11T12:51:19.828+0000][1][safepoint    ] Safepoint "RevokeBias", Time since last: 387767094 ns, Reaching safepoint: 116434 ns, At safepoint: 16785 ns, Total: 133219 ns
[2020-09-11T12:51:19.828+0000][1][safepoint    ] Safepoint "RevokeBias", Time since last: 66385 ns, Reaching safepoint: 79269 ns, At safepoint: 11238 ns, Total: 90507 ns
[2020-09-11T12:51:20.850+0000][1][safepoint    ] Safepoint "Cleanup", Time since last: 1007764300 ns, Reaching safepoint: 14413672 ns, At safepoint: 11585 ns, Total: 14425257 ns
[2020-09-11T12:51:21.474+0000][1][safepoint    ] Safepoint "Deoptimize", Time since last: 623645035 ns, Reaching safepoint: 112720 ns, At safepoint: 208058 ns, Total: 320778 ns
[2020-09-11T12:51:21.598+0000][1][safepoint    ] Safepoint "Deoptimize", Time since last: 123831842 ns, Reaching safepoint: 104462 ns, At safepoint: 217962 ns, Total: 322424 ns
[2020-09-11T12:51:22.598+0000][1][safepoint    ] Safepoint "Cleanup", Time since last: 1000109505 ns, Reaching safepoint: 249417 ns, At safepoint: 8099 ns, Total: 257516 ns
[2020-09-11T12:51:23.867+0000][1][safepoint    ] Safepoint "Cleanup", Time since last: 1268995308 ns, Reaching safepoint: 56139 ns, At safepoint: 5788 ns, Total: 61927 ns
[2020-09-11T12:51:24.878+0000][1][safepoint    ] Safepoint "Cleanup", Time since last: 1010154443 ns, Reaching safepoint: 124669 ns, At safepoint: 6057 ns, Total: 130726 ns
[2020-09-11T12:51:25.882+0000][1][safepoint    ] Safepoint "Cleanup", Time since last: 1001652535 ns, Reaching safepoint: 2108007 ns, At safepoint: 11583 ns, Total: 2119590 ns
[2020-09-11T12:51:26.035+0000][1][gc,start     ] GC(17) Pause Young (Allocation Failure)
[2020-09-11T12:51:26.038+0000][1][gc,task      ] GC(17) Using 1 workers of 1 for evacuation
[2020-09-11T12:51:26.203+0000][1][gc,age       ] GC(17) Desired survivor size 4358144 bytes, new threshold 1 (max threshold 6)
[2020-09-11T12:51:26.203+0000][1][gc,age       ] GC(17) Age table with threshold 1 (max threshold 6)
[2020-09-11T12:51:26.203+0000][1][gc,age       ] GC(17) - age   1:    7850520 bytes,    7850520 total
[2020-09-11T12:51:26.203+0000][1][gc,age       ] GC(17) - age   2:      82696 bytes,    7933216 total
[2020-09-11T12:51:26.203+0000][1][gc,age       ] GC(17) - age   3:     181312 bytes,    8114528 total
[2020-09-11T12:51:26.203+0000][1][gc,age       ] GC(17) - age   4:     271024 bytes,    8385552 total
[2020-09-11T12:51:26.203+0000][1][gc,age       ] GC(17) - age   5:     130840 bytes,    8516392 total
[2020-09-11T12:51:26.203+0000][1][gc,age       ] GC(17) - age   6:     199720 bytes,    8716112 total
[2020-09-11T12:51:26.203+0000][1][gc,heap      ] GC(17) ParNew: 70437K->8512K(76672K)
[2020-09-11T12:51:26.203+0000][1][gc,heap      ] GC(17) CMS: 15891K->17454K(2011968K)
[2020-09-11T12:51:26.203+0000][1][gc,metaspace ] GC(17) Metaspace: 29700K->29700K(1077248K)
[2020-09-11T12:51:26.203+0000][1][gc           ] GC(17) Pause Young (Allocation Failure) 84M->25M(2039M) 167.383ms
[2020-09-11T12:51:26.203+0000][1][gc,cpu       ] GC(17) User=0.05s Sys=0.00s Real=0.17s
[2020-09-11T12:51:26.225+0000][1][safepoint    ] Safepoint "GenCollectForAllocation", Time since last: 153668951 ns, Reaching safepoint: 112486 ns, At safepoint: 189464664 ns, Total: 189577150 ns
[2020-09-11T12:51:27.243+0000][1][safepoint    ] Safepoint "Cleanup", Time since last: 1014665902 ns, Reaching safepoint: 4019125 ns, At safepoint: 10677 ns, Total: 4029802 ns
[2020-09-11T12:51:28.244+0000][1][safepoint    ] Safepoint "Cleanup", Time since last: 1000099017 ns, Reaching safepoint: 107061 ns, At safepoint: 5175 ns, Total: 112236 ns
[2020-09-11T12:51:29.248+0000][1][safepoint    ] Safepoint "Cleanup", Time since last: 1003759095 ns, Reaching safepoint: 131333 ns, At safepoint: 6284 ns, Total: 137617 ns
[2020-09-11T12:51:30.252+0000][1][safepoint    ] Safepoint "Cleanup", Time since last: 1003846168 ns, Reaching safepoint: 106739 ns, At safepoint: 5993 ns, Total: 112732 ns
[2020-09-11T12:51:31.264+0000][1][safepoint    ] Safepoint "Cleanup", Time since last: 1011892134 ns, Reaching safepoint: 111548 ns, At safepoint: 5867 ns, Total: 117415 ns
[2020-09-11T12:51:31.597+0000][1][gc,start     ] GC(18) Pause Young (Allocation Failure)
[2020-09-11T12:51:31.597+0000][1][gc,task      ] GC(18) Using 1 workers of 1 for evacuation
[2020-09-11T12:51:31.969+0000][1][gc,age       ] GC(18) Desired survivor size 4358144 bytes, new threshold 1 (max threshold 6)
[2020-09-11T12:51:31.969+0000][1][gc,age       ] GC(18) Age table with threshold 1 (max threshold 6)
[2020-09-11T12:51:31.969+0000][1][gc,age       ] GC(18) - age   1:    8108520 bytes,    8108520 total
[2020-09-11T12:51:31.969+0000][1][gc,heap      ] GC(18) ParNew: 76672K->8512K(76672K)
[2020-09-11T12:51:31.969+0000][1][gc,heap      ] GC(18) CMS: 17454K->26424K(2011968K)
[2020-09-11T12:51:31.969+0000][1][gc,metaspace ] GC(18) Metaspace: 29848K->29848K(1077248K)
[2020-09-11T12:51:31.969+0000][1][gc           ] GC(18) Pause Young (Allocation Failure) 91M->34M(2039M) 371.878ms
[2020-09-11T12:51:31.969+0000][1][gc,cpu       ] GC(18) User=0.09s Sys=0.00s Real=0.37s
[2020-09-11T12:51:31.995+0000][1][safepoint    ] Safepoint "GenCollectForAllocation", Time since last: 333574182 ns, Reaching safepoint: 102917 ns, At safepoint: 398215306 ns, Total: 398318223 ns
[2020-09-11T12:51:33.035+0000][1][safepoint    ] Safepoint "Cleanup", Time since last: 1031971208 ns, Reaching safepoint: 8031824 ns, At safepoint: 12548 ns, Total: 8044372 ns
[2020-09-11T12:51:36.240+0000][1][gc,start     ] GC(19) Pause Young (Allocation Failure)
[2020-09-11T12:51:36.240+0000][1][gc,task      ] GC(19) Using 1 workers of 1 for evacuation
[2020-09-11T12:51:36.438+0000][1][gc,age       ] GC(19) Desired survivor size 4358144 bytes, new threshold 1 (max threshold 6)
[2020-09-11T12:51:36.439+0000][1][gc,age       ] GC(19) Age table with threshold 1 (max threshold 6)
[2020-09-11T12:51:36.439+0000][1][gc,age       ] GC(19) - age   1:    8716000 bytes,    8716000 total
[2020-09-11T12:51:36.439+0000][1][gc,heap      ] GC(19) ParNew: 76672K->8512K(76672K)
[2020-09-11T12:51:36.439+0000][1][gc,heap      ] GC(19) CMS: 26424K->34492K(2011968K)
[2020-09-11T12:51:36.439+0000][1][gc,metaspace ] GC(19) Metaspace: 29889K->29889K(1077248K)
[2020-09-11T12:51:36.439+0000][1][gc           ] GC(19) Pause Young (Allocation Failure) 100M->41M(2039M) 199.057ms
[2020-09-11T12:51:36.439+0000][1][gc,cpu       ] GC(19) User=0.05s Sys=0.00s Real=0.20s
[2020-09-11T12:51:36.465+0000][1][safepoint    ] Safepoint "GenCollectForAllocation", Time since last: 3203978014 ns, Reaching safepoint: 101748 ns, At safepoint: 225472282 ns, Total: 225574030 ns
[2020-09-11T12:51:37.496+0000][1][safepoint    ] Safepoint "Cleanup", Time since last: 1030409914 ns, Reaching safepoint: 102316 ns, At safepoint: 6220 ns, Total: 108536 ns
[2020-09-11T12:51:38.507+0000][1][safepoint    ] Safepoint "Cleanup", Time since last: 1007884693 ns, Reaching safepoint: 3225786 ns, At safepoint: 10768 ns, Total: 3236554 ns
[2020-09-11T12:51:39.511+0000][1][safepoint    ] Safepoint "Cleanup", Time since last: 1003269520 ns, Reaching safepoint: 867763 ns, At safepoint: 5559 ns, Total: 873322 ns
[2020-09-11T12:51:40.153+0000][1][gc,start     ] GC(20) Pause Young (Allocation Failure)
[2020-09-11T12:51:40.153+0000][1][gc,task      ] GC(20) Using 1 workers of 1 for evacuation
[2020-09-11T12:51:40.327+0000][1][gc,age       ] GC(20) Desired survivor size 4358144 bytes, new threshold 6 (max threshold 6)
[2020-09-11T12:51:40.327+0000][1][gc,age       ] GC(20) Age table with threshold 6 (max threshold 6)
[2020-09-11T12:51:40.327+0000][1][gc,age       ] GC(20) - age   1:    3459288 bytes,    3459288 total
[2020-09-11T12:51:40.327+0000][1][gc,heap      ] GC(20) ParNew: 76672K->8293K(76672K)
[2020-09-11T12:51:40.327+0000][1][gc,heap      ] GC(20) CMS: 34492K->42215K(2011968K)
[2020-09-11T12:51:40.327+0000][1][gc,metaspace ] GC(20) Metaspace: 32113K->32113K(1079296K)
[2020-09-11T12:51:40.327+0000][1][gc           ] GC(20) Pause Young (Allocation Failure) 108M->49M(2039M) 174.424ms
[2020-09-11T12:51:40.327+0000][1][gc,cpu       ] GC(20) User=0.04s Sys=0.00s Real=0.18s
[2020-09-11T12:51:40.343+0000][1][safepoint    ] Safepoint "GenCollectForAllocation", Time since last: 641792475 ns, Reaching safepoint: 93669 ns, At safepoint: 190820761 ns, Total: 190914430 ns
[2020-09-11T12:51:40.708+0000][1][safepoint    ] Safepoint "Deoptimize", Time since last: 357618929 ns, Reaching safepoint: 6350302 ns, At safepoint: 261244 ns, Total: 6611546 ns
[2020-09-11T12:51:41.714+0000][1][safepoint    ] Safepoint "Cleanup", Time since last: 1005047096 ns, Reaching safepoint: 732872 ns, At safepoint: 7013 ns, Total: 739885 ns
[2020-09-11T12:51:42.735+0000][1][safepoint    ] Safepoint "Cleanup", Time since last: 1007629219 ns, Reaching safepoint: 14190857 ns, At safepoint: 7801 ns, Total: 14198658 ns
[2020-09-11T12:51:43.739+0000][1][safepoint    ] Safepoint "Cleanup", Time since last: 1004090440 ns, Reaching safepoint: 44960 ns, At safepoint: 7691 ns, Total: 52651 ns
[2020-09-11T12:51:44.716+0000][1][safepoint    ] Safepoint "Deoptimize", Time since last: 971949987 ns, Reaching safepoint: 4023269 ns, At safepoint: 269874 ns, Total: 4293143 ns
[2020-09-11T12:51:45.720+0000][1][safepoint    ] Safepoint "Cleanup", Time since last: 1003703592 ns, Reaching safepoint: 130842 ns, At safepoint: 5364 ns, Total: 136206 ns
[2020-09-11T12:51:45.803+0000][1][gc,start     ] GC(21) Pause Young (Allocation Failure)
[2020-09-11T12:51:45.804+0000][1][gc,task      ] GC(21) Using 1 workers of 1 for evacuation
[2020-09-11T12:51:45.916+0000][1][gc,age       ] GC(21) Desired survivor size 4358144 bytes, new threshold 2 (max threshold 6)
[2020-09-11T12:51:45.916+0000][1][gc,age       ] GC(21) Age table with threshold 2 (max threshold 6)
[2020-09-11T12:51:45.916+0000][1][gc,age       ] GC(21) - age   1:    1097464 bytes,    1097464 total
[2020-09-11T12:51:45.916+0000][1][gc,age       ] GC(21) - age   2:    3366104 bytes,    4463568 total
[2020-09-11T12:51:45.916+0000][1][gc,heap      ] GC(21) ParNew: 76453K->6680K(76672K)
[2020-09-11T12:51:45.916+0000][1][gc,heap      ] GC(21) CMS: 42215K->42215K(2011968K)
[2020-09-11T12:51:45.916+0000][1][gc,metaspace ] GC(21) Metaspace: 32406K->32406K(1079296K)
[2020-09-11T12:51:45.916+0000][1][gc           ] GC(21) Pause Young (Allocation Failure) 115M->47M(2039M) 112.175ms
[2020-09-11T12:51:45.916+0000][1][gc,cpu       ] GC(21) User=0.03s Sys=0.00s Real=0.11s
[2020-09-11T12:51:45.930+0000][1][safepoint    ] Safepoint "GenCollectForAllocation", Time since last: 79928089 ns, Reaching safepoint: 3947546 ns, At safepoint: 126526583 ns, Total: 130474129 ns
[2020-09-11T12:51:46.956+0000][1][safepoint    ] Safepoint "Cleanup", Time since last: 1025456316 ns, Reaching safepoint: 110790 ns, At safepoint: 5855 ns, Total: 116645 ns
[2020-09-11T12:51:46.979+0000][1][gc,start     ] GC(22) Pause Young (Allocation Failure)
[2020-09-11T12:51:46.979+0000][1][gc,task      ] GC(22) Using 1 workers of 1 for evacuation
[2020-09-11T12:51:47.058+0000][1][gc,age       ] GC(22) Desired survivor size 4358144 bytes, new threshold 6 (max threshold 6)
[2020-09-11T12:51:47.063+0000][1][gc,age       ] GC(22) Age table with threshold 6 (max threshold 6)
[2020-09-11T12:51:47.063+0000][1][gc,age       ] GC(22) - age   1:     249552 bytes,     249552 total
[2020-09-11T12:51:47.063+0000][1][gc,age       ] GC(22) - age   2:     438224 bytes,     687776 total
[2020-09-11T12:51:47.064+0000][1][gc,heap      ] GC(22) ParNew: 74840K->4104K(76672K)
[2020-09-11T12:51:47.064+0000][1][gc,heap      ] GC(22) CMS: 42215K->45519K(2011968K)
[2020-09-11T12:51:47.064+0000][1][gc,metaspace ] GC(22) Metaspace: 32418K->32418K(1079296K)
[2020-09-11T12:51:47.064+0000][1][gc           ] GC(22) Pause Young (Allocation Failure) 114M->48M(2039M) 84.936ms
[2020-09-11T12:51:47.064+0000][1][gc,cpu       ] GC(22) User=0.02s Sys=0.00s Real=0.09s
[2020-09-11T12:51:47.085+0000][1][safepoint    ] Safepoint "GenCollectForAllocation", Time since last: 22949516 ns, Reaching safepoint: 106434 ns, At safepoint: 106321011 ns, Total: 106427445 ns
[2020-09-11T12:51:47.648+0000][1][gc,start     ] GC(23) Pause Young (Allocation Failure)
[2020-09-11T12:51:47.648+0000][1][gc,task      ] GC(23) Using 1 workers of 1 for evacuation
[2020-09-11T12:51:47.736+0000][1][gc,age       ] GC(23) Desired survivor size 4358144 bytes, new threshold 6 (max threshold 6)
[2020-09-11T12:51:47.736+0000][1][gc,age       ] GC(23) Age table with threshold 6 (max threshold 6)
[2020-09-11T12:51:47.736+0000][1][gc,age       ] GC(23) - age   1:        176 bytes,        176 total
[2020-09-11T12:51:47.736+0000][1][gc,age       ] GC(23) - age   2:     249488 bytes,     249664 total
[2020-09-11T12:51:47.736+0000][1][gc,age       ] GC(23) - age   3:     438224 bytes,     687888 total
[2020-09-11T12:51:47.736+0000][1][gc,heap      ] GC(23) ParNew: 72264K->1151K(76672K)
[2020-09-11T12:51:47.736+0000][1][gc,heap      ] GC(23) CMS: 45519K->45519K(2011968K)
[2020-09-11T12:51:47.736+0000][1][gc,metaspace ] GC(23) Metaspace: 32419K->32419K(1079296K)
[2020-09-11T12:51:47.736+0000][1][gc           ] GC(23) Pause Young (Allocation Failure) 115M->45M(2039M) 88.902ms
[2020-09-11T12:51:47.736+0000][1][gc,cpu       ] GC(23) User=0.02s Sys=0.00s Real=0.09s
[2020-09-11T12:51:47.750+0000][1][safepoint    ] Safepoint "GenCollectForAllocation", Time since last: 562517328 ns, Reaching safepoint: 111114 ns, At safepoint: 101965834 ns, Total: 102076948 ns
[2020-09-11T12:51:48.296+0000][1][gc,start     ] GC(24) Pause Young (Allocation Failure)
[2020-09-11T12:51:48.296+0000][1][gc,task      ] GC(24) Using 1 workers of 1 for evacuation
[2020-09-11T12:51:48.352+0000][1][gc,age       ] GC(24) Desired survivor size 4358144 bytes, new threshold 6 (max threshold 6)
[2020-09-11T12:51:48.352+0000][1][gc,age       ] GC(24) Age table with threshold 6 (max threshold 6)
[2020-09-11T12:51:48.352+0000][1][gc,age       ] GC(24) - age   1:        200 bytes,        200 total
[2020-09-11T12:51:48.352+0000][1][gc,age       ] GC(24) - age   3:     249488 bytes,     249688 total
[2020-09-11T12:51:48.352+0000][1][gc,age       ] GC(24) - age   4:     438224 bytes,     687912 total
[2020-09-11T12:51:48.352+0000][1][gc,heap      ] GC(24) ParNew: 69311K->1079K(76672K)
[2020-09-11T12:51:48.352+0000][1][gc,heap      ] GC(24) CMS: 45519K->45519K(2011968K)
[2020-09-11T12:51:48.352+0000][1][gc,metaspace ] GC(24) Metaspace: 32423K->32423K(1079296K)
[2020-09-11T12:51:48.352+0000][1][gc           ] GC(24) Pause Young (Allocation Failure) 112M->45M(2039M) 56.836ms
[2020-09-11T12:51:48.352+0000][1][gc,cpu       ] GC(24) User=0.02s Sys=0.00s Real=0.05s
[2020-09-11T12:51:48.369+0000][1][safepoint    ] Safepoint "GenCollectForAllocation", Time since last: 545915411 ns, Reaching safepoint: 96156 ns, At safepoint: 73089840 ns, Total: 73185996 ns
[2020-09-11T12:51:48.852+0000][1][gc,start     ] GC(25) Pause Young (Allocation Failure)
[2020-09-11T12:51:48.852+0000][1][gc,task      ] GC(25) Using 1 workers of 1 for evacuation
[2020-09-11T12:51:48.903+0000][1][gc,age       ] GC(25) Desired survivor size 4358144 bytes, new threshold 6 (max threshold 6)
[2020-09-11T12:51:48.903+0000][1][gc,age       ] GC(25) Age table with threshold 6 (max threshold 6)
[2020-09-11T12:51:48.903+0000][1][gc,age       ] GC(25) - age   1:        224 bytes,        224 total
[2020-09-11T12:51:48.903+0000][1][gc,age       ] GC(25) - age   4:     249488 bytes,     249712 total
[2020-09-11T12:51:48.903+0000][1][gc,age       ] GC(25) - age   5:     438224 bytes,     687936 total
[2020-09-11T12:51:48.903+0000][1][gc,heap      ] GC(25) ParNew: 69239K->1277K(76672K)
[2020-09-11T12:51:48.903+0000][1][gc,heap      ] GC(25) CMS: 45519K->45519K(2011968K)
[2020-09-11T12:51:48.903+0000][1][gc,metaspace ] GC(25) Metaspace: 32423K->32423K(1079296K)
[2020-09-11T12:51:48.903+0000][1][gc           ] GC(25) Pause Young (Allocation Failure) 112M->45M(2039M) 51.807ms
[2020-09-11T12:51:48.903+0000][1][gc,cpu       ] GC(25) User=0.02s Sys=0.00s Real=0.05s
[2020-09-11T12:51:48.935+0000][1][safepoint    ] Safepoint "GenCollectForAllocation", Time since last: 482795780 ns, Reaching safepoint: 105434 ns, At safepoint: 83904758 ns, Total: 84010192 ns
[2020-09-11T12:51:49.383+0000][1][gc,start     ] GC(26) Pause Young (Allocation Failure)
[2020-09-11T12:51:49.384+0000][1][gc,task      ] GC(26) Using 1 workers of 1 for evacuation
[2020-09-11T12:51:49.481+0000][1][gc,age       ] GC(26) Desired survivor size 4358144 bytes, new threshold 6 (max threshold 6)
[2020-09-11T12:51:49.481+0000][1][gc,age       ] GC(26) Age table with threshold 6 (max threshold 6)
[2020-09-11T12:51:49.481+0000][1][gc,age       ] GC(26) - age   1:        216 bytes,        216 total
[2020-09-11T12:51:49.481+0000][1][gc,age       ] GC(26) - age   5:     249488 bytes,     249704 total
[2020-09-11T12:51:49.481+0000][1][gc,age       ] GC(26) - age   6:     438224 bytes,     687928 total
[2020-09-11T12:51:49.482+0000][1][gc,heap      ] GC(26) ParNew: 69437K->823K(76672K)
[2020-09-11T12:51:49.482+0000][1][gc,heap      ] GC(26) CMS: 45519K->45519K(2011968K)
[2020-09-11T12:51:49.482+0000][1][gc,metaspace ] GC(26) Metaspace: 32423K->32423K(1079296K)
[2020-09-11T12:51:49.482+0000][1][gc           ] GC(26) Pause Young (Allocation Failure) 112M->45M(2039M) 98.114ms
[2020-09-11T12:51:49.482+0000][1][gc,cpu       ] GC(26) User=0.02s Sys=0.00s Real=0.09s
[2020-09-11T12:51:49.491+0000][1][safepoint    ] Safepoint "GenCollectForAllocation", Time since last: 446206072 ns, Reaching safepoint: 1810952 ns, At safepoint: 107998620 ns, Total: 109809572 ns
[2020-09-11T12:51:49.933+0000][1][gc,start     ] GC(27) Pause Young (Allocation Failure)
[2020-09-11T12:51:49.933+0000][1][gc,task      ] GC(27) Using 1 workers of 1 for evacuation
[2020-09-11T12:51:49.996+0000][1][gc,age       ] GC(27) Desired survivor size 4358144 bytes, new threshold 6 (max threshold 6)
[2020-09-11T12:51:49.996+0000][1][gc,age       ] GC(27) Age table with threshold 6 (max threshold 6)
[2020-09-11T12:51:49.996+0000][1][gc,age       ] GC(27) - age   1:         48 bytes,         48 total
[2020-09-11T12:51:49.996+0000][1][gc,age       ] GC(27) - age   6:     249488 bytes,     249536 total
[2020-09-11T12:51:49.996+0000][1][gc,heap      ] GC(27) ParNew: 68983K->606K(76672K)
[2020-09-11T12:51:49.996+0000][1][gc,heap      ] GC(27) CMS: 45519K->45948K(2011968K)
[2020-09-11T12:51:49.996+0000][1][gc,metaspace ] GC(27) Metaspace: 32423K->32423K(1079296K)
[2020-09-11T12:51:49.996+0000][1][gc           ] GC(27) Pause Young (Allocation Failure) 111M->45M(2039M) 63.698ms
[2020-09-11T12:51:49.996+0000][1][gc,cpu       ] GC(27) User=0.02s Sys=0.00s Real=0.07s
[2020-09-11T12:51:50.008+0000][1][safepoint    ] Safepoint "GenCollectForAllocation", Time since last: 441100429 ns, Reaching safepoint: 98501 ns, At safepoint: 74907673 ns, Total: 75006174 ns
[2020-09-11T12:51:50.428+0000][1][gc,start     ] GC(28) Pause Young (Allocation Failure)
[2020-09-11T12:51:50.428+0000][1][gc,task      ] GC(28) Using 1 workers of 1 for evacuation
[2020-09-11T12:51:50.521+0000][1][gc,age       ] GC(28) Desired survivor size 4358144 bytes, new threshold 6 (max threshold 6)
[2020-09-11T12:51:50.521+0000][1][gc,age       ] GC(28) Age table with threshold 6 (max threshold 6)
[2020-09-11T12:51:50.521+0000][1][gc,age       ] GC(28) - age   1:        160 bytes,        160 total
[2020-09-11T12:51:50.521+0000][1][gc,heap      ] GC(28) ParNew: 68766K->243K(76672K)
[2020-09-11T12:51:50.521+0000][1][gc,heap      ] GC(28) CMS: 45948K->46192K(2011968K)
[2020-09-11T12:51:50.521+0000][1][gc,metaspace ] GC(28) Metaspace: 32423K->32423K(1079296K)
[2020-09-11T12:51:50.521+0000][1][gc           ] GC(28) Pause Young (Allocation Failure) 112M->45M(2039M) 92.629ms
[2020-09-11T12:51:50.521+0000][1][gc,cpu       ] GC(28) User=0.03s Sys=0.00s Real=0.09s
[2020-09-11T12:51:50.521+0000][1][safepoint    ] Safepoint "GenCollectForAllocation", Time since last: 420628424 ns, Reaching safepoint: 97092 ns, At safepoint: 92689683 ns, Total: 92786775 ns
[2020-09-11T12:51:50.932+0000][1][gc,start     ] GC(29) Pause Young (Allocation Failure)
[2020-09-11T12:51:50.932+0000][1][gc,task      ] GC(29) Using 1 workers of 1 for evacuation
[2020-09-11T12:51:50.996+0000][1][gc,age       ] GC(29) Desired survivor size 4358144 bytes, new threshold 6 (max threshold 6)
[2020-09-11T12:51:50.996+0000][1][gc,age       ] GC(29) Age table with threshold 6 (max threshold 6)
[2020-09-11T12:51:50.996+0000][1][gc,heap      ] GC(29) ParNew: 68403K->0K(76672K)
[2020-09-11T12:51:50.996+0000][1][gc,heap      ] GC(29) CMS: 46192K->46192K(2011968K)
[2020-09-11T12:51:50.996+0000][1][gc,metaspace ] GC(29) Metaspace: 32423K->32423K(1079296K)
[2020-09-11T12:51:50.996+0000][1][gc           ] GC(29) Pause Young (Allocation Failure) 111M->45M(2039M) 64.532ms
[2020-09-11T12:51:50.996+0000][1][gc,cpu       ] GC(29) User=0.02s Sys=0.00s Real=0.07s
[2020-09-11T12:51:51.015+0000][1][safepoint    ] Safepoint "GenCollectForAllocation", Time since last: 410464360 ns, Reaching safepoint: 102314 ns, At safepoint: 83929123 ns, Total: 84031437 ns
[2020-09-11T12:51:51.404+0000][1][gc,start     ] GC(30) Pause Young (Allocation Failure)
[2020-09-11T12:51:51.404+0000][1][gc,task      ] GC(30) Using 1 workers of 1 for evacuation
[2020-09-11T12:51:51.483+0000][1][gc,age       ] GC(30) Desired survivor size 4358144 bytes, new threshold 6 (max threshold 6)
[2020-09-11T12:51:51.483+0000][1][gc,age       ] GC(30) Age table with threshold 6 (max threshold 6)
[2020-09-11T12:51:51.483+0000][1][gc,age       ] GC(30) - age   1:         72 bytes,         72 total
[2020-09-11T12:51:51.483+0000][1][gc,heap      ] GC(30) ParNew: 68160K->15K(76672K)
[2020-09-11T12:51:51.483+0000][1][gc,heap      ] GC(30) CMS: 46192K->46192K(2011968K)
[2020-09-11T12:51:51.483+0000][1][gc,metaspace ] GC(30) Metaspace: 32423K->32423K(1079296K)
[2020-09-11T12:51:51.483+0000][1][gc           ] GC(30) Pause Young (Allocation Failure) 111M->45M(2039M) 79.190ms
[2020-09-11T12:51:51.483+0000][1][gc,cpu       ] GC(30) User=0.02s Sys=0.00s Real=0.07s
[2020-09-11T12:51:51.507+0000][1][safepoint    ] Safepoint "GenCollectForAllocation", Time since last: 387964251 ns, Reaching safepoint: 97599 ns, At safepoint: 103899471 ns, Total: 103997070 ns
[2020-09-11T12:51:51.894+0000][1][gc,start     ] GC(31) Pause Young (Allocation Failure)
[2020-09-11T12:51:51.894+0000][1][gc,task      ] GC(31) Using 1 workers of 1 for evacuation
[2020-09-11T12:51:51.988+0000][1][gc,age       ] GC(31) Desired survivor size 4358144 bytes, new threshold 6 (max threshold 6)
[2020-09-11T12:51:51.988+0000][1][gc,age       ] GC(31) Age table with threshold 6 (max threshold 6)
[2020-09-11T12:51:51.988+0000][1][gc,age       ] GC(31) - age   1:         64 bytes,         64 total
[2020-09-11T12:51:51.988+0000][1][gc,heap      ] GC(31) ParNew: 68175K->3K(76672K)
[2020-09-11T12:51:51.988+0000][1][gc,heap      ] GC(31) CMS: 46192K->46192K(2011968K)
[2020-09-11T12:51:51.989+0000][1][gc,metaspace ] GC(31) Metaspace: 32423K->32423K(1079296K)
[2020-09-11T12:51:51.989+0000][1][gc           ] GC(31) Pause Young (Allocation Failure) 111M->45M(2039M) 94.246ms
[2020-09-11T12:51:51.989+0000][1][gc,cpu       ] GC(31) User=0.03s Sys=0.00s Real=0.10s
[2020-09-11T12:51:51.989+0000][1][safepoint    ] Safepoint "GenCollectForAllocation", Time since last: 386757850 ns, Reaching safepoint: 101109 ns, At safepoint: 94307649 ns, Total: 94408758 ns
[2020-09-11T12:51:52.382+0000][1][gc,start     ] GC(32) Pause Young (Allocation Failure)
[2020-09-11T12:51:52.382+0000][1][gc,task      ] GC(32) Using 1 workers of 1 for evacuation
[2020-09-11T12:51:52.422+0000][1][gc,age       ] GC(32) Desired survivor size 4358144 bytes, new threshold 6 (max threshold 6)
[2020-09-11T12:51:52.422+0000][1][gc,age       ] GC(32) Age table with threshold 6 (max threshold 6)
[2020-09-11T12:51:52.422+0000][1][gc,age       ] GC(32) - age   1:        232 bytes,        232 total
[2020-09-11T12:51:52.422+0000][1][gc,heap      ] GC(32) ParNew: 68163K->2K(76672K)
[2020-09-11T12:51:52.422+0000][1][gc,heap      ] GC(32) CMS: 46192K->46192K(2011968K)
[2020-09-11T12:51:52.422+0000][1][gc,metaspace ] GC(32) Metaspace: 32423K->32423K(1079296K)
[2020-09-11T12:51:52.422+0000][1][gc           ] GC(32) Pause Young (Allocation Failure) 111M->45M(2039M) 39.637ms
[2020-09-11T12:51:52.422+0000][1][gc,cpu       ] GC(32) User=0.02s Sys=0.00s Real=0.04s
[2020-09-11T12:51:52.456+0000][1][safepoint    ] Safepoint "GenCollectForAllocation", Time since last: 393368551 ns, Reaching safepoint: 115490 ns, At safepoint: 73443244 ns, Total: 73558734 ns
[2020-09-11T12:51:52.779+0000][1][gc,start     ] GC(33) Pause Young (Allocation Failure)
[2020-09-11T12:51:52.780+0000][1][gc,task      ] GC(33) Using 1 workers of 1 for evacuation
[2020-09-11T12:51:52.820+0000][1][gc,age       ] GC(33) Desired survivor size 4358144 bytes, new threshold 6 (max threshold 6)
[2020-09-11T12:51:52.820+0000][1][gc,age       ] GC(33) Age table with threshold 6 (max threshold 6)
[2020-09-11T12:51:52.820+0000][1][gc,age       ] GC(33) - age   1:        208 bytes,        208 total
[2020-09-11T12:51:52.820+0000][1][gc,heap      ] GC(33) ParNew: 68162K->2K(76672K)
[2020-09-11T12:51:52.821+0000][1][gc,heap      ] GC(33) CMS: 46192K->46192K(2011968K)
[2020-09-11T12:51:52.821+0000][1][gc,metaspace ] GC(33) Metaspace: 32423K->32423K(1079296K)
[2020-09-11T12:51:52.821+0000][1][gc           ] GC(33) Pause Young (Allocation Failure) 111M->45M(2039M) 41.070ms
[2020-09-11T12:51:52.821+0000][1][gc,cpu       ] GC(33) User=0.01s Sys=0.00s Real=0.04s
[2020-09-11T12:51:52.821+0000][1][safepoint    ] Safepoint "GenCollectForAllocation", Time since last: 320619673 ns, Reaching safepoint: 3321006 ns, At safepoint: 41136145 ns, Total: 44457151 ns
[2020-09-11T12:51:53.852+0000][1][safepoint    ] Safepoint "Cleanup", Time since last: 1030845494 ns, Reaching safepoint: 119279 ns, At safepoint: 5983 ns, Total: 125262 ns
[2020-09-11T12:51:54.086+0000][1][safepoint    ] Safepoint "RevokeBias", Time since last: 214292819 ns, Reaching safepoint: 20194334 ns, At safepoint: 94513 ns, Total: 20288847 ns
[2020-09-11T12:51:54.086+0000][1][safepoint    ] Safepoint "RevokeBias", Time since last: 85021 ns, Reaching safepoint: 82932 ns, At safepoint: 37114 ns, Total: 120046 ns
[2020-09-11T12:51:54.086+0000][1][safepoint    ] Safepoint "RevokeBias", Time since last: 29728 ns, Reaching safepoint: 79812 ns, At safepoint: 35781 ns, Total: 115593 ns
[2020-09-11T12:51:54.087+0000][1][safepoint    ] Safepoint "BulkRevokeBias", Time since last: 28659 ns, Reaching safepoint: 79294 ns, At safepoint: 61826 ns, Total: 141120 ns
[2020-09-11T12:51:54.087+0000][1][safepoint    ] Safepoint "RevokeBias", Time since last: 210141 ns, Reaching safepoint: 80716 ns, At safepoint: 38843 ns, Total: 119559 ns
[2020-09-11T12:51:57.103+0000][1][safepoint    ] Safepoint "Cleanup", Time since last: 3016224189 ns, Reaching safepoint: 122216 ns, At safepoint: 4478 ns, Total: 126694 ns
[2020-09-11T12:51:57.388+0000][1][gc,start     ] GC(34) Pause Young (Allocation Failure)
[2020-09-11T12:51:57.388+0000][1][gc,task      ] GC(34) Using 1 workers of 1 for evacuation
[2020-09-11T12:51:57.460+0000][1][gc,age       ] GC(34) Desired survivor size 4358144 bytes, new threshold 6 (max threshold 6)
[2020-09-11T12:51:57.460+0000][1][gc,age       ] GC(34) Age table with threshold 6 (max threshold 6)
[2020-09-11T12:51:57.460+0000][1][gc,age       ] GC(34) - age   1:     310424 bytes,     310424 total
[2020-09-11T12:51:57.460+0000][1][gc,heap      ] GC(34) ParNew: 68162K->305K(76672K)
[2020-09-11T12:51:57.460+0000][1][gc,heap      ] GC(34) CMS: 46192K->46192K(2011968K)
[2020-09-11T12:51:57.460+0000][1][gc,metaspace ] GC(34) Metaspace: 32444K->32444K(1079296K)
[2020-09-11T12:51:57.460+0000][1][gc           ] GC(34) Pause Young (Allocation Failure) 111M->45M(2039M) 72.692ms
[2020-09-11T12:51:57.460+0000][1][gc,cpu       ] GC(34) User=0.01s Sys=0.00s Real=0.07s
[2020-09-11T12:51:57.471+0000][1][safepoint    ] Safepoint "GenCollectForAllocation", Time since last: 284078753 ns, Reaching safepoint: 106562 ns, At safepoint: 83925824 ns, Total: 84032386 ns
[2020-09-11T12:51:58.700+0000][1][gc,start     ] GC(35) Pause Young (Allocation Failure)
[2020-09-11T12:51:58.700+0000][1][gc,task      ] GC(35) Using 1 workers of 1 for evacuation
[2020-09-11T12:51:58.752+0000][1][gc,age       ] GC(35) Desired survivor size 4358144 bytes, new threshold 6 (max threshold 6)
[2020-09-11T12:51:58.752+0000][1][gc,age       ] GC(35) Age table with threshold 6 (max threshold 6)
[2020-09-11T12:51:58.752+0000][1][gc,age       ] GC(35) - age   1:     478304 bytes,     478304 total
[2020-09-11T12:51:58.752+0000][1][gc,age       ] GC(35) - age   2:     217640 bytes,     695944 total
[2020-09-11T12:51:58.752+0000][1][gc,heap      ] GC(35) ParNew: 68465K->683K(76672K)
[2020-09-11T12:51:58.752+0000][1][gc,heap      ] GC(35) CMS: 46192K->46192K(2011968K)
[2020-09-11T12:51:58.752+0000][1][gc,metaspace ] GC(35) Metaspace: 32444K->32444K(1079296K)
[2020-09-11T12:51:58.752+0000][1][gc           ] GC(35) Pause Young (Allocation Failure) 111M->45M(2039M) 52.424ms
[2020-09-11T12:51:58.752+0000][1][gc,cpu       ] GC(35) User=0.01s Sys=0.00s Real=0.05s
[2020-09-11T12:51:58.780+0000][1][safepoint    ] Safepoint "GenCollectForAllocation", Time since last: 1228297188 ns, Reaching safepoint: 99658 ns, At safepoint: 79719076 ns, Total: 79818734 ns
[2020-09-11T12:51:59.819+0000][1][gc,start     ] GC(36) Pause Young (Allocation Failure)
[2020-09-11T12:51:59.819+0000][1][gc,task      ] GC(36) Using 1 workers of 1 for evacuation
[2020-09-11T12:51:59.868+0000][1][gc,age       ] GC(36) Desired survivor size 4358144 bytes, new threshold 6 (max threshold 6)
[2020-09-11T12:51:59.868+0000][1][gc,age       ] GC(36) Age table with threshold 6 (max threshold 6)
[2020-09-11T12:51:59.868+0000][1][gc,age       ] GC(36) - age   1:     642400 bytes,     642400 total
[2020-09-11T12:51:59.868+0000][1][gc,age       ] GC(36) - age   2:     306664 bytes,     949064 total
[2020-09-11T12:51:59.868+0000][1][gc,age       ] GC(36) - age   3:     216920 bytes,    1165984 total
[2020-09-11T12:51:59.868+0000][1][gc,heap      ] GC(36) ParNew: 68843K->1140K(76672K)
[2020-09-11T12:51:59.868+0000][1][gc,heap      ] GC(36) CMS: 46192K->46192K(2011968K)
[2020-09-11T12:51:59.868+0000][1][gc,metaspace ] GC(36) Metaspace: 32445K->32445K(1079296K)
[2020-09-11T12:51:59.868+0000][1][gc           ] GC(36) Pause Young (Allocation Failure) 112M->46M(2039M) 48.242ms
[2020-09-11T12:51:59.868+0000][1][gc,cpu       ] GC(36) User=0.01s Sys=0.00s Real=0.05s
[2020-09-11T12:51:59.881+0000][1][safepoint    ] Safepoint "GenCollectForAllocation", Time since last: 1037170173 ns, Reaching safepoint: 2681124 ns, At safepoint: 62073962 ns, Total: 64755086 ns
[2020-09-11T12:52:00.620+0000][1][gc,start     ] GC(37) Pause Young (Allocation Failure)
[2020-09-11T12:52:00.620+0000][1][gc,task      ] GC(37) Using 1 workers of 1 for evacuation
[2020-09-11T12:52:00.655+0000][1][gc,age       ] GC(37) Desired survivor size 4358144 bytes, new threshold 6 (max threshold 6)
[2020-09-11T12:52:00.655+0000][1][gc,age       ] GC(37) Age table with threshold 6 (max threshold 6)
[2020-09-11T12:52:00.655+0000][1][gc,age       ] GC(37) - age   1:     653864 bytes,     653864 total
[2020-09-11T12:52:00.655+0000][1][gc,age       ] GC(37) - age   2:     301336 bytes,     955200 total
[2020-09-11T12:52:00.655+0000][1][gc,age       ] GC(37) - age   3:     306480 bytes,    1261680 total
[2020-09-11T12:52:00.655+0000][1][gc,age       ] GC(37) - age   4:     216616 bytes,    1478296 total
[2020-09-11T12:52:00.655+0000][1][gc,heap      ] GC(37) ParNew: 69300K->1448K(76672K)
[2020-09-11T12:52:00.655+0000][1][gc,heap      ] GC(37) CMS: 46192K->46192K(2011968K)
[2020-09-11T12:52:00.655+0000][1][gc,metaspace ] GC(37) Metaspace: 32445K->32445K(1079296K)
[2020-09-11T12:52:00.655+0000][1][gc           ] GC(37) Pause Young (Allocation Failure) 112M->46M(2039M) 35.619ms
[2020-09-11T12:52:00.655+0000][1][gc,cpu       ] GC(37) User=0.01s Sys=0.00s Real=0.03s
[2020-09-11T12:52:00.663+0000][1][safepoint    ] Safepoint "GenCollectForAllocation", Time since last: 737941548 ns, Reaching safepoint: 82739 ns, At safepoint: 43900017 ns, Total: 43982756 ns
[2020-09-11T12:52:01.404+0000][1][gc,start     ] GC(38) Pause Young (Allocation Failure)
[2020-09-11T12:52:01.404+0000][1][gc,task      ] GC(38) Using 1 workers of 1 for evacuation
[2020-09-11T12:52:01.461+0000][1][gc,age       ] GC(38) Desired survivor size 4358144 bytes, new threshold 6 (max threshold 6)
[2020-09-11T12:52:01.461+0000][1][gc,age       ] GC(38) Age table with threshold 6 (max threshold 6)
[2020-09-11T12:52:01.461+0000][1][gc,age       ] GC(38) - age   1:     935952 bytes,     935952 total
[2020-09-11T12:52:01.461+0000][1][gc,age       ] GC(38) - age   2:     297832 bytes,    1233784 total
[2020-09-11T12:52:01.461+0000][1][gc,age       ] GC(38) - age   3:     297464 bytes,    1531248 total
[2020-09-11T12:52:01.461+0000][1][gc,age       ] GC(38) - age   4:     306400 bytes,    1837648 total
[2020-09-11T12:52:01.461+0000][1][gc,age       ] GC(38) - age   5:     216512 bytes,    2054160 total
[2020-09-11T12:52:01.461+0000][1][gc,heap      ] GC(38) ParNew: 69608K->2011K(76672K)
[2020-09-11T12:52:01.461+0000][1][gc,heap      ] GC(38) CMS: 46192K->46192K(2011968K)
[2020-09-11T12:52:01.461+0000][1][gc,metaspace ] GC(38) Metaspace: 32445K->32445K(1079296K)
[2020-09-11T12:52:01.461+0000][1][gc           ] GC(38) Pause Young (Allocation Failure) 113M->47M(2039M) 57.111ms
[2020-09-11T12:52:01.461+0000][1][gc,cpu       ] GC(38) User=0.01s Sys=0.00s Real=0.05s
[2020-09-11T12:52:01.462+0000][1][safepoint    ] Safepoint "GenCollectForAllocation", Time since last: 739996908 ns, Reaching safepoint: 98433 ns, At safepoint: 58095958 ns, Total: 58194391 ns
[2020-09-11T12:52:01.883+0000][1][gc,start     ] GC(39) Pause Young (Allocation Failure)
[2020-09-11T12:52:01.883+0000][1][gc,task      ] GC(39) Using 1 workers of 1 for evacuation
[2020-09-11T12:52:01.919+0000][1][gc,age       ] GC(39) Desired survivor size 4358144 bytes, new threshold 6 (max threshold 6)
[2020-09-11T12:52:01.919+0000][1][gc,age       ] GC(39) Age table with threshold 6 (max threshold 6)
[2020-09-11T12:52:01.919+0000][1][gc,age       ] GC(39) - age   1:     312664 bytes,     312664 total
[2020-09-11T12:52:01.919+0000][1][gc,age       ] GC(39) - age   2:     922488 bytes,    1235152 total
[2020-09-11T12:52:01.919+0000][1][gc,age       ] GC(39) - age   3:     296280 bytes,    1531432 total
[2020-09-11T12:52:01.919+0000][1][gc,age       ] GC(39) - age   4:     296856 bytes,    1828288 total
[2020-09-11T12:52:01.919+0000][1][gc,age       ] GC(39) - age   5:     306064 bytes,    2134352 total
[2020-09-11T12:52:01.919+0000][1][gc,age       ] GC(39) - age   6:     216472 bytes,    2350824 total
[2020-09-11T12:52:01.919+0000][1][gc,heap      ] GC(39) ParNew: 70171K->2414K(76672K)
[2020-09-11T12:52:01.919+0000][1][gc,heap      ] GC(39) CMS: 46192K->46192K(2011968K)
[2020-09-11T12:52:01.919+0000][1][gc,metaspace ] GC(39) Metaspace: 32445K->32445K(1079296K)
[2020-09-11T12:52:01.919+0000][1][gc           ] GC(39) Pause Young (Allocation Failure) 113M->47M(2039M) 35.944ms
[2020-09-11T12:52:01.919+0000][1][gc,cpu       ] GC(39) User=0.02s Sys=0.00s Real=0.04s
[2020-09-11T12:52:01.931+0000][1][safepoint    ] Safepoint "GenCollectForAllocation", Time since last: 418660939 ns, Reaching safepoint: 2752208 ns, At safepoint: 48396773 ns, Total: 51148981 ns
[2020-09-11T12:52:01.960+0000][1][safepoint    ] Safepoint "RevokeBias", Time since last: 28586748 ns, Reaching safepoint: 99991 ns, At safepoint: 35575 ns, Total: 135566 ns
[2020-09-11T12:52:02.457+0000][1][safepoint    ] Safepoint "RevokeBias", Time since last: 497053952 ns, Reaching safepoint: 119785 ns, At safepoint: 43192 ns, Total: 162977 ns
[2020-09-11T12:52:02.931+0000][1][gc,start     ] GC(40) Pause Young (Allocation Failure)
[2020-09-11T12:52:02.932+0000][1][gc,task      ] GC(40) Using 1 workers of 1 for evacuation
[2020-09-11T12:52:02.971+0000][1][gc,age       ] GC(40) Desired survivor size 4358144 bytes, new threshold 6 (max threshold 6)
[2020-09-11T12:52:02.971+0000][1][gc,age       ] GC(40) Age table with threshold 6 (max threshold 6)
[2020-09-11T12:52:02.971+0000][1][gc,age       ] GC(40) - age   1:     342864 bytes,     342864 total
[2020-09-11T12:52:02.971+0000][1][gc,age       ] GC(40) - age   2:     305984 bytes,     648848 total
[2020-09-11T12:52:02.971+0000][1][gc,age       ] GC(40) - age   3:     922488 bytes,    1571336 total
[2020-09-11T12:52:02.971+0000][1][gc,age       ] GC(40) - age   4:     296176 bytes,    1867512 total
[2020-09-11T12:52:02.971+0000][1][gc,age       ] GC(40) - age   5:     296856 bytes,    2164368 total
[2020-09-11T12:52:02.971+0000][1][gc,age       ] GC(40) - age   6:     306064 bytes,    2470432 total
[2020-09-11T12:52:02.971+0000][1][gc,heap      ] GC(40) ParNew: 70574K->2414K(76672K)
[2020-09-11T12:52:02.971+0000][1][gc,heap      ] GC(40) CMS: 46192K->46401K(2011968K)
[2020-09-11T12:52:02.971+0000][1][gc,metaspace ] GC(40) Metaspace: 32449K->32449K(1079296K)
[2020-09-11T12:52:02.971+0000][1][gc           ] GC(40) Pause Young (Allocation Failure) 114M->47M(2039M) 39.180ms
[2020-09-11T12:52:02.971+0000][1][gc,cpu       ] GC(40) User=0.01s Sys=0.00s Real=0.04s
[2020-09-11T12:52:02.995+0000][1][safepoint    ] Safepoint "GenCollectForAllocation", Time since last: 470067925 ns, Reaching safepoint: 4022622 ns, At safepoint: 63989486 ns, Total: 68012108 ns
[2020-09-11T12:52:03.227+0000][1][gc,start     ] GC(41) Pause Young (Allocation Failure)
[2020-09-11T12:52:03.228+0000][1][gc,task      ] GC(41) Using 1 workers of 1 for evacuation
[2020-09-11T12:52:03.271+0000][1][gc,age       ] GC(41) Desired survivor size 4358144 bytes, new threshold 6 (max threshold 6)
[2020-09-11T12:52:03.271+0000][1][gc,age       ] GC(41) Age table with threshold 6 (max threshold 6)
[2020-09-11T12:52:03.271+0000][1][gc,age       ] GC(41) - age   1:        312 bytes,        312 total
[2020-09-11T12:52:03.271+0000][1][gc,age       ] GC(41) - age   2:     342696 bytes,     343008 total
[2020-09-11T12:52:03.271+0000][1][gc,age       ] GC(41) - age   3:     305984 bytes,     648992 total
[2020-09-11T12:52:03.271+0000][1][gc,age       ] GC(41) - age   4:     922488 bytes,    1571480 total
[2020-09-11T12:52:03.271+0000][1][gc,age       ] GC(41) - age   5:     296176 bytes,    1867656 total
[2020-09-11T12:52:03.271+0000][1][gc,age       ] GC(41) - age   6:     296856 bytes,    2164512 total
[2020-09-11T12:52:03.271+0000][1][gc,heap      ] GC(41) ParNew: 70574K->2119K(76672K)
[2020-09-11T12:52:03.271+0000][1][gc,heap      ] GC(41) CMS: 46401K->46699K(2011968K)
[2020-09-11T12:52:03.271+0000][1][gc,metaspace ] GC(41) Metaspace: 32449K->32449K(1079296K)
[2020-09-11T12:52:03.271+0000][1][gc           ] GC(41) Pause Young (Allocation Failure) 114M->47M(2039M) 43.378ms
[2020-09-11T12:52:03.271+0000][1][gc,cpu       ] GC(41) User=0.01s Sys=0.00s Real=0.04s
[2020-09-11T12:52:03.279+0000][1][safepoint    ] Safepoint "GenCollectForAllocation", Time since last: 228794950 ns, Reaching safepoint: 3224392 ns, At safepoint: 52025936 ns, Total: 55250328 ns
[2020-09-11T12:52:03.491+0000][1][gc,start     ] GC(42) Pause Young (Allocation Failure)
[2020-09-11T12:52:03.492+0000][1][gc,task      ] GC(42) Using 1 workers of 1 for evacuation
[2020-09-11T12:52:03.537+0000][1][gc,age       ] GC(42) Desired survivor size 4358144 bytes, new threshold 6 (max threshold 6)
[2020-09-11T12:52:03.537+0000][1][gc,age       ] GC(42) Age table with threshold 6 (max threshold 6)
[2020-09-11T12:52:03.537+0000][1][gc,age       ] GC(42) - age   1:        192 bytes,        192 total
[2020-09-11T12:52:03.537+0000][1][gc,age       ] GC(42) - age   2:        160 bytes,        352 total
[2020-09-11T12:52:03.537+0000][1][gc,age       ] GC(42) - age   3:     342696 bytes,     343048 total
[2020-09-11T12:52:03.537+0000][1][gc,age       ] GC(42) - age   4:     305984 bytes,     649032 total
[2020-09-11T12:52:03.537+0000][1][gc,age       ] GC(42) - age   5:     922488 bytes,    1571520 total
[2020-09-11T12:52:03.537+0000][1][gc,age       ] GC(42) - age   6:     296176 bytes,    1867696 total
[2020-09-11T12:52:03.537+0000][1][gc,heap      ] GC(42) ParNew: 70279K->1827K(76672K)
[2020-09-11T12:52:03.537+0000][1][gc,heap      ] GC(42) CMS: 46699K->46989K(2011968K)
[2020-09-11T12:52:03.537+0000][1][gc,metaspace ] GC(42) Metaspace: 32449K->32449K(1079296K)
[2020-09-11T12:52:03.537+0000][1][gc           ] GC(42) Pause Young (Allocation Failure) 114M->47M(2039M) 45.541ms
[2020-09-11T12:52:03.537+0000][1][gc,cpu       ] GC(42) User=0.02s Sys=0.00s Real=0.05s
[2020-09-11T12:52:03.539+0000][1][safepoint    ] Safepoint "GenCollectForAllocation", Time since last: 203968894 ns, Reaching safepoint: 7995866 ns, At safepoint: 47986854 ns, Total: 55982720 ns
[2020-09-11T12:52:03.751+0000][1][gc,start     ] GC(43) Pause Young (Allocation Failure)
[2020-09-11T12:52:03.752+0000][1][gc,task      ] GC(43) Using 1 workers of 1 for evacuation
[2020-09-11T12:52:03.805+0000][1][gc,age       ] GC(43) Desired survivor size 4358144 bytes, new threshold 6 (max threshold 6)
[2020-09-11T12:52:03.805+0000][1][gc,age       ] GC(43) Age table with threshold 6 (max threshold 6)
[2020-09-11T12:52:03.805+0000][1][gc,age       ] GC(43) - age   3:        160 bytes,        160 total
[2020-09-11T12:52:03.805+0000][1][gc,age       ] GC(43) - age   4:     342696 bytes,     342856 total
[2020-09-11T12:52:03.805+0000][1][gc,age       ] GC(43) - age   5:     305984 bytes,     648840 total
[2020-09-11T12:52:03.805+0000][1][gc,age       ] GC(43) - age   6:     922488 bytes,    1571328 total
[2020-09-11T12:52:03.805+0000][1][gc,heap      ] GC(43) ParNew: 69987K->1559K(76672K)
[2020-09-11T12:52:03.805+0000][1][gc,heap      ] GC(43) CMS: 46989K->47279K(2011968K)
[2020-09-11T12:52:03.805+0000][1][gc,metaspace ] GC(43) Metaspace: 32449K->32449K(1079296K)
[2020-09-11T12:52:03.805+0000][1][gc           ] GC(43) Pause Young (Allocation Failure) 114M->47M(2039M) 54.050ms
[2020-09-11T12:52:03.806+0000][1][gc,cpu       ] GC(43) User=0.01s Sys=0.00s Real=0.06s
[2020-09-11T12:52:03.806+0000][1][safepoint    ] Safepoint "GenCollectForAllocation", Time since last: 209778128 ns, Reaching safepoint: 2224422 ns, At safepoint: 54117913 ns, Total: 56342335 ns
[2020-09-11T12:52:04.011+0000][1][gc,start     ] GC(44) Pause Young (Allocation Failure)
[2020-09-11T12:52:04.012+0000][1][gc,task      ] GC(44) Using 1 workers of 1 for evacuation
[2020-09-11T12:52:04.068+0000][1][gc,age       ] GC(44) Desired survivor size 4358144 bytes, new threshold 6 (max threshold 6)
[2020-09-11T12:52:04.068+0000][1][gc,age       ] GC(44) Age table with threshold 6 (max threshold 6)
[2020-09-11T12:52:04.068+0000][1][gc,age       ] GC(44) - age   4:        160 bytes,        160 total
[2020-09-11T12:52:04.068+0000][1][gc,age       ] GC(44) - age   5:     342696 bytes,     342856 total
[2020-09-11T12:52:04.068+0000][1][gc,age       ] GC(44) - age   6:     305984 bytes,     648840 total
[2020-09-11T12:52:04.068+0000][1][gc,heap      ] GC(44) ParNew: 69719K->646K(76672K)
[2020-09-11T12:52:04.068+0000][1][gc,heap      ] GC(44) CMS: 47279K->48179K(2011968K)
[2020-09-11T12:52:04.068+0000][1][gc,metaspace ] GC(44) Metaspace: 32449K->32449K(1079296K)
[2020-09-11T12:52:04.068+0000][1][gc           ] GC(44) Pause Young (Allocation Failure) 114M->47M(2039M) 56.259ms
[2020-09-11T12:52:04.068+0000][1][gc,cpu       ] GC(44) User=0.02s Sys=0.00s Real=0.06s
[2020-09-11T12:52:04.068+0000][1][safepoint    ] Safepoint "GenCollectForAllocation", Time since last: 202279451 ns, Reaching safepoint: 3600933 ns, At safepoint: 56318470 ns, Total: 59919403 ns
[2020-09-11T12:52:04.303+0000][1][gc,start     ] GC(45) Pause Young (Allocation Failure)
[2020-09-11T12:52:04.304+0000][1][gc,task      ] GC(45) Using 1 workers of 1 for evacuation
[2020-09-11T12:52:04.347+0000][1][gc,age       ] GC(45) Desired survivor size 4358144 bytes, new threshold 6 (max threshold 6)
[2020-09-11T12:52:04.347+0000][1][gc,age       ] GC(45) Age table with threshold 6 (max threshold 6)
[2020-09-11T12:52:04.347+0000][1][gc,age       ] GC(45) - age   1:        336 bytes,        336 total
[2020-09-11T12:52:04.347+0000][1][gc,age       ] GC(45) - age   5:        160 bytes,        496 total
[2020-09-11T12:52:04.347+0000][1][gc,age       ] GC(45) - age   6:     342696 bytes,     343192 total
[2020-09-11T12:52:04.347+0000][1][gc,heap      ] GC(45) ParNew: 68806K->499K(76672K)
[2020-09-11T12:52:04.347+0000][1][gc,heap      ] GC(45) CMS: 48179K->48478K(2011968K)
[2020-09-11T12:52:04.347+0000][1][gc,metaspace ] GC(45) Metaspace: 32449K->32449K(1079296K)
[2020-09-11T12:52:04.347+0000][1][gc           ] GC(45) Pause Young (Allocation Failure) 114M->47M(2039M) 43.789ms
[2020-09-11T12:52:04.347+0000][1][gc,cpu       ] GC(45) User=0.02s Sys=0.00s Real=0.04s
[2020-09-11T12:52:04.351+0000][1][safepoint    ] Safepoint "GenCollectForAllocation", Time since last: 231697524 ns, Reaching safepoint: 4003844 ns, At safepoint: 47996342 ns, Total: 52000186 ns
[2020-09-11T12:52:04.564+0000][1][gc,start     ] GC(46) Pause Young (Allocation Failure)
[2020-09-11T12:52:04.564+0000][1][gc,task      ] GC(46) Using 1 workers of 1 for evacuation
[2020-09-11T12:52:04.607+0000][1][gc,age       ] GC(46) Desired survivor size 4358144 bytes, new threshold 6 (max threshold 6)
[2020-09-11T12:52:04.607+0000][1][gc,age       ] GC(46) Age table with threshold 6 (max threshold 6)
[2020-09-11T12:52:04.607+0000][1][gc,age       ] GC(46) - age   1:        232 bytes,        232 total
[2020-09-11T12:52:04.607+0000][1][gc,age       ] GC(46) - age   2:        296 bytes,        528 total
[2020-09-11T12:52:04.607+0000][1][gc,age       ] GC(46) - age   6:        160 bytes,        688 total
[2020-09-11T12:52:04.607+0000][1][gc,heap      ] GC(46) ParNew: 68659K->376K(76672K)
[2020-09-11T12:52:04.607+0000][1][gc,heap      ] GC(46) CMS: 48478K->48813K(2011968K)
[2020-09-11T12:52:04.607+0000][1][gc,metaspace ] GC(46) Metaspace: 32449K->32449K(1079296K)
[2020-09-11T12:52:04.607+0000][1][gc           ] GC(46) Pause Young (Allocation Failure) 114M->48M(2039M) 42.861ms
[2020-09-11T12:52:04.607+0000][1][gc,cpu       ] GC(46) User=0.01s Sys=0.00s Real=0.04s
[2020-09-11T12:52:04.615+0000][1][safepoint    ] Safepoint "GenCollectForAllocation", Time since last: 212372870 ns, Reaching safepoint: 103142 ns, At safepoint: 51495064 ns, Total: 51598206 ns
[2020-09-11T12:52:04.826+0000][1][gc,start     ] GC(47) Pause Young (Allocation Failure)
[2020-09-11T12:52:04.826+0000][1][gc,task      ] GC(47) Using 1 workers of 1 for evacuation
[2020-09-11T12:52:04.866+0000][1][gc,age       ] GC(47) Desired survivor size 4358144 bytes, new threshold 6 (max threshold 6)
[2020-09-11T12:52:04.866+0000][1][gc,age       ] GC(47) Age table with threshold 6 (max threshold 6)
[2020-09-11T12:52:04.866+0000][1][gc,age       ] GC(47) - age   1:        152 bytes,        152 total
[2020-09-11T12:52:04.866+0000][1][gc,age       ] GC(47) - age   3:        296 bytes,        448 total
[2020-09-11T12:52:04.866+0000][1][gc,heap      ] GC(47) ParNew: 68536K->94K(76672K)
[2020-09-11T12:52:04.866+0000][1][gc,heap      ] GC(47) CMS: 48813K->48814K(2011968K)
[2020-09-11T12:52:04.866+0000][1][gc,metaspace ] GC(47) Metaspace: 32449K->32449K(1079296K)
[2020-09-11T12:52:04.866+0000][1][gc           ] GC(47) Pause Young (Allocation Failure) 114M->47M(2039M) 40.382ms
[2020-09-11T12:52:04.866+0000][1][gc,cpu       ] GC(47) User=0.02s Sys=0.00s Real=0.04s
[2020-09-11T12:52:04.875+0000][1][safepoint    ] Safepoint "GenCollectForAllocation", Time since last: 203222916 ns, Reaching safepoint: 7295575 ns, At safepoint: 48698308 ns, Total: 55993883 ns
[2020-09-11T12:52:05.077+0000][1][gc,start     ] GC(48) Pause Young (Allocation Failure)
[2020-09-11T12:52:05.077+0000][1][gc,task      ] GC(48) Using 1 workers of 1 for evacuation
[2020-09-11T12:52:05.121+0000][1][gc,age       ] GC(48) Desired survivor size 4358144 bytes, new threshold 6 (max threshold 6)
[2020-09-11T12:52:05.121+0000][1][gc,age       ] GC(48) Age table with threshold 6 (max threshold 6)
[2020-09-11T12:52:05.121+0000][1][gc,age       ] GC(48) - age   1:        248 bytes,        248 total
[2020-09-11T12:52:05.121+0000][1][gc,age       ] GC(48) - age   4:        296 bytes,        544 total
[2020-09-11T12:52:05.122+0000][1][gc,heap      ] GC(48) ParNew: 68254K->23K(76672K)
[2020-09-11T12:52:05.122+0000][1][gc,heap      ] GC(48) CMS: 48814K->48814K(2011968K)
[2020-09-11T12:52:05.122+0000][1][gc,metaspace ] GC(48) Metaspace: 32449K->32449K(1079296K)
[2020-09-11T12:52:05.122+0000][1][gc           ] GC(48) Pause Young (Allocation Failure) 114M->47M(2039M) 44.768ms
[2020-09-11T12:52:05.122+0000][1][gc,cpu       ] GC(48) User=0.01s Sys=0.00s Real=0.04s
[2020-09-11T12:52:05.123+0000][1][safepoint    ] Safepoint "GenCollectForAllocation", Time since last: 200782994 ns, Reaching safepoint: 1361512 ns, At safepoint: 46672737 ns, Total: 48034249 ns
[2020-09-11T12:52:05.332+0000][1][gc,start     ] GC(49) Pause Young (Allocation Failure)
[2020-09-11T12:52:05.332+0000][1][gc,task      ] GC(49) Using 1 workers of 1 for evacuation
[2020-09-11T12:52:05.374+0000][1][gc,age       ] GC(49) Desired survivor size 4358144 bytes, new threshold 6 (max threshold 6)
[2020-09-11T12:52:05.374+0000][1][gc,age       ] GC(49) Age table with threshold 6 (max threshold 6)
[2020-09-11T12:52:05.374+0000][1][gc,age       ] GC(49) - age   1:         72 bytes,         72 total
[2020-09-11T12:52:05.374+0000][1][gc,age       ] GC(49) - age   5:        296 bytes,        368 total
[2020-09-11T12:52:05.374+0000][1][gc,heap      ] GC(49) ParNew: 68183K->6K(76672K)
[2020-09-11T12:52:05.374+0000][1][gc,heap      ] GC(49) CMS: 48814K->48814K(2011968K)
[2020-09-11T12:52:05.374+0000][1][gc,metaspace ] GC(49) Metaspace: 32449K->32449K(1079296K)
[2020-09-11T12:52:05.374+0000][1][gc           ] GC(49) Pause Young (Allocation Failure) 114M->47M(2039M) 42.283ms
[2020-09-11T12:52:05.374+0000][1][gc,cpu       ] GC(49) User=0.01s Sys=0.00s Real=0.04s
[2020-09-11T12:52:05.379+0000][1][safepoint    ] Safepoint "GenCollectForAllocation", Time since last: 208011661 ns, Reaching safepoint: 107790 ns, At safepoint: 47866476 ns, Total: 47974266 ns
[2020-09-11T12:52:06.403+0000][1][safepoint    ] Safepoint "Cleanup", Time since last: 1021669116 ns, Reaching safepoint: 2357794 ns, At safepoint: 19243 ns, Total: 2377037 ns
[2020-09-11T12:52:07.416+0000][1][safepoint    ] Safepoint "Cleanup", Time since last: 1011934764 ns, Reaching safepoint: 115383 ns, At safepoint: 6573 ns, Total: 121956 ns
[2020-09-11T12:52:07.624+0000][1][gc,start     ] GC(50) Pause Young (Allocation Failure)
[2020-09-11T12:52:07.624+0000][1][gc,task      ] GC(50) Using 1 workers of 1 for evacuation
[2020-09-11T12:52:07.665+0000][1][gc,age       ] GC(50) Desired survivor size 4358144 bytes, new threshold 6 (max threshold 6)
[2020-09-11T12:52:07.665+0000][1][gc,age       ] GC(50) Age table with threshold 6 (max threshold 6)
[2020-09-11T12:52:07.665+0000][1][gc,age       ] GC(50) - age   1:     201888 bytes,     201888 total
[2020-09-11T12:52:07.665+0000][1][gc,age       ] GC(50) - age   6:        296 bytes,     202184 total
[2020-09-11T12:52:07.665+0000][1][gc,heap      ] GC(50) ParNew: 68166K->199K(76672K)
[2020-09-11T12:52:07.665+0000][1][gc,heap      ] GC(50) CMS: 48814K->48814K(2011968K)
[2020-09-11T12:52:07.665+0000][1][gc,metaspace ] GC(50) Metaspace: 32451K->32451K(1079296K)
[2020-09-11T12:52:07.665+0000][1][gc           ] GC(50) Pause Young (Allocation Failure) 114M->47M(2039M) 41.192ms
[2020-09-11T12:52:07.665+0000][1][gc,cpu       ] GC(50) User=0.01s Sys=0.00s Real=0.04s
[2020-09-11T12:52:07.675+0000][1][safepoint    ] Safepoint "GenCollectForAllocation", Time since last: 207979156 ns, Reaching safepoint: 113238 ns, At safepoint: 51831442 ns, Total: 51944680 ns
[2020-09-11T12:52:08.082+0000][1][gc,start     ] GC(51) Pause Young (Allocation Failure)
[2020-09-11T12:52:08.082+0000][1][gc,task      ] GC(51) Using 1 workers of 1 for evacuation
[2020-09-11T12:52:08.129+0000][1][gc,age       ] GC(51) Desired survivor size 4358144 bytes, new threshold 6 (max threshold 6)
[2020-09-11T12:52:08.129+0000][1][gc,age       ] GC(51) Age table with threshold 6 (max threshold 6)
[2020-09-11T12:52:08.129+0000][1][gc,age       ] GC(51) - age   1:     512040 bytes,     512040 total
[2020-09-11T12:52:08.129+0000][1][gc,age       ] GC(51) - age   2:     116816 bytes,     628856 total
[2020-09-11T12:52:08.129+0000][1][gc,heap      ] GC(51) ParNew: 68359K->614K(76672K)
[2020-09-11T12:52:08.129+0000][1][gc,heap      ] GC(51) CMS: 48814K->48814K(2011968K)
[2020-09-11T12:52:08.129+0000][1][gc,metaspace ] GC(51) Metaspace: 32451K->32451K(1079296K)
[2020-09-11T12:52:08.129+0000][1][gc           ] GC(51) Pause Young (Allocation Failure) 114M->48M(2039M) 46.912ms
[2020-09-11T12:52:08.129+0000][1][gc,cpu       ] GC(51) User=0.02s Sys=0.00s Real=0.05s
[2020-09-11T12:52:08.129+0000][1][safepoint    ] Safepoint "GenCollectForAllocation", Time since last: 406482458 ns, Reaching safepoint: 105592 ns, At safepoint: 46970238 ns, Total: 47075830 ns
[2020-09-11T12:52:08.555+0000][1][gc,start     ] GC(52) Pause Young (Allocation Failure)
[2020-09-11T12:52:08.556+0000][1][gc,task      ] GC(52) Using 1 workers of 1 for evacuation
[2020-09-11T12:52:08.603+0000][1][gc,age       ] GC(52) Desired survivor size 4358144 bytes, new threshold 6 (max threshold 6)
[2020-09-11T12:52:08.603+0000][1][gc,age       ] GC(52) Age table with threshold 6 (max threshold 6)
[2020-09-11T12:52:08.603+0000][1][gc,age       ] GC(52) - age   1:     676184 bytes,     676184 total
[2020-09-11T12:52:08.603+0000][1][gc,age       ] GC(52) - age   2:     341648 bytes,    1017832 total
[2020-09-11T12:52:08.603+0000][1][gc,age       ] GC(52) - age   3:     116192 bytes,    1134024 total
[2020-09-11T12:52:08.603+0000][1][gc,heap      ] GC(52) ParNew: 68774K->1112K(76672K)
[2020-09-11T12:52:08.603+0000][1][gc,heap      ] GC(52) CMS: 48814K->48814K(2011968K)
[2020-09-11T12:52:08.603+0000][1][gc,metaspace ] GC(52) Metaspace: 32451K->32451K(1079296K)
[2020-09-11T12:52:08.603+0000][1][gc           ] GC(52) Pause Young (Allocation Failure) 114M->48M(2039M) 47.739ms
[2020-09-11T12:52:08.603+0000][1][gc,cpu       ] GC(52) User=0.01s Sys=0.00s Real=0.04s
[2020-09-11T12:52:08.603+0000][1][safepoint    ] Safepoint "GenCollectForAllocation", Time since last: 424768282 ns, Reaching safepoint: 1627898 ns, At safepoint: 47794978 ns, Total: 49422876 ns
[2020-09-11T12:52:09.023+0000][1][gc,start     ] GC(53) Pause Young (Allocation Failure)
[2020-09-11T12:52:09.024+0000][1][gc,task      ] GC(53) Using 1 workers of 1 for evacuation
[2020-09-11T12:52:09.070+0000][1][gc,age       ] GC(53) Desired survivor size 4358144 bytes, new threshold 6 (max threshold 6)
[2020-09-11T12:52:09.070+0000][1][gc,age       ] GC(53) Age table with threshold 6 (max threshold 6)
[2020-09-11T12:52:09.070+0000][1][gc,age       ] GC(53) - age   1:     654632 bytes,     654632 total
[2020-09-11T12:52:09.070+0000][1][gc,age       ] GC(53) - age   2:     335192 bytes,     989824 total
[2020-09-11T12:52:09.070+0000][1][gc,age       ] GC(53) - age   3:     340912 bytes,    1330736 total
[2020-09-11T12:52:09.070+0000][1][gc,age       ] GC(53) - age   4:     115552 bytes,    1446288 total
[2020-09-11T12:52:09.070+0000][1][gc,heap      ] GC(53) ParNew: 69272K->1429K(76672K)
[2020-09-11T12:52:09.070+0000][1][gc,heap      ] GC(53) CMS: 48814K->48814K(2011968K)
[2020-09-11T12:52:09.070+0000][1][gc,metaspace ] GC(53) Metaspace: 32451K->32451K(1079296K)
[2020-09-11T12:52:09.070+0000][1][gc           ] GC(53) Pause Young (Allocation Failure) 115M->49M(2039M) 46.291ms
[2020-09-11T12:52:09.070+0000][1][gc,cpu       ] GC(53) User=0.01s Sys=0.00s Real=0.04s
[2020-09-11T12:52:09.070+0000][1][safepoint    ] Safepoint "GenCollectForAllocation", Time since last: 417025143 ns, Reaching safepoint: 3206330 ns, At safepoint: 46348807 ns, Total: 49555137 ns
[2020-09-11T12:52:09.579+0000][1][gc,start     ] GC(54) Pause Young (Allocation Failure)
[2020-09-11T12:52:09.580+0000][1][gc,task      ] GC(54) Using 1 workers of 1 for evacuation
[2020-09-11T12:52:09.628+0000][1][gc,age       ] GC(54) Desired survivor size 4358144 bytes, new threshold 6 (max threshold 6)
[2020-09-11T12:52:09.628+0000][1][gc,age       ] GC(54) Age table with threshold 6 (max threshold 6)
[2020-09-11T12:52:09.628+0000][1][gc,age       ] GC(54) - age   1:     930664 bytes,     930664 total
[2020-09-11T12:52:09.628+0000][1][gc,age       ] GC(54) - age   2:     298784 bytes,    1229448 total
[2020-09-11T12:52:09.628+0000][1][gc,age       ] GC(54) - age   3:     334240 bytes,    1563688 total
[2020-09-11T12:52:09.628+0000][1][gc,age       ] GC(54) - age   4:     340888 bytes,    1904576 total
[2020-09-11T12:52:09.628+0000][1][gc,age       ] GC(54) - age   5:     115392 bytes,    2019968 total
[2020-09-11T12:52:09.628+0000][1][gc,heap      ] GC(54) ParNew: 69589K->1999K(76672K)
[2020-09-11T12:52:09.628+0000][1][gc,heap      ] GC(54) CMS: 48814K->48814K(2011968K)
[2020-09-11T12:52:09.628+0000][1][gc,metaspace ] GC(54) Metaspace: 32451K->32451K(1079296K)
[2020-09-11T12:52:09.628+0000][1][gc           ] GC(54) Pause Young (Allocation Failure) 115M->49M(2039M) 48.800ms
[2020-09-11T12:52:09.628+0000][1][gc,cpu       ] GC(54) User=0.02s Sys=0.00s Real=0.05s
[2020-09-11T12:52:09.628+0000][1][safepoint    ] Safepoint "GenCollectForAllocation", Time since last: 505646936 ns, Reaching safepoint: 3991777 ns, At safepoint: 48859776 ns, Total: 52851553 ns
[2020-09-11T12:52:10.018+0000][1][gc,start     ] GC(55) Pause Young (Allocation Failure)
[2020-09-11T12:52:10.018+0000][1][gc,task      ] GC(55) Using 1 workers of 1 for evacuation
[2020-09-11T12:52:10.064+0000][1][gc,age       ] GC(55) Desired survivor size 4358144 bytes, new threshold 6 (max threshold 6)
[2020-09-11T12:52:10.064+0000][1][gc,age       ] GC(55) Age table with threshold 6 (max threshold 6)
[2020-09-11T12:52:10.064+0000][1][gc,age       ] GC(55) - age   1:     347632 bytes,     347632 total
[2020-09-11T12:52:10.064+0000][1][gc,age       ] GC(55) - age   2:     919416 bytes,    1267048 total
[2020-09-11T12:52:10.064+0000][1][gc,age       ] GC(55) - age   3:     297936 bytes,    1564984 total
[2020-09-11T12:52:10.064+0000][1][gc,age       ] GC(55) - age   4:     330480 bytes,    1895464 total
[2020-09-11T12:52:10.064+0000][1][gc,age       ] GC(55) - age   5:     340656 bytes,    2236120 total
[2020-09-11T12:52:10.064+0000][1][gc,age       ] GC(55) - age   6:     115368 bytes,    2351488 total
[2020-09-11T12:52:10.064+0000][1][gc,heap      ] GC(55) ParNew: 70159K->2305K(76672K)
[2020-09-11T12:52:10.064+0000][1][gc,heap      ] GC(55) CMS: 48814K->48814K(2011968K)
[2020-09-11T12:52:10.064+0000][1][gc,metaspace ] GC(55) Metaspace: 32451K->32451K(1079296K)
[2020-09-11T12:52:10.064+0000][1][gc           ] GC(55) Pause Young (Allocation Failure) 116M->49M(2039M) 46.937ms
[2020-09-11T12:52:10.064+0000][1][gc,cpu       ] GC(55) User=0.01s Sys=0.00s Real=0.05s
[2020-09-11T12:52:10.067+0000][1][safepoint    ] Safepoint "GenCollectForAllocation", Time since last: 387141853 ns, Reaching safepoint: 2083464 ns, At safepoint: 49616805 ns, Total: 51700269 ns
[2020-09-11T12:52:10.843+0000][1][safepoint    ] Safepoint "ICBufferFull", Time since last: 775373039 ns, Reaching safepoint: 732494 ns, At safepoint: 7872 ns, Total: 740366 ns
[2020-09-11T12:52:11.419+0000][1][safepoint    ] Safepoint "Deoptimize", Time since last: 573688388 ns, Reaching safepoint: 2230279 ns, At safepoint: 308080 ns, Total: 2538359 ns
[2020-09-11T12:52:11.862+0000][1][safepoint    ] Safepoint "CollectForMetadataAllocation", Time since last: 442197762 ns, Reaching safepoint: 109378 ns, At safepoint: 128144 ns, Total: 237522 ns
[2020-09-11T12:52:12.004+0000][1][safepoint    ] Safepoint "CollectForMetadataAllocation", Time since last: 141535628 ns, Reaching safepoint: 108032 ns, At safepoint: 126704 ns, Total: 234736 ns
[2020-09-11T12:52:12.071+0000][1][gc,start     ] GC(56) Pause Initial Mark
[2020-09-11T12:52:12.147+0000][1][gc           ] GC(56) Pause Initial Mark 104M->104M(2039M) 75.909ms
[2020-09-11T12:52:12.153+0000][1][gc,cpu       ] GC(56) User=0.02s Sys=0.00s Real=0.08s
[2020-09-11T12:52:12.179+0000][1][safepoint    ] Safepoint "CMS_Initial_Mark", Time since last: 67175928 ns, Reaching safepoint: 32758 ns, At safepoint: 108524817 ns, Total: 108557575 ns
[2020-09-11T12:52:12.179+0000][1][gc           ] GC(56) Concurrent Mark
[2020-09-11T12:52:12.316+0000][1][safepoint    ] Safepoint "CollectForMetadataAllocation", Time since last: 126406560 ns, Reaching safepoint: 9648678 ns, At safepoint: 99463 ns, Total: 9748141 ns
[2020-09-11T12:52:12.440+0000][1][safepoint    ] Safepoint "CollectForMetadataAllocation", Time since last: 123871849 ns, Reaching safepoint: 47833 ns, At safepoint: 131287 ns, Total: 179120 ns
[2020-09-11T12:52:12.628+0000][1][safepoint    ] Safepoint "CollectForMetadataAllocation", Time since last: 180719550 ns, Reaching safepoint: 7126110 ns, At safepoint: 123220 ns, Total: 7249330 ns
[2020-09-11T12:52:12.796+0000][1][gc           ] GC(56) Concurrent Mark 616.873ms
[2020-09-11T12:52:12.796+0000][1][gc,cpu       ] GC(56) User=0.15s Sys=0.01s Real=0.62s
[2020-09-11T12:52:12.796+0000][1][gc           ] GC(56) Concurrent Preclean
[2020-09-11T12:52:12.836+0000][1][gc           ] GC(56) Concurrent Preclean 39.313ms
[2020-09-11T12:52:12.836+0000][1][gc,cpu       ] GC(56) User=0.01s Sys=0.00s Real=0.04s
[2020-09-11T12:52:12.836+0000][1][gc           ] GC(56) Concurrent Abortable Preclean
[2020-09-11T12:52:12.928+0000][1][safepoint    ] Safepoint "CollectForMetadataAllocation", Time since last: 299845301 ns, Reaching safepoint: 105768 ns, At safepoint: 119456 ns, Total: 225224 ns
[2020-09-11T12:52:13.090+0000][1][gc,start     ] GC(57) Pause Young (Allocation Failure)
[2020-09-11T12:52:13.090+0000][1][gc,task      ] GC(57) Using 1 workers of 1 for evacuation
[2020-09-11T12:52:13.166+0000][1][gc           ] GC(56) Concurrent Abortable Preclean 329.732ms
[2020-09-11T12:52:13.166+0000][1][gc,cpu       ] GC(56) User=0.08s Sys=0.00s Real=0.33s
[2020-09-11T12:52:13.231+0000][1][gc,age       ] GC(57) Desired survivor size 4358144 bytes, new threshold 6 (max threshold 6)
[2020-09-11T12:52:13.232+0000][1][gc,age       ] GC(57) Age table with threshold 6 (max threshold 6)
[2020-09-11T12:52:13.232+0000][1][gc,age       ] GC(57) - age   1:    1462184 bytes,    1462184 total
[2020-09-11T12:52:13.232+0000][1][gc,age       ] GC(57) - age   2:     335000 bytes,    1797184 total
[2020-09-11T12:52:13.232+0000][1][gc,age       ] GC(57) - age   3:     918936 bytes,    2716120 total
[2020-09-11T12:52:13.232+0000][1][gc,age       ] GC(57) - age   4:     297520 bytes,    3013640 total
[2020-09-11T12:52:13.232+0000][1][gc,age       ] GC(57) - age   5:     330360 bytes,    3344000 total
[2020-09-11T12:52:13.232+0000][1][gc,age       ] GC(57) - age   6:     340656 bytes,    3684656 total
[2020-09-11T12:52:13.232+0000][1][gc,heap      ] GC(57) ParNew: 70465K->3748K(76672K)
[2020-09-11T12:52:13.232+0000][1][gc,heap      ] GC(57) CMS: 48814K->48924K(2011968K)
[2020-09-11T12:52:13.232+0000][1][gc,metaspace ] GC(57) Metaspace: 36229K->36229K(1083392K)
[2020-09-11T12:52:13.232+0000][1][gc           ] GC(57) Pause Young (Allocation Failure) 116M->51M(2039M) 142.015ms
[2020-09-11T12:52:13.232+0000][1][gc,cpu       ] GC(57) User=0.04s Sys=0.00s Real=0.14s
[2020-09-11T12:52:13.232+0000][1][safepoint    ] Safepoint "GenCollectForAllocation", Time since last: 161849046 ns, Reaching safepoint: 105465 ns, At safepoint: 142100717 ns, Total: 142206182 ns
[2020-09-11T12:52:13.255+0000][1][gc,start     ] GC(56) Pause Remark
[2020-09-11T12:52:13.345+0000][1][gc           ] GC(56) Pause Remark 55M->55M(2039M) 89.542ms
[2020-09-11T12:52:13.345+0000][1][gc,cpu       ] GC(56) User=0.02s Sys=0.00s Real=0.10s
[2020-09-11T12:52:13.363+0000][1][safepoint    ] Safepoint "CMS_Final_Remark", Time since last: 23217506 ns, Reaching safepoint: 93070 ns, At safepoint: 108373715 ns, Total: 108466785 ns
[2020-09-11T12:52:13.363+0000][1][gc           ] GC(56) Concurrent Sweep
[2020-09-11T12:52:13.489+0000][1][gc           ] GC(56) Concurrent Sweep 125.576ms
[2020-09-11T12:52:13.489+0000][1][gc,cpu       ] GC(56) User=0.03s Sys=0.00s Real=0.12s
[2020-09-11T12:52:13.489+0000][1][gc           ] GC(56) Concurrent Reset
[2020-09-11T12:52:13.544+0000][1][gc           ] GC(56) Concurrent Reset 55.114ms
[2020-09-11T12:52:13.544+0000][1][gc,cpu       ] GC(56) User=0.01s Sys=0.00s Real=0.06s
[2020-09-11T12:52:13.544+0000][1][gc,heap      ] GC(56) Old: 48814K->47842K(2011968K)
[2020-09-11T12:52:13.934+0000][1][gc,start     ] GC(58) Pause Young (Allocation Failure)
[2020-09-11T12:52:13.934+0000][1][gc,task      ] GC(58) Using 1 workers of 1 for evacuation
[2020-09-11T12:52:14.003+0000][1][gc,age       ] GC(58) Desired survivor size 4358144 bytes, new threshold 6 (max threshold 6)
[2020-09-11T12:52:14.003+0000][1][gc,age       ] GC(58) Age table with threshold 6 (max threshold 6)
[2020-09-11T12:52:14.003+0000][1][gc,age       ] GC(58) - age   1:      53248 bytes,      53248 total
[2020-09-11T12:52:14.003+0000][1][gc,age       ] GC(58) - age   2:    1433920 bytes,    1487168 total
[2020-09-11T12:52:14.003+0000][1][gc,age       ] GC(58) - age   3:     335000 bytes,    1822168 total
[2020-09-11T12:52:14.003+0000][1][gc,age       ] GC(58) - age   4:     918936 bytes,    2741104 total
[2020-09-11T12:52:14.003+0000][1][gc,age       ] GC(58) - age   5:     297520 bytes,    3038624 total
[2020-09-11T12:52:14.003+0000][1][gc,age       ] GC(58) - age   6:     330192 bytes,    3368816 total
[2020-09-11T12:52:14.003+0000][1][gc,heap      ] GC(58) ParNew: 71908K->4322K(76672K)
[2020-09-11T12:52:14.003+0000][1][gc,heap      ] GC(58) CMS: 47842K->48174K(2011968K)
[2020-09-11T12:52:14.003+0000][1][gc,metaspace ] GC(58) Metaspace: 36229K->36229K(1083392K)
[2020-09-11T12:52:14.003+0000][1][gc           ] GC(58) Pause Young (Allocation Failure) 116M->51M(2039M) 68.817ms
[2020-09-11T12:52:14.003+0000][1][gc,cpu       ] GC(58) User=0.02s Sys=0.00s Real=0.07s
[2020-09-11T12:52:14.022+0000][1][safepoint    ] Safepoint "GenCollectForAllocation", Time since last: 570132192 ns, Reaching safepoint: 389129 ns, At safepoint: 87806337 ns, Total: 88195466 ns
[2020-09-11T12:52:15.071+0000][1][safepoint    ] Safepoint "Cleanup", Time since last: 1038726110 ns, Reaching safepoint: 11028633 ns, At safepoint: 10400 ns, Total: 11039033 ns
[2020-09-11T12:52:16.084+0000][1][safepoint    ] Safepoint "Cleanup", Time since last: 1011942936 ns, Reaching safepoint: 285115 ns, At safepoint: 14064 ns, Total: 299179 ns
[2020-09-11T12:52:17.090+0000][1][safepoint    ] Safepoint "Cleanup", Time since last: 1006091340 ns, Reaching safepoint: 134461 ns, At safepoint: 7376 ns, Total: 141837 ns
[2020-09-11T12:52:18.693+0000][1][safepoint    ] Safepoint "Cleanup", Time since last: 1589451895 ns, Reaching safepoint: 13129590 ns, At safepoint: 8688 ns, Total: 13138278 ns
[2020-09-11T12:52:18.872+0000][1][gc,start     ] GC(59) Pause Young (Allocation Failure)
[2020-09-11T12:52:18.872+0000][1][gc,task      ] GC(59) Using 1 workers of 1 for evacuation
[2020-09-11T12:52:19.055+0000][1][gc,age       ] GC(59) Desired survivor size 4358144 bytes, new threshold 4 (max threshold 6)
[2020-09-11T12:52:19.055+0000][1][gc,age       ] GC(59) Age table with threshold 4 (max threshold 6)
[2020-09-11T12:52:19.055+0000][1][gc,age       ] GC(59) - age   1:    2824888 bytes,    2824888 total
[2020-09-11T12:52:19.055+0000][1][gc,age       ] GC(59) - age   2:      53128 bytes,    2878016 total
[2020-09-11T12:52:19.055+0000][1][gc,age       ] GC(59) - age   3:    1388232 bytes,    4266248 total
[2020-09-11T12:52:19.055+0000][1][gc,age       ] GC(59) - age   4:     335000 bytes,    4601248 total
[2020-09-11T12:52:19.055+0000][1][gc,age       ] GC(59) - age   5:     918936 bytes,    5520184 total
[2020-09-11T12:52:19.055+0000][1][gc,age       ] GC(59) - age   6:     297520 bytes,    5817704 total
[2020-09-11T12:52:19.055+0000][1][gc,heap      ] GC(59) ParNew: 72482K->8212K(76672K)
[2020-09-11T12:52:19.055+0000][1][gc,heap      ] GC(59) CMS: 48174K->48497K(2011968K)
[2020-09-11T12:52:19.055+0000][1][gc,metaspace ] GC(59) Metaspace: 43009K->43009K(1089536K)
[2020-09-11T12:52:19.055+0000][1][gc           ] GC(59) Pause Young (Allocation Failure) 117M->55M(2039M) 183.190ms
[2020-09-11T12:52:19.055+0000][1][gc,cpu       ] GC(59) User=0.05s Sys=0.01s Real=0.18s
[2020-09-11T12:52:19.075+0000][1][safepoint    ] Safepoint "GenCollectForAllocation", Time since last: 179286247 ns, Reaching safepoint: 97204 ns, At safepoint: 202930086 ns, Total: 203027290 ns
[2020-09-11T12:52:20.096+0000][1][safepoint    ] Safepoint "Cleanup", Time since last: 1020530356 ns, Reaching safepoint: 126058 ns, At safepoint: 6252 ns, Total: 132310 ns
[2020-09-11T12:52:20.678+0000][1][safepoint    ] Safepoint "RevokeBias", Time since last: 576283891 ns, Reaching safepoint: 6096561 ns, At safepoint: 13445 ns, Total: 6110006 ns
[2020-09-11T12:52:21.691+0000][1][safepoint    ] Safepoint "Cleanup", Time since last: 1000122812 ns, Reaching safepoint: 13410134 ns, At safepoint: 14090 ns, Total: 13424224 ns
[2020-09-11T12:52:25.671+0000][1][safepoint    ] Safepoint "RevokeBias", Time since last: 3964284139 ns, Reaching safepoint: 15683884 ns, At safepoint: 52187 ns, Total: 15736071 ns
[2020-09-11T12:52:25.672+0000][1][safepoint    ] Safepoint "RevokeBias", Time since last: 108738 ns, Reaching safepoint: 84325 ns, At safepoint: 34975 ns, Total: 119300 ns
[2020-09-11T12:52:25.672+0000][1][safepoint    ] Safepoint "RevokeBias", Time since last: 40983 ns, Reaching safepoint: 81601 ns, At safepoint: 32500 ns, Total: 114101 ns
[2020-09-11T12:52:25.672+0000][1][safepoint    ] Safepoint "RevokeBias", Time since last: 31367 ns, Reaching safepoint: 81703 ns, At safepoint: 30929 ns, Total: 112632 ns
[2020-09-11T12:52:25.672+0000][1][safepoint    ] Safepoint "RevokeBias", Time since last: 31463 ns, Reaching safepoint: 79664 ns, At safepoint: 29811 ns, Total: 109475 ns
[2020-09-11T12:52:25.672+0000][1][safepoint    ] Safepoint "RevokeBias", Time since last: 28863 ns, Reaching safepoint: 79658 ns, At safepoint: 32198 ns, Total: 111856 ns
[2020-09-11T12:52:25.672+0000][1][safepoint    ] Safepoint "RevokeBias", Time since last: 28227 ns, Reaching safepoint: 79327 ns, At safepoint: 32425 ns, Total: 111752 ns
[2020-09-11T12:52:25.673+0000][1][safepoint    ] Safepoint "RevokeBias", Time since last: 31346 ns, Reaching safepoint: 79384 ns, At safepoint: 31273 ns, Total: 110657 ns
[2020-09-11T12:52:25.673+0000][1][safepoint    ] Safepoint "RevokeBias", Time since last: 27804 ns, Reaching safepoint: 79058 ns, At safepoint: 31655 ns, Total: 110713 ns
[2020-09-11T12:52:25.673+0000][1][safepoint    ] Safepoint "RevokeBias", Time since last: 40156 ns, Reaching safepoint: 79034 ns, At safepoint: 31313 ns, Total: 110347 ns
[2020-09-11T12:52:25.673+0000][1][safepoint    ] Safepoint "RevokeBias", Time since last: 27607 ns, Reaching safepoint: 78867 ns, At safepoint: 31184 ns, Total: 110051 ns
[2020-09-11T12:52:25.673+0000][1][safepoint    ] Safepoint "RevokeBias", Time since last: 30215 ns, Reaching safepoint: 78910 ns, At safepoint: 30791 ns, Total: 109701 ns
[2020-09-11T12:52:25.673+0000][1][safepoint    ] Safepoint "RevokeBias", Time since last: 26774 ns, Reaching safepoint: 78481 ns, At safepoint: 31544 ns, Total: 110025 ns
[2020-09-11T12:52:25.675+0000][1][safepoint    ] Safepoint "RevokeBias", Time since last: 68101 ns, Reaching safepoint: 2059386 ns, At safepoint: 41282 ns, Total: 2100668 ns
[2020-09-11T12:52:25.676+0000][1][safepoint    ] Safepoint "RevokeBias", Time since last: 50970 ns, Reaching safepoint: 81140 ns, At safepoint: 31838 ns, Total: 112978 ns
[2020-09-11T12:52:25.676+0000][1][safepoint    ] Safepoint "RevokeBias", Time since last: 83132 ns, Reaching safepoint: 81133 ns, At safepoint: 31200 ns, Total: 112333 ns
[2020-09-11T12:52:27.796+0000][1][safepoint    ] Safepoint "Cleanup", Time since last: 2119601727 ns, Reaching safepoint: 111186 ns, At safepoint: 6471 ns, Total: 117657 ns
[2020-09-11T12:52:28.999+0000][1][safepoint    ] Safepoint "RevokeBias", Time since last: 1198730132 ns, Reaching safepoint: 5185871 ns, At safepoint: 29827 ns, Total: 5215698 ns
[2020-09-11T12:52:30.023+0000][1][safepoint    ] Safepoint "Cleanup", Time since last: 1011922208 ns, Reaching safepoint: 11212805 ns, At safepoint: 8599 ns, Total: 11221404 ns
[2020-09-11T12:52:30.484+0000][1][safepoint    ] Safepoint "RevokeBias", Time since last: 460785002 ns, Reaching safepoint: 121421 ns, At safepoint: 41835 ns, Total: 163256 ns
[2020-09-11T12:52:30.495+0000][1][gc,start     ] GC(60) Pause Young (Allocation Failure)
[2020-09-11T12:52:30.495+0000][1][gc,task      ] GC(60) Using 1 workers of 1 for evacuation
[2020-09-11T12:52:30.670+0000][1][gc,age       ] GC(60) Desired survivor size 4358144 bytes, new threshold 2 (max threshold 6)
[2020-09-11T12:52:30.670+0000][1][gc,age       ] GC(60) Age table with threshold 2 (max threshold 6)
[2020-09-11T12:52:30.670+0000][1][gc,age       ] GC(60) - age   1:    3444288 bytes,    3444288 total
[2020-09-11T12:52:30.670+0000][1][gc,age       ] GC(60) - age   2:    2750360 bytes,    6194648 total
[2020-09-11T12:52:30.670+0000][1][gc,age       ] GC(60) - age   3:      53128 bytes,    6247776 total
[2020-09-11T12:52:30.670+0000][1][gc,age       ] GC(60) - age   4:    1386512 bytes,    7634288 total
[2020-09-11T12:52:30.670+0000][1][gc,heap      ] GC(60) ParNew: 76372K->8512K(76672K)
[2020-09-11T12:52:30.670+0000][1][gc,heap      ] GC(60) CMS: 48497K->50012K(2011968K)
[2020-09-11T12:52:30.670+0000][1][gc,metaspace ] GC(60) Metaspace: 48093K->48093K(1093632K)
[2020-09-11T12:52:30.670+0000][1][gc           ] GC(60) Pause Young (Allocation Failure) 121M->57M(2039M) 174.901ms
[2020-09-11T12:52:30.670+0000][1][gc,cpu       ] GC(60) User=0.06s Sys=0.00s Real=0.18s
[2020-09-11T12:52:30.685+0000][1][safepoint    ] Safepoint "GenCollectForAllocation", Time since last: 11311465 ns, Reaching safepoint: 102198 ns, At safepoint: 189759426 ns, Total: 189861624 ns
[2020-09-11T12:52:30.685+0000][1][safepoint    ] Safepoint "RevokeBias", Time since last: 670698 ns, Reaching safepoint: 26961 ns, At safepoint: 42235 ns, Total: 69196 ns
[2020-09-11T12:52:31.010+0000][1][safepoint    ] Safepoint "RevokeBias", Time since last: 323893125 ns, Reaching safepoint: 107181 ns, At safepoint: 15284 ns, Total: 122465 ns
[2020-09-11T12:52:31.010+0000][1][safepoint    ] Safepoint "RevokeBias", Time since last: 584184 ns, Reaching safepoint: 13545 ns, At safepoint: 9406 ns, Total: 22951 ns
[2020-09-11T12:52:31.010+0000][1][safepoint    ] Safepoint "RevokeBias", Time since last: 33002 ns, Reaching safepoint: 28322 ns, At safepoint: 14923 ns, Total: 43245 ns
[2020-09-11T12:52:31.010+0000][1][safepoint    ] Safepoint "RevokeBias", Time since last: 47610 ns, Reaching safepoint: 10550 ns, At safepoint: 7849 ns, Total: 18399 ns
[2020-09-11T12:52:31.010+0000][1][safepoint    ] Safepoint "RevokeBias", Time since last: 28867 ns, Reaching safepoint: 8937 ns, At safepoint: 7342 ns, Total: 16279 ns
[2020-09-11T12:52:31.553+0000][1][safepoint    ] Safepoint "RevokeBias", Time since last: 542687253 ns, Reaching safepoint: 389962 ns, At safepoint: 33202 ns, Total: 423164 ns
[2020-09-11T12:52:31.554+0000][1][safepoint    ] Safepoint "RevokeBias", Time since last: 226292 ns, Reaching safepoint: 83675 ns, At safepoint: 20928 ns, Total: 104603 ns
[2020-09-11T12:52:31.554+0000][1][safepoint    ] Safepoint "RevokeBias", Time since last: 38515 ns, Reaching safepoint: 80815 ns, At safepoint: 18454 ns, Total: 99269 ns
[2020-09-11T12:52:31.776+0000][1][safepoint    ] Safepoint "RevokeBias", Time since last: 221638296 ns, Reaching safepoint: 648706 ns, At safepoint: 25119 ns, Total: 673825 ns
[2020-09-11T12:52:31.776+0000][1][safepoint    ] Safepoint "RevokeBias", Time since last: 88183 ns, Reaching safepoint: 81909 ns, At safepoint: 21872 ns, Total: 103781 ns
[2020-09-11T12:52:31.778+0000][1][safepoint    ] Safepoint "RevokeBias", Time since last: 1541440 ns, Reaching safepoint: 65799 ns, At safepoint: 21795 ns, Total: 87594 ns
[2020-09-11T12:52:31.779+0000][1][safepoint    ] Safepoint "RevokeBias", Time since last: 916169 ns, Reaching safepoint: 88729 ns, At safepoint: 22466 ns, Total: 111195 ns
[2020-09-11T12:52:31.803+0000][1][safepoint    ] Safepoint "RevokeBias", Time since last: 20392449 ns, Reaching safepoint: 3994372 ns, At safepoint: 33872 ns, Total: 4028244 ns
[2020-09-11T12:52:31.812+0000][1][safepoint    ] Safepoint "RevokeBias", Time since last: 8667152 ns, Reaching safepoint: 107672 ns, At safepoint: 29005 ns, Total: 136677 ns
[2020-09-11T12:52:31.812+0000][1][safepoint    ] Safepoint "RevokeBias", Time since last: 117042 ns, Reaching safepoint: 82768 ns, At safepoint: 21281 ns, Total: 104049 ns
[2020-09-11T12:52:31.813+0000][1][safepoint    ] Safepoint "RevokeBias", Time since last: 158296 ns, Reaching safepoint: 83739 ns, At safepoint: 20043 ns, Total: 103782 ns
[2020-09-11T12:52:31.813+0000][1][safepoint    ] Safepoint "RevokeBias", Time since last: 33826 ns, Reaching safepoint: 81163 ns, At safepoint: 18873 ns, Total: 100036 ns
[2020-09-11T12:52:31.813+0000][1][safepoint    ] Safepoint "RevokeBias", Time since last: 30521 ns, Reaching safepoint: 81203 ns, At safepoint: 20908 ns, Total: 102111 ns
[2020-09-11T12:52:31.816+0000][1][safepoint    ] Safepoint "RevokeBias", Time since last: 2403694 ns, Reaching safepoint: 82322 ns, At safepoint: 19038 ns, Total: 101360 ns
[2020-09-11T12:52:31.816+0000][1][safepoint    ] Safepoint "RevokeBias", Time since last: 29738 ns, Reaching safepoint: 80141 ns, At safepoint: 17589 ns, Total: 97730 ns
[2020-09-11T12:52:31.816+0000][1][safepoint    ] Safepoint "RevokeBias", Time since last: 27048 ns, Reaching safepoint: 79835 ns, At safepoint: 17969 ns, Total: 97804 ns
[2020-09-11T12:52:31.816+0000][1][safepoint    ] Safepoint "RevokeBias", Time since last: 29454 ns, Reaching safepoint: 80976 ns, At safepoint: 20290 ns, Total: 101266 ns
[2020-09-11T12:52:31.816+0000][1][safepoint    ] Safepoint "BulkRevokeBias", Time since last: 26924 ns, Reaching safepoint: 80616 ns, At safepoint: 64212 ns, Total: 144828 ns
[2020-09-11T12:52:31.820+0000][1][safepoint    ] Safepoint "RevokeBias", Time since last: 3413851 ns, Reaching safepoint: 103784 ns, At safepoint: 38239 ns, Total: 142023 ns
[2020-09-11T12:52:31.820+0000][1][safepoint    ] Safepoint "RevokeBias", Time since last: 52484 ns, Reaching safepoint: 83592 ns, At safepoint: 25258 ns, Total: 108850 ns
[2020-09-11T12:52:31.842+0000][1][safepoint    ] Safepoint "RevokeBias", Time since last: 21713510 ns, Reaching safepoint: 111996 ns, At safepoint: 53103 ns, Total: 165099 ns
[2020-09-11T12:52:31.842+0000][1][safepoint    ] Safepoint "RevokeBias", Time since last: 83804 ns, Reaching safepoint: 13052 ns, At safepoint: 12687 ns, Total: 25739 ns
[2020-09-11T12:52:31.842+0000][1][safepoint    ] Safepoint "RevokeBias", Time since last: 42299 ns, Reaching safepoint: 11855 ns, At safepoint: 11230 ns, Total: 23085 ns
[2020-09-11T12:52:31.848+0000][1][safepoint    ] Safepoint "RevokeBias", Time since last: 5701003 ns, Reaching safepoint: 180651 ns, At safepoint: 38130 ns, Total: 218781 ns
[2020-09-11T12:52:31.848+0000][1][safepoint    ] Safepoint "RevokeBias", Time since last: 61143 ns, Reaching safepoint: 82925 ns, At safepoint: 24759 ns, Total: 107684 ns
[2020-09-11T12:52:31.848+0000][1][safepoint    ] Safepoint "RevokeBias", Time since last: 30113 ns, Reaching safepoint: 80768 ns, At safepoint: 21945 ns, Total: 102713 ns
[2020-09-11T12:52:31.848+0000][1][safepoint    ] Safepoint "RevokeBias", Time since last: 27940 ns, Reaching safepoint: 89054 ns, At safepoint: 20290 ns, Total: 109344 ns
[2020-09-11T12:52:31.848+0000][1][safepoint    ] Safepoint "RevokeBias", Time since last: 28111 ns, Reaching safepoint: 82254 ns, At safepoint: 21014 ns, Total: 103268 ns
[2020-09-11T12:52:31.848+0000][1][safepoint    ] Safepoint "RevokeBias", Time since last: 26969 ns, Reaching safepoint: 80993 ns, At safepoint: 20873 ns, Total: 101866 ns
[2020-09-11T12:52:31.849+0000][1][safepoint    ] Safepoint "RevokeBias", Time since last: 27483 ns, Reaching safepoint: 80424 ns, At safepoint: 20238 ns, Total: 100662 ns
[2020-09-11T12:52:31.849+0000][1][safepoint    ] Safepoint "RevokeBias", Time since last: 27850 ns, Reaching safepoint: 81546 ns, At safepoint: 25433 ns, Total: 106979 ns
[2020-09-11T12:52:31.852+0000][1][safepoint    ] Safepoint "RevokeBias", Time since last: 2690740 ns, Reaching safepoint: 83735 ns, At safepoint: 21883 ns, Total: 105618 ns
[2020-09-11T12:52:31.852+0000][1][safepoint    ] Safepoint "RevokeBias", Time since last: 39336 ns, Reaching safepoint: 81345 ns, At safepoint: 20807 ns, Total: 102152 ns
[2020-09-11T12:52:31.852+0000][1][safepoint    ] Safepoint "RevokeBias", Time since last: 26506 ns, Reaching safepoint: 80849 ns, At safepoint: 20544 ns, Total: 101393 ns
[2020-09-11T12:52:31.852+0000][1][safepoint    ] Safepoint "RevokeBias", Time since last: 26241 ns, Reaching safepoint: 81478 ns, At safepoint: 24342 ns, Total: 105820 ns
[2020-09-11T12:52:31.852+0000][1][safepoint    ] Safepoint "RevokeBias", Time since last: 26357 ns, Reaching safepoint: 81794 ns, At safepoint: 25719 ns, Total: 107513 ns
[2020-09-11T12:52:31.852+0000][1][safepoint    ] Safepoint "RevokeBias", Time since last: 26100 ns, Reaching safepoint: 90800 ns, At safepoint: 24833 ns, Total: 115633 ns
[2020-09-11T12:52:31.852+0000][1][safepoint    ] Safepoint "RevokeBias", Time since last: 26905 ns, Reaching safepoint: 81257 ns, At safepoint: 23779 ns, Total: 105036 ns
[2020-09-11T12:52:31.852+0000][1][safepoint    ] Safepoint "RevokeBias", Time since last: 26010 ns, Reaching safepoint: 81119 ns, At safepoint: 23714 ns, Total: 104833 ns
[2020-09-11T12:52:31.853+0000][1][safepoint    ] Safepoint "BulkRevokeBias", Time since last: 26906 ns, Reaching safepoint: 80753 ns, At safepoint: 65341 ns, Total: 146094 ns
[2020-09-11T12:52:31.853+0000][1][safepoint    ] Safepoint "RevokeBias", Time since last: 134401 ns, Reaching safepoint: 82209 ns, At safepoint: 24240 ns, Total: 106449 ns
[2020-09-11T12:52:31.853+0000][1][safepoint    ] Safepoint "RevokeBias", Time since last: 72565 ns, Reaching safepoint: 81021 ns, At safepoint: 21518 ns, Total: 102539 ns
[2020-09-11T12:52:31.853+0000][1][safepoint    ] Safepoint "RevokeBias", Time since last: 45101 ns, Reaching safepoint: 80109 ns, At safepoint: 20525 ns, Total: 100634 ns
[2020-09-11T12:52:31.853+0000][1][safepoint    ] Safepoint "RevokeBias", Time since last: 62275 ns, Reaching safepoint: 83393 ns, At safepoint: 18804 ns, Total: 102197 ns
[2020-09-11T12:52:31.853+0000][1][safepoint    ] Safepoint "RevokeBias", Time since last: 36701 ns, Reaching safepoint: 81712 ns, At safepoint: 20421 ns, Total: 102133 ns
[2020-09-11T12:52:31.854+0000][1][safepoint    ] Safepoint "RevokeBias", Time since last: 110762 ns, Reaching safepoint: 81162 ns, At safepoint: 19762 ns, Total: 100924 ns
[2020-09-11T12:52:31.854+0000][1][safepoint    ] Safepoint "RevokeBias", Time since last: 241919 ns, Reaching safepoint: 82864 ns, At safepoint: 20923 ns, Total: 103787 ns
[2020-09-11T12:52:31.860+0000][1][safepoint    ] Safepoint "RevokeBias", Time since last: 5381004 ns, Reaching safepoint: 82591 ns, At safepoint: 20517 ns, Total: 103108 ns
[2020-09-11T12:52:31.863+0000][1][safepoint    ] Safepoint "RevokeBias", Time since last: 3344793 ns, Reaching safepoint: 83702 ns, At safepoint: 21875 ns, Total: 105577 ns
[2020-09-11T12:52:31.863+0000][1][safepoint    ] Safepoint "RevokeBias", Time since last: 42379 ns, Reaching safepoint: 80764 ns, At safepoint: 37779 ns, Total: 118543 ns
[2020-09-11T12:52:31.887+0000][1][safepoint    ] Safepoint "RevokeBias", Time since last: 11913362 ns, Reaching safepoint: 12387569 ns, At safepoint: 40354 ns, Total: 12427923 ns
[2020-09-11T12:52:31.888+0000][1][safepoint    ] Safepoint "RevokeBias", Time since last: 75255 ns, Reaching safepoint: 85400 ns, At safepoint: 23718 ns, Total: 109118 ns
[2020-09-11T12:52:31.888+0000][1][safepoint    ] Safepoint "RevokeBias", Time since last: 265069 ns, Reaching safepoint: 85025 ns, At safepoint: 19982 ns, Total: 105007 ns
[2020-09-11T12:52:31.888+0000][1][safepoint    ] Safepoint "RevokeBias", Time since last: 131890 ns, Reaching safepoint: 83338 ns, At safepoint: 19811 ns, Total: 103149 ns
[2020-09-11T12:52:31.889+0000][1][safepoint    ] Safepoint "RevokeBias", Time since last: 369961 ns, Reaching safepoint: 84565 ns, At safepoint: 22873 ns, Total: 107438 ns
[2020-09-11T12:52:31.889+0000][1][safepoint    ] Safepoint "RevokeBias", Time since last: 381045 ns, Reaching safepoint: 84681 ns, At safepoint: 22272 ns, Total: 106953 ns
[2020-09-11T12:52:31.889+0000][1][safepoint    ] Safepoint "RevokeBias", Time since last: 76868 ns, Reaching safepoint: 83089 ns, At safepoint: 22553 ns, Total: 105642 ns
[2020-09-11T12:52:31.890+0000][1][safepoint    ] Safepoint "BulkRevokeBias", Time since last: 193107 ns, Reaching safepoint: 83464 ns, At safepoint: 61672 ns, Total: 145136 ns
[2020-09-11T12:52:31.905+0000][1][safepoint    ] Safepoint "RevokeBias", Time since last: 14254925 ns, Reaching safepoint: 920162 ns, At safepoint: 57590 ns, Total: 977752 ns
[2020-09-11T12:52:31.923+0000][1][safepoint    ] Safepoint "RevokeBias", Time since last: 6582327 ns, Reaching safepoint: 11392035 ns, At safepoint: 36423 ns, Total: 11428458 ns
[2020-09-11T12:52:31.927+0000][1][safepoint    ] Safepoint "RevokeBias", Time since last: 3519899 ns, Reaching safepoint: 102269 ns, At safepoint: 26691 ns, Total: 128960 ns
[2020-09-11T12:52:31.928+0000][1][safepoint    ] Safepoint "RevokeBias", Time since last: 808997 ns, Reaching safepoint: 95484 ns, At safepoint: 18900 ns, Total: 114384 ns
[2020-09-11T12:52:31.929+0000][1][safepoint    ] Safepoint "RevokeBias", Time since last: 1002775 ns, Reaching safepoint: 87802 ns, At safepoint: 19021 ns, Total: 106823 ns
[2020-09-11T12:52:32.420+0000][1][safepoint    ] Safepoint "RevokeBias", Time since last: 491329452 ns, Reaching safepoint: 120794 ns, At safepoint: 14129 ns, Total: 134923 ns
[2020-09-11T12:52:32.420+0000][1][safepoint    ] Safepoint "RevokeBias", Time since last: 221364 ns, Reaching safepoint: 12788 ns, At safepoint: 7407 ns, Total: 20195 ns
[2020-09-11T12:52:33.278+0000][1][gc,start     ] GC(61) Pause Young (Allocation Failure)
[2020-09-11T12:52:33.278+0000][1][gc,task      ] GC(61) Using 1 workers of 1 for evacuation
[2020-09-11T12:52:33.562+0000][1][gc,age       ] GC(61) Desired survivor size 4358144 bytes, new threshold 2 (max threshold 6)
[2020-09-11T12:52:33.562+0000][1][gc,age       ] GC(61) Age table with threshold 2 (max threshold 6)
[2020-09-11T12:52:33.562+0000][1][gc,age       ] GC(61) - age   1:    1454824 bytes,    1454824 total
[2020-09-11T12:52:33.562+0000][1][gc,age       ] GC(61) - age   2:    3272008 bytes,    4726832 total
[2020-09-11T12:52:33.562+0000][1][gc,heap      ] GC(61) ParNew: 76672K->6827K(76672K)
[2020-09-11T12:52:33.562+0000][1][gc,heap      ] GC(61) CMS: 50012K->54216K(2011968K)
[2020-09-11T12:52:33.562+0000][1][gc,metaspace ] GC(61) Metaspace: 52861K->52861K(1097728K)
[2020-09-11T12:52:33.562+0000][1][gc           ] GC(61) Pause Young (Allocation Failure) 123M->59M(2039M) 284.433ms
[2020-09-11T12:52:33.562+0000][1][gc,cpu       ] GC(61) User=0.09s Sys=0.00s Real=0.28s
[2020-09-11T12:52:33.575+0000][1][safepoint    ] Safepoint "GenCollectForAllocation", Time since last: 857102424 ns, Reaching safepoint: 399517 ns, At safepoint: 297143152 ns, Total: 297542669 ns
[2020-09-11T12:52:34.640+0000][1][safepoint    ] Safepoint "Cleanup", Time since last: 1064430606 ns, Reaching safepoint: 485869 ns, At safepoint: 7882 ns, Total: 493751 ns
[2020-09-11T12:52:35.640+0000][1][safepoint    ] Safepoint "Cleanup", Time since last: 1000110359 ns, Reaching safepoint: 106826 ns, At safepoint: 6530 ns, Total: 113356 ns
[2020-09-11T12:52:36.646+0000][1][safepoint    ] Safepoint "Cleanup", Time since last: 1005128553 ns, Reaching safepoint: 932109 ns, At safepoint: 8838 ns, Total: 940947 ns
[2020-09-11T12:52:37.011+0000][1][safepoint    ] Safepoint "CollectForMetadataAllocation", Time since last: 363480319 ns, Reaching safepoint: 920673 ns, At safepoint: 94244 ns, Total: 1014917 ns
[2020-09-11T12:52:37.060+0000][1][safepoint    ] Safepoint "CollectForMetadataAllocation", Time since last: 48218040 ns, Reaching safepoint: 462394 ns, At safepoint: 109388 ns, Total: 571782 ns
[2020-09-11T12:52:37.162+0000][1][safepoint    ] Safepoint "CollectForMetadataAllocation", Time since last: 101975274 ns, Reaching safepoint: 124140 ns, At safepoint: 124069 ns, Total: 248209 ns
[2020-09-11T12:52:37.208+0000][1][safepoint    ] Safepoint "RevokeBias", Time since last: 46193880 ns, Reaching safepoint: 103254 ns, At safepoint: 14546 ns, Total: 117800 ns
[2020-09-11T12:52:37.319+0000][1][gc,start     ] GC(62) Pause Young (Allocation Failure)
[2020-09-11T12:52:37.319+0000][1][gc,task      ] GC(62) Using 1 workers of 1 for evacuation
[2020-09-11T12:52:37.432+0000][1][gc,age       ] GC(62) Desired survivor size 4358144 bytes, new threshold 6 (max threshold 6)
[2020-09-11T12:52:37.432+0000][1][gc,age       ] GC(62) Age table with threshold 6 (max threshold 6)
[2020-09-11T12:52:37.432+0000][1][gc,age       ] GC(62) - age   1:    1796312 bytes,    1796312 total
[2020-09-11T12:52:37.432+0000][1][gc,age       ] GC(62) - age   2:    1430048 bytes,    3226360 total
[2020-09-11T12:52:37.432+0000][1][gc,heap      ] GC(62) ParNew: 74987K->5169K(76672K)
[2020-09-11T12:52:37.432+0000][1][gc,heap      ] GC(62) CMS: 54216K->57524K(2011968K)
[2020-09-11T12:52:37.432+0000][1][gc,metaspace ] GC(62) Metaspace: 60970K->60970K(1105920K)
[2020-09-11T12:52:37.432+0000][1][gc           ] GC(62) Pause Young (Allocation Failure) 126M->61M(2039M) 113.113ms
[2020-09-11T12:52:37.432+0000][1][gc,cpu       ] GC(62) User=0.04s Sys=0.00s Real=0.11s
[2020-09-11T12:52:37.447+0000][1][safepoint    ] Safepoint "GenCollectForAllocation", Time since last: 110538235 ns, Reaching safepoint: 137469 ns, At safepoint: 128697035 ns, Total: 128834504 ns
[2020-09-11T12:52:37.460+0000][1][gc,start     ] GC(63) Pause Initial Mark
[2020-09-11T12:52:37.472+0000][1][gc           ] GC(63) Pause Initial Mark 62M->62M(2039M) 12.031ms
[2020-09-11T12:52:37.472+0000][1][gc,cpu       ] GC(63) User=0.00s Sys=0.00s Real=0.01s
[2020-09-11T12:52:37.503+0000][1][safepoint    ] Safepoint "CMS_Initial_Mark", Time since last: 12376474 ns, Reaching safepoint: 106771 ns, At safepoint: 43496902 ns, Total: 43603673 ns
[2020-09-11T12:52:37.503+0000][1][gc           ] GC(63) Concurrent Mark
[2020-09-11T12:52:37.552+0000][1][safepoint    ] Safepoint "CollectForMetadataAllocation", Time since last: 47985877 ns, Reaching safepoint: 64812 ns, At safepoint: 135199 ns, Total: 200011 ns
[2020-09-11T12:52:37.740+0000][1][safepoint    ] Safepoint "CollectForMetadataAllocation", Time since last: 172337039 ns, Reaching safepoint: 15513063 ns, At safepoint: 120531 ns, Total: 15633594 ns
[2020-09-11T12:52:37.884+0000][1][safepoint    ] Safepoint "RevokeBias", Time since last: 143835125 ns, Reaching safepoint: 57294 ns, At safepoint: 24701 ns, Total: 81995 ns
[2020-09-11T12:52:37.884+0000][1][safepoint    ] Safepoint "RevokeBias", Time since last: 112236 ns, Reaching safepoint: 80358 ns, At safepoint: 19469 ns, Total: 99827 ns
[2020-09-11T12:52:37.884+0000][1][safepoint    ] Safepoint "RevokeBias", Time since last: 89685 ns, Reaching safepoint: 9759 ns, At safepoint: 15186 ns, Total: 24945 ns
[2020-09-11T12:52:37.907+0000][1][safepoint    ] Safepoint "RevokeBias", Time since last: 16025419 ns, Reaching safepoint: 7601850 ns, At safepoint: 32283 ns, Total: 7634133 ns
[2020-09-11T12:52:37.986+0000][1][gc           ] GC(63) Concurrent Mark 482.529ms
[2020-09-11T12:52:37.986+0000][1][gc,cpu       ] GC(63) User=0.20s Sys=0.00s Real=0.48s
[2020-09-11T12:52:37.986+0000][1][gc           ] GC(63) Concurrent Preclean
[2020-09-11T12:52:38.005+0000][1][gc           ] GC(63) Concurrent Preclean 19.120ms
[2020-09-11T12:52:38.005+0000][1][gc,cpu       ] GC(63) User=0.01s Sys=0.00s Real=0.02s
[2020-09-11T12:52:38.005+0000][1][gc           ] GC(63) Concurrent Abortable Preclean
[2020-09-11T12:52:38.048+0000][1][safepoint    ] Safepoint "CollectForMetadataAllocation", Time since last: 139929155 ns, Reaching safepoint: 237587 ns, At safepoint: 66032 ns, Total: 303619 ns
[2020-09-11T12:52:38.280+0000][1][safepoint    ] Safepoint "CollectForMetadataAllocation", Time since last: 232245260 ns, Reaching safepoint: 56652 ns, At safepoint: 123148 ns, Total: 179800 ns
[2020-09-11T12:52:38.508+0000][1][safepoint    ] Safepoint "CollectForMetadataAllocation", Time since last: 227277169 ns, Reaching safepoint: 74567 ns, At safepoint: 129022 ns, Total: 203589 ns
[2020-09-11T12:52:38.888+0000][1][safepoint    ] Safepoint "CollectForMetadataAllocation", Time since last: 377444672 ns, Reaching safepoint: 2364513 ns, At safepoint: 80742 ns, Total: 2445255 ns
[2020-09-11T12:52:38.907+0000][1][safepoint    ] Safepoint "RevokeBias", Time since last: 12477312 ns, Reaching safepoint: 7472380 ns, At safepoint: 14242 ns, Total: 7486622 ns
[2020-09-11T12:52:39.103+0000][1][safepoint    ] Safepoint "CollectForMetadataAllocation", Time since last: 194406972 ns, Reaching safepoint: 914064 ns, At safepoint: 119793 ns, Total: 1033857 ns
[2020-09-11T12:52:39.252+0000][1][safepoint    ] Safepoint "Deoptimize", Time since last: 148500525 ns, Reaching safepoint: 110419 ns, At safepoint: 302011 ns, Total: 412430 ns
[2020-09-11T12:52:39.433+0000][1][safepoint    ] Safepoint "CollectForMetadataAllocation", Time since last: 180807522 ns, Reaching safepoint: 119783 ns, At safepoint: 121539 ns, Total: 241322 ns
[2020-09-11T12:52:39.725+0000][1][safepoint    ] Safepoint "CollectForMetadataAllocation", Time since last: 291658657 ns, Reaching safepoint: 115263 ns, At safepoint: 102297 ns, Total: 217560 ns
[2020-09-11T12:52:39.919+0000][1][safepoint    ] Safepoint "BulkRevokeBias", Time since last: 193544402 ns, Reaching safepoint: 137815 ns, At safepoint: 96302 ns, Total: 234117 ns
[2020-09-11T12:52:39.992+0000][1][safepoint    ] Safepoint "CollectForMetadataAllocation", Time since last: 72885739 ns, Reaching safepoint: 66187 ns, At safepoint: 72268 ns, Total: 138455 ns
[2020-09-11T12:52:40.361+0000][1][safepoint    ] Safepoint "CollectForMetadataAllocation", Time since last: 367161216 ns, Reaching safepoint: 2020990 ns, At safepoint: 131408 ns, Total: 2152398 ns
[2020-09-11T12:52:40.617+0000][1][safepoint    ] Safepoint "CollectForMetadataAllocation", Time since last: 255808802 ns, Reaching safepoint: 121948 ns, At safepoint: 70322 ns, Total: 192270 ns
[2020-09-11T12:52:40.740+0000][1][safepoint    ] Safepoint "CollectForMetadataAllocation", Time since last: 122531321 ns, Reaching safepoint: 117474 ns, At safepoint: 138459 ns, Total: 255933 ns
[2020-09-11T12:52:40.869+0000][1][safepoint    ] Safepoint "CollectForMetadataAllocation", Time since last: 115816584 ns, Reaching safepoint: 13014736 ns, At safepoint: 126451 ns, Total: 13141187 ns
[2020-09-11T12:52:40.990+0000][1][safepoint    ] Safepoint "RevokeBias", Time since last: 120660438 ns, Reaching safepoint: 254133 ns, At safepoint: 20900 ns, Total: 275033 ns
[2020-09-11T12:52:40.990+0000][1][safepoint    ] Safepoint "RevokeBias", Time since last: 75712 ns, Reaching safepoint: 82252 ns, At safepoint: 15178 ns, Total: 97430 ns
[2020-09-11T12:52:40.990+0000][1][safepoint    ] Safepoint "RevokeBias", Time since last: 162991 ns, Reaching safepoint: 82323 ns, At safepoint: 13466 ns, Total: 95789 ns
[2020-09-11T12:52:41.036+0000][1][safepoint    ] Safepoint "CollectForMetadataAllocation", Time since last: 46158288 ns, Reaching safepoint: 40567 ns, At safepoint: 104103 ns, Total: 144670 ns
[2020-09-11T12:52:41.101+0000][1][safepoint    ] Safepoint "RevokeBias", Time since last: 54581578 ns, Reaching safepoint: 9970909 ns, At safepoint: 13847 ns, Total: 9984756 ns
[2020-09-11T12:52:41.260+0000][1][safepoint    ] Safepoint "CollectForMetadataAllocation", Time since last: 153838898 ns, Reaching safepoint: 4769987 ns, At safepoint: 115637 ns, Total: 4885624 ns
[2020-09-11T12:52:41.368+0000][1][safepoint    ] Safepoint "CollectForMetadataAllocation", Time since last: 103828797 ns, Reaching safepoint: 4068699 ns, At safepoint: 131386 ns, Total: 4200085 ns
[2020-09-11T12:52:41.500+0000][1][safepoint    ] Safepoint "RevokeBias", Time since last: 131929972 ns, Reaching safepoint: 122013 ns, At safepoint: 14525 ns, Total: 136538 ns
[2020-09-11T12:52:41.559+0000][1][safepoint    ] Safepoint "CollectForMetadataAllocation", Time since last: 53267115 ns, Reaching safepoint: 6386743 ns, At safepoint: 159165 ns, Total: 6545908 ns
[2020-09-11T12:52:41.665+0000][1][safepoint    ] Safepoint "CollectForMetadataAllocation", Time since last: 105332657 ns, Reaching safepoint: 105779 ns, At safepoint: 114072 ns, Total: 219851 ns
[2020-09-11T12:52:41.720+0000][1][gc,start     ] GC(64) Pause Young (Allocation Failure)
[2020-09-11T12:52:41.720+0000][1][gc,task      ] GC(64) Using 1 workers of 1 for evacuation
[2020-09-11T12:52:41.802+0000][1][gc,age       ] GC(64) Desired survivor size 4358144 bytes, new threshold 2 (max threshold 6)
[2020-09-11T12:52:41.802+0000][1][gc,age       ] GC(64) Age table with threshold 2 (max threshold 6)
[2020-09-11T12:52:41.802+0000][1][gc,age       ] GC(64) - age   1:    3431232 bytes,    3431232 total
[2020-09-11T12:52:41.802+0000][1][gc,age       ] GC(64) - age   2:    1612112 bytes,    5043344 total
[2020-09-11T12:52:41.802+0000][1][gc,age       ] GC(64) - age   3:    1388744 bytes,    6432088 total
[2020-09-11T12:52:41.802+0000][1][gc,heap      ] GC(64) ParNew: 73329K->7310K(76672K)
[2020-09-11T12:52:41.802+0000][1][gc,heap      ] GC(64) CMS: 57524K->57524K(2011968K)
[2020-09-11T12:52:41.802+0000][1][gc,metaspace ] GC(64) Metaspace: 66710K->66710K(1110016K)
[2020-09-11T12:52:41.802+0000][1][gc           ] GC(64) Pause Young (Allocation Failure) 127M->63M(2039M) 82.819ms
[2020-09-11T12:52:41.802+0000][1][gc,cpu       ] GC(64) User=0.04s Sys=0.01s Real=0.08s
[2020-09-11T12:52:41.815+0000][1][safepoint    ] Safepoint "GenCollectForAllocation", Time since last: 46381165 ns, Reaching safepoint: 8059357 ns, At safepoint: 95899973 ns, Total: 103959330 ns
[2020-09-11T12:52:41.900+0000][1][safepoint    ] Safepoint "CollectForMetadataAllocation", Time since last: 76031796 ns, Reaching safepoint: 8061327 ns, At safepoint: 141376 ns, Total: 8202703 ns
[2020-09-11T12:52:42.050+0000][1][safepoint    ] Safepoint "CollectForMetadataAllocation", Time since last: 150161175 ns, Reaching safepoint: 144887 ns, At safepoint: 80988 ns, Total: 225875 ns
[2020-09-11T12:52:42.200+0000][1][safepoint    ] Safepoint "CollectForMetadataAllocation", Time since last: 149423298 ns, Reaching safepoint: 74883 ns, At safepoint: 124813 ns, Total: 199696 ns
[2020-09-11T12:52:42.280+0000][1][safepoint    ] Safepoint "CollectForMetadataAllocation", Time since last: 72124519 ns, Reaching safepoint: 7731203 ns, At safepoint: 136225 ns, Total: 7867428 ns
[2020-09-11T12:52:42.316+0000][1][safepoint    ] Safepoint "CollectForMetadataAllocation", Time since last: 35150974 ns, Reaching safepoint: 667113 ns, At safepoint: 66796 ns, Total: 733909 ns
[2020-09-11T12:52:42.341+0000][1][safepoint    ] Safepoint "Deoptimize", Time since last: 24905266 ns, Reaching safepoint: 48706 ns, At safepoint: 304687 ns, Total: 353393 ns
[2020-09-11T12:52:42.373+0000][1][safepoint    ] Safepoint "Deoptimize", Time since last: 31948719 ns, Reaching safepoint: 41607 ns, At safepoint: 298057 ns, Total: 339664 ns
[2020-09-11T12:52:42.374+0000][1][safepoint    ] Safepoint "CollectForMetadataAllocation", Time since last: 978119 ns, Reaching safepoint: 324073 ns, At safepoint: 136068 ns, Total: 460141 ns
[2020-09-11T12:52:42.520+0000][1][safepoint    ] Safepoint "CollectForMetadataAllocation", Time since last: 140958047 ns, Reaching safepoint: 4026914 ns, At safepoint: 133234 ns, Total: 4160148 ns
[2020-09-11T12:52:42.656+0000][1][safepoint    ] Safepoint "RevokeBias", Time since last: 136789221 ns, Reaching safepoint: 53848 ns, At safepoint: 18763 ns, Total: 72611 ns
[2020-09-11T12:52:42.657+0000][1][safepoint    ] Safepoint "RevokeBias", Time since last: 238314 ns, Reaching safepoint: 86864 ns, At safepoint: 17106 ns, Total: 103970 ns
[2020-09-11T12:52:42.667+0000][1][safepoint    ] Safepoint "RevokeBias", Time since last: 6603900 ns, Reaching safepoint: 3178995 ns, At safepoint: 25405 ns, Total: 3204400 ns
[2020-09-11T12:52:42.668+0000][1][safepoint    ] Safepoint "RevokeBias", Time since last: 781042 ns, Reaching safepoint: 88253 ns, At safepoint: 22423 ns, Total: 110676 ns
[2020-09-11T12:52:42.668+0000][1][safepoint    ] Safepoint "RevokeBias", Time since last: 42696 ns, Reaching safepoint: 10937 ns, At safepoint: 15488 ns, Total: 26425 ns
[2020-09-11T12:52:42.668+0000][1][safepoint    ] Safepoint "CollectForMetadataAllocation", Time since last: 118573 ns, Reaching safepoint: 10695 ns, At safepoint: 82435 ns, Total: 93130 ns
[2020-09-11T12:52:42.672+0000][1][safepoint    ] Safepoint "RevokeBias", Time since last: 3670343 ns, Reaching safepoint: 20042 ns, At safepoint: 20898 ns, Total: 40940 ns
[2020-09-11T12:52:42.673+0000][1][safepoint    ] Safepoint "RevokeBias", Time since last: 1623714 ns, Reaching safepoint: 26354 ns, At safepoint: 17392 ns, Total: 43746 ns
[2020-09-11T12:52:42.673+0000][1][safepoint    ] Safepoint "RevokeBias", Time since last: 47016 ns, Reaching safepoint: 12411 ns, At safepoint: 12928 ns, Total: 25339 ns
[2020-09-11T12:52:42.673+0000][1][safepoint    ] Safepoint "RevokeBias", Time since last: 69275 ns, Reaching safepoint: 12644 ns, At safepoint: 13187 ns, Total: 25831 ns
[2020-09-11T12:52:42.674+0000][1][safepoint    ] Safepoint "RevokeBias", Time since last: 256970 ns, Reaching safepoint: 10423 ns, At safepoint: 13412 ns, Total: 23835 ns
[2020-09-11T12:52:42.674+0000][1][safepoint    ] Safepoint "RevokeBias", Time since last: 150180 ns, Reaching safepoint: 12391 ns, At safepoint: 13209 ns, Total: 25600 ns
[2020-09-11T12:52:42.674+0000][1][safepoint    ] Safepoint "RevokeBias", Time since last: 29620 ns, Reaching safepoint: 10877 ns, At safepoint: 12698 ns, Total: 23575 ns
[2020-09-11T12:52:42.674+0000][1][safepoint    ] Safepoint "RevokeBias", Time since last: 409988 ns, Reaching safepoint: 10572 ns, At safepoint: 13442 ns, Total: 24014 ns
[2020-09-11T12:52:42.699+0000][1][safepoint    ] Safepoint "RevokeBias", Time since last: 11240735 ns, Reaching safepoint: 13402203 ns, At safepoint: 27787 ns, Total: 13429990 ns
[2020-09-11T12:52:42.700+0000][1][safepoint    ] Safepoint "RevokeBias", Time since last: 447255 ns, Reaching safepoint: 89784 ns, At safepoint: 19439 ns, Total: 109223 ns
[2020-09-11T12:52:42.715+0000][1][safepoint    ] Safepoint "RevokeBias", Time since last: 9737227 ns, Reaching safepoint: 5300656 ns, At safepoint: 29306 ns, Total: 5329962 ns
[2020-09-11T12:52:42.716+0000][1][safepoint    ] Safepoint "RevokeBias", Time since last: 884427 ns, Reaching safepoint: 14099 ns, At safepoint: 24664 ns, Total: 38763 ns
[2020-09-11T12:52:42.716+0000][1][safepoint    ] Safepoint "RevokeBias", Time since last: 420546 ns, Reaching safepoint: 82423 ns, At safepoint: 17273 ns, Total: 99696 ns
[2020-09-11T12:52:42.716+0000][1][safepoint    ] Safepoint "RevokeBias", Time since last: 46608 ns, Reaching safepoint: 79147 ns, At safepoint: 15599 ns, Total: 94746 ns
[2020-09-11T12:52:42.720+0000][1][safepoint    ] Safepoint "RevokeBias", Time since last: 3266870 ns, Reaching safepoint: 53316 ns, At safepoint: 32320 ns, Total: 85636 ns
[2020-09-11T12:52:42.720+0000][1][safepoint    ] Safepoint "RevokeBias", Time since last: 158963 ns, Reaching safepoint: 84837 ns, At safepoint: 20578 ns, Total: 105415 ns
[2020-09-11T12:52:42.721+0000][1][safepoint    ] Safepoint "RevokeBias", Time since last: 649748 ns, Reaching safepoint: 81761 ns, At safepoint: 17891 ns, Total: 99652 ns
[2020-09-11T12:52:42.721+0000][1][safepoint    ] Safepoint "RevokeBias", Time since last: 49333 ns, Reaching safepoint: 79858 ns, At safepoint: 16143 ns, Total: 96001 ns
[2020-09-11T12:52:42.721+0000][1][safepoint    ] Safepoint "RevokeBias", Time since last: 69343 ns, Reaching safepoint: 79190 ns, At safepoint: 15768 ns, Total: 94958 ns
[2020-09-11T12:52:42.721+0000][1][safepoint    ] Safepoint "RevokeBias", Time since last: 44967 ns, Reaching safepoint: 78825 ns, At safepoint: 16591 ns, Total: 95416 ns
[2020-09-11T12:52:42.730+0000][1][safepoint    ] Safepoint "RevokeBias", Time since last: 5360930 ns, Reaching safepoint: 3873520 ns, At safepoint: 26041 ns, Total: 3899561 ns
[2020-09-11T12:52:42.730+0000][1][safepoint    ] Safepoint "RevokeBias", Time since last: 106050 ns, Reaching safepoint: 94682 ns, At safepoint: 19354 ns, Total: 114036 ns
[2020-09-11T12:52:42.731+0000][1][safepoint    ] Safepoint "RevokeBias", Time since last: 103987 ns, Reaching safepoint: 10788 ns, At safepoint: 13475 ns, Total: 24263 ns
[2020-09-11T12:52:42.731+0000][1][safepoint    ] Safepoint "RevokeBias", Time since last: 52243 ns, Reaching safepoint: 10274 ns, At safepoint: 13388 ns, Total: 23662 ns
[2020-09-11T12:52:42.731+0000][1][safepoint    ] Safepoint "RevokeBias", Time since last: 563079 ns, Reaching safepoint: 81158 ns, At safepoint: 16290 ns, Total: 97448 ns
[2020-09-11T12:52:42.731+0000][1][safepoint    ] Safepoint "RevokeBias", Time since last: 41128 ns, Reaching safepoint: 88336 ns, At safepoint: 16479 ns, Total: 104815 ns
[2020-09-11T12:52:42.732+0000][1][safepoint    ] Safepoint "RevokeBias", Time since last: 62766 ns, Reaching safepoint: 80005 ns, At safepoint: 16485 ns, Total: 96490 ns
[2020-09-11T12:52:42.732+0000][1][safepoint    ] Safepoint "RevokeBias", Time since last: 44224 ns, Reaching safepoint: 79603 ns, At safepoint: 16947 ns, Total: 96550 ns
[2020-09-11T12:52:42.733+0000][1][safepoint    ] Safepoint "RevokeBias", Time since last: 1175642 ns, Reaching safepoint: 12873 ns, At safepoint: 14128 ns, Total: 27001 ns
[2020-09-11T12:52:42.733+0000][1][safepoint    ] Safepoint "RevokeBias", Time since last: 43327 ns, Reaching safepoint: 9737 ns, At safepoint: 12678 ns, Total: 22415 ns
[2020-09-11T12:52:42.733+0000][1][safepoint    ] Safepoint "RevokeBias", Time since last: 58389 ns, Reaching safepoint: 10271 ns, At safepoint: 12908 ns, Total: 23179 ns
[2020-09-11T12:52:42.735+0000][1][safepoint    ] Safepoint "RevokeBias", Time since last: 2336927 ns, Reaching safepoint: 17665 ns, At safepoint: 17825 ns, Total: 35490 ns
[2020-09-11T12:52:42.736+0000][1][safepoint    ] Safepoint "RevokeBias", Time since last: 530890 ns, Reaching safepoint: 84801 ns, At safepoint: 17553 ns, Total: 102354 ns
[2020-09-11T12:52:42.736+0000][1][safepoint    ] Safepoint "RevokeBias", Time since last: 46816 ns, Reaching safepoint: 80359 ns, At safepoint: 16828 ns, Total: 97187 ns
[2020-09-11T12:52:42.736+0000][1][safepoint    ] Safepoint "RevokeBias", Time since last: 66004 ns, Reaching safepoint: 86331 ns, At safepoint: 17510 ns, Total: 103841 ns
[2020-09-11T12:52:42.737+0000][1][safepoint    ] Safepoint "RevokeBias", Time since last: 47014 ns, Reaching safepoint: 80506 ns, At safepoint: 16702 ns, Total: 97208 ns
[2020-09-11T12:52:42.740+0000][1][safepoint    ] Safepoint "RevokeBias", Time since last: 2957598 ns, Reaching safepoint: 92940 ns, At safepoint: 21674 ns, Total: 114614 ns
[2020-09-11T12:52:42.740+0000][1][safepoint    ] Safepoint "RevokeBias", Time since last: 64552 ns, Reaching safepoint: 10486 ns, At safepoint: 13756 ns, Total: 24242 ns
[2020-09-11T12:52:42.740+0000][1][safepoint    ] Safepoint "RevokeBias", Time since last: 86398 ns, Reaching safepoint: 10699 ns, At safepoint: 13233 ns, Total: 23932 ns
[2020-09-11T12:52:42.740+0000][1][safepoint    ] Safepoint "RevokeBias", Time since last: 45564 ns, Reaching safepoint: 10106 ns, At safepoint: 13031 ns, Total: 23137 ns
[2020-09-11T12:52:42.741+0000][1][safepoint    ] Safepoint "BulkRevokeBias", Time since last: 501560 ns, Reaching safepoint: 82272 ns, At safepoint: 63079 ns, Total: 145351 ns
[2020-09-11T12:52:42.741+0000][1][safepoint    ] Safepoint "RevokeBias", Time since last: 42144 ns, Reaching safepoint: 80064 ns, At safepoint: 16489 ns, Total: 96553 ns
[2020-09-11T12:52:42.743+0000][1][safepoint    ] Safepoint "RevokeBias", Time since last: 72731 ns, Reaching safepoint: 2428280 ns, At safepoint: 33286 ns, Total: 2461566 ns
[2020-09-11T12:52:42.745+0000][1][safepoint    ] Safepoint "RevokeBias", Time since last: 1236772 ns, Reaching safepoint: 20220 ns, At safepoint: 17114 ns, Total: 37334 ns
[2020-09-11T12:52:42.745+0000][1][safepoint    ] Safepoint "RevokeBias", Time since last: 78526 ns, Reaching safepoint: 10430 ns, At safepoint: 14019 ns, Total: 24449 ns
[2020-09-11T12:52:42.745+0000][1][safepoint    ] Safepoint "RevokeBias", Time since last: 393278 ns, Reaching safepoint: 83435 ns, At safepoint: 16433 ns, Total: 99868 ns
[2020-09-11T12:52:42.745+0000][1][safepoint    ] Safepoint "RevokeBias", Time since last: 60016 ns, Reaching safepoint: 80074 ns, At safepoint: 16117 ns, Total: 96191 ns
[2020-09-11T12:52:42.748+0000][1][safepoint    ] Safepoint "RevokeBias", Time since last: 2482898 ns, Reaching safepoint: 88508 ns, At safepoint: 18020 ns, Total: 106528 ns
[2020-09-11T12:52:42.748+0000][1][safepoint    ] Safepoint "RevokeBias", Time since last: 80624 ns, Reaching safepoint: 10781 ns, At safepoint: 14443 ns, Total: 25224 ns
[2020-09-11T12:52:42.767+0000][1][safepoint    ] Safepoint "RevokeBias", Time since last: 8154965 ns, Reaching safepoint: 10627308 ns, At safepoint: 21029 ns, Total: 10648337 ns
[2020-09-11T12:52:42.768+0000][1][safepoint    ] Safepoint "RevokeBias", Time since last: 637516 ns, Reaching safepoint: 84207 ns, At safepoint: 19829 ns, Total: 104036 ns
[2020-09-11T12:52:42.769+0000][1][safepoint    ] Safepoint "RevokeBias", Time since last: 1000590 ns, Reaching safepoint: 14547 ns, At safepoint: 14179 ns, Total: 28726 ns
[2020-09-11T12:52:42.769+0000][1][safepoint    ] Safepoint "RevokeBias", Time since last: 66448 ns, Reaching safepoint: 10541 ns, At safepoint: 13020 ns, Total: 23561 ns
[2020-09-11T12:52:42.772+0000][1][safepoint    ] Safepoint "RevokeBias", Time since last: 3151835 ns, Reaching safepoint: 23810 ns, At safepoint: 17047 ns, Total: 40857 ns
[2020-09-11T12:52:42.772+0000][1][safepoint    ] Safepoint "RevokeBias", Time since last: 87564 ns, Reaching safepoint: 10940 ns, At safepoint: 13187 ns, Total: 24127 ns
[2020-09-11T12:52:42.773+0000][1][safepoint    ] Safepoint "RevokeBias", Time since last: 842662 ns, Reaching safepoint: 12315 ns, At safepoint: 13591 ns, Total: 25906 ns
[2020-09-11T12:52:42.773+0000][1][safepoint    ] Safepoint "RevokeBias", Time since last: 62742 ns, Reaching safepoint: 10635 ns, At safepoint: 13127 ns, Total: 23762 ns
[2020-09-11T12:52:42.777+0000][1][safepoint    ] Safepoint "RevokeBias", Time since last: 3600849 ns, Reaching safepoint: 22633 ns, At safepoint: 16659 ns, Total: 39292 ns
[2020-09-11T12:52:42.777+0000][1][safepoint    ] Safepoint "RevokeBias", Time since last: 86991 ns, Reaching safepoint: 11054 ns, At safepoint: 13313 ns, Total: 24367 ns
[2020-09-11T12:52:42.791+0000][1][safepoint    ] Safepoint "RevokeBias", Time since last: 8282337 ns, Reaching safepoint: 6528173 ns, At safepoint: 26516 ns, Total: 6554689 ns
[2020-09-11T12:52:42.792+0000][1][safepoint    ] Safepoint "RevokeBias", Time since last: 176941 ns, Reaching safepoint: 12159 ns, At safepoint: 15783 ns, Total: 27942 ns
[2020-09-11T12:52:42.792+0000][1][safepoint    ] Safepoint "RevokeBias", Time since last: 773041 ns, Reaching safepoint: 11437 ns, At safepoint: 14156 ns, Total: 25593 ns
[2020-09-11T12:52:42.793+0000][1][safepoint    ] Safepoint "RevokeBias", Time since last: 63149 ns, Reaching safepoint: 10396 ns, At safepoint: 13304 ns, Total: 23700 ns
[2020-09-11T12:52:42.793+0000][1][safepoint    ] Safepoint "BulkRevokeBias", Time since last: 441507 ns, Reaching safepoint: 83330 ns, At safepoint: 94380 ns, Total: 177710 ns
[2020-09-11T12:52:42.793+0000][1][safepoint    ] Safepoint "BulkRevokeBias", Time since last: 61516 ns, Reaching safepoint: 79716 ns, At safepoint: 44086 ns, Total: 123802 ns
[2020-09-11T12:52:42.794+0000][1][safepoint    ] Safepoint "RevokeBias", Time since last: 467718 ns, Reaching safepoint: 81029 ns, At safepoint: 16191 ns, Total: 97220 ns
[2020-09-11T12:52:42.794+0000][1][safepoint    ] Safepoint "RevokeBias", Time since last: 57356 ns, Reaching safepoint: 79402 ns, At safepoint: 15886 ns, Total: 95288 ns
[2020-09-11T12:52:42.795+0000][1][safepoint    ] Safepoint "RevokeBias", Time since last: 435960 ns, Reaching safepoint: 80199 ns, At safepoint: 15894 ns, Total: 96093 ns
[2020-09-11T12:52:42.795+0000][1][safepoint    ] Safepoint "RevokeBias", Time since last: 56779 ns, Reaching safepoint: 79374 ns, At safepoint: 15765 ns, Total: 95139 ns
[2020-09-11T12:52:42.799+0000][1][safepoint    ] Safepoint "RevokeBias", Time since last: 827160 ns, Reaching safepoint: 3807655 ns, At safepoint: 18906 ns, Total: 3826561 ns
[2020-09-11T12:52:42.800+0000][1][safepoint    ] Safepoint "RevokeBias", Time since last: 76556 ns, Reaching safepoint: 79560 ns, At safepoint: 15885 ns, Total: 95445 ns
[2020-09-11T12:52:42.800+0000][1][safepoint    ] Safepoint "RevokeBias", Time since last: 455178 ns, Reaching safepoint: 80067 ns, At safepoint: 16439 ns, Total: 96506 ns
[2020-09-11T12:52:42.800+0000][1][safepoint    ] Safepoint "RevokeBias", Time since last: 59164 ns, Reaching safepoint: 79156 ns, At safepoint: 16996 ns, Total: 96152 ns
[2020-09-11T12:52:42.801+0000][1][safepoint    ] Safepoint "RevokeBias", Time since last: 429833 ns, Reaching safepoint: 79604 ns, At safepoint: 15831 ns, Total: 95435 ns
[2020-09-11T12:52:42.801+0000][1][safepoint    ] Safepoint "RevokeBias", Time since last: 56392 ns, Reaching safepoint: 79360 ns, At safepoint: 16525 ns, Total: 95885 ns
[2020-09-11T12:52:42.801+0000][1][safepoint    ] Safepoint "RevokeBias", Time since last: 407547 ns, Reaching safepoint: 80175 ns, At safepoint: 15944 ns, Total: 96119 ns
[2020-09-11T12:52:42.802+0000][1][safepoint    ] Safepoint "RevokeBias", Time since last: 58663 ns, Reaching safepoint: 78999 ns, At safepoint: 15954 ns, Total: 94953 ns
[2020-09-11T12:52:42.802+0000][1][safepoint    ] Safepoint "RevokeBias", Time since last: 449490 ns, Reaching safepoint: 80718 ns, At safepoint: 15975 ns, Total: 96693 ns
[2020-09-11T12:52:42.802+0000][1][safepoint    ] Safepoint "RevokeBias", Time since last: 57020 ns, Reaching safepoint: 78800 ns, At safepoint: 15721 ns, Total: 94521 ns
[2020-09-11T12:52:42.803+0000][1][safepoint    ] Safepoint "RevokeBias", Time since last: 429750 ns, Reaching safepoint: 79852 ns, At safepoint: 15870 ns, Total: 95722 ns
[2020-09-11T12:52:42.803+0000][1][safepoint    ] Safepoint "RevokeBias", Time since last: 56166 ns, Reaching safepoint: 78920 ns, At safepoint: 15813 ns, Total: 94733 ns
[2020-09-11T12:52:42.811+0000][1][safepoint    ] Safepoint "RevokeBias", Time since last: 7479145 ns, Reaching safepoint: 27018 ns, At safepoint: 14513 ns, Total: 41531 ns
[2020-09-11T12:52:42.811+0000][1][safepoint    ] Safepoint "RevokeBias", Time since last: 104093 ns, Reaching safepoint: 11349 ns, At safepoint: 12968 ns, Total: 24317 ns
[2020-09-11T12:52:42.811+0000][1][safepoint    ] Safepoint "RevokeBias", Time since last: 582260 ns, Reaching safepoint: 11660 ns, At safepoint: 12955 ns, Total: 24615 ns
[2020-09-11T12:52:42.811+0000][1][safepoint    ] Safepoint "RevokeBias", Time since last: 60138 ns, Reaching safepoint: 10666 ns, At safepoint: 12744 ns, Total: 23410 ns
[2020-09-11T12:52:42.816+0000][1][safepoint    ] Safepoint "RevokeBias", Time since last: 4749804 ns, Reaching safepoint: 23566 ns, At safepoint: 15212 ns, Total: 38778 ns
[2020-09-11T12:52:42.816+0000][1][safepoint    ] Safepoint "RevokeBias", Time since last: 72283 ns, Reaching safepoint: 10581 ns, At safepoint: 13074 ns, Total: 23655 ns
[2020-09-11T12:52:42.817+0000][1][safepoint    ] Safepoint "RevokeBias", Time since last: 714577 ns, Reaching safepoint: 21263 ns, At safepoint: 13144 ns, Total: 34407 ns
[2020-09-11T12:52:42.817+0000][1][safepoint    ] Safepoint "RevokeBias", Time since last: 56753 ns, Reaching safepoint: 10488 ns, At safepoint: 12630 ns, Total: 23118 ns
[2020-09-11T12:52:42.831+0000][1][safepoint    ] Safepoint "RevokeBias", Time since last: 6809084 ns, Reaching safepoint: 7570103 ns, At safepoint: 25246 ns, Total: 7595349 ns
[2020-09-11T12:52:42.832+0000][1][safepoint    ] Safepoint "RevokeBias", Time since last: 153024 ns, Reaching safepoint: 12005 ns, At safepoint: 16071 ns, Total: 28076 ns
[2020-09-11T12:52:42.832+0000][1][safepoint    ] Safepoint "RevokeBias", Time since last: 700374 ns, Reaching safepoint: 88243 ns, At safepoint: 29205 ns, Total: 117448 ns
[2020-09-11T12:52:42.833+0000][1][safepoint    ] Safepoint "RevokeBias", Time since last: 550401 ns, Reaching safepoint: 11698 ns, At safepoint: 13196 ns, Total: 24894 ns
[2020-09-11T12:52:42.833+0000][1][safepoint    ] Safepoint "RevokeBias", Time since last: 57206 ns, Reaching safepoint: 10537 ns, At safepoint: 13187 ns, Total: 23724 ns
[2020-09-11T12:52:42.834+0000][1][safepoint    ] Safepoint "RevokeBias", Time since last: 391909 ns, Reaching safepoint: 11096 ns, At safepoint: 13135 ns, Total: 24231 ns
[2020-09-11T12:52:42.834+0000][1][safepoint    ] Safepoint "RevokeBias", Time since last: 55136 ns, Reaching safepoint: 10403 ns, At safepoint: 12935 ns, Total: 23338 ns
[2020-09-11T12:52:42.834+0000][1][safepoint    ] Safepoint "RevokeBias", Time since last: 396619 ns, Reaching safepoint: 10744 ns, At safepoint: 13095 ns, Total: 23839 ns
[2020-09-11T12:52:42.834+0000][1][safepoint    ] Safepoint "RevokeBias", Time since last: 54669 ns, Reaching safepoint: 10248 ns, At safepoint: 12863 ns, Total: 23111 ns
[2020-09-11T12:52:42.835+0000][1][safepoint    ] Safepoint "RevokeBias", Time since last: 416485 ns, Reaching safepoint: 10779 ns, At safepoint: 12928 ns, Total: 23707 ns
[2020-09-11T12:52:42.835+0000][1][safepoint    ] Safepoint "RevokeBias", Time since last: 53580 ns, Reaching safepoint: 10200 ns, At safepoint: 12823 ns, Total: 23023 ns
[2020-09-11T12:52:42.835+0000][1][safepoint    ] Safepoint "RevokeBias", Time since last: 378594 ns, Reaching safepoint: 10545 ns, At safepoint: 12918 ns, Total: 23463 ns
[2020-09-11T12:52:42.835+0000][1][safepoint    ] Safepoint "RevokeBias", Time since last: 53524 ns, Reaching safepoint: 10172 ns, At safepoint: 12873 ns, Total: 23045 ns
[2020-09-11T12:52:42.840+0000][1][safepoint    ] Safepoint "BulkRevokeBias", Time since last: 4741703 ns, Reaching safepoint: 26576 ns, At safepoint: 64525 ns, Total: 91101 ns
[2020-09-11T12:52:42.840+0000][1][safepoint    ] Safepoint "BulkRevokeBias", Time since last: 93846 ns, Reaching safepoint: 10721 ns, At safepoint: 41591 ns, Total: 52312 ns
[2020-09-11T12:52:42.841+0000][1][safepoint    ] Safepoint "BulkRevokeBias", Time since last: 1099738 ns, Reaching safepoint: 84443 ns, At safepoint: 49418 ns, Total: 133861 ns
[2020-09-11T12:52:42.995+0000][1][safepoint    ] Safepoint "RevokeBias", Time since last: 146358861 ns, Reaching safepoint: 7731619 ns, At safepoint: 16840 ns, Total: 7748459 ns
[2020-09-11T12:52:42.996+0000][1][safepoint    ] Safepoint "RevokeBias", Time since last: 85541 ns, Reaching safepoint: 13159 ns, At safepoint: 10633 ns, Total: 23792 ns
[2020-09-11T12:52:42.996+0000][1][safepoint    ] Safepoint "RevokeBias", Time since last: 383118 ns, Reaching safepoint: 11880 ns, At safepoint: 11029 ns, Total: 22909 ns
[2020-09-11T12:52:42.996+0000][1][safepoint    ] Safepoint "RevokeBias", Time since last: 170044 ns, Reaching safepoint: 14443 ns, At safepoint: 10283 ns, Total: 24726 ns
[2020-09-11T12:52:42.999+0000][1][safepoint    ] Safepoint "RevokeBias", Time since last: 672898 ns, Reaching safepoint: 2596455 ns, At safepoint: 22155 ns, Total: 2618610 ns
[2020-09-11T12:52:43.008+0000][1][safepoint    ] Safepoint "RevokeBias", Time since last: 1347701 ns, Reaching safepoint: 6775388 ns, At safepoint: 26267 ns, Total: 6801655 ns
[2020-09-11T12:52:43.036+0000][1][safepoint    ] Safepoint "RevokeBias", Time since last: 6962880 ns, Reaching safepoint: 20888098 ns, At safepoint: 88229 ns, Total: 20976327 ns
[2020-09-11T12:52:43.074+0000][1][safepoint    ] Safepoint "RevokeBias", Time since last: 15951099 ns, Reaching safepoint: 22763448 ns, At safepoint: 43918 ns, Total: 22807366 ns
[2020-09-11T12:52:43.096+0000][1][safepoint    ] Safepoint "RevokeBias", Time since last: 10623657 ns, Reaching safepoint: 10528701 ns, At safepoint: 57248 ns, Total: 10585949 ns
[2020-09-11T12:52:43.096+0000][1][safepoint    ] Safepoint "RevokeBias", Time since last: 501974 ns, Reaching safepoint: 97041 ns, At safepoint: 31818 ns, Total: 128859 ns
[2020-09-11T12:52:43.096+0000][1][safepoint    ] Safepoint "RevokeBias", Time since last: 52510 ns, Reaching safepoint: 89859 ns, At safepoint: 27635 ns, Total: 117494 ns
[2020-09-11T12:52:43.096+0000][1][safepoint    ] Safepoint "RevokeBias", Time since last: 48350 ns, Reaching safepoint: 91522 ns, At safepoint: 27332 ns, Total: 118854 ns
[2020-09-11T12:52:43.097+0000][1][safepoint    ] Safepoint "RevokeBias", Time since last: 45188 ns, Reaching safepoint: 84965 ns, At safepoint: 36394 ns, Total: 121359 ns
[2020-09-11T12:52:43.097+0000][1][safepoint    ] Safepoint "RevokeBias", Time since last: 41313 ns, Reaching safepoint: 83931 ns, At safepoint: 24186 ns, Total: 108117 ns
[2020-09-11T12:52:43.112+0000][1][safepoint    ] Safepoint "RevokeBias", Time since last: 8199242 ns, Reaching safepoint: 6561466 ns, At safepoint: 10703 ns, Total: 6572169 ns
[2020-09-11T12:52:43.128+0000][1][safepoint    ] Safepoint "RevokeBias", Time since last: 15809296 ns, Reaching safepoint: 150452 ns, At safepoint: 13825 ns, Total: 164277 ns
[2020-09-11T12:52:43.128+0000][1][safepoint    ] Safepoint "RevokeBias", Time since last: 121962 ns, Reaching safepoint: 79549 ns, At safepoint: 8867 ns, Total: 88416 ns
[2020-09-11T12:52:43.155+0000][1][safepoint    ] Safepoint "RevokeBias", Time since last: 7767491 ns, Reaching safepoint: 19964849 ns, At safepoint: 12825 ns, Total: 19977674 ns
[2020-09-11T12:52:43.157+0000][1][safepoint    ] Safepoint "RevokeBias", Time since last: 1008753 ns, Reaching safepoint: 18401 ns, At safepoint: 7412 ns, Total: 25813 ns
[2020-09-11T12:52:43.157+0000][1][safepoint    ] Safepoint "RevokeBias", Time since last: 77141 ns, Reaching safepoint: 10031 ns, At safepoint: 6023 ns, Total: 16054 ns
[2020-09-11T12:52:43.157+0000][1][safepoint    ] Safepoint "RevokeBias", Time since last: 40548 ns, Reaching safepoint: 9561 ns, At safepoint: 5170 ns, Total: 14731 ns
[2020-09-11T12:52:43.157+0000][1][safepoint    ] Safepoint "RevokeBias", Time since last: 38100 ns, Reaching safepoint: 9135 ns, At safepoint: 5223 ns, Total: 14358 ns
[2020-09-11T12:52:43.157+0000][1][safepoint    ] Safepoint "RevokeBias", Time since last: 83357 ns, Reaching safepoint: 9915 ns, At safepoint: 5292 ns, Total: 15207 ns
[2020-09-11T12:52:43.157+0000][1][safepoint    ] Safepoint "RevokeBias", Time since last: 33016 ns, Reaching safepoint: 8735 ns, At safepoint: 5064 ns, Total: 13799 ns
[2020-09-11T12:52:43.157+0000][1][safepoint    ] Safepoint "RevokeBias", Time since last: 29334 ns, Reaching safepoint: 8526 ns, At safepoint: 5010 ns, Total: 13536 ns
[2020-09-11T12:52:43.157+0000][1][safepoint    ] Safepoint "RevokeBias", Time since last: 39713 ns, Reaching safepoint: 8906 ns, At safepoint: 5226 ns, Total: 14132 ns
[2020-09-11T12:52:43.157+0000][1][safepoint    ] Safepoint "RevokeBias", Time since last: 45272 ns, Reaching safepoint: 9080 ns, At safepoint: 5251 ns, Total: 14331 ns
[2020-09-11T12:52:43.157+0000][1][safepoint    ] Safepoint "RevokeBias", Time since last: 60841 ns, Reaching safepoint: 9139 ns, At safepoint: 5271 ns, Total: 14410 ns
[2020-09-11T12:52:43.159+0000][1][safepoint    ] Safepoint "RevokeBias", Time since last: 2311562 ns, Reaching safepoint: 15191 ns, At safepoint: 6300 ns, Total: 21491 ns
[2020-09-11T12:52:43.160+0000][1][safepoint    ] Safepoint "RevokeBias", Time since last: 167180 ns, Reaching safepoint: 10096 ns, At safepoint: 6378 ns, Total: 16474 ns
[2020-09-11T12:52:43.160+0000][1][safepoint    ] Safepoint "RevokeBias", Time since last: 56705 ns, Reaching safepoint: 9088 ns, At safepoint: 5332 ns, Total: 14420 ns
[2020-09-11T12:52:43.160+0000][1][safepoint    ] Safepoint "RevokeBias", Time since last: 104665 ns, Reaching safepoint: 9488 ns, At safepoint: 5669 ns, Total: 15157 ns
[2020-09-11T12:52:43.160+0000][1][safepoint    ] Safepoint "RevokeBias", Time since last: 42598 ns, Reaching safepoint: 8740 ns, At safepoint: 5105 ns, Total: 13845 ns
[2020-09-11T12:52:43.160+0000][1][safepoint    ] Safepoint "RevokeBias", Time since last: 28381 ns, Reaching safepoint: 8592 ns, At safepoint: 5025 ns, Total: 13617 ns
[2020-09-11T12:52:43.160+0000][1][safepoint    ] Safepoint "RevokeBias", Time since last: 26708 ns, Reaching safepoint: 8496 ns, At safepoint: 4903 ns, Total: 13399 ns
[2020-09-11T12:52:43.160+0000][1][gc           ] GC(63) Concurrent Abortable Preclean 5155.064ms
[2020-09-11T12:52:43.160+0000][1][gc,cpu       ] GC(63) User=2.44s Sys=0.05s Real=5.15s
[2020-09-11T12:52:43.160+0000][1][safepoint    ] Safepoint "RevokeBias", Time since last: 398234 ns, Reaching safepoint: 91491 ns, At safepoint: 8959 ns, Total: 100450 ns
[2020-09-11T12:52:43.161+0000][1][gc,start     ] GC(63) Pause Remark
[2020-09-11T12:52:43.208+0000][1][gc           ] GC(63) Pause Remark 84M->84M(2039M) 47.504ms
[2020-09-11T12:52:43.208+0000][1][gc,cpu       ] GC(63) User=0.02s Sys=0.00s Real=0.05s
[2020-09-11T12:52:43.215+0000][1][safepoint    ] Safepoint "CMS_Final_Remark", Time since last: 214090 ns, Reaching safepoint: 10248 ns, At safepoint: 54772737 ns, Total: 54782985 ns
[2020-09-11T12:52:43.216+0000][1][gc           ] GC(63) Concurrent Sweep
[2020-09-11T12:52:43.236+0000][1][safepoint    ] Safepoint "RevokeBias", Time since last: 11965565 ns, Reaching safepoint: 8734487 ns, At safepoint: 17576 ns, Total: 8752063 ns
[2020-09-11T12:52:43.249+0000][1][safepoint    ] Safepoint "RevokeBias", Time since last: 13044213 ns, Reaching safepoint: 108213 ns, At safepoint: 13507 ns, Total: 121720 ns
[2020-09-11T12:52:43.267+0000][1][safepoint    ] Safepoint "RevokeBias", Time since last: 18089701 ns, Reaching safepoint: 50581 ns, At safepoint: 10476 ns, Total: 61057 ns
[2020-09-11T12:52:43.288+0000][1][safepoint    ] Safepoint "RevokeBias", Time since last: 20374127 ns, Reaching safepoint: 51657 ns, At safepoint: 11193 ns, Total: 62850 ns
[2020-09-11T12:52:43.288+0000][1][safepoint    ] Safepoint "RevokeBias", Time since last: 78765 ns, Reaching safepoint: 85627 ns, At safepoint: 10444 ns, Total: 96071 ns
[2020-09-11T12:52:43.288+0000][1][safepoint    ] Safepoint "RevokeBias", Time since last: 41730 ns, Reaching safepoint: 81948 ns, At safepoint: 8947 ns, Total: 90895 ns
[2020-09-11T12:52:43.289+0000][1][safepoint    ] Safepoint "RevokeBias", Time since last: 406602 ns, Reaching safepoint: 89814 ns, At safepoint: 9367 ns, Total: 99181 ns
[2020-09-11T12:52:43.289+0000][1][safepoint    ] Safepoint "RevokeBias", Time since last: 246385 ns, Reaching safepoint: 86479 ns, At safepoint: 10092 ns, Total: 96571 ns
[2020-09-11T12:52:43.289+0000][1][safepoint    ] Safepoint "RevokeBias", Time since last: 61775 ns, Reaching safepoint: 87263 ns, At safepoint: 8840 ns, Total: 96103 ns
[2020-09-11T12:52:43.289+0000][1][safepoint    ] Safepoint "RevokeBias", Time since last: 36646 ns, Reaching safepoint: 84158 ns, At safepoint: 8872 ns, Total: 93030 ns
[2020-09-11T12:52:43.296+0000][1][safepoint    ] Safepoint "RevokeBias", Time since last: 6078941 ns, Reaching safepoint: 62667 ns, At safepoint: 12287 ns, Total: 74954 ns
[2020-09-11T12:52:43.296+0000][1][safepoint    ] Safepoint "RevokeBias", Time since last: 608289 ns, Reaching safepoint: 92981 ns, At safepoint: 11138 ns, Total: 104119 ns
[2020-09-11T12:52:43.296+0000][1][safepoint    ] Safepoint "RevokeBias", Time since last: 122594 ns, Reaching safepoint: 84040 ns, At safepoint: 15897 ns, Total: 99937 ns
[2020-09-11T12:52:43.297+0000][1][safepoint    ] Safepoint "RevokeBias", Time since last: 920904 ns, Reaching safepoint: 88444 ns, At safepoint: 10599 ns, Total: 99043 ns
[2020-09-11T12:52:43.318+0000][1][safepoint    ] Safepoint "RevokeBias", Time since last: 15305209 ns, Reaching safepoint: 5388548 ns, At safepoint: 18117 ns, Total: 5406665 ns
[2020-09-11T12:52:43.322+0000][1][safepoint    ] Safepoint "RevokeBias", Time since last: 3739431 ns, Reaching safepoint: 32298 ns, At safepoint: 11619 ns, Total: 43917 ns
[2020-09-11T12:52:43.322+0000][1][safepoint    ] Safepoint "RevokeBias", Time since last: 122166 ns, Reaching safepoint: 78969 ns, At safepoint: 9788 ns, Total: 88757 ns
[2020-09-11T12:52:43.322+0000][1][safepoint    ] Safepoint "RevokeBias", Time since last: 82757 ns, Reaching safepoint: 80212 ns, At safepoint: 8782 ns, Total: 88994 ns
[2020-09-11T12:52:43.322+0000][1][safepoint    ] Safepoint "RevokeBias", Time since last: 54284 ns, Reaching safepoint: 78831 ns, At safepoint: 8410 ns, Total: 87241 ns
[2020-09-11T12:52:43.329+0000][1][gc           ] GC(63) Concurrent Sweep 113.103ms
[2020-09-11T12:52:43.329+0000][1][gc,cpu       ] GC(63) User=0.06s Sys=0.00s Real=0.11s
[2020-09-11T12:52:43.329+0000][1][gc           ] GC(63) Concurrent Reset
[2020-09-11T12:52:43.330+0000][1][safepoint    ] Safepoint "RevokeBias", Time since last: 6699730 ns, Reaching safepoint: 1177599 ns, At safepoint: 10196 ns, Total: 1187795 ns
[2020-09-11T12:52:43.332+0000][1][safepoint    ] Safepoint "RevokeBias", Time since last: 1331689 ns, Reaching safepoint: 13804 ns, At safepoint: 8058 ns, Total: 21862 ns
[2020-09-11T12:52:43.332+0000][1][safepoint    ] Safepoint "RevokeBias", Time since last: 450844 ns, Reaching safepoint: 9324 ns, At safepoint: 7652 ns, Total: 16976 ns
[2020-09-11T12:52:43.336+0000][1][safepoint    ] Safepoint "RevokeBias", Time since last: 3332989 ns, Reaching safepoint: 9474 ns, At safepoint: 8632 ns, Total: 18106 ns
[2020-09-11T12:52:43.336+0000][1][safepoint    ] Safepoint "RevokeBias", Time since last: 138845 ns, Reaching safepoint: 83309 ns, At safepoint: 10893 ns, Total: 94202 ns
[2020-09-11T12:52:43.336+0000][1][safepoint    ] Safepoint "RevokeBias", Time since last: 41891 ns, Reaching safepoint: 80383 ns, At safepoint: 10492 ns, Total: 90875 ns
[2020-09-11T12:52:43.336+0000][1][safepoint    ] Safepoint "RevokeBias", Time since last: 35430 ns, Reaching safepoint: 79637 ns, At safepoint: 9807 ns, Total: 89444 ns
[2020-09-11T12:52:43.336+0000][1][safepoint    ] Safepoint "RevokeBias", Time since last: 88678 ns, Reaching safepoint: 81459 ns, At safepoint: 10667 ns, Total: 92126 ns
[2020-09-11T12:52:43.337+0000][1][safepoint    ] Safepoint "RevokeBias", Time since last: 246364 ns, Reaching safepoint: 86072 ns, At safepoint: 10439 ns, Total: 96511 ns
[2020-09-11T12:52:43.349+0000][1][safepoint    ] Safepoint "RevokeBias", Time since last: 12202453 ns, Reaching safepoint: 488456 ns, At safepoint: 10245 ns, Total: 498701 ns
[2020-09-11T12:52:43.357+0000][1][gc           ] GC(63) Concurrent Reset 27.940ms
[2020-09-11T12:52:43.357+0000][1][gc,cpu       ] GC(63) User=0.01s Sys=0.00s Real=0.03s
[2020-09-11T12:52:43.357+0000][1][gc,heap      ] GC(63) Old: 57524K->56548K(2011968K)
[2020-09-11T12:52:43.363+0000][1][gc,heap,exit ] Heap
[2020-09-11T12:52:43.363+0000][1][gc,heap,exit ]  par new generation   total 76672K, used 32548K [0x0000000080000000, 0x0000000085330000, 0x0000000085330000)
[2020-09-11T12:52:43.363+0000][1][gc,heap,exit ]   eden space 68160K,  37% used [0x0000000080000000, 0x00000000818a5918, 0x0000000084290000)
[2020-09-11T12:52:43.363+0000][1][gc,heap,exit ]   from space 8512K,  85% used [0x0000000084290000, 0x00000000849b3a70, 0x0000000084ae0000)
[2020-09-11T12:52:43.363+0000][1][gc,heap,exit ]   to   space 8512K,   0% used [0x0000000084ae0000, 0x0000000084ae0000, 0x0000000085330000)
[2020-09-11T12:52:43.364+0000][1][gc,heap,exit ]  concurrent mark-sweep generation total 2011968K, used 56548K [0x0000000085330000, 0x0000000100000000, 0x0000000100000000)
[2020-09-11T12:52:43.364+0000][1][gc,heap,exit ]  Metaspace       used 69429K, capacity 74917K, committed 75080K, reserved 1114112K
[2020-09-11T12:52:43.364+0000][1][gc,heap,exit ]   class space    used 9359K, capacity 11654K, committed 11732K, reserved 1048576K
