[2020-09-11T12:16:12.841+0000][1][gc] Using Concurrent Mark Sweep
[2020-09-11T12:16:12.841+0000][1][gc,heap,coops] Heap address: 0x0000000080000000, size: 2048 MB, Compressed Oops mode: 32-bit
[2020-09-11T12:16:12.970+0000][1][safepoint    ] Safepoint "EnableBiasedLocking", Time since last: 107276166 ns, Reaching safepoint: 1997335 ns, At safepoint: 39581 ns, Total: 2036916 ns
[2020-09-11T12:16:12.979+0000][1][safepoint    ] Safepoint "RevokeBias", Time since last: 7309931 ns, Reaching safepoint: 2047729 ns, At safepoint: 40721 ns, Total: 2088450 ns
[2020-09-11T12:16:13.006+0000][1][safepoint    ] Safepoint "Deoptimize", Time since last: 26499874 ns, Reaching safepoint: 90879 ns, At safepoint: 21219 ns, Total: 112098 ns
[2020-09-11T12:16:13.351+0000][1][safepoint    ] Safepoint "Deoptimize", Time since last: 343280803 ns, Reaching safepoint: 2285786 ns, At safepoint: 36662 ns, Total: 2322448 ns
[2020-09-11T12:16:13.354+0000][1][safepoint    ] Safepoint "Deoptimize", Time since last: 2088704 ns, Reaching safepoint: 90098 ns, At safepoint: 30961 ns, Total: 121059 ns
[2020-09-11T12:16:13.463+0000][1][safepoint    ] Safepoint "Deoptimize", Time since last: 108648992 ns, Reaching safepoint: 362901 ns, At safepoint: 50836 ns, Total: 413737 ns
[2020-09-11T12:16:14.467+0000][1][safepoint    ] Safepoint "Cleanup", Time since last: 1000660332 ns, Reaching safepoint: 4076912 ns, At safepoint: 8434 ns, Total: 4085346 ns
[2020-09-11T12:16:14.704+0000][1][safepoint    ] Safepoint "Deoptimize", Time since last: 235943968 ns, Reaching safepoint: 106082 ns, At safepoint: 74258 ns, Total: 180340 ns
[2020-09-11T12:16:14.888+0000][1][safepoint    ] Safepoint "Deoptimize", Time since last: 181887694 ns, Reaching safepoint: 1940839 ns, At safepoint: 84020 ns, Total: 2024859 ns
[2020-09-11T12:16:15.234+0000][1][safepoint    ] Safepoint "Deoptimize", Time since last: 346755523 ns, Reaching safepoint: 101995 ns, At safepoint: 78299 ns, Total: 180294 ns
[2020-09-11T12:16:15.792+0000][1][safepoint    ] Safepoint "Deoptimize", Time since last: 556986168 ns, Reaching safepoint: 114713 ns, At safepoint: 89568 ns, Total: 204281 ns
[2020-09-11T12:16:16.562+0000][1][safepoint    ] Safepoint "Deoptimize", Time since last: 770547038 ns, Reaching safepoint: 119028 ns, At safepoint: 102742 ns, Total: 221770 ns
[2020-09-11T12:16:17.467+0000][1][safepoint    ] Safepoint "Deoptimize", Time since last: 904601911 ns, Reaching safepoint: 146025 ns, At safepoint: 122553 ns, Total: 268578 ns
[2020-09-11T12:16:17.468+0000][1][safepoint    ] Safepoint "Deoptimize", Time since last: 1009550 ns, Reaching safepoint: 80798 ns, At safepoint: 68952 ns, Total: 149750 ns
[2020-09-11T12:16:17.595+0000][1][safepoint    ] Safepoint "Deoptimize", Time since last: 126078001 ns, Reaching safepoint: 110579 ns, At safepoint: 122577 ns, Total: 233156 ns
[2020-09-11T12:16:17.600+0000][1][safepoint    ] Safepoint "Deoptimize", Time since last: 5261566 ns, Reaching safepoint: 97729 ns, At safepoint: 123746 ns, Total: 221475 ns
[2020-09-11T12:16:17.632+0000][1][safepoint    ] Safepoint "RevokeBias", Time since last: 31562743 ns, Reaching safepoint: 173028 ns, At safepoint: 22180 ns, Total: 195208 ns
[2020-09-11T12:16:17.632+0000][1][safepoint    ] Safepoint "RevokeBias", Time since last: 64183 ns, Reaching safepoint: 81510 ns, At safepoint: 17056 ns, Total: 98566 ns
[2020-09-11T12:16:17.632+0000][1][safepoint    ] Safepoint "RevokeBias", Time since last: 59325 ns, Reaching safepoint: 80770 ns, At safepoint: 16882 ns, Total: 97652 ns
[2020-09-11T12:16:17.633+0000][1][safepoint    ] Safepoint "RevokeBias", Time since last: 147382 ns, Reaching safepoint: 82361 ns, At safepoint: 22701 ns, Total: 105062 ns
[2020-09-11T12:16:18.005+0000][1][safepoint    ] Safepoint "RevokeBias", Time since last: 371949713 ns, Reaching safepoint: 112888 ns, At safepoint: 15261 ns, Total: 128149 ns
[2020-09-11T12:16:18.971+0000][1][safepoint    ] Safepoint "RevokeBias", Time since last: 964188760 ns, Reaching safepoint: 2610032 ns, At safepoint: 19008 ns, Total: 2629040 ns
[2020-09-11T12:16:19.043+0000][1][gc,start     ] GC(0) Pause Young (Allocation Failure)
[2020-09-11T12:16:19.043+0000][1][gc,task      ] GC(0) Using 1 workers of 1 for evacuation
[2020-09-11T12:16:19.095+0000][1][gc,age       ] GC(0) Desired survivor size 4358144 bytes, new threshold 1 (max threshold 6)
[2020-09-11T12:16:19.095+0000][1][gc,age       ] GC(0) Age table with threshold 1 (max threshold 6)
[2020-09-11T12:16:19.095+0000][1][gc,age       ] GC(0) - age   1:    6475000 bytes,    6475000 total
[2020-09-11T12:16:19.095+0000][1][gc,heap      ] GC(0) ParNew: 68160K->6350K(76672K)
[2020-09-11T12:16:19.095+0000][1][gc,heap      ] GC(0) CMS: 0K->0K(2011968K)
[2020-09-11T12:16:19.095+0000][1][gc,metaspace ] GC(0) Metaspace: 13672K->13672K(1062912K)
[2020-09-11T12:16:19.095+0000][1][gc           ] GC(0) Pause Young (Allocation Failure) 66M->6M(2039M) 51.632ms
[2020-09-11T12:16:19.095+0000][1][gc,cpu       ] GC(0) User=0.02s Sys=0.00s Real=0.05s
[2020-09-11T12:16:19.107+0000][1][safepoint    ] Safepoint "GenCollectForAllocation", Time since last: 71676367 ns, Reaching safepoint: 100469 ns, At safepoint: 64191608 ns, Total: 64292077 ns
[2020-09-11T12:16:19.116+0000][1][safepoint    ] Safepoint "RevokeBias", Time since last: 1459713 ns, Reaching safepoint: 231149 ns, At safepoint: 6587855 ns, Total: 6819004 ns
[2020-09-11T12:16:19.116+0000][1][safepoint    ] Safepoint "RevokeBias", Time since last: 103665 ns, Reaching safepoint: 92231 ns, At safepoint: 42191 ns, Total: 134422 ns
[2020-09-11T12:16:19.124+0000][1][safepoint    ] Safepoint "RevokeBias", Time since last: 7463430 ns, Reaching safepoint: 176530 ns, At safepoint: 54440 ns, Total: 230970 ns
[2020-09-11T12:16:19.125+0000][1][safepoint    ] Safepoint "RevokeBias", Time since last: 66557 ns, Reaching safepoint: 83217 ns, At safepoint: 1621548 ns, Total: 1704765 ns
[2020-09-11T12:16:19.126+0000][1][safepoint    ] Safepoint "RevokeBias", Time since last: 34424 ns, Reaching safepoint: 209983 ns, At safepoint: 41010 ns, Total: 250993 ns
[2020-09-11T12:16:19.127+0000][1][safepoint    ] Safepoint "RevokeBias", Time since last: 38680 ns, Reaching safepoint: 1298110 ns, At safepoint: 41709 ns, Total: 1339819 ns
[2020-09-11T12:16:19.127+0000][1][safepoint    ] Safepoint "RevokeBias", Time since last: 32543 ns, Reaching safepoint: 84222 ns, At safepoint: 33078 ns, Total: 117300 ns
[2020-09-11T12:16:19.127+0000][1][safepoint    ] Safepoint "RevokeBias", Time since last: 36634 ns, Reaching safepoint: 83287 ns, At safepoint: 52986 ns, Total: 136273 ns
[2020-09-11T12:16:19.128+0000][1][safepoint    ] Safepoint "RevokeBias", Time since last: 25388 ns, Reaching safepoint: 81552 ns, At safepoint: 38992 ns, Total: 120544 ns
[2020-09-11T12:16:19.128+0000][1][safepoint    ] Safepoint "RevokeBias", Time since last: 30571 ns, Reaching safepoint: 82399 ns, At safepoint: 35715 ns, Total: 118114 ns
[2020-09-11T12:16:19.128+0000][1][safepoint    ] Safepoint "RevokeBias", Time since last: 23268 ns, Reaching safepoint: 81242 ns, At safepoint: 34018 ns, Total: 115260 ns
[2020-09-11T12:16:19.128+0000][1][safepoint    ] Safepoint "RevokeBias", Time since last: 30201 ns, Reaching safepoint: 210305 ns, At safepoint: 40334 ns, Total: 250639 ns
[2020-09-11T12:16:19.128+0000][1][safepoint    ] Safepoint "RevokeBias", Time since last: 24885 ns, Reaching safepoint: 81571 ns, At safepoint: 33064 ns, Total: 114635 ns
[2020-09-11T12:16:19.128+0000][1][safepoint    ] Safepoint "RevokeBias", Time since last: 53689 ns, Reaching safepoint: 81847 ns, At safepoint: 33038 ns, Total: 114885 ns
[2020-09-11T12:16:19.129+0000][1][safepoint    ] Safepoint "RevokeBias", Time since last: 22947 ns, Reaching safepoint: 80402 ns, At safepoint: 29849 ns, Total: 110251 ns
[2020-09-11T12:16:19.129+0000][1][safepoint    ] Safepoint "RevokeBias", Time since last: 41716 ns, Reaching safepoint: 82600 ns, At safepoint: 28529 ns, Total: 111129 ns
[2020-09-11T12:16:19.129+0000][1][safepoint    ] Safepoint "RevokeBias", Time since last: 22958 ns, Reaching safepoint: 78718 ns, At safepoint: 27931 ns, Total: 106649 ns
[2020-09-11T12:16:19.129+0000][1][safepoint    ] Safepoint "RevokeBias", Time since last: 171318 ns, Reaching safepoint: 82477 ns, At safepoint: 35198 ns, Total: 117675 ns
[2020-09-11T12:16:19.129+0000][1][safepoint    ] Safepoint "RevokeBias", Time since last: 33811 ns, Reaching safepoint: 81831 ns, At safepoint: 42759 ns, Total: 124590 ns
[2020-09-11T12:16:19.131+0000][1][safepoint    ] Safepoint "RevokeBias", Time since last: 31051 ns, Reaching safepoint: 2098865 ns, At safepoint: 52025 ns, Total: 2150890 ns
[2020-09-11T12:16:19.139+0000][1][safepoint    ] Safepoint "RevokeBias", Time since last: 32296 ns, Reaching safepoint: 88166 ns, At safepoint: 7823557 ns, Total: 7911723 ns
[2020-09-11T12:16:19.140+0000][1][safepoint    ] Safepoint "RevokeBias", Time since last: 102981 ns, Reaching safepoint: 100776 ns, At safepoint: 49053 ns, Total: 149829 ns
[2020-09-11T12:16:19.148+0000][1][safepoint    ] Safepoint "RevokeBias", Time since last: 8508585 ns, Reaching safepoint: 101237 ns, At safepoint: 26423 ns, Total: 127660 ns
[2020-09-11T12:16:19.149+0000][1][safepoint    ] Safepoint "RevokeBias", Time since last: 117261 ns, Reaching safepoint: 81805 ns, At safepoint: 20141 ns, Total: 101946 ns
[2020-09-11T12:16:19.149+0000][1][safepoint    ] Safepoint "RevokeBias", Time since last: 34419 ns, Reaching safepoint: 148257 ns, At safepoint: 19034 ns, Total: 167291 ns
[2020-09-11T12:16:19.189+0000][1][safepoint    ] Safepoint "RevokeBias", Time since last: 38674203 ns, Reaching safepoint: 473520 ns, At safepoint: 705650 ns, Total: 1179170 ns
[2020-09-11T12:16:19.189+0000][1][safepoint    ] Safepoint "RevokeBias", Time since last: 319634 ns, Reaching safepoint: 88431 ns, At safepoint: 50436 ns, Total: 138867 ns
[2020-09-11T12:16:19.189+0000][1][safepoint    ] Safepoint "RevokeBias", Time since last: 46587 ns, Reaching safepoint: 156223 ns, At safepoint: 36615 ns, Total: 192838 ns
[2020-09-11T12:16:19.189+0000][1][safepoint    ] Safepoint "RevokeBias", Time since last: 25838 ns, Reaching safepoint: 80732 ns, At safepoint: 40197 ns, Total: 120929 ns
[2020-09-11T12:16:19.191+0000][1][safepoint    ] Safepoint "RevokeBias", Time since last: 922354 ns, Reaching safepoint: 196041 ns, At safepoint: 184885 ns, Total: 380926 ns
[2020-09-11T12:16:19.191+0000][1][safepoint    ] Safepoint "RevokeBias", Time since last: 33195 ns, Reaching safepoint: 654697 ns, At safepoint: 29289 ns, Total: 683986 ns
[2020-09-11T12:16:19.226+0000][1][safepoint    ] Safepoint "Deoptimize", Time since last: 31986261 ns, Reaching safepoint: 2308705 ns, At safepoint: 208759 ns, Total: 2517464 ns
[2020-09-11T12:16:19.979+0000][1][safepoint    ] Safepoint "RevokeBias", Time since last: 752380263 ns, Reaching safepoint: 147465 ns, At safepoint: 33848 ns, Total: 181313 ns
[2020-09-11T12:16:20.904+0000][1][safepoint    ] Safepoint "Deoptimize", Time since last: 923081732 ns, Reaching safepoint: 1861841 ns, At safepoint: 182503 ns, Total: 2044344 ns
[2020-09-11T12:16:21.220+0000][1][safepoint    ] Safepoint "Deoptimize", Time since last: 314962231 ns, Reaching safepoint: 833211 ns, At safepoint: 186264 ns, Total: 1019475 ns
[2020-09-11T12:16:21.238+0000][1][gc,start     ] GC(1) Pause Young (Allocation Failure)
[2020-09-11T12:16:21.238+0000][1][gc,task      ] GC(1) Using 1 workers of 1 for evacuation
[2020-09-11T12:16:21.338+0000][1][gc,age       ] GC(1) Desired survivor size 4358144 bytes, new threshold 6 (max threshold 6)
[2020-09-11T12:16:21.339+0000][1][gc,age       ] GC(1) Age table with threshold 6 (max threshold 6)
[2020-09-11T12:16:21.339+0000][1][gc,age       ] GC(1) - age   1:    3884168 bytes,    3884168 total
[2020-09-11T12:16:21.339+0000][1][gc,heap      ] GC(1) ParNew: 74510K->4251K(76672K)
[2020-09-11T12:16:21.339+0000][1][gc,heap      ] GC(1) CMS: 0K->6861K(2011968K)
[2020-09-11T12:16:21.339+0000][1][gc,metaspace ] GC(1) Metaspace: 19148K->19148K(1067008K)
[2020-09-11T12:16:21.339+0000][1][gc           ] GC(1) Pause Young (Allocation Failure) 72M->10M(2039M) 100.665ms
[2020-09-11T12:16:21.339+0000][1][gc,cpu       ] GC(1) User=0.05s Sys=0.00s Real=0.10s
[2020-09-11T12:16:21.339+0000][1][safepoint    ] Safepoint "GenCollectForAllocation", Time since last: 18180031 ns, Reaching safepoint: 104306 ns, At safepoint: 100731897 ns, Total: 100836203 ns
[2020-09-11T12:16:21.345+0000][1][safepoint    ] Safepoint "BulkRevokeBias", Time since last: 6370549 ns, Reaching safepoint: 30495 ns, At safepoint: 299328 ns, Total: 329823 ns
[2020-09-11T12:16:21.363+0000][1][safepoint    ] Safepoint "RevokeBias", Time since last: 8695953 ns, Reaching safepoint: 1386453 ns, At safepoint: 7988666 ns, Total: 9375119 ns
[2020-09-11T12:16:21.364+0000][1][safepoint    ] Safepoint "RevokeBias", Time since last: 401125 ns, Reaching safepoint: 98085 ns, At safepoint: 57434 ns, Total: 155519 ns
[2020-09-11T12:16:21.372+0000][1][safepoint    ] Safepoint "RevokeBias", Time since last: 7754989 ns, Reaching safepoint: 103370 ns, At safepoint: 51606 ns, Total: 154976 ns
[2020-09-11T12:16:21.372+0000][1][safepoint    ] Safepoint "RevokeBias", Time since last: 49893 ns, Reaching safepoint: 80907 ns, At safepoint: 25247 ns, Total: 106154 ns
[2020-09-11T12:16:21.372+0000][1][safepoint    ] Safepoint "RevokeBias", Time since last: 38726 ns, Reaching safepoint: 80079 ns, At safepoint: 25963 ns, Total: 106042 ns
[2020-09-11T12:16:21.372+0000][1][safepoint    ] Safepoint "RevokeBias", Time since last: 27704 ns, Reaching safepoint: 79877 ns, At safepoint: 26202 ns, Total: 106079 ns
[2020-09-11T12:16:21.372+0000][1][safepoint    ] Safepoint "BulkRevokeBias", Time since last: 32587 ns, Reaching safepoint: 80358 ns, At safepoint: 61019 ns, Total: 141377 ns
[2020-09-11T12:16:21.373+0000][1][safepoint    ] Safepoint "BulkRevokeBias", Time since last: 27418 ns, Reaching safepoint: 79378 ns, At safepoint: 48274 ns, Total: 127652 ns
[2020-09-11T12:16:21.908+0000][1][safepoint    ] Safepoint "Deoptimize", Time since last: 535487369 ns, Reaching safepoint: 107924 ns, At safepoint: 187433 ns, Total: 295357 ns
[2020-09-11T12:16:21.910+0000][1][safepoint    ] Safepoint "RevokeBias", Time since last: 413069 ns, Reaching safepoint: 1411958 ns, At safepoint: 41099 ns, Total: 1453057 ns
[2020-09-11T12:16:21.912+0000][1][safepoint    ] Safepoint "Deoptimize", Time since last: 980077 ns, Reaching safepoint: 88029 ns, At safepoint: 208607 ns, Total: 296636 ns
[2020-09-11T12:16:22.768+0000][1][gc,start     ] GC(2) Pause Young (Allocation Failure)
[2020-09-11T12:16:22.768+0000][1][gc,task      ] GC(2) Using 1 workers of 1 for evacuation
[2020-09-11T12:16:22.808+0000][1][gc,age       ] GC(2) Desired survivor size 4358144 bytes, new threshold 6 (max threshold 6)
[2020-09-11T12:16:22.808+0000][1][gc,age       ] GC(2) Age table with threshold 6 (max threshold 6)
[2020-09-11T12:16:22.808+0000][1][gc,age       ] GC(2) - age   1:     435720 bytes,     435720 total
[2020-09-11T12:16:22.808+0000][1][gc,age       ] GC(2) - age   2:    3834344 bytes,    4270064 total
[2020-09-11T12:16:22.808+0000][1][gc,heap      ] GC(2) ParNew: 72411K->7808K(76672K)
[2020-09-11T12:16:22.808+0000][1][gc,heap      ] GC(2) CMS: 6861K->6861K(2011968K)
[2020-09-11T12:16:22.808+0000][1][gc,metaspace ] GC(2) Metaspace: 20170K->20170K(1067008K)
[2020-09-11T12:16:22.808+0000][1][gc           ] GC(2) Pause Young (Allocation Failure) 77M->14M(2039M) 40.043ms
[2020-09-11T12:16:22.808+0000][1][gc,cpu       ] GC(2) User=0.02s Sys=0.00s Real=0.04s
[2020-09-11T12:16:22.819+0000][1][safepoint    ] Safepoint "GenCollectForAllocation", Time since last: 855866651 ns, Reaching safepoint: 130911 ns, At safepoint: 51893892 ns, Total: 52024803 ns
[2020-09-11T12:16:22.836+0000][1][safepoint    ] Safepoint "RevokeBias", Time since last: 13743541 ns, Reaching safepoint: 2243865 ns, At safepoint: 60794 ns, Total: 2304659 ns
[2020-09-11T12:16:22.836+0000][1][safepoint    ] Safepoint "RevokeBias", Time since last: 59278 ns, Reaching safepoint: 85016 ns, At safepoint: 30743 ns, Total: 115759 ns
[2020-09-11T12:16:22.836+0000][1][safepoint    ] Safepoint "RevokeBias", Time since last: 152016 ns, Reaching safepoint: 85686 ns, At safepoint: 28978 ns, Total: 114664 ns
[2020-09-11T12:16:22.836+0000][1][safepoint    ] Safepoint "RevokeBias", Time since last: 32401 ns, Reaching safepoint: 83065 ns, At safepoint: 29735 ns, Total: 112800 ns
[2020-09-11T12:16:22.836+0000][1][safepoint    ] Safepoint "RevokeBias", Time since last: 42910 ns, Reaching safepoint: 82703 ns, At safepoint: 30951 ns, Total: 113654 ns
[2020-09-11T12:16:22.836+0000][1][safepoint    ] Safepoint "RevokeBias", Time since last: 27760 ns, Reaching safepoint: 82480 ns, At safepoint: 29675 ns, Total: 112155 ns
[2020-09-11T12:16:22.837+0000][1][safepoint    ] Safepoint "RevokeBias", Time since last: 27810 ns, Reaching safepoint: 82148 ns, At safepoint: 28264 ns, Total: 110412 ns
[2020-09-11T12:16:22.837+0000][1][safepoint    ] Safepoint "RevokeBias", Time since last: 33043 ns, Reaching safepoint: 81922 ns, At safepoint: 26625 ns, Total: 108547 ns
[2020-09-11T12:16:22.837+0000][1][safepoint    ] Safepoint "RevokeBias", Time since last: 30384 ns, Reaching safepoint: 80110 ns, At safepoint: 25066 ns, Total: 105176 ns
[2020-09-11T12:16:23.347+0000][1][gc,start     ] GC(3) Pause Young (Allocation Failure)
[2020-09-11T12:16:23.348+0000][1][gc,task      ] GC(3) Using 1 workers of 1 for evacuation
[2020-09-11T12:16:23.384+0000][1][gc,age       ] GC(3) Desired survivor size 4358144 bytes, new threshold 3 (max threshold 6)
[2020-09-11T12:16:23.384+0000][1][gc,age       ] GC(3) Age table with threshold 3 (max threshold 6)
[2020-09-11T12:16:23.384+0000][1][gc,age       ] GC(3) - age   1:    1585096 bytes,    1585096 total
[2020-09-11T12:16:23.384+0000][1][gc,age       ] GC(3) - age   2:     408752 bytes,    1993848 total
[2020-09-11T12:16:23.384+0000][1][gc,age       ] GC(3) - age   3:    3834344 bytes,    5828192 total
[2020-09-11T12:16:23.384+0000][1][gc,heap      ] GC(3) ParNew: 75968K->7609K(76672K)
[2020-09-11T12:16:23.384+0000][1][gc,heap      ] GC(3) CMS: 6861K->6861K(2011968K)
[2020-09-11T12:16:23.384+0000][1][gc,metaspace ] GC(3) Metaspace: 20287K->20287K(1067008K)
[2020-09-11T12:16:23.384+0000][1][gc           ] GC(3) Pause Young (Allocation Failure) 80M->14M(2039M) 36.319ms
[2020-09-11T12:16:23.384+0000][1][gc,cpu       ] GC(3) User=0.02s Sys=0.00s Real=0.04s
[2020-09-11T12:16:23.391+0000][1][safepoint    ] Safepoint "GenCollectForAllocation", Time since last: 506635450 ns, Reaching safepoint: 4001404 ns, At safepoint: 44003699 ns, Total: 48005103 ns
[2020-09-11T12:16:23.402+0000][1][safepoint    ] Safepoint "RevokeBias", Time since last: 7911257 ns, Reaching safepoint: 2611603 ns, At safepoint: 71802 ns, Total: 2683405 ns
[2020-09-11T12:16:23.402+0000][1][safepoint    ] Safepoint "RevokeBias", Time since last: 65851 ns, Reaching safepoint: 84063 ns, At safepoint: 26913 ns, Total: 110976 ns
[2020-09-11T12:16:23.402+0000][1][safepoint    ] Safepoint "RevokeBias", Time since last: 39070 ns, Reaching safepoint: 78657 ns, At safepoint: 24516 ns, Total: 103173 ns
[2020-09-11T12:16:23.404+0000][1][safepoint    ] Safepoint "RevokeBias", Time since last: 24460 ns, Reaching safepoint: 1275965 ns, At safepoint: 45932 ns, Total: 1321897 ns
[2020-09-11T12:16:23.404+0000][1][safepoint    ] Safepoint "RevokeBias", Time since last: 38193 ns, Reaching safepoint: 82362 ns, At safepoint: 29511 ns, Total: 111873 ns
[2020-09-11T12:16:23.404+0000][1][safepoint    ] Safepoint "RevokeBias", Time since last: 24956 ns, Reaching safepoint: 80281 ns, At safepoint: 26833 ns, Total: 107114 ns
[2020-09-11T12:16:23.404+0000][1][safepoint    ] Safepoint "RevokeBias", Time since last: 28248 ns, Reaching safepoint: 80341 ns, At safepoint: 26123 ns, Total: 106464 ns
[2020-09-11T12:16:23.404+0000][1][safepoint    ] Safepoint "RevokeBias", Time since last: 23262 ns, Reaching safepoint: 80457 ns, At safepoint: 25319 ns, Total: 105776 ns
[2020-09-11T12:16:23.791+0000][1][safepoint    ] Safepoint "CollectForMetadataAllocation", Time since last: 386158545 ns, Reaching safepoint: 117930 ns, At safepoint: 82633 ns, Total: 200563 ns
[2020-09-11T12:16:23.856+0000][1][safepoint    ] Safepoint "RevokeBias", Time since last: 64834698 ns, Reaching safepoint: 109817 ns, At safepoint: 19968 ns, Total: 129785 ns
[2020-09-11T12:16:23.856+0000][1][safepoint    ] Safepoint "RevokeBias", Time since last: 78522 ns, Reaching safepoint: 8980 ns, At safepoint: 7400 ns, Total: 16380 ns
[2020-09-11T12:16:23.937+0000][1][safepoint    ] Safepoint "CollectForMetadataAllocation", Time since last: 80749977 ns, Reaching safepoint: 101370 ns, At safepoint: 113062 ns, Total: 214432 ns
[2020-09-11T12:16:24.007+0000][1][gc,start     ] GC(4) Pause Young (Allocation Failure)
[2020-09-11T12:16:24.007+0000][1][gc,task      ] GC(4) Using 1 workers of 1 for evacuation
[2020-09-11T12:16:24.046+0000][1][gc,age       ] GC(4) Desired survivor size 4358144 bytes, new threshold 6 (max threshold 6)
[2020-09-11T12:16:24.046+0000][1][gc,age       ] GC(4) Age table with threshold 6 (max threshold 6)
[2020-09-11T12:16:24.046+0000][1][gc,age       ] GC(4) - age   1:    1586584 bytes,    1586584 total
[2020-09-11T12:16:24.046+0000][1][gc,age       ] GC(4) - age   2:     320248 bytes,    1906832 total
[2020-09-11T12:16:24.046+0000][1][gc,age       ] GC(4) - age   3:     408656 bytes,    2315488 total
[2020-09-11T12:16:24.046+0000][1][gc,heap      ] GC(4) ParNew: 75769K->4902K(76672K)
[2020-09-11T12:16:24.046+0000][1][gc,heap      ] GC(4) CMS: 6861K->10636K(2011968K)
[2020-09-11T12:16:24.046+0000][1][gc,metaspace ] GC(4) Metaspace: 20818K->20818K(1069056K)
[2020-09-11T12:16:24.046+0000][1][gc           ] GC(4) Pause Young (Allocation Failure) 80M->15M(2039M) 38.980ms
[2020-09-11T12:16:24.046+0000][1][gc,cpu       ] GC(4) User=0.02s Sys=0.00s Real=0.04s
[2020-09-11T12:16:24.059+0000][1][safepoint    ] Safepoint "GenCollectForAllocation", Time since last: 70125211 ns, Reaching safepoint: 106732 ns, At safepoint: 52561470 ns, Total: 52668202 ns
[2020-09-11T12:16:24.068+0000][1][gc,start     ] GC(5) Pause Initial Mark
[2020-09-11T12:16:24.069+0000][1][gc           ] GC(5) Pause Initial Mark 20M->20M(2039M) 1.916ms
[2020-09-11T12:16:24.070+0000][1][gc,cpu       ] GC(5) User=0.00s Sys=0.00s Real=0.00s
[2020-09-11T12:16:24.085+0000][1][safepoint    ] Safepoint "CMS_Initial_Mark", Time since last: 8005902 ns, Reaching safepoint: 106392 ns, At safepoint: 17751327 ns, Total: 17857719 ns
[2020-09-11T12:16:24.085+0000][1][gc           ] GC(5) Concurrent Mark
[2020-09-11T12:16:24.095+0000][1][safepoint    ] Safepoint "RevokeBias", Time since last: 6137281 ns, Reaching safepoint: 3998655 ns, At safepoint: 38210 ns, Total: 4036865 ns
[2020-09-11T12:16:24.096+0000][1][safepoint    ] Safepoint "RevokeBias", Time since last: 75607 ns, Reaching safepoint: 82892 ns, At safepoint: 20152 ns, Total: 103044 ns
[2020-09-11T12:16:24.125+0000][1][safepoint    ] Safepoint "RevokeBias", Time since last: 7782120 ns, Reaching safepoint: 21054431 ns, At safepoint: 50127 ns, Total: 21104558 ns
[2020-09-11T12:16:24.125+0000][1][safepoint    ] Safepoint "RevokeBias", Time since last: 69538 ns, Reaching safepoint: 83217 ns, At safepoint: 34442 ns, Total: 117659 ns
[2020-09-11T12:16:24.125+0000][1][safepoint    ] Safepoint "RevokeBias", Time since last: 26996 ns, Reaching safepoint: 82026 ns, At safepoint: 33432 ns, Total: 115458 ns
[2020-09-11T12:16:24.179+0000][1][gc           ] GC(5) Concurrent Mark 93.317ms
[2020-09-11T12:16:24.179+0000][1][gc,cpu       ] GC(5) User=0.04s Sys=0.01s Real=0.09s
[2020-09-11T12:16:24.179+0000][1][gc           ] GC(5) Concurrent Preclean
[2020-09-11T12:16:24.206+0000][1][gc           ] GC(5) Concurrent Preclean 26.856ms
[2020-09-11T12:16:24.206+0000][1][gc,cpu       ] GC(5) User=0.02s Sys=0.00s Real=0.03s
[2020-09-11T12:16:24.206+0000][1][gc           ] GC(5) Concurrent Abortable Preclean
[2020-09-11T12:16:24.415+0000][1][safepoint    ] Safepoint "Deoptimize", Time since last: 289671911 ns, Reaching safepoint: 118007 ns, At safepoint: 221201 ns, Total: 339208 ns
[2020-09-11T12:16:24.460+0000][1][safepoint    ] Safepoint "RevokeBias", Time since last: 44673429 ns, Reaching safepoint: 95211 ns, At safepoint: 31642 ns, Total: 126853 ns
[2020-09-11T12:16:24.672+0000][1][safepoint    ] Safepoint "CollectForMetadataAllocation", Time since last: 211760919 ns, Reaching safepoint: 111408 ns, At safepoint: 128968 ns, Total: 240376 ns
[2020-09-11T12:16:24.688+0000][1][safepoint    ] Safepoint "Deoptimize", Time since last: 8240675 ns, Reaching safepoint: 7550320 ns, At safepoint: 222616 ns, Total: 7772936 ns
[2020-09-11T12:16:24.795+0000][1][gc,start     ] GC(6) Pause Young (Allocation Failure)
[2020-09-11T12:16:24.795+0000][1][gc,task      ] GC(6) Using 1 workers of 1 for evacuation
[2020-09-11T12:16:24.806+0000][1][gc           ] GC(5) Concurrent Abortable Preclean 600.266ms
[2020-09-11T12:16:24.806+0000][1][gc,cpu       ] GC(5) User=0.28s Sys=0.00s Real=0.60s
[2020-09-11T12:16:24.845+0000][1][gc,age       ] GC(6) Desired survivor size 4358144 bytes, new threshold 6 (max threshold 6)
[2020-09-11T12:16:24.845+0000][1][gc,age       ] GC(6) Age table with threshold 6 (max threshold 6)
[2020-09-11T12:16:24.845+0000][1][gc,age       ] GC(6) - age   1:    2309840 bytes,    2309840 total
[2020-09-11T12:16:24.845+0000][1][gc,age       ] GC(6) - age   2:    1252232 bytes,    3562072 total
[2020-09-11T12:16:24.845+0000][1][gc,age       ] GC(6) - age   3:     320248 bytes,    3882320 total
[2020-09-11T12:16:24.845+0000][1][gc,age       ] GC(6) - age   4:     408656 bytes,    4290976 total
[2020-09-11T12:16:24.845+0000][1][gc,heap      ] GC(6) ParNew: 73062K->6220K(76672K)
[2020-09-11T12:16:24.845+0000][1][gc,heap      ] GC(6) CMS: 10636K->10636K(2011968K)
[2020-09-11T12:16:24.845+0000][1][gc,metaspace ] GC(6) Metaspace: 21131K->21131K(1069056K)
[2020-09-11T12:16:24.845+0000][1][gc           ] GC(6) Pause Young (Allocation Failure) 81M->16M(2039M) 50.609ms
[2020-09-11T12:16:24.845+0000][1][gc,cpu       ] GC(6) User=0.03s Sys=0.00s Real=0.06s
[2020-09-11T12:16:24.855+0000][1][safepoint    ] Safepoint "GenCollectForAllocation", Time since last: 106894606 ns, Reaching safepoint: 106946 ns, At safepoint: 60742611 ns, Total: 60849557 ns
[2020-09-11T12:16:24.871+0000][1][gc,start     ] GC(5) Pause Remark
[2020-09-11T12:16:24.896+0000][1][gc           ] GC(5) Pause Remark 20M->20M(2039M) 24.324ms
[2020-09-11T12:16:24.896+0000][1][gc,cpu       ] GC(5) User=0.01s Sys=0.00s Real=0.03s
[2020-09-11T12:16:24.919+0000][1][safepoint    ] Safepoint "CMS_Final_Remark", Time since last: 7998595 ns, Reaching safepoint: 8027629 ns, At safepoint: 47956287 ns, Total: 55983916 ns
[2020-09-11T12:16:24.920+0000][1][gc           ] GC(5) Concurrent Sweep
[2020-09-11T12:16:24.922+0000][1][gc           ] GC(5) Concurrent Sweep 2.945ms
[2020-09-11T12:16:24.922+0000][1][gc,cpu       ] GC(5) User=0.00s Sys=0.00s Real=0.00s
[2020-09-11T12:16:24.923+0000][1][gc           ] GC(5) Concurrent Reset
[2020-09-11T12:16:24.928+0000][1][safepoint    ] Safepoint "RevokeBias", Time since last: 8010786 ns, Reaching safepoint: 814722 ns, At safepoint: 31975 ns, Total: 846697 ns
[2020-09-11T12:16:24.928+0000][1][safepoint    ] Safepoint "RevokeBias", Time since last: 73093 ns, Reaching safepoint: 78476 ns, At safepoint: 19471 ns, Total: 97947 ns
[2020-09-11T12:16:24.929+0000][1][safepoint    ] Safepoint "RevokeBias", Time since last: 25894 ns, Reaching safepoint: 76100 ns, At safepoint: 18417 ns, Total: 94517 ns
[2020-09-11T12:16:24.929+0000][1][safepoint    ] Safepoint "RevokeBias", Time since last: 27364 ns, Reaching safepoint: 76394 ns, At safepoint: 20050 ns, Total: 96444 ns
[2020-09-11T12:16:24.929+0000][1][safepoint    ] Safepoint "RevokeBias", Time since last: 23324 ns, Reaching safepoint: 76493 ns, At safepoint: 24129 ns, Total: 100622 ns
[2020-09-11T12:16:24.931+0000][1][gc           ] GC(5) Concurrent Reset 8.702ms
[2020-09-11T12:16:24.931+0000][1][gc,cpu       ] GC(5) User=0.01s Sys=0.00s Real=0.01s
[2020-09-11T12:16:24.931+0000][1][gc,heap      ] GC(5) Old: 10636K->10635K(2011968K)
[2020-09-11T12:16:25.300+0000][1][gc,start     ] GC(7) Pause Young (Allocation Failure)
[2020-09-11T12:16:25.300+0000][1][gc,task      ] GC(7) Using 1 workers of 1 for evacuation
[2020-09-11T12:16:25.373+0000][1][gc,age       ] GC(7) Desired survivor size 4358144 bytes, new threshold 5 (max threshold 6)
[2020-09-11T12:16:25.373+0000][1][gc,age       ] GC(7) Age table with threshold 5 (max threshold 6)
[2020-09-11T12:16:25.373+0000][1][gc,age       ] GC(7) - age   1:     897808 bytes,     897808 total
[2020-09-11T12:16:25.373+0000][1][gc,age       ] GC(7) - age   2:    1525760 bytes,    2423568 total
[2020-09-11T12:16:25.373+0000][1][gc,age       ] GC(7) - age   3:    1251688 bytes,    3675256 total
[2020-09-11T12:16:25.373+0000][1][gc,age       ] GC(7) - age   4:     320248 bytes,    3995504 total
[2020-09-11T12:16:25.373+0000][1][gc,age       ] GC(7) - age   5:     408544 bytes,    4404048 total
[2020-09-11T12:16:25.373+0000][1][gc,heap      ] GC(7) ParNew: 74380K->7322K(76672K)
[2020-09-11T12:16:25.373+0000][1][gc,heap      ] GC(7) CMS: 10635K->10635K(2011968K)
[2020-09-11T12:16:25.373+0000][1][gc,metaspace ] GC(7) Metaspace: 21211K->21211K(1069056K)
[2020-09-11T12:16:25.373+0000][1][gc           ] GC(7) Pause Young (Allocation Failure) 83M->17M(2039M) 73.528ms
[2020-09-11T12:16:25.373+0000][1][gc,cpu       ] GC(7) User=0.03s Sys=0.00s Real=0.07s
[2020-09-11T12:16:25.379+0000][1][safepoint    ] Safepoint "GenCollectForAllocation", Time since last: 370687257 ns, Reaching safepoint: 119015 ns, At safepoint: 79801868 ns, Total: 79920883 ns
[2020-09-11T12:16:25.386+0000][1][safepoint    ] Safepoint "RevokeBias", Time since last: 6131427 ns, Reaching safepoint: 98528 ns, At safepoint: 42504 ns, Total: 141032 ns
[2020-09-11T12:16:25.386+0000][1][safepoint    ] Safepoint "RevokeBias", Time since last: 49793 ns, Reaching safepoint: 79612 ns, At safepoint: 30443 ns, Total: 110055 ns
[2020-09-11T12:16:25.386+0000][1][safepoint    ] Safepoint "RevokeBias", Time since last: 35798 ns, Reaching safepoint: 78332 ns, At safepoint: 28427 ns, Total: 106759 ns
[2020-09-11T12:16:25.386+0000][1][safepoint    ] Safepoint "RevokeBias", Time since last: 25134 ns, Reaching safepoint: 85546 ns, At safepoint: 26852 ns, Total: 112398 ns
[2020-09-11T12:16:25.788+0000][1][gc,start     ] GC(8) Pause Young (Allocation Failure)
[2020-09-11T12:16:25.788+0000][1][gc,task      ] GC(8) Using 1 workers of 1 for evacuation
[2020-09-11T12:16:25.825+0000][1][gc,age       ] GC(8) Desired survivor size 4358144 bytes, new threshold 4 (max threshold 6)
[2020-09-11T12:16:25.825+0000][1][gc,age       ] GC(8) Age table with threshold 4 (max threshold 6)
[2020-09-11T12:16:25.825+0000][1][gc,age       ] GC(8) - age   1:    1764432 bytes,    1764432 total
[2020-09-11T12:16:25.825+0000][1][gc,age       ] GC(8) - age   2:     445720 bytes,    2210152 total
[2020-09-11T12:16:25.825+0000][1][gc,age       ] GC(8) - age   3:    1523824 bytes,    3733976 total
[2020-09-11T12:16:25.825+0000][1][gc,age       ] GC(8) - age   4:    1251032 bytes,    4985008 total
[2020-09-11T12:16:25.825+0000][1][gc,age       ] GC(8) - age   5:     320248 bytes,    5305256 total
[2020-09-11T12:16:25.825+0000][1][gc,heap      ] GC(8) ParNew: 75482K->7584K(76672K)
[2020-09-11T12:16:25.825+0000][1][gc,heap      ] GC(8) CMS: 10635K->11037K(2011968K)
[2020-09-11T12:16:25.825+0000][1][gc,metaspace ] GC(8) Metaspace: 21397K->21397K(1069056K)
[2020-09-11T12:16:25.825+0000][1][gc           ] GC(8) Pause Young (Allocation Failure) 84M->18M(2039M) 37.334ms
[2020-09-11T12:16:25.825+0000][1][gc,cpu       ] GC(8) User=0.02s Sys=0.00s Real=0.04s
[2020-09-11T12:16:25.837+0000][1][safepoint    ] Safepoint "GenCollectForAllocation", Time since last: 401318485 ns, Reaching safepoint: 108878 ns, At safepoint: 49531952 ns, Total: 49640830 ns
[2020-09-11T12:16:25.851+0000][1][safepoint    ] Safepoint "RevokeBias", Time since last: 6324390 ns, Reaching safepoint: 563281 ns, At safepoint: 7458974 ns, Total: 8022255 ns
[2020-09-11T12:16:25.852+0000][1][safepoint    ] Safepoint "RevokeBias", Time since last: 62845 ns, Reaching safepoint: 173541 ns, At safepoint: 37400 ns, Total: 210941 ns
[2020-09-11T12:16:25.852+0000][1][safepoint    ] Safepoint "RevokeBias", Time since last: 51189 ns, Reaching safepoint: 82822 ns, At safepoint: 25518 ns, Total: 108340 ns
[2020-09-11T12:16:25.852+0000][1][safepoint    ] Safepoint "RevokeBias", Time since last: 28911 ns, Reaching safepoint: 81792 ns, At safepoint: 25619 ns, Total: 107411 ns
[2020-09-11T12:16:26.239+0000][1][gc,start     ] GC(9) Pause Young (Allocation Failure)
[2020-09-11T12:16:26.239+0000][1][gc,task      ] GC(9) Using 1 workers of 1 for evacuation
[2020-09-11T12:16:26.273+0000][1][gc,age       ] GC(9) Desired survivor size 4358144 bytes, new threshold 6 (max threshold 6)
[2020-09-11T12:16:26.273+0000][1][gc,age       ] GC(9) Age table with threshold 6 (max threshold 6)
[2020-09-11T12:16:26.273+0000][1][gc,age       ] GC(9) - age   1:     178096 bytes,     178096 total
[2020-09-11T12:16:26.273+0000][1][gc,age       ] GC(9) - age   2:     829112 bytes,    1007208 total
[2020-09-11T12:16:26.273+0000][1][gc,age       ] GC(9) - age   3:     445640 bytes,    1452848 total
[2020-09-11T12:16:26.273+0000][1][gc,age       ] GC(9) - age   4:    1523824 bytes,    2976672 total
[2020-09-11T12:16:26.273+0000][1][gc,heap      ] GC(9) ParNew: 75744K->4517K(76672K)
[2020-09-11T12:16:26.273+0000][1][gc,heap      ] GC(9) CMS: 11037K->12590K(2011968K)
[2020-09-11T12:16:26.273+0000][1][gc,metaspace ] GC(9) Metaspace: 21519K->21519K(1069056K)
[2020-09-11T12:16:26.273+0000][1][gc           ] GC(9) Pause Young (Allocation Failure) 84M->16M(2039M) 34.087ms
[2020-09-11T12:16:26.273+0000][1][gc,cpu       ] GC(9) User=0.02s Sys=0.00s Real=0.03s
[2020-09-11T12:16:26.286+0000][1][safepoint    ] Safepoint "GenCollectForAllocation", Time since last: 387111114 ns, Reaching safepoint: 113162 ns, At safepoint: 46462491 ns, Total: 46575653 ns
[2020-09-11T12:16:26.296+0000][1][safepoint    ] Safepoint "RevokeBias", Time since last: 9723530 ns, Reaching safepoint: 109666 ns, At safepoint: 47845 ns, Total: 157511 ns
[2020-09-11T12:16:26.296+0000][1][safepoint    ] Safepoint "RevokeBias", Time since last: 65281 ns, Reaching safepoint: 82855 ns, At safepoint: 30690 ns, Total: 113545 ns
[2020-09-11T12:16:26.296+0000][1][safepoint    ] Safepoint "RevokeBias", Time since last: 41826 ns, Reaching safepoint: 82254 ns, At safepoint: 28618 ns, Total: 110872 ns
[2020-09-11T12:16:26.296+0000][1][safepoint    ] Safepoint "RevokeBias", Time since last: 28704 ns, Reaching safepoint: 80702 ns, At safepoint: 28118 ns, Total: 108820 ns
[2020-09-11T12:16:26.296+0000][1][safepoint    ] Safepoint "RevokeBias", Time since last: 31923 ns, Reaching safepoint: 81417 ns, At safepoint: 30067 ns, Total: 111484 ns
[2020-09-11T12:16:26.296+0000][1][safepoint    ] Safepoint "RevokeBias", Time since last: 27055 ns, Reaching safepoint: 81032 ns, At safepoint: 29837 ns, Total: 110869 ns
[2020-09-11T12:16:26.389+0000][1][safepoint    ] Safepoint "RevokeBias", Time since last: 92096059 ns, Reaching safepoint: 103806 ns, At safepoint: 16337 ns, Total: 120143 ns
[2020-09-11T12:16:26.392+0000][1][safepoint    ] Safepoint "RevokeBias", Time since last: 2943389 ns, Reaching safepoint: 101800 ns, At safepoint: 16302 ns, Total: 118102 ns
[2020-09-11T12:16:26.673+0000][1][gc,start     ] GC(10) Pause Young (Allocation Failure)
[2020-09-11T12:16:26.673+0000][1][gc,task      ] GC(10) Using 1 workers of 1 for evacuation
[2020-09-11T12:16:26.728+0000][1][gc,age       ] GC(10) Desired survivor size 4358144 bytes, new threshold 6 (max threshold 6)
[2020-09-11T12:16:26.728+0000][1][gc,age       ] GC(10) Age table with threshold 6 (max threshold 6)
[2020-09-11T12:16:26.728+0000][1][gc,age       ] GC(10) - age   1:     615416 bytes,     615416 total
[2020-09-11T12:16:26.728+0000][1][gc,age       ] GC(10) - age   2:     146480 bytes,     761896 total
[2020-09-11T12:16:26.728+0000][1][gc,age       ] GC(10) - age   3:     829112 bytes,    1591008 total
[2020-09-11T12:16:26.728+0000][1][gc,age       ] GC(10) - age   4:     445616 bytes,    2036624 total
[2020-09-11T12:16:26.728+0000][1][gc,age       ] GC(10) - age   5:    1523824 bytes,    3560448 total
[2020-09-11T12:16:26.728+0000][1][gc,heap      ] GC(10) ParNew: 72677K->6619K(76672K)
[2020-09-11T12:16:26.728+0000][1][gc,heap      ] GC(10) CMS: 12590K->12590K(2011968K)
[2020-09-11T12:16:26.728+0000][1][gc,metaspace ] GC(10) Metaspace: 21659K->21659K(1069056K)
[2020-09-11T12:16:26.728+0000][1][gc           ] GC(10) Pause Young (Allocation Failure) 83M->18M(2039M) 55.215ms
[2020-09-11T12:16:26.728+0000][1][gc,cpu       ] GC(10) User=0.03s Sys=0.00s Real=0.06s
[2020-09-11T12:16:26.735+0000][1][safepoint    ] Safepoint "GenCollectForAllocation", Time since last: 280845752 ns, Reaching safepoint: 103371 ns, At safepoint: 62505983 ns, Total: 62609354 ns
[2020-09-11T12:16:26.740+0000][1][safepoint    ] Safepoint "BulkRevokeBias", Time since last: 4845752 ns, Reaching safepoint: 94440 ns, At safepoint: 59534 ns, Total: 153974 ns
[2020-09-11T12:16:26.754+0000][1][safepoint    ] Safepoint "BulkRevokeBias", Time since last: 7379450 ns, Reaching safepoint: 6119184 ns, At safepoint: 54924 ns, Total: 6174108 ns
[2020-09-11T12:16:27.306+0000][1][gc,start     ] GC(11) Pause Young (Allocation Failure)
[2020-09-11T12:16:27.306+0000][1][gc,task      ] GC(11) Using 1 workers of 1 for evacuation
[2020-09-11T12:16:27.344+0000][1][gc,age       ] GC(11) Desired survivor size 4358144 bytes, new threshold 6 (max threshold 6)
[2020-09-11T12:16:27.344+0000][1][gc,age       ] GC(11) Age table with threshold 6 (max threshold 6)
[2020-09-11T12:16:27.344+0000][1][gc,age       ] GC(11) - age   1:    2319512 bytes,    2319512 total
[2020-09-11T12:16:27.344+0000][1][gc,age       ] GC(11) - age   2:     403064 bytes,    2722576 total
[2020-09-11T12:16:27.344+0000][1][gc,age       ] GC(11) - age   3:     146480 bytes,    2869056 total
[2020-09-11T12:16:27.344+0000][1][gc,age       ] GC(11) - age   4:     829112 bytes,    3698168 total
[2020-09-11T12:16:27.344+0000][1][gc,age       ] GC(11) - age   5:     445616 bytes,    4143784 total
[2020-09-11T12:16:27.344+0000][1][gc,age       ] GC(11) - age   6:    1523512 bytes,    5667296 total
[2020-09-11T12:16:27.344+0000][1][gc,heap      ] GC(11) ParNew: 74779K->6393K(76672K)
[2020-09-11T12:16:27.344+0000][1][gc,heap      ] GC(11) CMS: 12590K->12590K(2011968K)
[2020-09-11T12:16:27.344+0000][1][gc,metaspace ] GC(11) Metaspace: 22568K->22568K(1071104K)
[2020-09-11T12:16:27.344+0000][1][gc           ] GC(11) Pause Young (Allocation Failure) 85M->18M(2039M) 38.483ms
[2020-09-11T12:16:27.345+0000][1][gc,cpu       ] GC(11) User=0.02s Sys=0.00s Real=0.04s
[2020-09-11T12:16:27.363+0000][1][safepoint    ] Safepoint "GenCollectForAllocation", Time since last: 552275787 ns, Reaching safepoint: 107448 ns, At safepoint: 57443716 ns, Total: 57551164 ns
[2020-09-11T12:16:27.691+0000][1][gc,start     ] GC(12) Pause Young (Allocation Failure)
[2020-09-11T12:16:27.691+0000][1][gc,task      ] GC(12) Using 1 workers of 1 for evacuation
[2020-09-11T12:16:27.765+0000][1][gc,age       ] GC(12) Desired survivor size 4358144 bytes, new threshold 6 (max threshold 6)
[2020-09-11T12:16:27.765+0000][1][gc,age       ] GC(12) Age table with threshold 6 (max threshold 6)
[2020-09-11T12:16:27.765+0000][1][gc,age       ] GC(12) - age   1:     754336 bytes,     754336 total
[2020-09-11T12:16:27.765+0000][1][gc,age       ] GC(12) - age   2:     544344 bytes,    1298680 total
[2020-09-11T12:16:27.765+0000][1][gc,age       ] GC(12) - age   3:     403064 bytes,    1701744 total
[2020-09-11T12:16:27.765+0000][1][gc,age       ] GC(12) - age   4:     146376 bytes,    1848120 total
[2020-09-11T12:16:27.765+0000][1][gc,age       ] GC(12) - age   5:     828968 bytes,    2677088 total
[2020-09-11T12:16:27.765+0000][1][gc,age       ] GC(12) - age   6:     445472 bytes,    3122560 total
[2020-09-11T12:16:27.765+0000][1][gc,heap      ] GC(12) ParNew: 74553K->4683K(76672K)
[2020-09-11T12:16:27.765+0000][1][gc,heap      ] GC(12) CMS: 12590K->14090K(2011968K)
[2020-09-11T12:16:27.765+0000][1][gc,metaspace ] GC(12) Metaspace: 22593K->22593K(1071104K)
[2020-09-11T12:16:27.765+0000][1][gc           ] GC(12) Pause Young (Allocation Failure) 85M->18M(2039M) 74.148ms
[2020-09-11T12:16:27.765+0000][1][gc,cpu       ] GC(12) User=0.04s Sys=0.00s Real=0.08s
[2020-09-11T12:16:27.767+0000][1][safepoint    ] Safepoint "GenCollectForAllocation", Time since last: 327291892 ns, Reaching safepoint: 105323 ns, At safepoint: 76584827 ns, Total: 76690150 ns
[2020-09-11T12:16:28.112+0000][1][gc,start     ] GC(13) Pause Young (Allocation Failure)
[2020-09-11T12:16:28.112+0000][1][gc,task      ] GC(13) Using 1 workers of 1 for evacuation
[2020-09-11T12:16:28.192+0000][1][gc,age       ] GC(13) Desired survivor size 4358144 bytes, new threshold 6 (max threshold 6)
[2020-09-11T12:16:28.192+0000][1][gc,age       ] GC(13) Age table with threshold 6 (max threshold 6)
[2020-09-11T12:16:28.192+0000][1][gc,age       ] GC(13) - age   1:    2059176 bytes,    2059176 total
[2020-09-11T12:16:28.192+0000][1][gc,age       ] GC(13) - age   2:     203304 bytes,    2262480 total
[2020-09-11T12:16:28.192+0000][1][gc,age       ] GC(13) - age   3:     544232 bytes,    2806712 total
[2020-09-11T12:16:28.192+0000][1][gc,age       ] GC(13) - age   4:     403064 bytes,    3209776 total
[2020-09-11T12:16:28.192+0000][1][gc,age       ] GC(13) - age   5:     146376 bytes,    3356152 total
[2020-09-11T12:16:28.192+0000][1][gc,age       ] GC(13) - age   6:     828968 bytes,    4185120 total
[2020-09-11T12:16:28.192+0000][1][gc,heap      ] GC(13) ParNew: 72843K->6915K(76672K)
[2020-09-11T12:16:28.192+0000][1][gc,heap      ] GC(13) CMS: 14090K->14528K(2011968K)
[2020-09-11T12:16:28.192+0000][1][gc,metaspace ] GC(13) Metaspace: 22694K->22694K(1071104K)
[2020-09-11T12:16:28.192+0000][1][gc           ] GC(13) Pause Young (Allocation Failure) 84M->20M(2039M) 80.186ms
[2020-09-11T12:16:28.192+0000][1][gc,cpu       ] GC(13) User=0.04s Sys=0.00s Real=0.08s
[2020-09-11T12:16:28.192+0000][1][safepoint    ] Safepoint "GenCollectForAllocation", Time since last: 343999432 ns, Reaching safepoint: 112589 ns, At safepoint: 80247766 ns, Total: 80360355 ns
[2020-09-11T12:16:28.587+0000][1][gc,start     ] GC(14) Pause Young (Allocation Failure)
[2020-09-11T12:16:28.588+0000][1][gc,task      ] GC(14) Using 1 workers of 1 for evacuation
[2020-09-11T12:16:28.619+0000][1][gc,age       ] GC(14) Desired survivor size 4358144 bytes, new threshold 6 (max threshold 6)
[2020-09-11T12:16:28.619+0000][1][gc,age       ] GC(14) Age table with threshold 6 (max threshold 6)
[2020-09-11T12:16:28.619+0000][1][gc,age       ] GC(14) - age   1:    1067376 bytes,    1067376 total
[2020-09-11T12:16:28.619+0000][1][gc,age       ] GC(14) - age   2:     103416 bytes,    1170792 total
[2020-09-11T12:16:28.619+0000][1][gc,age       ] GC(14) - age   3:     203304 bytes,    1374096 total
[2020-09-11T12:16:28.619+0000][1][gc,age       ] GC(14) - age   4:     544232 bytes,    1918328 total
[2020-09-11T12:16:28.619+0000][1][gc,age       ] GC(14) - age   5:     403064 bytes,    2321392 total
[2020-09-11T12:16:28.619+0000][1][gc,age       ] GC(14) - age   6:     146376 bytes,    2467768 total
[2020-09-11T12:16:28.623+0000][1][gc,heap      ] GC(14) ParNew: 75075K->4794K(76672K)
[2020-09-11T12:16:28.624+0000][1][gc,heap      ] GC(14) CMS: 14528K->15344K(2011968K)
[2020-09-11T12:16:28.624+0000][1][gc,metaspace ] GC(14) Metaspace: 22773K->22773K(1071104K)
[2020-09-11T12:16:28.624+0000][1][gc           ] GC(14) Pause Young (Allocation Failure) 87M->19M(2039M) 36.124ms
[2020-09-11T12:16:28.624+0000][1][gc,cpu       ] GC(14) User=0.02s Sys=0.00s Real=0.04s
[2020-09-11T12:16:28.631+0000][1][safepoint    ] Safepoint "GenCollectForAllocation", Time since last: 395046022 ns, Reaching safepoint: 602764 ns, At safepoint: 44018677 ns, Total: 44621441 ns
[2020-09-11T12:16:28.961+0000][1][gc,start     ] GC(15) Pause Young (Allocation Failure)
[2020-09-11T12:16:28.961+0000][1][gc,task      ] GC(15) Using 1 workers of 1 for evacuation
[2020-09-11T12:16:29.003+0000][1][gc,age       ] GC(15) Desired survivor size 4358144 bytes, new threshold 6 (max threshold 6)
[2020-09-11T12:16:29.003+0000][1][gc,age       ] GC(15) Age table with threshold 6 (max threshold 6)
[2020-09-11T12:16:29.003+0000][1][gc,age       ] GC(15) - age   1:     436520 bytes,     436520 total
[2020-09-11T12:16:29.003+0000][1][gc,age       ] GC(15) - age   2:     315032 bytes,     751552 total
[2020-09-11T12:16:29.003+0000][1][gc,age       ] GC(15) - age   3:     103416 bytes,     854968 total
[2020-09-11T12:16:29.003+0000][1][gc,age       ] GC(15) - age   4:     203304 bytes,    1058272 total
[2020-09-11T12:16:29.003+0000][1][gc,age       ] GC(15) - age   5:     544232 bytes,    1602504 total
[2020-09-11T12:16:29.003+0000][1][gc,age       ] GC(15) - age   6:     403064 bytes,    2005568 total
[2020-09-11T12:16:29.003+0000][1][gc,heap      ] GC(15) ParNew: 72954K->3006K(76672K)
[2020-09-11T12:16:29.003+0000][1][gc,heap      ] GC(15) CMS: 15344K->15491K(2011968K)
[2020-09-11T12:16:29.003+0000][1][gc,metaspace ] GC(15) Metaspace: 22861K->22861K(1071104K)
[2020-09-11T12:16:29.003+0000][1][gc           ] GC(15) Pause Young (Allocation Failure) 86M->18M(2039M) 41.321ms
[2020-09-11T12:16:29.003+0000][1][gc,cpu       ] GC(15) User=0.02s Sys=0.00s Real=0.04s
[2020-09-11T12:16:29.021+0000][1][safepoint    ] Safepoint "GenCollectForAllocation", Time since last: 329773031 ns, Reaching safepoint: 103574 ns, At safepoint: 59643064 ns, Total: 59746638 ns
[2020-09-11T12:16:29.277+0000][1][gc,start     ] GC(16) Pause Young (Allocation Failure)
[2020-09-11T12:16:29.277+0000][1][gc,task      ] GC(16) Using 1 workers of 1 for evacuation
[2020-09-11T12:16:29.313+0000][1][gc,age       ] GC(16) Desired survivor size 4358144 bytes, new threshold 6 (max threshold 6)
[2020-09-11T12:16:29.319+0000][1][gc,age       ] GC(16) Age table with threshold 6 (max threshold 6)
[2020-09-11T12:16:29.319+0000][1][gc,age       ] GC(16) - age   1:    1876304 bytes,    1876304 total
[2020-09-11T12:16:29.319+0000][1][gc,age       ] GC(16) - age   2:     188488 bytes,    2064792 total
[2020-09-11T12:16:29.319+0000][1][gc,age       ] GC(16) - age   3:     315032 bytes,    2379824 total
[2020-09-11T12:16:29.319+0000][1][gc,age       ] GC(16) - age   4:     103416 bytes,    2483240 total
[2020-09-11T12:16:29.319+0000][1][gc,age       ] GC(16) - age   5:     203152 bytes,    2686392 total
[2020-09-11T12:16:29.319+0000][1][gc,age       ] GC(16) - age   6:     544232 bytes,    3230624 total
[2020-09-11T12:16:29.319+0000][1][gc,heap      ] GC(16) ParNew: 71166K->3689K(76672K)
[2020-09-11T12:16:29.320+0000][1][gc,heap      ] GC(16) CMS: 15491K->15890K(2011968K)
[2020-09-11T12:16:29.320+0000][1][gc,metaspace ] GC(16) Metaspace: 22878K->22878K(1071104K)
[2020-09-11T12:16:29.320+0000][1][gc           ] GC(16) Pause Young (Allocation Failure) 84M->19M(2039M) 42.495ms
[2020-09-11T12:16:29.320+0000][1][gc,cpu       ] GC(16) User=0.02s Sys=0.00s Real=0.04s
[2020-09-11T12:16:29.327+0000][1][safepoint    ] Safepoint "GenCollectForAllocation", Time since last: 255953293 ns, Reaching safepoint: 109535 ns, At safepoint: 50387447 ns, Total: 50496982 ns
[2020-09-11T12:16:29.378+0000][1][safepoint    ] Safepoint "Deoptimize", Time since last: 50559492 ns, Reaching safepoint: 109274 ns, At safepoint: 260224 ns, Total: 369498 ns
[2020-09-11T12:16:30.196+0000][1][safepoint    ] Safepoint "RevokeBias", Time since last: 817077104 ns, Reaching safepoint: 269192 ns, At safepoint: 17405 ns, Total: 286597 ns
[2020-09-11T12:16:30.196+0000][1][safepoint    ] Safepoint "RevokeBias", Time since last: 226294 ns, Reaching safepoint: 10131 ns, At safepoint: 7415 ns, Total: 17546 ns
[2020-09-11T12:16:31.072+0000][1][safepoint    ] Safepoint "Deoptimize", Time since last: 875946450 ns, Reaching safepoint: 122385 ns, At safepoint: 259552 ns, Total: 381937 ns
[2020-09-11T12:16:32.073+0000][1][safepoint    ] Safepoint "Cleanup", Time since last: 1000109394 ns, Reaching safepoint: 246804 ns, At safepoint: 7697 ns, Total: 254501 ns
[2020-09-11T12:16:33.073+0000][1][safepoint    ] Safepoint "Cleanup", Time since last: 1000108719 ns, Reaching safepoint: 254355 ns, At safepoint: 7593 ns, Total: 261948 ns
[2020-09-11T12:16:33.240+0000][1][gc,start     ] GC(17) Pause Young (Allocation Failure)
[2020-09-11T12:16:33.240+0000][1][gc,task      ] GC(17) Using 1 workers of 1 for evacuation
[2020-09-11T12:16:33.371+0000][1][gc,age       ] GC(17) Desired survivor size 4358144 bytes, new threshold 1 (max threshold 6)
[2020-09-11T12:16:33.372+0000][1][gc,age       ] GC(17) Age table with threshold 1 (max threshold 6)
[2020-09-11T12:16:33.372+0000][1][gc,age       ] GC(17) - age   1:    7634176 bytes,    7634176 total
[2020-09-11T12:16:33.372+0000][1][gc,age       ] GC(17) - age   2:      73112 bytes,    7707288 total
[2020-09-11T12:16:33.372+0000][1][gc,age       ] GC(17) - age   3:     187992 bytes,    7895280 total
[2020-09-11T12:16:33.372+0000][1][gc,age       ] GC(17) - age   4:     312704 bytes,    8207984 total
[2020-09-11T12:16:33.372+0000][1][gc,age       ] GC(17) - age   5:     103104 bytes,    8311088 total
[2020-09-11T12:16:33.372+0000][1][gc,age       ] GC(17) - age   6:     203152 bytes,    8514240 total
[2020-09-11T12:16:33.372+0000][1][gc,heap      ] GC(17) ParNew: 71849K->8482K(76672K)
[2020-09-11T12:16:33.372+0000][1][gc,heap      ] GC(17) CMS: 15890K->16428K(2011968K)
[2020-09-11T12:16:33.372+0000][1][gc,metaspace ] GC(17) Metaspace: 29649K->29649K(1077248K)
[2020-09-11T12:16:33.372+0000][1][gc           ] GC(17) Pause Young (Allocation Failure) 85M->24M(2039M) 131.946ms
[2020-09-11T12:16:33.372+0000][1][gc,cpu       ] GC(17) User=0.07s Sys=0.00s Real=0.13s
[2020-09-11T12:16:33.379+0000][1][safepoint    ] Safepoint "GenCollectForAllocation", Time since last: 166591653 ns, Reaching safepoint: 102322 ns, At safepoint: 139004622 ns, Total: 139106944 ns
[2020-09-11T12:16:34.400+0000][1][safepoint    ] Safepoint "Cleanup", Time since last: 1020685522 ns, Reaching safepoint: 132753 ns, At safepoint: 7651 ns, Total: 140404 ns
[2020-09-11T12:16:35.411+0000][1][safepoint    ] Safepoint "Cleanup", Time since last: 1003880462 ns, Reaching safepoint: 8016846 ns, At safepoint: 11804 ns, Total: 8028650 ns
[2020-09-11T12:16:36.017+0000][1][gc,start     ] GC(18) Pause Young (Allocation Failure)
[2020-09-11T12:16:36.018+0000][1][gc,task      ] GC(18) Using 1 workers of 1 for evacuation
[2020-09-11T12:16:36.141+0000][1][gc,age       ] GC(18) Desired survivor size 4358144 bytes, new threshold 1 (max threshold 6)
[2020-09-11T12:16:36.141+0000][1][gc,age       ] GC(18) Age table with threshold 1 (max threshold 6)
[2020-09-11T12:16:36.141+0000][1][gc,age       ] GC(18) - age   1:    8715136 bytes,    8715136 total
[2020-09-11T12:16:36.141+0000][1][gc,heap      ] GC(18) ParNew: 76642K->8512K(76672K)
[2020-09-11T12:16:36.141+0000][1][gc,heap      ] GC(18) CMS: 16428K->25206K(2011968K)
[2020-09-11T12:16:36.141+0000][1][gc,metaspace ] GC(18) Metaspace: 29844K->29844K(1077248K)
[2020-09-11T12:16:36.141+0000][1][gc           ] GC(18) Pause Young (Allocation Failure) 90M->32M(2039M) 123.729ms
[2020-09-11T12:16:36.141+0000][1][gc,cpu       ] GC(18) User=0.07s Sys=0.00s Real=0.12s
[2020-09-11T12:16:36.155+0000][1][safepoint    ] Safepoint "GenCollectForAllocation", Time since last: 605905511 ns, Reaching safepoint: 111675 ns, At safepoint: 137980137 ns, Total: 138091812 ns
[2020-09-11T12:16:37.164+0000][1][safepoint    ] Safepoint "Cleanup", Time since last: 1008098806 ns, Reaching safepoint: 304963 ns, At safepoint: 6344 ns, Total: 311307 ns
[2020-09-11T12:16:38.164+0000][1][safepoint    ] Safepoint "Cleanup", Time since last: 1000107985 ns, Reaching safepoint: 108747 ns, At safepoint: 5514 ns, Total: 114261 ns
[2020-09-11T12:16:38.324+0000][1][gc,start     ] GC(19) Pause Young (Allocation Failure)
[2020-09-11T12:16:38.324+0000][1][gc,task      ] GC(19) Using 1 workers of 1 for evacuation
[2020-09-11T12:16:38.434+0000][1][gc,age       ] GC(19) Desired survivor size 4358144 bytes, new threshold 1 (max threshold 6)
[2020-09-11T12:16:38.434+0000][1][gc,age       ] GC(19) Age table with threshold 1 (max threshold 6)
[2020-09-11T12:16:38.434+0000][1][gc,age       ] GC(19) - age   1:    8716256 bytes,    8716256 total
[2020-09-11T12:16:38.434+0000][1][gc,heap      ] GC(19) ParNew: 76672K->8512K(76672K)
[2020-09-11T12:16:38.434+0000][1][gc,heap      ] GC(19) CMS: 25206K->33683K(2011968K)
[2020-09-11T12:16:38.434+0000][1][gc,metaspace ] GC(19) Metaspace: 29870K->29870K(1077248K)
[2020-09-11T12:16:38.434+0000][1][gc           ] GC(19) Pause Young (Allocation Failure) 99M->41M(2039M) 110.498ms
[2020-09-11T12:16:38.434+0000][1][gc,cpu       ] GC(19) User=0.05s Sys=0.00s Real=0.10s
[2020-09-11T12:16:38.443+0000][1][safepoint    ] Safepoint "GenCollectForAllocation", Time since last: 159340401 ns, Reaching safepoint: 101301 ns, At safepoint: 119900623 ns, Total: 120001924 ns
[2020-09-11T12:16:39.456+0000][1][safepoint    ] Safepoint "Cleanup", Time since last: 1011979458 ns, Reaching safepoint: 136530 ns, At safepoint: 6900 ns, Total: 143430 ns
[2020-09-11T12:16:40.333+0000][1][gc,start     ] GC(20) Pause Young (Allocation Failure)
[2020-09-11T12:16:40.333+0000][1][gc,task      ] GC(20) Using 1 workers of 1 for evacuation
[2020-09-11T12:16:40.417+0000][1][gc,age       ] GC(20) Desired survivor size 4358144 bytes, new threshold 6 (max threshold 6)
[2020-09-11T12:16:40.417+0000][1][gc,age       ] GC(20) Age table with threshold 6 (max threshold 6)
[2020-09-11T12:16:40.417+0000][1][gc,age       ] GC(20) - age   1:    3714328 bytes,    3714328 total
[2020-09-11T12:16:40.417+0000][1][gc,heap      ] GC(20) ParNew: 76672K->8413K(76672K)
[2020-09-11T12:16:40.418+0000][1][gc,heap      ] GC(20) CMS: 33683K->41991K(2011968K)
[2020-09-11T12:16:40.418+0000][1][gc,metaspace ] GC(20) Metaspace: 32067K->32067K(1079296K)
[2020-09-11T12:16:40.418+0000][1][gc           ] GC(20) Pause Young (Allocation Failure) 107M->49M(2039M) 84.247ms
[2020-09-11T12:16:40.418+0000][1][gc,cpu       ] GC(20) User=0.04s Sys=0.00s Real=0.09s
[2020-09-11T12:16:40.426+0000][1][safepoint    ] Safepoint "GenCollectForAllocation", Time since last: 877527423 ns, Reaching safepoint: 202860 ns, At safepoint: 92747736 ns, Total: 92950596 ns
[2020-09-11T12:16:40.608+0000][1][safepoint    ] Safepoint "Deoptimize", Time since last: 181445466 ns, Reaching safepoint: 717520 ns, At safepoint: 280335 ns, Total: 997855 ns
[2020-09-11T12:16:41.614+0000][1][safepoint    ] Safepoint "Cleanup", Time since last: 1000117919 ns, Reaching safepoint: 5094688 ns, At safepoint: 7526 ns, Total: 5102214 ns
[2020-09-11T12:16:42.614+0000][1][safepoint    ] Safepoint "Cleanup", Time since last: 1000089362 ns, Reaching safepoint: 101944 ns, At safepoint: 5421 ns, Total: 107365 ns
[2020-09-11T12:16:42.741+0000][1][safepoint    ] Safepoint "Deoptimize", Time since last: 126462381 ns, Reaching safepoint: 110229 ns, At safepoint: 305480 ns, Total: 415709 ns
[2020-09-11T12:16:43.269+0000][1][gc,start     ] GC(21) Pause Young (Allocation Failure)
[2020-09-11T12:16:43.269+0000][1][gc,task      ] GC(21) Using 1 workers of 1 for evacuation
[2020-09-11T12:16:43.313+0000][1][gc,age       ] GC(21) Desired survivor size 4358144 bytes, new threshold 2 (max threshold 6)
[2020-09-11T12:16:43.314+0000][1][gc,age       ] GC(21) Age table with threshold 2 (max threshold 6)
[2020-09-11T12:16:43.314+0000][1][gc,age       ] GC(21) - age   1:    1069640 bytes,    1069640 total
[2020-09-11T12:16:43.314+0000][1][gc,age       ] GC(21) - age   2:    3620920 bytes,    4690560 total
[2020-09-11T12:16:43.314+0000][1][gc,heap      ] GC(21) ParNew: 76573K->6927K(76672K)
[2020-09-11T12:16:43.314+0000][1][gc,heap      ] GC(21) CMS: 41991K->41991K(2011968K)
[2020-09-11T12:16:43.314+0000][1][gc,metaspace ] GC(21) Metaspace: 32361K->32361K(1079296K)
[2020-09-11T12:16:43.314+0000][1][gc           ] GC(21) Pause Young (Allocation Failure) 115M->47M(2039M) 45.026ms
[2020-09-11T12:16:43.314+0000][1][gc,cpu       ] GC(21) User=0.02s Sys=0.00s Real=0.04s
[2020-09-11T12:16:43.323+0000][1][safepoint    ] Safepoint "GenCollectForAllocation", Time since last: 527668986 ns, Reaching safepoint: 119516 ns, At safepoint: 54898327 ns, Total: 55017843 ns
[2020-09-11T12:16:43.860+0000][1][gc,start     ] GC(22) Pause Young (Allocation Failure)
[2020-09-11T12:16:43.860+0000][1][gc,task      ] GC(22) Using 1 workers of 1 for evacuation
[2020-09-11T12:16:43.953+0000][1][gc,age       ] GC(22) Desired survivor size 4358144 bytes, new threshold 6 (max threshold 6)
[2020-09-11T12:16:43.953+0000][1][gc,age       ] GC(22) Age table with threshold 6 (max threshold 6)
[2020-09-11T12:16:43.953+0000][1][gc,age       ] GC(22) - age   1:     249728 bytes,     249728 total
[2020-09-11T12:16:43.953+0000][1][gc,age       ] GC(22) - age   2:     437936 bytes,     687664 total
[2020-09-11T12:16:43.953+0000][1][gc,heap      ] GC(22) ParNew: 75087K->4301K(76672K)
[2020-09-11T12:16:43.953+0000][1][gc,heap      ] GC(22) CMS: 41991K->45544K(2011968K)
[2020-09-11T12:16:43.953+0000][1][gc,metaspace ] GC(22) Metaspace: 32372K->32372K(1079296K)
[2020-09-11T12:16:43.953+0000][1][gc           ] GC(22) Pause Young (Allocation Failure) 114M->48M(2039M) 92.886ms
[2020-09-11T12:16:43.953+0000][1][gc,cpu       ] GC(22) User=0.05s Sys=0.00s Real=0.09s
[2020-09-11T12:16:43.953+0000][1][safepoint    ] Safepoint "GenCollectForAllocation", Time since last: 536708173 ns, Reaching safepoint: 120583 ns, At safepoint: 92972731 ns, Total: 93093314 ns
[2020-09-11T12:16:44.328+0000][1][gc,start     ] GC(23) Pause Young (Allocation Failure)
[2020-09-11T12:16:44.328+0000][1][gc,task      ] GC(23) Using 1 workers of 1 for evacuation
[2020-09-11T12:16:44.353+0000][1][gc,age       ] GC(23) Desired survivor size 4358144 bytes, new threshold 6 (max threshold 6)
[2020-09-11T12:16:44.353+0000][1][gc,age       ] GC(23) Age table with threshold 6 (max threshold 6)
[2020-09-11T12:16:44.353+0000][1][gc,age       ] GC(23) - age   1:        224 bytes,        224 total
[2020-09-11T12:16:44.353+0000][1][gc,age       ] GC(23) - age   2:     249432 bytes,     249656 total
[2020-09-11T12:16:44.353+0000][1][gc,age       ] GC(23) - age   3:     437936 bytes,     687592 total
[2020-09-11T12:16:44.353+0000][1][gc,heap      ] GC(23) ParNew: 72461K->1201K(76672K)
[2020-09-11T12:16:44.353+0000][1][gc,heap      ] GC(23) CMS: 45544K->45544K(2011968K)
[2020-09-11T12:16:44.353+0000][1][gc,metaspace ] GC(23) Metaspace: 32374K->32374K(1079296K)
[2020-09-11T12:16:44.353+0000][1][gc           ] GC(23) Pause Young (Allocation Failure) 115M->45M(2039M) 25.912ms
[2020-09-11T12:16:44.353+0000][1][gc,cpu       ] GC(23) User=0.01s Sys=0.00s Real=0.02s
[2020-09-11T12:16:44.367+0000][1][safepoint    ] Safepoint "GenCollectForAllocation", Time since last: 374189256 ns, Reaching safepoint: 105110 ns, At safepoint: 39645137 ns, Total: 39750247 ns
[2020-09-11T12:16:44.676+0000][1][gc,start     ] GC(24) Pause Young (Allocation Failure)
[2020-09-11T12:16:44.676+0000][1][gc,task      ] GC(24) Using 1 workers of 1 for evacuation
[2020-09-11T12:16:44.702+0000][1][gc,age       ] GC(24) Desired survivor size 4358144 bytes, new threshold 6 (max threshold 6)
[2020-09-11T12:16:44.702+0000][1][gc,age       ] GC(24) Age table with threshold 6 (max threshold 6)
[2020-09-11T12:16:44.702+0000][1][gc,age       ] GC(24) - age   1:        176 bytes,        176 total
[2020-09-11T12:16:44.702+0000][1][gc,age       ] GC(24) - age   3:     249432 bytes,     249608 total
[2020-09-11T12:16:44.702+0000][1][gc,age       ] GC(24) - age   4:     437936 bytes,     687544 total
[2020-09-11T12:16:44.702+0000][1][gc,heap      ] GC(24) ParNew: 69361K->1104K(76672K)
[2020-09-11T12:16:44.702+0000][1][gc,heap      ] GC(24) CMS: 45544K->45544K(2011968K)
[2020-09-11T12:16:44.702+0000][1][gc,metaspace ] GC(24) Metaspace: 32377K->32377K(1079296K)
[2020-09-11T12:16:44.702+0000][1][gc           ] GC(24) Pause Young (Allocation Failure) 112M->45M(2039M) 26.397ms
[2020-09-11T12:16:44.702+0000][1][gc,cpu       ] GC(24) User=0.02s Sys=0.00s Real=0.02s
[2020-09-11T12:16:44.715+0000][1][safepoint    ] Safepoint "GenCollectForAllocation", Time since last: 308220083 ns, Reaching safepoint: 96149 ns, At safepoint: 39929555 ns, Total: 40025704 ns
[2020-09-11T12:16:44.982+0000][1][gc,start     ] GC(25) Pause Young (Allocation Failure)
[2020-09-11T12:16:44.982+0000][1][gc,task      ] GC(25) Using 1 workers of 1 for evacuation
[2020-09-11T12:16:45.007+0000][1][gc,age       ] GC(25) Desired survivor size 4358144 bytes, new threshold 6 (max threshold 6)
[2020-09-11T12:16:45.007+0000][1][gc,age       ] GC(25) Age table with threshold 6 (max threshold 6)
[2020-09-11T12:16:45.007+0000][1][gc,age       ] GC(25) - age   1:         88 bytes,         88 total
[2020-09-11T12:16:45.007+0000][1][gc,age       ] GC(25) - age   4:     249432 bytes,     249520 total
[2020-09-11T12:16:45.007+0000][1][gc,age       ] GC(25) - age   5:     437936 bytes,     687456 total
[2020-09-11T12:16:45.010+0000][1][gc,heap      ] GC(25) ParNew: 69264K->1283K(76672K)
[2020-09-11T12:16:45.010+0000][1][gc,heap      ] GC(25) CMS: 45544K->45544K(2011968K)
[2020-09-11T12:16:45.010+0000][1][gc,metaspace ] GC(25) Metaspace: 32377K->32377K(1079296K)
[2020-09-11T12:16:45.010+0000][1][gc           ] GC(25) Pause Young (Allocation Failure) 112M->45M(2039M) 28.078ms
[2020-09-11T12:16:45.010+0000][1][gc,cpu       ] GC(25) User=0.02s Sys=0.00s Real=0.03s
[2020-09-11T12:16:45.019+0000][1][safepoint    ] Safepoint "GenCollectForAllocation", Time since last: 266212209 ns, Reaching safepoint: 101255 ns, At safepoint: 37677421 ns, Total: 37778676 ns
[2020-09-11T12:16:45.244+0000][1][gc,start     ] GC(26) Pause Young (Allocation Failure)
[2020-09-11T12:16:45.244+0000][1][gc,task      ] GC(26) Using 1 workers of 1 for evacuation
[2020-09-11T12:16:45.293+0000][1][gc,age       ] GC(26) Desired survivor size 4358144 bytes, new threshold 6 (max threshold 6)
[2020-09-11T12:16:45.293+0000][1][gc,age       ] GC(26) Age table with threshold 6 (max threshold 6)
[2020-09-11T12:16:45.293+0000][1][gc,age       ] GC(26) - age   1:        152 bytes,        152 total
[2020-09-11T12:16:45.293+0000][1][gc,age       ] GC(26) - age   5:     249432 bytes,     249584 total
[2020-09-11T12:16:45.293+0000][1][gc,age       ] GC(26) - age   6:     437936 bytes,     687520 total
[2020-09-11T12:16:45.293+0000][1][gc,heap      ] GC(26) ParNew: 69443K->824K(76672K)
[2020-09-11T12:16:45.293+0000][1][gc,heap      ] GC(26) CMS: 45544K->45544K(2011968K)
[2020-09-11T12:16:45.293+0000][1][gc,metaspace ] GC(26) Metaspace: 32377K->32377K(1079296K)
[2020-09-11T12:16:45.293+0000][1][gc           ] GC(26) Pause Young (Allocation Failure) 112M->45M(2039M) 49.829ms
[2020-09-11T12:16:45.293+0000][1][gc,cpu       ] GC(26) User=0.03s Sys=0.00s Real=0.04s
[2020-09-11T12:16:45.295+0000][1][safepoint    ] Safepoint "GenCollectForAllocation", Time since last: 223990863 ns, Reaching safepoint: 109260 ns, At safepoint: 51900671 ns, Total: 52009931 ns
[2020-09-11T12:16:45.520+0000][1][gc,start     ] GC(27) Pause Young (Allocation Failure)
[2020-09-11T12:16:45.520+0000][1][gc,task      ] GC(27) Using 1 workers of 1 for evacuation
[2020-09-11T12:16:45.558+0000][1][gc,age       ] GC(27) Desired survivor size 4358144 bytes, new threshold 6 (max threshold 6)
[2020-09-11T12:16:45.558+0000][1][gc,age       ] GC(27) Age table with threshold 6 (max threshold 6)
[2020-09-11T12:16:45.558+0000][1][gc,age       ] GC(27) - age   1:         88 bytes,         88 total
[2020-09-11T12:16:45.558+0000][1][gc,age       ] GC(27) - age   6:     249432 bytes,     249520 total
[2020-09-11T12:16:45.558+0000][1][gc,heap      ] GC(27) ParNew: 68984K->606K(76672K)
[2020-09-11T12:16:45.558+0000][1][gc,heap      ] GC(27) CMS: 45544K->45972K(2011968K)
[2020-09-11T12:16:45.558+0000][1][gc,metaspace ] GC(27) Metaspace: 32377K->32377K(1079296K)
[2020-09-11T12:16:45.558+0000][1][gc           ] GC(27) Pause Young (Allocation Failure) 111M->45M(2039M) 38.551ms
[2020-09-11T12:16:45.558+0000][1][gc,cpu       ] GC(27) User=0.02s Sys=0.00s Real=0.04s
[2020-09-11T12:16:45.566+0000][1][safepoint    ] Safepoint "GenCollectForAllocation", Time since last: 223984450 ns, Reaching safepoint: 96109 ns, At safepoint: 46898838 ns, Total: 46994947 ns
[2020-09-11T12:16:45.771+0000][1][gc,start     ] GC(28) Pause Young (Allocation Failure)
[2020-09-11T12:16:45.771+0000][1][gc,task      ] GC(28) Using 1 workers of 1 for evacuation
[2020-09-11T12:16:45.804+0000][1][gc,age       ] GC(28) Desired survivor size 4358144 bytes, new threshold 6 (max threshold 6)
[2020-09-11T12:16:45.804+0000][1][gc,age       ] GC(28) Age table with threshold 6 (max threshold 6)
[2020-09-11T12:16:45.804+0000][1][gc,age       ] GC(28) - age   1:         96 bytes,         96 total
[2020-09-11T12:16:45.804+0000][1][gc,heap      ] GC(28) ParNew: 68766K->243K(76672K)
[2020-09-11T12:16:45.804+0000][1][gc,heap      ] GC(28) CMS: 45972K->46216K(2011968K)
[2020-09-11T12:16:45.804+0000][1][gc,metaspace ] GC(28) Metaspace: 32377K->32377K(1079296K)
[2020-09-11T12:16:45.804+0000][1][gc           ] GC(28) Pause Young (Allocation Failure) 112M->45M(2039M) 32.675ms
[2020-09-11T12:16:45.804+0000][1][gc,cpu       ] GC(28) User=0.02s Sys=0.00s Real=0.04s
[2020-09-11T12:16:45.811+0000][1][safepoint    ] Safepoint "GenCollectForAllocation", Time since last: 204544198 ns, Reaching safepoint: 113656 ns, At safepoint: 40368937 ns, Total: 40482593 ns
[2020-09-11T12:16:46.004+0000][1][gc,start     ] GC(29) Pause Young (Allocation Failure)
[2020-09-11T12:16:46.004+0000][1][gc,task      ] GC(29) Using 1 workers of 1 for evacuation
[2020-09-11T12:16:46.042+0000][1][gc,age       ] GC(29) Desired survivor size 4358144 bytes, new threshold 6 (max threshold 6)
[2020-09-11T12:16:46.042+0000][1][gc,age       ] GC(29) Age table with threshold 6 (max threshold 6)
[2020-09-11T12:16:46.042+0000][1][gc,age       ] GC(29) - age   1:        176 bytes,        176 total
[2020-09-11T12:16:46.042+0000][1][gc,heap      ] GC(29) ParNew: 68403K->60K(76672K)
[2020-09-11T12:16:46.042+0000][1][gc,heap      ] GC(29) CMS: 46216K->46216K(2011968K)
[2020-09-11T12:16:46.042+0000][1][gc,metaspace ] GC(29) Metaspace: 32377K->32377K(1079296K)
[2020-09-11T12:16:46.042+0000][1][gc           ] GC(29) Pause Young (Allocation Failure) 111M->45M(2039M) 38.960ms
[2020-09-11T12:16:46.043+0000][1][gc,cpu       ] GC(29) User=0.02s Sys=0.00s Real=0.03s
[2020-09-11T12:16:46.055+0000][1][safepoint    ] Safepoint "GenCollectForAllocation", Time since last: 191981458 ns, Reaching safepoint: 99985 ns, At safepoint: 51906446 ns, Total: 52006431 ns
[2020-09-11T12:16:46.249+0000][1][gc,start     ] GC(30) Pause Young (Allocation Failure)
[2020-09-11T12:16:46.249+0000][1][gc,task      ] GC(30) Using 1 workers of 1 for evacuation
[2020-09-11T12:16:46.290+0000][1][gc,age       ] GC(30) Desired survivor size 4358144 bytes, new threshold 6 (max threshold 6)
[2020-09-11T12:16:46.290+0000][1][gc,age       ] GC(30) Age table with threshold 6 (max threshold 6)
[2020-09-11T12:16:46.290+0000][1][gc,age       ] GC(30) - age   1:        192 bytes,        192 total
[2020-09-11T12:16:46.290+0000][1][gc,heap      ] GC(30) ParNew: 68220K->15K(76672K)
[2020-09-11T12:16:46.290+0000][1][gc,heap      ] GC(30) CMS: 46216K->46216K(2011968K)
[2020-09-11T12:16:46.290+0000][1][gc,metaspace ] GC(30) Metaspace: 32377K->32377K(1079296K)
[2020-09-11T12:16:46.290+0000][1][gc           ] GC(30) Pause Young (Allocation Failure) 111M->45M(2039M) 41.192ms
[2020-09-11T12:16:46.290+0000][1][gc,cpu       ] GC(30) User=0.02s Sys=0.00s Real=0.04s
[2020-09-11T12:16:46.303+0000][1][safepoint    ] Safepoint "GenCollectForAllocation", Time since last: 193063157 ns, Reaching safepoint: 96553 ns, At safepoint: 54826581 ns, Total: 54923134 ns
[2020-09-11T12:16:46.491+0000][1][gc,start     ] GC(31) Pause Young (Allocation Failure)
[2020-09-11T12:16:46.491+0000][1][gc,task      ] GC(31) Using 1 workers of 1 for evacuation
[2020-09-11T12:16:46.513+0000][1][gc,age       ] GC(31) Desired survivor size 4358144 bytes, new threshold 6 (max threshold 6)
[2020-09-11T12:16:46.513+0000][1][gc,age       ] GC(31) Age table with threshold 6 (max threshold 6)
[2020-09-11T12:16:46.513+0000][1][gc,age       ] GC(31) - age   1:        216 bytes,        216 total
[2020-09-11T12:16:46.513+0000][1][gc,heap      ] GC(31) ParNew: 68175K->3K(76672K)
[2020-09-11T12:16:46.513+0000][1][gc,heap      ] GC(31) CMS: 46216K->46216K(2011968K)
[2020-09-11T12:16:46.513+0000][1][gc,metaspace ] GC(31) Metaspace: 32377K->32377K(1079296K)
[2020-09-11T12:16:46.513+0000][1][gc           ] GC(31) Pause Young (Allocation Failure) 111M->45M(2039M) 21.542ms
[2020-09-11T12:16:46.513+0000][1][gc,cpu       ] GC(31) User=0.01s Sys=0.00s Real=0.02s
[2020-09-11T12:16:46.513+0000][1][safepoint    ] Safepoint "GenCollectForAllocation", Time since last: 184355323 ns, Reaching safepoint: 3664350 ns, At safepoint: 21602838 ns, Total: 25267188 ns
[2020-09-11T12:16:46.624+0000][1][gc,start     ] GC(32) Pause Young (Allocation Failure)
[2020-09-11T12:16:46.624+0000][1][gc,task      ] GC(32) Using 1 workers of 1 for evacuation
[2020-09-11T12:16:46.648+0000][1][gc,age       ] GC(32) Desired survivor size 4358144 bytes, new threshold 6 (max threshold 6)
[2020-09-11T12:16:46.648+0000][1][gc,age       ] GC(32) Age table with threshold 6 (max threshold 6)
[2020-09-11T12:16:46.648+0000][1][gc,age       ] GC(32) - age   1:        432 bytes,        432 total
[2020-09-11T12:16:46.648+0000][1][gc,heap      ] GC(32) ParNew: 68163K->2K(76672K)
[2020-09-11T12:16:46.648+0000][1][gc,heap      ] GC(32) CMS: 46216K->46216K(2011968K)
[2020-09-11T12:16:46.648+0000][1][gc,metaspace ] GC(32) Metaspace: 32377K->32377K(1079296K)
[2020-09-11T12:16:46.648+0000][1][gc           ] GC(32) Pause Young (Allocation Failure) 111M->45M(2039M) 24.613ms
[2020-09-11T12:16:46.648+0000][1][gc,cpu       ] GC(32) User=0.01s Sys=0.00s Real=0.02s
[2020-09-11T12:16:46.648+0000][1][safepoint    ] Safepoint "GenCollectForAllocation", Time since last: 110375951 ns, Reaching safepoint: 99414 ns, At safepoint: 24671220 ns, Total: 24770634 ns
[2020-09-11T12:16:46.748+0000][1][gc,start     ] GC(33) Pause Young (Allocation Failure)
[2020-09-11T12:16:46.748+0000][1][gc,task      ] GC(33) Using 1 workers of 1 for evacuation
[2020-09-11T12:16:46.772+0000][1][gc,age       ] GC(33) Desired survivor size 4358144 bytes, new threshold 6 (max threshold 6)
[2020-09-11T12:16:46.772+0000][1][gc,age       ] GC(33) Age table with threshold 6 (max threshold 6)
[2020-09-11T12:16:46.772+0000][1][gc,age       ] GC(33) - age   1:        224 bytes,        224 total
[2020-09-11T12:16:46.772+0000][1][gc,age       ] GC(33) - age   2:        208 bytes,        432 total
[2020-09-11T12:16:46.772+0000][1][gc,heap      ] GC(33) ParNew: 68162K->2K(76672K)
[2020-09-11T12:16:46.772+0000][1][gc,heap      ] GC(33) CMS: 46216K->46216K(2011968K)
[2020-09-11T12:16:46.772+0000][1][gc,metaspace ] GC(33) Metaspace: 32377K->32377K(1079296K)
[2020-09-11T12:16:46.772+0000][1][gc           ] GC(33) Pause Young (Allocation Failure) 111M->45M(2039M) 24.867ms
[2020-09-11T12:16:46.772+0000][1][gc,cpu       ] GC(33) User=0.01s Sys=0.00s Real=0.02s
[2020-09-11T12:16:46.772+0000][1][safepoint    ] Safepoint "GenCollectForAllocation", Time since last: 99244577 ns, Reaching safepoint: 102411 ns, At safepoint: 24927396 ns, Total: 25029807 ns
[2020-09-11T12:16:47.788+0000][1][safepoint    ] Safepoint "Cleanup", Time since last: 1015058005 ns, Reaching safepoint: 186435 ns, At safepoint: 6140 ns, Total: 192575 ns
[2020-09-11T12:16:48.788+0000][1][safepoint    ] Safepoint "Cleanup", Time since last: 1000093287 ns, Reaching safepoint: 113884 ns, At safepoint: 6594 ns, Total: 120478 ns
[2020-09-11T12:16:49.032+0000][1][gc,start     ] GC(34) Pause Young (Allocation Failure)
[2020-09-11T12:16:49.032+0000][1][gc,task      ] GC(34) Using 1 workers of 1 for evacuation
[2020-09-11T12:16:49.057+0000][1][gc,age       ] GC(34) Desired survivor size 4358144 bytes, new threshold 6 (max threshold 6)
[2020-09-11T12:16:49.057+0000][1][gc,age       ] GC(34) Age table with threshold 6 (max threshold 6)
[2020-09-11T12:16:49.057+0000][1][gc,age       ] GC(34) - age   1:     277968 bytes,     277968 total
[2020-09-11T12:16:49.057+0000][1][gc,age       ] GC(34) - age   3:        208 bytes,     278176 total
[2020-09-11T12:16:49.057+0000][1][gc,heap      ] GC(34) ParNew: 68162K->273K(76672K)
[2020-09-11T12:16:49.057+0000][1][gc,heap      ] GC(34) CMS: 46216K->46216K(2011968K)
[2020-09-11T12:16:49.057+0000][1][gc,metaspace ] GC(34) Metaspace: 32397K->32397K(1079296K)
[2020-09-11T12:16:49.057+0000][1][gc           ] GC(34) Pause Young (Allocation Failure) 111M->45M(2039M) 25.282ms
[2020-09-11T12:16:49.057+0000][1][gc,cpu       ] GC(34) User=0.01s Sys=0.00s Real=0.03s
[2020-09-11T12:16:49.071+0000][1][safepoint    ] Safepoint "GenCollectForAllocation", Time since last: 243531097 ns, Reaching safepoint: 107885 ns, At safepoint: 39862389 ns, Total: 39970274 ns
[2020-09-11T12:16:49.951+0000][1][gc,start     ] GC(35) Pause Young (Allocation Failure)
[2020-09-11T12:16:49.951+0000][1][gc,task      ] GC(35) Using 1 workers of 1 for evacuation
[2020-09-11T12:16:49.977+0000][1][gc,age       ] GC(35) Desired survivor size 4358144 bytes, new threshold 6 (max threshold 6)
[2020-09-11T12:16:49.977+0000][1][gc,age       ] GC(35) Age table with threshold 6 (max threshold 6)
[2020-09-11T12:16:49.977+0000][1][gc,age       ] GC(35) - age   1:     510832 bytes,     510832 total
[2020-09-11T12:16:49.977+0000][1][gc,age       ] GC(35) - age   2:     184176 bytes,     695008 total
[2020-09-11T12:16:49.977+0000][1][gc,age       ] GC(35) - age   4:        208 bytes,     695216 total
[2020-09-11T12:16:49.977+0000][1][gc,heap      ] GC(35) ParNew: 68433K->681K(76672K)
[2020-09-11T12:16:49.977+0000][1][gc,heap      ] GC(35) CMS: 46216K->46216K(2011968K)
[2020-09-11T12:16:49.977+0000][1][gc,metaspace ] GC(35) Metaspace: 32397K->32397K(1079296K)
[2020-09-11T12:16:49.977+0000][1][gc           ] GC(35) Pause Young (Allocation Failure) 111M->45M(2039M) 25.975ms
[2020-09-11T12:16:49.977+0000][1][gc,cpu       ] GC(35) User=0.01s Sys=0.00s Real=0.03s
[2020-09-11T12:16:49.991+0000][1][safepoint    ] Safepoint "GenCollectForAllocation", Time since last: 877512136 ns, Reaching safepoint: 2050574 ns, At safepoint: 40433203 ns, Total: 42483777 ns
[2020-09-11T12:16:50.564+0000][1][gc,start     ] GC(36) Pause Young (Allocation Failure)
[2020-09-11T12:16:50.564+0000][1][gc,task      ] GC(36) Using 1 workers of 1 for evacuation
[2020-09-11T12:16:50.586+0000][1][gc,age       ] GC(36) Desired survivor size 4358144 bytes, new threshold 6 (max threshold 6)
[2020-09-11T12:16:50.586+0000][1][gc,age       ] GC(36) Age table with threshold 6 (max threshold 6)
[2020-09-11T12:16:50.586+0000][1][gc,age       ] GC(36) - age   1:     641296 bytes,     641296 total
[2020-09-11T12:16:50.586+0000][1][gc,age       ] GC(36) - age   2:     339856 bytes,     981152 total
[2020-09-11T12:16:50.586+0000][1][gc,age       ] GC(36) - age   3:     183456 bytes,    1164608 total
[2020-09-11T12:16:50.586+0000][1][gc,age       ] GC(36) - age   5:        208 bytes,    1164816 total
[2020-09-11T12:16:50.586+0000][1][gc,heap      ] GC(36) ParNew: 68841K->1155K(76672K)
[2020-09-11T12:16:50.586+0000][1][gc,heap      ] GC(36) CMS: 46216K->46216K(2011968K)
[2020-09-11T12:16:50.586+0000][1][gc,metaspace ] GC(36) Metaspace: 32398K->32398K(1079296K)
[2020-09-11T12:16:50.587+0000][1][gc           ] GC(36) Pause Young (Allocation Failure) 112M->46M(2039M) 22.974ms
[2020-09-11T12:16:50.587+0000][1][gc,cpu       ] GC(36) User=0.01s Sys=0.00s Real=0.02s
[2020-09-11T12:16:50.597+0000][1][safepoint    ] Safepoint "GenCollectForAllocation", Time since last: 572022277 ns, Reaching safepoint: 103234 ns, At safepoint: 33253629 ns, Total: 33356863 ns
[2020-09-11T12:16:51.122+0000][1][gc,start     ] GC(37) Pause Young (Allocation Failure)
[2020-09-11T12:16:51.122+0000][1][gc,task      ] GC(37) Using 1 workers of 1 for evacuation
[2020-09-11T12:16:51.155+0000][1][gc,age       ] GC(37) Desired survivor size 4358144 bytes, new threshold 6 (max threshold 6)
[2020-09-11T12:16:51.155+0000][1][gc,age       ] GC(37) Age table with threshold 6 (max threshold 6)
[2020-09-11T12:16:51.155+0000][1][gc,age       ] GC(37) - age   1:     621296 bytes,     621296 total
[2020-09-11T12:16:51.155+0000][1][gc,age       ] GC(37) - age   2:     301488 bytes,     922784 total
[2020-09-11T12:16:51.155+0000][1][gc,age       ] GC(37) - age   3:     339672 bytes,    1262456 total
[2020-09-11T12:16:51.155+0000][1][gc,age       ] GC(37) - age   4:     183152 bytes,    1445608 total
[2020-09-11T12:16:51.155+0000][1][gc,age       ] GC(37) - age   6:        208 bytes,    1445816 total
[2020-09-11T12:16:51.155+0000][1][gc,heap      ] GC(37) ParNew: 69315K->1499K(76672K)
[2020-09-11T12:16:51.155+0000][1][gc,heap      ] GC(37) CMS: 46216K->46216K(2011968K)
[2020-09-11T12:16:51.155+0000][1][gc,metaspace ] GC(37) Metaspace: 32399K->32399K(1079296K)
[2020-09-11T12:16:51.155+0000][1][gc           ] GC(37) Pause Young (Allocation Failure) 112M->46M(2039M) 33.253ms
[2020-09-11T12:16:51.155+0000][1][gc,cpu       ] GC(37) User=0.01s Sys=0.00s Real=0.03s
[2020-09-11T12:16:51.167+0000][1][safepoint    ] Safepoint "GenCollectForAllocation", Time since last: 524853590 ns, Reaching safepoint: 103493 ns, At safepoint: 45690555 ns, Total: 45794048 ns
[2020-09-11T12:16:51.582+0000][1][gc,start     ] GC(38) Pause Young (Allocation Failure)
[2020-09-11T12:16:51.582+0000][1][gc,task      ] GC(38) Using 1 workers of 1 for evacuation
[2020-09-11T12:16:51.616+0000][1][gc,age       ] GC(38) Desired survivor size 4358144 bytes, new threshold 6 (max threshold 6)
[2020-09-11T12:16:51.616+0000][1][gc,age       ] GC(38) Age table with threshold 6 (max threshold 6)
[2020-09-11T12:16:51.616+0000][1][gc,age       ] GC(38) - age   1:     968832 bytes,     968832 total
[2020-09-11T12:16:51.616+0000][1][gc,age       ] GC(38) - age   2:     264832 bytes,    1233664 total
[2020-09-11T12:16:51.616+0000][1][gc,age       ] GC(38) - age   3:     297464 bytes,    1531128 total
[2020-09-11T12:16:51.616+0000][1][gc,age       ] GC(38) - age   4:     339592 bytes,    1870720 total
[2020-09-11T12:16:51.616+0000][1][gc,age       ] GC(38) - age   5:     183048 bytes,    2053768 total
[2020-09-11T12:16:51.616+0000][1][gc,heap      ] GC(38) ParNew: 69659K->2138K(76672K)
[2020-09-11T12:16:51.617+0000][1][gc,heap      ] GC(38) CMS: 46216K->46216K(2011968K)
[2020-09-11T12:16:51.617+0000][1][gc,metaspace ] GC(38) Metaspace: 32399K->32399K(1079296K)
[2020-09-11T12:16:51.617+0000][1][gc           ] GC(38) Pause Young (Allocation Failure) 113M->47M(2039M) 34.220ms
[2020-09-11T12:16:51.617+0000][1][gc,cpu       ] GC(38) User=0.02s Sys=0.00s Real=0.04s
[2020-09-11T12:16:51.627+0000][1][safepoint    ] Safepoint "GenCollectForAllocation", Time since last: 414752003 ns, Reaching safepoint: 115170 ns, At safepoint: 45124084 ns, Total: 45239254 ns
[2020-09-11T12:16:51.859+0000][1][gc,start     ] GC(39) Pause Young (Allocation Failure)
[2020-09-11T12:16:51.859+0000][1][gc,task      ] GC(39) Using 1 workers of 1 for evacuation
[2020-09-11T12:16:51.884+0000][1][gc,age       ] GC(39) Desired survivor size 4358144 bytes, new threshold 6 (max threshold 6)
[2020-09-11T12:16:51.884+0000][1][gc,age       ] GC(39) Age table with threshold 6 (max threshold 6)
[2020-09-11T12:16:51.884+0000][1][gc,age       ] GC(39) - age   1:     311120 bytes,     311120 total
[2020-09-11T12:16:51.884+0000][1][gc,age       ] GC(39) - age   2:     955600 bytes,    1266720 total
[2020-09-11T12:16:51.884+0000][1][gc,age       ] GC(39) - age   3:     263496 bytes,    1530216 total
[2020-09-11T12:16:51.884+0000][1][gc,age       ] GC(39) - age   4:     296976 bytes,    1827192 total
[2020-09-11T12:16:51.884+0000][1][gc,age       ] GC(39) - age   5:     339256 bytes,    2166448 total
[2020-09-11T12:16:51.884+0000][1][gc,age       ] GC(39) - age   6:     183008 bytes,    2349456 total
[2020-09-11T12:16:51.884+0000][1][gc,heap      ] GC(39) ParNew: 70298K->2402K(76672K)
[2020-09-11T12:16:51.884+0000][1][gc,heap      ] GC(39) CMS: 46216K->46216K(2011968K)
[2020-09-11T12:16:51.884+0000][1][gc,metaspace ] GC(39) Metaspace: 32399K->32399K(1079296K)
[2020-09-11T12:16:51.884+0000][1][gc           ] GC(39) Pause Young (Allocation Failure) 113M->47M(2039M) 24.776ms
[2020-09-11T12:16:51.884+0000][1][gc,cpu       ] GC(39) User=0.01s Sys=0.00s Real=0.03s
[2020-09-11T12:16:51.884+0000][1][safepoint    ] Safepoint "GenCollectForAllocation", Time since last: 230638399 ns, Reaching safepoint: 1349945 ns, At safepoint: 24836111 ns, Total: 26186056 ns
[2020-09-11T12:16:52.384+0000][1][gc,start     ] GC(40) Pause Young (Allocation Failure)
[2020-09-11T12:16:52.384+0000][1][gc,task      ] GC(40) Using 1 workers of 1 for evacuation
[2020-09-11T12:16:52.411+0000][1][gc,age       ] GC(40) Desired survivor size 4358144 bytes, new threshold 6 (max threshold 6)
[2020-09-11T12:16:52.411+0000][1][gc,age       ] GC(40) Age table with threshold 6 (max threshold 6)
[2020-09-11T12:16:52.411+0000][1][gc,age       ] GC(40) - age   1:     349464 bytes,     349464 total
[2020-09-11T12:16:52.411+0000][1][gc,age       ] GC(40) - age   2:     302560 bytes,     652024 total
[2020-09-11T12:16:52.411+0000][1][gc,age       ] GC(40) - age   3:     955272 bytes,    1607296 total
[2020-09-11T12:16:52.411+0000][1][gc,age       ] GC(40) - age   4:     263392 bytes,    1870688 total
[2020-09-11T12:16:52.411+0000][1][gc,age       ] GC(40) - age   5:     296856 bytes,    2167544 total
[2020-09-11T12:16:52.411+0000][1][gc,age       ] GC(40) - age   6:     339256 bytes,    2506800 total
[2020-09-11T12:16:52.411+0000][1][gc,heap      ] GC(40) ParNew: 70562K->2475K(76672K)
[2020-09-11T12:16:52.411+0000][1][gc,heap      ] GC(40) CMS: 46216K->46392K(2011968K)
[2020-09-11T12:16:52.411+0000][1][gc,metaspace ] GC(40) Metaspace: 32400K->32400K(1079296K)
[2020-09-11T12:16:52.411+0000][1][gc           ] GC(40) Pause Young (Allocation Failure) 114M->47M(2039M) 27.767ms
[2020-09-11T12:16:52.411+0000][1][gc,cpu       ] GC(40) User=0.01s Sys=0.00s Real=0.02s
[2020-09-11T12:16:52.423+0000][1][safepoint    ] Safepoint "GenCollectForAllocation", Time since last: 499171065 ns, Reaching safepoint: 126106 ns, At safepoint: 39905810 ns, Total: 40031916 ns
[2020-09-11T12:16:52.531+0000][1][gc,start     ] GC(41) Pause Young (Allocation Failure)
[2020-09-11T12:16:52.532+0000][1][gc,task      ] GC(41) Using 1 workers of 1 for evacuation
[2020-09-11T12:16:52.553+0000][1][gc,age       ] GC(41) Desired survivor size 4358144 bytes, new threshold 6 (max threshold 6)
[2020-09-11T12:16:52.553+0000][1][gc,age       ] GC(41) Age table with threshold 6 (max threshold 6)
[2020-09-11T12:16:52.553+0000][1][gc,age       ] GC(41) - age   1:        336 bytes,        336 total
[2020-09-11T12:16:52.553+0000][1][gc,age       ] GC(41) - age   2:     349144 bytes,     349480 total
[2020-09-11T12:16:52.553+0000][1][gc,age       ] GC(41) - age   3:     302560 bytes,     652040 total
[2020-09-11T12:16:52.553+0000][1][gc,age       ] GC(41) - age   4:     955272 bytes,    1607312 total
[2020-09-11T12:16:52.553+0000][1][gc,age       ] GC(41) - age   5:     263392 bytes,    1870704 total
[2020-09-11T12:16:52.553+0000][1][gc,age       ] GC(41) - age   6:     296856 bytes,    2167560 total
[2020-09-11T12:16:52.553+0000][1][gc,heap      ] GC(41) ParNew: 70635K->2575K(76672K)
[2020-09-11T12:16:52.553+0000][1][gc,heap      ] GC(41) CMS: 46392K->46724K(2011968K)
[2020-09-11T12:16:52.553+0000][1][gc,metaspace ] GC(41) Metaspace: 32400K->32400K(1079296K)
[2020-09-11T12:16:52.553+0000][1][gc           ] GC(41) Pause Young (Allocation Failure) 114M->48M(2039M) 21.622ms
[2020-09-11T12:16:52.553+0000][1][gc,cpu       ] GC(41) User=0.01s Sys=0.00s Real=0.02s
[2020-09-11T12:16:52.553+0000][1][safepoint    ] Safepoint "GenCollectForAllocation", Time since last: 103164805 ns, Reaching safepoint: 4819489 ns, At safepoint: 21693125 ns, Total: 26512614 ns
[2020-09-11T12:16:52.660+0000][1][gc,start     ] GC(42) Pause Young (Allocation Failure)
[2020-09-11T12:16:52.660+0000][1][gc,task      ] GC(42) Using 1 workers of 1 for evacuation
[2020-09-11T12:16:52.685+0000][1][gc,age       ] GC(42) Desired survivor size 4358144 bytes, new threshold 6 (max threshold 6)
[2020-09-11T12:16:52.685+0000][1][gc,age       ] GC(42) Age table with threshold 6 (max threshold 6)
[2020-09-11T12:16:52.685+0000][1][gc,age       ] GC(42) - age   1:        224 bytes,        224 total
[2020-09-11T12:16:52.685+0000][1][gc,age       ] GC(42) - age   2:        160 bytes,        384 total
[2020-09-11T12:16:52.685+0000][1][gc,age       ] GC(42) - age   3:     349144 bytes,     349528 total
[2020-09-11T12:16:52.685+0000][1][gc,age       ] GC(42) - age   4:     302560 bytes,     652088 total
[2020-09-11T12:16:52.685+0000][1][gc,age       ] GC(42) - age   5:     955272 bytes,    1607360 total
[2020-09-11T12:16:52.685+0000][1][gc,age       ] GC(42) - age   6:     263392 bytes,    1870752 total
[2020-09-11T12:16:52.685+0000][1][gc,heap      ] GC(42) ParNew: 70735K->2886K(76672K)
[2020-09-11T12:16:52.685+0000][1][gc,heap      ] GC(42) CMS: 46724K->47014K(2011968K)
[2020-09-11T12:16:52.685+0000][1][gc,metaspace ] GC(42) Metaspace: 32400K->32400K(1079296K)
[2020-09-11T12:16:52.685+0000][1][gc           ] GC(42) Pause Young (Allocation Failure) 114M->48M(2039M) 25.382ms
[2020-09-11T12:16:52.685+0000][1][gc,cpu       ] GC(42) User=0.01s Sys=0.00s Real=0.03s
[2020-09-11T12:16:52.685+0000][1][safepoint    ] Safepoint "GenCollectForAllocation", Time since last: 106269416 ns, Reaching safepoint: 105843 ns, At safepoint: 25460769 ns, Total: 25566612 ns
[2020-09-11T12:16:52.787+0000][1][gc,start     ] GC(43) Pause Young (Allocation Failure)
[2020-09-11T12:16:52.788+0000][1][gc,task      ] GC(43) Using 1 workers of 1 for evacuation
[2020-09-11T12:16:52.810+0000][1][gc,age       ] GC(43) Desired survivor size 4358144 bytes, new threshold 6 (max threshold 6)
[2020-09-11T12:16:52.810+0000][1][gc,age       ] GC(43) Age table with threshold 6 (max threshold 6)
[2020-09-11T12:16:52.810+0000][1][gc,age       ] GC(43) - age   1:        152 bytes,        152 total
[2020-09-11T12:16:52.810+0000][1][gc,age       ] GC(43) - age   3:        160 bytes,        312 total
[2020-09-11T12:16:52.810+0000][1][gc,age       ] GC(43) - age   4:     349144 bytes,     349456 total
[2020-09-11T12:16:52.810+0000][1][gc,age       ] GC(43) - age   5:     302560 bytes,     652016 total
[2020-09-11T12:16:52.810+0000][1][gc,age       ] GC(43) - age   6:     955272 bytes,    1607288 total
[2020-09-11T12:16:52.810+0000][1][gc,heap      ] GC(43) ParNew: 71046K->2209K(76672K)
[2020-09-11T12:16:52.810+0000][1][gc,heap      ] GC(43) CMS: 47014K->47271K(2011968K)
[2020-09-11T12:16:52.810+0000][1][gc,metaspace ] GC(43) Metaspace: 32400K->32400K(1079296K)
[2020-09-11T12:16:52.810+0000][1][gc           ] GC(43) Pause Young (Allocation Failure) 115M->48M(2039M) 22.560ms
[2020-09-11T12:16:52.810+0000][1][gc,cpu       ] GC(43) User=0.01s Sys=0.00s Real=0.02s
[2020-09-11T12:16:52.810+0000][1][safepoint    ] Safepoint "GenCollectForAllocation", Time since last: 99870634 ns, Reaching safepoint: 2586634 ns, At safepoint: 22622022 ns, Total: 25208656 ns
[2020-09-11T12:16:52.915+0000][1][gc,start     ] GC(44) Pause Young (Allocation Failure)
[2020-09-11T12:16:52.915+0000][1][gc,task      ] GC(44) Using 1 workers of 1 for evacuation
[2020-09-11T12:16:52.931+0000][1][gc,age       ] GC(44) Desired survivor size 4358144 bytes, new threshold 6 (max threshold 6)
[2020-09-11T12:16:52.931+0000][1][gc,age       ] GC(44) Age table with threshold 6 (max threshold 6)
[2020-09-11T12:16:52.931+0000][1][gc,age       ] GC(44) - age   1:        224 bytes,        224 total
[2020-09-11T12:16:52.931+0000][1][gc,age       ] GC(44) - age   4:        160 bytes,        384 total
[2020-09-11T12:16:52.931+0000][1][gc,age       ] GC(44) - age   5:     349144 bytes,     349528 total
[2020-09-11T12:16:52.931+0000][1][gc,age       ] GC(44) - age   6:     302560 bytes,     652088 total
[2020-09-11T12:16:52.931+0000][1][gc,heap      ] GC(44) ParNew: 70369K->1057K(76672K)
[2020-09-11T12:16:52.931+0000][1][gc,heap      ] GC(44) CMS: 47271K->48204K(2011968K)
[2020-09-11T12:16:52.931+0000][1][gc,metaspace ] GC(44) Metaspace: 32400K->32400K(1079296K)
[2020-09-11T12:16:52.931+0000][1][gc           ] GC(44) Pause Young (Allocation Failure) 114M->48M(2039M) 15.730ms
[2020-09-11T12:16:52.931+0000][1][gc,cpu       ] GC(44) User=0.01s Sys=0.00s Real=0.01s
[2020-09-11T12:16:52.935+0000][1][safepoint    ] Safepoint "GenCollectForAllocation", Time since last: 99488855 ns, Reaching safepoint: 5880482 ns, At safepoint: 19217172 ns, Total: 25097654 ns
[2020-09-11T12:16:53.035+0000][1][gc,start     ] GC(45) Pause Young (Allocation Failure)
[2020-09-11T12:16:53.035+0000][1][gc,task      ] GC(45) Using 1 workers of 1 for evacuation
[2020-09-11T12:16:53.057+0000][1][gc,age       ] GC(45) Desired survivor size 4358144 bytes, new threshold 6 (max threshold 6)
[2020-09-11T12:16:53.057+0000][1][gc,age       ] GC(45) Age table with threshold 6 (max threshold 6)
[2020-09-11T12:16:53.057+0000][1][gc,age       ] GC(45) - age   1:        160 bytes,        160 total
[2020-09-11T12:16:53.057+0000][1][gc,age       ] GC(45) - age   5:        160 bytes,        320 total
[2020-09-11T12:16:53.057+0000][1][gc,age       ] GC(45) - age   6:     349144 bytes,     349464 total
[2020-09-11T12:16:53.057+0000][1][gc,heap      ] GC(45) ParNew: 69217K->344K(76672K)
[2020-09-11T12:16:53.057+0000][1][gc,heap      ] GC(45) CMS: 48204K->48499K(2011968K)
[2020-09-11T12:16:53.057+0000][1][gc,metaspace ] GC(45) Metaspace: 32400K->32400K(1079296K)
[2020-09-11T12:16:53.057+0000][1][gc           ] GC(45) Pause Young (Allocation Failure) 114M->47M(2039M) 22.648ms
[2020-09-11T12:16:53.057+0000][1][gc,cpu       ] GC(45) User=0.01s Sys=0.00s Real=0.03s
[2020-09-11T12:16:53.058+0000][1][safepoint    ] Safepoint "GenCollectForAllocation", Time since last: 100049061 ns, Reaching safepoint: 112794 ns, At safepoint: 22728007 ns, Total: 22840801 ns
[2020-09-11T12:16:53.164+0000][1][gc,start     ] GC(46) Pause Young (Allocation Failure)
[2020-09-11T12:16:53.164+0000][1][gc,task      ] GC(46) Using 1 workers of 1 for evacuation
[2020-09-11T12:16:53.186+0000][1][gc,age       ] GC(46) Desired survivor size 4358144 bytes, new threshold 6 (max threshold 6)
[2020-09-11T12:16:53.186+0000][1][gc,age       ] GC(46) Age table with threshold 6 (max threshold 6)
[2020-09-11T12:16:53.186+0000][1][gc,age       ] GC(46) - age   1:        240 bytes,        240 total
[2020-09-11T12:16:53.186+0000][1][gc,age       ] GC(46) - age   6:        160 bytes,        400 total
[2020-09-11T12:16:53.186+0000][1][gc,heap      ] GC(46) ParNew: 68504K->310K(76672K)
[2020-09-11T12:16:53.186+0000][1][gc,heap      ] GC(46) CMS: 48499K->48841K(2011968K)
[2020-09-11T12:16:53.186+0000][1][gc,metaspace ] GC(46) Metaspace: 32400K->32400K(1079296K)
[2020-09-11T12:16:53.186+0000][1][gc           ] GC(46) Pause Young (Allocation Failure) 114M->47M(2039M) 22.860ms
[2020-09-11T12:16:53.186+0000][1][gc,cpu       ] GC(46) User=0.01s Sys=0.00s Real=0.02s
[2020-09-11T12:16:53.186+0000][1][safepoint    ] Safepoint "GenCollectForAllocation", Time since last: 105902180 ns, Reaching safepoint: 106074 ns, At safepoint: 22925825 ns, Total: 23031899 ns
[2020-09-11T12:16:53.292+0000][1][gc,start     ] GC(47) Pause Young (Allocation Failure)
[2020-09-11T12:16:53.292+0000][1][gc,task      ] GC(47) Using 1 workers of 1 for evacuation
[2020-09-11T12:16:53.316+0000][1][gc,age       ] GC(47) Desired survivor size 4358144 bytes, new threshold 6 (max threshold 6)
[2020-09-11T12:16:53.316+0000][1][gc,age       ] GC(47) Age table with threshold 6 (max threshold 6)
[2020-09-11T12:16:53.316+0000][1][gc,age       ] GC(47) - age   1:        200 bytes,        200 total
[2020-09-11T12:16:53.316+0000][1][gc,heap      ] GC(47) ParNew: 68470K->77K(76672K)
[2020-09-11T12:16:53.316+0000][1][gc,heap      ] GC(47) CMS: 48841K->48841K(2011968K)
[2020-09-11T12:16:53.316+0000][1][gc,metaspace ] GC(47) Metaspace: 32400K->32400K(1079296K)
[2020-09-11T12:16:53.316+0000][1][gc           ] GC(47) Pause Young (Allocation Failure) 114M->47M(2039M) 23.474ms
[2020-09-11T12:16:53.316+0000][1][gc,cpu       ] GC(47) User=0.01s Sys=0.00s Real=0.03s
[2020-09-11T12:16:53.316+0000][1][safepoint    ] Safepoint "GenCollectForAllocation", Time since last: 105819740 ns, Reaching safepoint: 104499 ns, At safepoint: 23534252 ns, Total: 23638751 ns
[2020-09-11T12:16:53.424+0000][1][gc,start     ] GC(48) Pause Young (Allocation Failure)
[2020-09-11T12:16:53.424+0000][1][gc,task      ] GC(48) Using 1 workers of 1 for evacuation
[2020-09-11T12:16:53.444+0000][1][gc,age       ] GC(48) Desired survivor size 4358144 bytes, new threshold 6 (max threshold 6)
[2020-09-11T12:16:53.444+0000][1][gc,age       ] GC(48) Age table with threshold 6 (max threshold 6)
[2020-09-11T12:16:53.444+0000][1][gc,age       ] GC(48) - age   1:         88 bytes,         88 total
[2020-09-11T12:16:53.444+0000][1][gc,heap      ] GC(48) ParNew: 68237K->19K(76672K)
[2020-09-11T12:16:53.444+0000][1][gc,heap      ] GC(48) CMS: 48841K->48841K(2011968K)
[2020-09-11T12:16:53.444+0000][1][gc,metaspace ] GC(48) Metaspace: 32400K->32400K(1079296K)
[2020-09-11T12:16:53.444+0000][1][gc           ] GC(48) Pause Young (Allocation Failure) 114M->47M(2039M) 20.332ms
[2020-09-11T12:16:53.444+0000][1][gc,cpu       ] GC(48) User=0.01s Sys=0.00s Real=0.02s
[2020-09-11T12:16:53.444+0000][1][safepoint    ] Safepoint "GenCollectForAllocation", Time since last: 103499639 ns, Reaching safepoint: 4069313 ns, At safepoint: 20392440 ns, Total: 24461753 ns
[2020-09-11T12:16:53.551+0000][1][gc,start     ] GC(49) Pause Young (Allocation Failure)
[2020-09-11T12:16:53.552+0000][1][gc,task      ] GC(49) Using 1 workers of 1 for evacuation
[2020-09-11T12:16:53.576+0000][1][gc,age       ] GC(49) Desired survivor size 4358144 bytes, new threshold 6 (max threshold 6)
[2020-09-11T12:16:53.576+0000][1][gc,age       ] GC(49) Age table with threshold 6 (max threshold 6)
[2020-09-11T12:16:53.576+0000][1][gc,age       ] GC(49) - age   1:        152 bytes,        152 total
[2020-09-11T12:16:53.576+0000][1][gc,heap      ] GC(49) ParNew: 68179K->4K(76672K)
[2020-09-11T12:16:53.576+0000][1][gc,heap      ] GC(49) CMS: 48841K->48841K(2011968K)
[2020-09-11T12:16:53.576+0000][1][gc,metaspace ] GC(49) Metaspace: 32400K->32400K(1079296K)
[2020-09-11T12:16:53.576+0000][1][gc           ] GC(49) Pause Young (Allocation Failure) 114M->47M(2039M) 24.616ms
[2020-09-11T12:16:53.576+0000][1][gc,cpu       ] GC(49) User=0.01s Sys=0.00s Real=0.03s
[2020-09-11T12:16:53.576+0000][1][safepoint    ] Safepoint "GenCollectForAllocation", Time since last: 104775428 ns, Reaching safepoint: 2776637 ns, At safepoint: 24684358 ns, Total: 27460995 ns
[2020-09-11T12:16:54.583+0000][1][safepoint    ] Safepoint "Cleanup", Time since last: 1006243940 ns, Reaching safepoint: 179364 ns, At safepoint: 6447 ns, Total: 185811 ns
[2020-09-11T12:16:55.120+0000][1][gc,start     ] GC(50) Pause Young (Allocation Failure)
[2020-09-11T12:16:55.121+0000][1][gc,task      ] GC(50) Using 1 workers of 1 for evacuation
[2020-09-11T12:16:55.154+0000][1][gc,age       ] GC(50) Desired survivor size 4358144 bytes, new threshold 6 (max threshold 6)
[2020-09-11T12:16:55.154+0000][1][gc,age       ] GC(50) Age table with threshold 6 (max threshold 6)
[2020-09-11T12:16:55.154+0000][1][gc,age       ] GC(50) - age   1:     133376 bytes,     133376 total
[2020-09-11T12:16:55.154+0000][1][gc,heap      ] GC(50) ParNew: 68164K->132K(76672K)
[2020-09-11T12:16:55.154+0000][1][gc,heap      ] GC(50) CMS: 48841K->48841K(2011968K)
[2020-09-11T12:16:55.154+0000][1][gc,metaspace ] GC(50) Metaspace: 32402K->32402K(1079296K)
[2020-09-11T12:16:55.154+0000][1][gc           ] GC(50) Pause Young (Allocation Failure) 114M->47M(2039M) 33.152ms
[2020-09-11T12:16:55.154+0000][1][gc,cpu       ] GC(50) User=0.02s Sys=0.00s Real=0.03s
[2020-09-11T12:16:55.167+0000][1][safepoint    ] Safepoint "GenCollectForAllocation", Time since last: 537789707 ns, Reaching safepoint: 109270 ns, At safepoint: 46987992 ns, Total: 47097262 ns
[2020-09-11T12:16:55.378+0000][1][gc,start     ] GC(51) Pause Young (Allocation Failure)
[2020-09-11T12:16:55.378+0000][1][gc,task      ] GC(51) Using 1 workers of 1 for evacuation
[2020-09-11T12:16:55.403+0000][1][gc,age       ] GC(51) Desired survivor size 4358144 bytes, new threshold 6 (max threshold 6)
[2020-09-11T12:16:55.403+0000][1][gc,age       ] GC(51) Age table with threshold 6 (max threshold 6)
[2020-09-11T12:16:55.403+0000][1][gc,age       ] GC(51) - age   1:     545664 bytes,     545664 total
[2020-09-11T12:16:55.403+0000][1][gc,age       ] GC(51) - age   2:      83504 bytes,     629168 total
[2020-09-11T12:16:55.403+0000][1][gc,heap      ] GC(51) ParNew: 68292K->637K(76672K)
[2020-09-11T12:16:55.403+0000][1][gc,heap      ] GC(51) CMS: 48841K->48841K(2011968K)
[2020-09-11T12:16:55.403+0000][1][gc,metaspace ] GC(51) Metaspace: 32402K->32402K(1079296K)
[2020-09-11T12:16:55.403+0000][1][gc           ] GC(51) Pause Young (Allocation Failure) 114M->48M(2039M) 24.781ms
[2020-09-11T12:16:55.403+0000][1][gc,cpu       ] GC(51) User=0.01s Sys=0.00s Real=0.02s
[2020-09-11T12:16:55.403+0000][1][safepoint    ] Safepoint "GenCollectForAllocation", Time since last: 208217028 ns, Reaching safepoint: 2169760 ns, At safepoint: 24853332 ns, Total: 27023092 ns
[2020-09-11T12:16:55.618+0000][1][gc,start     ] GC(52) Pause Young (Allocation Failure)
[2020-09-11T12:16:55.618+0000][1][gc,task      ] GC(52) Using 1 workers of 1 for evacuation
[2020-09-11T12:16:55.641+0000][1][gc,age       ] GC(52) Desired survivor size 4358144 bytes, new threshold 6 (max threshold 6)
[2020-09-11T12:16:55.641+0000][1][gc,age       ] GC(52) Age table with threshold 6 (max threshold 6)
[2020-09-11T12:16:55.641+0000][1][gc,age       ] GC(52) - age   1:     643616 bytes,     643616 total
[2020-09-11T12:16:55.641+0000][1][gc,age       ] GC(52) - age   2:     374824 bytes,    1018440 total
[2020-09-11T12:16:55.641+0000][1][gc,age       ] GC(52) - age   3:      82880 bytes,    1101320 total
[2020-09-11T12:16:55.641+0000][1][gc,heap      ] GC(52) ParNew: 68797K->1105K(76672K)
[2020-09-11T12:16:55.641+0000][1][gc,heap      ] GC(52) CMS: 48841K->48841K(2011968K)
[2020-09-11T12:16:55.641+0000][1][gc,metaspace ] GC(52) Metaspace: 32402K->32402K(1079296K)
[2020-09-11T12:16:55.641+0000][1][gc           ] GC(52) Pause Young (Allocation Failure) 114M->48M(2039M) 23.685ms
[2020-09-11T12:16:55.641+0000][1][gc,cpu       ] GC(52) User=0.01s Sys=0.00s Real=0.02s
[2020-09-11T12:16:55.641+0000][1][safepoint    ] Safepoint "GenCollectForAllocation", Time since last: 213939817 ns, Reaching safepoint: 1120433 ns, At safepoint: 23750067 ns, Total: 24870500 ns
[2020-09-11T12:16:55.855+0000][1][gc,start     ] GC(53) Pause Young (Allocation Failure)
[2020-09-11T12:16:55.855+0000][1][gc,task      ] GC(53) Using 1 workers of 1 for evacuation
[2020-09-11T12:16:55.875+0000][1][gc,age       ] GC(53) Desired survivor size 4358144 bytes, new threshold 6 (max threshold 6)
[2020-09-11T12:16:55.875+0000][1][gc,age       ] GC(53) Age table with threshold 6 (max threshold 6)
[2020-09-11T12:16:55.875+0000][1][gc,age       ] GC(53) - age   1:     310800 bytes,     310800 total
[2020-09-11T12:16:55.875+0000][1][gc,age       ] GC(53) - age   2:     629648 bytes,     940448 total
[2020-09-11T12:16:55.875+0000][1][gc,age       ] GC(53) - age   3:     374088 bytes,    1314536 total
[2020-09-11T12:16:55.875+0000][1][gc,age       ] GC(53) - age   4:      82240 bytes,    1396776 total
[2020-09-11T12:16:55.875+0000][1][gc,heap      ] GC(53) ParNew: 69265K->1409K(76672K)
[2020-09-11T12:16:55.875+0000][1][gc,heap      ] GC(53) CMS: 48841K->48841K(2011968K)
[2020-09-11T12:16:55.875+0000][1][gc,metaspace ] GC(53) Metaspace: 32402K->32402K(1079296K)
[2020-09-11T12:16:55.875+0000][1][gc           ] GC(53) Pause Young (Allocation Failure) 115M->49M(2039M) 19.568ms
[2020-09-11T12:16:55.875+0000][1][gc,cpu       ] GC(53) User=0.01s Sys=0.00s Real=0.01s
[2020-09-11T12:16:55.879+0000][1][safepoint    ] Safepoint "GenCollectForAllocation", Time since last: 211693211 ns, Reaching safepoint: 2239428 ns, At safepoint: 24017842 ns, Total: 26257270 ns
[2020-09-11T12:16:56.127+0000][1][gc,start     ] GC(54) Pause Young (Allocation Failure)
[2020-09-11T12:16:56.128+0000][1][gc,task      ] GC(54) Using 1 workers of 1 for evacuation
[2020-09-11T12:16:56.149+0000][1][gc,age       ] GC(54) Desired survivor size 4358144 bytes, new threshold 6 (max threshold 6)
[2020-09-11T12:16:56.149+0000][1][gc,age       ] GC(54) Age table with threshold 6 (max threshold 6)
[2020-09-11T12:16:56.149+0000][1][gc,age       ] GC(54) - age   1:     963616 bytes,     963616 total
[2020-09-11T12:16:56.149+0000][1][gc,age       ] GC(54) - age   2:     299280 bytes,    1262896 total
[2020-09-11T12:16:56.149+0000][1][gc,age       ] GC(54) - age   3:     300960 bytes,    1563856 total
[2020-09-11T12:16:56.149+0000][1][gc,age       ] GC(54) - age   4:     374088 bytes,    1937944 total
[2020-09-11T12:16:56.149+0000][1][gc,age       ] GC(54) - age   5:      82080 bytes,    2020024 total
[2020-09-11T12:16:56.149+0000][1][gc,heap      ] GC(54) ParNew: 69569K->1991K(76672K)
[2020-09-11T12:16:56.150+0000][1][gc,heap      ] GC(54) CMS: 48841K->48841K(2011968K)
[2020-09-11T12:16:56.150+0000][1][gc,metaspace ] GC(54) Metaspace: 32402K->32402K(1079296K)
[2020-09-11T12:16:56.150+0000][1][gc           ] GC(54) Pause Young (Allocation Failure) 115M->49M(2039M) 22.078ms
[2020-09-11T12:16:56.150+0000][1][gc,cpu       ] GC(54) User=0.01s Sys=0.00s Real=0.02s
[2020-09-11T12:16:56.150+0000][1][safepoint    ] Safepoint "GenCollectForAllocation", Time since last: 243997064 ns, Reaching safepoint: 4010324 ns, At safepoint: 22138648 ns, Total: 26148972 ns
[2020-09-11T12:16:56.341+0000][1][gc,start     ] GC(55) Pause Young (Allocation Failure)
[2020-09-11T12:16:56.341+0000][1][gc,task      ] GC(55) Using 1 workers of 1 for evacuation
[2020-09-11T12:16:56.368+0000][1][gc,age       ] GC(55) Desired survivor size 4358144 bytes, new threshold 6 (max threshold 6)
[2020-09-11T12:16:56.368+0000][1][gc,age       ] GC(55) Age table with threshold 6 (max threshold 6)
[2020-09-11T12:16:56.368+0000][1][gc,age       ] GC(55) - age   1:     313992 bytes,     313992 total
[2020-09-11T12:16:56.368+0000][1][gc,age       ] GC(55) - age   2:     952336 bytes,    1266328 total
[2020-09-11T12:16:56.368+0000][1][gc,age       ] GC(55) - age   3:     298208 bytes,    1564536 total
[2020-09-11T12:16:56.368+0000][1][gc,age       ] GC(55) - age   4:     297424 bytes,    1861960 total
[2020-09-11T12:16:56.368+0000][1][gc,age       ] GC(55) - age   5:     373832 bytes,    2235792 total
[2020-09-11T12:16:56.368+0000][1][gc,age       ] GC(55) - age   6:      82056 bytes,    2317848 total
[2020-09-11T12:16:56.368+0000][1][gc,heap      ] GC(55) ParNew: 70151K->2290K(76672K)
[2020-09-11T12:16:56.368+0000][1][gc,heap      ] GC(55) CMS: 48841K->48841K(2011968K)
[2020-09-11T12:16:56.368+0000][1][gc,metaspace ] GC(55) Metaspace: 32402K->32402K(1079296K)
[2020-09-11T12:16:56.368+0000][1][gc           ] GC(55) Pause Young (Allocation Failure) 116M->49M(2039M) 26.639ms
[2020-09-11T12:16:56.368+0000][1][gc,cpu       ] GC(55) User=0.01s Sys=0.00s Real=0.03s
[2020-09-11T12:16:56.368+0000][1][safepoint    ] Safepoint "GenCollectForAllocation", Time since last: 191305269 ns, Reaching safepoint: 102492 ns, At safepoint: 26697616 ns, Total: 26800108 ns
[2020-09-11T12:16:56.980+0000][1][safepoint    ] Safepoint "Deoptimize", Time since last: 610109178 ns, Reaching safepoint: 1643136 ns, At safepoint: 308999 ns, Total: 1952135 ns
[2020-09-11T12:16:57.252+0000][1][safepoint    ] Safepoint "CollectForMetadataAllocation", Time since last: 271670204 ns, Reaching safepoint: 145053 ns, At safepoint: 115389 ns, Total: 260442 ns
[2020-09-11T12:16:57.300+0000][1][safepoint    ] Safepoint "CollectForMetadataAllocation", Time since last: 47750903 ns, Reaching safepoint: 109489 ns, At safepoint: 116331 ns, Total: 225820 ns
[2020-09-11T12:16:57.347+0000][1][safepoint    ] Safepoint "CollectForMetadataAllocation", Time since last: 46956733 ns, Reaching safepoint: 104576 ns, At safepoint: 119597 ns, Total: 224173 ns
[2020-09-11T12:16:57.424+0000][1][safepoint    ] Safepoint "CollectForMetadataAllocation", Time since last: 76815873 ns, Reaching safepoint: 103044 ns, At safepoint: 126875 ns, Total: 229919 ns
[2020-09-11T12:16:57.536+0000][1][safepoint    ] Safepoint "CollectForMetadataAllocation", Time since last: 111534886 ns, Reaching safepoint: 99894 ns, At safepoint: 127277 ns, Total: 227171 ns
[2020-09-11T12:16:57.603+0000][1][safepoint    ] Safepoint "CollectForMetadataAllocation", Time since last: 67399283 ns, Reaching safepoint: 102594 ns, At safepoint: 124804 ns, Total: 227398 ns
[2020-09-11T12:16:57.680+0000][1][gc,start     ] GC(56) Pause Young (Allocation Failure)
[2020-09-11T12:16:57.680+0000][1][gc,task      ] GC(56) Using 1 workers of 1 for evacuation
[2020-09-11T12:16:57.717+0000][1][gc,age       ] GC(56) Desired survivor size 4358144 bytes, new threshold 6 (max threshold 6)
[2020-09-11T12:16:57.717+0000][1][gc,age       ] GC(56) Age table with threshold 6 (max threshold 6)
[2020-09-11T12:16:57.717+0000][1][gc,age       ] GC(56) - age   1:    1493936 bytes,    1493936 total
[2020-09-11T12:16:57.717+0000][1][gc,age       ] GC(56) - age   2:     301760 bytes,    1795696 total
[2020-09-11T12:16:57.717+0000][1][gc,age       ] GC(56) - age   3:     951640 bytes,    2747336 total
[2020-09-11T12:16:57.717+0000][1][gc,age       ] GC(56) - age   4:     297792 bytes,    3045128 total
[2020-09-11T12:16:57.717+0000][1][gc,age       ] GC(56) - age   5:     297304 bytes,    3342432 total
[2020-09-11T12:16:57.717+0000][1][gc,age       ] GC(56) - age   6:     373832 bytes,    3716264 total
[2020-09-11T12:16:57.717+0000][1][gc,heap      ] GC(56) ParNew: 70450K->3645K(76672K)
[2020-09-11T12:16:57.717+0000][1][gc,heap      ] GC(56) CMS: 48841K->48918K(2011968K)
[2020-09-11T12:16:57.717+0000][1][gc,metaspace ] GC(56) Metaspace: 36161K->36161K(1083392K)
[2020-09-11T12:16:57.717+0000][1][gc           ] GC(56) Pause Young (Allocation Failure) 116M->51M(2039M) 37.193ms
[2020-09-11T12:16:57.717+0000][1][gc,cpu       ] GC(56) User=0.02s Sys=0.00s Real=0.04s
[2020-09-11T12:16:57.727+0000][1][safepoint    ] Safepoint "GenCollectForAllocation", Time since last: 76167917 ns, Reaching safepoint: 111285 ns, At safepoint: 47906103 ns, Total: 48017388 ns
[2020-09-11T12:16:57.743+0000][1][gc,start     ] GC(57) Pause Initial Mark
[2020-09-11T12:16:57.747+0000][1][gc           ] GC(57) Pause Initial Mark 55M->55M(2039M) 3.750ms
[2020-09-11T12:16:57.747+0000][1][gc,cpu       ] GC(57) User=0.00s Sys=0.00s Real=0.00s
[2020-09-11T12:16:57.761+0000][1][safepoint    ] Safepoint "CMS_Initial_Mark", Time since last: 9474558 ns, Reaching safepoint: 6515620 ns, At safepoint: 17809753 ns, Total: 24325373 ns
[2020-09-11T12:16:57.761+0000][1][gc           ] GC(57) Concurrent Mark
[2020-09-11T12:16:58.068+0000][1][gc           ] GC(57) Concurrent Mark 306.440ms
[2020-09-11T12:16:58.068+0000][1][gc,cpu       ] GC(57) User=0.15s Sys=0.00s Real=0.31s
[2020-09-11T12:16:58.068+0000][1][gc           ] GC(57) Concurrent Preclean
[2020-09-11T12:16:58.070+0000][1][gc           ] GC(57) Concurrent Preclean 2.576ms
[2020-09-11T12:16:58.070+0000][1][gc,cpu       ] GC(57) User=0.00s Sys=0.00s Real=0.00s
[2020-09-11T12:16:58.070+0000][1][gc           ] GC(57) Concurrent Abortable Preclean
[2020-09-11T12:16:58.224+0000][1][gc,start     ] GC(58) Pause Young (Allocation Failure)
[2020-09-11T12:16:58.224+0000][1][gc,task      ] GC(58) Using 1 workers of 1 for evacuation
[2020-09-11T12:16:58.243+0000][1][gc           ] GC(57) Concurrent Abortable Preclean 172.971ms
[2020-09-11T12:16:58.243+0000][1][gc,cpu       ] GC(57) User=0.09s Sys=0.00s Real=0.18s
[2020-09-11T12:16:58.274+0000][1][gc,age       ] GC(58) Desired survivor size 4358144 bytes, new threshold 6 (max threshold 6)
[2020-09-11T12:16:58.274+0000][1][gc,age       ] GC(58) Age table with threshold 6 (max threshold 6)
[2020-09-11T12:16:58.274+0000][1][gc,age       ] GC(58) - age   1:      57968 bytes,      57968 total
[2020-09-11T12:16:58.274+0000][1][gc,age       ] GC(58) - age   2:    1466784 bytes,    1524752 total
[2020-09-11T12:16:58.274+0000][1][gc,age       ] GC(58) - age   3:     301760 bytes,    1826512 total
[2020-09-11T12:16:58.274+0000][1][gc,age       ] GC(58) - age   4:     951640 bytes,    2778152 total
[2020-09-11T12:16:58.274+0000][1][gc,age       ] GC(58) - age   5:     297792 bytes,    3075944 total
[2020-09-11T12:16:58.274+0000][1][gc,age       ] GC(58) - age   6:     297304 bytes,    3373248 total
[2020-09-11T12:16:58.274+0000][1][gc,heap      ] GC(58) ParNew: 71805K->3789K(76672K)
[2020-09-11T12:16:58.274+0000][1][gc,heap      ] GC(58) CMS: 48918K->49283K(2011968K)
[2020-09-11T12:16:58.274+0000][1][gc,metaspace ] GC(58) Metaspace: 36167K->36167K(1083392K)
[2020-09-11T12:16:58.274+0000][1][gc           ] GC(58) Pause Young (Allocation Failure) 117M->51M(2039M) 50.544ms
[2020-09-11T12:16:58.274+0000][1][gc,cpu       ] GC(58) User=0.02s Sys=0.00s Real=0.04s
[2020-09-11T12:16:58.283+0000][1][safepoint    ] Safepoint "GenCollectForAllocation", Time since last: 462172169 ns, Reaching safepoint: 114859 ns, At safepoint: 59885137 ns, Total: 59999996 ns
[2020-09-11T12:16:58.292+0000][1][gc,start     ] GC(57) Pause Remark
[2020-09-11T12:16:58.311+0000][1][gc           ] GC(57) Pause Remark 58M->58M(2039M) 18.991ms
[2020-09-11T12:16:58.311+0000][1][gc,cpu       ] GC(57) User=0.01s Sys=0.00s Real=0.02s
[2020-09-11T12:16:58.329+0000][1][safepoint    ] Safepoint "CMS_Final_Remark", Time since last: 8007775 ns, Reaching safepoint: 101029 ns, At safepoint: 37960004 ns, Total: 38061033 ns
[2020-09-11T12:16:58.330+0000][1][gc           ] GC(57) Concurrent Sweep
[2020-09-11T12:16:58.398+0000][1][gc           ] GC(57) Concurrent Sweep 68.233ms
[2020-09-11T12:16:58.398+0000][1][gc,cpu       ] GC(57) User=0.04s Sys=0.00s Real=0.07s
[2020-09-11T12:16:58.398+0000][1][gc           ] GC(57) Concurrent Reset
[2020-09-11T12:16:58.419+0000][1][gc           ] GC(57) Concurrent Reset 20.655ms
[2020-09-11T12:16:58.419+0000][1][gc,cpu       ] GC(57) User=0.00s Sys=0.01s Real=0.02s
[2020-09-11T12:16:58.419+0000][1][gc,heap      ] GC(57) Old: 48918K->48202K(2011968K)
[2020-09-11T12:16:59.348+0000][1][safepoint    ] Safepoint "Cleanup", Time since last: 1016830425 ns, Reaching safepoint: 1418491 ns, At safepoint: 9421 ns, Total: 1427912 ns
[2020-09-11T12:17:00.352+0000][1][safepoint    ] Safepoint "Cleanup", Time since last: 1003640969 ns, Reaching safepoint: 142651 ns, At safepoint: 6803 ns, Total: 149454 ns
[2020-09-11T12:17:00.508+0000][1][gc,start     ] GC(59) Pause Young (Allocation Failure)
[2020-09-11T12:17:00.508+0000][1][gc,task      ] GC(59) Using 1 workers of 1 for evacuation
[2020-09-11T12:17:00.553+0000][1][gc,age       ] GC(59) Desired survivor size 4358144 bytes, new threshold 4 (max threshold 6)
[2020-09-11T12:17:00.553+0000][1][gc,age       ] GC(59) Age table with threshold 4 (max threshold 6)
[2020-09-11T12:17:00.553+0000][1][gc,age       ] GC(59) - age   1:    2732200 bytes,    2732200 total
[2020-09-11T12:17:00.553+0000][1][gc,age       ] GC(59) - age   2:      57840 bytes,    2790040 total
[2020-09-11T12:17:00.553+0000][1][gc,age       ] GC(59) - age   3:    1420616 bytes,    4210656 total
[2020-09-11T12:17:00.553+0000][1][gc,age       ] GC(59) - age   4:     301760 bytes,    4512416 total
[2020-09-11T12:17:00.554+0000][1][gc,age       ] GC(59) - age   5:     951640 bytes,    5464056 total
[2020-09-11T12:17:00.557+0000][1][gc,age       ] GC(59) - age   6:     297792 bytes,    5761848 total
[2020-09-11T12:17:00.557+0000][1][gc,heap      ] GC(59) ParNew: 71949K->6679K(76672K)
[2020-09-11T12:17:00.557+0000][1][gc,heap      ] GC(59) CMS: 48202K->48492K(2011968K)
[2020-09-11T12:17:00.557+0000][1][gc,metaspace ] GC(59) Metaspace: 42505K->42505K(1089536K)
[2020-09-11T12:17:00.557+0000][1][gc           ] GC(59) Pause Young (Allocation Failure) 117M->53M(2039M) 49.716ms
[2020-09-11T12:17:00.557+0000][1][gc,cpu       ] GC(59) User=0.02s Sys=0.00s Real=0.05s
[2020-09-11T12:17:00.571+0000][1][safepoint    ] Safepoint "GenCollectForAllocation", Time since last: 155955062 ns, Reaching safepoint: 94636 ns, At safepoint: 63899583 ns, Total: 63994219 ns
[2020-09-11T12:17:00.573+0000][1][safepoint    ] Safepoint "RevokeBias", Time since last: 1621593 ns, Reaching safepoint: 25885 ns, At safepoint: 39277 ns, Total: 65162 ns
[2020-09-11T12:17:01.432+0000][1][safepoint    ] Safepoint "BulkRevokeBias", Time since last: 858478647 ns, Reaching safepoint: 123600 ns, At safepoint: 82154 ns, Total: 205754 ns
[2020-09-11T12:17:02.432+0000][1][safepoint    ] Safepoint "Cleanup", Time since last: 1000104467 ns, Reaching safepoint: 246818 ns, At safepoint: 6400 ns, Total: 253218 ns
[2020-09-11T12:17:04.436+0000][1][safepoint    ] Safepoint "Cleanup", Time since last: 2003030580 ns, Reaching safepoint: 592527 ns, At safepoint: 7939 ns, Total: 600466 ns
[2020-09-11T12:17:05.209+0000][1][gc,start     ] GC(60) Pause Young (Allocation Failure)
[2020-09-11T12:17:05.209+0000][1][gc,task      ] GC(60) Using 1 workers of 1 for evacuation
[2020-09-11T12:17:05.266+0000][1][gc,age       ] GC(60) Desired survivor size 4358144 bytes, new threshold 2 (max threshold 6)
[2020-09-11T12:17:05.266+0000][1][gc,age       ] GC(60) Age table with threshold 2 (max threshold 6)
[2020-09-11T12:17:05.266+0000][1][gc,age       ] GC(60) - age   1:    2680456 bytes,    2680456 total
[2020-09-11T12:17:05.266+0000][1][gc,age       ] GC(60) - age   2:    2660624 bytes,    5341080 total
[2020-09-11T12:17:05.266+0000][1][gc,age       ] GC(60) - age   3:      57840 bytes,    5398920 total
[2020-09-11T12:17:05.266+0000][1][gc,age       ] GC(60) - age   4:    1415024 bytes,    6813944 total
[2020-09-11T12:17:05.266+0000][1][gc,heap      ] GC(60) ParNew: 74839K->8512K(76672K)
[2020-09-11T12:17:05.266+0000][1][gc,heap      ] GC(60) CMS: 48492K->50007K(2011968K)
[2020-09-11T12:17:05.266+0000][1][gc,metaspace ] GC(60) Metaspace: 47755K->47755K(1093632K)
[2020-09-11T12:17:05.266+0000][1][gc           ] GC(60) Pause Young (Allocation Failure) 120M->57M(2039M) 56.589ms
[2020-09-11T12:17:05.266+0000][1][gc,cpu       ] GC(60) User=0.03s Sys=0.00s Real=0.06s
[2020-09-11T12:17:05.275+0000][1][safepoint    ] Safepoint "GenCollectForAllocation", Time since last: 773388655 ns, Reaching safepoint: 134960 ns, At safepoint: 65185889 ns, Total: 65320849 ns
[2020-09-11T12:17:05.296+0000][1][safepoint    ] Safepoint "RevokeBias", Time since last: 21592221 ns, Reaching safepoint: 110940 ns, At safepoint: 15196 ns, Total: 126136 ns
[2020-09-11T12:17:05.296+0000][1][safepoint    ] Safepoint "RevokeBias", Time since last: 53414 ns, Reaching safepoint: 84006 ns, At safepoint: 10103 ns, Total: 94109 ns
[2020-09-11T12:17:05.418+0000][1][safepoint    ] Safepoint "RevokeBias", Time since last: 121607174 ns, Reaching safepoint: 112569 ns, At safepoint: 31865 ns, Total: 144434 ns
[2020-09-11T12:17:05.437+0000][1][safepoint    ] Safepoint "RevokeBias", Time since last: 18589319 ns, Reaching safepoint: 98269 ns, At safepoint: 33035 ns, Total: 131304 ns
[2020-09-11T12:17:06.009+0000][1][safepoint    ] Safepoint "RevokeBias", Time since last: 563928053 ns, Reaching safepoint: 7952500 ns, At safepoint: 32252 ns, Total: 7984752 ns
[2020-09-11T12:17:06.009+0000][1][safepoint    ] Safepoint "RevokeBias", Time since last: 88820 ns, Reaching safepoint: 84614 ns, At safepoint: 16506 ns, Total: 101120 ns
[2020-09-11T12:17:06.009+0000][1][safepoint    ] Safepoint "RevokeBias", Time since last: 187321 ns, Reaching safepoint: 82169 ns, At safepoint: 15755 ns, Total: 97924 ns
[2020-09-11T12:17:06.009+0000][1][safepoint    ] Safepoint "RevokeBias", Time since last: 37475 ns, Reaching safepoint: 79613 ns, At safepoint: 15087 ns, Total: 94700 ns
[2020-09-11T12:17:06.154+0000][1][safepoint    ] Safepoint "RevokeBias", Time since last: 144128037 ns, Reaching safepoint: 246887 ns, At safepoint: 34818 ns, Total: 281705 ns
[2020-09-11T12:17:06.156+0000][1][safepoint    ] Safepoint "RevokeBias", Time since last: 1939539 ns, Reaching safepoint: 92875 ns, At safepoint: 33478 ns, Total: 126353 ns
[2020-09-11T12:17:06.156+0000][1][safepoint    ] Safepoint "RevokeBias", Time since last: 106464 ns, Reaching safepoint: 83124 ns, At safepoint: 21861 ns, Total: 104985 ns
[2020-09-11T12:17:06.159+0000][1][safepoint    ] Safepoint "RevokeBias", Time since last: 742627 ns, Reaching safepoint: 2586615 ns, At safepoint: 36663 ns, Total: 2623278 ns
[2020-09-11T12:17:06.160+0000][1][safepoint    ] Safepoint "RevokeBias", Time since last: 412863 ns, Reaching safepoint: 86958 ns, At safepoint: 28554 ns, Total: 115512 ns
[2020-09-11T12:17:06.161+0000][1][safepoint    ] Safepoint "RevokeBias", Time since last: 481877 ns, Reaching safepoint: 88521 ns, At safepoint: 27037 ns, Total: 115558 ns
[2020-09-11T12:17:06.161+0000][1][safepoint    ] Safepoint "RevokeBias", Time since last: 255650 ns, Reaching safepoint: 85474 ns, At safepoint: 23018 ns, Total: 108492 ns
[2020-09-11T12:17:06.161+0000][1][safepoint    ] Safepoint "RevokeBias", Time since last: 37777 ns, Reaching safepoint: 81441 ns, At safepoint: 19468 ns, Total: 100909 ns
[2020-09-11T12:17:06.161+0000][1][safepoint    ] Safepoint "RevokeBias", Time since last: 30990 ns, Reaching safepoint: 79955 ns, At safepoint: 19082 ns, Total: 99037 ns
[2020-09-11T12:17:06.161+0000][1][safepoint    ] Safepoint "RevokeBias", Time since last: 30180 ns, Reaching safepoint: 79506 ns, At safepoint: 18646 ns, Total: 98152 ns
[2020-09-11T12:17:06.161+0000][1][safepoint    ] Safepoint "RevokeBias", Time since last: 29186 ns, Reaching safepoint: 80978 ns, At safepoint: 22770 ns, Total: 103748 ns
[2020-09-11T12:17:06.162+0000][1][safepoint    ] Safepoint "RevokeBias", Time since last: 28944 ns, Reaching safepoint: 80966 ns, At safepoint: 22165 ns, Total: 103131 ns
[2020-09-11T12:17:06.162+0000][1][safepoint    ] Safepoint "RevokeBias", Time since last: 31429 ns, Reaching safepoint: 79609 ns, At safepoint: 18289 ns, Total: 97898 ns
[2020-09-11T12:17:06.163+0000][1][safepoint    ] Safepoint "RevokeBias", Time since last: 39581 ns, Reaching safepoint: 1620620 ns, At safepoint: 24193 ns, Total: 1644813 ns
[2020-09-11T12:17:06.164+0000][1][safepoint    ] Safepoint "RevokeBias", Time since last: 39345 ns, Reaching safepoint: 81901 ns, At safepoint: 18973 ns, Total: 100874 ns
[2020-09-11T12:17:06.164+0000][1][safepoint    ] Safepoint "RevokeBias", Time since last: 29558 ns, Reaching safepoint: 81843 ns, At safepoint: 25911 ns, Total: 107754 ns
[2020-09-11T12:17:06.164+0000][1][safepoint    ] Safepoint "RevokeBias", Time since last: 31513 ns, Reaching safepoint: 80918 ns, At safepoint: 23857 ns, Total: 104775 ns
[2020-09-11T12:17:06.164+0000][1][safepoint    ] Safepoint "RevokeBias", Time since last: 28745 ns, Reaching safepoint: 79988 ns, At safepoint: 19310 ns, Total: 99298 ns
[2020-09-11T12:17:06.164+0000][1][safepoint    ] Safepoint "RevokeBias", Time since last: 68761 ns, Reaching safepoint: 83464 ns, At safepoint: 19464 ns, Total: 102928 ns
[2020-09-11T12:17:06.164+0000][1][safepoint    ] Safepoint "RevokeBias", Time since last: 40732 ns, Reaching safepoint: 82352 ns, At safepoint: 19056 ns, Total: 101408 ns
[2020-09-11T12:17:06.168+0000][1][safepoint    ] Safepoint "RevokeBias", Time since last: 3119935 ns, Reaching safepoint: 104076 ns, At safepoint: 30475 ns, Total: 134551 ns
[2020-09-11T12:17:06.168+0000][1][safepoint    ] Safepoint "RevokeBias", Time since last: 111257 ns, Reaching safepoint: 82192 ns, At safepoint: 20177 ns, Total: 102369 ns
[2020-09-11T12:17:06.172+0000][1][safepoint    ] Safepoint "RevokeBias", Time since last: 3651843 ns, Reaching safepoint: 902986 ns, At safepoint: 40332 ns, Total: 943318 ns
[2020-09-11T12:17:06.173+0000][1][safepoint    ] Safepoint "RevokeBias", Time since last: 59765 ns, Reaching safepoint: 82722 ns, At safepoint: 24452 ns, Total: 107174 ns
[2020-09-11T12:17:06.173+0000][1][safepoint    ] Safepoint "RevokeBias", Time since last: 31115 ns, Reaching safepoint: 82155 ns, At safepoint: 24446 ns, Total: 106601 ns
[2020-09-11T12:17:06.173+0000][1][safepoint    ] Safepoint "RevokeBias", Time since last: 29608 ns, Reaching safepoint: 82199 ns, At safepoint: 24177 ns, Total: 106376 ns
[2020-09-11T12:17:06.173+0000][1][safepoint    ] Safepoint "RevokeBias", Time since last: 29505 ns, Reaching safepoint: 81697 ns, At safepoint: 23674 ns, Total: 105371 ns
[2020-09-11T12:17:06.173+0000][1][safepoint    ] Safepoint "RevokeBias", Time since last: 28517 ns, Reaching safepoint: 81613 ns, At safepoint: 23616 ns, Total: 105229 ns
[2020-09-11T12:17:06.173+0000][1][safepoint    ] Safepoint "RevokeBias", Time since last: 31708 ns, Reaching safepoint: 91184 ns, At safepoint: 24224 ns, Total: 115408 ns
[2020-09-11T12:17:06.173+0000][1][safepoint    ] Safepoint "BulkRevokeBias", Time since last: 29318 ns, Reaching safepoint: 81166 ns, At safepoint: 74839 ns, Total: 156005 ns
[2020-09-11T12:17:06.174+0000][1][safepoint    ] Safepoint "RevokeBias", Time since last: 62565 ns, Reaching safepoint: 84225 ns, At safepoint: 26475 ns, Total: 110700 ns
[2020-09-11T12:17:06.176+0000][1][safepoint    ] Safepoint "RevokeBias", Time since last: 1858028 ns, Reaching safepoint: 96060 ns, At safepoint: 35110 ns, Total: 131170 ns
[2020-09-11T12:17:06.188+0000][1][safepoint    ] Safepoint "RevokeBias", Time since last: 11871667 ns, Reaching safepoint: 112792 ns, At safepoint: 54852 ns, Total: 167644 ns
[2020-09-11T12:17:06.188+0000][1][safepoint    ] Safepoint "RevokeBias", Time since last: 66944 ns, Reaching safepoint: 12943 ns, At safepoint: 11414 ns, Total: 24357 ns
[2020-09-11T12:17:06.188+0000][1][safepoint    ] Safepoint "RevokeBias", Time since last: 27279 ns, Reaching safepoint: 11242 ns, At safepoint: 10425 ns, Total: 21667 ns
[2020-09-11T12:17:06.199+0000][1][safepoint    ] Safepoint "RevokeBias", Time since last: 7787351 ns, Reaching safepoint: 3165133 ns, At safepoint: 32811 ns, Total: 3197944 ns
[2020-09-11T12:17:06.204+0000][1][safepoint    ] Safepoint "RevokeBias", Time since last: 4731308 ns, Reaching safepoint: 107993 ns, At safepoint: 33754 ns, Total: 141747 ns
[2020-09-11T12:17:06.204+0000][1][safepoint    ] Safepoint "RevokeBias", Time since last: 52425 ns, Reaching safepoint: 82815 ns, At safepoint: 21060 ns, Total: 103875 ns
[2020-09-11T12:17:06.204+0000][1][safepoint    ] Safepoint "RevokeBias", Time since last: 29750 ns, Reaching safepoint: 81460 ns, At safepoint: 19547 ns, Total: 101007 ns
[2020-09-11T12:17:06.204+0000][1][safepoint    ] Safepoint "RevokeBias", Time since last: 28751 ns, Reaching safepoint: 82063 ns, At safepoint: 24313 ns, Total: 106376 ns
[2020-09-11T12:17:06.204+0000][1][safepoint    ] Safepoint "RevokeBias", Time since last: 28821 ns, Reaching safepoint: 82043 ns, At safepoint: 22446 ns, Total: 104489 ns
[2020-09-11T12:17:06.204+0000][1][safepoint    ] Safepoint "RevokeBias", Time since last: 28078 ns, Reaching safepoint: 81260 ns, At safepoint: 18950 ns, Total: 100210 ns
[2020-09-11T12:17:06.204+0000][1][safepoint    ] Safepoint "RevokeBias", Time since last: 29761 ns, Reaching safepoint: 81027 ns, At safepoint: 18668 ns, Total: 99695 ns
[2020-09-11T12:17:06.205+0000][1][safepoint    ] Safepoint "RevokeBias", Time since last: 27497 ns, Reaching safepoint: 80711 ns, At safepoint: 18808 ns, Total: 99519 ns
[2020-09-11T12:17:06.205+0000][1][safepoint    ] Safepoint "RevokeBias", Time since last: 26703 ns, Reaching safepoint: 82434 ns, At safepoint: 25833 ns, Total: 108267 ns
[2020-09-11T12:17:06.205+0000][1][safepoint    ] Safepoint "RevokeBias", Time since last: 26736 ns, Reaching safepoint: 81511 ns, At safepoint: 23960 ns, Total: 105471 ns
[2020-09-11T12:17:06.205+0000][1][safepoint    ] Safepoint "RevokeBias", Time since last: 27167 ns, Reaching safepoint: 80504 ns, At safepoint: 19483 ns, Total: 99987 ns
[2020-09-11T12:17:06.205+0000][1][safepoint    ] Safepoint "RevokeBias", Time since last: 26842 ns, Reaching safepoint: 80692 ns, At safepoint: 19310 ns, Total: 100002 ns
[2020-09-11T12:17:06.205+0000][1][safepoint    ] Safepoint "RevokeBias", Time since last: 26264 ns, Reaching safepoint: 91770 ns, At safepoint: 19871 ns, Total: 111641 ns
[2020-09-11T12:17:06.205+0000][1][safepoint    ] Safepoint "RevokeBias", Time since last: 27479 ns, Reaching safepoint: 81717 ns, At safepoint: 20429 ns, Total: 102146 ns
[2020-09-11T12:17:06.205+0000][1][safepoint    ] Safepoint "RevokeBias", Time since last: 26937 ns, Reaching safepoint: 81616 ns, At safepoint: 24931 ns, Total: 106547 ns
[2020-09-11T12:17:06.207+0000][1][safepoint    ] Safepoint "BulkRevokeBias", Time since last: 1012898 ns, Reaching safepoint: 17900 ns, At safepoint: 69978 ns, Total: 87878 ns
[2020-09-11T12:17:06.207+0000][1][safepoint    ] Safepoint "RevokeBias", Time since last: 220035 ns, Reaching safepoint: 14322 ns, At safepoint: 21062 ns, Total: 35384 ns
[2020-09-11T12:17:06.211+0000][1][safepoint    ] Safepoint "RevokeBias", Time since last: 3831498 ns, Reaching safepoint: 191597 ns, At safepoint: 40651 ns, Total: 232248 ns
[2020-09-11T12:17:06.211+0000][1][safepoint    ] Safepoint "RevokeBias", Time since last: 110230 ns, Reaching safepoint: 85412 ns, At safepoint: 26952 ns, Total: 112364 ns
[2020-09-11T12:17:06.211+0000][1][safepoint    ] Safepoint "RevokeBias", Time since last: 44713 ns, Reaching safepoint: 86539 ns, At safepoint: 28212 ns, Total: 114751 ns
[2020-09-11T12:17:06.212+0000][1][safepoint    ] Safepoint "RevokeBias", Time since last: 134731 ns, Reaching safepoint: 83211 ns, At safepoint: 27395 ns, Total: 110606 ns
[2020-09-11T12:17:06.223+0000][1][safepoint    ] Safepoint "RevokeBias", Time since last: 7938218 ns, Reaching safepoint: 3988232 ns, At safepoint: 32674 ns, Total: 4020906 ns
[2020-09-11T12:17:06.224+0000][1][safepoint    ] Safepoint "RevokeBias", Time since last: 138867 ns, Reaching safepoint: 83267 ns, At safepoint: 18178 ns, Total: 101445 ns
[2020-09-11T12:17:06.224+0000][1][safepoint    ] Safepoint "RevokeBias", Time since last: 139860 ns, Reaching safepoint: 83967 ns, At safepoint: 15803 ns, Total: 99770 ns
[2020-09-11T12:17:06.224+0000][1][safepoint    ] Safepoint "RevokeBias", Time since last: 64230 ns, Reaching safepoint: 81125 ns, At safepoint: 15228 ns, Total: 96353 ns
[2020-09-11T12:17:06.224+0000][1][safepoint    ] Safepoint "RevokeBias", Time since last: 39724 ns, Reaching safepoint: 81713 ns, At safepoint: 17702 ns, Total: 99415 ns
[2020-09-11T12:17:06.224+0000][1][safepoint    ] Safepoint "RevokeBias", Time since last: 26975 ns, Reaching safepoint: 79468 ns, At safepoint: 16563 ns, Total: 96031 ns
[2020-09-11T12:17:06.225+0000][1][safepoint    ] Safepoint "RevokeBias", Time since last: 206029 ns, Reaching safepoint: 81554 ns, At safepoint: 16979 ns, Total: 98533 ns
[2020-09-11T12:17:06.225+0000][1][safepoint    ] Safepoint "RevokeBias", Time since last: 103328 ns, Reaching safepoint: 81630 ns, At safepoint: 20103 ns, Total: 101733 ns
[2020-09-11T12:17:06.228+0000][1][safepoint    ] Safepoint "RevokeBias", Time since last: 2549899 ns, Reaching safepoint: 118861 ns, At safepoint: 36548 ns, Total: 155409 ns
[2020-09-11T12:17:06.228+0000][1][safepoint    ] Safepoint "RevokeBias", Time since last: 601652 ns, Reaching safepoint: 85960 ns, At safepoint: 27428 ns, Total: 113388 ns
[2020-09-11T12:17:06.228+0000][1][safepoint    ] Safepoint "RevokeBias", Time since last: 78042 ns, Reaching safepoint: 83196 ns, At safepoint: 26425 ns, Total: 109621 ns
[2020-09-11T12:17:06.230+0000][1][safepoint    ] Safepoint "RevokeBias", Time since last: 197728 ns, Reaching safepoint: 144443 ns, At safepoint: 1429627 ns, Total: 1574070 ns
[2020-09-11T12:17:06.252+0000][1][safepoint    ] Safepoint "RevokeBias", Time since last: 21170080 ns, Reaching safepoint: 125453 ns, At safepoint: 42990 ns, Total: 168443 ns
[2020-09-11T12:17:06.253+0000][1][safepoint    ] Safepoint "RevokeBias", Time since last: 929526 ns, Reaching safepoint: 89873 ns, At safepoint: 29644 ns, Total: 119517 ns
[2020-09-11T12:17:06.253+0000][1][safepoint    ] Safepoint "RevokeBias", Time since last: 557042 ns, Reaching safepoint: 94779 ns, At safepoint: 25243 ns, Total: 120022 ns
[2020-09-11T12:17:06.253+0000][1][safepoint    ] Safepoint "RevokeBias", Time since last: 34055 ns, Reaching safepoint: 84006 ns, At safepoint: 21324 ns, Total: 105330 ns
[2020-09-11T12:17:06.565+0000][1][safepoint    ] Safepoint "RevokeBias", Time since last: 311210884 ns, Reaching safepoint: 120358 ns, At safepoint: 14153 ns, Total: 134511 ns
[2020-09-11T12:17:06.566+0000][1][safepoint    ] Safepoint "RevokeBias", Time since last: 1050347 ns, Reaching safepoint: 92352 ns, At safepoint: 10866 ns, Total: 103218 ns
[2020-09-11T12:17:06.566+0000][1][safepoint    ] Safepoint "RevokeBias", Time since last: 192880 ns, Reaching safepoint: 83115 ns, At safepoint: 8126 ns, Total: 91241 ns
[2020-09-11T12:17:07.048+0000][1][gc,start     ] GC(61) Pause Young (Allocation Failure)
[2020-09-11T12:17:07.048+0000][1][gc,task      ] GC(61) Using 1 workers of 1 for evacuation
[2020-09-11T12:17:07.236+0000][1][gc,age       ] GC(61) Desired survivor size 4358144 bytes, new threshold 2 (max threshold 6)
[2020-09-11T12:17:07.236+0000][1][gc,age       ] GC(61) Age table with threshold 2 (max threshold 6)
[2020-09-11T12:17:07.236+0000][1][gc,age       ] GC(61) - age   1:    2198368 bytes,    2198368 total
[2020-09-11T12:17:07.236+0000][1][gc,age       ] GC(61) - age   2:    2614808 bytes,    4813176 total
[2020-09-11T12:17:07.236+0000][1][gc,heap      ] GC(61) ParNew: 76672K->6184K(76672K)
[2020-09-11T12:17:07.236+0000][1][gc,heap      ] GC(61) CMS: 50007K->54105K(2011968K)
[2020-09-11T12:17:07.236+0000][1][gc,metaspace ] GC(61) Metaspace: 52605K->52605K(1097728K)
[2020-09-11T12:17:07.236+0000][1][gc           ] GC(61) Pause Young (Allocation Failure) 123M->58M(2039M) 188.418ms
[2020-09-11T12:17:07.236+0000][1][gc,cpu       ] GC(61) User=0.09s Sys=0.01s Real=0.19s
[2020-09-11T12:17:07.243+0000][1][safepoint    ] Safepoint "GenCollectForAllocation", Time since last: 481172134 ns, Reaching safepoint: 400231 ns, At safepoint: 194942093 ns, Total: 195342324 ns
[2020-09-11T12:17:07.280+0000][1][safepoint    ] Safepoint "RevokeBias", Time since last: 36650940 ns, Reaching safepoint: 115468 ns, At safepoint: 15775 ns, Total: 131243 ns
[2020-09-11T12:17:07.280+0000][1][safepoint    ] Safepoint "RevokeBias", Time since last: 77422 ns, Reaching safepoint: 11505 ns, At safepoint: 8397 ns, Total: 19902 ns
[2020-09-11T12:17:07.280+0000][1][safepoint    ] Safepoint "RevokeBias", Time since last: 26307 ns, Reaching safepoint: 9893 ns, At safepoint: 7284 ns, Total: 17177 ns
[2020-09-11T12:17:07.280+0000][1][safepoint    ] Safepoint "RevokeBias", Time since last: 25408 ns, Reaching safepoint: 9737 ns, At safepoint: 6927 ns, Total: 16664 ns
[2020-09-11T12:17:07.280+0000][1][safepoint    ] Safepoint "RevokeBias", Time since last: 26755 ns, Reaching safepoint: 9527 ns, At safepoint: 7089 ns, Total: 16616 ns
[2020-09-11T12:17:07.280+0000][1][safepoint    ] Safepoint "RevokeBias", Time since last: 28327 ns, Reaching safepoint: 9442 ns, At safepoint: 6934 ns, Total: 16376 ns
[2020-09-11T12:17:08.114+0000][1][safepoint    ] Safepoint "RevokeBias", Time since last: 833797377 ns, Reaching safepoint: 434195 ns, At safepoint: 16543 ns, Total: 450738 ns
[2020-09-11T12:17:09.116+0000][1][safepoint    ] Safepoint "Cleanup", Time since last: 1001370618 ns, Reaching safepoint: 113824 ns, At safepoint: 6674 ns, Total: 120498 ns
[2020-09-11T12:17:09.502+0000][1][safepoint    ] Safepoint "CollectForMetadataAllocation", Time since last: 385867569 ns, Reaching safepoint: 441375 ns, At safepoint: 78824 ns, Total: 520199 ns
[2020-09-11T12:17:09.725+0000][1][safepoint    ] Safepoint "CollectForMetadataAllocation", Time since last: 221485746 ns, Reaching safepoint: 928781 ns, At safepoint: 142751 ns, Total: 1071532 ns
[2020-09-11T12:17:09.760+0000][1][safepoint    ] Safepoint "CollectForMetadataAllocation", Time since last: 35524344 ns, Reaching safepoint: 106573 ns, At safepoint: 143922 ns, Total: 250495 ns
[2020-09-11T12:17:09.796+0000][1][gc,start     ] GC(62) Pause Young (Allocation Failure)
[2020-09-11T12:17:09.796+0000][1][gc,task      ] GC(62) Using 1 workers of 1 for evacuation
[2020-09-11T12:17:09.866+0000][1][gc,age       ] GC(62) Desired survivor size 4358144 bytes, new threshold 6 (max threshold 6)
[2020-09-11T12:17:09.866+0000][1][gc,age       ] GC(62) Age table with threshold 6 (max threshold 6)
[2020-09-11T12:17:09.866+0000][1][gc,age       ] GC(62) - age   1:    1706400 bytes,    1706400 total
[2020-09-11T12:17:09.866+0000][1][gc,age       ] GC(62) - age   2:    2167248 bytes,    3873648 total
[2020-09-11T12:17:09.866+0000][1][gc,heap      ] GC(62) ParNew: 74344K->5071K(76672K)
[2020-09-11T12:17:09.866+0000][1][gc,heap      ] GC(62) CMS: 54105K->56770K(2011968K)
[2020-09-11T12:17:09.866+0000][1][gc,metaspace ] GC(62) Metaspace: 60675K->60675K(1105920K)
[2020-09-11T12:17:09.866+0000][1][gc           ] GC(62) Pause Young (Allocation Failure) 125M->60M(2039M) 70.506ms
[2020-09-11T12:17:09.866+0000][1][gc,cpu       ] GC(62) User=0.03s Sys=0.00s Real=0.07s
[2020-09-11T12:17:09.867+0000][1][safepoint    ] Safepoint "GenCollectForAllocation", Time since last: 35165707 ns, Reaching safepoint: 117942 ns, At safepoint: 71076324 ns, Total: 71194266 ns
[2020-09-11T12:17:09.873+0000][1][gc,start     ] GC(63) Pause Initial Mark
[2020-09-11T12:17:09.881+0000][1][gc           ] GC(63) Pause Initial Mark 61M->61M(2039M) 8.220ms
[2020-09-11T12:17:09.881+0000][1][gc,cpu       ] GC(63) User=0.00s Sys=0.00s Real=0.01s
[2020-09-11T12:17:09.895+0000][1][safepoint    ] Safepoint "CMS_Initial_Mark", Time since last: 6093464 ns, Reaching safepoint: 111457 ns, At safepoint: 22559396 ns, Total: 22670853 ns
[2020-09-11T12:17:09.895+0000][1][gc           ] GC(63) Concurrent Mark
[2020-09-11T12:17:10.032+0000][1][safepoint    ] Safepoint "CollectForMetadataAllocation", Time since last: 128103799 ns, Reaching safepoint: 7981256 ns, At safepoint: 114506 ns, Total: 8095762 ns
[2020-09-11T12:17:10.116+0000][1][safepoint    ] Safepoint "CollectForMetadataAllocation", Time since last: 84525369 ns, Reaching safepoint: 52461 ns, At safepoint: 109933 ns, Total: 162394 ns
[2020-09-11T12:17:10.245+0000][1][gc           ] GC(63) Concurrent Mark 349.234ms
[2020-09-11T12:17:10.245+0000][1][gc,cpu       ] GC(63) User=0.17s Sys=0.00s Real=0.35s
[2020-09-11T12:17:10.245+0000][1][gc           ] GC(63) Concurrent Preclean
[2020-09-11T12:17:10.278+0000][1][gc           ] GC(63) Concurrent Preclean 33.645ms
[2020-09-11T12:17:10.278+0000][1][gc,cpu       ] GC(63) User=0.01s Sys=0.01s Real=0.03s
[2020-09-11T12:17:10.278+0000][1][gc           ] GC(63) Concurrent Abortable Preclean
[2020-09-11T12:17:10.316+0000][1][safepoint    ] Safepoint "RevokeBias", Time since last: 195152081 ns, Reaching safepoint: 4610893 ns, At safepoint: 28438 ns, Total: 4639331 ns
[2020-09-11T12:17:10.316+0000][1][safepoint    ] Safepoint "RevokeBias", Time since last: 100426 ns, Reaching safepoint: 10717 ns, At safepoint: 15056 ns, Total: 25773 ns
[2020-09-11T12:17:10.316+0000][1][safepoint    ] Safepoint "RevokeBias", Time since last: 102963 ns, Reaching safepoint: 10689 ns, At safepoint: 15175 ns, Total: 25864 ns
[2020-09-11T12:17:10.339+0000][1][safepoint    ] Safepoint "RevokeBias", Time since last: 13596535 ns, Reaching safepoint: 9525414 ns, At safepoint: 30993 ns, Total: 9556407 ns
[2020-09-11T12:17:10.404+0000][1][safepoint    ] Safepoint "CollectForMetadataAllocation", Time since last: 55977719 ns, Reaching safepoint: 7990103 ns, At safepoint: 125225 ns, Total: 8115328 ns
[2020-09-11T12:17:10.592+0000][1][safepoint    ] Safepoint "CollectForMetadataAllocation", Time since last: 187962887 ns, Reaching safepoint: 127906 ns, At safepoint: 123140 ns, Total: 251046 ns
[2020-09-11T12:17:11.001+0000][1][safepoint    ] Safepoint "CollectForMetadataAllocation", Time since last: 409130316 ns, Reaching safepoint: 59559 ns, At safepoint: 88394 ns, Total: 147953 ns
[2020-09-11T12:17:11.152+0000][1][safepoint    ] Safepoint "CollectForMetadataAllocation", Time since last: 142347110 ns, Reaching safepoint: 8069058 ns, At safepoint: 140334 ns, Total: 8209392 ns
[2020-09-11T12:17:11.307+0000][1][safepoint    ] Safepoint "RevokeBias", Time since last: 147228023 ns, Reaching safepoint: 8598816 ns, At safepoint: 12671 ns, Total: 8611487 ns
[2020-09-11T12:17:11.404+0000][1][safepoint    ] Safepoint "CollectForMetadataAllocation", Time since last: 95962138 ns, Reaching safepoint: 65898 ns, At safepoint: 126181 ns, Total: 192079 ns
[2020-09-11T12:17:11.654+0000][1][safepoint    ] Safepoint "Deoptimize", Time since last: 250170607 ns, Reaching safepoint: 112173 ns, At safepoint: 335810 ns, Total: 447983 ns
[2020-09-11T12:17:11.803+0000][1][safepoint    ] Safepoint "CollectForMetadataAllocation", Time since last: 148208545 ns, Reaching safepoint: 114378 ns, At safepoint: 89349 ns, Total: 203727 ns
[2020-09-11T12:17:12.084+0000][1][safepoint    ] Safepoint "CollectForMetadataAllocation", Time since last: 274294606 ns, Reaching safepoint: 6525584 ns, At safepoint: 111486 ns, Total: 6637070 ns
[2020-09-11T12:17:12.310+0000][1][safepoint    ] Safepoint "CollectForMetadataAllocation", Time since last: 226201273 ns, Reaching safepoint: 55514 ns, At safepoint: 61335 ns, Total: 116849 ns
[2020-09-11T12:17:12.358+0000][1][safepoint    ] Safepoint "BulkRevokeBias", Time since last: 48379685 ns, Reaching safepoint: 121611 ns, At safepoint: 90429 ns, Total: 212040 ns
[2020-09-11T12:17:12.724+0000][1][safepoint    ] Safepoint "CollectForMetadataAllocation", Time since last: 364934789 ns, Reaching safepoint: 137408 ns, At safepoint: 92739 ns, Total: 230147 ns
[2020-09-11T12:17:13.075+0000][1][safepoint    ] Safepoint "CollectForMetadataAllocation", Time since last: 337265970 ns, Reaching safepoint: 14298963 ns, At safepoint: 122641 ns, Total: 14421604 ns
[2020-09-11T12:17:13.158+0000][1][safepoint    ] Safepoint "CollectForMetadataAllocation", Time since last: 82270001 ns, Reaching safepoint: 108038 ns, At safepoint: 115001 ns, Total: 223039 ns
[2020-09-11T12:17:13.305+0000][1][safepoint    ] Safepoint "CollectForMetadataAllocation", Time since last: 145001477 ns, Reaching safepoint: 2481983 ns, At safepoint: 133018 ns, Total: 2615001 ns
[2020-09-11T12:17:13.392+0000][1][safepoint    ] Safepoint "CollectForMetadataAllocation", Time since last: 86251144 ns, Reaching safepoint: 46674 ns, At safepoint: 72201 ns, Total: 118875 ns
[2020-09-11T12:17:13.682+0000][1][safepoint    ] Safepoint "CollectForMetadataAllocation", Time since last: 287598152 ns, Reaching safepoint: 2709786 ns, At safepoint: 125476 ns, Total: 2835262 ns
[2020-09-11T12:17:13.808+0000][1][safepoint    ] Safepoint "CollectForMetadataAllocation", Time since last: 125155883 ns, Reaching safepoint: 104945 ns, At safepoint: 114937 ns, Total: 219882 ns
[2020-09-11T12:17:13.944+0000][1][safepoint    ] Safepoint "CollectForMetadataAllocation", Time since last: 135790924 ns, Reaching safepoint: 115852 ns, At safepoint: 129186 ns, Total: 245038 ns
[2020-09-11T12:17:14.117+0000][1][gc,start     ] GC(64) Pause Young (Allocation Failure)
[2020-09-11T12:17:14.117+0000][1][gc,task      ] GC(64) Using 1 workers of 1 for evacuation
[2020-09-11T12:17:14.192+0000][1][gc,age       ] GC(64) Desired survivor size 4358144 bytes, new threshold 2 (max threshold 6)
[2020-09-11T12:17:14.192+0000][1][gc,age       ] GC(64) Age table with threshold 2 (max threshold 6)
[2020-09-11T12:17:14.192+0000][1][gc,age       ] GC(64) - age   1:    3517608 bytes,    3517608 total
[2020-09-11T12:17:14.192+0000][1][gc,age       ] GC(64) - age   2:    1528784 bytes,    5046392 total
[2020-09-11T12:17:14.192+0000][1][gc,age       ] GC(64) - age   3:    2120048 bytes,    7166440 total
[2020-09-11T12:17:14.193+0000][1][gc,heap      ] GC(64) ParNew: 73231K->8210K(76672K)
[2020-09-11T12:17:14.193+0000][1][gc,heap      ] GC(64) CMS: 56770K->56770K(2011968K)
[2020-09-11T12:17:14.193+0000][1][gc,metaspace ] GC(64) Metaspace: 66539K->66539K(1110016K)
[2020-09-11T12:17:14.193+0000][1][gc           ] GC(64) Pause Young (Allocation Failure) 126M->63M(2039M) 75.429ms
[2020-09-11T12:17:14.193+0000][1][gc,cpu       ] GC(64) User=0.04s Sys=0.00s Real=0.07s
[2020-09-11T12:17:14.215+0000][1][safepoint    ] Safepoint "GenCollectForAllocation", Time since last: 173343834 ns, Reaching safepoint: 107544 ns, At safepoint: 98294338 ns, Total: 98401882 ns
[2020-09-11T12:17:14.253+0000][1][safepoint    ] Safepoint "CollectForMetadataAllocation", Time since last: 36721969 ns, Reaching safepoint: 392598 ns, At safepoint: 109825 ns, Total: 502423 ns
[2020-09-11T12:17:14.308+0000][1][safepoint    ] Safepoint "CollectForMetadataAllocation", Time since last: 54854939 ns, Reaching safepoint: 48037 ns, At safepoint: 119338 ns, Total: 167375 ns
[2020-09-11T12:17:14.448+0000][1][safepoint    ] Safepoint "CollectForMetadataAllocation", Time since last: 138249895 ns, Reaching safepoint: 1542859 ns, At safepoint: 69903 ns, Total: 1612762 ns
[2020-09-11T12:17:14.469+0000][1][safepoint    ] Safepoint "BulkRevokeBias", Time since last: 20876070 ns, Reaching safepoint: 42890 ns, At safepoint: 60433 ns, Total: 103323 ns
[2020-09-11T12:17:14.473+0000][1][safepoint    ] Safepoint "CollectForMetadataAllocation", Time since last: 4388588 ns, Reaching safepoint: 40563 ns, At safepoint: 104610 ns, Total: 145173 ns
[2020-09-11T12:17:14.532+0000][1][safepoint    ] Safepoint "CollectForMetadataAllocation", Time since last: 58813555 ns, Reaching safepoint: 41144 ns, At safepoint: 120098 ns, Total: 161242 ns
[2020-09-11T12:17:14.580+0000][1][safepoint    ] Safepoint "CollectForMetadataAllocation", Time since last: 47405601 ns, Reaching safepoint: 52512 ns, At safepoint: 120593 ns, Total: 173105 ns
[2020-09-11T12:17:14.591+0000][1][safepoint    ] Safepoint "Deoptimize", Time since last: 10841644 ns, Reaching safepoint: 41604 ns, At safepoint: 331499 ns, Total: 373103 ns
[2020-09-11T12:17:14.616+0000][1][safepoint    ] Safepoint "CollectForMetadataAllocation", Time since last: 21431606 ns, Reaching safepoint: 3209291 ns, At safepoint: 120118 ns, Total: 3329409 ns
[2020-09-11T12:17:14.618+0000][1][safepoint    ] Safepoint "Deoptimize", Time since last: 2253818 ns, Reaching safepoint: 95873 ns, At safepoint: 337857 ns, Total: 433730 ns
[2020-09-11T12:17:14.670+0000][1][safepoint    ] Safepoint "CollectForMetadataAllocation", Time since last: 51366247 ns, Reaching safepoint: 142104 ns, At safepoint: 117958 ns, Total: 260062 ns
[2020-09-11T12:17:14.778+0000][1][safepoint    ] Safepoint "CollectForMetadataAllocation", Time since last: 105510811 ns, Reaching safepoint: 2399184 ns, At safepoint: 123491 ns, Total: 2522675 ns
[2020-09-11T12:17:14.807+0000][1][safepoint    ] Safepoint "RevokeBias", Time since last: 24730715 ns, Reaching safepoint: 4812462 ns, At safepoint: 20177 ns, Total: 4832639 ns
[2020-09-11T12:17:14.808+0000][1][safepoint    ] Safepoint "RevokeBias", Time since last: 453392 ns, Reaching safepoint: 84333 ns, At safepoint: 18224 ns, Total: 102557 ns
[2020-09-11T12:17:14.814+0000][1][safepoint    ] Safepoint "RevokeBias", Time since last: 4047036 ns, Reaching safepoint: 1443039 ns, At safepoint: 21229 ns, Total: 1464268 ns
[2020-09-11T12:17:14.815+0000][1][safepoint    ] Safepoint "RevokeBias", Time since last: 1064040 ns, Reaching safepoint: 95967 ns, At safepoint: 18765 ns, Total: 114732 ns
[2020-09-11T12:17:14.815+0000][1][safepoint    ] Safepoint "RevokeBias", Time since last: 45178 ns, Reaching safepoint: 13839 ns, At safepoint: 13340 ns, Total: 27179 ns
[2020-09-11T12:17:14.815+0000][1][safepoint    ] Safepoint "RevokeBias", Time since last: 152758 ns, Reaching safepoint: 15117 ns, At safepoint: 13282 ns, Total: 28399 ns
[2020-09-11T12:17:14.815+0000][1][safepoint    ] Safepoint "RevokeBias", Time since last: 171818 ns, Reaching safepoint: 11210 ns, At safepoint: 13307 ns, Total: 24517 ns
[2020-09-11T12:17:14.815+0000][1][safepoint    ] Safepoint "RevokeBias", Time since last: 140561 ns, Reaching safepoint: 12606 ns, At safepoint: 13274 ns, Total: 25880 ns
[2020-09-11T12:17:14.815+0000][1][safepoint    ] Safepoint "RevokeBias", Time since last: 77738 ns, Reaching safepoint: 11861 ns, At safepoint: 12687 ns, Total: 24548 ns
[2020-09-11T12:17:14.816+0000][1][safepoint    ] Safepoint "RevokeBias", Time since last: 417855 ns, Reaching safepoint: 11013 ns, At safepoint: 13375 ns, Total: 24388 ns
[2020-09-11T12:17:14.819+0000][1][safepoint    ] Safepoint "RevokeBias", Time since last: 1998612 ns, Reaching safepoint: 1326291 ns, At safepoint: 21472 ns, Total: 1347763 ns
[2020-09-11T12:17:14.820+0000][1][safepoint    ] Safepoint "RevokeBias", Time since last: 339977 ns, Reaching safepoint: 126218 ns, At safepoint: 17880 ns, Total: 144098 ns
[2020-09-11T12:17:14.834+0000][1][safepoint    ] Safepoint "RevokeBias", Time since last: 11952015 ns, Reaching safepoint: 2451135 ns, At safepoint: 16331 ns, Total: 2467466 ns
[2020-09-11T12:17:14.834+0000][1][safepoint    ] Safepoint "RevokeBias", Time since last: 99092 ns, Reaching safepoint: 11310 ns, At safepoint: 13339 ns, Total: 24649 ns
[2020-09-11T12:17:14.834+0000][1][safepoint    ] Safepoint "RevokeBias", Time since last: 50782 ns, Reaching safepoint: 10432 ns, At safepoint: 12734 ns, Total: 23166 ns
[2020-09-11T12:17:14.835+0000][1][safepoint    ] Safepoint "RevokeBias", Time since last: 151658 ns, Reaching safepoint: 10954 ns, At safepoint: 12951 ns, Total: 23905 ns
[2020-09-11T12:17:14.835+0000][1][safepoint    ] Safepoint "RevokeBias", Time since last: 51494 ns, Reaching safepoint: 10412 ns, At safepoint: 12673 ns, Total: 23085 ns
[2020-09-11T12:17:14.837+0000][1][safepoint    ] Safepoint "Deoptimize", Time since last: 2387344 ns, Reaching safepoint: 95019 ns, At safepoint: 334519 ns, Total: 429538 ns
[2020-09-11T12:17:14.921+0000][1][safepoint    ] Safepoint "CollectForMetadataAllocation", Time since last: 83660733 ns, Reaching safepoint: 59524 ns, At safepoint: 119917 ns, Total: 179441 ns
[2020-09-11T12:17:14.933+0000][1][safepoint    ] Safepoint "RevokeBias", Time since last: 11284273 ns, Reaching safepoint: 42376 ns, At safepoint: 24417 ns, Total: 66793 ns
[2020-09-11T12:17:15.003+0000][1][safepoint    ] Safepoint "CollectForMetadataAllocation", Time since last: 70014867 ns, Reaching safepoint: 59489 ns, At safepoint: 70728 ns, Total: 130217 ns
[2020-09-11T12:17:15.080+0000][1][safepoint    ] Safepoint "CollectForMetadataAllocation", Time since last: 77300400 ns, Reaching safepoint: 112858 ns, At safepoint: 126643 ns, Total: 239501 ns
[2020-09-11T12:17:15.140+0000][1][safepoint    ] Safepoint "RevokeBias", Time since last: 52190190 ns, Reaching safepoint: 7022407 ns, At safepoint: 30061 ns, Total: 7052468 ns
[2020-09-11T12:17:15.208+0000][1][safepoint    ] Safepoint "CollectForMetadataAllocation", Time since last: 64114915 ns, Reaching safepoint: 3841384 ns, At safepoint: 124318 ns, Total: 3965702 ns
[2020-09-11T12:17:15.220+0000][1][safepoint    ] Safepoint "Deoptimize", Time since last: 7797864 ns, Reaching safepoint: 4056739 ns, At safepoint: 346411 ns, Total: 4403150 ns
[2020-09-11T12:17:15.244+0000][1][safepoint    ] Safepoint "RevokeBias", Time since last: 19939266 ns, Reaching safepoint: 3740647 ns, At safepoint: 27485 ns, Total: 3768132 ns
[2020-09-11T12:17:15.310+0000][1][safepoint    ] Safepoint "CollectForMetadataAllocation", Time since last: 66160408 ns, Reaching safepoint: 109611 ns, At safepoint: 128854 ns, Total: 238465 ns
[2020-09-11T12:17:15.332+0000][1][safepoint    ] Safepoint "RevokeBias", Time since last: 15972890 ns, Reaching safepoint: 6080775 ns, At safepoint: 26595 ns, Total: 6107370 ns
[2020-09-11T12:17:15.351+0000][1][safepoint    ] Safepoint "RevokeBias", Time since last: 15735779 ns, Reaching safepoint: 3174866 ns, At safepoint: 23147 ns, Total: 3198013 ns
[2020-09-11T12:17:15.351+0000][1][safepoint    ] Safepoint "RevokeBias", Time since last: 54913 ns, Reaching safepoint: 90053 ns, At safepoint: 17152 ns, Total: 107205 ns
[2020-09-11T12:17:15.351+0000][1][safepoint    ] Safepoint "RevokeBias", Time since last: 131849 ns, Reaching safepoint: 94326 ns, At safepoint: 16839 ns, Total: 111165 ns
[2020-09-11T12:17:15.352+0000][1][safepoint    ] Safepoint "RevokeBias", Time since last: 201783 ns, Reaching safepoint: 93955 ns, At safepoint: 17088 ns, Total: 111043 ns
[2020-09-11T12:17:15.352+0000][1][safepoint    ] Safepoint "RevokeBias", Time since last: 37469 ns, Reaching safepoint: 88620 ns, At safepoint: 16400 ns, Total: 105020 ns
[2020-09-11T12:17:15.355+0000][1][safepoint    ] Safepoint "RevokeBias", Time since last: 2889547 ns, Reaching safepoint: 190086 ns, At safepoint: 19971 ns, Total: 210057 ns
[2020-09-11T12:17:15.367+0000][1][safepoint    ] Safepoint "RevokeBias", Time since last: 5660456 ns, Reaching safepoint: 6001549 ns, At safepoint: 17133 ns, Total: 6018682 ns
[2020-09-11T12:17:15.367+0000][1][safepoint    ] Safepoint "RevokeBias", Time since last: 89293 ns, Reaching safepoint: 18163 ns, At safepoint: 9654 ns, Total: 27817 ns
[2020-09-11T12:17:15.368+0000][1][safepoint    ] Safepoint "RevokeBias", Time since last: 1145304 ns, Reaching safepoint: 88408 ns, At safepoint: 14865 ns, Total: 103273 ns
[2020-09-11T12:17:15.380+0000][1][safepoint    ] Safepoint "RevokeBias", Time since last: 7482643 ns, Reaching safepoint: 4079973 ns, At safepoint: 17025 ns, Total: 4096998 ns
[2020-09-11T12:17:15.380+0000][1][safepoint    ] Safepoint "RevokeBias", Time since last: 367054 ns, Reaching safepoint: 88113 ns, At safepoint: 12557 ns, Total: 100670 ns
[2020-09-11T12:17:15.391+0000][1][safepoint    ] Safepoint "RevokeBias", Time since last: 8172966 ns, Reaching safepoint: 3314880 ns, At safepoint: 16437 ns, Total: 3331317 ns
[2020-09-11T12:17:15.427+0000][1][gc           ] GC(63) Concurrent Abortable Preclean 5148.490ms
[2020-09-11T12:17:15.427+0000][1][gc,cpu       ] GC(63) User=2.82s Sys=0.04s Real=5.15s
[2020-09-11T12:17:15.431+0000][1][gc,start     ] GC(63) Pause Remark
[2020-09-11T12:17:15.458+0000][1][gc           ] GC(63) Pause Remark 93M->93M(2039M) 26.681ms
[2020-09-11T12:17:15.458+0000][1][gc,cpu       ] GC(63) User=0.02s Sys=0.00s Real=0.03s
[2020-09-11T12:17:15.467+0000][1][safepoint    ] Safepoint "CMS_Final_Remark", Time since last: 39959529 ns, Reaching safepoint: 35883 ns, At safepoint: 35149507 ns, Total: 35185390 ns
[2020-09-11T12:17:15.467+0000][1][gc           ] GC(63) Concurrent Sweep
[2020-09-11T12:17:15.472+0000][1][safepoint    ] Safepoint "RevokeBias", Time since last: 4244746 ns, Reaching safepoint: 732740 ns, At safepoint: 18566 ns, Total: 751306 ns
[2020-09-11T12:17:15.472+0000][1][safepoint    ] Safepoint "RevokeBias", Time since last: 100961 ns, Reaching safepoint: 14091 ns, At safepoint: 8741 ns, Total: 22832 ns
[2020-09-11T12:17:15.472+0000][1][safepoint    ] Safepoint "RevokeBias", Time since last: 31909 ns, Reaching safepoint: 10984 ns, At safepoint: 7929 ns, Total: 18913 ns
[2020-09-11T12:17:15.472+0000][1][safepoint    ] Safepoint "RevokeBias", Time since last: 29710 ns, Reaching safepoint: 10779 ns, At safepoint: 7732 ns, Total: 18511 ns
[2020-09-11T12:17:15.472+0000][1][safepoint    ] Safepoint "RevokeBias", Time since last: 29306 ns, Reaching safepoint: 10764 ns, At safepoint: 7674 ns, Total: 18438 ns
[2020-09-11T12:17:15.472+0000][1][safepoint    ] Safepoint "RevokeBias", Time since last: 33783 ns, Reaching safepoint: 10639 ns, At safepoint: 7663 ns, Total: 18302 ns
[2020-09-11T12:17:15.472+0000][1][safepoint    ] Safepoint "RevokeBias", Time since last: 30329 ns, Reaching safepoint: 10565 ns, At safepoint: 7749 ns, Total: 18314 ns
[2020-09-11T12:17:15.472+0000][1][safepoint    ] Safepoint "RevokeBias", Time since last: 30737 ns, Reaching safepoint: 10493 ns, At safepoint: 7706 ns, Total: 18199 ns
[2020-09-11T12:17:15.489+0000][1][gc           ] GC(63) Concurrent Sweep 22.680ms
[2020-09-11T12:17:15.489+0000][1][gc,cpu       ] GC(63) User=0.03s Sys=0.00s Real=0.02s
[2020-09-11T12:17:15.489+0000][1][gc           ] GC(63) Concurrent Reset
[2020-09-11T12:17:15.493+0000][1][gc           ] GC(63) Concurrent Reset 3.475ms
[2020-09-11T12:17:15.493+0000][1][gc,cpu       ] GC(63) User=0.00s Sys=0.00s Real=0.00s
[2020-09-11T12:17:15.493+0000][1][gc,heap      ] GC(63) Old: 56770K->55847K(2011968K)
[2020-09-11T12:17:15.633+0000][1][safepoint    ] Safepoint "RevokeBias", Time since last: 160949249 ns, Reaching safepoint: 34011 ns, At safepoint: 18361 ns, Total: 52372 ns
[2020-09-11T12:17:15.633+0000][1][safepoint    ] Safepoint "RevokeBias", Time since last: 48274 ns, Reaching safepoint: 14700 ns, At safepoint: 8782 ns, Total: 23482 ns
[2020-09-11T12:17:16.306+0000][1][safepoint    ] Safepoint "RevokeBias", Time since last: 672304800 ns, Reaching safepoint: 151678 ns, At safepoint: 15364 ns, Total: 167042 ns
[2020-09-11T12:17:16.324+0000][1][safepoint    ] Safepoint "RevokeBias", Time since last: 18614034 ns, Reaching safepoint: 148368 ns, At safepoint: 12251 ns, Total: 160619 ns
[2020-09-11T12:17:16.325+0000][1][safepoint    ] Safepoint "RevokeBias", Time since last: 884037 ns, Reaching safepoint: 145447 ns, At safepoint: 10901 ns, Total: 156348 ns
[2020-09-11T12:17:16.326+0000][1][safepoint    ] Safepoint "RevokeBias", Time since last: 100234 ns, Reaching safepoint: 138175 ns, At safepoint: 9286 ns, Total: 147461 ns
[2020-09-11T12:17:16.328+0000][1][safepoint    ] Safepoint "RevokeBias", Time since last: 2389659 ns, Reaching safepoint: 149793 ns, At safepoint: 11560 ns, Total: 161353 ns
[2020-09-11T12:17:16.328+0000][1][safepoint    ] Safepoint "RevokeBias", Time since last: 84045 ns, Reaching safepoint: 139427 ns, At safepoint: 8781 ns, Total: 148208 ns
[2020-09-11T12:17:16.329+0000][1][safepoint    ] Safepoint "RevokeBias", Time since last: 68633 ns, Reaching safepoint: 137161 ns, At safepoint: 8679 ns, Total: 145840 ns
[2020-09-11T12:17:16.329+0000][1][safepoint    ] Safepoint "RevokeBias", Time since last: 65810 ns, Reaching safepoint: 139555 ns, At safepoint: 8427 ns, Total: 147982 ns
[2020-09-11T12:17:17.327+0000][1][safepoint    ] Safepoint "RevokeBias", Time since last: 997914934 ns, Reaching safepoint: 159058 ns, At safepoint: 14601 ns, Total: 173659 ns
[2020-09-11T12:17:17.634+0000][1][safepoint    ] Safepoint "RevokeBias", Time since last: 306529167 ns, Reaching safepoint: 71083 ns, At safepoint: 44054 ns, Total: 115137 ns
[2020-09-11T12:17:18.336+0000][1][safepoint    ] Safepoint "RevokeBias", Time since last: 701909313 ns, Reaching safepoint: 114879 ns, At safepoint: 20719 ns, Total: 135598 ns
[2020-09-11T12:17:20.336+0000][1][safepoint    ] Safepoint "Cleanup", Time since last: 2000239210 ns, Reaching safepoint: 84269 ns, At safepoint: 7308 ns, Total: 91577 ns
[2020-09-11T12:17:22.336+0000][1][safepoint    ] Safepoint "Cleanup", Time since last: 2000319473 ns, Reaching safepoint: 64900 ns, At safepoint: 15370 ns, Total: 80270 ns
[2020-09-11T12:17:23.337+0000][1][safepoint    ] Safepoint "Cleanup", Time since last: 1000171476 ns, Reaching safepoint: 73857 ns, At safepoint: 6811 ns, Total: 80668 ns
[2020-09-11T12:17:24.330+0000][1][safepoint    ] Safepoint "BulkRevokeBias", Time since last: 993089742 ns, Reaching safepoint: 36181 ns, At safepoint: 188082 ns, Total: 224263 ns
[2020-09-11T12:17:24.330+0000][1][safepoint    ] Safepoint "RevokeBias", Time since last: 60950 ns, Reaching safepoint: 16097 ns, At safepoint: 21844 ns, Total: 37941 ns
[2020-09-11T12:17:25.331+0000][1][safepoint    ] Safepoint "Cleanup", Time since last: 1000308735 ns, Reaching safepoint: 159975 ns, At safepoint: 7441 ns, Total: 167416 ns
[2020-09-11T12:17:26.331+0000][1][safepoint    ] Safepoint "Cleanup", Time since last: 1000703503 ns, Reaching safepoint: 225274 ns, At safepoint: 18238 ns, Total: 243512 ns
[2020-09-11T12:17:26.334+0000][1][safepoint    ] Safepoint "RevokeBias", Time since last: 2817404 ns, Reaching safepoint: 146179 ns, At safepoint: 11811 ns, Total: 157990 ns
[2020-09-11T12:17:26.335+0000][1][safepoint    ] Safepoint "RevokeBias", Time since last: 72778 ns, Reaching safepoint: 139901 ns, At safepoint: 9109 ns, Total: 149010 ns
[2020-09-11T12:17:26.335+0000][1][safepoint    ] Safepoint "RevokeBias", Time since last: 61830 ns, Reaching safepoint: 137784 ns, At safepoint: 8765 ns, Total: 146549 ns
[2020-09-11T12:17:27.335+0000][1][safepoint    ] Safepoint "Cleanup", Time since last: 1000109678 ns, Reaching safepoint: 265686 ns, At safepoint: 21345 ns, Total: 287031 ns
[2020-09-11T12:17:28.336+0000][1][safepoint    ] Safepoint "Cleanup", Time since last: 1000161021 ns, Reaching safepoint: 175385 ns, At safepoint: 21032 ns, Total: 196417 ns
[2020-09-11T12:17:29.336+0000][1][safepoint    ] Safepoint "Cleanup", Time since last: 1000150256 ns, Reaching safepoint: 75517 ns, At safepoint: 22852 ns, Total: 98369 ns
[2020-09-11T12:17:30.336+0000][1][safepoint    ] Safepoint "Cleanup", Time since last: 1000119171 ns, Reaching safepoint: 76265 ns, At safepoint: 13664 ns, Total: 89929 ns
[2020-09-11T12:17:31.337+0000][1][safepoint    ] Safepoint "Cleanup", Time since last: 1000156822 ns, Reaching safepoint: 281683 ns, At safepoint: 18973 ns, Total: 300656 ns
[2020-09-11T12:17:32.337+0000][1][safepoint    ] Safepoint "Cleanup", Time since last: 1000168718 ns, Reaching safepoint: 53914 ns, At safepoint: 6268 ns, Total: 60182 ns
[2020-09-11T12:17:33.337+0000][1][safepoint    ] Safepoint "Cleanup", Time since last: 1000118902 ns, Reaching safepoint: 268406 ns, At safepoint: 20881 ns, Total: 289287 ns
[2020-09-11T12:17:34.334+0000][1][safepoint    ] Safepoint "BulkRevokeBias", Time since last: 996765241 ns, Reaching safepoint: 71487 ns, At safepoint: 398688 ns, Total: 470175 ns
[2020-09-11T12:17:35.335+0000][1][safepoint    ] Safepoint "Cleanup", Time since last: 1000157980 ns, Reaching safepoint: 152478 ns, At safepoint: 8333 ns, Total: 160811 ns
[2020-09-11T12:17:36.335+0000][1][safepoint    ] Safepoint "Cleanup", Time since last: 1000145506 ns, Reaching safepoint: 48162 ns, At safepoint: 6539 ns, Total: 54701 ns
[2020-09-11T12:17:37.336+0000][1][safepoint    ] Safepoint "Cleanup", Time since last: 1000513106 ns, Reaching safepoint: 179421 ns, At safepoint: 16308 ns, Total: 195729 ns
[2020-09-11T12:17:38.337+0000][1][safepoint    ] Safepoint "Cleanup", Time since last: 1000770237 ns, Reaching safepoint: 148832 ns, At safepoint: 7753 ns, Total: 156585 ns
[2020-09-11T12:17:39.337+0000][1][safepoint    ] Safepoint "Cleanup", Time since last: 1000089365 ns, Reaching safepoint: 153650 ns, At safepoint: 6985 ns, Total: 160635 ns
[2020-09-11T12:17:40.339+0000][1][safepoint    ] Safepoint "Cleanup", Time since last: 1001835654 ns, Reaching safepoint: 125072 ns, At safepoint: 8066 ns, Total: 133138 ns
[2020-09-11T12:17:41.339+0000][1][safepoint    ] Safepoint "Cleanup", Time since last: 1000155152 ns, Reaching safepoint: 75644 ns, At safepoint: 13658 ns, Total: 89302 ns
[2020-09-11T12:17:42.339+0000][1][safepoint    ] Safepoint "Cleanup", Time since last: 1000202808 ns, Reaching safepoint: 188853 ns, At safepoint: 19451 ns, Total: 208304 ns
[2020-09-11T12:17:43.340+0000][1][safepoint    ] Safepoint "Cleanup", Time since last: 1000121579 ns, Reaching safepoint: 155109 ns, At safepoint: 6658 ns, Total: 161767 ns
[2020-09-11T12:17:44.340+0000][1][safepoint    ] Safepoint "Cleanup", Time since last: 1000170401 ns, Reaching safepoint: 77802 ns, At safepoint: 7540 ns, Total: 85342 ns
[2020-09-11T12:17:45.340+0000][1][safepoint    ] Safepoint "Cleanup", Time since last: 1000258398 ns, Reaching safepoint: 199438 ns, At safepoint: 17293 ns, Total: 216731 ns
[2020-09-11T12:17:45.390+0000][1][safepoint    ] Safepoint "RevokeBias", Time since last: 49736746 ns, Reaching safepoint: 161508 ns, At safepoint: 19710 ns, Total: 181218 ns
[2020-09-11T12:17:45.391+0000][1][safepoint    ] Safepoint "RevokeBias", Time since last: 101612 ns, Reaching safepoint: 141193 ns, At safepoint: 15868 ns, Total: 157061 ns
[2020-09-11T12:17:45.391+0000][1][safepoint    ] Safepoint "RevokeBias", Time since last: 57311 ns, Reaching safepoint: 140523 ns, At safepoint: 15374 ns, Total: 155897 ns
[2020-09-11T12:17:45.391+0000][1][safepoint    ] Safepoint "RevokeBias", Time since last: 233093 ns, Reaching safepoint: 141818 ns, At safepoint: 15795 ns, Total: 157613 ns
[2020-09-11T12:17:45.391+0000][1][safepoint    ] Safepoint "RevokeBias", Time since last: 59748 ns, Reaching safepoint: 147985 ns, At safepoint: 15455 ns, Total: 163440 ns
[2020-09-11T12:17:45.395+0000][1][safepoint    ] Safepoint "RevokeBias", Time since last: 3006904 ns, Reaching safepoint: 153623 ns, At safepoint: 18946 ns, Total: 172569 ns
[2020-09-11T12:17:45.395+0000][1][safepoint    ] Safepoint "RevokeBias", Time since last: 71142 ns, Reaching safepoint: 141695 ns, At safepoint: 15825 ns, Total: 157520 ns
[2020-09-11T12:17:45.395+0000][1][safepoint    ] Safepoint "RevokeBias", Time since last: 50371 ns, Reaching safepoint: 140700 ns, At safepoint: 15538 ns, Total: 156238 ns
[2020-09-11T12:17:45.395+0000][1][safepoint    ] Safepoint "RevokeBias", Time since last: 123611 ns, Reaching safepoint: 138986 ns, At safepoint: 15726 ns, Total: 154712 ns
[2020-09-11T12:17:45.396+0000][1][safepoint    ] Safepoint "RevokeBias", Time since last: 74222 ns, Reaching safepoint: 138718 ns, At safepoint: 15345 ns, Total: 154063 ns
[2020-09-11T12:17:46.396+0000][1][safepoint    ] Safepoint "Cleanup", Time since last: 1000147605 ns, Reaching safepoint: 108281 ns, At safepoint: 16746 ns, Total: 125027 ns
[2020-09-11T12:17:50.397+0000][1][safepoint    ] Safepoint "Cleanup", Time since last: 4000804721 ns, Reaching safepoint: 79456 ns, At safepoint: 7628 ns, Total: 87084 ns
[2020-09-11T12:17:52.397+0000][1][safepoint    ] Safepoint "Cleanup", Time since last: 2000302051 ns, Reaching safepoint: 97658 ns, At safepoint: 17149 ns, Total: 114807 ns
[2020-09-11T12:17:54.444+0000][1][safepoint    ] Safepoint "RevokeBias", Time since last: 2046823558 ns, Reaching safepoint: 84851 ns, At safepoint: 40223 ns, Total: 125074 ns
[2020-09-11T12:17:54.531+0000][1][gc,start     ] GC(65) Pause Young (Allocation Failure)
[2020-09-11T12:17:54.531+0000][1][gc,task      ] GC(65) Using 1 workers of 1 for evacuation
[2020-09-11T12:17:54.570+0000][1][gc,age       ] GC(65) Desired survivor size 4358144 bytes, new threshold 2 (max threshold 6)
[2020-09-11T12:17:54.570+0000][1][gc,age       ] GC(65) Age table with threshold 2 (max threshold 6)
[2020-09-11T12:17:54.570+0000][1][gc,age       ] GC(65) - age   1:    1189672 bytes,    1189672 total
[2020-09-11T12:17:54.570+0000][1][gc,age       ] GC(65) - age   2:    3444048 bytes,    4633720 total
[2020-09-11T12:17:54.570+0000][1][gc,heap      ] GC(65) ParNew: 76370K->6275K(76672K)
[2020-09-11T12:17:54.570+0000][1][gc,heap      ] GC(65) CMS: 55847K->59471K(2011968K)
[2020-09-11T12:17:54.570+0000][1][gc,metaspace ] GC(65) Metaspace: 70960K->70960K(1114112K)
[2020-09-11T12:17:54.570+0000][1][gc           ] GC(65) Pause Young (Allocation Failure) 129M->64M(2039M) 38.889ms
[2020-09-11T12:17:54.570+0000][1][gc,cpu       ] GC(65) User=0.04s Sys=0.00s Real=0.04s
[2020-09-11T12:17:54.570+0000][1][safepoint    ] Safepoint "GenCollectForAllocation", Time since last: 86625432 ns, Reaching safepoint: 198298 ns, At safepoint: 39041501 ns, Total: 39239799 ns
[2020-09-11T12:17:55.574+0000][1][safepoint    ] Safepoint "Cleanup", Time since last: 1003612963 ns, Reaching safepoint: 81196 ns, At safepoint: 7200 ns, Total: 88396 ns
[2020-09-11T12:17:59.574+0000][1][safepoint    ] Safepoint "Cleanup", Time since last: 4000592325 ns, Reaching safepoint: 82685 ns, At safepoint: 7266 ns, Total: 89951 ns
[2020-09-11T12:18:00.575+0000][1][safepoint    ] Safepoint "Cleanup", Time since last: 1000134321 ns, Reaching safepoint: 97673 ns, At safepoint: 6352 ns, Total: 104025 ns
[2020-09-11T12:18:02.575+0000][1][safepoint    ] Safepoint "Cleanup", Time since last: 2000328954 ns, Reaching safepoint: 102244 ns, At safepoint: 15656 ns, Total: 117900 ns
[2020-09-11T12:18:03.575+0000][1][safepoint    ] Safepoint "Cleanup", Time since last: 1000227927 ns, Reaching safepoint: 75030 ns, At safepoint: 7207 ns, Total: 82237 ns
[2020-09-11T12:18:05.576+0000][1][safepoint    ] Safepoint "Cleanup", Time since last: 2000341430 ns, Reaching safepoint: 84139 ns, At safepoint: 7215 ns, Total: 91354 ns
[2020-09-11T12:18:06.576+0000][1][safepoint    ] Safepoint "Cleanup", Time since last: 1000134139 ns, Reaching safepoint: 101376 ns, At safepoint: 15131 ns, Total: 116507 ns
[2020-09-11T12:18:11.577+0000][1][safepoint    ] Safepoint "Cleanup", Time since last: 5000667493 ns, Reaching safepoint: 94600 ns, At safepoint: 17517 ns, Total: 112117 ns
[2020-09-11T12:18:12.577+0000][1][safepoint    ] Safepoint "Cleanup", Time since last: 1000165434 ns, Reaching safepoint: 99050 ns, At safepoint: 14945 ns, Total: 113995 ns
[2020-09-11T12:18:15.578+0000][1][safepoint    ] Safepoint "Cleanup", Time since last: 3000415669 ns, Reaching safepoint: 78116 ns, At safepoint: 6408 ns, Total: 84524 ns
[2020-09-11T12:18:20.578+0000][1][safepoint    ] Safepoint "Cleanup", Time since last: 5000664612 ns, Reaching safepoint: 96735 ns, At safepoint: 15426 ns, Total: 112161 ns
[2020-09-11T12:18:21.579+0000][1][safepoint    ] Safepoint "Cleanup", Time since last: 1000204839 ns, Reaching safepoint: 82346 ns, At safepoint: 6515 ns, Total: 88861 ns
[2020-09-11T12:18:26.579+0000][1][safepoint    ] Safepoint "Cleanup", Time since last: 5000742826 ns, Reaching safepoint: 71600 ns, At safepoint: 5623 ns, Total: 77223 ns
[2020-09-11T12:18:27.580+0000][1][safepoint    ] Safepoint "Cleanup", Time since last: 1000134873 ns, Reaching safepoint: 104286 ns, At safepoint: 16328 ns, Total: 120614 ns
[2020-09-11T12:18:30.580+0000][1][safepoint    ] Safepoint "Cleanup", Time since last: 3000462126 ns, Reaching safepoint: 100073 ns, At safepoint: 17106 ns, Total: 117179 ns
[2020-09-11T12:18:32.581+0000][1][safepoint    ] Safepoint "Cleanup", Time since last: 2000360191 ns, Reaching safepoint: 98512 ns, At safepoint: 15232 ns, Total: 113744 ns
[2020-09-11T12:18:35.581+0000][1][safepoint    ] Safepoint "Cleanup", Time since last: 3000467350 ns, Reaching safepoint: 104286 ns, At safepoint: 13965 ns, Total: 118251 ns
[2020-09-11T12:18:36.582+0000][1][safepoint    ] Safepoint "Cleanup", Time since last: 1000189784 ns, Reaching safepoint: 109101 ns, At safepoint: 15509 ns, Total: 124610 ns
[2020-09-11T12:18:37.582+0000][1][safepoint    ] Safepoint "Cleanup", Time since last: 1000198718 ns, Reaching safepoint: 94026 ns, At safepoint: 15722 ns, Total: 109748 ns
[2020-09-11T12:18:39.655+0000][1][safepoint    ] Safepoint "Deoptimize", Time since last: 2071896035 ns, Reaching safepoint: 200523 ns, At safepoint: 1175556 ns, Total: 1376079 ns
[2020-09-11T12:18:39.656+0000][1][safepoint    ] Safepoint "RevokeBias", Time since last: 1061079 ns, Reaching safepoint: 152444 ns, At safepoint: 6777 ns, Total: 159221 ns
[2020-09-11T12:18:39.657+0000][1][safepoint    ] Safepoint "RevokeBias", Time since last: 76170 ns, Reaching safepoint: 144175 ns, At safepoint: 5392 ns, Total: 149567 ns
[2020-09-11T12:18:39.657+0000][1][safepoint    ] Safepoint "RevokeBias", Time since last: 61237 ns, Reaching safepoint: 143088 ns, At safepoint: 5435 ns, Total: 148523 ns
[2020-09-11T12:18:39.665+0000][1][safepoint    ] Safepoint "RevokeBias", Time since last: 8249941 ns, Reaching safepoint: 172429 ns, At safepoint: 8103 ns, Total: 180532 ns
[2020-09-11T12:18:39.666+0000][1][safepoint    ] Safepoint "RevokeBias", Time since last: 64329 ns, Reaching safepoint: 145514 ns, At safepoint: 5402 ns, Total: 150916 ns
[2020-09-11T12:18:39.667+0000][1][safepoint    ] Safepoint "RevokeBias", Time since last: 1136420 ns, Reaching safepoint: 146658 ns, At safepoint: 20877 ns, Total: 167535 ns
[2020-09-11T12:18:39.667+0000][1][safepoint    ] Safepoint "RevokeBias", Time since last: 59013 ns, Reaching safepoint: 140149 ns, At safepoint: 14451 ns, Total: 154600 ns
[2020-09-11T12:18:39.668+0000][1][safepoint    ] Safepoint "RevokeBias", Time since last: 509698 ns, Reaching safepoint: 145307 ns, At safepoint: 6289 ns, Total: 151596 ns
[2020-09-11T12:18:39.668+0000][1][safepoint    ] Safepoint "RevokeBias", Time since last: 31861 ns, Reaching safepoint: 141237 ns, At safepoint: 5695 ns, Total: 146932 ns
[2020-09-11T12:18:39.668+0000][1][safepoint    ] Safepoint "RevokeBias", Time since last: 37104 ns, Reaching safepoint: 142655 ns, At safepoint: 5455 ns, Total: 148110 ns
[2020-09-11T12:18:39.671+0000][1][safepoint    ] Safepoint "RevokeBias", Time since last: 2324852 ns, Reaching safepoint: 151947 ns, At safepoint: 7656 ns, Total: 159603 ns
[2020-09-11T12:18:39.671+0000][1][safepoint    ] Safepoint "RevokeBias", Time since last: 39043 ns, Reaching safepoint: 140020 ns, At safepoint: 5717 ns, Total: 145737 ns
[2020-09-11T12:18:39.671+0000][1][safepoint    ] Safepoint "RevokeBias", Time since last: 33994 ns, Reaching safepoint: 141393 ns, At safepoint: 5673 ns, Total: 147066 ns
[2020-09-11T12:18:39.672+0000][1][safepoint    ] Safepoint "RevokeBias", Time since last: 1044995 ns, Reaching safepoint: 149268 ns, At safepoint: 5744 ns, Total: 155012 ns
[2020-09-11T12:18:39.672+0000][1][safepoint    ] Safepoint "RevokeBias", Time since last: 35553 ns, Reaching safepoint: 143010 ns, At safepoint: 5000 ns, Total: 148010 ns
[2020-09-11T12:18:39.673+0000][1][safepoint    ] Safepoint "RevokeBias", Time since last: 32986 ns, Reaching safepoint: 144263 ns, At safepoint: 4928 ns, Total: 149191 ns
[2020-09-11T12:18:39.680+0000][1][safepoint    ] Safepoint "RevokeBias", Time since last: 7238757 ns, Reaching safepoint: 169292 ns, At safepoint: 8528 ns, Total: 177820 ns
[2020-09-11T12:18:39.680+0000][1][safepoint    ] Safepoint "RevokeBias", Time since last: 57890 ns, Reaching safepoint: 146360 ns, At safepoint: 5098 ns, Total: 151458 ns
[2020-09-11T12:18:39.701+0000][1][safepoint    ] Safepoint "Deoptimize", Time since last: 19870534 ns, Reaching safepoint: 210957 ns, At safepoint: 391050 ns, Total: 602007 ns
[2020-09-11T12:18:39.706+0000][1][safepoint    ] Safepoint "RevokeBias", Time since last: 4700655 ns, Reaching safepoint: 173547 ns, At safepoint: 8715 ns, Total: 182262 ns
[2020-09-11T12:18:39.707+0000][1][safepoint    ] Safepoint "RevokeBias", Time since last: 1718745 ns, Reaching safepoint: 175815 ns, At safepoint: 6350 ns, Total: 182165 ns
[2020-09-11T12:18:39.708+0000][1][safepoint    ] Safepoint "RevokeBias", Time since last: 48890 ns, Reaching safepoint: 143773 ns, At safepoint: 5354 ns, Total: 149127 ns
[2020-09-11T12:18:39.708+0000][1][safepoint    ] Safepoint "RevokeBias", Time since last: 94391 ns, Reaching safepoint: 142626 ns, At safepoint: 5030 ns, Total: 147656 ns
[2020-09-11T12:18:39.708+0000][1][safepoint    ] Safepoint "RevokeBias", Time since last: 172767 ns, Reaching safepoint: 144528 ns, At safepoint: 5173 ns, Total: 149701 ns
[2020-09-11T12:18:39.708+0000][1][safepoint    ] Safepoint "RevokeBias", Time since last: 70447 ns, Reaching safepoint: 145388 ns, At safepoint: 5062 ns, Total: 150450 ns
[2020-09-11T12:18:39.709+0000][1][safepoint    ] Safepoint "RevokeBias", Time since last: 36566 ns, Reaching safepoint: 142666 ns, At safepoint: 4862 ns, Total: 147528 ns
[2020-09-11T12:18:39.709+0000][1][safepoint    ] Safepoint "RevokeBias", Time since last: 377834 ns, Reaching safepoint: 146367 ns, At safepoint: 5222 ns, Total: 151589 ns
[2020-09-11T12:18:39.709+0000][1][safepoint    ] Safepoint "RevokeBias", Time since last: 132677 ns, Reaching safepoint: 143405 ns, At safepoint: 5255 ns, Total: 148660 ns
[2020-09-11T12:18:39.710+0000][1][safepoint    ] Safepoint "RevokeBias", Time since last: 33682 ns, Reaching safepoint: 139599 ns, At safepoint: 4812 ns, Total: 144411 ns
[2020-09-11T12:18:39.710+0000][1][safepoint    ] Safepoint "RevokeBias", Time since last: 85910 ns, Reaching safepoint: 136443 ns, At safepoint: 4898 ns, Total: 141341 ns
[2020-09-11T12:18:39.710+0000][1][safepoint    ] Safepoint "RevokeBias", Time since last: 80838 ns, Reaching safepoint: 146177 ns, At safepoint: 4952 ns, Total: 151129 ns
[2020-09-11T12:18:39.710+0000][1][safepoint    ] Safepoint "RevokeBias", Time since last: 32990 ns, Reaching safepoint: 144236 ns, At safepoint: 4949 ns, Total: 149185 ns
[2020-09-11T12:18:39.711+0000][1][safepoint    ] Safepoint "BulkRevokeBias", Time since last: 77978 ns, Reaching safepoint: 143843 ns, At safepoint: 130944 ns, Total: 274787 ns
[2020-09-11T12:18:39.711+0000][1][safepoint    ] Safepoint "RevokeBias", Time since last: 166321 ns, Reaching safepoint: 143003 ns, At safepoint: 12150 ns, Total: 155153 ns
[2020-09-11T12:18:39.711+0000][1][safepoint    ] Safepoint "RevokeBias", Time since last: 110256 ns, Reaching safepoint: 140945 ns, At safepoint: 4855 ns, Total: 145800 ns
[2020-09-11T12:18:39.717+0000][1][safepoint    ] Safepoint "RevokeBias", Time since last: 6233298 ns, Reaching safepoint: 26691 ns, At safepoint: 15589 ns, Total: 42280 ns
[2020-09-11T12:18:39.734+0000][1][gc,start     ] GC(66) Pause Young (Allocation Failure)
[2020-09-11T12:18:39.734+0000][1][gc,task      ] GC(66) Using 1 workers of 1 for evacuation
[2020-09-11T12:18:39.775+0000][1][gc,age       ] GC(66) Desired survivor size 4358144 bytes, new threshold 6 (max threshold 6)
[2020-09-11T12:18:39.775+0000][1][gc,age       ] GC(66) Age table with threshold 6 (max threshold 6)
[2020-09-11T12:18:39.775+0000][1][gc,age       ] GC(66) - age   1:     303352 bytes,     303352 total
[2020-09-11T12:18:39.775+0000][1][gc,age       ] GC(66) - age   2:    1147064 bytes,    1450416 total
[2020-09-11T12:18:39.775+0000][1][gc,heap      ] GC(66) ParNew: 58913K->4962K(76672K)
[2020-09-11T12:18:39.775+0000][1][gc,heap      ] GC(66) CMS: 59471K->62965K(2011968K)
[2020-09-11T12:18:39.775+0000][1][gc,metaspace ] GC(66) Metaspace: 72202K->72202K(1116160K)
[2020-09-11T12:18:39.775+0000][1][gc           ] GC(66) Pause Young (Allocation Failure) 115M->66M(2039M) 40.823ms
[2020-09-11T12:18:39.775+0000][1][gc,cpu       ] GC(66) User=0.04s Sys=0.00s Real=0.04s
[2020-09-11T12:18:39.776+0000][1][safepoint    ] Safepoint "GenCollectForAllocation", Time since last: 16484203 ns, Reaching safepoint: 139690 ns, At safepoint: 41930425 ns, Total: 42070115 ns
[2020-09-11T12:18:39.793+0000][1][safepoint    ] Safepoint "RevokeBias", Time since last: 16910856 ns, Reaching safepoint: 173885 ns, At safepoint: 8732 ns, Total: 182617 ns
[2020-09-11T12:18:39.793+0000][1][safepoint    ] Safepoint "RevokeBias", Time since last: 273266 ns, Reaching safepoint: 146925 ns, At safepoint: 5673 ns, Total: 152598 ns
[2020-09-11T12:18:39.797+0000][1][safepoint    ] Safepoint "RevokeBias", Time since last: 3731180 ns, Reaching safepoint: 164464 ns, At safepoint: 8184 ns, Total: 172648 ns
[2020-09-11T12:18:39.799+0000][1][safepoint    ] Safepoint "RevokeBias", Time since last: 1163393 ns, Reaching safepoint: 156621 ns, At safepoint: 5996 ns, Total: 162617 ns
[2020-09-11T12:18:39.799+0000][1][safepoint    ] Safepoint "RevokeBias", Time since last: 41731 ns, Reaching safepoint: 147661 ns, At safepoint: 5258 ns, Total: 152919 ns
[2020-09-11T12:18:39.835+0000][1][safepoint    ] Safepoint "Deoptimize", Time since last: 35558426 ns, Reaching safepoint: 125912 ns, At safepoint: 430567 ns, Total: 556479 ns
[2020-09-11T12:18:40.835+0000][1][safepoint    ] Safepoint "Cleanup", Time since last: 1000195343 ns, Reaching safepoint: 89682 ns, At safepoint: 6648 ns, Total: 96330 ns
[2020-09-11T12:18:41.836+0000][1][safepoint    ] Safepoint "Cleanup", Time since last: 1000149590 ns, Reaching safepoint: 85260 ns, At safepoint: 6963 ns, Total: 92223 ns
[2020-09-11T12:18:42.836+0000][1][safepoint    ] Safepoint "Cleanup", Time since last: 1000202400 ns, Reaching safepoint: 80328 ns, At safepoint: 7555 ns, Total: 87883 ns
[2020-09-11T12:18:43.836+0000][1][safepoint    ] Safepoint "Cleanup", Time since last: 1000137428 ns, Reaching safepoint: 108078 ns, At safepoint: 15706 ns, Total: 123784 ns
[2020-09-11T12:18:44.836+0000][1][safepoint    ] Safepoint "Cleanup", Time since last: 1000208693 ns, Reaching safepoint: 107891 ns, At safepoint: 18008 ns, Total: 125899 ns
[2020-09-11T12:18:45.837+0000][1][safepoint    ] Safepoint "Cleanup", Time since last: 1000188749 ns, Reaching safepoint: 110186 ns, At safepoint: 16878 ns, Total: 127064 ns
[2020-09-11T12:18:46.837+0000][1][safepoint    ] Safepoint "Cleanup", Time since last: 1000222908 ns, Reaching safepoint: 85385 ns, At safepoint: 7070 ns, Total: 92455 ns
[2020-09-11T12:18:47.837+0000][1][safepoint    ] Safepoint "Cleanup", Time since last: 1000183121 ns, Reaching safepoint: 67970 ns, At safepoint: 9502 ns, Total: 77472 ns
[2020-09-11T12:18:48.838+0000][1][safepoint    ] Safepoint "Cleanup", Time since last: 1000196217 ns, Reaching safepoint: 96836 ns, At safepoint: 6882 ns, Total: 103718 ns
[2020-09-11T12:18:49.838+0000][1][safepoint    ] Safepoint "Cleanup", Time since last: 1000174538 ns, Reaching safepoint: 91355 ns, At safepoint: 7413 ns, Total: 98768 ns
[2020-09-11T12:18:50.838+0000][1][safepoint    ] Safepoint "Cleanup", Time since last: 1000180012 ns, Reaching safepoint: 107734 ns, At safepoint: 17246 ns, Total: 124980 ns
[2020-09-11T12:18:51.839+0000][1][safepoint    ] Safepoint "Cleanup", Time since last: 1000215202 ns, Reaching safepoint: 89215 ns, At safepoint: 6716 ns, Total: 95931 ns
[2020-09-11T12:18:52.839+0000][1][safepoint    ] Safepoint "Cleanup", Time since last: 1000125915 ns, Reaching safepoint: 116618 ns, At safepoint: 16140 ns, Total: 132758 ns
[2020-09-11T12:18:53.839+0000][1][safepoint    ] Safepoint "Cleanup", Time since last: 1000200755 ns, Reaching safepoint: 78090 ns, At safepoint: 5748 ns, Total: 83838 ns
[2020-09-11T12:18:54.839+0000][1][safepoint    ] Safepoint "Cleanup", Time since last: 1000164534 ns, Reaching safepoint: 120764 ns, At safepoint: 41705 ns, Total: 162469 ns
[2020-09-11T12:18:55.840+0000][1][safepoint    ] Safepoint "Cleanup", Time since last: 1000217325 ns, Reaching safepoint: 102478 ns, At safepoint: 15967 ns, Total: 118445 ns
[2020-09-11T12:18:56.840+0000][1][safepoint    ] Safepoint "Cleanup", Time since last: 1000204899 ns, Reaching safepoint: 114744 ns, At safepoint: 16775 ns, Total: 131519 ns
[2020-09-11T12:18:57.840+0000][1][safepoint    ] Safepoint "Cleanup", Time since last: 1000200512 ns, Reaching safepoint: 79280 ns, At safepoint: 5774 ns, Total: 85054 ns
[2020-09-11T12:18:58.841+0000][1][safepoint    ] Safepoint "Cleanup", Time since last: 1000177040 ns, Reaching safepoint: 111533 ns, At safepoint: 16464 ns, Total: 127997 ns
[2020-09-11T12:18:59.841+0000][1][safepoint    ] Safepoint "Cleanup", Time since last: 1000215154 ns, Reaching safepoint: 82797 ns, At safepoint: 6530 ns, Total: 89327 ns
[2020-09-11T12:19:00.841+0000][1][safepoint    ] Safepoint "Cleanup", Time since last: 1000134437 ns, Reaching safepoint: 129043 ns, At safepoint: 16611 ns, Total: 145654 ns
[2020-09-11T12:19:01.842+0000][1][safepoint    ] Safepoint "Cleanup", Time since last: 1000208546 ns, Reaching safepoint: 145009 ns, At safepoint: 16177 ns, Total: 161186 ns
[2020-09-11T12:19:02.842+0000][1][safepoint    ] Safepoint "Cleanup", Time since last: 1000205281 ns, Reaching safepoint: 83005 ns, At safepoint: 6602 ns, Total: 89607 ns
[2020-09-11T12:19:03.842+0000][1][safepoint    ] Safepoint "Cleanup", Time since last: 1000190932 ns, Reaching safepoint: 87841 ns, At safepoint: 5848 ns, Total: 93689 ns
[2020-09-11T12:19:04.842+0000][1][safepoint    ] Safepoint "Cleanup", Time since last: 1000138881 ns, Reaching safepoint: 116831 ns, At safepoint: 17006 ns, Total: 133837 ns
[2020-09-11T12:19:05.843+0000][1][safepoint    ] Safepoint "Cleanup", Time since last: 1000212581 ns, Reaching safepoint: 118344 ns, At safepoint: 16274 ns, Total: 134618 ns
[2020-09-11T12:19:06.843+0000][1][safepoint    ] Safepoint "Cleanup", Time since last: 1000207141 ns, Reaching safepoint: 112120 ns, At safepoint: 16749 ns, Total: 128869 ns
[2020-09-11T12:19:07.843+0000][1][safepoint    ] Safepoint "Cleanup", Time since last: 1000215879 ns, Reaching safepoint: 94993 ns, At safepoint: 5692 ns, Total: 100685 ns
[2020-09-11T12:19:08.844+0000][1][safepoint    ] Safepoint "Cleanup", Time since last: 1000121421 ns, Reaching safepoint: 95118 ns, At safepoint: 16444 ns, Total: 111562 ns
[2020-09-11T12:19:09.844+0000][1][safepoint    ] Safepoint "Cleanup", Time since last: 1000165730 ns, Reaching safepoint: 107919 ns, At safepoint: 6973 ns, Total: 114892 ns
[2020-09-11T12:19:10.844+0000][1][safepoint    ] Safepoint "Cleanup", Time since last: 1000171950 ns, Reaching safepoint: 101623 ns, At safepoint: 16698 ns, Total: 118321 ns
[2020-09-11T12:19:11.845+0000][1][safepoint    ] Safepoint "Cleanup", Time since last: 1000197648 ns, Reaching safepoint: 115495 ns, At safepoint: 16742 ns, Total: 132237 ns
[2020-09-11T12:19:12.845+0000][1][safepoint    ] Safepoint "Cleanup", Time since last: 1000215352 ns, Reaching safepoint: 102983 ns, At safepoint: 16113 ns, Total: 119096 ns
[2020-09-11T12:19:13.845+0000][1][safepoint    ] Safepoint "Cleanup", Time since last: 1000202600 ns, Reaching safepoint: 110457 ns, At safepoint: 17517 ns, Total: 127974 ns
[2020-09-11T12:19:14.847+0000][1][safepoint    ] Safepoint "Cleanup", Time since last: 1002154798 ns, Reaching safepoint: 63745 ns, At safepoint: 6590 ns, Total: 70335 ns
[2020-09-11T12:19:15.848+0000][1][safepoint    ] Safepoint "Cleanup", Time since last: 1000180556 ns, Reaching safepoint: 115962 ns, At safepoint: 17230 ns, Total: 133192 ns
[2020-09-11T12:19:16.848+0000][1][safepoint    ] Safepoint "Cleanup", Time since last: 1000205881 ns, Reaching safepoint: 117673 ns, At safepoint: 16862 ns, Total: 134535 ns
[2020-09-11T12:19:17.848+0000][1][safepoint    ] Safepoint "Cleanup", Time since last: 1000207910 ns, Reaching safepoint: 100096 ns, At safepoint: 16123 ns, Total: 116219 ns
[2020-09-11T12:19:18.849+0000][1][safepoint    ] Safepoint "Cleanup", Time since last: 1000206173 ns, Reaching safepoint: 123593 ns, At safepoint: 17510 ns, Total: 141103 ns
[2020-09-11T12:19:19.849+0000][1][safepoint    ] Safepoint "Cleanup", Time since last: 1000185256 ns, Reaching safepoint: 106357 ns, At safepoint: 16608 ns, Total: 122965 ns
[2020-09-11T12:19:20.849+0000][1][safepoint    ] Safepoint "Cleanup", Time since last: 1000200012 ns, Reaching safepoint: 93667 ns, At safepoint: 7108 ns, Total: 100775 ns
[2020-09-11T12:19:21.850+0000][1][safepoint    ] Safepoint "Cleanup", Time since last: 1000172965 ns, Reaching safepoint: 86910 ns, At safepoint: 7156 ns, Total: 94066 ns
[2020-09-11T12:19:22.850+0000][1][safepoint    ] Safepoint "Cleanup", Time since last: 1000178707 ns, Reaching safepoint: 105743 ns, At safepoint: 17146 ns, Total: 122889 ns
[2020-09-11T12:19:23.850+0000][1][safepoint    ] Safepoint "Cleanup", Time since last: 1000174775 ns, Reaching safepoint: 107671 ns, At safepoint: 17116 ns, Total: 124787 ns
[2020-09-11T12:19:24.851+0000][1][safepoint    ] Safepoint "Cleanup", Time since last: 1000220956 ns, Reaching safepoint: 105395 ns, At safepoint: 17671 ns, Total: 123066 ns
[2020-09-11T12:19:25.851+0000][1][safepoint    ] Safepoint "Cleanup", Time since last: 1000213607 ns, Reaching safepoint: 86410 ns, At safepoint: 6399 ns, Total: 92809 ns
[2020-09-11T12:19:26.851+0000][1][safepoint    ] Safepoint "Cleanup", Time since last: 1000136808 ns, Reaching safepoint: 98963 ns, At safepoint: 8041 ns, Total: 107004 ns
[2020-09-11T12:19:27.851+0000][1][safepoint    ] Safepoint "Cleanup", Time since last: 1000176471 ns, Reaching safepoint: 96939 ns, At safepoint: 6101 ns, Total: 103040 ns
[2020-09-11T12:19:28.852+0000][1][safepoint    ] Safepoint "Cleanup", Time since last: 1000168924 ns, Reaching safepoint: 109341 ns, At safepoint: 16358 ns, Total: 125699 ns
[2020-09-11T12:19:29.852+0000][1][safepoint    ] Safepoint "Cleanup", Time since last: 1000165593 ns, Reaching safepoint: 101779 ns, At safepoint: 7148 ns, Total: 108927 ns
[2020-09-11T12:19:30.852+0000][1][safepoint    ] Safepoint "Cleanup", Time since last: 1000177225 ns, Reaching safepoint: 82378 ns, At safepoint: 6720 ns, Total: 89098 ns
[2020-09-11T12:19:31.853+0000][1][safepoint    ] Safepoint "Cleanup", Time since last: 1000157677 ns, Reaching safepoint: 105192 ns, At safepoint: 16761 ns, Total: 121953 ns
[2020-09-11T12:19:32.164+0000][1][gc,start     ] GC(67) Pause Young (Allocation Failure)
[2020-09-11T12:19:32.164+0000][1][gc,task      ] GC(67) Using 1 workers of 1 for evacuation
[2020-09-11T12:19:32.183+0000][1][gc,age       ] GC(67) Desired survivor size 4358144 bytes, new threshold 6 (max threshold 6)
[2020-09-11T12:19:32.183+0000][1][gc,age       ] GC(67) Age table with threshold 6 (max threshold 6)
[2020-09-11T12:19:32.183+0000][1][gc,age       ] GC(67) - age   1:     239080 bytes,     239080 total
[2020-09-11T12:19:32.183+0000][1][gc,age       ] GC(67) - age   2:     296768 bytes,     535848 total
[2020-09-11T12:19:32.183+0000][1][gc,age       ] GC(67) - age   3:    1146664 bytes,    1682512 total
[2020-09-11T12:19:32.183+0000][1][gc,heap      ] GC(67) ParNew: 73058K->3189K(76672K)
[2020-09-11T12:19:32.183+0000][1][gc,heap      ] GC(67) CMS: 62965K->79349K(2011968K)
[2020-09-11T12:19:32.183+0000][1][gc,metaspace ] GC(67) Metaspace: 72850K->72850K(1116160K)
[2020-09-11T12:19:32.183+0000][1][gc           ] GC(67) Pause Young (Allocation Failure) 132M->80M(2039M) 19.524ms
[2020-09-11T12:19:32.183+0000][1][gc,cpu       ] GC(67) User=0.02s Sys=0.00s Real=0.01s
[2020-09-11T12:19:32.183+0000][1][safepoint    ] Safepoint "GenCollectForAllocation", Time since last: 310979645 ns, Reaching safepoint: 171195 ns, At safepoint: 19594965 ns, Total: 19766160 ns
[2020-09-11T12:19:32.187+0000][1][safepoint    ] Safepoint "RevokeBias", Time since last: 3175827 ns, Reaching safepoint: 47327 ns, At safepoint: 16189 ns, Total: 63516 ns
[2020-09-11T12:19:32.187+0000][1][safepoint    ] Safepoint "RevokeBias", Time since last: 162066 ns, Reaching safepoint: 21198 ns, At safepoint: 24147 ns, Total: 45345 ns
[2020-09-11T12:19:32.190+0000][1][safepoint    ] Safepoint "RevokeBias", Time since last: 3115482 ns, Reaching safepoint: 161587 ns, At safepoint: 18145 ns, Total: 179732 ns
[2020-09-11T12:19:32.192+0000][1][safepoint    ] Safepoint "RevokeBias", Time since last: 2085940 ns, Reaching safepoint: 163642 ns, At safepoint: 7705 ns, Total: 171347 ns
[2020-09-11T12:19:32.276+0000][1][safepoint    ] Safepoint "RevokeBias", Time since last: 83942906 ns, Reaching safepoint: 170597 ns, At safepoint: 8426 ns, Total: 179023 ns
[2020-09-11T12:19:32.394+0000][1][safepoint    ] Safepoint "RevokeBias", Time since last: 116976012 ns, Reaching safepoint: 192728 ns, At safepoint: 41874 ns, Total: 234602 ns
[2020-09-11T12:19:32.416+0000][1][safepoint    ] Safepoint "RevokeBias", Time since last: 21832468 ns, Reaching safepoint: 126388 ns, At safepoint: 20954 ns, Total: 147342 ns
[2020-09-11T12:19:33.416+0000][1][safepoint    ] Safepoint "Cleanup", Time since last: 1000174376 ns, Reaching safepoint: 120901 ns, At safepoint: 18676 ns, Total: 139577 ns
[2020-09-11T12:19:34.416+0000][1][safepoint    ] Safepoint "Cleanup", Time since last: 1000139294 ns, Reaching safepoint: 54006 ns, At safepoint: 6479 ns, Total: 60485 ns
[2020-09-11T12:19:35.416+0000][1][safepoint    ] Safepoint "Cleanup", Time since last: 1000166387 ns, Reaching safepoint: 81973 ns, At safepoint: 7282 ns, Total: 89255 ns
[2020-09-11T12:19:36.417+0000][1][safepoint    ] Safepoint "Cleanup", Time since last: 1000165294 ns, Reaching safepoint: 109504 ns, At safepoint: 17590 ns, Total: 127094 ns
[2020-09-11T12:19:37.417+0000][1][safepoint    ] Safepoint "Cleanup", Time since last: 1000189491 ns, Reaching safepoint: 117923 ns, At safepoint: 16188 ns, Total: 134111 ns
[2020-09-11T12:19:38.417+0000][1][safepoint    ] Safepoint "Cleanup", Time since last: 1000225889 ns, Reaching safepoint: 75308 ns, At safepoint: 6792 ns, Total: 82100 ns
[2020-09-11T12:19:39.418+0000][1][safepoint    ] Safepoint "Cleanup", Time since last: 1000163714 ns, Reaching safepoint: 52609 ns, At safepoint: 6667 ns, Total: 59276 ns
[2020-09-11T12:19:40.418+0000][1][safepoint    ] Safepoint "Cleanup", Time since last: 1000165381 ns, Reaching safepoint: 100149 ns, At safepoint: 17343 ns, Total: 117492 ns
[2020-09-11T12:19:41.418+0000][1][safepoint    ] Safepoint "Cleanup", Time since last: 1000174305 ns, Reaching safepoint: 65313 ns, At safepoint: 7035 ns, Total: 72348 ns
[2020-09-11T12:19:42.418+0000][1][safepoint    ] Safepoint "Cleanup", Time since last: 1000182722 ns, Reaching safepoint: 75862 ns, At safepoint: 7032 ns, Total: 82894 ns
[2020-09-11T12:19:43.419+0000][1][safepoint    ] Safepoint "Cleanup", Time since last: 1000139241 ns, Reaching safepoint: 101072 ns, At safepoint: 16681 ns, Total: 117753 ns
[2020-09-11T12:19:44.419+0000][1][safepoint    ] Safepoint "Cleanup", Time since last: 1000209234 ns, Reaching safepoint: 84369 ns, At safepoint: 6897 ns, Total: 91266 ns
[2020-09-11T12:19:45.419+0000][1][safepoint    ] Safepoint "Cleanup", Time since last: 1000137990 ns, Reaching safepoint: 104917 ns, At safepoint: 17166 ns, Total: 122083 ns
[2020-09-11T12:19:46.420+0000][1][safepoint    ] Safepoint "Cleanup", Time since last: 1000315671 ns, Reaching safepoint: 54591 ns, At safepoint: 6359 ns, Total: 60950 ns
[2020-09-11T12:19:47.420+0000][1][safepoint    ] Safepoint "Cleanup", Time since last: 1000286466 ns, Reaching safepoint: 100718 ns, At safepoint: 16614 ns, Total: 117332 ns
[2020-09-11T12:19:48.420+0000][1][safepoint    ] Safepoint "Cleanup", Time since last: 1000341082 ns, Reaching safepoint: 100751 ns, At safepoint: 16588 ns, Total: 117339 ns
[2020-09-11T12:19:49.421+0000][1][safepoint    ] Safepoint "Cleanup", Time since last: 1000329207 ns, Reaching safepoint: 108154 ns, At safepoint: 17387 ns, Total: 125541 ns
[2020-09-11T12:19:50.421+0000][1][safepoint    ] Safepoint "Cleanup", Time since last: 1000293017 ns, Reaching safepoint: 52505 ns, At safepoint: 7392 ns, Total: 59897 ns
[2020-09-11T12:19:51.422+0000][1][safepoint    ] Safepoint "Cleanup", Time since last: 1000264743 ns, Reaching safepoint: 54361 ns, At safepoint: 7646 ns, Total: 62007 ns
[2020-09-11T12:19:52.422+0000][1][safepoint    ] Safepoint "Cleanup", Time since last: 1000306264 ns, Reaching safepoint: 103039 ns, At safepoint: 16785 ns, Total: 119824 ns
[2020-09-11T12:19:53.422+0000][1][safepoint    ] Safepoint "Cleanup", Time since last: 1000285321 ns, Reaching safepoint: 66514 ns, At safepoint: 7011 ns, Total: 73525 ns
[2020-09-11T12:19:54.423+0000][1][safepoint    ] Safepoint "Cleanup", Time since last: 1000193339 ns, Reaching safepoint: 86622 ns, At safepoint: 6993 ns, Total: 93615 ns
[2020-09-11T12:19:55.423+0000][1][safepoint    ] Safepoint "Cleanup", Time since last: 1000168178 ns, Reaching safepoint: 102375 ns, At safepoint: 16287 ns, Total: 118662 ns
[2020-09-11T12:19:56.423+0000][1][safepoint    ] Safepoint "Cleanup", Time since last: 1000216433 ns, Reaching safepoint: 77364 ns, At safepoint: 6927 ns, Total: 84291 ns
[2020-09-11T12:19:57.424+0000][1][safepoint    ] Safepoint "Cleanup", Time since last: 1000160075 ns, Reaching safepoint: 147826 ns, At safepoint: 16561 ns, Total: 164387 ns
[2020-09-11T12:19:58.424+0000][1][safepoint    ] Safepoint "Cleanup", Time since last: 1000195932 ns, Reaching safepoint: 80783 ns, At safepoint: 15807 ns, Total: 96590 ns
[2020-09-11T12:19:59.424+0000][1][safepoint    ] Safepoint "Cleanup", Time since last: 1000137620 ns, Reaching safepoint: 98437 ns, At safepoint: 7459 ns, Total: 105896 ns
[2020-09-11T12:20:00.424+0000][1][safepoint    ] Safepoint "Cleanup", Time since last: 1000156608 ns, Reaching safepoint: 108556 ns, At safepoint: 17116 ns, Total: 125672 ns
[2020-09-11T12:20:01.425+0000][1][safepoint    ] Safepoint "Cleanup", Time since last: 1000237245 ns, Reaching safepoint: 76720 ns, At safepoint: 6737 ns, Total: 83457 ns
[2020-09-11T12:20:02.425+0000][1][safepoint    ] Safepoint "Cleanup", Time since last: 1000173744 ns, Reaching safepoint: 76679 ns, At safepoint: 7478 ns, Total: 84157 ns
[2020-09-11T12:20:03.425+0000][1][safepoint    ] Safepoint "Cleanup", Time since last: 1000170022 ns, Reaching safepoint: 78840 ns, At safepoint: 7120 ns, Total: 85960 ns
[2020-09-11T12:20:04.425+0000][1][safepoint    ] Safepoint "Cleanup", Time since last: 1000155000 ns, Reaching safepoint: 73851 ns, At safepoint: 6948 ns, Total: 80799 ns
[2020-09-11T12:20:05.426+0000][1][safepoint    ] Safepoint "Cleanup", Time since last: 1000171637 ns, Reaching safepoint: 85580 ns, At safepoint: 7384 ns, Total: 92964 ns
[2020-09-11T12:20:06.426+0000][1][safepoint    ] Safepoint "Cleanup", Time since last: 1000139894 ns, Reaching safepoint: 95621 ns, At safepoint: 7601 ns, Total: 103222 ns
[2020-09-11T12:20:07.426+0000][1][safepoint    ] Safepoint "Cleanup", Time since last: 1000153694 ns, Reaching safepoint: 65913 ns, At safepoint: 6756 ns, Total: 72669 ns
[2020-09-11T12:20:08.426+0000][1][safepoint    ] Safepoint "Cleanup", Time since last: 1000187361 ns, Reaching safepoint: 86928 ns, At safepoint: 7179 ns, Total: 94107 ns
[2020-09-11T12:20:09.427+0000][1][safepoint    ] Safepoint "Cleanup", Time since last: 1000159930 ns, Reaching safepoint: 84431 ns, At safepoint: 7353 ns, Total: 91784 ns
[2020-09-11T12:20:10.427+0000][1][safepoint    ] Safepoint "Cleanup", Time since last: 1000199705 ns, Reaching safepoint: 80195 ns, At safepoint: 7101 ns, Total: 87296 ns
[2020-09-11T12:20:11.427+0000][1][safepoint    ] Safepoint "Cleanup", Time since last: 1000186888 ns, Reaching safepoint: 102237 ns, At safepoint: 17567 ns, Total: 119804 ns
[2020-09-11T12:20:12.428+0000][1][safepoint    ] Safepoint "Cleanup", Time since last: 1000208996 ns, Reaching safepoint: 103244 ns, At safepoint: 17587 ns, Total: 120831 ns
[2020-09-11T12:20:13.428+0000][1][safepoint    ] Safepoint "Cleanup", Time since last: 1000175113 ns, Reaching safepoint: 87398 ns, At safepoint: 12460 ns, Total: 99858 ns
[2020-09-11T12:20:14.428+0000][1][safepoint    ] Safepoint "Cleanup", Time since last: 1000196692 ns, Reaching safepoint: 120374 ns, At safepoint: 16590 ns, Total: 136964 ns
[2020-09-11T12:20:15.429+0000][1][safepoint    ] Safepoint "Cleanup", Time since last: 1000215372 ns, Reaching safepoint: 74301 ns, At safepoint: 7078 ns, Total: 81379 ns
[2020-09-11T12:20:16.429+0000][1][safepoint    ] Safepoint "Cleanup", Time since last: 1000171057 ns, Reaching safepoint: 105532 ns, At safepoint: 17467 ns, Total: 122999 ns
[2020-09-11T12:20:17.429+0000][1][safepoint    ] Safepoint "Cleanup", Time since last: 1000204698 ns, Reaching safepoint: 108235 ns, At safepoint: 16949 ns, Total: 125184 ns
[2020-09-11T12:20:18.429+0000][1][safepoint    ] Safepoint "Cleanup", Time since last: 1000218540 ns, Reaching safepoint: 106678 ns, At safepoint: 17497 ns, Total: 124175 ns
[2020-09-11T12:20:19.430+0000][1][safepoint    ] Safepoint "Cleanup", Time since last: 1000211495 ns, Reaching safepoint: 100898 ns, At safepoint: 17484 ns, Total: 118382 ns
[2020-09-11T12:20:19.836+0000][1][gc,start     ] GC(68) Pause Young (Allocation Failure)
[2020-09-11T12:20:19.837+0000][1][gc,task      ] GC(68) Using 1 workers of 1 for evacuation
[2020-09-11T12:20:19.856+0000][1][gc,age       ] GC(68) Desired survivor size 4358144 bytes, new threshold 6 (max threshold 6)
[2020-09-11T12:20:19.856+0000][1][gc,age       ] GC(68) Age table with threshold 6 (max threshold 6)
[2020-09-11T12:20:19.856+0000][1][gc,age       ] GC(68) - age   1:     246824 bytes,     246824 total
[2020-09-11T12:20:19.856+0000][1][gc,age       ] GC(68) - age   2:     228832 bytes,     475656 total
[2020-09-11T12:20:19.856+0000][1][gc,age       ] GC(68) - age   3:     296768 bytes,     772424 total
[2020-09-11T12:20:19.856+0000][1][gc,age       ] GC(68) - age   4:    1146608 bytes,    1919032 total
[2020-09-11T12:20:19.856+0000][1][gc,heap      ] GC(68) ParNew: 71349K->2029K(76672K)
[2020-09-11T12:20:19.856+0000][1][gc,heap      ] GC(68) CMS: 79349K->95733K(2011968K)
[2020-09-11T12:20:19.856+0000][1][gc,metaspace ] GC(68) Metaspace: 73171K->73171K(1116160K)
[2020-09-11T12:20:19.856+0000][1][gc           ] GC(68) Pause Young (Allocation Failure) 147M->95M(2039M) 19.638ms
[2020-09-11T12:20:19.856+0000][1][gc,cpu       ] GC(68) User=0.02s Sys=0.00s Real=0.02s
[2020-09-11T12:20:19.859+0000][1][safepoint    ] Safepoint "GenCollectForAllocation", Time since last: 406489905 ns, Reaching safepoint: 169461 ns, At safepoint: 22947394 ns, Total: 23116855 ns
[2020-09-11T12:20:20.862+0000][1][safepoint    ] Safepoint "Cleanup", Time since last: 1002448659 ns, Reaching safepoint: 90610 ns, At safepoint: 7606 ns, Total: 98216 ns
[2020-09-11T12:20:21.862+0000][1][safepoint    ] Safepoint "Cleanup", Time since last: 1000238307 ns, Reaching safepoint: 61123 ns, At safepoint: 6214 ns, Total: 67337 ns
[2020-09-11T12:20:22.863+0000][1][safepoint    ] Safepoint "Cleanup", Time since last: 1000170790 ns, Reaching safepoint: 117683 ns, At safepoint: 18586 ns, Total: 136269 ns
[2020-09-11T12:20:23.863+0000][1][safepoint    ] Safepoint "Cleanup", Time since last: 1000239917 ns, Reaching safepoint: 91689 ns, At safepoint: 7390 ns, Total: 99079 ns
[2020-09-11T12:20:24.863+0000][1][safepoint    ] Safepoint "Cleanup", Time since last: 1000140353 ns, Reaching safepoint: 210476 ns, At safepoint: 20671 ns, Total: 231147 ns
[2020-09-11T12:20:25.864+0000][1][safepoint    ] Safepoint "Cleanup", Time since last: 1000346218 ns, Reaching safepoint: 116695 ns, At safepoint: 17834 ns, Total: 134529 ns
[2020-09-11T12:20:26.864+0000][1][safepoint    ] Safepoint "Cleanup", Time since last: 1000225578 ns, Reaching safepoint: 113874 ns, At safepoint: 18182 ns, Total: 132056 ns
[2020-09-11T12:20:27.864+0000][1][safepoint    ] Safepoint "Cleanup", Time since last: 1000244113 ns, Reaching safepoint: 87299 ns, At safepoint: 6933 ns, Total: 94232 ns
[2020-09-11T12:20:28.865+0000][1][safepoint    ] Safepoint "Cleanup", Time since last: 1000183264 ns, Reaching safepoint: 87302 ns, At safepoint: 7861 ns, Total: 95163 ns
[2020-09-11T12:20:29.865+0000][1][safepoint    ] Safepoint "Cleanup", Time since last: 1000199693 ns, Reaching safepoint: 100527 ns, At safepoint: 6586 ns, Total: 107113 ns
[2020-09-11T12:20:30.865+0000][1][safepoint    ] Safepoint "Cleanup", Time since last: 1000171730 ns, Reaching safepoint: 134251 ns, At safepoint: 18740 ns, Total: 152991 ns
[2020-09-11T12:20:31.866+0000][1][safepoint    ] Safepoint "Cleanup", Time since last: 1000217223 ns, Reaching safepoint: 94397 ns, At safepoint: 6405 ns, Total: 100802 ns
[2020-09-11T12:20:32.866+0000][1][safepoint    ] Safepoint "Cleanup", Time since last: 1000172088 ns, Reaching safepoint: 115334 ns, At safepoint: 17998 ns, Total: 133332 ns
[2020-09-11T12:20:33.866+0000][1][safepoint    ] Safepoint "Cleanup", Time since last: 1000225220 ns, Reaching safepoint: 138916 ns, At safepoint: 17309 ns, Total: 156225 ns
[2020-09-11T12:20:34.867+0000][1][safepoint    ] Safepoint "Cleanup", Time since last: 1000201700 ns, Reaching safepoint: 117430 ns, At safepoint: 23380 ns, Total: 140810 ns
[2020-09-11T12:20:35.867+0000][1][safepoint    ] Safepoint "Cleanup", Time since last: 1000233770 ns, Reaching safepoint: 123246 ns, At safepoint: 17487 ns, Total: 140733 ns
[2020-09-11T12:20:36.867+0000][1][safepoint    ] Safepoint "Cleanup", Time since last: 1000229807 ns, Reaching safepoint: 105170 ns, At safepoint: 6577 ns, Total: 111747 ns
[2020-09-11T12:20:37.868+0000][1][safepoint    ] Safepoint "Cleanup", Time since last: 1000172091 ns, Reaching safepoint: 98268 ns, At safepoint: 6909 ns, Total: 105177 ns
[2020-09-11T12:20:38.868+0000][1][safepoint    ] Safepoint "Cleanup", Time since last: 1000194013 ns, Reaching safepoint: 93326 ns, At safepoint: 7779 ns, Total: 101105 ns
[2020-09-11T12:20:39.868+0000][1][safepoint    ] Safepoint "Cleanup", Time since last: 1000188017 ns, Reaching safepoint: 91530 ns, At safepoint: 7392 ns, Total: 98922 ns
[2020-09-11T12:20:40.869+0000][1][safepoint    ] Safepoint "Cleanup", Time since last: 1000117757 ns, Reaching safepoint: 88138 ns, At safepoint: 7463 ns, Total: 95601 ns
[2020-09-11T12:20:41.869+0000][1][safepoint    ] Safepoint "Cleanup", Time since last: 1000203824 ns, Reaching safepoint: 93558 ns, At safepoint: 6101 ns, Total: 99659 ns
[2020-09-11T12:20:42.869+0000][1][safepoint    ] Safepoint "Cleanup", Time since last: 1000176962 ns, Reaching safepoint: 118843 ns, At safepoint: 18723 ns, Total: 137566 ns
[2020-09-11T12:20:43.869+0000][1][safepoint    ] Safepoint "Cleanup", Time since last: 1000220901 ns, Reaching safepoint: 116531 ns, At safepoint: 17079 ns, Total: 133610 ns
[2020-09-11T12:20:44.870+0000][1][safepoint    ] Safepoint "Cleanup", Time since last: 1000226772 ns, Reaching safepoint: 88701 ns, At safepoint: 7359 ns, Total: 96060 ns
[2020-09-11T12:20:45.870+0000][1][safepoint    ] Safepoint "Cleanup", Time since last: 1000141139 ns, Reaching safepoint: 118423 ns, At safepoint: 6252 ns, Total: 124675 ns
[2020-09-11T12:20:46.870+0000][1][safepoint    ] Safepoint "Cleanup", Time since last: 1000172685 ns, Reaching safepoint: 114449 ns, At safepoint: 18656 ns, Total: 133105 ns
[2020-09-11T12:20:47.871+0000][1][safepoint    ] Safepoint "Cleanup", Time since last: 1000213714 ns, Reaching safepoint: 90484 ns, At safepoint: 6621 ns, Total: 97105 ns
[2020-09-11T12:20:48.871+0000][1][safepoint    ] Safepoint "Cleanup", Time since last: 1000218296 ns, Reaching safepoint: 86128 ns, At safepoint: 7631 ns, Total: 93759 ns
[2020-09-11T12:20:49.871+0000][1][safepoint    ] Safepoint "Cleanup", Time since last: 1000207735 ns, Reaching safepoint: 83744 ns, At safepoint: 6991 ns, Total: 90735 ns
[2020-09-11T12:20:50.872+0000][1][safepoint    ] Safepoint "Cleanup", Time since last: 1000184042 ns, Reaching safepoint: 114496 ns, At safepoint: 18022 ns, Total: 132518 ns
[2020-09-11T12:20:51.872+0000][1][safepoint    ] Safepoint "Cleanup", Time since last: 1000225754 ns, Reaching safepoint: 122622 ns, At safepoint: 17547 ns, Total: 140169 ns
[2020-09-11T12:20:52.872+0000][1][safepoint    ] Safepoint "Cleanup", Time since last: 1000248504 ns, Reaching safepoint: 136349 ns, At safepoint: 19725 ns, Total: 156074 ns
[2020-09-11T12:20:53.873+0000][1][safepoint    ] Safepoint "Cleanup", Time since last: 1000251596 ns, Reaching safepoint: 91072 ns, At safepoint: 6573 ns, Total: 97645 ns
[2020-09-11T12:20:54.873+0000][1][safepoint    ] Safepoint "Cleanup", Time since last: 1000196837 ns, Reaching safepoint: 117459 ns, At safepoint: 17631 ns, Total: 135090 ns
[2020-09-11T12:20:55.873+0000][1][safepoint    ] Safepoint "Cleanup", Time since last: 1000238211 ns, Reaching safepoint: 113974 ns, At safepoint: 16872 ns, Total: 130846 ns
[2020-09-11T12:20:56.874+0000][1][safepoint    ] Safepoint "Cleanup", Time since last: 1000234937 ns, Reaching safepoint: 115966 ns, At safepoint: 17326 ns, Total: 133292 ns
[2020-09-11T12:20:57.874+0000][1][safepoint    ] Safepoint "Cleanup", Time since last: 1000219190 ns, Reaching safepoint: 113724 ns, At safepoint: 17607 ns, Total: 131331 ns
[2020-09-11T12:20:58.875+0000][1][safepoint    ] Safepoint "Cleanup", Time since last: 1000224496 ns, Reaching safepoint: 116387 ns, At safepoint: 17003 ns, Total: 133390 ns
[2020-09-11T12:20:59.875+0000][1][safepoint    ] Safepoint "Cleanup", Time since last: 1000228872 ns, Reaching safepoint: 87385 ns, At safepoint: 6421 ns, Total: 93806 ns
[2020-09-11T12:21:00.875+0000][1][safepoint    ] Safepoint "Cleanup", Time since last: 1000179722 ns, Reaching safepoint: 119988 ns, At safepoint: 17738 ns, Total: 137726 ns
[2020-09-11T12:21:01.876+0000][1][safepoint    ] Safepoint "Cleanup", Time since last: 1000184136 ns, Reaching safepoint: 164063 ns, At safepoint: 14557 ns, Total: 178620 ns
[2020-09-11T12:21:02.876+0000][1][safepoint    ] Safepoint "Cleanup", Time since last: 1000177155 ns, Reaching safepoint: 119006 ns, At safepoint: 17551 ns, Total: 136557 ns
[2020-09-11T12:21:03.876+0000][1][safepoint    ] Safepoint "Cleanup", Time since last: 1000189757 ns, Reaching safepoint: 116410 ns, At safepoint: 16331 ns, Total: 132741 ns
[2020-09-11T12:21:04.877+0000][1][safepoint    ] Safepoint "Cleanup", Time since last: 1000261662 ns, Reaching safepoint: 168944 ns, At safepoint: 18445 ns, Total: 187389 ns
[2020-09-11T12:21:05.877+0000][1][safepoint    ] Safepoint "Cleanup", Time since last: 1000206231 ns, Reaching safepoint: 114994 ns, At safepoint: 16671 ns, Total: 131665 ns
[2020-09-11T12:21:06.877+0000][1][safepoint    ] Safepoint "Cleanup", Time since last: 1000188343 ns, Reaching safepoint: 119761 ns, At safepoint: 18014 ns, Total: 137775 ns
[2020-09-11T12:21:07.878+0000][1][safepoint    ] Safepoint "Cleanup", Time since last: 1000203614 ns, Reaching safepoint: 118505 ns, At safepoint: 17153 ns, Total: 135658 ns
[2020-09-11T12:21:08.878+0000][1][safepoint    ] Safepoint "Cleanup", Time since last: 1000215082 ns, Reaching safepoint: 113136 ns, At safepoint: 7351 ns, Total: 120487 ns
[2020-09-11T12:21:09.878+0000][1][safepoint    ] Safepoint "Cleanup", Time since last: 1000176263 ns, Reaching safepoint: 94059 ns, At safepoint: 6832 ns, Total: 100891 ns
[2020-09-11T12:21:10.878+0000][1][safepoint    ] Safepoint "Cleanup", Time since last: 1000169417 ns, Reaching safepoint: 96082 ns, At safepoint: 7446 ns, Total: 103528 ns
[2020-09-11T12:21:11.879+0000][1][safepoint    ] Safepoint "Cleanup", Time since last: 1000177590 ns, Reaching safepoint: 116069 ns, At safepoint: 17230 ns, Total: 133299 ns
[2020-09-11T12:21:12.879+0000][1][safepoint    ] Safepoint "Cleanup", Time since last: 1000223909 ns, Reaching safepoint: 119401 ns, At safepoint: 18278 ns, Total: 137679 ns
[2020-09-11T12:21:13.880+0000][1][safepoint    ] Safepoint "Cleanup", Time since last: 1000275951 ns, Reaching safepoint: 79812 ns, At safepoint: 6676 ns, Total: 86488 ns
[2020-09-11T12:21:14.880+0000][1][safepoint    ] Safepoint "Cleanup", Time since last: 1000149724 ns, Reaching safepoint: 136109 ns, At safepoint: 19508 ns, Total: 155617 ns
[2020-09-11T12:21:15.880+0000][1][safepoint    ] Safepoint "Cleanup", Time since last: 1000185489 ns, Reaching safepoint: 125835 ns, At safepoint: 17340 ns, Total: 143175 ns
[2020-09-11T12:21:16.880+0000][1][safepoint    ] Safepoint "Cleanup", Time since last: 1000204485 ns, Reaching safepoint: 98600 ns, At safepoint: 7813 ns, Total: 106413 ns
[2020-09-11T12:21:17.881+0000][1][safepoint    ] Safepoint "Cleanup", Time since last: 1000211409 ns, Reaching safepoint: 91508 ns, At safepoint: 7045 ns, Total: 98553 ns
[2020-09-11T12:21:18.881+0000][1][safepoint    ] Safepoint "Cleanup", Time since last: 1000203623 ns, Reaching safepoint: 79693 ns, At safepoint: 7617 ns, Total: 87310 ns
[2020-09-11T12:21:19.881+0000][1][safepoint    ] Safepoint "Cleanup", Time since last: 1000173599 ns, Reaching safepoint: 88212 ns, At safepoint: 6076 ns, Total: 94288 ns
[2020-09-11T12:21:20.882+0000][1][safepoint    ] Safepoint "Cleanup", Time since last: 1000209016 ns, Reaching safepoint: 96617 ns, At safepoint: 6447 ns, Total: 103064 ns
[2020-09-11T12:21:21.882+0000][1][safepoint    ] Safepoint "Cleanup", Time since last: 1000208147 ns, Reaching safepoint: 86760 ns, At safepoint: 7178 ns, Total: 93938 ns
[2020-09-11T12:21:22.882+0000][1][safepoint    ] Safepoint "Cleanup", Time since last: 1000182484 ns, Reaching safepoint: 90923 ns, At safepoint: 7572 ns, Total: 98495 ns
[2020-09-11T12:21:23.883+0000][1][safepoint    ] Safepoint "Cleanup", Time since last: 1000174209 ns, Reaching safepoint: 94311 ns, At safepoint: 6450 ns, Total: 100761 ns
[2020-09-11T12:21:24.883+0000][1][safepoint    ] Safepoint "Cleanup", Time since last: 1000182009 ns, Reaching safepoint: 95867 ns, At safepoint: 8370 ns, Total: 104237 ns
[2020-09-11T12:21:25.883+0000][1][safepoint    ] Safepoint "Cleanup", Time since last: 1000181990 ns, Reaching safepoint: 123697 ns, At safepoint: 17063 ns, Total: 140760 ns
[2020-09-11T12:21:26.883+0000][1][safepoint    ] Safepoint "Cleanup", Time since last: 1000212180 ns, Reaching safepoint: 133876 ns, At safepoint: 6946 ns, Total: 140822 ns
[2020-09-11T12:21:27.884+0000][1][safepoint    ] Safepoint "Cleanup", Time since last: 1000171599 ns, Reaching safepoint: 114111 ns, At safepoint: 16384 ns, Total: 130495 ns
[2020-09-11T12:21:28.884+0000][1][safepoint    ] Safepoint "Cleanup", Time since last: 1000243576 ns, Reaching safepoint: 115715 ns, At safepoint: 18312 ns, Total: 134027 ns
[2020-09-11T12:21:29.884+0000][1][safepoint    ] Safepoint "Cleanup", Time since last: 1000193760 ns, Reaching safepoint: 115000 ns, At safepoint: 16893 ns, Total: 131893 ns
[2020-09-11T12:21:30.432+0000][1][gc,start     ] GC(69) Pause Young (Allocation Failure)
[2020-09-11T12:21:30.432+0000][1][gc,task      ] GC(69) Using 1 workers of 1 for evacuation
[2020-09-11T12:21:30.449+0000][1][gc,age       ] GC(69) Desired survivor size 4358144 bytes, new threshold 6 (max threshold 6)
[2020-09-11T12:21:30.449+0000][1][gc,age       ] GC(69) Age table with threshold 6 (max threshold 6)
[2020-09-11T12:21:30.449+0000][1][gc,age       ] GC(69) - age   1:      12928 bytes,      12928 total
[2020-09-11T12:21:30.449+0000][1][gc,age       ] GC(69) - age   2:     237584 bytes,     250512 total
[2020-09-11T12:21:30.449+0000][1][gc,age       ] GC(69) - age   3:     228304 bytes,     478816 total
[2020-09-11T12:21:30.449+0000][1][gc,age       ] GC(69) - age   4:     293608 bytes,     772424 total
[2020-09-11T12:21:30.449+0000][1][gc,age       ] GC(69) - age   5:    1146072 bytes,    1918496 total
[2020-09-11T12:21:30.449+0000][1][gc,heap      ] GC(69) ParNew: 70189K->3318K(76672K)
[2020-09-11T12:21:30.449+0000][1][gc,heap      ] GC(69) CMS: 95733K->95733K(2011968K)
[2020-09-11T12:21:30.449+0000][1][gc,metaspace ] GC(69) Metaspace: 73326K->73326K(1116160K)
[2020-09-11T12:21:30.449+0000][1][gc           ] GC(69) Pause Young (Allocation Failure) 162M->96M(2039M) 17.137ms
[2020-09-11T12:21:30.449+0000][1][gc,cpu       ] GC(69) User=0.01s Sys=0.00s Real=0.02s
[2020-09-11T12:21:30.452+0000][1][safepoint    ] Safepoint "GenCollectForAllocation", Time since last: 547287471 ns, Reaching safepoint: 211719 ns, At safepoint: 20452887 ns, Total: 20664606 ns
[2020-09-11T12:21:31.453+0000][1][safepoint    ] Safepoint "Cleanup", Time since last: 1000143236 ns, Reaching safepoint: 57198 ns, At safepoint: 6452 ns, Total: 63650 ns
[2020-09-11T12:21:32.453+0000][1][safepoint    ] Safepoint "Cleanup", Time since last: 1000186557 ns, Reaching safepoint: 83367 ns, At safepoint: 6119 ns, Total: 89486 ns
[2020-09-11T12:21:33.453+0000][1][safepoint    ] Safepoint "Cleanup", Time since last: 1000177644 ns, Reaching safepoint: 81256 ns, At safepoint: 7146 ns, Total: 88402 ns
[2020-09-11T12:21:34.453+0000][1][safepoint    ] Safepoint "Cleanup", Time since last: 1000126262 ns, Reaching safepoint: 61975 ns, At safepoint: 6413 ns, Total: 68388 ns
[2020-09-11T12:21:35.454+0000][1][safepoint    ] Safepoint "Cleanup", Time since last: 1000249919 ns, Reaching safepoint: 51930 ns, At safepoint: 6207 ns, Total: 58137 ns
[2020-09-11T12:21:36.454+0000][1][safepoint    ] Safepoint "Cleanup", Time since last: 1000238492 ns, Reaching safepoint: 57535 ns, At safepoint: 5689 ns, Total: 63224 ns
[2020-09-11T12:21:37.454+0000][1][safepoint    ] Safepoint "Cleanup", Time since last: 1000165334 ns, Reaching safepoint: 110145 ns, At safepoint: 17801 ns, Total: 127946 ns
[2020-09-11T12:21:38.455+0000][1][safepoint    ] Safepoint "Cleanup", Time since last: 1000173445 ns, Reaching safepoint: 97758 ns, At safepoint: 12314 ns, Total: 110072 ns
[2020-09-11T12:21:39.455+0000][1][safepoint    ] Safepoint "Cleanup", Time since last: 1000186231 ns, Reaching safepoint: 101339 ns, At safepoint: 16742 ns, Total: 118081 ns
[2020-09-11T12:21:40.455+0000][1][safepoint    ] Safepoint "Cleanup", Time since last: 1000201508 ns, Reaching safepoint: 100738 ns, At safepoint: 16237 ns, Total: 116975 ns
[2020-09-11T12:21:41.455+0000][1][safepoint    ] Safepoint "Cleanup", Time since last: 1000228011 ns, Reaching safepoint: 69029 ns, At safepoint: 6805 ns, Total: 75834 ns
[2020-09-11T12:21:42.456+0000][1][safepoint    ] Safepoint "Cleanup", Time since last: 1000176367 ns, Reaching safepoint: 86069 ns, At safepoint: 6546 ns, Total: 92615 ns
[2020-09-11T12:21:43.456+0000][1][safepoint    ] Safepoint "Cleanup", Time since last: 1000169019 ns, Reaching safepoint: 111469 ns, At safepoint: 17460 ns, Total: 128929 ns
[2020-09-11T12:21:44.456+0000][1][safepoint    ] Safepoint "Cleanup", Time since last: 1000135303 ns, Reaching safepoint: 55830 ns, At safepoint: 5339 ns, Total: 61169 ns
[2020-09-11T12:21:45.457+0000][1][safepoint    ] Safepoint "Cleanup", Time since last: 1000179478 ns, Reaching safepoint: 86068 ns, At safepoint: 7007 ns, Total: 93075 ns
[2020-09-11T12:21:46.457+0000][1][safepoint    ] Safepoint "Cleanup", Time since last: 1000165046 ns, Reaching safepoint: 84895 ns, At safepoint: 5922 ns, Total: 90817 ns
[2020-09-11T12:21:47.457+0000][1][safepoint    ] Safepoint "Cleanup", Time since last: 1000170013 ns, Reaching safepoint: 80774 ns, At safepoint: 6754 ns, Total: 87528 ns
[2020-09-11T12:21:48.457+0000][1][safepoint    ] Safepoint "Cleanup", Time since last: 1000161184 ns, Reaching safepoint: 96928 ns, At safepoint: 16378 ns, Total: 113306 ns
[2020-09-11T12:21:49.458+0000][1][safepoint    ] Safepoint "Cleanup", Time since last: 1000217813 ns, Reaching safepoint: 101245 ns, At safepoint: 16157 ns, Total: 117402 ns
[2020-09-11T12:21:50.458+0000][1][safepoint    ] Safepoint "Cleanup", Time since last: 1000221245 ns, Reaching safepoint: 100581 ns, At safepoint: 15959 ns, Total: 116540 ns
[2020-09-11T12:21:51.458+0000][1][safepoint    ] Safepoint "Cleanup", Time since last: 1000215805 ns, Reaching safepoint: 83284 ns, At safepoint: 6974 ns, Total: 90258 ns
[2020-09-11T12:21:52.459+0000][1][safepoint    ] Safepoint "Cleanup", Time since last: 1000161280 ns, Reaching safepoint: 82854 ns, At safepoint: 6208 ns, Total: 89062 ns
[2020-09-11T12:21:53.459+0000][1][safepoint    ] Safepoint "Cleanup", Time since last: 1000194589 ns, Reaching safepoint: 83239 ns, At safepoint: 6778 ns, Total: 90017 ns
[2020-09-11T12:21:54.459+0000][1][safepoint    ] Safepoint "Cleanup", Time since last: 1000162251 ns, Reaching safepoint: 57159 ns, At safepoint: 5922 ns, Total: 63081 ns
[2020-09-11T12:21:55.459+0000][1][safepoint    ] Safepoint "Cleanup", Time since last: 1000159506 ns, Reaching safepoint: 87030 ns, At safepoint: 7567 ns, Total: 94597 ns
[2020-09-11T12:21:56.459+0000][1][safepoint    ] Safepoint "Cleanup", Time since last: 1000091982 ns, Reaching safepoint: 56110 ns, At safepoint: 6095 ns, Total: 62205 ns
[2020-09-11T12:21:57.460+0000][1][safepoint    ] Safepoint "Cleanup", Time since last: 1000210245 ns, Reaching safepoint: 104356 ns, At safepoint: 16918 ns, Total: 121274 ns
[2020-09-11T12:21:58.460+0000][1][safepoint    ] Safepoint "Cleanup", Time since last: 1000222398 ns, Reaching safepoint: 79267 ns, At safepoint: 5963 ns, Total: 85230 ns
[2020-09-11T12:21:59.460+0000][1][safepoint    ] Safepoint "Cleanup", Time since last: 1000173406 ns, Reaching safepoint: 78396 ns, At safepoint: 6837 ns, Total: 85233 ns
[2020-09-11T12:22:00.461+0000][1][safepoint    ] Safepoint "Cleanup", Time since last: 1000181420 ns, Reaching safepoint: 100544 ns, At safepoint: 15692 ns, Total: 116236 ns
[2020-09-11T12:22:01.461+0000][1][safepoint    ] Safepoint "Cleanup", Time since last: 1000167869 ns, Reaching safepoint: 100059 ns, At safepoint: 15138 ns, Total: 115197 ns
[2020-09-11T12:22:02.461+0000][1][safepoint    ] Safepoint "Cleanup", Time since last: 1000225989 ns, Reaching safepoint: 103080 ns, At safepoint: 16501 ns, Total: 119581 ns
[2020-09-11T12:22:03.462+0000][1][safepoint    ] Safepoint "Cleanup", Time since last: 1000170644 ns, Reaching safepoint: 102157 ns, At safepoint: 16324 ns, Total: 118481 ns
[2020-09-11T12:22:04.462+0000][1][safepoint    ] Safepoint "Cleanup", Time since last: 1000142555 ns, Reaching safepoint: 56273 ns, At safepoint: 6346 ns, Total: 62619 ns
[2020-09-11T12:22:05.462+0000][1][safepoint    ] Safepoint "Cleanup", Time since last: 1000154380 ns, Reaching safepoint: 90810 ns, At safepoint: 7416 ns, Total: 98226 ns
[2020-09-11T12:22:06.462+0000][1][safepoint    ] Safepoint "Cleanup", Time since last: 1000145143 ns, Reaching safepoint: 110374 ns, At safepoint: 6557 ns, Total: 116931 ns
[2020-09-11T12:22:07.463+0000][1][safepoint    ] Safepoint "Cleanup", Time since last: 1000145353 ns, Reaching safepoint: 106812 ns, At safepoint: 17841 ns, Total: 124653 ns
[2020-09-11T12:22:08.463+0000][1][safepoint    ] Safepoint "Cleanup", Time since last: 1000189836 ns, Reaching safepoint: 102170 ns, At safepoint: 16168 ns, Total: 118338 ns
[2020-09-11T12:22:09.463+0000][1][safepoint    ] Safepoint "Cleanup", Time since last: 1000193526 ns, Reaching safepoint: 86107 ns, At safepoint: 7181 ns, Total: 93288 ns
[2020-09-11T12:22:10.463+0000][1][safepoint    ] Safepoint "Cleanup", Time since last: 1000148243 ns, Reaching safepoint: 128184 ns, At safepoint: 17152 ns, Total: 145336 ns
[2020-09-11T12:22:11.464+0000][1][safepoint    ] Safepoint "Cleanup", Time since last: 1000145591 ns, Reaching safepoint: 61879 ns, At safepoint: 6617 ns, Total: 68496 ns
[2020-09-11T12:22:12.464+0000][1][safepoint    ] Safepoint "Cleanup", Time since last: 1000182221 ns, Reaching safepoint: 80628 ns, At safepoint: 6533 ns, Total: 87161 ns
[2020-09-11T12:22:13.464+0000][1][safepoint    ] Safepoint "Cleanup", Time since last: 1000171143 ns, Reaching safepoint: 79175 ns, At safepoint: 7255 ns, Total: 86430 ns
[2020-09-11T12:22:14.464+0000][1][safepoint    ] Safepoint "Cleanup", Time since last: 1000178082 ns, Reaching safepoint: 73473 ns, At safepoint: 6803 ns, Total: 80276 ns
[2020-09-11T12:22:15.465+0000][1][safepoint    ] Safepoint "Cleanup", Time since last: 1000192798 ns, Reaching safepoint: 71387 ns, At safepoint: 9133 ns, Total: 80520 ns
[2020-09-11T12:22:16.465+0000][1][safepoint    ] Safepoint "Cleanup", Time since last: 1000163446 ns, Reaching safepoint: 80934 ns, At safepoint: 6460 ns, Total: 87394 ns
[2020-09-11T12:22:17.465+0000][1][safepoint    ] Safepoint "Cleanup", Time since last: 1000167324 ns, Reaching safepoint: 103744 ns, At safepoint: 16284 ns, Total: 120028 ns
[2020-09-11T12:22:18.466+0000][1][safepoint    ] Safepoint "Cleanup", Time since last: 1000205506 ns, Reaching safepoint: 113684 ns, At safepoint: 16919 ns, Total: 130603 ns
[2020-09-11T12:22:19.466+0000][1][safepoint    ] Safepoint "Cleanup", Time since last: 1000221938 ns, Reaching safepoint: 100828 ns, At safepoint: 16591 ns, Total: 117419 ns
[2020-09-11T12:22:20.466+0000][1][safepoint    ] Safepoint "Cleanup", Time since last: 1000203282 ns, Reaching safepoint: 100828 ns, At safepoint: 15983 ns, Total: 116811 ns
[2020-09-11T12:22:21.467+0000][1][safepoint    ] Safepoint "Cleanup", Time since last: 1000199406 ns, Reaching safepoint: 99024 ns, At safepoint: 16862 ns, Total: 115886 ns
[2020-09-11T12:22:22.467+0000][1][safepoint    ] Safepoint "Cleanup", Time since last: 1000224050 ns, Reaching safepoint: 102321 ns, At safepoint: 16004 ns, Total: 118325 ns
[2020-09-11T12:22:23.467+0000][1][safepoint    ] Safepoint "Cleanup", Time since last: 1000222221 ns, Reaching safepoint: 74604 ns, At safepoint: 6931 ns, Total: 81535 ns
[2020-09-11T12:22:24.467+0000][1][safepoint    ] Safepoint "Cleanup", Time since last: 1000184693 ns, Reaching safepoint: 71018 ns, At safepoint: 6451 ns, Total: 77469 ns
[2020-09-11T12:22:25.468+0000][1][safepoint    ] Safepoint "Cleanup", Time since last: 1000196339 ns, Reaching safepoint: 88756 ns, At safepoint: 6961 ns, Total: 95717 ns
[2020-09-11T12:22:26.468+0000][1][safepoint    ] Safepoint "Cleanup", Time since last: 1000169777 ns, Reaching safepoint: 80726 ns, At safepoint: 7122 ns, Total: 87848 ns
[2020-09-11T12:22:27.468+0000][1][safepoint    ] Safepoint "Cleanup", Time since last: 1000184968 ns, Reaching safepoint: 81274 ns, At safepoint: 7308 ns, Total: 88582 ns
[2020-09-11T12:22:28.469+0000][1][safepoint    ] Safepoint "Cleanup", Time since last: 1000156177 ns, Reaching safepoint: 84830 ns, At safepoint: 7531 ns, Total: 92361 ns
[2020-09-11T12:22:29.469+0000][1][safepoint    ] Safepoint "Cleanup", Time since last: 1000159389 ns, Reaching safepoint: 88247 ns, At safepoint: 7043 ns, Total: 95290 ns
[2020-09-11T12:22:30.469+0000][1][safepoint    ] Safepoint "Cleanup", Time since last: 1000185106 ns, Reaching safepoint: 89844 ns, At safepoint: 6664 ns, Total: 96508 ns
[2020-09-11T12:22:31.469+0000][1][safepoint    ] Safepoint "Cleanup", Time since last: 1000170851 ns, Reaching safepoint: 106881 ns, At safepoint: 18189 ns, Total: 125070 ns
[2020-09-11T12:22:32.470+0000][1][safepoint    ] Safepoint "Cleanup", Time since last: 1000210746 ns, Reaching safepoint: 79467 ns, At safepoint: 6711 ns, Total: 86178 ns
[2020-09-11T12:22:33.470+0000][1][safepoint    ] Safepoint "Cleanup", Time since last: 1000136266 ns, Reaching safepoint: 101860 ns, At safepoint: 17414 ns, Total: 119274 ns
[2020-09-11T12:22:34.470+0000][1][safepoint    ] Safepoint "Cleanup", Time since last: 1000158193 ns, Reaching safepoint: 105535 ns, At safepoint: 6490 ns, Total: 112025 ns
[2020-09-11T12:22:35.470+0000][1][safepoint    ] Safepoint "Cleanup", Time since last: 1000162313 ns, Reaching safepoint: 95475 ns, At safepoint: 6923 ns, Total: 102398 ns
[2020-09-11T12:22:36.471+0000][1][safepoint    ] Safepoint "Cleanup", Time since last: 1000186906 ns, Reaching safepoint: 96013 ns, At safepoint: 16181 ns, Total: 112194 ns
[2020-09-11T12:22:37.471+0000][1][safepoint    ] Safepoint "Cleanup", Time since last: 1000177164 ns, Reaching safepoint: 102231 ns, At safepoint: 17062 ns, Total: 119293 ns
[2020-09-11T12:22:38.471+0000][1][safepoint    ] Safepoint "Cleanup", Time since last: 1000192783 ns, Reaching safepoint: 86889 ns, At safepoint: 7152 ns, Total: 94041 ns
[2020-09-11T12:22:39.472+0000][1][safepoint    ] Safepoint "Cleanup", Time since last: 1000191609 ns, Reaching safepoint: 83988 ns, At safepoint: 6959 ns, Total: 90947 ns
[2020-09-11T12:22:40.472+0000][1][safepoint    ] Safepoint "Cleanup", Time since last: 1000174221 ns, Reaching safepoint: 89941 ns, At safepoint: 6399 ns, Total: 96340 ns
[2020-09-11T12:22:41.472+0000][1][safepoint    ] Safepoint "Cleanup", Time since last: 1000144093 ns, Reaching safepoint: 108122 ns, At safepoint: 17867 ns, Total: 125989 ns
[2020-09-11T12:22:42.473+0000][1][safepoint    ] Safepoint "Cleanup", Time since last: 1000207148 ns, Reaching safepoint: 109334 ns, At safepoint: 16261 ns, Total: 125595 ns
[2020-09-11T12:22:43.473+0000][1][safepoint    ] Safepoint "Cleanup", Time since last: 1000208041 ns, Reaching safepoint: 101676 ns, At safepoint: 17717 ns, Total: 119393 ns
[2020-09-11T12:22:44.473+0000][1][safepoint    ] Safepoint "Cleanup", Time since last: 1000212073 ns, Reaching safepoint: 99321 ns, At safepoint: 16835 ns, Total: 116156 ns
[2020-09-11T12:22:45.064+0000][1][gc,start     ] GC(70) Pause Young (Allocation Failure)
[2020-09-11T12:22:45.064+0000][1][gc,task      ] GC(70) Using 1 workers of 1 for evacuation
[2020-09-11T12:22:45.086+0000][1][gc,age       ] GC(70) Desired survivor size 4358144 bytes, new threshold 6 (max threshold 6)
[2020-09-11T12:22:45.086+0000][1][gc,age       ] GC(70) Age table with threshold 6 (max threshold 6)
[2020-09-11T12:22:45.086+0000][1][gc,age       ] GC(70) - age   1:       8072 bytes,       8072 total
[2020-09-11T12:22:45.086+0000][1][gc,age       ] GC(70) - age   2:       1432 bytes,       9504 total
[2020-09-11T12:22:45.086+0000][1][gc,age       ] GC(70) - age   3:     237584 bytes,     247088 total
[2020-09-11T12:22:45.086+0000][1][gc,age       ] GC(70) - age   4:     228304 bytes,     475392 total
[2020-09-11T12:22:45.086+0000][1][gc,age       ] GC(70) - age   5:     293608 bytes,     769000 total
[2020-09-11T12:22:45.086+0000][1][gc,age       ] GC(70) - age   6:    1146072 bytes,    1915072 total
[2020-09-11T12:22:45.086+0000][1][gc,heap      ] GC(70) ParNew: 71478K->2234K(76672K)
[2020-09-11T12:22:45.086+0000][1][gc,heap      ] GC(70) CMS: 95733K->95733K(2011968K)
[2020-09-11T12:22:45.086+0000][1][gc,metaspace ] GC(70) Metaspace: 73364K->73364K(1116160K)
[2020-09-11T12:22:45.086+0000][1][gc           ] GC(70) Pause Young (Allocation Failure) 163M->95M(2039M) 22.331ms
[2020-09-11T12:22:45.086+0000][1][gc,cpu       ] GC(70) User=0.02s Sys=0.00s Real=0.02s
[2020-09-11T12:22:45.086+0000][1][safepoint    ] Safepoint "GenCollectForAllocation", Time since last: 590354074 ns, Reaching safepoint: 217750 ns, At safepoint: 22404707 ns, Total: 22622457 ns
[2020-09-11T12:22:46.090+0000][1][safepoint    ] Safepoint "Cleanup", Time since last: 1003342008 ns, Reaching safepoint: 172001 ns, At safepoint: 15686 ns, Total: 187687 ns
[2020-09-11T12:22:47.090+0000][1][safepoint    ] Safepoint "Cleanup", Time since last: 1000193375 ns, Reaching safepoint: 49161 ns, At safepoint: 4398 ns, Total: 53559 ns
[2020-09-11T12:22:48.090+0000][1][safepoint    ] Safepoint "Cleanup", Time since last: 1000088577 ns, Reaching safepoint: 113877 ns, At safepoint: 16625 ns, Total: 130502 ns
[2020-09-11T12:22:49.090+0000][1][safepoint    ] Safepoint "Cleanup", Time since last: 1000156466 ns, Reaching safepoint: 103902 ns, At safepoint: 14363 ns, Total: 118265 ns
[2020-09-11T12:22:50.091+0000][1][safepoint    ] Safepoint "Cleanup", Time since last: 1000150414 ns, Reaching safepoint: 301411 ns, At safepoint: 18178 ns, Total: 319589 ns
[2020-09-11T12:22:51.091+0000][1][safepoint    ] Safepoint "Cleanup", Time since last: 1000149453 ns, Reaching safepoint: 104256 ns, At safepoint: 5137 ns, Total: 109393 ns
[2020-09-11T12:22:52.091+0000][1][safepoint    ] Safepoint "Cleanup", Time since last: 1000119832 ns, Reaching safepoint: 115464 ns, At safepoint: 71832 ns, Total: 187296 ns
[2020-09-11T12:22:53.092+0000][1][safepoint    ] Safepoint "Cleanup", Time since last: 1000153602 ns, Reaching safepoint: 104567 ns, At safepoint: 13895 ns, Total: 118462 ns
[2020-09-11T12:22:54.092+0000][1][safepoint    ] Safepoint "Cleanup", Time since last: 1000160102 ns, Reaching safepoint: 98616 ns, At safepoint: 6788 ns, Total: 105404 ns
[2020-09-11T12:22:55.092+0000][1][safepoint    ] Safepoint "Cleanup", Time since last: 1000118866 ns, Reaching safepoint: 105008 ns, At safepoint: 14339 ns, Total: 119347 ns
[2020-09-11T12:22:56.093+0000][1][safepoint    ] Safepoint "Cleanup", Time since last: 1000250186 ns, Reaching safepoint: 65058 ns, At safepoint: 6594 ns, Total: 71652 ns
[2020-09-11T12:22:57.093+0000][1][safepoint    ] Safepoint "Cleanup", Time since last: 1000160758 ns, Reaching safepoint: 115545 ns, At safepoint: 16087 ns, Total: 131632 ns
[2020-09-11T12:22:58.093+0000][1][safepoint    ] Safepoint "Cleanup", Time since last: 1000198044 ns, Reaching safepoint: 105602 ns, At safepoint: 17036 ns, Total: 122638 ns
[2020-09-11T12:22:59.093+0000][1][safepoint    ] Safepoint "Cleanup", Time since last: 1000217803 ns, Reaching safepoint: 104450 ns, At safepoint: 15362 ns, Total: 119812 ns
[2020-09-11T12:23:00.094+0000][1][safepoint    ] Safepoint "Cleanup", Time since last: 1000187461 ns, Reaching safepoint: 87415 ns, At safepoint: 6813 ns, Total: 94228 ns
[2020-09-11T12:23:01.094+0000][1][safepoint    ] Safepoint "Cleanup", Time since last: 1000179092 ns, Reaching safepoint: 78314 ns, At safepoint: 5677 ns, Total: 83991 ns
[2020-09-11T12:23:02.094+0000][1][safepoint    ] Safepoint "Cleanup", Time since last: 1000187143 ns, Reaching safepoint: 86130 ns, At safepoint: 6563 ns, Total: 92693 ns
[2020-09-11T12:23:03.095+0000][1][safepoint    ] Safepoint "Cleanup", Time since last: 1000159729 ns, Reaching safepoint: 104202 ns, At safepoint: 15953 ns, Total: 120155 ns
[2020-09-11T12:23:04.095+0000][1][safepoint    ] Safepoint "Cleanup", Time since last: 1000240759 ns, Reaching safepoint: 106050 ns, At safepoint: 16995 ns, Total: 123045 ns
[2020-09-11T12:23:05.095+0000][1][safepoint    ] Safepoint "Cleanup", Time since last: 1000157074 ns, Reaching safepoint: 105699 ns, At safepoint: 14115 ns, Total: 119814 ns
[2020-09-11T12:23:06.096+0000][1][safepoint    ] Safepoint "Cleanup", Time since last: 1000167809 ns, Reaching safepoint: 90537 ns, At safepoint: 10443 ns, Total: 100980 ns
[2020-09-11T12:23:07.096+0000][1][safepoint    ] Safepoint "Cleanup", Time since last: 1000196593 ns, Reaching safepoint: 101332 ns, At safepoint: 15840 ns, Total: 117172 ns
[2020-09-11T12:23:08.096+0000][1][safepoint    ] Safepoint "Cleanup", Time since last: 1000200272 ns, Reaching safepoint: 99418 ns, At safepoint: 16525 ns, Total: 115943 ns
[2020-09-11T12:23:09.096+0000][1][safepoint    ] Safepoint "Cleanup", Time since last: 1000233400 ns, Reaching safepoint: 81585 ns, At safepoint: 5972 ns, Total: 87557 ns
[2020-09-11T12:23:10.097+0000][1][safepoint    ] Safepoint "Cleanup", Time since last: 1000152112 ns, Reaching safepoint: 84291 ns, At safepoint: 6394 ns, Total: 90685 ns
[2020-09-11T12:23:11.097+0000][1][safepoint    ] Safepoint "Cleanup", Time since last: 1000139002 ns, Reaching safepoint: 90425 ns, At safepoint: 5913 ns, Total: 96338 ns
[2020-09-11T12:23:12.097+0000][1][safepoint    ] Safepoint "Cleanup", Time since last: 1000156372 ns, Reaching safepoint: 108983 ns, At safepoint: 16979 ns, Total: 125962 ns
[2020-09-11T12:23:13.098+0000][1][safepoint    ] Safepoint "Cleanup", Time since last: 1000200399 ns, Reaching safepoint: 104753 ns, At safepoint: 15846 ns, Total: 120599 ns
[2020-09-11T12:23:14.098+0000][1][safepoint    ] Safepoint "Cleanup", Time since last: 1000194173 ns, Reaching safepoint: 100216 ns, At safepoint: 16334 ns, Total: 116550 ns
[2020-09-11T12:23:15.098+0000][1][safepoint    ] Safepoint "Cleanup", Time since last: 1000194535 ns, Reaching safepoint: 107517 ns, At safepoint: 16661 ns, Total: 124178 ns
[2020-09-11T12:23:16.098+0000][1][safepoint    ] Safepoint "Cleanup", Time since last: 1000193533 ns, Reaching safepoint: 89353 ns, At safepoint: 6972 ns, Total: 96325 ns
[2020-09-11T12:23:17.099+0000][1][safepoint    ] Safepoint "Cleanup", Time since last: 1000123411 ns, Reaching safepoint: 101594 ns, At safepoint: 5466 ns, Total: 107060 ns
[2020-09-11T12:23:18.099+0000][1][safepoint    ] Safepoint "Cleanup", Time since last: 1000180749 ns, Reaching safepoint: 81839 ns, At safepoint: 6724 ns, Total: 88563 ns
[2020-09-11T12:23:19.099+0000][1][safepoint    ] Safepoint "Cleanup", Time since last: 1000190382 ns, Reaching safepoint: 81464 ns, At safepoint: 6111 ns, Total: 87575 ns
[2020-09-11T12:23:20.100+0000][1][safepoint    ] Safepoint "Cleanup", Time since last: 1000174952 ns, Reaching safepoint: 99017 ns, At safepoint: 15790 ns, Total: 114807 ns
[2020-09-11T12:23:21.100+0000][1][safepoint    ] Safepoint "Cleanup", Time since last: 1000156423 ns, Reaching safepoint: 73879 ns, At safepoint: 5657 ns, Total: 79536 ns
[2020-09-11T12:23:22.100+0000][1][safepoint    ] Safepoint "Cleanup", Time since last: 1000152188 ns, Reaching safepoint: 85039 ns, At safepoint: 6757 ns, Total: 91796 ns
[2020-09-11T12:23:23.100+0000][1][safepoint    ] Safepoint "Cleanup", Time since last: 1000111066 ns, Reaching safepoint: 105001 ns, At safepoint: 13481 ns, Total: 118482 ns
[2020-09-11T12:23:24.101+0000][1][safepoint    ] Safepoint "Cleanup", Time since last: 1000198596 ns, Reaching safepoint: 85463 ns, At safepoint: 7131 ns, Total: 92594 ns
[2020-09-11T12:23:25.101+0000][1][safepoint    ] Safepoint "Cleanup", Time since last: 1000152704 ns, Reaching safepoint: 105368 ns, At safepoint: 15780 ns, Total: 121148 ns
[2020-09-11T12:23:26.101+0000][1][safepoint    ] Safepoint "Cleanup", Time since last: 1000249598 ns, Reaching safepoint: 90097 ns, At safepoint: 8856 ns, Total: 98953 ns
[2020-09-11T12:23:27.101+0000][1][safepoint    ] Safepoint "Cleanup", Time since last: 1000153812 ns, Reaching safepoint: 114858 ns, At safepoint: 5968 ns, Total: 120826 ns
[2020-09-11T12:23:28.102+0000][1][safepoint    ] Safepoint "Cleanup", Time since last: 1000159710 ns, Reaching safepoint: 82188 ns, At safepoint: 6951 ns, Total: 89139 ns
[2020-09-11T12:23:29.102+0000][1][safepoint    ] Safepoint "Cleanup", Time since last: 1000127861 ns, Reaching safepoint: 105010 ns, At safepoint: 15072 ns, Total: 120082 ns
[2020-09-11T12:23:30.102+0000][1][safepoint    ] Safepoint "Cleanup", Time since last: 1000190112 ns, Reaching safepoint: 104910 ns, At safepoint: 16836 ns, Total: 121746 ns
[2020-09-11T12:23:31.103+0000][1][safepoint    ] Safepoint "Cleanup", Time since last: 1000155882 ns, Reaching safepoint: 107450 ns, At safepoint: 6174 ns, Total: 113624 ns
[2020-09-11T12:23:32.103+0000][1][safepoint    ] Safepoint "Cleanup", Time since last: 1000150468 ns, Reaching safepoint: 99364 ns, At safepoint: 16458 ns, Total: 115822 ns
[2020-09-11T12:23:33.103+0000][1][safepoint    ] Safepoint "Cleanup", Time since last: 1000217899 ns, Reaching safepoint: 85679 ns, At safepoint: 5853 ns, Total: 91532 ns
[2020-09-11T12:23:34.103+0000][1][safepoint    ] Safepoint "Cleanup", Time since last: 1000159907 ns, Reaching safepoint: 105345 ns, At safepoint: 16965 ns, Total: 122310 ns
[2020-09-11T12:23:35.104+0000][1][safepoint    ] Safepoint "Cleanup", Time since last: 1000623298 ns, Reaching safepoint: 104195 ns, At safepoint: 16375 ns, Total: 120570 ns
[2020-09-11T12:23:36.104+0000][1][safepoint    ] Safepoint "Cleanup", Time since last: 1000163373 ns, Reaching safepoint: 112520 ns, At safepoint: 6657 ns, Total: 119177 ns
[2020-09-11T12:23:37.105+0000][1][safepoint    ] Safepoint "Cleanup", Time since last: 1000155522 ns, Reaching safepoint: 84038 ns, At safepoint: 6112 ns, Total: 90150 ns
[2020-09-11T12:23:38.105+0000][1][safepoint    ] Safepoint "Cleanup", Time since last: 1000171177 ns, Reaching safepoint: 110894 ns, At safepoint: 17337 ns, Total: 128231 ns
[2020-09-11T12:23:39.105+0000][1][safepoint    ] Safepoint "Cleanup", Time since last: 1000213439 ns, Reaching safepoint: 72999 ns, At safepoint: 6027 ns, Total: 79026 ns
[2020-09-11T12:23:40.106+0000][1][safepoint    ] Safepoint "Cleanup", Time since last: 1000175077 ns, Reaching safepoint: 115208 ns, At safepoint: 16468 ns, Total: 131676 ns
[2020-09-11T12:23:41.106+0000][1][safepoint    ] Safepoint "Cleanup", Time since last: 1000224045 ns, Reaching safepoint: 95397 ns, At safepoint: 6487 ns, Total: 101884 ns
[2020-09-11T12:23:42.106+0000][1][safepoint    ] Safepoint "Cleanup", Time since last: 1000177029 ns, Reaching safepoint: 92696 ns, At safepoint: 7222 ns, Total: 99918 ns
[2020-09-11T12:23:43.106+0000][1][safepoint    ] Safepoint "Cleanup", Time since last: 1000155674 ns, Reaching safepoint: 95106 ns, At safepoint: 6740 ns, Total: 101846 ns
[2020-09-11T12:23:44.107+0000][1][safepoint    ] Safepoint "Cleanup", Time since last: 1000178899 ns, Reaching safepoint: 99606 ns, At safepoint: 7801 ns, Total: 107407 ns
[2020-09-11T12:23:45.107+0000][1][safepoint    ] Safepoint "Cleanup", Time since last: 1000188473 ns, Reaching safepoint: 84856 ns, At safepoint: 7630 ns, Total: 92486 ns
[2020-09-11T12:23:46.107+0000][1][safepoint    ] Safepoint "Cleanup", Time since last: 1000147254 ns, Reaching safepoint: 78273 ns, At safepoint: 8868 ns, Total: 87141 ns
[2020-09-11T12:23:47.108+0000][1][safepoint    ] Safepoint "Cleanup", Time since last: 1000902325 ns, Reaching safepoint: 120393 ns, At safepoint: 18649 ns, Total: 139042 ns
[2020-09-11T12:23:48.109+0000][1][safepoint    ] Safepoint "Cleanup", Time since last: 1000214092 ns, Reaching safepoint: 116076 ns, At safepoint: 17406 ns, Total: 133482 ns
[2020-09-11T12:23:49.109+0000][1][safepoint    ] Safepoint "Cleanup", Time since last: 1000230382 ns, Reaching safepoint: 89318 ns, At safepoint: 6856 ns, Total: 96174 ns
[2020-09-11T12:23:50.109+0000][1][safepoint    ] Safepoint "Cleanup", Time since last: 1000157773 ns, Reaching safepoint: 97230 ns, At safepoint: 7804 ns, Total: 105034 ns
[2020-09-11T12:23:51.110+0000][1][safepoint    ] Safepoint "Cleanup", Time since last: 1000193421 ns, Reaching safepoint: 136242 ns, At safepoint: 15232 ns, Total: 151474 ns
[2020-09-11T12:23:52.111+0000][1][safepoint    ] Safepoint "Cleanup", Time since last: 1001159285 ns, Reaching safepoint: 89873 ns, At safepoint: 7646 ns, Total: 97519 ns
[2020-09-11T12:23:53.111+0000][1][safepoint    ] Safepoint "Cleanup", Time since last: 1000214913 ns, Reaching safepoint: 81882 ns, At safepoint: 8737 ns, Total: 90619 ns
[2020-09-11T12:23:54.111+0000][1][safepoint    ] Safepoint "Cleanup", Time since last: 1000175749 ns, Reaching safepoint: 90544 ns, At safepoint: 7802 ns, Total: 98346 ns
[2020-09-11T12:23:55.112+0000][1][safepoint    ] Safepoint "Cleanup", Time since last: 1000220597 ns, Reaching safepoint: 114061 ns, At safepoint: 16502 ns, Total: 130563 ns
[2020-09-11T12:23:55.437+0000][1][gc,start     ] GC(71) Pause Young (Allocation Failure)
[2020-09-11T12:23:55.437+0000][1][gc,task      ] GC(71) Using 1 workers of 1 for evacuation
[2020-09-11T12:23:55.476+0000][1][gc,age       ] GC(71) Desired survivor size 4358144 bytes, new threshold 6 (max threshold 6)
[2020-09-11T12:23:55.476+0000][1][gc,age       ] GC(71) Age table with threshold 6 (max threshold 6)
[2020-09-11T12:23:55.476+0000][1][gc,age       ] GC(71) - age   1:       6680 bytes,       6680 total
[2020-09-11T12:23:55.476+0000][1][gc,age       ] GC(71) - age   2:       2160 bytes,       8840 total
[2020-09-11T12:23:55.476+0000][1][gc,age       ] GC(71) - age   3:       1432 bytes,      10272 total
[2020-09-11T12:23:55.476+0000][1][gc,age       ] GC(71) - age   4:     237584 bytes,     247856 total
[2020-09-11T12:23:55.476+0000][1][gc,age       ] GC(71) - age   5:     228304 bytes,     476160 total
[2020-09-11T12:23:55.476+0000][1][gc,age       ] GC(71) - age   6:     293072 bytes,     769232 total
[2020-09-11T12:23:55.476+0000][1][gc,heap      ] GC(71) ParNew: 70394K->1681K(76672K)
[2020-09-11T12:23:55.476+0000][1][gc,heap      ] GC(71) CMS: 95733K->96882K(2011968K)
[2020-09-11T12:23:55.476+0000][1][gc,metaspace ] GC(71) Metaspace: 73435K->73435K(1116160K)
[2020-09-11T12:23:55.476+0000][1][gc           ] GC(71) Pause Young (Allocation Failure) 162M->96M(2039M) 38.710ms
[2020-09-11T12:23:55.476+0000][1][gc,cpu       ] GC(71) User=0.03s Sys=0.00s Real=0.04s
[2020-09-11T12:23:55.476+0000][1][safepoint    ] Safepoint "GenCollectForAllocation", Time since last: 325612363 ns, Reaching safepoint: 69387 ns, At safepoint: 38776758 ns, Total: 38846145 ns
[2020-09-11T12:23:56.477+0000][1][safepoint    ] Safepoint "Cleanup", Time since last: 1000991467 ns, Reaching safepoint: 109591 ns, At safepoint: 17287 ns, Total: 126878 ns
[2020-09-11T12:23:57.478+0000][1][safepoint    ] Safepoint "Cleanup", Time since last: 1000207928 ns, Reaching safepoint: 154097 ns, At safepoint: 14343 ns, Total: 168440 ns
[2020-09-11T12:23:58.478+0000][1][safepoint    ] Safepoint "Cleanup", Time since last: 1000230810 ns, Reaching safepoint: 111676 ns, At safepoint: 16328 ns, Total: 128004 ns
[2020-09-11T12:23:59.478+0000][1][safepoint    ] Safepoint "Cleanup", Time since last: 1000199840 ns, Reaching safepoint: 81203 ns, At safepoint: 5667 ns, Total: 86870 ns
[2020-09-11T12:24:00.479+0000][1][safepoint    ] Safepoint "Cleanup", Time since last: 1000131018 ns, Reaching safepoint: 122735 ns, At safepoint: 16057 ns, Total: 138792 ns
[2020-09-11T12:24:01.479+0000][1][safepoint    ] Safepoint "Cleanup", Time since last: 1000180292 ns, Reaching safepoint: 117285 ns, At safepoint: 14771 ns, Total: 132056 ns
[2020-09-11T12:24:02.479+0000][1][safepoint    ] Safepoint "Cleanup", Time since last: 1000208213 ns, Reaching safepoint: 111362 ns, At safepoint: 16715 ns, Total: 128077 ns
[2020-09-11T12:24:03.480+0000][1][safepoint    ] Safepoint "Cleanup", Time since last: 1000205963 ns, Reaching safepoint: 86509 ns, At safepoint: 6788 ns, Total: 93297 ns
[2020-09-11T12:24:04.480+0000][1][safepoint    ] Safepoint "Cleanup", Time since last: 1000178751 ns, Reaching safepoint: 82494 ns, At safepoint: 7365 ns, Total: 89859 ns
[2020-09-11T12:24:05.480+0000][1][safepoint    ] Safepoint "Cleanup", Time since last: 1000104772 ns, Reaching safepoint: 55676 ns, At safepoint: 6345 ns, Total: 62021 ns
[2020-09-11T12:24:06.480+0000][1][safepoint    ] Safepoint "Cleanup", Time since last: 1000164376 ns, Reaching safepoint: 84762 ns, At safepoint: 7695 ns, Total: 92457 ns
[2020-09-11T12:24:07.481+0000][1][safepoint    ] Safepoint "Cleanup", Time since last: 1000175604 ns, Reaching safepoint: 109424 ns, At safepoint: 15870 ns, Total: 125294 ns
[2020-09-11T12:24:08.481+0000][1][safepoint    ] Safepoint "Cleanup", Time since last: 1000219141 ns, Reaching safepoint: 87493 ns, At safepoint: 8194 ns, Total: 95687 ns
[2020-09-11T12:24:09.481+0000][1][safepoint    ] Safepoint "Cleanup", Time since last: 1000223018 ns, Reaching safepoint: 100753 ns, At safepoint: 6138 ns, Total: 106891 ns
[2020-09-11T12:24:10.481+0000][1][safepoint    ] Safepoint "Cleanup", Time since last: 1000169314 ns, Reaching safepoint: 91204 ns, At safepoint: 7254 ns, Total: 98458 ns
[2020-09-11T12:24:11.482+0000][1][safepoint    ] Safepoint "Cleanup", Time since last: 1000177499 ns, Reaching safepoint: 110096 ns, At safepoint: 15174 ns, Total: 125270 ns
[2020-09-11T12:24:12.482+0000][1][safepoint    ] Safepoint "Cleanup", Time since last: 1000185195 ns, Reaching safepoint: 111018 ns, At safepoint: 17012 ns, Total: 128030 ns
[2020-09-11T12:24:13.482+0000][1][safepoint    ] Safepoint "Cleanup", Time since last: 1000201015 ns, Reaching safepoint: 108409 ns, At safepoint: 15295 ns, Total: 123704 ns
[2020-09-11T12:24:14.483+0000][1][safepoint    ] Safepoint "Cleanup", Time since last: 1000198782 ns, Reaching safepoint: 99605 ns, At safepoint: 16240 ns, Total: 115845 ns
[2020-09-11T12:24:15.483+0000][1][safepoint    ] Safepoint "Cleanup", Time since last: 1000160056 ns, Reaching safepoint: 289698 ns, At safepoint: 19411 ns, Total: 309109 ns
[2020-09-11T12:24:16.484+0000][1][safepoint    ] Safepoint "Cleanup", Time since last: 1000194020 ns, Reaching safepoint: 154347 ns, At safepoint: 15342 ns, Total: 169689 ns
[2020-09-11T12:24:17.484+0000][1][safepoint    ] Safepoint "Cleanup", Time since last: 1000210179 ns, Reaching safepoint: 104270 ns, At safepoint: 15241 ns, Total: 119511 ns
[2020-09-11T12:24:18.484+0000][1][safepoint    ] Safepoint "Cleanup", Time since last: 1000214736 ns, Reaching safepoint: 82664 ns, At safepoint: 6630 ns, Total: 89294 ns
[2020-09-11T12:24:19.484+0000][1][safepoint    ] Safepoint "Cleanup", Time since last: 1000160297 ns, Reaching safepoint: 81912 ns, At safepoint: 5608 ns, Total: 87520 ns
[2020-09-11T12:24:20.485+0000][1][safepoint    ] Safepoint "Cleanup", Time since last: 1000121058 ns, Reaching safepoint: 101583 ns, At safepoint: 28268 ns, Total: 129851 ns
[2020-09-11T12:24:21.485+0000][1][safepoint    ] Safepoint "Cleanup", Time since last: 1000201347 ns, Reaching safepoint: 88078 ns, At safepoint: 5919 ns, Total: 93997 ns
[2020-09-11T12:24:22.485+0000][1][safepoint    ] Safepoint "Cleanup", Time since last: 1000168577 ns, Reaching safepoint: 87369 ns, At safepoint: 6693 ns, Total: 94062 ns
[2020-09-11T12:24:23.485+0000][1][safepoint    ] Safepoint "Cleanup", Time since last: 1000172015 ns, Reaching safepoint: 85876 ns, At safepoint: 6373 ns, Total: 92249 ns
[2020-09-11T12:24:24.486+0000][1][safepoint    ] Safepoint "Cleanup", Time since last: 1000165821 ns, Reaching safepoint: 106401 ns, At safepoint: 17212 ns, Total: 123613 ns
[2020-09-11T12:24:25.486+0000][1][safepoint    ] Safepoint "Cleanup", Time since last: 1000220053 ns, Reaching safepoint: 75631 ns, At safepoint: 6783 ns, Total: 82414 ns
[2020-09-11T12:24:26.486+0000][1][safepoint    ] Safepoint "Cleanup", Time since last: 1000162253 ns, Reaching safepoint: 98712 ns, At safepoint: 7535 ns, Total: 106247 ns
[2020-09-11T12:24:27.487+0000][1][safepoint    ] Safepoint "Cleanup", Time since last: 1000179564 ns, Reaching safepoint: 79509 ns, At safepoint: 5767 ns, Total: 85276 ns
[2020-09-11T12:24:28.487+0000][1][safepoint    ] Safepoint "Cleanup", Time since last: 1000189775 ns, Reaching safepoint: 83814 ns, At safepoint: 16057 ns, Total: 99871 ns
[2020-09-11T12:24:29.487+0000][1][safepoint    ] Safepoint "Cleanup", Time since last: 1000158344 ns, Reaching safepoint: 72649 ns, At safepoint: 5982 ns, Total: 78631 ns
[2020-09-11T12:24:30.487+0000][1][safepoint    ] Safepoint "Cleanup", Time since last: 1000172068 ns, Reaching safepoint: 146746 ns, At safepoint: 6710 ns, Total: 153456 ns
[2020-09-11T12:24:31.488+0000][1][safepoint    ] Safepoint "Cleanup", Time since last: 1000132848 ns, Reaching safepoint: 102789 ns, At safepoint: 15636 ns, Total: 118425 ns
[2020-09-11T12:24:32.488+0000][1][safepoint    ] Safepoint "Cleanup", Time since last: 1000207396 ns, Reaching safepoint: 110179 ns, At safepoint: 17236 ns, Total: 127415 ns
[2020-09-11T12:24:33.488+0000][1][safepoint    ] Safepoint "Cleanup", Time since last: 1000213483 ns, Reaching safepoint: 83688 ns, At safepoint: 6129 ns, Total: 89817 ns
[2020-09-11T12:24:34.489+0000][1][safepoint    ] Safepoint "Cleanup", Time since last: 1000184744 ns, Reaching safepoint: 105309 ns, At safepoint: 16878 ns, Total: 122187 ns
[2020-09-11T12:24:35.489+0000][1][safepoint    ] Safepoint "Cleanup", Time since last: 1000192051 ns, Reaching safepoint: 102027 ns, At safepoint: 16331 ns, Total: 118358 ns
[2020-09-11T12:24:36.489+0000][1][safepoint    ] Safepoint "Cleanup", Time since last: 1000230817 ns, Reaching safepoint: 77997 ns, At safepoint: 6973 ns, Total: 84970 ns
[2020-09-11T12:24:37.490+0000][1][safepoint    ] Safepoint "Cleanup", Time since last: 1000168463 ns, Reaching safepoint: 111134 ns, At safepoint: 15840 ns, Total: 126974 ns
[2020-09-11T12:24:38.490+0000][1][safepoint    ] Safepoint "Cleanup", Time since last: 1000228547 ns, Reaching safepoint: 110607 ns, At safepoint: 16407 ns, Total: 127014 ns
[2020-09-11T12:24:39.490+0000][1][safepoint    ] Safepoint "Cleanup", Time since last: 1000205423 ns, Reaching safepoint: 102939 ns, At safepoint: 16278 ns, Total: 119217 ns
[2020-09-11T12:24:40.491+0000][1][safepoint    ] Safepoint "Cleanup", Time since last: 1000253214 ns, Reaching safepoint: 151297 ns, At safepoint: 18071 ns, Total: 169368 ns
[2020-09-11T12:24:41.491+0000][1][safepoint    ] Safepoint "Cleanup", Time since last: 1000216219 ns, Reaching safepoint: 86172 ns, At safepoint: 6056 ns, Total: 92228 ns
[2020-09-11T12:24:42.491+0000][1][safepoint    ] Safepoint "Cleanup", Time since last: 1000183016 ns, Reaching safepoint: 85864 ns, At safepoint: 6764 ns, Total: 92628 ns
[2020-09-11T12:24:43.492+0000][1][safepoint    ] Safepoint "Cleanup", Time since last: 1000166161 ns, Reaching safepoint: 88099 ns, At safepoint: 6327 ns, Total: 94426 ns
[2020-09-11T12:24:44.492+0000][1][safepoint    ] Safepoint "Cleanup", Time since last: 1000179566 ns, Reaching safepoint: 115982 ns, At safepoint: 17353 ns, Total: 133335 ns
[2020-09-11T12:24:45.496+0000][1][safepoint    ] Safepoint "Cleanup", Time since last: 1003618268 ns, Reaching safepoint: 136466 ns, At safepoint: 6529 ns, Total: 142995 ns
[2020-09-11T12:24:46.496+0000][1][safepoint    ] Safepoint "Cleanup", Time since last: 1000167169 ns, Reaching safepoint: 105766 ns, At safepoint: 17052 ns, Total: 122818 ns
[2020-09-11T12:24:47.496+0000][1][safepoint    ] Safepoint "Cleanup", Time since last: 1000207000 ns, Reaching safepoint: 111362 ns, At safepoint: 16091 ns, Total: 127453 ns
[2020-09-11T12:24:48.497+0000][1][safepoint    ] Safepoint "Cleanup", Time since last: 1000220837 ns, Reaching safepoint: 111479 ns, At safepoint: 17369 ns, Total: 128848 ns
[2020-09-11T12:24:49.497+0000][1][safepoint    ] Safepoint "Cleanup", Time since last: 1000215397 ns, Reaching safepoint: 108011 ns, At safepoint: 16244 ns, Total: 124255 ns
[2020-09-11T12:24:50.497+0000][1][safepoint    ] Safepoint "Cleanup", Time since last: 1000218252 ns, Reaching safepoint: 77827 ns, At safepoint: 7058 ns, Total: 84885 ns
[2020-09-11T12:24:51.498+0000][1][safepoint    ] Safepoint "Cleanup", Time since last: 1000175303 ns, Reaching safepoint: 104352 ns, At safepoint: 16130 ns, Total: 120482 ns
[2020-09-11T12:24:52.498+0000][1][safepoint    ] Safepoint "Cleanup", Time since last: 1000204612 ns, Reaching safepoint: 110497 ns, At safepoint: 16935 ns, Total: 127432 ns
[2020-09-11T12:24:53.498+0000][1][safepoint    ] Safepoint "Cleanup", Time since last: 1000213921 ns, Reaching safepoint: 106087 ns, At safepoint: 15375 ns, Total: 121462 ns
[2020-09-11T12:24:54.499+0000][1][safepoint    ] Safepoint "Cleanup", Time since last: 1000215371 ns, Reaching safepoint: 108756 ns, At safepoint: 16384 ns, Total: 125140 ns
[2020-09-11T12:24:55.499+0000][1][safepoint    ] Safepoint "Cleanup", Time since last: 1000207251 ns, Reaching safepoint: 97062 ns, At safepoint: 15940 ns, Total: 113002 ns
[2020-09-11T12:24:56.499+0000][1][safepoint    ] Safepoint "Cleanup", Time since last: 1000204902 ns, Reaching safepoint: 85230 ns, At safepoint: 6814 ns, Total: 92044 ns
[2020-09-11T12:24:57.499+0000][1][safepoint    ] Safepoint "Cleanup", Time since last: 1000178696 ns, Reaching safepoint: 137549 ns, At safepoint: 15305 ns, Total: 152854 ns
[2020-09-11T12:24:58.500+0000][1][safepoint    ] Safepoint "Cleanup", Time since last: 1000188805 ns, Reaching safepoint: 78740 ns, At safepoint: 7696 ns, Total: 86436 ns
[2020-09-11T12:24:59.500+0000][1][safepoint    ] Safepoint "Cleanup", Time since last: 1000184348 ns, Reaching safepoint: 80362 ns, At safepoint: 6193 ns, Total: 86555 ns
[2020-09-11T12:25:00.500+0000][1][safepoint    ] Safepoint "Cleanup", Time since last: 1000169074 ns, Reaching safepoint: 115618 ns, At safepoint: 18583 ns, Total: 134201 ns
[2020-09-11T12:25:01.501+0000][1][safepoint    ] Safepoint "Cleanup", Time since last: 1000172181 ns, Reaching safepoint: 108736 ns, At safepoint: 15572 ns, Total: 124308 ns
[2020-09-11T12:25:02.501+0000][1][safepoint    ] Safepoint "Cleanup", Time since last: 1000172674 ns, Reaching safepoint: 116380 ns, At safepoint: 17460 ns, Total: 133840 ns
[2020-09-11T12:25:03.501+0000][1][safepoint    ] Safepoint "Cleanup", Time since last: 1000208838 ns, Reaching safepoint: 86813 ns, At safepoint: 6140 ns, Total: 92953 ns
[2020-09-11T12:25:04.501+0000][1][safepoint    ] Safepoint "Cleanup", Time since last: 1000175592 ns, Reaching safepoint: 80474 ns, At safepoint: 7310 ns, Total: 87784 ns
[2020-09-11T12:25:05.502+0000][1][safepoint    ] Safepoint "Cleanup", Time since last: 1000129800 ns, Reaching safepoint: 101680 ns, At safepoint: 13504 ns, Total: 115184 ns
[2020-09-11T12:25:06.502+0000][1][safepoint    ] Safepoint "Cleanup", Time since last: 1000210206 ns, Reaching safepoint: 107306 ns, At safepoint: 17052 ns, Total: 124358 ns
[2020-09-11T12:25:07.502+0000][1][safepoint    ] Safepoint "Cleanup", Time since last: 1000208832 ns, Reaching safepoint: 82680 ns, At safepoint: 6891 ns, Total: 89571 ns
[2020-09-11T12:25:08.503+0000][1][safepoint    ] Safepoint "Cleanup", Time since last: 1000107220 ns, Reaching safepoint: 69052 ns, At safepoint: 7595 ns, Total: 76647 ns
[2020-09-11T12:25:09.503+0000][1][safepoint    ] Safepoint "Cleanup", Time since last: 1000133450 ns, Reaching safepoint: 102191 ns, At safepoint: 15876 ns, Total: 118067 ns
[2020-09-11T12:25:10.350+0000][1][gc,start     ] GC(72) Pause Young (Allocation Failure)
[2020-09-11T12:25:10.350+0000][1][gc,task      ] GC(72) Using 1 workers of 1 for evacuation
[2020-09-11T12:25:10.365+0000][1][gc,age       ] GC(72) Desired survivor size 4358144 bytes, new threshold 6 (max threshold 6)
[2020-09-11T12:25:10.365+0000][1][gc,age       ] GC(72) Age table with threshold 6 (max threshold 6)
[2020-09-11T12:25:10.365+0000][1][gc,age       ] GC(72) - age   1:       6208 bytes,       6208 total
[2020-09-11T12:25:10.365+0000][1][gc,age       ] GC(72) - age   2:       1920 bytes,       8128 total
[2020-09-11T12:25:10.365+0000][1][gc,age       ] GC(72) - age   3:       2160 bytes,      10288 total
[2020-09-11T12:25:10.365+0000][1][gc,age       ] GC(72) - age   4:       1432 bytes,      11720 total
[2020-09-11T12:25:10.365+0000][1][gc,age       ] GC(72) - age   5:     237584 bytes,     249304 total
[2020-09-11T12:25:10.365+0000][1][gc,age       ] GC(72) - age   6:     228304 bytes,     477608 total
[2020-09-11T12:25:10.365+0000][1][gc,heap      ] GC(72) ParNew: 69841K->702K(76672K)
[2020-09-11T12:25:10.365+0000][1][gc,heap      ] GC(72) CMS: 96882K->97174K(2011968K)
[2020-09-11T12:25:10.365+0000][1][gc,metaspace ] GC(72) Metaspace: 73474K->73474K(1116160K)
[2020-09-11T12:25:10.365+0000][1][gc           ] GC(72) Pause Young (Allocation Failure) 162M->95M(2039M) 15.299ms
[2020-09-11T12:25:10.365+0000][1][gc,cpu       ] GC(72) User=0.01s Sys=0.00s Real=0.02s
[2020-09-11T12:25:10.366+0000][1][safepoint    ] Safepoint "GenCollectForAllocation", Time since last: 846859886 ns, Reaching safepoint: 150021 ns, At safepoint: 15908462 ns, Total: 16058483 ns
[2020-09-11T12:25:11.369+0000][1][safepoint    ] Safepoint "Cleanup", Time since last: 1003033373 ns, Reaching safepoint: 56484 ns, At safepoint: 17886 ns, Total: 74370 ns
[2020-09-11T12:25:12.369+0000][1][safepoint    ] Safepoint "Cleanup", Time since last: 1000514681 ns, Reaching safepoint: 105134 ns, At safepoint: 41840 ns, Total: 146974 ns
[2020-09-11T12:25:13.370+0000][1][safepoint    ] Safepoint "Cleanup", Time since last: 1000186608 ns, Reaching safepoint: 211855 ns, At safepoint: 45064 ns, Total: 256919 ns
[2020-09-11T12:25:14.370+0000][1][safepoint    ] Safepoint "Cleanup", Time since last: 1000169409 ns, Reaching safepoint: 109447 ns, At safepoint: 16420 ns, Total: 125867 ns
[2020-09-11T12:25:15.371+0000][1][safepoint    ] Safepoint "Cleanup", Time since last: 1000121807 ns, Reaching safepoint: 209280 ns, At safepoint: 18215 ns, Total: 227495 ns
[2020-09-11T12:25:16.371+0000][1][safepoint    ] Safepoint "Cleanup", Time since last: 1000210058 ns, Reaching safepoint: 98652 ns, At safepoint: 6236 ns, Total: 104888 ns
[2020-09-11T12:25:17.371+0000][1][safepoint    ] Safepoint "Cleanup", Time since last: 1000186835 ns, Reaching safepoint: 114059 ns, At safepoint: 16671 ns, Total: 130730 ns
[2020-09-11T12:25:18.371+0000][1][safepoint    ] Safepoint "Cleanup", Time since last: 1000206276 ns, Reaching safepoint: 53750 ns, At safepoint: 5554 ns, Total: 59304 ns
[2020-09-11T12:25:19.372+0000][1][safepoint    ] Safepoint "Cleanup", Time since last: 1000190239 ns, Reaching safepoint: 86205 ns, At safepoint: 6539 ns, Total: 92744 ns
[2020-09-11T12:25:20.372+0000][1][safepoint    ] Safepoint "Cleanup", Time since last: 1000162157 ns, Reaching safepoint: 85428 ns, At safepoint: 5616 ns, Total: 91044 ns
[2020-09-11T12:25:21.372+0000][1][safepoint    ] Safepoint "Cleanup", Time since last: 1000177914 ns, Reaching safepoint: 122507 ns, At safepoint: 18847 ns, Total: 141354 ns
[2020-09-11T12:25:22.373+0000][1][safepoint    ] Safepoint "Cleanup", Time since last: 1000207395 ns, Reaching safepoint: 111556 ns, At safepoint: 16063 ns, Total: 127619 ns
[2020-09-11T12:25:23.373+0000][1][safepoint    ] Safepoint "Cleanup", Time since last: 1000206458 ns, Reaching safepoint: 115565 ns, At safepoint: 17613 ns, Total: 133178 ns
[2020-09-11T12:25:24.373+0000][1][safepoint    ] Safepoint "Cleanup", Time since last: 1000215957 ns, Reaching safepoint: 88689 ns, At safepoint: 5749 ns, Total: 94438 ns
[2020-09-11T12:25:25.374+0000][1][safepoint    ] Safepoint "Cleanup", Time since last: 1000190608 ns, Reaching safepoint: 85961 ns, At safepoint: 6508 ns, Total: 92469 ns
[2020-09-11T12:25:26.374+0000][1][safepoint    ] Safepoint "Cleanup", Time since last: 1000161412 ns, Reaching safepoint: 85337 ns, At safepoint: 6396 ns, Total: 91733 ns
[2020-09-11T12:25:27.374+0000][1][safepoint    ] Safepoint "Cleanup", Time since last: 1000157931 ns, Reaching safepoint: 87973 ns, At safepoint: 6987 ns, Total: 94960 ns
[2020-09-11T12:25:28.374+0000][1][safepoint    ] Safepoint "Cleanup", Time since last: 1000192844 ns, Reaching safepoint: 78900 ns, At safepoint: 5636 ns, Total: 84536 ns
[2020-09-11T12:25:29.375+0000][1][safepoint    ] Safepoint "Cleanup", Time since last: 1000188929 ns, Reaching safepoint: 86053 ns, At safepoint: 6740 ns, Total: 92793 ns
[2020-09-11T12:25:30.375+0000][1][safepoint    ] Safepoint "Cleanup", Time since last: 1000164145 ns, Reaching safepoint: 115070 ns, At safepoint: 15920 ns, Total: 130990 ns
[2020-09-11T12:25:31.375+0000][1][safepoint    ] Safepoint "Cleanup", Time since last: 1000228264 ns, Reaching safepoint: 87339 ns, At safepoint: 7023 ns, Total: 94362 ns
[2020-09-11T12:25:32.376+0000][1][safepoint    ] Safepoint "Cleanup", Time since last: 1000181008 ns, Reaching safepoint: 95714 ns, At safepoint: 6201 ns, Total: 101915 ns
[2020-09-11T12:25:33.376+0000][1][safepoint    ] Safepoint "Cleanup", Time since last: 1000163526 ns, Reaching safepoint: 106801 ns, At safepoint: 7589 ns, Total: 114390 ns
[2020-09-11T12:25:34.376+0000][1][safepoint    ] Safepoint "Cleanup", Time since last: 1000159874 ns, Reaching safepoint: 84471 ns, At safepoint: 6036 ns, Total: 90507 ns
[2020-09-11T12:25:35.376+0000][1][safepoint    ] Safepoint "Cleanup", Time since last: 1000177456 ns, Reaching safepoint: 79187 ns, At safepoint: 6613 ns, Total: 85800 ns
[2020-09-11T12:25:36.377+0000][1][safepoint    ] Safepoint "Cleanup", Time since last: 1000192441 ns, Reaching safepoint: 95027 ns, At safepoint: 6450 ns, Total: 101477 ns
[2020-09-11T12:25:37.377+0000][1][safepoint    ] Safepoint "Cleanup", Time since last: 1000168102 ns, Reaching safepoint: 97056 ns, At safepoint: 7750 ns, Total: 104806 ns
[2020-09-11T12:25:38.377+0000][1][safepoint    ] Safepoint "Cleanup", Time since last: 1000161341 ns, Reaching safepoint: 87745 ns, At safepoint: 5589 ns, Total: 93334 ns
[2020-09-11T12:25:39.377+0000][1][safepoint    ] Safepoint "Cleanup", Time since last: 1000159152 ns, Reaching safepoint: 84775 ns, At safepoint: 6288 ns, Total: 91063 ns
[2020-09-11T12:25:40.378+0000][1][safepoint    ] Safepoint "Cleanup", Time since last: 1000161676 ns, Reaching safepoint: 86674 ns, At safepoint: 5913 ns, Total: 92587 ns
[2020-09-11T12:25:41.378+0000][1][safepoint    ] Safepoint "Cleanup", Time since last: 1000165113 ns, Reaching safepoint: 141338 ns, At safepoint: 18064 ns, Total: 159402 ns
[2020-09-11T12:25:42.378+0000][1][safepoint    ] Safepoint "Cleanup", Time since last: 1000169326 ns, Reaching safepoint: 113003 ns, At safepoint: 15488 ns, Total: 128491 ns
[2020-09-11T12:25:43.379+0000][1][safepoint    ] Safepoint "Cleanup", Time since last: 1000230038 ns, Reaching safepoint: 108108 ns, At safepoint: 16468 ns, Total: 124576 ns
[2020-09-11T12:25:44.379+0000][1][safepoint    ] Safepoint "Cleanup", Time since last: 1000163091 ns, Reaching safepoint: 132885 ns, At safepoint: 18582 ns, Total: 151467 ns
[2020-09-11T12:25:45.379+0000][1][safepoint    ] Safepoint "Cleanup", Time since last: 1000202027 ns, Reaching safepoint: 86945 ns, At safepoint: 6666 ns, Total: 93611 ns
[2020-09-11T12:25:46.380+0000][1][safepoint    ] Safepoint "Cleanup", Time since last: 1000175826 ns, Reaching safepoint: 87044 ns, At safepoint: 6305 ns, Total: 93349 ns
[2020-09-11T12:25:47.380+0000][1][safepoint    ] Safepoint "Cleanup", Time since last: 1000126604 ns, Reaching safepoint: 107539 ns, At safepoint: 6684 ns, Total: 114223 ns
[2020-09-11T12:25:48.380+0000][1][safepoint    ] Safepoint "Cleanup", Time since last: 1000195892 ns, Reaching safepoint: 88298 ns, At safepoint: 5915 ns, Total: 94213 ns
[2020-09-11T12:25:49.380+0000][1][safepoint    ] Safepoint "Cleanup", Time since last: 1000151011 ns, Reaching safepoint: 103110 ns, At safepoint: 6233 ns, Total: 109343 ns
[2020-09-11T12:25:50.381+0000][1][safepoint    ] Safepoint "Cleanup", Time since last: 1000153788 ns, Reaching safepoint: 84788 ns, At safepoint: 6004 ns, Total: 90792 ns
[2020-09-11T12:25:51.381+0000][1][safepoint    ] Safepoint "Cleanup", Time since last: 1000123719 ns, Reaching safepoint: 111302 ns, At safepoint: 14346 ns, Total: 125648 ns
[2020-09-11T12:25:52.381+0000][1][safepoint    ] Safepoint "Cleanup", Time since last: 1000203354 ns, Reaching safepoint: 111485 ns, At safepoint: 16358 ns, Total: 127843 ns
[2020-09-11T12:25:53.381+0000][1][safepoint    ] Safepoint "Cleanup", Time since last: 1000170702 ns, Reaching safepoint: 103895 ns, At safepoint: 15917 ns, Total: 119812 ns
[2020-09-11T12:25:54.382+0000][1][safepoint    ] Safepoint "Cleanup", Time since last: 1000191170 ns, Reaching safepoint: 112903 ns, At safepoint: 16641 ns, Total: 129544 ns
[2020-09-11T12:25:55.382+0000][1][safepoint    ] Safepoint "Cleanup", Time since last: 1000163084 ns, Reaching safepoint: 165668 ns, At safepoint: 6068 ns, Total: 171736 ns
[2020-09-11T12:25:56.382+0000][1][safepoint    ] Safepoint "Cleanup", Time since last: 1000193863 ns, Reaching safepoint: 89482 ns, At safepoint: 6595 ns, Total: 96077 ns
[2020-09-11T12:25:57.383+0000][1][safepoint    ] Safepoint "Cleanup", Time since last: 1000222262 ns, Reaching safepoint: 84096 ns, At safepoint: 7699 ns, Total: 91795 ns
[2020-09-11T12:25:58.383+0000][1][safepoint    ] Safepoint "Cleanup", Time since last: 1000161054 ns, Reaching safepoint: 88826 ns, At safepoint: 6012 ns, Total: 94838 ns
[2020-09-11T12:25:59.383+0000][1][safepoint    ] Safepoint "Cleanup", Time since last: 1000140689 ns, Reaching safepoint: 68468 ns, At safepoint: 5606 ns, Total: 74074 ns
[2020-09-11T12:26:00.383+0000][1][safepoint    ] Safepoint "Cleanup", Time since last: 1000158078 ns, Reaching safepoint: 99304 ns, At safepoint: 6431 ns, Total: 105735 ns
[2020-09-11T12:26:01.384+0000][1][safepoint    ] Safepoint "Cleanup", Time since last: 1000207219 ns, Reaching safepoint: 85669 ns, At safepoint: 6260 ns, Total: 91929 ns
[2020-09-11T12:26:02.384+0000][1][safepoint    ] Safepoint "Cleanup", Time since last: 1000116326 ns, Reaching safepoint: 98059 ns, At safepoint: 13725 ns, Total: 111784 ns
[2020-09-11T12:26:03.384+0000][1][safepoint    ] Safepoint "Cleanup", Time since last: 1000202124 ns, Reaching safepoint: 78521 ns, At safepoint: 6678 ns, Total: 85199 ns
[2020-09-11T12:26:04.384+0000][1][safepoint    ] Safepoint "Cleanup", Time since last: 1000161847 ns, Reaching safepoint: 88740 ns, At safepoint: 5924 ns, Total: 94664 ns
[2020-09-11T12:26:05.385+0000][1][safepoint    ] Safepoint "Cleanup", Time since last: 1000122329 ns, Reaching safepoint: 95660 ns, At safepoint: 17019 ns, Total: 112679 ns
[2020-09-11T12:26:06.385+0000][1][safepoint    ] Safepoint "Cleanup", Time since last: 1000161450 ns, Reaching safepoint: 102252 ns, At safepoint: 15559 ns, Total: 117811 ns
[2020-09-11T12:26:07.385+0000][1][safepoint    ] Safepoint "Cleanup", Time since last: 1000201667 ns, Reaching safepoint: 104741 ns, At safepoint: 17243 ns, Total: 121984 ns
[2020-09-11T12:26:08.386+0000][1][safepoint    ] Safepoint "Cleanup", Time since last: 1000186336 ns, Reaching safepoint: 106145 ns, At safepoint: 16444 ns, Total: 122589 ns
[2020-09-11T12:26:09.386+0000][1][safepoint    ] Safepoint "Cleanup", Time since last: 1000165604 ns, Reaching safepoint: 98577 ns, At safepoint: 16575 ns, Total: 115152 ns
[2020-09-11T12:26:10.386+0000][1][safepoint    ] Safepoint "Cleanup", Time since last: 1000190005 ns, Reaching safepoint: 98681 ns, At safepoint: 16107 ns, Total: 114788 ns
[2020-09-11T12:26:11.387+0000][1][safepoint    ] Safepoint "Cleanup", Time since last: 1000187533 ns, Reaching safepoint: 98817 ns, At safepoint: 16625 ns, Total: 115442 ns
[2020-09-11T12:26:12.387+0000][1][safepoint    ] Safepoint "Cleanup", Time since last: 1000199377 ns, Reaching safepoint: 134857 ns, At safepoint: 16514 ns, Total: 151371 ns
[2020-09-11T12:26:13.387+0000][1][safepoint    ] Safepoint "Cleanup", Time since last: 1000158719 ns, Reaching safepoint: 98620 ns, At safepoint: 15282 ns, Total: 113902 ns
[2020-09-11T12:26:14.387+0000][1][safepoint    ] Safepoint "Cleanup", Time since last: 1000196408 ns, Reaching safepoint: 88775 ns, At safepoint: 6151 ns, Total: 94926 ns
[2020-09-11T12:26:15.388+0000][1][safepoint    ] Safepoint "Cleanup", Time since last: 1000160581 ns, Reaching safepoint: 80364 ns, At safepoint: 6794 ns, Total: 87158 ns
[2020-09-11T12:26:16.388+0000][1][safepoint    ] Safepoint "Cleanup", Time since last: 1000194371 ns, Reaching safepoint: 85685 ns, At safepoint: 6571 ns, Total: 92256 ns
[2020-09-11T12:26:17.388+0000][1][safepoint    ] Safepoint "Cleanup", Time since last: 1000180615 ns, Reaching safepoint: 82006 ns, At safepoint: 7018 ns, Total: 89024 ns
[2020-09-11T12:26:18.389+0000][1][safepoint    ] Safepoint "Cleanup", Time since last: 1000171054 ns, Reaching safepoint: 103645 ns, At safepoint: 16993 ns, Total: 120638 ns
[2020-09-11T12:26:19.389+0000][1][safepoint    ] Safepoint "Cleanup", Time since last: 1000221195 ns, Reaching safepoint: 100224 ns, At safepoint: 16642 ns, Total: 116866 ns
[2020-09-11T12:26:20.389+0000][1][safepoint    ] Safepoint "Cleanup", Time since last: 1000201620 ns, Reaching safepoint: 99489 ns, At safepoint: 16174 ns, Total: 115663 ns
[2020-09-11T12:26:20.450+0000][1][gc,start     ] GC(73) Pause Young (Allocation Failure)
[2020-09-11T12:26:20.450+0000][1][gc,task      ] GC(73) Using 1 workers of 1 for evacuation
[2020-09-11T12:26:20.464+0000][1][gc,age       ] GC(73) Desired survivor size 4358144 bytes, new threshold 6 (max threshold 6)
[2020-09-11T12:26:20.464+0000][1][gc,age       ] GC(73) Age table with threshold 6 (max threshold 6)
[2020-09-11T12:26:20.464+0000][1][gc,age       ] GC(73) - age   1:       6936 bytes,       6936 total
[2020-09-11T12:26:20.464+0000][1][gc,age       ] GC(73) - age   2:       1664 bytes,       8600 total
[2020-09-11T12:26:20.464+0000][1][gc,age       ] GC(73) - age   3:       1920 bytes,      10520 total
[2020-09-11T12:26:20.464+0000][1][gc,age       ] GC(73) - age   4:       2160 bytes,      12680 total
[2020-09-11T12:26:20.464+0000][1][gc,age       ] GC(73) - age   5:       1432 bytes,      14112 total
[2020-09-11T12:26:20.464+0000][1][gc,age       ] GC(73) - age   6:     237584 bytes,     251696 total
[2020-09-11T12:26:20.464+0000][1][gc,heap      ] GC(73) ParNew: 68862K->525K(76672K)
[2020-09-11T12:26:20.464+0000][1][gc,heap      ] GC(73) CMS: 97174K->97400K(2011968K)
[2020-09-11T12:26:20.464+0000][1][gc,metaspace ] GC(73) Metaspace: 73512K->73512K(1116160K)
[2020-09-11T12:26:20.464+0000][1][gc           ] GC(73) Pause Young (Allocation Failure) 162M->95M(2039M) 13.757ms
[2020-09-11T12:26:20.464+0000][1][gc,cpu       ] GC(73) User=0.02s Sys=0.00s Real=0.02s
[2020-09-11T12:26:20.464+0000][1][safepoint    ] Safepoint "GenCollectForAllocation", Time since last: 60922559 ns, Reaching safepoint: 167586 ns, At safepoint: 13818496 ns, Total: 13986082 ns
[2020-09-11T12:26:21.465+0000][1][safepoint    ] Safepoint "Cleanup", Time since last: 1000753631 ns, Reaching safepoint: 46608 ns, At safepoint: 16554 ns, Total: 63162 ns
[2020-09-11T12:26:22.466+0000][1][safepoint    ] Safepoint "Cleanup", Time since last: 1000490375 ns, Reaching safepoint: 106021 ns, At safepoint: 40687 ns, Total: 146708 ns
[2020-09-11T12:26:23.466+0000][1][safepoint    ] Safepoint "Cleanup", Time since last: 1000382379 ns, Reaching safepoint: 120928 ns, At safepoint: 62043 ns, Total: 182971 ns
[2020-09-11T12:26:24.466+0000][1][safepoint    ] Safepoint "Cleanup", Time since last: 1000191730 ns, Reaching safepoint: 50059 ns, At safepoint: 13298 ns, Total: 63357 ns
[2020-09-11T12:26:25.467+0000][1][safepoint    ] Safepoint "Cleanup", Time since last: 1000100707 ns, Reaching safepoint: 163133 ns, At safepoint: 19407 ns, Total: 182540 ns
[2020-09-11T12:26:26.467+0000][1][safepoint    ] Safepoint "Cleanup", Time since last: 1000152290 ns, Reaching safepoint: 199225 ns, At safepoint: 17140 ns, Total: 216365 ns
[2020-09-11T12:26:27.467+0000][1][safepoint    ] Safepoint "Cleanup", Time since last: 1000207879 ns, Reaching safepoint: 83443 ns, At safepoint: 6959 ns, Total: 90402 ns
[2020-09-11T12:26:28.468+0000][1][safepoint    ] Safepoint "Cleanup", Time since last: 1000166815 ns, Reaching safepoint: 97010 ns, At safepoint: 15950 ns, Total: 112960 ns
[2020-09-11T12:26:29.468+0000][1][safepoint    ] Safepoint "Cleanup", Time since last: 1000159848 ns, Reaching safepoint: 99272 ns, At safepoint: 16110 ns, Total: 115382 ns
[2020-09-11T12:26:30.468+0000][1][safepoint    ] Safepoint "Cleanup", Time since last: 1000198313 ns, Reaching safepoint: 91112 ns, At safepoint: 6140 ns, Total: 97252 ns
[2020-09-11T12:26:31.468+0000][1][safepoint    ] Safepoint "Cleanup", Time since last: 1000225505 ns, Reaching safepoint: 60641 ns, At safepoint: 7058 ns, Total: 67699 ns
[2020-09-11T12:26:32.469+0000][1][safepoint    ] Safepoint "Cleanup", Time since last: 1000196134 ns, Reaching safepoint: 83731 ns, At safepoint: 5991 ns, Total: 89722 ns
[2020-09-11T12:26:33.469+0000][1][safepoint    ] Safepoint "Cleanup", Time since last: 1000172372 ns, Reaching safepoint: 101396 ns, At safepoint: 16368 ns, Total: 117764 ns
[2020-09-11T12:26:34.469+0000][1][safepoint    ] Safepoint "Cleanup", Time since last: 1000204560 ns, Reaching safepoint: 100956 ns, At safepoint: 14954 ns, Total: 115910 ns
[2020-09-11T12:26:35.470+0000][1][safepoint    ] Safepoint "Cleanup", Time since last: 1000218111 ns, Reaching safepoint: 98733 ns, At safepoint: 16933 ns, Total: 115666 ns
[2020-09-11T12:26:36.470+0000][1][safepoint    ] Safepoint "Cleanup", Time since last: 1000193597 ns, Reaching safepoint: 98684 ns, At safepoint: 15275 ns, Total: 113959 ns
[2020-09-11T12:26:37.470+0000][1][safepoint    ] Safepoint "Cleanup", Time since last: 1000206986 ns, Reaching safepoint: 104647 ns, At safepoint: 17784 ns, Total: 122431 ns
[2020-09-11T12:26:38.471+0000][1][safepoint    ] Safepoint "Cleanup", Time since last: 1000231444 ns, Reaching safepoint: 80814 ns, At safepoint: 6297 ns, Total: 87111 ns
[2020-09-11T12:26:39.471+0000][1][safepoint    ] Safepoint "Cleanup", Time since last: 1000128639 ns, Reaching safepoint: 94871 ns, At safepoint: 16619 ns, Total: 111490 ns
[2020-09-11T12:26:40.471+0000][1][safepoint    ] Safepoint "Cleanup", Time since last: 1000193643 ns, Reaching safepoint: 103769 ns, At safepoint: 15719 ns, Total: 119488 ns
[2020-09-11T12:26:41.472+0000][1][safepoint    ] Safepoint "Cleanup", Time since last: 1000215732 ns, Reaching safepoint: 97748 ns, At safepoint: 16441 ns, Total: 114189 ns
[2020-09-11T12:26:42.472+0000][1][safepoint    ] Safepoint "Cleanup", Time since last: 1000177537 ns, Reaching safepoint: 136340 ns, At safepoint: 15566 ns, Total: 151906 ns
[2020-09-11T12:26:43.472+0000][1][safepoint    ] Safepoint "Cleanup", Time since last: 1000191951 ns, Reaching safepoint: 101888 ns, At safepoint: 17056 ns, Total: 118944 ns
[2020-09-11T12:26:44.472+0000][1][safepoint    ] Safepoint "Cleanup", Time since last: 1000200438 ns, Reaching safepoint: 79595 ns, At safepoint: 5921 ns, Total: 85516 ns
[2020-09-11T12:26:45.473+0000][1][safepoint    ] Safepoint "Cleanup", Time since last: 1000159184 ns, Reaching safepoint: 83658 ns, At safepoint: 6814 ns, Total: 90472 ns
[2020-09-11T12:26:46.473+0000][1][safepoint    ] Safepoint "Cleanup", Time since last: 1000175363 ns, Reaching safepoint: 97337 ns, At safepoint: 16251 ns, Total: 113588 ns
[2020-09-11T12:26:47.473+0000][1][safepoint    ] Safepoint "Cleanup", Time since last: 1000173941 ns, Reaching safepoint: 106595 ns, At safepoint: 15593 ns, Total: 122188 ns
[2020-09-11T12:26:48.474+0000][1][safepoint    ] Safepoint "Cleanup", Time since last: 1000205123 ns, Reaching safepoint: 92532 ns, At safepoint: 15252 ns, Total: 107784 ns
[2020-09-11T12:26:49.474+0000][1][safepoint    ] Safepoint "Cleanup", Time since last: 1000200096 ns, Reaching safepoint: 75120 ns, At safepoint: 7069 ns, Total: 82189 ns
[2020-09-11T12:26:50.474+0000][1][safepoint    ] Safepoint "Cleanup", Time since last: 1000174696 ns, Reaching safepoint: 92790 ns, At safepoint: 15847 ns, Total: 108637 ns
[2020-09-11T12:26:51.474+0000][1][safepoint    ] Safepoint "Cleanup", Time since last: 1000158289 ns, Reaching safepoint: 98764 ns, At safepoint: 15970 ns, Total: 114734 ns
[2020-09-11T12:26:52.475+0000][1][safepoint    ] Safepoint "Cleanup", Time since last: 1000197368 ns, Reaching safepoint: 101293 ns, At safepoint: 15886 ns, Total: 117179 ns
[2020-09-11T12:26:53.475+0000][1][safepoint    ] Safepoint "Cleanup", Time since last: 1000202226 ns, Reaching safepoint: 101730 ns, At safepoint: 16368 ns, Total: 118098 ns
[2020-09-11T12:26:54.475+0000][1][safepoint    ] Safepoint "Cleanup", Time since last: 1000195760 ns, Reaching safepoint: 138633 ns, At safepoint: 14179 ns, Total: 152812 ns
[2020-09-11T12:26:55.476+0000][1][safepoint    ] Safepoint "Cleanup", Time since last: 1000201919 ns, Reaching safepoint: 99709 ns, At safepoint: 16208 ns, Total: 115917 ns
[2020-09-11T12:26:56.476+0000][1][safepoint    ] Safepoint "Cleanup", Time since last: 1000199849 ns, Reaching safepoint: 94230 ns, At safepoint: 15336 ns, Total: 109566 ns
[2020-09-11T12:26:57.476+0000][1][safepoint    ] Safepoint "Cleanup", Time since last: 1000159936 ns, Reaching safepoint: 95112 ns, At safepoint: 14657 ns, Total: 109769 ns
[2020-09-11T12:26:58.477+0000][1][safepoint    ] Safepoint "Cleanup", Time since last: 1000159292 ns, Reaching safepoint: 99401 ns, At safepoint: 4933 ns, Total: 104334 ns
[2020-09-11T12:26:59.477+0000][1][safepoint    ] Safepoint "Cleanup", Time since last: 1000120368 ns, Reaching safepoint: 119795 ns, At safepoint: 14704 ns, Total: 134499 ns
[2020-09-11T12:27:00.477+0000][1][safepoint    ] Safepoint "Cleanup", Time since last: 1000199218 ns, Reaching safepoint: 78776 ns, At safepoint: 5834 ns, Total: 84610 ns
[2020-09-11T12:27:01.477+0000][1][safepoint    ] Safepoint "Cleanup", Time since last: 1000161761 ns, Reaching safepoint: 84085 ns, At safepoint: 6766 ns, Total: 90851 ns
[2020-09-11T12:27:02.478+0000][1][safepoint    ] Safepoint "Cleanup", Time since last: 1000188336 ns, Reaching safepoint: 104203 ns, At safepoint: 15827 ns, Total: 120030 ns
[2020-09-11T12:27:03.478+0000][1][safepoint    ] Safepoint "Cleanup", Time since last: 1000182794 ns, Reaching safepoint: 87785 ns, At safepoint: 5703 ns, Total: 93488 ns
[2020-09-11T12:27:04.478+0000][1][safepoint    ] Safepoint "Cleanup", Time since last: 1000166618 ns, Reaching safepoint: 101316 ns, At safepoint: 15897 ns, Total: 117213 ns
[2020-09-11T12:27:05.479+0000][1][safepoint    ] Safepoint "Cleanup", Time since last: 1000218321 ns, Reaching safepoint: 100815 ns, At safepoint: 16638 ns, Total: 117453 ns
[2020-09-11T12:27:06.479+0000][1][safepoint    ] Safepoint "Cleanup", Time since last: 1000189416 ns, Reaching safepoint: 106959 ns, At safepoint: 15649 ns, Total: 122608 ns
[2020-09-11T12:27:07.479+0000][1][safepoint    ] Safepoint "Cleanup", Time since last: 1000208913 ns, Reaching safepoint: 106362 ns, At safepoint: 17553 ns, Total: 123915 ns
[2020-09-11T12:27:08.480+0000][1][safepoint    ] Safepoint "Cleanup", Time since last: 1000208511 ns, Reaching safepoint: 102994 ns, At safepoint: 16070 ns, Total: 119064 ns
[2020-09-11T12:27:09.480+0000][1][safepoint    ] Safepoint "Cleanup", Time since last: 1000181941 ns, Reaching safepoint: 98674 ns, At safepoint: 14918 ns, Total: 113592 ns
[2020-09-11T12:27:10.480+0000][1][safepoint    ] Safepoint "Cleanup", Time since last: 1000202403 ns, Reaching safepoint: 98610 ns, At safepoint: 16628 ns, Total: 115238 ns
[2020-09-11T12:27:11.480+0000][1][safepoint    ] Safepoint "Cleanup", Time since last: 1000203290 ns, Reaching safepoint: 84747 ns, At safepoint: 7255 ns, Total: 92002 ns
[2020-09-11T12:27:12.481+0000][1][safepoint    ] Safepoint "Cleanup", Time since last: 1000169913 ns, Reaching safepoint: 81054 ns, At safepoint: 6888 ns, Total: 87942 ns
[2020-09-11T12:27:13.481+0000][1][safepoint    ] Safepoint "Cleanup", Time since last: 1000182182 ns, Reaching safepoint: 93326 ns, At safepoint: 7012 ns, Total: 100338 ns
[2020-09-11T12:27:14.481+0000][1][safepoint    ] Safepoint "Cleanup", Time since last: 1000136902 ns, Reaching safepoint: 97118 ns, At safepoint: 6222 ns, Total: 103340 ns
[2020-09-11T12:27:15.482+0000][1][safepoint    ] Safepoint "Cleanup", Time since last: 1000130236 ns, Reaching safepoint: 98797 ns, At safepoint: 15349 ns, Total: 114146 ns
[2020-09-11T12:27:16.482+0000][1][safepoint    ] Safepoint "Cleanup", Time since last: 1000170785 ns, Reaching safepoint: 101199 ns, At safepoint: 16251 ns, Total: 117450 ns
[2020-09-11T12:27:17.482+0000][1][safepoint    ] Safepoint "Cleanup", Time since last: 1000180604 ns, Reaching safepoint: 93683 ns, At safepoint: 13246 ns, Total: 106929 ns
[2020-09-11T12:27:18.482+0000][1][safepoint    ] Safepoint "Cleanup", Time since last: 1000146880 ns, Reaching safepoint: 105326 ns, At safepoint: 17060 ns, Total: 122386 ns
[2020-09-11T12:27:19.483+0000][1][safepoint    ] Safepoint "Cleanup", Time since last: 1000167397 ns, Reaching safepoint: 100291 ns, At safepoint: 16147 ns, Total: 116438 ns
[2020-09-11T12:27:20.483+0000][1][safepoint    ] Safepoint "Cleanup", Time since last: 1000168400 ns, Reaching safepoint: 98717 ns, At safepoint: 15338 ns, Total: 114055 ns
[2020-09-11T12:27:21.483+0000][1][safepoint    ] Safepoint "Cleanup", Time since last: 1000212177 ns, Reaching safepoint: 78134 ns, At safepoint: 6842 ns, Total: 84976 ns
[2020-09-11T12:27:22.483+0000][1][safepoint    ] Safepoint "Cleanup", Time since last: 1000165390 ns, Reaching safepoint: 109857 ns, At safepoint: 6311 ns, Total: 116168 ns
[2020-09-11T12:27:23.484+0000][1][safepoint    ] Safepoint "Cleanup", Time since last: 1000169023 ns, Reaching safepoint: 90023 ns, At safepoint: 14390 ns, Total: 104413 ns
[2020-09-11T12:27:24.484+0000][1][safepoint    ] Safepoint "Cleanup", Time since last: 1000155950 ns, Reaching safepoint: 100057 ns, At safepoint: 14751 ns, Total: 114808 ns
[2020-09-11T12:27:25.484+0000][1][safepoint    ] Safepoint "Cleanup", Time since last: 1000164382 ns, Reaching safepoint: 92847 ns, At safepoint: 6771 ns, Total: 99618 ns
[2020-09-11T12:27:26.485+0000][1][safepoint    ] Safepoint "Cleanup", Time since last: 1000153846 ns, Reaching safepoint: 167783 ns, At safepoint: 16401 ns, Total: 184184 ns
[2020-09-11T12:27:27.485+0000][1][safepoint    ] Safepoint "Cleanup", Time since last: 1000155537 ns, Reaching safepoint: 101273 ns, At safepoint: 15656 ns, Total: 116929 ns
[2020-09-11T12:27:28.485+0000][1][safepoint    ] Safepoint "Cleanup", Time since last: 1000169126 ns, Reaching safepoint: 103288 ns, At safepoint: 17416 ns, Total: 120704 ns
[2020-09-11T12:27:29.486+0000][1][safepoint    ] Safepoint "Cleanup", Time since last: 1000194533 ns, Reaching safepoint: 94985 ns, At safepoint: 16762 ns, Total: 111747 ns
[2020-09-11T12:27:30.486+0000][1][safepoint    ] Safepoint "Cleanup", Time since last: 1000202602 ns, Reaching safepoint: 93809 ns, At safepoint: 15883 ns, Total: 109692 ns
[2020-09-11T12:27:31.486+0000][1][safepoint    ] Safepoint "Cleanup", Time since last: 1000164381 ns, Reaching safepoint: 90295 ns, At safepoint: 6019 ns, Total: 96314 ns
[2020-09-11T12:27:32.486+0000][1][safepoint    ] Safepoint "Cleanup", Time since last: 1000177273 ns, Reaching safepoint: 80855 ns, At safepoint: 5731 ns, Total: 86586 ns
[2020-09-11T12:27:33.487+0000][1][safepoint    ] Safepoint "Cleanup", Time since last: 1000182248 ns, Reaching safepoint: 107186 ns, At safepoint: 17624 ns, Total: 124810 ns
[2020-09-11T12:27:34.487+0000][1][safepoint    ] Safepoint "Cleanup", Time since last: 1000213756 ns, Reaching safepoint: 92295 ns, At safepoint: 5476 ns, Total: 97771 ns
[2020-09-11T12:27:35.487+0000][1][safepoint    ] Safepoint "Cleanup", Time since last: 1000161996 ns, Reaching safepoint: 94885 ns, At safepoint: 16782 ns, Total: 111667 ns
[2020-09-11T12:27:35.587+0000][1][gc,start     ] GC(74) Pause Young (Allocation Failure)
[2020-09-11T12:27:35.587+0000][1][gc,task      ] GC(74) Using 1 workers of 1 for evacuation
[2020-09-11T12:27:35.603+0000][1][gc,age       ] GC(74) Desired survivor size 4358144 bytes, new threshold 6 (max threshold 6)
[2020-09-11T12:27:35.603+0000][1][gc,age       ] GC(74) Age table with threshold 6 (max threshold 6)
[2020-09-11T12:27:35.603+0000][1][gc,age       ] GC(74) - age   1:       6400 bytes,       6400 total
[2020-09-11T12:27:35.603+0000][1][gc,age       ] GC(74) - age   2:       1304 bytes,       7704 total
[2020-09-11T12:27:35.603+0000][1][gc,age       ] GC(74) - age   3:       1664 bytes,       9368 total
[2020-09-11T12:27:35.603+0000][1][gc,age       ] GC(74) - age   4:       1384 bytes,      10752 total
[2020-09-11T12:27:35.603+0000][1][gc,age       ] GC(74) - age   5:       2160 bytes,      12912 total
[2020-09-11T12:27:35.603+0000][1][gc,age       ] GC(74) - age   6:       1432 bytes,      14344 total
[2020-09-11T12:27:35.603+0000][1][gc,heap      ] GC(74) ParNew: 68685K->223K(76672K)
[2020-09-11T12:27:35.603+0000][1][gc,heap      ] GC(74) CMS: 97400K->97633K(2011968K)
[2020-09-11T12:27:35.603+0000][1][gc,metaspace ] GC(74) Metaspace: 73535K->73535K(1116160K)
[2020-09-11T12:27:35.603+0000][1][gc           ] GC(74) Pause Young (Allocation Failure) 162M->95M(2039M) 15.576ms
[2020-09-11T12:27:35.603+0000][1][gc,cpu       ] GC(74) User=0.01s Sys=0.00s Real=0.01s
[2020-09-11T12:27:35.603+0000][1][safepoint    ] Safepoint "GenCollectForAllocation", Time since last: 99658370 ns, Reaching safepoint: 238843 ns, At safepoint: 15686292 ns, Total: 15925135 ns
[2020-09-11T12:27:36.607+0000][1][safepoint    ] Safepoint "Cleanup", Time since last: 1004113281 ns, Reaching safepoint: 172297 ns, At safepoint: 17738 ns, Total: 190035 ns
[2020-09-11T12:27:37.609+0000][1][safepoint    ] Safepoint "Cleanup", Time since last: 1001981059 ns, Reaching safepoint: 209715 ns, At safepoint: 43938 ns, Total: 253653 ns
[2020-09-11T12:27:38.610+0000][1][safepoint    ] Safepoint "Cleanup", Time since last: 1000162364 ns, Reaching safepoint: 93135 ns, At safepoint: 16103 ns, Total: 109238 ns
[2020-09-11T12:27:39.610+0000][1][safepoint    ] Safepoint "Cleanup", Time since last: 1000163009 ns, Reaching safepoint: 71330 ns, At safepoint: 26893 ns, Total: 98223 ns
[2020-09-11T12:27:40.610+0000][1][safepoint    ] Safepoint "Cleanup", Time since last: 1000182365 ns, Reaching safepoint: 164793 ns, At safepoint: 6936 ns, Total: 171729 ns
[2020-09-11T12:27:41.611+0000][1][safepoint    ] Safepoint "Cleanup", Time since last: 1000211923 ns, Reaching safepoint: 207017 ns, At safepoint: 18479 ns, Total: 225496 ns
[2020-09-11T12:27:42.611+0000][1][safepoint    ] Safepoint "Cleanup", Time since last: 1000351362 ns, Reaching safepoint: 214143 ns, At safepoint: 19027 ns, Total: 233170 ns
[2020-09-11T12:27:43.612+0000][1][safepoint    ] Safepoint "Cleanup", Time since last: 1000377521 ns, Reaching safepoint: 307591 ns, At safepoint: 19809 ns, Total: 327400 ns
[2020-09-11T12:27:44.612+0000][1][safepoint    ] Safepoint "Cleanup", Time since last: 1000158434 ns, Reaching safepoint: 335265 ns, At safepoint: 19164 ns, Total: 354429 ns
[2020-09-11T12:27:45.613+0000][1][safepoint    ] Safepoint "Cleanup", Time since last: 1000154576 ns, Reaching safepoint: 200772 ns, At safepoint: 16728 ns, Total: 217500 ns
[2020-09-11T12:27:46.613+0000][1][safepoint    ] Safepoint "Cleanup", Time since last: 1000182153 ns, Reaching safepoint: 77150 ns, At safepoint: 10240 ns, Total: 87390 ns
[2020-09-11T12:27:47.613+0000][1][safepoint    ] Safepoint "Cleanup", Time since last: 1000186847 ns, Reaching safepoint: 90247 ns, At safepoint: 6801 ns, Total: 97048 ns
[2020-09-11T12:27:48.614+0000][1][safepoint    ] Safepoint "Cleanup", Time since last: 1000182723 ns, Reaching safepoint: 86207 ns, At safepoint: 6914 ns, Total: 93121 ns
[2020-09-11T12:27:49.614+0000][1][safepoint    ] Safepoint "Cleanup", Time since last: 1000172042 ns, Reaching safepoint: 83449 ns, At safepoint: 5929 ns, Total: 89378 ns
[2020-09-11T12:27:50.614+0000][1][safepoint    ] Safepoint "Cleanup", Time since last: 1000146681 ns, Reaching safepoint: 93243 ns, At safepoint: 6686 ns, Total: 99929 ns
[2020-09-11T12:27:51.614+0000][1][safepoint    ] Safepoint "Cleanup", Time since last: 1000154347 ns, Reaching safepoint: 83274 ns, At safepoint: 6724 ns, Total: 89998 ns
[2020-09-11T12:27:52.615+0000][1][safepoint    ] Safepoint "Cleanup", Time since last: 1000172424 ns, Reaching safepoint: 76771 ns, At safepoint: 7114 ns, Total: 83885 ns
[2020-09-11T12:27:53.615+0000][1][safepoint    ] Safepoint "Cleanup", Time since last: 1000164504 ns, Reaching safepoint: 83888 ns, At safepoint: 6384 ns, Total: 90272 ns
[2020-09-11T12:27:54.615+0000][1][safepoint    ] Safepoint "Cleanup", Time since last: 1000157068 ns, Reaching safepoint: 89607 ns, At safepoint: 6718 ns, Total: 96325 ns
[2020-09-11T12:27:55.615+0000][1][safepoint    ] Safepoint "Cleanup", Time since last: 1000166357 ns, Reaching safepoint: 92623 ns, At safepoint: 6128 ns, Total: 98751 ns
[2020-09-11T12:27:56.616+0000][1][safepoint    ] Safepoint "Cleanup", Time since last: 1000184762 ns, Reaching safepoint: 112459 ns, At safepoint: 17296 ns, Total: 129755 ns
[2020-09-11T12:27:57.616+0000][1][safepoint    ] Safepoint "Cleanup", Time since last: 1000211410 ns, Reaching safepoint: 107591 ns, At safepoint: 15770 ns, Total: 123361 ns
[2020-09-11T12:27:58.616+0000][1][safepoint    ] Safepoint "Cleanup", Time since last: 1000202361 ns, Reaching safepoint: 108386 ns, At safepoint: 16515 ns, Total: 124901 ns
[2020-09-11T12:27:59.617+0000][1][safepoint    ] Safepoint "Cleanup", Time since last: 1000237207 ns, Reaching safepoint: 81957 ns, At safepoint: 5680 ns, Total: 87637 ns
[2020-09-11T12:28:00.617+0000][1][safepoint    ] Safepoint "Cleanup", Time since last: 1000162388 ns, Reaching safepoint: 80142 ns, At safepoint: 6768 ns, Total: 86910 ns
[2020-09-11T12:28:01.617+0000][1][safepoint    ] Safepoint "Cleanup", Time since last: 1000179751 ns, Reaching safepoint: 105011 ns, At safepoint: 15586 ns, Total: 120597 ns
[2020-09-11T12:28:02.618+0000][1][safepoint    ] Safepoint "Cleanup", Time since last: 1000166314 ns, Reaching safepoint: 103327 ns, At safepoint: 14793 ns, Total: 118120 ns
[2020-09-11T12:28:03.618+0000][1][safepoint    ] Safepoint "Cleanup", Time since last: 1000174588 ns, Reaching safepoint: 91056 ns, At safepoint: 6532 ns, Total: 97588 ns
[2020-09-11T12:28:04.618+0000][1][safepoint    ] Safepoint "Cleanup", Time since last: 1000170630 ns, Reaching safepoint: 85650 ns, At safepoint: 7107 ns, Total: 92757 ns
[2020-09-11T12:28:05.618+0000][1][safepoint    ] Safepoint "Cleanup", Time since last: 1000166624 ns, Reaching safepoint: 107902 ns, At safepoint: 16264 ns, Total: 124166 ns
[2020-09-11T12:28:06.619+0000][1][safepoint    ] Safepoint "Cleanup", Time since last: 1000204418 ns, Reaching safepoint: 103338 ns, At safepoint: 16959 ns, Total: 120297 ns
[2020-09-11T12:28:07.619+0000][1][safepoint    ] Safepoint "Cleanup", Time since last: 1000209771 ns, Reaching safepoint: 80186 ns, At safepoint: 7256 ns, Total: 87442 ns
[2020-09-11T12:28:08.619+0000][1][safepoint    ] Safepoint "Cleanup", Time since last: 1000177322 ns, Reaching safepoint: 120330 ns, At safepoint: 17533 ns, Total: 137863 ns
[2020-09-11T12:28:09.620+0000][1][safepoint    ] Safepoint "Cleanup", Time since last: 1000246955 ns, Reaching safepoint: 93177 ns, At safepoint: 15376 ns, Total: 108553 ns
[2020-09-11T12:28:10.620+0000][1][safepoint    ] Safepoint "Cleanup", Time since last: 1000194147 ns, Reaching safepoint: 101102 ns, At safepoint: 16578 ns, Total: 117680 ns
[2020-09-11T12:28:11.620+0000][1][safepoint    ] Safepoint "Cleanup", Time since last: 1000184770 ns, Reaching safepoint: 97473 ns, At safepoint: 5659 ns, Total: 103132 ns
[2020-09-11T12:28:12.621+0000][1][safepoint    ] Safepoint "Cleanup", Time since last: 1000130804 ns, Reaching safepoint: 109831 ns, At safepoint: 6827 ns, Total: 116658 ns
[2020-09-11T12:28:13.621+0000][1][safepoint    ] Safepoint "Cleanup", Time since last: 1000157262 ns, Reaching safepoint: 107704 ns, At safepoint: 16972 ns, Total: 124676 ns
[2020-09-11T12:28:14.621+0000][1][safepoint    ] Safepoint "Cleanup", Time since last: 1000210812 ns, Reaching safepoint: 82153 ns, At safepoint: 7096 ns, Total: 89249 ns
[2020-09-11T12:28:15.621+0000][1][safepoint    ] Safepoint "Cleanup", Time since last: 1000181869 ns, Reaching safepoint: 82782 ns, At safepoint: 5717 ns, Total: 88499 ns
[2020-09-11T12:28:16.622+0000][1][safepoint    ] Safepoint "Cleanup", Time since last: 1000188317 ns, Reaching safepoint: 99569 ns, At safepoint: 17256 ns, Total: 116825 ns
[2020-09-11T12:28:17.622+0000][1][safepoint    ] Safepoint "Cleanup", Time since last: 1000215311 ns, Reaching safepoint: 90126 ns, At safepoint: 6300 ns, Total: 96426 ns
[2020-09-11T12:28:18.622+0000][1][safepoint    ] Safepoint "Cleanup", Time since last: 1000149686 ns, Reaching safepoint: 106578 ns, At safepoint: 17694 ns, Total: 124272 ns
[2020-09-11T12:28:19.623+0000][1][safepoint    ] Safepoint "Cleanup", Time since last: 1000190622 ns, Reaching safepoint: 96502 ns, At safepoint: 14978 ns, Total: 111480 ns
[2020-09-11T12:28:20.623+0000][1][safepoint    ] Safepoint "Cleanup", Time since last: 1000202815 ns, Reaching safepoint: 98978 ns, At safepoint: 16671 ns, Total: 115649 ns
[2020-09-11T12:28:21.623+0000][1][safepoint    ] Safepoint "Cleanup", Time since last: 1000185621 ns, Reaching safepoint: 100053 ns, At safepoint: 15900 ns, Total: 115953 ns
[2020-09-11T12:28:22.624+0000][1][safepoint    ] Safepoint "Cleanup", Time since last: 1000201250 ns, Reaching safepoint: 97895 ns, At safepoint: 16347 ns, Total: 114242 ns
[2020-09-11T12:28:23.624+0000][1][safepoint    ] Safepoint "Cleanup", Time since last: 1000223388 ns, Reaching safepoint: 107340 ns, At safepoint: 17193 ns, Total: 124533 ns
[2020-09-11T12:28:24.624+0000][1][safepoint    ] Safepoint "Cleanup", Time since last: 1000216126 ns, Reaching safepoint: 103425 ns, At safepoint: 16949 ns, Total: 120374 ns
[2020-09-11T12:28:25.625+0000][1][safepoint    ] Safepoint "Cleanup", Time since last: 1000205876 ns, Reaching safepoint: 95533 ns, At safepoint: 15933 ns, Total: 111466 ns
[2020-09-11T12:28:26.625+0000][1][safepoint    ] Safepoint "Cleanup", Time since last: 1000160502 ns, Reaching safepoint: 100345 ns, At safepoint: 5924 ns, Total: 106269 ns
[2020-09-11T12:28:27.625+0000][1][safepoint    ] Safepoint "Cleanup", Time since last: 1000172348 ns, Reaching safepoint: 136467 ns, At safepoint: 17233 ns, Total: 153700 ns
[2020-09-11T12:28:28.626+0000][1][safepoint    ] Safepoint "Cleanup", Time since last: 1000247107 ns, Reaching safepoint: 110862 ns, At safepoint: 18349 ns, Total: 129211 ns
[2020-09-11T12:28:29.626+0000][1][safepoint    ] Safepoint "Cleanup", Time since last: 1000219926 ns, Reaching safepoint: 97374 ns, At safepoint: 15682 ns, Total: 113056 ns
[2020-09-11T12:28:30.626+0000][1][safepoint    ] Safepoint "Cleanup", Time since last: 1000226666 ns, Reaching safepoint: 79876 ns, At safepoint: 7120 ns, Total: 86996 ns
[2020-09-11T12:28:31.626+0000][1][safepoint    ] Safepoint "Cleanup", Time since last: 1000190512 ns, Reaching safepoint: 89737 ns, At safepoint: 6250 ns, Total: 95987 ns
[2020-09-11T12:28:32.627+0000][1][safepoint    ] Safepoint "Cleanup", Time since last: 1000167611 ns, Reaching safepoint: 105376 ns, At safepoint: 17119 ns, Total: 122495 ns
[2020-09-11T12:28:33.627+0000][1][safepoint    ] Safepoint "Cleanup", Time since last: 1000134536 ns, Reaching safepoint: 60611 ns, At safepoint: 6815 ns, Total: 67426 ns
[2020-09-11T12:28:34.627+0000][1][safepoint    ] Safepoint "Cleanup", Time since last: 1000172685 ns, Reaching safepoint: 82258 ns, At safepoint: 7013 ns, Total: 89271 ns
[2020-09-11T12:28:35.627+0000][1][safepoint    ] Safepoint "Cleanup", Time since last: 1000128684 ns, Reaching safepoint: 118148 ns, At safepoint: 14975 ns, Total: 133123 ns
[2020-09-11T12:28:36.628+0000][1][safepoint    ] Safepoint "Cleanup", Time since last: 1000208651 ns, Reaching safepoint: 94678 ns, At safepoint: 16565 ns, Total: 111243 ns
[2020-09-11T12:28:37.628+0000][1][safepoint    ] Safepoint "Cleanup", Time since last: 1000195649 ns, Reaching safepoint: 76260 ns, At safepoint: 6120 ns, Total: 82380 ns
[2020-09-11T12:28:38.628+0000][1][safepoint    ] Safepoint "Cleanup", Time since last: 1000156769 ns, Reaching safepoint: 85926 ns, At safepoint: 6887 ns, Total: 92813 ns
[2020-09-11T12:28:39.629+0000][1][safepoint    ] Safepoint "Cleanup", Time since last: 1000156177 ns, Reaching safepoint: 78622 ns, At safepoint: 5787 ns, Total: 84409 ns
[2020-09-11T12:28:40.629+0000][1][safepoint    ] Safepoint "Cleanup", Time since last: 1000124626 ns, Reaching safepoint: 113297 ns, At safepoint: 18716 ns, Total: 132013 ns
[2020-09-11T12:28:41.629+0000][1][safepoint    ] Safepoint "Cleanup", Time since last: 1000157126 ns, Reaching safepoint: 98523 ns, At safepoint: 14707 ns, Total: 113230 ns
[2020-09-11T12:28:42.629+0000][1][safepoint    ] Safepoint "Cleanup", Time since last: 1000195428 ns, Reaching safepoint: 104133 ns, At safepoint: 17082 ns, Total: 121215 ns
[2020-09-11T12:28:43.630+0000][1][safepoint    ] Safepoint "Cleanup", Time since last: 1000200005 ns, Reaching safepoint: 125077 ns, At safepoint: 14333 ns, Total: 139410 ns
[2020-09-11T12:28:44.630+0000][1][safepoint    ] Safepoint "Cleanup", Time since last: 1000237434 ns, Reaching safepoint: 103909 ns, At safepoint: 18600 ns, Total: 122509 ns
[2020-09-11T12:28:45.630+0000][1][safepoint    ] Safepoint "Cleanup", Time since last: 1000218699 ns, Reaching safepoint: 135939 ns, At safepoint: 17691 ns, Total: 153630 ns
[2020-09-11T12:28:45.715+0000][1][gc,start     ] GC(75) Pause Young (Allocation Failure)
[2020-09-11T12:28:45.715+0000][1][gc,task      ] GC(75) Using 1 workers of 1 for evacuation
[2020-09-11T12:28:45.727+0000][1][gc,age       ] GC(75) Desired survivor size 4358144 bytes, new threshold 6 (max threshold 6)
[2020-09-11T12:28:45.727+0000][1][gc,age       ] GC(75) Age table with threshold 6 (max threshold 6)
[2020-09-11T12:28:45.727+0000][1][gc,age       ] GC(75) - age   1:      11224 bytes,      11224 total
[2020-09-11T12:28:45.727+0000][1][gc,age       ] GC(75) - age   2:        656 bytes,      11880 total
[2020-09-11T12:28:45.727+0000][1][gc,age       ] GC(75) - age   3:       1304 bytes,      13184 total
[2020-09-11T12:28:45.727+0000][1][gc,age       ] GC(75) - age   4:       1664 bytes,      14848 total
[2020-09-11T12:28:45.727+0000][1][gc,age       ] GC(75) - age   5:       1384 bytes,      16232 total
[2020-09-11T12:28:45.727+0000][1][gc,age       ] GC(75) - age   6:       2160 bytes,      18392 total
[2020-09-11T12:28:45.727+0000][1][gc,heap      ] GC(75) ParNew: 68383K->58K(76672K)
[2020-09-11T12:28:45.727+0000][1][gc,heap      ] GC(75) CMS: 97633K->97634K(2011968K)
[2020-09-11T12:28:45.727+0000][1][gc,metaspace ] GC(75) Metaspace: 73550K->73550K(1116160K)
[2020-09-11T12:28:45.727+0000][1][gc           ] GC(75) Pause Young (Allocation Failure) 162M->95M(2039M) 11.934ms
[2020-09-11T12:28:45.727+0000][1][gc,cpu       ] GC(75) User=0.01s Sys=0.00s Real=0.02s
[2020-09-11T12:28:45.727+0000][1][safepoint    ] Safepoint "GenCollectForAllocation", Time since last: 84119120 ns, Reaching safepoint: 179421 ns, At safepoint: 12089389 ns, Total: 12268810 ns
[2020-09-11T12:28:46.728+0000][1][safepoint    ] Safepoint "Cleanup", Time since last: 1000939563 ns, Reaching safepoint: 76780 ns, At safepoint: 19443 ns, Total: 96223 ns
[2020-09-11T12:28:47.728+0000][1][safepoint    ] Safepoint "Cleanup", Time since last: 1000163132 ns, Reaching safepoint: 87992 ns, At safepoint: 45719 ns, Total: 133711 ns
[2020-09-11T12:28:48.728+0000][1][safepoint    ] Safepoint "Cleanup", Time since last: 1000162951 ns, Reaching safepoint: 94502 ns, At safepoint: 17480 ns, Total: 111982 ns
[2020-09-11T12:28:48.970+0000][1][safepoint    ] Safepoint "RevokeBias", Time since last: 241086341 ns, Reaching safepoint: 49216 ns, At safepoint: 30759 ns, Total: 79975 ns
[2020-09-11T12:28:48.970+0000][1][safepoint    ] Safepoint "RevokeBias", Time since last: 84487 ns, Reaching safepoint: 17703 ns, At safepoint: 19119 ns, Total: 36822 ns
[2020-09-11T12:28:48.970+0000][1][safepoint    ] Safepoint "RevokeBias", Time since last: 494629 ns, Reaching safepoint: 19132 ns, At safepoint: 20619 ns, Total: 39751 ns
[2020-09-11T12:28:48.970+0000][1][safepoint    ] Safepoint "RevokeBias", Time since last: 45265 ns, Reaching safepoint: 16807 ns, At safepoint: 18516 ns, Total: 35323 ns
[2020-09-11T12:28:48.995+0000][1][safepoint    ] Safepoint "RevokeBias", Time since last: 24371472 ns, Reaching safepoint: 46066 ns, At safepoint: 29883 ns, Total: 75949 ns
[2020-09-11T12:28:48.995+0000][1][safepoint    ] Safepoint "RevokeBias", Time since last: 66565 ns, Reaching safepoint: 17428 ns, At safepoint: 18391 ns, Total: 35819 ns
[2020-09-11T12:28:48.995+0000][1][safepoint    ] Safepoint "RevokeBias", Time since last: 186429 ns, Reaching safepoint: 17725 ns, At safepoint: 18205 ns, Total: 35930 ns
[2020-09-11T12:28:48.995+0000][1][safepoint    ] Safepoint "RevokeBias", Time since last: 38603 ns, Reaching safepoint: 16838 ns, At safepoint: 17286 ns, Total: 34124 ns
[2020-09-11T12:28:49.996+0000][1][safepoint    ] Safepoint "Cleanup", Time since last: 1000246342 ns, Reaching safepoint: 47107 ns, At safepoint: 16213 ns, Total: 63320 ns
[2020-09-11T12:28:50.996+0000][1][safepoint    ] Safepoint "Cleanup", Time since last: 1000167694 ns, Reaching safepoint: 101884 ns, At safepoint: 16749 ns, Total: 118633 ns
[2020-09-11T12:28:51.996+0000][1][safepoint    ] Safepoint "Cleanup", Time since last: 1000204873 ns, Reaching safepoint: 94598 ns, At safepoint: 15866 ns, Total: 110464 ns
[2020-09-11T12:28:52.996+0000][1][safepoint    ] Safepoint "Cleanup", Time since last: 1000201208 ns, Reaching safepoint: 92653 ns, At safepoint: 16488 ns, Total: 109141 ns
[2020-09-11T12:28:53.997+0000][1][safepoint    ] Safepoint "Cleanup", Time since last: 1000168853 ns, Reaching safepoint: 104948 ns, At safepoint: 16511 ns, Total: 121459 ns
[2020-09-11T12:28:54.997+0000][1][safepoint    ] Safepoint "Cleanup", Time since last: 1000196236 ns, Reaching safepoint: 110030 ns, At safepoint: 17477 ns, Total: 127507 ns
[2020-09-11T12:28:55.997+0000][1][safepoint    ] Safepoint "Cleanup", Time since last: 1000219122 ns, Reaching safepoint: 102439 ns, At safepoint: 17972 ns, Total: 120411 ns
[2020-09-11T12:28:56.998+0000][1][safepoint    ] Safepoint "Cleanup", Time since last: 1000193515 ns, Reaching safepoint: 101487 ns, At safepoint: 17032 ns, Total: 118519 ns
[2020-09-11T12:28:57.998+0000][1][safepoint    ] Safepoint "Cleanup", Time since last: 1000253937 ns, Reaching safepoint: 76873 ns, At safepoint: 7588 ns, Total: 84461 ns
[2020-09-11T12:28:58.998+0000][1][safepoint    ] Safepoint "Cleanup", Time since last: 1000172538 ns, Reaching safepoint: 116314 ns, At safepoint: 18149 ns, Total: 134463 ns
[2020-09-11T12:28:59.999+0000][1][safepoint    ] Safepoint "Cleanup", Time since last: 1000207763 ns, Reaching safepoint: 102054 ns, At safepoint: 17524 ns, Total: 119578 ns
[2020-09-11T12:29:00.999+0000][1][safepoint    ] Safepoint "Cleanup", Time since last: 1000198029 ns, Reaching safepoint: 86553 ns, At safepoint: 7106 ns, Total: 93659 ns
[2020-09-11T12:29:01.999+0000][1][safepoint    ] Safepoint "Cleanup", Time since last: 1000201229 ns, Reaching safepoint: 83291 ns, At safepoint: 7248 ns, Total: 90539 ns
[2020-09-11T12:29:02.999+0000][1][safepoint    ] Safepoint "Cleanup", Time since last: 1000126918 ns, Reaching safepoint: 55675 ns, At safepoint: 6224 ns, Total: 61899 ns
[2020-09-11T12:29:04.000+0000][1][safepoint    ] Safepoint "Cleanup", Time since last: 1000157730 ns, Reaching safepoint: 77785 ns, At safepoint: 6116 ns, Total: 83901 ns
[2020-09-11T12:29:05.000+0000][1][safepoint    ] Safepoint "Cleanup", Time since last: 1000168412 ns, Reaching safepoint: 77603 ns, At safepoint: 6857 ns, Total: 84460 ns
[2020-09-11T12:29:06.000+0000][1][safepoint    ] Safepoint "Cleanup", Time since last: 1000130340 ns, Reaching safepoint: 100859 ns, At safepoint: 7006 ns, Total: 107865 ns
[2020-09-11T12:29:07.000+0000][1][safepoint    ] Safepoint "Cleanup", Time since last: 1000166697 ns, Reaching safepoint: 96355 ns, At safepoint: 16374 ns, Total: 112729 ns
[2020-09-11T12:29:08.001+0000][1][safepoint    ] Safepoint "Cleanup", Time since last: 1000210120 ns, Reaching safepoint: 101176 ns, At safepoint: 17731 ns, Total: 118907 ns
[2020-09-11T12:29:09.001+0000][1][safepoint    ] Safepoint "Cleanup", Time since last: 1000208356 ns, Reaching safepoint: 83263 ns, At safepoint: 7264 ns, Total: 90527 ns
[2020-09-11T12:29:10.001+0000][1][safepoint    ] Safepoint "Cleanup", Time since last: 1000190861 ns, Reaching safepoint: 102970 ns, At safepoint: 17297 ns, Total: 120267 ns
[2020-09-11T12:29:11.002+0000][1][safepoint    ] Safepoint "Cleanup", Time since last: 1000227255 ns, Reaching safepoint: 108002 ns, At safepoint: 22244 ns, Total: 130246 ns
[2020-09-11T12:29:12.002+0000][1][safepoint    ] Safepoint "Cleanup", Time since last: 1000240978 ns, Reaching safepoint: 103151 ns, At safepoint: 17630 ns, Total: 120781 ns
[2020-09-11T12:29:13.002+0000][1][safepoint    ] Safepoint "Cleanup", Time since last: 1000178013 ns, Reaching safepoint: 103104 ns, At safepoint: 18185 ns, Total: 121289 ns
[2020-09-11T12:29:14.003+0000][1][safepoint    ] Safepoint "Cleanup", Time since last: 1000181648 ns, Reaching safepoint: 106070 ns, At safepoint: 16294 ns, Total: 122364 ns
[2020-09-11T12:29:15.003+0000][1][safepoint    ] Safepoint "Cleanup", Time since last: 1000204494 ns, Reaching safepoint: 103364 ns, At safepoint: 17490 ns, Total: 120854 ns
[2020-09-11T12:29:16.003+0000][1][safepoint    ] Safepoint "Cleanup", Time since last: 1000210956 ns, Reaching safepoint: 105349 ns, At safepoint: 92476 ns, Total: 197825 ns
[2020-09-11T12:29:17.004+0000][1][safepoint    ] Safepoint "Cleanup", Time since last: 1000225929 ns, Reaching safepoint: 71902 ns, At safepoint: 6768 ns, Total: 78670 ns
[2020-09-11T12:29:18.004+0000][1][safepoint    ] Safepoint "Cleanup", Time since last: 1000181532 ns, Reaching safepoint: 94864 ns, At safepoint: 7512 ns, Total: 102376 ns
[2020-09-11T12:29:19.004+0000][1][safepoint    ] Safepoint "Cleanup", Time since last: 1000112480 ns, Reaching safepoint: 107490 ns, At safepoint: 18098 ns, Total: 125588 ns
[2020-09-11T12:29:20.005+0000][1][safepoint    ] Safepoint "Cleanup", Time since last: 1000209034 ns, Reaching safepoint: 98333 ns, At safepoint: 17103 ns, Total: 115436 ns
[2020-09-11T12:29:21.005+0000][1][safepoint    ] Safepoint "Cleanup", Time since last: 1000206659 ns, Reaching safepoint: 104868 ns, At safepoint: 17249 ns, Total: 122117 ns
[2020-09-11T12:29:22.005+0000][1][safepoint    ] Safepoint "Cleanup", Time since last: 1000230806 ns, Reaching safepoint: 101306 ns, At safepoint: 17026 ns, Total: 118332 ns
[2020-09-11T12:29:23.006+0000][1][safepoint    ] Safepoint "Cleanup", Time since last: 1000209351 ns, Reaching safepoint: 78017 ns, At safepoint: 7076 ns, Total: 85093 ns
[2020-09-11T12:29:24.006+0000][1][safepoint    ] Safepoint "Cleanup", Time since last: 1000135987 ns, Reaching safepoint: 96470 ns, At safepoint: 6919 ns, Total: 103389 ns
[2020-09-11T12:29:25.006+0000][1][safepoint    ] Safepoint "Cleanup", Time since last: 1000174715 ns, Reaching safepoint: 101389 ns, At safepoint: 17317 ns, Total: 118706 ns
[2020-09-11T12:29:26.006+0000][1][safepoint    ] Safepoint "Cleanup", Time since last: 1000221057 ns, Reaching safepoint: 98910 ns, At safepoint: 17374 ns, Total: 116284 ns
[2020-09-11T12:29:27.007+0000][1][safepoint    ] Safepoint "Cleanup", Time since last: 1000173117 ns, Reaching safepoint: 60305 ns, At safepoint: 7080 ns, Total: 67385 ns
[2020-09-11T12:29:28.007+0000][1][safepoint    ] Safepoint "Cleanup", Time since last: 1000155340 ns, Reaching safepoint: 103548 ns, At safepoint: 17894 ns, Total: 121442 ns
[2020-09-11T12:29:29.007+0000][1][safepoint    ] Safepoint "Cleanup", Time since last: 1000220125 ns, Reaching safepoint: 83255 ns, At safepoint: 7093 ns, Total: 90348 ns
[2020-09-11T12:29:30.008+0000][1][safepoint    ] Safepoint "Cleanup", Time since last: 1000184161 ns, Reaching safepoint: 101209 ns, At safepoint: 17327 ns, Total: 118536 ns
[2020-09-11T12:29:31.008+0000][1][safepoint    ] Safepoint "Cleanup", Time since last: 1000180103 ns, Reaching safepoint: 107938 ns, At safepoint: 15830 ns, Total: 123768 ns
[2020-09-11T12:29:32.008+0000][1][safepoint    ] Safepoint "Cleanup", Time since last: 1000222363 ns, Reaching safepoint: 101965 ns, At safepoint: 17914 ns, Total: 119879 ns
[2020-09-11T12:29:33.009+0000][1][safepoint    ] Safepoint "Cleanup", Time since last: 1000210797 ns, Reaching safepoint: 104730 ns, At safepoint: 17517 ns, Total: 122247 ns
[2020-09-11T12:29:34.009+0000][1][safepoint    ] Safepoint "Cleanup", Time since last: 1000196142 ns, Reaching safepoint: 86408 ns, At safepoint: 6880 ns, Total: 93288 ns
[2020-09-11T12:29:35.009+0000][1][safepoint    ] Safepoint "Cleanup", Time since last: 1000191869 ns, Reaching safepoint: 101680 ns, At safepoint: 16959 ns, Total: 118639 ns
[2020-09-11T12:29:36.009+0000][1][safepoint    ] Safepoint "Cleanup", Time since last: 1000221489 ns, Reaching safepoint: 84076 ns, At safepoint: 6932 ns, Total: 91008 ns
[2020-09-11T12:29:37.010+0000][1][safepoint    ] Safepoint "Cleanup", Time since last: 1000177654 ns, Reaching safepoint: 101544 ns, At safepoint: 17373 ns, Total: 118917 ns
[2020-09-11T12:29:38.010+0000][1][safepoint    ] Safepoint "Cleanup", Time since last: 1000177480 ns, Reaching safepoint: 109281 ns, At safepoint: 7167 ns, Total: 116448 ns
[2020-09-11T12:29:39.010+0000][1][safepoint    ] Safepoint "Cleanup", Time since last: 1000169571 ns, Reaching safepoint: 115549 ns, At safepoint: 17748 ns, Total: 133297 ns
[2020-09-11T12:29:40.011+0000][1][safepoint    ] Safepoint "Cleanup", Time since last: 1000177444 ns, Reaching safepoint: 107503 ns, At safepoint: 16615 ns, Total: 124118 ns
[2020-09-11T12:29:41.011+0000][1][safepoint    ] Safepoint "Cleanup", Time since last: 1000181497 ns, Reaching safepoint: 113270 ns, At safepoint: 6532 ns, Total: 119802 ns
[2020-09-11T12:29:42.011+0000][1][safepoint    ] Safepoint "Cleanup", Time since last: 1000145640 ns, Reaching safepoint: 104256 ns, At safepoint: 15810 ns, Total: 120066 ns
[2020-09-11T12:29:43.012+0000][1][safepoint    ] Safepoint "Cleanup", Time since last: 1000228124 ns, Reaching safepoint: 101256 ns, At safepoint: 17898 ns, Total: 119154 ns
[2020-09-11T12:29:44.012+0000][1][safepoint    ] Safepoint "Cleanup", Time since last: 1000173527 ns, Reaching safepoint: 100166 ns, At safepoint: 7082 ns, Total: 107248 ns
[2020-09-11T12:29:45.012+0000][1][safepoint    ] Safepoint "Cleanup", Time since last: 1000203731 ns, Reaching safepoint: 97490 ns, At safepoint: 16802 ns, Total: 114292 ns
[2020-09-11T12:29:46.013+0000][1][safepoint    ] Safepoint "Cleanup", Time since last: 1000281480 ns, Reaching safepoint: 69213 ns, At safepoint: 6529 ns, Total: 75742 ns
[2020-09-11T12:29:47.013+0000][1][safepoint    ] Safepoint "Cleanup", Time since last: 1000191932 ns, Reaching safepoint: 84547 ns, At safepoint: 7269 ns, Total: 91816 ns
[2020-09-11T12:29:48.013+0000][1][safepoint    ] Safepoint "Cleanup", Time since last: 1000182650 ns, Reaching safepoint: 102272 ns, At safepoint: 17808 ns, Total: 120080 ns
[2020-09-11T12:29:49.013+0000][1][safepoint    ] Safepoint "Cleanup", Time since last: 1000221312 ns, Reaching safepoint: 105452 ns, At safepoint: 17567 ns, Total: 123019 ns
[2020-09-11T12:29:50.014+0000][1][safepoint    ] Safepoint "Cleanup", Time since last: 1000208548 ns, Reaching safepoint: 101945 ns, At safepoint: 16969 ns, Total: 118914 ns
[2020-09-11T12:29:51.014+0000][1][safepoint    ] Safepoint "Cleanup", Time since last: 1000205528 ns, Reaching safepoint: 115422 ns, At safepoint: 19395 ns, Total: 134817 ns
[2020-09-11T12:29:52.014+0000][1][safepoint    ] Safepoint "Cleanup", Time since last: 1000213275 ns, Reaching safepoint: 96782 ns, At safepoint: 17173 ns, Total: 113955 ns
[2020-09-11T12:29:53.015+0000][1][safepoint    ] Safepoint "Cleanup", Time since last: 1000228865 ns, Reaching safepoint: 78992 ns, At safepoint: 7298 ns, Total: 86290 ns
[2020-09-11T12:29:54.015+0000][1][safepoint    ] Safepoint "Cleanup", Time since last: 1000173181 ns, Reaching safepoint: 103842 ns, At safepoint: 17875 ns, Total: 121717 ns
[2020-09-11T12:29:55.015+0000][1][safepoint    ] Safepoint "Cleanup", Time since last: 1000225526 ns, Reaching safepoint: 49284 ns, At safepoint: 6583 ns, Total: 55867 ns
[2020-09-11T12:29:56.016+0000][1][safepoint    ] Safepoint "Cleanup", Time since last: 1000145426 ns, Reaching safepoint: 55390 ns, At safepoint: 6863 ns, Total: 62253 ns
[2020-09-11T12:29:57.016+0000][1][safepoint    ] Safepoint "Cleanup", Time since last: 1000147550 ns, Reaching safepoint: 101667 ns, At safepoint: 16718 ns, Total: 118385 ns
[2020-09-11T12:29:58.016+0000][1][safepoint    ] Safepoint "Cleanup", Time since last: 1000187671 ns, Reaching safepoint: 90144 ns, At safepoint: 7198 ns, Total: 97342 ns
[2020-09-11T12:29:59.016+0000][1][safepoint    ] Safepoint "Cleanup", Time since last: 1000180015 ns, Reaching safepoint: 106455 ns, At safepoint: 18412 ns, Total: 124867 ns
[2020-09-11T12:30:00.017+0000][1][safepoint    ] Safepoint "Cleanup", Time since last: 1000212107 ns, Reaching safepoint: 81359 ns, At safepoint: 7102 ns, Total: 88461 ns
[2020-09-11T12:30:00.826+0000][1][gc,start     ] GC(76) Pause Young (Allocation Failure)
[2020-09-11T12:30:00.826+0000][1][gc,task      ] GC(76) Using 1 workers of 1 for evacuation
[2020-09-11T12:30:00.838+0000][1][gc,age       ] GC(76) Desired survivor size 4358144 bytes, new threshold 6 (max threshold 6)
[2020-09-11T12:30:00.838+0000][1][gc,age       ] GC(76) Age table with threshold 6 (max threshold 6)
[2020-09-11T12:30:00.838+0000][1][gc,age       ] GC(76) - age   1:      11536 bytes,      11536 total
[2020-09-11T12:30:00.838+0000][1][gc,age       ] GC(76) - age   2:       2520 bytes,      14056 total
[2020-09-11T12:30:00.838+0000][1][gc,age       ] GC(76) - age   3:        656 bytes,      14712 total
[2020-09-11T12:30:00.838+0000][1][gc,age       ] GC(76) - age   4:       1304 bytes,      16016 total
[2020-09-11T12:30:00.838+0000][1][gc,age       ] GC(76) - age   5:       1664 bytes,      17680 total
[2020-09-11T12:30:00.838+0000][1][gc,age       ] GC(76) - age   6:       1384 bytes,      19064 total
[2020-09-11T12:30:00.838+0000][1][gc,heap      ] GC(76) ParNew: 68218K->19K(76672K)
[2020-09-11T12:30:00.838+0000][1][gc,heap      ] GC(76) CMS: 97634K->97637K(2011968K)
[2020-09-11T12:30:00.838+0000][1][gc,metaspace ] GC(76) Metaspace: 73587K->73587K(1116160K)
[2020-09-11T12:30:00.838+0000][1][gc           ] GC(76) Pause Young (Allocation Failure) 161M->95M(2039M) 12.126ms
[2020-09-11T12:30:00.838+0000][1][gc,cpu       ] GC(76) User=0.01s Sys=0.00s Real=0.01s
[2020-09-11T12:30:00.843+0000][1][safepoint    ] Safepoint "GenCollectForAllocation", Time since last: 808701615 ns, Reaching safepoint: 168349 ns, At safepoint: 17828585 ns, Total: 17996934 ns
[2020-09-11T12:30:01.848+0000][1][safepoint    ] Safepoint "Cleanup", Time since last: 1004626754 ns, Reaching safepoint: 98667 ns, At safepoint: 5744 ns, Total: 104411 ns
[2020-09-11T12:30:02.850+0000][1][safepoint    ] Safepoint "Cleanup", Time since last: 1001596215 ns, Reaching safepoint: 90301 ns, At safepoint: 13762 ns, Total: 104063 ns
[2020-09-11T12:30:03.850+0000][1][safepoint    ] Safepoint "Cleanup", Time since last: 1000153830 ns, Reaching safepoint: 311766 ns, At safepoint: 19084 ns, Total: 330850 ns
[2020-09-11T12:30:04.851+0000][1][safepoint    ] Safepoint "Cleanup", Time since last: 1000155817 ns, Reaching safepoint: 223654 ns, At safepoint: 18813 ns, Total: 242467 ns
[2020-09-11T12:30:05.851+0000][1][safepoint    ] Safepoint "Cleanup", Time since last: 1000153621 ns, Reaching safepoint: 105593 ns, At safepoint: 15262 ns, Total: 120855 ns
[2020-09-11T12:30:06.851+0000][1][safepoint    ] Safepoint "Cleanup", Time since last: 1000213253 ns, Reaching safepoint: 118329 ns, At safepoint: 17116 ns, Total: 135445 ns
[2020-09-11T12:30:07.852+0000][1][safepoint    ] Safepoint "Cleanup", Time since last: 1000265518 ns, Reaching safepoint: 92387 ns, At safepoint: 7028 ns, Total: 99415 ns
[2020-09-11T12:30:08.852+0000][1][safepoint    ] Safepoint "Cleanup", Time since last: 1000175210 ns, Reaching safepoint: 109228 ns, At safepoint: 16344 ns, Total: 125572 ns
[2020-09-11T12:30:09.852+0000][1][safepoint    ] Safepoint "Cleanup", Time since last: 1000233958 ns, Reaching safepoint: 87106 ns, At safepoint: 7268 ns, Total: 94374 ns
[2020-09-11T12:30:10.853+0000][1][safepoint    ] Safepoint "Cleanup", Time since last: 1000186075 ns, Reaching safepoint: 80502 ns, At safepoint: 6540 ns, Total: 87042 ns
[2020-09-11T12:30:11.853+0000][1][safepoint    ] Safepoint "Cleanup", Time since last: 1000177545 ns, Reaching safepoint: 82303 ns, At safepoint: 7239 ns, Total: 89542 ns
[2020-09-11T12:30:12.853+0000][1][safepoint    ] Safepoint "Cleanup", Time since last: 1000198877 ns, Reaching safepoint: 84265 ns, At safepoint: 6343 ns, Total: 90608 ns
[2020-09-11T12:30:13.853+0000][1][safepoint    ] Safepoint "Cleanup", Time since last: 1000177056 ns, Reaching safepoint: 83158 ns, At safepoint: 7639 ns, Total: 90797 ns
[2020-09-11T12:30:14.854+0000][1][safepoint    ] Safepoint "Cleanup", Time since last: 1000175132 ns, Reaching safepoint: 85296 ns, At safepoint: 6574 ns, Total: 91870 ns
[2020-09-11T12:30:15.854+0000][1][safepoint    ] Safepoint "Cleanup", Time since last: 1000191257 ns, Reaching safepoint: 87124 ns, At safepoint: 7753 ns, Total: 94877 ns
[2020-09-11T12:30:16.854+0000][1][safepoint    ] Safepoint "Cleanup", Time since last: 1000170822 ns, Reaching safepoint: 93053 ns, At safepoint: 6306 ns, Total: 99359 ns
[2020-09-11T12:30:17.855+0000][1][safepoint    ] Safepoint "Cleanup", Time since last: 1000188237 ns, Reaching safepoint: 106584 ns, At safepoint: 6942 ns, Total: 113526 ns
[2020-09-11T12:30:18.855+0000][1][safepoint    ] Safepoint "Cleanup", Time since last: 1000184707 ns, Reaching safepoint: 79838 ns, At safepoint: 7880 ns, Total: 87718 ns
[2020-09-11T12:30:19.855+0000][1][safepoint    ] Safepoint "Cleanup", Time since last: 1000175769 ns, Reaching safepoint: 84446 ns, At safepoint: 7223 ns, Total: 91669 ns
[2020-09-11T12:30:20.855+0000][1][safepoint    ] Safepoint "Cleanup", Time since last: 1000176941 ns, Reaching safepoint: 82836 ns, At safepoint: 30534 ns, Total: 113370 ns
[2020-09-11T12:30:21.856+0000][1][safepoint    ] Safepoint "Cleanup", Time since last: 1000198326 ns, Reaching safepoint: 86550 ns, At safepoint: 7530 ns, Total: 94080 ns
[2020-09-11T12:30:22.856+0000][1][safepoint    ] Safepoint "Cleanup", Time since last: 1000182159 ns, Reaching safepoint: 83629 ns, At safepoint: 6850 ns, Total: 90479 ns
[2020-09-11T12:30:23.856+0000][1][safepoint    ] Safepoint "Cleanup", Time since last: 1000218091 ns, Reaching safepoint: 78189 ns, At safepoint: 7659 ns, Total: 85848 ns
[2020-09-11T12:30:24.857+0000][1][safepoint    ] Safepoint "Cleanup", Time since last: 1000191161 ns, Reaching safepoint: 85455 ns, At safepoint: 6600 ns, Total: 92055 ns
[2020-09-11T12:30:25.857+0000][1][safepoint    ] Safepoint "Cleanup", Time since last: 1000191790 ns, Reaching safepoint: 80083 ns, At safepoint: 7339 ns, Total: 87422 ns
[2020-09-11T12:30:26.857+0000][1][safepoint    ] Safepoint "Cleanup", Time since last: 1000188717 ns, Reaching safepoint: 87633 ns, At safepoint: 6550 ns, Total: 94183 ns
[2020-09-11T12:30:27.857+0000][1][safepoint    ] Safepoint "Cleanup", Time since last: 1000164116 ns, Reaching safepoint: 97538 ns, At safepoint: 7714 ns, Total: 105252 ns
[2020-09-11T12:30:28.858+0000][1][safepoint    ] Safepoint "Cleanup", Time since last: 1000112501 ns, Reaching safepoint: 56670 ns, At safepoint: 5766 ns, Total: 62436 ns
[2020-09-11T12:30:29.858+0000][1][safepoint    ] Safepoint "Cleanup", Time since last: 1000148269 ns, Reaching safepoint: 105215 ns, At safepoint: 16451 ns, Total: 121666 ns
[2020-09-11T12:30:30.858+0000][1][safepoint    ] Safepoint "Cleanup", Time since last: 1000219130 ns, Reaching safepoint: 104076 ns, At safepoint: 16441 ns, Total: 120517 ns
[2020-09-11T12:30:31.859+0000][1][safepoint    ] Safepoint "Cleanup", Time since last: 1000221766 ns, Reaching safepoint: 109598 ns, At safepoint: 17808 ns, Total: 127406 ns
[2020-09-11T12:30:32.859+0000][1][safepoint    ] Safepoint "Cleanup", Time since last: 1000183735 ns, Reaching safepoint: 110561 ns, At safepoint: 14694 ns, Total: 125255 ns
[2020-09-11T12:30:33.859+0000][1][safepoint    ] Safepoint "Cleanup", Time since last: 1000215211 ns, Reaching safepoint: 107047 ns, At safepoint: 17861 ns, Total: 124908 ns
[2020-09-11T12:30:34.860+0000][1][safepoint    ] Safepoint "Cleanup", Time since last: 1000277528 ns, Reaching safepoint: 102328 ns, At safepoint: 15295 ns, Total: 117623 ns
[2020-09-11T12:30:35.860+0000][1][safepoint    ] Safepoint "Cleanup", Time since last: 1000226147 ns, Reaching safepoint: 118158 ns, At safepoint: 17931 ns, Total: 136089 ns
[2020-09-11T12:30:36.860+0000][1][safepoint    ] Safepoint "Cleanup", Time since last: 1000223080 ns, Reaching safepoint: 104256 ns, At safepoint: 16989 ns, Total: 121245 ns
[2020-09-11T12:30:37.861+0000][1][safepoint    ] Safepoint "Cleanup", Time since last: 1000182576 ns, Reaching safepoint: 109411 ns, At safepoint: 16355 ns, Total: 125766 ns
[2020-09-11T12:30:38.861+0000][1][safepoint    ] Safepoint "Cleanup", Time since last: 1000219389 ns, Reaching safepoint: 105680 ns, At safepoint: 17142 ns, Total: 122822 ns
[2020-09-11T12:30:39.861+0000][1][safepoint    ] Safepoint "Cleanup", Time since last: 1000238181 ns, Reaching safepoint: 82822 ns, At safepoint: 7149 ns, Total: 89971 ns
[2020-09-11T12:30:40.862+0000][1][safepoint    ] Safepoint "Cleanup", Time since last: 1000167529 ns, Reaching safepoint: 100267 ns, At safepoint: 16542 ns, Total: 116809 ns
[2020-09-11T12:30:41.862+0000][1][safepoint    ] Safepoint "Cleanup", Time since last: 1000209711 ns, Reaching safepoint: 105513 ns, At safepoint: 17410 ns, Total: 122923 ns
[2020-09-11T12:30:42.862+0000][1][safepoint    ] Safepoint "Cleanup", Time since last: 1000215927 ns, Reaching safepoint: 106555 ns, At safepoint: 16521 ns, Total: 123076 ns
[2020-09-11T12:30:43.863+0000][1][safepoint    ] Safepoint "Cleanup", Time since last: 1000213819 ns, Reaching safepoint: 105844 ns, At safepoint: 17483 ns, Total: 123327 ns
[2020-09-11T12:30:44.863+0000][1][safepoint    ] Safepoint "Cleanup", Time since last: 1000226144 ns, Reaching safepoint: 104186 ns, At safepoint: 17109 ns, Total: 121295 ns
[2020-09-11T12:30:45.863+0000][1][safepoint    ] Safepoint "Cleanup", Time since last: 1000247596 ns, Reaching safepoint: 106779 ns, At safepoint: 17216 ns, Total: 123995 ns
[2020-09-11T12:30:46.864+0000][1][safepoint    ] Safepoint "Cleanup", Time since last: 1000228003 ns, Reaching safepoint: 106471 ns, At safepoint: 16906 ns, Total: 123377 ns
[2020-09-11T12:30:47.864+0000][1][safepoint    ] Safepoint "Cleanup", Time since last: 1000218413 ns, Reaching safepoint: 99392 ns, At safepoint: 6781 ns, Total: 106173 ns
[2020-09-11T12:30:48.864+0000][1][safepoint    ] Safepoint "Cleanup", Time since last: 1000176041 ns, Reaching safepoint: 142928 ns, At safepoint: 17664 ns, Total: 160592 ns
[2020-09-11T12:30:49.865+0000][1][safepoint    ] Safepoint "Cleanup", Time since last: 1000200414 ns, Reaching safepoint: 106250 ns, At safepoint: 18770 ns, Total: 125020 ns
[2020-09-11T12:30:50.865+0000][1][safepoint    ] Safepoint "Cleanup", Time since last: 1000246712 ns, Reaching safepoint: 88723 ns, At safepoint: 6766 ns, Total: 95489 ns
[2020-09-11T12:30:51.865+0000][1][safepoint    ] Safepoint "Cleanup", Time since last: 1000177436 ns, Reaching safepoint: 94106 ns, At safepoint: 7107 ns, Total: 101213 ns
[2020-09-11T12:30:52.866+0000][1][safepoint    ] Safepoint "Cleanup", Time since last: 1000203565 ns, Reaching safepoint: 86033 ns, At safepoint: 6358 ns, Total: 92391 ns
[2020-09-11T12:30:53.866+0000][1][safepoint    ] Safepoint "Cleanup", Time since last: 1000183511 ns, Reaching safepoint: 82946 ns, At safepoint: 7317 ns, Total: 90263 ns
[2020-09-11T12:30:54.866+0000][1][safepoint    ] Safepoint "Cleanup", Time since last: 1000191430 ns, Reaching safepoint: 107247 ns, At safepoint: 16772 ns, Total: 124019 ns
[2020-09-11T12:30:55.866+0000][1][safepoint    ] Safepoint "Cleanup", Time since last: 1000225613 ns, Reaching safepoint: 102679 ns, At safepoint: 17350 ns, Total: 120029 ns
[2020-09-11T12:30:56.867+0000][1][safepoint    ] Safepoint "Cleanup", Time since last: 1000242108 ns, Reaching safepoint: 106331 ns, At safepoint: 16869 ns, Total: 123200 ns
[2020-09-11T12:30:57.867+0000][1][safepoint    ] Safepoint "Cleanup", Time since last: 1000227728 ns, Reaching safepoint: 107023 ns, At safepoint: 18569 ns, Total: 125592 ns
[2020-09-11T12:30:58.867+0000][1][safepoint    ] Safepoint "Cleanup", Time since last: 1000252901 ns, Reaching safepoint: 53989 ns, At safepoint: 6160 ns, Total: 60149 ns
[2020-09-11T12:30:59.868+0000][1][safepoint    ] Safepoint "Cleanup", Time since last: 1000160305 ns, Reaching safepoint: 89040 ns, At safepoint: 7102 ns, Total: 96142 ns
[2020-09-11T12:31:00.868+0000][1][safepoint    ] Safepoint "Cleanup", Time since last: 1000174279 ns, Reaching safepoint: 82769 ns, At safepoint: 7622 ns, Total: 90391 ns
[2020-09-11T12:31:01.868+0000][1][safepoint    ] Safepoint "Cleanup", Time since last: 1000184734 ns, Reaching safepoint: 77470 ns, At safepoint: 7219 ns, Total: 84689 ns
[2020-09-11T12:31:02.869+0000][1][safepoint    ] Safepoint "Cleanup", Time since last: 1000196320 ns, Reaching safepoint: 62998 ns, At safepoint: 6294 ns, Total: 69292 ns
[2020-09-11T12:31:03.869+0000][1][safepoint    ] Safepoint "Cleanup", Time since last: 1000188102 ns, Reaching safepoint: 104015 ns, At safepoint: 18045 ns, Total: 122060 ns
[2020-09-11T12:31:04.869+0000][1][safepoint    ] Safepoint "Cleanup", Time since last: 1000225180 ns, Reaching safepoint: 104807 ns, At safepoint: 17844 ns, Total: 122651 ns
[2020-09-11T12:31:05.870+0000][1][safepoint    ] Safepoint "Cleanup", Time since last: 1000258128 ns, Reaching safepoint: 112592 ns, At safepoint: 20410 ns, Total: 133002 ns
[2020-09-11T12:31:06.870+0000][1][safepoint    ] Safepoint "Cleanup", Time since last: 1000213067 ns, Reaching safepoint: 82190 ns, At safepoint: 6782 ns, Total: 88972 ns
[2020-09-11T12:31:07.870+0000][1][safepoint    ] Safepoint "Cleanup", Time since last: 1000193301 ns, Reaching safepoint: 107921 ns, At safepoint: 19017 ns, Total: 126938 ns
[2020-09-11T12:31:08.871+0000][1][safepoint    ] Safepoint "Cleanup", Time since last: 1000222153 ns, Reaching safepoint: 125118 ns, At safepoint: 19281 ns, Total: 144399 ns
[2020-09-11T12:31:09.871+0000][1][safepoint    ] Safepoint "Cleanup", Time since last: 1000200810 ns, Reaching safepoint: 108963 ns, At safepoint: 17237 ns, Total: 126200 ns
[2020-09-11T12:31:10.871+0000][1][safepoint    ] Safepoint "Cleanup", Time since last: 1000283084 ns, Reaching safepoint: 79136 ns, At safepoint: 7684 ns, Total: 86820 ns
[2020-09-11T12:31:10.938+0000][1][gc,start     ] GC(77) Pause Young (Allocation Failure)
[2020-09-11T12:31:10.938+0000][1][gc,task      ] GC(77) Using 1 workers of 1 for evacuation
[2020-09-11T12:31:10.950+0000][1][gc,age       ] GC(77) Desired survivor size 4358144 bytes, new threshold 6 (max threshold 6)
[2020-09-11T12:31:10.950+0000][1][gc,age       ] GC(77) Age table with threshold 6 (max threshold 6)
[2020-09-11T12:31:10.950+0000][1][gc,age       ] GC(77) - age   1:       5640 bytes,       5640 total
[2020-09-11T12:31:10.951+0000][1][gc,age       ] GC(77) - age   2:       3128 bytes,       8768 total
[2020-09-11T12:31:10.951+0000][1][gc,age       ] GC(77) - age   3:       2520 bytes,      11288 total
[2020-09-11T12:31:10.951+0000][1][gc,age       ] GC(77) - age   4:        656 bytes,      11944 total
[2020-09-11T12:31:10.951+0000][1][gc,age       ] GC(77) - age   5:       1304 bytes,      13248 total
[2020-09-11T12:31:10.951+0000][1][gc,age       ] GC(77) - age   6:       1664 bytes,      14912 total
[2020-09-11T12:31:10.951+0000][1][gc,heap      ] GC(77) ParNew: 68179K->18K(76672K)
[2020-09-11T12:31:10.951+0000][1][gc,heap      ] GC(77) CMS: 97637K->97638K(2011968K)
[2020-09-11T12:31:10.951+0000][1][gc,metaspace ] GC(77) Metaspace: 73610K->73610K(1116160K)
[2020-09-11T12:31:10.951+0000][1][gc           ] GC(77) Pause Young (Allocation Failure) 161M->95M(2039M) 12.327ms
[2020-09-11T12:31:10.951+0000][1][gc,cpu       ] GC(77) User=0.01s Sys=0.00s Real=0.01s
[2020-09-11T12:31:10.951+0000][1][safepoint    ] Safepoint "GenCollectForAllocation", Time since last: 66812834 ns, Reaching safepoint: 174013 ns, At safepoint: 12404424 ns, Total: 12578437 ns
[2020-09-11T12:31:11.955+0000][1][safepoint    ] Safepoint "Cleanup", Time since last: 1003824454 ns, Reaching safepoint: 100294 ns, At safepoint: 44285 ns, Total: 144579 ns
[2020-09-11T12:31:12.955+0000][1][safepoint    ] Safepoint "Cleanup", Time since last: 1000387758 ns, Reaching safepoint: 88163 ns, At safepoint: 36958 ns, Total: 125121 ns
[2020-09-11T12:31:13.956+0000][1][safepoint    ] Safepoint "Cleanup", Time since last: 1000307062 ns, Reaching safepoint: 85032 ns, At safepoint: 39805 ns, Total: 124837 ns
[2020-09-11T12:31:14.959+0000][1][safepoint    ] Safepoint "Cleanup", Time since last: 1001132472 ns, Reaching safepoint: 224239 ns, At safepoint: 1613768 ns, Total: 1838007 ns
[2020-09-11T12:31:15.959+0000][1][safepoint    ] Safepoint "Cleanup", Time since last: 1000218695 ns, Reaching safepoint: 71322 ns, At safepoint: 6656 ns, Total: 77978 ns
[2020-09-11T12:31:16.959+0000][1][safepoint    ] Safepoint "Cleanup", Time since last: 1000189060 ns, Reaching safepoint: 81337 ns, At safepoint: 6487 ns, Total: 87824 ns
[2020-09-11T12:31:17.959+0000][1][safepoint    ] Safepoint "Cleanup", Time since last: 1000198646 ns, Reaching safepoint: 88871 ns, At safepoint: 6565 ns, Total: 95436 ns
[2020-09-11T12:31:18.960+0000][1][safepoint    ] Safepoint "Cleanup", Time since last: 1000169833 ns, Reaching safepoint: 73711 ns, At safepoint: 7103 ns, Total: 80814 ns
[2020-09-11T12:31:19.960+0000][1][safepoint    ] Safepoint "Cleanup", Time since last: 1000132553 ns, Reaching safepoint: 92254 ns, At safepoint: 6394 ns, Total: 98648 ns
[2020-09-11T12:31:20.962+0000][1][safepoint    ] Safepoint "Cleanup", Time since last: 1001263244 ns, Reaching safepoint: 434594 ns, At safepoint: 8010 ns, Total: 442604 ns
[2020-09-11T12:31:21.962+0000][1][safepoint    ] Safepoint "Cleanup", Time since last: 1000124005 ns, Reaching safepoint: 217774 ns, At safepoint: 18766 ns, Total: 236540 ns
[2020-09-11T12:31:22.962+0000][1][safepoint    ] Safepoint "Cleanup", Time since last: 1000179724 ns, Reaching safepoint: 82268 ns, At safepoint: 5840 ns, Total: 88108 ns
[2020-09-11T12:31:23.964+0000][1][safepoint    ] Safepoint "Cleanup", Time since last: 1001510206 ns, Reaching safepoint: 57082 ns, At safepoint: 7655 ns, Total: 64737 ns
[2020-09-11T12:31:24.964+0000][1][safepoint    ] Safepoint "Cleanup", Time since last: 1000188053 ns, Reaching safepoint: 76058 ns, At safepoint: 6255 ns, Total: 82313 ns
[2020-09-11T12:31:25.964+0000][1][safepoint    ] Safepoint "Cleanup", Time since last: 1000145099 ns, Reaching safepoint: 93714 ns, At safepoint: 6060 ns, Total: 99774 ns
[2020-09-11T12:31:26.966+0000][1][safepoint    ] Safepoint "Cleanup", Time since last: 1001605229 ns, Reaching safepoint: 204152 ns, At safepoint: 16752 ns, Total: 220904 ns
[2020-09-11T12:31:27.967+0000][1][safepoint    ] Safepoint "Cleanup", Time since last: 1000154498 ns, Reaching safepoint: 314022 ns, At safepoint: 19548 ns, Total: 333570 ns
[2020-09-11T12:31:28.967+0000][1][safepoint    ] Safepoint "Cleanup", Time since last: 1000158628 ns, Reaching safepoint: 229373 ns, At safepoint: 19221 ns, Total: 248594 ns
[2020-09-11T12:31:29.968+0000][1][safepoint    ] Safepoint "Cleanup", Time since last: 1000405421 ns, Reaching safepoint: 229063 ns, At safepoint: 19635 ns, Total: 248698 ns
[2020-09-11T12:31:30.968+0000][1][safepoint    ] Safepoint "Cleanup", Time since last: 1000156824 ns, Reaching safepoint: 200147 ns, At safepoint: 17841 ns, Total: 217988 ns
[2020-09-11T12:31:31.968+0000][1][safepoint    ] Safepoint "Cleanup", Time since last: 1000173114 ns, Reaching safepoint: 110524 ns, At safepoint: 15900 ns, Total: 126424 ns
[2020-09-11T12:31:32.969+0000][1][safepoint    ] Safepoint "Cleanup", Time since last: 1000203335 ns, Reaching safepoint: 83847 ns, At safepoint: 6454 ns, Total: 90301 ns
[2020-09-11T12:31:33.969+0000][1][safepoint    ] Safepoint "Cleanup", Time since last: 1000139601 ns, Reaching safepoint: 103855 ns, At safepoint: 18008 ns, Total: 121863 ns
[2020-09-11T12:31:34.969+0000][1][safepoint    ] Safepoint "Cleanup", Time since last: 1000209007 ns, Reaching safepoint: 81650 ns, At safepoint: 5928 ns, Total: 87578 ns
[2020-09-11T12:31:35.969+0000][1][safepoint    ] Safepoint "Cleanup", Time since last: 1000129006 ns, Reaching safepoint: 104079 ns, At safepoint: 7996 ns, Total: 112075 ns
[2020-09-11T12:31:36.970+0000][1][safepoint    ] Safepoint "Cleanup", Time since last: 1000188027 ns, Reaching safepoint: 102722 ns, At safepoint: 17090 ns, Total: 119812 ns
[2020-09-11T12:31:37.970+0000][1][safepoint    ] Safepoint "Cleanup", Time since last: 1000192918 ns, Reaching safepoint: 90749 ns, At safepoint: 16174 ns, Total: 106923 ns
[2020-09-11T12:31:38.970+0000][1][safepoint    ] Safepoint "Cleanup", Time since last: 1000202591 ns, Reaching safepoint: 84462 ns, At safepoint: 5575 ns, Total: 90037 ns
[2020-09-11T12:31:39.971+0000][1][safepoint    ] Safepoint "Cleanup", Time since last: 1000164526 ns, Reaching safepoint: 90611 ns, At safepoint: 6412 ns, Total: 97023 ns
[2020-09-11T12:31:40.971+0000][1][safepoint    ] Safepoint "Cleanup", Time since last: 1000216791 ns, Reaching safepoint: 67329 ns, At safepoint: 7147 ns, Total: 74476 ns
[2020-09-11T12:31:41.971+0000][1][safepoint    ] Safepoint "Cleanup", Time since last: 1000175174 ns, Reaching safepoint: 95148 ns, At safepoint: 5637 ns, Total: 100785 ns
[2020-09-11T12:31:42.971+0000][1][safepoint    ] Safepoint "Cleanup", Time since last: 1000158660 ns, Reaching safepoint: 103974 ns, At safepoint: 5468 ns, Total: 109442 ns
[2020-09-11T12:31:43.972+0000][1][safepoint    ] Safepoint "Cleanup", Time since last: 1000126701 ns, Reaching safepoint: 84979 ns, At safepoint: 7205 ns, Total: 92184 ns
[2020-09-11T12:31:44.972+0000][1][safepoint    ] Safepoint "Cleanup", Time since last: 1000171349 ns, Reaching safepoint: 83077 ns, At safepoint: 6356 ns, Total: 89433 ns
[2020-09-11T12:31:45.972+0000][1][safepoint    ] Safepoint "Cleanup", Time since last: 1000192573 ns, Reaching safepoint: 79478 ns, At safepoint: 8470 ns, Total: 87948 ns
[2020-09-11T12:31:46.973+0000][1][safepoint    ] Safepoint "Cleanup", Time since last: 1000164174 ns, Reaching safepoint: 95346 ns, At safepoint: 15933 ns, Total: 111279 ns
[2020-09-11T12:31:47.973+0000][1][safepoint    ] Safepoint "Cleanup", Time since last: 1000225332 ns, Reaching safepoint: 94493 ns, At safepoint: 7197 ns, Total: 101690 ns
[2020-09-11T12:31:48.973+0000][1][safepoint    ] Safepoint "Cleanup", Time since last: 1000186663 ns, Reaching safepoint: 78590 ns, At safepoint: 6056 ns, Total: 84646 ns
[2020-09-11T12:31:49.973+0000][1][safepoint    ] Safepoint "Cleanup", Time since last: 1000163714 ns, Reaching safepoint: 97113 ns, At safepoint: 7070 ns, Total: 104183 ns
[2020-09-11T12:31:50.974+0000][1][safepoint    ] Safepoint "Cleanup", Time since last: 1000129988 ns, Reaching safepoint: 100898 ns, At safepoint: 15021 ns, Total: 115919 ns
[2020-09-11T12:31:51.974+0000][1][safepoint    ] Safepoint "Cleanup", Time since last: 1000177370 ns, Reaching safepoint: 98934 ns, At safepoint: 16324 ns, Total: 115258 ns
[2020-09-11T12:31:52.974+0000][1][safepoint    ] Safepoint "Cleanup", Time since last: 1000210132 ns, Reaching safepoint: 52591 ns, At safepoint: 6301 ns, Total: 58892 ns
[2020-09-11T12:31:53.974+0000][1][safepoint    ] Safepoint "Cleanup", Time since last: 1000169086 ns, Reaching safepoint: 76914 ns, At safepoint: 7211 ns, Total: 84125 ns
[2020-09-11T12:31:54.975+0000][1][safepoint    ] Safepoint "Cleanup", Time since last: 1000126549 ns, Reaching safepoint: 95002 ns, At safepoint: 14570 ns, Total: 109572 ns
[2020-09-11T12:31:55.975+0000][1][safepoint    ] Safepoint "Cleanup", Time since last: 1000228395 ns, Reaching safepoint: 88573 ns, At safepoint: 6580 ns, Total: 95153 ns
[2020-09-11T12:31:56.975+0000][1][safepoint    ] Safepoint "Cleanup", Time since last: 1000169342 ns, Reaching safepoint: 80484 ns, At safepoint: 5849 ns, Total: 86333 ns
[2020-09-11T12:31:57.976+0000][1][safepoint    ] Safepoint "Cleanup", Time since last: 1000182042 ns, Reaching safepoint: 99236 ns, At safepoint: 8198 ns, Total: 107434 ns
[2020-09-11T12:31:58.976+0000][1][safepoint    ] Safepoint "Cleanup", Time since last: 1000170684 ns, Reaching safepoint: 98016 ns, At safepoint: 15605 ns, Total: 113621 ns
[2020-09-11T12:31:59.976+0000][1][safepoint    ] Safepoint "Cleanup", Time since last: 1000224462 ns, Reaching safepoint: 82613 ns, At safepoint: 6690 ns, Total: 89303 ns
[2020-09-11T12:32:00.976+0000][1][safepoint    ] Safepoint "Cleanup", Time since last: 1000176624 ns, Reaching safepoint: 80272 ns, At safepoint: 6063 ns, Total: 86335 ns
[2020-09-11T12:32:01.977+0000][1][safepoint    ] Safepoint "Cleanup", Time since last: 1000157058 ns, Reaching safepoint: 99743 ns, At safepoint: 16488 ns, Total: 116231 ns
[2020-09-11T12:32:02.977+0000][1][safepoint    ] Safepoint "Cleanup", Time since last: 1000216793 ns, Reaching safepoint: 96899 ns, At safepoint: 16070 ns, Total: 112969 ns
[2020-09-11T12:32:03.977+0000][1][safepoint    ] Safepoint "Cleanup", Time since last: 1000206329 ns, Reaching safepoint: 112923 ns, At safepoint: 18863 ns, Total: 131786 ns
[2020-09-11T12:32:04.978+0000][1][safepoint    ] Safepoint "Cleanup", Time since last: 1000203039 ns, Reaching safepoint: 86821 ns, At safepoint: 6078 ns, Total: 92899 ns
[2020-09-11T12:32:05.978+0000][1][safepoint    ] Safepoint "Cleanup", Time since last: 1000158101 ns, Reaching safepoint: 94036 ns, At safepoint: 16562 ns, Total: 110598 ns
[2020-09-11T12:32:06.978+0000][1][safepoint    ] Safepoint "Cleanup", Time since last: 1000165098 ns, Reaching safepoint: 90835 ns, At safepoint: 15562 ns, Total: 106397 ns
[2020-09-11T12:32:07.978+0000][1][safepoint    ] Safepoint "Cleanup", Time since last: 1000169964 ns, Reaching safepoint: 100878 ns, At safepoint: 16054 ns, Total: 116932 ns
[2020-09-11T12:32:08.979+0000][1][safepoint    ] Safepoint "Cleanup", Time since last: 1000172155 ns, Reaching safepoint: 91511 ns, At safepoint: 14804 ns, Total: 106315 ns
[2020-09-11T12:32:09.979+0000][1][safepoint    ] Safepoint "Cleanup", Time since last: 1000202044 ns, Reaching safepoint: 99946 ns, At safepoint: 17129 ns, Total: 117075 ns
[2020-09-11T12:32:10.979+0000][1][safepoint    ] Safepoint "Cleanup", Time since last: 1000222894 ns, Reaching safepoint: 96455 ns, At safepoint: 62938 ns, Total: 159393 ns
[2020-09-11T12:32:11.980+0000][1][safepoint    ] Safepoint "Cleanup", Time since last: 1000256216 ns, Reaching safepoint: 80497 ns, At safepoint: 6984 ns, Total: 87481 ns
[2020-09-11T12:32:12.980+0000][1][safepoint    ] Safepoint "Cleanup", Time since last: 1000175823 ns, Reaching safepoint: 100851 ns, At safepoint: 16094 ns, Total: 116945 ns
[2020-09-11T12:32:13.980+0000][1][safepoint    ] Safepoint "Cleanup", Time since last: 1000206236 ns, Reaching safepoint: 89582 ns, At safepoint: 16609 ns, Total: 106191 ns
[2020-09-11T12:32:14.981+0000][1][safepoint    ] Safepoint "Cleanup", Time since last: 1000192647 ns, Reaching safepoint: 95693 ns, At safepoint: 16291 ns, Total: 111984 ns
[2020-09-11T12:32:15.981+0000][1][safepoint    ] Safepoint "Cleanup", Time since last: 1000224515 ns, Reaching safepoint: 97460 ns, At safepoint: 16755 ns, Total: 114215 ns
[2020-09-11T12:32:16.981+0000][1][safepoint    ] Safepoint "Cleanup", Time since last: 1000205561 ns, Reaching safepoint: 94213 ns, At safepoint: 15756 ns, Total: 109969 ns
[2020-09-11T12:32:17.982+0000][1][safepoint    ] Safepoint "Cleanup", Time since last: 1000162054 ns, Reaching safepoint: 96926 ns, At safepoint: 14523 ns, Total: 111449 ns
[2020-09-11T12:32:18.982+0000][1][safepoint    ] Safepoint "Cleanup", Time since last: 1000213319 ns, Reaching safepoint: 94106 ns, At safepoint: 15903 ns, Total: 110009 ns
[2020-09-11T12:32:19.982+0000][1][safepoint    ] Safepoint "Cleanup", Time since last: 1000184884 ns, Reaching safepoint: 82113 ns, At safepoint: 6898 ns, Total: 89011 ns
[2020-09-11T12:32:20.983+0000][1][safepoint    ] Safepoint "Cleanup", Time since last: 1000146294 ns, Reaching safepoint: 123751 ns, At safepoint: 16525 ns, Total: 140276 ns
[2020-09-11T12:32:22.064+0000][1][safepoint    ] Safepoint "Cleanup", Time since last: 1081054572 ns, Reaching safepoint: 109674 ns, At safepoint: 6493 ns, Total: 116167 ns
[2020-09-11T12:32:23.064+0000][1][safepoint    ] Safepoint "Cleanup", Time since last: 1000186601 ns, Reaching safepoint: 71838 ns, At safepoint: 5872 ns, Total: 77710 ns
[2020-09-11T12:32:24.064+0000][1][safepoint    ] Safepoint "Cleanup", Time since last: 1000179071 ns, Reaching safepoint: 89950 ns, At safepoint: 16858 ns, Total: 106808 ns
[2020-09-11T12:32:25.065+0000][1][safepoint    ] Safepoint "Cleanup", Time since last: 1000250980 ns, Reaching safepoint: 55149 ns, At safepoint: 6378 ns, Total: 61527 ns
[2020-09-11T12:32:26.061+0000][1][gc,start     ] GC(78) Pause Young (Allocation Failure)
[2020-09-11T12:32:26.061+0000][1][gc,task      ] GC(78) Using 1 workers of 1 for evacuation
[2020-09-11T12:32:26.073+0000][1][gc,age       ] GC(78) Desired survivor size 4358144 bytes, new threshold 6 (max threshold 6)
[2020-09-11T12:32:26.073+0000][1][gc,age       ] GC(78) Age table with threshold 6 (max threshold 6)
[2020-09-11T12:32:26.073+0000][1][gc,age       ] GC(78) - age   1:       6184 bytes,       6184 total
[2020-09-11T12:32:26.073+0000][1][gc,age       ] GC(78) - age   2:        608 bytes,       6792 total
[2020-09-11T12:32:26.073+0000][1][gc,age       ] GC(78) - age   3:       3128 bytes,       9920 total
[2020-09-11T12:32:26.073+0000][1][gc,age       ] GC(78) - age   4:       1984 bytes,      11904 total
[2020-09-11T12:32:26.073+0000][1][gc,age       ] GC(78) - age   5:        656 bytes,      12560 total
[2020-09-11T12:32:26.073+0000][1][gc,age       ] GC(78) - age   6:       1304 bytes,      13864 total
[2020-09-11T12:32:26.073+0000][1][gc,heap      ] GC(78) ParNew: 68178K->15K(76672K)
[2020-09-11T12:32:26.073+0000][1][gc,heap      ] GC(78) CMS: 97638K->97640K(2011968K)
[2020-09-11T12:32:26.073+0000][1][gc,metaspace ] GC(78) Metaspace: 73622K->73622K(1116160K)
[2020-09-11T12:32:26.073+0000][1][gc           ] GC(78) Pause Young (Allocation Failure) 161M->95M(2039M) 12.066ms
[2020-09-11T12:32:26.073+0000][1][gc,cpu       ] GC(78) User=0.01s Sys=0.00s Real=0.01s
[2020-09-11T12:32:26.074+0000][1][safepoint    ] Safepoint "GenCollectForAllocation", Time since last: 996694778 ns, Reaching safepoint: 178838 ns, At safepoint: 12134158 ns, Total: 12312996 ns
[2020-09-11T12:32:27.080+0000][1][safepoint    ] Safepoint "Cleanup", Time since last: 1005775205 ns, Reaching safepoint: 210176 ns, At safepoint: 45455 ns, Total: 255631 ns
[2020-09-11T12:32:28.080+0000][1][safepoint    ] Safepoint "Cleanup", Time since last: 1000531749 ns, Reaching safepoint: 224108 ns, At safepoint: 45434 ns, Total: 269542 ns
[2020-09-11T12:32:29.081+0000][1][safepoint    ] Safepoint "Cleanup", Time since last: 1000830735 ns, Reaching safepoint: 44648 ns, At safepoint: 18837 ns, Total: 63485 ns
[2020-09-11T12:32:30.082+0000][1][safepoint    ] Safepoint "Cleanup", Time since last: 1000162775 ns, Reaching safepoint: 75630 ns, At safepoint: 17788 ns, Total: 93418 ns
[2020-09-11T12:32:31.082+0000][1][safepoint    ] Safepoint "Cleanup", Time since last: 1000398662 ns, Reaching safepoint: 163972 ns, At safepoint: 6805 ns, Total: 170777 ns
[2020-09-11T12:32:32.082+0000][1][safepoint    ] Safepoint "Cleanup", Time since last: 1000132503 ns, Reaching safepoint: 62788 ns, At safepoint: 4642 ns, Total: 67430 ns
[2020-09-11T12:32:33.083+0000][1][safepoint    ] Safepoint "Cleanup", Time since last: 1000159202 ns, Reaching safepoint: 75170 ns, At safepoint: 6684 ns, Total: 81854 ns
[2020-09-11T12:32:34.084+0000][1][safepoint    ] Safepoint "Cleanup", Time since last: 1000945269 ns, Reaching safepoint: 223734 ns, At safepoint: 19552 ns, Total: 243286 ns
[2020-09-11T12:32:35.084+0000][1][safepoint    ] Safepoint "Cleanup", Time since last: 1000189839 ns, Reaching safepoint: 79818 ns, At safepoint: 6930 ns, Total: 86748 ns
[2020-09-11T12:32:36.084+0000][1][safepoint    ] Safepoint "Cleanup", Time since last: 1000098100 ns, Reaching safepoint: 188986 ns, At safepoint: 7370 ns, Total: 196356 ns
[2020-09-11T12:32:37.085+0000][1][safepoint    ] Safepoint "Cleanup", Time since last: 1000182312 ns, Reaching safepoint: 80963 ns, At safepoint: 6558 ns, Total: 87521 ns
[2020-09-11T12:32:38.085+0000][1][safepoint    ] Safepoint "Cleanup", Time since last: 1000120754 ns, Reaching safepoint: 102428 ns, At safepoint: 14821 ns, Total: 117249 ns
[2020-09-11T12:32:39.085+0000][1][safepoint    ] Safepoint "Cleanup", Time since last: 1000243423 ns, Reaching safepoint: 78656 ns, At safepoint: 6517 ns, Total: 85173 ns
[2020-09-11T12:32:40.085+0000][1][safepoint    ] Safepoint "Cleanup", Time since last: 1000178598 ns, Reaching safepoint: 82903 ns, At safepoint: 6267 ns, Total: 89170 ns
[2020-09-11T12:32:41.086+0000][1][safepoint    ] Safepoint "Cleanup", Time since last: 1000096500 ns, Reaching safepoint: 48932 ns, At safepoint: 6601 ns, Total: 55533 ns
[2020-09-11T12:32:42.086+0000][1][safepoint    ] Safepoint "Cleanup", Time since last: 1000136744 ns, Reaching safepoint: 104651 ns, At safepoint: 15452 ns, Total: 120103 ns
[2020-09-11T12:32:43.086+0000][1][safepoint    ] Safepoint "Cleanup", Time since last: 1000175623 ns, Reaching safepoint: 103224 ns, At safepoint: 16327 ns, Total: 119551 ns
[2020-09-11T12:32:44.086+0000][1][safepoint    ] Safepoint "Cleanup", Time since last: 1000207774 ns, Reaching safepoint: 96271 ns, At safepoint: 16949 ns, Total: 113220 ns
[2020-09-11T12:32:45.087+0000][1][safepoint    ] Safepoint "Cleanup", Time since last: 1000197232 ns, Reaching safepoint: 82228 ns, At safepoint: 6491 ns, Total: 88719 ns
[2020-09-11T12:32:46.087+0000][1][safepoint    ] Safepoint "Cleanup", Time since last: 1000149662 ns, Reaching safepoint: 94683 ns, At safepoint: 5968 ns, Total: 100651 ns
[2020-09-11T12:32:47.087+0000][1][safepoint    ] Safepoint "Cleanup", Time since last: 1000179787 ns, Reaching safepoint: 81159 ns, At safepoint: 6684 ns, Total: 87843 ns
[2020-09-11T12:32:48.087+0000][1][safepoint    ] Safepoint "Cleanup", Time since last: 1000177851 ns, Reaching safepoint: 73067 ns, At safepoint: 6232 ns, Total: 79299 ns
[2020-09-11T12:32:49.088+0000][1][safepoint    ] Safepoint "Cleanup", Time since last: 1000168808 ns, Reaching safepoint: 96020 ns, At safepoint: 17344 ns, Total: 113364 ns
[2020-09-11T12:32:50.088+0000][1][safepoint    ] Safepoint "Cleanup", Time since last: 1000206800 ns, Reaching safepoint: 100901 ns, At safepoint: 16007 ns, Total: 116908 ns
[2020-09-11T12:32:51.088+0000][1][safepoint    ] Safepoint "Cleanup", Time since last: 1000205013 ns, Reaching safepoint: 105543 ns, At safepoint: 17323 ns, Total: 122866 ns
[2020-09-11T12:32:52.089+0000][1][safepoint    ] Safepoint "Cleanup", Time since last: 1000223377 ns, Reaching safepoint: 101573 ns, At safepoint: 22599 ns, Total: 124172 ns
[2020-09-11T12:32:53.089+0000][1][safepoint    ] Safepoint "Cleanup", Time since last: 1000201951 ns, Reaching safepoint: 102485 ns, At safepoint: 17373 ns, Total: 119858 ns
[2020-09-11T12:32:54.089+0000][1][safepoint    ] Safepoint "Cleanup", Time since last: 1000239223 ns, Reaching safepoint: 105051 ns, At safepoint: 17755 ns, Total: 122806 ns
[2020-09-11T12:32:55.090+0000][1][safepoint    ] Safepoint "Cleanup", Time since last: 1000226144 ns, Reaching safepoint: 85557 ns, At safepoint: 6662 ns, Total: 92219 ns
[2020-09-11T12:32:56.090+0000][1][safepoint    ] Safepoint "Cleanup", Time since last: 1000169010 ns, Reaching safepoint: 85108 ns, At safepoint: 5809 ns, Total: 90917 ns
[2020-09-11T12:32:57.090+0000][1][safepoint    ] Safepoint "Cleanup", Time since last: 1000173793 ns, Reaching safepoint: 79095 ns, At safepoint: 15173 ns, Total: 94268 ns
[2020-09-11T12:32:58.091+0000][1][safepoint    ] Safepoint "Cleanup", Time since last: 1000155505 ns, Reaching safepoint: 99101 ns, At safepoint: 15896 ns, Total: 114997 ns
[2020-09-11T12:32:59.091+0000][1][safepoint    ] Safepoint "Cleanup", Time since last: 1000199742 ns, Reaching safepoint: 97942 ns, At safepoint: 17046 ns, Total: 114988 ns
[2020-09-11T12:33:00.091+0000][1][safepoint    ] Safepoint "Cleanup", Time since last: 1000199759 ns, Reaching safepoint: 74235 ns, At safepoint: 6279 ns, Total: 80514 ns
[2020-09-11T12:33:01.091+0000][1][safepoint    ] Safepoint "Cleanup", Time since last: 1000173100 ns, Reaching safepoint: 89110 ns, At safepoint: 6594 ns, Total: 95704 ns
[2020-09-11T12:33:02.092+0000][1][safepoint    ] Safepoint "Cleanup", Time since last: 1000130996 ns, Reaching safepoint: 52811 ns, At safepoint: 5683 ns, Total: 58494 ns
[2020-09-11T12:33:03.092+0000][1][safepoint    ] Safepoint "Cleanup", Time since last: 1000171499 ns, Reaching safepoint: 70930 ns, At safepoint: 6901 ns, Total: 77831 ns
[2020-09-11T12:33:04.092+0000][1][safepoint    ] Safepoint "Cleanup", Time since last: 1000119939 ns, Reaching safepoint: 96375 ns, At safepoint: 5384 ns, Total: 101759 ns
[2020-09-11T12:33:05.092+0000][1][safepoint    ] Safepoint "Cleanup", Time since last: 1000172788 ns, Reaching safepoint: 87631 ns, At safepoint: 6671 ns, Total: 94302 ns
[2020-09-11T12:33:06.093+0000][1][safepoint    ] Safepoint "Cleanup", Time since last: 1000167089 ns, Reaching safepoint: 98360 ns, At safepoint: 16103 ns, Total: 114463 ns
[2020-09-11T12:33:07.093+0000][1][safepoint    ] Safepoint "Cleanup", Time since last: 1000211345 ns, Reaching safepoint: 94808 ns, At safepoint: 16731 ns, Total: 111539 ns
[2020-09-11T12:33:08.093+0000][1][safepoint    ] Safepoint "Cleanup", Time since last: 1000158614 ns, Reaching safepoint: 95815 ns, At safepoint: 6337 ns, Total: 102152 ns
[2020-09-11T12:33:09.094+0000][1][safepoint    ] Safepoint "Cleanup", Time since last: 1000178834 ns, Reaching safepoint: 106688 ns, At safepoint: 18102 ns, Total: 124790 ns
[2020-09-11T12:33:10.094+0000][1][safepoint    ] Safepoint "Cleanup", Time since last: 1000213634 ns, Reaching safepoint: 96802 ns, At safepoint: 14794 ns, Total: 111596 ns
[2020-09-11T12:33:11.094+0000][1][safepoint    ] Safepoint "Cleanup", Time since last: 1000188453 ns, Reaching safepoint: 90535 ns, At safepoint: 16501 ns, Total: 107036 ns
[2020-09-11T12:33:12.094+0000][1][safepoint    ] Safepoint "Cleanup", Time since last: 1000202207 ns, Reaching safepoint: 104440 ns, At safepoint: 17577 ns, Total: 122017 ns
[2020-09-11T12:33:13.099+0000][1][safepoint    ] Safepoint "Cleanup", Time since last: 1004363566 ns, Reaching safepoint: 106786 ns, At safepoint: 17015 ns, Total: 123801 ns
[2020-09-11T12:33:14.099+0000][1][safepoint    ] Safepoint "Cleanup", Time since last: 1000191139 ns, Reaching safepoint: 96465 ns, At safepoint: 15168 ns, Total: 111633 ns
[2020-09-11T12:33:15.100+0000][1][safepoint    ] Safepoint "Cleanup", Time since last: 1000265888 ns, Reaching safepoint: 97000 ns, At safepoint: 16294 ns, Total: 113294 ns
[2020-09-11T12:33:16.100+0000][1][safepoint    ] Safepoint "Cleanup", Time since last: 1000199449 ns, Reaching safepoint: 97320 ns, At safepoint: 15743 ns, Total: 113063 ns
[2020-09-11T12:33:17.100+0000][1][safepoint    ] Safepoint "Cleanup", Time since last: 1000188398 ns, Reaching safepoint: 96455 ns, At safepoint: 16725 ns, Total: 113180 ns
[2020-09-11T12:33:18.101+0000][1][safepoint    ] Safepoint "Cleanup", Time since last: 1000168744 ns, Reaching safepoint: 93667 ns, At safepoint: 5678 ns, Total: 99345 ns
[2020-09-11T12:33:19.101+0000][1][safepoint    ] Safepoint "Cleanup", Time since last: 1000169342 ns, Reaching safepoint: 76725 ns, At safepoint: 6942 ns, Total: 83667 ns
[2020-09-11T12:33:20.101+0000][1][safepoint    ] Safepoint "Cleanup", Time since last: 1000102442 ns, Reaching safepoint: 63108 ns, At safepoint: 9518 ns, Total: 72626 ns
[2020-09-11T12:33:21.101+0000][1][safepoint    ] Safepoint "Cleanup", Time since last: 1000129661 ns, Reaching safepoint: 62403 ns, At safepoint: 7136 ns, Total: 69539 ns
[2020-09-11T12:33:22.102+0000][1][safepoint    ] Safepoint "Cleanup", Time since last: 1000201805 ns, Reaching safepoint: 142995 ns, At safepoint: 19255 ns, Total: 162250 ns
[2020-09-11T12:33:23.028+0000][1][safepoint    ] Safepoint "RevokeBias", Time since last: 925965007 ns, Reaching safepoint: 127338 ns, At safepoint: 15853 ns, Total: 143191 ns
[2020-09-11T12:33:23.028+0000][1][safepoint    ] Safepoint "RevokeBias", Time since last: 106311 ns, Reaching safepoint: 92930 ns, At safepoint: 5951 ns, Total: 98881 ns
[2020-09-11T12:33:23.028+0000][1][safepoint    ] Safepoint "RevokeBias", Time since last: 435722 ns, Reaching safepoint: 153265 ns, At safepoint: 8412 ns, Total: 161677 ns
[2020-09-11T12:33:23.029+0000][1][safepoint    ] Safepoint "RevokeBias", Time since last: 168621 ns, Reaching safepoint: 125224 ns, At safepoint: 8241 ns, Total: 133465 ns
[2020-09-11T12:33:23.029+0000][1][safepoint    ] Safepoint "RevokeBias", Time since last: 528906 ns, Reaching safepoint: 94660 ns, At safepoint: 6639 ns, Total: 101299 ns
[2020-09-11T12:33:23.030+0000][1][safepoint    ] Safepoint "RevokeBias", Time since last: 72090 ns, Reaching safepoint: 91190 ns, At safepoint: 6797 ns, Total: 97987 ns
[2020-09-11T12:33:23.030+0000][1][safepoint    ] Safepoint "RevokeBias", Time since last: 36476 ns, Reaching safepoint: 101658 ns, At safepoint: 6241 ns, Total: 107899 ns
[2020-09-11T12:33:23.031+0000][1][safepoint    ] Safepoint "RevokeBias", Time since last: 640230 ns, Reaching safepoint: 770634 ns, At safepoint: 8877 ns, Total: 779511 ns
[2020-09-11T12:33:23.031+0000][1][safepoint    ] Safepoint "RevokeBias", Time since last: 101268 ns, Reaching safepoint: 155912 ns, At safepoint: 5914 ns, Total: 161826 ns
[2020-09-11T12:33:23.032+0000][1][safepoint    ] Safepoint "RevokeBias", Time since last: 258171 ns, Reaching safepoint: 450177 ns, At safepoint: 7933 ns, Total: 458110 ns
[2020-09-11T12:33:23.032+0000][1][safepoint    ] Safepoint "RevokeBias", Time since last: 169272 ns, Reaching safepoint: 129540 ns, At safepoint: 20265 ns, Total: 149805 ns
[2020-09-11T12:33:23.036+0000][1][safepoint    ] Safepoint "RevokeBias", Time since last: 795744 ns, Reaching safepoint: 2325912 ns, At safepoint: 21787 ns, Total: 2347699 ns
[2020-09-11T12:33:23.040+0000][1][safepoint    ] Safepoint "RevokeBias", Time since last: 1670383 ns, Reaching safepoint: 2316351 ns, At safepoint: 22155 ns, Total: 2338506 ns
[2020-09-11T12:33:23.070+0000][1][safepoint    ] Safepoint "RevokeBias", Time since last: 30218050 ns, Reaching safepoint: 267496 ns, At safepoint: 27268 ns, Total: 294764 ns
[2020-09-11T12:33:23.071+0000][1][safepoint    ] Safepoint "RevokeBias", Time since last: 331596 ns, Reaching safepoint: 193449 ns, At safepoint: 14892 ns, Total: 208341 ns
[2020-09-11T12:33:23.071+0000][1][safepoint    ] Safepoint "RevokeBias", Time since last: 68484 ns, Reaching safepoint: 705253 ns, At safepoint: 72197 ns, Total: 777450 ns
[2020-09-11T12:33:23.072+0000][1][safepoint    ] Safepoint "RevokeBias", Time since last: 111500 ns, Reaching safepoint: 314238 ns, At safepoint: 14997 ns, Total: 329235 ns
[2020-09-11T12:33:23.072+0000][1][safepoint    ] Safepoint "RevokeBias", Time since last: 44585 ns, Reaching safepoint: 244429 ns, At safepoint: 14719 ns, Total: 259148 ns
[2020-09-11T12:33:23.075+0000][1][safepoint    ] Safepoint "RevokeBias", Time since last: 2498440 ns, Reaching safepoint: 763210 ns, At safepoint: 18827 ns, Total: 782037 ns
[2020-09-11T12:33:23.077+0000][1][safepoint    ] Safepoint "RevokeBias", Time since last: 519375 ns, Reaching safepoint: 873596 ns, At safepoint: 16042 ns, Total: 889638 ns
[2020-09-11T12:33:23.455+0000][1][safepoint    ] Safepoint "RevokeBias", Time since last: 378180474 ns, Reaching safepoint: 54611 ns, At safepoint: 9873 ns, Total: 64484 ns
[2020-09-11T12:33:23.458+0000][1][safepoint    ] Safepoint "RevokeBias", Time since last: 2139700 ns, Reaching safepoint: 931831 ns, At safepoint: 10435 ns, Total: 942266 ns
[2020-09-11T12:33:23.460+0000][1][safepoint    ] Safepoint "RevokeBias", Time since last: 62510 ns, Reaching safepoint: 1483363 ns, At safepoint: 18087 ns, Total: 1501450 ns
[2020-09-11T12:33:23.460+0000][1][safepoint    ] Safepoint "RevokeBias", Time since last: 53234 ns, Reaching safepoint: 99406 ns, At safepoint: 7167 ns, Total: 106573 ns
[2020-09-11T12:33:23.461+0000][1][safepoint    ] Safepoint "RevokeBias", Time since last: 208070 ns, Reaching safepoint: 562885 ns, At safepoint: 7372 ns, Total: 570257 ns
[2020-09-11T12:33:23.461+0000][1][safepoint    ] Safepoint "RevokeBias", Time since last: 40290 ns, Reaching safepoint: 91767 ns, At safepoint: 6005 ns, Total: 97772 ns
[2020-09-11T12:33:23.461+0000][1][safepoint    ] Safepoint "RevokeBias", Time since last: 35275 ns, Reaching safepoint: 90448 ns, At safepoint: 5854 ns, Total: 96302 ns
[2020-09-11T12:33:23.461+0000][1][safepoint    ] Safepoint "RevokeBias", Time since last: 96946 ns, Reaching safepoint: 91487 ns, At safepoint: 5954 ns, Total: 97441 ns
[2020-09-11T12:33:23.461+0000][1][safepoint    ] Safepoint "RevokeBias", Time since last: 33342 ns, Reaching safepoint: 88249 ns, At safepoint: 5720 ns, Total: 93969 ns
[2020-09-11T12:33:23.463+0000][1][safepoint    ] Safepoint "RevokeBias", Time since last: 670718 ns, Reaching safepoint: 686620 ns, At safepoint: 7669 ns, Total: 694289 ns
[2020-09-11T12:33:23.463+0000][1][safepoint    ] Safepoint "RevokeBias", Time since last: 54241 ns, Reaching safepoint: 19813 ns, At safepoint: 4567 ns, Total: 24380 ns
[2020-09-11T12:33:23.463+0000][1][safepoint    ] Safepoint "RevokeBias", Time since last: 266266 ns, Reaching safepoint: 16786 ns, At safepoint: 4152 ns, Total: 20938 ns
[2020-09-11T12:33:23.463+0000][1][safepoint    ] Safepoint "RevokeBias", Time since last: 104455 ns, Reaching safepoint: 15075 ns, At safepoint: 3932 ns, Total: 19007 ns
[2020-09-11T12:33:23.463+0000][1][safepoint    ] Safepoint "RevokeBias", Time since last: 34387 ns, Reaching safepoint: 12512 ns, At safepoint: 3673 ns, Total: 16185 ns
[2020-09-11T12:33:23.463+0000][1][safepoint    ] Safepoint "RevokeBias", Time since last: 60365 ns, Reaching safepoint: 13355 ns, At safepoint: 3682 ns, Total: 17037 ns
[2020-09-11T12:33:23.463+0000][1][safepoint    ] Safepoint "RevokeBias", Time since last: 56217 ns, Reaching safepoint: 13187 ns, At safepoint: 3765 ns, Total: 16952 ns
[2020-09-11T12:33:23.468+0000][1][safepoint    ] Safepoint "RevokeBias", Time since last: 4616262 ns, Reaching safepoint: 34871 ns, At safepoint: 6841 ns, Total: 41712 ns
[2020-09-11T12:33:23.468+0000][1][safepoint    ] Safepoint "RevokeBias", Time since last: 462444 ns, Reaching safepoint: 15847 ns, At safepoint: 4374 ns, Total: 20221 ns
[2020-09-11T12:33:23.470+0000][1][safepoint    ] Safepoint "RevokeBias", Time since last: 270316 ns, Reaching safepoint: 998701 ns, At safepoint: 15707 ns, Total: 1014408 ns
[2020-09-11T12:33:23.471+0000][1][safepoint    ] Safepoint "RevokeBias", Time since last: 733537 ns, Reaching safepoint: 929371 ns, At safepoint: 21916 ns, Total: 951287 ns
[2020-09-11T12:33:23.475+0000][1][safepoint    ] Safepoint "RevokeBias", Time since last: 1214290 ns, Reaching safepoint: 2698151 ns, At safepoint: 75739 ns, Total: 2773890 ns
[2020-09-11T12:33:23.482+0000][1][safepoint    ] Safepoint "RevokeBias", Time since last: 455367 ns, Reaching safepoint: 6430458 ns, At safepoint: 79161 ns, Total: 6509619 ns
[2020-09-11T12:33:23.484+0000][1][safepoint    ] Safepoint "RevokeBias", Time since last: 44803 ns, Reaching safepoint: 1421635 ns, At safepoint: 153234 ns, Total: 1574869 ns
[2020-09-11T12:33:23.484+0000][1][safepoint    ] Safepoint "RevokeBias", Time since last: 29763 ns, Reaching safepoint: 251766 ns, At safepoint: 14064 ns, Total: 265830 ns
[2020-09-11T12:33:23.516+0000][1][safepoint    ] Safepoint "BulkRevokeBias", Time since last: 28858805 ns, Reaching safepoint: 2521106 ns, At safepoint: 93500 ns, Total: 2614606 ns
[2020-09-11T12:33:23.552+0000][1][safepoint    ] Safepoint "RevokeBias", Time since last: 35634128 ns, Reaching safepoint: 131488 ns, At safepoint: 9874 ns, Total: 141362 ns
[2020-09-11T12:33:23.552+0000][1][safepoint    ] Safepoint "RevokeBias", Time since last: 115412 ns, Reaching safepoint: 234570 ns, At safepoint: 6011 ns, Total: 240581 ns
[2020-09-11T12:33:23.560+0000][1][safepoint    ] Safepoint "RevokeBias", Time since last: 44646 ns, Reaching safepoint: 7502975 ns, At safepoint: 19596 ns, Total: 7522571 ns
[2020-09-11T12:33:23.560+0000][1][safepoint    ] Safepoint "RevokeBias", Time since last: 507984 ns, Reaching safepoint: 91855 ns, At safepoint: 5676 ns, Total: 97531 ns
[2020-09-11T12:33:23.561+0000][1][safepoint    ] Safepoint "RevokeBias", Time since last: 665247 ns, Reaching safepoint: 86923 ns, At safepoint: 6249 ns, Total: 93172 ns
[2020-09-11T12:33:23.564+0000][1][safepoint    ] Safepoint "RevokeBias", Time since last: 3146315 ns, Reaching safepoint: 106576 ns, At safepoint: 8430 ns, Total: 115006 ns
[2020-09-11T12:33:23.575+0000][1][safepoint    ] Safepoint "RevokeBias", Time since last: 3392449 ns, Reaching safepoint: 7944278 ns, At safepoint: 18175 ns, Total: 7962453 ns
[2020-09-11T12:33:23.577+0000][1][safepoint    ] Safepoint "RevokeBias", Time since last: 1547719 ns, Reaching safepoint: 98095 ns, At safepoint: 6421 ns, Total: 104516 ns
[2020-09-11T12:33:23.598+0000][1][safepoint    ] Safepoint "RevokeBias", Time since last: 20624319 ns, Reaching safepoint: 94910 ns, At safepoint: 8383 ns, Total: 103293 ns
[2020-09-11T12:33:23.598+0000][1][safepoint    ] Safepoint "RevokeBias", Time since last: 141655 ns, Reaching safepoint: 77248 ns, At safepoint: 4524 ns, Total: 81772 ns
[2020-09-11T12:33:23.598+0000][1][safepoint    ] Safepoint "RevokeBias", Time since last: 95476 ns, Reaching safepoint: 79087 ns, At safepoint: 4426 ns, Total: 83513 ns
[2020-09-11T12:33:23.598+0000][1][safepoint    ] Safepoint "RevokeBias", Time since last: 54901 ns, Reaching safepoint: 76458 ns, At safepoint: 4442 ns, Total: 80900 ns
[2020-09-11T12:33:23.600+0000][1][safepoint    ] Safepoint "RevokeBias", Time since last: 1895544 ns, Reaching safepoint: 95079 ns, At safepoint: 16081 ns, Total: 111160 ns
[2020-09-11T12:33:23.601+0000][1][safepoint    ] Safepoint "RevokeBias", Time since last: 292938 ns, Reaching safepoint: 79564 ns, At safepoint: 11460 ns, Total: 91024 ns
[2020-09-11T12:33:23.601+0000][1][safepoint    ] Safepoint "RevokeBias", Time since last: 210844 ns, Reaching safepoint: 78107 ns, At safepoint: 11902 ns, Total: 90009 ns
[2020-09-11T12:33:23.608+0000][1][safepoint    ] Safepoint "RevokeBias", Time since last: 6723698 ns, Reaching safepoint: 109880 ns, At safepoint: 8766 ns, Total: 118646 ns
[2020-09-11T12:33:23.671+0000][1][safepoint    ] Safepoint "RevokeBias", Time since last: 54876383 ns, Reaching safepoint: 4643982 ns, At safepoint: 3971226 ns, Total: 8615208 ns
[2020-09-11T12:33:23.746+0000][1][gc,heap,exit ] Heap
[2020-09-11T12:33:23.746+0000][1][gc,heap,exit ]  par new generation   total 76672K, used 61495K [0x0000000080000000, 0x0000000085330000, 0x0000000085330000)
[2020-09-11T12:33:23.746+0000][1][gc,heap,exit ]   eden space 68160K,  90% used [0x0000000080000000, 0x0000000083c0a000, 0x0000000084290000)
[2020-09-11T12:33:23.746+0000][1][gc,heap,exit ]   from space 8512K,   0% used [0x0000000084290000, 0x0000000084293e68, 0x0000000084ae0000)
[2020-09-11T12:33:23.746+0000][1][gc,heap,exit ]   to   space 8512K,   0% used [0x0000000084ae0000, 0x0000000084ae0000, 0x0000000085330000)
[2020-09-11T12:33:23.746+0000][1][gc,heap,exit ]  concurrent mark-sweep generation total 2011968K, used 97640K [0x0000000085330000, 0x0000000100000000, 0x0000000100000000)
[2020-09-11T12:33:23.746+0000][1][gc,heap,exit ]  Metaspace       used 73787K, capacity 79676K, committed 79948K, reserved 1118208K
[2020-09-11T12:33:23.746+0000][1][gc,heap,exit ]   class space    used 9872K, capacity 12280K, committed 12384K, reserved 1048576K
