[2020-09-12T12:28:04.805+0000][121][gc] Using Concurrent Mark Sweep
[2020-09-12T12:28:04.805+0000][121][gc,heap,coops] Heap address: 0x0000000080000000, size: 2048 MB, Compressed Oops mode: 32-bit
[2020-09-12T12:28:05.050+0000][121][safepoint    ] Safepoint "EnableBiasedLocking", Time since last: 125574544 ns, Reaching safepoint: 283544 ns, At safepoint: 1145049 ns, Total: 1428593 ns
[2020-09-12T12:28:05.056+0000][121][gc,heap,exit ] Heap
[2020-09-12T12:28:05.056+0000][121][gc,heap,exit ]  par new generation   total 153344K, used 8179K [0x0000000080000000, 0x000000008a660000, 0x000000008a660000)
[2020-09-12T12:28:05.056+0000][121][gc,heap,exit ]   eden space 136320K,   6% used [0x0000000080000000, 0x00000000807fce60, 0x0000000088520000)
[2020-09-12T12:28:05.056+0000][121][gc,heap,exit ]   from space 17024K,   0% used [0x0000000088520000, 0x0000000088520000, 0x00000000895c0000)
[2020-09-12T12:28:05.056+0000][121][gc,heap,exit ]   to   space 17024K,   0% used [0x00000000895c0000, 0x00000000895c0000, 0x000000008a660000)
[2020-09-12T12:28:05.056+0000][121][gc,heap,exit ]  concurrent mark-sweep generation total 1926784K, used 0K [0x000000008a660000, 0x0000000100000000, 0x0000000100000000)
[2020-09-12T12:28:05.056+0000][121][gc,heap,exit ]  Metaspace       used 178K, capacity 4480K, committed 4480K, reserved 1056768K
[2020-09-12T12:28:05.056+0000][121][gc,heap,exit ]   class space    used 8K, capacity 384K, committed 384K, reserved 1048576K
