[2020-09-12T12:28:06.460+0000][1][gc] Using Concurrent Mark Sweep
[2020-09-12T12:28:06.461+0000][1][gc,heap,coops] Heap address: 0x0000000080000000, size: 2048 MB, Compressed Oops mode: 32-bit
[2020-09-12T12:28:06.559+0000][1][safepoint    ] Safepoint "EnableBiasedLocking", Time since last: 88122524 ns, Reaching safepoint: 128190 ns, At safepoint: 139008 ns, Total: 267198 ns
[2020-09-12T12:28:06.590+0000][1][safepoint    ] Safepoint "RevokeBias", Time since last: 29062732 ns, Reaching safepoint: 2430269 ns, At safepoint: 79173 ns, Total: 2509442 ns
[2020-09-12T12:28:06.597+0000][1][safepoint    ] Safepoint "Deoptimize", Time since last: 6029181 ns, Reaching safepoint: 1018748 ns, At safepoint: 29731 ns, Total: 1048479 ns
[2020-09-12T12:28:06.923+0000][1][safepoint    ] Safepoint "Deoptimize", Time since last: 325205429 ns, Reaching safepoint: 29515 ns, At safepoint: 32795 ns, Total: 62310 ns
[2020-09-12T12:28:06.925+0000][1][safepoint    ] Safepoint "Deoptimize", Time since last: 2029502 ns, Reaching safepoint: 16391 ns, At safepoint: 31093 ns, Total: 47484 ns
[2020-09-12T12:28:06.982+0000][1][safepoint    ] Safepoint "Deoptimize", Time since last: 57023762 ns, Reaching safepoint: 27084 ns, At safepoint: 44679 ns, Total: 71763 ns
[2020-09-12T12:28:07.714+0000][1][safepoint    ] Safepoint "Deoptimize", Time since last: 731697398 ns, Reaching safepoint: 72104 ns, At safepoint: 61130 ns, Total: 133234 ns
[2020-09-12T12:28:07.851+0000][1][safepoint    ] Safepoint "Deoptimize", Time since last: 137119509 ns, Reaching safepoint: 96321 ns, At safepoint: 69879 ns, Total: 166200 ns
[2020-09-12T12:28:08.013+0000][1][safepoint    ] Safepoint "Deoptimize", Time since last: 157279315 ns, Reaching safepoint: 4390040 ns, At safepoint: 115785 ns, Total: 4505825 ns
[2020-09-12T12:28:08.413+0000][1][safepoint    ] Safepoint "Deoptimize", Time since last: 392981657 ns, Reaching safepoint: 7287844 ns, At safepoint: 91904 ns, Total: 7379748 ns
[2020-09-12T12:28:08.807+0000][1][safepoint    ] Safepoint "Deoptimize", Time since last: 391634736 ns, Reaching safepoint: 2286940 ns, At safepoint: 98196 ns, Total: 2385136 ns
[2020-09-12T12:28:09.408+0000][1][safepoint    ] Safepoint "Deoptimize", Time since last: 599997020 ns, Reaching safepoint: 623391 ns, At safepoint: 134188 ns, Total: 757579 ns
[2020-09-12T12:28:09.590+0000][1][safepoint    ] Safepoint "RevokeBias", Time since last: 178144496 ns, Reaching safepoint: 4227983 ns, At safepoint: 95430 ns, Total: 4323413 ns
[2020-09-12T12:28:10.568+0000][1][safepoint    ] Safepoint "Deoptimize", Time since last: 977868861 ns, Reaching safepoint: 55522 ns, At safepoint: 115323 ns, Total: 170845 ns
[2020-09-12T12:28:10.577+0000][1][safepoint    ] Safepoint "Deoptimize", Time since last: 8570032 ns, Reaching safepoint: 15423 ns, At safepoint: 117056 ns, Total: 132479 ns
[2020-09-12T12:28:11.577+0000][1][safepoint    ] Safepoint "Cleanup", Time since last: 1000100845 ns, Reaching safepoint: 47104 ns, At safepoint: 5034 ns, Total: 52138 ns
[2020-09-12T12:28:11.604+0000][1][safepoint    ] Safepoint "Deoptimize", Time since last: 25397779 ns, Reaching safepoint: 1733577 ns, At safepoint: 129908 ns, Total: 1863485 ns
[2020-09-12T12:28:11.614+0000][1][safepoint    ] Safepoint "Deoptimize", Time since last: 6712149 ns, Reaching safepoint: 2573927 ns, At safepoint: 223982 ns, Total: 2797909 ns
[2020-09-12T12:28:11.683+0000][1][safepoint    ] Safepoint "RevokeBias", Time since last: 68791077 ns, Reaching safepoint: 325646 ns, At safepoint: 25388 ns, Total: 351034 ns
[2020-09-12T12:28:11.684+0000][1][safepoint    ] Safepoint "RevokeBias", Time since last: 69056 ns, Reaching safepoint: 1023888 ns, At safepoint: 28322 ns, Total: 1052210 ns
[2020-09-12T12:28:11.684+0000][1][safepoint    ] Safepoint "RevokeBias", Time since last: 103207 ns, Reaching safepoint: 93062 ns, At safepoint: 20973 ns, Total: 114035 ns
[2020-09-12T12:28:11.685+0000][1][safepoint    ] Safepoint "RevokeBias", Time since last: 211761 ns, Reaching safepoint: 88652 ns, At safepoint: 19653 ns, Total: 108305 ns
[2020-09-12T12:28:12.685+0000][1][safepoint    ] Safepoint "Cleanup", Time since last: 1000087051 ns, Reaching safepoint: 41188 ns, At safepoint: 8784 ns, Total: 49972 ns
[2020-09-12T12:28:20.695+0000][1][safepoint    ] Safepoint "Cleanup", Time since last: 8001741997 ns, Reaching safepoint: 8253151 ns, At safepoint: 17945 ns, Total: 8271096 ns
[2020-09-12T12:28:21.695+0000][1][safepoint    ] Safepoint "Cleanup", Time since last: 1000125865 ns, Reaching safepoint: 108645 ns, At safepoint: 10048 ns, Total: 118693 ns
[2020-09-12T12:28:22.290+0000][1][safepoint    ] Safepoint "Deoptimize", Time since last: 594063608 ns, Reaching safepoint: 45276 ns, At safepoint: 309948 ns, Total: 355224 ns
[2020-09-12T12:28:22.444+0000][1][safepoint    ] Safepoint "RevokeBias", Time since last: 150572564 ns, Reaching safepoint: 4235580 ns, At safepoint: 41701 ns, Total: 4277281 ns
[2020-09-12T12:28:23.448+0000][1][safepoint    ] Safepoint "Cleanup", Time since last: 1003272592 ns, Reaching safepoint: 58131 ns, At safepoint: 72111 ns, Total: 130242 ns
[2020-09-12T12:28:24.448+0000][1][safepoint    ] Safepoint "Cleanup", Time since last: 1000156861 ns, Reaching safepoint: 98531 ns, At safepoint: 10406 ns, Total: 108937 ns
[2020-09-12T12:28:24.798+0000][1][safepoint    ] Safepoint "RevokeBias", Time since last: 349528975 ns, Reaching safepoint: 35808 ns, At safepoint: 40370 ns, Total: 76178 ns
[2020-09-12T12:28:24.798+0000][1][safepoint    ] Safepoint "RevokeBias", Time since last: 687126 ns, Reaching safepoint: 31796 ns, At safepoint: 28484 ns, Total: 60280 ns
[2020-09-12T12:28:24.800+0000][1][safepoint    ] Safepoint "RevokeBias", Time since last: 1075836 ns, Reaching safepoint: 23230 ns, At safepoint: 25041 ns, Total: 48271 ns
[2020-09-12T12:28:24.800+0000][1][safepoint    ] Safepoint "RevokeBias", Time since last: 133097 ns, Reaching safepoint: 18777 ns, At safepoint: 21983 ns, Total: 40760 ns
[2020-09-12T12:28:24.800+0000][1][safepoint    ] Safepoint "RevokeBias", Time since last: 51461 ns, Reaching safepoint: 13340 ns, At safepoint: 18367 ns, Total: 31707 ns
[2020-09-12T12:28:24.800+0000][1][safepoint    ] Safepoint "RevokeBias", Time since last: 50620 ns, Reaching safepoint: 13076 ns, At safepoint: 17457 ns, Total: 30533 ns
[2020-09-12T12:28:24.800+0000][1][safepoint    ] Safepoint "RevokeBias", Time since last: 46498 ns, Reaching safepoint: 12552 ns, At safepoint: 17077 ns, Total: 29629 ns
[2020-09-12T12:28:24.801+0000][1][safepoint    ] Safepoint "RevokeBias", Time since last: 471378 ns, Reaching safepoint: 11740 ns, At safepoint: 17190 ns, Total: 28930 ns
[2020-09-12T12:28:24.801+0000][1][safepoint    ] Safepoint "RevokeBias", Time since last: 437233 ns, Reaching safepoint: 17785 ns, At safepoint: 18857 ns, Total: 36642 ns
[2020-09-12T12:28:24.803+0000][1][safepoint    ] Safepoint "RevokeBias", Time since last: 1517949 ns, Reaching safepoint: 16723 ns, At safepoint: 48194 ns, Total: 64917 ns
[2020-09-12T12:28:24.816+0000][1][safepoint    ] Safepoint "RevokeBias", Time since last: 13460896 ns, Reaching safepoint: 145372 ns, At safepoint: 50917 ns, Total: 196289 ns
[2020-09-12T12:28:25.817+0000][1][safepoint    ] Safepoint "Cleanup", Time since last: 1000136285 ns, Reaching safepoint: 348035 ns, At safepoint: 10130 ns, Total: 358165 ns
[2020-09-12T12:28:26.156+0000][1][safepoint    ] Safepoint "RevokeBias", Time since last: 338866996 ns, Reaching safepoint: 27683 ns, At safepoint: 31808 ns, Total: 59491 ns
[2020-09-12T12:28:26.904+0000][1][safepoint    ] Safepoint "RevokeBias", Time since last: 748496109 ns, Reaching safepoint: 34350 ns, At safepoint: 9434 ns, Total: 43784 ns
[2020-09-12T12:28:26.905+0000][1][safepoint    ] Safepoint "RevokeBias", Time since last: 77260 ns, Reaching safepoint: 512779 ns, At safepoint: 5876 ns, Total: 518655 ns
[2020-09-12T12:28:26.908+0000][1][safepoint    ] Safepoint "RevokeBias", Time since last: 102478 ns, Reaching safepoint: 3211796 ns, At safepoint: 14938 ns, Total: 3226734 ns
[2020-09-12T12:28:26.990+0000][1][gc,start     ] GC(0) Pause Young (Allocation Failure)
[2020-09-12T12:28:26.993+0000][1][gc,task      ] GC(0) Using 2 workers of 2 for evacuation
[2020-09-12T12:28:27.019+0000][1][gc,age       ] GC(0) Desired survivor size 8716288 bytes, new threshold 1 (max threshold 6)
[2020-09-12T12:28:27.019+0000][1][gc,age       ] GC(0) Age table with threshold 1 (max threshold 6)
[2020-09-12T12:28:27.019+0000][1][gc,age       ] GC(0) - age   1:    8719040 bytes,    8719040 total
[2020-09-12T12:28:27.019+0000][1][gc,heap      ] GC(0) ParNew: 136320K->8566K(153344K)
[2020-09-12T12:28:27.019+0000][1][gc,heap      ] GC(0) CMS: 0K->0K(1926784K)
[2020-09-12T12:28:27.019+0000][1][gc,metaspace ] GC(0) Metaspace: 15573K->15573K(1062912K)
[2020-09-12T12:28:27.019+0000][1][gc           ] GC(0) Pause Young (Allocation Failure) 133M->8M(2031M) 29.751ms
[2020-09-12T12:28:27.019+0000][1][gc,cpu       ] GC(0) User=0.03s Sys=0.00s Real=0.02s
[2020-09-12T12:28:27.020+0000][1][safepoint    ] Safepoint "GenCollectForAllocation", Time since last: 80304331 ns, Reaching safepoint: 1285995 ns, At safepoint: 29809195 ns, Total: 31095190 ns
[2020-09-12T12:28:27.022+0000][1][safepoint    ] Safepoint "BulkRevokeBias", Time since last: 2152182 ns, Reaching safepoint: 429046 ns, At safepoint: 105722 ns, Total: 534768 ns
[2020-09-12T12:28:27.022+0000][1][safepoint    ] Safepoint "RevokeBias", Time since last: 106542 ns, Reaching safepoint: 101291 ns, At safepoint: 44912 ns, Total: 146203 ns
[2020-09-12T12:28:27.023+0000][1][safepoint    ] Safepoint "RevokeBias", Time since last: 51175 ns, Reaching safepoint: 96470 ns, At safepoint: 41764 ns, Total: 138234 ns
[2020-09-12T12:28:27.023+0000][1][safepoint    ] Safepoint "RevokeBias", Time since last: 38909 ns, Reaching safepoint: 98862 ns, At safepoint: 54429 ns, Total: 153291 ns
[2020-09-12T12:28:27.023+0000][1][safepoint    ] Safepoint "RevokeBias", Time since last: 173314 ns, Reaching safepoint: 296465 ns, At safepoint: 36856 ns, Total: 333321 ns
[2020-09-12T12:28:27.024+0000][1][safepoint    ] Safepoint "RevokeBias", Time since last: 40899 ns, Reaching safepoint: 106726 ns, At safepoint: 54044 ns, Total: 160770 ns
[2020-09-12T12:28:27.026+0000][1][safepoint    ] Safepoint "RevokeBias", Time since last: 78287 ns, Reaching safepoint: 2155722 ns, At safepoint: 60207 ns, Total: 2215929 ns
[2020-09-12T12:28:27.029+0000][1][safepoint    ] Safepoint "RevokeBias", Time since last: 2832140 ns, Reaching safepoint: 207690 ns, At safepoint: 44873 ns, Total: 252563 ns
[2020-09-12T12:28:27.029+0000][1][safepoint    ] Safepoint "RevokeBias", Time since last: 49433 ns, Reaching safepoint: 122989 ns, At safepoint: 34458 ns, Total: 157447 ns
[2020-09-12T12:28:27.029+0000][1][safepoint    ] Safepoint "RevokeBias", Time since last: 40026 ns, Reaching safepoint: 138097 ns, At safepoint: 50012 ns, Total: 188109 ns
[2020-09-12T12:28:27.029+0000][1][safepoint    ] Safepoint "RevokeBias", Time since last: 29208 ns, Reaching safepoint: 13809 ns, At safepoint: 40119 ns, Total: 53928 ns
[2020-09-12T12:28:27.030+0000][1][safepoint    ] Safepoint "RevokeBias", Time since last: 34202 ns, Reaching safepoint: 215286 ns, At safepoint: 40001 ns, Total: 255287 ns
[2020-09-12T12:28:27.030+0000][1][safepoint    ] Safepoint "RevokeBias", Time since last: 28048 ns, Reaching safepoint: 83085 ns, At safepoint: 133852 ns, Total: 216937 ns
[2020-09-12T12:28:27.030+0000][1][safepoint    ] Safepoint "RevokeBias", Time since last: 43726 ns, Reaching safepoint: 86080 ns, At safepoint: 35337 ns, Total: 121417 ns
[2020-09-12T12:28:27.030+0000][1][safepoint    ] Safepoint "RevokeBias", Time since last: 25292 ns, Reaching safepoint: 119433 ns, At safepoint: 43580 ns, Total: 163013 ns
[2020-09-12T12:28:27.030+0000][1][safepoint    ] Safepoint "RevokeBias", Time since last: 30547 ns, Reaching safepoint: 85516 ns, At safepoint: 36905 ns, Total: 122421 ns
[2020-09-12T12:28:27.031+0000][1][safepoint    ] Safepoint "RevokeBias", Time since last: 24855 ns, Reaching safepoint: 136352 ns, At safepoint: 44920 ns, Total: 181272 ns
[2020-09-12T12:28:27.031+0000][1][safepoint    ] Safepoint "RevokeBias", Time since last: 30713 ns, Reaching safepoint: 10388 ns, At safepoint: 38085 ns, Total: 48473 ns
[2020-09-12T12:28:27.031+0000][1][safepoint    ] Safepoint "RevokeBias", Time since last: 37008 ns, Reaching safepoint: 123205 ns, At safepoint: 35766 ns, Total: 158971 ns
[2020-09-12T12:28:27.031+0000][1][safepoint    ] Safepoint "RevokeBias", Time since last: 42873 ns, Reaching safepoint: 118444 ns, At safepoint: 41445 ns, Total: 159889 ns
[2020-09-12T12:28:27.031+0000][1][safepoint    ] Safepoint "RevokeBias", Time since last: 51406 ns, Reaching safepoint: 137685 ns, At safepoint: 41798 ns, Total: 179483 ns
[2020-09-12T12:28:27.034+0000][1][safepoint    ] Safepoint "RevokeBias", Time since last: 52839 ns, Reaching safepoint: 121091 ns, At safepoint: 2536822 ns, Total: 2657913 ns
[2020-09-12T12:28:27.034+0000][1][safepoint    ] Safepoint "RevokeBias", Time since last: 53641 ns, Reaching safepoint: 26684 ns, At safepoint: 47539 ns, Total: 74223 ns
[2020-09-12T12:28:27.034+0000][1][safepoint    ] Safepoint "RevokeBias", Time since last: 55779 ns, Reaching safepoint: 15708 ns, At safepoint: 38172 ns, Total: 53880 ns
[2020-09-12T12:28:27.034+0000][1][safepoint    ] Safepoint "RevokeBias", Time since last: 31332 ns, Reaching safepoint: 11541 ns, At safepoint: 33703 ns, Total: 45244 ns
[2020-09-12T12:28:27.035+0000][1][safepoint    ] Safepoint "RevokeBias", Time since last: 35580 ns, Reaching safepoint: 11032 ns, At safepoint: 32718 ns, Total: 43750 ns
[2020-09-12T12:28:27.035+0000][1][safepoint    ] Safepoint "RevokeBias", Time since last: 28732 ns, Reaching safepoint: 9583 ns, At safepoint: 32040 ns, Total: 41623 ns
[2020-09-12T12:28:27.035+0000][1][safepoint    ] Safepoint "RevokeBias", Time since last: 168664 ns, Reaching safepoint: 10585 ns, At safepoint: 32883 ns, Total: 43468 ns
[2020-09-12T12:28:27.035+0000][1][safepoint    ] Safepoint "RevokeBias", Time since last: 29962 ns, Reaching safepoint: 10039 ns, At safepoint: 31924 ns, Total: 41963 ns
[2020-09-12T12:28:27.037+0000][1][safepoint    ] Safepoint "RevokeBias", Time since last: 1842332 ns, Reaching safepoint: 158200 ns, At safepoint: 36361 ns, Total: 194561 ns
[2020-09-12T12:28:27.038+0000][1][safepoint    ] Safepoint "RevokeBias", Time since last: 724270 ns, Reaching safepoint: 143712 ns, At safepoint: 30888 ns, Total: 174600 ns
[2020-09-12T12:28:27.038+0000][1][safepoint    ] Safepoint "RevokeBias", Time since last: 235274 ns, Reaching safepoint: 120339 ns, At safepoint: 29724 ns, Total: 150063 ns
[2020-09-12T12:28:27.039+0000][1][safepoint    ] Safepoint "RevokeBias", Time since last: 503141 ns, Reaching safepoint: 136584 ns, At safepoint: 29117 ns, Total: 165701 ns
[2020-09-12T12:28:27.039+0000][1][safepoint    ] Safepoint "RevokeBias", Time since last: 42696 ns, Reaching safepoint: 133336 ns, At safepoint: 28699 ns, Total: 162035 ns
[2020-09-12T12:28:27.039+0000][1][safepoint    ] Safepoint "RevokeBias", Time since last: 36228 ns, Reaching safepoint: 132479 ns, At safepoint: 28002 ns, Total: 160481 ns
[2020-09-12T12:28:27.039+0000][1][safepoint    ] Safepoint "BulkRevokeBias", Time since last: 44639 ns, Reaching safepoint: 132977 ns, At safepoint: 49223 ns, Total: 182200 ns
[2020-09-12T12:28:27.040+0000][1][safepoint    ] Safepoint "BulkRevokeBias", Time since last: 35885 ns, Reaching safepoint: 122659 ns, At safepoint: 57447 ns, Total: 180106 ns
[2020-09-12T12:28:27.058+0000][1][safepoint    ] Safepoint "RevokeBias", Time since last: 17005027 ns, Reaching safepoint: 1002644 ns, At safepoint: 36899 ns, Total: 1039543 ns
[2020-09-12T12:28:27.061+0000][1][safepoint    ] Safepoint "RevokeBias", Time since last: 3085435 ns, Reaching safepoint: 35489 ns, At safepoint: 30345 ns, Total: 65834 ns
[2020-09-12T12:28:27.085+0000][1][safepoint    ] Safepoint "RevokeBias", Time since last: 24296097 ns, Reaching safepoint: 137217 ns, At safepoint: 31218 ns, Total: 168435 ns
[2020-09-12T12:28:27.146+0000][1][safepoint    ] Safepoint "RevokeBias", Time since last: 60266480 ns, Reaching safepoint: 31716 ns, At safepoint: 17243 ns, Total: 48959 ns
[2020-09-12T12:28:27.304+0000][1][safepoint    ] Safepoint "RevokeBias", Time since last: 158067781 ns, Reaching safepoint: 35969 ns, At safepoint: 15332 ns, Total: 51301 ns
[2020-09-12T12:28:27.314+0000][1][safepoint    ] Safepoint "RevokeBias", Time since last: 10035408 ns, Reaching safepoint: 41567 ns, At safepoint: 20409 ns, Total: 61976 ns
[2020-09-12T12:28:27.355+0000][1][safepoint    ] Safepoint "RevokeBias", Time since last: 41131812 ns, Reaching safepoint: 33474 ns, At safepoint: 90426 ns, Total: 123900 ns
[2020-09-12T12:28:27.355+0000][1][safepoint    ] Safepoint "RevokeBias", Time since last: 165651 ns, Reaching safepoint: 21787 ns, At safepoint: 14294 ns, Total: 36081 ns
[2020-09-12T12:28:27.981+0000][1][safepoint    ] Safepoint "Deoptimize", Time since last: 625792563 ns, Reaching safepoint: 63531 ns, At safepoint: 187289 ns, Total: 250820 ns
[2020-09-12T12:28:28.590+0000][1][safepoint    ] Safepoint "Deoptimize", Time since last: 608458255 ns, Reaching safepoint: 45704 ns, At safepoint: 193714 ns, Total: 239418 ns
[2020-09-12T12:28:28.643+0000][1][safepoint    ] Safepoint "Deoptimize", Time since last: 53045015 ns, Reaching safepoint: 29035 ns, At safepoint: 193645 ns, Total: 222680 ns
[2020-09-12T12:28:29.298+0000][1][safepoint    ] Safepoint "Deoptimize", Time since last: 654592583 ns, Reaching safepoint: 31571 ns, At safepoint: 192011 ns, Total: 223582 ns
[2020-09-12T12:28:29.485+0000][1][safepoint    ] Safepoint "Deoptimize", Time since last: 172822202 ns, Reaching safepoint: 102275 ns, At safepoint: 13650490 ns, Total: 13752765 ns
[2020-09-12T12:28:29.486+0000][1][safepoint    ] Safepoint "RevokeBias", Time since last: 625393 ns, Reaching safepoint: 101137 ns, At safepoint: 55613 ns, Total: 156750 ns
[2020-09-12T12:28:29.505+0000][1][safepoint    ] Safepoint "Deoptimize", Time since last: 19189831 ns, Reaching safepoint: 128957 ns, At safepoint: 296980 ns, Total: 425937 ns
[2020-09-12T12:28:30.524+0000][1][safepoint    ] Safepoint "Cleanup", Time since last: 1008210677 ns, Reaching safepoint: 10550494 ns, At safepoint: 17999 ns, Total: 10568493 ns
[2020-09-12T12:28:31.323+0000][1][gc,start     ] GC(1) Pause Young (Allocation Failure)
[2020-09-12T12:28:31.323+0000][1][gc,task      ] GC(1) Using 2 workers of 2 for evacuation
[2020-09-12T12:28:31.456+0000][1][gc,age       ] GC(1) Desired survivor size 8716288 bytes, new threshold 6 (max threshold 6)
[2020-09-12T12:28:31.456+0000][1][gc,age       ] GC(1) Age table with threshold 6 (max threshold 6)
[2020-09-12T12:28:31.456+0000][1][gc,age       ] GC(1) - age   1:    3607008 bytes,    3607008 total
[2020-09-12T12:28:31.456+0000][1][gc,heap      ] GC(1) ParNew: 144886K->4649K(153344K)
[2020-09-12T12:28:31.456+0000][1][gc,heap      ] GC(1) CMS: 0K->9124K(1926784K)
[2020-09-12T12:28:31.456+0000][1][gc,metaspace ] GC(1) Metaspace: 20215K->20215K(1067008K)
[2020-09-12T12:28:31.456+0000][1][gc           ] GC(1) Pause Young (Allocation Failure) 141M->13M(2031M) 133.734ms
[2020-09-12T12:28:31.456+0000][1][gc,cpu       ] GC(1) User=0.06s Sys=0.00s Real=0.13s
[2020-09-12T12:28:31.456+0000][1][safepoint    ] Safepoint "GenCollectForAllocation", Time since last: 798525175 ns, Reaching safepoint: 50428 ns, At safepoint: 133788463 ns, Total: 133838891 ns
[2020-09-12T12:28:31.478+0000][1][safepoint    ] Safepoint "RevokeBias", Time since last: 13715041 ns, Reaching safepoint: 8279630 ns, At safepoint: 69427 ns, Total: 8349057 ns
[2020-09-12T12:28:31.484+0000][1][safepoint    ] Safepoint "RevokeBias", Time since last: 2375957 ns, Reaching safepoint: 2868859 ns, At safepoint: 76361 ns, Total: 2945220 ns
[2020-09-12T12:28:31.484+0000][1][safepoint    ] Safepoint "RevokeBias", Time since last: 151572 ns, Reaching safepoint: 103436 ns, At safepoint: 40535 ns, Total: 143971 ns
[2020-09-12T12:28:31.485+0000][1][safepoint    ] Safepoint "RevokeBias", Time since last: 629992 ns, Reaching safepoint: 233404 ns, At safepoint: 84455 ns, Total: 317859 ns
[2020-09-12T12:28:31.496+0000][1][safepoint    ] Safepoint "RevokeBias", Time since last: 7817825 ns, Reaching safepoint: 2844130 ns, At safepoint: 71820 ns, Total: 2915950 ns
[2020-09-12T12:28:31.496+0000][1][safepoint    ] Safepoint "RevokeBias", Time since last: 162097 ns, Reaching safepoint: 168492 ns, At safepoint: 67000 ns, Total: 235492 ns
[2020-09-12T12:28:31.499+0000][1][safepoint    ] Safepoint "RevokeBias", Time since last: 700973 ns, Reaching safepoint: 2496456 ns, At safepoint: 97342 ns, Total: 2593798 ns
[2020-09-12T12:28:31.500+0000][1][safepoint    ] Safepoint "RevokeBias", Time since last: 92894 ns, Reaching safepoint: 93463 ns, At safepoint: 65492 ns, Total: 158955 ns
[2020-09-12T12:28:31.500+0000][1][safepoint    ] Safepoint "RevokeBias", Time since last: 67112 ns, Reaching safepoint: 84594 ns, At safepoint: 42128 ns, Total: 126722 ns
[2020-09-12T12:28:31.500+0000][1][safepoint    ] Safepoint "RevokeBias", Time since last: 45074 ns, Reaching safepoint: 83067 ns, At safepoint: 69251 ns, Total: 152318 ns
[2020-09-12T12:28:31.500+0000][1][safepoint    ] Safepoint "RevokeBias", Time since last: 49975 ns, Reaching safepoint: 82731 ns, At safepoint: 42594 ns, Total: 125325 ns
[2020-09-12T12:28:31.500+0000][1][safepoint    ] Safepoint "BulkRevokeBias", Time since last: 159313 ns, Reaching safepoint: 86075 ns, At safepoint: 86590 ns, Total: 172665 ns
[2020-09-12T12:28:32.501+0000][1][safepoint    ] Safepoint "Cleanup", Time since last: 1000117834 ns, Reaching safepoint: 62354 ns, At safepoint: 7630 ns, Total: 69984 ns
[2020-09-12T12:28:32.846+0000][1][safepoint    ] Safepoint "CollectForMetadataAllocation", Time since last: 345020306 ns, Reaching safepoint: 38299 ns, At safepoint: 100599 ns, Total: 138898 ns
[2020-09-12T12:28:33.055+0000][1][safepoint    ] Safepoint "CollectForMetadataAllocation", Time since last: 209300802 ns, Reaching safepoint: 43956 ns, At safepoint: 176038 ns, Total: 219994 ns
[2020-09-12T12:28:33.474+0000][1][gc,start     ] GC(2) Pause Initial Mark
[2020-09-12T12:28:33.536+0000][1][gc           ] GC(2) Pause Initial Mark 120M->120M(2031M) 61.990ms
[2020-09-12T12:28:33.536+0000][1][gc,cpu       ] GC(2) User=0.04s Sys=0.01s Real=0.06s
[2020-09-12T12:28:33.536+0000][1][safepoint    ] Safepoint "CMS_Initial_Mark", Time since last: 418127443 ns, Reaching safepoint: 53686 ns, At safepoint: 62068925 ns, Total: 62122611 ns
[2020-09-12T12:28:33.536+0000][1][gc           ] GC(2) Concurrent Mark
[2020-09-12T12:28:33.634+0000][1][gc           ] GC(2) Concurrent Mark 98.743ms
[2020-09-12T12:28:33.634+0000][1][gc,cpu       ] GC(2) User=0.04s Sys=0.00s Real=0.10s
[2020-09-12T12:28:33.634+0000][1][gc           ] GC(2) Concurrent Preclean
[2020-09-12T12:28:33.637+0000][1][gc           ] GC(2) Concurrent Preclean 2.738ms
[2020-09-12T12:28:33.637+0000][1][gc,cpu       ] GC(2) User=0.00s Sys=0.00s Real=0.00s
[2020-09-12T12:28:33.637+0000][1][gc           ] GC(2) Concurrent Abortable Preclean
[2020-09-12T12:28:33.885+0000][1][safepoint    ] Safepoint "CollectForMetadataAllocation", Time since last: 348303856 ns, Reaching safepoint: 823109 ns, At safepoint: 161027 ns, Total: 984136 ns
[2020-09-12T12:28:33.901+0000][1][safepoint    ] Safepoint "Deoptimize", Time since last: 15341992 ns, Reaching safepoint: 38863 ns, At safepoint: 243284 ns, Total: 282147 ns
[2020-09-12T12:28:33.977+0000][1][safepoint    ] Safepoint "RevokeBias", Time since last: 76337638 ns, Reaching safepoint: 34042 ns, At safepoint: 40948 ns, Total: 74990 ns
[2020-09-12T12:28:34.065+0000][1][safepoint    ] Safepoint "RevokeBias", Time since last: 85912828 ns, Reaching safepoint: 1867041 ns, At safepoint: 42360 ns, Total: 1909401 ns
[2020-09-12T12:28:34.091+0000][1][safepoint    ] Safepoint "RevokeBias", Time since last: 26436628 ns, Reaching safepoint: 233530 ns, At safepoint: 58093 ns, Total: 291623 ns
[2020-09-12T12:28:34.133+0000][1][safepoint    ] Safepoint "RevokeBias", Time since last: 40715540 ns, Reaching safepoint: 1221473 ns, At safepoint: 57363 ns, Total: 1278836 ns
[2020-09-12T12:28:34.139+0000][1][safepoint    ] Safepoint "RevokeBias", Time since last: 2978762 ns, Reaching safepoint: 2336785 ns, At safepoint: 36947 ns, Total: 2373732 ns
[2020-09-12T12:28:34.166+0000][1][safepoint    ] Safepoint "RevokeBias", Time since last: 23874665 ns, Reaching safepoint: 2865182 ns, At safepoint: 55675 ns, Total: 2920857 ns
[2020-09-12T12:28:34.219+0000][1][safepoint    ] Safepoint "RevokeBias", Time since last: 47157612 ns, Reaching safepoint: 6316986 ns, At safepoint: 41877 ns, Total: 6358863 ns
[2020-09-12T12:28:34.298+0000][1][safepoint    ] Safepoint "RevokeBias", Time since last: 72786115 ns, Reaching safepoint: 6120940 ns, At safepoint: 38036 ns, Total: 6158976 ns
[2020-09-12T12:28:34.309+0000][1][safepoint    ] Safepoint "RevokeBias", Time since last: 10887738 ns, Reaching safepoint: 39394 ns, At safepoint: 30952 ns, Total: 70346 ns
[2020-09-12T12:28:34.365+0000][1][safepoint    ] Safepoint "Deoptimize", Time since last: 55236826 ns, Reaching safepoint: 47316 ns, At safepoint: 235965 ns, Total: 283281 ns
[2020-09-12T12:28:34.373+0000][1][gc,start     ] GC(3) Pause Young (Allocation Failure)
[2020-09-12T12:28:34.373+0000][1][gc,task      ] GC(3) Using 2 workers of 2 for evacuation
[2020-09-12T12:28:34.434+0000][1][gc,age       ] GC(3) Desired survivor size 8716288 bytes, new threshold 6 (max threshold 6)
[2020-09-12T12:28:34.434+0000][1][gc,age       ] GC(3) Age table with threshold 6 (max threshold 6)
[2020-09-12T12:28:34.434+0000][1][gc,age       ] GC(3) - age   1:    2849824 bytes,    2849824 total
[2020-09-12T12:28:34.434+0000][1][gc,age       ] GC(3) - age   2:    2259832 bytes,    5109656 total
[2020-09-12T12:28:34.434+0000][1][gc,heap      ] GC(3) ParNew: 140969K->5686K(153344K)
[2020-09-12T12:28:34.434+0000][1][gc,heap      ] GC(3) CMS: 9124K->9124K(1926784K)
[2020-09-12T12:28:34.434+0000][1][gc,metaspace ] GC(3) Metaspace: 21200K->21200K(1069056K)
[2020-09-12T12:28:34.434+0000][1][gc           ] GC(3) Pause Young (Allocation Failure) 146M->14M(2031M) 61.314ms
[2020-09-12T12:28:34.434+0000][1][gc,cpu       ] GC(3) User=0.04s Sys=0.01s Real=0.06s
[2020-09-12T12:28:34.434+0000][1][safepoint    ] Safepoint "GenCollectForAllocation", Time since last: 8391638 ns, Reaching safepoint: 58393 ns, At safepoint: 61359443 ns, Total: 61417836 ns
[2020-09-12T12:28:34.444+0000][1][safepoint    ] Safepoint "BulkRevokeBias", Time since last: 9623980 ns, Reaching safepoint: 130601 ns, At safepoint: 158839 ns, Total: 289440 ns
[2020-09-12T12:28:34.448+0000][1][safepoint    ] Safepoint "RevokeBias", Time since last: 66415 ns, Reaching safepoint: 3240056 ns, At safepoint: 64350 ns, Total: 3304406 ns
[2020-09-12T12:28:34.448+0000][1][safepoint    ] Safepoint "RevokeBias", Time since last: 69990 ns, Reaching safepoint: 113597 ns, At safepoint: 25002 ns, Total: 138599 ns
[2020-09-12T12:28:34.453+0000][1][safepoint    ] Safepoint "RevokeBias", Time since last: 33748 ns, Reaching safepoint: 4814348 ns, At safepoint: 59067 ns, Total: 4873415 ns
[2020-09-12T12:28:34.457+0000][1][safepoint    ] Safepoint "RevokeBias", Time since last: 89635 ns, Reaching safepoint: 4135329 ns, At safepoint: 42407 ns, Total: 4177736 ns
[2020-09-12T12:28:34.457+0000][1][safepoint    ] Safepoint "RevokeBias", Time since last: 66117 ns, Reaching safepoint: 87328 ns, At safepoint: 22109 ns, Total: 109437 ns
[2020-09-12T12:28:34.457+0000][1][safepoint    ] Safepoint "RevokeBias", Time since last: 60930 ns, Reaching safepoint: 85969 ns, At safepoint: 20136 ns, Total: 106105 ns
[2020-09-12T12:28:34.458+0000][1][safepoint    ] Safepoint "RevokeBias", Time since last: 29313 ns, Reaching safepoint: 85536 ns, At safepoint: 28538 ns, Total: 114074 ns
[2020-09-12T12:28:34.458+0000][1][safepoint    ] Safepoint "RevokeBias", Time since last: 34314 ns, Reaching safepoint: 87084 ns, At safepoint: 27344 ns, Total: 114428 ns
[2020-09-12T12:28:34.458+0000][1][safepoint    ] Safepoint "RevokeBias", Time since last: 28756 ns, Reaching safepoint: 84394 ns, At safepoint: 18762 ns, Total: 103156 ns
[2020-09-12T12:28:34.458+0000][1][safepoint    ] Safepoint "RevokeBias", Time since last: 33009 ns, Reaching safepoint: 85028 ns, At safepoint: 25662 ns, Total: 110690 ns
[2020-09-12T12:28:34.458+0000][1][safepoint    ] Safepoint "RevokeBias", Time since last: 28833 ns, Reaching safepoint: 86087 ns, At safepoint: 20243 ns, Total: 106330 ns
[2020-09-12T12:28:34.462+0000][1][safepoint    ] Safepoint "RevokeBias", Time since last: 33016 ns, Reaching safepoint: 4194137 ns, At safepoint: 44078 ns, Total: 4238215 ns
[2020-09-12T12:28:34.463+0000][1][safepoint    ] Safepoint "RevokeBias", Time since last: 74464 ns, Reaching safepoint: 534595 ns, At safepoint: 32034 ns, Total: 566629 ns
[2020-09-12T12:28:34.463+0000][1][safepoint    ] Safepoint "RevokeBias", Time since last: 105868 ns, Reaching safepoint: 17762 ns, At safepoint: 26867 ns, Total: 44629 ns
[2020-09-12T12:28:34.463+0000][1][safepoint    ] Safepoint "RevokeBias", Time since last: 46808 ns, Reaching safepoint: 13184 ns, At safepoint: 21805 ns, Total: 34989 ns
[2020-09-12T12:28:34.463+0000][1][safepoint    ] Safepoint "RevokeBias", Time since last: 41441 ns, Reaching safepoint: 91586 ns, At safepoint: 28948 ns, Total: 120534 ns
[2020-09-12T12:28:34.464+0000][1][safepoint    ] Safepoint "RevokeBias", Time since last: 31907 ns, Reaching safepoint: 95164 ns, At safepoint: 25352 ns, Total: 120516 ns
[2020-09-12T12:28:34.464+0000][1][safepoint    ] Safepoint "RevokeBias", Time since last: 29581 ns, Reaching safepoint: 86013 ns, At safepoint: 18482 ns, Total: 104495 ns
[2020-09-12T12:28:34.464+0000][1][safepoint    ] Safepoint "RevokeBias", Time since last: 29256 ns, Reaching safepoint: 87358 ns, At safepoint: 26919 ns, Total: 114277 ns
[2020-09-12T12:28:34.731+0000][1][safepoint    ] Safepoint "RevokeBias", Time since last: 267406722 ns, Reaching safepoint: 60369 ns, At safepoint: 37116 ns, Total: 97485 ns
[2020-09-12T12:28:34.755+0000][1][safepoint    ] Safepoint "RevokeBias", Time since last: 17375555 ns, Reaching safepoint: 6079374 ns, At safepoint: 43414 ns, Total: 6122788 ns
[2020-09-12T12:28:35.044+0000][1][safepoint    ] Safepoint "RevokeBias", Time since last: 288795029 ns, Reaching safepoint: 49452 ns, At safepoint: 28022 ns, Total: 77474 ns
[2020-09-12T12:28:35.069+0000][1][safepoint    ] Safepoint "RevokeBias", Time since last: 24974216 ns, Reaching safepoint: 33446 ns, At safepoint: 41671 ns, Total: 75117 ns
[2020-09-12T12:28:35.069+0000][1][gc           ] GC(2) Concurrent Abortable Preclean 1431.566ms
[2020-09-12T12:28:35.069+0000][1][gc,cpu       ] GC(2) User=0.67s Sys=0.01s Real=1.44s
[2020-09-12T12:28:35.069+0000][1][gc,start     ] GC(2) Pause Remark
[2020-09-12T12:28:35.144+0000][1][gc           ] GC(2) Pause Remark 87M->87M(2031M) 75.334ms
[2020-09-12T12:28:35.144+0000][1][gc,cpu       ] GC(2) User=0.04s Sys=0.00s Real=0.07s
[2020-09-12T12:28:35.144+0000][1][safepoint    ] Safepoint "CMS_Final_Remark", Time since last: 92627 ns, Reaching safepoint: 8898 ns, At safepoint: 75438699 ns, Total: 75447597 ns
[2020-09-12T12:28:35.144+0000][1][gc           ] GC(2) Concurrent Sweep
[2020-09-12T12:28:35.151+0000][1][gc           ] GC(2) Concurrent Sweep 7.077ms
[2020-09-12T12:28:35.151+0000][1][gc,cpu       ] GC(2) User=0.00s Sys=0.00s Real=0.01s
[2020-09-12T12:28:35.151+0000][1][gc           ] GC(2) Concurrent Reset
[2020-09-12T12:28:35.166+0000][1][gc           ] GC(2) Concurrent Reset 14.583ms
[2020-09-12T12:28:35.166+0000][1][gc,cpu       ] GC(2) User=0.01s Sys=0.00s Real=0.01s
[2020-09-12T12:28:35.166+0000][1][gc,heap      ] GC(2) Old: 9124K->9123K(1926784K)
[2020-09-12T12:28:35.185+0000][1][safepoint    ] Safepoint "RevokeBias", Time since last: 40399750 ns, Reaching safepoint: 330495 ns, At safepoint: 45293 ns, Total: 375788 ns
[2020-09-12T12:28:35.414+0000][1][safepoint    ] Safepoint "RevokeBias", Time since last: 219617658 ns, Reaching safepoint: 9719344 ns, At safepoint: 56649 ns, Total: 9775993 ns
[2020-09-12T12:28:35.416+0000][1][safepoint    ] Safepoint "RevokeBias", Time since last: 1403949 ns, Reaching safepoint: 367139 ns, At safepoint: 37654 ns, Total: 404793 ns
[2020-09-12T12:28:35.747+0000][1][gc,start     ] GC(4) Pause Young (Allocation Failure)
[2020-09-12T12:28:35.747+0000][1][gc,task      ] GC(4) Using 2 workers of 2 for evacuation
[2020-09-12T12:28:35.791+0000][1][gc,age       ] GC(4) Desired survivor size 8716288 bytes, new threshold 6 (max threshold 6)
[2020-09-12T12:28:35.791+0000][1][gc,age       ] GC(4) Age table with threshold 6 (max threshold 6)
[2020-09-12T12:28:35.791+0000][1][gc,age       ] GC(4) - age   1:    2365336 bytes,    2365336 total
[2020-09-12T12:28:35.791+0000][1][gc,age       ] GC(4) - age   2:    2824888 bytes,    5190224 total
[2020-09-12T12:28:35.791+0000][1][gc,age       ] GC(4) - age   3:    2250728 bytes,    7440952 total
[2020-09-12T12:28:35.791+0000][1][gc,heap      ] GC(4) ParNew: 142006K->9380K(153344K)
[2020-09-12T12:28:35.791+0000][1][gc,heap      ] GC(4) CMS: 9123K->9123K(1926784K)
[2020-09-12T12:28:35.791+0000][1][gc,metaspace ] GC(4) Metaspace: 21317K->21317K(1069056K)
[2020-09-12T12:28:35.791+0000][1][gc           ] GC(4) Pause Young (Allocation Failure) 147M->18M(2031M) 44.600ms
[2020-09-12T12:28:35.791+0000][1][gc,cpu       ] GC(4) User=0.02s Sys=0.00s Real=0.05s
[2020-09-12T12:28:35.791+0000][1][safepoint    ] Safepoint "GenCollectForAllocation", Time since last: 330203349 ns, Reaching safepoint: 34267 ns, At safepoint: 44648008 ns, Total: 44682275 ns
[2020-09-12T12:28:35.808+0000][1][safepoint    ] Safepoint "RevokeBias", Time since last: 9088146 ns, Reaching safepoint: 7662088 ns, At safepoint: 70055 ns, Total: 7732143 ns
[2020-09-12T12:28:35.817+0000][1][safepoint    ] Safepoint "RevokeBias", Time since last: 73795 ns, Reaching safepoint: 8668995 ns, At safepoint: 73900 ns, Total: 8742895 ns
[2020-09-12T12:28:35.818+0000][1][safepoint    ] Safepoint "RevokeBias", Time since last: 89918 ns, Reaching safepoint: 1175160 ns, At safepoint: 41462 ns, Total: 1216622 ns
[2020-09-12T12:28:35.818+0000][1][safepoint    ] Safepoint "RevokeBias", Time since last: 55504 ns, Reaching safepoint: 86077 ns, At safepoint: 40136 ns, Total: 126213 ns
[2020-09-12T12:28:35.818+0000][1][safepoint    ] Safepoint "RevokeBias", Time since last: 44889 ns, Reaching safepoint: 81397 ns, At safepoint: 20928 ns, Total: 102325 ns
[2020-09-12T12:28:35.818+0000][1][safepoint    ] Safepoint "RevokeBias", Time since last: 30902 ns, Reaching safepoint: 8344 ns, At safepoint: 18827 ns, Total: 27171 ns
[2020-09-12T12:28:36.825+0000][1][safepoint    ] Safepoint "Cleanup", Time since last: 1002245972 ns, Reaching safepoint: 4001293 ns, At safepoint: 35043 ns, Total: 4036336 ns
[2020-09-12T12:28:37.179+0000][1][gc,start     ] GC(5) Pause Young (Allocation Failure)
[2020-09-12T12:28:37.179+0000][1][gc,task      ] GC(5) Using 2 workers of 2 for evacuation
[2020-09-12T12:28:37.253+0000][1][gc,age       ] GC(5) Desired survivor size 8716288 bytes, new threshold 6 (max threshold 6)
[2020-09-12T12:28:37.253+0000][1][gc,age       ] GC(5) Age table with threshold 6 (max threshold 6)
[2020-09-12T12:28:37.253+0000][1][gc,age       ] GC(5) - age   1:    2034200 bytes,    2034200 total
[2020-09-12T12:28:37.253+0000][1][gc,age       ] GC(5) - age   2:     502968 bytes,    2537168 total
[2020-09-12T12:28:37.253+0000][1][gc,age       ] GC(5) - age   3:    2822296 bytes,    5359464 total
[2020-09-12T12:28:37.253+0000][1][gc,age       ] GC(5) - age   4:    2250280 bytes,    7609744 total
[2020-09-12T12:28:37.253+0000][1][gc,heap      ] GC(5) ParNew: 145700K->9933K(153344K)
[2020-09-12T12:28:37.253+0000][1][gc,heap      ] GC(5) CMS: 9123K->9123K(1926784K)
[2020-09-12T12:28:37.253+0000][1][gc,metaspace ] GC(5) Metaspace: 21739K->21739K(1069056K)
[2020-09-12T12:28:37.253+0000][1][gc           ] GC(5) Pause Young (Allocation Failure) 151M->18M(2031M) 73.816ms
[2020-09-12T12:28:37.253+0000][1][gc,cpu       ] GC(5) User=0.04s Sys=0.00s Real=0.08s
[2020-09-12T12:28:37.253+0000][1][safepoint    ] Safepoint "GenCollectForAllocation", Time since last: 354570807 ns, Reaching safepoint: 47735 ns, At safepoint: 73869456 ns, Total: 73917191 ns
[2020-09-12T12:28:37.257+0000][1][safepoint    ] Safepoint "RevokeBias", Time since last: 3511265 ns, Reaching safepoint: 25762 ns, At safepoint: 35774 ns, Total: 61536 ns
[2020-09-12T12:28:37.273+0000][1][safepoint    ] Safepoint "RevokeBias", Time since last: 55482 ns, Reaching safepoint: 15841426 ns, At safepoint: 49775 ns, Total: 15891201 ns
[2020-09-12T12:28:37.273+0000][1][safepoint    ] Safepoint "BulkRevokeBias", Time since last: 88949 ns, Reaching safepoint: 14579 ns, At safepoint: 44360 ns, Total: 58939 ns
[2020-09-12T12:28:37.273+0000][1][safepoint    ] Safepoint "BulkRevokeBias", Time since last: 47051 ns, Reaching safepoint: 82594 ns, At safepoint: 40156 ns, Total: 122750 ns
[2020-09-12T12:28:38.274+0000][1][safepoint    ] Safepoint "Cleanup", Time since last: 1000085611 ns, Reaching safepoint: 383632 ns, At safepoint: 9746 ns, Total: 393378 ns
[2020-09-12T12:28:38.429+0000][1][gc,start     ] GC(6) Pause Young (Allocation Failure)
[2020-09-12T12:28:38.429+0000][1][gc,task      ] GC(6) Using 2 workers of 2 for evacuation
[2020-09-12T12:28:38.485+0000][1][gc,age       ] GC(6) Desired survivor size 8716288 bytes, new threshold 6 (max threshold 6)
[2020-09-12T12:28:38.485+0000][1][gc,age       ] GC(6) Age table with threshold 6 (max threshold 6)
[2020-09-12T12:28:38.485+0000][1][gc,age       ] GC(6) - age   1:    1679792 bytes,    1679792 total
[2020-09-12T12:28:38.485+0000][1][gc,age       ] GC(6) - age   2:    1314080 bytes,    2993872 total
[2020-09-12T12:28:38.485+0000][1][gc,age       ] GC(6) - age   3:     502968 bytes,    3496840 total
[2020-09-12T12:28:38.485+0000][1][gc,age       ] GC(6) - age   4:    2821984 bytes,    6318824 total
[2020-09-12T12:28:38.485+0000][1][gc,age       ] GC(6) - age   5:    2249576 bytes,    8568400 total
[2020-09-12T12:28:38.485+0000][1][gc,heap      ] GC(6) ParNew: 146253K->14458K(153344K)
[2020-09-12T12:28:38.485+0000][1][gc,heap      ] GC(6) CMS: 9123K->9123K(1926784K)
[2020-09-12T12:28:38.485+0000][1][gc,metaspace ] GC(6) Metaspace: 22673K->22673K(1071104K)
[2020-09-12T12:28:38.485+0000][1][gc           ] GC(6) Pause Young (Allocation Failure) 151M->23M(2031M) 56.416ms
[2020-09-12T12:28:38.485+0000][1][gc,cpu       ] GC(6) User=0.03s Sys=0.00s Real=0.05s
[2020-09-12T12:28:38.485+0000][1][safepoint    ] Safepoint "GenCollectForAllocation", Time since last: 151155129 ns, Reaching safepoint: 4080007 ns, At safepoint: 56469769 ns, Total: 60549776 ns
[2020-09-12T12:28:38.944+0000][1][safepoint    ] Safepoint "RevokeBias", Time since last: 459156701 ns, Reaching safepoint: 29302 ns, At safepoint: 17686 ns, Total: 46988 ns
[2020-09-12T12:28:38.945+0000][1][safepoint    ] Safepoint "RevokeBias", Time since last: 62718 ns, Reaching safepoint: 9530 ns, At safepoint: 8372 ns, Total: 17902 ns
[2020-09-12T12:28:39.474+0000][1][gc,start     ] GC(7) Pause Young (Allocation Failure)
[2020-09-12T12:28:39.474+0000][1][gc,task      ] GC(7) Using 2 workers of 2 for evacuation
[2020-09-12T12:28:39.577+0000][1][gc,age       ] GC(7) Desired survivor size 8716288 bytes, new threshold 6 (max threshold 6)
[2020-09-12T12:28:39.577+0000][1][gc,age       ] GC(7) Age table with threshold 6 (max threshold 6)
[2020-09-12T12:28:39.577+0000][1][gc,age       ] GC(7) - age   1:    1159672 bytes,    1159672 total
[2020-09-12T12:28:39.577+0000][1][gc,age       ] GC(7) - age   2:     754760 bytes,    1914432 total
[2020-09-12T12:28:39.577+0000][1][gc,age       ] GC(7) - age   3:    1314056 bytes,    3228488 total
[2020-09-12T12:28:39.577+0000][1][gc,age       ] GC(7) - age   4:     502104 bytes,    3730592 total
[2020-09-12T12:28:39.577+0000][1][gc,age       ] GC(7) - age   5:    2821984 bytes,    6552576 total
[2020-09-12T12:28:39.577+0000][1][gc,age       ] GC(7) - age   6:    2249432 bytes,    8802008 total
[2020-09-12T12:28:39.577+0000][1][gc,heap      ] GC(7) ParNew: 150778K->12362K(153344K)
[2020-09-12T12:28:39.577+0000][1][gc,heap      ] GC(7) CMS: 9123K->9123K(1926784K)
[2020-09-12T12:28:39.577+0000][1][gc,metaspace ] GC(7) Metaspace: 22854K->22854K(1071104K)
[2020-09-12T12:28:39.577+0000][1][gc           ] GC(7) Pause Young (Allocation Failure) 156M->20M(2031M) 103.242ms
[2020-09-12T12:28:39.577+0000][1][gc,cpu       ] GC(7) User=0.03s Sys=0.00s Real=0.10s
[2020-09-12T12:28:39.577+0000][1][safepoint    ] Safepoint "GenCollectForAllocation", Time since last: 525227665 ns, Reaching safepoint: 4199438 ns, At safepoint: 103305732 ns, Total: 107505170 ns
[2020-09-12T12:28:40.521+0000][1][gc,start     ] GC(8) Pause Young (Allocation Failure)
[2020-09-12T12:28:40.521+0000][1][gc,task      ] GC(8) Using 2 workers of 2 for evacuation
[2020-09-12T12:28:40.606+0000][1][gc,age       ] GC(8) Desired survivor size 8716288 bytes, new threshold 6 (max threshold 6)
[2020-09-12T12:28:40.606+0000][1][gc,age       ] GC(8) Age table with threshold 6 (max threshold 6)
[2020-09-12T12:28:40.606+0000][1][gc,age       ] GC(8) - age   1:    1059720 bytes,    1059720 total
[2020-09-12T12:28:40.606+0000][1][gc,age       ] GC(8) - age   2:     415576 bytes,    1475296 total
[2020-09-12T12:28:40.606+0000][1][gc,age       ] GC(8) - age   3:     754608 bytes,    2229904 total
[2020-09-12T12:28:40.606+0000][1][gc,age       ] GC(8) - age   4:    1314056 bytes,    3543960 total
[2020-09-12T12:28:40.606+0000][1][gc,age       ] GC(8) - age   5:     502104 bytes,    4046064 total
[2020-09-12T12:28:40.606+0000][1][gc,age       ] GC(8) - age   6:    2821984 bytes,    6868048 total
[2020-09-12T12:28:40.606+0000][1][gc,heap      ] GC(8) ParNew: 148682K->11524K(153344K)
[2020-09-12T12:28:40.606+0000][1][gc,heap      ] GC(8) CMS: 9123K->11348K(1926784K)
[2020-09-12T12:28:40.606+0000][1][gc,metaspace ] GC(8) Metaspace: 22967K->22967K(1071104K)
[2020-09-12T12:28:40.606+0000][1][gc           ] GC(8) Pause Young (Allocation Failure) 154M->22M(2031M) 85.080ms
[2020-09-12T12:28:40.606+0000][1][gc,cpu       ] GC(8) User=0.03s Sys=0.00s Real=0.08s
[2020-09-12T12:28:40.606+0000][1][safepoint    ] Safepoint "GenCollectForAllocation", Time since last: 943475208 ns, Reaching safepoint: 69119 ns, At safepoint: 85134082 ns, Total: 85203201 ns
[2020-09-12T12:28:40.795+0000][1][safepoint    ] Safepoint "Deoptimize", Time since last: 189007810 ns, Reaching safepoint: 112927 ns, At safepoint: 253163 ns, Total: 366090 ns
[2020-09-12T12:28:41.800+0000][1][safepoint    ] Safepoint "Cleanup", Time since last: 1001081454 ns, Reaching safepoint: 3339352 ns, At safepoint: 16881 ns, Total: 3356233 ns
[2020-09-12T12:28:42.103+0000][1][safepoint    ] Safepoint "RevokeBias", Time since last: 287741531 ns, Reaching safepoint: 15069719 ns, At safepoint: 33474 ns, Total: 15103193 ns
[2020-09-12T12:28:42.105+0000][1][safepoint    ] Safepoint "RevokeBias", Time since last: 78164 ns, Reaching safepoint: 2005382 ns, At safepoint: 24226 ns, Total: 2029608 ns
[2020-09-12T12:28:42.107+0000][1][safepoint    ] Safepoint "RevokeBias", Time since last: 60338 ns, Reaching safepoint: 2452079 ns, At safepoint: 29466 ns, Total: 2481545 ns
[2020-09-12T12:28:42.107+0000][1][safepoint    ] Safepoint "RevokeBias", Time since last: 87003 ns, Reaching safepoint: 111730 ns, At safepoint: 17878 ns, Total: 129608 ns
[2020-09-12T12:28:42.108+0000][1][safepoint    ] Safepoint "RevokeBias", Time since last: 55728 ns, Reaching safepoint: 103672 ns, At safepoint: 16251 ns, Total: 119923 ns
[2020-09-12T12:28:42.108+0000][1][safepoint    ] Safepoint "RevokeBias", Time since last: 45807 ns, Reaching safepoint: 99996 ns, At safepoint: 15480 ns, Total: 115476 ns
[2020-09-12T12:28:42.108+0000][1][safepoint    ] Safepoint "RevokeBias", Time since last: 42038 ns, Reaching safepoint: 95630 ns, At safepoint: 13862 ns, Total: 109492 ns
[2020-09-12T12:28:42.108+0000][1][safepoint    ] Safepoint "RevokeBias", Time since last: 60370 ns, Reaching safepoint: 94652 ns, At safepoint: 13555 ns, Total: 108207 ns
[2020-09-12T12:28:43.108+0000][1][safepoint    ] Safepoint "Cleanup", Time since last: 1000113540 ns, Reaching safepoint: 69257 ns, At safepoint: 10797 ns, Total: 80054 ns
[2020-09-12T12:28:44.109+0000][1][safepoint    ] Safepoint "Cleanup", Time since last: 1000123332 ns, Reaching safepoint: 47898 ns, At safepoint: 8128 ns, Total: 56026 ns
[2020-09-12T12:28:44.525+0000][1][safepoint    ] Safepoint "Deoptimize", Time since last: 400456900 ns, Reaching safepoint: 15733157 ns, At safepoint: 233842 ns, Total: 15966999 ns
[2020-09-12T12:28:44.553+0000][1][safepoint    ] Safepoint "Deoptimize", Time since last: 26635028 ns, Reaching safepoint: 1126659 ns, At safepoint: 246522 ns, Total: 1373181 ns
[2020-09-12T12:28:45.565+0000][1][safepoint    ] Safepoint "Cleanup", Time since last: 1000260626 ns, Reaching safepoint: 12235615 ns, At safepoint: 22127 ns, Total: 12257742 ns
[2020-09-12T12:28:46.573+0000][1][safepoint    ] Safepoint "Cleanup", Time since last: 1001046745 ns, Reaching safepoint: 6270914 ns, At safepoint: 13085 ns, Total: 6283999 ns
[2020-09-12T12:28:47.573+0000][1][safepoint    ] Safepoint "Cleanup", Time since last: 1000085725 ns, Reaching safepoint: 257989 ns, At safepoint: 9658 ns, Total: 267647 ns
[2020-09-12T12:28:48.575+0000][1][safepoint    ] Safepoint "Cleanup", Time since last: 1000418312 ns, Reaching safepoint: 1042170 ns, At safepoint: 16423 ns, Total: 1058593 ns
[2020-09-12T12:28:49.576+0000][1][safepoint    ] Safepoint "Cleanup", Time since last: 1000167796 ns, Reaching safepoint: 716676 ns, At safepoint: 9499 ns, Total: 726175 ns
[2020-09-12T12:28:50.577+0000][1][gc,start     ] GC(9) Pause Young (Allocation Failure)
[2020-09-12T12:28:50.577+0000][1][gc,task      ] GC(9) Using 2 workers of 2 for evacuation
[2020-09-12T12:28:50.838+0000][1][gc,age       ] GC(9) Desired survivor size 8716288 bytes, new threshold 1 (max threshold 6)
[2020-09-12T12:28:50.838+0000][1][gc,age       ] GC(9) Age table with threshold 1 (max threshold 6)
[2020-09-12T12:28:50.838+0000][1][gc,age       ] GC(9) - age   1:   13626952 bytes,   13626952 total
[2020-09-12T12:28:50.838+0000][1][gc,age       ] GC(9) - age   2:     297416 bytes,   13924368 total
[2020-09-12T12:28:50.838+0000][1][gc,age       ] GC(9) - age   3:     412776 bytes,   14337144 total
[2020-09-12T12:28:50.838+0000][1][gc,age       ] GC(9) - age   4:     752880 bytes,   15090024 total
[2020-09-12T12:28:50.838+0000][1][gc,age       ] GC(9) - age   5:    1307960 bytes,   16397984 total
[2020-09-12T12:28:50.838+0000][1][gc,age       ] GC(9) - age   6:     492072 bytes,   16890056 total
[2020-09-12T12:28:50.838+0000][1][gc,heap      ] GC(9) ParNew: 147844K->17024K(153344K)
[2020-09-12T12:28:50.838+0000][1][gc,heap      ] GC(9) CMS: 11348K->14123K(1926784K)
[2020-09-12T12:28:50.838+0000][1][gc,metaspace ] GC(9) Metaspace: 29904K->29904K(1077248K)
[2020-09-12T12:28:50.838+0000][1][gc           ] GC(9) Pause Young (Allocation Failure) 155M->30M(2031M) 261.093ms
[2020-09-12T12:28:50.838+0000][1][gc,cpu       ] GC(9) User=0.08s Sys=0.01s Real=0.26s
[2020-09-12T12:28:50.838+0000][1][safepoint    ] Safepoint "GenCollectForAllocation", Time since last: 996552355 ns, Reaching safepoint: 5078654 ns, At safepoint: 261143382 ns, Total: 266222036 ns
[2020-09-12T12:28:52.845+0000][1][safepoint    ] Safepoint "Cleanup", Time since last: 2000943131 ns, Reaching safepoint: 5652241 ns, At safepoint: 10647 ns, Total: 5662888 ns
[2020-09-12T12:28:53.864+0000][1][safepoint    ] Safepoint "Cleanup", Time since last: 1013787967 ns, Reaching safepoint: 5226107 ns, At safepoint: 17841 ns, Total: 5243948 ns
[2020-09-12T12:28:55.894+0000][1][safepoint    ] Safepoint "Cleanup", Time since last: 2029416699 ns, Reaching safepoint: 148161 ns, At safepoint: 9894 ns, Total: 158055 ns
[2020-09-12T12:28:56.894+0000][1][safepoint    ] Safepoint "Cleanup", Time since last: 1000124488 ns, Reaching safepoint: 331115 ns, At safepoint: 10776 ns, Total: 341891 ns
[2020-09-12T12:28:56.920+0000][1][safepoint    ] Safepoint "RevokeBias", Time since last: 26357701 ns, Reaching safepoint: 102600 ns, At safepoint: 39317 ns, Total: 141917 ns
[2020-09-12T12:28:57.923+0000][1][safepoint    ] Safepoint "Cleanup", Time since last: 1002031341 ns, Reaching safepoint: 138401 ns, At safepoint: 7652 ns, Total: 146053 ns
[2020-09-12T12:28:58.005+0000][1][gc,start     ] GC(10) Pause Young (Allocation Failure)
[2020-09-12T12:28:58.005+0000][1][gc,task      ] GC(10) Using 2 workers of 2 for evacuation
[2020-09-12T12:28:58.300+0000][1][gc,age       ] GC(10) Desired survivor size 8716288 bytes, new threshold 1 (max threshold 6)
[2020-09-12T12:28:58.300+0000][1][gc,age       ] GC(10) Age table with threshold 1 (max threshold 6)
[2020-09-12T12:28:58.300+0000][1][gc,age       ] GC(10) - age   1:   14601904 bytes,   14601904 total
[2020-09-12T12:28:58.300+0000][1][gc,heap      ] GC(10) ParNew: 153344K->17024K(153344K)
[2020-09-12T12:28:58.300+0000][1][gc,heap      ] GC(10) CMS: 14123K->32165K(1926784K)
[2020-09-12T12:28:58.300+0000][1][gc,metaspace ] GC(10) Metaspace: 32146K->32146K(1079296K)
[2020-09-12T12:28:58.300+0000][1][gc           ] GC(10) Pause Young (Allocation Failure) 163M->48M(2031M) 295.269ms
[2020-09-12T12:28:58.300+0000][1][gc,cpu       ] GC(10) User=0.12s Sys=0.00s Real=0.29s
[2020-09-12T12:28:58.300+0000][1][safepoint    ] Safepoint "GenCollectForAllocation", Time since last: 82477004 ns, Reaching safepoint: 31852 ns, At safepoint: 295326245 ns, Total: 295358097 ns
[2020-09-12T12:28:59.193+0000][1][safepoint    ] Safepoint "Deoptimize", Time since last: 891940842 ns, Reaching safepoint: 272429 ns, At safepoint: 273282 ns, Total: 545711 ns
[2020-09-12T12:29:00.194+0000][1][safepoint    ] Safepoint "Cleanup", Time since last: 1000910384 ns, Reaching safepoint: 128148 ns, At safepoint: 8269 ns, Total: 136417 ns
[2020-09-12T12:29:01.121+0000][1][safepoint    ] Safepoint "Deoptimize", Time since last: 922966516 ns, Reaching safepoint: 3721881 ns, At safepoint: 301885 ns, Total: 4023766 ns
[2020-09-12T12:29:02.125+0000][1][safepoint    ] Safepoint "Cleanup", Time since last: 1000118872 ns, Reaching safepoint: 3584994 ns, At safepoint: 21854 ns, Total: 3606848 ns
[2020-09-12T12:29:02.475+0000][1][gc,start     ] GC(11) Pause Young (Allocation Failure)
[2020-09-12T12:29:02.475+0000][1][gc,task      ] GC(11) Using 2 workers of 2 for evacuation
[2020-09-12T12:29:02.761+0000][1][gc,age       ] GC(11) Desired survivor size 8716288 bytes, new threshold 6 (max threshold 6)
[2020-09-12T12:29:02.761+0000][1][gc,age       ] GC(11) Age table with threshold 6 (max threshold 6)
[2020-09-12T12:29:02.761+0000][1][gc,age       ] GC(11) - age   1:     690360 bytes,     690360 total
[2020-09-12T12:29:02.761+0000][1][gc,heap      ] GC(11) ParNew: 153344K->14064K(153344K)
[2020-09-12T12:29:02.761+0000][1][gc,heap      ] GC(11) CMS: 32165K->46670K(1926784K)
[2020-09-12T12:29:02.761+0000][1][gc,metaspace ] GC(11) Metaspace: 32465K->32465K(1079296K)
[2020-09-12T12:29:02.761+0000][1][gc           ] GC(11) Pause Young (Allocation Failure) 181M->59M(2031M) 286.606ms
[2020-09-12T12:29:02.761+0000][1][gc,cpu       ] GC(11) User=0.10s Sys=0.01s Real=0.29s
[2020-09-12T12:29:02.761+0000][1][safepoint    ] Safepoint "GenCollectForAllocation", Time since last: 349733746 ns, Reaching safepoint: 100770 ns, At safepoint: 286660332 ns, Total: 286761102 ns
[2020-09-12T12:29:03.781+0000][1][safepoint    ] Safepoint "Cleanup", Time since last: 1011441329 ns, Reaching safepoint: 8028406 ns, At safepoint: 18884 ns, Total: 8047290 ns
[2020-09-12T12:29:03.933+0000][1][gc,start     ] GC(12) Pause Young (Allocation Failure)
[2020-09-12T12:29:03.933+0000][1][gc,task      ] GC(12) Using 2 workers of 2 for evacuation
[2020-09-12T12:29:04.027+0000][1][gc,age       ] GC(12) Desired survivor size 8716288 bytes, new threshold 6 (max threshold 6)
[2020-09-12T12:29:04.027+0000][1][gc,age       ] GC(12) Age table with threshold 6 (max threshold 6)
[2020-09-12T12:29:04.027+0000][1][gc,age       ] GC(12) - age   1:         56 bytes,         56 total
[2020-09-12T12:29:04.027+0000][1][gc,age       ] GC(12) - age   2:     690080 bytes,     690136 total
[2020-09-12T12:29:04.027+0000][1][gc,heap      ] GC(12) ParNew: 150384K->3642K(153344K)
[2020-09-12T12:29:04.027+0000][1][gc,heap      ] GC(12) CMS: 46670K->46670K(1926784K)
[2020-09-12T12:29:04.027+0000][1][gc,metaspace ] GC(12) Metaspace: 32480K->32480K(1079296K)
[2020-09-12T12:29:04.027+0000][1][gc           ] GC(12) Pause Young (Allocation Failure) 192M->49M(2031M) 94.220ms
[2020-09-12T12:29:04.027+0000][1][gc,cpu       ] GC(12) User=0.02s Sys=0.00s Real=0.09s
[2020-09-12T12:29:04.027+0000][1][safepoint    ] Safepoint "GenCollectForAllocation", Time since last: 149927157 ns, Reaching safepoint: 2140801 ns, At safepoint: 94277612 ns, Total: 96418413 ns
[2020-09-12T12:29:04.824+0000][1][gc,start     ] GC(13) Pause Young (Allocation Failure)
[2020-09-12T12:29:04.824+0000][1][gc,task      ] GC(13) Using 2 workers of 2 for evacuation
[2020-09-12T12:29:04.874+0000][1][gc,age       ] GC(13) Desired survivor size 8716288 bytes, new threshold 6 (max threshold 6)
[2020-09-12T12:29:04.874+0000][1][gc,age       ] GC(13) Age table with threshold 6 (max threshold 6)
[2020-09-12T12:29:04.874+0000][1][gc,age       ] GC(13) - age   1:        224 bytes,        224 total
[2020-09-12T12:29:04.874+0000][1][gc,age       ] GC(13) - age   2:         56 bytes,        280 total
[2020-09-12T12:29:04.874+0000][1][gc,age       ] GC(13) - age   3:     690080 bytes,     690360 total
[2020-09-12T12:29:04.874+0000][1][gc,heap      ] GC(13) ParNew: 139962K->1037K(153344K)
[2020-09-12T12:29:04.874+0000][1][gc,heap      ] GC(13) CMS: 46670K->46670K(1926784K)
[2020-09-12T12:29:04.874+0000][1][gc,metaspace ] GC(13) Metaspace: 32480K->32480K(1079296K)
[2020-09-12T12:29:04.874+0000][1][gc           ] GC(13) Pause Young (Allocation Failure) 182M->46M(2031M) 49.859ms
[2020-09-12T12:29:04.874+0000][1][gc,cpu       ] GC(13) User=0.02s Sys=0.00s Real=0.05s
[2020-09-12T12:29:04.874+0000][1][safepoint    ] Safepoint "GenCollectForAllocation", Time since last: 796939662 ns, Reaching safepoint: 43826 ns, At safepoint: 49915073 ns, Total: 49958899 ns
[2020-09-12T12:29:05.425+0000][1][gc,start     ] GC(14) Pause Young (Allocation Failure)
[2020-09-12T12:29:05.425+0000][1][gc,task      ] GC(14) Using 2 workers of 2 for evacuation
[2020-09-12T12:29:05.472+0000][1][gc,age       ] GC(14) Desired survivor size 8716288 bytes, new threshold 6 (max threshold 6)
[2020-09-12T12:29:05.472+0000][1][gc,age       ] GC(14) Age table with threshold 6 (max threshold 6)
[2020-09-12T12:29:05.472+0000][1][gc,age       ] GC(14) - age   1:        152 bytes,        152 total
[2020-09-12T12:29:05.472+0000][1][gc,age       ] GC(14) - age   3:         56 bytes,        208 total
[2020-09-12T12:29:05.472+0000][1][gc,age       ] GC(14) - age   4:     690080 bytes,     690288 total
[2020-09-12T12:29:05.472+0000][1][gc,heap      ] GC(14) ParNew: 137357K->764K(153344K)
[2020-09-12T12:29:05.472+0000][1][gc,heap      ] GC(14) CMS: 46670K->46670K(1926784K)
[2020-09-12T12:29:05.472+0000][1][gc,metaspace ] GC(14) Metaspace: 32480K->32480K(1079296K)
[2020-09-12T12:29:05.472+0000][1][gc           ] GC(14) Pause Young (Allocation Failure) 179M->46M(2031M) 47.138ms
[2020-09-12T12:29:05.472+0000][1][gc,cpu       ] GC(14) User=0.02s Sys=0.00s Real=0.05s
[2020-09-12T12:29:05.472+0000][1][safepoint    ] Safepoint "GenCollectForAllocation", Time since last: 550723757 ns, Reaching safepoint: 28551 ns, At safepoint: 47188003 ns, Total: 47216554 ns
[2020-09-12T12:29:05.870+0000][1][gc,start     ] GC(15) Pause Young (Allocation Failure)
[2020-09-12T12:29:05.870+0000][1][gc,task      ] GC(15) Using 2 workers of 2 for evacuation
[2020-09-12T12:29:05.920+0000][1][gc,age       ] GC(15) Desired survivor size 8716288 bytes, new threshold 6 (max threshold 6)
[2020-09-12T12:29:05.920+0000][1][gc,age       ] GC(15) Age table with threshold 6 (max threshold 6)
[2020-09-12T12:29:05.920+0000][1][gc,age       ] GC(15) - age   1:        232 bytes,        232 total
[2020-09-12T12:29:05.920+0000][1][gc,age       ] GC(15) - age   4:         56 bytes,        288 total
[2020-09-12T12:29:05.920+0000][1][gc,age       ] GC(15) - age   5:     690080 bytes,     690368 total
[2020-09-12T12:29:05.920+0000][1][gc,heap      ] GC(15) ParNew: 137084K->1045K(153344K)
[2020-09-12T12:29:05.920+0000][1][gc,heap      ] GC(15) CMS: 46670K->46670K(1926784K)
[2020-09-12T12:29:05.920+0000][1][gc,metaspace ] GC(15) Metaspace: 32480K->32480K(1079296K)
[2020-09-12T12:29:05.920+0000][1][gc           ] GC(15) Pause Young (Allocation Failure) 179M->46M(2031M) 50.051ms
[2020-09-12T12:29:05.920+0000][1][gc,cpu       ] GC(15) User=0.02s Sys=0.00s Real=0.04s
[2020-09-12T12:29:05.920+0000][1][safepoint    ] Safepoint "GenCollectForAllocation", Time since last: 397672798 ns, Reaching safepoint: 43441 ns, At safepoint: 50106827 ns, Total: 50150268 ns
[2020-09-12T12:29:06.134+0000][1][gc,start     ] GC(16) Pause Young (Allocation Failure)
[2020-09-12T12:29:06.134+0000][1][gc,task      ] GC(16) Using 2 workers of 2 for evacuation
[2020-09-12T12:29:06.171+0000][1][gc,age       ] GC(16) Desired survivor size 8716288 bytes, new threshold 6 (max threshold 6)
[2020-09-12T12:29:06.171+0000][1][gc,age       ] GC(16) Age table with threshold 6 (max threshold 6)
[2020-09-12T12:29:06.171+0000][1][gc,age       ] GC(16) - age   1:         88 bytes,         88 total
[2020-09-12T12:29:06.172+0000][1][gc,age       ] GC(16) - age   2:         72 bytes,        160 total
[2020-09-12T12:29:06.172+0000][1][gc,age       ] GC(16) - age   5:         56 bytes,        216 total
[2020-09-12T12:29:06.172+0000][1][gc,age       ] GC(16) - age   6:     690080 bytes,     690296 total
[2020-09-12T12:29:06.172+0000][1][gc,heap      ] GC(16) ParNew: 137365K->1019K(153344K)
[2020-09-12T12:29:06.172+0000][1][gc,heap      ] GC(16) CMS: 46670K->46670K(1926784K)
[2020-09-12T12:29:06.172+0000][1][gc,metaspace ] GC(16) Metaspace: 32480K->32480K(1079296K)
[2020-09-12T12:29:06.172+0000][1][gc           ] GC(16) Pause Young (Allocation Failure) 179M->46M(2031M) 37.912ms
[2020-09-12T12:29:06.172+0000][1][gc,cpu       ] GC(16) User=0.02s Sys=0.00s Real=0.04s
[2020-09-12T12:29:06.172+0000][1][safepoint    ] Safepoint "GenCollectForAllocation", Time since last: 213885508 ns, Reaching safepoint: 35591 ns, At safepoint: 37960998 ns, Total: 37996589 ns
[2020-09-12T12:29:07.192+0000][1][safepoint    ] Safepoint "Cleanup", Time since last: 1014231527 ns, Reaching safepoint: 6337354 ns, At safepoint: 18805 ns, Total: 6356159 ns
[2020-09-12T12:29:10.197+0000][1][safepoint    ] Safepoint "Cleanup", Time since last: 3004938769 ns, Reaching safepoint: 146274 ns, At safepoint: 9027 ns, Total: 155301 ns
[2020-09-12T12:29:10.482+0000][1][gc,start     ] GC(17) Pause Young (Allocation Failure)
[2020-09-12T12:29:10.482+0000][1][gc,task      ] GC(17) Using 2 workers of 2 for evacuation
[2020-09-12T12:29:10.546+0000][1][gc,age       ] GC(17) Desired survivor size 8716288 bytes, new threshold 6 (max threshold 6)
[2020-09-12T12:29:10.546+0000][1][gc,age       ] GC(17) Age table with threshold 6 (max threshold 6)
[2020-09-12T12:29:10.546+0000][1][gc,age       ] GC(17) - age   1:      97192 bytes,      97192 total
[2020-09-12T12:29:10.546+0000][1][gc,age       ] GC(17) - age   3:         72 bytes,      97264 total
[2020-09-12T12:29:10.546+0000][1][gc,age       ] GC(17) - age   6:         56 bytes,      97320 total
[2020-09-12T12:29:10.546+0000][1][gc,heap      ] GC(17) ParNew: 137339K->675K(153344K)
[2020-09-12T12:29:10.546+0000][1][gc,heap      ] GC(17) CMS: 46670K->47318K(1926784K)
[2020-09-12T12:29:10.546+0000][1][gc,metaspace ] GC(17) Metaspace: 32500K->32500K(1079296K)
[2020-09-12T12:29:10.546+0000][1][gc           ] GC(17) Pause Young (Allocation Failure) 179M->46M(2031M) 64.306ms
[2020-09-12T12:29:10.546+0000][1][gc,cpu       ] GC(17) User=0.02s Sys=0.00s Real=0.06s
[2020-09-12T12:29:10.546+0000][1][safepoint    ] Safepoint "GenCollectForAllocation", Time since last: 284298279 ns, Reaching safepoint: 99342 ns, At safepoint: 64358906 ns, Total: 64458248 ns
[2020-09-12T12:29:11.699+0000][1][safepoint    ] Safepoint "RevokeBias", Time since last: 1151688010 ns, Reaching safepoint: 1431775 ns, At safepoint: 44655 ns, Total: 1476430 ns
[2020-09-12T12:29:11.699+0000][1][safepoint    ] Safepoint "RevokeBias", Time since last: 65836 ns, Reaching safepoint: 108274 ns, At safepoint: 74235 ns, Total: 182509 ns
[2020-09-12T12:29:11.700+0000][1][safepoint    ] Safepoint "RevokeBias", Time since last: 33425 ns, Reaching safepoint: 126769 ns, At safepoint: 33037 ns, Total: 159806 ns
[2020-09-12T12:29:11.700+0000][1][safepoint    ] Safepoint "RevokeBias", Time since last: 31406 ns, Reaching safepoint: 541222 ns, At safepoint: 31775 ns, Total: 572997 ns
[2020-09-12T12:29:11.702+0000][1][safepoint    ] Safepoint "RevokeBias", Time since last: 223901 ns, Reaching safepoint: 1005461 ns, At safepoint: 32149 ns, Total: 1037610 ns
[2020-09-12T12:29:12.706+0000][1][safepoint    ] Safepoint "Cleanup", Time since last: 1000095697 ns, Reaching safepoint: 4368640 ns, At safepoint: 21626 ns, Total: 4390266 ns
[2020-09-12T12:29:13.113+0000][1][gc,start     ] GC(18) Pause Young (Allocation Failure)
[2020-09-12T12:29:13.114+0000][1][gc,task      ] GC(18) Using 2 workers of 2 for evacuation
[2020-09-12T12:29:13.182+0000][1][gc,age       ] GC(18) Desired survivor size 8716288 bytes, new threshold 6 (max threshold 6)
[2020-09-12T12:29:13.182+0000][1][gc,age       ] GC(18) Age table with threshold 6 (max threshold 6)
[2020-09-12T12:29:13.182+0000][1][gc,age       ] GC(18) - age   1:     985376 bytes,     985376 total
[2020-09-12T12:29:13.182+0000][1][gc,age       ] GC(18) - age   2:      48880 bytes,    1034256 total
[2020-09-12T12:29:13.182+0000][1][gc,age       ] GC(18) - age   4:         72 bytes,    1034328 total
[2020-09-12T12:29:13.182+0000][1][gc,heap      ] GC(18) ParNew: 136995K->1048K(153344K)
[2020-09-12T12:29:13.182+0000][1][gc,heap      ] GC(18) CMS: 47318K->47318K(1926784K)
[2020-09-12T12:29:13.182+0000][1][gc,metaspace ] GC(18) Metaspace: 32502K->32502K(1079296K)
[2020-09-12T12:29:13.182+0000][1][gc           ] GC(18) Pause Young (Allocation Failure) 179M->47M(2031M) 68.279ms
[2020-09-12T12:29:13.182+0000][1][gc,cpu       ] GC(18) User=0.02s Sys=0.00s Real=0.07s
[2020-09-12T12:29:13.182+0000][1][safepoint    ] Safepoint "GenCollectForAllocation", Time since last: 406796351 ns, Reaching safepoint: 649006 ns, At safepoint: 68346035 ns, Total: 68995041 ns
[2020-09-12T12:29:15.189+0000][1][safepoint    ] Safepoint "Cleanup", Time since last: 2002948677 ns, Reaching safepoint: 4293691 ns, At safepoint: 12301 ns, Total: 4305992 ns
[2020-09-12T12:29:15.311+0000][1][gc,start     ] GC(19) Pause Young (Allocation Failure)
[2020-09-12T12:29:15.311+0000][1][gc,task      ] GC(19) Using 2 workers of 2 for evacuation
[2020-09-12T12:29:15.362+0000][1][gc,age       ] GC(19) Desired survivor size 8716288 bytes, new threshold 6 (max threshold 6)
[2020-09-12T12:29:15.362+0000][1][gc,age       ] GC(19) Age table with threshold 6 (max threshold 6)
[2020-09-12T12:29:15.362+0000][1][gc,age       ] GC(19) - age   1:    1232088 bytes,    1232088 total
[2020-09-12T12:29:15.362+0000][1][gc,age       ] GC(19) - age   2:     640344 bytes,    1872432 total
[2020-09-12T12:29:15.362+0000][1][gc,age       ] GC(19) - age   3:      48416 bytes,    1920848 total
[2020-09-12T12:29:15.362+0000][1][gc,age       ] GC(19) - age   5:         72 bytes,    1920920 total
[2020-09-12T12:29:15.362+0000][1][gc,heap      ] GC(19) ParNew: 137368K->2006K(153344K)
[2020-09-12T12:29:15.362+0000][1][gc,heap      ] GC(19) CMS: 47318K->47318K(1926784K)
[2020-09-12T12:29:15.362+0000][1][gc,metaspace ] GC(19) Metaspace: 32503K->32503K(1079296K)
[2020-09-12T12:29:15.362+0000][1][gc           ] GC(19) Pause Young (Allocation Failure) 180M->48M(2031M) 51.210ms
[2020-09-12T12:29:15.362+0000][1][gc,cpu       ] GC(19) User=0.03s Sys=0.01s Real=0.05s
[2020-09-12T12:29:15.362+0000][1][safepoint    ] Safepoint "GenCollectForAllocation", Time since last: 119600385 ns, Reaching safepoint: 1860081 ns, At safepoint: 51272783 ns, Total: 53132864 ns
[2020-09-12T12:29:16.305+0000][1][safepoint    ] Safepoint "RevokeBias", Time since last: 942956044 ns, Reaching safepoint: 38834 ns, At safepoint: 75938 ns, Total: 114772 ns
[2020-09-12T12:29:16.565+0000][1][gc,start     ] GC(20) Pause Young (Allocation Failure)
[2020-09-12T12:29:16.565+0000][1][gc,task      ] GC(20) Using 2 workers of 2 for evacuation
[2020-09-12T12:29:16.626+0000][1][gc,age       ] GC(20) Desired survivor size 8716288 bytes, new threshold 6 (max threshold 6)
[2020-09-12T12:29:16.626+0000][1][gc,age       ] GC(20) Age table with threshold 6 (max threshold 6)
[2020-09-12T12:29:16.626+0000][1][gc,age       ] GC(20) - age   1:    1247160 bytes,    1247160 total
[2020-09-12T12:29:16.626+0000][1][gc,age       ] GC(20) - age   2:    1214952 bytes,    2462112 total
[2020-09-12T12:29:16.626+0000][1][gc,age       ] GC(20) - age   3:     639328 bytes,    3101440 total
[2020-09-12T12:29:16.627+0000][1][gc,age       ] GC(20) - age   4:      45792 bytes,    3147232 total
[2020-09-12T12:29:16.627+0000][1][gc,age       ] GC(20) - age   6:         72 bytes,    3147304 total
[2020-09-12T12:29:16.627+0000][1][gc,heap      ] GC(20) ParNew: 138326K->3255K(153344K)
[2020-09-12T12:29:16.627+0000][1][gc,heap      ] GC(20) CMS: 47318K->47318K(1926784K)
[2020-09-12T12:29:16.627+0000][1][gc,metaspace ] GC(20) Metaspace: 32504K->32504K(1079296K)
[2020-09-12T12:29:16.627+0000][1][gc           ] GC(20) Pause Young (Allocation Failure) 181M->49M(2031M) 62.005ms
[2020-09-12T12:29:16.627+0000][1][gc,cpu       ] GC(20) User=0.03s Sys=0.00s Real=0.06s
[2020-09-12T12:29:16.627+0000][1][safepoint    ] Safepoint "GenCollectForAllocation", Time since last: 259671112 ns, Reaching safepoint: 40655 ns, At safepoint: 62054409 ns, Total: 62095064 ns
[2020-09-12T12:29:17.310+0000][1][gc,start     ] GC(21) Pause Young (Allocation Failure)
[2020-09-12T12:29:17.310+0000][1][gc,task      ] GC(21) Using 2 workers of 2 for evacuation
[2020-09-12T12:29:17.346+0000][1][gc,age       ] GC(21) Desired survivor size 8716288 bytes, new threshold 6 (max threshold 6)
[2020-09-12T12:29:17.346+0000][1][gc,age       ] GC(21) Age table with threshold 6 (max threshold 6)
[2020-09-12T12:29:17.346+0000][1][gc,age       ] GC(21) - age   1:     250672 bytes,     250672 total
[2020-09-12T12:29:17.346+0000][1][gc,age       ] GC(21) - age   2:     533320 bytes,     783992 total
[2020-09-12T12:29:17.346+0000][1][gc,age       ] GC(21) - age   3:    1214952 bytes,    1998944 total
[2020-09-12T12:29:17.346+0000][1][gc,age       ] GC(21) - age   4:     639328 bytes,    2638272 total
[2020-09-12T12:29:17.346+0000][1][gc,age       ] GC(21) - age   5:      45792 bytes,    2684064 total
[2020-09-12T12:29:17.347+0000][1][gc,heap      ] GC(21) ParNew: 139575K->2929K(153344K)
[2020-09-12T12:29:17.347+0000][1][gc,heap      ] GC(21) CMS: 47318K->47318K(1926784K)
[2020-09-12T12:29:17.347+0000][1][gc,metaspace ] GC(21) Metaspace: 32505K->32505K(1079296K)
[2020-09-12T12:29:17.347+0000][1][gc           ] GC(21) Pause Young (Allocation Failure) 182M->49M(2031M) 36.562ms
[2020-09-12T12:29:17.347+0000][1][gc,cpu       ] GC(21) User=0.02s Sys=0.00s Real=0.03s
[2020-09-12T12:29:17.347+0000][1][safepoint    ] Safepoint "GenCollectForAllocation", Time since last: 683320438 ns, Reaching safepoint: 38825 ns, At safepoint: 36611651 ns, Total: 36650476 ns
[2020-09-12T12:29:17.931+0000][1][gc,start     ] GC(22) Pause Young (Allocation Failure)
[2020-09-12T12:29:17.931+0000][1][gc,task      ] GC(22) Using 2 workers of 2 for evacuation
[2020-09-12T12:29:17.967+0000][1][gc,age       ] GC(22) Desired survivor size 8716288 bytes, new threshold 6 (max threshold 6)
[2020-09-12T12:29:17.967+0000][1][gc,age       ] GC(22) Age table with threshold 6 (max threshold 6)
[2020-09-12T12:29:17.967+0000][1][gc,age       ] GC(22) - age   1:         24 bytes,         24 total
[2020-09-12T12:29:17.967+0000][1][gc,age       ] GC(22) - age   2:     250584 bytes,     250608 total
[2020-09-12T12:29:17.967+0000][1][gc,age       ] GC(22) - age   3:     533320 bytes,     783928 total
[2020-09-12T12:29:17.967+0000][1][gc,age       ] GC(22) - age   4:    1214952 bytes,    1998880 total
[2020-09-12T12:29:17.967+0000][1][gc,age       ] GC(22) - age   5:     639328 bytes,    2638208 total
[2020-09-12T12:29:17.967+0000][1][gc,age       ] GC(22) - age   6:      45792 bytes,    2684000 total
[2020-09-12T12:29:17.967+0000][1][gc,heap      ] GC(22) ParNew: 139249K->3363K(153344K)
[2020-09-12T12:29:17.967+0000][1][gc,heap      ] GC(22) CMS: 47318K->47318K(1926784K)
[2020-09-12T12:29:17.967+0000][1][gc,metaspace ] GC(22) Metaspace: 32505K->32505K(1079296K)
[2020-09-12T12:29:17.967+0000][1][gc           ] GC(22) Pause Young (Allocation Failure) 182M->49M(2031M) 35.728ms
[2020-09-12T12:29:17.967+0000][1][gc,cpu       ] GC(22) User=0.02s Sys=0.00s Real=0.03s
[2020-09-12T12:29:17.967+0000][1][safepoint    ] Safepoint "GenCollectForAllocation", Time since last: 584361522 ns, Reaching safepoint: 53494 ns, At safepoint: 35783026 ns, Total: 35836520 ns
[2020-09-12T12:29:18.678+0000][1][gc,start     ] GC(23) Pause Young (Allocation Failure)
[2020-09-12T12:29:18.679+0000][1][gc,task      ] GC(23) Using 2 workers of 2 for evacuation
[2020-09-12T12:29:18.725+0000][1][gc,age       ] GC(23) Desired survivor size 8716288 bytes, new threshold 6 (max threshold 6)
[2020-09-12T12:29:18.725+0000][1][gc,age       ] GC(23) Age table with threshold 6 (max threshold 6)
[2020-09-12T12:29:18.725+0000][1][gc,age       ] GC(23) - age   1:        456 bytes,        456 total
[2020-09-12T12:29:18.725+0000][1][gc,age       ] GC(23) - age   3:     250584 bytes,     251040 total
[2020-09-12T12:29:18.725+0000][1][gc,age       ] GC(23) - age   4:     533320 bytes,     784360 total
[2020-09-12T12:29:18.725+0000][1][gc,age       ] GC(23) - age   5:    1214952 bytes,    1999312 total
[2020-09-12T12:29:18.725+0000][1][gc,age       ] GC(23) - age   6:     639328 bytes,    2638640 total
[2020-09-12T12:29:18.725+0000][1][gc,heap      ] GC(23) ParNew: 139683K->3425K(153344K)
[2020-09-12T12:29:18.725+0000][1][gc,heap      ] GC(23) CMS: 47318K->47363K(1926784K)
[2020-09-12T12:29:18.725+0000][1][gc,metaspace ] GC(23) Metaspace: 32505K->32505K(1079296K)
[2020-09-12T12:29:18.725+0000][1][gc           ] GC(23) Pause Young (Allocation Failure) 182M->49M(2031M) 47.093ms
[2020-09-12T12:29:18.725+0000][1][gc,cpu       ] GC(23) User=0.03s Sys=0.00s Real=0.05s
[2020-09-12T12:29:18.725+0000][1][safepoint    ] Safepoint "GenCollectForAllocation", Time since last: 711435260 ns, Reaching safepoint: 104244 ns, At safepoint: 47143062 ns, Total: 47247306 ns
[2020-09-12T12:29:19.050+0000][1][gc,start     ] GC(24) Pause Young (Allocation Failure)
[2020-09-12T12:29:19.050+0000][1][gc,task      ] GC(24) Using 2 workers of 2 for evacuation
[2020-09-12T12:29:19.089+0000][1][gc,age       ] GC(24) Desired survivor size 8716288 bytes, new threshold 6 (max threshold 6)
[2020-09-12T12:29:19.089+0000][1][gc,age       ] GC(24) Age table with threshold 6 (max threshold 6)
[2020-09-12T12:29:19.089+0000][1][gc,age       ] GC(24) - age   1:         56 bytes,         56 total
[2020-09-12T12:29:19.089+0000][1][gc,age       ] GC(24) - age   2:        296 bytes,        352 total
[2020-09-12T12:29:19.089+0000][1][gc,age       ] GC(24) - age   4:     250584 bytes,     250936 total
[2020-09-12T12:29:19.089+0000][1][gc,age       ] GC(24) - age   5:     533320 bytes,     784256 total
[2020-09-12T12:29:19.089+0000][1][gc,age       ] GC(24) - age   6:    1214952 bytes,    1999208 total
[2020-09-12T12:29:19.089+0000][1][gc,heap      ] GC(24) ParNew: 139745K->2503K(153344K)
[2020-09-12T12:29:19.089+0000][1][gc,heap      ] GC(24) CMS: 47363K->47988K(1926784K)
[2020-09-12T12:29:19.089+0000][1][gc,metaspace ] GC(24) Metaspace: 32505K->32505K(1079296K)
[2020-09-12T12:29:19.089+0000][1][gc           ] GC(24) Pause Young (Allocation Failure) 182M->49M(2031M) 38.802ms
[2020-09-12T12:29:19.089+0000][1][gc,cpu       ] GC(24) User=0.03s Sys=0.00s Real=0.04s
[2020-09-12T12:29:19.089+0000][1][safepoint    ] Safepoint "GenCollectForAllocation", Time since last: 324421056 ns, Reaching safepoint: 35736 ns, At safepoint: 38855802 ns, Total: 38891538 ns
[2020-09-12T12:29:19.393+0000][1][gc,start     ] GC(25) Pause Young (Allocation Failure)
[2020-09-12T12:29:19.393+0000][1][gc,task      ] GC(25) Using 2 workers of 2 for evacuation
[2020-09-12T12:29:19.424+0000][1][gc,age       ] GC(25) Desired survivor size 8716288 bytes, new threshold 6 (max threshold 6)
[2020-09-12T12:29:19.424+0000][1][gc,age       ] GC(25) Age table with threshold 6 (max threshold 6)
[2020-09-12T12:29:19.424+0000][1][gc,age       ] GC(25) - age   1:    5385936 bytes,    5385936 total
[2020-09-12T12:29:19.424+0000][1][gc,age       ] GC(25) - age   3:        296 bytes,    5386232 total
[2020-09-12T12:29:19.424+0000][1][gc,age       ] GC(25) - age   5:     233672 bytes,    5619904 total
[2020-09-12T12:29:19.424+0000][1][gc,age       ] GC(25) - age   6:     533320 bytes,    6153224 total
[2020-09-12T12:29:19.424+0000][1][gc,heap      ] GC(25) ParNew: 138823K->7075K(153344K)
[2020-09-12T12:29:19.424+0000][1][gc,heap      ] GC(25) CMS: 47988K->49174K(1926784K)
[2020-09-12T12:29:19.424+0000][1][gc,metaspace ] GC(25) Metaspace: 32505K->32505K(1079296K)
[2020-09-12T12:29:19.424+0000][1][gc           ] GC(25) Pause Young (Allocation Failure) 182M->54M(2031M) 31.170ms
[2020-09-12T12:29:19.424+0000][1][gc,cpu       ] GC(25) User=0.03s Sys=0.00s Real=0.03s
[2020-09-12T12:29:19.424+0000][1][safepoint    ] Safepoint "GenCollectForAllocation", Time since last: 303903050 ns, Reaching safepoint: 112885 ns, At safepoint: 31222009 ns, Total: 31334894 ns
[2020-09-12T12:29:20.437+0000][1][safepoint    ] Safepoint "Cleanup", Time since last: 1008643212 ns, Reaching safepoint: 4045129 ns, At safepoint: 18479 ns, Total: 4063608 ns
[2020-09-12T12:29:21.445+0000][1][safepoint    ] Safepoint "Cleanup", Time since last: 1000116136 ns, Reaching safepoint: 8248644 ns, At safepoint: 15291 ns, Total: 8263935 ns
[2020-09-12T12:29:21.874+0000][1][gc,start     ] GC(26) Pause Young (Allocation Failure)
[2020-09-12T12:29:21.874+0000][1][gc,task      ] GC(26) Using 2 workers of 2 for evacuation
[2020-09-12T12:29:21.910+0000][1][gc,age       ] GC(26) Desired survivor size 8716288 bytes, new threshold 6 (max threshold 6)
[2020-09-12T12:29:21.910+0000][1][gc,age       ] GC(26) Age table with threshold 6 (max threshold 6)
[2020-09-12T12:29:21.910+0000][1][gc,age       ] GC(26) - age   1:     968328 bytes,     968328 total
[2020-09-12T12:29:21.910+0000][1][gc,age       ] GC(26) - age   2:        480 bytes,     968808 total
[2020-09-12T12:29:21.910+0000][1][gc,age       ] GC(26) - age   4:        296 bytes,     969104 total
[2020-09-12T12:29:21.910+0000][1][gc,age       ] GC(26) - age   6:     224072 bytes,    1193176 total
[2020-09-12T12:29:21.910+0000][1][gc,heap      ] GC(26) ParNew: 143395K->4425K(153344K)
[2020-09-12T12:29:21.910+0000][1][gc,heap      ] GC(26) CMS: 49174K->49695K(1926784K)
[2020-09-12T12:29:21.910+0000][1][gc,metaspace ] GC(26) Metaspace: 32506K->32506K(1079296K)
[2020-09-12T12:29:21.910+0000][1][gc           ] GC(26) Pause Young (Allocation Failure) 188M->52M(2031M) 35.552ms
[2020-09-12T12:29:21.910+0000][1][gc,cpu       ] GC(26) User=0.02s Sys=0.00s Real=0.04s
[2020-09-12T12:29:21.910+0000][1][safepoint    ] Safepoint "GenCollectForAllocation", Time since last: 429013899 ns, Reaching safepoint: 28985 ns, At safepoint: 35605137 ns, Total: 35634122 ns
[2020-09-12T12:29:22.910+0000][1][safepoint    ] Safepoint "Cleanup", Time since last: 1000143290 ns, Reaching safepoint: 417863 ns, At safepoint: 13444 ns, Total: 431307 ns
[2020-09-12T12:29:22.946+0000][1][gc,start     ] GC(27) Pause Young (Allocation Failure)
[2020-09-12T12:29:22.946+0000][1][gc,task      ] GC(27) Using 2 workers of 2 for evacuation
[2020-09-12T12:29:22.975+0000][1][gc,age       ] GC(27) Desired survivor size 8716288 bytes, new threshold 6 (max threshold 6)
[2020-09-12T12:29:22.975+0000][1][gc,age       ] GC(27) Age table with threshold 6 (max threshold 6)
[2020-09-12T12:29:22.975+0000][1][gc,age       ] GC(27) - age   1:    1301808 bytes,    1301808 total
[2020-09-12T12:29:22.975+0000][1][gc,age       ] GC(27) - age   2:     622048 bytes,    1923856 total
[2020-09-12T12:29:22.975+0000][1][gc,age       ] GC(27) - age   3:        480 bytes,    1924336 total
[2020-09-12T12:29:22.975+0000][1][gc,age       ] GC(27) - age   5:        296 bytes,    1924632 total
[2020-09-12T12:29:22.975+0000][1][gc,heap      ] GC(27) ParNew: 140745K->2768K(153344K)
[2020-09-12T12:29:22.975+0000][1][gc,heap      ] GC(27) CMS: 49695K->49914K(1926784K)
[2020-09-12T12:29:22.975+0000][1][gc,metaspace ] GC(27) Metaspace: 32506K->32506K(1079296K)
[2020-09-12T12:29:22.975+0000][1][gc           ] GC(27) Pause Young (Allocation Failure) 185M->51M(2031M) 28.997ms
[2020-09-12T12:29:22.975+0000][1][gc,cpu       ] GC(27) User=0.02s Sys=0.00s Real=0.03s
[2020-09-12T12:29:22.975+0000][1][safepoint    ] Safepoint "GenCollectForAllocation", Time since last: 35563033 ns, Reaching safepoint: 30759 ns, At safepoint: 29046272 ns, Total: 29077031 ns
[2020-09-12T12:29:23.977+0000][1][safepoint    ] Safepoint "Cleanup", Time since last: 1001687448 ns, Reaching safepoint: 40631 ns, At safepoint: 7981 ns, Total: 48612 ns
[2020-09-12T12:29:24.182+0000][1][gc,start     ] GC(28) Pause Young (Allocation Failure)
[2020-09-12T12:29:24.182+0000][1][gc,task      ] GC(28) Using 2 workers of 2 for evacuation
[2020-09-12T12:29:24.205+0000][1][gc,age       ] GC(28) Desired survivor size 8716288 bytes, new threshold 6 (max threshold 6)
[2020-09-12T12:29:24.205+0000][1][gc,age       ] GC(28) Age table with threshold 6 (max threshold 6)
[2020-09-12T12:29:24.205+0000][1][gc,age       ] GC(28) - age   1:     843816 bytes,     843816 total
[2020-09-12T12:29:24.205+0000][1][gc,age       ] GC(28) - age   2:    1282552 bytes,    2126368 total
[2020-09-12T12:29:24.205+0000][1][gc,age       ] GC(28) - age   3:     618792 bytes,    2745160 total
[2020-09-12T12:29:24.205+0000][1][gc,age       ] GC(28) - age   4:        480 bytes,    2745640 total
[2020-09-12T12:29:24.205+0000][1][gc,age       ] GC(28) - age   6:        296 bytes,    2745936 total
[2020-09-12T12:29:24.205+0000][1][gc,heap      ] GC(28) ParNew: 139088K->3078K(153344K)
[2020-09-12T12:29:24.205+0000][1][gc,heap      ] GC(28) CMS: 49914K->49914K(1926784K)
[2020-09-12T12:29:24.205+0000][1][gc,metaspace ] GC(28) Metaspace: 33617K->33617K(1081344K)
[2020-09-12T12:29:24.205+0000][1][gc           ] GC(28) Pause Young (Allocation Failure) 184M->51M(2031M) 47.849ms
[2020-09-12T12:29:24.205+0000][1][gc,cpu       ] GC(28) User=0.02s Sys=0.00s Real=0.05s
[2020-09-12T12:29:24.205+0000][1][safepoint    ] Safepoint "GenCollectForAllocation", Time since last: 179367013 ns, Reaching safepoint: 974898 ns, At safepoint: 47982023 ns, Total: 48956921 ns
[2020-09-12T12:29:24.484+0000][1][safepoint    ] Safepoint "Deoptimize", Time since last: 276676644 ns, Reaching safepoint: 2009793 ns, At safepoint: 376991 ns, Total: 2386784 ns
[2020-09-12T12:29:24.718+0000][1][safepoint    ] Safepoint "ICBufferFull", Time since last: 232800982 ns, Reaching safepoint: 641498 ns, At safepoint: 416000 ns, Total: 1057498 ns
[2020-09-12T12:29:24.839+0000][1][safepoint    ] Safepoint "CollectForMetadataAllocation", Time since last: 121034900 ns, Reaching safepoint: 187021 ns, At safepoint: 133087 ns, Total: 320108 ns
[2020-09-12T12:29:24.906+0000][1][safepoint    ] Safepoint "CollectForMetadataAllocation", Time since last: 64047517 ns, Reaching safepoint: 2427275 ns, At safepoint: 283514 ns, Total: 2710789 ns
[2020-09-12T12:29:25.010+0000][1][safepoint    ] Safepoint "CollectForMetadataAllocation", Time since last: 103748842 ns, Reaching safepoint: 25820 ns, At safepoint: 143354 ns, Total: 169174 ns
[2020-09-12T12:29:25.116+0000][1][safepoint    ] Safepoint "CollectForMetadataAllocation", Time since last: 103435471 ns, Reaching safepoint: 2265401 ns, At safepoint: 152643 ns, Total: 2418044 ns
[2020-09-12T12:29:25.208+0000][1][safepoint    ] Safepoint "CollectForMetadataAllocation", Time since last: 88086464 ns, Reaching safepoint: 3468457 ns, At safepoint: 135075 ns, Total: 3603532 ns
[2020-09-12T12:29:25.265+0000][1][safepoint    ] Safepoint "CollectForMetadataAllocation", Time since last: 55459607 ns, Reaching safepoint: 1488116 ns, At safepoint: 175720 ns, Total: 1663836 ns
[2020-09-12T12:29:25.866+0000][1][safepoint    ] Safepoint "CollectForMetadataAllocation", Time since last: 594828319 ns, Reaching safepoint: 6168474 ns, At safepoint: 135026 ns, Total: 6303500 ns
[2020-09-12T12:29:26.215+0000][1][gc,start     ] GC(29) Pause Initial Mark
[2020-09-12T12:29:26.297+0000][1][gc           ] GC(29) Pause Initial Mark 171M->171M(2031M) 82.613ms
[2020-09-12T12:29:26.297+0000][1][gc,cpu       ] GC(29) User=0.04s Sys=0.00s Real=0.08s
[2020-09-12T12:29:26.297+0000][1][safepoint    ] Safepoint "CMS_Initial_Mark", Time since last: 348827217 ns, Reaching safepoint: 150026 ns, At safepoint: 82710020 ns, Total: 82860046 ns
[2020-09-12T12:29:26.311+0000][1][gc           ] GC(29) Concurrent Mark
[2020-09-12T12:29:26.761+0000][1][gc           ] GC(29) Concurrent Mark 450.614ms
[2020-09-12T12:29:26.761+0000][1][gc,cpu       ] GC(29) User=0.21s Sys=0.02s Real=0.45s
[2020-09-12T12:29:26.761+0000][1][gc           ] GC(29) Concurrent Preclean
[2020-09-12T12:29:26.765+0000][1][gc           ] GC(29) Concurrent Preclean 3.237ms
[2020-09-12T12:29:26.765+0000][1][gc,cpu       ] GC(29) User=0.01s Sys=0.00s Real=0.00s
[2020-09-12T12:29:26.765+0000][1][gc           ] GC(29) Concurrent Abortable Preclean
[2020-09-12T12:29:26.934+0000][1][safepoint    ] Safepoint "CollectForMetadataAllocation", Time since last: 626716111 ns, Reaching safepoint: 9393875 ns, At safepoint: 136438 ns, Total: 9530313 ns
[2020-09-12T12:29:27.081+0000][1][safepoint    ] Safepoint "CollectForMetadataAllocation", Time since last: 146959423 ns, Reaching safepoint: 120108 ns, At safepoint: 146889 ns, Total: 266997 ns
[2020-09-12T12:29:27.279+0000][1][safepoint    ] Safepoint "CollectForMetadataAllocation", Time since last: 197539796 ns, Reaching safepoint: 101501 ns, At safepoint: 128403 ns, Total: 229904 ns
[2020-09-12T12:29:27.457+0000][1][safepoint    ] Safepoint "CollectForMetadataAllocation", Time since last: 177774158 ns, Reaching safepoint: 201622 ns, At safepoint: 76119 ns, Total: 277741 ns
[2020-09-12T12:29:27.547+0000][1][gc,start     ] GC(30) Pause Young (Allocation Failure)
[2020-09-12T12:29:27.547+0000][1][gc,task      ] GC(30) Using 2 workers of 2 for evacuation
[2020-09-12T12:29:27.573+0000][1][gc           ] GC(29) Concurrent Abortable Preclean 808.132ms
[2020-09-12T12:29:27.573+0000][1][gc,cpu       ] GC(29) User=0.36s Sys=0.01s Real=0.81s
[2020-09-12T12:29:27.605+0000][1][gc,age       ] GC(30) Desired survivor size 8716288 bytes, new threshold 6 (max threshold 6)
[2020-09-12T12:29:27.605+0000][1][gc,age       ] GC(30) Age table with threshold 6 (max threshold 6)
[2020-09-12T12:29:27.605+0000][1][gc,age       ] GC(30) - age   1:    2873496 bytes,    2873496 total
[2020-09-12T12:29:27.605+0000][1][gc,age       ] GC(30) - age   2:     823840 bytes,    3697336 total
[2020-09-12T12:29:27.605+0000][1][gc,age       ] GC(30) - age   3:    1282552 bytes,    4979888 total
[2020-09-12T12:29:27.605+0000][1][gc,age       ] GC(30) - age   4:     618792 bytes,    5598680 total
[2020-09-12T12:29:27.605+0000][1][gc,age       ] GC(30) - age   5:        480 bytes,    5599160 total
[2020-09-12T12:29:27.605+0000][1][gc,heap      ] GC(30) ParNew: 139398K->5792K(153344K)
[2020-09-12T12:29:27.605+0000][1][gc,heap      ] GC(30) CMS: 49914K->49914K(1926784K)
[2020-09-12T12:29:27.605+0000][1][gc,metaspace ] GC(30) Metaspace: 37746K->37746K(1085440K)
[2020-09-12T12:29:27.605+0000][1][gc           ] GC(30) Pause Young (Allocation Failure) 184M->54M(2031M) 58.438ms
[2020-09-12T12:29:27.605+0000][1][gc,cpu       ] GC(30) User=0.03s Sys=0.00s Real=0.06s
[2020-09-12T12:29:27.605+0000][1][safepoint    ] Safepoint "GenCollectForAllocation", Time since last: 87921094 ns, Reaching safepoint: 2281876 ns, At safepoint: 58491115 ns, Total: 60772991 ns
[2020-09-12T12:29:27.611+0000][1][gc,start     ] GC(29) Pause Remark
[2020-09-12T12:29:27.634+0000][1][gc           ] GC(29) Pause Remark 57M->57M(2031M) 23.463ms
[2020-09-12T12:29:27.634+0000][1][gc,cpu       ] GC(29) User=0.01s Sys=0.00s Real=0.02s
[2020-09-12T12:29:27.659+0000][1][safepoint    ] Safepoint "CMS_Final_Remark", Time since last: 2867352 ns, Reaching safepoint: 2510489 ns, At safepoint: 48211475 ns, Total: 50721964 ns
[2020-09-12T12:29:27.659+0000][1][gc           ] GC(29) Concurrent Sweep
[2020-09-12T12:29:27.677+0000][1][safepoint    ] Safepoint "CollectForMetadataAllocation", Time since last: 17062918 ns, Reaching safepoint: 429790 ns, At safepoint: 17730 ns, Total: 447520 ns
[2020-09-12T12:29:27.679+0000][1][safepoint    ] Safepoint "CollectForMetadataAllocation", Time since last: 2382202 ns, Reaching safepoint: 27438 ns, At safepoint: 118429 ns, Total: 145867 ns
[2020-09-12T12:29:27.715+0000][1][gc           ] GC(29) Concurrent Sweep 55.947ms
[2020-09-12T12:29:27.715+0000][1][gc,cpu       ] GC(29) User=0.02s Sys=0.00s Real=0.06s
[2020-09-12T12:29:27.715+0000][1][gc           ] GC(29) Concurrent Reset
[2020-09-12T12:29:27.731+0000][1][gc           ] GC(29) Concurrent Reset 15.420ms
[2020-09-12T12:29:27.731+0000][1][gc,cpu       ] GC(29) User=0.01s Sys=0.00s Real=0.02s
[2020-09-12T12:29:27.731+0000][1][gc,heap      ] GC(29) Old: 49914K->48916K(1926784K)
[2020-09-12T12:29:28.682+0000][1][safepoint    ] Safepoint "Cleanup", Time since last: 1001270468 ns, Reaching safepoint: 2040643 ns, At safepoint: 12419 ns, Total: 2053062 ns
[2020-09-12T12:29:29.689+0000][1][safepoint    ] Safepoint "Cleanup", Time since last: 1006272976 ns, Reaching safepoint: 125759 ns, At safepoint: 10280 ns, Total: 136039 ns
[2020-09-12T12:29:30.696+0000][1][safepoint    ] Safepoint "Cleanup", Time since last: 1000119717 ns, Reaching safepoint: 6700160 ns, At safepoint: 36525 ns, Total: 6736685 ns
[2020-09-12T12:29:30.701+0000][1][safepoint    ] Safepoint "RevokeBias", Time since last: 526661 ns, Reaching safepoint: 4482717 ns, At safepoint: 30179 ns, Total: 4512896 ns
[2020-09-12T12:29:30.701+0000][1][safepoint    ] Safepoint "RevokeBias", Time since last: 179082 ns, Reaching safepoint: 96397 ns, At safepoint: 30912 ns, Total: 127309 ns
[2020-09-12T12:29:30.705+0000][1][safepoint    ] Safepoint "RevokeBias", Time since last: 63966 ns, Reaching safepoint: 3609989 ns, At safepoint: 45289 ns, Total: 3655278 ns
[2020-09-12T12:29:31.726+0000][1][safepoint    ] Safepoint "Cleanup", Time since last: 1000114870 ns, Reaching safepoint: 21319487 ns, At safepoint: 17189 ns, Total: 21336676 ns
[2020-09-12T12:29:32.728+0000][1][safepoint    ] Safepoint "Cleanup", Time since last: 1000120481 ns, Reaching safepoint: 2126522 ns, At safepoint: 14012 ns, Total: 2140534 ns
[2020-09-12T12:29:33.732+0000][1][safepoint    ] Safepoint "Cleanup", Time since last: 1001042298 ns, Reaching safepoint: 2138325 ns, At safepoint: 14109 ns, Total: 2152434 ns
[2020-09-12T12:29:34.733+0000][1][safepoint    ] Safepoint "Cleanup", Time since last: 1001358161 ns, Reaching safepoint: 91539 ns, At safepoint: 8837 ns, Total: 100376 ns
[2020-09-12T12:29:35.122+0000][1][safepoint    ] Safepoint "RevokeBias", Time since last: 389213674 ns, Reaching safepoint: 63942 ns, At safepoint: 51699 ns, Total: 115641 ns
[2020-09-12T12:29:35.148+0000][1][safepoint    ] Safepoint "RevokeBias", Time since last: 25818697 ns, Reaching safepoint: 30699 ns, At safepoint: 40440 ns, Total: 71139 ns
[2020-09-12T12:29:35.677+0000][1][safepoint    ] Safepoint "RevokeBias", Time since last: 527576741 ns, Reaching safepoint: 793013 ns, At safepoint: 40724 ns, Total: 833737 ns
[2020-09-12T12:29:35.687+0000][1][safepoint    ] Safepoint "RevokeBias", Time since last: 336974 ns, Reaching safepoint: 10008407 ns, At safepoint: 49499 ns, Total: 10057906 ns
[2020-09-12T12:29:35.688+0000][1][safepoint    ] Safepoint "RevokeBias", Time since last: 69490 ns, Reaching safepoint: 383448 ns, At safepoint: 101553 ns, Total: 485001 ns
[2020-09-12T12:29:35.689+0000][1][safepoint    ] Safepoint "RevokeBias", Time since last: 44476 ns, Reaching safepoint: 1428646 ns, At safepoint: 75393 ns, Total: 1504039 ns
[2020-09-12T12:29:35.690+0000][1][safepoint    ] Safepoint "RevokeBias", Time since last: 59692 ns, Reaching safepoint: 144025 ns, At safepoint: 173587 ns, Total: 317612 ns
[2020-09-12T12:29:35.695+0000][1][safepoint    ] Safepoint "RevokeBias", Time since last: 114107 ns, Reaching safepoint: 5199117 ns, At safepoint: 81379 ns, Total: 5280496 ns
[2020-09-12T12:29:35.698+0000][1][safepoint    ] Safepoint "RevokeBias", Time since last: 84644 ns, Reaching safepoint: 2284663 ns, At safepoint: 427996 ns, Total: 2712659 ns
[2020-09-12T12:29:35.699+0000][1][safepoint    ] Safepoint "RevokeBias", Time since last: 100117 ns, Reaching safepoint: 1101279 ns, At safepoint: 143422 ns, Total: 1244701 ns
[2020-09-12T12:29:35.701+0000][1][safepoint    ] Safepoint "RevokeBias", Time since last: 64987 ns, Reaching safepoint: 1682670 ns, At safepoint: 163061 ns, Total: 1845731 ns
[2020-09-12T12:29:35.705+0000][1][safepoint    ] Safepoint "RevokeBias", Time since last: 59552 ns, Reaching safepoint: 3980452 ns, At safepoint: 89070 ns, Total: 4069522 ns
[2020-09-12T12:29:35.705+0000][1][safepoint    ] Safepoint "RevokeBias", Time since last: 63809 ns, Reaching safepoint: 135145 ns, At safepoint: 70243 ns, Total: 205388 ns
[2020-09-12T12:29:35.709+0000][1][safepoint    ] Safepoint "RevokeBias", Time since last: 66329 ns, Reaching safepoint: 3191013 ns, At safepoint: 85107 ns, Total: 3276120 ns
[2020-09-12T12:29:35.710+0000][1][safepoint    ] Safepoint "RevokeBias", Time since last: 96721 ns, Reaching safepoint: 1210063 ns, At safepoint: 64679 ns, Total: 1274742 ns
[2020-09-12T12:29:35.710+0000][1][safepoint    ] Safepoint "RevokeBias", Time since last: 57684 ns, Reaching safepoint: 94271 ns, At safepoint: 41280 ns, Total: 135551 ns
[2020-09-12T12:29:35.711+0000][1][safepoint    ] Safepoint "RevokeBias", Time since last: 103718 ns, Reaching safepoint: 93612 ns, At safepoint: 293734 ns, Total: 387346 ns
[2020-09-12T12:29:35.713+0000][1][safepoint    ] Safepoint "RevokeBias", Time since last: 681422 ns, Reaching safepoint: 1146171 ns, At safepoint: 199304 ns, Total: 1345475 ns
[2020-09-12T12:29:35.717+0000][1][safepoint    ] Safepoint "RevokeBias", Time since last: 133846 ns, Reaching safepoint: 3256076 ns, At safepoint: 621507 ns, Total: 3877583 ns
[2020-09-12T12:29:35.720+0000][1][safepoint    ] Safepoint "RevokeBias", Time since last: 375303 ns, Reaching safepoint: 2747455 ns, At safepoint: 72038 ns, Total: 2819493 ns
[2020-09-12T12:29:35.920+0000][1][safepoint    ] Safepoint "RevokeBias", Time since last: 198437428 ns, Reaching safepoint: 1236636 ns, At safepoint: 39956 ns, Total: 1276592 ns
[2020-09-12T12:29:35.921+0000][1][safepoint    ] Safepoint "RevokeBias", Time since last: 215132 ns, Reaching safepoint: 669104 ns, At safepoint: 35273 ns, Total: 704377 ns
[2020-09-12T12:29:35.922+0000][1][safepoint    ] Safepoint "RevokeBias", Time since last: 69387 ns, Reaching safepoint: 703302 ns, At safepoint: 28852 ns, Total: 732154 ns
[2020-09-12T12:29:36.169+0000][1][safepoint    ] Safepoint "RevokeBias", Time since last: 241958426 ns, Reaching safepoint: 5038312 ns, At safepoint: 52100 ns, Total: 5090412 ns
[2020-09-12T12:29:36.173+0000][1][safepoint    ] Safepoint "RevokeBias", Time since last: 145228 ns, Reaching safepoint: 3985490 ns, At safepoint: 49246 ns, Total: 4034736 ns
[2020-09-12T12:29:36.177+0000][1][safepoint    ] Safepoint "RevokeBias", Time since last: 185396 ns, Reaching safepoint: 3769410 ns, At safepoint: 55942 ns, Total: 3825352 ns
[2020-09-12T12:29:36.183+0000][1][safepoint    ] Safepoint "RevokeBias", Time since last: 4049236 ns, Reaching safepoint: 2168848 ns, At safepoint: 56600 ns, Total: 2225448 ns
[2020-09-12T12:29:36.194+0000][1][safepoint    ] Safepoint "RevokeBias", Time since last: 1051140 ns, Reaching safepoint: 3049873 ns, At safepoint: 7124212 ns, Total: 10174085 ns
[2020-09-12T12:29:36.210+0000][1][safepoint    ] Safepoint "RevokeBias", Time since last: 14808900 ns, Reaching safepoint: 504654 ns, At safepoint: 47177 ns, Total: 551831 ns
[2020-09-12T12:29:36.213+0000][1][safepoint    ] Safepoint "RevokeBias", Time since last: 165677 ns, Reaching safepoint: 3055600 ns, At safepoint: 52659 ns, Total: 3108259 ns
[2020-09-12T12:29:36.214+0000][1][safepoint    ] Safepoint "RevokeBias", Time since last: 233971 ns, Reaching safepoint: 969256 ns, At safepoint: 64948 ns, Total: 1034204 ns
[2020-09-12T12:29:36.215+0000][1][safepoint    ] Safepoint "RevokeBias", Time since last: 50491 ns, Reaching safepoint: 273336 ns, At safepoint: 34006 ns, Total: 307342 ns
[2020-09-12T12:29:36.217+0000][1][safepoint    ] Safepoint "RevokeBias", Time since last: 43105 ns, Reaching safepoint: 2135900 ns, At safepoint: 50278 ns, Total: 2186178 ns
[2020-09-12T12:29:36.217+0000][1][safepoint    ] Safepoint "RevokeBias", Time since last: 74520 ns, Reaching safepoint: 384605 ns, At safepoint: 58835 ns, Total: 443440 ns
[2020-09-12T12:29:36.221+0000][1][safepoint    ] Safepoint "RevokeBias", Time since last: 40766 ns, Reaching safepoint: 3388655 ns, At safepoint: 47704 ns, Total: 3436359 ns
[2020-09-12T12:29:36.223+0000][1][safepoint    ] Safepoint "RevokeBias", Time since last: 66325 ns, Reaching safepoint: 2383519 ns, At safepoint: 51601 ns, Total: 2435120 ns
[2020-09-12T12:29:36.224+0000][1][safepoint    ] Safepoint "RevokeBias", Time since last: 78533 ns, Reaching safepoint: 603200 ns, At safepoint: 67461 ns, Total: 670661 ns
[2020-09-12T12:29:36.225+0000][1][safepoint    ] Safepoint "BulkRevokeBias", Time since last: 63055 ns, Reaching safepoint: 477868 ns, At safepoint: 156315 ns, Total: 634183 ns
[2020-09-12T12:29:36.225+0000][1][safepoint    ] Safepoint "RevokeBias", Time since last: 92430 ns, Reaching safepoint: 265027 ns, At safepoint: 35570 ns, Total: 300597 ns
[2020-09-12T12:29:36.225+0000][1][safepoint    ] Safepoint "RevokeBias", Time since last: 51866 ns, Reaching safepoint: 213062 ns, At safepoint: 31818 ns, Total: 244880 ns
[2020-09-12T12:29:36.229+0000][1][safepoint    ] Safepoint "RevokeBias", Time since last: 1746697 ns, Reaching safepoint: 1572853 ns, At safepoint: 40597 ns, Total: 1613450 ns
[2020-09-12T12:29:36.232+0000][1][safepoint    ] Safepoint "RevokeBias", Time since last: 75997 ns, Reaching safepoint: 2810999 ns, At safepoint: 44537 ns, Total: 2855536 ns
[2020-09-12T12:29:36.232+0000][1][safepoint    ] Safepoint "RevokeBias", Time since last: 72290 ns, Reaching safepoint: 476517 ns, At safepoint: 58418 ns, Total: 534935 ns
[2020-09-12T12:29:36.253+0000][1][safepoint    ] Safepoint "RevokeBias", Time since last: 13734827 ns, Reaching safepoint: 6760275 ns, At safepoint: 58973 ns, Total: 6819248 ns
[2020-09-12T12:29:36.255+0000][1][safepoint    ] Safepoint "RevokeBias", Time since last: 168729 ns, Reaching safepoint: 2034265 ns, At safepoint: 78905 ns, Total: 2113170 ns
[2020-09-12T12:29:36.259+0000][1][safepoint    ] Safepoint "RevokeBias", Time since last: 61135 ns, Reaching safepoint: 3620438 ns, At safepoint: 54492 ns, Total: 3674930 ns
[2020-09-12T12:29:36.259+0000][1][safepoint    ] Safepoint "RevokeBias", Time since last: 73216 ns, Reaching safepoint: 104510 ns, At safepoint: 36039 ns, Total: 140549 ns
[2020-09-12T12:29:36.259+0000][1][safepoint    ] Safepoint "RevokeBias", Time since last: 38939 ns, Reaching safepoint: 91946 ns, At safepoint: 32614 ns, Total: 124560 ns
[2020-09-12T12:29:36.259+0000][1][safepoint    ] Safepoint "RevokeBias", Time since last: 37479 ns, Reaching safepoint: 91192 ns, At safepoint: 29968 ns, Total: 121160 ns
[2020-09-12T12:29:36.260+0000][1][safepoint    ] Safepoint "RevokeBias", Time since last: 37412 ns, Reaching safepoint: 90825 ns, At safepoint: 29583 ns, Total: 120408 ns
[2020-09-12T12:29:36.260+0000][1][safepoint    ] Safepoint "RevokeBias", Time since last: 154911 ns, Reaching safepoint: 91639 ns, At safepoint: 27770 ns, Total: 119409 ns
[2020-09-12T12:29:36.260+0000][1][safepoint    ] Safepoint "RevokeBias", Time since last: 39715 ns, Reaching safepoint: 58907 ns, At safepoint: 27327 ns, Total: 86234 ns
[2020-09-12T12:29:36.261+0000][1][safepoint    ] Safepoint "RevokeBias", Time since last: 36529 ns, Reaching safepoint: 688652 ns, At safepoint: 34898 ns, Total: 723550 ns
[2020-09-12T12:29:36.261+0000][1][safepoint    ] Safepoint "RevokeBias", Time since last: 45126 ns, Reaching safepoint: 91979 ns, At safepoint: 30043 ns, Total: 122022 ns
[2020-09-12T12:29:36.261+0000][1][safepoint    ] Safepoint "RevokeBias", Time since last: 36240 ns, Reaching safepoint: 90127 ns, At safepoint: 26679 ns, Total: 116806 ns
[2020-09-12T12:29:36.261+0000][1][safepoint    ] Safepoint "RevokeBias", Time since last: 36180 ns, Reaching safepoint: 90082 ns, At safepoint: 26646 ns, Total: 116728 ns
[2020-09-12T12:29:36.261+0000][1][safepoint    ] Safepoint "RevokeBias", Time since last: 35703 ns, Reaching safepoint: 90277 ns, At safepoint: 26547 ns, Total: 116824 ns
[2020-09-12T12:29:36.261+0000][1][safepoint    ] Safepoint "RevokeBias", Time since last: 35962 ns, Reaching safepoint: 90912 ns, At safepoint: 26472 ns, Total: 117384 ns
[2020-09-12T12:29:36.262+0000][1][safepoint    ] Safepoint "RevokeBias", Time since last: 36318 ns, Reaching safepoint: 131246 ns, At safepoint: 26436 ns, Total: 157682 ns
[2020-09-12T12:29:36.264+0000][1][safepoint    ] Safepoint "RevokeBias", Time since last: 40759 ns, Reaching safepoint: 2413955 ns, At safepoint: 55673 ns, Total: 2469628 ns
[2020-09-12T12:29:36.264+0000][1][safepoint    ] Safepoint "BulkRevokeBias", Time since last: 75673 ns, Reaching safepoint: 70412 ns, At safepoint: 78706 ns, Total: 149118 ns
[2020-09-12T12:29:36.265+0000][1][safepoint    ] Safepoint "RevokeBias", Time since last: 223438 ns, Reaching safepoint: 213720 ns, At safepoint: 33167 ns, Total: 246887 ns
[2020-09-12T12:29:36.268+0000][1][safepoint    ] Safepoint "RevokeBias", Time since last: 98723 ns, Reaching safepoint: 2960651 ns, At safepoint: 60732 ns, Total: 3021383 ns
[2020-09-12T12:29:36.269+0000][1][safepoint    ] Safepoint "RevokeBias", Time since last: 131536 ns, Reaching safepoint: 550748 ns, At safepoint: 60287 ns, Total: 611035 ns
[2020-09-12T12:29:36.271+0000][1][safepoint    ] Safepoint "RevokeBias", Time since last: 93304 ns, Reaching safepoint: 1662595 ns, At safepoint: 56990 ns, Total: 1719585 ns
[2020-09-12T12:29:36.271+0000][1][safepoint    ] Safepoint "RevokeBias", Time since last: 86658 ns, Reaching safepoint: 216481 ns, At safepoint: 87219 ns, Total: 303700 ns
[2020-09-12T12:29:36.271+0000][1][safepoint    ] Safepoint "RevokeBias", Time since last: 180883 ns, Reaching safepoint: 95844 ns, At safepoint: 63585 ns, Total: 159429 ns
[2020-09-12T12:29:36.272+0000][1][safepoint    ] Safepoint "RevokeBias", Time since last: 657283 ns, Reaching safepoint: 265747 ns, At safepoint: 69068 ns, Total: 334815 ns
[2020-09-12T12:29:36.273+0000][1][safepoint    ] Safepoint "RevokeBias", Time since last: 196347 ns, Reaching safepoint: 94429 ns, At safepoint: 40118 ns, Total: 134547 ns
[2020-09-12T12:29:36.274+0000][1][safepoint    ] Safepoint "RevokeBias", Time since last: 1091473 ns, Reaching safepoint: 623529 ns, At safepoint: 93478 ns, Total: 717007 ns
[2020-09-12T12:29:36.275+0000][1][safepoint    ] Safepoint "RevokeBias", Time since last: 286147 ns, Reaching safepoint: 239765 ns, At safepoint: 31810 ns, Total: 271575 ns
[2020-09-12T12:29:36.275+0000][1][safepoint    ] Safepoint "RevokeBias", Time since last: 57664 ns, Reaching safepoint: 76189 ns, At safepoint: 33089 ns, Total: 109278 ns
[2020-09-12T12:29:36.275+0000][1][safepoint    ] Safepoint "RevokeBias", Time since last: 56711 ns, Reaching safepoint: 79481 ns, At safepoint: 32224 ns, Total: 111705 ns
[2020-09-12T12:29:36.284+0000][1][safepoint    ] Safepoint "RevokeBias", Time since last: 7265610 ns, Reaching safepoint: 1351663 ns, At safepoint: 73732 ns, Total: 1425395 ns
[2020-09-12T12:29:36.286+0000][1][safepoint    ] Safepoint "RevokeBias", Time since last: 269656 ns, Reaching safepoint: 1369573 ns, At safepoint: 79092 ns, Total: 1448665 ns
[2020-09-12T12:29:36.287+0000][1][safepoint    ] Safepoint "RevokeBias", Time since last: 191959 ns, Reaching safepoint: 631160 ns, At safepoint: 450575 ns, Total: 1081735 ns
[2020-09-12T12:29:36.296+0000][1][safepoint    ] Safepoint "RevokeBias", Time since last: 8011147 ns, Reaching safepoint: 430416 ns, At safepoint: 48668 ns, Total: 479084 ns
[2020-09-12T12:29:36.296+0000][1][safepoint    ] Safepoint "RevokeBias", Time since last: 159069 ns, Reaching safepoint: 433648 ns, At safepoint: 43799 ns, Total: 477447 ns
[2020-09-12T12:29:36.312+0000][1][safepoint    ] Safepoint "RevokeBias", Time since last: 13014327 ns, Reaching safepoint: 2881687 ns, At safepoint: 56729 ns, Total: 2938416 ns
[2020-09-12T12:29:36.313+0000][1][safepoint    ] Safepoint "RevokeBias", Time since last: 217556 ns, Reaching safepoint: 443747 ns, At safepoint: 49248 ns, Total: 492995 ns
[2020-09-12T12:29:36.321+0000][1][safepoint    ] Safepoint "RevokeBias", Time since last: 104333 ns, Reaching safepoint: 7826184 ns, At safepoint: 70964 ns, Total: 7897148 ns
[2020-09-12T12:29:36.322+0000][1][safepoint    ] Safepoint "BulkRevokeBias", Time since last: 626214 ns, Reaching safepoint: 702474 ns, At safepoint: 119427 ns, Total: 821901 ns
[2020-09-12T12:29:36.337+0000][1][safepoint    ] Safepoint "BulkRevokeBias", Time since last: 10518453 ns, Reaching safepoint: 3586724 ns, At safepoint: 217558 ns, Total: 3804282 ns
[2020-09-12T12:29:36.355+0000][1][safepoint    ] Safepoint "RevokeBias", Time since last: 16753925 ns, Reaching safepoint: 1884694 ns, At safepoint: 54204 ns, Total: 1938898 ns
[2020-09-12T12:29:36.357+0000][1][safepoint    ] Safepoint "RevokeBias", Time since last: 449041 ns, Reaching safepoint: 990284 ns, At safepoint: 57292 ns, Total: 1047576 ns
[2020-09-12T12:29:36.480+0000][1][gc,start     ] GC(31) Pause Young (Allocation Failure)
[2020-09-12T12:29:36.480+0000][1][gc,task      ] GC(31) Using 2 workers of 2 for evacuation
[2020-09-12T12:29:36.563+0000][1][gc,age       ] GC(31) Desired survivor size 8716288 bytes, new threshold 3 (max threshold 6)
[2020-09-12T12:29:36.563+0000][1][gc,age       ] GC(31) Age table with threshold 3 (max threshold 6)
[2020-09-12T12:29:36.563+0000][1][gc,age       ] GC(31) - age   1:    5199624 bytes,    5199624 total
[2020-09-12T12:29:36.563+0000][1][gc,age       ] GC(31) - age   2:    2824376 bytes,    8024000 total
[2020-09-12T12:29:36.563+0000][1][gc,age       ] GC(31) - age   3:     822792 bytes,    8846792 total
[2020-09-12T12:29:36.563+0000][1][gc,age       ] GC(31) - age   4:    1282384 bytes,   10129176 total
[2020-09-12T12:29:36.563+0000][1][gc,age       ] GC(31) - age   5:     618768 bytes,   10747944 total
[2020-09-12T12:29:36.563+0000][1][gc,age       ] GC(31) - age   6:        480 bytes,   10748424 total
[2020-09-12T12:29:36.563+0000][1][gc,heap      ] GC(31) ParNew: 142112K->12070K(153344K)
[2020-09-12T12:29:36.563+0000][1][gc,heap      ] GC(31) CMS: 48916K->48916K(1926784K)
[2020-09-12T12:29:36.563+0000][1][gc,metaspace ] GC(31) Metaspace: 50988K->50988K(1095680K)
[2020-09-12T12:29:36.563+0000][1][gc           ] GC(31) Pause Young (Allocation Failure) 186M->59M(2031M) 82.907ms
[2020-09-12T12:29:36.563+0000][1][gc,cpu       ] GC(31) User=0.04s Sys=0.00s Real=0.09s
[2020-09-12T12:29:36.563+0000][1][safepoint    ] Safepoint "GenCollectForAllocation", Time since last: 119213905 ns, Reaching safepoint: 3742336 ns, At safepoint: 82962896 ns, Total: 86705232 ns
[2020-09-12T12:29:36.734+0000][1][safepoint    ] Safepoint "RevokeBias", Time since last: 171190210 ns, Reaching safepoint: 43782 ns, At safepoint: 15555 ns, Total: 59337 ns
[2020-09-12T12:29:36.742+0000][1][safepoint    ] Safepoint "RevokeBias", Time since last: 7692941 ns, Reaching safepoint: 46043 ns, At safepoint: 19989 ns, Total: 66032 ns
[2020-09-12T12:29:38.417+0000][1][safepoint    ] Safepoint "Cleanup", Time since last: 1662986217 ns, Reaching safepoint: 11562771 ns, At safepoint: 1157748 ns, Total: 12720519 ns
[2020-09-12T12:29:39.421+0000][1][safepoint    ] Safepoint "Cleanup", Time since last: 1003294259 ns, Reaching safepoint: 662893 ns, At safepoint: 13662 ns, Total: 676555 ns
[2020-09-12T12:29:40.424+0000][1][safepoint    ] Safepoint "Cleanup", Time since last: 1000109663 ns, Reaching safepoint: 2001222 ns, At safepoint: 20409 ns, Total: 2021631 ns
[2020-09-12T12:29:41.191+0000][1][safepoint    ] Safepoint "RevokeBias", Time since last: 765976529 ns, Reaching safepoint: 1615702 ns, At safepoint: 51402 ns, Total: 1667104 ns
[2020-09-12T12:29:41.195+0000][1][safepoint    ] Safepoint "RevokeBias", Time since last: 3330996 ns, Reaching safepoint: 31497 ns, At safepoint: 57023 ns, Total: 88520 ns
[2020-09-12T12:29:41.198+0000][1][safepoint    ] Safepoint "RevokeBias", Time since last: 616674 ns, Reaching safepoint: 2460897 ns, At safepoint: 44743 ns, Total: 2505640 ns
[2020-09-12T12:29:41.217+0000][1][safepoint    ] Safepoint "RevokeBias", Time since last: 18901266 ns, Reaching safepoint: 523073 ns, At safepoint: 40937 ns, Total: 564010 ns
[2020-09-12T12:29:42.123+0000][1][gc,start     ] GC(32) Pause Young (Allocation Failure)
[2020-09-12T12:29:42.123+0000][1][gc,task      ] GC(32) Using 2 workers of 2 for evacuation
[2020-09-12T12:29:42.238+0000][1][gc,age       ] GC(32) Desired survivor size 8716288 bytes, new threshold 2 (max threshold 6)
[2020-09-12T12:29:42.238+0000][1][gc,age       ] GC(32) Age table with threshold 2 (max threshold 6)
[2020-09-12T12:29:42.238+0000][1][gc,age       ] GC(32) - age   1:    4114208 bytes,    4114208 total
[2020-09-12T12:29:42.238+0000][1][gc,age       ] GC(32) - age   2:    5017960 bytes,    9132168 total
[2020-09-12T12:29:42.238+0000][1][gc,age       ] GC(32) - age   3:    2803696 bytes,   11935864 total
[2020-09-12T12:29:42.238+0000][1][gc,heap      ] GC(32) ParNew: 148390K->17024K(153344K)
[2020-09-12T12:29:42.238+0000][1][gc,heap      ] GC(32) CMS: 48916K->51580K(1926784K)
[2020-09-12T12:29:42.238+0000][1][gc,metaspace ] GC(32) Metaspace: 63193K->63193K(1107968K)
[2020-09-12T12:29:42.238+0000][1][gc           ] GC(32) Pause Young (Allocation Failure) 192M->66M(2031M) 115.021ms
[2020-09-12T12:29:42.238+0000][1][gc,cpu       ] GC(32) User=0.08s Sys=0.00s Real=0.11s
[2020-09-12T12:29:42.238+0000][1][safepoint    ] Safepoint "GenCollectForAllocation", Time since last: 903167326 ns, Reaching safepoint: 2585757 ns, At safepoint: 115083607 ns, Total: 117669364 ns
[2020-09-12T12:29:42.313+0000][1][safepoint    ] Safepoint "Deoptimize", Time since last: 69826958 ns, Reaching safepoint: 2760946 ns, At safepoint: 2359352 ns, Total: 5120298 ns
[2020-09-12T12:29:42.397+0000][1][safepoint    ] Safepoint "CollectForMetadataAllocation", Time since last: 82804861 ns, Reaching safepoint: 1001421 ns, At safepoint: 150114 ns, Total: 1151535 ns
[2020-09-12T12:29:42.634+0000][1][safepoint    ] Safepoint "CollectForMetadataAllocation", Time since last: 234774115 ns, Reaching safepoint: 48227 ns, At safepoint: 2146204 ns, Total: 2194431 ns
[2020-09-12T12:29:42.900+0000][1][safepoint    ] Safepoint "CollectForMetadataAllocation", Time since last: 266151935 ns, Reaching safepoint: 125148 ns, At safepoint: 131948 ns, Total: 257096 ns
[2020-09-12T12:29:43.034+0000][1][safepoint    ] Safepoint "CollectForMetadataAllocation", Time since last: 133167359 ns, Reaching safepoint: 124210 ns, At safepoint: 89648 ns, Total: 213858 ns
[2020-09-12T12:29:43.189+0000][1][safepoint    ] Safepoint "RevokeBias", Time since last: 155241140 ns, Reaching safepoint: 132673 ns, At safepoint: 66291 ns, Total: 198964 ns
[2020-09-12T12:29:43.311+0000][1][safepoint    ] Safepoint "CollectForMetadataAllocation", Time since last: 121335339 ns, Reaching safepoint: 61685 ns, At safepoint: 346650 ns, Total: 408335 ns
[2020-09-12T12:29:43.452+0000][1][safepoint    ] Safepoint "CollectForMetadataAllocation", Time since last: 140539580 ns, Reaching safepoint: 59099 ns, At safepoint: 136369 ns, Total: 195468 ns
[2020-09-12T12:29:43.522+0000][1][safepoint    ] Safepoint "CollectForMetadataAllocation", Time since last: 66720283 ns, Reaching safepoint: 3160397 ns, At safepoint: 184288 ns, Total: 3344685 ns
[2020-09-12T12:29:43.569+0000][1][safepoint    ] Safepoint "CollectForMetadataAllocation", Time since last: 44386573 ns, Reaching safepoint: 2678745 ns, At safepoint: 323524 ns, Total: 3002269 ns
[2020-09-12T12:29:43.726+0000][1][safepoint    ] Safepoint "RevokeBias", Time since last: 155666414 ns, Reaching safepoint: 1599109 ns, At safepoint: 66290 ns, Total: 1665399 ns
[2020-09-12T12:29:43.741+0000][1][safepoint    ] Safepoint "CollectForMetadataAllocation", Time since last: 11485486 ns, Reaching safepoint: 3518791 ns, At safepoint: 137841 ns, Total: 3656632 ns
[2020-09-12T12:29:43.909+0000][1][safepoint    ] Safepoint "CollectForMetadataAllocation", Time since last: 163902246 ns, Reaching safepoint: 3411376 ns, At safepoint: 280553 ns, Total: 3691929 ns
[2020-09-12T12:29:44.072+0000][1][safepoint    ] Safepoint "CollectForMetadataAllocation", Time since last: 162488506 ns, Reaching safepoint: 39411 ns, At safepoint: 126663 ns, Total: 166074 ns
[2020-09-12T12:29:44.257+0000][1][gc,start     ] GC(33) Pause Initial Mark
[2020-09-12T12:29:44.317+0000][1][gc           ] GC(33) Pause Initial Mark 107M->107M(2031M) 60.101ms
[2020-09-12T12:29:44.317+0000][1][gc,cpu       ] GC(33) User=0.03s Sys=0.00s Real=0.06s
[2020-09-12T12:29:44.317+0000][1][safepoint    ] Safepoint "CMS_Initial_Mark", Time since last: 183252883 ns, Reaching safepoint: 1700107 ns, At safepoint: 60202940 ns, Total: 61903047 ns
[2020-09-12T12:29:44.317+0000][1][gc           ] GC(33) Concurrent Mark
[2020-09-12T12:29:44.332+0000][1][safepoint    ] Safepoint "CollectForMetadataAllocation", Time since last: 14530809 ns, Reaching safepoint: 80250 ns, At safepoint: 147604 ns, Total: 227854 ns
[2020-09-12T12:29:44.510+0000][1][safepoint    ] Safepoint "CollectForMetadataAllocation", Time since last: 178152776 ns, Reaching safepoint: 41190 ns, At safepoint: 77446 ns, Total: 118636 ns
[2020-09-12T12:29:44.580+0000][1][gc           ] GC(33) Concurrent Mark 262.568ms
[2020-09-12T12:29:44.580+0000][1][gc,cpu       ] GC(33) User=0.13s Sys=0.00s Real=0.26s
[2020-09-12T12:29:44.580+0000][1][gc           ] GC(33) Concurrent Preclean
[2020-09-12T12:29:44.592+0000][1][gc           ] GC(33) Concurrent Preclean 12.861ms
[2020-09-12T12:29:44.592+0000][1][gc,cpu       ] GC(33) User=0.01s Sys=0.00s Real=0.02s
[2020-09-12T12:29:44.592+0000][1][gc           ] GC(33) Concurrent Abortable Preclean
[2020-09-12T12:29:44.697+0000][1][safepoint    ] Safepoint "CollectForMetadataAllocation", Time since last: 186620112 ns, Reaching safepoint: 65233 ns, At safepoint: 386119 ns, Total: 451352 ns
[2020-09-12T12:29:44.793+0000][1][safepoint    ] Safepoint "CollectForMetadataAllocation", Time since last: 91750728 ns, Reaching safepoint: 3981168 ns, At safepoint: 147847 ns, Total: 4129015 ns
[2020-09-12T12:29:44.954+0000][1][safepoint    ] Safepoint "CollectForMetadataAllocation", Time since last: 160776100 ns, Reaching safepoint: 47638 ns, At safepoint: 128550 ns, Total: 176188 ns
[2020-09-12T12:29:45.014+0000][1][safepoint    ] Safepoint "CollectForMetadataAllocation", Time since last: 59690046 ns, Reaching safepoint: 64094 ns, At safepoint: 169469 ns, Total: 233563 ns
[2020-09-12T12:29:45.042+0000][1][safepoint    ] Safepoint "CollectForMetadataAllocation", Time since last: 27653249 ns, Reaching safepoint: 56266 ns, At safepoint: 130257 ns, Total: 186523 ns
[2020-09-12T12:29:45.069+0000][1][safepoint    ] Safepoint "Deoptimize", Time since last: 27104244 ns, Reaching safepoint: 62200 ns, At safepoint: 349655 ns, Total: 411855 ns
[2020-09-12T12:29:45.111+0000][1][safepoint    ] Safepoint "Deoptimize", Time since last: 41728564 ns, Reaching safepoint: 59550 ns, At safepoint: 365536 ns, Total: 425086 ns
[2020-09-12T12:29:45.125+0000][1][safepoint    ] Safepoint "CollectForMetadataAllocation", Time since last: 13202259 ns, Reaching safepoint: 46415 ns, At safepoint: 113626 ns, Total: 160041 ns
[2020-09-12T12:29:45.401+0000][1][safepoint    ] Safepoint "RevokeBias", Time since last: 272231583 ns, Reaching safepoint: 3862462 ns, At safepoint: 76739 ns, Total: 3939201 ns
[2020-09-12T12:29:45.405+0000][1][safepoint    ] Safepoint "RevokeBias", Time since last: 226076 ns, Reaching safepoint: 3688377 ns, At safepoint: 66541 ns, Total: 3754918 ns
[2020-09-12T12:29:45.416+0000][1][safepoint    ] Safepoint "RevokeBias", Time since last: 85862 ns, Reaching safepoint: 11321989 ns, At safepoint: 70002 ns, Total: 11391991 ns
[2020-09-12T12:29:45.420+0000][1][safepoint    ] Safepoint "RevokeBias", Time since last: 255127 ns, Reaching safepoint: 3122609 ns, At safepoint: 163611 ns, Total: 3286220 ns
[2020-09-12T12:29:45.421+0000][1][safepoint    ] Safepoint "CollectForMetadataAllocation", Time since last: 1151516 ns, Reaching safepoint: 34253 ns, At safepoint: 126425 ns, Total: 160678 ns
[2020-09-12T12:29:45.490+0000][1][safepoint    ] Safepoint "RevokeBias", Time since last: 68611743 ns, Reaching safepoint: 443783 ns, At safepoint: 27016 ns, Total: 470799 ns
[2020-09-12T12:29:45.493+0000][1][safepoint    ] Safepoint "RevokeBias", Time since last: 2474802 ns, Reaching safepoint: 65166 ns, At safepoint: 27758 ns, Total: 92924 ns
[2020-09-12T12:29:45.501+0000][1][safepoint    ] Safepoint "RevokeBias", Time since last: 3001519 ns, Reaching safepoint: 5305735 ns, At safepoint: 92767 ns, Total: 5398502 ns
[2020-09-12T12:29:45.502+0000][1][safepoint    ] Safepoint "RevokeBias", Time since last: 315390 ns, Reaching safepoint: 40003 ns, At safepoint: 22666 ns, Total: 62669 ns
[2020-09-12T12:29:45.502+0000][1][safepoint    ] Safepoint "RevokeBias", Time since last: 773987 ns, Reaching safepoint: 34842 ns, At safepoint: 23055 ns, Total: 57897 ns
[2020-09-12T12:29:45.513+0000][1][safepoint    ] Safepoint "RevokeBias", Time since last: 10326115 ns, Reaching safepoint: 84760 ns, At safepoint: 32992 ns, Total: 117752 ns
[2020-09-12T12:29:45.513+0000][1][safepoint    ] Safepoint "RevokeBias", Time since last: 247242 ns, Reaching safepoint: 33664 ns, At safepoint: 22359 ns, Total: 56023 ns
[2020-09-12T12:29:45.514+0000][1][safepoint    ] Safepoint "RevokeBias", Time since last: 742479 ns, Reaching safepoint: 44840 ns, At safepoint: 21306 ns, Total: 66146 ns
[2020-09-12T12:29:45.514+0000][1][safepoint    ] Safepoint "RevokeBias", Time since last: 65140 ns, Reaching safepoint: 34523 ns, At safepoint: 19279 ns, Total: 53802 ns
[2020-09-12T12:29:45.514+0000][1][safepoint    ] Safepoint "RevokeBias", Time since last: 94602 ns, Reaching safepoint: 28776 ns, At safepoint: 18044 ns, Total: 46820 ns
[2020-09-12T12:29:45.515+0000][1][safepoint    ] Safepoint "RevokeBias", Time since last: 295939 ns, Reaching safepoint: 24286 ns, At safepoint: 16668 ns, Total: 40954 ns
[2020-09-12T12:29:45.515+0000][1][safepoint    ] Safepoint "RevokeBias", Time since last: 196297 ns, Reaching safepoint: 26840 ns, At safepoint: 17835 ns, Total: 44675 ns
[2020-09-12T12:29:45.519+0000][1][safepoint    ] Safepoint "RevokeBias", Time since last: 42956 ns, Reaching safepoint: 3729546 ns, At safepoint: 29609 ns, Total: 3759155 ns
[2020-09-12T12:29:45.530+0000][1][safepoint    ] Safepoint "RevokeBias", Time since last: 11020395 ns, Reaching safepoint: 80389 ns, At safepoint: 28746 ns, Total: 109135 ns
[2020-09-12T12:29:45.530+0000][1][safepoint    ] Safepoint "RevokeBias", Time since last: 131051 ns, Reaching safepoint: 33986 ns, At safepoint: 22709 ns, Total: 56695 ns
[2020-09-12T12:29:45.545+0000][1][safepoint    ] Safepoint "RevokeBias", Time since last: 14840799 ns, Reaching safepoint: 72508 ns, At safepoint: 42689 ns, Total: 115197 ns
[2020-09-12T12:29:45.548+0000][1][safepoint    ] Safepoint "RevokeBias", Time since last: 2798370 ns, Reaching safepoint: 63613 ns, At safepoint: 45302 ns, Total: 108915 ns
[2020-09-12T12:29:45.564+0000][1][safepoint    ] Safepoint "Deoptimize", Time since last: 15650764 ns, Reaching safepoint: 47431 ns, At safepoint: 365515 ns, Total: 412946 ns
[2020-09-12T12:29:45.579+0000][1][safepoint    ] Safepoint "RevokeBias", Time since last: 12887531 ns, Reaching safepoint: 2319908 ns, At safepoint: 58610 ns, Total: 2378518 ns
[2020-09-12T12:29:45.625+0000][1][safepoint    ] Safepoint "RevokeBias", Time since last: 12790256 ns, Reaching safepoint: 32869592 ns, At safepoint: 35941 ns, Total: 32905533 ns
[2020-09-12T12:29:45.643+0000][1][safepoint    ] Safepoint "RevokeBias", Time since last: 17881514 ns, Reaching safepoint: 132532 ns, At safepoint: 21921 ns, Total: 154453 ns
[2020-09-12T12:29:45.644+0000][1][safepoint    ] Safepoint "RevokeBias", Time since last: 700417 ns, Reaching safepoint: 98069 ns, At safepoint: 15916 ns, Total: 113985 ns
[2020-09-12T12:29:45.666+0000][1][safepoint    ] Safepoint "RevokeBias", Time since last: 1636031 ns, Reaching safepoint: 21032545 ns, At safepoint: 36221 ns, Total: 21068766 ns
[2020-09-12T12:29:45.673+0000][1][safepoint    ] Safepoint "RevokeBias", Time since last: 6349078 ns, Reaching safepoint: 71039 ns, At safepoint: 35352 ns, Total: 106391 ns
[2020-09-12T12:29:45.674+0000][1][safepoint    ] Safepoint "RevokeBias", Time since last: 1320255 ns, Reaching safepoint: 49100 ns, At safepoint: 29196 ns, Total: 78296 ns
[2020-09-12T12:29:45.676+0000][1][safepoint    ] Safepoint "RevokeBias", Time since last: 1709330 ns, Reaching safepoint: 37778 ns, At safepoint: 24974 ns, Total: 62752 ns
[2020-09-12T12:29:45.676+0000][1][safepoint    ] Safepoint "RevokeBias", Time since last: 91162 ns, Reaching safepoint: 29200 ns, At safepoint: 19531 ns, Total: 48731 ns
[2020-09-12T12:29:45.678+0000][1][safepoint    ] Safepoint "RevokeBias", Time since last: 1749371 ns, Reaching safepoint: 26340 ns, At safepoint: 26261 ns, Total: 52601 ns
[2020-09-12T12:29:45.692+0000][1][safepoint    ] Safepoint "RevokeBias", Time since last: 12715736 ns, Reaching safepoint: 1421522 ns, At safepoint: 154108 ns, Total: 1575630 ns
[2020-09-12T12:29:45.745+0000][1][safepoint    ] Safepoint "RevokeBias", Time since last: 15812999 ns, Reaching safepoint: 37133192 ns, At safepoint: 90239 ns, Total: 37223431 ns
[2020-09-12T12:29:45.747+0000][1][safepoint    ] Safepoint "RevokeBias", Time since last: 720345 ns, Reaching safepoint: 637352 ns, At safepoint: 72594 ns, Total: 709946 ns
[2020-09-12T12:29:45.752+0000][1][safepoint    ] Safepoint "RevokeBias", Time since last: 549604 ns, Reaching safepoint: 4863506 ns, At safepoint: 93886 ns, Total: 4957392 ns
[2020-09-12T12:29:45.754+0000][1][safepoint    ] Safepoint "RevokeBias", Time since last: 260835 ns, Reaching safepoint: 1093427 ns, At safepoint: 105479 ns, Total: 1198906 ns
[2020-09-12T12:29:45.781+0000][1][safepoint    ] Safepoint "RevokeBias", Time since last: 14104458 ns, Reaching safepoint: 12994863 ns, At safepoint: 80560 ns, Total: 13075423 ns
[2020-09-12T12:29:45.787+0000][1][safepoint    ] Safepoint "RevokeBias", Time since last: 117974 ns, Reaching safepoint: 4805398 ns, At safepoint: 792040 ns, Total: 5597438 ns
[2020-09-12T12:29:45.790+0000][1][safepoint    ] Safepoint "BulkRevokeBias", Time since last: 759358 ns, Reaching safepoint: 2261252 ns, At safepoint: 239651 ns, Total: 2500903 ns
[2020-09-12T12:29:45.794+0000][1][safepoint    ] Safepoint "RevokeBias", Time since last: 2396569 ns, Reaching safepoint: 2122747 ns, At safepoint: 135722 ns, Total: 2258469 ns
[2020-09-12T12:29:45.804+0000][1][safepoint    ] Safepoint "RevokeBias", Time since last: 6274838 ns, Reaching safepoint: 3058611 ns, At safepoint: 132293 ns, Total: 3190904 ns
[2020-09-12T12:29:45.881+0000][1][safepoint    ] Safepoint "RevokeBias", Time since last: 40088665 ns, Reaching safepoint: 36741505 ns, At safepoint: 56319 ns, Total: 36797824 ns
[2020-09-12T12:29:45.882+0000][1][safepoint    ] Safepoint "RevokeBias", Time since last: 157903 ns, Reaching safepoint: 987738 ns, At safepoint: 23603 ns, Total: 1011341 ns
[2020-09-12T12:29:45.886+0000][1][safepoint    ] Safepoint "RevokeBias", Time since last: 898889 ns, Reaching safepoint: 3552703 ns, At safepoint: 34069 ns, Total: 3586772 ns
[2020-09-12T12:29:45.912+0000][1][safepoint    ] Safepoint "RevokeBias", Time since last: 158688 ns, Reaching safepoint: 25069110 ns, At safepoint: 65842 ns, Total: 25134952 ns
[2020-09-12T12:29:45.913+0000][1][safepoint    ] Safepoint "RevokeBias", Time since last: 84819 ns, Reaching safepoint: 922326 ns, At safepoint: 45638 ns, Total: 967964 ns
[2020-09-12T12:29:45.917+0000][1][safepoint    ] Safepoint "RevokeBias", Time since last: 61117 ns, Reaching safepoint: 3856226 ns, At safepoint: 58247 ns, Total: 3914473 ns
[2020-09-12T12:29:45.922+0000][1][safepoint    ] Safepoint "CollectForMetadataAllocation", Time since last: 1300224 ns, Reaching safepoint: 3778234 ns, At safepoint: 152267 ns, Total: 3930501 ns
[2020-09-12T12:29:45.931+0000][1][safepoint    ] Safepoint "RevokeBias", Time since last: 733501 ns, Reaching safepoint: 8354233 ns, At safepoint: 64949 ns, Total: 8419182 ns
[2020-09-12T12:29:45.932+0000][1][safepoint    ] Safepoint "RevokeBias", Time since last: 509724 ns, Reaching safepoint: 478666 ns, At safepoint: 37696 ns, Total: 516362 ns
[2020-09-12T12:29:45.953+0000][1][safepoint    ] Safepoint "RevokeBias", Time since last: 4510627 ns, Reaching safepoint: 16143323 ns, At safepoint: 60184 ns, Total: 16203507 ns
[2020-09-12T12:29:45.957+0000][1][safepoint    ] Safepoint "RevokeBias", Time since last: 3537337 ns, Reaching safepoint: 64111 ns, At safepoint: 37021 ns, Total: 101132 ns
[2020-09-12T12:29:45.965+0000][1][safepoint    ] Safepoint "RevokeBias", Time since last: 3133452 ns, Reaching safepoint: 5091917 ns, At safepoint: 64728 ns, Total: 5156645 ns
[2020-09-12T12:29:46.032+0000][1][safepoint    ] Safepoint "RevokeBias", Time since last: 64773887 ns, Reaching safepoint: 2448598 ns, At safepoint: 52543 ns, Total: 2501141 ns
[2020-09-12T12:29:46.161+0000][1][safepoint    ] Safepoint "RevokeBias", Time since last: 119909402 ns, Reaching safepoint: 8805972 ns, At safepoint: 50458 ns, Total: 8856430 ns
[2020-09-12T12:29:46.195+0000][1][safepoint    ] Safepoint "RevokeBias", Time since last: 3842074 ns, Reaching safepoint: 30330534 ns, At safepoint: 60581 ns, Total: 30391115 ns
[2020-09-12T12:29:46.197+0000][1][safepoint    ] Safepoint "RevokeBias", Time since last: 945070 ns, Reaching safepoint: 683520 ns, At safepoint: 52608 ns, Total: 736128 ns
[2020-09-12T12:29:46.198+0000][1][safepoint    ] Safepoint "RevokeBias", Time since last: 339363 ns, Reaching safepoint: 465829 ns, At safepoint: 73973 ns, Total: 539802 ns
[2020-09-12T12:29:46.200+0000][1][safepoint    ] Safepoint "RevokeBias", Time since last: 905225 ns, Reaching safepoint: 895126 ns, At safepoint: 56298 ns, Total: 951424 ns
[2020-09-12T12:29:46.223+0000][1][safepoint    ] Safepoint "RevokeBias", Time since last: 5176037 ns, Reaching safepoint: 17962087 ns, At safepoint: 61270 ns, Total: 18023357 ns
[2020-09-12T12:29:46.228+0000][1][safepoint    ] Safepoint "RevokeBias", Time since last: 2187517 ns, Reaching safepoint: 2564823 ns, At safepoint: 60088 ns, Total: 2624911 ns
[2020-09-12T12:29:46.229+0000][1][safepoint    ] Safepoint "RevokeBias", Time since last: 286952 ns, Reaching safepoint: 440903 ns, At safepoint: 492965 ns, Total: 933868 ns
[2020-09-12T12:29:46.241+0000][1][safepoint    ] Safepoint "RevokeBias", Time since last: 7950270 ns, Reaching safepoint: 3868833 ns, At safepoint: 51608 ns, Total: 3920441 ns
[2020-09-12T12:29:46.246+0000][1][safepoint    ] Safepoint "RevokeBias", Time since last: 621062 ns, Reaching safepoint: 4513583 ns, At safepoint: 52129 ns, Total: 4565712 ns
[2020-09-12T12:29:46.247+0000][1][safepoint    ] Safepoint "RevokeBias", Time since last: 775063 ns, Reaching safepoint: 230747 ns, At safepoint: 35290 ns, Total: 266037 ns
[2020-09-12T12:29:46.251+0000][1][safepoint    ] Safepoint "RevokeBias", Time since last: 2625964 ns, Reaching safepoint: 1231026 ns, At safepoint: 44224 ns, Total: 1275250 ns
[2020-09-12T12:29:46.251+0000][1][safepoint    ] Safepoint "RevokeBias", Time since last: 215156 ns, Reaching safepoint: 39532 ns, At safepoint: 30991 ns, Total: 70523 ns
[2020-09-12T12:29:46.252+0000][1][safepoint    ] Safepoint "RevokeBias", Time since last: 286836 ns, Reaching safepoint: 177779 ns, At safepoint: 43457 ns, Total: 221236 ns
[2020-09-12T12:29:46.253+0000][1][safepoint    ] Safepoint "RevokeBias", Time since last: 1059288 ns, Reaching safepoint: 66285 ns, At safepoint: 91544 ns, Total: 157829 ns
[2020-09-12T12:29:46.254+0000][1][safepoint    ] Safepoint "RevokeBias", Time since last: 379435 ns, Reaching safepoint: 880334 ns, At safepoint: 40102 ns, Total: 920436 ns
[2020-09-12T12:29:46.259+0000][1][safepoint    ] Safepoint "RevokeBias", Time since last: 1938925 ns, Reaching safepoint: 3280057 ns, At safepoint: 65547 ns, Total: 3345604 ns
[2020-09-12T12:29:46.262+0000][1][safepoint    ] Safepoint "RevokeBias", Time since last: 2593147 ns, Reaching safepoint: 64129 ns, At safepoint: 30724 ns, Total: 94853 ns
[2020-09-12T12:29:46.295+0000][1][safepoint    ] Safepoint "RevokeBias", Time since last: 32102166 ns, Reaching safepoint: 426432 ns, At safepoint: 25453 ns, Total: 451885 ns
[2020-09-12T12:29:46.318+0000][1][safepoint    ] Safepoint "CollectForMetadataAllocation", Time since last: 23175244 ns, Reaching safepoint: 65348 ns, At safepoint: 117073 ns, Total: 182421 ns
[2020-09-12T12:29:46.334+0000][1][safepoint    ] Safepoint "BulkRevokeBias", Time since last: 15439463 ns, Reaching safepoint: 572985 ns, At safepoint: 484454 ns, Total: 1057439 ns
[2020-09-12T12:29:46.354+0000][1][safepoint    ] Safepoint "RevokeBias", Time since last: 18933994 ns, Reaching safepoint: 1064714 ns, At safepoint: 37048 ns, Total: 1101762 ns
[2020-09-12T12:29:46.380+0000][1][safepoint    ] Safepoint "RevokeBias", Time since last: 16530978 ns, Reaching safepoint: 8505259 ns, At safepoint: 31820 ns, Total: 8537079 ns
[2020-09-12T12:29:46.490+0000][1][safepoint    ] Safepoint "RevokeBias", Time since last: 109193321 ns, Reaching safepoint: 1624217 ns, At safepoint: 31223 ns, Total: 1655440 ns
[2020-09-12T12:29:46.513+0000][1][safepoint    ] Safepoint "RevokeBias", Time since last: 10765286 ns, Reaching safepoint: 11618747 ns, At safepoint: 34150 ns, Total: 11652897 ns
[2020-09-12T12:29:46.550+0000][1][safepoint    ] Safepoint "RevokeBias", Time since last: 14655914 ns, Reaching safepoint: 22767627 ns, At safepoint: 55758 ns, Total: 22823385 ns
[2020-09-12T12:29:46.609+0000][1][safepoint    ] Safepoint "RevokeBias", Time since last: 22869958 ns, Reaching safepoint: 35474668 ns, At safepoint: 53060 ns, Total: 35527728 ns
[2020-09-12T12:29:46.613+0000][1][safepoint    ] Safepoint "RevokeBias", Time since last: 4074600 ns, Reaching safepoint: 65154 ns, At safepoint: 37126 ns, Total: 102280 ns
[2020-09-12T12:29:46.623+0000][1][safepoint    ] Safepoint "RevokeBias", Time since last: 1139675 ns, Reaching safepoint: 9206126 ns, At safepoint: 61145 ns, Total: 9267271 ns
[2020-09-12T12:29:46.623+0000][1][safepoint    ] Safepoint "RevokeBias", Time since last: 78159 ns, Reaching safepoint: 107467 ns, At safepoint: 39846 ns, Total: 147313 ns
[2020-09-12T12:29:46.624+0000][1][safepoint    ] Safepoint "RevokeBias", Time since last: 42514 ns, Reaching safepoint: 135937 ns, At safepoint: 22651 ns, Total: 158588 ns
[2020-09-12T12:29:46.624+0000][1][safepoint    ] Safepoint "CollectForMetadataAllocation", Time since last: 210021 ns, Reaching safepoint: 93771 ns, At safepoint: 121027 ns, Total: 214798 ns
[2020-09-12T12:29:46.739+0000][1][safepoint    ] Safepoint "CollectForMetadataAllocation", Time since last: 98299624 ns, Reaching safepoint: 16150796 ns, At safepoint: 122690 ns, Total: 16273486 ns
[2020-09-12T12:29:46.829+0000][1][safepoint    ] Safepoint "RevokeBias", Time since last: 80939225 ns, Reaching safepoint: 9460689 ns, At safepoint: 49009 ns, Total: 9509698 ns
[2020-09-12T12:29:46.878+0000][1][safepoint    ] Safepoint "CollectForMetadataAllocation", Time since last: 39546588 ns, Reaching safepoint: 8342902 ns, At safepoint: 594606 ns, Total: 8937508 ns
[2020-09-12T12:29:46.924+0000][1][safepoint    ] Safepoint "CollectForMetadataAllocation", Time since last: 42393317 ns, Reaching safepoint: 3810868 ns, At safepoint: 29348 ns, Total: 3840216 ns
[2020-09-12T12:29:46.942+0000][1][safepoint    ] Safepoint "RevokeBias", Time since last: 4811848 ns, Reaching safepoint: 13028969 ns, At safepoint: 59321 ns, Total: 13088290 ns
[2020-09-12T12:29:46.950+0000][1][safepoint    ] Safepoint "RevokeBias", Time since last: 4115656 ns, Reaching safepoint: 4449024 ns, At safepoint: 55160 ns, Total: 4504184 ns
[2020-09-12T12:29:46.954+0000][1][safepoint    ] Safepoint "RevokeBias", Time since last: 3051011 ns, Reaching safepoint: 137376 ns, At safepoint: 44485 ns, Total: 181861 ns
[2020-09-12T12:29:47.030+0000][1][safepoint    ] Safepoint "CollectForMetadataAllocation", Time since last: 76082199 ns, Reaching safepoint: 115305 ns, At safepoint: 89859 ns, Total: 205164 ns
[2020-09-12T12:29:47.257+0000][1][safepoint    ] Safepoint "CollectForMetadataAllocation", Time since last: 206786528 ns, Reaching safepoint: 20043534 ns, At safepoint: 167924 ns, Total: 20211458 ns
[2020-09-12T12:29:47.334+0000][1][safepoint    ] Safepoint "RevokeBias", Time since last: 22617795 ns, Reaching safepoint: 53242655 ns, At safepoint: 792533 ns, Total: 54035188 ns
[2020-09-12T12:29:47.338+0000][1][safepoint    ] Safepoint "Deoptimize", Time since last: 3370560 ns, Reaching safepoint: 166074 ns, At safepoint: 584219 ns, Total: 750293 ns
[2020-09-12T12:29:47.448+0000][1][safepoint    ] Safepoint "CollectForMetadataAllocation", Time since last: 102223725 ns, Reaching safepoint: 8077156 ns, At safepoint: 130567 ns, Total: 8207723 ns
[2020-09-12T12:29:47.667+0000][1][safepoint    ] Safepoint "RevokeBias", Time since last: 183284665 ns, Reaching safepoint: 35609356 ns, At safepoint: 148381 ns, Total: 35757737 ns
[2020-09-12T12:29:47.669+0000][1][safepoint    ] Safepoint "RevokeBias", Time since last: 901708 ns, Reaching safepoint: 653114 ns, At safepoint: 23315 ns, Total: 676429 ns
[2020-09-12T12:29:47.699+0000][1][safepoint    ] Safepoint "CollectForMetadataAllocation", Time since last: 14254850 ns, Reaching safepoint: 15636213 ns, At safepoint: 26424 ns, Total: 15662637 ns
[2020-09-12T12:29:47.813+0000][1][safepoint    ] Safepoint "RevokeBias", Time since last: 95370442 ns, Reaching safepoint: 18799123 ns, At safepoint: 126357 ns, Total: 18925480 ns
[2020-09-12T12:29:47.889+0000][1][safepoint    ] Safepoint "CollectForMetadataAllocation", Time since last: 55977187 ns, Reaching safepoint: 19822114 ns, At safepoint: 225471 ns, Total: 20047585 ns
[2020-09-12T12:29:47.889+0000][1][safepoint    ] Safepoint "RevokeBias", Time since last: 338690 ns, Reaching safepoint: 103424 ns, At safepoint: 33493 ns, Total: 136917 ns
[2020-09-12T12:29:47.894+0000][1][safepoint    ] Safepoint "RevokeBias", Time since last: 51661 ns, Reaching safepoint: 4853560 ns, At safepoint: 47315 ns, Total: 4900875 ns
[2020-09-12T12:29:47.905+0000][1][safepoint    ] Safepoint "RevokeBias", Time since last: 7295917 ns, Reaching safepoint: 3141893 ns, At safepoint: 32431 ns, Total: 3174324 ns
[2020-09-12T12:29:47.905+0000][1][safepoint    ] Safepoint "RevokeBias", Time since last: 75891 ns, Reaching safepoint: 91963 ns, At safepoint: 16953 ns, Total: 108916 ns
[2020-09-12T12:29:48.018+0000][1][gc,start     ] GC(34) Pause Young (Allocation Failure)
[2020-09-12T12:29:48.018+0000][1][gc,task      ] GC(34) Using 2 workers of 2 for evacuation
[2020-09-12T12:29:48.204+0000][1][gc,age       ] GC(34) Desired survivor size 8716288 bytes, new threshold 6 (max threshold 6)
[2020-09-12T12:29:48.204+0000][1][gc,age       ] GC(34) Age table with threshold 6 (max threshold 6)
[2020-09-12T12:29:48.204+0000][1][gc,age       ] GC(34) - age   1:    3735472 bytes,    3735472 total
[2020-09-12T12:29:48.204+0000][1][gc,age       ] GC(34) - age   2:    3722288 bytes,    7457760 total
[2020-09-12T12:29:48.204+0000][1][gc,heap      ] GC(34) ParNew: 153344K->16442K(153344K)
[2020-09-12T12:29:48.204+0000][1][gc,heap      ] GC(34) CMS: 51580K->108438K(1926784K)
[2020-09-12T12:29:48.204+0000][1][gc,metaspace ] GC(34) Metaspace: 72819K->72819K(1116160K)
[2020-09-12T12:29:48.204+0000][1][gc           ] GC(34) Pause Young (Allocation Failure) 200M->121M(2031M) 186.063ms
[2020-09-12T12:29:48.204+0000][1][gc,cpu       ] GC(34) User=0.09s Sys=0.00s Real=0.19s
[2020-09-12T12:29:48.204+0000][1][safepoint    ] Safepoint "GenCollectForAllocation", Time since last: 85086242 ns, Reaching safepoint: 28182244 ns, At safepoint: 186121532 ns, Total: 214303776 ns
[2020-09-12T12:29:48.275+0000][1][safepoint    ] Safepoint "RevokeBias", Time since last: 60409531 ns, Reaching safepoint: 9682882 ns, At safepoint: 41522 ns, Total: 9724404 ns
[2020-09-12T12:29:48.477+0000][1][safepoint    ] Safepoint "RevokeBias", Time since last: 193952785 ns, Reaching safepoint: 8881317 ns, At safepoint: 58320 ns, Total: 8939637 ns
[2020-09-12T12:29:48.478+0000][1][safepoint    ] Safepoint "RevokeBias", Time since last: 97607 ns, Reaching safepoint: 882192 ns, At safepoint: 15856 ns, Total: 898048 ns
[2020-09-12T12:29:48.537+0000][1][safepoint    ] Safepoint "CollectForMetadataAllocation", Time since last: 52832348 ns, Reaching safepoint: 5330239 ns, At safepoint: 394677 ns, Total: 5724916 ns
[2020-09-12T12:29:48.541+0000][1][safepoint    ] Safepoint "CollectForMetadataAllocation", Time since last: 381332 ns, Reaching safepoint: 3331044 ns, At safepoint: 24650 ns, Total: 3355694 ns
[2020-09-12T12:29:48.667+0000][1][safepoint    ] Safepoint "RevokeBias", Time since last: 107039926 ns, Reaching safepoint: 19313245 ns, At safepoint: 25904 ns, Total: 19339149 ns
[2020-09-12T12:29:48.671+0000][1][safepoint    ] Safepoint "RevokeBias", Time since last: 2089024 ns, Reaching safepoint: 1582338 ns, At safepoint: 23125 ns, Total: 1605463 ns
[2020-09-12T12:29:48.765+0000][1][safepoint    ] Safepoint "RevokeBias", Time since last: 79937762 ns, Reaching safepoint: 13756873 ns, At safepoint: 21481 ns, Total: 13778354 ns
[2020-09-12T12:29:48.769+0000][1][safepoint    ] Safepoint "RevokeBias", Time since last: 2136832 ns, Reaching safepoint: 2052078 ns, At safepoint: 65436 ns, Total: 2117514 ns
[2020-09-12T12:29:48.808+0000][1][safepoint    ] Safepoint "CollectForMetadataAllocation", Time since last: 39500090 ns, Reaching safepoint: 56274 ns, At safepoint: 135517 ns, Total: 191791 ns
[2020-09-12T12:29:48.990+0000][1][safepoint    ] Safepoint "RevokeBias", Time since last: 164935198 ns, Reaching safepoint: 16292594 ns, At safepoint: 77079 ns, Total: 16369673 ns
[2020-09-12T12:29:49.024+0000][1][safepoint    ] Safepoint "RevokeBias", Time since last: 34402009 ns, Reaching safepoint: 53966 ns, At safepoint: 15621 ns, Total: 69587 ns
[2020-09-12T12:29:49.077+0000][1][safepoint    ] Safepoint "RevokeBias", Time since last: 37505822 ns, Reaching safepoint: 15158370 ns, At safepoint: 34380 ns, Total: 15192750 ns
[2020-09-12T12:29:49.077+0000][1][safepoint    ] Safepoint "RevokeBias", Time since last: 218954 ns, Reaching safepoint: 100995 ns, At safepoint: 19926 ns, Total: 120921 ns
[2020-09-12T12:29:49.077+0000][1][safepoint    ] Safepoint "RevokeBias", Time since last: 39047 ns, Reaching safepoint: 92851 ns, At safepoint: 22295 ns, Total: 115146 ns
[2020-09-12T12:29:49.078+0000][1][safepoint    ] Safepoint "RevokeBias", Time since last: 153506 ns, Reaching safepoint: 29813 ns, At safepoint: 21041 ns, Total: 50854 ns
[2020-09-12T12:29:49.078+0000][1][safepoint    ] Safepoint "RevokeBias", Time since last: 46655 ns, Reaching safepoint: 27034 ns, At safepoint: 9240 ns, Total: 36274 ns
[2020-09-12T12:29:49.139+0000][1][safepoint    ] Safepoint "RevokeBias", Time since last: 51967012 ns, Reaching safepoint: 9064567 ns, At safepoint: 54883 ns, Total: 9119450 ns
[2020-09-12T12:29:49.143+0000][1][safepoint    ] Safepoint "CollectForMetadataAllocation", Time since last: 2819009 ns, Reaching safepoint: 1114213 ns, At safepoint: 143569 ns, Total: 1257782 ns
[2020-09-12T12:29:49.163+0000][1][safepoint    ] Safepoint "RevokeBias", Time since last: 14258116 ns, Reaching safepoint: 6123432 ns, At safepoint: 23228 ns, Total: 6146660 ns
[2020-09-12T12:29:49.210+0000][1][safepoint    ] Safepoint "RevokeBias", Time since last: 14251216 ns, Reaching safepoint: 32142794 ns, At safepoint: 28124 ns, Total: 32170918 ns
[2020-09-12T12:29:49.262+0000][1][safepoint    ] Safepoint "RevokeBias", Time since last: 13695897 ns, Reaching safepoint: 38350992 ns, At safepoint: 51262 ns, Total: 38402254 ns
[2020-09-12T12:29:49.262+0000][1][safepoint    ] Safepoint "RevokeBias", Time since last: 106101 ns, Reaching safepoint: 128293 ns, At safepoint: 57690 ns, Total: 185983 ns
[2020-09-12T12:29:49.301+0000][1][safepoint    ] Safepoint "RevokeBias", Time since last: 6955036 ns, Reaching safepoint: 31671855 ns, At safepoint: 44079 ns, Total: 31715934 ns
[2020-09-12T12:29:49.342+0000][1][safepoint    ] Safepoint "RevokeBias", Time since last: 7886846 ns, Reaching safepoint: 33152291 ns, At safepoint: 36990 ns, Total: 33189281 ns
[2020-09-12T12:29:49.342+0000][1][safepoint    ] Safepoint "RevokeBias", Time since last: 336169 ns, Reaching safepoint: 97790 ns, At safepoint: 15574 ns, Total: 113364 ns
[2020-09-12T12:29:49.373+0000][1][safepoint    ] Safepoint "RevokeBias", Time since last: 26442285 ns, Reaching safepoint: 4570859 ns, At safepoint: 23400 ns, Total: 4594259 ns
[2020-09-12T12:29:49.417+0000][1][safepoint    ] Safepoint "RevokeBias", Time since last: 6143306 ns, Reaching safepoint: 37269947 ns, At safepoint: 65790 ns, Total: 37335737 ns
[2020-09-12T12:29:49.425+0000][1][safepoint    ] Safepoint "RevokeBias", Time since last: 7620142 ns, Reaching safepoint: 778728 ns, At safepoint: 50297 ns, Total: 829025 ns
[2020-09-12T12:29:49.673+0000][1][safepoint    ] Safepoint "CollectForMetadataAllocation", Time since last: 171543527 ns, Reaching safepoint: 76112263 ns, At safepoint: 168450 ns, Total: 76280713 ns
[2020-09-12T12:29:49.677+0000][1][safepoint    ] Safepoint "RevokeBias", Time since last: 3589103 ns, Reaching safepoint: 129700 ns, At safepoint: 23252 ns, Total: 152952 ns
[2020-09-12T12:29:49.690+0000][1][safepoint    ] Safepoint "RevokeBias", Time since last: 12636337 ns, Reaching safepoint: 160244 ns, At safepoint: 46341 ns, Total: 206585 ns
[2020-09-12T12:29:49.741+0000][1][safepoint    ] Safepoint "RevokeBias", Time since last: 32890312 ns, Reaching safepoint: 18739576 ns, At safepoint: 105437 ns, Total: 18845013 ns
[2020-09-12T12:29:49.757+0000][1][safepoint    ] Safepoint "RevokeBias", Time since last: 254240 ns, Reaching safepoint: 14801006 ns, At safepoint: 72882 ns, Total: 14873888 ns
[2020-09-12T12:29:49.792+0000][1][safepoint    ] Safepoint "RevokeBias", Time since last: 8575215 ns, Reaching safepoint: 26459276 ns, At safepoint: 60387 ns, Total: 26519663 ns
[2020-09-12T12:29:49.812+0000][1][safepoint    ] Safepoint "RevokeBias", Time since last: 9349178 ns, Reaching safepoint: 10614906 ns, At safepoint: 73477 ns, Total: 10688383 ns
[2020-09-12T12:29:49.851+0000][1][safepoint    ] Safepoint "RevokeBias", Time since last: 6403163 ns, Reaching safepoint: 33108813 ns, At safepoint: 95848 ns, Total: 33204661 ns
[2020-09-12T12:29:49.858+0000][1][safepoint    ] Safepoint "RevokeBias", Time since last: 1179530 ns, Reaching safepoint: 5451359 ns, At safepoint: 65443 ns, Total: 5516802 ns
[2020-09-12T12:29:49.865+0000][1][safepoint    ] Safepoint "RevokeBias", Time since last: 2306833 ns, Reaching safepoint: 4457234 ns, At safepoint: 78948 ns, Total: 4536182 ns
[2020-09-12T12:29:49.873+0000][1][safepoint    ] Safepoint "RevokeBias", Time since last: 2469039 ns, Reaching safepoint: 5430708 ns, At safepoint: 50692 ns, Total: 5481400 ns
[2020-09-12T12:29:49.875+0000][1][safepoint    ] Safepoint "RevokeBias", Time since last: 215303 ns, Reaching safepoint: 1746862 ns, At safepoint: 64608 ns, Total: 1811470 ns
[2020-09-12T12:29:49.898+0000][1][safepoint    ] Safepoint "RevokeBias", Time since last: 9040255 ns, Reaching safepoint: 13678126 ns, At safepoint: 51962 ns, Total: 13730088 ns
[2020-09-12T12:29:49.899+0000][1][safepoint    ] Safepoint "RevokeBias", Time since last: 593430 ns, Reaching safepoint: 738137 ns, At safepoint: 53970 ns, Total: 792107 ns
[2020-09-12T12:29:49.902+0000][1][safepoint    ] Safepoint "RevokeBias", Time since last: 633300 ns, Reaching safepoint: 2462289 ns, At safepoint: 53085 ns, Total: 2515374 ns
[2020-09-12T12:29:49.928+0000][1][gc           ] GC(33) Concurrent Abortable Preclean 5335.956ms
[2020-09-12T12:29:49.929+0000][1][gc,cpu       ] GC(33) User=2.46s Sys=0.12s Real=5.33s
[2020-09-12T12:29:49.940+0000][1][gc,start     ] GC(33) Pause Remark
[2020-09-12T12:29:50.011+0000][1][gc           ] GC(33) Pause Remark 170M->170M(2031M) 70.829ms
[2020-09-12T12:29:50.011+0000][1][gc,cpu       ] GC(33) User=0.04s Sys=0.00s Real=0.08s
[2020-09-12T12:29:50.045+0000][1][safepoint    ] Safepoint "RevokeBias", Time since last: 32910117 ns, Reaching safepoint: 4885525 ns, At safepoint: 104751771 ns, Total: 109637296 ns
[2020-09-12T12:29:50.048+0000][1][safepoint    ] Safepoint "RevokeBias", Time since last: 42283 ns, Reaching safepoint: 3453017 ns, At safepoint: 85706 ns, Total: 3538723 ns
[2020-09-12T12:29:50.048+0000][1][gc           ] GC(33) Concurrent Sweep
[2020-09-12T12:29:50.077+0000][1][safepoint    ] Safepoint "RevokeBias", Time since last: 8666283 ns, Reaching safepoint: 20333844 ns, At safepoint: 70038 ns, Total: 20403882 ns
[2020-09-12T12:29:50.080+0000][1][safepoint    ] Safepoint "RevokeBias", Time since last: 881983 ns, Reaching safepoint: 1985037 ns, At safepoint: 72186 ns, Total: 2057223 ns
[2020-09-12T12:29:50.090+0000][1][safepoint    ] Safepoint "RevokeBias", Time since last: 9025651 ns, Reaching safepoint: 315323 ns, At safepoint: 58375 ns, Total: 373698 ns
[2020-09-12T12:29:50.091+0000][1][safepoint    ] Safepoint "RevokeBias", Time since last: 385517 ns, Reaching safepoint: 573692 ns, At safepoint: 44310 ns, Total: 618002 ns
[2020-09-12T12:29:50.105+0000][1][safepoint    ] Safepoint "RevokeBias", Time since last: 3923845 ns, Reaching safepoint: 10139931 ns, At safepoint: 75075 ns, Total: 10215006 ns
[2020-09-12T12:29:50.123+0000][1][safepoint    ] Safepoint "RevokeBias", Time since last: 15886814 ns, Reaching safepoint: 2217761 ns, At safepoint: 81307 ns, Total: 2299068 ns
[2020-09-12T12:29:50.124+0000][1][safepoint    ] Safepoint "RevokeBias", Time since last: 848178 ns, Reaching safepoint: 141004 ns, At safepoint: 59245 ns, Total: 200249 ns
[2020-09-12T12:29:50.140+0000][1][safepoint    ] Safepoint "RevokeBias", Time since last: 10743849 ns, Reaching safepoint: 5451630 ns, At safepoint: 37732 ns, Total: 5489362 ns
[2020-09-12T12:29:50.221+0000][1][safepoint    ] Safepoint "RevokeBias", Time since last: 40043125 ns, Reaching safepoint: 41051716 ns, At safepoint: 54075 ns, Total: 41105791 ns
[2020-09-12T12:29:50.338+0000][1][gc           ] GC(33) Concurrent Sweep 289.537ms
[2020-09-12T12:29:50.338+0000][1][gc,cpu       ] GC(33) User=0.14s Sys=0.01s Real=0.29s
[2020-09-12T12:29:50.338+0000][1][gc           ] GC(33) Concurrent Reset
[2020-09-12T12:29:50.423+0000][1][gc           ] GC(33) Concurrent Reset 84.866ms
[2020-09-12T12:29:50.423+0000][1][gc,cpu       ] GC(33) User=0.05s Sys=0.00s Real=0.09s
[2020-09-12T12:29:50.423+0000][1][gc,heap      ] GC(33) Old: 51580K->107459K(1926784K)
[2020-09-12T12:29:50.750+0000][1][safepoint    ] Safepoint "BulkRevokeBias", Time since last: 511291168 ns, Reaching safepoint: 16653401 ns, At safepoint: 329485 ns, Total: 16982886 ns
[2020-09-12T12:29:50.811+0000][1][safepoint    ] Safepoint "BulkRevokeBias", Time since last: 22037811 ns, Reaching safepoint: 38519050 ns, At safepoint: 295000 ns, Total: 38814050 ns
[2020-09-12T12:29:50.829+0000][1][safepoint    ] Safepoint "RevokeBias", Time since last: 6557895 ns, Reaching safepoint: 11910473 ns, At safepoint: 34652 ns, Total: 11945125 ns
[2020-09-12T12:29:50.926+0000][1][safepoint    ] Safepoint "RevokeBias", Time since last: 87495705 ns, Reaching safepoint: 9640790 ns, At safepoint: 71290 ns, Total: 9712080 ns
[2020-09-12T12:29:50.946+0000][1][safepoint    ] Safepoint "RevokeBias", Time since last: 14439333 ns, Reaching safepoint: 5235427 ns, At safepoint: 168730 ns, Total: 5404157 ns
[2020-09-12T12:29:50.955+0000][1][safepoint    ] Safepoint "RevokeBias", Time since last: 6615932 ns, Reaching safepoint: 2629984 ns, At safepoint: 67889 ns, Total: 2697873 ns
[2020-09-12T12:29:50.993+0000][1][safepoint    ] Safepoint "RevokeBias", Time since last: 31344637 ns, Reaching safepoint: 6041167 ns, At safepoint: 36157 ns, Total: 6077324 ns
[2020-09-12T12:29:51.010+0000][1][safepoint    ] Safepoint "RevokeBias", Time since last: 8503863 ns, Reaching safepoint: 8306565 ns, At safepoint: 73094 ns, Total: 8379659 ns
[2020-09-12T12:29:51.027+0000][1][safepoint    ] Safepoint "RevokeBias", Time since last: 11177691 ns, Reaching safepoint: 6412958 ns, At safepoint: 76060 ns, Total: 6489018 ns
[2020-09-12T12:29:51.033+0000][1][safepoint    ] Safepoint "RevokeBias", Time since last: 2149245 ns, Reaching safepoint: 3454702 ns, At safepoint: 33231 ns, Total: 3487933 ns
[2020-09-12T12:29:51.035+0000][1][safepoint    ] Safepoint "RevokeBias", Time since last: 1063164 ns, Reaching safepoint: 1081876 ns, At safepoint: 36949 ns, Total: 1118825 ns
[2020-09-12T12:29:51.037+0000][1][safepoint    ] Safepoint "RevokeBias", Time since last: 941125 ns, Reaching safepoint: 344166 ns, At safepoint: 27823 ns, Total: 371989 ns
[2020-09-12T12:29:51.037+0000][1][safepoint    ] Safepoint "RevokeBias", Time since last: 248999 ns, Reaching safepoint: 276716 ns, At safepoint: 20500 ns, Total: 297216 ns
[2020-09-12T12:29:51.038+0000][1][safepoint    ] Safepoint "RevokeBias", Time since last: 279700 ns, Reaching safepoint: 190147 ns, At safepoint: 19442 ns, Total: 209589 ns
[2020-09-12T12:29:51.038+0000][1][safepoint    ] Safepoint "RevokeBias", Time since last: 173932 ns, Reaching safepoint: 375666 ns, At safepoint: 20283 ns, Total: 395949 ns
[2020-09-12T12:29:51.042+0000][1][safepoint    ] Safepoint "RevokeBias", Time since last: 256974 ns, Reaching safepoint: 3128319 ns, At safepoint: 36072 ns, Total: 3164391 ns
[2020-09-12T12:29:51.058+0000][1][safepoint    ] Safepoint "RevokeBias", Time since last: 13639359 ns, Reaching safepoint: 2627583 ns, At safepoint: 42593 ns, Total: 2670176 ns
[2020-09-12T12:29:51.061+0000][1][safepoint    ] Safepoint "RevokeBias", Time since last: 2254017 ns, Reaching safepoint: 903806 ns, At safepoint: 27306 ns, Total: 931112 ns
[2020-09-12T12:29:51.073+0000][1][safepoint    ] Safepoint "RevokeBias", Time since last: 7852226 ns, Reaching safepoint: 3847424 ns, At safepoint: 35429 ns, Total: 3882853 ns
[2020-09-12T12:29:51.140+0000][1][safepoint    ] Safepoint "RevokeBias", Time since last: 61831489 ns, Reaching safepoint: 4886674 ns, At safepoint: 39423 ns, Total: 4926097 ns
[2020-09-12T12:29:51.151+0000][1][safepoint    ] Safepoint "RevokeBias", Time since last: 6339254 ns, Reaching safepoint: 5071455 ns, At safepoint: 32258 ns, Total: 5103713 ns
[2020-09-12T12:29:51.152+0000][1][safepoint    ] Safepoint "RevokeBias", Time since last: 122484 ns, Reaching safepoint: 572712 ns, At safepoint: 49194 ns, Total: 621906 ns
[2020-09-12T12:29:51.153+0000][1][safepoint    ] Safepoint "RevokeBias", Time since last: 154386 ns, Reaching safepoint: 847181 ns, At safepoint: 24617 ns, Total: 871798 ns
[2020-09-12T12:29:51.157+0000][1][safepoint    ] Safepoint "RevokeBias", Time since last: 261661 ns, Reaching safepoint: 3760595 ns, At safepoint: 34537 ns, Total: 3795132 ns
[2020-09-12T12:29:51.158+0000][1][safepoint    ] Safepoint "RevokeBias", Time since last: 161627 ns, Reaching safepoint: 1150165 ns, At safepoint: 28001 ns, Total: 1178166 ns
[2020-09-12T12:29:51.159+0000][1][safepoint    ] Safepoint "RevokeBias", Time since last: 257080 ns, Reaching safepoint: 647458 ns, At safepoint: 27066 ns, Total: 674524 ns
[2020-09-12T12:29:51.181+0000][1][safepoint    ] Safepoint "RevokeBias", Time since last: 18513363 ns, Reaching safepoint: 3140003 ns, At safepoint: 38499 ns, Total: 3178502 ns
[2020-09-12T12:29:51.193+0000][1][safepoint    ] Safepoint "RevokeBias", Time since last: 1793498 ns, Reaching safepoint: 10169521 ns, At safepoint: 35516 ns, Total: 10205037 ns
[2020-09-12T12:29:51.197+0000][1][safepoint    ] Safepoint "RevokeBias", Time since last: 1536706 ns, Reaching safepoint: 2419967 ns, At safepoint: 29888 ns, Total: 2449855 ns
[2020-09-12T12:29:51.205+0000][1][safepoint    ] Safepoint "RevokeBias", Time since last: 995609 ns, Reaching safepoint: 7015776 ns, At safepoint: 33335 ns, Total: 7049111 ns
[2020-09-12T12:29:51.219+0000][1][safepoint    ] Safepoint "RevokeBias", Time since last: 385728 ns, Reaching safepoint: 13716238 ns, At safepoint: 34197 ns, Total: 13750435 ns
[2020-09-12T12:29:51.224+0000][1][safepoint    ] Safepoint "RevokeBias", Time since last: 1745656 ns, Reaching safepoint: 3350744 ns, At safepoint: 41238 ns, Total: 3391982 ns
[2020-09-12T12:29:51.233+0000][1][safepoint    ] Safepoint "RevokeBias", Time since last: 338745 ns, Reaching safepoint: 8656258 ns, At safepoint: 34895 ns, Total: 8691153 ns
[2020-09-12T12:29:51.234+0000][1][safepoint    ] Safepoint "RevokeBias", Time since last: 195734 ns, Reaching safepoint: 580026 ns, At safepoint: 27223 ns, Total: 607249 ns
[2020-09-12T12:29:51.237+0000][1][safepoint    ] Safepoint "RevokeBias", Time since last: 1070135 ns, Reaching safepoint: 1758088 ns, At safepoint: 25094 ns, Total: 1783182 ns
[2020-09-12T12:29:51.242+0000][1][safepoint    ] Safepoint "RevokeBias", Time since last: 169344 ns, Reaching safepoint: 4648056 ns, At safepoint: 30273 ns, Total: 4678329 ns
[2020-09-12T12:29:51.246+0000][1][safepoint    ] Safepoint "RevokeBias", Time since last: 355174 ns, Reaching safepoint: 3847587 ns, At safepoint: 32326 ns, Total: 3879913 ns
[2020-09-12T12:29:51.247+0000][1][safepoint    ] Safepoint "RevokeBias", Time since last: 181887 ns, Reaching safepoint: 575569 ns, At safepoint: 21105 ns, Total: 596674 ns
[2020-09-12T12:29:51.247+0000][1][safepoint    ] Safepoint "RevokeBias", Time since last: 131530 ns, Reaching safepoint: 690557 ns, At safepoint: 20387 ns, Total: 710944 ns
[2020-09-12T12:29:51.249+0000][1][safepoint    ] Safepoint "RevokeBias", Time since last: 961650 ns, Reaching safepoint: 281665 ns, At safepoint: 19293 ns, Total: 300958 ns
[2020-09-12T12:29:51.273+0000][1][safepoint    ] Safepoint "RevokeBias", Time since last: 18576745 ns, Reaching safepoint: 5827654 ns, At safepoint: 31424 ns, Total: 5859078 ns
[2020-09-12T12:29:51.274+0000][1][safepoint    ] Safepoint "RevokeBias", Time since last: 638729 ns, Reaching safepoint: 106226 ns, At safepoint: 18435 ns, Total: 124661 ns
[2020-09-12T12:29:51.275+0000][1][safepoint    ] Safepoint "RevokeBias", Time since last: 94367 ns, Reaching safepoint: 802778 ns, At safepoint: 18205 ns, Total: 820983 ns
[2020-09-12T12:29:51.277+0000][1][safepoint    ] Safepoint "RevokeBias", Time since last: 545508 ns, Reaching safepoint: 1612880 ns, At safepoint: 31319 ns, Total: 1644199 ns
[2020-09-12T12:29:51.278+0000][1][safepoint    ] Safepoint "RevokeBias", Time since last: 1053520 ns, Reaching safepoint: 135550 ns, At safepoint: 21456 ns, Total: 157006 ns
[2020-09-12T12:29:51.279+0000][1][safepoint    ] Safepoint "RevokeBias", Time since last: 194614 ns, Reaching safepoint: 93902 ns, At safepoint: 19787 ns, Total: 113689 ns
[2020-09-12T12:29:51.280+0000][1][safepoint    ] Safepoint "RevokeBias", Time since last: 584320 ns, Reaching safepoint: 519290 ns, At safepoint: 22229 ns, Total: 541519 ns
[2020-09-12T12:29:51.281+0000][1][safepoint    ] Safepoint "RevokeBias", Time since last: 962363 ns, Reaching safepoint: 461533 ns, At safepoint: 21967 ns, Total: 483500 ns
[2020-09-12T12:29:51.286+0000][1][safepoint    ] Safepoint "RevokeBias", Time since last: 4502197 ns, Reaching safepoint: 122833 ns, At safepoint: 20596 ns, Total: 143429 ns
[2020-09-12T12:29:51.290+0000][1][safepoint    ] Safepoint "RevokeBias", Time since last: 3519923 ns, Reaching safepoint: 211954 ns, At safepoint: 23356 ns, Total: 235310 ns
[2020-09-12T12:29:51.297+0000][1][safepoint    ] Safepoint "RevokeBias", Time since last: 6772958 ns, Reaching safepoint: 269585 ns, At safepoint: 24241 ns, Total: 293826 ns
[2020-09-12T12:29:51.455+0000][1][safepoint    ] Safepoint "RevokeBias", Time since last: 157486655 ns, Reaching safepoint: 923347 ns, At safepoint: 36440 ns, Total: 959787 ns
[2020-09-12T12:29:51.474+0000][1][safepoint    ] Safepoint "RevokeBias", Time since last: 9700091 ns, Reaching safepoint: 9663469 ns, At safepoint: 61983 ns, Total: 9725452 ns
[2020-09-12T12:29:51.536+0000][1][safepoint    ] Safepoint "RevokeBias", Time since last: 61169453 ns, Reaching safepoint: 603675 ns, At safepoint: 40241 ns, Total: 643916 ns
[2020-09-12T12:29:51.546+0000][1][safepoint    ] Safepoint "RevokeBias", Time since last: 5210448 ns, Reaching safepoint: 3994003 ns, At safepoint: 52787 ns, Total: 4046790 ns
[2020-09-12T12:29:51.606+0000][1][safepoint    ] Safepoint "BulkRevokeBias", Time since last: 59821099 ns, Reaching safepoint: 121281 ns, At safepoint: 196044 ns, Total: 317325 ns
[2020-09-12T12:29:51.619+0000][1][safepoint    ] Safepoint "BulkRevokeBias", Time since last: 7063305 ns, Reaching safepoint: 5991695 ns, At safepoint: 260421 ns, Total: 6252116 ns
[2020-09-12T12:29:51.731+0000][1][safepoint    ] Safepoint "RevokeBias", Time since last: 107219806 ns, Reaching safepoint: 4592622 ns, At safepoint: 53701 ns, Total: 4646323 ns
[2020-09-12T12:29:51.783+0000][1][safepoint    ] Safepoint "RevokeBias", Time since last: 52164928 ns, Reaching safepoint: 65034 ns, At safepoint: 236218 ns, Total: 301252 ns
[2020-09-12T12:29:52.594+0000][1][safepoint    ] Safepoint "RevokeBias", Time since last: 808657239 ns, Reaching safepoint: 2473559 ns, At safepoint: 35986 ns, Total: 2509545 ns
[2020-09-12T12:29:52.602+0000][1][safepoint    ] Safepoint "RevokeBias", Time since last: 92346 ns, Reaching safepoint: 7267981 ns, At safepoint: 38404 ns, Total: 7306385 ns
[2020-09-12T12:29:52.925+0000][1][safepoint    ] Safepoint "RevokeBias", Time since last: 314804495 ns, Reaching safepoint: 8665848 ns, At safepoint: 31603 ns, Total: 8697451 ns
[2020-09-12T12:29:52.933+0000][1][safepoint    ] Safepoint "RevokeBias", Time since last: 6483171 ns, Reaching safepoint: 671400 ns, At safepoint: 26503 ns, Total: 697903 ns
[2020-09-12T12:29:53.043+0000][1][safepoint    ] Safepoint "RevokeBias", Time since last: 110503981 ns, Reaching safepoint: 282674 ns, At safepoint: 59972 ns, Total: 342646 ns
[2020-09-12T12:29:53.172+0000][1][safepoint    ] Safepoint "RevokeBias", Time since last: 128141535 ns, Reaching safepoint: 137599 ns, At safepoint: 30519 ns, Total: 168118 ns
[2020-09-12T12:29:54.172+0000][1][safepoint    ] Safepoint "Cleanup", Time since last: 1000176362 ns, Reaching safepoint: 80287 ns, At safepoint: 13281 ns, Total: 93568 ns
[2020-09-12T12:29:55.143+0000][1][safepoint    ] Safepoint "RevokeBias", Time since last: 971167055 ns, Reaching safepoint: 77361 ns, At safepoint: 23608 ns, Total: 100969 ns
[2020-09-12T12:29:55.145+0000][1][safepoint    ] Safepoint "RevokeBias", Time since last: 1244872 ns, Reaching safepoint: 42462 ns, At safepoint: 20927 ns, Total: 63389 ns
[2020-09-12T12:29:55.146+0000][1][safepoint    ] Safepoint "RevokeBias", Time since last: 1869488 ns, Reaching safepoint: 42174 ns, At safepoint: 21982 ns, Total: 64156 ns
[2020-09-12T12:29:55.461+0000][1][safepoint    ] Safepoint "RevokeBias", Time since last: 314108158 ns, Reaching safepoint: 475202 ns, At safepoint: 32550 ns, Total: 507752 ns
[2020-09-12T12:29:55.512+0000][1][safepoint    ] Safepoint "RevokeBias", Time since last: 47512775 ns, Reaching safepoint: 3422144 ns, At safepoint: 30398 ns, Total: 3452542 ns
[2020-09-12T12:29:55.513+0000][1][safepoint    ] Safepoint "RevokeBias", Time since last: 345612 ns, Reaching safepoint: 280901 ns, At safepoint: 17205 ns, Total: 298106 ns
[2020-09-12T12:29:55.513+0000][1][safepoint    ] Safepoint "RevokeBias", Time since last: 82467 ns, Reaching safepoint: 78715 ns, At safepoint: 14473 ns, Total: 93188 ns
[2020-09-12T12:29:55.514+0000][1][safepoint    ] Safepoint "RevokeBias", Time since last: 191573 ns, Reaching safepoint: 935329 ns, At safepoint: 25183 ns, Total: 960512 ns
[2020-09-12T12:29:55.516+0000][1][safepoint    ] Safepoint "RevokeBias", Time since last: 1251216 ns, Reaching safepoint: 269192 ns, At safepoint: 21439 ns, Total: 290631 ns
[2020-09-12T12:29:55.526+0000][1][safepoint    ] Safepoint "RevokeBias", Time since last: 9961145 ns, Reaching safepoint: 872140 ns, At safepoint: 25591 ns, Total: 897731 ns
[2020-09-12T12:29:55.527+0000][1][safepoint    ] Safepoint "RevokeBias", Time since last: 78463 ns, Reaching safepoint: 114747 ns, At safepoint: 15658 ns, Total: 130405 ns
[2020-09-12T12:29:55.710+0000][1][safepoint    ] Safepoint "Deoptimize", Time since last: 182399992 ns, Reaching safepoint: 54052 ns, At safepoint: 436448 ns, Total: 490500 ns
[2020-09-12T12:29:55.867+0000][1][safepoint    ] Safepoint "BulkRevokeBias", Time since last: 156250965 ns, Reaching safepoint: 1199548 ns, At safepoint: 194976 ns, Total: 1394524 ns
[2020-09-12T12:29:55.868+0000][1][safepoint    ] Safepoint "BulkRevokeBias", Time since last: 75744 ns, Reaching safepoint: 332680 ns, At safepoint: 109985 ns, Total: 442665 ns
[2020-09-12T12:29:55.892+0000][1][safepoint    ] Safepoint "RevokeBias", Time since last: 17920476 ns, Reaching safepoint: 6781129 ns, At safepoint: 31281 ns, Total: 6812410 ns
[2020-09-12T12:29:55.896+0000][1][safepoint    ] Safepoint "RevokeBias", Time since last: 385424 ns, Reaching safepoint: 3386263 ns, At safepoint: 29729 ns, Total: 3415992 ns
[2020-09-12T12:29:55.965+0000][1][safepoint    ] Safepoint "RevokeBias", Time since last: 65324368 ns, Reaching safepoint: 3839249 ns, At safepoint: 35642 ns, Total: 3874891 ns
[2020-09-12T12:29:55.966+0000][1][safepoint    ] Safepoint "RevokeBias", Time since last: 363100 ns, Reaching safepoint: 126056 ns, At safepoint: 24326 ns, Total: 150382 ns
[2020-09-12T12:29:56.026+0000][1][safepoint    ] Safepoint "RevokeBias", Time since last: 58735752 ns, Reaching safepoint: 1524136 ns, At safepoint: 34726 ns, Total: 1558862 ns
[2020-09-12T12:29:56.142+0000][1][safepoint    ] Safepoint "RevokeBias", Time since last: 114438263 ns, Reaching safepoint: 823601 ns, At safepoint: 23406 ns, Total: 847007 ns
[2020-09-12T12:29:56.165+0000][1][safepoint    ] Safepoint "RevokeBias", Time since last: 17815660 ns, Reaching safepoint: 5388281 ns, At safepoint: 32073 ns, Total: 5420354 ns
[2020-09-12T12:29:56.166+0000][1][safepoint    ] Safepoint "RevokeBias", Time since last: 236052 ns, Reaching safepoint: 900039 ns, At safepoint: 23216 ns, Total: 923255 ns
[2020-09-12T12:29:56.196+0000][1][safepoint    ] Safepoint "RevokeBias", Time since last: 27109102 ns, Reaching safepoint: 2830009 ns, At safepoint: 31969 ns, Total: 2861978 ns
[2020-09-12T12:29:56.200+0000][1][safepoint    ] Safepoint "RevokeBias", Time since last: 2131500 ns, Reaching safepoint: 1448800 ns, At safepoint: 61135 ns, Total: 1509935 ns
[2020-09-12T12:29:56.246+0000][1][safepoint    ] Safepoint "RevokeBias", Time since last: 33117969 ns, Reaching safepoint: 13436015 ns, At safepoint: 27459 ns, Total: 13463474 ns
[2020-09-12T12:29:56.274+0000][1][safepoint    ] Safepoint "RevokeBias", Time since last: 17389936 ns, Reaching safepoint: 10904167 ns, At safepoint: 82371 ns, Total: 10986538 ns
[2020-09-12T12:29:56.332+0000][1][gc,start     ] GC(35) Pause Young (Allocation Failure)
[2020-09-12T12:29:56.332+0000][1][gc,task      ] GC(35) Using 2 workers of 2 for evacuation
[2020-09-12T12:29:56.446+0000][1][gc,age       ] GC(35) Desired survivor size 8716288 bytes, new threshold 3 (max threshold 6)
[2020-09-12T12:29:56.446+0000][1][gc,age       ] GC(35) Age table with threshold 3 (max threshold 6)
[2020-09-12T12:29:56.446+0000][1][gc,age       ] GC(35) - age   1:    2631336 bytes,    2631336 total
[2020-09-12T12:29:56.446+0000][1][gc,age       ] GC(35) - age   2:    3478472 bytes,    6109808 total
[2020-09-12T12:29:56.446+0000][1][gc,age       ] GC(35) - age   3:    3697344 bytes,    9807152 total
[2020-09-12T12:29:56.446+0000][1][gc,heap      ] GC(35) ParNew: 152762K->13678K(153344K)
[2020-09-12T12:29:56.446+0000][1][gc,heap      ] GC(35) CMS: 107459K->123843K(1926784K)
[2020-09-12T12:29:56.446+0000][1][gc,metaspace ] GC(35) Metaspace: 77053K->77053K(1120256K)
[2020-09-12T12:29:56.446+0000][1][gc           ] GC(35) Pause Young (Allocation Failure) 254M->134M(2031M) 114.273ms
[2020-09-12T12:29:56.446+0000][1][gc,cpu       ] GC(35) User=0.06s Sys=0.00s Real=0.11s
[2020-09-12T12:29:56.446+0000][1][safepoint    ] Safepoint "GenCollectForAllocation", Time since last: 42732432 ns, Reaching safepoint: 14457584 ns, At safepoint: 114333004 ns, Total: 128790588 ns
[2020-09-12T12:29:56.463+0000][1][safepoint    ] Safepoint "RevokeBias", Time since last: 12689699 ns, Reaching safepoint: 4329131 ns, At safepoint: 35216 ns, Total: 4364347 ns
[2020-09-12T12:29:56.529+0000][1][safepoint    ] Safepoint "RevokeBias", Time since last: 65596213 ns, Reaching safepoint: 111345 ns, At safepoint: 14467 ns, Total: 125812 ns
[2020-09-12T12:29:56.529+0000][1][safepoint    ] Safepoint "RevokeBias", Time since last: 629677 ns, Reaching safepoint: 41382 ns, At safepoint: 9225 ns, Total: 50607 ns
[2020-09-12T12:29:57.274+0000][1][safepoint    ] Safepoint "RevokeBias", Time since last: 726842656 ns, Reaching safepoint: 17980227 ns, At safepoint: 21858 ns, Total: 18002085 ns
[2020-09-12T12:29:57.277+0000][1][safepoint    ] Safepoint "RevokeBias", Time since last: 84879 ns, Reaching safepoint: 2300117 ns, At safepoint: 11446 ns, Total: 2311563 ns
[2020-09-12T12:29:57.277+0000][1][safepoint    ] Safepoint "RevokeBias", Time since last: 63607 ns, Reaching safepoint: 119230 ns, At safepoint: 9460 ns, Total: 128690 ns
[2020-09-12T12:29:57.447+0000][1][safepoint    ] Safepoint "Deoptimize", Time since last: 162933773 ns, Reaching safepoint: 6414216 ns, At safepoint: 453768 ns, Total: 6867984 ns
[2020-09-12T12:29:57.507+0000][1][safepoint    ] Safepoint "RevokeBias", Time since last: 42964654 ns, Reaching safepoint: 17395369 ns, At safepoint: 40310 ns, Total: 17435679 ns
[2020-09-12T12:29:57.551+0000][1][safepoint    ] Safepoint "RevokeBias", Time since last: 39687404 ns, Reaching safepoint: 3792425 ns, At safepoint: 21897 ns, Total: 3814322 ns
[2020-09-12T12:29:57.554+0000][1][safepoint    ] Safepoint "RevokeBias", Time since last: 552790 ns, Reaching safepoint: 3159654 ns, At safepoint: 133420 ns, Total: 3293074 ns
[2020-09-12T12:29:57.584+0000][1][safepoint    ] Safepoint "RevokeBias", Time since last: 25154659 ns, Reaching safepoint: 4071832 ns, At safepoint: 21236 ns, Total: 4093068 ns
[2020-09-12T12:29:57.597+0000][1][safepoint    ] Safepoint "RevokeBias", Time since last: 7116003 ns, Reaching safepoint: 6032254 ns, At safepoint: 19444 ns, Total: 6051698 ns
[2020-09-12T12:29:58.219+0000][1][safepoint    ] Safepoint "RevokeBias", Time since last: 611557908 ns, Reaching safepoint: 10445418 ns, At safepoint: 63814 ns, Total: 10509232 ns
[2020-09-12T12:29:58.223+0000][1][safepoint    ] Safepoint "RevokeBias", Time since last: 3675604 ns, Reaching safepoint: 151257 ns, At safepoint: 25544 ns, Total: 176801 ns
[2020-09-12T12:29:58.237+0000][1][safepoint    ] Safepoint "RevokeBias", Time since last: 5383838 ns, Reaching safepoint: 8500749 ns, At safepoint: 33217 ns, Total: 8533966 ns
[2020-09-12T12:29:58.261+0000][1][safepoint    ] Safepoint "BulkRevokeBias", Time since last: 23978794 ns, Reaching safepoint: 71764 ns, At safepoint: 588449 ns, Total: 660213 ns
[2020-09-12T12:29:58.282+0000][1][safepoint    ] Safepoint "RevokeBias", Time since last: 14444262 ns, Reaching safepoint: 6022629 ns, At safepoint: 22525 ns, Total: 6045154 ns
[2020-09-12T12:29:58.283+0000][1][safepoint    ] Safepoint "RevokeBias", Time since last: 473764 ns, Reaching safepoint: 202649 ns, At safepoint: 14772 ns, Total: 217421 ns
[2020-09-12T12:29:58.283+0000][1][safepoint    ] Safepoint "RevokeBias", Time since last: 90230 ns, Reaching safepoint: 118447 ns, At safepoint: 19387 ns, Total: 137834 ns
[2020-09-12T12:29:58.290+0000][1][safepoint    ] Safepoint "RevokeBias", Time since last: 6412578 ns, Reaching safepoint: 473633 ns, At safepoint: 27317 ns, Total: 500950 ns
[2020-09-12T12:29:58.294+0000][1][safepoint    ] Safepoint "RevokeBias", Time since last: 204539 ns, Reaching safepoint: 4503769 ns, At safepoint: 26614 ns, Total: 4530383 ns
[2020-09-12T12:29:58.313+0000][1][safepoint    ] Safepoint "RevokeBias", Time since last: 14301700 ns, Reaching safepoint: 4081244 ns, At safepoint: 85986 ns, Total: 4167230 ns
[2020-09-12T12:29:58.329+0000][1][safepoint    ] Safepoint "RevokeBias", Time since last: 15126478 ns, Reaching safepoint: 594800 ns, At safepoint: 75587 ns, Total: 670387 ns
[2020-09-12T12:29:58.464+0000][1][safepoint    ] Safepoint "RevokeBias", Time since last: 135535096 ns, Reaching safepoint: 151150 ns, At safepoint: 65654 ns, Total: 216804 ns
[2020-09-12T12:29:58.468+0000][1][safepoint    ] Safepoint "RevokeBias", Time since last: 470419 ns, Reaching safepoint: 3108935 ns, At safepoint: 66844 ns, Total: 3175779 ns
[2020-09-12T12:29:58.477+0000][1][safepoint    ] Safepoint "RevokeBias", Time since last: 9120031 ns, Reaching safepoint: 154321 ns, At safepoint: 24908 ns, Total: 179229 ns
[2020-09-12T12:29:58.569+0000][1][safepoint    ] Safepoint "RevokeBias", Time since last: 91354099 ns, Reaching safepoint: 239298 ns, At safepoint: 21877 ns, Total: 261175 ns
[2020-09-12T12:29:58.625+0000][1][safepoint    ] Safepoint "RevokeBias", Time since last: 49166013 ns, Reaching safepoint: 6740691 ns, At safepoint: 26955 ns, Total: 6767646 ns
[2020-09-12T12:29:58.626+0000][1][safepoint    ] Safepoint "RevokeBias", Time since last: 1135494 ns, Reaching safepoint: 151006 ns, At safepoint: 20353 ns, Total: 171359 ns
[2020-09-12T12:29:58.632+0000][1][safepoint    ] Safepoint "RevokeBias", Time since last: 5057092 ns, Reaching safepoint: 237894 ns, At safepoint: 22024 ns, Total: 259918 ns
[2020-09-12T12:29:58.634+0000][1][safepoint    ] Safepoint "RevokeBias", Time since last: 2145718 ns, Reaching safepoint: 291639 ns, At safepoint: 25982 ns, Total: 317621 ns
[2020-09-12T12:29:58.656+0000][1][safepoint    ] Safepoint "RevokeBias", Time since last: 13321000 ns, Reaching safepoint: 8685181 ns, At safepoint: 39135 ns, Total: 8724316 ns
[2020-09-12T12:29:58.667+0000][1][safepoint    ] Safepoint "RevokeBias", Time since last: 10204762 ns, Reaching safepoint: 318008 ns, At safepoint: 62517 ns, Total: 380525 ns
[2020-09-12T12:29:58.698+0000][1][safepoint    ] Safepoint "RevokeBias", Time since last: 27866724 ns, Reaching safepoint: 3488774 ns, At safepoint: 54865 ns, Total: 3543639 ns
[2020-09-12T12:29:58.730+0000][1][safepoint    ] Safepoint "RevokeBias", Time since last: 31690393 ns, Reaching safepoint: 253207 ns, At safepoint: 53418 ns, Total: 306625 ns
[2020-09-12T12:29:58.742+0000][1][safepoint    ] Safepoint "RevokeBias", Time since last: 11298535 ns, Reaching safepoint: 181306 ns, At safepoint: 24390 ns, Total: 205696 ns
[2020-09-12T12:29:58.778+0000][1][safepoint    ] Safepoint "RevokeBias", Time since last: 36168612 ns, Reaching safepoint: 271120 ns, At safepoint: 26544 ns, Total: 297664 ns
[2020-09-12T12:29:58.810+0000][1][safepoint    ] Safepoint "RevokeBias", Time since last: 31635627 ns, Reaching safepoint: 133765 ns, At safepoint: 18413 ns, Total: 152178 ns
[2020-09-12T12:29:58.845+0000][1][safepoint    ] Safepoint "RevokeBias", Time since last: 31670477 ns, Reaching safepoint: 3317138 ns, At safepoint: 27904 ns, Total: 3345042 ns
[2020-09-12T12:29:59.019+0000][1][safepoint    ] Safepoint "RevokeBias", Time since last: 174143696 ns, Reaching safepoint: 79415 ns, At safepoint: 10045 ns, Total: 89460 ns
[2020-09-12T12:29:59.121+0000][1][safepoint    ] Safepoint "RevokeBias", Time since last: 102117761 ns, Reaching safepoint: 61328 ns, At safepoint: 10112 ns, Total: 71440 ns
[2020-09-12T12:29:59.121+0000][1][safepoint    ] Safepoint "RevokeBias", Time since last: 191820 ns, Reaching safepoint: 25169 ns, At safepoint: 7180 ns, Total: 32349 ns
[2020-09-12T12:29:59.265+0000][1][safepoint    ] Safepoint "Deoptimize", Time since last: 141857330 ns, Reaching safepoint: 62314 ns, At safepoint: 1562328 ns, Total: 1624642 ns
[2020-09-12T12:29:59.289+0000][1][safepoint    ] Safepoint "RevokeBias", Time since last: 22547420 ns, Reaching safepoint: 1238875 ns, At safepoint: 46902 ns, Total: 1285777 ns
[2020-09-12T12:29:59.289+0000][1][safepoint    ] Safepoint "RevokeBias", Time since last: 76244 ns, Reaching safepoint: 120687 ns, At safepoint: 34343 ns, Total: 155030 ns
[2020-09-12T12:29:59.331+0000][1][safepoint    ] Safepoint "RevokeBias", Time since last: 41614281 ns, Reaching safepoint: 166216 ns, At safepoint: 17646 ns, Total: 183862 ns
[2020-09-12T12:29:59.343+0000][1][safepoint    ] Safepoint "Deoptimize", Time since last: 11244444 ns, Reaching safepoint: 137385 ns, At safepoint: 462155 ns, Total: 599540 ns
[2020-09-12T12:29:59.381+0000][1][safepoint    ] Safepoint "RevokeBias", Time since last: 38520335 ns, Reaching safepoint: 57809 ns, At safepoint: 22403 ns, Total: 80212 ns
[2020-09-12T12:29:59.868+0000][1][safepoint    ] Safepoint "Deoptimize", Time since last: 483964119 ns, Reaching safepoint: 2227037 ns, At safepoint: 631173 ns, Total: 2858210 ns
[2020-09-12T12:30:00.047+0000][1][safepoint    ] Safepoint "RevokeBias", Time since last: 178313614 ns, Reaching safepoint: 840623 ns, At safepoint: 76700 ns, Total: 917323 ns
[2020-09-12T12:30:00.049+0000][1][safepoint    ] Safepoint "RevokeBias", Time since last: 813091 ns, Reaching safepoint: 1032853 ns, At safepoint: 23815 ns, Total: 1056668 ns
[2020-09-12T12:30:00.331+0000][1][safepoint    ] Safepoint "RevokeBias", Time since last: 279068776 ns, Reaching safepoint: 2465296 ns, At safepoint: 42293 ns, Total: 2507589 ns
[2020-09-12T12:30:00.354+0000][1][safepoint    ] Safepoint "RevokeBias", Time since last: 18897480 ns, Reaching safepoint: 4536426 ns, At safepoint: 29430 ns, Total: 4565856 ns
[2020-09-12T12:30:00.356+0000][1][safepoint    ] Safepoint "RevokeBias", Time since last: 1387022 ns, Reaching safepoint: 138850 ns, At safepoint: 14056 ns, Total: 152906 ns
[2020-09-12T12:30:00.811+0000][1][safepoint    ] Safepoint "RevokeBias", Time since last: 455598306 ns, Reaching safepoint: 67851 ns, At safepoint: 27448 ns, Total: 95299 ns
[2020-09-12T12:30:01.055+0000][1][safepoint    ] Safepoint "RevokeBias", Time since last: 243068559 ns, Reaching safepoint: 73424 ns, At safepoint: 27783 ns, Total: 101207 ns
[2020-09-12T12:30:01.055+0000][1][safepoint    ] Safepoint "RevokeBias", Time since last: 93077 ns, Reaching safepoint: 192810 ns, At safepoint: 20698 ns, Total: 213508 ns
[2020-09-12T12:30:01.057+0000][1][safepoint    ] Safepoint "RevokeBias", Time since last: 1795693 ns, Reaching safepoint: 136943 ns, At safepoint: 22079 ns, Total: 159022 ns
[2020-09-12T12:30:01.058+0000][1][safepoint    ] Safepoint "RevokeBias", Time since last: 497679 ns, Reaching safepoint: 147091 ns, At safepoint: 21944 ns, Total: 169035 ns
[2020-09-12T12:30:01.216+0000][1][safepoint    ] Safepoint "RevokeBias", Time since last: 158603975 ns, Reaching safepoint: 149542 ns, At safepoint: 25250 ns, Total: 174792 ns
[2020-09-12T12:30:01.274+0000][1][safepoint    ] Safepoint "RevokeBias", Time since last: 57904060 ns, Reaching safepoint: 111155 ns, At safepoint: 26656 ns, Total: 137811 ns
[2020-09-12T12:30:01.288+0000][1][safepoint    ] Safepoint "RevokeBias", Time since last: 13434233 ns, Reaching safepoint: 545034 ns, At safepoint: 23265 ns, Total: 568299 ns
[2020-09-12T12:30:01.332+0000][1][safepoint    ] Safepoint "RevokeBias", Time since last: 43661634 ns, Reaching safepoint: 74110 ns, At safepoint: 17419 ns, Total: 91529 ns
[2020-09-12T12:30:01.335+0000][1][safepoint    ] Safepoint "RevokeBias", Time since last: 3070063 ns, Reaching safepoint: 239947 ns, At safepoint: 19005 ns, Total: 258952 ns
[2020-09-12T12:30:01.465+0000][1][safepoint    ] Safepoint "RevokeBias", Time since last: 118650569 ns, Reaching safepoint: 10572102 ns, At safepoint: 24792 ns, Total: 10596894 ns
[2020-09-12T12:30:01.584+0000][1][safepoint    ] Safepoint "RevokeBias", Time since last: 109706905 ns, Reaching safepoint: 9331412 ns, At safepoint: 39406 ns, Total: 9370818 ns
[2020-09-12T12:30:01.702+0000][1][safepoint    ] Safepoint "RevokeBias", Time since last: 117600487 ns, Reaching safepoint: 197369 ns, At safepoint: 56501 ns, Total: 253870 ns
[2020-09-12T12:30:01.805+0000][1][safepoint    ] Safepoint "RevokeBias", Time since last: 100246129 ns, Reaching safepoint: 2878409 ns, At safepoint: 46120 ns, Total: 2924529 ns
[2020-09-12T12:30:01.839+0000][1][safepoint    ] Safepoint "RevokeBias", Time since last: 34039926 ns, Reaching safepoint: 447106 ns, At safepoint: 52934 ns, Total: 500040 ns
[2020-09-12T12:30:01.859+0000][1][gc,start     ] GC(36) Pause Young (Allocation Failure)
[2020-09-12T12:30:01.859+0000][1][gc,task      ] GC(36) Using 2 workers of 2 for evacuation
[2020-09-12T12:30:01.975+0000][1][gc,age       ] GC(36) Desired survivor size 8716288 bytes, new threshold 3 (max threshold 6)
[2020-09-12T12:30:01.975+0000][1][gc,age       ] GC(36) Age table with threshold 3 (max threshold 6)
[2020-09-12T12:30:01.975+0000][1][gc,age       ] GC(36) - age   1:    3290936 bytes,    3290936 total
[2020-09-12T12:30:01.975+0000][1][gc,age       ] GC(36) - age   2:    2400472 bytes,    5691408 total
[2020-09-12T12:30:01.975+0000][1][gc,age       ] GC(36) - age   3:    3377880 bytes,    9069288 total
[2020-09-12T12:30:01.975+0000][1][gc,heap      ] GC(36) ParNew: 149998K->12826K(153344K)
[2020-09-12T12:30:01.975+0000][1][gc,heap      ] GC(36) CMS: 123843K->127592K(1926784K)
[2020-09-12T12:30:01.975+0000][1][gc,metaspace ] GC(36) Metaspace: 82324K->82324K(1124352K)
[2020-09-12T12:30:01.975+0000][1][gc           ] GC(36) Pause Young (Allocation Failure) 267M->137M(2031M) 115.787ms
[2020-09-12T12:30:01.975+0000][1][gc,cpu       ] GC(36) User=0.06s Sys=0.00s Real=0.12s
[2020-09-12T12:30:01.975+0000][1][safepoint    ] Safepoint "GenCollectForAllocation", Time since last: 19232329 ns, Reaching safepoint: 267019 ns, At safepoint: 115862016 ns, Total: 116129035 ns
[2020-09-12T12:30:02.037+0000][1][safepoint    ] Safepoint "RevokeBias", Time since last: 58409078 ns, Reaching safepoint: 3882475 ns, At safepoint: 33061 ns, Total: 3915536 ns
[2020-09-12T12:30:02.083+0000][1][safepoint    ] Safepoint "RevokeBias", Time since last: 38102878 ns, Reaching safepoint: 8179953 ns, At safepoint: 27484 ns, Total: 8207437 ns
[2020-09-12T12:30:02.091+0000][1][safepoint    ] Safepoint "RevokeBias", Time since last: 5494474 ns, Reaching safepoint: 1657054 ns, At safepoint: 28799 ns, Total: 1685853 ns
[2020-09-12T12:30:02.237+0000][1][safepoint    ] Safepoint "RevokeBias", Time since last: 138152872 ns, Reaching safepoint: 8064924 ns, At safepoint: 40128 ns, Total: 8105052 ns
[2020-09-12T12:30:02.293+0000][1][safepoint    ] Safepoint "RevokeBias", Time since last: 48066256 ns, Reaching safepoint: 8354520 ns, At safepoint: 36119 ns, Total: 8390639 ns
[2020-09-12T12:30:02.295+0000][1][safepoint    ] Safepoint "RevokeBias", Time since last: 65094 ns, Reaching safepoint: 2033886 ns, At safepoint: 30647 ns, Total: 2064533 ns
[2020-09-12T12:30:02.348+0000][1][safepoint    ] Safepoint "RevokeBias", Time since last: 621521 ns, Reaching safepoint: 52424005 ns, At safepoint: 56557 ns, Total: 52480562 ns
[2020-09-12T12:30:02.350+0000][1][safepoint    ] Safepoint "RevokeBias", Time since last: 1308171 ns, Reaching safepoint: 156371 ns, At safepoint: 29816 ns, Total: 186187 ns
[2020-09-12T12:30:02.350+0000][1][safepoint    ] Safepoint "RevokeBias", Time since last: 188946 ns, Reaching safepoint: 134335 ns, At safepoint: 17120 ns, Total: 151455 ns
[2020-09-12T12:30:02.351+0000][1][safepoint    ] Safepoint "RevokeBias", Time since last: 218979 ns, Reaching safepoint: 133171 ns, At safepoint: 19150 ns, Total: 152321 ns
[2020-09-12T12:30:02.591+0000][1][safepoint    ] Safepoint "RevokeBias", Time since last: 233938664 ns, Reaching safepoint: 6592118 ns, At safepoint: 32795 ns, Total: 6624913 ns
[2020-09-12T12:30:02.622+0000][1][safepoint    ] Safepoint "RevokeBias", Time since last: 21472015 ns, Reaching safepoint: 9060152 ns, At safepoint: 31544 ns, Total: 9091696 ns
[2020-09-12T12:30:02.624+0000][1][safepoint    ] Safepoint "RevokeBias", Time since last: 664600 ns, Reaching safepoint: 1448178 ns, At safepoint: 34804 ns, Total: 1482982 ns
[2020-09-12T12:30:02.630+0000][1][safepoint    ] Safepoint "RevokeBias", Time since last: 765974 ns, Reaching safepoint: 5419706 ns, At safepoint: 41836 ns, Total: 5461542 ns
[2020-09-12T12:30:02.887+0000][1][safepoint    ] Safepoint "RevokeBias", Time since last: 255653610 ns, Reaching safepoint: 1426109 ns, At safepoint: 46280 ns, Total: 1472389 ns
[2020-09-12T12:30:02.930+0000][1][safepoint    ] Safepoint "RevokeBias", Time since last: 30505657 ns, Reaching safepoint: 11793810 ns, At safepoint: 55372 ns, Total: 11849182 ns
[2020-09-12T12:30:03.023+0000][1][safepoint    ] Safepoint "RevokeBias", Time since last: 92771432 ns, Reaching safepoint: 230590 ns, At safepoint: 41658 ns, Total: 272248 ns
[2020-09-12T12:30:03.033+0000][1][safepoint    ] Safepoint "RevokeBias", Time since last: 9977169 ns, Reaching safepoint: 313529 ns, At safepoint: 41030 ns, Total: 354559 ns
[2020-09-12T12:30:03.058+0000][1][safepoint    ] Safepoint "RevokeBias", Time since last: 24643592 ns, Reaching safepoint: 154423 ns, At safepoint: 36593 ns, Total: 191016 ns
[2020-09-12T12:30:03.058+0000][1][safepoint    ] Safepoint "RevokeBias", Time since last: 320047 ns, Reaching safepoint: 154215 ns, At safepoint: 81834 ns, Total: 236049 ns
[2020-09-12T12:30:03.061+0000][1][safepoint    ] Safepoint "RevokeBias", Time since last: 2482271 ns, Reaching safepoint: 143242 ns, At safepoint: 18615 ns, Total: 161857 ns
[2020-09-12T12:30:03.096+0000][1][safepoint    ] Safepoint "RevokeBias", Time since last: 34944060 ns, Reaching safepoint: 319866 ns, At safepoint: 102738 ns, Total: 422604 ns
[2020-09-12T12:30:03.097+0000][1][safepoint    ] Safepoint "RevokeBias", Time since last: 695042 ns, Reaching safepoint: 146154 ns, At safepoint: 12924 ns, Total: 159078 ns
[2020-09-12T12:30:03.098+0000][1][safepoint    ] Safepoint "RevokeBias", Time since last: 152661 ns, Reaching safepoint: 137852 ns, At safepoint: 11970 ns, Total: 149822 ns
[2020-09-12T12:30:03.098+0000][1][safepoint    ] Safepoint "RevokeBias", Time since last: 256051 ns, Reaching safepoint: 200698 ns, At safepoint: 87847 ns, Total: 288545 ns
[2020-09-12T12:30:03.192+0000][1][safepoint    ] Safepoint "BulkRevokeBias", Time since last: 89270183 ns, Reaching safepoint: 4323655 ns, At safepoint: 630474 ns, Total: 4954129 ns
[2020-09-12T12:30:03.301+0000][1][safepoint    ] Safepoint "RevokeBias", Time since last: 94813077 ns, Reaching safepoint: 13894550 ns, At safepoint: 29321 ns, Total: 13923871 ns
[2020-09-12T12:30:03.303+0000][1][safepoint    ] Safepoint "RevokeBias", Time since last: 2047356 ns, Reaching safepoint: 292668 ns, At safepoint: 28866 ns, Total: 321534 ns
[2020-09-12T12:30:03.305+0000][1][safepoint    ] Safepoint "RevokeBias", Time since last: 1320900 ns, Reaching safepoint: 202053 ns, At safepoint: 23921 ns, Total: 225974 ns
[2020-09-12T12:30:03.320+0000][1][safepoint    ] Safepoint "RevokeBias", Time since last: 3681101 ns, Reaching safepoint: 11486142 ns, At safepoint: 32862 ns, Total: 11519004 ns
[2020-09-12T12:30:03.324+0000][1][safepoint    ] Safepoint "RevokeBias", Time since last: 2972732 ns, Reaching safepoint: 370639 ns, At safepoint: 25641 ns, Total: 396280 ns
[2020-09-12T12:30:03.330+0000][1][safepoint    ] Safepoint "RevokeBias", Time since last: 5645461 ns, Reaching safepoint: 280212 ns, At safepoint: 38752 ns, Total: 318964 ns
[2020-09-12T12:30:03.357+0000][1][safepoint    ] Safepoint "Deoptimize", Time since last: 8425537 ns, Reaching safepoint: 18084376 ns, At safepoint: 525790 ns, Total: 18610166 ns
[2020-09-12T12:30:03.405+0000][1][safepoint    ] Safepoint "RevokeBias", Time since last: 25797994 ns, Reaching safepoint: 22657298 ns, At safepoint: 36316 ns, Total: 22693614 ns
[2020-09-12T12:30:03.416+0000][1][safepoint    ] Safepoint "RevokeBias", Time since last: 1163798 ns, Reaching safepoint: 9331686 ns, At safepoint: 66056 ns, Total: 9397742 ns
[2020-09-12T12:30:03.442+0000][1][safepoint    ] Safepoint "RevokeBias", Time since last: 2666491 ns, Reaching safepoint: 23978797 ns, At safepoint: 55398 ns, Total: 24034195 ns
[2020-09-12T12:30:03.450+0000][1][safepoint    ] Safepoint "RevokeBias", Time since last: 2083311 ns, Reaching safepoint: 5727420 ns, At safepoint: 69979 ns, Total: 5797399 ns
[2020-09-12T12:30:03.469+0000][1][safepoint    ] Safepoint "RevokeBias", Time since last: 865426 ns, Reaching safepoint: 18221850 ns, At safepoint: 39676 ns, Total: 18261526 ns
[2020-09-12T12:30:03.481+0000][1][safepoint    ] Safepoint "RevokeBias", Time since last: 3323567 ns, Reaching safepoint: 8675205 ns, At safepoint: 36944 ns, Total: 8712149 ns
[2020-09-12T12:30:03.484+0000][1][safepoint    ] Safepoint "RevokeBias", Time since last: 2253285 ns, Reaching safepoint: 224755 ns, At safepoint: 37229 ns, Total: 261984 ns
[2020-09-12T12:30:03.501+0000][1][safepoint    ] Safepoint "BulkRevokeBias", Time since last: 16515060 ns, Reaching safepoint: 505920 ns, At safepoint: 299979 ns, Total: 805899 ns
[2020-09-12T12:30:03.505+0000][1][safepoint    ] Safepoint "RevokeBias", Time since last: 1085589 ns, Reaching safepoint: 2178285 ns, At safepoint: 35009 ns, Total: 2213294 ns
[2020-09-12T12:30:03.757+0000][1][safepoint    ] Safepoint "RevokeBias", Time since last: 248262717 ns, Reaching safepoint: 3983898 ns, At safepoint: 33453 ns, Total: 4017351 ns
[2020-09-12T12:30:03.885+0000][1][safepoint    ] Safepoint "RevokeBias", Time since last: 127376365 ns, Reaching safepoint: 864983 ns, At safepoint: 32410 ns, Total: 897393 ns
[2020-09-12T12:30:03.973+0000][1][safepoint    ] Safepoint "RevokeBias", Time since last: 75728125 ns, Reaching safepoint: 11739976 ns, At safepoint: 76779 ns, Total: 11816755 ns
[2020-09-12T12:30:03.975+0000][1][safepoint    ] Safepoint "RevokeBias", Time since last: 433591 ns, Reaching safepoint: 1605439 ns, At safepoint: 69170 ns, Total: 1674609 ns
[2020-09-12T12:30:04.008+0000][1][safepoint    ] Safepoint "RevokeBias", Time since last: 32822233 ns, Reaching safepoint: 66290 ns, At safepoint: 19458 ns, Total: 85748 ns
[2020-09-12T12:30:04.169+0000][1][safepoint    ] Safepoint "RevokeBias", Time since last: 161088202 ns, Reaching safepoint: 79856 ns, At safepoint: 29706 ns, Total: 109562 ns
[2020-09-12T12:30:04.181+0000][1][safepoint    ] Safepoint "RevokeBias", Time since last: 11841974 ns, Reaching safepoint: 66308 ns, At safepoint: 20982 ns, Total: 87290 ns
[2020-09-12T12:30:04.185+0000][1][safepoint    ] Safepoint "RevokeBias", Time since last: 3950889 ns, Reaching safepoint: 102998 ns, At safepoint: 36391 ns, Total: 139389 ns
[2020-09-12T12:30:04.186+0000][1][safepoint    ] Safepoint "RevokeBias", Time since last: 1077041 ns, Reaching safepoint: 67320 ns, At safepoint: 22692 ns, Total: 90012 ns
[2020-09-12T12:30:04.187+0000][1][safepoint    ] Safepoint "RevokeBias", Time since last: 583957 ns, Reaching safepoint: 38955 ns, At safepoint: 15776 ns, Total: 54731 ns
[2020-09-12T12:30:04.187+0000][1][safepoint    ] Safepoint "RevokeBias", Time since last: 561917 ns, Reaching safepoint: 38825 ns, At safepoint: 15565 ns, Total: 54390 ns
[2020-09-12T12:30:04.194+0000][1][safepoint    ] Safepoint "RevokeBias", Time since last: 6405751 ns, Reaching safepoint: 82215 ns, At safepoint: 31515 ns, Total: 113730 ns
[2020-09-12T12:30:04.197+0000][1][safepoint    ] Safepoint "RevokeBias", Time since last: 2724232 ns, Reaching safepoint: 185964 ns, At safepoint: 25728 ns, Total: 211692 ns
[2020-09-12T12:30:04.197+0000][1][safepoint    ] Safepoint "RevokeBias", Time since last: 144313 ns, Reaching safepoint: 44048 ns, At safepoint: 15415 ns, Total: 59463 ns
[2020-09-12T12:30:04.197+0000][1][safepoint    ] Safepoint "RevokeBias", Time since last: 123907 ns, Reaching safepoint: 40929 ns, At safepoint: 14977 ns, Total: 55906 ns
[2020-09-12T12:30:04.198+0000][1][safepoint    ] Safepoint "RevokeBias", Time since last: 136559 ns, Reaching safepoint: 380193 ns, At safepoint: 17468 ns, Total: 397661 ns
[2020-09-12T12:30:04.198+0000][1][safepoint    ] Safepoint "RevokeBias", Time since last: 59214 ns, Reaching safepoint: 184064 ns, At safepoint: 15684 ns, Total: 199748 ns
[2020-09-12T12:30:04.199+0000][1][safepoint    ] Safepoint "RevokeBias", Time since last: 99270 ns, Reaching safepoint: 1089648 ns, At safepoint: 19283 ns, Total: 1108931 ns
[2020-09-12T12:30:04.199+0000][1][safepoint    ] Safepoint "RevokeBias", Time since last: 81021 ns, Reaching safepoint: 285185 ns, At safepoint: 24545 ns, Total: 309730 ns
[2020-09-12T12:30:04.200+0000][1][safepoint    ] Safepoint "RevokeBias", Time since last: 67309 ns, Reaching safepoint: 35562 ns, At safepoint: 12851 ns, Total: 48413 ns
[2020-09-12T12:30:04.249+0000][1][safepoint    ] Safepoint "RevokeBias", Time since last: 49196842 ns, Reaching safepoint: 220129 ns, At safepoint: 40210 ns, Total: 260339 ns
[2020-09-12T12:30:04.253+0000][1][safepoint    ] Safepoint "RevokeBias", Time since last: 3690836 ns, Reaching safepoint: 143150 ns, At safepoint: 38042 ns, Total: 181192 ns
[2020-09-12T12:30:04.253+0000][1][safepoint    ] Safepoint "RevokeBias", Time since last: 77246 ns, Reaching safepoint: 104819 ns, At safepoint: 26791 ns, Total: 131610 ns
[2020-09-12T12:30:04.253+0000][1][safepoint    ] Safepoint "RevokeBias", Time since last: 58057 ns, Reaching safepoint: 103919 ns, At safepoint: 27804 ns, Total: 131723 ns
[2020-09-12T12:30:04.254+0000][1][safepoint    ] Safepoint "RevokeBias", Time since last: 58268 ns, Reaching safepoint: 103837 ns, At safepoint: 26951 ns, Total: 130788 ns
[2020-09-12T12:30:04.254+0000][1][safepoint    ] Safepoint "RevokeBias", Time since last: 46367 ns, Reaching safepoint: 104903 ns, At safepoint: 25100 ns, Total: 130003 ns
[2020-09-12T12:30:04.255+0000][1][safepoint    ] Safepoint "RevokeBias", Time since last: 1004528 ns, Reaching safepoint: 458268 ns, At safepoint: 38471 ns, Total: 496739 ns
[2020-09-12T12:30:04.257+0000][1][safepoint    ] Safepoint "RevokeBias", Time since last: 1514685 ns, Reaching safepoint: 142162 ns, At safepoint: 38292 ns, Total: 180454 ns
[2020-09-12T12:30:04.257+0000][1][safepoint    ] Safepoint "RevokeBias", Time since last: 70201 ns, Reaching safepoint: 104590 ns, At safepoint: 26621 ns, Total: 131211 ns
[2020-09-12T12:30:04.257+0000][1][safepoint    ] Safepoint "RevokeBias", Time since last: 47089 ns, Reaching safepoint: 103858 ns, At safepoint: 25359 ns, Total: 129217 ns
[2020-09-12T12:30:04.257+0000][1][safepoint    ] Safepoint "RevokeBias", Time since last: 46392 ns, Reaching safepoint: 103932 ns, At safepoint: 25492 ns, Total: 129424 ns
[2020-09-12T12:30:04.258+0000][1][safepoint    ] Safepoint "RevokeBias", Time since last: 43960 ns, Reaching safepoint: 27061 ns, At safepoint: 23731 ns, Total: 50792 ns
[2020-09-12T12:30:04.834+0000][1][safepoint    ] Safepoint "RevokeBias", Time since last: 575810277 ns, Reaching safepoint: 829204 ns, At safepoint: 27232 ns, Total: 856436 ns
[2020-09-12T12:30:04.837+0000][1][safepoint    ] Safepoint "RevokeBias", Time since last: 2647590 ns, Reaching safepoint: 74627 ns, At safepoint: 23347 ns, Total: 97974 ns
[2020-09-12T12:30:04.840+0000][1][safepoint    ] Safepoint "RevokeBias", Time since last: 3048738 ns, Reaching safepoint: 82442 ns, At safepoint: 29381 ns, Total: 111823 ns
[2020-09-12T12:30:04.845+0000][1][safepoint    ] Safepoint "RevokeBias", Time since last: 4869305 ns, Reaching safepoint: 71225 ns, At safepoint: 20658 ns, Total: 91883 ns
[2020-09-12T12:30:04.845+0000][1][safepoint    ] Safepoint "RevokeBias", Time since last: 212046 ns, Reaching safepoint: 33025 ns, At safepoint: 12895 ns, Total: 45920 ns
[2020-09-12T12:30:04.851+0000][1][safepoint    ] Safepoint "RevokeBias", Time since last: 5687712 ns, Reaching safepoint: 73880 ns, At safepoint: 25179 ns, Total: 99059 ns
[2020-09-12T12:30:04.860+0000][1][safepoint    ] Safepoint "RevokeBias", Time since last: 8308541 ns, Reaching safepoint: 97377 ns, At safepoint: 29358 ns, Total: 126735 ns
[2020-09-12T12:30:04.865+0000][1][safepoint    ] Safepoint "RevokeBias", Time since last: 1417251 ns, Reaching safepoint: 4301110 ns, At safepoint: 32157 ns, Total: 4333267 ns
[2020-09-12T12:30:04.901+0000][1][safepoint    ] Safepoint "RevokeBias", Time since last: 35361002 ns, Reaching safepoint: 71145 ns, At safepoint: 23483 ns, Total: 94628 ns
[2020-09-12T12:30:04.946+0000][1][safepoint    ] Safepoint "RevokeBias", Time since last: 45088910 ns, Reaching safepoint: 102076 ns, At safepoint: 25409 ns, Total: 127485 ns
[2020-09-12T12:30:04.951+0000][1][safepoint    ] Safepoint "Deoptimize", Time since last: 3550636 ns, Reaching safepoint: 514791 ns, At safepoint: 615586 ns, Total: 1130377 ns
[2020-09-12T12:30:05.250+0000][1][safepoint    ] Safepoint "RevokeBias", Time since last: 299640439 ns, Reaching safepoint: 84557 ns, At safepoint: 22008 ns, Total: 106565 ns
[2020-09-12T12:30:05.366+0000][1][safepoint    ] Safepoint "RevokeBias", Time since last: 115623223 ns, Reaching safepoint: 286330 ns, At safepoint: 20703 ns, Total: 307033 ns
[2020-09-12T12:30:05.499+0000][1][safepoint    ] Safepoint "RevokeBias", Time since last: 128754631 ns, Reaching safepoint: 3746590 ns, At safepoint: 32391 ns, Total: 3778981 ns
[2020-09-12T12:30:05.499+0000][1][safepoint    ] Safepoint "RevokeBias", Time since last: 86816 ns, Reaching safepoint: 35582 ns, At safepoint: 11801 ns, Total: 47383 ns
[2020-09-12T12:30:05.510+0000][1][safepoint    ] Safepoint "RevokeBias", Time since last: 11152781 ns, Reaching safepoint: 150493 ns, At safepoint: 23300 ns, Total: 173793 ns
[2020-09-12T12:30:05.571+0000][1][safepoint    ] Safepoint "RevokeBias", Time since last: 60607474 ns, Reaching safepoint: 85153 ns, At safepoint: 25876 ns, Total: 111029 ns
[2020-09-12T12:30:05.589+0000][1][safepoint    ] Safepoint "RevokeBias", Time since last: 18065400 ns, Reaching safepoint: 73790 ns, At safepoint: 23273 ns, Total: 97063 ns
[2020-09-12T12:30:05.595+0000][1][safepoint    ] Safepoint "RevokeBias", Time since last: 5576344 ns, Reaching safepoint: 83006 ns, At safepoint: 25032 ns, Total: 108038 ns
[2020-09-12T12:30:05.596+0000][1][safepoint    ] Safepoint "RevokeBias", Time since last: 1034205 ns, Reaching safepoint: 69702 ns, At safepoint: 20775 ns, Total: 90477 ns
[2020-09-12T12:30:05.597+0000][1][safepoint    ] Safepoint "RevokeBias", Time since last: 440937 ns, Reaching safepoint: 44811 ns, At safepoint: 14484 ns, Total: 59295 ns
[2020-09-12T12:30:05.597+0000][1][safepoint    ] Safepoint "RevokeBias", Time since last: 494804 ns, Reaching safepoint: 41582 ns, At safepoint: 14747 ns, Total: 56329 ns
[2020-09-12T12:30:05.598+0000][1][safepoint    ] Safepoint "RevokeBias", Time since last: 392397 ns, Reaching safepoint: 36995 ns, At safepoint: 14249 ns, Total: 51244 ns
[2020-09-12T12:30:05.610+0000][1][safepoint    ] Safepoint "BulkRevokeBias", Time since last: 11886046 ns, Reaching safepoint: 176202 ns, At safepoint: 364103 ns, Total: 540305 ns
[2020-09-12T12:30:05.612+0000][1][safepoint    ] Safepoint "RevokeBias", Time since last: 1614379 ns, Reaching safepoint: 81652 ns, At safepoint: 26583 ns, Total: 108235 ns
[2020-09-12T12:30:05.651+0000][1][safepoint    ] Safepoint "RevokeBias", Time since last: 39404354 ns, Reaching safepoint: 343293 ns, At safepoint: 19737 ns, Total: 363030 ns
[2020-09-12T12:30:05.656+0000][1][safepoint    ] Safepoint "RevokeBias", Time since last: 147126 ns, Reaching safepoint: 4048772 ns, At safepoint: 53862 ns, Total: 4102634 ns
[2020-09-12T12:30:05.766+0000][1][safepoint    ] Safepoint "RevokeBias", Time since last: 107033199 ns, Reaching safepoint: 3704290 ns, At safepoint: 36284 ns, Total: 3740574 ns
[2020-09-12T12:30:05.814+0000][1][safepoint    ] Safepoint "RevokeBias", Time since last: 46507565 ns, Reaching safepoint: 890395 ns, At safepoint: 25661 ns, Total: 916056 ns
[2020-09-12T12:30:05.924+0000][1][safepoint    ] Safepoint "RevokeBias", Time since last: 109469273 ns, Reaching safepoint: 328480 ns, At safepoint: 26903 ns, Total: 355383 ns
[2020-09-12T12:30:06.239+0000][1][safepoint    ] Safepoint "RevokeBias", Time since last: 315036967 ns, Reaching safepoint: 95817 ns, At safepoint: 21452 ns, Total: 117269 ns
[2020-09-12T12:30:06.243+0000][1][safepoint    ] Safepoint "RevokeBias", Time since last: 3725343 ns, Reaching safepoint: 169162 ns, At safepoint: 21886 ns, Total: 191048 ns
[2020-09-12T12:30:06.274+0000][1][safepoint    ] Safepoint "RevokeBias", Time since last: 30711227 ns, Reaching safepoint: 97792 ns, At safepoint: 23360 ns, Total: 121152 ns
[2020-09-12T12:30:06.274+0000][1][safepoint    ] Safepoint "RevokeBias", Time since last: 122897 ns, Reaching safepoint: 163062 ns, At safepoint: 17621 ns, Total: 180683 ns
[2020-09-12T12:30:06.276+0000][1][safepoint    ] Safepoint "RevokeBias", Time since last: 1574318 ns, Reaching safepoint: 344611 ns, At safepoint: 28883 ns, Total: 373494 ns
[2020-09-12T12:30:06.470+0000][1][safepoint    ] Safepoint "RevokeBias", Time since last: 194356995 ns, Reaching safepoint: 70625 ns, At safepoint: 21486 ns, Total: 92111 ns
[2020-09-12T12:30:06.471+0000][1][safepoint    ] Safepoint "RevokeBias", Time since last: 552848 ns, Reaching safepoint: 56676 ns, At safepoint: 17731 ns, Total: 74407 ns
[2020-09-12T12:30:06.693+0000][1][safepoint    ] Safepoint "RevokeBias", Time since last: 221860057 ns, Reaching safepoint: 93201 ns, At safepoint: 27818 ns, Total: 121019 ns
[2020-09-12T12:30:06.713+0000][1][safepoint    ] Safepoint "RevokeBias", Time since last: 4380939 ns, Reaching safepoint: 15832637 ns, At safepoint: 53285 ns, Total: 15885922 ns
[2020-09-12T12:30:06.721+0000][1][safepoint    ] Safepoint "RevokeBias", Time since last: 7513565 ns, Reaching safepoint: 242237 ns, At safepoint: 60548 ns, Total: 302785 ns
[2020-09-12T12:30:06.737+0000][1][safepoint    ] Safepoint "RevokeBias", Time since last: 15669877 ns, Reaching safepoint: 169911 ns, At safepoint: 31171 ns, Total: 201082 ns
[2020-09-12T12:30:06.747+0000][1][safepoint    ] Safepoint "RevokeBias", Time since last: 5354094 ns, Reaching safepoint: 4677293 ns, At safepoint: 61880 ns, Total: 4739173 ns
[2020-09-12T12:30:06.758+0000][1][safepoint    ] Safepoint "RevokeBias", Time since last: 10634261 ns, Reaching safepoint: 163125 ns, At safepoint: 21336 ns, Total: 184461 ns
[2020-09-12T12:30:06.765+0000][1][safepoint    ] Safepoint "RevokeBias", Time since last: 6882811 ns, Reaching safepoint: 165485 ns, At safepoint: 31281 ns, Total: 196766 ns
[2020-09-12T12:30:06.785+0000][1][safepoint    ] Safepoint "RevokeBias", Time since last: 20282635 ns, Reaching safepoint: 190695 ns, At safepoint: 31476 ns, Total: 222171 ns
[2020-09-12T12:30:06.808+0000][1][safepoint    ] Safepoint "RevokeBias", Time since last: 22649892 ns, Reaching safepoint: 170827 ns, At safepoint: 24340 ns, Total: 195167 ns
[2020-09-12T12:30:06.854+0000][1][safepoint    ] Safepoint "RevokeBias", Time since last: 45776645 ns, Reaching safepoint: 168067 ns, At safepoint: 24934 ns, Total: 193001 ns
[2020-09-12T12:30:06.860+0000][1][safepoint    ] Safepoint "RevokeBias", Time since last: 5124710 ns, Reaching safepoint: 717556 ns, At safepoint: 27276 ns, Total: 744832 ns
[2020-09-12T12:30:06.887+0000][1][gc,start     ] GC(37) Pause Young (Allocation Failure)
[2020-09-12T12:30:06.887+0000][1][gc,task      ] GC(37) Using 2 workers of 2 for evacuation
[2020-09-12T12:30:06.999+0000][1][gc,age       ] GC(37) Desired survivor size 8716288 bytes, new threshold 6 (max threshold 6)
[2020-09-12T12:30:06.999+0000][1][gc,age       ] GC(37) Age table with threshold 6 (max threshold 6)
[2020-09-12T12:30:06.999+0000][1][gc,age       ] GC(37) - age   1:    3108520 bytes,    3108520 total
[2020-09-12T12:30:06.999+0000][1][gc,age       ] GC(37) - age   2:    3036656 bytes,    6145176 total
[2020-09-12T12:30:06.999+0000][1][gc,age       ] GC(37) - age   3:    2249640 bytes,    8394816 total
[2020-09-12T12:30:06.999+0000][1][gc,heap      ] GC(37) ParNew: 149146K->13170K(153344K)
[2020-09-12T12:30:06.999+0000][1][gc,heap      ] GC(37) CMS: 127592K->130983K(1926784K)
[2020-09-12T12:30:06.999+0000][1][gc,metaspace ] GC(37) Metaspace: 84589K->84589K(1126400K)
[2020-09-12T12:30:06.999+0000][1][gc           ] GC(37) Pause Young (Allocation Failure) 270M->140M(2031M) 112.159ms
[2020-09-12T12:30:06.999+0000][1][gc,cpu       ] GC(37) User=0.05s Sys=0.00s Real=0.11s
[2020-09-12T12:30:06.999+0000][1][safepoint    ] Safepoint "GenCollectForAllocation", Time since last: 26695460 ns, Reaching safepoint: 205965 ns, At safepoint: 112233394 ns, Total: 112439359 ns
[2020-09-12T12:30:07.030+0000][1][safepoint    ] Safepoint "RevokeBias", Time since last: 21488205 ns, Reaching safepoint: 9753144 ns, At safepoint: 36023 ns, Total: 9789167 ns
[2020-09-12T12:30:07.059+0000][1][safepoint    ] Safepoint "RevokeBias", Time since last: 19065032 ns, Reaching safepoint: 9021212 ns, At safepoint: 33569 ns, Total: 9054781 ns
[2020-09-12T12:30:07.246+0000][1][safepoint    ] Safepoint "RevokeBias", Time since last: 187431316 ns, Reaching safepoint: 339901 ns, At safepoint: 20031 ns, Total: 359932 ns
[2020-09-12T12:30:07.247+0000][1][safepoint    ] Safepoint "RevokeBias", Time since last: 327417 ns, Reaching safepoint: 689096 ns, At safepoint: 11365 ns, Total: 700461 ns
[2020-09-12T12:30:07.441+0000][1][safepoint    ] Safepoint "RevokeBias", Time since last: 193760000 ns, Reaching safepoint: 85391 ns, At safepoint: 24288 ns, Total: 109679 ns
[2020-09-12T12:30:07.442+0000][1][safepoint    ] Safepoint "RevokeBias", Time since last: 968523 ns, Reaching safepoint: 67166 ns, At safepoint: 31520 ns, Total: 98686 ns
[2020-09-12T12:30:07.443+0000][1][safepoint    ] Safepoint "RevokeBias", Time since last: 161338 ns, Reaching safepoint: 37142 ns, At safepoint: 13019 ns, Total: 50161 ns
[2020-09-12T12:30:07.443+0000][1][safepoint    ] Safepoint "RevokeBias", Time since last: 307927 ns, Reaching safepoint: 38328 ns, At safepoint: 12844 ns, Total: 51172 ns
[2020-09-12T12:30:07.443+0000][1][safepoint    ] Safepoint "RevokeBias", Time since last: 157702 ns, Reaching safepoint: 35640 ns, At safepoint: 12374 ns, Total: 48014 ns
[2020-09-12T12:30:07.443+0000][1][safepoint    ] Safepoint "RevokeBias", Time since last: 205144 ns, Reaching safepoint: 51487 ns, At safepoint: 18883 ns, Total: 70370 ns
[2020-09-12T12:30:08.177+0000][1][safepoint    ] Safepoint "RevokeBias", Time since last: 733074668 ns, Reaching safepoint: 99950 ns, At safepoint: 26658 ns, Total: 126608 ns
[2020-09-12T12:30:08.376+0000][1][safepoint    ] Safepoint "RevokeBias", Time since last: 199629569 ns, Reaching safepoint: 137199 ns, At safepoint: 25363 ns, Total: 162562 ns
[2020-09-12T12:30:08.688+0000][1][safepoint    ] Safepoint "RevokeBias", Time since last: 307389969 ns, Reaching safepoint: 4508760 ns, At safepoint: 41286 ns, Total: 4550046 ns
[2020-09-12T12:30:08.698+0000][1][safepoint    ] Safepoint "RevokeBias", Time since last: 2016281 ns, Reaching safepoint: 7632474 ns, At safepoint: 34478 ns, Total: 7666952 ns
[2020-09-12T12:30:09.116+0000][1][safepoint    ] Safepoint "Deoptimize", Time since last: 417325688 ns, Reaching safepoint: 168379 ns, At safepoint: 552335 ns, Total: 720714 ns
[2020-09-12T12:30:09.131+0000][1][safepoint    ] Safepoint "Deoptimize", Time since last: 6342419 ns, Reaching safepoint: 7708285 ns, At safepoint: 585998 ns, Total: 8294283 ns
[2020-09-12T12:30:09.184+0000][1][safepoint    ] Safepoint "RevokeBias", Time since last: 52511499 ns, Reaching safepoint: 782917 ns, At safepoint: 40613 ns, Total: 823530 ns
[2020-09-12T12:30:09.224+0000][1][safepoint    ] Safepoint "RevokeBias", Time since last: 36936412 ns, Reaching safepoint: 3074267 ns, At safepoint: 43831 ns, Total: 3118098 ns
[2020-09-12T12:30:09.249+0000][1][safepoint    ] Safepoint "RevokeBias", Time since last: 9451551 ns, Reaching safepoint: 15438524 ns, At safepoint: 40130 ns, Total: 15478654 ns
[2020-09-12T12:30:09.273+0000][1][safepoint    ] Safepoint "RevokeBias", Time since last: 19809519 ns, Reaching safepoint: 3957445 ns, At safepoint: 44048 ns, Total: 4001493 ns
[2020-09-12T12:30:09.297+0000][1][safepoint    ] Safepoint "RevokeBias", Time since last: 804243 ns, Reaching safepoint: 23496974 ns, At safepoint: 39623 ns, Total: 23536597 ns
[2020-09-12T12:30:09.305+0000][1][safepoint    ] Safepoint "RevokeBias", Time since last: 218814 ns, Reaching safepoint: 7561042 ns, At safepoint: 38045 ns, Total: 7599087 ns
[2020-09-12T12:30:09.305+0000][1][safepoint    ] Safepoint "RevokeBias", Time since last: 78790 ns, Reaching safepoint: 118065 ns, At safepoint: 20123 ns, Total: 138188 ns
[2020-09-12T12:30:09.305+0000][1][safepoint    ] Safepoint "RevokeBias", Time since last: 41186 ns, Reaching safepoint: 112656 ns, At safepoint: 33314 ns, Total: 145970 ns
[2020-09-12T12:30:09.306+0000][1][safepoint    ] Safepoint "BulkRevokeBias", Time since last: 43339 ns, Reaching safepoint: 112118 ns, At safepoint: 288533 ns, Total: 400651 ns
[2020-09-12T12:30:09.307+0000][1][safepoint    ] Safepoint "RevokeBias", Time since last: 80488 ns, Reaching safepoint: 1002009 ns, At safepoint: 26902 ns, Total: 1028911 ns
[2020-09-12T12:30:09.323+0000][1][safepoint    ] Safepoint "RevokeBias", Time since last: 11664956 ns, Reaching safepoint: 4262722 ns, At safepoint: 38604 ns, Total: 4301326 ns
[2020-09-12T12:30:09.323+0000][1][safepoint    ] Safepoint "RevokeBias", Time since last: 126776 ns, Reaching safepoint: 199397 ns, At safepoint: 20254 ns, Total: 219651 ns
[2020-09-12T12:30:09.324+0000][1][safepoint    ] Safepoint "RevokeBias", Time since last: 50612 ns, Reaching safepoint: 815528 ns, At safepoint: 22154 ns, Total: 837682 ns
[2020-09-12T12:30:09.421+0000][1][safepoint    ] Safepoint "RevokeBias", Time since last: 94986075 ns, Reaching safepoint: 2116270 ns, At safepoint: 35076 ns, Total: 2151346 ns
[2020-09-12T12:30:09.446+0000][1][safepoint    ] Safepoint "Deoptimize", Time since last: 20411465 ns, Reaching safepoint: 4014135 ns, At safepoint: 706588 ns, Total: 4720723 ns
[2020-09-12T12:30:09.484+0000][1][safepoint    ] Safepoint "RevokeBias", Time since last: 37435850 ns, Reaching safepoint: 212315 ns, At safepoint: 27701 ns, Total: 240016 ns
[2020-09-12T12:30:09.490+0000][1][safepoint    ] Safepoint "RevokeBias", Time since last: 5245208 ns, Reaching safepoint: 589808 ns, At safepoint: 33812 ns, Total: 623620 ns
[2020-09-12T12:30:09.493+0000][1][safepoint    ] Safepoint "RevokeBias", Time since last: 229342 ns, Reaching safepoint: 2569054 ns, At safepoint: 41819 ns, Total: 2610873 ns
[2020-09-12T12:30:09.493+0000][1][safepoint    ] Safepoint "RevokeBias", Time since last: 116171 ns, Reaching safepoint: 328164 ns, At safepoint: 26690 ns, Total: 354854 ns
[2020-09-12T12:30:09.784+0000][1][safepoint    ] Safepoint "RevokeBias", Time since last: 290533705 ns, Reaching safepoint: 96697 ns, At safepoint: 24126 ns, Total: 120823 ns
[2020-09-12T12:30:10.066+0000][1][safepoint    ] Safepoint "RevokeBias", Time since last: 281452824 ns, Reaching safepoint: 358778 ns, At safepoint: 29747 ns, Total: 388525 ns
[2020-09-12T12:30:10.146+0000][1][safepoint    ] Safepoint "RevokeBias", Time since last: 79706993 ns, Reaching safepoint: 86961 ns, At safepoint: 22790 ns, Total: 109751 ns
[2020-09-12T12:30:10.152+0000][1][safepoint    ] Safepoint "RevokeBias", Time since last: 3679921 ns, Reaching safepoint: 2831400 ns, At safepoint: 34899 ns, Total: 2866299 ns
[2020-09-12T12:30:10.199+0000][1][safepoint    ] Safepoint "RevokeBias", Time since last: 46185553 ns, Reaching safepoint: 195971 ns, At safepoint: 24893 ns, Total: 220864 ns
[2020-09-12T12:30:10.374+0000][1][safepoint    ] Safepoint "RevokeBias", Time since last: 162032739 ns, Reaching safepoint: 13099869 ns, At safepoint: 39191 ns, Total: 13139060 ns
[2020-09-12T12:30:10.409+0000][1][safepoint    ] Safepoint "RevokeBias", Time since last: 26165275 ns, Reaching safepoint: 9214492 ns, At safepoint: 34386 ns, Total: 9248878 ns
[2020-09-12T12:30:10.411+0000][1][safepoint    ] Safepoint "RevokeBias", Time since last: 296016 ns, Reaching safepoint: 1805462 ns, At safepoint: 35704 ns, Total: 1841166 ns
[2020-09-12T12:30:10.412+0000][1][safepoint    ] Safepoint "RevokeBias", Time since last: 108845 ns, Reaching safepoint: 267026 ns, At safepoint: 47275 ns, Total: 314301 ns
[2020-09-12T12:30:10.412+0000][1][safepoint    ] Safepoint "RevokeBias", Time since last: 41847 ns, Reaching safepoint: 63579 ns, At safepoint: 19198 ns, Total: 82777 ns
[2020-09-12T12:30:10.412+0000][1][safepoint    ] Safepoint "RevokeBias", Time since last: 63278 ns, Reaching safepoint: 62061 ns, At safepoint: 18213 ns, Total: 80274 ns
[2020-09-12T12:30:10.412+0000][1][safepoint    ] Safepoint "RevokeBias", Time since last: 99931 ns, Reaching safepoint: 78997 ns, At safepoint: 18806 ns, Total: 97803 ns
[2020-09-12T12:30:10.417+0000][1][safepoint    ] Safepoint "RevokeBias", Time since last: 4751602 ns, Reaching safepoint: 87733 ns, At safepoint: 26790 ns, Total: 114523 ns
[2020-09-12T12:30:10.417+0000][1][safepoint    ] Safepoint "RevokeBias", Time since last: 69250 ns, Reaching safepoint: 38873 ns, At safepoint: 15849 ns, Total: 54722 ns
[2020-09-12T12:30:10.419+0000][1][safepoint    ] Safepoint "RevokeBias", Time since last: 308415 ns, Reaching safepoint: 1118688 ns, At safepoint: 32989 ns, Total: 1151677 ns
[2020-09-12T12:30:10.423+0000][1][safepoint    ] Safepoint "RevokeBias", Time since last: 248717 ns, Reaching safepoint: 3999456 ns, At safepoint: 43993 ns, Total: 4043449 ns
[2020-09-12T12:30:10.462+0000][1][safepoint    ] Safepoint "RevokeBias", Time since last: 38543915 ns, Reaching safepoint: 87905 ns, At safepoint: 23078 ns, Total: 110983 ns
[2020-09-12T12:30:10.815+0000][1][safepoint    ] Safepoint "RevokeBias", Time since last: 353138522 ns, Reaching safepoint: 192354 ns, At safepoint: 26569 ns, Total: 218923 ns
[2020-09-12T12:30:10.822+0000][1][safepoint    ] Safepoint "RevokeBias", Time since last: 1413569 ns, Reaching safepoint: 5448759 ns, At safepoint: 35373 ns, Total: 5484132 ns
[2020-09-12T12:30:10.958+0000][1][safepoint    ] Safepoint "RevokeBias", Time since last: 94642954 ns, Reaching safepoint: 41755850 ns, At safepoint: 30214 ns, Total: 41786064 ns
[2020-09-12T12:30:11.060+0000][1][safepoint    ] Safepoint "RevokeBias", Time since last: 101968678 ns, Reaching safepoint: 100283 ns, At safepoint: 25997 ns, Total: 126280 ns
[2020-09-12T12:30:11.062+0000][1][safepoint    ] Safepoint "RevokeBias", Time since last: 1893840 ns, Reaching safepoint: 81263 ns, At safepoint: 19809 ns, Total: 101072 ns
[2020-09-12T12:30:11.213+0000][1][safepoint    ] Safepoint "RevokeBias", Time since last: 139840666 ns, Reaching safepoint: 10985968 ns, At safepoint: 36327 ns, Total: 11022295 ns
[2020-09-12T12:30:11.515+0000][1][safepoint    ] Safepoint "RevokeBias", Time since last: 288383253 ns, Reaching safepoint: 13034379 ns, At safepoint: 58295 ns, Total: 13092674 ns
[2020-09-12T12:30:11.619+0000][1][safepoint    ] Safepoint "RevokeBias", Time since last: 104129493 ns, Reaching safepoint: 166297 ns, At safepoint: 24581 ns, Total: 190878 ns
[2020-09-12T12:30:11.626+0000][1][safepoint    ] Safepoint "RevokeBias", Time since last: 6791002 ns, Reaching safepoint: 630504 ns, At safepoint: 30632 ns, Total: 661136 ns
[2020-09-12T12:30:11.639+0000][1][safepoint    ] Safepoint "RevokeBias", Time since last: 6289914 ns, Reaching safepoint: 6548559 ns, At safepoint: 36542 ns, Total: 6585101 ns
[2020-09-12T12:30:11.641+0000][1][safepoint    ] Safepoint "RevokeBias", Time since last: 688701 ns, Reaching safepoint: 1294271 ns, At safepoint: 36166 ns, Total: 1330437 ns
[2020-09-12T12:30:11.653+0000][1][safepoint    ] Safepoint "RevokeBias", Time since last: 6726938 ns, Reaching safepoint: 4817218 ns, At safepoint: 33382 ns, Total: 4850600 ns
[2020-09-12T12:30:11.669+0000][1][safepoint    ] Safepoint "RevokeBias", Time since last: 15566768 ns, Reaching safepoint: 133104 ns, At safepoint: 42226 ns, Total: 175330 ns
[2020-09-12T12:30:11.736+0000][1][safepoint    ] Safepoint "RevokeBias", Time since last: 66813384 ns, Reaching safepoint: 84976 ns, At safepoint: 23576 ns, Total: 108552 ns
[2020-09-12T12:30:11.795+0000][1][safepoint    ] Safepoint "RevokeBias", Time since last: 59210228 ns, Reaching safepoint: 81865 ns, At safepoint: 21187 ns, Total: 103052 ns
[2020-09-12T12:30:11.795+0000][1][safepoint    ] Safepoint "RevokeBias", Time since last: 213333 ns, Reaching safepoint: 130137 ns, At safepoint: 16873 ns, Total: 147010 ns
[2020-09-12T12:30:11.802+0000][1][gc,start     ] GC(38) Pause Young (Allocation Failure)
[2020-09-12T12:30:11.802+0000][1][gc,task      ] GC(38) Using 2 workers of 2 for evacuation
[2020-09-12T12:30:11.869+0000][1][gc,age       ] GC(38) Desired survivor size 8716288 bytes, new threshold 3 (max threshold 6)
[2020-09-12T12:30:11.869+0000][1][gc,age       ] GC(38) Age table with threshold 3 (max threshold 6)
[2020-09-12T12:30:11.869+0000][1][gc,age       ] GC(38) - age   1:    4386088 bytes,    4386088 total
[2020-09-12T12:30:11.869+0000][1][gc,age       ] GC(38) - age   2:    2890352 bytes,    7276440 total
[2020-09-12T12:30:11.869+0000][1][gc,age       ] GC(38) - age   3:    3031960 bytes,   10308400 total
[2020-09-12T12:30:11.869+0000][1][gc,age       ] GC(38) - age   4:    2233240 bytes,   12541640 total
[2020-09-12T12:30:11.869+0000][1][gc,heap      ] GC(38) ParNew: 149490K->16687K(153344K)
[2020-09-12T12:30:11.869+0000][1][gc,heap      ] GC(38) CMS: 130983K->130983K(1926784K)
[2020-09-12T12:30:11.869+0000][1][gc,metaspace ] GC(38) Metaspace: 86614K->86614K(1128448K)
[2020-09-12T12:30:11.869+0000][1][gc           ] GC(38) Pause Young (Allocation Failure) 273M->144M(2031M) 66.954ms
[2020-09-12T12:30:11.869+0000][1][gc,cpu       ] GC(38) User=0.03s Sys=0.01s Real=0.07s
[2020-09-12T12:30:11.869+0000][1][safepoint    ] Safepoint "GenCollectForAllocation", Time since last: 6994850 ns, Reaching safepoint: 115654 ns, At safepoint: 67019568 ns, Total: 67135222 ns
[2020-09-12T12:30:11.882+0000][1][safepoint    ] Safepoint "RevokeBias", Time since last: 12444318 ns, Reaching safepoint: 104358 ns, At safepoint: 107422 ns, Total: 211780 ns
[2020-09-12T12:30:11.895+0000][1][safepoint    ] Safepoint "RevokeBias", Time since last: 12416027 ns, Reaching safepoint: 525004 ns, At safepoint: 31354 ns, Total: 556358 ns
[2020-09-12T12:30:11.895+0000][1][safepoint    ] Safepoint "RevokeBias", Time since last: 97676 ns, Reaching safepoint: 241561 ns, At safepoint: 22936 ns, Total: 264497 ns
[2020-09-12T12:30:11.896+0000][1][safepoint    ] Safepoint "RevokeBias", Time since last: 119816 ns, Reaching safepoint: 148987 ns, At safepoint: 20131 ns, Total: 169118 ns
[2020-09-12T12:30:11.896+0000][1][safepoint    ] Safepoint "RevokeBias", Time since last: 52409 ns, Reaching safepoint: 123327 ns, At safepoint: 28932 ns, Total: 152259 ns
[2020-09-12T12:30:11.896+0000][1][safepoint    ] Safepoint "RevokeBias", Time since last: 36374 ns, Reaching safepoint: 122658 ns, At safepoint: 98599 ns, Total: 221257 ns
[2020-09-12T12:30:11.896+0000][1][safepoint    ] Safepoint "RevokeBias", Time since last: 36015 ns, Reaching safepoint: 75802 ns, At safepoint: 25006 ns, Total: 100808 ns
[2020-09-12T12:30:11.897+0000][1][safepoint    ] Safepoint "RevokeBias", Time since last: 55650 ns, Reaching safepoint: 86843 ns, At safepoint: 141309 ns, Total: 228152 ns
[2020-09-12T12:30:11.897+0000][1][safepoint    ] Safepoint "RevokeBias", Time since last: 32453 ns, Reaching safepoint: 146966 ns, At safepoint: 269221 ns, Total: 416187 ns
[2020-09-12T12:30:11.897+0000][1][safepoint    ] Safepoint "RevokeBias", Time since last: 39880 ns, Reaching safepoint: 38768 ns, At safepoint: 21704 ns, Total: 60472 ns
[2020-09-12T12:30:11.897+0000][1][safepoint    ] Safepoint "RevokeBias", Time since last: 38937 ns, Reaching safepoint: 35093 ns, At safepoint: 20837 ns, Total: 55930 ns
[2020-09-12T12:30:11.897+0000][1][safepoint    ] Safepoint "RevokeBias", Time since last: 26316 ns, Reaching safepoint: 34605 ns, At safepoint: 20826 ns, Total: 55431 ns
[2020-09-12T12:30:11.897+0000][1][safepoint    ] Safepoint "RevokeBias", Time since last: 69419 ns, Reaching safepoint: 35081 ns, At safepoint: 20575 ns, Total: 55656 ns
[2020-09-12T12:30:11.898+0000][1][safepoint    ] Safepoint "RevokeBias", Time since last: 365851 ns, Reaching safepoint: 137258 ns, At safepoint: 24265 ns, Total: 161523 ns
[2020-09-12T12:30:11.899+0000][1][safepoint    ] Safepoint "RevokeBias", Time since last: 64190 ns, Reaching safepoint: 668534 ns, At safepoint: 232151 ns, Total: 900685 ns
[2020-09-12T12:30:11.899+0000][1][safepoint    ] Safepoint "BulkRevokeBias", Time since last: 64556 ns, Reaching safepoint: 39732 ns, At safepoint: 294365 ns, Total: 334097 ns
[2020-09-12T12:30:11.901+0000][1][safepoint    ] Safepoint "RevokeBias", Time since last: 1141391 ns, Reaching safepoint: 57528 ns, At safepoint: 26760 ns, Total: 84288 ns
[2020-09-12T12:30:11.907+0000][1][safepoint    ] Safepoint "RevokeBias", Time since last: 6581926 ns, Reaching safepoint: 97306 ns, At safepoint: 42908 ns, Total: 140214 ns
[2020-09-12T12:30:11.908+0000][1][safepoint    ] Safepoint "RevokeBias", Time since last: 544576 ns, Reaching safepoint: 109188 ns, At safepoint: 38365 ns, Total: 147553 ns
[2020-09-12T12:30:11.908+0000][1][safepoint    ] Safepoint "RevokeBias", Time since last: 151810 ns, Reaching safepoint: 65885 ns, At safepoint: 29801 ns, Total: 95686 ns
[2020-09-12T12:30:12.016+0000][1][safepoint    ] Safepoint "RevokeBias", Time since last: 107036607 ns, Reaching safepoint: 767854 ns, At safepoint: 49393 ns, Total: 817247 ns
[2020-09-12T12:30:12.019+0000][1][safepoint    ] Safepoint "RevokeBias", Time since last: 2244929 ns, Reaching safepoint: 463179 ns, At safepoint: 40062 ns, Total: 503241 ns
[2020-09-12T12:30:12.019+0000][1][safepoint    ] Safepoint "RevokeBias", Time since last: 207335 ns, Reaching safepoint: 116098 ns, At safepoint: 73686 ns, Total: 189784 ns
[2020-09-12T12:30:12.025+0000][1][safepoint    ] Safepoint "RevokeBias", Time since last: 814694 ns, Reaching safepoint: 4781020 ns, At safepoint: 53795 ns, Total: 4834815 ns
[2020-09-12T12:30:12.049+0000][1][safepoint    ] Safepoint "RevokeBias", Time since last: 21052748 ns, Reaching safepoint: 1264580 ns, At safepoint: 1379962 ns, Total: 2644542 ns
[2020-09-12T12:30:12.059+0000][1][safepoint    ] Safepoint "RevokeBias", Time since last: 234738 ns, Reaching safepoint: 7673890 ns, At safepoint: 2108889 ns, Total: 9782779 ns
[2020-09-12T12:30:12.236+0000][1][safepoint    ] Safepoint "RevokeBias", Time since last: 176810309 ns, Reaching safepoint: 292956 ns, At safepoint: 23061 ns, Total: 316017 ns
[2020-09-12T12:30:12.237+0000][1][safepoint    ] Safepoint "RevokeBias", Time since last: 778339 ns, Reaching safepoint: 62283 ns, At safepoint: 18981 ns, Total: 81264 ns
[2020-09-12T12:30:12.451+0000][1][safepoint    ] Safepoint "RevokeBias", Time since last: 214239067 ns, Reaching safepoint: 102298 ns, At safepoint: 26078 ns, Total: 128376 ns
[2020-09-12T12:30:12.452+0000][1][safepoint    ] Safepoint "RevokeBias", Time since last: 1063160 ns, Reaching safepoint: 157499 ns, At safepoint: 23139 ns, Total: 180638 ns
[2020-09-12T12:30:12.645+0000][1][safepoint    ] Safepoint "RevokeBias", Time since last: 187172070 ns, Reaching safepoint: 4369834 ns, At safepoint: 1246245 ns, Total: 5616079 ns
[2020-09-12T12:30:12.686+0000][1][safepoint    ] Safepoint "RevokeBias", Time since last: 40309214 ns, Reaching safepoint: 325628 ns, At safepoint: 26451 ns, Total: 352079 ns
[2020-09-12T12:30:12.686+0000][1][safepoint    ] Safepoint "RevokeBias", Time since last: 312168 ns, Reaching safepoint: 512855 ns, At safepoint: 22439 ns, Total: 535294 ns
[2020-09-12T12:30:12.687+0000][1][safepoint    ] Safepoint "RevokeBias", Time since last: 99417 ns, Reaching safepoint: 297685 ns, At safepoint: 104468 ns, Total: 402153 ns
[2020-09-12T12:30:12.688+0000][1][safepoint    ] Safepoint "RevokeBias", Time since last: 77825 ns, Reaching safepoint: 1083490 ns, At safepoint: 28971 ns, Total: 1112461 ns
[2020-09-12T12:30:12.704+0000][1][safepoint    ] Safepoint "RevokeBias", Time since last: 14691437 ns, Reaching safepoint: 981161 ns, At safepoint: 32572 ns, Total: 1013733 ns
[2020-09-12T12:30:12.709+0000][1][safepoint    ] Safepoint "RevokeBias", Time since last: 4601410 ns, Reaching safepoint: 87965 ns, At safepoint: 22908 ns, Total: 110873 ns
[2020-09-12T12:30:12.709+0000][1][safepoint    ] Safepoint "RevokeBias", Time since last: 71384 ns, Reaching safepoint: 56933 ns, At safepoint: 13794 ns, Total: 70727 ns
[2020-09-12T12:30:12.884+0000][1][safepoint    ] Safepoint "RevokeBias", Time since last: 175065945 ns, Reaching safepoint: 157844 ns, At safepoint: 46676 ns, Total: 204520 ns
[2020-09-12T12:30:12.910+0000][1][safepoint    ] Safepoint "RevokeBias", Time since last: 25359345 ns, Reaching safepoint: 175950 ns, At safepoint: 36856 ns, Total: 212806 ns
[2020-09-12T12:30:13.192+0000][1][safepoint    ] Safepoint "RevokeBias", Time since last: 282071248 ns, Reaching safepoint: 94139 ns, At safepoint: 27077 ns, Total: 121216 ns
[2020-09-12T12:30:13.333+0000][1][safepoint    ] Safepoint "RevokeBias", Time since last: 140765646 ns, Reaching safepoint: 202712 ns, At safepoint: 71454 ns, Total: 274166 ns
[2020-09-12T12:30:13.383+0000][1][safepoint    ] Safepoint "RevokeBias", Time since last: 50149157 ns, Reaching safepoint: 159537 ns, At safepoint: 22561 ns, Total: 182098 ns
[2020-09-12T12:30:13.383+0000][1][safepoint    ] Safepoint "RevokeBias", Time since last: 153369 ns, Reaching safepoint: 77471 ns, At safepoint: 14883 ns, Total: 92354 ns
[2020-09-12T12:30:13.384+0000][1][safepoint    ] Safepoint "RevokeBias", Time since last: 56913 ns, Reaching safepoint: 482024 ns, At safepoint: 17642 ns, Total: 499666 ns
[2020-09-12T12:30:13.387+0000][1][safepoint    ] Safepoint "RevokeBias", Time since last: 145239 ns, Reaching safepoint: 2975509 ns, At safepoint: 37179 ns, Total: 3012688 ns
[2020-09-12T12:30:13.389+0000][1][safepoint    ] Safepoint "RevokeBias", Time since last: 1421527 ns, Reaching safepoint: 196454 ns, At safepoint: 23383 ns, Total: 219837 ns
[2020-09-12T12:30:13.395+0000][1][safepoint    ] Safepoint "RevokeBias", Time since last: 6284689 ns, Reaching safepoint: 293490 ns, At safepoint: 28571 ns, Total: 322061 ns
[2020-09-12T12:30:13.577+0000][1][safepoint    ] Safepoint "RevokeBias", Time since last: 181563721 ns, Reaching safepoint: 76611 ns, At safepoint: 20467 ns, Total: 97078 ns
[2020-09-12T12:30:13.698+0000][1][safepoint    ] Safepoint "RevokeBias", Time since last: 120741079 ns, Reaching safepoint: 83700 ns, At safepoint: 22442 ns, Total: 106142 ns
[2020-09-12T12:30:13.994+0000][1][safepoint    ] Safepoint "RevokeBias", Time since last: 296113092 ns, Reaching safepoint: 90987 ns, At safepoint: 26286 ns, Total: 117273 ns
[2020-09-12T12:30:13.994+0000][1][safepoint    ] Safepoint "RevokeBias", Time since last: 78400 ns, Reaching safepoint: 129790 ns, At safepoint: 18939 ns, Total: 148729 ns
[2020-09-12T12:30:13.997+0000][1][safepoint    ] Safepoint "RevokeBias", Time since last: 121561 ns, Reaching safepoint: 2198569 ns, At safepoint: 31520 ns, Total: 2230089 ns
[2020-09-12T12:30:13.997+0000][1][safepoint    ] Safepoint "RevokeBias", Time since last: 112862 ns, Reaching safepoint: 201435 ns, At safepoint: 19247 ns, Total: 220682 ns
[2020-09-12T12:30:13.998+0000][1][safepoint    ] Safepoint "RevokeBias", Time since last: 144048 ns, Reaching safepoint: 597915 ns, At safepoint: 20988 ns, Total: 618903 ns
[2020-09-12T12:30:13.999+0000][1][safepoint    ] Safepoint "RevokeBias", Time since last: 59311 ns, Reaching safepoint: 932506 ns, At safepoint: 25479 ns, Total: 957985 ns
[2020-09-12T12:30:14.000+0000][1][safepoint    ] Safepoint "RevokeBias", Time since last: 62797 ns, Reaching safepoint: 1004596 ns, At safepoint: 23445 ns, Total: 1028041 ns
[2020-09-12T12:30:14.000+0000][1][safepoint    ] Safepoint "RevokeBias", Time since last: 173941 ns, Reaching safepoint: 39788 ns, At safepoint: 17333 ns, Total: 57121 ns
[2020-09-12T12:30:14.000+0000][1][safepoint    ] Safepoint "RevokeBias", Time since last: 41110 ns, Reaching safepoint: 196364 ns, At safepoint: 18947 ns, Total: 215311 ns
[2020-09-12T12:30:14.001+0000][1][safepoint    ] Safepoint "RevokeBias", Time since last: 91536 ns, Reaching safepoint: 210960 ns, At safepoint: 19402 ns, Total: 230362 ns
[2020-09-12T12:30:14.002+0000][1][safepoint    ] Safepoint "RevokeBias", Time since last: 60043 ns, Reaching safepoint: 967354 ns, At safepoint: 36106 ns, Total: 1003460 ns
[2020-09-12T12:30:14.002+0000][1][safepoint    ] Safepoint "RevokeBias", Time since last: 141221 ns, Reaching safepoint: 40100 ns, At safepoint: 14790 ns, Total: 54890 ns
[2020-09-12T12:30:14.005+0000][1][safepoint    ] Safepoint "RevokeBias", Time since last: 48635 ns, Reaching safepoint: 2831302 ns, At safepoint: 61304 ns, Total: 2892606 ns
[2020-09-12T12:30:14.422+0000][1][safepoint    ] Safepoint "RevokeBias", Time since last: 416572532 ns, Reaching safepoint: 163429 ns, At safepoint: 39469 ns, Total: 202898 ns
[2020-09-12T12:30:14.428+0000][1][safepoint    ] Safepoint "RevokeBias", Time since last: 1940539 ns, Reaching safepoint: 4441560 ns, At safepoint: 49893 ns, Total: 4491453 ns
[2020-09-12T12:30:14.429+0000][1][safepoint    ] Safepoint "RevokeBias", Time since last: 231028 ns, Reaching safepoint: 562728 ns, At safepoint: 30630 ns, Total: 593358 ns
[2020-09-12T12:30:14.464+0000][1][safepoint    ] Safepoint "RevokeBias", Time since last: 33472316 ns, Reaching safepoint: 1891787 ns, At safepoint: 28849 ns, Total: 1920636 ns
[2020-09-12T12:30:14.469+0000][1][safepoint    ] Safepoint "RevokeBias", Time since last: 148981 ns, Reaching safepoint: 4382384 ns, At safepoint: 37737 ns, Total: 4420121 ns
[2020-09-12T12:30:14.470+0000][1][safepoint    ] Safepoint "RevokeBias", Time since last: 175614 ns, Reaching safepoint: 609552 ns, At safepoint: 21807 ns, Total: 631359 ns
[2020-09-12T12:30:14.473+0000][1][safepoint    ] Safepoint "RevokeBias", Time since last: 778979 ns, Reaching safepoint: 2355846 ns, At safepoint: 32386 ns, Total: 2388232 ns
[2020-09-12T12:30:14.523+0000][1][safepoint    ] Safepoint "RevokeBias", Time since last: 49966903 ns, Reaching safepoint: 557186 ns, At safepoint: 25736 ns, Total: 582922 ns
[2020-09-12T12:30:14.525+0000][1][safepoint    ] Safepoint "RevokeBias", Time since last: 243400 ns, Reaching safepoint: 1148663 ns, At safepoint: 29205 ns, Total: 1177868 ns
[2020-09-12T12:30:14.530+0000][1][safepoint    ] Safepoint "RevokeBias", Time since last: 145541 ns, Reaching safepoint: 5538333 ns, At safepoint: 41598 ns, Total: 5579931 ns
[2020-09-12T12:30:14.537+0000][1][safepoint    ] Safepoint "RevokeBias", Time since last: 182817 ns, Reaching safepoint: 6668805 ns, At safepoint: 36912 ns, Total: 6705717 ns
[2020-09-12T12:30:14.538+0000][1][safepoint    ] Safepoint "RevokeBias", Time since last: 168639 ns, Reaching safepoint: 122098 ns, At safepoint: 19797 ns, Total: 141895 ns
[2020-09-12T12:30:14.538+0000][1][safepoint    ] Safepoint "RevokeBias", Time since last: 272202 ns, Reaching safepoint: 123123 ns, At safepoint: 16902 ns, Total: 140025 ns
[2020-09-12T12:30:14.540+0000][1][safepoint    ] Safepoint "RevokeBias", Time since last: 119707 ns, Reaching safepoint: 2022969 ns, At safepoint: 40164 ns, Total: 2063133 ns
[2020-09-12T12:30:14.549+0000][1][safepoint    ] Safepoint "RevokeBias", Time since last: 168156 ns, Reaching safepoint: 8914213 ns, At safepoint: 45157 ns, Total: 8959370 ns
[2020-09-12T12:30:14.550+0000][1][safepoint    ] Safepoint "RevokeBias", Time since last: 336206 ns, Reaching safepoint: 172860 ns, At safepoint: 27405 ns, Total: 200265 ns
[2020-09-12T12:30:14.552+0000][1][safepoint    ] Safepoint "RevokeBias", Time since last: 166117 ns, Reaching safepoint: 1715924 ns, At safepoint: 36903 ns, Total: 1752827 ns
[2020-09-12T12:30:14.553+0000][1][safepoint    ] Safepoint "RevokeBias", Time since last: 897558 ns, Reaching safepoint: 586686 ns, At safepoint: 26729 ns, Total: 613415 ns
[2020-09-12T12:30:14.859+0000][1][safepoint    ] Safepoint "RevokeBias", Time since last: 287299603 ns, Reaching safepoint: 18183051 ns, At safepoint: 70122 ns, Total: 18253173 ns
[2020-09-12T12:30:14.876+0000][1][safepoint    ] Safepoint "RevokeBias", Time since last: 13761401 ns, Reaching safepoint: 3419415 ns, At safepoint: 44641 ns, Total: 3464056 ns
[2020-09-12T12:30:15.095+0000][1][safepoint    ] Safepoint "RevokeBias", Time since last: 218860810 ns, Reaching safepoint: 92298 ns, At safepoint: 75047 ns, Total: 167345 ns
[2020-09-12T12:30:15.095+0000][1][safepoint    ] Safepoint "RevokeBias", Time since last: 139907 ns, Reaching safepoint: 41828 ns, At safepoint: 15059 ns, Total: 56887 ns
[2020-09-12T12:30:15.096+0000][1][safepoint    ] Safepoint "RevokeBias", Time since last: 50258 ns, Reaching safepoint: 66009 ns, At safepoint: 15496 ns, Total: 81505 ns
[2020-09-12T12:30:15.096+0000][1][safepoint    ] Safepoint "RevokeBias", Time since last: 180708 ns, Reaching safepoint: 195942 ns, At safepoint: 15666 ns, Total: 211608 ns
[2020-09-12T12:30:15.096+0000][1][safepoint    ] Safepoint "RevokeBias", Time since last: 185164 ns, Reaching safepoint: 61882 ns, At safepoint: 16137 ns, Total: 78019 ns
[2020-09-12T12:30:15.096+0000][1][safepoint    ] Safepoint "RevokeBias", Time since last: 50739 ns, Reaching safepoint: 36513 ns, At safepoint: 11634 ns, Total: 48147 ns
[2020-09-12T12:30:15.098+0000][1][safepoint    ] Safepoint "RevokeBias", Time since last: 1403530 ns, Reaching safepoint: 73578 ns, At safepoint: 21973 ns, Total: 95551 ns
[2020-09-12T12:30:15.114+0000][1][safepoint    ] Safepoint "RevokeBias", Time since last: 15766128 ns, Reaching safepoint: 164964 ns, At safepoint: 472512 ns, Total: 637476 ns
[2020-09-12T12:30:15.250+0000][1][safepoint    ] Safepoint "RevokeBias", Time since last: 135578279 ns, Reaching safepoint: 88640 ns, At safepoint: 22455 ns, Total: 111095 ns
[2020-09-12T12:30:15.577+0000][1][safepoint    ] Safepoint "RevokeBias", Time since last: 327110705 ns, Reaching safepoint: 213427 ns, At safepoint: 30084 ns, Total: 243511 ns
[2020-09-12T12:30:15.578+0000][1][safepoint    ] Safepoint "RevokeBias", Time since last: 262514 ns, Reaching safepoint: 155763 ns, At safepoint: 23323 ns, Total: 179086 ns
[2020-09-12T12:30:15.772+0000][1][safepoint    ] Safepoint "RevokeBias", Time since last: 193955905 ns, Reaching safepoint: 90773 ns, At safepoint: 20932 ns, Total: 111705 ns
[2020-09-12T12:30:16.772+0000][1][safepoint    ] Safepoint "Cleanup", Time since last: 1000122960 ns, Reaching safepoint: 97530 ns, At safepoint: 8995 ns, Total: 106525 ns
[2020-09-12T12:30:17.248+0000][1][safepoint    ] Safepoint "RevokeBias", Time since last: 476349390 ns, Reaching safepoint: 89805 ns, At safepoint: 28656 ns, Total: 118461 ns
[2020-09-12T12:30:17.249+0000][1][safepoint    ] Safepoint "RevokeBias", Time since last: 107876 ns, Reaching safepoint: 63430 ns, At safepoint: 20039 ns, Total: 83469 ns
[2020-09-12T12:30:17.249+0000][1][safepoint    ] Safepoint "RevokeBias", Time since last: 83306 ns, Reaching safepoint: 57510 ns, At safepoint: 18652 ns, Total: 76162 ns
[2020-09-12T12:30:17.249+0000][1][safepoint    ] Safepoint "RevokeBias", Time since last: 143762 ns, Reaching safepoint: 133961 ns, At safepoint: 19181 ns, Total: 153142 ns
[2020-09-12T12:30:17.249+0000][1][safepoint    ] Safepoint "RevokeBias", Time since last: 196004 ns, Reaching safepoint: 57222 ns, At safepoint: 17914 ns, Total: 75136 ns
[2020-09-12T12:30:17.249+0000][1][safepoint    ] Safepoint "RevokeBias", Time since last: 65338 ns, Reaching safepoint: 48810 ns, At safepoint: 16804 ns, Total: 65614 ns
[2020-09-12T12:30:17.250+0000][1][safepoint    ] Safepoint "RevokeBias", Time since last: 59874 ns, Reaching safepoint: 46201 ns, At safepoint: 16406 ns, Total: 62607 ns
[2020-09-12T12:30:17.250+0000][1][safepoint    ] Safepoint "RevokeBias", Time since last: 72417 ns, Reaching safepoint: 122522 ns, At safepoint: 17324 ns, Total: 139846 ns
[2020-09-12T12:30:17.250+0000][1][safepoint    ] Safepoint "RevokeBias", Time since last: 76665 ns, Reaching safepoint: 44436 ns, At safepoint: 16836 ns, Total: 61272 ns
[2020-09-12T12:30:17.250+0000][1][safepoint    ] Safepoint "RevokeBias", Time since last: 57531 ns, Reaching safepoint: 42945 ns, At safepoint: 14301 ns, Total: 57246 ns
[2020-09-12T12:30:17.250+0000][1][safepoint    ] Safepoint "RevokeBias", Time since last: 54231 ns, Reaching safepoint: 41759 ns, At safepoint: 16832 ns, Total: 58591 ns
[2020-09-12T12:30:17.250+0000][1][safepoint    ] Safepoint "RevokeBias", Time since last: 57739 ns, Reaching safepoint: 119060 ns, At safepoint: 16918 ns, Total: 135978 ns
[2020-09-12T12:30:17.251+0000][1][safepoint    ] Safepoint "RevokeBias", Time since last: 53608 ns, Reaching safepoint: 193557 ns, At safepoint: 17810 ns, Total: 211367 ns
[2020-09-12T12:30:17.251+0000][1][safepoint    ] Safepoint "RevokeBias", Time since last: 57408 ns, Reaching safepoint: 118479 ns, At safepoint: 17834 ns, Total: 136313 ns
[2020-09-12T12:30:17.253+0000][1][safepoint    ] Safepoint "RevokeBias", Time since last: 2548540 ns, Reaching safepoint: 103776 ns, At safepoint: 26203 ns, Total: 129979 ns
[2020-09-12T12:30:17.262+0000][1][safepoint    ] Safepoint "RevokeBias", Time since last: 8041509 ns, Reaching safepoint: 168785 ns, At safepoint: 38144 ns, Total: 206929 ns
[2020-09-12T12:30:17.407+0000][1][safepoint    ] Safepoint "RevokeBias", Time since last: 144935210 ns, Reaching safepoint: 250045 ns, At safepoint: 27620 ns, Total: 277665 ns
[2020-09-12T12:30:17.514+0000][1][safepoint    ] Safepoint "RevokeBias", Time since last: 106802881 ns, Reaching safepoint: 96063 ns, At safepoint: 30113 ns, Total: 126176 ns
[2020-09-12T12:30:17.514+0000][1][safepoint    ] Safepoint "RevokeBias", Time since last: 185064 ns, Reaching safepoint: 146273 ns, At safepoint: 22727 ns, Total: 169000 ns
[2020-09-12T12:30:17.817+0000][1][safepoint    ] Safepoint "RevokeBias", Time since last: 302443836 ns, Reaching safepoint: 116796 ns, At safepoint: 25547 ns, Total: 142343 ns
[2020-09-12T12:30:17.868+0000][1][safepoint    ] Safepoint "RevokeBias", Time since last: 44620285 ns, Reaching safepoint: 6142585 ns, At safepoint: 99410 ns, Total: 6241995 ns
[2020-09-12T12:30:17.869+0000][1][safepoint    ] Safepoint "RevokeBias", Time since last: 159558 ns, Reaching safepoint: 838584 ns, At safepoint: 30155 ns, Total: 868739 ns
[2020-09-12T12:30:17.918+0000][1][safepoint    ] Safepoint "RevokeBias", Time since last: 46409676 ns, Reaching safepoint: 2448092 ns, At safepoint: 38446 ns, Total: 2486538 ns
[2020-09-12T12:30:18.062+0000][1][safepoint    ] Safepoint "RevokeBias", Time since last: 144022456 ns, Reaching safepoint: 100234 ns, At safepoint: 22911 ns, Total: 123145 ns
[2020-09-12T12:30:18.163+0000][1][safepoint    ] Safepoint "RevokeBias", Time since last: 100966271 ns, Reaching safepoint: 127018 ns, At safepoint: 29531 ns, Total: 156549 ns
[2020-09-12T12:30:18.171+0000][1][safepoint    ] Safepoint "RevokeBias", Time since last: 8025623 ns, Reaching safepoint: 88845 ns, At safepoint: 24411 ns, Total: 113256 ns
[2020-09-12T12:30:18.277+0000][1][safepoint    ] Safepoint "RevokeBias", Time since last: 105464283 ns, Reaching safepoint: 207487 ns, At safepoint: 41043 ns, Total: 248530 ns
[2020-09-12T12:30:18.367+0000][1][safepoint    ] Safepoint "RevokeBias", Time since last: 89922507 ns, Reaching safepoint: 87594 ns, At safepoint: 23947 ns, Total: 111541 ns
[2020-09-12T12:30:18.372+0000][1][safepoint    ] Safepoint "RevokeBias", Time since last: 4705840 ns, Reaching safepoint: 84279 ns, At safepoint: 24525 ns, Total: 108804 ns
[2020-09-12T12:30:18.372+0000][1][safepoint    ] Safepoint "RevokeBias", Time since last: 85343 ns, Reaching safepoint: 124488 ns, At safepoint: 18503 ns, Total: 142991 ns
[2020-09-12T12:30:18.372+0000][1][safepoint    ] Safepoint "RevokeBias", Time since last: 59243 ns, Reaching safepoint: 118728 ns, At safepoint: 17762 ns, Total: 136490 ns
[2020-09-12T12:30:18.372+0000][1][safepoint    ] Safepoint "RevokeBias", Time since last: 69910 ns, Reaching safepoint: 38998 ns, At safepoint: 14570 ns, Total: 53568 ns
[2020-09-12T12:30:18.445+0000][1][safepoint    ] Safepoint "RevokeBias", Time since last: 72290813 ns, Reaching safepoint: 96470 ns, At safepoint: 25950 ns, Total: 122420 ns
[2020-09-12T12:30:18.446+0000][1][safepoint    ] Safepoint "BulkRevokeBias", Time since last: 359920 ns, Reaching safepoint: 133582 ns, At safepoint: 514690 ns, Total: 648272 ns
[2020-09-12T12:30:18.637+0000][1][safepoint    ] Safepoint "RevokeBias", Time since last: 183863933 ns, Reaching safepoint: 7396255 ns, At safepoint: 41275 ns, Total: 7437530 ns
[2020-09-12T12:30:19.129+0000][1][safepoint    ] Safepoint "RevokeBias", Time since last: 490838024 ns, Reaching safepoint: 1102804 ns, At safepoint: 32847 ns, Total: 1135651 ns
[2020-09-12T12:30:19.129+0000][1][safepoint    ] Safepoint "RevokeBias", Time since last: 108778 ns, Reaching safepoint: 48386 ns, At safepoint: 16121 ns, Total: 64507 ns
[2020-09-12T12:30:19.129+0000][1][safepoint    ] Safepoint "RevokeBias", Time since last: 90702 ns, Reaching safepoint: 42376 ns, At safepoint: 16002 ns, Total: 58378 ns
[2020-09-12T12:30:19.130+0000][1][safepoint    ] Safepoint "RevokeBias", Time since last: 126101 ns, Reaching safepoint: 298573 ns, At safepoint: 18686 ns, Total: 317259 ns
[2020-09-12T12:30:19.134+0000][1][safepoint    ] Safepoint "RevokeBias", Time since last: 1146320 ns, Reaching safepoint: 2778148 ns, At safepoint: 34595 ns, Total: 2812743 ns
[2020-09-12T12:30:19.145+0000][1][safepoint    ] Safepoint "RevokeBias", Time since last: 11119040 ns, Reaching safepoint: 97458 ns, At safepoint: 25691 ns, Total: 123149 ns
[2020-09-12T12:30:19.383+0000][1][safepoint    ] Safepoint "RevokeBias", Time since last: 227919273 ns, Reaching safepoint: 10429764 ns, At safepoint: 97395 ns, Total: 10527159 ns
[2020-09-12T12:30:19.645+0000][1][safepoint    ] Safepoint "RevokeBias", Time since last: 245314281 ns, Reaching safepoint: 16551746 ns, At safepoint: 55184 ns, Total: 16606930 ns
[2020-09-12T12:30:19.864+0000][1][safepoint    ] Safepoint "RevokeBias", Time since last: 219110407 ns, Reaching safepoint: 173413 ns, At safepoint: 23435 ns, Total: 196848 ns
[2020-09-12T12:30:19.928+0000][1][safepoint    ] Safepoint "RevokeBias", Time since last: 62896124 ns, Reaching safepoint: 166663 ns, At safepoint: 638767 ns, Total: 805430 ns
[2020-09-12T12:30:19.929+0000][1][safepoint    ] Safepoint "RevokeBias", Time since last: 261266 ns, Reaching safepoint: 79878 ns, At safepoint: 15824 ns, Total: 95702 ns
[2020-09-12T12:30:19.929+0000][1][safepoint    ] Safepoint "RevokeBias", Time since last: 47918 ns, Reaching safepoint: 38087 ns, At safepoint: 12032 ns, Total: 50119 ns
[2020-09-12T12:30:19.929+0000][1][safepoint    ] Safepoint "RevokeBias", Time since last: 54605 ns, Reaching safepoint: 37185 ns, At safepoint: 11473 ns, Total: 48658 ns
[2020-09-12T12:30:19.929+0000][1][safepoint    ] Safepoint "RevokeBias", Time since last: 61512 ns, Reaching safepoint: 37368 ns, At safepoint: 11461 ns, Total: 48829 ns
[2020-09-12T12:30:19.929+0000][1][safepoint    ] Safepoint "RevokeBias", Time since last: 46475 ns, Reaching safepoint: 36601 ns, At safepoint: 11192 ns, Total: 47793 ns
[2020-09-12T12:30:19.935+0000][1][safepoint    ] Safepoint "RevokeBias", Time since last: 6099913 ns, Reaching safepoint: 169420 ns, At safepoint: 22645 ns, Total: 192065 ns
[2020-09-12T12:30:19.936+0000][1][safepoint    ] Safepoint "RevokeBias", Time since last: 332743 ns, Reaching safepoint: 121865 ns, At safepoint: 16377 ns, Total: 138242 ns
[2020-09-12T12:30:20.178+0000][1][gc,start     ] GC(39) Pause Young (Allocation Failure)
[2020-09-12T12:30:20.178+0000][1][gc,task      ] GC(39) Using 2 workers of 2 for evacuation
[2020-09-12T12:30:20.289+0000][1][gc,age       ] GC(39) Desired survivor size 8716288 bytes, new threshold 2 (max threshold 6)
[2020-09-12T12:30:20.289+0000][1][gc,age       ] GC(39) Age table with threshold 2 (max threshold 6)
[2020-09-12T12:30:20.289+0000][1][gc,age       ] GC(39) - age   1:    6935232 bytes,    6935232 total
[2020-09-12T12:30:20.289+0000][1][gc,age       ] GC(39) - age   2:    3864536 bytes,   10799768 total
[2020-09-12T12:30:20.289+0000][1][gc,age       ] GC(39) - age   3:    1853184 bytes,   12652952 total
[2020-09-12T12:30:20.289+0000][1][gc,heap      ] GC(39) ParNew: 153007K->17024K(153344K)
[2020-09-12T12:30:20.289+0000][1][gc,heap      ] GC(39) CMS: 130983K->137792K(1926784K)
[2020-09-12T12:30:20.289+0000][1][gc,metaspace ] GC(39) Metaspace: 87819K->87819K(1130496K)
[2020-09-12T12:30:20.289+0000][1][gc           ] GC(39) Pause Young (Allocation Failure) 277M->151M(2031M) 111.481ms
[2020-09-12T12:30:20.289+0000][1][gc,cpu       ] GC(39) User=0.05s Sys=0.00s Real=0.12s
[2020-09-12T12:30:20.289+0000][1][safepoint    ] Safepoint "GenCollectForAllocation", Time since last: 241885403 ns, Reaching safepoint: 209772 ns, At safepoint: 111578032 ns, Total: 111787804 ns
[2020-09-12T12:30:20.441+0000][1][safepoint    ] Safepoint "RevokeBias", Time since last: 150490260 ns, Reaching safepoint: 915931 ns, At safepoint: 27423 ns, Total: 943354 ns
[2020-09-12T12:30:20.441+0000][1][safepoint    ] Safepoint "RevokeBias", Time since last: 109466 ns, Reaching safepoint: 124975 ns, At safepoint: 14805 ns, Total: 139780 ns
[2020-09-12T12:30:20.442+0000][1][safepoint    ] Safepoint "RevokeBias", Time since last: 596058 ns, Reaching safepoint: 119576 ns, At safepoint: 15251 ns, Total: 134827 ns
[2020-09-12T12:30:20.442+0000][1][safepoint    ] Safepoint "RevokeBias", Time since last: 139994 ns, Reaching safepoint: 117372 ns, At safepoint: 14778 ns, Total: 132150 ns
[2020-09-12T12:30:20.442+0000][1][safepoint    ] Safepoint "RevokeBias", Time since last: 38090 ns, Reaching safepoint: 112457 ns, At safepoint: 13328 ns, Total: 125785 ns
[2020-09-12T12:30:20.446+0000][1][safepoint    ] Safepoint "RevokeBias", Time since last: 81416 ns, Reaching safepoint: 3287380 ns, At safepoint: 28308 ns, Total: 3315688 ns
[2020-09-12T12:30:20.446+0000][1][safepoint    ] Safepoint "RevokeBias", Time since last: 262995 ns, Reaching safepoint: 266858 ns, At safepoint: 20169 ns, Total: 287027 ns
[2020-09-12T12:30:20.495+0000][1][safepoint    ] Safepoint "RevokeBias", Time since last: 43518616 ns, Reaching safepoint: 5248366 ns, At safepoint: 35523 ns, Total: 5283889 ns
[2020-09-12T12:30:20.496+0000][1][safepoint    ] Safepoint "RevokeBias", Time since last: 442763 ns, Reaching safepoint: 161429 ns, At safepoint: 20762 ns, Total: 182191 ns
[2020-09-12T12:30:20.503+0000][1][safepoint    ] Safepoint "RevokeBias", Time since last: 100409 ns, Reaching safepoint: 7230403 ns, At safepoint: 33538 ns, Total: 7263941 ns
[2020-09-12T12:30:20.503+0000][1][safepoint    ] Safepoint "RevokeBias", Time since last: 236590 ns, Reaching safepoint: 136594 ns, At safepoint: 19734 ns, Total: 156328 ns
[2020-09-12T12:30:20.504+0000][1][safepoint    ] Safepoint "RevokeBias", Time since last: 68704 ns, Reaching safepoint: 119312 ns, At safepoint: 16588 ns, Total: 135900 ns
[2020-09-12T12:30:20.509+0000][1][safepoint    ] Safepoint "RevokeBias", Time since last: 82659 ns, Reaching safepoint: 4819586 ns, At safepoint: 41679 ns, Total: 4861265 ns
[2020-09-12T12:30:20.534+0000][1][safepoint    ] Safepoint "RevokeBias", Time since last: 23597636 ns, Reaching safepoint: 2231054 ns, At safepoint: 31288 ns, Total: 2262342 ns
[2020-09-12T12:30:20.535+0000][1][safepoint    ] Safepoint "RevokeBias", Time since last: 211675 ns, Reaching safepoint: 117944 ns, At safepoint: 15983 ns, Total: 133927 ns
[2020-09-12T12:30:20.535+0000][1][safepoint    ] Safepoint "RevokeBias", Time since last: 98428 ns, Reaching safepoint: 111337 ns, At safepoint: 14174 ns, Total: 125511 ns
[2020-09-12T12:30:20.535+0000][1][safepoint    ] Safepoint "RevokeBias", Time since last: 77815 ns, Reaching safepoint: 110609 ns, At safepoint: 14406 ns, Total: 125015 ns
[2020-09-12T12:30:20.535+0000][1][safepoint    ] Safepoint "RevokeBias", Time since last: 89318 ns, Reaching safepoint: 111517 ns, At safepoint: 14660 ns, Total: 126177 ns
[2020-09-12T12:30:20.536+0000][1][safepoint    ] Safepoint "RevokeBias", Time since last: 62456 ns, Reaching safepoint: 111895 ns, At safepoint: 15689 ns, Total: 127584 ns
[2020-09-12T12:30:20.626+0000][1][safepoint    ] Safepoint "RevokeBias", Time since last: 88029405 ns, Reaching safepoint: 2682011 ns, At safepoint: 66760 ns, Total: 2748771 ns
[2020-09-12T12:30:20.653+0000][1][safepoint    ] Safepoint "RevokeBias", Time since last: 25399414 ns, Reaching safepoint: 892008 ns, At safepoint: 82753 ns, Total: 974761 ns
[2020-09-12T12:30:20.656+0000][1][safepoint    ] Safepoint "RevokeBias", Time since last: 1760249 ns, Reaching safepoint: 1839319 ns, At safepoint: 39354 ns, Total: 1878673 ns
[2020-09-12T12:30:20.681+0000][1][safepoint    ] Safepoint "RevokeBias", Time since last: 19056647 ns, Reaching safepoint: 4904206 ns, At safepoint: 228698 ns, Total: 5132904 ns
[2020-09-12T12:30:20.761+0000][1][safepoint    ] Safepoint "Deoptimize", Time since last: 79853913 ns, Reaching safepoint: 179640 ns, At safepoint: 704179 ns, Total: 883819 ns
[2020-09-12T12:30:20.813+0000][1][safepoint    ] Safepoint "RevokeBias", Time since last: 50992076 ns, Reaching safepoint: 234289 ns, At safepoint: 180993 ns, Total: 415282 ns
[2020-09-12T12:30:20.857+0000][1][safepoint    ] Safepoint "RevokeBias", Time since last: 44203648 ns, Reaching safepoint: 188921 ns, At safepoint: 27753 ns, Total: 216674 ns
[2020-09-12T12:30:20.922+0000][1][safepoint    ] Safepoint "RevokeBias", Time since last: 64684886 ns, Reaching safepoint: 201791 ns, At safepoint: 30501 ns, Total: 232292 ns
[2020-09-12T12:30:20.953+0000][1][safepoint    ] Safepoint "RevokeBias", Time since last: 28912062 ns, Reaching safepoint: 1787894 ns, At safepoint: 39094 ns, Total: 1826988 ns
[2020-09-12T12:30:21.133+0000][1][safepoint    ] Safepoint "RevokeBias", Time since last: 178354934 ns, Reaching safepoint: 1506944 ns, At safepoint: 58437 ns, Total: 1565381 ns
[2020-09-12T12:30:21.143+0000][1][safepoint    ] Safepoint "RevokeBias", Time since last: 10386520 ns, Reaching safepoint: 186758 ns, At safepoint: 25840 ns, Total: 212598 ns
[2020-09-12T12:30:21.147+0000][1][safepoint    ] Safepoint "RevokeBias", Time since last: 71153 ns, Reaching safepoint: 3890325 ns, At safepoint: 32552 ns, Total: 3922877 ns
[2020-09-12T12:30:21.161+0000][1][safepoint    ] Safepoint "RevokeBias", Time since last: 12840035 ns, Reaching safepoint: 665188 ns, At safepoint: 30034 ns, Total: 695222 ns
[2020-09-12T12:30:21.161+0000][1][safepoint    ] Safepoint "RevokeBias", Time since last: 61734 ns, Reaching safepoint: 114245 ns, At safepoint: 13567 ns, Total: 127812 ns
[2020-09-12T12:30:21.173+0000][1][safepoint    ] Safepoint "RevokeBias", Time since last: 10340286 ns, Reaching safepoint: 1483621 ns, At safepoint: 67218 ns, Total: 1550839 ns
[2020-09-12T12:30:21.181+0000][1][safepoint    ] Safepoint "RevokeBias", Time since last: 7834912 ns, Reaching safepoint: 97278 ns, At safepoint: 26981 ns, Total: 124259 ns
[2020-09-12T12:30:21.182+0000][1][safepoint    ] Safepoint "RevokeBias", Time since last: 193365 ns, Reaching safepoint: 696571 ns, At safepoint: 35116 ns, Total: 731687 ns
[2020-09-12T12:30:21.421+0000][1][safepoint    ] Safepoint "RevokeBias", Time since last: 238933083 ns, Reaching safepoint: 117252 ns, At safepoint: 37952 ns, Total: 155204 ns
[2020-09-12T12:30:21.431+0000][1][safepoint    ] Safepoint "RevokeBias", Time since last: 8023979 ns, Reaching safepoint: 2569660 ns, At safepoint: 38970 ns, Total: 2608630 ns
[2020-09-12T12:30:21.432+0000][1][safepoint    ] Safepoint "RevokeBias", Time since last: 458858 ns, Reaching safepoint: 187862 ns, At safepoint: 24308 ns, Total: 212170 ns
[2020-09-12T12:30:21.433+0000][1][safepoint    ] Safepoint "RevokeBias", Time since last: 404281 ns, Reaching safepoint: 61234 ns, At safepoint: 17178 ns, Total: 78412 ns
[2020-09-12T12:30:21.447+0000][1][safepoint    ] Safepoint "RevokeBias", Time since last: 13889990 ns, Reaching safepoint: 93914 ns, At safepoint: 26301 ns, Total: 120215 ns
[2020-09-12T12:30:21.484+0000][1][safepoint    ] Safepoint "RevokeBias", Time since last: 35924761 ns, Reaching safepoint: 1177588 ns, At safepoint: 41524 ns, Total: 1219112 ns
[2020-09-12T12:30:21.486+0000][1][safepoint    ] Safepoint "RevokeBias", Time since last: 1632449 ns, Reaching safepoint: 183160 ns, At safepoint: 28295 ns, Total: 211455 ns
[2020-09-12T12:30:21.491+0000][1][safepoint    ] Safepoint "RevokeBias", Time since last: 1376884 ns, Reaching safepoint: 4111286 ns, At safepoint: 40280 ns, Total: 4151566 ns
[2020-09-12T12:30:21.509+0000][1][safepoint    ] Safepoint "RevokeBias", Time since last: 9116571 ns, Reaching safepoint: 8324181 ns, At safepoint: 98397 ns, Total: 8422578 ns
[2020-09-12T12:30:21.548+0000][1][safepoint    ] Safepoint "RevokeBias", Time since last: 31124953 ns, Reaching safepoint: 8536735 ns, At safepoint: 43679 ns, Total: 8580414 ns
[2020-09-12T12:30:21.674+0000][1][safepoint    ] Safepoint "RevokeBias", Time since last: 124889027 ns, Reaching safepoint: 563278 ns, At safepoint: 31047 ns, Total: 594325 ns
[2020-09-12T12:30:21.674+0000][1][safepoint    ] Safepoint "RevokeBias", Time since last: 173398 ns, Reaching safepoint: 174099 ns, At safepoint: 17694 ns, Total: 191793 ns
[2020-09-12T12:30:21.840+0000][1][safepoint    ] Safepoint "RevokeBias", Time since last: 165467429 ns, Reaching safepoint: 345511 ns, At safepoint: 37798 ns, Total: 383309 ns
[2020-09-12T12:30:21.848+0000][1][safepoint    ] Safepoint "RevokeBias", Time since last: 7715241 ns, Reaching safepoint: 178106 ns, At safepoint: 31042 ns, Total: 209148 ns
[2020-09-12T12:30:21.917+0000][1][safepoint    ] Safepoint "RevokeBias", Time since last: 67810862 ns, Reaching safepoint: 1580599 ns, At safepoint: 35185 ns, Total: 1615784 ns
[2020-09-12T12:30:21.921+0000][1][safepoint    ] Safepoint "RevokeBias", Time since last: 3524351 ns, Reaching safepoint: 341228 ns, At safepoint: 28873 ns, Total: 370101 ns
[2020-09-12T12:30:21.938+0000][1][safepoint    ] Safepoint "RevokeBias", Time since last: 15600481 ns, Reaching safepoint: 768663 ns, At safepoint: 39584 ns, Total: 808247 ns
[2020-09-12T12:30:22.053+0000][1][safepoint    ] Safepoint "RevokeBias", Time since last: 115310356 ns, Reaching safepoint: 204938 ns, At safepoint: 29834 ns, Total: 234772 ns
[2020-09-12T12:30:22.057+0000][1][safepoint    ] Safepoint "RevokeBias", Time since last: 106959 ns, Reaching safepoint: 3395053 ns, At safepoint: 34497 ns, Total: 3429550 ns
[2020-09-12T12:30:22.059+0000][1][safepoint    ] Safepoint "RevokeBias", Time since last: 1037982 ns, Reaching safepoint: 591980 ns, At safepoint: 352186 ns, Total: 944166 ns
[2020-09-12T12:30:22.140+0000][1][safepoint    ] Safepoint "RevokeBias", Time since last: 78574156 ns, Reaching safepoint: 2861874 ns, At safepoint: 37608 ns, Total: 2899482 ns
[2020-09-12T12:30:22.195+0000][1][safepoint    ] Safepoint "RevokeBias", Time since last: 54950641 ns, Reaching safepoint: 107362 ns, At safepoint: 25709 ns, Total: 133071 ns
[2020-09-12T12:30:22.196+0000][1][safepoint    ] Safepoint "RevokeBias", Time since last: 182336 ns, Reaching safepoint: 49766 ns, At safepoint: 14743 ns, Total: 64509 ns
[2020-09-12T12:30:22.383+0000][1][safepoint    ] Safepoint "RevokeBias", Time since last: 182368768 ns, Reaching safepoint: 4957446 ns, At safepoint: 43737 ns, Total: 5001183 ns
[2020-09-12T12:30:22.408+0000][1][safepoint    ] Safepoint "RevokeBias", Time since last: 24482967 ns, Reaching safepoint: 192422 ns, At safepoint: 23756 ns, Total: 216178 ns
[2020-09-12T12:30:22.413+0000][1][safepoint    ] Safepoint "RevokeBias", Time since last: 5173807 ns, Reaching safepoint: 191992 ns, At safepoint: 24951 ns, Total: 216943 ns
[2020-09-12T12:30:22.425+0000][1][safepoint    ] Safepoint "RevokeBias", Time since last: 11631036 ns, Reaching safepoint: 123710 ns, At safepoint: 28687 ns, Total: 152397 ns
[2020-09-12T12:30:22.502+0000][1][safepoint    ] Safepoint "RevokeBias", Time since last: 72045005 ns, Reaching safepoint: 4647862 ns, At safepoint: 41874 ns, Total: 4689736 ns
[2020-09-12T12:30:22.506+0000][1][safepoint    ] Safepoint "RevokeBias", Time since last: 992621 ns, Reaching safepoint: 3115976 ns, At safepoint: 38994 ns, Total: 3154970 ns
[2020-09-12T12:30:22.648+0000][1][safepoint    ] Safepoint "RevokeBias", Time since last: 142338380 ns, Reaching safepoint: 95887 ns, At safepoint: 26551 ns, Total: 122438 ns
[2020-09-12T12:30:22.712+0000][1][safepoint    ] Safepoint "RevokeBias", Time since last: 62752951 ns, Reaching safepoint: 660629 ns, At safepoint: 29461 ns, Total: 690090 ns
[2020-09-12T12:30:22.712+0000][1][safepoint    ] Safepoint "RevokeBias", Time since last: 206077 ns, Reaching safepoint: 185411 ns, At safepoint: 18241 ns, Total: 203652 ns
[2020-09-12T12:30:22.716+0000][1][safepoint    ] Safepoint "RevokeBias", Time since last: 152158 ns, Reaching safepoint: 3332245 ns, At safepoint: 32760 ns, Total: 3365005 ns
[2020-09-12T12:30:22.717+0000][1][safepoint    ] Safepoint "RevokeBias", Time since last: 855498 ns, Reaching safepoint: 163833 ns, At safepoint: 26199 ns, Total: 190032 ns
[2020-09-12T12:30:22.717+0000][1][safepoint    ] Safepoint "RevokeBias", Time since last: 242553 ns, Reaching safepoint: 119884 ns, At safepoint: 16106 ns, Total: 135990 ns
[2020-09-12T12:30:22.718+0000][1][safepoint    ] Safepoint "RevokeBias", Time since last: 561559 ns, Reaching safepoint: 139962 ns, At safepoint: 18855 ns, Total: 158817 ns
[2020-09-12T12:30:22.718+0000][1][safepoint    ] Safepoint "RevokeBias", Time since last: 399865 ns, Reaching safepoint: 131504 ns, At safepoint: 15836 ns, Total: 147340 ns
[2020-09-12T12:30:22.776+0000][1][safepoint    ] Safepoint "RevokeBias", Time since last: 57312630 ns, Reaching safepoint: 180843 ns, At safepoint: 42392 ns, Total: 223235 ns
[2020-09-12T12:30:22.776+0000][1][safepoint    ] Safepoint "RevokeBias", Time since last: 70855 ns, Reaching safepoint: 121137 ns, At safepoint: 17903 ns, Total: 139040 ns
[2020-09-12T12:30:22.776+0000][1][safepoint    ] Safepoint "RevokeBias", Time since last: 181814 ns, Reaching safepoint: 45648 ns, At safepoint: 18049 ns, Total: 63697 ns
[2020-09-12T12:30:22.790+0000][1][safepoint    ] Safepoint "RevokeBias", Time since last: 13462017 ns, Reaching safepoint: 207621 ns, At safepoint: 43342 ns, Total: 250963 ns
[2020-09-12T12:30:22.814+0000][1][safepoint    ] Safepoint "RevokeBias", Time since last: 23630659 ns, Reaching safepoint: 177187 ns, At safepoint: 29922 ns, Total: 207109 ns
[2020-09-12T12:30:22.816+0000][1][safepoint    ] Safepoint "RevokeBias", Time since last: 2476591 ns, Reaching safepoint: 97342 ns, At safepoint: 35321 ns, Total: 132663 ns
[2020-09-12T12:30:22.821+0000][1][safepoint    ] Safepoint "RevokeBias", Time since last: 4881789 ns, Reaching safepoint: 103342 ns, At safepoint: 26337 ns, Total: 129679 ns
[2020-09-12T12:30:22.822+0000][1][safepoint    ] Safepoint "RevokeBias", Time since last: 151795 ns, Reaching safepoint: 46745 ns, At safepoint: 13604 ns, Total: 60349 ns
[2020-09-12T12:30:22.822+0000][1][safepoint    ] Safepoint "RevokeBias", Time since last: 46409 ns, Reaching safepoint: 41718 ns, At safepoint: 11822 ns, Total: 53540 ns
[2020-09-12T12:30:23.530+0000][1][safepoint    ] Safepoint "Deoptimize", Time since last: 705673799 ns, Reaching safepoint: 916253 ns, At safepoint: 1564135 ns, Total: 2480388 ns
[2020-09-12T12:30:23.566+0000][1][safepoint    ] Safepoint "Deoptimize", Time since last: 26507608 ns, Reaching safepoint: 4275428 ns, At safepoint: 5628023 ns, Total: 9903451 ns
[2020-09-12T12:30:23.576+0000][1][safepoint    ] Safepoint "Deoptimize", Time since last: 6835504 ns, Reaching safepoint: 208947 ns, At safepoint: 2762295 ns, Total: 2971242 ns
[2020-09-12T12:30:23.593+0000][1][safepoint    ] Safepoint "RevokeBias", Time since last: 16686887 ns, Reaching safepoint: 599037 ns, At safepoint: 35854 ns, Total: 634891 ns
[2020-09-12T12:30:23.597+0000][1][safepoint    ] Safepoint "RevokeBias", Time since last: 1351189 ns, Reaching safepoint: 1929569 ns, At safepoint: 42129 ns, Total: 1971698 ns
[2020-09-12T12:30:24.486+0000][1][safepoint    ] Safepoint "RevokeBias", Time since last: 886395964 ns, Reaching safepoint: 3254053 ns, At safepoint: 35190 ns, Total: 3289243 ns
[2020-09-12T12:30:24.487+0000][1][safepoint    ] Safepoint "RevokeBias", Time since last: 184574 ns, Reaching safepoint: 577636 ns, At safepoint: 20682 ns, Total: 598318 ns
[2020-09-12T12:30:24.625+0000][1][safepoint    ] Safepoint "RevokeBias", Time since last: 137041044 ns, Reaching safepoint: 234246 ns, At safepoint: 77644 ns, Total: 311890 ns
[2020-09-12T12:30:24.628+0000][1][safepoint    ] Safepoint "RevokeBias", Time since last: 3626977 ns, Reaching safepoint: 196340 ns, At safepoint: 69718 ns, Total: 266058 ns
[2020-09-12T12:30:24.633+0000][1][safepoint    ] Safepoint "RevokeBias", Time since last: 4617130 ns, Reaching safepoint: 108600 ns, At safepoint: 26371 ns, Total: 134971 ns
[2020-09-12T12:30:24.763+0000][1][safepoint    ] Safepoint "RevokeBias", Time since last: 124124059 ns, Reaching safepoint: 5620437 ns, At safepoint: 152132 ns, Total: 5772569 ns
[2020-09-12T12:30:24.811+0000][1][safepoint    ] Safepoint "RevokeBias", Time since last: 41617375 ns, Reaching safepoint: 6150599 ns, At safepoint: 44807 ns, Total: 6195406 ns
[2020-09-12T12:30:25.157+0000][1][safepoint    ] Safepoint "RevokeBias", Time since last: 345492581 ns, Reaching safepoint: 107225 ns, At safepoint: 31183 ns, Total: 138408 ns
[2020-09-12T12:30:25.157+0000][1][safepoint    ] Safepoint "RevokeBias", Time since last: 421099 ns, Reaching safepoint: 89864 ns, At safepoint: 21295 ns, Total: 111159 ns
[2020-09-12T12:30:25.164+0000][1][safepoint    ] Safepoint "RevokeBias", Time since last: 7007553 ns, Reaching safepoint: 101492 ns, At safepoint: 26398 ns, Total: 127890 ns
[2020-09-12T12:30:25.286+0000][1][safepoint    ] Safepoint "RevokeBias", Time since last: 121464380 ns, Reaching safepoint: 126119 ns, At safepoint: 28161 ns, Total: 154280 ns
[2020-09-12T12:30:25.513+0000][1][safepoint    ] Safepoint "RevokeBias", Time since last: 225270774 ns, Reaching safepoint: 1855107 ns, At safepoint: 37871 ns, Total: 1892978 ns
[2020-09-12T12:30:25.515+0000][1][safepoint    ] Safepoint "RevokeBias", Time since last: 143166 ns, Reaching safepoint: 2234263 ns, At safepoint: 37651 ns, Total: 2271914 ns
[2020-09-12T12:30:25.517+0000][1][safepoint    ] Safepoint "BulkRevokeBias", Time since last: 141073 ns, Reaching safepoint: 412264 ns, At safepoint: 699123 ns, Total: 1111387 ns
[2020-09-12T12:30:25.518+0000][1][safepoint    ] Safepoint "RevokeBias", Time since last: 660228 ns, Reaching safepoint: 196173 ns, At safepoint: 20863 ns, Total: 217036 ns
[2020-09-12T12:30:25.519+0000][1][safepoint    ] Safepoint "RevokeBias", Time since last: 262068 ns, Reaching safepoint: 676031 ns, At safepoint: 25681 ns, Total: 701712 ns
[2020-09-12T12:30:25.520+0000][1][safepoint    ] Safepoint "RevokeBias", Time since last: 567606 ns, Reaching safepoint: 822535 ns, At safepoint: 30833 ns, Total: 853368 ns
[2020-09-12T12:30:25.525+0000][1][safepoint    ] Safepoint "RevokeBias", Time since last: 337100 ns, Reaching safepoint: 4537325 ns, At safepoint: 50519 ns, Total: 4587844 ns
[2020-09-12T12:30:25.527+0000][1][safepoint    ] Safepoint "RevokeBias", Time since last: 418411 ns, Reaching safepoint: 2055161 ns, At safepoint: 50097 ns, Total: 2105258 ns
[2020-09-12T12:30:25.534+0000][1][safepoint    ] Safepoint "RevokeBias", Time since last: 6149886 ns, Reaching safepoint: 195619 ns, At safepoint: 38569 ns, Total: 234188 ns
[2020-09-12T12:30:25.805+0000][1][safepoint    ] Safepoint "RevokeBias", Time since last: 263062128 ns, Reaching safepoint: 8121915 ns, At safepoint: 41796 ns, Total: 8163711 ns
[2020-09-12T12:30:25.810+0000][1][safepoint    ] Safepoint "RevokeBias", Time since last: 924868 ns, Reaching safepoint: 4025719 ns, At safepoint: 41534 ns, Total: 4067253 ns
[2020-09-12T12:30:25.811+0000][1][safepoint    ] Safepoint "RevokeBias", Time since last: 501747 ns, Reaching safepoint: 476006 ns, At safepoint: 31214 ns, Total: 507220 ns
[2020-09-12T12:30:25.832+0000][1][safepoint    ] Safepoint "RevokeBias", Time since last: 18444435 ns, Reaching safepoint: 2211116 ns, At safepoint: 38232 ns, Total: 2249348 ns
[2020-09-12T12:30:25.918+0000][1][safepoint    ] Safepoint "RevokeBias", Time since last: 79520644 ns, Reaching safepoint: 6372539 ns, At safepoint: 41974 ns, Total: 6414513 ns
[2020-09-12T12:30:25.921+0000][1][safepoint    ] Safepoint "RevokeBias", Time since last: 1496927 ns, Reaching safepoint: 1972857 ns, At safepoint: 45364 ns, Total: 2018221 ns
[2020-09-12T12:30:25.940+0000][1][safepoint    ] Safepoint "RevokeBias", Time since last: 12019510 ns, Reaching safepoint: 6848415 ns, At safepoint: 43043 ns, Total: 6891458 ns
[2020-09-12T12:30:25.954+0000][1][safepoint    ] Safepoint "RevokeBias", Time since last: 9468387 ns, Reaching safepoint: 4361318 ns, At safepoint: 38084 ns, Total: 4399402 ns
[2020-09-12T12:30:25.955+0000][1][safepoint    ] Safepoint "RevokeBias", Time since last: 214477 ns, Reaching safepoint: 672573 ns, At safepoint: 33971 ns, Total: 706544 ns
[2020-09-12T12:30:25.959+0000][1][safepoint    ] Safepoint "RevokeBias", Time since last: 150523 ns, Reaching safepoint: 3959841 ns, At safepoint: 39232 ns, Total: 3999073 ns
[2020-09-12T12:30:26.033+0000][1][safepoint    ] Safepoint "RevokeBias", Time since last: 69458475 ns, Reaching safepoint: 4372428 ns, At safepoint: 31519 ns, Total: 4403947 ns
[2020-09-12T12:30:26.073+0000][1][safepoint    ] Safepoint "BulkRevokeBias", Time since last: 28049761 ns, Reaching safepoint: 11886761 ns, At safepoint: 595623 ns, Total: 12482384 ns
[2020-09-12T12:30:26.743+0000][1][safepoint    ] Safepoint "RevokeBias", Time since last: 669287288 ns, Reaching safepoint: 141026 ns, At safepoint: 25773 ns, Total: 166799 ns
[2020-09-12T12:30:27.110+0000][1][gc,start     ] GC(40) Pause Young (Allocation Failure)
[2020-09-12T12:30:27.110+0000][1][gc,task      ] GC(40) Using 2 workers of 2 for evacuation
[2020-09-12T12:30:27.203+0000][1][gc,age       ] GC(40) Desired survivor size 8716288 bytes, new threshold 1 (max threshold 6)
[2020-09-12T12:30:27.203+0000][1][gc,age       ] GC(40) Age table with threshold 1 (max threshold 6)
[2020-09-12T12:30:27.203+0000][1][gc,age       ] GC(40) - age   1:    9845192 bytes,    9845192 total
[2020-09-12T12:30:27.203+0000][1][gc,age       ] GC(40) - age   2:     797584 bytes,   10642776 total
[2020-09-12T12:30:27.203+0000][1][gc,heap      ] GC(40) ParNew: 153344K->17024K(153344K)
[2020-09-12T12:30:27.203+0000][1][gc,heap      ] GC(40) CMS: 137792K->143464K(1926784K)
[2020-09-12T12:30:27.203+0000][1][gc,metaspace ] GC(40) Metaspace: 89099K->89099K(1130496K)
[2020-09-12T12:30:27.203+0000][1][gc           ] GC(40) Pause Young (Allocation Failure) 284M->156M(2031M) 93.354ms
[2020-09-12T12:30:27.203+0000][1][gc,cpu       ] GC(40) User=0.03s Sys=0.00s Real=0.09s
[2020-09-12T12:30:27.203+0000][1][safepoint    ] Safepoint "GenCollectForAllocation", Time since last: 366514324 ns, Reaching safepoint: 203227 ns, At safepoint: 93425619 ns, Total: 93628846 ns
[2020-09-12T12:30:27.418+0000][1][safepoint    ] Safepoint "RevokeBias", Time since last: 209091908 ns, Reaching safepoint: 6088401 ns, At safepoint: 38533 ns, Total: 6126934 ns
[2020-09-12T12:30:27.432+0000][1][safepoint    ] Safepoint "RevokeBias", Time since last: 13375667 ns, Reaching safepoint: 134073 ns, At safepoint: 34168 ns, Total: 168241 ns
[2020-09-12T12:30:27.433+0000][1][safepoint    ] Safepoint "RevokeBias", Time since last: 1224518 ns, Reaching safepoint: 98240 ns, At safepoint: 22337 ns, Total: 120577 ns
[2020-09-12T12:30:27.436+0000][1][safepoint    ] Safepoint "RevokeBias", Time since last: 2291638 ns, Reaching safepoint: 102937 ns, At safepoint: 30008 ns, Total: 132945 ns
[2020-09-12T12:30:27.495+0000][1][safepoint    ] Safepoint "RevokeBias", Time since last: 58559476 ns, Reaching safepoint: 1191103 ns, At safepoint: 38614 ns, Total: 1229717 ns
[2020-09-12T12:30:28.421+0000][1][safepoint    ] Safepoint "RevokeBias", Time since last: 925761745 ns, Reaching safepoint: 109232 ns, At safepoint: 35280 ns, Total: 144512 ns
[2020-09-12T12:30:29.044+0000][1][safepoint    ] Safepoint "RevokeBias", Time since last: 622511658 ns, Reaching safepoint: 145251 ns, At safepoint: 28092 ns, Total: 173343 ns
[2020-09-12T12:30:29.046+0000][1][safepoint    ] Safepoint "RevokeBias", Time since last: 1411215 ns, Reaching safepoint: 268104 ns, At safepoint: 25196 ns, Total: 293300 ns
[2020-09-12T12:30:29.083+0000][1][safepoint    ] Safepoint "RevokeBias", Time since last: 31991996 ns, Reaching safepoint: 5362511 ns, At safepoint: 48727 ns, Total: 5411238 ns
[2020-09-12T12:30:29.307+0000][1][safepoint    ] Safepoint "RevokeBias", Time since last: 224005523 ns, Reaching safepoint: 183406 ns, At safepoint: 33285 ns, Total: 216691 ns
[2020-09-12T12:30:29.441+0000][1][safepoint    ] Safepoint "RevokeBias", Time since last: 133653072 ns, Reaching safepoint: 187198 ns, At safepoint: 32131 ns, Total: 219329 ns
[2020-09-12T12:30:30.441+0000][1][safepoint    ] Safepoint "Cleanup", Time since last: 1000123364 ns, Reaching safepoint: 140322 ns, At safepoint: 14992 ns, Total: 155314 ns
[2020-09-12T12:30:31.222+0000][1][safepoint    ] Safepoint "RevokeBias", Time since last: 780066651 ns, Reaching safepoint: 110486 ns, At safepoint: 34431 ns, Total: 144917 ns
[2020-09-12T12:30:31.279+0000][1][safepoint    ] Safepoint "RevokeBias", Time since last: 57642773 ns, Reaching safepoint: 187888 ns, At safepoint: 24414 ns, Total: 212302 ns
[2020-09-12T12:30:31.308+0000][1][safepoint    ] Safepoint "RevokeBias", Time since last: 27843247 ns, Reaching safepoint: 260015 ns, At safepoint: 34935 ns, Total: 294950 ns
[2020-09-12T12:30:31.412+0000][1][safepoint    ] Safepoint "RevokeBias", Time since last: 103930085 ns, Reaching safepoint: 157186 ns, At safepoint: 26537 ns, Total: 183723 ns
[2020-09-12T12:30:31.605+0000][1][safepoint    ] Safepoint "RevokeBias", Time since last: 192848827 ns, Reaching safepoint: 155143 ns, At safepoint: 28651 ns, Total: 183794 ns
[2020-09-12T12:30:32.610+0000][1][safepoint    ] Safepoint "Cleanup", Time since last: 1003954688 ns, Reaching safepoint: 1375959 ns, At safepoint: 35717 ns, Total: 1411676 ns
[2020-09-12T12:30:32.640+0000][1][safepoint    ] Safepoint "RevokeBias", Time since last: 24266196 ns, Reaching safepoint: 5302375 ns, At safepoint: 47347 ns, Total: 5349722 ns
[2020-09-12T12:30:32.640+0000][1][safepoint    ] Safepoint "RevokeBias", Time since last: 239632 ns, Reaching safepoint: 223429 ns, At safepoint: 29625 ns, Total: 253054 ns
[2020-09-12T12:30:32.652+0000][1][safepoint    ] Safepoint "RevokeBias", Time since last: 4167811 ns, Reaching safepoint: 7945833 ns, At safepoint: 40172 ns, Total: 7986005 ns
[2020-09-12T12:30:32.653+0000][1][safepoint    ] Safepoint "RevokeBias", Time since last: 137615 ns, Reaching safepoint: 277237 ns, At safepoint: 29592 ns, Total: 306829 ns
[2020-09-12T12:30:32.757+0000][1][safepoint    ] Safepoint "RevokeBias", Time since last: 100230706 ns, Reaching safepoint: 4070728 ns, At safepoint: 38459 ns, Total: 4109187 ns
[2020-09-12T12:30:32.757+0000][1][safepoint    ] Safepoint "RevokeBias", Time since last: 97753 ns, Reaching safepoint: 155074 ns, At safepoint: 17072 ns, Total: 172146 ns
[2020-09-12T12:30:32.758+0000][1][safepoint    ] Safepoint "RevokeBias", Time since last: 38096 ns, Reaching safepoint: 152503 ns, At safepoint: 15696 ns, Total: 168199 ns
[2020-09-12T12:30:32.758+0000][1][safepoint    ] Safepoint "RevokeBias", Time since last: 36392 ns, Reaching safepoint: 161500 ns, At safepoint: 15345 ns, Total: 176845 ns
[2020-09-12T12:30:32.758+0000][1][safepoint    ] Safepoint "RevokeBias", Time since last: 35446 ns, Reaching safepoint: 290555 ns, At safepoint: 15652 ns, Total: 306207 ns
[2020-09-12T12:30:32.765+0000][1][safepoint    ] Safepoint "RevokeBias", Time since last: 6500296 ns, Reaching safepoint: 244595 ns, At safepoint: 326938 ns, Total: 571533 ns
[2020-09-12T12:30:32.766+0000][1][safepoint    ] Safepoint "RevokeBias", Time since last: 94017 ns, Reaching safepoint: 190335 ns, At safepoint: 424536 ns, Total: 614871 ns
[2020-09-12T12:30:32.773+0000][1][safepoint    ] Safepoint "RevokeBias", Time since last: 6627587 ns, Reaching safepoint: 247156 ns, At safepoint: 43522 ns, Total: 290678 ns
[2020-09-12T12:30:32.895+0000][1][safepoint    ] Safepoint "RevokeBias", Time since last: 120684660 ns, Reaching safepoint: 1457409 ns, At safepoint: 42976 ns, Total: 1500385 ns
[2020-09-12T12:30:32.930+0000][1][safepoint    ] Safepoint "RevokeBias", Time since last: 32204299 ns, Reaching safepoint: 2611352 ns, At safepoint: 39030 ns, Total: 2650382 ns
[2020-09-12T12:30:33.208+0000][1][safepoint    ] Safepoint "RevokeBias", Time since last: 277514977 ns, Reaching safepoint: 114113 ns, At safepoint: 40474 ns, Total: 154587 ns
[2020-09-12T12:30:34.208+0000][1][safepoint    ] Safepoint "Cleanup", Time since last: 1000146479 ns, Reaching safepoint: 121060 ns, At safepoint: 10391 ns, Total: 131451 ns
[2020-09-12T12:30:35.215+0000][1][safepoint    ] Safepoint "Cleanup", Time since last: 1007297918 ns, Reaching safepoint: 242230 ns, At safepoint: 10836 ns, Total: 253066 ns
[2020-09-12T12:30:35.271+0000][1][safepoint    ] Safepoint "RevokeBias", Time since last: 53806701 ns, Reaching safepoint: 1771241 ns, At safepoint: 43710 ns, Total: 1814951 ns
[2020-09-12T12:30:35.347+0000][1][safepoint    ] Safepoint "RevokeBias", Time since last: 75525973 ns, Reaching safepoint: 271839 ns, At safepoint: 23650 ns, Total: 295489 ns
[2020-09-12T12:30:35.554+0000][1][safepoint    ] Safepoint "RevokeBias", Time since last: 192866235 ns, Reaching safepoint: 13440558 ns, At safepoint: 460532 ns, Total: 13901090 ns
[2020-09-12T12:30:35.921+0000][1][gc,start     ] GC(41) Pause Young (Allocation Failure)
[2020-09-12T12:30:35.921+0000][1][gc,task      ] GC(41) Using 2 workers of 2 for evacuation
[2020-09-12T12:30:35.988+0000][1][gc,age       ] GC(41) Desired survivor size 8716288 bytes, new threshold 1 (max threshold 6)
[2020-09-12T12:30:35.988+0000][1][gc,age       ] GC(41) Age table with threshold 1 (max threshold 6)
[2020-09-12T12:30:35.988+0000][1][gc,age       ] GC(41) - age   1:    8881008 bytes,    8881008 total
[2020-09-12T12:30:35.988+0000][1][gc,heap      ] GC(41) ParNew: 153344K->16224K(153344K)
[2020-09-12T12:30:35.988+0000][1][gc,heap      ] GC(41) CMS: 143464K->145446K(1926784K)
[2020-09-12T12:30:35.990+0000][1][gc,metaspace ] GC(41) Metaspace: 89910K->89910K(1132544K)
[2020-09-12T12:30:35.990+0000][1][gc           ] GC(41) Pause Young (Allocation Failure) 289M->157M(2031M) 69.223ms
[2020-09-12T12:30:35.990+0000][1][gc,cpu       ] GC(41) User=0.03s Sys=0.00s Real=0.07s
[2020-09-12T12:30:35.990+0000][1][safepoint    ] Safepoint "GenCollectForAllocation", Time since last: 366367929 ns, Reaching safepoint: 784709 ns, At safepoint: 69320674 ns, Total: 70105383 ns
[2020-09-12T12:30:36.185+0000][1][safepoint    ] Safepoint "RevokeBias", Time since last: 194448239 ns, Reaching safepoint: 573699 ns, At safepoint: 33233 ns, Total: 606932 ns
[2020-09-12T12:30:36.197+0000][1][safepoint    ] Safepoint "RevokeBias", Time since last: 11960963 ns, Reaching safepoint: 186146 ns, At safepoint: 31218 ns, Total: 217364 ns
[2020-09-12T12:30:36.199+0000][1][safepoint    ] Safepoint "RevokeBias", Time since last: 1599555 ns, Reaching safepoint: 180645 ns, At safepoint: 28118 ns, Total: 208763 ns
[2020-09-12T12:30:36.201+0000][1][safepoint    ] Safepoint "RevokeBias", Time since last: 130832 ns, Reaching safepoint: 1535503 ns, At safepoint: 29024 ns, Total: 1564527 ns
[2020-09-12T12:30:36.273+0000][1][safepoint    ] Safepoint "RevokeBias", Time since last: 71544967 ns, Reaching safepoint: 518629 ns, At safepoint: 26971 ns, Total: 545600 ns
[2020-09-12T12:30:37.023+0000][1][safepoint    ] Safepoint "RevokeBias", Time since last: 747228017 ns, Reaching safepoint: 2908659 ns, At safepoint: 220663 ns, Total: 3129322 ns
[2020-09-12T12:30:37.035+0000][1][safepoint    ] Safepoint "RevokeBias", Time since last: 11580679 ns, Reaching safepoint: 282289 ns, At safepoint: 13253 ns, Total: 295542 ns
[2020-09-12T12:30:37.448+0000][1][safepoint    ] Safepoint "RevokeBias", Time since last: 412752701 ns, Reaching safepoint: 152997 ns, At safepoint: 51866 ns, Total: 204863 ns
[2020-09-12T12:30:37.493+0000][1][safepoint    ] Safepoint "RevokeBias", Time since last: 42497829 ns, Reaching safepoint: 2223385 ns, At safepoint: 38078 ns, Total: 2261463 ns
[2020-09-12T12:30:37.983+0000][1][safepoint    ] Safepoint "RevokeBias", Time since last: 490430788 ns, Reaching safepoint: 128900 ns, At safepoint: 26181 ns, Total: 155081 ns
[2020-09-12T12:30:37.984+0000][1][safepoint    ] Safepoint "RevokeBias", Time since last: 87210 ns, Reaching safepoint: 76733 ns, At safepoint: 25162 ns, Total: 101895 ns
[2020-09-12T12:30:37.992+0000][1][safepoint    ] Safepoint "RevokeBias", Time since last: 8646388 ns, Reaching safepoint: 102371 ns, At safepoint: 11534 ns, Total: 113905 ns
[2020-09-12T12:30:37.993+0000][1][safepoint    ] Safepoint "RevokeBias", Time since last: 678734 ns, Reaching safepoint: 79116 ns, At safepoint: 18600 ns, Total: 97716 ns
[2020-09-12T12:30:37.994+0000][1][safepoint    ] Safepoint "RevokeBias", Time since last: 491355 ns, Reaching safepoint: 97504 ns, At safepoint: 15621 ns, Total: 113125 ns
[2020-09-12T12:30:37.995+0000][1][safepoint    ] Safepoint "RevokeBias", Time since last: 622654 ns, Reaching safepoint: 138286 ns, At safepoint: 17018 ns, Total: 155304 ns
[2020-09-12T12:30:37.995+0000][1][safepoint    ] Safepoint "RevokeBias", Time since last: 70496 ns, Reaching safepoint: 132722 ns, At safepoint: 16328 ns, Total: 149050 ns
[2020-09-12T12:30:37.995+0000][1][safepoint    ] Safepoint "RevokeBias", Time since last: 230180 ns, Reaching safepoint: 116634 ns, At safepoint: 13679 ns, Total: 130313 ns
[2020-09-12T12:30:37.996+0000][1][safepoint    ] Safepoint "RevokeBias", Time since last: 151257 ns, Reaching safepoint: 190684 ns, At safepoint: 13578 ns, Total: 204262 ns
[2020-09-12T12:30:37.996+0000][1][safepoint    ] Safepoint "RevokeBias", Time since last: 48481 ns, Reaching safepoint: 290246 ns, At safepoint: 15857 ns, Total: 306103 ns
[2020-09-12T12:30:37.997+0000][1][safepoint    ] Safepoint "RevokeBias", Time since last: 83324 ns, Reaching safepoint: 857459 ns, At safepoint: 17180 ns, Total: 874639 ns
[2020-09-12T12:30:37.997+0000][1][safepoint    ] Safepoint "RevokeBias", Time since last: 337338 ns, Reaching safepoint: 223288 ns, At safepoint: 16205 ns, Total: 239493 ns
[2020-09-12T12:30:37.998+0000][1][safepoint    ] Safepoint "RevokeBias", Time since last: 138227 ns, Reaching safepoint: 578770 ns, At safepoint: 16860 ns, Total: 595630 ns
[2020-09-12T12:30:37.999+0000][1][safepoint    ] Safepoint "RevokeBias", Time since last: 47944 ns, Reaching safepoint: 363770 ns, At safepoint: 16261 ns, Total: 380031 ns
[2020-09-12T12:30:37.999+0000][1][safepoint    ] Safepoint "RevokeBias", Time since last: 90130 ns, Reaching safepoint: 143973 ns, At safepoint: 17370 ns, Total: 161343 ns
[2020-09-12T12:30:38.000+0000][1][safepoint    ] Safepoint "RevokeBias", Time since last: 874632 ns, Reaching safepoint: 126484 ns, At safepoint: 14424 ns, Total: 140908 ns
[2020-09-12T12:30:38.000+0000][1][safepoint    ] Safepoint "RevokeBias", Time since last: 235801 ns, Reaching safepoint: 204355 ns, At safepoint: 15029 ns, Total: 219384 ns
[2020-09-12T12:30:38.003+0000][1][safepoint    ] Safepoint "RevokeBias", Time since last: 45275 ns, Reaching safepoint: 2162123 ns, At safepoint: 23999 ns, Total: 2186122 ns
[2020-09-12T12:30:38.005+0000][1][safepoint    ] Safepoint "RevokeBias", Time since last: 148352 ns, Reaching safepoint: 2151555 ns, At safepoint: 23111 ns, Total: 2174666 ns
[2020-09-12T12:30:38.005+0000][1][safepoint    ] Safepoint "RevokeBias", Time since last: 71464 ns, Reaching safepoint: 145205 ns, At safepoint: 18341 ns, Total: 163546 ns
[2020-09-12T12:30:38.005+0000][1][safepoint    ] Safepoint "RevokeBias", Time since last: 97301 ns, Reaching safepoint: 144794 ns, At safepoint: 16979 ns, Total: 161773 ns
[2020-09-12T12:30:38.015+0000][1][safepoint    ] Safepoint "RevokeBias", Time since last: 9764008 ns, Reaching safepoint: 191766 ns, At safepoint: 25306 ns, Total: 217072 ns
[2020-09-12T12:30:38.029+0000][1][safepoint    ] Safepoint "RevokeBias", Time since last: 13108854 ns, Reaching safepoint: 185144 ns, At safepoint: 15523 ns, Total: 200667 ns
[2020-09-12T12:30:38.030+0000][1][safepoint    ] Safepoint "RevokeBias", Time since last: 775228 ns, Reaching safepoint: 91395 ns, At safepoint: 156780 ns, Total: 248175 ns
[2020-09-12T12:30:38.034+0000][1][safepoint    ] Safepoint "RevokeBias", Time since last: 4045992 ns, Reaching safepoint: 174754 ns, At safepoint: 52326 ns, Total: 227080 ns
[2020-09-12T12:30:38.035+0000][1][safepoint    ] Safepoint "RevokeBias", Time since last: 905752 ns, Reaching safepoint: 191946 ns, At safepoint: 9481 ns, Total: 201427 ns
[2020-09-12T12:30:38.041+0000][1][safepoint    ] Safepoint "RevokeBias", Time since last: 6220209 ns, Reaching safepoint: 186840 ns, At safepoint: 15467 ns, Total: 202307 ns
[2020-09-12T12:30:38.174+0000][1][safepoint    ] Safepoint "RevokeBias", Time since last: 132119442 ns, Reaching safepoint: 103378 ns, At safepoint: 26998 ns, Total: 130376 ns
[2020-09-12T12:30:38.194+0000][1][safepoint    ] Safepoint "RevokeBias", Time since last: 19736175 ns, Reaching safepoint: 106218 ns, At safepoint: 65001 ns, Total: 171219 ns
[2020-09-12T12:30:38.220+0000][1][safepoint    ] Safepoint "RevokeBias", Time since last: 26611209 ns, Reaching safepoint: 115856 ns, At safepoint: 31196 ns, Total: 147052 ns
[2020-09-12T12:30:38.501+0000][1][safepoint    ] Safepoint "RevokeBias", Time since last: 280355875 ns, Reaching safepoint: 207272 ns, At safepoint: 29075 ns, Total: 236347 ns
[2020-09-12T12:30:38.996+0000][1][safepoint    ] Safepoint "RevokeBias", Time since last: 494693648 ns, Reaching safepoint: 220605 ns, At safepoint: 101317 ns, Total: 321922 ns
[2020-09-12T12:30:39.916+0000][1][safepoint    ] Safepoint "RevokeBias", Time since last: 920288889 ns, Reaching safepoint: 153424 ns, At safepoint: 28378 ns, Total: 181802 ns
[2020-09-12T12:30:39.917+0000][1][safepoint    ] Safepoint "RevokeBias", Time since last: 75830 ns, Reaching safepoint: 186014 ns, At safepoint: 21071 ns, Total: 207085 ns
[2020-09-12T12:30:40.123+0000][1][safepoint    ] Safepoint "RevokeBias", Time since last: 205837308 ns, Reaching safepoint: 105723 ns, At safepoint: 29180 ns, Total: 134903 ns
[2020-09-12T12:30:40.816+0000][1][safepoint    ] Safepoint "RevokeBias", Time since last: 693210518 ns, Reaching safepoint: 125783 ns, At safepoint: 27858 ns, Total: 153641 ns
[2020-09-12T12:30:41.261+0000][1][safepoint    ] Safepoint "RevokeBias", Time since last: 443992470 ns, Reaching safepoint: 827887 ns, At safepoint: 32454 ns, Total: 860341 ns
[2020-09-12T12:30:41.264+0000][1][safepoint    ] Safepoint "RevokeBias", Time since last: 1196447 ns, Reaching safepoint: 2216328 ns, At safepoint: 37036 ns, Total: 2253364 ns
[2020-09-12T12:30:41.269+0000][1][safepoint    ] Safepoint "RevokeBias", Time since last: 118212 ns, Reaching safepoint: 4353713 ns, At safepoint: 39300 ns, Total: 4393013 ns
[2020-09-12T12:30:41.273+0000][1][safepoint    ] Safepoint "RevokeBias", Time since last: 1731598 ns, Reaching safepoint: 2804789 ns, At safepoint: 38564 ns, Total: 2843353 ns
[2020-09-12T12:30:41.276+0000][1][safepoint    ] Safepoint "RevokeBias", Time since last: 1659875 ns, Reaching safepoint: 412366 ns, At safepoint: 27557 ns, Total: 439923 ns
[2020-09-12T12:30:41.311+0000][1][safepoint    ] Safepoint "RevokeBias", Time since last: 30141959 ns, Reaching safepoint: 5507053 ns, At safepoint: 38361 ns, Total: 5545414 ns
[2020-09-12T12:30:41.313+0000][1][safepoint    ] Safepoint "RevokeBias", Time since last: 133180 ns, Reaching safepoint: 1480873 ns, At safepoint: 56930 ns, Total: 1537803 ns
[2020-09-12T12:30:41.320+0000][1][safepoint    ] Safepoint "RevokeBias", Time since last: 357575 ns, Reaching safepoint: 6504563 ns, At safepoint: 34237 ns, Total: 6538800 ns
[2020-09-12T12:30:41.321+0000][1][safepoint    ] Safepoint "RevokeBias", Time since last: 295420 ns, Reaching safepoint: 487735 ns, At safepoint: 21450 ns, Total: 509185 ns
[2020-09-12T12:30:41.323+0000][1][safepoint    ] Safepoint "RevokeBias", Time since last: 97068 ns, Reaching safepoint: 1920648 ns, At safepoint: 35072 ns, Total: 1955720 ns
[2020-09-12T12:30:41.329+0000][1][safepoint    ] Safepoint "RevokeBias", Time since last: 2310749 ns, Reaching safepoint: 3812932 ns, At safepoint: 42513 ns, Total: 3855445 ns
[2020-09-12T12:30:41.333+0000][1][safepoint    ] Safepoint "RevokeBias", Time since last: 2228623 ns, Reaching safepoint: 1658570 ns, At safepoint: 272681 ns, Total: 1931251 ns
[2020-09-12T12:30:41.341+0000][1][safepoint    ] Safepoint "BulkRevokeBias", Time since last: 1234164 ns, Reaching safepoint: 669074 ns, At safepoint: 5864726 ns, Total: 6533800 ns
[2020-09-12T12:30:41.347+0000][1][safepoint    ] Safepoint "RevokeBias", Time since last: 5677415 ns, Reaching safepoint: 573563 ns, At safepoint: 31975 ns, Total: 605538 ns
[2020-09-12T12:30:41.434+0000][1][safepoint    ] Safepoint "Deoptimize", Time since last: 85646095 ns, Reaching safepoint: 307889 ns, At safepoint: 777510 ns, Total: 1085399 ns
[2020-09-12T12:30:41.499+0000][1][safepoint    ] Safepoint "RevokeBias", Time since last: 62028441 ns, Reaching safepoint: 2836837 ns, At safepoint: 801285 ns, Total: 3638122 ns
[2020-09-12T12:30:41.519+0000][1][safepoint    ] Safepoint "RevokeBias", Time since last: 16768236 ns, Reaching safepoint: 2356944 ns, At safepoint: 85079 ns, Total: 2442023 ns
[2020-09-12T12:30:41.546+0000][1][safepoint    ] Safepoint "RevokeBias", Time since last: 10766622 ns, Reaching safepoint: 16540493 ns, At safepoint: 60291 ns, Total: 16600784 ns
[2020-09-12T12:30:41.549+0000][1][safepoint    ] Safepoint "RevokeBias", Time since last: 1059568 ns, Reaching safepoint: 2312580 ns, At safepoint: 60283 ns, Total: 2372863 ns
[2020-09-12T12:30:41.550+0000][1][safepoint    ] Safepoint "RevokeBias", Time since last: 379945 ns, Reaching safepoint: 144382 ns, At safepoint: 44531 ns, Total: 188913 ns
[2020-09-12T12:30:41.553+0000][1][safepoint    ] Safepoint "RevokeBias", Time since last: 2274851 ns, Reaching safepoint: 193282 ns, At safepoint: 46465 ns, Total: 239747 ns
[2020-09-12T12:30:41.562+0000][1][safepoint    ] Safepoint "RevokeBias", Time since last: 234863 ns, Reaching safepoint: 8889798 ns, At safepoint: 55896 ns, Total: 8945694 ns
[2020-09-12T12:30:41.566+0000][1][safepoint    ] Safepoint "RevokeBias", Time since last: 355341 ns, Reaching safepoint: 3818353 ns, At safepoint: 56521 ns, Total: 3874874 ns
[2020-09-12T12:30:41.612+0000][1][safepoint    ] Safepoint "RevokeBias", Time since last: 45793067 ns, Reaching safepoint: 193724 ns, At safepoint: 31030 ns, Total: 224754 ns
[2020-09-12T12:30:41.615+0000][1][safepoint    ] Safepoint "RevokeBias", Time since last: 2749217 ns, Reaching safepoint: 170331 ns, At safepoint: 29919 ns, Total: 200250 ns
[2020-09-12T12:30:42.332+0000][1][safepoint    ] Safepoint "RevokeBias", Time since last: 716726335 ns, Reaching safepoint: 815991 ns, At safepoint: 40823 ns, Total: 856814 ns
[2020-09-12T12:30:42.389+0000][1][safepoint    ] Safepoint "RevokeBias", Time since last: 55931539 ns, Reaching safepoint: 107858 ns, At safepoint: 27053 ns, Total: 134911 ns
[2020-09-12T12:30:42.398+0000][1][safepoint    ] Safepoint "RevokeBias", Time since last: 9374319 ns, Reaching safepoint: 104367 ns, At safepoint: 26051 ns, Total: 130418 ns
[2020-09-12T12:30:42.399+0000][1][safepoint    ] Safepoint "RevokeBias", Time since last: 476809 ns, Reaching safepoint: 76344 ns, At safepoint: 18277 ns, Total: 94621 ns
[2020-09-12T12:30:42.401+0000][1][safepoint    ] Safepoint "RevokeBias", Time since last: 2035725 ns, Reaching safepoint: 108914 ns, At safepoint: 27839 ns, Total: 136753 ns
[2020-09-12T12:30:42.418+0000][1][safepoint    ] Safepoint "RevokeBias", Time since last: 17273739 ns, Reaching safepoint: 102780 ns, At safepoint: 23836 ns, Total: 126616 ns
[2020-09-12T12:30:43.013+0000][1][safepoint    ] Safepoint "RevokeBias", Time since last: 594540794 ns, Reaching safepoint: 133737 ns, At safepoint: 31933 ns, Total: 165670 ns
[2020-09-12T12:30:43.042+0000][1][safepoint    ] Safepoint "RevokeBias", Time since last: 28565262 ns, Reaching safepoint: 367284 ns, At safepoint: 34977 ns, Total: 402261 ns
[2020-09-12T12:30:43.057+0000][1][safepoint    ] Safepoint "BulkRevokeBias", Time since last: 14738097 ns, Reaching safepoint: 262793 ns, At safepoint: 364915 ns, Total: 627708 ns
[2020-09-12T12:30:43.151+0000][1][safepoint    ] Safepoint "RevokeBias", Time since last: 87274124 ns, Reaching safepoint: 213900 ns, At safepoint: 5812749 ns, Total: 6026649 ns
[2020-09-12T12:30:43.160+0000][1][safepoint    ] Safepoint "RevokeBias", Time since last: 6320625 ns, Reaching safepoint: 2824686 ns, At safepoint: 36431 ns, Total: 2861117 ns
[2020-09-12T12:30:44.178+0000][1][safepoint    ] Safepoint "Cleanup", Time since last: 1017790260 ns, Reaching safepoint: 156470 ns, At safepoint: 7761 ns, Total: 164231 ns
[2020-09-12T12:30:44.722+0000][1][safepoint    ] Safepoint "RevokeBias", Time since last: 544289496 ns, Reaching safepoint: 132077 ns, At safepoint: 23679 ns, Total: 155756 ns
[2020-09-12T12:30:45.003+0000][1][safepoint    ] Safepoint "RevokeBias", Time since last: 280926108 ns, Reaching safepoint: 197424 ns, At safepoint: 36449 ns, Total: 233873 ns
[2020-09-12T12:30:45.003+0000][1][safepoint    ] Safepoint "RevokeBias", Time since last: 80406 ns, Reaching safepoint: 50284 ns, At safepoint: 33874 ns, Total: 84158 ns
[2020-09-12T12:30:45.032+0000][1][safepoint    ] Safepoint "RevokeBias", Time since last: 28640459 ns, Reaching safepoint: 106871 ns, At safepoint: 38878 ns, Total: 145749 ns
[2020-09-12T12:30:45.132+0000][1][safepoint    ] Safepoint "RevokeBias", Time since last: 97216081 ns, Reaching safepoint: 2443762 ns, At safepoint: 41041 ns, Total: 2484803 ns
[2020-09-12T12:30:45.279+0000][1][safepoint    ] Safepoint "RevokeBias", Time since last: 146621695 ns, Reaching safepoint: 380314 ns, At safepoint: 24896 ns, Total: 405210 ns
[2020-09-12T12:30:45.286+0000][1][safepoint    ] Safepoint "RevokeBias", Time since last: 5708481 ns, Reaching safepoint: 1439690 ns, At safepoint: 38928 ns, Total: 1478618 ns
[2020-09-12T12:30:45.362+0000][1][gc,start     ] GC(42) Pause Young (Allocation Failure)
[2020-09-12T12:30:45.362+0000][1][gc,task      ] GC(42) Using 2 workers of 2 for evacuation
[2020-09-12T12:30:45.457+0000][1][gc,age       ] GC(42) Desired survivor size 8716288 bytes, new threshold 6 (max threshold 6)
[2020-09-12T12:30:45.457+0000][1][gc,age       ] GC(42) Age table with threshold 6 (max threshold 6)
[2020-09-12T12:30:45.457+0000][1][gc,age       ] GC(42) - age   1:    4453984 bytes,    4453984 total
[2020-09-12T12:30:45.457+0000][1][gc,heap      ] GC(42) ParNew: 152540K->8934K(153344K)
[2020-09-12T12:30:45.457+0000][1][gc,heap      ] GC(42) CMS: 145446K->146186K(1926784K)
[2020-09-12T12:30:45.457+0000][1][gc,metaspace ] GC(42) Metaspace: 92624K->92624K(1134592K)
[2020-09-12T12:30:45.457+0000][1][gc           ] GC(42) Pause Young (Allocation Failure) 291M->151M(2031M) 95.474ms
[2020-09-12T12:30:45.458+0000][1][gc,cpu       ] GC(42) User=0.03s Sys=0.00s Real=0.09s
[2020-09-12T12:30:45.458+0000][1][safepoint    ] Safepoint "GenCollectForAllocation", Time since last: 74972234 ns, Reaching safepoint: 870512 ns, At safepoint: 95542394 ns, Total: 96412906 ns
[2020-09-12T12:30:45.495+0000][1][safepoint    ] Safepoint "RevokeBias", Time since last: 30255158 ns, Reaching safepoint: 7184695 ns, At safepoint: 42732 ns, Total: 7227427 ns
[2020-09-12T12:30:45.561+0000][1][safepoint    ] Safepoint "BulkRevokeBias", Time since last: 64407593 ns, Reaching safepoint: 631738 ns, At safepoint: 611243 ns, Total: 1242981 ns
[2020-09-12T12:30:45.577+0000][1][safepoint    ] Safepoint "RevokeBias", Time since last: 14739150 ns, Reaching safepoint: 1402060 ns, At safepoint: 204236 ns, Total: 1606296 ns
[2020-09-12T12:30:45.589+0000][1][safepoint    ] Safepoint "BulkRevokeBias", Time since last: 122249 ns, Reaching safepoint: 2753916 ns, At safepoint: 2046436 ns, Total: 4800352 ns
[2020-09-12T12:30:45.598+0000][1][safepoint    ] Safepoint "RevokeBias", Time since last: 6999732 ns, Reaching safepoint: 8913026 ns, At safepoint: 44529 ns, Total: 8957555 ns
[2020-09-12T12:30:45.601+0000][1][safepoint    ] Safepoint "RevokeBias", Time since last: 456102 ns, Reaching safepoint: 2491681 ns, At safepoint: 47404 ns, Total: 2539085 ns
[2020-09-12T12:30:45.605+0000][1][safepoint    ] Safepoint "RevokeBias", Time since last: 3775924 ns, Reaching safepoint: 306885 ns, At safepoint: 32825 ns, Total: 339710 ns
[2020-09-12T12:30:45.606+0000][1][safepoint    ] Safepoint "RevokeBias", Time since last: 130426 ns, Reaching safepoint: 917491 ns, At safepoint: 42397 ns, Total: 959888 ns
[2020-09-12T12:30:45.615+0000][1][safepoint    ] Safepoint "RevokeBias", Time since last: 7923941 ns, Reaching safepoint: 1207543 ns, At safepoint: 40443 ns, Total: 1247986 ns
[2020-09-12T12:30:45.642+0000][1][safepoint    ] Safepoint "RevokeBias", Time since last: 18098337 ns, Reaching safepoint: 8318588 ns, At safepoint: 39627 ns, Total: 8358215 ns
[2020-09-12T12:30:45.672+0000][1][safepoint    ] Safepoint "RevokeBias", Time since last: 29832489 ns, Reaching safepoint: 328661 ns, At safepoint: 206322 ns, Total: 534983 ns
[2020-09-12T12:30:45.723+0000][1][safepoint    ] Safepoint "RevokeBias", Time since last: 49645805 ns, Reaching safepoint: 1552572 ns, At safepoint: 39789 ns, Total: 1592361 ns
[2020-09-12T12:30:45.726+0000][1][safepoint    ] Safepoint "RevokeBias", Time since last: 289615 ns, Reaching safepoint: 2358134 ns, At safepoint: 42012 ns, Total: 2400146 ns
[2020-09-12T12:30:45.730+0000][1][safepoint    ] Safepoint "RevokeBias", Time since last: 2938733 ns, Reaching safepoint: 628798 ns, At safepoint: 101804 ns, Total: 730602 ns
[2020-09-12T12:30:45.730+0000][1][safepoint    ] Safepoint "RevokeBias", Time since last: 139270 ns, Reaching safepoint: 427362 ns, At safepoint: 24763 ns, Total: 452125 ns
[2020-09-12T12:30:45.757+0000][1][safepoint    ] Safepoint "RevokeBias", Time since last: 23343869 ns, Reaching safepoint: 3335685 ns, At safepoint: 216586 ns, Total: 3552271 ns
[2020-09-12T12:30:45.790+0000][1][safepoint    ] Safepoint "RevokeBias", Time since last: 27515446 ns, Reaching safepoint: 5193469 ns, At safepoint: 36332 ns, Total: 5229801 ns
[2020-09-12T12:30:45.880+0000][1][safepoint    ] Safepoint "RevokeBias", Time since last: 89851780 ns, Reaching safepoint: 249511 ns, At safepoint: 23070 ns, Total: 272581 ns
[2020-09-12T12:30:45.933+0000][1][safepoint    ] Safepoint "RevokeBias", Time since last: 52336878 ns, Reaching safepoint: 111523 ns, At safepoint: 26279 ns, Total: 137802 ns
[2020-09-12T12:30:45.933+0000][1][safepoint    ] Safepoint "RevokeBias", Time since last: 145272 ns, Reaching safepoint: 83901 ns, At safepoint: 41223 ns, Total: 125124 ns
[2020-09-12T12:30:45.933+0000][1][safepoint    ] Safepoint "RevokeBias", Time since last: 79826 ns, Reaching safepoint: 46878 ns, At safepoint: 10442 ns, Total: 57320 ns
[2020-09-12T12:30:45.933+0000][1][safepoint    ] Safepoint "RevokeBias", Time since last: 43158 ns, Reaching safepoint: 43586 ns, At safepoint: 9341 ns, Total: 52927 ns
[2020-09-12T12:30:46.263+0000][1][safepoint    ] Safepoint "RevokeBias", Time since last: 330078969 ns, Reaching safepoint: 212634 ns, At safepoint: 26768 ns, Total: 239402 ns
[2020-09-12T12:30:46.888+0000][1][gc,start     ] GC(43) Pause Young (Allocation Failure)
[2020-09-12T12:30:46.888+0000][1][gc,task      ] GC(43) Using 2 workers of 2 for evacuation
[2020-09-12T12:30:46.929+0000][1][gc,age       ] GC(43) Desired survivor size 8716288 bytes, new threshold 1 (max threshold 6)
[2020-09-12T12:30:46.929+0000][1][gc,age       ] GC(43) Age table with threshold 1 (max threshold 6)
[2020-09-12T12:30:46.929+0000][1][gc,age       ] GC(43) - age   1:   12563272 bytes,   12563272 total
[2020-09-12T12:30:46.929+0000][1][gc,age       ] GC(43) - age   2:    2319792 bytes,   14883064 total
[2020-09-12T12:30:46.929+0000][1][gc,heap      ] GC(43) ParNew: 145050K->15981K(153344K)
[2020-09-12T12:30:46.929+0000][1][gc,heap      ] GC(43) CMS: 146186K->146186K(1926784K)
[2020-09-12T12:30:46.929+0000][1][gc,metaspace ] GC(43) Metaspace: 92793K->92793K(1134592K)
[2020-09-12T12:30:46.929+0000][1][gc           ] GC(43) Pause Young (Allocation Failure) 284M->158M(2031M) 41.258ms
[2020-09-12T12:30:46.929+0000][1][gc,cpu       ] GC(43) User=0.03s Sys=0.00s Real=0.05s
[2020-09-12T12:30:46.929+0000][1][safepoint    ] Safepoint "GenCollectForAllocation", Time since last: 619721426 ns, Reaching safepoint: 4458841 ns, At safepoint: 41330375 ns, Total: 45789216 ns
[2020-09-12T12:30:47.128+0000][1][safepoint    ] Safepoint "RevokeBias", Time since last: 197801434 ns, Reaching safepoint: 1739399 ns, At safepoint: 34022 ns, Total: 1773421 ns
[2020-09-12T12:30:47.615+0000][1][safepoint    ] Safepoint "RevokeBias", Time since last: 486168856 ns, Reaching safepoint: 207832 ns, At safepoint: 32730 ns, Total: 240562 ns
[2020-09-12T12:30:48.615+0000][1][safepoint    ] Safepoint "Cleanup", Time since last: 1000120476 ns, Reaching safepoint: 214061 ns, At safepoint: 10778 ns, Total: 224839 ns
[2020-09-12T12:30:49.512+0000][1][gc,start     ] GC(44) Pause Young (Allocation Failure)
[2020-09-12T12:30:49.512+0000][1][gc,task      ] GC(44) Using 2 workers of 2 for evacuation
[2020-09-12T12:30:49.591+0000][1][gc,age       ] GC(44) Desired survivor size 8716288 bytes, new threshold 1 (max threshold 6)
[2020-09-12T12:30:49.591+0000][1][gc,age       ] GC(44) Age table with threshold 1 (max threshold 6)
[2020-09-12T12:30:49.591+0000][1][gc,age       ] GC(44) - age   1:    9429584 bytes,    9429584 total
[2020-09-12T12:30:49.591+0000][1][gc,heap      ] GC(44) ParNew: 152301K->17024K(153344K)
[2020-09-12T12:30:49.591+0000][1][gc,heap      ] GC(44) CMS: 146186K->152870K(1926784K)
[2020-09-12T12:30:49.591+0000][1][gc,metaspace ] GC(44) Metaspace: 93207K->93207K(1134592K)
[2020-09-12T12:30:49.591+0000][1][gc           ] GC(44) Pause Young (Allocation Failure) 291M->165M(2031M) 79.070ms
[2020-09-12T12:30:49.591+0000][1][gc,cpu       ] GC(44) User=0.04s Sys=0.00s Real=0.08s
[2020-09-12T12:30:49.591+0000][1][safepoint    ] Safepoint "GenCollectForAllocation", Time since last: 890900123 ns, Reaching safepoint: 5962672 ns, At safepoint: 79140986 ns, Total: 85103658 ns
[2020-09-12T12:30:50.597+0000][1][safepoint    ] Safepoint "RevokeBias", Time since last: 1004960527 ns, Reaching safepoint: 995659 ns, At safepoint: 61385 ns, Total: 1057044 ns
[2020-09-12T12:30:50.841+0000][1][safepoint    ] Safepoint "RevokeBias", Time since last: 242778235 ns, Reaching safepoint: 783992 ns, At safepoint: 59519 ns, Total: 843511 ns
[2020-09-12T12:30:51.845+0000][1][safepoint    ] Safepoint "Cleanup", Time since last: 1003149521 ns, Reaching safepoint: 985378 ns, At safepoint: 15340 ns, Total: 1000718 ns
[2020-09-12T12:30:52.396+0000][1][gc,start     ] GC(45) Pause Young (Allocation Failure)
[2020-09-12T12:30:52.396+0000][1][gc,task      ] GC(45) Using 2 workers of 2 for evacuation
[2020-09-12T12:30:52.431+0000][1][gc,age       ] GC(45) Desired survivor size 8716288 bytes, new threshold 6 (max threshold 6)
[2020-09-12T12:30:52.431+0000][1][gc,age       ] GC(45) Age table with threshold 6 (max threshold 6)
[2020-09-12T12:30:52.431+0000][1][gc,age       ] GC(45) - age   1:    6607912 bytes,    6607912 total
[2020-09-12T12:30:52.431+0000][1][gc,heap      ] GC(45) ParNew: 153344K->9453K(153344K)
[2020-09-12T12:30:52.431+0000][1][gc,heap      ] GC(45) CMS: 152870K->161643K(1926784K)
[2020-09-12T12:30:52.431+0000][1][gc,metaspace ] GC(45) Metaspace: 93252K->93252K(1134592K)
[2020-09-12T12:30:52.431+0000][1][gc           ] GC(45) Pause Young (Allocation Failure) 299M->167M(2031M) 35.057ms
[2020-09-12T12:30:52.431+0000][1][gc,cpu       ] GC(45) User=0.03s Sys=0.00s Real=0.04s
[2020-09-12T12:30:52.431+0000][1][safepoint    ] Safepoint "GenCollectForAllocation", Time since last: 550257433 ns, Reaching safepoint: 919423 ns, At safepoint: 35125155 ns, Total: 36044578 ns
[2020-09-12T12:30:52.440+0000][1][safepoint    ] Safepoint "RevokeBias", Time since last: 4596387 ns, Reaching safepoint: 3768420 ns, At safepoint: 57697 ns, Total: 3826117 ns
[2020-09-12T12:30:53.071+0000][1][safepoint    ] Safepoint "RevokeBias", Time since last: 630052617 ns, Reaching safepoint: 1105140 ns, At safepoint: 26679 ns, Total: 1131819 ns
[2020-09-12T12:30:53.073+0000][1][safepoint    ] Safepoint "RevokeBias", Time since last: 1451730 ns, Reaching safepoint: 562760 ns, At safepoint: 25863 ns, Total: 588623 ns
[2020-09-12T12:30:53.079+0000][1][safepoint    ] Safepoint "RevokeBias", Time since last: 5071638 ns, Reaching safepoint: 1265844 ns, At safepoint: 38158 ns, Total: 1304002 ns
[2020-09-12T12:30:53.081+0000][1][safepoint    ] Safepoint "RevokeBias", Time since last: 96193 ns, Reaching safepoint: 1481762 ns, At safepoint: 23373 ns, Total: 1505135 ns
[2020-09-12T12:30:53.090+0000][1][safepoint    ] Safepoint "RevokeBias", Time since last: 3096284 ns, Reaching safepoint: 5871836 ns, At safepoint: 38588 ns, Total: 5910424 ns
[2020-09-12T12:30:53.090+0000][1][safepoint    ] Safepoint "RevokeBias", Time since last: 82436 ns, Reaching safepoint: 161344 ns, At safepoint: 21173 ns, Total: 182517 ns
[2020-09-12T12:30:53.091+0000][1][safepoint    ] Safepoint "RevokeBias", Time since last: 210186 ns, Reaching safepoint: 527412 ns, At safepoint: 33688 ns, Total: 561100 ns
[2020-09-12T12:30:53.109+0000][1][safepoint    ] Safepoint "RevokeBias", Time since last: 17481316 ns, Reaching safepoint: 356169 ns, At safepoint: 30141 ns, Total: 386310 ns
[2020-09-12T12:30:53.111+0000][1][safepoint    ] Safepoint "RevokeBias", Time since last: 1839443 ns, Reaching safepoint: 246232 ns, At safepoint: 27637 ns, Total: 273869 ns
[2020-09-12T12:30:53.117+0000][1][safepoint    ] Safepoint "RevokeBias", Time since last: 1962115 ns, Reaching safepoint: 4299532 ns, At safepoint: 41797 ns, Total: 4341329 ns
[2020-09-12T12:30:53.119+0000][1][safepoint    ] Safepoint "RevokeBias", Time since last: 639958 ns, Reaching safepoint: 719326 ns, At safepoint: 33483 ns, Total: 752809 ns
[2020-09-12T12:30:53.121+0000][1][safepoint    ] Safepoint "RevokeBias", Time since last: 81968 ns, Reaching safepoint: 2097289 ns, At safepoint: 36909 ns, Total: 2134198 ns
[2020-09-12T12:30:53.161+0000][1][safepoint    ] Safepoint "RevokeBias", Time since last: 31866767 ns, Reaching safepoint: 8096092 ns, At safepoint: 40832 ns, Total: 8136924 ns
[2020-09-12T12:30:53.182+0000][1][safepoint    ] Safepoint "RevokeBias", Time since last: 20013701 ns, Reaching safepoint: 1359084 ns, At safepoint: 39473 ns, Total: 1398557 ns
[2020-09-12T12:30:53.188+0000][1][safepoint    ] Safepoint "RevokeBias", Time since last: 3556116 ns, Reaching safepoint: 2115551 ns, At safepoint: 291305 ns, Total: 2406856 ns
[2020-09-12T12:30:53.209+0000][1][safepoint    ] Safepoint "RevokeBias", Time since last: 17983824 ns, Reaching safepoint: 3233080 ns, At safepoint: 37801 ns, Total: 3270881 ns
[2020-09-12T12:30:53.213+0000][1][safepoint    ] Safepoint "RevokeBias", Time since last: 910950 ns, Reaching safepoint: 2416578 ns, At safepoint: 40532 ns, Total: 2457110 ns
[2020-09-12T12:30:54.033+0000][1][safepoint    ] Safepoint "RevokeBias", Time since last: 819838587 ns, Reaching safepoint: 199923 ns, At safepoint: 24805 ns, Total: 224728 ns
[2020-09-12T12:30:54.034+0000][1][safepoint    ] Safepoint "RevokeBias", Time since last: 428883 ns, Reaching safepoint: 214058 ns, At safepoint: 39790 ns, Total: 253848 ns
[2020-09-12T12:30:54.047+0000][1][safepoint    ] Safepoint "RevokeBias", Time since last: 9812032 ns, Reaching safepoint: 3193648 ns, At safepoint: 57914 ns, Total: 3251562 ns
[2020-09-12T12:30:54.048+0000][1][safepoint    ] Safepoint "RevokeBias", Time since last: 1072528 ns, Reaching safepoint: 576054 ns, At safepoint: 55997 ns, Total: 632051 ns
[2020-09-12T12:30:54.713+0000][1][safepoint    ] Safepoint "RevokeBias", Time since last: 655915891 ns, Reaching safepoint: 8770122 ns, At safepoint: 62228 ns, Total: 8832350 ns
[2020-09-12T12:30:55.009+0000][1][safepoint    ] Safepoint "RevokeBias", Time since last: 294195691 ns, Reaching safepoint: 1913981 ns, At safepoint: 42993 ns, Total: 1956974 ns
[2020-09-12T12:30:55.576+0000][1][gc,start     ] GC(46) Pause Young (Allocation Failure)
[2020-09-12T12:30:55.576+0000][1][gc,task      ] GC(46) Using 2 workers of 2 for evacuation
[2020-09-12T12:30:55.639+0000][1][gc,age       ] GC(46) Desired survivor size 8716288 bytes, new threshold 6 (max threshold 6)
[2020-09-12T12:30:55.642+0000][1][gc,age       ] GC(46) Age table with threshold 6 (max threshold 6)
[2020-09-12T12:30:55.642+0000][1][gc,age       ] GC(46) - age   1:    2664896 bytes,    2664896 total
[2020-09-12T12:30:55.642+0000][1][gc,age       ] GC(46) - age   2:    5666528 bytes,    8331424 total
[2020-09-12T12:30:55.642+0000][1][gc,heap      ] GC(46) ParNew: 145759K->9622K(153344K)
[2020-09-12T12:30:55.642+0000][1][gc,heap      ] GC(46) CMS: 161643K->161643K(1926784K)
[2020-09-12T12:30:55.642+0000][1][gc,metaspace ] GC(46) Metaspace: 93366K->93366K(1134592K)
[2020-09-12T12:30:55.642+0000][1][gc           ] GC(46) Pause Young (Allocation Failure) 300M->167M(2031M) 66.317ms
[2020-09-12T12:30:55.642+0000][1][gc,cpu       ] GC(46) User=0.03s Sys=0.00s Real=0.07s
[2020-09-12T12:30:55.642+0000][1][safepoint    ] Safepoint "GenCollectForAllocation", Time since last: 548610285 ns, Reaching safepoint: 17659115 ns, At safepoint: 66391206 ns, Total: 84050321 ns
[2020-09-12T12:30:55.790+0000][1][safepoint    ] Safepoint "RevokeBias", Time since last: 144121915 ns, Reaching safepoint: 3893502 ns, At safepoint: 198038 ns, Total: 4091540 ns
[2020-09-12T12:30:55.793+0000][1][safepoint    ] Safepoint "RevokeBias", Time since last: 2288683 ns, Reaching safepoint: 380860 ns, At safepoint: 174950 ns, Total: 555810 ns
[2020-09-12T12:30:56.793+0000][1][safepoint    ] Safepoint "Cleanup", Time since last: 1000103624 ns, Reaching safepoint: 195130 ns, At safepoint: 9167 ns, Total: 204297 ns
[2020-09-12T12:30:57.976+0000][1][safepoint    ] Safepoint "RevokeBias", Time since last: 1182072079 ns, Reaching safepoint: 267762 ns, At safepoint: 26198 ns, Total: 293960 ns
[2020-09-12T12:30:58.923+0000][1][safepoint    ] Safepoint "RevokeBias", Time since last: 943154486 ns, Reaching safepoint: 3942334 ns, At safepoint: 38574 ns, Total: 3980908 ns
[2020-09-12T12:30:59.136+0000][1][gc,start     ] GC(47) Pause Young (Allocation Failure)
[2020-09-12T12:30:59.136+0000][1][gc,task      ] GC(47) Using 2 workers of 2 for evacuation
[2020-09-12T12:30:59.187+0000][1][gc,age       ] GC(47) Desired survivor size 8716288 bytes, new threshold 3 (max threshold 6)
[2020-09-12T12:30:59.187+0000][1][gc,age       ] GC(47) Age table with threshold 3 (max threshold 6)
[2020-09-12T12:30:59.187+0000][1][gc,age       ] GC(47) - age   1:    7433080 bytes,    7433080 total
[2020-09-12T12:30:59.187+0000][1][gc,age       ] GC(47) - age   2:    1001864 bytes,    8434944 total
[2020-09-12T12:30:59.187+0000][1][gc,age       ] GC(47) - age   3:    5609248 bytes,   14044192 total
[2020-09-12T12:30:59.187+0000][1][gc,heap      ] GC(47) ParNew: 145942K->17024K(153344K)
[2020-09-12T12:30:59.187+0000][1][gc,heap      ] GC(47) CMS: 161643K->161643K(1926784K)
[2020-09-12T12:30:59.187+0000][1][gc,metaspace ] GC(47) Metaspace: 93563K->93563K(1136640K)
[2020-09-12T12:30:59.187+0000][1][gc           ] GC(47) Pause Young (Allocation Failure) 300M->174M(2031M) 51.320ms
[2020-09-12T12:30:59.187+0000][1][gc,cpu       ] GC(47) User=0.04s Sys=0.00s Real=0.05s
[2020-09-12T12:30:59.187+0000][1][safepoint    ] Safepoint "GenCollectForAllocation", Time since last: 212808701 ns, Reaching safepoint: 201646 ns, At safepoint: 51389127 ns, Total: 51590773 ns
[2020-09-12T12:31:00.198+0000][1][safepoint    ] Safepoint "Cleanup", Time since last: 1009512247 ns, Reaching safepoint: 1014184 ns, At safepoint: 15584 ns, Total: 1029768 ns
[2020-09-12T12:31:01.198+0000][1][safepoint    ] Safepoint "Cleanup", Time since last: 1000117762 ns, Reaching safepoint: 619487 ns, At safepoint: 8837 ns, Total: 628324 ns
[2020-09-12T12:31:01.383+0000][1][safepoint    ] Safepoint "RevokeBias", Time since last: 183331180 ns, Reaching safepoint: 1147778 ns, At safepoint: 34457 ns, Total: 1182235 ns
[2020-09-12T12:31:02.205+0000][1][gc,start     ] GC(48) Pause Young (Allocation Failure)
[2020-09-12T12:31:02.205+0000][1][gc,task      ] GC(48) Using 2 workers of 2 for evacuation
[2020-09-12T12:31:02.265+0000][1][gc,age       ] GC(48) Desired survivor size 8716288 bytes, new threshold 2 (max threshold 6)
[2020-09-12T12:31:02.265+0000][1][gc,age       ] GC(48) Age table with threshold 2 (max threshold 6)
[2020-09-12T12:31:02.265+0000][1][gc,age       ] GC(48) - age   1:    5470880 bytes,    5470880 total
[2020-09-12T12:31:02.265+0000][1][gc,age       ] GC(48) - age   2:    5447544 bytes,   10918424 total
[2020-09-12T12:31:02.265+0000][1][gc,age       ] GC(48) - age   3:     949752 bytes,   11868176 total
[2020-09-12T12:31:02.265+0000][1][gc,heap      ] GC(48) ParNew: 153344K->17024K(153344K)
[2020-09-12T12:31:02.265+0000][1][gc,heap      ] GC(48) CMS: 161643K->167113K(1926784K)
[2020-09-12T12:31:02.265+0000][1][gc,metaspace ] GC(48) Metaspace: 93628K->93628K(1136640K)
[2020-09-12T12:31:02.265+0000][1][gc           ] GC(48) Pause Young (Allocation Failure) 307M->179M(2031M) 59.756ms
[2020-09-12T12:31:02.265+0000][1][gc,cpu       ] GC(48) User=0.02s Sys=0.00s Real=0.06s
[2020-09-12T12:31:02.265+0000][1][safepoint    ] Safepoint "GenCollectForAllocation", Time since last: 822088656 ns, Reaching safepoint: 123452 ns, At safepoint: 59831229 ns, Total: 59954681 ns
[2020-09-12T12:31:03.036+0000][1][safepoint    ] Safepoint "RevokeBias", Time since last: 770503545 ns, Reaching safepoint: 376065 ns, At safepoint: 25939 ns, Total: 402004 ns
[2020-09-12T12:31:03.301+0000][1][safepoint    ] Safepoint "RevokeBias", Time since last: 256733059 ns, Reaching safepoint: 8550778 ns, At safepoint: 41750 ns, Total: 8592528 ns
[2020-09-12T12:31:03.305+0000][1][safepoint    ] Safepoint "RevokeBias", Time since last: 2064371 ns, Reaching safepoint: 1481923 ns, At safepoint: 38970 ns, Total: 1520893 ns
[2020-09-12T12:31:03.307+0000][1][safepoint    ] Safepoint "RevokeBias", Time since last: 1260533 ns, Reaching safepoint: 370586 ns, At safepoint: 29542 ns, Total: 400128 ns
[2020-09-12T12:31:03.315+0000][1][safepoint    ] Safepoint "RevokeBias", Time since last: 6032726 ns, Reaching safepoint: 2193674 ns, At safepoint: 208758 ns, Total: 2402432 ns
[2020-09-12T12:31:03.392+0000][1][safepoint    ] Safepoint "RevokeBias", Time since last: 68719711 ns, Reaching safepoint: 8521219 ns, At safepoint: 31174 ns, Total: 8552393 ns
[2020-09-12T12:31:04.398+0000][1][safepoint    ] Safepoint "Cleanup", Time since last: 1000103548 ns, Reaching safepoint: 6130256 ns, At safepoint: 28565 ns, Total: 6158821 ns
[2020-09-12T12:31:04.589+0000][1][gc,start     ] GC(49) Pause Young (Allocation Failure)
[2020-09-12T12:31:04.590+0000][1][gc,task      ] GC(49) Using 2 workers of 2 for evacuation
[2020-09-12T12:31:04.640+0000][1][gc,age       ] GC(49) Desired survivor size 8716288 bytes, new threshold 6 (max threshold 6)
[2020-09-12T12:31:04.640+0000][1][gc,age       ] GC(49) Age table with threshold 6 (max threshold 6)
[2020-09-12T12:31:04.640+0000][1][gc,age       ] GC(49) - age   1:    4079168 bytes,    4079168 total
[2020-09-12T12:31:04.640+0000][1][gc,age       ] GC(49) - age   2:    2962760 bytes,    7041928 total
[2020-09-12T12:31:04.640+0000][1][gc,heap      ] GC(49) ParNew: 153344K->11745K(153344K)
[2020-09-12T12:31:04.640+0000][1][gc,heap      ] GC(49) CMS: 167113K->173256K(1926784K)
[2020-09-12T12:31:04.640+0000][1][gc,metaspace ] GC(49) Metaspace: 93685K->93685K(1136640K)
[2020-09-12T12:31:04.640+0000][1][gc           ] GC(49) Pause Young (Allocation Failure) 312M->180M(2031M) 50.138ms
[2020-09-12T12:31:04.640+0000][1][gc,cpu       ] GC(49) User=0.02s Sys=0.00s Real=0.04s
[2020-09-12T12:31:04.640+0000][1][safepoint    ] Safepoint "GenCollectForAllocation", Time since last: 176392270 ns, Reaching safepoint: 14583801 ns, At safepoint: 50212643 ns, Total: 64796444 ns
[2020-09-12T12:31:04.979+0000][1][safepoint    ] Safepoint "RevokeBias", Time since last: 339111964 ns, Reaching safepoint: 150026 ns, At safepoint: 24967 ns, Total: 174993 ns
[2020-09-12T12:31:04.996+0000][1][safepoint    ] Safepoint "RevokeBias", Time since last: 9608901 ns, Reaching safepoint: 7272433 ns, At safepoint: 40875 ns, Total: 7313308 ns
[2020-09-12T12:31:04.997+0000][1][safepoint    ] Safepoint "RevokeBias", Time since last: 269854 ns, Reaching safepoint: 744611 ns, At safepoint: 26206 ns, Total: 770817 ns
[2020-09-12T12:31:06.001+0000][1][safepoint    ] Safepoint "Cleanup", Time since last: 1001815846 ns, Reaching safepoint: 2071476 ns, At safepoint: 20403 ns, Total: 2091879 ns
[2020-09-12T12:31:07.014+0000][1][safepoint    ] Safepoint "Cleanup", Time since last: 1008770597 ns, Reaching safepoint: 4211811 ns, At safepoint: 22102 ns, Total: 4233913 ns
[2020-09-12T12:31:07.237+0000][1][gc,start     ] GC(50) Pause Young (Allocation Failure)
[2020-09-12T12:31:07.237+0000][1][gc,task      ] GC(50) Using 2 workers of 2 for evacuation
[2020-09-12T12:31:07.296+0000][1][gc,age       ] GC(50) Desired survivor size 8716288 bytes, new threshold 6 (max threshold 6)
[2020-09-12T12:31:07.297+0000][1][gc,age       ] GC(50) Age table with threshold 6 (max threshold 6)
[2020-09-12T12:31:07.297+0000][1][gc,age       ] GC(50) - age   1:    4429624 bytes,    4429624 total
[2020-09-12T12:31:07.297+0000][1][gc,age       ] GC(50) - age   2:     914120 bytes,    5343744 total
[2020-09-12T12:31:07.297+0000][1][gc,age       ] GC(50) - age   3:    2949760 bytes,    8293504 total
[2020-09-12T12:31:07.297+0000][1][gc,heap      ] GC(50) ParNew: 148065K->11030K(153344K)
[2020-09-12T12:31:07.297+0000][1][gc,heap      ] GC(50) CMS: 173256K->173256K(1926784K)
[2020-09-12T12:31:07.297+0000][1][gc,metaspace ] GC(50) Metaspace: 93765K->93765K(1136640K)
[2020-09-12T12:31:07.297+0000][1][gc           ] GC(50) Pause Young (Allocation Failure) 313M->179M(2031M) 59.866ms
[2020-09-12T12:31:07.297+0000][1][gc,cpu       ] GC(50) User=0.03s Sys=0.00s Real=0.06s
[2020-09-12T12:31:07.297+0000][1][safepoint    ] Safepoint "GenCollectForAllocation", Time since last: 222852439 ns, Reaching safepoint: 111139 ns, At safepoint: 59931820 ns, Total: 60042959 ns
[2020-09-12T12:31:08.304+0000][1][safepoint    ] Safepoint "Cleanup", Time since last: 1002568418 ns, Reaching safepoint: 4437824 ns, At safepoint: 26584 ns, Total: 4464408 ns
[2020-09-12T12:31:09.304+0000][1][safepoint    ] Safepoint "Cleanup", Time since last: 1000134836 ns, Reaching safepoint: 206193 ns, At safepoint: 9246 ns, Total: 215439 ns
[2020-09-12T12:31:09.727+0000][1][gc,start     ] GC(51) Pause Young (Allocation Failure)
[2020-09-12T12:31:09.727+0000][1][gc,task      ] GC(51) Using 2 workers of 2 for evacuation
[2020-09-12T12:31:09.745+0000][1][gc,age       ] GC(51) Desired survivor size 8716288 bytes, new threshold 4 (max threshold 6)
[2020-09-12T12:31:09.745+0000][1][gc,age       ] GC(51) Age table with threshold 4 (max threshold 6)
[2020-09-12T12:31:09.745+0000][1][gc,age       ] GC(51) - age   1:    5009344 bytes,    5009344 total
[2020-09-12T12:31:09.745+0000][1][gc,age       ] GC(51) - age   2:     971152 bytes,    5980496 total
[2020-09-12T12:31:09.745+0000][1][gc,age       ] GC(51) - age   3:     912688 bytes,    6893184 total
[2020-09-12T12:31:09.745+0000][1][gc,age       ] GC(51) - age   4:    2949432 bytes,    9842616 total
[2020-09-12T12:31:09.745+0000][1][gc,heap      ] GC(51) ParNew: 147350K->11179K(153344K)
[2020-09-12T12:31:09.745+0000][1][gc,heap      ] GC(51) CMS: 173256K->173256K(1926784K)
[2020-09-12T12:31:09.745+0000][1][gc,metaspace ] GC(51) Metaspace: 93828K->93828K(1136640K)
[2020-09-12T12:31:09.745+0000][1][gc           ] GC(51) Pause Young (Allocation Failure) 313M->180M(2031M) 18.304ms
[2020-09-12T12:31:09.745+0000][1][gc,cpu       ] GC(51) User=0.02s Sys=0.00s Real=0.02s
[2020-09-12T12:31:09.745+0000][1][safepoint    ] Safepoint "GenCollectForAllocation", Time since last: 420670012 ns, Reaching safepoint: 1995688 ns, At safepoint: 18370126 ns, Total: 20365814 ns
[2020-09-12T12:31:10.430+0000][1][safepoint    ] Safepoint "Deoptimize", Time since last: 677216818 ns, Reaching safepoint: 6448322 ns, At safepoint: 949200 ns, Total: 7397522 ns
[2020-09-12T12:31:10.566+0000][1][safepoint    ] Safepoint "ICBufferFull", Time since last: 133136914 ns, Reaching safepoint: 3275839 ns, At safepoint: 24871 ns, Total: 3300710 ns
[2020-09-12T12:31:11.607+0000][1][safepoint    ] Safepoint "Cleanup", Time since last: 1040454673 ns, Reaching safepoint: 177231 ns, At safepoint: 10408 ns, Total: 187639 ns
[2020-09-12T12:31:11.741+0000][1][safepoint    ] Safepoint "RevokeBias", Time since last: 133914119 ns, Reaching safepoint: 106150 ns, At safepoint: 24355 ns, Total: 130505 ns
[2020-09-12T12:31:11.752+0000][1][safepoint    ] Safepoint "RevokeBias", Time since last: 11073832 ns, Reaching safepoint: 174641 ns, At safepoint: 79380 ns, Total: 254021 ns
[2020-09-12T12:31:11.756+0000][1][safepoint    ] Safepoint "RevokeBias", Time since last: 3146679 ns, Reaching safepoint: 97729 ns, At safepoint: 51276 ns, Total: 149005 ns
[2020-09-12T12:31:11.756+0000][1][safepoint    ] Safepoint "RevokeBias", Time since last: 78331 ns, Reaching safepoint: 173797 ns, At safepoint: 57154 ns, Total: 230951 ns
[2020-09-12T12:31:11.756+0000][1][safepoint    ] Safepoint "RevokeBias", Time since last: 80094 ns, Reaching safepoint: 150079 ns, At safepoint: 46120 ns, Total: 196199 ns
[2020-09-12T12:31:11.758+0000][1][safepoint    ] Safepoint "RevokeBias", Time since last: 1745220 ns, Reaching safepoint: 156305 ns, At safepoint: 47036 ns, Total: 203341 ns
[2020-09-12T12:31:11.766+0000][1][safepoint    ] Safepoint "RevokeBias", Time since last: 7554587 ns, Reaching safepoint: 178295 ns, At safepoint: 39735 ns, Total: 218030 ns
[2020-09-12T12:31:11.921+0000][1][safepoint    ] Safepoint "RevokeBias", Time since last: 155389053 ns, Reaching safepoint: 129912 ns, At safepoint: 29357 ns, Total: 159269 ns
[2020-09-12T12:31:11.954+0000][1][gc,start     ] GC(52) Pause Young (Allocation Failure)
[2020-09-12T12:31:11.955+0000][1][gc,task      ] GC(52) Using 2 workers of 2 for evacuation
[2020-09-12T12:31:11.978+0000][1][gc,age       ] GC(52) Desired survivor size 8716288 bytes, new threshold 6 (max threshold 6)
[2020-09-12T12:31:11.978+0000][1][gc,age       ] GC(52) Age table with threshold 6 (max threshold 6)
[2020-09-12T12:31:11.978+0000][1][gc,age       ] GC(52) - age   1:    1515784 bytes,    1515784 total
[2020-09-12T12:31:11.978+0000][1][gc,age       ] GC(52) - age   2:    4980232 bytes,    6496016 total
[2020-09-12T12:31:11.978+0000][1][gc,age       ] GC(52) - age   3:     959720 bytes,    7455736 total
[2020-09-12T12:31:11.978+0000][1][gc,age       ] GC(52) - age   4:     912488 bytes,    8368224 total
[2020-09-12T12:31:11.978+0000][1][gc,heap      ] GC(52) ParNew: 147499K->13608K(153344K)
[2020-09-12T12:31:11.978+0000][1][gc,heap      ] GC(52) CMS: 173256K->176137K(1926784K)
[2020-09-12T12:31:11.978+0000][1][gc,metaspace ] GC(52) Metaspace: 94197K->94197K(1136640K)
[2020-09-12T12:31:11.978+0000][1][gc           ] GC(52) Pause Young (Allocation Failure) 313M->185M(2031M) 23.399ms
[2020-09-12T12:31:11.978+0000][1][gc,cpu       ] GC(52) User=0.04s Sys=0.00s Real=0.02s
[2020-09-12T12:31:11.978+0000][1][safepoint    ] Safepoint "GenCollectForAllocation", Time since last: 32950902 ns, Reaching safepoint: 117701 ns, At safepoint: 23468248 ns, Total: 23585949 ns
[2020-09-12T12:31:12.037+0000][1][safepoint    ] Safepoint "RevokeBias", Time since last: 58550764 ns, Reaching safepoint: 107197 ns, At safepoint: 22184 ns, Total: 129381 ns
[2020-09-12T12:31:12.040+0000][1][safepoint    ] Safepoint "RevokeBias", Time since last: 3498837 ns, Reaching safepoint: 96464 ns, At safepoint: 23713 ns, Total: 120177 ns
[2020-09-12T12:31:12.040+0000][1][safepoint    ] Safepoint "RevokeBias", Time since last: 212703 ns, Reaching safepoint: 55709 ns, At safepoint: 14135 ns, Total: 69844 ns
[2020-09-12T12:31:12.041+0000][1][safepoint    ] Safepoint "RevokeBias", Time since last: 41716 ns, Reaching safepoint: 42404 ns, At safepoint: 13243 ns, Total: 55647 ns
[2020-09-12T12:31:12.041+0000][1][safepoint    ] Safepoint "RevokeBias", Time since last: 32445 ns, Reaching safepoint: 76840 ns, At safepoint: 12590 ns, Total: 89430 ns
[2020-09-12T12:31:12.041+0000][1][safepoint    ] Safepoint "RevokeBias", Time since last: 32256 ns, Reaching safepoint: 41341 ns, At safepoint: 11635 ns, Total: 52976 ns
[2020-09-12T12:31:12.041+0000][1][safepoint    ] Safepoint "BulkRevokeBias", Time since last: 29735 ns, Reaching safepoint: 40578 ns, At safepoint: 316008 ns, Total: 356586 ns
[2020-09-12T12:31:12.041+0000][1][safepoint    ] Safepoint "RevokeBias", Time since last: 110334 ns, Reaching safepoint: 105746 ns, At safepoint: 17212 ns, Total: 122958 ns
[2020-09-12T12:31:12.042+0000][1][safepoint    ] Safepoint "RevokeBias", Time since last: 699137 ns, Reaching safepoint: 66871 ns, At safepoint: 19391 ns, Total: 86262 ns
[2020-09-12T12:31:12.046+0000][1][safepoint    ] Safepoint "RevokeBias", Time since last: 3074850 ns, Reaching safepoint: 180605 ns, At safepoint: 56505 ns, Total: 237110 ns
[2020-09-12T12:31:12.048+0000][1][safepoint    ] Safepoint "RevokeBias", Time since last: 2039775 ns, Reaching safepoint: 143897 ns, At safepoint: 21681 ns, Total: 165578 ns
[2020-09-12T12:31:12.048+0000][1][safepoint    ] Safepoint "RevokeBias", Time since last: 55938 ns, Reaching safepoint: 40580 ns, At safepoint: 12215 ns, Total: 52795 ns
[2020-09-12T12:31:12.048+0000][1][safepoint    ] Safepoint "RevokeBias", Time since last: 31722 ns, Reaching safepoint: 38961 ns, At safepoint: 11349 ns, Total: 50310 ns
[2020-09-12T12:31:12.048+0000][1][safepoint    ] Safepoint "RevokeBias", Time since last: 30479 ns, Reaching safepoint: 38476 ns, At safepoint: 11232 ns, Total: 49708 ns
[2020-09-12T12:31:12.048+0000][1][safepoint    ] Safepoint "RevokeBias", Time since last: 29528 ns, Reaching safepoint: 38539 ns, At safepoint: 11179 ns, Total: 49718 ns
[2020-09-12T12:31:12.048+0000][1][safepoint    ] Safepoint "RevokeBias", Time since last: 29260 ns, Reaching safepoint: 38630 ns, At safepoint: 11227 ns, Total: 49857 ns
[2020-09-12T12:31:12.048+0000][1][safepoint    ] Safepoint "RevokeBias", Time since last: 29572 ns, Reaching safepoint: 38457 ns, At safepoint: 20080 ns, Total: 58537 ns
[2020-09-12T12:31:12.048+0000][1][safepoint    ] Safepoint "RevokeBias", Time since last: 25405 ns, Reaching safepoint: 38537 ns, At safepoint: 19541 ns, Total: 58078 ns
[2020-09-12T12:31:12.048+0000][1][safepoint    ] Safepoint "RevokeBias", Time since last: 24725 ns, Reaching safepoint: 38764 ns, At safepoint: 19498 ns, Total: 58262 ns
[2020-09-12T12:31:13.049+0000][1][safepoint    ] Safepoint "Cleanup", Time since last: 1000763565 ns, Reaching safepoint: 131902 ns, At safepoint: 9037 ns, Total: 140939 ns
[2020-09-12T12:31:13.451+0000][1][safepoint    ] Safepoint "RevokeBias", Time since last: 401398456 ns, Reaching safepoint: 272447 ns, At safepoint: 31558 ns, Total: 304005 ns
[2020-09-12T12:31:13.451+0000][1][safepoint    ] Safepoint "RevokeBias", Time since last: 155059 ns, Reaching safepoint: 197266 ns, At safepoint: 22813 ns, Total: 220079 ns
[2020-09-12T12:31:13.452+0000][1][safepoint    ] Safepoint "RevokeBias", Time since last: 111907 ns, Reaching safepoint: 158543 ns, At safepoint: 19438 ns, Total: 177981 ns
[2020-09-12T12:31:13.452+0000][1][safepoint    ] Safepoint "RevokeBias", Time since last: 73996 ns, Reaching safepoint: 158886 ns, At safepoint: 17953 ns, Total: 176839 ns
[2020-09-12T12:31:13.458+0000][1][safepoint    ] Safepoint "RevokeBias", Time since last: 4464798 ns, Reaching safepoint: 1765230 ns, At safepoint: 33512 ns, Total: 1798742 ns
[2020-09-12T12:31:14.091+0000][1][safepoint    ] Safepoint "RevokeBias", Time since last: 632417390 ns, Reaching safepoint: 300480 ns, At safepoint: 24087 ns, Total: 324567 ns
[2020-09-12T12:31:14.798+0000][1][safepoint    ] Safepoint "RevokeBias", Time since last: 707076322 ns, Reaching safepoint: 130844 ns, At safepoint: 33381 ns, Total: 164225 ns
[2020-09-12T12:31:15.525+0000][1][safepoint    ] Safepoint "RevokeBias", Time since last: 726749524 ns, Reaching safepoint: 209347 ns, At safepoint: 26198 ns, Total: 235545 ns
[2020-09-12T12:31:16.124+0000][1][safepoint    ] Safepoint "RevokeBias", Time since last: 598472461 ns, Reaching safepoint: 163812 ns, At safepoint: 53478 ns, Total: 217290 ns
[2020-09-12T12:31:17.124+0000][1][safepoint    ] Safepoint "Cleanup", Time since last: 1000152925 ns, Reaching safepoint: 120700 ns, At safepoint: 12324 ns, Total: 133024 ns
[2020-09-12T12:31:18.125+0000][1][safepoint    ] Safepoint "Cleanup", Time since last: 1000155751 ns, Reaching safepoint: 250816 ns, At safepoint: 40199 ns, Total: 291015 ns
[2020-09-12T12:31:19.125+0000][1][safepoint    ] Safepoint "Cleanup", Time since last: 1000304110 ns, Reaching safepoint: 139380 ns, At safepoint: 17452 ns, Total: 156832 ns
[2020-09-12T12:31:20.125+0000][1][safepoint    ] Safepoint "Cleanup", Time since last: 1000159877 ns, Reaching safepoint: 152932 ns, At safepoint: 13088 ns, Total: 166020 ns
[2020-09-12T12:31:21.126+0000][1][safepoint    ] Safepoint "Cleanup", Time since last: 1000169886 ns, Reaching safepoint: 237976 ns, At safepoint: 37616 ns, Total: 275592 ns
[2020-09-12T12:31:22.126+0000][1][safepoint    ] Safepoint "Cleanup", Time since last: 1000186972 ns, Reaching safepoint: 122166 ns, At safepoint: 12930 ns, Total: 135096 ns
[2020-09-12T12:31:23.126+0000][1][safepoint    ] Safepoint "Cleanup", Time since last: 1000158774 ns, Reaching safepoint: 173627 ns, At safepoint: 16734 ns, Total: 190361 ns
[2020-09-12T12:31:23.467+0000][1][safepoint    ] Safepoint "RevokeBias", Time since last: 340183394 ns, Reaching safepoint: 204713 ns, At safepoint: 145999 ns, Total: 350712 ns
[2020-09-12T12:31:24.336+0000][1][gc,start     ] GC(53) Pause Young (Allocation Failure)
[2020-09-12T12:31:24.337+0000][1][gc,task      ] GC(53) Using 2 workers of 2 for evacuation
[2020-09-12T12:31:24.355+0000][1][gc,age       ] GC(53) Desired survivor size 8716288 bytes, new threshold 3 (max threshold 6)
[2020-09-12T12:31:24.355+0000][1][gc,age       ] GC(53) Age table with threshold 3 (max threshold 6)
[2020-09-12T12:31:24.355+0000][1][gc,age       ] GC(53) - age   1:    5090784 bytes,    5090784 total
[2020-09-12T12:31:24.355+0000][1][gc,age       ] GC(53) - age   2:    1455840 bytes,    6546624 total
[2020-09-12T12:31:24.355+0000][1][gc,age       ] GC(53) - age   3:    4964680 bytes,   11511304 total
[2020-09-12T12:31:24.355+0000][1][gc,age       ] GC(53) - age   4:     934256 bytes,   12445560 total
[2020-09-12T12:31:24.355+0000][1][gc,age       ] GC(53) - age   5:     889456 bytes,   13335016 total
[2020-09-12T12:31:24.355+0000][1][gc,heap      ] GC(53) ParNew: 149899K->17024K(153344K)
[2020-09-12T12:31:24.355+0000][1][gc,heap      ] GC(53) CMS: 176137K->176137K(1926784K)
[2020-09-12T12:31:24.355+0000][1][gc,metaspace ] GC(53) Metaspace: 94390K->94390K(1136640K)
[2020-09-12T12:31:24.355+0000][1][gc           ] GC(53) Pause Young (Allocation Failure) 318M->188M(2031M) 18.803ms
[2020-09-12T12:31:24.355+0000][1][gc,cpu       ] GC(53) User=0.04s Sys=0.00s Real=0.02s
[2020-09-12T12:31:24.355+0000][1][safepoint    ] Safepoint "GenCollectForAllocation", Time since last: 869104757 ns, Reaching safepoint: 263531 ns, At safepoint: 18893153 ns, Total: 19156684 ns
[2020-09-12T12:31:24.383+0000][1][safepoint    ] Safepoint "RevokeBias", Time since last: 27091159 ns, Reaching safepoint: 215254 ns, At safepoint: 31174 ns, Total: 246428 ns
[2020-09-12T12:31:25.383+0000][1][safepoint    ] Safepoint "Cleanup", Time since last: 1000154955 ns, Reaching safepoint: 155640 ns, At safepoint: 12772 ns, Total: 168412 ns
[2020-09-12T12:31:26.383+0000][1][safepoint    ] Safepoint "Cleanup", Time since last: 1000159053 ns, Reaching safepoint: 366701 ns, At safepoint: 29805 ns, Total: 396506 ns
[2020-09-12T12:31:27.384+0000][1][safepoint    ] Safepoint "Cleanup", Time since last: 1000190155 ns, Reaching safepoint: 225838 ns, At safepoint: 28863 ns, Total: 254701 ns
[2020-09-12T12:31:28.384+0000][1][safepoint    ] Safepoint "Cleanup", Time since last: 1000158056 ns, Reaching safepoint: 106518 ns, At safepoint: 9977 ns, Total: 116495 ns
[2020-09-12T12:31:29.385+0000][1][safepoint    ] Safepoint "Cleanup", Time since last: 1000182821 ns, Reaching safepoint: 216560 ns, At safepoint: 25288 ns, Total: 241848 ns
[2020-09-12T12:31:30.385+0000][1][safepoint    ] Safepoint "Cleanup", Time since last: 1000285789 ns, Reaching safepoint: 142196 ns, At safepoint: 12563 ns, Total: 154759 ns
[2020-09-12T12:31:31.385+0000][1][safepoint    ] Safepoint "Cleanup", Time since last: 1000153032 ns, Reaching safepoint: 238374 ns, At safepoint: 27332 ns, Total: 265706 ns
[2020-09-12T12:31:32.148+0000][1][safepoint    ] Safepoint "RevokeBias", Time since last: 761875758 ns, Reaching safepoint: 141302 ns, At safepoint: 30006 ns, Total: 171308 ns
[2020-09-12T12:31:33.148+0000][1][safepoint    ] Safepoint "Cleanup", Time since last: 1000533614 ns, Reaching safepoint: 134563 ns, At safepoint: 11914 ns, Total: 146477 ns
[2020-09-12T12:31:34.151+0000][1][safepoint    ] Safepoint "Cleanup", Time since last: 1000120343 ns, Reaching safepoint: 2297476 ns, At safepoint: 21008 ns, Total: 2318484 ns
[2020-09-12T12:31:35.151+0000][1][safepoint    ] Safepoint "Cleanup", Time since last: 1000167552 ns, Reaching safepoint: 166183 ns, At safepoint: 13866 ns, Total: 180049 ns
[2020-09-12T12:31:36.151+0000][1][safepoint    ] Safepoint "Cleanup", Time since last: 1000283631 ns, Reaching safepoint: 163201 ns, At safepoint: 15601 ns, Total: 178802 ns
[2020-09-12T12:31:37.152+0000][1][safepoint    ] Safepoint "Cleanup", Time since last: 1000144098 ns, Reaching safepoint: 128688 ns, At safepoint: 11844 ns, Total: 140532 ns
[2020-09-12T12:31:37.638+0000][1][safepoint    ] Safepoint "RevokeBias", Time since last: 486122074 ns, Reaching safepoint: 199389 ns, At safepoint: 26793 ns, Total: 226182 ns
[2020-09-12T12:31:38.638+0000][1][safepoint    ] Safepoint "Cleanup", Time since last: 1000186702 ns, Reaching safepoint: 136312 ns, At safepoint: 12820 ns, Total: 149132 ns
[2020-09-12T12:31:39.640+0000][1][safepoint    ] Safepoint "Cleanup", Time since last: 1000868437 ns, Reaching safepoint: 197195 ns, At safepoint: 15635 ns, Total: 212830 ns
[2020-09-12T12:31:40.640+0000][1][safepoint    ] Safepoint "Cleanup", Time since last: 1000130447 ns, Reaching safepoint: 180838 ns, At safepoint: 10519 ns, Total: 191357 ns
[2020-09-12T12:31:41.640+0000][1][safepoint    ] Safepoint "Cleanup", Time since last: 1000161474 ns, Reaching safepoint: 151420 ns, At safepoint: 12566 ns, Total: 163986 ns
[2020-09-12T12:31:42.641+0000][1][safepoint    ] Safepoint "Cleanup", Time since last: 1000192334 ns, Reaching safepoint: 155140 ns, At safepoint: 16010 ns, Total: 171150 ns
[2020-09-12T12:31:43.641+0000][1][safepoint    ] Safepoint "Cleanup", Time since last: 1000193902 ns, Reaching safepoint: 230569 ns, At safepoint: 26678 ns, Total: 257247 ns
[2020-09-12T12:31:44.641+0000][1][safepoint    ] Safepoint "Cleanup", Time since last: 1000187997 ns, Reaching safepoint: 177460 ns, At safepoint: 13918 ns, Total: 191378 ns
[2020-09-12T12:31:45.642+0000][1][safepoint    ] Safepoint "Cleanup", Time since last: 1000152128 ns, Reaching safepoint: 170542 ns, At safepoint: 12854 ns, Total: 183396 ns
[2020-09-12T12:31:46.955+0000][1][safepoint    ] Safepoint "Cleanup", Time since last: 1312495858 ns, Reaching safepoint: 324285 ns, At safepoint: 49888 ns, Total: 374173 ns
[2020-09-12T12:31:47.955+0000][1][safepoint    ] Safepoint "Cleanup", Time since last: 1000189873 ns, Reaching safepoint: 132022 ns, At safepoint: 8607 ns, Total: 140629 ns
[2020-09-12T12:31:48.955+0000][1][safepoint    ] Safepoint "Cleanup", Time since last: 1000145269 ns, Reaching safepoint: 221599 ns, At safepoint: 27978 ns, Total: 249577 ns
[2020-09-12T12:31:49.956+0000][1][safepoint    ] Safepoint "Cleanup", Time since last: 1000247684 ns, Reaching safepoint: 124115 ns, At safepoint: 13241 ns, Total: 137356 ns
[2020-09-12T12:31:50.956+0000][1][safepoint    ] Safepoint "Cleanup", Time since last: 1000189522 ns, Reaching safepoint: 141480 ns, At safepoint: 13847 ns, Total: 155327 ns
[2020-09-12T12:31:51.956+0000][1][safepoint    ] Safepoint "Cleanup", Time since last: 1000155034 ns, Reaching safepoint: 157155 ns, At safepoint: 10921 ns, Total: 168076 ns
[2020-09-12T12:31:52.957+0000][1][safepoint    ] Safepoint "Cleanup", Time since last: 1000151427 ns, Reaching safepoint: 124842 ns, At safepoint: 14073 ns, Total: 138915 ns
[2020-09-12T12:31:53.957+0000][1][safepoint    ] Safepoint "Cleanup", Time since last: 1000139928 ns, Reaching safepoint: 175275 ns, At safepoint: 16355 ns, Total: 191630 ns
[2020-09-12T12:31:54.957+0000][1][safepoint    ] Safepoint "Cleanup", Time since last: 1000138981 ns, Reaching safepoint: 125344 ns, At safepoint: 12854 ns, Total: 138198 ns
[2020-09-12T12:31:55.958+0000][1][safepoint    ] Safepoint "Cleanup", Time since last: 1000153316 ns, Reaching safepoint: 165804 ns, At safepoint: 9601 ns, Total: 175405 ns
[2020-09-12T12:31:56.958+0000][1][safepoint    ] Safepoint "Cleanup", Time since last: 1000120480 ns, Reaching safepoint: 115834 ns, At safepoint: 9587 ns, Total: 125421 ns
[2020-09-12T12:31:57.958+0000][1][safepoint    ] Safepoint "Cleanup", Time since last: 1000162015 ns, Reaching safepoint: 151986 ns, At safepoint: 9578 ns, Total: 161564 ns
[2020-09-12T12:31:58.958+0000][1][safepoint    ] Safepoint "Cleanup", Time since last: 1000166084 ns, Reaching safepoint: 156844 ns, At safepoint: 13151 ns, Total: 169995 ns
[2020-09-12T12:31:59.959+0000][1][safepoint    ] Safepoint "Cleanup", Time since last: 1000155756 ns, Reaching safepoint: 162729 ns, At safepoint: 10687 ns, Total: 173416 ns
[2020-09-12T12:32:00.959+0000][1][safepoint    ] Safepoint "Cleanup", Time since last: 1000148306 ns, Reaching safepoint: 219611 ns, At safepoint: 24800 ns, Total: 244411 ns
[2020-09-12T12:32:01.959+0000][1][safepoint    ] Safepoint "Cleanup", Time since last: 1000157903 ns, Reaching safepoint: 120702 ns, At safepoint: 10237 ns, Total: 130939 ns
[2020-09-12T12:32:02.960+0000][1][safepoint    ] Safepoint "Cleanup", Time since last: 1000081017 ns, Reaching safepoint: 111835 ns, At safepoint: 9200 ns, Total: 121035 ns
[2020-09-12T12:32:03.961+0000][1][safepoint    ] Safepoint "Cleanup", Time since last: 1000192549 ns, Reaching safepoint: 865407 ns, At safepoint: 16089 ns, Total: 881496 ns
[2020-09-12T12:32:04.051+0000][1][gc,start     ] GC(54) Pause Young (Allocation Failure)
[2020-09-12T12:32:04.051+0000][1][gc,task      ] GC(54) Using 2 workers of 2 for evacuation
[2020-09-12T12:32:04.091+0000][1][gc,age       ] GC(54) Desired survivor size 8716288 bytes, new threshold 1 (max threshold 6)
[2020-09-12T12:32:04.091+0000][1][gc,age       ] GC(54) Age table with threshold 1 (max threshold 6)
[2020-09-12T12:32:04.091+0000][1][gc,age       ] GC(54) - age   1:    9863792 bytes,    9863792 total
[2020-09-12T12:32:04.091+0000][1][gc,age       ] GC(54) - age   2:    4348648 bytes,   14212440 total
[2020-09-12T12:32:04.091+0000][1][gc,age       ] GC(54) - age   3:    1286968 bytes,   15499408 total
[2020-09-12T12:32:04.091+0000][1][gc,heap      ] GC(54) ParNew: 153344K->17024K(153344K)
[2020-09-12T12:32:04.091+0000][1][gc,heap      ] GC(54) CMS: 176137K->183419K(1926784K)
[2020-09-12T12:32:04.091+0000][1][gc,metaspace ] GC(54) Metaspace: 94694K->94694K(1136640K)
[2020-09-12T12:32:04.091+0000][1][gc           ] GC(54) Pause Young (Allocation Failure) 321M->195M(2031M) 40.424ms
[2020-09-12T12:32:04.091+0000][1][gc,cpu       ] GC(54) User=0.04s Sys=0.00s Real=0.04s
[2020-09-12T12:32:04.091+0000][1][safepoint    ] Safepoint "GenCollectForAllocation", Time since last: 89777443 ns, Reaching safepoint: 106627 ns, At safepoint: 40492089 ns, Total: 40598716 ns
[2020-09-12T12:32:05.091+0000][1][safepoint    ] Safepoint "Cleanup", Time since last: 1000084390 ns, Reaching safepoint: 117566 ns, At safepoint: 10254 ns, Total: 127820 ns
[2020-09-12T12:32:06.092+0000][1][safepoint    ] Safepoint "Cleanup", Time since last: 1000118071 ns, Reaching safepoint: 127955 ns, At safepoint: 8510 ns, Total: 136465 ns
[2020-09-12T12:32:07.092+0000][1][safepoint    ] Safepoint "Cleanup", Time since last: 1000163182 ns, Reaching safepoint: 185062 ns, At safepoint: 22531 ns, Total: 207593 ns
[2020-09-12T12:32:08.092+0000][1][safepoint    ] Safepoint "Cleanup", Time since last: 1000129221 ns, Reaching safepoint: 117420 ns, At safepoint: 12744 ns, Total: 130164 ns
[2020-09-12T12:32:09.092+0000][1][safepoint    ] Safepoint "Cleanup", Time since last: 1000122293 ns, Reaching safepoint: 111515 ns, At safepoint: 10089 ns, Total: 121604 ns
[2020-09-12T12:32:10.093+0000][1][safepoint    ] Safepoint "Cleanup", Time since last: 1000104606 ns, Reaching safepoint: 178115 ns, At safepoint: 15339 ns, Total: 193454 ns
[2020-09-12T12:32:11.097+0000][1][safepoint    ] Safepoint "Cleanup", Time since last: 1003876088 ns, Reaching safepoint: 173677 ns, At safepoint: 13153 ns, Total: 186830 ns
[2020-09-12T12:32:12.097+0000][1][safepoint    ] Safepoint "Cleanup", Time since last: 1000117568 ns, Reaching safepoint: 122567 ns, At safepoint: 9216 ns, Total: 131783 ns
[2020-09-12T12:32:13.097+0000][1][safepoint    ] Safepoint "Cleanup", Time since last: 1000165786 ns, Reaching safepoint: 117000 ns, At safepoint: 9279 ns, Total: 126279 ns
[2020-09-12T12:32:14.098+0000][1][safepoint    ] Safepoint "Cleanup", Time since last: 1000119780 ns, Reaching safepoint: 115138 ns, At safepoint: 14055 ns, Total: 129193 ns
[2020-09-12T12:32:15.098+0000][1][safepoint    ] Safepoint "Cleanup", Time since last: 1000128639 ns, Reaching safepoint: 120356 ns, At safepoint: 15475 ns, Total: 135831 ns
[2020-09-12T12:32:15.940+0000][1][safepoint    ] Safepoint "RevokeBias", Time since last: 841801662 ns, Reaching safepoint: 117758 ns, At safepoint: 21566 ns, Total: 139324 ns
[2020-09-12T12:32:16.940+0000][1][safepoint    ] Safepoint "Cleanup", Time since last: 1000120370 ns, Reaching safepoint: 149812 ns, At safepoint: 14004 ns, Total: 163816 ns
[2020-09-12T12:32:16.963+0000][1][safepoint    ] Safepoint "RevokeBias", Time since last: 22618252 ns, Reaching safepoint: 102662 ns, At safepoint: 24846 ns, Total: 127508 ns
[2020-09-12T12:32:17.963+0000][1][safepoint    ] Safepoint "Cleanup", Time since last: 1000118209 ns, Reaching safepoint: 123880 ns, At safepoint: 16299 ns, Total: 140179 ns
[2020-09-12T12:32:18.963+0000][1][safepoint    ] Safepoint "Cleanup", Time since last: 1000135609 ns, Reaching safepoint: 124461 ns, At safepoint: 12374 ns, Total: 136835 ns
[2020-09-12T12:32:19.964+0000][1][safepoint    ] Safepoint "Cleanup", Time since last: 1000120197 ns, Reaching safepoint: 120336 ns, At safepoint: 13489 ns, Total: 133825 ns
[2020-09-12T12:32:20.964+0000][1][safepoint    ] Safepoint "Cleanup", Time since last: 1000094092 ns, Reaching safepoint: 107567 ns, At safepoint: 10254 ns, Total: 117821 ns
[2020-09-12T12:32:21.964+0000][1][safepoint    ] Safepoint "Cleanup", Time since last: 1000156960 ns, Reaching safepoint: 115753 ns, At safepoint: 11845 ns, Total: 127598 ns
[2020-09-12T12:32:22.964+0000][1][safepoint    ] Safepoint "Cleanup", Time since last: 1000125291 ns, Reaching safepoint: 127562 ns, At safepoint: 11850 ns, Total: 139412 ns
[2020-09-12T12:32:23.965+0000][1][safepoint    ] Safepoint "Cleanup", Time since last: 1000134655 ns, Reaching safepoint: 192751 ns, At safepoint: 19249 ns, Total: 212000 ns
[2020-09-12T12:32:24.965+0000][1][safepoint    ] Safepoint "Cleanup", Time since last: 1000132312 ns, Reaching safepoint: 138208 ns, At safepoint: 12581 ns, Total: 150789 ns
[2020-09-12T12:32:25.965+0000][1][safepoint    ] Safepoint "Cleanup", Time since last: 1000119249 ns, Reaching safepoint: 159906 ns, At safepoint: 15168 ns, Total: 175074 ns
[2020-09-12T12:32:26.966+0000][1][safepoint    ] Safepoint "Cleanup", Time since last: 1000119363 ns, Reaching safepoint: 116653 ns, At safepoint: 7718 ns, Total: 124371 ns
[2020-09-12T12:32:27.966+0000][1][safepoint    ] Safepoint "Cleanup", Time since last: 1000134664 ns, Reaching safepoint: 146575 ns, At safepoint: 13606 ns, Total: 160181 ns
[2020-09-12T12:32:28.966+0000][1][safepoint    ] Safepoint "Cleanup", Time since last: 1000116459 ns, Reaching safepoint: 105483 ns, At safepoint: 8853 ns, Total: 114336 ns
[2020-09-12T12:32:29.966+0000][1][safepoint    ] Safepoint "Cleanup", Time since last: 1000118112 ns, Reaching safepoint: 117339 ns, At safepoint: 12551 ns, Total: 129890 ns
[2020-09-12T12:32:30.967+0000][1][safepoint    ] Safepoint "Cleanup", Time since last: 1000120112 ns, Reaching safepoint: 155151 ns, At safepoint: 13529 ns, Total: 168680 ns
[2020-09-12T12:32:31.967+0000][1][safepoint    ] Safepoint "Cleanup", Time since last: 1000119936 ns, Reaching safepoint: 160386 ns, At safepoint: 18803 ns, Total: 179189 ns
[2020-09-12T12:32:32.967+0000][1][safepoint    ] Safepoint "Cleanup", Time since last: 1000132002 ns, Reaching safepoint: 109732 ns, At safepoint: 11694 ns, Total: 121426 ns
[2020-09-12T12:32:33.967+0000][1][safepoint    ] Safepoint "Cleanup", Time since last: 1000123876 ns, Reaching safepoint: 164263 ns, At safepoint: 18662 ns, Total: 182925 ns
[2020-09-12T12:32:34.968+0000][1][safepoint    ] Safepoint "Cleanup", Time since last: 1000118721 ns, Reaching safepoint: 139913 ns, At safepoint: 12980 ns, Total: 152893 ns
[2020-09-12T12:32:35.968+0000][1][safepoint    ] Safepoint "Cleanup", Time since last: 1000117389 ns, Reaching safepoint: 124109 ns, At safepoint: 12111 ns, Total: 136220 ns
[2020-09-12T12:32:36.968+0000][1][safepoint    ] Safepoint "Cleanup", Time since last: 1000138609 ns, Reaching safepoint: 107439 ns, At safepoint: 10074 ns, Total: 117513 ns
[2020-09-12T12:32:37.969+0000][1][safepoint    ] Safepoint "Cleanup", Time since last: 1000157672 ns, Reaching safepoint: 117968 ns, At safepoint: 11677 ns, Total: 129645 ns
[2020-09-12T12:32:38.969+0000][1][safepoint    ] Safepoint "Cleanup", Time since last: 1000108324 ns, Reaching safepoint: 110623 ns, At safepoint: 11902 ns, Total: 122525 ns
[2020-09-12T12:32:39.969+0000][1][safepoint    ] Safepoint "Cleanup", Time since last: 1000153546 ns, Reaching safepoint: 148413 ns, At safepoint: 12409 ns, Total: 160822 ns
[2020-09-12T12:32:40.969+0000][1][safepoint    ] Safepoint "Cleanup", Time since last: 1000120690 ns, Reaching safepoint: 109194 ns, At safepoint: 12586 ns, Total: 121780 ns
[2020-09-12T12:32:41.970+0000][1][safepoint    ] Safepoint "Cleanup", Time since last: 1000124618 ns, Reaching safepoint: 108498 ns, At safepoint: 11740 ns, Total: 120238 ns
[2020-09-12T12:32:42.970+0000][1][safepoint    ] Safepoint "Cleanup", Time since last: 1000116362 ns, Reaching safepoint: 107886 ns, At safepoint: 11702 ns, Total: 119588 ns
[2020-09-12T12:32:43.970+0000][1][safepoint    ] Safepoint "Cleanup", Time since last: 1000146245 ns, Reaching safepoint: 117669 ns, At safepoint: 14285 ns, Total: 131954 ns
[2020-09-12T12:32:44.970+0000][1][safepoint    ] Safepoint "Cleanup", Time since last: 1000135814 ns, Reaching safepoint: 125863 ns, At safepoint: 13773 ns, Total: 139636 ns
[2020-09-12T12:32:45.108+0000][1][gc,start     ] GC(55) Pause Young (Allocation Failure)
[2020-09-12T12:32:45.108+0000][1][gc,task      ] GC(55) Using 2 workers of 2 for evacuation
[2020-09-12T12:32:45.160+0000][1][gc,age       ] GC(55) Desired survivor size 8716288 bytes, new threshold 6 (max threshold 6)
[2020-09-12T12:32:45.160+0000][1][gc,age       ] GC(55) Age table with threshold 6 (max threshold 6)
[2020-09-12T12:32:45.160+0000][1][gc,age       ] GC(55) - age   1:     463520 bytes,     463520 total
[2020-09-12T12:32:45.160+0000][1][gc,heap      ] GC(55) ParNew: 153344K->14318K(153344K)
[2020-09-12T12:32:45.160+0000][1][gc,heap      ] GC(55) CMS: 183419K->198405K(1926784K)
[2020-09-12T12:32:45.160+0000][1][gc,metaspace ] GC(55) Metaspace: 94960K->94960K(1136640K)
[2020-09-12T12:32:45.160+0000][1][gc           ] GC(55) Pause Young (Allocation Failure) 328M->207M(2031M) 51.536ms
[2020-09-12T12:32:45.160+0000][1][gc,cpu       ] GC(55) User=0.04s Sys=0.00s Real=0.05s
[2020-09-12T12:32:45.160+0000][1][safepoint    ] Safepoint "GenCollectForAllocation", Time since last: 134486118 ns, Reaching safepoint: 3310066 ns, At safepoint: 51601203 ns, Total: 54911269 ns
[2020-09-12T12:32:46.160+0000][1][safepoint    ] Safepoint "Cleanup", Time since last: 1000088164 ns, Reaching safepoint: 123571 ns, At safepoint: 11468 ns, Total: 135039 ns
[2020-09-12T12:32:47.160+0000][1][safepoint    ] Safepoint "Cleanup", Time since last: 1000119314 ns, Reaching safepoint: 111020 ns, At safepoint: 11417 ns, Total: 122437 ns
[2020-09-12T12:32:48.160+0000][1][safepoint    ] Safepoint "Cleanup", Time since last: 1000119128 ns, Reaching safepoint: 107095 ns, At safepoint: 11252 ns, Total: 118347 ns
[2020-09-12T12:32:49.161+0000][1][safepoint    ] Safepoint "Cleanup", Time since last: 1000115741 ns, Reaching safepoint: 131402 ns, At safepoint: 10690 ns, Total: 142092 ns
[2020-09-12T12:32:50.165+0000][1][safepoint    ] Safepoint "Cleanup", Time since last: 1003923528 ns, Reaching safepoint: 105491 ns, At safepoint: 11323 ns, Total: 116814 ns
[2020-09-12T12:32:51.165+0000][1][safepoint    ] Safepoint "Cleanup", Time since last: 1000136306 ns, Reaching safepoint: 111204 ns, At safepoint: 9498 ns, Total: 120702 ns
[2020-09-12T12:32:52.165+0000][1][safepoint    ] Safepoint "Cleanup", Time since last: 1000117122 ns, Reaching safepoint: 112351 ns, At safepoint: 8805 ns, Total: 121156 ns
[2020-09-12T12:32:53.166+0000][1][safepoint    ] Safepoint "Cleanup", Time since last: 1000128208 ns, Reaching safepoint: 125772 ns, At safepoint: 12312 ns, Total: 138084 ns
[2020-09-12T12:32:54.166+0000][1][safepoint    ] Safepoint "Cleanup", Time since last: 1000135587 ns, Reaching safepoint: 114255 ns, At safepoint: 7837 ns, Total: 122092 ns
[2020-09-12T12:32:55.169+0000][1][safepoint    ] Safepoint "Cleanup", Time since last: 1002607296 ns, Reaching safepoint: 182432 ns, At safepoint: 19480 ns, Total: 201912 ns
[2020-09-12T12:32:56.169+0000][1][safepoint    ] Safepoint "Cleanup", Time since last: 1000123394 ns, Reaching safepoint: 117988 ns, At safepoint: 16945 ns, Total: 134933 ns
[2020-09-12T12:32:57.169+0000][1][safepoint    ] Safepoint "Cleanup", Time since last: 1000127488 ns, Reaching safepoint: 118126 ns, At safepoint: 14057 ns, Total: 132183 ns
[2020-09-12T12:32:58.169+0000][1][safepoint    ] Safepoint "Cleanup", Time since last: 1000123049 ns, Reaching safepoint: 115355 ns, At safepoint: 13487 ns, Total: 128842 ns
[2020-09-12T12:32:59.170+0000][1][safepoint    ] Safepoint "Cleanup", Time since last: 1000131977 ns, Reaching safepoint: 122890 ns, At safepoint: 16302 ns, Total: 139192 ns
[2020-09-12T12:33:00.170+0000][1][safepoint    ] Safepoint "Cleanup", Time since last: 1000131110 ns, Reaching safepoint: 113900 ns, At safepoint: 18840 ns, Total: 132740 ns
[2020-09-12T12:33:01.170+0000][1][safepoint    ] Safepoint "Cleanup", Time since last: 1000119249 ns, Reaching safepoint: 115798 ns, At safepoint: 21401 ns, Total: 137199 ns
[2020-09-12T12:33:02.170+0000][1][safepoint    ] Safepoint "Cleanup", Time since last: 1000121831 ns, Reaching safepoint: 120218 ns, At safepoint: 13088 ns, Total: 133306 ns
[2020-09-12T12:33:03.171+0000][1][safepoint    ] Safepoint "Cleanup", Time since last: 1000110877 ns, Reaching safepoint: 116284 ns, At safepoint: 12148 ns, Total: 128432 ns
[2020-09-12T12:33:04.171+0000][1][safepoint    ] Safepoint "Cleanup", Time since last: 1000120794 ns, Reaching safepoint: 114408 ns, At safepoint: 10244 ns, Total: 124652 ns
[2020-09-12T12:33:05.171+0000][1][safepoint    ] Safepoint "Cleanup", Time since last: 1000113774 ns, Reaching safepoint: 102450 ns, At safepoint: 17061 ns, Total: 119511 ns
[2020-09-12T12:33:06.171+0000][1][safepoint    ] Safepoint "Cleanup", Time since last: 1000129093 ns, Reaching safepoint: 114139 ns, At safepoint: 13353 ns, Total: 127492 ns
[2020-09-12T12:33:07.172+0000][1][safepoint    ] Safepoint "Cleanup", Time since last: 1000121645 ns, Reaching safepoint: 121942 ns, At safepoint: 11958 ns, Total: 133900 ns
[2020-09-12T12:33:08.172+0000][1][safepoint    ] Safepoint "Cleanup", Time since last: 1000130622 ns, Reaching safepoint: 122908 ns, At safepoint: 13713 ns, Total: 136621 ns
[2020-09-12T12:33:09.172+0000][1][safepoint    ] Safepoint "Cleanup", Time since last: 1000123206 ns, Reaching safepoint: 99616 ns, At safepoint: 11239 ns, Total: 110855 ns
[2020-09-12T12:33:10.172+0000][1][safepoint    ] Safepoint "Cleanup", Time since last: 1000134308 ns, Reaching safepoint: 113217 ns, At safepoint: 15356 ns, Total: 128573 ns
[2020-09-12T12:33:11.173+0000][1][safepoint    ] Safepoint "Cleanup", Time since last: 1000154942 ns, Reaching safepoint: 586262 ns, At safepoint: 32438 ns, Total: 618700 ns
[2020-09-12T12:33:12.173+0000][1][safepoint    ] Safepoint "Cleanup", Time since last: 1000155775 ns, Reaching safepoint: 104294 ns, At safepoint: 8985 ns, Total: 113279 ns
[2020-09-12T12:33:13.175+0000][1][safepoint    ] Safepoint "Cleanup", Time since last: 1000994474 ns, Reaching safepoint: 172076 ns, At safepoint: 10311 ns, Total: 182387 ns
[2020-09-12T12:33:14.175+0000][1][safepoint    ] Safepoint "Cleanup", Time since last: 1000116495 ns, Reaching safepoint: 98911 ns, At safepoint: 13001 ns, Total: 111912 ns
[2020-09-12T12:33:15.175+0000][1][safepoint    ] Safepoint "Cleanup", Time since last: 1000112825 ns, Reaching safepoint: 111511 ns, At safepoint: 12133 ns, Total: 123644 ns
[2020-09-12T12:33:16.175+0000][1][safepoint    ] Safepoint "Cleanup", Time since last: 1000146997 ns, Reaching safepoint: 118480 ns, At safepoint: 12780 ns, Total: 131260 ns
[2020-09-12T12:33:17.176+0000][1][safepoint    ] Safepoint "Cleanup", Time since last: 1000120807 ns, Reaching safepoint: 118200 ns, At safepoint: 11844 ns, Total: 130044 ns
[2020-09-12T12:33:18.176+0000][1][safepoint    ] Safepoint "Cleanup", Time since last: 1000133390 ns, Reaching safepoint: 101380 ns, At safepoint: 11353 ns, Total: 112733 ns
[2020-09-12T12:33:19.176+0000][1][safepoint    ] Safepoint "Cleanup", Time since last: 1000117470 ns, Reaching safepoint: 118883 ns, At safepoint: 11496 ns, Total: 130379 ns
[2020-09-12T12:33:20.176+0000][1][safepoint    ] Safepoint "Cleanup", Time since last: 1000128529 ns, Reaching safepoint: 107669 ns, At safepoint: 12565 ns, Total: 120234 ns
[2020-09-12T12:33:21.177+0000][1][safepoint    ] Safepoint "Cleanup", Time since last: 1000117832 ns, Reaching safepoint: 99486 ns, At safepoint: 10550 ns, Total: 110036 ns
[2020-09-12T12:33:22.177+0000][1][safepoint    ] Safepoint "Cleanup", Time since last: 1000132807 ns, Reaching safepoint: 103094 ns, At safepoint: 8561 ns, Total: 111655 ns
[2020-09-12T12:33:23.039+0000][1][safepoint    ] Safepoint "RevokeBias", Time since last: 861772664 ns, Reaching safepoint: 138220 ns, At safepoint: 24469 ns, Total: 162689 ns
[2020-09-12T12:33:23.039+0000][1][safepoint    ] Safepoint "RevokeBias", Time since last: 212501 ns, Reaching safepoint: 58032 ns, At safepoint: 13959 ns, Total: 71991 ns
[2020-09-12T12:33:24.039+0000][1][safepoint    ] Safepoint "Cleanup", Time since last: 1000086243 ns, Reaching safepoint: 109075 ns, At safepoint: 15711 ns, Total: 124786 ns
[2020-09-12T12:33:24.284+0000][1][safepoint    ] Safepoint "RevokeBias", Time since last: 244785103 ns, Reaching safepoint: 148406 ns, At safepoint: 31673 ns, Total: 180079 ns
[2020-09-12T12:33:24.284+0000][1][safepoint    ] Safepoint "RevokeBias", Time since last: 104926 ns, Reaching safepoint: 58095 ns, At safepoint: 13343 ns, Total: 71438 ns
[2020-09-12T12:33:24.286+0000][1][safepoint    ] Safepoint "RevokeBias", Time since last: 1051925 ns, Reaching safepoint: 63645 ns, At safepoint: 14406 ns, Total: 78051 ns
[2020-09-12T12:33:24.286+0000][1][safepoint    ] Safepoint "RevokeBias", Time since last: 37112 ns, Reaching safepoint: 52352 ns, At safepoint: 11869 ns, Total: 64221 ns
[2020-09-12T12:33:25.286+0000][1][safepoint    ] Safepoint "Cleanup", Time since last: 1000092229 ns, Reaching safepoint: 113737 ns, At safepoint: 11975 ns, Total: 125712 ns
[2020-09-12T12:33:26.286+0000][1][safepoint    ] Safepoint "Cleanup", Time since last: 1000137913 ns, Reaching safepoint: 111844 ns, At safepoint: 8613 ns, Total: 120457 ns
[2020-09-12T12:33:27.286+0000][1][safepoint    ] Safepoint "Cleanup", Time since last: 1000117943 ns, Reaching safepoint: 104822 ns, At safepoint: 8964 ns, Total: 113786 ns
[2020-09-12T12:33:28.287+0000][1][safepoint    ] Safepoint "Cleanup", Time since last: 1000114764 ns, Reaching safepoint: 112270 ns, At safepoint: 11963 ns, Total: 124233 ns
[2020-09-12T12:33:29.287+0000][1][safepoint    ] Safepoint "Cleanup", Time since last: 1000119688 ns, Reaching safepoint: 114601 ns, At safepoint: 58053 ns, Total: 172654 ns
[2020-09-12T12:33:30.287+0000][1][safepoint    ] Safepoint "Cleanup", Time since last: 1000152868 ns, Reaching safepoint: 103684 ns, At safepoint: 10044 ns, Total: 113728 ns
[2020-09-12T12:33:31.288+0000][1][safepoint    ] Safepoint "Cleanup", Time since last: 1000302968 ns, Reaching safepoint: 143065 ns, At safepoint: 16275 ns, Total: 159340 ns
[2020-09-12T12:33:31.437+0000][1][safepoint    ] Safepoint "RevokeBias", Time since last: 148919337 ns, Reaching safepoint: 120457 ns, At safepoint: 24886 ns, Total: 145343 ns
[2020-09-12T12:33:32.437+0000][1][safepoint    ] Safepoint "Cleanup", Time since last: 1000111938 ns, Reaching safepoint: 105254 ns, At safepoint: 8422 ns, Total: 113676 ns
[2020-09-12T12:33:33.437+0000][1][safepoint    ] Safepoint "Cleanup", Time since last: 1000119454 ns, Reaching safepoint: 128410 ns, At safepoint: 13965 ns, Total: 142375 ns
[2020-09-12T12:33:34.054+0000][1][gc,start     ] GC(56) Pause Young (Allocation Failure)
[2020-09-12T12:33:34.054+0000][1][gc,task      ] GC(56) Using 2 workers of 2 for evacuation
[2020-09-12T12:33:34.076+0000][1][gc,age       ] GC(56) Desired survivor size 8716288 bytes, new threshold 6 (max threshold 6)
[2020-09-12T12:33:34.076+0000][1][gc,age       ] GC(56) Age table with threshold 6 (max threshold 6)
[2020-09-12T12:33:34.076+0000][1][gc,age       ] GC(56) - age   1:     397976 bytes,     397976 total
[2020-09-12T12:33:34.076+0000][1][gc,age       ] GC(56) - age   2:     259784 bytes,     657760 total
[2020-09-12T12:33:34.077+0000][1][gc,heap      ] GC(56) ParNew: 150638K->3664K(153344K)
[2020-09-12T12:33:34.077+0000][1][gc,heap      ] GC(56) CMS: 198405K->198405K(1926784K)
[2020-09-12T12:33:34.077+0000][1][gc,metaspace ] GC(56) Metaspace: 95160K->95160K(1136640K)
[2020-09-12T12:33:34.077+0000][1][gc           ] GC(56) Pause Young (Allocation Failure) 340M->197M(2031M) 22.492ms
[2020-09-12T12:33:34.077+0000][1][gc,cpu       ] GC(56) User=0.02s Sys=0.00s Real=0.02s
[2020-09-12T12:33:34.077+0000][1][safepoint    ] Safepoint "GenCollectForAllocation", Time since last: 616545596 ns, Reaching safepoint: 337719 ns, At safepoint: 22552753 ns, Total: 22890472 ns
[2020-09-12T12:33:35.077+0000][1][safepoint    ] Safepoint "Cleanup", Time since last: 1000066812 ns, Reaching safepoint: 108727 ns, At safepoint: 11919 ns, Total: 120646 ns
[2020-09-12T12:33:36.077+0000][1][safepoint    ] Safepoint "Cleanup", Time since last: 1000120068 ns, Reaching safepoint: 108867 ns, At safepoint: 13394 ns, Total: 122261 ns
[2020-09-12T12:33:37.077+0000][1][safepoint    ] Safepoint "Cleanup", Time since last: 1000118252 ns, Reaching safepoint: 119957 ns, At safepoint: 13070 ns, Total: 133027 ns
[2020-09-12T12:33:38.078+0000][1][safepoint    ] Safepoint "Cleanup", Time since last: 1000117771 ns, Reaching safepoint: 105828 ns, At safepoint: 14935 ns, Total: 120763 ns
[2020-09-12T12:33:39.078+0000][1][safepoint    ] Safepoint "Cleanup", Time since last: 1000123770 ns, Reaching safepoint: 101405 ns, At safepoint: 12910 ns, Total: 114315 ns
[2020-09-12T12:33:40.078+0000][1][safepoint    ] Safepoint "Cleanup", Time since last: 1000114286 ns, Reaching safepoint: 218398 ns, At safepoint: 19942 ns, Total: 238340 ns
[2020-09-12T12:33:41.078+0000][1][safepoint    ] Safepoint "Cleanup", Time since last: 1000113576 ns, Reaching safepoint: 109460 ns, At safepoint: 12033 ns, Total: 121493 ns
[2020-09-12T12:33:42.079+0000][1][safepoint    ] Safepoint "Cleanup", Time since last: 1000151127 ns, Reaching safepoint: 108687 ns, At safepoint: 11565 ns, Total: 120252 ns
[2020-09-12T12:33:43.079+0000][1][safepoint    ] Safepoint "Cleanup", Time since last: 1000158152 ns, Reaching safepoint: 116376 ns, At safepoint: 9280 ns, Total: 125656 ns
[2020-09-12T12:33:44.083+0000][1][safepoint    ] Safepoint "Cleanup", Time since last: 1003773241 ns, Reaching safepoint: 111626 ns, At safepoint: 11230 ns, Total: 122856 ns
[2020-09-12T12:33:45.083+0000][1][safepoint    ] Safepoint "Cleanup", Time since last: 1000127460 ns, Reaching safepoint: 115042 ns, At safepoint: 18381 ns, Total: 133423 ns
[2020-09-12T12:33:46.083+0000][1][safepoint    ] Safepoint "Cleanup", Time since last: 1000127054 ns, Reaching safepoint: 111725 ns, At safepoint: 11874 ns, Total: 123599 ns
[2020-09-12T12:33:47.084+0000][1][safepoint    ] Safepoint "Cleanup", Time since last: 1000118439 ns, Reaching safepoint: 108434 ns, At safepoint: 11491 ns, Total: 119925 ns
[2020-09-12T12:33:48.084+0000][1][safepoint    ] Safepoint "Cleanup", Time since last: 1000117071 ns, Reaching safepoint: 147149 ns, At safepoint: 14771 ns, Total: 161920 ns
[2020-09-12T12:33:49.084+0000][1][safepoint    ] Safepoint "Cleanup", Time since last: 1000127187 ns, Reaching safepoint: 103828 ns, At safepoint: 11797 ns, Total: 115625 ns
[2020-09-12T12:33:50.084+0000][1][safepoint    ] Safepoint "Cleanup", Time since last: 1000115330 ns, Reaching safepoint: 105004 ns, At safepoint: 17394 ns, Total: 122398 ns
[2020-09-12T12:33:51.085+0000][1][safepoint    ] Safepoint "Cleanup", Time since last: 1000118111 ns, Reaching safepoint: 103228 ns, At safepoint: 18250 ns, Total: 121478 ns
[2020-09-12T12:33:52.085+0000][1][safepoint    ] Safepoint "Cleanup", Time since last: 1000101635 ns, Reaching safepoint: 95948 ns, At safepoint: 9031 ns, Total: 104979 ns
[2020-09-12T12:33:53.085+0000][1][safepoint    ] Safepoint "Cleanup", Time since last: 1000123246 ns, Reaching safepoint: 114686 ns, At safepoint: 9781 ns, Total: 124467 ns
[2020-09-12T12:33:54.089+0000][1][safepoint    ] Safepoint "Cleanup", Time since last: 1003688890 ns, Reaching safepoint: 257499 ns, At safepoint: 14430 ns, Total: 271929 ns
[2020-09-12T12:33:55.089+0000][1][safepoint    ] Safepoint "Cleanup", Time since last: 1000120926 ns, Reaching safepoint: 117908 ns, At safepoint: 18602 ns, Total: 136510 ns
[2020-09-12T12:33:56.090+0000][1][safepoint    ] Safepoint "Cleanup", Time since last: 1000162271 ns, Reaching safepoint: 133552 ns, At safepoint: 14954 ns, Total: 148506 ns
[2020-09-12T12:33:57.090+0000][1][safepoint    ] Safepoint "Cleanup", Time since last: 1000116030 ns, Reaching safepoint: 107935 ns, At safepoint: 13013 ns, Total: 120948 ns
[2020-09-12T12:33:58.090+0000][1][safepoint    ] Safepoint "Cleanup", Time since last: 1000116684 ns, Reaching safepoint: 113873 ns, At safepoint: 15828 ns, Total: 129701 ns
[2020-09-12T12:33:59.090+0000][1][safepoint    ] Safepoint "Cleanup", Time since last: 1000124076 ns, Reaching safepoint: 208617 ns, At safepoint: 16010 ns, Total: 224627 ns
[2020-09-12T12:34:00.091+0000][1][safepoint    ] Safepoint "Cleanup", Time since last: 1000113931 ns, Reaching safepoint: 111115 ns, At safepoint: 15482 ns, Total: 126597 ns
[2020-09-12T12:34:01.095+0000][1][safepoint    ] Safepoint "Cleanup", Time since last: 1004562514 ns, Reaching safepoint: 166401 ns, At safepoint: 9902 ns, Total: 176303 ns
[2020-09-12T12:34:02.096+0000][1][safepoint    ] Safepoint "Cleanup", Time since last: 1000147279 ns, Reaching safepoint: 146957 ns, At safepoint: 11758 ns, Total: 158715 ns
[2020-09-12T12:34:03.096+0000][1][safepoint    ] Safepoint "Cleanup", Time since last: 1000143657 ns, Reaching safepoint: 103939 ns, At safepoint: 9805 ns, Total: 113744 ns
[2020-09-12T12:34:04.096+0000][1][safepoint    ] Safepoint "Cleanup", Time since last: 1000115223 ns, Reaching safepoint: 223629 ns, At safepoint: 12394 ns, Total: 236023 ns
[2020-09-12T12:34:05.097+0000][1][safepoint    ] Safepoint "Cleanup", Time since last: 1000111105 ns, Reaching safepoint: 110839 ns, At safepoint: 16458 ns, Total: 127297 ns
[2020-09-12T12:34:06.097+0000][1][safepoint    ] Safepoint "Cleanup", Time since last: 1000118832 ns, Reaching safepoint: 136260 ns, At safepoint: 12763 ns, Total: 149023 ns
[2020-09-12T12:34:07.097+0000][1][safepoint    ] Safepoint "Cleanup", Time since last: 1000117171 ns, Reaching safepoint: 107085 ns, At safepoint: 15728 ns, Total: 122813 ns
[2020-09-12T12:34:08.097+0000][1][safepoint    ] Safepoint "Cleanup", Time since last: 1000115271 ns, Reaching safepoint: 109330 ns, At safepoint: 15516 ns, Total: 124846 ns
[2020-09-12T12:34:09.098+0000][1][safepoint    ] Safepoint "Cleanup", Time since last: 1000117502 ns, Reaching safepoint: 108410 ns, At safepoint: 17058 ns, Total: 125468 ns
[2020-09-12T12:34:10.098+0000][1][safepoint    ] Safepoint "Cleanup", Time since last: 1000116136 ns, Reaching safepoint: 105307 ns, At safepoint: 12588 ns, Total: 117895 ns
[2020-09-12T12:34:11.098+0000][1][safepoint    ] Safepoint "Cleanup", Time since last: 1000118316 ns, Reaching safepoint: 109897 ns, At safepoint: 13283 ns, Total: 123180 ns
[2020-09-12T12:34:12.098+0000][1][safepoint    ] Safepoint "Cleanup", Time since last: 1000114469 ns, Reaching safepoint: 104448 ns, At safepoint: 11661 ns, Total: 116109 ns
[2020-09-12T12:34:13.098+0000][1][safepoint    ] Safepoint "Cleanup", Time since last: 1000117206 ns, Reaching safepoint: 104738 ns, At safepoint: 11276 ns, Total: 116014 ns
[2020-09-12T12:34:14.101+0000][1][safepoint    ] Safepoint "Cleanup", Time since last: 1002228960 ns, Reaching safepoint: 97123 ns, At safepoint: 8562 ns, Total: 105685 ns
[2020-09-12T12:34:15.101+0000][1][safepoint    ] Safepoint "Cleanup", Time since last: 1000113371 ns, Reaching safepoint: 115021 ns, At safepoint: 12672 ns, Total: 127693 ns
[2020-09-12T12:34:15.529+0000][1][gc,start     ] GC(57) Pause Young (Allocation Failure)
[2020-09-12T12:34:15.529+0000][1][gc,task      ] GC(57) Using 2 workers of 2 for evacuation
[2020-09-12T12:34:15.546+0000][1][gc,age       ] GC(57) Desired survivor size 8716288 bytes, new threshold 6 (max threshold 6)
[2020-09-12T12:34:15.546+0000][1][gc,age       ] GC(57) Age table with threshold 6 (max threshold 6)
[2020-09-12T12:34:15.546+0000][1][gc,age       ] GC(57) - age   1:     459504 bytes,     459504 total
[2020-09-12T12:34:15.546+0000][1][gc,age       ] GC(57) - age   2:     148760 bytes,     608264 total
[2020-09-12T12:34:15.546+0000][1][gc,age       ] GC(57) - age   3:     254416 bytes,     862680 total
[2020-09-12T12:34:15.546+0000][1][gc,heap      ] GC(57) ParNew: 139984K->1036K(153344K)
[2020-09-12T12:34:15.546+0000][1][gc,heap      ] GC(57) CMS: 198405K->198405K(1926784K)
[2020-09-12T12:34:15.546+0000][1][gc,metaspace ] GC(57) Metaspace: 95351K->95351K(1136640K)
[2020-09-12T12:34:15.546+0000][1][gc           ] GC(57) Pause Young (Allocation Failure) 330M->194M(2031M) 16.976ms
[2020-09-12T12:34:15.546+0000][1][gc,cpu       ] GC(57) User=0.01s Sys=0.00s Real=0.01s
[2020-09-12T12:34:15.546+0000][1][safepoint    ] Safepoint "GenCollectForAllocation", Time since last: 428233118 ns, Reaching safepoint: 96517 ns, At safepoint: 17033027 ns, Total: 17129544 ns
[2020-09-12T12:34:16.547+0000][1][safepoint    ] Safepoint "Cleanup", Time since last: 1000100210 ns, Reaching safepoint: 138577 ns, At safepoint: 13086 ns, Total: 151663 ns
[2020-09-12T12:34:17.547+0000][1][safepoint    ] Safepoint "Cleanup", Time since last: 1000124943 ns, Reaching safepoint: 105461 ns, At safepoint: 12035 ns, Total: 117496 ns
[2020-09-12T12:34:18.547+0000][1][safepoint    ] Safepoint "Cleanup", Time since last: 1000142861 ns, Reaching safepoint: 111517 ns, At safepoint: 12287 ns, Total: 123804 ns
[2020-09-12T12:34:19.547+0000][1][safepoint    ] Safepoint "Cleanup", Time since last: 1000120151 ns, Reaching safepoint: 100405 ns, At safepoint: 14543 ns, Total: 114948 ns
[2020-09-12T12:34:20.548+0000][1][safepoint    ] Safepoint "Cleanup", Time since last: 1000124068 ns, Reaching safepoint: 97002 ns, At safepoint: 17342 ns, Total: 114344 ns
[2020-09-12T12:34:21.548+0000][1][safepoint    ] Safepoint "Cleanup", Time since last: 1000156415 ns, Reaching safepoint: 102784 ns, At safepoint: 10484 ns, Total: 113268 ns
[2020-09-12T12:34:22.548+0000][1][safepoint    ] Safepoint "Cleanup", Time since last: 1000155780 ns, Reaching safepoint: 138723 ns, At safepoint: 12160 ns, Total: 150883 ns
[2020-09-12T12:34:23.548+0000][1][safepoint    ] Safepoint "Cleanup", Time since last: 1000076444 ns, Reaching safepoint: 100603 ns, At safepoint: 10340 ns, Total: 110943 ns
[2020-09-12T12:34:24.549+0000][1][safepoint    ] Safepoint "Cleanup", Time since last: 1000116686 ns, Reaching safepoint: 99303 ns, At safepoint: 7978 ns, Total: 107281 ns
[2020-09-12T12:34:25.558+0000][1][safepoint    ] Safepoint "Cleanup", Time since last: 1000127950 ns, Reaching safepoint: 9129023 ns, At safepoint: 18868 ns, Total: 9147891 ns
[2020-09-12T12:34:26.560+0000][1][safepoint    ] Safepoint "Cleanup", Time since last: 1002098843 ns, Reaching safepoint: 140188 ns, At safepoint: 11379 ns, Total: 151567 ns
[2020-09-12T12:34:27.560+0000][1][safepoint    ] Safepoint "Cleanup", Time since last: 1000157562 ns, Reaching safepoint: 154339 ns, At safepoint: 10050 ns, Total: 164389 ns
[2020-09-12T12:34:28.561+0000][1][safepoint    ] Safepoint "Cleanup", Time since last: 1000252910 ns, Reaching safepoint: 131909 ns, At safepoint: 8802 ns, Total: 140711 ns
[2020-09-12T12:34:29.561+0000][1][safepoint    ] Safepoint "Cleanup", Time since last: 1000127834 ns, Reaching safepoint: 106887 ns, At safepoint: 8357 ns, Total: 115244 ns
[2020-09-12T12:34:30.561+0000][1][safepoint    ] Safepoint "Cleanup", Time since last: 1000112704 ns, Reaching safepoint: 106358 ns, At safepoint: 9014 ns, Total: 115372 ns
[2020-09-12T12:34:31.562+0000][1][safepoint    ] Safepoint "Cleanup", Time since last: 1000157458 ns, Reaching safepoint: 201991 ns, At safepoint: 9756 ns, Total: 211747 ns
[2020-09-12T12:34:32.562+0000][1][safepoint    ] Safepoint "Cleanup", Time since last: 1000129368 ns, Reaching safepoint: 122197 ns, At safepoint: 14413 ns, Total: 136610 ns
[2020-09-12T12:34:33.562+0000][1][safepoint    ] Safepoint "Cleanup", Time since last: 1000111777 ns, Reaching safepoint: 108987 ns, At safepoint: 7936 ns, Total: 116923 ns
[2020-09-12T12:34:34.562+0000][1][safepoint    ] Safepoint "Cleanup", Time since last: 1000113795 ns, Reaching safepoint: 127461 ns, At safepoint: 8687 ns, Total: 136148 ns
[2020-09-12T12:34:35.563+0000][1][safepoint    ] Safepoint "Cleanup", Time since last: 1000114429 ns, Reaching safepoint: 113582 ns, At safepoint: 13141 ns, Total: 126723 ns
[2020-09-12T12:34:36.563+0000][1][safepoint    ] Safepoint "Cleanup", Time since last: 1000114714 ns, Reaching safepoint: 107130 ns, At safepoint: 14135 ns, Total: 121265 ns
[2020-09-12T12:34:37.563+0000][1][safepoint    ] Safepoint "Cleanup", Time since last: 1000114213 ns, Reaching safepoint: 120307 ns, At safepoint: 13467 ns, Total: 133774 ns
[2020-09-12T12:34:38.563+0000][1][safepoint    ] Safepoint "Cleanup", Time since last: 1000127635 ns, Reaching safepoint: 119748 ns, At safepoint: 22017 ns, Total: 141765 ns
[2020-09-12T12:34:39.564+0000][1][safepoint    ] Safepoint "Cleanup", Time since last: 1000134168 ns, Reaching safepoint: 97745 ns, At safepoint: 9372 ns, Total: 107117 ns
[2020-09-12T12:34:40.564+0000][1][safepoint    ] Safepoint "Cleanup", Time since last: 1000125503 ns, Reaching safepoint: 95433 ns, At safepoint: 9624 ns, Total: 105057 ns
[2020-09-12T12:34:41.564+0000][1][safepoint    ] Safepoint "Cleanup", Time since last: 1000121987 ns, Reaching safepoint: 94864 ns, At safepoint: 8212 ns, Total: 103076 ns
[2020-09-12T12:34:42.565+0000][1][safepoint    ] Safepoint "Cleanup", Time since last: 1000322273 ns, Reaching safepoint: 93234 ns, At safepoint: 8126 ns, Total: 101360 ns
[2020-09-12T12:34:43.566+0000][1][safepoint    ] Safepoint "Cleanup", Time since last: 1001023521 ns, Reaching safepoint: 118883 ns, At safepoint: 8633 ns, Total: 127516 ns
[2020-09-12T12:34:44.566+0000][1][safepoint    ] Safepoint "Cleanup", Time since last: 1000111237 ns, Reaching safepoint: 93455 ns, At safepoint: 8712 ns, Total: 102167 ns
[2020-09-12T12:34:45.566+0000][1][safepoint    ] Safepoint "Cleanup", Time since last: 1000092143 ns, Reaching safepoint: 107061 ns, At safepoint: 9400 ns, Total: 116461 ns
[2020-09-12T12:34:46.566+0000][1][safepoint    ] Safepoint "Cleanup", Time since last: 1000123965 ns, Reaching safepoint: 99124 ns, At safepoint: 12071 ns, Total: 111195 ns
[2020-09-12T12:34:47.567+0000][1][safepoint    ] Safepoint "Cleanup", Time since last: 1000111339 ns, Reaching safepoint: 95428 ns, At safepoint: 12674 ns, Total: 108102 ns
[2020-09-12T12:34:48.567+0000][1][safepoint    ] Safepoint "Cleanup", Time since last: 1000382331 ns, Reaching safepoint: 123035 ns, At safepoint: 11263 ns, Total: 134298 ns
[2020-09-12T12:34:49.567+0000][1][safepoint    ] Safepoint "Cleanup", Time since last: 1000163844 ns, Reaching safepoint: 162310 ns, At safepoint: 12442 ns, Total: 174752 ns
[2020-09-12T12:34:50.568+0000][1][safepoint    ] Safepoint "Cleanup", Time since last: 1000120029 ns, Reaching safepoint: 105552 ns, At safepoint: 11653 ns, Total: 117205 ns
[2020-09-12T12:34:51.568+0000][1][safepoint    ] Safepoint "Cleanup", Time since last: 1000120678 ns, Reaching safepoint: 96653 ns, At safepoint: 9614 ns, Total: 106267 ns
[2020-09-12T12:34:52.568+0000][1][safepoint    ] Safepoint "Cleanup", Time since last: 1000113461 ns, Reaching safepoint: 101361 ns, At safepoint: 13800 ns, Total: 115161 ns
[2020-09-12T12:34:53.568+0000][1][safepoint    ] Safepoint "Cleanup", Time since last: 1000114197 ns, Reaching safepoint: 126453 ns, At safepoint: 18517 ns, Total: 144970 ns
[2020-09-12T12:34:54.569+0000][1][safepoint    ] Safepoint "Cleanup", Time since last: 1000120770 ns, Reaching safepoint: 102514 ns, At safepoint: 9883 ns, Total: 112397 ns
[2020-09-12T12:34:55.569+0000][1][safepoint    ] Safepoint "Cleanup", Time since last: 1000143340 ns, Reaching safepoint: 101544 ns, At safepoint: 25103 ns, Total: 126647 ns
[2020-09-12T12:34:56.569+0000][1][safepoint    ] Safepoint "Cleanup", Time since last: 1000121638 ns, Reaching safepoint: 97817 ns, At safepoint: 17234 ns, Total: 115051 ns
[2020-09-12T12:34:57.569+0000][1][safepoint    ] Safepoint "Cleanup", Time since last: 1000119718 ns, Reaching safepoint: 100548 ns, At safepoint: 11376 ns, Total: 111924 ns
[2020-09-12T12:34:58.570+0000][1][safepoint    ] Safepoint "Cleanup", Time since last: 1000113446 ns, Reaching safepoint: 104275 ns, At safepoint: 8720 ns, Total: 112995 ns
[2020-09-12T12:34:59.570+0000][1][safepoint    ] Safepoint "Cleanup", Time since last: 1000116488 ns, Reaching safepoint: 107152 ns, At safepoint: 10921 ns, Total: 118073 ns
[2020-09-12T12:35:00.887+0000][1][safepoint    ] Safepoint "RevokeBias", Time since last: 1316804055 ns, Reaching safepoint: 188869 ns, At safepoint: 26361 ns, Total: 215230 ns
[2020-09-12T12:35:00.889+0000][1][safepoint    ] Safepoint "RevokeBias", Time since last: 2389818 ns, Reaching safepoint: 98010 ns, At safepoint: 23167 ns, Total: 121177 ns
[2020-09-12T12:35:00.892+0000][1][safepoint    ] Safepoint "RevokeBias", Time since last: 2590448 ns, Reaching safepoint: 134582 ns, At safepoint: 24652 ns, Total: 159234 ns
[2020-09-12T12:35:01.892+0000][1][safepoint    ] Safepoint "Cleanup", Time since last: 1000113464 ns, Reaching safepoint: 99289 ns, At safepoint: 8645 ns, Total: 107934 ns
[2020-09-12T12:35:02.893+0000][1][safepoint    ] Safepoint "Cleanup", Time since last: 1000121966 ns, Reaching safepoint: 175494 ns, At safepoint: 11705 ns, Total: 187199 ns
[2020-09-12T12:35:03.684+0000][1][safepoint    ] Safepoint "RevokeBias", Time since last: 790807506 ns, Reaching safepoint: 248272 ns, At safepoint: 24449 ns, Total: 272721 ns
[2020-09-12T12:35:03.713+0000][1][safepoint    ] Safepoint "RevokeBias", Time since last: 28751648 ns, Reaching safepoint: 556145 ns, At safepoint: 41639 ns, Total: 597784 ns
[2020-09-12T12:35:03.713+0000][1][safepoint    ] Safepoint "RevokeBias", Time since last: 80561 ns, Reaching safepoint: 136853 ns, At safepoint: 19343 ns, Total: 156196 ns
[2020-09-12T12:35:03.713+0000][1][safepoint    ] Safepoint "RevokeBias", Time since last: 59066 ns, Reaching safepoint: 131388 ns, At safepoint: 17851 ns, Total: 149239 ns
[2020-09-12T12:35:03.714+0000][1][safepoint    ] Safepoint "RevokeBias", Time since last: 53756 ns, Reaching safepoint: 130979 ns, At safepoint: 17265 ns, Total: 148244 ns
[2020-09-12T12:35:03.714+0000][1][safepoint    ] Safepoint "RevokeBias", Time since last: 111601 ns, Reaching safepoint: 132044 ns, At safepoint: 17031 ns, Total: 149075 ns
[2020-09-12T12:35:03.715+0000][1][safepoint    ] Safepoint "RevokeBias", Time since last: 597557 ns, Reaching safepoint: 170204 ns, At safepoint: 23851 ns, Total: 194055 ns
[2020-09-12T12:35:03.729+0000][1][safepoint    ] Safepoint "RevokeBias", Time since last: 14210144 ns, Reaching safepoint: 219781 ns, At safepoint: 39001 ns, Total: 258782 ns
[2020-09-12T12:35:04.054+0000][1][gc,start     ] GC(58) Pause Young (Allocation Failure)
[2020-09-12T12:35:04.054+0000][1][gc,task      ] GC(58) Using 2 workers of 2 for evacuation
[2020-09-12T12:35:04.074+0000][1][gc,age       ] GC(58) Desired survivor size 8716288 bytes, new threshold 6 (max threshold 6)
[2020-09-12T12:35:04.074+0000][1][gc,age       ] GC(58) Age table with threshold 6 (max threshold 6)
[2020-09-12T12:35:04.074+0000][1][gc,age       ] GC(58) - age   1:     417712 bytes,     417712 total
[2020-09-12T12:35:04.074+0000][1][gc,age       ] GC(58) - age   2:      89544 bytes,     507256 total
[2020-09-12T12:35:04.074+0000][1][gc,age       ] GC(58) - age   3:     138152 bytes,     645408 total
[2020-09-12T12:35:04.074+0000][1][gc,age       ] GC(58) - age   4:     253968 bytes,     899376 total
[2020-09-12T12:35:04.074+0000][1][gc,heap      ] GC(58) ParNew: 137356K->1336K(153344K)
[2020-09-12T12:35:04.074+0000][1][gc,heap      ] GC(58) CMS: 198405K->198405K(1926784K)
[2020-09-12T12:35:04.074+0000][1][gc,metaspace ] GC(58) Metaspace: 95499K->95499K(1136640K)
[2020-09-12T12:35:04.074+0000][1][gc           ] GC(58) Pause Young (Allocation Failure) 327M->195M(2031M) 19.994ms
[2020-09-12T12:35:04.074+0000][1][gc,cpu       ] GC(58) User=0.02s Sys=0.00s Real=0.02s
[2020-09-12T12:35:04.074+0000][1][safepoint    ] Safepoint "GenCollectForAllocation", Time since last: 324649568 ns, Reaching safepoint: 104605 ns, At safepoint: 20054593 ns, Total: 20159198 ns
[2020-09-12T12:35:04.294+0000][1][safepoint    ] Safepoint "RevokeBias", Time since last: 219606457 ns, Reaching safepoint: 130126 ns, At safepoint: 24107 ns, Total: 154233 ns
[2020-09-12T12:35:05.294+0000][1][safepoint    ] Safepoint "Cleanup", Time since last: 1000117416 ns, Reaching safepoint: 191259 ns, At safepoint: 12626 ns, Total: 203885 ns
[2020-09-12T12:35:05.889+0000][1][safepoint    ] Safepoint "RevokeBias", Time since last: 594711263 ns, Reaching safepoint: 631044 ns, At safepoint: 29538 ns, Total: 660582 ns
[2020-09-12T12:35:05.894+0000][1][safepoint    ] Safepoint "RevokeBias", Time since last: 4529730 ns, Reaching safepoint: 209886 ns, At safepoint: 31200 ns, Total: 241086 ns
[2020-09-12T12:35:05.898+0000][1][safepoint    ] Safepoint "RevokeBias", Time since last: 2674942 ns, Reaching safepoint: 986981 ns, At safepoint: 44209 ns, Total: 1031190 ns
[2020-09-12T12:35:05.900+0000][1][safepoint    ] Safepoint "RevokeBias", Time since last: 1086652 ns, Reaching safepoint: 756653 ns, At safepoint: 27681 ns, Total: 784334 ns
[2020-09-12T12:35:05.901+0000][1][safepoint    ] Safepoint "RevokeBias", Time since last: 363232 ns, Reaching safepoint: 654970 ns, At safepoint: 27422 ns, Total: 682392 ns
[2020-09-12T12:35:05.901+0000][1][safepoint    ] Safepoint "RevokeBias", Time since last: 209696 ns, Reaching safepoint: 118498 ns, At safepoint: 22969 ns, Total: 141467 ns
[2020-09-12T12:35:05.902+0000][1][safepoint    ] Safepoint "RevokeBias", Time since last: 83068 ns, Reaching safepoint: 466468 ns, At safepoint: 23002 ns, Total: 489470 ns
[2020-09-12T12:35:05.903+0000][1][safepoint    ] Safepoint "RevokeBias", Time since last: 435369 ns, Reaching safepoint: 770261 ns, At safepoint: 42465 ns, Total: 812726 ns
[2020-09-12T12:35:05.903+0000][1][safepoint    ] Safepoint "RevokeBias", Time since last: 106587 ns, Reaching safepoint: 253140 ns, At safepoint: 21723 ns, Total: 274863 ns
[2020-09-12T12:35:05.904+0000][1][safepoint    ] Safepoint "RevokeBias", Time since last: 178381 ns, Reaching safepoint: 47907 ns, At safepoint: 12868 ns, Total: 60775 ns
[2020-09-12T12:35:06.904+0000][1][safepoint    ] Safepoint "Cleanup", Time since last: 1000098476 ns, Reaching safepoint: 99296 ns, At safepoint: 10520 ns, Total: 109816 ns
[2020-09-12T12:35:07.904+0000][1][safepoint    ] Safepoint "Cleanup", Time since last: 1000131845 ns, Reaching safepoint: 116936 ns, At safepoint: 10798 ns, Total: 127734 ns
[2020-09-12T12:35:08.596+0000][1][safepoint    ] Safepoint "RevokeBias", Time since last: 691640800 ns, Reaching safepoint: 222137 ns, At safepoint: 22868 ns, Total: 245005 ns
[2020-09-12T12:35:08.598+0000][1][safepoint    ] Safepoint "RevokeBias", Time since last: 1726940 ns, Reaching safepoint: 209299 ns, At safepoint: 32158 ns, Total: 241457 ns
[2020-09-12T12:35:08.598+0000][1][safepoint    ] Safepoint "RevokeBias", Time since last: 344835 ns, Reaching safepoint: 134088 ns, At safepoint: 17022 ns, Total: 151110 ns
[2020-09-12T12:35:08.599+0000][1][safepoint    ] Safepoint "RevokeBias", Time since last: 340058 ns, Reaching safepoint: 132299 ns, At safepoint: 17641 ns, Total: 149940 ns
[2020-09-12T12:35:08.609+0000][1][safepoint    ] Safepoint "RevokeBias", Time since last: 10252210 ns, Reaching safepoint: 228968 ns, At safepoint: 20827 ns, Total: 249795 ns
[2020-09-12T12:35:08.615+0000][1][safepoint    ] Safepoint "RevokeBias", Time since last: 2970855 ns, Reaching safepoint: 2136147 ns, At safepoint: 29561 ns, Total: 2165708 ns
[2020-09-12T12:35:08.628+0000][1][safepoint    ] Safepoint "RevokeBias", Time since last: 7941737 ns, Reaching safepoint: 5050306 ns, At safepoint: 53736 ns, Total: 5104042 ns
[2020-09-12T12:35:08.786+0000][1][safepoint    ] Safepoint "RevokeBias", Time since last: 158209211 ns, Reaching safepoint: 121479 ns, At safepoint: 31526 ns, Total: 153005 ns
[2020-09-12T12:35:08.786+0000][1][safepoint    ] Safepoint "RevokeBias", Time since last: 87400 ns, Reaching safepoint: 78878 ns, At safepoint: 21873 ns, Total: 100751 ns
[2020-09-12T12:35:09.786+0000][1][safepoint    ] Safepoint "Cleanup", Time since last: 1000106472 ns, Reaching safepoint: 108532 ns, At safepoint: 11480 ns, Total: 120012 ns
[2020-09-12T12:35:10.787+0000][1][safepoint    ] Safepoint "Cleanup", Time since last: 1000158696 ns, Reaching safepoint: 106734 ns, At safepoint: 17021 ns, Total: 123755 ns
[2020-09-12T12:35:11.302+0000][1][safepoint    ] Safepoint "RevokeBias", Time since last: 515182626 ns, Reaching safepoint: 94492 ns, At safepoint: 32003 ns, Total: 126495 ns
[2020-09-12T12:35:12.302+0000][1][safepoint    ] Safepoint "Cleanup", Time since last: 1000119244 ns, Reaching safepoint: 99456 ns, At safepoint: 15373 ns, Total: 114829 ns
[2020-09-12T12:35:13.302+0000][1][safepoint    ] Safepoint "Cleanup", Time since last: 1000110499 ns, Reaching safepoint: 98802 ns, At safepoint: 14163 ns, Total: 112965 ns
[2020-09-12T12:35:14.303+0000][1][safepoint    ] Safepoint "Cleanup", Time since last: 1000113681 ns, Reaching safepoint: 88647 ns, At safepoint: 8518 ns, Total: 97165 ns
[2020-09-12T12:35:16.032+0000][1][safepoint    ] Safepoint "Cleanup", Time since last: 1729565773 ns, Reaching safepoint: 181777 ns, At safepoint: 15150 ns, Total: 196927 ns
[2020-09-12T12:35:17.033+0000][1][safepoint    ] Safepoint "Cleanup", Time since last: 1000114657 ns, Reaching safepoint: 140766 ns, At safepoint: 14542 ns, Total: 155308 ns
[2020-09-12T12:35:18.033+0000][1][safepoint    ] Safepoint "Cleanup", Time since last: 1000123397 ns, Reaching safepoint: 107182 ns, At safepoint: 8776 ns, Total: 115958 ns
[2020-09-12T12:35:19.033+0000][1][safepoint    ] Safepoint "Cleanup", Time since last: 1000111944 ns, Reaching safepoint: 97048 ns, At safepoint: 13596 ns, Total: 110644 ns
[2020-09-12T12:35:20.036+0000][1][safepoint    ] Safepoint "Cleanup", Time since last: 1002519269 ns, Reaching safepoint: 105588 ns, At safepoint: 11465 ns, Total: 117053 ns
[2020-09-12T12:35:21.036+0000][1][safepoint    ] Safepoint "Cleanup", Time since last: 1000109065 ns, Reaching safepoint: 100995 ns, At safepoint: 14755 ns, Total: 115750 ns
[2020-09-12T12:35:22.036+0000][1][safepoint    ] Safepoint "Cleanup", Time since last: 1000132618 ns, Reaching safepoint: 100339 ns, At safepoint: 14482 ns, Total: 114821 ns
[2020-09-12T12:35:23.037+0000][1][safepoint    ] Safepoint "Cleanup", Time since last: 1000653672 ns, Reaching safepoint: 197029 ns, At safepoint: 15670 ns, Total: 212699 ns
[2020-09-12T12:35:24.037+0000][1][safepoint    ] Safepoint "Cleanup", Time since last: 1000123323 ns, Reaching safepoint: 187963 ns, At safepoint: 11431 ns, Total: 199394 ns
[2020-09-12T12:35:25.038+0000][1][safepoint    ] Safepoint "Cleanup", Time since last: 1000111283 ns, Reaching safepoint: 115194 ns, At safepoint: 11353 ns, Total: 126547 ns
[2020-09-12T12:35:26.038+0000][1][safepoint    ] Safepoint "Cleanup", Time since last: 1000113034 ns, Reaching safepoint: 110021 ns, At safepoint: 61094 ns, Total: 171115 ns
[2020-09-12T12:35:27.038+0000][1][safepoint    ] Safepoint "Cleanup", Time since last: 1000183372 ns, Reaching safepoint: 108534 ns, At safepoint: 11063 ns, Total: 119597 ns
[2020-09-12T12:35:28.040+0000][1][safepoint    ] Safepoint "Cleanup", Time since last: 1001147440 ns, Reaching safepoint: 106257 ns, At safepoint: 11469 ns, Total: 117726 ns
[2020-09-12T12:35:29.040+0000][1][safepoint    ] Safepoint "Cleanup", Time since last: 1000111847 ns, Reaching safepoint: 103320 ns, At safepoint: 9891 ns, Total: 113211 ns
[2020-09-12T12:35:30.040+0000][1][safepoint    ] Safepoint "Cleanup", Time since last: 1000126875 ns, Reaching safepoint: 98837 ns, At safepoint: 11786 ns, Total: 110623 ns
[2020-09-12T12:35:31.040+0000][1][safepoint    ] Safepoint "Cleanup", Time since last: 1000152178 ns, Reaching safepoint: 96300 ns, At safepoint: 11877 ns, Total: 108177 ns
[2020-09-12T12:35:32.041+0000][1][safepoint    ] Safepoint "Cleanup", Time since last: 1000119463 ns, Reaching safepoint: 97757 ns, At safepoint: 10163 ns, Total: 107920 ns
[2020-09-12T12:35:33.042+0000][1][safepoint    ] Safepoint "Cleanup", Time since last: 1000853397 ns, Reaching safepoint: 127861 ns, At safepoint: 16869 ns, Total: 144730 ns
[2020-09-12T12:35:34.042+0000][1][safepoint    ] Safepoint "Cleanup", Time since last: 1000182918 ns, Reaching safepoint: 116050 ns, At safepoint: 10347 ns, Total: 126397 ns
[2020-09-12T12:35:35.042+0000][1][safepoint    ] Safepoint "Cleanup", Time since last: 1000098125 ns, Reaching safepoint: 104865 ns, At safepoint: 9779 ns, Total: 114644 ns
[2020-09-12T12:35:36.042+0000][1][safepoint    ] Safepoint "Cleanup", Time since last: 1000116134 ns, Reaching safepoint: 106258 ns, At safepoint: 16340 ns, Total: 122598 ns
[2020-09-12T12:35:37.043+0000][1][safepoint    ] Safepoint "Cleanup", Time since last: 1000119326 ns, Reaching safepoint: 99117 ns, At safepoint: 16086 ns, Total: 115203 ns
[2020-09-12T12:35:38.043+0000][1][safepoint    ] Safepoint "Cleanup", Time since last: 1000124559 ns, Reaching safepoint: 110538 ns, At safepoint: 12276 ns, Total: 122814 ns
[2020-09-12T12:35:39.043+0000][1][safepoint    ] Safepoint "Cleanup", Time since last: 1000128819 ns, Reaching safepoint: 125321 ns, At safepoint: 14387 ns, Total: 139708 ns
[2020-09-12T12:35:40.043+0000][1][safepoint    ] Safepoint "Cleanup", Time since last: 1000127857 ns, Reaching safepoint: 95767 ns, At safepoint: 11435 ns, Total: 107202 ns
[2020-09-12T12:35:41.043+0000][1][safepoint    ] Safepoint "Cleanup", Time since last: 1000114928 ns, Reaching safepoint: 100523 ns, At safepoint: 10880 ns, Total: 111403 ns
[2020-09-12T12:35:42.044+0000][1][safepoint    ] Safepoint "Cleanup", Time since last: 1000119772 ns, Reaching safepoint: 98037 ns, At safepoint: 9311 ns, Total: 107348 ns
[2020-09-12T12:35:43.044+0000][1][safepoint    ] Safepoint "Cleanup", Time since last: 1000119420 ns, Reaching safepoint: 116571 ns, At safepoint: 9120 ns, Total: 125691 ns
[2020-09-12T12:35:43.808+0000][1][safepoint    ] Safepoint "RevokeBias", Time since last: 764048900 ns, Reaching safepoint: 107449 ns, At safepoint: 23347 ns, Total: 130796 ns
[2020-09-12T12:35:43.808+0000][1][safepoint    ] Safepoint "RevokeBias", Time since last: 87279 ns, Reaching safepoint: 118353 ns, At safepoint: 15881 ns, Total: 134234 ns
[2020-09-12T12:35:43.809+0000][1][safepoint    ] Safepoint "RevokeBias", Time since last: 63571 ns, Reaching safepoint: 344072 ns, At safepoint: 14264 ns, Total: 358336 ns
[2020-09-12T12:35:43.809+0000][1][safepoint    ] Safepoint "RevokeBias", Time since last: 45244 ns, Reaching safepoint: 35128 ns, At safepoint: 10604 ns, Total: 45732 ns
[2020-09-12T12:35:43.809+0000][1][safepoint    ] Safepoint "RevokeBias", Time since last: 99597 ns, Reaching safepoint: 36322 ns, At safepoint: 10653 ns, Total: 46975 ns
[2020-09-12T12:35:43.809+0000][1][safepoint    ] Safepoint "RevokeBias", Time since last: 198137 ns, Reaching safepoint: 39108 ns, At safepoint: 11511 ns, Total: 50619 ns
[2020-09-12T12:35:43.816+0000][1][safepoint    ] Safepoint "RevokeBias", Time since last: 6645586 ns, Reaching safepoint: 165077 ns, At safepoint: 24072 ns, Total: 189149 ns
[2020-09-12T12:35:44.056+0000][1][gc,start     ] GC(59) Pause Young (Allocation Failure)
[2020-09-12T12:35:44.056+0000][1][gc,task      ] GC(59) Using 2 workers of 2 for evacuation
[2020-09-12T12:35:44.077+0000][1][gc,age       ] GC(59) Desired survivor size 8716288 bytes, new threshold 6 (max threshold 6)
[2020-09-12T12:35:44.077+0000][1][gc,age       ] GC(59) Age table with threshold 6 (max threshold 6)
[2020-09-12T12:35:44.077+0000][1][gc,age       ] GC(59) - age   1:     632232 bytes,     632232 total
[2020-09-12T12:35:44.077+0000][1][gc,age       ] GC(59) - age   2:      62248 bytes,     694480 total
[2020-09-12T12:35:44.077+0000][1][gc,age       ] GC(59) - age   3:      87648 bytes,     782128 total
[2020-09-12T12:35:44.077+0000][1][gc,age       ] GC(59) - age   4:     132856 bytes,     914984 total
[2020-09-12T12:35:44.077+0000][1][gc,age       ] GC(59) - age   5:     252200 bytes,    1167184 total
[2020-09-12T12:35:44.077+0000][1][gc,heap      ] GC(59) ParNew: 137656K->1322K(153344K)
[2020-09-12T12:35:44.077+0000][1][gc,heap      ] GC(59) CMS: 198405K->198405K(1926784K)
[2020-09-12T12:35:44.077+0000][1][gc,metaspace ] GC(59) Metaspace: 95871K->95871K(1138688K)
[2020-09-12T12:35:44.077+0000][1][gc           ] GC(59) Pause Young (Allocation Failure) 328M->195M(2031M) 21.265ms
[2020-09-12T12:35:44.077+0000][1][gc,cpu       ] GC(59) User=0.01s Sys=0.00s Real=0.02s
[2020-09-12T12:35:44.077+0000][1][safepoint    ] Safepoint "GenCollectForAllocation", Time since last: 239657266 ns, Reaching safepoint: 107962 ns, At safepoint: 21318714 ns, Total: 21426676 ns
[2020-09-12T12:35:45.077+0000][1][safepoint    ] Safepoint "Cleanup", Time since last: 1000088814 ns, Reaching safepoint: 105608 ns, At safepoint: 10500 ns, Total: 116108 ns
[2020-09-12T12:35:46.078+0000][1][safepoint    ] Safepoint "Cleanup", Time since last: 1000114793 ns, Reaching safepoint: 97318 ns, At safepoint: 10549 ns, Total: 107867 ns
[2020-09-12T12:35:47.078+0000][1][safepoint    ] Safepoint "Cleanup", Time since last: 1000111778 ns, Reaching safepoint: 124546 ns, At safepoint: 11112 ns, Total: 135658 ns
[2020-09-12T12:35:48.078+0000][1][safepoint    ] Safepoint "Cleanup", Time since last: 1000116207 ns, Reaching safepoint: 86944 ns, At safepoint: 8528 ns, Total: 95472 ns
[2020-09-12T12:35:49.078+0000][1][safepoint    ] Safepoint "Cleanup", Time since last: 1000116777 ns, Reaching safepoint: 94431 ns, At safepoint: 11134 ns, Total: 105565 ns
[2020-09-12T12:35:50.079+0000][1][safepoint    ] Safepoint "Cleanup", Time since last: 1000125665 ns, Reaching safepoint: 99333 ns, At safepoint: 11908 ns, Total: 111241 ns
[2020-09-12T12:35:51.079+0000][1][safepoint    ] Safepoint "Cleanup", Time since last: 1000148945 ns, Reaching safepoint: 102824 ns, At safepoint: 14621 ns, Total: 117445 ns
[2020-09-12T12:35:52.079+0000][1][safepoint    ] Safepoint "Cleanup", Time since last: 1000130509 ns, Reaching safepoint: 91213 ns, At safepoint: 9464 ns, Total: 100677 ns
[2020-09-12T12:35:53.079+0000][1][safepoint    ] Safepoint "Cleanup", Time since last: 1000150737 ns, Reaching safepoint: 96631 ns, At safepoint: 9610 ns, Total: 106241 ns
[2020-09-12T12:35:54.080+0000][1][safepoint    ] Safepoint "Cleanup", Time since last: 1000116222 ns, Reaching safepoint: 89297 ns, At safepoint: 8834 ns, Total: 98131 ns
[2020-09-12T12:35:55.080+0000][1][safepoint    ] Safepoint "Cleanup", Time since last: 1000128487 ns, Reaching safepoint: 95715 ns, At safepoint: 12537 ns, Total: 108252 ns
[2020-09-12T12:35:56.080+0000][1][safepoint    ] Safepoint "Cleanup", Time since last: 1000121392 ns, Reaching safepoint: 98461 ns, At safepoint: 10035 ns, Total: 108496 ns
[2020-09-12T12:35:57.080+0000][1][safepoint    ] Safepoint "Cleanup", Time since last: 1000117370 ns, Reaching safepoint: 94268 ns, At safepoint: 11777 ns, Total: 106045 ns
[2020-09-12T12:35:58.080+0000][1][safepoint    ] Safepoint "Cleanup", Time since last: 1000118711 ns, Reaching safepoint: 101028 ns, At safepoint: 24091 ns, Total: 125119 ns
[2020-09-12T12:35:59.081+0000][1][safepoint    ] Safepoint "Cleanup", Time since last: 1000112664 ns, Reaching safepoint: 126482 ns, At safepoint: 11491 ns, Total: 137973 ns
[2020-09-12T12:36:00.081+0000][1][safepoint    ] Safepoint "Cleanup", Time since last: 1000119184 ns, Reaching safepoint: 94700 ns, At safepoint: 12050 ns, Total: 106750 ns
[2020-09-12T12:36:01.081+0000][1][safepoint    ] Safepoint "Cleanup", Time since last: 1000118695 ns, Reaching safepoint: 95537 ns, At safepoint: 12068 ns, Total: 107605 ns
[2020-09-12T12:36:02.081+0000][1][safepoint    ] Safepoint "Cleanup", Time since last: 1000120602 ns, Reaching safepoint: 100801 ns, At safepoint: 11428 ns, Total: 112229 ns
[2020-09-12T12:36:03.082+0000][1][safepoint    ] Safepoint "Cleanup", Time since last: 1000114343 ns, Reaching safepoint: 86399 ns, At safepoint: 10660 ns, Total: 97059 ns
[2020-09-12T12:36:04.083+0000][1][safepoint    ] Safepoint "Cleanup", Time since last: 1000861046 ns, Reaching safepoint: 165390 ns, At safepoint: 8964 ns, Total: 174354 ns
[2020-09-12T12:36:05.083+0000][1][safepoint    ] Safepoint "Cleanup", Time since last: 1000110350 ns, Reaching safepoint: 108203 ns, At safepoint: 15468 ns, Total: 123671 ns
[2020-09-12T12:36:06.083+0000][1][safepoint    ] Safepoint "Cleanup", Time since last: 1000119642 ns, Reaching safepoint: 106458 ns, At safepoint: 10587 ns, Total: 117045 ns
[2020-09-12T12:36:07.083+0000][1][safepoint    ] Safepoint "Cleanup", Time since last: 1000134513 ns, Reaching safepoint: 98703 ns, At safepoint: 16008 ns, Total: 114711 ns
[2020-09-12T12:36:08.084+0000][1][safepoint    ] Safepoint "Cleanup", Time since last: 1000116382 ns, Reaching safepoint: 101780 ns, At safepoint: 15696 ns, Total: 117476 ns
[2020-09-12T12:36:09.084+0000][1][safepoint    ] Safepoint "Cleanup", Time since last: 1000114197 ns, Reaching safepoint: 95001 ns, At safepoint: 15390 ns, Total: 110391 ns
[2020-09-12T12:36:10.084+0000][1][safepoint    ] Safepoint "Cleanup", Time since last: 1000113993 ns, Reaching safepoint: 92980 ns, At safepoint: 15948 ns, Total: 108928 ns
[2020-09-12T12:36:11.084+0000][1][safepoint    ] Safepoint "Cleanup", Time since last: 1000116234 ns, Reaching safepoint: 97897 ns, At safepoint: 17115 ns, Total: 115012 ns
[2020-09-12T12:36:12.084+0000][1][safepoint    ] Safepoint "Cleanup", Time since last: 1000121857 ns, Reaching safepoint: 96440 ns, At safepoint: 14646 ns, Total: 111086 ns
[2020-09-12T12:36:13.085+0000][1][safepoint    ] Safepoint "Cleanup", Time since last: 1000114215 ns, Reaching safepoint: 152053 ns, At safepoint: 14128 ns, Total: 166181 ns
[2020-09-12T12:36:14.085+0000][1][safepoint    ] Safepoint "Cleanup", Time since last: 1000114873 ns, Reaching safepoint: 115057 ns, At safepoint: 8358 ns, Total: 123415 ns
[2020-09-12T12:36:15.085+0000][1][safepoint    ] Safepoint "Cleanup", Time since last: 1000114138 ns, Reaching safepoint: 99844 ns, At safepoint: 9365 ns, Total: 109209 ns
[2020-09-12T12:36:16.085+0000][1][safepoint    ] Safepoint "Cleanup", Time since last: 1000116279 ns, Reaching safepoint: 105710 ns, At safepoint: 11744 ns, Total: 117454 ns
[2020-09-12T12:36:16.604+0000][1][safepoint    ] Safepoint "RevokeBias", Time since last: 518098357 ns, Reaching safepoint: 91692 ns, At safepoint: 24870 ns, Total: 116562 ns
[2020-09-12T12:36:16.605+0000][1][safepoint    ] Safepoint "RevokeBias", Time since last: 1002233 ns, Reaching safepoint: 74191 ns, At safepoint: 18634 ns, Total: 92825 ns
[2020-09-12T12:36:16.606+0000][1][safepoint    ] Safepoint "RevokeBias", Time since last: 825995 ns, Reaching safepoint: 255586 ns, At safepoint: 31281 ns, Total: 286867 ns
[2020-09-12T12:36:16.607+0000][1][safepoint    ] Safepoint "RevokeBias", Time since last: 767654 ns, Reaching safepoint: 149952 ns, At safepoint: 21077 ns, Total: 171029 ns
[2020-09-12T12:36:16.609+0000][1][safepoint    ] Safepoint "RevokeBias", Time since last: 2395768 ns, Reaching safepoint: 239083 ns, At safepoint: 24650 ns, Total: 263733 ns
[2020-09-12T12:36:16.611+0000][1][safepoint    ] Safepoint "RevokeBias", Time since last: 868919 ns, Reaching safepoint: 152259 ns, At safepoint: 19697 ns, Total: 171956 ns
[2020-09-12T12:36:16.615+0000][1][safepoint    ] Safepoint "RevokeBias", Time since last: 4076749 ns, Reaching safepoint: 195955 ns, At safepoint: 25811 ns, Total: 221766 ns
[2020-09-12T12:36:16.616+0000][1][safepoint    ] Safepoint "RevokeBias", Time since last: 893875 ns, Reaching safepoint: 157398 ns, At safepoint: 19557 ns, Total: 176955 ns
[2020-09-12T12:36:17.616+0000][1][safepoint    ] Safepoint "Cleanup", Time since last: 1000102542 ns, Reaching safepoint: 117976 ns, At safepoint: 8844 ns, Total: 126820 ns
[2020-09-12T12:36:18.616+0000][1][safepoint    ] Safepoint "Cleanup", Time since last: 1000108740 ns, Reaching safepoint: 101815 ns, At safepoint: 10731 ns, Total: 112546 ns
[2020-09-12T12:36:19.617+0000][1][safepoint    ] Safepoint "Cleanup", Time since last: 1000127153 ns, Reaching safepoint: 85708 ns, At safepoint: 10249 ns, Total: 95957 ns
[2020-09-12T12:36:20.617+0000][1][safepoint    ] Safepoint "Cleanup", Time since last: 1000131069 ns, Reaching safepoint: 185208 ns, At safepoint: 23427 ns, Total: 208635 ns
[2020-09-12T12:36:21.617+0000][1][safepoint    ] Safepoint "Cleanup", Time since last: 1000145345 ns, Reaching safepoint: 93388 ns, At safepoint: 10628 ns, Total: 104016 ns
[2020-09-12T12:36:22.617+0000][1][safepoint    ] Safepoint "Cleanup", Time since last: 1000113806 ns, Reaching safepoint: 93740 ns, At safepoint: 9580 ns, Total: 103320 ns
[2020-09-12T12:36:23.618+0000][1][safepoint    ] Safepoint "Cleanup", Time since last: 1000116534 ns, Reaching safepoint: 94353 ns, At safepoint: 10279 ns, Total: 104632 ns
[2020-09-12T12:36:24.047+0000][1][gc,start     ] GC(60) Pause Young (Allocation Failure)
[2020-09-12T12:36:24.047+0000][1][gc,task      ] GC(60) Using 2 workers of 2 for evacuation
[2020-09-12T12:36:24.060+0000][1][gc,age       ] GC(60) Desired survivor size 8716288 bytes, new threshold 6 (max threshold 6)
[2020-09-12T12:36:24.060+0000][1][gc,age       ] GC(60) Age table with threshold 6 (max threshold 6)
[2020-09-12T12:36:24.060+0000][1][gc,age       ] GC(60) - age   1:     878848 bytes,     878848 total
[2020-09-12T12:36:24.060+0000][1][gc,age       ] GC(60) - age   2:     234816 bytes,    1113664 total
[2020-09-12T12:36:24.060+0000][1][gc,age       ] GC(60) - age   3:      61584 bytes,    1175248 total
[2020-09-12T12:36:24.060+0000][1][gc,age       ] GC(60) - age   4:      87584 bytes,    1262832 total
[2020-09-12T12:36:24.060+0000][1][gc,age       ] GC(60) - age   5:     132856 bytes,    1395688 total
[2020-09-12T12:36:24.060+0000][1][gc,age       ] GC(60) - age   6:     252168 bytes,    1647856 total
[2020-09-12T12:36:24.060+0000][1][gc,heap      ] GC(60) ParNew: 137642K->2150K(153344K)
[2020-09-12T12:36:24.060+0000][1][gc,heap      ] GC(60) CMS: 198405K->198405K(1926784K)
[2020-09-12T12:36:24.060+0000][1][gc,metaspace ] GC(60) Metaspace: 96000K->96000K(1138688K)
[2020-09-12T12:36:24.060+0000][1][gc           ] GC(60) Pause Young (Allocation Failure) 328M->195M(2031M) 13.801ms
[2020-09-12T12:36:24.060+0000][1][gc,cpu       ] GC(60) User=0.02s Sys=0.00s Real=0.01s
[2020-09-12T12:36:24.060+0000][1][safepoint    ] Safepoint "GenCollectForAllocation", Time since last: 428796776 ns, Reaching safepoint: 173867 ns, At safepoint: 13859360 ns, Total: 14033227 ns
[2020-09-12T12:36:25.061+0000][1][safepoint    ] Safepoint "Cleanup", Time since last: 1000086687 ns, Reaching safepoint: 98063 ns, At safepoint: 10852 ns, Total: 108915 ns
[2020-09-12T12:36:26.061+0000][1][safepoint    ] Safepoint "Cleanup", Time since last: 1000233851 ns, Reaching safepoint: 96719 ns, At safepoint: 9081 ns, Total: 105800 ns
[2020-09-12T12:36:27.061+0000][1][safepoint    ] Safepoint "Cleanup", Time since last: 1000141056 ns, Reaching safepoint: 95110 ns, At safepoint: 11395 ns, Total: 106505 ns
[2020-09-12T12:36:28.061+0000][1][safepoint    ] Safepoint "Cleanup", Time since last: 1000119464 ns, Reaching safepoint: 97678 ns, At safepoint: 53365 ns, Total: 151043 ns
[2020-09-12T12:36:29.062+0000][1][safepoint    ] Safepoint "Cleanup", Time since last: 1000118538 ns, Reaching safepoint: 96707 ns, At safepoint: 10080 ns, Total: 106787 ns
[2020-09-12T12:36:30.062+0000][1][safepoint    ] Safepoint "Cleanup", Time since last: 1000116471 ns, Reaching safepoint: 101974 ns, At safepoint: 11362 ns, Total: 113336 ns
[2020-09-12T12:36:31.062+0000][1][safepoint    ] Safepoint "Cleanup", Time since last: 1000117928 ns, Reaching safepoint: 91146 ns, At safepoint: 10679 ns, Total: 101825 ns
[2020-09-12T12:36:32.062+0000][1][safepoint    ] Safepoint "Cleanup", Time since last: 1000112202 ns, Reaching safepoint: 94176 ns, At safepoint: 10847 ns, Total: 105023 ns
[2020-09-12T12:36:33.063+0000][1][safepoint    ] Safepoint "Cleanup", Time since last: 1000115478 ns, Reaching safepoint: 95562 ns, At safepoint: 7600 ns, Total: 103162 ns
[2020-09-12T12:36:34.063+0000][1][safepoint    ] Safepoint "Cleanup", Time since last: 1000128096 ns, Reaching safepoint: 91735 ns, At safepoint: 9944 ns, Total: 101679 ns
[2020-09-12T12:36:35.063+0000][1][safepoint    ] Safepoint "Cleanup", Time since last: 1000113309 ns, Reaching safepoint: 96011 ns, At safepoint: 12276 ns, Total: 108287 ns
[2020-09-12T12:36:36.063+0000][1][safepoint    ] Safepoint "Cleanup", Time since last: 1000122429 ns, Reaching safepoint: 100914 ns, At safepoint: 10132 ns, Total: 111046 ns
[2020-09-12T12:36:37.064+0000][1][safepoint    ] Safepoint "Cleanup", Time since last: 1000120036 ns, Reaching safepoint: 96702 ns, At safepoint: 8677 ns, Total: 105379 ns
[2020-09-12T12:36:38.064+0000][1][safepoint    ] Safepoint "Cleanup", Time since last: 1000120721 ns, Reaching safepoint: 99615 ns, At safepoint: 11042 ns, Total: 110657 ns
[2020-09-12T12:36:39.064+0000][1][safepoint    ] Safepoint "Cleanup", Time since last: 1000132958 ns, Reaching safepoint: 92356 ns, At safepoint: 11153 ns, Total: 103509 ns
[2020-09-12T12:36:40.064+0000][1][safepoint    ] Safepoint "Cleanup", Time since last: 1000129741 ns, Reaching safepoint: 122766 ns, At safepoint: 14793 ns, Total: 137559 ns
[2020-09-12T12:36:41.064+0000][1][safepoint    ] Safepoint "Cleanup", Time since last: 1000126829 ns, Reaching safepoint: 103865 ns, At safepoint: 11025 ns, Total: 114890 ns
[2020-09-12T12:36:42.065+0000][1][safepoint    ] Safepoint "Cleanup", Time since last: 1000196541 ns, Reaching safepoint: 94676 ns, At safepoint: 11313 ns, Total: 105989 ns
[2020-09-12T12:36:43.065+0000][1][safepoint    ] Safepoint "Cleanup", Time since last: 1000168117 ns, Reaching safepoint: 90942 ns, At safepoint: 7907 ns, Total: 98849 ns
[2020-09-12T12:36:44.065+0000][1][safepoint    ] Safepoint "Cleanup", Time since last: 1000118995 ns, Reaching safepoint: 118529 ns, At safepoint: 20138 ns, Total: 138667 ns
[2020-09-12T12:36:45.066+0000][1][safepoint    ] Safepoint "Cleanup", Time since last: 1000126246 ns, Reaching safepoint: 106996 ns, At safepoint: 12357 ns, Total: 119353 ns
[2020-09-12T12:36:46.066+0000][1][safepoint    ] Safepoint "Cleanup", Time since last: 1000119643 ns, Reaching safepoint: 93154 ns, At safepoint: 9995 ns, Total: 103149 ns
[2020-09-12T12:36:47.066+0000][1][safepoint    ] Safepoint "Cleanup", Time since last: 1000134401 ns, Reaching safepoint: 89615 ns, At safepoint: 8135 ns, Total: 97750 ns
[2020-09-12T12:36:48.066+0000][1][safepoint    ] Safepoint "Cleanup", Time since last: 1000129635 ns, Reaching safepoint: 98160 ns, At safepoint: 12970 ns, Total: 111130 ns
[2020-09-12T12:36:49.067+0000][1][safepoint    ] Safepoint "Cleanup", Time since last: 1000141185 ns, Reaching safepoint: 150075 ns, At safepoint: 16248 ns, Total: 166323 ns
[2020-09-12T12:36:50.067+0000][1][safepoint    ] Safepoint "Cleanup", Time since last: 1000122863 ns, Reaching safepoint: 98073 ns, At safepoint: 12588 ns, Total: 110661 ns
[2020-09-12T12:36:51.067+0000][1][safepoint    ] Safepoint "Cleanup", Time since last: 1000154411 ns, Reaching safepoint: 93824 ns, At safepoint: 11817 ns, Total: 105641 ns
[2020-09-12T12:36:52.067+0000][1][safepoint    ] Safepoint "Cleanup", Time since last: 1000120139 ns, Reaching safepoint: 88854 ns, At safepoint: 9011 ns, Total: 97865 ns
[2020-09-12T12:36:53.067+0000][1][safepoint    ] Safepoint "Cleanup", Time since last: 1000125517 ns, Reaching safepoint: 83359 ns, At safepoint: 7733 ns, Total: 91092 ns
[2020-09-12T12:36:54.068+0000][1][safepoint    ] Safepoint "Cleanup", Time since last: 1000557568 ns, Reaching safepoint: 83038 ns, At safepoint: 6719 ns, Total: 89757 ns
[2020-09-12T12:36:55.068+0000][1][safepoint    ] Safepoint "Cleanup", Time since last: 1000112607 ns, Reaching safepoint: 99931 ns, At safepoint: 12514 ns, Total: 112445 ns
[2020-09-12T12:36:56.069+0000][1][safepoint    ] Safepoint "Cleanup", Time since last: 1000116958 ns, Reaching safepoint: 121046 ns, At safepoint: 8687 ns, Total: 129733 ns
[2020-09-12T12:36:57.069+0000][1][safepoint    ] Safepoint "Cleanup", Time since last: 1000149475 ns, Reaching safepoint: 120801 ns, At safepoint: 11440 ns, Total: 132241 ns
[2020-09-12T12:36:58.069+0000][1][safepoint    ] Safepoint "Cleanup", Time since last: 1000184878 ns, Reaching safepoint: 90121 ns, At safepoint: 8808 ns, Total: 98929 ns
[2020-09-12T12:36:59.069+0000][1][safepoint    ] Safepoint "Cleanup", Time since last: 1000148656 ns, Reaching safepoint: 157306 ns, At safepoint: 15405 ns, Total: 172711 ns
[2020-09-12T12:37:00.070+0000][1][safepoint    ] Safepoint "Cleanup", Time since last: 1000140705 ns, Reaching safepoint: 90657 ns, At safepoint: 10833 ns, Total: 101490 ns
[2020-09-12T12:37:01.070+0000][1][safepoint    ] Safepoint "Cleanup", Time since last: 1000135910 ns, Reaching safepoint: 98175 ns, At safepoint: 12408 ns, Total: 110583 ns
[2020-09-12T12:37:02.070+0000][1][safepoint    ] Safepoint "Cleanup", Time since last: 1000120909 ns, Reaching safepoint: 94866 ns, At safepoint: 10369 ns, Total: 105235 ns
[2020-09-12T12:37:03.070+0000][1][safepoint    ] Safepoint "Cleanup", Time since last: 1000114879 ns, Reaching safepoint: 88963 ns, At safepoint: 6824 ns, Total: 95787 ns
[2020-09-12T12:37:04.071+0000][1][safepoint    ] Safepoint "Cleanup", Time since last: 1000125456 ns, Reaching safepoint: 99922 ns, At safepoint: 8578 ns, Total: 108500 ns
[2020-09-12T12:37:05.071+0000][1][safepoint    ] Safepoint "Cleanup", Time since last: 1000117630 ns, Reaching safepoint: 113294 ns, At safepoint: 11247 ns, Total: 124541 ns
[2020-09-12T12:37:05.441+0000][1][gc,start     ] GC(61) Pause Young (Allocation Failure)
[2020-09-12T12:37:05.441+0000][1][gc,task      ] GC(61) Using 2 workers of 2 for evacuation
[2020-09-12T12:37:05.456+0000][1][gc,age       ] GC(61) Desired survivor size 8716288 bytes, new threshold 6 (max threshold 6)
[2020-09-12T12:37:05.456+0000][1][gc,age       ] GC(61) Age table with threshold 6 (max threshold 6)
[2020-09-12T12:37:05.456+0000][1][gc,age       ] GC(61) - age   1:     614112 bytes,     614112 total
[2020-09-12T12:37:05.456+0000][1][gc,age       ] GC(61) - age   2:     443704 bytes,    1057816 total
[2020-09-12T12:37:05.456+0000][1][gc,age       ] GC(61) - age   3:     215192 bytes,    1273008 total
[2020-09-12T12:37:05.456+0000][1][gc,age       ] GC(61) - age   4:      61520 bytes,    1334528 total
[2020-09-12T12:37:05.456+0000][1][gc,age       ] GC(61) - age   5:      79072 bytes,    1413600 total
[2020-09-12T12:37:05.456+0000][1][gc,age       ] GC(61) - age   6:     132856 bytes,    1546456 total
[2020-09-12T12:37:05.456+0000][1][gc,heap      ] GC(61) ParNew: 138470K->2213K(153344K)
[2020-09-12T12:37:05.456+0000][1][gc,heap      ] GC(61) CMS: 198405K->198652K(1926784K)
[2020-09-12T12:37:05.456+0000][1][gc,metaspace ] GC(61) Metaspace: 96112K->96112K(1138688K)
[2020-09-12T12:37:05.456+0000][1][gc           ] GC(61) Pause Young (Allocation Failure) 328M->196M(2031M) 15.563ms
[2020-09-12T12:37:05.456+0000][1][gc,cpu       ] GC(61) User=0.02s Sys=0.00s Real=0.02s
[2020-09-12T12:37:05.456+0000][1][safepoint    ] Safepoint "GenCollectForAllocation", Time since last: 369492224 ns, Reaching safepoint: 201875 ns, At safepoint: 15620914 ns, Total: 15822789 ns
[2020-09-12T12:37:06.456+0000][1][safepoint    ] Safepoint "Cleanup", Time since last: 1000086643 ns, Reaching safepoint: 88920 ns, At safepoint: 10904 ns, Total: 99824 ns
[2020-09-12T12:37:07.457+0000][1][safepoint    ] Safepoint "Cleanup", Time since last: 1000120219 ns, Reaching safepoint: 94496 ns, At safepoint: 11276 ns, Total: 105772 ns
[2020-09-12T12:37:08.457+0000][1][safepoint    ] Safepoint "Cleanup", Time since last: 1000159706 ns, Reaching safepoint: 99503 ns, At safepoint: 12010 ns, Total: 111513 ns
[2020-09-12T12:37:09.457+0000][1][safepoint    ] Safepoint "Cleanup", Time since last: 1000148877 ns, Reaching safepoint: 93394 ns, At safepoint: 10626 ns, Total: 104020 ns
[2020-09-12T12:37:10.457+0000][1][safepoint    ] Safepoint "Cleanup", Time since last: 1000117917 ns, Reaching safepoint: 90665 ns, At safepoint: 10073 ns, Total: 100738 ns
[2020-09-12T12:37:11.458+0000][1][safepoint    ] Safepoint "Cleanup", Time since last: 1000111707 ns, Reaching safepoint: 87951 ns, At safepoint: 9544 ns, Total: 97495 ns
[2020-09-12T12:37:12.458+0000][1][safepoint    ] Safepoint "Cleanup", Time since last: 1000130677 ns, Reaching safepoint: 89387 ns, At safepoint: 25024 ns, Total: 114411 ns
[2020-09-12T12:37:13.458+0000][1][safepoint    ] Safepoint "Cleanup", Time since last: 1000111762 ns, Reaching safepoint: 90290 ns, At safepoint: 9726 ns, Total: 100016 ns
[2020-09-12T12:37:14.458+0000][1][safepoint    ] Safepoint "Cleanup", Time since last: 1000149977 ns, Reaching safepoint: 147133 ns, At safepoint: 13973 ns, Total: 161106 ns
[2020-09-12T12:37:15.459+0000][1][safepoint    ] Safepoint "Cleanup", Time since last: 1000543790 ns, Reaching safepoint: 94122 ns, At safepoint: 7726 ns, Total: 101848 ns
[2020-09-12T12:37:16.459+0000][1][safepoint    ] Safepoint "Cleanup", Time since last: 1000118417 ns, Reaching safepoint: 99320 ns, At safepoint: 11079 ns, Total: 110399 ns
[2020-09-12T12:37:17.459+0000][1][safepoint    ] Safepoint "Cleanup", Time since last: 1000114844 ns, Reaching safepoint: 96386 ns, At safepoint: 11541 ns, Total: 107927 ns
[2020-09-12T12:37:18.460+0000][1][safepoint    ] Safepoint "Cleanup", Time since last: 1000123950 ns, Reaching safepoint: 94467 ns, At safepoint: 10448 ns, Total: 104915 ns
[2020-09-12T12:37:19.460+0000][1][safepoint    ] Safepoint "Cleanup", Time since last: 1000124963 ns, Reaching safepoint: 114857 ns, At safepoint: 10958 ns, Total: 125815 ns
[2020-09-12T12:37:20.460+0000][1][safepoint    ] Safepoint "Cleanup", Time since last: 1000131905 ns, Reaching safepoint: 95719 ns, At safepoint: 11270 ns, Total: 106989 ns
[2020-09-12T12:37:21.460+0000][1][safepoint    ] Safepoint "Cleanup", Time since last: 1000120924 ns, Reaching safepoint: 113611 ns, At safepoint: 11461 ns, Total: 125072 ns
[2020-09-12T12:37:22.461+0000][1][safepoint    ] Safepoint "Cleanup", Time since last: 1000122467 ns, Reaching safepoint: 97168 ns, At safepoint: 28400 ns, Total: 125568 ns
[2020-09-12T12:37:23.461+0000][1][safepoint    ] Safepoint "Cleanup", Time since last: 1000114738 ns, Reaching safepoint: 95824 ns, At safepoint: 10041 ns, Total: 105865 ns
[2020-09-12T12:37:24.461+0000][1][safepoint    ] Safepoint "Cleanup", Time since last: 1000115599 ns, Reaching safepoint: 112856 ns, At safepoint: 10847 ns, Total: 123703 ns
[2020-09-12T12:37:25.461+0000][1][safepoint    ] Safepoint "Cleanup", Time since last: 1000112782 ns, Reaching safepoint: 93307 ns, At safepoint: 10409 ns, Total: 103716 ns
[2020-09-12T12:37:26.462+0000][1][safepoint    ] Safepoint "Cleanup", Time since last: 1000117138 ns, Reaching safepoint: 103962 ns, At safepoint: 12261 ns, Total: 116223 ns
[2020-09-12T12:37:27.462+0000][1][safepoint    ] Safepoint "Cleanup", Time since last: 1000121947 ns, Reaching safepoint: 114231 ns, At safepoint: 11287 ns, Total: 125518 ns
[2020-09-12T12:37:28.462+0000][1][safepoint    ] Safepoint "Cleanup", Time since last: 1000119479 ns, Reaching safepoint: 109614 ns, At safepoint: 13123 ns, Total: 122737 ns
[2020-09-12T12:37:29.462+0000][1][safepoint    ] Safepoint "Cleanup", Time since last: 1000117767 ns, Reaching safepoint: 102471 ns, At safepoint: 12243 ns, Total: 114714 ns
[2020-09-12T12:37:30.463+0000][1][safepoint    ] Safepoint "Cleanup", Time since last: 1000124926 ns, Reaching safepoint: 98831 ns, At safepoint: 11223 ns, Total: 110054 ns
[2020-09-12T12:37:31.463+0000][1][safepoint    ] Safepoint "Cleanup", Time since last: 1000117229 ns, Reaching safepoint: 97181 ns, At safepoint: 10583 ns, Total: 107764 ns
[2020-09-12T12:37:32.463+0000][1][safepoint    ] Safepoint "Cleanup", Time since last: 1000119395 ns, Reaching safepoint: 104924 ns, At safepoint: 11130 ns, Total: 116054 ns
[2020-09-12T12:37:33.463+0000][1][safepoint    ] Safepoint "Cleanup", Time since last: 1000121061 ns, Reaching safepoint: 101117 ns, At safepoint: 11414 ns, Total: 112531 ns
[2020-09-12T12:37:34.463+0000][1][safepoint    ] Safepoint "Cleanup", Time since last: 1000114798 ns, Reaching safepoint: 129059 ns, At safepoint: 9432 ns, Total: 138491 ns
[2020-09-12T12:37:35.464+0000][1][safepoint    ] Safepoint "Cleanup", Time since last: 1000132897 ns, Reaching safepoint: 136096 ns, At safepoint: 12068 ns, Total: 148164 ns
[2020-09-12T12:37:36.464+0000][1][safepoint    ] Safepoint "Cleanup", Time since last: 1000117279 ns, Reaching safepoint: 107047 ns, At safepoint: 12431 ns, Total: 119478 ns
[2020-09-12T12:37:37.464+0000][1][safepoint    ] Safepoint "Cleanup", Time since last: 1000154661 ns, Reaching safepoint: 125457 ns, At safepoint: 10840 ns, Total: 136297 ns
[2020-09-12T12:37:38.465+0000][1][safepoint    ] Safepoint "Cleanup", Time since last: 1000107248 ns, Reaching safepoint: 115446 ns, At safepoint: 12758 ns, Total: 128204 ns
[2020-09-12T12:37:39.465+0000][1][safepoint    ] Safepoint "Cleanup", Time since last: 1000120042 ns, Reaching safepoint: 107470 ns, At safepoint: 12023 ns, Total: 119493 ns
[2020-09-12T12:37:40.465+0000][1][safepoint    ] Safepoint "Cleanup", Time since last: 1000114990 ns, Reaching safepoint: 132696 ns, At safepoint: 12944 ns, Total: 145640 ns
[2020-09-12T12:37:41.465+0000][1][safepoint    ] Safepoint "Cleanup", Time since last: 1000121903 ns, Reaching safepoint: 102933 ns, At safepoint: 10880 ns, Total: 113813 ns
[2020-09-12T12:37:42.465+0000][1][safepoint    ] Safepoint "Cleanup", Time since last: 1000117235 ns, Reaching safepoint: 98677 ns, At safepoint: 12056 ns, Total: 110733 ns
[2020-09-12T12:37:43.466+0000][1][safepoint    ] Safepoint "Cleanup", Time since last: 1000131220 ns, Reaching safepoint: 137857 ns, At safepoint: 15708 ns, Total: 153565 ns
[2020-09-12T12:37:44.466+0000][1][safepoint    ] Safepoint "Cleanup", Time since last: 1000143158 ns, Reaching safepoint: 103137 ns, At safepoint: 10879 ns, Total: 114016 ns
[2020-09-12T12:37:45.466+0000][1][safepoint    ] Safepoint "Cleanup", Time since last: 1000123475 ns, Reaching safepoint: 96593 ns, At safepoint: 12423 ns, Total: 109016 ns
[2020-09-12T12:37:46.467+0000][1][safepoint    ] Safepoint "Cleanup", Time since last: 1000132464 ns, Reaching safepoint: 137816 ns, At safepoint: 14433 ns, Total: 152249 ns
[2020-09-12T12:37:47.467+0000][1][safepoint    ] Safepoint "Cleanup", Time since last: 1000126930 ns, Reaching safepoint: 91349 ns, At safepoint: 8121 ns, Total: 99470 ns
[2020-09-12T12:37:48.467+0000][1][safepoint    ] Safepoint "Cleanup", Time since last: 1000136454 ns, Reaching safepoint: 127887 ns, At safepoint: 18664 ns, Total: 146551 ns
[2020-09-12T12:37:49.467+0000][1][safepoint    ] Safepoint "Cleanup", Time since last: 1000129290 ns, Reaching safepoint: 96449 ns, At safepoint: 11561 ns, Total: 108010 ns
[2020-09-12T12:37:50.468+0000][1][safepoint    ] Safepoint "Cleanup", Time since last: 1000123381 ns, Reaching safepoint: 118130 ns, At safepoint: 11961 ns, Total: 130091 ns
[2020-09-12T12:37:51.468+0000][1][safepoint    ] Safepoint "Cleanup", Time since last: 1000113356 ns, Reaching safepoint: 110428 ns, At safepoint: 12586 ns, Total: 123014 ns
[2020-09-12T12:37:52.468+0000][1][safepoint    ] Safepoint "Cleanup", Time since last: 1000119999 ns, Reaching safepoint: 100489 ns, At safepoint: 11293 ns, Total: 111782 ns
[2020-09-12T12:37:53.468+0000][1][safepoint    ] Safepoint "Cleanup", Time since last: 1000135728 ns, Reaching safepoint: 130544 ns, At safepoint: 17131 ns, Total: 147675 ns
[2020-09-12T12:37:54.160+0000][1][gc,start     ] GC(62) Pause Young (Allocation Failure)
[2020-09-12T12:37:54.160+0000][1][gc,task      ] GC(62) Using 2 workers of 2 for evacuation
[2020-09-12T12:37:54.175+0000][1][gc,age       ] GC(62) Desired survivor size 8716288 bytes, new threshold 6 (max threshold 6)
[2020-09-12T12:37:54.175+0000][1][gc,age       ] GC(62) Age table with threshold 6 (max threshold 6)
[2020-09-12T12:37:54.175+0000][1][gc,age       ] GC(62) - age   1:     556592 bytes,     556592 total
[2020-09-12T12:37:54.175+0000][1][gc,age       ] GC(62) - age   2:     143416 bytes,     700008 total
[2020-09-12T12:37:54.175+0000][1][gc,age       ] GC(62) - age   3:     443432 bytes,    1143440 total
[2020-09-12T12:37:54.175+0000][1][gc,age       ] GC(62) - age   4:     215064 bytes,    1358504 total
[2020-09-12T12:37:54.175+0000][1][gc,age       ] GC(62) - age   5:      61104 bytes,    1419608 total
[2020-09-12T12:37:54.175+0000][1][gc,age       ] GC(62) - age   6:      79040 bytes,    1498648 total
[2020-09-12T12:37:54.175+0000][1][gc,heap      ] GC(62) ParNew: 138533K->2252K(153344K)
[2020-09-12T12:37:54.175+0000][1][gc,heap      ] GC(62) CMS: 198652K->198782K(1926784K)
[2020-09-12T12:37:54.175+0000][1][gc,metaspace ] GC(62) Metaspace: 96153K->96153K(1138688K)
[2020-09-12T12:37:54.175+0000][1][gc           ] GC(62) Pause Young (Allocation Failure) 329M->196M(2031M) 14.862ms
[2020-09-12T12:37:54.175+0000][1][gc,cpu       ] GC(62) User=0.02s Sys=0.00s Real=0.02s
[2020-09-12T12:37:54.175+0000][1][safepoint    ] Safepoint "GenCollectForAllocation", Time since last: 690975648 ns, Reaching safepoint: 522691 ns, At safepoint: 14921341 ns, Total: 15444032 ns
[2020-09-12T12:37:55.175+0000][1][safepoint    ] Safepoint "Cleanup", Time since last: 1000096257 ns, Reaching safepoint: 103627 ns, At safepoint: 11557 ns, Total: 115184 ns
[2020-09-12T12:37:56.175+0000][1][safepoint    ] Safepoint "Cleanup", Time since last: 1000124708 ns, Reaching safepoint: 99269 ns, At safepoint: 8802 ns, Total: 108071 ns
[2020-09-12T12:37:57.175+0000][1][safepoint    ] Safepoint "Cleanup", Time since last: 1000130035 ns, Reaching safepoint: 99429 ns, At safepoint: 8869 ns, Total: 108298 ns
[2020-09-12T12:37:58.176+0000][1][safepoint    ] Safepoint "Cleanup", Time since last: 1000180731 ns, Reaching safepoint: 94015 ns, At safepoint: 8226 ns, Total: 102241 ns
[2020-09-12T12:37:59.176+0000][1][safepoint    ] Safepoint "Cleanup", Time since last: 1000126149 ns, Reaching safepoint: 98888 ns, At safepoint: 10908 ns, Total: 109796 ns
[2020-09-12T12:38:00.176+0000][1][safepoint    ] Safepoint "Cleanup", Time since last: 1000215067 ns, Reaching safepoint: 103901 ns, At safepoint: 14876 ns, Total: 118777 ns
[2020-09-12T12:38:01.176+0000][1][safepoint    ] Safepoint "Cleanup", Time since last: 1000133411 ns, Reaching safepoint: 99853 ns, At safepoint: 9353 ns, Total: 109206 ns
[2020-09-12T12:38:02.177+0000][1][safepoint    ] Safepoint "Cleanup", Time since last: 1000113052 ns, Reaching safepoint: 191228 ns, At safepoint: 8010 ns, Total: 199238 ns
[2020-09-12T12:38:03.177+0000][1][safepoint    ] Safepoint "Cleanup", Time since last: 1000088137 ns, Reaching safepoint: 123501 ns, At safepoint: 9187 ns, Total: 132688 ns
[2020-09-12T12:38:04.178+0000][1][safepoint    ] Safepoint "Cleanup", Time since last: 1000450415 ns, Reaching safepoint: 126100 ns, At safepoint: 9298 ns, Total: 135398 ns
[2020-09-12T12:38:05.178+0000][1][safepoint    ] Safepoint "Cleanup", Time since last: 1000117619 ns, Reaching safepoint: 108389 ns, At safepoint: 11381 ns, Total: 119770 ns
[2020-09-12T12:38:06.178+0000][1][safepoint    ] Safepoint "Cleanup", Time since last: 1000114486 ns, Reaching safepoint: 106836 ns, At safepoint: 7765 ns, Total: 114601 ns
[2020-09-12T12:38:07.178+0000][1][safepoint    ] Safepoint "Cleanup", Time since last: 1000121224 ns, Reaching safepoint: 96140 ns, At safepoint: 10047 ns, Total: 106187 ns
[2020-09-12T12:38:08.179+0000][1][safepoint    ] Safepoint "Cleanup", Time since last: 1000105866 ns, Reaching safepoint: 93668 ns, At safepoint: 8476 ns, Total: 102144 ns
[2020-09-12T12:38:09.179+0000][1][safepoint    ] Safepoint "Cleanup", Time since last: 1000119388 ns, Reaching safepoint: 97736 ns, At safepoint: 10451 ns, Total: 108187 ns
[2020-09-12T12:38:10.179+0000][1][safepoint    ] Safepoint "Cleanup", Time since last: 1000111012 ns, Reaching safepoint: 92349 ns, At safepoint: 8512 ns, Total: 100861 ns
[2020-09-12T12:38:11.179+0000][1][safepoint    ] Safepoint "Cleanup", Time since last: 1000115969 ns, Reaching safepoint: 105934 ns, At safepoint: 11429 ns, Total: 117363 ns
[2020-09-12T12:38:12.180+0000][1][safepoint    ] Safepoint "Cleanup", Time since last: 1000147259 ns, Reaching safepoint: 192385 ns, At safepoint: 19832 ns, Total: 212217 ns
[2020-09-12T12:38:13.180+0000][1][safepoint    ] Safepoint "Cleanup", Time since last: 1000156190 ns, Reaching safepoint: 97446 ns, At safepoint: 9836 ns, Total: 107282 ns
[2020-09-12T12:38:14.180+0000][1][safepoint    ] Safepoint "Cleanup", Time since last: 1000130124 ns, Reaching safepoint: 98846 ns, At safepoint: 11067 ns, Total: 109913 ns
[2020-09-12T12:38:15.180+0000][1][safepoint    ] Safepoint "Cleanup", Time since last: 1000122600 ns, Reaching safepoint: 102744 ns, At safepoint: 10672 ns, Total: 113416 ns
[2020-09-12T12:38:16.181+0000][1][safepoint    ] Safepoint "Cleanup", Time since last: 1000116746 ns, Reaching safepoint: 105089 ns, At safepoint: 9032 ns, Total: 114121 ns
[2020-09-12T12:38:17.181+0000][1][safepoint    ] Safepoint "Cleanup", Time since last: 1000076581 ns, Reaching safepoint: 135826 ns, At safepoint: 8540 ns, Total: 144366 ns
[2020-09-12T12:38:18.181+0000][1][safepoint    ] Safepoint "Cleanup", Time since last: 1000148295 ns, Reaching safepoint: 100414 ns, At safepoint: 8673 ns, Total: 109087 ns
[2020-09-12T12:38:19.181+0000][1][safepoint    ] Safepoint "Cleanup", Time since last: 1000138635 ns, Reaching safepoint: 101790 ns, At safepoint: 11658 ns, Total: 113448 ns
[2020-09-12T12:38:20.181+0000][1][safepoint    ] Safepoint "Cleanup", Time since last: 1000119388 ns, Reaching safepoint: 97428 ns, At safepoint: 10254 ns, Total: 107682 ns
[2020-09-12T12:38:21.182+0000][1][safepoint    ] Safepoint "Cleanup", Time since last: 1000112534 ns, Reaching safepoint: 129465 ns, At safepoint: 12312 ns, Total: 141777 ns
[2020-09-12T12:38:22.182+0000][1][safepoint    ] Safepoint "Cleanup", Time since last: 1000120992 ns, Reaching safepoint: 95247 ns, At safepoint: 8130 ns, Total: 103377 ns
[2020-09-12T12:38:23.182+0000][1][safepoint    ] Safepoint "Cleanup", Time since last: 1000111998 ns, Reaching safepoint: 95204 ns, At safepoint: 9969 ns, Total: 105173 ns
[2020-09-12T12:38:24.182+0000][1][safepoint    ] Safepoint "Cleanup", Time since last: 1000122797 ns, Reaching safepoint: 94054 ns, At safepoint: 8427 ns, Total: 102481 ns
[2020-09-12T12:38:25.183+0000][1][safepoint    ] Safepoint "Cleanup", Time since last: 1000118384 ns, Reaching safepoint: 101338 ns, At safepoint: 11784 ns, Total: 113122 ns
[2020-09-12T12:38:26.183+0000][1][safepoint    ] Safepoint "Cleanup", Time since last: 1000132576 ns, Reaching safepoint: 100739 ns, At safepoint: 10636 ns, Total: 111375 ns
[2020-09-12T12:38:27.183+0000][1][safepoint    ] Safepoint "Cleanup", Time since last: 1000120420 ns, Reaching safepoint: 104699 ns, At safepoint: 10383 ns, Total: 115082 ns
[2020-09-12T12:38:28.183+0000][1][safepoint    ] Safepoint "Cleanup", Time since last: 1000166295 ns, Reaching safepoint: 150387 ns, At safepoint: 8815 ns, Total: 159202 ns
[2020-09-12T12:38:29.184+0000][1][safepoint    ] Safepoint "Cleanup", Time since last: 1000117230 ns, Reaching safepoint: 92959 ns, At safepoint: 8198 ns, Total: 101157 ns
[2020-09-12T12:38:30.187+0000][1][safepoint    ] Safepoint "Cleanup", Time since last: 1002840846 ns, Reaching safepoint: 102592 ns, At safepoint: 8562 ns, Total: 111154 ns
[2020-09-12T12:38:31.187+0000][1][safepoint    ] Safepoint "Cleanup", Time since last: 1000114135 ns, Reaching safepoint: 105218 ns, At safepoint: 9104 ns, Total: 114322 ns
[2020-09-12T12:38:32.187+0000][1][safepoint    ] Safepoint "Cleanup", Time since last: 1000117746 ns, Reaching safepoint: 97199 ns, At safepoint: 8809 ns, Total: 106008 ns
[2020-09-12T12:38:33.187+0000][1][safepoint    ] Safepoint "Cleanup", Time since last: 1000117202 ns, Reaching safepoint: 101758 ns, At safepoint: 8788 ns, Total: 110546 ns
[2020-09-12T12:38:34.188+0000][1][safepoint    ] Safepoint "Cleanup", Time since last: 1000123300 ns, Reaching safepoint: 108566 ns, At safepoint: 11544 ns, Total: 120110 ns
[2020-09-12T12:38:35.188+0000][1][safepoint    ] Safepoint "Cleanup", Time since last: 1000125041 ns, Reaching safepoint: 94879 ns, At safepoint: 9755 ns, Total: 104634 ns
[2020-09-12T12:38:36.188+0000][1][safepoint    ] Safepoint "Cleanup", Time since last: 1000117473 ns, Reaching safepoint: 118386 ns, At safepoint: 8978 ns, Total: 127364 ns
[2020-09-12T12:38:37.188+0000][1][safepoint    ] Safepoint "Cleanup", Time since last: 1000121342 ns, Reaching safepoint: 97020 ns, At safepoint: 10624 ns, Total: 107644 ns
[2020-09-12T12:38:37.202+0000][1][gc,start     ] GC(63) Pause Young (Allocation Failure)
[2020-09-12T12:38:37.202+0000][1][gc,task      ] GC(63) Using 2 workers of 2 for evacuation
[2020-09-12T12:38:37.223+0000][1][gc,age       ] GC(63) Desired survivor size 8716288 bytes, new threshold 6 (max threshold 6)
[2020-09-12T12:38:37.223+0000][1][gc,age       ] GC(63) Age table with threshold 6 (max threshold 6)
[2020-09-12T12:38:37.223+0000][1][gc,age       ] GC(63) - age   1:     743056 bytes,     743056 total
[2020-09-12T12:38:37.223+0000][1][gc,age       ] GC(63) - age   2:      29240 bytes,     772296 total
[2020-09-12T12:38:37.223+0000][1][gc,age       ] GC(63) - age   3:     137256 bytes,     909552 total
[2020-09-12T12:38:37.223+0000][1][gc,age       ] GC(63) - age   4:     443432 bytes,    1352984 total
[2020-09-12T12:38:37.223+0000][1][gc,age       ] GC(63) - age   5:     215032 bytes,    1568016 total
[2020-09-12T12:38:37.223+0000][1][gc,age       ] GC(63) - age   6:      59024 bytes,    1627040 total
[2020-09-12T12:38:37.223+0000][1][gc,heap      ] GC(63) ParNew: 138572K->2209K(153344K)
[2020-09-12T12:38:37.223+0000][1][gc,heap      ] GC(63) CMS: 198782K->198859K(1926784K)
[2020-09-12T12:38:37.223+0000][1][gc,metaspace ] GC(63) Metaspace: 96251K->96251K(1138688K)
[2020-09-12T12:38:37.223+0000][1][gc           ] GC(63) Pause Young (Allocation Failure) 329M->196M(2031M) 20.729ms
[2020-09-12T12:38:37.223+0000][1][gc,cpu       ] GC(63) User=0.03s Sys=0.00s Real=0.02s
[2020-09-12T12:38:37.223+0000][1][safepoint    ] Safepoint "GenCollectForAllocation", Time since last: 13778656 ns, Reaching safepoint: 92647 ns, At safepoint: 20786099 ns, Total: 20878746 ns
[2020-09-12T12:38:38.229+0000][1][safepoint    ] Safepoint "Cleanup", Time since last: 1006088028 ns, Reaching safepoint: 93995 ns, At safepoint: 7907 ns, Total: 101902 ns
[2020-09-12T12:38:39.229+0000][1][safepoint    ] Safepoint "Cleanup", Time since last: 1000176145 ns, Reaching safepoint: 97067 ns, At safepoint: 8458 ns, Total: 105525 ns
[2020-09-12T12:38:40.230+0000][1][safepoint    ] Safepoint "Cleanup", Time since last: 1000117277 ns, Reaching safepoint: 124048 ns, At safepoint: 10557 ns, Total: 134605 ns
[2020-09-12T12:38:41.230+0000][1][safepoint    ] Safepoint "Cleanup", Time since last: 1000118397 ns, Reaching safepoint: 97871 ns, At safepoint: 10768 ns, Total: 108639 ns
[2020-09-12T12:38:42.230+0000][1][safepoint    ] Safepoint "Cleanup", Time since last: 1000144236 ns, Reaching safepoint: 95516 ns, At safepoint: 9114 ns, Total: 104630 ns
[2020-09-12T12:38:43.230+0000][1][safepoint    ] Safepoint "Cleanup", Time since last: 1000130609 ns, Reaching safepoint: 98119 ns, At safepoint: 11004 ns, Total: 109123 ns
[2020-09-12T12:38:44.231+0000][1][safepoint    ] Safepoint "Cleanup", Time since last: 1000116190 ns, Reaching safepoint: 103660 ns, At safepoint: 8520 ns, Total: 112180 ns
[2020-09-12T12:38:45.231+0000][1][safepoint    ] Safepoint "Cleanup", Time since last: 1000113619 ns, Reaching safepoint: 100183 ns, At safepoint: 10627 ns, Total: 110810 ns
[2020-09-12T12:38:46.231+0000][1][safepoint    ] Safepoint "Cleanup", Time since last: 1000158687 ns, Reaching safepoint: 105164 ns, At safepoint: 10687 ns, Total: 115851 ns
[2020-09-12T12:38:47.231+0000][1][safepoint    ] Safepoint "Cleanup", Time since last: 1000126350 ns, Reaching safepoint: 94479 ns, At safepoint: 9252 ns, Total: 103731 ns
[2020-09-12T12:38:48.232+0000][1][safepoint    ] Safepoint "Cleanup", Time since last: 1000138298 ns, Reaching safepoint: 104640 ns, At safepoint: 10703 ns, Total: 115343 ns
[2020-09-12T12:38:49.232+0000][1][safepoint    ] Safepoint "Cleanup", Time since last: 1000144033 ns, Reaching safepoint: 99165 ns, At safepoint: 12104 ns, Total: 111269 ns
[2020-09-12T12:38:50.232+0000][1][safepoint    ] Safepoint "Cleanup", Time since last: 1000143342 ns, Reaching safepoint: 103967 ns, At safepoint: 11785 ns, Total: 115752 ns
[2020-09-12T12:38:51.232+0000][1][safepoint    ] Safepoint "Cleanup", Time since last: 1000113663 ns, Reaching safepoint: 126670 ns, At safepoint: 10399 ns, Total: 137069 ns
[2020-09-12T12:38:52.233+0000][1][safepoint    ] Safepoint "Cleanup", Time since last: 1000125177 ns, Reaching safepoint: 94466 ns, At safepoint: 8894 ns, Total: 103360 ns
[2020-09-12T12:38:53.233+0000][1][safepoint    ] Safepoint "Cleanup", Time since last: 1000139663 ns, Reaching safepoint: 95814 ns, At safepoint: 9195 ns, Total: 105009 ns
[2020-09-12T12:38:54.233+0000][1][safepoint    ] Safepoint "Cleanup", Time since last: 1000118967 ns, Reaching safepoint: 100245 ns, At safepoint: 9067 ns, Total: 109312 ns
[2020-09-12T12:38:55.233+0000][1][safepoint    ] Safepoint "Cleanup", Time since last: 1000118224 ns, Reaching safepoint: 99505 ns, At safepoint: 12432 ns, Total: 111937 ns
[2020-09-12T12:38:56.233+0000][1][safepoint    ] Safepoint "Cleanup", Time since last: 1000146385 ns, Reaching safepoint: 96364 ns, At safepoint: 9169 ns, Total: 105533 ns
[2020-09-12T12:38:57.234+0000][1][safepoint    ] Safepoint "Cleanup", Time since last: 1000487090 ns, Reaching safepoint: 95845 ns, At safepoint: 8649 ns, Total: 104494 ns
[2020-09-12T12:38:58.234+0000][1][safepoint    ] Safepoint "Cleanup", Time since last: 1000134918 ns, Reaching safepoint: 98152 ns, At safepoint: 10851 ns, Total: 109003 ns
[2020-09-12T12:38:59.235+0000][1][safepoint    ] Safepoint "Cleanup", Time since last: 1000114015 ns, Reaching safepoint: 93416 ns, At safepoint: 8765 ns, Total: 102181 ns
[2020-09-12T12:39:00.235+0000][1][safepoint    ] Safepoint "Cleanup", Time since last: 1000125025 ns, Reaching safepoint: 95470 ns, At safepoint: 10458 ns, Total: 105928 ns
[2020-09-12T12:39:01.235+0000][1][safepoint    ] Safepoint "Cleanup", Time since last: 1000118213 ns, Reaching safepoint: 102349 ns, At safepoint: 11516 ns, Total: 113865 ns
[2020-09-12T12:39:02.235+0000][1][safepoint    ] Safepoint "Cleanup", Time since last: 1000112316 ns, Reaching safepoint: 90659 ns, At safepoint: 7570 ns, Total: 98229 ns
[2020-09-12T12:39:03.235+0000][1][safepoint    ] Safepoint "Cleanup", Time since last: 1000141430 ns, Reaching safepoint: 99833 ns, At safepoint: 9472 ns, Total: 109305 ns
[2020-09-12T12:39:04.236+0000][1][safepoint    ] Safepoint "Cleanup", Time since last: 1000121831 ns, Reaching safepoint: 100801 ns, At safepoint: 9085 ns, Total: 109886 ns
[2020-09-12T12:39:05.236+0000][1][safepoint    ] Safepoint "Cleanup", Time since last: 1000131839 ns, Reaching safepoint: 98118 ns, At safepoint: 10720 ns, Total: 108838 ns
[2020-09-12T12:39:06.236+0000][1][safepoint    ] Safepoint "Cleanup", Time since last: 1000131802 ns, Reaching safepoint: 106946 ns, At safepoint: 11009 ns, Total: 117955 ns
[2020-09-12T12:39:07.236+0000][1][safepoint    ] Safepoint "Cleanup", Time since last: 1000119218 ns, Reaching safepoint: 100360 ns, At safepoint: 10517 ns, Total: 110877 ns
[2020-09-12T12:39:08.237+0000][1][safepoint    ] Safepoint "Cleanup", Time since last: 1000124728 ns, Reaching safepoint: 98354 ns, At safepoint: 35889 ns, Total: 134243 ns
[2020-09-12T12:39:09.237+0000][1][safepoint    ] Safepoint "Cleanup", Time since last: 1000115585 ns, Reaching safepoint: 95078 ns, At safepoint: 8518 ns, Total: 103596 ns
[2020-09-12T12:39:10.237+0000][1][safepoint    ] Safepoint "Cleanup", Time since last: 1000117243 ns, Reaching safepoint: 101045 ns, At safepoint: 8890 ns, Total: 109935 ns
[2020-09-12T12:39:11.237+0000][1][safepoint    ] Safepoint "Cleanup", Time since last: 1000121152 ns, Reaching safepoint: 106487 ns, At safepoint: 7952 ns, Total: 114439 ns
[2020-09-12T12:39:12.238+0000][1][safepoint    ] Safepoint "Cleanup", Time since last: 1000119859 ns, Reaching safepoint: 98676 ns, At safepoint: 8060 ns, Total: 106736 ns
[2020-09-12T12:39:14.238+0000][1][safepoint    ] Safepoint "Cleanup", Time since last: 2000201237 ns, Reaching safepoint: 105347 ns, At safepoint: 8714 ns, Total: 114061 ns
[2020-09-12T12:39:17.238+0000][1][safepoint    ] Safepoint "Cleanup", Time since last: 3000482280 ns, Reaching safepoint: 101187 ns, At safepoint: 8619 ns, Total: 109806 ns
[2020-09-12T12:39:18.239+0000][1][safepoint    ] Safepoint "Cleanup", Time since last: 1000128336 ns, Reaching safepoint: 103958 ns, At safepoint: 10860 ns, Total: 114818 ns
[2020-09-12T12:39:20.239+0000][1][safepoint    ] Safepoint "Cleanup", Time since last: 2000221007 ns, Reaching safepoint: 104914 ns, At safepoint: 9988 ns, Total: 114902 ns
[2020-09-12T12:39:23.239+0000][1][safepoint    ] Safepoint "Cleanup", Time since last: 3000267584 ns, Reaching safepoint: 103113 ns, At safepoint: 9067 ns, Total: 112180 ns
[2020-09-12T12:39:24.184+0000][1][gc,start     ] GC(64) Pause Young (Allocation Failure)
[2020-09-12T12:39:24.184+0000][1][gc,task      ] GC(64) Using 2 workers of 2 for evacuation
[2020-09-12T12:39:24.196+0000][1][gc,age       ] GC(64) Desired survivor size 8716288 bytes, new threshold 6 (max threshold 6)
[2020-09-12T12:39:24.196+0000][1][gc,age       ] GC(64) Age table with threshold 6 (max threshold 6)
[2020-09-12T12:39:24.196+0000][1][gc,age       ] GC(64) - age   1:     469776 bytes,     469776 total
[2020-09-12T12:39:24.196+0000][1][gc,age       ] GC(64) - age   2:     286024 bytes,     755800 total
[2020-09-12T12:39:24.196+0000][1][gc,age       ] GC(64) - age   3:      19144 bytes,     774944 total
[2020-09-12T12:39:24.196+0000][1][gc,age       ] GC(64) - age   4:     137224 bytes,     912168 total
[2020-09-12T12:39:24.196+0000][1][gc,age       ] GC(64) - age   5:     443432 bytes,    1355600 total
[2020-09-12T12:39:24.196+0000][1][gc,age       ] GC(64) - age   6:     215032 bytes,    1570632 total
[2020-09-12T12:39:24.196+0000][1][gc,heap      ] GC(64) ParNew: 138529K->2339K(153344K)
[2020-09-12T12:39:24.196+0000][1][gc,heap      ] GC(64) CMS: 198859K->198917K(1926784K)
[2020-09-12T12:39:24.196+0000][1][gc,metaspace ] GC(64) Metaspace: 96347K->96347K(1138688K)
[2020-09-12T12:39:24.196+0000][1][gc           ] GC(64) Pause Young (Allocation Failure) 329M->196M(2031M) 12.031ms
[2020-09-12T12:39:24.196+0000][1][gc,cpu       ] GC(64) User=0.02s Sys=0.00s Real=0.01s
[2020-09-12T12:39:24.196+0000][1][safepoint    ] Safepoint "GenCollectForAllocation", Time since last: 942628719 ns, Reaching safepoint: 1844839 ns, At safepoint: 12089633 ns, Total: 13934472 ns
[2020-09-12T12:39:28.196+0000][1][safepoint    ] Safepoint "Cleanup", Time since last: 4000318818 ns, Reaching safepoint: 105985 ns, At safepoint: 10279 ns, Total: 116264 ns
[2020-09-12T12:39:29.197+0000][1][safepoint    ] Safepoint "Cleanup", Time since last: 1000119416 ns, Reaching safepoint: 159564 ns, At safepoint: 12644 ns, Total: 172208 ns
[2020-09-12T12:39:31.197+0000][1][safepoint    ] Safepoint "Cleanup", Time since last: 2000238757 ns, Reaching safepoint: 122454 ns, At safepoint: 9732 ns, Total: 132186 ns
[2020-09-12T12:39:33.197+0000][1][safepoint    ] Safepoint "Cleanup", Time since last: 2000233431 ns, Reaching safepoint: 128540 ns, At safepoint: 9548 ns, Total: 138088 ns
[2020-09-12T12:39:34.360+0000][1][safepoint    ] Safepoint "Cleanup", Time since last: 1159607038 ns, Reaching safepoint: 196493 ns, At safepoint: 2949478 ns, Total: 3145971 ns
[2020-09-12T12:39:35.361+0000][1][safepoint    ] Safepoint "Cleanup", Time since last: 1000201830 ns, Reaching safepoint: 166754 ns, At safepoint: 14526 ns, Total: 181280 ns
[2020-09-12T12:39:36.361+0000][1][safepoint    ] Safepoint "Cleanup", Time since last: 1000115418 ns, Reaching safepoint: 105334 ns, At safepoint: 10287 ns, Total: 115621 ns
[2020-09-12T12:39:39.362+0000][1][safepoint    ] Safepoint "Cleanup", Time since last: 3000614352 ns, Reaching safepoint: 132952 ns, At safepoint: 11345 ns, Total: 144297 ns
[2020-09-12T12:39:42.362+0000][1][safepoint    ] Safepoint "Cleanup", Time since last: 3000396845 ns, Reaching safepoint: 99997 ns, At safepoint: 8822 ns, Total: 108819 ns
[2020-09-12T12:39:45.363+0000][1][safepoint    ] Safepoint "Cleanup", Time since last: 3000293340 ns, Reaching safepoint: 106901 ns, At safepoint: 11916 ns, Total: 118817 ns
[2020-09-12T12:39:47.363+0000][1][safepoint    ] Safepoint "Cleanup", Time since last: 2000209759 ns, Reaching safepoint: 232625 ns, At safepoint: 13996 ns, Total: 246621 ns
[2020-09-12T12:39:48.363+0000][1][safepoint    ] Safepoint "Cleanup", Time since last: 1000151329 ns, Reaching safepoint: 138103 ns, At safepoint: 14138 ns, Total: 152241 ns
[2020-09-12T12:39:51.364+0000][1][safepoint    ] Safepoint "Cleanup", Time since last: 3000309396 ns, Reaching safepoint: 158752 ns, At safepoint: 8101 ns, Total: 166853 ns
[2020-09-12T12:39:54.365+0000][1][safepoint    ] Safepoint "Cleanup", Time since last: 3000683558 ns, Reaching safepoint: 105908 ns, At safepoint: 9116 ns, Total: 115024 ns
[2020-09-12T12:39:59.044+0000][1][safepoint    ] Safepoint "RevokeBias", Time since last: 4678876716 ns, Reaching safepoint: 99866 ns, At safepoint: 25261 ns, Total: 125127 ns
[2020-09-12T12:40:00.044+0000][1][safepoint    ] Safepoint "Cleanup", Time since last: 1000120065 ns, Reaching safepoint: 103934 ns, At safepoint: 11615 ns, Total: 115549 ns
[2020-09-12T12:40:01.222+0000][1][safepoint    ] Safepoint "RevokeBias", Time since last: 1177990266 ns, Reaching safepoint: 180070 ns, At safepoint: 26101 ns, Total: 206171 ns
[2020-09-12T12:40:01.285+0000][1][safepoint    ] Safepoint "RevokeBias", Time since last: 62696355 ns, Reaching safepoint: 120188 ns, At safepoint: 30260 ns, Total: 150448 ns
[2020-09-12T12:40:01.307+0000][1][safepoint    ] Safepoint "RevokeBias", Time since last: 21882398 ns, Reaching safepoint: 88422 ns, At safepoint: 21978 ns, Total: 110400 ns
[2020-09-12T12:40:01.605+0000][1][safepoint    ] Safepoint "RevokeBias", Time since last: 297651100 ns, Reaching safepoint: 87442 ns, At safepoint: 21973 ns, Total: 109415 ns
[2020-09-12T12:40:04.605+0000][1][safepoint    ] Safepoint "Cleanup", Time since last: 3000248802 ns, Reaching safepoint: 106559 ns, At safepoint: 11212 ns, Total: 117771 ns
[2020-09-12T12:40:05.269+0000][1][safepoint    ] Safepoint "RevokeBias", Time since last: 664230232 ns, Reaching safepoint: 95426 ns, At safepoint: 20379 ns, Total: 115805 ns
[2020-09-12T12:40:06.270+0000][1][safepoint    ] Safepoint "Cleanup", Time since last: 1000142119 ns, Reaching safepoint: 108278 ns, At safepoint: 11567 ns, Total: 119845 ns
[2020-09-12T12:40:07.270+0000][1][safepoint    ] Safepoint "Cleanup", Time since last: 1000122512 ns, Reaching safepoint: 113924 ns, At safepoint: 14204 ns, Total: 128128 ns
[2020-09-12T12:40:08.174+0000][1][safepoint    ] Safepoint "RevokeBias", Time since last: 903695767 ns, Reaching safepoint: 90700 ns, At safepoint: 22976 ns, Total: 113676 ns
[2020-09-12T12:40:08.174+0000][1][safepoint    ] Safepoint "RevokeBias", Time since last: 142834 ns, Reaching safepoint: 41337 ns, At safepoint: 13484 ns, Total: 54821 ns
[2020-09-12T12:40:08.175+0000][1][safepoint    ] Safepoint "RevokeBias", Time since last: 856163 ns, Reaching safepoint: 42478 ns, At safepoint: 13123 ns, Total: 55601 ns
[2020-09-12T12:40:08.220+0000][1][safepoint    ] Safepoint "RevokeBias", Time since last: 45469031 ns, Reaching safepoint: 89489 ns, At safepoint: 21559 ns, Total: 111048 ns
[2020-09-12T12:40:09.221+0000][1][safepoint    ] Safepoint "Cleanup", Time since last: 1000119988 ns, Reaching safepoint: 103368 ns, At safepoint: 11144 ns, Total: 114512 ns
[2020-09-12T12:40:09.918+0000][1][safepoint    ] Safepoint "RevokeBias", Time since last: 697340501 ns, Reaching safepoint: 173048 ns, At safepoint: 24396 ns, Total: 197444 ns
[2020-09-12T12:40:10.816+0000][1][safepoint    ] Safepoint "RevokeBias", Time since last: 897804207 ns, Reaching safepoint: 91001 ns, At safepoint: 25349 ns, Total: 116350 ns
[2020-09-12T12:40:11.298+0000][1][gc,start     ] GC(65) Pause Young (Allocation Failure)
[2020-09-12T12:40:11.298+0000][1][gc,task      ] GC(65) Using 2 workers of 2 for evacuation
[2020-09-12T12:40:11.310+0000][1][gc,age       ] GC(65) Desired survivor size 8716288 bytes, new threshold 6 (max threshold 6)
[2020-09-12T12:40:11.311+0000][1][gc,age       ] GC(65) Age table with threshold 6 (max threshold 6)
[2020-09-12T12:40:11.311+0000][1][gc,age       ] GC(65) - age   1:     928224 bytes,     928224 total
[2020-09-12T12:40:11.311+0000][1][gc,age       ] GC(65) - age   2:      38352 bytes,     966576 total
[2020-09-12T12:40:11.311+0000][1][gc,age       ] GC(65) - age   3:     100360 bytes,    1066936 total
[2020-09-12T12:40:11.311+0000][1][gc,age       ] GC(65) - age   4:      18536 bytes,    1085472 total
[2020-09-12T12:40:11.311+0000][1][gc,age       ] GC(65) - age   5:     136712 bytes,    1222184 total
[2020-09-12T12:40:11.311+0000][1][gc,age       ] GC(65) - age   6:     442720 bytes,    1664904 total
[2020-09-12T12:40:11.311+0000][1][gc,heap      ] GC(65) ParNew: 138659K->2310K(153344K)
[2020-09-12T12:40:11.311+0000][1][gc,heap      ] GC(65) CMS: 198917K->199120K(1926784K)
[2020-09-12T12:40:11.311+0000][1][gc,metaspace ] GC(65) Metaspace: 96385K->96385K(1138688K)
[2020-09-12T12:40:11.311+0000][1][gc           ] GC(65) Pause Young (Allocation Failure) 329M->196M(2031M) 12.620ms
[2020-09-12T12:40:11.311+0000][1][gc,cpu       ] GC(65) User=0.02s Sys=0.00s Real=0.02s
[2020-09-12T12:40:11.311+0000][1][safepoint    ] Safepoint "GenCollectForAllocation", Time since last: 481882081 ns, Reaching safepoint: 131313 ns, At safepoint: 12677308 ns, Total: 12808621 ns
[2020-09-12T12:40:12.311+0000][1][safepoint    ] Safepoint "Cleanup", Time since last: 1000090736 ns, Reaching safepoint: 96128 ns, At safepoint: 10246 ns, Total: 106374 ns
[2020-09-12T12:40:12.331+0000][1][safepoint    ] Safepoint "RevokeBias", Time since last: 20464672 ns, Reaching safepoint: 98675 ns, At safepoint: 30040 ns, Total: 128715 ns
[2020-09-12T12:40:13.332+0000][1][safepoint    ] Safepoint "Cleanup", Time since last: 1000129771 ns, Reaching safepoint: 99074 ns, At safepoint: 12193 ns, Total: 111267 ns
[2020-09-12T12:40:14.332+0000][1][safepoint    ] Safepoint "Cleanup", Time since last: 1000171151 ns, Reaching safepoint: 130758 ns, At safepoint: 13713 ns, Total: 144471 ns
[2020-09-12T12:40:15.332+0000][1][safepoint    ] Safepoint "Cleanup", Time since last: 1000182318 ns, Reaching safepoint: 106751 ns, At safepoint: 14855 ns, Total: 121606 ns
[2020-09-12T12:40:16.333+0000][1][safepoint    ] Safepoint "Cleanup", Time since last: 1000135233 ns, Reaching safepoint: 292556 ns, At safepoint: 20406 ns, Total: 312962 ns
[2020-09-12T12:40:17.333+0000][1][safepoint    ] Safepoint "Cleanup", Time since last: 1000115153 ns, Reaching safepoint: 100339 ns, At safepoint: 7906 ns, Total: 108245 ns
[2020-09-12T12:40:17.610+0000][1][safepoint    ] Safepoint "RevokeBias", Time since last: 276534714 ns, Reaching safepoint: 93141 ns, At safepoint: 22103 ns, Total: 115244 ns
[2020-09-12T12:40:18.610+0000][1][safepoint    ] Safepoint "Cleanup", Time since last: 1000116413 ns, Reaching safepoint: 105391 ns, At safepoint: 9219 ns, Total: 114610 ns
[2020-09-12T12:40:19.610+0000][1][safepoint    ] Safepoint "Cleanup", Time since last: 1000123886 ns, Reaching safepoint: 104068 ns, At safepoint: 11745 ns, Total: 115813 ns
[2020-09-12T12:40:20.610+0000][1][safepoint    ] Safepoint "Cleanup", Time since last: 1000115751 ns, Reaching safepoint: 93973 ns, At safepoint: 8066 ns, Total: 102039 ns
[2020-09-12T12:40:21.611+0000][1][safepoint    ] Safepoint "Cleanup", Time since last: 1000116177 ns, Reaching safepoint: 94111 ns, At safepoint: 8508 ns, Total: 102619 ns
[2020-09-12T12:40:22.611+0000][1][safepoint    ] Safepoint "Cleanup", Time since last: 1000114852 ns, Reaching safepoint: 103168 ns, At safepoint: 11382 ns, Total: 114550 ns
[2020-09-12T12:40:23.611+0000][1][safepoint    ] Safepoint "Cleanup", Time since last: 1000118509 ns, Reaching safepoint: 123792 ns, At safepoint: 11198 ns, Total: 134990 ns
[2020-09-12T12:40:24.611+0000][1][safepoint    ] Safepoint "Cleanup", Time since last: 1000112377 ns, Reaching safepoint: 104048 ns, At safepoint: 11391 ns, Total: 115439 ns
[2020-09-12T12:40:25.612+0000][1][safepoint    ] Safepoint "Cleanup", Time since last: 1000119940 ns, Reaching safepoint: 95934 ns, At safepoint: 8830 ns, Total: 104764 ns
[2020-09-12T12:40:26.612+0000][1][safepoint    ] Safepoint "Cleanup", Time since last: 1000115226 ns, Reaching safepoint: 101157 ns, At safepoint: 10223 ns, Total: 111380 ns
[2020-09-12T12:40:27.612+0000][1][safepoint    ] Safepoint "Cleanup", Time since last: 1000114781 ns, Reaching safepoint: 92396 ns, At safepoint: 10207 ns, Total: 102603 ns
[2020-09-12T12:40:28.612+0000][1][safepoint    ] Safepoint "Cleanup", Time since last: 1000128732 ns, Reaching safepoint: 100823 ns, At safepoint: 8657 ns, Total: 109480 ns
[2020-09-12T12:40:29.612+0000][1][safepoint    ] Safepoint "Cleanup", Time since last: 1000132689 ns, Reaching safepoint: 106531 ns, At safepoint: 11756 ns, Total: 118287 ns
[2020-09-12T12:40:30.613+0000][1][safepoint    ] Safepoint "Cleanup", Time since last: 1000177190 ns, Reaching safepoint: 153519 ns, At safepoint: 9125 ns, Total: 162644 ns
[2020-09-12T12:40:31.613+0000][1][safepoint    ] Safepoint "Cleanup", Time since last: 1000078121 ns, Reaching safepoint: 142482 ns, At safepoint: 13340 ns, Total: 155822 ns
[2020-09-12T12:40:32.613+0000][1][safepoint    ] Safepoint "Cleanup", Time since last: 1000145455 ns, Reaching safepoint: 121984 ns, At safepoint: 8236 ns, Total: 130220 ns
[2020-09-12T12:40:33.614+0000][1][safepoint    ] Safepoint "Cleanup", Time since last: 1000111860 ns, Reaching safepoint: 102689 ns, At safepoint: 11039 ns, Total: 113728 ns
[2020-09-12T12:40:34.614+0000][1][safepoint    ] Safepoint "Cleanup", Time since last: 1000116465 ns, Reaching safepoint: 102812 ns, At safepoint: 11217 ns, Total: 114029 ns
[2020-09-12T12:40:35.614+0000][1][safepoint    ] Safepoint "Cleanup", Time since last: 1000119862 ns, Reaching safepoint: 92844 ns, At safepoint: 8225 ns, Total: 101069 ns
[2020-09-12T12:40:36.614+0000][1][safepoint    ] Safepoint "Cleanup", Time since last: 1000115798 ns, Reaching safepoint: 125923 ns, At safepoint: 11680 ns, Total: 137603 ns
[2020-09-12T12:40:37.614+0000][1][safepoint    ] Safepoint "Cleanup", Time since last: 1000115670 ns, Reaching safepoint: 96773 ns, At safepoint: 10503 ns, Total: 107276 ns
[2020-09-12T12:40:38.615+0000][1][safepoint    ] Safepoint "Cleanup", Time since last: 1000149937 ns, Reaching safepoint: 95385 ns, At safepoint: 8737 ns, Total: 104122 ns
[2020-09-12T12:40:39.615+0000][1][safepoint    ] Safepoint "Cleanup", Time since last: 1000118288 ns, Reaching safepoint: 98975 ns, At safepoint: 11315 ns, Total: 110290 ns
[2020-09-12T12:40:40.615+0000][1][safepoint    ] Safepoint "Cleanup", Time since last: 1000113783 ns, Reaching safepoint: 97512 ns, At safepoint: 8589 ns, Total: 106101 ns
[2020-09-12T12:40:41.615+0000][1][safepoint    ] Safepoint "Cleanup", Time since last: 1000136380 ns, Reaching safepoint: 95109 ns, At safepoint: 8682 ns, Total: 103791 ns
[2020-09-12T12:40:42.616+0000][1][safepoint    ] Safepoint "Cleanup", Time since last: 1000123392 ns, Reaching safepoint: 97653 ns, At safepoint: 7850 ns, Total: 105503 ns
[2020-09-12T12:40:43.616+0000][1][safepoint    ] Safepoint "Cleanup", Time since last: 1000125500 ns, Reaching safepoint: 102140 ns, At safepoint: 9511 ns, Total: 111651 ns
[2020-09-12T12:40:44.616+0000][1][safepoint    ] Safepoint "Cleanup", Time since last: 1000118306 ns, Reaching safepoint: 103133 ns, At safepoint: 11429 ns, Total: 114562 ns
[2020-09-12T12:40:44.798+0000][1][safepoint    ] Safepoint "RevokeBias", Time since last: 181942094 ns, Reaching safepoint: 88142 ns, At safepoint: 24093 ns, Total: 112235 ns
[2020-09-12T12:40:45.798+0000][1][safepoint    ] Safepoint "Cleanup", Time since last: 1000107361 ns, Reaching safepoint: 102486 ns, At safepoint: 11034 ns, Total: 113520 ns
[2020-09-12T12:40:46.124+0000][1][safepoint    ] Safepoint "RevokeBias", Time since last: 325184391 ns, Reaching safepoint: 167941 ns, At safepoint: 23057 ns, Total: 190998 ns
[2020-09-12T12:40:46.124+0000][1][safepoint    ] Safepoint "RevokeBias", Time since last: 146098 ns, Reaching safepoint: 124987 ns, At safepoint: 37470 ns, Total: 162457 ns
[2020-09-12T12:40:46.124+0000][1][safepoint    ] Safepoint "RevokeBias", Time since last: 36706 ns, Reaching safepoint: 112426 ns, At safepoint: 13801 ns, Total: 126227 ns
[2020-09-12T12:40:46.125+0000][1][safepoint    ] Safepoint "BulkRevokeBias", Time since last: 52674 ns, Reaching safepoint: 112677 ns, At safepoint: 242366 ns, Total: 355043 ns
[2020-09-12T12:40:46.125+0000][1][safepoint    ] Safepoint "RevokeBias", Time since last: 769369 ns, Reaching safepoint: 46639 ns, At safepoint: 14069 ns, Total: 60708 ns
[2020-09-12T12:40:47.126+0000][1][safepoint    ] Safepoint "Cleanup", Time since last: 1000090925 ns, Reaching safepoint: 93300 ns, At safepoint: 8287 ns, Total: 101587 ns
[2020-09-12T12:40:48.126+0000][1][safepoint    ] Safepoint "Cleanup", Time since last: 1000070400 ns, Reaching safepoint: 93460 ns, At safepoint: 7651 ns, Total: 101111 ns
[2020-09-12T12:40:49.126+0000][1][safepoint    ] Safepoint "Cleanup", Time since last: 1000113128 ns, Reaching safepoint: 94023 ns, At safepoint: 17589 ns, Total: 111612 ns
[2020-09-12T12:40:50.126+0000][1][safepoint    ] Safepoint "Cleanup", Time since last: 1000117566 ns, Reaching safepoint: 94969 ns, At safepoint: 9954 ns, Total: 104923 ns
[2020-09-12T12:40:51.127+0000][1][safepoint    ] Safepoint "Cleanup", Time since last: 1000140543 ns, Reaching safepoint: 100374 ns, At safepoint: 12220 ns, Total: 112594 ns
[2020-09-12T12:40:52.127+0000][1][safepoint    ] Safepoint "Cleanup", Time since last: 1000124312 ns, Reaching safepoint: 95931 ns, At safepoint: 9353 ns, Total: 105284 ns
[2020-09-12T12:40:53.127+0000][1][safepoint    ] Safepoint "Cleanup", Time since last: 1000127832 ns, Reaching safepoint: 96214 ns, At safepoint: 8713 ns, Total: 104927 ns
[2020-09-12T12:40:54.127+0000][1][safepoint    ] Safepoint "Cleanup", Time since last: 1000128062 ns, Reaching safepoint: 109843 ns, At safepoint: 8719 ns, Total: 118562 ns
[2020-09-12T12:40:55.127+0000][1][safepoint    ] Safepoint "Cleanup", Time since last: 1000114903 ns, Reaching safepoint: 99002 ns, At safepoint: 11018 ns, Total: 110020 ns
[2020-09-12T12:40:55.676+0000][1][gc,start     ] GC(66) Pause Young (Allocation Failure)
[2020-09-12T12:40:55.676+0000][1][gc,task      ] GC(66) Using 2 workers of 2 for evacuation
[2020-09-12T12:40:55.685+0000][1][gc,age       ] GC(66) Desired survivor size 8716288 bytes, new threshold 6 (max threshold 6)
[2020-09-12T12:40:55.685+0000][1][gc,age       ] GC(66) Age table with threshold 6 (max threshold 6)
[2020-09-12T12:40:55.685+0000][1][gc,age       ] GC(66) - age   1:     946984 bytes,     946984 total
[2020-09-12T12:40:55.685+0000][1][gc,age       ] GC(66) - age   2:     197944 bytes,    1144928 total
[2020-09-12T12:40:55.685+0000][1][gc,age       ] GC(66) - age   3:      20288 bytes,    1165216 total
[2020-09-12T12:40:55.685+0000][1][gc,age       ] GC(66) - age   4:     100328 bytes,    1265544 total
[2020-09-12T12:40:55.685+0000][1][gc,age       ] GC(66) - age   5:      18504 bytes,    1284048 total
[2020-09-12T12:40:55.685+0000][1][gc,age       ] GC(66) - age   6:     136712 bytes,    1420760 total
[2020-09-12T12:40:55.685+0000][1][gc,heap      ] GC(66) ParNew: 138630K->2406K(153344K)
[2020-09-12T12:40:55.685+0000][1][gc,heap      ] GC(66) CMS: 199120K->199554K(1926784K)
[2020-09-12T12:40:55.685+0000][1][gc,metaspace ] GC(66) Metaspace: 96439K->96439K(1138688K)
[2020-09-12T12:40:55.685+0000][1][gc           ] GC(66) Pause Young (Allocation Failure) 329M->197M(2031M) 9.402ms
[2020-09-12T12:40:55.685+0000][1][gc,cpu       ] GC(66) User=0.01s Sys=0.00s Real=0.01s
[2020-09-12T12:40:55.685+0000][1][safepoint    ] Safepoint "GenCollectForAllocation", Time since last: 547914961 ns, Reaching safepoint: 182216 ns, At safepoint: 9456950 ns, Total: 9639166 ns
[2020-09-12T12:40:56.685+0000][1][safepoint    ] Safepoint "Cleanup", Time since last: 1000087196 ns, Reaching safepoint: 95272 ns, At safepoint: 8434 ns, Total: 103706 ns
[2020-09-12T12:40:57.685+0000][1][safepoint    ] Safepoint "Cleanup", Time since last: 1000115214 ns, Reaching safepoint: 93142 ns, At safepoint: 15327 ns, Total: 108469 ns
[2020-09-12T12:40:58.686+0000][1][safepoint    ] Safepoint "Cleanup", Time since last: 1000127591 ns, Reaching safepoint: 93083 ns, At safepoint: 7904 ns, Total: 100987 ns
[2020-09-12T12:40:59.686+0000][1][safepoint    ] Safepoint "Cleanup", Time since last: 1000111351 ns, Reaching safepoint: 103592 ns, At safepoint: 15421 ns, Total: 119013 ns
[2020-09-12T12:41:00.686+0000][1][safepoint    ] Safepoint "Cleanup", Time since last: 1000086933 ns, Reaching safepoint: 94027 ns, At safepoint: 10116 ns, Total: 104143 ns
[2020-09-12T12:41:01.686+0000][1][safepoint    ] Safepoint "Cleanup", Time since last: 1000115412 ns, Reaching safepoint: 100968 ns, At safepoint: 16060 ns, Total: 117028 ns
[2020-09-12T12:41:02.693+0000][1][safepoint    ] Safepoint "Cleanup", Time since last: 1000116920 ns, Reaching safepoint: 6160376 ns, At safepoint: 15508 ns, Total: 6175884 ns
[2020-09-12T12:41:03.693+0000][1][safepoint    ] Safepoint "Cleanup", Time since last: 1000084752 ns, Reaching safepoint: 139880 ns, At safepoint: 18092 ns, Total: 157972 ns
[2020-09-12T12:41:04.693+0000][1][safepoint    ] Safepoint "Cleanup", Time since last: 1000094414 ns, Reaching safepoint: 103465 ns, At safepoint: 7468 ns, Total: 110933 ns
[2020-09-12T12:41:05.693+0000][1][safepoint    ] Safepoint "Cleanup", Time since last: 1000120889 ns, Reaching safepoint: 172411 ns, At safepoint: 27521 ns, Total: 199932 ns
[2020-09-12T12:41:06.694+0000][1][safepoint    ] Safepoint "Cleanup", Time since last: 1000448739 ns, Reaching safepoint: 127870 ns, At safepoint: 8044 ns, Total: 135914 ns
[2020-09-12T12:41:07.694+0000][1][safepoint    ] Safepoint "Cleanup", Time since last: 1000115791 ns, Reaching safepoint: 97335 ns, At safepoint: 9275 ns, Total: 106610 ns
[2020-09-12T12:41:08.695+0000][1][safepoint    ] Safepoint "Cleanup", Time since last: 1000514206 ns, Reaching safepoint: 95465 ns, At safepoint: 8130 ns, Total: 103595 ns
[2020-09-12T12:41:09.695+0000][1][safepoint    ] Safepoint "Cleanup", Time since last: 1000121372 ns, Reaching safepoint: 108388 ns, At safepoint: 11435 ns, Total: 119823 ns
[2020-09-12T12:41:10.695+0000][1][safepoint    ] Safepoint "Cleanup", Time since last: 1000116332 ns, Reaching safepoint: 116301 ns, At safepoint: 15969 ns, Total: 132270 ns
[2020-09-12T12:41:11.696+0000][1][safepoint    ] Safepoint "Cleanup", Time since last: 1000126301 ns, Reaching safepoint: 97875 ns, At safepoint: 9833 ns, Total: 107708 ns
[2020-09-12T12:41:12.696+0000][1][safepoint    ] Safepoint "Cleanup", Time since last: 1000120588 ns, Reaching safepoint: 102693 ns, At safepoint: 8797 ns, Total: 111490 ns
[2020-09-12T12:41:13.696+0000][1][safepoint    ] Safepoint "Cleanup", Time since last: 1000114705 ns, Reaching safepoint: 100652 ns, At safepoint: 11147 ns, Total: 111799 ns
[2020-09-12T12:41:14.696+0000][1][safepoint    ] Safepoint "Cleanup", Time since last: 1000114689 ns, Reaching safepoint: 110640 ns, At safepoint: 11441 ns, Total: 122081 ns
[2020-09-12T12:41:15.698+0000][1][safepoint    ] Safepoint "Cleanup", Time since last: 1001877139 ns, Reaching safepoint: 151889 ns, At safepoint: 11242 ns, Total: 163131 ns
[2020-09-12T12:41:16.699+0000][1][safepoint    ] Safepoint "Cleanup", Time since last: 1000174509 ns, Reaching safepoint: 185733 ns, At safepoint: 11251 ns, Total: 196984 ns
[2020-09-12T12:41:17.699+0000][1][safepoint    ] Safepoint "Cleanup", Time since last: 1000132161 ns, Reaching safepoint: 92034 ns, At safepoint: 8450 ns, Total: 100484 ns
[2020-09-12T12:41:18.699+0000][1][safepoint    ] Safepoint "Cleanup", Time since last: 1000121494 ns, Reaching safepoint: 93838 ns, At safepoint: 8431 ns, Total: 102269 ns
[2020-09-12T12:41:19.699+0000][1][safepoint    ] Safepoint "Cleanup", Time since last: 1000116937 ns, Reaching safepoint: 96657 ns, At safepoint: 10522 ns, Total: 107179 ns
[2020-09-12T12:41:20.700+0000][1][safepoint    ] Safepoint "Cleanup", Time since last: 1000121420 ns, Reaching safepoint: 96749 ns, At safepoint: 11027 ns, Total: 107776 ns
[2020-09-12T12:41:21.700+0000][1][safepoint    ] Safepoint "Cleanup", Time since last: 1000113906 ns, Reaching safepoint: 96857 ns, At safepoint: 9915 ns, Total: 106772 ns
[2020-09-12T12:41:22.700+0000][1][safepoint    ] Safepoint "Cleanup", Time since last: 1000116052 ns, Reaching safepoint: 105032 ns, At safepoint: 8666 ns, Total: 113698 ns
[2020-09-12T12:41:23.700+0000][1][safepoint    ] Safepoint "Cleanup", Time since last: 1000144207 ns, Reaching safepoint: 136781 ns, At safepoint: 16603 ns, Total: 153384 ns
[2020-09-12T12:41:24.701+0000][1][safepoint    ] Safepoint "Cleanup", Time since last: 1000126889 ns, Reaching safepoint: 124184 ns, At safepoint: 10617 ns, Total: 134801 ns
[2020-09-12T12:41:25.701+0000][1][safepoint    ] Safepoint "Cleanup", Time since last: 1000134467 ns, Reaching safepoint: 103654 ns, At safepoint: 10055 ns, Total: 113709 ns
[2020-09-12T12:41:26.701+0000][1][safepoint    ] Safepoint "Cleanup", Time since last: 1000134137 ns, Reaching safepoint: 99475 ns, At safepoint: 11543 ns, Total: 111018 ns
[2020-09-12T12:41:27.701+0000][1][safepoint    ] Safepoint "Cleanup", Time since last: 1000127636 ns, Reaching safepoint: 96331 ns, At safepoint: 12081 ns, Total: 108412 ns
[2020-09-12T12:41:28.701+0000][1][safepoint    ] Safepoint "Cleanup", Time since last: 1000120055 ns, Reaching safepoint: 97031 ns, At safepoint: 10761 ns, Total: 107792 ns
[2020-09-12T12:41:29.702+0000][1][safepoint    ] Safepoint "Cleanup", Time since last: 1000138201 ns, Reaching safepoint: 100255 ns, At safepoint: 13811 ns, Total: 114066 ns
[2020-09-12T12:41:30.702+0000][1][safepoint    ] Safepoint "Cleanup", Time since last: 1000118017 ns, Reaching safepoint: 99339 ns, At safepoint: 12657 ns, Total: 111996 ns
[2020-09-12T12:41:31.702+0000][1][safepoint    ] Safepoint "Cleanup", Time since last: 1000116757 ns, Reaching safepoint: 99597 ns, At safepoint: 10392 ns, Total: 109989 ns
[2020-09-12T12:41:32.702+0000][1][safepoint    ] Safepoint "Cleanup", Time since last: 1000112883 ns, Reaching safepoint: 94198 ns, At safepoint: 8394 ns, Total: 102592 ns
[2020-09-12T12:41:33.703+0000][1][safepoint    ] Safepoint "Cleanup", Time since last: 1000117520 ns, Reaching safepoint: 98997 ns, At safepoint: 11207 ns, Total: 110204 ns
[2020-09-12T12:41:34.703+0000][1][safepoint    ] Safepoint "Cleanup", Time since last: 1000115848 ns, Reaching safepoint: 107241 ns, At safepoint: 10842 ns, Total: 118083 ns
[2020-09-12T12:41:35.703+0000][1][safepoint    ] Safepoint "Cleanup", Time since last: 1000122815 ns, Reaching safepoint: 100381 ns, At safepoint: 10747 ns, Total: 111128 ns
[2020-09-12T12:41:36.703+0000][1][safepoint    ] Safepoint "Cleanup", Time since last: 1000131925 ns, Reaching safepoint: 97565 ns, At safepoint: 9024 ns, Total: 106589 ns
[2020-09-12T12:41:37.704+0000][1][safepoint    ] Safepoint "Cleanup", Time since last: 1000110909 ns, Reaching safepoint: 101116 ns, At safepoint: 8790 ns, Total: 109906 ns
[2020-09-12T12:41:38.704+0000][1][safepoint    ] Safepoint "Cleanup", Time since last: 1000114096 ns, Reaching safepoint: 96516 ns, At safepoint: 8407 ns, Total: 104923 ns
[2020-09-12T12:41:39.704+0000][1][safepoint    ] Safepoint "Cleanup", Time since last: 1000193551 ns, Reaching safepoint: 101967 ns, At safepoint: 12496 ns, Total: 114463 ns
[2020-09-12T12:41:40.704+0000][1][safepoint    ] Safepoint "Cleanup", Time since last: 1000125007 ns, Reaching safepoint: 101273 ns, At safepoint: 11396 ns, Total: 112669 ns
[2020-09-12T12:41:41.705+0000][1][safepoint    ] Safepoint "Cleanup", Time since last: 1000133648 ns, Reaching safepoint: 106486 ns, At safepoint: 13128 ns, Total: 119614 ns
[2020-09-12T12:41:42.705+0000][1][safepoint    ] Safepoint "Cleanup", Time since last: 1000103596 ns, Reaching safepoint: 100019 ns, At safepoint: 8911 ns, Total: 108930 ns
[2020-09-12T12:41:43.705+0000][1][safepoint    ] Safepoint "Cleanup", Time since last: 1000116241 ns, Reaching safepoint: 105130 ns, At safepoint: 10195 ns, Total: 115325 ns
[2020-09-12T12:41:44.234+0000][1][gc,start     ] GC(67) Pause Young (Allocation Failure)
[2020-09-12T12:41:44.234+0000][1][gc,task      ] GC(67) Using 2 workers of 2 for evacuation
[2020-09-12T12:41:44.259+0000][1][gc,age       ] GC(67) Desired survivor size 8716288 bytes, new threshold 6 (max threshold 6)
[2020-09-12T12:41:44.259+0000][1][gc,age       ] GC(67) Age table with threshold 6 (max threshold 6)
[2020-09-12T12:41:44.259+0000][1][gc,age       ] GC(67) - age   1:     247904 bytes,     247904 total
[2020-09-12T12:41:44.259+0000][1][gc,age       ] GC(67) - age   2:     790784 bytes,    1038688 total
[2020-09-12T12:41:44.259+0000][1][gc,age       ] GC(67) - age   3:     137928 bytes,    1176616 total
[2020-09-12T12:41:44.259+0000][1][gc,age       ] GC(67) - age   4:      20128 bytes,    1196744 total
[2020-09-12T12:41:44.259+0000][1][gc,age       ] GC(67) - age   5:     100264 bytes,    1297008 total
[2020-09-12T12:41:44.259+0000][1][gc,age       ] GC(67) - age   6:      18504 bytes,    1315512 total
[2020-09-12T12:41:44.259+0000][1][gc,heap      ] GC(67) ParNew: 138726K->1382K(153344K)
[2020-09-12T12:41:44.259+0000][1][gc,heap      ] GC(67) CMS: 199554K->199687K(1926784K)
[2020-09-12T12:41:44.259+0000][1][gc,metaspace ] GC(67) Metaspace: 96546K->96546K(1138688K)
[2020-09-12T12:41:44.259+0000][1][gc           ] GC(67) Pause Young (Allocation Failure) 330M->196M(2031M) 25.158ms
[2020-09-12T12:41:44.259+0000][1][gc,cpu       ] GC(67) User=0.02s Sys=0.00s Real=0.02s
[2020-09-12T12:41:44.259+0000][1][safepoint    ] Safepoint "GenCollectForAllocation", Time since last: 528735190 ns, Reaching safepoint: 98164 ns, At safepoint: 25217924 ns, Total: 25316088 ns
[2020-09-12T12:41:45.259+0000][1][safepoint    ] Safepoint "Cleanup", Time since last: 1000109434 ns, Reaching safepoint: 105725 ns, At safepoint: 8105 ns, Total: 113830 ns
[2020-09-12T12:41:46.260+0000][1][safepoint    ] Safepoint "Cleanup", Time since last: 1000133965 ns, Reaching safepoint: 99767 ns, At safepoint: 12166 ns, Total: 111933 ns
[2020-09-12T12:41:47.260+0000][1][safepoint    ] Safepoint "Cleanup", Time since last: 1000132665 ns, Reaching safepoint: 101214 ns, At safepoint: 11052 ns, Total: 112266 ns
[2020-09-12T12:41:48.260+0000][1][safepoint    ] Safepoint "Cleanup", Time since last: 1000211364 ns, Reaching safepoint: 97137 ns, At safepoint: 8082 ns, Total: 105219 ns
[2020-09-12T12:41:49.260+0000][1][safepoint    ] Safepoint "Cleanup", Time since last: 1000136784 ns, Reaching safepoint: 95337 ns, At safepoint: 9928 ns, Total: 105265 ns
[2020-09-12T12:41:50.261+0000][1][safepoint    ] Safepoint "Cleanup", Time since last: 1000317641 ns, Reaching safepoint: 92268 ns, At safepoint: 7816 ns, Total: 100084 ns
[2020-09-12T12:41:51.261+0000][1][safepoint    ] Safepoint "Cleanup", Time since last: 1000111183 ns, Reaching safepoint: 95274 ns, At safepoint: 8194 ns, Total: 103468 ns
[2020-09-12T12:41:52.261+0000][1][safepoint    ] Safepoint "Cleanup", Time since last: 1000113172 ns, Reaching safepoint: 99315 ns, At safepoint: 11155 ns, Total: 110470 ns
[2020-09-12T12:41:53.261+0000][1][safepoint    ] Safepoint "Cleanup", Time since last: 1000118254 ns, Reaching safepoint: 99629 ns, At safepoint: 8528 ns, Total: 108157 ns
[2020-09-12T12:41:54.262+0000][1][safepoint    ] Safepoint "Cleanup", Time since last: 1000112408 ns, Reaching safepoint: 91669 ns, At safepoint: 8001 ns, Total: 99670 ns
[2020-09-12T12:41:55.265+0000][1][safepoint    ] Safepoint "Cleanup", Time since last: 1003338017 ns, Reaching safepoint: 101269 ns, At safepoint: 8083 ns, Total: 109352 ns
[2020-09-12T12:41:56.265+0000][1][safepoint    ] Safepoint "Cleanup", Time since last: 1000123538 ns, Reaching safepoint: 98749 ns, At safepoint: 10705 ns, Total: 109454 ns
[2020-09-12T12:41:57.266+0000][1][safepoint    ] Safepoint "Cleanup", Time since last: 1000203393 ns, Reaching safepoint: 101327 ns, At safepoint: 12811 ns, Total: 114138 ns
[2020-09-12T12:41:58.266+0000][1][safepoint    ] Safepoint "Cleanup", Time since last: 1000115498 ns, Reaching safepoint: 95566 ns, At safepoint: 8009 ns, Total: 103575 ns
[2020-09-12T12:41:59.266+0000][1][safepoint    ] Safepoint "Cleanup", Time since last: 1000119183 ns, Reaching safepoint: 93657 ns, At safepoint: 8556 ns, Total: 102213 ns
[2020-09-12T12:42:00.266+0000][1][safepoint    ] Safepoint "Cleanup", Time since last: 1000126607 ns, Reaching safepoint: 95332 ns, At safepoint: 9671 ns, Total: 105003 ns
[2020-09-12T12:42:01.267+0000][1][safepoint    ] Safepoint "Cleanup", Time since last: 1000132066 ns, Reaching safepoint: 92549 ns, At safepoint: 8470 ns, Total: 101019 ns
[2020-09-12T12:42:02.267+0000][1][safepoint    ] Safepoint "Cleanup", Time since last: 1000127116 ns, Reaching safepoint: 130902 ns, At safepoint: 14759 ns, Total: 145661 ns
[2020-09-12T12:42:04.267+0000][1][safepoint    ] Safepoint "Cleanup", Time since last: 2000212737 ns, Reaching safepoint: 214338 ns, At safepoint: 9277 ns, Total: 223615 ns
[2020-09-12T12:42:05.271+0000][1][safepoint    ] Safepoint "Cleanup", Time since last: 1003625497 ns, Reaching safepoint: 114234 ns, At safepoint: 12444 ns, Total: 126678 ns
[2020-09-12T12:42:07.272+0000][1][safepoint    ] Safepoint "Cleanup", Time since last: 2000537370 ns, Reaching safepoint: 133184 ns, At safepoint: 14675 ns, Total: 147859 ns
[2020-09-12T12:42:13.272+0000][1][safepoint    ] Safepoint "Cleanup", Time since last: 6000548850 ns, Reaching safepoint: 99680 ns, At safepoint: 9032 ns, Total: 108712 ns
[2020-09-12T12:42:14.273+0000][1][safepoint    ] Safepoint "Cleanup", Time since last: 1000130809 ns, Reaching safepoint: 98640 ns, At safepoint: 8366 ns, Total: 107006 ns
[2020-09-12T12:42:16.273+0000][1][safepoint    ] Safepoint "Cleanup", Time since last: 2000220685 ns, Reaching safepoint: 99544 ns, At safepoint: 8159 ns, Total: 107703 ns
[2020-09-12T12:42:18.273+0000][1][safepoint    ] Safepoint "Cleanup", Time since last: 2000200438 ns, Reaching safepoint: 106239 ns, At safepoint: 11564 ns, Total: 117803 ns
[2020-09-12T12:42:22.274+0000][1][safepoint    ] Safepoint "Cleanup", Time since last: 4000351534 ns, Reaching safepoint: 122259 ns, At safepoint: 11249 ns, Total: 133508 ns
[2020-09-12T12:42:23.070+0000][1][safepoint    ] Safepoint "RevokeBias", Time since last: 795781508 ns, Reaching safepoint: 167878 ns, At safepoint: 30190 ns, Total: 198068 ns
[2020-09-12T12:42:24.070+0000][1][safepoint    ] Safepoint "Cleanup", Time since last: 1000119116 ns, Reaching safepoint: 97887 ns, At safepoint: 8728 ns, Total: 106615 ns
[2020-09-12T12:42:25.070+0000][1][safepoint    ] Safepoint "Cleanup", Time since last: 1000132392 ns, Reaching safepoint: 104186 ns, At safepoint: 13549 ns, Total: 117735 ns
[2020-09-12T12:42:26.070+0000][1][safepoint    ] Safepoint "Cleanup", Time since last: 1000127386 ns, Reaching safepoint: 115050 ns, At safepoint: 12062 ns, Total: 127112 ns
[2020-09-12T12:42:27.071+0000][1][safepoint    ] Safepoint "Cleanup", Time since last: 1000168080 ns, Reaching safepoint: 103754 ns, At safepoint: 11784 ns, Total: 115538 ns
[2020-09-12T12:42:28.071+0000][1][safepoint    ] Safepoint "Cleanup", Time since last: 1000119251 ns, Reaching safepoint: 101622 ns, At safepoint: 12498 ns, Total: 114120 ns
[2020-09-12T12:42:29.071+0000][1][safepoint    ] Safepoint "Cleanup", Time since last: 1000138364 ns, Reaching safepoint: 97739 ns, At safepoint: 9904 ns, Total: 107643 ns
[2020-09-12T12:42:30.764+0000][1][gc,start     ] GC(68) Pause Young (Allocation Failure)
[2020-09-12T12:42:30.764+0000][1][gc,task      ] GC(68) Using 2 workers of 2 for evacuation
[2020-09-12T12:42:30.780+0000][1][gc,age       ] GC(68) Desired survivor size 8716288 bytes, new threshold 6 (max threshold 6)
[2020-09-12T12:42:30.780+0000][1][gc,age       ] GC(68) Age table with threshold 6 (max threshold 6)
[2020-09-12T12:42:30.780+0000][1][gc,age       ] GC(68) - age   1:     806400 bytes,     806400 total
[2020-09-12T12:42:30.780+0000][1][gc,age       ] GC(68) - age   2:     136896 bytes,     943296 total
[2020-09-12T12:42:30.780+0000][1][gc,age       ] GC(68) - age   3:     260728 bytes,    1204024 total
[2020-09-12T12:42:30.780+0000][1][gc,age       ] GC(68) - age   4:     137480 bytes,    1341504 total
[2020-09-12T12:42:30.780+0000][1][gc,age       ] GC(68) - age   5:      19832 bytes,    1361336 total
[2020-09-12T12:42:30.780+0000][1][gc,age       ] GC(68) - age   6:     100264 bytes,    1461600 total
[2020-09-12T12:42:30.780+0000][1][gc,heap      ] GC(68) ParNew: 137702K->1790K(153344K)
[2020-09-12T12:42:30.780+0000][1][gc,heap      ] GC(68) CMS: 199687K->199705K(1926784K)
[2020-09-12T12:42:30.780+0000][1][gc,metaspace ] GC(68) Metaspace: 96617K->96617K(1138688K)
[2020-09-12T12:42:30.780+0000][1][gc           ] GC(68) Pause Young (Allocation Failure) 329M->196M(2031M) 16.229ms
[2020-09-12T12:42:30.780+0000][1][gc,cpu       ] GC(68) User=0.02s Sys=0.00s Real=0.01s
[2020-09-12T12:42:30.780+0000][1][safepoint    ] Safepoint "GenCollectForAllocation", Time since last: 1692343901 ns, Reaching safepoint: 185621 ns, At safepoint: 16303603 ns, Total: 16489224 ns
[2020-09-12T12:42:32.780+0000][1][safepoint    ] Safepoint "Cleanup", Time since last: 2000164506 ns, Reaching safepoint: 95861 ns, At safepoint: 9116 ns, Total: 104977 ns
[2020-09-12T12:42:33.781+0000][1][safepoint    ] Safepoint "Cleanup", Time since last: 1000118741 ns, Reaching safepoint: 103051 ns, At safepoint: 8608 ns, Total: 111659 ns
[2020-09-12T12:42:34.781+0000][1][safepoint    ] Safepoint "Cleanup", Time since last: 1000158837 ns, Reaching safepoint: 111082 ns, At safepoint: 9919 ns, Total: 121001 ns
[2020-09-12T12:42:35.781+0000][1][safepoint    ] Safepoint "Cleanup", Time since last: 1000115223 ns, Reaching safepoint: 102199 ns, At safepoint: 16601 ns, Total: 118800 ns
[2020-09-12T12:42:36.781+0000][1][safepoint    ] Safepoint "Cleanup", Time since last: 1000130289 ns, Reaching safepoint: 103526 ns, At safepoint: 14621 ns, Total: 118147 ns
[2020-09-12T12:42:37.782+0000][1][safepoint    ] Safepoint "Cleanup", Time since last: 1000124242 ns, Reaching safepoint: 95624 ns, At safepoint: 9277 ns, Total: 104901 ns
[2020-09-12T12:42:38.782+0000][1][safepoint    ] Safepoint "Cleanup", Time since last: 1000114711 ns, Reaching safepoint: 99379 ns, At safepoint: 8839 ns, Total: 108218 ns
[2020-09-12T12:42:39.782+0000][1][safepoint    ] Safepoint "Cleanup", Time since last: 1000137588 ns, Reaching safepoint: 99993 ns, At safepoint: 13067 ns, Total: 113060 ns
[2020-09-12T12:42:40.782+0000][1][safepoint    ] Safepoint "Cleanup", Time since last: 1000115595 ns, Reaching safepoint: 96893 ns, At safepoint: 10379 ns, Total: 107272 ns
[2020-09-12T12:42:41.782+0000][1][safepoint    ] Safepoint "Cleanup", Time since last: 1000114367 ns, Reaching safepoint: 100238 ns, At safepoint: 11559 ns, Total: 111797 ns
[2020-09-12T12:42:42.783+0000][1][safepoint    ] Safepoint "Cleanup", Time since last: 1000126374 ns, Reaching safepoint: 101771 ns, At safepoint: 11544 ns, Total: 113315 ns
[2020-09-12T12:42:43.783+0000][1][safepoint    ] Safepoint "Cleanup", Time since last: 1000119148 ns, Reaching safepoint: 94351 ns, At safepoint: 10570 ns, Total: 104921 ns
[2020-09-12T12:42:44.784+0000][1][safepoint    ] Safepoint "Cleanup", Time since last: 1000898153 ns, Reaching safepoint: 133092 ns, At safepoint: 10537 ns, Total: 143629 ns
[2020-09-12T12:42:45.784+0000][1][safepoint    ] Safepoint "Cleanup", Time since last: 1000110255 ns, Reaching safepoint: 106776 ns, At safepoint: 11532 ns, Total: 118308 ns
[2020-09-12T12:42:46.784+0000][1][safepoint    ] Safepoint "Cleanup", Time since last: 1000131738 ns, Reaching safepoint: 95729 ns, At safepoint: 11450 ns, Total: 107179 ns
[2020-09-12T12:42:47.785+0000][1][safepoint    ] Safepoint "Cleanup", Time since last: 1000138790 ns, Reaching safepoint: 123244 ns, At safepoint: 11537 ns, Total: 134781 ns
[2020-09-12T12:42:48.785+0000][1][safepoint    ] Safepoint "Cleanup", Time since last: 1000117597 ns, Reaching safepoint: 103349 ns, At safepoint: 10235 ns, Total: 113584 ns
[2020-09-12T12:42:49.785+0000][1][safepoint    ] Safepoint "Cleanup", Time since last: 1000118467 ns, Reaching safepoint: 93705 ns, At safepoint: 8956 ns, Total: 102661 ns
[2020-09-12T12:42:50.785+0000][1][safepoint    ] Safepoint "Cleanup", Time since last: 1000112246 ns, Reaching safepoint: 95796 ns, At safepoint: 8352 ns, Total: 104148 ns
[2020-09-12T12:42:51.786+0000][1][safepoint    ] Safepoint "Cleanup", Time since last: 1000114296 ns, Reaching safepoint: 109486 ns, At safepoint: 10863 ns, Total: 120349 ns
[2020-09-12T12:42:52.786+0000][1][safepoint    ] Safepoint "Cleanup", Time since last: 1000202240 ns, Reaching safepoint: 99309 ns, At safepoint: 11751 ns, Total: 111060 ns
[2020-09-12T12:42:53.786+0000][1][safepoint    ] Safepoint "Cleanup", Time since last: 1000092238 ns, Reaching safepoint: 109483 ns, At safepoint: 13600 ns, Total: 123083 ns
[2020-09-12T12:42:54.786+0000][1][safepoint    ] Safepoint "Cleanup", Time since last: 1000133086 ns, Reaching safepoint: 142594 ns, At safepoint: 11519 ns, Total: 154113 ns
[2020-09-12T12:42:55.787+0000][1][safepoint    ] Safepoint "Cleanup", Time since last: 1000116237 ns, Reaching safepoint: 100374 ns, At safepoint: 10834 ns, Total: 111208 ns
[2020-09-12T12:42:56.787+0000][1][safepoint    ] Safepoint "Cleanup", Time since last: 1000152525 ns, Reaching safepoint: 240051 ns, At safepoint: 17710 ns, Total: 257761 ns
[2020-09-12T12:42:57.787+0000][1][safepoint    ] Safepoint "Cleanup", Time since last: 1000165843 ns, Reaching safepoint: 98348 ns, At safepoint: 10951 ns, Total: 109299 ns
[2020-09-12T12:42:58.788+0000][1][safepoint    ] Safepoint "Cleanup", Time since last: 1000117880 ns, Reaching safepoint: 100700 ns, At safepoint: 8847 ns, Total: 109547 ns
[2020-09-12T12:42:59.788+0000][1][safepoint    ] Safepoint "Cleanup", Time since last: 1000144300 ns, Reaching safepoint: 92782 ns, At safepoint: 14531 ns, Total: 107313 ns
[2020-09-12T12:43:00.788+0000][1][safepoint    ] Safepoint "Cleanup", Time since last: 1000114800 ns, Reaching safepoint: 96124 ns, At safepoint: 18000 ns, Total: 114124 ns
[2020-09-12T12:43:01.788+0000][1][safepoint    ] Safepoint "Cleanup", Time since last: 1000117809 ns, Reaching safepoint: 109880 ns, At safepoint: 13279 ns, Total: 123159 ns
[2020-09-12T12:43:02.789+0000][1][safepoint    ] Safepoint "Cleanup", Time since last: 1000125458 ns, Reaching safepoint: 98511 ns, At safepoint: 11007 ns, Total: 109518 ns
[2020-09-12T12:43:03.789+0000][1][safepoint    ] Safepoint "Cleanup", Time since last: 1000118174 ns, Reaching safepoint: 121651 ns, At safepoint: 11104 ns, Total: 132755 ns
[2020-09-12T12:43:04.789+0000][1][safepoint    ] Safepoint "Cleanup", Time since last: 1000112555 ns, Reaching safepoint: 103139 ns, At safepoint: 8627 ns, Total: 111766 ns
[2020-09-12T12:43:05.789+0000][1][safepoint    ] Safepoint "Cleanup", Time since last: 1000113124 ns, Reaching safepoint: 100179 ns, At safepoint: 9542 ns, Total: 109721 ns
[2020-09-12T12:43:06.792+0000][1][safepoint    ] Safepoint "Cleanup", Time since last: 1002841892 ns, Reaching safepoint: 103065 ns, At safepoint: 9550 ns, Total: 112615 ns
[2020-09-12T12:43:07.792+0000][1][safepoint    ] Safepoint "Cleanup", Time since last: 1000112561 ns, Reaching safepoint: 96140 ns, At safepoint: 10253 ns, Total: 106393 ns
[2020-09-12T12:43:08.793+0000][1][safepoint    ] Safepoint "Cleanup", Time since last: 1000112048 ns, Reaching safepoint: 98205 ns, At safepoint: 9498 ns, Total: 107703 ns
[2020-09-12T12:43:09.793+0000][1][safepoint    ] Safepoint "Cleanup", Time since last: 1000171169 ns, Reaching safepoint: 98184 ns, At safepoint: 11912 ns, Total: 110096 ns
[2020-09-12T12:43:10.793+0000][1][safepoint    ] Safepoint "Cleanup", Time since last: 1000113730 ns, Reaching safepoint: 98265 ns, At safepoint: 10865 ns, Total: 109130 ns
[2020-09-12T12:43:11.793+0000][1][safepoint    ] Safepoint "Cleanup", Time since last: 1000241831 ns, Reaching safepoint: 100191 ns, At safepoint: 17166 ns, Total: 117357 ns
[2020-09-12T12:43:12.794+0000][1][safepoint    ] Safepoint "Cleanup", Time since last: 1000114473 ns, Reaching safepoint: 94026 ns, At safepoint: 15562 ns, Total: 109588 ns
[2020-09-12T12:43:13.794+0000][1][safepoint    ] Safepoint "Cleanup", Time since last: 1000119093 ns, Reaching safepoint: 105186 ns, At safepoint: 15165 ns, Total: 120351 ns
[2020-09-12T12:43:14.064+0000][1][gc,start     ] GC(69) Pause Young (Allocation Failure)
[2020-09-12T12:43:14.064+0000][1][gc,task      ] GC(69) Using 2 workers of 2 for evacuation
[2020-09-12T12:43:14.087+0000][1][gc,age       ] GC(69) Desired survivor size 8716288 bytes, new threshold 6 (max threshold 6)
[2020-09-12T12:43:14.087+0000][1][gc,age       ] GC(69) Age table with threshold 6 (max threshold 6)
[2020-09-12T12:43:14.087+0000][1][gc,age       ] GC(69) - age   1:     376056 bytes,     376056 total
[2020-09-12T12:43:14.087+0000][1][gc,age       ] GC(69) - age   2:     653224 bytes,    1029280 total
[2020-09-12T12:43:14.087+0000][1][gc,age       ] GC(69) - age   3:      18880 bytes,    1048160 total
[2020-09-12T12:43:14.087+0000][1][gc,age       ] GC(69) - age   4:     260632 bytes,    1308792 total
[2020-09-12T12:43:14.087+0000][1][gc,age       ] GC(69) - age   5:     137448 bytes,    1446240 total
[2020-09-12T12:43:14.087+0000][1][gc,age       ] GC(69) - age   6:      19832 bytes,    1466072 total
[2020-09-12T12:43:14.087+0000][1][gc,heap      ] GC(69) ParNew: 138110K->2053K(153344K)
[2020-09-12T12:43:14.087+0000][1][gc,heap      ] GC(69) CMS: 199705K->199803K(1926784K)
[2020-09-12T12:43:14.087+0000][1][gc,metaspace ] GC(69) Metaspace: 96692K->96692K(1138688K)
[2020-09-12T12:43:14.087+0000][1][gc           ] GC(69) Pause Young (Allocation Failure) 329M->197M(2031M) 23.383ms
[2020-09-12T12:43:14.087+0000][1][gc,cpu       ] GC(69) User=0.02s Sys=0.00s Real=0.02s
[2020-09-12T12:43:14.087+0000][1][safepoint    ] Safepoint "GenCollectForAllocation", Time since last: 269670144 ns, Reaching safepoint: 169206 ns, At safepoint: 23440928 ns, Total: 23610134 ns
[2020-09-12T12:43:15.087+0000][1][safepoint    ] Safepoint "Cleanup", Time since last: 1000090776 ns, Reaching safepoint: 105040 ns, At safepoint: 16098 ns, Total: 121138 ns
[2020-09-12T12:43:16.088+0000][1][safepoint    ] Safepoint "Cleanup", Time since last: 1000119471 ns, Reaching safepoint: 111655 ns, At safepoint: 14017 ns, Total: 125672 ns
[2020-09-12T12:43:17.088+0000][1][safepoint    ] Safepoint "Cleanup", Time since last: 1000152540 ns, Reaching safepoint: 100941 ns, At safepoint: 10411 ns, Total: 111352 ns
[2020-09-12T12:43:18.088+0000][1][safepoint    ] Safepoint "Cleanup", Time since last: 1000115026 ns, Reaching safepoint: 98227 ns, At safepoint: 16659 ns, Total: 114886 ns
[2020-09-12T12:43:19.088+0000][1][safepoint    ] Safepoint "Cleanup", Time since last: 1000131162 ns, Reaching safepoint: 118886 ns, At safepoint: 20230 ns, Total: 139116 ns
[2020-09-12T12:43:20.089+0000][1][safepoint    ] Safepoint "Cleanup", Time since last: 1000125868 ns, Reaching safepoint: 246502 ns, At safepoint: 14307 ns, Total: 260809 ns
[2020-09-12T12:43:21.089+0000][1][safepoint    ] Safepoint "Cleanup", Time since last: 1000145445 ns, Reaching safepoint: 174597 ns, At safepoint: 38328 ns, Total: 212925 ns
[2020-09-12T12:43:22.089+0000][1][safepoint    ] Safepoint "Cleanup", Time since last: 1000172267 ns, Reaching safepoint: 116024 ns, At safepoint: 11329 ns, Total: 127353 ns
[2020-09-12T12:43:23.090+0000][1][safepoint    ] Safepoint "Cleanup", Time since last: 1000122330 ns, Reaching safepoint: 99694 ns, At safepoint: 9823 ns, Total: 109517 ns
[2020-09-12T12:43:24.093+0000][1][safepoint    ] Safepoint "Cleanup", Time since last: 1003506614 ns, Reaching safepoint: 89574 ns, At safepoint: 9304 ns, Total: 98878 ns
[2020-09-12T12:43:25.094+0000][1][safepoint    ] Safepoint "Cleanup", Time since last: 1000110803 ns, Reaching safepoint: 104372 ns, At safepoint: 10278 ns, Total: 114650 ns
[2020-09-12T12:43:26.094+0000][1][safepoint    ] Safepoint "Cleanup", Time since last: 1000114734 ns, Reaching safepoint: 102685 ns, At safepoint: 11527 ns, Total: 114212 ns
[2020-09-12T12:43:27.094+0000][1][safepoint    ] Safepoint "Cleanup", Time since last: 1000117807 ns, Reaching safepoint: 98551 ns, At safepoint: 11467 ns, Total: 110018 ns
[2020-09-12T12:43:28.094+0000][1][safepoint    ] Safepoint "Cleanup", Time since last: 1000116050 ns, Reaching safepoint: 128855 ns, At safepoint: 10673 ns, Total: 139528 ns
[2020-09-12T12:43:29.094+0000][1][safepoint    ] Safepoint "Cleanup", Time since last: 1000112719 ns, Reaching safepoint: 100835 ns, At safepoint: 8854 ns, Total: 109689 ns
[2020-09-12T12:43:30.095+0000][1][safepoint    ] Safepoint "Cleanup", Time since last: 1000122989 ns, Reaching safepoint: 97600 ns, At safepoint: 10580 ns, Total: 108180 ns
[2020-09-12T12:43:31.095+0000][1][safepoint    ] Safepoint "Cleanup", Time since last: 1000117487 ns, Reaching safepoint: 98195 ns, At safepoint: 8858 ns, Total: 107053 ns
[2020-09-12T12:43:32.095+0000][1][safepoint    ] Safepoint "Cleanup", Time since last: 1000128835 ns, Reaching safepoint: 101451 ns, At safepoint: 10882 ns, Total: 112333 ns
[2020-09-12T12:43:33.095+0000][1][safepoint    ] Safepoint "Cleanup", Time since last: 1000099584 ns, Reaching safepoint: 95417 ns, At safepoint: 8515 ns, Total: 103932 ns
[2020-09-12T12:43:34.096+0000][1][safepoint    ] Safepoint "Cleanup", Time since last: 1000113071 ns, Reaching safepoint: 98325 ns, At safepoint: 8891 ns, Total: 107216 ns
[2020-09-12T12:43:35.096+0000][1][safepoint    ] Safepoint "Cleanup", Time since last: 1000119287 ns, Reaching safepoint: 100726 ns, At safepoint: 10856 ns, Total: 111582 ns
[2020-09-12T12:43:38.096+0000][1][safepoint    ] Safepoint "Cleanup", Time since last: 3000276854 ns, Reaching safepoint: 106577 ns, At safepoint: 12950 ns, Total: 119527 ns
[2020-09-12T12:43:39.096+0000][1][safepoint    ] Safepoint "Cleanup", Time since last: 1000119406 ns, Reaching safepoint: 99544 ns, At safepoint: 8322 ns, Total: 107866 ns
[2020-09-12T12:43:42.619+0000][1][safepoint    ] Safepoint "RevokeBias", Time since last: 3522723543 ns, Reaching safepoint: 106366 ns, At safepoint: 26035 ns, Total: 132401 ns
[2020-09-12T12:43:43.620+0000][1][safepoint    ] Safepoint "Cleanup", Time since last: 1000118294 ns, Reaching safepoint: 98853 ns, At safepoint: 9109 ns, Total: 107962 ns
[2020-09-12T12:43:44.620+0000][1][safepoint    ] Safepoint "Cleanup", Time since last: 1000121861 ns, Reaching safepoint: 103270 ns, At safepoint: 9024 ns, Total: 112294 ns
[2020-09-12T12:43:46.625+0000][1][safepoint    ] Safepoint "Cleanup", Time since last: 2005006392 ns, Reaching safepoint: 136453 ns, At safepoint: 14729 ns, Total: 151182 ns
[2020-09-12T12:43:54.054+0000][1][gc,start     ] GC(70) Pause Young (Allocation Failure)
[2020-09-12T12:43:54.054+0000][1][gc,task      ] GC(70) Using 2 workers of 2 for evacuation
[2020-09-12T12:43:54.084+0000][1][gc,age       ] GC(70) Desired survivor size 8716288 bytes, new threshold 6 (max threshold 6)
[2020-09-12T12:43:54.084+0000][1][gc,age       ] GC(70) Age table with threshold 6 (max threshold 6)
[2020-09-12T12:43:54.084+0000][1][gc,age       ] GC(70) - age   1:     794592 bytes,     794592 total
[2020-09-12T12:43:54.084+0000][1][gc,age       ] GC(70) - age   2:     261616 bytes,    1056208 total
[2020-09-12T12:43:54.084+0000][1][gc,age       ] GC(70) - age   3:     114928 bytes,    1171136 total
[2020-09-12T12:43:54.084+0000][1][gc,age       ] GC(70) - age   4:      18784 bytes,    1189920 total
[2020-09-12T12:43:54.084+0000][1][gc,age       ] GC(70) - age   5:     260632 bytes,    1450552 total
[2020-09-12T12:43:54.085+0000][1][gc,age       ] GC(70) - age   6:     137448 bytes,    1588000 total
[2020-09-12T12:43:54.085+0000][1][gc,heap      ] GC(70) ParNew: 138373K->2124K(153344K)
[2020-09-12T12:43:54.085+0000][1][gc,heap      ] GC(70) CMS: 199803K->199823K(1926784K)
[2020-09-12T12:43:54.085+0000][1][gc,metaspace ] GC(70) Metaspace: 96753K->96753K(1138688K)
[2020-09-12T12:43:54.085+0000][1][gc           ] GC(70) Pause Young (Allocation Failure) 330M->197M(2031M) 30.535ms
[2020-09-12T12:43:54.085+0000][1][gc,cpu       ] GC(70) User=0.02s Sys=0.00s Real=0.03s
[2020-09-12T12:43:54.085+0000][1][safepoint    ] Safepoint "GenCollectForAllocation", Time since last: 7428948794 ns, Reaching safepoint: 178485 ns, At safepoint: 30608278 ns, Total: 30786763 ns
[2020-09-12T12:43:56.085+0000][1][safepoint    ] Safepoint "Cleanup", Time since last: 2000167618 ns, Reaching safepoint: 114053 ns, At safepoint: 10987 ns, Total: 125040 ns
[2020-09-12T12:44:00.085+0000][1][safepoint    ] Safepoint "Cleanup", Time since last: 4000340915 ns, Reaching safepoint: 108110 ns, At safepoint: 11586 ns, Total: 119696 ns
[2020-09-12T12:44:01.086+0000][1][safepoint    ] Safepoint "Cleanup", Time since last: 1000116533 ns, Reaching safepoint: 105669 ns, At safepoint: 12016 ns, Total: 117685 ns
[2020-09-12T12:44:05.086+0000][1][safepoint    ] Safepoint "Cleanup", Time since last: 4000340505 ns, Reaching safepoint: 101018 ns, At safepoint: 10002 ns, Total: 111020 ns
[2020-09-12T12:44:09.087+0000][1][safepoint    ] Safepoint "Cleanup", Time since last: 4000374194 ns, Reaching safepoint: 94229 ns, At safepoint: 8408 ns, Total: 102637 ns
[2020-09-12T12:44:10.087+0000][1][safepoint    ] Safepoint "Cleanup", Time since last: 1000119616 ns, Reaching safepoint: 97926 ns, At safepoint: 12225 ns, Total: 110151 ns
[2020-09-12T12:44:11.087+0000][1][safepoint    ] Safepoint "Cleanup", Time since last: 1000116982 ns, Reaching safepoint: 104166 ns, At safepoint: 9324 ns, Total: 113490 ns
[2020-09-12T12:44:14.087+0000][1][safepoint    ] Safepoint "Cleanup", Time since last: 3000281380 ns, Reaching safepoint: 102871 ns, At safepoint: 8420 ns, Total: 111291 ns
[2020-09-12T12:44:15.088+0000][1][safepoint    ] Safepoint "Cleanup", Time since last: 1000135351 ns, Reaching safepoint: 158226 ns, At safepoint: 17355 ns, Total: 175581 ns
[2020-09-12T12:44:19.088+0000][1][safepoint    ] Safepoint "Cleanup", Time since last: 4000375593 ns, Reaching safepoint: 97407 ns, At safepoint: 8930 ns, Total: 106337 ns
[2020-09-12T12:44:20.088+0000][1][safepoint    ] Safepoint "Cleanup", Time since last: 1000117310 ns, Reaching safepoint: 104038 ns, At safepoint: 10078 ns, Total: 114116 ns
[2020-09-12T12:44:23.089+0000][1][safepoint    ] Safepoint "Cleanup", Time since last: 3000290474 ns, Reaching safepoint: 113191 ns, At safepoint: 9454 ns, Total: 122645 ns
[2020-09-12T12:44:25.089+0000][1][safepoint    ] Safepoint "Cleanup", Time since last: 2000189224 ns, Reaching safepoint: 96952 ns, At safepoint: 8179 ns, Total: 105131 ns
[2020-09-12T12:44:29.090+0000][1][safepoint    ] Safepoint "Cleanup", Time since last: 4000338335 ns, Reaching safepoint: 129672 ns, At safepoint: 9848 ns, Total: 139520 ns
[2020-09-12T12:44:34.090+0000][1][safepoint    ] Safepoint "Cleanup", Time since last: 5000404367 ns, Reaching safepoint: 105411 ns, At safepoint: 8582 ns, Total: 113993 ns
[2020-09-12T12:44:35.090+0000][1][safepoint    ] Safepoint "Cleanup", Time since last: 1000121073 ns, Reaching safepoint: 96417 ns, At safepoint: 8870 ns, Total: 105287 ns
[2020-09-12T12:44:35.896+0000][1][gc,start     ] GC(71) Pause Young (Allocation Failure)
[2020-09-12T12:44:35.896+0000][1][gc,task      ] GC(71) Using 2 workers of 2 for evacuation
[2020-09-12T12:44:35.914+0000][1][gc,age       ] GC(71) Desired survivor size 8716288 bytes, new threshold 6 (max threshold 6)
[2020-09-12T12:44:35.914+0000][1][gc,age       ] GC(71) Age table with threshold 6 (max threshold 6)
[2020-09-12T12:44:35.914+0000][1][gc,age       ] GC(71) - age   1:     329544 bytes,     329544 total
[2020-09-12T12:44:35.914+0000][1][gc,age       ] GC(71) - age   2:     682552 bytes,    1012096 total
[2020-09-12T12:44:35.914+0000][1][gc,age       ] GC(71) - age   3:     142840 bytes,    1154936 total
[2020-09-12T12:44:35.914+0000][1][gc,age       ] GC(71) - age   4:      96112 bytes,    1251048 total
[2020-09-12T12:44:35.914+0000][1][gc,age       ] GC(71) - age   5:      18720 bytes,    1269768 total
[2020-09-12T12:44:35.914+0000][1][gc,age       ] GC(71) - age   6:     260600 bytes,    1530368 total
[2020-09-12T12:44:35.914+0000][1][gc,heap      ] GC(71) ParNew: 138444K->2275K(153344K)
[2020-09-12T12:44:35.914+0000][1][gc,heap      ] GC(71) CMS: 199823K->199958K(1926784K)
[2020-09-12T12:44:35.914+0000][1][gc,metaspace ] GC(71) Metaspace: 96838K->96838K(1138688K)
[2020-09-12T12:44:35.914+0000][1][gc           ] GC(71) Pause Young (Allocation Failure) 330M->197M(2031M) 17.692ms
[2020-09-12T12:44:35.914+0000][1][gc,cpu       ] GC(71) User=0.02s Sys=0.00s Real=0.02s
[2020-09-12T12:44:35.914+0000][1][safepoint    ] Safepoint "GenCollectForAllocation", Time since last: 805344125 ns, Reaching safepoint: 261513 ns, At safepoint: 17754666 ns, Total: 18016179 ns
[2020-09-12T12:44:39.914+0000][1][safepoint    ] Safepoint "Cleanup", Time since last: 4000320042 ns, Reaching safepoint: 96251 ns, At safepoint: 7845 ns, Total: 104096 ns
[2020-09-12T12:44:43.915+0000][1][safepoint    ] Safepoint "Cleanup", Time since last: 4000377081 ns, Reaching safepoint: 97512 ns, At safepoint: 7738 ns, Total: 105250 ns
[2020-09-12T12:44:55.916+0000][1][safepoint    ] Safepoint "Cleanup", Time since last: 12001012226 ns, Reaching safepoint: 101610 ns, At safepoint: 9971 ns, Total: 111581 ns
[2020-09-12T12:45:01.916+0000][1][safepoint    ] Safepoint "Cleanup", Time since last: 6000529845 ns, Reaching safepoint: 100745 ns, At safepoint: 10731 ns, Total: 111476 ns
[2020-09-12T12:45:02.917+0000][1][safepoint    ] Safepoint "Cleanup", Time since last: 1000146979 ns, Reaching safepoint: 126759 ns, At safepoint: 11863 ns, Total: 138622 ns
[2020-09-12T12:45:03.917+0000][1][safepoint    ] Safepoint "Cleanup", Time since last: 1000120254 ns, Reaching safepoint: 97363 ns, At safepoint: 8484 ns, Total: 105847 ns
[2020-09-12T12:45:04.917+0000][1][safepoint    ] Safepoint "Cleanup", Time since last: 1000117022 ns, Reaching safepoint: 99730 ns, At safepoint: 8070 ns, Total: 107800 ns
[2020-09-12T12:45:10.918+0000][1][safepoint    ] Safepoint "Cleanup", Time since last: 6000534581 ns, Reaching safepoint: 99410 ns, At safepoint: 13331 ns, Total: 112741 ns
[2020-09-12T12:45:11.918+0000][1][safepoint    ] Safepoint "Cleanup", Time since last: 1000103985 ns, Reaching safepoint: 123653 ns, At safepoint: 9459 ns, Total: 133112 ns
[2020-09-12T12:45:13.918+0000][1][safepoint    ] Safepoint "Cleanup", Time since last: 2000241223 ns, Reaching safepoint: 102123 ns, At safepoint: 11346 ns, Total: 113469 ns
[2020-09-12T12:45:14.919+0000][1][safepoint    ] Safepoint "Cleanup", Time since last: 1000119840 ns, Reaching safepoint: 97806 ns, At safepoint: 15207 ns, Total: 113013 ns
[2020-09-12T12:45:15.919+0000][1][safepoint    ] Safepoint "Cleanup", Time since last: 1000118064 ns, Reaching safepoint: 94126 ns, At safepoint: 14731 ns, Total: 108857 ns
[2020-09-12T12:45:15.951+0000][1][gc,start     ] GC(72) Pause Young (Allocation Failure)
[2020-09-12T12:45:15.951+0000][1][gc,task      ] GC(72) Using 2 workers of 2 for evacuation
[2020-09-12T12:45:15.960+0000][1][gc,age       ] GC(72) Desired survivor size 8716288 bytes, new threshold 6 (max threshold 6)
[2020-09-12T12:45:15.960+0000][1][gc,age       ] GC(72) Age table with threshold 6 (max threshold 6)
[2020-09-12T12:45:15.960+0000][1][gc,age       ] GC(72) - age   1:     830968 bytes,     830968 total
[2020-09-12T12:45:15.960+0000][1][gc,age       ] GC(72) - age   2:     217248 bytes,    1048216 total
[2020-09-12T12:45:15.960+0000][1][gc,age       ] GC(72) - age   3:     137664 bytes,    1185880 total
[2020-09-12T12:45:15.960+0000][1][gc,age       ] GC(72) - age   4:      61960 bytes,    1247840 total
[2020-09-12T12:45:15.960+0000][1][gc,age       ] GC(72) - age   5:      96112 bytes,    1343952 total
[2020-09-12T12:45:15.960+0000][1][gc,age       ] GC(72) - age   6:      18720 bytes,    1362672 total
[2020-09-12T12:45:15.960+0000][1][gc,heap      ] GC(72) ParNew: 138595K->2250K(153344K)
[2020-09-12T12:45:15.960+0000][1][gc,heap      ] GC(72) CMS: 199958K->200212K(1926784K)
[2020-09-12T12:45:15.960+0000][1][gc,metaspace ] GC(72) Metaspace: 96859K->96859K(1138688K)
[2020-09-12T12:45:15.960+0000][1][gc           ] GC(72) Pause Young (Allocation Failure) 330M->197M(2031M) 8.624ms
[2020-09-12T12:45:15.960+0000][1][gc,cpu       ] GC(72) User=0.02s Sys=0.00s Real=0.00s
[2020-09-12T12:45:15.960+0000][1][safepoint    ] Safepoint "GenCollectForAllocation", Time since last: 32384300 ns, Reaching safepoint: 115451 ns, At safepoint: 8686559 ns, Total: 8802010 ns
[2020-09-12T12:45:16.961+0000][1][safepoint    ] Safepoint "Cleanup", Time since last: 1000655619 ns, Reaching safepoint: 100317 ns, At safepoint: 12907 ns, Total: 113224 ns
[2020-09-12T12:45:17.963+0000][1][safepoint    ] Safepoint "Cleanup", Time since last: 1002258276 ns, Reaching safepoint: 93874 ns, At safepoint: 9681 ns, Total: 103555 ns
[2020-09-12T12:45:18.963+0000][1][safepoint    ] Safepoint "Cleanup", Time since last: 1000079086 ns, Reaching safepoint: 96972 ns, At safepoint: 10340 ns, Total: 107312 ns
[2020-09-12T12:45:19.964+0000][1][safepoint    ] Safepoint "Cleanup", Time since last: 1000110988 ns, Reaching safepoint: 97914 ns, At safepoint: 9844 ns, Total: 107758 ns
[2020-09-12T12:45:20.964+0000][1][safepoint    ] Safepoint "Cleanup", Time since last: 1000495261 ns, Reaching safepoint: 173029 ns, At safepoint: 10399 ns, Total: 183428 ns
[2020-09-12T12:45:21.965+0000][1][safepoint    ] Safepoint "Cleanup", Time since last: 1000205917 ns, Reaching safepoint: 95010 ns, At safepoint: 9399 ns, Total: 104409 ns
[2020-09-12T12:45:22.965+0000][1][safepoint    ] Safepoint "Cleanup", Time since last: 1000297257 ns, Reaching safepoint: 117370 ns, At safepoint: 11285 ns, Total: 128655 ns
[2020-09-12T12:45:23.965+0000][1][safepoint    ] Safepoint "Cleanup", Time since last: 1000118028 ns, Reaching safepoint: 97508 ns, At safepoint: 11311 ns, Total: 108819 ns
[2020-09-12T12:45:24.965+0000][1][safepoint    ] Safepoint "Cleanup", Time since last: 1000143607 ns, Reaching safepoint: 127759 ns, At safepoint: 11604 ns, Total: 139363 ns
[2020-09-12T12:45:25.966+0000][1][safepoint    ] Safepoint "Cleanup", Time since last: 1000168203 ns, Reaching safepoint: 141245 ns, At safepoint: 13920 ns, Total: 155165 ns
[2020-09-12T12:45:26.966+0000][1][safepoint    ] Safepoint "Cleanup", Time since last: 1000119521 ns, Reaching safepoint: 96503 ns, At safepoint: 11545 ns, Total: 108048 ns
[2020-09-12T12:45:27.966+0000][1][safepoint    ] Safepoint "Cleanup", Time since last: 1000210694 ns, Reaching safepoint: 94155 ns, At safepoint: 9750 ns, Total: 103905 ns
[2020-09-12T12:45:28.967+0000][1][safepoint    ] Safepoint "Cleanup", Time since last: 1000128127 ns, Reaching safepoint: 97649 ns, At safepoint: 11597 ns, Total: 109246 ns
[2020-09-12T12:45:29.967+0000][1][safepoint    ] Safepoint "Cleanup", Time since last: 1000150872 ns, Reaching safepoint: 113212 ns, At safepoint: 8976 ns, Total: 122188 ns
[2020-09-12T12:45:30.967+0000][1][safepoint    ] Safepoint "Cleanup", Time since last: 1000139890 ns, Reaching safepoint: 120911 ns, At safepoint: 10856 ns, Total: 131767 ns
[2020-09-12T12:45:31.967+0000][1][safepoint    ] Safepoint "Cleanup", Time since last: 1000111590 ns, Reaching safepoint: 103309 ns, At safepoint: 11430 ns, Total: 114739 ns
[2020-09-12T12:45:32.968+0000][1][safepoint    ] Safepoint "Cleanup", Time since last: 1000129715 ns, Reaching safepoint: 102668 ns, At safepoint: 8875 ns, Total: 111543 ns
[2020-09-12T12:45:33.968+0000][1][safepoint    ] Safepoint "Cleanup", Time since last: 1000134285 ns, Reaching safepoint: 100377 ns, At safepoint: 9641 ns, Total: 110018 ns
[2020-09-12T12:45:34.968+0000][1][safepoint    ] Safepoint "Cleanup", Time since last: 1000121192 ns, Reaching safepoint: 108821 ns, At safepoint: 9413 ns, Total: 118234 ns
[2020-09-12T12:45:35.968+0000][1][safepoint    ] Safepoint "Cleanup", Time since last: 1000122690 ns, Reaching safepoint: 96873 ns, At safepoint: 10627 ns, Total: 107500 ns
[2020-09-12T12:45:36.969+0000][1][safepoint    ] Safepoint "Cleanup", Time since last: 1000135969 ns, Reaching safepoint: 96811 ns, At safepoint: 11717 ns, Total: 108528 ns
[2020-09-12T12:45:37.969+0000][1][safepoint    ] Safepoint "Cleanup", Time since last: 1000130105 ns, Reaching safepoint: 127201 ns, At safepoint: 12474 ns, Total: 139675 ns
[2020-09-12T12:45:38.969+0000][1][safepoint    ] Safepoint "Cleanup", Time since last: 1000135808 ns, Reaching safepoint: 131345 ns, At safepoint: 14960 ns, Total: 146305 ns
[2020-09-12T12:45:39.969+0000][1][safepoint    ] Safepoint "Cleanup", Time since last: 1000125677 ns, Reaching safepoint: 95459 ns, At safepoint: 8381 ns, Total: 103840 ns
[2020-09-12T12:45:40.970+0000][1][safepoint    ] Safepoint "Cleanup", Time since last: 1000116103 ns, Reaching safepoint: 94842 ns, At safepoint: 10202 ns, Total: 105044 ns
[2020-09-12T12:45:41.970+0000][1][safepoint    ] Safepoint "Cleanup", Time since last: 1000117537 ns, Reaching safepoint: 95104 ns, At safepoint: 8198 ns, Total: 103302 ns
[2020-09-12T12:45:42.970+0000][1][safepoint    ] Safepoint "Cleanup", Time since last: 1000120273 ns, Reaching safepoint: 97980 ns, At safepoint: 11255 ns, Total: 109235 ns
[2020-09-12T12:45:43.970+0000][1][safepoint    ] Safepoint "Cleanup", Time since last: 1000122434 ns, Reaching safepoint: 96570 ns, At safepoint: 8789 ns, Total: 105359 ns
[2020-09-12T12:45:44.971+0000][1][safepoint    ] Safepoint "Cleanup", Time since last: 1000132468 ns, Reaching safepoint: 167284 ns, At safepoint: 10386 ns, Total: 177670 ns
[2020-09-12T12:45:45.971+0000][1][safepoint    ] Safepoint "Cleanup", Time since last: 1000454030 ns, Reaching safepoint: 101581 ns, At safepoint: 8119 ns, Total: 109700 ns
[2020-09-12T12:45:46.971+0000][1][safepoint    ] Safepoint "Cleanup", Time since last: 1000117717 ns, Reaching safepoint: 100626 ns, At safepoint: 11585 ns, Total: 112211 ns
[2020-09-12T12:45:47.972+0000][1][safepoint    ] Safepoint "Cleanup", Time since last: 1000128148 ns, Reaching safepoint: 97804 ns, At safepoint: 11130 ns, Total: 108934 ns
[2020-09-12T12:45:48.972+0000][1][safepoint    ] Safepoint "Cleanup", Time since last: 1000115864 ns, Reaching safepoint: 91762 ns, At safepoint: 9966 ns, Total: 101728 ns
[2020-09-12T12:45:49.972+0000][1][safepoint    ] Safepoint "Cleanup", Time since last: 1000112114 ns, Reaching safepoint: 97176 ns, At safepoint: 10872 ns, Total: 108048 ns
[2020-09-12T12:45:50.972+0000][1][safepoint    ] Safepoint "Cleanup", Time since last: 1000086130 ns, Reaching safepoint: 95114 ns, At safepoint: 10343 ns, Total: 105457 ns
[2020-09-12T12:45:51.972+0000][1][safepoint    ] Safepoint "Cleanup", Time since last: 1000124678 ns, Reaching safepoint: 92431 ns, At safepoint: 8704 ns, Total: 101135 ns
[2020-09-12T12:45:52.973+0000][1][safepoint    ] Safepoint "Cleanup", Time since last: 1000111851 ns, Reaching safepoint: 128148 ns, At safepoint: 10703 ns, Total: 138851 ns
[2020-09-12T12:45:53.973+0000][1][safepoint    ] Safepoint "Cleanup", Time since last: 1000111539 ns, Reaching safepoint: 95748 ns, At safepoint: 10088 ns, Total: 105836 ns
[2020-09-12T12:45:54.973+0000][1][safepoint    ] Safepoint "Cleanup", Time since last: 1000115875 ns, Reaching safepoint: 100226 ns, At safepoint: 8467 ns, Total: 108693 ns
[2020-09-12T12:45:55.973+0000][1][safepoint    ] Safepoint "Cleanup", Time since last: 1000113288 ns, Reaching safepoint: 169527 ns, At safepoint: 11757 ns, Total: 181284 ns
[2020-09-12T12:45:56.974+0000][1][safepoint    ] Safepoint "Cleanup", Time since last: 1000064540 ns, Reaching safepoint: 95695 ns, At safepoint: 11400 ns, Total: 107095 ns
[2020-09-12T12:45:57.974+0000][1][safepoint    ] Safepoint "Cleanup", Time since last: 1000121484 ns, Reaching safepoint: 98240 ns, At safepoint: 11353 ns, Total: 109593 ns
[2020-09-12T12:45:58.974+0000][1][safepoint    ] Safepoint "Cleanup", Time since last: 1000115864 ns, Reaching safepoint: 124615 ns, At safepoint: 9948 ns, Total: 134563 ns
[2020-09-12T12:45:59.974+0000][1][safepoint    ] Safepoint "Cleanup", Time since last: 1000093771 ns, Reaching safepoint: 97224 ns, At safepoint: 10594 ns, Total: 107818 ns
[2020-09-12T12:46:00.975+0000][1][safepoint    ] Safepoint "Cleanup", Time since last: 1000116680 ns, Reaching safepoint: 97271 ns, At safepoint: 10717 ns, Total: 107988 ns
[2020-09-12T12:46:01.975+0000][1][safepoint    ] Safepoint "Cleanup", Time since last: 1000115179 ns, Reaching safepoint: 99473 ns, At safepoint: 10616 ns, Total: 110089 ns
[2020-09-12T12:46:02.975+0000][1][safepoint    ] Safepoint "Cleanup", Time since last: 1000110576 ns, Reaching safepoint: 97492 ns, At safepoint: 9535 ns, Total: 107027 ns
[2020-09-12T12:46:03.975+0000][1][safepoint    ] Safepoint "Cleanup", Time since last: 1000131323 ns, Reaching safepoint: 123029 ns, At safepoint: 13722 ns, Total: 136751 ns
[2020-09-12T12:46:04.060+0000][1][gc,start     ] GC(73) Pause Young (Allocation Failure)
[2020-09-12T12:46:04.060+0000][1][gc,task      ] GC(73) Using 2 workers of 2 for evacuation
[2020-09-12T12:46:04.082+0000][1][gc,age       ] GC(73) Desired survivor size 8716288 bytes, new threshold 6 (max threshold 6)
[2020-09-12T12:46:04.082+0000][1][gc,age       ] GC(73) Age table with threshold 6 (max threshold 6)
[2020-09-12T12:46:04.082+0000][1][gc,age       ] GC(73) - age   1:     447456 bytes,     447456 total
[2020-09-12T12:46:04.082+0000][1][gc,age       ] GC(73) - age   2:     725664 bytes,    1173120 total
[2020-09-12T12:46:04.082+0000][1][gc,age       ] GC(73) - age   3:      68632 bytes,    1241752 total
[2020-09-12T12:46:04.082+0000][1][gc,age       ] GC(73) - age   4:      83064 bytes,    1324816 total
[2020-09-12T12:46:04.082+0000][1][gc,age       ] GC(73) - age   5:      61624 bytes,    1386440 total
[2020-09-12T12:46:04.082+0000][1][gc,age       ] GC(73) - age   6:      96112 bytes,    1482552 total
[2020-09-12T12:46:04.082+0000][1][gc,heap      ] GC(73) ParNew: 138570K->1748K(153344K)
[2020-09-12T12:46:04.082+0000][1][gc,heap      ] GC(73) CMS: 200212K->200231K(1926784K)
[2020-09-12T12:46:04.082+0000][1][gc,metaspace ] GC(73) Metaspace: 96906K->96906K(1138688K)
[2020-09-12T12:46:04.082+0000][1][gc           ] GC(73) Pause Young (Allocation Failure) 330M->197M(2031M) 21.598ms
[2020-09-12T12:46:04.082+0000][1][gc,cpu       ] GC(73) User=0.03s Sys=0.00s Real=0.03s
[2020-09-12T12:46:04.082+0000][1][safepoint    ] Safepoint "GenCollectForAllocation", Time since last: 84907372 ns, Reaching safepoint: 194167 ns, At safepoint: 21661443 ns, Total: 21855610 ns
[2020-09-12T12:46:05.264+0000][1][safepoint    ] Safepoint "Cleanup", Time since last: 1182106368 ns, Reaching safepoint: 138596 ns, At safepoint: 11930 ns, Total: 150526 ns
[2020-09-12T12:46:06.326+0000][1][safepoint    ] Safepoint "Cleanup", Time since last: 1061764089 ns, Reaching safepoint: 123568 ns, At safepoint: 14635 ns, Total: 138203 ns
[2020-09-12T12:46:07.326+0000][1][safepoint    ] Safepoint "Cleanup", Time since last: 1000122487 ns, Reaching safepoint: 92957 ns, At safepoint: 8704 ns, Total: 101661 ns
[2020-09-12T12:46:08.329+0000][1][safepoint    ] Safepoint "Cleanup", Time since last: 1002975047 ns, Reaching safepoint: 126221 ns, At safepoint: 14031 ns, Total: 140252 ns
[2020-09-12T12:46:09.330+0000][1][safepoint    ] Safepoint "Cleanup", Time since last: 1000137430 ns, Reaching safepoint: 97195 ns, At safepoint: 13654 ns, Total: 110849 ns
[2020-09-12T12:46:10.330+0000][1][safepoint    ] Safepoint "Cleanup", Time since last: 1000127009 ns, Reaching safepoint: 122919 ns, At safepoint: 8790 ns, Total: 131709 ns
[2020-09-12T12:46:11.330+0000][1][safepoint    ] Safepoint "Cleanup", Time since last: 1000115053 ns, Reaching safepoint: 94349 ns, At safepoint: 10910 ns, Total: 105259 ns
[2020-09-12T12:46:12.330+0000][1][safepoint    ] Safepoint "Cleanup", Time since last: 1000136457 ns, Reaching safepoint: 91864 ns, At safepoint: 8711 ns, Total: 100575 ns
[2020-09-12T12:46:13.331+0000][1][safepoint    ] Safepoint "Cleanup", Time since last: 1000123368 ns, Reaching safepoint: 133594 ns, At safepoint: 18183 ns, Total: 151777 ns
[2020-09-12T12:46:14.331+0000][1][safepoint    ] Safepoint "Cleanup", Time since last: 1000160725 ns, Reaching safepoint: 140673 ns, At safepoint: 12872 ns, Total: 153545 ns
[2020-09-12T12:46:15.331+0000][1][safepoint    ] Safepoint "Cleanup", Time since last: 1000115242 ns, Reaching safepoint: 105273 ns, At safepoint: 18009 ns, Total: 123282 ns
[2020-09-12T12:46:16.332+0000][1][safepoint    ] Safepoint "Cleanup", Time since last: 1000110401 ns, Reaching safepoint: 1007266 ns, At safepoint: 58891 ns, Total: 1066157 ns
[2020-09-12T12:46:17.333+0000][1][safepoint    ] Safepoint "Cleanup", Time since last: 1000183137 ns, Reaching safepoint: 140566 ns, At safepoint: 39027 ns, Total: 179593 ns
[2020-09-12T12:46:18.333+0000][1][safepoint    ] Safepoint "Cleanup", Time since last: 1000074143 ns, Reaching safepoint: 143807 ns, At safepoint: 14456 ns, Total: 158263 ns
[2020-09-12T12:46:19.334+0000][1][safepoint    ] Safepoint "Cleanup", Time since last: 1000881480 ns, Reaching safepoint: 118528 ns, At safepoint: 10673 ns, Total: 129201 ns
[2020-09-12T12:46:20.334+0000][1][safepoint    ] Safepoint "Cleanup", Time since last: 1000170546 ns, Reaching safepoint: 104993 ns, At safepoint: 12087 ns, Total: 117080 ns
[2020-09-12T12:46:21.335+0000][1][safepoint    ] Safepoint "Cleanup", Time since last: 1000121971 ns, Reaching safepoint: 101037 ns, At safepoint: 12056 ns, Total: 113093 ns
[2020-09-12T12:46:22.335+0000][1][safepoint    ] Safepoint "Cleanup", Time since last: 1000138747 ns, Reaching safepoint: 104905 ns, At safepoint: 10376 ns, Total: 115281 ns
[2020-09-12T12:46:23.335+0000][1][safepoint    ] Safepoint "Cleanup", Time since last: 1000100267 ns, Reaching safepoint: 159519 ns, At safepoint: 10687 ns, Total: 170206 ns
[2020-09-12T12:46:24.335+0000][1][safepoint    ] Safepoint "Cleanup", Time since last: 1000136431 ns, Reaching safepoint: 148754 ns, At safepoint: 22470 ns, Total: 171224 ns
[2020-09-12T12:46:25.336+0000][1][safepoint    ] Safepoint "Cleanup", Time since last: 1000143925 ns, Reaching safepoint: 105733 ns, At safepoint: 10859 ns, Total: 116592 ns
[2020-09-12T12:46:26.336+0000][1][safepoint    ] Safepoint "Cleanup", Time since last: 1000143084 ns, Reaching safepoint: 109967 ns, At safepoint: 11623 ns, Total: 121590 ns
[2020-09-12T12:46:27.336+0000][1][safepoint    ] Safepoint "Cleanup", Time since last: 1000130963 ns, Reaching safepoint: 94939 ns, At safepoint: 10955 ns, Total: 105894 ns
[2020-09-12T12:46:28.337+0000][1][safepoint    ] Safepoint "Cleanup", Time since last: 1000511723 ns, Reaching safepoint: 94308 ns, At safepoint: 9859 ns, Total: 104167 ns
[2020-09-12T12:46:29.337+0000][1][safepoint    ] Safepoint "Cleanup", Time since last: 1000119322 ns, Reaching safepoint: 135962 ns, At safepoint: 10353 ns, Total: 146315 ns
[2020-09-12T12:46:30.337+0000][1][safepoint    ] Safepoint "Cleanup", Time since last: 1000126554 ns, Reaching safepoint: 124840 ns, At safepoint: 14784 ns, Total: 139624 ns
[2020-09-12T12:46:31.338+0000][1][safepoint    ] Safepoint "Cleanup", Time since last: 1000185000 ns, Reaching safepoint: 84262 ns, At safepoint: 7713 ns, Total: 91975 ns
[2020-09-12T12:46:32.347+0000][1][safepoint    ] Safepoint "Cleanup", Time since last: 1009410255 ns, Reaching safepoint: 124393 ns, At safepoint: 10299 ns, Total: 134692 ns
[2020-09-12T12:46:33.347+0000][1][safepoint    ] Safepoint "Cleanup", Time since last: 1000109652 ns, Reaching safepoint: 92985 ns, At safepoint: 9666 ns, Total: 102651 ns
[2020-09-12T12:46:34.348+0000][1][safepoint    ] Safepoint "Cleanup", Time since last: 1000120134 ns, Reaching safepoint: 99060 ns, At safepoint: 10429 ns, Total: 109489 ns
[2020-09-12T12:46:35.348+0000][1][safepoint    ] Safepoint "Cleanup", Time since last: 1000125787 ns, Reaching safepoint: 95435 ns, At safepoint: 10290 ns, Total: 105725 ns
[2020-09-12T12:46:36.348+0000][1][safepoint    ] Safepoint "Cleanup", Time since last: 1000124544 ns, Reaching safepoint: 105366 ns, At safepoint: 14735 ns, Total: 120101 ns
[2020-09-12T12:46:37.348+0000][1][safepoint    ] Safepoint "Cleanup", Time since last: 1000133162 ns, Reaching safepoint: 95771 ns, At safepoint: 11914 ns, Total: 107685 ns
[2020-09-12T12:46:38.349+0000][1][safepoint    ] Safepoint "Cleanup", Time since last: 1000140464 ns, Reaching safepoint: 102070 ns, At safepoint: 12762 ns, Total: 114832 ns
[2020-09-12T12:46:39.349+0000][1][safepoint    ] Safepoint "Cleanup", Time since last: 1000118828 ns, Reaching safepoint: 143551 ns, At safepoint: 14772 ns, Total: 158323 ns
[2020-09-12T12:46:40.349+0000][1][safepoint    ] Safepoint "Cleanup", Time since last: 1000150050 ns, Reaching safepoint: 103391 ns, At safepoint: 16781 ns, Total: 120172 ns
[2020-09-12T12:46:41.349+0000][1][safepoint    ] Safepoint "Cleanup", Time since last: 1000129514 ns, Reaching safepoint: 99190 ns, At safepoint: 16647 ns, Total: 115837 ns
[2020-09-12T12:46:42.350+0000][1][safepoint    ] Safepoint "Cleanup", Time since last: 1000129433 ns, Reaching safepoint: 95465 ns, At safepoint: 9387 ns, Total: 104852 ns
[2020-09-12T12:46:43.350+0000][1][safepoint    ] Safepoint "Cleanup", Time since last: 1000122853 ns, Reaching safepoint: 93703 ns, At safepoint: 9206 ns, Total: 102909 ns
[2020-09-12T12:46:44.350+0000][1][safepoint    ] Safepoint "Cleanup", Time since last: 1000173122 ns, Reaching safepoint: 118308 ns, At safepoint: 16940 ns, Total: 135248 ns
[2020-09-12T12:46:44.376+0000][1][gc,start     ] GC(74) Pause Young (Allocation Failure)
[2020-09-12T12:46:44.376+0000][1][gc,task      ] GC(74) Using 2 workers of 2 for evacuation
[2020-09-12T12:46:44.390+0000][1][gc,age       ] GC(74) Desired survivor size 8716288 bytes, new threshold 6 (max threshold 6)
[2020-09-12T12:46:44.390+0000][1][gc,age       ] GC(74) Age table with threshold 6 (max threshold 6)
[2020-09-12T12:46:44.390+0000][1][gc,age       ] GC(74) - age   1:     907648 bytes,     907648 total
[2020-09-12T12:46:44.390+0000][1][gc,age       ] GC(74) - age   2:     329912 bytes,    1237560 total
[2020-09-12T12:46:44.390+0000][1][gc,age       ] GC(74) - age   3:      34864 bytes,    1272424 total
[2020-09-12T12:46:44.390+0000][1][gc,age       ] GC(74) - age   4:      63960 bytes,    1336384 total
[2020-09-12T12:46:44.390+0000][1][gc,age       ] GC(74) - age   5:      83032 bytes,    1419416 total
[2020-09-12T12:46:44.390+0000][1][gc,age       ] GC(74) - age   6:      61624 bytes,    1481040 total
[2020-09-12T12:46:44.390+0000][1][gc,heap      ] GC(74) ParNew: 138068K->1956K(153344K)
[2020-09-12T12:46:44.390+0000][1][gc,heap      ] GC(74) CMS: 200231K->200325K(1926784K)
[2020-09-12T12:46:44.390+0000][1][gc,metaspace ] GC(74) Metaspace: 96943K->96943K(1138688K)
[2020-09-12T12:46:44.390+0000][1][gc           ] GC(74) Pause Young (Allocation Failure) 330M->197M(2031M) 13.760ms
[2020-09-12T12:46:44.390+0000][1][gc,cpu       ] GC(74) User=0.01s Sys=0.00s Real=0.02s
[2020-09-12T12:46:44.390+0000][1][safepoint    ] Safepoint "GenCollectForAllocation", Time since last: 25669612 ns, Reaching safepoint: 90564 ns, At safepoint: 13823458 ns, Total: 13914022 ns
[2020-09-12T12:46:45.390+0000][1][safepoint    ] Safepoint "Cleanup", Time since last: 1000101787 ns, Reaching safepoint: 91705 ns, At safepoint: 11118 ns, Total: 102823 ns
[2020-09-12T12:46:46.390+0000][1][safepoint    ] Safepoint "Cleanup", Time since last: 1000114481 ns, Reaching safepoint: 96824 ns, At safepoint: 20046 ns, Total: 116870 ns
[2020-09-12T12:46:47.390+0000][1][safepoint    ] Safepoint "Cleanup", Time since last: 1000145617 ns, Reaching safepoint: 106737 ns, At safepoint: 13787 ns, Total: 120524 ns
[2020-09-12T12:46:48.391+0000][1][safepoint    ] Safepoint "Cleanup", Time since last: 1000127021 ns, Reaching safepoint: 99428 ns, At safepoint: 11716 ns, Total: 111144 ns
[2020-09-12T12:46:49.391+0000][1][safepoint    ] Safepoint "Cleanup", Time since last: 1000126524 ns, Reaching safepoint: 105385 ns, At safepoint: 13178 ns, Total: 118563 ns
[2020-09-12T12:46:50.391+0000][1][safepoint    ] Safepoint "Cleanup", Time since last: 1000123998 ns, Reaching safepoint: 93926 ns, At safepoint: 12349 ns, Total: 106275 ns
[2020-09-12T12:46:51.391+0000][1][safepoint    ] Safepoint "Cleanup", Time since last: 1000115271 ns, Reaching safepoint: 101026 ns, At safepoint: 12709 ns, Total: 113735 ns
[2020-09-12T12:46:52.392+0000][1][safepoint    ] Safepoint "Cleanup", Time since last: 1000135435 ns, Reaching safepoint: 98092 ns, At safepoint: 9821 ns, Total: 107913 ns
[2020-09-12T12:46:53.392+0000][1][safepoint    ] Safepoint "Cleanup", Time since last: 1000125701 ns, Reaching safepoint: 94482 ns, At safepoint: 10173 ns, Total: 104655 ns
[2020-09-12T12:46:54.392+0000][1][safepoint    ] Safepoint "Cleanup", Time since last: 1000140096 ns, Reaching safepoint: 95557 ns, At safepoint: 10850 ns, Total: 106407 ns
[2020-09-12T12:46:55.392+0000][1][safepoint    ] Safepoint "Cleanup", Time since last: 1000125030 ns, Reaching safepoint: 98912 ns, At safepoint: 13302 ns, Total: 112214 ns
[2020-09-12T12:46:56.393+0000][1][safepoint    ] Safepoint "Cleanup", Time since last: 1000123295 ns, Reaching safepoint: 101729 ns, At safepoint: 9877 ns, Total: 111606 ns
[2020-09-12T12:46:57.393+0000][1][safepoint    ] Safepoint "Cleanup", Time since last: 1000137259 ns, Reaching safepoint: 99943 ns, At safepoint: 13371 ns, Total: 113314 ns
[2020-09-12T12:46:58.393+0000][1][safepoint    ] Safepoint "Cleanup", Time since last: 1000122160 ns, Reaching safepoint: 104107 ns, At safepoint: 13998 ns, Total: 118105 ns
[2020-09-12T12:46:59.393+0000][1][safepoint    ] Safepoint "Cleanup", Time since last: 1000138294 ns, Reaching safepoint: 132358 ns, At safepoint: 48143 ns, Total: 180501 ns
[2020-09-12T12:47:00.394+0000][1][safepoint    ] Safepoint "Cleanup", Time since last: 1000148986 ns, Reaching safepoint: 127694 ns, At safepoint: 18763 ns, Total: 146457 ns
[2020-09-12T12:47:01.394+0000][1][safepoint    ] Safepoint "Cleanup", Time since last: 1000129847 ns, Reaching safepoint: 93293 ns, At safepoint: 10277 ns, Total: 103570 ns
[2020-09-12T12:47:02.394+0000][1][safepoint    ] Safepoint "Cleanup", Time since last: 1000125623 ns, Reaching safepoint: 102682 ns, At safepoint: 10661 ns, Total: 113343 ns
[2020-09-12T12:47:03.394+0000][1][safepoint    ] Safepoint "Cleanup", Time since last: 1000134075 ns, Reaching safepoint: 125707 ns, At safepoint: 10896 ns, Total: 136603 ns
[2020-09-12T12:47:04.395+0000][1][safepoint    ] Safepoint "Cleanup", Time since last: 1000114455 ns, Reaching safepoint: 99293 ns, At safepoint: 9268 ns, Total: 108561 ns
[2020-09-12T12:47:05.396+0000][1][safepoint    ] Safepoint "Cleanup", Time since last: 1000174970 ns, Reaching safepoint: 1275858 ns, At safepoint: 59465 ns, Total: 1335323 ns
[2020-09-12T12:47:06.396+0000][1][safepoint    ] Safepoint "Cleanup", Time since last: 1000168616 ns, Reaching safepoint: 93971 ns, At safepoint: 9720 ns, Total: 103691 ns
[2020-09-12T12:47:07.397+0000][1][safepoint    ] Safepoint "Cleanup", Time since last: 1000202377 ns, Reaching safepoint: 131719 ns, At safepoint: 10763 ns, Total: 142482 ns
[2020-09-12T12:47:08.397+0000][1][safepoint    ] Safepoint "Cleanup", Time since last: 1000120607 ns, Reaching safepoint: 100493 ns, At safepoint: 12542 ns, Total: 113035 ns
[2020-09-12T12:47:09.397+0000][1][safepoint    ] Safepoint "Cleanup", Time since last: 1000121229 ns, Reaching safepoint: 97354 ns, At safepoint: 13615 ns, Total: 110969 ns
[2020-09-12T12:47:10.398+0000][1][safepoint    ] Safepoint "Cleanup", Time since last: 1000219333 ns, Reaching safepoint: 286085 ns, At safepoint: 60669 ns, Total: 346754 ns
[2020-09-12T12:47:11.398+0000][1][safepoint    ] Safepoint "Cleanup", Time since last: 1000122728 ns, Reaching safepoint: 420283 ns, At safepoint: 17309 ns, Total: 437592 ns
[2020-09-12T12:47:12.399+0000][1][safepoint    ] Safepoint "Cleanup", Time since last: 1000122166 ns, Reaching safepoint: 94972 ns, At safepoint: 9260 ns, Total: 104232 ns
[2020-09-12T12:47:13.399+0000][1][safepoint    ] Safepoint "Cleanup", Time since last: 1000119927 ns, Reaching safepoint: 95627 ns, At safepoint: 9179 ns, Total: 104806 ns
[2020-09-12T12:47:14.399+0000][1][safepoint    ] Safepoint "Cleanup", Time since last: 1000124245 ns, Reaching safepoint: 101106 ns, At safepoint: 10248 ns, Total: 111354 ns
[2020-09-12T12:47:15.399+0000][1][safepoint    ] Safepoint "Cleanup", Time since last: 1000124725 ns, Reaching safepoint: 98943 ns, At safepoint: 12697 ns, Total: 111640 ns
[2020-09-12T12:47:16.399+0000][1][safepoint    ] Safepoint "Cleanup", Time since last: 1000123925 ns, Reaching safepoint: 93874 ns, At safepoint: 10095 ns, Total: 103969 ns
[2020-09-12T12:47:17.400+0000][1][safepoint    ] Safepoint "Cleanup", Time since last: 1000131382 ns, Reaching safepoint: 98889 ns, At safepoint: 12033 ns, Total: 110922 ns
[2020-09-12T12:47:18.400+0000][1][safepoint    ] Safepoint "Cleanup", Time since last: 1000134207 ns, Reaching safepoint: 94075 ns, At safepoint: 10163 ns, Total: 104238 ns
[2020-09-12T12:47:19.400+0000][1][safepoint    ] Safepoint "Cleanup", Time since last: 1000157710 ns, Reaching safepoint: 123004 ns, At safepoint: 10585 ns, Total: 133589 ns
[2020-09-12T12:47:20.401+0000][1][safepoint    ] Safepoint "Cleanup", Time since last: 1000107249 ns, Reaching safepoint: 130845 ns, At safepoint: 15171 ns, Total: 146016 ns
[2020-09-12T12:47:21.401+0000][1][safepoint    ] Safepoint "Cleanup", Time since last: 1000127347 ns, Reaching safepoint: 141226 ns, At safepoint: 19176 ns, Total: 160402 ns
[2020-09-12T12:47:22.401+0000][1][safepoint    ] Safepoint "Cleanup", Time since last: 1000122624 ns, Reaching safepoint: 103576 ns, At safepoint: 13505 ns, Total: 117081 ns
[2020-09-12T12:47:23.401+0000][1][safepoint    ] Safepoint "Cleanup", Time since last: 1000149931 ns, Reaching safepoint: 98387 ns, At safepoint: 10562 ns, Total: 108949 ns
[2020-09-12T12:47:24.402+0000][1][safepoint    ] Safepoint "Cleanup", Time since last: 1000148498 ns, Reaching safepoint: 95377 ns, At safepoint: 10266 ns, Total: 105643 ns
[2020-09-12T12:47:25.402+0000][1][safepoint    ] Safepoint "Cleanup", Time since last: 1000126462 ns, Reaching safepoint: 94989 ns, At safepoint: 9994 ns, Total: 104983 ns
[2020-09-12T12:47:26.402+0000][1][safepoint    ] Safepoint "Cleanup", Time since last: 1000126552 ns, Reaching safepoint: 95823 ns, At safepoint: 16078 ns, Total: 111901 ns
[2020-09-12T12:47:27.402+0000][1][safepoint    ] Safepoint "Cleanup", Time since last: 1000159628 ns, Reaching safepoint: 132766 ns, At safepoint: 12487 ns, Total: 145253 ns
[2020-09-12T12:47:28.403+0000][1][safepoint    ] Safepoint "Cleanup", Time since last: 1000779623 ns, Reaching safepoint: 94777 ns, At safepoint: 10002 ns, Total: 104779 ns
[2020-09-12T12:47:29.266+0000][1][gc,start     ] GC(75) Pause Young (Allocation Failure)
[2020-09-12T12:47:29.266+0000][1][gc,task      ] GC(75) Using 2 workers of 2 for evacuation
[2020-09-12T12:47:29.286+0000][1][gc,age       ] GC(75) Desired survivor size 8716288 bytes, new threshold 6 (max threshold 6)
[2020-09-12T12:47:29.286+0000][1][gc,age       ] GC(75) Age table with threshold 6 (max threshold 6)
[2020-09-12T12:47:29.286+0000][1][gc,age       ] GC(75) - age   1:     327536 bytes,     327536 total
[2020-09-12T12:47:29.286+0000][1][gc,age       ] GC(75) - age   2:     807912 bytes,    1135448 total
[2020-09-12T12:47:29.286+0000][1][gc,age       ] GC(75) - age   3:     251808 bytes,    1387256 total
[2020-09-12T12:47:29.286+0000][1][gc,age       ] GC(75) - age   4:      20736 bytes,    1407992 total
[2020-09-12T12:47:29.286+0000][1][gc,age       ] GC(75) - age   5:      63864 bytes,    1471856 total
[2020-09-12T12:47:29.286+0000][1][gc,age       ] GC(75) - age   6:      83000 bytes,    1554856 total
[2020-09-12T12:47:29.286+0000][1][gc,heap      ] GC(75) ParNew: 138276K->2116K(153344K)
[2020-09-12T12:47:29.286+0000][1][gc,heap      ] GC(75) CMS: 200325K->200385K(1926784K)
[2020-09-12T12:47:29.286+0000][1][gc,metaspace ] GC(75) Metaspace: 96995K->96995K(1138688K)
[2020-09-12T12:47:29.287+0000][1][gc           ] GC(75) Pause Young (Allocation Failure) 330M->197M(2031M) 20.148ms
[2020-09-12T12:47:29.287+0000][1][gc,cpu       ] GC(75) User=0.02s Sys=0.00s Real=0.02s
[2020-09-12T12:47:29.287+0000][1][safepoint    ] Safepoint "GenCollectForAllocation", Time since last: 862926070 ns, Reaching safepoint: 232623 ns, At safepoint: 20213734 ns, Total: 20446357 ns
[2020-09-12T12:47:30.287+0000][1][safepoint    ] Safepoint "Cleanup", Time since last: 1000097842 ns, Reaching safepoint: 122968 ns, At safepoint: 10044 ns, Total: 133012 ns
[2020-09-12T12:47:31.288+0000][1][safepoint    ] Safepoint "Cleanup", Time since last: 1000177190 ns, Reaching safepoint: 894601 ns, At safepoint: 12705 ns, Total: 907306 ns
[2020-09-12T12:47:32.288+0000][1][safepoint    ] Safepoint "Cleanup", Time since last: 1000122950 ns, Reaching safepoint: 97552 ns, At safepoint: 10295 ns, Total: 107847 ns
[2020-09-12T12:47:33.288+0000][1][safepoint    ] Safepoint "Cleanup", Time since last: 1000123400 ns, Reaching safepoint: 127345 ns, At safepoint: 18156 ns, Total: 145501 ns
[2020-09-12T12:47:34.289+0000][1][safepoint    ] Safepoint "Cleanup", Time since last: 1000123150 ns, Reaching safepoint: 104985 ns, At safepoint: 30979 ns, Total: 135964 ns
[2020-09-12T12:47:35.289+0000][1][safepoint    ] Safepoint "Cleanup", Time since last: 1000085772 ns, Reaching safepoint: 89327 ns, At safepoint: 8821 ns, Total: 98148 ns
[2020-09-12T12:47:36.289+0000][1][safepoint    ] Safepoint "Cleanup", Time since last: 1000115606 ns, Reaching safepoint: 105742 ns, At safepoint: 11125 ns, Total: 116867 ns
[2020-09-12T12:47:37.289+0000][1][safepoint    ] Safepoint "Cleanup", Time since last: 1000162628 ns, Reaching safepoint: 169831 ns, At safepoint: 9184 ns, Total: 179015 ns
[2020-09-12T12:47:38.290+0000][1][safepoint    ] Safepoint "Cleanup", Time since last: 1000184688 ns, Reaching safepoint: 104464 ns, At safepoint: 9843 ns, Total: 114307 ns
[2020-09-12T12:47:39.290+0000][1][safepoint    ] Safepoint "Cleanup", Time since last: 1000130433 ns, Reaching safepoint: 94772 ns, At safepoint: 9692 ns, Total: 104464 ns
[2020-09-12T12:47:40.290+0000][1][safepoint    ] Safepoint "Cleanup", Time since last: 1000134301 ns, Reaching safepoint: 152114 ns, At safepoint: 9561 ns, Total: 161675 ns
[2020-09-12T12:47:41.290+0000][1][safepoint    ] Safepoint "Cleanup", Time since last: 1000116019 ns, Reaching safepoint: 94143 ns, At safepoint: 9869 ns, Total: 104012 ns
[2020-09-12T12:47:42.291+0000][1][safepoint    ] Safepoint "Cleanup", Time since last: 1000114499 ns, Reaching safepoint: 104738 ns, At safepoint: 10123 ns, Total: 114861 ns
[2020-09-12T12:47:43.291+0000][1][safepoint    ] Safepoint "Cleanup", Time since last: 1000122275 ns, Reaching safepoint: 103821 ns, At safepoint: 10321 ns, Total: 114142 ns
                                                                                                                                                                                                                                                                                                                                                                                                                                                                                                                                                                                                                                                                                                                                                                                                                                                                                                                                                                                                                                                                                                                                                                                                                                                                                                                                                                                                                                                                                                                                                                                                                                                                                                                                                                                                                                                                                                                                                                                                                                                                                                                                                                                                                                                                                                                                                                                                                                                                                                                                                                                                                                                                                                                                                                                                                                                                                                                                                                                                                                                                                                                                                                                  