[2020-09-11T12:57:39.211+0000][1][gc] Using Concurrent Mark Sweep
[2020-09-11T12:57:39.211+0000][1][gc,heap,coops] Heap address: 0x0000000080000000, size: 2048 MB, Compressed Oops mode: 32-bit
[2020-09-11T12:57:39.271+0000][1][safepoint    ] Safepoint "EnableBiasedLocking", Time since last: 50929977 ns, Reaching safepoint: 139305 ns, At safepoint: 37448 ns, Total: 176753 ns
[2020-09-11T12:57:39.278+0000][1][safepoint    ] Safepoint "RevokeBias", Time since last: 6327790 ns, Reaching safepoint: 99930 ns, At safepoint: 29838 ns, Total: 129768 ns
[2020-09-11T12:57:39.289+0000][1][safepoint    ] Safepoint "Deoptimize", Time since last: 11005018 ns, Reaching safepoint: 135352 ns, At safepoint: 21560 ns, Total: 156912 ns
[2020-09-11T12:57:39.428+0000][1][safepoint    ] Safepoint "RevokeBias", Time since last: 138517762 ns, Reaching safepoint: 103578 ns, At safepoint: 26619 ns, Total: 130197 ns
[2020-09-11T12:57:39.437+0000][1][safepoint    ] Safepoint "RevokeBias", Time since last: 9531221 ns, Reaching safepoint: 131111 ns, At safepoint: 22433 ns, Total: 153544 ns
[2020-09-11T12:57:39.439+0000][1][safepoint    ] Safepoint "Deoptimize", Time since last: 1354088 ns, Reaching safepoint: 134174 ns, At safepoint: 28226 ns, Total: 162400 ns
[2020-09-11T12:57:39.441+0000][1][safepoint    ] Safepoint "Deoptimize", Time since last: 1927043 ns, Reaching safepoint: 132485 ns, At safepoint: 28800 ns, Total: 161285 ns
[2020-09-11T12:57:39.498+0000][1][safepoint    ] Safepoint "Deoptimize", Time since last: 57049684 ns, Reaching safepoint: 134726 ns, At safepoint: 36153 ns, Total: 170879 ns
[2020-09-11T12:57:40.026+0000][1][safepoint    ] Safepoint "Deoptimize", Time since last: 528167904 ns, Reaching safepoint: 126563 ns, At safepoint: 59926 ns, Total: 186489 ns
[2020-09-11T12:57:40.102+0000][1][safepoint    ] Safepoint "Deoptimize", Time since last: 75532614 ns, Reaching safepoint: 137804 ns, At safepoint: 68249 ns, Total: 206053 ns
[2020-09-11T12:57:40.185+0000][1][safepoint    ] Safepoint "Deoptimize", Time since last: 82382269 ns, Reaching safepoint: 99907 ns, At safepoint: 68648 ns, Total: 168555 ns
[2020-09-11T12:57:40.380+0000][1][safepoint    ] Safepoint "Deoptimize", Time since last: 194722835 ns, Reaching safepoint: 100362 ns, At safepoint: 76032 ns, Total: 176394 ns
[2020-09-11T12:57:40.652+0000][1][safepoint    ] Safepoint "Deoptimize", Time since last: 271817581 ns, Reaching safepoint: 118758 ns, At safepoint: 83105 ns, Total: 201863 ns
[2020-09-11T12:57:41.172+0000][1][safepoint    ] Safepoint "Deoptimize", Time since last: 519634968 ns, Reaching safepoint: 181366 ns, At safepoint: 104955 ns, Total: 286321 ns
[2020-09-11T12:57:41.577+0000][1][safepoint    ] Safepoint "Deoptimize", Time since last: 404875201 ns, Reaching safepoint: 123954 ns, At safepoint: 106312 ns, Total: 230266 ns
[2020-09-11T12:57:41.578+0000][1][safepoint    ] Safepoint "Deoptimize", Time since last: 722265 ns, Reaching safepoint: 76803 ns, At safepoint: 67026 ns, Total: 143829 ns
[2020-09-11T12:57:41.646+0000][1][safepoint    ] Safepoint "Deoptimize", Time since last: 68571803 ns, Reaching safepoint: 151085 ns, At safepoint: 114692 ns, Total: 265777 ns
[2020-09-11T12:57:41.649+0000][1][safepoint    ] Safepoint "Deoptimize", Time since last: 2361684 ns, Reaching safepoint: 135347 ns, At safepoint: 87542 ns, Total: 222889 ns
[2020-09-11T12:57:41.660+0000][1][safepoint    ] Safepoint "RevokeBias", Time since last: 10789523 ns, Reaching safepoint: 174218 ns, At safepoint: 18929 ns, Total: 193147 ns
[2020-09-11T12:57:41.660+0000][1][safepoint    ] Safepoint "RevokeBias", Time since last: 53832 ns, Reaching safepoint: 120044 ns, At safepoint: 20410 ns, Total: 140454 ns
[2020-09-11T12:57:41.660+0000][1][safepoint    ] Safepoint "RevokeBias", Time since last: 55123 ns, Reaching safepoint: 124390 ns, At safepoint: 17716 ns, Total: 142106 ns
[2020-09-11T12:57:41.661+0000][1][safepoint    ] Safepoint "RevokeBias", Time since last: 120816 ns, Reaching safepoint: 117069 ns, At safepoint: 28266 ns, Total: 145335 ns
[2020-09-11T12:57:42.355+0000][1][gc,start     ] GC(0) Pause Young (Allocation Failure)
[2020-09-11T12:57:42.355+0000][1][gc,task      ] GC(0) Using 1 workers of 1 for evacuation
[2020-09-11T12:57:42.379+0000][1][gc,age       ] GC(0) Desired survivor size 4358144 bytes, new threshold 1 (max threshold 6)
[2020-09-11T12:57:42.379+0000][1][gc,age       ] GC(0) Age table with threshold 1 (max threshold 6)
[2020-09-11T12:57:42.379+0000][1][gc,age       ] GC(0) - age   1:    6432360 bytes,    6432360 total
[2020-09-11T12:57:42.379+0000][1][gc,heap      ] GC(0) ParNew: 68160K->6310K(76672K)
[2020-09-11T12:57:42.379+0000][1][gc,heap      ] GC(0) CMS: 0K->0K(2011968K)
[2020-09-11T12:57:42.379+0000][1][gc,metaspace ] GC(0) Metaspace: 13628K->13628K(1060864K)
[2020-09-11T12:57:42.379+0000][1][gc           ] GC(0) Pause Young (Allocation Failure) 66M->6M(2039M) 24.153ms
[2020-09-11T12:57:42.379+0000][1][gc,cpu       ] GC(0) User=0.02s Sys=0.00s Real=0.03s
[2020-09-11T12:57:42.383+0000][1][safepoint    ] Safepoint "GenCollectForAllocation", Time since last: 694229380 ns, Reaching safepoint: 129223 ns, At safepoint: 28195836 ns, Total: 28325059 ns
[2020-09-11T12:57:42.390+0000][1][safepoint    ] Safepoint "RevokeBias", Time since last: 6826295 ns, Reaching safepoint: 136348 ns, At safepoint: 48105 ns, Total: 184453 ns
[2020-09-11T12:57:42.392+0000][1][safepoint    ] Safepoint "RevokeBias", Time since last: 1308091 ns, Reaching safepoint: 400276 ns, At safepoint: 31375 ns, Total: 431651 ns
[2020-09-11T12:57:42.392+0000][1][safepoint    ] Safepoint "RevokeBias", Time since last: 49066 ns, Reaching safepoint: 128284 ns, At safepoint: 34341 ns, Total: 162625 ns
[2020-09-11T12:57:42.393+0000][1][safepoint    ] Safepoint "RevokeBias", Time since last: 28078 ns, Reaching safepoint: 479116 ns, At safepoint: 28658 ns, Total: 507774 ns
[2020-09-11T12:57:42.393+0000][1][safepoint    ] Safepoint "RevokeBias", Time since last: 37798 ns, Reaching safepoint: 86203 ns, At safepoint: 25480 ns, Total: 111683 ns
[2020-09-11T12:57:42.393+0000][1][safepoint    ] Safepoint "RevokeBias", Time since last: 25308 ns, Reaching safepoint: 126575 ns, At safepoint: 22911 ns, Total: 149486 ns
[2020-09-11T12:57:42.393+0000][1][safepoint    ] Safepoint "RevokeBias", Time since last: 31875 ns, Reaching safepoint: 126110 ns, At safepoint: 22640 ns, Total: 148750 ns
[2020-09-11T12:57:42.393+0000][1][safepoint    ] Safepoint "RevokeBias", Time since last: 23485 ns, Reaching safepoint: 114025 ns, At safepoint: 28798 ns, Total: 142823 ns
[2020-09-11T12:57:42.393+0000][1][safepoint    ] Safepoint "RevokeBias", Time since last: 29974 ns, Reaching safepoint: 127288 ns, At safepoint: 23122 ns, Total: 150410 ns
[2020-09-11T12:57:42.394+0000][1][safepoint    ] Safepoint "RevokeBias", Time since last: 23242 ns, Reaching safepoint: 114503 ns, At safepoint: 32927 ns, Total: 147430 ns
[2020-09-11T12:57:42.394+0000][1][safepoint    ] Safepoint "RevokeBias", Time since last: 28812 ns, Reaching safepoint: 152936 ns, At safepoint: 23656 ns, Total: 176592 ns
[2020-09-11T12:57:42.394+0000][1][safepoint    ] Safepoint "RevokeBias", Time since last: 23298 ns, Reaching safepoint: 526848 ns, At safepoint: 23063 ns, Total: 549911 ns
[2020-09-11T12:57:42.395+0000][1][safepoint    ] Safepoint "RevokeBias", Time since last: 53933 ns, Reaching safepoint: 90893 ns, At safepoint: 21492 ns, Total: 112385 ns
[2020-09-11T12:57:42.395+0000][1][safepoint    ] Safepoint "RevokeBias", Time since last: 23344 ns, Reaching safepoint: 118596 ns, At safepoint: 32407 ns, Total: 151003 ns
[2020-09-11T12:57:42.395+0000][1][safepoint    ] Safepoint "RevokeBias", Time since last: 39349 ns, Reaching safepoint: 123424 ns, At safepoint: 20914 ns, Total: 144338 ns
[2020-09-11T12:57:42.395+0000][1][safepoint    ] Safepoint "RevokeBias", Time since last: 21661 ns, Reaching safepoint: 120720 ns, At safepoint: 23104 ns, Total: 143824 ns
[2020-09-11T12:57:42.396+0000][1][safepoint    ] Safepoint "RevokeBias", Time since last: 536393 ns, Reaching safepoint: 122652 ns, At safepoint: 22273 ns, Total: 144925 ns
[2020-09-11T12:57:42.396+0000][1][safepoint    ] Safepoint "RevokeBias", Time since last: 25423 ns, Reaching safepoint: 115262 ns, At safepoint: 20421 ns, Total: 135683 ns
[2020-09-11T12:57:42.396+0000][1][safepoint    ] Safepoint "RevokeBias", Time since last: 44515 ns, Reaching safepoint: 119858 ns, At safepoint: 20693 ns, Total: 140551 ns
[2020-09-11T12:57:42.396+0000][1][safepoint    ] Safepoint "RevokeBias", Time since last: 21993 ns, Reaching safepoint: 222605 ns, At safepoint: 20891 ns, Total: 243496 ns
[2020-09-11T12:57:42.397+0000][1][safepoint    ] Safepoint "RevokeBias", Time since last: 41233 ns, Reaching safepoint: 125626 ns, At safepoint: 21103 ns, Total: 146729 ns
[2020-09-11T12:57:42.397+0000][1][safepoint    ] Safepoint "RevokeBias", Time since last: 22334 ns, Reaching safepoint: 114224 ns, At safepoint: 21561 ns, Total: 135785 ns
[2020-09-11T12:57:42.397+0000][1][safepoint    ] Safepoint "RevokeBias", Time since last: 73225 ns, Reaching safepoint: 124268 ns, At safepoint: 21233 ns, Total: 145501 ns
[2020-09-11T12:57:42.398+0000][1][safepoint    ] Safepoint "RevokeBias", Time since last: 21688 ns, Reaching safepoint: 113335 ns, At safepoint: 570243 ns, Total: 683578 ns
[2020-09-11T12:57:42.398+0000][1][safepoint    ] Safepoint "RevokeBias", Time since last: 38764 ns, Reaching safepoint: 127842 ns, At safepoint: 27062 ns, Total: 154904 ns
[2020-09-11T12:57:42.398+0000][1][safepoint    ] Safepoint "RevokeBias", Time since last: 23298 ns, Reaching safepoint: 121257 ns, At safepoint: 22911 ns, Total: 144168 ns
[2020-09-11T12:57:42.399+0000][1][safepoint    ] Safepoint "RevokeBias", Time since last: 32962 ns, Reaching safepoint: 125190 ns, At safepoint: 1212586 ns, Total: 1337776 ns
[2020-09-11T12:57:42.400+0000][1][safepoint    ] Safepoint "RevokeBias", Time since last: 29349 ns, Reaching safepoint: 401140 ns, At safepoint: 36139 ns, Total: 437279 ns
[2020-09-11T12:57:42.401+0000][1][safepoint    ] Safepoint "RevokeBias", Time since last: 924732 ns, Reaching safepoint: 121839 ns, At safepoint: 33875 ns, Total: 155714 ns
[2020-09-11T12:57:42.401+0000][1][safepoint    ] Safepoint "RevokeBias", Time since last: 27784 ns, Reaching safepoint: 122742 ns, At safepoint: 26202 ns, Total: 148944 ns
[2020-09-11T12:57:42.449+0000][1][safepoint    ] Safepoint "Deoptimize", Time since last: 47218883 ns, Reaching safepoint: 127874 ns, At safepoint: 184825 ns, Total: 312699 ns
[2020-09-11T12:57:42.800+0000][1][safepoint    ] Safepoint "RevokeBias", Time since last: 350748213 ns, Reaching safepoint: 170092 ns, At safepoint: 34706 ns, Total: 204798 ns
[2020-09-11T12:57:43.284+0000][1][safepoint    ] Safepoint "Deoptimize", Time since last: 483798396 ns, Reaching safepoint: 142531 ns, At safepoint: 164817 ns, Total: 307348 ns
[2020-09-11T12:57:43.465+0000][1][gc,start     ] GC(1) Pause Young (Allocation Failure)
[2020-09-11T12:57:43.465+0000][1][gc,task      ] GC(1) Using 1 workers of 1 for evacuation
[2020-09-11T12:57:43.522+0000][1][gc,age       ] GC(1) Desired survivor size 4358144 bytes, new threshold 6 (max threshold 6)
[2020-09-11T12:57:43.522+0000][1][gc,age       ] GC(1) Age table with threshold 6 (max threshold 6)
[2020-09-11T12:57:43.522+0000][1][gc,age       ] GC(1) - age   1:    3892216 bytes,    3892216 total
[2020-09-11T12:57:43.522+0000][1][gc,heap      ] GC(1) ParNew: 74470K->4202K(76672K)
[2020-09-11T12:57:43.522+0000][1][gc,heap      ] GC(1) CMS: 0K->6821K(2011968K)
[2020-09-11T12:57:43.522+0000][1][gc,metaspace ] GC(1) Metaspace: 18974K->18974K(1067008K)
[2020-09-11T12:57:43.522+0000][1][gc           ] GC(1) Pause Young (Allocation Failure) 72M->10M(2039M) 56.589ms
[2020-09-11T12:57:43.522+0000][1][gc,cpu       ] GC(1) User=0.06s Sys=0.00s Real=0.05s
[2020-09-11T12:57:43.523+0000][1][safepoint    ] Safepoint "GenCollectForAllocation", Time since last: 181310527 ns, Reaching safepoint: 128145 ns, At safepoint: 57662913 ns, Total: 57791058 ns
[2020-09-11T12:57:43.527+0000][1][safepoint    ] Safepoint "BulkRevokeBias", Time since last: 3638818 ns, Reaching safepoint: 23800 ns, At safepoint: 274473 ns, Total: 298273 ns
[2020-09-11T12:57:43.527+0000][1][safepoint    ] Safepoint "RevokeBias", Time since last: 41751 ns, Reaching safepoint: 15178 ns, At safepoint: 43062 ns, Total: 58240 ns
[2020-09-11T12:57:43.530+0000][1][safepoint    ] Safepoint "RevokeBias", Time since last: 2930548 ns, Reaching safepoint: 136764 ns, At safepoint: 362658 ns, Total: 499422 ns
[2020-09-11T12:57:43.531+0000][1][safepoint    ] Safepoint "RevokeBias", Time since last: 50122 ns, Reaching safepoint: 135854 ns, At safepoint: 36565 ns, Total: 172419 ns
[2020-09-11T12:57:43.531+0000][1][safepoint    ] Safepoint "RevokeBias", Time since last: 26646 ns, Reaching safepoint: 131560 ns, At safepoint: 32792 ns, Total: 164352 ns
[2020-09-11T12:57:43.531+0000][1][safepoint    ] Safepoint "RevokeBias", Time since last: 30176 ns, Reaching safepoint: 133003 ns, At safepoint: 31539 ns, Total: 164542 ns
[2020-09-11T12:57:43.531+0000][1][safepoint    ] Safepoint "RevokeBias", Time since last: 23659 ns, Reaching safepoint: 119905 ns, At safepoint: 35781 ns, Total: 155686 ns
[2020-09-11T12:57:43.531+0000][1][safepoint    ] Safepoint "BulkRevokeBias", Time since last: 28876 ns, Reaching safepoint: 130850 ns, At safepoint: 51610 ns, Total: 182460 ns
[2020-09-11T12:57:43.531+0000][1][safepoint    ] Safepoint "BulkRevokeBias", Time since last: 22702 ns, Reaching safepoint: 140027 ns, At safepoint: 45827 ns, Total: 185854 ns
[2020-09-11T12:57:43.539+0000][1][safepoint    ] Safepoint "Deoptimize", Time since last: 7058413 ns, Reaching safepoint: 145996 ns, At safepoint: 183299 ns, Total: 329295 ns
[2020-09-11T12:57:43.750+0000][1][safepoint    ] Safepoint "Deoptimize", Time since last: 210508722 ns, Reaching safepoint: 150037 ns, At safepoint: 190929 ns, Total: 340966 ns
[2020-09-11T12:57:43.820+0000][1][safepoint    ] Safepoint "Deoptimize", Time since last: 69674172 ns, Reaching safepoint: 149897 ns, At safepoint: 195252 ns, Total: 345149 ns
[2020-09-11T12:57:43.820+0000][1][safepoint    ] Safepoint "RevokeBias", Time since last: 447571 ns, Reaching safepoint: 135497 ns, At safepoint: 42071 ns, Total: 177568 ns
[2020-09-11T12:57:43.821+0000][1][safepoint    ] Safepoint "Deoptimize", Time since last: 833633 ns, Reaching safepoint: 134030 ns, At safepoint: 132158 ns, Total: 266188 ns
[2020-09-11T12:57:44.248+0000][1][gc,start     ] GC(2) Pause Young (Allocation Failure)
[2020-09-11T12:57:44.248+0000][1][gc,task      ] GC(2) Using 1 workers of 1 for evacuation
[2020-09-11T12:57:44.266+0000][1][gc,age       ] GC(2) Desired survivor size 4358144 bytes, new threshold 6 (max threshold 6)
[2020-09-11T12:57:44.266+0000][1][gc,age       ] GC(2) Age table with threshold 6 (max threshold 6)
[2020-09-11T12:57:44.266+0000][1][gc,age       ] GC(2) - age   1:     448320 bytes,     448320 total
[2020-09-11T12:57:44.266+0000][1][gc,age       ] GC(2) - age   2:    3850152 bytes,    4298472 total
[2020-09-11T12:57:44.266+0000][1][gc,heap      ] GC(2) ParNew: 72362K->7816K(76672K)
[2020-09-11T12:57:44.266+0000][1][gc,heap      ] GC(2) CMS: 6821K->6821K(2011968K)
[2020-09-11T12:57:44.266+0000][1][gc,metaspace ] GC(2) Metaspace: 20026K->20026K(1067008K)
[2020-09-11T12:57:44.266+0000][1][gc           ] GC(2) Pause Young (Allocation Failure) 77M->14M(2039M) 18.645ms
[2020-09-11T12:57:44.266+0000][1][gc,cpu       ] GC(2) User=0.02s Sys=0.00s Real=0.02s
[2020-09-11T12:57:44.271+0000][1][safepoint    ] Safepoint "GenCollectForAllocation", Time since last: 425934508 ns, Reaching safepoint: 129299 ns, At safepoint: 23870225 ns, Total: 23999524 ns
[2020-09-11T12:57:44.282+0000][1][safepoint    ] Safepoint "RevokeBias", Time since last: 9542502 ns, Reaching safepoint: 694792 ns, At safepoint: 47564 ns, Total: 742356 ns
[2020-09-11T12:57:44.282+0000][1][safepoint    ] Safepoint "RevokeBias", Time since last: 76297 ns, Reaching safepoint: 122086 ns, At safepoint: 37682 ns, Total: 159768 ns
[2020-09-11T12:57:44.282+0000][1][safepoint    ] Safepoint "RevokeBias", Time since last: 290093 ns, Reaching safepoint: 150744 ns, At safepoint: 21474 ns, Total: 172218 ns
[2020-09-11T12:57:44.283+0000][1][safepoint    ] Safepoint "RevokeBias", Time since last: 34048 ns, Reaching safepoint: 86114 ns, At safepoint: 21352 ns, Total: 107466 ns
[2020-09-11T12:57:44.283+0000][1][safepoint    ] Safepoint "RevokeBias", Time since last: 56133 ns, Reaching safepoint: 130774 ns, At safepoint: 22580 ns, Total: 153354 ns
[2020-09-11T12:57:44.283+0000][1][safepoint    ] Safepoint "RevokeBias", Time since last: 29993 ns, Reaching safepoint: 128449 ns, At safepoint: 65741 ns, Total: 194190 ns
[2020-09-11T12:57:44.283+0000][1][safepoint    ] Safepoint "RevokeBias", Time since last: 89863 ns, Reaching safepoint: 139318 ns, At safepoint: 29258 ns, Total: 168576 ns
[2020-09-11T12:57:44.283+0000][1][safepoint    ] Safepoint "RevokeBias", Time since last: 26109 ns, Reaching safepoint: 138695 ns, At safepoint: 29817 ns, Total: 168512 ns
[2020-09-11T12:57:44.284+0000][1][safepoint    ] Safepoint "RevokeBias", Time since last: 380077 ns, Reaching safepoint: 133768 ns, At safepoint: 32791 ns, Total: 166559 ns
[2020-09-11T12:57:44.286+0000][1][safepoint    ] Safepoint "RevokeBias", Time since last: 1851656 ns, Reaching safepoint: 95373 ns, At safepoint: 60875 ns, Total: 156248 ns
[2020-09-11T12:57:44.532+0000][1][gc,start     ] GC(3) Pause Young (Allocation Failure)
[2020-09-11T12:57:44.532+0000][1][gc,task      ] GC(3) Using 1 workers of 1 for evacuation
[2020-09-11T12:57:44.570+0000][1][gc,age       ] GC(3) Desired survivor size 4358144 bytes, new threshold 3 (max threshold 6)
[2020-09-11T12:57:44.570+0000][1][gc,age       ] GC(3) Age table with threshold 3 (max threshold 6)
[2020-09-11T12:57:44.570+0000][1][gc,age       ] GC(3) - age   1:    1998440 bytes,    1998440 total
[2020-09-11T12:57:44.570+0000][1][gc,age       ] GC(3) - age   2:     420984 bytes,    2419424 total
[2020-09-11T12:57:44.570+0000][1][gc,age       ] GC(3) - age   3:    3843496 bytes,    6262920 total
[2020-09-11T12:57:44.570+0000][1][gc,heap      ] GC(3) ParNew: 75976K->7633K(76672K)
[2020-09-11T12:57:44.570+0000][1][gc,heap      ] GC(3) CMS: 6821K->6821K(2011968K)
[2020-09-11T12:57:44.570+0000][1][gc,metaspace ] GC(3) Metaspace: 20283K->20283K(1067008K)
[2020-09-11T12:57:44.570+0000][1][gc           ] GC(3) Pause Young (Allocation Failure) 80M->14M(2039M) 38.707ms
[2020-09-11T12:57:44.570+0000][1][gc,cpu       ] GC(3) User=0.04s Sys=0.00s Real=0.04s
[2020-09-11T12:57:44.571+0000][1][safepoint    ] Safepoint "GenCollectForAllocation", Time since last: 245430704 ns, Reaching safepoint: 119762 ns, At safepoint: 39889323 ns, Total: 40009085 ns
[2020-09-11T12:57:44.581+0000][1][safepoint    ] Safepoint "RevokeBias", Time since last: 6487877 ns, Reaching safepoint: 2583246 ns, At safepoint: 30483 ns, Total: 2613729 ns
[2020-09-11T12:57:44.581+0000][1][safepoint    ] Safepoint "RevokeBias", Time since last: 628536 ns, Reaching safepoint: 84861 ns, At safepoint: 25402 ns, Total: 110263 ns
[2020-09-11T12:57:44.581+0000][1][safepoint    ] Safepoint "RevokeBias", Time since last: 43528 ns, Reaching safepoint: 78359 ns, At safepoint: 22624 ns, Total: 100983 ns
[2020-09-11T12:57:44.582+0000][1][safepoint    ] Safepoint "RevokeBias", Time since last: 27554 ns, Reaching safepoint: 76500 ns, At safepoint: 14419 ns, Total: 90919 ns
[2020-09-11T12:57:44.582+0000][1][safepoint    ] Safepoint "RevokeBias", Time since last: 29880 ns, Reaching safepoint: 77702 ns, At safepoint: 21831 ns, Total: 99533 ns
[2020-09-11T12:57:44.582+0000][1][safepoint    ] Safepoint "RevokeBias", Time since last: 26513 ns, Reaching safepoint: 76319 ns, At safepoint: 13957 ns, Total: 90276 ns
[2020-09-11T12:57:44.582+0000][1][safepoint    ] Safepoint "RevokeBias", Time since last: 286372 ns, Reaching safepoint: 79633 ns, At safepoint: 26796 ns, Total: 106429 ns
[2020-09-11T12:57:44.582+0000][1][safepoint    ] Safepoint "RevokeBias", Time since last: 28196 ns, Reaching safepoint: 78006 ns, At safepoint: 25357 ns, Total: 103363 ns
[2020-09-11T12:57:44.764+0000][1][safepoint    ] Safepoint "CollectForMetadataAllocation", Time since last: 181691807 ns, Reaching safepoint: 106412 ns, At safepoint: 129115 ns, Total: 235527 ns
[2020-09-11T12:57:44.824+0000][1][safepoint    ] Safepoint "CollectForMetadataAllocation", Time since last: 59213431 ns, Reaching safepoint: 112810 ns, At safepoint: 147317 ns, Total: 260127 ns
[2020-09-11T12:57:44.879+0000][1][gc,start     ] GC(4) Pause Young (Allocation Failure)
[2020-09-11T12:57:44.879+0000][1][gc,task      ] GC(4) Using 1 workers of 1 for evacuation
[2020-09-11T12:57:44.901+0000][1][gc,age       ] GC(4) Desired survivor size 4358144 bytes, new threshold 6 (max threshold 6)
[2020-09-11T12:57:44.901+0000][1][gc,age       ] GC(4) Age table with threshold 6 (max threshold 6)
[2020-09-11T12:57:44.901+0000][1][gc,age       ] GC(4) - age   1:    1712952 bytes,    1712952 total
[2020-09-11T12:57:44.901+0000][1][gc,age       ] GC(4) - age   2:     344680 bytes,    2057632 total
[2020-09-11T12:57:44.901+0000][1][gc,age       ] GC(4) - age   3:     420888 bytes,    2478520 total
[2020-09-11T12:57:44.901+0000][1][gc,heap      ] GC(4) ParNew: 75793K->5223K(76672K)
[2020-09-11T12:57:44.901+0000][1][gc,heap      ] GC(4) CMS: 6821K->10604K(2011968K)
[2020-09-11T12:57:44.901+0000][1][gc,metaspace ] GC(4) Metaspace: 20837K->20837K(1069056K)
[2020-09-11T12:57:44.901+0000][1][gc           ] GC(4) Pause Young (Allocation Failure) 80M->15M(2039M) 22.277ms
[2020-09-11T12:57:44.901+0000][1][gc,cpu       ] GC(4) User=0.02s Sys=0.00s Real=0.02s
[2020-09-11T12:57:44.907+0000][1][safepoint    ] Safepoint "GenCollectForAllocation", Time since last: 55273767 ns, Reaching safepoint: 100607 ns, At safepoint: 28364206 ns, Total: 28464813 ns
[2020-09-11T12:57:44.912+0000][1][gc,start     ] GC(5) Pause Initial Mark
[2020-09-11T12:57:44.913+0000][1][gc           ] GC(5) Pause Initial Mark 20M->20M(2039M) 1.934ms
[2020-09-11T12:57:44.913+0000][1][gc,cpu       ] GC(5) User=0.00s Sys=0.00s Real=0.00s
[2020-09-11T12:57:44.922+0000][1][safepoint    ] Safepoint "BulkRevokeBias", Time since last: 3872493 ns, Reaching safepoint: 110814 ns, At safepoint: 10509639 ns, Total: 10620453 ns
[2020-09-11T12:57:44.922+0000][1][gc           ] GC(5) Concurrent Mark
[2020-09-11T12:57:44.927+0000][1][safepoint    ] Safepoint "RevokeBias", Time since last: 2356119 ns, Reaching safepoint: 2961192 ns, At safepoint: 60696 ns, Total: 3021888 ns
[2020-09-11T12:57:44.940+0000][1][safepoint    ] Safepoint "RevokeBias", Time since last: 4128863 ns, Reaching safepoint: 8089113 ns, At safepoint: 72267 ns, Total: 8161380 ns
[2020-09-11T12:57:44.940+0000][1][safepoint    ] Safepoint "RevokeBias", Time since last: 60524 ns, Reaching safepoint: 80210 ns, At safepoint: 23788 ns, Total: 103998 ns
[2020-09-11T12:57:44.940+0000][1][safepoint    ] Safepoint "RevokeBias", Time since last: 36831 ns, Reaching safepoint: 79297 ns, At safepoint: 37101 ns, Total: 116398 ns
[2020-09-11T12:57:44.940+0000][1][safepoint    ] Safepoint "RevokeBias", Time since last: 25002 ns, Reaching safepoint: 78340 ns, At safepoint: 22321 ns, Total: 100661 ns
[2020-09-11T12:57:44.972+0000][1][gc           ] GC(5) Concurrent Mark 49.756ms
[2020-09-11T12:57:44.972+0000][1][gc,cpu       ] GC(5) User=0.04s Sys=0.00s Real=0.05s
[2020-09-11T12:57:44.972+0000][1][gc           ] GC(5) Concurrent Preclean
[2020-09-11T12:57:44.974+0000][1][gc           ] GC(5) Concurrent Preclean 2.419ms
[2020-09-11T12:57:44.974+0000][1][gc,cpu       ] GC(5) User=0.00s Sys=0.00s Real=0.00s
[2020-09-11T12:57:44.974+0000][1][gc           ] GC(5) Concurrent Abortable Preclean
[2020-09-11T12:57:45.068+0000][1][safepoint    ] Safepoint "RevokeBias", Time since last: 127376627 ns, Reaching safepoint: 103566 ns, At safepoint: 16937 ns, Total: 120503 ns
[2020-09-11T12:57:45.075+0000][1][safepoint    ] Safepoint "RevokeBias", Time since last: 3883690 ns, Reaching safepoint: 4012029 ns, At safepoint: 12257 ns, Total: 4024286 ns
[2020-09-11T12:57:45.080+0000][1][safepoint    ] Safepoint "Deoptimize", Time since last: 3967291 ns, Reaching safepoint: 34143 ns, At safepoint: 193429 ns, Total: 227572 ns
[2020-09-11T12:57:45.096+0000][1][safepoint    ] Safepoint "CollectForMetadataAllocation", Time since last: 15812328 ns, Reaching safepoint: 888293 ns, At safepoint: 83838 ns, Total: 972131 ns
[2020-09-11T12:57:45.108+0000][1][safepoint    ] Safepoint "RevokeBias", Time since last: 7283132 ns, Reaching safepoint: 3772558 ns, At safepoint: 28492 ns, Total: 3801050 ns
[2020-09-11T12:57:45.136+0000][1][safepoint    ] Safepoint "RevokeBias", Time since last: 28605441 ns, Reaching safepoint: 95804 ns, At safepoint: 34139 ns, Total: 129943 ns
[2020-09-11T12:57:45.154+0000][1][safepoint    ] Safepoint "RevokeBias", Time since last: 11176710 ns, Reaching safepoint: 6240650 ns, At safepoint: 38123 ns, Total: 6278773 ns
[2020-09-11T12:57:45.158+0000][1][safepoint    ] Safepoint "RevokeBias", Time since last: 3962220 ns, Reaching safepoint: 83537 ns, At safepoint: 26546 ns, Total: 110083 ns
[2020-09-11T12:57:45.172+0000][1][safepoint    ] Safepoint "RevokeBias", Time since last: 13761430 ns, Reaching safepoint: 72071 ns, At safepoint: 46967 ns, Total: 119038 ns
[2020-09-11T12:57:45.175+0000][1][safepoint    ] Safepoint "RevokeBias", Time since last: 3750506 ns, Reaching safepoint: 25482 ns, At safepoint: 23209 ns, Total: 48691 ns
[2020-09-11T12:57:45.181+0000][1][safepoint    ] Safepoint "RevokeBias", Time since last: 5148091 ns, Reaching safepoint: 111290 ns, At safepoint: 29839 ns, Total: 141129 ns
[2020-09-11T12:57:45.212+0000][1][safepoint    ] Safepoint "RevokeBias", Time since last: 21647901 ns, Reaching safepoint: 9075105 ns, At safepoint: 83476 ns, Total: 9158581 ns
[2020-09-11T12:57:45.214+0000][1][safepoint    ] Safepoint "RevokeBias", Time since last: 2242161 ns, Reaching safepoint: 85214 ns, At safepoint: 24501 ns, Total: 109715 ns
[2020-09-11T12:57:45.236+0000][1][safepoint    ] Safepoint "Deoptimize", Time since last: 9507662 ns, Reaching safepoint: 12150037 ns, At safepoint: 217042 ns, Total: 12367079 ns
[2020-09-11T12:57:45.283+0000][1][gc,start     ] GC(6) Pause Young (Allocation Failure)
[2020-09-11T12:57:45.283+0000][1][gc,task      ] GC(6) Using 1 workers of 1 for evacuation
[2020-09-11T12:57:45.323+0000][1][gc,age       ] GC(6) Desired survivor size 4358144 bytes, new threshold 6 (max threshold 6)
[2020-09-11T12:57:45.324+0000][1][gc,age       ] GC(6) Age table with threshold 6 (max threshold 6)
[2020-09-11T12:57:45.324+0000][1][gc,age       ] GC(6) - age   1:    2313072 bytes,    2313072 total
[2020-09-11T12:57:45.324+0000][1][gc,age       ] GC(6) - age   2:    1253072 bytes,    3566144 total
[2020-09-11T12:57:45.324+0000][1][gc,age       ] GC(6) - age   3:     344680 bytes,    3910824 total
[2020-09-11T12:57:45.324+0000][1][gc,age       ] GC(6) - age   4:     420888 bytes,    4331712 total
[2020-09-11T12:57:45.324+0000][1][gc,heap      ] GC(6) ParNew: 73383K->4426K(76672K)
[2020-09-11T12:57:45.324+0000][1][gc,heap      ] GC(6) CMS: 10604K->10604K(2011968K)
[2020-09-11T12:57:45.324+0000][1][gc,metaspace ] GC(6) Metaspace: 21146K->21146K(1069056K)
[2020-09-11T12:57:45.324+0000][1][gc           ] GC(6) Pause Young (Allocation Failure) 82M->14M(2039M) 40.300ms
[2020-09-11T12:57:45.324+0000][1][gc,cpu       ] GC(6) User=0.04s Sys=0.00s Real=0.05s
[2020-09-11T12:57:45.327+0000][1][safepoint    ] Safepoint "GenCollectForAllocation", Time since last: 47348226 ns, Reaching safepoint: 176241 ns, At safepoint: 44091581 ns, Total: 44267822 ns
[2020-09-11T12:57:45.332+0000][1][safepoint    ] Safepoint "RevokeBias", Time since last: 3265911 ns, Reaching safepoint: 1691718 ns, At safepoint: 36890 ns, Total: 1728608 ns
[2020-09-11T12:57:45.333+0000][1][safepoint    ] Safepoint "RevokeBias", Time since last: 264224 ns, Reaching safepoint: 86465 ns, At safepoint: 30934 ns, Total: 117399 ns
[2020-09-11T12:57:45.333+0000][1][safepoint    ] Safepoint "RevokeBias", Time since last: 37707 ns, Reaching safepoint: 81882 ns, At safepoint: 19801 ns, Total: 101683 ns
[2020-09-11T12:57:45.333+0000][1][safepoint    ] Safepoint "RevokeBias", Time since last: 25435 ns, Reaching safepoint: 78849 ns, At safepoint: 17911 ns, Total: 96760 ns
[2020-09-11T12:57:45.333+0000][1][safepoint    ] Safepoint "RevokeBias", Time since last: 28598 ns, Reaching safepoint: 77664 ns, At safepoint: 16069 ns, Total: 93733 ns
[2020-09-11T12:57:45.333+0000][1][safepoint    ] Safepoint "RevokeBias", Time since last: 23435 ns, Reaching safepoint: 76135 ns, At safepoint: 15888 ns, Total: 92023 ns
[2020-09-11T12:57:45.392+0000][1][safepoint    ] Safepoint "RevokeBias", Time since last: 56485127 ns, Reaching safepoint: 2031667 ns, At safepoint: 31800 ns, Total: 2063467 ns
[2020-09-11T12:57:45.403+0000][1][safepoint    ] Safepoint "RevokeBias", Time since last: 10890726 ns, Reaching safepoint: 50013 ns, At safepoint: 32424 ns, Total: 82437 ns
[2020-09-11T12:57:45.427+0000][1][safepoint    ] Safepoint "RevokeBias", Time since last: 22918126 ns, Reaching safepoint: 1747352 ns, At safepoint: 32936 ns, Total: 1780288 ns
[2020-09-11T12:57:45.530+0000][1][safepoint    ] Safepoint "CollectForMetadataAllocation", Time since last: 102243605 ns, Reaching safepoint: 144745 ns, At safepoint: 108832 ns, Total: 253577 ns
[2020-09-11T12:57:45.589+0000][1][gc,start     ] GC(7) Pause Young (Allocation Failure)
[2020-09-11T12:57:45.589+0000][1][gc,task      ] GC(7) Using 1 workers of 1 for evacuation
[2020-09-11T12:57:45.608+0000][1][gc,age       ] GC(7) Desired survivor size 4358144 bytes, new threshold 5 (max threshold 6)
[2020-09-11T12:57:45.608+0000][1][gc,age       ] GC(7) Age table with threshold 5 (max threshold 6)
[2020-09-11T12:57:45.608+0000][1][gc,age       ] GC(7) - age   1:     952928 bytes,     952928 total
[2020-09-11T12:57:45.608+0000][1][gc,age       ] GC(7) - age   2:    1525888 bytes,    2478816 total
[2020-09-11T12:57:45.608+0000][1][gc,age       ] GC(7) - age   3:    1252560 bytes,    3731376 total
[2020-09-11T12:57:45.608+0000][1][gc,age       ] GC(7) - age   4:     344680 bytes,    4076056 total
[2020-09-11T12:57:45.608+0000][1][gc,age       ] GC(7) - age   5:     420776 bytes,    4496832 total
[2020-09-11T12:57:45.608+0000][1][gc,heap      ] GC(7) ParNew: 72586K->7452K(76672K)
[2020-09-11T12:57:45.608+0000][1][gc,heap      ] GC(7) CMS: 10604K->10604K(2011968K)
[2020-09-11T12:57:45.608+0000][1][gc,metaspace ] GC(7) Metaspace: 21248K->21248K(1069056K)
[2020-09-11T12:57:45.608+0000][1][gc           ] GC(7) Pause Young (Allocation Failure) 81M->17M(2039M) 19.627ms
[2020-09-11T12:57:45.608+0000][1][gc,cpu       ] GC(7) User=0.02s Sys=0.00s Real=0.02s
[2020-09-11T12:57:45.613+0000][1][gc           ] GC(5) Concurrent Abortable Preclean 638.384ms
[2020-09-11T12:57:45.613+0000][1][gc,cpu       ] GC(5) User=0.61s Sys=0.02s Real=0.64s
[2020-09-11T12:57:45.613+0000][1][safepoint    ] Safepoint "GenCollectForAllocation", Time since last: 58712439 ns, Reaching safepoint: 101778 ns, At safepoint: 23896818 ns, Total: 23998596 ns
[2020-09-11T12:57:45.624+0000][1][gc,start     ] GC(5) Pause Remark
[2020-09-11T12:57:45.634+0000][1][gc           ] GC(5) Pause Remark 24M->24M(2039M) 10.697ms
[2020-09-11T12:57:45.635+0000][1][gc,cpu       ] GC(5) User=0.01s Sys=0.00s Real=0.00s
[2020-09-11T12:57:45.643+0000][1][safepoint    ] Safepoint "RevokeBias", Time since last: 6719697 ns, Reaching safepoint: 4289842 ns, At safepoint: 19695639 ns, Total: 23985481 ns
[2020-09-11T12:57:45.643+0000][1][gc           ] GC(5) Concurrent Sweep
[2020-09-11T12:57:45.647+0000][1][gc           ] GC(5) Concurrent Sweep 3.098ms
[2020-09-11T12:57:45.647+0000][1][gc,cpu       ] GC(5) User=0.00s Sys=0.00s Real=0.00s
[2020-09-11T12:57:45.647+0000][1][gc           ] GC(5) Concurrent Reset
[2020-09-11T12:57:45.650+0000][1][safepoint    ] Safepoint "RevokeBias", Time since last: 4095032 ns, Reaching safepoint: 2636904 ns, At safepoint: 52417 ns, Total: 2689321 ns
[2020-09-11T12:57:45.650+0000][1][safepoint    ] Safepoint "RevokeBias", Time since last: 76500 ns, Reaching safepoint: 93069 ns, At safepoint: 31874 ns, Total: 124943 ns
[2020-09-11T12:57:45.651+0000][1][safepoint    ] Safepoint "RevokeBias", Time since last: 34352 ns, Reaching safepoint: 88669 ns, At safepoint: 27550 ns, Total: 116219 ns
[2020-09-11T12:57:45.659+0000][1][gc           ] GC(5) Concurrent Reset 6.403ms
[2020-09-11T12:57:45.659+0000][1][gc,cpu       ] GC(5) User=0.02s Sys=0.00s Real=0.01s
[2020-09-11T12:57:45.659+0000][1][gc,heap      ] GC(5) Old: 10604K->10604K(2011968K)
[2020-09-11T12:57:45.836+0000][1][gc,start     ] GC(8) Pause Young (Allocation Failure)
[2020-09-11T12:57:45.836+0000][1][gc,task      ] GC(8) Using 1 workers of 1 for evacuation
[2020-09-11T12:57:45.862+0000][1][gc,age       ] GC(8) Desired survivor size 4358144 bytes, new threshold 4 (max threshold 6)
[2020-09-11T12:57:45.862+0000][1][gc,age       ] GC(8) Age table with threshold 4 (max threshold 6)
[2020-09-11T12:57:45.862+0000][1][gc,age       ] GC(8) - age   1:    2003800 bytes,    2003800 total
[2020-09-11T12:57:45.862+0000][1][gc,age       ] GC(8) - age   2:     445824 bytes,    2449624 total
[2020-09-11T12:57:45.862+0000][1][gc,age       ] GC(8) - age   3:    1523952 bytes,    3973576 total
[2020-09-11T12:57:45.862+0000][1][gc,age       ] GC(8) - age   4:    1251872 bytes,    5225448 total
[2020-09-11T12:57:45.862+0000][1][gc,age       ] GC(8) - age   5:     344680 bytes,    5570128 total
[2020-09-11T12:57:45.862+0000][1][gc,heap      ] GC(8) ParNew: 75612K->7734K(76672K)
[2020-09-11T12:57:45.862+0000][1][gc,heap      ] GC(8) CMS: 10604K->11018K(2011968K)
[2020-09-11T12:57:45.862+0000][1][gc,metaspace ] GC(8) Metaspace: 21428K->21428K(1069056K)
[2020-09-11T12:57:45.862+0000][1][gc           ] GC(8) Pause Young (Allocation Failure) 84M->18M(2039M) 26.264ms
[2020-09-11T12:57:45.862+0000][1][gc,cpu       ] GC(8) User=0.03s Sys=0.00s Real=0.02s
[2020-09-11T12:57:45.875+0000][1][safepoint    ] Safepoint "GenCollectForAllocation", Time since last: 184880770 ns, Reaching safepoint: 99202 ns, At safepoint: 39923154 ns, Total: 40022356 ns
[2020-09-11T12:57:45.884+0000][1][safepoint    ] Safepoint "RevokeBias", Time since last: 7980059 ns, Reaching safepoint: 474513 ns, At safepoint: 42232 ns, Total: 516745 ns
[2020-09-11T12:57:45.884+0000][1][safepoint    ] Safepoint "RevokeBias", Time since last: 58656 ns, Reaching safepoint: 87616 ns, At safepoint: 31245 ns, Total: 118861 ns
[2020-09-11T12:57:45.884+0000][1][safepoint    ] Safepoint "RevokeBias", Time since last: 39172 ns, Reaching safepoint: 81633 ns, At safepoint: 26614 ns, Total: 108247 ns
[2020-09-11T12:57:45.884+0000][1][safepoint    ] Safepoint "RevokeBias", Time since last: 25828 ns, Reaching safepoint: 80329 ns, At safepoint: 29346 ns, Total: 109675 ns
[2020-09-11T12:57:46.208+0000][1][gc,start     ] GC(9) Pause Young (Allocation Failure)
[2020-09-11T12:57:46.208+0000][1][gc,task      ] GC(9) Using 1 workers of 1 for evacuation
[2020-09-11T12:57:46.243+0000][1][gc,age       ] GC(9) Desired survivor size 4358144 bytes, new threshold 6 (max threshold 6)
[2020-09-11T12:57:46.244+0000][1][gc,age       ] GC(9) Age table with threshold 6 (max threshold 6)
[2020-09-11T12:57:46.244+0000][1][gc,age       ] GC(9) - age   1:     182944 bytes,     182944 total
[2020-09-11T12:57:46.244+0000][1][gc,age       ] GC(9) - age   2:     829208 bytes,    1012152 total
[2020-09-11T12:57:46.244+0000][1][gc,age       ] GC(9) - age   3:     445744 bytes,    1457896 total
[2020-09-11T12:57:46.244+0000][1][gc,age       ] GC(9) - age   4:    1523952 bytes,    2981848 total
[2020-09-11T12:57:46.244+0000][1][gc,heap      ] GC(9) ParNew: 75894K->4724K(76672K)
[2020-09-11T12:57:46.244+0000][1][gc,heap      ] GC(9) CMS: 11018K->12595K(2011968K)
[2020-09-11T12:57:46.244+0000][1][gc,metaspace ] GC(9) Metaspace: 21536K->21536K(1069056K)
[2020-09-11T12:57:46.244+0000][1][gc           ] GC(9) Pause Young (Allocation Failure) 84M->16M(2039M) 35.209ms
[2020-09-11T12:57:46.244+0000][1][gc,cpu       ] GC(9) User=0.04s Sys=0.00s Real=0.04s
[2020-09-11T12:57:46.244+0000][1][safepoint    ] Safepoint "GenCollectForAllocation", Time since last: 323915140 ns, Reaching safepoint: 105842 ns, At safepoint: 35279403 ns, Total: 35385245 ns
[2020-09-11T12:57:46.248+0000][1][safepoint    ] Safepoint "RevokeBias", Time since last: 3779553 ns, Reaching safepoint: 94855 ns, At safepoint: 35512 ns, Total: 130367 ns
[2020-09-11T12:57:46.252+0000][1][safepoint    ] Safepoint "RevokeBias", Time since last: 3844932 ns, Reaching safepoint: 956546 ns, At safepoint: 27391 ns, Total: 983937 ns
[2020-09-11T12:57:46.253+0000][1][safepoint    ] Safepoint "RevokeBias", Time since last: 61026 ns, Reaching safepoint: 80745 ns, At safepoint: 21441 ns, Total: 102186 ns
[2020-09-11T12:57:46.253+0000][1][safepoint    ] Safepoint "RevokeBias", Time since last: 72457 ns, Reaching safepoint: 78920 ns, At safepoint: 19376 ns, Total: 98296 ns
[2020-09-11T12:57:46.253+0000][1][safepoint    ] Safepoint "RevokeBias", Time since last: 32408 ns, Reaching safepoint: 77300 ns, At safepoint: 21639 ns, Total: 98939 ns
[2020-09-11T12:57:46.253+0000][1][safepoint    ] Safepoint "RevokeBias", Time since last: 27217 ns, Reaching safepoint: 76068 ns, At safepoint: 17409 ns, Total: 93477 ns
[2020-09-11T12:57:46.292+0000][1][safepoint    ] Safepoint "RevokeBias", Time since last: 38398499 ns, Reaching safepoint: 108612 ns, At safepoint: 18178 ns, Total: 126790 ns
[2020-09-11T12:57:46.292+0000][1][safepoint    ] Safepoint "RevokeBias", Time since last: 488451 ns, Reaching safepoint: 87016 ns, At safepoint: 10618 ns, Total: 97634 ns
[2020-09-11T12:57:46.440+0000][1][gc,start     ] GC(10) Pause Young (Allocation Failure)
[2020-09-11T12:57:46.440+0000][1][gc,task      ] GC(10) Using 1 workers of 1 for evacuation
[2020-09-11T12:57:46.457+0000][1][gc,age       ] GC(10) Desired survivor size 4358144 bytes, new threshold 6 (max threshold 6)
[2020-09-11T12:57:46.457+0000][1][gc,age       ] GC(10) Age table with threshold 6 (max threshold 6)
[2020-09-11T12:57:46.457+0000][1][gc,age       ] GC(10) - age   1:     656632 bytes,     656632 total
[2020-09-11T12:57:46.457+0000][1][gc,age       ] GC(10) - age   2:     146872 bytes,     803504 total
[2020-09-11T12:57:46.457+0000][1][gc,age       ] GC(10) - age   3:     829208 bytes,    1632712 total
[2020-09-11T12:57:46.457+0000][1][gc,age       ] GC(10) - age   4:     445720 bytes,    2078432 total
[2020-09-11T12:57:46.457+0000][1][gc,age       ] GC(10) - age   5:    1523952 bytes,    3602384 total
[2020-09-11T12:57:46.457+0000][1][gc,heap      ] GC(10) ParNew: 72884K->6730K(76672K)
[2020-09-11T12:57:46.457+0000][1][gc,heap      ] GC(10) CMS: 12595K->12595K(2011968K)
[2020-09-11T12:57:46.457+0000][1][gc,metaspace ] GC(10) Metaspace: 21673K->21673K(1069056K)
[2020-09-11T12:57:46.457+0000][1][gc           ] GC(10) Pause Young (Allocation Failure) 83M->18M(2039M) 17.420ms
[2020-09-11T12:57:46.457+0000][1][gc,cpu       ] GC(10) User=0.02s Sys=0.00s Real=0.02s
[2020-09-11T12:57:46.461+0000][1][safepoint    ] Safepoint "GenCollectForAllocation", Time since last: 147308956 ns, Reaching safepoint: 108205 ns, At safepoint: 21559892 ns, Total: 21668097 ns
[2020-09-11T12:57:46.468+0000][1][safepoint    ] Safepoint "BulkRevokeBias", Time since last: 6307951 ns, Reaching safepoint: 109433 ns, At safepoint: 61511 ns, Total: 170944 ns
[2020-09-11T12:57:46.468+0000][1][safepoint    ] Safepoint "BulkRevokeBias", Time since last: 68263 ns, Reaching safepoint: 259724 ns, At safepoint: 49159 ns, Total: 308883 ns
[2020-09-11T12:57:46.736+0000][1][gc,start     ] GC(11) Pause Young (Allocation Failure)
[2020-09-11T12:57:46.736+0000][1][gc,task      ] GC(11) Using 1 workers of 1 for evacuation
[2020-09-11T12:57:46.773+0000][1][gc,age       ] GC(11) Desired survivor size 4358144 bytes, new threshold 6 (max threshold 6)
[2020-09-11T12:57:46.773+0000][1][gc,age       ] GC(11) Age table with threshold 6 (max threshold 6)
[2020-09-11T12:57:46.773+0000][1][gc,age       ] GC(11) - age   1:    2386216 bytes,    2386216 total
[2020-09-11T12:57:46.773+0000][1][gc,age       ] GC(11) - age   2:     402816 bytes,    2789032 total
[2020-09-11T12:57:46.773+0000][1][gc,age       ] GC(11) - age   3:     146872 bytes,    2935904 total
[2020-09-11T12:57:46.773+0000][1][gc,age       ] GC(11) - age   4:     829208 bytes,    3765112 total
[2020-09-11T12:57:46.773+0000][1][gc,age       ] GC(11) - age   5:     445720 bytes,    4210832 total
[2020-09-11T12:57:46.773+0000][1][gc,age       ] GC(11) - age   6:    1523640 bytes,    5734472 total
[2020-09-11T12:57:46.773+0000][1][gc,heap      ] GC(11) ParNew: 74890K->6481K(76672K)
[2020-09-11T12:57:46.773+0000][1][gc,heap      ] GC(11) CMS: 12595K->12595K(2011968K)
[2020-09-11T12:57:46.773+0000][1][gc,metaspace ] GC(11) Metaspace: 22574K->22574K(1071104K)
[2020-09-11T12:57:46.773+0000][1][gc           ] GC(11) Pause Young (Allocation Failure) 85M->18M(2039M) 37.676ms
[2020-09-11T12:57:46.773+0000][1][gc,cpu       ] GC(11) User=0.04s Sys=0.00s Real=0.03s
[2020-09-11T12:57:46.777+0000][1][safepoint    ] Safepoint "GenCollectForAllocation", Time since last: 267481340 ns, Reaching safepoint: 122878 ns, At safepoint: 40990722 ns, Total: 41113600 ns
[2020-09-11T12:57:46.936+0000][1][gc,start     ] GC(12) Pause Young (Allocation Failure)
[2020-09-11T12:57:46.936+0000][1][gc,task      ] GC(12) Using 1 workers of 1 for evacuation
[2020-09-11T12:57:46.969+0000][1][gc,age       ] GC(12) Desired survivor size 4358144 bytes, new threshold 6 (max threshold 6)
[2020-09-11T12:57:46.970+0000][1][gc,age       ] GC(12) Age table with threshold 6 (max threshold 6)
[2020-09-11T12:57:46.970+0000][1][gc,age       ] GC(12) - age   1:     846736 bytes,     846736 total
[2020-09-11T12:57:46.970+0000][1][gc,age       ] GC(12) - age   2:     545368 bytes,    1392104 total
[2020-09-11T12:57:46.970+0000][1][gc,age       ] GC(12) - age   3:     402816 bytes,    1794920 total
[2020-09-11T12:57:46.970+0000][1][gc,age       ] GC(12) - age   4:     146768 bytes,    1941688 total
[2020-09-11T12:57:46.970+0000][1][gc,age       ] GC(12) - age   5:     829064 bytes,    2770752 total
[2020-09-11T12:57:46.970+0000][1][gc,age       ] GC(12) - age   6:     445576 bytes,    3216328 total
[2020-09-11T12:57:46.970+0000][1][gc,heap      ] GC(12) ParNew: 74641K->4740K(76672K)
[2020-09-11T12:57:46.970+0000][1][gc,heap      ] GC(12) CMS: 12595K->14095K(2011968K)
[2020-09-11T12:57:46.970+0000][1][gc,metaspace ] GC(12) Metaspace: 22603K->22603K(1071104K)
[2020-09-11T12:57:46.970+0000][1][gc           ] GC(12) Pause Young (Allocation Failure) 85M->18M(2039M) 34.067ms
[2020-09-11T12:57:46.970+0000][1][gc,cpu       ] GC(12) User=0.04s Sys=0.00s Real=0.03s
[2020-09-11T12:57:46.975+0000][1][safepoint    ] Safepoint "GenCollectForAllocation", Time since last: 158864278 ns, Reaching safepoint: 99991 ns, At safepoint: 39208992 ns, Total: 39308983 ns
[2020-09-11T12:57:47.119+0000][1][gc,start     ] GC(13) Pause Young (Allocation Failure)
[2020-09-11T12:57:47.119+0000][1][gc,task      ] GC(13) Using 1 workers of 1 for evacuation
[2020-09-11T12:57:47.153+0000][1][gc,age       ] GC(13) Desired survivor size 4358144 bytes, new threshold 6 (max threshold 6)
[2020-09-11T12:57:47.153+0000][1][gc,age       ] GC(13) Age table with threshold 6 (max threshold 6)
[2020-09-11T12:57:47.153+0000][1][gc,age       ] GC(13) - age   1:    2102216 bytes,    2102216 total
[2020-09-11T12:57:47.153+0000][1][gc,age       ] GC(13) - age   2:     203304 bytes,    2305520 total
[2020-09-11T12:57:47.153+0000][1][gc,age       ] GC(13) - age   3:     545256 bytes,    2850776 total
[2020-09-11T12:57:47.153+0000][1][gc,age       ] GC(13) - age   4:     402816 bytes,    3253592 total
[2020-09-11T12:57:47.153+0000][1][gc,age       ] GC(13) - age   5:     146768 bytes,    3400360 total
[2020-09-11T12:57:47.153+0000][1][gc,age       ] GC(13) - age   6:     829064 bytes,    4229424 total
[2020-09-11T12:57:47.153+0000][1][gc,heap      ] GC(13) ParNew: 72900K->7081K(76672K)
[2020-09-11T12:57:47.153+0000][1][gc,heap      ] GC(13) CMS: 14095K->14534K(2011968K)
[2020-09-11T12:57:47.153+0000][1][gc,metaspace ] GC(13) Metaspace: 22706K->22706K(1071104K)
[2020-09-11T12:57:47.153+0000][1][gc           ] GC(13) Pause Young (Allocation Failure) 84M->21M(2039M) 34.811ms
[2020-09-11T12:57:47.153+0000][1][gc,cpu       ] GC(13) User=0.04s Sys=0.00s Real=0.03s
[2020-09-11T12:57:47.153+0000][1][safepoint    ] Safepoint "GenCollectForAllocation", Time since last: 143688659 ns, Reaching safepoint: 104701 ns, At safepoint: 34870552 ns, Total: 34975253 ns
[2020-09-11T12:57:47.335+0000][1][gc,start     ] GC(14) Pause Young (Allocation Failure)
[2020-09-11T12:57:47.335+0000][1][gc,task      ] GC(14) Using 1 workers of 1 for evacuation
[2020-09-11T12:57:47.352+0000][1][gc,age       ] GC(14) Desired survivor size 4358144 bytes, new threshold 6 (max threshold 6)
[2020-09-11T12:57:47.352+0000][1][gc,age       ] GC(14) Age table with threshold 6 (max threshold 6)
[2020-09-11T12:57:47.352+0000][1][gc,age       ] GC(14) - age   1:    1072672 bytes,    1072672 total
[2020-09-11T12:57:47.352+0000][1][gc,age       ] GC(14) - age   2:     104048 bytes,    1176720 total
[2020-09-11T12:57:47.352+0000][1][gc,age       ] GC(14) - age   3:     203304 bytes,    1380024 total
[2020-09-11T12:57:47.352+0000][1][gc,age       ] GC(14) - age   4:     545256 bytes,    1925280 total
[2020-09-11T12:57:47.352+0000][1][gc,age       ] GC(14) - age   5:     402816 bytes,    2328096 total
[2020-09-11T12:57:47.352+0000][1][gc,age       ] GC(14) - age   6:     146768 bytes,    2474864 total
[2020-09-11T12:57:47.352+0000][1][gc,heap      ] GC(14) ParNew: 75241K->2434K(76672K)
[2020-09-11T12:57:47.352+0000][1][gc,heap      ] GC(14) CMS: 14534K->15349K(2011968K)
[2020-09-11T12:57:47.352+0000][1][gc,metaspace ] GC(14) Metaspace: 22785K->22785K(1071104K)
[2020-09-11T12:57:47.352+0000][1][gc           ] GC(14) Pause Young (Allocation Failure) 87M->17M(2039M) 16.237ms
[2020-09-11T12:57:47.352+0000][1][gc,cpu       ] GC(14) User=0.02s Sys=0.00s Real=0.01s
[2020-09-11T12:57:47.355+0000][1][safepoint    ] Safepoint "GenCollectForAllocation", Time since last: 181882909 ns, Reaching safepoint: 129537 ns, At safepoint: 20011432 ns, Total: 20140969 ns
[2020-09-11T12:57:47.528+0000][1][gc,start     ] GC(15) Pause Young (Allocation Failure)
[2020-09-11T12:57:47.528+0000][1][gc,task      ] GC(15) Using 1 workers of 1 for evacuation
[2020-09-11T12:57:47.546+0000][1][gc,age       ] GC(15) Desired survivor size 4358144 bytes, new threshold 6 (max threshold 6)
[2020-09-11T12:57:47.546+0000][1][gc,age       ] GC(15) Age table with threshold 6 (max threshold 6)
[2020-09-11T12:57:47.546+0000][1][gc,age       ] GC(15) - age   1:     628152 bytes,     628152 total
[2020-09-11T12:57:47.546+0000][1][gc,age       ] GC(15) - age   2:     314312 bytes,     942464 total
[2020-09-11T12:57:47.546+0000][1][gc,age       ] GC(15) - age   3:     104048 bytes,    1046512 total
[2020-09-11T12:57:47.546+0000][1][gc,age       ] GC(15) - age   4:     203304 bytes,    1249816 total
[2020-09-11T12:57:47.546+0000][1][gc,age       ] GC(15) - age   5:     545256 bytes,    1795072 total
[2020-09-11T12:57:47.546+0000][1][gc,age       ] GC(15) - age   6:     402816 bytes,    2197888 total
[2020-09-11T12:57:47.546+0000][1][gc,heap      ] GC(15) ParNew: 70594K->2421K(76672K)
[2020-09-11T12:57:47.546+0000][1][gc,heap      ] GC(15) CMS: 15349K->15498K(2011968K)
[2020-09-11T12:57:47.546+0000][1][gc,metaspace ] GC(15) Metaspace: 22873K->22873K(1071104K)
[2020-09-11T12:57:47.546+0000][1][gc           ] GC(15) Pause Young (Allocation Failure) 83M->17M(2039M) 18.099ms
[2020-09-11T12:57:47.546+0000][1][gc,cpu       ] GC(15) User=0.01s Sys=0.00s Real=0.02s
[2020-09-11T12:57:47.551+0000][1][safepoint    ] Safepoint "GenCollectForAllocation", Time since last: 171994445 ns, Reaching safepoint: 113935 ns, At safepoint: 23884401 ns, Total: 23998336 ns
[2020-09-11T12:57:47.676+0000][1][gc,start     ] GC(16) Pause Young (Allocation Failure)
[2020-09-11T12:57:47.676+0000][1][gc,task      ] GC(16) Using 1 workers of 1 for evacuation
[2020-09-11T12:57:47.700+0000][1][gc,age       ] GC(16) Desired survivor size 4358144 bytes, new threshold 6 (max threshold 6)
[2020-09-11T12:57:47.700+0000][1][gc,age       ] GC(16) Age table with threshold 6 (max threshold 6)
[2020-09-11T12:57:47.700+0000][1][gc,age       ] GC(16) - age   1:    1894512 bytes,    1894512 total
[2020-09-11T12:57:47.700+0000][1][gc,age       ] GC(16) - age   2:     188936 bytes,    2083448 total
[2020-09-11T12:57:47.700+0000][1][gc,age       ] GC(16) - age   3:     314312 bytes,    2397760 total
[2020-09-11T12:57:47.700+0000][1][gc,age       ] GC(16) - age   4:     104048 bytes,    2501808 total
[2020-09-11T12:57:47.700+0000][1][gc,age       ] GC(16) - age   5:     203152 bytes,    2704960 total
[2020-09-11T12:57:47.700+0000][1][gc,age       ] GC(16) - age   6:     545256 bytes,    3250216 total
[2020-09-11T12:57:47.700+0000][1][gc,heap      ] GC(16) ParNew: 70581K->4430K(76672K)
[2020-09-11T12:57:47.700+0000][1][gc,heap      ] GC(16) CMS: 15498K->15896K(2011968K)
[2020-09-11T12:57:47.700+0000][1][gc,metaspace ] GC(16) Metaspace: 22889K->22889K(1071104K)
[2020-09-11T12:57:47.700+0000][1][gc           ] GC(16) Pause Young (Allocation Failure) 84M->19M(2039M) 24.918ms
[2020-09-11T12:57:47.700+0000][1][gc,cpu       ] GC(16) User=0.03s Sys=0.00s Real=0.02s
[2020-09-11T12:57:47.707+0000][1][safepoint    ] Safepoint "GenCollectForAllocation", Time since last: 124011830 ns, Reaching safepoint: 108516 ns, At safepoint: 31890774 ns, Total: 31999290 ns
[2020-09-11T12:57:47.732+0000][1][safepoint    ] Safepoint "Deoptimize", Time since last: 23991529 ns, Reaching safepoint: 102831 ns, At safepoint: 223449 ns, Total: 326280 ns
[2020-09-11T12:57:48.125+0000][1][safepoint    ] Safepoint "RevokeBias", Time since last: 393207720 ns, Reaching safepoint: 257005 ns, At safepoint: 17585 ns, Total: 274590 ns
[2020-09-11T12:57:48.125+0000][1][safepoint    ] Safepoint "RevokeBias", Time since last: 81811 ns, Reaching safepoint: 80122 ns, At safepoint: 9157 ns, Total: 89279 ns
[2020-09-11T12:57:48.480+0000][1][safepoint    ] Safepoint "Deoptimize", Time since last: 354456327 ns, Reaching safepoint: 164014 ns, At safepoint: 208792 ns, Total: 372806 ns
[2020-09-11T12:57:48.504+0000][1][safepoint    ] Safepoint "Deoptimize", Time since last: 23033722 ns, Reaching safepoint: 171393 ns, At safepoint: 212448 ns, Total: 383841 ns
[2020-09-11T12:57:49.444+0000][1][gc,start     ] GC(17) Pause Young (Allocation Failure)
[2020-09-11T12:57:49.444+0000][1][gc,task      ] GC(17) Using 1 workers of 1 for evacuation
[2020-09-11T12:57:49.483+0000][1][gc,age       ] GC(17) Desired survivor size 4358144 bytes, new threshold 1 (max threshold 6)
[2020-09-11T12:57:49.483+0000][1][gc,age       ] GC(17) Age table with threshold 1 (max threshold 6)
[2020-09-11T12:57:49.483+0000][1][gc,age       ] GC(17) - age   1:    7834712 bytes,    7834712 total
[2020-09-11T12:57:49.483+0000][1][gc,age       ] GC(17) - age   2:      74080 bytes,    7908792 total
[2020-09-11T12:57:49.483+0000][1][gc,age       ] GC(17) - age   3:     183944 bytes,    8092736 total
[2020-09-11T12:57:49.483+0000][1][gc,age       ] GC(17) - age   4:     306904 bytes,    8399640 total
[2020-09-11T12:57:49.483+0000][1][gc,age       ] GC(17) - age   5:     100240 bytes,    8499880 total
[2020-09-11T12:57:49.483+0000][1][gc,age       ] GC(17) - age   6:     200040 bytes,    8699920 total
[2020-09-11T12:57:49.483+0000][1][gc,heap      ] GC(17) ParNew: 72590K->8512K(76672K)
[2020-09-11T12:57:49.483+0000][1][gc,heap      ] GC(17) CMS: 15896K->16875K(2011968K)
[2020-09-11T12:57:49.483+0000][1][gc,metaspace ] GC(17) Metaspace: 29709K->29709K(1077248K)
[2020-09-11T12:57:49.483+0000][1][gc           ] GC(17) Pause Young (Allocation Failure) 86M->24M(2039M) 39.615ms
[2020-09-11T12:57:49.483+0000][1][gc,cpu       ] GC(17) User=0.04s Sys=0.00s Real=0.03s
[2020-09-11T12:57:49.491+0000][1][safepoint    ] Safepoint "GenCollectForAllocation", Time since last: 939780599 ns, Reaching safepoint: 275431 ns, At safepoint: 47714902 ns, Total: 47990333 ns
[2020-09-11T12:57:50.500+0000][1][safepoint    ] Safepoint "Cleanup", Time since last: 1008046442 ns, Reaching safepoint: 145579 ns, At safepoint: 7288 ns, Total: 152867 ns
[2020-09-11T12:57:50.804+0000][1][gc,start     ] GC(18) Pause Young (Allocation Failure)
[2020-09-11T12:57:50.804+0000][1][gc,task      ] GC(18) Using 1 workers of 1 for evacuation
[2020-09-11T12:57:50.857+0000][1][gc,age       ] GC(18) Desired survivor size 4358144 bytes, new threshold 1 (max threshold 6)
[2020-09-11T12:57:50.857+0000][1][gc,age       ] GC(18) Age table with threshold 1 (max threshold 6)
[2020-09-11T12:57:50.857+0000][1][gc,age       ] GC(18) - age   1:    8205264 bytes,    8205264 total
[2020-09-11T12:57:50.857+0000][1][gc,heap      ] GC(18) ParNew: 76672K->8512K(76672K)
[2020-09-11T12:57:50.857+0000][1][gc,heap      ] GC(18) CMS: 16875K->25585K(2011968K)
[2020-09-11T12:57:50.857+0000][1][gc,metaspace ] GC(18) Metaspace: 29858K->29858K(1077248K)
[2020-09-11T12:57:50.857+0000][1][gc           ] GC(18) Pause Young (Allocation Failure) 91M->33M(2039M) 53.391ms
[2020-09-11T12:57:50.857+0000][1][gc,cpu       ] GC(18) User=0.05s Sys=0.00s Real=0.05s
[2020-09-11T12:57:50.863+0000][1][safepoint    ] Safepoint "GenCollectForAllocation", Time since last: 303798097 ns, Reaching safepoint: 113003 ns, At safepoint: 59890548 ns, Total: 60003551 ns
[2020-09-11T12:57:51.827+0000][1][gc,start     ] GC(19) Pause Young (Allocation Failure)
[2020-09-11T12:57:51.827+0000][1][gc,task      ] GC(19) Using 1 workers of 1 for evacuation
[2020-09-11T12:57:51.924+0000][1][gc,age       ] GC(19) Desired survivor size 4358144 bytes, new threshold 1 (max threshold 6)
[2020-09-11T12:57:51.924+0000][1][gc,age       ] GC(19) Age table with threshold 1 (max threshold 6)
[2020-09-11T12:57:51.924+0000][1][gc,age       ] GC(19) - age   1:    8716112 bytes,    8716112 total
[2020-09-11T12:57:51.924+0000][1][gc,heap      ] GC(19) ParNew: 76672K->8512K(76672K)
[2020-09-11T12:57:51.924+0000][1][gc,heap      ] GC(19) CMS: 25585K->33713K(2011968K)
[2020-09-11T12:57:51.924+0000][1][gc,metaspace ] GC(19) Metaspace: 29897K->29897K(1077248K)
[2020-09-11T12:57:51.924+0000][1][gc           ] GC(19) Pause Young (Allocation Failure) 99M->41M(2039M) 97.124ms
[2020-09-11T12:57:51.924+0000][1][gc,cpu       ] GC(19) User=0.09s Sys=0.00s Real=0.10s
[2020-09-11T12:57:51.924+0000][1][safepoint    ] Safepoint "GenCollectForAllocation", Time since last: 962965790 ns, Reaching safepoint: 109137 ns, At safepoint: 97206892 ns, Total: 97316029 ns
[2020-09-11T12:57:52.279+0000][1][safepoint    ] Safepoint "RevokeBias", Time since last: 355287060 ns, Reaching safepoint: 115086 ns, At safepoint: 35580 ns, Total: 150666 ns
[2020-09-11T12:57:52.785+0000][1][gc,start     ] GC(20) Pause Young (Allocation Failure)
[2020-09-11T12:57:52.786+0000][1][gc,task      ] GC(20) Using 1 workers of 1 for evacuation
[2020-09-11T12:57:52.825+0000][1][gc,age       ] GC(20) Desired survivor size 4358144 bytes, new threshold 6 (max threshold 6)
[2020-09-11T12:57:52.825+0000][1][gc,age       ] GC(20) Age table with threshold 6 (max threshold 6)
[2020-09-11T12:57:52.825+0000][1][gc,age       ] GC(20) - age   1:    3719040 bytes,    3719040 total
[2020-09-11T12:57:52.825+0000][1][gc,heap      ] GC(20) ParNew: 76672K->8330K(76672K)
[2020-09-11T12:57:52.825+0000][1][gc,heap      ] GC(20) CMS: 33713K->42046K(2011968K)
[2020-09-11T12:57:52.825+0000][1][gc,metaspace ] GC(20) Metaspace: 32127K->32127K(1079296K)
[2020-09-11T12:57:52.825+0000][1][gc           ] GC(20) Pause Young (Allocation Failure) 107M->49M(2039M) 39.321ms
[2020-09-11T12:57:52.825+0000][1][gc,cpu       ] GC(20) User=0.04s Sys=0.00s Real=0.04s
[2020-09-11T12:57:52.830+0000][1][safepoint    ] Safepoint "GenCollectForAllocation", Time since last: 506149708 ns, Reaching safepoint: 193845 ns, At safepoint: 44207267 ns, Total: 44401112 ns
[2020-09-11T12:57:52.932+0000][1][safepoint    ] Safepoint "Deoptimize", Time since last: 102023734 ns, Reaching safepoint: 115818 ns, At safepoint: 265295 ns, Total: 381113 ns
[2020-09-11T12:57:53.554+0000][1][safepoint    ] Safepoint "RevokeBias", Time since last: 621482749 ns, Reaching safepoint: 139767 ns, At safepoint: 22391 ns, Total: 162158 ns
[2020-09-11T12:57:53.560+0000][1][safepoint    ] Safepoint "Deoptimize", Time since last: 5971292 ns, Reaching safepoint: 101371 ns, At safepoint: 293360 ns, Total: 394731 ns
[2020-09-11T12:57:53.809+0000][1][gc,start     ] GC(21) Pause Young (Allocation Failure)
[2020-09-11T12:57:53.809+0000][1][gc,task      ] GC(21) Using 1 workers of 1 for evacuation
[2020-09-11T12:57:53.846+0000][1][gc,age       ] GC(21) Desired survivor size 4358144 bytes, new threshold 2 (max threshold 6)
[2020-09-11T12:57:53.846+0000][1][gc,age       ] GC(21) Age table with threshold 2 (max threshold 6)
[2020-09-11T12:57:53.846+0000][1][gc,age       ] GC(21) - age   1:    1069136 bytes,    1069136 total
[2020-09-11T12:57:53.846+0000][1][gc,age       ] GC(21) - age   2:    3625672 bytes,    4694808 total
[2020-09-11T12:57:53.846+0000][1][gc,heap      ] GC(21) ParNew: 76490K->6889K(76672K)
[2020-09-11T12:57:53.846+0000][1][gc,heap      ] GC(21) CMS: 42046K->42046K(2011968K)
[2020-09-11T12:57:53.846+0000][1][gc,metaspace ] GC(21) Metaspace: 32429K->32429K(1079296K)
[2020-09-11T12:57:53.846+0000][1][gc           ] GC(21) Pause Young (Allocation Failure) 115M->47M(2039M) 36.914ms
[2020-09-11T12:57:53.846+0000][1][gc,cpu       ] GC(21) User=0.04s Sys=0.00s Real=0.04s
[2020-09-11T12:57:53.847+0000][1][safepoint    ] Safepoint "GenCollectForAllocation", Time since last: 248923211 ns, Reaching safepoint: 109415 ns, At safepoint: 38281834 ns, Total: 38391249 ns
[2020-09-11T12:57:54.148+0000][1][gc,start     ] GC(22) Pause Young (Allocation Failure)
[2020-09-11T12:57:54.148+0000][1][gc,task      ] GC(22) Using 1 workers of 1 for evacuation
[2020-09-11T12:57:54.172+0000][1][gc,age       ] GC(22) Desired survivor size 4358144 bytes, new threshold 6 (max threshold 6)
[2020-09-11T12:57:54.172+0000][1][gc,age       ] GC(22) Age table with threshold 6 (max threshold 6)
[2020-09-11T12:57:54.172+0000][1][gc,age       ] GC(22) - age   1:     249648 bytes,     249648 total
[2020-09-11T12:57:54.172+0000][1][gc,age       ] GC(22) - age   2:     437800 bytes,     687448 total
[2020-09-11T12:57:54.172+0000][1][gc,heap      ] GC(22) ParNew: 75049K->4299K(76672K)
[2020-09-11T12:57:54.172+0000][1][gc,heap      ] GC(22) CMS: 42046K->45604K(2011968K)
[2020-09-11T12:57:54.172+0000][1][gc,metaspace ] GC(22) Metaspace: 32442K->32442K(1079296K)
[2020-09-11T12:57:54.172+0000][1][gc           ] GC(22) Pause Young (Allocation Failure) 114M->48M(2039M) 24.011ms
[2020-09-11T12:57:54.172+0000][1][gc,cpu       ] GC(22) User=0.03s Sys=0.00s Real=0.02s
[2020-09-11T12:57:54.175+0000][1][safepoint    ] Safepoint "GenCollectForAllocation", Time since last: 300082301 ns, Reaching safepoint: 113399 ns, At safepoint: 27807363 ns, Total: 27920762 ns
[2020-09-11T12:57:54.352+0000][1][gc,start     ] GC(23) Pause Young (Allocation Failure)
[2020-09-11T12:57:54.352+0000][1][gc,task      ] GC(23) Using 1 workers of 1 for evacuation
[2020-09-11T12:57:54.375+0000][1][gc,age       ] GC(23) Desired survivor size 4358144 bytes, new threshold 6 (max threshold 6)
[2020-09-11T12:57:54.375+0000][1][gc,age       ] GC(23) Age table with threshold 6 (max threshold 6)
[2020-09-11T12:57:54.375+0000][1][gc,age       ] GC(23) - age   1:        240 bytes,        240 total
[2020-09-11T12:57:54.375+0000][1][gc,age       ] GC(23) - age   2:     249432 bytes,     249672 total
[2020-09-11T12:57:54.375+0000][1][gc,age       ] GC(23) - age   3:     437800 bytes,     687472 total
[2020-09-11T12:57:54.375+0000][1][gc,heap      ] GC(23) ParNew: 72459K->1200K(76672K)
[2020-09-11T12:57:54.375+0000][1][gc,heap      ] GC(23) CMS: 45604K->45604K(2011968K)
[2020-09-11T12:57:54.375+0000][1][gc,metaspace ] GC(23) Metaspace: 32443K->32443K(1079296K)
[2020-09-11T12:57:54.375+0000][1][gc           ] GC(23) Pause Young (Allocation Failure) 115M->45M(2039M) 22.871ms
[2020-09-11T12:57:54.375+0000][1][gc,cpu       ] GC(23) User=0.02s Sys=0.00s Real=0.02s
[2020-09-11T12:57:54.378+0000][1][safepoint    ] Safepoint "GenCollectForAllocation", Time since last: 176799281 ns, Reaching safepoint: 102365 ns, At safepoint: 25573178 ns, Total: 25675543 ns
[2020-09-11T12:57:54.488+0000][1][gc,start     ] GC(24) Pause Young (Allocation Failure)
[2020-09-11T12:57:54.488+0000][1][gc,task      ] GC(24) Using 1 workers of 1 for evacuation
[2020-09-11T12:57:54.507+0000][1][gc,age       ] GC(24) Desired survivor size 4358144 bytes, new threshold 6 (max threshold 6)
[2020-09-11T12:57:54.507+0000][1][gc,age       ] GC(24) Age table with threshold 6 (max threshold 6)
[2020-09-11T12:57:54.507+0000][1][gc,age       ] GC(24) - age   1:         88 bytes,         88 total
[2020-09-11T12:57:54.507+0000][1][gc,age       ] GC(24) - age   3:     249432 bytes,     249520 total
[2020-09-11T12:57:54.507+0000][1][gc,age       ] GC(24) - age   4:     437800 bytes,     687320 total
[2020-09-11T12:57:54.507+0000][1][gc,heap      ] GC(24) ParNew: 69360K->1103K(76672K)
[2020-09-11T12:57:54.507+0000][1][gc,heap      ] GC(24) CMS: 45604K->45604K(2011968K)
[2020-09-11T12:57:54.507+0000][1][gc,metaspace ] GC(24) Metaspace: 32445K->32445K(1079296K)
[2020-09-11T12:57:54.507+0000][1][gc           ] GC(24) Pause Young (Allocation Failure) 112M->45M(2039M) 19.469ms
[2020-09-11T12:57:54.507+0000][1][gc,cpu       ] GC(24) User=0.02s Sys=0.00s Real=0.02s
[2020-09-11T12:57:54.511+0000][1][safepoint    ] Safepoint "GenCollectForAllocation", Time since last: 109507691 ns, Reaching safepoint: 99619 ns, At safepoint: 23908936 ns, Total: 24008555 ns
[2020-09-11T12:57:54.612+0000][1][gc,start     ] GC(25) Pause Young (Allocation Failure)
[2020-09-11T12:57:54.612+0000][1][gc,task      ] GC(25) Using 1 workers of 1 for evacuation
[2020-09-11T12:57:54.624+0000][1][gc,age       ] GC(25) Desired survivor size 4358144 bytes, new threshold 6 (max threshold 6)
[2020-09-11T12:57:54.624+0000][1][gc,age       ] GC(25) Age table with threshold 6 (max threshold 6)
[2020-09-11T12:57:54.624+0000][1][gc,age       ] GC(25) - age   1:        216 bytes,        216 total
[2020-09-11T12:57:54.624+0000][1][gc,age       ] GC(25) - age   4:     249432 bytes,     249648 total
[2020-09-11T12:57:54.624+0000][1][gc,age       ] GC(25) - age   5:     437800 bytes,     687448 total
[2020-09-11T12:57:54.624+0000][1][gc,heap      ] GC(25) ParNew: 69263K->1282K(76672K)
[2020-09-11T12:57:54.624+0000][1][gc,heap      ] GC(25) CMS: 45604K->45604K(2011968K)
[2020-09-11T12:57:54.624+0000][1][gc,metaspace ] GC(25) Metaspace: 32445K->32445K(1079296K)
[2020-09-11T12:57:54.624+0000][1][gc           ] GC(25) Pause Young (Allocation Failure) 112M->45M(2039M) 12.151ms
[2020-09-11T12:57:54.624+0000][1][gc,cpu       ] GC(25) User=0.01s Sys=0.00s Real=0.02s
[2020-09-11T12:57:54.627+0000][1][safepoint    ] Safepoint "GenCollectForAllocation", Time since last: 100389378 ns, Reaching safepoint: 101731 ns, At safepoint: 15525986 ns, Total: 15627717 ns
[2020-09-11T12:57:54.724+0000][1][gc,start     ] GC(26) Pause Young (Allocation Failure)
[2020-09-11T12:57:54.724+0000][1][gc,task      ] GC(26) Using 1 workers of 1 for evacuation
[2020-09-11T12:57:54.739+0000][1][gc,age       ] GC(26) Desired survivor size 4358144 bytes, new threshold 6 (max threshold 6)
[2020-09-11T12:57:54.739+0000][1][gc,age       ] GC(26) Age table with threshold 6 (max threshold 6)
[2020-09-11T12:57:54.739+0000][1][gc,age       ] GC(26) - age   1:         88 bytes,         88 total
[2020-09-11T12:57:54.739+0000][1][gc,age       ] GC(26) - age   5:     249432 bytes,     249520 total
[2020-09-11T12:57:54.739+0000][1][gc,age       ] GC(26) - age   6:     437800 bytes,     687320 total
[2020-09-11T12:57:54.739+0000][1][gc,heap      ] GC(26) ParNew: 69442K->824K(76672K)
[2020-09-11T12:57:54.739+0000][1][gc,heap      ] GC(26) CMS: 45604K->45604K(2011968K)
[2020-09-11T12:57:54.739+0000][1][gc,metaspace ] GC(26) Metaspace: 32445K->32445K(1079296K)
[2020-09-11T12:57:54.739+0000][1][gc           ] GC(26) Pause Young (Allocation Failure) 112M->45M(2039M) 15.577ms
[2020-09-11T12:57:54.739+0000][1][gc,cpu       ] GC(26) User=0.01s Sys=0.00s Real=0.01s
[2020-09-11T12:57:54.747+0000][1][safepoint    ] Safepoint "GenCollectForAllocation", Time since last: 95997730 ns, Reaching safepoint: 98697 ns, At safepoint: 23928304 ns, Total: 24027001 ns
[2020-09-11T12:57:54.844+0000][1][gc,start     ] GC(27) Pause Young (Allocation Failure)
[2020-09-11T12:57:54.844+0000][1][gc,task      ] GC(27) Using 1 workers of 1 for evacuation
[2020-09-11T12:57:54.869+0000][1][gc,age       ] GC(27) Desired survivor size 4358144 bytes, new threshold 6 (max threshold 6)
[2020-09-11T12:57:54.869+0000][1][gc,age       ] GC(27) Age table with threshold 6 (max threshold 6)
[2020-09-11T12:57:54.869+0000][1][gc,age       ] GC(27) - age   1:        232 bytes,        232 total
[2020-09-11T12:57:54.869+0000][1][gc,age       ] GC(27) - age   6:     249432 bytes,     249664 total
[2020-09-11T12:57:54.869+0000][1][gc,heap      ] GC(27) ParNew: 68984K->606K(76672K)
[2020-09-11T12:57:54.869+0000][1][gc,heap      ] GC(27) CMS: 45604K->46032K(2011968K)
[2020-09-11T12:57:54.869+0000][1][gc,metaspace ] GC(27) Metaspace: 32445K->32445K(1079296K)
[2020-09-11T12:57:54.869+0000][1][gc           ] GC(27) Pause Young (Allocation Failure) 111M->45M(2039M) 25.280ms
[2020-09-11T12:57:54.869+0000][1][gc,cpu       ] GC(27) User=0.02s Sys=0.00s Real=0.02s
[2020-09-11T12:57:54.869+0000][1][safepoint    ] Safepoint "GenCollectForAllocation", Time since last: 95979815 ns, Reaching safepoint: 102937 ns, At safepoint: 25342818 ns, Total: 25445755 ns
[2020-09-11T12:57:54.964+0000][1][gc,start     ] GC(28) Pause Young (Allocation Failure)
[2020-09-11T12:57:54.964+0000][1][gc,task      ] GC(28) Using 1 workers of 1 for evacuation
[2020-09-11T12:57:54.980+0000][1][gc,age       ] GC(28) Desired survivor size 4358144 bytes, new threshold 6 (max threshold 6)
[2020-09-11T12:57:54.980+0000][1][gc,age       ] GC(28) Age table with threshold 6 (max threshold 6)
[2020-09-11T12:57:54.980+0000][1][gc,age       ] GC(28) - age   1:         88 bytes,         88 total
[2020-09-11T12:57:54.980+0000][1][gc,heap      ] GC(28) ParNew: 68766K->243K(76672K)
[2020-09-11T12:57:54.980+0000][1][gc,heap      ] GC(28) CMS: 46032K->46275K(2011968K)
[2020-09-11T12:57:54.980+0000][1][gc,metaspace ] GC(28) Metaspace: 32445K->32445K(1079296K)
[2020-09-11T12:57:54.980+0000][1][gc           ] GC(28) Pause Young (Allocation Failure) 112M->45M(2039M) 16.596ms
[2020-09-11T12:57:54.980+0000][1][gc,cpu       ] GC(28) User=0.01s Sys=0.00s Real=0.01s
[2020-09-11T12:57:54.983+0000][1][safepoint    ] Safepoint "GenCollectForAllocation", Time since last: 94623932 ns, Reaching safepoint: 102492 ns, At safepoint: 19813194 ns, Total: 19915686 ns
[2020-09-11T12:57:55.036+0000][1][gc,start     ] GC(29) Pause Young (Allocation Failure)
[2020-09-11T12:57:55.036+0000][1][gc,task      ] GC(29) Using 1 workers of 1 for evacuation
[2020-09-11T12:57:55.050+0000][1][gc,age       ] GC(29) Desired survivor size 4358144 bytes, new threshold 6 (max threshold 6)
[2020-09-11T12:57:55.050+0000][1][gc,age       ] GC(29) Age table with threshold 6 (max threshold 6)
[2020-09-11T12:57:55.050+0000][1][gc,age       ] GC(29) - age   1:        232 bytes,        232 total
[2020-09-11T12:57:55.050+0000][1][gc,heap      ] GC(29) ParNew: 68403K->60K(76672K)
[2020-09-11T12:57:55.050+0000][1][gc,heap      ] GC(29) CMS: 46275K->46275K(2011968K)
[2020-09-11T12:57:55.050+0000][1][gc,metaspace ] GC(29) Metaspace: 32445K->32445K(1079296K)
[2020-09-11T12:57:55.050+0000][1][gc           ] GC(29) Pause Young (Allocation Failure) 111M->45M(2039M) 13.430ms
[2020-09-11T12:57:55.050+0000][1][gc,cpu       ] GC(29) User=0.01s Sys=0.00s Real=0.01s
[2020-09-11T12:57:55.050+0000][1][safepoint    ] Safepoint "GenCollectForAllocation", Time since last: 52613844 ns, Reaching safepoint: 147878 ns, At safepoint: 13491346 ns, Total: 13639224 ns
[2020-09-11T12:57:55.097+0000][1][gc,start     ] GC(30) Pause Young (Allocation Failure)
[2020-09-11T12:57:55.097+0000][1][gc,task      ] GC(30) Using 1 workers of 1 for evacuation
[2020-09-11T12:57:55.112+0000][1][gc,age       ] GC(30) Desired survivor size 4358144 bytes, new threshold 6 (max threshold 6)
[2020-09-11T12:57:55.112+0000][1][gc,age       ] GC(30) Age table with threshold 6 (max threshold 6)
[2020-09-11T12:57:55.112+0000][1][gc,age       ] GC(30) - age   1:         24 bytes,         24 total
[2020-09-11T12:57:55.112+0000][1][gc,heap      ] GC(30) ParNew: 68220K->15K(76672K)
[2020-09-11T12:57:55.112+0000][1][gc,heap      ] GC(30) CMS: 46275K->46275K(2011968K)
[2020-09-11T12:57:55.112+0000][1][gc,metaspace ] GC(30) Metaspace: 32445K->32445K(1079296K)
[2020-09-11T12:57:55.112+0000][1][gc           ] GC(30) Pause Young (Allocation Failure) 111M->45M(2039M) 14.707ms
[2020-09-11T12:57:55.112+0000][1][gc,cpu       ] GC(30) User=0.01s Sys=0.00s Real=0.01s
[2020-09-11T12:57:55.112+0000][1][safepoint    ] Safepoint "GenCollectForAllocation", Time since last: 47556427 ns, Reaching safepoint: 150670 ns, At safepoint: 14768426 ns, Total: 14919096 ns
[2020-09-11T12:57:55.159+0000][1][gc,start     ] GC(31) Pause Young (Allocation Failure)
[2020-09-11T12:57:55.159+0000][1][gc,task      ] GC(31) Using 1 workers of 1 for evacuation
[2020-09-11T12:57:55.173+0000][1][gc,age       ] GC(31) Desired survivor size 4358144 bytes, new threshold 6 (max threshold 6)
[2020-09-11T12:57:55.173+0000][1][gc,age       ] GC(31) Age table with threshold 6 (max threshold 6)
[2020-09-11T12:57:55.173+0000][1][gc,age       ] GC(31) - age   1:        200 bytes,        200 total
[2020-09-11T12:57:55.173+0000][1][gc,heap      ] GC(31) ParNew: 68175K->3K(76672K)
[2020-09-11T12:57:55.173+0000][1][gc,heap      ] GC(31) CMS: 46275K->46275K(2011968K)
[2020-09-11T12:57:55.173+0000][1][gc,metaspace ] GC(31) Metaspace: 32445K->32445K(1079296K)
[2020-09-11T12:57:55.173+0000][1][gc           ] GC(31) Pause Young (Allocation Failure) 111M->45M(2039M) 13.409ms
[2020-09-11T12:57:55.173+0000][1][gc,cpu       ] GC(31) User=0.01s Sys=0.00s Real=0.01s
[2020-09-11T12:57:55.173+0000][1][safepoint    ] Safepoint "GenCollectForAllocation", Time since last: 46953670 ns, Reaching safepoint: 143701 ns, At safepoint: 13469149 ns, Total: 13612850 ns
[2020-09-11T12:57:55.222+0000][1][gc,start     ] GC(32) Pause Young (Allocation Failure)
[2020-09-11T12:57:55.223+0000][1][gc,task      ] GC(32) Using 1 workers of 1 for evacuation
[2020-09-11T12:57:55.236+0000][1][gc,age       ] GC(32) Desired survivor size 4358144 bytes, new threshold 6 (max threshold 6)
[2020-09-11T12:57:55.236+0000][1][gc,age       ] GC(32) Age table with threshold 6 (max threshold 6)
[2020-09-11T12:57:55.236+0000][1][gc,age       ] GC(32) - age   1:         96 bytes,         96 total
[2020-09-11T12:57:55.236+0000][1][gc,heap      ] GC(32) ParNew: 68163K->2K(76672K)
[2020-09-11T12:57:55.236+0000][1][gc,heap      ] GC(32) CMS: 46275K->46275K(2011968K)
[2020-09-11T12:57:55.236+0000][1][gc,metaspace ] GC(32) Metaspace: 32445K->32445K(1079296K)
[2020-09-11T12:57:55.236+0000][1][gc           ] GC(32) Pause Young (Allocation Failure) 111M->45M(2039M) 13.332ms
[2020-09-11T12:57:55.236+0000][1][gc,cpu       ] GC(32) User=0.02s Sys=0.00s Real=0.02s
[2020-09-11T12:57:55.236+0000][1][safepoint    ] Safepoint "GenCollectForAllocation", Time since last: 49586663 ns, Reaching safepoint: 148955 ns, At safepoint: 13389693 ns, Total: 13538648 ns
[2020-09-11T12:57:55.285+0000][1][gc,start     ] GC(33) Pause Young (Allocation Failure)
[2020-09-11T12:57:55.285+0000][1][gc,task      ] GC(33) Using 1 workers of 1 for evacuation
[2020-09-11T12:57:55.298+0000][1][gc,age       ] GC(33) Desired survivor size 4358144 bytes, new threshold 6 (max threshold 6)
[2020-09-11T12:57:55.298+0000][1][gc,age       ] GC(33) Age table with threshold 6 (max threshold 6)
[2020-09-11T12:57:55.298+0000][1][gc,age       ] GC(33) - age   1:        160 bytes,        160 total
[2020-09-11T12:57:55.298+0000][1][gc,heap      ] GC(33) ParNew: 68162K->2K(76672K)
[2020-09-11T12:57:55.298+0000][1][gc,heap      ] GC(33) CMS: 46275K->46275K(2011968K)
[2020-09-11T12:57:55.298+0000][1][gc,metaspace ] GC(33) Metaspace: 32445K->32445K(1079296K)
[2020-09-11T12:57:55.298+0000][1][gc           ] GC(33) Pause Young (Allocation Failure) 111M->45M(2039M) 13.409ms
[2020-09-11T12:57:55.298+0000][1][gc,cpu       ] GC(33) User=0.01s Sys=0.00s Real=0.01s
[2020-09-11T12:57:55.298+0000][1][safepoint    ] Safepoint "GenCollectForAllocation", Time since last: 48825112 ns, Reaching safepoint: 153684 ns, At safepoint: 13471610 ns, Total: 13625294 ns
[2020-09-11T12:57:56.304+0000][1][safepoint    ] Safepoint "Cleanup", Time since last: 1005194015 ns, Reaching safepoint: 121030 ns, At safepoint: 6025 ns, Total: 127055 ns
[2020-09-11T12:57:56.424+0000][1][gc,start     ] GC(34) Pause Young (Allocation Failure)
[2020-09-11T12:57:56.424+0000][1][gc,task      ] GC(34) Using 1 workers of 1 for evacuation
[2020-09-11T12:57:56.446+0000][1][gc,age       ] GC(34) Desired survivor size 4358144 bytes, new threshold 6 (max threshold 6)
[2020-09-11T12:57:56.446+0000][1][gc,age       ] GC(34) Age table with threshold 6 (max threshold 6)
[2020-09-11T12:57:56.446+0000][1][gc,age       ] GC(34) - age   1:     277648 bytes,     277648 total
[2020-09-11T12:57:56.446+0000][1][gc,heap      ] GC(34) ParNew: 68162K->272K(76672K)
[2020-09-11T12:57:56.446+0000][1][gc,heap      ] GC(34) CMS: 46275K->46275K(2011968K)
[2020-09-11T12:57:56.446+0000][1][gc,metaspace ] GC(34) Metaspace: 32465K->32465K(1079296K)
[2020-09-11T12:57:56.446+0000][1][gc           ] GC(34) Pause Young (Allocation Failure) 111M->45M(2039M) 22.919ms
[2020-09-11T12:57:56.446+0000][1][gc,cpu       ] GC(34) User=0.02s Sys=0.00s Real=0.02s
[2020-09-11T12:57:56.451+0000][1][safepoint    ] Safepoint "GenCollectForAllocation", Time since last: 119801302 ns, Reaching safepoint: 107132 ns, At safepoint: 27909434 ns, Total: 28016566 ns
[2020-09-11T12:57:56.949+0000][1][gc,start     ] GC(35) Pause Young (Allocation Failure)
[2020-09-11T12:57:56.949+0000][1][gc,task      ] GC(35) Using 1 workers of 1 for evacuation
[2020-09-11T12:57:56.967+0000][1][gc,age       ] GC(35) Desired survivor size 4358144 bytes, new threshold 6 (max threshold 6)
[2020-09-11T12:57:56.967+0000][1][gc,age       ] GC(35) Age table with threshold 6 (max threshold 6)
[2020-09-11T12:57:56.967+0000][1][gc,age       ] GC(35) - age   1:     510720 bytes,     510720 total
[2020-09-11T12:57:56.967+0000][1][gc,age       ] GC(35) - age   2:     184032 bytes,     694752 total
[2020-09-11T12:57:56.967+0000][1][gc,heap      ] GC(35) ParNew: 68432K->681K(76672K)
[2020-09-11T12:57:56.967+0000][1][gc,heap      ] GC(35) CMS: 46275K->46275K(2011968K)
[2020-09-11T12:57:56.967+0000][1][gc,metaspace ] GC(35) Metaspace: 32466K->32466K(1079296K)
[2020-09-11T12:57:56.967+0000][1][gc           ] GC(35) Pause Young (Allocation Failure) 112M->45M(2039M) 18.416ms
[2020-09-11T12:57:56.967+0000][1][gc,cpu       ] GC(35) User=0.02s Sys=0.00s Real=0.02s
[2020-09-11T12:57:56.971+0000][1][safepoint    ] Safepoint "GenCollectForAllocation", Time since last: 497028148 ns, Reaching safepoint: 95150 ns, At safepoint: 22900433 ns, Total: 22995583 ns
[2020-09-11T12:57:57.266+0000][1][gc,start     ] GC(36) Pause Young (Allocation Failure)
[2020-09-11T12:57:57.266+0000][1][gc,task      ] GC(36) Using 1 workers of 1 for evacuation
[2020-09-11T12:57:57.280+0000][1][gc,age       ] GC(36) Desired survivor size 4358144 bytes, new threshold 6 (max threshold 6)
[2020-09-11T12:57:57.280+0000][1][gc,age       ] GC(36) Age table with threshold 6 (max threshold 6)
[2020-09-11T12:57:57.280+0000][1][gc,age       ] GC(36) - age   1:     642384 bytes,     642384 total
[2020-09-11T12:57:57.280+0000][1][gc,age       ] GC(36) - age   2:     339936 bytes,     982320 total
[2020-09-11T12:57:57.280+0000][1][gc,age       ] GC(36) - age   3:     183312 bytes,    1165632 total
[2020-09-11T12:57:57.280+0000][1][gc,heap      ] GC(36) ParNew: 68841K->1169K(76672K)
[2020-09-11T12:57:57.280+0000][1][gc,heap      ] GC(36) CMS: 46275K->46275K(2011968K)
[2020-09-11T12:57:57.280+0000][1][gc,metaspace ] GC(36) Metaspace: 32466K->32466K(1079296K)
[2020-09-11T12:57:57.280+0000][1][gc           ] GC(36) Pause Young (Allocation Failure) 112M->46M(2039M) 13.817ms
[2020-09-11T12:57:57.280+0000][1][gc,cpu       ] GC(36) User=0.02s Sys=0.00s Real=0.01s
[2020-09-11T12:57:57.283+0000][1][safepoint    ] Safepoint "GenCollectForAllocation", Time since last: 294786083 ns, Reaching safepoint: 138603 ns, At safepoint: 17039935 ns, Total: 17178538 ns
[2020-09-11T12:57:57.558+0000][1][gc,start     ] GC(37) Pause Young (Allocation Failure)
[2020-09-11T12:57:57.558+0000][1][gc,task      ] GC(37) Using 1 workers of 1 for evacuation
[2020-09-11T12:57:57.571+0000][1][gc,age       ] GC(37) Desired survivor size 4358144 bytes, new threshold 6 (max threshold 6)
[2020-09-11T12:57:57.571+0000][1][gc,age       ] GC(37) Age table with threshold 6 (max threshold 6)
[2020-09-11T12:57:57.571+0000][1][gc,age       ] GC(37) - age   1:     621128 bytes,     621128 total
[2020-09-11T12:57:57.571+0000][1][gc,age       ] GC(37) - age   2:     301488 bytes,     922616 total
[2020-09-11T12:57:57.571+0000][1][gc,age       ] GC(37) - age   3:     339752 bytes,    1262368 total
[2020-09-11T12:57:57.572+0000][1][gc,age       ] GC(37) - age   4:     183008 bytes,    1445376 total
[2020-09-11T12:57:57.572+0000][1][gc,heap      ] GC(37) ParNew: 69329K->1423K(76672K)
[2020-09-11T12:57:57.572+0000][1][gc,heap      ] GC(37) CMS: 46275K->46275K(2011968K)
[2020-09-11T12:57:57.572+0000][1][gc,metaspace ] GC(37) Metaspace: 32467K->32467K(1079296K)
[2020-09-11T12:57:57.572+0000][1][gc           ] GC(37) Pause Young (Allocation Failure) 112M->46M(2039M) 13.628ms
[2020-09-11T12:57:57.572+0000][1][gc,cpu       ] GC(37) User=0.01s Sys=0.00s Real=0.01s
[2020-09-11T12:57:57.575+0000][1][safepoint    ] Safepoint "GenCollectForAllocation", Time since last: 274381738 ns, Reaching safepoint: 144096 ns, At safepoint: 17042481 ns, Total: 17186577 ns
[2020-09-11T12:57:57.791+0000][1][gc,start     ] GC(38) Pause Young (Allocation Failure)
[2020-09-11T12:57:57.791+0000][1][gc,task      ] GC(38) Using 1 workers of 1 for evacuation
[2020-09-11T12:57:57.807+0000][1][gc,age       ] GC(38) Desired survivor size 4358144 bytes, new threshold 6 (max threshold 6)
[2020-09-11T12:57:57.807+0000][1][gc,age       ] GC(38) Age table with threshold 6 (max threshold 6)
[2020-09-11T12:57:57.807+0000][1][gc,age       ] GC(38) - age   1:     969192 bytes,     969192 total
[2020-09-11T12:57:57.807+0000][1][gc,age       ] GC(38) - age   2:     264832 bytes,    1234024 total
[2020-09-11T12:57:57.807+0000][1][gc,age       ] GC(38) - age   3:     297464 bytes,    1531488 total
[2020-09-11T12:57:57.807+0000][1][gc,age       ] GC(38) - age   4:     339672 bytes,    1871160 total
[2020-09-11T12:57:57.807+0000][1][gc,age       ] GC(38) - age   5:     182904 bytes,    2054064 total
[2020-09-11T12:57:57.807+0000][1][gc,heap      ] GC(38) ParNew: 69583K->2068K(76672K)
[2020-09-11T12:57:57.807+0000][1][gc,heap      ] GC(38) CMS: 46275K->46275K(2011968K)
[2020-09-11T12:57:57.807+0000][1][gc,metaspace ] GC(38) Metaspace: 32467K->32467K(1079296K)
[2020-09-11T12:57:57.807+0000][1][gc           ] GC(38) Pause Young (Allocation Failure) 113M->47M(2039M) 16.029ms
[2020-09-11T12:57:57.807+0000][1][gc,cpu       ] GC(38) User=0.02s Sys=0.00s Real=0.02s
[2020-09-11T12:57:57.808+0000][1][safepoint    ] Safepoint "GenCollectForAllocation", Time since last: 216299933 ns, Reaching safepoint: 113468 ns, At safepoint: 17100178 ns, Total: 17213646 ns
[2020-09-11T12:57:57.914+0000][1][gc,start     ] GC(39) Pause Young (Allocation Failure)
[2020-09-11T12:57:57.914+0000][1][gc,task      ] GC(39) Using 1 workers of 1 for evacuation
[2020-09-11T12:57:57.927+0000][1][gc,age       ] GC(39) Desired survivor size 4358144 bytes, new threshold 6 (max threshold 6)
[2020-09-11T12:57:57.927+0000][1][gc,age       ] GC(39) Age table with threshold 6 (max threshold 6)
[2020-09-11T12:57:57.927+0000][1][gc,age       ] GC(39) - age   1:     312752 bytes,     312752 total
[2020-09-11T12:57:57.927+0000][1][gc,age       ] GC(39) - age   2:     955272 bytes,    1268024 total
[2020-09-11T12:57:57.927+0000][1][gc,age       ] GC(39) - age   3:     263496 bytes,    1531520 total
[2020-09-11T12:57:57.927+0000][1][gc,age       ] GC(39) - age   4:     296856 bytes,    1828376 total
[2020-09-11T12:57:57.927+0000][1][gc,age       ] GC(39) - age   5:     339336 bytes,    2167712 total
[2020-09-11T12:57:57.927+0000][1][gc,age       ] GC(39) - age   6:     182864 bytes,    2350576 total
[2020-09-11T12:57:57.927+0000][1][gc,heap      ] GC(39) ParNew: 70228K->2309K(76672K)
[2020-09-11T12:57:57.927+0000][1][gc,heap      ] GC(39) CMS: 46275K->46275K(2011968K)
[2020-09-11T12:57:57.927+0000][1][gc,metaspace ] GC(39) Metaspace: 32467K->32467K(1079296K)
[2020-09-11T12:57:57.927+0000][1][gc           ] GC(39) Pause Young (Allocation Failure) 113M->47M(2039M) 13.888ms
[2020-09-11T12:57:57.927+0000][1][gc,cpu       ] GC(39) User=0.02s Sys=0.00s Real=0.02s
[2020-09-11T12:57:57.927+0000][1][safepoint    ] Safepoint "GenCollectForAllocation", Time since last: 104874300 ns, Reaching safepoint: 148912 ns, At safepoint: 13944287 ns, Total: 14093199 ns
[2020-09-11T12:57:57.937+0000][1][safepoint    ] Safepoint "RevokeBias", Time since last: 9541106 ns, Reaching safepoint: 148635 ns, At safepoint: 27269 ns, Total: 175904 ns
[2020-09-11T12:57:58.103+0000][1][gc,start     ] GC(40) Pause Young (Allocation Failure)
[2020-09-11T12:57:58.103+0000][1][gc,task      ] GC(40) Using 1 workers of 1 for evacuation
[2020-09-11T12:57:58.117+0000][1][gc,age       ] GC(40) Desired survivor size 4358144 bytes, new threshold 6 (max threshold 6)
[2020-09-11T12:57:58.117+0000][1][gc,age       ] GC(40) Age table with threshold 6 (max threshold 6)
[2020-09-11T12:57:58.117+0000][1][gc,age       ] GC(40) - age   1:     345064 bytes,     345064 total
[2020-09-11T12:57:58.117+0000][1][gc,age       ] GC(40) - age   2:     303840 bytes,     648904 total
[2020-09-11T12:57:58.117+0000][1][gc,age       ] GC(40) - age   3:     955272 bytes,    1604176 total
[2020-09-11T12:57:58.117+0000][1][gc,age       ] GC(40) - age   4:     263392 bytes,    1867568 total
[2020-09-11T12:57:58.117+0000][1][gc,age       ] GC(40) - age   5:     296856 bytes,    2164424 total
[2020-09-11T12:57:58.117+0000][1][gc,age       ] GC(40) - age   6:     339336 bytes,    2503760 total
[2020-09-11T12:57:58.117+0000][1][gc,heap      ] GC(40) ParNew: 70469K->2462K(76672K)
[2020-09-11T12:57:58.117+0000][1][gc,heap      ] GC(40) CMS: 46275K->46452K(2011968K)
[2020-09-11T12:57:58.117+0000][1][gc,metaspace ] GC(40) Metaspace: 32470K->32470K(1079296K)
[2020-09-11T12:57:58.117+0000][1][gc           ] GC(40) Pause Young (Allocation Failure) 114M->47M(2039M) 13.917ms
[2020-09-11T12:57:58.117+0000][1][gc,cpu       ] GC(40) User=0.01s Sys=0.00s Real=0.02s
[2020-09-11T12:57:58.119+0000][1][safepoint    ] Safepoint "GenCollectForAllocation", Time since last: 165980106 ns, Reaching safepoint: 158437 ns, At safepoint: 16131199 ns, Total: 16289636 ns
[2020-09-11T12:57:58.169+0000][1][gc,start     ] GC(41) Pause Young (Allocation Failure)
[2020-09-11T12:57:58.169+0000][1][gc,task      ] GC(41) Using 1 workers of 1 for evacuation
[2020-09-11T12:57:58.182+0000][1][gc,age       ] GC(41) Desired survivor size 4358144 bytes, new threshold 6 (max threshold 6)
[2020-09-11T12:57:58.182+0000][1][gc,age       ] GC(41) Age table with threshold 6 (max threshold 6)
[2020-09-11T12:57:58.182+0000][1][gc,age       ] GC(41) - age   1:        360 bytes,        360 total
[2020-09-11T12:57:58.182+0000][1][gc,age       ] GC(41) - age   2:     344920 bytes,     345280 total
[2020-09-11T12:57:58.182+0000][1][gc,age       ] GC(41) - age   3:     303840 bytes,     649120 total
[2020-09-11T12:57:58.182+0000][1][gc,age       ] GC(41) - age   4:     955272 bytes,    1604392 total
[2020-09-11T12:57:58.182+0000][1][gc,age       ] GC(41) - age   5:     263392 bytes,    1867784 total
[2020-09-11T12:57:58.182+0000][1][gc,age       ] GC(41) - age   6:     296856 bytes,    2164640 total
[2020-09-11T12:57:58.182+0000][1][gc,heap      ] GC(41) ParNew: 70622K->2116K(76672K)
[2020-09-11T12:57:58.182+0000][1][gc,heap      ] GC(41) CMS: 46452K->46783K(2011968K)
[2020-09-11T12:57:58.182+0000][1][gc,metaspace ] GC(41) Metaspace: 32470K->32470K(1079296K)
[2020-09-11T12:57:58.182+0000][1][gc           ] GC(41) Pause Young (Allocation Failure) 114M->47M(2039M) 12.884ms
[2020-09-11T12:57:58.182+0000][1][gc,cpu       ] GC(41) User=0.01s Sys=0.00s Real=0.01s
[2020-09-11T12:57:58.182+0000][1][safepoint    ] Safepoint "GenCollectForAllocation", Time since last: 49479775 ns, Reaching safepoint: 146159 ns, At safepoint: 12939792 ns, Total: 13085951 ns
[2020-09-11T12:57:58.229+0000][1][gc,start     ] GC(42) Pause Young (Allocation Failure)
[2020-09-11T12:57:58.229+0000][1][gc,task      ] GC(42) Using 1 workers of 1 for evacuation
[2020-09-11T12:57:58.243+0000][1][gc,age       ] GC(42) Desired survivor size 4358144 bytes, new threshold 6 (max threshold 6)
[2020-09-11T12:57:58.243+0000][1][gc,age       ] GC(42) Age table with threshold 6 (max threshold 6)
[2020-09-11T12:57:58.243+0000][1][gc,age       ] GC(42) - age   1:         96 bytes,         96 total
[2020-09-11T12:57:58.243+0000][1][gc,age       ] GC(42) - age   2:        160 bytes,        256 total
[2020-09-11T12:57:58.243+0000][1][gc,age       ] GC(42) - age   3:     344920 bytes,     345176 total
[2020-09-11T12:57:58.243+0000][1][gc,age       ] GC(42) - age   4:     303840 bytes,     649016 total
[2020-09-11T12:57:58.243+0000][1][gc,age       ] GC(42) - age   5:     955272 bytes,    1604288 total
[2020-09-11T12:57:58.243+0000][1][gc,age       ] GC(42) - age   6:     263392 bytes,    1867680 total
[2020-09-11T12:57:58.243+0000][1][gc,heap      ] GC(42) ParNew: 70276K->1877K(76672K)
[2020-09-11T12:57:58.243+0000][1][gc,heap      ] GC(42) CMS: 46783K->47073K(2011968K)
[2020-09-11T12:57:58.243+0000][1][gc,metaspace ] GC(42) Metaspace: 32470K->32470K(1079296K)
[2020-09-11T12:57:58.243+0000][1][gc           ] GC(42) Pause Young (Allocation Failure) 114M->47M(2039M) 13.945ms
[2020-09-11T12:57:58.243+0000][1][gc,cpu       ] GC(42) User=0.01s Sys=0.00s Real=0.01s
[2020-09-11T12:57:58.243+0000][1][safepoint    ] Safepoint "GenCollectForAllocation", Time since last: 46671404 ns, Reaching safepoint: 133092 ns, At safepoint: 14005558 ns, Total: 14138650 ns
[2020-09-11T12:57:58.294+0000][1][gc,start     ] GC(43) Pause Young (Allocation Failure)
[2020-09-11T12:57:58.294+0000][1][gc,task      ] GC(43) Using 1 workers of 1 for evacuation
[2020-09-11T12:57:58.308+0000][1][gc,age       ] GC(43) Desired survivor size 4358144 bytes, new threshold 6 (max threshold 6)
[2020-09-11T12:57:58.308+0000][1][gc,age       ] GC(43) Age table with threshold 6 (max threshold 6)
[2020-09-11T12:57:58.308+0000][1][gc,age       ] GC(43) - age   1:        152 bytes,        152 total
[2020-09-11T12:57:58.308+0000][1][gc,age       ] GC(43) - age   3:        160 bytes,        312 total
[2020-09-11T12:57:58.308+0000][1][gc,age       ] GC(43) - age   4:     344920 bytes,     345232 total
[2020-09-11T12:57:58.308+0000][1][gc,age       ] GC(43) - age   5:     303840 bytes,     649072 total
[2020-09-11T12:57:58.308+0000][1][gc,age       ] GC(43) - age   6:     955272 bytes,    1604344 total
[2020-09-11T12:57:58.308+0000][1][gc,heap      ] GC(43) ParNew: 70037K->1692K(76672K)
[2020-09-11T12:57:58.308+0000][1][gc,heap      ] GC(43) CMS: 47073K->47330K(2011968K)
[2020-09-11T12:57:58.308+0000][1][gc,metaspace ] GC(43) Metaspace: 32470K->32470K(1079296K)
[2020-09-11T12:57:58.308+0000][1][gc           ] GC(43) Pause Young (Allocation Failure) 114M->47M(2039M) 13.617ms
[2020-09-11T12:57:58.308+0000][1][gc,cpu       ] GC(43) User=0.01s Sys=0.00s Real=0.02s
[2020-09-11T12:57:58.308+0000][1][safepoint    ] Safepoint "GenCollectForAllocation", Time since last: 51318121 ns, Reaching safepoint: 152443 ns, At safepoint: 13680195 ns, Total: 13832638 ns
[2020-09-11T12:57:58.357+0000][1][gc,start     ] GC(44) Pause Young (Allocation Failure)
[2020-09-11T12:57:58.357+0000][1][gc,task      ] GC(44) Using 1 workers of 1 for evacuation
[2020-09-11T12:57:58.370+0000][1][gc,age       ] GC(44) Desired survivor size 4358144 bytes, new threshold 6 (max threshold 6)
[2020-09-11T12:57:58.370+0000][1][gc,age       ] GC(44) Age table with threshold 6 (max threshold 6)
[2020-09-11T12:57:58.370+0000][1][gc,age       ] GC(44) - age   1:         88 bytes,         88 total
[2020-09-11T12:57:58.370+0000][1][gc,age       ] GC(44) - age   4:        160 bytes,        248 total
[2020-09-11T12:57:58.370+0000][1][gc,age       ] GC(44) - age   5:     344920 bytes,     345168 total
[2020-09-11T12:57:58.370+0000][1][gc,age       ] GC(44) - age   6:     303840 bytes,     649008 total
[2020-09-11T12:57:58.370+0000][1][gc,heap      ] GC(44) ParNew: 69852K->798K(76672K)
[2020-09-11T12:57:58.370+0000][1][gc,heap      ] GC(44) CMS: 47330K->48263K(2011968K)
[2020-09-11T12:57:58.370+0000][1][gc,metaspace ] GC(44) Metaspace: 32470K->32470K(1079296K)
[2020-09-11T12:57:58.370+0000][1][gc           ] GC(44) Pause Young (Allocation Failure) 114M->47M(2039M) 12.755ms
[2020-09-11T12:57:58.370+0000][1][gc,cpu       ] GC(44) User=0.01s Sys=0.00s Real=0.01s
[2020-09-11T12:57:58.370+0000][1][safepoint    ] Safepoint "GenCollectForAllocation", Time since last: 49010812 ns, Reaching safepoint: 150778 ns, At safepoint: 12818141 ns, Total: 12968919 ns
[2020-09-11T12:57:58.417+0000][1][gc,start     ] GC(45) Pause Young (Allocation Failure)
[2020-09-11T12:57:58.417+0000][1][gc,task      ] GC(45) Using 1 workers of 1 for evacuation
[2020-09-11T12:57:58.429+0000][1][gc,age       ] GC(45) Desired survivor size 4358144 bytes, new threshold 6 (max threshold 6)
[2020-09-11T12:57:58.429+0000][1][gc,age       ] GC(45) Age table with threshold 6 (max threshold 6)
[2020-09-11T12:57:58.429+0000][1][gc,age       ] GC(45) - age   1:        176 bytes,        176 total
[2020-09-11T12:57:58.429+0000][1][gc,age       ] GC(45) - age   5:        160 bytes,        336 total
[2020-09-11T12:57:58.429+0000][1][gc,age       ] GC(45) - age   6:     344920 bytes,     345256 total
[2020-09-11T12:57:58.429+0000][1][gc,heap      ] GC(45) ParNew: 68958K->675K(76672K)
[2020-09-11T12:57:58.429+0000][1][gc,heap      ] GC(45) CMS: 48263K->48560K(2011968K)
[2020-09-11T12:57:58.429+0000][1][gc,metaspace ] GC(45) Metaspace: 32470K->32470K(1079296K)
[2020-09-11T12:57:58.429+0000][1][gc           ] GC(45) Pause Young (Allocation Failure) 114M->48M(2039M) 12.197ms
[2020-09-11T12:57:58.429+0000][1][gc,cpu       ] GC(45) User=0.01s Sys=0.00s Real=0.01s
[2020-09-11T12:57:58.429+0000][1][safepoint    ] Safepoint "GenCollectForAllocation", Time since last: 46997000 ns, Reaching safepoint: 144837 ns, At safepoint: 12257694 ns, Total: 12402531 ns
[2020-09-11T12:57:58.478+0000][1][gc,start     ] GC(46) Pause Young (Allocation Failure)
[2020-09-11T12:57:58.478+0000][1][gc,task      ] GC(46) Using 1 workers of 1 for evacuation
[2020-09-11T12:57:58.490+0000][1][gc,age       ] GC(46) Desired survivor size 4358144 bytes, new threshold 6 (max threshold 6)
[2020-09-11T12:57:58.490+0000][1][gc,age       ] GC(46) Age table with threshold 6 (max threshold 6)
[2020-09-11T12:57:58.490+0000][1][gc,age       ] GC(46) - age   1:        168 bytes,        168 total
[2020-09-11T12:57:58.490+0000][1][gc,age       ] GC(46) - age   6:        160 bytes,        328 total
[2020-09-11T12:57:58.490+0000][1][gc,heap      ] GC(46) ParNew: 68835K->295K(76672K)
[2020-09-11T12:57:58.490+0000][1][gc,heap      ] GC(46) CMS: 48560K->48897K(2011968K)
[2020-09-11T12:57:58.490+0000][1][gc,metaspace ] GC(46) Metaspace: 32470K->32470K(1079296K)
[2020-09-11T12:57:58.490+0000][1][gc           ] GC(46) Pause Young (Allocation Failure) 114M->48M(2039M) 12.401ms
[2020-09-11T12:57:58.490+0000][1][gc,cpu       ] GC(46) User=0.01s Sys=0.00s Real=0.01s
[2020-09-11T12:57:58.490+0000][1][safepoint    ] Safepoint "GenCollectForAllocation", Time since last: 48195548 ns, Reaching safepoint: 141483 ns, At safepoint: 12460238 ns, Total: 12601721 ns
[2020-09-11T12:57:58.538+0000][1][gc,start     ] GC(47) Pause Young (Allocation Failure)
[2020-09-11T12:57:58.538+0000][1][gc,task      ] GC(47) Using 1 workers of 1 for evacuation
[2020-09-11T12:57:58.550+0000][1][gc,age       ] GC(47) Desired survivor size 4358144 bytes, new threshold 6 (max threshold 6)
[2020-09-11T12:57:58.550+0000][1][gc,age       ] GC(47) Age table with threshold 6 (max threshold 6)
[2020-09-11T12:57:58.550+0000][1][gc,age       ] GC(47) - age   1:        200 bytes,        200 total
[2020-09-11T12:57:58.550+0000][1][gc,heap      ] GC(47) ParNew: 68455K->73K(76672K)
[2020-09-11T12:57:58.550+0000][1][gc,heap      ] GC(47) CMS: 48897K->48897K(2011968K)
[2020-09-11T12:57:58.550+0000][1][gc,metaspace ] GC(47) Metaspace: 32470K->32470K(1079296K)
[2020-09-11T12:57:58.550+0000][1][gc           ] GC(47) Pause Young (Allocation Failure) 114M->47M(2039M) 12.196ms
[2020-09-11T12:57:58.550+0000][1][gc,cpu       ] GC(47) User=0.01s Sys=0.00s Real=0.01s
[2020-09-11T12:57:58.550+0000][1][safepoint    ] Safepoint "GenCollectForAllocation", Time since last: 47767786 ns, Reaching safepoint: 153837 ns, At safepoint: 12275865 ns, Total: 12429702 ns
[2020-09-11T12:57:58.598+0000][1][gc,start     ] GC(48) Pause Young (Allocation Failure)
[2020-09-11T12:57:58.598+0000][1][gc,task      ] GC(48) Using 1 workers of 1 for evacuation
[2020-09-11T12:57:58.611+0000][1][gc,age       ] GC(48) Desired survivor size 4358144 bytes, new threshold 6 (max threshold 6)
[2020-09-11T12:57:58.611+0000][1][gc,age       ] GC(48) Age table with threshold 6 (max threshold 6)
[2020-09-11T12:57:58.611+0000][1][gc,age       ] GC(48) - age   1:        216 bytes,        216 total
[2020-09-11T12:57:58.611+0000][1][gc,heap      ] GC(48) ParNew: 68233K->18K(76672K)
[2020-09-11T12:57:58.611+0000][1][gc,heap      ] GC(48) CMS: 48897K->48897K(2011968K)
[2020-09-11T12:57:58.611+0000][1][gc,metaspace ] GC(48) Metaspace: 32470K->32470K(1079296K)
[2020-09-11T12:57:58.611+0000][1][gc           ] GC(48) Pause Young (Allocation Failure) 114M->47M(2039M) 12.587ms
[2020-09-11T12:57:58.611+0000][1][gc,cpu       ] GC(48) User=0.01s Sys=0.00s Real=0.01s
[2020-09-11T12:57:58.611+0000][1][safepoint    ] Safepoint "GenCollectForAllocation", Time since last: 47690624 ns, Reaching safepoint: 155692 ns, At safepoint: 12653799 ns, Total: 12809491 ns
[2020-09-11T12:57:58.659+0000][1][gc,start     ] GC(49) Pause Young (Allocation Failure)
[2020-09-11T12:57:58.659+0000][1][gc,task      ] GC(49) Using 1 workers of 1 for evacuation
[2020-09-11T12:57:58.671+0000][1][gc,age       ] GC(49) Desired survivor size 4358144 bytes, new threshold 6 (max threshold 6)
[2020-09-11T12:57:58.671+0000][1][gc,age       ] GC(49) Age table with threshold 6 (max threshold 6)
[2020-09-11T12:57:58.671+0000][1][gc,age       ] GC(49) - age   1:         48 bytes,         48 total
[2020-09-11T12:57:58.671+0000][1][gc,heap      ] GC(49) ParNew: 68178K->4K(76672K)
[2020-09-11T12:57:58.671+0000][1][gc,heap      ] GC(49) CMS: 48897K->48897K(2011968K)
[2020-09-11T12:57:58.671+0000][1][gc,metaspace ] GC(49) Metaspace: 32470K->32470K(1079296K)
[2020-09-11T12:57:58.671+0000][1][gc           ] GC(49) Pause Young (Allocation Failure) 114M->47M(2039M) 12.254ms
[2020-09-11T12:57:58.671+0000][1][gc,cpu       ] GC(49) User=0.01s Sys=0.00s Real=0.01s
[2020-09-11T12:57:58.671+0000][1][safepoint    ] Safepoint "GenCollectForAllocation", Time since last: 47707951 ns, Reaching safepoint: 132561 ns, At safepoint: 12342558 ns, Total: 12475119 ns
[2020-09-11T12:57:59.188+0000][1][gc,start     ] GC(50) Pause Young (Allocation Failure)
[2020-09-11T12:57:59.188+0000][1][gc,task      ] GC(50) Using 1 workers of 1 for evacuation
[2020-09-11T12:57:59.208+0000][1][gc,age       ] GC(50) Desired survivor size 4358144 bytes, new threshold 6 (max threshold 6)
[2020-09-11T12:57:59.208+0000][1][gc,age       ] GC(50) Age table with threshold 6 (max threshold 6)
[2020-09-11T12:57:59.208+0000][1][gc,age       ] GC(50) - age   1:     134184 bytes,     134184 total
[2020-09-11T12:57:59.208+0000][1][gc,heap      ] GC(50) ParNew: 68164K->133K(76672K)
[2020-09-11T12:57:59.208+0000][1][gc,heap      ] GC(50) CMS: 48897K->48897K(2011968K)
[2020-09-11T12:57:59.208+0000][1][gc,metaspace ] GC(50) Metaspace: 32472K->32472K(1079296K)
[2020-09-11T12:57:59.208+0000][1][gc           ] GC(50) Pause Young (Allocation Failure) 114M->47M(2039M) 19.733ms
[2020-09-11T12:57:59.208+0000][1][gc,cpu       ] GC(50) User=0.02s Sys=0.00s Real=0.02s
[2020-09-11T12:57:59.211+0000][1][safepoint    ] Safepoint "GenCollectForAllocation", Time since last: 517177564 ns, Reaching safepoint: 118162 ns, At safepoint: 23116649 ns, Total: 23234811 ns
[2020-09-11T12:57:59.316+0000][1][gc,start     ] GC(51) Pause Young (Allocation Failure)
[2020-09-11T12:57:59.316+0000][1][gc,task      ] GC(51) Using 1 workers of 1 for evacuation
[2020-09-11T12:57:59.328+0000][1][gc,age       ] GC(51) Desired survivor size 4358144 bytes, new threshold 6 (max threshold 6)
[2020-09-11T12:57:59.328+0000][1][gc,age       ] GC(51) Age table with threshold 6 (max threshold 6)
[2020-09-11T12:57:59.328+0000][1][gc,age       ] GC(51) - age   1:     545384 bytes,     545384 total
[2020-09-11T12:57:59.328+0000][1][gc,age       ] GC(51) - age   2:      83896 bytes,     629280 total
[2020-09-11T12:57:59.328+0000][1][gc,heap      ] GC(51) ParNew: 68293K->636K(76672K)
[2020-09-11T12:57:59.328+0000][1][gc,heap      ] GC(51) CMS: 48897K->48897K(2011968K)
[2020-09-11T12:57:59.328+0000][1][gc,metaspace ] GC(51) Metaspace: 32472K->32472K(1079296K)
[2020-09-11T12:57:59.328+0000][1][gc           ] GC(51) Pause Young (Allocation Failure) 114M->48M(2039M) 12.315ms
[2020-09-11T12:57:59.328+0000][1][gc,cpu       ] GC(51) User=0.01s Sys=0.00s Real=0.01s
[2020-09-11T12:57:59.328+0000][1][safepoint    ] Safepoint "GenCollectForAllocation", Time since last: 104028930 ns, Reaching safepoint: 154483 ns, At safepoint: 12394368 ns, Total: 12548851 ns
[2020-09-11T12:57:59.446+0000][1][gc,start     ] GC(52) Pause Young (Allocation Failure)
[2020-09-11T12:57:59.446+0000][1][gc,task      ] GC(52) Using 1 workers of 1 for evacuation
[2020-09-11T12:57:59.459+0000][1][gc,age       ] GC(52) Desired survivor size 4358144 bytes, new threshold 6 (max threshold 6)
[2020-09-11T12:57:59.459+0000][1][gc,age       ] GC(52) Age table with threshold 6 (max threshold 6)
[2020-09-11T12:57:59.459+0000][1][gc,age       ] GC(52) - age   1:     677000 bytes,     677000 total
[2020-09-11T12:57:59.459+0000][1][gc,age       ] GC(52) - age   2:     374432 bytes,    1051432 total
[2020-09-11T12:57:59.459+0000][1][gc,age       ] GC(52) - age   3:      83272 bytes,    1134704 total
[2020-09-11T12:57:59.459+0000][1][gc,heap      ] GC(52) ParNew: 68796K->1137K(76672K)
[2020-09-11T12:57:59.459+0000][1][gc,heap      ] GC(52) CMS: 48897K->48897K(2011968K)
[2020-09-11T12:57:59.459+0000][1][gc,metaspace ] GC(52) Metaspace: 32472K->32472K(1079296K)
[2020-09-11T12:57:59.459+0000][1][gc           ] GC(52) Pause Young (Allocation Failure) 114M->48M(2039M) 12.521ms
[2020-09-11T12:57:59.459+0000][1][gc,cpu       ] GC(52) User=0.01s Sys=0.00s Real=0.01s
[2020-09-11T12:57:59.459+0000][1][safepoint    ] Safepoint "GenCollectForAllocation", Time since last: 118103565 ns, Reaching safepoint: 145559 ns, At safepoint: 12583437 ns, Total: 12728996 ns
[2020-09-11T12:57:59.560+0000][1][gc,start     ] GC(53) Pause Young (Allocation Failure)
[2020-09-11T12:57:59.560+0000][1][gc,task      ] GC(53) Using 1 workers of 1 for evacuation
[2020-09-11T12:57:59.572+0000][1][gc,age       ] GC(53) Desired survivor size 4358144 bytes, new threshold 6 (max threshold 6)
[2020-09-11T12:57:59.572+0000][1][gc,age       ] GC(53) Age table with threshold 6 (max threshold 6)
[2020-09-11T12:57:59.572+0000][1][gc,age       ] GC(53) - age   1:     311520 bytes,     311520 total
[2020-09-11T12:57:59.572+0000][1][gc,age       ] GC(53) - age   2:     662432 bytes,     973952 total
[2020-09-11T12:57:59.572+0000][1][gc,age       ] GC(53) - age   3:     373696 bytes,    1347648 total
[2020-09-11T12:57:59.572+0000][1][gc,age       ] GC(53) - age   4:      82632 bytes,    1430280 total
[2020-09-11T12:57:59.572+0000][1][gc,heap      ] GC(53) ParNew: 69259K->1418K(76672K)
[2020-09-11T12:57:59.573+0000][1][gc,heap      ] GC(53) CMS: 48897K->48897K(2011968K)
[2020-09-11T12:57:59.573+0000][1][gc,metaspace ] GC(53) Metaspace: 32472K->32472K(1079296K)
[2020-09-11T12:57:59.573+0000][1][gc           ] GC(53) Pause Young (Allocation Failure) 115M->49M(2039M) 12.527ms
[2020-09-11T12:57:59.573+0000][1][gc,cpu       ] GC(53) User=0.01s Sys=0.00s Real=0.01s
[2020-09-11T12:57:59.573+0000][1][safepoint    ] Safepoint "GenCollectForAllocation", Time since last: 101000208 ns, Reaching safepoint: 147310 ns, At safepoint: 12594548 ns, Total: 12741858 ns
[2020-09-11T12:57:59.691+0000][1][gc,start     ] GC(54) Pause Young (Allocation Failure)
[2020-09-11T12:57:59.691+0000][1][gc,task      ] GC(54) Using 1 workers of 1 for evacuation
[2020-09-11T12:57:59.711+0000][1][gc,age       ] GC(54) Desired survivor size 4358144 bytes, new threshold 6 (max threshold 6)
[2020-09-11T12:57:59.711+0000][1][gc,age       ] GC(54) Age table with threshold 6 (max threshold 6)
[2020-09-11T12:57:59.711+0000][1][gc,age       ] GC(54) - age   1:     930944 bytes,     930944 total
[2020-09-11T12:57:59.711+0000][1][gc,age       ] GC(54) - age   2:     299280 bytes,    1230224 total
[2020-09-11T12:57:59.711+0000][1][gc,age       ] GC(54) - age   3:     333744 bytes,    1563968 total
[2020-09-11T12:57:59.711+0000][1][gc,age       ] GC(54) - age   4:     373696 bytes,    1937664 total
[2020-09-11T12:57:59.711+0000][1][gc,age       ] GC(54) - age   5:      82472 bytes,    2020136 total
[2020-09-11T12:57:59.711+0000][1][gc,heap      ] GC(54) ParNew: 69578K->2027K(76672K)
[2020-09-11T12:57:59.711+0000][1][gc,heap      ] GC(54) CMS: 48897K->48897K(2011968K)
[2020-09-11T12:57:59.711+0000][1][gc,metaspace ] GC(54) Metaspace: 32472K->32472K(1079296K)
[2020-09-11T12:57:59.711+0000][1][gc           ] GC(54) Pause Young (Allocation Failure) 115M->49M(2039M) 20.187ms
[2020-09-11T12:57:59.711+0000][1][gc,cpu       ] GC(54) User=0.01s Sys=0.00s Real=0.02s
[2020-09-11T12:57:59.711+0000][1][safepoint    ] Safepoint "GenCollectForAllocation", Time since last: 118382208 ns, Reaching safepoint: 152436 ns, At safepoint: 20274089 ns, Total: 20426525 ns
[2020-09-11T12:57:59.817+0000][1][gc,start     ] GC(55) Pause Young (Allocation Failure)
[2020-09-11T12:57:59.817+0000][1][gc,task      ] GC(55) Using 1 workers of 1 for evacuation
[2020-09-11T12:57:59.830+0000][1][gc,age       ] GC(55) Desired survivor size 4358144 bytes, new threshold 6 (max threshold 6)
[2020-09-11T12:57:59.830+0000][1][gc,age       ] GC(55) Age table with threshold 6 (max threshold 6)
[2020-09-11T12:57:59.830+0000][1][gc,age       ] GC(55) - age   1:     313816 bytes,     313816 total
[2020-09-11T12:57:59.830+0000][1][gc,age       ] GC(55) - age   2:     919632 bytes,    1233448 total
[2020-09-11T12:57:59.830+0000][1][gc,age       ] GC(55) - age   3:     298208 bytes,    1531656 total
[2020-09-11T12:57:59.830+0000][1][gc,age       ] GC(55) - age   4:     330208 bytes,    1861864 total
[2020-09-11T12:57:59.830+0000][1][gc,age       ] GC(55) - age   5:     373440 bytes,    2235304 total
[2020-09-11T12:57:59.830+0000][1][gc,age       ] GC(55) - age   6:      82448 bytes,    2317752 total
[2020-09-11T12:57:59.830+0000][1][gc,heap      ] GC(55) ParNew: 70187K->2322K(76672K)
[2020-09-11T12:57:59.830+0000][1][gc,heap      ] GC(55) CMS: 48897K->48897K(2011968K)
[2020-09-11T12:57:59.830+0000][1][gc,metaspace ] GC(55) Metaspace: 32472K->32472K(1079296K)
[2020-09-11T12:57:59.830+0000][1][gc           ] GC(55) Pause Young (Allocation Failure) 116M->50M(2039M) 13.644ms
[2020-09-11T12:57:59.830+0000][1][gc,cpu       ] GC(55) User=0.01s Sys=0.00s Real=0.01s
[2020-09-11T12:57:59.830+0000][1][safepoint    ] Safepoint "GenCollectForAllocation", Time since last: 104053123 ns, Reaching safepoint: 1230207 ns, At safepoint: 13706714 ns, Total: 14936921 ns
[2020-09-11T12:58:00.116+0000][1][safepoint    ] Safepoint "Deoptimize", Time since last: 284843776 ns, Reaching safepoint: 202662 ns, At safepoint: 306508 ns, Total: 509170 ns
[2020-09-11T12:58:00.216+0000][1][safepoint    ] Safepoint "ICBufferFull", Time since last: 99662849 ns, Reaching safepoint: 260643 ns, At safepoint: 8586 ns, Total: 269229 ns
[2020-09-11T12:58:00.282+0000][1][safepoint    ] Safepoint "CollectForMetadataAllocation", Time since last: 66530659 ns, Reaching safepoint: 159948 ns, At safepoint: 115186 ns, Total: 275134 ns
[2020-09-11T12:58:00.309+0000][1][safepoint    ] Safepoint "CollectForMetadataAllocation", Time since last: 26196402 ns, Reaching safepoint: 155254 ns, At safepoint: 72837 ns, Total: 228091 ns
[2020-09-11T12:58:00.316+0000][1][safepoint    ] Safepoint "CollectForMetadataAllocation", Time since last: 7148040 ns, Reaching safepoint: 144615 ns, At safepoint: 109013 ns, Total: 253628 ns
[2020-09-11T12:58:00.331+0000][1][safepoint    ] Safepoint "CollectForMetadataAllocation", Time since last: 14666842 ns, Reaching safepoint: 146919 ns, At safepoint: 111235 ns, Total: 258154 ns
[2020-09-11T12:58:00.352+0000][1][safepoint    ] Safepoint "CollectForMetadataAllocation", Time since last: 20795271 ns, Reaching safepoint: 149383 ns, At safepoint: 110122 ns, Total: 259505 ns
[2020-09-11T12:58:00.391+0000][1][gc,start     ] GC(56) Pause Young (Allocation Failure)
[2020-09-11T12:58:00.391+0000][1][gc,task      ] GC(56) Using 1 workers of 1 for evacuation
[2020-09-11T12:58:00.415+0000][1][gc,age       ] GC(56) Desired survivor size 4358144 bytes, new threshold 6 (max threshold 6)
[2020-09-11T12:58:00.415+0000][1][gc,age       ] GC(56) Age table with threshold 6 (max threshold 6)
[2020-09-11T12:58:00.415+0000][1][gc,age       ] GC(56) - age   1:    1496032 bytes,    1496032 total
[2020-09-11T12:58:00.415+0000][1][gc,age       ] GC(56) - age   2:     301680 bytes,    1797712 total
[2020-09-11T12:58:00.415+0000][1][gc,age       ] GC(56) - age   3:     918936 bytes,    2716648 total
[2020-09-11T12:58:00.415+0000][1][gc,age       ] GC(56) - age   4:     297792 bytes,    3014440 total
[2020-09-11T12:58:00.415+0000][1][gc,age       ] GC(56) - age   5:     330088 bytes,    3344528 total
[2020-09-11T12:58:00.415+0000][1][gc,age       ] GC(56) - age   6:     373440 bytes,    3717968 total
[2020-09-11T12:58:00.415+0000][1][gc,heap      ] GC(56) ParNew: 70482K->3768K(76672K)
[2020-09-11T12:58:00.415+0000][1][gc,heap      ] GC(56) CMS: 48897K->48975K(2011968K)
[2020-09-11T12:58:00.415+0000][1][gc,metaspace ] GC(56) Metaspace: 36245K->36245K(1083392K)
[2020-09-11T12:58:00.416+0000][1][gc           ] GC(56) Pause Young (Allocation Failure) 116M->51M(2039M) 24.708ms
[2020-09-11T12:58:00.416+0000][1][gc,cpu       ] GC(56) User=0.01s Sys=0.00s Real=0.03s
[2020-09-11T12:58:00.419+0000][1][safepoint    ] Safepoint "GenCollectForAllocation", Time since last: 38392642 ns, Reaching safepoint: 100796 ns, At safepoint: 28635687 ns, Total: 28736483 ns
[2020-09-11T12:58:00.427+0000][1][gc,start     ] GC(57) Pause Initial Mark
[2020-09-11T12:58:00.430+0000][1][gc           ] GC(57) Pause Initial Mark 54M->54M(2039M) 2.499ms
[2020-09-11T12:58:00.430+0000][1][gc,cpu       ] GC(57) User=0.00s Sys=0.00s Real=0.00s
[2020-09-11T12:58:00.435+0000][1][safepoint    ] Safepoint "CMS_Initial_Mark", Time since last: 4437186 ns, Reaching safepoint: 3563272 ns, At safepoint: 7997715 ns, Total: 11560987 ns
[2020-09-11T12:58:00.435+0000][1][gc           ] GC(57) Concurrent Mark
[2020-09-11T12:58:00.581+0000][1][gc           ] GC(57) Concurrent Mark 145.488ms
[2020-09-11T12:58:00.581+0000][1][gc,cpu       ] GC(57) User=0.14s Sys=0.01s Real=0.14s
[2020-09-11T12:58:00.581+0000][1][gc           ] GC(57) Concurrent Preclean
[2020-09-11T12:58:00.591+0000][1][gc           ] GC(57) Concurrent Preclean 9.486ms
[2020-09-11T12:58:00.591+0000][1][gc,cpu       ] GC(57) User=0.01s Sys=0.00s Real=0.01s
[2020-09-11T12:58:00.591+0000][1][gc           ] GC(57) Concurrent Abortable Preclean
[2020-09-11T12:58:00.686+0000][1][gc,start     ] GC(58) Pause Young (Allocation Failure)
[2020-09-11T12:58:00.687+0000][1][gc,task      ] GC(58) Using 1 workers of 1 for evacuation
[2020-09-11T12:58:00.705+0000][1][gc,age       ] GC(58) Desired survivor size 4358144 bytes, new threshold 6 (max threshold 6)
[2020-09-11T12:58:00.705+0000][1][gc,age       ] GC(58) Age table with threshold 6 (max threshold 6)
[2020-09-11T12:58:00.705+0000][1][gc,age       ] GC(58) - age   1:      56896 bytes,      56896 total
[2020-09-11T12:58:00.705+0000][1][gc,age       ] GC(58) - age   2:    1468744 bytes,    1525640 total
[2020-09-11T12:58:00.705+0000][1][gc,age       ] GC(58) - age   3:     301680 bytes,    1827320 total
[2020-09-11T12:58:00.705+0000][1][gc,age       ] GC(58) - age   4:     918936 bytes,    2746256 total
[2020-09-11T12:58:00.705+0000][1][gc,age       ] GC(58) - age   5:     297792 bytes,    3044048 total
[2020-09-11T12:58:00.705+0000][1][gc,age       ] GC(58) - age   6:     330088 bytes,    3374136 total
[2020-09-11T12:58:00.705+0000][1][gc,heap      ] GC(58) ParNew: 71928K->3344K(76672K)
[2020-09-11T12:58:00.705+0000][1][gc,heap      ] GC(58) CMS: 48975K->49340K(2011968K)
[2020-09-11T12:58:00.705+0000][1][gc,metaspace ] GC(58) Metaspace: 36248K->36248K(1083392K)
[2020-09-11T12:58:00.705+0000][1][gc           ] GC(58) Pause Young (Allocation Failure) 118M->51M(2039M) 18.636ms
[2020-09-11T12:58:00.705+0000][1][gc,cpu       ] GC(58) User=0.01s Sys=0.00s Real=0.02s
[2020-09-11T12:58:00.715+0000][1][safepoint    ] Safepoint "GenCollectForAllocation", Time since last: 250905992 ns, Reaching safepoint: 143421 ns, At safepoint: 28927125 ns, Total: 29070546 ns
[2020-09-11T12:58:00.792+0000][1][safepoint    ] Safepoint "CollectForMetadataAllocation", Time since last: 76510657 ns, Reaching safepoint: 123703 ns, At safepoint: 136196 ns, Total: 259899 ns
[2020-09-11T12:58:01.112+0000][1][safepoint    ] Safepoint "CollectForMetadataAllocation", Time since last: 319252932 ns, Reaching safepoint: 122368 ns, At safepoint: 113834 ns, Total: 236202 ns
[2020-09-11T12:58:01.136+0000][1][gc           ] GC(57) Concurrent Abortable Preclean 545.770ms
[2020-09-11T12:58:01.136+0000][1][gc,cpu       ] GC(57) User=0.53s Sys=0.01s Real=0.55s
[2020-09-11T12:58:01.140+0000][1][gc,start     ] GC(57) Pause Remark
[2020-09-11T12:58:01.161+0000][1][gc           ] GC(57) Pause Remark 86M->86M(2039M) 21.590ms
[2020-09-11T12:58:01.161+0000][1][gc,cpu       ] GC(57) User=0.02s Sys=0.00s Real=0.02s
[2020-09-11T12:58:01.171+0000][1][safepoint    ] Safepoint "CMS_Final_Remark", Time since last: 27751725 ns, Reaching safepoint: 180994 ns, At safepoint: 31819824 ns, Total: 32000818 ns
[2020-09-11T12:58:01.171+0000][1][gc           ] GC(57) Concurrent Sweep
[2020-09-11T12:58:01.202+0000][1][gc           ] GC(57) Concurrent Sweep 30.708ms
[2020-09-11T12:58:01.202+0000][1][gc,cpu       ] GC(57) User=0.03s Sys=0.00s Real=0.03s
[2020-09-11T12:58:01.202+0000][1][gc           ] GC(57) Concurrent Reset
[2020-09-11T12:58:01.209+0000][1][gc           ] GC(57) Concurrent Reset 7.228ms
[2020-09-11T12:58:01.210+0000][1][gc,cpu       ] GC(57) User=0.01s Sys=0.00s Real=0.01s
[2020-09-11T12:58:01.210+0000][1][gc,heap      ] GC(57) Old: 48975K->48237K(2011968K)
[2020-09-11T12:58:01.789+0000][1][gc,start     ] GC(59) Pause Young (Allocation Failure)
[2020-09-11T12:58:01.789+0000][1][gc,task      ] GC(59) Using 1 workers of 1 for evacuation
[2020-09-11T12:58:01.813+0000][1][gc,age       ] GC(59) Desired survivor size 4358144 bytes, new threshold 4 (max threshold 6)
[2020-09-11T12:58:01.813+0000][1][gc,age       ] GC(59) Age table with threshold 4 (max threshold 6)
[2020-09-11T12:58:01.813+0000][1][gc,age       ] GC(59) - age   1:    2796040 bytes,    2796040 total
[2020-09-11T12:58:01.813+0000][1][gc,age       ] GC(59) - age   2:      56800 bytes,    2852840 total
[2020-09-11T12:58:01.813+0000][1][gc,age       ] GC(59) - age   3:    1422608 bytes,    4275448 total
[2020-09-11T12:58:01.813+0000][1][gc,age       ] GC(59) - age   4:     301680 bytes,    4577128 total
[2020-09-11T12:58:01.813+0000][1][gc,age       ] GC(59) - age   5:     918936 bytes,    5496064 total
[2020-09-11T12:58:01.813+0000][1][gc,age       ] GC(59) - age   6:     297792 bytes,    5793856 total
[2020-09-11T12:58:01.813+0000][1][gc,heap      ] GC(59) ParNew: 71504K->6172K(76672K)
[2020-09-11T12:58:01.813+0000][1][gc,heap      ] GC(59) CMS: 48237K->48559K(2011968K)
[2020-09-11T12:58:01.813+0000][1][gc,metaspace ] GC(59) Metaspace: 42670K->42670K(1089536K)
[2020-09-11T12:58:01.813+0000][1][gc           ] GC(59) Pause Young (Allocation Failure) 116M->53M(2039M) 24.286ms
[2020-09-11T12:58:01.813+0000][1][gc,cpu       ] GC(59) User=0.02s Sys=0.00s Real=0.02s
[2020-09-11T12:58:01.819+0000][1][safepoint    ] Safepoint "GenCollectForAllocation", Time since last: 616904530 ns, Reaching safepoint: 689625 ns, At safepoint: 30408253 ns, Total: 31097878 ns
[2020-09-11T12:58:02.272+0000][1][safepoint    ] Safepoint "RevokeBias", Time since last: 452297355 ns, Reaching safepoint: 107686 ns, At safepoint: 23833 ns, Total: 131519 ns
[2020-09-11T12:58:02.272+0000][1][safepoint    ] Safepoint "RevokeBias", Time since last: 109615 ns, Reaching safepoint: 80882 ns, At safepoint: 17516 ns, Total: 98398 ns
[2020-09-11T12:58:03.272+0000][1][safepoint    ] Safepoint "Cleanup", Time since last: 1000078419 ns, Reaching safepoint: 160022 ns, At safepoint: 6744 ns, Total: 166766 ns
[2020-09-11T12:58:04.027+0000][1][gc,start     ] GC(60) Pause Young (Allocation Failure)
[2020-09-11T12:58:04.027+0000][1][gc,task      ] GC(60) Using 1 workers of 1 for evacuation
[2020-09-11T12:58:04.062+0000][1][gc,age       ] GC(60) Desired survivor size 4358144 bytes, new threshold 2 (max threshold 6)
[2020-09-11T12:58:04.062+0000][1][gc,age       ] GC(60) Age table with threshold 2 (max threshold 6)
[2020-09-11T12:58:04.062+0000][1][gc,age       ] GC(60) - age   1:    2717064 bytes,    2717064 total
[2020-09-11T12:58:04.062+0000][1][gc,age       ] GC(60) - age   2:    2676344 bytes,    5393408 total
[2020-09-11T12:58:04.062+0000][1][gc,age       ] GC(60) - age   3:      56800 bytes,    5450208 total
[2020-09-11T12:58:04.062+0000][1][gc,age       ] GC(60) - age   4:    1420856 bytes,    6871064 total
[2020-09-11T12:58:04.062+0000][1][gc,heap      ] GC(60) ParNew: 74332K->8512K(76672K)
[2020-09-11T12:58:04.062+0000][1][gc,heap      ] GC(60) CMS: 48559K->50042K(2011968K)
[2020-09-11T12:58:04.062+0000][1][gc,metaspace ] GC(60) Metaspace: 47782K->47782K(1093632K)
[2020-09-11T12:58:04.062+0000][1][gc           ] GC(60) Pause Young (Allocation Failure) 120M->57M(2039M) 34.753ms
[2020-09-11T12:58:04.062+0000][1][gc,cpu       ] GC(60) User=0.03s Sys=0.00s Real=0.03s
[2020-09-11T12:58:04.067+0000][1][safepoint    ] Safepoint "GenCollectForAllocation", Time since last: 754807965 ns, Reaching safepoint: 140811 ns, At safepoint: 40172067 ns, Total: 40312878 ns
[2020-09-11T12:58:04.121+0000][1][safepoint    ] Safepoint "RevokeBias", Time since last: 53233926 ns, Reaching safepoint: 104376 ns, At safepoint: 30357 ns, Total: 134733 ns
[2020-09-11T12:58:04.128+0000][1][safepoint    ] Safepoint "RevokeBias", Time since last: 7462104 ns, Reaching safepoint: 95761 ns, At safepoint: 31108 ns, Total: 126869 ns
[2020-09-11T12:58:04.404+0000][1][safepoint    ] Safepoint "RevokeBias", Time since last: 275025185 ns, Reaching safepoint: 421471 ns, At safepoint: 29254 ns, Total: 450725 ns
[2020-09-11T12:58:04.404+0000][1][safepoint    ] Safepoint "RevokeBias", Time since last: 208381 ns, Reaching safepoint: 22564 ns, At safepoint: 27110 ns, Total: 49674 ns
[2020-09-11T12:58:04.410+0000][1][safepoint    ] Safepoint "RevokeBias", Time since last: 3289768 ns, Reaching safepoint: 2108858 ns, At safepoint: 36264 ns, Total: 2145122 ns
[2020-09-11T12:58:04.410+0000][1][safepoint    ] Safepoint "RevokeBias", Time since last: 63447 ns, Reaching safepoint: 91679 ns, At safepoint: 31144 ns, Total: 122823 ns
[2020-09-11T12:58:04.475+0000][1][safepoint    ] Safepoint "RevokeBias", Time since last: 64699786 ns, Reaching safepoint: 108203 ns, At safepoint: 28947 ns, Total: 137150 ns
[2020-09-11T12:58:04.475+0000][1][safepoint    ] Safepoint "RevokeBias", Time since last: 565793 ns, Reaching safepoint: 88133 ns, At safepoint: 23081 ns, Total: 111214 ns
[2020-09-11T12:58:04.475+0000][1][safepoint    ] Safepoint "RevokeBias", Time since last: 94844 ns, Reaching safepoint: 73360 ns, At safepoint: 20212 ns, Total: 93572 ns
[2020-09-11T12:58:04.476+0000][1][safepoint    ] Safepoint "BulkRevokeBias", Time since last: 374443 ns, Reaching safepoint: 83978 ns, At safepoint: 65236 ns, Total: 149214 ns
[2020-09-11T12:58:04.477+0000][1][safepoint    ] Safepoint "RevokeBias", Time since last: 435709 ns, Reaching safepoint: 83398 ns, At safepoint: 27738 ns, Total: 111136 ns
[2020-09-11T12:58:04.478+0000][1][safepoint    ] Safepoint "RevokeBias", Time since last: 1041638 ns, Reaching safepoint: 89526 ns, At safepoint: 28387 ns, Total: 117913 ns
[2020-09-11T12:58:04.478+0000][1][safepoint    ] Safepoint "RevokeBias", Time since last: 42077 ns, Reaching safepoint: 80831 ns, At safepoint: 19457 ns, Total: 100288 ns
[2020-09-11T12:58:04.478+0000][1][safepoint    ] Safepoint "RevokeBias", Time since last: 29110 ns, Reaching safepoint: 80065 ns, At safepoint: 18487 ns, Total: 98552 ns
[2020-09-11T12:58:04.478+0000][1][safepoint    ] Safepoint "RevokeBias", Time since last: 27497 ns, Reaching safepoint: 79820 ns, At safepoint: 18296 ns, Total: 98116 ns
[2020-09-11T12:58:04.478+0000][1][safepoint    ] Safepoint "RevokeBias", Time since last: 26892 ns, Reaching safepoint: 82278 ns, At safepoint: 24728 ns, Total: 107006 ns
[2020-09-11T12:58:04.478+0000][1][safepoint    ] Safepoint "RevokeBias", Time since last: 27082 ns, Reaching safepoint: 184998 ns, At safepoint: 20774 ns, Total: 205772 ns
[2020-09-11T12:58:04.479+0000][1][safepoint    ] Safepoint "RevokeBias", Time since last: 30624 ns, Reaching safepoint: 80910 ns, At safepoint: 19173 ns, Total: 100083 ns
[2020-09-11T12:58:04.479+0000][1][safepoint    ] Safepoint "RevokeBias", Time since last: 37160 ns, Reaching safepoint: 80253 ns, At safepoint: 19101 ns, Total: 99354 ns
[2020-09-11T12:58:04.479+0000][1][safepoint    ] Safepoint "RevokeBias", Time since last: 26147 ns, Reaching safepoint: 80191 ns, At safepoint: 19380 ns, Total: 99571 ns
[2020-09-11T12:58:04.479+0000][1][safepoint    ] Safepoint "RevokeBias", Time since last: 26087 ns, Reaching safepoint: 80650 ns, At safepoint: 24965 ns, Total: 105615 ns
[2020-09-11T12:58:04.479+0000][1][safepoint    ] Safepoint "RevokeBias", Time since last: 28373 ns, Reaching safepoint: 80099 ns, At safepoint: 19271 ns, Total: 99370 ns
[2020-09-11T12:58:04.479+0000][1][safepoint    ] Safepoint "RevokeBias", Time since last: 26199 ns, Reaching safepoint: 80827 ns, At safepoint: 24343 ns, Total: 105170 ns
[2020-09-11T12:58:04.479+0000][1][safepoint    ] Safepoint "RevokeBias", Time since last: 59086 ns, Reaching safepoint: 82188 ns, At safepoint: 23490 ns, Total: 105678 ns
[2020-09-11T12:58:04.480+0000][1][safepoint    ] Safepoint "RevokeBias", Time since last: 54860 ns, Reaching safepoint: 82396 ns, At safepoint: 21283 ns, Total: 103679 ns
[2020-09-11T12:58:04.480+0000][1][safepoint    ] Safepoint "RevokeBias", Time since last: 520943 ns, Reaching safepoint: 83443 ns, At safepoint: 20307 ns, Total: 103750 ns
[2020-09-11T12:58:04.481+0000][1][safepoint    ] Safepoint "RevokeBias", Time since last: 1292380 ns, Reaching safepoint: 17510 ns, At safepoint: 22885 ns, Total: 40395 ns
[2020-09-11T12:58:04.482+0000][1][safepoint    ] Safepoint "RevokeBias", Time since last: 139319 ns, Reaching safepoint: 22343 ns, At safepoint: 17920 ns, Total: 40263 ns
[2020-09-11T12:58:04.483+0000][1][safepoint    ] Safepoint "RevokeBias", Time since last: 1760162 ns, Reaching safepoint: 25083 ns, At safepoint: 30884 ns, Total: 55967 ns
[2020-09-11T12:58:04.484+0000][1][safepoint    ] Safepoint "RevokeBias", Time since last: 41792 ns, Reaching safepoint: 12498 ns, At safepoint: 19868 ns, Total: 32366 ns
[2020-09-11T12:58:04.484+0000][1][safepoint    ] Safepoint "RevokeBias", Time since last: 27250 ns, Reaching safepoint: 11303 ns, At safepoint: 18744 ns, Total: 30047 ns
[2020-09-11T12:58:04.484+0000][1][safepoint    ] Safepoint "RevokeBias", Time since last: 25220 ns, Reaching safepoint: 11242 ns, At safepoint: 18787 ns, Total: 30029 ns
[2020-09-11T12:58:04.484+0000][1][safepoint    ] Safepoint "RevokeBias", Time since last: 25069 ns, Reaching safepoint: 11087 ns, At safepoint: 18547 ns, Total: 29634 ns
[2020-09-11T12:58:04.484+0000][1][safepoint    ] Safepoint "RevokeBias", Time since last: 27426 ns, Reaching safepoint: 11290 ns, At safepoint: 18574 ns, Total: 29864 ns
[2020-09-11T12:58:04.484+0000][1][safepoint    ] Safepoint "BulkRevokeBias", Time since last: 24693 ns, Reaching safepoint: 11068 ns, At safepoint: 69027 ns, Total: 80095 ns
[2020-09-11T12:58:04.484+0000][1][safepoint    ] Safepoint "RevokeBias", Time since last: 42450 ns, Reaching safepoint: 13745 ns, At safepoint: 59770 ns, Total: 73515 ns
[2020-09-11T12:58:04.484+0000][1][safepoint    ] Safepoint "RevokeBias", Time since last: 30581 ns, Reaching safepoint: 13687 ns, At safepoint: 19278 ns, Total: 32965 ns
[2020-09-11T12:58:04.492+0000][1][safepoint    ] Safepoint "RevokeBias", Time since last: 7675470 ns, Reaching safepoint: 112487 ns, At safepoint: 49670 ns, Total: 162157 ns
[2020-09-11T12:58:04.492+0000][1][safepoint    ] Safepoint "RevokeBias", Time since last: 384176 ns, Reaching safepoint: 16825 ns, At safepoint: 38352 ns, Total: 55177 ns
[2020-09-11T12:58:04.492+0000][1][safepoint    ] Safepoint "RevokeBias", Time since last: 67538 ns, Reaching safepoint: 14823 ns, At safepoint: 22655 ns, Total: 37478 ns
[2020-09-11T12:58:04.493+0000][1][safepoint    ] Safepoint "RevokeBias", Time since last: 30290 ns, Reaching safepoint: 12281 ns, At safepoint: 15563 ns, Total: 27844 ns
[2020-09-11T12:58:04.493+0000][1][safepoint    ] Safepoint "RevokeBias", Time since last: 25920 ns, Reaching safepoint: 11685 ns, At safepoint: 13965 ns, Total: 25650 ns
[2020-09-11T12:58:04.493+0000][1][safepoint    ] Safepoint "RevokeBias", Time since last: 50800 ns, Reaching safepoint: 13731 ns, At safepoint: 32154 ns, Total: 45885 ns
[2020-09-11T12:58:04.493+0000][1][safepoint    ] Safepoint "RevokeBias", Time since last: 110861 ns, Reaching safepoint: 12960 ns, At safepoint: 29936 ns, Total: 42896 ns
[2020-09-11T12:58:04.493+0000][1][safepoint    ] Safepoint "RevokeBias", Time since last: 177417 ns, Reaching safepoint: 14439 ns, At safepoint: 16463 ns, Total: 30902 ns
[2020-09-11T12:58:04.493+0000][1][safepoint    ] Safepoint "RevokeBias", Time since last: 27307 ns, Reaching safepoint: 12269 ns, At safepoint: 14929 ns, Total: 27198 ns
[2020-09-11T12:58:04.493+0000][1][safepoint    ] Safepoint "RevokeBias", Time since last: 24649 ns, Reaching safepoint: 22289 ns, At safepoint: 15403 ns, Total: 37692 ns
[2020-09-11T12:58:04.493+0000][1][safepoint    ] Safepoint "RevokeBias", Time since last: 25719 ns, Reaching safepoint: 12035 ns, At safepoint: 14560 ns, Total: 26595 ns
[2020-09-11T12:58:04.493+0000][1][safepoint    ] Safepoint "RevokeBias", Time since last: 24179 ns, Reaching safepoint: 11798 ns, At safepoint: 14385 ns, Total: 26183 ns
[2020-09-11T12:58:04.493+0000][1][safepoint    ] Safepoint "RevokeBias", Time since last: 25542 ns, Reaching safepoint: 11795 ns, At safepoint: 14464 ns, Total: 26259 ns
[2020-09-11T12:58:04.493+0000][1][safepoint    ] Safepoint "RevokeBias", Time since last: 24275 ns, Reaching safepoint: 11728 ns, At safepoint: 14509 ns, Total: 26237 ns
[2020-09-11T12:58:04.493+0000][1][safepoint    ] Safepoint "RevokeBias", Time since last: 24156 ns, Reaching safepoint: 11705 ns, At safepoint: 14468 ns, Total: 26173 ns
[2020-09-11T12:58:04.493+0000][1][safepoint    ] Safepoint "RevokeBias", Time since last: 24451 ns, Reaching safepoint: 11718 ns, At safepoint: 14502 ns, Total: 26220 ns
[2020-09-11T12:58:04.493+0000][1][safepoint    ] Safepoint "RevokeBias", Time since last: 24651 ns, Reaching safepoint: 11745 ns, At safepoint: 14516 ns, Total: 26261 ns
[2020-09-11T12:58:04.494+0000][1][safepoint    ] Safepoint "RevokeBias", Time since last: 24257 ns, Reaching safepoint: 11730 ns, At safepoint: 14425 ns, Total: 26155 ns
[2020-09-11T12:58:04.494+0000][1][safepoint    ] Safepoint "RevokeBias", Time since last: 24266 ns, Reaching safepoint: 11704 ns, At safepoint: 14386 ns, Total: 26090 ns
[2020-09-11T12:58:04.494+0000][1][safepoint    ] Safepoint "RevokeBias", Time since last: 24281 ns, Reaching safepoint: 11785 ns, At safepoint: 14325 ns, Total: 26110 ns
[2020-09-11T12:58:04.494+0000][1][safepoint    ] Safepoint "RevokeBias", Time since last: 24105 ns, Reaching safepoint: 11671 ns, At safepoint: 14484 ns, Total: 26155 ns
[2020-09-11T12:58:04.494+0000][1][safepoint    ] Safepoint "BulkRevokeBias", Time since last: 24595 ns, Reaching safepoint: 11814 ns, At safepoint: 75851 ns, Total: 87665 ns
[2020-09-11T12:58:04.494+0000][1][safepoint    ] Safepoint "RevokeBias", Time since last: 527443 ns, Reaching safepoint: 14137 ns, At safepoint: 28917 ns, Total: 43054 ns
[2020-09-11T12:58:04.494+0000][1][safepoint    ] Safepoint "RevokeBias", Time since last: 57644 ns, Reaching safepoint: 12671 ns, At safepoint: 25186 ns, Total: 37857 ns
[2020-09-11T12:58:04.497+0000][1][safepoint    ] Safepoint "RevokeBias", Time since last: 2346952 ns, Reaching safepoint: 94903 ns, At safepoint: 32695 ns, Total: 127598 ns
[2020-09-11T12:58:04.497+0000][1][safepoint    ] Safepoint "RevokeBias", Time since last: 55453 ns, Reaching safepoint: 83106 ns, At safepoint: 43568 ns, Total: 126674 ns
[2020-09-11T12:58:04.497+0000][1][safepoint    ] Safepoint "RevokeBias", Time since last: 36519 ns, Reaching safepoint: 79732 ns, At safepoint: 23578 ns, Total: 103310 ns
[2020-09-11T12:58:04.497+0000][1][safepoint    ] Safepoint "RevokeBias", Time since last: 24627 ns, Reaching safepoint: 78605 ns, At safepoint: 22444 ns, Total: 101049 ns
[2020-09-11T12:58:04.498+0000][1][safepoint    ] Safepoint "RevokeBias", Time since last: 191076 ns, Reaching safepoint: 82874 ns, At safepoint: 30536 ns, Total: 113410 ns
[2020-09-11T12:58:04.498+0000][1][safepoint    ] Safepoint "RevokeBias", Time since last: 106410 ns, Reaching safepoint: 81225 ns, At safepoint: 22920 ns, Total: 104145 ns
[2020-09-11T12:58:04.498+0000][1][safepoint    ] Safepoint "RevokeBias", Time since last: 258836 ns, Reaching safepoint: 81578 ns, At safepoint: 23352 ns, Total: 104930 ns
[2020-09-11T12:58:04.499+0000][1][safepoint    ] Safepoint "RevokeBias", Time since last: 382652 ns, Reaching safepoint: 82584 ns, At safepoint: 30129 ns, Total: 112713 ns
[2020-09-11T12:58:04.499+0000][1][safepoint    ] Safepoint "RevokeBias", Time since last: 67180 ns, Reaching safepoint: 79869 ns, At safepoint: 23054 ns, Total: 102923 ns
[2020-09-11T12:58:04.499+0000][1][safepoint    ] Safepoint "BulkRevokeBias", Time since last: 192902 ns, Reaching safepoint: 81003 ns, At safepoint: 66322 ns, Total: 147325 ns
[2020-09-11T12:58:04.508+0000][1][safepoint    ] Safepoint "RevokeBias", Time since last: 8122397 ns, Reaching safepoint: 506310 ns, At safepoint: 38006 ns, Total: 544316 ns
[2020-09-11T12:58:04.509+0000][1][safepoint    ] Safepoint "RevokeBias", Time since last: 972191 ns, Reaching safepoint: 101006 ns, At safepoint: 30311 ns, Total: 131317 ns
[2020-09-11T12:58:04.509+0000][1][safepoint    ] Safepoint "RevokeBias", Time since last: 51289 ns, Reaching safepoint: 90634 ns, At safepoint: 24857 ns, Total: 115491 ns
[2020-09-11T12:58:04.664+0000][1][safepoint    ] Safepoint "RevokeBias", Time since last: 154181931 ns, Reaching safepoint: 169909 ns, At safepoint: 14664 ns, Total: 184573 ns
[2020-09-11T12:58:04.664+0000][1][safepoint    ] Safepoint "RevokeBias", Time since last: 147796 ns, Reaching safepoint: 13661 ns, At safepoint: 8423 ns, Total: 22084 ns
[2020-09-11T12:58:04.664+0000][1][safepoint    ] Safepoint "RevokeBias", Time since last: 158058 ns, Reaching safepoint: 12816 ns, At safepoint: 7176 ns, Total: 19992 ns
[2020-09-11T12:58:04.664+0000][1][safepoint    ] Safepoint "RevokeBias", Time since last: 47446 ns, Reaching safepoint: 11439 ns, At safepoint: 6656 ns, Total: 18095 ns
[2020-09-11T12:58:04.761+0000][1][safepoint    ] Safepoint "RevokeBias", Time since last: 97220881 ns, Reaching safepoint: 106428 ns, At safepoint: 13119 ns, Total: 119547 ns
[2020-09-11T12:58:04.927+0000][1][gc,start     ] GC(61) Pause Young (Allocation Failure)
[2020-09-11T12:58:04.927+0000][1][gc,task      ] GC(61) Using 1 workers of 1 for evacuation
[2020-09-11T12:58:05.011+0000][1][gc,age       ] GC(61) Desired survivor size 4358144 bytes, new threshold 2 (max threshold 6)
[2020-09-11T12:58:05.011+0000][1][gc,age       ] GC(61) Age table with threshold 2 (max threshold 6)
[2020-09-11T12:58:05.011+0000][1][gc,age       ] GC(61) - age   1:    2131032 bytes,    2131032 total
[2020-09-11T12:58:05.011+0000][1][gc,age       ] GC(61) - age   2:    2652312 bytes,    4783344 total
[2020-09-11T12:58:05.019+0000][1][gc,heap      ] GC(61) ParNew: 76672K->6139K(76672K)
[2020-09-11T12:58:05.019+0000][1][gc,heap      ] GC(61) CMS: 50042K->54182K(2011968K)
[2020-09-11T12:58:05.019+0000][1][gc,metaspace ] GC(61) Metaspace: 52584K->52584K(1097728K)
[2020-09-11T12:58:05.020+0000][1][gc           ] GC(61) Pause Young (Allocation Failure) 123M->58M(2039M) 92.968ms
[2020-09-11T12:58:05.020+0000][1][gc,cpu       ] GC(61) User=0.09s Sys=0.00s Real=0.09s
[2020-09-11T12:58:05.020+0000][1][safepoint    ] Safepoint "GenCollectForAllocation", Time since last: 164821256 ns, Reaching safepoint: 364529 ns, At safepoint: 93053316 ns, Total: 93417845 ns
[2020-09-11T12:58:05.027+0000][1][safepoint    ] Safepoint "RevokeBias", Time since last: 7077827 ns, Reaching safepoint: 31556 ns, At safepoint: 27215 ns, Total: 58771 ns
[2020-09-11T12:58:05.027+0000][1][safepoint    ] Safepoint "RevokeBias", Time since last: 56440 ns, Reaching safepoint: 86928 ns, At safepoint: 8333 ns, Total: 95261 ns
[2020-09-11T12:58:05.381+0000][1][safepoint    ] Safepoint "RevokeBias", Time since last: 353935342 ns, Reaching safepoint: 413610 ns, At safepoint: 44796 ns, Total: 458406 ns
[2020-09-11T12:58:06.242+0000][1][gc,start     ] GC(62) Pause Young (Allocation Failure)
[2020-09-11T12:58:06.242+0000][1][gc,task      ] GC(62) Using 1 workers of 1 for evacuation
[2020-09-11T12:58:06.276+0000][1][gc,age       ] GC(62) Desired survivor size 4358144 bytes, new threshold 6 (max threshold 6)
[2020-09-11T12:58:06.276+0000][1][gc,age       ] GC(62) Age table with threshold 6 (max threshold 6)
[2020-09-11T12:58:06.276+0000][1][gc,age       ] GC(62) - age   1:    1766440 bytes,    1766440 total
[2020-09-11T12:58:06.276+0000][1][gc,age       ] GC(62) - age   2:    2095872 bytes,    3862312 total
[2020-09-11T12:58:06.276+0000][1][gc,heap      ] GC(62) ParNew: 74299K->5038K(76672K)
[2020-09-11T12:58:06.276+0000][1][gc,heap      ] GC(62) CMS: 54182K->56880K(2011968K)
[2020-09-11T12:58:06.276+0000][1][gc,metaspace ] GC(62) Metaspace: 60758K->60758K(1105920K)
[2020-09-11T12:58:06.276+0000][1][gc           ] GC(62) Pause Young (Allocation Failure) 125M->60M(2039M) 33.652ms
[2020-09-11T12:58:06.276+0000][1][gc,cpu       ] GC(62) User=0.04s Sys=0.00s Real=0.04s
[2020-09-11T12:58:06.276+0000][1][safepoint    ] Safepoint "GenCollectForAllocation", Time since last: 859803572 ns, Reaching safepoint: 1016106 ns, At safepoint: 33721121 ns, Total: 34737227 ns
[2020-09-11T12:58:06.361+0000][1][safepoint    ] Safepoint "CollectForMetadataAllocation", Time since last: 85413490 ns, Reaching safepoint: 118064 ns, At safepoint: 78422 ns, Total: 196486 ns
[2020-09-11T12:58:06.401+0000][1][safepoint    ] Safepoint "RevokeBias", Time since last: 39786747 ns, Reaching safepoint: 165163 ns, At safepoint: 14242 ns, Total: 179405 ns
[2020-09-11T12:58:06.402+0000][1][safepoint    ] Safepoint "RevokeBias", Time since last: 60254 ns, Reaching safepoint: 139471 ns, At safepoint: 9722 ns, Total: 149193 ns
[2020-09-11T12:58:06.402+0000][1][safepoint    ] Safepoint "RevokeBias", Time since last: 33930 ns, Reaching safepoint: 137386 ns, At safepoint: 8923 ns, Total: 146309 ns
[2020-09-11T12:58:06.402+0000][1][safepoint    ] Safepoint "RevokeBias", Time since last: 34819 ns, Reaching safepoint: 133974 ns, At safepoint: 8653 ns, Total: 142627 ns
[2020-09-11T12:58:06.435+0000][1][safepoint    ] Safepoint "CollectForMetadataAllocation", Time since last: 33133690 ns, Reaching safepoint: 148428 ns, At safepoint: 139014 ns, Total: 287442 ns
[2020-09-11T12:58:06.516+0000][1][safepoint    ] Safepoint "CollectForMetadataAllocation", Time since last: 79923659 ns, Reaching safepoint: 177460 ns, At safepoint: 110223 ns, Total: 287683 ns
[2020-09-11T12:58:06.610+0000][1][safepoint    ] Safepoint "CollectForMetadataAllocation", Time since last: 94670955 ns, Reaching safepoint: 159269 ns, At safepoint: 85730 ns, Total: 244999 ns
[2020-09-11T12:58:06.688+0000][1][safepoint    ] Safepoint "CollectForMetadataAllocation", Time since last: 76940949 ns, Reaching safepoint: 110286 ns, At safepoint: 130619 ns, Total: 240905 ns
[2020-09-11T12:58:06.726+0000][1][safepoint    ] Safepoint "RevokeBias", Time since last: 38577750 ns, Reaching safepoint: 108507 ns, At safepoint: 15889 ns, Total: 124396 ns
[2020-09-11T12:58:06.778+0000][1][safepoint    ] Safepoint "CollectForMetadataAllocation", Time since last: 51442317 ns, Reaching safepoint: 114113 ns, At safepoint: 112848 ns, Total: 226961 ns
[2020-09-11T12:58:06.857+0000][1][safepoint    ] Safepoint "Deoptimize", Time since last: 78845528 ns, Reaching safepoint: 106411 ns, At safepoint: 308680 ns, Total: 415091 ns
[2020-09-11T12:58:06.895+0000][1][safepoint    ] Safepoint "CollectForMetadataAllocation", Time since last: 37408588 ns, Reaching safepoint: 115334 ns, At safepoint: 85225 ns, Total: 200559 ns
[2020-09-11T12:58:06.966+0000][1][safepoint    ] Safepoint "CollectForMetadataAllocation", Time since last: 71091148 ns, Reaching safepoint: 163677 ns, At safepoint: 74056 ns, Total: 237733 ns
[2020-09-11T12:58:07.080+0000][1][safepoint    ] Safepoint "CollectForMetadataAllocation", Time since last: 113174965 ns, Reaching safepoint: 120936 ns, At safepoint: 85539 ns, Total: 206475 ns
[2020-09-11T12:58:07.081+0000][1][safepoint    ] Safepoint "RevokeBias", Time since last: 1318460 ns, Reaching safepoint: 99463 ns, At safepoint: 11744 ns, Total: 111207 ns
[2020-09-11T12:58:07.082+0000][1][safepoint    ] Safepoint "RevokeBias", Time since last: 439654 ns, Reaching safepoint: 84758 ns, At safepoint: 9160 ns, Total: 93918 ns
[2020-09-11T12:58:07.082+0000][1][safepoint    ] Safepoint "RevokeBias", Time since last: 175846 ns, Reaching safepoint: 83620 ns, At safepoint: 8411 ns, Total: 92031 ns
[2020-09-11T12:58:07.082+0000][1][safepoint    ] Safepoint "RevokeBias", Time since last: 35426 ns, Reaching safepoint: 81564 ns, At safepoint: 8080 ns, Total: 89644 ns
[2020-09-11T12:58:07.158+0000][1][safepoint    ] Safepoint "CollectForMetadataAllocation", Time since last: 75696959 ns, Reaching safepoint: 152282 ns, At safepoint: 110466 ns, Total: 262748 ns
[2020-09-11T12:58:07.262+0000][1][safepoint    ] Safepoint "RevokeBias", Time since last: 104152025 ns, Reaching safepoint: 118953 ns, At safepoint: 38256 ns, Total: 157209 ns
[2020-09-11T12:58:07.263+0000][1][safepoint    ] Safepoint "RevokeBias", Time since last: 511490 ns, Reaching safepoint: 90770 ns, At safepoint: 32589 ns, Total: 123359 ns
[2020-09-11T12:58:07.306+0000][1][safepoint    ] Safepoint "CollectForMetadataAllocation", Time since last: 42580243 ns, Reaching safepoint: 107537 ns, At safepoint: 75159 ns, Total: 182696 ns
[2020-09-11T12:58:07.358+0000][1][safepoint    ] Safepoint "CollectForMetadataAllocation", Time since last: 51828437 ns, Reaching safepoint: 114052 ns, At safepoint: 107972 ns, Total: 222024 ns
[2020-09-11T12:58:07.408+0000][1][safepoint    ] Safepoint "CollectForMetadataAllocation", Time since last: 49876164 ns, Reaching safepoint: 117154 ns, At safepoint: 151182 ns, Total: 268336 ns
[2020-09-11T12:58:07.440+0000][1][safepoint    ] Safepoint "CollectForMetadataAllocation", Time since last: 31580299 ns, Reaching safepoint: 115345 ns, At safepoint: 87454 ns, Total: 202799 ns
[2020-09-11T12:58:07.474+0000][1][safepoint    ] Safepoint "RevokeBias", Time since last: 34113493 ns, Reaching safepoint: 143057 ns, At safepoint: 14057 ns, Total: 157114 ns
[2020-09-11T12:58:07.509+0000][1][safepoint    ] Safepoint "CollectForMetadataAllocation", Time since last: 34893150 ns, Reaching safepoint: 98582 ns, At safepoint: 114283 ns, Total: 212865 ns
[2020-09-11T12:58:07.558+0000][1][safepoint    ] Safepoint "CollectForMetadataAllocation", Time since last: 48300132 ns, Reaching safepoint: 106718 ns, At safepoint: 123855 ns, Total: 230573 ns
[2020-09-11T12:58:07.615+0000][1][safepoint    ] Safepoint "CollectForMetadataAllocation", Time since last: 56586084 ns, Reaching safepoint: 149134 ns, At safepoint: 339423 ns, Total: 488557 ns
[2020-09-11T12:58:07.674+0000][1][safepoint    ] Safepoint "BulkRevokeBias", Time since last: 58936764 ns, Reaching safepoint: 106567 ns, At safepoint: 65375 ns, Total: 171942 ns
[2020-09-11T12:58:07.684+0000][1][safepoint    ] Safepoint "CollectForMetadataAllocation", Time since last: 9701102 ns, Reaching safepoint: 101992 ns, At safepoint: 126386 ns, Total: 228378 ns
[2020-09-11T12:58:07.700+0000][1][gc,start     ] GC(63) Pause Young (Allocation Failure)
[2020-09-11T12:58:07.700+0000][1][gc,task      ] GC(63) Using 1 workers of 1 for evacuation
[2020-09-11T12:58:07.735+0000][1][gc,age       ] GC(63) Desired survivor size 4358144 bytes, new threshold 2 (max threshold 6)
[2020-09-11T12:58:07.735+0000][1][gc,age       ] GC(63) Age table with threshold 2 (max threshold 6)
[2020-09-11T12:58:07.735+0000][1][gc,age       ] GC(63) - age   1:    3453488 bytes,    3453488 total
[2020-09-11T12:58:07.735+0000][1][gc,age       ] GC(63) - age   2:    1603648 bytes,    5057136 total
[2020-09-11T12:58:07.735+0000][1][gc,age       ] GC(63) - age   3:    2066992 bytes,    7124128 total
[2020-09-11T12:58:07.735+0000][1][gc,heap      ] GC(63) ParNew: 73198K->8176K(76672K)
[2020-09-11T12:58:07.735+0000][1][gc,heap      ] GC(63) CMS: 56880K->56880K(2011968K)
[2020-09-11T12:58:07.735+0000][1][gc,metaspace ] GC(63) Metaspace: 66535K->66535K(1110016K)
[2020-09-11T12:58:07.735+0000][1][gc           ] GC(63) Pause Young (Allocation Failure) 127M->63M(2039M) 34.948ms
[2020-09-11T12:58:07.735+0000][1][gc,cpu       ] GC(63) User=0.03s Sys=0.00s Real=0.03s
[2020-09-11T12:58:07.736+0000][1][safepoint    ] Safepoint "GenCollectForAllocation", Time since last: 16393270 ns, Reaching safepoint: 108479 ns, At safepoint: 35482385 ns, Total: 35590864 ns
[2020-09-11T12:58:07.741+0000][1][gc,start     ] GC(64) Pause Initial Mark
[2020-09-11T12:58:07.748+0000][1][gc           ] GC(64) Pause Initial Mark 64M->64M(2039M) 7.463ms
[2020-09-11T12:58:07.748+0000][1][gc,cpu       ] GC(64) User=0.01s Sys=0.00s Real=0.01s
[2020-09-11T12:58:07.748+0000][1][safepoint    ] Safepoint "CMS_Initial_Mark", Time since last: 4904668 ns, Reaching safepoint: 31993 ns, At safepoint: 7665499 ns, Total: 7697492 ns
[2020-09-11T12:58:07.748+0000][1][gc           ] GC(64) Concurrent Mark
[2020-09-11T12:58:07.752+0000][1][safepoint    ] Safepoint "CollectForMetadataAllocation", Time since last: 3172147 ns, Reaching safepoint: 41118 ns, At safepoint: 134688 ns, Total: 175806 ns
[2020-09-11T12:58:07.840+0000][1][safepoint    ] Safepoint "CollectForMetadataAllocation", Time since last: 87843565 ns, Reaching safepoint: 45441 ns, At safepoint: 86272 ns, Total: 131713 ns
[2020-09-11T12:58:07.933+0000][1][gc           ] GC(64) Concurrent Mark 184.439ms
[2020-09-11T12:58:07.933+0000][1][gc,cpu       ] GC(64) User=0.18s Sys=0.00s Real=0.18s
[2020-09-11T12:58:07.935+0000][1][safepoint    ] Safepoint "RevokeBias", Time since last: 75856970 ns, Reaching safepoint: 20056625 ns, At safepoint: 13003 ns, Total: 20069628 ns
[2020-09-11T12:58:07.939+0000][1][gc           ] GC(64) Concurrent Preclean
[2020-09-11T12:58:07.942+0000][1][gc           ] GC(64) Concurrent Preclean 3.019ms
[2020-09-11T12:58:07.942+0000][1][gc,cpu       ] GC(64) User=0.00s Sys=0.00s Real=0.00s
[2020-09-11T12:58:07.942+0000][1][gc           ] GC(64) Concurrent Abortable Preclean
[2020-09-11T12:58:07.949+0000][1][safepoint    ] Safepoint "CollectForMetadataAllocation", Time since last: 12776398 ns, Reaching safepoint: 155140 ns, At safepoint: 109588 ns, Total: 264728 ns
[2020-09-11T12:58:08.004+0000][1][safepoint    ] Safepoint "CollectForMetadataAllocation", Time since last: 55349216 ns, Reaching safepoint: 46453 ns, At safepoint: 116353 ns, Total: 162806 ns
[2020-09-11T12:58:08.036+0000][1][safepoint    ] Safepoint "CollectForMetadataAllocation", Time since last: 27377205 ns, Reaching safepoint: 4040172 ns, At safepoint: 131795 ns, Total: 4171967 ns
[2020-09-11T12:58:08.067+0000][1][safepoint    ] Safepoint "Deoptimize", Time since last: 24804326 ns, Reaching safepoint: 6320798 ns, At safepoint: 343279 ns, Total: 6664077 ns
[2020-09-11T12:58:08.084+0000][1][safepoint    ] Safepoint "CollectForMetadataAllocation", Time since last: 16370296 ns, Reaching safepoint: 106332 ns, At safepoint: 151910 ns, Total: 258242 ns
[2020-09-11T12:58:08.092+0000][1][safepoint    ] Safepoint "Deoptimize", Time since last: 7843208 ns, Reaching safepoint: 41187 ns, At safepoint: 327279 ns, Total: 368466 ns
[2020-09-11T12:58:08.176+0000][1][safepoint    ] Safepoint "CollectForMetadataAllocation", Time since last: 77104176 ns, Reaching safepoint: 6468696 ns, At safepoint: 304027 ns, Total: 6772723 ns
[2020-09-11T12:58:08.204+0000][1][safepoint    ] Safepoint "CollectForMetadataAllocation", Time since last: 28388619 ns, Reaching safepoint: 48533 ns, At safepoint: 106303 ns, Total: 154836 ns
[2020-09-11T12:58:08.246+0000][1][safepoint    ] Safepoint "RevokeBias", Time since last: 41741358 ns, Reaching safepoint: 49006 ns, At safepoint: 19658 ns, Total: 68664 ns
[2020-09-11T12:58:08.247+0000][1][safepoint    ] Safepoint "RevokeBias", Time since last: 390705 ns, Reaching safepoint: 95925 ns, At safepoint: 20797 ns, Total: 116722 ns
[2020-09-11T12:58:08.253+0000][1][safepoint    ] Safepoint "RevokeBias", Time since last: 4394959 ns, Reaching safepoint: 1772401 ns, At safepoint: 19530 ns, Total: 1791931 ns
[2020-09-11T12:58:08.253+0000][1][safepoint    ] Safepoint "RevokeBias", Time since last: 594219 ns, Reaching safepoint: 23215 ns, At safepoint: 17478 ns, Total: 40693 ns
[2020-09-11T12:58:08.254+0000][1][safepoint    ] Safepoint "RevokeBias", Time since last: 54208 ns, Reaching safepoint: 17215 ns, At safepoint: 14811 ns, Total: 32026 ns
[2020-09-11T12:58:08.254+0000][1][safepoint    ] Safepoint "RevokeBias", Time since last: 157017 ns, Reaching safepoint: 18201 ns, At safepoint: 14820 ns, Total: 33021 ns
[2020-09-11T12:58:08.254+0000][1][safepoint    ] Safepoint "RevokeBias", Time since last: 181336 ns, Reaching safepoint: 12931 ns, At safepoint: 14534 ns, Total: 27465 ns
[2020-09-11T12:58:08.254+0000][1][safepoint    ] Safepoint "RevokeBias", Time since last: 149488 ns, Reaching safepoint: 15718 ns, At safepoint: 14346 ns, Total: 30064 ns
[2020-09-11T12:58:08.254+0000][1][safepoint    ] Safepoint "RevokeBias", Time since last: 32001 ns, Reaching safepoint: 13062 ns, At safepoint: 13137 ns, Total: 26199 ns
[2020-09-11T12:58:08.255+0000][1][safepoint    ] Safepoint "RevokeBias", Time since last: 467058 ns, Reaching safepoint: 128816 ns, At safepoint: 17045 ns, Total: 145861 ns
[2020-09-11T12:58:08.258+0000][1][safepoint    ] Safepoint "RevokeBias", Time since last: 3206175 ns, Reaching safepoint: 92442 ns, At safepoint: 26547 ns, Total: 118989 ns
[2020-09-11T12:58:08.259+0000][1][safepoint    ] Safepoint "RevokeBias", Time since last: 426054 ns, Reaching safepoint: 89589 ns, At safepoint: 22430 ns, Total: 112019 ns
[2020-09-11T12:58:08.264+0000][1][safepoint    ] Safepoint "Deoptimize", Time since last: 3993469 ns, Reaching safepoint: 800888 ns, At safepoint: 353989 ns, Total: 1154877 ns
[2020-09-11T12:58:08.308+0000][1][safepoint    ] Safepoint "CollectForMetadataAllocation", Time since last: 40165425 ns, Reaching safepoint: 3491872 ns, At safepoint: 125195 ns, Total: 3617067 ns
[2020-09-11T12:58:08.488+0000][1][safepoint    ] Safepoint "CollectForMetadataAllocation", Time since last: 179436786 ns, Reaching safepoint: 609583 ns, At safepoint: 69313 ns, Total: 678896 ns
[2020-09-11T12:58:08.528+0000][1][safepoint    ] Safepoint "CollectForMetadataAllocation", Time since last: 40324615 ns, Reaching safepoint: 150202 ns, At safepoint: 130111 ns, Total: 280313 ns
[2020-09-11T12:58:08.588+0000][1][safepoint    ] Safepoint "CollectForMetadataAllocation", Time since last: 55116989 ns, Reaching safepoint: 4031069 ns, At safepoint: 130675 ns, Total: 4161744 ns
[2020-09-11T12:58:08.698+0000][1][safepoint    ] Safepoint "CollectForMetadataAllocation", Time since last: 110569260 ns, Reaching safepoint: 137242 ns, At safepoint: 131275 ns, Total: 268517 ns
[2020-09-11T12:58:08.772+0000][1][safepoint    ] Safepoint "CollectForMetadataAllocation", Time since last: 72988730 ns, Reaching safepoint: 52459 ns, At safepoint: 123093 ns, Total: 175552 ns
[2020-09-11T12:58:08.772+0000][1][safepoint    ] Safepoint "RevokeBias", Time since last: 73965 ns, Reaching safepoint: 21791 ns, At safepoint: 11139 ns, Total: 32930 ns
[2020-09-11T12:58:08.790+0000][1][safepoint    ] Safepoint "RevokeBias", Time since last: 14558243 ns, Reaching safepoint: 3264069 ns, At safepoint: 21993 ns, Total: 3286062 ns
[2020-09-11T12:58:08.790+0000][1][safepoint    ] Safepoint "RevokeBias", Time since last: 160828 ns, Reaching safepoint: 95915 ns, At safepoint: 15711 ns, Total: 111626 ns
[2020-09-11T12:58:08.790+0000][1][safepoint    ] Safepoint "RevokeBias", Time since last: 171595 ns, Reaching safepoint: 95767 ns, At safepoint: 14521 ns, Total: 110288 ns
[2020-09-11T12:58:08.790+0000][1][safepoint    ] Safepoint "RevokeBias", Time since last: 37931 ns, Reaching safepoint: 88387 ns, At safepoint: 14460 ns, Total: 102847 ns
[2020-09-11T12:58:08.795+0000][1][safepoint    ] Safepoint "RevokeBias", Time since last: 5084429 ns, Reaching safepoint: 114451 ns, At safepoint: 17925 ns, Total: 132376 ns
[2020-09-11T12:58:08.796+0000][1][safepoint    ] Safepoint "RevokeBias", Time since last: 43956 ns, Reaching safepoint: 94234 ns, At safepoint: 14702 ns, Total: 108936 ns
[2020-09-11T12:58:08.802+0000][1][safepoint    ] Safepoint "RevokeBias", Time since last: 4810601 ns, Reaching safepoint: 1367203 ns, At safepoint: 25378 ns, Total: 1392581 ns
[2020-09-11T12:58:08.811+0000][1][safepoint    ] Safepoint "RevokeBias", Time since last: 5098273 ns, Reaching safepoint: 4549325 ns, At safepoint: 27711 ns, Total: 4577036 ns
[2020-09-11T12:58:08.812+0000][1][safepoint    ] Safepoint "RevokeBias", Time since last: 403323 ns, Reaching safepoint: 139752 ns, At safepoint: 22601 ns, Total: 162353 ns
[2020-09-11T12:58:08.819+0000][1][safepoint    ] Safepoint "RevokeBias", Time since last: 3500155 ns, Reaching safepoint: 3898138 ns, At safepoint: 21702 ns, Total: 3919840 ns
[2020-09-11T12:58:08.821+0000][1][safepoint    ] Safepoint "RevokeBias", Time since last: 1982104 ns, Reaching safepoint: 27424 ns, At safepoint: 17977 ns, Total: 45401 ns
[2020-09-11T12:58:08.824+0000][1][safepoint    ] Safepoint "RevokeBias", Time since last: 2811774 ns, Reaching safepoint: 99934 ns, At safepoint: 17162 ns, Total: 117096 ns
[2020-09-11T12:58:08.831+0000][1][safepoint    ] Safepoint "RevokeBias", Time since last: 3239381 ns, Reaching safepoint: 3781880 ns, At safepoint: 14419 ns, Total: 3796299 ns
[2020-09-11T12:58:08.832+0000][1][safepoint    ] Safepoint "RevokeBias", Time since last: 84420 ns, Reaching safepoint: 23020 ns, At safepoint: 11113 ns, Total: 34133 ns
[2020-09-11T12:58:08.832+0000][1][safepoint    ] Safepoint "RevokeBias", Time since last: 40323 ns, Reaching safepoint: 17536 ns, At safepoint: 10037 ns, Total: 27573 ns
[2020-09-11T12:58:08.832+0000][1][safepoint    ] Safepoint "RevokeBias", Time since last: 274674 ns, Reaching safepoint: 21104 ns, At safepoint: 10136 ns, Total: 31240 ns
[2020-09-11T12:58:08.832+0000][1][safepoint    ] Safepoint "RevokeBias", Time since last: 269951 ns, Reaching safepoint: 19637 ns, At safepoint: 11067 ns, Total: 30704 ns
[2020-09-11T12:58:08.832+0000][1][safepoint    ] Safepoint "RevokeBias", Time since last: 32261 ns, Reaching safepoint: 15579 ns, At safepoint: 9495 ns, Total: 25074 ns
[2020-09-11T12:58:08.833+0000][1][safepoint    ] Safepoint "RevokeBias", Time since last: 484952 ns, Reaching safepoint: 16361 ns, At safepoint: 9079 ns, Total: 25440 ns
[2020-09-11T12:58:08.836+0000][1][safepoint    ] Safepoint "RevokeBias", Time since last: 3212358 ns, Reaching safepoint: 100062 ns, At safepoint: 16033 ns, Total: 116095 ns
[2020-09-11T12:58:08.843+0000][1][safepoint    ] Safepoint "RevokeBias", Time since last: 3392905 ns, Reaching safepoint: 3925336 ns, At safepoint: 14956 ns, Total: 3940292 ns
[2020-09-11T12:58:08.868+0000][1][safepoint    ] Safepoint "RevokeBias", Time since last: 18128807 ns, Reaching safepoint: 5910094 ns, At safepoint: 17077 ns, Total: 5927171 ns
[2020-09-11T12:58:08.868+0000][1][safepoint    ] Safepoint "RevokeBias", Time since last: 170086 ns, Reaching safepoint: 86910 ns, At safepoint: 12979 ns, Total: 99889 ns
[2020-09-11T12:58:08.878+0000][1][safepoint    ] Safepoint "RevokeBias", Time since last: 4411199 ns, Reaching safepoint: 5949540 ns, At safepoint: 27279 ns, Total: 5976819 ns
[2020-09-11T12:58:08.879+0000][1][safepoint    ] Safepoint "RevokeBias", Time since last: 1129625 ns, Reaching safepoint: 92998 ns, At safepoint: 22160 ns, Total: 115158 ns
[2020-09-11T12:58:08.880+0000][1][safepoint    ] Safepoint "RevokeBias", Time since last: 47363 ns, Reaching safepoint: 86650 ns, At safepoint: 14634 ns, Total: 101284 ns
[2020-09-11T12:58:08.880+0000][1][safepoint    ] Safepoint "RevokeBias", Time since last: 35968 ns, Reaching safepoint: 83571 ns, At safepoint: 13602 ns, Total: 97173 ns
[2020-09-11T12:58:08.880+0000][1][safepoint    ] Safepoint "RevokeBias", Time since last: 33746 ns, Reaching safepoint: 81643 ns, At safepoint: 13396 ns, Total: 95039 ns
[2020-09-11T12:58:08.880+0000][1][safepoint    ] Safepoint "RevokeBias", Time since last: 36832 ns, Reaching safepoint: 81519 ns, At safepoint: 13118 ns, Total: 94637 ns
[2020-09-11T12:58:08.880+0000][1][safepoint    ] Safepoint "RevokeBias", Time since last: 34672 ns, Reaching safepoint: 82274 ns, At safepoint: 16035 ns, Total: 98309 ns
[2020-09-11T12:58:08.880+0000][1][safepoint    ] Safepoint "RevokeBias", Time since last: 49746 ns, Reaching safepoint: 82292 ns, At safepoint: 13039 ns, Total: 95331 ns
[2020-09-11T12:58:08.881+0000][1][safepoint    ] Safepoint "RevokeBias", Time since last: 483270 ns, Reaching safepoint: 84561 ns, At safepoint: 12455 ns, Total: 97016 ns
[2020-09-11T12:58:08.900+0000][1][safepoint    ] Safepoint "RevokeBias", Time since last: 18931019 ns, Reaching safepoint: 61941 ns, At safepoint: 12082 ns, Total: 74023 ns
[2020-09-11T12:58:08.902+0000][1][safepoint    ] Safepoint "BulkRevokeBias", Time since last: 2206145 ns, Reaching safepoint: 40236 ns, At safepoint: 91977 ns, Total: 132213 ns
[2020-09-11T12:58:08.915+0000][1][safepoint    ] Safepoint "RevokeBias", Time since last: 13228637 ns, Reaching safepoint: 54531 ns, At safepoint: 15699 ns, Total: 70230 ns
[2020-09-11T12:58:08.925+0000][1][safepoint    ] Safepoint "RevokeBias", Time since last: 8207398 ns, Reaching safepoint: 1244064 ns, At safepoint: 11182 ns, Total: 1255246 ns
[2020-09-11T12:58:08.929+0000][1][safepoint    ] Safepoint "RevokeBias", Time since last: 2955601 ns, Reaching safepoint: 1474379 ns, At safepoint: 15548 ns, Total: 1489927 ns
[2020-09-11T12:58:08.929+0000][1][safepoint    ] Safepoint "RevokeBias", Time since last: 61569 ns, Reaching safepoint: 18107 ns, At safepoint: 10436 ns, Total: 28543 ns
[2020-09-11T12:58:08.944+0000][1][safepoint    ] Safepoint "CollectForMetadataAllocation", Time since last: 11590388 ns, Reaching safepoint: 2421439 ns, At safepoint: 125553 ns, Total: 2546992 ns
[2020-09-11T12:58:08.948+0000][1][safepoint    ] Safepoint "CollectForMetadataAllocation", Time since last: 2131122 ns, Reaching safepoint: 1813872 ns, At safepoint: 10675 ns, Total: 1824547 ns
[2020-09-11T12:58:08.955+0000][1][safepoint    ] Safepoint "RevokeBias", Time since last: 3914021 ns, Reaching safepoint: 3976112 ns, At safepoint: 12542 ns, Total: 3988654 ns
[2020-09-11T12:58:08.956+0000][1][safepoint    ] Safepoint "RevokeBias", Time since last: 117439 ns, Reaching safepoint: 83453 ns, At safepoint: 10315 ns, Total: 93768 ns
[2020-09-11T12:58:08.975+0000][1][safepoint    ] Safepoint "RevokeBias", Time since last: 15465265 ns, Reaching safepoint: 4332999 ns, At safepoint: 16046 ns, Total: 4349045 ns
[2020-09-11T12:58:08.978+0000][1][safepoint    ] Safepoint "RevokeBias", Time since last: 1904448 ns, Reaching safepoint: 101891 ns, At safepoint: 14869 ns, Total: 116760 ns
[2020-09-11T12:58:08.996+0000][1][safepoint    ] Safepoint "CollectForMetadataAllocation", Time since last: 17892289 ns, Reaching safepoint: 165968 ns, At safepoint: 86832 ns, Total: 252800 ns
[2020-09-11T12:58:09.019+0000][1][safepoint    ] Safepoint "RevokeBias", Time since last: 20364719 ns, Reaching safepoint: 3447121 ns, At safepoint: 19138 ns, Total: 3466259 ns
[2020-09-11T12:58:09.020+0000][1][safepoint    ] Safepoint "RevokeBias", Time since last: 71205 ns, Reaching safepoint: 148613 ns, At safepoint: 17184 ns, Total: 165797 ns
[2020-09-11T12:58:09.140+0000][1][safepoint    ] Safepoint "CollectForMetadataAllocation", Time since last: 118831658 ns, Reaching safepoint: 916444 ns, At safepoint: 82875 ns, Total: 999319 ns
[2020-09-11T12:58:09.199+0000][1][safepoint    ] Safepoint "RevokeBias", Time since last: 55848852 ns, Reaching safepoint: 4058415 ns, At safepoint: 17811 ns, Total: 4076226 ns
[2020-09-11T12:58:09.200+0000][1][safepoint    ] Safepoint "RevokeBias", Time since last: 70479 ns, Reaching safepoint: 17022 ns, At safepoint: 9027 ns, Total: 26049 ns
[2020-09-11T12:58:09.200+0000][1][safepoint    ] Safepoint "RevokeBias", Time since last: 29523 ns, Reaching safepoint: 16150 ns, At safepoint: 8466 ns, Total: 24616 ns
[2020-09-11T12:58:09.202+0000][1][safepoint    ] Safepoint "RevokeBias", Time since last: 1933318 ns, Reaching safepoint: 26091 ns, At safepoint: 116355 ns, Total: 142446 ns
[2020-09-11T12:58:09.202+0000][1][safepoint    ] Safepoint "RevokeBias", Time since last: 123064 ns, Reaching safepoint: 17673 ns, At safepoint: 9771 ns, Total: 27444 ns
[2020-09-11T12:58:09.202+0000][1][safepoint    ] Safepoint "RevokeBias", Time since last: 39572 ns, Reaching safepoint: 14251 ns, At safepoint: 8120 ns, Total: 22371 ns
[2020-09-11T12:58:09.220+0000][1][safepoint    ] Safepoint "RevokeBias", Time since last: 17793969 ns, Reaching safepoint: 147647 ns, At safepoint: 25873 ns, Total: 173520 ns
[2020-09-11T12:58:09.228+0000][1][safepoint    ] Safepoint "RevokeBias", Time since last: 3582225 ns, Reaching safepoint: 4102388 ns, At safepoint: 29024 ns, Total: 4131412 ns
[2020-09-11T12:58:09.236+0000][1][safepoint    ] Safepoint "RevokeBias", Time since last: 3876010 ns, Reaching safepoint: 4066845 ns, At safepoint: 26037 ns, Total: 4092882 ns
[2020-09-11T12:58:09.244+0000][1][safepoint    ] Safepoint "RevokeBias", Time since last: 4368203 ns, Reaching safepoint: 3639230 ns, At safepoint: 32068 ns, Total: 3671298 ns
[2020-09-11T12:58:09.248+0000][1][safepoint    ] Safepoint "RevokeBias", Time since last: 3668755 ns, Reaching safepoint: 229152 ns, At safepoint: 39109 ns, Total: 268261 ns
[2020-09-11T12:58:09.248+0000][1][safepoint    ] Safepoint "RevokeBias", Time since last: 70322 ns, Reaching safepoint: 92835 ns, At safepoint: 29007 ns, Total: 121842 ns
[2020-09-11T12:58:09.261+0000][1][safepoint    ] Safepoint "RevokeBias", Time since last: 7667915 ns, Reaching safepoint: 5563852 ns, At safepoint: 32389 ns, Total: 5596241 ns
[2020-09-11T12:58:09.264+0000][1][safepoint    ] Safepoint "RevokeBias", Time since last: 2552473 ns, Reaching safepoint: 109147 ns, At safepoint: 25066 ns, Total: 134213 ns
[2020-09-11T12:58:09.272+0000][1][safepoint    ] Safepoint "RevokeBias", Time since last: 4516851 ns, Reaching safepoint: 3761972 ns, At safepoint: 19096 ns, Total: 3781068 ns
[2020-09-11T12:58:09.289+0000][1][safepoint    ] Safepoint "RevokeBias", Time since last: 7401759 ns, Reaching safepoint: 9516044 ns, At safepoint: 24576 ns, Total: 9540620 ns
[2020-09-11T12:58:09.307+0000][1][safepoint    ] Safepoint "RevokeBias", Time since last: 16543935 ns, Reaching safepoint: 1997628 ns, At safepoint: 6491 ns, Total: 2004119 ns
[2020-09-11T12:58:09.328+0000][1][safepoint    ] Safepoint "CollectForMetadataAllocation", Time since last: 15924170 ns, Reaching safepoint: 4050136 ns, At safepoint: 121491 ns, Total: 4171627 ns
[2020-09-11T12:58:09.351+0000][1][safepoint    ] Safepoint "RevokeBias", Time since last: 23826222 ns, Reaching safepoint: 63651 ns, At safepoint: 5871 ns, Total: 69522 ns
[2020-09-11T12:58:09.352+0000][1][safepoint    ] Safepoint "RevokeBias", Time since last: 213919 ns, Reaching safepoint: 108210 ns, At safepoint: 6037 ns, Total: 114247 ns
[2020-09-11T12:58:09.352+0000][1][safepoint    ] Safepoint "RevokeBias", Time since last: 42368 ns, Reaching safepoint: 97018 ns, At safepoint: 5177 ns, Total: 102195 ns
[2020-09-11T12:58:09.352+0000][1][safepoint    ] Safepoint "RevokeBias", Time since last: 139461 ns, Reaching safepoint: 96589 ns, At safepoint: 5212 ns, Total: 101801 ns
[2020-09-11T12:58:09.353+0000][1][safepoint    ] Safepoint "RevokeBias", Time since last: 802060 ns, Reaching safepoint: 95718 ns, At safepoint: 5482 ns, Total: 101200 ns
[2020-09-11T12:58:09.353+0000][1][safepoint    ] Safepoint "RevokeBias", Time since last: 250754 ns, Reaching safepoint: 91771 ns, At safepoint: 5212 ns, Total: 96983 ns
[2020-09-11T12:58:09.371+0000][1][safepoint    ] Safepoint "RevokeBias", Time since last: 13955882 ns, Reaching safepoint: 4052396 ns, At safepoint: 5717 ns, Total: 4058113 ns
[2020-09-11T12:58:09.372+0000][1][safepoint    ] Safepoint "RevokeBias", Time since last: 62050 ns, Reaching safepoint: 36353 ns, At safepoint: 2903 ns, Total: 39256 ns
[2020-09-11T12:58:09.386+0000][1][safepoint    ] Safepoint "CollectForMetadataAllocation", Time since last: 8374845 ns, Reaching safepoint: 6328921 ns, At safepoint: 131602 ns, Total: 6460523 ns
[2020-09-11T12:58:09.428+0000][1][safepoint    ] Safepoint "CollectForMetadataAllocation", Time since last: 39367485 ns, Reaching safepoint: 1701162 ns, At safepoint: 113421 ns, Total: 1814583 ns
[2020-09-11T12:58:09.472+0000][1][safepoint    ] Safepoint "CollectForMetadataAllocation", Time since last: 43952449 ns, Reaching safepoint: 68330 ns, At safepoint: 121182 ns, Total: 189512 ns
[2020-09-11T12:58:09.508+0000][1][safepoint    ] Safepoint "Deoptimize", Time since last: 35699080 ns, Reaching safepoint: 70090 ns, At safepoint: 363258 ns, Total: 433348 ns
[2020-09-11T12:58:09.544+0000][1][safepoint    ] Safepoint "CollectForMetadataAllocation", Time since last: 27564067 ns, Reaching safepoint: 8115874 ns, At safepoint: 122321 ns, Total: 8238195 ns
[2020-09-11T12:58:09.625+0000][1][safepoint    ] Safepoint "CollectForMetadataAllocation", Time since last: 81372083 ns, Reaching safepoint: 135343 ns, At safepoint: 146644 ns, Total: 281987 ns
[2020-09-11T12:58:09.644+0000][1][safepoint    ] Safepoint "CollectForMetadataAllocation", Time since last: 6116524 ns, Reaching safepoint: 12149495 ns, At safepoint: 15736 ns, Total: 12165231 ns
[2020-09-11T12:58:09.675+0000][1][safepoint    ] Safepoint "RevokeBias", Time since last: 31819431 ns, Reaching safepoint: 72257 ns, At safepoint: 7033 ns, Total: 79290 ns
[2020-09-11T12:58:09.676+0000][1][safepoint    ] Safepoint "RevokeBias", Time since last: 69126 ns, Reaching safepoint: 36322 ns, At safepoint: 3934 ns, Total: 40256 ns
[2020-09-11T12:58:09.692+0000][1][safepoint    ] Safepoint "RevokeBias", Time since last: 16081325 ns, Reaching safepoint: 64544 ns, At safepoint: 5994 ns, Total: 70538 ns
[2020-09-11T12:58:09.692+0000][1][safepoint    ] Safepoint "RevokeBias", Time since last: 68710 ns, Reaching safepoint: 104790 ns, At safepoint: 6706 ns, Total: 111496 ns
[2020-09-11T12:58:09.692+0000][1][safepoint    ] Safepoint "RevokeBias", Time since last: 35954 ns, Reaching safepoint: 25146 ns, At safepoint: 3213 ns, Total: 28359 ns
[2020-09-11T12:58:09.692+0000][1][safepoint    ] Safepoint "RevokeBias", Time since last: 188696 ns, Reaching safepoint: 27035 ns, At safepoint: 2907 ns, Total: 29942 ns
[2020-09-11T12:58:09.724+0000][1][safepoint    ] Safepoint "RevokeBias", Time since last: 31893873 ns, Reaching safepoint: 64124 ns, At safepoint: 5905 ns, Total: 70029 ns
[2020-09-11T12:58:09.724+0000][1][safepoint    ] Safepoint "RevokeBias", Time since last: 74928 ns, Reaching safepoint: 33429 ns, At safepoint: 3577 ns, Total: 37006 ns
[2020-09-11T12:58:09.724+0000][1][safepoint    ] Safepoint "RevokeBias", Time since last: 38905 ns, Reaching safepoint: 25562 ns, At safepoint: 3114 ns, Total: 28676 ns
[2020-09-11T12:58:09.725+0000][1][safepoint    ] Safepoint "RevokeBias", Time since last: 143207 ns, Reaching safepoint: 27984 ns, At safepoint: 2850 ns, Total: 30834 ns
[2020-09-11T12:58:09.740+0000][1][safepoint    ] Safepoint "RevokeBias", Time since last: 15253019 ns, Reaching safepoint: 64289 ns, At safepoint: 5664 ns, Total: 69953 ns
[2020-09-11T12:58:09.753+0000][1][safepoint    ] Safepoint "RevokeBias", Time since last: 13547143 ns, Reaching safepoint: 67392 ns, At safepoint: 6419 ns, Total: 73811 ns
[2020-09-11T12:58:09.754+0000][1][safepoint    ] Safepoint "RevokeBias", Time since last: 60392 ns, Reaching safepoint: 102917 ns, At safepoint: 6356 ns, Total: 109273 ns
[2020-09-11T12:58:09.755+0000][1][safepoint    ] Safepoint "RevokeBias", Time since last: 1760081 ns, Reaching safepoint: 41475 ns, At safepoint: 3536 ns, Total: 45011 ns
[2020-09-11T12:58:09.756+0000][1][safepoint    ] Safepoint "RevokeBias", Time since last: 34122 ns, Reaching safepoint: 93698 ns, At safepoint: 5507 ns, Total: 99205 ns
[2020-09-11T12:58:09.756+0000][1][safepoint    ] Safepoint "RevokeBias", Time since last: 27070 ns, Reaching safepoint: 90061 ns, At safepoint: 4886 ns, Total: 94947 ns
[2020-09-11T12:58:09.756+0000][1][safepoint    ] Safepoint "RevokeBias", Time since last: 26778 ns, Reaching safepoint: 89992 ns, At safepoint: 5021 ns, Total: 95013 ns
[2020-09-11T12:58:09.756+0000][1][safepoint    ] Safepoint "RevokeBias", Time since last: 26454 ns, Reaching safepoint: 89314 ns, At safepoint: 5181 ns, Total: 94495 ns
[2020-09-11T12:58:09.756+0000][1][safepoint    ] Safepoint "RevokeBias", Time since last: 24896 ns, Reaching safepoint: 88478 ns, At safepoint: 4970 ns, Total: 93448 ns
[2020-09-11T12:58:09.835+0000][1][safepoint    ] Safepoint "RevokeBias", Time since last: 79285783 ns, Reaching safepoint: 98473 ns, At safepoint: 6783 ns, Total: 105256 ns
[2020-09-11T12:58:09.865+0000][1][gc,start     ] GC(65) Pause Young (Allocation Failure)
[2020-09-11T12:58:09.865+0000][1][gc,task      ] GC(65) Using 1 workers of 1 for evacuation
[2020-09-11T12:58:09.918+0000][1][gc,age       ] GC(65) Desired survivor size 4358144 bytes, new threshold 2 (max threshold 6)
[2020-09-11T12:58:09.918+0000][1][gc,age       ] GC(65) Age table with threshold 2 (max threshold 6)
[2020-09-11T12:58:09.918+0000][1][gc,age       ] GC(65) - age   1:    2484896 bytes,    2484896 total
[2020-09-11T12:58:09.918+0000][1][gc,age       ] GC(65) - age   2:    3375936 bytes,    5860832 total
[2020-09-11T12:58:09.918+0000][1][gc,heap      ] GC(65) ParNew: 76336K->6239K(76672K)
[2020-09-11T12:58:09.918+0000][1][gc,heap      ] GC(65) CMS: 56880K->60530K(2011968K)
[2020-09-11T12:58:09.918+0000][1][gc,metaspace ] GC(65) Metaspace: 74042K->74042K(1118208K)
[2020-09-11T12:58:09.918+0000][1][gc           ] GC(65) Pause Young (Allocation Failure) 130M->65M(2039M) 53.797ms
[2020-09-11T12:58:09.918+0000][1][gc,cpu       ] GC(65) User=0.05s Sys=0.00s Real=0.05s
[2020-09-11T12:58:09.935+0000][1][safepoint    ] Safepoint "GenCollectForAllocation", Time since last: 29104123 ns, Reaching safepoint: 71477 ns, At safepoint: 70782907 ns, Total: 70854384 ns
[2020-09-11T12:58:09.944+0000][1][safepoint    ] Safepoint "RevokeBias", Time since last: 1982504 ns, Reaching safepoint: 6611707 ns, At safepoint: 7032 ns, Total: 6618739 ns
[2020-09-11T12:58:09.944+0000][1][safepoint    ] Safepoint "RevokeBias", Time since last: 98330 ns, Reaching safepoint: 20482 ns, At safepoint: 3013 ns, Total: 23495 ns
[2020-09-11T12:58:09.944+0000][1][safepoint    ] Safepoint "RevokeBias", Time since last: 39668 ns, Reaching safepoint: 18124 ns, At safepoint: 2653 ns, Total: 20777 ns
[2020-09-11T12:58:09.945+0000][1][safepoint    ] Safepoint "RevokeBias", Time since last: 711363 ns, Reaching safepoint: 21966 ns, At safepoint: 3035 ns, Total: 25001 ns
[2020-09-11T12:58:09.946+0000][1][safepoint    ] Safepoint "RevokeBias", Time since last: 1225103 ns, Reaching safepoint: 95792 ns, At safepoint: 6749 ns, Total: 102541 ns
[2020-09-11T12:58:09.955+0000][1][safepoint    ] Safepoint "RevokeBias", Time since last: 7674971 ns, Reaching safepoint: 1520572 ns, At safepoint: 4889 ns, Total: 1525461 ns
[2020-09-11T12:58:11.732+0000][1][safepoint    ] Safepoint "Cleanup", Time since last: 1776015939 ns, Reaching safepoint: 99777 ns, At safepoint: 2214 ns, Total: 101991 ns
[2020-09-11T12:58:12.987+0000][1][gc           ] GC(64) Concurrent Abortable Preclean 5044.539ms
[2020-09-11T12:58:12.987+0000][1][gc,cpu       ] GC(64) User=3.38s Sys=0.04s Real=5.05s
[2020-09-11T12:58:12.987+0000][1][gc,start     ] GC(64) Pause Remark
[2020-09-11T12:58:13.004+0000][1][gc           ] GC(64) Pause Remark 72M->72M(2039M) 16.615ms
[2020-09-11T12:58:13.004+0000][1][gc,cpu       ] GC(64) User=0.02s Sys=0.00s Real=0.02s
[2020-09-11T12:58:13.004+0000][1][safepoint    ] Safepoint "CMS_Final_Remark", Time since last: 1255549503 ns, Reaching safepoint: 57844 ns, At safepoint: 16705635 ns, Total: 16763479 ns
[2020-09-11T12:58:13.004+0000][1][gc           ] GC(64) Concurrent Sweep
[2020-09-11T12:58:13.021+0000][1][gc           ] GC(64) Concurrent Sweep 17.084ms
[2020-09-11T12:58:13.021+0000][1][gc,cpu       ] GC(64) User=0.01s Sys=0.00s Real=0.01s
[2020-09-11T12:58:13.021+0000][1][gc           ] GC(64) Concurrent Reset
[2020-09-11T12:58:13.025+0000][1][gc           ] GC(64) Concurrent Reset 3.511ms
[2020-09-11T12:58:13.025+0000][1][gc,cpu       ] GC(64) User=0.01s Sys=0.00s Real=0.01s
[2020-09-11T12:58:13.025+0000][1][gc,heap      ] GC(64) Old: 56880K->59502K(2011968K)
[2020-09-11T12:58:14.226+0000][1][safepoint    ] Safepoint "RevokeBias", Time since last: 1221686428 ns, Reaching safepoint: 574866 ns, At safepoint: 10138 ns, Total: 585004 ns
[2020-09-11T12:58:14.226+0000][1][safepoint    ] Safepoint "RevokeBias", Time since last: 69746 ns, Reaching safepoint: 23131 ns, At safepoint: 3117 ns, Total: 26248 ns
[2020-09-11T12:58:16.227+0000][1][safepoint    ] Safepoint "Cleanup", Time since last: 2000310837 ns, Reaching safepoint: 85225 ns, At safepoint: 7378 ns, Total: 92603 ns
[2020-09-11T12:58:17.227+0000][1][safepoint    ] Safepoint "Cleanup", Time since last: 1000147239 ns, Reaching safepoint: 115389 ns, At safepoint: 6771 ns, Total: 122160 ns
[2020-09-11T12:58:18.227+0000][1][safepoint    ] Safepoint "Cleanup", Time since last: 1000191661 ns, Reaching safepoint: 90524 ns, At safepoint: 6973 ns, Total: 97497 ns
[2020-09-11T12:58:20.228+0000][1][safepoint    ] Safepoint "Cleanup", Time since last: 2000336912 ns, Reaching safepoint: 89641 ns, At safepoint: 7450 ns, Total: 97091 ns
[2020-09-11T12:58:22.228+0000][1][safepoint    ] Safepoint "Cleanup", Time since last: 2000351755 ns, Reaching safepoint: 102000 ns, At safepoint: 16755 ns, Total: 118755 ns
[2020-09-11T12:58:27.229+0000][1][safepoint    ] Safepoint "Cleanup", Time since last: 5000799400 ns, Reaching safepoint: 101927 ns, At safepoint: 17139 ns, Total: 119066 ns
[2020-09-11T12:58:28.229+0000][1][safepoint    ] Safepoint "Cleanup", Time since last: 1000227701 ns, Reaching safepoint: 119394 ns, At safepoint: 17260 ns, Total: 136654 ns
[2020-09-11T12:58:33.230+0000][1][safepoint    ] Safepoint "Cleanup", Time since last: 5000793568 ns, Reaching safepoint: 110250 ns, At safepoint: 17500 ns, Total: 127750 ns
[2020-09-11T12:58:40.231+0000][1][safepoint    ] Safepoint "Cleanup", Time since last: 7001036543 ns, Reaching safepoint: 108392 ns, At safepoint: 6542 ns, Total: 114934 ns
[2020-09-11T12:58:41.661+0000][1][safepoint    ] Safepoint "RevokeBias", Time since last: 1429810198 ns, Reaching safepoint: 67299 ns, At safepoint: 9774 ns, Total: 77073 ns
[2020-09-11T12:58:43.662+0000][1][safepoint    ] Safepoint "Cleanup", Time since last: 2000287771 ns, Reaching safepoint: 82589 ns, At safepoint: 6700 ns, Total: 89289 ns
[2020-09-11T12:58:47.483+0000][1][safepoint    ] Safepoint "RevokeBias", Time since last: 3820584603 ns, Reaching safepoint: 167297 ns, At safepoint: 9274 ns, Total: 176571 ns
[2020-09-11T12:58:47.491+0000][1][safepoint    ] Safepoint "BulkRevokeBias", Time since last: 8096731 ns, Reaching safepoint: 177487 ns, At safepoint: 129795 ns, Total: 307282 ns
[2020-09-11T12:58:47.491+0000][1][safepoint    ] Safepoint "RevokeBias", Time since last: 71556 ns, Reaching safepoint: 142143 ns, At safepoint: 5751 ns, Total: 147894 ns
[2020-09-11T12:58:47.493+0000][1][safepoint    ] Safepoint "RevokeBias", Time since last: 1836728 ns, Reaching safepoint: 151447 ns, At safepoint: 12968 ns, Total: 164415 ns
[2020-09-11T12:58:47.493+0000][1][safepoint    ] Safepoint "RevokeBias", Time since last: 141697 ns, Reaching safepoint: 143935 ns, At safepoint: 10250 ns, Total: 154185 ns
[2020-09-11T12:58:47.494+0000][1][safepoint    ] Safepoint "RevokeBias", Time since last: 392438 ns, Reaching safepoint: 145030 ns, At safepoint: 5666 ns, Total: 150696 ns
[2020-09-11T12:58:47.494+0000][1][safepoint    ] Safepoint "BulkRevokeBias", Time since last: 38713 ns, Reaching safepoint: 142019 ns, At safepoint: 150275 ns, Total: 292294 ns
[2020-09-11T12:58:47.497+0000][1][safepoint    ] Safepoint "RevokeBias", Time since last: 2976945 ns, Reaching safepoint: 166858 ns, At safepoint: 7665 ns, Total: 174523 ns
[2020-09-11T12:58:47.498+0000][1][safepoint    ] Safepoint "RevokeBias", Time since last: 769457 ns, Reaching safepoint: 133391 ns, At safepoint: 5941 ns, Total: 139332 ns
[2020-09-11T12:58:47.534+0000][1][safepoint    ] Safepoint "Deoptimize", Time since last: 34957414 ns, Reaching safepoint: 170175 ns, At safepoint: 411719 ns, Total: 581894 ns
[2020-09-11T12:58:47.542+0000][1][safepoint    ] Safepoint "RevokeBias", Time since last: 7940546 ns, Reaching safepoint: 165954 ns, At safepoint: 16775 ns, Total: 182729 ns
[2020-09-11T12:58:47.556+0000][1][safepoint    ] Safepoint "RevokeBias", Time since last: 13385806 ns, Reaching safepoint: 120924 ns, At safepoint: 9087 ns, Total: 130011 ns
[2020-09-11T12:58:47.593+0000][1][safepoint    ] Safepoint "RevokeBias", Time since last: 36796499 ns, Reaching safepoint: 168860 ns, At safepoint: 9690 ns, Total: 178550 ns
[2020-09-11T12:58:47.593+0000][1][safepoint    ] Safepoint "RevokeBias", Time since last: 284447 ns, Reaching safepoint: 93424 ns, At safepoint: 11977 ns, Total: 105401 ns
[2020-09-11T12:58:47.597+0000][1][safepoint    ] Safepoint "RevokeBias", Time since last: 3893696 ns, Reaching safepoint: 165535 ns, At safepoint: 8942 ns, Total: 174477 ns
[2020-09-11T12:58:47.599+0000][1][safepoint    ] Safepoint "RevokeBias", Time since last: 2139305 ns, Reaching safepoint: 166528 ns, At safepoint: 8218 ns, Total: 174746 ns
[2020-09-11T12:58:47.701+0000][1][safepoint    ] Safepoint "RevokeBias", Time since last: 101422511 ns, Reaching safepoint: 140376 ns, At safepoint: 9843 ns, Total: 150219 ns
[2020-09-11T12:58:47.701+0000][1][safepoint    ] Safepoint "RevokeBias", Time since last: 58858 ns, Reaching safepoint: 139312 ns, At safepoint: 6579 ns, Total: 145891 ns
[2020-09-11T12:58:47.716+0000][1][safepoint    ] Safepoint "RevokeBias", Time since last: 14367287 ns, Reaching safepoint: 218312 ns, At safepoint: 9913 ns, Total: 228225 ns
[2020-09-11T12:58:47.722+0000][1][safepoint    ] Safepoint "RevokeBias", Time since last: 6012238 ns, Reaching safepoint: 173351 ns, At safepoint: 10302 ns, Total: 183653 ns
[2020-09-11T12:58:47.775+0000][1][safepoint    ] Safepoint "Deoptimize", Time since last: 52199976 ns, Reaching safepoint: 134087 ns, At safepoint: 488116 ns, Total: 622203 ns
[2020-09-11T12:58:47.789+0000][1][safepoint    ] Safepoint "RevokeBias", Time since last: 14134457 ns, Reaching safepoint: 120101 ns, At safepoint: 15176 ns, Total: 135277 ns
[2020-09-11T12:58:49.352+0000][1][safepoint    ] Safepoint "Cleanup", Time since last: 1562627643 ns, Reaching safepoint: 95897 ns, At safepoint: 7836 ns, Total: 103733 ns
[2020-09-11T12:58:50.352+0000][1][safepoint    ] Safepoint "Cleanup", Time since last: 1000168874 ns, Reaching safepoint: 86733 ns, At safepoint: 7458 ns, Total: 94191 ns
[2020-09-11T12:58:51.352+0000][1][safepoint    ] Safepoint "Cleanup", Time since last: 1000192734 ns, Reaching safepoint: 113387 ns, At safepoint: 17927 ns, Total: 131314 ns
[2020-09-11T12:58:52.353+0000][1][safepoint    ] Safepoint "Cleanup", Time since last: 1000237681 ns, Reaching safepoint: 80771 ns, At safepoint: 7316 ns, Total: 88087 ns
[2020-09-11T12:58:52.965+0000][1][gc,start     ] GC(66) Pause Young (Allocation Failure)
[2020-09-11T12:58:52.966+0000][1][gc,task      ] GC(66) Using 1 workers of 1 for evacuation
[2020-09-11T12:58:53.001+0000][1][gc,age       ] GC(66) Desired survivor size 4358144 bytes, new threshold 6 (max threshold 6)
[2020-09-11T12:58:53.001+0000][1][gc,age       ] GC(66) Age table with threshold 6 (max threshold 6)
[2020-09-11T12:58:53.001+0000][1][gc,age       ] GC(66) - age   1:     557456 bytes,     557456 total
[2020-09-11T12:58:53.001+0000][1][gc,age       ] GC(66) - age   2:    2276400 bytes,    2833856 total
[2020-09-11T12:58:53.001+0000][1][gc,heap      ] GC(66) ParNew: 74399K->5852K(76672K)
[2020-09-11T12:58:53.001+0000][1][gc,heap      ] GC(66) CMS: 59502K->79303K(2011968K)
[2020-09-11T12:58:53.001+0000][1][gc,metaspace ] GC(66) Metaspace: 76232K->76232K(1120256K)
[2020-09-11T12:58:53.002+0000][1][gc           ] GC(66) Pause Young (Allocation Failure) 130M->83M(2039M) 36.024ms
[2020-09-11T12:58:53.002+0000][1][gc,cpu       ] GC(66) User=0.03s Sys=0.00s Real=0.03s
[2020-09-11T12:58:53.002+0000][1][safepoint    ] Safepoint "GenCollectForAllocation", Time since last: 612701946 ns, Reaching safepoint: 173724 ns, At safepoint: 36100115 ns, Total: 36273839 ns
[2020-09-11T12:58:54.006+0000][1][safepoint    ] Safepoint "Cleanup", Time since last: 1003995829 ns, Reaching safepoint: 109325 ns, At safepoint: 50449 ns, Total: 159774 ns
[2020-09-11T12:58:55.006+0000][1][safepoint    ] Safepoint "Cleanup", Time since last: 1000234805 ns, Reaching safepoint: 102448 ns, At safepoint: 16461 ns, Total: 118909 ns
[2020-09-11T12:58:56.006+0000][1][safepoint    ] Safepoint "Cleanup", Time since last: 1000240585 ns, Reaching safepoint: 84554 ns, At safepoint: 6602 ns, Total: 91156 ns
[2020-09-11T12:58:57.007+0000][1][safepoint    ] Safepoint "Cleanup", Time since last: 1000205071 ns, Reaching safepoint: 114656 ns, At safepoint: 16832 ns, Total: 131488 ns
[2020-09-11T12:58:58.007+0000][1][safepoint    ] Safepoint "Cleanup", Time since last: 1000151604 ns, Reaching safepoint: 194973 ns, At safepoint: 16318 ns, Total: 211291 ns
[2020-09-11T12:58:59.007+0000][1][safepoint    ] Safepoint "Cleanup", Time since last: 1000201360 ns, Reaching safepoint: 93554 ns, At safepoint: 5856 ns, Total: 99410 ns
[2020-09-11T12:59:00.008+0000][1][safepoint    ] Safepoint "Cleanup", Time since last: 1000179871 ns, Reaching safepoint: 85104 ns, At safepoint: 7621 ns, Total: 92725 ns
[2020-09-11T12:59:01.008+0000][1][safepoint    ] Safepoint "Cleanup", Time since last: 1000183588 ns, Reaching safepoint: 96291 ns, At safepoint: 15973 ns, Total: 112264 ns
[2020-09-11T12:59:02.008+0000][1][safepoint    ] Safepoint "Cleanup", Time since last: 1000196466 ns, Reaching safepoint: 88300 ns, At safepoint: 7219 ns, Total: 95519 ns
[2020-09-11T12:59:03.009+0000][1][safepoint    ] Safepoint "Cleanup", Time since last: 1000148574 ns, Reaching safepoint: 97529 ns, At safepoint: 6674 ns, Total: 104203 ns
[2020-09-11T12:59:04.009+0000][1][safepoint    ] Safepoint "Cleanup", Time since last: 1000185249 ns, Reaching safepoint: 108666 ns, At safepoint: 17066 ns, Total: 125732 ns
[2020-09-11T12:59:05.009+0000][1][safepoint    ] Safepoint "Cleanup", Time since last: 1000221321 ns, Reaching safepoint: 102842 ns, At safepoint: 17283 ns, Total: 120125 ns
[2020-09-11T12:59:06.010+0000][1][safepoint    ] Safepoint "Cleanup", Time since last: 1000237960 ns, Reaching safepoint: 107894 ns, At safepoint: 17394 ns, Total: 125288 ns
[2020-09-11T12:59:07.010+0000][1][safepoint    ] Safepoint "Cleanup", Time since last: 1000236254 ns, Reaching safepoint: 109314 ns, At safepoint: 16131 ns, Total: 125445 ns
[2020-09-11T12:59:08.010+0000][1][safepoint    ] Safepoint "Cleanup", Time since last: 1000188807 ns, Reaching safepoint: 116661 ns, At safepoint: 17420 ns, Total: 134081 ns
[2020-09-11T12:59:09.011+0000][1][safepoint    ] Safepoint "Cleanup", Time since last: 1000228737 ns, Reaching safepoint: 91865 ns, At safepoint: 7847 ns, Total: 99712 ns
[2020-09-11T12:59:10.011+0000][1][safepoint    ] Safepoint "Cleanup", Time since last: 1000216737 ns, Reaching safepoint: 95062 ns, At safepoint: 7416 ns, Total: 102478 ns
[2020-09-11T12:59:12.011+0000][1][safepoint    ] Safepoint "Cleanup", Time since last: 2000292680 ns, Reaching safepoint: 91094 ns, At safepoint: 6362 ns, Total: 97456 ns
[2020-09-11T12:59:14.011+0000][1][safepoint    ] Safepoint "Cleanup", Time since last: 2000162781 ns, Reaching safepoint: 65910 ns, At safepoint: 6869 ns, Total: 72779 ns
[2020-09-11T12:59:17.012+0000][1][safepoint    ] Safepoint "Cleanup", Time since last: 3000388305 ns, Reaching safepoint: 58550 ns, At safepoint: 5698 ns, Total: 64248 ns
[2020-09-11T12:59:18.012+0000][1][safepoint    ] Safepoint "Cleanup", Time since last: 1000168319 ns, Reaching safepoint: 143676 ns, At safepoint: 16953 ns, Total: 160629 ns
[2020-09-11T12:59:19.013+0000][1][safepoint    ] Safepoint "Cleanup", Time since last: 1000215565 ns, Reaching safepoint: 78253 ns, At safepoint: 9595 ns, Total: 87848 ns
[2020-09-11T12:59:23.013+0000][1][safepoint    ] Safepoint "Cleanup", Time since last: 4000554837 ns, Reaching safepoint: 87508 ns, At safepoint: 6300 ns, Total: 93808 ns
[2020-09-11T12:59:24.013+0000][1][safepoint    ] Safepoint "Cleanup", Time since last: 1000105872 ns, Reaching safepoint: 68883 ns, At safepoint: 6596 ns, Total: 75479 ns
[2020-09-11T12:59:39.020+0000][1][safepoint    ] Safepoint "Cleanup", Time since last: 15006815071 ns, Reaching safepoint: 100961 ns, At safepoint: 7023 ns, Total: 107984 ns
[2020-09-11T12:59:40.021+0000][1][safepoint    ] Safepoint "Cleanup", Time since last: 1000182322 ns, Reaching safepoint: 82547 ns, At safepoint: 6670 ns, Total: 89217 ns
[2020-09-11T12:59:44.021+0000][1][safepoint    ] Safepoint "Cleanup", Time since last: 4000598313 ns, Reaching safepoint: 119881 ns, At safepoint: 16722 ns, Total: 136603 ns
[2020-09-11T12:59:49.022+0000][1][safepoint    ] Safepoint "Cleanup", Time since last: 5000735938 ns, Reaching safepoint: 136750 ns, At safepoint: 7127 ns, Total: 143877 ns
[2020-09-11T12:59:53.023+0000][1][safepoint    ] Safepoint "Cleanup", Time since last: 4000514097 ns, Reaching safepoint: 123690 ns, At safepoint: 17434 ns, Total: 141124 ns
[2020-09-11T12:59:54.023+0000][1][safepoint    ] Safepoint "Cleanup", Time since last: 1000222168 ns, Reaching safepoint: 125555 ns, At safepoint: 17470 ns, Total: 143025 ns
[2020-09-11T12:59:55.024+0000][1][safepoint    ] Safepoint "Cleanup", Time since last: 1000230342 ns, Reaching safepoint: 89616 ns, At safepoint: 7102 ns, Total: 96718 ns
[2020-09-11T12:59:58.024+0000][1][safepoint    ] Safepoint "Cleanup", Time since last: 3000493773 ns, Reaching safepoint: 102913 ns, At safepoint: 8784 ns, Total: 111697 ns
[2020-09-11T13:00:10.026+0000][1][safepoint    ] Safepoint "Cleanup", Time since last: 12001663534 ns, Reaching safepoint: 95532 ns, At safepoint: 7461 ns, Total: 102993 ns
[2020-09-11T13:00:11.026+0000][1][safepoint    ] Safepoint "Cleanup", Time since last: 1000192764 ns, Reaching safepoint: 95897 ns, At safepoint: 6701 ns, Total: 102598 ns
[2020-09-11T13:00:13.201+0000][1][gc,start     ] GC(67) Pause Young (Allocation Failure)
[2020-09-11T13:00:13.201+0000][1][gc,task      ] GC(67) Using 1 workers of 1 for evacuation
[2020-09-11T13:00:13.221+0000][1][gc,age       ] GC(67) Desired survivor size 4358144 bytes, new threshold 6 (max threshold 6)
[2020-09-11T13:00:13.221+0000][1][gc,age       ] GC(67) Age table with threshold 6 (max threshold 6)
[2020-09-11T13:00:13.221+0000][1][gc,age       ] GC(67) - age   1:       9152 bytes,       9152 total
[2020-09-11T13:00:13.221+0000][1][gc,age       ] GC(67) - age   2:     543800 bytes,     552952 total
[2020-09-11T13:00:13.221+0000][1][gc,age       ] GC(67) - age   3:    2275288 bytes,    2828240 total
[2020-09-11T13:00:13.221+0000][1][gc,heap      ] GC(67) ParNew: 74012K->5001K(76672K)
[2020-09-11T13:00:13.221+0000][1][gc,heap      ] GC(67) CMS: 79303K->79303K(2011968K)
[2020-09-11T13:00:13.221+0000][1][gc,metaspace ] GC(67) Metaspace: 76386K->76386K(1120256K)
[2020-09-11T13:00:13.221+0000][1][gc           ] GC(67) Pause Young (Allocation Failure) 149M->82M(2039M) 19.927ms
[2020-09-11T13:00:13.221+0000][1][gc,cpu       ] GC(67) User=0.02s Sys=0.00s Real=0.02s
[2020-09-11T13:00:13.221+0000][1][safepoint    ] Safepoint "GenCollectForAllocation", Time since last: 2174314060 ns, Reaching safepoint: 182034 ns, At safepoint: 19991157 ns, Total: 20173191 ns
[2020-09-11T13:00:15.225+0000][1][safepoint    ] Safepoint "Cleanup", Time since last: 2003822448 ns, Reaching safepoint: 172628 ns, At safepoint: 17497 ns, Total: 190125 ns
[2020-09-11T13:00:18.225+0000][1][safepoint    ] Safepoint "Cleanup", Time since last: 3000414894 ns, Reaching safepoint: 66353 ns, At safepoint: 6107 ns, Total: 72460 ns
[2020-09-11T13:00:27.227+0000][1][safepoint    ] Safepoint "Cleanup", Time since last: 9001211652 ns, Reaching safepoint: 126826 ns, At safepoint: 17223 ns, Total: 144049 ns
[2020-09-11T13:00:28.227+0000][1][safepoint    ] Safepoint "Cleanup", Time since last: 1000155213 ns, Reaching safepoint: 68763 ns, At safepoint: 7039 ns, Total: 75802 ns
[2020-09-11T13:00:37.228+0000][1][safepoint    ] Safepoint "Cleanup", Time since last: 9001319075 ns, Reaching safepoint: 158515 ns, At safepoint: 17724 ns, Total: 176239 ns
[2020-09-11T13:00:40.230+0000][1][safepoint    ] Safepoint "Cleanup", Time since last: 3001876026 ns, Reaching safepoint: 132889 ns, At safepoint: 16966 ns, Total: 149855 ns
[2020-09-11T13:00:43.231+0000][1][safepoint    ] Safepoint "Cleanup", Time since last: 3000901752 ns, Reaching safepoint: 126605 ns, At safepoint: 16034 ns, Total: 142639 ns
[2020-09-11T13:00:46.232+0000][1][safepoint    ] Safepoint "Cleanup", Time since last: 3000498560 ns, Reaching safepoint: 182350 ns, At safepoint: 18866 ns, Total: 201216 ns
[2020-09-11T13:00:54.233+0000][1][safepoint    ] Safepoint "Cleanup", Time since last: 8001246533 ns, Reaching safepoint: 69918 ns, At safepoint: 7183 ns, Total: 77101 ns
[2020-09-11T13:00:58.234+0000][1][safepoint    ] Safepoint "Cleanup", Time since last: 4000515929 ns, Reaching safepoint: 139682 ns, At safepoint: 16765 ns, Total: 156447 ns
[2020-09-11T13:01:06.235+0000][1][safepoint    ] Safepoint "Cleanup", Time since last: 8001035293 ns, Reaching safepoint: 131216 ns, At safepoint: 16875 ns, Total: 148091 ns
[2020-09-11T13:01:11.236+0000][1][safepoint    ] Safepoint "Cleanup", Time since last: 5000740436 ns, Reaching safepoint: 92392 ns, At safepoint: 6555 ns, Total: 98947 ns
[2020-09-11T13:01:15.237+0000][1][safepoint    ] Safepoint "Cleanup", Time since last: 4000596341 ns, Reaching safepoint: 107738 ns, At safepoint: 6483 ns, Total: 114221 ns
[2020-09-11T13:01:19.238+0000][1][safepoint    ] Safepoint "Cleanup", Time since last: 4000666126 ns, Reaching safepoint: 94075 ns, At safepoint: 6401 ns, Total: 100476 ns
[2020-09-11T13:01:20.238+0000][1][safepoint    ] Safepoint "Cleanup", Time since last: 1000204027 ns, Reaching safepoint: 98246 ns, At safepoint: 6790 ns, Total: 105036 ns
[2020-09-11T13:01:23.238+0000][1][safepoint    ] Safepoint "Cleanup", Time since last: 3000356473 ns, Reaching safepoint: 98028 ns, At safepoint: 6918 ns, Total: 104946 ns
[2020-09-11T13:01:33.384+0000][1][gc,start     ] GC(68) Pause Young (Allocation Failure)
[2020-09-11T13:01:33.385+0000][1][gc,task      ] GC(68) Using 1 workers of 1 for evacuation
[2020-09-11T13:01:33.411+0000][1][gc,age       ] GC(68) Desired survivor size 4358144 bytes, new threshold 6 (max threshold 6)
[2020-09-11T13:01:33.411+0000][1][gc,age       ] GC(68) Age table with threshold 6 (max threshold 6)
[2020-09-11T13:01:33.411+0000][1][gc,age       ] GC(68) - age   1:       7048 bytes,       7048 total
[2020-09-11T13:01:33.411+0000][1][gc,age       ] GC(68) - age   2:       2656 bytes,       9704 total
[2020-09-11T13:01:33.411+0000][1][gc,age       ] GC(68) - age   3:     540112 bytes,     549816 total
[2020-09-11T13:01:33.411+0000][1][gc,age       ] GC(68) - age   4:    2275288 bytes,    2825104 total
[2020-09-11T13:01:33.411+0000][1][gc,heap      ] GC(68) ParNew: 73161K->3321K(76672K)
[2020-09-11T13:01:33.411+0000][1][gc,heap      ] GC(68) CMS: 79303K->79303K(2011968K)
[2020-09-11T13:01:33.411+0000][1][gc,metaspace ] GC(68) Metaspace: 76478K->76478K(1120256K)
[2020-09-11T13:01:33.411+0000][1][gc           ] GC(68) Pause Young (Allocation Failure) 148M->80M(2039M) 26.399ms
[2020-09-11T13:01:33.411+0000][1][gc,cpu       ] GC(68) User=0.02s Sys=0.00s Real=0.02s
[2020-09-11T13:01:33.411+0000][1][safepoint    ] Safepoint "GenCollectForAllocation", Time since last: 10145795829 ns, Reaching safepoint: 232492 ns, At safepoint: 26509027 ns, Total: 26741519 ns
[2020-09-11T13:01:39.415+0000][1][safepoint    ] Safepoint "Cleanup", Time since last: 6003780952 ns, Reaching safepoint: 140797 ns, At safepoint: 17598 ns, Total: 158395 ns
[2020-09-11T13:01:48.416+0000][1][safepoint    ] Safepoint "Cleanup", Time since last: 9001367925 ns, Reaching safepoint: 117081 ns, At safepoint: 7761 ns, Total: 124842 ns
[2020-09-11T13:01:53.417+0000][1][safepoint    ] Safepoint "Cleanup", Time since last: 5000760733 ns, Reaching safepoint: 94074 ns, At safepoint: 8473 ns, Total: 102547 ns
[2020-09-11T13:02:39.428+0000][1][safepoint    ] Safepoint "Cleanup", Time since last: 46010687098 ns, Reaching safepoint: 185968 ns, At safepoint: 20721 ns, Total: 206689 ns
[2020-09-11T13:02:53.430+0000][1][safepoint    ] Safepoint "Cleanup", Time since last: 14001975288 ns, Reaching safepoint: 131252 ns, At safepoint: 7908 ns, Total: 139160 ns
[2020-09-11T13:02:53.521+0000][1][gc,start     ] GC(69) Pause Young (Allocation Failure)
[2020-09-11T13:02:53.521+0000][1][gc,task      ] GC(69) Using 1 workers of 1 for evacuation
[2020-09-11T13:02:53.543+0000][1][gc,age       ] GC(69) Desired survivor size 4358144 bytes, new threshold 6 (max threshold 6)
[2020-09-11T13:02:53.543+0000][1][gc,age       ] GC(69) Age table with threshold 6 (max threshold 6)
[2020-09-11T13:02:53.543+0000][1][gc,age       ] GC(69) - age   1:       6472 bytes,       6472 total
[2020-09-11T13:02:53.543+0000][1][gc,age       ] GC(69) - age   2:       1280 bytes,       7752 total
[2020-09-11T13:02:53.543+0000][1][gc,age       ] GC(69) - age   3:       2656 bytes,      10408 total
[2020-09-11T13:02:53.543+0000][1][gc,age       ] GC(69) - age   4:     540112 bytes,     550520 total
[2020-09-11T13:02:53.543+0000][1][gc,age       ] GC(69) - age   5:    2275288 bytes,    2825808 total
[2020-09-11T13:02:53.543+0000][1][gc,heap      ] GC(69) ParNew: 71481K->4968K(76672K)
[2020-09-11T13:02:53.543+0000][1][gc,heap      ] GC(69) CMS: 79303K->79303K(2011968K)
[2020-09-11T13:02:53.543+0000][1][gc,metaspace ] GC(69) Metaspace: 76525K->76525K(1120256K)
[2020-09-11T13:02:53.543+0000][1][gc           ] GC(69) Pause Young (Allocation Failure) 147M->82M(2039M) 21.559ms
[2020-09-11T13:02:53.543+0000][1][gc,cpu       ] GC(69) User=0.02s Sys=0.00s Real=0.02s
[2020-09-11T13:02:53.543+0000][1][safepoint    ] Safepoint "GenCollectForAllocation", Time since last: 90857355 ns, Reaching safepoint: 229922 ns, At safepoint: 21663781 ns, Total: 21893703 ns
[2020-09-11T13:03:02.547+0000][1][safepoint    ] Safepoint "Cleanup", Time since last: 9004189097 ns, Reaching safepoint: 129592 ns, At safepoint: 16952 ns, Total: 146544 ns
[2020-09-11T13:03:04.548+0000][1][safepoint    ] Safepoint "Cleanup", Time since last: 2000356721 ns, Reaching safepoint: 94081 ns, At safepoint: 8545 ns, Total: 102626 ns
[2020-09-11T13:03:08.569+0000][1][safepoint    ] Safepoint "RevokeBias", Time since last: 4021284706 ns, Reaching safepoint: 179854 ns, At safepoint: 34403 ns, Total: 214257 ns
[2020-09-11T13:03:09.569+0000][1][safepoint    ] Safepoint "Cleanup", Time since last: 1000164188 ns, Reaching safepoint: 93575 ns, At safepoint: 6343 ns, Total: 99918 ns
[2020-09-11T13:03:10.570+0000][1][safepoint    ] Safepoint "Cleanup", Time since last: 1000156532 ns, Reaching safepoint: 85780 ns, At safepoint: 7540 ns, Total: 93320 ns
[2020-09-11T13:03:11.570+0000][1][safepoint    ] Safepoint "Cleanup", Time since last: 1000145876 ns, Reaching safepoint: 105549 ns, At safepoint: 16939 ns, Total: 122488 ns
[2020-09-11T13:03:12.570+0000][1][safepoint    ] Safepoint "Cleanup", Time since last: 1000274291 ns, Reaching safepoint: 123602 ns, At safepoint: 17366 ns, Total: 140968 ns
[2020-09-11T13:03:13.571+0000][1][safepoint    ] Safepoint "Cleanup", Time since last: 1000211541 ns, Reaching safepoint: 91836 ns, At safepoint: 8163 ns, Total: 99999 ns
[2020-09-11T13:03:14.571+0000][1][safepoint    ] Safepoint "Cleanup", Time since last: 1000176230 ns, Reaching safepoint: 121654 ns, At safepoint: 19047 ns, Total: 140701 ns
[2020-09-11T13:03:15.571+0000][1][safepoint    ] Safepoint "Cleanup", Time since last: 1000217745 ns, Reaching safepoint: 153306 ns, At safepoint: 17450 ns, Total: 170756 ns
[2020-09-11T13:03:16.572+0000][1][safepoint    ] Safepoint "Cleanup", Time since last: 1000206764 ns, Reaching safepoint: 109866 ns, At safepoint: 7934 ns, Total: 117800 ns
[2020-09-11T13:03:17.572+0000][1][safepoint    ] Safepoint "Cleanup", Time since last: 1000211807 ns, Reaching safepoint: 93886 ns, At safepoint: 7247 ns, Total: 101133 ns
[2020-09-11T13:03:18.572+0000][1][safepoint    ] Safepoint "Cleanup", Time since last: 1000181257 ns, Reaching safepoint: 165708 ns, At safepoint: 19966 ns, Total: 185674 ns
[2020-09-11T13:03:19.573+0000][1][safepoint    ] Safepoint "Cleanup", Time since last: 1000212154 ns, Reaching safepoint: 123100 ns, At safepoint: 18790 ns, Total: 141890 ns
[2020-09-11T13:03:20.573+0000][1][safepoint    ] Safepoint "Cleanup", Time since last: 1000225875 ns, Reaching safepoint: 136561 ns, At safepoint: 19665 ns, Total: 156226 ns
[2020-09-11T13:03:21.574+0000][1][safepoint    ] Safepoint "Cleanup", Time since last: 1000234660 ns, Reaching safepoint: 153560 ns, At safepoint: 21359 ns, Total: 174919 ns
[2020-09-11T13:03:22.574+0000][1][safepoint    ] Safepoint "Cleanup", Time since last: 1000211542 ns, Reaching safepoint: 125425 ns, At safepoint: 19956 ns, Total: 145381 ns
[2020-09-11T13:03:23.574+0000][1][safepoint    ] Safepoint "Cleanup", Time since last: 1000264577 ns, Reaching safepoint: 88634 ns, At safepoint: 7695 ns, Total: 96329 ns
[2020-09-11T13:03:24.575+0000][1][safepoint    ] Safepoint "Cleanup", Time since last: 1000186907 ns, Reaching safepoint: 121460 ns, At safepoint: 18606 ns, Total: 140066 ns
[2020-09-11T13:03:25.575+0000][1][safepoint    ] Safepoint "Cleanup", Time since last: 1000216825 ns, Reaching safepoint: 91541 ns, At safepoint: 7537 ns, Total: 99078 ns
[2020-09-11T13:03:26.575+0000][1][safepoint    ] Safepoint "Cleanup", Time since last: 1000144708 ns, Reaching safepoint: 121774 ns, At safepoint: 17851 ns, Total: 139625 ns
[2020-09-11T13:03:27.575+0000][1][safepoint    ] Safepoint "Cleanup", Time since last: 1000169477 ns, Reaching safepoint: 62385 ns, At safepoint: 6886 ns, Total: 69271 ns
[2020-09-11T13:03:28.576+0000][1][safepoint    ] Safepoint "Cleanup", Time since last: 1000176230 ns, Reaching safepoint: 103746 ns, At safepoint: 7945 ns, Total: 111691 ns
[2020-09-11T13:03:29.576+0000][1][safepoint    ] Safepoint "Cleanup", Time since last: 1000181108 ns, Reaching safepoint: 85269 ns, At safepoint: 7072 ns, Total: 92341 ns
[2020-09-11T13:03:30.576+0000][1][safepoint    ] Safepoint "Cleanup", Time since last: 1000187831 ns, Reaching safepoint: 144162 ns, At safepoint: 21593 ns, Total: 165755 ns
[2020-09-11T13:03:31.577+0000][1][safepoint    ] Safepoint "Cleanup", Time since last: 1000187440 ns, Reaching safepoint: 113636 ns, At safepoint: 7396 ns, Total: 121032 ns
[2020-09-11T13:03:32.577+0000][1][safepoint    ] Safepoint "Cleanup", Time since last: 1000186395 ns, Reaching safepoint: 122311 ns, At safepoint: 19736 ns, Total: 142047 ns
[2020-09-11T13:03:33.577+0000][1][safepoint    ] Safepoint "Cleanup", Time since last: 1000245312 ns, Reaching safepoint: 89949 ns, At safepoint: 7160 ns, Total: 97109 ns
[2020-09-11T13:03:34.578+0000][1][safepoint    ] Safepoint "Cleanup", Time since last: 1000188973 ns, Reaching safepoint: 86813 ns, At safepoint: 7657 ns, Total: 94470 ns
[2020-09-11T13:03:35.578+0000][1][safepoint    ] Safepoint "Cleanup", Time since last: 1000175825 ns, Reaching safepoint: 90467 ns, At safepoint: 7828 ns, Total: 98295 ns
[2020-09-11T13:03:36.578+0000][1][safepoint    ] Safepoint "Cleanup", Time since last: 1000233045 ns, Reaching safepoint: 67229 ns, At safepoint: 8480 ns, Total: 75709 ns
[2020-09-11T13:03:37.579+0000][1][safepoint    ] Safepoint "Cleanup", Time since last: 1000169048 ns, Reaching safepoint: 106711 ns, At safepoint: 7585 ns, Total: 114296 ns
[2020-09-11T13:03:38.579+0000][1][safepoint    ] Safepoint "Cleanup", Time since last: 1000204469 ns, Reaching safepoint: 111640 ns, At safepoint: 8149 ns, Total: 119789 ns
[2020-09-11T13:03:40.324+0000][1][safepoint    ] Safepoint "Cleanup", Time since last: 1744593022 ns, Reaching safepoint: 164820 ns, At safepoint: 17807 ns, Total: 182627 ns
[2020-09-11T13:03:41.324+0000][1][safepoint    ] Safepoint "Cleanup", Time since last: 1000182982 ns, Reaching safepoint: 115751 ns, At safepoint: 7593 ns, Total: 123344 ns
[2020-09-11T13:03:42.324+0000][1][safepoint    ] Safepoint "Cleanup", Time since last: 1000198235 ns, Reaching safepoint: 151138 ns, At safepoint: 21365 ns, Total: 172503 ns
[2020-09-11T13:03:43.325+0000][1][safepoint    ] Safepoint "Cleanup", Time since last: 1000221224 ns, Reaching safepoint: 124426 ns, At safepoint: 17033 ns, Total: 141459 ns
[2020-09-11T13:03:44.325+0000][1][safepoint    ] Safepoint "Cleanup", Time since last: 1000225427 ns, Reaching safepoint: 125976 ns, At safepoint: 18346 ns, Total: 144322 ns
[2020-09-11T13:03:45.326+0000][1][safepoint    ] Safepoint "Cleanup", Time since last: 1000792968 ns, Reaching safepoint: 126662 ns, At safepoint: 20180 ns, Total: 146842 ns
[2020-09-11T13:03:46.326+0000][1][safepoint    ] Safepoint "Cleanup", Time since last: 1000226950 ns, Reaching safepoint: 91274 ns, At safepoint: 8014 ns, Total: 99288 ns
[2020-09-11T13:03:47.327+0000][1][safepoint    ] Safepoint "Cleanup", Time since last: 1000511015 ns, Reaching safepoint: 93064 ns, At safepoint: 9312 ns, Total: 102376 ns
[2020-09-11T13:03:48.327+0000][1][safepoint    ] Safepoint "Cleanup", Time since last: 1000144055 ns, Reaching safepoint: 110283 ns, At safepoint: 7484 ns, Total: 117767 ns
[2020-09-11T13:03:49.328+0000][1][safepoint    ] Safepoint "Cleanup", Time since last: 1000181502 ns, Reaching safepoint: 150790 ns, At safepoint: 17213 ns, Total: 168003 ns
[2020-09-11T13:03:50.328+0000][1][safepoint    ] Safepoint "Cleanup", Time since last: 1000190471 ns, Reaching safepoint: 124910 ns, At safepoint: 16919 ns, Total: 141829 ns
[2020-09-11T13:03:51.328+0000][1][safepoint    ] Safepoint "Cleanup", Time since last: 1000185832 ns, Reaching safepoint: 126397 ns, At safepoint: 17327 ns, Total: 143724 ns
[2020-09-11T13:03:52.328+0000][1][safepoint    ] Safepoint "Cleanup", Time since last: 1000175468 ns, Reaching safepoint: 110631 ns, At safepoint: 7997 ns, Total: 118628 ns
[2020-09-11T13:03:53.329+0000][1][safepoint    ] Safepoint "Cleanup", Time since last: 1000200213 ns, Reaching safepoint: 127005 ns, At safepoint: 18957 ns, Total: 145962 ns
[2020-09-11T13:03:54.329+0000][1][safepoint    ] Safepoint "Cleanup", Time since last: 1000209104 ns, Reaching safepoint: 93163 ns, At safepoint: 7589 ns, Total: 100752 ns
[2020-09-11T13:03:55.329+0000][1][safepoint    ] Safepoint "Cleanup", Time since last: 1000177391 ns, Reaching safepoint: 95833 ns, At safepoint: 7458 ns, Total: 103291 ns
[2020-09-11T13:03:56.330+0000][1][safepoint    ] Safepoint "Cleanup", Time since last: 1000186635 ns, Reaching safepoint: 92993 ns, At safepoint: 8275 ns, Total: 101268 ns
[2020-09-11T13:03:57.330+0000][1][safepoint    ] Safepoint "Cleanup", Time since last: 1000167092 ns, Reaching safepoint: 102138 ns, At safepoint: 8719 ns, Total: 110857 ns
[2020-09-11T13:03:58.330+0000][1][safepoint    ] Safepoint "Cleanup", Time since last: 1000167401 ns, Reaching safepoint: 65664 ns, At safepoint: 7168 ns, Total: 72832 ns
[2020-09-11T13:03:59.330+0000][1][safepoint    ] Safepoint "Cleanup", Time since last: 1000148768 ns, Reaching safepoint: 106686 ns, At safepoint: 7680 ns, Total: 114366 ns
[2020-09-11T13:04:00.331+0000][1][safepoint    ] Safepoint "Cleanup", Time since last: 1000179648 ns, Reaching safepoint: 94173 ns, At safepoint: 7884 ns, Total: 102057 ns
[2020-09-11T13:04:01.331+0000][1][safepoint    ] Safepoint "Cleanup", Time since last: 1000188332 ns, Reaching safepoint: 86630 ns, At safepoint: 7493 ns, Total: 94123 ns
[2020-09-11T13:04:02.331+0000][1][safepoint    ] Safepoint "Cleanup", Time since last: 1000194482 ns, Reaching safepoint: 93271 ns, At safepoint: 8085 ns, Total: 101356 ns
[2020-09-11T13:04:03.332+0000][1][safepoint    ] Safepoint "Cleanup", Time since last: 1000188678 ns, Reaching safepoint: 114847 ns, At safepoint: 8675 ns, Total: 123522 ns
[2020-09-11T13:04:04.332+0000][1][safepoint    ] Safepoint "Cleanup", Time since last: 1000189239 ns, Reaching safepoint: 93227 ns, At safepoint: 7752 ns, Total: 100979 ns
[2020-09-11T13:04:05.332+0000][1][safepoint    ] Safepoint "Cleanup", Time since last: 1000211186 ns, Reaching safepoint: 70662 ns, At safepoint: 8942 ns, Total: 79604 ns
[2020-09-11T13:04:06.333+0000][1][safepoint    ] Safepoint "Cleanup", Time since last: 1000183432 ns, Reaching safepoint: 90678 ns, At safepoint: 8048 ns, Total: 98726 ns
[2020-09-11T13:04:07.333+0000][1][safepoint    ] Safepoint "Cleanup", Time since last: 1000175597 ns, Reaching safepoint: 93527 ns, At safepoint: 7750 ns, Total: 101277 ns
[2020-09-11T13:04:08.333+0000][1][safepoint    ] Safepoint "Cleanup", Time since last: 1000208287 ns, Reaching safepoint: 108771 ns, At safepoint: 8269 ns, Total: 117040 ns
[2020-09-11T13:04:09.333+0000][1][safepoint    ] Safepoint "Cleanup", Time since last: 1000240298 ns, Reaching safepoint: 76468 ns, At safepoint: 8038 ns, Total: 84506 ns
[2020-09-11T13:04:10.334+0000][1][safepoint    ] Safepoint "Cleanup", Time since last: 1000168262 ns, Reaching safepoint: 96911 ns, At safepoint: 8294 ns, Total: 105205 ns
[2020-09-11T13:04:11.334+0000][1][safepoint    ] Safepoint "Cleanup", Time since last: 1000198075 ns, Reaching safepoint: 93708 ns, At safepoint: 8140 ns, Total: 101848 ns
[2020-09-11T13:04:12.334+0000][1][safepoint    ] Safepoint "Cleanup", Time since last: 1000153913 ns, Reaching safepoint: 105671 ns, At safepoint: 7935 ns, Total: 113606 ns
[2020-09-11T13:04:13.335+0000][1][safepoint    ] Safepoint "Cleanup", Time since last: 1000178551 ns, Reaching safepoint: 126918 ns, At safepoint: 19689 ns, Total: 146607 ns
[2020-09-11T13:04:13.672+0000][1][gc,start     ] GC(70) Pause Young (Allocation Failure)
[2020-09-11T13:04:13.672+0000][1][gc,task      ] GC(70) Using 1 workers of 1 for evacuation
[2020-09-11T13:04:13.694+0000][1][gc,age       ] GC(70) Desired survivor size 4358144 bytes, new threshold 6 (max threshold 6)
[2020-09-11T13:04:13.694+0000][1][gc,age       ] GC(70) Age table with threshold 6 (max threshold 6)
[2020-09-11T13:04:13.694+0000][1][gc,age       ] GC(70) - age   1:       7336 bytes,       7336 total
[2020-09-11T13:04:13.694+0000][1][gc,age       ] GC(70) - age   2:        728 bytes,       8064 total
[2020-09-11T13:04:13.694+0000][1][gc,age       ] GC(70) - age   3:       1280 bytes,       9344 total
[2020-09-11T13:04:13.694+0000][1][gc,age       ] GC(70) - age   4:       2656 bytes,      12000 total
[2020-09-11T13:04:13.694+0000][1][gc,age       ] GC(70) - age   5:     540112 bytes,     552112 total
[2020-09-11T13:04:13.694+0000][1][gc,age       ] GC(70) - age   6:    2275288 bytes,    2827400 total
[2020-09-11T13:04:13.694+0000][1][gc,heap      ] GC(70) ParNew: 73128K->3311K(76672K)
[2020-09-11T13:04:13.694+0000][1][gc,heap      ] GC(70) CMS: 79303K->79303K(2011968K)
[2020-09-11T13:04:13.694+0000][1][gc,metaspace ] GC(70) Metaspace: 76531K->76531K(1120256K)
[2020-09-11T13:04:13.694+0000][1][gc           ] GC(70) Pause Young (Allocation Failure) 148M->80M(2039M) 22.160ms
[2020-09-11T13:04:13.694+0000][1][gc,cpu       ] GC(70) User=0.02s Sys=0.00s Real=0.02s
[2020-09-11T13:04:13.694+0000][1][safepoint    ] Safepoint "GenCollectForAllocation", Time since last: 337339182 ns, Reaching safepoint: 230270 ns, At safepoint: 22248681 ns, Total: 22478951 ns
[2020-09-11T13:04:14.697+0000][1][safepoint    ] Safepoint "Cleanup", Time since last: 1002726239 ns, Reaching safepoint: 58187 ns, At safepoint: 17929 ns, Total: 76116 ns
[2020-09-11T13:04:15.698+0000][1][safepoint    ] Safepoint "Cleanup", Time since last: 1000294070 ns, Reaching safepoint: 61302 ns, At safepoint: 15877 ns, Total: 77179 ns
[2020-09-11T13:04:16.703+0000][1][safepoint    ] Safepoint "Cleanup", Time since last: 1000478376 ns, Reaching safepoint: 229315 ns, At safepoint: 5159415 ns, Total: 5388730 ns
[2020-09-11T13:04:17.724+0000][1][safepoint    ] Safepoint "Cleanup", Time since last: 1020022040 ns, Reaching safepoint: 62002 ns, At safepoint: 6223 ns, Total: 68225 ns
[2020-09-11T13:04:18.724+0000][1][safepoint    ] Safepoint "Cleanup", Time since last: 1000193777 ns, Reaching safepoint: 82276 ns, At safepoint: 8228 ns, Total: 90504 ns
[2020-09-11T13:04:19.724+0000][1][safepoint    ] Safepoint "Cleanup", Time since last: 1000147601 ns, Reaching safepoint: 116782 ns, At safepoint: 18502 ns, Total: 135284 ns
[2020-09-11T13:04:20.724+0000][1][safepoint    ] Safepoint "Cleanup", Time since last: 1000226054 ns, Reaching safepoint: 80650 ns, At safepoint: 8092 ns, Total: 88742 ns
[2020-09-11T13:04:21.725+0000][1][safepoint    ] Safepoint "Cleanup", Time since last: 1000170392 ns, Reaching safepoint: 78634 ns, At safepoint: 6816 ns, Total: 85450 ns
[2020-09-11T13:04:22.725+0000][1][safepoint    ] Safepoint "Cleanup", Time since last: 1000146791 ns, Reaching safepoint: 93902 ns, At safepoint: 15920 ns, Total: 109822 ns
[2020-09-11T13:04:23.725+0000][1][safepoint    ] Safepoint "Cleanup", Time since last: 1000105038 ns, Reaching safepoint: 60032 ns, At safepoint: 7196 ns, Total: 67228 ns
[2020-09-11T13:04:24.725+0000][1][safepoint    ] Safepoint "Cleanup", Time since last: 1000202417 ns, Reaching safepoint: 86107 ns, At safepoint: 7473 ns, Total: 93580 ns
[2020-09-11T13:04:25.726+0000][1][safepoint    ] Safepoint "Cleanup", Time since last: 1000182783 ns, Reaching safepoint: 95639 ns, At safepoint: 20046 ns, Total: 115685 ns
[2020-09-11T13:04:26.726+0000][1][safepoint    ] Safepoint "Cleanup", Time since last: 1000148580 ns, Reaching safepoint: 60348 ns, At safepoint: 6696 ns, Total: 67044 ns
[2020-09-11T13:04:27.726+0000][1][safepoint    ] Safepoint "Cleanup", Time since last: 1000170951 ns, Reaching safepoint: 91728 ns, At safepoint: 7532 ns, Total: 99260 ns
[2020-09-11T13:04:28.726+0000][1][safepoint    ] Safepoint "Cleanup", Time since last: 1000135880 ns, Reaching safepoint: 85562 ns, At safepoint: 12421 ns, Total: 97983 ns
[2020-09-11T13:04:29.727+0000][1][safepoint    ] Safepoint "Cleanup", Time since last: 1000197256 ns, Reaching safepoint: 86680 ns, At safepoint: 7745 ns, Total: 94425 ns
[2020-09-11T13:04:30.727+0000][1][safepoint    ] Safepoint "Cleanup", Time since last: 1000165970 ns, Reaching safepoint: 130627 ns, At safepoint: 20464 ns, Total: 151091 ns
[2020-09-11T13:04:31.727+0000][1][safepoint    ] Safepoint "Cleanup", Time since last: 1000228460 ns, Reaching safepoint: 92590 ns, At safepoint: 8279 ns, Total: 100869 ns
[2020-09-11T13:04:32.728+0000][1][safepoint    ] Safepoint "Cleanup", Time since last: 1000171744 ns, Reaching safepoint: 121489 ns, At safepoint: 18610 ns, Total: 140099 ns
[2020-09-11T13:04:33.728+0000][1][safepoint    ] Safepoint "Cleanup", Time since last: 1000144155 ns, Reaching safepoint: 174478 ns, At safepoint: 8049 ns, Total: 182527 ns
[2020-09-11T13:04:34.728+0000][1][safepoint    ] Safepoint "Cleanup", Time since last: 1000170193 ns, Reaching safepoint: 150196 ns, At safepoint: 19017 ns, Total: 169213 ns
[2020-09-11T13:04:35.729+0000][1][safepoint    ] Safepoint "Cleanup", Time since last: 1000227658 ns, Reaching safepoint: 119261 ns, At safepoint: 18021 ns, Total: 137282 ns
[2020-09-11T13:04:36.729+0000][1][safepoint    ] Safepoint "Cleanup", Time since last: 1000231643 ns, Reaching safepoint: 130553 ns, At safepoint: 20541 ns, Total: 151094 ns
[2020-09-11T13:04:37.729+0000][1][safepoint    ] Safepoint "Cleanup", Time since last: 1000213714 ns, Reaching safepoint: 92088 ns, At safepoint: 8525 ns, Total: 100613 ns
[2020-09-11T13:04:38.730+0000][1][safepoint    ] Safepoint "Cleanup", Time since last: 1000125239 ns, Reaching safepoint: 115853 ns, At safepoint: 16442 ns, Total: 132295 ns
[2020-09-11T13:04:39.730+0000][1][safepoint    ] Safepoint "Cleanup", Time since last: 1000230854 ns, Reaching safepoint: 132542 ns, At safepoint: 18516 ns, Total: 151058 ns
[2020-09-11T13:04:40.730+0000][1][safepoint    ] Safepoint "Cleanup", Time since last: 1000222177 ns, Reaching safepoint: 82594 ns, At safepoint: 7661 ns, Total: 90255 ns
[2020-09-11T13:04:41.731+0000][1][safepoint    ] Safepoint "Cleanup", Time since last: 1000181042 ns, Reaching safepoint: 86877 ns, At safepoint: 7424 ns, Total: 94301 ns
[2020-09-11T13:04:42.731+0000][1][safepoint    ] Safepoint "Cleanup", Time since last: 1000143951 ns, Reaching safepoint: 108145 ns, At safepoint: 7856 ns, Total: 116001 ns
[2020-09-11T13:04:43.731+0000][1][safepoint    ] Safepoint "Cleanup", Time since last: 1000174182 ns, Reaching safepoint: 92654 ns, At safepoint: 6792 ns, Total: 99446 ns
[2020-09-11T13:04:44.731+0000][1][safepoint    ] Safepoint "Cleanup", Time since last: 1000150916 ns, Reaching safepoint: 70923 ns, At safepoint: 6426 ns, Total: 77349 ns
[2020-09-11T13:04:45.732+0000][1][safepoint    ] Safepoint "Cleanup", Time since last: 1000171191 ns, Reaching safepoint: 89606 ns, At safepoint: 6857 ns, Total: 96463 ns
[2020-09-11T13:04:46.732+0000][1][safepoint    ] Safepoint "Cleanup", Time since last: 1000162164 ns, Reaching safepoint: 123889 ns, At safepoint: 19738 ns, Total: 143627 ns
[2020-09-11T13:04:47.732+0000][1][safepoint    ] Safepoint "Cleanup", Time since last: 1000184573 ns, Reaching safepoint: 115455 ns, At safepoint: 18493 ns, Total: 133948 ns
[2020-09-11T13:04:48.733+0000][1][safepoint    ] Safepoint "Cleanup", Time since last: 1000214124 ns, Reaching safepoint: 93830 ns, At safepoint: 8265 ns, Total: 102095 ns
[2020-09-11T13:04:49.733+0000][1][safepoint    ] Safepoint "Cleanup", Time since last: 1000236808 ns, Reaching safepoint: 78888 ns, At safepoint: 7131 ns, Total: 86019 ns
[2020-09-11T13:04:50.733+0000][1][safepoint    ] Safepoint "Cleanup", Time since last: 1000178252 ns, Reaching safepoint: 89658 ns, At safepoint: 7780 ns, Total: 97438 ns
[2020-09-11T13:04:51.733+0000][1][safepoint    ] Safepoint "Cleanup", Time since last: 1000179720 ns, Reaching safepoint: 82133 ns, At safepoint: 7221 ns, Total: 89354 ns
[2020-09-11T13:04:52.734+0000][1][safepoint    ] Safepoint "Cleanup", Time since last: 1000144035 ns, Reaching safepoint: 117784 ns, At safepoint: 19181 ns, Total: 136965 ns
[2020-09-11T13:04:53.734+0000][1][safepoint    ] Safepoint "Cleanup", Time since last: 1000217207 ns, Reaching safepoint: 87085 ns, At safepoint: 7038 ns, Total: 94123 ns
[2020-09-11T13:04:54.734+0000][1][safepoint    ] Safepoint "Cleanup", Time since last: 1000196605 ns, Reaching safepoint: 89013 ns, At safepoint: 7813 ns, Total: 96826 ns
[2020-09-11T13:04:55.735+0000][1][safepoint    ] Safepoint "Cleanup", Time since last: 1000172729 ns, Reaching safepoint: 121012 ns, At safepoint: 17791 ns, Total: 138803 ns
[2020-09-11T13:04:56.735+0000][1][safepoint    ] Safepoint "Cleanup", Time since last: 1000230485 ns, Reaching safepoint: 92565 ns, At safepoint: 7909 ns, Total: 100474 ns
[2020-09-11T13:04:57.735+0000][1][safepoint    ] Safepoint "Cleanup", Time since last: 1000196096 ns, Reaching safepoint: 87655 ns, At safepoint: 7898 ns, Total: 95553 ns
[2020-09-11T13:04:58.736+0000][1][safepoint    ] Safepoint "Cleanup", Time since last: 1000175752 ns, Reaching safepoint: 88091 ns, At safepoint: 8035 ns, Total: 96126 ns
[2020-09-11T13:04:59.736+0000][1][safepoint    ] Safepoint "Cleanup", Time since last: 1000175721 ns, Reaching safepoint: 119525 ns, At safepoint: 17306 ns, Total: 136831 ns
[2020-09-11T13:05:00.736+0000][1][safepoint    ] Safepoint "Cleanup", Time since last: 1000218446 ns, Reaching safepoint: 121135 ns, At safepoint: 17621 ns, Total: 138756 ns
[2020-09-11T13:05:01.737+0000][1][safepoint    ] Safepoint "Cleanup", Time since last: 1000205715 ns, Reaching safepoint: 93026 ns, At safepoint: 7587 ns, Total: 100613 ns
[2020-09-11T13:05:02.737+0000][1][safepoint    ] Safepoint "Cleanup", Time since last: 1000179711 ns, Reaching safepoint: 88690 ns, At safepoint: 7838 ns, Total: 96528 ns
[2020-09-11T13:05:03.737+0000][1][safepoint    ] Safepoint "Cleanup", Time since last: 1000168576 ns, Reaching safepoint: 98062 ns, At safepoint: 6614 ns, Total: 104676 ns
[2020-09-11T13:05:04.737+0000][1][safepoint    ] Safepoint "Cleanup", Time since last: 1000175157 ns, Reaching safepoint: 122562 ns, At safepoint: 18753 ns, Total: 141315 ns
[2020-09-11T13:05:05.738+0000][1][safepoint    ] Safepoint "Cleanup", Time since last: 1000249966 ns, Reaching safepoint: 112628 ns, At safepoint: 7515 ns, Total: 120143 ns
[2020-09-11T13:05:06.738+0000][1][safepoint    ] Safepoint "Cleanup", Time since last: 1000172343 ns, Reaching safepoint: 118583 ns, At safepoint: 17871 ns, Total: 136454 ns
[2020-09-11T13:05:07.738+0000][1][safepoint    ] Safepoint "Cleanup", Time since last: 1000215611 ns, Reaching safepoint: 123871 ns, At safepoint: 19028 ns, Total: 142899 ns
[2020-09-11T13:05:08.739+0000][1][safepoint    ] Safepoint "Cleanup", Time since last: 1000237911 ns, Reaching safepoint: 90985 ns, At safepoint: 7437 ns, Total: 98422 ns
[2020-09-11T13:05:09.739+0000][1][safepoint    ] Safepoint "Cleanup", Time since last: 1000208417 ns, Reaching safepoint: 92744 ns, At safepoint: 7131 ns, Total: 99875 ns
[2020-09-11T13:05:10.740+0000][1][safepoint    ] Safepoint "Cleanup", Time since last: 1000187108 ns, Reaching safepoint: 206782 ns, At safepoint: 16505 ns, Total: 223287 ns
[2020-09-11T13:05:11.740+0000][1][safepoint    ] Safepoint "Cleanup", Time since last: 1000183383 ns, Reaching safepoint: 121897 ns, At safepoint: 17506 ns, Total: 139403 ns
[2020-09-11T13:05:12.740+0000][1][safepoint    ] Safepoint "Cleanup", Time since last: 1000207305 ns, Reaching safepoint: 120954 ns, At safepoint: 17748 ns, Total: 138702 ns
[2020-09-11T13:05:13.740+0000][1][safepoint    ] Safepoint "Cleanup", Time since last: 1000174277 ns, Reaching safepoint: 66998 ns, At safepoint: 6899 ns, Total: 73897 ns
[2020-09-11T13:05:14.741+0000][1][safepoint    ] Safepoint "Cleanup", Time since last: 1000149456 ns, Reaching safepoint: 108500 ns, At safepoint: 16100 ns, Total: 124600 ns
[2020-09-11T13:05:15.741+0000][1][safepoint    ] Safepoint "Cleanup", Time since last: 1000151991 ns, Reaching safepoint: 108296 ns, At safepoint: 15489 ns, Total: 123785 ns
[2020-09-11T13:05:16.741+0000][1][safepoint    ] Safepoint "Cleanup", Time since last: 1000159842 ns, Reaching safepoint: 111202 ns, At safepoint: 17146 ns, Total: 128348 ns
[2020-09-11T13:05:17.742+0000][1][safepoint    ] Safepoint "Cleanup", Time since last: 1000185801 ns, Reaching safepoint: 116739 ns, At safepoint: 18128 ns, Total: 134867 ns
[2020-09-11T13:05:18.742+0000][1][safepoint    ] Safepoint "Cleanup", Time since last: 1000165818 ns, Reaching safepoint: 109482 ns, At safepoint: 17327 ns, Total: 126809 ns
[2020-09-11T13:05:19.742+0000][1][safepoint    ] Safepoint "Cleanup", Time since last: 1000157341 ns, Reaching safepoint: 108249 ns, At safepoint: 16438 ns, Total: 124687 ns
[2020-09-11T13:05:20.742+0000][1][safepoint    ] Safepoint "Cleanup", Time since last: 1000158713 ns, Reaching safepoint: 110581 ns, At safepoint: 17089 ns, Total: 127670 ns
[2020-09-11T13:05:21.743+0000][1][safepoint    ] Safepoint "Cleanup", Time since last: 1000155072 ns, Reaching safepoint: 95311 ns, At safepoint: 5927 ns, Total: 101238 ns
[2020-09-11T13:05:22.743+0000][1][safepoint    ] Safepoint "Cleanup", Time since last: 1000123784 ns, Reaching safepoint: 112782 ns, At safepoint: 17597 ns, Total: 130379 ns
[2020-09-11T13:05:23.743+0000][1][safepoint    ] Safepoint "Cleanup", Time since last: 1000157101 ns, Reaching safepoint: 106341 ns, At safepoint: 18088 ns, Total: 124429 ns
[2020-09-11T13:05:24.744+0000][1][safepoint    ] Safepoint "Cleanup", Time since last: 1000171156 ns, Reaching safepoint: 109195 ns, At safepoint: 16197 ns, Total: 125392 ns
[2020-09-11T13:05:25.744+0000][1][safepoint    ] Safepoint "Cleanup", Time since last: 1000147883 ns, Reaching safepoint: 115583 ns, At safepoint: 7871 ns, Total: 123454 ns
[2020-09-11T13:05:26.744+0000][1][safepoint    ] Safepoint "Cleanup", Time since last: 1000126814 ns, Reaching safepoint: 110387 ns, At safepoint: 17043 ns, Total: 127430 ns
[2020-09-11T13:05:27.744+0000][1][safepoint    ] Safepoint "Cleanup", Time since last: 1000188705 ns, Reaching safepoint: 121553 ns, At safepoint: 18556 ns, Total: 140109 ns
[2020-09-11T13:05:28.745+0000][1][safepoint    ] Safepoint "Cleanup", Time since last: 1000209776 ns, Reaching safepoint: 121272 ns, At safepoint: 18723 ns, Total: 139995 ns
[2020-09-11T13:05:29.745+0000][1][safepoint    ] Safepoint "Cleanup", Time since last: 1000226948 ns, Reaching safepoint: 120855 ns, At safepoint: 18362 ns, Total: 139217 ns
[2020-09-11T13:05:30.746+0000][1][safepoint    ] Safepoint "Cleanup", Time since last: 1000240126 ns, Reaching safepoint: 139891 ns, At safepoint: 17895 ns, Total: 157786 ns
[2020-09-11T13:05:31.746+0000][1][safepoint    ] Safepoint "Cleanup", Time since last: 1000215948 ns, Reaching safepoint: 86351 ns, At safepoint: 5979 ns, Total: 92330 ns
[2020-09-11T13:05:32.746+0000][1][safepoint    ] Safepoint "Cleanup", Time since last: 1000155174 ns, Reaching safepoint: 89669 ns, At safepoint: 6699 ns, Total: 96368 ns
[2020-09-11T13:05:33.746+0000][1][safepoint    ] Safepoint "Cleanup", Time since last: 1000174118 ns, Reaching safepoint: 120410 ns, At safepoint: 16628 ns, Total: 137038 ns
[2020-09-11T13:05:33.829+0000][1][gc,start     ] GC(71) Pause Young (Allocation Failure)
[2020-09-11T13:05:33.829+0000][1][gc,task      ] GC(71) Using 1 workers of 1 for evacuation
[2020-09-11T13:05:33.852+0000][1][gc,age       ] GC(71) Desired survivor size 4358144 bytes, new threshold 6 (max threshold 6)
[2020-09-11T13:05:33.852+0000][1][gc,age       ] GC(71) Age table with threshold 6 (max threshold 6)
[2020-09-11T13:05:33.852+0000][1][gc,age       ] GC(71) - age   1:       6896 bytes,       6896 total
[2020-09-11T13:05:33.852+0000][1][gc,age       ] GC(71) - age   2:        864 bytes,       7760 total
[2020-09-11T13:05:33.852+0000][1][gc,age       ] GC(71) - age   3:        728 bytes,       8488 total
[2020-09-11T13:05:33.852+0000][1][gc,age       ] GC(71) - age   4:       1280 bytes,       9768 total
[2020-09-11T13:05:33.852+0000][1][gc,age       ] GC(71) - age   5:       2656 bytes,      12424 total
[2020-09-11T13:05:33.852+0000][1][gc,age       ] GC(71) - age   6:     540112 bytes,     552536 total
[2020-09-11T13:05:33.852+0000][1][gc,heap      ] GC(71) ParNew: 71471K->2484K(76672K)
[2020-09-11T13:05:33.852+0000][1][gc,heap      ] GC(71) CMS: 79303K->81574K(2011968K)
[2020-09-11T13:05:33.852+0000][1][gc,metaspace ] GC(71) Metaspace: 76549K->76549K(1120256K)
[2020-09-11T13:05:33.852+0000][1][gc           ] GC(71) Pause Young (Allocation Failure) 147M->82M(2039M) 23.191ms
[2020-09-11T13:05:33.852+0000][1][gc,cpu       ] GC(71) User=0.02s Sys=0.00s Real=0.02s
[2020-09-11T13:05:33.852+0000][1][safepoint    ] Safepoint "GenCollectForAllocation", Time since last: 82050102 ns, Reaching safepoint: 175883 ns, At safepoint: 23268350 ns, Total: 23444233 ns
[2020-09-11T13:05:34.854+0000][1][safepoint    ] Safepoint "Cleanup", Time since last: 1002015841 ns, Reaching safepoint: 100360 ns, At safepoint: 18730 ns, Total: 119090 ns
[2020-09-11T13:05:35.854+0000][1][safepoint    ] Safepoint "Cleanup", Time since last: 1000131518 ns, Reaching safepoint: 107581 ns, At safepoint: 16265 ns, Total: 123846 ns
[2020-09-11T13:05:36.855+0000][1][safepoint    ] Safepoint "Cleanup", Time since last: 1000210037 ns, Reaching safepoint: 154204 ns, At safepoint: 44416 ns, Total: 198620 ns
[2020-09-11T13:05:37.855+0000][1][safepoint    ] Safepoint "Cleanup", Time since last: 1000141935 ns, Reaching safepoint: 58543 ns, At safepoint: 13585 ns, Total: 72128 ns
[2020-09-11T13:05:38.855+0000][1][safepoint    ] Safepoint "Cleanup", Time since last: 1000102623 ns, Reaching safepoint: 181109 ns, At safepoint: 18871 ns, Total: 199980 ns
[2020-09-11T13:05:39.856+0000][1][safepoint    ] Safepoint "Cleanup", Time since last: 1000170345 ns, Reaching safepoint: 142307 ns, At safepoint: 15425 ns, Total: 157732 ns
[2020-09-11T13:05:40.856+0000][1][safepoint    ] Safepoint "Cleanup", Time since last: 1000228245 ns, Reaching safepoint: 118583 ns, At safepoint: 16929 ns, Total: 135512 ns
[2020-09-11T13:05:41.856+0000][1][safepoint    ] Safepoint "Cleanup", Time since last: 1000206205 ns, Reaching safepoint: 117106 ns, At safepoint: 18650 ns, Total: 135756 ns
[2020-09-11T13:05:42.857+0000][1][safepoint    ] Safepoint "Cleanup", Time since last: 1000214829 ns, Reaching safepoint: 91725 ns, At safepoint: 7081 ns, Total: 98806 ns
[2020-09-11T13:05:43.857+0000][1][safepoint    ] Safepoint "Cleanup", Time since last: 1000134860 ns, Reaching safepoint: 110477 ns, At safepoint: 5850 ns, Total: 116327 ns
[2020-09-11T13:05:44.857+0000][1][safepoint    ] Safepoint "Cleanup", Time since last: 1000178203 ns, Reaching safepoint: 119144 ns, At safepoint: 17591 ns, Total: 136735 ns
[2020-09-11T13:05:45.857+0000][1][safepoint    ] Safepoint "Cleanup", Time since last: 1000229826 ns, Reaching safepoint: 117744 ns, At safepoint: 16765 ns, Total: 134509 ns
[2020-09-11T13:05:46.858+0000][1][safepoint    ] Safepoint "Cleanup", Time since last: 1000219286 ns, Reaching safepoint: 86732 ns, At safepoint: 7292 ns, Total: 94024 ns
[2020-09-11T13:05:47.858+0000][1][safepoint    ] Safepoint "Cleanup", Time since last: 1000201935 ns, Reaching safepoint: 84503 ns, At safepoint: 6687 ns, Total: 91190 ns
[2020-09-11T13:05:48.858+0000][1][safepoint    ] Safepoint "Cleanup", Time since last: 1000186243 ns, Reaching safepoint: 119511 ns, At safepoint: 17300 ns, Total: 136811 ns
[2020-09-11T13:05:49.859+0000][1][safepoint    ] Safepoint "Cleanup", Time since last: 1000244471 ns, Reaching safepoint: 121827 ns, At safepoint: 16087 ns, Total: 137914 ns
[2020-09-11T13:05:50.859+0000][1][safepoint    ] Safepoint "Cleanup", Time since last: 1000245284 ns, Reaching safepoint: 75156 ns, At safepoint: 6743 ns, Total: 81899 ns
[2020-09-11T13:05:51.859+0000][1][safepoint    ] Safepoint "Cleanup", Time since last: 1000195076 ns, Reaching safepoint: 174802 ns, At safepoint: 15505 ns, Total: 190307 ns
[2020-09-11T13:05:52.860+0000][1][safepoint    ] Safepoint "Cleanup", Time since last: 1000233139 ns, Reaching safepoint: 117788 ns, At safepoint: 17123 ns, Total: 134911 ns
[2020-09-11T13:05:53.860+0000][1][safepoint    ] Safepoint "Cleanup", Time since last: 1000217219 ns, Reaching safepoint: 119094 ns, At safepoint: 16301 ns, Total: 135395 ns
[2020-09-11T13:05:54.861+0000][1][safepoint    ] Safepoint "Cleanup", Time since last: 1000211708 ns, Reaching safepoint: 115445 ns, At safepoint: 16786 ns, Total: 132231 ns
[2020-09-11T13:05:55.861+0000][1][safepoint    ] Safepoint "Cleanup", Time since last: 1000228644 ns, Reaching safepoint: 119942 ns, At safepoint: 16221 ns, Total: 136163 ns
[2020-09-11T13:05:56.861+0000][1][safepoint    ] Safepoint "Cleanup", Time since last: 1000215840 ns, Reaching safepoint: 121826 ns, At safepoint: 17066 ns, Total: 138892 ns
[2020-09-11T13:05:57.862+0000][1][safepoint    ] Safepoint "Cleanup", Time since last: 1000216626 ns, Reaching safepoint: 120938 ns, At safepoint: 16839 ns, Total: 137777 ns
[2020-09-11T13:05:58.862+0000][1][safepoint    ] Safepoint "Cleanup", Time since last: 1000202260 ns, Reaching safepoint: 121209 ns, At safepoint: 16775 ns, Total: 137984 ns
[2020-09-11T13:05:59.862+0000][1][safepoint    ] Safepoint "Cleanup", Time since last: 1000187652 ns, Reaching safepoint: 120674 ns, At safepoint: 16501 ns, Total: 137175 ns
[2020-09-11T13:06:00.863+0000][1][safepoint    ] Safepoint "Cleanup", Time since last: 1000180617 ns, Reaching safepoint: 112024 ns, At safepoint: 14186 ns, Total: 126210 ns
[2020-09-11T13:06:01.863+0000][1][safepoint    ] Safepoint "Cleanup", Time since last: 1000207849 ns, Reaching safepoint: 119726 ns, At safepoint: 16708 ns, Total: 136434 ns
[2020-09-11T13:06:02.863+0000][1][safepoint    ] Safepoint "Cleanup", Time since last: 1000184338 ns, Reaching safepoint: 119832 ns, At safepoint: 15974 ns, Total: 135806 ns
[2020-09-11T13:06:03.864+0000][1][safepoint    ] Safepoint "Cleanup", Time since last: 1000209328 ns, Reaching safepoint: 122058 ns, At safepoint: 16488 ns, Total: 138546 ns
[2020-09-11T13:06:04.864+0000][1][safepoint    ] Safepoint "Cleanup", Time since last: 1000234239 ns, Reaching safepoint: 121289 ns, At safepoint: 17096 ns, Total: 138385 ns
[2020-09-11T13:06:05.864+0000][1][safepoint    ] Safepoint "Cleanup", Time since last: 1000203375 ns, Reaching safepoint: 123394 ns, At safepoint: 16624 ns, Total: 140018 ns
[2020-09-11T13:06:06.865+0000][1][safepoint    ] Safepoint "Cleanup", Time since last: 1000227062 ns, Reaching safepoint: 102263 ns, At safepoint: 6893 ns, Total: 109156 ns
[2020-09-11T13:06:07.865+0000][1][safepoint    ] Safepoint "Cleanup", Time since last: 1000164872 ns, Reaching safepoint: 123521 ns, At safepoint: 16110 ns, Total: 139631 ns
[2020-09-11T13:06:08.865+0000][1][safepoint    ] Safepoint "Cleanup", Time since last: 1000195959 ns, Reaching safepoint: 114510 ns, At safepoint: 16735 ns, Total: 131245 ns
[2020-09-11T13:06:09.866+0000][1][safepoint    ] Safepoint "Cleanup", Time since last: 1000220508 ns, Reaching safepoint: 120049 ns, At safepoint: 16555 ns, Total: 136604 ns
[2020-09-11T13:06:10.866+0000][1][safepoint    ] Safepoint "Cleanup", Time since last: 1000217355 ns, Reaching safepoint: 122174 ns, At safepoint: 16992 ns, Total: 139166 ns
[2020-09-11T13:06:11.866+0000][1][safepoint    ] Safepoint "Cleanup", Time since last: 1000223138 ns, Reaching safepoint: 121376 ns, At safepoint: 16895 ns, Total: 138271 ns
[2020-09-11T13:06:12.867+0000][1][safepoint    ] Safepoint "Cleanup", Time since last: 1000222424 ns, Reaching safepoint: 121038 ns, At safepoint: 17096 ns, Total: 138134 ns
[2020-09-11T13:06:13.867+0000][1][safepoint    ] Safepoint "Cleanup", Time since last: 1000232139 ns, Reaching safepoint: 116014 ns, At safepoint: 16888 ns, Total: 132902 ns
[2020-09-11T13:06:14.867+0000][1][safepoint    ] Safepoint "Cleanup", Time since last: 1000213034 ns, Reaching safepoint: 142628 ns, At safepoint: 16134 ns, Total: 158762 ns
[2020-09-11T13:06:15.868+0000][1][safepoint    ] Safepoint "Cleanup", Time since last: 1000185551 ns, Reaching safepoint: 119511 ns, At safepoint: 16471 ns, Total: 135982 ns
[2020-09-11T13:06:16.868+0000][1][safepoint    ] Safepoint "Cleanup", Time since last: 1000149260 ns, Reaching safepoint: 64584 ns, At safepoint: 7640 ns, Total: 72224 ns
[2020-09-11T13:06:17.868+0000][1][safepoint    ] Safepoint "Cleanup", Time since last: 1000190697 ns, Reaching safepoint: 120989 ns, At safepoint: 17049 ns, Total: 138038 ns
[2020-09-11T13:06:18.869+0000][1][safepoint    ] Safepoint "Cleanup", Time since last: 1000216439 ns, Reaching safepoint: 122586 ns, At safepoint: 17680 ns, Total: 140266 ns
[2020-09-11T13:06:19.869+0000][1][safepoint    ] Safepoint "Cleanup", Time since last: 1000184766 ns, Reaching safepoint: 119381 ns, At safepoint: 16391 ns, Total: 135772 ns
[2020-09-11T13:06:20.869+0000][1][safepoint    ] Safepoint "Cleanup", Time since last: 1000218044 ns, Reaching safepoint: 118790 ns, At safepoint: 17226 ns, Total: 136016 ns
[2020-09-11T13:06:21.870+0000][1][safepoint    ] Safepoint "Cleanup", Time since last: 1000217881 ns, Reaching safepoint: 120578 ns, At safepoint: 15726 ns, Total: 136304 ns
[2020-09-11T13:06:22.870+0000][1][safepoint    ] Safepoint "Cleanup", Time since last: 1000216233 ns, Reaching safepoint: 121987 ns, At safepoint: 16869 ns, Total: 138856 ns
[2020-09-11T13:06:23.870+0000][1][safepoint    ] Safepoint "Cleanup", Time since last: 1000218051 ns, Reaching safepoint: 121860 ns, At safepoint: 17323 ns, Total: 139183 ns
[2020-09-11T13:06:24.871+0000][1][safepoint    ] Safepoint "Cleanup", Time since last: 1000240197 ns, Reaching safepoint: 118606 ns, At safepoint: 17100 ns, Total: 135706 ns
[2020-09-11T13:06:26.772+0000][1][safepoint    ] Safepoint "Cleanup", Time since last: 1900750297 ns, Reaching safepoint: 131963 ns, At safepoint: 22011 ns, Total: 153974 ns
[2020-09-11T13:06:27.772+0000][1][safepoint    ] Safepoint "Cleanup", Time since last: 1000197659 ns, Reaching safepoint: 119174 ns, At safepoint: 16588 ns, Total: 135762 ns
[2020-09-11T13:06:28.772+0000][1][safepoint    ] Safepoint "Cleanup", Time since last: 1000229803 ns, Reaching safepoint: 122525 ns, At safepoint: 17497 ns, Total: 140022 ns
[2020-09-11T13:06:29.773+0000][1][safepoint    ] Safepoint "Cleanup", Time since last: 1000221288 ns, Reaching safepoint: 120303 ns, At safepoint: 17023 ns, Total: 137326 ns
[2020-09-11T13:06:30.773+0000][1][safepoint    ] Safepoint "Cleanup", Time since last: 1000212700 ns, Reaching safepoint: 135869 ns, At safepoint: 17493 ns, Total: 153362 ns
[2020-09-11T13:06:31.774+0000][1][safepoint    ] Safepoint "Cleanup", Time since last: 1000221015 ns, Reaching safepoint: 123030 ns, At safepoint: 16571 ns, Total: 139601 ns
[2020-09-11T13:06:32.774+0000][1][safepoint    ] Safepoint "Cleanup", Time since last: 1000210836 ns, Reaching safepoint: 119752 ns, At safepoint: 17430 ns, Total: 137182 ns
[2020-09-11T13:06:33.774+0000][1][safepoint    ] Safepoint "Cleanup", Time since last: 1000203086 ns, Reaching safepoint: 123551 ns, At safepoint: 17066 ns, Total: 140617 ns
[2020-09-11T13:06:34.775+0000][1][safepoint    ] Safepoint "Cleanup", Time since last: 1000233139 ns, Reaching safepoint: 121827 ns, At safepoint: 16869 ns, Total: 138696 ns
[2020-09-11T13:06:35.775+0000][1][safepoint    ] Safepoint "Cleanup", Time since last: 1000206394 ns, Reaching safepoint: 122398 ns, At safepoint: 16605 ns, Total: 139003 ns
[2020-09-11T13:06:36.775+0000][1][safepoint    ] Safepoint "Cleanup", Time since last: 1000203352 ns, Reaching safepoint: 122201 ns, At safepoint: 17046 ns, Total: 139247 ns
[2020-09-11T13:06:37.776+0000][1][safepoint    ] Safepoint "Cleanup", Time since last: 1000210744 ns, Reaching safepoint: 153452 ns, At safepoint: 17447 ns, Total: 170899 ns
[2020-09-11T13:06:38.776+0000][1][safepoint    ] Safepoint "Cleanup", Time since last: 1000218116 ns, Reaching safepoint: 118983 ns, At safepoint: 16525 ns, Total: 135508 ns
[2020-09-11T13:06:39.776+0000][1][safepoint    ] Safepoint "Cleanup", Time since last: 1000192659 ns, Reaching safepoint: 120106 ns, At safepoint: 16314 ns, Total: 136420 ns
[2020-09-11T13:06:40.777+0000][1][safepoint    ] Safepoint "Cleanup", Time since last: 1000202941 ns, Reaching safepoint: 123734 ns, At safepoint: 17049 ns, Total: 140783 ns
[2020-09-11T13:06:41.777+0000][1][safepoint    ] Safepoint "Cleanup", Time since last: 1000227757 ns, Reaching safepoint: 120945 ns, At safepoint: 17143 ns, Total: 138088 ns
[2020-09-11T13:06:42.777+0000][1][safepoint    ] Safepoint "Cleanup", Time since last: 1000208783 ns, Reaching safepoint: 118048 ns, At safepoint: 17036 ns, Total: 135084 ns
[2020-09-11T13:06:43.778+0000][1][safepoint    ] Safepoint "Cleanup", Time since last: 1000205758 ns, Reaching safepoint: 121746 ns, At safepoint: 17274 ns, Total: 139020 ns
[2020-09-11T13:06:44.778+0000][1][safepoint    ] Safepoint "Cleanup", Time since last: 1000229982 ns, Reaching safepoint: 95792 ns, At safepoint: 7198 ns, Total: 102990 ns
[2020-09-11T13:06:45.778+0000][1][safepoint    ] Safepoint "Cleanup", Time since last: 1000160506 ns, Reaching safepoint: 95269 ns, At safepoint: 7554 ns, Total: 102823 ns
[2020-09-11T13:06:46.779+0000][1][safepoint    ] Safepoint "Cleanup", Time since last: 1000147454 ns, Reaching safepoint: 121717 ns, At safepoint: 16922 ns, Total: 138639 ns
[2020-09-11T13:06:47.779+0000][1][safepoint    ] Safepoint "Cleanup", Time since last: 1000213076 ns, Reaching safepoint: 94355 ns, At safepoint: 6691 ns, Total: 101046 ns
[2020-09-11T13:06:48.779+0000][1][safepoint    ] Safepoint "Cleanup", Time since last: 1000177026 ns, Reaching safepoint: 88413 ns, At safepoint: 6849 ns, Total: 95262 ns
[2020-09-11T13:06:49.779+0000][1][safepoint    ] Safepoint "Cleanup", Time since last: 1000143325 ns, Reaching safepoint: 154900 ns, At safepoint: 8609 ns, Total: 163509 ns
[2020-09-11T13:06:50.780+0000][1][safepoint    ] Safepoint "Cleanup", Time since last: 1000170213 ns, Reaching safepoint: 96773 ns, At safepoint: 7644 ns, Total: 104417 ns
[2020-09-11T13:06:51.780+0000][1][safepoint    ] Safepoint "Cleanup", Time since last: 1000147668 ns, Reaching safepoint: 122843 ns, At safepoint: 16671 ns, Total: 139514 ns
[2020-09-11T13:06:52.780+0000][1][safepoint    ] Safepoint "Cleanup", Time since last: 1000213528 ns, Reaching safepoint: 125117 ns, At safepoint: 16588 ns, Total: 141705 ns
[2020-09-11T13:06:53.781+0000][1][safepoint    ] Safepoint "Cleanup", Time since last: 1000189742 ns, Reaching safepoint: 131979 ns, At safepoint: 7921 ns, Total: 139900 ns
[2020-09-11T13:06:54.781+0000][1][safepoint    ] Safepoint "Cleanup", Time since last: 1000168280 ns, Reaching safepoint: 123962 ns, At safepoint: 18629 ns, Total: 142591 ns
[2020-09-11T13:06:55.797+0000][1][safepoint    ] Safepoint "Cleanup", Time since last: 1016049362 ns, Reaching safepoint: 96664 ns, At safepoint: 7841 ns, Total: 104505 ns
[2020-09-11T13:06:56.797+0000][1][safepoint    ] Safepoint "Cleanup", Time since last: 1000132699 ns, Reaching safepoint: 121329 ns, At safepoint: 16421 ns, Total: 137750 ns
[2020-09-11T13:06:57.798+0000][1][safepoint    ] Safepoint "Cleanup", Time since last: 1000215700 ns, Reaching safepoint: 85126 ns, At safepoint: 6482 ns, Total: 91608 ns
[2020-09-11T13:06:58.798+0000][1][safepoint    ] Safepoint "Cleanup", Time since last: 1000160177 ns, Reaching safepoint: 122779 ns, At safepoint: 17297 ns, Total: 140076 ns
[2020-09-11T13:06:59.000+0000][1][gc,start     ] GC(72) Pause Young (Allocation Failure)
[2020-09-11T13:06:59.000+0000][1][gc,task      ] GC(72) Using 1 workers of 1 for evacuation
[2020-09-11T13:06:59.015+0000][1][gc,age       ] GC(72) Desired survivor size 4358144 bytes, new threshold 6 (max threshold 6)
[2020-09-11T13:06:59.015+0000][1][gc,age       ] GC(72) Age table with threshold 6 (max threshold 6)
[2020-09-11T13:06:59.015+0000][1][gc,age       ] GC(72) - age   1:       4984 bytes,       4984 total
[2020-09-11T13:06:59.015+0000][1][gc,age       ] GC(72) - age   2:       1096 bytes,       6080 total
[2020-09-11T13:06:59.015+0000][1][gc,age       ] GC(72) - age   3:        864 bytes,       6944 total
[2020-09-11T13:06:59.015+0000][1][gc,age       ] GC(72) - age   4:        728 bytes,       7672 total
[2020-09-11T13:06:59.015+0000][1][gc,age       ] GC(72) - age   5:       1280 bytes,       8952 total
[2020-09-11T13:06:59.015+0000][1][gc,age       ] GC(72) - age   6:       2656 bytes,      11608 total
[2020-09-11T13:06:59.015+0000][1][gc,heap      ] GC(72) ParNew: 70644K->756K(76672K)
[2020-09-11T13:06:59.015+0000][1][gc,heap      ] GC(72) CMS: 81574K->82112K(2011968K)
[2020-09-11T13:06:59.015+0000][1][gc,metaspace ] GC(72) Metaspace: 76552K->76552K(1120256K)
[2020-09-11T13:06:59.015+0000][1][gc           ] GC(72) Pause Young (Allocation Failure) 148M->80M(2039M) 14.953ms
[2020-09-11T13:06:59.015+0000][1][gc,cpu       ] GC(72) User=0.02s Sys=0.00s Real=0.01s
[2020-09-11T13:06:59.015+0000][1][safepoint    ] Safepoint "GenCollectForAllocation", Time since last: 201716699 ns, Reaching safepoint: 183354 ns, At safepoint: 15022480 ns, Total: 15205834 ns
[2020-09-11T13:07:00.018+0000][1][safepoint    ] Safepoint "Cleanup", Time since last: 1003273228 ns, Reaching safepoint: 125979 ns, At safepoint: 51957 ns, Total: 177936 ns
[2020-09-11T13:07:01.019+0000][1][safepoint    ] Safepoint "Cleanup", Time since last: 1000193012 ns, Reaching safepoint: 130092 ns, At safepoint: 43450 ns, Total: 173542 ns
[2020-09-11T13:07:02.019+0000][1][safepoint    ] Safepoint "Cleanup", Time since last: 1000197814 ns, Reaching safepoint: 64382 ns, At safepoint: 19381 ns, Total: 83763 ns
[2020-09-11T13:07:03.019+0000][1][safepoint    ] Safepoint "Cleanup", Time since last: 1000177953 ns, Reaching safepoint: 179650 ns, At safepoint: 16317 ns, Total: 195967 ns
[2020-09-11T13:07:04.052+0000][1][safepoint    ] Safepoint "Cleanup", Time since last: 1032077767 ns, Reaching safepoint: 112331 ns, At safepoint: 17153 ns, Total: 129484 ns
[2020-09-11T13:07:05.052+0000][1][safepoint    ] Safepoint "Cleanup", Time since last: 1000225974 ns, Reaching safepoint: 82969 ns, At safepoint: 14980 ns, Total: 97949 ns
[2020-09-11T13:07:06.052+0000][1][safepoint    ] Safepoint "Cleanup", Time since last: 1000201795 ns, Reaching safepoint: 83531 ns, At safepoint: 7341 ns, Total: 90872 ns
[2020-09-11T13:07:07.053+0000][1][safepoint    ] Safepoint "Cleanup", Time since last: 1000178779 ns, Reaching safepoint: 90590 ns, At safepoint: 6206 ns, Total: 96796 ns
[2020-09-11T13:07:08.053+0000][1][safepoint    ] Safepoint "Cleanup", Time since last: 1000191606 ns, Reaching safepoint: 88808 ns, At safepoint: 6681 ns, Total: 95489 ns
[2020-09-11T13:07:09.053+0000][1][safepoint    ] Safepoint "Cleanup", Time since last: 1000136843 ns, Reaching safepoint: 157609 ns, At safepoint: 19047 ns, Total: 176656 ns
[2020-09-11T13:07:10.054+0000][1][safepoint    ] Safepoint "Cleanup", Time since last: 1000207295 ns, Reaching safepoint: 133874 ns, At safepoint: 15616 ns, Total: 149490 ns
[2020-09-11T13:07:11.054+0000][1][safepoint    ] Safepoint "Cleanup", Time since last: 1000153306 ns, Reaching safepoint: 56398 ns, At safepoint: 5216 ns, Total: 61614 ns
[2020-09-11T13:07:12.054+0000][1][safepoint    ] Safepoint "Cleanup", Time since last: 1000183290 ns, Reaching safepoint: 72214 ns, At safepoint: 8799 ns, Total: 81013 ns
[2020-09-11T13:07:13.054+0000][1][safepoint    ] Safepoint "Cleanup", Time since last: 1000184124 ns, Reaching safepoint: 117209 ns, At safepoint: 16335 ns, Total: 133544 ns
[2020-09-11T13:07:14.055+0000][1][safepoint    ] Safepoint "Cleanup", Time since last: 1000227481 ns, Reaching safepoint: 90902 ns, At safepoint: 6669 ns, Total: 97571 ns
[2020-09-11T13:07:15.055+0000][1][safepoint    ] Safepoint "Cleanup", Time since last: 1000173781 ns, Reaching safepoint: 91004 ns, At safepoint: 6583 ns, Total: 97587 ns
[2020-09-11T13:07:16.055+0000][1][safepoint    ] Safepoint "Cleanup", Time since last: 1000199356 ns, Reaching safepoint: 118686 ns, At safepoint: 16822 ns, Total: 135508 ns
[2020-09-11T13:07:17.056+0000][1][safepoint    ] Safepoint "Cleanup", Time since last: 1000309630 ns, Reaching safepoint: 70439 ns, At safepoint: 6566 ns, Total: 77005 ns
[2020-09-11T13:07:18.056+0000][1][safepoint    ] Safepoint "Cleanup", Time since last: 1000182271 ns, Reaching safepoint: 119932 ns, At safepoint: 16578 ns, Total: 136510 ns
[2020-09-11T13:07:19.056+0000][1][safepoint    ] Safepoint "Cleanup", Time since last: 1000217310 ns, Reaching safepoint: 90485 ns, At safepoint: 6980 ns, Total: 97465 ns
[2020-09-11T13:07:20.057+0000][1][safepoint    ] Safepoint "Cleanup", Time since last: 1000170079 ns, Reaching safepoint: 120023 ns, At safepoint: 16618 ns, Total: 136641 ns
[2020-09-11T13:07:21.057+0000][1][safepoint    ] Safepoint "Cleanup", Time since last: 1000224702 ns, Reaching safepoint: 116795 ns, At safepoint: 16849 ns, Total: 133644 ns
[2020-09-11T13:07:22.057+0000][1][safepoint    ] Safepoint "Cleanup", Time since last: 1000225992 ns, Reaching safepoint: 92755 ns, At safepoint: 6662 ns, Total: 99417 ns
[2020-09-11T13:07:23.058+0000][1][safepoint    ] Safepoint "Cleanup", Time since last: 1000138637 ns, Reaching safepoint: 118426 ns, At safepoint: 13688 ns, Total: 132114 ns
[2020-09-11T13:07:24.058+0000][1][safepoint    ] Safepoint "Cleanup", Time since last: 1000161514 ns, Reaching safepoint: 60666 ns, At safepoint: 5844 ns, Total: 66510 ns
[2020-09-11T13:07:25.058+0000][1][safepoint    ] Safepoint "Cleanup", Time since last: 1000188227 ns, Reaching safepoint: 96376 ns, At safepoint: 7109 ns, Total: 103485 ns
[2020-09-11T13:07:26.058+0000][1][safepoint    ] Safepoint "Cleanup", Time since last: 1000196973 ns, Reaching safepoint: 92745 ns, At safepoint: 7090 ns, Total: 99835 ns
[2020-09-11T13:07:27.059+0000][1][safepoint    ] Safepoint "Cleanup", Time since last: 1000206374 ns, Reaching safepoint: 93886 ns, At safepoint: 6545 ns, Total: 100431 ns
[2020-09-11T13:07:28.059+0000][1][safepoint    ] Safepoint "Cleanup", Time since last: 1000154312 ns, Reaching safepoint: 76261 ns, At safepoint: 7479 ns, Total: 83740 ns
[2020-09-11T13:07:29.060+0000][1][safepoint    ] Safepoint "Cleanup", Time since last: 1000721729 ns, Reaching safepoint: 177249 ns, At safepoint: 7023 ns, Total: 184272 ns
[2020-09-11T13:07:30.060+0000][1][safepoint    ] Safepoint "Cleanup", Time since last: 1000160787 ns, Reaching safepoint: 127289 ns, At safepoint: 17691 ns, Total: 144980 ns
[2020-09-11T13:07:31.060+0000][1][safepoint    ] Safepoint "Cleanup", Time since last: 1000216425 ns, Reaching safepoint: 96432 ns, At safepoint: 6856 ns, Total: 103288 ns
[2020-09-11T13:07:32.061+0000][1][safepoint    ] Safepoint "Cleanup", Time since last: 1000199433 ns, Reaching safepoint: 125662 ns, At safepoint: 18429 ns, Total: 144091 ns
[2020-09-11T13:07:33.061+0000][1][safepoint    ] Safepoint "Cleanup", Time since last: 1000253838 ns, Reaching safepoint: 125315 ns, At safepoint: 17708 ns, Total: 143023 ns
[2020-09-11T13:07:34.062+0000][1][safepoint    ] Safepoint "Cleanup", Time since last: 1000233166 ns, Reaching safepoint: 94561 ns, At safepoint: 7217 ns, Total: 101778 ns
[2020-09-11T13:07:35.062+0000][1][safepoint    ] Safepoint "Cleanup", Time since last: 1000201280 ns, Reaching safepoint: 90116 ns, At safepoint: 7220 ns, Total: 97336 ns
[2020-09-11T13:07:36.062+0000][1][safepoint    ] Safepoint "Cleanup", Time since last: 1000217099 ns, Reaching safepoint: 99924 ns, At safepoint: 7472 ns, Total: 107396 ns
[2020-09-11T13:07:37.062+0000][1][safepoint    ] Safepoint "Cleanup", Time since last: 1000198724 ns, Reaching safepoint: 96841 ns, At safepoint: 7085 ns, Total: 103926 ns
[2020-09-11T13:07:38.063+0000][1][safepoint    ] Safepoint "Cleanup", Time since last: 1000187422 ns, Reaching safepoint: 122862 ns, At safepoint: 16885 ns, Total: 139747 ns
[2020-09-11T13:07:39.063+0000][1][safepoint    ] Safepoint "Cleanup", Time since last: 1000245437 ns, Reaching safepoint: 169206 ns, At safepoint: 17854 ns, Total: 187060 ns
[2020-09-11T13:07:40.064+0000][1][safepoint    ] Safepoint "Cleanup", Time since last: 1000180746 ns, Reaching safepoint: 149196 ns, At safepoint: 16498 ns, Total: 165694 ns
[2020-09-11T13:07:41.064+0000][1][safepoint    ] Safepoint "Cleanup", Time since last: 1000208605 ns, Reaching safepoint: 122712 ns, At safepoint: 16655 ns, Total: 139367 ns
[2020-09-11T13:07:42.064+0000][1][safepoint    ] Safepoint "Cleanup", Time since last: 1000179409 ns, Reaching safepoint: 135341 ns, At safepoint: 17013 ns, Total: 152354 ns
[2020-09-11T13:07:43.065+0000][1][safepoint    ] Safepoint "Cleanup", Time since last: 1000211812 ns, Reaching safepoint: 100289 ns, At safepoint: 6766 ns, Total: 107055 ns
[2020-09-11T13:07:44.065+0000][1][safepoint    ] Safepoint "Cleanup", Time since last: 1000194125 ns, Reaching safepoint: 95891 ns, At safepoint: 7277 ns, Total: 103168 ns
[2020-09-11T13:07:45.065+0000][1][safepoint    ] Safepoint "Cleanup", Time since last: 1000182720 ns, Reaching safepoint: 92354 ns, At safepoint: 7174 ns, Total: 99528 ns
[2020-09-11T13:07:46.065+0000][1][safepoint    ] Safepoint "Cleanup", Time since last: 1000186428 ns, Reaching safepoint: 100405 ns, At safepoint: 7268 ns, Total: 107673 ns
[2020-09-11T13:07:47.066+0000][1][safepoint    ] Safepoint "Cleanup", Time since last: 1000198304 ns, Reaching safepoint: 122438 ns, At safepoint: 17671 ns, Total: 140109 ns
[2020-09-11T13:07:48.066+0000][1][safepoint    ] Safepoint "Cleanup", Time since last: 1000227153 ns, Reaching safepoint: 125381 ns, At safepoint: 17724 ns, Total: 143105 ns
[2020-09-11T13:07:49.067+0000][1][safepoint    ] Safepoint "Cleanup", Time since last: 1000232358 ns, Reaching safepoint: 123186 ns, At safepoint: 17664 ns, Total: 140850 ns
[2020-09-11T13:07:50.067+0000][1][safepoint    ] Safepoint "Cleanup", Time since last: 1000216798 ns, Reaching safepoint: 124677 ns, At safepoint: 17563 ns, Total: 142240 ns
[2020-09-11T13:07:51.067+0000][1][safepoint    ] Safepoint "Cleanup", Time since last: 1000222248 ns, Reaching safepoint: 125341 ns, At safepoint: 17407 ns, Total: 142748 ns
[2020-09-11T13:07:52.068+0000][1][safepoint    ] Safepoint "Cleanup", Time since last: 1000243298 ns, Reaching safepoint: 123691 ns, At safepoint: 17974 ns, Total: 141665 ns
[2020-09-11T13:07:53.068+0000][1][safepoint    ] Safepoint "Cleanup", Time since last: 1000225809 ns, Reaching safepoint: 121526 ns, At safepoint: 17239 ns, Total: 138765 ns
[2020-09-11T13:07:54.068+0000][1][safepoint    ] Safepoint "Cleanup", Time since last: 1000243822 ns, Reaching safepoint: 126858 ns, At safepoint: 17280 ns, Total: 144138 ns
[2020-09-11T13:07:55.069+0000][1][safepoint    ] Safepoint "Cleanup", Time since last: 1000236691 ns, Reaching safepoint: 87352 ns, At safepoint: 6919 ns, Total: 94271 ns
[2020-09-11T13:07:56.069+0000][1][safepoint    ] Safepoint "Cleanup", Time since last: 1000176031 ns, Reaching safepoint: 96111 ns, At safepoint: 6929 ns, Total: 103040 ns
[2020-09-11T13:07:57.069+0000][1][safepoint    ] Safepoint "Cleanup", Time since last: 1000189133 ns, Reaching safepoint: 97649 ns, At safepoint: 6608 ns, Total: 104257 ns
[2020-09-11T13:07:58.070+0000][1][safepoint    ] Safepoint "Cleanup", Time since last: 1000194144 ns, Reaching safepoint: 93964 ns, At safepoint: 7120 ns, Total: 101084 ns
[2020-09-11T13:07:59.070+0000][1][safepoint    ] Safepoint "Cleanup", Time since last: 1000189533 ns, Reaching safepoint: 91420 ns, At safepoint: 7041 ns, Total: 98461 ns
[2020-09-11T13:08:00.070+0000][1][safepoint    ] Safepoint "Cleanup", Time since last: 1000196778 ns, Reaching safepoint: 93522 ns, At safepoint: 7334 ns, Total: 100856 ns
[2020-09-11T13:08:01.070+0000][1][safepoint    ] Safepoint "Cleanup", Time since last: 1000202810 ns, Reaching safepoint: 123334 ns, At safepoint: 17520 ns, Total: 140854 ns
[2020-09-11T13:08:02.071+0000][1][safepoint    ] Safepoint "Cleanup", Time since last: 1000188545 ns, Reaching safepoint: 111028 ns, At safepoint: 7514 ns, Total: 118542 ns
[2020-09-11T13:08:03.071+0000][1][safepoint    ] Safepoint "Cleanup", Time since last: 1000175890 ns, Reaching safepoint: 125301 ns, At safepoint: 16989 ns, Total: 142290 ns
[2020-09-11T13:08:04.072+0000][1][safepoint    ] Safepoint "Cleanup", Time since last: 1000331633 ns, Reaching safepoint: 63850 ns, At safepoint: 6218 ns, Total: 70068 ns
[2020-09-11T13:08:05.072+0000][1][safepoint    ] Safepoint "Cleanup", Time since last: 1000198185 ns, Reaching safepoint: 125482 ns, At safepoint: 17424 ns, Total: 142906 ns
[2020-09-11T13:08:06.072+0000][1][safepoint    ] Safepoint "Cleanup", Time since last: 1000236301 ns, Reaching safepoint: 93439 ns, At safepoint: 6945 ns, Total: 100384 ns
[2020-09-11T13:08:07.073+0000][1][safepoint    ] Safepoint "Cleanup", Time since last: 1000183980 ns, Reaching safepoint: 124636 ns, At safepoint: 17380 ns, Total: 142016 ns
[2020-09-11T13:08:08.073+0000][1][safepoint    ] Safepoint "Cleanup", Time since last: 1000246649 ns, Reaching safepoint: 116858 ns, At safepoint: 17744 ns, Total: 134602 ns
[2020-09-11T13:08:09.073+0000][1][safepoint    ] Safepoint "Cleanup", Time since last: 1000256872 ns, Reaching safepoint: 99886 ns, At safepoint: 7017 ns, Total: 106903 ns
[2020-09-11T13:08:10.074+0000][1][safepoint    ] Safepoint "Cleanup", Time since last: 1000153710 ns, Reaching safepoint: 183211 ns, At safepoint: 18647 ns, Total: 201858 ns
[2020-09-11T13:08:11.074+0000][1][safepoint    ] Safepoint "Cleanup", Time since last: 1000178388 ns, Reaching safepoint: 109267 ns, At safepoint: 6416 ns, Total: 115683 ns
[2020-09-11T13:08:12.074+0000][1][safepoint    ] Safepoint "Cleanup", Time since last: 1000183514 ns, Reaching safepoint: 92269 ns, At safepoint: 7694 ns, Total: 99963 ns
[2020-09-11T13:08:13.074+0000][1][safepoint    ] Safepoint "Cleanup", Time since last: 1000165731 ns, Reaching safepoint: 105861 ns, At safepoint: 6492 ns, Total: 112353 ns
[2020-09-11T13:08:14.075+0000][1][safepoint    ] Safepoint "Cleanup", Time since last: 1000173492 ns, Reaching safepoint: 97604 ns, At safepoint: 8834 ns, Total: 106438 ns
[2020-09-11T13:08:15.075+0000][1][safepoint    ] Safepoint "Cleanup", Time since last: 1000151154 ns, Reaching safepoint: 106402 ns, At safepoint: 6950 ns, Total: 113352 ns
[2020-09-11T13:08:16.075+0000][1][safepoint    ] Safepoint "Cleanup", Time since last: 1000184935 ns, Reaching safepoint: 135950 ns, At safepoint: 19063 ns, Total: 155013 ns
[2020-09-11T13:08:17.076+0000][1][safepoint    ] Safepoint "Cleanup", Time since last: 1000212597 ns, Reaching safepoint: 108584 ns, At safepoint: 6895 ns, Total: 115479 ns
[2020-09-11T13:08:17.871+0000][1][gc,start     ] GC(73) Pause Young (Allocation Failure)
[2020-09-11T13:08:17.872+0000][1][gc,task      ] GC(73) Using 1 workers of 1 for evacuation
[2020-09-11T13:08:17.891+0000][1][gc,age       ] GC(73) Desired survivor size 4358144 bytes, new threshold 6 (max threshold 6)
[2020-09-11T13:08:17.891+0000][1][gc,age       ] GC(73) Age table with threshold 6 (max threshold 6)
[2020-09-11T13:08:17.891+0000][1][gc,age       ] GC(73) - age   1:      22864 bytes,      22864 total
[2020-09-11T13:08:17.891+0000][1][gc,age       ] GC(73) - age   3:       1096 bytes,      23960 total
[2020-09-11T13:08:17.891+0000][1][gc,age       ] GC(73) - age   4:        864 bytes,      24824 total
[2020-09-11T13:08:17.891+0000][1][gc,age       ] GC(73) - age   5:        728 bytes,      25552 total
[2020-09-11T13:08:17.891+0000][1][gc,age       ] GC(73) - age   6:       1280 bytes,      26832 total
[2020-09-11T13:08:17.891+0000][1][gc,heap      ] GC(73) ParNew: 68916K->191K(76672K)
[2020-09-11T13:08:17.891+0000][1][gc,heap      ] GC(73) CMS: 82112K->82115K(2011968K)
[2020-09-11T13:08:17.891+0000][1][gc,metaspace ] GC(73) Metaspace: 76562K->76562K(1120256K)
[2020-09-11T13:08:17.891+0000][1][gc           ] GC(73) Pause Young (Allocation Failure) 147M->80M(2039M) 19.339ms
[2020-09-11T13:08:17.891+0000][1][gc,cpu       ] GC(73) User=0.02s Sys=0.00s Real=0.02s
[2020-09-11T13:08:17.891+0000][1][safepoint    ] Safepoint "GenCollectForAllocation", Time since last: 795547140 ns, Reaching safepoint: 113722 ns, At safepoint: 19416547 ns, Total: 19530269 ns
[2020-09-11T13:08:18.896+0000][1][safepoint    ] Safepoint "Cleanup", Time since last: 1004778860 ns, Reaching safepoint: 131148 ns, At safepoint: 17377 ns, Total: 148525 ns
[2020-09-11T13:08:19.896+0000][1][safepoint    ] Safepoint "Cleanup", Time since last: 1000198400 ns, Reaching safepoint: 100230 ns, At safepoint: 6364 ns, Total: 106594 ns
[2020-09-11T13:08:20.896+0000][1][safepoint    ] Safepoint "Cleanup", Time since last: 1000167294 ns, Reaching safepoint: 91020 ns, At safepoint: 6728 ns, Total: 97748 ns
[2020-09-11T13:08:21.897+0000][1][safepoint    ] Safepoint "Cleanup", Time since last: 1000159542 ns, Reaching safepoint: 94853 ns, At safepoint: 6247 ns, Total: 101100 ns
[2020-09-11T13:08:22.897+0000][1][safepoint    ] Safepoint "Cleanup", Time since last: 1000176139 ns, Reaching safepoint: 118375 ns, At safepoint: 16455 ns, Total: 134830 ns
[2020-09-11T13:08:23.897+0000][1][safepoint    ] Safepoint "Cleanup", Time since last: 1000184239 ns, Reaching safepoint: 74247 ns, At safepoint: 5291 ns, Total: 79538 ns
[2020-09-11T13:08:24.897+0000][1][safepoint    ] Safepoint "Cleanup", Time since last: 1000148623 ns, Reaching safepoint: 110601 ns, At safepoint: 6692 ns, Total: 117293 ns
[2020-09-11T13:08:25.898+0000][1][safepoint    ] Safepoint "Cleanup", Time since last: 1000169283 ns, Reaching safepoint: 98802 ns, At safepoint: 5676 ns, Total: 104478 ns
[2020-09-11T13:08:26.898+0000][1][safepoint    ] Safepoint "Cleanup", Time since last: 1000161022 ns, Reaching safepoint: 86230 ns, At safepoint: 6906 ns, Total: 93136 ns
[2020-09-11T13:08:27.898+0000][1][safepoint    ] Safepoint "Cleanup", Time since last: 1000168131 ns, Reaching safepoint: 90230 ns, At safepoint: 5969 ns, Total: 96199 ns
[2020-09-11T13:08:28.898+0000][1][safepoint    ] Safepoint "Cleanup", Time since last: 1000172070 ns, Reaching safepoint: 120467 ns, At safepoint: 17293 ns, Total: 137760 ns
[2020-09-11T13:08:29.899+0000][1][safepoint    ] Safepoint "Cleanup", Time since last: 1000196140 ns, Reaching safepoint: 127380 ns, At safepoint: 18081 ns, Total: 145461 ns
[2020-09-11T13:08:30.899+0000][1][safepoint    ] Safepoint "Cleanup", Time since last: 1000211730 ns, Reaching safepoint: 124459 ns, At safepoint: 18252 ns, Total: 142711 ns
[2020-09-11T13:08:31.900+0000][1][safepoint    ] Safepoint "Cleanup", Time since last: 1000245803 ns, Reaching safepoint: 97477 ns, At safepoint: 5835 ns, Total: 103312 ns
[2020-09-11T13:08:32.900+0000][1][safepoint    ] Safepoint "Cleanup", Time since last: 1000177863 ns, Reaching safepoint: 94529 ns, At safepoint: 16042 ns, Total: 110571 ns
[2020-09-11T13:08:33.900+0000][1][safepoint    ] Safepoint "Cleanup", Time since last: 1000175021 ns, Reaching safepoint: 85323 ns, At safepoint: 5950 ns, Total: 91273 ns
[2020-09-11T13:08:34.900+0000][1][safepoint    ] Safepoint "Cleanup", Time since last: 1000159511 ns, Reaching safepoint: 116671 ns, At safepoint: 16468 ns, Total: 133139 ns
[2020-09-11T13:08:35.901+0000][1][safepoint    ] Safepoint "Cleanup", Time since last: 1000200498 ns, Reaching safepoint: 86489 ns, At safepoint: 5712 ns, Total: 92201 ns
[2020-09-11T13:08:36.901+0000][1][safepoint    ] Safepoint "Cleanup", Time since last: 1000135901 ns, Reaching safepoint: 98327 ns, At safepoint: 6712 ns, Total: 105039 ns
[2020-09-11T13:08:37.901+0000][1][safepoint    ] Safepoint "Cleanup", Time since last: 1000180519 ns, Reaching safepoint: 179534 ns, At safepoint: 6020 ns, Total: 185554 ns
[2020-09-11T13:08:38.902+0000][1][safepoint    ] Safepoint "Cleanup", Time since last: 1000124373 ns, Reaching safepoint: 116898 ns, At safepoint: 16301 ns, Total: 133199 ns
[2020-09-11T13:08:40.388+0000][1][safepoint    ] Safepoint "Cleanup", Time since last: 1486030828 ns, Reaching safepoint: 112503 ns, At safepoint: 7978 ns, Total: 120481 ns
[2020-09-11T13:08:41.388+0000][1][safepoint    ] Safepoint "Cleanup", Time since last: 1000179422 ns, Reaching safepoint: 98059 ns, At safepoint: 7282 ns, Total: 105341 ns
[2020-09-11T13:08:42.388+0000][1][safepoint    ] Safepoint "Cleanup", Time since last: 1000178656 ns, Reaching safepoint: 107358 ns, At safepoint: 7605 ns, Total: 114963 ns
[2020-09-11T13:08:43.389+0000][1][safepoint    ] Safepoint "Cleanup", Time since last: 1000170089 ns, Reaching safepoint: 98052 ns, At safepoint: 7066 ns, Total: 105118 ns
[2020-09-11T13:08:44.389+0000][1][safepoint    ] Safepoint "Cleanup", Time since last: 1000193395 ns, Reaching safepoint: 125188 ns, At safepoint: 18145 ns, Total: 143333 ns
[2020-09-11T13:08:45.389+0000][1][safepoint    ] Safepoint "Cleanup", Time since last: 1000202947 ns, Reaching safepoint: 126738 ns, At safepoint: 17674 ns, Total: 144412 ns
[2020-09-11T13:08:46.390+0000][1][safepoint    ] Safepoint "Cleanup", Time since last: 1000226499 ns, Reaching safepoint: 95318 ns, At safepoint: 7640 ns, Total: 102958 ns
[2020-09-11T13:08:47.390+0000][1][safepoint    ] Safepoint "Cleanup", Time since last: 1000146027 ns, Reaching safepoint: 123925 ns, At safepoint: 17627 ns, Total: 141552 ns
[2020-09-11T13:08:48.390+0000][1][safepoint    ] Safepoint "Cleanup", Time since last: 1000203199 ns, Reaching safepoint: 105266 ns, At safepoint: 7263 ns, Total: 112529 ns
[2020-09-11T13:08:49.390+0000][1][safepoint    ] Safepoint "Cleanup", Time since last: 1000173312 ns, Reaching safepoint: 125923 ns, At safepoint: 18853 ns, Total: 144776 ns
[2020-09-11T13:08:50.391+0000][1][safepoint    ] Safepoint "Cleanup", Time since last: 1000213189 ns, Reaching safepoint: 98816 ns, At safepoint: 8147 ns, Total: 106963 ns
[2020-09-11T13:08:51.391+0000][1][safepoint    ] Safepoint "Cleanup", Time since last: 1000151867 ns, Reaching safepoint: 127911 ns, At safepoint: 17710 ns, Total: 145621 ns
[2020-09-11T13:08:52.391+0000][1][safepoint    ] Safepoint "Cleanup", Time since last: 1000193813 ns, Reaching safepoint: 173245 ns, At safepoint: 16685 ns, Total: 189930 ns
[2020-09-11T13:08:53.392+0000][1][safepoint    ] Safepoint "Cleanup", Time since last: 1000179358 ns, Reaching safepoint: 110258 ns, At safepoint: 6688 ns, Total: 116946 ns
[2020-09-11T13:08:54.392+0000][1][safepoint    ] Safepoint "Cleanup", Time since last: 1000449538 ns, Reaching safepoint: 92926 ns, At safepoint: 8106 ns, Total: 101032 ns
[2020-09-11T13:08:55.393+0000][1][safepoint    ] Safepoint "Cleanup", Time since last: 1000172069 ns, Reaching safepoint: 129859 ns, At safepoint: 18238 ns, Total: 148097 ns
[2020-09-11T13:08:56.393+0000][1][safepoint    ] Safepoint "Cleanup", Time since last: 1000189838 ns, Reaching safepoint: 119808 ns, At safepoint: 17287 ns, Total: 137095 ns
[2020-09-11T13:08:57.393+0000][1][safepoint    ] Safepoint "Cleanup", Time since last: 1000237872 ns, Reaching safepoint: 123250 ns, At safepoint: 17546 ns, Total: 140796 ns
[2020-09-11T13:08:58.394+0000][1][safepoint    ] Safepoint "Cleanup", Time since last: 1000186894 ns, Reaching safepoint: 108294 ns, At safepoint: 6715 ns, Total: 115009 ns
[2020-09-11T13:08:59.394+0000][1][safepoint    ] Safepoint "Cleanup", Time since last: 1000148712 ns, Reaching safepoint: 113634 ns, At safepoint: 7311 ns, Total: 120945 ns
[2020-09-11T13:09:00.394+0000][1][safepoint    ] Safepoint "Cleanup", Time since last: 1000188180 ns, Reaching safepoint: 88177 ns, At safepoint: 6587 ns, Total: 94764 ns
[2020-09-11T13:09:01.394+0000][1][safepoint    ] Safepoint "Cleanup", Time since last: 1000189145 ns, Reaching safepoint: 86821 ns, At safepoint: 6409 ns, Total: 93230 ns
[2020-09-11T13:09:02.395+0000][1][safepoint    ] Safepoint "Cleanup", Time since last: 1000832087 ns, Reaching safepoint: 142237 ns, At safepoint: 15789 ns, Total: 158026 ns
[2020-09-11T13:09:03.396+0000][1][safepoint    ] Safepoint "Cleanup", Time since last: 1000196842 ns, Reaching safepoint: 98865 ns, At safepoint: 6847 ns, Total: 105712 ns
[2020-09-11T13:09:04.396+0000][1][safepoint    ] Safepoint "Cleanup", Time since last: 1000159646 ns, Reaching safepoint: 107006 ns, At safepoint: 7745 ns, Total: 114751 ns
[2020-09-11T13:09:05.396+0000][1][safepoint    ] Safepoint "Cleanup", Time since last: 1000176436 ns, Reaching safepoint: 121485 ns, At safepoint: 18520 ns, Total: 140005 ns
[2020-09-11T13:09:06.397+0000][1][safepoint    ] Safepoint "Cleanup", Time since last: 1000224072 ns, Reaching safepoint: 91545 ns, At safepoint: 7232 ns, Total: 98777 ns
[2020-09-11T13:09:07.398+0000][1][safepoint    ] Safepoint "Cleanup", Time since last: 1000830104 ns, Reaching safepoint: 124115 ns, At safepoint: 17070 ns, Total: 141185 ns
[2020-09-11T13:09:08.398+0000][1][safepoint    ] Safepoint "Cleanup", Time since last: 1000223237 ns, Reaching safepoint: 121208 ns, At safepoint: 17407 ns, Total: 138615 ns
[2020-09-11T13:09:09.399+0000][1][safepoint    ] Safepoint "Cleanup", Time since last: 1000180042 ns, Reaching safepoint: 484553 ns, At safepoint: 25172 ns, Total: 509725 ns
[2020-09-11T13:09:10.428+0000][1][safepoint    ] Safepoint "Cleanup", Time since last: 1028863164 ns, Reaching safepoint: 121496 ns, At safepoint: 17841 ns, Total: 139337 ns
[2020-09-11T13:09:11.428+0000][1][safepoint    ] Safepoint "Cleanup", Time since last: 1000187057 ns, Reaching safepoint: 218502 ns, At safepoint: 7262 ns, Total: 225764 ns
[2020-09-11T13:09:12.429+0000][1][safepoint    ] Safepoint "Cleanup", Time since last: 1000577584 ns, Reaching safepoint: 89529 ns, At safepoint: 7138 ns, Total: 96667 ns
[2020-09-11T13:09:13.429+0000][1][safepoint    ] Safepoint "Cleanup", Time since last: 1000119867 ns, Reaching safepoint: 73434 ns, At safepoint: 9601 ns, Total: 83035 ns
[2020-09-11T13:09:13.850+0000][1][safepoint    ] Safepoint "RevokeBias", Time since last: 420892725 ns, Reaching safepoint: 132587 ns, At safepoint: 8531 ns, Total: 141118 ns
[2020-09-11T13:09:13.850+0000][1][safepoint    ] Safepoint "RevokeBias", Time since last: 102348 ns, Reaching safepoint: 100081 ns, At safepoint: 6610 ns, Total: 106691 ns
[2020-09-11T13:09:13.851+0000][1][safepoint    ] Safepoint "RevokeBias", Time since last: 255691 ns, Reaching safepoint: 185569 ns, At safepoint: 9159 ns, Total: 194728 ns
[2020-09-11T13:09:13.851+0000][1][safepoint    ] Safepoint "RevokeBias", Time since last: 378167 ns, Reaching safepoint: 133406 ns, At safepoint: 8047 ns, Total: 141453 ns
[2020-09-11T13:09:13.859+0000][1][safepoint    ] Safepoint "RevokeBias", Time since last: 7205517 ns, Reaching safepoint: 345504 ns, At safepoint: 11018 ns, Total: 356522 ns
[2020-09-11T13:09:13.859+0000][1][safepoint    ] Safepoint "RevokeBias", Time since last: 90323 ns, Reaching safepoint: 576789 ns, At safepoint: 8669 ns, Total: 585458 ns
[2020-09-11T13:09:13.862+0000][1][safepoint    ] Safepoint "RevokeBias", Time since last: 805411 ns, Reaching safepoint: 1687546 ns, At safepoint: 10165 ns, Total: 1697711 ns
[2020-09-11T13:09:13.862+0000][1][safepoint    ] Safepoint "RevokeBias", Time since last: 98526 ns, Reaching safepoint: 103867 ns, At safepoint: 8015 ns, Total: 111882 ns
[2020-09-11T13:09:13.863+0000][1][safepoint    ] Safepoint "RevokeBias", Time since last: 301942 ns, Reaching safepoint: 329587 ns, At safepoint: 8314 ns, Total: 337901 ns
[2020-09-11T13:09:13.864+0000][1][safepoint    ] Safepoint "RevokeBias", Time since last: 713328 ns, Reaching safepoint: 852121 ns, At safepoint: 8293 ns, Total: 860414 ns
[2020-09-11T13:09:13.881+0000][1][safepoint    ] Safepoint "RevokeBias", Time since last: 1485293 ns, Reaching safepoint: 15178936 ns, At safepoint: 15927 ns, Total: 15194863 ns
[2020-09-11T13:09:13.882+0000][1][safepoint    ] Safepoint "RevokeBias", Time since last: 1200733 ns, Reaching safepoint: 106165 ns, At safepoint: 6861 ns, Total: 113026 ns
[2020-09-11T13:09:13.884+0000][1][safepoint    ] Safepoint "RevokeBias", Time since last: 1515840 ns, Reaching safepoint: 112030 ns, At safepoint: 6698 ns, Total: 118728 ns
[2020-09-11T13:09:13.884+0000][1][safepoint    ] Safepoint "RevokeBias", Time since last: 70457 ns, Reaching safepoint: 90739 ns, At safepoint: 5942 ns, Total: 96681 ns
[2020-09-11T13:09:13.884+0000][1][safepoint    ] Safepoint "RevokeBias", Time since last: 47196 ns, Reaching safepoint: 89671 ns, At safepoint: 5978 ns, Total: 95649 ns
[2020-09-11T13:09:13.884+0000][1][safepoint    ] Safepoint "RevokeBias", Time since last: 91371 ns, Reaching safepoint: 89845 ns, At safepoint: 5781 ns, Total: 95626 ns
[2020-09-11T13:09:13.885+0000][1][safepoint    ] Safepoint "RevokeBias", Time since last: 39050 ns, Reaching safepoint: 89443 ns, At safepoint: 5842 ns, Total: 95285 ns
[2020-09-11T13:09:13.885+0000][1][safepoint    ] Safepoint "RevokeBias", Time since last: 76461 ns, Reaching safepoint: 89354 ns, At safepoint: 15423 ns, Total: 104777 ns
[2020-09-11T13:09:13.889+0000][1][safepoint    ] Safepoint "RevokeBias", Time since last: 3712723 ns, Reaching safepoint: 127774 ns, At safepoint: 8425 ns, Total: 136199 ns
[2020-09-11T13:09:13.889+0000][1][safepoint    ] Safepoint "RevokeBias", Time since last: 715411 ns, Reaching safepoint: 103137 ns, At safepoint: 6616 ns, Total: 109753 ns
[2020-09-11T13:09:13.896+0000][1][safepoint    ] Safepoint "RevokeBias", Time since last: 5945461 ns, Reaching safepoint: 126674 ns, At safepoint: 8068 ns, Total: 134742 ns
[2020-09-11T13:09:14.204+0000][1][safepoint    ] Safepoint "RevokeBias", Time since last: 308727312 ns, Reaching safepoint: 59781 ns, At safepoint: 8790 ns, Total: 68571 ns
[2020-09-11T13:09:14.209+0000][1][safepoint    ] Safepoint "RevokeBias", Time since last: 4618567 ns, Reaching safepoint: 54149 ns, At safepoint: 17945 ns, Total: 72094 ns
[2020-09-11T13:09:14.210+0000][1][safepoint    ] Safepoint "RevokeBias", Time since last: 756342 ns, Reaching safepoint: 30577 ns, At safepoint: 5615 ns, Total: 36192 ns
[2020-09-11T13:09:14.210+0000][1][safepoint    ] Safepoint "RevokeBias", Time since last: 53934 ns, Reaching safepoint: 21313 ns, At safepoint: 4469 ns, Total: 25782 ns
[2020-09-11T13:09:14.210+0000][1][safepoint    ] Safepoint "RevokeBias", Time since last: 35590 ns, Reaching safepoint: 19452 ns, At safepoint: 4380 ns, Total: 23832 ns
[2020-09-11T13:09:14.210+0000][1][safepoint    ] Safepoint "RevokeBias", Time since last: 184336 ns, Reaching safepoint: 24544 ns, At safepoint: 4922 ns, Total: 29466 ns
[2020-09-11T13:09:14.210+0000][1][safepoint    ] Safepoint "RevokeBias", Time since last: 34164 ns, Reaching safepoint: 18735 ns, At safepoint: 4091 ns, Total: 22826 ns
[2020-09-11T13:09:14.210+0000][1][safepoint    ] Safepoint "RevokeBias", Time since last: 29887 ns, Reaching safepoint: 18342 ns, At safepoint: 3961 ns, Total: 22303 ns
[2020-09-11T13:09:14.211+0000][1][safepoint    ] Safepoint "RevokeBias", Time since last: 404290 ns, Reaching safepoint: 29538 ns, At safepoint: 4886 ns, Total: 34424 ns
[2020-09-11T13:09:14.211+0000][1][safepoint    ] Safepoint "RevokeBias", Time since last: 306121 ns, Reaching safepoint: 143818 ns, At safepoint: 6500 ns, Total: 150318 ns
[2020-09-11T13:09:14.212+0000][1][safepoint    ] Safepoint "RevokeBias", Time since last: 37848 ns, Reaching safepoint: 739529 ns, At safepoint: 7218 ns, Total: 746747 ns
[2020-09-11T13:09:14.213+0000][1][safepoint    ] Safepoint "RevokeBias", Time since last: 618553 ns, Reaching safepoint: 20574 ns, At safepoint: 4527 ns, Total: 25101 ns
[2020-09-11T13:09:14.213+0000][1][safepoint    ] Safepoint "RevokeBias", Time since last: 458927 ns, Reaching safepoint: 20763 ns, At safepoint: 4912 ns, Total: 25675 ns
[2020-09-11T13:09:14.213+0000][1][safepoint    ] Safepoint "RevokeBias", Time since last: 291660 ns, Reaching safepoint: 18472 ns, At safepoint: 4477 ns, Total: 22949 ns
[2020-09-11T13:09:14.214+0000][1][safepoint    ] Safepoint "RevokeBias", Time since last: 147249 ns, Reaching safepoint: 18185 ns, At safepoint: 4352 ns, Total: 22537 ns
[2020-09-11T13:09:14.214+0000][1][safepoint    ] Safepoint "RevokeBias", Time since last: 497061 ns, Reaching safepoint: 19785 ns, At safepoint: 5154 ns, Total: 24939 ns
[2020-09-11T13:09:14.214+0000][1][safepoint    ] Safepoint "RevokeBias", Time since last: 61074 ns, Reaching safepoint: 17490 ns, At safepoint: 4126 ns, Total: 21616 ns
[2020-09-11T13:09:14.214+0000][1][safepoint    ] Safepoint "RevokeBias", Time since last: 59750 ns, Reaching safepoint: 17155 ns, At safepoint: 4063 ns, Total: 21218 ns
[2020-09-11T13:09:14.215+0000][1][safepoint    ] Safepoint "RevokeBias", Time since last: 852732 ns, Reaching safepoint: 24079 ns, At safepoint: 5041 ns, Total: 29120 ns
[2020-09-11T13:09:14.217+0000][1][safepoint    ] Safepoint "RevokeBias", Time since last: 1383906 ns, Reaching safepoint: 844089 ns, At safepoint: 80361 ns, Total: 924450 ns
[2020-09-11T13:09:14.219+0000][1][safepoint    ] Safepoint "RevokeBias", Time since last: 864047 ns, Reaching safepoint: 631982 ns, At safepoint: 16572 ns, Total: 648554 ns
[2020-09-11T13:09:14.221+0000][1][safepoint    ] Safepoint "RevokeBias", Time since last: 1005061 ns, Reaching safepoint: 958131 ns, At safepoint: 18883 ns, Total: 977014 ns
[2020-09-11T13:09:14.223+0000][1][safepoint    ] Safepoint "RevokeBias", Time since last: 454530 ns, Reaching safepoint: 2043176 ns, At safepoint: 16051 ns, Total: 2059227 ns
[2020-09-11T13:09:14.224+0000][1][safepoint    ] Safepoint "RevokeBias", Time since last: 94975 ns, Reaching safepoint: 91971 ns, At safepoint: 6912 ns, Total: 98883 ns
[2020-09-11T13:09:14.224+0000][1][safepoint    ] Safepoint "RevokeBias", Time since last: 135189 ns, Reaching safepoint: 91477 ns, At safepoint: 19276 ns, Total: 110753 ns
[2020-09-11T13:09:14.227+0000][1][safepoint    ] Safepoint "BulkRevokeBias", Time since last: 687579 ns, Reaching safepoint: 2309935 ns, At safepoint: 128625 ns, Total: 2438560 ns
[2020-09-11T13:09:14.228+0000][1][safepoint    ] Safepoint "RevokeBias", Time since last: 405010 ns, Reaching safepoint: 97622 ns, At safepoint: 7297 ns, Total: 104919 ns
[2020-09-11T13:09:14.247+0000][1][safepoint    ] Safepoint "RevokeBias", Time since last: 16963729 ns, Reaching safepoint: 2964522 ns, At safepoint: 10474 ns, Total: 2974996 ns
[2020-09-11T13:09:14.248+0000][1][safepoint    ] Safepoint "RevokeBias", Time since last: 631908 ns, Reaching safepoint: 99509 ns, At safepoint: 6350 ns, Total: 105859 ns
[2020-09-11T13:09:14.250+0000][1][safepoint    ] Safepoint "BulkRevokeBias", Time since last: 628562 ns, Reaching safepoint: 766391 ns, At safepoint: 117851 ns, Total: 884242 ns
[2020-09-11T13:09:14.256+0000][1][safepoint    ] Safepoint "RevokeBias", Time since last: 6535288 ns, Reaching safepoint: 115293 ns, At safepoint: 9496 ns, Total: 124789 ns
[2020-09-11T13:09:14.258+0000][1][safepoint    ] Safepoint "RevokeBias", Time since last: 1818665 ns, Reaching safepoint: 91803 ns, At safepoint: 6233 ns, Total: 98036 ns
[2020-09-11T13:09:14.259+0000][1][safepoint    ] Safepoint "RevokeBias", Time since last: 89884 ns, Reaching safepoint: 441824 ns, At safepoint: 6378 ns, Total: 448202 ns
[2020-09-11T13:09:14.261+0000][1][safepoint    ] Safepoint "RevokeBias", Time since last: 1157557 ns, Reaching safepoint: 1286435 ns, At safepoint: 17277 ns, Total: 1303712 ns
[2020-09-11T13:09:14.265+0000][1][safepoint    ] Safepoint "RevokeBias", Time since last: 3268246 ns, Reaching safepoint: 699378 ns, At safepoint: 7109 ns, Total: 706487 ns
[2020-09-11T13:09:14.272+0000][1][gc,heap,exit ] Heap
[2020-09-11T13:09:14.272+0000][1][gc,heap,exit ]  par new generation   total 76672K, used 54883K [0x0000000080000000, 0x0000000085330000, 0x0000000085330000)
[2020-09-11T13:09:14.272+0000][1][gc,heap,exit ]   eden space 68160K,  80% used [0x0000000080000000, 0x00000000835692d0, 0x0000000084290000)
[2020-09-11T13:09:14.272+0000][1][gc,heap,exit ]   from space 8512K,   2% used [0x0000000084ae0000, 0x0000000084b0fc90, 0x0000000085330000)
[2020-09-11T13:09:14.272+0000][1][gc,heap,exit ]   to   space 8512K,   0% used [0x0000000084290000, 0x0000000084290000, 0x0000000084ae0000)
[2020-09-11T13:09:14.272+0000][1][gc,heap,exit ]  concurrent mark-sweep generation total 2011968K, used 82115K [0x0000000085330000, 0x0000000100000000, 0x0000000100000000)
[2020-09-11T13:09:14.272+0000][1][gc,heap,exit ]  Metaspace       used 76713K, capacity 82760K, committed 82888K, reserved 1120256K
[2020-09-11T13:09:14.272+0000][1][gc,heap,exit ]   class space    used 10391K, capacity 12921K, committed 12960K, reserved 1048576K
