[2020-09-11T17:54:54.649+0000][1][gc] Using Concurrent Mark Sweep
[2020-09-11T17:54:54.649+0000][1][gc,heap,coops] Heap address: 0x0000000080000000, size: 2048 MB, Compressed Oops mode: 32-bit
[2020-09-11T17:54:54.983+0000][1][safepoint    ] Safepoint "EnableBiasedLocking", Time since last: 299639270 ns, Reaching safepoint: 1631142 ns, At safepoint: 40338 ns, Total: 1671480 ns
[2020-09-11T17:54:55.003+0000][1][safepoint    ] Safepoint "RevokeBias", Time since last: 19419148 ns, Reaching safepoint: 996023 ns, At safepoint: 44202 ns, Total: 1040225 ns
[2020-09-11T17:54:55.077+0000][1][safepoint    ] Safepoint "Deoptimize", Time since last: 65466502 ns, Reaching safepoint: 8038790 ns, At safepoint: 30094 ns, Total: 8068884 ns
[2020-09-11T17:54:55.977+0000][1][safepoint    ] Safepoint "Deoptimize", Time since last: 895931415 ns, Reaching safepoint: 4024804 ns, At safepoint: 30543 ns, Total: 4055347 ns
[2020-09-11T17:54:55.997+0000][1][safepoint    ] Safepoint "Deoptimize", Time since last: 17292849 ns, Reaching safepoint: 2654218 ns, At safepoint: 33536 ns, Total: 2687754 ns
[2020-09-11T17:54:56.301+0000][1][safepoint    ] Safepoint "Deoptimize", Time since last: 300573976 ns, Reaching safepoint: 3345318 ns, At safepoint: 63821 ns, Total: 3409139 ns
[2020-09-11T17:54:57.307+0000][1][safepoint    ] Safepoint "Cleanup", Time since last: 1003989219 ns, Reaching safepoint: 2014609 ns, At safepoint: 6411 ns, Total: 2021020 ns
[2020-09-11T17:54:58.314+0000][1][safepoint    ] Safepoint "Cleanup", Time since last: 1005965312 ns, Reaching safepoint: 1511521 ns, At safepoint: 6886 ns, Total: 1518407 ns
[2020-09-11T17:54:59.201+0000][1][safepoint    ] Safepoint "Deoptimize", Time since last: 886497513 ns, Reaching safepoint: 124459 ns, At safepoint: 60751 ns, Total: 185210 ns
[2020-09-11T17:54:59.575+0000][1][safepoint    ] Safepoint "Deoptimize", Time since last: 366297564 ns, Reaching safepoint: 8108942 ns, At safepoint: 73433 ns, Total: 8182375 ns
[2020-09-11T17:55:00.077+0000][1][safepoint    ] Safepoint "Deoptimize", Time since last: 499942185 ns, Reaching safepoint: 1423410 ns, At safepoint: 63221 ns, Total: 1486631 ns
[2020-09-11T17:55:01.081+0000][1][safepoint    ] Safepoint "Cleanup", Time since last: 1003899097 ns, Reaching safepoint: 95650 ns, At safepoint: 6353 ns, Total: 102003 ns
[2020-09-11T17:55:02.099+0000][1][safepoint    ] Safepoint "Cleanup", Time since last: 1017550245 ns, Reaching safepoint: 139730 ns, At safepoint: 4819 ns, Total: 144549 ns
[2020-09-11T17:55:02.594+0000][1][safepoint    ] Safepoint "Deoptimize", Time since last: 495262441 ns, Reaching safepoint: 89204 ns, At safepoint: 77017 ns, Total: 166221 ns
[2020-09-11T17:55:03.594+0000][1][safepoint    ] Safepoint "Cleanup", Time since last: 1000116613 ns, Reaching safepoint: 45485 ns, At safepoint: 5155 ns, Total: 50640 ns
[2020-09-11T17:55:05.365+0000][1][safepoint    ] Safepoint "Deoptimize", Time since last: 1770617562 ns, Reaching safepoint: 117582 ns, At safepoint: 113405 ns, Total: 230987 ns
[2020-09-11T17:55:06.377+0000][1][safepoint    ] Safepoint "Cleanup", Time since last: 1011763304 ns, Reaching safepoint: 114056 ns, At safepoint: 6086 ns, Total: 120142 ns
[2020-09-11T17:55:07.378+0000][1][safepoint    ] Safepoint "Cleanup", Time since last: 1000103238 ns, Reaching safepoint: 960720 ns, At safepoint: 8452 ns, Total: 969172 ns
[2020-09-11T17:55:07.781+0000][1][safepoint    ] Safepoint "Deoptimize", Time since last: 402851819 ns, Reaching safepoint: 100478 ns, At safepoint: 101229 ns, Total: 201707 ns
[2020-09-11T17:55:07.805+0000][1][safepoint    ] Safepoint "Deoptimize", Time since last: 23876965 ns, Reaching safepoint: 92258 ns, At safepoint: 103082 ns, Total: 195340 ns
[2020-09-11T17:55:08.108+0000][1][safepoint    ] Safepoint "Deoptimize", Time since last: 299690136 ns, Reaching safepoint: 2785626 ns, At safepoint: 105158 ns, Total: 2890784 ns
[2020-09-11T17:55:08.118+0000][1][safepoint    ] Safepoint "Deoptimize", Time since last: 9118267 ns, Reaching safepoint: 899561 ns, At safepoint: 110999 ns, Total: 1010560 ns
[2020-09-11T17:55:08.198+0000][1][safepoint    ] Safepoint "RevokeBias", Time since last: 79501962 ns, Reaching safepoint: 167679 ns, At safepoint: 36420 ns, Total: 204099 ns
[2020-09-11T17:55:08.215+0000][1][safepoint    ] Safepoint "RevokeBias", Time since last: 17378331 ns, Reaching safepoint: 178336 ns, At safepoint: 45986 ns, Total: 224322 ns
[2020-09-11T17:55:08.217+0000][1][safepoint    ] Safepoint "RevokeBias", Time since last: 99097 ns, Reaching safepoint: 1560157 ns, At safepoint: 34396 ns, Total: 1594553 ns
[2020-09-11T17:55:08.217+0000][1][safepoint    ] Safepoint "RevokeBias", Time since last: 182717 ns, Reaching safepoint: 219792 ns, At safepoint: 30969 ns, Total: 250761 ns
[2020-09-11T17:55:09.222+0000][1][safepoint    ] Safepoint "Cleanup", Time since last: 1003530797 ns, Reaching safepoint: 1184645 ns, At safepoint: 10022 ns, Total: 1194667 ns
[2020-09-11T17:55:10.229+0000][1][safepoint    ] Safepoint "Cleanup", Time since last: 1002894802 ns, Reaching safepoint: 3947666 ns, At safepoint: 14678 ns, Total: 3962344 ns
[2020-09-11T17:55:11.245+0000][1][safepoint    ] Safepoint "Cleanup", Time since last: 1000105149 ns, Reaching safepoint: 15957214 ns, At safepoint: 13641 ns, Total: 15970855 ns
[2020-09-11T17:55:11.913+0000][1][gc,start     ] GC(0) Pause Young (Allocation Failure)
[2020-09-11T17:55:11.913+0000][1][gc,task      ] GC(0) Using 1 workers of 1 for evacuation
[2020-09-11T17:55:12.027+0000][1][gc,age       ] GC(0) Desired survivor size 4358144 bytes, new threshold 1 (max threshold 6)
[2020-09-11T17:55:12.027+0000][1][gc,age       ] GC(0) Age table with threshold 1 (max threshold 6)
[2020-09-11T17:55:12.027+0000][1][gc,age       ] GC(0) - age   1:    6449880 bytes,    6449880 total
[2020-09-11T17:55:12.027+0000][1][gc,heap      ] GC(0) ParNew: 68160K->6331K(76672K)
[2020-09-11T17:55:12.027+0000][1][gc,heap      ] GC(0) CMS: 0K->0K(2011968K)
[2020-09-11T17:55:12.027+0000][1][gc,metaspace ] GC(0) Metaspace: 13603K->13603K(1062912K)
[2020-09-11T17:55:12.027+0000][1][gc           ] GC(0) Pause Young (Allocation Failure) 66M->6M(2039M) 114.585ms
[2020-09-11T17:55:12.027+0000][1][gc,cpu       ] GC(0) User=0.02s Sys=0.00s Real=0.11s
[2020-09-11T17:55:12.055+0000][1][safepoint    ] Safepoint "GenCollectForAllocation", Time since last: 665445438 ns, Reaching safepoint: 2449069 ns, At safepoint: 142008779 ns, Total: 144457848 ns
[2020-09-11T17:55:12.085+0000][1][safepoint    ] Safepoint "RevokeBias", Time since last: 26421235 ns, Reaching safepoint: 520619 ns, At safepoint: 3038901 ns, Total: 3559520 ns
[2020-09-11T17:55:12.089+0000][1][safepoint    ] Safepoint "RevokeBias", Time since last: 137502 ns, Reaching safepoint: 3894472 ns, At safepoint: 69610 ns, Total: 3964082 ns
[2020-09-11T17:55:12.089+0000][1][safepoint    ] Safepoint "RevokeBias", Time since last: 76586 ns, Reaching safepoint: 80264 ns, At safepoint: 26154 ns, Total: 106418 ns
[2020-09-11T17:55:12.093+0000][1][safepoint    ] Safepoint "RevokeBias", Time since last: 25825 ns, Reaching safepoint: 3673878 ns, At safepoint: 36515 ns, Total: 3710393 ns
[2020-09-11T17:55:12.096+0000][1][safepoint    ] Safepoint "RevokeBias", Time since last: 46890 ns, Reaching safepoint: 3075535 ns, At safepoint: 268477 ns, Total: 3344012 ns
[2020-09-11T17:55:12.097+0000][1][safepoint    ] Safepoint "RevokeBias", Time since last: 40008 ns, Reaching safepoint: 81559 ns, At safepoint: 394764 ns, Total: 476323 ns
[2020-09-11T17:55:12.101+0000][1][safepoint    ] Safepoint "RevokeBias", Time since last: 3909275 ns, Reaching safepoint: 97145 ns, At safepoint: 59287 ns, Total: 156432 ns
[2020-09-11T17:55:12.102+0000][1][safepoint    ] Safepoint "RevokeBias", Time since last: 284674 ns, Reaching safepoint: 92828 ns, At safepoint: 1312462 ns, Total: 1405290 ns
[2020-09-11T17:55:12.105+0000][1][safepoint    ] Safepoint "RevokeBias", Time since last: 44793 ns, Reaching safepoint: 2273012 ns, At safepoint: 60249 ns, Total: 2333261 ns
[2020-09-11T17:55:12.112+0000][1][safepoint    ] Safepoint "RevokeBias", Time since last: 40159 ns, Reaching safepoint: 3642963 ns, At safepoint: 3664232 ns, Total: 7307195 ns
[2020-09-11T17:55:12.113+0000][1][safepoint    ] Safepoint "RevokeBias", Time since last: 88544 ns, Reaching safepoint: 486388 ns, At safepoint: 40234 ns, Total: 526622 ns
[2020-09-11T17:55:12.113+0000][1][safepoint    ] Safepoint "RevokeBias", Time since last: 30225 ns, Reaching safepoint: 311495 ns, At safepoint: 31734 ns, Total: 343229 ns
[2020-09-11T17:55:12.115+0000][1][safepoint    ] Safepoint "RevokeBias", Time since last: 58868 ns, Reaching safepoint: 255096 ns, At safepoint: 1380238 ns, Total: 1635334 ns
[2020-09-11T17:55:12.121+0000][1][safepoint    ] Safepoint "RevokeBias", Time since last: 24631 ns, Reaching safepoint: 5897022 ns, At safepoint: 51173 ns, Total: 5948195 ns
[2020-09-11T17:55:12.123+0000][1][safepoint    ] Safepoint "RevokeBias", Time since last: 51744 ns, Reaching safepoint: 2425201 ns, At safepoint: 42167 ns, Total: 2467368 ns
[2020-09-11T17:55:12.125+0000][1][safepoint    ] Safepoint "RevokeBias", Time since last: 85920 ns, Reaching safepoint: 1321633 ns, At safepoint: 44872 ns, Total: 1366505 ns
[2020-09-11T17:55:12.125+0000][1][safepoint    ] Safepoint "RevokeBias", Time since last: 41753 ns, Reaching safepoint: 263938 ns, At safepoint: 28886 ns, Total: 292824 ns
[2020-09-11T17:55:12.128+0000][1][safepoint    ] Safepoint "RevokeBias", Time since last: 184156 ns, Reaching safepoint: 2255019 ns, At safepoint: 38824 ns, Total: 2293843 ns
[2020-09-11T17:55:12.128+0000][1][safepoint    ] Safepoint "RevokeBias", Time since last: 43878 ns, Reaching safepoint: 84734 ns, At safepoint: 24011 ns, Total: 108745 ns
[2020-09-11T17:55:12.128+0000][1][safepoint    ] Safepoint "RevokeBias", Time since last: 45927 ns, Reaching safepoint: 81189 ns, At safepoint: 24459 ns, Total: 105648 ns
[2020-09-11T17:55:12.128+0000][1][safepoint    ] Safepoint "RevokeBias", Time since last: 24956 ns, Reaching safepoint: 79337 ns, At safepoint: 23557 ns, Total: 102894 ns
[2020-09-11T17:55:12.129+0000][1][safepoint    ] Safepoint "RevokeBias", Time since last: 46143 ns, Reaching safepoint: 79304 ns, At safepoint: 1209470 ns, Total: 1288774 ns
[2020-09-11T17:55:12.133+0000][1][safepoint    ] Safepoint "RevokeBias", Time since last: 43955 ns, Reaching safepoint: 3055698 ns, At safepoint: 268264 ns, Total: 3323962 ns
[2020-09-11T17:55:12.137+0000][1][safepoint    ] Safepoint "RevokeBias", Time since last: 123948 ns, Reaching safepoint: 3902076 ns, At safepoint: 42103 ns, Total: 3944179 ns
[2020-09-11T17:55:12.138+0000][1][safepoint    ] Safepoint "RevokeBias", Time since last: 47951 ns, Reaching safepoint: 622418 ns, At safepoint: 27641 ns, Total: 650059 ns
[2020-09-11T17:55:12.141+0000][1][safepoint    ] Safepoint "RevokeBias", Time since last: 55118 ns, Reaching safepoint: 670368 ns, At safepoint: 2511588 ns, Total: 3181956 ns
[2020-09-11T17:55:12.149+0000][1][safepoint    ] Safepoint "RevokeBias", Time since last: 51594 ns, Reaching safepoint: 7979662 ns, At safepoint: 61821 ns, Total: 8041483 ns
[2020-09-11T17:55:12.171+0000][1][safepoint    ] Safepoint "RevokeBias", Time since last: 89175 ns, Reaching safepoint: 80806 ns, At safepoint: 21644645 ns, Total: 21725451 ns
[2020-09-11T17:55:12.173+0000][1][safepoint    ] Safepoint "RevokeBias", Time since last: 81866 ns, Reaching safepoint: 2018348 ns, At safepoint: 24995 ns, Total: 2043343 ns
[2020-09-11T17:55:12.236+0000][1][safepoint    ] Safepoint "RevokeBias", Time since last: 63199195 ns, Reaching safepoint: 259338 ns, At safepoint: 31187 ns, Total: 290525 ns
[2020-09-11T17:55:12.243+0000][1][safepoint    ] Safepoint "RevokeBias", Time since last: 51724 ns, Reaching safepoint: 6547145 ns, At safepoint: 48585 ns, Total: 6595730 ns
[2020-09-11T17:55:12.345+0000][1][safepoint    ] Safepoint "Deoptimize", Time since last: 101514161 ns, Reaching safepoint: 332630 ns, At safepoint: 174708 ns, Total: 507338 ns
[2020-09-11T17:55:13.353+0000][1][safepoint    ] Safepoint "Cleanup", Time since last: 1007804353 ns, Reaching safepoint: 122122 ns, At safepoint: 6224 ns, Total: 128346 ns
[2020-09-11T17:55:14.353+0000][1][safepoint    ] Safepoint "Cleanup", Time since last: 1000104390 ns, Reaching safepoint: 118509 ns, At safepoint: 6195 ns, Total: 124704 ns
[2020-09-11T17:55:14.569+0000][1][safepoint    ] Safepoint "RevokeBias", Time since last: 215663866 ns, Reaching safepoint: 110971 ns, At safepoint: 107715 ns, Total: 218686 ns
[2020-09-11T17:55:15.581+0000][1][safepoint    ] Safepoint "Cleanup", Time since last: 1011058980 ns, Reaching safepoint: 737133 ns, At safepoint: 7651 ns, Total: 744784 ns
[2020-09-11T17:55:16.590+0000][1][safepoint    ] Safepoint "Cleanup", Time since last: 1009461583 ns, Reaching safepoint: 135850 ns, At safepoint: 7980 ns, Total: 143830 ns
[2020-09-11T17:55:17.107+0000][1][safepoint    ] Safepoint "Deoptimize", Time since last: 514876240 ns, Reaching safepoint: 1675732 ns, At safepoint: 174864 ns, Total: 1850596 ns
[2020-09-11T17:55:17.396+0000][1][gc,start     ] GC(1) Pause Young (Allocation Failure)
[2020-09-11T17:55:17.397+0000][1][gc,task      ] GC(1) Using 1 workers of 1 for evacuation
[2020-09-11T17:55:17.636+0000][1][gc,age       ] GC(1) Desired survivor size 4358144 bytes, new threshold 6 (max threshold 6)
[2020-09-11T17:55:17.636+0000][1][gc,age       ] GC(1) Age table with threshold 6 (max threshold 6)
[2020-09-11T17:55:17.636+0000][1][gc,age       ] GC(1) - age   1:    3023264 bytes,    3023264 total
[2020-09-11T17:55:17.636+0000][1][gc,heap      ] GC(1) ParNew: 74491K->4230K(76672K)
[2020-09-11T17:55:17.636+0000][1][gc,heap      ] GC(1) CMS: 0K->6841K(2011968K)
[2020-09-11T17:55:17.636+0000][1][gc,metaspace ] GC(1) Metaspace: 18070K->18070K(1064960K)
[2020-09-11T17:55:17.636+0000][1][gc           ] GC(1) Pause Young (Allocation Failure) 72M->10M(2039M) 239.772ms
[2020-09-11T17:55:17.636+0000][1][gc,cpu       ] GC(1) User=0.05s Sys=0.00s Real=0.24s
[2020-09-11T17:55:17.649+0000][1][safepoint    ] Safepoint "GenCollectForAllocation", Time since last: 285797085 ns, Reaching safepoint: 3476773 ns, At safepoint: 252760191 ns, Total: 256236964 ns
[2020-09-11T17:55:17.708+0000][1][safepoint    ] Safepoint "BulkRevokeBias", Time since last: 53538213 ns, Reaching safepoint: 5234758 ns, At safepoint: 146217 ns, Total: 5380975 ns
[2020-09-11T17:55:17.708+0000][1][safepoint    ] Safepoint "RevokeBias", Time since last: 108314 ns, Reaching safepoint: 102795 ns, At safepoint: 44659 ns, Total: 147454 ns
[2020-09-11T17:55:17.713+0000][1][safepoint    ] Safepoint "RevokeBias", Time since last: 40078 ns, Reaching safepoint: 4391298 ns, At safepoint: 74873 ns, Total: 4466171 ns
[2020-09-11T17:55:17.713+0000][1][safepoint    ] Safepoint "RevokeBias", Time since last: 61868 ns, Reaching safepoint: 115900 ns, At safepoint: 38438 ns, Total: 154338 ns
[2020-09-11T17:55:17.729+0000][1][safepoint    ] Safepoint "RevokeBias", Time since last: 26622 ns, Reaching safepoint: 3700857 ns, At safepoint: 11973759 ns, Total: 15674616 ns
[2020-09-11T17:55:17.732+0000][1][safepoint    ] Safepoint "RevokeBias", Time since last: 64615 ns, Reaching safepoint: 3398759 ns, At safepoint: 62134 ns, Total: 3460893 ns
[2020-09-11T17:55:17.733+0000][1][safepoint    ] Safepoint "RevokeBias", Time since last: 66913 ns, Reaching safepoint: 400959 ns, At safepoint: 34113 ns, Total: 435072 ns
[2020-09-11T17:55:17.737+0000][1][safepoint    ] Safepoint "BulkRevokeBias", Time since last: 48854 ns, Reaching safepoint: 3939924 ns, At safepoint: 64131 ns, Total: 4004055 ns
[2020-09-11T17:55:17.739+0000][1][safepoint    ] Safepoint "BulkRevokeBias", Time since last: 52319 ns, Reaching safepoint: 1839131 ns, At safepoint: 75032 ns, Total: 1914163 ns
[2020-09-11T17:55:18.339+0000][1][safepoint    ] Safepoint "Deoptimize", Time since last: 598147495 ns, Reaching safepoint: 1944479 ns, At safepoint: 172325 ns, Total: 2116804 ns
[2020-09-11T17:55:18.385+0000][1][safepoint    ] Safepoint "Deoptimize", Time since last: 45774761 ns, Reaching safepoint: 110466 ns, At safepoint: 170889 ns, Total: 281355 ns
[2020-09-11T17:55:19.401+0000][1][safepoint    ] Safepoint "Cleanup", Time since last: 1013325370 ns, Reaching safepoint: 2335032 ns, At safepoint: 12062 ns, Total: 2347094 ns
[2020-09-11T17:55:19.809+0000][1][safepoint    ] Safepoint "Deoptimize", Time since last: 406732879 ns, Reaching safepoint: 1243508 ns, At safepoint: 172724 ns, Total: 1416232 ns
[2020-09-11T17:55:19.815+0000][1][safepoint    ] Safepoint "RevokeBias", Time since last: 489999 ns, Reaching safepoint: 5267231 ns, At safepoint: 61734 ns, Total: 5328965 ns
[2020-09-11T17:55:19.821+0000][1][safepoint    ] Safepoint "Deoptimize", Time since last: 1075451 ns, Reaching safepoint: 4941387 ns, At safepoint: 183687 ns, Total: 5125074 ns
[2020-09-11T17:55:20.835+0000][1][safepoint    ] Safepoint "Cleanup", Time since last: 1013743565 ns, Reaching safepoint: 119893 ns, At safepoint: 6914 ns, Total: 126807 ns
[2020-09-11T17:55:20.946+0000][1][safepoint    ] Safepoint "RevokeBias", Time since last: 104861653 ns, Reaching safepoint: 6425735 ns, At safepoint: 40443 ns, Total: 6466178 ns
[2020-09-11T17:55:21.805+0000][1][gc,start     ] GC(2) Pause Young (Allocation Failure)
[2020-09-11T17:55:21.805+0000][1][gc,task      ] GC(2) Using 1 workers of 1 for evacuation
[2020-09-11T17:55:21.906+0000][1][gc,age       ] GC(2) Desired survivor size 4358144 bytes, new threshold 2 (max threshold 6)
[2020-09-11T17:55:21.906+0000][1][gc,age       ] GC(2) Age table with threshold 2 (max threshold 6)
[2020-09-11T17:55:21.906+0000][1][gc,age       ] GC(2) - age   1:    3027832 bytes,    3027832 total
[2020-09-11T17:55:21.906+0000][1][gc,age       ] GC(2) - age   2:    2938592 bytes,    5966424 total
[2020-09-11T17:55:21.906+0000][1][gc,heap      ] GC(2) ParNew: 72390K->6557K(76672K)
[2020-09-11T17:55:21.906+0000][1][gc,heap      ] GC(2) CMS: 6841K->6841K(2011968K)
[2020-09-11T17:55:21.906+0000][1][gc,metaspace ] GC(2) Metaspace: 20051K->20051K(1067008K)
[2020-09-11T17:55:21.906+0000][1][gc           ] GC(2) Pause Young (Allocation Failure) 77M->13M(2039M) 101.028ms
[2020-09-11T17:55:21.906+0000][1][gc,cpu       ] GC(2) User=0.02s Sys=0.00s Real=0.10s
[2020-09-11T17:55:21.944+0000][1][safepoint    ] Safepoint "GenCollectForAllocation", Time since last: 857811012 ns, Reaching safepoint: 808252 ns, At safepoint: 139433703 ns, Total: 140241955 ns
[2020-09-11T17:55:21.970+0000][1][safepoint    ] Safepoint "RevokeBias", Time since last: 25119365 ns, Reaching safepoint: 106138 ns, At safepoint: 45037 ns, Total: 151175 ns
[2020-09-11T17:55:21.970+0000][1][safepoint    ] Safepoint "RevokeBias", Time since last: 79465 ns, Reaching safepoint: 92506 ns, At safepoint: 57162 ns, Total: 149668 ns
[2020-09-11T17:55:21.970+0000][1][safepoint    ] Safepoint "RevokeBias", Time since last: 293559 ns, Reaching safepoint: 82405 ns, At safepoint: 23974 ns, Total: 106379 ns
[2020-09-11T17:55:21.970+0000][1][safepoint    ] Safepoint "RevokeBias", Time since last: 34719 ns, Reaching safepoint: 79492 ns, At safepoint: 22280 ns, Total: 101772 ns
[2020-09-11T17:55:21.970+0000][1][safepoint    ] Safepoint "RevokeBias", Time since last: 31477 ns, Reaching safepoint: 80018 ns, At safepoint: 23592 ns, Total: 103610 ns
[2020-09-11T17:55:21.971+0000][1][safepoint    ] Safepoint "RevokeBias", Time since last: 30937 ns, Reaching safepoint: 79030 ns, At safepoint: 21999 ns, Total: 101029 ns
[2020-09-11T17:55:21.971+0000][1][safepoint    ] Safepoint "RevokeBias", Time since last: 29525 ns, Reaching safepoint: 78735 ns, At safepoint: 30565 ns, Total: 109300 ns
[2020-09-11T17:55:21.971+0000][1][safepoint    ] Safepoint "RevokeBias", Time since last: 31950 ns, Reaching safepoint: 78223 ns, At safepoint: 20190 ns, Total: 98413 ns
[2020-09-11T17:55:21.971+0000][1][safepoint    ] Safepoint "RevokeBias", Time since last: 29785 ns, Reaching safepoint: 79398 ns, At safepoint: 24823 ns, Total: 104221 ns
[2020-09-11T17:55:22.029+0000][1][safepoint    ] Safepoint "RevokeBias", Time since last: 41778749 ns, Reaching safepoint: 131748 ns, At safepoint: 16136619 ns, Total: 16268367 ns
[2020-09-11T17:55:22.042+0000][1][safepoint    ] Safepoint "RevokeBias", Time since last: 145362 ns, Reaching safepoint: 12708691 ns, At safepoint: 37028 ns, Total: 12745719 ns
[2020-09-11T17:55:23.066+0000][1][safepoint    ] Safepoint "Cleanup", Time since last: 1003099691 ns, Reaching safepoint: 20894458 ns, At safepoint: 8086 ns, Total: 20902544 ns
[2020-09-11T17:55:23.429+0000][1][gc,start     ] GC(3) Pause Young (Allocation Failure)
[2020-09-11T17:55:23.429+0000][1][gc,task      ] GC(3) Using 1 workers of 1 for evacuation
[2020-09-11T17:55:23.508+0000][1][gc,age       ] GC(3) Desired survivor size 4358144 bytes, new threshold 6 (max threshold 6)
[2020-09-11T17:55:23.509+0000][1][gc,age       ] GC(3) Age table with threshold 6 (max threshold 6)
[2020-09-11T17:55:23.509+0000][1][gc,age       ] GC(3) - age   1:    1022928 bytes,    1022928 total
[2020-09-11T17:55:23.509+0000][1][gc,age       ] GC(3) - age   2:    1279728 bytes,    2302656 total
[2020-09-11T17:55:23.509+0000][1][gc,heap      ] GC(3) ParNew: 74717K->5178K(76672K)
[2020-09-11T17:55:23.509+0000][1][gc,heap      ] GC(3) CMS: 6841K->9733K(2011968K)
[2020-09-11T17:55:23.509+0000][1][gc,metaspace ] GC(3) Metaspace: 20314K->20314K(1067008K)
[2020-09-11T17:55:23.509+0000][1][gc           ] GC(3) Pause Young (Allocation Failure) 79M->14M(2039M) 79.767ms
[2020-09-11T17:55:23.509+0000][1][gc,cpu       ] GC(3) User=0.02s Sys=0.00s Real=0.08s
[2020-09-11T17:55:23.537+0000][1][safepoint    ] Safepoint "GenCollectForAllocation", Time since last: 358897641 ns, Reaching safepoint: 4020429 ns, At safepoint: 107982376 ns, Total: 112002805 ns
[2020-09-11T17:55:23.565+0000][1][safepoint    ] Safepoint "RevokeBias", Time since last: 24102109 ns, Reaching safepoint: 3893454 ns, At safepoint: 39675 ns, Total: 3933129 ns
[2020-09-11T17:55:23.567+0000][1][safepoint    ] Safepoint "RevokeBias", Time since last: 57845 ns, Reaching safepoint: 1957273 ns, At safepoint: 51617 ns, Total: 2008890 ns
[2020-09-11T17:55:23.567+0000][1][safepoint    ] Safepoint "RevokeBias", Time since last: 64366 ns, Reaching safepoint: 122350 ns, At safepoint: 23866 ns, Total: 146216 ns
[2020-09-11T17:55:23.569+0000][1][safepoint    ] Safepoint "RevokeBias", Time since last: 25291 ns, Reaching safepoint: 1634037 ns, At safepoint: 31662 ns, Total: 1665699 ns
[2020-09-11T17:55:23.569+0000][1][safepoint    ] Safepoint "RevokeBias", Time since last: 38118 ns, Reaching safepoint: 191747 ns, At safepoint: 29375 ns, Total: 221122 ns
[2020-09-11T17:55:23.569+0000][1][safepoint    ] Safepoint "RevokeBias", Time since last: 26119 ns, Reaching safepoint: 225146 ns, At safepoint: 34148 ns, Total: 259294 ns
[2020-09-11T17:55:23.569+0000][1][safepoint    ] Safepoint "RevokeBias", Time since last: 30945 ns, Reaching safepoint: 80439 ns, At safepoint: 30055 ns, Total: 110494 ns
[2020-09-11T17:55:23.573+0000][1][safepoint    ] Safepoint "RevokeBias", Time since last: 22851 ns, Reaching safepoint: 3297589 ns, At safepoint: 50091 ns, Total: 3347680 ns
[2020-09-11T17:55:24.574+0000][1][safepoint    ] Safepoint "Cleanup", Time since last: 1000398102 ns, Reaching safepoint: 402536 ns, At safepoint: 6996 ns, Total: 409532 ns
[2020-09-11T17:55:24.629+0000][1][safepoint    ] Safepoint "CollectForMetadataAllocation", Time since last: 54385480 ns, Reaching safepoint: 744518 ns, At safepoint: 132234 ns, Total: 876752 ns
[2020-09-11T17:55:24.913+0000][1][safepoint    ] Safepoint "CollectForMetadataAllocation", Time since last: 283990097 ns, Reaching safepoint: 118229 ns, At safepoint: 126349 ns, Total: 244578 ns
[2020-09-11T17:55:25.069+0000][1][gc,start     ] GC(4) Pause Young (Allocation Failure)
[2020-09-11T17:55:25.069+0000][1][gc,task      ] GC(4) Using 1 workers of 1 for evacuation
[2020-09-11T17:55:25.168+0000][1][gc,age       ] GC(4) Desired survivor size 4358144 bytes, new threshold 6 (max threshold 6)
[2020-09-11T17:55:25.168+0000][1][gc,age       ] GC(4) Age table with threshold 6 (max threshold 6)
[2020-09-11T17:55:25.168+0000][1][gc,age       ] GC(4) - age   1:    2008936 bytes,    2008936 total
[2020-09-11T17:55:25.168+0000][1][gc,age       ] GC(4) - age   2:     351408 bytes,    2360344 total
[2020-09-11T17:55:25.168+0000][1][gc,age       ] GC(4) - age   3:    1279632 bytes,    3639976 total
[2020-09-11T17:55:25.168+0000][1][gc,heap      ] GC(4) ParNew: 73338K->4275K(76672K)
[2020-09-11T17:55:25.168+0000][1][gc,heap      ] GC(4) CMS: 9733K->9733K(2011968K)
[2020-09-11T17:55:25.168+0000][1][gc,metaspace ] GC(4) Metaspace: 20840K->20840K(1069056K)
[2020-09-11T17:55:25.168+0000][1][gc           ] GC(4) Pause Young (Allocation Failure) 81M->13M(2039M) 99.132ms
[2020-09-11T17:55:25.168+0000][1][gc,cpu       ] GC(4) User=0.02s Sys=0.00s Real=0.10s
[2020-09-11T17:55:25.200+0000][1][safepoint    ] Safepoint "GenCollectForAllocation", Time since last: 156074058 ns, Reaching safepoint: 97561 ns, At safepoint: 131107783 ns, Total: 131205344 ns
[2020-09-11T17:55:25.209+0000][1][gc,start     ] GC(5) Pause Initial Mark
[2020-09-11T17:55:25.211+0000][1][gc           ] GC(5) Pause Initial Mark 17M->17M(2039M) 2.417ms
[2020-09-11T17:55:25.211+0000][1][gc,cpu       ] GC(5) User=0.01s Sys=0.00s Real=0.00s
[2020-09-11T17:55:25.260+0000][1][safepoint    ] Safepoint "BulkRevokeBias", Time since last: 8358904 ns, Reaching safepoint: 169488 ns, At safepoint: 50779225 ns, Total: 50948713 ns
[2020-09-11T17:55:25.260+0000][1][gc           ] GC(5) Concurrent Mark
[2020-09-11T17:55:25.314+0000][1][safepoint    ] Safepoint "RevokeBias", Time since last: 32150871 ns, Reaching safepoint: 22147645 ns, At safepoint: 29870 ns, Total: 22177515 ns
[2020-09-11T17:55:25.314+0000][1][safepoint    ] Safepoint "RevokeBias", Time since last: 67365 ns, Reaching safepoint: 82877 ns, At safepoint: 19776 ns, Total: 102653 ns
[2020-09-11T17:55:25.314+0000][1][safepoint    ] Safepoint "RevokeBias", Time since last: 26275 ns, Reaching safepoint: 79755 ns, At safepoint: 17643 ns, Total: 97398 ns
[2020-09-11T17:55:25.314+0000][1][safepoint    ] Safepoint "RevokeBias", Time since last: 30231 ns, Reaching safepoint: 80418 ns, At safepoint: 19863 ns, Total: 100281 ns
[2020-09-11T17:55:25.315+0000][1][safepoint    ] Safepoint "RevokeBias", Time since last: 24853 ns, Reaching safepoint: 79540 ns, At safepoint: 17815 ns, Total: 97355 ns
[2020-09-11T17:55:25.481+0000][1][gc           ] GC(5) Concurrent Mark 220.696ms
[2020-09-11T17:55:25.481+0000][1][gc,cpu       ] GC(5) User=0.05s Sys=0.00s Real=0.22s
[2020-09-11T17:55:25.481+0000][1][gc           ] GC(5) Concurrent Preclean
[2020-09-11T17:55:25.531+0000][1][gc           ] GC(5) Concurrent Preclean 50.629ms
[2020-09-11T17:55:25.531+0000][1][gc,cpu       ] GC(5) User=0.01s Sys=0.00s Real=0.05s
[2020-09-11T17:55:25.531+0000][1][gc           ] GC(5) Concurrent Abortable Preclean
[2020-09-11T17:55:26.157+0000][1][safepoint    ] Safepoint "RevokeBias", Time since last: 842391255 ns, Reaching safepoint: 100240 ns, At safepoint: 19350 ns, Total: 119590 ns
[2020-09-11T17:55:26.168+0000][1][safepoint    ] Safepoint "RevokeBias", Time since last: 10578017 ns, Reaching safepoint: 44124 ns, At safepoint: 14775 ns, Total: 58899 ns
[2020-09-11T17:55:26.221+0000][1][safepoint    ] Safepoint "Deoptimize", Time since last: 33028721 ns, Reaching safepoint: 20037424 ns, At safepoint: 213890 ns, Total: 20251314 ns
[2020-09-11T17:55:26.298+0000][1][safepoint    ] Safepoint "CollectForMetadataAllocation", Time since last: 77267180 ns, Reaching safepoint: 40043 ns, At safepoint: 64587 ns, Total: 104630 ns
[2020-09-11T17:55:26.854+0000][1][safepoint    ] Safepoint "Deoptimize", Time since last: 555474279 ns, Reaching safepoint: 128078 ns, At safepoint: 199698 ns, Total: 327776 ns
[2020-09-11T17:55:27.197+0000][1][gc,start     ] GC(6) Pause Young (Allocation Failure)
[2020-09-11T17:55:27.197+0000][1][gc,task      ] GC(6) Using 1 workers of 1 for evacuation
[2020-09-11T17:55:27.272+0000][1][gc,age       ] GC(6) Desired survivor size 4358144 bytes, new threshold 4 (max threshold 6)
[2020-09-11T17:55:27.272+0000][1][gc,age       ] GC(6) Age table with threshold 4 (max threshold 6)
[2020-09-11T17:55:27.272+0000][1][gc,age       ] GC(6) - age   1:    1709752 bytes,    1709752 total
[2020-09-11T17:55:27.272+0000][1][gc,age       ] GC(6) - age   2:    1252904 bytes,    2962656 total
[2020-09-11T17:55:27.272+0000][1][gc,age       ] GC(6) - age   3:     351408 bytes,    3314064 total
[2020-09-11T17:55:27.272+0000][1][gc,age       ] GC(6) - age   4:    1279632 bytes,    4593696 total
[2020-09-11T17:55:27.272+0000][1][gc,heap      ] GC(6) ParNew: 72435K->6400K(76672K)
[2020-09-11T17:55:27.272+0000][1][gc,heap      ] GC(6) CMS: 9733K->9733K(2011968K)
[2020-09-11T17:55:27.272+0000][1][gc,metaspace ] GC(6) Metaspace: 21157K->21157K(1069056K)
[2020-09-11T17:55:27.272+0000][1][gc           ] GC(6) Pause Young (Allocation Failure) 80M->15M(2039M) 75.173ms
[2020-09-11T17:55:27.272+0000][1][gc,cpu       ] GC(6) User=0.02s Sys=0.00s Real=0.07s
[2020-09-11T17:55:27.312+0000][1][safepoint    ] Safepoint "GenCollectForAllocation", Time since last: 332643875 ns, Reaching safepoint: 9972236 ns, At safepoint: 114775851 ns, Total: 124748087 ns
[2020-09-11T17:55:27.358+0000][1][safepoint    ] Safepoint "RevokeBias", Time since last: 29187626 ns, Reaching safepoint: 17088145 ns, At safepoint: 31070 ns, Total: 17119215 ns
[2020-09-11T17:55:27.393+0000][1][safepoint    ] Safepoint "RevokeBias", Time since last: 13201272 ns, Reaching safepoint: 21743009 ns, At safepoint: 37192 ns, Total: 21780201 ns
[2020-09-11T17:55:27.393+0000][1][safepoint    ] Safepoint "RevokeBias", Time since last: 65791 ns, Reaching safepoint: 79165 ns, At safepoint: 24146 ns, Total: 103311 ns
[2020-09-11T17:55:27.393+0000][1][safepoint    ] Safepoint "RevokeBias", Time since last: 25204 ns, Reaching safepoint: 76892 ns, At safepoint: 24832 ns, Total: 101724 ns
[2020-09-11T17:55:27.393+0000][1][safepoint    ] Safepoint "RevokeBias", Time since last: 28043 ns, Reaching safepoint: 76879 ns, At safepoint: 23095 ns, Total: 99974 ns
[2020-09-11T17:55:27.393+0000][1][safepoint    ] Safepoint "RevokeBias", Time since last: 23091 ns, Reaching safepoint: 76223 ns, At safepoint: 23136 ns, Total: 99359 ns
[2020-09-11T17:55:28.014+0000][1][gc           ] GC(5) Concurrent Abortable Preclean 2482.855ms
[2020-09-11T17:55:28.014+0000][1][gc,cpu       ] GC(5) User=0.53s Sys=0.02s Real=2.49s
[2020-09-11T17:55:28.021+0000][1][gc,start     ] GC(5) Pause Remark
[2020-09-11T17:55:28.180+0000][1][gc           ] GC(5) Pause Remark 68M->68M(2039M) 159.448ms
[2020-09-11T17:55:28.180+0000][1][gc,cpu       ] GC(5) User=0.04s Sys=0.00s Real=0.15s
[2020-09-11T17:55:28.213+0000][1][safepoint    ] Safepoint "CMS_Final_Remark", Time since last: 627351122 ns, Reaching safepoint: 110822 ns, At safepoint: 191877901 ns, Total: 191988723 ns
[2020-09-11T17:55:28.213+0000][1][gc           ] GC(5) Concurrent Sweep
[2020-09-11T17:55:28.216+0000][1][gc           ] GC(5) Concurrent Sweep 2.659ms
[2020-09-11T17:55:28.216+0000][1][gc,cpu       ] GC(5) User=0.00s Sys=0.00s Real=0.00s
[2020-09-11T17:55:28.216+0000][1][gc           ] GC(5) Concurrent Reset
[2020-09-11T17:55:28.231+0000][1][gc           ] GC(5) Concurrent Reset 15.717ms
[2020-09-11T17:55:28.231+0000][1][gc,cpu       ] GC(5) User=0.00s Sys=0.00s Real=0.01s
[2020-09-11T17:55:28.231+0000][1][gc,heap      ] GC(5) Old: 9733K->9732K(2011968K)
[2020-09-11T17:55:28.467+0000][1][gc,start     ] GC(7) Pause Young (Allocation Failure)
[2020-09-11T17:55:28.467+0000][1][gc,task      ] GC(7) Using 1 workers of 1 for evacuation
[2020-09-11T17:55:28.620+0000][1][gc,age       ] GC(7) Desired survivor size 4358144 bytes, new threshold 6 (max threshold 6)
[2020-09-11T17:55:28.620+0000][1][gc,age       ] GC(7) Age table with threshold 6 (max threshold 6)
[2020-09-11T17:55:28.620+0000][1][gc,age       ] GC(7) - age   1:    1176272 bytes,    1176272 total
[2020-09-11T17:55:28.620+0000][1][gc,age       ] GC(7) - age   2:    1526160 bytes,    2702432 total
[2020-09-11T17:55:28.620+0000][1][gc,age       ] GC(7) - age   3:    1252296 bytes,    3954728 total
[2020-09-11T17:55:28.620+0000][1][gc,age       ] GC(7) - age   4:     351408 bytes,    4306136 total
[2020-09-11T17:55:28.620+0000][1][gc,heap      ] GC(7) ParNew: 74560K->8329K(76672K)
[2020-09-11T17:55:28.620+0000][1][gc,heap      ] GC(7) CMS: 9732K->10992K(2011968K)
[2020-09-11T17:55:28.620+0000][1][gc,metaspace ] GC(7) Metaspace: 21258K->21258K(1069056K)
[2020-09-11T17:55:28.620+0000][1][gc           ] GC(7) Pause Young (Allocation Failure) 82M->18M(2039M) 153.298ms
[2020-09-11T17:55:28.620+0000][1][gc,cpu       ] GC(7) User=0.04s Sys=0.00s Real=0.15s
[2020-09-11T17:55:28.646+0000][1][safepoint    ] Safepoint "GenCollectForAllocation", Time since last: 253527109 ns, Reaching safepoint: 392797 ns, At safepoint: 179515890 ns, Total: 179908687 ns
[2020-09-11T17:55:28.681+0000][1][safepoint    ] Safepoint "RevokeBias", Time since last: 24168671 ns, Reaching safepoint: 10411765 ns, At safepoint: 40857 ns, Total: 10452622 ns
[2020-09-11T17:55:28.685+0000][1][safepoint    ] Safepoint "RevokeBias", Time since last: 3983225 ns, Reaching safepoint: 101065 ns, At safepoint: 31522 ns, Total: 132587 ns
[2020-09-11T17:55:28.689+0000][1][safepoint    ] Safepoint "RevokeBias", Time since last: 75895 ns, Reaching safepoint: 3765616 ns, At safepoint: 38830 ns, Total: 3804446 ns
[2020-09-11T17:55:28.689+0000][1][safepoint    ] Safepoint "RevokeBias", Time since last: 57701 ns, Reaching safepoint: 79618 ns, At safepoint: 20352 ns, Total: 99970 ns
[2020-09-11T17:55:29.469+0000][1][gc,start     ] GC(8) Pause Young (Allocation Failure)
[2020-09-11T17:55:29.469+0000][1][gc,task      ] GC(8) Using 1 workers of 1 for evacuation
[2020-09-11T17:55:29.562+0000][1][gc,age       ] GC(8) Desired survivor size 4358144 bytes, new threshold 4 (max threshold 6)
[2020-09-11T17:55:29.562+0000][1][gc,age       ] GC(8) Age table with threshold 4 (max threshold 6)
[2020-09-11T17:55:29.562+0000][1][gc,age       ] GC(8) - age   1:    1374008 bytes,    1374008 total
[2020-09-11T17:55:29.562+0000][1][gc,age       ] GC(8) - age   2:     445920 bytes,    1819928 total
[2020-09-11T17:55:29.562+0000][1][gc,age       ] GC(8) - age   3:    1524224 bytes,    3344152 total
[2020-09-11T17:55:29.562+0000][1][gc,age       ] GC(8) - age   4:    1251640 bytes,    4595792 total
[2020-09-11T17:55:29.562+0000][1][gc,age       ] GC(8) - age   5:     351408 bytes,    4947200 total
[2020-09-11T17:55:29.562+0000][1][gc,heap      ] GC(8) ParNew: 76489K->5236K(76672K)
[2020-09-11T17:55:29.562+0000][1][gc,heap      ] GC(8) CMS: 10992K->10992K(2011968K)
[2020-09-11T17:55:29.562+0000][1][gc,metaspace ] GC(8) Metaspace: 21438K->21438K(1069056K)
[2020-09-11T17:55:29.562+0000][1][gc           ] GC(8) Pause Young (Allocation Failure) 85M->15M(2039M) 92.744ms
[2020-09-11T17:55:29.562+0000][1][gc,cpu       ] GC(8) User=0.03s Sys=0.00s Real=0.10s
[2020-09-11T17:55:29.581+0000][1][safepoint    ] Safepoint "GenCollectForAllocation", Time since last: 779802683 ns, Reaching safepoint: 109543 ns, At safepoint: 111958595 ns, Total: 112068138 ns
[2020-09-11T17:55:29.612+0000][1][safepoint    ] Safepoint "RevokeBias", Time since last: 15922544 ns, Reaching safepoint: 14943306 ns, At safepoint: 36387 ns, Total: 14979693 ns
[2020-09-11T17:55:29.617+0000][1][safepoint    ] Safepoint "RevokeBias", Time since last: 5045024 ns, Reaching safepoint: 97496 ns, At safepoint: 28999 ns, Total: 126495 ns
[2020-09-11T17:55:29.617+0000][1][safepoint    ] Safepoint "RevokeBias", Time since last: 71026 ns, Reaching safepoint: 79608 ns, At safepoint: 17625 ns, Total: 97233 ns
[2020-09-11T17:55:29.617+0000][1][safepoint    ] Safepoint "RevokeBias", Time since last: 29074 ns, Reaching safepoint: 78238 ns, At safepoint: 17228 ns, Total: 95466 ns
[2020-09-11T17:55:30.325+0000][1][gc,start     ] GC(9) Pause Young (Allocation Failure)
[2020-09-11T17:55:30.325+0000][1][gc,task      ] GC(9) Using 1 workers of 1 for evacuation
[2020-09-11T17:55:30.412+0000][1][gc,age       ] GC(9) Desired survivor size 4358144 bytes, new threshold 4 (max threshold 6)
[2020-09-11T17:55:30.412+0000][1][gc,age       ] GC(9) Age table with threshold 4 (max threshold 6)
[2020-09-11T17:55:30.412+0000][1][gc,age       ] GC(9) - age   1:    2084208 bytes,    2084208 total
[2020-09-11T17:55:30.412+0000][1][gc,age       ] GC(9) - age   2:     829416 bytes,    2913624 total
[2020-09-11T17:55:30.412+0000][1][gc,age       ] GC(9) - age   3:     445840 bytes,    3359464 total
[2020-09-11T17:55:30.412+0000][1][gc,age       ] GC(9) - age   4:    1524224 bytes,    4883688 total
[2020-09-11T17:55:30.412+0000][1][gc,heap      ] GC(9) ParNew: 73396K->8512K(76672K)
[2020-09-11T17:55:30.412+0000][1][gc,heap      ] GC(9) CMS: 10992K->12577K(2011968K)
[2020-09-11T17:55:30.421+0000][1][gc,metaspace ] GC(9) Metaspace: 21531K->21531K(1069056K)
[2020-09-11T17:55:30.421+0000][1][gc           ] GC(9) Pause Young (Allocation Failure) 82M->20M(2039M) 95.991ms
[2020-09-11T17:55:30.421+0000][1][gc,cpu       ] GC(9) User=0.03s Sys=0.00s Real=0.10s
[2020-09-11T17:55:30.431+0000][1][safepoint    ] Safepoint "GenCollectForAllocation", Time since last: 707641914 ns, Reaching safepoint: 78855 ns, At safepoint: 105949323 ns, Total: 106028178 ns
[2020-09-11T17:55:30.464+0000][1][safepoint    ] Safepoint "RevokeBias", Time since last: 21890282 ns, Reaching safepoint: 7147474 ns, At safepoint: 4121685 ns, Total: 11269159 ns
[2020-09-11T17:55:30.465+0000][1][safepoint    ] Safepoint "RevokeBias", Time since last: 57732 ns, Reaching safepoint: 658609 ns, At safepoint: 42178 ns, Total: 700787 ns
[2020-09-11T17:55:30.465+0000][1][safepoint    ] Safepoint "RevokeBias", Time since last: 45823 ns, Reaching safepoint: 80718 ns, At safepoint: 33817 ns, Total: 114535 ns
[2020-09-11T17:55:30.469+0000][1][safepoint    ] Safepoint "RevokeBias", Time since last: 24649 ns, Reaching safepoint: 3781411 ns, At safepoint: 52057 ns, Total: 3833468 ns
[2020-09-11T17:55:30.753+0000][1][safepoint    ] Safepoint "RevokeBias", Time since last: 283957254 ns, Reaching safepoint: 116691 ns, At safepoint: 24317 ns, Total: 141008 ns
[2020-09-11T17:55:30.754+0000][1][safepoint    ] Safepoint "RevokeBias", Time since last: 538123 ns, Reaching safepoint: 86538 ns, At safepoint: 11011 ns, Total: 97549 ns
[2020-09-11T17:55:31.233+0000][1][gc,start     ] GC(10) Pause Young (Allocation Failure)
[2020-09-11T17:55:31.233+0000][1][gc,task      ] GC(10) Using 1 workers of 1 for evacuation
[2020-09-11T17:55:31.300+0000][1][gc,age       ] GC(10) Desired survivor size 4358144 bytes, new threshold 6 (max threshold 6)
[2020-09-11T17:55:31.300+0000][1][gc,age       ] GC(10) Age table with threshold 6 (max threshold 6)
[2020-09-11T17:55:31.300+0000][1][gc,age       ] GC(10) - age   1:     427776 bytes,     427776 total
[2020-09-11T17:55:31.300+0000][1][gc,age       ] GC(10) - age   2:     114584 bytes,     542360 total
[2020-09-11T17:55:31.300+0000][1][gc,age       ] GC(10) - age   3:     829416 bytes,    1371776 total
[2020-09-11T17:55:31.300+0000][1][gc,age       ] GC(10) - age   4:     445816 bytes,    1817592 total
[2020-09-11T17:55:31.300+0000][1][gc,heap      ] GC(10) ParNew: 76672K->2857K(76672K)
[2020-09-11T17:55:31.300+0000][1][gc,heap      ] GC(10) CMS: 12577K->14077K(2011968K)
[2020-09-11T17:55:31.300+0000][1][gc,metaspace ] GC(10) Metaspace: 21677K->21677K(1069056K)
[2020-09-11T17:55:31.300+0000][1][gc           ] GC(10) Pause Young (Allocation Failure) 87M->16M(2039M) 67.310ms
[2020-09-11T17:55:31.300+0000][1][gc,cpu       ] GC(10) User=0.02s Sys=0.00s Real=0.06s
[2020-09-11T17:55:31.331+0000][1][safepoint    ] Safepoint "GenCollectForAllocation", Time since last: 479397544 ns, Reaching safepoint: 109072 ns, At safepoint: 97809570 ns, Total: 97918642 ns
[2020-09-11T17:55:31.354+0000][1][safepoint    ] Safepoint "RevokeBias", Time since last: 21898576 ns, Reaching safepoint: 863036 ns, At safepoint: 31164 ns, Total: 894200 ns
[2020-09-11T17:55:31.354+0000][1][safepoint    ] Safepoint "RevokeBias", Time since last: 535257 ns, Reaching safepoint: 82048 ns, At safepoint: 19142 ns, Total: 101190 ns
[2020-09-11T17:55:31.354+0000][1][safepoint    ] Safepoint "BulkRevokeBias", Time since last: 51059 ns, Reaching safepoint: 78235 ns, At safepoint: 38387 ns, Total: 116622 ns
[2020-09-11T17:55:31.355+0000][1][safepoint    ] Safepoint "BulkRevokeBias", Time since last: 28907 ns, Reaching safepoint: 76580 ns, At safepoint: 29364 ns, Total: 105944 ns
[2020-09-11T17:55:32.369+0000][1][safepoint    ] Safepoint "Cleanup", Time since last: 1014152323 ns, Reaching safepoint: 107002 ns, At safepoint: 6320 ns, Total: 113322 ns
[2020-09-11T17:55:32.541+0000][1][gc,start     ] GC(11) Pause Young (Allocation Failure)
[2020-09-11T17:55:32.541+0000][1][gc,task      ] GC(11) Using 1 workers of 1 for evacuation
[2020-09-11T17:55:32.672+0000][1][gc,age       ] GC(11) Desired survivor size 4358144 bytes, new threshold 6 (max threshold 6)
[2020-09-11T17:55:32.672+0000][1][gc,age       ] GC(11) Age table with threshold 6 (max threshold 6)
[2020-09-11T17:55:32.672+0000][1][gc,age       ] GC(11) - age   1:    1788456 bytes,    1788456 total
[2020-09-11T17:55:32.672+0000][1][gc,age       ] GC(11) - age   2:     405360 bytes,    2193816 total
[2020-09-11T17:55:32.672+0000][1][gc,age       ] GC(11) - age   3:     114480 bytes,    2308296 total
[2020-09-11T17:55:32.672+0000][1][gc,age       ] GC(11) - age   4:     829416 bytes,    3137712 total
[2020-09-11T17:55:32.672+0000][1][gc,age       ] GC(11) - age   5:     445816 bytes,    3583528 total
[2020-09-11T17:55:32.672+0000][1][gc,heap      ] GC(11) ParNew: 71017K->4091K(76672K)
[2020-09-11T17:55:32.672+0000][1][gc,heap      ] GC(11) CMS: 14077K->14077K(2011968K)
[2020-09-11T17:55:32.672+0000][1][gc,metaspace ] GC(11) Metaspace: 22592K->22592K(1071104K)
[2020-09-11T17:55:32.672+0000][1][gc           ] GC(11) Pause Young (Allocation Failure) 83M->17M(2039M) 130.757ms
[2020-09-11T17:55:32.672+0000][1][gc,cpu       ] GC(11) User=0.04s Sys=0.00s Real=0.12s
[2020-09-11T17:55:32.693+0000][1][safepoint    ] Safepoint "GenCollectForAllocation", Time since last: 171988002 ns, Reaching safepoint: 108040 ns, At safepoint: 151803561 ns, Total: 151911601 ns
[2020-09-11T17:55:33.345+0000][1][gc,start     ] GC(12) Pause Young (Allocation Failure)
[2020-09-11T17:55:33.345+0000][1][gc,task      ] GC(12) Using 1 workers of 1 for evacuation
[2020-09-11T17:55:33.452+0000][1][gc,age       ] GC(12) Desired survivor size 4358144 bytes, new threshold 6 (max threshold 6)
[2020-09-11T17:55:33.452+0000][1][gc,age       ] GC(12) Age table with threshold 6 (max threshold 6)
[2020-09-11T17:55:33.452+0000][1][gc,age       ] GC(12) - age   1:     637040 bytes,     637040 total
[2020-09-11T17:55:33.452+0000][1][gc,age       ] GC(12) - age   2:     575792 bytes,    1212832 total
[2020-09-11T17:55:33.452+0000][1][gc,age       ] GC(12) - age   3:     405360 bytes,    1618192 total
[2020-09-11T17:55:33.452+0000][1][gc,age       ] GC(12) - age   4:     114376 bytes,    1732568 total
[2020-09-11T17:55:33.452+0000][1][gc,age       ] GC(12) - age   5:     829128 bytes,    2561696 total
[2020-09-11T17:55:33.452+0000][1][gc,age       ] GC(12) - age   6:     445816 bytes,    3007512 total
[2020-09-11T17:55:33.452+0000][1][gc,heap      ] GC(12) ParNew: 72251K->3136K(76672K)
[2020-09-11T17:55:33.452+0000][1][gc,heap      ] GC(12) CMS: 14077K->14077K(2011968K)
[2020-09-11T17:55:33.452+0000][1][gc,metaspace ] GC(12) Metaspace: 22621K->22621K(1071104K)
[2020-09-11T17:55:33.452+0000][1][gc           ] GC(12) Pause Young (Allocation Failure) 84M->16M(2039M) 106.806ms
[2020-09-11T17:55:33.452+0000][1][gc,cpu       ] GC(12) User=0.02s Sys=0.00s Real=0.10s
[2020-09-11T17:55:33.480+0000][1][safepoint    ] Safepoint "GenCollectForAllocation", Time since last: 651993900 ns, Reaching safepoint: 101530 ns, At safepoint: 134909596 ns, Total: 135011126 ns
[2020-09-11T17:55:34.145+0000][1][gc,start     ] GC(13) Pause Young (Allocation Failure)
[2020-09-11T17:55:34.145+0000][1][gc,task      ] GC(13) Using 1 workers of 1 for evacuation
[2020-09-11T17:55:34.305+0000][1][gc,age       ] GC(13) Desired survivor size 4358144 bytes, new threshold 6 (max threshold 6)
[2020-09-11T17:55:34.305+0000][1][gc,age       ] GC(13) Age table with threshold 6 (max threshold 6)
[2020-09-11T17:55:34.305+0000][1][gc,age       ] GC(13) - age   1:    1898656 bytes,    1898656 total
[2020-09-11T17:55:34.305+0000][1][gc,age       ] GC(13) - age   2:     203304 bytes,    2101960 total
[2020-09-11T17:55:34.305+0000][1][gc,age       ] GC(13) - age   3:     575680 bytes,    2677640 total
[2020-09-11T17:55:34.305+0000][1][gc,age       ] GC(13) - age   4:     405360 bytes,    3083000 total
[2020-09-11T17:55:34.305+0000][1][gc,age       ] GC(13) - age   5:     114376 bytes,    3197376 total
[2020-09-11T17:55:34.305+0000][1][gc,age       ] GC(13) - age   6:     829128 bytes,    4026504 total
[2020-09-11T17:55:34.305+0000][1][gc,heap      ] GC(13) ParNew: 71296K->5973K(76672K)
[2020-09-11T17:55:34.305+0000][1][gc,heap      ] GC(13) CMS: 14077K->14516K(2011968K)
[2020-09-11T17:55:34.305+0000][1][gc,metaspace ] GC(13) Metaspace: 22722K->22722K(1071104K)
[2020-09-11T17:55:34.305+0000][1][gc           ] GC(13) Pause Young (Allocation Failure) 83M->20M(2039M) 160.311ms
[2020-09-11T17:55:34.305+0000][1][gc,cpu       ] GC(13) User=0.04s Sys=0.00s Real=0.16s
[2020-09-11T17:55:34.305+0000][1][safepoint    ] Safepoint "GenCollectForAllocation", Time since last: 664993687 ns, Reaching safepoint: 102473 ns, At safepoint: 160367709 ns, Total: 160470182 ns
[2020-09-11T17:55:35.055+0000][1][gc,start     ] GC(14) Pause Young (Allocation Failure)
[2020-09-11T17:55:35.055+0000][1][gc,task      ] GC(14) Using 1 workers of 1 for evacuation
[2020-09-11T17:55:35.129+0000][1][gc,age       ] GC(14) Desired survivor size 4358144 bytes, new threshold 6 (max threshold 6)
[2020-09-11T17:55:35.129+0000][1][gc,age       ] GC(14) Age table with threshold 6 (max threshold 6)
[2020-09-11T17:55:35.129+0000][1][gc,age       ] GC(14) - age   1:     691616 bytes,     691616 total
[2020-09-11T17:55:35.129+0000][1][gc,age       ] GC(14) - age   2:     103416 bytes,     795032 total
[2020-09-11T17:55:35.129+0000][1][gc,age       ] GC(14) - age   3:     203304 bytes,     998336 total
[2020-09-11T17:55:35.129+0000][1][gc,age       ] GC(14) - age   4:     575680 bytes,    1574016 total
[2020-09-11T17:55:35.129+0000][1][gc,age       ] GC(14) - age   5:     405360 bytes,    1979376 total
[2020-09-11T17:55:35.129+0000][1][gc,age       ] GC(14) - age   6:     114376 bytes,    2093752 total
[2020-09-11T17:55:35.129+0000][1][gc,heap      ] GC(14) ParNew: 74133K->3695K(76672K)
[2020-09-11T17:55:35.129+0000][1][gc,heap      ] GC(14) CMS: 14516K->15331K(2011968K)
[2020-09-11T17:55:35.129+0000][1][gc,metaspace ] GC(14) Metaspace: 22800K->22800K(1071104K)
[2020-09-11T17:55:35.129+0000][1][gc           ] GC(14) Pause Young (Allocation Failure) 86M->18M(2039M) 74.562ms
[2020-09-11T17:55:35.129+0000][1][gc,cpu       ] GC(14) User=0.02s Sys=0.00s Real=0.07s
[2020-09-11T17:55:35.145+0000][1][safepoint    ] Safepoint "GenCollectForAllocation", Time since last: 749421707 ns, Reaching safepoint: 121207 ns, At safepoint: 90542603 ns, Total: 90663810 ns
[2020-09-11T17:55:35.804+0000][1][gc,start     ] GC(15) Pause Young (Allocation Failure)
[2020-09-11T17:55:35.804+0000][1][gc,task      ] GC(15) Using 1 workers of 1 for evacuation
[2020-09-11T17:55:35.882+0000][1][gc,age       ] GC(15) Desired survivor size 4358144 bytes, new threshold 6 (max threshold 6)
[2020-09-11T17:55:35.882+0000][1][gc,age       ] GC(15) Age table with threshold 6 (max threshold 6)
[2020-09-11T17:55:35.882+0000][1][gc,age       ] GC(15) - age   1:     191440 bytes,     191440 total
[2020-09-11T17:55:35.882+0000][1][gc,age       ] GC(15) - age   2:     314312 bytes,     505752 total
[2020-09-11T17:55:35.882+0000][1][gc,age       ] GC(15) - age   3:     103416 bytes,     609168 total
[2020-09-11T17:55:35.882+0000][1][gc,age       ] GC(15) - age   4:     203304 bytes,     812472 total
[2020-09-11T17:55:35.882+0000][1][gc,age       ] GC(15) - age   5:     575680 bytes,    1388152 total
[2020-09-11T17:55:35.882+0000][1][gc,age       ] GC(15) - age   6:     405360 bytes,    1793512 total
[2020-09-11T17:55:35.882+0000][1][gc,heap      ] GC(15) ParNew: 71855K->3381K(76672K)
[2020-09-11T17:55:35.882+0000][1][gc,heap      ] GC(15) CMS: 15331K->15447K(2011968K)
[2020-09-11T17:55:35.882+0000][1][gc,metaspace ] GC(15) Metaspace: 22887K->22887K(1071104K)
[2020-09-11T17:55:35.882+0000][1][gc           ] GC(15) Pause Young (Allocation Failure) 85M->18M(2039M) 78.052ms
[2020-09-11T17:55:35.883+0000][1][gc,cpu       ] GC(15) User=0.02s Sys=0.00s Real=0.08s
[2020-09-11T17:55:35.902+0000][1][safepoint    ] Safepoint "GenCollectForAllocation", Time since last: 658996578 ns, Reaching safepoint: 95315 ns, At safepoint: 97922858 ns, Total: 98018173 ns
[2020-09-11T17:55:36.486+0000][1][gc,start     ] GC(16) Pause Young (Allocation Failure)
[2020-09-11T17:55:36.486+0000][1][gc,task      ] GC(16) Using 1 workers of 1 for evacuation
[2020-09-11T17:55:36.571+0000][1][gc,age       ] GC(16) Desired survivor size 4358144 bytes, new threshold 6 (max threshold 6)
[2020-09-11T17:55:36.571+0000][1][gc,age       ] GC(16) Age table with threshold 6 (max threshold 6)
[2020-09-11T17:55:36.571+0000][1][gc,age       ] GC(16) - age   1:    1837008 bytes,    1837008 total
[2020-09-11T17:55:36.571+0000][1][gc,age       ] GC(16) - age   2:     162816 bytes,    1999824 total
[2020-09-11T17:55:36.571+0000][1][gc,age       ] GC(16) - age   3:     314312 bytes,    2314136 total
[2020-09-11T17:55:36.571+0000][1][gc,age       ] GC(16) - age   4:     103416 bytes,    2417552 total
[2020-09-11T17:55:36.571+0000][1][gc,age       ] GC(16) - age   5:     203152 bytes,    2620704 total
[2020-09-11T17:55:36.571+0000][1][gc,age       ] GC(16) - age   6:     575680 bytes,    3196384 total
[2020-09-11T17:55:36.571+0000][1][gc,heap      ] GC(16) ParNew: 71541K->3238K(76672K)
[2020-09-11T17:55:36.571+0000][1][gc,heap      ] GC(16) CMS: 15447K->15847K(2011968K)
[2020-09-11T17:55:36.571+0000][1][gc,metaspace ] GC(16) Metaspace: 22906K->22906K(1071104K)
[2020-09-11T17:55:36.571+0000][1][gc           ] GC(16) Pause Young (Allocation Failure) 84M->18M(2039M) 85.757ms
[2020-09-11T17:55:36.571+0000][1][gc,cpu       ] GC(16) User=0.02s Sys=0.00s Real=0.08s
[2020-09-11T17:55:36.601+0000][1][safepoint    ] Safepoint "GenCollectForAllocation", Time since last: 583137785 ns, Reaching safepoint: 112272 ns, At safepoint: 115189767 ns, Total: 115302039 ns
[2020-09-11T17:55:36.710+0000][1][safepoint    ] Safepoint "Deoptimize", Time since last: 109313768 ns, Reaching safepoint: 101718 ns, At safepoint: 203084 ns, Total: 304802 ns
[2020-09-11T17:55:37.711+0000][1][safepoint    ] Safepoint "Cleanup", Time since last: 1000112241 ns, Reaching safepoint: 127573 ns, At safepoint: 6384 ns, Total: 133957 ns
[2020-09-11T17:55:38.381+0000][1][safepoint    ] Safepoint "RevokeBias", Time since last: 670321165 ns, Reaching safepoint: 254009 ns, At safepoint: 15706 ns, Total: 269715 ns
[2020-09-11T17:55:39.384+0000][1][safepoint    ] Safepoint "Cleanup", Time since last: 1002290145 ns, Reaching safepoint: 130839 ns, At safepoint: 5551 ns, Total: 136390 ns
[2020-09-11T17:55:40.167+0000][1][safepoint    ] Safepoint "Deoptimize", Time since last: 783161629 ns, Reaching safepoint: 59314 ns, At safepoint: 226581 ns, Total: 285895 ns
[2020-09-11T17:55:41.194+0000][1][safepoint    ] Safepoint "Cleanup", Time since last: 1009649949 ns, Reaching safepoint: 17225836 ns, At safepoint: 10238 ns, Total: 17236074 ns
[2020-09-11T17:55:42.209+0000][1][safepoint    ] Safepoint "Cleanup", Time since last: 1010754855 ns, Reaching safepoint: 4022242 ns, At safepoint: 12046 ns, Total: 4034288 ns
[2020-09-11T17:55:43.221+0000][1][safepoint    ] Safepoint "Cleanup", Time since last: 1007544686 ns, Reaching safepoint: 4496118 ns, At safepoint: 13347 ns, Total: 4509465 ns
[2020-09-11T17:55:44.131+0000][1][gc,start     ] GC(17) Pause Young (Allocation Failure)
[2020-09-11T17:55:44.131+0000][1][gc,task      ] GC(17) Using 1 workers of 1 for evacuation
[2020-09-11T17:55:44.278+0000][1][gc,age       ] GC(17) Desired survivor size 4358144 bytes, new threshold 1 (max threshold 6)
[2020-09-11T17:55:44.278+0000][1][gc,age       ] GC(17) Age table with threshold 1 (max threshold 6)
[2020-09-11T17:55:44.279+0000][1][gc,age       ] GC(17) - age   1:    7570288 bytes,    7570288 total
[2020-09-11T17:55:44.279+0000][1][gc,age       ] GC(17) - age   2:     101576 bytes,    7671864 total
[2020-09-11T17:55:44.279+0000][1][gc,age       ] GC(17) - age   3:     162320 bytes,    7834184 total
[2020-09-11T17:55:44.279+0000][1][gc,age       ] GC(17) - age   4:     312048 bytes,    8146232 total
[2020-09-11T17:55:44.279+0000][1][gc,age       ] GC(17) - age   5:     103136 bytes,    8249368 total
[2020-09-11T17:55:44.279+0000][1][gc,age       ] GC(17) - age   6:     203152 bytes,    8452520 total
[2020-09-11T17:55:44.279+0000][1][gc,heap      ] GC(17) ParNew: 71398K->8512K(76672K)
[2020-09-11T17:55:44.279+0000][1][gc,heap      ] GC(17) CMS: 15847K->16417K(2011968K)
[2020-09-11T17:55:44.279+0000][1][gc,metaspace ] GC(17) Metaspace: 29667K->29667K(1077248K)
[2020-09-11T17:55:44.279+0000][1][gc           ] GC(17) Pause Young (Allocation Failure) 85M->24M(2039M) 147.685ms
[2020-09-11T17:55:44.279+0000][1][gc,cpu       ] GC(17) User=0.04s Sys=0.00s Real=0.15s
[2020-09-11T17:55:44.302+0000][1][safepoint    ] Safepoint "GenCollectForAllocation", Time since last: 907952209 ns, Reaching safepoint: 2097304 ns, At safepoint: 170820426 ns, Total: 172917730 ns
[2020-09-11T17:55:45.321+0000][1][safepoint    ] Safepoint "Cleanup", Time since last: 1016797489 ns, Reaching safepoint: 2281727 ns, At safepoint: 9180 ns, Total: 2290907 ns
[2020-09-11T17:55:45.386+0000][1][safepoint    ] Safepoint "RevokeBias", Time since last: 64719154 ns, Reaching safepoint: 101995 ns, At safepoint: 29127 ns, Total: 131122 ns
[2020-09-11T17:55:46.388+0000][1][safepoint    ] Safepoint "Cleanup", Time since last: 1002097618 ns, Reaching safepoint: 112300 ns, At safepoint: 6296 ns, Total: 118596 ns
[2020-09-11T17:55:47.413+0000][1][safepoint    ] Safepoint "Cleanup", Time since last: 1011959092 ns, Reaching safepoint: 12954486 ns, At safepoint: 13039 ns, Total: 12967525 ns
[2020-09-11T17:55:49.429+0000][1][safepoint    ] Safepoint "Cleanup", Time since last: 2015971123 ns, Reaching safepoint: 121552 ns, At safepoint: 6387 ns, Total: 127939 ns
[2020-09-11T17:55:49.895+0000][1][gc,start     ] GC(18) Pause Young (Allocation Failure)
[2020-09-11T17:55:49.895+0000][1][gc,task      ] GC(18) Using 1 workers of 1 for evacuation
[2020-09-11T17:55:50.149+0000][1][gc,age       ] GC(18) Desired survivor size 4358144 bytes, new threshold 1 (max threshold 6)
[2020-09-11T17:55:50.149+0000][1][gc,age       ] GC(18) Age table with threshold 1 (max threshold 6)
[2020-09-11T17:55:50.149+0000][1][gc,age       ] GC(18) - age   1:    8544632 bytes,    8544632 total
[2020-09-11T17:55:50.149+0000][1][gc,heap      ] GC(18) ParNew: 76672K->8512K(76672K)
[2020-09-11T17:55:50.149+0000][1][gc,heap      ] GC(18) CMS: 16417K->25154K(2011968K)
[2020-09-11T17:55:50.149+0000][1][gc,metaspace ] GC(18) Metaspace: 29735K->29735K(1077248K)
[2020-09-11T17:55:50.149+0000][1][gc           ] GC(18) Pause Young (Allocation Failure) 90M->32M(2039M) 253.756ms
[2020-09-11T17:55:50.149+0000][1][gc,cpu       ] GC(18) User=0.06s Sys=0.00s Real=0.25s
[2020-09-11T17:55:50.170+0000][1][safepoint    ] Safepoint "GenCollectForAllocation", Time since last: 466136143 ns, Reaching safepoint: 113594 ns, At safepoint: 275230996 ns, Total: 275344590 ns
[2020-09-11T17:55:51.207+0000][1][safepoint    ] Safepoint "Cleanup", Time since last: 1014430059 ns, Reaching safepoint: 21729771 ns, At safepoint: 12332 ns, Total: 21742103 ns
[2020-09-11T17:55:53.229+0000][1][safepoint    ] Safepoint "Cleanup", Time since last: 2022217772 ns, Reaching safepoint: 116356 ns, At safepoint: 5794 ns, Total: 122150 ns
[2020-09-11T17:55:55.035+0000][1][gc,start     ] GC(19) Pause Young (Allocation Failure)
[2020-09-11T17:55:55.035+0000][1][gc,task      ] GC(19) Using 1 workers of 1 for evacuation
[2020-09-11T17:55:55.216+0000][1][gc,age       ] GC(19) Desired survivor size 4358144 bytes, new threshold 1 (max threshold 6)
[2020-09-11T17:55:55.216+0000][1][gc,age       ] GC(19) Age table with threshold 1 (max threshold 6)
[2020-09-11T17:55:55.216+0000][1][gc,age       ] GC(19) - age   1:    8350024 bytes,    8350024 total
[2020-09-11T17:55:55.216+0000][1][gc,heap      ] GC(19) ParNew: 76672K->8512K(76672K)
[2020-09-11T17:55:55.216+0000][1][gc,heap      ] GC(19) CMS: 25154K->33496K(2011968K)
[2020-09-11T17:55:55.216+0000][1][gc,metaspace ] GC(19) Metaspace: 29894K->29894K(1077248K)
[2020-09-11T17:55:55.216+0000][1][gc           ] GC(19) Pause Young (Allocation Failure) 99M->41M(2039M) 180.563ms
[2020-09-11T17:55:55.216+0000][1][gc,cpu       ] GC(19) User=0.05s Sys=0.00s Real=0.18s
[2020-09-11T17:55:55.245+0000][1][safepoint    ] Safepoint "GenCollectForAllocation", Time since last: 1806190685 ns, Reaching safepoint: 139549 ns, At safepoint: 209593981 ns, Total: 209733530 ns
[2020-09-11T17:55:57.145+0000][1][safepoint    ] Safepoint "RevokeBias", Time since last: 1900050186 ns, Reaching safepoint: 127561 ns, At safepoint: 43814 ns, Total: 171375 ns
[2020-09-11T17:55:58.152+0000][1][safepoint    ] Safepoint "Cleanup", Time since last: 1003264234 ns, Reaching safepoint: 3309538 ns, At safepoint: 14123 ns, Total: 3323661 ns
[2020-09-11T17:55:58.277+0000][1][safepoint    ] Safepoint "RevokeBias", Time since last: 125161394 ns, Reaching safepoint: 111548 ns, At safepoint: 36714 ns, Total: 148262 ns
[2020-09-11T17:55:59.277+0000][1][safepoint    ] Safepoint "Cleanup", Time since last: 1000101402 ns, Reaching safepoint: 101551 ns, At safepoint: 5316 ns, Total: 106867 ns
[2020-09-11T17:55:59.382+0000][1][gc,start     ] GC(20) Pause Young (Allocation Failure)
[2020-09-11T17:55:59.383+0000][1][gc,task      ] GC(20) Using 1 workers of 1 for evacuation
[2020-09-11T17:55:59.552+0000][1][gc,age       ] GC(20) Desired survivor size 4358144 bytes, new threshold 1 (max threshold 6)
[2020-09-11T17:55:59.552+0000][1][gc,age       ] GC(20) Age table with threshold 1 (max threshold 6)
[2020-09-11T17:55:59.552+0000][1][gc,age       ] GC(20) - age   1:    4490352 bytes,    4490352 total
[2020-09-11T17:55:59.552+0000][1][gc,heap      ] GC(20) ParNew: 76672K->8108K(76672K)
[2020-09-11T17:55:59.552+0000][1][gc,heap      ] GC(20) CMS: 33496K->41155K(2011968K)
[2020-09-11T17:55:59.552+0000][1][gc,metaspace ] GC(20) Metaspace: 32112K->32112K(1079296K)
[2020-09-11T17:55:59.552+0000][1][gc           ] GC(20) Pause Young (Allocation Failure) 107M->48M(2039M) 169.311ms
[2020-09-11T17:55:59.552+0000][1][gc,cpu       ] GC(20) User=0.04s Sys=0.00s Real=0.16s
[2020-09-11T17:55:59.573+0000][1][safepoint    ] Safepoint "GenCollectForAllocation", Time since last: 105199873 ns, Reaching safepoint: 103427 ns, At safepoint: 190328881 ns, Total: 190432308 ns
[2020-09-11T17:56:00.168+0000][1][safepoint    ] Safepoint "Deoptimize", Time since last: 594115240 ns, Reaching safepoint: 785758 ns, At safepoint: 269824 ns, Total: 1055582 ns
[2020-09-11T17:56:01.174+0000][1][safepoint    ] Safepoint "Cleanup", Time since last: 1006089120 ns, Reaching safepoint: 195616 ns, At safepoint: 5711 ns, Total: 201327 ns
[2020-09-11T17:56:02.186+0000][1][safepoint    ] Safepoint "Cleanup", Time since last: 1001611253 ns, Reaching safepoint: 10022484 ns, At safepoint: 9471 ns, Total: 10031955 ns
[2020-09-11T17:56:03.189+0000][1][safepoint    ] Safepoint "Cleanup", Time since last: 1002884017 ns, Reaching safepoint: 375194 ns, At safepoint: 5449 ns, Total: 380643 ns
[2020-09-11T17:56:04.193+0000][1][safepoint    ] Safepoint "Cleanup", Time since last: 1001534124 ns, Reaching safepoint: 2100747 ns, At safepoint: 14442 ns, Total: 2115189 ns
[2020-09-11T17:56:04.219+0000][1][safepoint    ] Safepoint "Deoptimize", Time since last: 20127566 ns, Reaching safepoint: 5908031 ns, At safepoint: 287902 ns, Total: 6195933 ns
[2020-09-11T17:56:05.409+0000][1][gc,start     ] GC(21) Pause Young (Allocation Failure)
[2020-09-11T17:56:05.409+0000][1][gc,task      ] GC(21) Using 1 workers of 1 for evacuation
[2020-09-11T17:56:05.580+0000][1][gc,age       ] GC(21) Desired survivor size 4358144 bytes, new threshold 6 (max threshold 6)
[2020-09-11T17:56:05.580+0000][1][gc,age       ] GC(21) Age table with threshold 6 (max threshold 6)
[2020-09-11T17:56:05.580+0000][1][gc,age       ] GC(21) - age   1:     974848 bytes,     974848 total
[2020-09-11T17:56:05.580+0000][1][gc,heap      ] GC(21) ParNew: 76268K->3671K(76672K)
[2020-09-11T17:56:05.580+0000][1][gc,heap      ] GC(21) CMS: 41155K->45466K(2011968K)
[2020-09-11T17:56:05.580+0000][1][gc,metaspace ] GC(21) Metaspace: 32417K->32417K(1079296K)
[2020-09-11T17:56:05.580+0000][1][gc           ] GC(21) Pause Young (Allocation Failure) 114M->47M(2039M) 170.948ms
[2020-09-11T17:56:05.580+0000][1][gc,cpu       ] GC(21) User=0.04s Sys=0.00s Real=0.17s
[2020-09-11T17:56:05.597+0000][1][safepoint    ] Safepoint "GenCollectForAllocation", Time since last: 1189660249 ns, Reaching safepoint: 119842 ns, At safepoint: 188098725 ns, Total: 188218567 ns
[2020-09-11T17:56:06.622+0000][1][safepoint    ] Safepoint "Cleanup", Time since last: 1025302487 ns, Reaching safepoint: 117658 ns, At safepoint: 7020 ns, Total: 124678 ns
[2020-09-11T17:56:06.649+0000][1][gc,start     ] GC(22) Pause Young (Allocation Failure)
[2020-09-11T17:56:06.649+0000][1][gc,task      ] GC(22) Using 1 workers of 1 for evacuation
[2020-09-11T17:56:06.716+0000][1][gc,age       ] GC(22) Desired survivor size 4358144 bytes, new threshold 6 (max threshold 6)
[2020-09-11T17:56:06.716+0000][1][gc,age       ] GC(22) Age table with threshold 6 (max threshold 6)
[2020-09-11T17:56:06.716+0000][1][gc,age       ] GC(22) - age   1:     249736 bytes,     249736 total
[2020-09-11T17:56:06.716+0000][1][gc,age       ] GC(22) - age   2:     438176 bytes,     687912 total
[2020-09-11T17:56:06.716+0000][1][gc,heap      ] GC(22) ParNew: 71831K->1155K(76672K)
[2020-09-11T17:56:06.716+0000][1][gc,heap      ] GC(22) CMS: 45466K->45466K(2011968K)
[2020-09-11T17:56:06.716+0000][1][gc,metaspace ] GC(22) Metaspace: 32429K->32429K(1079296K)
[2020-09-11T17:56:06.716+0000][1][gc           ] GC(22) Pause Young (Allocation Failure) 114M->45M(2039M) 66.765ms
[2020-09-11T17:56:06.716+0000][1][gc,cpu       ] GC(22) User=0.02s Sys=0.00s Real=0.07s
[2020-09-11T17:56:06.741+0000][1][safepoint    ] Safepoint "GenCollectForAllocation", Time since last: 26341968 ns, Reaching safepoint: 94039 ns, At safepoint: 91949801 ns, Total: 92043840 ns
[2020-09-11T17:56:07.285+0000][1][gc,start     ] GC(23) Pause Young (Allocation Failure)
[2020-09-11T17:56:07.285+0000][1][gc,task      ] GC(23) Using 1 workers of 1 for evacuation
[2020-09-11T17:56:07.377+0000][1][gc,age       ] GC(23) Desired survivor size 4358144 bytes, new threshold 6 (max threshold 6)
[2020-09-11T17:56:07.377+0000][1][gc,age       ] GC(23) Age table with threshold 6 (max threshold 6)
[2020-09-11T17:56:07.377+0000][1][gc,age       ] GC(23) - age   1:        224 bytes,        224 total
[2020-09-11T17:56:07.377+0000][1][gc,age       ] GC(23) - age   2:     249496 bytes,     249720 total
[2020-09-11T17:56:07.377+0000][1][gc,age       ] GC(23) - age   3:     438176 bytes,     687896 total
[2020-09-11T17:56:07.377+0000][1][gc,heap      ] GC(23) ParNew: 69315K->1081K(76672K)
[2020-09-11T17:56:07.377+0000][1][gc,heap      ] GC(23) CMS: 45466K->45466K(2011968K)
[2020-09-11T17:56:07.377+0000][1][gc,metaspace ] GC(23) Metaspace: 32430K->32430K(1079296K)
[2020-09-11T17:56:07.377+0000][1][gc           ] GC(23) Pause Young (Allocation Failure) 112M->45M(2039M) 92.081ms
[2020-09-11T17:56:07.377+0000][1][gc,cpu       ] GC(23) User=0.02s Sys=0.00s Real=0.09s
[2020-09-11T17:56:07.377+0000][1][safepoint    ] Safepoint "GenCollectForAllocation", Time since last: 543974728 ns, Reaching safepoint: 125467 ns, At safepoint: 92140285 ns, Total: 92265752 ns
[2020-09-11T17:56:07.897+0000][1][gc,start     ] GC(24) Pause Young (Allocation Failure)
[2020-09-11T17:56:07.897+0000][1][gc,task      ] GC(24) Using 1 workers of 1 for evacuation
[2020-09-11T17:56:07.991+0000][1][gc,age       ] GC(24) Desired survivor size 4358144 bytes, new threshold 6 (max threshold 6)
[2020-09-11T17:56:07.991+0000][1][gc,age       ] GC(24) Age table with threshold 6 (max threshold 6)
[2020-09-11T17:56:07.991+0000][1][gc,age       ] GC(24) - age   1:         56 bytes,         56 total
[2020-09-11T17:56:07.991+0000][1][gc,age       ] GC(24) - age   3:     249496 bytes,     249552 total
[2020-09-11T17:56:07.991+0000][1][gc,age       ] GC(24) - age   4:     438176 bytes,     687728 total
[2020-09-11T17:56:07.991+0000][1][gc,heap      ] GC(24) ParNew: 69241K->1278K(76672K)
[2020-09-11T17:56:07.991+0000][1][gc,heap      ] GC(24) CMS: 45466K->45466K(2011968K)
[2020-09-11T17:56:07.991+0000][1][gc,metaspace ] GC(24) Metaspace: 32434K->32434K(1079296K)
[2020-09-11T17:56:07.991+0000][1][gc           ] GC(24) Pause Young (Allocation Failure) 112M->45M(2039M) 93.786ms
[2020-09-11T17:56:07.991+0000][1][gc,cpu       ] GC(24) User=0.03s Sys=0.00s Real=0.09s
[2020-09-11T17:56:07.993+0000][1][safepoint    ] Safepoint "GenCollectForAllocation", Time since last: 519805810 ns, Reaching safepoint: 96479 ns, At safepoint: 95834750 ns, Total: 95931229 ns
[2020-09-11T17:56:08.237+0000][1][safepoint    ] Safepoint "RevokeBias", Time since last: 236077369 ns, Reaching safepoint: 7911145 ns, At safepoint: 47268 ns, Total: 7958413 ns
[2020-09-11T17:56:08.237+0000][1][safepoint    ] Safepoint "RevokeBias", Time since last: 65610 ns, Reaching safepoint: 80949 ns, At safepoint: 25437 ns, Total: 106386 ns
[2020-09-11T17:56:08.237+0000][1][safepoint    ] Safepoint "RevokeBias", Time since last: 29038 ns, Reaching safepoint: 76934 ns, At safepoint: 23193 ns, Total: 100127 ns
[2020-09-11T17:56:08.237+0000][1][safepoint    ] Safepoint "RevokeBias", Time since last: 26503 ns, Reaching safepoint: 78250 ns, At safepoint: 25142 ns, Total: 103392 ns
[2020-09-11T17:56:08.241+0000][1][safepoint    ] Safepoint "BulkRevokeBias", Time since last: 26170 ns, Reaching safepoint: 3488758 ns, At safepoint: 61216 ns, Total: 3549974 ns
[2020-09-11T17:56:08.241+0000][1][safepoint    ] Safepoint "RevokeBias", Time since last: 227166 ns, Reaching safepoint: 79266 ns, At safepoint: 29282 ns, Total: 108548 ns
[2020-09-11T17:56:08.495+0000][1][gc,start     ] GC(25) Pause Young (Allocation Failure)
[2020-09-11T17:56:08.495+0000][1][gc,task      ] GC(25) Using 1 workers of 1 for evacuation
[2020-09-11T17:56:08.536+0000][1][gc,age       ] GC(25) Desired survivor size 4358144 bytes, new threshold 6 (max threshold 6)
[2020-09-11T17:56:08.536+0000][1][gc,age       ] GC(25) Age table with threshold 6 (max threshold 6)
[2020-09-11T17:56:08.536+0000][1][gc,age       ] GC(25) - age   1:        456 bytes,        456 total
[2020-09-11T17:56:08.536+0000][1][gc,age       ] GC(25) - age   4:     249496 bytes,     249952 total
[2020-09-11T17:56:08.536+0000][1][gc,age       ] GC(25) - age   5:     437600 bytes,     687552 total
[2020-09-11T17:56:08.536+0000][1][gc,heap      ] GC(25) ParNew: 69438K->823K(76672K)
[2020-09-11T17:56:08.536+0000][1][gc,heap      ] GC(25) CMS: 45466K->45466K(2011968K)
[2020-09-11T17:56:08.536+0000][1][gc,metaspace ] GC(25) Metaspace: 32435K->32435K(1079296K)
[2020-09-11T17:56:08.536+0000][1][gc           ] GC(25) Pause Young (Allocation Failure) 112M->45M(2039M) 40.675ms
[2020-09-11T17:56:08.536+0000][1][gc,cpu       ] GC(25) User=0.01s Sys=0.00s Real=0.04s
[2020-09-11T17:56:08.558+0000][1][safepoint    ] Safepoint "GenCollectForAllocation", Time since last: 250400626 ns, Reaching safepoint: 3752018 ns, At safepoint: 62844812 ns, Total: 66596830 ns
[2020-09-11T17:56:08.925+0000][1][gc,start     ] GC(26) Pause Young (Allocation Failure)
[2020-09-11T17:56:08.925+0000][1][gc,task      ] GC(26) Using 1 workers of 1 for evacuation
[2020-09-11T17:56:08.977+0000][1][gc,age       ] GC(26) Desired survivor size 4358144 bytes, new threshold 6 (max threshold 6)
[2020-09-11T17:56:08.977+0000][1][gc,age       ] GC(26) Age table with threshold 6 (max threshold 6)
[2020-09-11T17:56:08.977+0000][1][gc,age       ] GC(26) - age   1:        200 bytes,        200 total
[2020-09-11T17:56:08.977+0000][1][gc,age       ] GC(26) - age   2:        360 bytes,        560 total
[2020-09-11T17:56:08.977+0000][1][gc,age       ] GC(26) - age   5:     249496 bytes,     250056 total
[2020-09-11T17:56:08.977+0000][1][gc,age       ] GC(26) - age   6:     437600 bytes,     687656 total
[2020-09-11T17:56:08.977+0000][1][gc,heap      ] GC(26) ParNew: 68983K->1212K(76672K)
[2020-09-11T17:56:08.977+0000][1][gc,heap      ] GC(26) CMS: 45466K->45466K(2011968K)
[2020-09-11T17:56:08.977+0000][1][gc,metaspace ] GC(26) Metaspace: 32435K->32435K(1079296K)
[2020-09-11T17:56:08.977+0000][1][gc           ] GC(26) Pause Young (Allocation Failure) 111M->45M(2039M) 52.633ms
[2020-09-11T17:56:08.977+0000][1][gc,cpu       ] GC(26) User=0.01s Sys=0.00s Real=0.05s
[2020-09-11T17:56:08.977+0000][1][safepoint    ] Safepoint "GenCollectForAllocation", Time since last: 363648699 ns, Reaching safepoint: 2850160 ns, At safepoint: 52699914 ns, Total: 55550074 ns
[2020-09-11T17:56:09.191+0000][1][gc,start     ] GC(27) Pause Young (Allocation Failure)
[2020-09-11T17:56:09.191+0000][1][gc,task      ] GC(27) Using 1 workers of 1 for evacuation
[2020-09-11T17:56:09.237+0000][1][gc,age       ] GC(27) Desired survivor size 4358144 bytes, new threshold 6 (max threshold 6)
[2020-09-11T17:56:09.271+0000][1][gc,age       ] GC(27) Age table with threshold 6 (max threshold 6)
[2020-09-11T17:56:09.271+0000][1][gc,age       ] GC(27) - age   1:        216 bytes,        216 total
[2020-09-11T17:56:09.271+0000][1][gc,age       ] GC(27) - age   3:        360 bytes,        576 total
[2020-09-11T17:56:09.271+0000][1][gc,age       ] GC(27) - age   6:     249496 bytes,     250072 total
[2020-09-11T17:56:09.271+0000][1][gc,heap      ] GC(27) ParNew: 69372K->403K(76672K)
[2020-09-11T17:56:09.271+0000][1][gc,heap      ] GC(27) CMS: 45466K->45894K(2011968K)
[2020-09-11T17:56:09.271+0000][1][gc,metaspace ] GC(27) Metaspace: 32435K->32435K(1079296K)
[2020-09-11T17:56:09.271+0000][1][gc           ] GC(27) Pause Young (Allocation Failure) 112M->45M(2039M) 79.511ms
[2020-09-11T17:56:09.271+0000][1][gc,cpu       ] GC(27) User=0.02s Sys=0.00s Real=0.08s
[2020-09-11T17:56:09.271+0000][1][safepoint    ] Safepoint "GenCollectForAllocation", Time since last: 213686072 ns, Reaching safepoint: 144111 ns, At safepoint: 79584689 ns, Total: 79728800 ns
[2020-09-11T17:56:09.469+0000][1][gc,start     ] GC(28) Pause Young (Allocation Failure)
[2020-09-11T17:56:09.469+0000][1][gc,task      ] GC(28) Using 1 workers of 1 for evacuation
[2020-09-11T17:56:09.516+0000][1][gc,age       ] GC(28) Desired survivor size 4358144 bytes, new threshold 6 (max threshold 6)
[2020-09-11T17:56:09.516+0000][1][gc,age       ] GC(28) Age table with threshold 6 (max threshold 6)
[2020-09-11T17:56:09.516+0000][1][gc,age       ] GC(28) - age   1:        232 bytes,        232 total
[2020-09-11T17:56:09.516+0000][1][gc,age       ] GC(28) - age   4:        360 bytes,        592 total
[2020-09-11T17:56:09.516+0000][1][gc,heap      ] GC(28) ParNew: 68563K->284K(76672K)
[2020-09-11T17:56:09.516+0000][1][gc,heap      ] GC(28) CMS: 45894K->46137K(2011968K)
[2020-09-11T17:56:09.516+0000][1][gc,metaspace ] GC(28) Metaspace: 32435K->32435K(1079296K)
[2020-09-11T17:56:09.516+0000][1][gc           ] GC(28) Pause Young (Allocation Failure) 111M->45M(2039M) 46.874ms
[2020-09-11T17:56:09.516+0000][1][gc,cpu       ] GC(28) User=0.01s Sys=0.00s Real=0.05s
[2020-09-11T17:56:09.525+0000][1][safepoint    ] Safepoint "GenCollectForAllocation", Time since last: 193994884 ns, Reaching safepoint: 4029937 ns, At safepoint: 55996896 ns, Total: 60026833 ns
[2020-09-11T17:56:09.737+0000][1][gc,start     ] GC(29) Pause Young (Allocation Failure)
[2020-09-11T17:56:09.737+0000][1][gc,task      ] GC(29) Using 1 workers of 1 for evacuation
[2020-09-11T17:56:09.779+0000][1][gc,age       ] GC(29) Desired survivor size 4358144 bytes, new threshold 6 (max threshold 6)
[2020-09-11T17:56:09.779+0000][1][gc,age       ] GC(29) Age table with threshold 6 (max threshold 6)
[2020-09-11T17:56:09.779+0000][1][gc,age       ] GC(29) - age   1:        176 bytes,        176 total
[2020-09-11T17:56:09.779+0000][1][gc,age       ] GC(29) - age   5:        360 bytes,        536 total
[2020-09-11T17:56:09.779+0000][1][gc,heap      ] GC(29) ParNew: 68444K->71K(76672K)
[2020-09-11T17:56:09.779+0000][1][gc,heap      ] GC(29) CMS: 46137K->46137K(2011968K)
[2020-09-11T17:56:09.779+0000][1][gc,metaspace ] GC(29) Metaspace: 32435K->32435K(1079296K)
[2020-09-11T17:56:09.779+0000][1][gc           ] GC(29) Pause Young (Allocation Failure) 111M->45M(2039M) 42.597ms
[2020-09-11T17:56:09.779+0000][1][gc,cpu       ] GC(29) User=0.01s Sys=0.00s Real=0.04s
[2020-09-11T17:56:09.781+0000][1][safepoint    ] Safepoint "GenCollectForAllocation", Time since last: 208012744 ns, Reaching safepoint: 3988634 ns, At safepoint: 43966813 ns, Total: 47955447 ns
[2020-09-11T17:56:09.993+0000][1][gc,start     ] GC(30) Pause Young (Allocation Failure)
[2020-09-11T17:56:09.993+0000][1][gc,task      ] GC(30) Using 1 workers of 1 for evacuation
[2020-09-11T17:56:10.035+0000][1][gc,age       ] GC(30) Desired survivor size 4358144 bytes, new threshold 6 (max threshold 6)
[2020-09-11T17:56:10.035+0000][1][gc,age       ] GC(30) Age table with threshold 6 (max threshold 6)
[2020-09-11T17:56:10.035+0000][1][gc,age       ] GC(30) - age   1:         56 bytes,         56 total
[2020-09-11T17:56:10.035+0000][1][gc,age       ] GC(30) - age   6:        360 bytes,        416 total
[2020-09-11T17:56:10.035+0000][1][gc,heap      ] GC(30) ParNew: 68231K->17K(76672K)
[2020-09-11T17:56:10.035+0000][1][gc,heap      ] GC(30) CMS: 46137K->46137K(2011968K)
[2020-09-11T17:56:10.035+0000][1][gc,metaspace ] GC(30) Metaspace: 32435K->32435K(1079296K)
[2020-09-11T17:56:10.035+0000][1][gc           ] GC(30) Pause Young (Allocation Failure) 111M->45M(2039M) 42.591ms
[2020-09-11T17:56:10.035+0000][1][gc,cpu       ] GC(30) User=0.02s Sys=0.00s Real=0.04s
[2020-09-11T17:56:10.045+0000][1][safepoint    ] Safepoint "GenCollectForAllocation", Time since last: 209120442 ns, Reaching safepoint: 2886173 ns, At safepoint: 52003235 ns, Total: 54889408 ns
[2020-09-11T17:56:10.253+0000][1][gc,start     ] GC(31) Pause Young (Allocation Failure)
[2020-09-11T17:56:10.253+0000][1][gc,task      ] GC(31) Using 1 workers of 1 for evacuation
[2020-09-11T17:56:10.301+0000][1][gc,age       ] GC(31) Desired survivor size 4358144 bytes, new threshold 6 (max threshold 6)
[2020-09-11T17:56:10.301+0000][1][gc,age       ] GC(31) Age table with threshold 6 (max threshold 6)
[2020-09-11T17:56:10.301+0000][1][gc,age       ] GC(31) - age   1:        232 bytes,        232 total
[2020-09-11T17:56:10.301+0000][1][gc,heap      ] GC(31) ParNew: 68177K->4K(76672K)
[2020-09-11T17:56:10.301+0000][1][gc,heap      ] GC(31) CMS: 46137K->46138K(2011968K)
[2020-09-11T17:56:10.301+0000][1][gc,metaspace ] GC(31) Metaspace: 32435K->32435K(1079296K)
[2020-09-11T17:56:10.301+0000][1][gc           ] GC(31) Pause Young (Allocation Failure) 111M->45M(2039M) 48.175ms
[2020-09-11T17:56:10.301+0000][1][gc,cpu       ] GC(31) User=0.01s Sys=0.00s Real=0.05s
[2020-09-11T17:56:10.301+0000][1][safepoint    ] Safepoint "GenCollectForAllocation", Time since last: 203996124 ns, Reaching safepoint: 4067268 ns, At safepoint: 48236548 ns, Total: 52303816 ns
[2020-09-11T17:56:10.511+0000][1][gc,start     ] GC(32) Pause Young (Allocation Failure)
[2020-09-11T17:56:10.511+0000][1][gc,task      ] GC(32) Using 1 workers of 1 for evacuation
[2020-09-11T17:56:10.554+0000][1][gc,age       ] GC(32) Desired survivor size 4358144 bytes, new threshold 6 (max threshold 6)
[2020-09-11T17:56:10.554+0000][1][gc,age       ] GC(32) Age table with threshold 6 (max threshold 6)
[2020-09-11T17:56:10.554+0000][1][gc,age       ] GC(32) - age   1:        160 bytes,        160 total
[2020-09-11T17:56:10.554+0000][1][gc,heap      ] GC(32) ParNew: 68164K->2K(76672K)
[2020-09-11T17:56:10.554+0000][1][gc,heap      ] GC(32) CMS: 46138K->46138K(2011968K)
[2020-09-11T17:56:10.554+0000][1][gc,metaspace ] GC(32) Metaspace: 32435K->32435K(1079296K)
[2020-09-11T17:56:10.554+0000][1][gc           ] GC(32) Pause Young (Allocation Failure) 111M->45M(2039M) 43.292ms
[2020-09-11T17:56:10.554+0000][1][gc,cpu       ] GC(32) User=0.01s Sys=0.00s Real=0.05s
[2020-09-11T17:56:10.554+0000][1][safepoint    ] Safepoint "GenCollectForAllocation", Time since last: 207703772 ns, Reaching safepoint: 1813309 ns, At safepoint: 43366537 ns, Total: 45179846 ns
[2020-09-11T17:56:10.769+0000][1][gc,start     ] GC(33) Pause Young (Allocation Failure)
[2020-09-11T17:56:10.769+0000][1][gc,task      ] GC(33) Using 1 workers of 1 for evacuation
[2020-09-11T17:56:10.808+0000][1][gc,age       ] GC(33) Desired survivor size 4358144 bytes, new threshold 6 (max threshold 6)
[2020-09-11T17:56:10.808+0000][1][gc,age       ] GC(33) Age table with threshold 6 (max threshold 6)
[2020-09-11T17:56:10.808+0000][1][gc,age       ] GC(33) - age   1:        216 bytes,        216 total
[2020-09-11T17:56:10.808+0000][1][gc,heap      ] GC(33) ParNew: 68162K->2K(76672K)
[2020-09-11T17:56:10.808+0000][1][gc,heap      ] GC(33) CMS: 46138K->46138K(2011968K)
[2020-09-11T17:56:10.808+0000][1][gc,metaspace ] GC(33) Metaspace: 32435K->32435K(1079296K)
[2020-09-11T17:56:10.808+0000][1][gc           ] GC(33) Pause Young (Allocation Failure) 111M->45M(2039M) 39.102ms
[2020-09-11T17:56:10.808+0000][1][gc,cpu       ] GC(33) User=0.01s Sys=0.00s Real=0.04s
[2020-09-11T17:56:10.817+0000][1][safepoint    ] Safepoint "GenCollectForAllocation", Time since last: 210817389 ns, Reaching safepoint: 4020017 ns, At safepoint: 47999817 ns, Total: 52019834 ns
[2020-09-11T17:56:11.842+0000][1][safepoint    ] Safepoint "Cleanup", Time since last: 1025164716 ns, Reaching safepoint: 115855 ns, At safepoint: 5615 ns, Total: 121470 ns
[2020-09-11T17:56:14.870+0000][1][safepoint    ] Safepoint "Cleanup", Time since last: 3022549766 ns, Reaching safepoint: 5226938 ns, At safepoint: 10318 ns, Total: 5237256 ns
[2020-09-11T17:56:15.153+0000][1][gc,start     ] GC(34) Pause Young (Allocation Failure)
[2020-09-11T17:56:15.153+0000][1][gc,task      ] GC(34) Using 1 workers of 1 for evacuation
[2020-09-11T17:56:15.210+0000][1][gc,age       ] GC(34) Desired survivor size 4358144 bytes, new threshold 6 (max threshold 6)
[2020-09-11T17:56:15.210+0000][1][gc,age       ] GC(34) Age table with threshold 6 (max threshold 6)
[2020-09-11T17:56:15.210+0000][1][gc,age       ] GC(34) - age   1:     276648 bytes,     276648 total
[2020-09-11T17:56:15.210+0000][1][gc,heap      ] GC(34) ParNew: 68162K->270K(76672K)
[2020-09-11T17:56:15.210+0000][1][gc,heap      ] GC(34) CMS: 46138K->46138K(2011968K)
[2020-09-11T17:56:15.210+0000][1][gc,metaspace ] GC(34) Metaspace: 32455K->32455K(1079296K)
[2020-09-11T17:56:15.211+0000][1][gc           ] GC(34) Pause Young (Allocation Failure) 111M->45M(2039M) 57.622ms
[2020-09-11T17:56:15.211+0000][1][gc,cpu       ] GC(34) User=0.01s Sys=0.00s Real=0.05s
[2020-09-11T17:56:15.233+0000][1][safepoint    ] Safepoint "GenCollectForAllocation", Time since last: 282892777 ns, Reaching safepoint: 108179 ns, At safepoint: 79927388 ns, Total: 80035567 ns
[2020-09-11T17:56:16.477+0000][1][gc,start     ] GC(35) Pause Young (Allocation Failure)
[2020-09-11T17:56:16.477+0000][1][gc,task      ] GC(35) Using 1 workers of 1 for evacuation
[2020-09-11T17:56:16.562+0000][1][gc,age       ] GC(35) Desired survivor size 4358144 bytes, new threshold 6 (max threshold 6)
[2020-09-11T17:56:16.562+0000][1][gc,age       ] GC(35) Age table with threshold 6 (max threshold 6)
[2020-09-11T17:56:16.562+0000][1][gc,age       ] GC(35) - age   1:     511400 bytes,     511400 total
[2020-09-11T17:56:16.562+0000][1][gc,age       ] GC(35) - age   2:     183688 bytes,     695088 total
[2020-09-11T17:56:16.562+0000][1][gc,heap      ] GC(35) ParNew: 68430K->679K(76672K)
[2020-09-11T17:56:16.562+0000][1][gc,heap      ] GC(35) CMS: 46138K->46138K(2011968K)
[2020-09-11T17:56:16.562+0000][1][gc,metaspace ] GC(35) Metaspace: 32455K->32455K(1079296K)
[2020-09-11T17:56:16.562+0000][1][gc           ] GC(35) Pause Young (Allocation Failure) 111M->45M(2039M) 85.358ms
[2020-09-11T17:56:16.562+0000][1][gc,cpu       ] GC(35) User=0.03s Sys=0.00s Real=0.09s
[2020-09-11T17:56:16.573+0000][1][safepoint    ] Safepoint "GenCollectForAllocation", Time since last: 1243985467 ns, Reaching safepoint: 102794 ns, At safepoint: 95913610 ns, Total: 96016404 ns
[2020-09-11T17:56:18.065+0000][1][gc,start     ] GC(36) Pause Young (Allocation Failure)
[2020-09-11T17:56:18.065+0000][1][gc,task      ] GC(36) Using 1 workers of 1 for evacuation
[2020-09-11T17:56:18.155+0000][1][gc,age       ] GC(36) Desired survivor size 4358144 bytes, new threshold 6 (max threshold 6)
[2020-09-11T17:56:18.155+0000][1][gc,age       ] GC(36) Age table with threshold 6 (max threshold 6)
[2020-09-11T17:56:18.155+0000][1][gc,age       ] GC(36) - age   1:     642864 bytes,     642864 total
[2020-09-11T17:56:18.155+0000][1][gc,age       ] GC(36) - age   2:     339984 bytes,     982848 total
[2020-09-11T17:56:18.155+0000][1][gc,age       ] GC(36) - age   3:     183048 bytes,    1165896 total
[2020-09-11T17:56:18.155+0000][1][gc,heap      ] GC(36) ParNew: 68839K->1170K(76672K)
[2020-09-11T17:56:18.155+0000][1][gc,heap      ] GC(36) CMS: 46138K->46138K(2011968K)
[2020-09-11T17:56:18.155+0000][1][gc,metaspace ] GC(36) Metaspace: 32456K->32456K(1079296K)
[2020-09-11T17:56:18.155+0000][1][gc           ] GC(36) Pause Young (Allocation Failure) 112M->46M(2039M) 90.049ms
[2020-09-11T17:56:18.155+0000][1][gc,cpu       ] GC(36) User=0.03s Sys=0.00s Real=0.09s
[2020-09-11T17:56:18.165+0000][1][safepoint    ] Safepoint "GenCollectForAllocation", Time since last: 1492229420 ns, Reaching safepoint: 256966 ns, At safepoint: 99485522 ns, Total: 99742488 ns
[2020-09-11T17:56:19.393+0000][1][gc,start     ] GC(37) Pause Young (Allocation Failure)
[2020-09-11T17:56:19.393+0000][1][gc,task      ] GC(37) Using 1 workers of 1 for evacuation
[2020-09-11T17:56:19.490+0000][1][gc,age       ] GC(37) Desired survivor size 4358144 bytes, new threshold 6 (max threshold 6)
[2020-09-11T17:56:19.490+0000][1][gc,age       ] GC(37) Age table with threshold 6 (max threshold 6)
[2020-09-11T17:56:19.490+0000][1][gc,age       ] GC(37) - age   1:     621600 bytes,     621600 total
[2020-09-11T17:56:19.490+0000][1][gc,age       ] GC(37) - age   2:     301408 bytes,     923008 total
[2020-09-11T17:56:19.490+0000][1][gc,age       ] GC(37) - age   3:     339800 bytes,    1262808 total
[2020-09-11T17:56:19.490+0000][1][gc,age       ] GC(37) - age   4:     182664 bytes,    1445472 total
[2020-09-11T17:56:19.490+0000][1][gc,heap      ] GC(37) ParNew: 69330K->1440K(76672K)
[2020-09-11T17:56:19.490+0000][1][gc,heap      ] GC(37) CMS: 46138K->46138K(2011968K)
[2020-09-11T17:56:19.490+0000][1][gc,metaspace ] GC(37) Metaspace: 32456K->32456K(1079296K)
[2020-09-11T17:56:19.490+0000][1][gc           ] GC(37) Pause Young (Allocation Failure) 112M->46M(2039M) 97.025ms
[2020-09-11T17:56:19.490+0000][1][gc,cpu       ] GC(37) User=0.02s Sys=0.00s Real=0.09s
[2020-09-11T17:56:19.490+0000][1][safepoint    ] Safepoint "GenCollectForAllocation", Time since last: 1228001614 ns, Reaching safepoint: 110137 ns, At safepoint: 97106824 ns, Total: 97216961 ns
[2020-09-11T17:56:20.675+0000][1][gc,start     ] GC(38) Pause Young (Allocation Failure)
[2020-09-11T17:56:20.675+0000][1][gc,task      ] GC(38) Using 1 workers of 1 for evacuation
[2020-09-11T17:56:20.748+0000][1][gc,age       ] GC(38) Desired survivor size 4358144 bytes, new threshold 6 (max threshold 6)
[2020-09-11T17:56:20.748+0000][1][gc,age       ] GC(38) Age table with threshold 6 (max threshold 6)
[2020-09-11T17:56:20.748+0000][1][gc,age       ] GC(38) - age   1:     935176 bytes,     935176 total
[2020-09-11T17:56:20.748+0000][1][gc,age       ] GC(38) - age   2:     264672 bytes,    1199848 total
[2020-09-11T17:56:20.748+0000][1][gc,age       ] GC(38) - age   3:     297488 bytes,    1497336 total
[2020-09-11T17:56:20.748+0000][1][gc,age       ] GC(38) - age   4:     339720 bytes,    1837056 total
[2020-09-11T17:56:20.748+0000][1][gc,age       ] GC(38) - age   5:     182560 bytes,    2019616 total
[2020-09-11T17:56:20.748+0000][1][gc,heap      ] GC(38) ParNew: 69600K->2053K(76672K)
[2020-09-11T17:56:20.748+0000][1][gc,heap      ] GC(38) CMS: 46138K->46138K(2011968K)
[2020-09-11T17:56:20.748+0000][1][gc,metaspace ] GC(38) Metaspace: 32456K->32456K(1079296K)
[2020-09-11T17:56:20.748+0000][1][gc           ] GC(38) Pause Young (Allocation Failure) 113M->47M(2039M) 72.856ms
[2020-09-11T17:56:20.748+0000][1][gc,cpu       ] GC(38) User=0.02s Sys=0.00s Real=0.07s
[2020-09-11T17:56:20.769+0000][1][safepoint    ] Safepoint "GenCollectForAllocation", Time since last: 1184860746 ns, Reaching safepoint: 101319 ns, At safepoint: 93831822 ns, Total: 93933141 ns
[2020-09-11T17:56:21.625+0000][1][gc,start     ] GC(39) Pause Young (Allocation Failure)
[2020-09-11T17:56:21.625+0000][1][gc,task      ] GC(39) Using 1 workers of 1 for evacuation
[2020-09-11T17:56:21.726+0000][1][gc,age       ] GC(39) Desired survivor size 4358144 bytes, new threshold 6 (max threshold 6)
[2020-09-11T17:56:21.726+0000][1][gc,age       ] GC(39) Age table with threshold 6 (max threshold 6)
[2020-09-11T17:56:21.726+0000][1][gc,age       ] GC(39) - age   1:     311352 bytes,     311352 total
[2020-09-11T17:56:21.726+0000][1][gc,age       ] GC(39) - age   2:     922856 bytes,    1234208 total
[2020-09-11T17:56:21.726+0000][1][gc,age       ] GC(39) - age   3:     263464 bytes,    1497672 total
[2020-09-11T17:56:21.726+0000][1][gc,age       ] GC(39) - age   4:     296976 bytes,    1794648 total
[2020-09-11T17:56:21.726+0000][1][gc,age       ] GC(39) - age   5:     339384 bytes,    2134032 total
[2020-09-11T17:56:21.726+0000][1][gc,age       ] GC(39) - age   6:     182520 bytes,    2316552 total
[2020-09-11T17:56:21.726+0000][1][gc,heap      ] GC(39) ParNew: 70213K->2367K(76672K)
[2020-09-11T17:56:21.726+0000][1][gc,heap      ] GC(39) CMS: 46138K->46138K(2011968K)
[2020-09-11T17:56:21.726+0000][1][gc,metaspace ] GC(39) Metaspace: 32456K->32456K(1079296K)
[2020-09-11T17:56:21.726+0000][1][gc           ] GC(39) Pause Young (Allocation Failure) 113M->47M(2039M) 101.064ms
[2020-09-11T17:56:21.727+0000][1][gc,cpu       ] GC(39) User=0.03s Sys=0.00s Real=0.10s
[2020-09-11T17:56:21.727+0000][1][safepoint    ] Safepoint "GenCollectForAllocation", Time since last: 856518411 ns, Reaching safepoint: 100352 ns, At safepoint: 101127084 ns, Total: 101227436 ns
[2020-09-11T17:56:21.842+0000][1][safepoint    ] Safepoint "RevokeBias", Time since last: 114845697 ns, Reaching safepoint: 96168 ns, At safepoint: 25379 ns, Total: 121547 ns
[2020-09-11T17:56:22.843+0000][1][safepoint    ] Safepoint "Cleanup", Time since last: 1001342640 ns, Reaching safepoint: 113558 ns, At safepoint: 5581 ns, Total: 119139 ns
[2020-09-11T17:56:23.224+0000][1][gc,start     ] GC(40) Pause Young (Allocation Failure)
[2020-09-11T17:56:23.224+0000][1][gc,task      ] GC(40) Using 1 workers of 1 for evacuation
[2020-09-11T17:56:23.273+0000][1][gc,age       ] GC(40) Desired survivor size 4358144 bytes, new threshold 6 (max threshold 6)
[2020-09-11T17:56:23.282+0000][1][gc,age       ] GC(40) Age table with threshold 6 (max threshold 6)
[2020-09-11T17:56:23.282+0000][1][gc,age       ] GC(40) - age   1:     381192 bytes,     381192 total
[2020-09-11T17:56:23.282+0000][1][gc,age       ] GC(40) - age   2:     300704 bytes,     681896 total
[2020-09-11T17:56:23.282+0000][1][gc,age       ] GC(40) - age   3:     922288 bytes,    1604184 total
[2020-09-11T17:56:23.283+0000][1][gc,age       ] GC(40) - age   4:     263232 bytes,    1867416 total
[2020-09-11T17:56:23.283+0000][1][gc,age       ] GC(40) - age   5:     296856 bytes,    2164272 total
[2020-09-11T17:56:23.283+0000][1][gc,age       ] GC(40) - age   6:     339384 bytes,    2503656 total
[2020-09-11T17:56:23.283+0000][1][gc,heap      ] GC(40) ParNew: 70527K->2447K(76672K)
[2020-09-11T17:56:23.283+0000][1][gc,heap      ] GC(40) CMS: 46138K->46314K(2011968K)
[2020-09-11T17:56:23.283+0000][1][gc,metaspace ] GC(40) Metaspace: 32458K->32458K(1079296K)
[2020-09-11T17:56:23.283+0000][1][gc           ] GC(40) Pause Young (Allocation Failure) 113M->47M(2039M) 58.842ms
[2020-09-11T17:56:23.283+0000][1][gc,cpu       ] GC(40) User=0.01s Sys=0.00s Real=0.06s
[2020-09-11T17:56:23.305+0000][1][safepoint    ] Safepoint "GenCollectForAllocation", Time since last: 378770005 ns, Reaching safepoint: 1991305 ns, At safepoint: 81053400 ns, Total: 83044705 ns
[2020-09-11T17:56:24.199+0000][1][gc,start     ] GC(41) Pause Young (Allocation Failure)
[2020-09-11T17:56:24.199+0000][1][gc,task      ] GC(41) Using 1 workers of 1 for evacuation
[2020-09-11T17:56:24.259+0000][1][gc,age       ] GC(41) Desired survivor size 4358144 bytes, new threshold 6 (max threshold 6)
[2020-09-11T17:56:24.259+0000][1][gc,age       ] GC(41) Age table with threshold 6 (max threshold 6)
[2020-09-11T17:56:24.259+0000][1][gc,age       ] GC(41) - age   1:        344 bytes,        344 total
[2020-09-11T17:56:24.259+0000][1][gc,age       ] GC(41) - age   2:     380864 bytes,     381208 total
[2020-09-11T17:56:24.259+0000][1][gc,age       ] GC(41) - age   3:     300704 bytes,     681912 total
[2020-09-11T17:56:24.259+0000][1][gc,age       ] GC(41) - age   4:     922288 bytes,    1604200 total
[2020-09-11T17:56:24.259+0000][1][gc,age       ] GC(41) - age   5:     263232 bytes,    1867432 total
[2020-09-11T17:56:24.259+0000][1][gc,age       ] GC(41) - age   6:     296856 bytes,    2164288 total
[2020-09-11T17:56:24.259+0000][1][gc,heap      ] GC(41) ParNew: 70607K->2113K(76672K)
[2020-09-11T17:56:24.259+0000][1][gc,heap      ] GC(41) CMS: 46314K->46645K(2011968K)
[2020-09-11T17:56:24.259+0000][1][gc,metaspace ] GC(41) Metaspace: 32458K->32458K(1079296K)
[2020-09-11T17:56:24.259+0000][1][gc           ] GC(41) Pause Young (Allocation Failure) 114M->47M(2039M) 60.306ms
[2020-09-11T17:56:24.259+0000][1][gc,cpu       ] GC(41) User=0.02s Sys=0.00s Real=0.06s
[2020-09-11T17:56:24.289+0000][1][safepoint    ] Safepoint "GenCollectForAllocation", Time since last: 893981699 ns, Reaching safepoint: 103568 ns, At safepoint: 89936051 ns, Total: 90039619 ns
[2020-09-11T17:56:24.777+0000][1][gc,start     ] GC(42) Pause Young (Allocation Failure)
[2020-09-11T17:56:24.777+0000][1][gc,task      ] GC(42) Using 1 workers of 1 for evacuation
[2020-09-11T17:56:24.885+0000][1][gc,age       ] GC(42) Desired survivor size 4358144 bytes, new threshold 6 (max threshold 6)
[2020-09-11T17:56:24.885+0000][1][gc,age       ] GC(42) Age table with threshold 6 (max threshold 6)
[2020-09-11T17:56:24.885+0000][1][gc,age       ] GC(42) - age   1:         96 bytes,         96 total
[2020-09-11T17:56:24.885+0000][1][gc,age       ] GC(42) - age   2:        160 bytes,        256 total
[2020-09-11T17:56:24.885+0000][1][gc,age       ] GC(42) - age   3:     380864 bytes,     381120 total
[2020-09-11T17:56:24.885+0000][1][gc,age       ] GC(42) - age   4:     300704 bytes,     681824 total
[2020-09-11T17:56:24.885+0000][1][gc,age       ] GC(42) - age   5:     922288 bytes,    1604112 total
[2020-09-11T17:56:24.885+0000][1][gc,age       ] GC(42) - age   6:     263232 bytes,    1867344 total
[2020-09-11T17:56:24.885+0000][1][gc,heap      ] GC(42) ParNew: 70273K->1827K(76672K)
[2020-09-11T17:56:24.885+0000][1][gc,heap      ] GC(42) CMS: 46645K->46935K(2011968K)
[2020-09-11T17:56:24.885+0000][1][gc,metaspace ] GC(42) Metaspace: 32458K->32458K(1079296K)
[2020-09-11T17:56:24.885+0000][1][gc           ] GC(42) Pause Young (Allocation Failure) 114M->47M(2039M) 108.480ms
[2020-09-11T17:56:24.885+0000][1][gc,cpu       ] GC(42) User=0.03s Sys=0.00s Real=0.11s
[2020-09-11T17:56:24.885+0000][1][safepoint    ] Safepoint "GenCollectForAllocation", Time since last: 487975331 ns, Reaching safepoint: 99206 ns, At safepoint: 108538871 ns, Total: 108638077 ns
[2020-09-11T17:56:25.337+0000][1][gc,start     ] GC(43) Pause Young (Allocation Failure)
[2020-09-11T17:56:25.337+0000][1][gc,task      ] GC(43) Using 1 workers of 1 for evacuation
[2020-09-11T17:56:25.442+0000][1][gc,age       ] GC(43) Desired survivor size 4358144 bytes, new threshold 6 (max threshold 6)
[2020-09-11T17:56:25.442+0000][1][gc,age       ] GC(43) Age table with threshold 6 (max threshold 6)
[2020-09-11T17:56:25.442+0000][1][gc,age       ] GC(43) - age   1:        176 bytes,        176 total
[2020-09-11T17:56:25.442+0000][1][gc,age       ] GC(43) - age   3:        160 bytes,        336 total
[2020-09-11T17:56:25.442+0000][1][gc,age       ] GC(43) - age   4:     380864 bytes,     381200 total
[2020-09-11T17:56:25.442+0000][1][gc,age       ] GC(43) - age   5:     300704 bytes,     681904 total
[2020-09-11T17:56:25.442+0000][1][gc,age       ] GC(43) - age   6:     922288 bytes,    1604192 total
[2020-09-11T17:56:25.442+0000][1][gc,heap      ] GC(43) ParNew: 69987K->1852K(76672K)
[2020-09-11T17:56:25.442+0000][1][gc,heap      ] GC(43) CMS: 46935K->47192K(2011968K)
[2020-09-11T17:56:25.442+0000][1][gc,metaspace ] GC(43) Metaspace: 32458K->32458K(1079296K)
[2020-09-11T17:56:25.442+0000][1][gc           ] GC(43) Pause Young (Allocation Failure) 114M->47M(2039M) 105.162ms
[2020-09-11T17:56:25.442+0000][1][gc,cpu       ] GC(43) User=0.03s Sys=0.00s Real=0.11s
[2020-09-11T17:56:25.442+0000][1][safepoint    ] Safepoint "GenCollectForAllocation", Time since last: 451354317 ns, Reaching safepoint: 104754 ns, At safepoint: 105224424 ns, Total: 105329178 ns
[2020-09-11T17:56:25.894+0000][1][gc,start     ] GC(44) Pause Young (Allocation Failure)
[2020-09-11T17:56:25.894+0000][1][gc,task      ] GC(44) Using 1 workers of 1 for evacuation
[2020-09-11T17:56:25.984+0000][1][gc,age       ] GC(44) Desired survivor size 4358144 bytes, new threshold 6 (max threshold 6)
[2020-09-11T17:56:25.984+0000][1][gc,age       ] GC(44) Age table with threshold 6 (max threshold 6)
[2020-09-11T17:56:25.984+0000][1][gc,age       ] GC(44) - age   1:        200 bytes,        200 total
[2020-09-11T17:56:25.984+0000][1][gc,age       ] GC(44) - age   4:        160 bytes,        360 total
[2020-09-11T17:56:25.984+0000][1][gc,age       ] GC(44) - age   5:     380864 bytes,     381224 total
[2020-09-11T17:56:25.984+0000][1][gc,age       ] GC(44) - age   6:     300704 bytes,     681928 total
[2020-09-11T17:56:25.984+0000][1][gc,heap      ] GC(44) ParNew: 70012K->806K(76672K)
[2020-09-11T17:56:25.984+0000][1][gc,heap      ] GC(44) CMS: 47192K->48093K(2011968K)
[2020-09-11T17:56:25.984+0000][1][gc,metaspace ] GC(44) Metaspace: 32458K->32458K(1079296K)
[2020-09-11T17:56:25.984+0000][1][gc           ] GC(44) Pause Young (Allocation Failure) 114M->47M(2039M) 90.227ms
[2020-09-11T17:56:25.984+0000][1][gc,cpu       ] GC(44) User=0.02s Sys=0.00s Real=0.09s
[2020-09-11T17:56:25.993+0000][1][safepoint    ] Safepoint "GenCollectForAllocation", Time since last: 451594474 ns, Reaching safepoint: 100361 ns, At safepoint: 98988842 ns, Total: 99089203 ns
[2020-09-11T17:56:26.445+0000][1][gc,start     ] GC(45) Pause Young (Allocation Failure)
[2020-09-11T17:56:26.445+0000][1][gc,task      ] GC(45) Using 1 workers of 1 for evacuation
[2020-09-11T17:56:26.491+0000][1][gc,age       ] GC(45) Desired survivor size 4358144 bytes, new threshold 6 (max threshold 6)
[2020-09-11T17:56:26.491+0000][1][gc,age       ] GC(45) Age table with threshold 6 (max threshold 6)
[2020-09-11T17:56:26.491+0000][1][gc,age       ] GC(45) - age   1:         40 bytes,         40 total
[2020-09-11T17:56:26.491+0000][1][gc,age       ] GC(45) - age   5:        160 bytes,        200 total
[2020-09-11T17:56:26.491+0000][1][gc,age       ] GC(45) - age   6:     380864 bytes,     381064 total
[2020-09-11T17:56:26.491+0000][1][gc,heap      ] GC(45) ParNew: 68966K->491K(76672K)
[2020-09-11T17:56:26.491+0000][1][gc,heap      ] GC(45) CMS: 48093K->48386K(2011968K)
[2020-09-11T17:56:26.491+0000][1][gc,metaspace ] GC(45) Metaspace: 32458K->32458K(1079296K)
[2020-09-11T17:56:26.491+0000][1][gc           ] GC(45) Pause Young (Allocation Failure) 114M->47M(2039M) 45.816ms
[2020-09-11T17:56:26.491+0000][1][gc,cpu       ] GC(45) User=0.02s Sys=0.00s Real=0.04s
[2020-09-11T17:56:26.510+0000][1][safepoint    ] Safepoint "GenCollectForAllocation", Time since last: 450098562 ns, Reaching safepoint: 1916379 ns, At safepoint: 64735594 ns, Total: 66651973 ns
[2020-09-11T17:56:26.902+0000][1][gc,start     ] GC(46) Pause Young (Allocation Failure)
[2020-09-11T17:56:26.902+0000][1][gc,task      ] GC(46) Using 1 workers of 1 for evacuation
[2020-09-11T17:56:26.940+0000][1][gc,age       ] GC(46) Desired survivor size 4358144 bytes, new threshold 6 (max threshold 6)
[2020-09-11T17:56:26.940+0000][1][gc,age       ] GC(46) Age table with threshold 6 (max threshold 6)
[2020-09-11T17:56:26.940+0000][1][gc,age       ] GC(46) - age   1:        184 bytes,        184 total
[2020-09-11T17:56:26.940+0000][1][gc,age       ] GC(46) - age   6:        160 bytes,        344 total
[2020-09-11T17:56:26.940+0000][1][gc,heap      ] GC(46) ParNew: 68651K->340K(76672K)
[2020-09-11T17:56:26.940+0000][1][gc,heap      ] GC(46) CMS: 48386K->48759K(2011968K)
[2020-09-11T17:56:26.940+0000][1][gc,metaspace ] GC(46) Metaspace: 32458K->32458K(1079296K)
[2020-09-11T17:56:26.940+0000][1][gc           ] GC(46) Pause Young (Allocation Failure) 114M->47M(2039M) 38.883ms
[2020-09-11T17:56:26.940+0000][1][gc,cpu       ] GC(46) User=0.02s Sys=0.00s Real=0.03s
[2020-09-11T17:56:26.953+0000][1][safepoint    ] Safepoint "GenCollectForAllocation", Time since last: 391257996 ns, Reaching safepoint: 763705 ns, At safepoint: 51230060 ns, Total: 51993765 ns
[2020-09-11T17:56:27.165+0000][1][gc,start     ] GC(47) Pause Young (Allocation Failure)
[2020-09-11T17:56:27.165+0000][1][gc,task      ] GC(47) Using 1 workers of 1 for evacuation
[2020-09-11T17:56:27.214+0000][1][gc,age       ] GC(47) Desired survivor size 4358144 bytes, new threshold 6 (max threshold 6)
[2020-09-11T17:56:27.214+0000][1][gc,age       ] GC(47) Age table with threshold 6 (max threshold 6)
[2020-09-11T17:56:27.214+0000][1][gc,age       ] GC(47) - age   1:        152 bytes,        152 total
[2020-09-11T17:56:27.214+0000][1][gc,heap      ] GC(47) ParNew: 68500K->85K(76672K)
[2020-09-11T17:56:27.214+0000][1][gc,heap      ] GC(47) CMS: 48759K->48759K(2011968K)
[2020-09-11T17:56:27.214+0000][1][gc,metaspace ] GC(47) Metaspace: 32458K->32458K(1079296K)
[2020-09-11T17:56:27.214+0000][1][gc           ] GC(47) Pause Young (Allocation Failure) 114M->47M(2039M) 49.127ms
[2020-09-11T17:56:27.214+0000][1][gc,cpu       ] GC(47) User=0.01s Sys=0.00s Real=0.05s
[2020-09-11T17:56:27.214+0000][1][safepoint    ] Safepoint "GenCollectForAllocation", Time since last: 210981329 ns, Reaching safepoint: 1014548 ns, At safepoint: 49203907 ns, Total: 50218455 ns
[2020-09-11T17:56:27.425+0000][1][gc,start     ] GC(48) Pause Young (Allocation Failure)
[2020-09-11T17:56:27.425+0000][1][gc,task      ] GC(48) Using 1 workers of 1 for evacuation
[2020-09-11T17:56:27.479+0000][1][gc,age       ] GC(48) Desired survivor size 4358144 bytes, new threshold 6 (max threshold 6)
[2020-09-11T17:56:27.479+0000][1][gc,age       ] GC(48) Age table with threshold 6 (max threshold 6)
[2020-09-11T17:56:27.479+0000][1][gc,age       ] GC(48) - age   1:         72 bytes,         72 total
[2020-09-11T17:56:27.479+0000][1][gc,heap      ] GC(48) ParNew: 68245K->21K(76672K)
[2020-09-11T17:56:27.479+0000][1][gc,heap      ] GC(48) CMS: 48759K->48759K(2011968K)
[2020-09-11T17:56:27.479+0000][1][gc,metaspace ] GC(48) Metaspace: 32458K->32458K(1079296K)
[2020-09-11T17:56:27.479+0000][1][gc           ] GC(48) Pause Young (Allocation Failure) 114M->47M(2039M) 54.161ms
[2020-09-11T17:56:27.479+0000][1][gc,cpu       ] GC(48) User=0.01s Sys=0.00s Real=0.05s
[2020-09-11T17:56:27.479+0000][1][safepoint    ] Safepoint "GenCollectForAllocation", Time since last: 208564163 ns, Reaching safepoint: 2240270 ns, At safepoint: 54212906 ns, Total: 56453176 ns
[2020-09-11T17:56:27.693+0000][1][gc,start     ] GC(49) Pause Young (Allocation Failure)
[2020-09-11T17:56:27.693+0000][1][gc,task      ] GC(49) Using 1 workers of 1 for evacuation
[2020-09-11T17:56:27.743+0000][1][gc,age       ] GC(49) Desired survivor size 4358144 bytes, new threshold 6 (max threshold 6)
[2020-09-11T17:56:27.743+0000][1][gc,age       ] GC(49) Age table with threshold 6 (max threshold 6)
[2020-09-11T17:56:27.743+0000][1][gc,age       ] GC(49) - age   1:         72 bytes,         72 total
[2020-09-11T17:56:27.743+0000][1][gc,heap      ] GC(49) ParNew: 68181K->5K(76672K)
[2020-09-11T17:56:27.743+0000][1][gc,heap      ] GC(49) CMS: 48759K->48759K(2011968K)
[2020-09-11T17:56:27.743+0000][1][gc,metaspace ] GC(49) Metaspace: 32458K->32458K(1079296K)
[2020-09-11T17:56:27.743+0000][1][gc           ] GC(49) Pause Young (Allocation Failure) 114M->47M(2039M) 50.572ms
[2020-09-11T17:56:27.743+0000][1][gc,cpu       ] GC(49) User=0.01s Sys=0.00s Real=0.05s
[2020-09-11T17:56:27.743+0000][1][safepoint    ] Safepoint "GenCollectForAllocation", Time since last: 209067914 ns, Reaching safepoint: 4728522 ns, At safepoint: 50637287 ns, Total: 55365809 ns
[2020-09-11T17:56:28.785+0000][1][safepoint    ] Safepoint "Cleanup", Time since last: 1041349545 ns, Reaching safepoint: 120366 ns, At safepoint: 6544 ns, Total: 126910 ns
[2020-09-11T17:56:30.805+0000][1][safepoint    ] Safepoint "Cleanup", Time since last: 2019976765 ns, Reaching safepoint: 118012 ns, At safepoint: 5851 ns, Total: 123863 ns
[2020-09-11T17:56:30.855+0000][1][gc,start     ] GC(50) Pause Young (Allocation Failure)
[2020-09-11T17:56:30.855+0000][1][gc,task      ] GC(50) Using 1 workers of 1 for evacuation
[2020-09-11T17:56:30.916+0000][1][gc,age       ] GC(50) Desired survivor size 4358144 bytes, new threshold 6 (max threshold 6)
[2020-09-11T17:56:30.916+0000][1][gc,age       ] GC(50) Age table with threshold 6 (max threshold 6)
[2020-09-11T17:56:30.916+0000][1][gc,age       ] GC(50) - age   1:     134176 bytes,     134176 total
[2020-09-11T17:56:30.916+0000][1][gc,heap      ] GC(50) ParNew: 68165K->133K(76672K)
[2020-09-11T17:56:30.916+0000][1][gc,heap      ] GC(50) CMS: 48759K->48759K(2011968K)
[2020-09-11T17:56:30.916+0000][1][gc,metaspace ] GC(50) Metaspace: 32461K->32461K(1079296K)
[2020-09-11T17:56:30.916+0000][1][gc           ] GC(50) Pause Young (Allocation Failure) 114M->47M(2039M) 60.673ms
[2020-09-11T17:56:30.916+0000][1][gc,cpu       ] GC(50) User=0.02s Sys=0.00s Real=0.06s
[2020-09-11T17:56:30.933+0000][1][safepoint    ] Safepoint "GenCollectForAllocation", Time since last: 49952149 ns, Reaching safepoint: 99629 ns, At safepoint: 77719659 ns, Total: 77819288 ns
[2020-09-11T17:56:31.681+0000][1][gc,start     ] GC(51) Pause Young (Allocation Failure)
[2020-09-11T17:56:31.681+0000][1][gc,task      ] GC(51) Using 1 workers of 1 for evacuation
[2020-09-11T17:56:31.719+0000][1][gc,age       ] GC(51) Desired survivor size 4358144 bytes, new threshold 6 (max threshold 6)
[2020-09-11T17:56:31.720+0000][1][gc,age       ] GC(51) Age table with threshold 6 (max threshold 6)
[2020-09-11T17:56:31.720+0000][1][gc,age       ] GC(51) - age   1:     510784 bytes,     510784 total
[2020-09-11T17:56:31.720+0000][1][gc,age       ] GC(51) - age   2:      84320 bytes,     595104 total
[2020-09-11T17:56:31.720+0000][1][gc,heap      ] GC(51) ParNew: 68293K->581K(76672K)
[2020-09-11T17:56:31.720+0000][1][gc,heap      ] GC(51) CMS: 48759K->48759K(2011968K)
[2020-09-11T17:56:31.720+0000][1][gc,metaspace ] GC(51) Metaspace: 32461K->32461K(1079296K)
[2020-09-11T17:56:31.720+0000][1][gc           ] GC(51) Pause Young (Allocation Failure) 114M->48M(2039M) 38.782ms
[2020-09-11T17:56:31.720+0000][1][gc,cpu       ] GC(51) User=0.01s Sys=0.00s Real=0.03s
[2020-09-11T17:56:31.733+0000][1][safepoint    ] Safepoint "GenCollectForAllocation", Time since last: 744012691 ns, Reaching safepoint: 4001906 ns, At safepoint: 51989844 ns, Total: 55991750 ns
[2020-09-11T17:56:32.243+0000][1][gc,start     ] GC(52) Pause Young (Allocation Failure)
[2020-09-11T17:56:32.243+0000][1][gc,task      ] GC(52) Using 1 workers of 1 for evacuation
[2020-09-11T17:56:32.297+0000][1][gc,age       ] GC(52) Desired survivor size 4358144 bytes, new threshold 6 (max threshold 6)
[2020-09-11T17:56:32.297+0000][1][gc,age       ] GC(52) Age table with threshold 6 (max threshold 6)
[2020-09-11T17:56:32.301+0000][1][gc,age       ] GC(52) - age   1:     677184 bytes,     677184 total
[2020-09-11T17:56:32.301+0000][1][gc,age       ] GC(52) - age   2:     340224 bytes,    1017408 total
[2020-09-11T17:56:32.301+0000][1][gc,age       ] GC(52) - age   3:      83544 bytes,    1100952 total
[2020-09-11T17:56:32.301+0000][1][gc,heap      ] GC(52) ParNew: 68741K->1103K(76672K)
[2020-09-11T17:56:32.301+0000][1][gc,heap      ] GC(52) CMS: 48759K->48759K(2011968K)
[2020-09-11T17:56:32.301+0000][1][gc,metaspace ] GC(52) Metaspace: 32461K->32461K(1079296K)
[2020-09-11T17:56:32.301+0000][1][gc           ] GC(52) Pause Young (Allocation Failure) 114M->48M(2039M) 58.194ms
[2020-09-11T17:56:32.301+0000][1][gc,cpu       ] GC(52) User=0.02s Sys=0.00s Real=0.06s
[2020-09-11T17:56:32.301+0000][1][safepoint    ] Safepoint "GenCollectForAllocation", Time since last: 508955548 ns, Reaching safepoint: 895029 ns, At safepoint: 58248202 ns, Total: 59143231 ns
[2020-09-11T17:56:32.709+0000][1][gc,start     ] GC(53) Pause Young (Allocation Failure)
[2020-09-11T17:56:32.709+0000][1][gc,task      ] GC(53) Using 1 workers of 1 for evacuation
[2020-09-11T17:56:32.754+0000][1][gc,age       ] GC(53) Desired survivor size 4358144 bytes, new threshold 6 (max threshold 6)
[2020-09-11T17:56:32.754+0000][1][gc,age       ] GC(53) Age table with threshold 6 (max threshold 6)
[2020-09-11T17:56:32.754+0000][1][gc,age       ] GC(53) - age   1:     315240 bytes,     315240 total
[2020-09-11T17:56:32.754+0000][1][gc,age       ] GC(53) - age   2:     661000 bytes,     976240 total
[2020-09-11T17:56:32.754+0000][1][gc,age       ] GC(53) - age   3:     339816 bytes,    1316056 total
[2020-09-11T17:56:32.754+0000][1][gc,age       ] GC(53) - age   4:      82880 bytes,    1398936 total
[2020-09-11T17:56:32.754+0000][1][gc,heap      ] GC(53) ParNew: 69263K->1400K(76672K)
[2020-09-11T17:56:32.755+0000][1][gc,heap      ] GC(53) CMS: 48759K->48759K(2011968K)
[2020-09-11T17:56:32.755+0000][1][gc,metaspace ] GC(53) Metaspace: 32461K->32461K(1079296K)
[2020-09-11T17:56:32.755+0000][1][gc           ] GC(53) Pause Young (Allocation Failure) 115M->48M(2039M) 45.745ms
[2020-09-11T17:56:32.755+0000][1][gc,cpu       ] GC(53) User=0.01s Sys=0.00s Real=0.05s
[2020-09-11T17:56:32.769+0000][1][safepoint    ] Safepoint "GenCollectForAllocation", Time since last: 403885748 ns, Reaching safepoint: 4003790 ns, At safepoint: 60002849 ns, Total: 64006639 ns
[2020-09-11T17:56:33.301+0000][1][gc,start     ] GC(54) Pause Young (Allocation Failure)
[2020-09-11T17:56:33.301+0000][1][gc,task      ] GC(54) Using 1 workers of 1 for evacuation
[2020-09-11T17:56:33.355+0000][1][gc,age       ] GC(54) Desired survivor size 4358144 bytes, new threshold 6 (max threshold 6)
[2020-09-11T17:56:33.355+0000][1][gc,age       ] GC(54) Age table with threshold 6 (max threshold 6)
[2020-09-11T17:56:33.355+0000][1][gc,age       ] GC(54) - age   1:     931432 bytes,     931432 total
[2020-09-11T17:56:33.355+0000][1][gc,age       ] GC(54) - age   2:     302360 bytes,    1233792 total
[2020-09-11T17:56:33.355+0000][1][gc,age       ] GC(54) - age   3:     332336 bytes,    1566128 total
[2020-09-11T17:56:33.355+0000][1][gc,age       ] GC(54) - age   4:     339816 bytes,    1905944 total
[2020-09-11T17:56:33.355+0000][1][gc,age       ] GC(54) - age   5:      82720 bytes,    1988664 total
[2020-09-11T17:56:33.355+0000][1][gc,heap      ] GC(54) ParNew: 69560K->1950K(76672K)
[2020-09-11T17:56:33.355+0000][1][gc,heap      ] GC(54) CMS: 48759K->48759K(2011968K)
[2020-09-11T17:56:33.355+0000][1][gc,metaspace ] GC(54) Metaspace: 32461K->32461K(1079296K)
[2020-09-11T17:56:33.355+0000][1][gc           ] GC(54) Pause Young (Allocation Failure) 115M->49M(2039M) 54.026ms
[2020-09-11T17:56:33.355+0000][1][gc,cpu       ] GC(54) User=0.01s Sys=0.00s Real=0.05s
[2020-09-11T17:56:33.355+0000][1][safepoint    ] Safepoint "GenCollectForAllocation", Time since last: 527632216 ns, Reaching safepoint: 4377802 ns, At safepoint: 54083922 ns, Total: 58461724 ns
[2020-09-11T17:56:33.801+0000][1][gc,start     ] GC(55) Pause Young (Allocation Failure)
[2020-09-11T17:56:33.801+0000][1][gc,task      ] GC(55) Using 1 workers of 1 for evacuation
[2020-09-11T17:56:33.850+0000][1][gc,age       ] GC(55) Desired survivor size 4358144 bytes, new threshold 6 (max threshold 6)
[2020-09-11T17:56:33.850+0000][1][gc,age       ] GC(55) Age table with threshold 6 (max threshold 6)
[2020-09-11T17:56:33.850+0000][1][gc,age       ] GC(55) - age   1:     347216 bytes,     347216 total
[2020-09-11T17:56:33.850+0000][1][gc,age       ] GC(55) - age   2:     919504 bytes,    1266720 total
[2020-09-11T17:56:33.850+0000][1][gc,age       ] GC(55) - age   3:     298416 bytes,    1565136 total
[2020-09-11T17:56:33.850+0000][1][gc,age       ] GC(55) - age   4:     331856 bytes,    1896992 total
[2020-09-11T17:56:33.850+0000][1][gc,age       ] GC(55) - age   5:     339688 bytes,    2236680 total
[2020-09-11T17:56:33.850+0000][1][gc,age       ] GC(55) - age   6:      82696 bytes,    2319376 total
[2020-09-11T17:56:33.850+0000][1][gc,heap      ] GC(55) ParNew: 70110K->2352K(76672K)
[2020-09-11T17:56:33.850+0000][1][gc,heap      ] GC(55) CMS: 48759K->48759K(2011968K)
[2020-09-11T17:56:33.850+0000][1][gc,metaspace ] GC(55) Metaspace: 32461K->32461K(1079296K)
[2020-09-11T17:56:33.850+0000][1][gc           ] GC(55) Pause Young (Allocation Failure) 116M->49M(2039M) 48.993ms
[2020-09-11T17:56:33.850+0000][1][gc,cpu       ] GC(55) User=0.01s Sys=0.00s Real=0.04s
[2020-09-11T17:56:33.850+0000][1][safepoint    ] Safepoint "GenCollectForAllocation", Time since last: 441932037 ns, Reaching safepoint: 3977802 ns, At safepoint: 49066530 ns, Total: 53044332 ns
[2020-09-11T17:56:34.881+0000][1][safepoint    ] Safepoint "Cleanup", Time since last: 1030936695 ns, Reaching safepoint: 107860 ns, At safepoint: 6420 ns, Total: 114280 ns
[2020-09-11T17:56:35.221+0000][1][safepoint    ] Safepoint "Deoptimize", Time since last: 339895740 ns, Reaching safepoint: 114968 ns, At safepoint: 339284 ns, Total: 454252 ns
[2020-09-11T17:56:35.777+0000][1][safepoint    ] Safepoint "CollectForMetadataAllocation", Time since last: 555547731 ns, Reaching safepoint: 158159 ns, At safepoint: 129834 ns, Total: 287993 ns
[2020-09-11T17:56:35.865+0000][1][gc,start     ] GC(56) Pause Initial Mark
[2020-09-11T17:56:35.946+0000][1][gc           ] GC(56) Pause Initial Mark 109M->109M(2039M) 81.526ms
[2020-09-11T17:56:35.946+0000][1][gc,cpu       ] GC(56) User=0.02s Sys=0.00s Real=0.08s
[2020-09-11T17:56:35.981+0000][1][safepoint    ] Safepoint "CMS_Initial_Mark", Time since last: 87549785 ns, Reaching safepoint: 109756 ns, At safepoint: 116011554 ns, Total: 116121310 ns
[2020-09-11T17:56:35.981+0000][1][gc           ] GC(56) Concurrent Mark
[2020-09-11T17:56:36.067+0000][1][safepoint    ] Safepoint "CollectForMetadataAllocation", Time since last: 72369366 ns, Reaching safepoint: 14038330 ns, At safepoint: 111628 ns, Total: 14149958 ns
[2020-09-11T17:56:36.333+0000][1][safepoint    ] Safepoint "CollectForMetadataAllocation", Time since last: 265601697 ns, Reaching safepoint: 52630 ns, At safepoint: 95443 ns, Total: 148073 ns
[2020-09-11T17:56:36.453+0000][1][safepoint    ] Safepoint "CollectForMetadataAllocation", Time since last: 110681333 ns, Reaching safepoint: 9106414 ns, At safepoint: 140087 ns, Total: 9246501 ns
[2020-09-11T17:56:36.582+0000][1][gc           ] GC(56) Concurrent Mark 600.825ms
[2020-09-11T17:56:36.582+0000][1][gc,cpu       ] GC(56) User=0.14s Sys=0.01s Real=0.60s
[2020-09-11T17:56:36.582+0000][1][gc           ] GC(56) Concurrent Preclean
[2020-09-11T17:56:36.618+0000][1][gc           ] GC(56) Concurrent Preclean 36.654ms
[2020-09-11T17:56:36.618+0000][1][gc,cpu       ] GC(56) User=0.01s Sys=0.00s Real=0.03s
[2020-09-11T17:56:36.618+0000][1][gc           ] GC(56) Concurrent Abortable Preclean
[2020-09-11T17:56:36.648+0000][1][safepoint    ] Safepoint "CollectForMetadataAllocation", Time since last: 180750497 ns, Reaching safepoint: 13850593 ns, At safepoint: 114610 ns, Total: 13965203 ns
[2020-09-11T17:56:36.869+0000][1][gc,start     ] GC(57) Pause Young (Allocation Failure)
[2020-09-11T17:56:36.870+0000][1][gc,task      ] GC(57) Using 1 workers of 1 for evacuation
[2020-09-11T17:56:36.876+0000][1][gc           ] GC(56) Concurrent Abortable Preclean 257.470ms
[2020-09-11T17:56:36.876+0000][1][gc,cpu       ] GC(56) User=0.06s Sys=0.00s Real=0.26s
[2020-09-11T17:56:37.014+0000][1][gc,age       ] GC(57) Desired survivor size 4358144 bytes, new threshold 6 (max threshold 6)
[2020-09-11T17:56:37.014+0000][1][gc,age       ] GC(57) Age table with threshold 6 (max threshold 6)
[2020-09-11T17:56:37.014+0000][1][gc,age       ] GC(57) - age   1:    1314200 bytes,    1314200 total
[2020-09-11T17:56:37.014+0000][1][gc,age       ] GC(57) - age   2:     334104 bytes,    1648304 total
[2020-09-11T17:56:37.014+0000][1][gc,age       ] GC(57) - age   3:     918808 bytes,    2567112 total
[2020-09-11T17:56:37.014+0000][1][gc,age       ] GC(57) - age   4:     297792 bytes,    2864904 total
[2020-09-11T17:56:37.014+0000][1][gc,age       ] GC(57) - age   5:     331448 bytes,    3196352 total
[2020-09-11T17:56:37.014+0000][1][gc,age       ] GC(57) - age   6:     339688 bytes,    3536040 total
[2020-09-11T17:56:37.014+0000][1][gc,heap      ] GC(57) ParNew: 70512K->3457K(76672K)
[2020-09-11T17:56:37.014+0000][1][gc,heap      ] GC(57) CMS: 48759K->48837K(2011968K)
[2020-09-11T17:56:37.014+0000][1][gc,metaspace ] GC(57) Metaspace: 36164K->36164K(1083392K)
[2020-09-11T17:56:37.014+0000][1][gc           ] GC(57) Pause Young (Allocation Failure) 116M->51M(2039M) 144.382ms
[2020-09-11T17:56:37.014+0000][1][gc,cpu       ] GC(57) User=0.04s Sys=0.00s Real=0.15s
[2020-09-11T17:56:37.014+0000][1][safepoint    ] Safepoint "GenCollectForAllocation", Time since last: 221697521 ns, Reaching safepoint: 93856 ns, At safepoint: 144439444 ns, Total: 144533300 ns
[2020-09-11T17:56:37.029+0000][1][safepoint    ] Safepoint "CollectForMetadataAllocation", Time since last: 14895369 ns, Reaching safepoint: 32333 ns, At safepoint: 123101 ns, Total: 155434 ns
[2020-09-11T17:56:37.069+0000][1][gc,start     ] GC(56) Pause Remark
[2020-09-11T17:56:37.134+0000][1][gc           ] GC(56) Pause Remark 52M->52M(2039M) 65.539ms
[2020-09-11T17:56:37.134+0000][1][gc,cpu       ] GC(56) User=0.02s Sys=0.00s Real=0.07s
[2020-09-11T17:56:37.193+0000][1][safepoint    ] Safepoint "CMS_Final_Remark", Time since last: 31832667 ns, Reaching safepoint: 8027407 ns, At safepoint: 123949850 ns, Total: 131977257 ns
[2020-09-11T17:56:37.193+0000][1][gc           ] GC(56) Concurrent Sweep
[2020-09-11T17:56:37.307+0000][1][gc           ] GC(56) Concurrent Sweep 114.633ms
[2020-09-11T17:56:37.308+0000][1][gc,cpu       ] GC(56) User=0.03s Sys=0.00s Real=0.11s
[2020-09-11T17:56:37.308+0000][1][gc           ] GC(56) Concurrent Reset
[2020-09-11T17:56:37.336+0000][1][gc           ] GC(56) Concurrent Reset 28.305ms
[2020-09-11T17:56:37.336+0000][1][gc,cpu       ] GC(56) User=0.01s Sys=0.00s Real=0.03s
[2020-09-11T17:56:37.336+0000][1][gc,heap      ] GC(56) Old: 48759K->47781K(2011968K)
[2020-09-11T17:56:37.781+0000][1][gc,start     ] GC(58) Pause Young (Allocation Failure)
[2020-09-11T17:56:37.781+0000][1][gc,task      ] GC(58) Using 1 workers of 1 for evacuation
[2020-09-11T17:56:37.853+0000][1][gc,age       ] GC(58) Desired survivor size 4358144 bytes, new threshold 6 (max threshold 6)
[2020-09-11T17:56:37.853+0000][1][gc,age       ] GC(58) Age table with threshold 6 (max threshold 6)
[2020-09-11T17:56:37.853+0000][1][gc,age       ] GC(58) - age   1:     240016 bytes,     240016 total
[2020-09-11T17:56:37.853+0000][1][gc,age       ] GC(58) - age   2:    1276320 bytes,    1516336 total
[2020-09-11T17:56:37.853+0000][1][gc,age       ] GC(58) - age   3:     334104 bytes,    1850440 total
[2020-09-11T17:56:37.853+0000][1][gc,age       ] GC(58) - age   4:     918808 bytes,    2769248 total
[2020-09-11T17:56:37.853+0000][1][gc,age       ] GC(58) - age   5:     297792 bytes,    3067040 total
[2020-09-11T17:56:37.853+0000][1][gc,age       ] GC(58) - age   6:     331280 bytes,    3398320 total
[2020-09-11T17:56:37.853+0000][1][gc,heap      ] GC(58) ParNew: 71617K->3507K(76672K)
[2020-09-11T17:56:37.853+0000][1][gc,heap      ] GC(58) CMS: 47781K->48113K(2011968K)
[2020-09-11T17:56:37.853+0000][1][gc,metaspace ] GC(58) Metaspace: 36236K->36236K(1083392K)
[2020-09-11T17:56:37.853+0000][1][gc           ] GC(58) Pause Young (Allocation Failure) 116M->50M(2039M) 72.085ms
[2020-09-11T17:56:37.853+0000][1][gc,cpu       ] GC(58) User=0.02s Sys=0.00s Real=0.07s
[2020-09-11T17:56:37.865+0000][1][safepoint    ] Safepoint "GenCollectForAllocation", Time since last: 584048793 ns, Reaching safepoint: 4352169 ns, At safepoint: 83631503 ns, Total: 87983672 ns
[2020-09-11T17:56:38.219+0000][1][safepoint    ] Safepoint "RevokeBias", Time since last: 353692835 ns, Reaching safepoint: 116578 ns, At safepoint: 34304 ns, Total: 150882 ns
[2020-09-11T17:56:39.225+0000][1][safepoint    ] Safepoint "Cleanup", Time since last: 1006163841 ns, Reaching safepoint: 131947 ns, At safepoint: 5987 ns, Total: 137934 ns
[2020-09-11T17:56:40.225+0000][1][safepoint    ] Safepoint "Cleanup", Time since last: 1000104705 ns, Reaching safepoint: 108284 ns, At safepoint: 5630 ns, Total: 113914 ns
[2020-09-11T17:56:41.231+0000][1][safepoint    ] Safepoint "Cleanup", Time since last: 1005712306 ns, Reaching safepoint: 123935 ns, At safepoint: 7470 ns, Total: 131405 ns
[2020-09-11T17:56:42.239+0000][1][safepoint    ] Safepoint "Cleanup", Time since last: 1007226535 ns, Reaching safepoint: 663947 ns, At safepoint: 7440 ns, Total: 671387 ns
[2020-09-11T17:56:42.330+0000][1][gc,start     ] GC(59) Pause Young (Allocation Failure)
[2020-09-11T17:56:42.330+0000][1][gc,task      ] GC(59) Using 1 workers of 1 for evacuation
[2020-09-11T17:56:42.430+0000][1][gc,age       ] GC(59) Desired survivor size 4358144 bytes, new threshold 4 (max threshold 6)
[2020-09-11T17:56:42.430+0000][1][gc,age       ] GC(59) Age table with threshold 4 (max threshold 6)
[2020-09-11T17:56:42.430+0000][1][gc,age       ] GC(59) - age   1:    2647032 bytes,    2647032 total
[2020-09-11T17:56:42.430+0000][1][gc,age       ] GC(59) - age   2:     195920 bytes,    2842952 total
[2020-09-11T17:56:42.430+0000][1][gc,age       ] GC(59) - age   3:    1272408 bytes,    4115360 total
[2020-09-11T17:56:42.430+0000][1][gc,age       ] GC(59) - age   4:     334104 bytes,    4449464 total
[2020-09-11T17:56:42.430+0000][1][gc,age       ] GC(59) - age   5:     918808 bytes,    5368272 total
[2020-09-11T17:56:42.430+0000][1][gc,age       ] GC(59) - age   6:     297792 bytes,    5666064 total
[2020-09-11T17:56:42.430+0000][1][gc,heap      ] GC(59) ParNew: 71667K->8124K(76672K)
[2020-09-11T17:56:42.430+0000][1][gc,heap      ] GC(59) CMS: 48113K->48436K(2011968K)
[2020-09-11T17:56:42.430+0000][1][gc,metaspace ] GC(59) Metaspace: 41827K->41827K(1087488K)
[2020-09-11T17:56:42.430+0000][1][gc           ] GC(59) Pause Young (Allocation Failure) 116M->55M(2039M) 99.881ms
[2020-09-11T17:56:42.430+0000][1][gc,cpu       ] GC(59) User=0.03s Sys=0.00s Real=0.10s
[2020-09-11T17:56:42.457+0000][1][safepoint    ] Safepoint "GenCollectForAllocation", Time since last: 90962555 ns, Reaching safepoint: 97926 ns, At safepoint: 126857064 ns, Total: 126954990 ns
[2020-09-11T17:56:43.501+0000][1][safepoint    ] Safepoint "Cleanup", Time since last: 1028050387 ns, Reaching safepoint: 15956911 ns, At safepoint: 23183 ns, Total: 15980094 ns
[2020-09-11T17:56:44.509+0000][1][safepoint    ] Safepoint "Cleanup", Time since last: 1007921871 ns, Reaching safepoint: 121435 ns, At safepoint: 6361 ns, Total: 127796 ns
[2020-09-11T17:56:44.810+0000][1][safepoint    ] Safepoint "RevokeBias", Time since last: 300343515 ns, Reaching safepoint: 497770 ns, At safepoint: 7119 ns, Total: 504889 ns
[2020-09-11T17:56:45.825+0000][1][safepoint    ] Safepoint "Cleanup", Time since last: 1003019847 ns, Reaching safepoint: 12043976 ns, At safepoint: 12146 ns, Total: 12056122 ns
[2020-09-11T17:56:49.805+0000][1][safepoint    ] Safepoint "RevokeBias", Time since last: 3977309306 ns, Reaching safepoint: 2663633 ns, At safepoint: 51676 ns, Total: 2715309 ns
[2020-09-11T17:56:49.809+0000][1][safepoint    ] Safepoint "RevokeBias", Time since last: 265079 ns, Reaching safepoint: 3702536 ns, At safepoint: 57750 ns, Total: 3760286 ns
[2020-09-11T17:56:49.810+0000][1][safepoint    ] Safepoint "RevokeBias", Time since last: 147642 ns, Reaching safepoint: 974131 ns, At safepoint: 41069 ns, Total: 1015200 ns
[2020-09-11T17:56:49.813+0000][1][safepoint    ] Safepoint "RevokeBias", Time since last: 44923 ns, Reaching safepoint: 2731039 ns, At safepoint: 55790 ns, Total: 2786829 ns
[2020-09-11T17:56:49.814+0000][1][safepoint    ] Safepoint "RevokeBias", Time since last: 73447 ns, Reaching safepoint: 698772 ns, At safepoint: 40474 ns, Total: 739246 ns
[2020-09-11T17:56:49.814+0000][1][safepoint    ] Safepoint "RevokeBias", Time since last: 40257 ns, Reaching safepoint: 84440 ns, At safepoint: 32886 ns, Total: 117326 ns
[2020-09-11T17:56:49.814+0000][1][safepoint    ] Safepoint "RevokeBias", Time since last: 29944 ns, Reaching safepoint: 83488 ns, At safepoint: 32093 ns, Total: 115581 ns
[2020-09-11T17:56:49.814+0000][1][safepoint    ] Safepoint "RevokeBias", Time since last: 29653 ns, Reaching safepoint: 83104 ns, At safepoint: 32589 ns, Total: 115693 ns
[2020-09-11T17:56:49.815+0000][1][safepoint    ] Safepoint "RevokeBias", Time since last: 32456 ns, Reaching safepoint: 415165 ns, At safepoint: 31417 ns, Total: 446582 ns
[2020-09-11T17:56:49.815+0000][1][safepoint    ] Safepoint "RevokeBias", Time since last: 29569 ns, Reaching safepoint: 732072 ns, At safepoint: 36253 ns, Total: 768325 ns
[2020-09-11T17:56:49.816+0000][1][safepoint    ] Safepoint "RevokeBias", Time since last: 46929 ns, Reaching safepoint: 85233 ns, At safepoint: 32644 ns, Total: 117877 ns
[2020-09-11T17:56:49.816+0000][1][safepoint    ] Safepoint "RevokeBias", Time since last: 30448 ns, Reaching safepoint: 333896 ns, At safepoint: 33738 ns, Total: 367634 ns
[2020-09-11T17:56:49.816+0000][1][safepoint    ] Safepoint "RevokeBias", Time since last: 35634 ns, Reaching safepoint: 84549 ns, At safepoint: 40409 ns, Total: 124958 ns
[2020-09-11T17:56:49.816+0000][1][safepoint    ] Safepoint "RevokeBias", Time since last: 26628 ns, Reaching safepoint: 80773 ns, At safepoint: 38291 ns, Total: 119064 ns
[2020-09-11T17:56:49.817+0000][1][safepoint    ] Safepoint "RevokeBias", Time since last: 102863 ns, Reaching safepoint: 392541 ns, At safepoint: 41040 ns, Total: 433581 ns
[2020-09-11T17:56:49.818+0000][1][safepoint    ] Safepoint "RevokeBias", Time since last: 48561 ns, Reaching safepoint: 616251 ns, At safepoint: 46040 ns, Total: 662291 ns
[2020-09-11T17:56:49.818+0000][1][safepoint    ] Safepoint "RevokeBias", Time since last: 108845 ns, Reaching safepoint: 83714 ns, At safepoint: 38920 ns, Total: 122634 ns
[2020-09-11T17:56:52.829+0000][1][safepoint    ] Safepoint "Cleanup", Time since last: 3011009716 ns, Reaching safepoint: 110979 ns, At safepoint: 6213 ns, Total: 117192 ns
[2020-09-11T17:56:53.993+0000][1][safepoint    ] Safepoint "Cleanup", Time since last: 1163892830 ns, Reaching safepoint: 52371 ns, At safepoint: 6552 ns, Total: 58923 ns
[2020-09-11T17:56:54.181+0000][1][safepoint    ] Safepoint "RevokeBias", Time since last: 187961065 ns, Reaching safepoint: 102022 ns, At safepoint: 14868 ns, Total: 116890 ns
[2020-09-11T17:56:55.181+0000][1][safepoint    ] Safepoint "Cleanup", Time since last: 1000394100 ns, Reaching safepoint: 127667 ns, At safepoint: 6276 ns, Total: 133943 ns
[2020-09-11T17:56:55.537+0000][1][gc,start     ] GC(60) Pause Young (Allocation Failure)
[2020-09-11T17:56:55.537+0000][1][gc,task      ] GC(60) Using 1 workers of 1 for evacuation
[2020-09-11T17:56:55.683+0000][1][gc,age       ] GC(60) Desired survivor size 4358144 bytes, new threshold 2 (max threshold 6)
[2020-09-11T17:56:55.683+0000][1][gc,age       ] GC(60) Age table with threshold 2 (max threshold 6)
[2020-09-11T17:56:55.683+0000][1][gc,age       ] GC(60) - age   1:    2736496 bytes,    2736496 total
[2020-09-11T17:56:55.683+0000][1][gc,age       ] GC(60) - age   2:    2564936 bytes,    5301432 total
[2020-09-11T17:56:55.683+0000][1][gc,age       ] GC(60) - age   3:     195920 bytes,    5497352 total
[2020-09-11T17:56:55.683+0000][1][gc,age       ] GC(60) - age   4:    1271696 bytes,    6769048 total
[2020-09-11T17:56:55.683+0000][1][gc,heap      ] GC(60) ParNew: 76284K->8512K(76672K)
[2020-09-11T17:56:55.683+0000][1][gc,heap      ] GC(60) CMS: 48436K->49951K(2011968K)
[2020-09-11T17:56:55.683+0000][1][gc,metaspace ] GC(60) Metaspace: 47629K->47629K(1093632K)
[2020-09-11T17:56:55.683+0000][1][gc           ] GC(60) Pause Young (Allocation Failure) 121M->57M(2039M) 146.452ms
[2020-09-11T17:56:55.683+0000][1][gc,cpu       ] GC(60) User=0.05s Sys=0.00s Real=0.15s
[2020-09-11T17:56:55.700+0000][1][safepoint    ] Safepoint "GenCollectForAllocation", Time since last: 355346565 ns, Reaching safepoint: 126223 ns, At safepoint: 163071174 ns, Total: 163197397 ns
[2020-09-11T17:56:55.767+0000][1][safepoint    ] Safepoint "RevokeBias", Time since last: 66791424 ns, Reaching safepoint: 104753 ns, At safepoint: 15131 ns, Total: 119884 ns
[2020-09-11T17:56:55.767+0000][1][safepoint    ] Safepoint "RevokeBias", Time since last: 65857 ns, Reaching safepoint: 87816 ns, At safepoint: 11113 ns, Total: 98929 ns
[2020-09-11T17:56:56.030+0000][1][safepoint    ] Safepoint "RevokeBias", Time since last: 262853205 ns, Reaching safepoint: 70775 ns, At safepoint: 31649 ns, Total: 102424 ns
[2020-09-11T17:56:56.070+0000][1][safepoint    ] Safepoint "RevokeBias", Time since last: 39447445 ns, Reaching safepoint: 99568 ns, At safepoint: 41670 ns, Total: 141238 ns
[2020-09-11T17:56:56.943+0000][1][safepoint    ] Safepoint "RevokeBias", Time since last: 861942068 ns, Reaching safepoint: 9170177 ns, At safepoint: 2320625 ns, Total: 11490802 ns
[2020-09-11T17:56:56.943+0000][1][safepoint    ] Safepoint "RevokeBias", Time since last: 213343 ns, Reaching safepoint: 100931 ns, At safepoint: 30456 ns, Total: 131387 ns
[2020-09-11T17:56:56.944+0000][1][safepoint    ] Safepoint "RevokeBias", Time since last: 42128 ns, Reaching safepoint: 81329 ns, At safepoint: 21403 ns, Total: 102732 ns
[2020-09-11T17:56:57.320+0000][1][safepoint    ] Safepoint "RevokeBias", Time since last: 376825644 ns, Reaching safepoint: 115952 ns, At safepoint: 32032 ns, Total: 147984 ns
[2020-09-11T17:56:57.321+0000][1][safepoint    ] Safepoint "RevokeBias", Time since last: 104140 ns, Reaching safepoint: 82430 ns, At safepoint: 19975 ns, Total: 102405 ns
[2020-09-11T17:56:57.327+0000][1][safepoint    ] Safepoint "RevokeBias", Time since last: 5683407 ns, Reaching safepoint: 107016 ns, At safepoint: 30390 ns, Total: 137406 ns
[2020-09-11T17:56:57.328+0000][1][safepoint    ] Safepoint "RevokeBias", Time since last: 866197 ns, Reaching safepoint: 88781 ns, At safepoint: 26633 ns, Total: 115414 ns
[2020-09-11T17:56:57.337+0000][1][safepoint    ] Safepoint "RevokeBias", Time since last: 9292719 ns, Reaching safepoint: 118506 ns, At safepoint: 37301 ns, Total: 155807 ns
[2020-09-11T17:56:57.338+0000][1][safepoint    ] Safepoint "RevokeBias", Time since last: 1118780 ns, Reaching safepoint: 96500 ns, At safepoint: 19548 ns, Total: 116048 ns
[2020-09-11T17:56:57.349+0000][1][safepoint    ] Safepoint "RevokeBias", Time since last: 10700684 ns, Reaching safepoint: 103877 ns, At safepoint: 35320 ns, Total: 139197 ns
[2020-09-11T17:56:57.349+0000][1][safepoint    ] Safepoint "RevokeBias", Time since last: 130250 ns, Reaching safepoint: 83535 ns, At safepoint: 19376 ns, Total: 102911 ns
[2020-09-11T17:56:57.358+0000][1][safepoint    ] Safepoint "RevokeBias", Time since last: 7514785 ns, Reaching safepoint: 723404 ns, At safepoint: 32996 ns, Total: 756400 ns
[2020-09-11T17:56:57.358+0000][1][safepoint    ] Safepoint "RevokeBias", Time since last: 589084 ns, Reaching safepoint: 87988 ns, At safepoint: 24889 ns, Total: 112877 ns
[2020-09-11T17:56:57.358+0000][1][safepoint    ] Safepoint "RevokeBias", Time since last: 35349 ns, Reaching safepoint: 82091 ns, At safepoint: 20165 ns, Total: 102256 ns
[2020-09-11T17:56:57.359+0000][1][safepoint    ] Safepoint "RevokeBias", Time since last: 31847 ns, Reaching safepoint: 81345 ns, At safepoint: 19042 ns, Total: 100387 ns
[2020-09-11T17:56:57.369+0000][1][safepoint    ] Safepoint "RevokeBias", Time since last: 30835 ns, Reaching safepoint: 10271153 ns, At safepoint: 51082 ns, Total: 10322235 ns
[2020-09-11T17:56:57.369+0000][1][safepoint    ] Safepoint "RevokeBias", Time since last: 67796 ns, Reaching safepoint: 85747 ns, At safepoint: 25255 ns, Total: 111002 ns
[2020-09-11T17:56:57.369+0000][1][safepoint    ] Safepoint "RevokeBias", Time since last: 37991 ns, Reaching safepoint: 83093 ns, At safepoint: 25770 ns, Total: 108863 ns
[2020-09-11T17:56:57.369+0000][1][safepoint    ] Safepoint "BulkRevokeBias", Time since last: 37158 ns, Reaching safepoint: 81866 ns, At safepoint: 69374 ns, Total: 151240 ns
[2020-09-11T17:56:57.370+0000][1][safepoint    ] Safepoint "RevokeBias", Time since last: 76635 ns, Reaching safepoint: 84641 ns, At safepoint: 20371 ns, Total: 105012 ns
[2020-09-11T17:56:57.370+0000][1][safepoint    ] Safepoint "RevokeBias", Time since last: 42787 ns, Reaching safepoint: 84878 ns, At safepoint: 25414 ns, Total: 110292 ns
[2020-09-11T17:56:57.409+0000][1][safepoint    ] Safepoint "RevokeBias", Time since last: 39078107 ns, Reaching safepoint: 116940 ns, At safepoint: 53296 ns, Total: 170236 ns
[2020-09-11T17:56:57.409+0000][1][safepoint    ] Safepoint "RevokeBias", Time since last: 67452 ns, Reaching safepoint: 13234 ns, At safepoint: 11372 ns, Total: 24606 ns
[2020-09-11T17:56:57.409+0000][1][safepoint    ] Safepoint "RevokeBias", Time since last: 27728 ns, Reaching safepoint: 11424 ns, At safepoint: 10810 ns, Total: 22234 ns
[2020-09-11T17:56:57.453+0000][1][safepoint    ] Safepoint "RevokeBias", Time since last: 29974580 ns, Reaching safepoint: 13520409 ns, At safepoint: 44113 ns, Total: 13564522 ns
[2020-09-11T17:56:57.457+0000][1][safepoint    ] Safepoint "RevokeBias", Time since last: 4155861 ns, Reaching safepoint: 111525 ns, At safepoint: 39517 ns, Total: 151042 ns
[2020-09-11T17:56:57.457+0000][1][safepoint    ] Safepoint "RevokeBias", Time since last: 53218 ns, Reaching safepoint: 82519 ns, At safepoint: 22854 ns, Total: 105373 ns
[2020-09-11T17:56:57.457+0000][1][safepoint    ] Safepoint "RevokeBias", Time since last: 30538 ns, Reaching safepoint: 84863 ns, At safepoint: 21383 ns, Total: 106246 ns
[2020-09-11T17:56:57.457+0000][1][safepoint    ] Safepoint "RevokeBias", Time since last: 30354 ns, Reaching safepoint: 82412 ns, At safepoint: 22063 ns, Total: 104475 ns
[2020-09-11T17:56:57.458+0000][1][safepoint    ] Safepoint "RevokeBias", Time since last: 27995 ns, Reaching safepoint: 81508 ns, At safepoint: 21615 ns, Total: 103123 ns
[2020-09-11T17:56:57.458+0000][1][safepoint    ] Safepoint "RevokeBias", Time since last: 27324 ns, Reaching safepoint: 82546 ns, At safepoint: 20853 ns, Total: 103399 ns
[2020-09-11T17:56:57.458+0000][1][safepoint    ] Safepoint "RevokeBias", Time since last: 30139 ns, Reaching safepoint: 81512 ns, At safepoint: 25442 ns, Total: 106954 ns
[2020-09-11T17:56:57.461+0000][1][safepoint    ] Safepoint "RevokeBias", Time since last: 27932 ns, Reaching safepoint: 2971988 ns, At safepoint: 26275 ns, Total: 2998263 ns
[2020-09-11T17:56:57.461+0000][1][safepoint    ] Safepoint "RevokeBias", Time since last: 33979 ns, Reaching safepoint: 83837 ns, At safepoint: 21423 ns, Total: 105260 ns
[2020-09-11T17:56:57.461+0000][1][safepoint    ] Safepoint "RevokeBias", Time since last: 27557 ns, Reaching safepoint: 81453 ns, At safepoint: 20426 ns, Total: 101879 ns
[2020-09-11T17:56:57.461+0000][1][safepoint    ] Safepoint "RevokeBias", Time since last: 27120 ns, Reaching safepoint: 85211 ns, At safepoint: 27969 ns, Total: 113180 ns
[2020-09-11T17:56:57.461+0000][1][safepoint    ] Safepoint "RevokeBias", Time since last: 28281 ns, Reaching safepoint: 82146 ns, At safepoint: 26269 ns, Total: 108415 ns
[2020-09-11T17:56:57.461+0000][1][safepoint    ] Safepoint "RevokeBias", Time since last: 27322 ns, Reaching safepoint: 81038 ns, At safepoint: 24749 ns, Total: 105787 ns
[2020-09-11T17:56:57.462+0000][1][safepoint    ] Safepoint "RevokeBias", Time since last: 26863 ns, Reaching safepoint: 81679 ns, At safepoint: 24206 ns, Total: 105885 ns
[2020-09-11T17:56:57.462+0000][1][safepoint    ] Safepoint "RevokeBias", Time since last: 26533 ns, Reaching safepoint: 80916 ns, At safepoint: 23648 ns, Total: 104564 ns
[2020-09-11T17:56:57.462+0000][1][safepoint    ] Safepoint "BulkRevokeBias", Time since last: 27501 ns, Reaching safepoint: 81078 ns, At safepoint: 68374 ns, Total: 149452 ns
[2020-09-11T17:56:57.462+0000][1][safepoint    ] Safepoint "RevokeBias", Time since last: 172004 ns, Reaching safepoint: 93684 ns, At safepoint: 35978 ns, Total: 129662 ns
[2020-09-11T17:56:57.469+0000][1][safepoint    ] Safepoint "RevokeBias", Time since last: 6555943 ns, Reaching safepoint: 110751 ns, At safepoint: 39452 ns, Total: 150203 ns
[2020-09-11T17:56:57.469+0000][1][safepoint    ] Safepoint "RevokeBias", Time since last: 100226 ns, Reaching safepoint: 82134 ns, At safepoint: 23314 ns, Total: 105448 ns
[2020-09-11T17:56:57.469+0000][1][safepoint    ] Safepoint "RevokeBias", Time since last: 74097 ns, Reaching safepoint: 84058 ns, At safepoint: 20089 ns, Total: 104147 ns
[2020-09-11T17:56:57.469+0000][1][safepoint    ] Safepoint "RevokeBias", Time since last: 41954 ns, Reaching safepoint: 82453 ns, At safepoint: 18956 ns, Total: 101409 ns
[2020-09-11T17:56:57.470+0000][1][safepoint    ] Safepoint "RevokeBias", Time since last: 108903 ns, Reaching safepoint: 82032 ns, At safepoint: 21783 ns, Total: 103815 ns
[2020-09-11T17:56:57.470+0000][1][safepoint    ] Safepoint "RevokeBias", Time since last: 232145 ns, Reaching safepoint: 83989 ns, At safepoint: 20745 ns, Total: 104734 ns
[2020-09-11T17:56:57.473+0000][1][safepoint    ] Safepoint "RevokeBias", Time since last: 2770770 ns, Reaching safepoint: 95331 ns, At safepoint: 27954 ns, Total: 123285 ns
[2020-09-11T17:56:57.473+0000][1][safepoint    ] Safepoint "RevokeBias", Time since last: 172702 ns, Reaching safepoint: 83460 ns, At safepoint: 21148 ns, Total: 104608 ns
[2020-09-11T17:56:57.473+0000][1][safepoint    ] Safepoint "RevokeBias", Time since last: 47632 ns, Reaching safepoint: 80771 ns, At safepoint: 21245 ns, Total: 102016 ns
[2020-09-11T17:56:57.517+0000][1][safepoint    ] Safepoint "RevokeBias", Time since last: 23472752 ns, Reaching safepoint: 20002903 ns, At safepoint: 52380 ns, Total: 20055283 ns
[2020-09-11T17:56:57.517+0000][1][safepoint    ] Safepoint "RevokeBias", Time since last: 85432 ns, Reaching safepoint: 83429 ns, At safepoint: 24772 ns, Total: 108201 ns
[2020-09-11T17:56:57.518+0000][1][safepoint    ] Safepoint "RevokeBias", Time since last: 482494 ns, Reaching safepoint: 82289 ns, At safepoint: 19547 ns, Total: 101836 ns
[2020-09-11T17:56:57.518+0000][1][safepoint    ] Safepoint "RevokeBias", Time since last: 118664 ns, Reaching safepoint: 80807 ns, At safepoint: 18414 ns, Total: 99221 ns
[2020-09-11T17:56:57.518+0000][1][safepoint    ] Safepoint "RevokeBias", Time since last: 375161 ns, Reaching safepoint: 91148 ns, At safepoint: 19610 ns, Total: 110758 ns
[2020-09-11T17:56:57.526+0000][1][safepoint    ] Safepoint "RevokeBias", Time since last: 381521 ns, Reaching safepoint: 6895329 ns, At safepoint: 46037 ns, Total: 6941366 ns
[2020-09-11T17:56:57.526+0000][1][safepoint    ] Safepoint "RevokeBias", Time since last: 172978 ns, Reaching safepoint: 83696 ns, At safepoint: 21064 ns, Total: 104760 ns
[2020-09-11T17:56:57.526+0000][1][safepoint    ] Safepoint "BulkRevokeBias", Time since last: 344343 ns, Reaching safepoint: 82550 ns, At safepoint: 61054 ns, Total: 143604 ns
[2020-09-11T17:56:57.527+0000][1][safepoint    ] Safepoint "RevokeBias", Time since last: 263103 ns, Reaching safepoint: 87595 ns, At safepoint: 25793 ns, Total: 113388 ns
[2020-09-11T17:56:57.573+0000][1][safepoint    ] Safepoint "RevokeBias", Time since last: 31090552 ns, Reaching safepoint: 14839971 ns, At safepoint: 71349 ns, Total: 14911320 ns
[2020-09-11T17:56:57.577+0000][1][safepoint    ] Safepoint "RevokeBias", Time since last: 3975845 ns, Reaching safepoint: 114367 ns, At safepoint: 38087 ns, Total: 152454 ns
[2020-09-11T17:56:57.613+0000][1][safepoint    ] Safepoint "RevokeBias", Time since last: 19863394 ns, Reaching safepoint: 16002199 ns, At safepoint: 49983 ns, Total: 16052182 ns
[2020-09-11T17:56:57.617+0000][1][safepoint    ] Safepoint "RevokeBias", Time since last: 3947335 ns, Reaching safepoint: 121701 ns, At safepoint: 44817 ns, Total: 166518 ns
[2020-09-11T17:56:57.617+0000][1][safepoint    ] Safepoint "RevokeBias", Time since last: 67038 ns, Reaching safepoint: 84687 ns, At safepoint: 30656 ns, Total: 115343 ns
[2020-09-11T17:56:58.269+0000][1][safepoint    ] Safepoint "RevokeBias", Time since last: 651650780 ns, Reaching safepoint: 127495 ns, At safepoint: 15951 ns, Total: 143446 ns
[2020-09-11T17:56:58.269+0000][1][safepoint    ] Safepoint "RevokeBias", Time since last: 430541 ns, Reaching safepoint: 83090 ns, At safepoint: 8047 ns, Total: 91137 ns
[2020-09-11T17:56:58.983+0000][1][gc,start     ] GC(61) Pause Young (Allocation Failure)
[2020-09-11T17:56:58.983+0000][1][gc,task      ] GC(61) Using 1 workers of 1 for evacuation
[2020-09-11T17:56:59.225+0000][1][gc,age       ] GC(61) Desired survivor size 4358144 bytes, new threshold 2 (max threshold 6)
[2020-09-11T17:56:59.225+0000][1][gc,age       ] GC(61) Age table with threshold 2 (max threshold 6)
[2020-09-11T17:56:59.225+0000][1][gc,age       ] GC(61) - age   1:    2159416 bytes,    2159416 total
[2020-09-11T17:56:59.225+0000][1][gc,age       ] GC(61) - age   2:    2678864 bytes,    4838280 total
[2020-09-11T17:56:59.225+0000][1][gc,heap      ] GC(61) ParNew: 76672K->6164K(76672K)
[2020-09-11T17:56:59.225+0000][1][gc,heap      ] GC(61) CMS: 49951K->53994K(2011968K)
[2020-09-11T17:56:59.225+0000][1][gc,metaspace ] GC(61) Metaspace: 52548K->52548K(1097728K)
[2020-09-11T17:56:59.225+0000][1][gc           ] GC(61) Pause Young (Allocation Failure) 123M->58M(2039M) 242.127ms
[2020-09-11T17:56:59.225+0000][1][gc,cpu       ] GC(61) User=0.08s Sys=0.00s Real=0.24s
[2020-09-11T17:56:59.241+0000][1][safepoint    ] Safepoint "GenCollectForAllocation", Time since last: 713365557 ns, Reaching safepoint: 109629 ns, At safepoint: 257863983 ns, Total: 257973612 ns
[2020-09-11T17:57:00.460+0000][1][safepoint    ] Safepoint "Cleanup", Time since last: 1218343675 ns, Reaching safepoint: 499966 ns, At safepoint: 9029 ns, Total: 508995 ns
[2020-09-11T17:57:01.463+0000][1][safepoint    ] Safepoint "Cleanup", Time since last: 1003720637 ns, Reaching safepoint: 119165 ns, At safepoint: 5954 ns, Total: 125119 ns
[2020-09-11T17:57:02.477+0000][1][safepoint    ] Safepoint "Cleanup", Time since last: 1011414893 ns, Reaching safepoint: 2247657 ns, At safepoint: 13014 ns, Total: 2260671 ns
[2020-09-11T17:57:03.353+0000][1][gc,start     ] GC(62) Pause Young (Allocation Failure)
[2020-09-11T17:57:03.353+0000][1][gc,task      ] GC(62) Using 1 workers of 1 for evacuation
[2020-09-11T17:57:03.485+0000][1][gc,age       ] GC(62) Desired survivor size 4358144 bytes, new threshold 6 (max threshold 6)
[2020-09-11T17:57:03.485+0000][1][gc,age       ] GC(62) Age table with threshold 6 (max threshold 6)
[2020-09-11T17:57:03.485+0000][1][gc,age       ] GC(62) - age   1:    1544512 bytes,    1544512 total
[2020-09-11T17:57:03.485+0000][1][gc,age       ] GC(62) - age   2:    2127024 bytes,    3671536 total
[2020-09-11T17:57:03.485+0000][1][gc,heap      ] GC(62) ParNew: 74324K->5084K(76672K)
[2020-09-11T17:57:03.485+0000][1][gc,heap      ] GC(62) CMS: 53994K->56725K(2011968K)
[2020-09-11T17:57:03.485+0000][1][gc,metaspace ] GC(62) Metaspace: 60166K->60166K(1103872K)
[2020-09-11T17:57:03.485+0000][1][gc           ] GC(62) Pause Young (Allocation Failure) 125M->60M(2039M) 131.772ms
[2020-09-11T17:57:03.485+0000][1][gc,cpu       ] GC(62) User=0.04s Sys=0.01s Real=0.13s
[2020-09-11T17:57:03.489+0000][1][safepoint    ] Safepoint "GenCollectForAllocation", Time since last: 867719877 ns, Reaching safepoint: 7956397 ns, At safepoint: 136423926 ns, Total: 144380323 ns
[2020-09-11T17:57:03.518+0000][1][safepoint    ] Safepoint "CollectForMetadataAllocation", Time since last: 26751980 ns, Reaching safepoint: 1591044 ns, At safepoint: 94406 ns, Total: 1685450 ns
[2020-09-11T17:57:03.564+0000][1][safepoint    ] Safepoint "CollectForMetadataAllocation", Time since last: 45681451 ns, Reaching safepoint: 338936 ns, At safepoint: 114271 ns, Total: 453207 ns
[2020-09-11T17:57:03.677+0000][1][safepoint    ] Safepoint "CollectForMetadataAllocation", Time since last: 108948820 ns, Reaching safepoint: 4005833 ns, At safepoint: 138810 ns, Total: 4144643 ns
[2020-09-11T17:57:03.933+0000][1][safepoint    ] Safepoint "CollectForMetadataAllocation", Time since last: 256143421 ns, Reaching safepoint: 119949 ns, At safepoint: 111399 ns, Total: 231348 ns
[2020-09-11T17:57:04.030+0000][1][safepoint    ] Safepoint "CollectForMetadataAllocation", Time since last: 96049590 ns, Reaching safepoint: 104114 ns, At safepoint: 107427 ns, Total: 211541 ns
[2020-09-11T17:57:04.199+0000][1][safepoint    ] Safepoint "RevokeBias", Time since last: 169649516 ns, Reaching safepoint: 122059 ns, At safepoint: 35446 ns, Total: 157505 ns
[2020-09-11T17:57:04.245+0000][1][safepoint    ] Safepoint "RevokeBias", Time since last: 45510526 ns, Reaching safepoint: 28911 ns, At safepoint: 29879 ns, Total: 58790 ns
[2020-09-11T17:57:04.245+0000][1][safepoint    ] Safepoint "RevokeBias", Time since last: 134635 ns, Reaching safepoint: 10666 ns, At safepoint: 19107 ns, Total: 29773 ns
[2020-09-11T17:57:04.254+0000][1][safepoint    ] Safepoint "RevokeBias", Time since last: 8917757 ns, Reaching safepoint: 107856 ns, At safepoint: 34379 ns, Total: 142235 ns
[2020-09-11T17:57:04.411+0000][1][safepoint    ] Safepoint "CollectForMetadataAllocation", Time since last: 156394574 ns, Reaching safepoint: 110845 ns, At safepoint: 179116 ns, Total: 289961 ns
[2020-09-11T17:57:04.684+0000][1][safepoint    ] Safepoint "CollectForMetadataAllocation", Time since last: 272786285 ns, Reaching safepoint: 115078 ns, At safepoint: 108211 ns, Total: 223289 ns
[2020-09-11T17:57:05.017+0000][1][safepoint    ] Safepoint "CollectForMetadataAllocation", Time since last: 332988436 ns, Reaching safepoint: 129659 ns, At safepoint: 130599 ns, Total: 260258 ns
[2020-09-11T17:57:05.413+0000][1][safepoint    ] Safepoint "CollectForMetadataAllocation", Time since last: 395675110 ns, Reaching safepoint: 116766 ns, At safepoint: 116504 ns, Total: 233270 ns
[2020-09-11T17:57:05.424+0000][1][safepoint    ] Safepoint "RevokeBias", Time since last: 11204097 ns, Reaching safepoint: 115763 ns, At safepoint: 16768 ns, Total: 132531 ns
[2020-09-11T17:57:05.501+0000][1][gc,start     ] GC(63) Pause Initial Mark
[2020-09-11T17:57:05.543+0000][1][gc           ] GC(63) Pause Initial Mark 89M->89M(2039M) 42.397ms
[2020-09-11T17:57:05.543+0000][1][gc,cpu       ] GC(63) User=0.02s Sys=0.00s Real=0.04s
[2020-09-11T17:57:05.559+0000][1][safepoint    ] Safepoint "CMS_Initial_Mark", Time since last: 76460012 ns, Reaching safepoint: 110048 ns, At safepoint: 58527064 ns, Total: 58637112 ns
[2020-09-11T17:57:05.560+0000][1][gc           ] GC(63) Concurrent Mark
[2020-09-11T17:57:05.744+0000][1][safepoint    ] Safepoint "CollectForMetadataAllocation", Time since last: 177323856 ns, Reaching safepoint: 7560257 ns, At safepoint: 126355 ns, Total: 7686612 ns
[2020-09-11T17:57:05.916+0000][1][gc           ] GC(63) Concurrent Mark 356.748ms
[2020-09-11T17:57:05.916+0000][1][gc,cpu       ] GC(63) User=0.17s Sys=0.00s Real=0.36s
[2020-09-11T17:57:05.917+0000][1][safepoint    ] Safepoint "Deoptimize", Time since last: 142213423 ns, Reaching safepoint: 29688846 ns, At safepoint: 305157 ns, Total: 29994003 ns
[2020-09-11T17:57:05.937+0000][1][gc           ] GC(63) Concurrent Preclean
[2020-09-11T17:57:05.953+0000][1][gc           ] GC(63) Concurrent Preclean 15.797ms
[2020-09-11T17:57:05.953+0000][1][gc,cpu       ] GC(63) User=0.01s Sys=0.00s Real=0.02s
[2020-09-11T17:57:05.953+0000][1][gc           ] GC(63) Concurrent Abortable Preclean
[2020-09-11T17:57:06.033+0000][1][safepoint    ] Safepoint "BulkRevokeBias", Time since last: 116100214 ns, Reaching safepoint: 62837 ns, At safepoint: 75671 ns, Total: 138508 ns
[2020-09-11T17:57:06.161+0000][1][safepoint    ] Safepoint "CollectForMetadataAllocation", Time since last: 127872568 ns, Reaching safepoint: 114448 ns, At safepoint: 77294 ns, Total: 191742 ns
[2020-09-11T17:57:06.377+0000][1][safepoint    ] Safepoint "RevokeBias", Time since last: 216039588 ns, Reaching safepoint: 115688 ns, At safepoint: 48983 ns, Total: 164671 ns
[2020-09-11T17:57:06.377+0000][1][safepoint    ] Safepoint "RevokeBias", Time since last: 68872 ns, Reaching safepoint: 87576 ns, At safepoint: 32864 ns, Total: 120440 ns
[2020-09-11T17:57:06.378+0000][1][safepoint    ] Safepoint "RevokeBias", Time since last: 172305 ns, Reaching safepoint: 86650 ns, At safepoint: 30283 ns, Total: 116933 ns
[2020-09-11T17:57:06.537+0000][1][safepoint    ] Safepoint "CollectForMetadataAllocation", Time since last: 155320573 ns, Reaching safepoint: 230616 ns, At safepoint: 3643527 ns, Total: 3874143 ns
[2020-09-11T17:57:06.801+0000][1][safepoint    ] Safepoint "CollectForMetadataAllocation", Time since last: 263915805 ns, Reaching safepoint: 56933 ns, At safepoint: 76956 ns, Total: 133889 ns
[2020-09-11T17:57:07.404+0000][1][safepoint    ] Safepoint "CollectForMetadataAllocation", Time since last: 599882538 ns, Reaching safepoint: 2712659 ns, At safepoint: 122885 ns, Total: 2835544 ns
[2020-09-11T17:57:07.917+0000][1][safepoint    ] Safepoint "CollectForMetadataAllocation", Time since last: 513609523 ns, Reaching safepoint: 66745 ns, At safepoint: 75311 ns, Total: 142056 ns
[2020-09-11T17:57:08.087+0000][1][safepoint    ] Safepoint "CollectForMetadataAllocation", Time since last: 169737099 ns, Reaching safepoint: 108750 ns, At safepoint: 125131 ns, Total: 233881 ns
[2020-09-11T17:57:08.285+0000][1][safepoint    ] Safepoint "CollectForMetadataAllocation", Time since last: 173446188 ns, Reaching safepoint: 24072053 ns, At safepoint: 127590 ns, Total: 24199643 ns
[2020-09-11T17:57:08.469+0000][1][safepoint    ] Safepoint "CollectForMetadataAllocation", Time since last: 173022746 ns, Reaching safepoint: 10815048 ns, At safepoint: 113855 ns, Total: 10928903 ns
[2020-09-11T17:57:08.562+0000][1][safepoint    ] Safepoint "RevokeBias", Time since last: 80343592 ns, Reaching safepoint: 12609768 ns, At safepoint: 14369 ns, Total: 12624137 ns
[2020-09-11T17:57:08.738+0000][1][safepoint    ] Safepoint "CollectForMetadataAllocation", Time since last: 175855033 ns, Reaching safepoint: 63697 ns, At safepoint: 116745 ns, Total: 180442 ns
[2020-09-11T17:57:08.997+0000][1][safepoint    ] Safepoint "CollectForMetadataAllocation", Time since last: 250254454 ns, Reaching safepoint: 8611395 ns, At safepoint: 111025 ns, Total: 8722420 ns
[2020-09-11T17:57:09.138+0000][1][gc,start     ] GC(64) Pause Young (Allocation Failure)
[2020-09-11T17:57:09.139+0000][1][gc,task      ] GC(64) Using 1 workers of 1 for evacuation
[2020-09-11T17:57:09.189+0000][1][gc           ] GC(63) Concurrent Abortable Preclean 3236.558ms
[2020-09-11T17:57:09.189+0000][1][gc,cpu       ] GC(63) User=1.13s Sys=0.02s Real=3.23s
[2020-09-11T17:57:09.239+0000][1][gc,age       ] GC(64) Desired survivor size 4358144 bytes, new threshold 2 (max threshold 6)
[2020-09-11T17:57:09.239+0000][1][gc,age       ] GC(64) Age table with threshold 2 (max threshold 6)
[2020-09-11T17:57:09.239+0000][1][gc,age       ] GC(64) - age   1:    3493424 bytes,    3493424 total
[2020-09-11T17:57:09.239+0000][1][gc,age       ] GC(64) - age   2:    1384320 bytes,    4877744 total
[2020-09-11T17:57:09.239+0000][1][gc,age       ] GC(64) - age   3:    2114624 bytes,    6992368 total
[2020-09-11T17:57:09.239+0000][1][gc,heap      ] GC(64) ParNew: 73244K->7920K(76672K)
[2020-09-11T17:57:09.240+0000][1][gc,heap      ] GC(64) CMS: 56725K->56725K(2011968K)
[2020-09-11T17:57:09.240+0000][1][gc,metaspace ] GC(64) Metaspace: 66300K->66300K(1110016K)
[2020-09-11T17:57:09.240+0000][1][gc           ] GC(64) Pause Young (Allocation Failure) 126M->63M(2039M) 101.094ms
[2020-09-11T17:57:09.240+0000][1][gc,cpu       ] GC(64) User=0.03s Sys=0.00s Real=0.10s
[2020-09-11T17:57:09.257+0000][1][safepoint    ] Safepoint "GenCollectForAllocation", Time since last: 139033225 ns, Reaching safepoint: 2486774 ns, At safepoint: 118340482 ns, Total: 120827256 ns
[2020-09-11T17:57:09.272+0000][1][gc,start     ] GC(63) Pause Remark
[2020-09-11T17:57:09.324+0000][1][gc           ] GC(63) Pause Remark 64M->64M(2039M) 51.772ms
[2020-09-11T17:57:09.324+0000][1][gc,cpu       ] GC(63) User=0.02s Sys=0.00s Real=0.06s
[2020-09-11T17:57:09.350+0000][1][safepoint    ] Safepoint "CMS_Final_Remark", Time since last: 15235759 ns, Reaching safepoint: 100332 ns, At safepoint: 78213376 ns, Total: 78313708 ns
[2020-09-11T17:57:09.350+0000][1][gc           ] GC(63) Concurrent Sweep
[2020-09-11T17:57:09.382+0000][1][safepoint    ] Safepoint "RevokeBias", Time since last: 30919519 ns, Reaching safepoint: 698631 ns, At safepoint: 14065 ns, Total: 712696 ns
[2020-09-11T17:57:09.457+0000][1][safepoint    ] Safepoint "CollectForMetadataAllocation", Time since last: 70824494 ns, Reaching safepoint: 4024552 ns, At safepoint: 122482 ns, Total: 4147034 ns
[2020-09-11T17:57:09.478+0000][1][gc           ] GC(63) Concurrent Sweep 128.076ms
[2020-09-11T17:57:09.479+0000][1][gc,cpu       ] GC(63) User=0.04s Sys=0.01s Real=0.13s
[2020-09-11T17:57:09.479+0000][1][gc           ] GC(63) Concurrent Reset
[2020-09-11T17:57:09.510+0000][1][gc           ] GC(63) Concurrent Reset 31.299ms
[2020-09-11T17:57:09.510+0000][1][gc,cpu       ] GC(63) User=0.01s Sys=0.00s Real=0.03s
[2020-09-11T17:57:09.510+0000][1][gc,heap      ] GC(63) Old: 56725K->55772K(2011968K)
[2020-09-11T17:57:10.245+0000][1][safepoint    ] Safepoint "Deoptimize", Time since last: 787826043 ns, Reaching safepoint: 122221 ns, At safepoint: 322353 ns, Total: 444574 ns
[2020-09-11T17:57:10.295+0000][1][safepoint    ] Safepoint "Deoptimize", Time since last: 49550264 ns, Reaching safepoint: 110672 ns, At safepoint: 325584 ns, Total: 436256 ns
[2020-09-11T17:57:10.577+0000][1][safepoint    ] Safepoint "RevokeBias", Time since last: 281578537 ns, Reaching safepoint: 111934 ns, At safepoint: 26079 ns, Total: 138013 ns
[2020-09-11T17:57:10.577+0000][1][safepoint    ] Safepoint "RevokeBias", Time since last: 313880 ns, Reaching safepoint: 85096 ns, At safepoint: 22236 ns, Total: 107332 ns
[2020-09-11T17:57:10.578+0000][1][safepoint    ] Safepoint "RevokeBias", Time since last: 191263 ns, Reaching safepoint: 81123 ns, At safepoint: 17613 ns, Total: 98736 ns
[2020-09-11T17:57:10.578+0000][1][safepoint    ] Safepoint "RevokeBias", Time since last: 686313 ns, Reaching safepoint: 82860 ns, At safepoint: 17569 ns, Total: 100429 ns
[2020-09-11T17:57:10.579+0000][1][safepoint    ] Safepoint "RevokeBias", Time since last: 113710 ns, Reaching safepoint: 81534 ns, At safepoint: 16826 ns, Total: 98360 ns
[2020-09-11T17:57:10.579+0000][1][safepoint    ] Safepoint "RevokeBias", Time since last: 475009 ns, Reaching safepoint: 86972 ns, At safepoint: 17489 ns, Total: 104461 ns
[2020-09-11T17:57:10.579+0000][1][safepoint    ] Safepoint "RevokeBias", Time since last: 41396 ns, Reaching safepoint: 84599 ns, At safepoint: 16356 ns, Total: 100955 ns
[2020-09-11T17:57:10.580+0000][1][safepoint    ] Safepoint "RevokeBias", Time since last: 77213 ns, Reaching safepoint: 93238 ns, At safepoint: 22439 ns, Total: 115677 ns
[2020-09-11T17:57:10.583+0000][1][safepoint    ] Safepoint "RevokeBias", Time since last: 3505436 ns, Reaching safepoint: 98984 ns, At safepoint: 27486 ns, Total: 126470 ns
[2020-09-11T17:57:10.589+0000][1][safepoint    ] Safepoint "RevokeBias", Time since last: 5608849 ns, Reaching safepoint: 109814 ns, At safepoint: 28321 ns, Total: 138135 ns
[2020-09-11T17:57:10.589+0000][1][safepoint    ] Safepoint "RevokeBias", Time since last: 139173 ns, Reaching safepoint: 85734 ns, At safepoint: 17787 ns, Total: 103521 ns
[2020-09-11T17:57:10.590+0000][1][safepoint    ] Safepoint "RevokeBias", Time since last: 652101 ns, Reaching safepoint: 82181 ns, At safepoint: 18106 ns, Total: 100287 ns
[2020-09-11T17:57:10.605+0000][1][safepoint    ] Safepoint "RevokeBias", Time since last: 14869438 ns, Reaching safepoint: 113566 ns, At safepoint: 29823 ns, Total: 143389 ns
[2020-09-11T17:57:10.605+0000][1][safepoint    ] Safepoint "RevokeBias", Time since last: 118878 ns, Reaching safepoint: 11764 ns, At safepoint: 17779 ns, Total: 29543 ns
[2020-09-11T17:57:10.615+0000][1][safepoint    ] Safepoint "RevokeBias", Time since last: 9247009 ns, Reaching safepoint: 112032 ns, At safepoint: 355366 ns, Total: 467398 ns
[2020-09-11T17:57:10.625+0000][1][safepoint    ] Safepoint "RevokeBias", Time since last: 10256717 ns, Reaching safepoint: 238910 ns, At safepoint: 23901 ns, Total: 262811 ns
[2020-09-11T17:57:10.894+0000][1][safepoint    ] Safepoint "RevokeBias", Time since last: 268687166 ns, Reaching safepoint: 117429 ns, At safepoint: 31858 ns, Total: 149287 ns
[2020-09-11T17:57:10.894+0000][1][safepoint    ] Safepoint "RevokeBias", Time since last: 66060 ns, Reaching safepoint: 80464 ns, At safepoint: 26701 ns, Total: 107165 ns
[2020-09-11T17:57:10.899+0000][1][safepoint    ] Safepoint "RevokeBias", Time since last: 4559733 ns, Reaching safepoint: 93616 ns, At safepoint: 32287 ns, Total: 125903 ns
[2020-09-11T17:57:10.899+0000][1][safepoint    ] Safepoint "RevokeBias", Time since last: 47755 ns, Reaching safepoint: 80795 ns, At safepoint: 25296 ns, Total: 106091 ns
[2020-09-11T17:57:10.899+0000][1][safepoint    ] Safepoint "RevokeBias", Time since last: 37423 ns, Reaching safepoint: 80413 ns, At safepoint: 26129 ns, Total: 106542 ns
[2020-09-11T17:57:10.899+0000][1][safepoint    ] Safepoint "RevokeBias", Time since last: 40804 ns, Reaching safepoint: 80871 ns, At safepoint: 25303 ns, Total: 106174 ns
[2020-09-11T17:57:10.900+0000][1][safepoint    ] Safepoint "RevokeBias", Time since last: 54520 ns, Reaching safepoint: 81446 ns, At safepoint: 24957 ns, Total: 106403 ns
[2020-09-11T17:57:10.900+0000][1][safepoint    ] Safepoint "RevokeBias", Time since last: 39157 ns, Reaching safepoint: 79003 ns, At safepoint: 23707 ns, Total: 102710 ns
[2020-09-11T17:57:11.051+0000][1][safepoint    ] Safepoint "RevokeBias", Time since last: 141521566 ns, Reaching safepoint: 9619043 ns, At safepoint: 31468 ns, Total: 9650511 ns
[2020-09-11T17:57:11.063+0000][1][safepoint    ] Safepoint "RevokeBias", Time since last: 11703600 ns, Reaching safepoint: 175199 ns, At safepoint: 25019 ns, Total: 200218 ns
[2020-09-11T17:57:11.064+0000][1][safepoint    ] Safepoint "RevokeBias", Time since last: 636273 ns, Reaching safepoint: 85318 ns, At safepoint: 21001 ns, Total: 106319 ns
[2020-09-11T17:57:11.093+0000][1][safepoint    ] Safepoint "RevokeBias", Time since last: 28199271 ns, Reaching safepoint: 1010988 ns, At safepoint: 27543 ns, Total: 1038531 ns
[2020-09-11T17:57:11.094+0000][1][safepoint    ] Safepoint "RevokeBias", Time since last: 107427 ns, Reaching safepoint: 936977 ns, At safepoint: 34364 ns, Total: 971341 ns
[2020-09-11T17:57:11.095+0000][1][safepoint    ] Safepoint "RevokeBias", Time since last: 71134 ns, Reaching safepoint: 907820 ns, At safepoint: 29823 ns, Total: 937643 ns
[2020-09-11T17:57:11.101+0000][1][safepoint    ] Safepoint "RevokeBias", Time since last: 1074842 ns, Reaching safepoint: 4816715 ns, At safepoint: 45673 ns, Total: 4862388 ns
[2020-09-11T17:57:11.109+0000][1][safepoint    ] Safepoint "RevokeBias", Time since last: 8192396 ns, Reaching safepoint: 259843 ns, At safepoint: 40759 ns, Total: 300602 ns
[2020-09-11T17:57:11.121+0000][1][safepoint    ] Safepoint "RevokeBias", Time since last: 11460181 ns, Reaching safepoint: 112107 ns, At safepoint: 38831 ns, Total: 150938 ns
[2020-09-11T17:57:11.132+0000][1][safepoint    ] Safepoint "RevokeBias", Time since last: 10335367 ns, Reaching safepoint: 187099 ns, At safepoint: 58333 ns, Total: 245432 ns
[2020-09-11T17:57:11.132+0000][1][safepoint    ] Safepoint "RevokeBias", Time since last: 74449 ns, Reaching safepoint: 86026 ns, At safepoint: 36246 ns, Total: 122272 ns
[2020-09-11T17:57:11.142+0000][1][safepoint    ] Safepoint "RevokeBias", Time since last: 1051150 ns, Reaching safepoint: 8873150 ns, At safepoint: 68384 ns, Total: 8941534 ns
[2020-09-11T17:57:11.145+0000][1][safepoint    ] Safepoint "RevokeBias", Time since last: 1306490 ns, Reaching safepoint: 2221934 ns, At safepoint: 92788 ns, Total: 2314722 ns
[2020-09-11T17:57:11.147+0000][1][safepoint    ] Safepoint "RevokeBias", Time since last: 1106957 ns, Reaching safepoint: 26651 ns, At safepoint: 46816 ns, Total: 73467 ns
[2020-09-11T17:57:11.173+0000][1][safepoint    ] Safepoint "RevokeBias", Time since last: 25439367 ns, Reaching safepoint: 855906 ns, At safepoint: 38977 ns, Total: 894883 ns
[2020-09-11T17:57:11.177+0000][1][safepoint    ] Safepoint "RevokeBias", Time since last: 652965 ns, Reaching safepoint: 3306906 ns, At safepoint: 46232 ns, Total: 3353138 ns
[2020-09-11T17:57:11.181+0000][1][safepoint    ] Safepoint "RevokeBias", Time since last: 64720 ns, Reaching safepoint: 3866081 ns, At safepoint: 33686 ns, Total: 3899767 ns
[2020-09-11T17:57:11.181+0000][1][safepoint    ] Safepoint "RevokeBias", Time since last: 44432 ns, Reaching safepoint: 424661 ns, At safepoint: 35029 ns, Total: 459690 ns
[2020-09-11T17:57:11.184+0000][1][safepoint    ] Safepoint "RevokeBias", Time since last: 1570841 ns, Reaching safepoint: 994021 ns, At safepoint: 67113 ns, Total: 1061134 ns
[2020-09-11T17:57:11.184+0000][1][safepoint    ] Safepoint "RevokeBias", Time since last: 77224 ns, Reaching safepoint: 89087 ns, At safepoint: 26531 ns, Total: 115618 ns
[2020-09-11T17:57:11.185+0000][1][safepoint    ] Safepoint "RevokeBias", Time since last: 260675 ns, Reaching safepoint: 89893 ns, At safepoint: 26323 ns, Total: 116216 ns
[2020-09-11T17:57:11.185+0000][1][safepoint    ] Safepoint "RevokeBias", Time since last: 44476 ns, Reaching safepoint: 87767 ns, At safepoint: 32272 ns, Total: 120039 ns
[2020-09-11T17:57:11.185+0000][1][safepoint    ] Safepoint "RevokeBias", Time since last: 42692 ns, Reaching safepoint: 116709 ns, At safepoint: 28333 ns, Total: 145042 ns
[2020-09-11T17:57:11.185+0000][1][safepoint    ] Safepoint "RevokeBias", Time since last: 33101 ns, Reaching safepoint: 234057 ns, At safepoint: 30802 ns, Total: 264859 ns
[2020-09-11T17:57:11.186+0000][1][safepoint    ] Safepoint "BulkRevokeBias", Time since last: 34218 ns, Reaching safepoint: 422633 ns, At safepoint: 107771 ns, Total: 530404 ns
[2020-09-11T17:57:11.189+0000][1][safepoint    ] Safepoint "RevokeBias", Time since last: 43891 ns, Reaching safepoint: 2998110 ns, At safepoint: 39394 ns, Total: 3037504 ns
[2020-09-11T17:57:11.190+0000][1][safepoint    ] Safepoint "RevokeBias", Time since last: 29443 ns, Reaching safepoint: 645406 ns, At safepoint: 50224 ns, Total: 695630 ns
[2020-09-11T17:57:11.190+0000][1][safepoint    ] Safepoint "RevokeBias", Time since last: 48927 ns, Reaching safepoint: 90764 ns, At safepoint: 34552 ns, Total: 125316 ns
[2020-09-11T17:57:11.199+0000][1][safepoint    ] Safepoint "RevokeBias", Time since last: 7327618 ns, Reaching safepoint: 1694578 ns, At safepoint: 54423 ns, Total: 1749001 ns
[2020-09-11T17:57:11.199+0000][1][safepoint    ] Safepoint "RevokeBias", Time since last: 73194 ns, Reaching safepoint: 495187 ns, At safepoint: 34917 ns, Total: 530104 ns
[2020-09-11T17:57:11.214+0000][1][safepoint    ] Safepoint "RevokeBias", Time since last: 13851579 ns, Reaching safepoint: 711692 ns, At safepoint: 41702 ns, Total: 753394 ns
[2020-09-11T17:57:11.265+0000][1][safepoint    ] Safepoint "RevokeBias", Time since last: 50319041 ns, Reaching safepoint: 488248 ns, At safepoint: 30269 ns, Total: 518517 ns
[2020-09-11T17:57:11.265+0000][1][safepoint    ] Safepoint "RevokeBias", Time since last: 157805 ns, Reaching safepoint: 97859 ns, At safepoint: 24034 ns, Total: 121893 ns
[2020-09-11T17:57:11.293+0000][1][safepoint    ] Safepoint "RevokeBias", Time since last: 27235621 ns, Reaching safepoint: 452579 ns, At safepoint: 48585 ns, Total: 501164 ns
[2020-09-11T17:57:11.317+0000][1][safepoint    ] Safepoint "RevokeBias", Time since last: 24129765 ns, Reaching safepoint: 110220 ns, At safepoint: 50260 ns, Total: 160480 ns
[2020-09-11T17:57:11.349+0000][1][safepoint    ] Safepoint "RevokeBias", Time since last: 27631911 ns, Reaching safepoint: 4024407 ns, At safepoint: 81577 ns, Total: 4105984 ns
[2020-09-11T17:57:11.360+0000][1][safepoint    ] Safepoint "RevokeBias", Time since last: 11287036 ns, Reaching safepoint: 189885 ns, At safepoint: 94056 ns, Total: 283941 ns
[2020-09-11T17:57:11.362+0000][1][safepoint    ] Safepoint "RevokeBias", Time since last: 453189 ns, Reaching safepoint: 975094 ns, At safepoint: 59852 ns, Total: 1034946 ns
[2020-09-11T17:57:11.363+0000][1][safepoint    ] Safepoint "RevokeBias", Time since last: 328672 ns, Reaching safepoint: 605773 ns, At safepoint: 96618 ns, Total: 702391 ns
[2020-09-11T17:57:11.369+0000][1][safepoint    ] Safepoint "RevokeBias", Time since last: 1159562 ns, Reaching safepoint: 4668733 ns, At safepoint: 52374 ns, Total: 4721107 ns
[2020-09-11T17:57:11.370+0000][1][safepoint    ] Safepoint "RevokeBias", Time since last: 99128 ns, Reaching safepoint: 1382102 ns, At safepoint: 60535 ns, Total: 1442637 ns
[2020-09-11T17:57:11.372+0000][1][safepoint    ] Safepoint "RevokeBias", Time since last: 644148 ns, Reaching safepoint: 1182337 ns, At safepoint: 53018 ns, Total: 1235355 ns
[2020-09-11T17:57:11.373+0000][1][safepoint    ] Safepoint "RevokeBias", Time since last: 185145 ns, Reaching safepoint: 334818 ns, At safepoint: 51027 ns, Total: 385845 ns
[2020-09-11T17:57:11.374+0000][1][safepoint    ] Safepoint "BulkRevokeBias", Time since last: 45954 ns, Reaching safepoint: 956448 ns, At safepoint: 171855 ns, Total: 1128303 ns
[2020-09-11T17:57:11.377+0000][1][safepoint    ] Safepoint "RevokeBias", Time since last: 663618 ns, Reaching safepoint: 2098729 ns, At safepoint: 80079 ns, Total: 2178808 ns
[2020-09-11T17:57:11.381+0000][1][safepoint    ] Safepoint "RevokeBias", Time since last: 869719 ns, Reaching safepoint: 3072512 ns, At safepoint: 325315 ns, Total: 3397827 ns
[2020-09-11T17:57:11.381+0000][1][safepoint    ] Safepoint "RevokeBias", Time since last: 48800 ns, Reaching safepoint: 102141 ns, At safepoint: 75423 ns, Total: 177564 ns
[2020-09-11T17:57:11.389+0000][1][safepoint    ] Safepoint "RevokeBias", Time since last: 20085 ns, Reaching safepoint: 94519 ns, At safepoint: 7328303 ns, Total: 7422822 ns
[2020-09-11T17:57:11.446+0000][1][safepoint    ] Safepoint "RevokeBias", Time since last: 47973433 ns, Reaching safepoint: 9086528 ns, At safepoint: 37837 ns, Total: 9124365 ns
[2020-09-11T17:57:11.642+0000][1][safepoint    ] Safepoint "RevokeBias", Time since last: 194662197 ns, Reaching safepoint: 984754 ns, At safepoint: 35160 ns, Total: 1019914 ns
[2020-09-11T17:57:11.645+0000][1][safepoint    ] Safepoint "RevokeBias", Time since last: 3191769 ns, Reaching safepoint: 101926 ns, At safepoint: 19304 ns, Total: 121230 ns
[2020-09-11T17:57:11.645+0000][1][safepoint    ] Safepoint "RevokeBias", Time since last: 48122 ns, Reaching safepoint: 88702 ns, At safepoint: 15747 ns, Total: 104449 ns
[2020-09-11T17:57:11.645+0000][1][safepoint    ] Safepoint "RevokeBias", Time since last: 38351 ns, Reaching safepoint: 86627 ns, At safepoint: 15947 ns, Total: 102574 ns
[2020-09-11T17:57:11.645+0000][1][safepoint    ] Safepoint "RevokeBias", Time since last: 32054 ns, Reaching safepoint: 85310 ns, At safepoint: 20469 ns, Total: 105779 ns
[2020-09-11T17:57:11.646+0000][1][safepoint    ] Safepoint "RevokeBias", Time since last: 273568 ns, Reaching safepoint: 87398 ns, At safepoint: 14576 ns, Total: 101974 ns
[2020-09-11T17:57:11.646+0000][1][safepoint    ] Safepoint "RevokeBias", Time since last: 32955 ns, Reaching safepoint: 84497 ns, At safepoint: 13264 ns, Total: 97761 ns
[2020-09-11T17:57:11.646+0000][1][safepoint    ] Safepoint "RevokeBias", Time since last: 30149 ns, Reaching safepoint: 83865 ns, At safepoint: 19612 ns, Total: 103477 ns
[2020-09-11T17:57:11.664+0000][1][gc,start     ] GC(65) Pause Young (Allocation Failure)
[2020-09-11T17:57:11.664+0000][1][gc,task      ] GC(65) Using 1 workers of 1 for evacuation
[2020-09-11T17:57:11.817+0000][1][gc,age       ] GC(65) Desired survivor size 4358144 bytes, new threshold 2 (max threshold 6)
[2020-09-11T17:57:11.824+0000][1][gc,age       ] GC(65) Age table with threshold 2 (max threshold 6)
[2020-09-11T17:57:11.824+0000][1][gc,age       ] GC(65) - age   1:    1451672 bytes,    1451672 total
[2020-09-11T17:57:11.824+0000][1][gc,age       ] GC(65) - age   2:    3404280 bytes,    4855952 total
[2020-09-11T17:57:11.824+0000][1][gc,heap      ] GC(65) ParNew: 76080K->6111K(76672K)
[2020-09-11T17:57:11.824+0000][1][gc,heap      ] GC(65) CMS: 55772K->91972K(2011968K)
[2020-09-11T17:57:11.824+0000][1][gc,metaspace ] GC(65) Metaspace: 70405K->70405K(1114112K)
[2020-09-11T17:57:11.824+0000][1][gc           ] GC(65) Pause Young (Allocation Failure) 128M->95M(2039M) 160.339ms
[2020-09-11T17:57:11.824+0000][1][gc,cpu       ] GC(65) User=0.05s Sys=0.00s Real=0.16s
[2020-09-11T17:57:11.862+0000][1][safepoint    ] Safepoint "GenCollectForAllocation", Time since last: 17404212 ns, Reaching safepoint: 175514 ns, At safepoint: 198661247 ns, Total: 198836761 ns
[2020-09-11T17:57:11.953+0000][1][safepoint    ] Safepoint "RevokeBias", Time since last: 86589335 ns, Reaching safepoint: 4006845 ns, At safepoint: 37459 ns, Total: 4044304 ns
[2020-09-11T17:57:11.997+0000][1][safepoint    ] Safepoint "RevokeBias", Time since last: 43931965 ns, Reaching safepoint: 124446 ns, At safepoint: 37075 ns, Total: 161521 ns
[2020-09-11T17:57:11.997+0000][1][safepoint    ] Safepoint "RevokeBias", Time since last: 63831 ns, Reaching safepoint: 84820 ns, At safepoint: 17636 ns, Total: 102456 ns
[2020-09-11T17:57:11.997+0000][1][safepoint    ] Safepoint "RevokeBias", Time since last: 34710 ns, Reaching safepoint: 83816 ns, At safepoint: 16301 ns, Total: 100117 ns
[2020-09-11T17:57:11.997+0000][1][safepoint    ] Safepoint "RevokeBias", Time since last: 55915 ns, Reaching safepoint: 87405 ns, At safepoint: 24484 ns, Total: 111889 ns
[2020-09-11T17:57:12.286+0000][1][safepoint    ] Safepoint "RevokeBias", Time since last: 288141049 ns, Reaching safepoint: 196766 ns, At safepoint: 35000 ns, Total: 231766 ns
[2020-09-11T17:57:12.287+0000][1][safepoint    ] Safepoint "RevokeBias", Time since last: 738067 ns, Reaching safepoint: 87953 ns, At safepoint: 22660 ns, Total: 110613 ns
[2020-09-11T17:57:12.310+0000][1][safepoint    ] Safepoint "Deoptimize", Time since last: 18153200 ns, Reaching safepoint: 5108086 ns, At safepoint: 377974 ns, Total: 5486060 ns
[2020-09-11T17:57:12.881+0000][1][safepoint    ] Safepoint "RevokeBias", Time since last: 570519781 ns, Reaching safepoint: 487509 ns, At safepoint: 53785 ns, Total: 541294 ns
[2020-09-11T17:57:12.882+0000][1][safepoint    ] Safepoint "RevokeBias", Time since last: 94024 ns, Reaching safepoint: 107482 ns, At safepoint: 36008 ns, Total: 143490 ns
[2020-09-11T17:57:12.883+0000][1][safepoint    ] Safepoint "RevokeBias", Time since last: 1677515 ns, Reaching safepoint: 176115 ns, At safepoint: 41399 ns, Total: 217514 ns
[2020-09-11T17:57:12.884+0000][1][safepoint    ] Safepoint "RevokeBias", Time since last: 348903 ns, Reaching safepoint: 100705 ns, At safepoint: 37210 ns, Total: 137915 ns
[2020-09-11T17:57:12.905+0000][1][safepoint    ] Safepoint "RevokeBias", Time since last: 20882052 ns, Reaching safepoint: 197893 ns, At safepoint: 49483 ns, Total: 247376 ns
[2020-09-11T17:57:12.906+0000][1][safepoint    ] Safepoint "RevokeBias", Time since last: 330779 ns, Reaching safepoint: 92115 ns, At safepoint: 28406 ns, Total: 120521 ns
[2020-09-11T17:57:12.945+0000][1][safepoint    ] Safepoint "RevokeBias", Time since last: 38013625 ns, Reaching safepoint: 1284473 ns, At safepoint: 81678 ns, Total: 1366151 ns
[2020-09-11T17:57:13.537+0000][1][safepoint    ] Safepoint "RevokeBias", Time since last: 592054726 ns, Reaching safepoint: 132136 ns, At safepoint: 39799 ns, Total: 171935 ns
[2020-09-11T17:57:13.538+0000][1][safepoint    ] Safepoint "RevokeBias", Time since last: 567171 ns, Reaching safepoint: 17182 ns, At safepoint: 19589 ns, Total: 36771 ns
[2020-09-11T17:57:13.565+0000][1][safepoint    ] Safepoint "RevokeBias", Time since last: 27372581 ns, Reaching safepoint: 267477 ns, At safepoint: 23526 ns, Total: 291003 ns
[2020-09-11T17:57:13.593+0000][1][safepoint    ] Safepoint "RevokeBias", Time since last: 27600234 ns, Reaching safepoint: 39531 ns, At safepoint: 26079 ns, Total: 65610 ns
[2020-09-11T17:57:13.594+0000][1][safepoint    ] Safepoint "RevokeBias", Time since last: 919534 ns, Reaching safepoint: 28630 ns, At safepoint: 24209 ns, Total: 52839 ns
[2020-09-11T17:57:13.597+0000][1][safepoint    ] Safepoint "RevokeBias", Time since last: 2909255 ns, Reaching safepoint: 45526 ns, At safepoint: 28090 ns, Total: 73616 ns
[2020-09-11T17:57:13.623+0000][1][safepoint    ] Safepoint "RevokeBias", Time since last: 25520098 ns, Reaching safepoint: 139907 ns, At safepoint: 26468 ns, Total: 166375 ns
[2020-09-11T17:57:13.627+0000][1][safepoint    ] Safepoint "RevokeBias", Time since last: 3094876 ns, Reaching safepoint: 1078420 ns, At safepoint: 16670 ns, Total: 1095090 ns
[2020-09-11T17:57:13.644+0000][1][safepoint    ] Safepoint "RevokeBias", Time since last: 16582952 ns, Reaching safepoint: 108832 ns, At safepoint: 21964 ns, Total: 130796 ns
[2020-09-11T17:57:13.673+0000][1][safepoint    ] Safepoint "RevokeBias", Time since last: 28932379 ns, Reaching safepoint: 42908 ns, At safepoint: 16920 ns, Total: 59828 ns
[2020-09-11T17:57:13.674+0000][1][safepoint    ] Safepoint "RevokeBias", Time since last: 1564795 ns, Reaching safepoint: 107255 ns, At safepoint: 59027 ns, Total: 166282 ns
[2020-09-11T17:57:13.676+0000][1][safepoint    ] Safepoint "RevokeBias", Time since last: 1547899 ns, Reaching safepoint: 100453 ns, At safepoint: 13548 ns, Total: 114001 ns
[2020-09-11T17:57:13.676+0000][1][safepoint    ] Safepoint "RevokeBias", Time since last: 243748 ns, Reaching safepoint: 93393 ns, At safepoint: 14691 ns, Total: 108084 ns
[2020-09-11T17:57:13.676+0000][1][safepoint    ] Safepoint "RevokeBias", Time since last: 45317 ns, Reaching safepoint: 89560 ns, At safepoint: 13106 ns, Total: 102666 ns
[2020-09-11T17:57:13.677+0000][1][safepoint    ] Safepoint "RevokeBias", Time since last: 38830 ns, Reaching safepoint: 90261 ns, At safepoint: 13555 ns, Total: 103816 ns
[2020-09-11T17:57:13.681+0000][1][safepoint    ] Safepoint "RevokeBias", Time since last: 3867643 ns, Reaching safepoint: 106068 ns, At safepoint: 12706 ns, Total: 118774 ns
[2020-09-11T17:57:13.681+0000][1][safepoint    ] Safepoint "RevokeBias", Time since last: 65434 ns, Reaching safepoint: 87214 ns, At safepoint: 30296 ns, Total: 117510 ns
[2020-09-11T17:57:13.682+0000][1][safepoint    ] Safepoint "RevokeBias", Time since last: 1100229 ns, Reaching safepoint: 88757 ns, At safepoint: 14841 ns, Total: 103598 ns
[2020-09-11T17:57:13.682+0000][1][safepoint    ] Safepoint "RevokeBias", Time since last: 61258 ns, Reaching safepoint: 84640 ns, At safepoint: 12163 ns, Total: 96803 ns
[2020-09-11T17:57:13.690+0000][1][safepoint    ] Safepoint "RevokeBias", Time since last: 7470438 ns, Reaching safepoint: 119543 ns, At safepoint: 14730 ns, Total: 134273 ns
[2020-09-11T17:57:13.693+0000][1][safepoint    ] Safepoint "RevokeBias", Time since last: 1987661 ns, Reaching safepoint: 1041888 ns, At safepoint: 15991 ns, Total: 1057879 ns
[2020-09-11T17:57:13.705+0000][1][safepoint    ] Safepoint "RevokeBias", Time since last: 11968049 ns, Reaching safepoint: 114459 ns, At safepoint: 30950 ns, Total: 145409 ns
[2020-09-11T17:57:13.749+0000][1][safepoint    ] Safepoint "RevokeBias", Time since last: 43862516 ns, Reaching safepoint: 121013 ns, At safepoint: 97446 ns, Total: 218459 ns
[2020-09-11T17:57:13.949+0000][1][safepoint    ] Safepoint "RevokeBias", Time since last: 199789400 ns, Reaching safepoint: 325844 ns, At safepoint: 22048 ns, Total: 347892 ns
[2020-09-11T17:57:13.973+0000][1][safepoint    ] Safepoint "RevokeBias", Time since last: 23663385 ns, Reaching safepoint: 118698 ns, At safepoint: 49594 ns, Total: 168292 ns
[2020-09-11T17:57:13.979+0000][1][safepoint    ] Safepoint "RevokeBias", Time since last: 5867601 ns, Reaching safepoint: 117869 ns, At safepoint: 50567 ns, Total: 168436 ns
[2020-09-11T17:57:14.096+0000][1][safepoint    ] Safepoint "RevokeBias", Time since last: 116914797 ns, Reaching safepoint: 121279 ns, At safepoint: 21917 ns, Total: 143196 ns
[2020-09-11T17:57:14.097+0000][1][safepoint    ] Safepoint "RevokeBias", Time since last: 709451 ns, Reaching safepoint: 96555 ns, At safepoint: 48649 ns, Total: 145204 ns
[2020-09-11T17:57:14.110+0000][1][safepoint    ] Safepoint "RevokeBias", Time since last: 12939025 ns, Reaching safepoint: 110067 ns, At safepoint: 37670 ns, Total: 147737 ns
[2020-09-11T17:57:14.145+0000][1][safepoint    ] Safepoint "RevokeBias", Time since last: 34776911 ns, Reaching safepoint: 532188 ns, At safepoint: 23737 ns, Total: 555925 ns
[2020-09-11T17:57:14.166+0000][1][safepoint    ] Safepoint "RevokeBias", Time since last: 20787848 ns, Reaching safepoint: 114568 ns, At safepoint: 32404 ns, Total: 146972 ns
[2020-09-11T17:57:14.177+0000][1][safepoint    ] Safepoint "RevokeBias", Time since last: 10613329 ns, Reaching safepoint: 114403 ns, At safepoint: 19755 ns, Total: 134158 ns
[2020-09-11T17:57:14.228+0000][1][safepoint    ] Safepoint "RevokeBias", Time since last: 50814476 ns, Reaching safepoint: 129825 ns, At safepoint: 40131 ns, Total: 169956 ns
[2020-09-11T17:57:14.233+0000][1][safepoint    ] Safepoint "RevokeBias", Time since last: 5097583 ns, Reaching safepoint: 106407 ns, At safepoint: 33814 ns, Total: 140221 ns
[2020-09-11T17:57:14.234+0000][1][safepoint    ] Safepoint "RevokeBias", Time since last: 354566 ns, Reaching safepoint: 86537 ns, At safepoint: 26205 ns, Total: 112742 ns
[2020-09-11T17:57:14.240+0000][1][safepoint    ] Safepoint "RevokeBias", Time since last: 5819204 ns, Reaching safepoint: 110570 ns, At safepoint: 34985 ns, Total: 145555 ns
[2020-09-11T17:57:14.241+0000][1][safepoint    ] Safepoint "RevokeBias", Time since last: 802008 ns, Reaching safepoint: 88303 ns, At safepoint: 21659 ns, Total: 109962 ns
[2020-09-11T17:57:14.244+0000][1][safepoint    ] Safepoint "RevokeBias", Time since last: 2868099 ns, Reaching safepoint: 111985 ns, At safepoint: 38128 ns, Total: 150113 ns
[2020-09-11T17:57:14.246+0000][1][safepoint    ] Safepoint "RevokeBias", Time since last: 1978131 ns, Reaching safepoint: 110485 ns, At safepoint: 30100 ns, Total: 140585 ns
[2020-09-11T17:57:14.246+0000][1][safepoint    ] Safepoint "RevokeBias", Time since last: 113222 ns, Reaching safepoint: 87123 ns, At safepoint: 21285 ns, Total: 108408 ns
[2020-09-11T17:57:14.250+0000][1][safepoint    ] Safepoint "RevokeBias", Time since last: 231896 ns, Reaching safepoint: 3696004 ns, At safepoint: 38412 ns, Total: 3734416 ns
[2020-09-11T17:57:14.260+0000][1][safepoint    ] Safepoint "RevokeBias", Time since last: 9952303 ns, Reaching safepoint: 230505 ns, At safepoint: 26213 ns, Total: 256718 ns
[2020-09-11T17:57:14.265+0000][1][safepoint    ] Safepoint "RevokeBias", Time since last: 4769116 ns, Reaching safepoint: 120793 ns, At safepoint: 47519 ns, Total: 168312 ns
[2020-09-11T17:57:14.266+0000][1][safepoint    ] Safepoint "RevokeBias", Time since last: 350984 ns, Reaching safepoint: 93744 ns, At safepoint: 40361 ns, Total: 134105 ns
[2020-09-11T17:57:14.266+0000][1][safepoint    ] Safepoint "RevokeBias", Time since last: 67518 ns, Reaching safepoint: 89618 ns, At safepoint: 39276 ns, Total: 128894 ns
[2020-09-11T17:57:14.266+0000][1][safepoint    ] Safepoint "RevokeBias", Time since last: 155684 ns, Reaching safepoint: 89319 ns, At safepoint: 35851 ns, Total: 125170 ns
[2020-09-11T17:57:14.266+0000][1][safepoint    ] Safepoint "RevokeBias", Time since last: 69531 ns, Reaching safepoint: 88109 ns, At safepoint: 36293 ns, Total: 124402 ns
[2020-09-11T17:57:14.268+0000][1][safepoint    ] Safepoint "RevokeBias", Time since last: 1892503 ns, Reaching safepoint: 91064 ns, At safepoint: 41512 ns, Total: 132576 ns
[2020-09-11T17:57:14.269+0000][1][safepoint    ] Safepoint "RevokeBias", Time since last: 189362 ns, Reaching safepoint: 87718 ns, At safepoint: 40800 ns, Total: 128518 ns
[2020-09-11T17:57:14.273+0000][1][safepoint    ] Safepoint "RevokeBias", Time since last: 4221804 ns, Reaching safepoint: 112047 ns, At safepoint: 54802 ns, Total: 166849 ns
[2020-09-11T17:57:14.273+0000][1][safepoint    ] Safepoint "RevokeBias", Time since last: 328609 ns, Reaching safepoint: 88757 ns, At safepoint: 43988 ns, Total: 132745 ns
[2020-09-11T17:57:14.276+0000][1][safepoint    ] Safepoint "RevokeBias", Time since last: 1095280 ns, Reaching safepoint: 1308409 ns, At safepoint: 42308 ns, Total: 1350717 ns
[2020-09-11T17:57:14.277+0000][1][safepoint    ] Safepoint "RevokeBias", Time since last: 904187 ns, Reaching safepoint: 95952 ns, At safepoint: 32114 ns, Total: 128066 ns
[2020-09-11T17:57:14.277+0000][1][safepoint    ] Safepoint "RevokeBias", Time since last: 245487 ns, Reaching safepoint: 89951 ns, At safepoint: 49143 ns, Total: 139094 ns
[2020-09-11T17:57:14.277+0000][1][safepoint    ] Safepoint "RevokeBias", Time since last: 92960 ns, Reaching safepoint: 87947 ns, At safepoint: 19350 ns, Total: 107297 ns
[2020-09-11T17:57:14.278+0000][1][safepoint    ] Safepoint "RevokeBias", Time since last: 132036 ns, Reaching safepoint: 97987 ns, At safepoint: 58287 ns, Total: 156274 ns
[2020-09-11T17:57:14.278+0000][1][safepoint    ] Safepoint "RevokeBias", Time since last: 16690 ns, Reaching safepoint: 86666 ns, At safepoint: 107583 ns, Total: 194249 ns
[2020-09-11T17:57:14.278+0000][1][safepoint    ] Safepoint "RevokeBias", Time since last: 15841 ns, Reaching safepoint: 85985 ns, At safepoint: 219780 ns, Total: 305765 ns
[2020-09-11T17:57:14.283+0000][1][safepoint    ] Safepoint "BulkRevokeBias", Time since last: 15932 ns, Reaching safepoint: 87883 ns, At safepoint: 4438073 ns, Total: 4525956 ns
[2020-09-11T17:57:14.289+0000][1][safepoint    ] Safepoint "BulkRevokeBias", Time since last: 45432 ns, Reaching safepoint: 106763 ns, At safepoint: 5957377 ns, Total: 6064140 ns
[2020-09-11T17:57:14.289+0000][1][safepoint    ] Safepoint "RevokeBias", Time since last: 101087 ns, Reaching safepoint: 109364 ns, At safepoint: 23604 ns, Total: 132968 ns
[2020-09-11T17:57:14.301+0000][1][safepoint    ] Safepoint "RevokeBias", Time since last: 7595374 ns, Reaching safepoint: 4019529 ns, At safepoint: 26946 ns, Total: 4046475 ns
[2020-09-11T17:57:14.302+0000][1][safepoint    ] Safepoint "RevokeBias", Time since last: 622231 ns, Reaching safepoint: 89661 ns, At safepoint: 11008 ns, Total: 100669 ns
[2020-09-11T17:57:14.302+0000][1][safepoint    ] Safepoint "RevokeBias", Time since last: 346959 ns, Reaching safepoint: 85035 ns, At safepoint: 10624 ns, Total: 95659 ns
[2020-09-11T17:57:14.302+0000][1][safepoint    ] Safepoint "RevokeBias", Time since last: 329543 ns, Reaching safepoint: 84432 ns, At safepoint: 10429 ns, Total: 94861 ns
[2020-09-11T17:57:14.305+0000][1][safepoint    ] Safepoint "RevokeBias", Time since last: 2832609 ns, Reaching safepoint: 101225 ns, At safepoint: 15991 ns, Total: 117216 ns
[2020-09-11T17:57:14.312+0000][1][safepoint    ] Safepoint "RevokeBias", Time since last: 6066735 ns, Reaching safepoint: 116023 ns, At safepoint: 15497 ns, Total: 131520 ns
[2020-09-11T17:57:14.313+0000][1][safepoint    ] Safepoint "RevokeBias", Time since last: 1104164 ns, Reaching safepoint: 109331 ns, At safepoint: 12922 ns, Total: 122253 ns
[2020-09-11T17:57:14.317+0000][1][safepoint    ] Safepoint "RevokeBias", Time since last: 4068225 ns, Reaching safepoint: 111010 ns, At safepoint: 18751 ns, Total: 129761 ns
[2020-09-11T17:57:14.318+0000][1][safepoint    ] Safepoint "RevokeBias", Time since last: 458980 ns, Reaching safepoint: 84665 ns, At safepoint: 15130 ns, Total: 99795 ns
[2020-09-11T17:57:14.318+0000][1][safepoint    ] Safepoint "RevokeBias", Time since last: 652913 ns, Reaching safepoint: 86071 ns, At safepoint: 13440 ns, Total: 99511 ns
[2020-09-11T17:57:14.326+0000][1][safepoint    ] Safepoint "BulkRevokeBias", Time since last: 7087155 ns, Reaching safepoint: 375643 ns, At safepoint: 123415 ns, Total: 499058 ns
[2020-09-11T17:57:14.537+0000][1][safepoint    ] Safepoint "RevokeBias", Time since last: 211247241 ns, Reaching safepoint: 132426 ns, At safepoint: 17588 ns, Total: 150014 ns
[2020-09-11T17:57:15.543+0000][1][safepoint    ] Safepoint "Cleanup", Time since last: 1003612497 ns, Reaching safepoint: 1726143 ns, At safepoint: 10922 ns, Total: 1737065 ns
[2020-09-11T17:57:15.558+0000][1][safepoint    ] Safepoint "RevokeBias", Time since last: 15447590 ns, Reaching safepoint: 116190 ns, At safepoint: 29451 ns, Total: 145641 ns
[2020-09-11T17:57:16.561+0000][1][safepoint    ] Safepoint "Cleanup", Time since last: 1002546067 ns, Reaching safepoint: 680356 ns, At safepoint: 7873 ns, Total: 688229 ns
[2020-09-11T17:57:16.749+0000][1][safepoint    ] Safepoint "RevokeBias", Time since last: 187038281 ns, Reaching safepoint: 306236 ns, At safepoint: 20800 ns, Total: 327036 ns
[2020-09-11T17:57:16.765+0000][1][safepoint    ] Safepoint "RevokeBias", Time since last: 14603496 ns, Reaching safepoint: 1378462 ns, At safepoint: 23233 ns, Total: 1401695 ns
[2020-09-11T17:57:16.804+0000][1][safepoint    ] Safepoint "RevokeBias", Time since last: 36660854 ns, Reaching safepoint: 2786340 ns, At safepoint: 32721 ns, Total: 2819061 ns
[2020-09-11T17:57:16.809+0000][1][safepoint    ] Safepoint "RevokeBias", Time since last: 1152188 ns, Reaching safepoint: 3356442 ns, At safepoint: 28366 ns, Total: 3384808 ns
[2020-09-11T17:57:16.812+0000][1][safepoint    ] Safepoint "RevokeBias", Time since last: 2849771 ns, Reaching safepoint: 108461 ns, At safepoint: 19811 ns, Total: 128272 ns
[2020-09-11T17:57:16.813+0000][1][safepoint    ] Safepoint "RevokeBias", Time since last: 57101 ns, Reaching safepoint: 900491 ns, At safepoint: 21247 ns, Total: 921738 ns
[2020-09-11T17:57:16.826+0000][1][safepoint    ] Safepoint "RevokeBias", Time since last: 9901659 ns, Reaching safepoint: 3183591 ns, At safepoint: 23775 ns, Total: 3207366 ns
[2020-09-11T17:57:16.851+0000][1][safepoint    ] Safepoint "RevokeBias", Time since last: 24912251 ns, Reaching safepoint: 120897 ns, At safepoint: 32099 ns, Total: 152996 ns
[2020-09-11T17:57:16.852+0000][1][safepoint    ] Safepoint "RevokeBias", Time since last: 585488 ns, Reaching safepoint: 89653 ns, At safepoint: 21035 ns, Total: 110688 ns
[2020-09-11T17:57:16.852+0000][1][safepoint    ] Safepoint "RevokeBias", Time since last: 514199 ns, Reaching safepoint: 88268 ns, At safepoint: 12374 ns, Total: 100642 ns
[2020-09-11T17:57:16.885+0000][1][safepoint    ] Safepoint "RevokeBias", Time since last: 28949418 ns, Reaching safepoint: 3571916 ns, At safepoint: 36480 ns, Total: 3608396 ns
[2020-09-11T17:57:16.897+0000][1][safepoint    ] Safepoint "RevokeBias", Time since last: 8840245 ns, Reaching safepoint: 3131920 ns, At safepoint: 65521 ns, Total: 3197441 ns
[2020-09-11T17:57:16.913+0000][1][safepoint    ] Safepoint "RevokeBias", Time since last: 16079660 ns, Reaching safepoint: 325797 ns, At safepoint: 54810 ns, Total: 380607 ns
[2020-09-11T17:57:16.914+0000][1][safepoint    ] Safepoint "RevokeBias", Time since last: 584998 ns, Reaching safepoint: 93503 ns, At safepoint: 44624 ns, Total: 138127 ns
[2020-09-11T17:57:16.914+0000][1][safepoint    ] Safepoint "RevokeBias", Time since last: 95960 ns, Reaching safepoint: 87993 ns, At safepoint: 40139 ns, Total: 128132 ns
[2020-09-11T17:57:16.921+0000][1][safepoint    ] Safepoint "RevokeBias", Time since last: 6498063 ns, Reaching safepoint: 179698 ns, At safepoint: 56665 ns, Total: 236363 ns
[2020-09-11T17:57:16.922+0000][1][safepoint    ] Safepoint "RevokeBias", Time since last: 673631 ns, Reaching safepoint: 96899 ns, At safepoint: 12266 ns, Total: 109165 ns
[2020-09-11T17:57:17.049+0000][1][safepoint    ] Safepoint "RevokeBias", Time since last: 126695459 ns, Reaching safepoint: 120586 ns, At safepoint: 16675 ns, Total: 137261 ns
[2020-09-11T17:57:17.573+0000][1][safepoint    ] Safepoint "RevokeBias", Time since last: 524162434 ns, Reaching safepoint: 137430 ns, At safepoint: 21278 ns, Total: 158708 ns
[2020-09-11T17:57:17.573+0000][1][safepoint    ] Safepoint "RevokeBias", Time since last: 226252 ns, Reaching safepoint: 87387 ns, At safepoint: 41431 ns, Total: 128818 ns
[2020-09-11T17:57:17.574+0000][1][safepoint    ] Safepoint "BulkRevokeBias", Time since last: 651983 ns, Reaching safepoint: 88653 ns, At safepoint: 121225 ns, Total: 209878 ns
[2020-09-11T17:57:17.609+0000][1][safepoint    ] Safepoint "RevokeBias", Time since last: 26624043 ns, Reaching safepoint: 8016017 ns, At safepoint: 44447 ns, Total: 8060464 ns
[2020-09-11T17:57:17.874+0000][1][safepoint    ] Safepoint "RevokeBias", Time since last: 264471498 ns, Reaching safepoint: 801385 ns, At safepoint: 17251 ns, Total: 818636 ns
[2020-09-11T17:57:17.917+0000][1][safepoint    ] Safepoint "RevokeBias", Time since last: 42643284 ns, Reaching safepoint: 126534 ns, At safepoint: 44366 ns, Total: 170900 ns
[2020-09-11T17:57:18.104+0000][1][safepoint    ] Safepoint "RevokeBias", Time since last: 187103654 ns, Reaching safepoint: 119075 ns, At safepoint: 14176 ns, Total: 133251 ns
[2020-09-11T17:57:18.613+0000][1][safepoint    ] Safepoint "RevokeBias", Time since last: 508574526 ns, Reaching safepoint: 146360 ns, At safepoint: 21645 ns, Total: 168005 ns
[2020-09-11T17:57:18.613+0000][1][safepoint    ] Safepoint "RevokeBias", Time since last: 69928 ns, Reaching safepoint: 102643 ns, At safepoint: 15793 ns, Total: 118436 ns
[2020-09-11T17:57:19.416+0000][1][gc,start     ] GC(66) Pause Young (Allocation Failure)
[2020-09-11T17:57:19.443+0000][1][gc,task      ] GC(66) Using 1 workers of 1 for evacuation
[2020-09-11T17:57:19.564+0000][1][gc,age       ] GC(66) Desired survivor size 4358144 bytes, new threshold 6 (max threshold 6)
[2020-09-11T17:57:19.564+0000][1][gc,age       ] GC(66) Age table with threshold 6 (max threshold 6)
[2020-09-11T17:57:19.564+0000][1][gc,age       ] GC(66) - age   1:    1868120 bytes,    1868120 total
[2020-09-11T17:57:19.564+0000][1][gc,age       ] GC(66) - age   2:    1273120 bytes,    3141240 total
[2020-09-11T17:57:19.564+0000][1][gc,heap      ] GC(66) ParNew: 74271K->5084K(76672K)
[2020-09-11T17:57:19.564+0000][1][gc,heap      ] GC(66) CMS: 91972K->95423K(2011968K)
[2020-09-11T17:57:19.564+0000][1][gc,metaspace ] GC(66) Metaspace: 74626K->74626K(1118208K)
[2020-09-11T17:57:19.564+0000][1][gc           ] GC(66) Pause Young (Allocation Failure) 162M->98M(2039M) 148.427ms
[2020-09-11T17:57:19.564+0000][1][gc,cpu       ] GC(66) User=0.05s Sys=0.00s Real=0.15s
[2020-09-11T17:57:19.602+0000][1][safepoint    ] Safepoint "GenCollectForAllocation", Time since last: 802523312 ns, Reaching safepoint: 130784 ns, At safepoint: 185972987 ns, Total: 186103771 ns
[2020-09-11T17:57:19.638+0000][1][safepoint    ] Safepoint "RevokeBias", Time since last: 23030865 ns, Reaching safepoint: 13100018 ns, At safepoint: 63238 ns, Total: 13163256 ns
[2020-09-11T17:57:19.789+0000][1][safepoint    ] Safepoint "RevokeBias", Time since last: 150922141 ns, Reaching safepoint: 122875 ns, At safepoint: 47215 ns, Total: 170090 ns
[2020-09-11T17:57:19.855+0000][1][safepoint    ] Safepoint "RevokeBias", Time since last: 65501862 ns, Reaching safepoint: 530915 ns, At safepoint: 21273 ns, Total: 552188 ns
[2020-09-11T17:57:19.857+0000][1][safepoint    ] Safepoint "RevokeBias", Time since last: 2135659 ns, Reaching safepoint: 113134 ns, At safepoint: 18837 ns, Total: 131971 ns
[2020-09-11T17:57:19.861+0000][1][safepoint    ] Safepoint "RevokeBias", Time since last: 3757750 ns, Reaching safepoint: 112349 ns, At safepoint: 18942 ns, Total: 131291 ns
[2020-09-11T17:57:19.997+0000][1][safepoint    ] Safepoint "RevokeBias", Time since last: 135597677 ns, Reaching safepoint: 116615 ns, At safepoint: 23112 ns, Total: 139727 ns
[2020-09-11T17:57:20.143+0000][1][safepoint    ] Safepoint "RevokeBias", Time since last: 145619501 ns, Reaching safepoint: 115323 ns, At safepoint: 20360 ns, Total: 135683 ns
[2020-09-11T17:57:20.236+0000][1][safepoint    ] Safepoint "RevokeBias", Time since last: 92797020 ns, Reaching safepoint: 118830 ns, At safepoint: 29108 ns, Total: 147938 ns
[2020-09-11T17:57:20.337+0000][1][safepoint    ] Safepoint "RevokeBias", Time since last: 101159632 ns, Reaching safepoint: 119651 ns, At safepoint: 24764 ns, Total: 144415 ns
[2020-09-11T17:57:20.391+0000][1][safepoint    ] Safepoint "RevokeBias", Time since last: 48914449 ns, Reaching safepoint: 5044088 ns, At safepoint: 29693 ns, Total: 5073781 ns
[2020-09-11T17:57:20.547+0000][1][safepoint    ] Safepoint "RevokeBias", Time since last: 155652371 ns, Reaching safepoint: 134082 ns, At safepoint: 19954 ns, Total: 154036 ns
[2020-09-11T17:57:20.642+0000][1][safepoint    ] Safepoint "RevokeBias", Time since last: 94880574 ns, Reaching safepoint: 126184 ns, At safepoint: 28632 ns, Total: 154816 ns
[2020-09-11T17:57:20.642+0000][1][safepoint    ] Safepoint "RevokeBias", Time since last: 245555 ns, Reaching safepoint: 100127 ns, At safepoint: 14757 ns, Total: 114884 ns
[2020-09-11T17:57:20.642+0000][1][safepoint    ] Safepoint "RevokeBias", Time since last: 44429 ns, Reaching safepoint: 93727 ns, At safepoint: 12677 ns, Total: 106404 ns
[2020-09-11T17:57:20.643+0000][1][safepoint    ] Safepoint "RevokeBias", Time since last: 143665 ns, Reaching safepoint: 92931 ns, At safepoint: 12802 ns, Total: 105733 ns
[2020-09-11T17:57:20.644+0000][1][safepoint    ] Safepoint "RevokeBias", Time since last: 1394430 ns, Reaching safepoint: 98323 ns, At safepoint: 14982 ns, Total: 113305 ns
[2020-09-11T17:57:20.669+0000][1][safepoint    ] Safepoint "RevokeBias", Time since last: 24731747 ns, Reaching safepoint: 148678 ns, At safepoint: 28088 ns, Total: 176766 ns
[2020-09-11T17:57:20.669+0000][1][safepoint    ] Safepoint "RevokeBias", Time since last: 140555 ns, Reaching safepoint: 32970 ns, At safepoint: 13817 ns, Total: 46787 ns
[2020-09-11T17:57:20.847+0000][1][safepoint    ] Safepoint "Deoptimize", Time since last: 177453095 ns, Reaching safepoint: 121392 ns, At safepoint: 413821 ns, Total: 535213 ns
[2020-09-11T17:57:20.958+0000][1][safepoint    ] Safepoint "BulkRevokeBias", Time since last: 110772978 ns, Reaching safepoint: 146597 ns, At safepoint: 149935 ns, Total: 296532 ns
[2020-09-11T17:57:20.959+0000][1][safepoint    ] Safepoint "BulkRevokeBias", Time since last: 76973 ns, Reaching safepoint: 100626 ns, At safepoint: 122807 ns, Total: 223433 ns
[2020-09-11T17:57:20.971+0000][1][safepoint    ] Safepoint "RevokeBias", Time since last: 12270633 ns, Reaching safepoint: 114848 ns, At safepoint: 17759 ns, Total: 132607 ns
[2020-09-11T17:57:20.971+0000][1][safepoint    ] Safepoint "RevokeBias", Time since last: 240800 ns, Reaching safepoint: 103445 ns, At safepoint: 13990 ns, Total: 117435 ns
[2020-09-11T17:57:20.997+0000][1][safepoint    ] Safepoint "RevokeBias", Time since last: 25451024 ns, Reaching safepoint: 120107 ns, At safepoint: 19841 ns, Total: 139948 ns
[2020-09-11T17:57:20.997+0000][1][safepoint    ] Safepoint "RevokeBias", Time since last: 228496 ns, Reaching safepoint: 106006 ns, At safepoint: 15779 ns, Total: 121785 ns
[2020-09-11T17:57:21.099+0000][1][safepoint    ] Safepoint "RevokeBias", Time since last: 101894279 ns, Reaching safepoint: 128405 ns, At safepoint: 19908 ns, Total: 148313 ns
[2020-09-11T17:57:21.111+0000][1][safepoint    ] Safepoint "RevokeBias", Time since last: 11610419 ns, Reaching safepoint: 124643 ns, At safepoint: 20710 ns, Total: 145353 ns
[2020-09-11T17:57:21.111+0000][1][safepoint    ] Safepoint "RevokeBias", Time since last: 129190 ns, Reaching safepoint: 99960 ns, At safepoint: 14579 ns, Total: 114539 ns
[2020-09-11T17:57:21.125+0000][1][safepoint    ] Safepoint "RevokeBias", Time since last: 14074656 ns, Reaching safepoint: 93961 ns, At safepoint: 20732 ns, Total: 114693 ns
[2020-09-11T17:57:21.126+0000][1][safepoint    ] Safepoint "RevokeBias", Time since last: 794387 ns, Reaching safepoint: 107676 ns, At safepoint: 17232 ns, Total: 124908 ns
[2020-09-11T17:57:21.129+0000][1][safepoint    ] Safepoint "RevokeBias", Time since last: 2930364 ns, Reaching safepoint: 113590 ns, At safepoint: 15242 ns, Total: 128832 ns
[2020-09-11T17:57:21.161+0000][1][safepoint    ] Safepoint "RevokeBias", Time since last: 31313767 ns, Reaching safepoint: 178098 ns, At safepoint: 33511 ns, Total: 211609 ns
[2020-09-11T17:57:21.177+0000][1][safepoint    ] Safepoint "RevokeBias", Time since last: 12312705 ns, Reaching safepoint: 3665788 ns, At safepoint: 22617 ns, Total: 3688405 ns
[2020-09-11T17:57:21.349+0000][1][safepoint    ] Safepoint "RevokeBias", Time since last: 172306048 ns, Reaching safepoint: 118611 ns, At safepoint: 10057 ns, Total: 128668 ns
[2020-09-11T17:57:21.350+0000][1][safepoint    ] Safepoint "RevokeBias", Time since last: 116859 ns, Reaching safepoint: 100283 ns, At safepoint: 7130 ns, Total: 107413 ns
[2020-09-11T17:57:22.369+0000][1][safepoint    ] Safepoint "RevokeBias", Time since last: 1015378940 ns, Reaching safepoint: 3766067 ns, At safepoint: 28325 ns, Total: 3794392 ns
[2020-09-11T17:57:22.392+0000][1][safepoint    ] Safepoint "RevokeBias", Time since last: 13287243 ns, Reaching safepoint: 9703495 ns, At safepoint: 18651 ns, Total: 9722146 ns
[2020-09-11T17:57:22.392+0000][1][safepoint    ] Safepoint "RevokeBias", Time since last: 86067 ns, Reaching safepoint: 119175 ns, At safepoint: 10490 ns, Total: 129665 ns
[2020-09-11T17:57:22.613+0000][1][safepoint    ] Safepoint "Deoptimize", Time since last: 220725422 ns, Reaching safepoint: 142081 ns, At safepoint: 440814 ns, Total: 582895 ns
[2020-09-11T17:57:22.645+0000][1][safepoint    ] Safepoint "RevokeBias", Time since last: 29237641 ns, Reaching safepoint: 2212051 ns, At safepoint: 26431 ns, Total: 2238482 ns
[2020-09-11T17:57:22.683+0000][1][safepoint    ] Safepoint "RevokeBias", Time since last: 36577516 ns, Reaching safepoint: 1577269 ns, At safepoint: 14674 ns, Total: 1591943 ns
[2020-09-11T17:57:22.685+0000][1][safepoint    ] Safepoint "RevokeBias", Time since last: 412462 ns, Reaching safepoint: 1386416 ns, At safepoint: 12261 ns, Total: 1398677 ns
[2020-09-11T17:57:22.693+0000][1][safepoint    ] Safepoint "RevokeBias", Time since last: 8029312 ns, Reaching safepoint: 220331 ns, At safepoint: 75887 ns, Total: 296218 ns
[2020-09-11T17:57:22.700+0000][1][safepoint    ] Safepoint "RevokeBias", Time since last: 6719121 ns, Reaching safepoint: 181804 ns, At safepoint: 11388 ns, Total: 193192 ns
[2020-09-11T17:57:22.701+0000][1][safepoint    ] Safepoint "RevokeBias", Time since last: 725191 ns, Reaching safepoint: 421184 ns, At safepoint: 75320 ns, Total: 496504 ns
[2020-09-11T17:57:22.712+0000][1][safepoint    ] Safepoint "RevokeBias", Time since last: 9885617 ns, Reaching safepoint: 880961 ns, At safepoint: 13158 ns, Total: 894119 ns
[2020-09-11T17:57:22.745+0000][1][safepoint    ] Safepoint "RevokeBias", Time since last: 32716638 ns, Reaching safepoint: 135831 ns, At safepoint: 20382 ns, Total: 156213 ns
[2020-09-11T17:57:22.809+0000][1][safepoint    ] Safepoint "RevokeBias", Time since last: 64103553 ns, Reaching safepoint: 130888 ns, At safepoint: 14714 ns, Total: 145602 ns
[2020-09-11T17:57:23.107+0000][1][safepoint    ] Safepoint "RevokeBias", Time since last: 296971824 ns, Reaching safepoint: 1086845 ns, At safepoint: 21878 ns, Total: 1108723 ns
[2020-09-11T17:57:23.113+0000][1][safepoint    ] Safepoint "RevokeBias", Time since last: 5605272 ns, Reaching safepoint: 260829 ns, At safepoint: 19476 ns, Total: 280305 ns
[2020-09-11T17:57:23.141+0000][1][safepoint    ] Safepoint "RevokeBias", Time since last: 25998637 ns, Reaching safepoint: 1671594 ns, At safepoint: 17565 ns, Total: 1689159 ns
[2020-09-11T17:57:23.144+0000][1][safepoint    ] Safepoint "RevokeBias", Time since last: 69031 ns, Reaching safepoint: 2792568 ns, At safepoint: 11359 ns, Total: 2803927 ns
[2020-09-11T17:57:23.144+0000][1][safepoint    ] Safepoint "RevokeBias", Time since last: 117492 ns, Reaching safepoint: 118409 ns, At safepoint: 17062 ns, Total: 135471 ns
[2020-09-11T17:57:23.157+0000][1][gc,start     ] GC(67) Pause Young (Allocation Failure)
[2020-09-11T17:57:23.157+0000][1][gc,task      ] GC(67) Using 1 workers of 1 for evacuation
[2020-09-11T17:57:23.204+0000][1][gc,age       ] GC(67) Desired survivor size 4358144 bytes, new threshold 3 (max threshold 6)
[2020-09-11T17:57:23.204+0000][1][gc,age       ] GC(67) Age table with threshold 3 (max threshold 6)
[2020-09-11T17:57:23.204+0000][1][gc,age       ] GC(67) - age   1:    1811968 bytes,    1811968 total
[2020-09-11T17:57:23.204+0000][1][gc,age       ] GC(67) - age   2:    1632200 bytes,    3444168 total
[2020-09-11T17:57:23.204+0000][1][gc,age       ] GC(67) - age   3:    1214744 bytes,    4658912 total
[2020-09-11T17:57:23.204+0000][1][gc,heap      ] GC(67) ParNew: 73244K->7143K(76672K)
[2020-09-11T17:57:23.204+0000][1][gc,heap      ] GC(67) CMS: 95423K->95423K(2011968K)
[2020-09-11T17:57:23.204+0000][1][gc,metaspace ] GC(67) Metaspace: 78029K->78029K(1120256K)
[2020-09-11T17:57:23.204+0000][1][gc           ] GC(67) Pause Young (Allocation Failure) 164M->100M(2039M) 47.154ms
[2020-09-11T17:57:23.204+0000][1][gc,cpu       ] GC(67) User=0.03s Sys=0.00s Real=0.05s
[2020-09-11T17:57:23.214+0000][1][safepoint    ] Safepoint "GenCollectForAllocation", Time since last: 10972914 ns, Reaching safepoint: 1893151 ns, At safepoint: 57551148 ns, Total: 59444299 ns
[2020-09-11T17:57:23.242+0000][1][safepoint    ] Safepoint "RevokeBias", Time since last: 26411054 ns, Reaching safepoint: 696694 ns, At safepoint: 34424 ns, Total: 731118 ns
[2020-09-11T17:57:23.345+0000][1][safepoint    ] Safepoint "RevokeBias", Time since last: 102237843 ns, Reaching safepoint: 1057093 ns, At safepoint: 22201 ns, Total: 1079294 ns
[2020-09-11T17:57:23.367+0000][1][safepoint    ] Safepoint "RevokeBias", Time since last: 20588533 ns, Reaching safepoint: 1981187 ns, At safepoint: 20273 ns, Total: 2001460 ns
[2020-09-11T17:57:23.434+0000][1][safepoint    ] Safepoint "RevokeBias", Time since last: 66297017 ns, Reaching safepoint: 127039 ns, At safepoint: 25069 ns, Total: 152108 ns
[2020-09-11T17:57:23.441+0000][1][safepoint    ] Safepoint "RevokeBias", Time since last: 6897157 ns, Reaching safepoint: 195179 ns, At safepoint: 16758 ns, Total: 211937 ns
[2020-09-11T17:57:23.531+0000][1][safepoint    ] Safepoint "RevokeBias", Time since last: 89839794 ns, Reaching safepoint: 142198 ns, At safepoint: 20375 ns, Total: 162573 ns
[2020-09-11T17:57:23.574+0000][1][safepoint    ] Safepoint "RevokeBias", Time since last: 42952784 ns, Reaching safepoint: 86238 ns, At safepoint: 14568 ns, Total: 100806 ns
[2020-09-11T17:57:23.613+0000][1][safepoint    ] Safepoint "RevokeBias", Time since last: 39074700 ns, Reaching safepoint: 192487 ns, At safepoint: 19051 ns, Total: 211538 ns
[2020-09-11T17:57:23.679+0000][1][safepoint    ] Safepoint "RevokeBias", Time since last: 65545356 ns, Reaching safepoint: 462960 ns, At safepoint: 17769 ns, Total: 480729 ns
[2020-09-11T17:57:24.680+0000][1][safepoint    ] Safepoint "Cleanup", Time since last: 1000111590 ns, Reaching safepoint: 79236 ns, At safepoint: 6569 ns, Total: 85805 ns
[2020-09-11T17:57:25.680+0000][1][safepoint    ] Safepoint "Cleanup", Time since last: 1000139078 ns, Reaching safepoint: 117809 ns, At safepoint: 7237 ns, Total: 125046 ns
[2020-09-11T17:57:26.557+0000][1][safepoint    ] Safepoint "RevokeBias", Time since last: 872989990 ns, Reaching safepoint: 4018973 ns, At safepoint: 23544 ns, Total: 4042517 ns
[2020-09-11T17:57:26.572+0000][1][gc,start     ] GC(68) Pause Young (Allocation Failure)
[2020-09-11T17:57:26.573+0000][1][gc,task      ] GC(68) Using 1 workers of 1 for evacuation
[2020-09-11T17:57:26.657+0000][1][gc,age       ] GC(68) Desired survivor size 4358144 bytes, new threshold 6 (max threshold 6)
[2020-09-11T17:57:26.657+0000][1][gc,age       ] GC(68) Age table with threshold 6 (max threshold 6)
[2020-09-11T17:57:26.657+0000][1][gc,age       ] GC(68) - age   1:     224872 bytes,     224872 total
[2020-09-11T17:57:26.657+0000][1][gc,age       ] GC(68) - age   2:    1742000 bytes,    1966872 total
[2020-09-11T17:57:26.657+0000][1][gc,age       ] GC(68) - age   3:    1623968 bytes,    3590840 total
[2020-09-11T17:57:26.657+0000][1][gc,heap      ] GC(68) ParNew: 75284K->4305K(76672K)
[2020-09-11T17:57:26.657+0000][1][gc,heap      ] GC(68) CMS: 95423K->96634K(2011968K)
[2020-09-11T17:57:26.657+0000][1][gc,metaspace ] GC(68) Metaspace: 78697K->78697K(1122304K)
[2020-09-11T17:57:26.657+0000][1][gc           ] GC(68) Pause Young (Allocation Failure) 166M->98M(2039M) 84.915ms
[2020-09-11T17:57:26.657+0000][1][gc,cpu       ] GC(68) User=0.03s Sys=0.00s Real=0.09s
[2020-09-11T17:57:26.661+0000][1][safepoint    ] Safepoint "GenCollectForAllocation", Time since last: 14682061 ns, Reaching safepoint: 945375 ns, At safepoint: 88382987 ns, Total: 89328362 ns
[2020-09-11T17:57:26.791+0000][1][safepoint    ] Safepoint "RevokeBias", Time since last: 129700781 ns, Reaching safepoint: 130544 ns, At safepoint: 10140 ns, Total: 140684 ns
[2020-09-11T17:57:26.903+0000][1][safepoint    ] Safepoint "RevokeBias", Time since last: 112224730 ns, Reaching safepoint: 104456 ns, At safepoint: 10354 ns, Total: 114810 ns
[2020-09-11T17:57:26.905+0000][1][safepoint    ] Safepoint "RevokeBias", Time since last: 221074 ns, Reaching safepoint: 1651038 ns, At safepoint: 10964 ns, Total: 1662002 ns
[2020-09-11T17:57:26.965+0000][1][safepoint    ] Safepoint "RevokeBias", Time since last: 57154691 ns, Reaching safepoint: 2744771 ns, At safepoint: 22373 ns, Total: 2767144 ns
[2020-09-11T17:57:27.009+0000][1][safepoint    ] Safepoint "RevokeBias", Time since last: 44425293 ns, Reaching safepoint: 133064 ns, At safepoint: 23780 ns, Total: 156844 ns
[2020-09-11T17:57:27.050+0000][1][safepoint    ] Safepoint "RevokeBias", Time since last: 40181638 ns, Reaching safepoint: 424389 ns, At safepoint: 17349 ns, Total: 441738 ns
[2020-09-11T17:57:27.173+0000][1][safepoint    ] Safepoint "Deoptimize", Time since last: 121735029 ns, Reaching safepoint: 1029176 ns, At safepoint: 423141 ns, Total: 1452317 ns
[2020-09-11T17:57:27.192+0000][1][safepoint    ] Safepoint "RevokeBias", Time since last: 17799517 ns, Reaching safepoint: 1210918 ns, At safepoint: 35615 ns, Total: 1246533 ns
[2020-09-11T17:57:27.193+0000][1][safepoint    ] Safepoint "RevokeBias", Time since last: 71740 ns, Reaching safepoint: 458855 ns, At safepoint: 61997 ns, Total: 520852 ns
[2020-09-11T17:57:27.223+0000][1][safepoint    ] Safepoint "RevokeBias", Time since last: 29909946 ns, Reaching safepoint: 549191 ns, At safepoint: 10069 ns, Total: 559260 ns
[2020-09-11T17:57:27.234+0000][1][safepoint    ] Safepoint "Deoptimize", Time since last: 9886541 ns, Reaching safepoint: 123257 ns, At safepoint: 472785 ns, Total: 596042 ns
[2020-09-11T17:57:27.241+0000][1][safepoint    ] Safepoint "RevokeBias", Time since last: 6984544 ns, Reaching safepoint: 128135 ns, At safepoint: 31920 ns, Total: 160055 ns
[2020-09-11T17:57:27.360+0000][1][safepoint    ] Safepoint "RevokeBias", Time since last: 118998003 ns, Reaching safepoint: 343666 ns, At safepoint: 33865 ns, Total: 377531 ns
[2020-09-11T17:57:27.425+0000][1][safepoint    ] Safepoint "RevokeBias", Time since last: 63825910 ns, Reaching safepoint: 658518 ns, At safepoint: 32655 ns, Total: 691173 ns
[2020-09-11T17:57:27.469+0000][1][safepoint    ] Safepoint "RevokeBias", Time since last: 40502498 ns, Reaching safepoint: 3471844 ns, At safepoint: 26807 ns, Total: 3498651 ns
[2020-09-11T17:57:27.685+0000][1][safepoint    ] Safepoint "RevokeBias", Time since last: 215917199 ns, Reaching safepoint: 456518 ns, At safepoint: 18419 ns, Total: 474937 ns
[2020-09-11T17:57:27.861+0000][1][safepoint    ] Safepoint "RevokeBias", Time since last: 175683445 ns, Reaching safepoint: 204461 ns, At safepoint: 18734 ns, Total: 223195 ns
[2020-09-11T17:57:27.869+0000][1][safepoint    ] Safepoint "RevokeBias", Time since last: 2040609 ns, Reaching safepoint: 5627292 ns, At safepoint: 30859 ns, Total: 5658151 ns
[2020-09-11T17:57:27.884+0000][1][safepoint    ] Safepoint "RevokeBias", Time since last: 14007262 ns, Reaching safepoint: 840978 ns, At safepoint: 22872 ns, Total: 863850 ns
[2020-09-11T17:57:28.015+0000][1][safepoint    ] Safepoint "RevokeBias", Time since last: 129307911 ns, Reaching safepoint: 1789177 ns, At safepoint: 22464 ns, Total: 1811641 ns
[2020-09-11T17:57:28.037+0000][1][safepoint    ] Safepoint "RevokeBias", Time since last: 19654633 ns, Reaching safepoint: 2315605 ns, At safepoint: 27462 ns, Total: 2343067 ns
[2020-09-11T17:57:28.075+0000][1][safepoint    ] Safepoint "RevokeBias", Time since last: 36074495 ns, Reaching safepoint: 1630202 ns, At safepoint: 24899 ns, Total: 1655101 ns
[2020-09-11T17:57:28.098+0000][1][safepoint    ] Safepoint "RevokeBias", Time since last: 22259371 ns, Reaching safepoint: 843464 ns, At safepoint: 15861 ns, Total: 859325 ns
[2020-09-11T17:57:28.183+0000][1][safepoint    ] Safepoint "RevokeBias", Time since last: 85616430 ns, Reaching safepoint: 137160 ns, At safepoint: 11782 ns, Total: 148942 ns
[2020-09-11T17:57:28.190+0000][1][safepoint    ] Safepoint "RevokeBias", Time since last: 5916387 ns, Reaching safepoint: 212785 ns, At safepoint: 23692 ns, Total: 236477 ns
[2020-09-11T17:57:28.266+0000][1][safepoint    ] Safepoint "RevokeBias", Time since last: 76330940 ns, Reaching safepoint: 207940 ns, At safepoint: 23887 ns, Total: 231827 ns
[2020-09-11T17:57:28.272+0000][1][safepoint    ] Safepoint "RevokeBias", Time since last: 5273672 ns, Reaching safepoint: 120752 ns, At safepoint: 175180 ns, Total: 295932 ns
[2020-09-11T17:57:28.393+0000][1][safepoint    ] Safepoint "Deoptimize", Time since last: 121037211 ns, Reaching safepoint: 141384 ns, At safepoint: 452027 ns, Total: 593411 ns
[2020-09-11T17:57:28.618+0000][1][safepoint    ] Safepoint "RevokeBias", Time since last: 224784564 ns, Reaching safepoint: 142009 ns, At safepoint: 28017 ns, Total: 170026 ns
[2020-09-11T17:57:29.006+0000][1][safepoint    ] Safepoint "RevokeBias", Time since last: 387072531 ns, Reaching safepoint: 143987 ns, At safepoint: 16671 ns, Total: 160658 ns
[2020-09-11T17:57:29.023+0000][1][safepoint    ] Safepoint "RevokeBias", Time since last: 17171327 ns, Reaching safepoint: 49859 ns, At safepoint: 17162 ns, Total: 67021 ns
[2020-09-11T17:57:29.023+0000][1][safepoint    ] Safepoint "RevokeBias", Time since last: 78679 ns, Reaching safepoint: 32523 ns, At safepoint: 12393 ns, Total: 44916 ns
[2020-09-11T17:57:29.043+0000][1][safepoint    ] Safepoint "RevokeBias", Time since last: 20026603 ns, Reaching safepoint: 132913 ns, At safepoint: 19469 ns, Total: 152382 ns
[2020-09-11T17:57:29.043+0000][1][safepoint    ] Safepoint "RevokeBias", Time since last: 104331 ns, Reaching safepoint: 95311 ns, At safepoint: 12421 ns, Total: 107732 ns
[2020-09-11T17:57:29.075+0000][1][safepoint    ] Safepoint "RevokeBias", Time since last: 31661111 ns, Reaching safepoint: 47351 ns, At safepoint: 16086 ns, Total: 63437 ns
[2020-09-11T17:57:29.075+0000][1][safepoint    ] Safepoint "RevokeBias", Time since last: 76197 ns, Reaching safepoint: 32886 ns, At safepoint: 11415 ns, Total: 44301 ns
[2020-09-11T17:57:29.309+0000][1][gc,start     ] GC(69) Pause Young (Allocation Failure)
[2020-09-11T17:57:29.309+0000][1][gc,task      ] GC(69) Using 1 workers of 1 for evacuation
[2020-09-11T17:57:29.389+0000][1][gc,age       ] GC(69) Desired survivor size 4358144 bytes, new threshold 4 (max threshold 6)
[2020-09-11T17:57:29.389+0000][1][gc,age       ] GC(69) Age table with threshold 4 (max threshold 6)
[2020-09-11T17:57:29.389+0000][1][gc,age       ] GC(69) - age   1:    2250824 bytes,    2250824 total
[2020-09-11T17:57:29.389+0000][1][gc,age       ] GC(69) - age   2:     159328 bytes,    2410152 total
[2020-09-11T17:57:29.389+0000][1][gc,age       ] GC(69) - age   3:    1671696 bytes,    4081848 total
[2020-09-11T17:57:29.389+0000][1][gc,age       ] GC(69) - age   4:    1587984 bytes,    5669832 total
[2020-09-11T17:57:29.389+0000][1][gc,heap      ] GC(69) ParNew: 72465K->7412K(76672K)
[2020-09-11T17:57:29.389+0000][1][gc,heap      ] GC(69) CMS: 96634K->96634K(2011968K)
[2020-09-11T17:57:29.389+0000][1][gc,metaspace ] GC(69) Metaspace: 82014K->82014K(1124352K)
[2020-09-11T17:57:29.389+0000][1][gc           ] GC(69) Pause Young (Allocation Failure) 165M->101M(2039M) 80.313ms
[2020-09-11T17:57:29.389+0000][1][gc,cpu       ] GC(69) User=0.03s Sys=0.00s Real=0.08s
[2020-09-11T17:57:29.401+0000][1][safepoint    ] Safepoint "GenCollectForAllocation", Time since last: 231131101 ns, Reaching safepoint: 2559757 ns, At safepoint: 91939922 ns, Total: 94499679 ns
[2020-09-11T17:57:29.643+0000][1][safepoint    ] Safepoint "RevokeBias", Time since last: 241976923 ns, Reaching safepoint: 128478 ns, At safepoint: 14686 ns, Total: 143164 ns
[2020-09-11T17:57:29.643+0000][1][safepoint    ] Safepoint "RevokeBias", Time since last: 233165 ns, Reaching safepoint: 92467 ns, At safepoint: 11673 ns, Total: 104140 ns
[2020-09-11T17:57:29.644+0000][1][safepoint    ] Safepoint "RevokeBias", Time since last: 495332 ns, Reaching safepoint: 91622 ns, At safepoint: 11575 ns, Total: 103197 ns
[2020-09-11T17:57:29.644+0000][1][safepoint    ] Safepoint "RevokeBias", Time since last: 106739 ns, Reaching safepoint: 90497 ns, At safepoint: 10707 ns, Total: 101204 ns
[2020-09-11T17:57:29.644+0000][1][safepoint    ] Safepoint "RevokeBias", Time since last: 43991 ns, Reaching safepoint: 89221 ns, At safepoint: 9433 ns, Total: 98654 ns
[2020-09-11T17:57:29.644+0000][1][safepoint    ] Safepoint "RevokeBias", Time since last: 33803 ns, Reaching safepoint: 90128 ns, At safepoint: 9591 ns, Total: 99719 ns
[2020-09-11T17:57:29.645+0000][1][safepoint    ] Safepoint "RevokeBias", Time since last: 61703 ns, Reaching safepoint: 382169 ns, At safepoint: 11531 ns, Total: 393700 ns
[2020-09-11T17:57:29.645+0000][1][safepoint    ] Safepoint "RevokeBias", Time since last: 45988 ns, Reaching safepoint: 88948 ns, At safepoint: 9367 ns, Total: 98315 ns
[2020-09-11T17:57:29.651+0000][1][safepoint    ] Safepoint "RevokeBias", Time since last: 33378 ns, Reaching safepoint: 5736438 ns, At safepoint: 26844 ns, Total: 5763282 ns
[2020-09-11T17:57:29.651+0000][1][safepoint    ] Safepoint "RevokeBias", Time since last: 169378 ns, Reaching safepoint: 94109 ns, At safepoint: 11531 ns, Total: 105640 ns
[2020-09-11T17:57:29.651+0000][1][safepoint    ] Safepoint "RevokeBias", Time since last: 54454 ns, Reaching safepoint: 90740 ns, At safepoint: 9653 ns, Total: 100393 ns
[2020-09-11T17:57:29.651+0000][1][safepoint    ] Safepoint "RevokeBias", Time since last: 34843 ns, Reaching safepoint: 89677 ns, At safepoint: 9507 ns, Total: 99184 ns
[2020-09-11T17:57:29.798+0000][1][safepoint    ] Safepoint "RevokeBias", Time since last: 146135651 ns, Reaching safepoint: 132380 ns, At safepoint: 16543 ns, Total: 148923 ns
[2020-09-11T17:57:29.847+0000][1][safepoint    ] Safepoint "RevokeBias", Time since last: 49609931 ns, Reaching safepoint: 130772 ns, At safepoint: 19284 ns, Total: 150056 ns
[2020-09-11T17:57:29.858+0000][1][safepoint    ] Safepoint "RevokeBias", Time since last: 9305825 ns, Reaching safepoint: 1616149 ns, At safepoint: 30087 ns, Total: 1646236 ns
[2020-09-11T17:57:29.928+0000][1][safepoint    ] Safepoint "RevokeBias", Time since last: 69306139 ns, Reaching safepoint: 55440 ns, At safepoint: 19115 ns, Total: 74555 ns
[2020-09-11T17:57:29.928+0000][1][safepoint    ] Safepoint "RevokeBias", Time since last: 61229 ns, Reaching safepoint: 22647 ns, At safepoint: 32144 ns, Total: 54791 ns
[2020-09-11T17:57:29.933+0000][1][safepoint    ] Safepoint "RevokeBias", Time since last: 5126189 ns, Reaching safepoint: 128516 ns, At safepoint: 23397 ns, Total: 151913 ns
[2020-09-11T17:57:29.933+0000][1][safepoint    ] Safepoint "RevokeBias", Time since last: 144855 ns, Reaching safepoint: 94247 ns, At safepoint: 14556 ns, Total: 108803 ns
[2020-09-11T17:57:29.934+0000][1][safepoint    ] Safepoint "RevokeBias", Time since last: 94878 ns, Reaching safepoint: 92151 ns, At safepoint: 13885 ns, Total: 106036 ns
[2020-09-11T17:57:29.934+0000][1][safepoint    ] Safepoint "RevokeBias", Time since last: 95989 ns, Reaching safepoint: 93710 ns, At safepoint: 15327 ns, Total: 109037 ns
[2020-09-11T17:57:29.934+0000][1][safepoint    ] Safepoint "RevokeBias", Time since last: 153889 ns, Reaching safepoint: 91541 ns, At safepoint: 13417 ns, Total: 104958 ns
[2020-09-11T17:57:29.938+0000][1][safepoint    ] Safepoint "RevokeBias", Time since last: 4105805 ns, Reaching safepoint: 117784 ns, At safepoint: 20598 ns, Total: 138382 ns
[2020-09-11T17:57:29.938+0000][1][safepoint    ] Safepoint "RevokeBias", Time since last: 114096 ns, Reaching safepoint: 92457 ns, At safepoint: 13657 ns, Total: 106114 ns
[2020-09-11T17:57:29.948+0000][1][safepoint    ] Safepoint "RevokeBias", Time since last: 9492781 ns, Reaching safepoint: 144945 ns, At safepoint: 22714 ns, Total: 167659 ns
[2020-09-11T17:57:29.953+0000][1][safepoint    ] Safepoint "RevokeBias", Time since last: 4724991 ns, Reaching safepoint: 189567 ns, At safepoint: 18354 ns, Total: 207921 ns
[2020-09-11T17:57:29.961+0000][1][safepoint    ] Safepoint "RevokeBias", Time since last: 7769365 ns, Reaching safepoint: 130259 ns, At safepoint: 19467 ns, Total: 149726 ns
[2020-09-11T17:57:29.961+0000][1][safepoint    ] Safepoint "RevokeBias", Time since last: 76370 ns, Reaching safepoint: 89802 ns, At safepoint: 11619 ns, Total: 101421 ns
[2020-09-11T17:57:29.961+0000][1][safepoint    ] Safepoint "RevokeBias", Time since last: 31033 ns, Reaching safepoint: 89205 ns, At safepoint: 11789 ns, Total: 100994 ns
[2020-09-11T17:57:29.965+0000][1][safepoint    ] Safepoint "RevokeBias", Time since last: 3667556 ns, Reaching safepoint: 131608 ns, At safepoint: 45160 ns, Total: 176768 ns
[2020-09-11T17:57:30.002+0000][1][safepoint    ] Safepoint "RevokeBias", Time since last: 36576428 ns, Reaching safepoint: 128181 ns, At safepoint: 17616 ns, Total: 145797 ns
[2020-09-11T17:57:30.607+0000][1][safepoint    ] Safepoint "RevokeBias", Time since last: 605013350 ns, Reaching safepoint: 58554 ns, At safepoint: 15879 ns, Total: 74433 ns
[2020-09-11T17:57:30.607+0000][1][safepoint    ] Safepoint "RevokeBias", Time since last: 73388 ns, Reaching safepoint: 23799 ns, At safepoint: 8592 ns, Total: 32391 ns
[2020-09-11T17:57:30.659+0000][1][safepoint    ] Safepoint "RevokeBias", Time since last: 52027753 ns, Reaching safepoint: 133867 ns, At safepoint: 13907 ns, Total: 147774 ns
[2020-09-11T17:57:30.659+0000][1][safepoint    ] Safepoint "RevokeBias", Time since last: 135227 ns, Reaching safepoint: 27163 ns, At safepoint: 9208 ns, Total: 36371 ns
[2020-09-11T17:57:30.811+0000][1][safepoint    ] Safepoint "RevokeBias", Time since last: 151282155 ns, Reaching safepoint: 160771 ns, At safepoint: 20748 ns, Total: 181519 ns
[2020-09-11T17:57:30.828+0000][1][safepoint    ] Safepoint "BulkRevokeBias", Time since last: 16433674 ns, Reaching safepoint: 126865 ns, At safepoint: 187803 ns, Total: 314668 ns
[2020-09-11T17:57:31.835+0000][1][safepoint    ] Safepoint "Cleanup", Time since last: 1006995868 ns, Reaching safepoint: 69233 ns, At safepoint: 6822 ns, Total: 76055 ns
[2020-09-11T17:57:32.635+0000][1][safepoint    ] Safepoint "RevokeBias", Time since last: 799938688 ns, Reaching safepoint: 128815 ns, At safepoint: 19869 ns, Total: 148684 ns
[2020-09-11T17:57:32.635+0000][1][safepoint    ] Safepoint "RevokeBias", Time since last: 602612 ns, Reaching safepoint: 29125 ns, At safepoint: 11620 ns, Total: 40745 ns
[2020-09-11T17:57:32.687+0000][1][safepoint    ] Safepoint "RevokeBias", Time since last: 51827723 ns, Reaching safepoint: 130312 ns, At safepoint: 26430 ns, Total: 156742 ns
[2020-09-11T17:57:32.706+0000][1][safepoint    ] Safepoint "RevokeBias", Time since last: 18554396 ns, Reaching safepoint: 131007 ns, At safepoint: 25797 ns, Total: 156804 ns
[2020-09-11T17:57:32.900+0000][1][safepoint    ] Safepoint "BulkRevokeBias", Time since last: 193359046 ns, Reaching safepoint: 146536 ns, At safepoint: 233006 ns, Total: 379542 ns
[2020-09-11T17:57:32.996+0000][1][safepoint    ] Safepoint "RevokeBias", Time since last: 94026599 ns, Reaching safepoint: 2595078 ns, At safepoint: 25201 ns, Total: 2620279 ns
[2020-09-11T17:57:33.090+0000][1][safepoint    ] Safepoint "RevokeBias", Time since last: 92961237 ns, Reaching safepoint: 143835 ns, At safepoint: 20825 ns, Total: 164660 ns
[2020-09-11T17:57:33.142+0000][1][gc,start     ] GC(70) Pause Young (Allocation Failure)
[2020-09-11T17:57:33.142+0000][1][gc,task      ] GC(70) Using 1 workers of 1 for evacuation
[2020-09-11T17:57:33.365+0000][1][gc,age       ] GC(70) Desired survivor size 4358144 bytes, new threshold 4 (max threshold 6)
[2020-09-11T17:57:33.365+0000][1][gc,age       ] GC(70) Age table with threshold 4 (max threshold 6)
[2020-09-11T17:57:33.365+0000][1][gc,age       ] GC(70) - age   1:     621512 bytes,     621512 total
[2020-09-11T17:57:33.365+0000][1][gc,age       ] GC(70) - age   2:    2127480 bytes,    2748992 total
[2020-09-11T17:57:33.365+0000][1][gc,age       ] GC(70) - age   3:     155432 bytes,    2904424 total
[2020-09-11T17:57:33.365+0000][1][gc,age       ] GC(70) - age   4:    1632936 bytes,    4537360 total
[2020-09-11T17:57:33.365+0000][1][gc,heap      ] GC(70) ParNew: 75572K->5079K(76672K)
[2020-09-11T17:57:33.365+0000][1][gc,heap      ] GC(70) CMS: 96634K->98216K(2011968K)
[2020-09-11T17:57:33.365+0000][1][gc,metaspace ] GC(70) Metaspace: 82946K->82946K(1126400K)
[2020-09-11T17:57:33.365+0000][1][gc           ] GC(70) Pause Young (Allocation Failure) 168M->100M(2039M) 223.047ms
[2020-09-11T17:57:33.365+0000][1][gc,cpu       ] GC(70) User=0.06s Sys=0.00s Real=0.22s
[2020-09-11T17:57:33.398+0000][1][safepoint    ] Safepoint "GenCollectForAllocation", Time since last: 52463431 ns, Reaching safepoint: 147713 ns, At safepoint: 255982389 ns, Total: 256130102 ns
[2020-09-11T17:57:33.398+0000][1][safepoint    ] Safepoint "RevokeBias", Time since last: 51490 ns, Reaching safepoint: 226101 ns, At safepoint: 20065 ns, Total: 246166 ns
[2020-09-11T17:57:33.671+0000][1][safepoint    ] Safepoint "RevokeBias", Time since last: 254283640 ns, Reaching safepoint: 17843301 ns, At safepoint: 33743 ns, Total: 17877044 ns
[2020-09-11T17:57:34.213+0000][1][safepoint    ] Safepoint "RevokeBias", Time since last: 541151288 ns, Reaching safepoint: 1031384 ns, At safepoint: 26131 ns, Total: 1057515 ns
[2020-09-11T17:57:34.253+0000][1][safepoint    ] Safepoint "RevokeBias", Time since last: 39512995 ns, Reaching safepoint: 298379 ns, At safepoint: 159961 ns, Total: 458340 ns
[2020-09-11T17:57:34.429+0000][1][safepoint    ] Safepoint "RevokeBias", Time since last: 168621695 ns, Reaching safepoint: 7410162 ns, At safepoint: 36654 ns, Total: 7446816 ns
[2020-09-11T17:57:34.458+0000][1][safepoint    ] Safepoint "RevokeBias", Time since last: 28586910 ns, Reaching safepoint: 275023 ns, At safepoint: 10380 ns, Total: 285403 ns
[2020-09-11T17:57:34.522+0000][1][safepoint    ] Safepoint "RevokeBias", Time since last: 50477136 ns, Reaching safepoint: 13659893 ns, At safepoint: 31918 ns, Total: 13691811 ns
[2020-09-11T17:57:35.221+0000][1][safepoint    ] Safepoint "RevokeBias", Time since last: 698953444 ns, Reaching safepoint: 99186 ns, At safepoint: 22351 ns, Total: 121537 ns
[2020-09-11T17:57:35.222+0000][1][safepoint    ] Safepoint "RevokeBias", Time since last: 892405 ns, Reaching safepoint: 27643 ns, At safepoint: 13035 ns, Total: 40678 ns
[2020-09-11T17:57:35.222+0000][1][safepoint    ] Safepoint "RevokeBias", Time since last: 65102 ns, Reaching safepoint: 21220 ns, At safepoint: 10133 ns, Total: 31353 ns
[2020-09-11T17:57:35.222+0000][1][safepoint    ] Safepoint "RevokeBias", Time since last: 40523 ns, Reaching safepoint: 19919 ns, At safepoint: 9087 ns, Total: 29006 ns
[2020-09-11T17:57:35.222+0000][1][safepoint    ] Safepoint "RevokeBias", Time since last: 31794 ns, Reaching safepoint: 25175 ns, At safepoint: 12844 ns, Total: 38019 ns
[2020-09-11T17:57:35.283+0000][1][safepoint    ] Safepoint "RevokeBias", Time since last: 60461824 ns, Reaching safepoint: 56075 ns, At safepoint: 16577 ns, Total: 72652 ns
[2020-09-11T17:57:35.283+0000][1][safepoint    ] Safepoint "RevokeBias", Time since last: 169904 ns, Reaching safepoint: 23803 ns, At safepoint: 10138 ns, Total: 33941 ns
[2020-09-11T17:57:35.284+0000][1][safepoint    ] Safepoint "RevokeBias", Time since last: 679475 ns, Reaching safepoint: 25138 ns, At safepoint: 10871 ns, Total: 36009 ns
[2020-09-11T17:57:35.297+0000][1][safepoint    ] Safepoint "RevokeBias", Time since last: 10175711 ns, Reaching safepoint: 3015587 ns, At safepoint: 31793 ns, Total: 3047380 ns
[2020-09-11T17:57:35.433+0000][1][safepoint    ] Safepoint "RevokeBias", Time since last: 133492883 ns, Reaching safepoint: 2427559 ns, At safepoint: 26554 ns, Total: 2454113 ns
[2020-09-11T17:57:35.433+0000][1][safepoint    ] Safepoint "RevokeBias", Time since last: 185730 ns, Reaching safepoint: 99308 ns, At safepoint: 12612 ns, Total: 111920 ns
[2020-09-11T17:57:35.671+0000][1][safepoint    ] Safepoint "RevokeBias", Time since last: 238196675 ns, Reaching safepoint: 66366 ns, At safepoint: 18405 ns, Total: 84771 ns
[2020-09-11T17:57:35.729+0000][1][safepoint    ] Safepoint "RevokeBias", Time since last: 53518288 ns, Reaching safepoint: 3949125 ns, At safepoint: 25980 ns, Total: 3975105 ns
[2020-09-11T17:57:35.772+0000][1][safepoint    ] Safepoint "RevokeBias", Time since last: 43222443 ns, Reaching safepoint: 59568 ns, At safepoint: 16453 ns, Total: 76021 ns
[2020-09-11T17:57:35.773+0000][1][safepoint    ] Safepoint "RevokeBias", Time since last: 364873 ns, Reaching safepoint: 25575 ns, At safepoint: 11269 ns, Total: 36844 ns
[2020-09-11T17:57:35.777+0000][1][safepoint    ] Safepoint "RevokeBias", Time since last: 4238678 ns, Reaching safepoint: 58445 ns, At safepoint: 18217 ns, Total: 76662 ns
[2020-09-11T17:57:35.853+0000][1][safepoint    ] Safepoint "RevokeBias", Time since last: 75654730 ns, Reaching safepoint: 157182 ns, At safepoint: 19701 ns, Total: 176883 ns
[2020-09-11T17:57:35.917+0000][1][safepoint    ] Safepoint "RevokeBias", Time since last: 52126936 ns, Reaching safepoint: 11650361 ns, At safepoint: 34672 ns, Total: 11685033 ns
[2020-09-11T17:57:35.963+0000][1][safepoint    ] Safepoint "RevokeBias", Time since last: 46615206 ns, Reaching safepoint: 63544 ns, At safepoint: 16594 ns, Total: 80138 ns
[2020-09-11T17:57:35.985+0000][1][safepoint    ] Safepoint "RevokeBias", Time since last: 17768496 ns, Reaching safepoint: 3846446 ns, At safepoint: 29569 ns, Total: 3876015 ns
[2020-09-11T17:57:36.061+0000][1][safepoint    ] Safepoint "RevokeBias", Time since last: 67905213 ns, Reaching safepoint: 8138879 ns, At safepoint: 32158 ns, Total: 8171037 ns
[2020-09-11T17:57:36.142+0000][1][gc,start     ] GC(71) Pause Young (Allocation Failure)
[2020-09-11T17:57:36.142+0000][1][gc,task      ] GC(71) Using 1 workers of 1 for evacuation
[2020-09-11T17:57:36.277+0000][1][gc,age       ] GC(71) Desired survivor size 4358144 bytes, new threshold 6 (max threshold 6)
[2020-09-11T17:57:36.277+0000][1][gc,age       ] GC(71) Age table with threshold 6 (max threshold 6)
[2020-09-11T17:57:36.277+0000][1][gc,age       ] GC(71) - age   1:    1007056 bytes,    1007056 total
[2020-09-11T17:57:36.277+0000][1][gc,age       ] GC(71) - age   2:     511736 bytes,    1518792 total
[2020-09-11T17:57:36.277+0000][1][gc,age       ] GC(71) - age   3:    2121144 bytes,    3639936 total
[2020-09-11T17:57:36.277+0000][1][gc,age       ] GC(71) - age   4:      95008 bytes,    3734944 total
[2020-09-11T17:57:36.277+0000][1][gc,heap      ] GC(71) ParNew: 73239K->4593K(76672K)
[2020-09-11T17:57:36.277+0000][1][gc,heap      ] GC(71) CMS: 98216K->99740K(2011968K)
[2020-09-11T17:57:36.277+0000][1][gc,metaspace ] GC(71) Metaspace: 83954K->83954K(1126400K)
[2020-09-11T17:57:36.277+0000][1][gc           ] GC(71) Pause Young (Allocation Failure) 167M->101M(2039M) 135.146ms
[2020-09-11T17:57:36.277+0000][1][gc,cpu       ] GC(71) User=0.03s Sys=0.00s Real=0.13s
[2020-09-11T17:57:36.289+0000][1][safepoint    ] Safepoint "GenCollectForAllocation", Time since last: 81093768 ns, Reaching safepoint: 155855 ns, At safepoint: 147145955 ns, Total: 147301810 ns
[2020-09-11T17:57:36.321+0000][1][safepoint    ] Safepoint "RevokeBias", Time since last: 23831166 ns, Reaching safepoint: 148483 ns, At safepoint: 8143194 ns, Total: 8291677 ns
[2020-09-11T17:57:36.335+0000][1][safepoint    ] Safepoint "RevokeBias", Time since last: 3403622 ns, Reaching safepoint: 9166189 ns, At safepoint: 598186 ns, Total: 9764375 ns
[2020-09-11T17:57:36.431+0000][1][safepoint    ] Safepoint "RevokeBias", Time since last: 95893030 ns, Reaching safepoint: 149303 ns, At safepoint: 33543 ns, Total: 182846 ns
[2020-09-11T17:57:36.505+0000][1][safepoint    ] Safepoint "RevokeBias", Time since last: 73113178 ns, Reaching safepoint: 996015 ns, At safepoint: 24676 ns, Total: 1020691 ns
[2020-09-11T17:57:36.558+0000][1][safepoint    ] Safepoint "RevokeBias", Time since last: 52651746 ns, Reaching safepoint: 852452 ns, At safepoint: 27047 ns, Total: 879499 ns
[2020-09-11T17:57:36.573+0000][1][safepoint    ] Safepoint "RevokeBias", Time since last: 9376778 ns, Reaching safepoint: 5079738 ns, At safepoint: 40495 ns, Total: 5120233 ns
[2020-09-11T17:57:36.649+0000][1][safepoint    ] Safepoint "RevokeBias", Time since last: 71898911 ns, Reaching safepoint: 3769113 ns, At safepoint: 36959 ns, Total: 3806072 ns
[2020-09-11T17:57:36.667+0000][1][safepoint    ] Safepoint "RevokeBias", Time since last: 17576272 ns, Reaching safepoint: 355351 ns, At safepoint: 21784 ns, Total: 377135 ns
[2020-09-11T17:57:37.003+0000][1][safepoint    ] Safepoint "RevokeBias", Time since last: 336789398 ns, Reaching safepoint: 65203 ns, At safepoint: 19715 ns, Total: 84918 ns
[2020-09-11T17:57:37.005+0000][1][safepoint    ] Safepoint "RevokeBias", Time since last: 1369136 ns, Reaching safepoint: 50660 ns, At safepoint: 37904 ns, Total: 88564 ns
[2020-09-11T17:57:37.038+0000][1][safepoint    ] Safepoint "RevokeBias", Time since last: 32344665 ns, Reaching safepoint: 683308 ns, At safepoint: 25219 ns, Total: 708527 ns
[2020-09-11T17:57:37.527+0000][1][safepoint    ] Safepoint "RevokeBias", Time since last: 488928512 ns, Reaching safepoint: 93952 ns, At safepoint: 21548 ns, Total: 115500 ns
[2020-09-11T17:57:37.527+0000][1][safepoint    ] Safepoint "RevokeBias", Time since last: 351398 ns, Reaching safepoint: 41824 ns, At safepoint: 12896 ns, Total: 54720 ns
[2020-09-11T17:57:37.527+0000][1][safepoint    ] Safepoint "RevokeBias", Time since last: 48816 ns, Reaching safepoint: 27733 ns, At safepoint: 10744 ns, Total: 38477 ns
[2020-09-11T17:57:37.528+0000][1][safepoint    ] Safepoint "RevokeBias", Time since last: 54722 ns, Reaching safepoint: 27453 ns, At safepoint: 10047 ns, Total: 37500 ns
[2020-09-11T17:57:37.552+0000][1][safepoint    ] Safepoint "RevokeBias", Time since last: 23603019 ns, Reaching safepoint: 331928 ns, At safepoint: 18837 ns, Total: 350765 ns
[2020-09-11T17:57:37.559+0000][1][safepoint    ] Safepoint "RevokeBias", Time since last: 7288408 ns, Reaching safepoint: 74345 ns, At safepoint: 21135 ns, Total: 95480 ns
[2020-09-11T17:57:38.015+0000][1][safepoint    ] Safepoint "RevokeBias", Time since last: 455931675 ns, Reaching safepoint: 70028 ns, At safepoint: 20069 ns, Total: 90097 ns
[2020-09-11T17:57:38.145+0000][1][safepoint    ] Safepoint "RevokeBias", Time since last: 129963076 ns, Reaching safepoint: 70452 ns, At safepoint: 19792 ns, Total: 90244 ns
[2020-09-11T17:57:38.145+0000][1][safepoint    ] Safepoint "RevokeBias", Time since last: 278655 ns, Reaching safepoint: 29164 ns, At safepoint: 12997 ns, Total: 42161 ns
[2020-09-11T17:57:38.145+0000][1][safepoint    ] Safepoint "RevokeBias", Time since last: 45522 ns, Reaching safepoint: 26395 ns, At safepoint: 10381 ns, Total: 36776 ns
[2020-09-11T17:57:38.145+0000][1][safepoint    ] Safepoint "RevokeBias", Time since last: 30683 ns, Reaching safepoint: 25054 ns, At safepoint: 10010 ns, Total: 35064 ns
[2020-09-11T17:57:38.146+0000][1][safepoint    ] Safepoint "RevokeBias", Time since last: 28631 ns, Reaching safepoint: 25136 ns, At safepoint: 9759 ns, Total: 34895 ns
[2020-09-11T17:57:38.146+0000][1][safepoint    ] Safepoint "RevokeBias", Time since last: 28221 ns, Reaching safepoint: 24975 ns, At safepoint: 9836 ns, Total: 34811 ns
[2020-09-11T17:57:38.146+0000][1][safepoint    ] Safepoint "RevokeBias", Time since last: 27624 ns, Reaching safepoint: 25060 ns, At safepoint: 9783 ns, Total: 34843 ns
[2020-09-11T17:57:38.146+0000][1][safepoint    ] Safepoint "RevokeBias", Time since last: 27643 ns, Reaching safepoint: 24735 ns, At safepoint: 9617 ns, Total: 34352 ns
[2020-09-11T17:57:38.146+0000][1][safepoint    ] Safepoint "RevokeBias", Time since last: 27479 ns, Reaching safepoint: 24840 ns, At safepoint: 9666 ns, Total: 34506 ns
[2020-09-11T17:57:38.146+0000][1][safepoint    ] Safepoint "RevokeBias", Time since last: 27726 ns, Reaching safepoint: 24780 ns, At safepoint: 9781 ns, Total: 34561 ns
[2020-09-11T17:57:38.146+0000][1][safepoint    ] Safepoint "RevokeBias", Time since last: 27580 ns, Reaching safepoint: 24844 ns, At safepoint: 9586 ns, Total: 34430 ns
[2020-09-11T17:57:38.146+0000][1][safepoint    ] Safepoint "RevokeBias", Time since last: 27185 ns, Reaching safepoint: 24862 ns, At safepoint: 9495 ns, Total: 34357 ns
[2020-09-11T17:57:38.146+0000][1][safepoint    ] Safepoint "RevokeBias", Time since last: 49081 ns, Reaching safepoint: 25553 ns, At safepoint: 9927 ns, Total: 35480 ns
[2020-09-11T17:57:38.146+0000][1][safepoint    ] Safepoint "RevokeBias", Time since last: 158714 ns, Reaching safepoint: 26738 ns, At safepoint: 10502 ns, Total: 37240 ns
[2020-09-11T17:57:38.146+0000][1][safepoint    ] Safepoint "RevokeBias", Time since last: 49671 ns, Reaching safepoint: 25665 ns, At safepoint: 9825 ns, Total: 35490 ns
[2020-09-11T17:57:38.146+0000][1][safepoint    ] Safepoint "RevokeBias", Time since last: 39020 ns, Reaching safepoint: 25614 ns, At safepoint: 9907 ns, Total: 35521 ns
[2020-09-11T17:57:38.146+0000][1][safepoint    ] Safepoint "RevokeBias", Time since last: 36656 ns, Reaching safepoint: 25199 ns, At safepoint: 9736 ns, Total: 34935 ns
[2020-09-11T17:57:38.147+0000][1][safepoint    ] Safepoint "RevokeBias", Time since last: 36177 ns, Reaching safepoint: 25308 ns, At safepoint: 9788 ns, Total: 35096 ns
[2020-09-11T17:57:38.147+0000][1][safepoint    ] Safepoint "RevokeBias", Time since last: 36110 ns, Reaching safepoint: 25257 ns, At safepoint: 9716 ns, Total: 34973 ns
[2020-09-11T17:57:38.147+0000][1][safepoint    ] Safepoint "RevokeBias", Time since last: 35989 ns, Reaching safepoint: 25291 ns, At safepoint: 17623 ns, Total: 42914 ns
[2020-09-11T17:57:38.147+0000][1][safepoint    ] Safepoint "RevokeBias", Time since last: 33286 ns, Reaching safepoint: 25339 ns, At safepoint: 17214 ns, Total: 42553 ns
[2020-09-11T17:57:38.147+0000][1][safepoint    ] Safepoint "RevokeBias", Time since last: 33206 ns, Reaching safepoint: 25285 ns, At safepoint: 17158 ns, Total: 42443 ns
[2020-09-11T17:57:38.311+0000][1][safepoint    ] Safepoint "RevokeBias", Time since last: 162598760 ns, Reaching safepoint: 1960994 ns, At safepoint: 26737 ns, Total: 1987731 ns
[2020-09-11T17:57:38.349+0000][1][safepoint    ] Safepoint "RevokeBias", Time since last: 33929015 ns, Reaching safepoint: 3496976 ns, At safepoint: 28108 ns, Total: 3525084 ns
[2020-09-11T17:57:38.357+0000][1][safepoint    ] Safepoint "RevokeBias", Time since last: 3913985 ns, Reaching safepoint: 4054091 ns, At safepoint: 25646 ns, Total: 4079737 ns
[2020-09-11T17:57:38.478+0000][1][safepoint    ] Safepoint "Deoptimize", Time since last: 120192972 ns, Reaching safepoint: 157952 ns, At safepoint: 546204 ns, Total: 704156 ns
[2020-09-11T17:57:39.452+0000][1][safepoint    ] Safepoint "RevokeBias", Time since last: 973885729 ns, Reaching safepoint: 168692 ns, At safepoint: 21660 ns, Total: 190352 ns
[2020-09-11T17:57:39.679+0000][1][safepoint    ] Safepoint "RevokeBias", Time since last: 225328008 ns, Reaching safepoint: 1573848 ns, At safepoint: 25187 ns, Total: 1599035 ns
[2020-09-11T17:57:39.679+0000][1][safepoint    ] Safepoint "RevokeBias", Time since last: 81523 ns, Reaching safepoint: 568304 ns, At safepoint: 16016 ns, Total: 584320 ns
[2020-09-11T17:57:39.937+0000][1][safepoint    ] Safepoint "RevokeBias", Time since last: 256773281 ns, Reaching safepoint: 651692 ns, At safepoint: 24742 ns, Total: 676434 ns
[2020-09-11T17:57:39.939+0000][1][safepoint    ] Safepoint "RevokeBias", Time since last: 116538 ns, Reaching safepoint: 1628845 ns, At safepoint: 21597 ns, Total: 1650442 ns
[2020-09-11T17:57:40.033+0000][1][safepoint    ] Safepoint "RevokeBias", Time since last: 91062579 ns, Reaching safepoint: 2876197 ns, At safepoint: 30411 ns, Total: 2906608 ns
[2020-09-11T17:57:40.477+0000][1][safepoint    ] Safepoint "RevokeBias", Time since last: 440853504 ns, Reaching safepoint: 3391177 ns, At safepoint: 21331 ns, Total: 3412508 ns
[2020-09-11T17:57:40.481+0000][1][safepoint    ] Safepoint "RevokeBias", Time since last: 312044 ns, Reaching safepoint: 3692306 ns, At safepoint: 22834 ns, Total: 3715140 ns
[2020-09-11T17:57:40.645+0000][1][safepoint    ] Safepoint "RevokeBias", Time since last: 159879742 ns, Reaching safepoint: 4101590 ns, At safepoint: 38543 ns, Total: 4140133 ns
[2020-09-11T17:57:40.702+0000][1][safepoint    ] Safepoint "RevokeBias", Time since last: 56080287 ns, Reaching safepoint: 1119709 ns, At safepoint: 33764 ns, Total: 1153473 ns
[2020-09-11T17:57:40.729+0000][1][safepoint    ] Safepoint "RevokeBias", Time since last: 22720730 ns, Reaching safepoint: 3990030 ns, At safepoint: 35978 ns, Total: 4026008 ns
[2020-09-11T17:57:40.733+0000][1][safepoint    ] Safepoint "RevokeBias", Time since last: 269409 ns, Reaching safepoint: 3689964 ns, At safepoint: 34323 ns, Total: 3724287 ns
[2020-09-11T17:57:40.809+0000][1][safepoint    ] Safepoint "RevokeBias", Time since last: 54792280 ns, Reaching safepoint: 21188565 ns, At safepoint: 84995 ns, Total: 21273560 ns
[2020-09-11T17:57:40.826+0000][1][safepoint    ] Safepoint "RevokeBias", Time since last: 16481968 ns, Reaching safepoint: 145030 ns, At safepoint: 53908 ns, Total: 198938 ns
[2020-09-11T17:57:40.826+0000][1][safepoint    ] Safepoint "RevokeBias", Time since last: 104912 ns, Reaching safepoint: 101698 ns, At safepoint: 13254 ns, Total: 114952 ns
[2020-09-11T17:57:40.826+0000][1][safepoint    ] Safepoint "RevokeBias", Time since last: 102610 ns, Reaching safepoint: 99761 ns, At safepoint: 27954 ns, Total: 127715 ns
[2020-09-11T17:57:40.826+0000][1][safepoint    ] Safepoint "RevokeBias", Time since last: 134017 ns, Reaching safepoint: 111361 ns, At safepoint: 35778 ns, Total: 147139 ns
[2020-09-11T17:57:40.827+0000][1][safepoint    ] Safepoint "RevokeBias", Time since last: 67878 ns, Reaching safepoint: 98055 ns, At safepoint: 12656 ns, Total: 110711 ns
[2020-09-11T17:57:40.838+0000][1][safepoint    ] Safepoint "RevokeBias", Time since last: 107218 ns, Reaching safepoint: 11557476 ns, At safepoint: 56833 ns, Total: 11614309 ns
[2020-09-11T17:57:40.883+0000][1][safepoint    ] Safepoint "RevokeBias", Time since last: 26500175 ns, Reaching safepoint: 17590983 ns, At safepoint: 273764 ns, Total: 17864747 ns
[2020-09-11T17:57:40.891+0000][1][safepoint    ] Safepoint "RevokeBias", Time since last: 8100383 ns, Reaching safepoint: 249254 ns, At safepoint: 55477 ns, Total: 304731 ns
[2020-09-11T17:57:40.901+0000][1][safepoint    ] Safepoint "RevokeBias", Time since last: 9885135 ns, Reaching safepoint: 143132 ns, At safepoint: 51064 ns, Total: 194196 ns
[2020-09-11T17:57:40.901+0000][1][safepoint    ] Safepoint "RevokeBias", Time since last: 98120 ns, Reaching safepoint: 106727 ns, At safepoint: 40263 ns, Total: 146990 ns
[2020-09-11T17:57:40.902+0000][1][safepoint    ] Safepoint "RevokeBias", Time since last: 394321 ns, Reaching safepoint: 172022 ns, At safepoint: 37068 ns, Total: 209090 ns
[2020-09-11T17:57:40.902+0000][1][safepoint    ] Safepoint "RevokeBias", Time since last: 81540 ns, Reaching safepoint: 99837 ns, At safepoint: 22925 ns, Total: 122762 ns
[2020-09-11T17:57:40.902+0000][1][safepoint    ] Safepoint "RevokeBias", Time since last: 165823 ns, Reaching safepoint: 99331 ns, At safepoint: 22181 ns, Total: 121512 ns
[2020-09-11T17:57:40.914+0000][1][safepoint    ] Safepoint "RevokeBias", Time since last: 11014096 ns, Reaching safepoint: 416386 ns, At safepoint: 48643 ns, Total: 465029 ns
[2020-09-11T17:57:40.925+0000][1][safepoint    ] Safepoint "RevokeBias", Time since last: 10846024 ns, Reaching safepoint: 213210 ns, At safepoint: 67980 ns, Total: 281190 ns
[2020-09-11T17:57:41.302+0000][1][safepoint    ] Safepoint "RevokeBias", Time since last: 361981517 ns, Reaching safepoint: 14890971 ns, At safepoint: 38502 ns, Total: 14929473 ns
[2020-09-11T17:57:41.365+0000][1][gc,start     ] GC(72) Pause Young (Allocation Failure)
[2020-09-11T17:57:41.365+0000][1][gc,task      ] GC(72) Using 1 workers of 1 for evacuation
[2020-09-11T17:57:41.472+0000][1][gc,age       ] GC(72) Desired survivor size 4358144 bytes, new threshold 4 (max threshold 6)
[2020-09-11T17:57:41.472+0000][1][gc,age       ] GC(72) Age table with threshold 4 (max threshold 6)
[2020-09-11T17:57:41.472+0000][1][gc,age       ] GC(72) - age   1:    1190104 bytes,    1190104 total
[2020-09-11T17:57:41.472+0000][1][gc,age       ] GC(72) - age   2:     816240 bytes,    2006344 total
[2020-09-11T17:57:41.472+0000][1][gc,age       ] GC(72) - age   3:     485688 bytes,    2492032 total
[2020-09-11T17:57:41.472+0000][1][gc,age       ] GC(72) - age   4:    2119552 bytes,    4611584 total
[2020-09-11T17:57:41.472+0000][1][gc,age       ] GC(72) - age   5:      93760 bytes,    4705344 total
[2020-09-11T17:57:41.472+0000][1][gc,heap      ] GC(72) ParNew: 72753K->7767K(76672K)
[2020-09-11T17:57:41.472+0000][1][gc,heap      ] GC(72) CMS: 99740K->99740K(2011968K)
[2020-09-11T17:57:41.472+0000][1][gc,metaspace ] GC(72) Metaspace: 84570K->84570K(1126400K)
[2020-09-11T17:57:41.472+0000][1][gc           ] GC(72) Pause Young (Allocation Failure) 168M->104M(2039M) 107.345ms
[2020-09-11T17:57:41.472+0000][1][gc,cpu       ] GC(72) User=0.03s Sys=0.00s Real=0.10s
[2020-09-11T17:57:41.536+0000][1][safepoint    ] Safepoint "GenCollectForAllocation", Time since last: 62803492 ns, Reaching safepoint: 143278 ns, At safepoint: 170995872 ns, Total: 171139150 ns
[2020-09-11T17:57:41.649+0000][1][safepoint    ] Safepoint "RevokeBias", Time since last: 112133682 ns, Reaching safepoint: 612763 ns, At safepoint: 24170 ns, Total: 636933 ns
[2020-09-11T17:57:41.658+0000][1][safepoint    ] Safepoint "RevokeBias", Time since last: 9686215 ns, Reaching safepoint: 61051 ns, At safepoint: 17342 ns, Total: 78393 ns
[2020-09-11T17:57:41.659+0000][1][safepoint    ] Safepoint "RevokeBias", Time since last: 72451 ns, Reaching safepoint: 26687 ns, At safepoint: 10639 ns, Total: 37326 ns
[2020-09-11T17:57:41.659+0000][1][safepoint    ] Safepoint "RevokeBias", Time since last: 40477 ns, Reaching safepoint: 25779 ns, At safepoint: 9350 ns, Total: 35129 ns
[2020-09-11T17:57:41.660+0000][1][safepoint    ] Safepoint "RevokeBias", Time since last: 1031275 ns, Reaching safepoint: 35037 ns, At safepoint: 12164 ns, Total: 47201 ns
[2020-09-11T17:57:41.671+0000][1][safepoint    ] Safepoint "RevokeBias", Time since last: 11309091 ns, Reaching safepoint: 66487 ns, At safepoint: 20252 ns, Total: 86739 ns
[2020-09-11T17:57:41.678+0000][1][safepoint    ] Safepoint "RevokeBias", Time since last: 2694895 ns, Reaching safepoint: 3739571 ns, At safepoint: 26108 ns, Total: 3765679 ns
[2020-09-11T17:57:41.681+0000][1][safepoint    ] Safepoint "RevokeBias", Time since last: 3328773 ns, Reaching safepoint: 63580 ns, At safepoint: 17643 ns, Total: 81223 ns
[2020-09-11T17:57:41.732+0000][1][safepoint    ] Safepoint "RevokeBias", Time since last: 48417476 ns, Reaching safepoint: 2255837 ns, At safepoint: 32205 ns, Total: 2288042 ns
[2020-09-11T17:57:41.733+0000][1][safepoint    ] Safepoint "RevokeBias", Time since last: 394514 ns, Reaching safepoint: 409942 ns, At safepoint: 17891 ns, Total: 427833 ns
[2020-09-11T17:57:41.733+0000][1][safepoint    ] Safepoint "RevokeBias", Time since last: 58549 ns, Reaching safepoint: 107911 ns, At safepoint: 14989 ns, Total: 122900 ns
[2020-09-11T17:57:41.734+0000][1][safepoint    ] Safepoint "RevokeBias", Time since last: 66327 ns, Reaching safepoint: 989271 ns, At safepoint: 19301 ns, Total: 1008572 ns
[2020-09-11T17:57:41.734+0000][1][safepoint    ] Safepoint "RevokeBias", Time since last: 54940 ns, Reaching safepoint: 109277 ns, At safepoint: 15372 ns, Total: 124649 ns
[2020-09-11T17:57:41.734+0000][1][safepoint    ] Safepoint "RevokeBias", Time since last: 45109 ns, Reaching safepoint: 107179 ns, At safepoint: 14851 ns, Total: 122030 ns
[2020-09-11T17:57:41.737+0000][1][safepoint    ] Safepoint "RevokeBias", Time since last: 43498 ns, Reaching safepoint: 2703729 ns, At safepoint: 36368 ns, Total: 2740097 ns
[2020-09-11T17:57:41.737+0000][1][safepoint    ] Safepoint "RevokeBias", Time since last: 109623 ns, Reaching safepoint: 214159 ns, At safepoint: 16553 ns, Total: 230712 ns
[2020-09-11T17:57:41.741+0000][1][safepoint    ] Safepoint "RevokeBias", Time since last: 1169122 ns, Reaching safepoint: 2228324 ns, At safepoint: 32608 ns, Total: 2260932 ns
[2020-09-11T17:57:41.745+0000][1][safepoint    ] Safepoint "BulkRevokeBias", Time since last: 1488412 ns, Reaching safepoint: 2518219 ns, At safepoint: 328564 ns, Total: 2846783 ns
[2020-09-11T17:57:41.757+0000][1][safepoint    ] Safepoint "RevokeBias", Time since last: 8924830 ns, Reaching safepoint: 2900159 ns, At safepoint: 43084 ns, Total: 2943243 ns
[2020-09-11T17:57:41.793+0000][1][safepoint    ] Safepoint "RevokeBias", Time since last: 35970142 ns, Reaching safepoint: 67530 ns, At safepoint: 20418 ns, Total: 87948 ns
[2020-09-11T17:57:41.793+0000][1][safepoint    ] Safepoint "RevokeBias", Time since last: 151679 ns, Reaching safepoint: 30634 ns, At safepoint: 11902 ns, Total: 42536 ns
[2020-09-11T17:57:42.661+0000][1][safepoint    ] Safepoint "RevokeBias", Time since last: 868033144 ns, Reaching safepoint: 88790 ns, At safepoint: 43654 ns, Total: 132444 ns
[2020-09-11T17:57:42.701+0000][1][safepoint    ] Safepoint "RevokeBias", Time since last: 33285542 ns, Reaching safepoint: 5884083 ns, At safepoint: 60336 ns, Total: 5944419 ns
[2020-09-11T17:57:42.873+0000][1][safepoint    ] Safepoint "RevokeBias", Time since last: 172267690 ns, Reaching safepoint: 225917 ns, At safepoint: 59434 ns, Total: 285351 ns
[2020-09-11T17:57:42.873+0000][1][safepoint    ] Safepoint "RevokeBias", Time since last: 86521 ns, Reaching safepoint: 104528 ns, At safepoint: 42588 ns, Total: 147116 ns
[2020-09-11T17:57:42.875+0000][1][safepoint    ] Safepoint "RevokeBias", Time since last: 1165020 ns, Reaching safepoint: 114861 ns, At safepoint: 15904 ns, Total: 130765 ns
[2020-09-11T17:57:42.875+0000][1][safepoint    ] Safepoint "RevokeBias", Time since last: 50104 ns, Reaching safepoint: 101350 ns, At safepoint: 12616 ns, Total: 113966 ns
[2020-09-11T17:57:42.908+0000][1][safepoint    ] Safepoint "RevokeBias", Time since last: 32535814 ns, Reaching safepoint: 225744 ns, At safepoint: 23844 ns, Total: 249588 ns
[2020-09-11T17:57:42.929+0000][1][safepoint    ] Safepoint "RevokeBias", Time since last: 13695938 ns, Reaching safepoint: 7619205 ns, At safepoint: 50883 ns, Total: 7670088 ns
[2020-09-11T17:57:42.937+0000][1][safepoint    ] Safepoint "RevokeBias", Time since last: 7970259 ns, Reaching safepoint: 215673 ns, At safepoint: 22782 ns, Total: 238455 ns
[2020-09-11T17:57:42.938+0000][1][safepoint    ] Safepoint "RevokeBias", Time since last: 600074 ns, Reaching safepoint: 108743 ns, At safepoint: 15934 ns, Total: 124677 ns
[2020-09-11T17:57:42.944+0000][1][safepoint    ] Safepoint "RevokeBias", Time since last: 6002481 ns, Reaching safepoint: 146482 ns, At safepoint: 21054 ns, Total: 167536 ns
[2020-09-11T17:57:42.948+0000][1][safepoint    ] Safepoint "BulkRevokeBias", Time since last: 3471268 ns, Reaching safepoint: 145543 ns, At safepoint: 316965 ns, Total: 462508 ns
[2020-09-11T17:57:42.948+0000][1][safepoint    ] Safepoint "RevokeBias", Time since last: 110294 ns, Reaching safepoint: 107822 ns, At safepoint: 21154 ns, Total: 128976 ns
[2020-09-11T17:57:42.948+0000][1][safepoint    ] Safepoint "RevokeBias", Time since last: 99677 ns, Reaching safepoint: 111539 ns, At safepoint: 20001 ns, Total: 131540 ns
[2020-09-11T17:57:42.955+0000][1][safepoint    ] Safepoint "RevokeBias", Time since last: 5928785 ns, Reaching safepoint: 150226 ns, At safepoint: 33078 ns, Total: 183304 ns
[2020-09-11T17:57:42.955+0000][1][safepoint    ] Safepoint "RevokeBias", Time since last: 62811 ns, Reaching safepoint: 103934 ns, At safepoint: 21212 ns, Total: 125146 ns
[2020-09-11T17:57:42.955+0000][1][safepoint    ] Safepoint "RevokeBias", Time since last: 41643 ns, Reaching safepoint: 101591 ns, At safepoint: 20706 ns, Total: 122297 ns
[2020-09-11T17:57:42.955+0000][1][safepoint    ] Safepoint "RevokeBias", Time since last: 51581 ns, Reaching safepoint: 101586 ns, At safepoint: 20224 ns, Total: 121810 ns
[2020-09-11T17:57:42.955+0000][1][safepoint    ] Safepoint "RevokeBias", Time since last: 39434 ns, Reaching safepoint: 100779 ns, At safepoint: 19992 ns, Total: 120771 ns
[2020-09-11T17:57:42.963+0000][1][safepoint    ] Safepoint "RevokeBias", Time since last: 38168 ns, Reaching safepoint: 492544 ns, At safepoint: 7663415 ns, Total: 8155959 ns
[2020-09-11T17:57:42.964+0000][1][safepoint    ] Safepoint "RevokeBias", Time since last: 94314 ns, Reaching safepoint: 144855 ns, At safepoint: 28059 ns, Total: 172914 ns
[2020-09-11T17:57:42.964+0000][1][safepoint    ] Safepoint "RevokeBias", Time since last: 40551 ns, Reaching safepoint: 102566 ns, At safepoint: 20887 ns, Total: 123453 ns
[2020-09-11T17:57:43.026+0000][1][safepoint    ] Safepoint "RevokeBias", Time since last: 49703068 ns, Reaching safepoint: 12350524 ns, At safepoint: 35314 ns, Total: 12385838 ns
[2020-09-11T17:57:43.031+0000][1][safepoint    ] Safepoint "RevokeBias", Time since last: 5035038 ns, Reaching safepoint: 122585 ns, At safepoint: 35432 ns, Total: 158017 ns
[2020-09-11T17:57:43.045+0000][1][safepoint    ] Safepoint "RevokeBias", Time since last: 5626916 ns, Reaching safepoint: 7744841 ns, At safepoint: 31626 ns, Total: 7776467 ns
[2020-09-11T17:57:43.047+0000][1][safepoint    ] Safepoint "RevokeBias", Time since last: 81716 ns, Reaching safepoint: 105481 ns, At safepoint: 1988095 ns, Total: 2093576 ns
[2020-09-11T17:57:43.047+0000][1][safepoint    ] Safepoint "RevokeBias", Time since last: 44729 ns, Reaching safepoint: 109455 ns, At safepoint: 14552 ns, Total: 124007 ns
[2020-09-11T17:57:43.047+0000][1][safepoint    ] Safepoint "RevokeBias", Time since last: 32957 ns, Reaching safepoint: 100850 ns, At safepoint: 12550 ns, Total: 113400 ns
[2020-09-11T17:57:43.047+0000][1][safepoint    ] Safepoint "RevokeBias", Time since last: 31390 ns, Reaching safepoint: 101149 ns, At safepoint: 12675 ns, Total: 113824 ns
[2020-09-11T17:57:43.047+0000][1][safepoint    ] Safepoint "RevokeBias", Time since last: 31031 ns, Reaching safepoint: 100850 ns, At safepoint: 13166 ns, Total: 114016 ns
[2020-09-11T17:57:43.047+0000][1][safepoint    ] Safepoint "RevokeBias", Time since last: 31042 ns, Reaching safepoint: 100318 ns, At safepoint: 11648 ns, Total: 111966 ns
[2020-09-11T17:57:43.048+0000][1][safepoint    ] Safepoint "RevokeBias", Time since last: 30332 ns, Reaching safepoint: 100093 ns, At safepoint: 11999 ns, Total: 112092 ns
[2020-09-11T17:57:43.048+0000][1][safepoint    ] Safepoint "RevokeBias", Time since last: 73155 ns, Reaching safepoint: 100752 ns, At safepoint: 11587 ns, Total: 112339 ns
[2020-09-11T17:57:43.049+0000][1][safepoint    ] Safepoint "RevokeBias", Time since last: 54189 ns, Reaching safepoint: 948988 ns, At safepoint: 16273 ns, Total: 965261 ns
[2020-09-11T17:57:44.057+0000][1][safepoint    ] Safepoint "Cleanup", Time since last: 1008209794 ns, Reaching safepoint: 106446 ns, At safepoint: 6118 ns, Total: 112564 ns
[2020-09-11T17:57:44.219+0000][1][safepoint    ] Safepoint "BulkRevokeBias", Time since last: 161760570 ns, Reaching safepoint: 72179 ns, At safepoint: 215410 ns, Total: 287589 ns
[2020-09-11T17:57:44.300+0000][1][safepoint    ] Safepoint "RevokeBias", Time since last: 80807283 ns, Reaching safepoint: 78689 ns, At safepoint: 23425 ns, Total: 102114 ns
[2020-09-11T17:57:44.300+0000][1][safepoint    ] Safepoint "RevokeBias", Time since last: 77144 ns, Reaching safepoint: 65466 ns, At safepoint: 18056 ns, Total: 83522 ns
[2020-09-11T17:57:44.341+0000][1][safepoint    ] Safepoint "RevokeBias", Time since last: 32587887 ns, Reaching safepoint: 8011010 ns, At safepoint: 35336 ns, Total: 8046346 ns
[2020-09-11T17:57:44.341+0000][1][safepoint    ] Safepoint "RevokeBias", Time since last: 122939 ns, Reaching safepoint: 104105 ns, At safepoint: 14021 ns, Total: 118126 ns
[2020-09-11T17:57:44.668+0000][1][safepoint    ] Safepoint "RevokeBias", Time since last: 325151177 ns, Reaching safepoint: 1971315 ns, At safepoint: 29321 ns, Total: 2000636 ns
[2020-09-11T17:57:44.719+0000][1][safepoint    ] Safepoint "RevokeBias", Time since last: 49067639 ns, Reaching safepoint: 1956153 ns, At safepoint: 31018 ns, Total: 1987171 ns
[2020-09-11T17:57:44.782+0000][1][safepoint    ] Safepoint "RevokeBias", Time since last: 61792791 ns, Reaching safepoint: 1023145 ns, At safepoint: 16427 ns, Total: 1039572 ns
[2020-09-11T17:57:44.786+0000][1][safepoint    ] Safepoint "RevokeBias", Time since last: 1074905 ns, Reaching safepoint: 2294386 ns, At safepoint: 16317 ns, Total: 2310703 ns
[2020-09-11T17:57:44.941+0000][1][safepoint    ] Safepoint "RevokeBias", Time since last: 155536891 ns, Reaching safepoint: 146627 ns, At safepoint: 22867 ns, Total: 169494 ns
[2020-09-11T17:57:44.941+0000][1][safepoint    ] Safepoint "RevokeBias", Time since last: 72859 ns, Reaching safepoint: 100192 ns, At safepoint: 14034 ns, Total: 114226 ns
[2020-09-11T17:57:45.146+0000][1][gc,start     ] GC(73) Pause Young (Allocation Failure)
[2020-09-11T17:57:45.146+0000][1][gc,task      ] GC(73) Using 1 workers of 1 for evacuation
[2020-09-11T17:57:45.295+0000][1][gc,age       ] GC(73) Desired survivor size 4358144 bytes, new threshold 3 (max threshold 6)
[2020-09-11T17:57:45.295+0000][1][gc,age       ] GC(73) Age table with threshold 3 (max threshold 6)
[2020-09-11T17:57:45.295+0000][1][gc,age       ] GC(73) - age   1:    2760736 bytes,    2760736 total
[2020-09-11T17:57:45.295+0000][1][gc,age       ] GC(73) - age   2:    1078776 bytes,    3839512 total
[2020-09-11T17:57:45.295+0000][1][gc,age       ] GC(73) - age   3:     812896 bytes,    4652408 total
[2020-09-11T17:57:45.295+0000][1][gc,age       ] GC(73) - age   4:     476536 bytes,    5128944 total
[2020-09-11T17:57:45.295+0000][1][gc,heap      ] GC(73) ParNew: 75927K->5388K(76672K)
[2020-09-11T17:57:45.295+0000][1][gc,heap      ] GC(73) CMS: 99740K->101960K(2011968K)
[2020-09-11T17:57:45.295+0000][1][gc,metaspace ] GC(73) Metaspace: 85025K->85025K(1128448K)
[2020-09-11T17:57:45.295+0000][1][gc           ] GC(73) Pause Young (Allocation Failure) 171M->104M(2039M) 148.823ms
[2020-09-11T17:57:45.295+0000][1][gc,cpu       ] GC(73) User=0.03s Sys=0.00s Real=0.15s
[2020-09-11T17:57:45.345+0000][1][safepoint    ] Safepoint "GenCollectForAllocation", Time since last: 204318899 ns, Reaching safepoint: 176527 ns, At safepoint: 198854359 ns, Total: 199030886 ns
[2020-09-11T17:57:45.649+0000][1][safepoint    ] Safepoint "RevokeBias", Time since last: 304013059 ns, Reaching safepoint: 173560 ns, At safepoint: 22974 ns, Total: 196534 ns
[2020-09-11T17:57:45.669+0000][1][safepoint    ] Safepoint "RevokeBias", Time since last: 20017617 ns, Reaching safepoint: 157953 ns, At safepoint: 21660 ns, Total: 179613 ns
[2020-09-11T17:57:45.731+0000][1][safepoint    ] Safepoint "RevokeBias", Time since last: 62021127 ns, Reaching safepoint: 147875 ns, At safepoint: 20385 ns, Total: 168260 ns
[2020-09-11T17:57:45.790+0000][1][safepoint    ] Safepoint "RevokeBias", Time since last: 58482913 ns, Reaching safepoint: 165089 ns, At safepoint: 21709 ns, Total: 186798 ns
[2020-09-11T17:57:45.830+0000][1][safepoint    ] Safepoint "RevokeBias", Time since last: 31111420 ns, Reaching safepoint: 8253449 ns, At safepoint: 161152 ns, Total: 8414601 ns
[2020-09-11T17:57:46.042+0000][1][safepoint    ] Safepoint "RevokeBias", Time since last: 211978818 ns, Reaching safepoint: 233633 ns, At safepoint: 24327 ns, Total: 257960 ns
[2020-09-11T17:57:46.057+0000][1][safepoint    ] Safepoint "RevokeBias", Time since last: 14995147 ns, Reaching safepoint: 235854 ns, At safepoint: 23993 ns, Total: 259847 ns
[2020-09-11T17:57:46.085+0000][1][safepoint    ] Safepoint "RevokeBias", Time since last: 25947315 ns, Reaching safepoint: 1812784 ns, At safepoint: 28300 ns, Total: 1841084 ns
[2020-09-11T17:57:46.101+0000][1][safepoint    ] Safepoint "RevokeBias", Time since last: 11933247 ns, Reaching safepoint: 4086079 ns, At safepoint: 36257 ns, Total: 4122336 ns
[2020-09-11T17:57:46.397+0000][1][safepoint    ] Safepoint "RevokeBias", Time since last: 295608278 ns, Reaching safepoint: 499365 ns, At safepoint: 24818 ns, Total: 524183 ns
[2020-09-11T17:57:46.401+0000][1][safepoint    ] Safepoint "RevokeBias", Time since last: 381472 ns, Reaching safepoint: 3408103 ns, At safepoint: 28688 ns, Total: 3436791 ns
[2020-09-11T17:57:46.409+0000][1][safepoint    ] Safepoint "RevokeBias", Time since last: 4436136 ns, Reaching safepoint: 3539338 ns, At safepoint: 33284 ns, Total: 3572622 ns
[2020-09-11T17:57:46.451+0000][1][safepoint    ] Safepoint "RevokeBias", Time since last: 42125213 ns, Reaching safepoint: 160930 ns, At safepoint: 31779 ns, Total: 192709 ns
[2020-09-11T17:57:46.624+0000][1][safepoint    ] Safepoint "RevokeBias", Time since last: 172619799 ns, Reaching safepoint: 243866 ns, At safepoint: 130864 ns, Total: 374730 ns
[2020-09-11T17:57:46.641+0000][1][safepoint    ] Safepoint "RevokeBias", Time since last: 5692896 ns, Reaching safepoint: 10975184 ns, At safepoint: 39611 ns, Total: 11014795 ns
[2020-09-11T17:57:46.641+0000][1][safepoint    ] Safepoint "RevokeBias", Time since last: 190063 ns, Reaching safepoint: 187908 ns, At safepoint: 17047 ns, Total: 204955 ns
[2020-09-11T17:57:46.724+0000][1][safepoint    ] Safepoint "RevokeBias", Time since last: 82735893 ns, Reaching safepoint: 158439 ns, At safepoint: 126157 ns, Total: 284596 ns
[2020-09-11T17:57:46.725+0000][1][safepoint    ] Safepoint "RevokeBias", Time since last: 224909 ns, Reaching safepoint: 119045 ns, At safepoint: 175774 ns, Total: 294819 ns
[2020-09-11T17:57:46.851+0000][1][safepoint    ] Safepoint "RevokeBias", Time since last: 125957754 ns, Reaching safepoint: 162585 ns, At safepoint: 140101 ns, Total: 302686 ns
[2020-09-11T17:57:47.329+0000][1][safepoint    ] Safepoint "RevokeBias", Time since last: 466179650 ns, Reaching safepoint: 11186630 ns, At safepoint: 40611 ns, Total: 11227241 ns
[2020-09-11T17:57:47.489+0000][1][safepoint    ] Safepoint "RevokeBias", Time since last: 157133052 ns, Reaching safepoint: 3206567 ns, At safepoint: 26663 ns, Total: 3233230 ns
[2020-09-11T17:57:47.533+0000][1][gc,start     ] GC(74) Pause Young (Allocation Failure)
[2020-09-11T17:57:47.533+0000][1][gc,task      ] GC(74) Using 1 workers of 1 for evacuation
[2020-09-11T17:57:47.708+0000][1][gc,age       ] GC(74) Desired survivor size 4358144 bytes, new threshold 1 (max threshold 6)
[2020-09-11T17:57:47.708+0000][1][gc,age       ] GC(74) Age table with threshold 1 (max threshold 6)
[2020-09-11T17:57:47.708+0000][1][gc,age       ] GC(74) - age   1:    7336072 bytes,    7336072 total
[2020-09-11T17:57:47.708+0000][1][gc,age       ] GC(74) - age   2:    1298432 bytes,    8634504 total
[2020-09-11T17:57:47.708+0000][1][gc,age       ] GC(74) - age   3:      67752 bytes,    8702256 total
[2020-09-11T17:57:47.708+0000][1][gc,heap      ] GC(74) ParNew: 73548K->8512K(76672K)
[2020-09-11T17:57:47.708+0000][1][gc,heap      ] GC(74) CMS: 101960K->116284K(2011968K)
[2020-09-11T17:57:47.708+0000][1][gc,metaspace ] GC(74) Metaspace: 85795K->85795K(1128448K)
[2020-09-11T17:57:47.708+0000][1][gc           ] GC(74) Pause Young (Allocation Failure) 171M->121M(2039M) 174.990ms
[2020-09-11T17:57:47.708+0000][1][gc,cpu       ] GC(74) User=0.04s Sys=0.00s Real=0.17s
[2020-09-11T17:57:47.829+0000][1][safepoint    ] Safepoint "GenCollectForAllocation", Time since last: 42497767 ns, Reaching safepoint: 1485057 ns, At safepoint: 296104101 ns, Total: 297589158 ns
[2020-09-11T17:57:47.845+0000][1][safepoint    ] Safepoint "RevokeBias", Time since last: 16022881 ns, Reaching safepoint: 373044 ns, At safepoint: 25195 ns, Total: 398239 ns
[2020-09-11T17:57:47.873+0000][1][safepoint    ] Safepoint "RevokeBias", Time since last: 22516645 ns, Reaching safepoint: 4961954 ns, At safepoint: 38328 ns, Total: 5000282 ns
[2020-09-11T17:57:47.875+0000][1][safepoint    ] Safepoint "RevokeBias", Time since last: 97963 ns, Reaching safepoint: 1934253 ns, At safepoint: 30888 ns, Total: 1965141 ns
[2020-09-11T17:57:47.876+0000][1][safepoint    ] Safepoint "RevokeBias", Time since last: 540567 ns, Reaching safepoint: 757486 ns, At safepoint: 27409 ns, Total: 784895 ns
[2020-09-11T17:57:47.881+0000][1][safepoint    ] Safepoint "RevokeBias", Time since last: 36703 ns, Reaching safepoint: 4566675 ns, At safepoint: 51654 ns, Total: 4618329 ns
[2020-09-11T17:57:47.882+0000][1][safepoint    ] Safepoint "RevokeBias", Time since last: 74255 ns, Reaching safepoint: 989309 ns, At safepoint: 25259 ns, Total: 1014568 ns
[2020-09-11T17:57:47.885+0000][1][safepoint    ] Safepoint "RevokeBias", Time since last: 30027 ns, Reaching safepoint: 2722753 ns, At safepoint: 37295 ns, Total: 2760048 ns
[2020-09-11T17:57:47.885+0000][1][safepoint    ] Safepoint "RevokeBias", Time since last: 52690 ns, Reaching safepoint: 401455 ns, At safepoint: 23668 ns, Total: 425123 ns
[2020-09-11T17:57:47.886+0000][1][safepoint    ] Safepoint "RevokeBias", Time since last: 30175 ns, Reaching safepoint: 115362 ns, At safepoint: 414647 ns, Total: 530009 ns
[2020-09-11T17:57:47.887+0000][1][safepoint    ] Safepoint "RevokeBias", Time since last: 31121 ns, Reaching safepoint: 831630 ns, At safepoint: 35982 ns, Total: 867612 ns
[2020-09-11T17:57:47.889+0000][1][safepoint    ] Safepoint "RevokeBias", Time since last: 32316 ns, Reaching safepoint: 2043752 ns, At safepoint: 37145 ns, Total: 2080897 ns
[2020-09-11T17:57:47.889+0000][1][safepoint    ] Safepoint "RevokeBias", Time since last: 90746 ns, Reaching safepoint: 116418 ns, At safepoint: 22060 ns, Total: 138478 ns
[2020-09-11T17:57:47.893+0000][1][safepoint    ] Safepoint "RevokeBias", Time since last: 93069 ns, Reaching safepoint: 2848182 ns, At safepoint: 632142 ns, Total: 3480324 ns
[2020-09-11T17:57:47.893+0000][1][safepoint    ] Safepoint "RevokeBias", Time since last: 96568 ns, Reaching safepoint: 350188 ns, At safepoint: 32040 ns, Total: 382228 ns
[2020-09-11T17:57:47.895+0000][1][safepoint    ] Safepoint "RevokeBias", Time since last: 42864 ns, Reaching safepoint: 1276185 ns, At safepoint: 38521 ns, Total: 1314706 ns
[2020-09-11T17:57:47.896+0000][1][safepoint    ] Safepoint "RevokeBias", Time since last: 59254 ns, Reaching safepoint: 1041498 ns, At safepoint: 28795 ns, Total: 1070293 ns
[2020-09-11T17:57:47.898+0000][1][safepoint    ] Safepoint "RevokeBias", Time since last: 2516995 ns, Reaching safepoint: 140627 ns, At safepoint: 28973 ns, Total: 169600 ns
[2020-09-11T17:57:47.918+0000][1][safepoint    ] Safepoint "RevokeBias", Time since last: 52416 ns, Reaching safepoint: 13881694 ns, At safepoint: 5712675 ns, Total: 19594369 ns
[2020-09-11T17:57:47.928+0000][1][safepoint    ] Safepoint "RevokeBias", Time since last: 99762 ns, Reaching safepoint: 9512781 ns, At safepoint: 38523 ns, Total: 9551304 ns
[2020-09-11T17:57:47.928+0000][1][safepoint    ] Safepoint "RevokeBias", Time since last: 126233 ns, Reaching safepoint: 185343 ns, At safepoint: 14284 ns, Total: 199627 ns
[2020-09-11T17:57:47.929+0000][1][safepoint    ] Safepoint "RevokeBias", Time since last: 599959 ns, Reaching safepoint: 112635 ns, At safepoint: 14084 ns, Total: 126719 ns
[2020-09-11T17:57:48.005+0000][1][safepoint    ] Safepoint "RevokeBias", Time since last: 58939066 ns, Reaching safepoint: 17263467 ns, At safepoint: 41782 ns, Total: 17305249 ns
[2020-09-11T17:57:48.026+0000][1][safepoint    ] Safepoint "RevokeBias", Time since last: 20833666 ns, Reaching safepoint: 233676 ns, At safepoint: 49476 ns, Total: 283152 ns
[2020-09-11T17:57:48.093+0000][1][safepoint    ] Safepoint "BulkRevokeBias", Time since last: 54749307 ns, Reaching safepoint: 12126065 ns, At safepoint: 538214 ns, Total: 12664279 ns
[2020-09-11T17:57:48.143+0000][1][safepoint    ] Safepoint "RevokeBias", Time since last: 44329531 ns, Reaching safepoint: 4974184 ns, At safepoint: 37264 ns, Total: 5011448 ns
[2020-09-11T17:57:48.145+0000][1][safepoint    ] Safepoint "RevokeBias", Time since last: 223653 ns, Reaching safepoint: 1803679 ns, At safepoint: 31847 ns, Total: 1835526 ns
[2020-09-11T17:57:48.293+0000][1][safepoint    ] Safepoint "RevokeBias", Time since last: 144882747 ns, Reaching safepoint: 3120763 ns, At safepoint: 178951 ns, Total: 3299714 ns
[2020-09-11T17:57:48.359+0000][1][safepoint    ] Safepoint "RevokeBias", Time since last: 64302328 ns, Reaching safepoint: 1998629 ns, At safepoint: 28563 ns, Total: 2027192 ns
[2020-09-11T17:57:48.384+0000][1][safepoint    ] Safepoint "RevokeBias", Time since last: 24759694 ns, Reaching safepoint: 236168 ns, At safepoint: 24884 ns, Total: 261052 ns
[2020-09-11T17:57:48.389+0000][1][safepoint    ] Safepoint "RevokeBias", Time since last: 1194657 ns, Reaching safepoint: 3274539 ns, At safepoint: 29873 ns, Total: 3304412 ns
[2020-09-11T17:57:48.415+0000][1][safepoint    ] Safepoint "RevokeBias", Time since last: 23903094 ns, Reaching safepoint: 1734214 ns, At safepoint: 44933 ns, Total: 1779147 ns
[2020-09-11T17:57:48.489+0000][1][safepoint    ] Safepoint "RevokeBias", Time since last: 72843462 ns, Reaching safepoint: 1437945 ns, At safepoint: 25517 ns, Total: 1463462 ns
[2020-09-11T17:57:48.493+0000][1][safepoint    ] Safepoint "RevokeBias", Time since last: 163304 ns, Reaching safepoint: 3846950 ns, At safepoint: 35286 ns, Total: 3882236 ns
[2020-09-11T17:57:48.497+0000][1][safepoint    ] Safepoint "RevokeBias", Time since last: 174173 ns, Reaching safepoint: 3708987 ns, At safepoint: 18924 ns, Total: 3727911 ns
[2020-09-11T17:57:48.499+0000][1][safepoint    ] Safepoint "RevokeBias", Time since last: 106482 ns, Reaching safepoint: 1736635 ns, At safepoint: 20805 ns, Total: 1757440 ns
[2020-09-11T17:57:48.499+0000][1][safepoint    ] Safepoint "RevokeBias", Time since last: 115544 ns, Reaching safepoint: 301908 ns, At safepoint: 15368 ns, Total: 317276 ns
[2020-09-11T17:57:48.500+0000][1][safepoint    ] Safepoint "RevokeBias", Time since last: 107704 ns, Reaching safepoint: 433303 ns, At safepoint: 22573 ns, Total: 455876 ns
[2020-09-11T17:57:48.525+0000][1][safepoint    ] Safepoint "RevokeBias", Time since last: 25511030 ns, Reaching safepoint: 145568 ns, At safepoint: 22044 ns, Total: 167612 ns
[2020-09-11T17:57:48.526+0000][1][safepoint    ] Safepoint "RevokeBias", Time since last: 99191 ns, Reaching safepoint: 120058 ns, At safepoint: 13662 ns, Total: 133720 ns
[2020-09-11T17:57:48.526+0000][1][safepoint    ] Safepoint "RevokeBias", Time since last: 77199 ns, Reaching safepoint: 101476 ns, At safepoint: 11385 ns, Total: 112861 ns
[2020-09-11T17:57:48.710+0000][1][safepoint    ] Safepoint "RevokeBias", Time since last: 183593776 ns, Reaching safepoint: 153963 ns, At safepoint: 23027 ns, Total: 176990 ns
[2020-09-11T17:57:48.717+0000][1][safepoint    ] Safepoint "RevokeBias", Time since last: 151024 ns, Reaching safepoint: 7135885 ns, At safepoint: 35440 ns, Total: 7171325 ns
[2020-09-11T17:57:48.746+0000][1][safepoint    ] Safepoint "RevokeBias", Time since last: 28624096 ns, Reaching safepoint: 65190 ns, At safepoint: 16655 ns, Total: 81845 ns
[2020-09-11T17:57:49.102+0000][1][safepoint    ] Safepoint "Deoptimize", Time since last: 342263617 ns, Reaching safepoint: 13119175 ns, At safepoint: 556000 ns, Total: 13675175 ns
[2020-09-11T17:57:49.369+0000][1][safepoint    ] Safepoint "RevokeBias", Time since last: 256098350 ns, Reaching safepoint: 11249265 ns, At safepoint: 34513 ns, Total: 11283778 ns
[2020-09-11T17:57:49.369+0000][1][safepoint    ] Safepoint "RevokeBias", Time since last: 292392 ns, Reaching safepoint: 109809 ns, At safepoint: 14379 ns, Total: 124188 ns
[2020-09-11T17:57:49.369+0000][1][safepoint    ] Safepoint "RevokeBias", Time since last: 53160 ns, Reaching safepoint: 103124 ns, At safepoint: 13651 ns, Total: 116775 ns
[2020-09-11T17:57:49.370+0000][1][safepoint    ] Safepoint "RevokeBias", Time since last: 139916 ns, Reaching safepoint: 104227 ns, At safepoint: 15308 ns, Total: 119535 ns
[2020-09-11T17:57:49.569+0000][1][safepoint    ] Safepoint "RevokeBias", Time since last: 195143595 ns, Reaching safepoint: 3971315 ns, At safepoint: 588540 ns, Total: 4559855 ns
[2020-09-11T17:57:49.575+0000][1][safepoint    ] Safepoint "RevokeBias", Time since last: 2824024 ns, Reaching safepoint: 2734215 ns, At safepoint: 55822 ns, Total: 2790037 ns
[2020-09-11T17:57:49.617+0000][1][safepoint    ] Safepoint "Deoptimize", Time since last: 39969932 ns, Reaching safepoint: 1815941 ns, At safepoint: 539968 ns, Total: 2355909 ns
[2020-09-11T17:57:49.970+0000][1][safepoint    ] Safepoint "RevokeBias", Time since last: 324323550 ns, Reaching safepoint: 28231355 ns, At safepoint: 32799 ns, Total: 28264154 ns
[2020-09-11T17:57:49.971+0000][1][safepoint    ] Safepoint "RevokeBias", Time since last: 1088819 ns, Reaching safepoint: 201703 ns, At safepoint: 52775 ns, Total: 254478 ns
[2020-09-11T17:57:50.037+0000][1][safepoint    ] Safepoint "RevokeBias", Time since last: 65522453 ns, Reaching safepoint: 404613 ns, At safepoint: 80668 ns, Total: 485281 ns
[2020-09-11T17:57:50.058+0000][1][safepoint    ] Safepoint "RevokeBias", Time since last: 20076208 ns, Reaching safepoint: 149592 ns, At safepoint: 20449 ns, Total: 170041 ns
[2020-09-11T17:57:50.085+0000][1][safepoint    ] Safepoint "RevokeBias", Time since last: 18553214 ns, Reaching safepoint: 8721204 ns, At safepoint: 34515 ns, Total: 8755719 ns
[2020-09-11T17:57:50.086+0000][1][safepoint    ] Safepoint "RevokeBias", Time since last: 164540 ns, Reaching safepoint: 1185634 ns, At safepoint: 21734 ns, Total: 1207368 ns
[2020-09-11T17:57:50.087+0000][1][safepoint    ] Safepoint "RevokeBias", Time since last: 100502 ns, Reaching safepoint: 849908 ns, At safepoint: 18133 ns, Total: 868041 ns
[2020-09-11T17:57:50.089+0000][1][safepoint    ] Safepoint "RevokeBias", Time since last: 51392 ns, Reaching safepoint: 1538666 ns, At safepoint: 21841 ns, Total: 1560507 ns
[2020-09-11T17:57:50.137+0000][1][safepoint    ] Safepoint "RevokeBias", Time since last: 47820998 ns, Reaching safepoint: 317446 ns, At safepoint: 22742 ns, Total: 340188 ns
[2020-09-11T17:57:50.342+0000][1][gc,start     ] GC(75) Pause Young (Allocation Failure)
[2020-09-11T17:57:50.344+0000][1][gc,task      ] GC(75) Using 1 workers of 1 for evacuation
[2020-09-11T17:57:50.437+0000][1][gc,age       ] GC(75) Desired survivor size 4358144 bytes, new threshold 6 (max threshold 6)
[2020-09-11T17:57:50.445+0000][1][gc,age       ] GC(75) Age table with threshold 6 (max threshold 6)
[2020-09-11T17:57:50.445+0000][1][gc,age       ] GC(75) - age   1:    2296744 bytes,    2296744 total
[2020-09-11T17:57:50.445+0000][1][gc,heap      ] GC(75) ParNew: 76582K->7481K(76672K)
[2020-09-11T17:57:50.445+0000][1][gc,heap      ] GC(75) CMS: 116284K->121891K(2011968K)
[2020-09-11T17:57:50.445+0000][1][gc,metaspace ] GC(75) Metaspace: 86807K->86807K(1128448K)
[2020-09-11T17:57:50.445+0000][1][gc           ] GC(75) Pause Young (Allocation Failure) 188M->126M(2039M) 103.208ms
[2020-09-11T17:57:50.445+0000][1][gc,cpu       ] GC(75) User=0.02s Sys=0.00s Real=0.10s
[2020-09-11T17:57:50.495+0000][1][safepoint    ] Safepoint "GenCollectForAllocation", Time since last: 204412093 ns, Reaching safepoint: 336925 ns, At safepoint: 153542438 ns, Total: 153879363 ns
[2020-09-11T17:57:50.547+0000][1][safepoint    ] Safepoint "RevokeBias", Time since last: 30307488 ns, Reaching safepoint: 315843 ns, At safepoint: 20969994 ns, Total: 21285837 ns
[2020-09-11T17:57:50.562+0000][1][safepoint    ] Safepoint "RevokeBias", Time since last: 2787728 ns, Reaching safepoint: 5625010 ns, At safepoint: 7101863 ns, Total: 12726873 ns
[2020-09-11T17:57:50.605+0000][1][safepoint    ] Safepoint "RevokeBias", Time since last: 22377028 ns, Reaching safepoint: 20095473 ns, At safepoint: 104054 ns, Total: 20199527 ns
[2020-09-11T17:57:50.617+0000][1][safepoint    ] Safepoint "RevokeBias", Time since last: 10984228 ns, Reaching safepoint: 894214 ns, At safepoint: 74679 ns, Total: 968893 ns
[2020-09-11T17:57:50.619+0000][1][safepoint    ] Safepoint "BulkRevokeBias", Time since last: 1223236 ns, Reaching safepoint: 132859 ns, At safepoint: 364924 ns, Total: 497783 ns
[2020-09-11T17:57:50.662+0000][1][safepoint    ] Safepoint "RevokeBias", Time since last: 42126393 ns, Reaching safepoint: 1606384 ns, At safepoint: 83025 ns, Total: 1689409 ns
[2020-09-11T17:57:50.677+0000][1][safepoint    ] Safepoint "RevokeBias", Time since last: 14351156 ns, Reaching safepoint: 306067 ns, At safepoint: 34073 ns, Total: 340140 ns
[2020-09-11T17:57:51.013+0000][1][safepoint    ] Safepoint "RevokeBias", Time since last: 329007104 ns, Reaching safepoint: 6714998 ns, At safepoint: 230979 ns, Total: 6945977 ns
[2020-09-11T17:57:51.058+0000][1][safepoint    ] Safepoint "RevokeBias", Time since last: 43675121 ns, Reaching safepoint: 746504 ns, At safepoint: 157925 ns, Total: 904429 ns
[2020-09-11T17:57:51.061+0000][1][safepoint    ] Safepoint "RevokeBias", Time since last: 494527 ns, Reaching safepoint: 2671457 ns, At safepoint: 133331 ns, Total: 2804788 ns
[2020-09-11T17:57:51.073+0000][1][safepoint    ] Safepoint "RevokeBias", Time since last: 7919980 ns, Reaching safepoint: 3984253 ns, At safepoint: 262244 ns, Total: 4246497 ns
[2020-09-11T17:57:51.098+0000][1][safepoint    ] Safepoint "RevokeBias", Time since last: 21721752 ns, Reaching safepoint: 3132745 ns, At safepoint: 47506 ns, Total: 3180251 ns
[2020-09-11T17:57:51.124+0000][1][safepoint    ] Safepoint "Deoptimize", Time since last: 24509240 ns, Reaching safepoint: 497023 ns, At safepoint: 570745 ns, Total: 1067768 ns
[2020-09-11T17:57:51.157+0000][1][safepoint    ] Safepoint "RevokeBias", Time since last: 33290498 ns, Reaching safepoint: 298520 ns, At safepoint: 23071 ns, Total: 321591 ns
[2020-09-11T17:57:51.194+0000][1][safepoint    ] Safepoint "RevokeBias", Time since last: 35548767 ns, Reaching safepoint: 1111672 ns, At safepoint: 26236 ns, Total: 1137908 ns
[2020-09-11T17:57:51.194+0000][1][safepoint    ] Safepoint "RevokeBias", Time since last: 92614 ns, Reaching safepoint: 111230 ns, At safepoint: 14559 ns, Total: 125789 ns
[2020-09-11T17:57:51.194+0000][1][safepoint    ] Safepoint "RevokeBias", Time since last: 73408 ns, Reaching safepoint: 110000 ns, At safepoint: 12537 ns, Total: 122537 ns
[2020-09-11T17:57:51.202+0000][1][safepoint    ] Safepoint "RevokeBias", Time since last: 7043560 ns, Reaching safepoint: 242961 ns, At safepoint: 18668 ns, Total: 261629 ns
[2020-09-11T17:57:51.219+0000][1][safepoint    ] Safepoint "RevokeBias", Time since last: 17344215 ns, Reaching safepoint: 224418 ns, At safepoint: 19793 ns, Total: 244211 ns
[2020-09-11T17:57:51.220+0000][1][safepoint    ] Safepoint "RevokeBias", Time since last: 141676 ns, Reaching safepoint: 109441 ns, At safepoint: 13776 ns, Total: 123217 ns
[2020-09-11T17:57:51.262+0000][1][safepoint    ] Safepoint "RevokeBias", Time since last: 26200446 ns, Reaching safepoint: 16224080 ns, At safepoint: 31454 ns, Total: 16255534 ns
[2020-09-11T17:57:51.544+0000][1][gc,start     ] GC(76) Pause Young (Allocation Failure)
[2020-09-11T17:57:51.544+0000][1][gc,task      ] GC(76) Using 1 workers of 1 for evacuation
[2020-09-11T17:57:51.715+0000][1][gc,age       ] GC(76) Desired survivor size 4358144 bytes, new threshold 6 (max threshold 6)
[2020-09-11T17:57:51.715+0000][1][gc,age       ] GC(76) Age table with threshold 6 (max threshold 6)
[2020-09-11T17:57:51.715+0000][1][gc,age       ] GC(76) - age   1:     240520 bytes,     240520 total
[2020-09-11T17:57:51.715+0000][1][gc,age       ] GC(76) - age   2:    1485192 bytes,    1725712 total
[2020-09-11T17:57:51.715+0000][1][gc,heap      ] GC(76) ParNew: 75641K->2431K(76672K)
[2020-09-11T17:57:51.715+0000][1][gc,heap      ] GC(76) CMS: 121891K->121891K(2011968K)
[2020-09-11T17:57:51.715+0000][1][gc,metaspace ] GC(76) Metaspace: 87096K->87096K(1130496K)
[2020-09-11T17:57:51.715+0000][1][gc           ] GC(76) Pause Young (Allocation Failure) 192M->121M(2039M) 171.333ms
[2020-09-11T17:57:51.715+0000][1][gc,cpu       ] GC(76) User=0.03s Sys=0.00s Real=0.17s
[2020-09-11T17:57:51.812+0000][1][safepoint    ] Safepoint "GenCollectForAllocation", Time since last: 281261921 ns, Reaching safepoint: 317866 ns, At safepoint: 268039710 ns, Total: 268357576 ns
[2020-09-11T17:57:51.826+0000][1][safepoint    ] Safepoint "RevokeBias", Time since last: 13795507 ns, Reaching safepoint: 238910 ns, At safepoint: 254635 ns, Total: 493545 ns
[2020-09-11T17:57:51.899+0000][1][safepoint    ] Safepoint "RevokeBias", Time since last: 73248838 ns, Reaching safepoint: 299810 ns, At safepoint: 24059 ns, Total: 323869 ns
[2020-09-11T17:57:52.010+0000][1][safepoint    ] Safepoint "RevokeBias", Time since last: 110820479 ns, Reaching safepoint: 150489 ns, At safepoint: 19493 ns, Total: 169982 ns
[2020-09-11T17:57:52.012+0000][1][safepoint    ] Safepoint "RevokeBias", Time since last: 1545406 ns, Reaching safepoint: 135328 ns, At safepoint: 19059 ns, Total: 154387 ns
[2020-09-11T17:57:52.018+0000][1][safepoint    ] Safepoint "RevokeBias", Time since last: 5290540 ns, Reaching safepoint: 157204 ns, At safepoint: 30222 ns, Total: 187426 ns
[2020-09-11T17:57:52.025+0000][1][safepoint    ] Safepoint "BulkRevokeBias", Time since last: 76657 ns, Reaching safepoint: 110809 ns, At safepoint: 7003074 ns, Total: 7113883 ns
[2020-09-11T17:57:52.155+0000][1][safepoint    ] Safepoint "Deoptimize", Time since last: 129099697 ns, Reaching safepoint: 624786 ns, At safepoint: 544872 ns, Total: 1169658 ns
[2020-09-11T17:57:52.183+0000][1][safepoint    ] Safepoint "RevokeBias", Time since last: 21715884 ns, Reaching safepoint: 6164540 ns, At safepoint: 56629 ns, Total: 6221169 ns
[2020-09-11T17:57:52.221+0000][1][safepoint    ] Safepoint "RevokeBias", Time since last: 37775306 ns, Reaching safepoint: 158420 ns, At safepoint: 21727 ns, Total: 180147 ns
[2020-09-11T17:57:52.225+0000][1][safepoint    ] Safepoint "RevokeBias", Time since last: 3835415 ns, Reaching safepoint: 153115 ns, At safepoint: 20311 ns, Total: 173426 ns
[2020-09-11T17:57:52.398+0000][1][safepoint    ] Safepoint "RevokeBias", Time since last: 172460240 ns, Reaching safepoint: 172141 ns, At safepoint: 22436 ns, Total: 194577 ns
[2020-09-11T17:57:52.487+0000][1][safepoint    ] Safepoint "RevokeBias", Time since last: 89338836 ns, Reaching safepoint: 255680 ns, At safepoint: 23644 ns, Total: 279324 ns
[2020-09-11T17:57:52.549+0000][1][safepoint    ] Safepoint "RevokeBias", Time since last: 61570994 ns, Reaching safepoint: 247929 ns, At safepoint: 24455 ns, Total: 272384 ns
[2020-09-11T17:57:52.613+0000][1][safepoint    ] Safepoint "RevokeBias", Time since last: 63617164 ns, Reaching safepoint: 138441 ns, At safepoint: 131124 ns, Total: 269565 ns
[2020-09-11T17:57:52.682+0000][1][safepoint    ] Safepoint "RevokeBias", Time since last: 67878373 ns, Reaching safepoint: 1097181 ns, At safepoint: 125038 ns, Total: 1222219 ns
[2020-09-11T17:57:52.797+0000][1][safepoint    ] Safepoint "RevokeBias", Time since last: 103696173 ns, Reaching safepoint: 11092198 ns, At safepoint: 63014 ns, Total: 11155212 ns
[2020-09-11T17:57:52.858+0000][1][safepoint    ] Safepoint "RevokeBias", Time since last: 60487203 ns, Reaching safepoint: 163956 ns, At safepoint: 66590 ns, Total: 230546 ns
[2020-09-11T17:57:52.862+0000][1][safepoint    ] Safepoint "RevokeBias", Time since last: 3429248 ns, Reaching safepoint: 161203 ns, At safepoint: 286050 ns, Total: 447253 ns
[2020-09-11T17:57:52.982+0000][1][safepoint    ] Safepoint "RevokeBias", Time since last: 119799877 ns, Reaching safepoint: 176428 ns, At safepoint: 158499 ns, Total: 334927 ns
[2020-09-11T17:57:52.988+0000][1][safepoint    ] Safepoint "RevokeBias", Time since last: 6045721 ns, Reaching safepoint: 158693 ns, At safepoint: 118507 ns, Total: 277200 ns
[2020-09-11T17:57:53.000+0000][1][safepoint    ] Safepoint "Deoptimize", Time since last: 11397250 ns, Reaching safepoint: 168217 ns, At safepoint: 699312 ns, Total: 867529 ns
[2020-09-11T17:57:53.001+0000][1][safepoint    ] Safepoint "RevokeBias", Time since last: 69432 ns, Reaching safepoint: 138102 ns, At safepoint: 134152 ns, Total: 272254 ns
[2020-09-11T17:57:53.278+0000][1][gc,start     ] GC(77) Pause Young (Allocation Failure)
[2020-09-11T17:57:53.278+0000][1][gc,task      ] GC(77) Using 1 workers of 1 for evacuation
[2020-09-11T17:57:53.454+0000][1][gc,age       ] GC(77) Desired survivor size 4358144 bytes, new threshold 3 (max threshold 6)
[2020-09-11T17:57:53.454+0000][1][gc,age       ] GC(77) Age table with threshold 3 (max threshold 6)
[2020-09-11T17:57:53.454+0000][1][gc,age       ] GC(77) - age   1:    3666248 bytes,    3666248 total
[2020-09-11T17:57:53.454+0000][1][gc,age       ] GC(77) - age   2:     154312 bytes,    3820560 total
[2020-09-11T17:57:53.454+0000][1][gc,age       ] GC(77) - age   3:    1265856 bytes,    5086416 total
[2020-09-11T17:57:53.454+0000][1][gc,heap      ] GC(77) ParNew: 70591K->5615K(76672K)
[2020-09-11T17:57:53.454+0000][1][gc,heap      ] GC(77) CMS: 121891K->121891K(2011968K)
[2020-09-11T17:57:53.454+0000][1][gc,metaspace ] GC(77) Metaspace: 87610K->87610K(1130496K)
[2020-09-11T17:57:53.454+0000][1][gc           ] GC(77) Pause Young (Allocation Failure) 187M->124M(2039M) 175.523ms
[2020-09-11T17:57:53.454+0000][1][gc,cpu       ] GC(77) User=0.04s Sys=0.00s Real=0.18s
[2020-09-11T17:57:53.474+0000][1][safepoint    ] Safepoint "RevokeBias", Time since last: 277451593 ns, Reaching safepoint: 173787 ns, At safepoint: 195584739 ns, Total: 195758526 ns
[2020-09-11T17:57:53.532+0000][1][safepoint    ] Safepoint "RevokeBias", Time since last: 42985670 ns, Reaching safepoint: 15303655 ns, At safepoint: 132602 ns, Total: 15436257 ns
[2020-09-11T17:57:53.546+0000][1][safepoint    ] Safepoint "RevokeBias", Time since last: 13482806 ns, Reaching safepoint: 421224 ns, At safepoint: 165581 ns, Total: 586805 ns
[2020-09-11T17:57:53.561+0000][1][safepoint    ] Safepoint "RevokeBias", Time since last: 14420721 ns, Reaching safepoint: 212797 ns, At safepoint: 178386 ns, Total: 391183 ns
[2020-09-11T17:57:53.576+0000][1][safepoint    ] Safepoint "RevokeBias", Time since last: 14709136 ns, Reaching safepoint: 175560 ns, At safepoint: 296603 ns, Total: 472163 ns
[2020-09-11T17:57:53.755+0000][1][safepoint    ] Safepoint "RevokeBias", Time since last: 177822053 ns, Reaching safepoint: 371876 ns, At safepoint: 174248 ns, Total: 546124 ns
[2020-09-11T17:57:54.127+0000][1][safepoint    ] Safepoint "RevokeBias", Time since last: 372484571 ns, Reaching safepoint: 260722 ns, At safepoint: 26937 ns, Total: 287659 ns
[2020-09-11T17:57:54.450+0000][1][safepoint    ] Safepoint "RevokeBias", Time since last: 322215611 ns, Reaching safepoint: 700053 ns, At safepoint: 22655 ns, Total: 722708 ns
[2020-09-11T17:57:54.451+0000][1][safepoint    ] Safepoint "RevokeBias", Time since last: 71837 ns, Reaching safepoint: 110526 ns, At safepoint: 12407 ns, Total: 122933 ns
[2020-09-11T17:57:54.644+0000][1][safepoint    ] Safepoint "RevokeBias", Time since last: 193041528 ns, Reaching safepoint: 292793 ns, At safepoint: 22356 ns, Total: 315149 ns
[2020-09-11T17:57:54.733+0000][1][safepoint    ] Safepoint "RevokeBias", Time since last: 72400496 ns, Reaching safepoint: 16557877 ns, At safepoint: 33988 ns, Total: 16591865 ns
[2020-09-11T17:57:54.975+0000][1][safepoint    ] Safepoint "RevokeBias", Time since last: 238064025 ns, Reaching safepoint: 4370595 ns, At safepoint: 33706 ns, Total: 4404301 ns
[2020-09-11T17:57:55.078+0000][1][safepoint    ] Safepoint "RevokeBias", Time since last: 102159258 ns, Reaching safepoint: 245145 ns, At safepoint: 322525 ns, Total: 567670 ns
[2020-09-11T17:57:55.127+0000][1][safepoint    ] Safepoint "RevokeBias", Time since last: 47853805 ns, Reaching safepoint: 711495 ns, At safepoint: 34902 ns, Total: 746397 ns
[2020-09-11T17:57:55.223+0000][1][safepoint    ] Safepoint "RevokeBias", Time since last: 95741820 ns, Reaching safepoint: 980181 ns, At safepoint: 55429 ns, Total: 1035610 ns
[2020-09-11T17:57:55.329+0000][1][safepoint    ] Safepoint "GenCollectForAllocation", Time since last: 105607758 ns, Reaching safepoint: 273546 ns, At safepoint: 11575 ns, Total: 285121 ns
[2020-09-11T17:57:55.392+0000][1][gc,start     ] GC(78) Pause Young (GCLocker Initiated GC)
[2020-09-11T17:57:55.392+0000][1][gc,task      ] GC(78) Using 1 workers of 1 for evacuation
[2020-09-11T17:57:55.508+0000][1][gc,age       ] GC(78) Desired survivor size 4358144 bytes, new threshold 6 (max threshold 6)
[2020-09-11T17:57:55.509+0000][1][gc,age       ] GC(78) Age table with threshold 6 (max threshold 6)
[2020-09-11T17:57:55.509+0000][1][gc,age       ] GC(78) - age   1:    1236256 bytes,    1236256 total
[2020-09-11T17:57:55.509+0000][1][gc,age       ] GC(78) - age   2:    1755376 bytes,    2991632 total
[2020-09-11T17:57:55.509+0000][1][gc,age       ] GC(78) - age   3:     145368 bytes,    3137000 total
[2020-09-11T17:57:55.509+0000][1][gc,heap      ] GC(78) ParNew: 75652K->4193K(76672K)
[2020-09-11T17:57:55.509+0000][1][gc,heap      ] GC(78) CMS: 121891K->123184K(2011968K)
[2020-09-11T17:57:55.509+0000][1][gc,metaspace ] GC(78) Metaspace: 87947K->87947K(1130496K)
[2020-09-11T17:57:55.521+0000][1][gc           ] GC(78) Pause Young (GCLocker Initiated GC) 192M->124M(2039M) 129.034ms
[2020-09-11T17:57:55.521+0000][1][gc,cpu       ] GC(78) User=0.03s Sys=0.00s Real=0.14s
[2020-09-11T17:57:55.573+0000][1][safepoint    ] Safepoint "GenCollectFull", Time since last: 62223529 ns, Reaching safepoint: 163226 ns, At safepoint: 180800087 ns, Total: 180963313 ns
[2020-09-11T17:57:55.605+0000][1][safepoint    ] Safepoint "RevokeBias", Time since last: 15921950 ns, Reaching safepoint: 16390320 ns, At safepoint: 43683 ns, Total: 16434003 ns
[2020-09-11T17:57:55.606+0000][1][safepoint    ] Safepoint "RevokeBias", Time since last: 704851 ns, Reaching safepoint: 197786 ns, At safepoint: 15097 ns, Total: 212883 ns
[2020-09-11T17:57:55.637+0000][1][safepoint    ] Safepoint "RevokeBias", Time since last: 30972358 ns, Reaching safepoint: 303645 ns, At safepoint: 25364 ns, Total: 329009 ns
[2020-09-11T17:57:55.637+0000][1][safepoint    ] Safepoint "RevokeBias", Time since last: 125102 ns, Reaching safepoint: 114188 ns, At safepoint: 13796 ns, Total: 127984 ns
[2020-09-11T17:57:55.841+0000][1][safepoint    ] Safepoint "RevokeBias", Time since last: 183353165 ns, Reaching safepoint: 20070825 ns, At safepoint: 34604 ns, Total: 20105429 ns
[2020-09-11T17:57:56.215+0000][1][safepoint    ] Safepoint "RevokeBias", Time since last: 374143078 ns, Reaching safepoint: 163517 ns, At safepoint: 19384 ns, Total: 182901 ns
[2020-09-11T17:57:56.221+0000][1][safepoint    ] Safepoint "RevokeBias", Time since last: 5641785 ns, Reaching safepoint: 160413 ns, At safepoint: 21108 ns, Total: 181521 ns
[2020-09-11T17:57:56.249+0000][1][safepoint    ] Safepoint "RevokeBias", Time since last: 27852430 ns, Reaching safepoint: 161623 ns, At safepoint: 23078 ns, Total: 184701 ns
[2020-09-11T17:57:56.285+0000][1][safepoint    ] Safepoint "RevokeBias", Time since last: 35797043 ns, Reaching safepoint: 156573 ns, At safepoint: 23896 ns, Total: 180469 ns
[2020-09-11T17:57:56.345+0000][1][safepoint    ] Safepoint "RevokeBias", Time since last: 60334326 ns, Reaching safepoint: 71669 ns, At safepoint: 17800 ns, Total: 89469 ns
[2020-09-11T17:57:56.849+0000][1][safepoint    ] Safepoint "RevokeBias", Time since last: 503109592 ns, Reaching safepoint: 636352 ns, At safepoint: 24744 ns, Total: 661096 ns
[2020-09-11T17:57:56.945+0000][1][safepoint    ] Safepoint "RevokeBias", Time since last: 95577179 ns, Reaching safepoint: 145856 ns, At safepoint: 21662 ns, Total: 167518 ns
[2020-09-11T17:57:57.009+0000][1][safepoint    ] Safepoint "RevokeBias", Time since last: 64106009 ns, Reaching safepoint: 84363 ns, At safepoint: 20740 ns, Total: 105103 ns
[2020-09-11T17:57:57.010+0000][1][safepoint    ] Safepoint "RevokeBias", Time since last: 589254 ns, Reaching safepoint: 38407 ns, At safepoint: 12712 ns, Total: 51119 ns
[2020-09-11T17:57:57.037+0000][1][safepoint    ] Safepoint "RevokeBias", Time since last: 27009934 ns, Reaching safepoint: 527764 ns, At safepoint: 29395 ns, Total: 557159 ns
[2020-09-11T17:57:57.077+0000][1][safepoint    ] Safepoint "RevokeBias", Time since last: 39565176 ns, Reaching safepoint: 331961 ns, At safepoint: 24597 ns, Total: 356558 ns
[2020-09-11T17:57:57.089+0000][1][safepoint    ] Safepoint "RevokeBias", Time since last: 4882820 ns, Reaching safepoint: 6704527 ns, At safepoint: 41159 ns, Total: 6745686 ns
[2020-09-11T17:57:57.106+0000][1][safepoint    ] Safepoint "RevokeBias", Time since last: 13209704 ns, Reaching safepoint: 3820607 ns, At safepoint: 34115 ns, Total: 3854722 ns
[2020-09-11T17:57:57.985+0000][1][safepoint    ] Safepoint "RevokeBias", Time since last: 878833260 ns, Reaching safepoint: 212346 ns, At safepoint: 22851 ns, Total: 235197 ns
[2020-09-11T17:57:57.986+0000][1][safepoint    ] Safepoint "RevokeBias", Time since last: 545979 ns, Reaching safepoint: 309975 ns, At safepoint: 15139 ns, Total: 325114 ns
[2020-09-11T17:57:57.990+0000][1][safepoint    ] Safepoint "RevokeBias", Time since last: 4032394 ns, Reaching safepoint: 150331 ns, At safepoint: 20026 ns, Total: 170357 ns
[2020-09-11T17:57:57.990+0000][1][safepoint    ] Safepoint "RevokeBias", Time since last: 99030 ns, Reaching safepoint: 105255 ns, At safepoint: 13226 ns, Total: 118481 ns
[2020-09-11T17:57:58.119+0000][1][safepoint    ] Safepoint "RevokeBias", Time since last: 128767675 ns, Reaching safepoint: 162237 ns, At safepoint: 22886 ns, Total: 185123 ns
[2020-09-11T17:57:58.145+0000][1][safepoint    ] Safepoint "RevokeBias", Time since last: 25424763 ns, Reaching safepoint: 116874 ns, At safepoint: 21557 ns, Total: 138431 ns
[2020-09-11T17:57:58.234+0000][1][safepoint    ] Safepoint "RevokeBias", Time since last: 72737789 ns, Reaching safepoint: 16342802 ns, At safepoint: 58737 ns, Total: 16401539 ns
[2020-09-11T17:57:58.294+0000][1][safepoint    ] Safepoint "RevokeBias", Time since last: 58519810 ns, Reaching safepoint: 994720 ns, At safepoint: 24210 ns, Total: 1018930 ns
[2020-09-11T17:57:58.342+0000][1][safepoint    ] Safepoint "RevokeBias", Time since last: 43293246 ns, Reaching safepoint: 5503462 ns, At safepoint: 37924 ns, Total: 5541386 ns
[2020-09-11T17:57:58.404+0000][1][safepoint    ] Safepoint "RevokeBias", Time since last: 58648316 ns, Reaching safepoint: 3291689 ns, At safepoint: 136542 ns, Total: 3428231 ns
[2020-09-11T17:57:58.535+0000][1][safepoint    ] Safepoint "RevokeBias", Time since last: 125392618 ns, Reaching safepoint: 4739141 ns, At safepoint: 31388 ns, Total: 4770529 ns
[2020-09-11T17:57:58.549+0000][1][safepoint    ] Safepoint "RevokeBias", Time since last: 11071262 ns, Reaching safepoint: 3268057 ns, At safepoint: 40875 ns, Total: 3308932 ns
[2020-09-11T17:57:58.551+0000][1][safepoint    ] Safepoint "RevokeBias", Time since last: 643998 ns, Reaching safepoint: 1815845 ns, At safepoint: 26329 ns, Total: 1842174 ns
[2020-09-11T17:57:58.555+0000][1][gc,start     ] GC(79) Pause Young (Allocation Failure)
[2020-09-11T17:57:58.555+0000][1][gc,task      ] GC(79) Using 1 workers of 1 for evacuation
[2020-09-11T17:57:58.628+0000][1][gc,age       ] GC(79) Desired survivor size 4358144 bytes, new threshold 4 (max threshold 6)
[2020-09-11T17:57:58.628+0000][1][gc,age       ] GC(79) Age table with threshold 4 (max threshold 6)
[2020-09-11T17:57:58.628+0000][1][gc,age       ] GC(79) - age   1:    3244664 bytes,    3244664 total
[2020-09-11T17:57:58.628+0000][1][gc,age       ] GC(79) - age   2:     181808 bytes,    3426472 total
[2020-09-11T17:57:58.628+0000][1][gc,age       ] GC(79) - age   3:     889048 bytes,    4315520 total
[2020-09-11T17:57:58.628+0000][1][gc,age       ] GC(79) - age   4:     139992 bytes,    4455512 total
[2020-09-11T17:57:58.628+0000][1][gc,heap      ] GC(79) ParNew: 72354K->6691K(76672K)
[2020-09-11T17:57:58.628+0000][1][gc,heap      ] GC(79) CMS: 123184K->123184K(2011968K)
[2020-09-11T17:57:58.628+0000][1][gc,metaspace ] GC(79) Metaspace: 88421K->88421K(1130496K)
[2020-09-11T17:57:58.628+0000][1][gc           ] GC(79) Pause Young (Allocation Failure) 190M->126M(2039M) 73.348ms
[2020-09-11T17:57:58.628+0000][1][gc,cpu       ] GC(79) User=0.02s Sys=0.00s Real=0.07s
[2020-09-11T17:57:58.664+0000][1][safepoint    ] Safepoint "GenCollectForAllocation", Time since last: 3029532 ns, Reaching safepoint: 167636 ns, At safepoint: 109791983 ns, Total: 109959619 ns
[2020-09-11T17:57:58.681+0000][1][gc,start     ] GC(80) Pause Young (GCLocker Initiated GC)
[2020-09-11T17:57:58.681+0000][1][gc,task      ] GC(80) Using 1 workers of 1 for evacuation
[2020-09-11T17:57:58.789+0000][1][gc,age       ] GC(80) Desired survivor size 4358144 bytes, new threshold 6 (max threshold 6)
[2020-09-11T17:57:58.801+0000][1][gc,age       ] GC(80) Age table with threshold 6 (max threshold 6)
[2020-09-11T17:57:58.801+0000][1][gc,age       ] GC(80) - age   1:      56960 bytes,      56960 total
[2020-09-11T17:57:58.801+0000][1][gc,age       ] GC(80) - age   2:    2826552 bytes,    2883512 total
[2020-09-11T17:57:58.801+0000][1][gc,age       ] GC(80) - age   3:     181616 bytes,    3065128 total
[2020-09-11T17:57:58.801+0000][1][gc,age       ] GC(80) - age   4:     889048 bytes,    3954176 total
[2020-09-11T17:57:58.801+0000][1][gc,heap      ] GC(80) ParNew: 12343K->4099K(76672K)
[2020-09-11T17:57:58.801+0000][1][gc,heap      ] GC(80) CMS: 123184K->123327K(2011968K)
[2020-09-11T17:57:58.801+0000][1][gc,metaspace ] GC(80) Metaspace: 88441K->88441K(1130496K)
[2020-09-11T17:57:58.801+0000][1][gc           ] GC(80) Pause Young (GCLocker Initiated GC) 132M->124M(2039M) 119.857ms
[2020-09-11T17:57:58.801+0000][1][gc,cpu       ] GC(80) User=0.04s Sys=0.00s Real=0.12s
[2020-09-11T17:57:58.830+0000][1][safepoint    ] Safepoint "GenCollectFull", Time since last: 16393360 ns, Reaching safepoint: 204054 ns, At safepoint: 149171701 ns, Total: 149375755 ns
[2020-09-11T17:57:58.891+0000][1][safepoint    ] Safepoint "RevokeBias", Time since last: 58635569 ns, Reaching safepoint: 2293844 ns, At safepoint: 27544 ns, Total: 2321388 ns
[2020-09-11T17:57:58.892+0000][1][safepoint    ] Safepoint "RevokeBias", Time since last: 367818 ns, Reaching safepoint: 210272 ns, At safepoint: 25039 ns, Total: 235311 ns
[2020-09-11T17:57:58.918+0000][1][safepoint    ] Safepoint "RevokeBias", Time since last: 25942407 ns, Reaching safepoint: 405797 ns, At safepoint: 21423 ns, Total: 427220 ns
[2020-09-11T17:57:58.939+0000][1][safepoint    ] Safepoint "RevokeBias", Time since last: 20656758 ns, Reaching safepoint: 292663 ns, At safepoint: 24670 ns, Total: 317333 ns
[2020-09-11T17:57:58.987+0000][1][safepoint    ] Safepoint "RevokeBias", Time since last: 42451552 ns, Reaching safepoint: 5717383 ns, At safepoint: 34304 ns, Total: 5751687 ns
[2020-09-11T17:57:59.123+0000][1][safepoint    ] Safepoint "RevokeBias", Time since last: 134961629 ns, Reaching safepoint: 284896 ns, At safepoint: 26920 ns, Total: 311816 ns
[2020-09-11T17:57:59.221+0000][1][safepoint    ] Safepoint "RevokeBias", Time since last: 98184152 ns, Reaching safepoint: 301985 ns, At safepoint: 25902 ns, Total: 327887 ns
[2020-09-11T17:57:59.222+0000][1][safepoint    ] Safepoint "RevokeBias", Time since last: 668688 ns, Reaching safepoint: 116750 ns, At safepoint: 16861 ns, Total: 133611 ns
[2020-09-11T17:57:59.288+0000][1][safepoint    ] Safepoint "RevokeBias", Time since last: 65766650 ns, Reaching safepoint: 191765 ns, At safepoint: 23285 ns, Total: 215050 ns
[2020-09-11T17:57:59.684+0000][1][safepoint    ] Safepoint "RevokeBias", Time since last: 390164820 ns, Reaching safepoint: 5547561 ns, At safepoint: 37538 ns, Total: 5585099 ns
[2020-09-11T17:57:59.697+0000][1][safepoint    ] Safepoint "RevokeBias", Time since last: 9406672 ns, Reaching safepoint: 3780473 ns, At safepoint: 157642 ns, Total: 3938115 ns
[2020-09-11T17:57:59.938+0000][1][safepoint    ] Safepoint "RevokeBias", Time since last: 235344202 ns, Reaching safepoint: 5992243 ns, At safepoint: 31118 ns, Total: 6023361 ns
[2020-09-11T17:57:59.941+0000][1][safepoint    ] Safepoint "RevokeBias", Time since last: 2593438 ns, Reaching safepoint: 151816 ns, At safepoint: 19579 ns, Total: 171395 ns
[2020-09-11T17:58:00.014+0000][1][safepoint    ] Safepoint "RevokeBias", Time since last: 72596400 ns, Reaching safepoint: 192324 ns, At safepoint: 28724 ns, Total: 221048 ns
[2020-09-11T17:58:00.034+0000][1][safepoint    ] Safepoint "RevokeBias", Time since last: 19453205 ns, Reaching safepoint: 182076 ns, At safepoint: 22735 ns, Total: 204811 ns
[2020-09-11T17:58:00.035+0000][1][safepoint    ] Safepoint "RevokeBias", Time since last: 1475897 ns, Reaching safepoint: 148826 ns, At safepoint: 16058 ns, Total: 164884 ns
[2020-09-11T17:58:00.586+0000][1][safepoint    ] Safepoint "RevokeBias", Time since last: 550272250 ns, Reaching safepoint: 157410 ns, At safepoint: 24316 ns, Total: 181726 ns
[2020-09-11T17:58:00.647+0000][1][safepoint    ] Safepoint "RevokeBias", Time since last: 61197099 ns, Reaching safepoint: 86078 ns, At safepoint: 19305 ns, Total: 105383 ns
[2020-09-11T17:58:00.653+0000][1][safepoint    ] Safepoint "RevokeBias", Time since last: 5848239 ns, Reaching safepoint: 158733 ns, At safepoint: 21170 ns, Total: 179903 ns
[2020-09-11T17:58:00.665+0000][1][safepoint    ] Safepoint "RevokeBias", Time since last: 11821691 ns, Reaching safepoint: 169393 ns, At safepoint: 23446 ns, Total: 192839 ns
[2020-09-11T17:58:00.698+0000][1][safepoint    ] Safepoint "RevokeBias", Time since last: 32778608 ns, Reaching safepoint: 156082 ns, At safepoint: 19540 ns, Total: 175622 ns
[2020-09-11T17:58:00.781+0000][1][safepoint    ] Safepoint "RevokeBias", Time since last: 80056096 ns, Reaching safepoint: 2903988 ns, At safepoint: 26077 ns, Total: 2930065 ns
[2020-09-11T17:58:01.254+0000][1][safepoint    ] Safepoint "RevokeBias", Time since last: 472624471 ns, Reaching safepoint: 166738 ns, At safepoint: 18745 ns, Total: 185483 ns
[2020-09-11T17:58:01.354+0000][1][safepoint    ] Safepoint "RevokeBias", Time since last: 96736821 ns, Reaching safepoint: 3433113 ns, At safepoint: 31596 ns, Total: 3464709 ns
[2020-09-11T17:58:01.360+0000][1][safepoint    ] Safepoint "RevokeBias", Time since last: 5616339 ns, Reaching safepoint: 205149 ns, At safepoint: 25328 ns, Total: 230477 ns
[2020-09-11T17:58:01.385+0000][1][safepoint    ] Safepoint "RevokeBias", Time since last: 18075042 ns, Reaching safepoint: 6955761 ns, At safepoint: 35414 ns, Total: 6991175 ns
[2020-09-11T17:58:01.766+0000][1][safepoint    ] Safepoint "GenCollectForAllocation", Time since last: 379858106 ns, Reaching safepoint: 743315 ns, At safepoint: 13993 ns, Total: 757308 ns
[2020-09-11T17:58:01.806+0000][1][gc,start     ] GC(81) Pause Young (GCLocker Initiated GC)
[2020-09-11T17:58:01.806+0000][1][gc,task      ] GC(81) Using 1 workers of 1 for evacuation
[2020-09-11T17:58:01.922+0000][1][gc,age       ] GC(81) Desired survivor size 4358144 bytes, new threshold 1 (max threshold 6)
[2020-09-11T17:58:01.922+0000][1][gc,age       ] GC(81) Age table with threshold 1 (max threshold 6)
[2020-09-11T17:58:01.922+0000][1][gc,age       ] GC(81) - age   1:    5094816 bytes,    5094816 total
[2020-09-11T17:58:01.922+0000][1][gc,age       ] GC(81) - age   2:      10680 bytes,    5105496 total
[2020-09-11T17:58:01.922+0000][1][gc,age       ] GC(81) - age   3:    2452544 bytes,    7558040 total
[2020-09-11T17:58:01.922+0000][1][gc,age       ] GC(81) - age   4:     178976 bytes,    7737016 total
[2020-09-11T17:58:01.922+0000][1][gc,age       ] GC(81) - age   5:     889008 bytes,    8626024 total
[2020-09-11T17:58:01.922+0000][1][gc,heap      ] GC(81) ParNew: 75637K->8512K(76672K)
[2020-09-11T17:58:01.922+0000][1][gc,heap      ] GC(81) CMS: 123327K->123327K(2011968K)
[2020-09-11T17:58:01.922+0000][1][gc,metaspace ] GC(81) Metaspace: 89228K->89228K(1132544K)
[2020-09-11T17:58:01.922+0000][1][gc           ] GC(81) Pause Young (GCLocker Initiated GC) 194M->128M(2039M) 116.080ms
[2020-09-11T17:58:01.922+0000][1][gc,cpu       ] GC(81) User=0.03s Sys=0.00s Real=0.12s
[2020-09-11T17:58:01.961+0000][1][safepoint    ] Safepoint "GenCollectFull", Time since last: 39849315 ns, Reaching safepoint: 242224 ns, At safepoint: 155162409 ns, Total: 155404633 ns
[2020-09-11T17:58:01.989+0000][1][safepoint    ] Safepoint "RevokeBias", Time since last: 27989874 ns, Reaching safepoint: 361050 ns, At safepoint: 173425 ns, Total: 534475 ns
[2020-09-11T17:58:02.001+0000][1][safepoint    ] Safepoint "RevokeBias", Time since last: 10919006 ns, Reaching safepoint: 328509 ns, At safepoint: 167110 ns, Total: 495619 ns
[2020-09-11T17:58:02.015+0000][1][safepoint    ] Safepoint "RevokeBias", Time since last: 7716027 ns, Reaching safepoint: 201425 ns, At safepoint: 6659214 ns, Total: 6860639 ns
[2020-09-11T17:58:02.016+0000][1][safepoint    ] Safepoint "RevokeBias", Time since last: 122867 ns, Reaching safepoint: 166149 ns, At safepoint: 116543 ns, Total: 282692 ns
[2020-09-11T17:58:02.029+0000][1][safepoint    ] Safepoint "RevokeBias", Time since last: 13578499 ns, Reaching safepoint: 173393 ns, At safepoint: 34128 ns, Total: 207521 ns
[2020-09-11T17:58:02.130+0000][1][safepoint    ] Safepoint "RevokeBias", Time since last: 100706430 ns, Reaching safepoint: 165247 ns, At safepoint: 22713 ns, Total: 187960 ns
[2020-09-11T17:58:02.409+0000][1][safepoint    ] Safepoint "RevokeBias", Time since last: 278544551 ns, Reaching safepoint: 95804 ns, At safepoint: 24529 ns, Total: 120333 ns
[2020-09-11T17:58:02.439+0000][1][safepoint    ] Safepoint "RevokeBias", Time since last: 30035934 ns, Reaching safepoint: 185991 ns, At safepoint: 22031 ns, Total: 208022 ns
[2020-09-11T17:58:02.441+0000][1][safepoint    ] Safepoint "RevokeBias", Time since last: 1500967 ns, Reaching safepoint: 131942 ns, At safepoint: 15172 ns, Total: 147114 ns
[2020-09-11T17:58:02.449+0000][1][safepoint    ] Safepoint "RevokeBias", Time since last: 7841878 ns, Reaching safepoint: 199801 ns, At safepoint: 25238 ns, Total: 225039 ns
[2020-09-11T17:58:02.449+0000][1][safepoint    ] Safepoint "RevokeBias", Time since last: 74163 ns, Reaching safepoint: 126666 ns, At safepoint: 13525 ns, Total: 140191 ns
[2020-09-11T17:58:02.449+0000][1][safepoint    ] Safepoint "RevokeBias", Time since last: 33458 ns, Reaching safepoint: 124896 ns, At safepoint: 11954 ns, Total: 136850 ns
[2020-09-11T17:58:02.450+0000][1][safepoint    ] Safepoint "RevokeBias", Time since last: 31362 ns, Reaching safepoint: 124367 ns, At safepoint: 11789 ns, Total: 136156 ns
[2020-09-11T17:58:02.450+0000][1][safepoint    ] Safepoint "RevokeBias", Time since last: 30696 ns, Reaching safepoint: 123774 ns, At safepoint: 11841 ns, Total: 135615 ns
[2020-09-11T17:58:02.450+0000][1][safepoint    ] Safepoint "RevokeBias", Time since last: 30457 ns, Reaching safepoint: 139290 ns, At safepoint: 15599 ns, Total: 154889 ns
[2020-09-11T17:58:02.453+0000][1][safepoint    ] Safepoint "RevokeBias", Time since last: 33359 ns, Reaching safepoint: 2891820 ns, At safepoint: 19812 ns, Total: 2911632 ns
[2020-09-11T17:58:02.454+0000][1][safepoint    ] Safepoint "RevokeBias", Time since last: 367535 ns, Reaching safepoint: 126584 ns, At safepoint: 518031 ns, Total: 644615 ns
[2020-09-11T17:58:02.646+0000][1][safepoint    ] Safepoint "Deoptimize", Time since last: 190951085 ns, Reaching safepoint: 168004 ns, At safepoint: 589666 ns, Total: 757670 ns
[2020-09-11T17:58:02.681+0000][1][safepoint    ] Safepoint "RevokeBias", Time since last: 35206151 ns, Reaching safepoint: 161256 ns, At safepoint: 23195 ns, Total: 184451 ns
[2020-09-11T17:58:02.682+0000][1][safepoint    ] Safepoint "RevokeBias", Time since last: 725049 ns, Reaching safepoint: 43626 ns, At safepoint: 13156 ns, Total: 56782 ns
[2020-09-11T17:58:02.785+0000][1][safepoint    ] Safepoint "RevokeBias", Time since last: 101626645 ns, Reaching safepoint: 1161241 ns, At safepoint: 25514 ns, Total: 1186755 ns
[2020-09-11T17:58:03.458+0000][1][safepoint    ] Safepoint "RevokeBias", Time since last: 673518414 ns, Reaching safepoint: 250359 ns, At safepoint: 24729 ns, Total: 275088 ns
[2020-09-11T17:58:03.464+0000][1][safepoint    ] Safepoint "RevokeBias", Time since last: 5306936 ns, Reaching safepoint: 222209 ns, At safepoint: 35085 ns, Total: 257294 ns
[2020-09-11T17:58:03.467+0000][1][safepoint    ] Safepoint "RevokeBias", Time since last: 2944477 ns, Reaching safepoint: 156075 ns, At safepoint: 19548 ns, Total: 175623 ns
[2020-09-11T17:58:03.469+0000][1][safepoint    ] Safepoint "RevokeBias", Time since last: 1806058 ns, Reaching safepoint: 133545 ns, At safepoint: 16765 ns, Total: 150310 ns
[2020-09-11T17:58:03.479+0000][1][safepoint    ] Safepoint "RevokeBias", Time since last: 9734444 ns, Reaching safepoint: 210757 ns, At safepoint: 23195 ns, Total: 233952 ns
[2020-09-11T17:58:03.557+0000][1][safepoint    ] Safepoint "RevokeBias", Time since last: 77404984 ns, Reaching safepoint: 235091 ns, At safepoint: 22417 ns, Total: 257508 ns
[2020-09-11T17:58:03.569+0000][1][gc,start     ] GC(82) Pause Young (Allocation Failure)
[2020-09-11T17:58:03.569+0000][1][gc,task      ] GC(82) Using 1 workers of 1 for evacuation
[2020-09-11T17:58:03.697+0000][1][gc,age       ] GC(82) Desired survivor size 4358144 bytes, new threshold 6 (max threshold 6)
[2020-09-11T17:58:03.697+0000][1][gc,age       ] GC(82) Age table with threshold 6 (max threshold 6)
[2020-09-11T17:58:03.697+0000][1][gc,age       ] GC(82) - age   1:    1182944 bytes,    1182944 total
[2020-09-11T17:58:03.697+0000][1][gc,heap      ] GC(82) ParNew: 76672K->7298K(76672K)
[2020-09-11T17:58:03.697+0000][1][gc,heap      ] GC(82) CMS: 123327K->127229K(2011968K)
[2020-09-11T17:58:03.697+0000][1][gc,metaspace ] GC(82) Metaspace: 89534K->89534K(1132544K)
[2020-09-11T17:58:03.699+0000][1][gc           ] GC(82) Pause Young (Allocation Failure) 195M->131M(2039M) 130.258ms
[2020-09-11T17:58:03.699+0000][1][gc,cpu       ] GC(82) User=0.05s Sys=0.00s Real=0.13s
[2020-09-11T17:58:03.705+0000][1][safepoint    ] Safepoint "GenCollectForAllocation", Time since last: 12213286 ns, Reaching safepoint: 180959 ns, At safepoint: 136235594 ns, Total: 136416553 ns
[2020-09-11T17:58:04.319+0000][1][safepoint    ] Safepoint "Deoptimize", Time since last: 613359298 ns, Reaching safepoint: 199710 ns, At safepoint: 661483 ns, Total: 861193 ns
[2020-09-11T17:58:04.433+0000][1][safepoint    ] Safepoint "RevokeBias", Time since last: 113434406 ns, Reaching safepoint: 496393 ns, At safepoint: 25341 ns, Total: 521734 ns
[2020-09-11T17:58:04.673+0000][1][safepoint    ] Safepoint "RevokeBias", Time since last: 239507573 ns, Reaching safepoint: 263850 ns, At safepoint: 22930 ns, Total: 286780 ns
[2020-09-11T17:58:05.009+0000][1][safepoint    ] Safepoint "RevokeBias", Time since last: 335788009 ns, Reaching safepoint: 183380 ns, At safepoint: 24298 ns, Total: 207678 ns
[2020-09-11T17:58:05.580+0000][1][safepoint    ] Safepoint "RevokeBias", Time since last: 570355276 ns, Reaching safepoint: 209045 ns, At safepoint: 22718 ns, Total: 231763 ns
[2020-09-11T17:58:05.680+0000][1][safepoint    ] Safepoint "RevokeBias", Time since last: 97720488 ns, Reaching safepoint: 2880288 ns, At safepoint: 38875 ns, Total: 2919163 ns
[2020-09-11T17:58:06.683+0000][1][safepoint    ] Safepoint "Cleanup", Time since last: 1002401469 ns, Reaching safepoint: 306813 ns, At safepoint: 10177 ns, Total: 316990 ns
[2020-09-11T17:58:06.829+0000][1][gc,start     ] GC(83) Pause Young (Allocation Failure)
[2020-09-11T17:58:06.829+0000][1][gc,task      ] GC(83) Using 1 workers of 1 for evacuation
[2020-09-11T17:58:06.937+0000][1][gc,age       ] GC(83) Desired survivor size 4358144 bytes, new threshold 1 (max threshold 6)
[2020-09-11T17:58:06.937+0000][1][gc,age       ] GC(83) Age table with threshold 1 (max threshold 6)
[2020-09-11T17:58:06.937+0000][1][gc,age       ] GC(83) - age   1:    4397176 bytes,    4397176 total
[2020-09-11T17:58:06.937+0000][1][gc,age       ] GC(83) - age   2:     452296 bytes,    4849472 total
[2020-09-11T17:58:06.937+0000][1][gc,heap      ] GC(83) ParNew: 75268K->6503K(76672K)
[2020-09-11T17:58:06.937+0000][1][gc,heap      ] GC(83) CMS: 127229K->127229K(2011968K)
[2020-09-11T17:58:06.937+0000][1][gc,metaspace ] GC(83) Metaspace: 90115K->90115K(1132544K)
[2020-09-11T17:58:06.937+0000][1][gc           ] GC(83) Pause Young (Allocation Failure) 197M->130M(2039M) 107.729ms
[2020-09-11T17:58:06.937+0000][1][gc,cpu       ] GC(83) User=0.04s Sys=0.00s Real=0.11s
[2020-09-11T17:58:06.966+0000][1][safepoint    ] Safepoint "GenCollectForAllocation", Time since last: 133239262 ns, Reaching safepoint: 12493265 ns, At safepoint: 137218846 ns, Total: 149712111 ns
[2020-09-11T17:58:06.972+0000][1][safepoint    ] Safepoint "RevokeBias", Time since last: 5220587 ns, Reaching safepoint: 191248 ns, At safepoint: 23997 ns, Total: 215245 ns
[2020-09-11T17:58:06.972+0000][1][safepoint    ] Safepoint "RevokeBias", Time since last: 167161 ns, Reaching safepoint: 124845 ns, At safepoint: 15730 ns, Total: 140575 ns
[2020-09-11T17:58:06.972+0000][1][safepoint    ] Safepoint "RevokeBias", Time since last: 213359 ns, Reaching safepoint: 223296 ns, At safepoint: 16875 ns, Total: 240171 ns
[2020-09-11T17:58:06.973+0000][1][safepoint    ] Safepoint "RevokeBias", Time since last: 53314 ns, Reaching safepoint: 124729 ns, At safepoint: 15566 ns, Total: 140295 ns
[2020-09-11T17:58:07.059+0000][1][safepoint    ] Safepoint "RevokeBias", Time since last: 78950625 ns, Reaching safepoint: 7575648 ns, At safepoint: 36899 ns, Total: 7612547 ns
[2020-09-11T17:58:07.541+0000][1][safepoint    ] Safepoint "RevokeBias", Time since last: 481600764 ns, Reaching safepoint: 366170 ns, At safepoint: 289032 ns, Total: 655202 ns
[2020-09-11T17:58:07.554+0000][1][safepoint    ] Safepoint "RevokeBias", Time since last: 12104161 ns, Reaching safepoint: 154688 ns, At safepoint: 34676 ns, Total: 189364 ns
[2020-09-11T17:58:07.686+0000][1][safepoint    ] Safepoint "RevokeBias", Time since last: 131742234 ns, Reaching safepoint: 278481 ns, At safepoint: 258199 ns, Total: 536680 ns
[2020-09-11T17:58:08.686+0000][1][safepoint    ] Safepoint "Cleanup", Time since last: 1000445141 ns, Reaching safepoint: 131207 ns, At safepoint: 7631 ns, Total: 138838 ns
[2020-09-11T17:58:09.496+0000][1][safepoint    ] Safepoint "RevokeBias", Time since last: 808466333 ns, Reaching safepoint: 892161 ns, At safepoint: 21905 ns, Total: 914066 ns
[2020-09-11T17:58:09.498+0000][1][safepoint    ] Safepoint "RevokeBias", Time since last: 1604747 ns, Reaching safepoint: 133545 ns, At safepoint: 15718 ns, Total: 149263 ns
[2020-09-11T17:58:09.511+0000][1][safepoint    ] Safepoint "RevokeBias", Time since last: 13366124 ns, Reaching safepoint: 204427 ns, At safepoint: 25675 ns, Total: 230102 ns
[2020-09-11T17:58:09.693+0000][1][gc,start     ] GC(84) Pause Young (Allocation Failure)
[2020-09-11T17:58:09.693+0000][1][gc,task      ] GC(84) Using 1 workers of 1 for evacuation
[2020-09-11T17:58:09.736+0000][1][gc,age       ] GC(84) Desired survivor size 4358144 bytes, new threshold 1 (max threshold 6)
[2020-09-11T17:58:09.736+0000][1][gc,age       ] GC(84) Age table with threshold 1 (max threshold 6)
[2020-09-11T17:58:09.736+0000][1][gc,age       ] GC(84) - age   1:    8682944 bytes,    8682944 total
[2020-09-11T17:58:09.736+0000][1][gc,heap      ] GC(84) ParNew: 74663K->8512K(76672K)
[2020-09-11T17:58:09.736+0000][1][gc,heap      ] GC(84) CMS: 127229K->130364K(2011968K)
[2020-09-11T17:58:09.736+0000][1][gc,metaspace ] GC(84) Metaspace: 90440K->90440K(1132544K)
[2020-09-11T17:58:09.736+0000][1][gc           ] GC(84) Pause Young (Allocation Failure) 197M->135M(2039M) 42.788ms
[2020-09-11T17:58:09.736+0000][1][gc,cpu       ] GC(84) User=0.04s Sys=0.00s Real=0.04s
[2020-09-11T17:58:09.741+0000][1][safepoint    ] Safepoint "GenCollectForAllocation", Time since last: 181579283 ns, Reaching safepoint: 174485 ns, At safepoint: 47813929 ns, Total: 47988414 ns
[2020-09-11T17:58:10.266+0000][1][safepoint    ] Safepoint "RevokeBias", Time since last: 524964241 ns, Reaching safepoint: 208235 ns, At safepoint: 20511 ns, Total: 228746 ns
[2020-09-11T17:58:10.267+0000][1][safepoint    ] Safepoint "RevokeBias", Time since last: 703939 ns, Reaching safepoint: 108677 ns, At safepoint: 13754 ns, Total: 122431 ns
[2020-09-11T17:58:10.267+0000][1][safepoint    ] Safepoint "RevokeBias", Time since last: 99238 ns, Reaching safepoint: 109886 ns, At safepoint: 13156 ns, Total: 123042 ns
[2020-09-11T17:58:10.267+0000][1][safepoint    ] Safepoint "BulkRevokeBias", Time since last: 60511 ns, Reaching safepoint: 108921 ns, At safepoint: 243966 ns, Total: 352887 ns
[2020-09-11T17:58:10.305+0000][1][gc,start     ] GC(85) Pause Young (Allocation Failure)
[2020-09-11T17:58:10.305+0000][1][gc,task      ] GC(85) Using 1 workers of 1 for evacuation
[2020-09-11T17:58:10.322+0000][1][gc,age       ] GC(85) Desired survivor size 4358144 bytes, new threshold 6 (max threshold 6)
[2020-09-11T17:58:10.322+0000][1][gc,age       ] GC(85) Age table with threshold 6 (max threshold 6)
[2020-09-11T17:58:10.322+0000][1][gc,age       ] GC(85) - age   1:     138504 bytes,     138504 total
[2020-09-11T17:58:10.322+0000][1][gc,heap      ] GC(85) ParNew: 76672K->7303K(76672K)
[2020-09-11T17:58:10.322+0000][1][gc,heap      ] GC(85) CMS: 130364K->130949K(2011968K)
[2020-09-11T17:58:10.322+0000][1][gc,metaspace ] GC(85) Metaspace: 90482K->90482K(1132544K)
[2020-09-11T17:58:10.322+0000][1][gc           ] GC(85) Pause Young (Allocation Failure) 202M->135M(2039M) 16.712ms
[2020-09-11T17:58:10.322+0000][1][gc,cpu       ] GC(85) User=0.01s Sys=0.00s Real=0.02s
[2020-09-11T17:58:10.326+0000][1][safepoint    ] Safepoint "GenCollectForAllocation", Time since last: 37680104 ns, Reaching safepoint: 174415 ns, At safepoint: 21191407 ns, Total: 21365822 ns
[2020-09-11T17:58:10.343+0000][1][safepoint    ] Safepoint "RevokeBias", Time since last: 16476454 ns, Reaching safepoint: 155062 ns, At safepoint: 24285 ns, Total: 179347 ns
[2020-09-11T17:58:10.366+0000][1][safepoint    ] Safepoint "RevokeBias", Time since last: 21452339 ns, Reaching safepoint: 1213903 ns, At safepoint: 15611 ns, Total: 1229514 ns
[2020-09-11T17:58:10.388+0000][1][safepoint    ] Safepoint "RevokeBias", Time since last: 22365457 ns, Reaching safepoint: 153142 ns, At safepoint: 18567 ns, Total: 171709 ns
[2020-09-11T17:58:10.389+0000][1][safepoint    ] Safepoint "RevokeBias", Time since last: 562085 ns, Reaching safepoint: 36390 ns, At safepoint: 12669 ns, Total: 49059 ns
[2020-09-11T17:58:10.389+0000][1][safepoint    ] Safepoint "RevokeBias", Time since last: 147291 ns, Reaching safepoint: 32952 ns, At safepoint: 10783 ns, Total: 43735 ns
[2020-09-11T17:58:10.646+0000][1][safepoint    ] Safepoint "RevokeBias", Time since last: 256624313 ns, Reaching safepoint: 87479 ns, At safepoint: 23369 ns, Total: 110848 ns
[2020-09-11T17:58:10.748+0000][1][safepoint    ] Safepoint "RevokeBias", Time since last: 101902926 ns, Reaching safepoint: 96886 ns, At safepoint: 23262 ns, Total: 120148 ns
[2020-09-11T17:58:11.756+0000][1][safepoint    ] Safepoint "Cleanup", Time since last: 1007851207 ns, Reaching safepoint: 205555 ns, At safepoint: 14156 ns, Total: 219711 ns
[2020-09-11T17:58:12.705+0000][1][safepoint    ] Safepoint "RevokeBias", Time since last: 948670599 ns, Reaching safepoint: 212463 ns, At safepoint: 330871 ns, Total: 543334 ns
[2020-09-11T17:58:12.729+0000][1][safepoint    ] Safepoint "RevokeBias", Time since last: 23156831 ns, Reaching safepoint: 502604 ns, At safepoint: 242839 ns, Total: 745443 ns
[2020-09-11T17:58:13.729+0000][1][safepoint    ] Safepoint "Cleanup", Time since last: 1000111629 ns, Reaching safepoint: 105065 ns, At safepoint: 7634 ns, Total: 112699 ns
[2020-09-11T17:58:14.730+0000][1][safepoint    ] Safepoint "Cleanup", Time since last: 1000112884 ns, Reaching safepoint: 150223 ns, At safepoint: 9858 ns, Total: 160081 ns
[2020-09-11T17:58:14.747+0000][1][safepoint    ] Safepoint "RevokeBias", Time since last: 16830068 ns, Reaching safepoint: 81739 ns, At safepoint: 23139 ns, Total: 104878 ns
[2020-09-11T17:58:14.886+0000][1][safepoint    ] Safepoint "RevokeBias", Time since last: 139734164 ns, Reaching safepoint: 174360 ns, At safepoint: 23936 ns, Total: 198296 ns
[2020-09-11T17:58:15.887+0000][1][safepoint    ] Safepoint "Cleanup", Time since last: 1000130987 ns, Reaching safepoint: 207870 ns, At safepoint: 22692 ns, Total: 230562 ns
[2020-09-11T17:58:16.887+0000][1][safepoint    ] Safepoint "Cleanup", Time since last: 1000249029 ns, Reaching safepoint: 219854 ns, At safepoint: 19201 ns, Total: 239055 ns
[2020-09-11T17:58:17.745+0000][1][safepoint    ] Safepoint "RevokeBias", Time since last: 856967035 ns, Reaching safepoint: 194471 ns, At safepoint: 1000802 ns, Total: 1195273 ns
[2020-09-11T17:58:17.787+0000][1][safepoint    ] Safepoint "RevokeBias", Time since last: 41526606 ns, Reaching safepoint: 194211 ns, At safepoint: 280668 ns, Total: 474879 ns
[2020-09-11T17:58:17.863+0000][1][safepoint    ] Safepoint "RevokeBias", Time since last: 74758769 ns, Reaching safepoint: 191836 ns, At safepoint: 265792 ns, Total: 457628 ns
[2020-09-11T17:58:18.289+0000][1][safepoint    ] Safepoint "RevokeBias", Time since last: 426480774 ns, Reaching safepoint: 175732 ns, At safepoint: 32639 ns, Total: 208371 ns
[2020-09-11T17:58:19.290+0000][1][safepoint    ] Safepoint "Cleanup", Time since last: 1000119233 ns, Reaching safepoint: 134080 ns, At safepoint: 7292 ns, Total: 141372 ns
[2020-09-11T17:58:19.747+0000][1][safepoint    ] Safepoint "ICBufferFull", Time since last: 457305348 ns, Reaching safepoint: 256531 ns, At safepoint: 8496 ns, Total: 265027 ns
[2020-09-11T17:58:20.237+0000][1][safepoint    ] Safepoint "RevokeBias", Time since last: 489660437 ns, Reaching safepoint: 164857 ns, At safepoint: 23655 ns, Total: 188512 ns
[2020-09-11T17:58:21.237+0000][1][safepoint    ] Safepoint "Cleanup", Time since last: 1000112254 ns, Reaching safepoint: 111265 ns, At safepoint: 9116 ns, Total: 120381 ns
[2020-09-11T17:58:22.813+0000][1][safepoint    ] Safepoint "RevokeBias", Time since last: 1575360398 ns, Reaching safepoint: 234771 ns, At safepoint: 261952 ns, Total: 496723 ns
[2020-09-11T17:58:22.838+0000][1][safepoint    ] Safepoint "RevokeBias", Time since last: 22997685 ns, Reaching safepoint: 542224 ns, At safepoint: 920907 ns, Total: 1463131 ns
[2020-09-11T17:58:23.846+0000][1][safepoint    ] Safepoint "Cleanup", Time since last: 1007958161 ns, Reaching safepoint: 97607 ns, At safepoint: 7740 ns, Total: 105347 ns
[2020-09-11T17:58:24.847+0000][1][safepoint    ] Safepoint "Cleanup", Time since last: 1000745410 ns, Reaching safepoint: 90248 ns, At safepoint: 6708 ns, Total: 96956 ns
[2020-09-11T17:58:25.847+0000][1][safepoint    ] Safepoint "Cleanup", Time since last: 1000175647 ns, Reaching safepoint: 200951 ns, At safepoint: 19124 ns, Total: 220075 ns
[2020-09-11T17:58:26.748+0000][1][safepoint    ] Safepoint "RevokeBias", Time since last: 900652962 ns, Reaching safepoint: 95995 ns, At safepoint: 20887 ns, Total: 116882 ns
[2020-09-11T17:58:26.849+0000][1][gc,start     ] GC(86) Pause Young (Allocation Failure)
[2020-09-11T17:58:26.849+0000][1][gc,task      ] GC(86) Using 1 workers of 1 for evacuation
[2020-09-11T17:58:26.893+0000][1][gc,age       ] GC(86) Desired survivor size 4358144 bytes, new threshold 1 (max threshold 6)
[2020-09-11T17:58:26.893+0000][1][gc,age       ] GC(86) Age table with threshold 1 (max threshold 6)
[2020-09-11T17:58:26.893+0000][1][gc,age       ] GC(86) - age   1:    8607600 bytes,    8607600 total
[2020-09-11T17:58:26.893+0000][1][gc,age       ] GC(86) - age   2:       2240 bytes,    8609840 total
[2020-09-11T17:58:26.893+0000][1][gc,heap      ] GC(86) ParNew: 75463K->8512K(76672K)
[2020-09-11T17:58:26.893+0000][1][gc,heap      ] GC(86) CMS: 130949K->132573K(2011968K)
[2020-09-11T17:58:26.893+0000][1][gc,metaspace ] GC(86) Metaspace: 90986K->90986K(1132544K)
[2020-09-11T17:58:26.893+0000][1][gc           ] GC(86) Pause Young (Allocation Failure) 201M->137M(2039M) 43.978ms
[2020-09-11T17:58:26.893+0000][1][gc,cpu       ] GC(86) User=0.02s Sys=0.00s Real=0.05s
[2020-09-11T17:58:26.893+0000][1][safepoint    ] Safepoint "GenCollectForAllocation", Time since last: 100388688 ns, Reaching safepoint: 770138 ns, At safepoint: 44089388 ns, Total: 44859526 ns
[2020-09-11T17:58:27.896+0000][1][safepoint    ] Safepoint "Cleanup", Time since last: 1002536429 ns, Reaching safepoint: 133487 ns, At safepoint: 7088 ns, Total: 140575 ns
[2020-09-11T17:58:27.910+0000][1][safepoint    ] Safepoint "RevokeBias", Time since last: 13690504 ns, Reaching safepoint: 195019 ns, At safepoint: 284525 ns, Total: 479544 ns
[2020-09-11T17:58:27.926+0000][1][safepoint    ] Safepoint "RevokeBias", Time since last: 15543512 ns, Reaching safepoint: 190889 ns, At safepoint: 289012 ns, Total: 479901 ns
[2020-09-11T17:58:28.915+0000][1][safepoint    ] Safepoint "RevokeBias", Time since last: 988720743 ns, Reaching safepoint: 115620 ns, At safepoint: 24281 ns, Total: 139901 ns
[2020-09-11T17:58:29.915+0000][1][safepoint    ] Safepoint "Cleanup", Time since last: 1000138289 ns, Reaching safepoint: 238526 ns, At safepoint: 19325 ns, Total: 257851 ns
[2020-09-11T17:58:30.916+0000][1][safepoint    ] Safepoint "Cleanup", Time since last: 1000187049 ns, Reaching safepoint: 240228 ns, At safepoint: 17844 ns, Total: 258072 ns
[2020-09-11T17:58:31.916+0000][1][safepoint    ] Safepoint "Cleanup", Time since last: 1000191518 ns, Reaching safepoint: 184533 ns, At safepoint: 18202 ns, Total: 202735 ns
[2020-09-11T17:58:32.916+0000][1][safepoint    ] Safepoint "Cleanup", Time since last: 1000215510 ns, Reaching safepoint: 248403 ns, At safepoint: 22194 ns, Total: 270597 ns
[2020-09-11T17:58:32.969+0000][1][safepoint    ] Safepoint "BulkRevokeBias", Time since last: 48007062 ns, Reaching safepoint: 192909 ns, At safepoint: 4230240 ns, Total: 4423149 ns
[2020-09-11T17:58:32.990+0000][1][safepoint    ] Safepoint "RevokeBias", Time since last: 20317082 ns, Reaching safepoint: 1019916 ns, At safepoint: 250104 ns, Total: 1270020 ns
[2020-09-11T17:58:33.991+0000][1][safepoint    ] Safepoint "Cleanup", Time since last: 1000187329 ns, Reaching safepoint: 114643 ns, At safepoint: 7169 ns, Total: 121812 ns
[2020-09-11T17:58:34.991+0000][1][safepoint    ] Safepoint "Cleanup", Time since last: 1000171992 ns, Reaching safepoint: 178673 ns, At safepoint: 17660 ns, Total: 196333 ns
[2020-09-11T17:58:35.991+0000][1][safepoint    ] Safepoint "Cleanup", Time since last: 1000251243 ns, Reaching safepoint: 118480 ns, At safepoint: 9021 ns, Total: 127501 ns
[2020-09-11T17:58:36.992+0000][1][safepoint    ] Safepoint "Cleanup", Time since last: 1000099025 ns, Reaching safepoint: 97411 ns, At safepoint: 6562 ns, Total: 103973 ns
[2020-09-11T17:58:37.992+0000][1][safepoint    ] Safepoint "Cleanup", Time since last: 1000185885 ns, Reaching safepoint: 173554 ns, At safepoint: 20424 ns, Total: 193978 ns
[2020-09-11T17:58:38.014+0000][1][safepoint    ] Safepoint "RevokeBias", Time since last: 21353000 ns, Reaching safepoint: 193660 ns, At safepoint: 319712 ns, Total: 513372 ns
[2020-09-11T17:58:38.031+0000][1][safepoint    ] Safepoint "RevokeBias", Time since last: 15266247 ns, Reaching safepoint: 1784745 ns, At safepoint: 303795 ns, Total: 2088540 ns
[2020-09-11T17:58:39.032+0000][1][safepoint    ] Safepoint "Cleanup", Time since last: 1000695144 ns, Reaching safepoint: 115653 ns, At safepoint: 6184 ns, Total: 121837 ns
[2020-09-11T17:58:39.963+0000][1][safepoint    ] Safepoint "RevokeBias", Time since last: 930628593 ns, Reaching safepoint: 196897 ns, At safepoint: 283407 ns, Total: 480304 ns
[2020-09-11T17:58:40.964+0000][1][safepoint    ] Safepoint "Cleanup", Time since last: 1000110880 ns, Reaching safepoint: 236793 ns, At safepoint: 18736 ns, Total: 255529 ns
[2020-09-11T17:58:41.964+0000][1][safepoint    ] Safepoint "Cleanup", Time since last: 1000202429 ns, Reaching safepoint: 201792 ns, At safepoint: 20862 ns, Total: 222654 ns
[2020-09-11T17:58:42.964+0000][1][safepoint    ] Safepoint "Cleanup", Time since last: 1000151736 ns, Reaching safepoint: 97198 ns, At safepoint: 6733 ns, Total: 103931 ns
[2020-09-11T17:58:43.049+0000][1][safepoint    ] Safepoint "RevokeBias", Time since last: 84742090 ns, Reaching safepoint: 199601 ns, At safepoint: 274315 ns, Total: 473916 ns
[2020-09-11T17:58:43.058+0000][1][safepoint    ] Safepoint "RevokeBias", Time since last: 8262020 ns, Reaching safepoint: 191169 ns, At safepoint: 307427 ns, Total: 498596 ns
[2020-09-11T17:58:44.058+0000][1][safepoint    ] Safepoint "Cleanup", Time since last: 1000119832 ns, Reaching safepoint: 101339 ns, At safepoint: 10673 ns, Total: 112012 ns
[2020-09-11T17:58:45.062+0000][1][safepoint    ] Safepoint "Cleanup", Time since last: 1003444078 ns, Reaching safepoint: 99394 ns, At safepoint: 9559 ns, Total: 108953 ns
[2020-09-11T17:58:45.311+0000][1][gc,start     ] GC(87) Pause Young (Allocation Failure)
[2020-09-11T17:58:45.311+0000][1][gc,task      ] GC(87) Using 1 workers of 1 for evacuation
[2020-09-11T17:58:45.328+0000][1][gc,age       ] GC(87) Desired survivor size 4358144 bytes, new threshold 6 (max threshold 6)
[2020-09-11T17:58:45.328+0000][1][gc,age       ] GC(87) Age table with threshold 6 (max threshold 6)
[2020-09-11T17:58:45.328+0000][1][gc,age       ] GC(87) - age   1:     208480 bytes,     208480 total
[2020-09-11T17:58:45.328+0000][1][gc,heap      ] GC(87) ParNew: 76664K->6768K(76672K)
[2020-09-11T17:58:45.328+0000][1][gc,heap      ] GC(87) CMS: 132573K->140931K(2011968K)
[2020-09-11T17:58:45.328+0000][1][gc,metaspace ] GC(87) Metaspace: 91344K->91344K(1134592K)
[2020-09-11T17:58:45.328+0000][1][gc           ] GC(87) Pause Young (Allocation Failure) 204M->144M(2039M) 17.136ms
[2020-09-11T17:58:45.328+0000][1][gc,cpu       ] GC(87) User=0.02s Sys=0.00s Real=0.02s
[2020-09-11T17:58:45.337+0000][1][safepoint    ] Safepoint "GenCollectForAllocation", Time since last: 248796593 ns, Reaching safepoint: 243959 ns, At safepoint: 25750511 ns, Total: 25994470 ns
[2020-09-11T17:58:46.348+0000][1][safepoint    ] Safepoint "Cleanup", Time since last: 1011078773 ns, Reaching safepoint: 121536 ns, At safepoint: 8023 ns, Total: 129559 ns
[2020-09-11T17:58:47.348+0000][1][safepoint    ] Safepoint "Cleanup", Time since last: 1000180401 ns, Reaching safepoint: 185198 ns, At safepoint: 17103 ns, Total: 202301 ns
[2020-09-11T17:58:48.090+0000][1][safepoint    ] Safepoint "RevokeBias", Time since last: 741235063 ns, Reaching safepoint: 489422 ns, At safepoint: 323102 ns, Total: 812524 ns
[2020-09-11T17:58:48.116+0000][1][safepoint    ] Safepoint "RevokeBias", Time since last: 24594499 ns, Reaching safepoint: 204532 ns, At safepoint: 320122 ns, Total: 524654 ns
[2020-09-11T17:58:49.116+0000][1][safepoint    ] Safepoint "Cleanup", Time since last: 1000190806 ns, Reaching safepoint: 151466 ns, At safepoint: 8424 ns, Total: 159890 ns
[2020-09-11T17:58:50.116+0000][1][safepoint    ] Safepoint "Cleanup", Time since last: 1000134360 ns, Reaching safepoint: 264543 ns, At safepoint: 19271 ns, Total: 283814 ns
[2020-09-11T17:58:51.001+0000][1][safepoint    ] Safepoint "RevokeBias", Time since last: 884193404 ns, Reaching safepoint: 360823 ns, At safepoint: 47522 ns, Total: 408345 ns
[2020-09-11T17:58:52.001+0000][1][safepoint    ] Safepoint "Cleanup", Time since last: 1000133498 ns, Reaching safepoint: 188779 ns, At safepoint: 15569 ns, Total: 204348 ns
[2020-09-11T17:58:53.002+0000][1][safepoint    ] Safepoint "Cleanup", Time since last: 1000203884 ns, Reaching safepoint: 193179 ns, At safepoint: 17811 ns, Total: 210990 ns
[2020-09-11T17:58:53.130+0000][1][safepoint    ] Safepoint "RevokeBias", Time since last: 127702844 ns, Reaching safepoint: 225629 ns, At safepoint: 291698 ns, Total: 517327 ns
[2020-09-11T17:58:53.155+0000][1][safepoint    ] Safepoint "RevokeBias", Time since last: 23698154 ns, Reaching safepoint: 1500809 ns, At safepoint: 280012 ns, Total: 1780821 ns
[2020-09-11T17:58:54.156+0000][1][safepoint    ] Safepoint "Cleanup", Time since last: 1000164007 ns, Reaching safepoint: 117121 ns, At safepoint: 6954 ns, Total: 124075 ns
[2020-09-11T17:58:55.156+0000][1][safepoint    ] Safepoint "Cleanup", Time since last: 1000164777 ns, Reaching safepoint: 186564 ns, At safepoint: 18366 ns, Total: 204930 ns
[2020-09-11T17:58:56.157+0000][1][safepoint    ] Safepoint "Cleanup", Time since last: 1000254078 ns, Reaching safepoint: 186006 ns, At safepoint: 18533 ns, Total: 204539 ns
[2020-09-11T17:58:57.157+0000][1][safepoint    ] Safepoint "Cleanup", Time since last: 1000158905 ns, Reaching safepoint: 206953 ns, At safepoint: 8974 ns, Total: 215927 ns
[2020-09-11T17:58:58.157+0000][1][safepoint    ] Safepoint "Cleanup", Time since last: 1000145570 ns, Reaching safepoint: 190309 ns, At safepoint: 18870 ns, Total: 209179 ns
[2020-09-11T17:58:58.174+0000][1][safepoint    ] Safepoint "RevokeBias", Time since last: 15826165 ns, Reaching safepoint: 226472 ns, At safepoint: 285166 ns, Total: 511638 ns
[2020-09-11T17:58:58.192+0000][1][safepoint    ] Safepoint "RevokeBias", Time since last: 18003045 ns, Reaching safepoint: 171645 ns, At safepoint: 24019 ns, Total: 195664 ns
[2020-09-11T17:58:59.192+0000][1][safepoint    ] Safepoint "Cleanup", Time since last: 1000137096 ns, Reaching safepoint: 222009 ns, At safepoint: 19909 ns, Total: 241918 ns
[2020-09-11T17:59:00.193+0000][1][safepoint    ] Safepoint "Cleanup", Time since last: 1000235674 ns, Reaching safepoint: 134526 ns, At safepoint: 9882 ns, Total: 144408 ns
[2020-09-11T17:59:01.193+0000][1][safepoint    ] Safepoint "Cleanup", Time since last: 1000143116 ns, Reaching safepoint: 233154 ns, At safepoint: 17063 ns, Total: 250217 ns
[2020-09-11T17:59:02.045+0000][1][safepoint    ] Safepoint "RevokeBias", Time since last: 851087398 ns, Reaching safepoint: 209183 ns, At safepoint: 308878 ns, Total: 518061 ns
[2020-09-11T17:59:03.045+0000][1][safepoint    ] Safepoint "Cleanup", Time since last: 1000115485 ns, Reaching safepoint: 112511 ns, At safepoint: 7472 ns, Total: 119983 ns
[2020-09-11T17:59:03.207+0000][1][safepoint    ] Safepoint "RevokeBias", Time since last: 161746139 ns, Reaching safepoint: 99311 ns, At safepoint: 21657 ns, Total: 120968 ns
[2020-09-11T17:59:03.223+0000][1][safepoint    ] Safepoint "RevokeBias", Time since last: 15684575 ns, Reaching safepoint: 222760 ns, At safepoint: 272921 ns, Total: 495681 ns
[2020-09-11T17:59:05.223+0000][1][safepoint    ] Safepoint "Cleanup", Time since last: 2000339557 ns, Reaching safepoint: 124507 ns, At safepoint: 7879 ns, Total: 132386 ns
[2020-09-11T17:59:06.224+0000][1][safepoint    ] Safepoint "Cleanup", Time since last: 1000182678 ns, Reaching safepoint: 135218 ns, At safepoint: 8537 ns, Total: 143755 ns
[2020-09-11T17:59:08.224+0000][1][safepoint    ] Safepoint "Cleanup", Time since last: 2000276420 ns, Reaching safepoint: 138894 ns, At safepoint: 7652 ns, Total: 146546 ns
[2020-09-11T17:59:08.240+0000][1][safepoint    ] Safepoint "RevokeBias", Time since last: 13271518 ns, Reaching safepoint: 1750870 ns, At safepoint: 475535 ns, Total: 2226405 ns
[2020-09-11T17:59:08.259+0000][1][safepoint    ] Safepoint "RevokeBias", Time since last: 18945332 ns, Reaching safepoint: 222763 ns, At safepoint: 278092 ns, Total: 500855 ns
[2020-09-11T17:59:08.367+0000][1][gc,start     ] GC(88) Pause Young (Allocation Failure)
[2020-09-11T17:59:08.367+0000][1][gc,task      ] GC(88) Using 1 workers of 1 for evacuation
[2020-09-11T17:59:08.389+0000][1][gc,age       ] GC(88) Desired survivor size 4358144 bytes, new threshold 6 (max threshold 6)
[2020-09-11T17:59:08.389+0000][1][gc,age       ] GC(88) Age table with threshold 6 (max threshold 6)
[2020-09-11T17:59:08.389+0000][1][gc,age       ] GC(88) - age   1:     160000 bytes,     160000 total
[2020-09-11T17:59:08.389+0000][1][gc,age       ] GC(88) - age   2:      86736 bytes,     246736 total
[2020-09-11T17:59:08.389+0000][1][gc,heap      ] GC(88) ParNew: 74928K->1730K(76672K)
[2020-09-11T17:59:08.389+0000][1][gc,heap      ] GC(88) CMS: 140931K->140931K(2011968K)
[2020-09-11T17:59:08.389+0000][1][gc,metaspace ] GC(88) Metaspace: 91759K->91759K(1134592K)
[2020-09-11T17:59:08.389+0000][1][gc           ] GC(88) Pause Young (Allocation Failure) 210M->139M(2039M) 22.454ms
[2020-09-11T17:59:08.389+0000][1][gc,cpu       ] GC(88) User=0.01s Sys=0.00s Real=0.02s
[2020-09-11T17:59:08.391+0000][1][safepoint    ] Safepoint "GenCollectForAllocation", Time since last: 107537315 ns, Reaching safepoint: 383348 ns, At safepoint: 23720738 ns, Total: 24104086 ns
[2020-09-11T17:59:09.395+0000][1][safepoint    ] Safepoint "Cleanup", Time since last: 1004595353 ns, Reaching safepoint: 215367 ns, At safepoint: 17808 ns, Total: 233175 ns
[2020-09-11T17:59:10.396+0000][1][safepoint    ] Safepoint "Cleanup", Time since last: 1000153793 ns, Reaching safepoint: 206215 ns, At safepoint: 7675 ns, Total: 213890 ns
[2020-09-11T17:59:12.196+0000][1][safepoint    ] Safepoint "Cleanup", Time since last: 1800434358 ns, Reaching safepoint: 194738 ns, At safepoint: 7140 ns, Total: 201878 ns
[2020-09-11T17:59:13.078+0000][1][safepoint    ] Safepoint "RevokeBias", Time since last: 881024624 ns, Reaching safepoint: 183834 ns, At safepoint: 24695 ns, Total: 208529 ns
[2020-09-11T17:59:13.273+0000][1][safepoint    ] Safepoint "RevokeBias", Time since last: 194619895 ns, Reaching safepoint: 211325 ns, At safepoint: 310832 ns, Total: 522157 ns
[2020-09-11T17:59:13.286+0000][1][safepoint    ] Safepoint "RevokeBias", Time since last: 13344383 ns, Reaching safepoint: 100551 ns, At safepoint: 21643 ns, Total: 122194 ns
[2020-09-11T17:59:15.287+0000][1][safepoint    ] Safepoint "Cleanup", Time since last: 2000240653 ns, Reaching safepoint: 154670 ns, At safepoint: 7687 ns, Total: 162357 ns
[2020-09-11T17:59:16.287+0000][1][safepoint    ] Safepoint "Cleanup", Time since last: 1000144794 ns, Reaching safepoint: 185094 ns, At safepoint: 17654 ns, Total: 202748 ns
[2020-09-11T17:59:17.287+0000][1][safepoint    ] Safepoint "Cleanup", Time since last: 1000206638 ns, Reaching safepoint: 189662 ns, At safepoint: 20122 ns, Total: 209784 ns
[2020-09-11T17:59:18.293+0000][1][safepoint    ] Safepoint "Cleanup", Time since last: 1005005929 ns, Reaching safepoint: 191228 ns, At safepoint: 7937 ns, Total: 199165 ns
[2020-09-11T17:59:18.409+0000][1][safepoint    ] Safepoint "RevokeBias", Time since last: 116119336 ns, Reaching safepoint: 230098 ns, At safepoint: 287977 ns, Total: 518075 ns
[2020-09-11T17:59:18.419+0000][1][safepoint    ] Safepoint "RevokeBias", Time since last: 9186200 ns, Reaching safepoint: 589933 ns, At safepoint: 257624 ns, Total: 847557 ns
[2020-09-11T17:59:19.420+0000][1][safepoint    ] Safepoint "Cleanup", Time since last: 1000139838 ns, Reaching safepoint: 210479 ns, At safepoint: 18950 ns, Total: 229429 ns
[2020-09-11T17:59:20.420+0000][1][safepoint    ] Safepoint "Cleanup", Time since last: 1000173733 ns, Reaching safepoint: 284298 ns, At safepoint: 19582 ns, Total: 303880 ns
[2020-09-11T17:59:21.421+0000][1][safepoint    ] Safepoint "Cleanup", Time since last: 1000227339 ns, Reaching safepoint: 118995 ns, At safepoint: 8482 ns, Total: 127477 ns
[2020-09-11T17:59:22.421+0000][1][safepoint    ] Safepoint "Cleanup", Time since last: 1000188962 ns, Reaching safepoint: 137299 ns, At safepoint: 6551 ns, Total: 143850 ns
[2020-09-11T17:59:23.421+0000][1][safepoint    ] Safepoint "Cleanup", Time since last: 1000187292 ns, Reaching safepoint: 122694 ns, At safepoint: 7754 ns, Total: 130448 ns
[2020-09-11T17:59:23.427+0000][1][safepoint    ] Safepoint "RevokeBias", Time since last: 5181013 ns, Reaching safepoint: 218142 ns, At safepoint: 300223 ns, Total: 518365 ns
[2020-09-11T17:59:23.438+0000][1][safepoint    ] Safepoint "RevokeBias", Time since last: 11034539 ns, Reaching safepoint: 218655 ns, At safepoint: 24975 ns, Total: 243630 ns
[2020-09-11T17:59:24.113+0000][1][safepoint    ] Safepoint "RevokeBias", Time since last: 673530404 ns, Reaching safepoint: 1126899 ns, At safepoint: 320489 ns, Total: 1447388 ns
[2020-09-11T17:59:25.113+0000][1][safepoint    ] Safepoint "Cleanup", Time since last: 1000149096 ns, Reaching safepoint: 185205 ns, At safepoint: 17276 ns, Total: 202481 ns
[2020-09-11T17:59:25.266+0000][1][safepoint    ] Safepoint "RevokeBias", Time since last: 151069351 ns, Reaching safepoint: 931219 ns, At safepoint: 278516 ns, Total: 1209735 ns
[2020-09-11T17:59:26.266+0000][1][safepoint    ] Safepoint "Cleanup", Time since last: 1000170386 ns, Reaching safepoint: 120717 ns, At safepoint: 7057 ns, Total: 127774 ns
[2020-09-11T17:59:26.496+0000][1][gc,start     ] GC(89) Pause Young (Allocation Failure)
[2020-09-11T17:59:26.496+0000][1][gc,task      ] GC(89) Using 1 workers of 1 for evacuation
[2020-09-11T17:59:26.524+0000][1][gc,age       ] GC(89) Desired survivor size 4358144 bytes, new threshold 6 (max threshold 6)
[2020-09-11T17:59:26.524+0000][1][gc,age       ] GC(89) Age table with threshold 6 (max threshold 6)
[2020-09-11T17:59:26.524+0000][1][gc,age       ] GC(89) - age   1:     198256 bytes,     198256 total
[2020-09-11T17:59:26.524+0000][1][gc,age       ] GC(89) - age   2:      28432 bytes,     226688 total
[2020-09-11T17:59:26.524+0000][1][gc,age       ] GC(89) - age   3:      83208 bytes,     309896 total
[2020-09-11T17:59:26.524+0000][1][gc,heap      ] GC(89) ParNew: 69890K->477K(76672K)
[2020-09-11T17:59:26.524+0000][1][gc,heap      ] GC(89) CMS: 140931K->140931K(2011968K)
[2020-09-11T17:59:26.524+0000][1][gc,metaspace ] GC(89) Metaspace: 91957K->91957K(1134592K)
[2020-09-11T17:59:26.524+0000][1][gc           ] GC(89) Pause Young (Allocation Failure) 205M->138M(2039M) 28.218ms
[2020-09-11T17:59:26.524+0000][1][gc,cpu       ] GC(89) User=0.01s Sys=0.00s Real=0.03s
[2020-09-11T17:59:26.530+0000][1][safepoint    ] Safepoint "GenCollectForAllocation", Time since last: 229649053 ns, Reaching safepoint: 121393 ns, At safepoint: 34465961 ns, Total: 34587354 ns
[2020-09-11T17:59:27.537+0000][1][safepoint    ] Safepoint "Cleanup", Time since last: 1006665359 ns, Reaching safepoint: 123878 ns, At safepoint: 10178 ns, Total: 134056 ns
[2020-09-11T17:59:28.460+0000][1][safepoint    ] Safepoint "RevokeBias", Time since last: 923066337 ns, Reaching safepoint: 183228 ns, At safepoint: 22063 ns, Total: 205291 ns
[2020-09-11T17:59:28.473+0000][1][safepoint    ] Safepoint "RevokeBias", Time since last: 9753655 ns, Reaching safepoint: 2805404 ns, At safepoint: 328254 ns, Total: 3133658 ns
[2020-09-11T17:59:29.474+0000][1][safepoint    ] Safepoint "Cleanup", Time since last: 1000144382 ns, Reaching safepoint: 161691 ns, At safepoint: 7764 ns, Total: 169455 ns
[2020-09-11T17:59:30.474+0000][1][safepoint    ] Safepoint "Cleanup", Time since last: 1000170744 ns, Reaching safepoint: 118922 ns, At safepoint: 8080 ns, Total: 127002 ns
[2020-09-11T17:59:31.474+0000][1][safepoint    ] Safepoint "Cleanup", Time since last: 1000133115 ns, Reaching safepoint: 140339 ns, At safepoint: 7378 ns, Total: 147717 ns
[2020-09-11T17:59:32.475+0000][1][safepoint    ] Safepoint "Cleanup", Time since last: 1000178089 ns, Reaching safepoint: 179044 ns, At safepoint: 18158 ns, Total: 197202 ns
[2020-09-11T17:59:33.475+0000][1][safepoint    ] Safepoint "Cleanup", Time since last: 1000233022 ns, Reaching safepoint: 190594 ns, At safepoint: 18800 ns, Total: 209394 ns
[2020-09-11T17:59:33.515+0000][1][safepoint    ] Safepoint "RevokeBias", Time since last: 39552380 ns, Reaching safepoint: 99405 ns, At safepoint: 22251 ns, Total: 121656 ns
[2020-09-11T17:59:33.524+0000][1][safepoint    ] Safepoint "RevokeBias", Time since last: 8509703 ns, Reaching safepoint: 206255 ns, At safepoint: 291057 ns, Total: 497312 ns
[2020-09-11T17:59:34.524+0000][1][safepoint    ] Safepoint "Cleanup", Time since last: 1000137771 ns, Reaching safepoint: 162255 ns, At safepoint: 16826 ns, Total: 179081 ns
[2020-09-11T17:59:35.138+0000][1][safepoint    ] Safepoint "BulkRevokeBias", Time since last: 613624496 ns, Reaching safepoint: 225799 ns, At safepoint: 505597 ns, Total: 731396 ns
[2020-09-11T17:59:36.139+0000][1][safepoint    ] Safepoint "Cleanup", Time since last: 1000196272 ns, Reaching safepoint: 184927 ns, At safepoint: 17434 ns, Total: 202361 ns
[2020-09-11T17:59:37.139+0000][1][safepoint    ] Safepoint "Cleanup", Time since last: 1000194095 ns, Reaching safepoint: 183671 ns, At safepoint: 18208 ns, Total: 201879 ns
[2020-09-11T17:59:38.140+0000][1][safepoint    ] Safepoint "Cleanup", Time since last: 1000240740 ns, Reaching safepoint: 172021 ns, At safepoint: 18082 ns, Total: 190103 ns
[2020-09-11T17:59:38.536+0000][1][safepoint    ] Safepoint "RevokeBias", Time since last: 395975147 ns, Reaching safepoint: 609031 ns, At safepoint: 309325 ns, Total: 918356 ns
[2020-09-11T17:59:38.556+0000][1][safepoint    ] Safepoint "RevokeBias", Time since last: 19109553 ns, Reaching safepoint: 223793 ns, At safepoint: 289930 ns, Total: 513723 ns
[2020-09-11T17:59:39.556+0000][1][safepoint    ] Safepoint "Cleanup", Time since last: 1000173220 ns, Reaching safepoint: 199437 ns, At safepoint: 18482 ns, Total: 217919 ns
[2020-09-11T17:59:40.557+0000][1][safepoint    ] Safepoint "Cleanup", Time since last: 1000225941 ns, Reaching safepoint: 358766 ns, At safepoint: 18349 ns, Total: 377115 ns
[2020-09-11T17:59:41.557+0000][1][safepoint    ] Safepoint "Cleanup", Time since last: 1000177101 ns, Reaching safepoint: 204953 ns, At safepoint: 18275 ns, Total: 223228 ns
[2020-09-11T17:59:42.558+0000][1][safepoint    ] Safepoint "Cleanup", Time since last: 1000211548 ns, Reaching safepoint: 209854 ns, At safepoint: 16238 ns, Total: 226092 ns
[2020-09-11T17:59:43.558+0000][1][safepoint    ] Safepoint "Cleanup", Time since last: 1000158917 ns, Reaching safepoint: 96764 ns, At safepoint: 6997 ns, Total: 103761 ns
[2020-09-11T17:59:43.570+0000][1][safepoint    ] Safepoint "RevokeBias", Time since last: 11327217 ns, Reaching safepoint: 222332 ns, At safepoint: 297467 ns, Total: 519799 ns
[2020-09-11T17:59:43.614+0000][1][safepoint    ] Safepoint "RevokeBias", Time since last: 43390937 ns, Reaching safepoint: 175451 ns, At safepoint: 34122 ns, Total: 209573 ns
[2020-09-11T17:59:44.614+0000][1][safepoint    ] Safepoint "Cleanup", Time since last: 1000111027 ns, Reaching safepoint: 99429 ns, At safepoint: 10577 ns, Total: 110006 ns
[2020-09-11T17:59:45.458+0000][1][gc,start     ] GC(90) Pause Young (Allocation Failure)
[2020-09-11T17:59:45.458+0000][1][gc,task      ] GC(90) Using 1 workers of 1 for evacuation
[2020-09-11T17:59:45.484+0000][1][gc,age       ] GC(90) Desired survivor size 4358144 bytes, new threshold 6 (max threshold 6)
[2020-09-11T17:59:45.484+0000][1][gc,age       ] GC(90) Age table with threshold 6 (max threshold 6)
[2020-09-11T17:59:45.484+0000][1][gc,age       ] GC(90) - age   1:     169384 bytes,     169384 total
[2020-09-11T17:59:45.484+0000][1][gc,age       ] GC(90) - age   2:      55872 bytes,     225256 total
[2020-09-11T17:59:45.484+0000][1][gc,age       ] GC(90) - age   3:      20552 bytes,     245808 total
[2020-09-11T17:59:45.484+0000][1][gc,age       ] GC(90) - age   4:      81168 bytes,     326976 total
[2020-09-11T17:59:45.484+0000][1][gc,heap      ] GC(90) ParNew: 68637K->346K(76672K)
[2020-09-11T17:59:45.484+0000][1][gc,heap      ] GC(90) CMS: 140931K->140931K(2011968K)
[2020-09-11T17:59:45.484+0000][1][gc,metaspace ] GC(90) Metaspace: 92158K->92158K(1134592K)
[2020-09-11T17:59:45.484+0000][1][gc           ] GC(90) Pause Young (Allocation Failure) 204M->137M(2039M) 26.082ms
[2020-09-11T17:59:45.484+0000][1][gc,cpu       ] GC(90) User=0.02s Sys=0.00s Real=0.03s
[2020-09-11T17:59:45.489+0000][1][safepoint    ] Safepoint "GenCollectForAllocation", Time since last: 844005731 ns, Reaching safepoint: 180030 ns, At safepoint: 30756991 ns, Total: 30937021 ns
[2020-09-11T17:59:46.189+0000][1][safepoint    ] Safepoint "RevokeBias", Time since last: 699432153 ns, Reaching safepoint: 223831 ns, At safepoint: 301230 ns, Total: 525061 ns
[2020-09-11T17:59:47.189+0000][1][safepoint    ] Safepoint "Cleanup", Time since last: 1000190014 ns, Reaching safepoint: 107269 ns, At safepoint: 6834 ns, Total: 114103 ns
[2020-09-11T17:59:48.189+0000][1][safepoint    ] Safepoint "Cleanup", Time since last: 1000111825 ns, Reaching safepoint: 98687 ns, At safepoint: 7979 ns, Total: 106666 ns
[2020-09-11T17:59:48.713+0000][1][safepoint    ] Safepoint "RevokeBias", Time since last: 522757479 ns, Reaching safepoint: 907558 ns, At safepoint: 268852 ns, Total: 1176410 ns
[2020-09-11T17:59:48.747+0000][1][safepoint    ] Safepoint "RevokeBias", Time since last: 32991114 ns, Reaching safepoint: 217086 ns, At safepoint: 303427 ns, Total: 520513 ns
[2020-09-11T17:59:49.747+0000][1][safepoint    ] Safepoint "Cleanup", Time since last: 1000132395 ns, Reaching safepoint: 105493 ns, At safepoint: 7067 ns, Total: 112560 ns
[2020-09-11T17:59:50.747+0000][1][safepoint    ] Safepoint "Cleanup", Time since last: 1000118556 ns, Reaching safepoint: 97002 ns, At safepoint: 8557 ns, Total: 105559 ns
[2020-09-11T17:59:51.753+0000][1][safepoint    ] Safepoint "Cleanup", Time since last: 1005518700 ns, Reaching safepoint: 124940 ns, At safepoint: 8513 ns, Total: 133453 ns
[2020-09-11T17:59:52.753+0000][1][safepoint    ] Safepoint "Cleanup", Time since last: 1000117455 ns, Reaching safepoint: 90789 ns, At safepoint: 7815 ns, Total: 98604 ns
[2020-09-11T17:59:53.753+0000][1][safepoint    ] Safepoint "Cleanup", Time since last: 1000117327 ns, Reaching safepoint: 95761 ns, At safepoint: 7304 ns, Total: 103065 ns
[2020-09-11T17:59:53.801+0000][1][safepoint    ] Safepoint "RevokeBias", Time since last: 44482807 ns, Reaching safepoint: 3195993 ns, At safepoint: 330354 ns, Total: 3526347 ns
[2020-09-11T17:59:53.842+0000][1][safepoint    ] Safepoint "RevokeBias", Time since last: 40187491 ns, Reaching safepoint: 212012 ns, At safepoint: 350417 ns, Total: 562429 ns
[2020-09-11T17:59:54.842+0000][1][safepoint    ] Safepoint "Cleanup", Time since last: 1000117721 ns, Reaching safepoint: 96164 ns, At safepoint: 10303 ns, Total: 106467 ns
[2020-09-11T17:59:55.842+0000][1][safepoint    ] Safepoint "Cleanup", Time since last: 1000110033 ns, Reaching safepoint: 107355 ns, At safepoint: 9576 ns, Total: 116931 ns
[2020-09-11T17:59:56.843+0000][1][safepoint    ] Safepoint "Cleanup", Time since last: 1000118613 ns, Reaching safepoint: 95415 ns, At safepoint: 9167 ns, Total: 104582 ns
[2020-09-11T17:59:57.231+0000][1][safepoint    ] Safepoint "RevokeBias", Time since last: 388414833 ns, Reaching safepoint: 102249 ns, At safepoint: 23565 ns, Total: 125814 ns
[2020-09-11T17:59:58.231+0000][1][safepoint    ] Safepoint "Cleanup", Time since last: 1000115087 ns, Reaching safepoint: 102226 ns, At safepoint: 9141 ns, Total: 111367 ns
[2020-09-11T17:59:58.860+0000][1][safepoint    ] Safepoint "RevokeBias", Time since last: 626704406 ns, Reaching safepoint: 1895297 ns, At safepoint: 322013 ns, Total: 2217310 ns
[2020-09-11T17:59:58.885+0000][1][safepoint    ] Safepoint "RevokeBias", Time since last: 24671910 ns, Reaching safepoint: 205036 ns, At safepoint: 23426 ns, Total: 228462 ns
[2020-09-11T17:59:59.886+0000][1][safepoint    ] Safepoint "Cleanup", Time since last: 1000115292 ns, Reaching safepoint: 98256 ns, At safepoint: 10134 ns, Total: 108390 ns
[2020-09-11T18:00:00.886+0000][1][safepoint    ] Safepoint "Cleanup", Time since last: 1000122193 ns, Reaching safepoint: 99739 ns, At safepoint: 9120 ns, Total: 108859 ns
[2020-09-11T18:00:01.886+0000][1][safepoint    ] Safepoint "Cleanup", Time since last: 1000120708 ns, Reaching safepoint: 119206 ns, At safepoint: 8121 ns, Total: 127327 ns
[2020-09-11T18:00:02.886+0000][1][safepoint    ] Safepoint "Cleanup", Time since last: 1000116116 ns, Reaching safepoint: 97960 ns, At safepoint: 9779 ns, Total: 107739 ns
[2020-09-11T18:00:03.916+0000][1][safepoint    ] Safepoint "RevokeBias", Time since last: 1029217486 ns, Reaching safepoint: 227080 ns, At safepoint: 328873 ns, Total: 555953 ns
[2020-09-11T18:00:03.928+0000][1][safepoint    ] Safepoint "RevokeBias", Time since last: 11845339 ns, Reaching safepoint: 231449 ns, At safepoint: 343761 ns, Total: 575210 ns
[2020-09-11T18:00:04.929+0000][1][safepoint    ] Safepoint "Cleanup", Time since last: 1000107599 ns, Reaching safepoint: 568728 ns, At safepoint: 11266 ns, Total: 579994 ns
[2020-09-11T18:00:06.929+0000][1][safepoint    ] Safepoint "Cleanup", Time since last: 2000179603 ns, Reaching safepoint: 103350 ns, At safepoint: 9908 ns, Total: 113258 ns
[2020-09-11T18:00:08.277+0000][1][safepoint    ] Safepoint "RevokeBias", Time since last: 1346501343 ns, Reaching safepoint: 1032997 ns, At safepoint: 328971 ns, Total: 1361968 ns
[2020-09-11T18:00:08.569+0000][1][gc,start     ] GC(91) Pause Young (Allocation Failure)
[2020-09-11T18:00:08.569+0000][1][gc,task      ] GC(91) Using 1 workers of 1 for evacuation
[2020-09-11T18:00:08.607+0000][1][gc,age       ] GC(91) Desired survivor size 4358144 bytes, new threshold 6 (max threshold 6)
[2020-09-11T18:00:08.607+0000][1][gc,age       ] GC(91) Age table with threshold 6 (max threshold 6)
[2020-09-11T18:00:08.607+0000][1][gc,age       ] GC(91) - age   1:     188776 bytes,     188776 total
[2020-09-11T18:00:08.607+0000][1][gc,age       ] GC(91) - age   2:      35104 bytes,     223880 total
[2020-09-11T18:00:08.607+0000][1][gc,age       ] GC(91) - age   3:      51368 bytes,     275248 total
[2020-09-11T18:00:08.607+0000][1][gc,age       ] GC(91) - age   4:      17544 bytes,     292792 total
[2020-09-11T18:00:08.607+0000][1][gc,age       ] GC(91) - age   5:      81168 bytes,     373960 total
[2020-09-11T18:00:08.607+0000][1][gc,heap      ] GC(91) ParNew: 68506K->652K(76672K)
[2020-09-11T18:00:08.607+0000][1][gc,heap      ] GC(91) CMS: 140931K->140931K(2011968K)
[2020-09-11T18:00:08.607+0000][1][gc,metaspace ] GC(91) Metaspace: 92273K->92273K(1134592K)
[2020-09-11T18:00:08.607+0000][1][gc           ] GC(91) Pause Young (Allocation Failure) 204M->138M(2039M) 38.446ms
[2020-09-11T18:00:08.607+0000][1][gc,cpu       ] GC(91) User=0.01s Sys=0.00s Real=0.04s
[2020-09-11T18:00:08.607+0000][1][safepoint    ] Safepoint "GenCollectForAllocation", Time since last: 290458222 ns, Reaching safepoint: 1166360 ns, At safepoint: 38513832 ns, Total: 39680192 ns
[2020-09-11T18:00:08.978+0000][1][safepoint    ] Safepoint "RevokeBias", Time since last: 370188950 ns, Reaching safepoint: 240149 ns, At safepoint: 276013 ns, Total: 516162 ns
[2020-09-11T18:00:09.001+0000][1][safepoint    ] Safepoint "RevokeBias", Time since last: 22163061 ns, Reaching safepoint: 221142 ns, At safepoint: 326263 ns, Total: 547405 ns
[2020-09-11T18:00:10.001+0000][1][safepoint    ] Safepoint "Cleanup", Time since last: 1000111077 ns, Reaching safepoint: 93454 ns, At safepoint: 7718 ns, Total: 101172 ns
[2020-09-11T18:00:11.001+0000][1][safepoint    ] Safepoint "Cleanup", Time since last: 1000114987 ns, Reaching safepoint: 106536 ns, At safepoint: 6712 ns, Total: 113248 ns
[2020-09-11T18:00:13.002+0000][1][safepoint    ] Safepoint "Cleanup", Time since last: 2000206335 ns, Reaching safepoint: 93776 ns, At safepoint: 8740 ns, Total: 102516 ns
[2020-09-11T18:00:14.002+0000][1][safepoint    ] Safepoint "Cleanup", Time since last: 1000113943 ns, Reaching safepoint: 88343 ns, At safepoint: 7064 ns, Total: 95407 ns
[2020-09-11T18:00:14.046+0000][1][safepoint    ] Safepoint "RevokeBias", Time since last: 43887432 ns, Reaching safepoint: 305437 ns, At safepoint: 279349 ns, Total: 584786 ns
[2020-09-11T18:00:14.059+0000][1][safepoint    ] Safepoint "RevokeBias", Time since last: 11896278 ns, Reaching safepoint: 222664 ns, At safepoint: 310976 ns, Total: 533640 ns
[2020-09-11T18:00:15.059+0000][1][safepoint    ] Safepoint "Cleanup", Time since last: 1000123905 ns, Reaching safepoint: 99495 ns, At safepoint: 8120 ns, Total: 107615 ns
[2020-09-11T18:00:16.059+0000][1][safepoint    ] Safepoint "Cleanup", Time since last: 1000119331 ns, Reaching safepoint: 95203 ns, At safepoint: 7624 ns, Total: 102827 ns
[2020-09-11T18:00:17.059+0000][1][safepoint    ] Safepoint "Cleanup", Time since last: 1000116250 ns, Reaching safepoint: 97035 ns, At safepoint: 6983 ns, Total: 104018 ns
[2020-09-11T18:00:19.060+0000][1][safepoint    ] Safepoint "Cleanup", Time since last: 2000175973 ns, Reaching safepoint: 116201 ns, At safepoint: 6787 ns, Total: 122988 ns
[2020-09-11T18:00:19.089+0000][1][safepoint    ] Safepoint "RevokeBias", Time since last: 29176718 ns, Reaching safepoint: 222730 ns, At safepoint: 279922 ns, Total: 502652 ns
[2020-09-11T18:00:19.103+0000][1][safepoint    ] Safepoint "RevokeBias", Time since last: 12739266 ns, Reaching safepoint: 225857 ns, At safepoint: 315634 ns, Total: 541491 ns
[2020-09-11T18:00:19.333+0000][1][safepoint    ] Safepoint "RevokeBias", Time since last: 227482421 ns, Reaching safepoint: 2854736 ns, At safepoint: 284509 ns, Total: 3139245 ns
[2020-09-11T18:00:20.333+0000][1][safepoint    ] Safepoint "Cleanup", Time since last: 1000136505 ns, Reaching safepoint: 101390 ns, At safepoint: 10825 ns, Total: 112215 ns
[2020-09-11T18:00:21.334+0000][1][safepoint    ] Safepoint "Cleanup", Time since last: 1000126347 ns, Reaching safepoint: 104723 ns, At safepoint: 10542 ns, Total: 115265 ns
[2020-09-11T18:00:22.334+0000][1][safepoint    ] Safepoint "Cleanup", Time since last: 1000116801 ns, Reaching safepoint: 100457 ns, At safepoint: 8995 ns, Total: 109452 ns
[2020-09-11T18:00:23.334+0000][1][safepoint    ] Safepoint "Cleanup", Time since last: 1000110603 ns, Reaching safepoint: 92531 ns, At safepoint: 7525 ns, Total: 100056 ns
[2020-09-11T18:00:24.120+0000][1][safepoint    ] Safepoint "RevokeBias", Time since last: 785220520 ns, Reaching safepoint: 246050 ns, At safepoint: 367814 ns, Total: 613864 ns
[2020-09-11T18:00:24.130+0000][1][safepoint    ] Safepoint "RevokeBias", Time since last: 10268248 ns, Reaching safepoint: 178341 ns, At safepoint: 27955 ns, Total: 206296 ns
[2020-09-11T18:00:25.131+0000][1][safepoint    ] Safepoint "Cleanup", Time since last: 1000110472 ns, Reaching safepoint: 107075 ns, At safepoint: 10417 ns, Total: 117492 ns
[2020-09-11T18:00:26.131+0000][1][safepoint    ] Safepoint "Cleanup", Time since last: 1000114374 ns, Reaching safepoint: 97743 ns, At safepoint: 9204 ns, Total: 106947 ns
[2020-09-11T18:00:27.131+0000][1][safepoint    ] Safepoint "Cleanup", Time since last: 1000115640 ns, Reaching safepoint: 101644 ns, At safepoint: 9898 ns, Total: 111542 ns
[2020-09-11T18:00:28.131+0000][1][safepoint    ] Safepoint "Cleanup", Time since last: 1000122817 ns, Reaching safepoint: 107847 ns, At safepoint: 10918 ns, Total: 118765 ns
[2020-09-11T18:00:28.681+0000][1][gc,start     ] GC(92) Pause Young (Allocation Failure)
[2020-09-11T18:00:28.681+0000][1][gc,task      ] GC(92) Using 1 workers of 1 for evacuation
[2020-09-11T18:00:28.736+0000][1][gc,age       ] GC(92) Desired survivor size 4358144 bytes, new threshold 6 (max threshold 6)
[2020-09-11T18:00:28.736+0000][1][gc,age       ] GC(92) Age table with threshold 6 (max threshold 6)
[2020-09-11T18:00:28.736+0000][1][gc,age       ] GC(92) - age   1:     225568 bytes,     225568 total
[2020-09-11T18:00:28.736+0000][1][gc,age       ] GC(92) - age   2:      19304 bytes,     244872 total
[2020-09-11T18:00:28.736+0000][1][gc,age       ] GC(92) - age   3:      31616 bytes,     276488 total
[2020-09-11T18:00:28.736+0000][1][gc,age       ] GC(92) - age   4:      33072 bytes,     309560 total
[2020-09-11T18:00:28.736+0000][1][gc,age       ] GC(92) - age   5:      17544 bytes,     327104 total
[2020-09-11T18:00:28.736+0000][1][gc,age       ] GC(92) - age   6:      81168 bytes,     408272 total
[2020-09-11T18:00:28.737+0000][1][gc,heap      ] GC(92) ParNew: 68812K->436K(76672K)
[2020-09-11T18:00:28.737+0000][1][gc,heap      ] GC(92) CMS: 140931K->140931K(2011968K)
[2020-09-11T18:00:28.737+0000][1][gc,metaspace ] GC(92) Metaspace: 92449K->92449K(1134592K)
[2020-09-11T18:00:28.737+0000][1][gc           ] GC(92) Pause Young (Allocation Failure) 204M->138M(2039M) 55.653ms
[2020-09-11T18:00:28.737+0000][1][gc,cpu       ] GC(92) User=0.01s Sys=0.00s Real=0.05s
[2020-09-11T18:00:28.741+0000][1][safepoint    ] Safepoint "GenCollectForAllocation", Time since last: 545728135 ns, Reaching safepoint: 3800142 ns, At safepoint: 60130014 ns, Total: 63930156 ns
[2020-09-11T18:00:29.170+0000][1][safepoint    ] Safepoint "RevokeBias", Time since last: 427977870 ns, Reaching safepoint: 228646 ns, At safepoint: 343548 ns, Total: 572194 ns
[2020-09-11T18:00:29.180+0000][1][safepoint    ] Safepoint "RevokeBias", Time since last: 10194377 ns, Reaching safepoint: 99471 ns, At safepoint: 22750 ns, Total: 122221 ns
[2020-09-11T18:00:30.365+0000][1][safepoint    ] Safepoint "RevokeBias", Time since last: 1184446557 ns, Reaching safepoint: 225894 ns, At safepoint: 345254 ns, Total: 571148 ns
[2020-09-11T18:00:31.365+0000][1][safepoint    ] Safepoint "Cleanup", Time since last: 1000117714 ns, Reaching safepoint: 114428 ns, At safepoint: 7384 ns, Total: 121812 ns
[2020-09-11T18:00:32.365+0000][1][safepoint    ] Safepoint "Cleanup", Time since last: 1000132242 ns, Reaching safepoint: 119286 ns, At safepoint: 9979 ns, Total: 129265 ns
[2020-09-11T18:00:34.208+0000][1][safepoint    ] Safepoint "RevokeBias", Time since last: 1839697493 ns, Reaching safepoint: 2111823 ns, At safepoint: 301441 ns, Total: 2413264 ns
[2020-09-11T18:00:34.213+0000][1][safepoint    ] Safepoint "RevokeBias", Time since last: 4932405 ns, Reaching safepoint: 229985 ns, At safepoint: 354029 ns, Total: 584014 ns
[2020-09-11T18:00:35.213+0000][1][safepoint    ] Safepoint "Cleanup", Time since last: 1000117193 ns, Reaching safepoint: 98622 ns, At safepoint: 9431 ns, Total: 108053 ns
[2020-09-11T18:00:36.213+0000][1][safepoint    ] Safepoint "Cleanup", Time since last: 1000116474 ns, Reaching safepoint: 101794 ns, At safepoint: 11353 ns, Total: 113147 ns
[2020-09-11T18:00:37.214+0000][1][safepoint    ] Safepoint "Cleanup", Time since last: 1000112969 ns, Reaching safepoint: 102581 ns, At safepoint: 9053 ns, Total: 111634 ns
[2020-09-11T18:00:39.214+0000][1][safepoint    ] Safepoint "Cleanup", Time since last: 2000192979 ns, Reaching safepoint: 97148 ns, At safepoint: 7491 ns, Total: 104639 ns
[2020-09-11T18:00:39.242+0000][1][safepoint    ] Safepoint "RevokeBias", Time since last: 28278566 ns, Reaching safepoint: 106663 ns, At safepoint: 22885 ns, Total: 129548 ns
[2020-09-11T18:00:39.252+0000][1][safepoint    ] Safepoint "RevokeBias", Time since last: 9407068 ns, Reaching safepoint: 227756 ns, At safepoint: 303442 ns, Total: 531198 ns
[2020-09-11T18:00:41.253+0000][1][safepoint    ] Safepoint "Cleanup", Time since last: 2000200387 ns, Reaching safepoint: 99431 ns, At safepoint: 7327 ns, Total: 106758 ns
[2020-09-11T18:00:41.394+0000][1][safepoint    ] Safepoint "BulkRevokeBias", Time since last: 140519459 ns, Reaching safepoint: 240479 ns, At safepoint: 582470 ns, Total: 822949 ns
[2020-09-11T18:00:42.394+0000][1][safepoint    ] Safepoint "Cleanup", Time since last: 1000126959 ns, Reaching safepoint: 97144 ns, At safepoint: 7016 ns, Total: 104160 ns
[2020-09-11T18:00:44.280+0000][1][safepoint    ] Safepoint "RevokeBias", Time since last: 1885242947 ns, Reaching safepoint: 229668 ns, At safepoint: 339569 ns, Total: 569237 ns
[2020-09-11T18:00:44.291+0000][1][safepoint    ] Safepoint "RevokeBias", Time since last: 9119453 ns, Reaching safepoint: 1207159 ns, At safepoint: 322421 ns, Total: 1529580 ns
[2020-09-11T18:00:45.291+0000][1][safepoint    ] Safepoint "Cleanup", Time since last: 1000117647 ns, Reaching safepoint: 99686 ns, At safepoint: 10174 ns, Total: 109860 ns
[2020-09-11T18:00:47.291+0000][1][safepoint    ] Safepoint "Cleanup", Time since last: 2000197507 ns, Reaching safepoint: 105924 ns, At safepoint: 9587 ns, Total: 115511 ns
[2020-09-11T18:00:48.569+0000][1][gc,start     ] GC(93) Pause Young (Allocation Failure)
[2020-09-11T18:00:48.569+0000][1][gc,task      ] GC(93) Using 1 workers of 1 for evacuation
[2020-09-11T18:00:48.617+0000][1][gc,age       ] GC(93) Desired survivor size 4358144 bytes, new threshold 6 (max threshold 6)
[2020-09-11T18:00:48.617+0000][1][gc,age       ] GC(93) Age table with threshold 6 (max threshold 6)
[2020-09-11T18:00:48.617+0000][1][gc,age       ] GC(93) - age   1:     214296 bytes,     214296 total
[2020-09-11T18:00:48.617+0000][1][gc,age       ] GC(93) - age   2:      58008 bytes,     272304 total
[2020-09-11T18:00:48.618+0000][1][gc,age       ] GC(93) - age   3:      16040 bytes,     288344 total
[2020-09-11T18:00:48.618+0000][1][gc,age       ] GC(93) - age   4:      29424 bytes,     317768 total
[2020-09-11T18:00:48.618+0000][1][gc,age       ] GC(93) - age   5:      33072 bytes,     350840 total
[2020-09-11T18:00:48.618+0000][1][gc,age       ] GC(93) - age   6:      17512 bytes,     368352 total
[2020-09-11T18:00:48.618+0000][1][gc,heap      ] GC(93) ParNew: 68596K->707K(76672K)
[2020-09-11T18:00:48.618+0000][1][gc,heap      ] GC(93) CMS: 140931K->141010K(2011968K)
[2020-09-11T18:00:48.618+0000][1][gc,metaspace ] GC(93) Metaspace: 92554K->92554K(1134592K)
[2020-09-11T18:00:48.618+0000][1][gc           ] GC(93) Pause Young (Allocation Failure) 204M->138M(2039M) 48.751ms
[2020-09-11T18:00:48.618+0000][1][gc,cpu       ] GC(93) User=0.01s Sys=0.00s Real=0.05s
[2020-09-11T18:00:48.618+0000][1][safepoint    ] Safepoint "GenCollectForAllocation", Time since last: 1276900748 ns, Reaching safepoint: 707529 ns, At safepoint: 48820910 ns, Total: 49528439 ns
[2020-09-11T18:00:49.325+0000][1][safepoint    ] Safepoint "RevokeBias", Time since last: 706732574 ns, Reaching safepoint: 227554 ns, At safepoint: 334007 ns, Total: 561561 ns
[2020-09-11T18:00:49.337+0000][1][safepoint    ] Safepoint "RevokeBias", Time since last: 8032331 ns, Reaching safepoint: 3950566 ns, At safepoint: 307490 ns, Total: 4258056 ns
[2020-09-11T18:00:50.337+0000][1][safepoint    ] Safepoint "Cleanup", Time since last: 1000119980 ns, Reaching safepoint: 101658 ns, At safepoint: 9577 ns, Total: 111235 ns
[2020-09-11T18:00:51.338+0000][1][safepoint    ] Safepoint "Cleanup", Time since last: 1000113955 ns, Reaching safepoint: 97925 ns, At safepoint: 6337 ns, Total: 104262 ns
[2020-09-11T18:00:52.338+0000][1][safepoint    ] Safepoint "Cleanup", Time since last: 1000097974 ns, Reaching safepoint: 97630 ns, At safepoint: 7272 ns, Total: 104902 ns
[2020-09-11T18:00:52.438+0000][1][safepoint    ] Safepoint "RevokeBias", Time since last: 99464903 ns, Reaching safepoint: 240933 ns, At safepoint: 356330 ns, Total: 597263 ns
[2020-09-11T18:00:54.371+0000][1][safepoint    ] Safepoint "RevokeBias", Time since last: 1932795462 ns, Reaching safepoint: 174783 ns, At safepoint: 24202 ns, Total: 198985 ns
[2020-09-11T18:00:54.386+0000][1][safepoint    ] Safepoint "RevokeBias", Time since last: 14375820 ns, Reaching safepoint: 231956 ns, At safepoint: 304531 ns, Total: 536487 ns
[2020-09-11T18:00:55.386+0000][1][safepoint    ] Safepoint "Cleanup", Time since last: 1000117949 ns, Reaching safepoint: 105380 ns, At safepoint: 10574 ns, Total: 115954 ns
[2020-09-11T18:00:56.386+0000][1][safepoint    ] Safepoint "Cleanup", Time since last: 1000115373 ns, Reaching safepoint: 96712 ns, At safepoint: 9134 ns, Total: 105846 ns
[2020-09-11T18:00:57.387+0000][1][safepoint    ] Safepoint "Cleanup", Time since last: 1000112665 ns, Reaching safepoint: 107123 ns, At safepoint: 9700 ns, Total: 116823 ns
[2020-09-11T18:00:58.387+0000][1][safepoint    ] Safepoint "Cleanup", Time since last: 1000118040 ns, Reaching safepoint: 95976 ns, At safepoint: 7057 ns, Total: 103033 ns
[2020-09-11T18:00:59.387+0000][1][safepoint    ] Safepoint "Cleanup", Time since last: 1000115507 ns, Reaching safepoint: 231051 ns, At safepoint: 8175 ns, Total: 239226 ns
[2020-09-11T18:00:59.412+0000][1][safepoint    ] Safepoint "RevokeBias", Time since last: 24965827 ns, Reaching safepoint: 100737 ns, At safepoint: 22823 ns, Total: 123560 ns
[2020-09-11T18:00:59.419+0000][1][safepoint    ] Safepoint "RevokeBias", Time since last: 6358032 ns, Reaching safepoint: 233849 ns, At safepoint: 317418 ns, Total: 551267 ns
[2020-09-11T18:01:00.419+0000][1][safepoint    ] Safepoint "Cleanup", Time since last: 1000122089 ns, Reaching safepoint: 95548 ns, At safepoint: 9160 ns, Total: 104708 ns
[2020-09-11T18:01:01.420+0000][1][safepoint    ] Safepoint "Cleanup", Time since last: 1000117126 ns, Reaching safepoint: 100868 ns, At safepoint: 18904 ns, Total: 119772 ns
[2020-09-11T18:01:02.420+0000][1][safepoint    ] Safepoint "Cleanup", Time since last: 1000137224 ns, Reaching safepoint: 87746 ns, At safepoint: 6242 ns, Total: 93988 ns
[2020-09-11T18:01:03.420+0000][1][safepoint    ] Safepoint "Cleanup", Time since last: 1000119086 ns, Reaching safepoint: 107304 ns, At safepoint: 7093 ns, Total: 114397 ns
[2020-09-11T18:01:03.472+0000][1][safepoint    ] Safepoint "RevokeBias", Time since last: 51280490 ns, Reaching safepoint: 183103 ns, At safepoint: 27484 ns, Total: 210587 ns
[2020-09-11T18:01:04.441+0000][1][safepoint    ] Safepoint "RevokeBias", Time since last: 966930954 ns, Reaching safepoint: 2361443 ns, At safepoint: 28967 ns, Total: 2390410 ns
[2020-09-11T18:01:04.450+0000][1][safepoint    ] Safepoint "RevokeBias", Time since last: 8509896 ns, Reaching safepoint: 248903 ns, At safepoint: 409936 ns, Total: 658839 ns
[2020-09-11T18:01:05.450+0000][1][safepoint    ] Safepoint "Cleanup", Time since last: 1000129069 ns, Reaching safepoint: 98837 ns, At safepoint: 9841 ns, Total: 108678 ns
[2020-09-11T18:01:06.450+0000][1][safepoint    ] Safepoint "Cleanup", Time since last: 1000112490 ns, Reaching safepoint: 89583 ns, At safepoint: 9542 ns, Total: 99125 ns
[2020-09-11T18:01:07.451+0000][1][safepoint    ] Safepoint "Cleanup", Time since last: 1000116020 ns, Reaching safepoint: 102573 ns, At safepoint: 6900 ns, Total: 109473 ns
[2020-09-11T18:01:08.451+0000][1][safepoint    ] Safepoint "Cleanup", Time since last: 1000113570 ns, Reaching safepoint: 95384 ns, At safepoint: 9259 ns, Total: 104643 ns
[2020-09-11T18:01:09.451+0000][1][safepoint    ] Safepoint "Cleanup", Time since last: 1000106194 ns, Reaching safepoint: 92818 ns, At safepoint: 6797 ns, Total: 99615 ns
[2020-09-11T18:01:09.495+0000][1][safepoint    ] Safepoint "RevokeBias", Time since last: 43774722 ns, Reaching safepoint: 227431 ns, At safepoint: 312648 ns, Total: 540079 ns
[2020-09-11T18:01:09.504+0000][1][safepoint    ] Safepoint "RevokeBias", Time since last: 8396775 ns, Reaching safepoint: 113577 ns, At safepoint: 23297 ns, Total: 136874 ns
[2020-09-11T18:01:10.504+0000][1][safepoint    ] Safepoint "Cleanup", Time since last: 1000112010 ns, Reaching safepoint: 102402 ns, At safepoint: 7136 ns, Total: 109538 ns
[2020-09-11T18:01:10.666+0000][1][gc,start     ] GC(94) Pause Young (Allocation Failure)
[2020-09-11T18:01:10.666+0000][1][gc,task      ] GC(94) Using 1 workers of 1 for evacuation
[2020-09-11T18:01:10.695+0000][1][gc,age       ] GC(94) Desired survivor size 4358144 bytes, new threshold 6 (max threshold 6)
[2020-09-11T18:01:10.695+0000][1][gc,age       ] GC(94) Age table with threshold 6 (max threshold 6)
[2020-09-11T18:01:10.695+0000][1][gc,age       ] GC(94) - age   1:     388816 bytes,     388816 total
[2020-09-11T18:01:10.695+0000][1][gc,age       ] GC(94) - age   2:      22688 bytes,     411504 total
[2020-09-11T18:01:10.695+0000][1][gc,age       ] GC(94) - age   3:      50392 bytes,     461896 total
[2020-09-11T18:01:10.695+0000][1][gc,age       ] GC(94) - age   4:      15480 bytes,     477376 total
[2020-09-11T18:01:10.695+0000][1][gc,age       ] GC(94) - age   5:      28752 bytes,     506128 total
[2020-09-11T18:01:10.695+0000][1][gc,age       ] GC(94) - age   6:      32816 bytes,     538944 total
[2020-09-11T18:01:10.695+0000][1][gc,heap      ] GC(94) ParNew: 68864K->733K(76672K)
[2020-09-11T18:01:10.697+0000][1][gc,heap      ] GC(94) CMS: 141010K->141027K(2011968K)
[2020-09-11T18:01:10.697+0000][1][gc,metaspace ] GC(94) Metaspace: 92670K->92670K(1134592K)
[2020-09-11T18:01:10.697+0000][1][gc           ] GC(94) Pause Young (Allocation Failure) 204M->138M(2039M) 30.471ms
[2020-09-11T18:01:10.697+0000][1][gc,cpu       ] GC(94) User=0.01s Sys=0.00s Real=0.03s
[2020-09-11T18:01:10.698+0000][1][safepoint    ] Safepoint "GenCollectForAllocation", Time since last: 160959175 ns, Reaching safepoint: 1155361 ns, At safepoint: 31768859 ns, Total: 32924220 ns
[2020-09-11T18:01:11.725+0000][1][safepoint    ] Safepoint "Cleanup", Time since last: 1026746454 ns, Reaching safepoint: 90759 ns, At safepoint: 22816 ns, Total: 113575 ns
[2020-09-11T18:01:12.725+0000][1][safepoint    ] Safepoint "Cleanup", Time since last: 1000108336 ns, Reaching safepoint: 85585 ns, At safepoint: 6317 ns, Total: 91902 ns
[2020-09-11T18:01:13.725+0000][1][safepoint    ] Safepoint "Cleanup", Time since last: 1000105406 ns, Reaching safepoint: 92312 ns, At safepoint: 8240 ns, Total: 100552 ns
[2020-09-11T18:01:14.495+0000][1][safepoint    ] Safepoint "RevokeBias", Time since last: 769325895 ns, Reaching safepoint: 237826 ns, At safepoint: 355678 ns, Total: 593504 ns
[2020-09-11T18:01:14.544+0000][1][safepoint    ] Safepoint "RevokeBias", Time since last: 46817058 ns, Reaching safepoint: 1556627 ns, At safepoint: 32045 ns, Total: 1588672 ns
[2020-09-11T18:01:14.555+0000][1][safepoint    ] Safepoint "RevokeBias", Time since last: 10653509 ns, Reaching safepoint: 243555 ns, At safepoint: 348794 ns, Total: 592349 ns
[2020-09-11T18:01:15.555+0000][1][safepoint    ] Safepoint "Cleanup", Time since last: 1000117007 ns, Reaching safepoint: 103992 ns, At safepoint: 9990 ns, Total: 113982 ns
[2020-09-11T18:01:16.555+0000][1][safepoint    ] Safepoint "Cleanup", Time since last: 1000121689 ns, Reaching safepoint: 100315 ns, At safepoint: 7702 ns, Total: 108017 ns
[2020-09-11T18:01:18.557+0000][1][safepoint    ] Safepoint "Cleanup", Time since last: 2001377321 ns, Reaching safepoint: 95225 ns, At safepoint: 6766 ns, Total: 101991 ns
[2020-09-11T18:01:19.557+0000][1][safepoint    ] Safepoint "Cleanup", Time since last: 1000102562 ns, Reaching safepoint: 222789 ns, At safepoint: 7990 ns, Total: 230779 ns
[2020-09-11T18:01:19.604+0000][1][safepoint    ] Safepoint "RevokeBias", Time since last: 45964547 ns, Reaching safepoint: 258377 ns, At safepoint: 281081 ns, Total: 539458 ns
[2020-09-11T18:01:19.611+0000][1][safepoint    ] Safepoint "RevokeBias", Time since last: 6284742 ns, Reaching safepoint: 252296 ns, At safepoint: 303364 ns, Total: 555660 ns
[2020-09-11T18:01:21.611+0000][1][safepoint    ] Safepoint "Cleanup", Time since last: 2000189638 ns, Reaching safepoint: 101342 ns, At safepoint: 9810 ns, Total: 111152 ns
[2020-09-11T18:01:22.611+0000][1][safepoint    ] Safepoint "Cleanup", Time since last: 1000114278 ns, Reaching safepoint: 99185 ns, At safepoint: 10254 ns, Total: 109439 ns
[2020-09-11T18:01:23.611+0000][1][safepoint    ] Safepoint "Cleanup", Time since last: 1000114663 ns, Reaching safepoint: 102040 ns, At safepoint: 9978 ns, Total: 112018 ns
[2020-09-11T18:01:24.625+0000][1][safepoint    ] Safepoint "RevokeBias", Time since last: 1013128456 ns, Reaching safepoint: 174081 ns, At safepoint: 24047 ns, Total: 198128 ns
[2020-09-11T18:01:24.633+0000][1][safepoint    ] Safepoint "RevokeBias", Time since last: 4988370 ns, Reaching safepoint: 3436023 ns, At safepoint: 350099 ns, Total: 3786122 ns
[2020-09-11T18:01:25.525+0000][1][safepoint    ] Safepoint "RevokeBias", Time since last: 891493683 ns, Reaching safepoint: 109063 ns, At safepoint: 26376 ns, Total: 135439 ns
[2020-09-11T18:01:26.525+0000][1][safepoint    ] Safepoint "Cleanup", Time since last: 1000114602 ns, Reaching safepoint: 136397 ns, At safepoint: 7642 ns, Total: 144039 ns
[2020-09-11T18:01:27.526+0000][1][safepoint    ] Safepoint "Cleanup", Time since last: 1000115578 ns, Reaching safepoint: 98425 ns, At safepoint: 9863 ns, Total: 108288 ns
[2020-09-11T18:01:28.526+0000][1][safepoint    ] Safepoint "Cleanup", Time since last: 1000116384 ns, Reaching safepoint: 102543 ns, At safepoint: 10037 ns, Total: 112580 ns
[2020-09-11T18:01:29.701+0000][1][safepoint    ] Safepoint "RevokeBias", Time since last: 1175033500 ns, Reaching safepoint: 313798 ns, At safepoint: 362893 ns, Total: 676691 ns
[2020-09-11T18:01:29.714+0000][1][safepoint    ] Safepoint "RevokeBias", Time since last: 11687106 ns, Reaching safepoint: 239847 ns, At safepoint: 420973 ns, Total: 660820 ns
[2020-09-11T18:01:30.586+0000][1][gc,start     ] GC(95) Pause Young (Allocation Failure)
[2020-09-11T18:01:30.586+0000][1][gc,task      ] GC(95) Using 1 workers of 1 for evacuation
[2020-09-11T18:01:30.617+0000][1][gc,age       ] GC(95) Desired survivor size 4358144 bytes, new threshold 6 (max threshold 6)
[2020-09-11T18:01:30.617+0000][1][gc,age       ] GC(95) Age table with threshold 6 (max threshold 6)
[2020-09-11T18:01:30.617+0000][1][gc,age       ] GC(95) - age   1:     256072 bytes,     256072 total
[2020-09-11T18:01:30.617+0000][1][gc,age       ] GC(95) - age   2:     110288 bytes,     366360 total
[2020-09-11T18:01:30.617+0000][1][gc,age       ] GC(95) - age   3:      19296 bytes,     385656 total
[2020-09-11T18:01:30.617+0000][1][gc,age       ] GC(95) - age   4:      27160 bytes,     412816 total
[2020-09-11T18:01:30.617+0000][1][gc,age       ] GC(95) - age   5:      15480 bytes,     428296 total
[2020-09-11T18:01:30.617+0000][1][gc,age       ] GC(95) - age   6:      28752 bytes,     457048 total
[2020-09-11T18:01:30.617+0000][1][gc,heap      ] GC(95) ParNew: 68893K->805K(76672K)
[2020-09-11T18:01:30.617+0000][1][gc,heap      ] GC(95) CMS: 141027K->141059K(2011968K)
[2020-09-11T18:01:30.617+0000][1][gc,metaspace ] GC(95) Metaspace: 92737K->92737K(1134592K)
[2020-09-11T18:01:30.617+0000][1][gc           ] GC(95) Pause Young (Allocation Failure) 205M->138M(2039M) 31.103ms
[2020-09-11T18:01:30.618+0000][1][gc,cpu       ] GC(95) User=0.02s Sys=0.00s Real=0.03s
[2020-09-11T18:01:30.618+0000][1][safepoint    ] Safepoint "GenCollectForAllocation", Time since last: 871643201 ns, Reaching safepoint: 165786 ns, At safepoint: 32121913 ns, Total: 32287699 ns
[2020-09-11T18:01:31.625+0000][1][safepoint    ] Safepoint "Cleanup", Time since last: 1006900811 ns, Reaching safepoint: 123353 ns, At safepoint: 9721 ns, Total: 133074 ns
[2020-09-11T18:01:32.625+0000][1][safepoint    ] Safepoint "Cleanup", Time since last: 1000110093 ns, Reaching safepoint: 104409 ns, At safepoint: 9545 ns, Total: 113954 ns
[2020-09-11T18:01:33.625+0000][1][safepoint    ] Safepoint "Cleanup", Time since last: 1000109813 ns, Reaching safepoint: 114202 ns, At safepoint: 10153 ns, Total: 124355 ns
[2020-09-11T18:01:34.625+0000][1][safepoint    ] Safepoint "Cleanup", Time since last: 1000101669 ns, Reaching safepoint: 92117 ns, At safepoint: 9690 ns, Total: 101807 ns
[2020-09-11T18:01:34.761+0000][1][safepoint    ] Safepoint "RevokeBias", Time since last: 130873385 ns, Reaching safepoint: 4653496 ns, At safepoint: 387326 ns, Total: 5040822 ns
[2020-09-11T18:01:34.775+0000][1][safepoint    ] Safepoint "RevokeBias", Time since last: 13625113 ns, Reaching safepoint: 95048 ns, At safepoint: 23759 ns, Total: 118807 ns
[2020-09-11T18:01:35.775+0000][1][safepoint    ] Safepoint "Cleanup", Time since last: 1000111434 ns, Reaching safepoint: 92790 ns, At safepoint: 7689 ns, Total: 100479 ns
[2020-09-11T18:01:36.561+0000][1][safepoint    ] Safepoint "RevokeBias", Time since last: 784737950 ns, Reaching safepoint: 228947 ns, At safepoint: 322630 ns, Total: 551577 ns
[2020-09-11T18:01:37.561+0000][1][safepoint    ] Safepoint "Cleanup", Time since last: 1000121982 ns, Reaching safepoint: 236787 ns, At safepoint: 11690 ns, Total: 248477 ns
[2020-09-11T18:01:38.561+0000][1][safepoint    ] Safepoint "Cleanup", Time since last: 1000113816 ns, Reaching safepoint: 103503 ns, At safepoint: 7143 ns, Total: 110646 ns
[2020-09-11T18:01:39.561+0000][1][safepoint    ] Safepoint "Cleanup", Time since last: 1000112392 ns, Reaching safepoint: 103014 ns, At safepoint: 10575 ns, Total: 113589 ns
[2020-09-11T18:01:39.813+0000][1][safepoint    ] Safepoint "RevokeBias", Time since last: 251386514 ns, Reaching safepoint: 317687 ns, At safepoint: 27508 ns, Total: 345195 ns
[2020-09-11T18:01:39.819+0000][1][safepoint    ] Safepoint "RevokeBias", Time since last: 5592281 ns, Reaching safepoint: 234287 ns, At safepoint: 322178 ns, Total: 556465 ns
[2020-09-11T18:01:40.820+0000][1][safepoint    ] Safepoint "Cleanup", Time since last: 1000114854 ns, Reaching safepoint: 104226 ns, At safepoint: 10592 ns, Total: 114818 ns
[2020-09-11T18:01:41.820+0000][1][safepoint    ] Safepoint "Cleanup", Time since last: 1000114432 ns, Reaching safepoint: 90034 ns, At safepoint: 7082 ns, Total: 97116 ns
[2020-09-11T18:01:42.820+0000][1][safepoint    ] Safepoint "Cleanup", Time since last: 1000109609 ns, Reaching safepoint: 99121 ns, At safepoint: 8814 ns, Total: 107935 ns
[2020-09-11T18:01:43.820+0000][1][safepoint    ] Safepoint "Cleanup", Time since last: 1000112584 ns, Reaching safepoint: 94168 ns, At safepoint: 9792 ns, Total: 103960 ns
[2020-09-11T18:01:44.821+0000][1][safepoint    ] Safepoint "Cleanup", Time since last: 1000104928 ns, Reaching safepoint: 603102 ns, At safepoint: 12251 ns, Total: 615353 ns
[2020-09-11T18:01:44.846+0000][1][safepoint    ] Safepoint "RevokeBias", Time since last: 24291913 ns, Reaching safepoint: 248279 ns, At safepoint: 344551 ns, Total: 592830 ns
[2020-09-11T18:01:44.865+0000][1][safepoint    ] Safepoint "RevokeBias", Time since last: 16371147 ns, Reaching safepoint: 2836133 ns, At safepoint: 370612 ns, Total: 3206745 ns
[2020-09-11T18:01:45.866+0000][1][safepoint    ] Safepoint "Cleanup", Time since last: 1000131307 ns, Reaching safepoint: 94841 ns, At safepoint: 10033 ns, Total: 104874 ns
[2020-09-11T18:01:46.866+0000][1][safepoint    ] Safepoint "Cleanup", Time since last: 1000113911 ns, Reaching safepoint: 103223 ns, At safepoint: 10676 ns, Total: 113899 ns
[2020-09-11T18:01:47.594+0000][1][safepoint    ] Safepoint "BulkRevokeBias", Time since last: 723308191 ns, Reaching safepoint: 3815617 ns, At safepoint: 592319 ns, Total: 4407936 ns
[2020-09-11T18:01:48.594+0000][1][safepoint    ] Safepoint "Cleanup", Time since last: 1000109492 ns, Reaching safepoint: 94883 ns, At safepoint: 6851 ns, Total: 101734 ns
[2020-09-11T18:01:49.200+0000][1][gc,start     ] GC(96) Pause Young (Allocation Failure)
[2020-09-11T18:01:49.200+0000][1][gc,task      ] GC(96) Using 1 workers of 1 for evacuation
[2020-09-11T18:01:49.226+0000][1][gc,age       ] GC(96) Desired survivor size 4358144 bytes, new threshold 6 (max threshold 6)
[2020-09-11T18:01:49.226+0000][1][gc,age       ] GC(96) Age table with threshold 6 (max threshold 6)
[2020-09-11T18:01:49.226+0000][1][gc,age       ] GC(96) - age   1:     193016 bytes,     193016 total
[2020-09-11T18:01:49.226+0000][1][gc,age       ] GC(96) - age   2:     107056 bytes,     300072 total
[2020-09-11T18:01:49.226+0000][1][gc,age       ] GC(96) - age   3:     103360 bytes,     403432 total
[2020-09-11T18:01:49.226+0000][1][gc,age       ] GC(96) - age   4:      16504 bytes,     419936 total
[2020-09-11T18:01:49.226+0000][1][gc,age       ] GC(96) - age   5:      27160 bytes,     447096 total
[2020-09-11T18:01:49.226+0000][1][gc,age       ] GC(96) - age   6:      10312 bytes,     457408 total
[2020-09-11T18:01:49.226+0000][1][gc,heap      ] GC(96) ParNew: 68965K->536K(76672K)
[2020-09-11T18:01:49.226+0000][1][gc,heap      ] GC(96) CMS: 141059K->141088K(2011968K)
[2020-09-11T18:01:49.226+0000][1][gc,metaspace ] GC(96) Metaspace: 92821K->92821K(1134592K)
[2020-09-11T18:01:49.226+0000][1][gc           ] GC(96) Pause Young (Allocation Failure) 205M->138M(2039M) 25.890ms
[2020-09-11T18:01:49.226+0000][1][gc,cpu       ] GC(96) User=0.01s Sys=0.00s Real=0.03s
[2020-09-11T18:01:49.226+0000][1][safepoint    ] Safepoint "GenCollectForAllocation", Time since last: 603035135 ns, Reaching safepoint: 3454628 ns, At safepoint: 26018933 ns, Total: 29473561 ns
[2020-09-11T18:01:49.884+0000][1][safepoint    ] Safepoint "RevokeBias", Time since last: 656768055 ns, Reaching safepoint: 248180 ns, At safepoint: 360418 ns, Total: 608598 ns
[2020-09-11T18:01:49.893+0000][1][safepoint    ] Safepoint "RevokeBias", Time since last: 8198463 ns, Reaching safepoint: 1127864 ns, At safepoint: 333276 ns, Total: 1461140 ns
[2020-09-11T18:01:50.894+0000][1][safepoint    ] Safepoint "Cleanup", Time since last: 1000112144 ns, Reaching safepoint: 102346 ns, At safepoint: 9527 ns, Total: 111873 ns
[2020-09-11T18:01:51.894+0000][1][safepoint    ] Safepoint "Cleanup", Time since last: 1000111902 ns, Reaching safepoint: 87969 ns, At safepoint: 8989 ns, Total: 96958 ns
[2020-09-11T18:01:52.894+0000][1][safepoint    ] Safepoint "Cleanup", Time since last: 1000110305 ns, Reaching safepoint: 96406 ns, At safepoint: 10082 ns, Total: 106488 ns
[2020-09-11T18:01:53.894+0000][1][safepoint    ] Safepoint "Cleanup", Time since last: 1000114024 ns, Reaching safepoint: 89652 ns, At safepoint: 10009 ns, Total: 99661 ns
[2020-09-11T18:01:54.897+0000][1][safepoint    ] Safepoint "Cleanup", Time since last: 1002389721 ns, Reaching safepoint: 118557 ns, At safepoint: 10058 ns, Total: 128615 ns
[2020-09-11T18:01:54.941+0000][1][safepoint    ] Safepoint "RevokeBias", Time since last: 38144690 ns, Reaching safepoint: 6147054 ns, At safepoint: 353862 ns, Total: 6500916 ns
[2020-09-11T18:01:54.985+0000][1][safepoint    ] Safepoint "RevokeBias", Time since last: 43548477 ns, Reaching safepoint: 94086 ns, At safepoint: 24120 ns, Total: 118206 ns
[2020-09-11T18:01:55.985+0000][1][safepoint    ] Safepoint "Cleanup", Time since last: 1000115613 ns, Reaching safepoint: 87773 ns, At safepoint: 9488 ns, Total: 97261 ns
[2020-09-11T18:01:56.985+0000][1][safepoint    ] Safepoint "Cleanup", Time since last: 1000123022 ns, Reaching safepoint: 89686 ns, At safepoint: 9355 ns, Total: 99041 ns
[2020-09-11T18:01:57.986+0000][1][safepoint    ] Safepoint "Cleanup", Time since last: 1000115767 ns, Reaching safepoint: 95681 ns, At safepoint: 10311 ns, Total: 105992 ns
[2020-09-11T18:01:58.673+0000][1][safepoint    ] Safepoint "RevokeBias", Time since last: 685935784 ns, Reaching safepoint: 1316311 ns, At safepoint: 25143 ns, Total: 1341454 ns
[2020-09-11T18:01:59.673+0000][1][safepoint    ] Safepoint "Cleanup", Time since last: 1000104258 ns, Reaching safepoint: 92204 ns, At safepoint: 7775 ns, Total: 99979 ns
[2020-09-11T18:02:00.014+0000][1][safepoint    ] Safepoint "RevokeBias", Time since last: 339906402 ns, Reaching safepoint: 230840 ns, At safepoint: 290763 ns, Total: 521603 ns
[2020-09-11T18:02:00.018+0000][1][safepoint    ] Safepoint "RevokeBias", Time since last: 4281036 ns, Reaching safepoint: 260948 ns, At safepoint: 329819 ns, Total: 590767 ns
[2020-09-11T18:02:01.019+0000][1][safepoint    ] Safepoint "Cleanup", Time since last: 1000116546 ns, Reaching safepoint: 95619 ns, At safepoint: 7310 ns, Total: 102929 ns
[2020-09-11T18:02:02.019+0000][1][safepoint    ] Safepoint "Cleanup", Time since last: 1000117562 ns, Reaching safepoint: 94404 ns, At safepoint: 9589 ns, Total: 103993 ns
[2020-09-11T18:02:03.019+0000][1][safepoint    ] Safepoint "Cleanup", Time since last: 1000110399 ns, Reaching safepoint: 100230 ns, At safepoint: 9352 ns, Total: 109582 ns
[2020-09-11T18:02:04.019+0000][1][safepoint    ] Safepoint "Cleanup", Time since last: 1000111980 ns, Reaching safepoint: 88820 ns, At safepoint: 9396 ns, Total: 98216 ns
[2020-09-11T18:02:05.020+0000][1][safepoint    ] Safepoint "Cleanup", Time since last: 1000073507 ns, Reaching safepoint: 155881 ns, At safepoint: 6997 ns, Total: 162878 ns
[2020-09-11T18:02:05.043+0000][1][safepoint    ] Safepoint "RevokeBias", Time since last: 21193530 ns, Reaching safepoint: 1540692 ns, At safepoint: 286968 ns, Total: 1827660 ns
[2020-09-11T18:02:05.060+0000][1][safepoint    ] Safepoint "RevokeBias", Time since last: 17830214 ns, Reaching safepoint: 86390 ns, At safepoint: 22431 ns, Total: 108821 ns
[2020-09-11T18:02:06.061+0000][1][safepoint    ] Safepoint "Cleanup", Time since last: 1000119432 ns, Reaching safepoint: 87245 ns, At safepoint: 9744 ns, Total: 96989 ns
[2020-09-11T18:02:07.061+0000][1][safepoint    ] Safepoint "Cleanup", Time since last: 1000140664 ns, Reaching safepoint: 90910 ns, At safepoint: 9734 ns, Total: 100644 ns
[2020-09-11T18:02:08.061+0000][1][safepoint    ] Safepoint "Cleanup", Time since last: 1000114539 ns, Reaching safepoint: 94254 ns, At safepoint: 9487 ns, Total: 103741 ns
[2020-09-11T18:02:09.061+0000][1][safepoint    ] Safepoint "Cleanup", Time since last: 1000109536 ns, Reaching safepoint: 114032 ns, At safepoint: 7521 ns, Total: 121553 ns
[2020-09-11T18:02:09.706+0000][1][safepoint    ] Safepoint "RevokeBias", Time since last: 643566738 ns, Reaching safepoint: 853656 ns, At safepoint: 29767 ns, Total: 883423 ns
[2020-09-11T18:02:10.081+0000][1][safepoint    ] Safepoint "RevokeBias", Time since last: 373299468 ns, Reaching safepoint: 1789810 ns, At safepoint: 320462 ns, Total: 2110272 ns
[2020-09-11T18:02:10.091+0000][1][safepoint    ] Safepoint "RevokeBias", Time since last: 9979980 ns, Reaching safepoint: 96639 ns, At safepoint: 23156 ns, Total: 119795 ns
[2020-09-11T18:02:11.092+0000][1][safepoint    ] Safepoint "Cleanup", Time since last: 1000119482 ns, Reaching safepoint: 105109 ns, At safepoint: 9901 ns, Total: 115010 ns
[2020-09-11T18:02:12.092+0000][1][safepoint    ] Safepoint "Cleanup", Time since last: 1000119367 ns, Reaching safepoint: 90150 ns, At safepoint: 9906 ns, Total: 100056 ns
[2020-09-11T18:02:13.092+0000][1][safepoint    ] Safepoint "Cleanup", Time since last: 1000114228 ns, Reaching safepoint: 88953 ns, At safepoint: 8413 ns, Total: 97366 ns
[2020-09-11T18:02:14.092+0000][1][safepoint    ] Safepoint "Cleanup", Time since last: 1000126130 ns, Reaching safepoint: 94670 ns, At safepoint: 10317 ns, Total: 104987 ns
[2020-09-11T18:02:14.914+0000][1][gc,start     ] GC(97) Pause Young (Allocation Failure)
[2020-09-11T18:02:14.914+0000][1][gc,task      ] GC(97) Using 1 workers of 1 for evacuation
[2020-09-11T18:02:14.940+0000][1][gc,age       ] GC(97) Desired survivor size 4358144 bytes, new threshold 6 (max threshold 6)
[2020-09-11T18:02:14.940+0000][1][gc,age       ] GC(97) Age table with threshold 6 (max threshold 6)
[2020-09-11T18:02:14.940+0000][1][gc,age       ] GC(97) - age   1:     399904 bytes,     399904 total
[2020-09-11T18:02:14.940+0000][1][gc,age       ] GC(97) - age   2:      26464 bytes,     426368 total
[2020-09-11T18:02:14.940+0000][1][gc,age       ] GC(97) - age   3:      50464 bytes,     476832 total
[2020-09-11T18:02:14.940+0000][1][gc,age       ] GC(97) - age   4:     101256 bytes,     578088 total
[2020-09-11T18:02:14.940+0000][1][gc,age       ] GC(97) - age   5:      16504 bytes,     594592 total
[2020-09-11T18:02:14.940+0000][1][gc,age       ] GC(97) - age   6:      27128 bytes,     621720 total
[2020-09-11T18:02:14.940+0000][1][gc,heap      ] GC(97) ParNew: 68691K->804K(76672K)
[2020-09-11T18:02:14.940+0000][1][gc,heap      ] GC(97) CMS: 141088K->141098K(2011968K)
[2020-09-11T18:02:14.940+0000][1][gc,metaspace ] GC(97) Metaspace: 93023K->93023K(1134592K)
[2020-09-11T18:02:14.940+0000][1][gc           ] GC(97) Pause Young (Allocation Failure) 204M->138M(2039M) 26.139ms
[2020-09-11T18:02:14.940+0000][1][gc,cpu       ] GC(97) User=0.02s Sys=0.00s Real=0.02s
[2020-09-11T18:02:14.940+0000][1][safepoint    ] Safepoint "GenCollectForAllocation", Time since last: 821342796 ns, Reaching safepoint: 213265 ns, At safepoint: 26303884 ns, Total: 26517149 ns
[2020-09-11T18:02:15.108+0000][1][safepoint    ] Safepoint "RevokeBias", Time since last: 167478304 ns, Reaching safepoint: 96467 ns, At safepoint: 41902 ns, Total: 138369 ns
[2020-09-11T18:02:15.122+0000][1][safepoint    ] Safepoint "RevokeBias", Time since last: 13459771 ns, Reaching safepoint: 283881 ns, At safepoint: 52630 ns, Total: 336511 ns
[2020-09-11T18:02:16.122+0000][1][safepoint    ] Safepoint "Cleanup", Time since last: 1000134898 ns, Reaching safepoint: 88387 ns, At safepoint: 10440 ns, Total: 98827 ns
[2020-09-11T18:02:17.122+0000][1][safepoint    ] Safepoint "Cleanup", Time since last: 1000112659 ns, Reaching safepoint: 99504 ns, At safepoint: 10225 ns, Total: 109729 ns
[2020-09-11T18:02:18.122+0000][1][safepoint    ] Safepoint "Cleanup", Time since last: 1000114920 ns, Reaching safepoint: 90890 ns, At safepoint: 9417 ns, Total: 100307 ns
[2020-09-11T18:02:19.122+0000][1][safepoint    ] Safepoint "Cleanup", Time since last: 1000113107 ns, Reaching safepoint: 101920 ns, At safepoint: 10459 ns, Total: 112379 ns
[2020-09-11T18:02:20.124+0000][1][safepoint    ] Safepoint "Cleanup", Time since last: 1001882139 ns, Reaching safepoint: 173410 ns, At safepoint: 12281 ns, Total: 185691 ns
[2020-09-11T18:02:20.166+0000][1][safepoint    ] Safepoint "RevokeBias", Time since last: 40609296 ns, Reaching safepoint: 271822 ns, At safepoint: 322038 ns, Total: 593860 ns
[2020-09-11T18:02:20.180+0000][1][safepoint    ] Safepoint "RevokeBias", Time since last: 14330660 ns, Reaching safepoint: 94737 ns, At safepoint: 22380 ns, Total: 117117 ns
[2020-09-11T18:02:20.749+0000][1][safepoint    ] Safepoint "RevokeBias", Time since last: 568645145 ns, Reaching safepoint: 245550 ns, At safepoint: 314025 ns, Total: 559575 ns
[2020-09-11T18:02:21.750+0000][1][safepoint    ] Safepoint "Cleanup", Time since last: 1000117984 ns, Reaching safepoint: 90688 ns, At safepoint: 9189 ns, Total: 99877 ns
[2020-09-11T18:02:22.750+0000][1][safepoint    ] Safepoint "Cleanup", Time since last: 1000115257 ns, Reaching safepoint: 111901 ns, At safepoint: 11916 ns, Total: 123817 ns
[2020-09-11T18:02:24.750+0000][1][safepoint    ] Safepoint "Cleanup", Time since last: 2000196978 ns, Reaching safepoint: 93761 ns, At safepoint: 7394 ns, Total: 101155 ns
[2020-09-11T18:02:25.196+0000][1][safepoint    ] Safepoint "RevokeBias", Time since last: 445001196 ns, Reaching safepoint: 259898 ns, At safepoint: 334376 ns, Total: 594274 ns
[2020-09-11T18:02:25.211+0000][1][safepoint    ] Safepoint "RevokeBias", Time since last: 14254823 ns, Reaching safepoint: 241040 ns, At safepoint: 365979 ns, Total: 607019 ns
[2020-09-11T18:02:26.211+0000][1][safepoint    ] Safepoint "Cleanup", Time since last: 1000112996 ns, Reaching safepoint: 95401 ns, At safepoint: 10162 ns, Total: 105563 ns
[2020-09-11T18:02:27.211+0000][1][safepoint    ] Safepoint "Cleanup", Time since last: 1000116046 ns, Reaching safepoint: 93657 ns, At safepoint: 10038 ns, Total: 103695 ns
[2020-09-11T18:02:28.211+0000][1][safepoint    ] Safepoint "Cleanup", Time since last: 1000115492 ns, Reaching safepoint: 92679 ns, At safepoint: 9571 ns, Total: 102250 ns
[2020-09-11T18:02:28.767+0000][1][safepoint    ] Safepoint "RevokeBias", Time since last: 555375422 ns, Reaching safepoint: 96043 ns, At safepoint: 23357 ns, Total: 119400 ns
[2020-09-11T18:02:28.768+0000][1][safepoint    ] Safepoint "RevokeBias", Time since last: 709846 ns, Reaching safepoint: 1023203 ns, At safepoint: 21744 ns, Total: 1044947 ns
[2020-09-11T18:02:28.780+0000][1][safepoint    ] Safepoint "RevokeBias", Time since last: 11525067 ns, Reaching safepoint: 83594 ns, At safepoint: 18550 ns, Total: 102144 ns
[2020-09-11T18:02:29.780+0000][1][safepoint    ] Safepoint "Cleanup", Time since last: 1000100404 ns, Reaching safepoint: 90956 ns, At safepoint: 8654 ns, Total: 99610 ns
[2020-09-11T18:02:30.036+0000][1][safepoint    ] Safepoint "RevokeBias", Time since last: 255875228 ns, Reaching safepoint: 195457 ns, At safepoint: 27812 ns, Total: 223269 ns
[2020-09-11T18:02:30.246+0000][1][safepoint    ] Safepoint "RevokeBias", Time since last: 208750406 ns, Reaching safepoint: 247528 ns, At safepoint: 338922 ns, Total: 586450 ns
[2020-09-11T18:02:30.265+0000][1][safepoint    ] Safepoint "RevokeBias", Time since last: 16404748 ns, Reaching safepoint: 242407 ns, At safepoint: 2607183 ns, Total: 2849590 ns
[2020-09-11T18:02:30.728+0000][1][gc,start     ] GC(98) Pause Young (Allocation Failure)
[2020-09-11T18:02:30.728+0000][1][gc,task      ] GC(98) Using 1 workers of 1 for evacuation
[2020-09-11T18:02:30.797+0000][1][gc,age       ] GC(98) Desired survivor size 4358144 bytes, new threshold 6 (max threshold 6)
[2020-09-11T18:02:30.797+0000][1][gc,age       ] GC(98) Age table with threshold 6 (max threshold 6)
[2020-09-11T18:02:30.797+0000][1][gc,age       ] GC(98) - age   1:     215344 bytes,     215344 total
[2020-09-11T18:02:30.797+0000][1][gc,age       ] GC(98) - age   2:     152088 bytes,     367432 total
[2020-09-11T18:02:30.797+0000][1][gc,age       ] GC(98) - age   3:      22144 bytes,     389576 total
[2020-09-11T18:02:30.797+0000][1][gc,age       ] GC(98) - age   4:      21152 bytes,     410728 total
[2020-09-11T18:02:30.797+0000][1][gc,age       ] GC(98) - age   5:     101256 bytes,     511984 total
[2020-09-11T18:02:30.797+0000][1][gc,age       ] GC(98) - age   6:      16504 bytes,     528488 total
[2020-09-11T18:02:30.797+0000][1][gc,heap      ] GC(98) ParNew: 68964K->555K(76672K)
[2020-09-11T18:02:30.797+0000][1][gc,heap      ] GC(98) CMS: 141098K->141124K(2011968K)
[2020-09-11T18:02:30.797+0000][1][gc,metaspace ] GC(98) Metaspace: 93106K->93106K(1134592K)
[2020-09-11T18:02:30.797+0000][1][gc           ] GC(98) Pause Young (Allocation Failure) 205M->138M(2039M) 68.855ms
[2020-09-11T18:02:30.797+0000][1][gc,cpu       ] GC(98) User=0.04s Sys=0.00s Real=0.07s
[2020-09-11T18:02:30.797+0000][1][safepoint    ] Safepoint "GenCollectForAllocation", Time since last: 462994486 ns, Reaching safepoint: 100123 ns, At safepoint: 68925861 ns, Total: 69025984 ns
[2020-09-11T18:02:31.781+0000][1][safepoint    ] Safepoint "RevokeBias", Time since last: 983975558 ns, Reaching safepoint: 173242 ns, At safepoint: 27524 ns, Total: 200766 ns
[2020-09-11T18:02:32.781+0000][1][safepoint    ] Safepoint "Cleanup", Time since last: 1000115406 ns, Reaching safepoint: 97571 ns, At safepoint: 10289 ns, Total: 107860 ns
[2020-09-11T18:02:33.782+0000][1][safepoint    ] Safepoint "Cleanup", Time since last: 1000125172 ns, Reaching safepoint: 84979 ns, At safepoint: 7275 ns, Total: 92254 ns
[2020-09-11T18:02:34.039+0000][1][safepoint    ] Safepoint "RevokeBias", Time since last: 257045853 ns, Reaching safepoint: 168954 ns, At safepoint: 26720 ns, Total: 195674 ns
[2020-09-11T18:02:34.065+0000][1][safepoint    ] Safepoint "RevokeBias", Time since last: 25855457 ns, Reaching safepoint: 141700 ns, At safepoint: 22724 ns, Total: 164424 ns
[2020-09-11T18:02:34.076+0000][1][safepoint    ] Safepoint "RevokeBias", Time since last: 10727344 ns, Reaching safepoint: 94105 ns, At safepoint: 20298 ns, Total: 114403 ns
[2020-09-11T18:02:34.076+0000][1][safepoint    ] Safepoint "RevokeBias", Time since last: 60304 ns, Reaching safepoint: 32460 ns, At safepoint: 10940 ns, Total: 43400 ns
[2020-09-11T18:02:34.076+0000][1][safepoint    ] Safepoint "RevokeBias", Time since last: 39459 ns, Reaching safepoint: 31775 ns, At safepoint: 9938 ns, Total: 41713 ns
[2020-09-11T18:02:34.076+0000][1][safepoint    ] Safepoint "RevokeBias", Time since last: 135103 ns, Reaching safepoint: 43954 ns, At safepoint: 11063 ns, Total: 55017 ns
[2020-09-11T18:02:34.079+0000][1][safepoint    ] Safepoint "RevokeBias", Time since last: 2763509 ns, Reaching safepoint: 78646 ns, At safepoint: 16823 ns, Total: 95469 ns
[2020-09-11T18:02:34.117+0000][1][safepoint    ] Safepoint "RevokeBias", Time since last: 37992851 ns, Reaching safepoint: 279365 ns, At safepoint: 25699 ns, Total: 305064 ns
[2020-09-11T18:02:34.806+0000][1][safepoint    ] Safepoint "RevokeBias", Time since last: 688776810 ns, Reaching safepoint: 117112 ns, At safepoint: 24070 ns, Total: 141182 ns
[2020-09-11T18:02:34.807+0000][1][safepoint    ] Safepoint "RevokeBias", Time since last: 651973 ns, Reaching safepoint: 63362 ns, At safepoint: 16033 ns, Total: 79395 ns
[2020-09-11T18:02:34.808+0000][1][safepoint    ] Safepoint "RevokeBias", Time since last: 693347 ns, Reaching safepoint: 59065 ns, At safepoint: 15430 ns, Total: 74495 ns
[2020-09-11T18:02:34.815+0000][1][safepoint    ] Safepoint "RevokeBias", Time since last: 6691613 ns, Reaching safepoint: 156058 ns, At safepoint: 23057 ns, Total: 179115 ns
[2020-09-11T18:02:34.815+0000][1][safepoint    ] Safepoint "RevokeBias", Time since last: 107895 ns, Reaching safepoint: 132462 ns, At safepoint: 16096 ns, Total: 148558 ns
[2020-09-11T18:02:35.292+0000][1][safepoint    ] Safepoint "RevokeBias", Time since last: 476194997 ns, Reaching safepoint: 247795 ns, At safepoint: 366390 ns, Total: 614185 ns
[2020-09-11T18:02:35.301+0000][1][safepoint    ] Safepoint "RevokeBias", Time since last: 7688473 ns, Reaching safepoint: 1630992 ns, At safepoint: 371352 ns, Total: 2002344 ns
[2020-09-11T18:02:36.302+0000][1][safepoint    ] Safepoint "Cleanup", Time since last: 1000114261 ns, Reaching safepoint: 86499 ns, At safepoint: 9581 ns, Total: 96080 ns
[2020-09-11T18:02:37.302+0000][1][safepoint    ] Safepoint "Cleanup", Time since last: 1000113291 ns, Reaching safepoint: 85028 ns, At safepoint: 9844 ns, Total: 94872 ns
[2020-09-11T18:02:38.302+0000][1][safepoint    ] Safepoint "Cleanup", Time since last: 1000114452 ns, Reaching safepoint: 87208 ns, At safepoint: 9234 ns, Total: 96442 ns
[2020-09-11T18:02:39.302+0000][1][safepoint    ] Safepoint "Cleanup", Time since last: 1000116299 ns, Reaching safepoint: 109036 ns, At safepoint: 10949 ns, Total: 119985 ns
[2020-09-11T18:02:40.302+0000][1][safepoint    ] Safepoint "Cleanup", Time since last: 1000127289 ns, Reaching safepoint: 95143 ns, At safepoint: 10186 ns, Total: 105329 ns
[2020-09-11T18:02:40.317+0000][1][safepoint    ] Safepoint "RevokeBias", Time since last: 13655670 ns, Reaching safepoint: 875946 ns, At safepoint: 382191 ns, Total: 1258137 ns
[2020-09-11T18:02:40.328+0000][1][safepoint    ] Safepoint "RevokeBias", Time since last: 10176929 ns, Reaching safepoint: 184561 ns, At safepoint: 26757 ns, Total: 211318 ns
[2020-09-11T18:02:41.328+0000][1][safepoint    ] Safepoint "Cleanup", Time since last: 1000109549 ns, Reaching safepoint: 93288 ns, At safepoint: 8036 ns, Total: 101324 ns
[2020-09-11T18:02:42.328+0000][1][safepoint    ] Safepoint "Cleanup", Time since last: 1000127286 ns, Reaching safepoint: 96882 ns, At safepoint: 9180 ns, Total: 106062 ns
[2020-09-11T18:02:42.813+0000][1][safepoint    ] Safepoint "RevokeBias", Time since last: 484206265 ns, Reaching safepoint: 236301 ns, At safepoint: 361771 ns, Total: 598072 ns
[2020-09-11T18:02:43.813+0000][1][safepoint    ] Safepoint "Cleanup", Time since last: 1000110688 ns, Reaching safepoint: 80543 ns, At safepoint: 7605 ns, Total: 88148 ns
[2020-09-11T18:02:44.813+0000][1][safepoint    ] Safepoint "Cleanup", Time since last: 1000103414 ns, Reaching safepoint: 78807 ns, At safepoint: 5952 ns, Total: 84759 ns
[2020-09-11T18:02:45.350+0000][1][safepoint    ] Safepoint "RevokeBias", Time since last: 536932426 ns, Reaching safepoint: 201312 ns, At safepoint: 27241 ns, Total: 228553 ns
[2020-09-11T18:02:45.357+0000][1][safepoint    ] Safepoint "RevokeBias", Time since last: 6120059 ns, Reaching safepoint: 255703 ns, At safepoint: 321907 ns, Total: 577610 ns
[2020-09-11T18:02:46.359+0000][1][safepoint    ] Safepoint "Cleanup", Time since last: 1002158312 ns, Reaching safepoint: 89046 ns, At safepoint: 8923 ns, Total: 97969 ns
[2020-09-11T18:02:47.360+0000][1][safepoint    ] Safepoint "Cleanup", Time since last: 1000112499 ns, Reaching safepoint: 90086 ns, At safepoint: 10055 ns, Total: 100141 ns
[2020-09-11T18:02:48.360+0000][1][safepoint    ] Safepoint "Cleanup", Time since last: 1000112322 ns, Reaching safepoint: 91802 ns, At safepoint: 6558 ns, Total: 98360 ns
[2020-09-11T18:02:49.365+0000][1][safepoint    ] Safepoint "Cleanup", Time since last: 1004901994 ns, Reaching safepoint: 216825 ns, At safepoint: 10946 ns, Total: 227771 ns
[2020-09-11T18:02:50.220+0000][1][gc,start     ] GC(99) Pause Young (Allocation Failure)
[2020-09-11T18:02:50.220+0000][1][gc,task      ] GC(99) Using 1 workers of 1 for evacuation
[2020-09-11T18:02:50.257+0000][1][gc,age       ] GC(99) Desired survivor size 4358144 bytes, new threshold 6 (max threshold 6)
[2020-09-11T18:02:50.257+0000][1][gc,age       ] GC(99) Age table with threshold 6 (max threshold 6)
[2020-09-11T18:02:50.257+0000][1][gc,age       ] GC(99) - age   1:     340728 bytes,     340728 total
[2020-09-11T18:02:50.257+0000][1][gc,age       ] GC(99) - age   2:     120416 bytes,     461144 total
[2020-09-11T18:02:50.257+0000][1][gc,age       ] GC(99) - age   3:      49128 bytes,     510272 total
[2020-09-11T18:02:50.257+0000][1][gc,age       ] GC(99) - age   4:      19024 bytes,     529296 total
[2020-09-11T18:02:50.257+0000][1][gc,age       ] GC(99) - age   5:      21152 bytes,     550448 total
[2020-09-11T18:02:50.257+0000][1][gc,age       ] GC(99) - age   6:     101256 bytes,     651704 total
[2020-09-11T18:02:50.257+0000][1][gc,heap      ] GC(99) ParNew: 68715K->1052K(76672K)
[2020-09-11T18:02:50.257+0000][1][gc,heap      ] GC(99) CMS: 141124K->141140K(2011968K)
[2020-09-11T18:02:50.257+0000][1][gc,metaspace ] GC(99) Metaspace: 93140K->93140K(1134592K)
[2020-09-11T18:02:50.257+0000][1][gc           ] GC(99) Pause Young (Allocation Failure) 204M->138M(2039M) 36.598ms
[2020-09-11T18:02:50.257+0000][1][gc,cpu       ] GC(99) User=0.01s Sys=0.00s Real=0.04s
[2020-09-11T18:02:50.257+0000][1][safepoint    ] Safepoint "GenCollectForAllocation", Time since last: 855288338 ns, Reaching safepoint: 109560 ns, At safepoint: 36988174 ns, Total: 37097734 ns
[2020-09-11T18:02:50.380+0000][1][safepoint    ] Safepoint "RevokeBias", Time since last: 122855912 ns, Reaching safepoint: 93291 ns, At safepoint: 26135 ns, Total: 119426 ns
[2020-09-11T18:02:50.385+0000][1][safepoint    ] Safepoint "RevokeBias", Time since last: 4539283 ns, Reaching safepoint: 227034 ns, At safepoint: 317618 ns, Total: 544652 ns
[2020-09-11T18:02:51.386+0000][1][safepoint    ] Safepoint "Cleanup", Time since last: 1000124108 ns, Reaching safepoint: 90111 ns, At safepoint: 9734 ns, Total: 99845 ns
[2020-09-11T18:02:52.386+0000][1][safepoint    ] Safepoint "Cleanup", Time since last: 1000130874 ns, Reaching safepoint: 81824 ns, At safepoint: 8246 ns, Total: 90070 ns
[2020-09-11T18:02:53.386+0000][1][safepoint    ] Safepoint "Cleanup", Time since last: 1000108442 ns, Reaching safepoint: 83172 ns, At safepoint: 8871 ns, Total: 92043 ns
[2020-09-11T18:02:53.858+0000][1][safepoint    ] Safepoint "BulkRevokeBias", Time since last: 471127280 ns, Reaching safepoint: 98926 ns, At safepoint: 222656 ns, Total: 321582 ns
[2020-09-11T18:02:54.858+0000][1][safepoint    ] Safepoint "Cleanup", Time since last: 1000111572 ns, Reaching safepoint: 87972 ns, At safepoint: 11074 ns, Total: 99046 ns
[2020-09-11T18:02:55.400+0000][1][safepoint    ] Safepoint "RevokeBias", Time since last: 541236141 ns, Reaching safepoint: 234231 ns, At safepoint: 334098 ns, Total: 568329 ns
[2020-09-11T18:02:55.417+0000][1][safepoint    ] Safepoint "RevokeBias", Time since last: 14532699 ns, Reaching safepoint: 2772240 ns, At safepoint: 33341 ns, Total: 2805581 ns
[2020-09-11T18:02:56.417+0000][1][safepoint    ] Safepoint "Cleanup", Time since last: 1000115336 ns, Reaching safepoint: 89611 ns, At safepoint: 10360 ns, Total: 99971 ns
[2020-09-11T18:02:57.417+0000][1][safepoint    ] Safepoint "Cleanup", Time since last: 1000112326 ns, Reaching safepoint: 91709 ns, At safepoint: 9561 ns, Total: 101270 ns
[2020-09-11T18:02:58.418+0000][1][safepoint    ] Safepoint "Cleanup", Time since last: 1000116299 ns, Reaching safepoint: 83572 ns, At safepoint: 8263 ns, Total: 91835 ns
[2020-09-11T18:02:59.418+0000][1][safepoint    ] Safepoint "Cleanup", Time since last: 1000116195 ns, Reaching safepoint: 92147 ns, At safepoint: 10010 ns, Total: 102157 ns
[2020-09-11T18:03:00.418+0000][1][safepoint    ] Safepoint "Cleanup", Time since last: 1000117438 ns, Reaching safepoint: 90907 ns, At safepoint: 10105 ns, Total: 101012 ns
[2020-09-11T18:03:00.440+0000][1][safepoint    ] Safepoint "RevokeBias", Time since last: 21027837 ns, Reaching safepoint: 231014 ns, At safepoint: 487840 ns, Total: 718854 ns
[2020-09-11T18:03:00.458+0000][1][safepoint    ] Safepoint "RevokeBias", Time since last: 17875810 ns, Reaching safepoint: 92913 ns, At safepoint: 26984 ns, Total: 119897 ns
[2020-09-11T18:03:01.458+0000][1][safepoint    ] Safepoint "Cleanup", Time since last: 1000112818 ns, Reaching safepoint: 93505 ns, At safepoint: 9127 ns, Total: 102632 ns
[2020-09-11T18:03:02.458+0000][1][safepoint    ] Safepoint "Cleanup", Time since last: 1000113269 ns, Reaching safepoint: 97757 ns, At safepoint: 9178 ns, Total: 106935 ns
[2020-09-11T18:03:03.458+0000][1][safepoint    ] Safepoint "Cleanup", Time since last: 1000111340 ns, Reaching safepoint: 91450 ns, At safepoint: 8824 ns, Total: 100274 ns
[2020-09-11T18:03:04.883+0000][1][safepoint    ] Safepoint "RevokeBias", Time since last: 1424288083 ns, Reaching safepoint: 217733 ns, At safepoint: 322234 ns, Total: 539967 ns
[2020-09-11T18:03:05.483+0000][1][safepoint    ] Safepoint "RevokeBias", Time since last: 599261527 ns, Reaching safepoint: 168893 ns, At safepoint: 25059 ns, Total: 193952 ns
[2020-09-11T18:03:05.499+0000][1][safepoint    ] Safepoint "RevokeBias", Time since last: 15441407 ns, Reaching safepoint: 219225 ns, At safepoint: 311672 ns, Total: 530897 ns
[2020-09-11T18:03:06.500+0000][1][safepoint    ] Safepoint "Cleanup", Time since last: 1001017092 ns, Reaching safepoint: 145574 ns, At safepoint: 11082 ns, Total: 156656 ns
[2020-09-11T18:03:07.500+0000][1][safepoint    ] Safepoint "Cleanup", Time since last: 1000105099 ns, Reaching safepoint: 84172 ns, At safepoint: 9641 ns, Total: 93813 ns
[2020-09-11T18:03:08.401+0000][1][gc,start     ] GC(100) Pause Young (Allocation Failure)
[2020-09-11T18:03:08.401+0000][1][gc,task      ] GC(100) Using 1 workers of 1 for evacuation
[2020-09-11T18:03:08.428+0000][1][gc,age       ] GC(100) Desired survivor size 4358144 bytes, new threshold 6 (max threshold 6)
[2020-09-11T18:03:08.428+0000][1][gc,age       ] GC(100) Age table with threshold 6 (max threshold 6)
[2020-09-11T18:03:08.428+0000][1][gc,age       ] GC(100) - age   1:     169680 bytes,     169680 total
[2020-09-11T18:03:08.428+0000][1][gc,age       ] GC(100) - age   2:     259544 bytes,     429224 total
[2020-09-11T18:03:08.428+0000][1][gc,age       ] GC(100) - age   3:      68456 bytes,     497680 total
[2020-09-11T18:03:08.428+0000][1][gc,age       ] GC(100) - age   4:      49032 bytes,     546712 total
[2020-09-11T18:03:08.428+0000][1][gc,age       ] GC(100) - age   5:      19024 bytes,     565736 total
[2020-09-11T18:03:08.428+0000][1][gc,age       ] GC(100) - age   6:      21120 bytes,     586856 total
[2020-09-11T18:03:08.428+0000][1][gc,heap      ] GC(100) ParNew: 69212K->608K(76672K)
[2020-09-11T18:03:08.428+0000][1][gc,heap      ] GC(100) CMS: 141140K->141239K(2011968K)
[2020-09-11T18:03:08.428+0000][1][gc,metaspace ] GC(100) Metaspace: 93190K->93190K(1134592K)
[2020-09-11T18:03:08.428+0000][1][gc           ] GC(100) Pause Young (Allocation Failure) 205M->138M(2039M) 26.640ms
[2020-09-11T18:03:08.428+0000][1][gc,cpu       ] GC(100) User=0.02s Sys=0.00s Real=0.02s
[2020-09-11T18:03:08.441+0000][1][safepoint    ] Safepoint "GenCollectForAllocation", Time since last: 900878885 ns, Reaching safepoint: 181610 ns, At safepoint: 39772397 ns, Total: 39954007 ns
[2020-09-11T18:03:09.448+0000][1][safepoint    ] Safepoint "Cleanup", Time since last: 1007261102 ns, Reaching safepoint: 88035 ns, At safepoint: 8750 ns, Total: 96785 ns
[2020-09-11T18:03:10.449+0000][1][safepoint    ] Safepoint "Cleanup", Time since last: 1000603440 ns, Reaching safepoint: 170773 ns, At safepoint: 10791 ns, Total: 181564 ns
[2020-09-11T18:03:10.512+0000][1][safepoint    ] Safepoint "RevokeBias", Time since last: 63212426 ns, Reaching safepoint: 87160 ns, At safepoint: 22421 ns, Total: 109581 ns
[2020-09-11T18:03:10.517+0000][1][safepoint    ] Safepoint "RevokeBias", Time since last: 4020077 ns, Reaching safepoint: 221767 ns, At safepoint: 304652 ns, Total: 526419 ns
[2020-09-11T18:03:11.517+0000][1][safepoint    ] Safepoint "Cleanup", Time since last: 1000114480 ns, Reaching safepoint: 80615 ns, At safepoint: 7173 ns, Total: 87788 ns
[2020-09-11T18:03:12.517+0000][1][safepoint    ] Safepoint "Cleanup", Time since last: 1000134953 ns, Reaching safepoint: 90013 ns, At safepoint: 9473 ns, Total: 99486 ns
[2020-09-11T18:03:13.517+0000][1][safepoint    ] Safepoint "Cleanup", Time since last: 1000114889 ns, Reaching safepoint: 86314 ns, At safepoint: 7792 ns, Total: 94106 ns
[2020-09-11T18:03:14.518+0000][1][safepoint    ] Safepoint "Cleanup", Time since last: 1000111604 ns, Reaching safepoint: 80129 ns, At safepoint: 7380 ns, Total: 87509 ns
[2020-09-11T18:03:15.518+0000][1][safepoint    ] Safepoint "Cleanup", Time since last: 1000114380 ns, Reaching safepoint: 100553 ns, At safepoint: 10960 ns, Total: 111513 ns
[2020-09-11T18:03:15.537+0000][1][safepoint    ] Safepoint "RevokeBias", Time since last: 17543670 ns, Reaching safepoint: 1412661 ns, At safepoint: 29206 ns, Total: 1441867 ns
[2020-09-11T18:03:15.542+0000][1][safepoint    ] Safepoint "RevokeBias", Time since last: 4611095 ns, Reaching safepoint: 239351 ns, At safepoint: 357991 ns, Total: 597342 ns
[2020-09-11T18:03:15.919+0000][1][safepoint    ] Safepoint "RevokeBias", Time since last: 376629772 ns, Reaching safepoint: 91492 ns, At safepoint: 25918 ns, Total: 117410 ns
[2020-09-11T18:03:16.919+0000][1][safepoint    ] Safepoint "Cleanup", Time since last: 1000115202 ns, Reaching safepoint: 82300 ns, At safepoint: 10380 ns, Total: 92680 ns
[2020-09-11T18:03:17.919+0000][1][safepoint    ] Safepoint "Cleanup", Time since last: 1000116200 ns, Reaching safepoint: 104989 ns, At safepoint: 19814 ns, Total: 124803 ns
[2020-09-11T18:03:18.920+0000][1][safepoint    ] Safepoint "Cleanup", Time since last: 1000116287 ns, Reaching safepoint: 95398 ns, At safepoint: 8471 ns, Total: 103869 ns
[2020-09-11T18:03:19.920+0000][1][safepoint    ] Safepoint "Cleanup", Time since last: 1000113242 ns, Reaching safepoint: 81061 ns, At safepoint: 9151 ns, Total: 90212 ns
[2020-09-11T18:03:20.566+0000][1][safepoint    ] Safepoint "RevokeBias", Time since last: 645408472 ns, Reaching safepoint: 238048 ns, At safepoint: 286121 ns, Total: 524169 ns
[2020-09-11T18:03:20.583+0000][1][safepoint    ] Safepoint "RevokeBias", Time since last: 14906338 ns, Reaching safepoint: 2251734 ns, At safepoint: 293022 ns, Total: 2544756 ns
[2020-09-11T18:03:21.583+0000][1][safepoint    ] Safepoint "Cleanup", Time since last: 1000119842 ns, Reaching safepoint: 92749 ns, At safepoint: 18136 ns, Total: 110885 ns
[2020-09-11T18:03:22.584+0000][1][safepoint    ] Safepoint "Cleanup", Time since last: 1000126953 ns, Reaching safepoint: 83411 ns, At safepoint: 9444 ns, Total: 92855 ns
[2020-09-11T18:03:23.585+0000][1][safepoint    ] Safepoint "Cleanup", Time since last: 1001230444 ns, Reaching safepoint: 76883 ns, At safepoint: 7948 ns, Total: 84831 ns
[2020-09-11T18:03:24.585+0000][1][safepoint    ] Safepoint "Cleanup", Time since last: 1000108335 ns, Reaching safepoint: 89436 ns, At safepoint: 9825 ns, Total: 99261 ns
[2020-09-11T18:03:25.586+0000][1][safepoint    ] Safepoint "Cleanup", Time since last: 1000625766 ns, Reaching safepoint: 92809 ns, At safepoint: 9367 ns, Total: 102176 ns
[2020-09-11T18:03:25.615+0000][1][safepoint    ] Safepoint "RevokeBias", Time since last: 29158146 ns, Reaching safepoint: 91550 ns, At safepoint: 20731 ns, Total: 112281 ns
[2020-09-11T18:03:25.623+0000][1][safepoint    ] Safepoint "RevokeBias", Time since last: 7707911 ns, Reaching safepoint: 83746 ns, At safepoint: 22839 ns, Total: 106585 ns
[2020-09-11T18:03:26.625+0000][1][safepoint    ] Safepoint "Cleanup", Time since last: 1001903725 ns, Reaching safepoint: 223009 ns, At safepoint: 7190 ns, Total: 230199 ns
[2020-09-11T18:03:26.949+0000][1][safepoint    ] Safepoint "RevokeBias", Time since last: 323062772 ns, Reaching safepoint: 241125 ns, At safepoint: 360799 ns, Total: 601924 ns
[2020-09-11T18:03:27.949+0000][1][safepoint    ] Safepoint "Cleanup", Time since last: 1000105328 ns, Reaching safepoint: 80546 ns, At safepoint: 7737 ns, Total: 88283 ns
[2020-09-11T18:03:28.949+0000][1][safepoint    ] Safepoint "Cleanup", Time since last: 1000115051 ns, Reaching safepoint: 92211 ns, At safepoint: 7153 ns, Total: 99364 ns
[2020-09-11T18:03:29.949+0000][1][safepoint    ] Safepoint "Cleanup", Time since last: 1000113542 ns, Reaching safepoint: 86805 ns, At safepoint: 8777 ns, Total: 95582 ns
[2020-09-11T18:03:30.644+0000][1][safepoint    ] Safepoint "RevokeBias", Time since last: 691981541 ns, Reaching safepoint: 2877379 ns, At safepoint: 331867 ns, Total: 3209246 ns
[2020-09-11T18:03:30.657+0000][1][safepoint    ] Safepoint "RevokeBias", Time since last: 11558032 ns, Reaching safepoint: 253408 ns, At safepoint: 310230 ns, Total: 563638 ns
[2020-09-11T18:03:30.667+0000][1][gc,start     ] GC(101) Pause Young (Allocation Failure)
[2020-09-11T18:03:30.667+0000][1][gc,task      ] GC(101) Using 1 workers of 1 for evacuation
[2020-09-11T18:03:30.702+0000][1][gc,age       ] GC(101) Desired survivor size 4358144 bytes, new threshold 6 (max threshold 6)
[2020-09-11T18:03:30.702+0000][1][gc,age       ] GC(101) Age table with threshold 6 (max threshold 6)
[2020-09-11T18:03:30.702+0000][1][gc,age       ] GC(101) - age   1:     317552 bytes,     317552 total
[2020-09-11T18:03:30.702+0000][1][gc,age       ] GC(101) - age   2:      58680 bytes,     376232 total
[2020-09-11T18:03:30.702+0000][1][gc,age       ] GC(101) - age   3:     117368 bytes,     493600 total
[2020-09-11T18:03:30.702+0000][1][gc,age       ] GC(101) - age   4:      33528 bytes,     527128 total
[2020-09-11T18:03:30.702+0000][1][gc,age       ] GC(101) - age   5:      48488 bytes,     575616 total
[2020-09-11T18:03:30.702+0000][1][gc,age       ] GC(101) - age   6:      19024 bytes,     594640 total
[2020-09-11T18:03:30.702+0000][1][gc,heap      ] GC(101) ParNew: 68768K->582K(76672K)
[2020-09-11T18:03:30.702+0000][1][gc,heap      ] GC(101) CMS: 141239K->141260K(2011968K)
[2020-09-11T18:03:30.702+0000][1][gc,metaspace ] GC(101) Metaspace: 93247K->93247K(1134592K)
[2020-09-11T18:03:30.702+0000][1][gc           ] GC(101) Pause Young (Allocation Failure) 205M->138M(2039M) 35.506ms
[2020-09-11T18:03:30.702+0000][1][gc,cpu       ] GC(101) User=0.01s Sys=0.00s Real=0.04s
[2020-09-11T18:03:30.702+0000][1][safepoint    ] Safepoint "GenCollectForAllocation", Time since last: 8926852 ns, Reaching safepoint: 1047528 ns, At safepoint: 35611186 ns, Total: 36658714 ns
[2020-09-11T18:03:31.713+0000][1][safepoint    ] Safepoint "Cleanup", Time since last: 1010588793 ns, Reaching safepoint: 81541 ns, At safepoint: 9370 ns, Total: 90911 ns
[2020-09-11T18:03:32.713+0000][1][safepoint    ] Safepoint "Cleanup", Time since last: 1000110268 ns, Reaching safepoint: 85615 ns, At safepoint: 7564 ns, Total: 93179 ns
[2020-09-11T18:03:33.713+0000][1][safepoint    ] Safepoint "Cleanup", Time since last: 1000109115 ns, Reaching safepoint: 79106 ns, At safepoint: 7222 ns, Total: 86328 ns
[2020-09-11T18:03:34.713+0000][1][safepoint    ] Safepoint "Cleanup", Time since last: 1000108118 ns, Reaching safepoint: 84947 ns, At safepoint: 8727 ns, Total: 93674 ns
[2020-09-11T18:03:35.689+0000][1][safepoint    ] Safepoint "RevokeBias", Time since last: 975886120 ns, Reaching safepoint: 93415 ns, At safepoint: 22385 ns, Total: 115800 ns
[2020-09-11T18:03:35.703+0000][1][safepoint    ] Safepoint "RevokeBias", Time since last: 12947290 ns, Reaching safepoint: 75478 ns, At safepoint: 19910 ns, Total: 95388 ns
[2020-09-11T18:03:36.703+0000][1][safepoint    ] Safepoint "Cleanup", Time since last: 1000114892 ns, Reaching safepoint: 117951 ns, At safepoint: 11754 ns, Total: 129705 ns
[2020-09-11T18:03:37.703+0000][1][safepoint    ] Safepoint "Cleanup", Time since last: 1000121827 ns, Reaching safepoint: 81316 ns, At safepoint: 9016 ns, Total: 90332 ns
[2020-09-11T18:03:37.978+0000][1][safepoint    ] Safepoint "RevokeBias", Time since last: 274680370 ns, Reaching safepoint: 190106 ns, At safepoint: 25984 ns, Total: 216090 ns
[2020-09-11T18:03:38.982+0000][1][safepoint    ] Safepoint "Cleanup", Time since last: 1003658701 ns, Reaching safepoint: 90848 ns, At safepoint: 7776 ns, Total: 98624 ns
[2020-09-11T18:03:40.101+0000][1][safepoint    ] Safepoint "Cleanup", Time since last: 1119136798 ns, Reaching safepoint: 187018 ns, At safepoint: 23343 ns, Total: 210361 ns
[2020-09-11T18:03:40.730+0000][1][safepoint    ] Safepoint "RevokeBias", Time since last: 628826637 ns, Reaching safepoint: 86836 ns, At safepoint: 22064 ns, Total: 108900 ns
[2020-09-11T18:03:40.743+0000][1][safepoint    ] Safepoint "RevokeBias", Time since last: 12546772 ns, Reaching safepoint: 130857 ns, At safepoint: 22510 ns, Total: 153367 ns
[2020-09-11T18:03:41.745+0000][1][safepoint    ] Safepoint "Cleanup", Time since last: 1002165640 ns, Reaching safepoint: 586559 ns, At safepoint: 8043 ns, Total: 594602 ns
[2020-09-11T18:03:42.746+0000][1][safepoint    ] Safepoint "Cleanup", Time since last: 1000109652 ns, Reaching safepoint: 82542 ns, At safepoint: 7756 ns, Total: 90298 ns
[2020-09-11T18:03:43.746+0000][1][safepoint    ] Safepoint "Cleanup", Time since last: 1000109071 ns, Reaching safepoint: 88134 ns, At safepoint: 8894 ns, Total: 97028 ns
[2020-09-11T18:03:44.746+0000][1][safepoint    ] Safepoint "Cleanup", Time since last: 1000110782 ns, Reaching safepoint: 88672 ns, At safepoint: 8976 ns, Total: 97648 ns
[2020-09-11T18:03:45.746+0000][1][safepoint    ] Safepoint "Cleanup", Time since last: 1000110623 ns, Reaching safepoint: 89918 ns, At safepoint: 7600 ns, Total: 97518 ns
[2020-09-11T18:03:45.763+0000][1][safepoint    ] Safepoint "RevokeBias", Time since last: 16000927 ns, Reaching safepoint: 213583 ns, At safepoint: 292377 ns, Total: 505960 ns
[2020-09-11T18:03:45.773+0000][1][safepoint    ] Safepoint "RevokeBias", Time since last: 9822091 ns, Reaching safepoint: 93091 ns, At safepoint: 22062 ns, Total: 115153 ns
[2020-09-11T18:03:46.773+0000][1][safepoint    ] Safepoint "Cleanup", Time since last: 1000139618 ns, Reaching safepoint: 93081 ns, At safepoint: 9888 ns, Total: 102969 ns
[2020-09-11T18:03:47.773+0000][1][safepoint    ] Safepoint "Cleanup", Time since last: 1000115703 ns, Reaching safepoint: 84546 ns, At safepoint: 7258 ns, Total: 91804 ns
[2020-09-11T18:03:48.773+0000][1][safepoint    ] Safepoint "Cleanup", Time since last: 1000124300 ns, Reaching safepoint: 89838 ns, At safepoint: 7425 ns, Total: 97263 ns
[2020-09-11T18:03:49.005+0000][1][safepoint    ] Safepoint "RevokeBias", Time since last: 230734528 ns, Reaching safepoint: 232216 ns, At safepoint: 339089 ns, Total: 571305 ns
[2020-09-11T18:03:50.005+0000][1][safepoint    ] Safepoint "Cleanup", Time since last: 1000143629 ns, Reaching safepoint: 83143 ns, At safepoint: 8391 ns, Total: 91534 ns
[2020-09-11T18:03:50.750+0000][1][gc,start     ] GC(102) Pause Young (Allocation Failure)
[2020-09-11T18:03:50.750+0000][1][gc,task      ] GC(102) Using 1 workers of 1 for evacuation
[2020-09-11T18:03:50.810+0000][1][gc,age       ] GC(102) Desired survivor size 4358144 bytes, new threshold 6 (max threshold 6)
[2020-09-11T18:03:50.810+0000][1][gc,age       ] GC(102) Age table with threshold 6 (max threshold 6)
[2020-09-11T18:03:50.810+0000][1][gc,age       ] GC(102) - age   1:     354664 bytes,     354664 total
[2020-09-11T18:03:50.810+0000][1][gc,age       ] GC(102) - age   2:     216256 bytes,     570920 total
[2020-09-11T18:03:50.810+0000][1][gc,age       ] GC(102) - age   3:       5648 bytes,     576568 total
[2020-09-11T18:03:50.810+0000][1][gc,age       ] GC(102) - age   4:     111824 bytes,     688392 total
[2020-09-11T18:03:50.810+0000][1][gc,age       ] GC(102) - age   5:      33496 bytes,     721888 total
[2020-09-11T18:03:50.810+0000][1][gc,age       ] GC(102) - age   6:      48360 bytes,     770248 total
[2020-09-11T18:03:50.810+0000][1][gc,heap      ] GC(102) ParNew: 68742K->1162K(76672K)
[2020-09-11T18:03:50.810+0000][1][gc,heap      ] GC(102) CMS: 141260K->141278K(2011968K)
[2020-09-11T18:03:50.810+0000][1][gc,metaspace ] GC(102) Metaspace: 93325K->93325K(1134592K)
[2020-09-11T18:03:50.810+0000][1][gc           ] GC(102) Pause Young (Allocation Failure) 205M->139M(2039M) 59.552ms
[2020-09-11T18:03:50.810+0000][1][gc,cpu       ] GC(102) User=0.03s Sys=0.00s Real=0.06s
[2020-09-11T18:03:50.825+0000][1][safepoint    ] Safepoint "GenCollectForAllocation", Time since last: 745363137 ns, Reaching safepoint: 157272 ns, At safepoint: 74428837 ns, Total: 74586109 ns
[2020-09-11T18:03:50.832+0000][1][safepoint    ] Safepoint "RevokeBias", Time since last: 7028525 ns, Reaching safepoint: 88256 ns, At safepoint: 36465 ns, Total: 124721 ns
[2020-09-11T18:03:50.841+0000][1][safepoint    ] Safepoint "RevokeBias", Time since last: 8914008 ns, Reaching safepoint: 86478 ns, At safepoint: 36673 ns, Total: 123151 ns
[2020-09-11T18:03:51.849+0000][1][safepoint    ] Safepoint "Cleanup", Time since last: 1008142607 ns, Reaching safepoint: 83667 ns, At safepoint: 8552 ns, Total: 92219 ns
[2020-09-11T18:03:52.849+0000][1][safepoint    ] Safepoint "Cleanup", Time since last: 1000102537 ns, Reaching safepoint: 79211 ns, At safepoint: 7446 ns, Total: 86657 ns
[2020-09-11T18:03:53.853+0000][1][safepoint    ] Safepoint "Cleanup", Time since last: 1000126145 ns, Reaching safepoint: 3387226 ns, At safepoint: 17672 ns, Total: 3404898 ns
[2020-09-11T18:03:54.853+0000][1][safepoint    ] Safepoint "Cleanup", Time since last: 1000111500 ns, Reaching safepoint: 84931 ns, At safepoint: 9512 ns, Total: 94443 ns
[2020-09-11T18:03:55.857+0000][1][safepoint    ] Safepoint "Cleanup", Time since last: 1000105928 ns, Reaching safepoint: 3591287 ns, At safepoint: 14055 ns, Total: 3605342 ns
[2020-09-11T18:03:55.889+0000][1][safepoint    ] Safepoint "RevokeBias", Time since last: 32215092 ns, Reaching safepoint: 86717 ns, At safepoint: 21255 ns, Total: 107972 ns
[2020-09-11T18:03:55.897+0000][1][safepoint    ] Safepoint "RevokeBias", Time since last: 7665334 ns, Reaching safepoint: 97399 ns, At safepoint: 24669 ns, Total: 122068 ns
[2020-09-11T18:03:56.897+0000][1][safepoint    ] Safepoint "Cleanup", Time since last: 1000112359 ns, Reaching safepoint: 93693 ns, At safepoint: 7372 ns, Total: 101065 ns
[2020-09-11T18:03:57.897+0000][1][safepoint    ] Safepoint "Cleanup", Time since last: 1000114288 ns, Reaching safepoint: 88435 ns, At safepoint: 9539 ns, Total: 97974 ns
[2020-09-11T18:03:58.898+0000][1][safepoint    ] Safepoint "Cleanup", Time since last: 1000169401 ns, Reaching safepoint: 93895 ns, At safepoint: 7120 ns, Total: 101015 ns
[2020-09-11T18:03:59.898+0000][1][safepoint    ] Safepoint "Cleanup", Time since last: 1000112834 ns, Reaching safepoint: 83109 ns, At safepoint: 7289 ns, Total: 90398 ns
[2020-09-11T18:04:00.039+0000][1][safepoint    ] Safepoint "BulkRevokeBias", Time since last: 140034502 ns, Reaching safepoint: 765997 ns, At safepoint: 520242 ns, Total: 1286239 ns
[2020-09-11T18:04:00.914+0000][1][safepoint    ] Safepoint "RevokeBias", Time since last: 874276771 ns, Reaching safepoint: 230782 ns, At safepoint: 327633 ns, Total: 558415 ns
[2020-09-11T18:04:00.937+0000][1][safepoint    ] Safepoint "RevokeBias", Time since last: 19081680 ns, Reaching safepoint: 3746163 ns, At safepoint: 32101 ns, Total: 3778264 ns
[2020-09-11T18:04:01.937+0000][1][safepoint    ] Safepoint "Cleanup", Time since last: 1000112762 ns, Reaching safepoint: 77008 ns, At safepoint: 6557 ns, Total: 83565 ns
[2020-09-11T18:04:02.937+0000][1][safepoint    ] Safepoint "Cleanup", Time since last: 1000111737 ns, Reaching safepoint: 78939 ns, At safepoint: 6230 ns, Total: 85169 ns
[2020-09-11T18:04:03.937+0000][1][safepoint    ] Safepoint "Cleanup", Time since last: 1000111074 ns, Reaching safepoint: 81054 ns, At safepoint: 7010 ns, Total: 88064 ns
[2020-09-11T18:04:04.942+0000][1][safepoint    ] Safepoint "Cleanup", Time since last: 1003526259 ns, Reaching safepoint: 1239718 ns, At safepoint: 11538 ns, Total: 1251256 ns
[2020-09-11T18:04:05.942+0000][1][safepoint    ] Safepoint "Cleanup", Time since last: 1000107371 ns, Reaching safepoint: 85076 ns, At safepoint: 8529 ns, Total: 93605 ns
[2020-09-11T18:04:05.949+0000][1][safepoint    ] Safepoint "RevokeBias", Time since last: 6324950 ns, Reaching safepoint: 227793 ns, At safepoint: 337625 ns, Total: 565418 ns
[2020-09-11T18:04:05.960+0000][1][safepoint    ] Safepoint "RevokeBias", Time since last: 10424685 ns, Reaching safepoint: 232593 ns, At safepoint: 322212 ns, Total: 554805 ns
[2020-09-11T18:04:06.961+0000][1][safepoint    ] Safepoint "Cleanup", Time since last: 1000109140 ns, Reaching safepoint: 83073 ns, At safepoint: 8789 ns, Total: 91862 ns
[2020-09-11T18:04:07.961+0000][1][safepoint    ] Safepoint "Cleanup", Time since last: 1000117460 ns, Reaching safepoint: 235058 ns, At safepoint: 14218 ns, Total: 249276 ns
[2020-09-11T18:04:08.721+0000][1][gc,start     ] GC(103) Pause Young (Allocation Failure)
[2020-09-11T18:04:08.721+0000][1][gc,task      ] GC(103) Using 1 workers of 1 for evacuation
[2020-09-11T18:04:08.750+0000][1][gc,age       ] GC(103) Desired survivor size 4358144 bytes, new threshold 6 (max threshold 6)
[2020-09-11T18:04:08.750+0000][1][gc,age       ] GC(103) Age table with threshold 6 (max threshold 6)
[2020-09-11T18:04:08.750+0000][1][gc,age       ] GC(103) - age   1:     391592 bytes,     391592 total
[2020-09-11T18:04:08.750+0000][1][gc,age       ] GC(103) - age   2:     156232 bytes,     547824 total
[2020-09-11T18:04:08.750+0000][1][gc,age       ] GC(103) - age   3:      42880 bytes,     590704 total
[2020-09-11T18:04:08.750+0000][1][gc,age       ] GC(103) - age   4:       5488 bytes,     596192 total
[2020-09-11T18:04:08.750+0000][1][gc,age       ] GC(103) - age   5:     111824 bytes,     708016 total
[2020-09-11T18:04:08.750+0000][1][gc,age       ] GC(103) - age   6:      33496 bytes,     741512 total
[2020-09-11T18:04:08.750+0000][1][gc,heap      ] GC(103) ParNew: 69322K->1418K(76672K)
[2020-09-11T18:04:08.750+0000][1][gc,heap      ] GC(103) CMS: 141278K->141326K(2011968K)
[2020-09-11T18:04:08.750+0000][1][gc,metaspace ] GC(103) Metaspace: 93385K->93385K(1134592K)
[2020-09-11T18:04:08.750+0000][1][gc           ] GC(103) Pause Young (Allocation Failure) 205M->139M(2039M) 28.901ms
[2020-09-11T18:04:08.750+0000][1][gc,cpu       ] GC(103) User=0.02s Sys=0.00s Real=0.02s
[2020-09-11T18:04:08.753+0000][1][safepoint    ] Safepoint "GenCollectForAllocation", Time since last: 758412747 ns, Reaching safepoint: 1568543 ns, At safepoint: 31929264 ns, Total: 33497807 ns
[2020-09-11T18:04:09.759+0000][1][safepoint    ] Safepoint "Cleanup", Time since last: 1006170065 ns, Reaching safepoint: 91556 ns, At safepoint: 18946 ns, Total: 110502 ns
[2020-09-11T18:04:10.759+0000][1][safepoint    ] Safepoint "Cleanup", Time since last: 1000116070 ns, Reaching safepoint: 85971 ns, At safepoint: 7119 ns, Total: 93090 ns
[2020-09-11T18:04:10.973+0000][1][safepoint    ] Safepoint "RevokeBias", Time since last: 210328740 ns, Reaching safepoint: 3305000 ns, At safepoint: 356985 ns, Total: 3661985 ns
[2020-09-11T18:04:10.984+0000][1][safepoint    ] Safepoint "RevokeBias", Time since last: 7759039 ns, Reaching safepoint: 2337521 ns, At safepoint: 339611 ns, Total: 2677132 ns
[2020-09-11T18:04:11.081+0000][1][safepoint    ] Safepoint "RevokeBias", Time since last: 86458733 ns, Reaching safepoint: 228779 ns, At safepoint: 10876925 ns, Total: 11105704 ns
[2020-09-11T18:04:12.081+0000][1][safepoint    ] Safepoint "Cleanup", Time since last: 1000112140 ns, Reaching safepoint: 87414 ns, At safepoint: 7792 ns, Total: 95206 ns
[2020-09-11T18:04:13.082+0000][1][safepoint    ] Safepoint "Cleanup", Time since last: 1000113127 ns, Reaching safepoint: 84097 ns, At safepoint: 9521 ns, Total: 93618 ns
[2020-09-11T18:04:14.082+0000][1][safepoint    ] Safepoint "Cleanup", Time since last: 1000113544 ns, Reaching safepoint: 82088 ns, At safepoint: 8651 ns, Total: 90739 ns
[2020-09-11T18:04:15.082+0000][1][safepoint    ] Safepoint "Cleanup", Time since last: 1000105884 ns, Reaching safepoint: 86688 ns, At safepoint: 5918 ns, Total: 92606 ns
[2020-09-11T18:04:16.003+0000][1][safepoint    ] Safepoint "RevokeBias", Time since last: 916788121 ns, Reaching safepoint: 3848042 ns, At safepoint: 30338 ns, Total: 3878380 ns
[2020-09-11T18:04:16.012+0000][1][safepoint    ] Safepoint "RevokeBias", Time since last: 8244646 ns, Reaching safepoint: 220317 ns, At safepoint: 288705 ns, Total: 509022 ns
[2020-09-11T18:04:17.012+0000][1][safepoint    ] Safepoint "Cleanup", Time since last: 1000120702 ns, Reaching safepoint: 104762 ns, At safepoint: 11413 ns, Total: 116175 ns
[2020-09-11T18:04:18.014+0000][1][safepoint    ] Safepoint "Cleanup", Time since last: 1000109938 ns, Reaching safepoint: 1749236 ns, At safepoint: 13931 ns, Total: 1763167 ns
[2020-09-11T18:04:19.014+0000][1][safepoint    ] Safepoint "Cleanup", Time since last: 1000112040 ns, Reaching safepoint: 92656 ns, At safepoint: 7508 ns, Total: 100164 ns
[2020-09-11T18:04:21.025+0000][1][safepoint    ] Safepoint "Cleanup", Time since last: 2011015361 ns, Reaching safepoint: 260832 ns, At safepoint: 16619 ns, Total: 277451 ns
[2020-09-11T18:04:21.044+0000][1][safepoint    ] Safepoint "RevokeBias", Time since last: 18061832 ns, Reaching safepoint: 844554 ns, At safepoint: 29148 ns, Total: 873702 ns
[2020-09-11T18:04:21.064+0000][1][safepoint    ] Safepoint "RevokeBias", Time since last: 18977593 ns, Reaching safepoint: 221026 ns, At safepoint: 311280 ns, Total: 532306 ns
[2020-09-11T18:04:22.110+0000][1][safepoint    ] Safepoint "RevokeBias", Time since last: 1045675156 ns, Reaching safepoint: 237205 ns, At safepoint: 313119 ns, Total: 550324 ns
[2020-09-11T18:04:24.117+0000][1][safepoint    ] Safepoint "Cleanup", Time since last: 2006959957 ns, Reaching safepoint: 88556 ns, At safepoint: 10177 ns, Total: 98733 ns
[2020-09-11T18:04:26.092+0000][1][safepoint    ] Safepoint "RevokeBias", Time since last: 1974829553 ns, Reaching safepoint: 77248 ns, At safepoint: 21793 ns, Total: 99041 ns
[2020-09-11T18:04:26.098+0000][1][safepoint    ] Safepoint "RevokeBias", Time since last: 5201235 ns, Reaching safepoint: 736857 ns, At safepoint: 23642 ns, Total: 760499 ns
[2020-09-11T18:04:27.098+0000][1][safepoint    ] Safepoint "Cleanup", Time since last: 1000106822 ns, Reaching safepoint: 87771 ns, At safepoint: 7683 ns, Total: 95454 ns
[2020-09-11T18:04:29.098+0000][1][safepoint    ] Safepoint "Cleanup", Time since last: 2000191100 ns, Reaching safepoint: 101724 ns, At safepoint: 10135 ns, Total: 111859 ns
[2020-09-11T18:04:30.098+0000][1][safepoint    ] Safepoint "Cleanup", Time since last: 1000118940 ns, Reaching safepoint: 86883 ns, At safepoint: 10563 ns, Total: 97446 ns
[2020-09-11T18:04:30.673+0000][1][gc,start     ] GC(104) Pause Young (Allocation Failure)
[2020-09-11T18:04:30.673+0000][1][gc,task      ] GC(104) Using 1 workers of 1 for evacuation
[2020-09-11T18:04:30.714+0000][1][gc,age       ] GC(104) Desired survivor size 4358144 bytes, new threshold 6 (max threshold 6)
[2020-09-11T18:04:30.714+0000][1][gc,age       ] GC(104) Age table with threshold 6 (max threshold 6)
[2020-09-11T18:04:30.714+0000][1][gc,age       ] GC(104) - age   1:     203904 bytes,     203904 total
[2020-09-11T18:04:30.714+0000][1][gc,age       ] GC(104) - age   2:     202296 bytes,     406200 total
[2020-09-11T18:04:30.714+0000][1][gc,age       ] GC(104) - age   3:      95080 bytes,     501280 total
[2020-09-11T18:04:30.714+0000][1][gc,age       ] GC(104) - age   4:      19168 bytes,     520448 total
[2020-09-11T18:04:30.714+0000][1][gc,age       ] GC(104) - age   5:       5184 bytes,     525632 total
[2020-09-11T18:04:30.714+0000][1][gc,age       ] GC(104) - age   6:     111824 bytes,     637456 total
[2020-09-11T18:04:30.714+0000][1][gc,heap      ] GC(104) ParNew: 69578K->897K(76672K)
[2020-09-11T18:04:30.714+0000][1][gc,heap      ] GC(104) CMS: 141326K->141358K(2011968K)
[2020-09-11T18:04:30.714+0000][1][gc,metaspace ] GC(104) Metaspace: 93446K->93446K(1136640K)
[2020-09-11T18:04:30.714+0000][1][gc           ] GC(104) Pause Young (Allocation Failure) 205M->138M(2039M) 41.082ms
[2020-09-11T18:04:30.714+0000][1][gc,cpu       ] GC(104) User=0.01s Sys=0.00s Real=0.04s
[2020-09-11T18:04:30.714+0000][1][safepoint    ] Safepoint "GenCollectForAllocation", Time since last: 566303535 ns, Reaching safepoint: 8078365 ns, At safepoint: 41156663 ns, Total: 49235028 ns
[2020-09-11T18:04:31.110+0000][1][safepoint    ] Safepoint "RevokeBias", Time since last: 395804703 ns, Reaching safepoint: 244769 ns, At safepoint: 347086 ns, Total: 591855 ns
[2020-09-11T18:04:31.153+0000][1][safepoint    ] Safepoint "RevokeBias", Time since last: 42623928 ns, Reaching safepoint: 92375 ns, At safepoint: 24802 ns, Total: 117177 ns
[2020-09-11T18:04:33.130+0000][1][safepoint    ] Safepoint "RevokeBias", Time since last: 1976768618 ns, Reaching safepoint: 83529 ns, At safepoint: 20694 ns, Total: 104223 ns
[2020-09-11T18:04:35.130+0000][1][safepoint    ] Safepoint "Cleanup", Time since last: 2000302304 ns, Reaching safepoint: 84487 ns, At safepoint: 7342 ns, Total: 91829 ns
[2020-09-11T18:04:36.173+0000][1][safepoint    ] Safepoint "RevokeBias", Time since last: 1042583495 ns, Reaching safepoint: 162118 ns, At safepoint: 23498 ns, Total: 185616 ns
[2020-09-11T18:04:36.193+0000][1][safepoint    ] Safepoint "RevokeBias", Time since last: 16275064 ns, Reaching safepoint: 3458474 ns, At safepoint: 335658 ns, Total: 3794132 ns
[2020-09-11T18:04:39.194+0000][1][safepoint    ] Safepoint "Cleanup", Time since last: 3000280152 ns, Reaching safepoint: 89030 ns, At safepoint: 9066 ns, Total: 98096 ns
[2020-09-11T18:04:40.194+0000][1][safepoint    ] Safepoint "Cleanup", Time since last: 1000112791 ns, Reaching safepoint: 90655 ns, At safepoint: 10042 ns, Total: 100697 ns
[2020-09-11T18:04:41.194+0000][1][safepoint    ] Safepoint "Cleanup", Time since last: 1000112870 ns, Reaching safepoint: 92638 ns, At safepoint: 9849 ns, Total: 102487 ns
[2020-09-11T18:04:41.202+0000][1][safepoint    ] Safepoint "RevokeBias", Time since last: 8180071 ns, Reaching safepoint: 171047 ns, At safepoint: 35922 ns, Total: 206969 ns
[2020-09-11T18:04:41.207+0000][1][safepoint    ] Safepoint "RevokeBias", Time since last: 4783463 ns, Reaching safepoint: 82067 ns, At safepoint: 22168 ns, Total: 104235 ns
[2020-09-11T18:04:44.165+0000][1][safepoint    ] Safepoint "RevokeBias", Time since last: 2955253892 ns, Reaching safepoint: 2252117 ns, At safepoint: 31001 ns, Total: 2283118 ns
[2020-09-11T18:04:45.165+0000][1][safepoint    ] Safepoint "Cleanup", Time since last: 1000110764 ns, Reaching safepoint: 84580 ns, At safepoint: 7922 ns, Total: 92502 ns
[2020-09-11T18:04:46.216+0000][1][safepoint    ] Safepoint "RevokeBias", Time since last: 1050322436 ns, Reaching safepoint: 80096 ns, At safepoint: 20651 ns, Total: 100747 ns
[2020-09-11T18:04:46.226+0000][1][safepoint    ] Safepoint "RevokeBias", Time since last: 10559074 ns, Reaching safepoint: 168230 ns, At safepoint: 22668 ns, Total: 190898 ns
[2020-09-11T18:04:49.227+0000][1][safepoint    ] Safepoint "Cleanup", Time since last: 3000321784 ns, Reaching safepoint: 91200 ns, At safepoint: 6859 ns, Total: 98059 ns
[2020-09-11T18:04:51.201+0000][1][gc,start     ] GC(105) Pause Young (Allocation Failure)
[2020-09-11T18:04:51.201+0000][1][gc,task      ] GC(105) Using 1 workers of 1 for evacuation
[2020-09-11T18:04:51.235+0000][1][gc,age       ] GC(105) Desired survivor size 4358144 bytes, new threshold 6 (max threshold 6)
[2020-09-11T18:04:51.235+0000][1][gc,age       ] GC(105) Age table with threshold 6 (max threshold 6)
[2020-09-11T18:04:51.235+0000][1][gc,age       ] GC(105) - age   1:     409576 bytes,     409576 total
[2020-09-11T18:04:51.235+0000][1][gc,age       ] GC(105) - age   2:     103752 bytes,     513328 total
[2020-09-11T18:04:51.235+0000][1][gc,age       ] GC(105) - age   3:      26992 bytes,     540320 total
[2020-09-11T18:04:51.235+0000][1][gc,age       ] GC(105) - age   4:      86432 bytes,     626752 total
[2020-09-11T18:04:51.235+0000][1][gc,age       ] GC(105) - age   5:      19136 bytes,     645888 total
[2020-09-11T18:04:51.235+0000][1][gc,age       ] GC(105) - age   6:       5184 bytes,     651072 total
[2020-09-11T18:04:51.235+0000][1][gc,heap      ] GC(105) ParNew: 69057K->1158K(76672K)
[2020-09-11T18:04:51.235+0000][1][gc,heap      ] GC(105) CMS: 141358K->141469K(2011968K)
[2020-09-11T18:04:51.235+0000][1][gc,metaspace ] GC(105) Metaspace: 93469K->93469K(1136640K)
[2020-09-11T18:04:51.235+0000][1][gc           ] GC(105) Pause Young (Allocation Failure) 205M->139M(2039M) 34.394ms
[2020-09-11T18:04:51.235+0000][1][gc,cpu       ] GC(105) User=0.02s Sys=0.00s Real=0.03s
[2020-09-11T18:04:51.242+0000][1][safepoint    ] Safepoint "GenCollectForAllocation", Time since last: 1972409366 ns, Reaching safepoint: 1775226 ns, At safepoint: 41414324 ns, Total: 43189550 ns
[2020-09-11T18:04:51.244+0000][1][safepoint    ] Safepoint "RevokeBias", Time since last: 2024985 ns, Reaching safepoint: 74852 ns, At safepoint: 32579 ns, Total: 107431 ns
[2020-09-11T18:04:51.253+0000][1][safepoint    ] Safepoint "RevokeBias", Time since last: 8872127 ns, Reaching safepoint: 91988 ns, At safepoint: 35018 ns, Total: 127006 ns
[2020-09-11T18:04:52.254+0000][1][safepoint    ] Safepoint "Cleanup", Time since last: 1000624220 ns, Reaching safepoint: 88522 ns, At safepoint: 22855 ns, Total: 111377 ns
[2020-09-11T18:04:54.254+0000][1][safepoint    ] Safepoint "Cleanup", Time since last: 2000225498 ns, Reaching safepoint: 92488 ns, At safepoint: 10097 ns, Total: 102585 ns
[2020-09-11T18:04:55.183+0000][1][safepoint    ] Safepoint "RevokeBias", Time since last: 927603050 ns, Reaching safepoint: 244436 ns, At safepoint: 343175 ns, Total: 587611 ns
[2020-09-11T18:04:56.183+0000][1][safepoint    ] Safepoint "Cleanup", Time since last: 1000121091 ns, Reaching safepoint: 87483 ns, At safepoint: 9653 ns, Total: 97136 ns
[2020-09-11T18:04:56.277+0000][1][safepoint    ] Safepoint "RevokeBias", Time since last: 94205456 ns, Reaching safepoint: 169126 ns, At safepoint: 26437 ns, Total: 195563 ns
[2020-09-11T18:04:56.285+0000][1][safepoint    ] Safepoint "RevokeBias", Time since last: 5192204 ns, Reaching safepoint: 2451125 ns, At safepoint: 385400 ns, Total: 2836525 ns
[2020-09-11T18:04:57.286+0000][1][safepoint    ] Safepoint "Cleanup", Time since last: 1000115864 ns, Reaching safepoint: 88610 ns, At safepoint: 10096 ns, Total: 98706 ns
[2020-09-11T18:04:59.286+0000][1][safepoint    ] Safepoint "Cleanup", Time since last: 2000192416 ns, Reaching safepoint: 88616 ns, At safepoint: 9453 ns, Total: 98069 ns
[2020-09-11T18:05:01.286+0000][1][safepoint    ] Safepoint "Cleanup", Time since last: 2000188646 ns, Reaching safepoint: 123976 ns, At safepoint: 10226 ns, Total: 134202 ns
[2020-09-11T18:05:01.301+0000][1][safepoint    ] Safepoint "RevokeBias", Time since last: 14935933 ns, Reaching safepoint: 97842 ns, At safepoint: 26190 ns, Total: 124032 ns
[2020-09-11T18:05:01.310+0000][1][safepoint    ] Safepoint "RevokeBias", Time since last: 9131209 ns, Reaching safepoint: 82854 ns, At safepoint: 23363 ns, Total: 106217 ns
[2020-09-11T18:05:05.311+0000][1][safepoint    ] Safepoint "Cleanup", Time since last: 4000340838 ns, Reaching safepoint: 89801 ns, At safepoint: 9805 ns, Total: 99606 ns
[2020-09-11T18:05:06.210+0000][1][safepoint    ] Safepoint "BulkRevokeBias", Time since last: 898378388 ns, Reaching safepoint: 100837 ns, At safepoint: 242319 ns, Total: 343156 ns
[2020-09-11T18:05:06.316+0000][1][safepoint    ] Safepoint "RevokeBias", Time since last: 105551915 ns, Reaching safepoint: 225281 ns, At safepoint: 306545 ns, Total: 531826 ns
[2020-09-11T18:05:06.323+0000][1][safepoint    ] Safepoint "RevokeBias", Time since last: 7687591 ns, Reaching safepoint: 86657 ns, At safepoint: 21428 ns, Total: 108085 ns
[2020-09-11T18:05:07.324+0000][1][safepoint    ] Safepoint "Cleanup", Time since last: 1000114813 ns, Reaching safepoint: 90249 ns, At safepoint: 10784 ns, Total: 101033 ns
[2020-09-11T18:05:08.324+0000][1][safepoint    ] Safepoint "Cleanup", Time since last: 1000112658 ns, Reaching safepoint: 210077 ns, At safepoint: 8929 ns, Total: 219006 ns
[2020-09-11T18:05:09.324+0000][1][safepoint    ] Safepoint "Cleanup", Time since last: 1000107836 ns, Reaching safepoint: 96685 ns, At safepoint: 10331 ns, Total: 107016 ns
[2020-09-11T18:05:10.324+0000][1][safepoint    ] Safepoint "Cleanup", Time since last: 1000119552 ns, Reaching safepoint: 81011 ns, At safepoint: 9501 ns, Total: 90512 ns
[2020-09-11T18:05:10.977+0000][1][gc,start     ] GC(106) Pause Young (Allocation Failure)
[2020-09-11T18:05:10.978+0000][1][gc,task      ] GC(106) Using 1 workers of 1 for evacuation
[2020-09-11T18:05:11.009+0000][1][gc,age       ] GC(106) Desired survivor size 4358144 bytes, new threshold 6 (max threshold 6)
[2020-09-11T18:05:11.009+0000][1][gc,age       ] GC(106) Age table with threshold 6 (max threshold 6)
[2020-09-11T18:05:11.009+0000][1][gc,age       ] GC(106) - age   1:     130448 bytes,     130448 total
[2020-09-11T18:05:11.009+0000][1][gc,age       ] GC(106) - age   2:     225056 bytes,     355504 total
[2020-09-11T18:05:11.009+0000][1][gc,age       ] GC(106) - age   3:      78584 bytes,     434088 total
[2020-09-11T18:05:11.009+0000][1][gc,age       ] GC(106) - age   4:       7592 bytes,     441680 total
[2020-09-11T18:05:11.009+0000][1][gc,age       ] GC(106) - age   5:      86432 bytes,     528112 total
[2020-09-11T18:05:11.009+0000][1][gc,age       ] GC(106) - age   6:      19104 bytes,     547216 total
[2020-09-11T18:05:11.009+0000][1][gc,heap      ] GC(106) ParNew: 69318K->766K(76672K)
[2020-09-11T18:05:11.009+0000][1][gc,heap      ] GC(106) CMS: 141469K->141474K(2011968K)
[2020-09-11T18:05:11.009+0000][1][gc,metaspace ] GC(106) Metaspace: 93518K->93518K(1136640K)
[2020-09-11T18:05:11.009+0000][1][gc           ] GC(106) Pause Young (Allocation Failure) 205M->138M(2039M) 31.813ms
[2020-09-11T18:05:11.009+0000][1][gc,cpu       ] GC(106) User=0.02s Sys=0.00s Real=0.03s
[2020-09-11T18:05:11.009+0000][1][safepoint    ] Safepoint "GenCollectForAllocation", Time since last: 652920450 ns, Reaching safepoint: 75096 ns, At safepoint: 31889401 ns, Total: 31964497 ns
[2020-09-11T18:05:11.329+0000][1][safepoint    ] Safepoint "RevokeBias", Time since last: 319857938 ns, Reaching safepoint: 84035 ns, At safepoint: 35962 ns, Total: 119997 ns
[2020-09-11T18:05:11.335+0000][1][safepoint    ] Safepoint "RevokeBias", Time since last: 5199305 ns, Reaching safepoint: 89651 ns, At safepoint: 37981 ns, Total: 127632 ns
[2020-09-11T18:05:12.335+0000][1][safepoint    ] Safepoint "Cleanup", Time since last: 1000615251 ns, Reaching safepoint: 100629 ns, At safepoint: 29886 ns, Total: 130515 ns
[2020-09-11T18:05:13.336+0000][1][safepoint    ] Safepoint "Cleanup", Time since last: 1000114330 ns, Reaching safepoint: 83991 ns, At safepoint: 23698 ns, Total: 107689 ns
[2020-09-11T18:05:14.336+0000][1][safepoint    ] Safepoint "Cleanup", Time since last: 1000132222 ns, Reaching safepoint: 86796 ns, At safepoint: 10033 ns, Total: 96829 ns
[2020-09-11T18:05:15.336+0000][1][safepoint    ] Safepoint "Cleanup", Time since last: 1000114791 ns, Reaching safepoint: 96268 ns, At safepoint: 8267 ns, Total: 104535 ns
[2020-09-11T18:05:16.336+0000][1][safepoint    ] Safepoint "Cleanup", Time since last: 1000115476 ns, Reaching safepoint: 87071 ns, At safepoint: 10428 ns, Total: 97499 ns
[2020-09-11T18:05:16.342+0000][1][safepoint    ] Safepoint "RevokeBias", Time since last: 4901292 ns, Reaching safepoint: 234497 ns, At safepoint: 339095 ns, Total: 573592 ns
[2020-09-11T18:05:16.347+0000][1][safepoint    ] Safepoint "RevokeBias", Time since last: 5343066 ns, Reaching safepoint: 88977 ns, At safepoint: 24640 ns, Total: 113617 ns
[2020-09-11T18:05:17.232+0000][1][safepoint    ] Safepoint "RevokeBias", Time since last: 884282473 ns, Reaching safepoint: 238318 ns, At safepoint: 337542 ns, Total: 575860 ns
[2020-09-11T18:05:18.232+0000][1][safepoint    ] Safepoint "Cleanup", Time since last: 1000119836 ns, Reaching safepoint: 85857 ns, At safepoint: 8598 ns, Total: 94455 ns
[2020-09-11T18:05:19.232+0000][1][safepoint    ] Safepoint "Cleanup", Time since last: 1000114508 ns, Reaching safepoint: 94494 ns, At safepoint: 8827 ns, Total: 103321 ns
[2020-09-11T18:05:20.233+0000][1][safepoint    ] Safepoint "Cleanup", Time since last: 1000118031 ns, Reaching safepoint: 81077 ns, At safepoint: 9260 ns, Total: 90337 ns
[2020-09-11T18:05:21.237+0000][1][safepoint    ] Safepoint "Cleanup", Time since last: 1004071389 ns, Reaching safepoint: 84033 ns, At safepoint: 8253 ns, Total: 92286 ns
[2020-09-11T18:05:21.361+0000][1][safepoint    ] Safepoint "RevokeBias", Time since last: 124318559 ns, Reaching safepoint: 88453 ns, At safepoint: 25949 ns, Total: 114402 ns
[2020-09-11T18:05:21.370+0000][1][safepoint    ] Safepoint "RevokeBias", Time since last: 8602833 ns, Reaching safepoint: 81852 ns, At safepoint: 24272 ns, Total: 106124 ns
[2020-09-11T18:05:22.370+0000][1][safepoint    ] Safepoint "Cleanup", Time since last: 1000113389 ns, Reaching safepoint: 78350 ns, At safepoint: 7072 ns, Total: 85422 ns
[2020-09-11T18:05:23.370+0000][1][safepoint    ] Safepoint "Cleanup", Time since last: 1000115858 ns, Reaching safepoint: 77363 ns, At safepoint: 7015 ns, Total: 84378 ns
[2020-09-11T18:05:24.371+0000][1][safepoint    ] Safepoint "Cleanup", Time since last: 1000114573 ns, Reaching safepoint: 90710 ns, At safepoint: 21053 ns, Total: 111763 ns
[2020-09-11T18:05:25.371+0000][1][safepoint    ] Safepoint "Cleanup", Time since last: 1000124618 ns, Reaching safepoint: 81436 ns, At safepoint: 9640 ns, Total: 91076 ns
[2020-09-11T18:05:26.371+0000][1][safepoint    ] Safepoint "Cleanup", Time since last: 1000118263 ns, Reaching safepoint: 90048 ns, At safepoint: 9344 ns, Total: 99392 ns
[2020-09-11T18:05:26.386+0000][1][safepoint    ] Safepoint "RevokeBias", Time since last: 15243315 ns, Reaching safepoint: 90931 ns, At safepoint: 24786 ns, Total: 115717 ns
[2020-09-11T18:05:26.398+0000][1][safepoint    ] Safepoint "RevokeBias", Time since last: 11863056 ns, Reaching safepoint: 90378 ns, At safepoint: 26401 ns, Total: 116779 ns
[2020-09-11T18:05:27.399+0000][1][safepoint    ] Safepoint "Cleanup", Time since last: 1000115434 ns, Reaching safepoint: 86842 ns, At safepoint: 9678 ns, Total: 96520 ns
[2020-09-11T18:05:28.258+0000][1][safepoint    ] Safepoint "RevokeBias", Time since last: 858941022 ns, Reaching safepoint: 175560 ns, At safepoint: 25317 ns, Total: 200877 ns
[2020-09-11T18:05:29.258+0000][1][safepoint    ] Safepoint "Cleanup", Time since last: 1000110991 ns, Reaching safepoint: 84514 ns, At safepoint: 8782 ns, Total: 93296 ns
[2020-09-11T18:05:30.258+0000][1][safepoint    ] Safepoint "Cleanup", Time since last: 1000109358 ns, Reaching safepoint: 91229 ns, At safepoint: 7662 ns, Total: 98891 ns
[2020-09-11T18:05:31.258+0000][1][safepoint    ] Safepoint "Cleanup", Time since last: 1000112799 ns, Reaching safepoint: 87687 ns, At safepoint: 7252 ns, Total: 94939 ns
[2020-09-11T18:05:31.425+0000][1][safepoint    ] Safepoint "RevokeBias", Time since last: 166062245 ns, Reaching safepoint: 421723 ns, At safepoint: 339151 ns, Total: 760874 ns
[2020-09-11T18:05:31.435+0000][1][safepoint    ] Safepoint "RevokeBias", Time since last: 10023216 ns, Reaching safepoint: 96189 ns, At safepoint: 25965 ns, Total: 122154 ns
[2020-09-11T18:05:32.436+0000][1][safepoint    ] Safepoint "Cleanup", Time since last: 1000110175 ns, Reaching safepoint: 80828 ns, At safepoint: 22661 ns, Total: 103489 ns
[2020-09-11T18:05:33.436+0000][1][safepoint    ] Safepoint "Cleanup", Time since last: 1000113207 ns, Reaching safepoint: 81630 ns, At safepoint: 10428 ns, Total: 92058 ns
[2020-09-11T18:05:33.625+0000][1][safepoint    ] Safepoint "RevokeBias", Time since last: 188945125 ns, Reaching safepoint: 388193 ns, At safepoint: 32529 ns, Total: 420722 ns
[2020-09-11T18:05:34.019+0000][1][gc,start     ] GC(107) Pause Young (Allocation Failure)
[2020-09-11T18:05:34.019+0000][1][gc,task      ] GC(107) Using 1 workers of 1 for evacuation
[2020-09-11T18:05:34.065+0000][1][gc,age       ] GC(107) Desired survivor size 4358144 bytes, new threshold 6 (max threshold 6)
[2020-09-11T18:05:34.065+0000][1][gc,age       ] GC(107) Age table with threshold 6 (max threshold 6)
[2020-09-11T18:05:34.065+0000][1][gc,age       ] GC(107) - age   1:     463616 bytes,     463616 total
[2020-09-11T18:05:34.065+0000][1][gc,age       ] GC(107) - age   2:      57944 bytes,     521560 total
[2020-09-11T18:05:34.065+0000][1][gc,age       ] GC(107) - age   3:      62464 bytes,     584024 total
[2020-09-11T18:05:34.066+0000][1][gc,age       ] GC(107) - age   4:      38424 bytes,     622448 total
[2020-09-11T18:05:34.066+0000][1][gc,age       ] GC(107) - age   5:       7560 bytes,     630008 total
[2020-09-11T18:05:34.066+0000][1][gc,age       ] GC(107) - age   6:      86432 bytes,     716440 total
[2020-09-11T18:05:34.066+0000][1][gc,heap      ] GC(107) ParNew: 68926K->993K(76672K)
[2020-09-11T18:05:34.066+0000][1][gc,heap      ] GC(107) CMS: 141474K->141493K(2011968K)
[2020-09-11T18:05:34.066+0000][1][gc,metaspace ] GC(107) Metaspace: 93655K->93655K(1136640K)
[2020-09-11T18:05:34.066+0000][1][gc           ] GC(107) Pause Young (Allocation Failure) 205M->139M(2039M) 47.040ms
[2020-09-11T18:05:34.066+0000][1][gc,cpu       ] GC(107) User=0.02s Sys=0.01s Real=0.05s
[2020-09-11T18:05:34.097+0000][1][safepoint    ] Safepoint "GenCollectForAllocation", Time since last: 393875592 ns, Reaching safepoint: 116339 ns, At safepoint: 77676270 ns, Total: 77792609 ns
[2020-09-11T18:05:35.121+0000][1][safepoint    ] Safepoint "Cleanup", Time since last: 1024124030 ns, Reaching safepoint: 174484 ns, At safepoint: 7125 ns, Total: 181609 ns
[2020-09-11T18:05:36.129+0000][1][safepoint    ] Safepoint "Cleanup", Time since last: 1002112233 ns, Reaching safepoint: 5619971 ns, At safepoint: 9671 ns, Total: 5629642 ns
[2020-09-11T18:05:36.453+0000][1][safepoint    ] Safepoint "RevokeBias", Time since last: 324211826 ns, Reaching safepoint: 168803 ns, At safepoint: 29110 ns, Total: 197913 ns
[2020-09-11T18:05:36.469+0000][1][safepoint    ] Safepoint "RevokeBias", Time since last: 6881496 ns, Reaching safepoint: 8726053 ns, At safepoint: 34303 ns, Total: 8760356 ns
[2020-09-11T18:05:37.472+0000][1][safepoint    ] Safepoint "Cleanup", Time since last: 1003350497 ns, Reaching safepoint: 99244 ns, At safepoint: 5563 ns, Total: 104807 ns
[2020-09-11T18:05:38.473+0000][1][safepoint    ] Safepoint "Cleanup", Time since last: 1000117865 ns, Reaching safepoint: 84656 ns, At safepoint: 7170 ns, Total: 91826 ns
[2020-09-11T18:05:39.277+0000][1][safepoint    ] Safepoint "RevokeBias", Time since last: 804232848 ns, Reaching safepoint: 96709 ns, At safepoint: 23044 ns, Total: 119753 ns
[2020-09-11T18:05:40.277+0000][1][safepoint    ] Safepoint "Cleanup", Time since last: 1000108424 ns, Reaching safepoint: 97775 ns, At safepoint: 6784 ns, Total: 104559 ns
[2020-09-11T18:05:40.663+0000][1][gc,start     ] GC(108) Pause Young (Allocation Failure)
[2020-09-11T18:05:40.663+0000][1][gc,task      ] GC(108) Using 1 workers of 1 for evacuation
[2020-09-11T18:05:40.695+0000][1][gc,age       ] GC(108) Desired survivor size 4358144 bytes, new threshold 6 (max threshold 6)
[2020-09-11T18:05:40.695+0000][1][gc,age       ] GC(108) Age table with threshold 6 (max threshold 6)
[2020-09-11T18:05:40.695+0000][1][gc,age       ] GC(108) - age   1:     462368 bytes,     462368 total
[2020-09-11T18:05:40.695+0000][1][gc,age       ] GC(108) - age   2:     393848 bytes,     856216 total
[2020-09-11T18:05:40.695+0000][1][gc,age       ] GC(108) - age   3:      55960 bytes,     912176 total
[2020-09-11T18:05:40.695+0000][1][gc,age       ] GC(108) - age   4:      20784 bytes,     932960 total
[2020-09-11T18:05:40.695+0000][1][gc,age       ] GC(108) - age   5:      36784 bytes,     969744 total
[2020-09-11T18:05:40.695+0000][1][gc,age       ] GC(108) - age   6:       7560 bytes,     977304 total
[2020-09-11T18:05:40.695+0000][1][gc,heap      ] GC(108) ParNew: 69153K->1297K(76672K)
[2020-09-11T18:05:40.695+0000][1][gc,heap      ] GC(108) CMS: 141493K->141577K(2011968K)
[2020-09-11T18:05:40.695+0000][1][gc,metaspace ] GC(108) Metaspace: 93702K->93702K(1136640K)
[2020-09-11T18:05:40.695+0000][1][gc           ] GC(108) Pause Young (Allocation Failure) 205M->139M(2039M) 32.349ms
[2020-09-11T18:05:40.695+0000][1][gc,cpu       ] GC(108) User=0.01s Sys=0.00s Real=0.03s
[2020-09-11T18:05:40.695+0000][1][safepoint    ] Safepoint "GenCollectForAllocation", Time since last: 385239706 ns, Reaching safepoint: 171795 ns, At safepoint: 32473033 ns, Total: 32644828 ns
[2020-09-11T18:05:41.483+0000][1][safepoint    ] Safepoint "RevokeBias", Time since last: 787656918 ns, Reaching safepoint: 236277 ns, At safepoint: 388937 ns, Total: 625214 ns
[2020-09-11T18:05:41.489+0000][1][safepoint    ] Safepoint "RevokeBias", Time since last: 5253342 ns, Reaching safepoint: 88833 ns, At safepoint: 25078 ns, Total: 113911 ns
[2020-09-11T18:05:42.115+0000][1][safepoint    ] Safepoint "RevokeBias", Time since last: 625859062 ns, Reaching safepoint: 297044 ns, At safepoint: 23729 ns, Total: 320773 ns
[2020-09-11T18:05:42.226+0000][1][safepoint    ] Safepoint "RevokeBias", Time since last: 110821839 ns, Reaching safepoint: 209525 ns, At safepoint: 19435 ns, Total: 228960 ns
[2020-09-11T18:05:42.232+0000][1][safepoint    ] Safepoint "RevokeBias", Time since last: 6237394 ns, Reaching safepoint: 187073 ns, At safepoint: 18707 ns, Total: 205780 ns
[2020-09-11T18:05:43.095+0000][1][safepoint    ] Safepoint "RevokeBias", Time since last: 862133296 ns, Reaching safepoint: 151019 ns, At safepoint: 22527 ns, Total: 173546 ns
[2020-09-11T18:05:43.099+0000][1][safepoint    ] Safepoint "BulkRevokeBias", Time since last: 3944728 ns, Reaching safepoint: 145579 ns, At safepoint: 197088 ns, Total: 342667 ns
[2020-09-11T18:05:43.099+0000][1][safepoint    ] Safepoint "RevokeBias", Time since last: 135989 ns, Reaching safepoint: 116102 ns, At safepoint: 13317 ns, Total: 129419 ns
[2020-09-11T18:05:43.099+0000][1][safepoint    ] Safepoint "RevokeBias", Time since last: 53068 ns, Reaching safepoint: 98278 ns, At safepoint: 10919 ns, Total: 109197 ns
[2020-09-11T18:05:43.127+0000][1][safepoint    ] Safepoint "RevokeBias", Time since last: 27258932 ns, Reaching safepoint: 148994 ns, At safepoint: 18972 ns, Total: 167966 ns
[2020-09-11T18:05:43.206+0000][1][safepoint    ] Safepoint "RevokeBias", Time since last: 78681144 ns, Reaching safepoint: 146613 ns, At safepoint: 16405 ns, Total: 163018 ns
[2020-09-11T18:05:43.206+0000][1][safepoint    ] Safepoint "RevokeBias", Time since last: 101738 ns, Reaching safepoint: 96965 ns, At safepoint: 12292 ns, Total: 109257 ns
[2020-09-11T18:05:43.484+0000][1][safepoint    ] Safepoint "RevokeBias", Time since last: 277497732 ns, Reaching safepoint: 238183 ns, At safepoint: 20064 ns, Total: 258247 ns
[2020-09-11T18:05:43.484+0000][1][safepoint    ] Safepoint "RevokeBias", Time since last: 107003 ns, Reaching safepoint: 138231 ns, At safepoint: 15245 ns, Total: 153476 ns
[2020-09-11T18:05:43.484+0000][1][safepoint    ] Safepoint "RevokeBias", Time since last: 45739 ns, Reaching safepoint: 134588 ns, At safepoint: 13022 ns, Total: 147610 ns
[2020-09-11T18:05:44.485+0000][1][safepoint    ] Safepoint "Cleanup", Time since last: 1000719455 ns, Reaching safepoint: 114684 ns, At safepoint: 7930 ns, Total: 122614 ns
[2020-09-11T18:05:46.485+0000][1][safepoint    ] Safepoint "Cleanup", Time since last: 2000185729 ns, Reaching safepoint: 96121 ns, At safepoint: 7997 ns, Total: 104118 ns
[2020-09-11T18:05:46.524+0000][1][safepoint    ] Safepoint "RevokeBias", Time since last: 38790866 ns, Reaching safepoint: 87125 ns, At safepoint: 21730 ns, Total: 108855 ns
[2020-09-11T18:05:46.530+0000][1][safepoint    ] Safepoint "RevokeBias", Time since last: 4977356 ns, Reaching safepoint: 238175 ns, At safepoint: 291022 ns, Total: 529197 ns
[2020-09-11T18:05:47.530+0000][1][safepoint    ] Safepoint "Cleanup", Time since last: 1000112305 ns, Reaching safepoint: 90731 ns, At safepoint: 7039 ns, Total: 97770 ns
[2020-09-11T18:05:48.530+0000][1][safepoint    ] Safepoint "Cleanup", Time since last: 1000111475 ns, Reaching safepoint: 103548 ns, At safepoint: 8938 ns, Total: 112486 ns
[2020-09-11T18:05:48.681+0000][1][safepoint    ] Safepoint "RevokeBias", Time since last: 146766825 ns, Reaching safepoint: 4148353 ns, At safepoint: 167091 ns, Total: 4315444 ns
[2020-09-11T18:05:48.729+0000][1][gc,start     ] GC(109) Pause Young (Allocation Failure)
[2020-09-11T18:05:48.729+0000][1][gc,task      ] GC(109) Using 1 workers of 1 for evacuation
[2020-09-11T18:05:48.781+0000][1][gc,age       ] GC(109) Desired survivor size 4358144 bytes, new threshold 6 (max threshold 6)
[2020-09-11T18:05:48.781+0000][1][gc,age       ] GC(109) Age table with threshold 6 (max threshold 6)
[2020-09-11T18:05:48.781+0000][1][gc,age       ] GC(109) - age   1:     590264 bytes,     590264 total
[2020-09-11T18:05:48.781+0000][1][gc,age       ] GC(109) - age   2:     331976 bytes,     922240 total
[2020-09-11T18:05:48.781+0000][1][gc,age       ] GC(109) - age   3:     284432 bytes,    1206672 total
[2020-09-11T18:05:48.781+0000][1][gc,age       ] GC(109) - age   4:      54144 bytes,    1260816 total
[2020-09-11T18:05:48.781+0000][1][gc,age       ] GC(109) - age   5:      20512 bytes,    1281328 total
[2020-09-11T18:05:48.781+0000][1][gc,age       ] GC(109) - age   6:      10840 bytes,    1292168 total
[2020-09-11T18:05:48.781+0000][1][gc,heap      ] GC(109) ParNew: 69457K->1756K(76672K)
[2020-09-11T18:05:48.781+0000][1][gc,heap      ] GC(109) CMS: 141577K->141584K(2011968K)
[2020-09-11T18:05:48.781+0000][1][gc,metaspace ] GC(109) Metaspace: 93906K->93906K(1136640K)
[2020-09-11T18:05:48.787+0000][1][gc           ] GC(109) Pause Young (Allocation Failure) 206M->139M(2039M) 57.847ms
[2020-09-11T18:05:48.787+0000][1][gc,cpu       ] GC(109) User=0.02s Sys=0.00s Real=0.06s
[2020-09-11T18:05:48.788+0000][1][safepoint    ] Safepoint "GenCollectForAllocation", Time since last: 47680117 ns, Reaching safepoint: 210823 ns, At safepoint: 59212837 ns, Total: 59423660 ns
[2020-09-11T18:05:48.935+0000][1][safepoint    ] Safepoint "RevokeBias", Time since last: 133539406 ns, Reaching safepoint: 379755 ns, At safepoint: 12975655 ns, Total: 13355410 ns
[2020-09-11T18:05:49.012+0000][1][safepoint    ] Safepoint "RevokeBias", Time since last: 76667038 ns, Reaching safepoint: 156171 ns, At safepoint: 21520 ns, Total: 177691 ns
[2020-09-11T18:05:49.027+0000][1][safepoint    ] Safepoint "RevokeBias", Time since last: 15043594 ns, Reaching safepoint: 156853 ns, At safepoint: 22989 ns, Total: 179842 ns
[2020-09-11T18:05:49.199+0000][1][safepoint    ] Safepoint "RevokeBias", Time since last: 171772837 ns, Reaching safepoint: 175950 ns, At safepoint: 23742 ns, Total: 199692 ns
[2020-09-11T18:05:50.229+0000][1][safepoint    ] Safepoint "Cleanup", Time since last: 1029628869 ns, Reaching safepoint: 92155 ns, At safepoint: 7746 ns, Total: 99901 ns
[2020-09-11T18:05:50.301+0000][1][safepoint    ] Safepoint "RevokeBias", Time since last: 72164266 ns, Reaching safepoint: 92884 ns, At safepoint: 22308 ns, Total: 115192 ns
[2020-09-11T18:05:51.301+0000][1][safepoint    ] Safepoint "Cleanup", Time since last: 1000122834 ns, Reaching safepoint: 101074 ns, At safepoint: 10835 ns, Total: 111909 ns
[2020-09-11T18:05:51.552+0000][1][safepoint    ] Safepoint "RevokeBias", Time since last: 250277395 ns, Reaching safepoint: 240910 ns, At safepoint: 344793 ns, Total: 585703 ns
[2020-09-11T18:05:51.558+0000][1][safepoint    ] Safepoint "RevokeBias", Time since last: 5428596 ns, Reaching safepoint: 91316 ns, At safepoint: 26730 ns, Total: 118046 ns
[2020-09-11T18:05:52.558+0000][1][safepoint    ] Safepoint "Cleanup", Time since last: 1000114186 ns, Reaching safepoint: 93224 ns, At safepoint: 8915 ns, Total: 102139 ns
[2020-09-11T18:05:53.558+0000][1][safepoint    ] Safepoint "Cleanup", Time since last: 1000110124 ns, Reaching safepoint: 82081 ns, At safepoint: 8532 ns, Total: 90613 ns
[2020-09-11T18:05:54.558+0000][1][safepoint    ] Safepoint "Cleanup", Time since last: 1000112461 ns, Reaching safepoint: 96586 ns, At safepoint: 10011 ns, Total: 106597 ns
[2020-09-11T18:05:55.559+0000][1][safepoint    ] Safepoint "Cleanup", Time since last: 1000113116 ns, Reaching safepoint: 89277 ns, At safepoint: 7010 ns, Total: 96287 ns
[2020-09-11T18:05:56.561+0000][1][safepoint    ] Safepoint "Cleanup", Time since last: 1002128207 ns, Reaching safepoint: 120022 ns, At safepoint: 7315 ns, Total: 127337 ns
[2020-09-11T18:05:56.577+0000][1][safepoint    ] Safepoint "RevokeBias", Time since last: 16141135 ns, Reaching safepoint: 127772 ns, At safepoint: 25782 ns, Total: 153554 ns
[2020-09-11T18:05:56.586+0000][1][safepoint    ] Safepoint "RevokeBias", Time since last: 8534123 ns, Reaching safepoint: 112475 ns, At safepoint: 24417 ns, Total: 136892 ns
[2020-09-11T18:05:57.586+0000][1][safepoint    ] Safepoint "Cleanup", Time since last: 1000111561 ns, Reaching safepoint: 94512 ns, At safepoint: 9583 ns, Total: 104095 ns
[2020-09-11T18:05:58.589+0000][1][safepoint    ] Safepoint "Cleanup", Time since last: 1001796196 ns, Reaching safepoint: 751787 ns, At safepoint: 8150 ns, Total: 759937 ns
[2020-09-11T18:05:59.589+0000][1][safepoint    ] Safepoint "Cleanup", Time since last: 1000124926 ns, Reaching safepoint: 86362 ns, At safepoint: 6909 ns, Total: 93271 ns
[2020-09-11T18:06:00.589+0000][1][safepoint    ] Safepoint "Cleanup", Time since last: 1000113913 ns, Reaching safepoint: 82077 ns, At safepoint: 9564 ns, Total: 91641 ns
[2020-09-11T18:06:01.329+0000][1][safepoint    ] Safepoint "RevokeBias", Time since last: 738905871 ns, Reaching safepoint: 238206 ns, At safepoint: 313770 ns, Total: 551976 ns
[2020-09-11T18:06:01.599+0000][1][safepoint    ] Safepoint "RevokeBias", Time since last: 270131927 ns, Reaching safepoint: 239112 ns, At safepoint: 373200 ns, Total: 612312 ns
[2020-09-11T18:06:01.621+0000][1][safepoint    ] Safepoint "RevokeBias", Time since last: 18323163 ns, Reaching safepoint: 3265628 ns, At safepoint: 44323 ns, Total: 3309951 ns
[2020-09-11T18:06:02.621+0000][1][safepoint    ] Safepoint "Cleanup", Time since last: 1000109158 ns, Reaching safepoint: 92005 ns, At safepoint: 9269 ns, Total: 101274 ns
[2020-09-11T18:06:03.621+0000][1][safepoint    ] Safepoint "Cleanup", Time since last: 1000104636 ns, Reaching safepoint: 81886 ns, At safepoint: 7581 ns, Total: 89467 ns
[2020-09-11T18:06:04.329+0000][1][gc,start     ] GC(110) Pause Young (Allocation Failure)
[2020-09-11T18:06:04.329+0000][1][gc,task      ] GC(110) Using 1 workers of 1 for evacuation
[2020-09-11T18:06:04.363+0000][1][gc,age       ] GC(110) Desired survivor size 4358144 bytes, new threshold 6 (max threshold 6)
[2020-09-11T18:06:04.363+0000][1][gc,age       ] GC(110) Age table with threshold 6 (max threshold 6)
[2020-09-11T18:06:04.363+0000][1][gc,age       ] GC(110) - age   1:     300600 bytes,     300600 total
[2020-09-11T18:06:04.363+0000][1][gc,age       ] GC(110) - age   2:     467680 bytes,     768280 total
[2020-09-11T18:06:04.363+0000][1][gc,age       ] GC(110) - age   3:     324184 bytes,    1092464 total
[2020-09-11T18:06:04.363+0000][1][gc,age       ] GC(110) - age   4:     277736 bytes,    1370200 total
[2020-09-11T18:06:04.363+0000][1][gc,age       ] GC(110) - age   5:      50784 bytes,    1420984 total
[2020-09-11T18:06:04.363+0000][1][gc,age       ] GC(110) - age   6:      15472 bytes,    1436456 total
[2020-09-11T18:06:04.363+0000][1][gc,heap      ] GC(110) ParNew: 69916K->2331K(76672K)
[2020-09-11T18:06:04.363+0000][1][gc,heap      ] GC(110) CMS: 141584K->141595K(2011968K)
[2020-09-11T18:06:04.363+0000][1][gc,metaspace ] GC(110) Metaspace: 94322K->94322K(1136640K)
[2020-09-11T18:06:04.363+0000][1][gc           ] GC(110) Pause Young (Allocation Failure) 206M->140M(2039M) 33.772ms
[2020-09-11T18:06:04.363+0000][1][gc,cpu       ] GC(110) User=0.02s Sys=0.00s Real=0.04s
[2020-09-11T18:06:04.363+0000][1][safepoint    ] Safepoint "GenCollectForAllocation", Time since last: 707480855 ns, Reaching safepoint: 166658 ns, At safepoint: 33843541 ns, Total: 34010199 ns
[2020-09-11T18:06:05.369+0000][1][safepoint    ] Safepoint "Cleanup", Time since last: 1006175214 ns, Reaching safepoint: 79440 ns, At safepoint: 20852 ns, Total: 100292 ns
[2020-09-11T18:06:06.373+0000][1][safepoint    ] Safepoint "Cleanup", Time since last: 1003707762 ns, Reaching safepoint: 85941 ns, At safepoint: 7700 ns, Total: 93641 ns
[2020-09-11T18:06:06.631+0000][1][safepoint    ] Safepoint "RevokeBias", Time since last: 258470098 ns, Reaching safepoint: 81692 ns, At safepoint: 22064 ns, Total: 103756 ns
[2020-09-11T18:06:06.638+0000][1][safepoint    ] Safepoint "RevokeBias", Time since last: 6504900 ns, Reaching safepoint: 102668 ns, At safepoint: 23708 ns, Total: 126376 ns
[2020-09-11T18:06:07.641+0000][1][safepoint    ] Safepoint "Cleanup", Time since last: 1002748473 ns, Reaching safepoint: 165911 ns, At safepoint: 7540 ns, Total: 173451 ns
[2020-09-11T18:06:07.989+0000][1][safepoint    ] Safepoint "RevokeBias", Time since last: 347796230 ns, Reaching safepoint: 246107 ns, At safepoint: 12978 ns, Total: 259085 ns
[2020-09-11T18:06:07.990+0000][1][safepoint    ] Safepoint "RevokeBias", Time since last: 625473 ns, Reaching safepoint: 109087 ns, At safepoint: 8700 ns, Total: 117787 ns
[2020-09-11T18:06:08.990+0000][1][safepoint    ] Safepoint "Cleanup", Time since last: 1000091466 ns, Reaching safepoint: 92742 ns, At safepoint: 8445 ns, Total: 101187 ns
[2020-09-11T18:06:09.990+0000][1][safepoint    ] Safepoint "Cleanup", Time since last: 1000111109 ns, Reaching safepoint: 89879 ns, At safepoint: 9314 ns, Total: 99193 ns
[2020-09-11T18:06:10.990+0000][1][safepoint    ] Safepoint "Cleanup", Time since last: 1000113056 ns, Reaching safepoint: 98340 ns, At safepoint: 9682 ns, Total: 108022 ns
[2020-09-11T18:06:11.661+0000][1][safepoint    ] Safepoint "BulkRevokeBias", Time since last: 670533320 ns, Reaching safepoint: 161235 ns, At safepoint: 235086 ns, Total: 396321 ns
[2020-09-11T18:06:11.669+0000][1][safepoint    ] Safepoint "RevokeBias", Time since last: 6752292 ns, Reaching safepoint: 760696 ns, At safepoint: 22810 ns, Total: 783506 ns
[2020-09-11T18:06:12.347+0000][1][safepoint    ] Safepoint "RevokeBias", Time since last: 677061799 ns, Reaching safepoint: 242820 ns, At safepoint: 347832 ns, Total: 590652 ns
[2020-09-11T18:06:13.347+0000][1][safepoint    ] Safepoint "Cleanup", Time since last: 1000116597 ns, Reaching safepoint: 78930 ns, At safepoint: 6944 ns, Total: 85874 ns
[2020-09-11T18:06:14.347+0000][1][safepoint    ] Safepoint "Cleanup", Time since last: 1000115867 ns, Reaching safepoint: 81283 ns, At safepoint: 9669 ns, Total: 90952 ns
[2020-09-11T18:06:15.347+0000][1][safepoint    ] Safepoint "Cleanup", Time since last: 1000113834 ns, Reaching safepoint: 117852 ns, At safepoint: 11197 ns, Total: 129049 ns
[2020-09-11T18:06:16.026+0000][1][safepoint    ] Safepoint "RevokeBias", Time since last: 675179195 ns, Reaching safepoint: 3769745 ns, At safepoint: 44516 ns, Total: 3814261 ns
[2020-09-11T18:06:16.101+0000][1][safepoint    ] Safepoint "RevokeBias", Time since last: 73673571 ns, Reaching safepoint: 1056222 ns, At safepoint: 18935 ns, Total: 1075157 ns
[2020-09-11T18:06:16.145+0000][1][safepoint    ] Safepoint "RevokeBias", Time since last: 41581160 ns, Reaching safepoint: 2423441 ns, At safepoint: 25052 ns, Total: 2448493 ns
[2020-09-11T18:06:16.169+0000][1][safepoint    ] Safepoint "RevokeBias", Time since last: 20883420 ns, Reaching safepoint: 3031714 ns, At safepoint: 24284 ns, Total: 3055998 ns
[2020-09-11T18:06:16.262+0000][1][safepoint    ] Safepoint "RevokeBias", Time since last: 93261294 ns, Reaching safepoint: 172744 ns, At safepoint: 22322 ns, Total: 195066 ns
[2020-09-11T18:06:16.683+0000][1][safepoint    ] Safepoint "RevokeBias", Time since last: 420768107 ns, Reaching safepoint: 212817 ns, At safepoint: 33771 ns, Total: 246588 ns
[2020-09-11T18:06:16.689+0000][1][safepoint    ] Safepoint "RevokeBias", Time since last: 5422387 ns, Reaching safepoint: 251985 ns, At safepoint: 306201 ns, Total: 558186 ns
[2020-09-11T18:06:17.690+0000][1][safepoint    ] Safepoint "Cleanup", Time since last: 1000109056 ns, Reaching safepoint: 80466 ns, At safepoint: 6282 ns, Total: 86748 ns
[2020-09-11T18:06:18.695+0000][1][safepoint    ] Safepoint "Cleanup", Time since last: 1005095046 ns, Reaching safepoint: 93457 ns, At safepoint: 7374 ns, Total: 100831 ns
[2020-09-11T18:06:19.695+0000][1][safepoint    ] Safepoint "Cleanup", Time since last: 1000106424 ns, Reaching safepoint: 81877 ns, At safepoint: 8654 ns, Total: 90531 ns
[2020-09-11T18:06:20.668+0000][1][gc,start     ] GC(111) Pause Young (Allocation Failure)
[2020-09-11T18:06:20.668+0000][1][gc,task      ] GC(111) Using 1 workers of 1 for evacuation
[2020-09-11T18:06:20.703+0000][1][gc,age       ] GC(111) Desired survivor size 4358144 bytes, new threshold 6 (max threshold 6)
[2020-09-11T18:06:20.703+0000][1][gc,age       ] GC(111) Age table with threshold 6 (max threshold 6)
[2020-09-11T18:06:20.703+0000][1][gc,age       ] GC(111) - age   1:     586200 bytes,     586200 total
[2020-09-11T18:06:20.703+0000][1][gc,age       ] GC(111) - age   2:     110384 bytes,     696584 total
[2020-09-11T18:06:20.703+0000][1][gc,age       ] GC(111) - age   3:     465560 bytes,    1162144 total
[2020-09-11T18:06:20.703+0000][1][gc,age       ] GC(111) - age   4:     323416 bytes,    1485560 total
[2020-09-11T18:06:20.703+0000][1][gc,age       ] GC(111) - age   5:      52952 bytes,    1538512 total
[2020-09-11T18:06:20.703+0000][1][gc,age       ] GC(111) - age   6:       7672 bytes,    1546184 total
[2020-09-11T18:06:20.703+0000][1][gc,heap      ] GC(111) ParNew: 70467K->2687K(76672K)
[2020-09-11T18:06:20.703+0000][1][gc,heap      ] GC(111) CMS: 141595K->141610K(2011968K)
[2020-09-11T18:06:20.703+0000][1][gc,metaspace ] GC(111) Metaspace: 94709K->94709K(1136640K)
[2020-09-11T18:06:20.703+0000][1][gc           ] GC(111) Pause Young (Allocation Failure) 207M->140M(2039M) 34.838ms
[2020-09-11T18:06:20.703+0000][1][gc,cpu       ] GC(111) User=0.01s Sys=0.00s Real=0.04s
[2020-09-11T18:06:20.703+0000][1][safepoint    ] Safepoint "GenCollectForAllocation", Time since last: 969847115 ns, Reaching safepoint: 3245830 ns, At safepoint: 35108059 ns, Total: 38353889 ns
[2020-09-11T18:06:21.709+0000][1][safepoint    ] Safepoint "RevokeBias", Time since last: 1005635325 ns, Reaching safepoint: 91945 ns, At safepoint: 26966 ns, Total: 118911 ns
[2020-09-11T18:06:21.724+0000][1][safepoint    ] Safepoint "RevokeBias", Time since last: 14944615 ns, Reaching safepoint: 81248 ns, At safepoint: 23579 ns, Total: 104827 ns
[2020-09-11T18:06:22.724+0000][1][safepoint    ] Safepoint "Cleanup", Time since last: 1000111660 ns, Reaching safepoint: 89891 ns, At safepoint: 9559 ns, Total: 99450 ns
[2020-09-11T18:06:23.363+0000][1][safepoint    ] Safepoint "RevokeBias", Time since last: 639054176 ns, Reaching safepoint: 174335 ns, At safepoint: 27051 ns, Total: 201386 ns
[2020-09-11T18:06:24.364+0000][1][safepoint    ] Safepoint "Cleanup", Time since last: 1000115684 ns, Reaching safepoint: 90254 ns, At safepoint: 10290 ns, Total: 100544 ns
[2020-09-11T18:06:25.364+0000][1][safepoint    ] Safepoint "Cleanup", Time since last: 1000113454 ns, Reaching safepoint: 89238 ns, At safepoint: 10075 ns, Total: 99313 ns
[2020-09-11T18:06:26.364+0000][1][safepoint    ] Safepoint "Cleanup", Time since last: 1000131471 ns, Reaching safepoint: 90695 ns, At safepoint: 10791 ns, Total: 101486 ns
[2020-09-11T18:06:26.731+0000][1][safepoint    ] Safepoint "RevokeBias", Time since last: 367094928 ns, Reaching safepoint: 91598 ns, At safepoint: 22314 ns, Total: 113912 ns
[2020-09-11T18:06:26.742+0000][1][safepoint    ] Safepoint "RevokeBias", Time since last: 10929252 ns, Reaching safepoint: 187883 ns, At safepoint: 27295 ns, Total: 215178 ns
[2020-09-11T18:06:27.743+0000][1][safepoint    ] Safepoint "Cleanup", Time since last: 1000109809 ns, Reaching safepoint: 88960 ns, At safepoint: 8950 ns, Total: 97910 ns
[2020-09-11T18:06:28.743+0000][1][safepoint    ] Safepoint "Cleanup", Time since last: 1000116466 ns, Reaching safepoint: 157269 ns, At safepoint: 7249 ns, Total: 164518 ns
[2020-09-11T18:06:29.743+0000][1][safepoint    ] Safepoint "Cleanup", Time since last: 1000108692 ns, Reaching safepoint: 86600 ns, At safepoint: 9618 ns, Total: 96218 ns
[2020-09-11T18:06:30.745+0000][1][safepoint    ] Safepoint "Cleanup", Time since last: 1001854107 ns, Reaching safepoint: 95618 ns, At safepoint: 8299 ns, Total: 103917 ns
[2020-09-11T18:06:31.745+0000][1][safepoint    ] Safepoint "Cleanup", Time since last: 1000104002 ns, Reaching safepoint: 84966 ns, At safepoint: 9898 ns, Total: 94864 ns
[2020-09-11T18:06:31.756+0000][1][safepoint    ] Safepoint "RevokeBias", Time since last: 10280200 ns, Reaching safepoint: 239166 ns, At safepoint: 346562 ns, Total: 585728 ns
[2020-09-11T18:06:31.764+0000][1][safepoint    ] Safepoint "RevokeBias", Time since last: 7373843 ns, Reaching safepoint: 90346 ns, At safepoint: 26110 ns, Total: 116456 ns
[2020-09-11T18:06:34.380+0000][1][safepoint    ] Safepoint "RevokeBias", Time since last: 2615758791 ns, Reaching safepoint: 83949 ns, At safepoint: 35488 ns, Total: 119437 ns
[2020-09-11T18:06:36.783+0000][1][safepoint    ] Safepoint "RevokeBias", Time since last: 2402959809 ns, Reaching safepoint: 206114 ns, At safepoint: 28544 ns, Total: 234658 ns
[2020-09-11T18:06:36.788+0000][1][safepoint    ] Safepoint "RevokeBias", Time since last: 5560531 ns, Reaching safepoint: 87522 ns, At safepoint: 22930 ns, Total: 110452 ns
[2020-09-11T18:06:37.789+0000][1][safepoint    ] Safepoint "Cleanup", Time since last: 1000116035 ns, Reaching safepoint: 88561 ns, At safepoint: 9945 ns, Total: 98506 ns
[2020-09-11T18:06:38.521+0000][1][gc,start     ] GC(112) Pause Young (Allocation Failure)
[2020-09-11T18:06:38.521+0000][1][gc,task      ] GC(112) Using 1 workers of 1 for evacuation
[2020-09-11T18:06:38.552+0000][1][gc,age       ] GC(112) Desired survivor size 4358144 bytes, new threshold 6 (max threshold 6)
[2020-09-11T18:06:38.552+0000][1][gc,age       ] GC(112) Age table with threshold 6 (max threshold 6)
[2020-09-11T18:06:38.552+0000][1][gc,age       ] GC(112) - age   1:     171288 bytes,     171288 total
[2020-09-11T18:06:38.552+0000][1][gc,age       ] GC(112) - age   2:     451688 bytes,     622976 total
[2020-09-11T18:06:38.552+0000][1][gc,age       ] GC(112) - age   3:     102760 bytes,     725736 total
[2020-09-11T18:06:38.552+0000][1][gc,age       ] GC(112) - age   4:     465560 bytes,    1191296 total
[2020-09-11T18:06:38.552+0000][1][gc,age       ] GC(112) - age   5:     323144 bytes,    1514440 total
[2020-09-11T18:06:38.552+0000][1][gc,age       ] GC(112) - age   6:      52920 bytes,    1567360 total
[2020-09-11T18:06:38.552+0000][1][gc,heap      ] GC(112) ParNew: 70847K->1804K(76672K)
[2020-09-11T18:06:38.552+0000][1][gc,heap      ] GC(112) CMS: 141610K->141618K(2011968K)
[2020-09-11T18:06:38.552+0000][1][gc,metaspace ] GC(112) Metaspace: 94772K->94772K(1136640K)
[2020-09-11T18:06:38.552+0000][1][gc           ] GC(112) Pause Young (Allocation Failure) 207M->140M(2039M) 31.446ms
[2020-09-11T18:06:38.552+0000][1][gc,cpu       ] GC(112) User=0.02s Sys=0.00s Real=0.02s
[2020-09-11T18:06:38.553+0000][1][safepoint    ] Safepoint "GenCollectForAllocation", Time since last: 729632932 ns, Reaching safepoint: 2774949 ns, At safepoint: 31518641 ns, Total: 34293590 ns
[2020-09-11T18:06:40.579+0000][1][safepoint    ] Safepoint "Cleanup", Time since last: 2026435025 ns, Reaching safepoint: 90427 ns, At safepoint: 9255 ns, Total: 99682 ns
[2020-09-11T18:06:41.579+0000][1][safepoint    ] Safepoint "Cleanup", Time since last: 1000118122 ns, Reaching safepoint: 109397 ns, At safepoint: 9526 ns, Total: 118923 ns
[2020-09-11T18:06:41.813+0000][1][safepoint    ] Safepoint "RevokeBias", Time since last: 233805735 ns, Reaching safepoint: 91775 ns, At safepoint: 41299 ns, Total: 133074 ns
[2020-09-11T18:06:41.819+0000][1][safepoint    ] Safepoint "RevokeBias", Time since last: 5446467 ns, Reaching safepoint: 226701 ns, At safepoint: 306595 ns, Total: 533296 ns
[2020-09-11T18:06:45.401+0000][1][safepoint    ] Safepoint "RevokeBias", Time since last: 3581108876 ns, Reaching safepoint: 545778 ns, At safepoint: 27323 ns, Total: 573101 ns
[2020-09-11T18:06:46.401+0000][1][safepoint    ] Safepoint "Cleanup", Time since last: 1000113883 ns, Reaching safepoint: 97732 ns, At safepoint: 5691 ns, Total: 103423 ns
[2020-09-11T18:06:46.831+0000][1][safepoint    ] Safepoint "RevokeBias", Time since last: 429394335 ns, Reaching safepoint: 165775 ns, At safepoint: 24141 ns, Total: 189916 ns
[2020-09-11T18:06:46.836+0000][1][safepoint    ] Safepoint "RevokeBias", Time since last: 5058307 ns, Reaching safepoint: 91293 ns, At safepoint: 23164 ns, Total: 114457 ns
[2020-09-11T18:06:47.836+0000][1][safepoint    ] Safepoint "Cleanup", Time since last: 1000115010 ns, Reaching safepoint: 89873 ns, At safepoint: 9077 ns, Total: 98950 ns
[2020-09-11T18:06:49.836+0000][1][safepoint    ] Safepoint "Cleanup", Time since last: 2000188366 ns, Reaching safepoint: 98118 ns, At safepoint: 10609 ns, Total: 108727 ns
[2020-09-11T18:06:50.837+0000][1][safepoint    ] Safepoint "Cleanup", Time since last: 1000113590 ns, Reaching safepoint: 86919 ns, At safepoint: 7176 ns, Total: 94095 ns
[2020-09-11T18:06:51.847+0000][1][safepoint    ] Safepoint "RevokeBias", Time since last: 1010535443 ns, Reaching safepoint: 88273 ns, At safepoint: 22229 ns, Total: 110502 ns
[2020-09-11T18:06:51.857+0000][1][safepoint    ] Safepoint "RevokeBias", Time since last: 6593045 ns, Reaching safepoint: 3031045 ns, At safepoint: 30998 ns, Total: 3062043 ns
[2020-09-11T18:06:52.857+0000][1][safepoint    ] Safepoint "Cleanup", Time since last: 1000111210 ns, Reaching safepoint: 93997 ns, At safepoint: 9638 ns, Total: 103635 ns
[2020-09-11T18:06:54.857+0000][1][safepoint    ] Safepoint "Cleanup", Time since last: 2000178524 ns, Reaching safepoint: 87739 ns, At safepoint: 7349 ns, Total: 95088 ns
[2020-09-11T18:06:55.858+0000][1][safepoint    ] Safepoint "Cleanup", Time since last: 1000114380 ns, Reaching safepoint: 91636 ns, At safepoint: 10770 ns, Total: 102406 ns
[2020-09-11T18:06:56.420+0000][1][safepoint    ] Safepoint "RevokeBias", Time since last: 562611178 ns, Reaching safepoint: 90371 ns, At safepoint: 22980 ns, Total: 113351 ns
[2020-09-11T18:06:56.863+0000][1][safepoint    ] Safepoint "RevokeBias", Time since last: 441758698 ns, Reaching safepoint: 242744 ns, At safepoint: 352320 ns, Total: 595064 ns
[2020-09-11T18:06:56.873+0000][1][safepoint    ] Safepoint "RevokeBias", Time since last: 10301453 ns, Reaching safepoint: 93400 ns, At safepoint: 34230 ns, Total: 127630 ns
[2020-09-11T18:06:57.873+0000][1][safepoint    ] Safepoint "Cleanup", Time since last: 1000136538 ns, Reaching safepoint: 103090 ns, At safepoint: 10646 ns, Total: 113736 ns
[2020-09-11T18:06:58.693+0000][1][gc,start     ] GC(113) Pause Young (Allocation Failure)
[2020-09-11T18:06:58.693+0000][1][gc,task      ] GC(113) Using 1 workers of 1 for evacuation
[2020-09-11T18:06:58.727+0000][1][gc,age       ] GC(113) Desired survivor size 4358144 bytes, new threshold 6 (max threshold 6)
[2020-09-11T18:06:58.727+0000][1][gc,age       ] GC(113) Age table with threshold 6 (max threshold 6)
[2020-09-11T18:06:58.727+0000][1][gc,age       ] GC(113) - age   1:     223816 bytes,     223816 total
[2020-09-11T18:06:58.727+0000][1][gc,age       ] GC(113) - age   2:      76800 bytes,     300616 total
[2020-09-11T18:06:58.727+0000][1][gc,age       ] GC(113) - age   3:     444552 bytes,     745168 total
[2020-09-11T18:06:58.727+0000][1][gc,age       ] GC(113) - age   4:      99096 bytes,     844264 total
[2020-09-11T18:06:58.727+0000][1][gc,age       ] GC(113) - age   5:     435792 bytes,    1280056 total
[2020-09-11T18:06:58.727+0000][1][gc,age       ] GC(113) - age   6:     274352 bytes,    1554408 total
[2020-09-11T18:06:58.727+0000][1][gc,heap      ] GC(113) ParNew: 69964K->2746K(76672K)
[2020-09-11T18:06:58.727+0000][1][gc,heap      ] GC(113) CMS: 141618K->141670K(2011968K)
[2020-09-11T18:06:58.727+0000][1][gc,metaspace ] GC(113) Metaspace: 94813K->94813K(1136640K)
[2020-09-11T18:06:58.727+0000][1][gc           ] GC(113) Pause Young (Allocation Failure) 206M->141M(2039M) 34.146ms
[2020-09-11T18:06:58.727+0000][1][gc,cpu       ] GC(113) User=0.02s Sys=0.00s Real=0.03s
[2020-09-11T18:06:58.727+0000][1][safepoint    ] Safepoint "GenCollectForAllocation", Time since last: 819439627 ns, Reaching safepoint: 210591 ns, At safepoint: 34238868 ns, Total: 34449459 ns
[2020-09-11T18:07:00.737+0000][1][safepoint    ] Safepoint "Cleanup", Time since last: 2009803041 ns, Reaching safepoint: 89046 ns, At safepoint: 9067 ns, Total: 98113 ns
[2020-09-11T18:07:01.883+0000][1][safepoint    ] Safepoint "RevokeBias", Time since last: 1145602828 ns, Reaching safepoint: 87547 ns, At safepoint: 25915 ns, Total: 113462 ns
[2020-09-11T18:07:01.888+0000][1][safepoint    ] Safepoint "RevokeBias", Time since last: 5119219 ns, Reaching safepoint: 95594 ns, At safepoint: 25528 ns, Total: 121122 ns
[2020-09-11T18:07:03.888+0000][1][safepoint    ] Safepoint "Cleanup", Time since last: 2000203305 ns, Reaching safepoint: 99002 ns, At safepoint: 9400 ns, Total: 108402 ns
[2020-09-11T18:07:04.889+0000][1][safepoint    ] Safepoint "Cleanup", Time since last: 1000117982 ns, Reaching safepoint: 91428 ns, At safepoint: 9764 ns, Total: 101192 ns
[2020-09-11T18:07:05.889+0000][1][safepoint    ] Safepoint "Cleanup", Time since last: 1000131193 ns, Reaching safepoint: 92782 ns, At safepoint: 9066 ns, Total: 101848 ns
[2020-09-11T18:07:06.889+0000][1][safepoint    ] Safepoint "Cleanup", Time since last: 1000113082 ns, Reaching safepoint: 90322 ns, At safepoint: 9548 ns, Total: 99870 ns
[2020-09-11T18:07:06.897+0000][1][safepoint    ] Safepoint "RevokeBias", Time since last: 7718324 ns, Reaching safepoint: 85385 ns, At safepoint: 25322 ns, Total: 110707 ns
[2020-09-11T18:07:06.902+0000][1][safepoint    ] Safepoint "RevokeBias", Time since last: 4970358 ns, Reaching safepoint: 93674 ns, At safepoint: 25598 ns, Total: 119272 ns
[2020-09-11T18:07:07.438+0000][1][safepoint    ] Safepoint "RevokeBias", Time since last: 535641686 ns, Reaching safepoint: 87820 ns, At safepoint: 22107 ns, Total: 109927 ns
[2020-09-11T18:07:07.949+0000][1][safepoint    ] Safepoint "RevokeBias", Time since last: 511511400 ns, Reaching safepoint: 165216 ns, At safepoint: 37920 ns, Total: 203136 ns
[2020-09-11T18:07:09.950+0000][1][safepoint    ] Safepoint "Cleanup", Time since last: 2000184425 ns, Reaching safepoint: 89011 ns, At safepoint: 9715 ns, Total: 98726 ns
[2020-09-11T18:07:10.950+0000][1][safepoint    ] Safepoint "Cleanup", Time since last: 1000111421 ns, Reaching safepoint: 91279 ns, At safepoint: 10585 ns, Total: 101864 ns
[2020-09-11T18:07:11.921+0000][1][safepoint    ] Safepoint "RevokeBias", Time since last: 970370902 ns, Reaching safepoint: 175522 ns, At safepoint: 50387 ns, Total: 225909 ns
[2020-09-11T18:07:11.926+0000][1][safepoint    ] Safepoint "RevokeBias", Time since last: 5727880 ns, Reaching safepoint: 85413 ns, At safepoint: 25032 ns, Total: 110445 ns
[2020-09-11T18:07:12.927+0000][1][safepoint    ] Safepoint "Cleanup", Time since last: 1000113339 ns, Reaching safepoint: 91880 ns, At safepoint: 8625 ns, Total: 100505 ns
[2020-09-11T18:07:14.929+0000][1][safepoint    ] Safepoint "Cleanup", Time since last: 2002173337 ns, Reaching safepoint: 168816 ns, At safepoint: 7385 ns, Total: 176201 ns
[2020-09-11T18:07:15.929+0000][1][safepoint    ] Safepoint "Cleanup", Time since last: 1000125478 ns, Reaching safepoint: 90564 ns, At safepoint: 10129 ns, Total: 100693 ns
[2020-09-11T18:07:16.929+0000][1][safepoint    ] Safepoint "Cleanup", Time since last: 1000110183 ns, Reaching safepoint: 103133 ns, At safepoint: 7835 ns, Total: 110968 ns
[2020-09-11T18:07:16.937+0000][1][safepoint    ] Safepoint "BulkRevokeBias", Time since last: 6726707 ns, Reaching safepoint: 243551 ns, At safepoint: 537469 ns, Total: 781020 ns
[2020-09-11T18:07:16.949+0000][1][safepoint    ] Safepoint "RevokeBias", Time since last: 12058885 ns, Reaching safepoint: 174197 ns, At safepoint: 39414 ns, Total: 213611 ns
[2020-09-11T18:07:17.949+0000][1][safepoint    ] Safepoint "Cleanup", Time since last: 1000111232 ns, Reaching safepoint: 93746 ns, At safepoint: 8690 ns, Total: 102436 ns
[2020-09-11T18:07:18.349+0000][1][gc,start     ] GC(114) Pause Young (Allocation Failure)
[2020-09-11T18:07:18.349+0000][1][gc,task      ] GC(114) Using 1 workers of 1 for evacuation
[2020-09-11T18:07:18.396+0000][1][gc,age       ] GC(114) Desired survivor size 4358144 bytes, new threshold 6 (max threshold 6)
[2020-09-11T18:07:18.396+0000][1][gc,age       ] GC(114) Age table with threshold 6 (max threshold 6)
[2020-09-11T18:07:18.396+0000][1][gc,age       ] GC(114) - age   1:     670888 bytes,     670888 total
[2020-09-11T18:07:18.396+0000][1][gc,age       ] GC(114) - age   2:     143864 bytes,     814752 total
[2020-09-11T18:07:18.396+0000][1][gc,age       ] GC(114) - age   3:      72976 bytes,     887728 total
[2020-09-11T18:07:18.396+0000][1][gc,age       ] GC(114) - age   4:     416848 bytes,    1304576 total
[2020-09-11T18:07:18.396+0000][1][gc,age       ] GC(114) - age   5:      95160 bytes,    1399736 total
[2020-09-11T18:07:18.396+0000][1][gc,age       ] GC(114) - age   6:     330016 bytes,    1729752 total
[2020-09-11T18:07:18.396+0000][1][gc,heap      ] GC(114) ParNew: 70906K->1825K(76672K)
[2020-09-11T18:07:18.396+0000][1][gc,heap      ] GC(114) CMS: 141670K->141940K(2011968K)
[2020-09-11T18:07:18.396+0000][1][gc,metaspace ] GC(114) Metaspace: 94918K->94918K(1136640K)
[2020-09-11T18:07:18.396+0000][1][gc           ] GC(114) Pause Young (Allocation Failure) 207M->140M(2039M) 47.407ms
[2020-09-11T18:07:18.396+0000][1][gc,cpu       ] GC(114) User=0.02s Sys=0.00s Real=0.05s
[2020-09-11T18:07:18.399+0000][1][safepoint    ] Safepoint "GenCollectForAllocation", Time since last: 399420690 ns, Reaching safepoint: 186913 ns, At safepoint: 50491139 ns, Total: 50678052 ns
[2020-09-11T18:07:18.463+0000][1][safepoint    ] Safepoint "RevokeBias", Time since last: 63767164 ns, Reaching safepoint: 99348 ns, At safepoint: 26241 ns, Total: 125589 ns
[2020-09-11T18:07:19.266+0000][1][safepoint    ] Safepoint "RevokeBias", Time since last: 802500708 ns, Reaching safepoint: 152833 ns, At safepoint: 24013 ns, Total: 176846 ns
[2020-09-11T18:07:19.267+0000][1][safepoint    ] Safepoint "RevokeBias", Time since last: 811567 ns, Reaching safepoint: 112471 ns, At safepoint: 14180 ns, Total: 126651 ns
[2020-09-11T18:07:19.267+0000][1][safepoint    ] Safepoint "RevokeBias", Time since last: 93081 ns, Reaching safepoint: 105678 ns, At safepoint: 12049 ns, Total: 117727 ns
[2020-09-11T18:07:19.267+0000][1][safepoint    ] Safepoint "RevokeBias", Time since last: 49404 ns, Reaching safepoint: 100067 ns, At safepoint: 11434 ns, Total: 111501 ns
[2020-09-11T18:07:19.282+0000][1][safepoint    ] Safepoint "RevokeBias", Time since last: 14446846 ns, Reaching safepoint: 147892 ns, At safepoint: 22738 ns, Total: 170630 ns
[2020-09-11T18:07:19.310+0000][1][safepoint    ] Safepoint "RevokeBias", Time since last: 27887366 ns, Reaching safepoint: 146429 ns, At safepoint: 19107 ns, Total: 165536 ns
[2020-09-11T18:07:19.350+0000][1][safepoint    ] Safepoint "RevokeBias", Time since last: 39290021 ns, Reaching safepoint: 158316 ns, At safepoint: 22058 ns, Total: 180374 ns
[2020-09-11T18:07:19.351+0000][1][safepoint    ] Safepoint "RevokeBias", Time since last: 1256420 ns, Reaching safepoint: 109066 ns, At safepoint: 14918 ns, Total: 123984 ns
[2020-09-11T18:07:19.351+0000][1][safepoint    ] Safepoint "RevokeBias", Time since last: 78648 ns, Reaching safepoint: 99352 ns, At safepoint: 12345 ns, Total: 111697 ns
[2020-09-11T18:07:19.351+0000][1][safepoint    ] Safepoint "BulkRevokeBias", Time since last: 36657 ns, Reaching safepoint: 96980 ns, At safepoint: 193529 ns, Total: 290509 ns
[2020-09-11T18:07:19.352+0000][1][safepoint    ] Safepoint "RevokeBias", Time since last: 216363 ns, Reaching safepoint: 98107 ns, At safepoint: 12173 ns, Total: 110280 ns
[2020-09-11T18:07:19.353+0000][1][safepoint    ] Safepoint "RevokeBias", Time since last: 593384 ns, Reaching safepoint: 548320 ns, At safepoint: 15343 ns, Total: 563663 ns
[2020-09-11T18:07:20.353+0000][1][safepoint    ] Safepoint "Cleanup", Time since last: 1000085096 ns, Reaching safepoint: 93029 ns, At safepoint: 7761 ns, Total: 100790 ns
[2020-09-11T18:07:21.353+0000][1][safepoint    ] Safepoint "Cleanup", Time since last: 1000105649 ns, Reaching safepoint: 81891 ns, At safepoint: 6058 ns, Total: 87949 ns
[2020-09-11T18:07:21.962+0000][1][safepoint    ] Safepoint "RevokeBias", Time since last: 609097842 ns, Reaching safepoint: 89777 ns, At safepoint: 27762 ns, Total: 117539 ns
[2020-09-11T18:07:21.970+0000][1][safepoint    ] Safepoint "RevokeBias", Time since last: 6926826 ns, Reaching safepoint: 95516 ns, At safepoint: 26439 ns, Total: 121955 ns
[2020-09-11T18:07:26.843+0000][1][safepoint    ] Safepoint "RevokeBias", Time since last: 4873622338 ns, Reaching safepoint: 151636 ns, At safepoint: 21255 ns, Total: 172891 ns
[2020-09-11T18:07:26.978+0000][1][safepoint    ] Safepoint "RevokeBias", Time since last: 134332078 ns, Reaching safepoint: 85978 ns, At safepoint: 22899 ns, Total: 108877 ns
[2020-09-11T18:07:26.991+0000][1][safepoint    ] Safepoint "RevokeBias", Time since last: 12377343 ns, Reaching safepoint: 230404 ns, At safepoint: 279960 ns, Total: 510364 ns
[2020-09-11T18:07:27.001+0000][1][safepoint    ] Safepoint "RevokeBias", Time since last: 10336385 ns, Reaching safepoint: 79331 ns, At safepoint: 22257 ns, Total: 101588 ns
[2020-09-11T18:07:27.034+0000][1][safepoint    ] Safepoint "RevokeBias", Time since last: 33236376 ns, Reaching safepoint: 76756 ns, At safepoint: 20852 ns, Total: 97608 ns
[2020-09-11T18:07:27.070+0000][1][safepoint    ] Safepoint "RevokeBias", Time since last: 35174657 ns, Reaching safepoint: 78020 ns, At safepoint: 23853 ns, Total: 101873 ns
[2020-09-11T18:07:28.070+0000][1][safepoint    ] Safepoint "Cleanup", Time since last: 1000113671 ns, Reaching safepoint: 89854 ns, At safepoint: 7254 ns, Total: 97108 ns
[2020-09-11T18:07:28.565+0000][1][gc,start     ] GC(115) Pause Young (Allocation Failure)
[2020-09-11T18:07:28.565+0000][1][gc,task      ] GC(115) Using 1 workers of 1 for evacuation
[2020-09-11T18:07:28.622+0000][1][gc,age       ] GC(115) Desired survivor size 4358144 bytes, new threshold 6 (max threshold 6)
[2020-09-11T18:07:28.622+0000][1][gc,age       ] GC(115) Age table with threshold 6 (max threshold 6)
[2020-09-11T18:07:28.622+0000][1][gc,age       ] GC(115) - age   1:     561912 bytes,     561912 total
[2020-09-11T18:07:28.622+0000][1][gc,age       ] GC(115) - age   2:     161216 bytes,     723128 total
[2020-09-11T18:07:28.622+0000][1][gc,age       ] GC(115) - age   3:     140288 bytes,     863416 total
[2020-09-11T18:07:28.622+0000][1][gc,age       ] GC(115) - age   4:      72944 bytes,     936360 total
[2020-09-11T18:07:28.622+0000][1][gc,age       ] GC(115) - age   5:     169960 bytes,    1106320 total
[2020-09-11T18:07:28.622+0000][1][gc,age       ] GC(115) - age   6:      92496 bytes,    1198816 total
[2020-09-11T18:07:28.622+0000][1][gc,heap      ] GC(115) ParNew: 69985K->1495K(76672K)
[2020-09-11T18:07:28.622+0000][1][gc,heap      ] GC(115) CMS: 141940K->142262K(2011968K)
[2020-09-11T18:07:28.622+0000][1][gc,metaspace ] GC(115) Metaspace: 94947K->94947K(1136640K)
[2020-09-11T18:07:28.622+0000][1][gc           ] GC(115) Pause Young (Allocation Failure) 206M->140M(2039M) 56.875ms
[2020-09-11T18:07:28.622+0000][1][gc,cpu       ] GC(115) User=0.01s Sys=0.00s Real=0.06s
[2020-09-11T18:07:28.643+0000][1][safepoint    ] Safepoint "GenCollectForAllocation", Time since last: 493356262 ns, Reaching safepoint: 1568272 ns, At safepoint: 77922741 ns, Total: 79491013 ns
[2020-09-11T18:07:29.478+0000][1][safepoint    ] Safepoint "RevokeBias", Time since last: 835192370 ns, Reaching safepoint: 110348 ns, At safepoint: 28355 ns, Total: 138703 ns
[2020-09-11T18:07:31.478+0000][1][safepoint    ] Safepoint "Cleanup", Time since last: 2000191933 ns, Reaching safepoint: 90903 ns, At safepoint: 9085 ns, Total: 99988 ns
[2020-09-11T18:07:31.999+0000][1][safepoint    ] Safepoint "RevokeBias", Time since last: 519681381 ns, Reaching safepoint: 250596 ns, At safepoint: 329795 ns, Total: 580391 ns
[2020-09-11T18:07:32.003+0000][1][safepoint    ] Safepoint "RevokeBias", Time since last: 3999411 ns, Reaching safepoint: 86528 ns, At safepoint: 26038 ns, Total: 112566 ns
[2020-09-11T18:07:34.433+0000][1][safepoint    ] Safepoint "RevokeBias", Time since last: 2429972402 ns, Reaching safepoint: 176890 ns, At safepoint: 24901 ns, Total: 201791 ns
[2020-09-11T18:07:34.671+0000][1][safepoint    ] Safepoint "RevokeBias", Time since last: 238278131 ns, Reaching safepoint: 160662 ns, At safepoint: 22137 ns, Total: 182799 ns
[2020-09-11T18:07:36.672+0000][1][safepoint    ] Safepoint "Cleanup", Time since last: 2000193374 ns, Reaching safepoint: 92758 ns, At safepoint: 10102 ns, Total: 102860 ns
[2020-09-11T18:07:37.011+0000][1][safepoint    ] Safepoint "RevokeBias", Time since last: 338767227 ns, Reaching safepoint: 173361 ns, At safepoint: 26319 ns, Total: 199680 ns
[2020-09-11T18:07:37.015+0000][1][safepoint    ] Safepoint "RevokeBias", Time since last: 4132248 ns, Reaching safepoint: 83765 ns, At safepoint: 25140 ns, Total: 108905 ns
[2020-09-11T18:07:39.015+0000][1][safepoint    ] Safepoint "Cleanup", Time since last: 2000190276 ns, Reaching safepoint: 91380 ns, At safepoint: 9369 ns, Total: 100749 ns
[2020-09-11T18:07:40.510+0000][1][safepoint    ] Safepoint "RevokeBias", Time since last: 1493851947 ns, Reaching safepoint: 707528 ns, At safepoint: 336413 ns, Total: 1043941 ns
[2020-09-11T18:07:40.646+0000][1][safepoint    ] Safepoint "RevokeBias", Time since last: 135623624 ns, Reaching safepoint: 80135 ns, At safepoint: 22070 ns, Total: 102205 ns
[2020-09-11T18:07:40.747+0000][1][safepoint    ] Safepoint "RevokeBias", Time since last: 101384465 ns, Reaching safepoint: 83273 ns, At safepoint: 20911 ns, Total: 104184 ns
[2020-09-11T18:07:42.033+0000][1][safepoint    ] Safepoint "RevokeBias", Time since last: 1284750423 ns, Reaching safepoint: 427824 ns, At safepoint: 372965 ns, Total: 800789 ns
[2020-09-11T18:07:42.043+0000][1][safepoint    ] Safepoint "RevokeBias", Time since last: 10378160 ns, Reaching safepoint: 94685 ns, At safepoint: 25374 ns, Total: 120059 ns
[2020-09-11T18:07:44.746+0000][1][safepoint    ] Safepoint "RevokeBias", Time since last: 2702956664 ns, Reaching safepoint: 77733 ns, At safepoint: 27092 ns, Total: 104825 ns
[2020-09-11T18:07:46.747+0000][1][safepoint    ] Safepoint "Cleanup", Time since last: 2000206319 ns, Reaching safepoint: 103504 ns, At safepoint: 8109 ns, Total: 111613 ns
[2020-09-11T18:07:47.101+0000][1][safepoint    ] Safepoint "RevokeBias", Time since last: 353761234 ns, Reaching safepoint: 182357 ns, At safepoint: 24101 ns, Total: 206458 ns
[2020-09-11T18:07:47.109+0000][1][safepoint    ] Safepoint "RevokeBias", Time since last: 7055267 ns, Reaching safepoint: 356215 ns, At safepoint: 528003 ns, Total: 884218 ns
[2020-09-11T18:07:48.327+0000][1][gc,start     ] GC(116) Pause Young (Allocation Failure)
[2020-09-11T18:07:48.327+0000][1][gc,task      ] GC(116) Using 1 workers of 1 for evacuation
[2020-09-11T18:07:48.362+0000][1][gc,age       ] GC(116) Desired survivor size 4358144 bytes, new threshold 6 (max threshold 6)
[2020-09-11T18:07:48.362+0000][1][gc,age       ] GC(116) Age table with threshold 6 (max threshold 6)
[2020-09-11T18:07:48.362+0000][1][gc,age       ] GC(116) - age   1:     196480 bytes,     196480 total
[2020-09-11T18:07:48.362+0000][1][gc,age       ] GC(116) - age   2:     471632 bytes,     668112 total
[2020-09-11T18:07:48.362+0000][1][gc,age       ] GC(116) - age   3:     153824 bytes,     821936 total
[2020-09-11T18:07:48.362+0000][1][gc,age       ] GC(116) - age   4:      90384 bytes,     912320 total
[2020-09-11T18:07:48.362+0000][1][gc,age       ] GC(116) - age   5:      72944 bytes,     985264 total
[2020-09-11T18:07:48.362+0000][1][gc,age       ] GC(116) - age   6:     141672 bytes,    1126936 total
[2020-09-11T18:07:48.362+0000][1][gc,heap      ] GC(116) ParNew: 69655K->1251K(76672K)
[2020-09-11T18:07:48.362+0000][1][gc,heap      ] GC(116) CMS: 142262K->142354K(2011968K)
[2020-09-11T18:07:48.362+0000][1][gc,metaspace ] GC(116) Metaspace: 94978K->94978K(1136640K)
[2020-09-11T18:07:48.362+0000][1][gc           ] GC(116) Pause Young (Allocation Failure) 206M->140M(2039M) 35.068ms
[2020-09-11T18:07:48.362+0000][1][gc,cpu       ] GC(116) User=0.02s Sys=0.00s Real=0.04s
[2020-09-11T18:07:48.362+0000][1][safepoint    ] Safepoint "GenCollectForAllocation", Time since last: 1217843809 ns, Reaching safepoint: 173305 ns, At safepoint: 35275592 ns, Total: 35448897 ns
[2020-09-11T18:07:49.373+0000][1][safepoint    ] Safepoint "Cleanup", Time since last: 1011077331 ns, Reaching safepoint: 90479 ns, At safepoint: 7406 ns, Total: 97885 ns
[2020-09-11T18:07:50.237+0000][1][safepoint    ] Safepoint "RevokeBias", Time since last: 863440458 ns, Reaching safepoint: 87295 ns, At safepoint: 25933 ns, Total: 113228 ns
[2020-09-11T18:07:51.237+0000][1][safepoint    ] Safepoint "Cleanup", Time since last: 1000114557 ns, Reaching safepoint: 96810 ns, At safepoint: 9896 ns, Total: 106706 ns
[2020-09-11T18:07:51.531+0000][1][safepoint    ] Safepoint "RevokeBias", Time since last: 293993640 ns, Reaching safepoint: 248947 ns, At safepoint: 340358 ns, Total: 589305 ns
[2020-09-11T18:07:52.116+0000][1][safepoint    ] Safepoint "RevokeBias", Time since last: 584216462 ns, Reaching safepoint: 86133 ns, At safepoint: 22302 ns, Total: 108435 ns
[2020-09-11T18:07:52.122+0000][1][safepoint    ] Safepoint "RevokeBias", Time since last: 6375219 ns, Reaching safepoint: 177089 ns, At safepoint: 28885 ns, Total: 205974 ns
[2020-09-11T18:07:54.957+0000][1][safepoint    ] Safepoint "Cleanup", Time since last: 2830414015 ns, Reaching safepoint: 4062009 ns, At safepoint: 28326 ns, Total: 4090335 ns
[2020-09-11T18:07:56.456+0000][1][safepoint    ] Safepoint "Cleanup", Time since last: 1498712877 ns, Reaching safepoint: 132468 ns, At safepoint: 10796 ns, Total: 143264 ns
[2020-09-11T18:07:57.129+0000][1][safepoint    ] Safepoint "RevokeBias", Time since last: 673375934 ns, Reaching safepoint: 89639 ns, At safepoint: 25592 ns, Total: 115231 ns
[2020-09-11T18:07:57.139+0000][1][safepoint    ] Safepoint "RevokeBias", Time since last: 9522784 ns, Reaching safepoint: 101313 ns, At safepoint: 23814 ns, Total: 125127 ns
[2020-09-11T18:07:58.139+0000][1][safepoint    ] Safepoint "Cleanup", Time since last: 1000114724 ns, Reaching safepoint: 92984 ns, At safepoint: 7689 ns, Total: 100673 ns
[2020-09-11T18:07:59.139+0000][1][safepoint    ] Safepoint "Cleanup", Time since last: 1000115833 ns, Reaching safepoint: 84509 ns, At safepoint: 8926 ns, Total: 93435 ns
[2020-09-11T18:08:00.140+0000][1][safepoint    ] Safepoint "Cleanup", Time since last: 1000126065 ns, Reaching safepoint: 88699 ns, At safepoint: 7402 ns, Total: 96101 ns
[2020-09-11T18:08:01.140+0000][1][safepoint    ] Safepoint "Cleanup", Time since last: 1000117452 ns, Reaching safepoint: 108909 ns, At safepoint: 8804 ns, Total: 117713 ns
[2020-09-11T18:08:02.140+0000][1][safepoint    ] Safepoint "Cleanup", Time since last: 1000118850 ns, Reaching safepoint: 88698 ns, At safepoint: 10051 ns, Total: 98749 ns
[2020-09-11T18:08:02.186+0000][1][safepoint    ] Safepoint "RevokeBias", Time since last: 46286668 ns, Reaching safepoint: 87215 ns, At safepoint: 27481 ns, Total: 114696 ns
[2020-09-11T18:08:02.196+0000][1][safepoint    ] Safepoint "RevokeBias", Time since last: 9451040 ns, Reaching safepoint: 93317 ns, At safepoint: 26957 ns, Total: 120274 ns
[2020-09-11T18:08:02.570+0000][1][safepoint    ] Safepoint "RevokeBias", Time since last: 372771950 ns, Reaching safepoint: 314870 ns, At safepoint: 476756 ns, Total: 791626 ns
[2020-09-11T18:08:03.570+0000][1][safepoint    ] Safepoint "Cleanup", Time since last: 1000118488 ns, Reaching safepoint: 91200 ns, At safepoint: 11098 ns, Total: 102298 ns
[2020-09-11T18:08:04.570+0000][1][safepoint    ] Safepoint "Cleanup", Time since last: 1000115519 ns, Reaching safepoint: 85991 ns, At safepoint: 9266 ns, Total: 95257 ns
[2020-09-11T18:08:05.570+0000][1][safepoint    ] Safepoint "Cleanup", Time since last: 1000114456 ns, Reaching safepoint: 81851 ns, At safepoint: 8025 ns, Total: 89876 ns
[2020-09-11T18:08:06.570+0000][1][safepoint    ] Safepoint "Cleanup", Time since last: 1000110554 ns, Reaching safepoint: 90190 ns, At safepoint: 8923 ns, Total: 99113 ns
[2020-09-11T18:08:07.203+0000][1][safepoint    ] Safepoint "RevokeBias", Time since last: 632271108 ns, Reaching safepoint: 172253 ns, At safepoint: 28949 ns, Total: 201202 ns
[2020-09-11T18:08:07.211+0000][1][safepoint    ] Safepoint "RevokeBias", Time since last: 7226358 ns, Reaching safepoint: 262589 ns, At safepoint: 385470 ns, Total: 648059 ns
[2020-09-11T18:08:08.211+0000][1][safepoint    ] Safepoint "Cleanup", Time since last: 1000116426 ns, Reaching safepoint: 87809 ns, At safepoint: 9431 ns, Total: 97240 ns
[2020-09-11T18:08:08.517+0000][1][gc,start     ] GC(117) Pause Young (Allocation Failure)
[2020-09-11T18:08:08.517+0000][1][gc,task      ] GC(117) Using 1 workers of 1 for evacuation
[2020-09-11T18:08:08.550+0000][1][gc,age       ] GC(117) Desired survivor size 4358144 bytes, new threshold 6 (max threshold 6)
[2020-09-11T18:08:08.550+0000][1][gc,age       ] GC(117) Age table with threshold 6 (max threshold 6)
[2020-09-11T18:08:08.550+0000][1][gc,age       ] GC(117) - age   1:     118600 bytes,     118600 total
[2020-09-11T18:08:08.550+0000][1][gc,age       ] GC(117) - age   2:     115744 bytes,     234344 total
[2020-09-11T18:08:08.550+0000][1][gc,age       ] GC(117) - age   3:     466632 bytes,     700976 total
[2020-09-11T18:08:08.550+0000][1][gc,age       ] GC(117) - age   4:     153656 bytes,     854632 total
[2020-09-11T18:08:08.550+0000][1][gc,age       ] GC(117) - age   5:      81184 bytes,     935816 total
[2020-09-11T18:08:08.550+0000][1][gc,age       ] GC(117) - age   6:      72600 bytes,    1008416 total
[2020-09-11T18:08:08.550+0000][1][gc,heap      ] GC(117) ParNew: 69411K->1138K(76672K)
[2020-09-11T18:08:08.550+0000][1][gc,heap      ] GC(117) CMS: 142354K->142496K(2011968K)
[2020-09-11T18:08:08.550+0000][1][gc,metaspace ] GC(117) Metaspace: 95011K->95011K(1136640K)
[2020-09-11T18:08:08.550+0000][1][gc           ] GC(117) Pause Young (Allocation Failure) 206M->140M(2039M) 32.997ms
[2020-09-11T18:08:08.550+0000][1][gc,cpu       ] GC(117) User=0.02s Sys=0.00s Real=0.03s
[2020-09-11T18:08:08.550+0000][1][safepoint    ] Safepoint "GenCollectForAllocation", Time since last: 304173061 ns, Reaching safepoint: 1607616 ns, At safepoint: 33069748 ns, Total: 34677364 ns
[2020-09-11T18:08:09.561+0000][1][safepoint    ] Safepoint "Cleanup", Time since last: 1011108620 ns, Reaching safepoint: 83879 ns, At safepoint: 9148 ns, Total: 93027 ns
[2020-09-11T18:08:10.561+0000][1][safepoint    ] Safepoint "Cleanup", Time since last: 1000112348 ns, Reaching safepoint: 80034 ns, At safepoint: 6913 ns, Total: 86947 ns
[2020-09-11T18:08:11.561+0000][1][safepoint    ] Safepoint "Cleanup", Time since last: 1000110303 ns, Reaching safepoint: 90775 ns, At safepoint: 9370 ns, Total: 100145 ns
[2020-09-11T18:08:12.217+0000][1][safepoint    ] Safepoint "RevokeBias", Time since last: 655037007 ns, Reaching safepoint: 172620 ns, At safepoint: 28283 ns, Total: 200903 ns
[2020-09-11T18:08:12.221+0000][1][safepoint    ] Safepoint "RevokeBias", Time since last: 3923396 ns, Reaching safepoint: 277379 ns, At safepoint: 393312 ns, Total: 670691 ns
[2020-09-11T18:08:13.221+0000][1][safepoint    ] Safepoint "Cleanup", Time since last: 1000120789 ns, Reaching safepoint: 104345 ns, At safepoint: 9857 ns, Total: 114202 ns
[2020-09-11T18:08:13.596+0000][1][safepoint    ] Safepoint "RevokeBias", Time since last: 373622777 ns, Reaching safepoint: 275449 ns, At safepoint: 369034 ns, Total: 644483 ns
[2020-09-11T18:08:14.596+0000][1][safepoint    ] Safepoint "Cleanup", Time since last: 1000111831 ns, Reaching safepoint: 84807 ns, At safepoint: 9826 ns, Total: 94633 ns
[2020-09-11T18:08:15.596+0000][1][safepoint    ] Safepoint "Cleanup", Time since last: 1000115551 ns, Reaching safepoint: 91380 ns, At safepoint: 10121 ns, Total: 101501 ns
[2020-09-11T18:08:16.596+0000][1][safepoint    ] Safepoint "Cleanup", Time since last: 1000120645 ns, Reaching safepoint: 100325 ns, At safepoint: 7669 ns, Total: 107994 ns
[2020-09-11T18:08:17.231+0000][1][safepoint    ] Safepoint "RevokeBias", Time since last: 634576240 ns, Reaching safepoint: 188447 ns, At safepoint: 29113 ns, Total: 217560 ns
[2020-09-11T18:08:17.240+0000][1][safepoint    ] Safepoint "RevokeBias", Time since last: 8275434 ns, Reaching safepoint: 256430 ns, At safepoint: 382058 ns, Total: 638488 ns
[2020-09-11T18:08:18.240+0000][1][safepoint    ] Safepoint "Cleanup", Time since last: 1000117656 ns, Reaching safepoint: 84673 ns, At safepoint: 18343 ns, Total: 103016 ns
[2020-09-11T18:08:19.241+0000][1][safepoint    ] Safepoint "Cleanup", Time since last: 1000126295 ns, Reaching safepoint: 103198 ns, At safepoint: 10302 ns, Total: 113500 ns
[2020-09-11T18:08:20.241+0000][1][safepoint    ] Safepoint "Cleanup", Time since last: 1000116242 ns, Reaching safepoint: 89468 ns, At safepoint: 33998 ns, Total: 123466 ns
[2020-09-11T18:08:21.241+0000][1][safepoint    ] Safepoint "Cleanup", Time since last: 1000111974 ns, Reaching safepoint: 89735 ns, At safepoint: 9634 ns, Total: 99369 ns
[2020-09-11T18:08:22.241+0000][1][safepoint    ] Safepoint "Cleanup", Time since last: 1000113561 ns, Reaching safepoint: 94826 ns, At safepoint: 8504 ns, Total: 103330 ns
[2020-09-11T18:08:22.249+0000][1][safepoint    ] Safepoint "BulkRevokeBias", Time since last: 7275446 ns, Reaching safepoint: 92928 ns, At safepoint: 334306 ns, Total: 427234 ns
[2020-09-11T18:08:22.255+0000][1][safepoint    ] Safepoint "RevokeBias", Time since last: 5952350 ns, Reaching safepoint: 84006 ns, At safepoint: 24683 ns, Total: 108689 ns
[2020-09-11T18:08:23.255+0000][1][safepoint    ] Safepoint "Cleanup", Time since last: 1000117864 ns, Reaching safepoint: 91374 ns, At safepoint: 10133 ns, Total: 101507 ns
[2020-09-11T18:08:24.255+0000][1][safepoint    ] Safepoint "Cleanup", Time since last: 1000116760 ns, Reaching safepoint: 78981 ns, At safepoint: 6572 ns, Total: 85553 ns
[2020-09-11T18:08:24.616+0000][1][safepoint    ] Safepoint "RevokeBias", Time since last: 359684527 ns, Reaching safepoint: 247256 ns, At safepoint: 393544 ns, Total: 640800 ns
[2020-09-11T18:08:25.616+0000][1][safepoint    ] Safepoint "Cleanup", Time since last: 1000099056 ns, Reaching safepoint: 88967 ns, At safepoint: 9031 ns, Total: 97998 ns
[2020-09-11T18:08:26.616+0000][1][safepoint    ] Safepoint "Cleanup", Time since last: 1000118771 ns, Reaching safepoint: 82198 ns, At safepoint: 8300 ns, Total: 90498 ns
[2020-09-11T18:08:27.107+0000][1][gc,start     ] GC(118) Pause Young (Allocation Failure)
[2020-09-11T18:08:27.107+0000][1][gc,task      ] GC(118) Using 1 workers of 1 for evacuation
[2020-09-11T18:08:27.134+0000][1][gc,age       ] GC(118) Desired survivor size 4358144 bytes, new threshold 6 (max threshold 6)
[2020-09-11T18:08:27.134+0000][1][gc,age       ] GC(118) Age table with threshold 6 (max threshold 6)
[2020-09-11T18:08:27.134+0000][1][gc,age       ] GC(118) - age   1:     170496 bytes,     170496 total
[2020-09-11T18:08:27.134+0000][1][gc,age       ] GC(118) - age   2:      23632 bytes,     194128 total
[2020-09-11T18:08:27.134+0000][1][gc,age       ] GC(118) - age   3:     110304 bytes,     304432 total
[2020-09-11T18:08:27.135+0000][1][gc,age       ] GC(118) - age   4:     466632 bytes,     771064 total
[2020-09-11T18:08:27.135+0000][1][gc,age       ] GC(118) - age   5:     126264 bytes,     897328 total
[2020-09-11T18:08:27.135+0000][1][gc,age       ] GC(118) - age   6:      44488 bytes,     941816 total
[2020-09-11T18:08:27.135+0000][1][gc,heap      ] GC(118) ParNew: 69298K->1023K(76672K)
[2020-09-11T18:08:27.135+0000][1][gc,heap      ] GC(118) CMS: 142496K->142567K(2011968K)
[2020-09-11T18:08:27.135+0000][1][gc,metaspace ] GC(118) Metaspace: 95080K->95080K(1136640K)
[2020-09-11T18:08:27.135+0000][1][gc           ] GC(118) Pause Young (Allocation Failure) 206M->140M(2039M) 27.600ms
[2020-09-11T18:08:27.135+0000][1][gc,cpu       ] GC(118) User=0.01s Sys=0.00s Real=0.03s
[2020-09-11T18:08:27.138+0000][1][safepoint    ] Safepoint "GenCollectForAllocation", Time since last: 490715149 ns, Reaching safepoint: 163766 ns, At safepoint: 31476229 ns, Total: 31639995 ns
[2020-09-11T18:08:27.261+0000][1][safepoint    ] Safepoint "RevokeBias", Time since last: 122087547 ns, Reaching safepoint: 90048 ns, At safepoint: 57941 ns, Total: 147989 ns
[2020-09-11T18:08:27.265+0000][1][safepoint    ] Safepoint "RevokeBias", Time since last: 4548375 ns, Reaching safepoint: 89106 ns, At safepoint: 33007 ns, Total: 122113 ns
[2020-09-11T18:08:28.266+0000][1][safepoint    ] Safepoint "Cleanup", Time since last: 1000570680 ns, Reaching safepoint: 87551 ns, At safepoint: 8671 ns, Total: 96222 ns
[2020-09-11T18:08:29.266+0000][1][safepoint    ] Safepoint "Cleanup", Time since last: 1000115202 ns, Reaching safepoint: 90414 ns, At safepoint: 9787 ns, Total: 100201 ns
[2020-09-11T18:08:30.266+0000][1][safepoint    ] Safepoint "Cleanup", Time since last: 1000116223 ns, Reaching safepoint: 91488 ns, At safepoint: 9438 ns, Total: 100926 ns
[2020-09-11T18:08:31.267+0000][1][safepoint    ] Safepoint "Cleanup", Time since last: 1000116360 ns, Reaching safepoint: 92071 ns, At safepoint: 9973 ns, Total: 102044 ns
[2020-09-11T18:08:32.267+0000][1][safepoint    ] Safepoint "Cleanup", Time since last: 1000118190 ns, Reaching safepoint: 93937 ns, At safepoint: 10337 ns, Total: 104274 ns
[2020-09-11T18:08:32.284+0000][1][safepoint    ] Safepoint "RevokeBias", Time since last: 16500114 ns, Reaching safepoint: 255525 ns, At safepoint: 376353 ns, Total: 631878 ns
[2020-09-11T18:08:32.289+0000][1][safepoint    ] Safepoint "RevokeBias", Time since last: 5093346 ns, Reaching safepoint: 91503 ns, At safepoint: 26354 ns, Total: 117857 ns
[2020-09-11T18:08:33.289+0000][1][safepoint    ] Safepoint "Cleanup", Time since last: 1000113471 ns, Reaching safepoint: 85282 ns, At safepoint: 9453 ns, Total: 94735 ns
[2020-09-11T18:08:34.290+0000][1][safepoint    ] Safepoint "Cleanup", Time since last: 1000115274 ns, Reaching safepoint: 85490 ns, At safepoint: 8682 ns, Total: 94172 ns
[2020-09-11T18:08:35.290+0000][1][safepoint    ] Safepoint "Cleanup", Time since last: 1000122482 ns, Reaching safepoint: 89342 ns, At safepoint: 8875 ns, Total: 98217 ns
[2020-09-11T18:08:35.635+0000][1][safepoint    ] Safepoint "RevokeBias", Time since last: 344682115 ns, Reaching safepoint: 84200 ns, At safepoint: 26177 ns, Total: 110377 ns
[2020-09-11T18:08:36.635+0000][1][safepoint    ] Safepoint "Cleanup", Time since last: 1000112768 ns, Reaching safepoint: 85297 ns, At safepoint: 7509 ns, Total: 92806 ns
[2020-09-11T18:08:37.298+0000][1][safepoint    ] Safepoint "RevokeBias", Time since last: 662699267 ns, Reaching safepoint: 168083 ns, At safepoint: 25195 ns, Total: 193278 ns
[2020-09-11T18:08:37.303+0000][1][safepoint    ] Safepoint "RevokeBias", Time since last: 4715588 ns, Reaching safepoint: 80404 ns, At safepoint: 22508 ns, Total: 102912 ns
[2020-09-11T18:08:38.303+0000][1][safepoint    ] Safepoint "Cleanup", Time since last: 1000117080 ns, Reaching safepoint: 89854 ns, At safepoint: 9833 ns, Total: 99687 ns
[2020-09-11T18:08:39.303+0000][1][safepoint    ] Safepoint "Cleanup", Time since last: 1000112620 ns, Reaching safepoint: 83771 ns, At safepoint: 8893 ns, Total: 92664 ns
[2020-09-11T18:08:40.303+0000][1][safepoint    ] Safepoint "Cleanup", Time since last: 1000117059 ns, Reaching safepoint: 87576 ns, At safepoint: 10558 ns, Total: 98134 ns
[2020-09-11T18:08:41.303+0000][1][safepoint    ] Safepoint "Cleanup", Time since last: 1000129902 ns, Reaching safepoint: 89512 ns, At safepoint: 10480 ns, Total: 99992 ns
[2020-09-11T18:08:42.304+0000][1][safepoint    ] Safepoint "Cleanup", Time since last: 1000118016 ns, Reaching safepoint: 80895 ns, At safepoint: 7218 ns, Total: 88113 ns
[2020-09-11T18:08:42.317+0000][1][safepoint    ] Safepoint "RevokeBias", Time since last: 12919640 ns, Reaching safepoint: 86218 ns, At safepoint: 22940 ns, Total: 109158 ns
[2020-09-11T18:08:42.327+0000][1][safepoint    ] Safepoint "RevokeBias", Time since last: 9845715 ns, Reaching safepoint: 80194 ns, At safepoint: 22042 ns, Total: 102236 ns
[2020-09-11T18:08:43.327+0000][1][safepoint    ] Safepoint "Cleanup", Time since last: 1000112334 ns, Reaching safepoint: 85081 ns, At safepoint: 9134 ns, Total: 94215 ns
[2020-09-11T18:08:44.327+0000][1][safepoint    ] Safepoint "Cleanup", Time since last: 1000107873 ns, Reaching safepoint: 101599 ns, At safepoint: 8550 ns, Total: 110149 ns
[2020-09-11T18:08:45.327+0000][1][safepoint    ] Safepoint "Cleanup", Time since last: 1000103550 ns, Reaching safepoint: 82400 ns, At safepoint: 8156 ns, Total: 90556 ns
[2020-09-11T18:08:46.327+0000][1][safepoint    ] Safepoint "Cleanup", Time since last: 1000106015 ns, Reaching safepoint: 91820 ns, At safepoint: 6578 ns, Total: 98398 ns
[2020-09-11T18:08:46.650+0000][1][safepoint    ] Safepoint "RevokeBias", Time since last: 322801169 ns, Reaching safepoint: 83938 ns, At safepoint: 23241 ns, Total: 107179 ns
[2020-09-11T18:08:47.334+0000][1][safepoint    ] Safepoint "RevokeBias", Time since last: 683266366 ns, Reaching safepoint: 94177 ns, At safepoint: 25094 ns, Total: 119271 ns
[2020-09-11T18:08:47.341+0000][1][safepoint    ] Safepoint "RevokeBias", Time since last: 5745174 ns, Reaching safepoint: 1412114 ns, At safepoint: 368340 ns, Total: 1780454 ns
[2020-09-11T18:08:48.343+0000][1][safepoint    ] Safepoint "Cleanup", Time since last: 1001570804 ns, Reaching safepoint: 84661 ns, At safepoint: 5984 ns, Total: 90645 ns
[2020-09-11T18:08:48.465+0000][1][gc,start     ] GC(119) Pause Young (Allocation Failure)
[2020-09-11T18:08:48.465+0000][1][gc,task      ] GC(119) Using 1 workers of 1 for evacuation
[2020-09-11T18:08:48.509+0000][1][gc,age       ] GC(119) Desired survivor size 4358144 bytes, new threshold 6 (max threshold 6)
[2020-09-11T18:08:48.509+0000][1][gc,age       ] GC(119) Age table with threshold 6 (max threshold 6)
[2020-09-11T18:08:48.509+0000][1][gc,age       ] GC(119) - age   1:     441040 bytes,     441040 total
[2020-09-11T18:08:48.509+0000][1][gc,age       ] GC(119) - age   2:      93984 bytes,     535024 total
[2020-09-11T18:08:48.509+0000][1][gc,age       ] GC(119) - age   3:      18296 bytes,     553320 total
[2020-09-11T18:08:48.509+0000][1][gc,age       ] GC(119) - age   4:     106424 bytes,     659744 total
[2020-09-11T18:08:48.509+0000][1][gc,age       ] GC(119) - age   5:     186368 bytes,     846112 total
[2020-09-11T18:08:48.509+0000][1][gc,age       ] GC(119) - age   6:     121824 bytes,     967936 total
[2020-09-11T18:08:48.509+0000][1][gc,heap      ] GC(119) ParNew: 69183K->945K(76672K)
[2020-09-11T18:08:48.509+0000][1][gc,heap      ] GC(119) CMS: 142567K->142610K(2011968K)
[2020-09-11T18:08:48.509+0000][1][gc,metaspace ] GC(119) Metaspace: 95194K->95194K(1136640K)
[2020-09-11T18:08:48.509+0000][1][gc           ] GC(119) Pause Young (Allocation Failure) 206M->140M(2039M) 43.855ms
[2020-09-11T18:08:48.513+0000][1][gc,cpu       ] GC(119) User=0.02s Sys=0.00s Real=0.04s
[2020-09-11T18:08:48.513+0000][1][safepoint    ] Safepoint "GenCollectForAllocation", Time since last: 120969037 ns, Reaching safepoint: 918405 ns, At safepoint: 48061907 ns, Total: 48980312 ns
[2020-09-11T18:08:49.521+0000][1][safepoint    ] Safepoint "Cleanup", Time since last: 1008034569 ns, Reaching safepoint: 83994 ns, At safepoint: 9404 ns, Total: 93398 ns
[2020-09-11T18:08:50.525+0000][1][safepoint    ] Safepoint "Cleanup", Time since last: 1003747482 ns, Reaching safepoint: 204668 ns, At safepoint: 11535 ns, Total: 216203 ns
[2020-09-11T18:08:51.525+0000][1][safepoint    ] Safepoint "Cleanup", Time since last: 1000121175 ns, Reaching safepoint: 91746 ns, At safepoint: 9332 ns, Total: 101078 ns
[2020-09-11T18:08:52.353+0000][1][safepoint    ] Safepoint "RevokeBias", Time since last: 827640161 ns, Reaching safepoint: 94324 ns, At safepoint: 25976 ns, Total: 120300 ns
[2020-09-11T18:08:52.367+0000][1][safepoint    ] Safepoint "RevokeBias", Time since last: 14212914 ns, Reaching safepoint: 84201 ns, At safepoint: 24220 ns, Total: 108421 ns
[2020-09-11T18:08:53.368+0000][1][safepoint    ] Safepoint "Cleanup", Time since last: 1000119127 ns, Reaching safepoint: 87355 ns, At safepoint: 9554 ns, Total: 96909 ns
[2020-09-11T18:08:54.368+0000][1][safepoint    ] Safepoint "Cleanup", Time since last: 1000110376 ns, Reaching safepoint: 79004 ns, At safepoint: 6981 ns, Total: 85985 ns
[2020-09-11T18:08:55.368+0000][1][safepoint    ] Safepoint "Cleanup", Time since last: 1000117482 ns, Reaching safepoint: 81205 ns, At safepoint: 8318 ns, Total: 89523 ns
[2020-09-11T18:08:56.368+0000][1][safepoint    ] Safepoint "Cleanup", Time since last: 1000118630 ns, Reaching safepoint: 83361 ns, At safepoint: 8886 ns, Total: 92247 ns
[2020-09-11T18:08:57.368+0000][1][safepoint    ] Safepoint "Cleanup", Time since last: 1000121050 ns, Reaching safepoint: 107673 ns, At safepoint: 9187 ns, Total: 116860 ns
[2020-09-11T18:08:57.375+0000][1][safepoint    ] Safepoint "RevokeBias", Time since last: 6289017 ns, Reaching safepoint: 172069 ns, At safepoint: 27224 ns, Total: 199293 ns
[2020-09-11T18:08:57.384+0000][1][safepoint    ] Safepoint "RevokeBias", Time since last: 8956426 ns, Reaching safepoint: 94325 ns, At safepoint: 26046 ns, Total: 120371 ns
[2020-09-11T18:08:57.671+0000][1][safepoint    ] Safepoint "RevokeBias", Time since last: 286791086 ns, Reaching safepoint: 171513 ns, At safepoint: 27831 ns, Total: 199344 ns
[2020-09-11T18:08:58.673+0000][1][safepoint    ] Safepoint "Cleanup", Time since last: 1000114855 ns, Reaching safepoint: 1843391 ns, At safepoint: 12438 ns, Total: 1855829 ns
[2020-09-11T18:08:59.673+0000][1][safepoint    ] Safepoint "Cleanup", Time since last: 1000116998 ns, Reaching safepoint: 82157 ns, At safepoint: 7210 ns, Total: 89367 ns
[2020-09-11T18:09:00.676+0000][1][safepoint    ] Safepoint "Cleanup", Time since last: 1002385595 ns, Reaching safepoint: 84149 ns, At safepoint: 9827 ns, Total: 93976 ns
[2020-09-11T18:09:01.676+0000][1][safepoint    ] Safepoint "Cleanup", Time since last: 1000111588 ns, Reaching safepoint: 83606 ns, At safepoint: 9103 ns, Total: 92709 ns
[2020-09-11T18:09:02.417+0000][1][safepoint    ] Safepoint "RevokeBias", Time since last: 736349280 ns, Reaching safepoint: 250317 ns, At safepoint: 345294 ns, Total: 595611 ns
[2020-09-11T18:09:02.424+0000][1][safepoint    ] Safepoint "RevokeBias", Time since last: 10958710 ns, Reaching safepoint: 96757 ns, At safepoint: 26271 ns, Total: 123028 ns
[2020-09-11T18:09:03.424+0000][1][safepoint    ] Safepoint "Cleanup", Time since last: 1000110995 ns, Reaching safepoint: 84019 ns, At safepoint: 7238 ns, Total: 91257 ns
[2020-09-11T18:09:04.424+0000][1][safepoint    ] Safepoint "Cleanup", Time since last: 1000107474 ns, Reaching safepoint: 80983 ns, At safepoint: 7762 ns, Total: 88745 ns
[2020-09-11T18:09:05.424+0000][1][safepoint    ] Safepoint "Cleanup", Time since last: 1000122553 ns, Reaching safepoint: 85674 ns, At safepoint: 9857 ns, Total: 95531 ns
[2020-09-11T18:09:06.425+0000][1][safepoint    ] Safepoint "Cleanup", Time since last: 1000154722 ns, Reaching safepoint: 94408 ns, At safepoint: 10579 ns, Total: 104987 ns
[2020-09-11T18:09:06.491+0000][1][gc,start     ] GC(120) Pause Young (Allocation Failure)
[2020-09-11T18:09:06.491+0000][1][gc,task      ] GC(120) Using 1 workers of 1 for evacuation
[2020-09-11T18:09:06.520+0000][1][gc,age       ] GC(120) Desired survivor size 4358144 bytes, new threshold 6 (max threshold 6)
[2020-09-11T18:09:06.520+0000][1][gc,age       ] GC(120) Age table with threshold 6 (max threshold 6)
[2020-09-11T18:09:06.520+0000][1][gc,age       ] GC(120) - age   1:     166304 bytes,     166304 total
[2020-09-11T18:09:06.520+0000][1][gc,age       ] GC(120) - age   2:     344536 bytes,     510840 total
[2020-09-11T18:09:06.520+0000][1][gc,age       ] GC(120) - age   3:      89264 bytes,     600104 total
[2020-09-11T18:09:06.520+0000][1][gc,age       ] GC(120) - age   4:      17784 bytes,     617888 total
[2020-09-11T18:09:06.520+0000][1][gc,age       ] GC(120) - age   5:      53080 bytes,     670968 total
[2020-09-11T18:09:06.520+0000][1][gc,age       ] GC(120) - age   6:     186368 bytes,     857336 total
[2020-09-11T18:09:06.520+0000][1][gc,heap      ] GC(120) ParNew: 69105K->945K(76672K)
[2020-09-11T18:09:06.520+0000][1][gc,heap      ] GC(120) CMS: 142610K->142729K(2011968K)
[2020-09-11T18:09:06.520+0000][1][gc,metaspace ] GC(120) Metaspace: 95204K->95204K(1136640K)
[2020-09-11T18:09:06.520+0000][1][gc           ] GC(120) Pause Young (Allocation Failure) 206M->140M(2039M) 29.087ms
[2020-09-11T18:09:06.520+0000][1][gc,cpu       ] GC(120) User=0.01s Sys=0.00s Real=0.03s
[2020-09-11T18:09:06.521+0000][1][safepoint    ] Safepoint "GenCollectForAllocation", Time since last: 66052479 ns, Reaching safepoint: 112255 ns, At safepoint: 29932094 ns, Total: 30044349 ns
[2020-09-11T18:09:07.435+0000][1][safepoint    ] Safepoint "RevokeBias", Time since last: 914345746 ns, Reaching safepoint: 84141 ns, At safepoint: 35495 ns, Total: 119636 ns
[2020-09-11T18:09:07.443+0000][1][safepoint    ] Safepoint "RevokeBias", Time since last: 7822213 ns, Reaching safepoint: 92034 ns, At safepoint: 39005 ns, Total: 131039 ns
[2020-09-11T18:09:08.446+0000][1][safepoint    ] Safepoint "Cleanup", Time since last: 1002741897 ns, Reaching safepoint: 83511 ns, At safepoint: 7071 ns, Total: 90582 ns
[2020-09-11T18:09:08.694+0000][1][safepoint    ] Safepoint "RevokeBias", Time since last: 247706692 ns, Reaching safepoint: 81991 ns, At safepoint: 21215 ns, Total: 103206 ns
[2020-09-11T18:09:10.718+0000][1][safepoint    ] Safepoint "Cleanup", Time since last: 2024283240 ns, Reaching safepoint: 81863 ns, At safepoint: 5508 ns, Total: 87371 ns
[2020-09-11T18:09:11.718+0000][1][safepoint    ] Safepoint "Cleanup", Time since last: 1000104925 ns, Reaching safepoint: 89900 ns, At safepoint: 9034 ns, Total: 98934 ns
[2020-09-11T18:09:12.456+0000][1][safepoint    ] Safepoint "RevokeBias", Time since last: 737437297 ns, Reaching safepoint: 93386 ns, At safepoint: 25484 ns, Total: 118870 ns
[2020-09-11T18:09:12.460+0000][1][safepoint    ] Safepoint "RevokeBias", Time since last: 3829360 ns, Reaching safepoint: 248543 ns, At safepoint: 351848 ns, Total: 600391 ns
[2020-09-11T18:09:14.461+0000][1][safepoint    ] Safepoint "Cleanup", Time since last: 2000197654 ns, Reaching safepoint: 108831 ns, At safepoint: 9937 ns, Total: 118768 ns
[2020-09-11T18:09:15.461+0000][1][safepoint    ] Safepoint "Cleanup", Time since last: 1000142566 ns, Reaching safepoint: 87748 ns, At safepoint: 7433 ns, Total: 95181 ns
[2020-09-11T18:09:17.461+0000][1][safepoint    ] Safepoint "Cleanup", Time since last: 2000186836 ns, Reaching safepoint: 94263 ns, At safepoint: 10294 ns, Total: 104557 ns
[2020-09-11T18:09:17.480+0000][1][safepoint    ] Safepoint "RevokeBias", Time since last: 18332669 ns, Reaching safepoint: 243513 ns, At safepoint: 387864 ns, Total: 631377 ns
[2020-09-11T18:09:17.487+0000][1][safepoint    ] Safepoint "RevokeBias", Time since last: 6552363 ns, Reaching safepoint: 262017 ns, At safepoint: 319810 ns, Total: 581827 ns
[2020-09-11T18:09:18.488+0000][1][safepoint    ] Safepoint "Cleanup", Time since last: 1000121617 ns, Reaching safepoint: 94357 ns, At safepoint: 9688 ns, Total: 104045 ns
[2020-09-11T18:09:19.734+0000][1][safepoint    ] Safepoint "RevokeBias", Time since last: 1245951241 ns, Reaching safepoint: 80483 ns, At safepoint: 22006 ns, Total: 102489 ns
[2020-09-11T18:09:20.738+0000][1][safepoint    ] Safepoint "Cleanup", Time since last: 1004463004 ns, Reaching safepoint: 383270 ns, At safepoint: 8413 ns, Total: 391683 ns
[2020-09-11T18:09:22.496+0000][1][safepoint    ] Safepoint "RevokeBias", Time since last: 1756984597 ns, Reaching safepoint: 93650 ns, At safepoint: 26920 ns, Total: 120570 ns
[2020-09-11T18:09:22.500+0000][1][safepoint    ] Safepoint "RevokeBias", Time since last: 4347837 ns, Reaching safepoint: 94190 ns, At safepoint: 27946 ns, Total: 122136 ns
[2020-09-11T18:09:24.500+0000][1][safepoint    ] Safepoint "Cleanup", Time since last: 2000202515 ns, Reaching safepoint: 90091 ns, At safepoint: 10574 ns, Total: 100665 ns
[2020-09-11T18:09:27.501+0000][1][safepoint    ] Safepoint "Cleanup", Time since last: 3000276119 ns, Reaching safepoint: 85881 ns, At safepoint: 30524 ns, Total: 116405 ns
[2020-09-11T18:09:27.513+0000][1][safepoint    ] Safepoint "BulkRevokeBias", Time since last: 11596433 ns, Reaching safepoint: 87589 ns, At safepoint: 224001 ns, Total: 311590 ns
[2020-09-11T18:09:27.517+0000][1][safepoint    ] Safepoint "RevokeBias", Time since last: 4116830 ns, Reaching safepoint: 83132 ns, At safepoint: 23193 ns, Total: 106325 ns
[2020-09-11T18:09:28.350+0000][1][gc,start     ] GC(121) Pause Young (Allocation Failure)
[2020-09-11T18:09:28.350+0000][1][gc,task      ] GC(121) Using 1 workers of 1 for evacuation
[2020-09-11T18:09:28.406+0000][1][gc,age       ] GC(121) Desired survivor size 4358144 bytes, new threshold 6 (max threshold 6)
[2020-09-11T18:09:28.407+0000][1][gc,age       ] GC(121) Age table with threshold 6 (max threshold 6)
[2020-09-11T18:09:28.407+0000][1][gc,age       ] GC(121) - age   1:     220960 bytes,     220960 total
[2020-09-11T18:09:28.407+0000][1][gc,age       ] GC(121) - age   2:      70648 bytes,     291608 total
[2020-09-11T18:09:28.407+0000][1][gc,age       ] GC(121) - age   3:     338360 bytes,     629968 total
[2020-09-11T18:09:28.407+0000][1][gc,age       ] GC(121) - age   4:      89008 bytes,     718976 total
[2020-09-11T18:09:28.407+0000][1][gc,age       ] GC(121) - age   5:      10296 bytes,     729272 total
[2020-09-11T18:09:28.407+0000][1][gc,age       ] GC(121) - age   6:      24288 bytes,     753560 total
[2020-09-11T18:09:28.407+0000][1][gc,heap      ] GC(121) ParNew: 69105K->864K(76672K)
[2020-09-11T18:09:28.407+0000][1][gc,heap      ] GC(121) CMS: 142729K->142919K(2011968K)
[2020-09-11T18:09:28.407+0000][1][gc,metaspace ] GC(121) Metaspace: 95222K->95222K(1136640K)
[2020-09-11T18:09:28.407+0000][1][gc           ] GC(121) Pause Young (Allocation Failure) 206M->140M(2039M) 56.665ms
[2020-09-11T18:09:28.407+0000][1][gc,cpu       ] GC(121) User=0.02s Sys=0.00s Real=0.06s
[2020-09-11T18:09:28.409+0000][1][safepoint    ] Safepoint "GenCollectForAllocation", Time since last: 825697025 ns, Reaching safepoint: 7366746 ns, At safepoint: 59202077 ns, Total: 66568823 ns
[2020-09-11T18:09:29.433+0000][1][safepoint    ] Safepoint "Cleanup", Time since last: 1023693011 ns, Reaching safepoint: 92999 ns, At safepoint: 7406 ns, Total: 100405 ns
[2020-09-11T18:09:30.753+0000][1][safepoint    ] Safepoint "RevokeBias", Time since last: 1320066566 ns, Reaching safepoint: 93488 ns, At safepoint: 25501 ns, Total: 118989 ns
[2020-09-11T18:09:32.543+0000][1][safepoint    ] Safepoint "RevokeBias", Time since last: 1790150026 ns, Reaching safepoint: 96879 ns, At safepoint: 28155 ns, Total: 125034 ns
[2020-09-11T18:09:32.548+0000][1][safepoint    ] Safepoint "RevokeBias", Time since last: 4869856 ns, Reaching safepoint: 93373 ns, At safepoint: 40772 ns, Total: 134145 ns
[2020-09-11T18:09:35.549+0000][1][safepoint    ] Safepoint "Cleanup", Time since last: 3000277615 ns, Reaching safepoint: 112997 ns, At safepoint: 10000 ns, Total: 122997 ns
[2020-09-11T18:09:37.553+0000][1][safepoint    ] Safepoint "RevokeBias", Time since last: 2004070587 ns, Reaching safepoint: 90853 ns, At safepoint: 26490 ns, Total: 117343 ns
[2020-09-11T18:09:37.558+0000][1][safepoint    ] Safepoint "RevokeBias", Time since last: 4610923 ns, Reaching safepoint: 175632 ns, At safepoint: 27348 ns, Total: 202980 ns
[2020-09-11T18:09:39.558+0000][1][safepoint    ] Safepoint "Cleanup", Time since last: 2000188999 ns, Reaching safepoint: 89119 ns, At safepoint: 8537 ns, Total: 97656 ns
[2020-09-11T18:09:41.558+0000][1][safepoint    ] Safepoint "Cleanup", Time since last: 2000194156 ns, Reaching safepoint: 87446 ns, At safepoint: 9097 ns, Total: 96543 ns
[2020-09-11T18:09:41.774+0000][1][safepoint    ] Safepoint "RevokeBias", Time since last: 215080859 ns, Reaching safepoint: 94411 ns, At safepoint: 27286 ns, Total: 121697 ns
[2020-09-11T18:09:42.577+0000][1][safepoint    ] Safepoint "RevokeBias", Time since last: 802881044 ns, Reaching safepoint: 87563 ns, At safepoint: 22962 ns, Total: 110525 ns
[2020-09-11T18:09:42.581+0000][1][safepoint    ] Safepoint "RevokeBias", Time since last: 3561000 ns, Reaching safepoint: 235275 ns, At safepoint: 288184 ns, Total: 523459 ns
[2020-09-11T18:09:47.065+0000][1][gc,start     ] GC(122) Pause Young (Allocation Failure)
[2020-09-11T18:09:47.065+0000][1][gc,task      ] GC(122) Using 1 workers of 1 for evacuation
[2020-09-11T18:09:47.121+0000][1][gc,age       ] GC(122) Desired survivor size 4358144 bytes, new threshold 6 (max threshold 6)
[2020-09-11T18:09:47.121+0000][1][gc,age       ] GC(122) Age table with threshold 6 (max threshold 6)
[2020-09-11T18:09:47.121+0000][1][gc,age       ] GC(122) - age   1:     267504 bytes,     267504 total
[2020-09-11T18:09:47.121+0000][1][gc,age       ] GC(122) - age   2:     122944 bytes,     390448 total
[2020-09-11T18:09:47.121+0000][1][gc,age       ] GC(122) - age   3:      67304 bytes,     457752 total
[2020-09-11T18:09:47.121+0000][1][gc,age       ] GC(122) - age   4:     337928 bytes,     795680 total
[2020-09-11T18:09:47.121+0000][1][gc,age       ] GC(122) - age   5:      58408 bytes,     854088 total
[2020-09-11T18:09:47.121+0000][1][gc,age       ] GC(122) - age   6:       7384 bytes,     861472 total
[2020-09-11T18:09:47.121+0000][1][gc,heap      ] GC(122) ParNew: 69024K->1535K(76672K)
[2020-09-11T18:09:47.121+0000][1][gc,heap      ] GC(122) CMS: 142919K->142943K(2011968K)
[2020-09-11T18:09:47.121+0000][1][gc,metaspace ] GC(122) Metaspace: 95244K->95244K(1136640K)
[2020-09-11T18:09:47.121+0000][1][gc           ] GC(122) Pause Young (Allocation Failure) 206M->141M(2039M) 56.511ms
[2020-09-11T18:09:47.121+0000][1][gc,cpu       ] GC(122) User=0.03s Sys=0.00s Real=0.06s
[2020-09-11T18:09:47.122+0000][1][safepoint    ] Safepoint "GenCollectForAllocation", Time since last: 4483710279 ns, Reaching safepoint: 277952 ns, At safepoint: 56933025 ns, Total: 57210977 ns
[2020-09-11T18:09:47.594+0000][1][safepoint    ] Safepoint "RevokeBias", Time since last: 472086239 ns, Reaching safepoint: 93556 ns, At safepoint: 27467 ns, Total: 121023 ns
[2020-09-11T18:09:47.605+0000][1][safepoint    ] Safepoint "RevokeBias", Time since last: 11250287 ns, Reaching safepoint: 88598 ns, At safepoint: 23569 ns, Total: 112167 ns
[2020-09-11T18:09:48.605+0000][1][safepoint    ] Safepoint "Cleanup", Time since last: 1000110357 ns, Reaching safepoint: 84867 ns, At safepoint: 6661 ns, Total: 91528 ns
[2020-09-11T18:09:49.606+0000][1][safepoint    ] Safepoint "Cleanup", Time since last: 1000111375 ns, Reaching safepoint: 89528 ns, At safepoint: 9826 ns, Total: 99354 ns
[2020-09-11T18:09:51.606+0000][1][safepoint    ] Safepoint "Cleanup", Time since last: 2000190998 ns, Reaching safepoint: 87172 ns, At safepoint: 7178 ns, Total: 94350 ns
[2020-09-11T18:09:52.632+0000][1][safepoint    ] Safepoint "RevokeBias", Time since last: 1025566707 ns, Reaching safepoint: 226331 ns, At safepoint: 293229 ns, Total: 519560 ns
[2020-09-11T18:09:52.648+0000][1][safepoint    ] Safepoint "RevokeBias", Time since last: 16043786 ns, Reaching safepoint: 93447 ns, At safepoint: 22529 ns, Total: 115976 ns
[2020-09-11T18:09:52.794+0000][1][safepoint    ] Safepoint "RevokeBias", Time since last: 145745166 ns, Reaching safepoint: 86797 ns, At safepoint: 26220 ns, Total: 113017 ns
[2020-09-11T18:09:53.794+0000][1][safepoint    ] Safepoint "Cleanup", Time since last: 1000119830 ns, Reaching safepoint: 87757 ns, At safepoint: 10147 ns, Total: 97904 ns
[2020-09-11T18:09:55.794+0000][1][safepoint    ] Safepoint "Cleanup", Time since last: 2000194376 ns, Reaching safepoint: 87195 ns, At safepoint: 7478 ns, Total: 94673 ns
[2020-09-11T18:09:57.657+0000][1][safepoint    ] Safepoint "RevokeBias", Time since last: 1862173776 ns, Reaching safepoint: 303960 ns, At safepoint: 35172 ns, Total: 339132 ns
[2020-09-11T18:09:57.665+0000][1][safepoint    ] Safepoint "RevokeBias", Time since last: 7565435 ns, Reaching safepoint: 270365 ns, At safepoint: 355498 ns, Total: 625863 ns
[2020-09-11T18:09:58.667+0000][1][safepoint    ] Safepoint "Cleanup", Time since last: 1001854947 ns, Reaching safepoint: 242380 ns, At safepoint: 9497 ns, Total: 251877 ns
[2020-09-11T18:09:59.668+0000][1][safepoint    ] Safepoint "Cleanup", Time since last: 1000115311 ns, Reaching safepoint: 90120 ns, At safepoint: 9302 ns, Total: 99422 ns
[2020-09-11T18:10:01.668+0000][1][safepoint    ] Safepoint "Cleanup", Time since last: 2000189153 ns, Reaching safepoint: 87731 ns, At safepoint: 9917 ns, Total: 97648 ns
[2020-09-11T18:10:02.676+0000][1][safepoint    ] Safepoint "RevokeBias", Time since last: 1008211631 ns, Reaching safepoint: 91786 ns, At safepoint: 28133 ns, Total: 119919 ns
[2020-09-11T18:10:02.680+0000][1][safepoint    ] Safepoint "RevokeBias", Time since last: 3779732 ns, Reaching safepoint: 92184 ns, At safepoint: 25982 ns, Total: 118166 ns
[2020-09-11T18:10:03.816+0000][1][safepoint    ] Safepoint "RevokeBias", Time since last: 1136363946 ns, Reaching safepoint: 93546 ns, At safepoint: 27237 ns, Total: 120783 ns
[2020-09-11T18:10:04.817+0000][1][safepoint    ] Safepoint "Cleanup", Time since last: 1000121274 ns, Reaching safepoint: 88149 ns, At safepoint: 10291 ns, Total: 98440 ns
[2020-09-11T18:10:05.817+0000][1][safepoint    ] Safepoint "Cleanup", Time since last: 1000141300 ns, Reaching safepoint: 84852 ns, At safepoint: 6580 ns, Total: 91432 ns
[2020-09-11T18:10:07.689+0000][1][safepoint    ] Safepoint "RevokeBias", Time since last: 1871748469 ns, Reaching safepoint: 156943 ns, At safepoint: 35451 ns, Total: 192394 ns
[2020-09-11T18:10:07.694+0000][1][safepoint    ] Safepoint "RevokeBias", Time since last: 5262135 ns, Reaching safepoint: 177502 ns, At safepoint: 27217 ns, Total: 204719 ns
[2020-09-11T18:10:08.341+0000][1][gc,start     ] GC(123) Pause Young (Allocation Failure)
[2020-09-11T18:10:08.341+0000][1][gc,task      ] GC(123) Using 1 workers of 1 for evacuation
[2020-09-11T18:10:08.377+0000][1][gc,age       ] GC(123) Desired survivor size 4358144 bytes, new threshold 6 (max threshold 6)
[2020-09-11T18:10:08.377+0000][1][gc,age       ] GC(123) Age table with threshold 6 (max threshold 6)
[2020-09-11T18:10:08.377+0000][1][gc,age       ] GC(123) - age   1:     514960 bytes,     514960 total
[2020-09-11T18:10:08.377+0000][1][gc,age       ] GC(123) - age   2:      75856 bytes,     590816 total
[2020-09-11T18:10:08.377+0000][1][gc,age       ] GC(123) - age   3:     115856 bytes,     706672 total
[2020-09-11T18:10:08.377+0000][1][gc,age       ] GC(123) - age   4:      66872 bytes,     773544 total
[2020-09-11T18:10:08.377+0000][1][gc,age       ] GC(123) - age   5:      20568 bytes,     794112 total
[2020-09-11T18:10:08.377+0000][1][gc,age       ] GC(123) - age   6:      16744 bytes,     810856 total
[2020-09-11T18:10:08.377+0000][1][gc,heap      ] GC(123) ParNew: 69695K->1014K(76672K)
[2020-09-11T18:10:08.377+0000][1][gc,heap      ] GC(123) CMS: 142943K->142950K(2011968K)
[2020-09-11T18:10:08.377+0000][1][gc,metaspace ] GC(123) Metaspace: 95273K->95273K(1136640K)
[2020-09-11T18:10:08.378+0000][1][gc           ] GC(123) Pause Young (Allocation Failure) 207M->140M(2039M) 36.230ms
[2020-09-11T18:10:08.378+0000][1][gc,cpu       ] GC(123) User=0.02s Sys=0.00s Real=0.03s
[2020-09-11T18:10:08.384+0000][1][safepoint    ] Safepoint "GenCollectForAllocation", Time since last: 646736397 ns, Reaching safepoint: 179907 ns, At safepoint: 42856601 ns, Total: 43036508 ns
[2020-09-11T18:10:09.391+0000][1][safepoint    ] Safepoint "Cleanup", Time since last: 1007244326 ns, Reaching safepoint: 94426 ns, At safepoint: 7868 ns, Total: 102294 ns
[2020-09-11T18:10:10.392+0000][1][safepoint    ] Safepoint "Cleanup", Time since last: 1000124207 ns, Reaching safepoint: 88146 ns, At safepoint: 10231 ns, Total: 98377 ns
[2020-09-11T18:10:11.392+0000][1][safepoint    ] Safepoint "Cleanup", Time since last: 1000130383 ns, Reaching safepoint: 93689 ns, At safepoint: 9894 ns, Total: 103583 ns
[2020-09-11T18:10:12.392+0000][1][safepoint    ] Safepoint "Cleanup", Time since last: 1000123366 ns, Reaching safepoint: 85042 ns, At safepoint: 10367 ns, Total: 95409 ns
[2020-09-11T18:10:12.706+0000][1][safepoint    ] Safepoint "RevokeBias", Time since last: 313444217 ns, Reaching safepoint: 84176 ns, At safepoint: 23775 ns, Total: 107951 ns
[2020-09-11T18:10:12.711+0000][1][safepoint    ] Safepoint "RevokeBias", Time since last: 4359442 ns, Reaching safepoint: 229312 ns, At safepoint: 272543 ns, Total: 501855 ns
[2020-09-11T18:10:13.711+0000][1][safepoint    ] Safepoint "Cleanup", Time since last: 1000112239 ns, Reaching safepoint: 90838 ns, At safepoint: 9386 ns, Total: 100224 ns
[2020-09-11T18:10:14.711+0000][1][safepoint    ] Safepoint "Cleanup", Time since last: 1000113393 ns, Reaching safepoint: 81772 ns, At safepoint: 9219 ns, Total: 90991 ns
[2020-09-11T18:10:14.834+0000][1][safepoint    ] Safepoint "RevokeBias", Time since last: 122604525 ns, Reaching safepoint: 243118 ns, At safepoint: 354918 ns, Total: 598036 ns
[2020-09-11T18:10:15.834+0000][1][safepoint    ] Safepoint "Cleanup", Time since last: 1000118556 ns, Reaching safepoint: 105707 ns, At safepoint: 9302 ns, Total: 115009 ns
[2020-09-11T18:10:16.835+0000][1][safepoint    ] Safepoint "Cleanup", Time since last: 1000117631 ns, Reaching safepoint: 85395 ns, At safepoint: 8123 ns, Total: 93518 ns
[2020-09-11T18:10:17.717+0000][1][safepoint    ] Safepoint "RevokeBias", Time since last: 881873505 ns, Reaching safepoint: 92935 ns, At safepoint: 21146 ns, Total: 114081 ns
[2020-09-11T18:10:17.735+0000][1][safepoint    ] Safepoint "RevokeBias", Time since last: 18030350 ns, Reaching safepoint: 89239 ns, At safepoint: 23957 ns, Total: 113196 ns
[2020-09-11T18:10:18.735+0000][1][safepoint    ] Safepoint "Cleanup", Time since last: 1000111403 ns, Reaching safepoint: 87699 ns, At safepoint: 7015 ns, Total: 94714 ns
[2020-09-11T18:10:19.735+0000][1][safepoint    ] Safepoint "Cleanup", Time since last: 1000116779 ns, Reaching safepoint: 81803 ns, At safepoint: 7970 ns, Total: 89773 ns
[2020-09-11T18:10:20.735+0000][1][safepoint    ] Safepoint "Cleanup", Time since last: 1000110784 ns, Reaching safepoint: 88997 ns, At safepoint: 6841 ns, Total: 95838 ns
[2020-09-11T18:10:21.736+0000][1][safepoint    ] Safepoint "Cleanup", Time since last: 1000109998 ns, Reaching safepoint: 90787 ns, At safepoint: 9550 ns, Total: 100337 ns
[2020-09-11T18:10:22.736+0000][1][safepoint    ] Safepoint "Cleanup", Time since last: 1000122947 ns, Reaching safepoint: 85135 ns, At safepoint: 8678 ns, Total: 93813 ns
[2020-09-11T18:10:22.749+0000][1][safepoint    ] Safepoint "RevokeBias", Time since last: 12296203 ns, Reaching safepoint: 269994 ns, At safepoint: 521841 ns, Total: 791835 ns
[2020-09-11T18:10:22.755+0000][1][safepoint    ] Safepoint "RevokeBias", Time since last: 5685333 ns, Reaching safepoint: 95771 ns, At safepoint: 37994 ns, Total: 133765 ns
[2020-09-11T18:10:23.187+0000][1][gc,start     ] GC(124) Pause Young (Allocation Failure)
[2020-09-11T18:10:23.187+0000][1][gc,task      ] GC(124) Using 1 workers of 1 for evacuation
[2020-09-11T18:10:23.217+0000][1][gc,age       ] GC(124) Desired survivor size 4358144 bytes, new threshold 6 (max threshold 6)
[2020-09-11T18:10:23.217+0000][1][gc,age       ] GC(124) Age table with threshold 6 (max threshold 6)
[2020-09-11T18:10:23.217+0000][1][gc,age       ] GC(124) - age   1:     155416 bytes,     155416 total
[2020-09-11T18:10:23.217+0000][1][gc,age       ] GC(124) - age   2:     421472 bytes,     576888 total
[2020-09-11T18:10:23.217+0000][1][gc,age       ] GC(124) - age   3:      72048 bytes,     648936 total
[2020-09-11T18:10:23.217+0000][1][gc,age       ] GC(124) - age   4:     115568 bytes,     764504 total
[2020-09-11T18:10:23.217+0000][1][gc,age       ] GC(124) - age   5:       6904 bytes,     771408 total
[2020-09-11T18:10:23.217+0000][1][gc,age       ] GC(124) - age   6:      13008 bytes,     784416 total
[2020-09-11T18:10:23.217+0000][1][gc,heap      ] GC(124) ParNew: 69174K->1441K(76672K)
[2020-09-11T18:10:23.217+0000][1][gc,heap      ] GC(124) CMS: 142950K->142967K(2011968K)
[2020-09-11T18:10:23.217+0000][1][gc,metaspace ] GC(124) Metaspace: 95291K->95291K(1136640K)
[2020-09-11T18:10:23.217+0000][1][gc           ] GC(124) Pause Young (Allocation Failure) 207M->141M(2039M) 29.435ms
[2020-09-11T18:10:23.220+0000][1][gc,cpu       ] GC(124) User=0.02s Sys=0.00s Real=0.03s
[2020-09-11T18:10:23.220+0000][1][safepoint    ] Safepoint "GenCollectForAllocation", Time since last: 432366806 ns, Reaching safepoint: 188355 ns, At safepoint: 33020956 ns, Total: 33209311 ns
[2020-09-11T18:10:24.245+0000][1][safepoint    ] Safepoint "Cleanup", Time since last: 1024553396 ns, Reaching safepoint: 82257 ns, At safepoint: 9391 ns, Total: 91648 ns
[2020-09-11T18:10:25.245+0000][1][safepoint    ] Safepoint "Cleanup", Time since last: 1000113204 ns, Reaching safepoint: 81112 ns, At safepoint: 9794 ns, Total: 90906 ns
[2020-09-11T18:10:25.853+0000][1][safepoint    ] Safepoint "RevokeBias", Time since last: 607383045 ns, Reaching safepoint: 89125 ns, At safepoint: 26706 ns, Total: 115831 ns
[2020-09-11T18:10:26.853+0000][1][safepoint    ] Safepoint "Cleanup", Time since last: 1000142390 ns, Reaching safepoint: 91535 ns, At safepoint: 7442 ns, Total: 98977 ns
[2020-09-11T18:10:27.765+0000][1][safepoint    ] Safepoint "RevokeBias", Time since last: 912008157 ns, Reaching safepoint: 168430 ns, At safepoint: 23360 ns, Total: 191790 ns
[2020-09-11T18:10:27.770+0000][1][safepoint    ] Safepoint "BulkRevokeBias", Time since last: 3904985 ns, Reaching safepoint: 240436 ns, At safepoint: 476405 ns, Total: 716841 ns
[2020-09-11T18:10:28.770+0000][1][safepoint    ] Safepoint "Cleanup", Time since last: 1000114284 ns, Reaching safepoint: 95180 ns, At safepoint: 7732 ns, Total: 102912 ns
[2020-09-11T18:10:29.770+0000][1][safepoint    ] Safepoint "Cleanup", Time since last: 1000114896 ns, Reaching safepoint: 89096 ns, At safepoint: 10117 ns, Total: 99213 ns
[2020-09-11T18:10:30.773+0000][1][safepoint    ] Safepoint "Cleanup", Time since last: 1002633338 ns, Reaching safepoint: 129956 ns, At safepoint: 10644 ns, Total: 140600 ns
[2020-09-11T18:10:31.773+0000][1][safepoint    ] Safepoint "Cleanup", Time since last: 1000109114 ns, Reaching safepoint: 82975 ns, At safepoint: 9179 ns, Total: 92154 ns
[2020-09-11T18:10:32.773+0000][1][safepoint    ] Safepoint "Cleanup", Time since last: 1000114436 ns, Reaching safepoint: 81668 ns, At safepoint: 8707 ns, Total: 90375 ns
[2020-09-11T18:10:32.786+0000][1][safepoint    ] Safepoint "RevokeBias", Time since last: 12816444 ns, Reaching safepoint: 167051 ns, At safepoint: 24050 ns, Total: 191101 ns
[2020-09-11T18:10:32.790+0000][1][safepoint    ] Safepoint "RevokeBias", Time since last: 3909776 ns, Reaching safepoint: 80716 ns, At safepoint: 21002 ns, Total: 101718 ns
[2020-09-11T18:10:33.791+0000][1][safepoint    ] Safepoint "Cleanup", Time since last: 1000115773 ns, Reaching safepoint: 88217 ns, At safepoint: 10247 ns, Total: 98464 ns
[2020-09-11T18:10:34.791+0000][1][safepoint    ] Safepoint "Cleanup", Time since last: 1000111924 ns, Reaching safepoint: 82759 ns, At safepoint: 9255 ns, Total: 92014 ns
[2020-09-11T18:10:35.791+0000][1][safepoint    ] Safepoint "Cleanup", Time since last: 1000112470 ns, Reaching safepoint: 85597 ns, At safepoint: 9121 ns, Total: 94718 ns
[2020-09-11T18:10:36.791+0000][1][safepoint    ] Safepoint "Cleanup", Time since last: 1000120990 ns, Reaching safepoint: 80191 ns, At safepoint: 7595 ns, Total: 87786 ns
[2020-09-11T18:10:36.879+0000][1][safepoint    ] Safepoint "RevokeBias", Time since last: 87402645 ns, Reaching safepoint: 92193 ns, At safepoint: 25910 ns, Total: 118103 ns
[2020-09-11T18:10:37.797+0000][1][safepoint    ] Safepoint "RevokeBias", Time since last: 917933057 ns, Reaching safepoint: 248825 ns, At safepoint: 287606 ns, Total: 536431 ns
[2020-09-11T18:10:37.803+0000][1][safepoint    ] Safepoint "RevokeBias", Time since last: 5979098 ns, Reaching safepoint: 170769 ns, At safepoint: 25175 ns, Total: 195944 ns
[2020-09-11T18:10:38.804+0000][1][safepoint    ] Safepoint "Cleanup", Time since last: 1000133594 ns, Reaching safepoint: 85119 ns, At safepoint: 7188 ns, Total: 92307 ns
[2020-09-11T18:10:39.804+0000][1][safepoint    ] Safepoint "Cleanup", Time since last: 1000121798 ns, Reaching safepoint: 87474 ns, At safepoint: 10140 ns, Total: 97614 ns
[2020-09-11T18:10:40.804+0000][1][safepoint    ] Safepoint "Cleanup", Time since last: 1000118217 ns, Reaching safepoint: 106164 ns, At safepoint: 7867 ns, Total: 114031 ns
[2020-09-11T18:10:41.804+0000][1][safepoint    ] Safepoint "Cleanup", Time since last: 1000117234 ns, Reaching safepoint: 91819 ns, At safepoint: 10254 ns, Total: 102073 ns
[2020-09-11T18:10:42.804+0000][1][safepoint    ] Safepoint "Cleanup", Time since last: 1000115955 ns, Reaching safepoint: 90228 ns, At safepoint: 10459 ns, Total: 100687 ns
[2020-09-11T18:10:42.818+0000][1][safepoint    ] Safepoint "RevokeBias", Time since last: 12974516 ns, Reaching safepoint: 244391 ns, At safepoint: 340725 ns, Total: 585116 ns
[2020-09-11T18:10:42.823+0000][1][safepoint    ] Safepoint "RevokeBias", Time since last: 4564810 ns, Reaching safepoint: 90132 ns, At safepoint: 37990 ns, Total: 128122 ns
[2020-09-11T18:10:43.823+0000][1][safepoint    ] Safepoint "Cleanup", Time since last: 1000116089 ns, Reaching safepoint: 92800 ns, At safepoint: 9097 ns, Total: 101897 ns
[2020-09-11T18:10:44.823+0000][1][safepoint    ] Safepoint "Cleanup", Time since last: 1000113690 ns, Reaching safepoint: 82033 ns, At safepoint: 9293 ns, Total: 91326 ns
[2020-09-11T18:10:45.823+0000][1][safepoint    ] Safepoint "Cleanup", Time since last: 1000114566 ns, Reaching safepoint: 97398 ns, At safepoint: 10901 ns, Total: 108299 ns
[2020-09-11T18:10:46.749+0000][1][gc,start     ] GC(125) Pause Young (Allocation Failure)
[2020-09-11T18:10:46.749+0000][1][gc,task      ] GC(125) Using 1 workers of 1 for evacuation
[2020-09-11T18:10:46.780+0000][1][gc,age       ] GC(125) Desired survivor size 4358144 bytes, new threshold 6 (max threshold 6)
[2020-09-11T18:10:46.780+0000][1][gc,age       ] GC(125) Age table with threshold 6 (max threshold 6)
[2020-09-11T18:10:46.780+0000][1][gc,age       ] GC(125) - age   1:     107488 bytes,     107488 total
[2020-09-11T18:10:46.780+0000][1][gc,age       ] GC(125) - age   2:      84936 bytes,     192424 total
[2020-09-11T18:10:46.780+0000][1][gc,age       ] GC(125) - age   3:     412720 bytes,     605144 total
[2020-09-11T18:10:46.780+0000][1][gc,age       ] GC(125) - age   4:      71712 bytes,     676856 total
[2020-09-11T18:10:46.780+0000][1][gc,age       ] GC(125) - age   5:     115536 bytes,     792392 total
[2020-09-11T18:10:46.780+0000][1][gc,age       ] GC(125) - age   6:       6904 bytes,     799296 total
[2020-09-11T18:10:46.780+0000][1][gc,heap      ] GC(125) ParNew: 69601K->934K(76672K)
[2020-09-11T18:10:46.780+0000][1][gc,heap      ] GC(125) CMS: 142967K->142979K(2011968K)
[2020-09-11T18:10:46.780+0000][1][gc,metaspace ] GC(125) Metaspace: 95335K->95335K(1136640K)
[2020-09-11T18:10:46.780+0000][1][gc           ] GC(125) Pause Young (Allocation Failure) 207M->140M(2039M) 31.242ms
[2020-09-11T18:10:46.780+0000][1][gc,cpu       ] GC(125) User=0.01s Sys=0.00s Real=0.03s
[2020-09-11T18:10:46.780+0000][1][safepoint    ] Safepoint "GenCollectForAllocation", Time since last: 925023482 ns, Reaching safepoint: 476964 ns, At safepoint: 31318238 ns, Total: 31795202 ns
[2020-09-11T18:10:47.793+0000][1][safepoint    ] Safepoint "Cleanup", Time since last: 1012676141 ns, Reaching safepoint: 91500 ns, At safepoint: 9389 ns, Total: 100889 ns
[2020-09-11T18:10:47.831+0000][1][safepoint    ] Safepoint "RevokeBias", Time since last: 37652824 ns, Reaching safepoint: 94694 ns, At safepoint: 26324 ns, Total: 121018 ns
[2020-09-11T18:10:47.835+0000][1][safepoint    ] Safepoint "RevokeBias", Time since last: 3726283 ns, Reaching safepoint: 248102 ns, At safepoint: 343664 ns, Total: 591766 ns
[2020-09-11T18:10:47.895+0000][1][safepoint    ] Safepoint "RevokeBias", Time since last: 59563760 ns, Reaching safepoint: 94457 ns, At safepoint: 26188 ns, Total: 120645 ns
[2020-09-11T18:10:48.895+0000][1][safepoint    ] Safepoint "Cleanup", Time since last: 1000128499 ns, Reaching safepoint: 94719 ns, At safepoint: 10080 ns, Total: 104799 ns
[2020-09-11T18:10:49.895+0000][1][safepoint    ] Safepoint "Cleanup", Time since last: 1000115478 ns, Reaching safepoint: 87607 ns, At safepoint: 9361 ns, Total: 96968 ns
[2020-09-11T18:10:50.896+0000][1][safepoint    ] Safepoint "Cleanup", Time since last: 1000105198 ns, Reaching safepoint: 1093608 ns, At safepoint: 13705 ns, Total: 1107313 ns
[2020-09-11T18:10:51.897+0000][1][safepoint    ] Safepoint "Cleanup", Time since last: 1000142752 ns, Reaching safepoint: 82954 ns, At safepoint: 9259 ns, Total: 92213 ns
[2020-09-11T18:10:52.841+0000][1][safepoint    ] Safepoint "RevokeBias", Time since last: 943899037 ns, Reaching safepoint: 271955 ns, At safepoint: 350872 ns, Total: 622827 ns
[2020-09-11T18:10:52.846+0000][1][safepoint    ] Safepoint "RevokeBias", Time since last: 4611254 ns, Reaching safepoint: 95850 ns, At safepoint: 26946 ns, Total: 122796 ns
[2020-09-11T18:10:53.846+0000][1][safepoint    ] Safepoint "Cleanup", Time since last: 1000113943 ns, Reaching safepoint: 83189 ns, At safepoint: 9696 ns, Total: 92885 ns
[2020-09-11T18:10:54.846+0000][1][safepoint    ] Safepoint "Cleanup", Time since last: 1000113470 ns, Reaching safepoint: 82553 ns, At safepoint: 9088 ns, Total: 91641 ns
[2020-09-11T18:10:55.846+0000][1][safepoint    ] Safepoint "Cleanup", Time since last: 1000108526 ns, Reaching safepoint: 79668 ns, At safepoint: 7083 ns, Total: 86751 ns
[2020-09-11T18:10:56.847+0000][1][safepoint    ] Safepoint "Cleanup", Time since last: 1000113425 ns, Reaching safepoint: 106334 ns, At safepoint: 7178 ns, Total: 113512 ns
[2020-09-11T18:10:57.847+0000][1][safepoint    ] Safepoint "Cleanup", Time since last: 1000120182 ns, Reaching safepoint: 88041 ns, At safepoint: 9439 ns, Total: 97480 ns
[2020-09-11T18:10:57.856+0000][1][safepoint    ] Safepoint "RevokeBias", Time since last: 8837404 ns, Reaching safepoint: 312718 ns, At safepoint: 355434 ns, Total: 668152 ns
[2020-09-11T18:10:57.888+0000][1][safepoint    ] Safepoint "RevokeBias", Time since last: 31861213 ns, Reaching safepoint: 166321 ns, At safepoint: 25953 ns, Total: 192274 ns
[2020-09-11T18:10:58.889+0000][1][safepoint    ] Safepoint "Cleanup", Time since last: 1000115340 ns, Reaching safepoint: 88735 ns, At safepoint: 7405 ns, Total: 96140 ns
[2020-09-11T18:10:58.915+0000][1][safepoint    ] Safepoint "RevokeBias", Time since last: 25769683 ns, Reaching safepoint: 78749 ns, At safepoint: 19619 ns, Total: 98368 ns
[2020-09-11T18:10:59.915+0000][1][safepoint    ] Safepoint "Cleanup", Time since last: 1000106649 ns, Reaching safepoint: 84345 ns, At safepoint: 9179 ns, Total: 93524 ns
[2020-09-11T18:11:00.915+0000][1][safepoint    ] Safepoint "Cleanup", Time since last: 1000111717 ns, Reaching safepoint: 89412 ns, At safepoint: 9817 ns, Total: 99229 ns
[2020-09-11T18:11:01.473+0000][1][gc,start     ] GC(126) Pause Young (Allocation Failure)
[2020-09-11T18:11:01.473+0000][1][gc,task      ] GC(126) Using 1 workers of 1 for evacuation
[2020-09-11T18:11:01.499+0000][1][gc,age       ] GC(126) Desired survivor size 4358144 bytes, new threshold 6 (max threshold 6)
[2020-09-11T18:11:01.499+0000][1][gc,age       ] GC(126) Age table with threshold 6 (max threshold 6)
[2020-09-11T18:11:01.499+0000][1][gc,age       ] GC(126) - age   1:     128328 bytes,     128328 total
[2020-09-11T18:11:01.499+0000][1][gc,age       ] GC(126) - age   2:      21240 bytes,     149568 total
[2020-09-11T18:11:01.499+0000][1][gc,age       ] GC(126) - age   3:      82504 bytes,     232072 total
[2020-09-11T18:11:01.499+0000][1][gc,age       ] GC(126) - age   4:     412680 bytes,     644752 total
[2020-09-11T18:11:01.499+0000][1][gc,age       ] GC(126) - age   5:      37312 bytes,     682064 total
[2020-09-11T18:11:01.499+0000][1][gc,age       ] GC(126) - age   6:     107048 bytes,     789112 total
[2020-09-11T18:11:01.499+0000][1][gc,heap      ] GC(126) ParNew: 69094K->1404K(76672K)
[2020-09-11T18:11:01.499+0000][1][gc,heap      ] GC(126) CMS: 142979K->142986K(2011968K)
[2020-09-11T18:11:01.499+0000][1][gc,metaspace ] GC(126) Metaspace: 95383K->95383K(1136640K)
[2020-09-11T18:11:01.500+0000][1][gc           ] GC(126) Pause Young (Allocation Failure) 207M->141M(2039M) 26.431ms
[2020-09-11T18:11:01.500+0000][1][gc,cpu       ] GC(126) User=0.01s Sys=0.00s Real=0.02s
[2020-09-11T18:11:01.501+0000][1][safepoint    ] Safepoint "GenCollectForAllocation", Time since last: 557960165 ns, Reaching safepoint: 161924 ns, At safepoint: 27684866 ns, Total: 27846790 ns
[2020-09-11T18:11:02.505+0000][1][safepoint    ] Safepoint "Cleanup", Time since last: 1004405727 ns, Reaching safepoint: 80518 ns, At safepoint: 17969 ns, Total: 98487 ns
[2020-09-11T18:11:02.912+0000][1][safepoint    ] Safepoint "RevokeBias", Time since last: 406638605 ns, Reaching safepoint: 101375 ns, At safepoint: 33208 ns, Total: 134583 ns
[2020-09-11T18:11:02.921+0000][1][safepoint    ] Safepoint "RevokeBias", Time since last: 7231064 ns, Reaching safepoint: 1238019 ns, At safepoint: 26121 ns, Total: 1264140 ns
[2020-09-11T18:11:03.921+0000][1][safepoint    ] Safepoint "Cleanup", Time since last: 1000110290 ns, Reaching safepoint: 123435 ns, At safepoint: 18634 ns, Total: 142069 ns
[2020-09-11T18:11:04.925+0000][1][safepoint    ] Safepoint "Cleanup", Time since last: 1003861155 ns, Reaching safepoint: 226418 ns, At safepoint: 8632 ns, Total: 235050 ns
[2020-09-11T18:11:05.925+0000][1][safepoint    ] Safepoint "Cleanup", Time since last: 1000107968 ns, Reaching safepoint: 77988 ns, At safepoint: 8913 ns, Total: 86901 ns
[2020-09-11T18:11:06.925+0000][1][safepoint    ] Safepoint "Cleanup", Time since last: 1000107678 ns, Reaching safepoint: 91758 ns, At safepoint: 9452 ns, Total: 101210 ns
[2020-09-11T18:11:07.926+0000][1][safepoint    ] Safepoint "Cleanup", Time since last: 1000114844 ns, Reaching safepoint: 82833 ns, At safepoint: 8011 ns, Total: 90844 ns
[2020-09-11T18:11:07.937+0000][1][safepoint    ] Safepoint "RevokeBias", Time since last: 11327037 ns, Reaching safepoint: 163567 ns, At safepoint: 23997 ns, Total: 187564 ns
[2020-09-11T18:11:07.957+0000][1][safepoint    ] Safepoint "RevokeBias", Time since last: 19971404 ns, Reaching safepoint: 85757 ns, At safepoint: 24220 ns, Total: 109977 ns
[2020-09-11T18:11:08.957+0000][1][safepoint    ] Safepoint "Cleanup", Time since last: 1000114107 ns, Reaching safepoint: 88186 ns, At safepoint: 6688 ns, Total: 94874 ns
[2020-09-11T18:11:09.935+0000][1][safepoint    ] Safepoint "RevokeBias", Time since last: 977238639 ns, Reaching safepoint: 96541 ns, At safepoint: 28492 ns, Total: 125033 ns
[2020-09-11T18:11:10.935+0000][1][safepoint    ] Safepoint "Cleanup", Time since last: 1000117671 ns, Reaching safepoint: 81832 ns, At safepoint: 9637 ns, Total: 91469 ns
[2020-09-11T18:11:11.935+0000][1][safepoint    ] Safepoint "Cleanup", Time since last: 1000119976 ns, Reaching safepoint: 82763 ns, At safepoint: 9948 ns, Total: 92711 ns
[2020-09-11T18:11:12.970+0000][1][safepoint    ] Safepoint "RevokeBias", Time since last: 1034033552 ns, Reaching safepoint: 246677 ns, At safepoint: 343012 ns, Total: 589689 ns
[2020-09-11T18:11:12.974+0000][1][safepoint    ] Safepoint "RevokeBias", Time since last: 4640606 ns, Reaching safepoint: 90992 ns, At safepoint: 25122 ns, Total: 116114 ns
[2020-09-11T18:11:13.975+0000][1][safepoint    ] Safepoint "Cleanup", Time since last: 1000113440 ns, Reaching safepoint: 86692 ns, At safepoint: 9329 ns, Total: 96021 ns
[2020-09-11T18:11:14.975+0000][1][safepoint    ] Safepoint "Cleanup", Time since last: 1000117809 ns, Reaching safepoint: 88996 ns, At safepoint: 7245 ns, Total: 96241 ns
[2020-09-11T18:11:15.990+0000][1][safepoint    ] Safepoint "Cleanup", Time since last: 1015115713 ns, Reaching safepoint: 97462 ns, At safepoint: 11239 ns, Total: 108701 ns
[2020-09-11T18:11:16.990+0000][1][safepoint    ] Safepoint "Cleanup", Time since last: 1000113219 ns, Reaching safepoint: 83230 ns, At safepoint: 9248 ns, Total: 92478 ns
[2020-09-11T18:11:17.987+0000][1][safepoint    ] Safepoint "RevokeBias", Time since last: 996280506 ns, Reaching safepoint: 97629 ns, At safepoint: 41935 ns, Total: 139564 ns
[2020-09-11T18:11:17.998+0000][1][safepoint    ] Safepoint "RevokeBias", Time since last: 11075180 ns, Reaching safepoint: 77987 ns, At safepoint: 21432 ns, Total: 99419 ns
[2020-09-11T18:11:18.998+0000][1][safepoint    ] Safepoint "Cleanup", Time since last: 1000097962 ns, Reaching safepoint: 82862 ns, At safepoint: 9310 ns, Total: 92172 ns
[2020-09-11T18:11:19.998+0000][1][safepoint    ] Safepoint "Cleanup", Time since last: 1000125528 ns, Reaching safepoint: 84400 ns, At safepoint: 9129 ns, Total: 93529 ns
[2020-09-11T18:11:20.681+0000][1][gc,start     ] GC(127) Pause Young (Allocation Failure)
[2020-09-11T18:11:20.681+0000][1][gc,task      ] GC(127) Using 1 workers of 1 for evacuation
[2020-09-11T18:11:20.708+0000][1][gc,age       ] GC(127) Desired survivor size 4358144 bytes, new threshold 6 (max threshold 6)
[2020-09-11T18:11:20.708+0000][1][gc,age       ] GC(127) Age table with threshold 6 (max threshold 6)
[2020-09-11T18:11:20.709+0000][1][gc,age       ] GC(127) - age   1:     679448 bytes,     679448 total
[2020-09-11T18:11:20.709+0000][1][gc,age       ] GC(127) - age   2:      65544 bytes,     744992 total
[2020-09-11T18:11:20.709+0000][1][gc,age       ] GC(127) - age   3:       7912 bytes,     752904 total
[2020-09-11T18:11:20.709+0000][1][gc,age       ] GC(127) - age   4:      82280 bytes,     835184 total
[2020-09-11T18:11:20.709+0000][1][gc,age       ] GC(127) - age   5:     129032 bytes,     964216 total
[2020-09-11T18:11:20.709+0000][1][gc,age       ] GC(127) - age   6:      37312 bytes,    1001528 total
[2020-09-11T18:11:20.709+0000][1][gc,heap      ] GC(127) ParNew: 69564K->1393K(76672K)
[2020-09-11T18:11:20.709+0000][1][gc,heap      ] GC(127) CMS: 142986K->143058K(2011968K)
[2020-09-11T18:11:20.709+0000][1][gc,metaspace ] GC(127) Metaspace: 95415K->95415K(1136640K)
[2020-09-11T18:11:20.709+0000][1][gc           ] GC(127) Pause Young (Allocation Failure) 207M->141M(2039M) 27.247ms
[2020-09-11T18:11:20.709+0000][1][gc,cpu       ] GC(127) User=0.01s Sys=0.00s Real=0.02s
[2020-09-11T18:11:20.709+0000][1][safepoint    ] Safepoint "GenCollectForAllocation", Time since last: 682850074 ns, Reaching safepoint: 157787 ns, At safepoint: 27322665 ns, Total: 27480452 ns
[2020-09-11T18:11:20.951+0000][1][safepoint    ] Safepoint "RevokeBias", Time since last: 242183288 ns, Reaching safepoint: 93411 ns, At safepoint: 37946 ns, Total: 131357 ns
[2020-09-11T18:11:21.951+0000][1][safepoint    ] Safepoint "Cleanup", Time since last: 1000116034 ns, Reaching safepoint: 85128 ns, At safepoint: 9362 ns, Total: 94490 ns
[2020-09-11T18:11:22.951+0000][1][safepoint    ] Safepoint "Cleanup", Time since last: 1000125793 ns, Reaching safepoint: 84034 ns, At safepoint: 9926 ns, Total: 93960 ns
[2020-09-11T18:11:23.005+0000][1][safepoint    ] Safepoint "RevokeBias", Time since last: 53046094 ns, Reaching safepoint: 87218 ns, At safepoint: 25702 ns, Total: 112920 ns
[2020-09-11T18:11:23.010+0000][1][safepoint    ] Safepoint "RevokeBias", Time since last: 5215752 ns, Reaching safepoint: 90912 ns, At safepoint: 25424 ns, Total: 116336 ns
[2020-09-11T18:11:24.010+0000][1][safepoint    ] Safepoint "Cleanup", Time since last: 1000111991 ns, Reaching safepoint: 87289 ns, At safepoint: 7489 ns, Total: 94778 ns
[2020-09-11T18:11:25.010+0000][1][safepoint    ] Safepoint "Cleanup", Time since last: 1000113299 ns, Reaching safepoint: 86677 ns, At safepoint: 18009 ns, Total: 104686 ns
[2020-09-11T18:11:26.016+0000][1][safepoint    ] Safepoint "Cleanup", Time since last: 1005532312 ns, Reaching safepoint: 84843 ns, At safepoint: 9184 ns, Total: 94027 ns
[2020-09-11T18:11:27.016+0000][1][safepoint    ] Safepoint "Cleanup", Time since last: 1000112530 ns, Reaching safepoint: 85986 ns, At safepoint: 7379 ns, Total: 93365 ns
[2020-09-11T18:11:28.016+0000][1][safepoint    ] Safepoint "Cleanup", Time since last: 1000117820 ns, Reaching safepoint: 83683 ns, At safepoint: 8476 ns, Total: 92159 ns
[2020-09-11T18:11:28.021+0000][1][safepoint    ] Safepoint "RevokeBias", Time since last: 4302198 ns, Reaching safepoint: 244739 ns, At safepoint: 321923 ns, Total: 566662 ns
[2020-09-11T18:11:28.033+0000][1][safepoint    ] Safepoint "RevokeBias", Time since last: 11952316 ns, Reaching safepoint: 169061 ns, At safepoint: 24511 ns, Total: 193572 ns
[2020-09-11T18:11:29.034+0000][1][safepoint    ] Safepoint "Cleanup", Time since last: 1000106244 ns, Reaching safepoint: 121494 ns, At safepoint: 8810 ns, Total: 130304 ns
[2020-09-11T18:11:30.034+0000][1][safepoint    ] Safepoint "Cleanup", Time since last: 1000112280 ns, Reaching safepoint: 90841 ns, At safepoint: 9237 ns, Total: 100078 ns
[2020-09-11T18:11:31.034+0000][1][safepoint    ] Safepoint "Cleanup", Time since last: 1000115255 ns, Reaching safepoint: 81545 ns, At safepoint: 8426 ns, Total: 89971 ns
[2020-09-11T18:11:31.967+0000][1][safepoint    ] Safepoint "BulkRevokeBias", Time since last: 932923258 ns, Reaching safepoint: 94365 ns, At safepoint: 237792 ns, Total: 332157 ns
[2020-09-11T18:11:32.967+0000][1][safepoint    ] Safepoint "Cleanup", Time since last: 1000109866 ns, Reaching safepoint: 82893 ns, At safepoint: 8849 ns, Total: 91742 ns
[2020-09-11T18:11:33.057+0000][1][safepoint    ] Safepoint "RevokeBias", Time since last: 89516005 ns, Reaching safepoint: 103506 ns, At safepoint: 23093 ns, Total: 126599 ns
[2020-09-11T18:11:33.066+0000][1][safepoint    ] Safepoint "RevokeBias", Time since last: 8531112 ns, Reaching safepoint: 83751 ns, At safepoint: 23549 ns, Total: 107300 ns
[2020-09-11T18:11:34.066+0000][1][safepoint    ] Safepoint "Cleanup", Time since last: 1000114843 ns, Reaching safepoint: 88774 ns, At safepoint: 10209 ns, Total: 98983 ns
[2020-09-11T18:11:35.066+0000][1][safepoint    ] Safepoint "Cleanup", Time since last: 1000111573 ns, Reaching safepoint: 83376 ns, At safepoint: 9476 ns, Total: 92852 ns
[2020-09-11T18:11:36.066+0000][1][safepoint    ] Safepoint "Cleanup", Time since last: 1000108965 ns, Reaching safepoint: 81223 ns, At safepoint: 7163 ns, Total: 88386 ns
[2020-09-11T18:11:37.070+0000][1][safepoint    ] Safepoint "Cleanup", Time since last: 1002370508 ns, Reaching safepoint: 1316505 ns, At safepoint: 24634 ns, Total: 1341139 ns
[2020-09-11T18:11:38.070+0000][1][safepoint    ] Safepoint "Cleanup", Time since last: 1000114792 ns, Reaching safepoint: 98612 ns, At safepoint: 9513 ns, Total: 108125 ns
[2020-09-11T18:11:38.076+0000][1][safepoint    ] Safepoint "RevokeBias", Time since last: 5939733 ns, Reaching safepoint: 90904 ns, At safepoint: 25261 ns, Total: 116165 ns
[2020-09-11T18:11:38.085+0000][1][safepoint    ] Safepoint "RevokeBias", Time since last: 8716922 ns, Reaching safepoint: 92191 ns, At safepoint: 22465 ns, Total: 114656 ns
[2020-09-11T18:11:39.085+0000][1][safepoint    ] Safepoint "Cleanup", Time since last: 1000111548 ns, Reaching safepoint: 89799 ns, At safepoint: 7070 ns, Total: 96869 ns
[2020-09-11T18:11:40.086+0000][1][safepoint    ] Safepoint "Cleanup", Time since last: 1000110742 ns, Reaching safepoint: 84386 ns, At safepoint: 6853 ns, Total: 91239 ns
[2020-09-11T18:11:41.086+0000][1][safepoint    ] Safepoint "Cleanup", Time since last: 1000111012 ns, Reaching safepoint: 102651 ns, At safepoint: 9827 ns, Total: 112478 ns
[2020-09-11T18:11:41.541+0000][1][gc,start     ] GC(128) Pause Young (Allocation Failure)
[2020-09-11T18:11:41.541+0000][1][gc,task      ] GC(128) Using 1 workers of 1 for evacuation
[2020-09-11T18:11:41.574+0000][1][gc,age       ] GC(128) Desired survivor size 4358144 bytes, new threshold 6 (max threshold 6)
[2020-09-11T18:11:41.574+0000][1][gc,age       ] GC(128) Age table with threshold 6 (max threshold 6)
[2020-09-11T18:11:41.574+0000][1][gc,age       ] GC(128) - age   1:     284096 bytes,     284096 total
[2020-09-11T18:11:41.574+0000][1][gc,age       ] GC(128) - age   2:     594072 bytes,     878168 total
[2020-09-11T18:11:41.574+0000][1][gc,age       ] GC(128) - age   3:      57056 bytes,     935224 total
[2020-09-11T18:11:41.574+0000][1][gc,age       ] GC(128) - age   4:       7328 bytes,     942552 total
[2020-09-11T18:11:41.574+0000][1][gc,age       ] GC(128) - age   5:      14856 bytes,     957408 total
[2020-09-11T18:11:41.574+0000][1][gc,age       ] GC(128) - age   6:      54824 bytes,    1012232 total
[2020-09-11T18:11:41.574+0000][1][gc,heap      ] GC(128) ParNew: 69553K->1699K(76672K)
[2020-09-11T18:11:41.574+0000][1][gc,heap      ] GC(128) CMS: 143058K->143091K(2011968K)
[2020-09-11T18:11:41.574+0000][1][gc,metaspace ] GC(128) Metaspace: 95444K->95444K(1136640K)
[2020-09-11T18:11:41.574+0000][1][gc           ] GC(128) Pause Young (Allocation Failure) 207M->141M(2039M) 32.872ms
[2020-09-11T18:11:41.574+0000][1][gc,cpu       ] GC(128) User=0.02s Sys=0.00s Real=0.03s
[2020-09-11T18:11:41.574+0000][1][safepoint    ] Safepoint "GenCollectForAllocation", Time since last: 453230748 ns, Reaching safepoint: 1786300 ns, At safepoint: 32946369 ns, Total: 34732669 ns
[2020-09-11T18:11:42.577+0000][1][safepoint    ] Safepoint "Cleanup", Time since last: 1003236920 ns, Reaching safepoint: 75354 ns, At safepoint: 19520 ns, Total: 94874 ns
[2020-09-11T18:11:42.985+0000][1][safepoint    ] Safepoint "RevokeBias", Time since last: 407673873 ns, Reaching safepoint: 94820 ns, At safepoint: 38681 ns, Total: 133501 ns
[2020-09-11T18:11:43.096+0000][1][safepoint    ] Safepoint "RevokeBias", Time since last: 110673486 ns, Reaching safepoint: 90902 ns, At safepoint: 39476 ns, Total: 130378 ns
[2020-09-11T18:11:43.100+0000][1][safepoint    ] Safepoint "RevokeBias", Time since last: 4473232 ns, Reaching safepoint: 91106 ns, At safepoint: 37380 ns, Total: 128486 ns
[2020-09-11T18:11:44.101+0000][1][safepoint    ] Safepoint "Cleanup", Time since last: 1000424069 ns, Reaching safepoint: 93622 ns, At safepoint: 20905 ns, Total: 114527 ns
[2020-09-11T18:11:45.101+0000][1][safepoint    ] Safepoint "Cleanup", Time since last: 1000112254 ns, Reaching safepoint: 83818 ns, At safepoint: 8836 ns, Total: 92654 ns
[2020-09-11T18:11:46.101+0000][1][safepoint    ] Safepoint "Cleanup", Time since last: 1000114236 ns, Reaching safepoint: 83568 ns, At safepoint: 9220 ns, Total: 92788 ns
[2020-09-11T18:11:47.102+0000][1][safepoint    ] Safepoint "Cleanup", Time since last: 1000106961 ns, Reaching safepoint: 162417 ns, At safepoint: 7997 ns, Total: 170414 ns
[2020-09-11T18:11:48.102+0000][1][safepoint    ] Safepoint "Cleanup", Time since last: 1000110063 ns, Reaching safepoint: 95547 ns, At safepoint: 10729 ns, Total: 106276 ns
[2020-09-11T18:11:48.111+0000][1][safepoint    ] Safepoint "RevokeBias", Time since last: 8687355 ns, Reaching safepoint: 93609 ns, At safepoint: 45449 ns, Total: 139058 ns
[2020-09-11T18:11:48.116+0000][1][safepoint    ] Safepoint "RevokeBias", Time since last: 5025915 ns, Reaching safepoint: 244140 ns, At safepoint: 336869 ns, Total: 581009 ns
[2020-09-11T18:11:49.116+0000][1][safepoint    ] Safepoint "Cleanup", Time since last: 1000117746 ns, Reaching safepoint: 84681 ns, At safepoint: 9631 ns, Total: 94312 ns
[2020-09-11T18:11:50.117+0000][1][safepoint    ] Safepoint "Cleanup", Time since last: 1000120571 ns, Reaching safepoint: 80962 ns, At safepoint: 8318 ns, Total: 89280 ns
[2020-09-11T18:11:51.120+0000][1][safepoint    ] Safepoint "Cleanup", Time since last: 1002743603 ns, Reaching safepoint: 210700 ns, At safepoint: 12188 ns, Total: 222888 ns
[2020-09-11T18:11:52.120+0000][1][safepoint    ] Safepoint "Cleanup", Time since last: 1000114891 ns, Reaching safepoint: 87012 ns, At safepoint: 9077 ns, Total: 96089 ns
[2020-09-11T18:11:53.120+0000][1][safepoint    ] Safepoint "Cleanup", Time since last: 1000129955 ns, Reaching safepoint: 86034 ns, At safepoint: 9238 ns, Total: 95272 ns
[2020-09-11T18:11:53.132+0000][1][safepoint    ] Safepoint "RevokeBias", Time since last: 11545194 ns, Reaching safepoint: 93148 ns, At safepoint: 23855 ns, Total: 117003 ns
[2020-09-11T18:11:53.135+0000][1][safepoint    ] Safepoint "RevokeBias", Time since last: 3419365 ns, Reaching safepoint: 95634 ns, At safepoint: 21821 ns, Total: 117455 ns
[2020-09-11T18:11:54.007+0000][1][safepoint    ] Safepoint "RevokeBias", Time since last: 871261971 ns, Reaching safepoint: 96191 ns, At safepoint: 26107 ns, Total: 122298 ns
[2020-09-11T18:11:55.007+0000][1][safepoint    ] Safepoint "Cleanup", Time since last: 1000127672 ns, Reaching safepoint: 82202 ns, At safepoint: 9638 ns, Total: 91840 ns
[2020-09-11T18:11:56.007+0000][1][safepoint    ] Safepoint "Cleanup", Time since last: 1000115541 ns, Reaching safepoint: 88583 ns, At safepoint: 9281 ns, Total: 97864 ns
[2020-09-11T18:11:57.007+0000][1][safepoint    ] Safepoint "Cleanup", Time since last: 1000112097 ns, Reaching safepoint: 86238 ns, At safepoint: 8549 ns, Total: 94787 ns
[2020-09-11T18:11:58.007+0000][1][safepoint    ] Safepoint "Cleanup", Time since last: 1000113124 ns, Reaching safepoint: 78598 ns, At safepoint: 6362 ns, Total: 84960 ns
[2020-09-11T18:11:58.145+0000][1][safepoint    ] Safepoint "RevokeBias", Time since last: 136952856 ns, Reaching safepoint: 99521 ns, At safepoint: 25456 ns, Total: 124977 ns
[2020-09-11T18:11:58.151+0000][1][safepoint    ] Safepoint "RevokeBias", Time since last: 6218781 ns, Reaching safepoint: 95513 ns, At safepoint: 25502 ns, Total: 121015 ns
[2020-09-11T18:12:00.677+0000][1][gc,start     ] GC(129) Pause Young (Allocation Failure)
[2020-09-11T18:12:00.677+0000][1][gc,task      ] GC(129) Using 1 workers of 1 for evacuation
[2020-09-11T18:12:00.710+0000][1][gc,age       ] GC(129) Desired survivor size 4358144 bytes, new threshold 6 (max threshold 6)
[2020-09-11T18:12:00.710+0000][1][gc,age       ] GC(129) Age table with threshold 6 (max threshold 6)
[2020-09-11T18:12:00.710+0000][1][gc,age       ] GC(129) - age   1:     230128 bytes,     230128 total
[2020-09-11T18:12:00.710+0000][1][gc,age       ] GC(129) - age   2:     208512 bytes,     438640 total
[2020-09-11T18:12:00.710+0000][1][gc,age       ] GC(129) - age   3:     590904 bytes,    1029544 total
[2020-09-11T18:12:00.710+0000][1][gc,age       ] GC(129) - age   4:      56992 bytes,    1086536 total
[2020-09-11T18:12:00.710+0000][1][gc,age       ] GC(129) - age   5:       7328 bytes,    1093864 total
[2020-09-11T18:12:00.710+0000][1][gc,age       ] GC(129) - age   6:      14856 bytes,    1108720 total
[2020-09-11T18:12:00.710+0000][1][gc,heap      ] GC(129) ParNew: 69859K->1166K(76672K)
[2020-09-11T18:12:00.710+0000][1][gc,heap      ] GC(129) CMS: 143091K->143098K(2011968K)
[2020-09-11T18:12:00.710+0000][1][gc,metaspace ] GC(129) Metaspace: 95464K->95464K(1136640K)
[2020-09-11T18:12:00.710+0000][1][gc           ] GC(129) Pause Young (Allocation Failure) 207M->140M(2039M) 32.996ms
[2020-09-11T18:12:00.710+0000][1][gc,cpu       ] GC(129) User=0.02s Sys=0.00s Real=0.03s
[2020-09-11T18:12:00.710+0000][1][safepoint    ] Safepoint "GenCollectForAllocation", Time since last: 2523419554 ns, Reaching safepoint: 2530876 ns, At safepoint: 33066073 ns, Total: 35596949 ns
[2020-09-11T18:12:03.159+0000][1][safepoint    ] Safepoint "RevokeBias", Time since last: 2449141058 ns, Reaching safepoint: 92311 ns, At safepoint: 26013 ns, Total: 118324 ns
[2020-09-11T18:12:03.171+0000][1][safepoint    ] Safepoint "RevokeBias", Time since last: 11644053 ns, Reaching safepoint: 170517 ns, At safepoint: 27478 ns, Total: 197995 ns
[2020-09-11T18:12:05.026+0000][1][safepoint    ] Safepoint "RevokeBias", Time since last: 1854569728 ns, Reaching safepoint: 89989 ns, At safepoint: 20964 ns, Total: 110953 ns
[2020-09-11T18:12:07.026+0000][1][safepoint    ] Safepoint "Cleanup", Time since last: 2000182022 ns, Reaching safepoint: 92066 ns, At safepoint: 9541 ns, Total: 101607 ns
[2020-09-11T18:12:08.176+0000][1][safepoint    ] Safepoint "RevokeBias", Time since last: 1150131788 ns, Reaching safepoint: 95056 ns, At safepoint: 26111 ns, Total: 121167 ns
[2020-09-11T18:12:08.182+0000][1][safepoint    ] Safepoint "RevokeBias", Time since last: 5161716 ns, Reaching safepoint: 93274 ns, At safepoint: 43435 ns, Total: 136709 ns
[2020-09-11T18:12:09.182+0000][1][safepoint    ] Safepoint "Cleanup", Time since last: 1000123773 ns, Reaching safepoint: 89729 ns, At safepoint: 9267 ns, Total: 98996 ns
[2020-09-11T18:12:13.194+0000][1][safepoint    ] Safepoint "RevokeBias", Time since last: 4011582249 ns, Reaching safepoint: 173283 ns, At safepoint: 27369 ns, Total: 200652 ns
[2020-09-11T18:12:13.198+0000][1][safepoint    ] Safepoint "RevokeBias", Time since last: 4224033 ns, Reaching safepoint: 248265 ns, At safepoint: 338924 ns, Total: 587189 ns
[2020-09-11T18:12:16.054+0000][1][safepoint    ] Safepoint "RevokeBias", Time since last: 2855970238 ns, Reaching safepoint: 113054 ns, At safepoint: 26633 ns, Total: 139687 ns
[2020-09-11T18:12:18.055+0000][1][safepoint    ] Safepoint "Cleanup", Time since last: 2000195943 ns, Reaching safepoint: 89446 ns, At safepoint: 9602 ns, Total: 99048 ns
[2020-09-11T18:12:18.204+0000][1][safepoint    ] Safepoint "RevokeBias", Time since last: 149616718 ns, Reaching safepoint: 98186 ns, At safepoint: 24732 ns, Total: 122918 ns
[2020-09-11T18:12:18.209+0000][1][safepoint    ] Safepoint "RevokeBias", Time since last: 3819782 ns, Reaching safepoint: 228008 ns, At safepoint: 310511 ns, Total: 538519 ns
[2020-09-11T18:12:19.152+0000][1][gc,start     ] GC(130) Pause Young (Allocation Failure)
[2020-09-11T18:12:19.153+0000][1][gc,task      ] GC(130) Using 1 workers of 1 for evacuation
[2020-09-11T18:12:19.191+0000][1][gc,age       ] GC(130) Desired survivor size 4358144 bytes, new threshold 6 (max threshold 6)
[2020-09-11T18:12:19.191+0000][1][gc,age       ] GC(130) Age table with threshold 6 (max threshold 6)
[2020-09-11T18:12:19.191+0000][1][gc,age       ] GC(130) - age   1:     105144 bytes,     105144 total
[2020-09-11T18:12:19.191+0000][1][gc,age       ] GC(130) - age   2:     141552 bytes,     246696 total
[2020-09-11T18:12:19.191+0000][1][gc,age       ] GC(130) - age   3:     203504 bytes,     450200 total
[2020-09-11T18:12:19.191+0000][1][gc,age       ] GC(130) - age   4:     590008 bytes,    1040208 total
[2020-09-11T18:12:19.191+0000][1][gc,age       ] GC(130) - age   5:      56992 bytes,    1097200 total
[2020-09-11T18:12:19.191+0000][1][gc,age       ] GC(130) - age   6:       7328 bytes,    1104528 total
[2020-09-11T18:12:19.191+0000][1][gc,heap      ] GC(130) ParNew: 69326K->1915K(76672K)
[2020-09-11T18:12:19.191+0000][1][gc,heap      ] GC(130) CMS: 143098K->143104K(2011968K)
[2020-09-11T18:12:19.191+0000][1][gc,metaspace ] GC(130) Metaspace: 95473K->95473K(1136640K)
[2020-09-11T18:12:19.191+0000][1][gc           ] GC(130) Pause Young (Allocation Failure) 207M->141M(2039M) 38.205ms
[2020-09-11T18:12:19.191+0000][1][gc,cpu       ] GC(130) User=0.01s Sys=0.00s Real=0.04s
[2020-09-11T18:12:19.192+0000][1][safepoint    ] Safepoint "GenCollectForAllocation", Time since last: 943409286 ns, Reaching safepoint: 182883 ns, At safepoint: 39645356 ns, Total: 39828239 ns
[2020-09-11T18:12:19.238+0000][1][safepoint    ] Safepoint "RevokeBias", Time since last: 45732245 ns, Reaching safepoint: 153648 ns, At safepoint: 21375 ns, Total: 175023 ns
[2020-09-11T18:12:19.621+0000][1][safepoint    ] Safepoint "RevokeBias", Time since last: 379317374 ns, Reaching safepoint: 3559854 ns, At safepoint: 27660 ns, Total: 3587514 ns
[2020-09-11T18:12:19.621+0000][1][safepoint    ] Safepoint "RevokeBias", Time since last: 135148 ns, Reaching safepoint: 129354 ns, At safepoint: 16291 ns, Total: 145645 ns
[2020-09-11T18:12:21.621+0000][1][safepoint    ] Safepoint "Cleanup", Time since last: 2000162469 ns, Reaching safepoint: 79287 ns, At safepoint: 7329 ns, Total: 86616 ns
[2020-09-11T18:12:23.217+0000][1][safepoint    ] Safepoint "RevokeBias", Time since last: 1595377650 ns, Reaching safepoint: 96555 ns, At safepoint: 25437 ns, Total: 121992 ns
[2020-09-11T18:12:23.221+0000][1][safepoint    ] Safepoint "RevokeBias", Time since last: 3442423 ns, Reaching safepoint: 234707 ns, At safepoint: 330044 ns, Total: 564751 ns
[2020-09-11T18:12:25.221+0000][1][safepoint    ] Safepoint "Cleanup", Time since last: 2000190070 ns, Reaching safepoint: 90856 ns, At safepoint: 10185 ns, Total: 101041 ns
[2020-09-11T18:12:27.071+0000][1][safepoint    ] Safepoint "RevokeBias", Time since last: 1849345557 ns, Reaching safepoint: 180288 ns, At safepoint: 26526 ns, Total: 206814 ns
[2020-09-11T18:12:28.226+0000][1][safepoint    ] Safepoint "RevokeBias", Time since last: 1154649815 ns, Reaching safepoint: 87961 ns, At safepoint: 25199 ns, Total: 113160 ns
[2020-09-11T18:12:28.230+0000][1][safepoint    ] Safepoint "RevokeBias", Time since last: 4326491 ns, Reaching safepoint: 134259 ns, At safepoint: 35632 ns, Total: 169891 ns
[2020-09-11T18:12:30.230+0000][1][safepoint    ] Safepoint "Cleanup", Time since last: 2000202323 ns, Reaching safepoint: 89411 ns, At safepoint: 9814 ns, Total: 99225 ns
[2020-09-11T18:12:31.231+0000][1][safepoint    ] Safepoint "Cleanup", Time since last: 1000114914 ns, Reaching safepoint: 88096 ns, At safepoint: 9654 ns, Total: 97750 ns
[2020-09-11T18:12:31.626+0000][1][gc,start     ] GC(131) Pause Young (Allocation Failure)
[2020-09-11T18:12:31.626+0000][1][gc,task      ] GC(131) Using 1 workers of 1 for evacuation
[2020-09-11T18:12:31.659+0000][1][gc,age       ] GC(131) Desired survivor size 4358144 bytes, new threshold 6 (max threshold 6)
[2020-09-11T18:12:31.659+0000][1][gc,age       ] GC(131) Age table with threshold 6 (max threshold 6)
[2020-09-11T18:12:31.659+0000][1][gc,age       ] GC(131) - age   1:     194368 bytes,     194368 total
[2020-09-11T18:12:31.659+0000][1][gc,age       ] GC(131) - age   2:      34976 bytes,     229344 total
[2020-09-11T18:12:31.659+0000][1][gc,age       ] GC(131) - age   3:     128496 bytes,     357840 total
[2020-09-11T18:12:31.659+0000][1][gc,age       ] GC(131) - age   4:     203504 bytes,     561344 total
[2020-09-11T18:12:31.659+0000][1][gc,age       ] GC(131) - age   5:     590008 bytes,    1151352 total
[2020-09-11T18:12:31.659+0000][1][gc,age       ] GC(131) - age   6:      51744 bytes,    1203096 total
[2020-09-11T18:12:31.659+0000][1][gc,heap      ] GC(131) ParNew: 70075K->1287K(76672K)
[2020-09-11T18:12:31.659+0000][1][gc,heap      ] GC(131) CMS: 143104K->143112K(2011968K)
[2020-09-11T18:12:31.659+0000][1][gc,metaspace ] GC(131) Metaspace: 95479K->95479K(1136640K)
[2020-09-11T18:12:31.659+0000][1][gc           ] GC(131) Pause Young (Allocation Failure) 208M->141M(2039M) 33.404ms
[2020-09-11T18:12:31.659+0000][1][gc,cpu       ] GC(131) User=0.02s Sys=0.00s Real=0.03s
[2020-09-11T18:12:31.659+0000][1][safepoint    ] Safepoint "GenCollectForAllocation", Time since last: 394823130 ns, Reaching safepoint: 155937 ns, At safepoint: 33477469 ns, Total: 33633406 ns
[2020-09-11T18:12:33.235+0000][1][safepoint    ] Safepoint "RevokeBias", Time since last: 1575844710 ns, Reaching safepoint: 88555 ns, At safepoint: 37662 ns, Total: 126217 ns
[2020-09-11T18:12:33.239+0000][1][safepoint    ] Safepoint "RevokeBias", Time since last: 4362345 ns, Reaching safepoint: 92649 ns, At safepoint: 36190 ns, Total: 128839 ns
[2020-09-11T18:12:34.240+0000][1][safepoint    ] Safepoint "Cleanup", Time since last: 1000546047 ns, Reaching safepoint: 88517 ns, At safepoint: 23362 ns, Total: 111879 ns
[2020-09-11T18:12:38.086+0000][1][safepoint    ] Safepoint "BulkRevokeBias", Time since last: 3845362690 ns, Reaching safepoint: 90970 ns, At safepoint: 240800 ns, Total: 331770 ns
[2020-09-11T18:12:38.246+0000][1][safepoint    ] Safepoint "RevokeBias", Time since last: 159560273 ns, Reaching safepoint: 93655 ns, At safepoint: 26876 ns, Total: 120531 ns
[2020-09-11T18:12:38.251+0000][1][safepoint    ] Safepoint "RevokeBias", Time since last: 5566152 ns, Reaching safepoint: 82420 ns, At safepoint: 23606 ns, Total: 106026 ns
[2020-09-11T18:12:39.251+0000][1][safepoint    ] Safepoint "Cleanup", Time since last: 1000111829 ns, Reaching safepoint: 85790 ns, At safepoint: 6918 ns, Total: 92708 ns
[2020-09-11T18:12:40.252+0000][1][safepoint    ] Safepoint "Cleanup", Time since last: 1000116384 ns, Reaching safepoint: 92201 ns, At safepoint: 9346 ns, Total: 101547 ns
[2020-09-11T18:12:43.256+0000][1][safepoint    ] Safepoint "RevokeBias", Time since last: 3004570278 ns, Reaching safepoint: 168171 ns, At safepoint: 25071 ns, Total: 193242 ns
[2020-09-11T18:12:43.260+0000][1][safepoint    ] Safepoint "RevokeBias", Time since last: 3361203 ns, Reaching safepoint: 232574 ns, At safepoint: 276854 ns, Total: 509428 ns
[2020-09-11T18:12:47.261+0000][1][safepoint    ] Safepoint "Cleanup", Time since last: 4000358354 ns, Reaching safepoint: 83806 ns, At safepoint: 7050 ns, Total: 90856 ns
[2020-09-11T18:12:48.266+0000][1][safepoint    ] Safepoint "RevokeBias", Time since last: 1005231072 ns, Reaching safepoint: 86745 ns, At safepoint: 24475 ns, Total: 111220 ns
[2020-09-11T18:12:48.273+0000][1][safepoint    ] Safepoint "RevokeBias", Time since last: 6393667 ns, Reaching safepoint: 90683 ns, At safepoint: 25670 ns, Total: 116353 ns
[2020-09-11T18:12:48.517+0000][1][gc,start     ] GC(132) Pause Young (Allocation Failure)
[2020-09-11T18:12:48.517+0000][1][gc,task      ] GC(132) Using 1 workers of 1 for evacuation
[2020-09-11T18:12:48.564+0000][1][gc,age       ] GC(132) Desired survivor size 4358144 bytes, new threshold 6 (max threshold 6)
[2020-09-11T18:12:48.564+0000][1][gc,age       ] GC(132) Age table with threshold 6 (max threshold 6)
[2020-09-11T18:12:48.564+0000][1][gc,age       ] GC(132) - age   1:     151664 bytes,     151664 total
[2020-09-11T18:12:48.564+0000][1][gc,age       ] GC(132) - age   2:     131488 bytes,     283152 total
[2020-09-11T18:12:48.564+0000][1][gc,age       ] GC(132) - age   3:      26496 bytes,     309648 total
[2020-09-11T18:12:48.564+0000][1][gc,age       ] GC(132) - age   4:     128296 bytes,     437944 total
[2020-09-11T18:12:48.564+0000][1][gc,age       ] GC(132) - age   5:     203504 bytes,     641448 total
[2020-09-11T18:12:48.564+0000][1][gc,age       ] GC(132) - age   6:     590008 bytes,    1231456 total
[2020-09-11T18:12:48.564+0000][1][gc,heap      ] GC(132) ParNew: 69447K->2084K(76672K)
[2020-09-11T18:12:48.564+0000][1][gc,heap      ] GC(132) CMS: 143112K->143120K(2011968K)
[2020-09-11T18:12:48.564+0000][1][gc,metaspace ] GC(132) Metaspace: 95511K->95511K(1136640K)
[2020-09-11T18:12:48.564+0000][1][gc           ] GC(132) Pause Young (Allocation Failure) 207M->141M(2039M) 47.222ms
[2020-09-11T18:12:48.564+0000][1][gc,cpu       ] GC(132) User=0.01s Sys=0.00s Real=0.05s
[2020-09-11T18:12:48.573+0000][1][safepoint    ] Safepoint "GenCollectForAllocation", Time since last: 239489893 ns, Reaching safepoint: 4820619 ns, At safepoint: 56027792 ns, Total: 60848411 ns
[2020-09-11T18:12:49.103+0000][1][safepoint    ] Safepoint "RevokeBias", Time since last: 529839282 ns, Reaching safepoint: 90057 ns, At safepoint: 21958 ns, Total: 112015 ns
[2020-09-11T18:12:51.103+0000][1][safepoint    ] Safepoint "Cleanup", Time since last: 2000194696 ns, Reaching safepoint: 90787 ns, At safepoint: 8417 ns, Total: 99204 ns
[2020-09-11T18:12:52.103+0000][1][safepoint    ] Safepoint "Cleanup", Time since last: 1000117795 ns, Reaching safepoint: 87529 ns, At safepoint: 10535 ns, Total: 98064 ns
[2020-09-11T18:12:53.289+0000][1][safepoint    ] Safepoint "RevokeBias", Time since last: 1185060999 ns, Reaching safepoint: 89493 ns, At safepoint: 25687 ns, Total: 115180 ns
[2020-09-11T18:12:53.292+0000][1][safepoint    ] Safepoint "RevokeBias", Time since last: 3676385 ns, Reaching safepoint: 145135 ns, At safepoint: 25592 ns, Total: 170727 ns
[2020-09-11T18:12:54.293+0000][1][safepoint    ] Safepoint "Cleanup", Time since last: 1000108710 ns, Reaching safepoint: 89033 ns, At safepoint: 9688 ns, Total: 98721 ns
[2020-09-11T18:12:57.293+0000][1][safepoint    ] Safepoint "Cleanup", Time since last: 3000288289 ns, Reaching safepoint: 91274 ns, At safepoint: 9241 ns, Total: 100515 ns
[2020-09-11T18:12:58.302+0000][1][safepoint    ] Safepoint "RevokeBias", Time since last: 1008603239 ns, Reaching safepoint: 174629 ns, At safepoint: 27705 ns, Total: 202334 ns
[2020-09-11T18:12:58.306+0000][1][safepoint    ] Safepoint "RevokeBias", Time since last: 3476344 ns, Reaching safepoint: 240636 ns, At safepoint: 333303 ns, Total: 573939 ns
[2020-09-11T18:12:59.306+0000][1][safepoint    ] Safepoint "Cleanup", Time since last: 1000116736 ns, Reaching safepoint: 89450 ns, At safepoint: 9499 ns, Total: 98949 ns
[2020-09-11T18:13:00.123+0000][1][safepoint    ] Safepoint "RevokeBias", Time since last: 816763646 ns, Reaching safepoint: 194091 ns, At safepoint: 28979 ns, Total: 223070 ns
[2020-09-11T18:13:01.123+0000][1][safepoint    ] Safepoint "Cleanup", Time since last: 1000128743 ns, Reaching safepoint: 93969 ns, At safepoint: 9905 ns, Total: 103874 ns
[2020-09-11T18:13:02.123+0000][1][safepoint    ] Safepoint "Cleanup", Time since last: 1000115929 ns, Reaching safepoint: 88265 ns, At safepoint: 9585 ns, Total: 97850 ns
[2020-09-11T18:13:03.313+0000][1][safepoint    ] Safepoint "RevokeBias", Time since last: 1188852478 ns, Reaching safepoint: 225986 ns, At safepoint: 318730 ns, Total: 544716 ns
[2020-09-11T18:13:03.317+0000][1][safepoint    ] Safepoint "RevokeBias", Time since last: 4130718 ns, Reaching safepoint: 92288 ns, At safepoint: 23515 ns, Total: 115803 ns
[2020-09-11T18:13:05.321+0000][1][safepoint    ] Safepoint "Cleanup", Time since last: 2003568080 ns, Reaching safepoint: 108363 ns, At safepoint: 8718 ns, Total: 117081 ns
[2020-09-11T18:13:08.340+0000][1][safepoint    ] Safepoint "RevokeBias", Time since last: 3018641880 ns, Reaching safepoint: 96472 ns, At safepoint: 21268 ns, Total: 117740 ns
[2020-09-11T18:13:08.352+0000][1][safepoint    ] Safepoint "RevokeBias", Time since last: 12625444 ns, Reaching safepoint: 88552 ns, At safepoint: 22465 ns, Total: 111017 ns
[2020-09-11T18:13:09.353+0000][1][safepoint    ] Safepoint "Cleanup", Time since last: 1000115304 ns, Reaching safepoint: 90584 ns, At safepoint: 10355 ns, Total: 100939 ns
[2020-09-11T18:13:11.142+0000][1][safepoint    ] Safepoint "RevokeBias", Time since last: 1789080192 ns, Reaching safepoint: 90579 ns, At safepoint: 27334 ns, Total: 117913 ns
[2020-09-11T18:13:11.708+0000][1][gc,start     ] GC(133) Pause Young (Allocation Failure)
[2020-09-11T18:13:11.708+0000][1][gc,task      ] GC(133) Using 1 workers of 1 for evacuation
[2020-09-11T18:13:11.740+0000][1][gc,age       ] GC(133) Desired survivor size 4358144 bytes, new threshold 6 (max threshold 6)
[2020-09-11T18:13:11.740+0000][1][gc,age       ] GC(133) Age table with threshold 6 (max threshold 6)
[2020-09-11T18:13:11.740+0000][1][gc,age       ] GC(133) - age   1:     485440 bytes,     485440 total
[2020-09-11T18:13:11.740+0000][1][gc,age       ] GC(133) - age   2:      68320 bytes,     553760 total
[2020-09-11T18:13:11.740+0000][1][gc,age       ] GC(133) - age   3:     121424 bytes,     675184 total
[2020-09-11T18:13:11.740+0000][1][gc,age       ] GC(133) - age   4:      25864 bytes,     701048 total
[2020-09-11T18:13:11.740+0000][1][gc,age       ] GC(133) - age   5:     128232 bytes,     829280 total
[2020-09-11T18:13:11.740+0000][1][gc,age       ] GC(133) - age   6:     203472 bytes,    1032752 total
[2020-09-11T18:13:11.741+0000][1][gc,heap      ] GC(133) ParNew: 70244K->1423K(76672K)
[2020-09-11T18:13:11.741+0000][1][gc,heap      ] GC(133) CMS: 143120K->143349K(2011968K)
[2020-09-11T18:13:11.741+0000][1][gc,metaspace ] GC(133) Metaspace: 95512K->95512K(1136640K)
[2020-09-11T18:13:11.741+0000][1][gc           ] GC(133) Pause Young (Allocation Failure) 208M->141M(2039M) 32.293ms
[2020-09-11T18:13:11.741+0000][1][gc,cpu       ] GC(133) User=0.02s Sys=0.00s Real=0.03s
[2020-09-11T18:13:11.741+0000][1][safepoint    ] Safepoint "GenCollectForAllocation", Time since last: 563664816 ns, Reaching safepoint: 2905364 ns, At safepoint: 32364873 ns, Total: 35270237 ns
[2020-09-11T18:13:13.361+0000][1][safepoint    ] Safepoint "RevokeBias", Time since last: 1620580724 ns, Reaching safepoint: 93183 ns, At safepoint: 37909 ns, Total: 131092 ns
[2020-09-11T18:13:13.365+0000][1][safepoint    ] Safepoint "RevokeBias", Time since last: 3340009 ns, Reaching safepoint: 227451 ns, At safepoint: 327590 ns, Total: 555041 ns
[2020-09-11T18:13:15.366+0000][1][safepoint    ] Safepoint "Cleanup", Time since last: 2000469309 ns, Reaching safepoint: 91572 ns, At safepoint: 10420 ns, Total: 101992 ns
[2020-09-11T18:13:17.367+0000][1][safepoint    ] Safepoint "Cleanup", Time since last: 2000949068 ns, Reaching safepoint: 97510 ns, At safepoint: 6767 ns, Total: 104277 ns
[2020-09-11T18:13:18.372+0000][1][safepoint    ] Safepoint "RevokeBias", Time since last: 1004537497 ns, Reaching safepoint: 86870 ns, At safepoint: 24368 ns, Total: 111238 ns
[2020-09-11T18:13:18.376+0000][1][safepoint    ] Safepoint "RevokeBias", Time since last: 4741791 ns, Reaching safepoint: 167407 ns, At safepoint: 22355 ns, Total: 189762 ns
[2020-09-11T18:13:19.377+0000][1][safepoint    ] Safepoint "Cleanup", Time since last: 1000110658 ns, Reaching safepoint: 92035 ns, At safepoint: 9619 ns, Total: 101654 ns
[2020-09-11T18:13:20.377+0000][1][safepoint    ] Safepoint "Cleanup", Time since last: 1000119825 ns, Reaching safepoint: 107956 ns, At safepoint: 9991 ns, Total: 117947 ns
[2020-09-11T18:13:21.381+0000][1][safepoint    ] Safepoint "Cleanup", Time since last: 1003872938 ns, Reaching safepoint: 223024 ns, At safepoint: 11654 ns, Total: 234678 ns
[2020-09-11T18:13:22.158+0000][1][safepoint    ] Safepoint "RevokeBias", Time since last: 776470088 ns, Reaching safepoint: 243273 ns, At safepoint: 358537 ns, Total: 601810 ns
[2020-09-11T18:13:23.158+0000][1][safepoint    ] Safepoint "Cleanup", Time since last: 1000119808 ns, Reaching safepoint: 92060 ns, At safepoint: 10129 ns, Total: 102189 ns
[2020-09-11T18:13:23.392+0000][1][safepoint    ] Safepoint "RevokeBias", Time since last: 233841045 ns, Reaching safepoint: 93293 ns, At safepoint: 27182 ns, Total: 120475 ns
[2020-09-11T18:13:23.396+0000][1][safepoint    ] Safepoint "RevokeBias", Time since last: 3463129 ns, Reaching safepoint: 100762 ns, At safepoint: 64791 ns, Total: 165553 ns
[2020-09-11T18:13:25.396+0000][1][safepoint    ] Safepoint "Cleanup", Time since last: 2000193003 ns, Reaching safepoint: 92445 ns, At safepoint: 9992 ns, Total: 102437 ns
[2020-09-11T18:13:27.396+0000][1][safepoint    ] Safepoint "Cleanup", Time since last: 2000194625 ns, Reaching safepoint: 88485 ns, At safepoint: 8937 ns, Total: 97422 ns
[2020-09-11T18:13:28.381+0000][1][gc,start     ] GC(134) Pause Young (Allocation Failure)
[2020-09-11T18:13:28.381+0000][1][gc,task      ] GC(134) Using 1 workers of 1 for evacuation
[2020-09-11T18:13:28.427+0000][1][gc,age       ] GC(134) Desired survivor size 4358144 bytes, new threshold 6 (max threshold 6)
[2020-09-11T18:13:28.427+0000][1][gc,age       ] GC(134) Age table with threshold 6 (max threshold 6)
[2020-09-11T18:13:28.427+0000][1][gc,age       ] GC(134) - age   1:     199528 bytes,     199528 total
[2020-09-11T18:13:28.427+0000][1][gc,age       ] GC(134) - age   2:     419456 bytes,     618984 total
[2020-09-11T18:13:28.427+0000][1][gc,age       ] GC(134) - age   3:      56928 bytes,     675912 total
[2020-09-11T18:13:28.427+0000][1][gc,age       ] GC(134) - age   4:     121424 bytes,     797336 total
[2020-09-11T18:13:28.427+0000][1][gc,age       ] GC(134) - age   5:      25864 bytes,     823200 total
[2020-09-11T18:13:28.427+0000][1][gc,age       ] GC(134) - age   6:     128232 bytes,     951432 total
[2020-09-11T18:13:28.427+0000][1][gc,heap      ] GC(134) ParNew: 69583K->934K(76672K)
[2020-09-11T18:13:28.427+0000][1][gc,heap      ] GC(134) CMS: 143349K->143465K(2011968K)
[2020-09-11T18:13:28.427+0000][1][gc,metaspace ] GC(134) Metaspace: 95521K->95521K(1138688K)
[2020-09-11T18:13:28.427+0000][1][gc           ] GC(134) Pause Young (Allocation Failure) 207M->141M(2039M) 45.774ms
[2020-09-11T18:13:28.427+0000][1][gc,cpu       ] GC(134) User=0.01s Sys=0.00s Real=0.04s
[2020-09-11T18:13:28.435+0000][1][safepoint    ] Safepoint "GenCollectForAllocation", Time since last: 983489475 ns, Reaching safepoint: 941791 ns, At safepoint: 54238721 ns, Total: 55180512 ns
[2020-09-11T18:13:28.447+0000][1][safepoint    ] Safepoint "RevokeBias", Time since last: 11716385 ns, Reaching safepoint: 85735 ns, At safepoint: 35363 ns, Total: 121098 ns
[2020-09-11T18:13:28.452+0000][1][safepoint    ] Safepoint "RevokeBias", Time since last: 4609096 ns, Reaching safepoint: 118617 ns, At safepoint: 47808 ns, Total: 166425 ns
[2020-09-11T18:13:29.461+0000][1][safepoint    ] Safepoint "Cleanup", Time since last: 1009248512 ns, Reaching safepoint: 90470 ns, At safepoint: 9516 ns, Total: 99986 ns
[2020-09-11T18:13:33.175+0000][1][safepoint    ] Safepoint "RevokeBias", Time since last: 3713827552 ns, Reaching safepoint: 172348 ns, At safepoint: 26783 ns, Total: 199131 ns
[2020-09-11T18:13:33.465+0000][1][safepoint    ] Safepoint "RevokeBias", Time since last: 289427785 ns, Reaching safepoint: 278118 ns, At safepoint: 345075 ns, Total: 623193 ns
[2020-09-11T18:13:33.470+0000][1][safepoint    ] Safepoint "RevokeBias", Time since last: 4274193 ns, Reaching safepoint: 92573 ns, At safepoint: 25237 ns, Total: 117810 ns
[2020-09-11T18:13:38.470+0000][1][safepoint    ] Safepoint "Cleanup", Time since last: 5000403809 ns, Reaching safepoint: 91877 ns, At safepoint: 9873 ns, Total: 101750 ns
[2020-09-11T18:13:38.479+0000][1][safepoint    ] Safepoint "RevokeBias", Time since last: 8954256 ns, Reaching safepoint: 87219 ns, At safepoint: 24384 ns, Total: 111603 ns
[2020-09-11T18:13:38.486+0000][1][safepoint    ] Safepoint "RevokeBias", Time since last: 6309325 ns, Reaching safepoint: 88117 ns, At safepoint: 23751 ns, Total: 111868 ns
[2020-09-11T18:13:39.486+0000][1][safepoint    ] Safepoint "Cleanup", Time since last: 1000110462 ns, Reaching safepoint: 89380 ns, At safepoint: 9026 ns, Total: 98406 ns
[2020-09-11T18:13:41.486+0000][1][safepoint    ] Safepoint "Cleanup", Time since last: 2000192661 ns, Reaching safepoint: 111846 ns, At safepoint: 9567 ns, Total: 121413 ns
[2020-09-11T18:13:43.513+0000][1][safepoint    ] Safepoint "BulkRevokeBias", Time since last: 2026168324 ns, Reaching safepoint: 247112 ns, At safepoint: 589495 ns, Total: 836607 ns
[2020-09-11T18:13:43.518+0000][1][safepoint    ] Safepoint "RevokeBias", Time since last: 4456320 ns, Reaching safepoint: 171043 ns, At safepoint: 27024 ns, Total: 198067 ns
[2020-09-11T18:13:44.190+0000][1][safepoint    ] Safepoint "RevokeBias", Time since last: 671514137 ns, Reaching safepoint: 247323 ns, At safepoint: 354907 ns, Total: 602230 ns
[2020-09-11T18:13:45.190+0000][1][safepoint    ] Safepoint "Cleanup", Time since last: 1000116023 ns, Reaching safepoint: 93850 ns, At safepoint: 10126 ns, Total: 103976 ns
[2020-09-11T18:13:47.202+0000][1][safepoint    ] Safepoint "Cleanup", Time since last: 2012187681 ns, Reaching safepoint: 92015 ns, At safepoint: 7140 ns, Total: 99155 ns
[2020-09-11T18:13:48.203+0000][1][safepoint    ] Safepoint "Cleanup", Time since last: 1000116357 ns, Reaching safepoint: 91471 ns, At safepoint: 8889 ns, Total: 100360 ns
[2020-09-11T18:13:48.527+0000][1][safepoint    ] Safepoint "RevokeBias", Time since last: 324640909 ns, Reaching safepoint: 88253 ns, At safepoint: 22732 ns, Total: 110985 ns
[2020-09-11T18:13:48.545+0000][1][safepoint    ] Safepoint "RevokeBias", Time since last: 17046573 ns, Reaching safepoint: 209024 ns, At safepoint: 24500 ns, Total: 233524 ns
[2020-09-11T18:13:48.554+0000][1][gc,start     ] GC(135) Pause Young (Allocation Failure)
[2020-09-11T18:13:48.554+0000][1][gc,task      ] GC(135) Using 1 workers of 1 for evacuation
[2020-09-11T18:13:48.596+0000][1][gc,age       ] GC(135) Desired survivor size 4358144 bytes, new threshold 6 (max threshold 6)
[2020-09-11T18:13:48.596+0000][1][gc,age       ] GC(135) Age table with threshold 6 (max threshold 6)
[2020-09-11T18:13:48.596+0000][1][gc,age       ] GC(135) - age   1:     320752 bytes,     320752 total
[2020-09-11T18:13:48.596+0000][1][gc,age       ] GC(135) - age   2:     106504 bytes,     427256 total
[2020-09-11T18:13:48.596+0000][1][gc,age       ] GC(135) - age   3:     411856 bytes,     839112 total
[2020-09-11T18:13:48.596+0000][1][gc,age       ] GC(135) - age   4:      56928 bytes,     896040 total
[2020-09-11T18:13:48.596+0000][1][gc,age       ] GC(135) - age   5:     121424 bytes,    1017464 total
[2020-09-11T18:13:48.596+0000][1][gc,age       ] GC(135) - age   6:      25832 bytes,    1043296 total
[2020-09-11T18:13:48.596+0000][1][gc,heap      ] GC(135) ParNew: 69094K->1860K(76672K)
[2020-09-11T18:13:48.596+0000][1][gc,heap      ] GC(135) CMS: 143465K->143587K(2011968K)
[2020-09-11T18:13:48.596+0000][1][gc,metaspace ] GC(135) Metaspace: 95533K->95533K(1138688K)
[2020-09-11T18:13:48.596+0000][1][gc           ] GC(135) Pause Young (Allocation Failure) 207M->142M(2039M) 41.620ms
[2020-09-11T18:13:48.596+0000][1][gc,cpu       ] GC(135) User=0.01s Sys=0.00s Real=0.04s
[2020-09-11T18:13:48.597+0000][1][safepoint    ] Safepoint "GenCollectForAllocation", Time since last: 3061371 ns, Reaching safepoint: 6373111 ns, At safepoint: 42721289 ns, Total: 49094400 ns
[2020-09-11T18:13:51.605+0000][1][safepoint    ] Safepoint "Cleanup", Time since last: 3007923092 ns, Reaching safepoint: 127973 ns, At safepoint: 9875 ns, Total: 137848 ns
[2020-09-11T18:13:52.605+0000][1][safepoint    ] Safepoint "Cleanup", Time since last: 1000105859 ns, Reaching safepoint: 92950 ns, At safepoint: 8694 ns, Total: 101644 ns
[2020-09-11T18:13:53.558+0000][1][safepoint    ] Safepoint "RevokeBias", Time since last: 952602207 ns, Reaching safepoint: 155045 ns, At safepoint: 25573 ns, Total: 180618 ns
[2020-09-11T18:13:53.566+0000][1][safepoint    ] Safepoint "RevokeBias", Time since last: 8524253 ns, Reaching safepoint: 87482 ns, At safepoint: 23467 ns, Total: 110949 ns
[2020-09-11T18:13:54.567+0000][1][safepoint    ] Safepoint "Cleanup", Time since last: 1000111550 ns, Reaching safepoint: 85944 ns, At safepoint: 7666 ns, Total: 93610 ns
[2020-09-11T18:13:55.206+0000][1][safepoint    ] Safepoint "RevokeBias", Time since last: 638630527 ns, Reaching safepoint: 254779 ns, At safepoint: 329422 ns, Total: 584201 ns
[2020-09-11T18:13:57.206+0000][1][safepoint    ] Safepoint "Cleanup", Time since last: 2000192770 ns, Reaching safepoint: 90275 ns, At safepoint: 7171 ns, Total: 97446 ns
[2020-09-11T18:13:58.585+0000][1][safepoint    ] Safepoint "RevokeBias", Time since last: 1378801612 ns, Reaching safepoint: 98147 ns, At safepoint: 22532 ns, Total: 120679 ns
[2020-09-11T18:13:58.594+0000][1][safepoint    ] Safepoint "RevokeBias", Time since last: 8518193 ns, Reaching safepoint: 82618 ns, At safepoint: 21520 ns, Total: 104138 ns
[2020-09-11T18:14:01.594+0000][1][safepoint    ] Safepoint "Cleanup", Time since last: 3000272816 ns, Reaching safepoint: 91692 ns, At safepoint: 9541 ns, Total: 101233 ns
[2020-09-11T18:14:02.594+0000][1][safepoint    ] Safepoint "Cleanup", Time since last: 1000114480 ns, Reaching safepoint: 83756 ns, At safepoint: 9207 ns, Total: 92963 ns
[2020-09-11T18:14:03.595+0000][1][safepoint    ] Safepoint "Cleanup", Time since last: 1000112903 ns, Reaching safepoint: 81628 ns, At safepoint: 8850 ns, Total: 90478 ns
[2020-09-11T18:14:03.621+0000][1][safepoint    ] Safepoint "RevokeBias", Time since last: 26550149 ns, Reaching safepoint: 92286 ns, At safepoint: 25733 ns, Total: 118019 ns
[2020-09-11T18:14:03.628+0000][1][safepoint    ] Safepoint "RevokeBias", Time since last: 6509271 ns, Reaching safepoint: 86797 ns, At safepoint: 26724 ns, Total: 113521 ns
[2020-09-11T18:14:04.628+0000][1][safepoint    ] Safepoint "Cleanup", Time since last: 1000115848 ns, Reaching safepoint: 84518 ns, At safepoint: 7616 ns, Total: 92134 ns
[2020-09-11T18:14:05.628+0000][1][safepoint    ] Safepoint "Cleanup", Time since last: 1000119437 ns, Reaching safepoint: 88057 ns, At safepoint: 10057 ns, Total: 98114 ns
[2020-09-11T18:14:06.237+0000][1][safepoint    ] Safepoint "RevokeBias", Time since last: 604846795 ns, Reaching safepoint: 3809582 ns, At safepoint: 34217 ns, Total: 3843799 ns
[2020-09-11T18:14:07.237+0000][1][safepoint    ] Safepoint "Cleanup", Time since last: 1000115761 ns, Reaching safepoint: 84852 ns, At safepoint: 9510 ns, Total: 94362 ns
[2020-09-11T18:14:08.237+0000][1][safepoint    ] Safepoint "Cleanup", Time since last: 1000116165 ns, Reaching safepoint: 82065 ns, At safepoint: 7903 ns, Total: 89968 ns
[2020-09-11T18:14:08.549+0000][1][gc,start     ] GC(136) Pause Young (Allocation Failure)
[2020-09-11T18:14:08.549+0000][1][gc,task      ] GC(136) Using 1 workers of 1 for evacuation
[2020-09-11T18:14:08.593+0000][1][gc,age       ] GC(136) Desired survivor size 4358144 bytes, new threshold 6 (max threshold 6)
[2020-09-11T18:14:08.593+0000][1][gc,age       ] GC(136) Age table with threshold 6 (max threshold 6)
[2020-09-11T18:14:08.593+0000][1][gc,age       ] GC(136) - age   1:     165952 bytes,     165952 total
[2020-09-11T18:14:08.593+0000][1][gc,age       ] GC(136) - age   2:     139080 bytes,     305032 total
[2020-09-11T18:14:08.593+0000][1][gc,age       ] GC(136) - age   3:     101512 bytes,     406544 total
[2020-09-11T18:14:08.593+0000][1][gc,age       ] GC(136) - age   4:     411760 bytes,     818304 total
[2020-09-11T18:14:08.593+0000][1][gc,age       ] GC(136) - age   5:      56928 bytes,     875232 total
[2020-09-11T18:14:08.593+0000][1][gc,age       ] GC(136) - age   6:     121392 bytes,     996624 total
[2020-09-11T18:14:08.593+0000][1][gc,heap      ] GC(136) ParNew: 70020K->1229K(76672K)
[2020-09-11T18:14:08.593+0000][1][gc,heap      ] GC(136) CMS: 143587K->143613K(2011968K)
[2020-09-11T18:14:08.593+0000][1][gc,metaspace ] GC(136) Metaspace: 95541K->95541K(1138688K)
[2020-09-11T18:14:08.596+0000][1][gc           ] GC(136) Pause Young (Allocation Failure) 208M->141M(2039M) 46.859ms
[2020-09-11T18:14:08.596+0000][1][gc,cpu       ] GC(136) User=0.02s Sys=0.00s Real=0.05s
[2020-09-11T18:14:08.601+0000][1][safepoint    ] Safepoint "GenCollectForAllocation", Time since last: 311897550 ns, Reaching safepoint: 160263 ns, At safepoint: 51685411 ns, Total: 51845674 ns
[2020-09-11T18:14:08.665+0000][1][safepoint    ] Safepoint "RevokeBias", Time since last: 63331708 ns, Reaching safepoint: 84037 ns, At safepoint: 35968 ns, Total: 120005 ns
[2020-09-11T18:14:08.717+0000][1][safepoint    ] Safepoint "RevokeBias", Time since last: 52714128 ns, Reaching safepoint: 88093 ns, At safepoint: 34537 ns, Total: 122630 ns
[2020-09-11T18:14:09.718+0000][1][safepoint    ] Safepoint "Cleanup", Time since last: 1000477259 ns, Reaching safepoint: 84273 ns, At safepoint: 10189 ns, Total: 94462 ns
[2020-09-11T18:14:10.718+0000][1][safepoint    ] Safepoint "Cleanup", Time since last: 1000117871 ns, Reaching safepoint: 83791 ns, At safepoint: 7423 ns, Total: 91214 ns
[2020-09-11T18:14:11.718+0000][1][safepoint    ] Safepoint "Cleanup", Time since last: 1000117534 ns, Reaching safepoint: 82654 ns, At safepoint: 9089 ns, Total: 91743 ns
[2020-09-11T18:14:12.719+0000][1][safepoint    ] Safepoint "Cleanup", Time since last: 1000117106 ns, Reaching safepoint: 84309 ns, At safepoint: 10079 ns, Total: 94388 ns
[2020-09-11T18:14:13.719+0000][1][safepoint    ] Safepoint "Cleanup", Time since last: 1000116549 ns, Reaching safepoint: 83184 ns, At safepoint: 9358 ns, Total: 92542 ns
[2020-09-11T18:14:13.722+0000][1][safepoint    ] Safepoint "RevokeBias", Time since last: 3002230 ns, Reaching safepoint: 83099 ns, At safepoint: 25385 ns, Total: 108484 ns
[2020-09-11T18:14:13.728+0000][1][safepoint    ] Safepoint "RevokeBias", Time since last: 5580955 ns, Reaching safepoint: 172555 ns, At safepoint: 26748 ns, Total: 199303 ns
[2020-09-11T18:14:14.728+0000][1][safepoint    ] Safepoint "Cleanup", Time since last: 1000120753 ns, Reaching safepoint: 80897 ns, At safepoint: 7051 ns, Total: 87948 ns
[2020-09-11T18:14:15.728+0000][1][safepoint    ] Safepoint "Cleanup", Time since last: 1000123327 ns, Reaching safepoint: 100822 ns, At safepoint: 8608 ns, Total: 109430 ns
[2020-09-11T18:14:16.728+0000][1][safepoint    ] Safepoint "Cleanup", Time since last: 1000128869 ns, Reaching safepoint: 82702 ns, At safepoint: 9483 ns, Total: 92185 ns
[2020-09-11T18:14:17.254+0000][1][safepoint    ] Safepoint "RevokeBias", Time since last: 525777072 ns, Reaching safepoint: 164722 ns, At safepoint: 23351 ns, Total: 188073 ns
[2020-09-11T18:14:18.254+0000][1][safepoint    ] Safepoint "Cleanup", Time since last: 1000111261 ns, Reaching safepoint: 83447 ns, At safepoint: 9161 ns, Total: 92608 ns
[2020-09-11T18:14:18.735+0000][1][safepoint    ] Safepoint "RevokeBias", Time since last: 480197447 ns, Reaching safepoint: 101661 ns, At safepoint: 24755 ns, Total: 126416 ns
[2020-09-11T18:14:18.740+0000][1][safepoint    ] Safepoint "RevokeBias", Time since last: 5316829 ns, Reaching safepoint: 91971 ns, At safepoint: 24789 ns, Total: 116760 ns
[2020-09-11T18:14:19.740+0000][1][safepoint    ] Safepoint "Cleanup", Time since last: 1000114895 ns, Reaching safepoint: 91570 ns, At safepoint: 9053 ns, Total: 100623 ns
[2020-09-11T18:14:20.741+0000][1][safepoint    ] Safepoint "Cleanup", Time since last: 1000138331 ns, Reaching safepoint: 90664 ns, At safepoint: 7412 ns, Total: 98076 ns
[2020-09-11T18:14:21.741+0000][1][safepoint    ] Safepoint "Cleanup", Time since last: 1000137134 ns, Reaching safepoint: 79190 ns, At safepoint: 6955 ns, Total: 86145 ns
[2020-09-11T18:14:22.741+0000][1][safepoint    ] Safepoint "Cleanup", Time since last: 1000111846 ns, Reaching safepoint: 90043 ns, At safepoint: 8691 ns, Total: 98734 ns
[2020-09-11T18:14:23.741+0000][1][safepoint    ] Safepoint "Cleanup", Time since last: 1000112199 ns, Reaching safepoint: 82782 ns, At safepoint: 8660 ns, Total: 91442 ns
[2020-09-11T18:14:23.748+0000][1][safepoint    ] Safepoint "RevokeBias", Time since last: 5620774 ns, Reaching safepoint: 253818 ns, At safepoint: 360345 ns, Total: 614163 ns
[2020-09-11T18:14:23.752+0000][1][safepoint    ] Safepoint "RevokeBias", Time since last: 4505093 ns, Reaching safepoint: 93765 ns, At safepoint: 26353 ns, Total: 120118 ns
[2020-09-11T18:14:24.752+0000][1][safepoint    ] Safepoint "Cleanup", Time since last: 1000116909 ns, Reaching safepoint: 91648 ns, At safepoint: 9995 ns, Total: 101643 ns
[2020-09-11T18:14:25.753+0000][1][safepoint    ] Safepoint "Cleanup", Time since last: 1000119563 ns, Reaching safepoint: 87744 ns, At safepoint: 7639 ns, Total: 95383 ns
[2020-09-11T18:14:26.753+0000][1][safepoint    ] Safepoint "Cleanup", Time since last: 1000138646 ns, Reaching safepoint: 78813 ns, At safepoint: 6653 ns, Total: 85466 ns
[2020-09-11T18:14:27.753+0000][1][safepoint    ] Safepoint "Cleanup", Time since last: 1000099930 ns, Reaching safepoint: 85600 ns, At safepoint: 9420 ns, Total: 95020 ns
[2020-09-11T18:14:28.270+0000][1][safepoint    ] Safepoint "RevokeBias", Time since last: 516498515 ns, Reaching safepoint: 236431 ns, At safepoint: 323534 ns, Total: 559965 ns
[2020-09-11T18:14:28.436+0000][1][gc,start     ] GC(137) Pause Young (Allocation Failure)
[2020-09-11T18:14:28.436+0000][1][gc,task      ] GC(137) Using 1 workers of 1 for evacuation
[2020-09-11T18:14:28.462+0000][1][gc,age       ] GC(137) Desired survivor size 4358144 bytes, new threshold 6 (max threshold 6)
[2020-09-11T18:14:28.462+0000][1][gc,age       ] GC(137) Age table with threshold 6 (max threshold 6)
[2020-09-11T18:14:28.462+0000][1][gc,age       ] GC(137) - age   1:     107120 bytes,     107120 total
[2020-09-11T18:14:28.462+0000][1][gc,age       ] GC(137) - age   2:      70112 bytes,     177232 total
[2020-09-11T18:14:28.462+0000][1][gc,age       ] GC(137) - age   3:     135552 bytes,     312784 total
[2020-09-11T18:14:28.462+0000][1][gc,age       ] GC(137) - age   4:     100896 bytes,     413680 total
[2020-09-11T18:14:28.462+0000][1][gc,age       ] GC(137) - age   5:     411568 bytes,     825248 total
[2020-09-11T18:14:28.462+0000][1][gc,age       ] GC(137) - age   6:      56928 bytes,     882176 total
[2020-09-11T18:14:28.463+0000][1][gc,heap      ] GC(137) ParNew: 69389K->883K(76672K)
[2020-09-11T18:14:28.463+0000][1][gc,heap      ] GC(137) CMS: 143613K->143727K(2011968K)
[2020-09-11T18:14:28.463+0000][1][gc,metaspace ] GC(137) Metaspace: 95570K->95570K(1138688K)
[2020-09-11T18:14:28.463+0000][1][gc           ] GC(137) Pause Young (Allocation Failure) 208M->141M(2039M) 26.915ms
[2020-09-11T18:14:28.463+0000][1][gc,cpu       ] GC(137) User=0.02s Sys=0.00s Real=0.03s
[2020-09-11T18:14:28.463+0000][1][safepoint    ] Safepoint "GenCollectForAllocation", Time since last: 165361308 ns, Reaching safepoint: 167321 ns, At safepoint: 27026336 ns, Total: 27193657 ns
[2020-09-11T18:14:28.777+0000][1][safepoint    ] Safepoint "RevokeBias", Time since last: 314324990 ns, Reaching safepoint: 200579 ns, At safepoint: 24055 ns, Total: 224634 ns
[2020-09-11T18:14:28.801+0000][1][safepoint    ] Safepoint "RevokeBias", Time since last: 23161835 ns, Reaching safepoint: 535966 ns, At safepoint: 278581 ns, Total: 814547 ns
[2020-09-11T18:14:29.801+0000][1][safepoint    ] Safepoint "Cleanup", Time since last: 1000132767 ns, Reaching safepoint: 86037 ns, At safepoint: 9833 ns, Total: 95870 ns
[2020-09-11T18:14:30.802+0000][1][safepoint    ] Safepoint "Cleanup", Time since last: 1000105657 ns, Reaching safepoint: 81159 ns, At safepoint: 8246 ns, Total: 89405 ns
[2020-09-11T18:14:31.802+0000][1][safepoint    ] Safepoint "Cleanup", Time since last: 1000140559 ns, Reaching safepoint: 84394 ns, At safepoint: 9543 ns, Total: 93937 ns
[2020-09-11T18:14:32.802+0000][1][safepoint    ] Safepoint "Cleanup", Time since last: 1000115264 ns, Reaching safepoint: 83688 ns, At safepoint: 8834 ns, Total: 92522 ns
[2020-09-11T18:14:33.802+0000][1][safepoint    ] Safepoint "Cleanup", Time since last: 1000113881 ns, Reaching safepoint: 83076 ns, At safepoint: 9471 ns, Total: 92547 ns
[2020-09-11T18:14:33.806+0000][1][safepoint    ] Safepoint "RevokeBias", Time since last: 3802291 ns, Reaching safepoint: 90630 ns, At safepoint: 37000 ns, Total: 127630 ns
[2020-09-11T18:14:33.810+0000][1][safepoint    ] Safepoint "RevokeBias", Time since last: 3403770 ns, Reaching safepoint: 240234 ns, At safepoint: 330103 ns, Total: 570337 ns
[2020-09-11T18:14:34.810+0000][1][safepoint    ] Safepoint "Cleanup", Time since last: 1000106961 ns, Reaching safepoint: 77901 ns, At safepoint: 6492 ns, Total: 84393 ns
[2020-09-11T18:14:35.811+0000][1][safepoint    ] Safepoint "Cleanup", Time since last: 1000107085 ns, Reaching safepoint: 99877 ns, At safepoint: 10000 ns, Total: 109877 ns
[2020-09-11T18:14:36.811+0000][1][safepoint    ] Safepoint "Cleanup", Time since last: 1000115091 ns, Reaching safepoint: 84917 ns, At safepoint: 9591 ns, Total: 94508 ns
[2020-09-11T18:14:37.811+0000][1][safepoint    ] Safepoint "Cleanup", Time since last: 1000117442 ns, Reaching safepoint: 84125 ns, At safepoint: 10090 ns, Total: 94215 ns
[2020-09-11T18:14:38.811+0000][1][safepoint    ] Safepoint "Cleanup", Time since last: 1000118466 ns, Reaching safepoint: 84821 ns, At safepoint: 8903 ns, Total: 93724 ns
[2020-09-11T18:14:38.817+0000][1][safepoint    ] Safepoint "RevokeBias", Time since last: 5805161 ns, Reaching safepoint: 93256 ns, At safepoint: 25847 ns, Total: 119103 ns
[2020-09-11T18:14:38.825+0000][1][safepoint    ] Safepoint "RevokeBias", Time since last: 7560901 ns, Reaching safepoint: 108983 ns, At safepoint: 26685 ns, Total: 135668 ns
[2020-09-11T18:14:39.290+0000][1][safepoint    ] Safepoint "RevokeBias", Time since last: 465201374 ns, Reaching safepoint: 95152 ns, At safepoint: 26907 ns, Total: 122059 ns
[2020-09-11T18:14:40.290+0000][1][safepoint    ] Safepoint "Cleanup", Time since last: 1000115656 ns, Reaching safepoint: 94357 ns, At safepoint: 9085 ns, Total: 103442 ns
[2020-09-11T18:14:41.291+0000][1][safepoint    ] Safepoint "Cleanup", Time since last: 1000114133 ns, Reaching safepoint: 84811 ns, At safepoint: 9397 ns, Total: 94208 ns
[2020-09-11T18:14:42.291+0000][1][safepoint    ] Safepoint "Cleanup", Time since last: 1000116873 ns, Reaching safepoint: 92729 ns, At safepoint: 9661 ns, Total: 102390 ns
[2020-09-11T18:14:43.291+0000][1][safepoint    ] Safepoint "Cleanup", Time since last: 1000113183 ns, Reaching safepoint: 83440 ns, At safepoint: 8928 ns, Total: 92368 ns
[2020-09-11T18:14:43.831+0000][1][safepoint    ] Safepoint "RevokeBias", Time since last: 539454498 ns, Reaching safepoint: 86892 ns, At safepoint: 25013 ns, Total: 111905 ns
[2020-09-11T18:14:43.835+0000][1][safepoint    ] Safepoint "RevokeBias", Time since last: 4124420 ns, Reaching safepoint: 91451 ns, At safepoint: 25677 ns, Total: 117128 ns
[2020-09-11T18:14:44.835+0000][1][safepoint    ] Safepoint "Cleanup", Time since last: 1000110675 ns, Reaching safepoint: 80258 ns, At safepoint: 8295 ns, Total: 88553 ns
[2020-09-11T18:14:45.835+0000][1][safepoint    ] Safepoint "Cleanup", Time since last: 1000112995 ns, Reaching safepoint: 85530 ns, At safepoint: 7842 ns, Total: 93372 ns
[2020-09-11T18:14:46.835+0000][1][safepoint    ] Safepoint "Cleanup", Time since last: 1000108323 ns, Reaching safepoint: 72124 ns, At safepoint: 5996 ns, Total: 78120 ns
[2020-09-11T18:14:47.836+0000][1][safepoint    ] Safepoint "Cleanup", Time since last: 1000128028 ns, Reaching safepoint: 80648 ns, At safepoint: 8135 ns, Total: 88783 ns
[2020-09-11T18:14:48.529+0000][1][gc,start     ] GC(138) Pause Young (Allocation Failure)
[2020-09-11T18:14:48.529+0000][1][gc,task      ] GC(138) Using 1 workers of 1 for evacuation
[2020-09-11T18:14:48.568+0000][1][gc,age       ] GC(138) Desired survivor size 4358144 bytes, new threshold 6 (max threshold 6)
[2020-09-11T18:14:48.568+0000][1][gc,age       ] GC(138) Age table with threshold 6 (max threshold 6)
[2020-09-11T18:14:48.568+0000][1][gc,age       ] GC(138) - age   1:     279504 bytes,     279504 total
[2020-09-11T18:14:48.568+0000][1][gc,age       ] GC(138) - age   2:      33896 bytes,     313400 total
[2020-09-11T18:14:48.568+0000][1][gc,age       ] GC(138) - age   3:      63624 bytes,     377024 total
[2020-09-11T18:14:48.568+0000][1][gc,age       ] GC(138) - age   4:     135520 bytes,     512544 total
[2020-09-11T18:14:48.568+0000][1][gc,age       ] GC(138) - age   5:     100864 bytes,     613408 total
[2020-09-11T18:14:48.568+0000][1][gc,age       ] GC(138) - age   6:     364136 bytes,     977544 total
[2020-09-11T18:14:48.568+0000][1][gc,heap      ] GC(138) ParNew: 69043K->1734K(76672K)
[2020-09-11T18:14:48.568+0000][1][gc,heap      ] GC(138) CMS: 143727K->143735K(2011968K)
[2020-09-11T18:14:48.568+0000][1][gc,metaspace ] GC(138) Metaspace: 95586K->95586K(1138688K)
[2020-09-11T18:14:48.568+0000][1][gc           ] GC(138) Pause Young (Allocation Failure) 207M->142M(2039M) 38.416ms
[2020-09-11T18:14:48.568+0000][1][gc,cpu       ] GC(138) User=0.02s Sys=0.00s Real=0.04s
[2020-09-11T18:14:48.574+0000][1][safepoint    ] Safepoint "GenCollectForAllocation", Time since last: 693506228 ns, Reaching safepoint: 156190 ns, At safepoint: 44739606 ns, Total: 44895796 ns
[2020-09-11T18:14:48.841+0000][1][safepoint    ] Safepoint "BulkRevokeBias", Time since last: 266923090 ns, Reaching safepoint: 91494 ns, At safepoint: 251588 ns, Total: 343082 ns
[2020-09-11T18:14:48.845+0000][1][safepoint    ] Safepoint "RevokeBias", Time since last: 3370539 ns, Reaching safepoint: 118134 ns, At safepoint: 25273 ns, Total: 143407 ns
[2020-09-11T18:14:49.845+0000][1][safepoint    ] Safepoint "Cleanup", Time since last: 1000122187 ns, Reaching safepoint: 88469 ns, At safepoint: 7143 ns, Total: 95612 ns
[2020-09-11T18:14:50.310+0000][1][safepoint    ] Safepoint "RevokeBias", Time since last: 465221392 ns, Reaching safepoint: 168742 ns, At safepoint: 28092 ns, Total: 196834 ns
[2020-09-11T18:14:51.311+0000][1][safepoint    ] Safepoint "Cleanup", Time since last: 1000111284 ns, Reaching safepoint: 81380 ns, At safepoint: 8629 ns, Total: 90009 ns
[2020-09-11T18:14:52.311+0000][1][safepoint    ] Safepoint "Cleanup", Time since last: 1000116957 ns, Reaching safepoint: 81725 ns, At safepoint: 9389 ns, Total: 91114 ns
[2020-09-11T18:14:53.311+0000][1][safepoint    ] Safepoint "Cleanup", Time since last: 1000114886 ns, Reaching safepoint: 102737 ns, At safepoint: 10177 ns, Total: 112914 ns
[2020-09-11T18:14:53.854+0000][1][safepoint    ] Safepoint "RevokeBias", Time since last: 542620249 ns, Reaching safepoint: 84438 ns, At safepoint: 46810 ns, Total: 131248 ns
[2020-09-11T18:14:53.861+0000][1][safepoint    ] Safepoint "RevokeBias", Time since last: 6644831 ns, Reaching safepoint: 169188 ns, At safepoint: 25500 ns, Total: 194688 ns
[2020-09-11T18:14:54.861+0000][1][safepoint    ] Safepoint "Cleanup", Time since last: 1000115359 ns, Reaching safepoint: 81133 ns, At safepoint: 7004 ns, Total: 88137 ns
[2020-09-11T18:14:55.861+0000][1][safepoint    ] Safepoint "Cleanup", Time since last: 1000109840 ns, Reaching safepoint: 111121 ns, At safepoint: 9568 ns, Total: 120689 ns
[2020-09-11T18:14:56.861+0000][1][safepoint    ] Safepoint "Cleanup", Time since last: 1000110973 ns, Reaching safepoint: 81303 ns, At safepoint: 7269 ns, Total: 88572 ns
[2020-09-11T18:14:57.862+0000][1][safepoint    ] Safepoint "Cleanup", Time since last: 1000116026 ns, Reaching safepoint: 145145 ns, At safepoint: 10294 ns, Total: 155439 ns
[2020-09-11T18:14:58.862+0000][1][safepoint    ] Safepoint "Cleanup", Time since last: 1000123011 ns, Reaching safepoint: 88345 ns, At safepoint: 9249 ns, Total: 97594 ns
[2020-09-11T18:14:58.877+0000][1][safepoint    ] Safepoint "RevokeBias", Time since last: 15406729 ns, Reaching safepoint: 87872 ns, At safepoint: 24987 ns, Total: 112859 ns
[2020-09-11T18:14:58.881+0000][1][safepoint    ] Safepoint "RevokeBias", Time since last: 4067114 ns, Reaching safepoint: 91895 ns, At safepoint: 26319 ns, Total: 118214 ns
[2020-09-11T18:14:59.885+0000][1][safepoint    ] Safepoint "Cleanup", Time since last: 1003313420 ns, Reaching safepoint: 88791 ns, At safepoint: 9682 ns, Total: 98473 ns
[2020-09-11T18:15:00.889+0000][1][safepoint    ] Safepoint "Cleanup", Time since last: 1003499235 ns, Reaching safepoint: 91968 ns, At safepoint: 7917 ns, Total: 99885 ns
[2020-09-11T18:15:01.326+0000][1][safepoint    ] Safepoint "RevokeBias", Time since last: 436850820 ns, Reaching safepoint: 238453 ns, At safepoint: 327763 ns, Total: 566216 ns
[2020-09-11T18:15:02.326+0000][1][safepoint    ] Safepoint "Cleanup", Time since last: 1000115569 ns, Reaching safepoint: 81802 ns, At safepoint: 8728 ns, Total: 90530 ns
[2020-09-11T18:15:03.326+0000][1][safepoint    ] Safepoint "Cleanup", Time since last: 1000129887 ns, Reaching safepoint: 93508 ns, At safepoint: 9346 ns, Total: 102854 ns
[2020-09-11T18:15:03.903+0000][1][safepoint    ] Safepoint "RevokeBias", Time since last: 576306569 ns, Reaching safepoint: 92832 ns, At safepoint: 25803 ns, Total: 118635 ns
[2020-09-11T18:15:03.907+0000][1][safepoint    ] Safepoint "RevokeBias", Time since last: 3306212 ns, Reaching safepoint: 277693 ns, At safepoint: 332416 ns, Total: 610109 ns
[2020-09-11T18:15:04.907+0000][1][safepoint    ] Safepoint "Cleanup", Time since last: 1000121392 ns, Reaching safepoint: 87847 ns, At safepoint: 8776 ns, Total: 96623 ns
[2020-09-11T18:15:05.907+0000][1][safepoint    ] Safepoint "Cleanup", Time since last: 1000115324 ns, Reaching safepoint: 84775 ns, At safepoint: 9055 ns, Total: 93830 ns
[2020-09-11T18:15:06.907+0000][1][safepoint    ] Safepoint "Cleanup", Time since last: 1000117128 ns, Reaching safepoint: 83953 ns, At safepoint: 9044 ns, Total: 92997 ns
[2020-09-11T18:15:07.908+0000][1][safepoint    ] Safepoint "Cleanup", Time since last: 1000118537 ns, Reaching safepoint: 85191 ns, At safepoint: 9585 ns, Total: 94776 ns
[2020-09-11T18:15:08.637+0000][1][gc,start     ] GC(139) Pause Young (Allocation Failure)
[2020-09-11T18:15:08.637+0000][1][gc,task      ] GC(139) Using 1 workers of 1 for evacuation
[2020-09-11T18:15:08.671+0000][1][gc,age       ] GC(139) Desired survivor size 4358144 bytes, new threshold 6 (max threshold 6)
[2020-09-11T18:15:08.671+0000][1][gc,age       ] GC(139) Age table with threshold 6 (max threshold 6)
[2020-09-11T18:15:08.671+0000][1][gc,age       ] GC(139) - age   1:     542616 bytes,     542616 total
[2020-09-11T18:15:08.671+0000][1][gc,age       ] GC(139) - age   2:     192560 bytes,     735176 total
[2020-09-11T18:15:08.671+0000][1][gc,age       ] GC(139) - age   3:      28584 bytes,     763760 total
[2020-09-11T18:15:08.671+0000][1][gc,age       ] GC(139) - age   4:      63528 bytes,     827288 total
[2020-09-11T18:15:08.671+0000][1][gc,age       ] GC(139) - age   5:     135248 bytes,     962536 total
[2020-09-11T18:15:08.671+0000][1][gc,age       ] GC(139) - age   6:     100864 bytes,    1063400 total
[2020-09-11T18:15:08.671+0000][1][gc,heap      ] GC(139) ParNew: 69894K->1149K(76672K)
[2020-09-11T18:15:08.671+0000][1][gc,heap      ] GC(139) CMS: 143735K->143787K(2011968K)
[2020-09-11T18:15:08.671+0000][1][gc,metaspace ] GC(139) Metaspace: 95597K->95597K(1138688K)
[2020-09-11T18:15:08.671+0000][1][gc           ] GC(139) Pause Young (Allocation Failure) 208M->141M(2039M) 33.930ms
[2020-09-11T18:15:08.671+0000][1][gc,cpu       ] GC(139) User=0.01s Sys=0.00s Real=0.03s
[2020-09-11T18:15:08.681+0000][1][safepoint    ] Safepoint "GenCollectForAllocation", Time since last: 729239171 ns, Reaching safepoint: 198709 ns, At safepoint: 43793421 ns, Total: 43992130 ns
[2020-09-11T18:15:08.915+0000][1][safepoint    ] Safepoint "RevokeBias", Time since last: 234272821 ns, Reaching safepoint: 92292 ns, At safepoint: 25770 ns, Total: 118062 ns
[2020-09-11T18:15:08.919+0000][1][safepoint    ] Safepoint "RevokeBias", Time since last: 3856615 ns, Reaching safepoint: 87764 ns, At safepoint: 24362 ns, Total: 112126 ns
[2020-09-11T18:15:09.919+0000][1][safepoint    ] Safepoint "Cleanup", Time since last: 1000116586 ns, Reaching safepoint: 83403 ns, At safepoint: 8814 ns, Total: 92217 ns
[2020-09-11T18:15:10.920+0000][1][safepoint    ] Safepoint "Cleanup", Time since last: 1000121621 ns, Reaching safepoint: 88886 ns, At safepoint: 8431 ns, Total: 97317 ns
[2020-09-11T18:15:11.920+0000][1][safepoint    ] Safepoint "Cleanup", Time since last: 1000114973 ns, Reaching safepoint: 82622 ns, At safepoint: 9532 ns, Total: 92154 ns
[2020-09-11T18:15:12.355+0000][1][safepoint    ] Safepoint "RevokeBias", Time since last: 435433110 ns, Reaching safepoint: 172334 ns, At safepoint: 27632 ns, Total: 199966 ns
[2020-09-11T18:15:13.356+0000][1][safepoint    ] Safepoint "Cleanup", Time since last: 1000114230 ns, Reaching safepoint: 84411 ns, At safepoint: 8926 ns, Total: 93337 ns
[2020-09-11T18:15:13.924+0000][1][safepoint    ] Safepoint "RevokeBias", Time since last: 568637240 ns, Reaching safepoint: 88351 ns, At safepoint: 24925 ns, Total: 113276 ns
[2020-09-11T18:15:13.932+0000][1][safepoint    ] Safepoint "RevokeBias", Time since last: 6034893 ns, Reaching safepoint: 1309022 ns, At safepoint: 33480 ns, Total: 1342502 ns
[2020-09-11T18:15:14.934+0000][1][safepoint    ] Safepoint "Cleanup", Time since last: 1001829748 ns, Reaching safepoint: 192402 ns, At safepoint: 8486 ns, Total: 200888 ns
[2020-09-11T18:15:15.950+0000][1][safepoint    ] Safepoint "Cleanup", Time since last: 1015955723 ns, Reaching safepoint: 124613 ns, At safepoint: 10540 ns, Total: 135153 ns
[2020-09-11T18:15:16.950+0000][1][safepoint    ] Safepoint "Cleanup", Time since last: 1000130692 ns, Reaching safepoint: 91697 ns, At safepoint: 8606 ns, Total: 100303 ns
[2020-09-11T18:15:17.950+0000][1][safepoint    ] Safepoint "Cleanup", Time since last: 1000116954 ns, Reaching safepoint: 91560 ns, At safepoint: 9207 ns, Total: 100767 ns
[2020-09-11T18:15:18.942+0000][1][safepoint    ] Safepoint "RevokeBias", Time since last: 992040187 ns, Reaching safepoint: 104180 ns, At safepoint: 24312 ns, Total: 128492 ns
[2020-09-11T18:15:18.946+0000][1][safepoint    ] Safepoint "RevokeBias", Time since last: 3156575 ns, Reaching safepoint: 83508 ns, At safepoint: 22485 ns, Total: 105993 ns
[2020-09-11T18:15:19.946+0000][1][safepoint    ] Safepoint "Cleanup", Time since last: 1000131453 ns, Reaching safepoint: 83499 ns, At safepoint: 8665 ns, Total: 92164 ns
[2020-09-11T18:15:20.946+0000][1][safepoint    ] Safepoint "Cleanup", Time since last: 1000108425 ns, Reaching safepoint: 82574 ns, At safepoint: 7866 ns, Total: 90440 ns
[2020-09-11T18:15:21.946+0000][1][safepoint    ] Safepoint "Cleanup", Time since last: 1000115054 ns, Reaching safepoint: 83045 ns, At safepoint: 8807 ns, Total: 91852 ns
[2020-09-11T18:15:22.947+0000][1][safepoint    ] Safepoint "Cleanup", Time since last: 1000110771 ns, Reaching safepoint: 85443 ns, At safepoint: 9314 ns, Total: 94757 ns
[2020-09-11T18:15:23.370+0000][1][safepoint    ] Safepoint "RevokeBias", Time since last: 423440570 ns, Reaching safepoint: 167129 ns, At safepoint: 24107 ns, Total: 191236 ns
[2020-09-11T18:15:23.950+0000][1][safepoint    ] Safepoint "RevokeBias", Time since last: 579475377 ns, Reaching safepoint: 271516 ns, At safepoint: 342659 ns, Total: 614175 ns
[2020-09-11T18:15:23.957+0000][1][safepoint    ] Safepoint "RevokeBias", Time since last: 6625873 ns, Reaching safepoint: 94949 ns, At safepoint: 24848 ns, Total: 119797 ns
[2020-09-11T18:15:28.353+0000][1][gc,start     ] GC(140) Pause Young (Allocation Failure)
[2020-09-11T18:15:28.353+0000][1][gc,task      ] GC(140) Using 1 workers of 1 for evacuation
[2020-09-11T18:15:28.395+0000][1][gc,age       ] GC(140) Desired survivor size 4358144 bytes, new threshold 6 (max threshold 6)
[2020-09-11T18:15:28.395+0000][1][gc,age       ] GC(140) Age table with threshold 6 (max threshold 6)
[2020-09-11T18:15:28.395+0000][1][gc,age       ] GC(140) - age   1:     359552 bytes,     359552 total
[2020-09-11T18:15:28.395+0000][1][gc,age       ] GC(140) - age   2:     364696 bytes,     724248 total
[2020-09-11T18:15:28.395+0000][1][gc,age       ] GC(140) - age   3:     189032 bytes,     913280 total
[2020-09-11T18:15:28.395+0000][1][gc,age       ] GC(140) - age   4:      28088 bytes,     941368 total
[2020-09-11T18:15:28.395+0000][1][gc,age       ] GC(140) - age   5:      63528 bytes,    1004896 total
[2020-09-11T18:15:28.395+0000][1][gc,age       ] GC(140) - age   6:      49840 bytes,    1054736 total
[2020-09-11T18:15:28.395+0000][1][gc,heap      ] GC(140) ParNew: 69309K->1845K(76672K)
[2020-09-11T18:15:28.395+0000][1][gc,heap      ] GC(140) CMS: 143787K->143794K(2011968K)
[2020-09-11T18:15:28.395+0000][1][gc,metaspace ] GC(140) Metaspace: 95619K->95619K(1138688K)
[2020-09-11T18:15:28.395+0000][1][gc           ] GC(140) Pause Young (Allocation Failure) 208M->142M(2039M) 42.235ms
[2020-09-11T18:15:28.395+0000][1][gc,cpu       ] GC(140) User=0.01s Sys=0.00s Real=0.04s
[2020-09-11T18:15:28.397+0000][1][safepoint    ] Safepoint "GenCollectForAllocation", Time since last: 4392240082 ns, Reaching safepoint: 3531035 ns, At safepoint: 43955469 ns, Total: 47486504 ns
[2020-09-11T18:15:28.977+0000][1][safepoint    ] Safepoint "RevokeBias", Time since last: 580212829 ns, Reaching safepoint: 89890 ns, At safepoint: 24950 ns, Total: 114840 ns
[2020-09-11T18:15:28.985+0000][1][safepoint    ] Safepoint "RevokeBias", Time since last: 7431312 ns, Reaching safepoint: 85625 ns, At safepoint: 22862 ns, Total: 108487 ns
[2020-09-11T18:15:30.985+0000][1][safepoint    ] Safepoint "Cleanup", Time since last: 2000210508 ns, Reaching safepoint: 91237 ns, At safepoint: 9052 ns, Total: 100289 ns
[2020-09-11T18:15:33.993+0000][1][safepoint    ] Safepoint "RevokeBias", Time since last: 3007985458 ns, Reaching safepoint: 82219 ns, At safepoint: 22396 ns, Total: 104615 ns
[2020-09-11T18:15:33.997+0000][1][safepoint    ] Safepoint "RevokeBias", Time since last: 3974059 ns, Reaching safepoint: 100825 ns, At safepoint: 22879 ns, Total: 123704 ns
[2020-09-11T18:15:34.387+0000][1][safepoint    ] Safepoint "RevokeBias", Time since last: 389426576 ns, Reaching safepoint: 226158 ns, At safepoint: 298795 ns, Total: 524953 ns
[2020-09-11T18:15:39.017+0000][1][safepoint    ] Safepoint "RevokeBias", Time since last: 4629786711 ns, Reaching safepoint: 101192 ns, At safepoint: 25412 ns, Total: 126604 ns
[2020-09-11T18:15:39.021+0000][1][safepoint    ] Safepoint "RevokeBias", Time since last: 3469892 ns, Reaching safepoint: 82379 ns, At safepoint: 21210 ns, Total: 103589 ns
[2020-09-11T18:15:44.035+0000][1][safepoint    ] Safepoint "RevokeBias", Time since last: 5014081502 ns, Reaching safepoint: 95369 ns, At safepoint: 21899 ns, Total: 117268 ns
[2020-09-11T18:15:44.042+0000][1][safepoint    ] Safepoint "RevokeBias", Time since last: 7163493 ns, Reaching safepoint: 90733 ns, At safepoint: 21897 ns, Total: 112630 ns
[2020-09-11T18:15:45.407+0000][1][safepoint    ] Safepoint "RevokeBias", Time since last: 1364308268 ns, Reaching safepoint: 173221 ns, At safepoint: 26511 ns, Total: 199732 ns
[2020-09-11T18:15:47.171+0000][1][gc,start     ] GC(141) Pause Young (Allocation Failure)
[2020-09-11T18:15:47.171+0000][1][gc,task      ] GC(141) Using 1 workers of 1 for evacuation
[2020-09-11T18:15:47.198+0000][1][gc,age       ] GC(141) Desired survivor size 4358144 bytes, new threshold 6 (max threshold 6)
[2020-09-11T18:15:47.198+0000][1][gc,age       ] GC(141) Age table with threshold 6 (max threshold 6)
[2020-09-11T18:15:47.198+0000][1][gc,age       ] GC(141) - age   1:     119848 bytes,     119848 total
[2020-09-11T18:15:47.198+0000][1][gc,age       ] GC(141) - age   2:     265184 bytes,     385032 total
[2020-09-11T18:15:47.198+0000][1][gc,age       ] GC(141) - age   3:     359000 bytes,     744032 total
[2020-09-11T18:15:47.198+0000][1][gc,age       ] GC(141) - age   4:     188936 bytes,     932968 total
[2020-09-11T18:15:47.198+0000][1][gc,age       ] GC(141) - age   5:      27984 bytes,     960952 total
[2020-09-11T18:15:47.198+0000][1][gc,age       ] GC(141) - age   6:      63496 bytes,    1024448 total
[2020-09-11T18:15:47.198+0000][1][gc,heap      ] GC(141) ParNew: 70005K->1233K(76672K)
[2020-09-11T18:15:47.198+0000][1][gc,heap      ] GC(141) CMS: 143794K->143839K(2011968K)
[2020-09-11T18:15:47.198+0000][1][gc,metaspace ] GC(141) Metaspace: 95634K->95634K(1138688K)
[2020-09-11T18:15:47.199+0000][1][gc           ] GC(141) Pause Young (Allocation Failure) 208M->141M(2039M) 27.258ms
[2020-09-11T18:15:47.199+0000][1][gc,cpu       ] GC(141) User=0.02s Sys=0.00s Real=0.03s
[2020-09-11T18:15:47.209+0000][1][safepoint    ] Safepoint "GenCollectForAllocation", Time since last: 1758993454 ns, Reaching safepoint: 5675363 ns, At safepoint: 38090875 ns, Total: 43766238 ns
[2020-09-11T18:15:48.216+0000][1][safepoint    ] Safepoint "Cleanup", Time since last: 1006207608 ns, Reaching safepoint: 100363 ns, At safepoint: 10482 ns, Total: 110845 ns
[2020-09-11T18:15:49.052+0000][1][safepoint    ] Safepoint "RevokeBias", Time since last: 836264717 ns, Reaching safepoint: 104214 ns, At safepoint: 26276 ns, Total: 130490 ns
[2020-09-11T18:15:49.056+0000][1][safepoint    ] Safepoint "RevokeBias", Time since last: 3428255 ns, Reaching safepoint: 249665 ns, At safepoint: 332147 ns, Total: 581812 ns
[2020-09-11T18:15:54.067+0000][1][safepoint    ] Safepoint "BulkRevokeBias", Time since last: 5010646490 ns, Reaching safepoint: 94507 ns, At safepoint: 256454 ns, Total: 350961 ns
[2020-09-11T18:15:54.076+0000][1][safepoint    ] Safepoint "RevokeBias", Time since last: 8446966 ns, Reaching safepoint: 234143 ns, At safepoint: 295328 ns, Total: 529471 ns
[2020-09-11T18:15:56.427+0000][1][safepoint    ] Safepoint "RevokeBias", Time since last: 2350357003 ns, Reaching safepoint: 94534 ns, At safepoint: 78197 ns, Total: 172731 ns
[2020-09-11T18:15:58.427+0000][1][safepoint    ] Safepoint "Cleanup", Time since last: 2000184347 ns, Reaching safepoint: 74369 ns, At safepoint: 6169 ns, Total: 80538 ns
[2020-09-11T18:15:59.089+0000][1][safepoint    ] Safepoint "RevokeBias", Time since last: 662047785 ns, Reaching safepoint: 92512 ns, At safepoint: 26778 ns, Total: 119290 ns
[2020-09-11T18:15:59.097+0000][1][safepoint    ] Safepoint "RevokeBias", Time since last: 7533516 ns, Reaching safepoint: 89777 ns, At safepoint: 22355 ns, Total: 112132 ns
[2020-09-11T18:16:00.097+0000][1][safepoint    ] Safepoint "Cleanup", Time since last: 1000152990 ns, Reaching safepoint: 91205 ns, At safepoint: 8862 ns, Total: 100067 ns
[2020-09-11T18:16:01.097+0000][1][safepoint    ] Safepoint "Cleanup", Time since last: 1000112948 ns, Reaching safepoint: 91187 ns, At safepoint: 9755 ns, Total: 100942 ns
[2020-09-11T18:16:02.097+0000][1][safepoint    ] Safepoint "Cleanup", Time since last: 1000114286 ns, Reaching safepoint: 89745 ns, At safepoint: 9629 ns, Total: 99374 ns
[2020-09-11T18:16:04.106+0000][1][safepoint    ] Safepoint "RevokeBias", Time since last: 2008626448 ns, Reaching safepoint: 88177 ns, At safepoint: 25526 ns, Total: 113703 ns
[2020-09-11T18:16:04.115+0000][1][safepoint    ] Safepoint "RevokeBias", Time since last: 8544655 ns, Reaching safepoint: 176887 ns, At safepoint: 26561 ns, Total: 203448 ns
[2020-09-11T18:16:05.115+0000][1][safepoint    ] Safepoint "Cleanup", Time since last: 1000111032 ns, Reaching safepoint: 88275 ns, At safepoint: 9433 ns, Total: 97708 ns
[2020-09-11T18:16:07.442+0000][1][safepoint    ] Safepoint "RevokeBias", Time since last: 2327243123 ns, Reaching safepoint: 89432 ns, At safepoint: 25075 ns, Total: 114507 ns
[2020-09-11T18:16:08.357+0000][1][gc,start     ] GC(142) Pause Young (Allocation Failure)
[2020-09-11T18:16:08.357+0000][1][gc,task      ] GC(142) Using 1 workers of 1 for evacuation
[2020-09-11T18:16:08.388+0000][1][gc,age       ] GC(142) Desired survivor size 4358144 bytes, new threshold 6 (max threshold 6)
[2020-09-11T18:16:08.388+0000][1][gc,age       ] GC(142) Age table with threshold 6 (max threshold 6)
[2020-09-11T18:16:08.389+0000][1][gc,age       ] GC(142) - age   1:     115928 bytes,     115928 total
[2020-09-11T18:16:08.389+0000][1][gc,age       ] GC(142) - age   2:      17384 bytes,     133312 total
[2020-09-11T18:16:08.389+0000][1][gc,age       ] GC(142) - age   3:     259728 bytes,     393040 total
[2020-09-11T18:16:08.389+0000][1][gc,age       ] GC(142) - age   4:     358872 bytes,     751912 total
[2020-09-11T18:16:08.389+0000][1][gc,age       ] GC(142) - age   5:     188664 bytes,     940576 total
[2020-09-11T18:16:08.389+0000][1][gc,age       ] GC(142) - age   6:      27952 bytes,     968528 total
[2020-09-11T18:16:08.389+0000][1][gc,heap      ] GC(142) ParNew: 69393K->1809K(76672K)
[2020-09-11T18:16:08.389+0000][1][gc,heap      ] GC(142) CMS: 143839K->143901K(2011968K)
[2020-09-11T18:16:08.389+0000][1][gc,metaspace ] GC(142) Metaspace: 95656K->95656K(1138688K)
[2020-09-11T18:16:08.389+0000][1][gc           ] GC(142) Pause Young (Allocation Failure) 208M->142M(2039M) 31.745ms
[2020-09-11T18:16:08.389+0000][1][gc,cpu       ] GC(142) User=0.02s Sys=0.00s Real=0.03s
[2020-09-11T18:16:08.393+0000][1][safepoint    ] Safepoint "GenCollectForAllocation", Time since last: 912138966 ns, Reaching safepoint: 2347377 ns, At safepoint: 36467283 ns, Total: 38814660 ns
[2020-09-11T18:16:09.122+0000][1][safepoint    ] Safepoint "RevokeBias", Time since last: 728323545 ns, Reaching safepoint: 152564 ns, At safepoint: 29833 ns, Total: 182397 ns
[2020-09-11T18:16:09.125+0000][1][safepoint    ] Safepoint "RevokeBias", Time since last: 3333622 ns, Reaching safepoint: 86658 ns, At safepoint: 24675 ns, Total: 111333 ns
[2020-09-11T18:16:14.126+0000][1][safepoint    ] Safepoint "Cleanup", Time since last: 5000420993 ns, Reaching safepoint: 90693 ns, At safepoint: 9824 ns, Total: 100517 ns
[2020-09-11T18:16:14.136+0000][1][safepoint    ] Safepoint "RevokeBias", Time since last: 10218171 ns, Reaching safepoint: 172650 ns, At safepoint: 26310 ns, Total: 198960 ns
[2020-09-11T18:16:14.142+0000][1][safepoint    ] Safepoint "RevokeBias", Time since last: 5579674 ns, Reaching safepoint: 228825 ns, At safepoint: 266963 ns, Total: 495788 ns
[2020-09-11T18:16:17.143+0000][1][safepoint    ] Safepoint "Cleanup", Time since last: 3000307631 ns, Reaching safepoint: 94538 ns, At safepoint: 9885 ns, Total: 104423 ns
[2020-09-11T18:16:18.471+0000][1][safepoint    ] Safepoint "RevokeBias", Time since last: 1328049959 ns, Reaching safepoint: 89571 ns, At safepoint: 21402 ns, Total: 110973 ns
[2020-09-11T18:16:19.148+0000][1][safepoint    ] Safepoint "RevokeBias", Time since last: 677378099 ns, Reaching safepoint: 123707 ns, At safepoint: 37411 ns, Total: 161118 ns
[2020-09-11T18:16:19.158+0000][1][safepoint    ] Safepoint "RevokeBias", Time since last: 9263667 ns, Reaching safepoint: 87934 ns, At safepoint: 22495 ns, Total: 110429 ns
[2020-09-11T18:16:21.158+0000][1][safepoint    ] Safepoint "Cleanup", Time since last: 2000183887 ns, Reaching safepoint: 92141 ns, At safepoint: 10165 ns, Total: 102306 ns
[2020-09-11T18:16:24.168+0000][1][safepoint    ] Safepoint "RevokeBias", Time since last: 3010197761 ns, Reaching safepoint: 91970 ns, At safepoint: 22500 ns, Total: 114470 ns
[2020-09-11T18:16:24.177+0000][1][safepoint    ] Safepoint "RevokeBias", Time since last: 8945218 ns, Reaching safepoint: 91488 ns, At safepoint: 22047 ns, Total: 113535 ns
[2020-09-11T18:16:24.940+0000][1][gc,start     ] GC(143) Pause Young (Allocation Failure)
[2020-09-11T18:16:24.940+0000][1][gc,task      ] GC(143) Using 1 workers of 1 for evacuation
[2020-09-11T18:16:24.969+0000][1][gc,age       ] GC(143) Desired survivor size 4358144 bytes, new threshold 6 (max threshold 6)
[2020-09-11T18:16:24.969+0000][1][gc,age       ] GC(143) Age table with threshold 6 (max threshold 6)
[2020-09-11T18:16:24.969+0000][1][gc,age       ] GC(143) - age   1:     269976 bytes,     269976 total
[2020-09-11T18:16:24.969+0000][1][gc,age       ] GC(143) - age   2:      18096 bytes,     288072 total
[2020-09-11T18:16:24.969+0000][1][gc,age       ] GC(143) - age   3:      13824 bytes,     301896 total
[2020-09-11T18:16:24.969+0000][1][gc,age       ] GC(143) - age   4:     259232 bytes,     561128 total
[2020-09-11T18:16:24.969+0000][1][gc,age       ] GC(143) - age   5:     358872 bytes,     920000 total
[2020-09-11T18:16:24.969+0000][1][gc,age       ] GC(143) - age   6:     188664 bytes,    1108664 total
[2020-09-11T18:16:24.969+0000][1][gc,heap      ] GC(143) ParNew: 69965K->1161K(76672K)
[2020-09-11T18:16:24.969+0000][1][gc,heap      ] GC(143) CMS: 143901K->143928K(2011968K)
[2020-09-11T18:16:24.969+0000][1][gc,metaspace ] GC(143) Metaspace: 95680K->95680K(1138688K)
[2020-09-11T18:16:24.969+0000][1][gc           ] GC(143) Pause Young (Allocation Failure) 208M->141M(2039M) 28.610ms
[2020-09-11T18:16:24.969+0000][1][gc,cpu       ] GC(143) User=0.01s Sys=0.00s Real=0.03s
[2020-09-11T18:16:24.971+0000][1][safepoint    ] Safepoint "GenCollectForAllocation", Time since last: 759084836 ns, Reaching safepoint: 3555190 ns, At safepoint: 31040873 ns, Total: 34596063 ns
[2020-09-11T18:16:26.975+0000][1][safepoint    ] Safepoint "Cleanup", Time since last: 2003872111 ns, Reaching safepoint: 104472 ns, At safepoint: 20231 ns, Total: 124703 ns
[2020-09-11T18:16:27.975+0000][1][safepoint    ] Safepoint "Cleanup", Time since last: 1000112580 ns, Reaching safepoint: 91317 ns, At safepoint: 10136 ns, Total: 101453 ns
[2020-09-11T18:16:28.976+0000][1][safepoint    ] Safepoint "Cleanup", Time since last: 1000114128 ns, Reaching safepoint: 88501 ns, At safepoint: 6180 ns, Total: 94681 ns
[2020-09-11T18:16:29.184+0000][1][safepoint    ] Safepoint "RevokeBias", Time since last: 208320983 ns, Reaching safepoint: 83916 ns, At safepoint: 21380 ns, Total: 105296 ns
[2020-09-11T18:16:29.187+0000][1][safepoint    ] Safepoint "RevokeBias", Time since last: 3284838 ns, Reaching safepoint: 81068 ns, At safepoint: 21832 ns, Total: 102900 ns
[2020-09-11T18:16:29.513+0000][1][safepoint    ] Safepoint "RevokeBias", Time since last: 325591101 ns, Reaching safepoint: 94213 ns, At safepoint: 26839 ns, Total: 121052 ns
[2020-09-11T18:16:30.514+0000][1][safepoint    ] Safepoint "Cleanup", Time since last: 1001056717 ns, Reaching safepoint: 93369 ns, At safepoint: 8235 ns, Total: 101604 ns
[2020-09-11T18:16:31.514+0000][1][safepoint    ] Safepoint "Cleanup", Time since last: 1000111929 ns, Reaching safepoint: 89585 ns, At safepoint: 9750 ns, Total: 99335 ns
[2020-09-11T18:16:34.202+0000][1][safepoint    ] Safepoint "RevokeBias", Time since last: 2687389114 ns, Reaching safepoint: 84440 ns, At safepoint: 26330 ns, Total: 110770 ns
[2020-09-11T18:16:34.209+0000][1][safepoint    ] Safepoint "RevokeBias", Time since last: 6688744 ns, Reaching safepoint: 148441 ns, At safepoint: 23272 ns, Total: 171713 ns
[2020-09-11T18:16:38.210+0000][1][safepoint    ] Safepoint "Cleanup", Time since last: 4000710505 ns, Reaching safepoint: 93105 ns, At safepoint: 9707 ns, Total: 102812 ns
[2020-09-11T18:16:39.210+0000][1][safepoint    ] Safepoint "Cleanup", Time since last: 1000117954 ns, Reaching safepoint: 88002 ns, At safepoint: 15812 ns, Total: 103814 ns
[2020-09-11T18:16:39.216+0000][1][safepoint    ] Safepoint "RevokeBias", Time since last: 6266789 ns, Reaching safepoint: 79409 ns, At safepoint: 21651 ns, Total: 101060 ns
[2020-09-11T18:16:39.220+0000][1][safepoint    ] Safepoint "RevokeBias", Time since last: 3763121 ns, Reaching safepoint: 87652 ns, At safepoint: 21761 ns, Total: 109413 ns
[2020-09-11T18:16:40.220+0000][1][safepoint    ] Safepoint "Cleanup", Time since last: 1000113183 ns, Reaching safepoint: 83114 ns, At safepoint: 8439 ns, Total: 91553 ns
[2020-09-11T18:16:40.534+0000][1][safepoint    ] Safepoint "RevokeBias", Time since last: 313207337 ns, Reaching safepoint: 253549 ns, At safepoint: 334027 ns, Total: 587576 ns
[2020-09-11T18:16:41.534+0000][1][safepoint    ] Safepoint "Cleanup", Time since last: 1000110077 ns, Reaching safepoint: 81368 ns, At safepoint: 7736 ns, Total: 89104 ns
[2020-09-11T18:16:41.934+0000][1][gc,start     ] GC(144) Pause Young (Allocation Failure)
[2020-09-11T18:16:41.934+0000][1][gc,task      ] GC(144) Using 1 workers of 1 for evacuation
[2020-09-11T18:16:41.967+0000][1][gc,age       ] GC(144) Desired survivor size 4358144 bytes, new threshold 6 (max threshold 6)
[2020-09-11T18:16:41.967+0000][1][gc,age       ] GC(144) Age table with threshold 6 (max threshold 6)
[2020-09-11T18:16:41.967+0000][1][gc,age       ] GC(144) - age   1:     175360 bytes,     175360 total
[2020-09-11T18:16:41.967+0000][1][gc,age       ] GC(144) - age   2:     115344 bytes,     290704 total
[2020-09-11T18:16:41.967+0000][1][gc,age       ] GC(144) - age   3:      11480 bytes,     302184 total
[2020-09-11T18:16:41.967+0000][1][gc,age       ] GC(144) - age   4:      13824 bytes,     316008 total
[2020-09-11T18:16:41.967+0000][1][gc,age       ] GC(144) - age   5:     259200 bytes,     575208 total
[2020-09-11T18:16:41.967+0000][1][gc,age       ] GC(144) - age   6:     358872 bytes,     934080 total
[2020-09-11T18:16:41.967+0000][1][gc,heap      ] GC(144) ParNew: 69321K->957K(76672K)
[2020-09-11T18:16:41.967+0000][1][gc,heap      ] GC(144) CMS: 143928K->144052K(2011968K)
[2020-09-11T18:16:41.967+0000][1][gc,metaspace ] GC(144) Metaspace: 95688K->95688K(1138688K)
[2020-09-11T18:16:41.967+0000][1][gc           ] GC(144) Pause Young (Allocation Failure) 208M->141M(2039M) 32.600ms
[2020-09-11T18:16:41.967+0000][1][gc,cpu       ] GC(144) User=0.02s Sys=0.00s Real=0.03s
[2020-09-11T18:16:41.967+0000][1][safepoint    ] Safepoint "GenCollectForAllocation", Time since last: 399598037 ns, Reaching safepoint: 473377 ns, At safepoint: 32676246 ns, Total: 33149623 ns
[2020-09-11T18:16:42.974+0000][1][safepoint    ] Safepoint "Cleanup", Time since last: 1006496402 ns, Reaching safepoint: 80780 ns, At safepoint: 8588 ns, Total: 89368 ns
[2020-09-11T18:16:43.974+0000][1][safepoint    ] Safepoint "Cleanup", Time since last: 1000309170 ns, Reaching safepoint: 85399 ns, At safepoint: 15906 ns, Total: 101305 ns
[2020-09-11T18:16:44.225+0000][1][safepoint    ] Safepoint "RevokeBias", Time since last: 250861867 ns, Reaching safepoint: 179207 ns, At safepoint: 22923 ns, Total: 202130 ns
[2020-09-11T18:16:44.229+0000][1][safepoint    ] Safepoint "RevokeBias", Time since last: 3990776 ns, Reaching safepoint: 84991 ns, At safepoint: 22573 ns, Total: 107564 ns
[2020-09-11T18:16:45.229+0000][1][safepoint    ] Safepoint "Cleanup", Time since last: 1000110724 ns, Reaching safepoint: 86877 ns, At safepoint: 9322 ns, Total: 96199 ns
[2020-09-11T18:16:46.233+0000][1][safepoint    ] Safepoint "Cleanup", Time since last: 1003443045 ns, Reaching safepoint: 208730 ns, At safepoint: 8290 ns, Total: 217020 ns
[2020-09-11T18:16:47.233+0000][1][safepoint    ] Safepoint "Cleanup", Time since last: 1000117772 ns, Reaching safepoint: 83935 ns, At safepoint: 9453 ns, Total: 93388 ns
[2020-09-11T18:16:48.233+0000][1][safepoint    ] Safepoint "Cleanup", Time since last: 1000113061 ns, Reaching safepoint: 82857 ns, At safepoint: 8572 ns, Total: 91429 ns
[2020-09-11T18:16:49.233+0000][1][safepoint    ] Safepoint "RevokeBias", Time since last: 999612273 ns, Reaching safepoint: 114179 ns, At safepoint: 25984 ns, Total: 140163 ns
[2020-09-11T18:16:49.243+0000][1][safepoint    ] Safepoint "RevokeBias", Time since last: 9379602 ns, Reaching safepoint: 87445 ns, At safepoint: 24062 ns, Total: 111507 ns
[2020-09-11T18:16:50.243+0000][1][safepoint    ] Safepoint "Cleanup", Time since last: 1000117492 ns, Reaching safepoint: 81776 ns, At safepoint: 9179 ns, Total: 90955 ns
[2020-09-11T18:16:51.243+0000][1][safepoint    ] Safepoint "Cleanup", Time since last: 1000111420 ns, Reaching safepoint: 84603 ns, At safepoint: 8959 ns, Total: 93562 ns
[2020-09-11T18:16:51.554+0000][1][safepoint    ] Safepoint "RevokeBias", Time since last: 311064767 ns, Reaching safepoint: 89320 ns, At safepoint: 25915 ns, Total: 115235 ns
[2020-09-11T18:16:52.555+0000][1][safepoint    ] Safepoint "Cleanup", Time since last: 1000116254 ns, Reaching safepoint: 88162 ns, At safepoint: 7863 ns, Total: 96025 ns
[2020-09-11T18:16:53.555+0000][1][safepoint    ] Safepoint "Cleanup", Time since last: 1000118013 ns, Reaching safepoint: 87310 ns, At safepoint: 10067 ns, Total: 97377 ns
[2020-09-11T18:16:54.249+0000][1][safepoint    ] Safepoint "RevokeBias", Time since last: 694108132 ns, Reaching safepoint: 89989 ns, At safepoint: 25076 ns, Total: 115065 ns
[2020-09-11T18:16:54.255+0000][1][safepoint    ] Safepoint "RevokeBias", Time since last: 6073389 ns, Reaching safepoint: 88950 ns, At safepoint: 26118 ns, Total: 115068 ns
[2020-09-11T18:16:55.255+0000][1][safepoint    ] Safepoint "Cleanup", Time since last: 1000116780 ns, Reaching safepoint: 92219 ns, At safepoint: 9561 ns, Total: 101780 ns
[2020-09-11T18:16:56.256+0000][1][safepoint    ] Safepoint "Cleanup", Time since last: 1000115792 ns, Reaching safepoint: 105925 ns, At safepoint: 8671 ns, Total: 114596 ns
[2020-09-11T18:16:57.256+0000][1][safepoint    ] Safepoint "Cleanup", Time since last: 1000133998 ns, Reaching safepoint: 92405 ns, At safepoint: 9997 ns, Total: 102402 ns
[2020-09-11T18:16:58.256+0000][1][safepoint    ] Safepoint "Cleanup", Time since last: 1000113045 ns, Reaching safepoint: 81690 ns, At safepoint: 8102 ns, Total: 89792 ns
[2020-09-11T18:16:59.256+0000][1][safepoint    ] Safepoint "Cleanup", Time since last: 1000114986 ns, Reaching safepoint: 100578 ns, At safepoint: 10072 ns, Total: 110650 ns
[2020-09-11T18:16:59.261+0000][1][safepoint    ] Safepoint "BulkRevokeBias", Time since last: 4739435 ns, Reaching safepoint: 87845 ns, At safepoint: 248612 ns, Total: 336457 ns
[2020-09-11T18:16:59.265+0000][1][safepoint    ] Safepoint "RevokeBias", Time since last: 3564667 ns, Reaching safepoint: 243392 ns, At safepoint: 325241 ns, Total: 568633 ns
[2020-09-11T18:17:00.266+0000][1][safepoint    ] Safepoint "Cleanup", Time since last: 1000109810 ns, Reaching safepoint: 76880 ns, At safepoint: 6819 ns, Total: 83699 ns
[2020-09-11T18:17:01.266+0000][1][safepoint    ] Safepoint "Cleanup", Time since last: 1000110404 ns, Reaching safepoint: 82527 ns, At safepoint: 8627 ns, Total: 91154 ns
[2020-09-11T18:17:02.266+0000][1][safepoint    ] Safepoint "Cleanup", Time since last: 1000114519 ns, Reaching safepoint: 82665 ns, At safepoint: 8483 ns, Total: 91148 ns
[2020-09-11T18:17:02.578+0000][1][safepoint    ] Safepoint "RevokeBias", Time since last: 311552578 ns, Reaching safepoint: 93608 ns, At safepoint: 25735 ns, Total: 119343 ns
[2020-09-11T18:17:03.578+0000][1][safepoint    ] Safepoint "Cleanup", Time since last: 1000108540 ns, Reaching safepoint: 86168 ns, At safepoint: 8951 ns, Total: 95119 ns
[2020-09-11T18:17:04.010+0000][1][gc,start     ] GC(145) Pause Young (Allocation Failure)
[2020-09-11T18:17:04.010+0000][1][gc,task      ] GC(145) Using 1 workers of 1 for evacuation
[2020-09-11T18:17:04.038+0000][1][gc,age       ] GC(145) Desired survivor size 4358144 bytes, new threshold 6 (max threshold 6)
[2020-09-11T18:17:04.038+0000][1][gc,age       ] GC(145) Age table with threshold 6 (max threshold 6)
[2020-09-11T18:17:04.038+0000][1][gc,age       ] GC(145) - age   1:     531464 bytes,     531464 total
[2020-09-11T18:17:04.038+0000][1][gc,age       ] GC(145) - age   2:     101056 bytes,     632520 total
[2020-09-11T18:17:04.038+0000][1][gc,age       ] GC(145) - age   3:     110096 bytes,     742616 total
[2020-09-11T18:17:04.038+0000][1][gc,age       ] GC(145) - age   4:      11352 bytes,     753968 total
[2020-09-11T18:17:04.038+0000][1][gc,age       ] GC(145) - age   5:      13552 bytes,     767520 total
[2020-09-11T18:17:04.038+0000][1][gc,age       ] GC(145) - age   6:     259200 bytes,    1026720 total
[2020-09-11T18:17:04.038+0000][1][gc,heap      ] GC(145) ParNew: 69117K->1846K(76672K)
[2020-09-11T18:17:04.038+0000][1][gc,heap      ] GC(145) CMS: 144052K->144060K(2011968K)
[2020-09-11T18:17:04.039+0000][1][gc,metaspace ] GC(145) Metaspace: 95694K->95694K(1138688K)
[2020-09-11T18:17:04.039+0000][1][gc           ] GC(145) Pause Young (Allocation Failure) 208M->142M(2039M) 29.042ms
[2020-09-11T18:17:04.039+0000][1][gc,cpu       ] GC(145) User=0.02s Sys=0.00s Real=0.03s
[2020-09-11T18:17:04.039+0000][1][safepoint    ] Safepoint "GenCollectForAllocation", Time since last: 431524638 ns, Reaching safepoint: 93940 ns, At safepoint: 29107450 ns, Total: 29201390 ns
[2020-09-11T18:17:04.274+0000][1][safepoint    ] Safepoint "RevokeBias", Time since last: 235273857 ns, Reaching safepoint: 89188 ns, At safepoint: 37126 ns, Total: 126314 ns
[2020-09-11T18:17:04.278+0000][1][safepoint    ] Safepoint "RevokeBias", Time since last: 4084587 ns, Reaching safepoint: 94104 ns, At safepoint: 36098 ns, Total: 130202 ns
[2020-09-11T18:17:05.281+0000][1][safepoint    ] Safepoint "Cleanup", Time since last: 1000684472 ns, Reaching safepoint: 1933199 ns, At safepoint: 24184 ns, Total: 1957383 ns
[2020-09-11T18:17:06.281+0000][1][safepoint    ] Safepoint "Cleanup", Time since last: 1000112217 ns, Reaching safepoint: 83881 ns, At safepoint: 24724 ns, Total: 108605 ns
[2020-09-11T18:17:07.281+0000][1][safepoint    ] Safepoint "Cleanup", Time since last: 1000111773 ns, Reaching safepoint: 83547 ns, At safepoint: 9025 ns, Total: 92572 ns
[2020-09-11T18:17:08.282+0000][1][safepoint    ] Safepoint "Cleanup", Time since last: 1000114513 ns, Reaching safepoint: 84609 ns, At safepoint: 8907 ns, Total: 93516 ns
[2020-09-11T18:17:09.282+0000][1][safepoint    ] Safepoint "Cleanup", Time since last: 1000113093 ns, Reaching safepoint: 99997 ns, At safepoint: 10471 ns, Total: 110468 ns
[2020-09-11T18:17:09.285+0000][1][safepoint    ] Safepoint "RevokeBias", Time since last: 3170308 ns, Reaching safepoint: 161467 ns, At safepoint: 24097 ns, Total: 185564 ns
[2020-09-11T18:17:09.293+0000][1][safepoint    ] Safepoint "RevokeBias", Time since last: 5468641 ns, Reaching safepoint: 2263118 ns, At safepoint: 33401 ns, Total: 2296519 ns
[2020-09-11T18:17:10.293+0000][1][safepoint    ] Safepoint "Cleanup", Time since last: 1000108272 ns, Reaching safepoint: 220406 ns, At safepoint: 11083 ns, Total: 231489 ns
[2020-09-11T18:17:11.293+0000][1][safepoint    ] Safepoint "Cleanup", Time since last: 1000113128 ns, Reaching safepoint: 85816 ns, At safepoint: 10342 ns, Total: 96158 ns
[2020-09-11T18:17:12.294+0000][1][safepoint    ] Safepoint "Cleanup", Time since last: 1000114939 ns, Reaching safepoint: 84502 ns, At safepoint: 9095 ns, Total: 93597 ns
[2020-09-11T18:17:13.294+0000][1][safepoint    ] Safepoint "Cleanup", Time since last: 1000115803 ns, Reaching safepoint: 84651 ns, At safepoint: 10085 ns, Total: 94736 ns
[2020-09-11T18:17:13.605+0000][1][safepoint    ] Safepoint "RevokeBias", Time since last: 309545507 ns, Reaching safepoint: 1515206 ns, At safepoint: 317292 ns, Total: 1832498 ns
[2020-09-11T18:17:14.302+0000][1][safepoint    ] Safepoint "RevokeBias", Time since last: 696359528 ns, Reaching safepoint: 91945 ns, At safepoint: 25924 ns, Total: 117869 ns
[2020-09-11T18:17:14.305+0000][1][safepoint    ] Safepoint "RevokeBias", Time since last: 3392248 ns, Reaching safepoint: 89790 ns, At safepoint: 25626 ns, Total: 115416 ns
[2020-09-11T18:17:15.306+0000][1][safepoint    ] Safepoint "Cleanup", Time since last: 1000109855 ns, Reaching safepoint: 228435 ns, At safepoint: 11714 ns, Total: 240149 ns
[2020-09-11T18:17:16.306+0000][1][safepoint    ] Safepoint "Cleanup", Time since last: 1000111887 ns, Reaching safepoint: 90529 ns, At safepoint: 7104 ns, Total: 97633 ns
[2020-09-11T18:17:17.306+0000][1][safepoint    ] Safepoint "Cleanup", Time since last: 1000110348 ns, Reaching safepoint: 102953 ns, At safepoint: 10269 ns, Total: 113222 ns
[2020-09-11T18:17:18.306+0000][1][safepoint    ] Safepoint "Cleanup", Time since last: 1000112408 ns, Reaching safepoint: 84478 ns, At safepoint: 7955 ns, Total: 92433 ns
[2020-09-11T18:17:18.653+0000][1][gc,start     ] GC(146) Pause Young (Allocation Failure)
[2020-09-11T18:17:18.653+0000][1][gc,task      ] GC(146) Using 1 workers of 1 for evacuation
[2020-09-11T18:17:18.691+0000][1][gc,age       ] GC(146) Desired survivor size 4358144 bytes, new threshold 6 (max threshold 6)
[2020-09-11T18:17:18.691+0000][1][gc,age       ] GC(146) Age table with threshold 6 (max threshold 6)
[2020-09-11T18:17:18.691+0000][1][gc,age       ] GC(146) - age   1:     217936 bytes,     217936 total
[2020-09-11T18:17:18.691+0000][1][gc,age       ] GC(146) - age   2:     461296 bytes,     679232 total
[2020-09-11T18:17:18.691+0000][1][gc,age       ] GC(146) - age   3:      97000 bytes,     776232 total
[2020-09-11T18:17:18.691+0000][1][gc,age       ] GC(146) - age   4:     109840 bytes,     886072 total
[2020-09-11T18:17:18.692+0000][1][gc,age       ] GC(146) - age   5:      11352 bytes,     897424 total
[2020-09-11T18:17:18.692+0000][1][gc,age       ] GC(146) - age   6:      13552 bytes,     910976 total
[2020-09-11T18:17:18.692+0000][1][gc,heap      ] GC(146) ParNew: 69996K->1213K(76672K)
[2020-09-11T18:17:18.692+0000][1][gc,heap      ] GC(146) CMS: 144060K->144313K(2011968K)
[2020-09-11T18:17:18.692+0000][1][gc,metaspace ] GC(146) Metaspace: 95786K->95786K(1138688K)
[2020-09-11T18:17:18.692+0000][1][gc           ] GC(146) Pause Young (Allocation Failure) 209M->142M(2039M) 38.709ms
[2020-09-11T18:17:18.692+0000][1][gc,cpu       ] GC(146) User=0.02s Sys=0.00s Real=0.03s
[2020-09-11T18:17:18.701+0000][1][safepoint    ] Safepoint "GenCollectForAllocation", Time since last: 346361876 ns, Reaching safepoint: 296041 ns, At safepoint: 47981363 ns, Total: 48277404 ns
[2020-09-11T18:17:19.318+0000][1][safepoint    ] Safepoint "RevokeBias", Time since last: 617431544 ns, Reaching safepoint: 85105 ns, At safepoint: 22387 ns, Total: 107492 ns
[2020-09-11T18:17:19.322+0000][1][safepoint    ] Safepoint "RevokeBias", Time since last: 3702939 ns, Reaching safepoint: 85156 ns, At safepoint: 22384 ns, Total: 107540 ns
[2020-09-11T18:17:21.324+0000][1][safepoint    ] Safepoint "Cleanup", Time since last: 2001530004 ns, Reaching safepoint: 91027 ns, At safepoint: 10406 ns, Total: 101433 ns
[2020-09-11T18:17:23.324+0000][1][safepoint    ] Safepoint "Cleanup", Time since last: 2000191614 ns, Reaching safepoint: 89279 ns, At safepoint: 9358 ns, Total: 98637 ns
[2020-09-11T18:17:24.341+0000][1][safepoint    ] Safepoint "RevokeBias", Time since last: 1016567274 ns, Reaching safepoint: 113448 ns, At safepoint: 25522 ns, Total: 138970 ns
[2020-09-11T18:17:24.345+0000][1][safepoint    ] Safepoint "RevokeBias", Time since last: 3874371 ns, Reaching safepoint: 106392 ns, At safepoint: 25074 ns, Total: 131466 ns
[2020-09-11T18:17:24.626+0000][1][safepoint    ] Safepoint "RevokeBias", Time since last: 280490329 ns, Reaching safepoint: 241877 ns, At safepoint: 371939 ns, Total: 613816 ns
[2020-09-11T18:17:25.584+0000][1][safepoint    ] Safepoint "RevokeBias", Time since last: 958033468 ns, Reaching safepoint: 285435 ns, At safepoint: 27859 ns, Total: 313294 ns
[2020-09-11T18:17:25.585+0000][1][safepoint    ] Safepoint "RevokeBias", Time since last: 72402 ns, Reaching safepoint: 197743 ns, At safepoint: 18243 ns, Total: 215986 ns
[2020-09-11T18:17:25.585+0000][1][safepoint    ] Safepoint "RevokeBias", Time since last: 43136 ns, Reaching safepoint: 199282 ns, At safepoint: 16249 ns, Total: 215531 ns
[2020-09-11T18:17:25.585+0000][1][safepoint    ] Safepoint "RevokeBias", Time since last: 41421 ns, Reaching safepoint: 168289 ns, At safepoint: 15497 ns, Total: 183786 ns
[2020-09-11T18:17:25.585+0000][1][safepoint    ] Safepoint "RevokeBias", Time since last: 46764 ns, Reaching safepoint: 161071 ns, At safepoint: 14842 ns, Total: 175913 ns
[2020-09-11T18:17:25.586+0000][1][safepoint    ] Safepoint "RevokeBias", Time since last: 35533 ns, Reaching safepoint: 186606 ns, At safepoint: 14845 ns, Total: 201451 ns
[2020-09-11T18:17:25.589+0000][1][safepoint    ] Safepoint "RevokeBias", Time since last: 35823 ns, Reaching safepoint: 3296064 ns, At safepoint: 28094 ns, Total: 3324158 ns
[2020-09-11T18:17:25.589+0000][1][safepoint    ] Safepoint "RevokeBias", Time since last: 35888 ns, Reaching safepoint: 152375 ns, At safepoint: 90225 ns, Total: 242600 ns
[2020-09-11T18:17:25.589+0000][1][safepoint    ] Safepoint "RevokeBias", Time since last: 31473 ns, Reaching safepoint: 39368 ns, At safepoint: 18858 ns, Total: 58226 ns
[2020-09-11T18:17:26.591+0000][1][safepoint    ] Safepoint "Cleanup", Time since last: 1001862830 ns, Reaching safepoint: 98593 ns, At safepoint: 52196 ns, Total: 150789 ns
[2020-09-11T18:17:29.359+0000][1][safepoint    ] Safepoint "RevokeBias", Time since last: 2767521200 ns, Reaching safepoint: 95800 ns, At safepoint: 50152 ns, Total: 145952 ns
[2020-09-11T18:17:29.363+0000][1][safepoint    ] Safepoint "RevokeBias", Time since last: 3390371 ns, Reaching safepoint: 250180 ns, At safepoint: 323836 ns, Total: 574016 ns
[2020-09-11T18:17:34.363+0000][1][safepoint    ] Safepoint "Cleanup", Time since last: 5000417313 ns, Reaching safepoint: 108854 ns, At safepoint: 9661 ns, Total: 118515 ns
[2020-09-11T18:17:34.377+0000][1][safepoint    ] Safepoint "RevokeBias", Time since last: 13356530 ns, Reaching safepoint: 83610 ns, At safepoint: 26007 ns, Total: 109617 ns
[2020-09-11T18:17:34.390+0000][1][safepoint    ] Safepoint "RevokeBias", Time since last: 13357310 ns, Reaching safepoint: 118753 ns, At safepoint: 25709 ns, Total: 144462 ns
[2020-09-11T18:17:35.391+0000][1][safepoint    ] Safepoint "Cleanup", Time since last: 1000111329 ns, Reaching safepoint: 89773 ns, At safepoint: 8817 ns, Total: 98590 ns
[2020-09-11T18:17:35.642+0000][1][safepoint    ] Safepoint "RevokeBias", Time since last: 250988910 ns, Reaching safepoint: 238269 ns, At safepoint: 331033 ns, Total: 569302 ns
[2020-09-11T18:17:36.642+0000][1][safepoint    ] Safepoint "Cleanup", Time since last: 1000117791 ns, Reaching safepoint: 101742 ns, At safepoint: 11866 ns, Total: 113608 ns
[2020-09-11T18:17:37.041+0000][1][gc,start     ] GC(147) Pause Young (Allocation Failure)
[2020-09-11T18:17:37.041+0000][1][gc,task      ] GC(147) Using 1 workers of 1 for evacuation
[2020-09-11T18:17:37.073+0000][1][gc,age       ] GC(147) Desired survivor size 4358144 bytes, new threshold 6 (max threshold 6)
[2020-09-11T18:17:37.073+0000][1][gc,age       ] GC(147) Age table with threshold 6 (max threshold 6)
[2020-09-11T18:17:37.073+0000][1][gc,age       ] GC(147) - age   1:     336184 bytes,     336184 total
[2020-09-11T18:17:37.073+0000][1][gc,age       ] GC(147) - age   2:      43472 bytes,     379656 total
[2020-09-11T18:17:37.073+0000][1][gc,age       ] GC(147) - age   3:     452680 bytes,     832336 total
[2020-09-11T18:17:37.073+0000][1][gc,age       ] GC(147) - age   4:      96968 bytes,     929304 total
[2020-09-11T18:17:37.073+0000][1][gc,age       ] GC(147) - age   5:     109568 bytes,    1038872 total
[2020-09-11T18:17:37.073+0000][1][gc,age       ] GC(147) - age   6:      11352 bytes,    1050224 total
[2020-09-11T18:17:37.073+0000][1][gc,heap      ] GC(147) ParNew: 69373K->1637K(76672K)
[2020-09-11T18:17:37.073+0000][1][gc,heap      ] GC(147) CMS: 144313K->144327K(2011968K)
[2020-09-11T18:17:37.073+0000][1][gc,metaspace ] GC(147) Metaspace: 95823K->95823K(1138688K)
[2020-09-11T18:17:37.073+0000][1][gc           ] GC(147) Pause Young (Allocation Failure) 208M->142M(2039M) 31.857ms
[2020-09-11T18:17:37.073+0000][1][gc,cpu       ] GC(147) User=0.02s Sys=0.00s Real=0.02s
[2020-09-11T18:17:37.073+0000][1][safepoint    ] Safepoint "GenCollectForAllocation", Time since last: 395810540 ns, Reaching safepoint: 2635371 ns, At safepoint: 31949559 ns, Total: 34584930 ns
[2020-09-11T18:17:38.075+0000][1][safepoint    ] Safepoint "Cleanup", Time since last: 1001793361 ns, Reaching safepoint: 78792 ns, At safepoint: 18396 ns, Total: 97188 ns
[2020-09-11T18:17:39.406+0000][1][safepoint    ] Safepoint "RevokeBias", Time since last: 1331410887 ns, Reaching safepoint: 88727 ns, At safepoint: 24963 ns, Total: 113690 ns
[2020-09-11T18:17:39.414+0000][1][safepoint    ] Safepoint "RevokeBias", Time since last: 7497301 ns, Reaching safepoint: 88627 ns, At safepoint: 25088 ns, Total: 113715 ns
[2020-09-11T18:17:40.414+0000][1][safepoint    ] Safepoint "Cleanup", Time since last: 1000108062 ns, Reaching safepoint: 157763 ns, At safepoint: 9802 ns, Total: 167565 ns
[2020-09-11T18:17:42.414+0000][1][safepoint    ] Safepoint "Cleanup", Time since last: 2000187492 ns, Reaching safepoint: 91731 ns, At safepoint: 10288 ns, Total: 102019 ns
[2020-09-11T18:17:43.415+0000][1][safepoint    ] Safepoint "Cleanup", Time since last: 1000118781 ns, Reaching safepoint: 109350 ns, At safepoint: 10579 ns, Total: 119929 ns
[2020-09-11T18:17:44.415+0000][1][safepoint    ] Safepoint "Cleanup", Time since last: 1000133364 ns, Reaching safepoint: 92840 ns, At safepoint: 10446 ns, Total: 103286 ns
[2020-09-11T18:17:44.422+0000][1][safepoint    ] Safepoint "RevokeBias", Time since last: 7103610 ns, Reaching safepoint: 92345 ns, At safepoint: 23595 ns, Total: 115940 ns
[2020-09-11T18:17:44.429+0000][1][safepoint    ] Safepoint "RevokeBias", Time since last: 3977888 ns, Reaching safepoint: 2881399 ns, At safepoint: 333857 ns, Total: 3215256 ns
[2020-09-11T18:17:45.429+0000][1][safepoint    ] Safepoint "Cleanup", Time since last: 1000112444 ns, Reaching safepoint: 92910 ns, At safepoint: 9730 ns, Total: 102640 ns
[2020-09-11T18:17:46.658+0000][1][safepoint    ] Safepoint "RevokeBias", Time since last: 1228527095 ns, Reaching safepoint: 160046 ns, At safepoint: 22243 ns, Total: 182289 ns
[2020-09-11T18:17:49.437+0000][1][safepoint    ] Safepoint "RevokeBias", Time since last: 2778780909 ns, Reaching safepoint: 205965 ns, At safepoint: 168800 ns, Total: 374765 ns
[2020-09-11T18:17:49.441+0000][1][safepoint    ] Safepoint "RevokeBias", Time since last: 4024048 ns, Reaching safepoint: 90097 ns, At safepoint: 24296 ns, Total: 114393 ns
[2020-09-11T18:17:51.443+0000][1][safepoint    ] Safepoint "Cleanup", Time since last: 2001202263 ns, Reaching safepoint: 734289 ns, At safepoint: 15098 ns, Total: 749387 ns
[2020-09-11T18:17:51.469+0000][1][safepoint    ] Safepoint "RevokeBias", Time since last: 23428759 ns, Reaching safepoint: 2039946 ns, At safepoint: 26522 ns, Total: 2066468 ns
[2020-09-11T18:17:51.469+0000][1][safepoint    ] Safepoint "RevokeBias", Time since last: 74302 ns, Reaching safepoint: 187596 ns, At safepoint: 20028 ns, Total: 207624 ns
[2020-09-11T18:17:51.481+0000][1][safepoint    ] Safepoint "BulkRevokeBias", Time since last: 10772834 ns, Reaching safepoint: 206082 ns, At safepoint: 905622 ns, Total: 1111704 ns
[2020-09-11T18:17:52.097+0000][1][safepoint    ] Safepoint "RevokeBias", Time since last: 615613944 ns, Reaching safepoint: 121347 ns, At safepoint: 24073 ns, Total: 145420 ns
[2020-09-11T18:17:52.097+0000][1][safepoint    ] Safepoint "RevokeBias", Time since last: 124180 ns, Reaching safepoint: 132172 ns, At safepoint: 16747 ns, Total: 148919 ns
[2020-09-11T18:17:52.097+0000][1][safepoint    ] Safepoint "RevokeBias", Time since last: 112339 ns, Reaching safepoint: 128138 ns, At safepoint: 15460 ns, Total: 143598 ns
[2020-09-11T18:17:52.098+0000][1][safepoint    ] Safepoint "RevokeBias", Time since last: 60394 ns, Reaching safepoint: 120986 ns, At safepoint: 15061 ns, Total: 136047 ns
[2020-09-11T18:17:52.110+0000][1][safepoint    ] Safepoint "RevokeBias", Time since last: 12030225 ns, Reaching safepoint: 319300 ns, At safepoint: 22027 ns, Total: 341327 ns
[2020-09-11T18:17:52.206+0000][1][safepoint    ] Safepoint "RevokeBias", Time since last: 94985099 ns, Reaching safepoint: 1477634 ns, At safepoint: 24043 ns, Total: 1501677 ns
[2020-09-11T18:17:52.209+0000][1][safepoint    ] Safepoint "RevokeBias", Time since last: 263195 ns, Reaching safepoint: 2134412 ns, At safepoint: 19861 ns, Total: 2154273 ns
[2020-09-11T18:17:52.213+0000][1][safepoint    ] Safepoint "RevokeBias", Time since last: 260634 ns, Reaching safepoint: 3761223 ns, At safepoint: 28694 ns, Total: 3789917 ns
[2020-09-11T18:17:52.250+0000][1][safepoint    ] Safepoint "RevokeBias", Time since last: 37330888 ns, Reaching safepoint: 206193 ns, At safepoint: 21580 ns, Total: 227773 ns
[2020-09-11T18:17:54.449+0000][1][safepoint    ] Safepoint "RevokeBias", Time since last: 2198889366 ns, Reaching safepoint: 92280 ns, At safepoint: 24283 ns, Total: 116563 ns
[2020-09-11T18:17:54.453+0000][1][safepoint    ] Safepoint "RevokeBias", Time since last: 3336517 ns, Reaching safepoint: 84078 ns, At safepoint: 24336 ns, Total: 108414 ns
[2020-09-11T18:17:57.674+0000][1][safepoint    ] Safepoint "RevokeBias", Time since last: 3221240265 ns, Reaching safepoint: 102870 ns, At safepoint: 76410 ns, Total: 179280 ns
[2020-09-11T18:17:58.262+0000][1][gc,start     ] GC(148) Pause Young (Allocation Failure)
[2020-09-11T18:17:58.262+0000][1][gc,task      ] GC(148) Using 1 workers of 1 for evacuation
[2020-09-11T18:17:58.295+0000][1][gc,age       ] GC(148) Desired survivor size 4358144 bytes, new threshold 6 (max threshold 6)
[2020-09-11T18:17:58.295+0000][1][gc,age       ] GC(148) Age table with threshold 6 (max threshold 6)
[2020-09-11T18:17:58.295+0000][1][gc,age       ] GC(148) - age   1:     393808 bytes,     393808 total
[2020-09-11T18:17:58.295+0000][1][gc,age       ] GC(148) - age   2:     269024 bytes,     662832 total
[2020-09-11T18:17:58.295+0000][1][gc,age       ] GC(148) - age   3:      38424 bytes,     701256 total
[2020-09-11T18:17:58.295+0000][1][gc,age       ] GC(148) - age   4:     452648 bytes,    1153904 total
[2020-09-11T18:17:58.295+0000][1][gc,age       ] GC(148) - age   5:      96968 bytes,    1250872 total
[2020-09-11T18:17:58.295+0000][1][gc,age       ] GC(148) - age   6:     109568 bytes,    1360440 total
[2020-09-11T18:17:58.295+0000][1][gc,heap      ] GC(148) ParNew: 69797K->1947K(76672K)
[2020-09-11T18:17:58.295+0000][1][gc,heap      ] GC(148) CMS: 144327K->144338K(2011968K)
[2020-09-11T18:17:58.295+0000][1][gc,metaspace ] GC(148) Metaspace: 95843K->95843K(1138688K)
[2020-09-11T18:17:58.295+0000][1][gc           ] GC(148) Pause Young (Allocation Failure) 209M->142M(2039M) 33.577ms
[2020-09-11T18:17:58.295+0000][1][gc,cpu       ] GC(148) User=0.02s Sys=0.00s Real=0.03s
[2020-09-11T18:17:58.297+0000][1][safepoint    ] Safepoint "GenCollectForAllocation", Time since last: 587353252 ns, Reaching safepoint: 181567 ns, At safepoint: 34963274 ns, Total: 35144841 ns
[2020-09-11T18:17:59.458+0000][1][safepoint    ] Safepoint "RevokeBias", Time since last: 1161505666 ns, Reaching safepoint: 87500 ns, At safepoint: 22289 ns, Total: 109789 ns
[2020-09-11T18:17:59.463+0000][1][safepoint    ] Safepoint "BulkRevokeBias", Time since last: 4068198 ns, Reaching safepoint: 87591 ns, At safepoint: 243372 ns, Total: 330963 ns
[2020-09-11T18:18:01.463+0000][1][safepoint    ] Safepoint "Cleanup", Time since last: 2000186653 ns, Reaching safepoint: 111120 ns, At safepoint: 10538 ns, Total: 121658 ns
[2020-09-11T18:18:04.471+0000][1][safepoint    ] Safepoint "RevokeBias", Time since last: 3007460245 ns, Reaching safepoint: 230525 ns, At safepoint: 269977 ns, Total: 500502 ns
[2020-09-11T18:18:04.481+0000][1][safepoint    ] Safepoint "RevokeBias", Time since last: 5801707 ns, Reaching safepoint: 3928681 ns, At safepoint: 29366 ns, Total: 3958047 ns
[2020-09-11T18:18:05.481+0000][1][safepoint    ] Safepoint "Cleanup", Time since last: 1000113786 ns, Reaching safepoint: 87219 ns, At safepoint: 9088 ns, Total: 96307 ns
[2020-09-11T18:18:06.489+0000][1][safepoint    ] Safepoint "Cleanup", Time since last: 1007970871 ns, Reaching safepoint: 84825 ns, At safepoint: 6755 ns, Total: 91580 ns
[2020-09-11T18:18:07.489+0000][1][safepoint    ] Safepoint "Cleanup", Time since last: 1000118936 ns, Reaching safepoint: 91687 ns, At safepoint: 9116 ns, Total: 100803 ns
[2020-09-11T18:18:08.505+0000][1][gc,start     ] GC(149) Pause Young (Allocation Failure)
[2020-09-11T18:18:08.505+0000][1][gc,task      ] GC(149) Using 1 workers of 1 for evacuation
[2020-09-11T18:18:08.537+0000][1][gc,age       ] GC(149) Desired survivor size 4358144 bytes, new threshold 6 (max threshold 6)
[2020-09-11T18:18:08.537+0000][1][gc,age       ] GC(149) Age table with threshold 6 (max threshold 6)
[2020-09-11T18:18:08.537+0000][1][gc,age       ] GC(149) - age   1:     110680 bytes,     110680 total
[2020-09-11T18:18:08.537+0000][1][gc,age       ] GC(149) - age   2:     323544 bytes,     434224 total
[2020-09-11T18:18:08.537+0000][1][gc,age       ] GC(149) - age   3:     265928 bytes,     700152 total
[2020-09-11T18:18:08.537+0000][1][gc,age       ] GC(149) - age   4:      37992 bytes,     738144 total
[2020-09-11T18:18:08.537+0000][1][gc,age       ] GC(149) - age   5:     452240 bytes,    1190384 total
[2020-09-11T18:18:08.537+0000][1][gc,age       ] GC(149) - age   6:      96968 bytes,    1287352 total
[2020-09-11T18:18:08.540+0000][1][gc,heap      ] GC(149) ParNew: 70107K->2479K(76672K)
[2020-09-11T18:18:08.540+0000][1][gc,heap      ] GC(149) CMS: 144338K->144445K(2011968K)
[2020-09-11T18:18:08.540+0000][1][gc,metaspace ] GC(149) Metaspace: 95859K->95859K(1138688K)
[2020-09-11T18:18:08.540+0000][1][gc           ] GC(149) Pause Young (Allocation Failure) 209M->143M(2039M) 34.837ms
[2020-09-11T18:18:08.540+0000][1][gc,cpu       ] GC(149) User=0.02s Sys=0.00s Real=0.03s
[2020-09-11T18:18:08.540+0000][1][safepoint    ] Safepoint "GenCollectForAllocation", Time since last: 1015289267 ns, Reaching safepoint: 172266 ns, At safepoint: 34951201 ns, Total: 35123467 ns
[2020-09-11T18:18:08.694+0000][1][safepoint    ] Safepoint "RevokeBias", Time since last: 154053762 ns, Reaching safepoint: 86000 ns, At safepoint: 21364 ns, Total: 107364 ns
[2020-09-11T18:18:09.492+0000][1][safepoint    ] Safepoint "RevokeBias", Time since last: 797025862 ns, Reaching safepoint: 236373 ns, At safepoint: 300061 ns, Total: 536434 ns
[2020-09-11T18:18:09.495+0000][1][safepoint    ] Safepoint "RevokeBias", Time since last: 3693890 ns, Reaching safepoint: 96307 ns, At safepoint: 22646 ns, Total: 118953 ns
[2020-09-11T18:18:10.496+0000][1][safepoint    ] Safepoint "Cleanup", Time since last: 1000119997 ns, Reaching safepoint: 90787 ns, At safepoint: 9429 ns, Total: 100216 ns
[2020-09-11T18:18:14.500+0000][1][safepoint    ] Safepoint "RevokeBias", Time since last: 4003556743 ns, Reaching safepoint: 244194 ns, At safepoint: 357412 ns, Total: 601606 ns
[2020-09-11T18:18:14.504+0000][1][safepoint    ] Safepoint "RevokeBias", Time since last: 3974995 ns, Reaching safepoint: 174947 ns, At safepoint: 27106 ns, Total: 202053 ns
[2020-09-11T18:18:16.504+0000][1][safepoint    ] Safepoint "Cleanup", Time since last: 2000185184 ns, Reaching safepoint: 174674 ns, At safepoint: 8301 ns, Total: 182975 ns
[2020-09-11T18:18:18.505+0000][1][safepoint    ] Safepoint "Cleanup", Time since last: 2000186535 ns, Reaching safepoint: 94580 ns, At safepoint: 8168 ns, Total: 102748 ns
[2020-09-11T18:18:19.505+0000][1][safepoint    ] Safepoint "Cleanup", Time since last: 1000120757 ns, Reaching safepoint: 110507 ns, At safepoint: 10514 ns, Total: 121021 ns
[2020-09-11T18:18:19.523+0000][1][safepoint    ] Safepoint "RevokeBias", Time since last: 18437984 ns, Reaching safepoint: 89248 ns, At safepoint: 26016 ns, Total: 115264 ns
[2020-09-11T18:18:19.527+0000][1][safepoint    ] Safepoint "RevokeBias", Time since last: 4012449 ns, Reaching safepoint: 98288 ns, At safepoint: 24488 ns, Total: 122776 ns
[2020-09-11T18:18:19.710+0000][1][safepoint    ] Safepoint "RevokeBias", Time since last: 182045550 ns, Reaching safepoint: 248825 ns, At safepoint: 341747 ns, Total: 590572 ns
[2020-09-11T18:18:21.713+0000][1][safepoint    ] Safepoint "Cleanup", Time since last: 2002763809 ns, Reaching safepoint: 87913 ns, At safepoint: 9797 ns, Total: 97710 ns
[2020-09-11T18:18:24.535+0000][1][safepoint    ] Safepoint "RevokeBias", Time since last: 2821547973 ns, Reaching safepoint: 92325 ns, At safepoint: 25465 ns, Total: 117790 ns
[2020-09-11T18:18:24.538+0000][1][safepoint    ] Safepoint "RevokeBias", Time since last: 3274312 ns, Reaching safepoint: 87722 ns, At safepoint: 25297 ns, Total: 113019 ns
[2020-09-11T18:18:29.550+0000][1][safepoint    ] Safepoint "RevokeBias", Time since last: 5011521107 ns, Reaching safepoint: 234489 ns, At safepoint: 345403 ns, Total: 579892 ns
[2020-09-11T18:18:29.554+0000][1][safepoint    ] Safepoint "RevokeBias", Time since last: 3297758 ns, Reaching safepoint: 230003 ns, At safepoint: 280354 ns, Total: 510357 ns
[2020-09-11T18:18:30.693+0000][1][gc,start     ] GC(150) Pause Young (Allocation Failure)
[2020-09-11T18:18:30.693+0000][1][gc,task      ] GC(150) Using 1 workers of 1 for evacuation
[2020-09-11T18:18:30.725+0000][1][gc,age       ] GC(150) Desired survivor size 4358144 bytes, new threshold 6 (max threshold 6)
[2020-09-11T18:18:30.729+0000][1][gc,age       ] GC(150) Age table with threshold 6 (max threshold 6)
[2020-09-11T18:18:30.729+0000][1][gc,age       ] GC(150) - age   1:     192376 bytes,     192376 total
[2020-09-11T18:18:30.729+0000][1][gc,age       ] GC(150) - age   2:      24424 bytes,     216800 total
[2020-09-11T18:18:30.729+0000][1][gc,age       ] GC(150) - age   3:     308944 bytes,     525744 total
[2020-09-11T18:18:30.729+0000][1][gc,age       ] GC(150) - age   4:     265896 bytes,     791640 total
[2020-09-11T18:18:30.729+0000][1][gc,age       ] GC(150) - age   5:      37800 bytes,     829440 total
[2020-09-11T18:18:30.729+0000][1][gc,age       ] GC(150) - age   6:     452200 bytes,    1281640 total
[2020-09-11T18:18:30.729+0000][1][gc,heap      ] GC(150) ParNew: 70637K->1562K(76672K)
[2020-09-11T18:18:30.729+0000][1][gc,heap      ] GC(150) CMS: 144445K->144539K(2011968K)
[2020-09-11T18:18:30.729+0000][1][gc,metaspace ] GC(150) Metaspace: 95887K->95887K(1138688K)
[2020-09-11T18:18:30.729+0000][1][gc           ] GC(150) Pause Young (Allocation Failure) 210M->142M(2039M) 36.043ms
[2020-09-11T18:18:30.729+0000][1][gc,cpu       ] GC(150) User=0.01s Sys=0.00s Real=0.03s
[2020-09-11T18:18:30.731+0000][1][safepoint    ] Safepoint "GenCollectForAllocation", Time since last: 1135037416 ns, Reaching safepoint: 3945874 ns, At safepoint: 38584756 ns, Total: 42530630 ns
[2020-09-11T18:18:30.749+0000][1][safepoint    ] Safepoint "RevokeBias", Time since last: 13286475 ns, Reaching safepoint: 4075354 ns, At safepoint: 29359 ns, Total: 4104713 ns
[2020-09-11T18:18:31.749+0000][1][safepoint    ] Safepoint "Cleanup", Time since last: 1000112133 ns, Reaching safepoint: 89202 ns, At safepoint: 9846 ns, Total: 99048 ns
[2020-09-11T18:18:34.563+0000][1][safepoint    ] Safepoint "RevokeBias", Time since last: 2813958168 ns, Reaching safepoint: 89995 ns, At safepoint: 26031 ns, Total: 116026 ns
[2020-09-11T18:18:34.567+0000][1][safepoint    ] Safepoint "RevokeBias", Time since last: 3946000 ns, Reaching safepoint: 88761 ns, At safepoint: 23549 ns, Total: 112310 ns
[2020-09-11T18:18:35.567+0000][1][safepoint    ] Safepoint "Cleanup", Time since last: 1000120435 ns, Reaching safepoint: 92044 ns, At safepoint: 10098 ns, Total: 102142 ns
[2020-09-11T18:18:36.568+0000][1][safepoint    ] Safepoint "Cleanup", Time since last: 1000121612 ns, Reaching safepoint: 98625 ns, At safepoint: 7371 ns, Total: 105996 ns
[2020-09-11T18:18:39.574+0000][1][safepoint    ] Safepoint "RevokeBias", Time since last: 3006640588 ns, Reaching safepoint: 92497 ns, At safepoint: 24529 ns, Total: 117026 ns
[2020-09-11T18:18:39.578+0000][1][safepoint    ] Safepoint "RevokeBias", Time since last: 3164585 ns, Reaching safepoint: 86166 ns, At safepoint: 23116 ns, Total: 109282 ns
[2020-09-11T18:18:41.766+0000][1][safepoint    ] Safepoint "RevokeBias", Time since last: 2188301254 ns, Reaching safepoint: 99751 ns, At safepoint: 24722 ns, Total: 124473 ns
[2020-09-11T18:18:42.766+0000][1][safepoint    ] Safepoint "Cleanup", Time since last: 1000114527 ns, Reaching safepoint: 88456 ns, At safepoint: 9184 ns, Total: 97640 ns
[2020-09-11T18:18:44.584+0000][1][safepoint    ] Safepoint "RevokeBias", Time since last: 1817252654 ns, Reaching safepoint: 238448 ns, At safepoint: 329304 ns, Total: 567752 ns
[2020-09-11T18:18:44.588+0000][1][safepoint    ] Safepoint "RevokeBias", Time since last: 3871698 ns, Reaching safepoint: 171118 ns, At safepoint: 41064 ns, Total: 212182 ns
[2020-09-11T18:18:47.589+0000][1][safepoint    ] Safepoint "Cleanup", Time since last: 3000283871 ns, Reaching safepoint: 92209 ns, At safepoint: 9778 ns, Total: 101987 ns
[2020-09-11T18:18:48.505+0000][1][gc,start     ] GC(151) Pause Young (Allocation Failure)
[2020-09-11T18:18:48.505+0000][1][gc,task      ] GC(151) Using 1 workers of 1 for evacuation
[2020-09-11T18:18:48.544+0000][1][gc,age       ] GC(151) Desired survivor size 4358144 bytes, new threshold 6 (max threshold 6)
[2020-09-11T18:18:48.544+0000][1][gc,age       ] GC(151) Age table with threshold 6 (max threshold 6)
[2020-09-11T18:18:48.544+0000][1][gc,age       ] GC(151) - age   1:     101960 bytes,     101960 total
[2020-09-11T18:18:48.544+0000][1][gc,age       ] GC(151) - age   2:      26992 bytes,     128952 total
[2020-09-11T18:18:48.544+0000][1][gc,age       ] GC(151) - age   3:      20152 bytes,     149104 total
[2020-09-11T18:18:48.544+0000][1][gc,age       ] GC(151) - age   4:     308912 bytes,     458016 total
[2020-09-11T18:18:48.544+0000][1][gc,age       ] GC(151) - age   5:     265864 bytes,     723880 total
[2020-09-11T18:18:48.544+0000][1][gc,age       ] GC(151) - age   6:      37800 bytes,     761680 total
[2020-09-11T18:18:48.544+0000][1][gc,heap      ] GC(151) ParNew: 69722K->1134K(76672K)
[2020-09-11T18:18:48.544+0000][1][gc,heap      ] GC(151) CMS: 144539K->144981K(2011968K)
[2020-09-11T18:18:48.544+0000][1][gc,metaspace ] GC(151) Metaspace: 95917K->95917K(1138688K)
[2020-09-11T18:18:48.544+0000][1][gc           ] GC(151) Pause Young (Allocation Failure) 209M->142M(2039M) 39.316ms
[2020-09-11T18:18:48.544+0000][1][gc,cpu       ] GC(151) User=0.02s Sys=0.00s Real=0.04s
[2020-09-11T18:18:48.544+0000][1][safepoint    ] Safepoint "GenCollectForAllocation", Time since last: 914754620 ns, Reaching safepoint: 1567338 ns, At safepoint: 39393559 ns, Total: 40960897 ns
[2020-09-11T18:18:49.553+0000][1][safepoint    ] Safepoint "Cleanup", Time since last: 1008555800 ns, Reaching safepoint: 86061 ns, At safepoint: 8641 ns, Total: 94702 ns
[2020-09-11T18:18:49.604+0000][1][safepoint    ] Safepoint "RevokeBias", Time since last: 50358850 ns, Reaching safepoint: 235017 ns, At safepoint: 327294 ns, Total: 562311 ns
[2020-09-11T18:18:49.612+0000][1][safepoint    ] Safepoint "RevokeBias", Time since last: 7675940 ns, Reaching safepoint: 90674 ns, At safepoint: 23950 ns, Total: 114624 ns
[2020-09-11T18:18:50.612+0000][1][safepoint    ] Safepoint "Cleanup", Time since last: 1000115942 ns, Reaching safepoint: 89777 ns, At safepoint: 9197 ns, Total: 98974 ns
[2020-09-11T18:18:52.782+0000][1][safepoint    ] Safepoint "RevokeBias", Time since last: 2169326557 ns, Reaching safepoint: 242857 ns, At safepoint: 324736 ns, Total: 567593 ns
[2020-09-11T18:18:54.625+0000][1][safepoint    ] Safepoint "RevokeBias", Time since last: 1843322769 ns, Reaching safepoint: 167883 ns, At safepoint: 26385 ns, Total: 194268 ns
[2020-09-11T18:18:54.629+0000][1][safepoint    ] Safepoint "RevokeBias", Time since last: 3310553 ns, Reaching safepoint: 82895 ns, At safepoint: 53414 ns, Total: 136309 ns
[2020-09-11T18:18:58.633+0000][1][safepoint    ] Safepoint "Cleanup", Time since last: 4004082674 ns, Reaching safepoint: 276225 ns, At safepoint: 7959 ns, Total: 284184 ns
[2020-09-11T18:18:59.633+0000][1][safepoint    ] Safepoint "Cleanup", Time since last: 1000115803 ns, Reaching safepoint: 108046 ns, At safepoint: 10080 ns, Total: 118126 ns
[2020-09-11T18:18:59.640+0000][1][safepoint    ] Safepoint "RevokeBias", Time since last: 6369109 ns, Reaching safepoint: 88724 ns, At safepoint: 44138 ns, Total: 132862 ns
[2020-09-11T18:18:59.646+0000][1][safepoint    ] Safepoint "RevokeBias", Time since last: 5293242 ns, Reaching safepoint: 235574 ns, At safepoint: 321659 ns, Total: 557233 ns
[2020-09-11T18:19:01.646+0000][1][safepoint    ] Safepoint "Cleanup", Time since last: 2000569080 ns, Reaching safepoint: 89408 ns, At safepoint: 9205 ns, Total: 98613 ns
[2020-09-11T18:19:03.799+0000][1][safepoint    ] Safepoint "BulkRevokeBias", Time since last: 2152130473 ns, Reaching safepoint: 94755 ns, At safepoint: 283343 ns, Total: 378098 ns
[2020-09-11T18:19:04.652+0000][1][safepoint    ] Safepoint "RevokeBias", Time since last: 852697743 ns, Reaching safepoint: 238503 ns, At safepoint: 314909 ns, Total: 553412 ns
[2020-09-11T18:19:04.659+0000][1][safepoint    ] Safepoint "RevokeBias", Time since last: 6791727 ns, Reaching safepoint: 172746 ns, At safepoint: 26194 ns, Total: 198940 ns
[2020-09-11T18:19:05.659+0000][1][safepoint    ] Safepoint "Cleanup", Time since last: 1000112142 ns, Reaching safepoint: 131095 ns, At safepoint: 7586 ns, Total: 138681 ns
[2020-09-11T18:19:08.089+0000][1][gc,start     ] GC(152) Pause Young (Allocation Failure)
[2020-09-11T18:19:08.089+0000][1][gc,task      ] GC(152) Using 1 workers of 1 for evacuation
[2020-09-11T18:19:08.120+0000][1][gc,age       ] GC(152) Desired survivor size 4358144 bytes, new threshold 6 (max threshold 6)
[2020-09-11T18:19:08.120+0000][1][gc,age       ] GC(152) Age table with threshold 6 (max threshold 6)
[2020-09-11T18:19:08.120+0000][1][gc,age       ] GC(152) - age   1:     257296 bytes,     257296 total
[2020-09-11T18:19:08.120+0000][1][gc,age       ] GC(152) - age   2:      17768 bytes,     275064 total
[2020-09-11T18:19:08.120+0000][1][gc,age       ] GC(152) - age   3:      12560 bytes,     287624 total
[2020-09-11T18:19:08.120+0000][1][gc,age       ] GC(152) - age   4:      20056 bytes,     307680 total
[2020-09-11T18:19:08.120+0000][1][gc,age       ] GC(152) - age   5:     308872 bytes,     616552 total
[2020-09-11T18:19:08.120+0000][1][gc,age       ] GC(152) - age   6:     265552 bytes,     882104 total
[2020-09-11T18:19:08.120+0000][1][gc,heap      ] GC(152) ParNew: 69291K->1682K(76672K)
[2020-09-11T18:19:08.120+0000][1][gc,heap      ] GC(152) CMS: 144981K->145018K(2011968K)
[2020-09-11T18:19:08.120+0000][1][gc,metaspace ] GC(152) Metaspace: 95960K->95960K(1138688K)
[2020-09-11T18:19:08.120+0000][1][gc           ] GC(152) Pause Young (Allocation Failure) 209M->143M(2039M) 30.797ms
[2020-09-11T18:19:08.120+0000][1][gc,cpu       ] GC(152) User=0.01s Sys=0.00s Real=0.03s
[2020-09-11T18:19:08.120+0000][1][safepoint    ] Safepoint "GenCollectForAllocation", Time since last: 2429699058 ns, Reaching safepoint: 109450 ns, At safepoint: 30872769 ns, Total: 30982219 ns
[2020-09-11T18:19:09.131+0000][1][safepoint    ] Safepoint "Cleanup", Time since last: 1010987273 ns, Reaching safepoint: 89163 ns, At safepoint: 9620 ns, Total: 98783 ns
[2020-09-11T18:19:09.671+0000][1][safepoint    ] Safepoint "RevokeBias", Time since last: 539346463 ns, Reaching safepoint: 169395 ns, At safepoint: 26059 ns, Total: 195454 ns
[2020-09-11T18:19:09.674+0000][1][safepoint    ] Safepoint "RevokeBias", Time since last: 3399160 ns, Reaching safepoint: 89596 ns, At safepoint: 27583 ns, Total: 117179 ns
[2020-09-11T18:19:10.676+0000][1][safepoint    ] Safepoint "Cleanup", Time since last: 1001250908 ns, Reaching safepoint: 213336 ns, At safepoint: 11797 ns, Total: 225133 ns
[2020-09-11T18:19:11.676+0000][1][safepoint    ] Safepoint "Cleanup", Time since last: 1000114590 ns, Reaching safepoint: 93540 ns, At safepoint: 9662 ns, Total: 103202 ns
[2020-09-11T18:19:14.683+0000][1][safepoint    ] Safepoint "RevokeBias", Time since last: 3006672511 ns, Reaching safepoint: 166417 ns, At safepoint: 26857 ns, Total: 193274 ns
[2020-09-11T18:19:14.687+0000][1][safepoint    ] Safepoint "RevokeBias", Time since last: 3176687 ns, Reaching safepoint: 236979 ns, At safepoint: 325891 ns, Total: 562870 ns
[2020-09-11T18:19:14.818+0000][1][safepoint    ] Safepoint "RevokeBias", Time since last: 131525578 ns, Reaching safepoint: 172521 ns, At safepoint: 27073 ns, Total: 199594 ns
[2020-09-11T18:19:15.818+0000][1][safepoint    ] Safepoint "Cleanup", Time since last: 1000111418 ns, Reaching safepoint: 92148 ns, At safepoint: 9877 ns, Total: 102025 ns
[2020-09-11T18:19:17.819+0000][1][safepoint    ] Safepoint "Cleanup", Time since last: 2000190990 ns, Reaching safepoint: 116037 ns, At safepoint: 15158 ns, Total: 131195 ns
[2020-09-11T18:19:19.697+0000][1][safepoint    ] Safepoint "RevokeBias", Time since last: 1878045030 ns, Reaching safepoint: 99215 ns, At safepoint: 25554 ns, Total: 124769 ns
[2020-09-11T18:19:19.701+0000][1][safepoint    ] Safepoint "RevokeBias", Time since last: 3943620 ns, Reaching safepoint: 168881 ns, At safepoint: 26591 ns, Total: 195472 ns
[2020-09-11T18:19:21.702+0000][1][safepoint    ] Safepoint "Cleanup", Time since last: 2001199397 ns, Reaching safepoint: 84968 ns, At safepoint: 9346 ns, Total: 94314 ns
[2020-09-11T18:19:24.703+0000][1][safepoint    ] Safepoint "Cleanup", Time since last: 3000559630 ns, Reaching safepoint: 88697 ns, At safepoint: 9691 ns, Total: 98388 ns
[2020-09-11T18:19:24.724+0000][1][safepoint    ] Safepoint "RevokeBias", Time since last: 20388161 ns, Reaching safepoint: 84954 ns, At safepoint: 24818 ns, Total: 109772 ns
[2020-09-11T18:19:24.727+0000][1][safepoint    ] Safepoint "RevokeBias", Time since last: 3821432 ns, Reaching safepoint: 90051 ns, At safepoint: 24822 ns, Total: 114873 ns
[2020-09-11T18:19:25.834+0000][1][safepoint    ] Safepoint "RevokeBias", Time since last: 1105726838 ns, Reaching safepoint: 292107 ns, At safepoint: 322627 ns, Total: 614734 ns
[2020-09-11T18:19:28.365+0000][1][gc,start     ] GC(153) Pause Young (Allocation Failure)
[2020-09-11T18:19:28.365+0000][1][gc,task      ] GC(153) Using 1 workers of 1 for evacuation
[2020-09-11T18:19:28.396+0000][1][gc,age       ] GC(153) Desired survivor size 4358144 bytes, new threshold 6 (max threshold 6)
[2020-09-11T18:19:28.396+0000][1][gc,age       ] GC(153) Age table with threshold 6 (max threshold 6)
[2020-09-11T18:19:28.396+0000][1][gc,age       ] GC(153) - age   1:     616856 bytes,     616856 total
[2020-09-11T18:19:28.396+0000][1][gc,age       ] GC(153) - age   2:     170360 bytes,     787216 total
[2020-09-11T18:19:28.396+0000][1][gc,age       ] GC(153) - age   3:      12800 bytes,     800016 total
[2020-09-11T18:19:28.397+0000][1][gc,age       ] GC(153) - age   4:      12328 bytes,     812344 total
[2020-09-11T18:19:28.397+0000][1][gc,age       ] GC(153) - age   5:      20024 bytes,     832368 total
[2020-09-11T18:19:28.397+0000][1][gc,age       ] GC(153) - age   6:     308872 bytes,    1141240 total
[2020-09-11T18:19:28.397+0000][1][gc,heap      ] GC(153) ParNew: 69842K->1600K(76672K)
[2020-09-11T18:19:28.397+0000][1][gc,heap      ] GC(153) CMS: 145018K->145277K(2011968K)
[2020-09-11T18:19:28.397+0000][1][gc,metaspace ] GC(153) Metaspace: 95968K->95968K(1138688K)
[2020-09-11T18:19:28.397+0000][1][gc           ] GC(153) Pause Young (Allocation Failure) 209M->143M(2039M) 31.735ms
[2020-09-11T18:19:28.397+0000][1][gc,cpu       ] GC(153) User=0.02s Sys=0.00s Real=0.03s
[2020-09-11T18:19:28.397+0000][1][safepoint    ] Safepoint "GenCollectForAllocation", Time since last: 2530814397 ns, Reaching safepoint: 189537 ns, At safepoint: 31805143 ns, Total: 31994680 ns
[2020-09-11T18:19:29.407+0000][1][safepoint    ] Safepoint "Cleanup", Time since last: 1010298064 ns, Reaching safepoint: 91841 ns, At safepoint: 9828 ns, Total: 101669 ns
[2020-09-11T18:19:29.738+0000][1][safepoint    ] Safepoint "RevokeBias", Time since last: 330477850 ns, Reaching safepoint: 91669 ns, At safepoint: 25547 ns, Total: 117216 ns
[2020-09-11T18:19:29.747+0000][1][safepoint    ] Safepoint "RevokeBias", Time since last: 9114851 ns, Reaching safepoint: 245574 ns, At safepoint: 319942 ns, Total: 565516 ns
[2020-09-11T18:19:30.750+0000][1][safepoint    ] Safepoint "Cleanup", Time since last: 1000117975 ns, Reaching safepoint: 3047872 ns, At safepoint: 13260 ns, Total: 3061132 ns
[2020-09-11T18:19:34.757+0000][1][safepoint    ] Safepoint "RevokeBias", Time since last: 4006461169 ns, Reaching safepoint: 95635 ns, At safepoint: 49852 ns, Total: 145487 ns
[2020-09-11T18:19:34.766+0000][1][safepoint    ] Safepoint "RevokeBias", Time since last: 8253404 ns, Reaching safepoint: 242606 ns, At safepoint: 328497 ns, Total: 571103 ns
[2020-09-11T18:19:35.766+0000][1][safepoint    ] Safepoint "Cleanup", Time since last: 1000111262 ns, Reaching safepoint: 91653 ns, At safepoint: 9626 ns, Total: 101279 ns
[2020-09-11T18:19:36.766+0000][1][safepoint    ] Safepoint "Cleanup", Time since last: 1000121863 ns, Reaching safepoint: 92371 ns, At safepoint: 10544 ns, Total: 102915 ns
[2020-09-11T18:19:36.849+0000][1][safepoint    ] Safepoint "RevokeBias", Time since last: 82823908 ns, Reaching safepoint: 85400 ns, At safepoint: 25606 ns, Total: 111006 ns
[2020-09-11T18:19:38.850+0000][1][safepoint    ] Safepoint "Cleanup", Time since last: 2000186342 ns, Reaching safepoint: 90878 ns, At safepoint: 9375 ns, Total: 100253 ns
[2020-09-11T18:19:39.773+0000][1][safepoint    ] Safepoint "RevokeBias", Time since last: 923426267 ns, Reaching safepoint: 95405 ns, At safepoint: 26416 ns, Total: 121821 ns
[2020-09-11T18:19:39.777+0000][1][safepoint    ] Safepoint "RevokeBias", Time since last: 3381478 ns, Reaching safepoint: 87705 ns, At safepoint: 27531 ns, Total: 115236 ns
[2020-09-11T18:19:43.777+0000][1][safepoint    ] Safepoint "Cleanup", Time since last: 4000376097 ns, Reaching safepoint: 92873 ns, At safepoint: 10376 ns, Total: 103249 ns
[2020-09-11T18:19:44.785+0000][1][safepoint    ] Safepoint "RevokeBias", Time since last: 1007773434 ns, Reaching safepoint: 185319 ns, At safepoint: 28801 ns, Total: 214120 ns
[2020-09-11T18:19:44.789+0000][1][safepoint    ] Safepoint "RevokeBias", Time since last: 3116144 ns, Reaching safepoint: 243791 ns, At safepoint: 347214 ns, Total: 591005 ns
[2020-09-11T18:19:47.866+0000][1][safepoint    ] Safepoint "RevokeBias", Time since last: 3077208818 ns, Reaching safepoint: 97230 ns, At safepoint: 27297 ns, Total: 124527 ns
[2020-09-11T18:19:48.342+0000][1][gc,start     ] GC(154) Pause Young (Allocation Failure)
[2020-09-11T18:19:48.342+0000][1][gc,task      ] GC(154) Using 1 workers of 1 for evacuation
[2020-09-11T18:19:48.375+0000][1][gc,age       ] GC(154) Desired survivor size 4358144 bytes, new threshold 6 (max threshold 6)
[2020-09-11T18:19:48.375+0000][1][gc,age       ] GC(154) Age table with threshold 6 (max threshold 6)
[2020-09-11T18:19:48.375+0000][1][gc,age       ] GC(154) - age   1:      98816 bytes,      98816 total
[2020-09-11T18:19:48.375+0000][1][gc,age       ] GC(154) - age   2:     519680 bytes,     618496 total
[2020-09-11T18:19:48.375+0000][1][gc,age       ] GC(154) - age   3:     166680 bytes,     785176 total
[2020-09-11T18:19:48.375+0000][1][gc,age       ] GC(154) - age   4:      12456 bytes,     797632 total
[2020-09-11T18:19:48.375+0000][1][gc,age       ] GC(154) - age   5:      12328 bytes,     809960 total
[2020-09-11T18:19:48.375+0000][1][gc,age       ] GC(154) - age   6:      20024 bytes,     829984 total
[2020-09-11T18:19:48.375+0000][1][gc,heap      ] GC(154) ParNew: 69758K->969K(76672K)
[2020-09-11T18:19:48.375+0000][1][gc,heap      ] GC(154) CMS: 145277K->145587K(2011968K)
[2020-09-11T18:19:48.375+0000][1][gc,metaspace ] GC(154) Metaspace: 95996K->95996K(1138688K)
[2020-09-11T18:19:48.375+0000][1][gc           ] GC(154) Pause Young (Allocation Failure) 209M->143M(2039M) 33.584ms
[2020-09-11T18:19:48.375+0000][1][gc,cpu       ] GC(154) User=0.02s Sys=0.00s Real=0.03s
[2020-09-11T18:19:48.385+0000][1][safepoint    ] Safepoint "GenCollectForAllocation", Time since last: 475476964 ns, Reaching safepoint: 83078 ns, At safepoint: 43144901 ns, Total: 43227979 ns
[2020-09-11T18:19:49.796+0000][1][safepoint    ] Safepoint "RevokeBias", Time since last: 1411376373 ns, Reaching safepoint: 83195 ns, At safepoint: 23017 ns, Total: 106212 ns
[2020-09-11T18:19:49.804+0000][1][safepoint    ] Safepoint "RevokeBias", Time since last: 7813153 ns, Reaching safepoint: 179721 ns, At safepoint: 27302 ns, Total: 207023 ns
[2020-09-11T18:19:50.805+0000][1][safepoint    ] Safepoint "Cleanup", Time since last: 1000114728 ns, Reaching safepoint: 89195 ns, At safepoint: 7988 ns, Total: 97183 ns
[2020-09-11T18:19:54.816+0000][1][safepoint    ] Safepoint "RevokeBias", Time since last: 4011371275 ns, Reaching safepoint: 85069 ns, At safepoint: 24460 ns, Total: 109529 ns
[2020-09-11T18:19:54.820+0000][1][safepoint    ] Safepoint "RevokeBias", Time since last: 3855442 ns, Reaching safepoint: 88117 ns, At safepoint: 22255 ns, Total: 110372 ns
[2020-09-11T18:19:55.820+0000][1][safepoint    ] Safepoint "Cleanup", Time since last: 1000114136 ns, Reaching safepoint: 92488 ns, At safepoint: 10834 ns, Total: 103322 ns
[2020-09-11T18:19:56.820+0000][1][safepoint    ] Safepoint "Cleanup", Time since last: 1000118381 ns, Reaching safepoint: 104678 ns, At safepoint: 13446 ns, Total: 118124 ns
[2020-09-11T18:19:57.821+0000][1][safepoint    ] Safepoint "Cleanup", Time since last: 1000129454 ns, Reaching safepoint: 88699 ns, At safepoint: 10392 ns, Total: 99091 ns
[2020-09-11T18:19:58.821+0000][1][safepoint    ] Safepoint "Cleanup", Time since last: 1000094593 ns, Reaching safepoint: 90165 ns, At safepoint: 9592 ns, Total: 99757 ns
[2020-09-11T18:19:58.885+0000][1][safepoint    ] Safepoint "RevokeBias", Time since last: 61927144 ns, Reaching safepoint: 2044046 ns, At safepoint: 31421 ns, Total: 2075467 ns
[2020-09-11T18:19:59.825+0000][1][safepoint    ] Safepoint "RevokeBias", Time since last: 939985272 ns, Reaching safepoint: 95531 ns, At safepoint: 24619 ns, Total: 120150 ns
[2020-09-11T18:19:59.829+0000][1][safepoint    ] Safepoint "RevokeBias", Time since last: 3117990 ns, Reaching safepoint: 238582 ns, At safepoint: 319354 ns, Total: 557936 ns
[2020-09-11T18:20:02.829+0000][1][safepoint    ] Safepoint "Cleanup", Time since last: 3000264858 ns, Reaching safepoint: 90838 ns, At safepoint: 10133 ns, Total: 100971 ns
[2020-09-11T18:20:04.833+0000][1][safepoint    ] Safepoint "RevokeBias", Time since last: 2004176190 ns, Reaching safepoint: 168967 ns, At safepoint: 27397 ns, Total: 196364 ns
[2020-09-11T18:20:04.837+0000][1][safepoint    ] Safepoint "RevokeBias", Time since last: 3068858 ns, Reaching safepoint: 240392 ns, At safepoint: 354495 ns, Total: 594887 ns
[2020-09-11T18:20:06.436+0000][1][gc,start     ] GC(155) Pause Young (Allocation Failure)
[2020-09-11T18:20:06.436+0000][1][gc,task      ] GC(155) Using 1 workers of 1 for evacuation
[2020-09-11T18:20:06.468+0000][1][gc,age       ] GC(155) Desired survivor size 4358144 bytes, new threshold 6 (max threshold 6)
[2020-09-11T18:20:06.468+0000][1][gc,age       ] GC(155) Age table with threshold 6 (max threshold 6)
[2020-09-11T18:20:06.468+0000][1][gc,age       ] GC(155) - age   1:     382744 bytes,     382744 total
[2020-09-11T18:20:06.468+0000][1][gc,age       ] GC(155) - age   2:      18640 bytes,     401384 total
[2020-09-11T18:20:06.468+0000][1][gc,age       ] GC(155) - age   3:     514448 bytes,     915832 total
[2020-09-11T18:20:06.468+0000][1][gc,age       ] GC(155) - age   4:     166312 bytes,    1082144 total
[2020-09-11T18:20:06.468+0000][1][gc,age       ] GC(155) - age   5:      12456 bytes,    1094600 total
[2020-09-11T18:20:06.468+0000][1][gc,age       ] GC(155) - age   6:      12296 bytes,    1106896 total
[2020-09-11T18:20:06.468+0000][1][gc,heap      ] GC(155) ParNew: 69129K->1700K(76672K)
[2020-09-11T18:20:06.468+0000][1][gc,heap      ] GC(155) CMS: 145587K->145607K(2011968K)
[2020-09-11T18:20:06.468+0000][1][gc,metaspace ] GC(155) Metaspace: 96031K->96031K(1138688K)
[2020-09-11T18:20:06.468+0000][1][gc           ] GC(155) Pause Young (Allocation Failure) 209M->143M(2039M) 31.827ms
[2020-09-11T18:20:06.468+0000][1][gc,cpu       ] GC(155) User=0.02s Sys=0.00s Real=0.03s
[2020-09-11T18:20:06.468+0000][1][safepoint    ] Safepoint "GenCollectForAllocation", Time since last: 1598867078 ns, Reaching safepoint: 166221 ns, At safepoint: 31904414 ns, Total: 32070635 ns
[2020-09-11T18:20:07.517+0000][1][safepoint    ] Safepoint "Cleanup", Time since last: 1048866783 ns, Reaching safepoint: 94184 ns, At safepoint: 9181 ns, Total: 103365 ns
[2020-09-11T18:20:09.841+0000][1][safepoint    ] Safepoint "BulkRevokeBias", Time since last: 2323906059 ns, Reaching safepoint: 100532 ns, At safepoint: 243066 ns, Total: 343598 ns
[2020-09-11T18:20:09.845+0000][1][safepoint    ] Safepoint "RevokeBias", Time since last: 3785041 ns, Reaching safepoint: 169531 ns, At safepoint: 26253 ns, Total: 195784 ns
[2020-09-11T18:20:09.903+0000][1][safepoint    ] Safepoint "RevokeBias", Time since last: 56821622 ns, Reaching safepoint: 239258 ns, At safepoint: 336901 ns, Total: 576159 ns
[2020-09-11T18:20:10.903+0000][1][safepoint    ] Safepoint "Cleanup", Time since last: 1000118489 ns, Reaching safepoint: 91366 ns, At safepoint: 10321 ns, Total: 101687 ns
[2020-09-11T18:20:13.903+0000][1][safepoint    ] Safepoint "Cleanup", Time since last: 3000293389 ns, Reaching safepoint: 90476 ns, At safepoint: 11134 ns, Total: 101610 ns
[2020-09-11T18:20:14.854+0000][1][safepoint    ] Safepoint "RevokeBias", Time since last: 950846712 ns, Reaching safepoint: 168361 ns, At safepoint: 25968 ns, Total: 194329 ns
[2020-09-11T18:20:14.858+0000][1][safepoint    ] Safepoint "RevokeBias", Time since last: 3238344 ns, Reaching safepoint: 84739 ns, At safepoint: 23570 ns, Total: 108309 ns
[2020-09-11T18:20:19.872+0000][1][safepoint    ] Safepoint "RevokeBias", Time since last: 5014749390 ns, Reaching safepoint: 104486 ns, At safepoint: 26253 ns, Total: 130739 ns
[2020-09-11T18:20:19.876+0000][1][safepoint    ] Safepoint "RevokeBias", Time since last: 3148999 ns, Reaching safepoint: 245658 ns, At safepoint: 319438 ns, Total: 565096 ns
[2020-09-11T18:20:20.920+0000][1][safepoint    ] Safepoint "RevokeBias", Time since last: 1043312461 ns, Reaching safepoint: 91716 ns, At safepoint: 24303 ns, Total: 116019 ns
[2020-09-11T18:20:21.920+0000][1][safepoint    ] Safepoint "Cleanup", Time since last: 1000115210 ns, Reaching safepoint: 90198 ns, At safepoint: 9430 ns, Total: 99628 ns
[2020-09-11T18:20:22.920+0000][1][safepoint    ] Safepoint "Cleanup", Time since last: 1000112851 ns, Reaching safepoint: 88834 ns, At safepoint: 9894 ns, Total: 98728 ns
[2020-09-11T18:20:24.881+0000][1][safepoint    ] Safepoint "RevokeBias", Time since last: 1960067685 ns, Reaching safepoint: 243796 ns, At safepoint: 332195 ns, Total: 575991 ns
[2020-09-11T18:20:24.885+0000][1][safepoint    ] Safepoint "RevokeBias", Time since last: 3838295 ns, Reaching safepoint: 89693 ns, At safepoint: 25404 ns, Total: 115097 ns
[2020-09-11T18:20:26.885+0000][1][safepoint    ] Safepoint "Cleanup", Time since last: 2000212521 ns, Reaching safepoint: 91102 ns, At safepoint: 10258 ns, Total: 101360 ns
[2020-09-11T18:20:27.233+0000][1][gc,start     ] GC(156) Pause Young (Allocation Failure)
[2020-09-11T18:20:27.233+0000][1][gc,task      ] GC(156) Using 1 workers of 1 for evacuation
[2020-09-11T18:20:27.266+0000][1][gc,age       ] GC(156) Desired survivor size 4358144 bytes, new threshold 6 (max threshold 6)
[2020-09-11T18:20:27.266+0000][1][gc,age       ] GC(156) Age table with threshold 6 (max threshold 6)
[2020-09-11T18:20:27.266+0000][1][gc,age       ] GC(156) - age   1:     216384 bytes,     216384 total
[2020-09-11T18:20:27.266+0000][1][gc,age       ] GC(156) - age   2:     265552 bytes,     481936 total
[2020-09-11T18:20:27.266+0000][1][gc,age       ] GC(156) - age   3:      13680 bytes,     495616 total
[2020-09-11T18:20:27.266+0000][1][gc,age       ] GC(156) - age   4:     514224 bytes,    1009840 total
[2020-09-11T18:20:27.266+0000][1][gc,age       ] GC(156) - age   5:     166248 bytes,    1176088 total
[2020-09-11T18:20:27.266+0000][1][gc,age       ] GC(156) - age   6:      12456 bytes,    1188544 total
[2020-09-11T18:20:27.266+0000][1][gc,heap      ] GC(156) ParNew: 69860K->2046K(76672K)
[2020-09-11T18:20:27.266+0000][1][gc,heap      ] GC(156) CMS: 145607K->145619K(2011968K)
[2020-09-11T18:20:27.266+0000][1][gc,metaspace ] GC(156) Metaspace: 96064K->96064K(1138688K)
[2020-09-11T18:20:27.266+0000][1][gc           ] GC(156) Pause Young (Allocation Failure) 210M->144M(2039M) 33.333ms
[2020-09-11T18:20:27.266+0000][1][gc,cpu       ] GC(156) User=0.02s Sys=0.00s Real=0.03s
[2020-09-11T18:20:27.266+0000][1][safepoint    ] Safepoint "GenCollectForAllocation", Time since last: 347289921 ns, Reaching safepoint: 595383 ns, At safepoint: 33407824 ns, Total: 34003207 ns
[2020-09-11T18:20:29.269+0000][1][safepoint    ] Safepoint "Cleanup", Time since last: 2002903458 ns, Reaching safepoint: 82161 ns, At safepoint: 7806 ns, Total: 89967 ns
[2020-09-11T18:20:29.889+0000][1][safepoint    ] Safepoint "RevokeBias", Time since last: 619165291 ns, Reaching safepoint: 256773 ns, At safepoint: 345338 ns, Total: 602111 ns
[2020-09-11T18:20:29.893+0000][1][safepoint    ] Safepoint "RevokeBias", Time since last: 3718141 ns, Reaching safepoint: 123578 ns, At safepoint: 24819 ns, Total: 148397 ns
[2020-09-11T18:20:31.936+0000][1][safepoint    ] Safepoint "RevokeBias", Time since last: 2042548827 ns, Reaching safepoint: 109205 ns, At safepoint: 29153 ns, Total: 138358 ns
[2020-09-11T18:20:33.519+0000][1][safepoint    ] Safepoint "Cleanup", Time since last: 1582856310 ns, Reaching safepoint: 136064 ns, At safepoint: 10173 ns, Total: 146237 ns
[2020-09-11T18:20:34.564+0000][1][safepoint    ] Safepoint "Cleanup", Time since last: 1045190471 ns, Reaching safepoint: 117113 ns, At safepoint: 11761 ns, Total: 128874 ns
[2020-09-11T18:20:34.899+0000][1][safepoint    ] Safepoint "RevokeBias", Time since last: 334670565 ns, Reaching safepoint: 88850 ns, At safepoint: 23647 ns, Total: 112497 ns
[2020-09-11T18:20:34.903+0000][1][safepoint    ] Safepoint "RevokeBias", Time since last: 4309023 ns, Reaching safepoint: 88856 ns, At safepoint: 26686 ns, Total: 115542 ns
[2020-09-11T18:20:39.907+0000][1][safepoint    ] Safepoint "RevokeBias", Time since last: 5003717768 ns, Reaching safepoint: 87212 ns, At safepoint: 25578 ns, Total: 112790 ns
[2020-09-11T18:20:39.912+0000][1][safepoint    ] Safepoint "RevokeBias", Time since last: 5249180 ns, Reaching safepoint: 90919 ns, At safepoint: 24914 ns, Total: 115833 ns
[2020-09-11T18:20:42.276+0000][1][gc,start     ] GC(157) Pause Young (Allocation Failure)
[2020-09-11T18:20:42.277+0000][1][gc,task      ] GC(157) Using 1 workers of 1 for evacuation
[2020-09-11T18:20:42.310+0000][1][gc,age       ] GC(157) Desired survivor size 4358144 bytes, new threshold 6 (max threshold 6)
[2020-09-11T18:20:42.310+0000][1][gc,age       ] GC(157) Age table with threshold 6 (max threshold 6)
[2020-09-11T18:20:42.310+0000][1][gc,age       ] GC(157) - age   1:      89368 bytes,      89368 total
[2020-09-11T18:20:42.310+0000][1][gc,age       ] GC(157) - age   2:     144608 bytes,     233976 total
[2020-09-11T18:20:42.310+0000][1][gc,age       ] GC(157) - age   3:     262360 bytes,     496336 total
[2020-09-11T18:20:42.310+0000][1][gc,age       ] GC(157) - age   4:      13344 bytes,     509680 total
[2020-09-11T18:20:42.310+0000][1][gc,age       ] GC(157) - age   5:     514224 bytes,    1023904 total
[2020-09-11T18:20:42.310+0000][1][gc,age       ] GC(157) - age   6:     166248 bytes,    1190152 total
[2020-09-11T18:20:42.310+0000][1][gc,heap      ] GC(157) ParNew: 70206K->1382K(76672K)
[2020-09-11T18:20:42.310+0000][1][gc,heap      ] GC(157) CMS: 145619K->145631K(2011968K)
[2020-09-11T18:20:42.310+0000][1][gc,metaspace ] GC(157) Metaspace: 96071K->96071K(1138688K)
[2020-09-11T18:20:42.310+0000][1][gc           ] GC(157) Pause Young (Allocation Failure) 210M->143M(2039M) 33.894ms
[2020-09-11T18:20:42.310+0000][1][gc,cpu       ] GC(157) User=0.02s Sys=0.00s Real=0.03s
[2020-09-11T18:20:42.310+0000][1][safepoint    ] Safepoint "GenCollectForAllocation", Time since last: 2363978003 ns, Reaching safepoint: 158498 ns, At safepoint: 33970245 ns, Total: 34128743 ns
[2020-09-11T18:20:42.957+0000][1][safepoint    ] Safepoint "RevokeBias", Time since last: 646959883 ns, Reaching safepoint: 89834 ns, At safepoint: 39478 ns, Total: 129312 ns
[2020-09-11T18:20:43.958+0000][1][safepoint    ] Safepoint "Cleanup", Time since last: 1000545255 ns, Reaching safepoint: 84317 ns, At safepoint: 22059 ns, Total: 106376 ns
[2020-09-11T18:20:44.917+0000][1][safepoint    ] Safepoint "RevokeBias", Time since last: 958790729 ns, Reaching safepoint: 92723 ns, At safepoint: 36964 ns, Total: 129687 ns
[2020-09-11T18:20:44.921+0000][1][safepoint    ] Safepoint "RevokeBias", Time since last: 3120710 ns, Reaching safepoint: 243778 ns, At safepoint: 433999 ns, Total: 677777 ns
[2020-09-11T18:20:45.921+0000][1][safepoint    ] Safepoint "Cleanup", Time since last: 1000487149 ns, Reaching safepoint: 82239 ns, At safepoint: 9362 ns, Total: 91601 ns
[2020-09-11T18:20:46.922+0000][1][safepoint    ] Safepoint "Cleanup", Time since last: 1000114001 ns, Reaching safepoint: 83758 ns, At safepoint: 6811 ns, Total: 90569 ns
[2020-09-11T18:20:47.922+0000][1][safepoint    ] Safepoint "Cleanup", Time since last: 1000115390 ns, Reaching safepoint: 83858 ns, At safepoint: 9347 ns, Total: 93205 ns
[2020-09-11T18:20:48.922+0000][1][safepoint    ] Safepoint "Cleanup", Time since last: 1000114456 ns, Reaching safepoint: 90427 ns, At safepoint: 10408 ns, Total: 100835 ns
[2020-09-11T18:20:49.922+0000][1][safepoint    ] Safepoint "Cleanup", Time since last: 1000117497 ns, Reaching safepoint: 84415 ns, At safepoint: 10267 ns, Total: 94682 ns
[2020-09-11T18:20:49.929+0000][1][safepoint    ] Safepoint "RevokeBias", Time since last: 6695482 ns, Reaching safepoint: 89590 ns, At safepoint: 25845 ns, Total: 115435 ns
[2020-09-11T18:20:49.935+0000][1][safepoint    ] Safepoint "RevokeBias", Time since last: 5568116 ns, Reaching safepoint: 86094 ns, At safepoint: 22028 ns, Total: 108122 ns
[2020-09-11T18:20:50.935+0000][1][safepoint    ] Safepoint "Cleanup", Time since last: 1000106247 ns, Reaching safepoint: 89846 ns, At safepoint: 9439 ns, Total: 99285 ns
[2020-09-11T18:20:51.935+0000][1][safepoint    ] Safepoint "Cleanup", Time since last: 1000113807 ns, Reaching safepoint: 84036 ns, At safepoint: 9462 ns, Total: 93498 ns
[2020-09-11T18:20:52.935+0000][1][safepoint    ] Safepoint "Cleanup", Time since last: 1000114387 ns, Reaching safepoint: 83230 ns, At safepoint: 10619 ns, Total: 93849 ns
[2020-09-11T18:20:53.936+0000][1][safepoint    ] Safepoint "Cleanup", Time since last: 1000115205 ns, Reaching safepoint: 83258 ns, At safepoint: 9242 ns, Total: 92500 ns
[2020-09-11T18:20:53.974+0000][1][safepoint    ] Safepoint "RevokeBias", Time since last: 37931338 ns, Reaching safepoint: 233538 ns, At safepoint: 305937 ns, Total: 539475 ns
[2020-09-11T18:20:54.951+0000][1][safepoint    ] Safepoint "RevokeBias", Time since last: 976212171 ns, Reaching safepoint: 237007 ns, At safepoint: 315754 ns, Total: 552761 ns
[2020-09-11T18:20:54.961+0000][1][safepoint    ] Safepoint "RevokeBias", Time since last: 10045191 ns, Reaching safepoint: 175418 ns, At safepoint: 24808 ns, Total: 200226 ns
[2020-09-11T18:20:55.961+0000][1][safepoint    ] Safepoint "Cleanup", Time since last: 1000110969 ns, Reaching safepoint: 84331 ns, At safepoint: 9595 ns, Total: 93926 ns
[2020-09-11T18:20:56.961+0000][1][safepoint    ] Safepoint "Cleanup", Time since last: 1000111998 ns, Reaching safepoint: 83392 ns, At safepoint: 7498 ns, Total: 90890 ns
[2020-09-11T18:20:57.962+0000][1][safepoint    ] Safepoint "Cleanup", Time since last: 1000119047 ns, Reaching safepoint: 85923 ns, At safepoint: 9455 ns, Total: 95378 ns
[2020-09-11T18:20:58.962+0000][1][safepoint    ] Safepoint "Cleanup", Time since last: 1000118777 ns, Reaching safepoint: 94428 ns, At safepoint: 9950 ns, Total: 104378 ns
[2020-09-11T18:20:59.962+0000][1][safepoint    ] Safepoint "Cleanup", Time since last: 1000117017 ns, Reaching safepoint: 85067 ns, At safepoint: 9258 ns, Total: 94325 ns
[2020-09-11T18:20:59.975+0000][1][safepoint    ] Safepoint "RevokeBias", Time since last: 11916395 ns, Reaching safepoint: 241320 ns, At safepoint: 320239 ns, Total: 561559 ns
[2020-09-11T18:20:59.979+0000][1][safepoint    ] Safepoint "RevokeBias", Time since last: 3841946 ns, Reaching safepoint: 89964 ns, At safepoint: 25362 ns, Total: 115326 ns
[2020-09-11T18:21:00.979+0000][1][safepoint    ] Safepoint "Cleanup", Time since last: 1000110879 ns, Reaching safepoint: 102981 ns, At safepoint: 20598 ns, Total: 123579 ns
[2020-09-11T18:21:01.979+0000][1][safepoint    ] Safepoint "Cleanup", Time since last: 1000116200 ns, Reaching safepoint: 102213 ns, At safepoint: 10525 ns, Total: 112738 ns
[2020-09-11T18:21:02.979+0000][1][safepoint    ] Safepoint "Cleanup", Time since last: 1000109909 ns, Reaching safepoint: 85837 ns, At safepoint: 9727 ns, Total: 95564 ns
[2020-09-11T18:21:03.979+0000][1][safepoint    ] Safepoint "Cleanup", Time since last: 1000121449 ns, Reaching safepoint: 89644 ns, At safepoint: 10088 ns, Total: 99732 ns
[2020-09-11T18:21:04.980+0000][1][safepoint    ] Safepoint "Cleanup", Time since last: 1000116212 ns, Reaching safepoint: 85045 ns, At safepoint: 8506 ns, Total: 93551 ns
[2020-09-11T18:21:04.992+0000][1][safepoint    ] Safepoint "RevokeBias", Time since last: 12036588 ns, Reaching safepoint: 96831 ns, At safepoint: 44167 ns, Total: 140998 ns
[2020-09-11T18:21:05.014+0000][1][safepoint    ] Safepoint "RevokeBias", Time since last: 21223844 ns, Reaching safepoint: 235594 ns, At safepoint: 275392 ns, Total: 510986 ns
[2020-09-11T18:21:06.014+0000][1][safepoint    ] Safepoint "Cleanup", Time since last: 1000118210 ns, Reaching safepoint: 91622 ns, At safepoint: 10737 ns, Total: 102359 ns
[2020-09-11T18:21:07.014+0000][1][safepoint    ] Safepoint "Cleanup", Time since last: 1000128070 ns, Reaching safepoint: 88422 ns, At safepoint: 9866 ns, Total: 98288 ns
[2020-09-11T18:21:07.433+0000][1][gc,start     ] GC(158) Pause Young (Allocation Failure)
[2020-09-11T18:21:07.433+0000][1][gc,task      ] GC(158) Using 1 workers of 1 for evacuation
[2020-09-11T18:21:07.466+0000][1][gc,age       ] GC(158) Desired survivor size 4358144 bytes, new threshold 6 (max threshold 6)
[2020-09-11T18:21:07.466+0000][1][gc,age       ] GC(158) Age table with threshold 6 (max threshold 6)
[2020-09-11T18:21:07.466+0000][1][gc,age       ] GC(158) - age   1:     188264 bytes,     188264 total
[2020-09-11T18:21:07.466+0000][1][gc,age       ] GC(158) - age   2:      16040 bytes,     204304 total
[2020-09-11T18:21:07.466+0000][1][gc,age       ] GC(158) - age   3:     136584 bytes,     340888 total
[2020-09-11T18:21:07.466+0000][1][gc,age       ] GC(158) - age   4:     261928 bytes,     602816 total
[2020-09-11T18:21:07.466+0000][1][gc,age       ] GC(158) - age   5:      13312 bytes,     616128 total
[2020-09-11T18:21:07.466+0000][1][gc,age       ] GC(158) - age   6:     514224 bytes,    1130352 total
[2020-09-11T18:21:07.466+0000][1][gc,heap      ] GC(158) ParNew: 69542K->2088K(76672K)
[2020-09-11T18:21:07.466+0000][1][gc,heap      ] GC(158) CMS: 145631K->145794K(2011968K)
[2020-09-11T18:21:07.466+0000][1][gc,metaspace ] GC(158) Metaspace: 96084K->96084K(1138688K)
[2020-09-11T18:21:07.466+0000][1][gc           ] GC(158) Pause Young (Allocation Failure) 210M->144M(2039M) 33.518ms
[2020-09-11T18:21:07.466+0000][1][gc,cpu       ] GC(158) User=0.02s Sys=0.00s Real=0.03s
[2020-09-11T18:21:07.467+0000][1][safepoint    ] Safepoint "GenCollectForAllocation", Time since last: 415869393 ns, Reaching safepoint: 3034088 ns, At safepoint: 33710889 ns, Total: 36744977 ns
[2020-09-11T18:21:08.521+0000][1][safepoint    ] Safepoint "Cleanup", Time since last: 1054200647 ns, Reaching safepoint: 86181 ns, At safepoint: 9870 ns, Total: 96051 ns
[2020-09-11T18:21:09.521+0000][1][safepoint    ] Safepoint "Cleanup", Time since last: 1000113084 ns, Reaching safepoint: 86847 ns, At safepoint: 10748 ns, Total: 97595 ns
[2020-09-11T18:21:10.018+0000][1][safepoint    ] Safepoint "RevokeBias", Time since last: 496783220 ns, Reaching safepoint: 90244 ns, At safepoint: 27270 ns, Total: 117514 ns
[2020-09-11T18:21:10.022+0000][1][safepoint    ] Safepoint "RevokeBias", Time since last: 3640462 ns, Reaching safepoint: 166830 ns, At safepoint: 24974 ns, Total: 191804 ns
[2020-09-11T18:21:11.022+0000][1][safepoint    ] Safepoint "Cleanup", Time since last: 1000111992 ns, Reaching safepoint: 82860 ns, At safepoint: 8947 ns, Total: 91807 ns
[2020-09-11T18:21:12.022+0000][1][safepoint    ] Safepoint "Cleanup", Time since last: 1000118961 ns, Reaching safepoint: 83937 ns, At safepoint: 10441 ns, Total: 94378 ns
[2020-09-11T18:21:13.023+0000][1][safepoint    ] Safepoint "Cleanup", Time since last: 1000115127 ns, Reaching safepoint: 83999 ns, At safepoint: 10483 ns, Total: 94482 ns
[2020-09-11T18:21:14.023+0000][1][safepoint    ] Safepoint "Cleanup", Time since last: 1000115653 ns, Reaching safepoint: 82578 ns, At safepoint: 10240 ns, Total: 92818 ns
[2020-09-11T18:21:15.023+0000][1][safepoint    ] Safepoint "Cleanup", Time since last: 1000115462 ns, Reaching safepoint: 87161 ns, At safepoint: 8830 ns, Total: 95991 ns
[2020-09-11T18:21:15.027+0000][1][safepoint    ] Safepoint "BulkRevokeBias", Time since last: 3653516 ns, Reaching safepoint: 87465 ns, At safepoint: 237606 ns, Total: 325071 ns
[2020-09-11T18:21:15.031+0000][1][safepoint    ] Safepoint "RevokeBias", Time since last: 3813262 ns, Reaching safepoint: 168969 ns, At safepoint: 24735 ns, Total: 193704 ns
[2020-09-11T18:21:16.021+0000][1][safepoint    ] Safepoint "RevokeBias", Time since last: 990169720 ns, Reaching safepoint: 85392 ns, At safepoint: 24610 ns, Total: 110002 ns
[2020-09-11T18:21:17.021+0000][1][safepoint    ] Safepoint "Cleanup", Time since last: 1000108934 ns, Reaching safepoint: 107167 ns, At safepoint: 11362 ns, Total: 118529 ns
[2020-09-11T18:21:18.022+0000][1][safepoint    ] Safepoint "Cleanup", Time since last: 1000140216 ns, Reaching safepoint: 84185 ns, At safepoint: 9063 ns, Total: 93248 ns
[2020-09-11T18:21:19.022+0000][1][safepoint    ] Safepoint "Cleanup", Time since last: 1000117568 ns, Reaching safepoint: 84725 ns, At safepoint: 9483 ns, Total: 94208 ns
[2020-09-11T18:21:20.022+0000][1][safepoint    ] Safepoint "Cleanup", Time since last: 1000115913 ns, Reaching safepoint: 85117 ns, At safepoint: 7454 ns, Total: 92571 ns
[2020-09-11T18:21:20.036+0000][1][safepoint    ] Safepoint "RevokeBias", Time since last: 13359369 ns, Reaching safepoint: 168325 ns, At safepoint: 25847 ns, Total: 194172 ns
[2020-09-11T18:21:20.039+0000][1][safepoint    ] Safepoint "RevokeBias", Time since last: 3733814 ns, Reaching safepoint: 86710 ns, At safepoint: 24886 ns, Total: 111596 ns
[2020-09-11T18:21:21.040+0000][1][safepoint    ] Safepoint "Cleanup", Time since last: 1000117729 ns, Reaching safepoint: 89364 ns, At safepoint: 10568 ns, Total: 99932 ns
[2020-09-11T18:21:22.040+0000][1][safepoint    ] Safepoint "Cleanup", Time since last: 1000113528 ns, Reaching safepoint: 83526 ns, At safepoint: 9575 ns, Total: 93101 ns
[2020-09-11T18:21:22.356+0000][1][gc,start     ] GC(159) Pause Young (Allocation Failure)
[2020-09-11T18:21:22.356+0000][1][gc,task      ] GC(159) Using 1 workers of 1 for evacuation
[2020-09-11T18:21:22.390+0000][1][gc,age       ] GC(159) Desired survivor size 4358144 bytes, new threshold 6 (max threshold 6)
[2020-09-11T18:21:22.390+0000][1][gc,age       ] GC(159) Age table with threshold 6 (max threshold 6)
[2020-09-11T18:21:22.390+0000][1][gc,age       ] GC(159) - age   1:     139776 bytes,     139776 total
[2020-09-11T18:21:22.390+0000][1][gc,age       ] GC(159) - age   2:      82000 bytes,     221776 total
[2020-09-11T18:21:22.390+0000][1][gc,age       ] GC(159) - age   3:      13360 bytes,     235136 total
[2020-09-11T18:21:22.390+0000][1][gc,age       ] GC(159) - age   4:     136360 bytes,     371496 total
[2020-09-11T18:21:22.390+0000][1][gc,age       ] GC(159) - age   5:     261928 bytes,     633424 total
[2020-09-11T18:21:22.390+0000][1][gc,age       ] GC(159) - age   6:      13312 bytes,     646736 total
[2020-09-11T18:21:22.390+0000][1][gc,heap      ] GC(159) ParNew: 70248K->675K(76672K)
[2020-09-11T18:21:22.390+0000][1][gc,heap      ] GC(159) CMS: 145794K->146296K(2011968K)
[2020-09-11T18:21:22.390+0000][1][gc,metaspace ] GC(159) Metaspace: 96098K->96098K(1138688K)
[2020-09-11T18:21:22.390+0000][1][gc           ] GC(159) Pause Young (Allocation Failure) 210M->143M(2039M) 34.448ms
[2020-09-11T18:21:22.390+0000][1][gc,cpu       ] GC(159) User=0.02s Sys=0.00s Real=0.03s
[2020-09-11T18:21:22.390+0000][1][safepoint    ] Safepoint "GenCollectForAllocation", Time since last: 314446938 ns, Reaching safepoint: 1439260 ns, At safepoint: 34541013 ns, Total: 35980273 ns
[2020-09-11T18:21:23.392+0000][1][safepoint    ] Safepoint "Cleanup", Time since last: 1001908426 ns, Reaching safepoint: 75740 ns, At safepoint: 6582 ns, Total: 82322 ns
[2020-09-11T18:21:24.393+0000][1][safepoint    ] Safepoint "Cleanup", Time since last: 1000444183 ns, Reaching safepoint: 83522 ns, At safepoint: 8299 ns, Total: 91821 ns
[2020-09-11T18:21:25.044+0000][1][safepoint    ] Safepoint "RevokeBias", Time since last: 650903093 ns, Reaching safepoint: 161978 ns, At safepoint: 23923 ns, Total: 185901 ns
[2020-09-11T18:21:25.047+0000][1][safepoint    ] Safepoint "RevokeBias", Time since last: 2859535 ns, Reaching safepoint: 242760 ns, At safepoint: 267471 ns, Total: 510231 ns
[2020-09-11T18:21:26.048+0000][1][safepoint    ] Safepoint "Cleanup", Time since last: 1000115171 ns, Reaching safepoint: 85745 ns, At safepoint: 9336 ns, Total: 95081 ns
[2020-09-11T18:21:27.038+0000][1][safepoint    ] Safepoint "RevokeBias", Time since last: 990381471 ns, Reaching safepoint: 169839 ns, At safepoint: 25637 ns, Total: 195476 ns
[2020-09-11T18:21:28.038+0000][1][safepoint    ] Safepoint "Cleanup", Time since last: 1000117325 ns, Reaching safepoint: 84405 ns, At safepoint: 9363 ns, Total: 93768 ns
[2020-09-11T18:21:29.039+0000][1][safepoint    ] Safepoint "Cleanup", Time since last: 1000129448 ns, Reaching safepoint: 82686 ns, At safepoint: 9450 ns, Total: 92136 ns
[2020-09-11T18:21:30.039+0000][1][safepoint    ] Safepoint "Cleanup", Time since last: 1000115710 ns, Reaching safepoint: 83952 ns, At safepoint: 9303 ns, Total: 93255 ns
[2020-09-11T18:21:30.052+0000][1][safepoint    ] Safepoint "RevokeBias", Time since last: 12921959 ns, Reaching safepoint: 89714 ns, At safepoint: 26247 ns, Total: 115961 ns
[2020-09-11T18:21:30.056+0000][1][safepoint    ] Safepoint "RevokeBias", Time since last: 3848415 ns, Reaching safepoint: 88215 ns, At safepoint: 23381 ns, Total: 111596 ns
[2020-09-11T18:21:31.056+0000][1][safepoint    ] Safepoint "Cleanup", Time since last: 1000107939 ns, Reaching safepoint: 102927 ns, At safepoint: 8769 ns, Total: 111696 ns
[2020-09-11T18:21:32.056+0000][1][safepoint    ] Safepoint "Cleanup", Time since last: 1000119929 ns, Reaching safepoint: 86683 ns, At safepoint: 9891 ns, Total: 96574 ns
[2020-09-11T18:21:33.056+0000][1][safepoint    ] Safepoint "Cleanup", Time since last: 1000115458 ns, Reaching safepoint: 84114 ns, At safepoint: 9300 ns, Total: 93414 ns
[2020-09-11T18:21:34.057+0000][1][safepoint    ] Safepoint "Cleanup", Time since last: 1000118944 ns, Reaching safepoint: 83355 ns, At safepoint: 9564 ns, Total: 92919 ns
[2020-09-11T18:21:35.057+0000][1][safepoint    ] Safepoint "Cleanup", Time since last: 1000118332 ns, Reaching safepoint: 104966 ns, At safepoint: 6873 ns, Total: 111839 ns
[2020-09-11T18:21:35.061+0000][1][safepoint    ] Safepoint "RevokeBias", Time since last: 3948110 ns, Reaching safepoint: 227198 ns, At safepoint: 298424 ns, Total: 525622 ns
[2020-09-11T18:21:35.065+0000][1][safepoint    ] Safepoint "RevokeBias", Time since last: 3523049 ns, Reaching safepoint: 93254 ns, At safepoint: 21398 ns, Total: 114652 ns
[2020-09-11T18:21:36.065+0000][1][safepoint    ] Safepoint "Cleanup", Time since last: 1000109092 ns, Reaching safepoint: 84251 ns, At safepoint: 9519 ns, Total: 93770 ns
[2020-09-11T18:21:37.065+0000][1][safepoint    ] Safepoint "Cleanup", Time since last: 1000109447 ns, Reaching safepoint: 84181 ns, At safepoint: 9398 ns, Total: 93579 ns
[2020-09-11T18:21:38.056+0000][1][safepoint    ] Safepoint "RevokeBias", Time since last: 990045086 ns, Reaching safepoint: 90823 ns, At safepoint: 25645 ns, Total: 116468 ns
[2020-09-11T18:21:39.056+0000][1][safepoint    ] Safepoint "Cleanup", Time since last: 1000118046 ns, Reaching safepoint: 89757 ns, At safepoint: 7313 ns, Total: 97070 ns
[2020-09-11T18:21:40.069+0000][1][safepoint    ] Safepoint "RevokeBias", Time since last: 1012929018 ns, Reaching safepoint: 112382 ns, At safepoint: 25430 ns, Total: 137812 ns
[2020-09-11T18:21:40.073+0000][1][safepoint    ] Safepoint "RevokeBias", Time since last: 3589225 ns, Reaching safepoint: 172979 ns, At safepoint: 24907 ns, Total: 197886 ns
[2020-09-11T18:21:44.953+0000][1][gc,start     ] GC(160) Pause Young (Allocation Failure)
[2020-09-11T18:21:44.954+0000][1][gc,task      ] GC(160) Using 1 workers of 1 for evacuation
[2020-09-11T18:21:44.980+0000][1][gc,age       ] GC(160) Desired survivor size 4358144 bytes, new threshold 6 (max threshold 6)
[2020-09-11T18:21:44.980+0000][1][gc,age       ] GC(160) Age table with threshold 6 (max threshold 6)
[2020-09-11T18:21:44.980+0000][1][gc,age       ] GC(160) - age   1:     373416 bytes,     373416 total
[2020-09-11T18:21:44.980+0000][1][gc,age       ] GC(160) - age   2:      71560 bytes,     444976 total
[2020-09-11T18:21:44.980+0000][1][gc,age       ] GC(160) - age   3:      73832 bytes,     518808 total
[2020-09-11T18:21:44.980+0000][1][gc,age       ] GC(160) - age   4:      13328 bytes,     532136 total
[2020-09-11T18:21:44.980+0000][1][gc,age       ] GC(160) - age   5:     136264 bytes,     668400 total
[2020-09-11T18:21:44.980+0000][1][gc,age       ] GC(160) - age   6:     261928 bytes,     930328 total
[2020-09-11T18:21:44.980+0000][1][gc,heap      ] GC(160) ParNew: 68835K->1284K(76672K)
[2020-09-11T18:21:44.980+0000][1][gc,heap      ] GC(160) CMS: 146296K->146309K(2011968K)
[2020-09-11T18:21:44.980+0000][1][gc,metaspace ] GC(160) Metaspace: 96115K->96115K(1138688K)
[2020-09-11T18:21:44.980+0000][1][gc           ] GC(160) Pause Young (Allocation Failure) 210M->144M(2039M) 26.681ms
[2020-09-11T18:21:44.980+0000][1][gc,cpu       ] GC(160) User=0.02s Sys=0.01s Real=0.02s
[2020-09-11T18:21:44.983+0000][1][safepoint    ] Safepoint "GenCollectForAllocation", Time since last: 4880820922 ns, Reaching safepoint: 75322 ns, At safepoint: 29689028 ns, Total: 29764350 ns
[2020-09-11T18:21:45.080+0000][1][safepoint    ] Safepoint "RevokeBias", Time since last: 96646378 ns, Reaching safepoint: 87441 ns, At safepoint: 37888 ns, Total: 125329 ns
[2020-09-11T18:21:45.084+0000][1][safepoint    ] Safepoint "RevokeBias", Time since last: 3782120 ns, Reaching safepoint: 91557 ns, At safepoint: 36639 ns, Total: 128196 ns
[2020-09-11T18:21:49.073+0000][1][safepoint    ] Safepoint "RevokeBias", Time since last: 3988580693 ns, Reaching safepoint: 99286 ns, At safepoint: 35387 ns, Total: 134673 ns
[2020-09-11T18:21:50.092+0000][1][safepoint    ] Safepoint "RevokeBias", Time since last: 1019648475 ns, Reaching safepoint: 170209 ns, At safepoint: 27071 ns, Total: 197280 ns
[2020-09-11T18:21:50.096+0000][1][safepoint    ] Safepoint "RevokeBias", Time since last: 3011618 ns, Reaching safepoint: 236886 ns, At safepoint: 320920 ns, Total: 557806 ns
[2020-09-11T18:21:51.096+0000][1][safepoint    ] Safepoint "Cleanup", Time since last: 1000118127 ns, Reaching safepoint: 82454 ns, At safepoint: 9281 ns, Total: 91735 ns
[2020-09-11T18:21:52.096+0000][1][safepoint    ] Safepoint "Cleanup", Time since last: 1000120103 ns, Reaching safepoint: 85499 ns, At safepoint: 9992 ns, Total: 95491 ns
[2020-09-11T18:21:53.097+0000][1][safepoint    ] Safepoint "Cleanup", Time since last: 1000114993 ns, Reaching safepoint: 82826 ns, At safepoint: 9476 ns, Total: 92302 ns
[2020-09-11T18:21:54.097+0000][1][safepoint    ] Safepoint "Cleanup", Time since last: 1000122402 ns, Reaching safepoint: 102685 ns, At safepoint: 8931 ns, Total: 111616 ns
[2020-09-11T18:21:55.097+0000][1][safepoint    ] Safepoint "Cleanup", Time since last: 1000111933 ns, Reaching safepoint: 86283 ns, At safepoint: 9250 ns, Total: 95533 ns
[2020-09-11T18:21:55.108+0000][1][safepoint    ] Safepoint "RevokeBias", Time since last: 7407919 ns, Reaching safepoint: 3043201 ns, At safepoint: 31338 ns, Total: 3074539 ns
[2020-09-11T18:21:55.111+0000][1][safepoint    ] Safepoint "RevokeBias", Time since last: 3220773 ns, Reaching safepoint: 248702 ns, At safepoint: 325708 ns, Total: 574410 ns
[2020-09-11T18:21:56.112+0000][1][safepoint    ] Safepoint "Cleanup", Time since last: 1000116987 ns, Reaching safepoint: 83057 ns, At safepoint: 9268 ns, Total: 92325 ns
[2020-09-11T18:21:57.112+0000][1][safepoint    ] Safepoint "Cleanup", Time since last: 1000112891 ns, Reaching safepoint: 90272 ns, At safepoint: 10499 ns, Total: 100771 ns
[2020-09-11T18:21:58.112+0000][1][safepoint    ] Safepoint "Cleanup", Time since last: 1000117696 ns, Reaching safepoint: 83720 ns, At safepoint: 9670 ns, Total: 93390 ns
[2020-09-11T18:21:59.112+0000][1][safepoint    ] Safepoint "Cleanup", Time since last: 1000121636 ns, Reaching safepoint: 86357 ns, At safepoint: 9251 ns, Total: 95608 ns
[2020-09-11T18:22:00.090+0000][1][safepoint    ] Safepoint "RevokeBias", Time since last: 977682242 ns, Reaching safepoint: 110640 ns, At safepoint: 25759 ns, Total: 136399 ns
[2020-09-11T18:22:00.116+0000][1][safepoint    ] Safepoint "RevokeBias", Time since last: 25139975 ns, Reaching safepoint: 239110 ns, At safepoint: 337421 ns, Total: 576531 ns
[2020-09-11T18:22:00.120+0000][1][safepoint    ] Safepoint "RevokeBias", Time since last: 3758406 ns, Reaching safepoint: 90081 ns, At safepoint: 25433 ns, Total: 115514 ns
[2020-09-11T18:22:01.120+0000][1][safepoint    ] Safepoint "Cleanup", Time since last: 1000117518 ns, Reaching safepoint: 89295 ns, At safepoint: 9642 ns, Total: 98937 ns
[2020-09-11T18:22:02.120+0000][1][safepoint    ] Safepoint "Cleanup", Time since last: 1000119297 ns, Reaching safepoint: 82559 ns, At safepoint: 10187 ns, Total: 92746 ns
[2020-09-11T18:22:02.419+0000][1][gc,start     ] GC(161) Pause Young (Allocation Failure)
[2020-09-11T18:22:02.419+0000][1][gc,task      ] GC(161) Using 1 workers of 1 for evacuation
[2020-09-11T18:22:02.448+0000][1][gc,age       ] GC(161) Desired survivor size 4358144 bytes, new threshold 6 (max threshold 6)
[2020-09-11T18:22:02.448+0000][1][gc,age       ] GC(161) Age table with threshold 6 (max threshold 6)
[2020-09-11T18:22:02.448+0000][1][gc,age       ] GC(161) - age   1:     600896 bytes,     600896 total
[2020-09-11T18:22:02.448+0000][1][gc,age       ] GC(161) - age   2:     258496 bytes,     859392 total
[2020-09-11T18:22:02.448+0000][1][gc,age       ] GC(161) - age   3:      67232 bytes,     926624 total
[2020-09-11T18:22:02.448+0000][1][gc,age       ] GC(161) - age   4:      73736 bytes,    1000360 total
[2020-09-11T18:22:02.448+0000][1][gc,age       ] GC(161) - age   5:      13296 bytes,    1013656 total
[2020-09-11T18:22:02.448+0000][1][gc,age       ] GC(161) - age   6:     136264 bytes,    1149920 total
[2020-09-11T18:22:02.448+0000][1][gc,heap      ] GC(161) ParNew: 69444K->1684K(76672K)
[2020-09-11T18:22:02.448+0000][1][gc,heap      ] GC(161) CMS: 146309K->146565K(2011968K)
[2020-09-11T18:22:02.448+0000][1][gc,metaspace ] GC(161) Metaspace: 96115K->96115K(1138688K)
[2020-09-11T18:22:02.448+0000][1][gc           ] GC(161) Pause Young (Allocation Failure) 210M->144M(2039M) 28.422ms
[2020-09-11T18:22:02.448+0000][1][gc,cpu       ] GC(161) User=0.02s Sys=0.00s Real=0.03s
[2020-09-11T18:22:02.449+0000][1][safepoint    ] Safepoint "GenCollectForAllocation", Time since last: 299091958 ns, Reaching safepoint: 157237 ns, At safepoint: 29514109 ns, Total: 29671346 ns
[2020-09-11T18:22:03.466+0000][1][safepoint    ] Safepoint "Cleanup", Time since last: 1016664740 ns, Reaching safepoint: 165054 ns, At safepoint: 18714 ns, Total: 183768 ns
[2020-09-11T18:22:04.466+0000][1][safepoint    ] Safepoint "Cleanup", Time since last: 1000102222 ns, Reaching safepoint: 79699 ns, At safepoint: 18401 ns, Total: 98100 ns
[2020-09-11T18:22:05.124+0000][1][safepoint    ] Safepoint "RevokeBias", Time since last: 657543998 ns, Reaching safepoint: 242538 ns, At safepoint: 407013 ns, Total: 649551 ns
[2020-09-11T18:22:05.128+0000][1][safepoint    ] Safepoint "RevokeBias", Time since last: 3799202 ns, Reaching safepoint: 87723 ns, At safepoint: 37619 ns, Total: 125342 ns
[2020-09-11T18:22:06.128+0000][1][safepoint    ] Safepoint "Cleanup", Time since last: 1000110830 ns, Reaching safepoint: 83045 ns, At safepoint: 9338 ns, Total: 92383 ns
[2020-09-11T18:22:07.128+0000][1][safepoint    ] Safepoint "Cleanup", Time since last: 1000112808 ns, Reaching safepoint: 83683 ns, At safepoint: 8935 ns, Total: 92618 ns
[2020-09-11T18:22:08.129+0000][1][safepoint    ] Safepoint "Cleanup", Time since last: 1000114947 ns, Reaching safepoint: 85702 ns, At safepoint: 9962 ns, Total: 95664 ns
[2020-09-11T18:22:09.129+0000][1][safepoint    ] Safepoint "Cleanup", Time since last: 1000113695 ns, Reaching safepoint: 109478 ns, At safepoint: 9242 ns, Total: 118720 ns
[2020-09-11T18:22:10.129+0000][1][safepoint    ] Safepoint "Cleanup", Time since last: 1000109237 ns, Reaching safepoint: 80876 ns, At safepoint: 8923 ns, Total: 89799 ns
[2020-09-11T18:22:10.145+0000][1][safepoint    ] Safepoint "RevokeBias", Time since last: 12110424 ns, Reaching safepoint: 3748637 ns, At safepoint: 29792 ns, Total: 3778429 ns
[2020-09-11T18:22:10.149+0000][1][safepoint    ] Safepoint "RevokeBias", Time since last: 3253939 ns, Reaching safepoint: 237301 ns, At safepoint: 315330 ns, Total: 552631 ns
[2020-09-11T18:22:11.115+0000][1][safepoint    ] Safepoint "RevokeBias", Time since last: 966346821 ns, Reaching safepoint: 90823 ns, At safepoint: 25312 ns, Total: 116135 ns
[2020-09-11T18:22:12.115+0000][1][safepoint    ] Safepoint "Cleanup", Time since last: 1000116064 ns, Reaching safepoint: 85234 ns, At safepoint: 10451 ns, Total: 95685 ns
[2020-09-11T18:22:13.116+0000][1][safepoint    ] Safepoint "Cleanup", Time since last: 1000129790 ns, Reaching safepoint: 83523 ns, At safepoint: 9926 ns, Total: 93449 ns
[2020-09-11T18:22:14.116+0000][1][safepoint    ] Safepoint "Cleanup", Time since last: 1000112337 ns, Reaching safepoint: 84830 ns, At safepoint: 9683 ns, Total: 94513 ns
[2020-09-11T18:22:15.116+0000][1][safepoint    ] Safepoint "Cleanup", Time since last: 1000113309 ns, Reaching safepoint: 90685 ns, At safepoint: 9514 ns, Total: 100199 ns
[2020-09-11T18:22:15.153+0000][1][safepoint    ] Safepoint "RevokeBias", Time since last: 36474727 ns, Reaching safepoint: 88093 ns, At safepoint: 25795 ns, Total: 113888 ns
[2020-09-11T18:22:15.161+0000][1][safepoint    ] Safepoint "RevokeBias", Time since last: 4362705 ns, Reaching safepoint: 3899773 ns, At safepoint: 29434 ns, Total: 3929207 ns
[2020-09-11T18:22:16.161+0000][1][safepoint    ] Safepoint "Cleanup", Time since last: 1000115313 ns, Reaching safepoint: 83421 ns, At safepoint: 9067 ns, Total: 92488 ns
[2020-09-11T18:22:17.161+0000][1][safepoint    ] Safepoint "Cleanup", Time since last: 1000111024 ns, Reaching safepoint: 90382 ns, At safepoint: 10146 ns, Total: 100528 ns
[2020-09-11T18:22:18.162+0000][1][safepoint    ] Safepoint "Cleanup", Time since last: 1000114156 ns, Reaching safepoint: 81623 ns, At safepoint: 9349 ns, Total: 90972 ns
[2020-09-11T18:22:19.162+0000][1][safepoint    ] Safepoint "Cleanup", Time since last: 1000111936 ns, Reaching safepoint: 90290 ns, At safepoint: 9815 ns, Total: 100105 ns
[2020-09-11T18:22:20.162+0000][1][safepoint    ] Safepoint "Cleanup", Time since last: 1000112284 ns, Reaching safepoint: 91292 ns, At safepoint: 8897 ns, Total: 100189 ns
[2020-09-11T18:22:20.185+0000][1][safepoint    ] Safepoint "BulkRevokeBias", Time since last: 22516776 ns, Reaching safepoint: 86213 ns, At safepoint: 391630 ns, Total: 477843 ns
[2020-09-11T18:22:20.197+0000][1][safepoint    ] Safepoint "RevokeBias", Time since last: 9427439 ns, Reaching safepoint: 2171583 ns, At safepoint: 391766 ns, Total: 2563349 ns
[2020-09-11T18:22:20.709+0000][1][gc,start     ] GC(162) Pause Young (Allocation Failure)
[2020-09-11T18:22:20.709+0000][1][gc,task      ] GC(162) Using 1 workers of 1 for evacuation
[2020-09-11T18:22:20.760+0000][1][gc,age       ] GC(162) Desired survivor size 4358144 bytes, new threshold 6 (max threshold 6)
[2020-09-11T18:22:20.760+0000][1][gc,age       ] GC(162) Age table with threshold 6 (max threshold 6)
[2020-09-11T18:22:20.760+0000][1][gc,age       ] GC(162) - age   1:     105104 bytes,     105104 total
[2020-09-11T18:22:20.760+0000][1][gc,age       ] GC(162) - age   2:     528864 bytes,     633968 total
[2020-09-11T18:22:20.760+0000][1][gc,age       ] GC(162) - age   3:     252744 bytes,     886712 total
[2020-09-11T18:22:20.760+0000][1][gc,age       ] GC(162) - age   4:      67040 bytes,     953752 total
[2020-09-11T18:22:20.760+0000][1][gc,age       ] GC(162) - age   5:      73432 bytes,    1027184 total
[2020-09-11T18:22:20.760+0000][1][gc,age       ] GC(162) - age   6:      13296 bytes,    1040480 total
[2020-09-11T18:22:20.760+0000][1][gc,heap      ] GC(162) ParNew: 69844K->1052K(76672K)
[2020-09-11T18:22:20.760+0000][1][gc,heap      ] GC(162) CMS: 146565K->146698K(2011968K)
[2020-09-11T18:22:20.760+0000][1][gc,metaspace ] GC(162) Metaspace: 96115K->96115K(1138688K)
[2020-09-11T18:22:20.760+0000][1][gc           ] GC(162) Pause Young (Allocation Failure) 211M->144M(2039M) 50.964ms
[2020-09-11T18:22:20.760+0000][1][gc,cpu       ] GC(162) User=0.03s Sys=0.00s Real=0.05s
[2020-09-11T18:22:20.769+0000][1][safepoint    ] Safepoint "GenCollectForAllocation", Time since last: 511858888 ns, Reaching safepoint: 170962 ns, At safepoint: 59830681 ns, Total: 60001643 ns
[2020-09-11T18:22:21.777+0000][1][safepoint    ] Safepoint "Cleanup", Time since last: 1008111161 ns, Reaching safepoint: 83724 ns, At safepoint: 9143 ns, Total: 92867 ns
[2020-09-11T18:22:22.132+0000][1][safepoint    ] Safepoint "RevokeBias", Time since last: 354545557 ns, Reaching safepoint: 79805 ns, At safepoint: 22189 ns, Total: 101994 ns
[2020-09-11T18:22:23.132+0000][1][safepoint    ] Safepoint "Cleanup", Time since last: 1000144225 ns, Reaching safepoint: 81754 ns, At safepoint: 9910 ns, Total: 91664 ns
[2020-09-11T18:22:24.132+0000][1][safepoint    ] Safepoint "Cleanup", Time since last: 1000122089 ns, Reaching safepoint: 82650 ns, At safepoint: 8222 ns, Total: 90872 ns
[2020-09-11T18:22:25.132+0000][1][safepoint    ] Safepoint "Cleanup", Time since last: 1000123378 ns, Reaching safepoint: 77969 ns, At safepoint: 6427 ns, Total: 84396 ns
[2020-09-11T18:22:25.210+0000][1][safepoint    ] Safepoint "RevokeBias", Time since last: 77101775 ns, Reaching safepoint: 92552 ns, At safepoint: 25345 ns, Total: 117897 ns
[2020-09-11T18:22:25.213+0000][1][safepoint    ] Safepoint "RevokeBias", Time since last: 3140406 ns, Reaching safepoint: 155501 ns, At safepoint: 27661 ns, Total: 183162 ns
[2020-09-11T18:22:26.213+0000][1][safepoint    ] Safepoint "Cleanup", Time since last: 1000111295 ns, Reaching safepoint: 84182 ns, At safepoint: 9255 ns, Total: 93437 ns
[2020-09-11T18:22:27.213+0000][1][safepoint    ] Safepoint "Cleanup", Time since last: 1000111020 ns, Reaching safepoint: 92313 ns, At safepoint: 9359 ns, Total: 101672 ns
[2020-09-11T18:22:28.213+0000][1][safepoint    ] Safepoint "Cleanup", Time since last: 1000115224 ns, Reaching safepoint: 84366 ns, At safepoint: 9292 ns, Total: 93658 ns
[2020-09-11T18:22:29.214+0000][1][safepoint    ] Safepoint "Cleanup", Time since last: 1000116929 ns, Reaching safepoint: 84737 ns, At safepoint: 10272 ns, Total: 95009 ns
[2020-09-11T18:22:30.214+0000][1][safepoint    ] Safepoint "Cleanup", Time since last: 1000116199 ns, Reaching safepoint: 83944 ns, At safepoint: 9386 ns, Total: 93330 ns
[2020-09-11T18:22:30.221+0000][1][safepoint    ] Safepoint "RevokeBias", Time since last: 7100510 ns, Reaching safepoint: 89773 ns, At safepoint: 25883 ns, Total: 115656 ns
[2020-09-11T18:22:30.225+0000][1][safepoint    ] Safepoint "RevokeBias", Time since last: 3115802 ns, Reaching safepoint: 238070 ns, At safepoint: 343799 ns, Total: 581869 ns
[2020-09-11T18:22:31.225+0000][1][safepoint    ] Safepoint "Cleanup", Time since last: 1000111371 ns, Reaching safepoint: 83680 ns, At safepoint: 9738 ns, Total: 93418 ns
[2020-09-11T18:22:32.225+0000][1][safepoint    ] Safepoint "Cleanup", Time since last: 1000098590 ns, Reaching safepoint: 85061 ns, At safepoint: 8997 ns, Total: 94058 ns
[2020-09-11T18:22:33.146+0000][1][safepoint    ] Safepoint "RevokeBias", Time since last: 920661097 ns, Reaching safepoint: 163698 ns, At safepoint: 34669 ns, Total: 198367 ns
[2020-09-11T18:22:34.146+0000][1][safepoint    ] Safepoint "Cleanup", Time since last: 1000123823 ns, Reaching safepoint: 84946 ns, At safepoint: 9425 ns, Total: 94371 ns
[2020-09-11T18:22:35.146+0000][1][safepoint    ] Safepoint "Cleanup", Time since last: 1000130324 ns, Reaching safepoint: 83302 ns, At safepoint: 7435 ns, Total: 90737 ns
[2020-09-11T18:22:35.229+0000][1][safepoint    ] Safepoint "RevokeBias", Time since last: 81960269 ns, Reaching safepoint: 86099 ns, At safepoint: 45444 ns, Total: 131543 ns
[2020-09-11T18:22:35.232+0000][1][safepoint    ] Safepoint "RevokeBias", Time since last: 3582160 ns, Reaching safepoint: 97075 ns, At safepoint: 23732 ns, Total: 120807 ns
[2020-09-11T18:22:36.232+0000][1][safepoint    ] Safepoint "Cleanup", Time since last: 1000109986 ns, Reaching safepoint: 82451 ns, At safepoint: 8941 ns, Total: 91392 ns
[2020-09-11T18:22:37.233+0000][1][safepoint    ] Safepoint "Cleanup", Time since last: 1000117727 ns, Reaching safepoint: 84439 ns, At safepoint: 9362 ns, Total: 93801 ns
[2020-09-11T18:22:38.233+0000][1][safepoint    ] Safepoint "Cleanup", Time since last: 1000211509 ns, Reaching safepoint: 123334 ns, At safepoint: 12840 ns, Total: 136174 ns
[2020-09-11T18:22:38.544+0000][1][gc,start     ] GC(163) Pause Young (Allocation Failure)
[2020-09-11T18:22:38.544+0000][1][gc,task      ] GC(163) Using 1 workers of 1 for evacuation
[2020-09-11T18:22:38.571+0000][1][gc,age       ] GC(163) Desired survivor size 4358144 bytes, new threshold 6 (max threshold 6)
[2020-09-11T18:22:38.571+0000][1][gc,age       ] GC(163) Age table with threshold 6 (max threshold 6)
[2020-09-11T18:22:38.571+0000][1][gc,age       ] GC(163) - age   1:     127056 bytes,     127056 total
[2020-09-11T18:22:38.571+0000][1][gc,age       ] GC(163) - age   2:      11704 bytes,     138760 total
[2020-09-11T18:22:38.571+0000][1][gc,age       ] GC(163) - age   3:     521216 bytes,     659976 total
[2020-09-11T18:22:38.571+0000][1][gc,age       ] GC(163) - age   4:     252640 bytes,     912616 total
[2020-09-11T18:22:38.571+0000][1][gc,age       ] GC(163) - age   5:      67040 bytes,     979656 total
[2020-09-11T18:22:38.571+0000][1][gc,age       ] GC(163) - age   6:      73400 bytes,    1053056 total
[2020-09-11T18:22:38.571+0000][1][gc,heap      ] GC(163) ParNew: 69212K->2050K(76672K)
[2020-09-11T18:22:38.571+0000][1][gc,heap      ] GC(163) CMS: 146698K->146711K(2011968K)
[2020-09-11T18:22:38.571+0000][1][gc,metaspace ] GC(163) Metaspace: 96115K->96115K(1138688K)
[2020-09-11T18:22:38.571+0000][1][gc           ] GC(163) Pause Young (Allocation Failure) 210M->145M(2039M) 27.161ms
[2020-09-11T18:22:38.571+0000][1][gc,cpu       ] GC(163) User=0.01s Sys=0.00s Real=0.02s
[2020-09-11T18:22:38.571+0000][1][safepoint    ] Safepoint "GenCollectForAllocation", Time since last: 310363539 ns, Reaching safepoint: 160852 ns, At safepoint: 27299749 ns, Total: 27460601 ns
[2020-09-11T18:22:39.581+0000][1][safepoint    ] Safepoint "Cleanup", Time since last: 1009971235 ns, Reaching safepoint: 92317 ns, At safepoint: 10427 ns, Total: 102744 ns
[2020-09-11T18:22:40.237+0000][1][safepoint    ] Safepoint "RevokeBias", Time since last: 655826171 ns, Reaching safepoint: 91644 ns, At safepoint: 25825 ns, Total: 117469 ns
[2020-09-11T18:22:40.240+0000][1][safepoint    ] Safepoint "RevokeBias", Time since last: 3128693 ns, Reaching safepoint: 83013 ns, At safepoint: 24214 ns, Total: 107227 ns
[2020-09-11T18:22:41.240+0000][1][safepoint    ] Safepoint "Cleanup", Time since last: 1000159013 ns, Reaching safepoint: 115587 ns, At safepoint: 11918 ns, Total: 127505 ns
[2020-09-11T18:22:42.241+0000][1][safepoint    ] Safepoint "Cleanup", Time since last: 1000112133 ns, Reaching safepoint: 83614 ns, At safepoint: 8896 ns, Total: 92510 ns
[2020-09-11T18:22:43.241+0000][1][safepoint    ] Safepoint "Cleanup", Time since last: 1000109957 ns, Reaching safepoint: 102842 ns, At safepoint: 9181 ns, Total: 112023 ns
[2020-09-11T18:22:44.163+0000][1][safepoint    ] Safepoint "RevokeBias", Time since last: 921789581 ns, Reaching safepoint: 182441 ns, At safepoint: 30169 ns, Total: 212610 ns
[2020-09-11T18:22:45.163+0000][1][safepoint    ] Safepoint "Cleanup", Time since last: 1000114893 ns, Reaching safepoint: 83364 ns, At safepoint: 8656 ns, Total: 92020 ns
[2020-09-11T18:22:45.245+0000][1][safepoint    ] Safepoint "RevokeBias", Time since last: 81218199 ns, Reaching safepoint: 250079 ns, At safepoint: 355816 ns, Total: 605895 ns
[2020-09-11T18:22:45.257+0000][1][safepoint    ] Safepoint "RevokeBias", Time since last: 12057466 ns, Reaching safepoint: 221665 ns, At safepoint: 277309 ns, Total: 498974 ns
[2020-09-11T18:22:46.258+0000][1][safepoint    ] Safepoint "Cleanup", Time since last: 1000109700 ns, Reaching safepoint: 80236 ns, At safepoint: 8316 ns, Total: 88552 ns
[2020-09-11T18:22:47.258+0000][1][safepoint    ] Safepoint "Cleanup", Time since last: 1000109911 ns, Reaching safepoint: 84941 ns, At safepoint: 8895 ns, Total: 93836 ns
[2020-09-11T18:22:48.258+0000][1][safepoint    ] Safepoint "Cleanup", Time since last: 1000111474 ns, Reaching safepoint: 87601 ns, At safepoint: 9298 ns, Total: 96899 ns
[2020-09-11T18:22:49.258+0000][1][safepoint    ] Safepoint "Cleanup", Time since last: 1000112791 ns, Reaching safepoint: 84223 ns, At safepoint: 8829 ns, Total: 93052 ns
[2020-09-11T18:22:50.258+0000][1][safepoint    ] Safepoint "Cleanup", Time since last: 1000113151 ns, Reaching safepoint: 93950 ns, At safepoint: 9722 ns, Total: 103672 ns
[2020-09-11T18:22:50.265+0000][1][safepoint    ] Safepoint "RevokeBias", Time since last: 5713720 ns, Reaching safepoint: 232343 ns, At safepoint: 317257 ns, Total: 549600 ns
[2020-09-11T18:22:50.269+0000][1][safepoint    ] Safepoint "RevokeBias", Time since last: 3797828 ns, Reaching safepoint: 170164 ns, At safepoint: 25737 ns, Total: 195901 ns
[2020-09-11T18:22:51.269+0000][1][safepoint    ] Safepoint "Cleanup", Time since last: 1000118913 ns, Reaching safepoint: 84548 ns, At safepoint: 8867 ns, Total: 93415 ns
[2020-09-11T18:22:52.269+0000][1][safepoint    ] Safepoint "Cleanup", Time since last: 1000124702 ns, Reaching safepoint: 83290 ns, At safepoint: 9429 ns, Total: 92719 ns
[2020-09-11T18:22:53.269+0000][1][safepoint    ] Safepoint "Cleanup", Time since last: 1000115071 ns, Reaching safepoint: 88980 ns, At safepoint: 10407 ns, Total: 99387 ns
[2020-09-11T18:22:54.270+0000][1][safepoint    ] Safepoint "Cleanup", Time since last: 1000114111 ns, Reaching safepoint: 92717 ns, At safepoint: 7640 ns, Total: 100357 ns
[2020-09-11T18:22:54.428+0000][1][safepoint    ] Safepoint "RevokeBias", Time since last: 157881824 ns, Reaching safepoint: 265894 ns, At safepoint: 20476 ns, Total: 286370 ns
[2020-09-11T18:22:55.181+0000][1][safepoint    ] Safepoint "RevokeBias", Time since last: 753515074 ns, Reaching safepoint: 92868 ns, At safepoint: 25312 ns, Total: 118180 ns
[2020-09-11T18:22:55.274+0000][1][safepoint    ] Safepoint "RevokeBias", Time since last: 92423028 ns, Reaching safepoint: 227672 ns, At safepoint: 316777 ns, Total: 544449 ns
[2020-09-11T18:22:55.280+0000][1][safepoint    ] Safepoint "RevokeBias", Time since last: 4278887 ns, Reaching safepoint: 637006 ns, At safepoint: 330984 ns, Total: 967990 ns
[2020-09-11T18:22:56.280+0000][1][safepoint    ] Safepoint "Cleanup", Time since last: 1000129595 ns, Reaching safepoint: 84705 ns, At safepoint: 9439 ns, Total: 94144 ns
[2020-09-11T18:22:57.280+0000][1][safepoint    ] Safepoint "Cleanup", Time since last: 1000115521 ns, Reaching safepoint: 85387 ns, At safepoint: 9214 ns, Total: 94601 ns
[2020-09-11T18:22:57.511+0000][1][gc,start     ] GC(164) Pause Young (Allocation Failure)
[2020-09-11T18:22:57.511+0000][1][gc,task      ] GC(164) Using 1 workers of 1 for evacuation
[2020-09-11T18:22:57.546+0000][1][gc,age       ] GC(164) Desired survivor size 4358144 bytes, new threshold 6 (max threshold 6)
[2020-09-11T18:22:57.546+0000][1][gc,age       ] GC(164) Age table with threshold 6 (max threshold 6)
[2020-09-11T18:22:57.546+0000][1][gc,age       ] GC(164) - age   1:     550688 bytes,     550688 total
[2020-09-11T18:22:57.546+0000][1][gc,age       ] GC(164) - age   2:       9000 bytes,     559688 total
[2020-09-11T18:22:57.546+0000][1][gc,age       ] GC(164) - age   3:       6736 bytes,     566424 total
[2020-09-11T18:22:57.546+0000][1][gc,age       ] GC(164) - age   4:     521216 bytes,    1087640 total
[2020-09-11T18:22:57.546+0000][1][gc,age       ] GC(164) - age   5:     252368 bytes,    1340008 total
[2020-09-11T18:22:57.546+0000][1][gc,age       ] GC(164) - age   6:      67040 bytes,    1407048 total
[2020-09-11T18:22:57.546+0000][1][gc,heap      ] GC(164) ParNew: 70210K->1925K(76672K)
[2020-09-11T18:22:57.546+0000][1][gc,heap      ] GC(164) CMS: 146711K->146782K(2011968K)
[2020-09-11T18:22:57.546+0000][1][gc,metaspace ] GC(164) Metaspace: 96124K->96124K(1138688K)
[2020-09-11T18:22:57.546+0000][1][gc           ] GC(164) Pause Young (Allocation Failure) 211M->145M(2039M) 35.321ms
[2020-09-11T18:22:57.546+0000][1][gc,cpu       ] GC(164) User=0.01s Sys=0.00s Real=0.04s
[2020-09-11T18:22:57.546+0000][1][safepoint    ] Safepoint "GenCollectForAllocation", Time since last: 230399137 ns, Reaching safepoint: 157837 ns, At safepoint: 35426446 ns, Total: 35584283 ns
[2020-09-11T18:22:58.553+0000][1][safepoint    ] Safepoint "Cleanup", Time since last: 1006549974 ns, Reaching safepoint: 118469 ns, At safepoint: 5979 ns, Total: 124448 ns
[2020-09-11T18:22:59.553+0000][1][safepoint    ] Safepoint "Cleanup", Time since last: 1000077751 ns, Reaching safepoint: 154935 ns, At safepoint: 7809 ns, Total: 162744 ns
[2020-09-11T18:23:00.289+0000][1][safepoint    ] Safepoint "RevokeBias", Time since last: 736455980 ns, Reaching safepoint: 92935 ns, At safepoint: 26322 ns, Total: 119257 ns
[2020-09-11T18:23:00.293+0000][1][safepoint    ] Safepoint "RevokeBias", Time since last: 3345205 ns, Reaching safepoint: 242884 ns, At safepoint: 320365 ns, Total: 563249 ns
[2020-09-11T18:23:01.294+0000][1][safepoint    ] Safepoint "Cleanup", Time since last: 1000111610 ns, Reaching safepoint: 82720 ns, At safepoint: 9675 ns, Total: 92395 ns
[2020-09-11T18:23:02.294+0000][1][safepoint    ] Safepoint "Cleanup", Time since last: 1000112292 ns, Reaching safepoint: 83189 ns, At safepoint: 9351 ns, Total: 92540 ns
[2020-09-11T18:23:03.294+0000][1][safepoint    ] Safepoint "Cleanup", Time since last: 1000114361 ns, Reaching safepoint: 93127 ns, At safepoint: 9169 ns, Total: 102296 ns
[2020-09-11T18:23:04.294+0000][1][safepoint    ] Safepoint "Cleanup", Time since last: 1000117473 ns, Reaching safepoint: 82491 ns, At safepoint: 7560 ns, Total: 90051 ns
[2020-09-11T18:23:05.294+0000][1][safepoint    ] Safepoint "Cleanup", Time since last: 1000117361 ns, Reaching safepoint: 91536 ns, At safepoint: 10942 ns, Total: 102478 ns
[2020-09-11T18:23:05.302+0000][1][safepoint    ] Safepoint "RevokeBias", Time since last: 7139891 ns, Reaching safepoint: 175811 ns, At safepoint: 26398 ns, Total: 202209 ns
[2020-09-11T18:23:05.305+0000][1][safepoint    ] Safepoint "RevokeBias", Time since last: 3096341 ns, Reaching safepoint: 235595 ns, At safepoint: 323048 ns, Total: 558643 ns
[2020-09-11T18:23:06.202+0000][1][safepoint    ] Safepoint "RevokeBias", Time since last: 896556744 ns, Reaching safepoint: 94504 ns, At safepoint: 26630 ns, Total: 121134 ns
[2020-09-11T18:23:07.202+0000][1][safepoint    ] Safepoint "Cleanup", Time since last: 1000113670 ns, Reaching safepoint: 82866 ns, At safepoint: 8555 ns, Total: 91421 ns
[2020-09-11T18:23:08.203+0000][1][safepoint    ] Safepoint "Cleanup", Time since last: 1000118649 ns, Reaching safepoint: 90924 ns, At safepoint: 9811 ns, Total: 100735 ns
[2020-09-11T18:23:09.203+0000][1][safepoint    ] Safepoint "Cleanup", Time since last: 1000113133 ns, Reaching safepoint: 88899 ns, At safepoint: 9916 ns, Total: 98815 ns
[2020-09-11T18:23:10.203+0000][1][safepoint    ] Safepoint "Cleanup", Time since last: 1000118101 ns, Reaching safepoint: 83455 ns, At safepoint: 9490 ns, Total: 92945 ns
[2020-09-11T18:23:10.317+0000][1][safepoint    ] Safepoint "RevokeBias", Time since last: 113513014 ns, Reaching safepoint: 96562 ns, At safepoint: 27176 ns, Total: 123738 ns
[2020-09-11T18:23:10.320+0000][1][safepoint    ] Safepoint "RevokeBias", Time since last: 3189547 ns, Reaching safepoint: 86017 ns, At safepoint: 24186 ns, Total: 110203 ns
[2020-09-11T18:23:10.698+0000][1][gc,start     ] GC(165) Pause Young (Allocation Failure)
[2020-09-11T18:23:10.698+0000][1][gc,task      ] GC(165) Using 1 workers of 1 for evacuation
[2020-09-11T18:23:10.731+0000][1][gc,age       ] GC(165) Desired survivor size 4358144 bytes, new threshold 6 (max threshold 6)
[2020-09-11T18:23:10.731+0000][1][gc,age       ] GC(165) Age table with threshold 6 (max threshold 6)
[2020-09-11T18:23:10.731+0000][1][gc,age       ] GC(165) - age   1:     118680 bytes,     118680 total
[2020-09-11T18:23:10.731+0000][1][gc,age       ] GC(165) - age   2:     485064 bytes,     603744 total
[2020-09-11T18:23:10.731+0000][1][gc,age       ] GC(165) - age   3:       4056 bytes,     607800 total
[2020-09-11T18:23:10.731+0000][1][gc,age       ] GC(165) - age   4:       6232 bytes,     614032 total
[2020-09-11T18:23:10.731+0000][1][gc,age       ] GC(165) - age   5:     521120 bytes,    1135152 total
[2020-09-11T18:23:10.731+0000][1][gc,age       ] GC(165) - age   6:     252368 bytes,    1387520 total
[2020-09-11T18:23:10.731+0000][1][gc,heap      ] GC(165) ParNew: 70085K->2382K(76672K)
[2020-09-11T18:23:10.731+0000][1][gc,heap      ] GC(165) CMS: 146782K->146848K(2011968K)
[2020-09-11T18:23:10.731+0000][1][gc,metaspace ] GC(165) Metaspace: 96140K->96140K(1138688K)
[2020-09-11T18:23:10.731+0000][1][gc           ] GC(165) Pause Young (Allocation Failure) 211M->145M(2039M) 33.115ms
[2020-09-11T18:23:10.731+0000][1][gc,cpu       ] GC(165) User=0.02s Sys=0.00s Real=0.03s
[2020-09-11T18:23:10.732+0000][1][safepoint    ] Safepoint "GenCollectForAllocation", Time since last: 378137976 ns, Reaching safepoint: 167858 ns, At safepoint: 33304303 ns, Total: 33472161 ns
[2020-09-11T18:23:11.745+0000][1][safepoint    ] Safepoint "Cleanup", Time since last: 1013327233 ns, Reaching safepoint: 87520 ns, At safepoint: 9339 ns, Total: 96859 ns
[2020-09-11T18:23:12.745+0000][1][safepoint    ] Safepoint "Cleanup", Time since last: 1000115474 ns, Reaching safepoint: 83905 ns, At safepoint: 10294 ns, Total: 94199 ns
[2020-09-11T18:23:13.745+0000][1][safepoint    ] Safepoint "Cleanup", Time since last: 1000112339 ns, Reaching safepoint: 84037 ns, At safepoint: 10226 ns, Total: 94263 ns
[2020-09-11T18:23:14.746+0000][1][safepoint    ] Safepoint "Cleanup", Time since last: 1000113700 ns, Reaching safepoint: 87724 ns, At safepoint: 10338 ns, Total: 98062 ns
[2020-09-11T18:23:15.325+0000][1][safepoint    ] Safepoint "RevokeBias", Time since last: 578745859 ns, Reaching safepoint: 174066 ns, At safepoint: 27451 ns, Total: 201517 ns
[2020-09-11T18:23:15.328+0000][1][safepoint    ] Safepoint "RevokeBias", Time since last: 2998671 ns, Reaching safepoint: 239753 ns, At safepoint: 319010 ns, Total: 558763 ns
[2020-09-11T18:23:16.328+0000][1][safepoint    ] Safepoint "Cleanup", Time since last: 1000118108 ns, Reaching safepoint: 80432 ns, At safepoint: 8392 ns, Total: 88824 ns
[2020-09-11T18:23:17.218+0000][1][safepoint    ] Safepoint "RevokeBias", Time since last: 889823341 ns, Reaching safepoint: 99056 ns, At safepoint: 26175 ns, Total: 125231 ns
[2020-09-11T18:23:18.218+0000][1][safepoint    ] Safepoint "Cleanup", Time since last: 1000122269 ns, Reaching safepoint: 86801 ns, At safepoint: 10481 ns, Total: 97282 ns
[2020-09-11T18:23:19.219+0000][1][safepoint    ] Safepoint "Cleanup", Time since last: 1000113865 ns, Reaching safepoint: 85151 ns, At safepoint: 10278 ns, Total: 95429 ns
[2020-09-11T18:23:20.219+0000][1][safepoint    ] Safepoint "Cleanup", Time since last: 1000119463 ns, Reaching safepoint: 85959 ns, At safepoint: 10085 ns, Total: 96044 ns
[2020-09-11T18:23:20.343+0000][1][safepoint    ] Safepoint "RevokeBias", Time since last: 123736754 ns, Reaching safepoint: 88370 ns, At safepoint: 25760 ns, Total: 114130 ns
[2020-09-11T18:23:20.347+0000][1][safepoint    ] Safepoint "RevokeBias", Time since last: 3657829 ns, Reaching safepoint: 169551 ns, At safepoint: 26809 ns, Total: 196360 ns
[2020-09-11T18:23:21.347+0000][1][safepoint    ] Safepoint "Cleanup", Time since last: 1000113294 ns, Reaching safepoint: 83055 ns, At safepoint: 8602 ns, Total: 91657 ns
[2020-09-11T18:23:22.347+0000][1][safepoint    ] Safepoint "Cleanup", Time since last: 1000117491 ns, Reaching safepoint: 84488 ns, At safepoint: 9721 ns, Total: 94209 ns
[2020-09-11T18:23:23.347+0000][1][safepoint    ] Safepoint "Cleanup", Time since last: 1000113761 ns, Reaching safepoint: 82210 ns, At safepoint: 8419 ns, Total: 90629 ns
[2020-09-11T18:23:24.347+0000][1][safepoint    ] Safepoint "Cleanup", Time since last: 1000111257 ns, Reaching safepoint: 85740 ns, At safepoint: 9534 ns, Total: 95274 ns
[2020-09-11T18:23:25.348+0000][1][safepoint    ] Safepoint "Cleanup", Time since last: 1000118687 ns, Reaching safepoint: 93210 ns, At safepoint: 10028 ns, Total: 103238 ns
[2020-09-11T18:23:25.351+0000][1][safepoint    ] Safepoint "BulkRevokeBias", Time since last: 2617917 ns, Reaching safepoint: 83608 ns, At safepoint: 197876 ns, Total: 281484 ns
[2020-09-11T18:23:25.361+0000][1][safepoint    ] Safepoint "RevokeBias", Time since last: 10092997 ns, Reaching safepoint: 89108 ns, At safepoint: 50555 ns, Total: 139663 ns
[2020-09-11T18:23:28.235+0000][1][safepoint    ] Safepoint "RevokeBias", Time since last: 2873636066 ns, Reaching safepoint: 87337 ns, At safepoint: 25813 ns, Total: 113150 ns
[2020-09-11T18:23:29.235+0000][1][safepoint    ] Safepoint "Cleanup", Time since last: 1000111130 ns, Reaching safepoint: 89870 ns, At safepoint: 9504 ns, Total: 99374 ns
[2020-09-11T18:23:30.365+0000][1][safepoint    ] Safepoint "RevokeBias", Time since last: 1130441610 ns, Reaching safepoint: 97064 ns, At safepoint: 25911 ns, Total: 122975 ns
[2020-09-11T18:23:30.369+0000][1][safepoint    ] Safepoint "RevokeBias", Time since last: 3127940 ns, Reaching safepoint: 237205 ns, At safepoint: 377219 ns, Total: 614424 ns
[2020-09-11T18:23:30.688+0000][1][gc,start     ] GC(166) Pause Young (Allocation Failure)
[2020-09-11T18:23:30.688+0000][1][gc,task      ] GC(166) Using 1 workers of 1 for evacuation
[2020-09-11T18:23:30.723+0000][1][gc,age       ] GC(166) Desired survivor size 4358144 bytes, new threshold 6 (max threshold 6)
[2020-09-11T18:23:30.723+0000][1][gc,age       ] GC(166) Age table with threshold 6 (max threshold 6)
[2020-09-11T18:23:30.723+0000][1][gc,age       ] GC(166) - age   1:     309880 bytes,     309880 total
[2020-09-11T18:23:30.723+0000][1][gc,age       ] GC(166) - age   2:      27552 bytes,     337432 total
[2020-09-11T18:23:30.723+0000][1][gc,age       ] GC(166) - age   3:     474632 bytes,     812064 total
[2020-09-11T18:23:30.723+0000][1][gc,age       ] GC(166) - age   4:       4024 bytes,     816088 total
[2020-09-11T18:23:30.723+0000][1][gc,age       ] GC(166) - age   5:       5960 bytes,     822048 total
[2020-09-11T18:23:30.723+0000][1][gc,age       ] GC(166) - age   6:     521088 bytes,    1343136 total
[2020-09-11T18:23:30.723+0000][1][gc,heap      ] GC(166) ParNew: 70542K->1611K(76672K)
[2020-09-11T18:23:30.723+0000][1][gc,heap      ] GC(166) CMS: 146848K->147094K(2011968K)
[2020-09-11T18:23:30.723+0000][1][gc,metaspace ] GC(166) Metaspace: 96140K->96140K(1138688K)
[2020-09-11T18:23:30.723+0000][1][gc           ] GC(166) Pause Young (Allocation Failure) 212M->145M(2039M) 34.368ms
[2020-09-11T18:23:30.723+0000][1][gc,cpu       ] GC(166) User=0.01s Sys=0.00s Real=0.04s
[2020-09-11T18:23:30.723+0000][1][safepoint    ] Safepoint "GenCollectForAllocation", Time since last: 319101143 ns, Reaching safepoint: 184849 ns, At safepoint: 34495183 ns, Total: 34680032 ns
[2020-09-11T18:23:35.374+0000][1][safepoint    ] Safepoint "RevokeBias", Time since last: 4650676689 ns, Reaching safepoint: 94205 ns, At safepoint: 25276 ns, Total: 119481 ns
[2020-09-11T18:23:35.377+0000][1][safepoint    ] Safepoint "RevokeBias", Time since last: 3034680 ns, Reaching safepoint: 264937 ns, At safepoint: 324360 ns, Total: 589297 ns
[2020-09-11T18:23:38.378+0000][1][safepoint    ] Safepoint "Cleanup", Time since last: 3000270954 ns, Reaching safepoint: 93367 ns, At safepoint: 10253 ns, Total: 103620 ns
[2020-09-11T18:23:39.255+0000][1][safepoint    ] Safepoint "RevokeBias", Time since last: 877513477 ns, Reaching safepoint: 85633 ns, At safepoint: 23795 ns, Total: 109428 ns
[2020-09-11T18:23:40.384+0000][1][safepoint    ] Safepoint "RevokeBias", Time since last: 1129137177 ns, Reaching safepoint: 95416 ns, At safepoint: 25938 ns, Total: 121354 ns
[2020-09-11T18:23:40.389+0000][1][safepoint    ] Safepoint "RevokeBias", Time since last: 4683881 ns, Reaching safepoint: 90839 ns, At safepoint: 25811 ns, Total: 116650 ns
[2020-09-11T18:23:45.394+0000][1][safepoint    ] Safepoint "RevokeBias", Time since last: 5004533463 ns, Reaching safepoint: 91282 ns, At safepoint: 25357 ns, Total: 116639 ns
[2020-09-11T18:23:45.398+0000][1][safepoint    ] Safepoint "RevokeBias", Time since last: 3807778 ns, Reaching safepoint: 86472 ns, At safepoint: 25082 ns, Total: 111554 ns
[2020-09-11T18:23:48.398+0000][1][safepoint    ] Safepoint "Cleanup", Time since last: 3000354107 ns, Reaching safepoint: 94681 ns, At safepoint: 10194 ns, Total: 104875 ns
[2020-09-11T18:23:50.279+0000][1][safepoint    ] Safepoint "RevokeBias", Time since last: 1881024246 ns, Reaching safepoint: 91734 ns, At safepoint: 26088 ns, Total: 117822 ns
[2020-09-11T18:23:50.407+0000][1][safepoint    ] Safepoint "RevokeBias", Time since last: 127241500 ns, Reaching safepoint: 240771 ns, At safepoint: 317296 ns, Total: 558067 ns
[2020-09-11T18:23:50.411+0000][1][safepoint    ] Safepoint "RevokeBias", Time since last: 3753455 ns, Reaching safepoint: 168504 ns, At safepoint: 24634 ns, Total: 193138 ns
[2020-09-11T18:23:50.693+0000][1][gc,start     ] GC(167) Pause Young (Allocation Failure)
[2020-09-11T18:23:50.693+0000][1][gc,task      ] GC(167) Using 1 workers of 1 for evacuation
[2020-09-11T18:23:50.724+0000][1][gc,age       ] GC(167) Desired survivor size 4358144 bytes, new threshold 6 (max threshold 6)
[2020-09-11T18:23:50.724+0000][1][gc,age       ] GC(167) Age table with threshold 6 (max threshold 6)
[2020-09-11T18:23:50.724+0000][1][gc,age       ] GC(167) - age   1:     114752 bytes,     114752 total
[2020-09-11T18:23:50.724+0000][1][gc,age       ] GC(167) - age   2:      90320 bytes,     205072 total
[2020-09-11T18:23:50.724+0000][1][gc,age       ] GC(167) - age   3:      23832 bytes,     228904 total
[2020-09-11T18:23:50.724+0000][1][gc,age       ] GC(167) - age   4:     474632 bytes,     703536 total
[2020-09-11T18:23:50.724+0000][1][gc,age       ] GC(167) - age   5:       3752 bytes,     707288 total
[2020-09-11T18:23:50.724+0000][1][gc,age       ] GC(167) - age   6:       5928 bytes,     713216 total
[2020-09-11T18:23:50.724+0000][1][gc,heap      ] GC(167) ParNew: 69771K->1185K(76672K)
[2020-09-11T18:23:50.724+0000][1][gc,heap      ] GC(167) CMS: 147094K->147603K(2011968K)
[2020-09-11T18:23:50.724+0000][1][gc,metaspace ] GC(167) Metaspace: 96257K->96257K(1138688K)
[2020-09-11T18:23:50.724+0000][1][gc           ] GC(167) Pause Young (Allocation Failure) 211M->145M(2039M) 31.396ms
[2020-09-11T18:23:50.724+0000][1][gc,cpu       ] GC(167) User=0.01s Sys=0.00s Real=0.03s
[2020-09-11T18:23:50.724+0000][1][safepoint    ] Safepoint "GenCollectForAllocation", Time since last: 281604521 ns, Reaching safepoint: 175053 ns, At safepoint: 31449684 ns, Total: 31624737 ns
[2020-09-11T18:23:53.737+0000][1][safepoint    ] Safepoint "Cleanup", Time since last: 3012605508 ns, Reaching safepoint: 88555 ns, At safepoint: 8502 ns, Total: 97057 ns
[2020-09-11T18:23:55.416+0000][1][safepoint    ] Safepoint "RevokeBias", Time since last: 1677938666 ns, Reaching safepoint: 248240 ns, At safepoint: 320628 ns, Total: 568868 ns
[2020-09-11T18:23:55.419+0000][1][safepoint    ] Safepoint "RevokeBias", Time since last: 3703811 ns, Reaching safepoint: 87918 ns, At safepoint: 25723 ns, Total: 113641 ns
[2020-09-11T18:23:59.420+0000][1][safepoint    ] Safepoint "Cleanup", Time since last: 4000856665 ns, Reaching safepoint: 90854 ns, At safepoint: 10223 ns, Total: 101077 ns
[2020-09-11T18:24:00.427+0000][1][safepoint    ] Safepoint "RevokeBias", Time since last: 1005867407 ns, Reaching safepoint: 220328 ns, At safepoint: 262583 ns, Total: 482911 ns
[2020-09-11T18:24:00.430+0000][1][safepoint    ] Safepoint "RevokeBias", Time since last: 3485498 ns, Reaching safepoint: 87255 ns, At safepoint: 22148 ns, Total: 109403 ns
[2020-09-11T18:24:01.297+0000][1][safepoint    ] Safepoint "RevokeBias", Time since last: 866109047 ns, Reaching safepoint: 239878 ns, At safepoint: 326078 ns, Total: 565956 ns
[2020-09-11T18:24:04.297+0000][1][safepoint    ] Safepoint "Cleanup", Time since last: 3000284658 ns, Reaching safepoint: 85027 ns, At safepoint: 9491 ns, Total: 94518 ns
[2020-09-11T18:24:05.298+0000][1][safepoint    ] Safepoint "Cleanup", Time since last: 1000115918 ns, Reaching safepoint: 82734 ns, At safepoint: 9856 ns, Total: 92590 ns
[2020-09-11T18:24:05.435+0000][1][safepoint    ] Safepoint "RevokeBias", Time since last: 137230662 ns, Reaching safepoint: 91527 ns, At safepoint: 25385 ns, Total: 116912 ns
[2020-09-11T18:24:05.439+0000][1][safepoint    ] Safepoint "RevokeBias", Time since last: 2986014 ns, Reaching safepoint: 243358 ns, At safepoint: 336424 ns, Total: 579782 ns
[2020-09-11T18:24:06.439+0000][1][safepoint    ] Safepoint "Cleanup", Time since last: 1000113234 ns, Reaching safepoint: 84552 ns, At safepoint: 8975 ns, Total: 93527 ns
[2020-09-11T18:24:07.439+0000][1][safepoint    ] Safepoint "Cleanup", Time since last: 1000113365 ns, Reaching safepoint: 81162 ns, At safepoint: 9874 ns, Total: 91036 ns
[2020-09-11T18:24:08.389+0000][1][gc,start     ] GC(168) Pause Young (Allocation Failure)
[2020-09-11T18:24:08.389+0000][1][gc,task      ] GC(168) Using 1 workers of 1 for evacuation
[2020-09-11T18:24:08.418+0000][1][gc,age       ] GC(168) Desired survivor size 4358144 bytes, new threshold 6 (max threshold 6)
[2020-09-11T18:24:08.418+0000][1][gc,age       ] GC(168) Age table with threshold 6 (max threshold 6)
[2020-09-11T18:24:08.418+0000][1][gc,age       ] GC(168) - age   1:      96960 bytes,      96960 total
[2020-09-11T18:24:08.418+0000][1][gc,age       ] GC(168) - age   2:      17408 bytes,     114368 total
[2020-09-11T18:24:08.421+0000][1][gc,age       ] GC(168) - age   3:      85544 bytes,     199912 total
[2020-09-11T18:24:08.421+0000][1][gc,age       ] GC(168) - age   4:      23640 bytes,     223552 total
[2020-09-11T18:24:08.421+0000][1][gc,age       ] GC(168) - age   5:     474632 bytes,     698184 total
[2020-09-11T18:24:08.421+0000][1][gc,age       ] GC(168) - age   6:       3752 bytes,     701936 total
[2020-09-11T18:24:08.421+0000][1][gc,heap      ] GC(168) ParNew: 69345K->1114K(76672K)
[2020-09-11T18:24:08.421+0000][1][gc,heap      ] GC(168) CMS: 147603K->147609K(2011968K)
[2020-09-11T18:24:08.421+0000][1][gc,metaspace ] GC(168) Metaspace: 96259K->96259K(1138688K)
[2020-09-11T18:24:08.421+0000][1][gc           ] GC(168) Pause Young (Allocation Failure) 211M->145M(2039M) 32.198ms
[2020-09-11T18:24:08.421+0000][1][gc,cpu       ] GC(168) User=0.01s Sys=0.01s Real=0.04s
[2020-09-11T18:24:08.422+0000][1][safepoint    ] Safepoint "GenCollectForAllocation", Time since last: 949565498 ns, Reaching safepoint: 157797 ns, At safepoint: 33175645 ns, Total: 33333442 ns
[2020-09-11T18:24:09.433+0000][1][safepoint    ] Safepoint "Cleanup", Time since last: 1011054566 ns, Reaching safepoint: 85221 ns, At safepoint: 9062 ns, Total: 94283 ns
[2020-09-11T18:24:10.433+0000][1][safepoint    ] Safepoint "Cleanup", Time since last: 1000116017 ns, Reaching safepoint: 88031 ns, At safepoint: 9982 ns, Total: 98013 ns
[2020-09-11T18:24:10.446+0000][1][safepoint    ] Safepoint "RevokeBias", Time since last: 11715266 ns, Reaching safepoint: 236210 ns, At safepoint: 341978 ns, Total: 578188 ns
[2020-09-11T18:24:10.454+0000][1][safepoint    ] Safepoint "RevokeBias", Time since last: 8298840 ns, Reaching safepoint: 91169 ns, At safepoint: 26660 ns, Total: 117829 ns
[2020-09-11T18:24:11.454+0000][1][safepoint    ] Safepoint "Cleanup", Time since last: 1000118501 ns, Reaching safepoint: 86813 ns, At safepoint: 9687 ns, Total: 96500 ns
[2020-09-11T18:24:12.327+0000][1][safepoint    ] Safepoint "RevokeBias", Time since last: 873183119 ns, Reaching safepoint: 86786 ns, At safepoint: 22179 ns, Total: 108965 ns
[2020-09-11T18:24:13.328+0000][1][safepoint    ] Safepoint "Cleanup", Time since last: 1000121859 ns, Reaching safepoint: 83160 ns, At safepoint: 9813 ns, Total: 92973 ns
[2020-09-11T18:24:14.328+0000][1][safepoint    ] Safepoint "Cleanup", Time since last: 1000113447 ns, Reaching safepoint: 87856 ns, At safepoint: 14229 ns, Total: 102085 ns
[2020-09-11T18:24:15.328+0000][1][safepoint    ] Safepoint "Cleanup", Time since last: 1000120816 ns, Reaching safepoint: 78891 ns, At safepoint: 8741 ns, Total: 87632 ns
[2020-09-11T18:24:15.473+0000][1][safepoint    ] Safepoint "RevokeBias", Time since last: 144609666 ns, Reaching safepoint: 160174 ns, At safepoint: 27174 ns, Total: 187348 ns
[2020-09-11T18:24:15.476+0000][1][safepoint    ] Safepoint "RevokeBias", Time since last: 3055190 ns, Reaching safepoint: 83535 ns, At safepoint: 23786 ns, Total: 107321 ns
[2020-09-11T18:24:16.476+0000][1][safepoint    ] Safepoint "Cleanup", Time since last: 1000115006 ns, Reaching safepoint: 82274 ns, At safepoint: 7008 ns, Total: 89282 ns
[2020-09-11T18:24:17.476+0000][1][safepoint    ] Safepoint "Cleanup", Time since last: 1000110444 ns, Reaching safepoint: 83921 ns, At safepoint: 9055 ns, Total: 92976 ns
[2020-09-11T18:24:18.477+0000][1][safepoint    ] Safepoint "Cleanup", Time since last: 1000114410 ns, Reaching safepoint: 85533 ns, At safepoint: 6932 ns, Total: 92465 ns
[2020-09-11T18:24:19.477+0000][1][safepoint    ] Safepoint "Cleanup", Time since last: 1000114201 ns, Reaching safepoint: 79530 ns, At safepoint: 6832 ns, Total: 86362 ns
[2020-09-11T18:24:20.477+0000][1][safepoint    ] Safepoint "Cleanup", Time since last: 1000127636 ns, Reaching safepoint: 83251 ns, At safepoint: 9541 ns, Total: 92792 ns
[2020-09-11T18:24:20.486+0000][1][safepoint    ] Safepoint "RevokeBias", Time since last: 8323400 ns, Reaching safepoint: 91774 ns, At safepoint: 26070 ns, Total: 117844 ns
[2020-09-11T18:24:20.490+0000][1][safepoint    ] Safepoint "RevokeBias", Time since last: 3806650 ns, Reaching safepoint: 239136 ns, At safepoint: 342830 ns, Total: 581966 ns
[2020-09-11T18:24:21.490+0000][1][safepoint    ] Safepoint "Cleanup", Time since last: 1000114828 ns, Reaching safepoint: 79535 ns, At safepoint: 6366 ns, Total: 85901 ns
[2020-09-11T18:24:22.490+0000][1][safepoint    ] Safepoint "Cleanup", Time since last: 1000112619 ns, Reaching safepoint: 82832 ns, At safepoint: 9598 ns, Total: 92430 ns
[2020-09-11T18:24:23.346+0000][1][safepoint    ] Safepoint "RevokeBias", Time since last: 855419321 ns, Reaching safepoint: 89371 ns, At safepoint: 36167 ns, Total: 125538 ns
[2020-09-11T18:24:24.346+0000][1][safepoint    ] Safepoint "Cleanup", Time since last: 1000124184 ns, Reaching safepoint: 83406 ns, At safepoint: 6943 ns, Total: 90349 ns
[2020-09-11T18:24:25.346+0000][1][safepoint    ] Safepoint "Cleanup", Time since last: 1000113201 ns, Reaching safepoint: 83391 ns, At safepoint: 8800 ns, Total: 92191 ns
[2020-09-11T18:24:25.510+0000][1][safepoint    ] Safepoint "RevokeBias", Time since last: 163048095 ns, Reaching safepoint: 236884 ns, At safepoint: 315180 ns, Total: 552064 ns
[2020-09-11T18:24:25.514+0000][1][safepoint    ] Safepoint "RevokeBias", Time since last: 3599001 ns, Reaching safepoint: 176656 ns, At safepoint: 24559 ns, Total: 201215 ns
[2020-09-11T18:24:26.514+0000][1][safepoint    ] Safepoint "Cleanup", Time since last: 1000111005 ns, Reaching safepoint: 77912 ns, At safepoint: 6597 ns, Total: 84509 ns
[2020-09-11T18:24:27.514+0000][1][safepoint    ] Safepoint "Cleanup", Time since last: 1000131090 ns, Reaching safepoint: 103789 ns, At safepoint: 13271 ns, Total: 117060 ns
[2020-09-11T18:24:28.514+0000][1][safepoint    ] Safepoint "Cleanup", Time since last: 1000118544 ns, Reaching safepoint: 81211 ns, At safepoint: 7377 ns, Total: 88588 ns
[2020-09-11T18:24:29.515+0000][1][safepoint    ] Safepoint "Cleanup", Time since last: 1000115441 ns, Reaching safepoint: 82513 ns, At safepoint: 7472 ns, Total: 89985 ns
[2020-09-11T18:24:30.515+0000][1][safepoint    ] Safepoint "Cleanup", Time since last: 1000116958 ns, Reaching safepoint: 85899 ns, At safepoint: 10183 ns, Total: 96082 ns
[2020-09-11T18:24:30.521+0000][1][safepoint    ] Safepoint "BulkRevokeBias", Time since last: 5039012 ns, Reaching safepoint: 1060244 ns, At safepoint: 239028 ns, Total: 1299272 ns
[2020-09-11T18:24:30.529+0000][1][safepoint    ] Safepoint "RevokeBias", Time since last: 3884705 ns, Reaching safepoint: 3952265 ns, At safepoint: 307746 ns, Total: 4260011 ns
[2020-09-11T18:24:30.689+0000][1][gc,start     ] GC(169) Pause Young (Allocation Failure)
[2020-09-11T18:24:30.689+0000][1][gc,task      ] GC(169) Using 1 workers of 1 for evacuation
[2020-09-11T18:24:30.719+0000][1][gc,age       ] GC(169) Desired survivor size 4358144 bytes, new threshold 6 (max threshold 6)
[2020-09-11T18:24:30.719+0000][1][gc,age       ] GC(169) Age table with threshold 6 (max threshold 6)
[2020-09-11T18:24:30.719+0000][1][gc,age       ] GC(169) - age   1:     442048 bytes,     442048 total
[2020-09-11T18:24:30.719+0000][1][gc,age       ] GC(169) - age   2:       7760 bytes,     449808 total
[2020-09-11T18:24:30.719+0000][1][gc,age       ] GC(169) - age   3:      12336 bytes,     462144 total
[2020-09-11T18:24:30.719+0000][1][gc,age       ] GC(169) - age   4:      85512 bytes,     547656 total
[2020-09-11T18:24:30.719+0000][1][gc,age       ] GC(169) - age   5:      23176 bytes,     570832 total
[2020-09-11T18:24:30.719+0000][1][gc,age       ] GC(169) - age   6:     474632 bytes,    1045464 total
[2020-09-11T18:24:30.719+0000][1][gc,heap      ] GC(169) ParNew: 69274K->1306K(76672K)
[2020-09-11T18:24:30.719+0000][1][gc,heap      ] GC(169) CMS: 147609K->147613K(2011968K)
[2020-09-11T18:24:30.719+0000][1][gc,metaspace ] GC(169) Metaspace: 96269K->96269K(1138688K)
[2020-09-11T18:24:30.719+0000][1][gc           ] GC(169) Pause Young (Allocation Failure) 211M->145M(2039M) 30.043ms
[2020-09-11T18:24:30.719+0000][1][gc,cpu       ] GC(169) User=0.01s Sys=0.00s Real=0.03s
[2020-09-11T18:24:30.719+0000][1][safepoint    ] Safepoint "GenCollectForAllocation", Time since last: 159242202 ns, Reaching safepoint: 370717 ns, At safepoint: 30117176 ns, Total: 30487893 ns
[2020-09-11T18:24:31.729+0000][1][safepoint    ] Safepoint "Cleanup", Time since last: 1009882660 ns, Reaching safepoint: 87446 ns, At safepoint: 9370 ns, Total: 96816 ns
[2020-09-11T18:24:32.729+0000][1][safepoint    ] Safepoint "Cleanup", Time since last: 1000113411 ns, Reaching safepoint: 83593 ns, At safepoint: 8464 ns, Total: 92057 ns
[2020-09-11T18:24:33.729+0000][1][safepoint    ] Safepoint "Cleanup", Time since last: 1000112283 ns, Reaching safepoint: 83682 ns, At safepoint: 8459 ns, Total: 92141 ns
[2020-09-11T18:24:34.363+0000][1][safepoint    ] Safepoint "RevokeBias", Time since last: 632786063 ns, Reaching safepoint: 222789 ns, At safepoint: 255516 ns, Total: 478305 ns
[2020-09-11T18:24:35.363+0000][1][safepoint    ] Safepoint "Cleanup", Time since last: 1000109708 ns, Reaching safepoint: 82848 ns, At safepoint: 9452 ns, Total: 92300 ns
[2020-09-11T18:24:35.534+0000][1][safepoint    ] Safepoint "RevokeBias", Time since last: 170896496 ns, Reaching safepoint: 92296 ns, At safepoint: 28071 ns, Total: 120367 ns
[2020-09-11T18:24:35.537+0000][1][safepoint    ] Safepoint "RevokeBias", Time since last: 3149290 ns, Reaching safepoint: 83236 ns, At safepoint: 24015 ns, Total: 107251 ns
[2020-09-11T18:24:36.537+0000][1][safepoint    ] Safepoint "Cleanup", Time since last: 1000114841 ns, Reaching safepoint: 117885 ns, At safepoint: 10959 ns, Total: 128844 ns
[2020-09-11T18:24:37.541+0000][1][safepoint    ] Safepoint "Cleanup", Time since last: 1003437478 ns, Reaching safepoint: 92870 ns, At safepoint: 8510 ns, Total: 101380 ns
[2020-09-11T18:24:38.541+0000][1][safepoint    ] Safepoint "Cleanup", Time since last: 1000108919 ns, Reaching safepoint: 88049 ns, At safepoint: 7869 ns, Total: 95918 ns
[2020-09-11T18:24:39.541+0000][1][safepoint    ] Safepoint "Cleanup", Time since last: 1000111099 ns, Reaching safepoint: 83728 ns, At safepoint: 9173 ns, Total: 92901 ns
[2020-09-11T18:24:40.541+0000][1][safepoint    ] Safepoint "RevokeBias", Time since last: 999393846 ns, Reaching safepoint: 239564 ns, At safepoint: 318703 ns, Total: 558267 ns
[2020-09-11T18:24:40.545+0000][1][safepoint    ] Safepoint "RevokeBias", Time since last: 3602396 ns, Reaching safepoint: 167131 ns, At safepoint: 25727 ns, Total: 192858 ns
[2020-09-11T18:24:41.545+0000][1][safepoint    ] Safepoint "Cleanup", Time since last: 1000110936 ns, Reaching safepoint: 83177 ns, At safepoint: 9712 ns, Total: 92889 ns
[2020-09-11T18:24:42.545+0000][1][safepoint    ] Safepoint "Cleanup", Time since last: 1000115205 ns, Reaching safepoint: 84395 ns, At safepoint: 8845 ns, Total: 93240 ns
[2020-09-11T18:24:43.546+0000][1][safepoint    ] Safepoint "Cleanup", Time since last: 1000113615 ns, Reaching safepoint: 82492 ns, At safepoint: 8995 ns, Total: 91487 ns
[2020-09-11T18:24:44.546+0000][1][safepoint    ] Safepoint "Cleanup", Time since last: 1000123741 ns, Reaching safepoint: 84557 ns, At safepoint: 8593 ns, Total: 93150 ns
[2020-09-11T18:24:45.379+0000][1][safepoint    ] Safepoint "RevokeBias", Time since last: 833317104 ns, Reaching safepoint: 86363 ns, At safepoint: 25622 ns, Total: 111985 ns
[2020-09-11T18:24:45.552+0000][1][safepoint    ] Safepoint "RevokeBias", Time since last: 172991504 ns, Reaching safepoint: 161886 ns, At safepoint: 23471 ns, Total: 185357 ns
[2020-09-11T18:24:45.555+0000][1][safepoint    ] Safepoint "RevokeBias", Time since last: 2728158 ns, Reaching safepoint: 80586 ns, At safepoint: 21332 ns, Total: 101918 ns
[2020-09-11T18:24:46.556+0000][1][safepoint    ] Safepoint "Cleanup", Time since last: 1000130356 ns, Reaching safepoint: 83278 ns, At safepoint: 9864 ns, Total: 93142 ns
[2020-09-11T18:24:47.556+0000][1][safepoint    ] Safepoint "Cleanup", Time since last: 1000121387 ns, Reaching safepoint: 89084 ns, At safepoint: 7876 ns, Total: 96960 ns
[2020-09-11T18:24:47.653+0000][1][gc,start     ] GC(170) Pause Young (Allocation Failure)
[2020-09-11T18:24:47.653+0000][1][gc,task      ] GC(170) Using 1 workers of 1 for evacuation
[2020-09-11T18:24:47.686+0000][1][gc,age       ] GC(170) Desired survivor size 4358144 bytes, new threshold 6 (max threshold 6)
[2020-09-11T18:24:47.686+0000][1][gc,age       ] GC(170) Age table with threshold 6 (max threshold 6)
[2020-09-11T18:24:47.686+0000][1][gc,age       ] GC(170) - age   1:     155128 bytes,     155128 total
[2020-09-11T18:24:47.686+0000][1][gc,age       ] GC(170) - age   2:     342136 bytes,     497264 total
[2020-09-11T18:24:47.686+0000][1][gc,age       ] GC(170) - age   3:       4656 bytes,     501920 total
[2020-09-11T18:24:47.686+0000][1][gc,age       ] GC(170) - age   4:      11968 bytes,     513888 total
[2020-09-11T18:24:47.686+0000][1][gc,age       ] GC(170) - age   5:      85512 bytes,     599400 total
[2020-09-11T18:24:47.686+0000][1][gc,age       ] GC(170) - age   6:      23112 bytes,     622512 total
[2020-09-11T18:24:47.686+0000][1][gc,heap      ] GC(170) ParNew: 69466K->929K(76672K)
[2020-09-11T18:24:47.686+0000][1][gc,heap      ] GC(170) CMS: 147613K->148078K(2011968K)
[2020-09-11T18:24:47.686+0000][1][gc,metaspace ] GC(170) Metaspace: 96302K->96302K(1138688K)
[2020-09-11T18:24:47.686+0000][1][gc           ] GC(170) Pause Young (Allocation Failure) 211M->145M(2039M) 33.029ms
[2020-09-11T18:24:47.686+0000][1][gc,cpu       ] GC(170) User=0.01s Sys=0.00s Real=0.03s
[2020-09-11T18:24:47.686+0000][1][safepoint    ] Safepoint "GenCollectForAllocation", Time since last: 93852488 ns, Reaching safepoint: 3316111 ns, At safepoint: 33101859 ns, Total: 36417970 ns
[2020-09-11T18:24:48.688+0000][1][safepoint    ] Safepoint "Cleanup", Time since last: 1001936704 ns, Reaching safepoint: 79515 ns, At safepoint: 7254 ns, Total: 86769 ns
[2020-09-11T18:24:49.688+0000][1][safepoint    ] Safepoint "Cleanup", Time since last: 1000159055 ns, Reaching safepoint: 74196 ns, At safepoint: 6869 ns, Total: 81065 ns
[2020-09-11T18:24:50.564+0000][1][safepoint    ] Safepoint "RevokeBias", Time since last: 875441921 ns, Reaching safepoint: 97115 ns, At safepoint: 26574 ns, Total: 123689 ns
[2020-09-11T18:24:50.567+0000][1][safepoint    ] Safepoint "RevokeBias", Time since last: 2901652 ns, Reaching safepoint: 243366 ns, At safepoint: 313259 ns, Total: 556625 ns
[2020-09-11T18:24:51.568+0000][1][safepoint    ] Safepoint "Cleanup", Time since last: 1000119525 ns, Reaching safepoint: 83389 ns, At safepoint: 10586 ns, Total: 93975 ns
[2020-09-11T18:24:52.568+0000][1][safepoint    ] Safepoint "Cleanup", Time since last: 1000111555 ns, Reaching safepoint: 80542 ns, At safepoint: 7046 ns, Total: 87588 ns
[2020-09-11T18:24:53.573+0000][1][safepoint    ] Safepoint "Cleanup", Time since last: 1005057522 ns, Reaching safepoint: 212920 ns, At safepoint: 12106 ns, Total: 225026 ns
[2020-09-11T18:24:54.573+0000][1][safepoint    ] Safepoint "Cleanup", Time since last: 1000113059 ns, Reaching safepoint: 79651 ns, At safepoint: 7471 ns, Total: 87122 ns
[2020-09-11T18:24:55.572+0000][1][safepoint    ] Safepoint "RevokeBias", Time since last: 998367702 ns, Reaching safepoint: 94542 ns, At safepoint: 26849 ns, Total: 121391 ns
[2020-09-11T18:24:55.575+0000][1][safepoint    ] Safepoint "RevokeBias", Time since last: 2933218 ns, Reaching safepoint: 232651 ns, At safepoint: 326822 ns, Total: 559473 ns
[2020-09-11T18:24:56.396+0000][1][safepoint    ] Safepoint "RevokeBias", Time since last: 820880692 ns, Reaching safepoint: 89818 ns, At safepoint: 25157 ns, Total: 114975 ns
[2020-09-11T18:24:57.396+0000][1][safepoint    ] Safepoint "Cleanup", Time since last: 1000112967 ns, Reaching safepoint: 89443 ns, At safepoint: 9885 ns, Total: 99328 ns
[2020-09-11T18:24:58.397+0000][1][safepoint    ] Safepoint "Cleanup", Time since last: 1000125503 ns, Reaching safepoint: 82597 ns, At safepoint: 8995 ns, Total: 91592 ns
[2020-09-11T18:24:59.401+0000][1][safepoint    ] Safepoint "Cleanup", Time since last: 1001530178 ns, Reaching safepoint: 2754269 ns, At safepoint: 15279 ns, Total: 2769548 ns
[2020-09-11T18:25:00.401+0000][1][safepoint    ] Safepoint "Cleanup", Time since last: 1000110720 ns, Reaching safepoint: 94560 ns, At safepoint: 14195 ns, Total: 108755 ns
[2020-09-11T18:25:00.584+0000][1][safepoint    ] Safepoint "RevokeBias", Time since last: 182002197 ns, Reaching safepoint: 240098 ns, At safepoint: 312705 ns, Total: 552803 ns
[2020-09-11T18:25:00.598+0000][1][safepoint    ] Safepoint "RevokeBias", Time since last: 14608225 ns, Reaching safepoint: 169030 ns, At safepoint: 27111 ns, Total: 196141 ns
[2020-09-11T18:25:01.599+0000][1][safepoint    ] Safepoint "Cleanup", Time since last: 1000114620 ns, Reaching safepoint: 93011 ns, At safepoint: 11075 ns, Total: 104086 ns
[2020-09-11T18:25:02.599+0000][1][safepoint    ] Safepoint "Cleanup", Time since last: 1000118821 ns, Reaching safepoint: 81862 ns, At safepoint: 10412 ns, Total: 92274 ns
[2020-09-11T18:25:03.599+0000][1][safepoint    ] Safepoint "Cleanup", Time since last: 1000114051 ns, Reaching safepoint: 81426 ns, At safepoint: 7197 ns, Total: 88623 ns
[2020-09-11T18:25:04.599+0000][1][safepoint    ] Safepoint "Cleanup", Time since last: 1000161432 ns, Reaching safepoint: 89945 ns, At safepoint: 7439 ns, Total: 97384 ns
[2020-09-11T18:25:05.600+0000][1][safepoint    ] Safepoint "Cleanup", Time since last: 1000116066 ns, Reaching safepoint: 89396 ns, At safepoint: 9805 ns, Total: 99201 ns
[2020-09-11T18:25:05.603+0000][1][safepoint    ] Safepoint "RevokeBias", Time since last: 3234908 ns, Reaching safepoint: 231426 ns, At safepoint: 313620 ns, Total: 545046 ns
[2020-09-11T18:25:05.607+0000][1][safepoint    ] Safepoint "RevokeBias", Time since last: 3620912 ns, Reaching safepoint: 85107 ns, At safepoint: 24319 ns, Total: 109426 ns
[2020-09-11T18:25:06.607+0000][1][safepoint    ] Safepoint "Cleanup", Time since last: 1000115709 ns, Reaching safepoint: 89063 ns, At safepoint: 8308 ns, Total: 97371 ns
[2020-09-11T18:25:07.410+0000][1][safepoint    ] Safepoint "RevokeBias", Time since last: 801812485 ns, Reaching safepoint: 246539 ns, At safepoint: 310341 ns, Total: 556880 ns
[2020-09-11T18:25:08.410+0000][1][safepoint    ] Safepoint "Cleanup", Time since last: 1000112433 ns, Reaching safepoint: 87141 ns, At safepoint: 7086 ns, Total: 94227 ns
[2020-09-11T18:25:08.414+0000][1][gc,start     ] GC(171) Pause Young (Allocation Failure)
[2020-09-11T18:25:08.415+0000][1][gc,task      ] GC(171) Using 1 workers of 1 for evacuation
[2020-09-11T18:25:08.440+0000][1][gc,age       ] GC(171) Desired survivor size 4358144 bytes, new threshold 6 (max threshold 6)
[2020-09-11T18:25:08.440+0000][1][gc,age       ] GC(171) Age table with threshold 6 (max threshold 6)
[2020-09-11T18:25:08.440+0000][1][gc,age       ] GC(171) - age   1:     745440 bytes,     745440 total
[2020-09-11T18:25:08.440+0000][1][gc,age       ] GC(171) - age   2:      82224 bytes,     827664 total
[2020-09-11T18:25:08.440+0000][1][gc,age       ] GC(171) - age   3:     335968 bytes,    1163632 total
[2020-09-11T18:25:08.440+0000][1][gc,age       ] GC(171) - age   4:       4224 bytes,    1167856 total
[2020-09-11T18:25:08.440+0000][1][gc,age       ] GC(171) - age   5:      11968 bytes,    1179824 total
[2020-09-11T18:25:08.440+0000][1][gc,age       ] GC(171) - age   6:      85512 bytes,    1265336 total
[2020-09-11T18:25:08.440+0000][1][gc,heap      ] GC(171) ParNew: 69089K->1376K(76672K)
[2020-09-11T18:25:08.440+0000][1][gc,heap      ] GC(171) CMS: 148078K->148101K(2011968K)
[2020-09-11T18:25:08.440+0000][1][gc,metaspace ] GC(171) Metaspace: 96316K->96316K(1138688K)
[2020-09-11T18:25:08.440+0000][1][gc           ] GC(171) Pause Young (Allocation Failure) 212M->145M(2039M) 25.929ms
[2020-09-11T18:25:08.440+0000][1][gc,cpu       ] GC(171) User=0.02s Sys=0.00s Real=0.02s
[2020-09-11T18:25:08.445+0000][1][safepoint    ] Safepoint "GenCollectForAllocation", Time since last: 4474502 ns, Reaching safepoint: 86399 ns, At safepoint: 30345913 ns, Total: 30432312 ns
[2020-09-11T18:25:09.451+0000][1][safepoint    ] Safepoint "Cleanup", Time since last: 1006561753 ns, Reaching safepoint: 102719 ns, At safepoint: 10275 ns, Total: 112994 ns
[2020-09-11T18:25:10.452+0000][1][safepoint    ] Safepoint "Cleanup", Time since last: 1000112800 ns, Reaching safepoint: 81701 ns, At safepoint: 9191 ns, Total: 90892 ns
[2020-09-11T18:25:10.611+0000][1][safepoint    ] Safepoint "RevokeBias", Time since last: 158847657 ns, Reaching safepoint: 83008 ns, At safepoint: 23098 ns, Total: 106106 ns
[2020-09-11T18:25:10.618+0000][1][safepoint    ] Safepoint "RevokeBias", Time since last: 6775075 ns, Reaching safepoint: 217147 ns, At safepoint: 263391 ns, Total: 480538 ns
[2020-09-11T18:25:11.618+0000][1][safepoint    ] Safepoint "Cleanup", Time since last: 1000112311 ns, Reaching safepoint: 84405 ns, At safepoint: 9678 ns, Total: 94083 ns
[2020-09-11T18:25:12.618+0000][1][safepoint    ] Safepoint "Cleanup", Time since last: 1000115875 ns, Reaching safepoint: 82727 ns, At safepoint: 7479 ns, Total: 90206 ns
[2020-09-11T18:25:13.619+0000][1][safepoint    ] Safepoint "Cleanup", Time since last: 1000115436 ns, Reaching safepoint: 82952 ns, At safepoint: 9774 ns, Total: 92726 ns
[2020-09-11T18:25:14.619+0000][1][safepoint    ] Safepoint "Cleanup", Time since last: 1000126465 ns, Reaching safepoint: 84194 ns, At safepoint: 9998 ns, Total: 94192 ns
[2020-09-11T18:25:15.619+0000][1][safepoint    ] Safepoint "Cleanup", Time since last: 1000116027 ns, Reaching safepoint: 84179 ns, At safepoint: 9832 ns, Total: 94011 ns
[2020-09-11T18:25:15.622+0000][1][safepoint    ] Safepoint "RevokeBias", Time since last: 2679131 ns, Reaching safepoint: 88224 ns, At safepoint: 25614 ns, Total: 113838 ns
[2020-09-11T18:25:15.629+0000][1][safepoint    ] Safepoint "RevokeBias", Time since last: 6728632 ns, Reaching safepoint: 92654 ns, At safepoint: 28774 ns, Total: 121428 ns
[2020-09-11T18:25:16.629+0000][1][safepoint    ] Safepoint "Cleanup", Time since last: 1000106383 ns, Reaching safepoint: 100982 ns, At safepoint: 6830 ns, Total: 107812 ns
[2020-09-11T18:25:17.629+0000][1][safepoint    ] Safepoint "Cleanup", Time since last: 1000113258 ns, Reaching safepoint: 84203 ns, At safepoint: 9617 ns, Total: 93820 ns
[2020-09-11T18:25:18.433+0000][1][safepoint    ] Safepoint "RevokeBias", Time since last: 803782931 ns, Reaching safepoint: 94956 ns, At safepoint: 24906 ns, Total: 119862 ns
[2020-09-11T18:25:19.433+0000][1][safepoint    ] Safepoint "Cleanup", Time since last: 1000119994 ns, Reaching safepoint: 87964 ns, At safepoint: 10606 ns, Total: 98570 ns
[2020-09-11T18:25:20.433+0000][1][safepoint    ] Safepoint "Cleanup", Time since last: 1000112427 ns, Reaching safepoint: 83356 ns, At safepoint: 9014 ns, Total: 92370 ns
[2020-09-11T18:25:20.655+0000][1][safepoint    ] Safepoint "RevokeBias", Time since last: 220873465 ns, Reaching safepoint: 244020 ns, At safepoint: 410636 ns, Total: 654656 ns
[2020-09-11T18:25:20.662+0000][1][safepoint    ] Safepoint "RevokeBias", Time since last: 6749899 ns, Reaching safepoint: 88047 ns, At safepoint: 25845 ns, Total: 113892 ns
[2020-09-11T18:25:21.662+0000][1][safepoint    ] Safepoint "Cleanup", Time since last: 1000115496 ns, Reaching safepoint: 98885 ns, At safepoint: 11472 ns, Total: 110357 ns
[2020-09-11T18:25:22.662+0000][1][safepoint    ] Safepoint "Cleanup", Time since last: 1000116592 ns, Reaching safepoint: 86034 ns, At safepoint: 9787 ns, Total: 95821 ns
[2020-09-11T18:25:23.665+0000][1][safepoint    ] Safepoint "Cleanup", Time since last: 1002626690 ns, Reaching safepoint: 214438 ns, At safepoint: 13259 ns, Total: 227697 ns
[2020-09-11T18:25:24.665+0000][1][safepoint    ] Safepoint "Cleanup", Time since last: 1000113362 ns, Reaching safepoint: 80898 ns, At safepoint: 7088 ns, Total: 87986 ns
[2020-09-11T18:25:25.665+0000][1][safepoint    ] Safepoint "Cleanup", Time since last: 1000110298 ns, Reaching safepoint: 83302 ns, At safepoint: 9570 ns, Total: 92872 ns
[2020-09-11T18:25:25.674+0000][1][safepoint    ] Safepoint "RevokeBias", Time since last: 8295849 ns, Reaching safepoint: 88038 ns, At safepoint: 25820 ns, Total: 113858 ns
[2020-09-11T18:25:25.677+0000][1][safepoint    ] Safepoint "RevokeBias", Time since last: 2972728 ns, Reaching safepoint: 231040 ns, At safepoint: 327850 ns, Total: 558890 ns
[2020-09-11T18:25:26.678+0000][1][safepoint    ] Safepoint "Cleanup", Time since last: 1000113062 ns, Reaching safepoint: 81047 ns, At safepoint: 7714 ns, Total: 88761 ns
[2020-09-11T18:25:27.678+0000][1][safepoint    ] Safepoint "Cleanup", Time since last: 1000115986 ns, Reaching safepoint: 87561 ns, At safepoint: 10180 ns, Total: 97741 ns
[2020-09-11T18:25:27.716+0000][1][gc,start     ] GC(172) Pause Young (Allocation Failure)
[2020-09-11T18:25:27.716+0000][1][gc,task      ] GC(172) Using 1 workers of 1 for evacuation
[2020-09-11T18:25:27.748+0000][1][gc,age       ] GC(172) Desired survivor size 4358144 bytes, new threshold 6 (max threshold 6)
[2020-09-11T18:25:27.748+0000][1][gc,age       ] GC(172) Age table with threshold 6 (max threshold 6)
[2020-09-11T18:25:27.748+0000][1][gc,age       ] GC(172) - age   1:     103920 bytes,     103920 total
[2020-09-11T18:25:27.748+0000][1][gc,age       ] GC(172) - age   2:     674752 bytes,     778672 total
[2020-09-11T18:25:27.748+0000][1][gc,age       ] GC(172) - age   3:      78768 bytes,     857440 total
[2020-09-11T18:25:27.748+0000][1][gc,age       ] GC(172) - age   4:     335776 bytes,    1193216 total
[2020-09-11T18:25:27.748+0000][1][gc,age       ] GC(172) - age   5:       4192 bytes,    1197408 total
[2020-09-11T18:25:27.749+0000][1][gc,age       ] GC(172) - age   6:      11968 bytes,    1209376 total
[2020-09-11T18:25:27.749+0000][1][gc,heap      ] GC(172) ParNew: 69536K->2197K(76672K)
[2020-09-11T18:25:27.749+0000][1][gc,heap      ] GC(172) CMS: 148101K->148184K(2011968K)
[2020-09-11T18:25:27.749+0000][1][gc,metaspace ] GC(172) Metaspace: 96319K->96319K(1138688K)
[2020-09-11T18:25:27.749+0000][1][gc           ] GC(172) Pause Young (Allocation Failure) 212M->146M(2039M) 32.693ms
[2020-09-11T18:25:27.749+0000][1][gc,cpu       ] GC(172) User=0.01s Sys=0.00s Real=0.03s
[2020-09-11T18:25:27.749+0000][1][safepoint    ] Safepoint "GenCollectForAllocation", Time since last: 37952046 ns, Reaching safepoint: 157751 ns, At safepoint: 32767489 ns, Total: 32925240 ns
[2020-09-11T18:25:28.756+0000][1][safepoint    ] Safepoint "Cleanup", Time since last: 1007371329 ns, Reaching safepoint: 97626 ns, At safepoint: 9800 ns, Total: 107426 ns
[2020-09-11T18:25:29.454+0000][1][safepoint    ] Safepoint "RevokeBias", Time since last: 697522826 ns, Reaching safepoint: 87061 ns, At safepoint: 22203 ns, Total: 109264 ns
[2020-09-11T18:25:30.454+0000][1][safepoint    ] Safepoint "Cleanup", Time since last: 1000110191 ns, Reaching safepoint: 82739 ns, At safepoint: 9925 ns, Total: 92664 ns
[2020-09-11T18:25:30.681+0000][1][safepoint    ] Safepoint "RevokeBias", Time since last: 226955328 ns, Reaching safepoint: 81296 ns, At safepoint: 34166 ns, Total: 115462 ns
[2020-09-11T18:25:30.686+0000][1][safepoint    ] Safepoint "BulkRevokeBias", Time since last: 4472003 ns, Reaching safepoint: 299958 ns, At safepoint: 593835 ns, Total: 893793 ns
[2020-09-11T18:25:31.687+0000][1][safepoint    ] Safepoint "Cleanup", Time since last: 1000112831 ns, Reaching safepoint: 84126 ns, At safepoint: 9573 ns, Total: 93699 ns
[2020-09-11T18:25:32.687+0000][1][safepoint    ] Safepoint "Cleanup", Time since last: 1000115135 ns, Reaching safepoint: 82331 ns, At safepoint: 9881 ns, Total: 92212 ns
[2020-09-11T18:25:33.687+0000][1][safepoint    ] Safepoint "Cleanup", Time since last: 1000119993 ns, Reaching safepoint: 85286 ns, At safepoint: 9253 ns, Total: 94539 ns
[2020-09-11T18:25:34.687+0000][1][safepoint    ] Safepoint "Cleanup", Time since last: 1000099149 ns, Reaching safepoint: 82002 ns, At safepoint: 8731 ns, Total: 90733 ns
[2020-09-11T18:25:35.687+0000][1][safepoint    ] Safepoint "Cleanup", Time since last: 1000125228 ns, Reaching safepoint: 88104 ns, At safepoint: 9814 ns, Total: 97918 ns
[2020-09-11T18:25:35.703+0000][1][safepoint    ] Safepoint "RevokeBias", Time since last: 15444478 ns, Reaching safepoint: 88455 ns, At safepoint: 25608 ns, Total: 114063 ns
[2020-09-11T18:25:35.714+0000][1][safepoint    ] Safepoint "RevokeBias", Time since last: 11190531 ns, Reaching safepoint: 100975 ns, At safepoint: 33204 ns, Total: 134179 ns
[2020-09-11T18:25:36.715+0000][1][safepoint    ] Safepoint "Cleanup", Time since last: 1000121458 ns, Reaching safepoint: 87523 ns, At safepoint: 8253 ns, Total: 95776 ns
[2020-09-11T18:25:37.715+0000][1][safepoint    ] Safepoint "Cleanup", Time since last: 1000111154 ns, Reaching safepoint: 87621 ns, At safepoint: 9439 ns, Total: 97060 ns
[2020-09-11T18:25:38.715+0000][1][safepoint    ] Safepoint "Cleanup", Time since last: 1000114154 ns, Reaching safepoint: 86348 ns, At safepoint: 10090 ns, Total: 96438 ns
[2020-09-11T18:25:39.715+0000][1][safepoint    ] Safepoint "Cleanup", Time since last: 1000119685 ns, Reaching safepoint: 84718 ns, At safepoint: 9831 ns, Total: 94549 ns
[2020-09-11T18:25:40.470+0000][1][safepoint    ] Safepoint "RevokeBias", Time since last: 754629009 ns, Reaching safepoint: 93473 ns, At safepoint: 25990 ns, Total: 119463 ns
[2020-09-11T18:25:40.735+0000][1][safepoint    ] Safepoint "RevokeBias", Time since last: 264876947 ns, Reaching safepoint: 82547 ns, At safepoint: 22695 ns, Total: 105242 ns
[2020-09-11T18:25:40.771+0000][1][safepoint    ] Safepoint "RevokeBias", Time since last: 35573390 ns, Reaching safepoint: 124851 ns, At safepoint: 27272 ns, Total: 152123 ns
[2020-09-11T18:25:41.771+0000][1][safepoint    ] Safepoint "Cleanup", Time since last: 1000109317 ns, Reaching safepoint: 94750 ns, At safepoint: 8114 ns, Total: 102864 ns
[2020-09-11T18:25:42.771+0000][1][safepoint    ] Safepoint "Cleanup", Time since last: 1000108503 ns, Reaching safepoint: 84684 ns, At safepoint: 8247 ns, Total: 92931 ns
[2020-09-11T18:25:43.771+0000][1][safepoint    ] Safepoint "Cleanup", Time since last: 1000117720 ns, Reaching safepoint: 80818 ns, At safepoint: 9100 ns, Total: 89918 ns
[2020-09-11T18:25:44.771+0000][1][safepoint    ] Safepoint "Cleanup", Time since last: 1000114332 ns, Reaching safepoint: 80612 ns, At safepoint: 8693 ns, Total: 89305 ns
[2020-09-11T18:25:45.772+0000][1][safepoint    ] Safepoint "Cleanup", Time since last: 1000115486 ns, Reaching safepoint: 83114 ns, At safepoint: 9006 ns, Total: 92120 ns
[2020-09-11T18:25:45.775+0000][1][safepoint    ] Safepoint "RevokeBias", Time since last: 2962375 ns, Reaching safepoint: 237021 ns, At safepoint: 287132 ns, Total: 524153 ns
[2020-09-11T18:25:45.779+0000][1][safepoint    ] Safepoint "RevokeBias", Time since last: 3461419 ns, Reaching safepoint: 86095 ns, At safepoint: 21099 ns, Total: 107194 ns
[2020-09-11T18:25:46.782+0000][1][safepoint    ] Safepoint "Cleanup", Time since last: 1000154706 ns, Reaching safepoint: 2994586 ns, At safepoint: 180738 ns, Total: 3175324 ns
[2020-09-11T18:25:47.786+0000][1][safepoint    ] Safepoint "Cleanup", Time since last: 1000238081 ns, Reaching safepoint: 3245274 ns, At safepoint: 12389 ns, Total: 3257663 ns
[2020-09-11T18:25:48.437+0000][1][gc,start     ] GC(173) Pause Young (Allocation Failure)
[2020-09-11T18:25:48.437+0000][1][gc,task      ] GC(173) Using 1 workers of 1 for evacuation
[2020-09-11T18:25:48.463+0000][1][gc,age       ] GC(173) Desired survivor size 4358144 bytes, new threshold 6 (max threshold 6)
[2020-09-11T18:25:48.463+0000][1][gc,age       ] GC(173) Age table with threshold 6 (max threshold 6)
[2020-09-11T18:25:48.463+0000][1][gc,age       ] GC(173) - age   1:     327304 bytes,     327304 total
[2020-09-11T18:25:48.463+0000][1][gc,age       ] GC(173) - age   2:      30808 bytes,     358112 total
[2020-09-11T18:25:48.463+0000][1][gc,age       ] GC(173) - age   3:     670256 bytes,    1028368 total
[2020-09-11T18:25:48.463+0000][1][gc,age       ] GC(173) - age   4:      78400 bytes,    1106768 total
[2020-09-11T18:25:48.464+0000][1][gc,age       ] GC(173) - age   5:     335776 bytes,    1442544 total
[2020-09-11T18:25:48.464+0000][1][gc,age       ] GC(173) - age   6:       4192 bytes,    1446736 total
[2020-09-11T18:25:48.464+0000][1][gc,heap      ] GC(173) ParNew: 70357K->1435K(76672K)
[2020-09-11T18:25:48.464+0000][1][gc,heap      ] GC(173) CMS: 148184K->148196K(2011968K)
[2020-09-11T18:25:48.464+0000][1][gc,metaspace ] GC(173) Metaspace: 96349K->96349K(1138688K)
[2020-09-11T18:25:48.464+0000][1][gc           ] GC(173) Pause Young (Allocation Failure) 213M->146M(2039M) 26.609ms
[2020-09-11T18:25:48.464+0000][1][gc,cpu       ] GC(173) User=0.01s Sys=0.00s Real=0.03s
[2020-09-11T18:25:48.467+0000][1][safepoint    ] Safepoint "GenCollectForAllocation", Time since last: 651282508 ns, Reaching safepoint: 158204 ns, At safepoint: 29992092 ns, Total: 30150296 ns
[2020-09-11T18:25:49.478+0000][1][safepoint    ] Safepoint "Cleanup", Time since last: 1008648617 ns, Reaching safepoint: 1872101 ns, At safepoint: 139935 ns, Total: 2012036 ns
[2020-09-11T18:25:50.480+0000][1][safepoint    ] Safepoint "Cleanup", Time since last: 1002021541 ns, Reaching safepoint: 86321 ns, At safepoint: 9388 ns, Total: 95709 ns
[2020-09-11T18:25:50.789+0000][1][safepoint    ] Safepoint "RevokeBias", Time since last: 308634298 ns, Reaching safepoint: 232601 ns, At safepoint: 463010 ns, Total: 695611 ns
[2020-09-11T18:25:50.793+0000][1][safepoint    ] Safepoint "RevokeBias", Time since last: 3777858 ns, Reaching safepoint: 163304 ns, At safepoint: 24847 ns, Total: 188151 ns
[2020-09-11T18:25:51.489+0000][1][safepoint    ] Safepoint "RevokeBias", Time since last: 696142621 ns, Reaching safepoint: 89644 ns, At safepoint: 25497 ns, Total: 115141 ns
[2020-09-11T18:25:52.490+0000][1][safepoint    ] Safepoint "Cleanup", Time since last: 1000113746 ns, Reaching safepoint: 92791 ns, At safepoint: 9644 ns, Total: 102435 ns
[2020-09-11T18:25:53.491+0000][1][safepoint    ] Safepoint "Cleanup", Time since last: 1000379550 ns, Reaching safepoint: 1301108 ns, At safepoint: 9890 ns, Total: 1310998 ns
[2020-09-11T18:25:54.491+0000][1][safepoint    ] Safepoint "Cleanup", Time since last: 1000178461 ns, Reaching safepoint: 82657 ns, At safepoint: 9610 ns, Total: 92267 ns
[2020-09-11T18:25:55.495+0000][1][safepoint    ] Safepoint "Cleanup", Time since last: 1000453700 ns, Reaching safepoint: 3391560 ns, At safepoint: 12309 ns, Total: 3403869 ns
[2020-09-11T18:25:55.815+0000][1][safepoint    ] Safepoint "RevokeBias", Time since last: 319316071 ns, Reaching safepoint: 105485 ns, At safepoint: 27601 ns, Total: 133086 ns
[2020-09-11T18:25:55.824+0000][1][safepoint    ] Safepoint "RevokeBias", Time since last: 8857090 ns, Reaching safepoint: 419628 ns, At safepoint: 317710 ns, Total: 737338 ns
[2020-09-11T18:25:56.825+0000][1][safepoint    ] Safepoint "Cleanup", Time since last: 1000114285 ns, Reaching safepoint: 82192 ns, At safepoint: 7564 ns, Total: 89756 ns
[2020-09-11T18:25:57.825+0000][1][safepoint    ] Safepoint "Cleanup", Time since last: 1000112492 ns, Reaching safepoint: 264394 ns, At safepoint: 11936 ns, Total: 276330 ns
[2020-09-11T18:25:58.825+0000][1][safepoint    ] Safepoint "Cleanup", Time since last: 1000123370 ns, Reaching safepoint: 79679 ns, At safepoint: 7463 ns, Total: 87142 ns
[2020-09-11T18:25:59.825+0000][1][safepoint    ] Safepoint "Cleanup", Time since last: 1000124646 ns, Reaching safepoint: 83800 ns, At safepoint: 10158 ns, Total: 93958 ns
[2020-09-11T18:26:00.826+0000][1][safepoint    ] Safepoint "Cleanup", Time since last: 1000113528 ns, Reaching safepoint: 81253 ns, At safepoint: 7190 ns, Total: 88443 ns
[2020-09-11T18:26:00.830+0000][1][safepoint    ] Safepoint "RevokeBias", Time since last: 4595905 ns, Reaching safepoint: 86511 ns, At safepoint: 22079 ns, Total: 108590 ns
[2020-09-11T18:26:00.833+0000][1][safepoint    ] Safepoint "RevokeBias", Time since last: 2731174 ns, Reaching safepoint: 81304 ns, At safepoint: 21898 ns, Total: 103202 ns
[2020-09-11T18:26:01.833+0000][1][safepoint    ] Safepoint "Cleanup", Time since last: 1000108547 ns, Reaching safepoint: 81734 ns, At safepoint: 9006 ns, Total: 90740 ns
[2020-09-11T18:26:02.510+0000][1][safepoint    ] Safepoint "RevokeBias", Time since last: 676438398 ns, Reaching safepoint: 85536 ns, At safepoint: 22203 ns, Total: 107739 ns
[2020-09-11T18:26:03.510+0000][1][safepoint    ] Safepoint "Cleanup", Time since last: 1000113408 ns, Reaching safepoint: 81408 ns, At safepoint: 9597 ns, Total: 91005 ns
[2020-09-11T18:26:04.510+0000][1][safepoint    ] Safepoint "Cleanup", Time since last: 1000115589 ns, Reaching safepoint: 96360 ns, At safepoint: 10433 ns, Total: 106793 ns
[2020-09-11T18:26:05.511+0000][1][safepoint    ] Safepoint "Cleanup", Time since last: 1000113437 ns, Reaching safepoint: 90364 ns, At safepoint: 10579 ns, Total: 100943 ns
[2020-09-11T18:26:05.837+0000][1][safepoint    ] Safepoint "RevokeBias", Time since last: 325994925 ns, Reaching safepoint: 272590 ns, At safepoint: 266334 ns, Total: 538924 ns
[2020-09-11T18:26:05.841+0000][1][safepoint    ] Safepoint "RevokeBias", Time since last: 3467030 ns, Reaching safepoint: 163322 ns, At safepoint: 22487 ns, Total: 185809 ns
[2020-09-11T18:26:06.841+0000][1][safepoint    ] Safepoint "Cleanup", Time since last: 1000134629 ns, Reaching safepoint: 81140 ns, At safepoint: 7820 ns, Total: 88960 ns
[2020-09-11T18:26:07.568+0000][1][gc,start     ] GC(174) Pause Young (Allocation Failure)
[2020-09-11T18:26:07.568+0000][1][gc,task      ] GC(174) Using 1 workers of 1 for evacuation
[2020-09-11T18:26:07.609+0000][1][gc,age       ] GC(174) Desired survivor size 4358144 bytes, new threshold 6 (max threshold 6)
[2020-09-11T18:26:07.609+0000][1][gc,age       ] GC(174) Age table with threshold 6 (max threshold 6)
[2020-09-11T18:26:07.609+0000][1][gc,age       ] GC(174) - age   1:     335152 bytes,     335152 total
[2020-09-11T18:26:07.609+0000][1][gc,age       ] GC(174) - age   2:     231592 bytes,     566744 total
[2020-09-11T18:26:07.609+0000][1][gc,age       ] GC(174) - age   3:      25944 bytes,     592688 total
[2020-09-11T18:26:07.609+0000][1][gc,age       ] GC(174) - age   4:     669776 bytes,    1262464 total
[2020-09-11T18:26:07.609+0000][1][gc,age       ] GC(174) - age   5:      78368 bytes,    1340832 total
[2020-09-11T18:26:07.609+0000][1][gc,age       ] GC(174) - age   6:     335776 bytes,    1676608 total
[2020-09-11T18:26:07.609+0000][1][gc,heap      ] GC(174) ParNew: 69595K->2478K(76672K)
[2020-09-11T18:26:07.609+0000][1][gc,heap      ] GC(174) CMS: 148196K->148200K(2011968K)
[2020-09-11T18:26:07.609+0000][1][gc,metaspace ] GC(174) Metaspace: 96390K->96390K(1138688K)
[2020-09-11T18:26:07.613+0000][1][gc           ] GC(174) Pause Young (Allocation Failure) 212M->147M(2039M) 44.546ms
[2020-09-11T18:26:07.613+0000][1][gc,cpu       ] GC(174) User=0.02s Sys=0.00s Real=0.05s
[2020-09-11T18:26:07.629+0000][1][safepoint    ] Safepoint "GenCollectForAllocation", Time since last: 727014255 ns, Reaching safepoint: 253283 ns, At safepoint: 60304359 ns, Total: 60557642 ns
[2020-09-11T18:26:08.641+0000][1][safepoint    ] Safepoint "Cleanup", Time since last: 1012396631 ns, Reaching safepoint: 84612 ns, At safepoint: 6391 ns, Total: 91003 ns
[2020-09-11T18:26:09.641+0000][1][safepoint    ] Safepoint "Cleanup", Time since last: 1000108561 ns, Reaching safepoint: 99373 ns, At safepoint: 8889 ns, Total: 108262 ns
[2020-09-11T18:26:10.641+0000][1][safepoint    ] Safepoint "Cleanup", Time since last: 1000100441 ns, Reaching safepoint: 86632 ns, At safepoint: 18329 ns, Total: 104961 ns
[2020-09-11T18:26:10.847+0000][1][safepoint    ] Safepoint "RevokeBias", Time since last: 205636624 ns, Reaching safepoint: 87513 ns, At safepoint: 22161 ns, Total: 109674 ns
[2020-09-11T18:26:10.850+0000][1][safepoint    ] Safepoint "RevokeBias", Time since last: 2782589 ns, Reaching safepoint: 77631 ns, At safepoint: 21519 ns, Total: 99150 ns
[2020-09-11T18:26:11.850+0000][1][safepoint    ] Safepoint "Cleanup", Time since last: 1000110876 ns, Reaching safepoint: 85377 ns, At safepoint: 10286 ns, Total: 95663 ns
[2020-09-11T18:26:12.850+0000][1][safepoint    ] Safepoint "Cleanup", Time since last: 1000109163 ns, Reaching safepoint: 79639 ns, At safepoint: 6738 ns, Total: 86377 ns
[2020-09-11T18:26:13.533+0000][1][safepoint    ] Safepoint "RevokeBias", Time since last: 682774654 ns, Reaching safepoint: 90104 ns, At safepoint: 26169 ns, Total: 116273 ns
[2020-09-11T18:26:14.534+0000][1][safepoint    ] Safepoint "Cleanup", Time since last: 1000112293 ns, Reaching safepoint: 83295 ns, At safepoint: 10188 ns, Total: 93483 ns
[2020-09-11T18:26:15.534+0000][1][safepoint    ] Safepoint "Cleanup", Time since last: 1000113609 ns, Reaching safepoint: 83801 ns, At safepoint: 10248 ns, Total: 94049 ns
[2020-09-11T18:26:15.854+0000][1][safepoint    ] Safepoint "RevokeBias", Time since last: 319818398 ns, Reaching safepoint: 90614 ns, At safepoint: 25983 ns, Total: 116597 ns
[2020-09-11T18:26:15.857+0000][1][safepoint    ] Safepoint "RevokeBias", Time since last: 3478471 ns, Reaching safepoint: 167507 ns, At safepoint: 27000 ns, Total: 194507 ns
[2020-09-11T18:26:16.858+0000][1][safepoint    ] Safepoint "Cleanup", Time since last: 1000112712 ns, Reaching safepoint: 85733 ns, At safepoint: 9805 ns, Total: 95538 ns
[2020-09-11T18:26:17.858+0000][1][safepoint    ] Safepoint "Cleanup", Time since last: 1000119351 ns, Reaching safepoint: 102142 ns, At safepoint: 9894 ns, Total: 112036 ns
[2020-09-11T18:26:18.858+0000][1][safepoint    ] Safepoint "Cleanup", Time since last: 1000115939 ns, Reaching safepoint: 86745 ns, At safepoint: 7458 ns, Total: 94203 ns
[2020-09-11T18:26:20.863+0000][1][safepoint    ] Safepoint "RevokeBias", Time since last: 2004577833 ns, Reaching safepoint: 88515 ns, At safepoint: 26252 ns, Total: 114767 ns
[2020-09-11T18:26:20.866+0000][1][safepoint    ] Safepoint "RevokeBias", Time since last: 3520347 ns, Reaching safepoint: 88060 ns, At safepoint: 23999 ns, Total: 112059 ns
[2020-09-11T18:26:21.867+0000][1][safepoint    ] Safepoint "Cleanup", Time since last: 1000113852 ns, Reaching safepoint: 83342 ns, At safepoint: 7578 ns, Total: 90920 ns
[2020-09-11T18:26:24.550+0000][1][safepoint    ] Safepoint "RevokeBias", Time since last: 2682687444 ns, Reaching safepoint: 249329 ns, At safepoint: 352354 ns, Total: 601683 ns
[2020-09-11T18:26:25.873+0000][1][safepoint    ] Safepoint "RevokeBias", Time since last: 1323255019 ns, Reaching safepoint: 95118 ns, At safepoint: 26420 ns, Total: 121538 ns
[2020-09-11T18:26:25.877+0000][1][safepoint    ] Safepoint "RevokeBias", Time since last: 2974763 ns, Reaching safepoint: 239305 ns, At safepoint: 457341 ns, Total: 696646 ns
[2020-09-11T18:26:26.877+0000][1][safepoint    ] Safepoint "Cleanup", Time since last: 1000112637 ns, Reaching safepoint: 85898 ns, At safepoint: 10632 ns, Total: 96530 ns
[2020-09-11T18:26:27.877+0000][1][safepoint    ] Safepoint "Cleanup", Time since last: 1000114399 ns, Reaching safepoint: 95563 ns, At safepoint: 10947 ns, Total: 106510 ns
[2020-09-11T18:26:28.344+0000][1][gc,start     ] GC(175) Pause Young (Allocation Failure)
[2020-09-11T18:26:28.344+0000][1][gc,task      ] GC(175) Using 1 workers of 1 for evacuation
[2020-09-11T18:26:28.372+0000][1][gc,age       ] GC(175) Desired survivor size 4358144 bytes, new threshold 6 (max threshold 6)
[2020-09-11T18:26:28.372+0000][1][gc,age       ] GC(175) Age table with threshold 6 (max threshold 6)
[2020-09-11T18:26:28.372+0000][1][gc,age       ] GC(175) - age   1:     100040 bytes,     100040 total
[2020-09-11T18:26:28.372+0000][1][gc,age       ] GC(175) - age   2:     222296 bytes,     322336 total
[2020-09-11T18:26:28.372+0000][1][gc,age       ] GC(175) - age   3:     226360 bytes,     548696 total
[2020-09-11T18:26:28.372+0000][1][gc,age       ] GC(175) - age   4:      25480 bytes,     574176 total
[2020-09-11T18:26:28.372+0000][1][gc,age       ] GC(175) - age   5:     669744 bytes,    1243920 total
[2020-09-11T18:26:28.372+0000][1][gc,age       ] GC(175) - age   6:      78368 bytes,    1322288 total
[2020-09-11T18:26:28.372+0000][1][gc,heap      ] GC(175) ParNew: 70638K->1537K(76672K)
[2020-09-11T18:26:28.372+0000][1][gc,heap      ] GC(175) CMS: 148200K->148528K(2011968K)
[2020-09-11T18:26:28.372+0000][1][gc,metaspace ] GC(175) Metaspace: 96394K->96394K(1138688K)
[2020-09-11T18:26:28.372+0000][1][gc           ] GC(175) Pause Young (Allocation Failure) 213M->146M(2039M) 27.741ms
[2020-09-11T18:26:28.372+0000][1][gc,cpu       ] GC(175) User=0.02s Sys=0.00s Real=0.02s
[2020-09-11T18:26:28.377+0000][1][safepoint    ] Safepoint "GenCollectForAllocation", Time since last: 466135078 ns, Reaching safepoint: 709702 ns, At safepoint: 32620235 ns, Total: 33329937 ns
[2020-09-11T18:26:29.383+0000][1][safepoint    ] Safepoint "Cleanup", Time since last: 1006490429 ns, Reaching safepoint: 81441 ns, At safepoint: 7866 ns, Total: 89307 ns
[2020-09-11T18:26:30.384+0000][1][safepoint    ] Safepoint "Cleanup", Time since last: 1000110753 ns, Reaching safepoint: 83216 ns, At safepoint: 8521 ns, Total: 91737 ns
[2020-09-11T18:26:30.889+0000][1][safepoint    ] Safepoint "RevokeBias", Time since last: 504898391 ns, Reaching safepoint: 171149 ns, At safepoint: 23779 ns, Total: 194928 ns
[2020-09-11T18:26:30.892+0000][1][safepoint    ] Safepoint "RevokeBias", Time since last: 2698803 ns, Reaching safepoint: 219444 ns, At safepoint: 300054 ns, Total: 519498 ns
[2020-09-11T18:26:31.892+0000][1][safepoint    ] Safepoint "Cleanup", Time since last: 1000114395 ns, Reaching safepoint: 84020 ns, At safepoint: 8952 ns, Total: 92972 ns
[2020-09-11T18:26:32.892+0000][1][safepoint    ] Safepoint "Cleanup", Time since last: 1000113420 ns, Reaching safepoint: 85601 ns, At safepoint: 9537 ns, Total: 95138 ns
[2020-09-11T18:26:33.892+0000][1][safepoint    ] Safepoint "Cleanup", Time since last: 1000115815 ns, Reaching safepoint: 80461 ns, At safepoint: 6784 ns, Total: 87245 ns
[2020-09-11T18:26:34.893+0000][1][safepoint    ] Safepoint "Cleanup", Time since last: 1000113221 ns, Reaching safepoint: 84409 ns, At safepoint: 7562 ns, Total: 91971 ns
[2020-09-11T18:26:35.567+0000][1][safepoint    ] Safepoint "BulkRevokeBias", Time since last: 674290908 ns, Reaching safepoint: 165954 ns, At safepoint: 247374 ns, Total: 413328 ns
[2020-09-11T18:26:35.896+0000][1][safepoint    ] Safepoint "RevokeBias", Time since last: 328058981 ns, Reaching safepoint: 235862 ns, At safepoint: 361382 ns, Total: 597244 ns
[2020-09-11T18:26:35.900+0000][1][safepoint    ] Safepoint "RevokeBias", Time since last: 3541580 ns, Reaching safepoint: 88388 ns, At safepoint: 36736 ns, Total: 125124 ns
[2020-09-11T18:26:36.900+0000][1][safepoint    ] Safepoint "Cleanup", Time since last: 1000111317 ns, Reaching safepoint: 82019 ns, At safepoint: 23891 ns, Total: 105910 ns
[2020-09-11T18:26:37.905+0000][1][safepoint    ] Safepoint "Cleanup", Time since last: 1004837316 ns, Reaching safepoint: 171583 ns, At safepoint: 9178 ns, Total: 180761 ns
[2020-09-11T18:26:38.905+0000][1][safepoint    ] Safepoint "Cleanup", Time since last: 1000108725 ns, Reaching safepoint: 82659 ns, At safepoint: 7183 ns, Total: 89842 ns
[2020-09-11T18:26:39.905+0000][1][safepoint    ] Safepoint "Cleanup", Time since last: 1000112355 ns, Reaching safepoint: 109456 ns, At safepoint: 8069 ns, Total: 117525 ns
[2020-09-11T18:26:40.906+0000][1][safepoint    ] Safepoint "Cleanup", Time since last: 1000106277 ns, Reaching safepoint: 88399 ns, At safepoint: 10553 ns, Total: 98952 ns
[2020-09-11T18:26:40.924+0000][1][safepoint    ] Safepoint "RevokeBias", Time since last: 18315785 ns, Reaching safepoint: 164576 ns, At safepoint: 21674 ns, Total: 186250 ns
[2020-09-11T18:26:40.927+0000][1][safepoint    ] Safepoint "RevokeBias", Time since last: 2864251 ns, Reaching safepoint: 220049 ns, At safepoint: 255386 ns, Total: 475435 ns
[2020-09-11T18:26:41.928+0000][1][safepoint    ] Safepoint "Cleanup", Time since last: 1000106861 ns, Reaching safepoint: 77151 ns, At safepoint: 8045 ns, Total: 85196 ns
[2020-09-11T18:26:42.873+0000][1][gc,start     ] GC(176) Pause Young (Allocation Failure)
[2020-09-11T18:26:42.873+0000][1][gc,task      ] GC(176) Using 1 workers of 1 for evacuation
[2020-09-11T18:26:42.906+0000][1][gc,age       ] GC(176) Desired survivor size 4358144 bytes, new threshold 6 (max threshold 6)
[2020-09-11T18:26:42.906+0000][1][gc,age       ] GC(176) Age table with threshold 6 (max threshold 6)
[2020-09-11T18:26:42.906+0000][1][gc,age       ] GC(176) - age   1:      84304 bytes,      84304 total
[2020-09-11T18:26:42.906+0000][1][gc,age       ] GC(176) - age   2:      18224 bytes,     102528 total
[2020-09-11T18:26:42.906+0000][1][gc,age       ] GC(176) - age   3:     219096 bytes,     321624 total
[2020-09-11T18:26:42.906+0000][1][gc,age       ] GC(176) - age   4:     226328 bytes,     547952 total
[2020-09-11T18:26:42.906+0000][1][gc,age       ] GC(176) - age   5:      25480 bytes,     573432 total
[2020-09-11T18:26:42.906+0000][1][gc,age       ] GC(176) - age   6:     669472 bytes,    1242904 total
[2020-09-11T18:26:42.906+0000][1][gc,heap      ] GC(176) ParNew: 69697K->1352K(76672K)
[2020-09-11T18:26:42.906+0000][1][gc,heap      ] GC(176) CMS: 148528K->148605K(2011968K)
[2020-09-11T18:26:42.906+0000][1][gc,metaspace ] GC(176) Metaspace: 96428K->96428K(1138688K)
[2020-09-11T18:26:42.906+0000][1][gc           ] GC(176) Pause Young (Allocation Failure) 213M->146M(2039M) 33.138ms
[2020-09-11T18:26:42.906+0000][1][gc,cpu       ] GC(176) User=0.02s Sys=0.00s Real=0.03s
[2020-09-11T18:26:42.911+0000][1][safepoint    ] Safepoint "GenCollectForAllocation", Time since last: 944404526 ns, Reaching safepoint: 808293 ns, At safepoint: 38010677 ns, Total: 38818970 ns
[2020-09-11T18:26:43.921+0000][1][safepoint    ] Safepoint "Cleanup", Time since last: 1009638386 ns, Reaching safepoint: 142521 ns, At safepoint: 23260 ns, Total: 165781 ns
[2020-09-11T18:26:44.921+0000][1][safepoint    ] Safepoint "Cleanup", Time since last: 1000204763 ns, Reaching safepoint: 79583 ns, At safepoint: 20448 ns, Total: 100031 ns
[2020-09-11T18:26:45.923+0000][1][safepoint    ] Safepoint "Cleanup", Time since last: 1001579294 ns, Reaching safepoint: 90312 ns, At safepoint: 19601 ns, Total: 109913 ns
[2020-09-11T18:26:45.932+0000][1][safepoint    ] Safepoint "RevokeBias", Time since last: 8743829 ns, Reaching safepoint: 162495 ns, At safepoint: 33248 ns, Total: 195743 ns
[2020-09-11T18:26:45.934+0000][1][safepoint    ] Safepoint "RevokeBias", Time since last: 2693484 ns, Reaching safepoint: 84242 ns, At safepoint: 33809 ns, Total: 118051 ns
[2020-09-11T18:26:46.582+0000][1][safepoint    ] Safepoint "RevokeBias", Time since last: 647160453 ns, Reaching safepoint: 87706 ns, At safepoint: 32997 ns, Total: 120703 ns
[2020-09-11T18:26:47.582+0000][1][safepoint    ] Safepoint "Cleanup", Time since last: 1000322580 ns, Reaching safepoint: 85645 ns, At safepoint: 9991 ns, Total: 95636 ns
[2020-09-11T18:26:48.582+0000][1][safepoint    ] Safepoint "Cleanup", Time since last: 1000114134 ns, Reaching safepoint: 90191 ns, At safepoint: 7120 ns, Total: 97311 ns
[2020-09-11T18:26:49.612+0000][1][safepoint    ] Safepoint "Cleanup", Time since last: 1029923982 ns, Reaching safepoint: 83090 ns, At safepoint: 9751 ns, Total: 92841 ns
[2020-09-11T18:26:50.613+0000][1][safepoint    ] Safepoint "Cleanup", Time since last: 1000120548 ns, Reaching safepoint: 83638 ns, At safepoint: 9353 ns, Total: 92991 ns
[2020-09-11T18:26:50.938+0000][1][safepoint    ] Safepoint "RevokeBias", Time since last: 325790407 ns, Reaching safepoint: 85370 ns, At safepoint: 22321 ns, Total: 107691 ns
[2020-09-11T18:26:50.944+0000][1][safepoint    ] Safepoint "RevokeBias", Time since last: 5107888 ns, Reaching safepoint: 168587 ns, At safepoint: 22609 ns, Total: 191196 ns
[2020-09-11T18:26:51.944+0000][1][safepoint    ] Safepoint "Cleanup", Time since last: 1000114540 ns, Reaching safepoint: 82214 ns, At safepoint: 7890 ns, Total: 90104 ns
[2020-09-11T18:26:52.944+0000][1][safepoint    ] Safepoint "Cleanup", Time since last: 1000118691 ns, Reaching safepoint: 80717 ns, At safepoint: 7575 ns, Total: 88292 ns
[2020-09-11T18:26:53.944+0000][1][safepoint    ] Safepoint "Cleanup", Time since last: 1000113301 ns, Reaching safepoint: 81861 ns, At safepoint: 9694 ns, Total: 91555 ns
[2020-09-11T18:26:54.945+0000][1][safepoint    ] Safepoint "Cleanup", Time since last: 1000412813 ns, Reaching safepoint: 79072 ns, At safepoint: 6928 ns, Total: 86000 ns
[2020-09-11T18:26:55.945+0000][1][safepoint    ] Safepoint "Cleanup", Time since last: 1000139056 ns, Reaching safepoint: 82336 ns, At safepoint: 9086 ns, Total: 91422 ns
[2020-09-11T18:26:55.948+0000][1][safepoint    ] Safepoint "RevokeBias", Time since last: 2645850 ns, Reaching safepoint: 249847 ns, At safepoint: 315244 ns, Total: 565091 ns
[2020-09-11T18:26:55.952+0000][1][safepoint    ] Safepoint "RevokeBias", Time since last: 3532527 ns, Reaching safepoint: 89336 ns, At safepoint: 25101 ns, Total: 114437 ns
[2020-09-11T18:26:56.952+0000][1][safepoint    ] Safepoint "Cleanup", Time since last: 1000107779 ns, Reaching safepoint: 80685 ns, At safepoint: 7224 ns, Total: 87909 ns
[2020-09-11T18:26:57.597+0000][1][safepoint    ] Safepoint "RevokeBias", Time since last: 644754389 ns, Reaching safepoint: 246917 ns, At safepoint: 308444 ns, Total: 555361 ns
[2020-09-11T18:26:58.598+0000][1][safepoint    ] Safepoint "Cleanup", Time since last: 1000111960 ns, Reaching safepoint: 80255 ns, At safepoint: 7319 ns, Total: 87574 ns
[2020-09-11T18:26:59.598+0000][1][safepoint    ] Safepoint "Cleanup", Time since last: 1000117371 ns, Reaching safepoint: 82989 ns, At safepoint: 9585 ns, Total: 92574 ns
[2020-09-11T18:27:00.598+0000][1][safepoint    ] Safepoint "Cleanup", Time since last: 1000112143 ns, Reaching safepoint: 84979 ns, At safepoint: 10817 ns, Total: 95796 ns
[2020-09-11T18:27:00.714+0000][1][gc,start     ] GC(177) Pause Young (Allocation Failure)
[2020-09-11T18:27:00.714+0000][1][gc,task      ] GC(177) Using 1 workers of 1 for evacuation
[2020-09-11T18:27:00.743+0000][1][gc,age       ] GC(177) Desired survivor size 4358144 bytes, new threshold 6 (max threshold 6)
[2020-09-11T18:27:00.743+0000][1][gc,age       ] GC(177) Age table with threshold 6 (max threshold 6)
[2020-09-11T18:27:00.743+0000][1][gc,age       ] GC(177) - age   1:     329464 bytes,     329464 total
[2020-09-11T18:27:00.743+0000][1][gc,age       ] GC(177) - age   2:      16192 bytes,     345656 total
[2020-09-11T18:27:00.743+0000][1][gc,age       ] GC(177) - age   3:      10376 bytes,     356032 total
[2020-09-11T18:27:00.743+0000][1][gc,age       ] GC(177) - age   4:     219064 bytes,     575096 total
[2020-09-11T18:27:00.743+0000][1][gc,age       ] GC(177) - age   5:     226056 bytes,     801152 total
[2020-09-11T18:27:00.743+0000][1][gc,age       ] GC(177) - age   6:      25480 bytes,     826632 total
[2020-09-11T18:27:00.743+0000][1][gc,heap      ] GC(177) ParNew: 69512K->1248K(76672K)
[2020-09-11T18:27:00.743+0000][1][gc,heap      ] GC(177) CMS: 148605K->149259K(2011968K)
[2020-09-11T18:27:00.743+0000][1][gc,metaspace ] GC(177) Metaspace: 96430K->96430K(1138688K)
[2020-09-11T18:27:00.743+0000][1][gc           ] GC(177) Pause Young (Allocation Failure) 213M->146M(2039M) 29.149ms
[2020-09-11T18:27:00.743+0000][1][gc,cpu       ] GC(177) User=0.01s Sys=0.00s Real=0.03s
[2020-09-11T18:27:00.745+0000][1][safepoint    ] Safepoint "GenCollectForAllocation", Time since last: 113850615 ns, Reaching safepoint: 1933129 ns, At safepoint: 30983443 ns, Total: 32916572 ns
[2020-09-11T18:27:00.965+0000][1][safepoint    ] Safepoint "RevokeBias", Time since last: 220221808 ns, Reaching safepoint: 114527 ns, At safepoint: 40029 ns, Total: 154556 ns
[2020-09-11T18:27:00.975+0000][1][safepoint    ] Safepoint "RevokeBias", Time since last: 10115246 ns, Reaching safepoint: 86203 ns, At safepoint: 37484 ns, Total: 123687 ns
[2020-09-11T18:27:01.976+0000][1][safepoint    ] Safepoint "Cleanup", Time since last: 1000473265 ns, Reaching safepoint: 84246 ns, At safepoint: 22544 ns, Total: 106790 ns
[2020-09-11T18:27:02.976+0000][1][safepoint    ] Safepoint "Cleanup", Time since last: 1000115067 ns, Reaching safepoint: 83808 ns, At safepoint: 22570 ns, Total: 106378 ns
[2020-09-11T18:27:03.976+0000][1][safepoint    ] Safepoint "Cleanup", Time since last: 1000109591 ns, Reaching safepoint: 77797 ns, At safepoint: 18913 ns, Total: 96710 ns
[2020-09-11T18:27:04.981+0000][1][safepoint    ] Safepoint "Cleanup", Time since last: 1004316238 ns, Reaching safepoint: 81741 ns, At safepoint: 8691 ns, Total: 90432 ns
[2020-09-11T18:27:05.980+0000][1][safepoint    ] Safepoint "RevokeBias", Time since last: 998799874 ns, Reaching safepoint: 104195 ns, At safepoint: 26797 ns, Total: 130992 ns
[2020-09-11T18:27:05.983+0000][1][safepoint    ] Safepoint "RevokeBias", Time since last: 3022579 ns, Reaching safepoint: 84310 ns, At safepoint: 25307 ns, Total: 109617 ns
[2020-09-11T18:27:06.985+0000][1][safepoint    ] Safepoint "Cleanup", Time since last: 1001842473 ns, Reaching safepoint: 80057 ns, At safepoint: 7996 ns, Total: 88053 ns
[2020-09-11T18:27:07.985+0000][1][safepoint    ] Safepoint "Cleanup", Time since last: 1000105017 ns, Reaching safepoint: 199864 ns, At safepoint: 9501 ns, Total: 209365 ns
[2020-09-11T18:27:08.613+0000][1][safepoint    ] Safepoint "RevokeBias", Time since last: 628155319 ns, Reaching safepoint: 104135 ns, At safepoint: 25103 ns, Total: 129238 ns
[2020-09-11T18:27:09.614+0000][1][safepoint    ] Safepoint "Cleanup", Time since last: 1000114386 ns, Reaching safepoint: 83532 ns, At safepoint: 8945 ns, Total: 92477 ns
[2020-09-11T18:27:10.614+0000][1][safepoint    ] Safepoint "Cleanup", Time since last: 1000113388 ns, Reaching safepoint: 80131 ns, At safepoint: 9107 ns, Total: 89238 ns
[2020-09-11T18:27:10.991+0000][1][safepoint    ] Safepoint "RevokeBias", Time since last: 377492189 ns, Reaching safepoint: 91994 ns, At safepoint: 48446 ns, Total: 140440 ns
[2020-09-11T18:27:10.995+0000][1][safepoint    ] Safepoint "RevokeBias", Time since last: 2885972 ns, Reaching safepoint: 228979 ns, At safepoint: 306523 ns, Total: 535502 ns
[2020-09-11T18:27:11.995+0000][1][safepoint    ] Safepoint "Cleanup", Time since last: 1000109716 ns, Reaching safepoint: 81473 ns, At safepoint: 8229 ns, Total: 89702 ns
[2020-09-11T18:27:12.995+0000][1][safepoint    ] Safepoint "Cleanup", Time since last: 1000114047 ns, Reaching safepoint: 84007 ns, At safepoint: 9583 ns, Total: 93590 ns
[2020-09-11T18:27:13.996+0000][1][safepoint    ] Safepoint "Cleanup", Time since last: 1000113462 ns, Reaching safepoint: 82615 ns, At safepoint: 9763 ns, Total: 92378 ns
[2020-09-11T18:27:14.996+0000][1][safepoint    ] Safepoint "Cleanup", Time since last: 1000109515 ns, Reaching safepoint: 83896 ns, At safepoint: 9717 ns, Total: 93613 ns
[2020-09-11T18:27:16.002+0000][1][safepoint    ] Safepoint "RevokeBias", Time since last: 1006512901 ns, Reaching safepoint: 169490 ns, At safepoint: 25921 ns, Total: 195411 ns
[2020-09-11T18:27:16.006+0000][1][safepoint    ] Safepoint "RevokeBias", Time since last: 3224518 ns, Reaching safepoint: 91560 ns, At safepoint: 25853 ns, Total: 117413 ns
[2020-09-11T18:27:17.009+0000][1][safepoint    ] Safepoint "Cleanup", Time since last: 1002981813 ns, Reaching safepoint: 111527 ns, At safepoint: 7671 ns, Total: 119198 ns
[2020-09-11T18:27:18.009+0000][1][safepoint    ] Safepoint "Cleanup", Time since last: 1000106999 ns, Reaching safepoint: 104233 ns, At safepoint: 7784 ns, Total: 112017 ns
[2020-09-11T18:27:19.009+0000][1][safepoint    ] Safepoint "Cleanup", Time since last: 1000110123 ns, Reaching safepoint: 90817 ns, At safepoint: 8908 ns, Total: 99725 ns
[2020-09-11T18:27:19.639+0000][1][safepoint    ] Safepoint "RevokeBias", Time since last: 628715669 ns, Reaching safepoint: 222657 ns, At safepoint: 298802 ns, Total: 521459 ns
[2020-09-11T18:27:20.639+0000][1][safepoint    ] Safepoint "Cleanup", Time since last: 1000117730 ns, Reaching safepoint: 90941 ns, At safepoint: 10163 ns, Total: 101104 ns
[2020-09-11T18:27:21.011+0000][1][safepoint    ] Safepoint "RevokeBias", Time since last: 371955234 ns, Reaching safepoint: 90283 ns, At safepoint: 26042 ns, Total: 116325 ns
[2020-09-11T18:27:21.028+0000][1][safepoint    ] Safepoint "RevokeBias", Time since last: 16635627 ns, Reaching safepoint: 83558 ns, At safepoint: 21114 ns, Total: 104672 ns
[2020-09-11T18:27:22.028+0000][1][safepoint    ] Safepoint "Cleanup", Time since last: 1000099759 ns, Reaching safepoint: 84441 ns, At safepoint: 9515 ns, Total: 93956 ns
[2020-09-11T18:27:22.949+0000][1][gc,start     ] GC(178) Pause Young (Allocation Failure)
[2020-09-11T18:27:22.949+0000][1][gc,task      ] GC(178) Using 1 workers of 1 for evacuation
[2020-09-11T18:27:22.980+0000][1][gc,age       ] GC(178) Desired survivor size 4358144 bytes, new threshold 6 (max threshold 6)
[2020-09-11T18:27:22.980+0000][1][gc,age       ] GC(178) Age table with threshold 6 (max threshold 6)
[2020-09-11T18:27:22.980+0000][1][gc,age       ] GC(178) - age   1:      90072 bytes,      90072 total
[2020-09-11T18:27:22.980+0000][1][gc,age       ] GC(178) - age   2:      97816 bytes,     187888 total
[2020-09-11T18:27:22.980+0000][1][gc,age       ] GC(178) - age   3:       9464 bytes,     197352 total
[2020-09-11T18:27:22.980+0000][1][gc,age       ] GC(178) - age   4:       9600 bytes,     206952 total
[2020-09-11T18:27:22.980+0000][1][gc,age       ] GC(178) - age   5:     218936 bytes,     425888 total
[2020-09-11T18:27:22.980+0000][1][gc,age       ] GC(178) - age   6:     226056 bytes,     651944 total
[2020-09-11T18:27:22.980+0000][1][gc,heap      ] GC(178) ParNew: 69408K->917K(76672K)
[2020-09-11T18:27:22.980+0000][1][gc,heap      ] GC(178) CMS: 149259K->149284K(2011968K)
[2020-09-11T18:27:22.980+0000][1][gc,metaspace ] GC(178) Metaspace: 96435K->96435K(1138688K)
[2020-09-11T18:27:22.980+0000][1][gc           ] GC(178) Pause Young (Allocation Failure) 213M->146M(2039M) 30.820ms
[2020-09-11T18:27:22.980+0000][1][gc,cpu       ] GC(178) User=0.02s Sys=0.00s Real=0.03s
[2020-09-11T18:27:22.983+0000][1][safepoint    ] Safepoint "GenCollectForAllocation", Time since last: 918391311 ns, Reaching safepoint: 2680060 ns, At safepoint: 34449398 ns, Total: 37129458 ns
[2020-09-11T18:27:23.985+0000][1][safepoint    ] Safepoint "Cleanup", Time since last: 1001471005 ns, Reaching safepoint: 77930 ns, At safepoint: 20075 ns, Total: 98005 ns
[2020-09-11T18:27:24.987+0000][1][safepoint    ] Safepoint "Cleanup", Time since last: 1001428795 ns, Reaching safepoint: 336433 ns, At safepoint: 11389 ns, Total: 347822 ns
[2020-09-11T18:27:26.031+0000][1][safepoint    ] Safepoint "RevokeBias", Time since last: 1044351285 ns, Reaching safepoint: 221295 ns, At safepoint: 261544 ns, Total: 482839 ns
[2020-09-11T18:27:26.035+0000][1][safepoint    ] Safepoint "RevokeBias", Time since last: 3366433 ns, Reaching safepoint: 87074 ns, At safepoint: 21995 ns, Total: 109069 ns
[2020-09-11T18:27:27.035+0000][1][safepoint    ] Safepoint "Cleanup", Time since last: 1000105499 ns, Reaching safepoint: 82202 ns, At safepoint: 7002 ns, Total: 89204 ns
[2020-09-11T18:27:28.035+0000][1][safepoint    ] Safepoint "Cleanup", Time since last: 1000115574 ns, Reaching safepoint: 84108 ns, At safepoint: 8406 ns, Total: 92514 ns
[2020-09-11T18:27:29.036+0000][1][safepoint    ] Safepoint "Cleanup", Time since last: 1000111815 ns, Reaching safepoint: 92077 ns, At safepoint: 7210 ns, Total: 99287 ns
[2020-09-11T18:27:30.036+0000][1][safepoint    ] Safepoint "Cleanup", Time since last: 1000111747 ns, Reaching safepoint: 80680 ns, At safepoint: 6899 ns, Total: 87579 ns
[2020-09-11T18:27:30.654+0000][1][safepoint    ] Safepoint "RevokeBias", Time since last: 618015873 ns, Reaching safepoint: 231197 ns, At safepoint: 286856 ns, Total: 518053 ns
[2020-09-11T18:27:31.044+0000][1][safepoint    ] Safepoint "RevokeBias", Time since last: 389080413 ns, Reaching safepoint: 166974 ns, At safepoint: 24965 ns, Total: 191939 ns
[2020-09-11T18:27:31.047+0000][1][safepoint    ] Safepoint "RevokeBias", Time since last: 2720438 ns, Reaching safepoint: 226216 ns, At safepoint: 285621 ns, Total: 511837 ns
[2020-09-11T18:27:32.047+0000][1][safepoint    ] Safepoint "Cleanup", Time since last: 1000122122 ns, Reaching safepoint: 83871 ns, At safepoint: 7079 ns, Total: 90950 ns
[2020-09-11T18:27:33.047+0000][1][safepoint    ] Safepoint "Cleanup", Time since last: 1000118371 ns, Reaching safepoint: 83249 ns, At safepoint: 10513 ns, Total: 93762 ns
[2020-09-11T18:27:34.047+0000][1][safepoint    ] Safepoint "Cleanup", Time since last: 1000115859 ns, Reaching safepoint: 84402 ns, At safepoint: 10002 ns, Total: 94404 ns
[2020-09-11T18:27:35.048+0000][1][safepoint    ] Safepoint "Cleanup", Time since last: 1000115783 ns, Reaching safepoint: 83528 ns, At safepoint: 7640 ns, Total: 91168 ns
[2020-09-11T18:27:36.064+0000][1][safepoint    ] Safepoint "RevokeBias", Time since last: 1015796125 ns, Reaching safepoint: 92066 ns, At safepoint: 22093 ns, Total: 114159 ns
[2020-09-11T18:27:36.067+0000][1][safepoint    ] Safepoint "RevokeBias", Time since last: 2733381 ns, Reaching safepoint: 218427 ns, At safepoint: 255283 ns, Total: 473710 ns
[2020-09-11T18:27:38.069+0000][1][safepoint    ] Safepoint "Cleanup", Time since last: 2002004820 ns, Reaching safepoint: 88194 ns, At safepoint: 7653 ns, Total: 95847 ns
[2020-09-11T18:27:38.528+0000][1][gc,start     ] GC(179) Pause Young (Allocation Failure)
[2020-09-11T18:27:38.528+0000][1][gc,task      ] GC(179) Using 1 workers of 1 for evacuation
[2020-09-11T18:27:38.556+0000][1][gc,age       ] GC(179) Desired survivor size 4358144 bytes, new threshold 6 (max threshold 6)
[2020-09-11T18:27:38.556+0000][1][gc,age       ] GC(179) Age table with threshold 6 (max threshold 6)
[2020-09-11T18:27:38.556+0000][1][gc,age       ] GC(179) - age   1:     119216 bytes,     119216 total
[2020-09-11T18:27:38.556+0000][1][gc,age       ] GC(179) - age   2:      14640 bytes,     133856 total
[2020-09-11T18:27:38.556+0000][1][gc,age       ] GC(179) - age   3:      94200 bytes,     228056 total
[2020-09-11T18:27:38.556+0000][1][gc,age       ] GC(179) - age   4:       9368 bytes,     237424 total
[2020-09-11T18:27:38.556+0000][1][gc,age       ] GC(179) - age   5:       9568 bytes,     246992 total
[2020-09-11T18:27:38.556+0000][1][gc,age       ] GC(179) - age   6:     218936 bytes,     465928 total
[2020-09-11T18:27:38.556+0000][1][gc,heap      ] GC(179) ParNew: 69077K->706K(76672K)
[2020-09-11T18:27:38.556+0000][1][gc,heap      ] GC(179) CMS: 149284K->149504K(2011968K)
[2020-09-11T18:27:38.556+0000][1][gc,metaspace ] GC(179) Metaspace: 96440K->96440K(1138688K)
[2020-09-11T18:27:38.556+0000][1][gc           ] GC(179) Pause Young (Allocation Failure) 213M->146M(2039M) 27.615ms
[2020-09-11T18:27:38.556+0000][1][gc,cpu       ] GC(179) User=0.01s Sys=0.00s Real=0.03s
[2020-09-11T18:27:38.563+0000][1][safepoint    ] Safepoint "GenCollectForAllocation", Time since last: 459337464 ns, Reaching safepoint: 175534 ns, At safepoint: 34411402 ns, Total: 34586936 ns
[2020-09-11T18:27:40.573+0000][1][safepoint    ] Safepoint "Cleanup", Time since last: 2010240763 ns, Reaching safepoint: 94192 ns, At safepoint: 10671 ns, Total: 104863 ns
[2020-09-11T18:27:41.073+0000][1][safepoint    ] Safepoint "BulkRevokeBias", Time since last: 498451653 ns, Reaching safepoint: 1338000 ns, At safepoint: 524322 ns, Total: 1862322 ns
[2020-09-11T18:27:41.085+0000][1][safepoint    ] Safepoint "RevokeBias", Time since last: 10900271 ns, Reaching safepoint: 507406 ns, At safepoint: 29433 ns, Total: 536839 ns
[2020-09-11T18:27:41.669+0000][1][safepoint    ] Safepoint "RevokeBias", Time since last: 584151755 ns, Reaching safepoint: 108434 ns, At safepoint: 30395 ns, Total: 138829 ns
[2020-09-11T18:27:46.093+0000][1][safepoint    ] Safepoint "RevokeBias", Time since last: 4423213202 ns, Reaching safepoint: 92715 ns, At safepoint: 27062 ns, Total: 119777 ns
[2020-09-11T18:27:46.095+0000][1][safepoint    ] Safepoint "RevokeBias", Time since last: 2855046 ns, Reaching safepoint: 85312 ns, At safepoint: 24927 ns, Total: 110239 ns
[2020-09-11T18:27:50.096+0000][1][safepoint    ] Safepoint "Cleanup", Time since last: 4000339696 ns, Reaching safepoint: 92075 ns, At safepoint: 9997 ns, Total: 102072 ns
[2020-09-11T18:27:51.100+0000][1][safepoint    ] Safepoint "RevokeBias", Time since last: 1003603957 ns, Reaching safepoint: 88810 ns, At safepoint: 24144 ns, Total: 112954 ns
[2020-09-11T18:27:51.103+0000][1][safepoint    ] Safepoint "RevokeBias", Time since last: 2855315 ns, Reaching safepoint: 84289 ns, At safepoint: 24229 ns, Total: 108518 ns
[2020-09-11T18:27:52.686+0000][1][safepoint    ] Safepoint "RevokeBias", Time since last: 1582950124 ns, Reaching safepoint: 181148 ns, At safepoint: 27186 ns, Total: 208334 ns
[2020-09-11T18:27:55.686+0000][1][safepoint    ] Safepoint "Cleanup", Time since last: 3000262924 ns, Reaching safepoint: 91195 ns, At safepoint: 8961 ns, Total: 100156 ns
[2020-09-11T18:27:56.107+0000][1][safepoint    ] Safepoint "RevokeBias", Time since last: 419930657 ns, Reaching safepoint: 244098 ns, At safepoint: 309572 ns, Total: 553670 ns
[2020-09-11T18:27:56.110+0000][1][safepoint    ] Safepoint "RevokeBias", Time since last: 3480669 ns, Reaching safepoint: 89277 ns, At safepoint: 26208 ns, Total: 115485 ns
[2020-09-11T18:28:01.114+0000][1][safepoint    ] Safepoint "RevokeBias", Time since last: 5003751630 ns, Reaching safepoint: 84995 ns, At safepoint: 20869 ns, Total: 105864 ns
[2020-09-11T18:28:01.120+0000][1][safepoint    ] Safepoint "RevokeBias", Time since last: 5705954 ns, Reaching safepoint: 87151 ns, At safepoint: 25985 ns, Total: 113136 ns
[2020-09-11T18:28:03.021+0000][1][gc,start     ] GC(180) Pause Young (Allocation Failure)
[2020-09-11T18:28:03.021+0000][1][gc,task      ] GC(180) Using 1 workers of 1 for evacuation
[2020-09-11T18:28:03.049+0000][1][gc,age       ] GC(180) Desired survivor size 4358144 bytes, new threshold 6 (max threshold 6)
[2020-09-11T18:28:03.049+0000][1][gc,age       ] GC(180) Age table with threshold 6 (max threshold 6)
[2020-09-11T18:28:03.049+0000][1][gc,age       ] GC(180) - age   1:     285944 bytes,     285944 total
[2020-09-11T18:28:03.049+0000][1][gc,age       ] GC(180) - age   2:      22880 bytes,     308824 total
[2020-09-11T18:28:03.053+0000][1][gc,age       ] GC(180) - age   3:       8064 bytes,     316888 total
[2020-09-11T18:28:03.053+0000][1][gc,age       ] GC(180) - age   4:      93864 bytes,     410752 total
[2020-09-11T18:28:03.053+0000][1][gc,age       ] GC(180) - age   5:       9368 bytes,     420120 total
[2020-09-11T18:28:03.053+0000][1][gc,age       ] GC(180) - age   6:       9568 bytes,     429688 total
[2020-09-11T18:28:03.053+0000][1][gc,heap      ] GC(180) ParNew: 68866K->517K(76672K)
[2020-09-11T18:28:03.053+0000][1][gc,heap      ] GC(180) CMS: 149504K->149718K(2011968K)
[2020-09-11T18:28:03.053+0000][1][gc,metaspace ] GC(180) Metaspace: 96442K->96442K(1138688K)
[2020-09-11T18:28:03.053+0000][1][gc           ] GC(180) Pause Young (Allocation Failure) 213M->146M(2039M) 31.575ms
[2020-09-11T18:28:03.053+0000][1][gc,cpu       ] GC(180) User=0.02s Sys=0.00s Real=0.03s
[2020-09-11T18:28:03.053+0000][1][safepoint    ] Safepoint "GenCollectForAllocation", Time since last: 1901255206 ns, Reaching safepoint: 156066 ns, At safepoint: 31675444 ns, Total: 31831510 ns
[2020-09-11T18:28:03.702+0000][1][safepoint    ] Safepoint "RevokeBias", Time since last: 649187839 ns, Reaching safepoint: 97682 ns, At safepoint: 49060 ns, Total: 146742 ns
[2020-09-11T18:28:06.125+0000][1][safepoint    ] Safepoint "RevokeBias", Time since last: 2422283463 ns, Reaching safepoint: 93035 ns, At safepoint: 37546 ns, Total: 130581 ns
[2020-09-11T18:28:06.128+0000][1][safepoint    ] Safepoint "RevokeBias", Time since last: 2804935 ns, Reaching safepoint: 233300 ns, At safepoint: 363002 ns, Total: 596302 ns
[2020-09-11T18:28:08.129+0000][1][safepoint    ] Safepoint "Cleanup", Time since last: 2000539946 ns, Reaching safepoint: 86888 ns, At safepoint: 31565 ns, Total: 118453 ns
[2020-09-11T18:28:09.129+0000][1][safepoint    ] Safepoint "Cleanup", Time since last: 1000114214 ns, Reaching safepoint: 89687 ns, At safepoint: 10289 ns, Total: 99976 ns
[2020-09-11T18:28:11.129+0000][1][safepoint    ] Safepoint "Cleanup", Time since last: 2000188924 ns, Reaching safepoint: 83733 ns, At safepoint: 9335 ns, Total: 93068 ns
[2020-09-11T18:28:11.133+0000][1][safepoint    ] Safepoint "RevokeBias", Time since last: 3517731 ns, Reaching safepoint: 85350 ns, At safepoint: 29782 ns, Total: 115132 ns
[2020-09-11T18:28:11.142+0000][1][safepoint    ] Safepoint "RevokeBias", Time since last: 9245147 ns, Reaching safepoint: 91431 ns, At safepoint: 26511 ns, Total: 117942 ns
[2020-09-11T18:28:12.142+0000][1][safepoint    ] Safepoint "Cleanup", Time since last: 1000113180 ns, Reaching safepoint: 107149 ns, At safepoint: 10498 ns, Total: 117647 ns
[2020-09-11T18:28:13.143+0000][1][safepoint    ] Safepoint "Cleanup", Time since last: 1000124488 ns, Reaching safepoint: 91900 ns, At safepoint: 10806 ns, Total: 102706 ns
[2020-09-11T18:28:14.143+0000][1][safepoint    ] Safepoint "Cleanup", Time since last: 1000119173 ns, Reaching safepoint: 85511 ns, At safepoint: 9956 ns, Total: 95467 ns
[2020-09-11T18:28:14.718+0000][1][safepoint    ] Safepoint "RevokeBias", Time since last: 574093877 ns, Reaching safepoint: 237091 ns, At safepoint: 339615 ns, Total: 576706 ns
[2020-09-11T18:28:15.718+0000][1][safepoint    ] Safepoint "Cleanup", Time since last: 1000106053 ns, Reaching safepoint: 86953 ns, At safepoint: 10054 ns, Total: 97007 ns
[2020-09-11T18:28:16.148+0000][1][safepoint    ] Safepoint "RevokeBias", Time since last: 429777336 ns, Reaching safepoint: 168165 ns, At safepoint: 27433 ns, Total: 195598 ns
[2020-09-11T18:28:16.151+0000][1][safepoint    ] Safepoint "RevokeBias", Time since last: 2835830 ns, Reaching safepoint: 85225 ns, At safepoint: 25288 ns, Total: 110513 ns
[2020-09-11T18:28:17.151+0000][1][safepoint    ] Safepoint "Cleanup", Time since last: 1000116677 ns, Reaching safepoint: 84467 ns, At safepoint: 9919 ns, Total: 94386 ns
[2020-09-11T18:28:18.151+0000][1][safepoint    ] Safepoint "Cleanup", Time since last: 1000123885 ns, Reaching safepoint: 97544 ns, At safepoint: 10957 ns, Total: 108501 ns
[2020-09-11T18:28:18.445+0000][1][gc,start     ] GC(181) Pause Young (Allocation Failure)
[2020-09-11T18:28:18.445+0000][1][gc,task      ] GC(181) Using 1 workers of 1 for evacuation
[2020-09-11T18:28:18.477+0000][1][gc,age       ] GC(181) Desired survivor size 4358144 bytes, new threshold 6 (max threshold 6)
[2020-09-11T18:28:18.477+0000][1][gc,age       ] GC(181) Age table with threshold 6 (max threshold 6)
[2020-09-11T18:28:18.477+0000][1][gc,age       ] GC(181) - age   1:     741872 bytes,     741872 total
[2020-09-11T18:28:18.477+0000][1][gc,age       ] GC(181) - age   2:     214520 bytes,     956392 total
[2020-09-11T18:28:18.477+0000][1][gc,age       ] GC(181) - age   3:      20576 bytes,     976968 total
[2020-09-11T18:28:18.477+0000][1][gc,age       ] GC(181) - age   4:       7832 bytes,     984800 total
[2020-09-11T18:28:18.477+0000][1][gc,age       ] GC(181) - age   5:      93864 bytes,    1078664 total
[2020-09-11T18:28:18.477+0000][1][gc,age       ] GC(181) - age   6:       9368 bytes,    1088032 total
[2020-09-11T18:28:18.477+0000][1][gc,heap      ] GC(181) ParNew: 68677K->1332K(76672K)
[2020-09-11T18:28:18.477+0000][1][gc,heap      ] GC(181) CMS: 149718K->149728K(2011968K)
[2020-09-11T18:28:18.477+0000][1][gc,metaspace ] GC(181) Metaspace: 96443K->96443K(1138688K)
[2020-09-11T18:28:18.477+0000][1][gc           ] GC(181) Pause Young (Allocation Failure) 213M->147M(2039M) 31.407ms
[2020-09-11T18:28:18.477+0000][1][gc,cpu       ] GC(181) User=0.02s Sys=0.00s Real=0.03s
[2020-09-11T18:28:18.478+0000][1][safepoint    ] Safepoint "GenCollectForAllocation", Time since last: 293932120 ns, Reaching safepoint: 162049 ns, At safepoint: 33095832 ns, Total: 33257881 ns
[2020-09-11T18:28:19.489+0000][1][safepoint    ] Safepoint "Cleanup", Time since last: 1010582034 ns, Reaching safepoint: 85014 ns, At safepoint: 7888 ns, Total: 92902 ns
[2020-09-11T18:28:20.489+0000][1][safepoint    ] Safepoint "Cleanup", Time since last: 1000111247 ns, Reaching safepoint: 85042 ns, At safepoint: 9087 ns, Total: 94129 ns
[2020-09-11T18:28:21.158+0000][1][safepoint    ] Safepoint "RevokeBias", Time since last: 668400278 ns, Reaching safepoint: 96847 ns, At safepoint: 27747 ns, Total: 124594 ns
[2020-09-11T18:28:21.161+0000][1][safepoint    ] Safepoint "RevokeBias", Time since last: 2885212 ns, Reaching safepoint: 83178 ns, At safepoint: 43048 ns, Total: 126226 ns
[2020-09-11T18:28:22.161+0000][1][safepoint    ] Safepoint "Cleanup", Time since last: 1000108840 ns, Reaching safepoint: 81665 ns, At safepoint: 8892 ns, Total: 90557 ns
[2020-09-11T18:28:23.161+0000][1][safepoint    ] Safepoint "Cleanup", Time since last: 1000110228 ns, Reaching safepoint: 88908 ns, At safepoint: 9316 ns, Total: 98224 ns
[2020-09-11T18:28:24.161+0000][1][safepoint    ] Safepoint "Cleanup", Time since last: 1000129594 ns, Reaching safepoint: 85009 ns, At safepoint: 9150 ns, Total: 94159 ns
[2020-09-11T18:28:25.162+0000][1][safepoint    ] Safepoint "Cleanup", Time since last: 1000111546 ns, Reaching safepoint: 83434 ns, At safepoint: 7775 ns, Total: 91209 ns
[2020-09-11T18:28:25.734+0000][1][safepoint    ] Safepoint "RevokeBias", Time since last: 572160171 ns, Reaching safepoint: 173784 ns, At safepoint: 23756 ns, Total: 197540 ns
[2020-09-11T18:28:26.165+0000][1][safepoint    ] Safepoint "RevokeBias", Time since last: 430257846 ns, Reaching safepoint: 228187 ns, At safepoint: 324844 ns, Total: 553031 ns
[2020-09-11T18:28:26.168+0000][1][safepoint    ] Safepoint "RevokeBias", Time since last: 3569588 ns, Reaching safepoint: 88269 ns, At safepoint: 24376 ns, Total: 112645 ns
[2020-09-11T18:28:27.169+0000][1][safepoint    ] Safepoint "Cleanup", Time since last: 1000107676 ns, Reaching safepoint: 82131 ns, At safepoint: 8974 ns, Total: 91105 ns
[2020-09-11T18:28:28.169+0000][1][safepoint    ] Safepoint "Cleanup", Time since last: 1000119278 ns, Reaching safepoint: 80835 ns, At safepoint: 7501 ns, Total: 88336 ns
[2020-09-11T18:28:29.169+0000][1][safepoint    ] Safepoint "Cleanup", Time since last: 1000114075 ns, Reaching safepoint: 81556 ns, At safepoint: 7412 ns, Total: 88968 ns
[2020-09-11T18:28:30.169+0000][1][safepoint    ] Safepoint "Cleanup", Time since last: 1000107999 ns, Reaching safepoint: 78946 ns, At safepoint: 6708 ns, Total: 85654 ns
[2020-09-11T18:28:31.169+0000][1][safepoint    ] Safepoint "Cleanup", Time since last: 1000112194 ns, Reaching safepoint: 81166 ns, At safepoint: 7214 ns, Total: 88380 ns
[2020-09-11T18:28:31.172+0000][1][safepoint    ] Safepoint "RevokeBias", Time since last: 2544352 ns, Reaching safepoint: 90174 ns, At safepoint: 22628 ns, Total: 112802 ns
[2020-09-11T18:28:31.177+0000][1][safepoint    ] Safepoint "RevokeBias", Time since last: 4430989 ns, Reaching safepoint: 88242 ns, At safepoint: 22400 ns, Total: 110642 ns
[2020-09-11T18:28:32.177+0000][1][safepoint    ] Safepoint "Cleanup", Time since last: 1000114911 ns, Reaching safepoint: 85293 ns, At safepoint: 9618 ns, Total: 94911 ns
[2020-09-11T18:28:33.177+0000][1][safepoint    ] Safepoint "Cleanup", Time since last: 1000117174 ns, Reaching safepoint: 83880 ns, At safepoint: 9295 ns, Total: 93175 ns
[2020-09-11T18:28:34.177+0000][1][safepoint    ] Safepoint "Cleanup", Time since last: 1000111212 ns, Reaching safepoint: 85144 ns, At safepoint: 9234 ns, Total: 94378 ns
[2020-09-11T18:28:35.178+0000][1][safepoint    ] Safepoint "Cleanup", Time since last: 1000112601 ns, Reaching safepoint: 99595 ns, At safepoint: 7489 ns, Total: 107084 ns
[2020-09-11T18:28:36.178+0000][1][safepoint    ] Safepoint "Cleanup", Time since last: 1000120597 ns, Reaching safepoint: 87034 ns, At safepoint: 9916 ns, Total: 96950 ns
[2020-09-11T18:28:36.186+0000][1][safepoint    ] Safepoint "RevokeBias", Time since last: 7950157 ns, Reaching safepoint: 240044 ns, At safepoint: 322867 ns, Total: 562911 ns
[2020-09-11T18:28:36.190+0000][1][safepoint    ] Safepoint "RevokeBias", Time since last: 3686655 ns, Reaching safepoint: 88295 ns, At safepoint: 23887 ns, Total: 112182 ns
[2020-09-11T18:28:36.750+0000][1][safepoint    ] Safepoint "RevokeBias", Time since last: 559220672 ns, Reaching safepoint: 231415 ns, At safepoint: 309533 ns, Total: 540948 ns
[2020-09-11T18:28:37.750+0000][1][safepoint    ] Safepoint "Cleanup", Time since last: 1000343473 ns, Reaching safepoint: 99271 ns, At safepoint: 8437 ns, Total: 107708 ns
[2020-09-11T18:28:38.649+0000][1][gc,start     ] GC(182) Pause Young (Allocation Failure)
[2020-09-11T18:28:38.649+0000][1][gc,task      ] GC(182) Using 1 workers of 1 for evacuation
[2020-09-11T18:28:38.678+0000][1][gc,age       ] GC(182) Desired survivor size 4358144 bytes, new threshold 6 (max threshold 6)
[2020-09-11T18:28:38.678+0000][1][gc,age       ] GC(182) Age table with threshold 6 (max threshold 6)
[2020-09-11T18:28:38.678+0000][1][gc,age       ] GC(182) - age   1:     359432 bytes,     359432 total
[2020-09-11T18:28:38.678+0000][1][gc,age       ] GC(182) - age   2:     652264 bytes,    1011696 total
[2020-09-11T18:28:38.678+0000][1][gc,age       ] GC(182) - age   3:     204472 bytes,    1216168 total
[2020-09-11T18:28:38.678+0000][1][gc,age       ] GC(182) - age   4:      20576 bytes,    1236744 total
[2020-09-11T18:28:38.678+0000][1][gc,age       ] GC(182) - age   5:       7768 bytes,    1244512 total
[2020-09-11T18:28:38.678+0000][1][gc,age       ] GC(182) - age   6:      93552 bytes,    1338064 total
[2020-09-11T18:28:38.678+0000][1][gc,heap      ] GC(182) ParNew: 69492K->1815K(76672K)
[2020-09-11T18:28:38.678+0000][1][gc,heap      ] GC(182) CMS: 149728K->149737K(2011968K)
[2020-09-11T18:28:38.678+0000][1][gc,metaspace ] GC(182) Metaspace: 96453K->96453K(1138688K)
[2020-09-11T18:28:38.678+0000][1][gc           ] GC(182) Pause Young (Allocation Failure) 214M->148M(2039M) 29.000ms
[2020-09-11T18:28:38.678+0000][1][gc,cpu       ] GC(182) User=0.01s Sys=0.00s Real=0.03s
[2020-09-11T18:28:38.689+0000][1][safepoint    ] Safepoint "GenCollectForAllocation", Time since last: 898541725 ns, Reaching safepoint: 200360 ns, At safepoint: 39823710 ns, Total: 40024070 ns
[2020-09-11T18:28:39.697+0000][1][safepoint    ] Safepoint "Cleanup", Time since last: 1008051724 ns, Reaching safepoint: 82439 ns, At safepoint: 7242 ns, Total: 89681 ns
[2020-09-11T18:28:40.698+0000][1][safepoint    ] Safepoint "Cleanup", Time since last: 1000454704 ns, Reaching safepoint: 180574 ns, At safepoint: 11066 ns, Total: 191640 ns
[2020-09-11T18:28:41.194+0000][1][safepoint    ] Safepoint "RevokeBias", Time since last: 496011410 ns, Reaching safepoint: 231516 ns, At safepoint: 307852 ns, Total: 539368 ns
[2020-09-11T18:28:41.198+0000][1][safepoint    ] Safepoint "RevokeBias", Time since last: 3937654 ns, Reaching safepoint: 91221 ns, At safepoint: 22958 ns, Total: 114179 ns
[2020-09-11T18:28:42.198+0000][1][safepoint    ] Safepoint "Cleanup", Time since last: 1000143144 ns, Reaching safepoint: 91184 ns, At safepoint: 11207 ns, Total: 102391 ns
[2020-09-11T18:28:43.199+0000][1][safepoint    ] Safepoint "Cleanup", Time since last: 1000110703 ns, Reaching safepoint: 103218 ns, At safepoint: 9055 ns, Total: 112273 ns
[2020-09-11T18:28:44.199+0000][1][safepoint    ] Safepoint "Cleanup", Time since last: 1000107278 ns, Reaching safepoint: 85090 ns, At safepoint: 9026 ns, Total: 94116 ns
[2020-09-11T18:28:45.199+0000][1][safepoint    ] Safepoint "Cleanup", Time since last: 1000111075 ns, Reaching safepoint: 89660 ns, At safepoint: 9020 ns, Total: 98680 ns
[2020-09-11T18:28:46.199+0000][1][safepoint    ] Safepoint "Cleanup", Time since last: 1000117131 ns, Reaching safepoint: 87367 ns, At safepoint: 9239 ns, Total: 96606 ns
[2020-09-11T18:28:46.204+0000][1][safepoint    ] Safepoint "BulkRevokeBias", Time since last: 4655948 ns, Reaching safepoint: 87746 ns, At safepoint: 254896 ns, Total: 342642 ns
[2020-09-11T18:28:46.208+0000][1][safepoint    ] Safepoint "RevokeBias", Time since last: 3494887 ns, Reaching safepoint: 170491 ns, At safepoint: 24605 ns, Total: 195096 ns
[2020-09-11T18:28:47.208+0000][1][safepoint    ] Safepoint "Cleanup", Time since last: 1000113805 ns, Reaching safepoint: 83949 ns, At safepoint: 8714 ns, Total: 92663 ns
[2020-09-11T18:28:47.766+0000][1][safepoint    ] Safepoint "RevokeBias", Time since last: 558120501 ns, Reaching safepoint: 81821 ns, At safepoint: 20080 ns, Total: 101901 ns
[2020-09-11T18:28:48.767+0000][1][safepoint    ] Safepoint "Cleanup", Time since last: 1000109162 ns, Reaching safepoint: 87624 ns, At safepoint: 10039 ns, Total: 97663 ns
[2020-09-11T18:28:49.767+0000][1][safepoint    ] Safepoint "Cleanup", Time since last: 1000121161 ns, Reaching safepoint: 95451 ns, At safepoint: 9544 ns, Total: 104995 ns
[2020-09-11T18:28:50.767+0000][1][safepoint    ] Safepoint "Cleanup", Time since last: 1000134574 ns, Reaching safepoint: 86732 ns, At safepoint: 8227 ns, Total: 94959 ns
[2020-09-11T18:28:51.216+0000][1][safepoint    ] Safepoint "RevokeBias", Time since last: 449189376 ns, Reaching safepoint: 89687 ns, At safepoint: 24833 ns, Total: 114520 ns
[2020-09-11T18:28:51.219+0000][1][safepoint    ] Safepoint "RevokeBias", Time since last: 2932525 ns, Reaching safepoint: 84806 ns, At safepoint: 25270 ns, Total: 110076 ns
[2020-09-11T18:28:52.220+0000][1][safepoint    ] Safepoint "Cleanup", Time since last: 1000112226 ns, Reaching safepoint: 81511 ns, At safepoint: 9182 ns, Total: 90693 ns
[2020-09-11T18:28:53.220+0000][1][safepoint    ] Safepoint "Cleanup", Time since last: 1000110869 ns, Reaching safepoint: 84300 ns, At safepoint: 9754 ns, Total: 94054 ns
[2020-09-11T18:28:54.220+0000][1][safepoint    ] Safepoint "Cleanup", Time since last: 1000110968 ns, Reaching safepoint: 84695 ns, At safepoint: 9169 ns, Total: 93864 ns
[2020-09-11T18:28:55.220+0000][1][safepoint    ] Safepoint "Cleanup", Time since last: 1000114168 ns, Reaching safepoint: 77978 ns, At safepoint: 6700 ns, Total: 84678 ns
[2020-09-11T18:28:56.228+0000][1][safepoint    ] Safepoint "RevokeBias", Time since last: 1007187987 ns, Reaching safepoint: 186396 ns, At safepoint: 27236 ns, Total: 213632 ns
[2020-09-11T18:28:56.231+0000][1][safepoint    ] Safepoint "RevokeBias", Time since last: 2846711 ns, Reaching safepoint: 226960 ns, At safepoint: 325719 ns, Total: 552679 ns
[2020-09-11T18:28:58.217+0000][1][safepoint    ] Safepoint "Cleanup", Time since last: 1985797496 ns, Reaching safepoint: 89883 ns, At safepoint: 7719 ns, Total: 97602 ns
[2020-09-11T18:28:58.372+0000][1][gc,start     ] GC(183) Pause Young (Allocation Failure)
[2020-09-11T18:28:58.372+0000][1][gc,task      ] GC(183) Using 1 workers of 1 for evacuation
[2020-09-11T18:28:58.401+0000][1][gc,age       ] GC(183) Desired survivor size 4358144 bytes, new threshold 6 (max threshold 6)
[2020-09-11T18:28:58.401+0000][1][gc,age       ] GC(183) Age table with threshold 6 (max threshold 6)
[2020-09-11T18:28:58.401+0000][1][gc,age       ] GC(183) - age   1:     116152 bytes,     116152 total
[2020-09-11T18:28:58.401+0000][1][gc,age       ] GC(183) - age   2:     185464 bytes,     301616 total
[2020-09-11T18:28:58.401+0000][1][gc,age       ] GC(183) - age   3:     647568 bytes,     949184 total
[2020-09-11T18:28:58.401+0000][1][gc,age       ] GC(183) - age   4:     204472 bytes,    1153656 total
[2020-09-11T18:28:58.401+0000][1][gc,age       ] GC(183) - age   5:      20576 bytes,    1174232 total
[2020-09-11T18:28:58.401+0000][1][gc,age       ] GC(183) - age   6:       7768 bytes,    1182000 total
[2020-09-11T18:28:58.401+0000][1][gc,heap      ] GC(183) ParNew: 69975K->1207K(76672K)
[2020-09-11T18:28:58.401+0000][1][gc,heap      ] GC(183) CMS: 149737K->149828K(2011968K)
[2020-09-11T18:28:58.401+0000][1][gc,metaspace ] GC(183) Metaspace: 96460K->96460K(1138688K)
[2020-09-11T18:28:58.401+0000][1][gc           ] GC(183) Pause Young (Allocation Failure) 214M->147M(2039M) 28.835ms
[2020-09-11T18:28:58.401+0000][1][gc,cpu       ] GC(183) User=0.01s Sys=0.00s Real=0.04s
[2020-09-11T18:28:58.401+0000][1][safepoint    ] Safepoint "GenCollectForAllocation", Time since last: 153433968 ns, Reaching safepoint: 1761336 ns, At safepoint: 28901903 ns, Total: 30663239 ns
[2020-09-11T18:28:58.782+0000][1][safepoint    ] Safepoint "RevokeBias", Time since last: 380362972 ns, Reaching safepoint: 95487 ns, At safepoint: 22392 ns, Total: 117879 ns
[2020-09-11T18:28:59.782+0000][1][safepoint    ] Safepoint "Cleanup", Time since last: 1000111163 ns, Reaching safepoint: 81935 ns, At safepoint: 9443 ns, Total: 91378 ns
[2020-09-11T18:29:00.782+0000][1][safepoint    ] Safepoint "Cleanup", Time since last: 1000111402 ns, Reaching safepoint: 81821 ns, At safepoint: 6945 ns, Total: 88766 ns
[2020-09-11T18:29:01.243+0000][1][safepoint    ] Safepoint "RevokeBias", Time since last: 461100322 ns, Reaching safepoint: 80727 ns, At safepoint: 22212 ns, Total: 102939 ns
[2020-09-11T18:29:01.246+0000][1][safepoint    ] Safepoint "RevokeBias", Time since last: 3168032 ns, Reaching safepoint: 87577 ns, At safepoint: 22985 ns, Total: 110562 ns
[2020-09-11T18:29:02.247+0000][1][safepoint    ] Safepoint "Cleanup", Time since last: 1000127930 ns, Reaching safepoint: 82878 ns, At safepoint: 7539 ns, Total: 90417 ns
[2020-09-11T18:29:03.247+0000][1][safepoint    ] Safepoint "Cleanup", Time since last: 1000111126 ns, Reaching safepoint: 81410 ns, At safepoint: 7868 ns, Total: 89278 ns
[2020-09-11T18:29:06.250+0000][1][safepoint    ] Safepoint "RevokeBias", Time since last: 3003028136 ns, Reaching safepoint: 89965 ns, At safepoint: 25954 ns, Total: 115919 ns
[2020-09-11T18:29:06.254+0000][1][safepoint    ] Safepoint "RevokeBias", Time since last: 3468932 ns, Reaching safepoint: 89057 ns, At safepoint: 25144 ns, Total: 114201 ns
[2020-09-11T18:29:09.806+0000][1][safepoint    ] Safepoint "RevokeBias", Time since last: 3552192991 ns, Reaching safepoint: 161578 ns, At safepoint: 22902 ns, Total: 184480 ns
[2020-09-11T18:29:11.262+0000][1][safepoint    ] Safepoint "RevokeBias", Time since last: 1455135960 ns, Reaching safepoint: 222565 ns, At safepoint: 252971 ns, Total: 475536 ns
[2020-09-11T18:29:11.265+0000][1][safepoint    ] Safepoint "RevokeBias", Time since last: 3243179 ns, Reaching safepoint: 87579 ns, At safepoint: 21477 ns, Total: 109056 ns
[2020-09-11T18:29:16.268+0000][1][safepoint    ] Safepoint "RevokeBias", Time since last: 5003427837 ns, Reaching safepoint: 99298 ns, At safepoint: 36278 ns, Total: 135576 ns
[2020-09-11T18:29:16.278+0000][1][safepoint    ] Safepoint "RevokeBias", Time since last: 9198575 ns, Reaching safepoint: 93892 ns, At safepoint: 26140 ns, Total: 120032 ns
[2020-09-11T18:29:18.525+0000][1][gc,start     ] GC(184) Pause Young (Allocation Failure)
[2020-09-11T18:29:18.525+0000][1][gc,task      ] GC(184) Using 1 workers of 1 for evacuation
[2020-09-11T18:29:18.553+0000][1][gc,age       ] GC(184) Desired survivor size 4358144 bytes, new threshold 6 (max threshold 6)
[2020-09-11T18:29:18.557+0000][1][gc,age       ] GC(184) Age table with threshold 6 (max threshold 6)
[2020-09-11T18:29:18.557+0000][1][gc,age       ] GC(184) - age   1:     452880 bytes,     452880 total
[2020-09-11T18:29:18.557+0000][1][gc,age       ] GC(184) - age   2:      18472 bytes,     471352 total
[2020-09-11T18:29:18.557+0000][1][gc,age       ] GC(184) - age   3:     182232 bytes,     653584 total
[2020-09-11T18:29:18.557+0000][1][gc,age       ] GC(184) - age   4:     647040 bytes,    1300624 total
[2020-09-11T18:29:18.557+0000][1][gc,age       ] GC(184) - age   5:     204376 bytes,    1505000 total
[2020-09-11T18:29:18.557+0000][1][gc,age       ] GC(184) - age   6:      20536 bytes,    1525536 total
[2020-09-11T18:29:18.557+0000][1][gc,heap      ] GC(184) ParNew: 69367K->2334K(76672K)
[2020-09-11T18:29:18.557+0000][1][gc,heap      ] GC(184) CMS: 149828K->149836K(2011968K)
[2020-09-11T18:29:18.557+0000][1][gc,metaspace ] GC(184) Metaspace: 96474K->96474K(1138688K)
[2020-09-11T18:29:18.557+0000][1][gc           ] GC(184) Pause Young (Allocation Failure) 214M->148M(2039M) 32.315ms
[2020-09-11T18:29:18.557+0000][1][gc,cpu       ] GC(184) User=0.01s Sys=0.01s Real=0.03s
[2020-09-11T18:29:18.557+0000][1][safepoint    ] Safepoint "GenCollectForAllocation", Time since last: 2244055338 ns, Reaching safepoint: 2769833 ns, At safepoint: 32383758 ns, Total: 35153591 ns
[2020-09-11T18:29:20.830+0000][1][safepoint    ] Safepoint "RevokeBias", Time since last: 2272872698 ns, Reaching safepoint: 86050 ns, At safepoint: 22301 ns, Total: 108351 ns
[2020-09-11T18:29:21.289+0000][1][safepoint    ] Safepoint "RevokeBias", Time since last: 459039886 ns, Reaching safepoint: 89635 ns, At safepoint: 25870 ns, Total: 115505 ns
[2020-09-11T18:29:21.295+0000][1][safepoint    ] Safepoint "RevokeBias", Time since last: 6152571 ns, Reaching safepoint: 87804 ns, At safepoint: 26155 ns, Total: 113959 ns
[2020-09-11T18:29:26.306+0000][1][safepoint    ] Safepoint "RevokeBias", Time since last: 5009962276 ns, Reaching safepoint: 174062 ns, At safepoint: 26320 ns, Total: 200382 ns
[2020-09-11T18:29:26.309+0000][1][safepoint    ] Safepoint "RevokeBias", Time since last: 2788188 ns, Reaching safepoint: 246592 ns, At safepoint: 353984 ns, Total: 600576 ns
[2020-09-11T18:29:31.309+0000][1][safepoint    ] Safepoint "Cleanup", Time since last: 5000424503 ns, Reaching safepoint: 88022 ns, At safepoint: 7572 ns, Total: 95594 ns
[2020-09-11T18:29:31.313+0000][1][safepoint    ] Safepoint "RevokeBias", Time since last: 3455818 ns, Reaching safepoint: 160220 ns, At safepoint: 23203 ns, Total: 183423 ns
[2020-09-11T18:29:31.316+0000][1][safepoint    ] Safepoint "RevokeBias", Time since last: 2566082 ns, Reaching safepoint: 228228 ns, At safepoint: 258160 ns, Total: 486388 ns
[2020-09-11T18:29:31.846+0000][1][safepoint    ] Safepoint "RevokeBias", Time since last: 529640420 ns, Reaching safepoint: 100714 ns, At safepoint: 34108 ns, Total: 134822 ns
[2020-09-11T18:29:36.320+0000][1][safepoint    ] Safepoint "RevokeBias", Time since last: 4473661137 ns, Reaching safepoint: 90269 ns, At safepoint: 26143 ns, Total: 116412 ns
[2020-09-11T18:29:36.323+0000][1][safepoint    ] Safepoint "RevokeBias", Time since last: 3355618 ns, Reaching safepoint: 170191 ns, At safepoint: 26219 ns, Total: 196410 ns
[2020-09-11T18:29:38.353+0000][1][gc,start     ] GC(185) Pause Young (Allocation Failure)
[2020-09-11T18:29:38.353+0000][1][gc,task      ] GC(185) Using 1 workers of 1 for evacuation
[2020-09-11T18:29:38.380+0000][1][gc,age       ] GC(185) Desired survivor size 4358144 bytes, new threshold 6 (max threshold 6)
[2020-09-11T18:29:38.380+0000][1][gc,age       ] GC(185) Age table with threshold 6 (max threshold 6)
[2020-09-11T18:29:38.380+0000][1][gc,age       ] GC(185) - age   1:     292736 bytes,     292736 total
[2020-09-11T18:29:38.380+0000][1][gc,age       ] GC(185) - age   2:     272536 bytes,     565272 total
[2020-09-11T18:29:38.380+0000][1][gc,age       ] GC(185) - age   3:      13432 bytes,     578704 total
[2020-09-11T18:29:38.380+0000][1][gc,age       ] GC(185) - age   4:     181960 bytes,     760664 total
[2020-09-11T18:29:38.380+0000][1][gc,age       ] GC(185) - age   5:     647040 bytes,    1407704 total
[2020-09-11T18:29:38.380+0000][1][gc,age       ] GC(185) - age   6:     204376 bytes,    1612080 total
[2020-09-11T18:29:38.380+0000][1][gc,heap      ] GC(185) ParNew: 70494K->2818K(76672K)
[2020-09-11T18:29:38.380+0000][1][gc,heap      ] GC(185) CMS: 149836K->149856K(2011968K)
[2020-09-11T18:29:38.380+0000][1][gc,metaspace ] GC(185) Metaspace: 96630K->96630K(1138688K)
[2020-09-11T18:29:38.380+0000][1][gc           ] GC(185) Pause Young (Allocation Failure) 215M->149M(2039M) 26.639ms
[2020-09-11T18:29:38.380+0000][1][gc,cpu       ] GC(185) User=0.02s Sys=0.00s Real=0.02s
[2020-09-11T18:29:38.385+0000][1][safepoint    ] Safepoint "GenCollectForAllocation", Time since last: 2029822371 ns, Reaching safepoint: 160082 ns, At safepoint: 31601756 ns, Total: 31761838 ns
[2020-09-11T18:29:41.336+0000][1][safepoint    ] Safepoint "RevokeBias", Time since last: 2951308138 ns, Reaching safepoint: 107241 ns, At safepoint: 26961 ns, Total: 134202 ns
[2020-09-11T18:29:41.340+0000][1][safepoint    ] Safepoint "RevokeBias", Time since last: 2958218 ns, Reaching safepoint: 229876 ns, At safepoint: 308465 ns, Total: 538341 ns
[2020-09-11T18:29:42.862+0000][1][safepoint    ] Safepoint "RevokeBias", Time since last: 1521692722 ns, Reaching safepoint: 87762 ns, At safepoint: 22819 ns, Total: 110581 ns
[2020-09-11T18:29:43.862+0000][1][safepoint    ] Safepoint "Cleanup", Time since last: 1000112812 ns, Reaching safepoint: 88412 ns, At safepoint: 7246 ns, Total: 95658 ns
[2020-09-11T18:29:45.862+0000][1][safepoint    ] Safepoint "Cleanup", Time since last: 2000185632 ns, Reaching safepoint: 102814 ns, At safepoint: 10126 ns, Total: 112940 ns
[2020-09-11T18:29:46.344+0000][1][safepoint    ] Safepoint "RevokeBias", Time since last: 481957809 ns, Reaching safepoint: 87538 ns, At safepoint: 49421 ns, Total: 136959 ns
[2020-09-11T18:29:46.348+0000][1][safepoint    ] Safepoint "RevokeBias", Time since last: 3397321 ns, Reaching safepoint: 171741 ns, At safepoint: 25816 ns, Total: 197557 ns
[2020-09-11T18:29:51.356+0000][1][safepoint    ] Safepoint "BulkRevokeBias", Time since last: 5007522271 ns, Reaching safepoint: 90060 ns, At safepoint: 243764 ns, Total: 333824 ns
[2020-09-11T18:29:51.359+0000][1][safepoint    ] Safepoint "RevokeBias", Time since last: 3557000 ns, Reaching safepoint: 86970 ns, At safepoint: 24052 ns, Total: 111022 ns
[2020-09-11T18:29:53.880+0000][1][safepoint    ] Safepoint "RevokeBias", Time since last: 2520849716 ns, Reaching safepoint: 90958 ns, At safepoint: 25902 ns, Total: 116860 ns
[2020-09-11T18:29:56.364+0000][1][safepoint    ] Safepoint "RevokeBias", Time since last: 2483847093 ns, Reaching safepoint: 90421 ns, At safepoint: 23711 ns, Total: 114132 ns
[2020-09-11T18:29:56.367+0000][1][safepoint    ] Safepoint "RevokeBias", Time since last: 2703740 ns, Reaching safepoint: 221821 ns, At safepoint: 255445 ns, Total: 477266 ns
[2020-09-11T18:29:58.485+0000][1][gc,start     ] GC(186) Pause Young (Allocation Failure)
[2020-09-11T18:29:58.485+0000][1][gc,task      ] GC(186) Using 1 workers of 1 for evacuation
[2020-09-11T18:29:58.516+0000][1][gc,age       ] GC(186) Desired survivor size 4358144 bytes, new threshold 6 (max threshold 6)
[2020-09-11T18:29:58.516+0000][1][gc,age       ] GC(186) Age table with threshold 6 (max threshold 6)
[2020-09-11T18:29:58.516+0000][1][gc,age       ] GC(186) - age   1:     209016 bytes,     209016 total
[2020-09-11T18:29:58.516+0000][1][gc,age       ] GC(186) - age   2:     201232 bytes,     410248 total
[2020-09-11T18:29:58.516+0000][1][gc,age       ] GC(186) - age   3:     268976 bytes,     679224 total
[2020-09-11T18:29:58.516+0000][1][gc,age       ] GC(186) - age   4:      13400 bytes,     692624 total
[2020-09-11T18:29:58.516+0000][1][gc,age       ] GC(186) - age   5:     181960 bytes,     874584 total
[2020-09-11T18:29:58.516+0000][1][gc,age       ] GC(186) - age   6:     647040 bytes,    1521624 total
[2020-09-11T18:29:58.516+0000][1][gc,heap      ] GC(186) ParNew: 70978K->1885K(76672K)
[2020-09-11T18:29:58.516+0000][1][gc,heap      ] GC(186) CMS: 149856K->150056K(2011968K)
[2020-09-11T18:29:58.516+0000][1][gc,metaspace ] GC(186) Metaspace: 96648K->96648K(1138688K)
[2020-09-11T18:29:58.516+0000][1][gc           ] GC(186) Pause Young (Allocation Failure) 215M->148M(2039M) 31.059ms
[2020-09-11T18:29:58.516+0000][1][gc,cpu       ] GC(186) User=0.02s Sys=0.00s Real=0.03s
[2020-09-11T18:29:58.525+0000][1][safepoint    ] Safepoint "GenCollectForAllocation", Time since last: 2117432895 ns, Reaching safepoint: 196149 ns, At safepoint: 39795679 ns, Total: 39991828 ns
[2020-09-11T18:30:01.376+0000][1][safepoint    ] Safepoint "RevokeBias", Time since last: 2851509022 ns, Reaching safepoint: 88911 ns, At safepoint: 22916 ns, Total: 111827 ns
[2020-09-11T18:30:01.379+0000][1][safepoint    ] Safepoint "RevokeBias", Time since last: 2632126 ns, Reaching safepoint: 83998 ns, At safepoint: 21507 ns, Total: 105505 ns
[2020-09-11T18:30:02.379+0000][1][safepoint    ] Safepoint "Cleanup", Time since last: 1000109475 ns, Reaching safepoint: 93723 ns, At safepoint: 9125 ns, Total: 102848 ns
[2020-09-11T18:30:04.894+0000][1][safepoint    ] Safepoint "RevokeBias", Time since last: 2514346775 ns, Reaching safepoint: 169014 ns, At safepoint: 26008 ns, Total: 195022 ns
[2020-09-11T18:30:06.383+0000][1][safepoint    ] Safepoint "RevokeBias", Time since last: 1488662641 ns, Reaching safepoint: 88946 ns, At safepoint: 26019 ns, Total: 114965 ns
[2020-09-11T18:30:06.386+0000][1][safepoint    ] Safepoint "RevokeBias", Time since last: 3379774 ns, Reaching safepoint: 180273 ns, At safepoint: 26364 ns, Total: 206637 ns
[2020-09-11T18:30:11.387+0000][1][safepoint    ] Safepoint "Cleanup", Time since last: 5000420513 ns, Reaching safepoint: 92306 ns, At safepoint: 10335 ns, Total: 102641 ns
[2020-09-11T18:30:11.398+0000][1][safepoint    ] Safepoint "RevokeBias", Time since last: 11016868 ns, Reaching safepoint: 91668 ns, At safepoint: 25238 ns, Total: 116906 ns
[2020-09-11T18:30:11.401+0000][1][safepoint    ] Safepoint "RevokeBias", Time since last: 2811048 ns, Reaching safepoint: 84435 ns, At safepoint: 23717 ns, Total: 108152 ns
[2020-09-11T18:30:14.401+0000][1][safepoint    ] Safepoint "Cleanup", Time since last: 3000256044 ns, Reaching safepoint: 97022 ns, At safepoint: 10619 ns, Total: 107641 ns
[2020-09-11T18:30:15.402+0000][1][safepoint    ] Safepoint "Cleanup", Time since last: 1000134154 ns, Reaching safepoint: 114804 ns, At safepoint: 10774 ns, Total: 125578 ns
[2020-09-11T18:30:15.911+0000][1][safepoint    ] Safepoint "RevokeBias", Time since last: 509487005 ns, Reaching safepoint: 90852 ns, At safepoint: 43393 ns, Total: 134245 ns
[2020-09-11T18:30:16.404+0000][1][safepoint    ] Safepoint "RevokeBias", Time since last: 493214703 ns, Reaching safepoint: 88384 ns, At safepoint: 25819 ns, Total: 114203 ns
[2020-09-11T18:30:16.408+0000][1][safepoint    ] Safepoint "RevokeBias", Time since last: 3358343 ns, Reaching safepoint: 169373 ns, At safepoint: 25803 ns, Total: 195176 ns
[2020-09-11T18:30:17.557+0000][1][gc,start     ] GC(187) Pause Young (Allocation Failure)
[2020-09-11T18:30:17.557+0000][1][gc,task      ] GC(187) Using 1 workers of 1 for evacuation
[2020-09-11T18:30:17.586+0000][1][gc,age       ] GC(187) Desired survivor size 4358144 bytes, new threshold 6 (max threshold 6)
[2020-09-11T18:30:17.586+0000][1][gc,age       ] GC(187) Age table with threshold 6 (max threshold 6)
[2020-09-11T18:30:17.586+0000][1][gc,age       ] GC(187) - age   1:      99576 bytes,      99576 total
[2020-09-11T18:30:17.586+0000][1][gc,age       ] GC(187) - age   2:      23688 bytes,     123264 total
[2020-09-11T18:30:17.586+0000][1][gc,age       ] GC(187) - age   3:     198096 bytes,     321360 total
[2020-09-11T18:30:17.586+0000][1][gc,age       ] GC(187) - age   4:     268416 bytes,     589776 total
[2020-09-11T18:30:17.586+0000][1][gc,age       ] GC(187) - age   5:      13400 bytes,     603176 total
[2020-09-11T18:30:17.586+0000][1][gc,age       ] GC(187) - age   6:     181928 bytes,     785104 total
[2020-09-11T18:30:17.586+0000][1][gc,heap      ] GC(187) ParNew: 70045K->1350K(76672K)
[2020-09-11T18:30:17.586+0000][1][gc,heap      ] GC(187) CMS: 150056K->150687K(2011968K)
[2020-09-11T18:30:17.586+0000][1][gc,metaspace ] GC(187) Metaspace: 96656K->96656K(1138688K)
[2020-09-11T18:30:17.586+0000][1][gc           ] GC(187) Pause Young (Allocation Failure) 214M->148M(2039M) 29.607ms
[2020-09-11T18:30:17.586+0000][1][gc,cpu       ] GC(187) User=0.01s Sys=0.00s Real=0.03s
[2020-09-11T18:30:17.587+0000][1][safepoint    ] Safepoint "GenCollectForAllocation", Time since last: 1146690687 ns, Reaching safepoint: 2145827 ns, At safepoint: 29677988 ns, Total: 31823815 ns
[2020-09-11T18:30:21.412+0000][1][safepoint    ] Safepoint "RevokeBias", Time since last: 3825118546 ns, Reaching safepoint: 89933 ns, At safepoint: 40752 ns, Total: 130685 ns
[2020-09-11T18:30:21.415+0000][1][safepoint    ] Safepoint "RevokeBias", Time since last: 3428048 ns, Reaching safepoint: 90166 ns, At safepoint: 23320 ns, Total: 113486 ns
[2020-09-11T18:30:26.419+0000][1][safepoint    ] Safepoint "RevokeBias", Time since last: 5003506551 ns, Reaching safepoint: 249678 ns, At safepoint: 329435 ns, Total: 579113 ns
[2020-09-11T18:30:26.423+0000][1][safepoint    ] Safepoint "RevokeBias", Time since last: 3503577 ns, Reaching safepoint: 88684 ns, At safepoint: 24443 ns, Total: 113127 ns
[2020-09-11T18:30:26.925+0000][1][safepoint    ] Safepoint "RevokeBias", Time since last: 501777543 ns, Reaching safepoint: 217472 ns, At safepoint: 247285 ns, Total: 464757 ns
[2020-09-11T18:30:31.173+0000][1][safepoint    ] Safepoint "Cleanup", Time since last: 4247730054 ns, Reaching safepoint: 92354 ns, At safepoint: 8517 ns, Total: 100871 ns
[2020-09-11T18:30:31.428+0000][1][safepoint    ] Safepoint "RevokeBias", Time since last: 254753976 ns, Reaching safepoint: 89534 ns, At safepoint: 25778 ns, Total: 115312 ns
[2020-09-11T18:30:31.431+0000][1][safepoint    ] Safepoint "RevokeBias", Time since last: 2848012 ns, Reaching safepoint: 232545 ns, At safepoint: 301176 ns, Total: 533721 ns
[2020-09-11T18:30:36.436+0000][1][safepoint    ] Safepoint "RevokeBias", Time since last: 5004707149 ns, Reaching safepoint: 172957 ns, At safepoint: 26577 ns, Total: 199534 ns
[2020-09-11T18:30:36.440+0000][1][safepoint    ] Safepoint "RevokeBias", Time since last: 2857737 ns, Reaching safepoint: 230712 ns, At safepoint: 315748 ns, Total: 546460 ns
[2020-09-11T18:30:37.942+0000][1][safepoint    ] Safepoint "RevokeBias", Time since last: 1502052671 ns, Reaching safepoint: 98982 ns, At safepoint: 24646 ns, Total: 123628 ns
[2020-09-11T18:30:38.036+0000][1][gc,start     ] GC(188) Pause Young (Allocation Failure)
[2020-09-11T18:30:38.036+0000][1][gc,task      ] GC(188) Using 1 workers of 1 for evacuation
[2020-09-11T18:30:38.086+0000][1][gc,age       ] GC(188) Desired survivor size 4358144 bytes, new threshold 6 (max threshold 6)
[2020-09-11T18:30:38.086+0000][1][gc,age       ] GC(188) Age table with threshold 6 (max threshold 6)
[2020-09-11T18:30:38.086+0000][1][gc,age       ] GC(188) - age   1:     153560 bytes,     153560 total
[2020-09-11T18:30:38.086+0000][1][gc,age       ] GC(188) - age   2:       9928 bytes,     163488 total
[2020-09-11T18:30:38.086+0000][1][gc,age       ] GC(188) - age   3:      17320 bytes,     180808 total
[2020-09-11T18:30:38.086+0000][1][gc,age       ] GC(188) - age   4:     197824 bytes,     378632 total
[2020-09-11T18:30:38.086+0000][1][gc,age       ] GC(188) - age   5:     268376 bytes,     647008 total
[2020-09-11T18:30:38.086+0000][1][gc,age       ] GC(188) - age   6:      13368 bytes,     660376 total
[2020-09-11T18:30:38.086+0000][1][gc,heap      ] GC(188) ParNew: 69510K->1250K(76672K)
[2020-09-11T18:30:38.086+0000][1][gc,heap      ] GC(188) CMS: 150687K->150865K(2011968K)
[2020-09-11T18:30:38.086+0000][1][gc,metaspace ] GC(188) Metaspace: 96661K->96661K(1138688K)
[2020-09-11T18:30:38.086+0000][1][gc           ] GC(188) Pause Young (Allocation Failure) 215M->148M(2039M) 49.843ms
[2020-09-11T18:30:38.086+0000][1][gc,cpu       ] GC(188) User=0.02s Sys=0.00s Real=0.05s
[2020-09-11T18:30:38.089+0000][1][safepoint    ] Safepoint "GenCollectForAllocation", Time since last: 94382207 ns, Reaching safepoint: 166870 ns, At safepoint: 52430849 ns, Total: 52597719 ns
[2020-09-11T18:30:41.445+0000][1][safepoint    ] Safepoint "RevokeBias", Time since last: 3356132872 ns, Reaching safepoint: 88976 ns, At safepoint: 24915 ns, Total: 113891 ns
[2020-09-11T18:30:41.448+0000][1][safepoint    ] Safepoint "RevokeBias", Time since last: 2815337 ns, Reaching safepoint: 248388 ns, At safepoint: 315860 ns, Total: 564248 ns
[2020-09-11T18:30:45.449+0000][1][safepoint    ] Safepoint "Cleanup", Time since last: 4000351916 ns, Reaching safepoint: 88624 ns, At safepoint: 8912 ns, Total: 97536 ns
[2020-09-11T18:30:46.453+0000][1][safepoint    ] Safepoint "RevokeBias", Time since last: 1003759105 ns, Reaching safepoint: 212179 ns, At safepoint: 36256 ns, Total: 248435 ns
[2020-09-11T18:30:46.456+0000][1][safepoint    ] Safepoint "RevokeBias", Time since last: 2770715 ns, Reaching safepoint: 85044 ns, At safepoint: 23429 ns, Total: 108473 ns
[2020-09-11T18:30:47.456+0000][1][safepoint    ] Safepoint "Cleanup", Time since last: 1000201252 ns, Reaching safepoint: 91620 ns, At safepoint: 9920 ns, Total: 101540 ns
[2020-09-11T18:30:48.959+0000][1][safepoint    ] Safepoint "RevokeBias", Time since last: 1502842390 ns, Reaching safepoint: 97424 ns, At safepoint: 25823 ns, Total: 123247 ns
[2020-09-11T18:30:50.959+0000][1][safepoint    ] Safepoint "Cleanup", Time since last: 2000184400 ns, Reaching safepoint: 88264 ns, At safepoint: 9007 ns, Total: 97271 ns
[2020-09-11T18:30:51.461+0000][1][safepoint    ] Safepoint "RevokeBias", Time since last: 501970242 ns, Reaching safepoint: 80522 ns, At safepoint: 21798 ns, Total: 102320 ns
[2020-09-11T18:30:51.465+0000][1][safepoint    ] Safepoint "RevokeBias", Time since last: 3082290 ns, Reaching safepoint: 89060 ns, At safepoint: 21438 ns, Total: 110498 ns
[2020-09-11T18:30:54.706+0000][1][gc,start     ] GC(189) Pause Young (Allocation Failure)
[2020-09-11T18:30:54.706+0000][1][gc,task      ] GC(189) Using 1 workers of 1 for evacuation
[2020-09-11T18:30:54.737+0000][1][gc,age       ] GC(189) Desired survivor size 4358144 bytes, new threshold 6 (max threshold 6)
[2020-09-11T18:30:54.737+0000][1][gc,age       ] GC(189) Age table with threshold 6 (max threshold 6)
[2020-09-11T18:30:54.737+0000][1][gc,age       ] GC(189) - age   1:     182864 bytes,     182864 total
[2020-09-11T18:30:54.737+0000][1][gc,age       ] GC(189) - age   2:      21944 bytes,     204808 total
[2020-09-11T18:30:54.737+0000][1][gc,age       ] GC(189) - age   3:       6080 bytes,     210888 total
[2020-09-11T18:30:54.737+0000][1][gc,age       ] GC(189) - age   4:      17288 bytes,     228176 total
[2020-09-11T18:30:54.737+0000][1][gc,age       ] GC(189) - age   5:     197824 bytes,     426000 total
[2020-09-11T18:30:54.737+0000][1][gc,age       ] GC(189) - age   6:     268376 bytes,     694376 total
[2020-09-11T18:30:54.737+0000][1][gc,heap      ] GC(189) ParNew: 69410K->838K(76672K)
[2020-09-11T18:30:54.737+0000][1][gc,heap      ] GC(189) CMS: 150865K->150878K(2011968K)
[2020-09-11T18:30:54.737+0000][1][gc,metaspace ] GC(189) Metaspace: 96663K->96663K(1138688K)
[2020-09-11T18:30:54.737+0000][1][gc           ] GC(189) Pause Young (Allocation Failure) 215M->148M(2039M) 31.118ms
[2020-09-11T18:30:54.737+0000][1][gc,cpu       ] GC(189) User=0.02s Sys=0.00s Real=0.03s
[2020-09-11T18:30:54.737+0000][1][safepoint    ] Safepoint "GenCollectForAllocation", Time since last: 3240182159 ns, Reaching safepoint: 1178371 ns, At safepoint: 31222742 ns, Total: 32401113 ns
[2020-09-11T18:30:55.745+0000][1][safepoint    ] Safepoint "Cleanup", Time since last: 1007718321 ns, Reaching safepoint: 90037 ns, At safepoint: 8656 ns, Total: 98693 ns
[2020-09-11T18:30:56.469+0000][1][safepoint    ] Safepoint "BulkRevokeBias", Time since last: 722967396 ns, Reaching safepoint: 223021 ns, At safepoint: 463460 ns, Total: 686481 ns
[2020-09-11T18:30:56.472+0000][1][safepoint    ] Safepoint "RevokeBias", Time since last: 3274134 ns, Reaching safepoint: 88734 ns, At safepoint: 21896 ns, Total: 110630 ns
[2020-09-11T18:30:57.472+0000][1][safepoint    ] Safepoint "Cleanup", Time since last: 1000110831 ns, Reaching safepoint: 86058 ns, At safepoint: 9099 ns, Total: 95157 ns
[2020-09-11T18:30:58.472+0000][1][safepoint    ] Safepoint "Cleanup", Time since last: 1000114954 ns, Reaching safepoint: 82058 ns, At safepoint: 7940 ns, Total: 89998 ns
[2020-09-11T18:30:59.473+0000][1][safepoint    ] Safepoint "Cleanup", Time since last: 1000107589 ns, Reaching safepoint: 91338 ns, At safepoint: 9617 ns, Total: 100955 ns
[2020-09-11T18:30:59.988+0000][1][safepoint    ] Safepoint "RevokeBias", Time since last: 515146766 ns, Reaching safepoint: 228939 ns, At safepoint: 288023 ns, Total: 516962 ns
[2020-09-11T18:31:00.989+0000][1][safepoint    ] Safepoint "Cleanup", Time since last: 1000117215 ns, Reaching safepoint: 83850 ns, At safepoint: 6959 ns, Total: 90809 ns
[2020-09-11T18:31:01.476+0000][1][safepoint    ] Safepoint "RevokeBias", Time since last: 487838509 ns, Reaching safepoint: 91169 ns, At safepoint: 25600 ns, Total: 116769 ns
[2020-09-11T18:31:01.480+0000][1][safepoint    ] Safepoint "RevokeBias", Time since last: 2780030 ns, Reaching safepoint: 232114 ns, At safepoint: 308955 ns, Total: 541069 ns
[2020-09-11T18:31:02.480+0000][1][safepoint    ] Safepoint "Cleanup", Time since last: 1000116976 ns, Reaching safepoint: 81582 ns, At safepoint: 7175 ns, Total: 88757 ns
[2020-09-11T18:31:03.480+0000][1][safepoint    ] Safepoint "Cleanup", Time since last: 1000112557 ns, Reaching safepoint: 85207 ns, At safepoint: 9372 ns, Total: 94579 ns
[2020-09-11T18:31:04.480+0000][1][safepoint    ] Safepoint "Cleanup", Time since last: 1000113002 ns, Reaching safepoint: 85890 ns, At safepoint: 9645 ns, Total: 95535 ns
[2020-09-11T18:31:05.481+0000][1][safepoint    ] Safepoint "Cleanup", Time since last: 1000116612 ns, Reaching safepoint: 85582 ns, At safepoint: 9089 ns, Total: 94671 ns
[2020-09-11T18:31:06.481+0000][1][safepoint    ] Safepoint "Cleanup", Time since last: 1000135530 ns, Reaching safepoint: 99960 ns, At safepoint: 13464 ns, Total: 113424 ns
[2020-09-11T18:31:06.484+0000][1][safepoint    ] Safepoint "RevokeBias", Time since last: 3084909 ns, Reaching safepoint: 90697 ns, At safepoint: 24995 ns, Total: 115692 ns
[2020-09-11T18:31:06.487+0000][1][safepoint    ] Safepoint "RevokeBias", Time since last: 2786358 ns, Reaching safepoint: 232073 ns, At safepoint: 308521 ns, Total: 540594 ns
[2020-09-11T18:31:07.488+0000][1][safepoint    ] Safepoint "Cleanup", Time since last: 1000109631 ns, Reaching safepoint: 87869 ns, At safepoint: 8860 ns, Total: 96729 ns
[2020-09-11T18:31:08.488+0000][1][safepoint    ] Safepoint "Cleanup", Time since last: 1000112671 ns, Reaching safepoint: 86290 ns, At safepoint: 6529 ns, Total: 92819 ns
[2020-09-11T18:31:09.488+0000][1][safepoint    ] Safepoint "Cleanup", Time since last: 1000109488 ns, Reaching safepoint: 89726 ns, At safepoint: 9412 ns, Total: 99138 ns
[2020-09-11T18:31:10.488+0000][1][safepoint    ] Safepoint "Cleanup", Time since last: 1000117625 ns, Reaching safepoint: 88502 ns, At safepoint: 9968 ns, Total: 98470 ns
[2020-09-11T18:31:11.010+0000][1][safepoint    ] Safepoint "RevokeBias", Time since last: 521636014 ns, Reaching safepoint: 93336 ns, At safepoint: 26367 ns, Total: 119703 ns
[2020-09-11T18:31:11.492+0000][1][safepoint    ] Safepoint "RevokeBias", Time since last: 481731999 ns, Reaching safepoint: 91148 ns, At safepoint: 24962 ns, Total: 116110 ns
[2020-09-11T18:31:11.495+0000][1][safepoint    ] Safepoint "RevokeBias", Time since last: 2869881 ns, Reaching safepoint: 85929 ns, At safepoint: 26131 ns, Total: 112060 ns
[2020-09-11T18:31:12.495+0000][1][safepoint    ] Safepoint "Cleanup", Time since last: 1000110202 ns, Reaching safepoint: 94874 ns, At safepoint: 10209 ns, Total: 105083 ns
[2020-09-11T18:31:13.495+0000][1][safepoint    ] Safepoint "Cleanup", Time since last: 1000117632 ns, Reaching safepoint: 83836 ns, At safepoint: 7851 ns, Total: 91687 ns
[2020-09-11T18:31:14.495+0000][1][safepoint    ] Safepoint "Cleanup", Time since last: 1000109173 ns, Reaching safepoint: 84812 ns, At safepoint: 9126 ns, Total: 93938 ns
[2020-09-11T18:31:15.496+0000][1][safepoint    ] Safepoint "Cleanup", Time since last: 1000109699 ns, Reaching safepoint: 84870 ns, At safepoint: 9318 ns, Total: 94188 ns
[2020-09-11T18:31:16.496+0000][1][safepoint    ] Safepoint "Cleanup", Time since last: 1000115031 ns, Reaching safepoint: 84547 ns, At safepoint: 8695 ns, Total: 93242 ns
[2020-09-11T18:31:16.500+0000][1][safepoint    ] Safepoint "RevokeBias", Time since last: 3583814 ns, Reaching safepoint: 169620 ns, At safepoint: 24618 ns, Total: 194238 ns
[2020-09-11T18:31:16.504+0000][1][safepoint    ] Safepoint "RevokeBias", Time since last: 3720445 ns, Reaching safepoint: 236958 ns, At safepoint: 305886 ns, Total: 542844 ns
[2020-09-11T18:31:17.504+0000][1][safepoint    ] Safepoint "Cleanup", Time since last: 1000116395 ns, Reaching safepoint: 103743 ns, At safepoint: 9880 ns, Total: 113623 ns
[2020-09-11T18:31:18.115+0000][1][gc,start     ] GC(190) Pause Young (Allocation Failure)
[2020-09-11T18:31:18.115+0000][1][gc,task      ] GC(190) Using 1 workers of 1 for evacuation
[2020-09-11T18:31:18.149+0000][1][gc,age       ] GC(190) Desired survivor size 4358144 bytes, new threshold 6 (max threshold 6)
[2020-09-11T18:31:18.149+0000][1][gc,age       ] GC(190) Age table with threshold 6 (max threshold 6)
[2020-09-11T18:31:18.149+0000][1][gc,age       ] GC(190) - age   1:     288424 bytes,     288424 total
[2020-09-11T18:31:18.149+0000][1][gc,age       ] GC(190) - age   2:     101024 bytes,     389448 total
[2020-09-11T18:31:18.149+0000][1][gc,age       ] GC(190) - age   3:      15352 bytes,     404800 total
[2020-09-11T18:31:18.149+0000][1][gc,age       ] GC(190) - age   4:       5456 bytes,     410256 total
[2020-09-11T18:31:18.149+0000][1][gc,age       ] GC(190) - age   5:      17288 bytes,     427544 total
[2020-09-11T18:31:18.149+0000][1][gc,age       ] GC(190) - age   6:     197792 bytes,     625336 total
[2020-09-11T18:31:18.149+0000][1][gc,heap      ] GC(190) ParNew: 68998K->1152K(76672K)
[2020-09-11T18:31:18.149+0000][1][gc,heap      ] GC(190) CMS: 150878K->151140K(2011968K)
[2020-09-11T18:31:18.149+0000][1][gc,metaspace ] GC(190) Metaspace: 96670K->96670K(1138688K)
[2020-09-11T18:31:18.149+0000][1][gc           ] GC(190) Pause Young (Allocation Failure) 214M->148M(2039M) 33.925ms
[2020-09-11T18:31:18.149+0000][1][gc,cpu       ] GC(190) User=0.02s Sys=0.00s Real=0.03s
[2020-09-11T18:31:18.149+0000][1][safepoint    ] Safepoint "GenCollectForAllocation", Time since last: 610808803 ns, Reaching safepoint: 166291 ns, At safepoint: 33995696 ns, Total: 34161987 ns
[2020-09-11T18:31:19.151+0000][1][safepoint    ] Safepoint "Cleanup", Time since last: 1002213671 ns, Reaching safepoint: 104493 ns, At safepoint: 9433 ns, Total: 113926 ns
[2020-09-11T18:31:20.152+0000][1][safepoint    ] Safepoint "Cleanup", Time since last: 1000112858 ns, Reaching safepoint: 83679 ns, At safepoint: 8959 ns, Total: 92638 ns
[2020-09-11T18:31:21.152+0000][1][safepoint    ] Safepoint "Cleanup", Time since last: 1000109447 ns, Reaching safepoint: 85299 ns, At safepoint: 9609 ns, Total: 94908 ns
[2020-09-11T18:31:21.528+0000][1][safepoint    ] Safepoint "RevokeBias", Time since last: 375764798 ns, Reaching safepoint: 89426 ns, At safepoint: 24102 ns, Total: 113528 ns
[2020-09-11T18:31:21.532+0000][1][safepoint    ] Safepoint "RevokeBias", Time since last: 3617811 ns, Reaching safepoint: 222321 ns, At safepoint: 280690 ns, Total: 503011 ns
[2020-09-11T18:31:22.026+0000][1][safepoint    ] Safepoint "RevokeBias", Time since last: 493775845 ns, Reaching safepoint: 93122 ns, At safepoint: 26403 ns, Total: 119525 ns
[2020-09-11T18:31:23.026+0000][1][safepoint    ] Safepoint "Cleanup", Time since last: 1000113163 ns, Reaching safepoint: 85391 ns, At safepoint: 10113 ns, Total: 95504 ns
[2020-09-11T18:31:24.026+0000][1][safepoint    ] Safepoint "Cleanup", Time since last: 1000108528 ns, Reaching safepoint: 85229 ns, At safepoint: 8490 ns, Total: 93719 ns
[2020-09-11T18:31:25.026+0000][1][safepoint    ] Safepoint "Cleanup", Time since last: 1000114143 ns, Reaching safepoint: 87181 ns, At safepoint: 7380 ns, Total: 94561 ns
[2020-09-11T18:31:26.046+0000][1][safepoint    ] Safepoint "Cleanup", Time since last: 1020015001 ns, Reaching safepoint: 91342 ns, At safepoint: 9725 ns, Total: 101067 ns
[2020-09-11T18:31:26.544+0000][1][safepoint    ] Safepoint "RevokeBias", Time since last: 496790563 ns, Reaching safepoint: 211934 ns, At safepoint: 249104 ns, Total: 461038 ns
[2020-09-11T18:31:26.548+0000][1][safepoint    ] Safepoint "RevokeBias", Time since last: 4126668 ns, Reaching safepoint: 163186 ns, At safepoint: 22333 ns, Total: 185519 ns
[2020-09-11T18:31:27.548+0000][1][safepoint    ] Safepoint "Cleanup", Time since last: 1000109458 ns, Reaching safepoint: 90553 ns, At safepoint: 8976 ns, Total: 99529 ns
[2020-09-11T18:31:28.548+0000][1][safepoint    ] Safepoint "Cleanup", Time since last: 1000119446 ns, Reaching safepoint: 86750 ns, At safepoint: 9555 ns, Total: 96305 ns
[2020-09-11T18:31:29.549+0000][1][safepoint    ] Safepoint "Cleanup", Time since last: 1000114866 ns, Reaching safepoint: 85745 ns, At safepoint: 9037 ns, Total: 94782 ns
[2020-09-11T18:31:30.549+0000][1][safepoint    ] Safepoint "Cleanup", Time since last: 1000103597 ns, Reaching safepoint: 85146 ns, At safepoint: 8947 ns, Total: 94093 ns
[2020-09-11T18:31:31.549+0000][1][safepoint    ] Safepoint "Cleanup", Time since last: 1000110376 ns, Reaching safepoint: 83337 ns, At safepoint: 6906 ns, Total: 90243 ns
[2020-09-11T18:31:31.567+0000][1][safepoint    ] Safepoint "RevokeBias", Time since last: 18002868 ns, Reaching safepoint: 87163 ns, At safepoint: 26400 ns, Total: 113563 ns
[2020-09-11T18:31:31.571+0000][1][safepoint    ] Safepoint "RevokeBias", Time since last: 3333746 ns, Reaching safepoint: 100980 ns, At safepoint: 26356 ns, Total: 127336 ns
[2020-09-11T18:31:32.571+0000][1][safepoint    ] Safepoint "Cleanup", Time since last: 1000121285 ns, Reaching safepoint: 82495 ns, At safepoint: 7536 ns, Total: 90031 ns
[2020-09-11T18:31:33.041+0000][1][safepoint    ] Safepoint "RevokeBias", Time since last: 469780161 ns, Reaching safepoint: 240124 ns, At safepoint: 263474 ns, Total: 503598 ns
[2020-09-11T18:31:33.245+0000][1][gc,start     ] GC(191) Pause Young (Allocation Failure)
[2020-09-11T18:31:33.245+0000][1][gc,task      ] GC(191) Using 1 workers of 1 for evacuation
[2020-09-11T18:31:33.275+0000][1][gc,age       ] GC(191) Desired survivor size 4358144 bytes, new threshold 6 (max threshold 6)
[2020-09-11T18:31:33.275+0000][1][gc,age       ] GC(191) Age table with threshold 6 (max threshold 6)
[2020-09-11T18:31:33.275+0000][1][gc,age       ] GC(191) - age   1:     182096 bytes,     182096 total
[2020-09-11T18:31:33.275+0000][1][gc,age       ] GC(191) - age   2:     121888 bytes,     303984 total
[2020-09-11T18:31:33.275+0000][1][gc,age       ] GC(191) - age   3:      99040 bytes,     403024 total
[2020-09-11T18:31:33.275+0000][1][gc,age       ] GC(191) - age   4:      15352 bytes,     418376 total
[2020-09-11T18:31:33.275+0000][1][gc,age       ] GC(191) - age   5:       5456 bytes,     423832 total
[2020-09-11T18:31:33.275+0000][1][gc,age       ] GC(191) - age   6:      17288 bytes,     441120 total
[2020-09-11T18:31:33.275+0000][1][gc,heap      ] GC(191) ParNew: 69312K->746K(76672K)
[2020-09-11T18:31:33.275+0000][1][gc,heap      ] GC(191) CMS: 151140K->151333K(2011968K)
[2020-09-11T18:31:33.275+0000][1][gc,metaspace ] GC(191) Metaspace: 96682K->96682K(1138688K)
[2020-09-11T18:31:33.275+0000][1][gc           ] GC(191) Pause Young (Allocation Failure) 215M->148M(2039M) 29.924ms
[2020-09-11T18:31:33.275+0000][1][gc,cpu       ] GC(191) User=0.01s Sys=0.00s Real=0.03s
[2020-09-11T18:31:33.275+0000][1][safepoint    ] Safepoint "GenCollectForAllocation", Time since last: 201612544 ns, Reaching safepoint: 2088130 ns, At safepoint: 30034330 ns, Total: 32122460 ns
[2020-09-11T18:31:34.281+0000][1][safepoint    ] Safepoint "Cleanup", Time since last: 1006317434 ns, Reaching safepoint: 80353 ns, At safepoint: 17188 ns, Total: 97541 ns
[2020-09-11T18:31:35.995+0000][1][safepoint    ] Safepoint "Cleanup", Time since last: 1713338263 ns, Reaching safepoint: 93093 ns, At safepoint: 10478 ns, Total: 103571 ns
[2020-09-11T18:31:36.575+0000][1][safepoint    ] Safepoint "RevokeBias", Time since last: 579859108 ns, Reaching safepoint: 89579 ns, At safepoint: 21619 ns, Total: 111198 ns
[2020-09-11T18:31:36.578+0000][1][safepoint    ] Safepoint "RevokeBias", Time since last: 2596416 ns, Reaching safepoint: 215393 ns, At safepoint: 261676 ns, Total: 477069 ns
[2020-09-11T18:31:37.578+0000][1][safepoint    ] Safepoint "Cleanup", Time since last: 1000109449 ns, Reaching safepoint: 84966 ns, At safepoint: 8950 ns, Total: 93916 ns
[2020-09-11T18:31:38.579+0000][1][safepoint    ] Safepoint "Cleanup", Time since last: 1001044036 ns, Reaching safepoint: 87073 ns, At safepoint: 7884 ns, Total: 94957 ns
[2020-09-11T18:31:39.627+0000][1][safepoint    ] Safepoint "Cleanup", Time since last: 1048080480 ns, Reaching safepoint: 85471 ns, At safepoint: 9305 ns, Total: 94776 ns
[2020-09-11T18:31:40.628+0000][1][safepoint    ] Safepoint "Cleanup", Time since last: 1000118390 ns, Reaching safepoint: 84909 ns, At safepoint: 9632 ns, Total: 94541 ns
[2020-09-11T18:31:41.583+0000][1][safepoint    ] Safepoint "RevokeBias", Time since last: 955469628 ns, Reaching safepoint: 100554 ns, At safepoint: 26868 ns, Total: 127422 ns
[2020-09-11T18:31:41.587+0000][1][safepoint    ] Safepoint "RevokeBias", Time since last: 3428120 ns, Reaching safepoint: 88099 ns, At safepoint: 23830 ns, Total: 111929 ns
[2020-09-11T18:31:43.587+0000][1][safepoint    ] Safepoint "Cleanup", Time since last: 2000189590 ns, Reaching safepoint: 93501 ns, At safepoint: 10583 ns, Total: 104084 ns
[2020-09-11T18:31:44.057+0000][1][safepoint    ] Safepoint "RevokeBias", Time since last: 470094595 ns, Reaching safepoint: 86354 ns, At safepoint: 31847 ns, Total: 118201 ns
[2020-09-11T18:31:46.600+0000][1][safepoint    ] Safepoint "RevokeBias", Time since last: 2542798207 ns, Reaching safepoint: 168387 ns, At safepoint: 24987 ns, Total: 193374 ns
[2020-09-11T18:31:46.603+0000][1][safepoint    ] Safepoint "RevokeBias", Time since last: 2677201 ns, Reaching safepoint: 213192 ns, At safepoint: 282196 ns, Total: 495388 ns
[2020-09-11T18:31:51.620+0000][1][safepoint    ] Safepoint "RevokeBias", Time since last: 5016103530 ns, Reaching safepoint: 90961 ns, At safepoint: 21600 ns, Total: 112561 ns
[2020-09-11T18:31:51.622+0000][1][safepoint    ] Safepoint "RevokeBias", Time since last: 2576898 ns, Reaching safepoint: 84409 ns, At safepoint: 31719 ns, Total: 116128 ns
[2020-09-11T18:31:55.087+0000][1][safepoint    ] Safepoint "RevokeBias", Time since last: 3463764743 ns, Reaching safepoint: 220114 ns, At safepoint: 301072 ns, Total: 521186 ns
[2020-09-11T18:31:56.087+0000][1][safepoint    ] Safepoint "Cleanup", Time since last: 1000116636 ns, Reaching safepoint: 91652 ns, At safepoint: 10237 ns, Total: 101889 ns
[2020-09-11T18:31:56.639+0000][1][safepoint    ] Safepoint "RevokeBias", Time since last: 551851590 ns, Reaching safepoint: 221937 ns, At safepoint: 258633 ns, Total: 480570 ns
[2020-09-11T18:31:56.643+0000][1][safepoint    ] Safepoint "BulkRevokeBias", Time since last: 3274028 ns, Reaching safepoint: 90285 ns, At safepoint: 205278 ns, Total: 295563 ns
[2020-09-11T18:31:58.260+0000][1][gc,start     ] GC(192) Pause Young (Allocation Failure)
[2020-09-11T18:31:58.260+0000][1][gc,task      ] GC(192) Using 1 workers of 1 for evacuation
[2020-09-11T18:31:58.286+0000][1][gc,age       ] GC(192) Desired survivor size 4358144 bytes, new threshold 6 (max threshold 6)
[2020-09-11T18:31:58.286+0000][1][gc,age       ] GC(192) Age table with threshold 6 (max threshold 6)
[2020-09-11T18:31:58.286+0000][1][gc,age       ] GC(192) - age   1:     204312 bytes,     204312 total
[2020-09-11T18:31:58.286+0000][1][gc,age       ] GC(192) - age   2:     106656 bytes,     310968 total
[2020-09-11T18:31:58.286+0000][1][gc,age       ] GC(192) - age   3:     114784 bytes,     425752 total
[2020-09-11T18:31:58.286+0000][1][gc,age       ] GC(192) - age   4:      99040 bytes,     524792 total
[2020-09-11T18:31:58.286+0000][1][gc,age       ] GC(192) - age   5:      15256 bytes,     540048 total
[2020-09-11T18:31:58.286+0000][1][gc,age       ] GC(192) - age   6:       5456 bytes,     545504 total
[2020-09-11T18:31:58.286+0000][1][gc,heap      ] GC(192) ParNew: 68906K->562K(76672K)
[2020-09-11T18:31:58.286+0000][1][gc,heap      ] GC(192) CMS: 151333K->151350K(2011968K)
[2020-09-11T18:31:58.286+0000][1][gc,metaspace ] GC(192) Metaspace: 96693K->96693K(1138688K)
[2020-09-11T18:31:58.286+0000][1][gc           ] GC(192) Pause Young (Allocation Failure) 215M->148M(2039M) 26.828ms
[2020-09-11T18:31:58.286+0000][1][gc,cpu       ] GC(192) User=0.01s Sys=0.00s Real=0.03s
[2020-09-11T18:31:58.289+0000][1][safepoint    ] Safepoint "GenCollectForAllocation", Time since last: 1616895697 ns, Reaching safepoint: 75410 ns, At safepoint: 29213040 ns, Total: 29288450 ns
[2020-09-11T18:31:59.301+0000][1][safepoint    ] Safepoint "Cleanup", Time since last: 1012167866 ns, Reaching safepoint: 82956 ns, At safepoint: 5584 ns, Total: 88540 ns
[2020-09-11T18:32:01.647+0000][1][safepoint    ] Safepoint "RevokeBias", Time since last: 2345731024 ns, Reaching safepoint: 237409 ns, At safepoint: 301271 ns, Total: 538680 ns
[2020-09-11T18:32:01.651+0000][1][safepoint    ] Safepoint "RevokeBias", Time since last: 3363076 ns, Reaching safepoint: 170973 ns, At safepoint: 28328 ns, Total: 199301 ns
[2020-09-11T18:32:06.105+0000][1][safepoint    ] Safepoint "RevokeBias", Time since last: 4453948805 ns, Reaching safepoint: 91145 ns, At safepoint: 25354 ns, Total: 116499 ns
[2020-09-11T18:32:06.655+0000][1][safepoint    ] Safepoint "RevokeBias", Time since last: 550070825 ns, Reaching safepoint: 173139 ns, At safepoint: 27320 ns, Total: 200459 ns
[2020-09-11T18:32:06.659+0000][1][safepoint    ] Safepoint "RevokeBias", Time since last: 2775134 ns, Reaching safepoint: 225276 ns, At safepoint: 301939 ns, Total: 527215 ns
[2020-09-11T18:32:08.659+0000][1][safepoint    ] Safepoint "Cleanup", Time since last: 2000208229 ns, Reaching safepoint: 104153 ns, At safepoint: 8142 ns, Total: 112295 ns
[2020-09-11T18:32:10.698+0000][1][gc,start     ] GC(193) Pause Young (Allocation Failure)
[2020-09-11T18:32:10.698+0000][1][gc,task      ] GC(193) Using 1 workers of 1 for evacuation
[2020-09-11T18:32:10.727+0000][1][gc,age       ] GC(193) Desired survivor size 4358144 bytes, new threshold 6 (max threshold 6)
[2020-09-11T18:32:10.727+0000][1][gc,age       ] GC(193) Age table with threshold 6 (max threshold 6)
[2020-09-11T18:32:10.727+0000][1][gc,age       ] GC(193) - age   1:     802984 bytes,     802984 total
[2020-09-11T18:32:10.727+0000][1][gc,age       ] GC(193) - age   2:     126672 bytes,     929656 total
[2020-09-11T18:32:10.727+0000][1][gc,age       ] GC(193) - age   3:     105344 bytes,    1035000 total
[2020-09-11T18:32:10.727+0000][1][gc,age       ] GC(193) - age   4:     114192 bytes,    1149192 total
[2020-09-11T18:32:10.727+0000][1][gc,age       ] GC(193) - age   5:      99008 bytes,    1248200 total
[2020-09-11T18:32:10.727+0000][1][gc,age       ] GC(193) - age   6:      15256 bytes,    1263456 total
[2020-09-11T18:32:10.727+0000][1][gc,heap      ] GC(193) ParNew: 68722K->1270K(76672K)
[2020-09-11T18:32:10.727+0000][1][gc,heap      ] GC(193) CMS: 151350K->151356K(2011968K)
[2020-09-11T18:32:10.727+0000][1][gc,metaspace ] GC(193) Metaspace: 96698K->96698K(1138688K)
[2020-09-11T18:32:10.727+0000][1][gc           ] GC(193) Pause Young (Allocation Failure) 214M->149M(2039M) 29.043ms
[2020-09-11T18:32:10.727+0000][1][gc,cpu       ] GC(193) User=0.02s Sys=0.00s Real=0.03s
[2020-09-11T18:32:10.727+0000][1][safepoint    ] Safepoint "GenCollectForAllocation", Time since last: 2038788163 ns, Reaching safepoint: 183467 ns, At safepoint: 29177985 ns, Total: 29361452 ns
[2020-09-11T18:32:11.662+0000][1][safepoint    ] Safepoint "RevokeBias", Time since last: 935033857 ns, Reaching safepoint: 92258 ns, At safepoint: 38256 ns, Total: 130514 ns
[2020-09-11T18:32:11.666+0000][1][safepoint    ] Safepoint "RevokeBias", Time since last: 3366219 ns, Reaching safepoint: 220329 ns, At safepoint: 336792 ns, Total: 557121 ns
[2020-09-11T18:32:12.667+0000][1][safepoint    ] Safepoint "Cleanup", Time since last: 1000456120 ns, Reaching safepoint: 87547 ns, At safepoint: 24427 ns, Total: 111974 ns
[2020-09-11T18:32:13.667+0000][1][safepoint    ] Safepoint "Cleanup", Time since last: 1000113866 ns, Reaching safepoint: 86212 ns, At safepoint: 22337 ns, Total: 108549 ns
[2020-09-11T18:32:14.667+0000][1][safepoint    ] Safepoint "Cleanup", Time since last: 1000116766 ns, Reaching safepoint: 83964 ns, At safepoint: 9970 ns, Total: 93934 ns
[2020-09-11T18:32:15.667+0000][1][safepoint    ] Safepoint "Cleanup", Time since last: 1000118002 ns, Reaching safepoint: 88500 ns, At safepoint: 9698 ns, Total: 98198 ns
[2020-09-11T18:32:16.668+0000][1][safepoint    ] Safepoint "Cleanup", Time since last: 1000119347 ns, Reaching safepoint: 84331 ns, At safepoint: 7369 ns, Total: 91700 ns
[2020-09-11T18:32:16.670+0000][1][safepoint    ] Safepoint "RevokeBias", Time since last: 1958169 ns, Reaching safepoint: 79878 ns, At safepoint: 21987 ns, Total: 101865 ns
[2020-09-11T18:32:16.673+0000][1][safepoint    ] Safepoint "RevokeBias", Time since last: 3044530 ns, Reaching safepoint: 87110 ns, At safepoint: 62716 ns, Total: 149826 ns
[2020-09-11T18:32:17.121+0000][1][safepoint    ] Safepoint "RevokeBias", Time since last: 448154778 ns, Reaching safepoint: 242256 ns, At safepoint: 309011 ns, Total: 551267 ns
[2020-09-11T18:32:18.122+0000][1][safepoint    ] Safepoint "Cleanup", Time since last: 1000113079 ns, Reaching safepoint: 101197 ns, At safepoint: 7101 ns, Total: 108298 ns
[2020-09-11T18:32:19.122+0000][1][safepoint    ] Safepoint "Cleanup", Time since last: 1000100257 ns, Reaching safepoint: 99387 ns, At safepoint: 10146 ns, Total: 109533 ns
[2020-09-11T18:32:20.122+0000][1][safepoint    ] Safepoint "Cleanup", Time since last: 1000119150 ns, Reaching safepoint: 82035 ns, At safepoint: 6993 ns, Total: 89028 ns
[2020-09-11T18:32:21.122+0000][1][safepoint    ] Safepoint "Cleanup", Time since last: 1000111707 ns, Reaching safepoint: 85668 ns, At safepoint: 9234 ns, Total: 94902 ns
[2020-09-11T18:32:21.677+0000][1][safepoint    ] Safepoint "RevokeBias", Time since last: 554568805 ns, Reaching safepoint: 171474 ns, At safepoint: 26211 ns, Total: 197685 ns
[2020-09-11T18:32:21.682+0000][1][safepoint    ] Safepoint "RevokeBias", Time since last: 4107322 ns, Reaching safepoint: 232172 ns, At safepoint: 298364 ns, Total: 530536 ns
[2020-09-11T18:32:22.682+0000][1][safepoint    ] Safepoint "Cleanup", Time since last: 1000115023 ns, Reaching safepoint: 87441 ns, At safepoint: 9282 ns, Total: 96723 ns
[2020-09-11T18:32:23.682+0000][1][safepoint    ] Safepoint "Cleanup", Time since last: 1000113368 ns, Reaching safepoint: 87196 ns, At safepoint: 9332 ns, Total: 96528 ns
[2020-09-11T18:32:24.682+0000][1][safepoint    ] Safepoint "Cleanup", Time since last: 1000122204 ns, Reaching safepoint: 85346 ns, At safepoint: 9348 ns, Total: 94694 ns
[2020-09-11T18:32:25.683+0000][1][safepoint    ] Safepoint "Cleanup", Time since last: 1000113852 ns, Reaching safepoint: 86967 ns, At safepoint: 9734 ns, Total: 96701 ns
[2020-09-11T18:32:26.683+0000][1][safepoint    ] Safepoint "Cleanup", Time since last: 1000118751 ns, Reaching safepoint: 88621 ns, At safepoint: 7031 ns, Total: 95652 ns
[2020-09-11T18:32:26.686+0000][1][safepoint    ] Safepoint "RevokeBias", Time since last: 2960073 ns, Reaching safepoint: 163566 ns, At safepoint: 24606 ns, Total: 188172 ns
[2020-09-11T18:32:26.689+0000][1][safepoint    ] Safepoint "RevokeBias", Time since last: 2493918 ns, Reaching safepoint: 82929 ns, At safepoint: 21492 ns, Total: 104421 ns
[2020-09-11T18:32:27.689+0000][1][safepoint    ] Safepoint "Cleanup", Time since last: 1000108087 ns, Reaching safepoint: 103697 ns, At safepoint: 8864 ns, Total: 112561 ns
[2020-09-11T18:32:28.138+0000][1][safepoint    ] Safepoint "RevokeBias", Time since last: 448967465 ns, Reaching safepoint: 182260 ns, At safepoint: 39688 ns, Total: 221948 ns
[2020-09-11T18:32:29.138+0000][1][safepoint    ] Safepoint "Cleanup", Time since last: 1000130187 ns, Reaching safepoint: 96611 ns, At safepoint: 10035 ns, Total: 106646 ns
[2020-09-11T18:32:30.138+0000][1][safepoint    ] Safepoint "Cleanup", Time since last: 1000113801 ns, Reaching safepoint: 86310 ns, At safepoint: 8805 ns, Total: 95115 ns
[2020-09-11T18:32:31.139+0000][1][safepoint    ] Safepoint "Cleanup", Time since last: 1000112576 ns, Reaching safepoint: 84711 ns, At safepoint: 8706 ns, Total: 93417 ns
[2020-09-11T18:32:31.698+0000][1][safepoint    ] Safepoint "RevokeBias", Time since last: 558968739 ns, Reaching safepoint: 92274 ns, At safepoint: 22131 ns, Total: 114405 ns
[2020-09-11T18:32:31.701+0000][1][safepoint    ] Safepoint "RevokeBias", Time since last: 3136386 ns, Reaching safepoint: 87523 ns, At safepoint: 20964 ns, Total: 108487 ns
[2020-09-11T18:32:32.701+0000][1][safepoint    ] Safepoint "Cleanup", Time since last: 1000106133 ns, Reaching safepoint: 86782 ns, At safepoint: 9145 ns, Total: 95927 ns
[2020-09-11T18:32:33.701+0000][1][safepoint    ] Safepoint "Cleanup", Time since last: 1000115468 ns, Reaching safepoint: 96527 ns, At safepoint: 8645 ns, Total: 105172 ns
[2020-09-11T18:32:34.702+0000][1][safepoint    ] Safepoint "Cleanup", Time since last: 1000113237 ns, Reaching safepoint: 85568 ns, At safepoint: 9389 ns, Total: 94957 ns
[2020-09-11T18:32:35.702+0000][1][safepoint    ] Safepoint "Cleanup", Time since last: 1000111414 ns, Reaching safepoint: 83598 ns, At safepoint: 9600 ns, Total: 93198 ns
[2020-09-11T18:32:35.909+0000][1][gc,start     ] GC(194) Pause Young (Allocation Failure)
[2020-09-11T18:32:35.909+0000][1][gc,task      ] GC(194) Using 1 workers of 1 for evacuation
[2020-09-11T18:32:35.936+0000][1][gc,age       ] GC(194) Desired survivor size 4358144 bytes, new threshold 6 (max threshold 6)
[2020-09-11T18:32:35.936+0000][1][gc,age       ] GC(194) Age table with threshold 6 (max threshold 6)
[2020-09-11T18:32:35.936+0000][1][gc,age       ] GC(194) - age   1:     348920 bytes,     348920 total
[2020-09-11T18:32:35.936+0000][1][gc,age       ] GC(194) - age   2:     717000 bytes,    1065920 total
[2020-09-11T18:32:35.936+0000][1][gc,age       ] GC(194) - age   3:     115344 bytes,    1181264 total
[2020-09-11T18:32:35.936+0000][1][gc,age       ] GC(194) - age   4:     105280 bytes,    1286544 total
[2020-09-11T18:32:35.936+0000][1][gc,age       ] GC(194) - age   5:     114192 bytes,    1400736 total
[2020-09-11T18:32:35.936+0000][1][gc,age       ] GC(194) - age   6:      98976 bytes,    1499712 total
[2020-09-11T18:32:35.936+0000][1][gc,heap      ] GC(194) ParNew: 69430K->2062K(76672K)
[2020-09-11T18:32:35.936+0000][1][gc,heap      ] GC(194) CMS: 151356K->151370K(2011968K)
[2020-09-11T18:32:35.936+0000][1][gc,metaspace ] GC(194) Metaspace: 96699K->96699K(1138688K)
[2020-09-11T18:32:35.936+0000][1][gc           ] GC(194) Pause Young (Allocation Failure) 215M->149M(2039M) 27.576ms
[2020-09-11T18:32:35.936+0000][1][gc,cpu       ] GC(194) User=0.01s Sys=0.00s Real=0.03s
[2020-09-11T18:32:35.936+0000][1][safepoint    ] Safepoint "GenCollectForAllocation", Time since last: 204701555 ns, Reaching safepoint: 2358845 ns, At safepoint: 27648862 ns, Total: 30007707 ns
[2020-09-11T18:32:36.704+0000][1][safepoint    ] Safepoint "RevokeBias", Time since last: 767791720 ns, Reaching safepoint: 90602 ns, At safepoint: 37425 ns, Total: 128027 ns
[2020-09-11T18:32:36.709+0000][1][safepoint    ] Safepoint "RevokeBias", Time since last: 4624322 ns, Reaching safepoint: 89493 ns, At safepoint: 37284 ns, Total: 126777 ns
[2020-09-11T18:32:37.710+0000][1][safepoint    ] Safepoint "Cleanup", Time since last: 1000508569 ns, Reaching safepoint: 86197 ns, At safepoint: 9364 ns, Total: 95561 ns
[2020-09-11T18:32:38.710+0000][1][safepoint    ] Safepoint "Cleanup", Time since last: 1000111629 ns, Reaching safepoint: 93415 ns, At safepoint: 10087 ns, Total: 103502 ns
[2020-09-11T18:32:39.161+0000][1][safepoint    ] Safepoint "RevokeBias", Time since last: 450732959 ns, Reaching safepoint: 114708 ns, At safepoint: 26190 ns, Total: 140898 ns
[2020-09-11T18:32:40.161+0000][1][safepoint    ] Safepoint "Cleanup", Time since last: 1000108216 ns, Reaching safepoint: 87084 ns, At safepoint: 7562 ns, Total: 94646 ns
[2020-09-11T18:32:41.161+0000][1][safepoint    ] Safepoint "Cleanup", Time since last: 1000133491 ns, Reaching safepoint: 92781 ns, At safepoint: 7255 ns, Total: 100036 ns
[2020-09-11T18:32:41.716+0000][1][safepoint    ] Safepoint "RevokeBias", Time since last: 555054319 ns, Reaching safepoint: 87366 ns, At safepoint: 24602 ns, Total: 111968 ns
[2020-09-11T18:32:41.720+0000][1][safepoint    ] Safepoint "RevokeBias", Time since last: 3482383 ns, Reaching safepoint: 87593 ns, At safepoint: 42185 ns, Total: 129778 ns
[2020-09-11T18:32:42.720+0000][1][safepoint    ] Safepoint "Cleanup", Time since last: 1000109315 ns, Reaching safepoint: 77224 ns, At safepoint: 7538 ns, Total: 84762 ns
[2020-09-11T18:32:43.720+0000][1][safepoint    ] Safepoint "Cleanup", Time since last: 1000109266 ns, Reaching safepoint: 82748 ns, At safepoint: 9280 ns, Total: 92028 ns
[2020-09-11T18:32:44.721+0000][1][safepoint    ] Safepoint "Cleanup", Time since last: 1000107585 ns, Reaching safepoint: 81207 ns, At safepoint: 8879 ns, Total: 90086 ns
[2020-09-11T18:32:45.721+0000][1][safepoint    ] Safepoint "Cleanup", Time since last: 1000119343 ns, Reaching safepoint: 86643 ns, At safepoint: 7974 ns, Total: 94617 ns
[2020-09-11T18:32:46.721+0000][1][safepoint    ] Safepoint "Cleanup", Time since last: 1000111847 ns, Reaching safepoint: 85387 ns, At safepoint: 7003 ns, Total: 92390 ns
[2020-09-11T18:32:46.724+0000][1][safepoint    ] Safepoint "RevokeBias", Time since last: 2417099 ns, Reaching safepoint: 215016 ns, At safepoint: 256505 ns, Total: 471521 ns
[2020-09-11T18:32:46.728+0000][1][safepoint    ] Safepoint "RevokeBias", Time since last: 4025111 ns, Reaching safepoint: 167900 ns, At safepoint: 23566 ns, Total: 191466 ns
[2020-09-11T18:32:47.728+0000][1][safepoint    ] Safepoint "Cleanup", Time since last: 1000111324 ns, Reaching safepoint: 87315 ns, At safepoint: 8111 ns, Total: 95426 ns
[2020-09-11T18:32:48.456+0000][1][gc,start     ] GC(195) Pause Young (Allocation Failure)
[2020-09-11T18:32:48.456+0000][1][gc,task      ] GC(195) Using 1 workers of 1 for evacuation
[2020-09-11T18:32:48.486+0000][1][gc,age       ] GC(195) Desired survivor size 4358144 bytes, new threshold 6 (max threshold 6)
[2020-09-11T18:32:48.486+0000][1][gc,age       ] GC(195) Age table with threshold 6 (max threshold 6)
[2020-09-11T18:32:48.486+0000][1][gc,age       ] GC(195) - age   1:      91200 bytes,      91200 total
[2020-09-11T18:32:48.486+0000][1][gc,age       ] GC(195) - age   2:     163488 bytes,     254688 total
[2020-09-11T18:32:48.486+0000][1][gc,age       ] GC(195) - age   3:     716696 bytes,     971384 total
[2020-09-11T18:32:48.486+0000][1][gc,age       ] GC(195) - age   4:     115240 bytes,    1086624 total
[2020-09-11T18:32:48.486+0000][1][gc,age       ] GC(195) - age   5:     105280 bytes,    1191904 total
[2020-09-11T18:32:48.486+0000][1][gc,age       ] GC(195) - age   6:     114120 bytes,    1306024 total
[2020-09-11T18:32:48.486+0000][1][gc,heap      ] GC(195) ParNew: 70222K->1356K(76672K)
[2020-09-11T18:32:48.486+0000][1][gc,heap      ] GC(195) CMS: 151370K->151467K(2011968K)
[2020-09-11T18:32:48.486+0000][1][gc,metaspace ] GC(195) Metaspace: 96765K->96765K(1138688K)
[2020-09-11T18:32:48.486+0000][1][gc           ] GC(195) Pause Young (Allocation Failure) 216M->149M(2039M) 30.086ms
[2020-09-11T18:32:48.486+0000][1][gc,cpu       ] GC(195) User=0.02s Sys=0.00s Real=0.03s
[2020-09-11T18:32:48.497+0000][1][safepoint    ] Safepoint "GenCollectForAllocation", Time since last: 726424358 ns, Reaching safepoint: 1523229 ns, At safepoint: 41148993 ns, Total: 42672222 ns
[2020-09-11T18:32:49.505+0000][1][safepoint    ] Safepoint "Cleanup", Time since last: 1007159804 ns, Reaching safepoint: 124726 ns, At safepoint: 8534 ns, Total: 133260 ns
[2020-09-11T18:32:50.181+0000][1][safepoint    ] Safepoint "RevokeBias", Time since last: 675879139 ns, Reaching safepoint: 236507 ns, At safepoint: 276720 ns, Total: 513227 ns
[2020-09-11T18:32:51.181+0000][1][safepoint    ] Safepoint "Cleanup", Time since last: 1000103199 ns, Reaching safepoint: 80533 ns, At safepoint: 7474 ns, Total: 88007 ns
[2020-09-11T18:32:51.736+0000][1][safepoint    ] Safepoint "RevokeBias", Time since last: 554133692 ns, Reaching safepoint: 93248 ns, At safepoint: 26130 ns, Total: 119378 ns
[2020-09-11T18:32:51.739+0000][1][safepoint    ] Safepoint "RevokeBias", Time since last: 2823504 ns, Reaching safepoint: 85402 ns, At safepoint: 23576 ns, Total: 108978 ns
[2020-09-11T18:32:52.621+0000][1][safepoint    ] Safepoint "RevokeBias", Time since last: 881599301 ns, Reaching safepoint: 719511 ns, At safepoint: 23224 ns, Total: 742735 ns
[2020-09-11T18:32:52.622+0000][1][safepoint    ] Safepoint "RevokeBias", Time since last: 63085 ns, Reaching safepoint: 1103573 ns, At safepoint: 15710 ns, Total: 1119283 ns
[2020-09-11T18:32:52.623+0000][1][safepoint    ] Safepoint "RevokeBias", Time since last: 182696 ns, Reaching safepoint: 339658 ns, At safepoint: 15396 ns, Total: 355054 ns
[2020-09-11T18:32:53.368+0000][1][safepoint    ] Safepoint "RevokeBias", Time since last: 744751788 ns, Reaching safepoint: 157563 ns, At safepoint: 25469 ns, Total: 183032 ns
[2020-09-11T18:32:53.369+0000][1][safepoint    ] Safepoint "RevokeBias", Time since last: 944051 ns, Reaching safepoint: 336709 ns, At safepoint: 20523 ns, Total: 357232 ns
[2020-09-11T18:32:53.373+0000][1][safepoint    ] Safepoint "RevokeBias", Time since last: 102320 ns, Reaching safepoint: 3898978 ns, At safepoint: 27844 ns, Total: 3926822 ns
[2020-09-11T18:32:53.373+0000][1][safepoint    ] Safepoint "RevokeBias", Time since last: 329347 ns, Reaching safepoint: 210682 ns, At safepoint: 21018 ns, Total: 231700 ns
[2020-09-11T18:32:53.386+0000][1][safepoint    ] Safepoint "RevokeBias", Time since last: 11913860 ns, Reaching safepoint: 149789 ns, At safepoint: 25897 ns, Total: 175686 ns
[2020-09-11T18:32:53.414+0000][1][safepoint    ] Safepoint "RevokeBias", Time since last: 28249291 ns, Reaching safepoint: 175218 ns, At safepoint: 23635 ns, Total: 198853 ns
[2020-09-11T18:32:53.414+0000][1][safepoint    ] Safepoint "RevokeBias", Time since last: 111416 ns, Reaching safepoint: 132963 ns, At safepoint: 16185 ns, Total: 149148 ns
[2020-09-11T18:32:53.414+0000][1][safepoint    ] Safepoint "RevokeBias", Time since last: 96237 ns, Reaching safepoint: 124182 ns, At safepoint: 14028 ns, Total: 138210 ns
[2020-09-11T18:32:53.417+0000][1][safepoint    ] Safepoint "RevokeBias", Time since last: 2158576 ns, Reaching safepoint: 156519 ns, At safepoint: 17861 ns, Total: 174380 ns
[2020-09-11T18:32:53.417+0000][1][safepoint    ] Safepoint "RevokeBias", Time since last: 51344 ns, Reaching safepoint: 122018 ns, At safepoint: 14470 ns, Total: 136488 ns
[2020-09-11T18:32:53.417+0000][1][safepoint    ] Safepoint "RevokeBias", Time since last: 193672 ns, Reaching safepoint: 123538 ns, At safepoint: 15580 ns, Total: 139118 ns
[2020-09-11T18:32:53.421+0000][1][safepoint    ] Safepoint "RevokeBias", Time since last: 1857455 ns, Reaching safepoint: 1648224 ns, At safepoint: 21368 ns, Total: 1669592 ns
[2020-09-11T18:32:54.421+0000][1][safepoint    ] Safepoint "Cleanup", Time since last: 1000122532 ns, Reaching safepoint: 85958 ns, At safepoint: 8876 ns, Total: 94834 ns
[2020-09-11T18:32:55.421+0000][1][safepoint    ] Safepoint "Cleanup", Time since last: 1000110175 ns, Reaching safepoint: 93199 ns, At safepoint: 9774 ns, Total: 102973 ns
[2020-09-11T18:32:56.421+0000][1][safepoint    ] Safepoint "Cleanup", Time since last: 1000115237 ns, Reaching safepoint: 90978 ns, At safepoint: 9788 ns, Total: 100766 ns
[2020-09-11T18:32:56.742+0000][1][safepoint    ] Safepoint "RevokeBias", Time since last: 320463257 ns, Reaching safepoint: 91090 ns, At safepoint: 26016 ns, Total: 117106 ns
[2020-09-11T18:32:56.746+0000][1][safepoint    ] Safepoint "RevokeBias", Time since last: 3364096 ns, Reaching safepoint: 89393 ns, At safepoint: 25319 ns, Total: 114712 ns
[2020-09-11T18:32:58.647+0000][1][gc,start     ] GC(196) Pause Young (Allocation Failure)
[2020-09-11T18:32:58.647+0000][1][gc,task      ] GC(196) Using 1 workers of 1 for evacuation
[2020-09-11T18:32:58.700+0000][1][gc,age       ] GC(196) Desired survivor size 4358144 bytes, new threshold 6 (max threshold 6)
[2020-09-11T18:32:58.700+0000][1][gc,age       ] GC(196) Age table with threshold 6 (max threshold 6)
[2020-09-11T18:32:58.700+0000][1][gc,age       ] GC(196) - age   1:     322960 bytes,     322960 total
[2020-09-11T18:32:58.700+0000][1][gc,age       ] GC(196) - age   2:      10792 bytes,     333752 total
[2020-09-11T18:32:58.700+0000][1][gc,age       ] GC(196) - age   3:     148232 bytes,     481984 total
[2020-09-11T18:32:58.700+0000][1][gc,age       ] GC(196) - age   4:     716664 bytes,    1198648 total
[2020-09-11T18:32:58.700+0000][1][gc,age       ] GC(196) - age   5:     115240 bytes,    1313888 total
[2020-09-11T18:32:58.700+0000][1][gc,age       ] GC(196) - age   6:     105280 bytes,    1419168 total
[2020-09-11T18:32:58.700+0000][1][gc,heap      ] GC(196) ParNew: 69516K->2591K(76672K)
[2020-09-11T18:32:58.700+0000][1][gc,heap      ] GC(196) CMS: 151467K->151579K(2011968K)
[2020-09-11T18:32:58.700+0000][1][gc,metaspace ] GC(196) Metaspace: 96772K->96772K(1138688K)
[2020-09-11T18:32:58.700+0000][1][gc           ] GC(196) Pause Young (Allocation Failure) 215M->150M(2039M) 53.272ms
[2020-09-11T18:32:58.700+0000][1][gc,cpu       ] GC(196) User=0.02s Sys=0.00s Real=0.05s
[2020-09-11T18:32:58.730+0000][1][safepoint    ] Safepoint "GenCollectForAllocation", Time since last: 1899833553 ns, Reaching safepoint: 1551149 ns, At safepoint: 82651514 ns, Total: 84202663 ns
[2020-09-11T18:33:00.745+0000][1][safepoint    ] Safepoint "Cleanup", Time since last: 2015580031 ns, Reaching safepoint: 141160 ns, At safepoint: 7758 ns, Total: 148918 ns
[2020-09-11T18:33:01.209+0000][1][safepoint    ] Safepoint "BulkRevokeBias", Time since last: 462525556 ns, Reaching safepoint: 213174 ns, At safepoint: 465968 ns, Total: 679142 ns
[2020-09-11T18:33:01.752+0000][1][safepoint    ] Safepoint "RevokeBias", Time since last: 542998017 ns, Reaching safepoint: 176433 ns, At safepoint: 25043 ns, Total: 201476 ns
[2020-09-11T18:33:01.755+0000][1][safepoint    ] Safepoint "RevokeBias", Time since last: 3060965 ns, Reaching safepoint: 236663 ns, At safepoint: 306023 ns, Total: 542686 ns
[2020-09-11T18:33:02.756+0000][1][safepoint    ] Safepoint "Cleanup", Time since last: 1000173067 ns, Reaching safepoint: 169429 ns, At safepoint: 19892 ns, Total: 189321 ns
[2020-09-11T18:33:03.756+0000][1][safepoint    ] Safepoint "Cleanup", Time since last: 1000195422 ns, Reaching safepoint: 121250 ns, At safepoint: 8379 ns, Total: 129629 ns
[2020-09-11T18:33:04.756+0000][1][safepoint    ] Safepoint "Cleanup", Time since last: 1000145918 ns, Reaching safepoint: 126448 ns, At safepoint: 7323 ns, Total: 133771 ns
[2020-09-11T18:33:05.757+0000][1][safepoint    ] Safepoint "Cleanup", Time since last: 1000160259 ns, Reaching safepoint: 124576 ns, At safepoint: 8435 ns, Total: 133011 ns
[2020-09-11T18:33:06.757+0000][1][safepoint    ] Safepoint "Cleanup", Time since last: 1000211504 ns, Reaching safepoint: 100855 ns, At safepoint: 7675 ns, Total: 108530 ns
[2020-09-11T18:33:06.760+0000][1][safepoint    ] Safepoint "RevokeBias", Time since last: 3102028 ns, Reaching safepoint: 179394 ns, At safepoint: 23860 ns, Total: 203254 ns
[2020-09-11T18:33:06.763+0000][1][safepoint    ] Safepoint "RevokeBias", Time since last: 2708322 ns, Reaching safepoint: 86719 ns, At safepoint: 22414 ns, Total: 109133 ns
[2020-09-11T18:33:07.763+0000][1][safepoint    ] Safepoint "Cleanup", Time since last: 1000169769 ns, Reaching safepoint: 114615 ns, At safepoint: 7924 ns, Total: 122539 ns
[2020-09-11T18:33:08.764+0000][1][safepoint    ] Safepoint "Cleanup", Time since last: 1000140765 ns, Reaching safepoint: 127912 ns, At safepoint: 7088 ns, Total: 135000 ns
[2020-09-11T18:33:09.764+0000][1][safepoint    ] Safepoint "Cleanup", Time since last: 1000158267 ns, Reaching safepoint: 154469 ns, At safepoint: 8208 ns, Total: 162677 ns
[2020-09-11T18:33:10.764+0000][1][safepoint    ] Safepoint "Cleanup", Time since last: 1000131893 ns, Reaching safepoint: 183107 ns, At safepoint: 16191 ns, Total: 199298 ns
[2020-09-11T18:33:11.765+0000][1][safepoint    ] Safepoint "Cleanup", Time since last: 1000197378 ns, Reaching safepoint: 144524 ns, At safepoint: 8350 ns, Total: 152874 ns
[2020-09-11T18:33:12.765+0000][1][safepoint    ] Safepoint "Cleanup", Time since last: 1000112590 ns, Reaching safepoint: 130609 ns, At safepoint: 9504 ns, Total: 140113 ns
[2020-09-11T18:33:13.765+0000][1][safepoint    ] Safepoint "Cleanup", Time since last: 1000115579 ns, Reaching safepoint: 87860 ns, At safepoint: 8701 ns, Total: 96561 ns
[2020-09-11T18:33:14.765+0000][1][safepoint    ] Safepoint "Cleanup", Time since last: 1000109564 ns, Reaching safepoint: 91876 ns, At safepoint: 8161 ns, Total: 100037 ns
[2020-09-11T18:33:15.765+0000][1][safepoint    ] Safepoint "Cleanup", Time since last: 1000118928 ns, Reaching safepoint: 86863 ns, At safepoint: 7448 ns, Total: 94311 ns
[2020-09-11T18:33:16.766+0000][1][safepoint    ] Safepoint "Cleanup", Time since last: 1000119527 ns, Reaching safepoint: 86706 ns, At safepoint: 9191 ns, Total: 95897 ns
[2020-09-11T18:33:17.766+0000][1][safepoint    ] Safepoint "Cleanup", Time since last: 1000113989 ns, Reaching safepoint: 105979 ns, At safepoint: 9478 ns, Total: 115457 ns
[2020-09-11T18:33:18.766+0000][1][safepoint    ] Safepoint "Cleanup", Time since last: 1000112622 ns, Reaching safepoint: 107751 ns, At safepoint: 9492 ns, Total: 117243 ns
[2020-09-11T18:33:19.766+0000][1][safepoint    ] Safepoint "Cleanup", Time since last: 1000120162 ns, Reaching safepoint: 87639 ns, At safepoint: 9009 ns, Total: 96648 ns
[2020-09-11T18:33:20.701+0000][1][gc,start     ] GC(197) Pause Young (Allocation Failure)
[2020-09-11T18:33:20.701+0000][1][gc,task      ] GC(197) Using 1 workers of 1 for evacuation
[2020-09-11T18:33:20.728+0000][1][gc,age       ] GC(197) Desired survivor size 4358144 bytes, new threshold 6 (max threshold 6)
[2020-09-11T18:33:20.728+0000][1][gc,age       ] GC(197) Age table with threshold 6 (max threshold 6)
[2020-09-11T18:33:20.728+0000][1][gc,age       ] GC(197) - age   1:     373328 bytes,     373328 total
[2020-09-11T18:33:20.728+0000][1][gc,age       ] GC(197) - age   2:     230592 bytes,     603920 total
[2020-09-11T18:33:20.728+0000][1][gc,age       ] GC(197) - age   3:       5048 bytes,     608968 total
[2020-09-11T18:33:20.728+0000][1][gc,age       ] GC(197) - age   4:     144864 bytes,     753832 total
[2020-09-11T18:33:20.728+0000][1][gc,age       ] GC(197) - age   5:     716312 bytes,    1470144 total
[2020-09-11T18:33:20.728+0000][1][gc,age       ] GC(197) - age   6:     115240 bytes,    1585384 total
[2020-09-11T18:33:20.729+0000][1][gc,heap      ] GC(197) ParNew: 70751K->1687K(76672K)
[2020-09-11T18:33:20.729+0000][1][gc,heap      ] GC(197) CMS: 151579K->151681K(2011968K)
[2020-09-11T18:33:20.729+0000][1][gc,metaspace ] GC(197) Metaspace: 96779K->96779K(1138688K)
[2020-09-11T18:33:20.729+0000][1][gc           ] GC(197) Pause Young (Allocation Failure) 217M->149M(2039M) 27.670ms
[2020-09-11T18:33:20.729+0000][1][gc,cpu       ] GC(197) User=0.01s Sys=0.00s Real=0.02s
[2020-09-11T18:33:20.729+0000][1][safepoint    ] Safepoint "GenCollectForAllocation", Time since last: 930409508 ns, Reaching safepoint: 4093011 ns, At safepoint: 27782695 ns, Total: 31875706 ns
[2020-09-11T18:33:21.738+0000][1][safepoint    ] Safepoint "Cleanup", Time since last: 1009291420 ns, Reaching safepoint: 87669 ns, At safepoint: 22182 ns, Total: 109851 ns
[2020-09-11T18:33:22.738+0000][1][safepoint    ] Safepoint "Cleanup", Time since last: 1000116849 ns, Reaching safepoint: 88352 ns, At safepoint: 22863 ns, Total: 111215 ns
[2020-09-11T18:33:23.738+0000][1][safepoint    ] Safepoint "Cleanup", Time since last: 1000112599 ns, Reaching safepoint: 84355 ns, At safepoint: 7883 ns, Total: 92238 ns
[2020-09-11T18:33:24.739+0000][1][safepoint    ] Safepoint "Cleanup", Time since last: 1000109202 ns, Reaching safepoint: 81376 ns, At safepoint: 6804 ns, Total: 88180 ns
[2020-09-11T18:33:25.739+0000][1][safepoint    ] Safepoint "Cleanup", Time since last: 1000113735 ns, Reaching safepoint: 90889 ns, At safepoint: 8798 ns, Total: 99687 ns
[2020-09-11T18:33:26.739+0000][1][safepoint    ] Safepoint "Cleanup", Time since last: 1000121565 ns, Reaching safepoint: 89821 ns, At safepoint: 13443 ns, Total: 103264 ns
[2020-09-11T18:33:27.739+0000][1][safepoint    ] Safepoint "Cleanup", Time since last: 1000118086 ns, Reaching safepoint: 88012 ns, At safepoint: 8254 ns, Total: 96266 ns
[2020-09-11T18:33:28.751+0000][1][safepoint    ] Safepoint "Cleanup", Time since last: 1004448598 ns, Reaching safepoint: 7532394 ns, At safepoint: 16103 ns, Total: 7548497 ns
[2020-09-11T18:33:29.752+0000][1][safepoint    ] Safepoint "Cleanup", Time since last: 1000115011 ns, Reaching safepoint: 87991 ns, At safepoint: 8592 ns, Total: 96583 ns
[2020-09-11T18:33:30.752+0000][1][safepoint    ] Safepoint "Cleanup", Time since last: 1000122717 ns, Reaching safepoint: 88029 ns, At safepoint: 10027 ns, Total: 98056 ns
[2020-09-11T18:33:31.752+0000][1][safepoint    ] Safepoint "Cleanup", Time since last: 1000125293 ns, Reaching safepoint: 90248 ns, At safepoint: 10522 ns, Total: 100770 ns
[2020-09-11T18:33:32.752+0000][1][safepoint    ] Safepoint "Cleanup", Time since last: 1000113322 ns, Reaching safepoint: 88247 ns, At safepoint: 8696 ns, Total: 96943 ns
[2020-09-11T18:33:33.752+0000][1][safepoint    ] Safepoint "Cleanup", Time since last: 1000117987 ns, Reaching safepoint: 86360 ns, At safepoint: 9162 ns, Total: 95522 ns
[2020-09-11T18:33:34.753+0000][1][safepoint    ] Safepoint "Cleanup", Time since last: 1000119346 ns, Reaching safepoint: 87833 ns, At safepoint: 6894 ns, Total: 94727 ns
[2020-09-11T18:33:35.753+0000][1][safepoint    ] Safepoint "Cleanup", Time since last: 1000131553 ns, Reaching safepoint: 86969 ns, At safepoint: 9259 ns, Total: 96228 ns
[2020-09-11T18:33:36.753+0000][1][safepoint    ] Safepoint "Cleanup", Time since last: 1000120567 ns, Reaching safepoint: 84303 ns, At safepoint: 7244 ns, Total: 91547 ns
[2020-09-11T18:33:37.753+0000][1][safepoint    ] Safepoint "Cleanup", Time since last: 1000117962 ns, Reaching safepoint: 83049 ns, At safepoint: 6165 ns, Total: 89214 ns
[2020-09-11T18:33:38.545+0000][1][gc,start     ] GC(198) Pause Young (Allocation Failure)
[2020-09-11T18:33:38.545+0000][1][gc,task      ] GC(198) Using 1 workers of 1 for evacuation
[2020-09-11T18:33:38.589+0000][1][gc,age       ] GC(198) Desired survivor size 4358144 bytes, new threshold 6 (max threshold 6)
[2020-09-11T18:33:38.589+0000][1][gc,age       ] GC(198) Age table with threshold 6 (max threshold 6)
[2020-09-11T18:33:38.589+0000][1][gc,age       ] GC(198) - age   1:     316496 bytes,     316496 total
[2020-09-11T18:33:38.589+0000][1][gc,age       ] GC(198) - age   2:     241792 bytes,     558288 total
[2020-09-11T18:33:38.589+0000][1][gc,age       ] GC(198) - age   3:     225824 bytes,     784112 total
[2020-09-11T18:33:38.589+0000][1][gc,age       ] GC(198) - age   4:       4776 bytes,     788888 total
[2020-09-11T18:33:38.589+0000][1][gc,age       ] GC(198) - age   5:     144560 bytes,     933448 total
[2020-09-11T18:33:38.589+0000][1][gc,age       ] GC(198) - age   6:     716312 bytes,    1649760 total
[2020-09-11T18:33:38.589+0000][1][gc,heap      ] GC(198) ParNew: 69847K->2744K(76672K)
[2020-09-11T18:33:38.589+0000][1][gc,heap      ] GC(198) CMS: 151681K->151794K(2011968K)
[2020-09-11T18:33:38.589+0000][1][gc,metaspace ] GC(198) Metaspace: 96779K->96779K(1138688K)
[2020-09-11T18:33:38.589+0000][1][gc           ] GC(198) Pause Young (Allocation Failure) 216M->150M(2039M) 44.033ms
[2020-09-11T18:33:38.589+0000][1][gc,cpu       ] GC(198) User=0.02s Sys=0.00s Real=0.04s
[2020-09-11T18:33:38.589+0000][1][safepoint    ] Safepoint "GenCollectForAllocation", Time since last: 788269320 ns, Reaching safepoint: 3306810 ns, At safepoint: 44122386 ns, Total: 47429196 ns
[2020-09-11T18:33:39.601+0000][1][safepoint    ] Safepoint "Cleanup", Time since last: 1011985701 ns, Reaching safepoint: 87234 ns, At safepoint: 11039 ns, Total: 98273 ns
[2020-09-11T18:33:40.601+0000][1][safepoint    ] Safepoint "Cleanup", Time since last: 1000123114 ns, Reaching safepoint: 84020 ns, At safepoint: 7163 ns, Total: 91183 ns
[2020-09-11T18:33:41.601+0000][1][safepoint    ] Safepoint "Cleanup", Time since last: 1000109639 ns, Reaching safepoint: 84540 ns, At safepoint: 6824 ns, Total: 91364 ns
[2020-09-11T18:33:42.602+0000][1][safepoint    ] Safepoint "Cleanup", Time since last: 1000124993 ns, Reaching safepoint: 119516 ns, At safepoint: 8126 ns, Total: 127642 ns
[2020-09-11T18:33:43.602+0000][1][safepoint    ] Safepoint "Cleanup", Time since last: 1000110376 ns, Reaching safepoint: 87564 ns, At safepoint: 8167 ns, Total: 95731 ns
[2020-09-11T18:33:44.082+0000][1][safepoint    ] Safepoint "Deoptimize", Time since last: 477337866 ns, Reaching safepoint: 1392783 ns, At safepoint: 1321451 ns, Total: 2714234 ns
[2020-09-11T18:33:44.086+0000][1][safepoint    ] Safepoint "Deoptimize", Time since last: 553116 ns, Reaching safepoint: 2307409 ns, At safepoint: 1037127 ns, Total: 3344536 ns
[2020-09-11T18:33:44.090+0000][1][safepoint    ] Safepoint "Deoptimize", Time since last: 833864 ns, Reaching safepoint: 2129504 ns, At safepoint: 1100589 ns, Total: 3230093 ns
[2020-09-11T18:33:44.102+0000][1][safepoint    ] Safepoint "Deoptimize", Time since last: 9888601 ns, Reaching safepoint: 1009770 ns, At safepoint: 1106380 ns, Total: 2116150 ns
[2020-09-11T18:33:44.108+0000][1][safepoint    ] Safepoint "Deoptimize", Time since last: 616725 ns, Reaching safepoint: 1262921 ns, At safepoint: 4036562 ns, Total: 5299483 ns
[2020-09-11T18:33:44.116+0000][1][safepoint    ] Safepoint "RevokeBias", Time since last: 4905347 ns, Reaching safepoint: 3212328 ns, At safepoint: 26430 ns, Total: 3238758 ns
[2020-09-11T18:33:44.253+0000][1][safepoint    ] Safepoint "RevokeBias", Time since last: 136218626 ns, Reaching safepoint: 199801 ns, At safepoint: 71487 ns, Total: 271288 ns
[2020-09-11T18:33:45.094+0000][1][safepoint    ] Safepoint "RevokeBias", Time since last: 841186046 ns, Reaching safepoint: 201964 ns, At safepoint: 18320 ns, Total: 220284 ns
[2020-09-11T18:33:46.094+0000][1][safepoint    ] Safepoint "Cleanup", Time since last: 1000116427 ns, Reaching safepoint: 86152 ns, At safepoint: 9256 ns, Total: 95408 ns
[2020-09-11T18:33:47.094+0000][1][safepoint    ] Safepoint "Cleanup", Time since last: 1000126792 ns, Reaching safepoint: 87503 ns, At safepoint: 7359 ns, Total: 94862 ns
[2020-09-11T18:33:48.095+0000][1][safepoint    ] Safepoint "Cleanup", Time since last: 1000114696 ns, Reaching safepoint: 97402 ns, At safepoint: 7384 ns, Total: 104786 ns
[2020-09-11T18:33:49.095+0000][1][safepoint    ] Safepoint "Cleanup", Time since last: 1000117281 ns, Reaching safepoint: 95683 ns, At safepoint: 7378 ns, Total: 103061 ns
[2020-09-11T18:33:51.095+0000][1][safepoint    ] Safepoint "Cleanup", Time since last: 2000188017 ns, Reaching safepoint: 91963 ns, At safepoint: 6052 ns, Total: 98015 ns
[2020-09-11T18:33:52.095+0000][1][safepoint    ] Safepoint "Cleanup", Time since last: 1000119254 ns, Reaching safepoint: 97313 ns, At safepoint: 9774 ns, Total: 107087 ns
[2020-09-11T18:33:52.523+0000][1][safepoint    ] Safepoint "RevokeBias", Time since last: 427621435 ns, Reaching safepoint: 154195 ns, At safepoint: 37164 ns, Total: 191359 ns
[2020-09-11T18:33:52.540+0000][1][safepoint    ] Safepoint "RevokeBias", Time since last: 16907063 ns, Reaching safepoint: 174176 ns, At safepoint: 27216 ns, Total: 201392 ns
[2020-09-11T18:33:52.617+0000][1][safepoint    ] Safepoint "RevokeBias", Time since last: 75301297 ns, Reaching safepoint: 1380296 ns, At safepoint: 296949 ns, Total: 1677245 ns
[2020-09-11T18:33:52.742+0000][1][safepoint    ] Safepoint "RevokeBias", Time since last: 125036670 ns, Reaching safepoint: 147065 ns, At safepoint: 32700 ns, Total: 179765 ns
[2020-09-11T18:33:52.755+0000][1][safepoint    ] Safepoint "RevokeBias", Time since last: 12039052 ns, Reaching safepoint: 87738 ns, At safepoint: 22761 ns, Total: 110499 ns
[2020-09-11T18:33:55.755+0000][1][safepoint    ] Safepoint "Cleanup", Time since last: 3000303585 ns, Reaching safepoint: 189368 ns, At safepoint: 20828 ns, Total: 210196 ns
[2020-09-11T18:33:56.756+0000][1][safepoint    ] Safepoint "Cleanup", Time since last: 1000258579 ns, Reaching safepoint: 178011 ns, At safepoint: 12924 ns, Total: 190935 ns
[2020-09-11T18:33:57.787+0000][1][safepoint    ] Safepoint "RevokeBias", Time since last: 1031739385 ns, Reaching safepoint: 94211 ns, At safepoint: 23261 ns, Total: 117472 ns
[2020-09-11T18:33:57.808+0000][1][safepoint    ] Safepoint "RevokeBias", Time since last: 20653941 ns, Reaching safepoint: 172683 ns, At safepoint: 26471 ns, Total: 199154 ns
[2020-09-11T18:33:58.549+0000][1][gc,start     ] GC(199) Pause Young (Allocation Failure)
[2020-09-11T18:33:58.549+0000][1][gc,task      ] GC(199) Using 1 workers of 1 for evacuation
[2020-09-11T18:33:58.593+0000][1][gc,age       ] GC(199) Desired survivor size 4358144 bytes, new threshold 6 (max threshold 6)
[2020-09-11T18:33:58.593+0000][1][gc,age       ] GC(199) Age table with threshold 6 (max threshold 6)
[2020-09-11T18:33:58.593+0000][1][gc,age       ] GC(199) - age   1:     306224 bytes,     306224 total
[2020-09-11T18:33:58.593+0000][1][gc,age       ] GC(199) - age   2:     223832 bytes,     530056 total
[2020-09-11T18:33:58.593+0000][1][gc,age       ] GC(199) - age   3:     234688 bytes,     764744 total
[2020-09-11T18:33:58.593+0000][1][gc,age       ] GC(199) - age   4:     225760 bytes,     990504 total
[2020-09-11T18:33:58.593+0000][1][gc,age       ] GC(199) - age   5:       4776 bytes,     995280 total
[2020-09-11T18:33:58.593+0000][1][gc,age       ] GC(199) - age   6:     144528 bytes,    1139808 total
[2020-09-11T18:33:58.593+0000][1][gc,heap      ] GC(199) ParNew: 70904K->1894K(76672K)
[2020-09-11T18:33:58.593+0000][1][gc,heap      ] GC(199) CMS: 151794K->152493K(2011968K)
[2020-09-11T18:33:58.593+0000][1][gc,metaspace ] GC(199) Metaspace: 97216K->97216K(1138688K)
[2020-09-11T18:33:58.593+0000][1][gc           ] GC(199) Pause Young (Allocation Failure) 217M->150M(2039M) 44.871ms
[2020-09-11T18:33:58.593+0000][1][gc,cpu       ] GC(199) User=0.02s Sys=0.00s Real=0.05s
[2020-09-11T18:33:58.593+0000][1][safepoint    ] Safepoint "GenCollectForAllocation", Time since last: 740061374 ns, Reaching safepoint: 194067 ns, At safepoint: 44920283 ns, Total: 45114350 ns
[2020-09-11T18:33:59.610+0000][1][safepoint    ] Safepoint "Cleanup", Time since last: 1016407942 ns, Reaching safepoint: 82863 ns, At safepoint: 6177 ns, Total: 89040 ns
[2020-09-11T18:34:01.610+0000][1][safepoint    ] Safepoint "Cleanup", Time since last: 2000235798 ns, Reaching safepoint: 164869 ns, At safepoint: 17303 ns, Total: 182172 ns
[2020-09-11T18:34:02.819+0000][1][safepoint    ] Safepoint "RevokeBias", Time since last: 1208410460 ns, Reaching safepoint: 228449 ns, At safepoint: 318888 ns, Total: 547337 ns
[2020-09-11T18:34:02.843+0000][1][safepoint    ] Safepoint "RevokeBias", Time since last: 23103385 ns, Reaching safepoint: 167836 ns, At safepoint: 26032 ns, Total: 193868 ns
[2020-09-11T18:34:07.846+0000][1][safepoint    ] Safepoint "RevokeBias", Time since last: 5003423150 ns, Reaching safepoint: 90395 ns, At safepoint: 37492 ns, Total: 127887 ns
[2020-09-11T18:34:07.853+0000][1][safepoint    ] Safepoint "RevokeBias", Time since last: 6653004 ns, Reaching safepoint: 89686 ns, At safepoint: 25389 ns, Total: 115075 ns
[2020-09-11T18:34:07.872+0000][1][safepoint    ] Safepoint "RevokeBias", Time since last: 19093867 ns, Reaching safepoint: 90474 ns, At safepoint: 27135 ns, Total: 117609 ns
[2020-09-11T18:34:12.883+0000][1][safepoint    ] Safepoint "RevokeBias", Time since last: 5010742980 ns, Reaching safepoint: 90339 ns, At safepoint: 25470 ns, Total: 115809 ns
[2020-09-11T18:34:12.897+0000][1][safepoint    ] Safepoint "RevokeBias", Time since last: 14359763 ns, Reaching safepoint: 91909 ns, At safepoint: 25691 ns, Total: 117600 ns
[2020-09-11T18:34:15.898+0000][1][safepoint    ] Safepoint "Cleanup", Time since last: 3000419244 ns, Reaching safepoint: 201232 ns, At safepoint: 22235 ns, Total: 223467 ns
[2020-09-11T18:34:17.899+0000][1][safepoint    ] Safepoint "Cleanup", Time since last: 2000297184 ns, Reaching safepoint: 95304 ns, At safepoint: 10411 ns, Total: 105715 ns
[2020-09-11T18:34:17.957+0000][1][safepoint    ] Safepoint "RevokeBias", Time since last: 58735693 ns, Reaching safepoint: 87425 ns, At safepoint: 24789 ns, Total: 112214 ns
[2020-09-11T18:34:17.970+0000][1][safepoint    ] Safepoint "RevokeBias", Time since last: 12087353 ns, Reaching safepoint: 168672 ns, At safepoint: 26481 ns, Total: 195153 ns
[2020-09-11T18:34:18.459+0000][1][gc,start     ] GC(200) Pause Young (Allocation Failure)
[2020-09-11T18:34:18.459+0000][1][gc,task      ] GC(200) Using 1 workers of 1 for evacuation
[2020-09-11T18:34:18.502+0000][1][gc,age       ] GC(200) Desired survivor size 4358144 bytes, new threshold 6 (max threshold 6)
[2020-09-11T18:34:18.502+0000][1][gc,age       ] GC(200) Age table with threshold 6 (max threshold 6)
[2020-09-11T18:34:18.502+0000][1][gc,age       ] GC(200) - age   1:     110032 bytes,     110032 total
[2020-09-11T18:34:18.502+0000][1][gc,age       ] GC(200) - age   2:     166000 bytes,     276032 total
[2020-09-11T18:34:18.502+0000][1][gc,age       ] GC(200) - age   3:     219496 bytes,     495528 total
[2020-09-11T18:34:18.502+0000][1][gc,age       ] GC(200) - age   4:     234064 bytes,     729592 total
[2020-09-11T18:34:18.502+0000][1][gc,age       ] GC(200) - age   5:     225760 bytes,     955352 total
[2020-09-11T18:34:18.502+0000][1][gc,age       ] GC(200) - age   6:       4776 bytes,     960128 total
[2020-09-11T18:34:18.502+0000][1][gc,heap      ] GC(200) ParNew: 70054K->1071K(76672K)
[2020-09-11T18:34:18.502+0000][1][gc,heap      ] GC(200) CMS: 152493K->152635K(2011968K)
[2020-09-11T18:34:18.502+0000][1][gc,metaspace ] GC(200) Metaspace: 97224K->97224K(1138688K)
[2020-09-11T18:34:18.502+0000][1][gc           ] GC(200) Pause Young (Allocation Failure) 217M->150M(2039M) 42.797ms
[2020-09-11T18:34:18.502+0000][1][gc,cpu       ] GC(200) User=0.02s Sys=0.00s Real=0.05s
[2020-09-11T18:34:18.505+0000][1][safepoint    ] Safepoint "GenCollectForAllocation", Time since last: 487280350 ns, Reaching safepoint: 2040858 ns, At safepoint: 46496343 ns, Total: 48537201 ns
[2020-09-11T18:34:18.885+0000][1][safepoint    ] Safepoint "RevokeBias", Time since last: 379668884 ns, Reaching safepoint: 118186 ns, At safepoint: 24054 ns, Total: 142240 ns
[2020-09-11T18:34:22.994+0000][1][safepoint    ] Safepoint "RevokeBias", Time since last: 4108480140 ns, Reaching safepoint: 99146 ns, At safepoint: 25256 ns, Total: 124402 ns
[2020-09-11T18:34:23.013+0000][1][safepoint    ] Safepoint "RevokeBias", Time since last: 18793681 ns, Reaching safepoint: 205979 ns, At safepoint: 37486 ns, Total: 243465 ns
[2020-09-11T18:34:25.013+0000][1][safepoint    ] Safepoint "Cleanup", Time since last: 2000302031 ns, Reaching safepoint: 139405 ns, At safepoint: 8808 ns, Total: 148213 ns
[2020-09-11T18:34:26.061+0000][1][safepoint    ] Safepoint "Cleanup", Time since last: 1047610533 ns, Reaching safepoint: 178777 ns, At safepoint: 21930 ns, Total: 200707 ns
[2020-09-11T18:34:28.034+0000][1][safepoint    ] Safepoint "RevokeBias", Time since last: 1973075473 ns, Reaching safepoint: 96517 ns, At safepoint: 26127 ns, Total: 122644 ns
[2020-09-11T18:34:28.044+0000][1][safepoint    ] Safepoint "RevokeBias", Time since last: 9665719 ns, Reaching safepoint: 85490 ns, At safepoint: 22565 ns, Total: 108055 ns
[2020-09-11T18:34:29.045+0000][1][safepoint    ] Safepoint "Cleanup", Time since last: 1000176060 ns, Reaching safepoint: 174361 ns, At safepoint: 21709 ns, Total: 196070 ns
[2020-09-11T18:34:29.938+0000][1][safepoint    ] Safepoint "BulkRevokeBias", Time since last: 893000249 ns, Reaching safepoint: 160621 ns, At safepoint: 227049 ns, Total: 387670 ns
[2020-09-11T18:34:31.939+0000][1][safepoint    ] Safepoint "Cleanup", Time since last: 2000883235 ns, Reaching safepoint: 202845 ns, At safepoint: 19542 ns, Total: 222387 ns
[2020-09-11T18:34:32.939+0000][1][safepoint    ] Safepoint "Cleanup", Time since last: 1000173066 ns, Reaching safepoint: 95932 ns, At safepoint: 11176 ns, Total: 107108 ns
[2020-09-11T18:34:33.068+0000][1][safepoint    ] Safepoint "RevokeBias", Time since last: 128984049 ns, Reaching safepoint: 89026 ns, At safepoint: 24043 ns, Total: 113069 ns
[2020-09-11T18:34:33.084+0000][1][safepoint    ] Safepoint "RevokeBias", Time since last: 15281278 ns, Reaching safepoint: 91712 ns, At safepoint: 26253 ns, Total: 117965 ns
[2020-09-11T18:34:34.084+0000][1][safepoint    ] Safepoint "Cleanup", Time since last: 1000147468 ns, Reaching safepoint: 168985 ns, At safepoint: 20885 ns, Total: 189870 ns
[2020-09-11T18:34:38.098+0000][1][safepoint    ] Safepoint "RevokeBias", Time since last: 4013338535 ns, Reaching safepoint: 89468 ns, At safepoint: 25157 ns, Total: 114625 ns
[2020-09-11T18:34:38.115+0000][1][safepoint    ] Safepoint "RevokeBias", Time since last: 16872466 ns, Reaching safepoint: 172437 ns, At safepoint: 27762 ns, Total: 200199 ns
[2020-09-11T18:34:38.554+0000][1][gc,start     ] GC(201) Pause Young (Allocation Failure)
[2020-09-11T18:34:38.554+0000][1][gc,task      ] GC(201) Using 1 workers of 1 for evacuation
[2020-09-11T18:34:38.576+0000][1][gc,age       ] GC(201) Desired survivor size 4358144 bytes, new threshold 6 (max threshold 6)
[2020-09-11T18:34:38.576+0000][1][gc,age       ] GC(201) Age table with threshold 6 (max threshold 6)
[2020-09-11T18:34:38.576+0000][1][gc,age       ] GC(201) - age   1:     107984 bytes,     107984 total
[2020-09-11T18:34:38.576+0000][1][gc,age       ] GC(201) - age   2:      11584 bytes,     119568 total
[2020-09-11T18:34:38.576+0000][1][gc,age       ] GC(201) - age   3:     160736 bytes,     280304 total
[2020-09-11T18:34:38.576+0000][1][gc,age       ] GC(201) - age   4:     219192 bytes,     499496 total
[2020-09-11T18:34:38.576+0000][1][gc,age       ] GC(201) - age   5:     234064 bytes,     733560 total
[2020-09-11T18:34:38.576+0000][1][gc,age       ] GC(201) - age   6:     225760 bytes,     959320 total
[2020-09-11T18:34:38.576+0000][1][gc,heap      ] GC(201) ParNew: 69231K->971K(76672K)
[2020-09-11T18:34:38.576+0000][1][gc,heap      ] GC(201) CMS: 152635K->152639K(2011968K)
[2020-09-11T18:34:38.576+0000][1][gc,metaspace ] GC(201) Metaspace: 97225K->97225K(1138688K)
[2020-09-11T18:34:38.576+0000][1][gc           ] GC(201) Pause Young (Allocation Failure) 216M->150M(2039M) 21.957ms
[2020-09-11T18:34:38.576+0000][1][gc,cpu       ] GC(201) User=0.01s Sys=0.00s Real=0.02s
[2020-09-11T18:34:38.576+0000][1][safepoint    ] Safepoint "GenCollectForAllocation", Time since last: 439148120 ns, Reaching safepoint: 212813 ns, At safepoint: 22037155 ns, Total: 22249968 ns
[2020-09-11T18:34:40.977+0000][1][safepoint    ] Safepoint "RevokeBias", Time since last: 2400879046 ns, Reaching safepoint: 88652 ns, At safepoint: 23687 ns, Total: 112339 ns
[2020-09-11T18:34:42.977+0000][1][safepoint    ] Safepoint "Cleanup", Time since last: 2000245567 ns, Reaching safepoint: 183695 ns, At safepoint: 22415 ns, Total: 206110 ns
[2020-09-11T18:34:43.128+0000][1][safepoint    ] Safepoint "RevokeBias", Time since last: 150205112 ns, Reaching safepoint: 172870 ns, At safepoint: 55007 ns, Total: 227877 ns
[2020-09-11T18:34:43.141+0000][1][safepoint    ] Safepoint "RevokeBias", Time since last: 12679690 ns, Reaching safepoint: 93541 ns, At safepoint: 26642 ns, Total: 120183 ns
[2020-09-11T18:34:46.141+0000][1][safepoint    ] Safepoint "Cleanup", Time since last: 3000410399 ns, Reaching safepoint: 173658 ns, At safepoint: 20067 ns, Total: 193725 ns
[2020-09-11T18:34:48.151+0000][1][safepoint    ] Safepoint "RevokeBias", Time since last: 2009364986 ns, Reaching safepoint: 95374 ns, At safepoint: 26021 ns, Total: 121395 ns
[2020-09-11T18:34:48.165+0000][1][safepoint    ] Safepoint "RevokeBias", Time since last: 14183073 ns, Reaching safepoint: 90830 ns, At safepoint: 25969 ns, Total: 116799 ns
[2020-09-11T18:34:50.166+0000][1][safepoint    ] Safepoint "Cleanup", Time since last: 2000243501 ns, Reaching safepoint: 173936 ns, At safepoint: 20948 ns, Total: 194884 ns
[2020-09-11T18:34:52.005+0000][1][safepoint    ] Safepoint "RevokeBias", Time since last: 1838906623 ns, Reaching safepoint: 95675 ns, At safepoint: 25815 ns, Total: 121490 ns
[2020-09-11T18:34:53.174+0000][1][safepoint    ] Safepoint "RevokeBias", Time since last: 1168787849 ns, Reaching safepoint: 169808 ns, At safepoint: 26813 ns, Total: 196621 ns
[2020-09-11T18:34:53.183+0000][1][safepoint    ] Safepoint "RevokeBias", Time since last: 9625661 ns, Reaching safepoint: 88542 ns, At safepoint: 26495 ns, Total: 115037 ns
[2020-09-11T18:34:55.184+0000][1][safepoint    ] Safepoint "Cleanup", Time since last: 2000233229 ns, Reaching safepoint: 132076 ns, At safepoint: 8124 ns, Total: 140200 ns
[2020-09-11T18:34:56.184+0000][1][safepoint    ] Safepoint "Cleanup", Time since last: 1000222351 ns, Reaching safepoint: 103371 ns, At safepoint: 7030 ns, Total: 110401 ns
[2020-09-11T18:34:58.197+0000][1][safepoint    ] Safepoint "RevokeBias", Time since last: 2012341095 ns, Reaching safepoint: 173068 ns, At safepoint: 27931 ns, Total: 200999 ns
[2020-09-11T18:34:58.217+0000][1][safepoint    ] Safepoint "RevokeBias", Time since last: 20321312 ns, Reaching safepoint: 229833 ns, At safepoint: 324181 ns, Total: 554014 ns
[2020-09-11T18:34:58.369+0000][1][gc,start     ] GC(202) Pause Young (Allocation Failure)
[2020-09-11T18:34:58.369+0000][1][gc,task      ] GC(202) Using 1 workers of 1 for evacuation
[2020-09-11T18:34:58.396+0000][1][gc,age       ] GC(202) Desired survivor size 4358144 bytes, new threshold 6 (max threshold 6)
[2020-09-11T18:34:58.396+0000][1][gc,age       ] GC(202) Age table with threshold 6 (max threshold 6)
[2020-09-11T18:34:58.396+0000][1][gc,age       ] GC(202) - age   1:     106832 bytes,     106832 total
[2020-09-11T18:34:58.396+0000][1][gc,age       ] GC(202) - age   2:      32944 bytes,     139776 total
[2020-09-11T18:34:58.396+0000][1][gc,age       ] GC(202) - age   3:       7272 bytes,     147048 total
[2020-09-11T18:34:58.396+0000][1][gc,age       ] GC(202) - age   4:     160704 bytes,     307752 total
[2020-09-11T18:34:58.396+0000][1][gc,age       ] GC(202) - age   5:     219192 bytes,     526944 total
[2020-09-11T18:34:58.396+0000][1][gc,age       ] GC(202) - age   6:     234032 bytes,     760976 total
[2020-09-11T18:34:58.396+0000][1][gc,heap      ] GC(202) ParNew: 69131K->945K(76672K)
[2020-09-11T18:34:58.396+0000][1][gc,heap      ] GC(202) CMS: 152639K->152868K(2011968K)
[2020-09-11T18:34:58.396+0000][1][gc,metaspace ] GC(202) Metaspace: 97226K->97226K(1138688K)
[2020-09-11T18:34:58.396+0000][1][gc           ] GC(202) Pause Young (Allocation Failure) 216M->150M(2039M) 27.351ms
[2020-09-11T18:34:58.396+0000][1][gc,cpu       ] GC(202) User=0.01s Sys=0.00s Real=0.03s
[2020-09-11T18:34:58.396+0000][1][safepoint    ] Safepoint "GenCollectForAllocation", Time since last: 149102473 ns, Reaching safepoint: 2244929 ns, At safepoint: 27427064 ns, Total: 29671993 ns
[2020-09-11T18:35:03.035+0000][1][safepoint    ] Safepoint "RevokeBias", Time since last: 4638377412 ns, Reaching safepoint: 176256 ns, At safepoint: 27746 ns, Total: 204002 ns
[2020-09-11T18:35:03.224+0000][1][safepoint    ] Safepoint "RevokeBias", Time since last: 189091492 ns, Reaching safepoint: 238060 ns, At safepoint: 297629 ns, Total: 535689 ns
[2020-09-11T18:35:03.242+0000][1][safepoint    ] Safepoint "RevokeBias", Time since last: 17794763 ns, Reaching safepoint: 171208 ns, At safepoint: 26986 ns, Total: 198194 ns
[2020-09-11T18:35:08.261+0000][1][safepoint    ] Safepoint "RevokeBias", Time since last: 5018550130 ns, Reaching safepoint: 251524 ns, At safepoint: 302072 ns, Total: 553596 ns
[2020-09-11T18:35:08.268+0000][1][safepoint    ] Safepoint "RevokeBias", Time since last: 6579153 ns, Reaching safepoint: 96398 ns, At safepoint: 27342 ns, Total: 123740 ns
[2020-09-11T18:35:13.293+0000][1][safepoint    ] Safepoint "RevokeBias", Time since last: 5024127057 ns, Reaching safepoint: 173348 ns, At safepoint: 28539 ns, Total: 201887 ns
[2020-09-11T18:35:13.306+0000][1][safepoint    ] Safepoint "RevokeBias", Time since last: 13571095 ns, Reaching safepoint: 89076 ns, At safepoint: 25854 ns, Total: 114930 ns
[2020-09-11T18:35:14.065+0000][1][safepoint    ] Safepoint "RevokeBias", Time since last: 758781132 ns, Reaching safepoint: 97083 ns, At safepoint: 26296 ns, Total: 123379 ns
[2020-09-11T18:35:16.518+0000][1][gc,start     ] GC(203) Pause Young (Allocation Failure)
[2020-09-11T18:35:16.518+0000][1][gc,task      ] GC(203) Using 1 workers of 1 for evacuation
[2020-09-11T18:35:16.534+0000][1][gc,age       ] GC(203) Desired survivor size 4358144 bytes, new threshold 6 (max threshold 6)
[2020-09-11T18:35:16.534+0000][1][gc,age       ] GC(203) Age table with threshold 6 (max threshold 6)
[2020-09-11T18:35:16.534+0000][1][gc,age       ] GC(203) - age   1:     196200 bytes,     196200 total
[2020-09-11T18:35:16.534+0000][1][gc,age       ] GC(203) - age   2:      11544 bytes,     207744 total
[2020-09-11T18:35:16.534+0000][1][gc,age       ] GC(203) - age   3:      28576 bytes,     236320 total
[2020-09-11T18:35:16.534+0000][1][gc,age       ] GC(203) - age   4:       6680 bytes,     243000 total
[2020-09-11T18:35:16.534+0000][1][gc,age       ] GC(203) - age   5:     160704 bytes,     403704 total
[2020-09-11T18:35:16.534+0000][1][gc,age       ] GC(203) - age   6:     219160 bytes,     622864 total
[2020-09-11T18:35:16.534+0000][1][gc,heap      ] GC(203) ParNew: 69105K->793K(76672K)
[2020-09-11T18:35:16.534+0000][1][gc,heap      ] GC(203) CMS: 152868K->153096K(2011968K)
[2020-09-11T18:35:16.534+0000][1][gc,metaspace ] GC(203) Metaspace: 97226K->97226K(1138688K)
[2020-09-11T18:35:16.534+0000][1][gc           ] GC(203) Pause Young (Allocation Failure) 216M->150M(2039M) 16.796ms
[2020-09-11T18:35:16.534+0000][1][gc,cpu       ] GC(203) User=0.01s Sys=0.00s Real=0.02s
[2020-09-11T18:35:16.534+0000][1][safepoint    ] Safepoint "GenCollectForAllocation", Time since last: 2452181470 ns, Reaching safepoint: 237372 ns, At safepoint: 16933834 ns, Total: 17171206 ns
[2020-09-11T18:35:18.319+0000][1][safepoint    ] Safepoint "RevokeBias", Time since last: 1783217726 ns, Reaching safepoint: 400761 ns, At safepoint: 661515 ns, Total: 1062276 ns
[2020-09-11T18:35:18.328+0000][1][safepoint    ] Safepoint "RevokeBias", Time since last: 8682974 ns, Reaching safepoint: 114896 ns, At safepoint: 37007 ns, Total: 151903 ns
[2020-09-11T18:35:23.341+0000][1][safepoint    ] Safepoint "RevokeBias", Time since last: 5013302850 ns, Reaching safepoint: 98071 ns, At safepoint: 27032 ns, Total: 125103 ns
[2020-09-11T18:35:23.346+0000][1][safepoint    ] Safepoint "RevokeBias", Time since last: 5158864 ns, Reaching safepoint: 173935 ns, At safepoint: 27499 ns, Total: 201434 ns
[2020-09-11T18:35:25.092+0000][1][safepoint    ] Safepoint "RevokeBias", Time since last: 1744396101 ns, Reaching safepoint: 377664 ns, At safepoint: 573249 ns, Total: 950913 ns
[2020-09-11T18:35:28.366+0000][1][safepoint    ] Safepoint "RevokeBias", Time since last: 3274315278 ns, Reaching safepoint: 94357 ns, At safepoint: 27112 ns, Total: 121469 ns
[2020-09-11T18:35:28.389+0000][1][safepoint    ] Safepoint "RevokeBias", Time since last: 22311494 ns, Reaching safepoint: 89959 ns, At safepoint: 27178 ns, Total: 117137 ns
[2020-09-11T18:35:29.389+0000][1][safepoint    ] Safepoint "Cleanup", Time since last: 1000252907 ns, Reaching safepoint: 81973 ns, At safepoint: 8799 ns, Total: 90772 ns
[2020-09-11T18:35:33.409+0000][1][safepoint    ] Safepoint "RevokeBias", Time since last: 4019973928 ns, Reaching safepoint: 164850 ns, At safepoint: 23919 ns, Total: 188769 ns
[2020-09-11T18:35:33.413+0000][1][safepoint    ] Safepoint "RevokeBias", Time since last: 3890132 ns, Reaching safepoint: 86280 ns, At safepoint: 22949 ns, Total: 109229 ns
[2020-09-11T18:35:34.413+0000][1][safepoint    ] Safepoint "Cleanup", Time since last: 1000112169 ns, Reaching safepoint: 94696 ns, At safepoint: 7472 ns, Total: 102168 ns
[2020-09-11T18:35:35.414+0000][1][safepoint    ] Safepoint "Cleanup", Time since last: 1000104923 ns, Reaching safepoint: 89142 ns, At safepoint: 8487 ns, Total: 97629 ns
[2020-09-11T18:35:36.125+0000][1][safepoint    ] Safepoint "BulkRevokeBias", Time since last: 711271058 ns, Reaching safepoint: 167783 ns, At safepoint: 272873 ns, Total: 440656 ns
[2020-09-11T18:35:38.376+0000][1][gc,start     ] GC(204) Pause Young (Allocation Failure)
[2020-09-11T18:35:38.376+0000][1][gc,task      ] GC(204) Using 1 workers of 1 for evacuation
[2020-09-11T18:35:38.414+0000][1][gc,age       ] GC(204) Desired survivor size 4358144 bytes, new threshold 6 (max threshold 6)
[2020-09-11T18:35:38.414+0000][1][gc,age       ] GC(204) Age table with threshold 6 (max threshold 6)
[2020-09-11T18:35:38.414+0000][1][gc,age       ] GC(204) - age   1:     225144 bytes,     225144 total
[2020-09-11T18:35:38.414+0000][1][gc,age       ] GC(204) - age   2:     116016 bytes,     341160 total
[2020-09-11T18:35:38.414+0000][1][gc,age       ] GC(204) - age   3:       3800 bytes,     344960 total
[2020-09-11T18:35:38.414+0000][1][gc,age       ] GC(204) - age   4:      28240 bytes,     373200 total
[2020-09-11T18:35:38.414+0000][1][gc,age       ] GC(204) - age   5:       6648 bytes,     379848 total
[2020-09-11T18:35:38.414+0000][1][gc,age       ] GC(204) - age   6:     160640 bytes,     540488 total
[2020-09-11T18:35:38.414+0000][1][gc,heap      ] GC(204) ParNew: 68953K->654K(76672K)
[2020-09-11T18:35:38.414+0000][1][gc,heap      ] GC(204) CMS: 153096K->153310K(2011968K)
[2020-09-11T18:35:38.414+0000][1][gc,metaspace ] GC(204) Metaspace: 97231K->97231K(1138688K)
[2020-09-11T18:35:38.414+0000][1][gc           ] GC(204) Pause Young (Allocation Failure) 216M->150M(2039M) 37.696ms
[2020-09-11T18:35:38.414+0000][1][gc,cpu       ] GC(204) User=0.02s Sys=0.00s Real=0.04s
[2020-09-11T18:35:38.414+0000][1][safepoint    ] Safepoint "GenCollectForAllocation", Time since last: 2247558347 ns, Reaching safepoint: 3410469 ns, At safepoint: 37769396 ns, Total: 41179865 ns
[2020-09-11T18:35:38.451+0000][1][safepoint    ] Safepoint "RevokeBias", Time since last: 36606901 ns, Reaching safepoint: 89116 ns, At safepoint: 37181 ns, Total: 126297 ns
[2020-09-11T18:35:38.471+0000][1][safepoint    ] Safepoint "RevokeBias", Time since last: 18224863 ns, Reaching safepoint: 2082623 ns, At safepoint: 31018 ns, Total: 2113641 ns
[2020-09-11T18:35:39.471+0000][1][safepoint    ] Safepoint "Cleanup", Time since last: 1000119695 ns, Reaching safepoint: 92719 ns, At safepoint: 10321 ns, Total: 103040 ns
[2020-09-11T18:35:41.472+0000][1][safepoint    ] Safepoint "Cleanup", Time since last: 2000209991 ns, Reaching safepoint: 92250 ns, At safepoint: 9803 ns, Total: 102053 ns
[2020-09-11T18:35:42.472+0000][1][safepoint    ] Safepoint "Cleanup", Time since last: 1000201706 ns, Reaching safepoint: 98072 ns, At safepoint: 11654 ns, Total: 109726 ns
[2020-09-11T18:35:43.507+0000][1][safepoint    ] Safepoint "RevokeBias", Time since last: 1035251470 ns, Reaching safepoint: 88058 ns, At safepoint: 22156 ns, Total: 110214 ns
[2020-09-11T18:35:43.511+0000][1][safepoint    ] Safepoint "RevokeBias", Time since last: 3646265 ns, Reaching safepoint: 80052 ns, At safepoint: 22255 ns, Total: 102307 ns
[2020-09-11T18:35:45.511+0000][1][safepoint    ] Safepoint "Cleanup", Time since last: 2000198159 ns, Reaching safepoint: 120363 ns, At safepoint: 7926 ns, Total: 128289 ns
[2020-09-11T18:35:46.512+0000][1][safepoint    ] Safepoint "Cleanup", Time since last: 1000131407 ns, Reaching safepoint: 125314 ns, At safepoint: 7931 ns, Total: 133245 ns
[2020-09-11T18:35:46.873+0000][1][safepoint    ] Safepoint "RevokeBias", Time since last: 361723891 ns, Reaching safepoint: 98356 ns, At safepoint: 18871 ns, Total: 117227 ns
[2020-09-11T18:35:47.163+0000][1][safepoint    ] Safepoint "RevokeBias", Time since last: 289237919 ns, Reaching safepoint: 97932 ns, At safepoint: 21933 ns, Total: 119865 ns
[2020-09-11T18:35:48.163+0000][1][safepoint    ] Safepoint "Cleanup", Time since last: 1000119529 ns, Reaching safepoint: 90799 ns, At safepoint: 7924 ns, Total: 98723 ns
[2020-09-11T18:35:48.537+0000][1][safepoint    ] Safepoint "RevokeBias", Time since last: 373664470 ns, Reaching safepoint: 251075 ns, At safepoint: 245372 ns, Total: 496447 ns
[2020-09-11T18:35:48.646+0000][1][safepoint    ] Safepoint "RevokeBias", Time since last: 108542263 ns, Reaching safepoint: 103055 ns, At safepoint: 27574 ns, Total: 130629 ns
[2020-09-11T18:35:49.945+0000][1][safepoint    ] Safepoint "RevokeBias", Time since last: 1295120544 ns, Reaching safepoint: 3907573 ns, At safepoint: 29703 ns, Total: 3937276 ns
[2020-09-11T18:35:50.945+0000][1][safepoint    ] Safepoint "Cleanup", Time since last: 1000121243 ns, Reaching safepoint: 86666 ns, At safepoint: 7942 ns, Total: 94608 ns
[2020-09-11T18:35:51.665+0000][1][gc,start     ] GC(205) Pause Young (Allocation Failure)
[2020-09-11T18:35:51.665+0000][1][gc,task      ] GC(205) Using 1 workers of 1 for evacuation
[2020-09-11T18:35:51.692+0000][1][gc,age       ] GC(205) Desired survivor size 4358144 bytes, new threshold 6 (max threshold 6)
[2020-09-11T18:35:51.692+0000][1][gc,age       ] GC(205) Age table with threshold 6 (max threshold 6)
[2020-09-11T18:35:51.692+0000][1][gc,age       ] GC(205) - age   1:     269584 bytes,     269584 total
[2020-09-11T18:35:51.692+0000][1][gc,age       ] GC(205) - age   2:     133136 bytes,     402720 total
[2020-09-11T18:35:51.692+0000][1][gc,age       ] GC(205) - age   3:     112104 bytes,     514824 total
[2020-09-11T18:35:51.692+0000][1][gc,age       ] GC(205) - age   4:       3736 bytes,     518560 total
[2020-09-11T18:35:51.692+0000][1][gc,age       ] GC(205) - age   5:      28240 bytes,     546800 total
[2020-09-11T18:35:51.692+0000][1][gc,age       ] GC(205) - age   6:       6584 bytes,     553384 total
[2020-09-11T18:35:51.692+0000][1][gc,heap      ] GC(205) ParNew: 68814K->559K(76672K)
[2020-09-11T18:35:51.692+0000][1][gc,heap      ] GC(205) CMS: 153310K->153470K(2011968K)
[2020-09-11T18:35:51.692+0000][1][gc,metaspace ] GC(205) Metaspace: 97246K->97246K(1138688K)
[2020-09-11T18:35:51.692+0000][1][gc           ] GC(205) Pause Young (Allocation Failure) 216M->150M(2039M) 27.544ms
[2020-09-11T18:35:51.692+0000][1][gc,cpu       ] GC(205) User=0.01s Sys=0.00s Real=0.02s
[2020-09-11T18:35:51.695+0000][1][safepoint    ] Safepoint "GenCollectForAllocation", Time since last: 719728911 ns, Reaching safepoint: 78373 ns, At safepoint: 30362036 ns, Total: 30440409 ns
[2020-09-11T18:35:53.687+0000][1][safepoint    ] Safepoint "RevokeBias", Time since last: 1991200690 ns, Reaching safepoint: 85480 ns, At safepoint: 33493 ns, Total: 118973 ns
[2020-09-11T18:35:53.701+0000][1][safepoint    ] Safepoint "RevokeBias", Time since last: 14318482 ns, Reaching safepoint: 90167 ns, At safepoint: 33780 ns, Total: 123947 ns
[2020-09-11T18:35:55.701+0000][1][safepoint    ] Safepoint "Cleanup", Time since last: 2000186093 ns, Reaching safepoint: 93996 ns, At safepoint: 9839 ns, Total: 103835 ns
[2020-09-11T18:35:58.202+0000][1][safepoint    ] Safepoint "RevokeBias", Time since last: 2500539695 ns, Reaching safepoint: 206820 ns, At safepoint: 247611 ns, Total: 454431 ns
[2020-09-11T18:35:58.850+0000][1][safepoint    ] Safepoint "RevokeBias", Time since last: 647239803 ns, Reaching safepoint: 91137 ns, At safepoint: 22401 ns, Total: 113538 ns
[2020-09-11T18:35:58.858+0000][1][safepoint    ] Safepoint "RevokeBias", Time since last: 8476523 ns, Reaching safepoint: 82559 ns, At safepoint: 22496 ns, Total: 105055 ns
[2020-09-11T18:36:03.886+0000][1][safepoint    ] Safepoint "RevokeBias", Time since last: 5027472054 ns, Reaching safepoint: 100792 ns, At safepoint: 48536 ns, Total: 149328 ns
[2020-09-11T18:36:03.897+0000][1][safepoint    ] Safepoint "RevokeBias", Time since last: 10822745 ns, Reaching safepoint: 117954 ns, At safepoint: 30489 ns, Total: 148443 ns
[2020-09-11T18:36:08.935+0000][1][safepoint    ] Safepoint "RevokeBias", Time since last: 5038254625 ns, Reaching safepoint: 86235 ns, At safepoint: 22281 ns, Total: 108516 ns
[2020-09-11T18:36:08.939+0000][1][safepoint    ] Safepoint "RevokeBias", Time since last: 4121663 ns, Reaching safepoint: 84140 ns, At safepoint: 21405 ns, Total: 105545 ns
[2020-09-11T18:36:09.235+0000][1][safepoint    ] Safepoint "RevokeBias", Time since last: 295397225 ns, Reaching safepoint: 87237 ns, At safepoint: 21405 ns, Total: 108642 ns
[2020-09-11T18:36:12.235+0000][1][safepoint    ] Safepoint "Cleanup", Time since last: 3000277312 ns, Reaching safepoint: 97307 ns, At safepoint: 8586 ns, Total: 105893 ns
[2020-09-11T18:36:13.680+0000][1][gc,start     ] GC(206) Pause Young (Allocation Failure)
[2020-09-11T18:36:13.680+0000][1][gc,task      ] GC(206) Using 1 workers of 1 for evacuation
[2020-09-11T18:36:13.714+0000][1][gc,age       ] GC(206) Desired survivor size 4358144 bytes, new threshold 6 (max threshold 6)
[2020-09-11T18:36:13.714+0000][1][gc,age       ] GC(206) Age table with threshold 6 (max threshold 6)
[2020-09-11T18:36:13.714+0000][1][gc,age       ] GC(206) - age   1:     973744 bytes,     973744 total
[2020-09-11T18:36:13.714+0000][1][gc,age       ] GC(206) - age   2:     205712 bytes,    1179456 total
[2020-09-11T18:36:13.714+0000][1][gc,age       ] GC(206) - age   3:     121544 bytes,    1301000 total
[2020-09-11T18:36:13.714+0000][1][gc,age       ] GC(206) - age   4:     111744 bytes,    1412744 total
[2020-09-11T18:36:13.714+0000][1][gc,age       ] GC(206) - age   5:       3672 bytes,    1416416 total
[2020-09-11T18:36:13.714+0000][1][gc,age       ] GC(206) - age   6:      28240 bytes,    1444656 total
[2020-09-11T18:36:13.714+0000][1][gc,heap      ] GC(206) ParNew: 68719K->1635K(76672K)
[2020-09-11T18:36:13.714+0000][1][gc,heap      ] GC(206) CMS: 153470K->153476K(2011968K)
[2020-09-11T18:36:13.714+0000][1][gc,metaspace ] GC(206) Metaspace: 97259K->97259K(1138688K)
[2020-09-11T18:36:13.714+0000][1][gc           ] GC(206) Pause Young (Allocation Failure) 216M->151M(2039M) 33.665ms
[2020-09-11T18:36:13.714+0000][1][gc,cpu       ] GC(206) User=0.02s Sys=0.00s Real=0.04s
[2020-09-11T18:36:13.714+0000][1][safepoint    ] Safepoint "GenCollectForAllocation", Time since last: 1444559733 ns, Reaching safepoint: 162855 ns, At safepoint: 33719897 ns, Total: 33882752 ns
[2020-09-11T18:36:13.955+0000][1][safepoint    ] Safepoint "RevokeBias", Time since last: 241354626 ns, Reaching safepoint: 88058 ns, At safepoint: 36205 ns, Total: 124263 ns
[2020-09-11T18:36:13.960+0000][1][safepoint    ] Safepoint "RevokeBias", Time since last: 4825581 ns, Reaching safepoint: 87185 ns, At safepoint: 38158 ns, Total: 125343 ns
[2020-09-11T18:36:14.961+0000][1][safepoint    ] Safepoint "Cleanup", Time since last: 1000468703 ns, Reaching safepoint: 112049 ns, At safepoint: 23193 ns, Total: 135242 ns
[2020-09-11T18:36:15.961+0000][1][safepoint    ] Safepoint "Cleanup", Time since last: 1000126662 ns, Reaching safepoint: 95251 ns, At safepoint: 24600 ns, Total: 119851 ns
[2020-09-11T18:36:17.961+0000][1][safepoint    ] Safepoint "Cleanup", Time since last: 2000193475 ns, Reaching safepoint: 89446 ns, At safepoint: 7307 ns, Total: 96753 ns
[2020-09-11T18:36:18.962+0000][1][safepoint    ] Safepoint "Cleanup", Time since last: 1000114849 ns, Reaching safepoint: 123056 ns, At safepoint: 15854 ns, Total: 138910 ns
[2020-09-11T18:36:18.988+0000][1][safepoint    ] Safepoint "RevokeBias", Time since last: 26347336 ns, Reaching safepoint: 96534 ns, At safepoint: 26826 ns, Total: 123360 ns
[2020-09-11T18:36:19.000+0000][1][safepoint    ] Safepoint "RevokeBias", Time since last: 11418985 ns, Reaching safepoint: 88592 ns, At safepoint: 26052 ns, Total: 114644 ns
[2020-09-11T18:36:20.000+0000][1][safepoint    ] Safepoint "Cleanup", Time since last: 1000116642 ns, Reaching safepoint: 84403 ns, At safepoint: 10166 ns, Total: 94569 ns
[2020-09-11T18:36:20.269+0000][1][safepoint    ] Safepoint "RevokeBias", Time since last: 268743350 ns, Reaching safepoint: 173933 ns, At safepoint: 60840 ns, Total: 234773 ns
[2020-09-11T18:36:21.269+0000][1][safepoint    ] Safepoint "Cleanup", Time since last: 1000111323 ns, Reaching safepoint: 84098 ns, At safepoint: 8403 ns, Total: 92501 ns
[2020-09-11T18:36:22.269+0000][1][safepoint    ] Safepoint "Cleanup", Time since last: 1000112598 ns, Reaching safepoint: 83111 ns, At safepoint: 8826 ns, Total: 91937 ns
[2020-09-11T18:36:23.269+0000][1][safepoint    ] Safepoint "Cleanup", Time since last: 1000111460 ns, Reaching safepoint: 84329 ns, At safepoint: 10397 ns, Total: 94726 ns
[2020-09-11T18:36:24.013+0000][1][safepoint    ] Safepoint "RevokeBias", Time since last: 743223098 ns, Reaching safepoint: 271640 ns, At safepoint: 391601 ns, Total: 663241 ns
[2020-09-11T18:36:24.027+0000][1][safepoint    ] Safepoint "RevokeBias", Time since last: 13643448 ns, Reaching safepoint: 94773 ns, At safepoint: 27193 ns, Total: 121966 ns
[2020-09-11T18:36:25.027+0000][1][safepoint    ] Safepoint "Cleanup", Time since last: 1000123665 ns, Reaching safepoint: 87081 ns, At safepoint: 10502 ns, Total: 97583 ns
[2020-09-11T18:36:26.050+0000][1][safepoint    ] Safepoint "Cleanup", Time since last: 1022720314 ns, Reaching safepoint: 84093 ns, At safepoint: 9108 ns, Total: 93201 ns
[2020-09-11T18:36:27.050+0000][1][safepoint    ] Safepoint "Cleanup", Time since last: 1000116478 ns, Reaching safepoint: 92195 ns, At safepoint: 9539 ns, Total: 101734 ns
[2020-09-11T18:36:28.051+0000][1][safepoint    ] Safepoint "Cleanup", Time since last: 1000118444 ns, Reaching safepoint: 83562 ns, At safepoint: 7940 ns, Total: 91502 ns
[2020-09-11T18:36:28.831+0000][1][gc,start     ] GC(207) Pause Young (Allocation Failure)
[2020-09-11T18:36:28.831+0000][1][gc,task      ] GC(207) Using 1 workers of 1 for evacuation
[2020-09-11T18:36:28.883+0000][1][gc,age       ] GC(207) Desired survivor size 4358144 bytes, new threshold 6 (max threshold 6)
[2020-09-11T18:36:28.883+0000][1][gc,age       ] GC(207) Age table with threshold 6 (max threshold 6)
[2020-09-11T18:36:28.883+0000][1][gc,age       ] GC(207) - age   1:     199960 bytes,     199960 total
[2020-09-11T18:36:28.883+0000][1][gc,age       ] GC(207) - age   2:     906576 bytes,    1106536 total
[2020-09-11T18:36:28.883+0000][1][gc,age       ] GC(207) - age   3:     202560 bytes,    1309096 total
[2020-09-11T18:36:28.883+0000][1][gc,age       ] GC(207) - age   4:     121544 bytes,    1430640 total
[2020-09-11T18:36:28.883+0000][1][gc,age       ] GC(207) - age   5:     111472 bytes,    1542112 total
[2020-09-11T18:36:28.883+0000][1][gc,age       ] GC(207) - age   6:       3672 bytes,    1545784 total
[2020-09-11T18:36:28.883+0000][1][gc,heap      ] GC(207) ParNew: 69795K->2388K(76672K)
[2020-09-11T18:36:28.883+0000][1][gc,heap      ] GC(207) CMS: 153476K->153504K(2011968K)
[2020-09-11T18:36:28.883+0000][1][gc,metaspace ] GC(207) Metaspace: 97266K->97266K(1138688K)
[2020-09-11T18:36:28.883+0000][1][gc           ] GC(207) Pause Young (Allocation Failure) 218M->152M(2039M) 52.153ms
[2020-09-11T18:36:28.883+0000][1][gc,cpu       ] GC(207) User=0.01s Sys=0.00s Real=0.06s
[2020-09-11T18:36:28.905+0000][1][safepoint    ] Safepoint "GenCollectForAllocation", Time since last: 778268674 ns, Reaching safepoint: 1885031 ns, At safepoint: 74114605 ns, Total: 75999636 ns
[2020-09-11T18:36:29.042+0000][1][safepoint    ] Safepoint "RevokeBias", Time since last: 136364030 ns, Reaching safepoint: 227822 ns, At safepoint: 319336 ns, Total: 547158 ns
[2020-09-11T18:36:29.049+0000][1][safepoint    ] Safepoint "RevokeBias", Time since last: 6844849 ns, Reaching safepoint: 91688 ns, At safepoint: 25348 ns, Total: 117036 ns
[2020-09-11T18:36:30.049+0000][1][safepoint    ] Safepoint "Cleanup", Time since last: 1000213389 ns, Reaching safepoint: 87352 ns, At safepoint: 10009 ns, Total: 97361 ns
[2020-09-11T18:36:31.049+0000][1][safepoint    ] Safepoint "Cleanup", Time since last: 1000114350 ns, Reaching safepoint: 85532 ns, At safepoint: 9893 ns, Total: 95425 ns
[2020-09-11T18:36:31.304+0000][1][safepoint    ] Safepoint "RevokeBias", Time since last: 254426858 ns, Reaching safepoint: 94882 ns, At safepoint: 28561 ns, Total: 123443 ns
[2020-09-11T18:36:32.304+0000][1][safepoint    ] Safepoint "Cleanup", Time since last: 1000122246 ns, Reaching safepoint: 88839 ns, At safepoint: 10482 ns, Total: 99321 ns
[2020-09-11T18:36:33.304+0000][1][safepoint    ] Safepoint "Cleanup", Time since last: 1000120078 ns, Reaching safepoint: 84590 ns, At safepoint: 9869 ns, Total: 94459 ns
[2020-09-11T18:36:34.056+0000][1][safepoint    ] Safepoint "RevokeBias", Time since last: 751709570 ns, Reaching safepoint: 90759 ns, At safepoint: 26063 ns, Total: 116822 ns
[2020-09-11T18:36:34.060+0000][1][safepoint    ] Safepoint "RevokeBias", Time since last: 3590921 ns, Reaching safepoint: 85844 ns, At safepoint: 24656 ns, Total: 110500 ns
[2020-09-11T18:36:35.061+0000][1][safepoint    ] Safepoint "Cleanup", Time since last: 1001074518 ns, Reaching safepoint: 85158 ns, At safepoint: 9567 ns, Total: 94725 ns
[2020-09-11T18:36:36.061+0000][1][safepoint    ] Safepoint "Cleanup", Time since last: 1000113258 ns, Reaching safepoint: 84525 ns, At safepoint: 18965 ns, Total: 103490 ns
[2020-09-11T18:36:37.061+0000][1][safepoint    ] Safepoint "Cleanup", Time since last: 1000119783 ns, Reaching safepoint: 86090 ns, At safepoint: 9683 ns, Total: 95773 ns
[2020-09-11T18:36:38.062+0000][1][safepoint    ] Safepoint "Cleanup", Time since last: 1000117057 ns, Reaching safepoint: 83352 ns, At safepoint: 11285 ns, Total: 94637 ns
[2020-09-11T18:36:39.062+0000][1][safepoint    ] Safepoint "Cleanup", Time since last: 1000322504 ns, Reaching safepoint: 93707 ns, At safepoint: 9780 ns, Total: 103487 ns
[2020-09-11T18:36:39.099+0000][1][safepoint    ] Safepoint "RevokeBias", Time since last: 36704302 ns, Reaching safepoint: 93830 ns, At safepoint: 25311 ns, Total: 119141 ns
[2020-09-11T18:36:39.107+0000][1][safepoint    ] Safepoint "RevokeBias", Time since last: 7505475 ns, Reaching safepoint: 225907 ns, At safepoint: 287318 ns, Total: 513225 ns
[2020-09-11T18:36:40.107+0000][1][safepoint    ] Safepoint "Cleanup", Time since last: 1000129190 ns, Reaching safepoint: 108673 ns, At safepoint: 11371 ns, Total: 120044 ns
[2020-09-11T18:36:41.107+0000][1][safepoint    ] Safepoint "Cleanup", Time since last: 1000110393 ns, Reaching safepoint: 89485 ns, At safepoint: 8911 ns, Total: 98396 ns
[2020-09-11T18:36:42.109+0000][1][safepoint    ] Safepoint "Cleanup", Time since last: 1000467771 ns, Reaching safepoint: 1171940 ns, At safepoint: 14322 ns, Total: 1186262 ns
[2020-09-11T18:36:42.334+0000][1][safepoint    ] Safepoint "BulkRevokeBias", Time since last: 224144617 ns, Reaching safepoint: 233577 ns, At safepoint: 614798 ns, Total: 848375 ns
[2020-09-11T18:36:43.334+0000][1][safepoint    ] Safepoint "Cleanup", Time since last: 1000070077 ns, Reaching safepoint: 105938 ns, At safepoint: 9717 ns, Total: 115655 ns
[2020-09-11T18:36:44.120+0000][1][safepoint    ] Safepoint "RevokeBias", Time since last: 786179792 ns, Reaching safepoint: 170457 ns, At safepoint: 25204 ns, Total: 195661 ns
[2020-09-11T18:36:44.131+0000][1][safepoint    ] Safepoint "RevokeBias", Time since last: 10195207 ns, Reaching safepoint: 86297 ns, At safepoint: 25060 ns, Total: 111357 ns
[2020-09-11T18:36:45.132+0000][1][safepoint    ] Safepoint "Cleanup", Time since last: 1000109438 ns, Reaching safepoint: 1549681 ns, At safepoint: 13674 ns, Total: 1563355 ns
[2020-09-11T18:36:46.133+0000][1][safepoint    ] Safepoint "Cleanup", Time since last: 1000106755 ns, Reaching safepoint: 89081 ns, At safepoint: 8777 ns, Total: 97858 ns
[2020-09-11T18:36:47.133+0000][1][safepoint    ] Safepoint "Cleanup", Time since last: 1000130131 ns, Reaching safepoint: 96327 ns, At safepoint: 8580 ns, Total: 104907 ns
[2020-09-11T18:36:48.133+0000][1][safepoint    ] Safepoint "Cleanup", Time since last: 1000101210 ns, Reaching safepoint: 93420 ns, At safepoint: 8576 ns, Total: 101996 ns
[2020-09-11T18:36:49.133+0000][1][safepoint    ] Safepoint "Cleanup", Time since last: 1000121217 ns, Reaching safepoint: 118442 ns, At safepoint: 9714 ns, Total: 128156 ns
[2020-09-11T18:36:49.146+0000][1][safepoint    ] Safepoint "RevokeBias", Time since last: 12180856 ns, Reaching safepoint: 91149 ns, At safepoint: 26013 ns, Total: 117162 ns
[2020-09-11T18:36:49.149+0000][1][safepoint    ] Safepoint "RevokeBias", Time since last: 3776132 ns, Reaching safepoint: 85243 ns, At safepoint: 24746 ns, Total: 109989 ns
[2020-09-11T18:36:50.150+0000][1][safepoint    ] Safepoint "Cleanup", Time since last: 1000114382 ns, Reaching safepoint: 85075 ns, At safepoint: 9615 ns, Total: 94690 ns
[2020-09-11T18:36:50.697+0000][1][gc,start     ] GC(208) Pause Young (Allocation Failure)
[2020-09-11T18:36:50.697+0000][1][gc,task      ] GC(208) Using 1 workers of 1 for evacuation
[2020-09-11T18:36:50.731+0000][1][gc,age       ] GC(208) Desired survivor size 4358144 bytes, new threshold 6 (max threshold 6)
[2020-09-11T18:36:50.731+0000][1][gc,age       ] GC(208) Age table with threshold 6 (max threshold 6)
[2020-09-11T18:36:50.731+0000][1][gc,age       ] GC(208) - age   1:     196632 bytes,     196632 total
[2020-09-11T18:36:50.731+0000][1][gc,age       ] GC(208) - age   2:       8520 bytes,     205152 total
[2020-09-11T18:36:50.731+0000][1][gc,age       ] GC(208) - age   3:     902768 bytes,    1107920 total
[2020-09-11T18:36:50.731+0000][1][gc,age       ] GC(208) - age   4:     201016 bytes,    1308936 total
[2020-09-11T18:36:50.731+0000][1][gc,age       ] GC(208) - age   5:     121512 bytes,    1430448 total
[2020-09-11T18:36:50.731+0000][1][gc,age       ] GC(208) - age   6:     111440 bytes,    1541888 total
[2020-09-11T18:36:50.731+0000][1][gc,heap      ] GC(208) ParNew: 70548K->2861K(76672K)
[2020-09-11T18:36:50.731+0000][1][gc,heap      ] GC(208) CMS: 153504K->153507K(2011968K)
[2020-09-11T18:36:50.731+0000][1][gc,metaspace ] GC(208) Metaspace: 97270K->97270K(1138688K)
[2020-09-11T18:36:50.731+0000][1][gc           ] GC(208) Pause Young (Allocation Failure) 218M->152M(2039M) 34.144ms
[2020-09-11T18:36:50.731+0000][1][gc,cpu       ] GC(208) User=0.01s Sys=0.00s Real=0.03s
[2020-09-11T18:36:50.731+0000][1][safepoint    ] Safepoint "GenCollectForAllocation", Time since last: 547004538 ns, Reaching safepoint: 133296 ns, At safepoint: 34269790 ns, Total: 34403086 ns
[2020-09-11T18:36:51.740+0000][1][safepoint    ] Safepoint "Cleanup", Time since last: 1008759838 ns, Reaching safepoint: 87890 ns, At safepoint: 11527 ns, Total: 99417 ns
[2020-09-11T18:36:52.740+0000][1][safepoint    ] Safepoint "Cleanup", Time since last: 1000146000 ns, Reaching safepoint: 121563 ns, At safepoint: 18115 ns, Total: 139678 ns
[2020-09-11T18:36:53.365+0000][1][safepoint    ] Safepoint "RevokeBias", Time since last: 624150147 ns, Reaching safepoint: 169796 ns, At safepoint: 33595 ns, Total: 203391 ns
[2020-09-11T18:36:54.164+0000][1][safepoint    ] Safepoint "RevokeBias", Time since last: 798514168 ns, Reaching safepoint: 259529 ns, At safepoint: 291790 ns, Total: 551319 ns
[2020-09-11T18:36:54.171+0000][1][safepoint    ] Safepoint "RevokeBias", Time since last: 7122549 ns, Reaching safepoint: 92709 ns, At safepoint: 36368 ns, Total: 129077 ns
[2020-09-11T18:36:55.171+0000][1][safepoint    ] Safepoint "Cleanup", Time since last: 1000115637 ns, Reaching safepoint: 87809 ns, At safepoint: 9893 ns, Total: 97702 ns
[2020-09-11T18:36:56.171+0000][1][safepoint    ] Safepoint "Cleanup", Time since last: 1000117138 ns, Reaching safepoint: 85699 ns, At safepoint: 10109 ns, Total: 95808 ns
[2020-09-11T18:36:57.172+0000][1][safepoint    ] Safepoint "Cleanup", Time since last: 1000123933 ns, Reaching safepoint: 82894 ns, At safepoint: 8280 ns, Total: 91174 ns
[2020-09-11T18:36:58.172+0000][1][safepoint    ] Safepoint "Cleanup", Time since last: 1000423480 ns, Reaching safepoint: 86735 ns, At safepoint: 6692 ns, Total: 93427 ns
[2020-09-11T18:36:59.172+0000][1][safepoint    ] Safepoint "Cleanup", Time since last: 1000128614 ns, Reaching safepoint: 91318 ns, At safepoint: 8156 ns, Total: 99474 ns
[2020-09-11T18:36:59.198+0000][1][safepoint    ] Safepoint "RevokeBias", Time since last: 25434400 ns, Reaching safepoint: 210525 ns, At safepoint: 235594 ns, Total: 446119 ns
[2020-09-11T18:36:59.214+0000][1][safepoint    ] Safepoint "RevokeBias", Time since last: 15653709 ns, Reaching safepoint: 160134 ns, At safepoint: 22808 ns, Total: 182942 ns
[2020-09-11T18:37:00.214+0000][1][safepoint    ] Safepoint "Cleanup", Time since last: 1000113473 ns, Reaching safepoint: 93268 ns, At safepoint: 10176 ns, Total: 103444 ns
[2020-09-11T18:37:01.214+0000][1][safepoint    ] Safepoint "Cleanup", Time since last: 1000116352 ns, Reaching safepoint: 90343 ns, At safepoint: 9572 ns, Total: 99915 ns
[2020-09-11T18:37:02.215+0000][1][safepoint    ] Safepoint "Cleanup", Time since last: 1000120640 ns, Reaching safepoint: 85600 ns, At safepoint: 9211 ns, Total: 94811 ns
[2020-09-11T18:37:03.215+0000][1][safepoint    ] Safepoint "Cleanup", Time since last: 1000110971 ns, Reaching safepoint: 85344 ns, At safepoint: 8978 ns, Total: 94322 ns
[2020-09-11T18:37:04.215+0000][1][safepoint    ] Safepoint "Cleanup", Time since last: 1000112683 ns, Reaching safepoint: 84740 ns, At safepoint: 9589 ns, Total: 94329 ns
[2020-09-11T18:37:04.235+0000][1][safepoint    ] Safepoint "RevokeBias", Time since last: 19131861 ns, Reaching safepoint: 229763 ns, At safepoint: 288180 ns, Total: 517943 ns
[2020-09-11T18:37:04.247+0000][1][safepoint    ] Safepoint "RevokeBias", Time since last: 11857646 ns, Reaching safepoint: 174282 ns, At safepoint: 26947 ns, Total: 201229 ns
[2020-09-11T18:37:04.393+0000][1][safepoint    ] Safepoint "RevokeBias", Time since last: 146043278 ns, Reaching safepoint: 228949 ns, At safepoint: 298063 ns, Total: 527012 ns
[2020-09-11T18:37:05.394+0000][1][safepoint    ] Safepoint "Cleanup", Time since last: 1000112707 ns, Reaching safepoint: 85217 ns, At safepoint: 9226 ns, Total: 94443 ns
[2020-09-11T18:37:06.394+0000][1][safepoint    ] Safepoint "Cleanup", Time since last: 1000114495 ns, Reaching safepoint: 85108 ns, At safepoint: 9982 ns, Total: 95090 ns
[2020-09-11T18:37:07.394+0000][1][safepoint    ] Safepoint "Cleanup", Time since last: 1000115433 ns, Reaching safepoint: 88706 ns, At safepoint: 9063 ns, Total: 97769 ns
[2020-09-11T18:37:08.789+0000][1][gc,start     ] GC(209) Pause Young (Allocation Failure)
[2020-09-11T18:37:08.789+0000][1][gc,task      ] GC(209) Using 1 workers of 1 for evacuation
[2020-09-11T18:37:08.829+0000][1][gc,age       ] GC(209) Desired survivor size 4358144 bytes, new threshold 6 (max threshold 6)
[2020-09-11T18:37:08.829+0000][1][gc,age       ] GC(209) Age table with threshold 6 (max threshold 6)
[2020-09-11T18:37:08.829+0000][1][gc,age       ] GC(209) - age   1:     314504 bytes,     314504 total
[2020-09-11T18:37:08.829+0000][1][gc,age       ] GC(209) - age   2:      97320 bytes,     411824 total
[2020-09-11T18:37:08.829+0000][1][gc,age       ] GC(209) - age   3:       6256 bytes,     418080 total
[2020-09-11T18:37:08.829+0000][1][gc,age       ] GC(209) - age   4:     902568 bytes,    1320648 total
[2020-09-11T18:37:08.829+0000][1][gc,age       ] GC(209) - age   5:     201016 bytes,    1521664 total
[2020-09-11T18:37:08.829+0000][1][gc,age       ] GC(209) - age   6:     121480 bytes,    1643144 total
[2020-09-11T18:37:08.829+0000][1][gc,heap      ] GC(209) ParNew: 71021K->1844K(76672K)
[2020-09-11T18:37:08.829+0000][1][gc,heap      ] GC(209) CMS: 153507K->153616K(2011968K)
[2020-09-11T18:37:08.829+0000][1][gc,metaspace ] GC(209) Metaspace: 97272K->97272K(1138688K)
[2020-09-11T18:37:08.829+0000][1][gc           ] GC(209) Pause Young (Allocation Failure) 219M->151M(2039M) 40.251ms
[2020-09-11T18:37:08.829+0000][1][gc,cpu       ] GC(209) User=0.02s Sys=0.00s Real=0.04s
[2020-09-11T18:37:08.829+0000][1][safepoint    ] Safepoint "GenCollectForAllocation", Time since last: 1394929835 ns, Reaching safepoint: 85840 ns, At safepoint: 40371796 ns, Total: 40457636 ns
[2020-09-11T18:37:09.261+0000][1][safepoint    ] Safepoint "RevokeBias", Time since last: 431220785 ns, Reaching safepoint: 92563 ns, At safepoint: 65647 ns, Total: 158210 ns
[2020-09-11T18:37:09.265+0000][1][safepoint    ] Safepoint "RevokeBias", Time since last: 4101892 ns, Reaching safepoint: 87668 ns, At safepoint: 36032 ns, Total: 123700 ns
[2020-09-11T18:37:12.266+0000][1][safepoint    ] Safepoint "Cleanup", Time since last: 3000663214 ns, Reaching safepoint: 92410 ns, At safepoint: 10891 ns, Total: 103301 ns
[2020-09-11T18:37:14.288+0000][1][safepoint    ] Safepoint "RevokeBias", Time since last: 2021894649 ns, Reaching safepoint: 217049 ns, At safepoint: 280489 ns, Total: 497538 ns
[2020-09-11T18:37:14.295+0000][1][safepoint    ] Safepoint "RevokeBias", Time since last: 6606801 ns, Reaching safepoint: 87944 ns, At safepoint: 22628 ns, Total: 110572 ns
[2020-09-11T18:37:15.415+0000][1][safepoint    ] Safepoint "RevokeBias", Time since last: 1119187323 ns, Reaching safepoint: 225464 ns, At safepoint: 280759 ns, Total: 506223 ns
[2020-09-11T18:37:19.311+0000][1][safepoint    ] Safepoint "RevokeBias", Time since last: 3896758137 ns, Reaching safepoint: 111671 ns, At safepoint: 26440 ns, Total: 138111 ns
[2020-09-11T18:37:19.316+0000][1][safepoint    ] Safepoint "RevokeBias", Time since last: 4294410 ns, Reaching safepoint: 82703 ns, At safepoint: 23723 ns, Total: 106426 ns
[2020-09-11T18:37:20.316+0000][1][safepoint    ] Safepoint "Cleanup", Time since last: 1000117886 ns, Reaching safepoint: 92466 ns, At safepoint: 10208 ns, Total: 102674 ns
[2020-09-11T18:37:21.761+0000][1][safepoint    ] Safepoint "Cleanup", Time since last: 1444753200 ns, Reaching safepoint: 102820 ns, At safepoint: 10599 ns, Total: 113419 ns
[2020-09-11T18:37:24.332+0000][1][safepoint    ] Safepoint "RevokeBias", Time since last: 2570557423 ns, Reaching safepoint: 175005 ns, At safepoint: 27322 ns, Total: 202327 ns
[2020-09-11T18:37:24.335+0000][1][safepoint    ] Safepoint "RevokeBias", Time since last: 3636732 ns, Reaching safepoint: 84479 ns, At safepoint: 24652 ns, Total: 109131 ns
[2020-09-11T18:37:25.996+0000][1][safepoint    ] Safepoint "Cleanup", Time since last: 1659950058 ns, Reaching safepoint: 97076 ns, At safepoint: 10777 ns, Total: 107853 ns
[2020-09-11T18:37:26.432+0000][1][safepoint    ] Safepoint "RevokeBias", Time since last: 436693747 ns, Reaching safepoint: 105703 ns, At safepoint: 34025 ns, Total: 139728 ns
[2020-09-11T18:37:27.433+0000][1][safepoint    ] Safepoint "Cleanup", Time since last: 1000113985 ns, Reaching safepoint: 86784 ns, At safepoint: 10216 ns, Total: 97000 ns
[2020-09-11T18:37:28.433+0000][1][safepoint    ] Safepoint "Cleanup", Time since last: 1000112003 ns, Reaching safepoint: 95564 ns, At safepoint: 7583 ns, Total: 103147 ns
[2020-09-11T18:37:28.849+0000][1][gc,start     ] GC(210) Pause Young (Allocation Failure)
[2020-09-11T18:37:28.849+0000][1][gc,task      ] GC(210) Using 1 workers of 1 for evacuation
[2020-09-11T18:37:28.895+0000][1][gc,age       ] GC(210) Desired survivor size 4358144 bytes, new threshold 6 (max threshold 6)
[2020-09-11T18:37:28.895+0000][1][gc,age       ] GC(210) Age table with threshold 6 (max threshold 6)
[2020-09-11T18:37:28.895+0000][1][gc,age       ] GC(210) - age   1:     464400 bytes,     464400 total
[2020-09-11T18:37:28.895+0000][1][gc,age       ] GC(210) - age   2:     241008 bytes,     705408 total
[2020-09-11T18:37:28.895+0000][1][gc,age       ] GC(210) - age   3:      92264 bytes,     797672 total
[2020-09-11T18:37:28.895+0000][1][gc,age       ] GC(210) - age   4:       3776 bytes,     801448 total
[2020-09-11T18:37:28.895+0000][1][gc,age       ] GC(210) - age   5:     902344 bytes,    1703792 total
[2020-09-11T18:37:28.895+0000][1][gc,age       ] GC(210) - age   6:     201016 bytes,    1904808 total
[2020-09-11T18:37:28.895+0000][1][gc,heap      ] GC(210) ParNew: 70004K->2868K(76672K)
[2020-09-11T18:37:28.895+0000][1][gc,heap      ] GC(210) CMS: 153616K->153735K(2011968K)
[2020-09-11T18:37:28.895+0000][1][gc,metaspace ] GC(210) Metaspace: 97274K->97274K(1138688K)
[2020-09-11T18:37:28.895+0000][1][gc           ] GC(210) Pause Young (Allocation Failure) 218M->152M(2039M) 46.528ms
[2020-09-11T18:37:28.895+0000][1][gc,cpu       ] GC(210) User=0.02s Sys=0.00s Real=0.05s
[2020-09-11T18:37:28.895+0000][1][safepoint    ] Safepoint "GenCollectForAllocation", Time since last: 414145289 ns, Reaching safepoint: 1917668 ns, At safepoint: 46629392 ns, Total: 48547060 ns
[2020-09-11T18:37:29.355+0000][1][safepoint    ] Safepoint "RevokeBias", Time since last: 458925974 ns, Reaching safepoint: 94362 ns, At safepoint: 38789 ns, Total: 133151 ns
[2020-09-11T18:37:29.359+0000][1][safepoint    ] Safepoint "RevokeBias", Time since last: 4569695 ns, Reaching safepoint: 92336 ns, At safepoint: 38351 ns, Total: 130687 ns
[2020-09-11T18:37:30.360+0000][1][safepoint    ] Safepoint "Cleanup", Time since last: 1000438328 ns, Reaching safepoint: 95300 ns, At safepoint: 22585 ns, Total: 117885 ns
[2020-09-11T18:37:31.360+0000][1][safepoint    ] Safepoint "Cleanup", Time since last: 1000116692 ns, Reaching safepoint: 85811 ns, At safepoint: 10518 ns, Total: 96329 ns
[2020-09-11T18:37:32.360+0000][1][safepoint    ] Safepoint "Cleanup", Time since last: 1000116904 ns, Reaching safepoint: 84646 ns, At safepoint: 9820 ns, Total: 94466 ns
[2020-09-11T18:37:33.360+0000][1][safepoint    ] Safepoint "Cleanup", Time since last: 1000113492 ns, Reaching safepoint: 85911 ns, At safepoint: 9124 ns, Total: 95035 ns
[2020-09-11T18:37:34.361+0000][1][safepoint    ] Safepoint "Cleanup", Time since last: 1000114317 ns, Reaching safepoint: 88060 ns, At safepoint: 9996 ns, Total: 98056 ns
[2020-09-11T18:37:34.371+0000][1][safepoint    ] Safepoint "RevokeBias", Time since last: 9898586 ns, Reaching safepoint: 92737 ns, At safepoint: 22735 ns, Total: 115472 ns
[2020-09-11T18:37:34.375+0000][1][safepoint    ] Safepoint "RevokeBias", Time since last: 4161589 ns, Reaching safepoint: 94462 ns, At safepoint: 24638 ns, Total: 119100 ns
[2020-09-11T18:37:34.997+0000][1][safepoint    ] Safepoint "RevokeBias", Time since last: 618164577 ns, Reaching safepoint: 3785389 ns, At safepoint: 88344 ns, Total: 3873733 ns
[2020-09-11T18:37:35.997+0000][1][safepoint    ] Safepoint "Cleanup", Time since last: 1000113685 ns, Reaching safepoint: 99531 ns, At safepoint: 9668 ns, Total: 109199 ns
[2020-09-11T18:37:36.997+0000][1][safepoint    ] Safepoint "Cleanup", Time since last: 1000113080 ns, Reaching safepoint: 85340 ns, At safepoint: 9247 ns, Total: 94587 ns
[2020-09-11T18:37:37.459+0000][1][safepoint    ] Safepoint "RevokeBias", Time since last: 461029582 ns, Reaching safepoint: 169271 ns, At safepoint: 40824 ns, Total: 210095 ns
[2020-09-11T18:37:39.395+0000][1][safepoint    ] Safepoint "RevokeBias", Time since last: 1935771982 ns, Reaching safepoint: 99596 ns, At safepoint: 25544 ns, Total: 125140 ns
[2020-09-11T18:37:39.409+0000][1][safepoint    ] Safepoint "RevokeBias", Time since last: 11859044 ns, Reaching safepoint: 2615402 ns, At safepoint: 289970 ns, Total: 2905372 ns
[2020-09-11T18:37:40.410+0000][1][safepoint    ] Safepoint "Cleanup", Time since last: 1000113357 ns, Reaching safepoint: 85833 ns, At safepoint: 9054 ns, Total: 94887 ns
[2020-09-11T18:37:41.410+0000][1][safepoint    ] Safepoint "Cleanup", Time since last: 1000109097 ns, Reaching safepoint: 84076 ns, At safepoint: 8946 ns, Total: 93022 ns
[2020-09-11T18:37:42.410+0000][1][safepoint    ] Safepoint "Cleanup", Time since last: 1000150600 ns, Reaching safepoint: 87050 ns, At safepoint: 9208 ns, Total: 96258 ns
[2020-09-11T18:37:43.410+0000][1][safepoint    ] Safepoint "Cleanup", Time since last: 1000117126 ns, Reaching safepoint: 92765 ns, At safepoint: 10722 ns, Total: 103487 ns
[2020-09-11T18:37:44.410+0000][1][safepoint    ] Safepoint "Cleanup", Time since last: 1000115812 ns, Reaching safepoint: 85952 ns, At safepoint: 8641 ns, Total: 94593 ns
[2020-09-11T18:37:44.435+0000][1][safepoint    ] Safepoint "RevokeBias", Time since last: 24038229 ns, Reaching safepoint: 90975 ns, At safepoint: 26040 ns, Total: 117015 ns
[2020-09-11T18:37:44.441+0000][1][safepoint    ] Safepoint "RevokeBias", Time since last: 6287285 ns, Reaching safepoint: 95523 ns, At safepoint: 37232 ns, Total: 132755 ns
[2020-09-11T18:37:45.441+0000][1][safepoint    ] Safepoint "Cleanup", Time since last: 1000113729 ns, Reaching safepoint: 93357 ns, At safepoint: 9702 ns, Total: 103059 ns
[2020-09-11T18:37:46.441+0000][1][safepoint    ] Safepoint "Cleanup", Time since last: 1000113558 ns, Reaching safepoint: 85018 ns, At safepoint: 10360 ns, Total: 95378 ns
[2020-09-11T18:37:47.442+0000][1][safepoint    ] Safepoint "Cleanup", Time since last: 1000115981 ns, Reaching safepoint: 82257 ns, At safepoint: 10074 ns, Total: 92331 ns
[2020-09-11T18:37:47.893+0000][1][gc,start     ] GC(211) Pause Young (Allocation Failure)
[2020-09-11T18:37:47.893+0000][1][gc,task      ] GC(211) Using 1 workers of 1 for evacuation
[2020-09-11T18:37:47.926+0000][1][gc,age       ] GC(211) Desired survivor size 4358144 bytes, new threshold 6 (max threshold 6)
[2020-09-11T18:37:47.926+0000][1][gc,age       ] GC(211) Age table with threshold 6 (max threshold 6)
[2020-09-11T18:37:47.926+0000][1][gc,age       ] GC(211) - age   1:     113672 bytes,     113672 total
[2020-09-11T18:37:47.926+0000][1][gc,age       ] GC(211) - age   2:     392144 bytes,     505816 total
[2020-09-11T18:37:47.926+0000][1][gc,age       ] GC(211) - age   3:     237832 bytes,     743648 total
[2020-09-11T18:37:47.926+0000][1][gc,age       ] GC(211) - age   4:      92264 bytes,     835912 total
[2020-09-11T18:37:47.926+0000][1][gc,age       ] GC(211) - age   5:       3776 bytes,     839688 total
[2020-09-11T18:37:47.926+0000][1][gc,age       ] GC(211) - age   6:     902344 bytes,    1742032 total
[2020-09-11T18:37:47.926+0000][1][gc,heap      ] GC(211) ParNew: 71028K->1753K(76672K)
[2020-09-11T18:37:47.926+0000][1][gc,heap      ] GC(211) CMS: 153735K->153932K(2011968K)
[2020-09-11T18:37:47.926+0000][1][gc,metaspace ] GC(211) Metaspace: 97279K->97279K(1138688K)
[2020-09-11T18:37:47.926+0000][1][gc           ] GC(211) Pause Young (Allocation Failure) 219M->152M(2039M) 33.274ms
[2020-09-11T18:37:47.926+0000][1][gc,cpu       ] GC(211) User=0.02s Sys=0.00s Real=0.03s
[2020-09-11T18:37:47.927+0000][1][safepoint    ] Safepoint "GenCollectForAllocation", Time since last: 451227764 ns, Reaching safepoint: 172951 ns, At safepoint: 33756600 ns, Total: 33929551 ns
[2020-09-11T18:37:48.486+0000][1][safepoint    ] Safepoint "BulkRevokeBias", Time since last: 558778898 ns, Reaching safepoint: 93167 ns, At safepoint: 273652 ns, Total: 366819 ns
[2020-09-11T18:37:49.459+0000][1][safepoint    ] Safepoint "RevokeBias", Time since last: 972490372 ns, Reaching safepoint: 86522 ns, At safepoint: 46107 ns, Total: 132629 ns
[2020-09-11T18:37:49.470+0000][1][safepoint    ] Safepoint "RevokeBias", Time since last: 11321502 ns, Reaching safepoint: 95829 ns, At safepoint: 25236 ns, Total: 121065 ns
[2020-09-11T18:37:50.470+0000][1][safepoint    ] Safepoint "Cleanup", Time since last: 1000112316 ns, Reaching safepoint: 91773 ns, At safepoint: 9001 ns, Total: 100774 ns
[2020-09-11T18:37:51.470+0000][1][safepoint    ] Safepoint "Cleanup", Time since last: 1000115401 ns, Reaching safepoint: 90030 ns, At safepoint: 9869 ns, Total: 99899 ns
[2020-09-11T18:37:52.471+0000][1][safepoint    ] Safepoint "Cleanup", Time since last: 1000133628 ns, Reaching safepoint: 86772 ns, At safepoint: 9529 ns, Total: 96301 ns
[2020-09-11T18:37:53.471+0000][1][safepoint    ] Safepoint "Cleanup", Time since last: 1000121319 ns, Reaching safepoint: 84850 ns, At safepoint: 9533 ns, Total: 94383 ns
[2020-09-11T18:37:54.471+0000][1][safepoint    ] Safepoint "Cleanup", Time since last: 1000114649 ns, Reaching safepoint: 84592 ns, At safepoint: 8695 ns, Total: 93287 ns
[2020-09-11T18:37:54.492+0000][1][safepoint    ] Safepoint "RevokeBias", Time since last: 20903938 ns, Reaching safepoint: 91895 ns, At safepoint: 25377 ns, Total: 117272 ns
[2020-09-11T18:37:54.509+0000][1][safepoint    ] Safepoint "RevokeBias", Time since last: 16976664 ns, Reaching safepoint: 192678 ns, At safepoint: 26279 ns, Total: 218957 ns
[2020-09-11T18:37:54.942+0000][1][safepoint    ] Safepoint "RevokeBias", Time since last: 432512157 ns, Reaching safepoint: 167254 ns, At safepoint: 24488 ns, Total: 191742 ns
[2020-09-11T18:37:54.942+0000][1][safepoint    ] Safepoint "RevokeBias", Time since last: 108311 ns, Reaching safepoint: 138244 ns, At safepoint: 17702 ns, Total: 155946 ns
[2020-09-11T18:37:54.943+0000][1][safepoint    ] Safepoint "BulkRevokeBias", Time since last: 73742 ns, Reaching safepoint: 129465 ns, At safepoint: 217623 ns, Total: 347088 ns
[2020-09-11T18:37:55.943+0000][1][safepoint    ] Safepoint "Cleanup", Time since last: 1000095258 ns, Reaching safepoint: 85126 ns, At safepoint: 8786 ns, Total: 93912 ns
[2020-09-11T18:37:56.943+0000][1][safepoint    ] Safepoint "Cleanup", Time since last: 1000121671 ns, Reaching safepoint: 91628 ns, At safepoint: 7215 ns, Total: 98843 ns
[2020-09-11T18:37:57.943+0000][1][safepoint    ] Safepoint "Cleanup", Time since last: 1000114186 ns, Reaching safepoint: 93630 ns, At safepoint: 8635 ns, Total: 102265 ns
[2020-09-11T18:37:58.450+0000][1][gc,start     ] GC(212) Pause Young (Allocation Failure)
[2020-09-11T18:37:58.450+0000][1][gc,task      ] GC(212) Using 1 workers of 1 for evacuation
[2020-09-11T18:37:58.493+0000][1][gc,age       ] GC(212) Desired survivor size 4358144 bytes, new threshold 6 (max threshold 6)
[2020-09-11T18:37:58.493+0000][1][gc,age       ] GC(212) Age table with threshold 6 (max threshold 6)
[2020-09-11T18:37:58.493+0000][1][gc,age       ] GC(212) - age   1:     444072 bytes,     444072 total
[2020-09-11T18:37:58.493+0000][1][gc,age       ] GC(212) - age   2:      31952 bytes,     476024 total
[2020-09-11T18:37:58.493+0000][1][gc,age       ] GC(212) - age   3:     383424 bytes,     859448 total
[2020-09-11T18:37:58.493+0000][1][gc,age       ] GC(212) - age   4:     237632 bytes,    1097080 total
[2020-09-11T18:37:58.493+0000][1][gc,age       ] GC(212) - age   5:      92264 bytes,    1189344 total
[2020-09-11T18:37:58.493+0000][1][gc,age       ] GC(212) - age   6:       3776 bytes,    1193120 total
[2020-09-11T18:37:58.493+0000][1][gc,heap      ] GC(212) ParNew: 69913K->1714K(76672K)
[2020-09-11T18:37:58.493+0000][1][gc,heap      ] GC(212) CMS: 153932K->154813K(2011968K)
[2020-09-11T18:37:58.493+0000][1][gc,metaspace ] GC(212) Metaspace: 97284K->97284K(1138688K)
[2020-09-11T18:37:58.493+0000][1][gc           ] GC(212) Pause Young (Allocation Failure) 218M->152M(2039M) 43.925ms
[2020-09-11T18:37:58.494+0000][1][gc,cpu       ] GC(212) User=0.01s Sys=0.00s Real=0.05s
[2020-09-11T18:37:58.494+0000][1][safepoint    ] Safepoint "GenCollectForAllocation", Time since last: 506121481 ns, Reaching safepoint: 161867 ns, At safepoint: 43992816 ns, Total: 44154683 ns
[2020-09-11T18:37:59.505+0000][1][safepoint    ] Safepoint "Cleanup", Time since last: 1011399237 ns, Reaching safepoint: 86695 ns, At safepoint: 9888 ns, Total: 96583 ns
[2020-09-11T18:37:59.537+0000][1][safepoint    ] Safepoint "RevokeBias", Time since last: 31145167 ns, Reaching safepoint: 223100 ns, At safepoint: 296873 ns, Total: 519973 ns
[2020-09-11T18:37:59.540+0000][1][safepoint    ] Safepoint "RevokeBias", Time since last: 3421598 ns, Reaching safepoint: 87440 ns, At safepoint: 22798 ns, Total: 110238 ns
[2020-09-11T18:37:59.545+0000][1][safepoint    ] Safepoint "RevokeBias", Time since last: 4967689 ns, Reaching safepoint: 87907 ns, At safepoint: 23786 ns, Total: 111693 ns
[2020-09-11T18:38:00.546+0000][1][safepoint    ] Safepoint "Cleanup", Time since last: 1000112334 ns, Reaching safepoint: 89045 ns, At safepoint: 8695 ns, Total: 97740 ns
[2020-09-11T18:38:01.546+0000][1][safepoint    ] Safepoint "Cleanup", Time since last: 1000111536 ns, Reaching safepoint: 83605 ns, At safepoint: 9112 ns, Total: 92717 ns
[2020-09-11T18:38:02.546+0000][1][safepoint    ] Safepoint "Cleanup", Time since last: 1000113030 ns, Reaching safepoint: 85906 ns, At safepoint: 9020 ns, Total: 94926 ns
[2020-09-11T18:38:03.546+0000][1][safepoint    ] Safepoint "Cleanup", Time since last: 1000112386 ns, Reaching safepoint: 87790 ns, At safepoint: 9713 ns, Total: 97503 ns
[2020-09-11T18:38:04.559+0000][1][safepoint    ] Safepoint "RevokeBias", Time since last: 1012935160 ns, Reaching safepoint: 88402 ns, At safepoint: 24606 ns, Total: 113008 ns
[2020-09-11T18:38:04.565+0000][1][safepoint    ] Safepoint "RevokeBias", Time since last: 5453531 ns, Reaching safepoint: 115894 ns, At safepoint: 26080 ns, Total: 141974 ns
[2020-09-11T18:38:09.612+0000][1][safepoint    ] Safepoint "RevokeBias", Time since last: 5047113103 ns, Reaching safepoint: 94121 ns, At safepoint: 25272 ns, Total: 119393 ns
[2020-09-11T18:38:09.626+0000][1][safepoint    ] Safepoint "RevokeBias", Time since last: 13445891 ns, Reaching safepoint: 85148 ns, At safepoint: 22366 ns, Total: 107514 ns
[2020-09-11T18:38:10.567+0000][1][safepoint    ] Safepoint "RevokeBias", Time since last: 940837238 ns, Reaching safepoint: 94917 ns, At safepoint: 26915 ns, Total: 121832 ns
[2020-09-11T18:38:12.567+0000][1][safepoint    ] Safepoint "Cleanup", Time since last: 2000188173 ns, Reaching safepoint: 95725 ns, At safepoint: 9156 ns, Total: 104881 ns
[2020-09-11T18:38:14.643+0000][1][safepoint    ] Safepoint "RevokeBias", Time since last: 2076201507 ns, Reaching safepoint: 91731 ns, At safepoint: 26376 ns, Total: 118107 ns
[2020-09-11T18:38:14.647+0000][1][safepoint    ] Safepoint "RevokeBias", Time since last: 3643790 ns, Reaching safepoint: 89117 ns, At safepoint: 25924 ns, Total: 115041 ns
[2020-09-11T18:38:18.647+0000][1][safepoint    ] Safepoint "Cleanup", Time since last: 4000341136 ns, Reaching safepoint: 89045 ns, At safepoint: 5759 ns, Total: 94804 ns
[2020-09-11T18:38:18.693+0000][1][gc,start     ] GC(213) Pause Young (Allocation Failure)
[2020-09-11T18:38:18.693+0000][1][gc,task      ] GC(213) Using 1 workers of 1 for evacuation
[2020-09-11T18:38:18.721+0000][1][gc,age       ] GC(213) Desired survivor size 4358144 bytes, new threshold 6 (max threshold 6)
[2020-09-11T18:38:18.721+0000][1][gc,age       ] GC(213) Age table with threshold 6 (max threshold 6)
[2020-09-11T18:38:18.721+0000][1][gc,age       ] GC(213) - age   1:     240120 bytes,     240120 total
[2020-09-11T18:38:18.721+0000][1][gc,age       ] GC(213) - age   2:     351536 bytes,     591656 total
[2020-09-11T18:38:18.721+0000][1][gc,age       ] GC(213) - age   3:      24408 bytes,     616064 total
[2020-09-11T18:38:18.721+0000][1][gc,age       ] GC(213) - age   4:     383168 bytes,     999232 total
[2020-09-11T18:38:18.721+0000][1][gc,age       ] GC(213) - age   5:     237536 bytes,    1236768 total
[2020-09-11T18:38:18.721+0000][1][gc,age       ] GC(213) - age   6:      92168 bytes,    1328936 total
[2020-09-11T18:38:18.721+0000][1][gc,heap      ] GC(213) ParNew: 69874K->1302K(76672K)
[2020-09-11T18:38:18.721+0000][1][gc,heap      ] GC(213) CMS: 154813K->154817K(2011968K)
[2020-09-11T18:38:18.721+0000][1][gc,metaspace ] GC(213) Metaspace: 97297K->97297K(1138688K)
[2020-09-11T18:38:18.725+0000][1][gc           ] GC(213) Pause Young (Allocation Failure) 219M->152M(2039M) 31.842ms
[2020-09-11T18:38:18.725+0000][1][gc,cpu       ] GC(213) User=0.01s Sys=0.00s Real=0.03s
[2020-09-11T18:38:18.725+0000][1][safepoint    ] Safepoint "GenCollectForAllocation", Time since last: 41868673 ns, Reaching safepoint: 3699012 ns, At safepoint: 31941988 ns, Total: 35641000 ns
[2020-09-11T18:38:19.665+0000][1][safepoint    ] Safepoint "RevokeBias", Time since last: 939523932 ns, Reaching safepoint: 118705 ns, At safepoint: 42004 ns, Total: 160709 ns
[2020-09-11T18:38:19.669+0000][1][safepoint    ] Safepoint "RevokeBias", Time since last: 4244302 ns, Reaching safepoint: 99368 ns, At safepoint: 50672 ns, Total: 150040 ns
[2020-09-11T18:38:21.605+0000][1][safepoint    ] Safepoint "RevokeBias", Time since last: 1936175461 ns, Reaching safepoint: 172648 ns, At safepoint: 26135 ns, Total: 198783 ns
[2020-09-11T18:38:24.687+0000][1][safepoint    ] Safepoint "RevokeBias", Time since last: 3081052187 ns, Reaching safepoint: 278163 ns, At safepoint: 287192 ns, Total: 565355 ns
[2020-09-11T18:38:24.691+0000][1][safepoint    ] Safepoint "RevokeBias", Time since last: 4177226 ns, Reaching safepoint: 170680 ns, At safepoint: 23631 ns, Total: 194311 ns
[2020-09-11T18:38:27.692+0000][1][safepoint    ] Safepoint "Cleanup", Time since last: 3000267551 ns, Reaching safepoint: 92659 ns, At safepoint: 10106 ns, Total: 102765 ns
[2020-09-11T18:38:29.701+0000][1][safepoint    ] Safepoint "RevokeBias", Time since last: 2009288739 ns, Reaching safepoint: 219981 ns, At safepoint: 245167 ns, Total: 465148 ns
[2020-09-11T18:38:29.710+0000][1][safepoint    ] Safepoint "RevokeBias", Time since last: 8959566 ns, Reaching safepoint: 90202 ns, At safepoint: 22178 ns, Total: 112380 ns
[2020-09-11T18:38:30.713+0000][1][safepoint    ] Safepoint "Cleanup", Time since last: 1001089043 ns, Reaching safepoint: 1397049 ns, At safepoint: 16894 ns, Total: 1413943 ns
[2020-09-11T18:38:31.714+0000][1][safepoint    ] Safepoint "Cleanup", Time since last: 1000855161 ns, Reaching safepoint: 93188 ns, At safepoint: 9335 ns, Total: 102523 ns
[2020-09-11T18:38:32.632+0000][1][safepoint    ] Safepoint "RevokeBias", Time since last: 917546181 ns, Reaching safepoint: 220713 ns, At safepoint: 292853 ns, Total: 513566 ns
[2020-09-11T18:38:33.632+0000][1][safepoint    ] Safepoint "Cleanup", Time since last: 1000119290 ns, Reaching safepoint: 86632 ns, At safepoint: 9909 ns, Total: 96541 ns
[2020-09-11T18:38:34.632+0000][1][safepoint    ] Safepoint "Cleanup", Time since last: 1000132910 ns, Reaching safepoint: 85216 ns, At safepoint: 9428 ns, Total: 94644 ns
[2020-09-11T18:38:34.725+0000][1][safepoint    ] Safepoint "RevokeBias", Time since last: 92906676 ns, Reaching safepoint: 91298 ns, At safepoint: 25212 ns, Total: 116510 ns
[2020-09-11T18:38:34.733+0000][1][safepoint    ] Safepoint "RevokeBias", Time since last: 7796049 ns, Reaching safepoint: 108059 ns, At safepoint: 26496 ns, Total: 134555 ns
[2020-09-11T18:38:35.734+0000][1][safepoint    ] Safepoint "Cleanup", Time since last: 1000113008 ns, Reaching safepoint: 90513 ns, At safepoint: 9756 ns, Total: 100269 ns
[2020-09-11T18:38:36.734+0000][1][safepoint    ] Safepoint "Cleanup", Time since last: 1000135250 ns, Reaching safepoint: 86317 ns, At safepoint: 9759 ns, Total: 96076 ns
[2020-09-11T18:38:37.734+0000][1][safepoint    ] Safepoint "Cleanup", Time since last: 1000117480 ns, Reaching safepoint: 87785 ns, At safepoint: 10693 ns, Total: 98478 ns
[2020-09-11T18:38:38.405+0000][1][gc,start     ] GC(214) Pause Young (Allocation Failure)
[2020-09-11T18:38:38.405+0000][1][gc,task      ] GC(214) Using 1 workers of 1 for evacuation
[2020-09-11T18:38:38.432+0000][1][gc,age       ] GC(214) Desired survivor size 4358144 bytes, new threshold 6 (max threshold 6)
[2020-09-11T18:38:38.432+0000][1][gc,age       ] GC(214) Age table with threshold 6 (max threshold 6)
[2020-09-11T18:38:38.432+0000][1][gc,age       ] GC(214) - age   1:     115920 bytes,     115920 total
[2020-09-11T18:38:38.432+0000][1][gc,age       ] GC(214) - age   2:      53256 bytes,     169176 total
[2020-09-11T18:38:38.432+0000][1][gc,age       ] GC(214) - age   3:     347776 bytes,     516952 total
[2020-09-11T18:38:38.432+0000][1][gc,age       ] GC(214) - age   4:      23168 bytes,     540120 total
[2020-09-11T18:38:38.432+0000][1][gc,age       ] GC(214) - age   5:     383136 bytes,     923256 total
[2020-09-11T18:38:38.432+0000][1][gc,age       ] GC(214) - age   6:     237536 bytes,    1160792 total
[2020-09-11T18:38:38.432+0000][1][gc,heap      ] GC(214) ParNew: 69462K->1298K(76672K)
[2020-09-11T18:38:38.432+0000][1][gc,heap      ] GC(214) CMS: 154817K->154907K(2011968K)
[2020-09-11T18:38:38.432+0000][1][gc,metaspace ] GC(214) Metaspace: 97298K->97298K(1138688K)
[2020-09-11T18:38:38.432+0000][1][gc           ] GC(214) Pause Young (Allocation Failure) 219M->152M(2039M) 26.867ms
[2020-09-11T18:38:38.432+0000][1][gc,cpu       ] GC(214) User=0.02s Sys=0.00s Real=0.02s
[2020-09-11T18:38:38.433+0000][1][safepoint    ] Safepoint "GenCollectForAllocation", Time since last: 668232407 ns, Reaching safepoint: 2535727 ns, At safepoint: 27941949 ns, Total: 30477676 ns
[2020-09-11T18:38:39.445+0000][1][safepoint    ] Safepoint "Cleanup", Time since last: 1012175242 ns, Reaching safepoint: 89977 ns, At safepoint: 9536 ns, Total: 99513 ns
[2020-09-11T18:38:39.751+0000][1][safepoint    ] Safepoint "RevokeBias", Time since last: 306199538 ns, Reaching safepoint: 91322 ns, At safepoint: 25894 ns, Total: 117216 ns
[2020-09-11T18:38:39.755+0000][1][safepoint    ] Safepoint "RevokeBias", Time since last: 3573912 ns, Reaching safepoint: 87211 ns, At safepoint: 25358 ns, Total: 112569 ns
[2020-09-11T18:38:40.755+0000][1][safepoint    ] Safepoint "Cleanup", Time since last: 1000114155 ns, Reaching safepoint: 88931 ns, At safepoint: 9575 ns, Total: 98506 ns
[2020-09-11T18:38:41.756+0000][1][safepoint    ] Safepoint "Cleanup", Time since last: 1000121482 ns, Reaching safepoint: 143584 ns, At safepoint: 13230 ns, Total: 156814 ns
[2020-09-11T18:38:42.756+0000][1][safepoint    ] Safepoint "Cleanup", Time since last: 1000115670 ns, Reaching safepoint: 87796 ns, At safepoint: 22603 ns, Total: 110399 ns
[2020-09-11T18:38:43.660+0000][1][safepoint    ] Safepoint "RevokeBias", Time since last: 903580786 ns, Reaching safepoint: 222974 ns, At safepoint: 295188 ns, Total: 518162 ns
[2020-09-11T18:38:44.660+0000][1][safepoint    ] Safepoint "Cleanup", Time since last: 1000114825 ns, Reaching safepoint: 85591 ns, At safepoint: 9262 ns, Total: 94853 ns
[2020-09-11T18:38:44.770+0000][1][safepoint    ] Safepoint "RevokeBias", Time since last: 109956058 ns, Reaching safepoint: 172429 ns, At safepoint: 27175 ns, Total: 199604 ns
[2020-09-11T18:38:44.774+0000][1][safepoint    ] Safepoint "RevokeBias", Time since last: 3616936 ns, Reaching safepoint: 100190 ns, At safepoint: 25301 ns, Total: 125491 ns
[2020-09-11T18:38:45.774+0000][1][safepoint    ] Safepoint "Cleanup", Time since last: 1000111730 ns, Reaching safepoint: 86112 ns, At safepoint: 9548 ns, Total: 95660 ns
[2020-09-11T18:38:46.774+0000][1][safepoint    ] Safepoint "Cleanup", Time since last: 1000116592 ns, Reaching safepoint: 85007 ns, At safepoint: 9027 ns, Total: 94034 ns
[2020-09-11T18:38:47.775+0000][1][safepoint    ] Safepoint "Cleanup", Time since last: 1000113883 ns, Reaching safepoint: 85261 ns, At safepoint: 9133 ns, Total: 94394 ns
[2020-09-11T18:38:48.775+0000][1][safepoint    ] Safepoint "Cleanup", Time since last: 1000109342 ns, Reaching safepoint: 88818 ns, At safepoint: 7647 ns, Total: 96465 ns
[2020-09-11T18:38:49.775+0000][1][safepoint    ] Safepoint "Cleanup", Time since last: 1000130306 ns, Reaching safepoint: 89153 ns, At safepoint: 9576 ns, Total: 98729 ns
[2020-09-11T18:38:49.802+0000][1][safepoint    ] Safepoint "RevokeBias", Time since last: 26658690 ns, Reaching safepoint: 91191 ns, At safepoint: 24580 ns, Total: 115771 ns
[2020-09-11T18:38:49.808+0000][1][safepoint    ] Safepoint "RevokeBias", Time since last: 6425385 ns, Reaching safepoint: 88145 ns, At safepoint: 26932 ns, Total: 115077 ns
[2020-09-11T18:38:50.809+0000][1][safepoint    ] Safepoint "Cleanup", Time since last: 1000109800 ns, Reaching safepoint: 90242 ns, At safepoint: 10186 ns, Total: 100428 ns
[2020-09-11T18:38:51.809+0000][1][safepoint    ] Safepoint "Cleanup", Time since last: 1000118401 ns, Reaching safepoint: 101465 ns, At safepoint: 9481 ns, Total: 110946 ns
[2020-09-11T18:38:52.809+0000][1][safepoint    ] Safepoint "Cleanup", Time since last: 1000110370 ns, Reaching safepoint: 85749 ns, At safepoint: 9734 ns, Total: 95483 ns
[2020-09-11T18:38:53.809+0000][1][safepoint    ] Safepoint "Cleanup", Time since last: 1000126193 ns, Reaching safepoint: 86519 ns, At safepoint: 9312 ns, Total: 95831 ns
[2020-09-11T18:38:54.689+0000][1][safepoint    ] Safepoint "BulkRevokeBias", Time since last: 879127221 ns, Reaching safepoint: 95538 ns, At safepoint: 260409 ns, Total: 355947 ns
[2020-09-11T18:38:54.827+0000][1][safepoint    ] Safepoint "RevokeBias", Time since last: 137597388 ns, Reaching safepoint: 225609 ns, At safepoint: 295422 ns, Total: 521031 ns
[2020-09-11T18:38:54.831+0000][1][safepoint    ] Safepoint "RevokeBias", Time since last: 4166681 ns, Reaching safepoint: 172684 ns, At safepoint: 37835 ns, Total: 210519 ns
[2020-09-11T18:38:55.831+0000][1][safepoint    ] Safepoint "Cleanup", Time since last: 1000113431 ns, Reaching safepoint: 85453 ns, At safepoint: 10273 ns, Total: 95726 ns
[2020-09-11T18:38:56.046+0000][1][gc,start     ] GC(215) Pause Young (Allocation Failure)
[2020-09-11T18:38:56.046+0000][1][gc,task      ] GC(215) Using 1 workers of 1 for evacuation
[2020-09-11T18:38:56.078+0000][1][gc,age       ] GC(215) Desired survivor size 4358144 bytes, new threshold 6 (max threshold 6)
[2020-09-11T18:38:56.078+0000][1][gc,age       ] GC(215) Age table with threshold 6 (max threshold 6)
[2020-09-11T18:38:56.078+0000][1][gc,age       ] GC(215) - age   1:      97408 bytes,      97408 total
[2020-09-11T18:38:56.078+0000][1][gc,age       ] GC(215) - age   2:      19632 bytes,     117040 total
[2020-09-11T18:38:56.078+0000][1][gc,age       ] GC(215) - age   3:      48816 bytes,     165856 total
[2020-09-11T18:38:56.078+0000][1][gc,age       ] GC(215) - age   4:     347712 bytes,     513568 total
[2020-09-11T18:38:56.078+0000][1][gc,age       ] GC(215) - age   5:      23128 bytes,     536696 total
[2020-09-11T18:38:56.078+0000][1][gc,age       ] GC(215) - age   6:     383136 bytes,     919832 total
[2020-09-11T18:38:56.078+0000][1][gc,heap      ] GC(215) ParNew: 69458K->1174K(76672K)
[2020-09-11T18:38:56.078+0000][1][gc,heap      ] GC(215) CMS: 154907K->155139K(2011968K)
[2020-09-11T18:38:56.078+0000][1][gc,metaspace ] GC(215) Metaspace: 97300K->97300K(1138688K)
[2020-09-11T18:38:56.078+0000][1][gc           ] GC(215) Pause Young (Allocation Failure) 219M->152M(2039M) 31.754ms
[2020-09-11T18:38:56.078+0000][1][gc,cpu       ] GC(215) User=0.02s Sys=0.00s Real=0.03s
[2020-09-11T18:38:56.078+0000][1][safepoint    ] Safepoint "GenCollectForAllocation", Time since last: 214695013 ns, Reaching safepoint: 190824 ns, At safepoint: 31824770 ns, Total: 32015594 ns
[2020-09-11T18:38:57.091+0000][1][safepoint    ] Safepoint "Cleanup", Time since last: 1013234392 ns, Reaching safepoint: 85874 ns, At safepoint: 8741 ns, Total: 94615 ns
[2020-09-11T18:38:58.092+0000][1][safepoint    ] Safepoint "Cleanup", Time since last: 1000110241 ns, Reaching safepoint: 86153 ns, At safepoint: 9139 ns, Total: 95292 ns
[2020-09-11T18:38:59.092+0000][1][safepoint    ] Safepoint "Cleanup", Time since last: 1000115457 ns, Reaching safepoint: 91570 ns, At safepoint: 9579 ns, Total: 101149 ns
[2020-09-11T18:38:59.855+0000][1][safepoint    ] Safepoint "RevokeBias", Time since last: 762390643 ns, Reaching safepoint: 223297 ns, At safepoint: 292768 ns, Total: 516065 ns
[2020-09-11T18:38:59.860+0000][1][safepoint    ] Safepoint "RevokeBias", Time since last: 5459224 ns, Reaching safepoint: 90135 ns, At safepoint: 24987 ns, Total: 115122 ns
[2020-09-11T18:39:00.861+0000][1][safepoint    ] Safepoint "Cleanup", Time since last: 1000117421 ns, Reaching safepoint: 87129 ns, At safepoint: 10295 ns, Total: 97424 ns
[2020-09-11T18:39:01.861+0000][1][safepoint    ] Safepoint "Cleanup", Time since last: 1000121331 ns, Reaching safepoint: 106557 ns, At safepoint: 9713 ns, Total: 116270 ns
[2020-09-11T18:39:02.861+0000][1][safepoint    ] Safepoint "Cleanup", Time since last: 1000108760 ns, Reaching safepoint: 83572 ns, At safepoint: 10259 ns, Total: 93831 ns
[2020-09-11T18:39:03.861+0000][1][safepoint    ] Safepoint "Cleanup", Time since last: 1000127639 ns, Reaching safepoint: 95452 ns, At safepoint: 10106 ns, Total: 105558 ns
[2020-09-11T18:39:04.861+0000][1][safepoint    ] Safepoint "Cleanup", Time since last: 1000111625 ns, Reaching safepoint: 84355 ns, At safepoint: 10143 ns, Total: 94498 ns
[2020-09-11T18:39:04.874+0000][1][safepoint    ] Safepoint "RevokeBias", Time since last: 12835858 ns, Reaching safepoint: 89734 ns, At safepoint: 27030 ns, Total: 116764 ns
[2020-09-11T18:39:04.883+0000][1][safepoint    ] Safepoint "RevokeBias", Time since last: 8210942 ns, Reaching safepoint: 174188 ns, At safepoint: 27241 ns, Total: 201429 ns
[2020-09-11T18:39:05.716+0000][1][safepoint    ] Safepoint "RevokeBias", Time since last: 832654988 ns, Reaching safepoint: 223877 ns, At safepoint: 290323 ns, Total: 514200 ns
[2020-09-11T18:39:06.716+0000][1][safepoint    ] Safepoint "Cleanup", Time since last: 1000117100 ns, Reaching safepoint: 85219 ns, At safepoint: 9355 ns, Total: 94574 ns
[2020-09-11T18:39:07.716+0000][1][safepoint    ] Safepoint "Cleanup", Time since last: 1000127556 ns, Reaching safepoint: 86610 ns, At safepoint: 10026 ns, Total: 96636 ns
[2020-09-11T18:39:08.717+0000][1][safepoint    ] Safepoint "Cleanup", Time since last: 1000117449 ns, Reaching safepoint: 88505 ns, At safepoint: 8780 ns, Total: 97285 ns
[2020-09-11T18:39:09.717+0000][1][safepoint    ] Safepoint "Cleanup", Time since last: 1000125928 ns, Reaching safepoint: 87325 ns, At safepoint: 9184 ns, Total: 96509 ns
[2020-09-11T18:39:09.899+0000][1][safepoint    ] Safepoint "RevokeBias", Time since last: 182267179 ns, Reaching safepoint: 91351 ns, At safepoint: 25864 ns, Total: 117215 ns
[2020-09-11T18:39:09.903+0000][1][safepoint    ] Safepoint "RevokeBias", Time since last: 3508605 ns, Reaching safepoint: 229094 ns, At safepoint: 299623 ns, Total: 528717 ns
[2020-09-11T18:39:10.904+0000][1][safepoint    ] Safepoint "Cleanup", Time since last: 1000126879 ns, Reaching safepoint: 86691 ns, At safepoint: 10392 ns, Total: 97083 ns
[2020-09-11T18:39:11.904+0000][1][safepoint    ] Safepoint "Cleanup", Time since last: 1000116648 ns, Reaching safepoint: 84031 ns, At safepoint: 9927 ns, Total: 93958 ns
[2020-09-11T18:39:12.904+0000][1][safepoint    ] Safepoint "Cleanup", Time since last: 1000115638 ns, Reaching safepoint: 90961 ns, At safepoint: 10092 ns, Total: 101053 ns
[2020-09-11T18:39:13.904+0000][1][safepoint    ] Safepoint "Cleanup", Time since last: 1000113683 ns, Reaching safepoint: 84036 ns, At safepoint: 9497 ns, Total: 93533 ns
[2020-09-11T18:39:14.904+0000][1][safepoint    ] Safepoint "Cleanup", Time since last: 1000110046 ns, Reaching safepoint: 83364 ns, At safepoint: 8854 ns, Total: 92218 ns
[2020-09-11T18:39:14.919+0000][1][safepoint    ] Safepoint "RevokeBias", Time since last: 13963848 ns, Reaching safepoint: 223384 ns, At safepoint: 295889 ns, Total: 519273 ns
[2020-09-11T18:39:14.923+0000][1][safepoint    ] Safepoint "RevokeBias", Time since last: 4187767 ns, Reaching safepoint: 90088 ns, At safepoint: 24624 ns, Total: 114712 ns
[2020-09-11T18:39:15.923+0000][1][safepoint    ] Safepoint "Cleanup", Time since last: 1000114142 ns, Reaching safepoint: 87679 ns, At safepoint: 10993 ns, Total: 98672 ns
[2020-09-11T18:39:16.748+0000][1][safepoint    ] Safepoint "RevokeBias", Time since last: 824194687 ns, Reaching safepoint: 227698 ns, At safepoint: 285825 ns, Total: 513523 ns
[2020-09-11T18:39:17.748+0000][1][safepoint    ] Safepoint "Cleanup", Time since last: 1000132890 ns, Reaching safepoint: 89330 ns, At safepoint: 11366 ns, Total: 100696 ns
[2020-09-11T18:39:17.965+0000][1][gc,start     ] GC(216) Pause Young (Allocation Failure)
[2020-09-11T18:39:17.965+0000][1][gc,task      ] GC(216) Using 1 workers of 1 for evacuation
[2020-09-11T18:39:17.998+0000][1][gc,age       ] GC(216) Desired survivor size 4358144 bytes, new threshold 6 (max threshold 6)
[2020-09-11T18:39:17.998+0000][1][gc,age       ] GC(216) Age table with threshold 6 (max threshold 6)
[2020-09-11T18:39:17.998+0000][1][gc,age       ] GC(216) - age   1:     106704 bytes,     106704 total
[2020-09-11T18:39:17.998+0000][1][gc,age       ] GC(216) - age   2:      15168 bytes,     121872 total
[2020-09-11T18:39:17.998+0000][1][gc,age       ] GC(216) - age   3:      16016 bytes,     137888 total
[2020-09-11T18:39:17.998+0000][1][gc,age       ] GC(216) - age   4:      45944 bytes,     183832 total
[2020-09-11T18:39:17.998+0000][1][gc,age       ] GC(216) - age   5:     347712 bytes,     531544 total
[2020-09-11T18:39:17.998+0000][1][gc,age       ] GC(216) - age   6:      23128 bytes,     554672 total
[2020-09-11T18:39:17.998+0000][1][gc,heap      ] GC(216) ParNew: 69334K->967K(76672K)
[2020-09-11T18:39:17.998+0000][1][gc,heap      ] GC(216) CMS: 155139K->155513K(2011968K)
[2020-09-11T18:39:17.998+0000][1][gc,metaspace ] GC(216) Metaspace: 97311K->97311K(1138688K)
[2020-09-11T18:39:17.998+0000][1][gc           ] GC(216) Pause Young (Allocation Failure) 219M->152M(2039M) 33.581ms
[2020-09-11T18:39:17.998+0000][1][gc,cpu       ] GC(216) User=0.01s Sys=0.00s Real=0.03s
[2020-09-11T18:39:17.999+0000][1][safepoint    ] Safepoint "GenCollectForAllocation", Time since last: 213318146 ns, Reaching safepoint: 3249914 ns, At safepoint: 33733198 ns, Total: 36983112 ns
[2020-09-11T18:39:19.013+0000][1][safepoint    ] Safepoint "Cleanup", Time since last: 1010534478 ns, Reaching safepoint: 3733567 ns, At safepoint: 15085 ns, Total: 3748652 ns
[2020-09-11T18:39:19.935+0000][1][safepoint    ] Safepoint "RevokeBias", Time since last: 922493493 ns, Reaching safepoint: 105666 ns, At safepoint: 31642 ns, Total: 137308 ns
[2020-09-11T18:39:19.943+0000][1][safepoint    ] Safepoint "RevokeBias", Time since last: 7481456 ns, Reaching safepoint: 88898 ns, At safepoint: 25271 ns, Total: 114169 ns
[2020-09-11T18:39:24.959+0000][1][safepoint    ] Safepoint "RevokeBias", Time since last: 5015949096 ns, Reaching safepoint: 102240 ns, At safepoint: 27109 ns, Total: 129349 ns
[2020-09-11T18:39:24.967+0000][1][safepoint    ] Safepoint "RevokeBias", Time since last: 7294229 ns, Reaching safepoint: 244247 ns, At safepoint: 301269 ns, Total: 545516 ns
[2020-09-11T18:39:27.776+0000][1][safepoint    ] Safepoint "RevokeBias", Time since last: 2809275240 ns, Reaching safepoint: 172097 ns, At safepoint: 26593 ns, Total: 198690 ns
[2020-09-11T18:39:28.781+0000][1][safepoint    ] Safepoint "Cleanup", Time since last: 1004282410 ns, Reaching safepoint: 200794 ns, At safepoint: 11932 ns, Total: 212726 ns
[2020-09-11T18:39:29.781+0000][1][safepoint    ] Safepoint "Cleanup", Time since last: 1000115268 ns, Reaching safepoint: 87641 ns, At safepoint: 8958 ns, Total: 96599 ns
[2020-09-11T18:39:30.005+0000][1][safepoint    ] Safepoint "RevokeBias", Time since last: 221685831 ns, Reaching safepoint: 2025413 ns, At safepoint: 397838 ns, Total: 2423251 ns
[2020-09-11T18:39:30.014+0000][1][safepoint    ] Safepoint "RevokeBias", Time since last: 8862644 ns, Reaching safepoint: 90336 ns, At safepoint: 24826 ns, Total: 115162 ns
[2020-09-11T18:39:31.015+0000][1][safepoint    ] Safepoint "Cleanup", Time since last: 1000112280 ns, Reaching safepoint: 117585 ns, At safepoint: 10669 ns, Total: 128254 ns
[2020-09-11T18:39:32.015+0000][1][safepoint    ] Safepoint "Cleanup", Time since last: 1000108854 ns, Reaching safepoint: 84501 ns, At safepoint: 9101 ns, Total: 93602 ns
[2020-09-11T18:39:33.015+0000][1][safepoint    ] Safepoint "Cleanup", Time since last: 1000115603 ns, Reaching safepoint: 90473 ns, At safepoint: 9861 ns, Total: 100334 ns
[2020-09-11T18:39:34.015+0000][1][safepoint    ] Safepoint "Cleanup", Time since last: 1000112128 ns, Reaching safepoint: 87756 ns, At safepoint: 9275 ns, Total: 97031 ns
[2020-09-11T18:39:34.029+0000][1][gc,start     ] GC(217) Pause Young (Allocation Failure)
[2020-09-11T18:39:34.029+0000][1][gc,task      ] GC(217) Using 1 workers of 1 for evacuation
[2020-09-11T18:39:34.059+0000][1][gc,age       ] GC(217) Desired survivor size 4358144 bytes, new threshold 6 (max threshold 6)
[2020-09-11T18:39:34.059+0000][1][gc,age       ] GC(217) Age table with threshold 6 (max threshold 6)
[2020-09-11T18:39:34.059+0000][1][gc,age       ] GC(217) - age   1:     161296 bytes,     161296 total
[2020-09-11T18:39:34.059+0000][1][gc,age       ] GC(217) - age   2:      11104 bytes,     172400 total
[2020-09-11T18:39:34.059+0000][1][gc,age       ] GC(217) - age   3:      13088 bytes,     185488 total
[2020-09-11T18:39:34.059+0000][1][gc,age       ] GC(217) - age   4:      15984 bytes,     201472 total
[2020-09-11T18:39:34.059+0000][1][gc,age       ] GC(217) - age   5:      45944 bytes,     247416 total
[2020-09-11T18:39:34.059+0000][1][gc,age       ] GC(217) - age   6:     347712 bytes,     595128 total
[2020-09-11T18:39:34.059+0000][1][gc,heap      ] GC(217) ParNew: 69127K->889K(76672K)
[2020-09-11T18:39:34.059+0000][1][gc,heap      ] GC(217) CMS: 155513K->155536K(2011968K)
[2020-09-11T18:39:34.059+0000][1][gc,metaspace ] GC(217) Metaspace: 97366K->97366K(1138688K)
[2020-09-11T18:39:34.059+0000][1][gc           ] GC(217) Pause Young (Allocation Failure) 219M->152M(2039M) 29.988ms
[2020-09-11T18:39:34.059+0000][1][gc,cpu       ] GC(217) User=0.01s Sys=0.00s Real=0.03s
[2020-09-11T18:39:34.059+0000][1][safepoint    ] Safepoint "GenCollectForAllocation", Time since last: 10772855 ns, Reaching safepoint: 2938142 ns, At safepoint: 30060418 ns, Total: 32998560 ns
[2020-09-11T18:39:35.045+0000][1][safepoint    ] Safepoint "RevokeBias", Time since last: 985591759 ns, Reaching safepoint: 83929 ns, At safepoint: 22371 ns, Total: 106300 ns
[2020-09-11T18:39:35.051+0000][1][safepoint    ] Safepoint "RevokeBias", Time since last: 5917056 ns, Reaching safepoint: 89511 ns, At safepoint: 23193 ns, Total: 112704 ns
[2020-09-11T18:39:36.051+0000][1][safepoint    ] Safepoint "Cleanup", Time since last: 1000106478 ns, Reaching safepoint: 86453 ns, At safepoint: 9260 ns, Total: 95713 ns
[2020-09-11T18:39:37.051+0000][1][safepoint    ] Safepoint "Cleanup", Time since last: 1000112898 ns, Reaching safepoint: 87461 ns, At safepoint: 9063 ns, Total: 96524 ns
[2020-09-11T18:39:38.051+0000][1][safepoint    ] Safepoint "Cleanup", Time since last: 1000113604 ns, Reaching safepoint: 85344 ns, At safepoint: 8306 ns, Total: 93650 ns
[2020-09-11T18:39:38.798+0000][1][safepoint    ] Safepoint "RevokeBias", Time since last: 746137981 ns, Reaching safepoint: 223143 ns, At safepoint: 284388 ns, Total: 507531 ns
[2020-09-11T18:39:39.798+0000][1][safepoint    ] Safepoint "Cleanup", Time since last: 1000114512 ns, Reaching safepoint: 85642 ns, At safepoint: 9385 ns, Total: 95027 ns
[2020-09-11T18:39:40.078+0000][1][safepoint    ] Safepoint "RevokeBias", Time since last: 279932497 ns, Reaching safepoint: 90805 ns, At safepoint: 25303 ns, Total: 116108 ns
[2020-09-11T18:39:40.082+0000][1][safepoint    ] Safepoint "RevokeBias", Time since last: 3956673 ns, Reaching safepoint: 87320 ns, At safepoint: 37656 ns, Total: 124976 ns
[2020-09-11T18:39:41.082+0000][1][safepoint    ] Safepoint "Cleanup", Time since last: 1000111708 ns, Reaching safepoint: 89864 ns, At safepoint: 9441 ns, Total: 99305 ns
[2020-09-11T18:39:42.083+0000][1][safepoint    ] Safepoint "Cleanup", Time since last: 1000117210 ns, Reaching safepoint: 84579 ns, At safepoint: 8941 ns, Total: 93520 ns
[2020-09-11T18:39:43.083+0000][1][safepoint    ] Safepoint "Cleanup", Time since last: 1000112464 ns, Reaching safepoint: 91459 ns, At safepoint: 8732 ns, Total: 100191 ns
[2020-09-11T18:39:44.083+0000][1][safepoint    ] Safepoint "Cleanup", Time since last: 1000107991 ns, Reaching safepoint: 83512 ns, At safepoint: 8538 ns, Total: 92050 ns
[2020-09-11T18:39:45.083+0000][1][safepoint    ] Safepoint "Cleanup", Time since last: 1000110708 ns, Reaching safepoint: 102076 ns, At safepoint: 10258 ns, Total: 112334 ns
[2020-09-11T18:39:45.103+0000][1][safepoint    ] Safepoint "RevokeBias", Time since last: 18963497 ns, Reaching safepoint: 236466 ns, At safepoint: 283771 ns, Total: 520237 ns
[2020-09-11T18:39:45.109+0000][1][safepoint    ] Safepoint "RevokeBias", Time since last: 5755766 ns, Reaching safepoint: 91487 ns, At safepoint: 24961 ns, Total: 116448 ns
[2020-09-11T18:39:46.109+0000][1][safepoint    ] Safepoint "Cleanup", Time since last: 1000110281 ns, Reaching safepoint: 88962 ns, At safepoint: 9647 ns, Total: 98609 ns
[2020-09-11T18:39:47.109+0000][1][safepoint    ] Safepoint "Cleanup", Time since last: 1000128499 ns, Reaching safepoint: 84082 ns, At safepoint: 9984 ns, Total: 94066 ns
[2020-09-11T18:39:48.109+0000][1][safepoint    ] Safepoint "Cleanup", Time since last: 1000111017 ns, Reaching safepoint: 87213 ns, At safepoint: 10051 ns, Total: 97264 ns
[2020-09-11T18:39:49.110+0000][1][safepoint    ] Safepoint "Cleanup", Time since last: 1000110666 ns, Reaching safepoint: 91005 ns, At safepoint: 10082 ns, Total: 101087 ns
[2020-09-11T18:39:49.824+0000][1][safepoint    ] Safepoint "RevokeBias", Time since last: 713978854 ns, Reaching safepoint: 96736 ns, At safepoint: 27775 ns, Total: 124511 ns
[2020-09-11T18:39:50.121+0000][1][safepoint    ] Safepoint "RevokeBias", Time since last: 297213299 ns, Reaching safepoint: 92496 ns, At safepoint: 25472 ns, Total: 117968 ns
[2020-09-11T18:39:50.125+0000][1][safepoint    ] Safepoint "RevokeBias", Time since last: 3456685 ns, Reaching safepoint: 86588 ns, At safepoint: 23752 ns, Total: 110340 ns
[2020-09-11T18:39:50.712+0000][1][gc,start     ] GC(218) Pause Young (Allocation Failure)
[2020-09-11T18:39:50.712+0000][1][gc,task      ] GC(218) Using 1 workers of 1 for evacuation
[2020-09-11T18:39:50.748+0000][1][gc,age       ] GC(218) Desired survivor size 4358144 bytes, new threshold 6 (max threshold 6)
[2020-09-11T18:39:50.748+0000][1][gc,age       ] GC(218) Age table with threshold 6 (max threshold 6)
[2020-09-11T18:39:50.748+0000][1][gc,age       ] GC(218) - age   1:     383288 bytes,     383288 total
[2020-09-11T18:39:50.748+0000][1][gc,age       ] GC(218) - age   2:      90584 bytes,     473872 total
[2020-09-11T18:39:50.748+0000][1][gc,age       ] GC(218) - age   3:       7128 bytes,     481000 total
[2020-09-11T18:39:50.748+0000][1][gc,age       ] GC(218) - age   4:      11720 bytes,     492720 total
[2020-09-11T18:39:50.748+0000][1][gc,age       ] GC(218) - age   5:      15984 bytes,     508704 total
[2020-09-11T18:39:50.748+0000][1][gc,age       ] GC(218) - age   6:      45816 bytes,     554520 total
[2020-09-11T18:39:50.748+0000][1][gc,heap      ] GC(218) ParNew: 69049K->547K(76672K)
[2020-09-11T18:39:50.748+0000][1][gc,heap      ] GC(218) CMS: 155536K->155877K(2011968K)
[2020-09-11T18:39:50.748+0000][1][gc,metaspace ] GC(218) Metaspace: 97395K->97395K(1138688K)
[2020-09-11T18:39:50.748+0000][1][gc           ] GC(218) Pause Young (Allocation Failure) 219M->152M(2039M) 35.578ms
[2020-09-11T18:39:50.748+0000][1][gc,cpu       ] GC(218) User=0.02s Sys=0.00s Real=0.04s
[2020-09-11T18:39:50.754+0000][1][safepoint    ] Safepoint "GenCollectForAllocation", Time since last: 587536227 ns, Reaching safepoint: 167416 ns, At safepoint: 42016094 ns, Total: 42183510 ns
[2020-09-11T18:39:51.762+0000][1][safepoint    ] Safepoint "Cleanup", Time since last: 1007455794 ns, Reaching safepoint: 106226 ns, At safepoint: 10117 ns, Total: 116343 ns
[2020-09-11T18:39:52.762+0000][1][safepoint    ] Safepoint "Cleanup", Time since last: 1000106296 ns, Reaching safepoint: 88419 ns, At safepoint: 22943 ns, Total: 111362 ns
[2020-09-11T18:39:53.762+0000][1][safepoint    ] Safepoint "Cleanup", Time since last: 1000109648 ns, Reaching safepoint: 91682 ns, At safepoint: 8679 ns, Total: 100361 ns
[2020-09-11T18:39:54.762+0000][1][safepoint    ] Safepoint "Cleanup", Time since last: 1000108555 ns, Reaching safepoint: 85884 ns, At safepoint: 9271 ns, Total: 95155 ns
[2020-09-11T18:39:55.143+0000][1][safepoint    ] Safepoint "RevokeBias", Time since last: 380683714 ns, Reaching safepoint: 91662 ns, At safepoint: 47046 ns, Total: 138708 ns
[2020-09-11T18:39:55.149+0000][1][safepoint    ] Safepoint "RevokeBias", Time since last: 5139158 ns, Reaching safepoint: 89142 ns, At safepoint: 24897 ns, Total: 114039 ns
[2020-09-11T18:39:56.149+0000][1][safepoint    ] Safepoint "Cleanup", Time since last: 1000119053 ns, Reaching safepoint: 98105 ns, At safepoint: 35871 ns, Total: 133976 ns
[2020-09-11T18:39:57.149+0000][1][safepoint    ] Safepoint "Cleanup", Time since last: 1000119177 ns, Reaching safepoint: 87450 ns, At safepoint: 9702 ns, Total: 97152 ns
[2020-09-11T18:39:58.149+0000][1][safepoint    ] Safepoint "Cleanup", Time since last: 1000128498 ns, Reaching safepoint: 85775 ns, At safepoint: 9302 ns, Total: 95077 ns
[2020-09-11T18:39:59.149+0000][1][safepoint    ] Safepoint "Cleanup", Time since last: 1000138096 ns, Reaching safepoint: 86111 ns, At safepoint: 9483 ns, Total: 95594 ns
[2020-09-11T18:40:00.150+0000][1][safepoint    ] Safepoint "Cleanup", Time since last: 1000112813 ns, Reaching safepoint: 85847 ns, At safepoint: 9108 ns, Total: 94955 ns
[2020-09-11T18:40:00.162+0000][1][safepoint    ] Safepoint "BulkRevokeBias", Time since last: 12007461 ns, Reaching safepoint: 92859 ns, At safepoint: 258139 ns, Total: 350998 ns
[2020-09-11T18:40:00.166+0000][1][safepoint    ] Safepoint "RevokeBias", Time since last: 3522838 ns, Reaching safepoint: 220507 ns, At safepoint: 316218 ns, Total: 536725 ns
[2020-09-11T18:40:00.843+0000][1][safepoint    ] Safepoint "RevokeBias", Time since last: 677027398 ns, Reaching safepoint: 94803 ns, At safepoint: 26017 ns, Total: 120820 ns
[2020-09-11T18:40:01.843+0000][1][safepoint    ] Safepoint "Cleanup", Time since last: 1000115993 ns, Reaching safepoint: 85668 ns, At safepoint: 8936 ns, Total: 94604 ns
[2020-09-11T18:40:02.844+0000][1][safepoint    ] Safepoint "Cleanup", Time since last: 1000116361 ns, Reaching safepoint: 89277 ns, At safepoint: 9457 ns, Total: 98734 ns
[2020-09-11T18:40:03.844+0000][1][safepoint    ] Safepoint "Cleanup", Time since last: 1000115716 ns, Reaching safepoint: 93736 ns, At safepoint: 10266 ns, Total: 104002 ns
[2020-09-11T18:40:04.844+0000][1][safepoint    ] Safepoint "Cleanup", Time since last: 1000113089 ns, Reaching safepoint: 85738 ns, At safepoint: 9960 ns, Total: 95698 ns
[2020-09-11T18:40:05.179+0000][1][safepoint    ] Safepoint "RevokeBias", Time since last: 334208697 ns, Reaching safepoint: 218324 ns, At safepoint: 283374 ns, Total: 501698 ns
[2020-09-11T18:40:05.183+0000][1][safepoint    ] Safepoint "RevokeBias", Time since last: 4125702 ns, Reaching safepoint: 172265 ns, At safepoint: 34022 ns, Total: 206287 ns
[2020-09-11T18:40:06.183+0000][1][safepoint    ] Safepoint "Cleanup", Time since last: 1000110801 ns, Reaching safepoint: 84780 ns, At safepoint: 8785 ns, Total: 93565 ns
[2020-09-11T18:40:07.184+0000][1][safepoint    ] Safepoint "Cleanup", Time since last: 1000115318 ns, Reaching safepoint: 85650 ns, At safepoint: 9155 ns, Total: 94805 ns
[2020-09-11T18:40:08.184+0000][1][safepoint    ] Safepoint "Cleanup", Time since last: 1000115125 ns, Reaching safepoint: 87029 ns, At safepoint: 10764 ns, Total: 97793 ns
[2020-09-11T18:40:09.184+0000][1][safepoint    ] Safepoint "Cleanup", Time since last: 1000118368 ns, Reaching safepoint: 92991 ns, At safepoint: 10428 ns, Total: 103419 ns
[2020-09-11T18:40:10.197+0000][1][safepoint    ] Safepoint "RevokeBias", Time since last: 1012913307 ns, Reaching safepoint: 227609 ns, At safepoint: 333267 ns, Total: 560876 ns
[2020-09-11T18:40:10.204+0000][1][safepoint    ] Safepoint "RevokeBias", Time since last: 6514666 ns, Reaching safepoint: 93256 ns, At safepoint: 26038 ns, Total: 119294 ns
[2020-09-11T18:40:11.204+0000][1][safepoint    ] Safepoint "Cleanup", Time since last: 1000123503 ns, Reaching safepoint: 100994 ns, At safepoint: 9084 ns, Total: 110078 ns
[2020-09-11T18:40:11.872+0000][1][safepoint    ] Safepoint "RevokeBias", Time since last: 667174877 ns, Reaching safepoint: 221597 ns, At safepoint: 293782 ns, Total: 515379 ns
[2020-09-11T18:40:12.186+0000][1][gc,start     ] GC(219) Pause Young (Allocation Failure)
[2020-09-11T18:40:12.186+0000][1][gc,task      ] GC(219) Using 1 workers of 1 for evacuation
[2020-09-11T18:40:12.215+0000][1][gc,age       ] GC(219) Desired survivor size 4358144 bytes, new threshold 6 (max threshold 6)
[2020-09-11T18:40:12.215+0000][1][gc,age       ] GC(219) Age table with threshold 6 (max threshold 6)
[2020-09-11T18:40:12.215+0000][1][gc,age       ] GC(219) - age   1:     237912 bytes,     237912 total
[2020-09-11T18:40:12.215+0000][1][gc,age       ] GC(219) - age   2:     287616 bytes,     525528 total
[2020-09-11T18:40:12.215+0000][1][gc,age       ] GC(219) - age   3:      83408 bytes,     608936 total
[2020-09-11T18:40:12.215+0000][1][gc,age       ] GC(219) - age   4:       6424 bytes,     615360 total
[2020-09-11T18:40:12.215+0000][1][gc,age       ] GC(219) - age   5:      11688 bytes,     627048 total
[2020-09-11T18:40:12.215+0000][1][gc,age       ] GC(219) - age   6:      15952 bytes,     643000 total
[2020-09-11T18:40:12.215+0000][1][gc,heap      ] GC(219) ParNew: 68707K->1085K(76672K)
[2020-09-11T18:40:12.215+0000][1][gc,heap      ] GC(219) CMS: 155877K->155922K(2011968K)
[2020-09-11T18:40:12.215+0000][1][gc,metaspace ] GC(219) Metaspace: 97447K->97447K(1138688K)
[2020-09-11T18:40:12.216+0000][1][gc           ] GC(219) Pause Young (Allocation Failure) 219M->153M(2039M) 29.813ms
[2020-09-11T18:40:12.216+0000][1][gc,cpu       ] GC(219) User=0.01s Sys=0.00s Real=0.03s
[2020-09-11T18:40:12.217+0000][1][safepoint    ] Safepoint "GenCollectForAllocation", Time since last: 313512862 ns, Reaching safepoint: 179666 ns, At safepoint: 31238208 ns, Total: 31417874 ns
[2020-09-11T18:40:15.211+0000][1][safepoint    ] Safepoint "RevokeBias", Time since last: 2993988797 ns, Reaching safepoint: 91789 ns, At safepoint: 26140 ns, Total: 117929 ns
[2020-09-11T18:40:15.223+0000][1][safepoint    ] Safepoint "RevokeBias", Time since last: 12320698 ns, Reaching safepoint: 89105 ns, At safepoint: 24037 ns, Total: 113142 ns
[2020-09-11T18:40:19.224+0000][1][safepoint    ] Safepoint "Cleanup", Time since last: 4000345371 ns, Reaching safepoint: 95235 ns, At safepoint: 9844 ns, Total: 105079 ns
[2020-09-11T18:40:20.243+0000][1][safepoint    ] Safepoint "RevokeBias", Time since last: 1018651402 ns, Reaching safepoint: 85334 ns, At safepoint: 25310 ns, Total: 110644 ns
[2020-09-11T18:40:20.249+0000][1][safepoint    ] Safepoint "RevokeBias", Time since last: 6215294 ns, Reaching safepoint: 93801 ns, At safepoint: 25074 ns, Total: 118875 ns
[2020-09-11T18:40:22.890+0000][1][safepoint    ] Safepoint "RevokeBias", Time since last: 2640834572 ns, Reaching safepoint: 259837 ns, At safepoint: 336395 ns, Total: 596232 ns
[2020-09-11T18:40:25.263+0000][1][safepoint    ] Safepoint "RevokeBias", Time since last: 2372827153 ns, Reaching safepoint: 97051 ns, At safepoint: 35283 ns, Total: 132334 ns
[2020-09-11T18:40:25.269+0000][1][safepoint    ] Safepoint "RevokeBias", Time since last: 5660999 ns, Reaching safepoint: 89184 ns, At safepoint: 25126 ns, Total: 114310 ns
[2020-09-11T18:40:29.270+0000][1][safepoint    ] Safepoint "Cleanup", Time since last: 4000338828 ns, Reaching safepoint: 91128 ns, At safepoint: 8799 ns, Total: 99927 ns
[2020-09-11T18:40:30.287+0000][1][safepoint    ] Safepoint "RevokeBias", Time since last: 1017567879 ns, Reaching safepoint: 92013 ns, At safepoint: 24946 ns, Total: 116959 ns
[2020-09-11T18:40:30.291+0000][1][safepoint    ] Safepoint "RevokeBias", Time since last: 3499319 ns, Reaching safepoint: 85493 ns, At safepoint: 23920 ns, Total: 109413 ns
[2020-09-11T18:40:30.713+0000][1][gc,start     ] GC(220) Pause Young (Allocation Failure)
[2020-09-11T18:40:30.713+0000][1][gc,task      ] GC(220) Using 1 workers of 1 for evacuation
[2020-09-11T18:40:30.762+0000][1][gc,age       ] GC(220) Desired survivor size 4358144 bytes, new threshold 6 (max threshold 6)
[2020-09-11T18:40:30.762+0000][1][gc,age       ] GC(220) Age table with threshold 6 (max threshold 6)
[2020-09-11T18:40:30.762+0000][1][gc,age       ] GC(220) - age   1:    1110472 bytes,    1110472 total
[2020-09-11T18:40:30.762+0000][1][gc,age       ] GC(220) - age   2:      47496 bytes,    1157968 total
[2020-09-11T18:40:30.762+0000][1][gc,age       ] GC(220) - age   3:     284072 bytes,    1442040 total
[2020-09-11T18:40:30.762+0000][1][gc,age       ] GC(220) - age   4:      83312 bytes,    1525352 total
[2020-09-11T18:40:30.762+0000][1][gc,age       ] GC(220) - age   5:       6392 bytes,    1531744 total
[2020-09-11T18:40:30.762+0000][1][gc,age       ] GC(220) - age   6:      11688 bytes,    1543432 total
[2020-09-11T18:40:30.762+0000][1][gc,heap      ] GC(220) ParNew: 69245K->1855K(76672K)
[2020-09-11T18:40:30.762+0000][1][gc,heap      ] GC(220) CMS: 155922K->155938K(2011968K)
[2020-09-11T18:40:30.762+0000][1][gc,metaspace ] GC(220) Metaspace: 97447K->97447K(1138688K)
[2020-09-11T18:40:30.762+0000][1][gc           ] GC(220) Pause Young (Allocation Failure) 219M->154M(2039M) 49.295ms
[2020-09-11T18:40:30.762+0000][1][gc,cpu       ] GC(220) User=0.02s Sys=0.00s Real=0.05s
[2020-09-11T18:40:30.762+0000][1][safepoint    ] Safepoint "GenCollectForAllocation", Time since last: 421971148 ns, Reaching safepoint: 180000 ns, At safepoint: 49369225 ns, Total: 49549225 ns
[2020-09-11T18:40:33.911+0000][1][safepoint    ] Safepoint "RevokeBias", Time since last: 3148016528 ns, Reaching safepoint: 172353 ns, At safepoint: 27838 ns, Total: 200191 ns
[2020-09-11T18:40:35.305+0000][1][safepoint    ] Safepoint "RevokeBias", Time since last: 1390684754 ns, Reaching safepoint: 3591356 ns, At safepoint: 304599 ns, Total: 3895955 ns
[2020-09-11T18:40:35.313+0000][1][safepoint    ] Safepoint "RevokeBias", Time since last: 7308955 ns, Reaching safepoint: 91781 ns, At safepoint: 25318 ns, Total: 117099 ns
[2020-09-11T18:40:40.320+0000][1][safepoint    ] Safepoint "RevokeBias", Time since last: 5006482714 ns, Reaching safepoint: 223900 ns, At safepoint: 287908 ns, Total: 511808 ns
[2020-09-11T18:40:40.336+0000][1][safepoint    ] Safepoint "RevokeBias", Time since last: 16077133 ns, Reaching safepoint: 90209 ns, At safepoint: 25148 ns, Total: 115357 ns
[2020-09-11T18:40:43.337+0000][1][safepoint    ] Safepoint "Cleanup", Time since last: 3000995699 ns, Reaching safepoint: 90771 ns, At safepoint: 9503 ns, Total: 100274 ns
[2020-09-11T18:40:44.933+0000][1][safepoint    ] Safepoint "RevokeBias", Time since last: 1596046935 ns, Reaching safepoint: 92920 ns, At safepoint: 24514 ns, Total: 117434 ns
[2020-09-11T18:40:45.345+0000][1][safepoint    ] Safepoint "RevokeBias", Time since last: 411602575 ns, Reaching safepoint: 192517 ns, At safepoint: 306537 ns, Total: 499054 ns
[2020-09-11T18:40:45.350+0000][1][safepoint    ] Safepoint "RevokeBias", Time since last: 4203833 ns, Reaching safepoint: 168578 ns, At safepoint: 25582 ns, Total: 194160 ns
[2020-09-11T18:40:49.137+0000][1][gc,start     ] GC(221) Pause Young (Allocation Failure)
[2020-09-11T18:40:49.137+0000][1][gc,task      ] GC(221) Using 1 workers of 1 for evacuation
[2020-09-11T18:40:49.178+0000][1][gc,age       ] GC(221) Desired survivor size 4358144 bytes, new threshold 6 (max threshold 6)
[2020-09-11T18:40:49.178+0000][1][gc,age       ] GC(221) Age table with threshold 6 (max threshold 6)
[2020-09-11T18:40:49.178+0000][1][gc,age       ] GC(221) - age   1:      93032 bytes,      93032 total
[2020-09-11T18:40:49.178+0000][1][gc,age       ] GC(221) - age   2:    1010864 bytes,    1103896 total
[2020-09-11T18:40:49.178+0000][1][gc,age       ] GC(221) - age   3:      45896 bytes,    1149792 total
[2020-09-11T18:40:49.178+0000][1][gc,age       ] GC(221) - age   4:     284008 bytes,    1433800 total
[2020-09-11T18:40:49.178+0000][1][gc,age       ] GC(221) - age   5:      83312 bytes,    1517112 total
[2020-09-11T18:40:49.178+0000][1][gc,age       ] GC(221) - age   6:       6392 bytes,    1523504 total
[2020-09-11T18:40:49.178+0000][1][gc,heap      ] GC(221) ParNew: 70015K->2446K(76672K)
[2020-09-11T18:40:49.178+0000][1][gc,heap      ] GC(221) CMS: 155938K->155949K(2011968K)
[2020-09-11T18:40:49.178+0000][1][gc,metaspace ] GC(221) Metaspace: 97448K->97448K(1138688K)
[2020-09-11T18:40:49.178+0000][1][gc           ] GC(221) Pause Young (Allocation Failure) 220M->154M(2039M) 41.287ms
[2020-09-11T18:40:49.178+0000][1][gc,cpu       ] GC(221) User=0.02s Sys=0.00s Real=0.04s
[2020-09-11T18:40:49.181+0000][1][safepoint    ] Safepoint "GenCollectForAllocation", Time since last: 3786764672 ns, Reaching safepoint: 153810 ns, At safepoint: 44327631 ns, Total: 44481441 ns
[2020-09-11T18:40:50.371+0000][1][safepoint    ] Safepoint "RevokeBias", Time since last: 1190500217 ns, Reaching safepoint: 88542 ns, At safepoint: 40270 ns, Total: 128812 ns
[2020-09-11T18:40:50.380+0000][1][safepoint    ] Safepoint "RevokeBias", Time since last: 8181891 ns, Reaching safepoint: 91985 ns, At safepoint: 39705 ns, Total: 131690 ns
[2020-09-11T18:40:55.384+0000][1][safepoint    ] Safepoint "RevokeBias", Time since last: 5004152149 ns, Reaching safepoint: 225040 ns, At safepoint: 303217 ns, Total: 528257 ns
[2020-09-11T18:40:55.399+0000][1][safepoint    ] Safepoint "RevokeBias", Time since last: 14120610 ns, Reaching safepoint: 174313 ns, At safepoint: 26604 ns, Total: 200917 ns
[2020-09-11T18:40:55.969+0000][1][safepoint    ] Safepoint "RevokeBias", Time since last: 569811218 ns, Reaching safepoint: 232279 ns, At safepoint: 231699 ns, Total: 463978 ns
[2020-09-11T18:41:00.414+0000][1][safepoint    ] Safepoint "RevokeBias", Time since last: 4445103101 ns, Reaching safepoint: 95669 ns, At safepoint: 24759 ns, Total: 120428 ns
[2020-09-11T18:41:00.430+0000][1][safepoint    ] Safepoint "RevokeBias", Time since last: 15530705 ns, Reaching safepoint: 86046 ns, At safepoint: 25450 ns, Total: 111496 ns
[2020-09-11T18:41:05.436+0000][1][safepoint    ] Safepoint "BulkRevokeBias", Time since last: 5005744354 ns, Reaching safepoint: 186293 ns, At safepoint: 259183 ns, Total: 445476 ns
[2020-09-11T18:41:05.440+0000][1][safepoint    ] Safepoint "RevokeBias", Time since last: 3397341 ns, Reaching safepoint: 85379 ns, At safepoint: 24785 ns, Total: 110164 ns
[2020-09-11T18:41:06.987+0000][1][safepoint    ] Safepoint "RevokeBias", Time since last: 1546701007 ns, Reaching safepoint: 170838 ns, At safepoint: 28658 ns, Total: 199496 ns
[2020-09-11T18:41:07.987+0000][1][safepoint    ] Safepoint "Cleanup", Time since last: 1000118189 ns, Reaching safepoint: 92150 ns, At safepoint: 10249 ns, Total: 102399 ns
[2020-09-11T18:41:08.557+0000][1][gc,start     ] GC(222) Pause Young (Allocation Failure)
[2020-09-11T18:41:08.557+0000][1][gc,task      ] GC(222) Using 1 workers of 1 for evacuation
[2020-09-11T18:41:08.601+0000][1][gc,age       ] GC(222) Desired survivor size 4358144 bytes, new threshold 6 (max threshold 6)
[2020-09-11T18:41:08.601+0000][1][gc,age       ] GC(222) Age table with threshold 6 (max threshold 6)
[2020-09-11T18:41:08.601+0000][1][gc,age       ] GC(222) - age   1:     104808 bytes,     104808 total
[2020-09-11T18:41:08.601+0000][1][gc,age       ] GC(222) - age   2:      20920 bytes,     125728 total
[2020-09-11T18:41:08.601+0000][1][gc,age       ] GC(222) - age   3:    1008168 bytes,    1133896 total
[2020-09-11T18:41:08.601+0000][1][gc,age       ] GC(222) - age   4:      42080 bytes,    1175976 total
[2020-09-11T18:41:08.601+0000][1][gc,age       ] GC(222) - age   5:     284008 bytes,    1459984 total
[2020-09-11T18:41:08.601+0000][1][gc,age       ] GC(222) - age   6:      83312 bytes,    1543296 total
[2020-09-11T18:41:08.601+0000][1][gc,heap      ] GC(222) ParNew: 70606K->2843K(76672K)
[2020-09-11T18:41:08.601+0000][1][gc,heap      ] GC(222) CMS: 155949K->155955K(2011968K)
[2020-09-11T18:41:08.601+0000][1][gc,metaspace ] GC(222) Metaspace: 97451K->97451K(1138688K)
[2020-09-11T18:41:08.601+0000][1][gc           ] GC(222) Pause Young (Allocation Failure) 221M->155M(2039M) 44.263ms
[2020-09-11T18:41:08.601+0000][1][gc,cpu       ] GC(222) User=0.02s Sys=0.00s Real=0.05s
[2020-09-11T18:41:08.601+0000][1][safepoint    ] Safepoint "GenCollectForAllocation", Time since last: 569377150 ns, Reaching safepoint: 704189 ns, At safepoint: 44331441 ns, Total: 45035630 ns
[2020-09-11T18:41:10.472+0000][1][safepoint    ] Safepoint "RevokeBias", Time since last: 1869981447 ns, Reaching safepoint: 223921 ns, At safepoint: 281570 ns, Total: 505491 ns
[2020-09-11T18:41:10.476+0000][1][safepoint    ] Safepoint "RevokeBias", Time since last: 3998754 ns, Reaching safepoint: 94185 ns, At safepoint: 23695 ns, Total: 117880 ns
[2020-09-11T18:41:12.476+0000][1][safepoint    ] Safepoint "Cleanup", Time since last: 2000177375 ns, Reaching safepoint: 103209 ns, At safepoint: 8883 ns, Total: 112092 ns
[2020-09-11T18:41:15.476+0000][1][safepoint    ] Safepoint "Cleanup", Time since last: 3000271993 ns, Reaching safepoint: 92077 ns, At safepoint: 8805 ns, Total: 100882 ns
[2020-09-11T18:41:15.500+0000][1][safepoint    ] Safepoint "RevokeBias", Time since last: 23488178 ns, Reaching safepoint: 92958 ns, At safepoint: 25243 ns, Total: 118201 ns
[2020-09-11T18:41:15.504+0000][1][safepoint    ] Safepoint "RevokeBias", Time since last: 3532032 ns, Reaching safepoint: 217739 ns, At safepoint: 289861 ns, Total: 507600 ns
[2020-09-11T18:41:18.005+0000][1][safepoint    ] Safepoint "RevokeBias", Time since last: 2501059385 ns, Reaching safepoint: 96282 ns, At safepoint: 24853 ns, Total: 121135 ns
[2020-09-11T18:41:20.517+0000][1][safepoint    ] Safepoint "RevokeBias", Time since last: 2511961498 ns, Reaching safepoint: 112717 ns, At safepoint: 26996 ns, Total: 139713 ns
[2020-09-11T18:41:20.522+0000][1][safepoint    ] Safepoint "RevokeBias", Time since last: 4041559 ns, Reaching safepoint: 90654 ns, At safepoint: 23538 ns, Total: 114192 ns
[2020-09-11T18:41:25.522+0000][1][safepoint    ] Safepoint "Cleanup", Time since last: 5000413019 ns, Reaching safepoint: 91784 ns, At safepoint: 10614 ns, Total: 102398 ns
[2020-09-11T18:41:25.527+0000][1][safepoint    ] Safepoint "RevokeBias", Time since last: 4706592 ns, Reaching safepoint: 229568 ns, At safepoint: 302140 ns, Total: 531708 ns
[2020-09-11T18:41:25.531+0000][1][safepoint    ] Safepoint "RevokeBias", Time since last: 3984608 ns, Reaching safepoint: 95950 ns, At safepoint: 25038 ns, Total: 120988 ns
[2020-09-11T18:41:26.541+0000][1][safepoint    ] Safepoint "Cleanup", Time since last: 1005400414 ns, Reaching safepoint: 4112703 ns, At safepoint: 13052 ns, Total: 4125755 ns
[2020-09-11T18:41:28.533+0000][1][gc,start     ] GC(223) Pause Young (Allocation Failure)
[2020-09-11T18:41:28.533+0000][1][gc,task      ] GC(223) Using 1 workers of 1 for evacuation
[2020-09-11T18:41:28.566+0000][1][gc,age       ] GC(223) Desired survivor size 4358144 bytes, new threshold 6 (max threshold 6)
[2020-09-11T18:41:28.566+0000][1][gc,age       ] GC(223) Age table with threshold 6 (max threshold 6)
[2020-09-11T18:41:28.566+0000][1][gc,age       ] GC(223) - age   1:     196952 bytes,     196952 total
[2020-09-11T18:41:28.566+0000][1][gc,age       ] GC(223) - age   2:       8240 bytes,     205192 total
[2020-09-11T18:41:28.566+0000][1][gc,age       ] GC(223) - age   3:      15296 bytes,     220488 total
[2020-09-11T18:41:28.566+0000][1][gc,age       ] GC(223) - age   4:    1008168 bytes,    1228656 total
[2020-09-11T18:41:28.566+0000][1][gc,age       ] GC(223) - age   5:      41856 bytes,    1270512 total
[2020-09-11T18:41:28.566+0000][1][gc,age       ] GC(223) - age   6:     283672 bytes,    1554184 total
[2020-09-11T18:41:28.566+0000][1][gc,heap      ] GC(223) ParNew: 71003K->1841K(76672K)
[2020-09-11T18:41:28.566+0000][1][gc,heap      ] GC(223) CMS: 155955K->156037K(2011968K)
[2020-09-11T18:41:28.566+0000][1][gc,metaspace ] GC(223) Metaspace: 97451K->97451K(1138688K)
[2020-09-11T18:41:28.566+0000][1][gc           ] GC(223) Pause Young (Allocation Failure) 221M->154M(2039M) 33.242ms
[2020-09-11T18:41:28.566+0000][1][gc,cpu       ] GC(223) User=0.01s Sys=0.00s Real=0.03s
[2020-09-11T18:41:28.566+0000][1][safepoint    ] Safepoint "GenCollectForAllocation", Time since last: 1991964765 ns, Reaching safepoint: 184813 ns, At safepoint: 33310613 ns, Total: 33495426 ns
[2020-09-11T18:41:29.022+0000][1][safepoint    ] Safepoint "RevokeBias", Time since last: 455185356 ns, Reaching safepoint: 223884 ns, At safepoint: 281492 ns, Total: 505376 ns
[2020-09-11T18:41:30.540+0000][1][safepoint    ] Safepoint "RevokeBias", Time since last: 1518318954 ns, Reaching safepoint: 91151 ns, At safepoint: 26276 ns, Total: 117427 ns
[2020-09-11T18:41:30.544+0000][1][safepoint    ] Safepoint "RevokeBias", Time since last: 3498797 ns, Reaching safepoint: 86814 ns, At safepoint: 24627 ns, Total: 111441 ns
[2020-09-11T18:41:35.545+0000][1][safepoint    ] Safepoint "Cleanup", Time since last: 5000411947 ns, Reaching safepoint: 93160 ns, At safepoint: 9735 ns, Total: 102895 ns
[2020-09-11T18:41:35.556+0000][1][safepoint    ] Safepoint "RevokeBias", Time since last: 11333624 ns, Reaching safepoint: 93169 ns, At safepoint: 25632 ns, Total: 118801 ns
[2020-09-11T18:41:35.560+0000][1][safepoint    ] Safepoint "RevokeBias", Time since last: 3455129 ns, Reaching safepoint: 97638 ns, At safepoint: 28004 ns, Total: 125642 ns
[2020-09-11T18:41:36.560+0000][1][safepoint    ] Safepoint "Cleanup", Time since last: 1000117790 ns, Reaching safepoint: 89696 ns, At safepoint: 9897 ns, Total: 99593 ns
[2020-09-11T18:41:38.560+0000][1][safepoint    ] Safepoint "Cleanup", Time since last: 2000189854 ns, Reaching safepoint: 91425 ns, At safepoint: 9576 ns, Total: 101001 ns
[2020-09-11T18:41:39.570+0000][1][safepoint    ] Safepoint "Cleanup", Time since last: 1009444504 ns, Reaching safepoint: 92842 ns, At safepoint: 10403 ns, Total: 103245 ns
[2020-09-11T18:41:40.038+0000][1][safepoint    ] Safepoint "RevokeBias", Time since last: 468565627 ns, Reaching safepoint: 89904 ns, At safepoint: 24751 ns, Total: 114655 ns
[2020-09-11T18:41:40.568+0000][1][safepoint    ] Safepoint "RevokeBias", Time since last: 529425912 ns, Reaching safepoint: 223636 ns, At safepoint: 281473 ns, Total: 505109 ns
[2020-09-11T18:41:40.579+0000][1][safepoint    ] Safepoint "RevokeBias", Time since last: 10291649 ns, Reaching safepoint: 91316 ns, At safepoint: 37484 ns, Total: 128800 ns
[2020-09-11T18:41:41.579+0000][1][safepoint    ] Safepoint "Cleanup", Time since last: 1000127397 ns, Reaching safepoint: 94684 ns, At safepoint: 10014 ns, Total: 104698 ns
[2020-09-11T18:41:43.579+0000][1][safepoint    ] Safepoint "Cleanup", Time since last: 2000224387 ns, Reaching safepoint: 91215 ns, At safepoint: 10410 ns, Total: 101625 ns
[2020-09-11T18:41:45.580+0000][1][safepoint    ] Safepoint "Cleanup", Time since last: 2000190009 ns, Reaching safepoint: 92097 ns, At safepoint: 9114 ns, Total: 101211 ns
[2020-09-11T18:41:45.585+0000][1][safepoint    ] Safepoint "RevokeBias", Time since last: 4972930 ns, Reaching safepoint: 91578 ns, At safepoint: 25512 ns, Total: 117090 ns
[2020-09-11T18:41:45.596+0000][1][safepoint    ] Safepoint "RevokeBias", Time since last: 10733393 ns, Reaching safepoint: 92663 ns, At safepoint: 25902 ns, Total: 118565 ns
[2020-09-11T18:41:48.522+0000][1][gc,start     ] GC(224) Pause Young (Allocation Failure)
[2020-09-11T18:41:48.522+0000][1][gc,task      ] GC(224) Using 1 workers of 1 for evacuation
[2020-09-11T18:41:48.565+0000][1][gc,age       ] GC(224) Desired survivor size 4358144 bytes, new threshold 6 (max threshold 6)
[2020-09-11T18:41:48.565+0000][1][gc,age       ] GC(224) Age table with threshold 6 (max threshold 6)
[2020-09-11T18:41:48.565+0000][1][gc,age       ] GC(224) - age   1:     123480 bytes,     123480 total
[2020-09-11T18:41:48.565+0000][1][gc,age       ] GC(224) - age   2:      12544 bytes,     136024 total
[2020-09-11T18:41:48.565+0000][1][gc,age       ] GC(224) - age   3:       4792 bytes,     140816 total
[2020-09-11T18:41:48.565+0000][1][gc,age       ] GC(224) - age   4:      15264 bytes,     156080 total
[2020-09-11T18:41:48.565+0000][1][gc,age       ] GC(224) - age   5:    1008168 bytes,    1164248 total
[2020-09-11T18:41:48.565+0000][1][gc,age       ] GC(224) - age   6:      41856 bytes,    1206104 total
[2020-09-11T18:41:48.565+0000][1][gc,heap      ] GC(224) ParNew: 70001K->1368K(76672K)
[2020-09-11T18:41:48.565+0000][1][gc,heap      ] GC(224) CMS: 156037K->156314K(2011968K)
[2020-09-11T18:41:48.565+0000][1][gc,metaspace ] GC(224) Metaspace: 97452K->97452K(1138688K)
[2020-09-11T18:41:48.566+0000][1][gc           ] GC(224) Pause Young (Allocation Failure) 220M->153M(2039M) 43.566ms
[2020-09-11T18:41:48.566+0000][1][gc,cpu       ] GC(224) User=0.01s Sys=0.00s Real=0.04s
[2020-09-11T18:41:48.566+0000][1][safepoint    ] Safepoint "GenCollectForAllocation", Time since last: 2926231208 ns, Reaching safepoint: 167787 ns, At safepoint: 43643063 ns, Total: 43810850 ns
[2020-09-11T18:41:50.612+0000][1][safepoint    ] Safepoint "RevokeBias", Time since last: 2046261816 ns, Reaching safepoint: 89898 ns, At safepoint: 22897 ns, Total: 112795 ns
[2020-09-11T18:41:50.615+0000][1][safepoint    ] Safepoint "RevokeBias", Time since last: 3202116 ns, Reaching safepoint: 83257 ns, At safepoint: 22346 ns, Total: 105603 ns
[2020-09-11T18:41:51.057+0000][1][safepoint    ] Safepoint "RevokeBias", Time since last: 441212420 ns, Reaching safepoint: 91822 ns, At safepoint: 25191 ns, Total: 117013 ns
[2020-09-11T18:41:55.624+0000][1][safepoint    ] Safepoint "RevokeBias", Time since last: 4566766915 ns, Reaching safepoint: 245915 ns, At safepoint: 284914 ns, Total: 530829 ns
[2020-09-11T18:41:55.633+0000][1][safepoint    ] Safepoint "RevokeBias", Time since last: 9291657 ns, Reaching safepoint: 168790 ns, At safepoint: 26313 ns, Total: 195103 ns
[2020-09-11T18:42:00.640+0000][1][safepoint    ] Safepoint "RevokeBias", Time since last: 5006311375 ns, Reaching safepoint: 230596 ns, At safepoint: 294812 ns, Total: 525408 ns
[2020-09-11T18:42:00.646+0000][1][safepoint    ] Safepoint "RevokeBias", Time since last: 5810131 ns, Reaching safepoint: 91784 ns, At safepoint: 26514 ns, Total: 118298 ns
[2020-09-11T18:42:02.074+0000][1][safepoint    ] Safepoint "RevokeBias", Time since last: 1427409175 ns, Reaching safepoint: 222939 ns, At safepoint: 271067 ns, Total: 494006 ns
[2020-09-11T18:42:05.656+0000][1][safepoint    ] Safepoint "RevokeBias", Time since last: 3582270128 ns, Reaching safepoint: 93335 ns, At safepoint: 24910 ns, Total: 118245 ns
[2020-09-11T18:42:05.660+0000][1][safepoint    ] Safepoint "RevokeBias", Time since last: 3275370 ns, Reaching safepoint: 86228 ns, At safepoint: 25356 ns, Total: 111584 ns
[2020-09-11T18:42:05.861+0000][1][gc,start     ] GC(225) Pause Young (Allocation Failure)
[2020-09-11T18:42:05.861+0000][1][gc,task      ] GC(225) Using 1 workers of 1 for evacuation
[2020-09-11T18:42:05.893+0000][1][gc,age       ] GC(225) Desired survivor size 4358144 bytes, new threshold 6 (max threshold 6)
[2020-09-11T18:42:05.893+0000][1][gc,age       ] GC(225) Age table with threshold 6 (max threshold 6)
[2020-09-11T18:42:05.893+0000][1][gc,age       ] GC(225) - age   1:     517776 bytes,     517776 total
[2020-09-11T18:42:05.893+0000][1][gc,age       ] GC(225) - age   2:      27064 bytes,     544840 total
[2020-09-11T18:42:05.893+0000][1][gc,age       ] GC(225) - age   3:       8744 bytes,     553584 total
[2020-09-11T18:42:05.893+0000][1][gc,age       ] GC(225) - age   4:       3456 bytes,     557040 total
[2020-09-11T18:42:05.893+0000][1][gc,age       ] GC(225) - age   5:      15264 bytes,     572304 total
[2020-09-11T18:42:05.893+0000][1][gc,age       ] GC(225) - age   6:    1008168 bytes,    1580472 total
[2020-09-11T18:42:05.893+0000][1][gc,heap      ] GC(225) ParNew: 69528K->2450K(76672K)
[2020-09-11T18:42:05.893+0000][1][gc,heap      ] GC(225) CMS: 156314K->156355K(2011968K)
[2020-09-11T18:42:05.893+0000][1][gc,metaspace ] GC(225) Metaspace: 97453K->97453K(1138688K)
[2020-09-11T18:42:05.894+0000][1][gc           ] GC(225) Pause Young (Allocation Failure) 220M->155M(2039M) 32.331ms
[2020-09-11T18:42:05.894+0000][1][gc,cpu       ] GC(225) User=0.02s Sys=0.00s Real=0.03s
[2020-09-11T18:42:05.895+0000][1][safepoint    ] Safepoint "GenCollectForAllocation", Time since last: 201284108 ns, Reaching safepoint: 83549 ns, At safepoint: 33747735 ns, Total: 33831284 ns
[2020-09-11T18:42:10.668+0000][1][safepoint    ] Safepoint "BulkRevokeBias", Time since last: 4772842389 ns, Reaching safepoint: 100432 ns, At safepoint: 256720 ns, Total: 357152 ns
[2020-09-11T18:42:10.672+0000][1][safepoint    ] Safepoint "RevokeBias", Time since last: 3391240 ns, Reaching safepoint: 220817 ns, At safepoint: 231792 ns, Total: 452609 ns
[2020-09-11T18:42:11.672+0000][1][safepoint    ] Safepoint "Cleanup", Time since last: 1000120126 ns, Reaching safepoint: 89630 ns, At safepoint: 9502 ns, Total: 99132 ns
[2020-09-11T18:42:13.095+0000][1][safepoint    ] Safepoint "RevokeBias", Time since last: 1420875668 ns, Reaching safepoint: 1525328 ns, At safepoint: 287452 ns, Total: 1812780 ns
[2020-09-11T18:42:15.680+0000][1][safepoint    ] Safepoint "RevokeBias", Time since last: 2585332579 ns, Reaching safepoint: 169972 ns, At safepoint: 26911 ns, Total: 196883 ns
[2020-09-11T18:42:15.684+0000][1][safepoint    ] Safepoint "RevokeBias", Time since last: 3324790 ns, Reaching safepoint: 104988 ns, At safepoint: 27411 ns, Total: 132399 ns
[2020-09-11T18:42:20.696+0000][1][safepoint    ] Safepoint "RevokeBias", Time since last: 5012158980 ns, Reaching safepoint: 95660 ns, At safepoint: 25868 ns, Total: 121528 ns
[2020-09-11T18:42:20.700+0000][1][safepoint    ] Safepoint "RevokeBias", Time since last: 3339621 ns, Reaching safepoint: 87462 ns, At safepoint: 25549 ns, Total: 113011 ns
[2020-09-11T18:42:24.112+0000][1][safepoint    ] Safepoint "RevokeBias", Time since last: 3412269988 ns, Reaching safepoint: 174207 ns, At safepoint: 27477 ns, Total: 201684 ns
[2020-09-11T18:42:25.705+0000][1][safepoint    ] Safepoint "RevokeBias", Time since last: 1592745985 ns, Reaching safepoint: 85988 ns, At safepoint: 49844 ns, Total: 135832 ns
[2020-09-11T18:42:25.710+0000][1][safepoint    ] Safepoint "RevokeBias", Time since last: 5254841 ns, Reaching safepoint: 163994 ns, At safepoint: 22962 ns, Total: 186956 ns
[2020-09-11T18:42:27.713+0000][1][safepoint    ] Safepoint "Cleanup", Time since last: 2002162196 ns, Reaching safepoint: 92091 ns, At safepoint: 9838 ns, Total: 101929 ns
[2020-09-11T18:42:28.383+0000][1][gc,start     ] GC(226) Pause Young (Allocation Failure)
[2020-09-11T18:42:28.383+0000][1][gc,task      ] GC(226) Using 1 workers of 1 for evacuation
[2020-09-11T18:42:28.420+0000][1][gc,age       ] GC(226) Desired survivor size 4358144 bytes, new threshold 6 (max threshold 6)
[2020-09-11T18:42:28.420+0000][1][gc,age       ] GC(226) Age table with threshold 6 (max threshold 6)
[2020-09-11T18:42:28.420+0000][1][gc,age       ] GC(226) - age   1:     255912 bytes,     255912 total
[2020-09-11T18:42:28.420+0000][1][gc,age       ] GC(226) - age   2:     320600 bytes,     576512 total
[2020-09-11T18:42:28.421+0000][1][gc,age       ] GC(226) - age   3:      23440 bytes,     599952 total
[2020-09-11T18:42:28.421+0000][1][gc,age       ] GC(226) - age   4:       7216 bytes,     607168 total
[2020-09-11T18:42:28.421+0000][1][gc,age       ] GC(226) - age   5:       3456 bytes,     610624 total
[2020-09-11T18:42:28.421+0000][1][gc,age       ] GC(226) - age   6:      15264 bytes,     625888 total
[2020-09-11T18:42:28.421+0000][1][gc,heap      ] GC(226) ParNew: 70610K->1463K(76672K)
[2020-09-11T18:42:28.421+0000][1][gc,heap      ] GC(226) CMS: 156355K->157339K(2011968K)
[2020-09-11T18:42:28.421+0000][1][gc,metaspace ] GC(226) Metaspace: 97454K->97454K(1138688K)
[2020-09-11T18:42:28.421+0000][1][gc           ] GC(226) Pause Young (Allocation Failure) 221M->155M(2039M) 37.198ms
[2020-09-11T18:42:28.421+0000][1][gc,cpu       ] GC(226) User=0.02s Sys=0.00s Real=0.03s
[2020-09-11T18:42:28.425+0000][1][safepoint    ] Safepoint "GenCollectForAllocation", Time since last: 670521496 ns, Reaching safepoint: 213928 ns, At safepoint: 41445414 ns, Total: 41659342 ns
[2020-09-11T18:42:29.433+0000][1][safepoint    ] Safepoint "Cleanup", Time since last: 1008103506 ns, Reaching safepoint: 90369 ns, At safepoint: 10053 ns, Total: 100422 ns
[2020-09-11T18:42:30.433+0000][1][safepoint    ] Safepoint "Cleanup", Time since last: 1000114046 ns, Reaching safepoint: 90968 ns, At safepoint: 8742 ns, Total: 99710 ns
[2020-09-11T18:42:30.725+0000][1][safepoint    ] Safepoint "RevokeBias", Time since last: 290206275 ns, Reaching safepoint: 1499036 ns, At safepoint: 359324 ns, Total: 1858360 ns
[2020-09-11T18:42:30.742+0000][1][safepoint    ] Safepoint "RevokeBias", Time since last: 16351591 ns, Reaching safepoint: 128937 ns, At safepoint: 27344 ns, Total: 156281 ns
[2020-09-11T18:42:31.742+0000][1][safepoint    ] Safepoint "Cleanup", Time since last: 1000136288 ns, Reaching safepoint: 91095 ns, At safepoint: 9635 ns, Total: 100730 ns
[2020-09-11T18:42:35.132+0000][1][safepoint    ] Safepoint "RevokeBias", Time since last: 3388946029 ns, Reaching safepoint: 225193 ns, At safepoint: 301684 ns, Total: 526877 ns
[2020-09-11T18:42:35.750+0000][1][safepoint    ] Safepoint "RevokeBias", Time since last: 618661600 ns, Reaching safepoint: 94303 ns, At safepoint: 25953 ns, Total: 120256 ns
[2020-09-11T18:42:35.759+0000][1][safepoint    ] Safepoint "RevokeBias", Time since last: 8809072 ns, Reaching safepoint: 86481 ns, At safepoint: 22965 ns, Total: 109446 ns
[2020-09-11T18:42:40.766+0000][1][safepoint    ] Safepoint "RevokeBias", Time since last: 5006315817 ns, Reaching safepoint: 92890 ns, At safepoint: 26138 ns, Total: 119028 ns
[2020-09-11T18:42:40.772+0000][1][safepoint    ] Safepoint "RevokeBias", Time since last: 5957733 ns, Reaching safepoint: 90762 ns, At safepoint: 28632 ns, Total: 119394 ns
[2020-09-11T18:42:41.223+0000][1][gc,start     ] GC(227) Pause Young (Allocation Failure)
[2020-09-11T18:42:41.224+0000][1][gc,task      ] GC(227) Using 1 workers of 1 for evacuation
[2020-09-11T18:42:41.251+0000][1][gc,age       ] GC(227) Desired survivor size 4358144 bytes, new threshold 6 (max threshold 6)
[2020-09-11T18:42:41.251+0000][1][gc,age       ] GC(227) Age table with threshold 6 (max threshold 6)
[2020-09-11T18:42:41.251+0000][1][gc,age       ] GC(227) - age   1:     213096 bytes,     213096 total
[2020-09-11T18:42:41.251+0000][1][gc,age       ] GC(227) - age   2:     173336 bytes,     386432 total
[2020-09-11T18:42:41.251+0000][1][gc,age       ] GC(227) - age   3:     318776 bytes,     705208 total
[2020-09-11T18:42:41.251+0000][1][gc,age       ] GC(227) - age   4:      23304 bytes,     728512 total
[2020-09-11T18:42:41.251+0000][1][gc,age       ] GC(227) - age   5:       7216 bytes,     735728 total
[2020-09-11T18:42:41.251+0000][1][gc,age       ] GC(227) - age   6:       3456 bytes,     739184 total
[2020-09-11T18:42:41.251+0000][1][gc,heap      ] GC(227) ParNew: 69623K->1310K(76672K)
[2020-09-11T18:42:41.251+0000][1][gc,heap      ] GC(227) CMS: 157339K->157354K(2011968K)
[2020-09-11T18:42:41.251+0000][1][gc,metaspace ] GC(227) Metaspace: 97460K->97460K(1138688K)
[2020-09-11T18:42:41.251+0000][1][gc           ] GC(227) Pause Young (Allocation Failure) 221M->154M(2039M) 27.286ms
[2020-09-11T18:42:41.251+0000][1][gc,cpu       ] GC(227) User=0.02s Sys=0.00s Real=0.02s
[2020-09-11T18:42:41.253+0000][1][safepoint    ] Safepoint "GenCollectForAllocation", Time since last: 449945554 ns, Reaching safepoint: 1784018 ns, At safepoint: 29684903 ns, Total: 31468921 ns
[2020-09-11T18:42:42.274+0000][1][safepoint    ] Safepoint "Cleanup", Time since last: 1020982026 ns, Reaching safepoint: 246932 ns, At safepoint: 23090 ns, Total: 270022 ns
[2020-09-11T18:42:43.275+0000][1][safepoint    ] Safepoint "Cleanup", Time since last: 1000112154 ns, Reaching safepoint: 88369 ns, At safepoint: 21879 ns, Total: 110248 ns
[2020-09-11T18:42:44.275+0000][1][safepoint    ] Safepoint "Cleanup", Time since last: 1000110085 ns, Reaching safepoint: 119734 ns, At safepoint: 21629 ns, Total: 141363 ns
[2020-09-11T18:42:45.275+0000][1][safepoint    ] Safepoint "Cleanup", Time since last: 1000136872 ns, Reaching safepoint: 86910 ns, At safepoint: 8376 ns, Total: 95286 ns
[2020-09-11T18:42:45.780+0000][1][safepoint    ] Safepoint "RevokeBias", Time since last: 504683473 ns, Reaching safepoint: 221850 ns, At safepoint: 288346 ns, Total: 510196 ns
[2020-09-11T18:42:45.784+0000][1][safepoint    ] Safepoint "RevokeBias", Time since last: 3645341 ns, Reaching safepoint: 88711 ns, At safepoint: 21952 ns, Total: 110663 ns
[2020-09-11T18:42:46.150+0000][1][safepoint    ] Safepoint "RevokeBias", Time since last: 365412881 ns, Reaching safepoint: 220786 ns, At safepoint: 268278 ns, Total: 489064 ns
[2020-09-11T18:42:47.150+0000][1][safepoint    ] Safepoint "Cleanup", Time since last: 1000113264 ns, Reaching safepoint: 88992 ns, At safepoint: 10022 ns, Total: 99014 ns
[2020-09-11T18:42:48.150+0000][1][safepoint    ] Safepoint "Cleanup", Time since last: 1000112837 ns, Reaching safepoint: 88412 ns, At safepoint: 9044 ns, Total: 97456 ns
[2020-09-11T18:42:49.151+0000][1][safepoint    ] Safepoint "Cleanup", Time since last: 1000109906 ns, Reaching safepoint: 93816 ns, At safepoint: 10165 ns, Total: 103981 ns
[2020-09-11T18:42:50.151+0000][1][safepoint    ] Safepoint "Cleanup", Time since last: 1000128196 ns, Reaching safepoint: 84826 ns, At safepoint: 8536 ns, Total: 93362 ns
[2020-09-11T18:42:50.789+0000][1][safepoint    ] Safepoint "RevokeBias", Time since last: 638203638 ns, Reaching safepoint: 90898 ns, At safepoint: 22285 ns, Total: 113183 ns
[2020-09-11T18:42:50.800+0000][1][safepoint    ] Safepoint "RevokeBias", Time since last: 10354009 ns, Reaching safepoint: 84135 ns, At safepoint: 23478 ns, Total: 107613 ns
[2020-09-11T18:42:51.800+0000][1][safepoint    ] Safepoint "Cleanup", Time since last: 1000113308 ns, Reaching safepoint: 85080 ns, At safepoint: 9793 ns, Total: 94873 ns
[2020-09-11T18:42:52.800+0000][1][safepoint    ] Safepoint "Cleanup", Time since last: 1000116801 ns, Reaching safepoint: 84919 ns, At safepoint: 10244 ns, Total: 95163 ns
[2020-09-11T18:42:53.800+0000][1][safepoint    ] Safepoint "Cleanup", Time since last: 1000119658 ns, Reaching safepoint: 88125 ns, At safepoint: 10194 ns, Total: 98319 ns
[2020-09-11T18:42:54.800+0000][1][safepoint    ] Safepoint "Cleanup", Time since last: 1000123148 ns, Reaching safepoint: 85837 ns, At safepoint: 10245 ns, Total: 96082 ns
[2020-09-11T18:42:55.801+0000][1][safepoint    ] Safepoint "Cleanup", Time since last: 1000122222 ns, Reaching safepoint: 85136 ns, At safepoint: 9907 ns, Total: 95043 ns
[2020-09-11T18:42:55.806+0000][1][safepoint    ] Safepoint "RevokeBias", Time since last: 4807465 ns, Reaching safepoint: 170082 ns, At safepoint: 25994 ns, Total: 196076 ns
[2020-09-11T18:42:55.811+0000][1][safepoint    ] Safepoint "RevokeBias", Time since last: 5586761 ns, Reaching safepoint: 88781 ns, At safepoint: 25883 ns, Total: 114664 ns
[2020-09-11T18:42:56.812+0000][1][safepoint    ] Safepoint "Cleanup", Time since last: 1000561314 ns, Reaching safepoint: 197955 ns, At safepoint: 11120 ns, Total: 209075 ns
[2020-09-11T18:42:57.166+0000][1][safepoint    ] Safepoint "RevokeBias", Time since last: 353992037 ns, Reaching safepoint: 186651 ns, At safepoint: 51324 ns, Total: 237975 ns
[2020-09-11T18:42:58.167+0000][1][safepoint    ] Safepoint "Cleanup", Time since last: 1000109276 ns, Reaching safepoint: 88589 ns, At safepoint: 9894 ns, Total: 98483 ns
[2020-09-11T18:42:59.167+0000][1][safepoint    ] Safepoint "Cleanup", Time since last: 1000068275 ns, Reaching safepoint: 86561 ns, At safepoint: 9180 ns, Total: 95741 ns
[2020-09-11T18:43:00.167+0000][1][safepoint    ] Safepoint "Cleanup", Time since last: 1000117211 ns, Reaching safepoint: 84184 ns, At safepoint: 9935 ns, Total: 94119 ns
[2020-09-11T18:43:00.820+0000][1][safepoint    ] Safepoint "RevokeBias", Time since last: 652419033 ns, Reaching safepoint: 88244 ns, At safepoint: 26025 ns, Total: 114269 ns
[2020-09-11T18:43:00.825+0000][1][safepoint    ] Safepoint "RevokeBias", Time since last: 5792492 ns, Reaching safepoint: 92960 ns, At safepoint: 24870 ns, Total: 117830 ns
[2020-09-11T18:43:01.826+0000][1][safepoint    ] Safepoint "Cleanup", Time since last: 1000112884 ns, Reaching safepoint: 85558 ns, At safepoint: 9337 ns, Total: 94895 ns
[2020-09-11T18:43:02.826+0000][1][safepoint    ] Safepoint "Cleanup", Time since last: 1000115789 ns, Reaching safepoint: 84193 ns, At safepoint: 9386 ns, Total: 93579 ns
[2020-09-11T18:43:03.826+0000][1][safepoint    ] Safepoint "Cleanup", Time since last: 1000113084 ns, Reaching safepoint: 88139 ns, At safepoint: 9774 ns, Total: 97913 ns
[2020-09-11T18:43:04.826+0000][1][safepoint    ] Safepoint "Cleanup", Time since last: 1000114100 ns, Reaching safepoint: 93739 ns, At safepoint: 10373 ns, Total: 104112 ns
[2020-09-11T18:43:05.826+0000][1][safepoint    ] Safepoint "Cleanup", Time since last: 1000116916 ns, Reaching safepoint: 85935 ns, At safepoint: 10046 ns, Total: 95981 ns
[2020-09-11T18:43:05.840+0000][1][safepoint    ] Safepoint "RevokeBias", Time since last: 13364221 ns, Reaching safepoint: 217816 ns, At safepoint: 283513 ns, Total: 501329 ns
[2020-09-11T18:43:05.845+0000][1][safepoint    ] Safepoint "RevokeBias", Time since last: 3673348 ns, Reaching safepoint: 826099 ns, At safepoint: 25047 ns, Total: 851146 ns
[2020-09-11T18:43:06.845+0000][1][safepoint    ] Safepoint "Cleanup", Time since last: 1000124893 ns, Reaching safepoint: 88419 ns, At safepoint: 9989 ns, Total: 98408 ns
[2020-09-11T18:43:07.845+0000][1][safepoint    ] Safepoint "Cleanup", Time since last: 1000110332 ns, Reaching safepoint: 86029 ns, At safepoint: 9878 ns, Total: 95907 ns
[2020-09-11T18:43:08.183+0000][1][safepoint    ] Safepoint "RevokeBias", Time since last: 337188733 ns, Reaching safepoint: 91253 ns, At safepoint: 26078 ns, Total: 117331 ns
[2020-09-11T18:43:08.383+0000][1][gc,start     ] GC(228) Pause Young (Allocation Failure)
[2020-09-11T18:43:08.383+0000][1][gc,task      ] GC(228) Using 1 workers of 1 for evacuation
[2020-09-11T18:43:08.420+0000][1][gc,age       ] GC(228) Desired survivor size 4358144 bytes, new threshold 6 (max threshold 6)
[2020-09-11T18:43:08.420+0000][1][gc,age       ] GC(228) Age table with threshold 6 (max threshold 6)
[2020-09-11T18:43:08.420+0000][1][gc,age       ] GC(228) - age   1:     381248 bytes,     381248 total
[2020-09-11T18:43:08.420+0000][1][gc,age       ] GC(228) - age   2:      38608 bytes,     419856 total
[2020-09-11T18:43:08.420+0000][1][gc,age       ] GC(228) - age   3:     165104 bytes,     584960 total
[2020-09-11T18:43:08.420+0000][1][gc,age       ] GC(228) - age   4:     318376 bytes,     903336 total
[2020-09-11T18:43:08.420+0000][1][gc,age       ] GC(228) - age   5:      23304 bytes,     926640 total
[2020-09-11T18:43:08.420+0000][1][gc,age       ] GC(228) - age   6:       7216 bytes,     933856 total
[2020-09-11T18:43:08.420+0000][1][gc,heap      ] GC(228) ParNew: 69470K->1183K(76672K)
[2020-09-11T18:43:08.420+0000][1][gc,heap      ] GC(228) CMS: 157354K->157358K(2011968K)
[2020-09-11T18:43:08.420+0000][1][gc,metaspace ] GC(228) Metaspace: 97463K->97463K(1138688K)
[2020-09-11T18:43:08.420+0000][1][gc           ] GC(228) Pause Young (Allocation Failure) 221M->154M(2039M) 37.251ms
[2020-09-11T18:43:08.420+0000][1][gc,cpu       ] GC(228) User=0.02s Sys=0.00s Real=0.03s
[2020-09-11T18:43:08.425+0000][1][safepoint    ] Safepoint "GenCollectForAllocation", Time since last: 200423029 ns, Reaching safepoint: 189609 ns, At safepoint: 41694365 ns, Total: 41883974 ns
[2020-09-11T18:43:09.433+0000][1][safepoint    ] Safepoint "Cleanup", Time since last: 1008020836 ns, Reaching safepoint: 85123 ns, At safepoint: 7410 ns, Total: 92533 ns
[2020-09-11T18:43:10.433+0000][1][safepoint    ] Safepoint "Cleanup", Time since last: 1000108775 ns, Reaching safepoint: 81286 ns, At safepoint: 7828 ns, Total: 89114 ns
[2020-09-11T18:43:10.865+0000][1][safepoint    ] Safepoint "RevokeBias", Time since last: 431181996 ns, Reaching safepoint: 102192 ns, At safepoint: 26305 ns, Total: 128497 ns
[2020-09-11T18:43:10.870+0000][1][safepoint    ] Safepoint "RevokeBias", Time since last: 5130726 ns, Reaching safepoint: 218017 ns, At safepoint: 244053 ns, Total: 462070 ns
[2020-09-11T18:43:11.870+0000][1][safepoint    ] Safepoint "Cleanup", Time since last: 1000109050 ns, Reaching safepoint: 86884 ns, At safepoint: 9403 ns, Total: 96287 ns
[2020-09-11T18:43:12.871+0000][1][safepoint    ] Safepoint "Cleanup", Time since last: 1000116364 ns, Reaching safepoint: 93418 ns, At safepoint: 9394 ns, Total: 102812 ns
[2020-09-11T18:43:13.871+0000][1][safepoint    ] Safepoint "Cleanup", Time since last: 1000115482 ns, Reaching safepoint: 86646 ns, At safepoint: 8798 ns, Total: 95444 ns
[2020-09-11T18:43:14.871+0000][1][safepoint    ] Safepoint "Cleanup", Time since last: 1000111165 ns, Reaching safepoint: 81987 ns, At safepoint: 9507 ns, Total: 91494 ns
[2020-09-11T18:43:15.871+0000][1][safepoint    ] Safepoint "Cleanup", Time since last: 1000112373 ns, Reaching safepoint: 81696 ns, At safepoint: 8520 ns, Total: 90216 ns
[2020-09-11T18:43:15.876+0000][1][safepoint    ] Safepoint "BulkRevokeBias", Time since last: 4130613 ns, Reaching safepoint: 86791 ns, At safepoint: 241691 ns, Total: 328482 ns
[2020-09-11T18:43:15.882+0000][1][safepoint    ] Safepoint "RevokeBias", Time since last: 6642270 ns, Reaching safepoint: 92130 ns, At safepoint: 23510 ns, Total: 115640 ns
[2020-09-11T18:43:16.883+0000][1][safepoint    ] Safepoint "Cleanup", Time since last: 1000129443 ns, Reaching safepoint: 108629 ns, At safepoint: 12324 ns, Total: 120953 ns
[2020-09-11T18:43:17.883+0000][1][safepoint    ] Safepoint "Cleanup", Time since last: 1000114706 ns, Reaching safepoint: 85971 ns, At safepoint: 9470 ns, Total: 95441 ns
[2020-09-11T18:43:18.889+0000][1][safepoint    ] Safepoint "Cleanup", Time since last: 1005926590 ns, Reaching safepoint: 84188 ns, At safepoint: 6867 ns, Total: 91055 ns
[2020-09-11T18:43:19.202+0000][1][safepoint    ] Safepoint "RevokeBias", Time since last: 312930162 ns, Reaching safepoint: 84358 ns, At safepoint: 23811 ns, Total: 108169 ns
[2020-09-11T18:43:20.716+0000][1][gc,start     ] GC(229) Pause Young (Allocation Failure)
[2020-09-11T18:43:20.716+0000][1][gc,task      ] GC(229) Using 1 workers of 1 for evacuation
[2020-09-11T18:43:20.747+0000][1][gc,age       ] GC(229) Desired survivor size 4358144 bytes, new threshold 6 (max threshold 6)
[2020-09-11T18:43:20.747+0000][1][gc,age       ] GC(229) Age table with threshold 6 (max threshold 6)
[2020-09-11T18:43:20.748+0000][1][gc,age       ] GC(229) - age   1:     132056 bytes,     132056 total
[2020-09-11T18:43:20.748+0000][1][gc,age       ] GC(229) - age   2:     300408 bytes,     432464 total
[2020-09-11T18:43:20.748+0000][1][gc,age       ] GC(229) - age   3:      36360 bytes,     468824 total
[2020-09-11T18:43:20.748+0000][1][gc,age       ] GC(229) - age   4:     164784 bytes,     633608 total
[2020-09-11T18:43:20.748+0000][1][gc,age       ] GC(229) - age   5:     318376 bytes,     951984 total
[2020-09-11T18:43:20.748+0000][1][gc,age       ] GC(229) - age   6:      23272 bytes,     975256 total
[2020-09-11T18:43:20.748+0000][1][gc,heap      ] GC(229) ParNew: 69343K->1464K(76672K)
[2020-09-11T18:43:20.748+0000][1][gc,heap      ] GC(229) CMS: 157358K->157365K(2011968K)
[2020-09-11T18:43:20.748+0000][1][gc,metaspace ] GC(229) Metaspace: 97466K->97466K(1138688K)
[2020-09-11T18:43:20.748+0000][1][gc           ] GC(229) Pause Young (Allocation Failure) 221M->155M(2039M) 31.686ms
[2020-09-11T18:43:20.748+0000][1][gc,cpu       ] GC(229) User=0.02s Sys=0.00s Real=0.03s
[2020-09-11T18:43:20.748+0000][1][safepoint    ] Safepoint "GenCollectForAllocation", Time since last: 1513838326 ns, Reaching safepoint: 167111 ns, At safepoint: 31760073 ns, Total: 31927184 ns
[2020-09-11T18:43:20.900+0000][1][safepoint    ] Safepoint "RevokeBias", Time since last: 152361367 ns, Reaching safepoint: 91808 ns, At safepoint: 39497 ns, Total: 131305 ns
[2020-09-11T18:43:20.903+0000][1][safepoint    ] Safepoint "RevokeBias", Time since last: 3138617 ns, Reaching safepoint: 86239 ns, At safepoint: 34326 ns, Total: 120565 ns
[2020-09-11T18:43:21.904+0000][1][safepoint    ] Safepoint "Cleanup", Time since last: 1000378350 ns, Reaching safepoint: 85741 ns, At safepoint: 24027 ns, Total: 109768 ns
[2020-09-11T18:43:22.904+0000][1][safepoint    ] Safepoint "Cleanup", Time since last: 1000118864 ns, Reaching safepoint: 87258 ns, At safepoint: 24641 ns, Total: 111899 ns
[2020-09-11T18:43:23.904+0000][1][safepoint    ] Safepoint "Cleanup", Time since last: 1000120659 ns, Reaching safepoint: 89733 ns, At safepoint: 11198 ns, Total: 100931 ns
[2020-09-11T18:43:24.905+0000][1][safepoint    ] Safepoint "Cleanup", Time since last: 1000118006 ns, Reaching safepoint: 85159 ns, At safepoint: 9931 ns, Total: 95090 ns
[2020-09-11T18:43:25.905+0000][1][safepoint    ] Safepoint "Cleanup", Time since last: 1000120373 ns, Reaching safepoint: 112444 ns, At safepoint: 10252 ns, Total: 122696 ns
[2020-09-11T18:43:25.910+0000][1][safepoint    ] Safepoint "RevokeBias", Time since last: 4945101 ns, Reaching safepoint: 222946 ns, At safepoint: 269375 ns, Total: 492321 ns
[2020-09-11T18:43:25.914+0000][1][safepoint    ] Safepoint "RevokeBias", Time since last: 4003651 ns, Reaching safepoint: 85993 ns, At safepoint: 22542 ns, Total: 108535 ns
[2020-09-11T18:43:26.917+0000][1][safepoint    ] Safepoint "Cleanup", Time since last: 1002410082 ns, Reaching safepoint: 212890 ns, At safepoint: 11943 ns, Total: 224833 ns
[2020-09-11T18:43:27.917+0000][1][safepoint    ] Safepoint "Cleanup", Time since last: 1000126112 ns, Reaching safepoint: 105336 ns, At safepoint: 10470 ns, Total: 115806 ns
[2020-09-11T18:43:28.917+0000][1][safepoint    ] Safepoint "Cleanup", Time since last: 1000116457 ns, Reaching safepoint: 107837 ns, At safepoint: 10507 ns, Total: 118344 ns
[2020-09-11T18:43:29.918+0000][1][safepoint    ] Safepoint "Cleanup", Time since last: 1000115457 ns, Reaching safepoint: 103825 ns, At safepoint: 11041 ns, Total: 114866 ns
[2020-09-11T18:43:32.140+0000][1][safepoint    ] Safepoint "RevokeBias", Time since last: 948333703 ns, Reaching safepoint: 109329 ns, At safepoint: 1274154115 ns, Total: 1274263444 ns
[2020-09-11T18:43:32.145+0000][1][safepoint    ] Safepoint "RevokeBias", Time since last: 3451720 ns, Reaching safepoint: 1102674 ns, At safepoint: 289284 ns, Total: 1391958 ns
[2020-09-11T18:43:32.272+0000][1][safepoint    ] Safepoint "RevokeBias", Time since last: 127148370 ns, Reaching safepoint: 130176 ns, At safepoint: 29076 ns, Total: 159252 ns
[2020-09-11T18:43:33.273+0000][1][safepoint    ] Safepoint "Cleanup", Time since last: 1000114168 ns, Reaching safepoint: 87357 ns, At safepoint: 9466 ns, Total: 96823 ns
[2020-09-11T18:43:34.273+0000][1][safepoint    ] Safepoint "Cleanup", Time since last: 1000123199 ns, Reaching safepoint: 82817 ns, At safepoint: 9411 ns, Total: 92228 ns
[2020-09-11T18:43:35.273+0000][1][safepoint    ] Safepoint "Cleanup", Time since last: 1000111940 ns, Reaching safepoint: 96194 ns, At safepoint: 10392 ns, Total: 106586 ns
[2020-09-11T18:43:36.273+0000][1][safepoint    ] Safepoint "Cleanup", Time since last: 1000129153 ns, Reaching safepoint: 87879 ns, At safepoint: 8840 ns, Total: 96719 ns
[2020-09-11T18:43:36.278+0000][1][safepoint    ] Safepoint "RevokeBias", Time since last: 4481927 ns, Reaching safepoint: 225952 ns, At safepoint: 290230 ns, Total: 516182 ns
[2020-09-11T18:43:36.288+0000][1][safepoint    ] Safepoint "RevokeBias", Time since last: 9358365 ns, Reaching safepoint: 92313 ns, At safepoint: 21849 ns, Total: 114162 ns
[2020-09-11T18:43:37.288+0000][1][safepoint    ] Safepoint "Cleanup", Time since last: 1000115607 ns, Reaching safepoint: 87182 ns, At safepoint: 9844 ns, Total: 97026 ns
[2020-09-11T18:43:38.288+0000][1][safepoint    ] Safepoint "Cleanup", Time since last: 1000120782 ns, Reaching safepoint: 89576 ns, At safepoint: 9079 ns, Total: 98655 ns
[2020-09-11T18:43:39.288+0000][1][safepoint    ] Safepoint "Cleanup", Time since last: 1000118292 ns, Reaching safepoint: 91302 ns, At safepoint: 10542 ns, Total: 101844 ns
[2020-09-11T18:43:40.289+0000][1][safepoint    ] Safepoint "Cleanup", Time since last: 1000143702 ns, Reaching safepoint: 86768 ns, At safepoint: 9444 ns, Total: 96212 ns
[2020-09-11T18:43:41.289+0000][1][safepoint    ] Safepoint "Cleanup", Time since last: 1000096040 ns, Reaching safepoint: 184036 ns, At safepoint: 10312 ns, Total: 194348 ns
[2020-09-11T18:43:41.310+0000][1][safepoint    ] Safepoint "RevokeBias", Time since last: 20158595 ns, Reaching safepoint: 235242 ns, At safepoint: 285683 ns, Total: 520925 ns
[2020-09-11T18:43:41.313+0000][1][safepoint    ] Safepoint "RevokeBias", Time since last: 3148215 ns, Reaching safepoint: 86734 ns, At safepoint: 21523 ns, Total: 108257 ns
[2020-09-11T18:43:42.183+0000][1][gc,start     ] GC(230) Pause Young (Allocation Failure)
[2020-09-11T18:43:42.183+0000][1][gc,task      ] GC(230) Using 1 workers of 1 for evacuation
[2020-09-11T18:43:42.211+0000][1][gc,age       ] GC(230) Desired survivor size 4358144 bytes, new threshold 6 (max threshold 6)
[2020-09-11T18:43:42.211+0000][1][gc,age       ] GC(230) Age table with threshold 6 (max threshold 6)
[2020-09-11T18:43:42.211+0000][1][gc,age       ] GC(230) - age   1:     200264 bytes,     200264 total
[2020-09-11T18:43:42.211+0000][1][gc,age       ] GC(230) - age   2:      46344 bytes,     246608 total
[2020-09-11T18:43:42.211+0000][1][gc,age       ] GC(230) - age   3:     291304 bytes,     537912 total
[2020-09-11T18:43:42.211+0000][1][gc,age       ] GC(230) - age   4:      36320 bytes,     574232 total
[2020-09-11T18:43:42.212+0000][1][gc,age       ] GC(230) - age   5:     164784 bytes,     739016 total
[2020-09-11T18:43:42.212+0000][1][gc,age       ] GC(230) - age   6:     318344 bytes,    1057360 total
[2020-09-11T18:43:42.212+0000][1][gc,heap      ] GC(230) ParNew: 69624K->1794K(76672K)
[2020-09-11T18:43:42.212+0000][1][gc,heap      ] GC(230) CMS: 157365K->157387K(2011968K)
[2020-09-11T18:43:42.212+0000][1][gc,metaspace ] GC(230) Metaspace: 97474K->97474K(1138688K)
[2020-09-11T18:43:42.212+0000][1][gc           ] GC(230) Pause Young (Allocation Failure) 221M->155M(2039M) 29.073ms
[2020-09-11T18:43:42.212+0000][1][gc,cpu       ] GC(230) User=0.02s Sys=0.00s Real=0.02s
[2020-09-11T18:43:42.213+0000][1][safepoint    ] Safepoint "GenCollectForAllocation", Time since last: 869388488 ns, Reaching safepoint: 209161 ns, At safepoint: 30692759 ns, Total: 30901920 ns
[2020-09-11T18:43:43.173+0000][1][safepoint    ] Safepoint "RevokeBias", Time since last: 960127346 ns, Reaching safepoint: 88749 ns, At safepoint: 33578 ns, Total: 122327 ns
[2020-09-11T18:43:44.176+0000][1][safepoint    ] Safepoint "Cleanup", Time since last: 1002847481 ns, Reaching safepoint: 87371 ns, At safepoint: 23955 ns, Total: 111326 ns
[2020-09-11T18:43:45.177+0000][1][safepoint    ] Safepoint "Cleanup", Time since last: 1000112998 ns, Reaching safepoint: 93549 ns, At safepoint: 22137 ns, Total: 115686 ns
[2020-09-11T18:43:46.177+0000][1][safepoint    ] Safepoint "Cleanup", Time since last: 1000134441 ns, Reaching safepoint: 85624 ns, At safepoint: 42544 ns, Total: 128168 ns
[2020-09-11T18:43:46.317+0000][1][safepoint    ] Safepoint "RevokeBias", Time since last: 139896943 ns, Reaching safepoint: 223807 ns, At safepoint: 295496 ns, Total: 519303 ns
[2020-09-11T18:43:46.324+0000][1][safepoint    ] Safepoint "RevokeBias", Time since last: 6747911 ns, Reaching safepoint: 87595 ns, At safepoint: 34414 ns, Total: 122009 ns
[2020-09-11T18:43:47.324+0000][1][safepoint    ] Safepoint "Cleanup", Time since last: 1000112565 ns, Reaching safepoint: 86595 ns, At safepoint: 9014 ns, Total: 95609 ns
[2020-09-11T18:43:48.325+0000][1][safepoint    ] Safepoint "Cleanup", Time since last: 1000116573 ns, Reaching safepoint: 86112 ns, At safepoint: 10878 ns, Total: 96990 ns
[2020-09-11T18:43:49.325+0000][1][safepoint    ] Safepoint "Cleanup", Time since last: 1000120988 ns, Reaching safepoint: 102779 ns, At safepoint: 9643 ns, Total: 112422 ns
[2020-09-11T18:43:50.325+0000][1][safepoint    ] Safepoint "Cleanup", Time since last: 1000114679 ns, Reaching safepoint: 85067 ns, At safepoint: 10551 ns, Total: 95618 ns
[2020-09-11T18:43:51.325+0000][1][safepoint    ] Safepoint "Cleanup", Time since last: 1000115032 ns, Reaching safepoint: 84084 ns, At safepoint: 9500 ns, Total: 93584 ns
[2020-09-11T18:43:51.333+0000][1][safepoint    ] Safepoint "RevokeBias", Time since last: 6898476 ns, Reaching safepoint: 222174 ns, At safepoint: 303805 ns, Total: 525979 ns
[2020-09-11T18:43:51.336+0000][1][safepoint    ] Safepoint "RevokeBias", Time since last: 3617571 ns, Reaching safepoint: 89504 ns, At safepoint: 22476 ns, Total: 111980 ns
[2020-09-11T18:43:54.190+0000][1][safepoint    ] Safepoint "RevokeBias", Time since last: 2852925753 ns, Reaching safepoint: 226233 ns, At safepoint: 307412 ns, Total: 533645 ns
[2020-09-11T18:43:56.341+0000][1][safepoint    ] Safepoint "RevokeBias", Time since last: 2151255546 ns, Reaching safepoint: 168225 ns, At safepoint: 27045 ns, Total: 195270 ns
[2020-09-11T18:43:56.344+0000][1][safepoint    ] Safepoint "RevokeBias", Time since last: 3037554 ns, Reaching safepoint: 84982 ns, At safepoint: 22778 ns, Total: 107760 ns
[2020-09-11T18:43:59.377+0000][1][gc,start     ] GC(231) Pause Young (Allocation Failure)
[2020-09-11T18:43:59.377+0000][1][gc,task      ] GC(231) Using 1 workers of 1 for evacuation
[2020-09-11T18:43:59.409+0000][1][gc,age       ] GC(231) Desired survivor size 4358144 bytes, new threshold 6 (max threshold 6)
[2020-09-11T18:43:59.409+0000][1][gc,age       ] GC(231) Age table with threshold 6 (max threshold 6)
[2020-09-11T18:43:59.409+0000][1][gc,age       ] GC(231) - age   1:      84016 bytes,      84016 total
[2020-09-11T18:43:59.409+0000][1][gc,age       ] GC(231) - age   2:     132544 bytes,     216560 total
[2020-09-11T18:43:59.409+0000][1][gc,age       ] GC(231) - age   3:      40592 bytes,     257152 total
[2020-09-11T18:43:59.409+0000][1][gc,age       ] GC(231) - age   4:     291272 bytes,     548424 total
[2020-09-11T18:43:59.409+0000][1][gc,age       ] GC(231) - age   5:      36320 bytes,     584744 total
[2020-09-11T18:43:59.409+0000][1][gc,age       ] GC(231) - age   6:     164784 bytes,     749528 total
[2020-09-11T18:43:59.409+0000][1][gc,heap      ] GC(231) ParNew: 69954K->1223K(76672K)
[2020-09-11T18:43:59.409+0000][1][gc,heap      ] GC(231) CMS: 157387K->157698K(2011968K)
[2020-09-11T18:43:59.409+0000][1][gc,metaspace ] GC(231) Metaspace: 97477K->97477K(1138688K)
[2020-09-11T18:43:59.409+0000][1][gc           ] GC(231) Pause Young (Allocation Failure) 222M->155M(2039M) 32.100ms
[2020-09-11T18:43:59.409+0000][1][gc,cpu       ] GC(231) User=0.02s Sys=0.01s Real=0.03s
[2020-09-11T18:43:59.409+0000][1][safepoint    ] Safepoint "GenCollectForAllocation", Time since last: 3029996183 ns, Reaching safepoint: 2396427 ns, At safepoint: 32168799 ns, Total: 34565226 ns
[2020-09-11T18:44:00.411+0000][1][safepoint    ] Safepoint "Cleanup", Time since last: 1001586079 ns, Reaching safepoint: 93150 ns, At safepoint: 23755 ns, Total: 116905 ns
[2020-09-11T18:44:01.353+0000][1][safepoint    ] Safepoint "RevokeBias", Time since last: 942088925 ns, Reaching safepoint: 94606 ns, At safepoint: 37157 ns, Total: 131763 ns
[2020-09-11T18:44:01.362+0000][1][safepoint    ] Safepoint "RevokeBias", Time since last: 8641173 ns, Reaching safepoint: 87423 ns, At safepoint: 39383 ns, Total: 126806 ns
[2020-09-11T18:44:05.206+0000][1][safepoint    ] Safepoint "RevokeBias", Time since last: 3844181269 ns, Reaching safepoint: 172618 ns, At safepoint: 46907 ns, Total: 219525 ns
[2020-09-11T18:44:06.367+0000][1][safepoint    ] Safepoint "RevokeBias", Time since last: 1160557377 ns, Reaching safepoint: 227002 ns, At safepoint: 283387 ns, Total: 510389 ns
[2020-09-11T18:44:06.371+0000][1][safepoint    ] Safepoint "RevokeBias", Time since last: 3604157 ns, Reaching safepoint: 90180 ns, At safepoint: 21524 ns, Total: 111704 ns
[2020-09-11T18:44:11.373+0000][1][safepoint    ] Safepoint "Cleanup", Time since last: 5002094812 ns, Reaching safepoint: 92821 ns, At safepoint: 9328 ns, Total: 102149 ns
[2020-09-11T18:44:11.385+0000][1][safepoint    ] Safepoint "RevokeBias", Time since last: 11468383 ns, Reaching safepoint: 198548 ns, At safepoint: 26278 ns, Total: 224826 ns
[2020-09-11T18:44:11.389+0000][1][safepoint    ] Safepoint "RevokeBias", Time since last: 4078350 ns, Reaching safepoint: 87373 ns, At safepoint: 26123 ns, Total: 113496 ns
[2020-09-11T18:44:16.226+0000][1][safepoint    ] Safepoint "RevokeBias", Time since last: 4837049848 ns, Reaching safepoint: 186175 ns, At safepoint: 27944 ns, Total: 214119 ns
[2020-09-11T18:44:16.397+0000][1][safepoint    ] Safepoint "RevokeBias", Time since last: 170147140 ns, Reaching safepoint: 227872 ns, At safepoint: 321782 ns, Total: 549654 ns
[2020-09-11T18:44:16.404+0000][1][safepoint    ] Safepoint "BulkRevokeBias", Time since last: 6549705 ns, Reaching safepoint: 97900 ns, At safepoint: 258872 ns, Total: 356772 ns
[2020-09-11T18:44:20.717+0000][1][gc,start     ] GC(232) Pause Young (Allocation Failure)
[2020-09-11T18:44:20.717+0000][1][gc,task      ] GC(232) Using 1 workers of 1 for evacuation
[2020-09-11T18:44:20.750+0000][1][gc,age       ] GC(232) Desired survivor size 4358144 bytes, new threshold 6 (max threshold 6)
[2020-09-11T18:44:20.750+0000][1][gc,age       ] GC(232) Age table with threshold 6 (max threshold 6)
[2020-09-11T18:44:20.750+0000][1][gc,age       ] GC(232) - age   1:     187304 bytes,     187304 total
[2020-09-11T18:44:20.750+0000][1][gc,age       ] GC(232) - age   2:       8472 bytes,     195776 total
[2020-09-11T18:44:20.750+0000][1][gc,age       ] GC(232) - age   3:     130888 bytes,     326664 total
[2020-09-11T18:44:20.750+0000][1][gc,age       ] GC(232) - age   4:      40272 bytes,     366936 total
[2020-09-11T18:44:20.750+0000][1][gc,age       ] GC(232) - age   5:     291104 bytes,     658040 total
[2020-09-11T18:44:20.750+0000][1][gc,age       ] GC(232) - age   6:      36320 bytes,     694360 total
[2020-09-11T18:44:20.750+0000][1][gc,heap      ] GC(232) ParNew: 69383K->701K(76672K)
[2020-09-11T18:44:20.750+0000][1][gc,heap      ] GC(232) CMS: 157698K->157859K(2011968K)
[2020-09-11T18:44:20.750+0000][1][gc,metaspace ] GC(232) Metaspace: 97480K->97480K(1138688K)
[2020-09-11T18:44:20.750+0000][1][gc           ] GC(232) Pause Young (Allocation Failure) 221M->154M(2039M) 33.475ms
[2020-09-11T18:44:20.750+0000][1][gc,cpu       ] GC(232) User=0.02s Sys=0.00s Real=0.03s
[2020-09-11T18:44:20.750+0000][1][safepoint    ] Safepoint "GenCollectForAllocation", Time since last: 4312656227 ns, Reaching safepoint: 188185 ns, At safepoint: 33571902 ns, Total: 33760087 ns
[2020-09-11T18:44:21.419+0000][1][safepoint    ] Safepoint "RevokeBias", Time since last: 669083939 ns, Reaching safepoint: 90013 ns, At safepoint: 26355 ns, Total: 116368 ns
[2020-09-11T18:44:21.423+0000][1][safepoint    ] Safepoint "RevokeBias", Time since last: 3767008 ns, Reaching safepoint: 93564 ns, At safepoint: 24856 ns, Total: 118420 ns
[2020-09-11T18:44:26.433+0000][1][safepoint    ] Safepoint "RevokeBias", Time since last: 5008870581 ns, Reaching safepoint: 211321 ns, At safepoint: 320744 ns, Total: 532065 ns
[2020-09-11T18:44:26.440+0000][1][safepoint    ] Safepoint "RevokeBias", Time since last: 7533667 ns, Reaching safepoint: 167745 ns, At safepoint: 24006 ns, Total: 191751 ns
[2020-09-11T18:44:27.241+0000][1][safepoint    ] Safepoint "RevokeBias", Time since last: 800866507 ns, Reaching safepoint: 90670 ns, At safepoint: 25961 ns, Total: 116631 ns
[2020-09-11T18:44:28.242+0000][1][safepoint    ] Safepoint "Cleanup", Time since last: 1000118465 ns, Reaching safepoint: 86180 ns, At safepoint: 9569 ns, Total: 95749 ns
[2020-09-11T18:44:29.242+0000][1][safepoint    ] Safepoint "Cleanup", Time since last: 1000118451 ns, Reaching safepoint: 86320 ns, At safepoint: 9707 ns, Total: 96027 ns
[2020-09-11T18:44:30.242+0000][1][safepoint    ] Safepoint "Cleanup", Time since last: 1000113267 ns, Reaching safepoint: 90281 ns, At safepoint: 9177 ns, Total: 99458 ns
[2020-09-11T18:44:31.242+0000][1][safepoint    ] Safepoint "Cleanup", Time since last: 1000118354 ns, Reaching safepoint: 95917 ns, At safepoint: 9975 ns, Total: 105892 ns
[2020-09-11T18:44:31.446+0000][1][safepoint    ] Safepoint "RevokeBias", Time since last: 204011508 ns, Reaching safepoint: 94982 ns, At safepoint: 26104 ns, Total: 121086 ns
[2020-09-11T18:44:31.454+0000][1][safepoint    ] Safepoint "RevokeBias", Time since last: 7140553 ns, Reaching safepoint: 97479 ns, At safepoint: 36544 ns, Total: 134023 ns
[2020-09-11T18:44:32.454+0000][1][safepoint    ] Safepoint "Cleanup", Time since last: 1000115217 ns, Reaching safepoint: 85919 ns, At safepoint: 9809 ns, Total: 95728 ns
[2020-09-11T18:44:33.454+0000][1][safepoint    ] Safepoint "Cleanup", Time since last: 1000113788 ns, Reaching safepoint: 86908 ns, At safepoint: 9470 ns, Total: 96378 ns
[2020-09-11T18:44:34.454+0000][1][safepoint    ] Safepoint "Cleanup", Time since last: 1000112859 ns, Reaching safepoint: 113296 ns, At safepoint: 8538 ns, Total: 121834 ns
[2020-09-11T18:44:35.455+0000][1][safepoint    ] Safepoint "Cleanup", Time since last: 1000112468 ns, Reaching safepoint: 85342 ns, At safepoint: 10340 ns, Total: 95682 ns
[2020-09-11T18:44:36.455+0000][1][safepoint    ] Safepoint "Cleanup", Time since last: 1000115855 ns, Reaching safepoint: 85780 ns, At safepoint: 10028 ns, Total: 95808 ns
[2020-09-11T18:44:36.458+0000][1][safepoint    ] Safepoint "RevokeBias", Time since last: 3348635 ns, Reaching safepoint: 90989 ns, At safepoint: 48905 ns, Total: 139894 ns
[2020-09-11T18:44:36.462+0000][1][safepoint    ] Safepoint "RevokeBias", Time since last: 3087214 ns, Reaching safepoint: 86691 ns, At safepoint: 25615 ns, Total: 112306 ns
[2020-09-11T18:44:37.462+0000][1][safepoint    ] Safepoint "Cleanup", Time since last: 1000116948 ns, Reaching safepoint: 88109 ns, At safepoint: 9174 ns, Total: 97283 ns
[2020-09-11T18:44:38.258+0000][1][safepoint    ] Safepoint "RevokeBias", Time since last: 796275166 ns, Reaching safepoint: 172741 ns, At safepoint: 26288 ns, Total: 199029 ns
[2020-09-11T18:44:38.682+0000][1][gc,start     ] GC(233) Pause Young (Allocation Failure)
[2020-09-11T18:44:38.682+0000][1][gc,task      ] GC(233) Using 1 workers of 1 for evacuation
[2020-09-11T18:44:38.721+0000][1][gc,age       ] GC(233) Desired survivor size 4358144 bytes, new threshold 6 (max threshold 6)
[2020-09-11T18:44:38.721+0000][1][gc,age       ] GC(233) Age table with threshold 6 (max threshold 6)
[2020-09-11T18:44:38.721+0000][1][gc,age       ] GC(233) - age   1:     221760 bytes,     221760 total
[2020-09-11T18:44:38.721+0000][1][gc,age       ] GC(233) - age   2:      98640 bytes,     320400 total
[2020-09-11T18:44:38.721+0000][1][gc,age       ] GC(233) - age   3:       6496 bytes,     326896 total
[2020-09-11T18:44:38.721+0000][1][gc,age       ] GC(233) - age   4:     128056 bytes,     454952 total
[2020-09-11T18:44:38.721+0000][1][gc,age       ] GC(233) - age   5:      40272 bytes,     495224 total
[2020-09-11T18:44:38.721+0000][1][gc,age       ] GC(233) - age   6:     290768 bytes,     785992 total
[2020-09-11T18:44:38.721+0000][1][gc,heap      ] GC(233) ParNew: 68849K->1368K(76672K)
[2020-09-11T18:44:38.721+0000][1][gc,heap      ] GC(233) CMS: 157859K->157895K(2011968K)
[2020-09-11T18:44:38.721+0000][1][gc,metaspace ] GC(233) Metaspace: 97481K->97481K(1138688K)
[2020-09-11T18:44:38.721+0000][1][gc           ] GC(233) Pause Young (Allocation Failure) 221M->155M(2039M) 39.112ms
[2020-09-11T18:44:38.721+0000][1][gc,cpu       ] GC(233) User=0.02s Sys=0.00s Real=0.04s
[2020-09-11T18:44:38.721+0000][1][safepoint    ] Safepoint "GenCollectForAllocation", Time since last: 423891039 ns, Reaching safepoint: 192830 ns, At safepoint: 39177941 ns, Total: 39370771 ns
[2020-09-11T18:44:39.729+0000][1][safepoint    ] Safepoint "Cleanup", Time since last: 1007566881 ns, Reaching safepoint: 86106 ns, At safepoint: 23629 ns, Total: 109735 ns
[2020-09-11T18:44:40.729+0000][1][safepoint    ] Safepoint "Cleanup", Time since last: 1000109215 ns, Reaching safepoint: 83180 ns, At safepoint: 20741 ns, Total: 103921 ns
[2020-09-11T18:44:41.468+0000][1][safepoint    ] Safepoint "RevokeBias", Time since last: 738320146 ns, Reaching safepoint: 119294 ns, At safepoint: 25330 ns, Total: 144624 ns
[2020-09-11T18:44:41.471+0000][1][safepoint    ] Safepoint "RevokeBias", Time since last: 3016836 ns, Reaching safepoint: 229905 ns, At safepoint: 245234 ns, Total: 475139 ns
[2020-09-11T18:44:42.472+0000][1][safepoint    ] Safepoint "Cleanup", Time since last: 1000116172 ns, Reaching safepoint: 85258 ns, At safepoint: 9341 ns, Total: 94599 ns
[2020-09-11T18:44:43.472+0000][1][safepoint    ] Safepoint "Cleanup", Time since last: 1000114628 ns, Reaching safepoint: 87764 ns, At safepoint: 9464 ns, Total: 97228 ns
[2020-09-11T18:44:44.472+0000][1][safepoint    ] Safepoint "Cleanup", Time since last: 1000119264 ns, Reaching safepoint: 90356 ns, At safepoint: 10083 ns, Total: 100439 ns
[2020-09-11T18:44:45.472+0000][1][safepoint    ] Safepoint "Cleanup", Time since last: 1000119061 ns, Reaching safepoint: 91462 ns, At safepoint: 10476 ns, Total: 101938 ns
[2020-09-11T18:44:46.472+0000][1][safepoint    ] Safepoint "Cleanup", Time since last: 1000120122 ns, Reaching safepoint: 83088 ns, At safepoint: 9703 ns, Total: 92791 ns
[2020-09-11T18:44:46.477+0000][1][safepoint    ] Safepoint "RevokeBias", Time since last: 4392530 ns, Reaching safepoint: 92956 ns, At safepoint: 25200 ns, Total: 118156 ns
[2020-09-11T18:44:46.480+0000][1][safepoint    ] Safepoint "RevokeBias", Time since last: 3010841 ns, Reaching safepoint: 85613 ns, At safepoint: 21948 ns, Total: 107561 ns
[2020-09-11T18:44:47.480+0000][1][safepoint    ] Safepoint "Cleanup", Time since last: 1000124201 ns, Reaching safepoint: 87145 ns, At safepoint: 10017 ns, Total: 97162 ns
[2020-09-11T18:44:48.480+0000][1][safepoint    ] Safepoint "Cleanup", Time since last: 1000113180 ns, Reaching safepoint: 82772 ns, At safepoint: 7942 ns, Total: 90714 ns
[2020-09-11T18:44:49.276+0000][1][safepoint    ] Safepoint "RevokeBias", Time since last: 795175060 ns, Reaching safepoint: 96441 ns, At safepoint: 26601 ns, Total: 123042 ns
[2020-09-11T18:44:50.276+0000][1][safepoint    ] Safepoint "Cleanup", Time since last: 1000113990 ns, Reaching safepoint: 84950 ns, At safepoint: 8464 ns, Total: 93414 ns
[2020-09-11T18:44:51.276+0000][1][safepoint    ] Safepoint "Cleanup", Time since last: 1000115859 ns, Reaching safepoint: 82367 ns, At safepoint: 8698 ns, Total: 91065 ns
[2020-09-11T18:44:51.496+0000][1][safepoint    ] Safepoint "RevokeBias", Time since last: 218996021 ns, Reaching safepoint: 243984 ns, At safepoint: 271951 ns, Total: 515935 ns
[2020-09-11T18:44:51.499+0000][1][safepoint    ] Safepoint "RevokeBias", Time since last: 3689504 ns, Reaching safepoint: 88826 ns, At safepoint: 22166 ns, Total: 110992 ns
[2020-09-11T18:44:52.500+0000][1][safepoint    ] Safepoint "Cleanup", Time since last: 1000107128 ns, Reaching safepoint: 85794 ns, At safepoint: 9336 ns, Total: 95130 ns
[2020-09-11T18:44:53.500+0000][1][safepoint    ] Safepoint "Cleanup", Time since last: 1000114518 ns, Reaching safepoint: 85027 ns, At safepoint: 8922 ns, Total: 93949 ns
[2020-09-11T18:44:54.500+0000][1][safepoint    ] Safepoint "Cleanup", Time since last: 1000113580 ns, Reaching safepoint: 85558 ns, At safepoint: 10033 ns, Total: 95591 ns
[2020-09-11T18:44:55.500+0000][1][safepoint    ] Safepoint "Cleanup", Time since last: 1000119862 ns, Reaching safepoint: 93219 ns, At safepoint: 9720 ns, Total: 102939 ns
[2020-09-11T18:44:56.502+0000][1][safepoint    ] Safepoint "Cleanup", Time since last: 1000122855 ns, Reaching safepoint: 1505573 ns, At safepoint: 14602 ns, Total: 1520175 ns
[2020-09-11T18:44:56.512+0000][1][safepoint    ] Safepoint "RevokeBias", Time since last: 10012454 ns, Reaching safepoint: 222652 ns, At safepoint: 299847 ns, Total: 522499 ns
[2020-09-11T18:44:56.522+0000][1][safepoint    ] Safepoint "RevokeBias", Time since last: 8880583 ns, Reaching safepoint: 180938 ns, At safepoint: 24252 ns, Total: 205190 ns
[2020-09-11T18:44:57.522+0000][1][safepoint    ] Safepoint "Cleanup", Time since last: 1000111324 ns, Reaching safepoint: 85627 ns, At safepoint: 10234 ns, Total: 95861 ns
[2020-09-11T18:44:58.522+0000][1][safepoint    ] Safepoint "Cleanup", Time since last: 1000117329 ns, Reaching safepoint: 86944 ns, At safepoint: 10495 ns, Total: 97439 ns
[2020-09-11T18:44:59.455+0000][1][gc,start     ] GC(234) Pause Young (Allocation Failure)
[2020-09-11T18:44:59.455+0000][1][gc,task      ] GC(234) Using 1 workers of 1 for evacuation
[2020-09-11T18:44:59.486+0000][1][gc,age       ] GC(234) Desired survivor size 4358144 bytes, new threshold 6 (max threshold 6)
[2020-09-11T18:44:59.486+0000][1][gc,age       ] GC(234) Age table with threshold 6 (max threshold 6)
[2020-09-11T18:44:59.486+0000][1][gc,age       ] GC(234) - age   1:     238072 bytes,     238072 total
[2020-09-11T18:44:59.486+0000][1][gc,age       ] GC(234) - age   2:      36384 bytes,     274456 total
[2020-09-11T18:44:59.486+0000][1][gc,age       ] GC(234) - age   3:      86032 bytes,     360488 total
[2020-09-11T18:44:59.486+0000][1][gc,age       ] GC(234) - age   4:       6464 bytes,     366952 total
[2020-09-11T18:44:59.486+0000][1][gc,age       ] GC(234) - age   5:     126816 bytes,     493768 total
[2020-09-11T18:44:59.486+0000][1][gc,age       ] GC(234) - age   6:      40272 bytes,     534040 total
[2020-09-11T18:44:59.486+0000][1][gc,heap      ] GC(234) ParNew: 69528K->917K(76672K)
[2020-09-11T18:44:59.486+0000][1][gc,heap      ] GC(234) CMS: 157895K->158178K(2011968K)
[2020-09-11T18:44:59.486+0000][1][gc,metaspace ] GC(234) Metaspace: 97512K->97512K(1138688K)
[2020-09-11T18:44:59.486+0000][1][gc           ] GC(234) Pause Young (Allocation Failure) 222M->155M(2039M) 30.544ms
[2020-09-11T18:44:59.486+0000][1][gc,cpu       ] GC(234) User=0.01s Sys=0.00s Real=0.03s
[2020-09-11T18:44:59.486+0000][1][safepoint    ] Safepoint "GenCollectForAllocation", Time since last: 933145745 ns, Reaching safepoint: 82210 ns, At safepoint: 30637829 ns, Total: 30720039 ns
[2020-09-11T18:45:00.293+0000][1][safepoint    ] Safepoint "RevokeBias", Time since last: 806740644 ns, Reaching safepoint: 88150 ns, At safepoint: 37444 ns, Total: 125594 ns
[2020-09-11T18:45:01.293+0000][1][safepoint    ] Safepoint "Cleanup", Time since last: 1000519991 ns, Reaching safepoint: 84869 ns, At safepoint: 8391 ns, Total: 93260 ns
[2020-09-11T18:45:01.530+0000][1][safepoint    ] Safepoint "RevokeBias", Time since last: 236841634 ns, Reaching safepoint: 173428 ns, At safepoint: 28201 ns, Total: 201629 ns
[2020-09-11T18:45:01.537+0000][1][safepoint    ] Safepoint "RevokeBias", Time since last: 6290905 ns, Reaching safepoint: 120598 ns, At safepoint: 27203 ns, Total: 147801 ns
[2020-09-11T18:45:02.537+0000][1][safepoint    ] Safepoint "Cleanup", Time since last: 1000112081 ns, Reaching safepoint: 86370 ns, At safepoint: 8871 ns, Total: 95241 ns
[2020-09-11T18:45:03.537+0000][1][safepoint    ] Safepoint "Cleanup", Time since last: 1000113324 ns, Reaching safepoint: 87171 ns, At safepoint: 9836 ns, Total: 97007 ns
[2020-09-11T18:45:04.537+0000][1][safepoint    ] Safepoint "Cleanup", Time since last: 1000145007 ns, Reaching safepoint: 106973 ns, At safepoint: 8765 ns, Total: 115738 ns
[2020-09-11T18:45:05.538+0000][1][safepoint    ] Safepoint "Cleanup", Time since last: 1000110221 ns, Reaching safepoint: 105169 ns, At safepoint: 11790 ns, Total: 116959 ns
[2020-09-11T18:45:06.538+0000][1][safepoint    ] Safepoint "Cleanup", Time since last: 1000126671 ns, Reaching safepoint: 85945 ns, At safepoint: 9879 ns, Total: 95824 ns
[2020-09-11T18:45:06.545+0000][1][safepoint    ] Safepoint "RevokeBias", Time since last: 6410126 ns, Reaching safepoint: 171299 ns, At safepoint: 50798 ns, Total: 222097 ns
[2020-09-11T18:45:06.550+0000][1][safepoint    ] Safepoint "RevokeBias", Time since last: 4806791 ns, Reaching safepoint: 201909 ns, At safepoint: 30209 ns, Total: 232118 ns
[2020-09-11T18:45:07.550+0000][1][safepoint    ] Safepoint "Cleanup", Time since last: 1000114036 ns, Reaching safepoint: 84800 ns, At safepoint: 9740 ns, Total: 94540 ns
[2020-09-11T18:45:08.552+0000][1][safepoint    ] Safepoint "Cleanup", Time since last: 1002006682 ns, Reaching safepoint: 97243 ns, At safepoint: 8992 ns, Total: 106235 ns
[2020-09-11T18:45:09.552+0000][1][safepoint    ] Safepoint "Cleanup", Time since last: 1000106272 ns, Reaching safepoint: 86532 ns, At safepoint: 8799 ns, Total: 95331 ns
[2020-09-11T18:45:10.552+0000][1][safepoint    ] Safepoint "Cleanup", Time since last: 1000115037 ns, Reaching safepoint: 84994 ns, At safepoint: 9722 ns, Total: 94716 ns
[2020-09-11T18:45:11.311+0000][1][safepoint    ] Safepoint "RevokeBias", Time since last: 757752011 ns, Reaching safepoint: 215470 ns, At safepoint: 238104 ns, Total: 453574 ns
[2020-09-11T18:45:11.572+0000][1][safepoint    ] Safepoint "RevokeBias", Time since last: 261500312 ns, Reaching safepoint: 93582 ns, At safepoint: 26371 ns, Total: 119953 ns
[2020-09-11T18:45:11.577+0000][1][safepoint    ] Safepoint "RevokeBias", Time since last: 4006133 ns, Reaching safepoint: 212128 ns, At safepoint: 228958 ns, Total: 441086 ns
[2020-09-11T18:45:12.577+0000][1][safepoint    ] Safepoint "Cleanup", Time since last: 1000109810 ns, Reaching safepoint: 103797 ns, At safepoint: 9110 ns, Total: 112907 ns
[2020-09-11T18:45:13.577+0000][1][safepoint    ] Safepoint "Cleanup", Time since last: 1000115440 ns, Reaching safepoint: 107261 ns, At safepoint: 9328 ns, Total: 116589 ns
[2020-09-11T18:45:14.577+0000][1][safepoint    ] Safepoint "Cleanup", Time since last: 1000294030 ns, Reaching safepoint: 87846 ns, At safepoint: 9166 ns, Total: 97012 ns
[2020-09-11T18:45:15.578+0000][1][safepoint    ] Safepoint "Cleanup", Time since last: 1000104140 ns, Reaching safepoint: 85368 ns, At safepoint: 9264 ns, Total: 94632 ns
[2020-09-11T18:45:16.578+0000][1][safepoint    ] Safepoint "Cleanup", Time since last: 1000127619 ns, Reaching safepoint: 94698 ns, At safepoint: 9941 ns, Total: 104639 ns
[2020-09-11T18:45:16.581+0000][1][safepoint    ] Safepoint "RevokeBias", Time since last: 3272504 ns, Reaching safepoint: 94422 ns, At safepoint: 25947 ns, Total: 120369 ns
[2020-09-11T18:45:16.588+0000][1][safepoint    ] Safepoint "RevokeBias", Time since last: 6247006 ns, Reaching safepoint: 86531 ns, At safepoint: 25697 ns, Total: 112228 ns
[2020-09-11T18:45:17.588+0000][1][safepoint    ] Safepoint "Cleanup", Time since last: 1000114710 ns, Reaching safepoint: 86094 ns, At safepoint: 9555 ns, Total: 95649 ns
[2020-09-11T18:45:18.197+0000][1][gc,start     ] GC(235) Pause Young (Allocation Failure)
[2020-09-11T18:45:18.197+0000][1][gc,task      ] GC(235) Using 1 workers of 1 for evacuation
[2020-09-11T18:45:18.229+0000][1][gc,age       ] GC(235) Desired survivor size 4358144 bytes, new threshold 6 (max threshold 6)
[2020-09-11T18:45:18.230+0000][1][gc,age       ] GC(235) Age table with threshold 6 (max threshold 6)
[2020-09-11T18:45:18.230+0000][1][gc,age       ] GC(235) - age   1:     264632 bytes,     264632 total
[2020-09-11T18:45:18.230+0000][1][gc,age       ] GC(235) - age   2:     168232 bytes,     432864 total
[2020-09-11T18:45:18.230+0000][1][gc,age       ] GC(235) - age   3:      32936 bytes,     465800 total
[2020-09-11T18:45:18.230+0000][1][gc,age       ] GC(235) - age   4:      84440 bytes,     550240 total
[2020-09-11T18:45:18.230+0000][1][gc,age       ] GC(235) - age   5:       6464 bytes,     556704 total
[2020-09-11T18:45:18.230+0000][1][gc,age       ] GC(235) - age   6:     126816 bytes,     683520 total
[2020-09-11T18:45:18.230+0000][1][gc,heap      ] GC(235) ParNew: 69077K->684K(76672K)
[2020-09-11T18:45:18.230+0000][1][gc,heap      ] GC(235) CMS: 158178K->158218K(2011968K)
[2020-09-11T18:45:18.230+0000][1][gc,metaspace ] GC(235) Metaspace: 97518K->97518K(1138688K)
[2020-09-11T18:45:18.230+0000][1][gc           ] GC(235) Pause Young (Allocation Failure) 221M->155M(2039M) 32.788ms
[2020-09-11T18:45:18.230+0000][1][gc,cpu       ] GC(235) User=0.01s Sys=0.00s Real=0.03s
[2020-09-11T18:45:18.230+0000][1][safepoint    ] Safepoint "GenCollectForAllocation", Time since last: 608343111 ns, Reaching safepoint: 645762 ns, At safepoint: 32880265 ns, Total: 33526027 ns
[2020-09-11T18:45:19.237+0000][1][safepoint    ] Safepoint "Cleanup", Time since last: 1006808424 ns, Reaching safepoint: 85424 ns, At safepoint: 8251 ns, Total: 93675 ns
[2020-09-11T18:45:20.237+0000][1][safepoint    ] Safepoint "Cleanup", Time since last: 1000143413 ns, Reaching safepoint: 92888 ns, At safepoint: 9859 ns, Total: 102747 ns
[2020-09-11T18:45:21.237+0000][1][safepoint    ] Safepoint "Cleanup", Time since last: 1000121713 ns, Reaching safepoint: 87073 ns, At safepoint: 9961 ns, Total: 97034 ns
[2020-09-11T18:45:21.599+0000][1][safepoint    ] Safepoint "BulkRevokeBias", Time since last: 361900607 ns, Reaching safepoint: 197922 ns, At safepoint: 280667 ns, Total: 478589 ns
[2020-09-11T18:45:21.603+0000][1][safepoint    ] Safepoint "RevokeBias", Time since last: 3065410 ns, Reaching safepoint: 218450 ns, At safepoint: 292278 ns, Total: 510728 ns
[2020-09-11T18:45:22.326+0000][1][safepoint    ] Safepoint "RevokeBias", Time since last: 722960210 ns, Reaching safepoint: 92358 ns, At safepoint: 26159 ns, Total: 118517 ns
[2020-09-11T18:45:23.326+0000][1][safepoint    ] Safepoint "Cleanup", Time since last: 1000112946 ns, Reaching safepoint: 86020 ns, At safepoint: 9707 ns, Total: 95727 ns
[2020-09-11T18:45:24.327+0000][1][safepoint    ] Safepoint "Cleanup", Time since last: 1000112576 ns, Reaching safepoint: 84454 ns, At safepoint: 9656 ns, Total: 94110 ns
[2020-09-11T18:45:25.327+0000][1][safepoint    ] Safepoint "Cleanup", Time since last: 1000112045 ns, Reaching safepoint: 86617 ns, At safepoint: 9484 ns, Total: 96101 ns
[2020-09-11T18:45:26.327+0000][1][safepoint    ] Safepoint "Cleanup", Time since last: 1000116867 ns, Reaching safepoint: 86221 ns, At safepoint: 10534 ns, Total: 96755 ns
[2020-09-11T18:45:26.609+0000][1][safepoint    ] Safepoint "RevokeBias", Time since last: 281808654 ns, Reaching safepoint: 169926 ns, At safepoint: 26544 ns, Total: 196470 ns
[2020-09-11T18:45:26.614+0000][1][safepoint    ] Safepoint "RevokeBias", Time since last: 5325924 ns, Reaching safepoint: 98126 ns, At safepoint: 26951 ns, Total: 125077 ns
[2020-09-11T18:45:27.615+0000][1][safepoint    ] Safepoint "Cleanup", Time since last: 1000114543 ns, Reaching safepoint: 91472 ns, At safepoint: 9599 ns, Total: 101071 ns
[2020-09-11T18:45:28.615+0000][1][safepoint    ] Safepoint "Cleanup", Time since last: 1000113158 ns, Reaching safepoint: 86621 ns, At safepoint: 9356 ns, Total: 95977 ns
[2020-09-11T18:45:29.615+0000][1][safepoint    ] Safepoint "Cleanup", Time since last: 1000112488 ns, Reaching safepoint: 90844 ns, At safepoint: 9429 ns, Total: 100273 ns
[2020-09-11T18:45:30.615+0000][1][safepoint    ] Safepoint "Cleanup", Time since last: 1000111023 ns, Reaching safepoint: 83686 ns, At safepoint: 8719 ns, Total: 92405 ns
[2020-09-11T18:45:31.615+0000][1][safepoint    ] Safepoint "Cleanup", Time since last: 1000112218 ns, Reaching safepoint: 84462 ns, At safepoint: 8422 ns, Total: 92884 ns
[2020-09-11T18:45:31.620+0000][1][safepoint    ] Safepoint "RevokeBias", Time since last: 3949959 ns, Reaching safepoint: 221079 ns, At safepoint: 281741 ns, Total: 502820 ns
[2020-09-11T18:45:31.629+0000][1][safepoint    ] Safepoint "RevokeBias", Time since last: 8728576 ns, Reaching safepoint: 120482 ns, At safepoint: 26769 ns, Total: 147251 ns
[2020-09-11T18:45:32.629+0000][1][safepoint    ] Safepoint "Cleanup", Time since last: 1000112323 ns, Reaching safepoint: 85437 ns, At safepoint: 10018 ns, Total: 95455 ns
[2020-09-11T18:45:33.342+0000][1][safepoint    ] Safepoint "RevokeBias", Time since last: 712769996 ns, Reaching safepoint: 224697 ns, At safepoint: 281306 ns, Total: 506003 ns
[2020-09-11T18:45:34.342+0000][1][safepoint    ] Safepoint "Cleanup", Time since last: 1000116957 ns, Reaching safepoint: 84541 ns, At safepoint: 9787 ns, Total: 94328 ns
[2020-09-11T18:45:35.343+0000][1][safepoint    ] Safepoint "Cleanup", Time since last: 1000126770 ns, Reaching safepoint: 85207 ns, At safepoint: 9490 ns, Total: 94697 ns
[2020-09-11T18:45:36.343+0000][1][safepoint    ] Safepoint "Cleanup", Time since last: 1000117765 ns, Reaching safepoint: 86868 ns, At safepoint: 9968 ns, Total: 96836 ns
[2020-09-11T18:45:36.634+0000][1][safepoint    ] Safepoint "RevokeBias", Time since last: 290450230 ns, Reaching safepoint: 173021 ns, At safepoint: 50843 ns, Total: 223864 ns
[2020-09-11T18:45:36.637+0000][1][safepoint    ] Safepoint "RevokeBias", Time since last: 3032933 ns, Reaching safepoint: 84704 ns, At safepoint: 72710 ns, Total: 157414 ns
[2020-09-11T18:45:37.637+0000][1][safepoint    ] Safepoint "Cleanup", Time since last: 1000108592 ns, Reaching safepoint: 85513 ns, At safepoint: 8927 ns, Total: 94440 ns
[2020-09-11T18:45:38.489+0000][1][gc,start     ] GC(236) Pause Young (Allocation Failure)
[2020-09-11T18:45:38.489+0000][1][gc,task      ] GC(236) Using 1 workers of 1 for evacuation
[2020-09-11T18:45:38.522+0000][1][gc,age       ] GC(236) Desired survivor size 4358144 bytes, new threshold 6 (max threshold 6)
[2020-09-11T18:45:38.522+0000][1][gc,age       ] GC(236) Age table with threshold 6 (max threshold 6)
[2020-09-11T18:45:38.522+0000][1][gc,age       ] GC(236) - age   1:    1236744 bytes,    1236744 total
[2020-09-11T18:45:38.522+0000][1][gc,age       ] GC(236) - age   2:     176992 bytes,    1413736 total
[2020-09-11T18:45:38.522+0000][1][gc,age       ] GC(236) - age   3:     159488 bytes,    1573224 total
[2020-09-11T18:45:38.522+0000][1][gc,age       ] GC(236) - age   4:      32904 bytes,    1606128 total
[2020-09-11T18:45:38.522+0000][1][gc,age       ] GC(236) - age   5:      84440 bytes,    1690568 total
[2020-09-11T18:45:38.522+0000][1][gc,age       ] GC(236) - age   6:       6432 bytes,    1697000 total
[2020-09-11T18:45:38.522+0000][1][gc,heap      ] GC(236) ParNew: 68844K->2120K(76672K)
[2020-09-11T18:45:38.522+0000][1][gc,heap      ] GC(236) CMS: 158218K->158342K(2011968K)
[2020-09-11T18:45:38.522+0000][1][gc,metaspace ] GC(236) Metaspace: 97532K->97532K(1138688K)
[2020-09-11T18:45:38.522+0000][1][gc           ] GC(236) Pause Young (Allocation Failure) 221M->156M(2039M) 33.095ms
[2020-09-11T18:45:38.522+0000][1][gc,cpu       ] GC(236) User=0.02s Sys=0.00s Real=0.04s
[2020-09-11T18:45:38.530+0000][1][safepoint    ] Safepoint "GenCollectForAllocation", Time since last: 849706657 ns, Reaching safepoint: 2156297 ns, At safepoint: 40945379 ns, Total: 43101676 ns
[2020-09-11T18:45:39.545+0000][1][safepoint    ] Safepoint "Cleanup", Time since last: 1015035062 ns, Reaching safepoint: 84488 ns, At safepoint: 8675 ns, Total: 93163 ns
[2020-09-11T18:45:40.545+0000][1][safepoint    ] Safepoint "Cleanup", Time since last: 1000114624 ns, Reaching safepoint: 95665 ns, At safepoint: 10331 ns, Total: 105996 ns
[2020-09-11T18:45:41.545+0000][1][safepoint    ] Safepoint "Cleanup", Time since last: 1000113123 ns, Reaching safepoint: 84844 ns, At safepoint: 9743 ns, Total: 94587 ns
[2020-09-11T18:45:41.645+0000][1][safepoint    ] Safepoint "RevokeBias", Time since last: 98675544 ns, Reaching safepoint: 223138 ns, At safepoint: 282500 ns, Total: 505638 ns
[2020-09-11T18:45:41.648+0000][1][safepoint    ] Safepoint "RevokeBias", Time since last: 3608685 ns, Reaching safepoint: 93004 ns, At safepoint: 25130 ns, Total: 118134 ns
[2020-09-11T18:45:44.364+0000][1][safepoint    ] Safepoint "RevokeBias", Time since last: 2715107549 ns, Reaching safepoint: 222433 ns, At safepoint: 318602 ns, Total: 541035 ns
[2020-09-11T18:45:45.364+0000][1][safepoint    ] Safepoint "Cleanup", Time since last: 1000117216 ns, Reaching safepoint: 93491 ns, At safepoint: 10675 ns, Total: 104166 ns
[2020-09-11T18:45:46.653+0000][1][safepoint    ] Safepoint "RevokeBias", Time since last: 1288756342 ns, Reaching safepoint: 94798 ns, At safepoint: 26585 ns, Total: 121383 ns
[2020-09-11T18:45:46.657+0000][1][safepoint    ] Safepoint "RevokeBias", Time since last: 3109133 ns, Reaching safepoint: 212070 ns, At safepoint: 222175 ns, Total: 434245 ns
[2020-09-11T18:45:48.657+0000][1][safepoint    ] Safepoint "Cleanup", Time since last: 2000204807 ns, Reaching safepoint: 93412 ns, At safepoint: 8463 ns, Total: 101875 ns
[2020-09-11T18:45:50.657+0000][1][safepoint    ] Safepoint "Cleanup", Time since last: 2000183201 ns, Reaching safepoint: 93936 ns, At safepoint: 9610 ns, Total: 103546 ns
[2020-09-11T18:45:50.734+0000][1][gc,start     ] GC(237) Pause Young (Allocation Failure)
[2020-09-11T18:45:50.734+0000][1][gc,task      ] GC(237) Using 1 workers of 1 for evacuation
[2020-09-11T18:45:50.776+0000][1][gc,age       ] GC(237) Desired survivor size 4358144 bytes, new threshold 6 (max threshold 6)
[2020-09-11T18:45:50.776+0000][1][gc,age       ] GC(237) Age table with threshold 6 (max threshold 6)
[2020-09-11T18:45:50.776+0000][1][gc,age       ] GC(237) - age   1:     100312 bytes,     100312 total
[2020-09-11T18:45:50.776+0000][1][gc,age       ] GC(237) - age   2:    1143696 bytes,    1244008 total
[2020-09-11T18:45:50.776+0000][1][gc,age       ] GC(237) - age   3:     174120 bytes,    1418128 total
[2020-09-11T18:45:50.776+0000][1][gc,age       ] GC(237) - age   4:     159280 bytes,    1577408 total
[2020-09-11T18:45:50.776+0000][1][gc,age       ] GC(237) - age   5:      32904 bytes,    1610312 total
[2020-09-11T18:45:50.776+0000][1][gc,age       ] GC(237) - age   6:      84408 bytes,    1694720 total
[2020-09-11T18:45:50.776+0000][1][gc,heap      ] GC(237) ParNew: 70280K->2750K(76672K)
[2020-09-11T18:45:50.776+0000][1][gc,heap      ] GC(237) CMS: 158342K->158348K(2011968K)
[2020-09-11T18:45:50.776+0000][1][gc,metaspace ] GC(237) Metaspace: 97535K->97535K(1138688K)
[2020-09-11T18:45:50.777+0000][1][gc           ] GC(237) Pause Young (Allocation Failure) 223M->157M(2039M) 42.823ms
[2020-09-11T18:45:50.777+0000][1][gc,cpu       ] GC(237) User=0.02s Sys=0.00s Real=0.04s
[2020-09-11T18:45:50.781+0000][1][safepoint    ] Safepoint "GenCollectForAllocation", Time since last: 76358167 ns, Reaching safepoint: 171121 ns, At safepoint: 47101469 ns, Total: 47272590 ns
[2020-09-11T18:45:51.665+0000][1][safepoint    ] Safepoint "RevokeBias", Time since last: 883702830 ns, Reaching safepoint: 96150 ns, At safepoint: 41015 ns, Total: 137165 ns
[2020-09-11T18:45:51.668+0000][1][safepoint    ] Safepoint "RevokeBias", Time since last: 3170608 ns, Reaching safepoint: 84701 ns, At safepoint: 33938 ns, Total: 118639 ns
[2020-09-11T18:45:55.387+0000][1][safepoint    ] Safepoint "RevokeBias", Time since last: 3718583016 ns, Reaching safepoint: 174852 ns, At safepoint: 27776 ns, Total: 202628 ns
[2020-09-11T18:45:56.676+0000][1][safepoint    ] Safepoint "RevokeBias", Time since last: 1289049690 ns, Reaching safepoint: 88641 ns, At safepoint: 26308 ns, Total: 114949 ns
[2020-09-11T18:45:56.680+0000][1][safepoint    ] Safepoint "RevokeBias", Time since last: 3602029 ns, Reaching safepoint: 170839 ns, At safepoint: 26473 ns, Total: 197312 ns
[2020-09-11T18:46:00.680+0000][1][safepoint    ] Safepoint "Cleanup", Time since last: 4000332670 ns, Reaching safepoint: 90786 ns, At safepoint: 10415 ns, Total: 101201 ns
[2020-09-11T18:46:01.684+0000][1][safepoint    ] Safepoint "RevokeBias", Time since last: 1004003190 ns, Reaching safepoint: 91612 ns, At safepoint: 25630 ns, Total: 117242 ns
[2020-09-11T18:46:01.688+0000][1][safepoint    ] Safepoint "RevokeBias", Time since last: 3507269 ns, Reaching safepoint: 92607 ns, At safepoint: 23325 ns, Total: 115932 ns
[2020-09-11T18:46:06.412+0000][1][safepoint    ] Safepoint "RevokeBias", Time since last: 4723741543 ns, Reaching safepoint: 115481 ns, At safepoint: 30614 ns, Total: 146095 ns
[2020-09-11T18:46:06.693+0000][1][safepoint    ] Safepoint "RevokeBias", Time since last: 280997245 ns, Reaching safepoint: 196622 ns, At safepoint: 26401 ns, Total: 223023 ns
[2020-09-11T18:46:06.696+0000][1][safepoint    ] Safepoint "RevokeBias", Time since last: 3085358 ns, Reaching safepoint: 84877 ns, At safepoint: 25701 ns, Total: 110578 ns
[2020-09-11T18:46:09.697+0000][1][safepoint    ] Safepoint "Cleanup", Time since last: 3000269029 ns, Reaching safepoint: 93435 ns, At safepoint: 10243 ns, Total: 103678 ns
[2020-09-11T18:46:10.697+0000][1][safepoint    ] Safepoint "Cleanup", Time since last: 1000125563 ns, Reaching safepoint: 88082 ns, At safepoint: 37192 ns, Total: 125274 ns
[2020-09-11T18:46:11.225+0000][1][gc,start     ] GC(238) Pause Young (Allocation Failure)
[2020-09-11T18:46:11.225+0000][1][gc,task      ] GC(238) Using 1 workers of 1 for evacuation
[2020-09-11T18:46:11.257+0000][1][gc,age       ] GC(238) Desired survivor size 4358144 bytes, new threshold 6 (max threshold 6)
[2020-09-11T18:46:11.257+0000][1][gc,age       ] GC(238) Age table with threshold 6 (max threshold 6)
[2020-09-11T18:46:11.257+0000][1][gc,age       ] GC(238) - age   1:     122496 bytes,     122496 total
[2020-09-11T18:46:11.257+0000][1][gc,age       ] GC(238) - age   2:       9496 bytes,     131992 total
[2020-09-11T18:46:11.257+0000][1][gc,age       ] GC(238) - age   3:    1134400 bytes,    1266392 total
[2020-09-11T18:46:11.257+0000][1][gc,age       ] GC(238) - age   4:     172560 bytes,    1438952 total
[2020-09-11T18:46:11.257+0000][1][gc,age       ] GC(238) - age   5:     159248 bytes,    1598200 total
[2020-09-11T18:46:11.257+0000][1][gc,age       ] GC(238) - age   6:      32872 bytes,    1631072 total
[2020-09-11T18:46:11.257+0000][1][gc,heap      ] GC(238) ParNew: 70910K->3170K(76672K)
[2020-09-11T18:46:11.257+0000][1][gc,heap      ] GC(238) CMS: 158348K->158431K(2011968K)
[2020-09-11T18:46:11.260+0000][1][gc,metaspace ] GC(238) Metaspace: 97558K->97558K(1138688K)
[2020-09-11T18:46:11.260+0000][1][gc           ] GC(238) Pause Young (Allocation Failure) 223M->157M(2039M) 35.498ms
[2020-09-11T18:46:11.260+0000][1][gc,cpu       ] GC(238) User=0.02s Sys=0.00s Real=0.03s
[2020-09-11T18:46:11.261+0000][1][safepoint    ] Safepoint "GenCollectForAllocation", Time since last: 525741746 ns, Reaching safepoint: 2153947 ns, At safepoint: 36747235 ns, Total: 38901182 ns
[2020-09-11T18:46:11.704+0000][1][safepoint    ] Safepoint "RevokeBias", Time since last: 442422766 ns, Reaching safepoint: 221614 ns, At safepoint: 283186 ns, Total: 504800 ns
[2020-09-11T18:46:11.709+0000][1][safepoint    ] Safepoint "RevokeBias", Time since last: 4641060 ns, Reaching safepoint: 92362 ns, At safepoint: 25273 ns, Total: 117635 ns
[2020-09-11T18:46:12.709+0000][1][safepoint    ] Safepoint "Cleanup", Time since last: 1000111247 ns, Reaching safepoint: 85153 ns, At safepoint: 10517 ns, Total: 95670 ns
[2020-09-11T18:46:13.710+0000][1][safepoint    ] Safepoint "Cleanup", Time since last: 1000111953 ns, Reaching safepoint: 84809 ns, At safepoint: 9503 ns, Total: 94312 ns
[2020-09-11T18:46:14.710+0000][1][safepoint    ] Safepoint "Cleanup", Time since last: 1000114021 ns, Reaching safepoint: 104503 ns, At safepoint: 11465 ns, Total: 115968 ns
[2020-09-11T18:46:15.710+0000][1][safepoint    ] Safepoint "Cleanup", Time since last: 1000115658 ns, Reaching safepoint: 86320 ns, At safepoint: 10827 ns, Total: 97147 ns
[2020-09-11T18:46:16.710+0000][1][safepoint    ] Safepoint "Cleanup", Time since last: 1000116500 ns, Reaching safepoint: 84221 ns, At safepoint: 9407 ns, Total: 93628 ns
[2020-09-11T18:46:16.715+0000][1][safepoint    ] Safepoint "RevokeBias", Time since last: 3848850 ns, Reaching safepoint: 229790 ns, At safepoint: 281278 ns, Total: 511068 ns
[2020-09-11T18:46:16.719+0000][1][safepoint    ] Safepoint "RevokeBias", Time since last: 4675320 ns, Reaching safepoint: 92327 ns, At safepoint: 23981 ns, Total: 116308 ns
[2020-09-11T18:46:17.429+0000][1][safepoint    ] Safepoint "RevokeBias", Time since last: 708694272 ns, Reaching safepoint: 228763 ns, At safepoint: 280952 ns, Total: 509715 ns
[2020-09-11T18:46:18.429+0000][1][safepoint    ] Safepoint "Cleanup", Time since last: 1000117158 ns, Reaching safepoint: 86999 ns, At safepoint: 9930 ns, Total: 96929 ns
[2020-09-11T18:46:19.429+0000][1][safepoint    ] Safepoint "Cleanup", Time since last: 1000140450 ns, Reaching safepoint: 89412 ns, At safepoint: 9781 ns, Total: 99193 ns
[2020-09-11T18:46:20.429+0000][1][safepoint    ] Safepoint "Cleanup", Time since last: 1000114854 ns, Reaching safepoint: 106898 ns, At safepoint: 10508 ns, Total: 117406 ns
[2020-09-11T18:46:21.429+0000][1][safepoint    ] Safepoint "Cleanup", Time since last: 1000115041 ns, Reaching safepoint: 101362 ns, At safepoint: 11110 ns, Total: 112472 ns
[2020-09-11T18:46:21.733+0000][1][safepoint    ] Safepoint "RevokeBias", Time since last: 303724618 ns, Reaching safepoint: 97504 ns, At safepoint: 26775 ns, Total: 124279 ns
[2020-09-11T18:46:21.736+0000][1][safepoint    ] Safepoint "RevokeBias", Time since last: 3050343 ns, Reaching safepoint: 85535 ns, At safepoint: 23232 ns, Total: 108767 ns
[2020-09-11T18:46:22.737+0000][1][safepoint    ] Safepoint "Cleanup", Time since last: 1000116936 ns, Reaching safepoint: 85928 ns, At safepoint: 9387 ns, Total: 95315 ns
[2020-09-11T18:46:23.737+0000][1][safepoint    ] Safepoint "Cleanup", Time since last: 1000175122 ns, Reaching safepoint: 87513 ns, At safepoint: 8709 ns, Total: 96222 ns
[2020-09-11T18:46:24.737+0000][1][safepoint    ] Safepoint "Cleanup", Time since last: 1000114262 ns, Reaching safepoint: 84947 ns, At safepoint: 9573 ns, Total: 94520 ns
[2020-09-11T18:46:25.737+0000][1][safepoint    ] Safepoint "Cleanup", Time since last: 1000114832 ns, Reaching safepoint: 97080 ns, At safepoint: 10583 ns, Total: 107663 ns
[2020-09-11T18:46:26.738+0000][1][safepoint    ] Safepoint "Cleanup", Time since last: 1000114533 ns, Reaching safepoint: 85113 ns, At safepoint: 9961 ns, Total: 95074 ns
[2020-09-11T18:46:26.745+0000][1][safepoint    ] Safepoint "BulkRevokeBias", Time since last: 7260468 ns, Reaching safepoint: 167826 ns, At safepoint: 231620 ns, Total: 399446 ns
[2020-09-11T18:46:26.748+0000][1][safepoint    ] Safepoint "RevokeBias", Time since last: 3037388 ns, Reaching safepoint: 87987 ns, At safepoint: 23137 ns, Total: 111124 ns
[2020-09-11T18:46:27.749+0000][1][safepoint    ] Safepoint "Cleanup", Time since last: 1000117870 ns, Reaching safepoint: 135142 ns, At safepoint: 11923 ns, Total: 147065 ns
[2020-09-11T18:46:28.451+0000][1][safepoint    ] Safepoint "RevokeBias", Time since last: 701739920 ns, Reaching safepoint: 166503 ns, At safepoint: 23659 ns, Total: 190162 ns
[2020-09-11T18:46:28.525+0000][1][gc,start     ] GC(239) Pause Young (Allocation Failure)
[2020-09-11T18:46:28.525+0000][1][gc,task      ] GC(239) Using 1 workers of 1 for evacuation
[2020-09-11T18:46:28.558+0000][1][gc,age       ] GC(239) Desired survivor size 4358144 bytes, new threshold 6 (max threshold 6)
[2020-09-11T18:46:28.558+0000][1][gc,age       ] GC(239) Age table with threshold 6 (max threshold 6)
[2020-09-11T18:46:28.558+0000][1][gc,age       ] GC(239) - age   1:     103888 bytes,     103888 total
[2020-09-11T18:46:28.558+0000][1][gc,age       ] GC(239) - age   2:      14744 bytes,     118632 total
[2020-09-11T18:46:28.558+0000][1][gc,age       ] GC(239) - age   3:       6176 bytes,     124808 total
[2020-09-11T18:46:28.558+0000][1][gc,age       ] GC(239) - age   4:    1133672 bytes,    1258480 total
[2020-09-11T18:46:28.558+0000][1][gc,age       ] GC(239) - age   5:     172184 bytes,    1430664 total
[2020-09-11T18:46:28.558+0000][1][gc,age       ] GC(239) - age   6:     159248 bytes,    1589912 total
[2020-09-11T18:46:28.558+0000][1][gc,heap      ] GC(239) ParNew: 71330K->1987K(76672K)
[2020-09-11T18:46:28.558+0000][1][gc,heap      ] GC(239) CMS: 158431K->158463K(2011968K)
[2020-09-11T18:46:28.558+0000][1][gc,metaspace ] GC(239) Metaspace: 97558K->97558K(1138688K)
[2020-09-11T18:46:28.558+0000][1][gc           ] GC(239) Pause Young (Allocation Failure) 224M->156M(2039M) 32.821ms
[2020-09-11T18:46:28.558+0000][1][gc,cpu       ] GC(239) User=0.02s Sys=0.00s Real=0.03s
[2020-09-11T18:46:28.558+0000][1][safepoint    ] Safepoint "GenCollectForAllocation", Time since last: 71280154 ns, Reaching safepoint: 3016835 ns, At safepoint: 32896604 ns, Total: 35913439 ns
[2020-09-11T18:46:29.566+0000][1][safepoint    ] Safepoint "Cleanup", Time since last: 1007938801 ns, Reaching safepoint: 87130 ns, At safepoint: 9860 ns, Total: 96990 ns
[2020-09-11T18:46:30.566+0000][1][safepoint    ] Safepoint "Cleanup", Time since last: 1000111339 ns, Reaching safepoint: 83996 ns, At safepoint: 8710 ns, Total: 92706 ns
[2020-09-11T18:46:31.761+0000][1][safepoint    ] Safepoint "RevokeBias", Time since last: 1195193497 ns, Reaching safepoint: 101832 ns, At safepoint: 26015 ns, Total: 127847 ns
[2020-09-11T18:46:31.770+0000][1][safepoint    ] Safepoint "RevokeBias", Time since last: 8585254 ns, Reaching safepoint: 90692 ns, At safepoint: 22969 ns, Total: 113661 ns
[2020-09-11T18:46:32.770+0000][1][safepoint    ] Safepoint "Cleanup", Time since last: 1000113887 ns, Reaching safepoint: 86704 ns, At safepoint: 9835 ns, Total: 96539 ns
[2020-09-11T18:46:33.770+0000][1][safepoint    ] Safepoint "Cleanup", Time since last: 1000112496 ns, Reaching safepoint: 85014 ns, At safepoint: 9565 ns, Total: 94579 ns
[2020-09-11T18:46:34.771+0000][1][safepoint    ] Safepoint "Cleanup", Time since last: 1000118254 ns, Reaching safepoint: 85725 ns, At safepoint: 10129 ns, Total: 95854 ns
[2020-09-11T18:46:35.771+0000][1][safepoint    ] Safepoint "Cleanup", Time since last: 1000118503 ns, Reaching safepoint: 86968 ns, At safepoint: 10170 ns, Total: 97138 ns
[2020-09-11T18:46:36.771+0000][1][safepoint    ] Safepoint "Cleanup", Time since last: 1000117249 ns, Reaching safepoint: 108891 ns, At safepoint: 11045 ns, Total: 119936 ns
[2020-09-11T18:46:36.783+0000][1][safepoint    ] Safepoint "RevokeBias", Time since last: 11146633 ns, Reaching safepoint: 225940 ns, At safepoint: 319070 ns, Total: 545010 ns
[2020-09-11T18:46:36.787+0000][1][safepoint    ] Safepoint "RevokeBias", Time since last: 3723781 ns, Reaching safepoint: 171716 ns, At safepoint: 24608 ns, Total: 196324 ns
[2020-09-11T18:46:37.787+0000][1][safepoint    ] Safepoint "Cleanup", Time since last: 1000115897 ns, Reaching safepoint: 85636 ns, At safepoint: 9512 ns, Total: 95148 ns
[2020-09-11T18:46:38.787+0000][1][safepoint    ] Safepoint "Cleanup", Time since last: 1000115868 ns, Reaching safepoint: 93266 ns, At safepoint: 9965 ns, Total: 103231 ns
[2020-09-11T18:46:39.476+0000][1][safepoint    ] Safepoint "RevokeBias", Time since last: 688587645 ns, Reaching safepoint: 220912 ns, At safepoint: 285834 ns, Total: 506746 ns
[2020-09-11T18:46:40.476+0000][1][safepoint    ] Safepoint "Cleanup", Time since last: 1000119819 ns, Reaching safepoint: 85352 ns, At safepoint: 9381 ns, Total: 94733 ns
[2020-09-11T18:46:41.477+0000][1][safepoint    ] Safepoint "Cleanup", Time since last: 1000130076 ns, Reaching safepoint: 97496 ns, At safepoint: 8258 ns, Total: 105754 ns
[2020-09-11T18:46:41.793+0000][1][safepoint    ] Safepoint "RevokeBias", Time since last: 315491230 ns, Reaching safepoint: 219695 ns, At safepoint: 279855 ns, Total: 499550 ns
[2020-09-11T18:46:41.796+0000][1][safepoint    ] Safepoint "RevokeBias", Time since last: 3485378 ns, Reaching safepoint: 90505 ns, At safepoint: 22685 ns, Total: 113190 ns
[2020-09-11T18:46:42.796+0000][1][safepoint    ] Safepoint "Cleanup", Time since last: 1000110274 ns, Reaching safepoint: 88176 ns, At safepoint: 10556 ns, Total: 98732 ns
[2020-09-11T18:46:43.797+0000][1][safepoint    ] Safepoint "Cleanup", Time since last: 1000122561 ns, Reaching safepoint: 88205 ns, At safepoint: 9947 ns, Total: 98152 ns
[2020-09-11T18:46:44.584+0000][1][gc,start     ] GC(240) Pause Young (Allocation Failure)
[2020-09-11T18:46:44.584+0000][1][gc,task      ] GC(240) Using 1 workers of 1 for evacuation
[2020-09-11T18:46:44.612+0000][1][gc,age       ] GC(240) Desired survivor size 4358144 bytes, new threshold 6 (max threshold 6)
[2020-09-11T18:46:44.612+0000][1][gc,age       ] GC(240) Age table with threshold 6 (max threshold 6)
[2020-09-11T18:46:44.612+0000][1][gc,age       ] GC(240) - age   1:      80864 bytes,      80864 total
[2020-09-11T18:46:44.612+0000][1][gc,age       ] GC(240) - age   2:      11272 bytes,      92136 total
[2020-09-11T18:46:44.612+0000][1][gc,age       ] GC(240) - age   3:      10552 bytes,     102688 total
[2020-09-11T18:46:44.612+0000][1][gc,age       ] GC(240) - age   4:       6080 bytes,     108768 total
[2020-09-11T18:46:44.612+0000][1][gc,age       ] GC(240) - age   5:    1133672 bytes,    1242440 total
[2020-09-11T18:46:44.612+0000][1][gc,age       ] GC(240) - age   6:     172184 bytes,    1414624 total
[2020-09-11T18:46:44.612+0000][1][gc,heap      ] GC(240) ParNew: 70147K->1412K(76672K)
[2020-09-11T18:46:44.612+0000][1][gc,heap      ] GC(240) CMS: 158463K->158618K(2011968K)
[2020-09-11T18:46:44.612+0000][1][gc,metaspace ] GC(240) Metaspace: 97576K->97576K(1138688K)
[2020-09-11T18:46:44.612+0000][1][gc           ] GC(240) Pause Young (Allocation Failure) 223M->156M(2039M) 28.850ms
[2020-09-11T18:46:44.612+0000][1][gc,cpu       ] GC(240) User=0.01s Sys=0.00s Real=0.02s
[2020-09-11T18:46:44.617+0000][1][safepoint    ] Safepoint "GenCollectForAllocation", Time since last: 786734335 ns, Reaching safepoint: 158421 ns, At safepoint: 33179714 ns, Total: 33338135 ns
[2020-09-11T18:46:45.624+0000][1][safepoint    ] Safepoint "Cleanup", Time since last: 1007125358 ns, Reaching safepoint: 86861 ns, At safepoint: 24517 ns, Total: 111378 ns
[2020-09-11T18:46:46.624+0000][1][safepoint    ] Safepoint "Cleanup", Time since last: 1000113707 ns, Reaching safepoint: 85953 ns, At safepoint: 20958 ns, Total: 106911 ns
[2020-09-11T18:46:46.801+0000][1][safepoint    ] Safepoint "RevokeBias", Time since last: 176990078 ns, Reaching safepoint: 88236 ns, At safepoint: 37585 ns, Total: 125821 ns
[2020-09-11T18:46:46.805+0000][1][safepoint    ] Safepoint "RevokeBias", Time since last: 3443404 ns, Reaching safepoint: 90604 ns, At safepoint: 33256 ns, Total: 123860 ns
[2020-09-11T18:46:47.805+0000][1][safepoint    ] Safepoint "Cleanup", Time since last: 1000382788 ns, Reaching safepoint: 86095 ns, At safepoint: 8592 ns, Total: 94687 ns
[2020-09-11T18:46:48.806+0000][1][safepoint    ] Safepoint "Cleanup", Time since last: 1000114106 ns, Reaching safepoint: 84570 ns, At safepoint: 10288 ns, Total: 94858 ns
[2020-09-11T18:46:49.806+0000][1][safepoint    ] Safepoint "Cleanup", Time since last: 1000115343 ns, Reaching safepoint: 87862 ns, At safepoint: 9409 ns, Total: 97271 ns
[2020-09-11T18:46:50.493+0000][1][safepoint    ] Safepoint "RevokeBias", Time since last: 687136403 ns, Reaching safepoint: 223193 ns, At safepoint: 286035 ns, Total: 509228 ns
[2020-09-11T18:46:51.494+0000][1][safepoint    ] Safepoint "Cleanup", Time since last: 1000110530 ns, Reaching safepoint: 88761 ns, At safepoint: 8624 ns, Total: 97385 ns
[2020-09-11T18:46:51.813+0000][1][safepoint    ] Safepoint "RevokeBias", Time since last: 318979206 ns, Reaching safepoint: 180074 ns, At safepoint: 23915 ns, Total: 203989 ns
[2020-09-11T18:46:51.816+0000][1][safepoint    ] Safepoint "RevokeBias", Time since last: 2804823 ns, Reaching safepoint: 216373 ns, At safepoint: 230769 ns, Total: 447142 ns
[2020-09-11T18:46:52.816+0000][1][safepoint    ] Safepoint "Cleanup", Time since last: 1000114293 ns, Reaching safepoint: 86290 ns, At safepoint: 9801 ns, Total: 96091 ns
[2020-09-11T18:46:53.817+0000][1][safepoint    ] Safepoint "Cleanup", Time since last: 1000116250 ns, Reaching safepoint: 86899 ns, At safepoint: 9670 ns, Total: 96569 ns
[2020-09-11T18:46:54.817+0000][1][safepoint    ] Safepoint "Cleanup", Time since last: 1000116611 ns, Reaching safepoint: 83364 ns, At safepoint: 27701 ns, Total: 111065 ns
[2020-09-11T18:46:56.073+0000][1][safepoint    ] Safepoint "Cleanup", Time since last: 1256074396 ns, Reaching safepoint: 116852 ns, At safepoint: 12723 ns, Total: 129575 ns
[2020-09-11T18:46:56.821+0000][1][safepoint    ] Safepoint "RevokeBias", Time since last: 747460541 ns, Reaching safepoint: 170894 ns, At safepoint: 26498 ns, Total: 197392 ns
[2020-09-11T18:46:56.827+0000][1][safepoint    ] Safepoint "RevokeBias", Time since last: 5423021 ns, Reaching safepoint: 227988 ns, At safepoint: 284357 ns, Total: 512345 ns
[2020-09-11T18:46:57.827+0000][1][safepoint    ] Safepoint "Cleanup", Time since last: 1000117717 ns, Reaching safepoint: 85938 ns, At safepoint: 9680 ns, Total: 95618 ns
[2020-09-11T18:46:58.827+0000][1][safepoint    ] Safepoint "Cleanup", Time since last: 1000117149 ns, Reaching safepoint: 111481 ns, At safepoint: 11015 ns, Total: 122496 ns
[2020-09-11T18:46:59.827+0000][1][safepoint    ] Safepoint "Cleanup", Time since last: 1000119954 ns, Reaching safepoint: 85859 ns, At safepoint: 10116 ns, Total: 95975 ns
[2020-09-11T18:47:00.827+0000][1][safepoint    ] Safepoint "Cleanup", Time since last: 1000120176 ns, Reaching safepoint: 91656 ns, At safepoint: 10318 ns, Total: 101974 ns
[2020-09-11T18:47:01.511+0000][1][safepoint    ] Safepoint "RevokeBias", Time since last: 683287093 ns, Reaching safepoint: 173676 ns, At safepoint: 27224 ns, Total: 200900 ns
[2020-09-11T18:47:01.835+0000][1][safepoint    ] Safepoint "RevokeBias", Time since last: 323868090 ns, Reaching safepoint: 239098 ns, At safepoint: 305198 ns, Total: 544296 ns
[2020-09-11T18:47:01.842+0000][1][safepoint    ] Safepoint "RevokeBias", Time since last: 6336259 ns, Reaching safepoint: 91573 ns, At safepoint: 23465 ns, Total: 115038 ns
[2020-09-11T18:47:02.842+0000][1][safepoint    ] Safepoint "Cleanup", Time since last: 1000113127 ns, Reaching safepoint: 86449 ns, At safepoint: 10022 ns, Total: 96471 ns
[2020-09-11T18:47:03.842+0000][1][safepoint    ] Safepoint "Cleanup", Time since last: 1000138304 ns, Reaching safepoint: 86519 ns, At safepoint: 9277 ns, Total: 95796 ns
[2020-09-11T18:47:04.637+0000][1][gc,start     ] GC(241) Pause Young (Allocation Failure)
[2020-09-11T18:47:04.637+0000][1][gc,task      ] GC(241) Using 1 workers of 1 for evacuation
[2020-09-11T18:47:04.664+0000][1][gc,age       ] GC(241) Desired survivor size 4358144 bytes, new threshold 6 (max threshold 6)
[2020-09-11T18:47:04.664+0000][1][gc,age       ] GC(241) Age table with threshold 6 (max threshold 6)
[2020-09-11T18:47:04.664+0000][1][gc,age       ] GC(241) - age   1:     459376 bytes,     459376 total
[2020-09-11T18:47:04.664+0000][1][gc,age       ] GC(241) - age   2:       9312 bytes,     468688 total
[2020-09-11T18:47:04.664+0000][1][gc,age       ] GC(241) - age   3:       5104 bytes,     473792 total
[2020-09-11T18:47:04.664+0000][1][gc,age       ] GC(241) - age   4:       9144 bytes,     482936 total
[2020-09-11T18:47:04.664+0000][1][gc,age       ] GC(241) - age   5:       6080 bytes,     489016 total
[2020-09-11T18:47:04.664+0000][1][gc,age       ] GC(241) - age   6:    1133608 bytes,    1622624 total
[2020-09-11T18:47:04.665+0000][1][gc,heap      ] GC(241) ParNew: 69572K->2778K(76672K)
[2020-09-11T18:47:04.665+0000][1][gc,heap      ] GC(241) CMS: 158618K->158786K(2011968K)
[2020-09-11T18:47:04.665+0000][1][gc,metaspace ] GC(241) Metaspace: 97585K->97585K(1138688K)
[2020-09-11T18:47:04.665+0000][1][gc           ] GC(241) Pause Young (Allocation Failure) 222M->157M(2039M) 27.712ms
[2020-09-11T18:47:04.665+0000][1][gc,cpu       ] GC(241) User=0.02s Sys=0.00s Real=0.03s
[2020-09-11T18:47:04.669+0000][1][safepoint    ] Safepoint "GenCollectForAllocation", Time since last: 791958680 ns, Reaching safepoint: 2643323 ns, At safepoint: 31928179 ns, Total: 34571502 ns
[2020-09-11T18:47:05.670+0000][1][safepoint    ] Safepoint "Cleanup", Time since last: 1001181673 ns, Reaching safepoint: 85028 ns, At safepoint: 23603 ns, Total: 108631 ns
[2020-09-11T18:47:06.670+0000][1][safepoint    ] Safepoint "Cleanup", Time since last: 1000110325 ns, Reaching safepoint: 83194 ns, At safepoint: 20002 ns, Total: 103196 ns
[2020-09-11T18:47:06.855+0000][1][safepoint    ] Safepoint "RevokeBias", Time since last: 184082028 ns, Reaching safepoint: 222673 ns, At safepoint: 292507 ns, Total: 515180 ns
[2020-09-11T18:47:06.858+0000][1][safepoint    ] Safepoint "RevokeBias", Time since last: 3487236 ns, Reaching safepoint: 93233 ns, At safepoint: 37112 ns, Total: 130345 ns
[2020-09-11T18:47:07.859+0000][1][safepoint    ] Safepoint "Cleanup", Time since last: 1000437842 ns, Reaching safepoint: 83513 ns, At safepoint: 21723 ns, Total: 105236 ns
[2020-09-11T18:47:08.859+0000][1][safepoint    ] Safepoint "Cleanup", Time since last: 1000109187 ns, Reaching safepoint: 95003 ns, At safepoint: 11074 ns, Total: 106077 ns
[2020-09-11T18:47:09.859+0000][1][safepoint    ] Safepoint "Cleanup", Time since last: 1000113514 ns, Reaching safepoint: 85086 ns, At safepoint: 9413 ns, Total: 94499 ns
[2020-09-11T18:47:10.860+0000][1][safepoint    ] Safepoint "Cleanup", Time since last: 1000115904 ns, Reaching safepoint: 88822 ns, At safepoint: 9592 ns, Total: 98414 ns
[2020-09-11T18:47:11.860+0000][1][safepoint    ] Safepoint "Cleanup", Time since last: 1000115862 ns, Reaching safepoint: 93951 ns, At safepoint: 9762 ns, Total: 103713 ns
[2020-09-11T18:47:11.877+0000][1][safepoint    ] Safepoint "RevokeBias", Time since last: 17383005 ns, Reaching safepoint: 118978 ns, At safepoint: 28859 ns, Total: 147837 ns
[2020-09-11T18:47:11.881+0000][1][safepoint    ] Safepoint "RevokeBias", Time since last: 3578382 ns, Reaching safepoint: 86873 ns, At safepoint: 25493 ns, Total: 112366 ns
[2020-09-11T18:47:12.526+0000][1][safepoint    ] Safepoint "RevokeBias", Time since last: 644964333 ns, Reaching safepoint: 94168 ns, At safepoint: 25566 ns, Total: 119734 ns
[2020-09-11T18:47:13.526+0000][1][safepoint    ] Safepoint "Cleanup", Time since last: 1000119731 ns, Reaching safepoint: 89169 ns, At safepoint: 10303 ns, Total: 99472 ns
[2020-09-11T18:47:14.527+0000][1][safepoint    ] Safepoint "Cleanup", Time since last: 1000100856 ns, Reaching safepoint: 87821 ns, At safepoint: 10274 ns, Total: 98095 ns
[2020-09-11T18:47:15.527+0000][1][safepoint    ] Safepoint "Cleanup", Time since last: 1000116512 ns, Reaching safepoint: 88894 ns, At safepoint: 10579 ns, Total: 99473 ns
[2020-09-11T18:47:16.527+0000][1][safepoint    ] Safepoint "Cleanup", Time since last: 1000121510 ns, Reaching safepoint: 88070 ns, At safepoint: 9570 ns, Total: 97640 ns
[2020-09-11T18:47:16.887+0000][1][safepoint    ] Safepoint "RevokeBias", Time since last: 359257661 ns, Reaching safepoint: 224364 ns, At safepoint: 290000 ns, Total: 514364 ns
[2020-09-11T18:47:16.894+0000][1][safepoint    ] Safepoint "RevokeBias", Time since last: 7234025 ns, Reaching safepoint: 163829 ns, At safepoint: 23518 ns, Total: 187347 ns
[2020-09-11T18:47:17.894+0000][1][safepoint    ] Safepoint "Cleanup", Time since last: 1000125282 ns, Reaching safepoint: 85347 ns, At safepoint: 8541 ns, Total: 93888 ns
[2020-09-11T18:47:18.895+0000][1][safepoint    ] Safepoint "Cleanup", Time since last: 1000113543 ns, Reaching safepoint: 85531 ns, At safepoint: 9974 ns, Total: 95505 ns
[2020-09-11T18:47:19.895+0000][1][safepoint    ] Safepoint "Cleanup", Time since last: 1000117267 ns, Reaching safepoint: 86708 ns, At safepoint: 9230 ns, Total: 95938 ns
[2020-09-11T18:47:20.737+0000][1][gc,start     ] GC(242) Pause Young (Allocation Failure)
[2020-09-11T18:47:20.737+0000][1][gc,task      ] GC(242) Using 1 workers of 1 for evacuation
[2020-09-11T18:47:20.768+0000][1][gc,age       ] GC(242) Desired survivor size 4358144 bytes, new threshold 6 (max threshold 6)
[2020-09-11T18:47:20.768+0000][1][gc,age       ] GC(242) Age table with threshold 6 (max threshold 6)
[2020-09-11T18:47:20.768+0000][1][gc,age       ] GC(242) - age   1:     105240 bytes,     105240 total
[2020-09-11T18:47:20.768+0000][1][gc,age       ] GC(242) - age   2:     383752 bytes,     488992 total
[2020-09-11T18:47:20.768+0000][1][gc,age       ] GC(242) - age   3:       7912 bytes,     496904 total
[2020-09-11T18:47:20.768+0000][1][gc,age       ] GC(242) - age   4:       5000 bytes,     501904 total
[2020-09-11T18:47:20.768+0000][1][gc,age       ] GC(242) - age   5:       8952 bytes,     510856 total
[2020-09-11T18:47:20.768+0000][1][gc,age       ] GC(242) - age   6:       6080 bytes,     516936 total
[2020-09-11T18:47:20.769+0000][1][gc,heap      ] GC(242) ParNew: 70938K->941K(76672K)
[2020-09-11T18:47:20.769+0000][1][gc,heap      ] GC(242) CMS: 158786K->159893K(2011968K)
[2020-09-11T18:47:20.769+0000][1][gc,metaspace ] GC(242) Metaspace: 97592K->97592K(1138688K)
[2020-09-11T18:47:20.769+0000][1][gc           ] GC(242) Pause Young (Allocation Failure) 224M->157M(2039M) 31.692ms
[2020-09-11T18:47:20.769+0000][1][gc,cpu       ] GC(242) User=0.02s Sys=0.00s Real=0.03s
[2020-09-11T18:47:20.773+0000][1][safepoint    ] Safepoint "GenCollectForAllocation", Time since last: 840468791 ns, Reaching safepoint: 1497034 ns, At safepoint: 35939018 ns, Total: 37436052 ns
[2020-09-11T18:47:21.788+0000][1][safepoint    ] Safepoint "Cleanup", Time since last: 1014863148 ns, Reaching safepoint: 104319 ns, At safepoint: 10612 ns, Total: 114931 ns
[2020-09-11T18:47:21.900+0000][1][safepoint    ] Safepoint "RevokeBias", Time since last: 112535458 ns, Reaching safepoint: 89977 ns, At safepoint: 25545 ns, Total: 115522 ns
[2020-09-11T18:47:21.904+0000][1][safepoint    ] Safepoint "RevokeBias", Time since last: 3640201 ns, Reaching safepoint: 90390 ns, At safepoint: 26987 ns, Total: 117377 ns
[2020-09-11T18:47:22.904+0000][1][safepoint    ] Safepoint "Cleanup", Time since last: 1000115094 ns, Reaching safepoint: 87012 ns, At safepoint: 9833 ns, Total: 96845 ns
[2020-09-11T18:47:23.561+0000][1][safepoint    ] Safepoint "RevokeBias", Time since last: 656278571 ns, Reaching safepoint: 232254 ns, At safepoint: 281799 ns, Total: 514053 ns
[2020-09-11T18:47:24.561+0000][1][safepoint    ] Safepoint "Cleanup", Time since last: 1000112448 ns, Reaching safepoint: 85508 ns, At safepoint: 9491 ns, Total: 94999 ns
[2020-09-11T18:47:25.562+0000][1][safepoint    ] Safepoint "Cleanup", Time since last: 1000112317 ns, Reaching safepoint: 86717 ns, At safepoint: 9236 ns, Total: 95953 ns
[2020-09-11T18:47:26.562+0000][1][safepoint    ] Safepoint "Cleanup", Time since last: 1000117235 ns, Reaching safepoint: 88559 ns, At safepoint: 9798 ns, Total: 98357 ns
[2020-09-11T18:47:26.914+0000][1][safepoint    ] Safepoint "RevokeBias", Time since last: 351750792 ns, Reaching safepoint: 94932 ns, At safepoint: 25996 ns, Total: 120928 ns
[2020-09-11T18:47:26.926+0000][1][safepoint    ] Safepoint "RevokeBias", Time since last: 11980242 ns, Reaching safepoint: 144106 ns, At safepoint: 25314 ns, Total: 169420 ns
[2020-09-11T18:47:28.031+0000][1][safepoint    ] Safepoint "Cleanup", Time since last: 1104905839 ns, Reaching safepoint: 96965 ns, At safepoint: 10569 ns, Total: 107534 ns
[2020-09-11T18:47:31.031+0000][1][safepoint    ] Safepoint "Cleanup", Time since last: 3000282353 ns, Reaching safepoint: 90612 ns, At safepoint: 10523 ns, Total: 101135 ns
[2020-09-11T18:47:32.036+0000][1][safepoint    ] Safepoint "BulkRevokeBias", Time since last: 1004761250 ns, Reaching safepoint: 91747 ns, At safepoint: 271192 ns, Total: 362939 ns
[2020-09-11T18:47:32.039+0000][1][safepoint    ] Safepoint "RevokeBias", Time since last: 2992736 ns, Reaching safepoint: 83027 ns, At safepoint: 21772 ns, Total: 104799 ns
[2020-09-11T18:47:34.040+0000][1][safepoint    ] Safepoint "Cleanup", Time since last: 2000184961 ns, Reaching safepoint: 91765 ns, At safepoint: 9827 ns, Total: 101592 ns
[2020-09-11T18:47:34.574+0000][1][safepoint    ] Safepoint "RevokeBias", Time since last: 534070640 ns, Reaching safepoint: 172693 ns, At safepoint: 31116 ns, Total: 203809 ns
[2020-09-11T18:47:37.051+0000][1][safepoint    ] Safepoint "RevokeBias", Time since last: 2476807335 ns, Reaching safepoint: 227091 ns, At safepoint: 289802 ns, Total: 516893 ns
[2020-09-11T18:47:37.055+0000][1][safepoint    ] Safepoint "RevokeBias", Time since last: 3512517 ns, Reaching safepoint: 92145 ns, At safepoint: 23811 ns, Total: 115956 ns
[2020-09-11T18:47:39.055+0000][1][safepoint    ] Safepoint "Cleanup", Time since last: 2000198342 ns, Reaching safepoint: 111281 ns, At safepoint: 10379 ns, Total: 121660 ns
[2020-09-11T18:47:39.698+0000][1][gc,start     ] GC(243) Pause Young (Allocation Failure)
[2020-09-11T18:47:39.698+0000][1][gc,task      ] GC(243) Using 1 workers of 1 for evacuation
[2020-09-11T18:47:39.728+0000][1][gc,age       ] GC(243) Desired survivor size 4358144 bytes, new threshold 6 (max threshold 6)
[2020-09-11T18:47:39.728+0000][1][gc,age       ] GC(243) Age table with threshold 6 (max threshold 6)
[2020-09-11T18:47:39.728+0000][1][gc,age       ] GC(243) - age   1:      89208 bytes,      89208 total
[2020-09-11T18:47:39.728+0000][1][gc,age       ] GC(243) - age   2:      10008 bytes,      99216 total
[2020-09-11T18:47:39.728+0000][1][gc,age       ] GC(243) - age   3:     377984 bytes,     477200 total
[2020-09-11T18:47:39.728+0000][1][gc,age       ] GC(243) - age   4:       6400 bytes,     483600 total
[2020-09-11T18:47:39.728+0000][1][gc,age       ] GC(243) - age   5:       4968 bytes,     488568 total
[2020-09-11T18:47:39.728+0000][1][gc,age       ] GC(243) - age   6:       8952 bytes,     497520 total
[2020-09-11T18:47:39.728+0000][1][gc,heap      ] GC(243) ParNew: 69101K->492K(76672K)
[2020-09-11T18:47:39.728+0000][1][gc,heap      ] GC(243) CMS: 159893K->159899K(2011968K)
[2020-09-11T18:47:39.728+0000][1][gc,metaspace ] GC(243) Metaspace: 97596K->97596K(1138688K)
[2020-09-11T18:47:39.728+0000][1][gc           ] GC(243) Pause Young (Allocation Failure) 223M->156M(2039M) 30.798ms
[2020-09-11T18:47:39.728+0000][1][gc,cpu       ] GC(243) User=0.01s Sys=0.00s Real=0.03s
[2020-09-11T18:47:39.729+0000][1][safepoint    ] Safepoint "GenCollectForAllocation", Time since last: 642294846 ns, Reaching safepoint: 80611 ns, At safepoint: 31109425 ns, Total: 31190036 ns
[2020-09-11T18:47:41.737+0000][1][safepoint    ] Safepoint "Cleanup", Time since last: 2008211476 ns, Reaching safepoint: 100151 ns, At safepoint: 10848 ns, Total: 110999 ns
[2020-09-11T18:47:42.069+0000][1][safepoint    ] Safepoint "RevokeBias", Time since last: 331621720 ns, Reaching safepoint: 188460 ns, At safepoint: 27177 ns, Total: 215637 ns
[2020-09-11T18:47:42.072+0000][1][safepoint    ] Safepoint "RevokeBias", Time since last: 3019570 ns, Reaching safepoint: 86146 ns, At safepoint: 24399 ns, Total: 110545 ns
[2020-09-11T18:47:45.591+0000][1][safepoint    ] Safepoint "RevokeBias", Time since last: 3518314088 ns, Reaching safepoint: 172231 ns, At safepoint: 26801 ns, Total: 199032 ns
[2020-09-11T18:47:47.077+0000][1][safepoint    ] Safepoint "RevokeBias", Time since last: 1485548572 ns, Reaching safepoint: 262443 ns, At safepoint: 330438 ns, Total: 592881 ns
[2020-09-11T18:47:47.081+0000][1][safepoint    ] Safepoint "RevokeBias", Time since last: 3808839 ns, Reaching safepoint: 92643 ns, At safepoint: 26347 ns, Total: 118990 ns
[2020-09-11T18:47:51.081+0000][1][safepoint    ] Safepoint "Cleanup", Time since last: 4000345172 ns, Reaching safepoint: 93304 ns, At safepoint: 9683 ns, Total: 102987 ns
[2020-09-11T18:47:52.086+0000][1][safepoint    ] Safepoint "RevokeBias", Time since last: 1003917865 ns, Reaching safepoint: 226817 ns, At safepoint: 285537 ns, Total: 512354 ns
[2020-09-11T18:47:52.095+0000][1][safepoint    ] Safepoint "RevokeBias", Time since last: 9182183 ns, Reaching safepoint: 167873 ns, At safepoint: 24695 ns, Total: 192568 ns
[2020-09-11T18:47:56.607+0000][1][safepoint    ] Safepoint "RevokeBias", Time since last: 4511659785 ns, Reaching safepoint: 132436 ns, At safepoint: 27575 ns, Total: 160011 ns
[2020-09-11T18:47:57.106+0000][1][safepoint    ] Safepoint "RevokeBias", Time since last: 498980556 ns, Reaching safepoint: 179575 ns, At safepoint: 26849 ns, Total: 206424 ns
[2020-09-11T18:47:57.109+0000][1][safepoint    ] Safepoint "RevokeBias", Time since last: 2954232 ns, Reaching safepoint: 87543 ns, At safepoint: 24580 ns, Total: 112123 ns
[2020-09-11T18:47:58.549+0000][1][gc,start     ] GC(244) Pause Young (Allocation Failure)
[2020-09-11T18:47:58.549+0000][1][gc,task      ] GC(244) Using 1 workers of 1 for evacuation
[2020-09-11T18:47:58.581+0000][1][gc,age       ] GC(244) Desired survivor size 4358144 bytes, new threshold 6 (max threshold 6)
[2020-09-11T18:47:58.581+0000][1][gc,age       ] GC(244) Age table with threshold 6 (max threshold 6)
[2020-09-11T18:47:58.581+0000][1][gc,age       ] GC(244) - age   1:     393456 bytes,     393456 total
[2020-09-11T18:47:58.581+0000][1][gc,age       ] GC(244) - age   2:       9832 bytes,     403288 total
[2020-09-11T18:47:58.581+0000][1][gc,age       ] GC(244) - age   3:       6728 bytes,     410016 total
[2020-09-11T18:47:58.581+0000][1][gc,age       ] GC(244) - age   4:     377984 bytes,     788000 total
[2020-09-11T18:47:58.581+0000][1][gc,age       ] GC(244) - age   5:       6400 bytes,     794400 total
[2020-09-11T18:47:58.581+0000][1][gc,age       ] GC(244) - age   6:       4936 bytes,     799336 total
[2020-09-11T18:47:58.581+0000][1][gc,heap      ] GC(244) ParNew: 68652K->839K(76672K)
[2020-09-11T18:47:58.581+0000][1][gc,heap      ] GC(244) CMS: 159899K->159908K(2011968K)
[2020-09-11T18:47:58.581+0000][1][gc,metaspace ] GC(244) Metaspace: 97607K->97607K(1138688K)
[2020-09-11T18:47:58.581+0000][1][gc           ] GC(244) Pause Young (Allocation Failure) 223M->156M(2039M) 31.881ms
[2020-09-11T18:47:58.581+0000][1][gc,cpu       ] GC(244) User=0.01s Sys=0.00s Real=0.04s
[2020-09-11T18:47:58.581+0000][1][safepoint    ] Safepoint "GenCollectForAllocation", Time since last: 1436769269 ns, Reaching safepoint: 3216069 ns, At safepoint: 31969354 ns, Total: 35185423 ns
[2020-09-11T18:48:00.589+0000][1][safepoint    ] Safepoint "Cleanup", Time since last: 2008068475 ns, Reaching safepoint: 89424 ns, At safepoint: 9425 ns, Total: 98849 ns
[2020-09-11T18:48:02.117+0000][1][safepoint    ] Safepoint "RevokeBias", Time since last: 1527807817 ns, Reaching safepoint: 169013 ns, At safepoint: 28043 ns, Total: 197056 ns
[2020-09-11T18:48:02.120+0000][1][safepoint    ] Safepoint "RevokeBias", Time since last: 2904331 ns, Reaching safepoint: 86645 ns, At safepoint: 25737 ns, Total: 112382 ns
[2020-09-11T18:48:03.785+0000][1][safepoint    ] Safepoint "Cleanup", Time since last: 1664674818 ns, Reaching safepoint: 161510 ns, At safepoint: 22586 ns, Total: 184096 ns
[2020-09-11T18:48:04.887+0000][1][safepoint    ] Safepoint "Cleanup", Time since last: 1102200077 ns, Reaching safepoint: 90683 ns, At safepoint: 9397 ns, Total: 100080 ns
[2020-09-11T18:48:07.125+0000][1][safepoint    ] Safepoint "RevokeBias", Time since last: 2237364535 ns, Reaching safepoint: 197283 ns, At safepoint: 26768 ns, Total: 224051 ns
[2020-09-11T18:48:07.128+0000][1][safepoint    ] Safepoint "RevokeBias", Time since last: 2907741 ns, Reaching safepoint: 227747 ns, At safepoint: 283938 ns, Total: 511685 ns
[2020-09-11T18:48:07.622+0000][1][safepoint    ] Safepoint "RevokeBias", Time since last: 493490167 ns, Reaching safepoint: 178715 ns, At safepoint: 37286 ns, Total: 216001 ns
[2020-09-11T18:48:11.622+0000][1][safepoint    ] Safepoint "Cleanup", Time since last: 4000342836 ns, Reaching safepoint: 94109 ns, At safepoint: 9854 ns, Total: 103963 ns
[2020-09-11T18:48:12.140+0000][1][safepoint    ] Safepoint "RevokeBias", Time since last: 517598991 ns, Reaching safepoint: 92654 ns, At safepoint: 26626 ns, Total: 119280 ns
[2020-09-11T18:48:12.143+0000][1][safepoint    ] Safepoint "RevokeBias", Time since last: 2856156 ns, Reaching safepoint: 103572 ns, At safepoint: 23959 ns, Total: 127531 ns
[2020-09-11T18:48:15.050+0000][1][gc,start     ] GC(245) Pause Young (Allocation Failure)
[2020-09-11T18:48:15.050+0000][1][gc,task      ] GC(245) Using 1 workers of 1 for evacuation
[2020-09-11T18:48:15.080+0000][1][gc,age       ] GC(245) Desired survivor size 4358144 bytes, new threshold 6 (max threshold 6)
[2020-09-11T18:48:15.080+0000][1][gc,age       ] GC(245) Age table with threshold 6 (max threshold 6)
[2020-09-11T18:48:15.080+0000][1][gc,age       ] GC(245) - age   1:     141040 bytes,     141040 total
[2020-09-11T18:48:15.080+0000][1][gc,age       ] GC(245) - age   2:     202520 bytes,     343560 total
[2020-09-11T18:48:15.080+0000][1][gc,age       ] GC(245) - age   3:       7704 bytes,     351264 total
[2020-09-11T18:48:15.080+0000][1][gc,age       ] GC(245) - age   4:       6536 bytes,     357800 total
[2020-09-11T18:48:15.080+0000][1][gc,age       ] GC(245) - age   5:     377888 bytes,     735688 total
[2020-09-11T18:48:15.080+0000][1][gc,age       ] GC(245) - age   6:       6336 bytes,     742024 total
[2020-09-11T18:48:15.080+0000][1][gc,heap      ] GC(245) ParNew: 68995K->1380K(76672K)
[2020-09-11T18:48:15.080+0000][1][gc,heap      ] GC(245) CMS: 159908K->159912K(2011968K)
[2020-09-11T18:48:15.080+0000][1][gc,metaspace ] GC(245) Metaspace: 97619K->97619K(1138688K)
[2020-09-11T18:48:15.080+0000][1][gc           ] GC(245) Pause Young (Allocation Failure) 223M->157M(2039M) 29.903ms
[2020-09-11T18:48:15.080+0000][1][gc,cpu       ] GC(245) User=0.02s Sys=0.00s Real=0.03s
[2020-09-11T18:48:15.084+0000][1][safepoint    ] Safepoint "GenCollectForAllocation", Time since last: 2906867000 ns, Reaching safepoint: 189895 ns, At safepoint: 34257191 ns, Total: 34447086 ns
[2020-09-11T18:48:17.149+0000][1][safepoint    ] Safepoint "RevokeBias", Time since last: 2064109833 ns, Reaching safepoint: 170540 ns, At safepoint: 54435 ns, Total: 224975 ns
[2020-09-11T18:48:17.152+0000][1][safepoint    ] Safepoint "RevokeBias", Time since last: 2861457 ns, Reaching safepoint: 226921 ns, At safepoint: 282650 ns, Total: 509571 ns
[2020-09-11T18:48:18.640+0000][1][safepoint    ] Safepoint "RevokeBias", Time since last: 1487830590 ns, Reaching safepoint: 94157 ns, At safepoint: 25824 ns, Total: 119981 ns
[2020-09-11T18:48:22.156+0000][1][safepoint    ] Safepoint "RevokeBias", Time since last: 3515877541 ns, Reaching safepoint: 114414 ns, At safepoint: 27213 ns, Total: 141627 ns
[2020-09-11T18:48:22.160+0000][1][safepoint    ] Safepoint "RevokeBias", Time since last: 3519584 ns, Reaching safepoint: 91457 ns, At safepoint: 26126 ns, Total: 117583 ns
[2020-09-11T18:48:27.160+0000][1][safepoint    ] Safepoint "Cleanup", Time since last: 5000423854 ns, Reaching safepoint: 93504 ns, At safepoint: 9370 ns, Total: 102874 ns
[2020-09-11T18:48:27.165+0000][1][safepoint    ] Safepoint "RevokeBias", Time since last: 4536643 ns, Reaching safepoint: 91230 ns, At safepoint: 24393 ns, Total: 115623 ns
[2020-09-11T18:48:27.173+0000][1][safepoint    ] Safepoint "RevokeBias", Time since last: 7534200 ns, Reaching safepoint: 93578 ns, At safepoint: 26151 ns, Total: 119729 ns
[2020-09-11T18:48:28.173+0000][1][safepoint    ] Safepoint "Cleanup", Time since last: 1000112022 ns, Reaching safepoint: 101884 ns, At safepoint: 8488 ns, Total: 110372 ns
[2020-09-11T18:48:29.173+0000][1][safepoint    ] Safepoint "Cleanup", Time since last: 1000112629 ns, Reaching safepoint: 87682 ns, At safepoint: 8976 ns, Total: 96658 ns
[2020-09-11T18:48:29.654+0000][1][safepoint    ] Safepoint "RevokeBias", Time since last: 480126679 ns, Reaching safepoint: 224108 ns, At safepoint: 309789 ns, Total: 533897 ns
[2020-09-11T18:48:30.654+0000][1][safepoint    ] Safepoint "Cleanup", Time since last: 1000114722 ns, Reaching safepoint: 84469 ns, At safepoint: 10598 ns, Total: 95067 ns
[2020-09-11T18:48:30.737+0000][1][gc,start     ] GC(246) Pause Young (Allocation Failure)
[2020-09-11T18:48:30.737+0000][1][gc,task      ] GC(246) Using 1 workers of 1 for evacuation
[2020-09-11T18:48:30.770+0000][1][gc,age       ] GC(246) Desired survivor size 4358144 bytes, new threshold 6 (max threshold 6)
[2020-09-11T18:48:30.770+0000][1][gc,age       ] GC(246) Age table with threshold 6 (max threshold 6)
[2020-09-11T18:48:30.770+0000][1][gc,age       ] GC(246) - age   1:     158160 bytes,     158160 total
[2020-09-11T18:48:30.770+0000][1][gc,age       ] GC(246) - age   2:      13904 bytes,     172064 total
[2020-09-11T18:48:30.770+0000][1][gc,age       ] GC(246) - age   3:     196320 bytes,     368384 total
[2020-09-11T18:48:30.770+0000][1][gc,age       ] GC(246) - age   4:       7664 bytes,     376048 total
[2020-09-11T18:48:30.770+0000][1][gc,age       ] GC(246) - age   5:       6536 bytes,     382584 total
[2020-09-11T18:48:30.770+0000][1][gc,age       ] GC(246) - age   6:     377856 bytes,     760440 total
[2020-09-11T18:48:30.770+0000][1][gc,heap      ] GC(246) ParNew: 69540K->1159K(76672K)
[2020-09-11T18:48:30.770+0000][1][gc,heap      ] GC(246) CMS: 159912K->159918K(2011968K)
[2020-09-11T18:48:30.770+0000][1][gc,metaspace ] GC(246) Metaspace: 97620K->97620K(1138688K)
[2020-09-11T18:48:30.770+0000][1][gc           ] GC(246) Pause Young (Allocation Failure) 224M->157M(2039M) 33.303ms
[2020-09-11T18:48:30.770+0000][1][gc,cpu       ] GC(246) User=0.01s Sys=0.00s Real=0.03s
[2020-09-11T18:48:30.770+0000][1][safepoint    ] Safepoint "GenCollectForAllocation", Time since last: 78892743 ns, Reaching safepoint: 4079366 ns, At safepoint: 33420044 ns, Total: 37499410 ns
[2020-09-11T18:48:31.773+0000][1][safepoint    ] Safepoint "Cleanup", Time since last: 1002476834 ns, Reaching safepoint: 87577 ns, At safepoint: 29293 ns, Total: 116870 ns
[2020-09-11T18:48:32.177+0000][1][safepoint    ] Safepoint "RevokeBias", Time since last: 404053156 ns, Reaching safepoint: 93393 ns, At safepoint: 36484 ns, Total: 129877 ns
[2020-09-11T18:48:32.186+0000][1][safepoint    ] Safepoint "RevokeBias", Time since last: 8851988 ns, Reaching safepoint: 87671 ns, At safepoint: 35784 ns, Total: 123455 ns
[2020-09-11T18:48:33.187+0000][1][safepoint    ] Safepoint "Cleanup", Time since last: 1000412518 ns, Reaching safepoint: 87149 ns, At safepoint: 21994 ns, Total: 109143 ns
[2020-09-11T18:48:34.187+0000][1][safepoint    ] Safepoint "Cleanup", Time since last: 1000247048 ns, Reaching safepoint: 105392 ns, At safepoint: 19453 ns, Total: 124845 ns
[2020-09-11T18:48:35.187+0000][1][safepoint    ] Safepoint "Cleanup", Time since last: 1000117153 ns, Reaching safepoint: 87827 ns, At safepoint: 24443 ns, Total: 112270 ns
[2020-09-11T18:48:36.187+0000][1][safepoint    ] Safepoint "Cleanup", Time since last: 1000120458 ns, Reaching safepoint: 85988 ns, At safepoint: 10015 ns, Total: 96003 ns
[2020-09-11T18:48:37.188+0000][1][safepoint    ] Safepoint "Cleanup", Time since last: 1000118993 ns, Reaching safepoint: 85275 ns, At safepoint: 9959 ns, Total: 95234 ns
[2020-09-11T18:48:37.195+0000][1][safepoint    ] Safepoint "BulkRevokeBias", Time since last: 7464316 ns, Reaching safepoint: 170892 ns, At safepoint: 263701 ns, Total: 434593 ns
[2020-09-11T18:48:37.201+0000][1][safepoint    ] Safepoint "RevokeBias", Time since last: 5769106 ns, Reaching safepoint: 89529 ns, At safepoint: 25149 ns, Total: 114678 ns
[2020-09-11T18:48:38.202+0000][1][safepoint    ] Safepoint "Cleanup", Time since last: 1000110859 ns, Reaching safepoint: 85360 ns, At safepoint: 9309 ns, Total: 94669 ns
[2020-09-11T18:48:39.521+0000][1][safepoint    ] Safepoint "Cleanup", Time since last: 1319265929 ns, Reaching safepoint: 95617 ns, At safepoint: 9446 ns, Total: 105063 ns
[2020-09-11T18:48:40.521+0000][1][safepoint    ] Safepoint "Cleanup", Time since last: 1000131165 ns, Reaching safepoint: 85109 ns, At safepoint: 9543 ns, Total: 94652 ns
[2020-09-11T18:48:40.670+0000][1][safepoint    ] Safepoint "RevokeBias", Time since last: 148639548 ns, Reaching safepoint: 123749 ns, At safepoint: 30899 ns, Total: 154648 ns
[2020-09-11T18:48:41.670+0000][1][safepoint    ] Safepoint "Cleanup", Time since last: 1000105138 ns, Reaching safepoint: 91036 ns, At safepoint: 10301 ns, Total: 101337 ns
[2020-09-11T18:48:42.211+0000][1][safepoint    ] Safepoint "RevokeBias", Time since last: 540310708 ns, Reaching safepoint: 172868 ns, At safepoint: 26883 ns, Total: 199751 ns
[2020-09-11T18:48:42.214+0000][1][safepoint    ] Safepoint "RevokeBias", Time since last: 2815535 ns, Reaching safepoint: 83151 ns, At safepoint: 22104 ns, Total: 105255 ns
[2020-09-11T18:48:43.214+0000][1][safepoint    ] Safepoint "Cleanup", Time since last: 1000107939 ns, Reaching safepoint: 85561 ns, At safepoint: 9101 ns, Total: 94662 ns
[2020-09-11T18:48:44.214+0000][1][safepoint    ] Safepoint "Cleanup", Time since last: 1000104507 ns, Reaching safepoint: 101442 ns, At safepoint: 9733 ns, Total: 111175 ns
[2020-09-11T18:48:45.214+0000][1][safepoint    ] Safepoint "Cleanup", Time since last: 1000109751 ns, Reaching safepoint: 84586 ns, At safepoint: 9245 ns, Total: 93831 ns
[2020-09-11T18:48:46.214+0000][1][safepoint    ] Safepoint "Cleanup", Time since last: 1000123232 ns, Reaching safepoint: 95118 ns, At safepoint: 9490 ns, Total: 104608 ns
[2020-09-11T18:48:47.215+0000][1][safepoint    ] Safepoint "Cleanup", Time since last: 1000120753 ns, Reaching safepoint: 82630 ns, At safepoint: 9456 ns, Total: 92086 ns
[2020-09-11T18:48:47.222+0000][1][safepoint    ] Safepoint "RevokeBias", Time since last: 6922281 ns, Reaching safepoint: 169778 ns, At safepoint: 25607 ns, Total: 195385 ns
[2020-09-11T18:48:47.228+0000][1][safepoint    ] Safepoint "RevokeBias", Time since last: 6414105 ns, Reaching safepoint: 99120 ns, At safepoint: 25466 ns, Total: 124586 ns
[2020-09-11T18:48:48.229+0000][1][safepoint    ] Safepoint "Cleanup", Time since last: 1000110257 ns, Reaching safepoint: 90409 ns, At safepoint: 8560 ns, Total: 98969 ns
[2020-09-11T18:48:49.229+0000][1][safepoint    ] Safepoint "Cleanup", Time since last: 1000105180 ns, Reaching safepoint: 80013 ns, At safepoint: 7087 ns, Total: 87100 ns
[2020-09-11T18:48:50.229+0000][1][safepoint    ] Safepoint "Cleanup", Time since last: 1000128203 ns, Reaching safepoint: 78682 ns, At safepoint: 7033 ns, Total: 85715 ns
[2020-09-11T18:48:50.737+0000][1][gc,start     ] GC(247) Pause Young (Allocation Failure)
[2020-09-11T18:48:50.737+0000][1][gc,task      ] GC(247) Using 1 workers of 1 for evacuation
[2020-09-11T18:48:50.771+0000][1][gc,age       ] GC(247) Desired survivor size 4358144 bytes, new threshold 6 (max threshold 6)
[2020-09-11T18:48:50.771+0000][1][gc,age       ] GC(247) Age table with threshold 6 (max threshold 6)
[2020-09-11T18:48:50.771+0000][1][gc,age       ] GC(247) - age   1:     449176 bytes,     449176 total
[2020-09-11T18:48:50.771+0000][1][gc,age       ] GC(247) - age   2:      45672 bytes,     494848 total
[2020-09-11T18:48:50.771+0000][1][gc,age       ] GC(247) - age   3:       7336 bytes,     502184 total
[2020-09-11T18:48:50.771+0000][1][gc,age       ] GC(247) - age   4:     195984 bytes,     698168 total
[2020-09-11T18:48:50.771+0000][1][gc,age       ] GC(247) - age   5:       7664 bytes,     705832 total
[2020-09-11T18:48:50.771+0000][1][gc,age       ] GC(247) - age   6:       6504 bytes,     712336 total
[2020-09-11T18:48:50.771+0000][1][gc,heap      ] GC(247) ParNew: 69319K->863K(76672K)
[2020-09-11T18:48:50.771+0000][1][gc,heap      ] GC(247) CMS: 159918K->160287K(2011968K)
[2020-09-11T18:48:50.771+0000][1][gc,metaspace ] GC(247) Metaspace: 97623K->97623K(1138688K)
[2020-09-11T18:48:50.771+0000][1][gc           ] GC(247) Pause Young (Allocation Failure) 223M->157M(2039M) 34.111ms
[2020-09-11T18:48:50.771+0000][1][gc,cpu       ] GC(247) User=0.02s Sys=0.00s Real=0.03s
[2020-09-11T18:48:50.771+0000][1][safepoint    ] Safepoint "GenCollectForAllocation", Time since last: 505052283 ns, Reaching safepoint: 2869709 ns, At safepoint: 34181065 ns, Total: 37050774 ns
[2020-09-11T18:48:51.687+0000][1][safepoint    ] Safepoint "RevokeBias", Time since last: 915998781 ns, Reaching safepoint: 91999 ns, At safepoint: 25095 ns, Total: 117094 ns
[2020-09-11T18:48:52.234+0000][1][safepoint    ] Safepoint "RevokeBias", Time since last: 546606143 ns, Reaching safepoint: 226262 ns, At safepoint: 294442 ns, Total: 520704 ns
[2020-09-11T18:48:52.240+0000][1][safepoint    ] Safepoint "RevokeBias", Time since last: 5668398 ns, Reaching safepoint: 173079 ns, At safepoint: 27508 ns, Total: 200587 ns
[2020-09-11T18:48:53.240+0000][1][safepoint    ] Safepoint "Cleanup", Time since last: 1000134608 ns, Reaching safepoint: 86286 ns, At safepoint: 9403 ns, Total: 95689 ns
[2020-09-11T18:48:54.241+0000][1][safepoint    ] Safepoint "Cleanup", Time since last: 1000111690 ns, Reaching safepoint: 84641 ns, At safepoint: 9014 ns, Total: 93655 ns
[2020-09-11T18:48:55.241+0000][1][safepoint    ] Safepoint "Cleanup", Time since last: 1000111355 ns, Reaching safepoint: 107902 ns, At safepoint: 9885 ns, Total: 117787 ns
[2020-09-11T18:48:56.241+0000][1][safepoint    ] Safepoint "Cleanup", Time since last: 1000111528 ns, Reaching safepoint: 87105 ns, At safepoint: 9241 ns, Total: 96346 ns
[2020-09-11T18:48:57.241+0000][1][safepoint    ] Safepoint "Cleanup", Time since last: 1000113845 ns, Reaching safepoint: 92957 ns, At safepoint: 9632 ns, Total: 102589 ns
[2020-09-11T18:48:57.245+0000][1][safepoint    ] Safepoint "RevokeBias", Time since last: 2761554 ns, Reaching safepoint: 219803 ns, At safepoint: 312394 ns, Total: 532197 ns
[2020-09-11T18:48:57.248+0000][1][safepoint    ] Safepoint "RevokeBias", Time since last: 3437506 ns, Reaching safepoint: 91590 ns, At safepoint: 24545 ns, Total: 116135 ns
[2020-09-11T18:48:58.248+0000][1][safepoint    ] Safepoint "Cleanup", Time since last: 1000115441 ns, Reaching safepoint: 92358 ns, At safepoint: 10567 ns, Total: 102925 ns
[2020-09-11T18:48:59.249+0000][1][safepoint    ] Safepoint "Cleanup", Time since last: 1000123527 ns, Reaching safepoint: 91017 ns, At safepoint: 9403 ns, Total: 100420 ns
[2020-09-11T18:49:00.249+0000][1][safepoint    ] Safepoint "Cleanup", Time since last: 1000118615 ns, Reaching safepoint: 113406 ns, At safepoint: 9391 ns, Total: 122797 ns
[2020-09-11T18:49:01.249+0000][1][safepoint    ] Safepoint "Cleanup", Time since last: 1000108515 ns, Reaching safepoint: 86115 ns, At safepoint: 8921 ns, Total: 95036 ns
[2020-09-11T18:49:02.249+0000][1][safepoint    ] Safepoint "Cleanup", Time since last: 1000113964 ns, Reaching safepoint: 85724 ns, At safepoint: 10143 ns, Total: 95867 ns
[2020-09-11T18:49:02.254+0000][1][safepoint    ] Safepoint "RevokeBias", Time since last: 4064236 ns, Reaching safepoint: 224193 ns, At safepoint: 294891 ns, Total: 519084 ns
[2020-09-11T18:49:02.257+0000][1][safepoint    ] Safepoint "RevokeBias", Time since last: 3390473 ns, Reaching safepoint: 164796 ns, At safepoint: 22996 ns, Total: 187792 ns
[2020-09-11T18:49:02.702+0000][1][safepoint    ] Safepoint "RevokeBias", Time since last: 443828863 ns, Reaching safepoint: 225730 ns, At safepoint: 297119 ns, Total: 522849 ns
[2020-09-11T18:49:03.702+0000][1][safepoint    ] Safepoint "Cleanup", Time since last: 1000306718 ns, Reaching safepoint: 85662 ns, At safepoint: 10242 ns, Total: 95904 ns
[2020-09-11T18:49:04.702+0000][1][safepoint    ] Safepoint "Cleanup", Time since last: 1000113659 ns, Reaching safepoint: 84364 ns, At safepoint: 10413 ns, Total: 94777 ns
[2020-09-11T18:49:05.703+0000][1][safepoint    ] Safepoint "Cleanup", Time since last: 1000116215 ns, Reaching safepoint: 85423 ns, At safepoint: 9772 ns, Total: 95195 ns
[2020-09-11T18:49:06.703+0000][1][safepoint    ] Safepoint "Cleanup", Time since last: 1000125291 ns, Reaching safepoint: 87778 ns, At safepoint: 9806 ns, Total: 97584 ns
[2020-09-11T18:49:07.268+0000][1][safepoint    ] Safepoint "RevokeBias", Time since last: 565577575 ns, Reaching safepoint: 94346 ns, At safepoint: 26576 ns, Total: 120922 ns
[2020-09-11T18:49:07.272+0000][1][safepoint    ] Safepoint "RevokeBias", Time since last: 3012530 ns, Reaching safepoint: 221988 ns, At safepoint: 285653 ns, Total: 507641 ns
[2020-09-11T18:49:08.272+0000][1][safepoint    ] Safepoint "Cleanup", Time since last: 1000116799 ns, Reaching safepoint: 87870 ns, At safepoint: 9596 ns, Total: 97466 ns
[2020-09-11T18:49:09.272+0000][1][safepoint    ] Safepoint "Cleanup", Time since last: 1000109367 ns, Reaching safepoint: 86976 ns, At safepoint: 9060 ns, Total: 96036 ns
[2020-09-11T18:49:09.801+0000][1][gc,start     ] GC(248) Pause Young (Allocation Failure)
[2020-09-11T18:49:09.801+0000][1][gc,task      ] GC(248) Using 1 workers of 1 for evacuation
[2020-09-11T18:49:09.828+0000][1][gc,age       ] GC(248) Desired survivor size 4358144 bytes, new threshold 6 (max threshold 6)
[2020-09-11T18:49:09.828+0000][1][gc,age       ] GC(248) Age table with threshold 6 (max threshold 6)
[2020-09-11T18:49:09.828+0000][1][gc,age       ] GC(248) - age   1:      85208 bytes,      85208 total
[2020-09-11T18:49:09.828+0000][1][gc,age       ] GC(248) - age   2:     352408 bytes,     437616 total
[2020-09-11T18:49:09.828+0000][1][gc,age       ] GC(248) - age   3:      42392 bytes,     480008 total
[2020-09-11T18:49:09.828+0000][1][gc,age       ] GC(248) - age   4:       6864 bytes,     486872 total
[2020-09-11T18:49:09.828+0000][1][gc,age       ] GC(248) - age   5:     195952 bytes,     682824 total
[2020-09-11T18:49:09.828+0000][1][gc,age       ] GC(248) - age   6:       7664 bytes,     690488 total
[2020-09-11T18:49:09.828+0000][1][gc,heap      ] GC(248) ParNew: 69023K->1187K(76672K)
[2020-09-11T18:49:09.828+0000][1][gc,heap      ] GC(248) CMS: 160287K->160293K(2011968K)
[2020-09-11T18:49:09.828+0000][1][gc,metaspace ] GC(248) Metaspace: 97623K->97623K(1138688K)
[2020-09-11T18:49:09.828+0000][1][gc           ] GC(248) Pause Young (Allocation Failure) 223M->157M(2039M) 27.449ms
[2020-09-11T18:49:09.828+0000][1][gc,cpu       ] GC(248) User=0.01s Sys=0.00s Real=0.02s
[2020-09-11T18:49:09.833+0000][1][safepoint    ] Safepoint "GenCollectForAllocation", Time since last: 528069797 ns, Reaching safepoint: 368654 ns, At safepoint: 31884373 ns, Total: 32253027 ns
[2020-09-11T18:49:10.834+0000][1][safepoint    ] Safepoint "Cleanup", Time since last: 1001230664 ns, Reaching safepoint: 87095 ns, At safepoint: 23175 ns, Total: 110270 ns
[2020-09-11T18:49:11.834+0000][1][safepoint    ] Safepoint "Cleanup", Time since last: 1000111447 ns, Reaching safepoint: 110241 ns, At safepoint: 9038 ns, Total: 119279 ns
[2020-09-11T18:49:12.288+0000][1][safepoint    ] Safepoint "RevokeBias", Time since last: 452970943 ns, Reaching safepoint: 229528 ns, At safepoint: 308240 ns, Total: 537768 ns
[2020-09-11T18:49:12.291+0000][1][safepoint    ] Safepoint "RevokeBias", Time since last: 3316064 ns, Reaching safepoint: 89105 ns, At safepoint: 22243 ns, Total: 111348 ns
[2020-09-11T18:49:13.718+0000][1][safepoint    ] Safepoint "RevokeBias", Time since last: 1425956059 ns, Reaching safepoint: 225167 ns, At safepoint: 272140 ns, Total: 497307 ns
[2020-09-11T18:49:17.296+0000][1][safepoint    ] Safepoint "RevokeBias", Time since last: 3577943587 ns, Reaching safepoint: 177108 ns, At safepoint: 29455 ns, Total: 206563 ns
[2020-09-11T18:49:17.299+0000][1][safepoint    ] Safepoint "RevokeBias", Time since last: 2874102 ns, Reaching safepoint: 86637 ns, At safepoint: 25089 ns, Total: 111726 ns
[2020-09-11T18:49:22.303+0000][1][safepoint    ] Safepoint "RevokeBias", Time since last: 5004028256 ns, Reaching safepoint: 91081 ns, At safepoint: 26046 ns, Total: 117127 ns
[2020-09-11T18:49:22.306+0000][1][safepoint    ] Safepoint "RevokeBias", Time since last: 2896737 ns, Reaching safepoint: 86330 ns, At safepoint: 24368 ns, Total: 110698 ns
[2020-09-11T18:49:24.737+0000][1][safepoint    ] Safepoint "RevokeBias", Time since last: 2430341540 ns, Reaching safepoint: 170820 ns, At safepoint: 26920 ns, Total: 197740 ns
[2020-09-11T18:49:27.310+0000][1][safepoint    ] Safepoint "RevokeBias", Time since last: 2573036456 ns, Reaching safepoint: 94311 ns, At safepoint: 24686 ns, Total: 118997 ns
[2020-09-11T18:49:27.313+0000][1][safepoint    ] Safepoint "RevokeBias", Time since last: 3324682 ns, Reaching safepoint: 89616 ns, At safepoint: 21762 ns, Total: 111378 ns
[2020-09-11T18:49:28.791+0000][1][gc,start     ] GC(249) Pause Young (Allocation Failure)
[2020-09-11T18:49:28.791+0000][1][gc,task      ] GC(249) Using 1 workers of 1 for evacuation
[2020-09-11T18:49:28.822+0000][1][gc,age       ] GC(249) Desired survivor size 4358144 bytes, new threshold 6 (max threshold 6)
[2020-09-11T18:49:28.822+0000][1][gc,age       ] GC(249) Age table with threshold 6 (max threshold 6)
[2020-09-11T18:49:28.822+0000][1][gc,age       ] GC(249) - age   1:     162352 bytes,     162352 total
[2020-09-11T18:49:28.822+0000][1][gc,age       ] GC(249) - age   2:       7928 bytes,     170280 total
[2020-09-11T18:49:28.822+0000][1][gc,age       ] GC(249) - age   3:     349368 bytes,     519648 total
[2020-09-11T18:49:28.822+0000][1][gc,age       ] GC(249) - age   4:      41088 bytes,     560736 total
[2020-09-11T18:49:28.822+0000][1][gc,age       ] GC(249) - age   5:       6672 bytes,     567408 total
[2020-09-11T18:49:28.822+0000][1][gc,age       ] GC(249) - age   6:     194376 bytes,     761784 total
[2020-09-11T18:49:28.822+0000][1][gc,heap      ] GC(249) ParNew: 69347K->802K(76672K)
[2020-09-11T18:49:28.822+0000][1][gc,heap      ] GC(249) CMS: 160293K->160301K(2011968K)
[2020-09-11T18:49:28.822+0000][1][gc,metaspace ] GC(249) Metaspace: 97629K->97629K(1138688K)
[2020-09-11T18:49:28.822+0000][1][gc           ] GC(249) Pause Young (Allocation Failure) 224M->157M(2039M) 31.355ms
[2020-09-11T18:49:28.822+0000][1][gc,cpu       ] GC(249) User=0.02s Sys=0.00s Real=0.04s
[2020-09-11T18:49:28.822+0000][1][safepoint    ] Safepoint "GenCollectForAllocation", Time since last: 1477459386 ns, Reaching safepoint: 198784 ns, At safepoint: 31427810 ns, Total: 31626594 ns
[2020-09-11T18:49:30.837+0000][1][safepoint    ] Safepoint "Cleanup", Time since last: 2014592270 ns, Reaching safepoint: 91717 ns, At safepoint: 10158 ns, Total: 101875 ns
[2020-09-11T18:49:32.317+0000][1][safepoint    ] Safepoint "RevokeBias", Time since last: 1479636228 ns, Reaching safepoint: 88717 ns, At safepoint: 26153 ns, Total: 114870 ns
[2020-09-11T18:49:32.322+0000][1][safepoint    ] Safepoint "RevokeBias", Time since last: 5336940 ns, Reaching safepoint: 93235 ns, At safepoint: 22460 ns, Total: 115695 ns
[2020-09-11T18:49:35.762+0000][1][safepoint    ] Safepoint "RevokeBias", Time since last: 3438090241 ns, Reaching safepoint: 236957 ns, At safepoint: 2084381 ns, Total: 2321338 ns
[2020-09-11T18:49:37.330+0000][1][safepoint    ] Safepoint "RevokeBias", Time since last: 1567242745 ns, Reaching safepoint: 179723 ns, At safepoint: 26119 ns, Total: 205842 ns
[2020-09-11T18:49:37.336+0000][1][safepoint    ] Safepoint "BulkRevokeBias", Time since last: 5219875 ns, Reaching safepoint: 227094 ns, At safepoint: 583423 ns, Total: 810517 ns
[2020-09-11T18:49:39.336+0000][1][safepoint    ] Safepoint "Cleanup", Time since last: 2000193076 ns, Reaching safepoint: 92175 ns, At safepoint: 10311 ns, Total: 102486 ns
[2020-09-11T18:49:40.336+0000][1][safepoint    ] Safepoint "Cleanup", Time since last: 1000112949 ns, Reaching safepoint: 85278 ns, At safepoint: 8621 ns, Total: 93899 ns
[2020-09-11T18:49:41.338+0000][1][safepoint    ] Safepoint "Cleanup", Time since last: 1001797106 ns, Reaching safepoint: 192754 ns, At safepoint: 8551 ns, Total: 201305 ns
[2020-09-11T18:49:42.339+0000][1][safepoint    ] Safepoint "Cleanup", Time since last: 1000119281 ns, Reaching safepoint: 86519 ns, At safepoint: 9932 ns, Total: 96451 ns
[2020-09-11T18:49:42.346+0000][1][safepoint    ] Safepoint "RevokeBias", Time since last: 6930999 ns, Reaching safepoint: 228877 ns, At safepoint: 319212 ns, Total: 548089 ns
[2020-09-11T18:49:42.350+0000][1][safepoint    ] Safepoint "RevokeBias", Time since last: 3515689 ns, Reaching safepoint: 100215 ns, At safepoint: 25900 ns, Total: 126115 ns
[2020-09-11T18:49:43.350+0000][1][safepoint    ] Safepoint "Cleanup", Time since last: 1000126298 ns, Reaching safepoint: 83480 ns, At safepoint: 8961 ns, Total: 92441 ns
[2020-09-11T18:49:44.350+0000][1][safepoint    ] Safepoint "Cleanup", Time since last: 1000110813 ns, Reaching safepoint: 85362 ns, At safepoint: 9555 ns, Total: 94917 ns
[2020-09-11T18:49:45.350+0000][1][safepoint    ] Safepoint "Cleanup", Time since last: 1000113311 ns, Reaching safepoint: 86713 ns, At safepoint: 9544 ns, Total: 96257 ns
[2020-09-11T18:49:46.351+0000][1][safepoint    ] Safepoint "Cleanup", Time since last: 1000115228 ns, Reaching safepoint: 89203 ns, At safepoint: 9195 ns, Total: 98398 ns
[2020-09-11T18:49:46.783+0000][1][safepoint    ] Safepoint "RevokeBias", Time since last: 432174029 ns, Reaching safepoint: 91182 ns, At safepoint: 25326 ns, Total: 116508 ns
[2020-09-11T18:49:47.356+0000][1][safepoint    ] Safepoint "RevokeBias", Time since last: 573030131 ns, Reaching safepoint: 91678 ns, At safepoint: 25588 ns, Total: 117266 ns
[2020-09-11T18:49:47.359+0000][1][safepoint    ] Safepoint "RevokeBias", Time since last: 2990069 ns, Reaching safepoint: 86018 ns, At safepoint: 22893 ns, Total: 108911 ns
[2020-09-11T18:49:48.357+0000][1][gc,start     ] GC(250) Pause Young (Allocation Failure)
[2020-09-11T18:49:48.357+0000][1][gc,task      ] GC(250) Using 1 workers of 1 for evacuation
[2020-09-11T18:49:48.405+0000][1][gc,age       ] GC(250) Desired survivor size 4358144 bytes, new threshold 6 (max threshold 6)
[2020-09-11T18:49:48.405+0000][1][gc,age       ] GC(250) Age table with threshold 6 (max threshold 6)
[2020-09-11T18:49:48.405+0000][1][gc,age       ] GC(250) - age   1:    2104744 bytes,    2104744 total
[2020-09-11T18:49:48.405+0000][1][gc,age       ] GC(250) - age   2:      78912 bytes,    2183656 total
[2020-09-11T18:49:48.405+0000][1][gc,age       ] GC(250) - age   3:       7192 bytes,    2190848 total
[2020-09-11T18:49:48.405+0000][1][gc,age       ] GC(250) - age   4:     348096 bytes,    2538944 total
[2020-09-11T18:49:48.405+0000][1][gc,age       ] GC(250) - age   5:      41056 bytes,    2580000 total
[2020-09-11T18:49:48.405+0000][1][gc,age       ] GC(250) - age   6:       6640 bytes,    2586640 total
[2020-09-11T18:49:48.405+0000][1][gc,heap      ] GC(250) ParNew: 68962K->2633K(76672K)
[2020-09-11T18:49:48.405+0000][1][gc,heap      ] GC(250) CMS: 160301K->160491K(2011968K)
[2020-09-11T18:49:48.405+0000][1][gc,metaspace ] GC(250) Metaspace: 97631K->97631K(1138688K)
[2020-09-11T18:49:48.405+0000][1][gc           ] GC(250) Pause Young (Allocation Failure) 223M->159M(2039M) 48.068ms
[2020-09-11T18:49:48.405+0000][1][gc,cpu       ] GC(250) User=0.02s Sys=0.00s Real=0.05s
[2020-09-11T18:49:48.425+0000][1][safepoint    ] Safepoint "GenCollectForAllocation", Time since last: 997408034 ns, Reaching safepoint: 244380 ns, At safepoint: 68081484 ns, Total: 68325864 ns
[2020-09-11T18:49:49.441+0000][1][safepoint    ] Safepoint "Cleanup", Time since last: 1015538205 ns, Reaching safepoint: 85973 ns, At safepoint: 9868 ns, Total: 95841 ns
[2020-09-11T18:49:50.441+0000][1][safepoint    ] Safepoint "Cleanup", Time since last: 1000112332 ns, Reaching safepoint: 102903 ns, At safepoint: 7709 ns, Total: 110612 ns
[2020-09-11T18:49:51.441+0000][1][safepoint    ] Safepoint "Cleanup", Time since last: 1000124462 ns, Reaching safepoint: 96746 ns, At safepoint: 18428 ns, Total: 115174 ns
[2020-09-11T18:49:52.380+0000][1][safepoint    ] Safepoint "RevokeBias", Time since last: 938466150 ns, Reaching safepoint: 171040 ns, At safepoint: 26757 ns, Total: 197797 ns
[2020-09-11T18:49:52.384+0000][1][safepoint    ] Safepoint "RevokeBias", Time since last: 3428477 ns, Reaching safepoint: 214879 ns, At safepoint: 244164 ns, Total: 459043 ns
[2020-09-11T18:49:53.384+0000][1][safepoint    ] Safepoint "Cleanup", Time since last: 1000118425 ns, Reaching safepoint: 87488 ns, At safepoint: 9814 ns, Total: 97302 ns
[2020-09-11T18:49:54.384+0000][1][safepoint    ] Safepoint "Cleanup", Time since last: 1000118547 ns, Reaching safepoint: 97850 ns, At safepoint: 19259 ns, Total: 117109 ns
[2020-09-11T18:49:55.384+0000][1][safepoint    ] Safepoint "Cleanup", Time since last: 1000142258 ns, Reaching safepoint: 86049 ns, At safepoint: 9708 ns, Total: 95757 ns
[2020-09-11T18:49:56.384+0000][1][safepoint    ] Safepoint "Cleanup", Time since last: 1000116963 ns, Reaching safepoint: 88524 ns, At safepoint: 8378 ns, Total: 96902 ns
[2020-09-11T18:49:57.385+0000][1][safepoint    ] Safepoint "Cleanup", Time since last: 1000111548 ns, Reaching safepoint: 84667 ns, At safepoint: 9711 ns, Total: 94378 ns
[2020-09-11T18:49:57.388+0000][1][safepoint    ] Safepoint "RevokeBias", Time since last: 2987466 ns, Reaching safepoint: 177700 ns, At safepoint: 26455 ns, Total: 204155 ns
[2020-09-11T18:49:57.391+0000][1][safepoint    ] Safepoint "RevokeBias", Time since last: 2865535 ns, Reaching safepoint: 86499 ns, At safepoint: 24519 ns, Total: 111018 ns
[2020-09-11T18:49:57.815+0000][1][safepoint    ] Safepoint "RevokeBias", Time since last: 423772159 ns, Reaching safepoint: 178663 ns, At safepoint: 27066 ns, Total: 205729 ns
[2020-09-11T18:49:58.815+0000][1][safepoint    ] Safepoint "Cleanup", Time since last: 1000117572 ns, Reaching safepoint: 220686 ns, At safepoint: 8995 ns, Total: 229681 ns
[2020-09-11T18:49:59.815+0000][1][safepoint    ] Safepoint "Cleanup", Time since last: 1000130235 ns, Reaching safepoint: 83826 ns, At safepoint: 7815 ns, Total: 91641 ns
[2020-09-11T18:50:00.729+0000][1][gc,start     ] GC(251) Pause Young (Allocation Failure)
[2020-09-11T18:50:00.730+0000][1][gc,task      ] GC(251) Using 1 workers of 1 for evacuation
[2020-09-11T18:50:00.761+0000][1][gc,age       ] GC(251) Desired survivor size 4358144 bytes, new threshold 6 (max threshold 6)
[2020-09-11T18:50:00.761+0000][1][gc,age       ] GC(251) Age table with threshold 6 (max threshold 6)
[2020-09-11T18:50:00.761+0000][1][gc,age       ] GC(251) - age   1:     246480 bytes,     246480 total
[2020-09-11T18:50:00.761+0000][1][gc,age       ] GC(251) - age   2:    2025952 bytes,    2272432 total
[2020-09-11T18:50:00.761+0000][1][gc,age       ] GC(251) - age   3:      74128 bytes,    2346560 total
[2020-09-11T18:50:00.761+0000][1][gc,age       ] GC(251) - age   4:       7120 bytes,    2353680 total
[2020-09-11T18:50:00.761+0000][1][gc,age       ] GC(251) - age   5:     347824 bytes,    2701504 total
[2020-09-11T18:50:00.761+0000][1][gc,age       ] GC(251) - age   6:      41056 bytes,    2742560 total
[2020-09-11T18:50:00.761+0000][1][gc,heap      ] GC(251) ParNew: 70793K->4118K(76672K)
[2020-09-11T18:50:00.761+0000][1][gc,heap      ] GC(251) CMS: 160491K->160497K(2011968K)
[2020-09-11T18:50:00.761+0000][1][gc,metaspace ] GC(251) Metaspace: 97652K->97652K(1138688K)
[2020-09-11T18:50:00.761+0000][1][gc           ] GC(251) Pause Young (Allocation Failure) 225M->160M(2039M) 31.662ms
[2020-09-11T18:50:00.761+0000][1][gc,cpu       ] GC(251) User=0.02s Sys=0.00s Real=0.04s
[2020-09-11T18:50:00.761+0000][1][safepoint    ] Safepoint "GenCollectForAllocation", Time since last: 913867041 ns, Reaching safepoint: 182641 ns, At safepoint: 31856984 ns, Total: 32039625 ns
[2020-09-11T18:50:01.775+0000][1][safepoint    ] Safepoint "Cleanup", Time since last: 1013223944 ns, Reaching safepoint: 100009 ns, At safepoint: 24771 ns, Total: 124780 ns
[2020-09-11T18:50:02.400+0000][1][safepoint    ] Safepoint "RevokeBias", Time since last: 624734569 ns, Reaching safepoint: 88919 ns, At safepoint: 37303 ns, Total: 126222 ns
[2020-09-11T18:50:02.403+0000][1][safepoint    ] Safepoint "RevokeBias", Time since last: 3609188 ns, Reaching safepoint: 103088 ns, At safepoint: 50903 ns, Total: 153991 ns
[2020-09-11T18:50:03.404+0000][1][safepoint    ] Safepoint "Cleanup", Time since last: 1000413405 ns, Reaching safepoint: 86674 ns, At safepoint: 24089 ns, Total: 110763 ns
[2020-09-11T18:50:04.404+0000][1][safepoint    ] Safepoint "Cleanup", Time since last: 1000115448 ns, Reaching safepoint: 89156 ns, At safepoint: 24797 ns, Total: 113953 ns
[2020-09-11T18:50:05.404+0000][1][safepoint    ] Safepoint "Cleanup", Time since last: 1000122429 ns, Reaching safepoint: 87166 ns, At safepoint: 24881 ns, Total: 112047 ns
[2020-09-11T18:50:06.405+0000][1][safepoint    ] Safepoint "Cleanup", Time since last: 1000137015 ns, Reaching safepoint: 87191 ns, At safepoint: 10020 ns, Total: 97211 ns
[2020-09-11T18:50:07.405+0000][1][safepoint    ] Safepoint "Cleanup", Time since last: 1000114120 ns, Reaching safepoint: 86074 ns, At safepoint: 9621 ns, Total: 95695 ns
[2020-09-11T18:50:07.408+0000][1][safepoint    ] Safepoint "RevokeBias", Time since last: 3237233 ns, Reaching safepoint: 222305 ns, At safepoint: 280762 ns, Total: 503067 ns
[2020-09-11T18:50:07.412+0000][1][safepoint    ] Safepoint "RevokeBias", Time since last: 3435724 ns, Reaching safepoint: 90452 ns, At safepoint: 26219 ns, Total: 116671 ns
[2020-09-11T18:50:08.412+0000][1][safepoint    ] Safepoint "Cleanup", Time since last: 1000108348 ns, Reaching safepoint: 92469 ns, At safepoint: 9079 ns, Total: 101548 ns
[2020-09-11T18:50:08.830+0000][1][safepoint    ] Safepoint "RevokeBias", Time since last: 417637530 ns, Reaching safepoint: 98287 ns, At safepoint: 25837 ns, Total: 124124 ns
[2020-09-11T18:50:09.830+0000][1][safepoint    ] Safepoint "Cleanup", Time since last: 1000119285 ns, Reaching safepoint: 86575 ns, At safepoint: 9790 ns, Total: 96365 ns
[2020-09-11T18:50:10.830+0000][1][safepoint    ] Safepoint "Cleanup", Time since last: 1000114301 ns, Reaching safepoint: 88609 ns, At safepoint: 9737 ns, Total: 98346 ns
[2020-09-11T18:50:11.831+0000][1][safepoint    ] Safepoint "Cleanup", Time since last: 1000119969 ns, Reaching safepoint: 88958 ns, At safepoint: 10195 ns, Total: 99153 ns
[2020-09-11T18:50:12.424+0000][1][safepoint    ] Safepoint "RevokeBias", Time since last: 592558264 ns, Reaching safepoint: 228032 ns, At safepoint: 291550 ns, Total: 519582 ns
[2020-09-11T18:50:12.431+0000][1][safepoint    ] Safepoint "RevokeBias", Time since last: 6971210 ns, Reaching safepoint: 92225 ns, At safepoint: 27447 ns, Total: 119672 ns
[2020-09-11T18:50:13.431+0000][1][safepoint    ] Safepoint "Cleanup", Time since last: 1000115000 ns, Reaching safepoint: 86506 ns, At safepoint: 9705 ns, Total: 96211 ns
[2020-09-11T18:50:14.431+0000][1][safepoint    ] Safepoint "Cleanup", Time since last: 1000116515 ns, Reaching safepoint: 86896 ns, At safepoint: 9309 ns, Total: 96205 ns
[2020-09-11T18:50:15.431+0000][1][safepoint    ] Safepoint "Cleanup", Time since last: 1000116824 ns, Reaching safepoint: 93764 ns, At safepoint: 10087 ns, Total: 103851 ns
[2020-09-11T18:50:16.432+0000][1][safepoint    ] Safepoint "Cleanup", Time since last: 1000126131 ns, Reaching safepoint: 117518 ns, At safepoint: 9444 ns, Total: 126962 ns
[2020-09-11T18:50:17.432+0000][1][safepoint    ] Safepoint "Cleanup", Time since last: 1000112233 ns, Reaching safepoint: 85633 ns, At safepoint: 10390 ns, Total: 96023 ns
[2020-09-11T18:50:17.437+0000][1][safepoint    ] Safepoint "RevokeBias", Time since last: 4203808 ns, Reaching safepoint: 227076 ns, At safepoint: 291566 ns, Total: 518642 ns
[2020-09-11T18:50:17.440+0000][1][safepoint    ] Safepoint "RevokeBias", Time since last: 3760874 ns, Reaching safepoint: 89150 ns, At safepoint: 25785 ns, Total: 114935 ns
[2020-09-11T18:50:18.441+0000][1][safepoint    ] Safepoint "Cleanup", Time since last: 1000107716 ns, Reaching safepoint: 104448 ns, At safepoint: 9385 ns, Total: 113833 ns
[2020-09-11T18:50:18.613+0000][1][gc,start     ] GC(252) Pause Young (Allocation Failure)
[2020-09-11T18:50:18.613+0000][1][gc,task      ] GC(252) Using 1 workers of 1 for evacuation
[2020-09-11T18:50:18.644+0000][1][gc,age       ] GC(252) Desired survivor size 4358144 bytes, new threshold 6 (max threshold 6)
[2020-09-11T18:50:18.644+0000][1][gc,age       ] GC(252) Age table with threshold 6 (max threshold 6)
[2020-09-11T18:50:18.644+0000][1][gc,age       ] GC(252) - age   1:     352976 bytes,     352976 total
[2020-09-11T18:50:18.644+0000][1][gc,age       ] GC(252) - age   2:     168256 bytes,     521232 total
[2020-09-11T18:50:18.644+0000][1][gc,age       ] GC(252) - age   3:    2009616 bytes,    2530848 total
[2020-09-11T18:50:18.644+0000][1][gc,age       ] GC(252) - age   4:      73872 bytes,    2604720 total
[2020-09-11T18:50:18.644+0000][1][gc,age       ] GC(252) - age   5:       7024 bytes,    2611744 total
[2020-09-11T18:50:18.644+0000][1][gc,age       ] GC(252) - age   6:     347792 bytes,    2959536 total
[2020-09-11T18:50:18.644+0000][1][gc,heap      ] GC(252) ParNew: 72278K->5046K(76672K)
[2020-09-11T18:50:18.644+0000][1][gc,heap      ] GC(252) CMS: 160497K->160537K(2011968K)
[2020-09-11T18:50:18.644+0000][1][gc,metaspace ] GC(252) Metaspace: 97652K->97652K(1138688K)
[2020-09-11T18:50:18.644+0000][1][gc           ] GC(252) Pause Young (Allocation Failure) 227M->161M(2039M) 31.150ms
[2020-09-11T18:50:18.644+0000][1][gc,cpu       ] GC(252) User=0.02s Sys=0.00s Real=0.03s
[2020-09-11T18:50:18.646+0000][1][safepoint    ] Safepoint "GenCollectForAllocation", Time since last: 171786949 ns, Reaching safepoint: 353856 ns, At safepoint: 33585941 ns, Total: 33939797 ns
[2020-09-11T18:50:19.650+0000][1][safepoint    ] Safepoint "Cleanup", Time since last: 1003250707 ns, Reaching safepoint: 88459 ns, At safepoint: 22590 ns, Total: 111049 ns
[2020-09-11T18:50:19.845+0000][1][safepoint    ] Safepoint "RevokeBias", Time since last: 195414597 ns, Reaching safepoint: 89229 ns, At safepoint: 39248 ns, Total: 128477 ns
[2020-09-11T18:50:22.446+0000][1][safepoint    ] Safepoint "RevokeBias", Time since last: 2600618457 ns, Reaching safepoint: 92981 ns, At safepoint: 36402 ns, Total: 129383 ns
[2020-09-11T18:50:22.449+0000][1][safepoint    ] Safepoint "RevokeBias", Time since last: 2935394 ns, Reaching safepoint: 89142 ns, At safepoint: 26355 ns, Total: 115497 ns
[2020-09-11T18:50:26.060+0000][1][safepoint    ] Safepoint "RevokeBias", Time since last: 3610370756 ns, Reaching safepoint: 290572 ns, At safepoint: 29432 ns, Total: 320004 ns
[2020-09-11T18:50:26.060+0000][1][safepoint    ] Safepoint "RevokeBias", Time since last: 73203 ns, Reaching safepoint: 193741 ns, At safepoint: 19964 ns, Total: 213705 ns
[2020-09-11T18:50:26.060+0000][1][safepoint    ] Safepoint "RevokeBias", Time since last: 45185 ns, Reaching safepoint: 174897 ns, At safepoint: 16568 ns, Total: 191465 ns
[2020-09-11T18:50:26.061+0000][1][safepoint    ] Safepoint "RevokeBias", Time since last: 40743 ns, Reaching safepoint: 162420 ns, At safepoint: 16026 ns, Total: 178446 ns
[2020-09-11T18:50:26.061+0000][1][safepoint    ] Safepoint "RevokeBias", Time since last: 37680 ns, Reaching safepoint: 179149 ns, At safepoint: 14487 ns, Total: 193636 ns
[2020-09-11T18:50:26.061+0000][1][safepoint    ] Safepoint "RevokeBias", Time since last: 38054 ns, Reaching safepoint: 166345 ns, At safepoint: 15387 ns, Total: 181732 ns
[2020-09-11T18:50:26.061+0000][1][safepoint    ] Safepoint "RevokeBias", Time since last: 36705 ns, Reaching safepoint: 149576 ns, At safepoint: 23409 ns, Total: 172985 ns
[2020-09-11T18:50:26.061+0000][1][safepoint    ] Safepoint "RevokeBias", Time since last: 29295 ns, Reaching safepoint: 146227 ns, At safepoint: 22611 ns, Total: 168838 ns
[2020-09-11T18:50:26.065+0000][1][safepoint    ] Safepoint "RevokeBias", Time since last: 28465 ns, Reaching safepoint: 3386506 ns, At safepoint: 32503 ns, Total: 3419009 ns
[2020-09-11T18:50:26.065+0000][1][safepoint    ] Safepoint "RevokeBias", Time since last: 42853 ns, Reaching safepoint: 149502 ns, At safepoint: 84000 ns, Total: 233502 ns
[2020-09-11T18:50:27.067+0000][1][safepoint    ] Safepoint "Cleanup", Time since last: 1002072797 ns, Reaching safepoint: 94111 ns, At safepoint: 9051 ns, Total: 103162 ns
[2020-09-11T18:50:27.456+0000][1][safepoint    ] Safepoint "RevokeBias", Time since last: 388896212 ns, Reaching safepoint: 99736 ns, At safepoint: 26249 ns, Total: 125985 ns
[2020-09-11T18:50:27.459+0000][1][safepoint    ] Safepoint "RevokeBias", Time since last: 2951516 ns, Reaching safepoint: 84554 ns, At safepoint: 23486 ns, Total: 108040 ns
[2020-09-11T18:50:30.862+0000][1][safepoint    ] Safepoint "RevokeBias", Time since last: 3402639625 ns, Reaching safepoint: 174743 ns, At safepoint: 27422 ns, Total: 202165 ns
[2020-09-11T18:50:32.466+0000][1][safepoint    ] Safepoint "RevokeBias", Time since last: 1602990930 ns, Reaching safepoint: 243287 ns, At safepoint: 299942 ns, Total: 543229 ns
[2020-09-11T18:50:32.469+0000][1][safepoint    ] Safepoint "RevokeBias", Time since last: 3455091 ns, Reaching safepoint: 91417 ns, At safepoint: 24530 ns, Total: 115947 ns
[2020-09-11T18:50:37.473+0000][1][safepoint    ] Safepoint "RevokeBias", Time since last: 5003632929 ns, Reaching safepoint: 93111 ns, At safepoint: 26497 ns, Total: 119608 ns
[2020-09-11T18:50:37.477+0000][1][safepoint    ] Safepoint "RevokeBias", Time since last: 3279773 ns, Reaching safepoint: 88925 ns, At safepoint: 24506 ns, Total: 113431 ns
[2020-09-11T18:50:38.521+0000][1][gc,start     ] GC(253) Pause Young (Allocation Failure)
[2020-09-11T18:50:38.521+0000][1][gc,task      ] GC(253) Using 1 workers of 1 for evacuation
[2020-09-11T18:50:38.550+0000][1][gc,age       ] GC(253) Desired survivor size 4358144 bytes, new threshold 6 (max threshold 6)
[2020-09-11T18:50:38.550+0000][1][gc,age       ] GC(253) Age table with threshold 6 (max threshold 6)
[2020-09-11T18:50:38.550+0000][1][gc,age       ] GC(253) - age   1:      98400 bytes,      98400 total
[2020-09-11T18:50:38.550+0000][1][gc,age       ] GC(253) - age   2:     178744 bytes,     277144 total
[2020-09-11T18:50:38.550+0000][1][gc,age       ] GC(253) - age   3:     160848 bytes,     437992 total
[2020-09-11T18:50:38.550+0000][1][gc,age       ] GC(253) - age   4:    2009552 bytes,    2447544 total
[2020-09-11T18:50:38.550+0000][1][gc,age       ] GC(253) - age   5:      73528 bytes,    2521072 total
[2020-09-11T18:50:38.550+0000][1][gc,age       ] GC(253) - age   6:       7024 bytes,    2528096 total
[2020-09-11T18:50:38.550+0000][1][gc,heap      ] GC(253) ParNew: 73206K->3429K(76672K)
[2020-09-11T18:50:38.550+0000][1][gc,heap      ] GC(253) CMS: 160537K->160877K(2011968K)
[2020-09-11T18:50:38.550+0000][1][gc,metaspace ] GC(253) Metaspace: 97657K->97657K(1138688K)
[2020-09-11T18:50:38.550+0000][1][gc           ] GC(253) Pause Young (Allocation Failure) 228M->160M(2039M) 29.593ms
[2020-09-11T18:50:38.550+0000][1][gc,cpu       ] GC(253) User=0.01s Sys=0.00s Real=0.02s
[2020-09-11T18:50:38.551+0000][1][safepoint    ] Safepoint "GenCollectForAllocation", Time since last: 1040269754 ns, Reaching safepoint: 4063385 ns, At safepoint: 29668781 ns, Total: 33732166 ns
[2020-09-11T18:50:41.558+0000][1][safepoint    ] Safepoint "Cleanup", Time since last: 3007424034 ns, Reaching safepoint: 94197 ns, At safepoint: 9799 ns, Total: 103996 ns
[2020-09-11T18:50:41.893+0000][1][safepoint    ] Safepoint "BulkRevokeBias", Time since last: 334457114 ns, Reaching safepoint: 93704 ns, At safepoint: 281999 ns, Total: 375703 ns
[2020-09-11T18:50:42.487+0000][1][safepoint    ] Safepoint "RevokeBias", Time since last: 593922430 ns, Reaching safepoint: 222590 ns, At safepoint: 298883 ns, Total: 521473 ns
[2020-09-11T18:50:42.491+0000][1][safepoint    ] Safepoint "RevokeBias", Time since last: 3486302 ns, Reaching safepoint: 93565 ns, At safepoint: 38731 ns, Total: 132296 ns
[2020-09-11T18:50:47.495+0000][1][safepoint    ] Safepoint "RevokeBias", Time since last: 5003515410 ns, Reaching safepoint: 132774 ns, At safepoint: 36755 ns, Total: 169529 ns
[2020-09-11T18:50:47.498+0000][1][safepoint    ] Safepoint "RevokeBias", Time since last: 3440916 ns, Reaching safepoint: 88138 ns, At safepoint: 26563 ns, Total: 114701 ns
[2020-09-11T18:50:52.503+0000][1][safepoint    ] Safepoint "RevokeBias", Time since last: 5004119437 ns, Reaching safepoint: 233269 ns, At safepoint: 286386 ns, Total: 519655 ns
[2020-09-11T18:50:52.506+0000][1][safepoint    ] Safepoint "RevokeBias", Time since last: 3465514 ns, Reaching safepoint: 172336 ns, At safepoint: 26826 ns, Total: 199162 ns
[2020-09-11T18:50:52.910+0000][1][safepoint    ] Safepoint "RevokeBias", Time since last: 402641192 ns, Reaching safepoint: 222357 ns, At safepoint: 279547 ns, Total: 501904 ns
[2020-09-11T18:50:55.062+0000][1][gc,start     ] GC(254) Pause Young (Allocation Failure)
[2020-09-11T18:50:55.062+0000][1][gc,task      ] GC(254) Using 1 workers of 1 for evacuation
[2020-09-11T18:50:55.094+0000][1][gc,age       ] GC(254) Desired survivor size 4358144 bytes, new threshold 6 (max threshold 6)
[2020-09-11T18:50:55.094+0000][1][gc,age       ] GC(254) Age table with threshold 6 (max threshold 6)
[2020-09-11T18:50:55.094+0000][1][gc,age       ] GC(254) - age   1:     169440 bytes,     169440 total
[2020-09-11T18:50:55.094+0000][1][gc,age       ] GC(254) - age   2:      11104 bytes,     180544 total
[2020-09-11T18:50:55.094+0000][1][gc,age       ] GC(254) - age   3:     166752 bytes,     347296 total
[2020-09-11T18:50:55.094+0000][1][gc,age       ] GC(254) - age   4:     160848 bytes,     508144 total
[2020-09-11T18:50:55.094+0000][1][gc,age       ] GC(254) - age   5:    2009552 bytes,    2517696 total
[2020-09-11T18:50:55.094+0000][1][gc,age       ] GC(254) - age   6:      72216 bytes,    2589912 total
[2020-09-11T18:50:55.094+0000][1][gc,heap      ] GC(254) ParNew: 71569K->4560K(76672K)
[2020-09-11T18:50:55.094+0000][1][gc,heap      ] GC(254) CMS: 160877K->160883K(2011968K)
[2020-09-11T18:50:55.094+0000][1][gc,metaspace ] GC(254) Metaspace: 97658K->97658K(1138688K)
[2020-09-11T18:50:55.094+0000][1][gc           ] GC(254) Pause Young (Allocation Failure) 226M->161M(2039M) 32.915ms
[2020-09-11T18:50:55.094+0000][1][gc,cpu       ] GC(254) User=0.01s Sys=0.00s Real=0.03s
[2020-09-11T18:50:55.094+0000][1][safepoint    ] Safepoint "GenCollectForAllocation", Time since last: 2151694514 ns, Reaching safepoint: 162360 ns, At safepoint: 32988586 ns, Total: 33150946 ns
[2020-09-11T18:50:57.511+0000][1][safepoint    ] Safepoint "RevokeBias", Time since last: 2416136051 ns, Reaching safepoint: 92959 ns, At safepoint: 26957 ns, Total: 119916 ns
[2020-09-11T18:50:57.515+0000][1][safepoint    ] Safepoint "RevokeBias", Time since last: 3851351 ns, Reaching safepoint: 239118 ns, At safepoint: 345620 ns, Total: 584738 ns
[2020-09-11T18:51:02.526+0000][1][safepoint    ] Safepoint "RevokeBias", Time since last: 5011081127 ns, Reaching safepoint: 172533 ns, At safepoint: 27186 ns, Total: 199719 ns
[2020-09-11T18:51:02.529+0000][1][safepoint    ] Safepoint "RevokeBias", Time since last: 2891884 ns, Reaching safepoint: 83674 ns, At safepoint: 23576 ns, Total: 107250 ns
[2020-09-11T18:51:03.927+0000][1][safepoint    ] Safepoint "RevokeBias", Time since last: 1397078198 ns, Reaching safepoint: 93085 ns, At safepoint: 25852 ns, Total: 118937 ns
[2020-09-11T18:51:05.927+0000][1][safepoint    ] Safepoint "Cleanup", Time since last: 2000191720 ns, Reaching safepoint: 91389 ns, At safepoint: 9830 ns, Total: 101219 ns
[2020-09-11T18:51:07.538+0000][1][safepoint    ] Safepoint "RevokeBias", Time since last: 1610201758 ns, Reaching safepoint: 233745 ns, At safepoint: 288113 ns, Total: 521858 ns
[2020-09-11T18:51:07.541+0000][1][safepoint    ] Safepoint "RevokeBias", Time since last: 3438517 ns, Reaching safepoint: 176161 ns, At safepoint: 26692 ns, Total: 202853 ns
[2020-09-11T18:51:08.542+0000][1][safepoint    ] Safepoint "Cleanup", Time since last: 1000105858 ns, Reaching safepoint: 87300 ns, At safepoint: 5989 ns, Total: 93289 ns
[2020-09-11T18:51:12.365+0000][1][gc,start     ] GC(255) Pause Young (Allocation Failure)
[2020-09-11T18:51:12.365+0000][1][gc,task      ] GC(255) Using 1 workers of 1 for evacuation
[2020-09-11T18:51:12.397+0000][1][gc,age       ] GC(255) Desired survivor size 4358144 bytes, new threshold 6 (max threshold 6)
[2020-09-11T18:51:12.397+0000][1][gc,age       ] GC(255) Age table with threshold 6 (max threshold 6)
[2020-09-11T18:51:12.397+0000][1][gc,age       ] GC(255) - age   1:    1621080 bytes,    1621080 total
[2020-09-11T18:51:12.397+0000][1][gc,age       ] GC(255) - age   2:      52968 bytes,    1674048 total
[2020-09-11T18:51:12.397+0000][1][gc,age       ] GC(255) - age   3:       8584 bytes,    1682632 total
[2020-09-11T18:51:12.397+0000][1][gc,age       ] GC(255) - age   4:     166320 bytes,    1848952 total
[2020-09-11T18:51:12.397+0000][1][gc,age       ] GC(255) - age   5:     160816 bytes,    2009768 total
[2020-09-11T18:51:12.397+0000][1][gc,age       ] GC(255) - age   6:    2009280 bytes,    4019048 total
[2020-09-11T18:51:12.397+0000][1][gc,heap      ] GC(255) ParNew: 72720K->4555K(76672K)
[2020-09-11T18:51:12.397+0000][1][gc,heap      ] GC(255) CMS: 160883K->160954K(2011968K)
[2020-09-11T18:51:12.397+0000][1][gc,metaspace ] GC(255) Metaspace: 97660K->97660K(1138688K)
[2020-09-11T18:51:12.397+0000][1][gc           ] GC(255) Pause Young (Allocation Failure) 228M->161M(2039M) 32.287ms
[2020-09-11T18:51:12.397+0000][1][gc,cpu       ] GC(255) User=0.02s Sys=0.00s Real=0.03s
[2020-09-11T18:51:12.405+0000][1][safepoint    ] Safepoint "GenCollectForAllocation", Time since last: 3821566787 ns, Reaching safepoint: 1810093 ns, At safepoint: 39942607 ns, Total: 41752700 ns
[2020-09-11T18:51:12.546+0000][1][safepoint    ] Safepoint "RevokeBias", Time since last: 140692167 ns, Reaching safepoint: 99495 ns, At safepoint: 27332 ns, Total: 126827 ns
[2020-09-11T18:51:12.549+0000][1][safepoint    ] Safepoint "RevokeBias", Time since last: 2798183 ns, Reaching safepoint: 85578 ns, At safepoint: 25101 ns, Total: 110679 ns
[2020-09-11T18:51:14.942+0000][1][safepoint    ] Safepoint "RevokeBias", Time since last: 2393227364 ns, Reaching safepoint: 94146 ns, At safepoint: 35065 ns, Total: 129211 ns
[2020-09-11T18:51:17.555+0000][1][safepoint    ] Safepoint "RevokeBias", Time since last: 2612466840 ns, Reaching safepoint: 230047 ns, At safepoint: 297222 ns, Total: 527269 ns
[2020-09-11T18:51:17.559+0000][1][safepoint    ] Safepoint "RevokeBias", Time since last: 3656514 ns, Reaching safepoint: 206874 ns, At safepoint: 28437 ns, Total: 235311 ns
[2020-09-11T18:51:22.563+0000][1][safepoint    ] Safepoint "RevokeBias", Time since last: 5004032240 ns, Reaching safepoint: 244403 ns, At safepoint: 283268 ns, Total: 527671 ns
[2020-09-11T18:51:22.567+0000][1][safepoint    ] Safepoint "RevokeBias", Time since last: 3461275 ns, Reaching safepoint: 172285 ns, At safepoint: 26771 ns, Total: 199056 ns
[2020-09-11T18:51:25.958+0000][1][safepoint    ] Safepoint "RevokeBias", Time since last: 3390352973 ns, Reaching safepoint: 227868 ns, At safepoint: 302057 ns, Total: 529925 ns
[2020-09-11T18:51:27.571+0000][1][safepoint    ] Safepoint "RevokeBias", Time since last: 1613361783 ns, Reaching safepoint: 173835 ns, At safepoint: 26876 ns, Total: 200711 ns
[2020-09-11T18:51:27.574+0000][1][safepoint    ] Safepoint "RevokeBias", Time since last: 2855028 ns, Reaching safepoint: 87166 ns, At safepoint: 26484 ns, Total: 113650 ns
[2020-09-11T18:51:28.527+0000][1][gc,start     ] GC(256) Pause Young (Allocation Failure)
[2020-09-11T18:51:28.527+0000][1][gc,task      ] GC(256) Using 1 workers of 1 for evacuation
[2020-09-11T18:51:28.561+0000][1][gc,age       ] GC(256) Desired survivor size 4358144 bytes, new threshold 6 (max threshold 6)
[2020-09-11T18:51:28.561+0000][1][gc,age       ] GC(256) Age table with threshold 6 (max threshold 6)
[2020-09-11T18:51:28.561+0000][1][gc,age       ] GC(256) - age   1:     224288 bytes,     224288 total
[2020-09-11T18:51:28.561+0000][1][gc,age       ] GC(256) - age   2:    1427840 bytes,    1652128 total
[2020-09-11T18:51:28.561+0000][1][gc,age       ] GC(256) - age   3:      49424 bytes,    1701552 total
[2020-09-11T18:51:28.561+0000][1][gc,age       ] GC(256) - age   4:       8312 bytes,    1709864 total
[2020-09-11T18:51:28.561+0000][1][gc,age       ] GC(256) - age   5:     166288 bytes,    1876152 total
[2020-09-11T18:51:28.561+0000][1][gc,age       ] GC(256) - age   6:     160752 bytes,    2036904 total
[2020-09-11T18:51:28.561+0000][1][gc,heap      ] GC(256) ParNew: 72715K->3323K(76672K)
[2020-09-11T18:51:28.561+0000][1][gc,heap      ] GC(256) CMS: 160954K->162917K(2011968K)
[2020-09-11T18:51:28.561+0000][1][gc,metaspace ] GC(256) Metaspace: 97661K->97661K(1138688K)
[2020-09-11T18:51:28.561+0000][1][gc           ] GC(256) Pause Young (Allocation Failure) 228M->162M(2039M) 34.436ms
[2020-09-11T18:51:28.561+0000][1][gc,cpu       ] GC(256) User=0.02s Sys=0.00s Real=0.04s
[2020-09-11T18:51:28.561+0000][1][safepoint    ] Safepoint "GenCollectForAllocation", Time since last: 952320129 ns, Reaching safepoint: 187999 ns, At safepoint: 34540533 ns, Total: 34728532 ns
[2020-09-11T18:51:32.582+0000][1][safepoint    ] Safepoint "RevokeBias", Time since last: 4020693590 ns, Reaching safepoint: 175734 ns, At safepoint: 27241 ns, Total: 202975 ns
[2020-09-11T18:51:32.585+0000][1][safepoint    ] Safepoint "RevokeBias", Time since last: 2923563 ns, Reaching safepoint: 87409 ns, At safepoint: 25928 ns, Total: 113337 ns
[2020-09-11T18:51:36.974+0000][1][safepoint    ] Safepoint "RevokeBias", Time since last: 4388354934 ns, Reaching safepoint: 182714 ns, At safepoint: 37085 ns, Total: 219799 ns
[2020-09-11T18:51:37.592+0000][1][safepoint    ] Safepoint "RevokeBias", Time since last: 617819023 ns, Reaching safepoint: 245898 ns, At safepoint: 286958 ns, Total: 532856 ns
[2020-09-11T18:51:37.596+0000][1][safepoint    ] Safepoint "RevokeBias", Time since last: 3373211 ns, Reaching safepoint: 89841 ns, At safepoint: 24423 ns, Total: 114264 ns
[2020-09-11T18:51:39.596+0000][1][safepoint    ] Safepoint "Cleanup", Time since last: 2000179352 ns, Reaching safepoint: 90361 ns, At safepoint: 9506 ns, Total: 99867 ns
[2020-09-11T18:51:42.596+0000][1][safepoint    ] Safepoint "Cleanup", Time since last: 3000259953 ns, Reaching safepoint: 92624 ns, At safepoint: 9103 ns, Total: 101727 ns
[2020-09-11T18:51:42.603+0000][1][safepoint    ] Safepoint "RevokeBias", Time since last: 6096334 ns, Reaching safepoint: 227315 ns, At safepoint: 297750 ns, Total: 525065 ns
[2020-09-11T18:51:42.607+0000][1][safepoint    ] Safepoint "RevokeBias", Time since last: 3401648 ns, Reaching safepoint: 166185 ns, At safepoint: 23834 ns, Total: 190019 ns
[2020-09-11T18:51:43.957+0000][1][gc,start     ] GC(257) Pause Young (Allocation Failure)
[2020-09-11T18:51:43.957+0000][1][gc,task      ] GC(257) Using 1 workers of 1 for evacuation
[2020-09-11T18:51:43.990+0000][1][gc,age       ] GC(257) Desired survivor size 4358144 bytes, new threshold 6 (max threshold 6)
[2020-09-11T18:51:43.990+0000][1][gc,age       ] GC(257) Age table with threshold 6 (max threshold 6)
[2020-09-11T18:51:43.991+0000][1][gc,age       ] GC(257) - age   1:     336416 bytes,     336416 total
[2020-09-11T18:51:43.991+0000][1][gc,age       ] GC(257) - age   2:      44288 bytes,     380704 total
[2020-09-11T18:51:43.991+0000][1][gc,age       ] GC(257) - age   3:    1423840 bytes,    1804544 total
[2020-09-11T18:51:43.991+0000][1][gc,age       ] GC(257) - age   4:      49424 bytes,    1853968 total
[2020-09-11T18:51:43.991+0000][1][gc,age       ] GC(257) - age   5:       8280 bytes,    1862248 total
[2020-09-11T18:51:43.991+0000][1][gc,age       ] GC(257) - age   6:     166016 bytes,    2028264 total
[2020-09-11T18:51:43.991+0000][1][gc,heap      ] GC(257) ParNew: 71483K->3153K(76672K)
[2020-09-11T18:51:43.991+0000][1][gc,heap      ] GC(257) CMS: 162917K->163074K(2011968K)
[2020-09-11T18:51:43.991+0000][1][gc,metaspace ] GC(257) Metaspace: 97689K->97689K(1140736K)
[2020-09-11T18:51:43.991+0000][1][gc           ] GC(257) Pause Young (Allocation Failure) 228M->162M(2039M) 33.753ms
[2020-09-11T18:51:43.991+0000][1][gc,cpu       ] GC(257) User=0.01s Sys=0.00s Real=0.03s
[2020-09-11T18:51:43.991+0000][1][safepoint    ] Safepoint "GenCollectForAllocation", Time since last: 1348943009 ns, Reaching safepoint: 1229609 ns, At safepoint: 33845646 ns, Total: 35075255 ns
[2020-09-11T18:51:47.615+0000][1][safepoint    ] Safepoint "RevokeBias", Time since last: 3623758676 ns, Reaching safepoint: 128080 ns, At safepoint: 134417 ns, Total: 262497 ns
[2020-09-11T18:51:47.633+0000][1][safepoint    ] Safepoint "RevokeBias", Time since last: 18464854 ns, Reaching safepoint: 156423 ns, At safepoint: 32277 ns, Total: 188700 ns
[2020-09-11T18:51:47.652+0000][1][safepoint    ] Safepoint "BulkRevokeBias", Time since last: 16883177 ns, Reaching safepoint: 1169408 ns, At safepoint: 704591 ns, Total: 1873999 ns
[2020-09-11T18:51:47.692+0000][1][safepoint    ] Safepoint "RevokeBias", Time since last: 39640038 ns, Reaching safepoint: 241272 ns, At safepoint: 246846 ns, Total: 488118 ns
[2020-09-11T18:51:47.749+0000][1][safepoint    ] Safepoint "RevokeBias", Time since last: 56574764 ns, Reaching safepoint: 287513 ns, At safepoint: 75791 ns, Total: 363304 ns
[2020-09-11T18:51:47.833+0000][1][safepoint    ] Safepoint "Deoptimize", Time since last: 76634340 ns, Reaching safepoint: 179173 ns, At safepoint: 6795194 ns, Total: 6974367 ns
[2020-09-11T18:51:47.861+0000][1][safepoint    ] Safepoint "RevokeBias", Time since last: 28199866 ns, Reaching safepoint: 265238 ns, At safepoint: 40306 ns, Total: 305544 ns
[2020-09-11T18:51:47.867+0000][1][safepoint    ] Safepoint "RevokeBias", Time since last: 5681193 ns, Reaching safepoint: 182524 ns, At safepoint: 25519 ns, Total: 208043 ns
[2020-09-11T18:51:47.995+0000][1][safepoint    ] Safepoint "RevokeBias", Time since last: 127978184 ns, Reaching safepoint: 128695 ns, At safepoint: 22042 ns, Total: 150737 ns
[2020-09-11T18:51:48.484+0000][1][safepoint    ] Safepoint "ICBufferFull", Time since last: 487928942 ns, Reaching safepoint: 316259 ns, At safepoint: 9539 ns, Total: 325798 ns
[2020-09-11T18:51:49.067+0000][1][safepoint    ] Safepoint "ICBufferFull", Time since last: 583148456 ns, Reaching safepoint: 383146 ns, At safepoint: 9305 ns, Total: 392451 ns
[2020-09-11T18:51:49.341+0000][1][gc,start     ] GC(258) Pause Young (Allocation Failure)
[2020-09-11T18:51:49.341+0000][1][gc,task      ] GC(258) Using 1 workers of 1 for evacuation
[2020-09-11T18:51:49.478+0000][1][gc,age       ] GC(258) Desired survivor size 4358144 bytes, new threshold 4 (max threshold 6)
[2020-09-11T18:51:49.478+0000][1][gc,age       ] GC(258) Age table with threshold 4 (max threshold 6)
[2020-09-11T18:51:49.478+0000][1][gc,age       ] GC(258) - age   1:    3763000 bytes,    3763000 total
[2020-09-11T18:51:49.478+0000][1][gc,age       ] GC(258) - age   2:      23560 bytes,    3786560 total
[2020-09-11T18:51:49.478+0000][1][gc,age       ] GC(258) - age   3:      41648 bytes,    3828208 total
[2020-09-11T18:51:49.478+0000][1][gc,age       ] GC(258) - age   4:    1423808 bytes,    5252016 total
[2020-09-11T18:51:49.478+0000][1][gc,age       ] GC(258) - age   5:      49424 bytes,    5301440 total
[2020-09-11T18:51:49.478+0000][1][gc,age       ] GC(258) - age   6:       8280 bytes,    5309720 total
[2020-09-11T18:51:49.478+0000][1][gc,heap      ] GC(258) ParNew: 71313K->5639K(76672K)
[2020-09-11T18:51:49.478+0000][1][gc,heap      ] GC(258) CMS: 163074K->163236K(2011968K)
[2020-09-11T18:51:49.478+0000][1][gc,metaspace ] GC(258) Metaspace: 98018K->98018K(1140736K)
[2020-09-11T18:51:49.478+0000][1][gc           ] GC(258) Pause Young (Allocation Failure) 228M->164M(2039M) 136.869ms
[2020-09-11T18:51:49.478+0000][1][gc,cpu       ] GC(258) User=0.04s Sys=0.00s Real=0.13s
[2020-09-11T18:51:49.519+0000][1][safepoint    ] Safepoint "GenCollectForAllocation", Time since last: 273705214 ns, Reaching safepoint: 207833 ns, At safepoint: 177493857 ns, Total: 177701690 ns
[2020-09-11T18:51:50.531+0000][1][safepoint    ] Safepoint "Cleanup", Time since last: 1005487559 ns, Reaching safepoint: 6982591 ns, At safepoint: 13494 ns, Total: 6996085 ns
[2020-09-11T18:51:50.986+0000][1][safepoint    ] Safepoint "RevokeBias", Time since last: 454344569 ns, Reaching safepoint: 178814 ns, At safepoint: 23397 ns, Total: 202211 ns
[2020-09-11T18:51:50.986+0000][1][safepoint    ] Safepoint "RevokeBias", Time since last: 61423 ns, Reaching safepoint: 31592 ns, At safepoint: 12259 ns, Total: 43851 ns
[2020-09-11T18:51:50.986+0000][1][safepoint    ] Safepoint "RevokeBias", Time since last: 652571 ns, Reaching safepoint: 36797 ns, At safepoint: 12772 ns, Total: 49569 ns
[2020-09-11T18:51:50.986+0000][1][safepoint    ] Safepoint "RevokeBias", Time since last: 30600 ns, Reaching safepoint: 29858 ns, At safepoint: 11217 ns, Total: 41075 ns
[2020-09-11T18:51:50.987+0000][1][safepoint    ] Safepoint "RevokeBias", Time since last: 55998 ns, Reaching safepoint: 33195 ns, At safepoint: 10774 ns, Total: 43969 ns
[2020-09-11T18:51:50.987+0000][1][safepoint    ] Safepoint "RevokeBias", Time since last: 41060 ns, Reaching safepoint: 30021 ns, At safepoint: 10470 ns, Total: 40491 ns
[2020-09-11T18:51:51.207+0000][1][safepoint    ] Safepoint "RevokeBias", Time since last: 219808338 ns, Reaching safepoint: 169531 ns, At safepoint: 26031 ns, Total: 195562 ns
[2020-09-11T18:51:51.904+0000][1][gc,start     ] GC(259) Pause Young (Allocation Failure)
[2020-09-11T18:51:51.904+0000][1][gc,task      ] GC(259) Using 1 workers of 1 for evacuation
[2020-09-11T18:51:51.989+0000][1][gc,age       ] GC(259) Desired survivor size 4358144 bytes, new threshold 1 (max threshold 6)
[2020-09-11T18:51:51.989+0000][1][gc,age       ] GC(259) Age table with threshold 1 (max threshold 6)
[2020-09-11T18:51:51.989+0000][1][gc,age       ] GC(259) - age   1:    6329024 bytes,    6329024 total
[2020-09-11T18:51:51.989+0000][1][gc,age       ] GC(259) - age   2:    2348480 bytes,    8677504 total
[2020-09-11T18:51:51.989+0000][1][gc,age       ] GC(259) - age   3:       4136 bytes,    8681640 total
[2020-09-11T18:51:51.989+0000][1][gc,age       ] GC(259) - age   4:       1720 bytes,    8683360 total
[2020-09-11T18:51:51.989+0000][1][gc,heap      ] GC(259) ParNew: 73799K->8512K(76672K)
[2020-09-11T18:51:51.989+0000][1][gc,heap      ] GC(259) CMS: 163236K->166160K(2011968K)
[2020-09-11T18:51:51.989+0000][1][gc,metaspace ] GC(259) Metaspace: 98064K->98064K(1140736K)
[2020-09-11T18:51:51.989+0000][1][gc           ] GC(259) Pause Young (Allocation Failure) 231M->170M(2039M) 85.026ms
[2020-09-11T18:51:51.989+0000][1][gc,cpu       ] GC(259) User=0.04s Sys=0.00s Real=0.08s
[2020-09-11T18:51:51.990+0000][1][safepoint    ] Safepoint "GenCollectForAllocation", Time since last: 697641658 ns, Reaching safepoint: 164805 ns, At safepoint: 86006739 ns, Total: 86171544 ns
[2020-09-11T18:51:52.055+0000][1][safepoint    ] Safepoint "RevokeBias", Time since last: 64022172 ns, Reaching safepoint: 175684 ns, At safepoint: 20086 ns, Total: 195770 ns
[2020-09-11T18:51:52.774+0000][1][safepoint    ] Safepoint "RevokeBias", Time since last: 718935079 ns, Reaching safepoint: 125824 ns, At safepoint: 26636 ns, Total: 152460 ns
[2020-09-11T18:51:52.782+0000][1][safepoint    ] Safepoint "RevokeBias", Time since last: 7729966 ns, Reaching safepoint: 167608 ns, At safepoint: 23576 ns, Total: 191184 ns
[2020-09-11T18:51:53.075+0000][1][safepoint    ] Safepoint "RevokeBias", Time since last: 293161983 ns, Reaching safepoint: 241730 ns, At safepoint: 23493 ns, Total: 265223 ns
[2020-09-11T18:51:53.076+0000][1][safepoint    ] Safepoint "RevokeBias", Time since last: 788487 ns, Reaching safepoint: 101674 ns, At safepoint: 13087 ns, Total: 114761 ns
[2020-09-11T18:51:53.076+0000][1][safepoint    ] Safepoint "RevokeBias", Time since last: 86438 ns, Reaching safepoint: 103110 ns, At safepoint: 13112 ns, Total: 116222 ns
[2020-09-11T18:51:53.081+0000][1][safepoint    ] Safepoint "RevokeBias", Time since last: 4712662 ns, Reaching safepoint: 139237 ns, At safepoint: 21256 ns, Total: 160493 ns
[2020-09-11T18:51:53.115+0000][1][safepoint    ] Safepoint "RevokeBias", Time since last: 33275817 ns, Reaching safepoint: 152671 ns, At safepoint: 23259 ns, Total: 175930 ns
[2020-09-11T18:51:54.115+0000][1][safepoint    ] Safepoint "Cleanup", Time since last: 1000098033 ns, Reaching safepoint: 106445 ns, At safepoint: 7792 ns, Total: 114237 ns
[2020-09-11T18:51:55.115+0000][1][safepoint    ] Safepoint "Cleanup", Time since last: 1000112446 ns, Reaching safepoint: 112840 ns, At safepoint: 8847 ns, Total: 121687 ns
[2020-09-11T18:51:56.129+0000][1][safepoint    ] Safepoint "Cleanup", Time since last: 1013808737 ns, Reaching safepoint: 94604 ns, At safepoint: 8838 ns, Total: 103442 ns
[2020-09-11T18:51:56.949+0000][1][gc,start     ] GC(260) Pause Young (Allocation Failure)
[2020-09-11T18:51:56.949+0000][1][gc,task      ] GC(260) Using 1 workers of 1 for evacuation
[2020-09-11T18:51:56.980+0000][1][gc,age       ] GC(260) Desired survivor size 4358144 bytes, new threshold 1 (max threshold 6)
[2020-09-11T18:51:56.980+0000][1][gc,age       ] GC(260) Age table with threshold 1 (max threshold 6)
[2020-09-11T18:51:56.980+0000][1][gc,age       ] GC(260) - age   1:    5544800 bytes,    5544800 total
[2020-09-11T18:51:56.980+0000][1][gc,heap      ] GC(260) ParNew: 76672K->7449K(76672K)
[2020-09-11T18:51:56.980+0000][1][gc,heap      ] GC(260) CMS: 166160K->166670K(2011968K)
[2020-09-11T18:51:56.980+0000][1][gc,metaspace ] GC(260) Metaspace: 98119K->98119K(1140736K)
[2020-09-11T18:51:56.980+0000][1][gc           ] GC(260) Pause Young (Allocation Failure) 237M->170M(2039M) 30.880ms
[2020-09-11T18:51:56.980+0000][1][gc,cpu       ] GC(260) User=0.02s Sys=0.00s Real=0.03s
[2020-09-11T18:51:56.985+0000][1][safepoint    ] Safepoint "GenCollectForAllocation", Time since last: 820148109 ns, Reaching safepoint: 173469 ns, At safepoint: 35785727 ns, Total: 35959196 ns
[2020-09-11T18:51:57.211+0000][1][safepoint    ] Safepoint "RevokeBias", Time since last: 225417812 ns, Reaching safepoint: 168205 ns, At safepoint: 25217 ns, Total: 193422 ns
[2020-09-11T18:51:57.211+0000][1][safepoint    ] Safepoint "RevokeBias", Time since last: 167965 ns, Reaching safepoint: 132803 ns, At safepoint: 15833 ns, Total: 148636 ns
[2020-09-11T18:51:57.211+0000][1][safepoint    ] Safepoint "RevokeBias", Time since last: 112591 ns, Reaching safepoint: 52074 ns, At safepoint: 13416 ns, Total: 65490 ns
[2020-09-11T18:51:57.211+0000][1][safepoint    ] Safepoint "RevokeBias", Time since last: 52307 ns, Reaching safepoint: 44017 ns, At safepoint: 11804 ns, Total: 55821 ns
[2020-09-11T18:51:57.238+0000][1][safepoint    ] Safepoint "RevokeBias", Time since last: 26562115 ns, Reaching safepoint: 159591 ns, At safepoint: 26024 ns, Total: 185615 ns
[2020-09-11T18:51:57.289+0000][1][safepoint    ] Safepoint "RevokeBias", Time since last: 51360477 ns, Reaching safepoint: 163239 ns, At safepoint: 25028 ns, Total: 188267 ns
[2020-09-11T18:51:57.797+0000][1][safepoint    ] Safepoint "RevokeBias", Time since last: 507463413 ns, Reaching safepoint: 109749 ns, At safepoint: 24206 ns, Total: 133955 ns
[2020-09-11T18:51:57.806+0000][1][safepoint    ] Safepoint "RevokeBias", Time since last: 8362219 ns, Reaching safepoint: 84528 ns, At safepoint: 25454 ns, Total: 109982 ns
[2020-09-11T18:51:58.822+0000][1][safepoint    ] Safepoint "Cleanup", Time since last: 1015204174 ns, Reaching safepoint: 730355 ns, At safepoint: 16369 ns, Total: 746724 ns
[2020-09-11T18:51:58.839+0000][1][gc,start     ] GC(261) Pause Young (Allocation Failure)
[2020-09-11T18:51:58.839+0000][1][gc,task      ] GC(261) Using 1 workers of 1 for evacuation
[2020-09-11T18:51:58.876+0000][1][gc,age       ] GC(261) Desired survivor size 4358144 bytes, new threshold 6 (max threshold 6)
[2020-09-11T18:51:58.876+0000][1][gc,age       ] GC(261) Age table with threshold 6 (max threshold 6)
[2020-09-11T18:51:58.876+0000][1][gc,age       ] GC(261) - age   1:    1121608 bytes,    1121608 total
[2020-09-11T18:51:58.876+0000][1][gc,heap      ] GC(261) ParNew: 75609K->5923K(76672K)
[2020-09-11T18:51:58.876+0000][1][gc,heap      ] GC(261) CMS: 166670K->167378K(2011968K)
[2020-09-11T18:51:58.876+0000][1][gc,metaspace ] GC(261) Metaspace: 98151K->98151K(1140736K)
[2020-09-11T18:51:58.876+0000][1][gc           ] GC(261) Pause Young (Allocation Failure) 236M->169M(2039M) 37.705ms
[2020-09-11T18:51:58.876+0000][1][gc,cpu       ] GC(261) User=0.02s Sys=0.00s Real=0.04s
[2020-09-11T18:51:58.937+0000][1][safepoint    ] Safepoint "GenCollectForAllocation", Time since last: 16356655 ns, Reaching safepoint: 638689 ns, At safepoint: 98322843 ns, Total: 98961532 ns
[2020-09-11T18:51:59.030+0000][1][safepoint    ] Safepoint "RevokeBias", Time since last: 92629326 ns, Reaching safepoint: 252746 ns, At safepoint: 24231 ns, Total: 276977 ns
[2020-09-11T18:51:59.337+0000][1][safepoint    ] Safepoint "RevokeBias", Time since last: 307042382 ns, Reaching safepoint: 202542 ns, At safepoint: 22145 ns, Total: 224687 ns
[2020-09-11T18:51:59.340+0000][1][safepoint    ] Safepoint "RevokeBias", Time since last: 2244939 ns, Reaching safepoint: 1117251 ns, At safepoint: 15262 ns, Total: 1132513 ns
[2020-09-11T18:51:59.343+0000][1][safepoint    ] Safepoint "RevokeBias", Time since last: 2272923 ns, Reaching safepoint: 150108 ns, At safepoint: 17851 ns, Total: 167959 ns
[2020-09-11T18:51:59.343+0000][1][safepoint    ] Safepoint "RevokeBias", Time since last: 71067 ns, Reaching safepoint: 101277 ns, At safepoint: 12865 ns, Total: 114142 ns
[2020-09-11T18:51:59.388+0000][1][safepoint    ] Safepoint "RevokeBias", Time since last: 43732778 ns, Reaching safepoint: 1690331 ns, At safepoint: 33443 ns, Total: 1723774 ns
[2020-09-11T18:51:59.520+0000][1][gc,start     ] GC(262) Pause Young (Allocation Failure)
[2020-09-11T18:51:59.520+0000][1][gc,task      ] GC(262) Using 1 workers of 1 for evacuation
[2020-09-11T18:51:59.617+0000][1][gc,age       ] GC(262) Desired survivor size 4358144 bytes, new threshold 6 (max threshold 6)
[2020-09-11T18:51:59.617+0000][1][gc,age       ] GC(262) Age table with threshold 6 (max threshold 6)
[2020-09-11T18:51:59.617+0000][1][gc,age       ] GC(262) - age   1:     744744 bytes,     744744 total
[2020-09-11T18:51:59.617+0000][1][gc,age       ] GC(262) - age   2:     910032 bytes,    1654776 total
[2020-09-11T18:51:59.617+0000][1][gc,heap      ] GC(262) ParNew: 74083K->1686K(76672K)
[2020-09-11T18:51:59.617+0000][1][gc,heap      ] GC(262) CMS: 167378K->167378K(2011968K)
[2020-09-11T18:51:59.617+0000][1][gc,metaspace ] GC(262) Metaspace: 98166K->98166K(1140736K)
[2020-09-11T18:51:59.617+0000][1][gc           ] GC(262) Pause Young (Allocation Failure) 235M->165M(2039M) 96.797ms
[2020-09-11T18:51:59.617+0000][1][gc,cpu       ] GC(262) User=0.03s Sys=0.00s Real=0.10s
[2020-09-11T18:51:59.634+0000][1][safepoint    ] Safepoint "GenCollectForAllocation", Time since last: 131458457 ns, Reaching safepoint: 173500 ns, At safepoint: 113527537 ns, Total: 113701037 ns
[2020-09-11T18:52:00.646+0000][1][safepoint    ] Safepoint "Cleanup", Time since last: 1011750976 ns, Reaching safepoint: 733330 ns, At safepoint: 10095 ns, Total: 743425 ns
[2020-09-11T18:52:01.657+0000][1][gc,start     ] GC(263) Pause Young (Allocation Failure)
[2020-09-11T18:52:01.657+0000][1][gc,task      ] GC(263) Using 1 workers of 1 for evacuation
[2020-09-11T18:52:01.737+0000][1][gc,age       ] GC(263) Desired survivor size 4358144 bytes, new threshold 1 (max threshold 6)
[2020-09-11T18:52:01.737+0000][1][gc,age       ] GC(263) Age table with threshold 1 (max threshold 6)
[2020-09-11T18:52:01.737+0000][1][gc,age       ] GC(263) - age   1:    5101448 bytes,    5101448 total
[2020-09-11T18:52:01.737+0000][1][gc,age       ] GC(263) - age   2:     491128 bytes,    5592576 total
[2020-09-11T18:52:01.737+0000][1][gc,age       ] GC(263) - age   3:     688472 bytes,    6281048 total
[2020-09-11T18:52:01.738+0000][1][gc,heap      ] GC(263) ParNew: 69799K->6534K(76672K)
[2020-09-11T18:52:01.738+0000][1][gc,heap      ] GC(263) CMS: 167378K->167378K(2011968K)
[2020-09-11T18:52:01.738+0000][1][gc,metaspace ] GC(263) Metaspace: 98174K->98174K(1140736K)
[2020-09-11T18:52:01.738+0000][1][gc           ] GC(263) Pause Young (Allocation Failure) 231M->169M(2039M) 80.682ms
[2020-09-11T18:52:01.738+0000][1][gc,cpu       ] GC(263) User=0.03s Sys=0.00s Real=0.08s
[2020-09-11T18:52:01.763+0000][1][safepoint    ] Safepoint "GenCollectForAllocation", Time since last: 991427314 ns, Reaching safepoint: 19319256 ns, At safepoint: 105676500 ns, Total: 124995756 ns
[2020-09-11T18:52:01.775+0000][1][safepoint    ] Safepoint "RevokeBias", Time since last: 12435345 ns, Reaching safepoint: 353394 ns, At safepoint: 21967 ns, Total: 375361 ns
[2020-09-11T18:52:01.776+0000][1][safepoint    ] Safepoint "RevokeBias", Time since last: 153979 ns, Reaching safepoint: 104462 ns, At safepoint: 13748 ns, Total: 118210 ns
[2020-09-11T18:52:01.776+0000][1][safepoint    ] Safepoint "RevokeBias", Time since last: 103037 ns, Reaching safepoint: 104503 ns, At safepoint: 13061 ns, Total: 117564 ns
[2020-09-11T18:52:01.776+0000][1][safepoint    ] Safepoint "RevokeBias", Time since last: 51429 ns, Reaching safepoint: 100638 ns, At safepoint: 12279 ns, Total: 112917 ns
[2020-09-11T18:52:01.796+0000][1][safepoint    ] Safepoint "RevokeBias", Time since last: 19748140 ns, Reaching safepoint: 148804 ns, At safepoint: 23178 ns, Total: 171982 ns
[2020-09-11T18:52:02.238+0000][1][safepoint    ] Safepoint "RevokeBias", Time since last: 442082247 ns, Reaching safepoint: 157643 ns, At safepoint: 24869 ns, Total: 182512 ns
[2020-09-11T18:52:02.238+0000][1][safepoint    ] Safepoint "RevokeBias", Time since last: 86184 ns, Reaching safepoint: 102926 ns, At safepoint: 13003 ns, Total: 115929 ns
[2020-09-11T18:52:02.239+0000][1][safepoint    ] Safepoint "RevokeBias", Time since last: 71386 ns, Reaching safepoint: 102892 ns, At safepoint: 12708 ns, Total: 115600 ns
[2020-09-11T18:52:02.241+0000][1][safepoint    ] Safepoint "RevokeBias", Time since last: 2259869 ns, Reaching safepoint: 110806 ns, At safepoint: 14332 ns, Total: 125138 ns
[2020-09-11T18:52:02.846+0000][1][safepoint    ] Safepoint "RevokeBias", Time since last: 604757795 ns, Reaching safepoint: 103150 ns, At safepoint: 24979 ns, Total: 128129 ns
[2020-09-11T18:52:02.850+0000][1][safepoint    ] Safepoint "RevokeBias", Time since last: 4343463 ns, Reaching safepoint: 91063 ns, At safepoint: 21997 ns, Total: 113060 ns
[2020-09-11T18:52:02.865+0000][1][safepoint    ] Safepoint "BulkRevokeBias", Time since last: 14472209 ns, Reaching safepoint: 172164 ns, At safepoint: 242678 ns, Total: 414842 ns
[2020-09-11T18:52:03.865+0000][1][safepoint    ] Safepoint "Cleanup", Time since last: 1000112201 ns, Reaching safepoint: 90813 ns, At safepoint: 8945 ns, Total: 99758 ns
[2020-09-11T18:52:06.866+0000][1][safepoint    ] Safepoint "Cleanup", Time since last: 3000266713 ns, Reaching safepoint: 101031 ns, At safepoint: 9407 ns, Total: 110438 ns
[2020-09-11T18:52:06.909+0000][1][gc,start     ] GC(264) Pause Young (Allocation Failure)
[2020-09-11T18:52:06.909+0000][1][gc,task      ] GC(264) Using 1 workers of 1 for evacuation
[2020-09-11T18:52:06.946+0000][1][gc,age       ] GC(264) Desired survivor size 4358144 bytes, new threshold 6 (max threshold 6)
[2020-09-11T18:52:06.946+0000][1][gc,age       ] GC(264) Age table with threshold 6 (max threshold 6)
[2020-09-11T18:52:06.946+0000][1][gc,age       ] GC(264) - age   1:    3185552 bytes,    3185552 total
[2020-09-11T18:52:06.946+0000][1][gc,heap      ] GC(264) ParNew: 74694K->5008K(76672K)
[2020-09-11T18:52:06.946+0000][1][gc,heap      ] GC(264) CMS: 167378K->167997K(2011968K)
[2020-09-11T18:52:06.946+0000][1][gc,metaspace ] GC(264) Metaspace: 98232K->98232K(1140736K)
[2020-09-11T18:52:06.946+0000][1][gc           ] GC(264) Pause Young (Allocation Failure) 236M->168M(2039M) 37.627ms
[2020-09-11T18:52:06.947+0000][1][gc,cpu       ] GC(264) User=0.02s Sys=0.00s Real=0.04s
[2020-09-11T18:52:06.949+0000][1][safepoint    ] Safepoint "GenCollectForAllocation", Time since last: 42275591 ns, Reaching safepoint: 787597 ns, At safepoint: 39967352 ns, Total: 40754949 ns
[2020-09-11T18:52:06.965+0000][1][safepoint    ] Safepoint "RevokeBias", Time since last: 15954351 ns, Reaching safepoint: 89681 ns, At safepoint: 48442 ns, Total: 138123 ns
[2020-09-11T18:52:06.965+0000][1][safepoint    ] Safepoint "RevokeBias", Time since last: 189621 ns, Reaching safepoint: 61876 ns, At safepoint: 29392 ns, Total: 91268 ns
[2020-09-11T18:52:06.965+0000][1][safepoint    ] Safepoint "RevokeBias", Time since last: 134346 ns, Reaching safepoint: 67633 ns, At safepoint: 25586 ns, Total: 93219 ns
[2020-09-11T18:52:06.966+0000][1][safepoint    ] Safepoint "BulkRevokeBias", Time since last: 57221 ns, Reaching safepoint: 58396 ns, At safepoint: 234928 ns, Total: 293324 ns
[2020-09-11T18:52:06.981+0000][1][safepoint    ] Safepoint "RevokeBias", Time since last: 13437035 ns, Reaching safepoint: 1723659 ns, At safepoint: 30096 ns, Total: 1753755 ns
[2020-09-11T18:52:07.001+0000][1][safepoint    ] Safepoint "RevokeBias", Time since last: 20228695 ns, Reaching safepoint: 169177 ns, At safepoint: 13525 ns, Total: 182702 ns
[2020-09-11T18:52:07.863+0000][1][safepoint    ] Safepoint "RevokeBias", Time since last: 861915455 ns, Reaching safepoint: 92934 ns, At safepoint: 25157 ns, Total: 118091 ns
[2020-09-11T18:52:07.868+0000][1][safepoint    ] Safepoint "RevokeBias", Time since last: 4942175 ns, Reaching safepoint: 93712 ns, At safepoint: 25997 ns, Total: 119709 ns
[2020-09-11T18:52:08.869+0000][1][safepoint    ] Safepoint "Cleanup", Time since last: 1000110483 ns, Reaching safepoint: 83803 ns, At safepoint: 6377 ns, Total: 90180 ns
[2020-09-11T18:52:09.041+0000][1][gc,start     ] GC(265) Pause Young (Allocation Failure)
[2020-09-11T18:52:09.041+0000][1][gc,task      ] GC(265) Using 1 workers of 1 for evacuation
[2020-09-11T18:52:09.098+0000][1][gc,age       ] GC(265) Desired survivor size 4358144 bytes, new threshold 1 (max threshold 6)
[2020-09-11T18:52:09.098+0000][1][gc,age       ] GC(265) Age table with threshold 1 (max threshold 6)
[2020-09-11T18:52:09.098+0000][1][gc,age       ] GC(265) - age   1:    6624056 bytes,    6624056 total
[2020-09-11T18:52:09.098+0000][1][gc,age       ] GC(265) - age   2:     538096 bytes,    7162152 total
[2020-09-11T18:52:09.098+0000][1][gc,heap      ] GC(265) ParNew: 72684K->7170K(76672K)
[2020-09-11T18:52:09.098+0000][1][gc,heap      ] GC(265) CMS: 167997K->167997K(2011968K)
[2020-09-11T18:52:09.098+0000][1][gc,metaspace ] GC(265) Metaspace: 98236K->98236K(1140736K)
[2020-09-11T18:52:09.098+0000][1][gc           ] GC(265) Pause Young (Allocation Failure) 235M->171M(2039M) 56.995ms
[2020-09-11T18:52:09.098+0000][1][gc,cpu       ] GC(265) User=0.03s Sys=0.00s Real=0.05s
[2020-09-11T18:52:09.109+0000][1][safepoint    ] Safepoint "GenCollectForAllocation", Time since last: 172494872 ns, Reaching safepoint: 164393 ns, At safepoint: 67157300 ns, Total: 67321693 ns
[2020-09-11T18:52:09.120+0000][1][safepoint    ] Safepoint "RevokeBias", Time since last: 11160234 ns, Reaching safepoint: 148063 ns, At safepoint: 21118 ns, Total: 169181 ns
[2020-09-11T18:52:09.121+0000][1][safepoint    ] Safepoint "RevokeBias", Time since last: 741567 ns, Reaching safepoint: 99427 ns, At safepoint: 12987 ns, Total: 112414 ns
[2020-09-11T18:52:09.121+0000][1][safepoint    ] Safepoint "RevokeBias", Time since last: 107892 ns, Reaching safepoint: 114986 ns, At safepoint: 14673 ns, Total: 129659 ns
[2020-09-11T18:52:09.121+0000][1][safepoint    ] Safepoint "RevokeBias", Time since last: 44469 ns, Reaching safepoint: 98378 ns, At safepoint: 13914 ns, Total: 112292 ns
[2020-09-11T18:52:09.149+0000][1][safepoint    ] Safepoint "RevokeBias", Time since last: 28156193 ns, Reaching safepoint: 152609 ns, At safepoint: 23826 ns, Total: 176435 ns
[2020-09-11T18:52:10.077+0000][1][safepoint    ] Safepoint "RevokeBias", Time since last: 927815614 ns, Reaching safepoint: 105644 ns, At safepoint: 24377 ns, Total: 130021 ns
[2020-09-11T18:52:11.078+0000][1][safepoint    ] Safepoint "Cleanup", Time since last: 1000116259 ns, Reaching safepoint: 95897 ns, At safepoint: 10186 ns, Total: 106083 ns
[2020-09-11T18:52:11.201+0000][1][safepoint    ] Safepoint "BulkRevokeBias", Time since last: 121287546 ns, Reaching safepoint: 1995154 ns, At safepoint: 249050 ns, Total: 2244204 ns
[2020-09-11T18:52:11.202+0000][1][safepoint    ] Safepoint "RevokeBias", Time since last: 256657 ns, Reaching safepoint: 138617 ns, At safepoint: 17478 ns, Total: 156095 ns
[2020-09-11T18:52:11.202+0000][1][safepoint    ] Safepoint "RevokeBias", Time since last: 60789 ns, Reaching safepoint: 123847 ns, At safepoint: 15124 ns, Total: 138971 ns
[2020-09-11T18:52:11.214+0000][1][safepoint    ] Safepoint "BulkRevokeBias", Time since last: 12337013 ns, Reaching safepoint: 155864 ns, At safepoint: 219166 ns, Total: 375030 ns
[2020-09-11T18:52:12.215+0000][1][safepoint    ] Safepoint "Cleanup", Time since last: 1000106651 ns, Reaching safepoint: 98200 ns, At safepoint: 10300 ns, Total: 108500 ns
[2020-09-11T18:52:12.877+0000][1][safepoint    ] Safepoint "RevokeBias", Time since last: 661861091 ns, Reaching safepoint: 174763 ns, At safepoint: 26073 ns, Total: 200836 ns
[2020-09-11T18:52:12.880+0000][1][safepoint    ] Safepoint "RevokeBias", Time since last: 2992375 ns, Reaching safepoint: 83271 ns, At safepoint: 21461 ns, Total: 104732 ns
[2020-09-11T18:52:14.033+0000][1][gc,start     ] GC(266) Pause Young (Allocation Failure)
[2020-09-11T18:52:14.033+0000][1][gc,task      ] GC(266) Using 1 workers of 1 for evacuation
[2020-09-11T18:52:14.065+0000][1][gc,age       ] GC(266) Desired survivor size 4358144 bytes, new threshold 6 (max threshold 6)
[2020-09-11T18:52:14.065+0000][1][gc,age       ] GC(266) Age table with threshold 6 (max threshold 6)
[2020-09-11T18:52:14.065+0000][1][gc,age       ] GC(266) - age   1:     769976 bytes,     769976 total
[2020-09-11T18:52:14.069+0000][1][gc,heap      ] GC(266) ParNew: 75330K->6142K(76672K)
[2020-09-11T18:52:14.069+0000][1][gc,heap      ] GC(266) CMS: 167997K->168798K(2011968K)
[2020-09-11T18:52:14.069+0000][1][gc,metaspace ] GC(266) Metaspace: 98254K->98254K(1140736K)
[2020-09-11T18:52:14.069+0000][1][gc           ] GC(266) Pause Young (Allocation Failure) 237M->170M(2039M) 36.074ms
[2020-09-11T18:52:14.069+0000][1][gc,cpu       ] GC(266) User=0.01s Sys=0.00s Real=0.03s
[2020-09-11T18:52:14.069+0000][1][safepoint    ] Safepoint "GenCollectForAllocation", Time since last: 1151801504 ns, Reaching safepoint: 1246007 ns, At safepoint: 36150384 ns, Total: 37396391 ns
[2020-09-11T18:52:17.269+0000][1][safepoint    ] Safepoint "RevokeBias", Time since last: 3196511080 ns, Reaching safepoint: 3348583 ns, At safepoint: 29527 ns, Total: 3378110 ns
[2020-09-11T18:52:17.269+0000][1][safepoint    ] Safepoint "RevokeBias", Time since last: 176271 ns, Reaching safepoint: 139145 ns, At safepoint: 18813 ns, Total: 157958 ns
[2020-09-11T18:52:17.269+0000][1][safepoint    ] Safepoint "RevokeBias", Time since last: 112137 ns, Reaching safepoint: 130016 ns, At safepoint: 16845 ns, Total: 146861 ns
[2020-09-11T18:52:17.270+0000][1][safepoint    ] Safepoint "RevokeBias", Time since last: 55895 ns, Reaching safepoint: 120869 ns, At safepoint: 15202 ns, Total: 136071 ns
[2020-09-11T18:52:17.281+0000][1][safepoint    ] Safepoint "RevokeBias", Time since last: 11045895 ns, Reaching safepoint: 118021 ns, At safepoint: 24246 ns, Total: 142267 ns
[2020-09-11T18:52:17.885+0000][1][safepoint    ] Safepoint "RevokeBias", Time since last: 603917507 ns, Reaching safepoint: 95207 ns, At safepoint: 25456 ns, Total: 120663 ns
[2020-09-11T18:52:17.888+0000][1][safepoint    ] Safepoint "RevokeBias", Time since last: 2937008 ns, Reaching safepoint: 83274 ns, At safepoint: 22348 ns, Total: 105622 ns
[2020-09-11T18:52:18.888+0000][1][safepoint    ] Safepoint "Cleanup", Time since last: 1000112043 ns, Reaching safepoint: 101784 ns, At safepoint: 19465 ns, Total: 121249 ns
[2020-09-11T18:52:19.316+0000][1][gc,start     ] GC(267) Pause Young (Allocation Failure)
[2020-09-11T18:52:19.316+0000][1][gc,task      ] GC(267) Using 1 workers of 1 for evacuation
[2020-09-11T18:52:19.352+0000][1][gc,age       ] GC(267) Desired survivor size 4358144 bytes, new threshold 1 (max threshold 6)
[2020-09-11T18:52:19.352+0000][1][gc,age       ] GC(267) Age table with threshold 1 (max threshold 6)
[2020-09-11T18:52:19.352+0000][1][gc,age       ] GC(267) - age   1:    8326392 bytes,    8326392 total
[2020-09-11T18:52:19.352+0000][1][gc,age       ] GC(267) - age   2:     333488 bytes,    8659880 total
[2020-09-11T18:52:19.352+0000][1][gc,heap      ] GC(267) ParNew: 74081K->8512K(76672K)
[2020-09-11T18:52:19.352+0000][1][gc,heap      ] GC(267) CMS: 168798K->169139K(2011968K)
[2020-09-11T18:52:19.352+0000][1][gc,metaspace ] GC(267) Metaspace: 98265K->98265K(1140736K)
[2020-09-11T18:52:19.352+0000][1][gc           ] GC(267) Pause Young (Allocation Failure) 237M->173M(2039M) 36.046ms
[2020-09-11T18:52:19.352+0000][1][gc,cpu       ] GC(267) User=0.02s Sys=0.00s Real=0.03s
[2020-09-11T18:52:19.353+0000][1][safepoint    ] Safepoint "GenCollectForAllocation", Time since last: 427718888 ns, Reaching safepoint: 166331 ns, At safepoint: 36738177 ns, Total: 36904508 ns
[2020-09-11T18:52:19.402+0000][1][safepoint    ] Safepoint "RevokeBias", Time since last: 48148906 ns, Reaching safepoint: 577292 ns, At safepoint: 27844 ns, Total: 605136 ns
[2020-09-11T18:52:19.403+0000][1][safepoint    ] Safepoint "RevokeBias", Time since last: 1176059 ns, Reaching safepoint: 139016 ns, At safepoint: 18151 ns, Total: 157167 ns
[2020-09-11T18:52:19.403+0000][1][safepoint    ] Safepoint "RevokeBias", Time since last: 131064 ns, Reaching safepoint: 129261 ns, At safepoint: 15452 ns, Total: 144713 ns
[2020-09-11T18:52:19.404+0000][1][safepoint    ] Safepoint "RevokeBias", Time since last: 52479 ns, Reaching safepoint: 1109854 ns, At safepoint: 25572 ns, Total: 1135426 ns
[2020-09-11T18:52:19.434+0000][1][safepoint    ] Safepoint "RevokeBias", Time since last: 29496718 ns, Reaching safepoint: 150160 ns, At safepoint: 23231 ns, Total: 173391 ns
[2020-09-11T18:52:20.434+0000][1][safepoint    ] Safepoint "Cleanup", Time since last: 1000100307 ns, Reaching safepoint: 108152 ns, At safepoint: 10239 ns, Total: 118391 ns
[2020-09-11T18:52:20.790+0000][1][gc,start     ] GC(268) Pause Young (Allocation Failure)
[2020-09-11T18:52:20.790+0000][1][gc,task      ] GC(268) Using 1 workers of 1 for evacuation
[2020-09-11T18:52:20.825+0000][1][gc,age       ] GC(268) Desired survivor size 4358144 bytes, new threshold 6 (max threshold 6)
[2020-09-11T18:52:20.825+0000][1][gc,age       ] GC(268) Age table with threshold 6 (max threshold 6)
[2020-09-11T18:52:20.825+0000][1][gc,age       ] GC(268) - age   1:     567848 bytes,     567848 total
[2020-09-11T18:52:20.825+0000][1][gc,heap      ] GC(268) ParNew: 76672K->6761K(76672K)
[2020-09-11T18:52:20.825+0000][1][gc,heap      ] GC(268) CMS: 169139K->169802K(2011968K)
[2020-09-11T18:52:20.825+0000][1][gc,metaspace ] GC(268) Metaspace: 98277K->98277K(1140736K)
[2020-09-11T18:52:20.825+0000][1][gc           ] GC(268) Pause Young (Allocation Failure) 240M->172M(2039M) 35.324ms
[2020-09-11T18:52:20.825+0000][1][gc,cpu       ] GC(268) User=0.02s Sys=0.00s Real=0.04s
[2020-09-11T18:52:20.832+0000][1][safepoint    ] Safepoint "GenCollectForAllocation", Time since last: 355345022 ns, Reaching safepoint: 205505 ns, At safepoint: 42404176 ns, Total: 42609681 ns
[2020-09-11T18:52:21.097+0000][1][safepoint    ] Safepoint "RevokeBias", Time since last: 264930898 ns, Reaching safepoint: 94328 ns, At safepoint: 24946 ns, Total: 119274 ns
[2020-09-11T18:52:21.505+0000][1][safepoint    ] Safepoint "RevokeBias", Time since last: 406271010 ns, Reaching safepoint: 1432785 ns, At safepoint: 27458 ns, Total: 1460243 ns
[2020-09-11T18:52:21.509+0000][1][safepoint    ] Safepoint "RevokeBias", Time since last: 208576 ns, Reaching safepoint: 3675513 ns, At safepoint: 22971 ns, Total: 3698484 ns
[2020-09-11T18:52:21.509+0000][1][safepoint    ] Safepoint "RevokeBias", Time since last: 135603 ns, Reaching safepoint: 137813 ns, At safepoint: 17482 ns, Total: 155295 ns
[2020-09-11T18:52:21.509+0000][1][safepoint    ] Safepoint "RevokeBias", Time since last: 58796 ns, Reaching safepoint: 123560 ns, At safepoint: 15641 ns, Total: 139201 ns
[2020-09-11T18:52:21.519+0000][1][safepoint    ] Safepoint "RevokeBias", Time since last: 9674028 ns, Reaching safepoint: 152131 ns, At safepoint: 23912 ns, Total: 176043 ns
[2020-09-11T18:52:22.519+0000][1][safepoint    ] Safepoint "Cleanup", Time since last: 1000117654 ns, Reaching safepoint: 112293 ns, At safepoint: 11583 ns, Total: 123876 ns
[2020-09-11T18:52:22.896+0000][1][safepoint    ] Safepoint "RevokeBias", Time since last: 376197692 ns, Reaching safepoint: 89625 ns, At safepoint: 23918 ns, Total: 113543 ns
[2020-09-11T18:52:22.899+0000][1][safepoint    ] Safepoint "RevokeBias", Time since last: 3381119 ns, Reaching safepoint: 89851 ns, At safepoint: 23065 ns, Total: 112916 ns
[2020-09-11T18:52:23.701+0000][1][safepoint    ] Safepoint "RevokeBias", Time since last: 801602480 ns, Reaching safepoint: 355943 ns, At safepoint: 26372 ns, Total: 382315 ns
[2020-09-11T18:52:23.701+0000][1][safepoint    ] Safepoint "RevokeBias", Time since last: 64661 ns, Reaching safepoint: 152964 ns, At safepoint: 17157 ns, Total: 170121 ns
[2020-09-11T18:52:23.702+0000][1][safepoint    ] Safepoint "RevokeBias", Time since last: 144895 ns, Reaching safepoint: 153968 ns, At safepoint: 15924 ns, Total: 169892 ns
[2020-09-11T18:52:24.556+0000][1][safepoint    ] Safepoint "RevokeBias", Time since last: 853566662 ns, Reaching safepoint: 165675 ns, At safepoint: 25365 ns, Total: 191040 ns
[2020-09-11T18:52:24.561+0000][1][safepoint    ] Safepoint "RevokeBias", Time since last: 4993172 ns, Reaching safepoint: 284113 ns, At safepoint: 24231 ns, Total: 308344 ns
[2020-09-11T18:52:24.565+0000][1][safepoint    ] Safepoint "RevokeBias", Time since last: 124520 ns, Reaching safepoint: 3960699 ns, At safepoint: 28577 ns, Total: 3989276 ns
[2020-09-11T18:52:24.565+0000][1][safepoint    ] Safepoint "RevokeBias", Time since last: 115984 ns, Reaching safepoint: 138982 ns, At safepoint: 20286 ns, Total: 159268 ns
[2020-09-11T18:52:24.576+0000][1][safepoint    ] Safepoint "RevokeBias", Time since last: 10259493 ns, Reaching safepoint: 146835 ns, At safepoint: 22734 ns, Total: 169569 ns
[2020-09-11T18:52:24.600+0000][1][safepoint    ] Safepoint "RevokeBias", Time since last: 23953419 ns, Reaching safepoint: 164652 ns, At safepoint: 25804 ns, Total: 190456 ns
[2020-09-11T18:52:24.601+0000][1][safepoint    ] Safepoint "RevokeBias", Time since last: 299720 ns, Reaching safepoint: 755966 ns, At safepoint: 20830 ns, Total: 776796 ns
[2020-09-11T18:52:24.603+0000][1][safepoint    ] Safepoint "RevokeBias", Time since last: 1672265 ns, Reaching safepoint: 141526 ns, At safepoint: 20645 ns, Total: 162171 ns
[2020-09-11T18:52:24.957+0000][1][gc,start     ] GC(269) Pause Young (Allocation Failure)
[2020-09-11T18:52:24.957+0000][1][gc,task      ] GC(269) Using 1 workers of 1 for evacuation
[2020-09-11T18:52:24.989+0000][1][gc,age       ] GC(269) Desired survivor size 4358144 bytes, new threshold 6 (max threshold 6)
[2020-09-11T18:52:24.989+0000][1][gc,age       ] GC(269) Age table with threshold 6 (max threshold 6)
[2020-09-11T18:52:24.989+0000][1][gc,age       ] GC(269) - age   1:     874368 bytes,     874368 total
[2020-09-11T18:52:24.989+0000][1][gc,age       ] GC(269) - age   2:     314408 bytes,    1188776 total
[2020-09-11T18:52:24.989+0000][1][gc,heap      ] GC(269) ParNew: 74921K->1794K(76672K)
[2020-09-11T18:52:24.989+0000][1][gc,heap      ] GC(269) CMS: 169802K->169802K(2011968K)
[2020-09-11T18:52:24.989+0000][1][gc,metaspace ] GC(269) Metaspace: 98286K->98286K(1140736K)
[2020-09-11T18:52:24.990+0000][1][gc           ] GC(269) Pause Young (Allocation Failure) 238M->167M(2039M) 32.656ms
[2020-09-11T18:52:24.990+0000][1][gc,cpu       ] GC(269) User=0.02s Sys=0.00s Real=0.03s
[2020-09-11T18:52:24.993+0000][1][safepoint    ] Safepoint "GenCollectForAllocation", Time since last: 353275117 ns, Reaching safepoint: 855354 ns, At safepoint: 36050879 ns, Total: 36906233 ns
[2020-09-11T18:52:26.000+0000][1][safepoint    ] Safepoint "Cleanup", Time since last: 1007377331 ns, Reaching safepoint: 110047 ns, At safepoint: 10364 ns, Total: 120411 ns
[2020-09-11T18:52:27.001+0000][1][safepoint    ] Safepoint "Cleanup", Time since last: 1000110120 ns, Reaching safepoint: 88681 ns, At safepoint: 8325 ns, Total: 97006 ns
[2020-09-11T18:52:27.928+0000][1][safepoint    ] Safepoint "RevokeBias", Time since last: 927607351 ns, Reaching safepoint: 190076 ns, At safepoint: 27544 ns, Total: 217620 ns
[2020-09-11T18:52:27.932+0000][1][safepoint    ] Safepoint "RevokeBias", Time since last: 2930151 ns, Reaching safepoint: 227500 ns, At safepoint: 239650 ns, Total: 467150 ns
[2020-09-11T18:52:28.706+0000][1][safepoint    ] Safepoint "RevokeBias", Time since last: 773727470 ns, Reaching safepoint: 170944 ns, At safepoint: 20317 ns, Total: 191261 ns
[2020-09-11T18:52:28.706+0000][1][safepoint    ] Safepoint "RevokeBias", Time since last: 498594 ns, Reaching safepoint: 114317 ns, At safepoint: 13602 ns, Total: 127919 ns
[2020-09-11T18:52:28.708+0000][1][safepoint    ] Safepoint "RevokeBias", Time since last: 1804517 ns, Reaching safepoint: 132634 ns, At safepoint: 16479 ns, Total: 149113 ns
[2020-09-11T18:52:28.716+0000][1][safepoint    ] Safepoint "RevokeBias", Time since last: 7139313 ns, Reaching safepoint: 181122 ns, At safepoint: 21419 ns, Total: 202541 ns
[2020-09-11T18:52:28.716+0000][1][safepoint    ] Safepoint "RevokeBias", Time since last: 65512 ns, Reaching safepoint: 106870 ns, At safepoint: 12162 ns, Total: 119032 ns
[2020-09-11T18:52:28.771+0000][1][safepoint    ] Safepoint "RevokeBias", Time since last: 48972661 ns, Reaching safepoint: 6222719 ns, At safepoint: 123878 ns, Total: 6346597 ns
[2020-09-11T18:52:28.819+0000][1][safepoint    ] Safepoint "RevokeBias", Time since last: 47710897 ns, Reaching safepoint: 231135 ns, At safepoint: 11597 ns, Total: 242732 ns
[2020-09-11T18:52:28.870+0000][1][gc,start     ] GC(270) Pause Young (Allocation Failure)
[2020-09-11T18:52:28.870+0000][1][gc,task      ] GC(270) Using 1 workers of 1 for evacuation
[2020-09-11T18:52:28.937+0000][1][gc,age       ] GC(270) Desired survivor size 4358144 bytes, new threshold 1 (max threshold 6)
[2020-09-11T18:52:28.938+0000][1][gc,age       ] GC(270) Age table with threshold 1 (max threshold 6)
[2020-09-11T18:52:28.938+0000][1][gc,age       ] GC(270) - age   1:    8336104 bytes,    8336104 total
[2020-09-11T18:52:28.938+0000][1][gc,age       ] GC(270) - age   2:      99784 bytes,    8435888 total
[2020-09-11T18:52:28.938+0000][1][gc,age       ] GC(270) - age   3:     206784 bytes,    8642672 total
[2020-09-11T18:52:28.938+0000][1][gc,heap      ] GC(270) ParNew: 69948K->8512K(76672K)
[2020-09-11T18:52:28.938+0000][1][gc,heap      ] GC(270) CMS: 169802K->172086K(2011968K)
[2020-09-11T18:52:28.938+0000][1][gc,metaspace ] GC(270) Metaspace: 98294K->98294K(1140736K)
[2020-09-11T18:52:28.938+0000][1][gc           ] GC(270) Pause Young (Allocation Failure) 234M->176M(2039M) 68.035ms
[2020-09-11T18:52:28.938+0000][1][gc,cpu       ] GC(270) User=0.03s Sys=0.00s Real=0.07s
[2020-09-11T18:52:28.961+0000][1][safepoint    ] Safepoint "GenCollectForAllocation", Time since last: 49825720 ns, Reaching safepoint: 609409 ns, At safepoint: 91220134 ns, Total: 91829543 ns
[2020-09-11T18:52:29.749+0000][1][safepoint    ] Safepoint "RevokeBias", Time since last: 788064726 ns, Reaching safepoint: 173229 ns, At safepoint: 12645 ns, Total: 185874 ns
[2020-09-11T18:52:30.752+0000][1][safepoint    ] Safepoint "Cleanup", Time since last: 1000107732 ns, Reaching safepoint: 2713210 ns, At safepoint: 13360 ns, Total: 2726570 ns
[2020-09-11T18:52:30.845+0000][1][gc,start     ] GC(271) Pause Young (Allocation Failure)
[2020-09-11T18:52:30.845+0000][1][gc,task      ] GC(271) Using 1 workers of 1 for evacuation
[2020-09-11T18:52:30.903+0000][1][gc,age       ] GC(271) Desired survivor size 4358144 bytes, new threshold 6 (max threshold 6)
[2020-09-11T18:52:30.904+0000][1][gc,age       ] GC(271) Age table with threshold 6 (max threshold 6)
[2020-09-11T18:52:30.904+0000][1][gc,age       ] GC(271) - age   1:     484880 bytes,     484880 total
[2020-09-11T18:52:30.904+0000][1][gc,heap      ] GC(271) ParNew: 76672K->6659K(76672K)
[2020-09-11T18:52:30.904+0000][1][gc,heap      ] GC(271) CMS: 172086K->180365K(2011968K)
[2020-09-11T18:52:30.904+0000][1][gc,metaspace ] GC(271) Metaspace: 98311K->98311K(1140736K)
[2020-09-11T18:52:30.904+0000][1][gc           ] GC(271) Pause Young (Allocation Failure) 242M->182M(2039M) 58.654ms
[2020-09-11T18:52:30.904+0000][1][gc,cpu       ] GC(271) User=0.03s Sys=0.00s Real=0.06s
[2020-09-11T18:52:30.917+0000][1][safepoint    ] Safepoint "GenCollectForAllocation", Time since last: 92911867 ns, Reaching safepoint: 160684 ns, At safepoint: 71847521 ns, Total: 72008205 ns
[2020-09-11T18:52:31.925+0000][1][safepoint    ] Safepoint "Cleanup", Time since last: 1008047157 ns, Reaching safepoint: 109955 ns, At safepoint: 14912 ns, Total: 124867 ns
[2020-09-11T18:52:32.120+0000][1][safepoint    ] Safepoint "RevokeBias", Time since last: 194929354 ns, Reaching safepoint: 96128 ns, At safepoint: 25070 ns, Total: 121198 ns
[2020-09-11T18:52:32.947+0000][1][safepoint    ] Safepoint "RevokeBias", Time since last: 826925456 ns, Reaching safepoint: 226170 ns, At safepoint: 286944 ns, Total: 513114 ns
[2020-09-11T18:52:32.952+0000][1][safepoint    ] Safepoint "RevokeBias", Time since last: 3973631 ns, Reaching safepoint: 89739 ns, At safepoint: 21921 ns, Total: 111660 ns
[2020-09-11T18:52:35.952+0000][1][safepoint    ] Safepoint "Cleanup", Time since last: 3000313604 ns, Reaching safepoint: 98539 ns, At safepoint: 11014 ns, Total: 109553 ns
[2020-09-11T18:52:37.955+0000][1][safepoint    ] Safepoint "RevokeBias", Time since last: 2003089002 ns, Reaching safepoint: 89111 ns, At safepoint: 24843 ns, Total: 113954 ns
[2020-09-11T18:52:37.961+0000][1][safepoint    ] Safepoint "RevokeBias", Time since last: 5278002 ns, Reaching safepoint: 167595 ns, At safepoint: 23480 ns, Total: 191075 ns
[2020-09-11T18:52:38.961+0000][1][safepoint    ] Safepoint "Cleanup", Time since last: 1000125913 ns, Reaching safepoint: 90783 ns, At safepoint: 8213 ns, Total: 98996 ns
[2020-09-11T18:52:40.057+0000][1][gc,start     ] GC(272) Pause Young (Allocation Failure)
[2020-09-11T18:52:40.057+0000][1][gc,task      ] GC(272) Using 1 workers of 1 for evacuation
[2020-09-11T18:52:40.084+0000][1][gc,age       ] GC(272) Desired survivor size 4358144 bytes, new threshold 6 (max threshold 6)
[2020-09-11T18:52:40.084+0000][1][gc,age       ] GC(272) Age table with threshold 6 (max threshold 6)
[2020-09-11T18:52:40.084+0000][1][gc,age       ] GC(272) - age   1:     275632 bytes,     275632 total
[2020-09-11T18:52:40.084+0000][1][gc,age       ] GC(272) - age   2:     254480 bytes,     530112 total
[2020-09-11T18:52:40.084+0000][1][gc,heap      ] GC(272) ParNew: 74819K->1753K(76672K)
[2020-09-11T18:52:40.084+0000][1][gc,heap      ] GC(272) CMS: 180365K->180365K(2011968K)
[2020-09-11T18:52:40.084+0000][1][gc,metaspace ] GC(272) Metaspace: 98313K->98313K(1140736K)
[2020-09-11T18:52:40.084+0000][1][gc           ] GC(272) Pause Young (Allocation Failure) 249M->177M(2039M) 27.031ms
[2020-09-11T18:52:40.084+0000][1][gc,cpu       ] GC(272) User=0.02s Sys=0.00s Real=0.03s
[2020-09-11T18:52:40.085+0000][1][safepoint    ] Safepoint "GenCollectForAllocation", Time since last: 1094640878 ns, Reaching safepoint: 1349779 ns, At safepoint: 27928219 ns, Total: 29277998 ns
[2020-09-11T18:52:41.090+0000][1][safepoint    ] Safepoint "Cleanup", Time since last: 1004864763 ns, Reaching safepoint: 96982 ns, At safepoint: 9700 ns, Total: 106682 ns
[2020-09-11T18:52:42.965+0000][1][safepoint    ] Safepoint "RevokeBias", Time since last: 1874697961 ns, Reaching safepoint: 224147 ns, At safepoint: 337198 ns, Total: 561345 ns
[2020-09-11T18:52:42.969+0000][1][safepoint    ] Safepoint "RevokeBias", Time since last: 3471471 ns, Reaching safepoint: 91352 ns, At safepoint: 25096 ns, Total: 116448 ns
[2020-09-11T18:52:43.134+0000][1][safepoint    ] Safepoint "RevokeBias", Time since last: 164512760 ns, Reaching safepoint: 222300 ns, At safepoint: 283530 ns, Total: 505830 ns
[2020-09-11T18:52:47.973+0000][1][safepoint    ] Safepoint "RevokeBias", Time since last: 4839192622 ns, Reaching safepoint: 192158 ns, At safepoint: 32676 ns, Total: 224834 ns
[2020-09-11T18:52:47.980+0000][1][safepoint    ] Safepoint "RevokeBias", Time since last: 5977581 ns, Reaching safepoint: 232345 ns, At safepoint: 302226 ns, Total: 534571 ns
[2020-09-11T18:52:52.989+0000][1][safepoint    ] Safepoint "BulkRevokeBias", Time since last: 5008850796 ns, Reaching safepoint: 172548 ns, At safepoint: 277749 ns, Total: 450297 ns
[2020-09-11T18:52:52.995+0000][1][safepoint    ] Safepoint "RevokeBias", Time since last: 6060752 ns, Reaching safepoint: 89241 ns, At safepoint: 27224 ns, Total: 116465 ns
[2020-09-11T18:52:54.151+0000][1][safepoint    ] Safepoint "RevokeBias", Time since last: 1155745457 ns, Reaching safepoint: 94846 ns, At safepoint: 26607 ns, Total: 121453 ns
[2020-09-11T18:52:55.107+0000][1][gc,start     ] GC(273) Pause Young (Allocation Failure)
[2020-09-11T18:52:55.107+0000][1][gc,task      ] GC(273) Using 1 workers of 1 for evacuation
[2020-09-11T18:52:55.131+0000][1][gc,age       ] GC(273) Desired survivor size 4358144 bytes, new threshold 6 (max threshold 6)
[2020-09-11T18:52:55.131+0000][1][gc,age       ] GC(273) Age table with threshold 6 (max threshold 6)
[2020-09-11T18:52:55.131+0000][1][gc,age       ] GC(273) - age   1:     111808 bytes,     111808 total
[2020-09-11T18:52:55.131+0000][1][gc,age       ] GC(273) - age   2:     207312 bytes,     319120 total
[2020-09-11T18:52:55.131+0000][1][gc,age       ] GC(273) - age   3:     246896 bytes,     566016 total
[2020-09-11T18:52:55.131+0000][1][gc,heap      ] GC(273) ParNew: 69913K->567K(76672K)
[2020-09-11T18:52:55.131+0000][1][gc,heap      ] GC(273) CMS: 180365K->180365K(2011968K)
[2020-09-11T18:52:55.131+0000][1][gc,metaspace ] GC(273) Metaspace: 98321K->98321K(1140736K)
[2020-09-11T18:52:55.132+0000][1][gc           ] GC(273) Pause Young (Allocation Failure) 244M->176M(2039M) 24.299ms
[2020-09-11T18:52:55.132+0000][1][gc,cpu       ] GC(273) User=0.01s Sys=0.00s Real=0.02s
[2020-09-11T18:52:55.137+0000][1][safepoint    ] Safepoint "GenCollectForAllocation", Time since last: 956124450 ns, Reaching safepoint: 189698 ns, At safepoint: 29575728 ns, Total: 29765426 ns
[2020-09-11T18:52:56.140+0000][1][safepoint    ] Safepoint "Cleanup", Time since last: 1002786682 ns, Reaching safepoint: 94794 ns, At safepoint: 22197 ns, Total: 116991 ns
[2020-09-11T18:52:56.985+0000][1][safepoint    ] Safepoint "ICBufferFull", Time since last: 845092674 ns, Reaching safepoint: 269009 ns, At safepoint: 12028 ns, Total: 281037 ns
[2020-09-11T18:52:57.985+0000][1][safepoint    ] Safepoint "Cleanup", Time since last: 1000114462 ns, Reaching safepoint: 114972 ns, At safepoint: 11536 ns, Total: 126508 ns
[2020-09-11T18:52:58.000+0000][1][safepoint    ] Safepoint "RevokeBias", Time since last: 14017045 ns, Reaching safepoint: 170283 ns, At safepoint: 26240 ns, Total: 196523 ns
[2020-09-11T18:52:58.007+0000][1][safepoint    ] Safepoint "RevokeBias", Time since last: 7153700 ns, Reaching safepoint: 91641 ns, At safepoint: 27005 ns, Total: 118646 ns
[2020-09-11T18:52:59.007+0000][1][safepoint    ] Safepoint "Cleanup", Time since last: 1000116676 ns, Reaching safepoint: 85754 ns, At safepoint: 9431 ns, Total: 95185 ns
[2020-09-11T18:53:00.007+0000][1][safepoint    ] Safepoint "Cleanup", Time since last: 1000116679 ns, Reaching safepoint: 88885 ns, At safepoint: 9212 ns, Total: 98097 ns
[2020-09-11T18:53:01.865+0000][1][safepoint    ] Safepoint "Cleanup", Time since last: 1857735525 ns, Reaching safepoint: 109316 ns, At safepoint: 9764 ns, Total: 119080 ns
[2020-09-11T18:53:02.865+0000][1][safepoint    ] Safepoint "Cleanup", Time since last: 1000114105 ns, Reaching safepoint: 86225 ns, At safepoint: 9549 ns, Total: 95774 ns
[2020-09-11T18:53:03.022+0000][1][safepoint    ] Safepoint "RevokeBias", Time since last: 156494035 ns, Reaching safepoint: 93389 ns, At safepoint: 26077 ns, Total: 119466 ns
[2020-09-11T18:53:03.025+0000][1][safepoint    ] Safepoint "RevokeBias", Time since last: 2774613 ns, Reaching safepoint: 230315 ns, At safepoint: 252685 ns, Total: 483000 ns
[2020-09-11T18:53:04.025+0000][1][safepoint    ] Safepoint "Cleanup", Time since last: 1000113553 ns, Reaching safepoint: 88764 ns, At safepoint: 9392 ns, Total: 98156 ns
[2020-09-11T18:53:05.026+0000][1][safepoint    ] Safepoint "Cleanup", Time since last: 1000114484 ns, Reaching safepoint: 86856 ns, At safepoint: 8714 ns, Total: 95570 ns
[2020-09-11T18:53:05.168+0000][1][safepoint    ] Safepoint "RevokeBias", Time since last: 142400302 ns, Reaching safepoint: 171523 ns, At safepoint: 26270 ns, Total: 197793 ns
[2020-09-11T18:53:06.168+0000][1][safepoint    ] Safepoint "Cleanup", Time since last: 1000112966 ns, Reaching safepoint: 87057 ns, At safepoint: 9728 ns, Total: 96785 ns
[2020-09-11T18:53:07.169+0000][1][safepoint    ] Safepoint "Cleanup", Time since last: 1000107405 ns, Reaching safepoint: 88188 ns, At safepoint: 8334 ns, Total: 96522 ns
[2020-09-11T18:53:08.029+0000][1][safepoint    ] Safepoint "RevokeBias", Time since last: 860221588 ns, Reaching safepoint: 86248 ns, At safepoint: 24783 ns, Total: 111031 ns
[2020-09-11T18:53:08.032+0000][1][safepoint    ] Safepoint "RevokeBias", Time since last: 3238043 ns, Reaching safepoint: 89206 ns, At safepoint: 22731 ns, Total: 111937 ns
[2020-09-11T18:53:09.032+0000][1][safepoint    ] Safepoint "Cleanup", Time since last: 1000108833 ns, Reaching safepoint: 89114 ns, At safepoint: 10128 ns, Total: 99242 ns
[2020-09-11T18:53:10.033+0000][1][safepoint    ] Safepoint "Cleanup", Time since last: 1000133147 ns, Reaching safepoint: 87794 ns, At safepoint: 9381 ns, Total: 97175 ns
[2020-09-11T18:53:11.033+0000][1][safepoint    ] Safepoint "Cleanup", Time since last: 1000140315 ns, Reaching safepoint: 91309 ns, At safepoint: 9312 ns, Total: 100621 ns
[2020-09-11T18:53:12.033+0000][1][safepoint    ] Safepoint "Cleanup", Time since last: 1000099996 ns, Reaching safepoint: 87480 ns, At safepoint: 8654 ns, Total: 96134 ns
[2020-09-11T18:53:13.033+0000][1][safepoint    ] Safepoint "Cleanup", Time since last: 1000116369 ns, Reaching safepoint: 86960 ns, At safepoint: 10056 ns, Total: 97016 ns
[2020-09-11T18:53:13.036+0000][1][safepoint    ] Safepoint "RevokeBias", Time since last: 2620852 ns, Reaching safepoint: 221100 ns, At safepoint: 291436 ns, Total: 512536 ns
[2020-09-11T18:53:13.040+0000][1][safepoint    ] Safepoint "RevokeBias", Time since last: 3415677 ns, Reaching safepoint: 167201 ns, At safepoint: 23906 ns, Total: 191107 ns
[2020-09-11T18:53:14.040+0000][1][safepoint    ] Safepoint "Cleanup", Time since last: 1000110301 ns, Reaching safepoint: 87705 ns, At safepoint: 9447 ns, Total: 97152 ns
[2020-09-11T18:53:15.041+0000][1][safepoint    ] Safepoint "Cleanup", Time since last: 1000112325 ns, Reaching safepoint: 88625 ns, At safepoint: 9237 ns, Total: 97862 ns
[2020-09-11T18:53:16.041+0000][1][safepoint    ] Safepoint "Cleanup", Time since last: 1000107949 ns, Reaching safepoint: 87554 ns, At safepoint: 8854 ns, Total: 96408 ns
[2020-09-11T18:53:16.182+0000][1][safepoint    ] Safepoint "RevokeBias", Time since last: 141214585 ns, Reaching safepoint: 225022 ns, At safepoint: 289916 ns, Total: 514938 ns
[2020-09-11T18:53:17.062+0000][1][gc,start     ] GC(274) Pause Young (Allocation Failure)
[2020-09-11T18:53:17.062+0000][1][gc,task      ] GC(274) Using 1 workers of 1 for evacuation
[2020-09-11T18:53:17.089+0000][1][gc,age       ] GC(274) Desired survivor size 4358144 bytes, new threshold 6 (max threshold 6)
[2020-09-11T18:53:17.089+0000][1][gc,age       ] GC(274) Age table with threshold 6 (max threshold 6)
[2020-09-11T18:53:17.089+0000][1][gc,age       ] GC(274) - age   1:     140408 bytes,     140408 total
[2020-09-11T18:53:17.089+0000][1][gc,age       ] GC(274) - age   2:      30672 bytes,     171080 total
[2020-09-11T18:53:17.089+0000][1][gc,age       ] GC(274) - age   3:     192416 bytes,     363496 total
[2020-09-11T18:53:17.089+0000][1][gc,age       ] GC(274) - age   4:     246896 bytes,     610392 total
[2020-09-11T18:53:17.090+0000][1][gc,heap      ] GC(274) ParNew: 68727K->1113K(76672K)
[2020-09-11T18:53:17.090+0000][1][gc,heap      ] GC(274) CMS: 180365K->180365K(2011968K)
[2020-09-11T18:53:17.090+0000][1][gc,metaspace ] GC(274) Metaspace: 98327K->98327K(1140736K)
[2020-09-11T18:53:17.090+0000][1][gc           ] GC(274) Pause Young (Allocation Failure) 243M->177M(2039M) 27.846ms
[2020-09-11T18:53:17.090+0000][1][gc,cpu       ] GC(274) User=0.02s Sys=0.00s Real=0.02s
[2020-09-11T18:53:17.090+0000][1][safepoint    ] Safepoint "GenCollectForAllocation", Time since last: 879168246 ns, Reaching safepoint: 86140 ns, At safepoint: 27915009 ns, Total: 28001149 ns
[2020-09-11T18:53:18.048+0000][1][safepoint    ] Safepoint "RevokeBias", Time since last: 958651844 ns, Reaching safepoint: 116022 ns, At safepoint: 45419 ns, Total: 161441 ns
[2020-09-11T18:53:18.051+0000][1][safepoint    ] Safepoint "RevokeBias", Time since last: 2884984 ns, Reaching safepoint: 87686 ns, At safepoint: 34844 ns, Total: 122530 ns
[2020-09-11T18:53:19.052+0000][1][safepoint    ] Safepoint "Cleanup", Time since last: 1000398327 ns, Reaching safepoint: 93150 ns, At safepoint: 10374 ns, Total: 103524 ns
[2020-09-11T18:53:20.052+0000][1][safepoint    ] Safepoint "Cleanup", Time since last: 1000115517 ns, Reaching safepoint: 87793 ns, At safepoint: 8758 ns, Total: 96551 ns
[2020-09-11T18:53:21.052+0000][1][safepoint    ] Safepoint "Cleanup", Time since last: 1000110029 ns, Reaching safepoint: 103323 ns, At safepoint: 10425 ns, Total: 113748 ns
[2020-09-11T18:53:22.053+0000][1][safepoint    ] Safepoint "Cleanup", Time since last: 1000131082 ns, Reaching safepoint: 96029 ns, At safepoint: 10118 ns, Total: 106147 ns
[2020-09-11T18:53:23.053+0000][1][safepoint    ] Safepoint "Cleanup", Time since last: 1000116498 ns, Reaching safepoint: 109974 ns, At safepoint: 8401 ns, Total: 118375 ns
[2020-09-11T18:53:23.060+0000][1][safepoint    ] Safepoint "RevokeBias", Time since last: 7054056 ns, Reaching safepoint: 94799 ns, At safepoint: 26763 ns, Total: 121562 ns
[2020-09-11T18:53:23.063+0000][1][safepoint    ] Safepoint "RevokeBias", Time since last: 2778650 ns, Reaching safepoint: 221721 ns, At safepoint: 275606 ns, Total: 497327 ns
[2020-09-11T18:53:24.064+0000][1][safepoint    ] Safepoint "Cleanup", Time since last: 1000114069 ns, Reaching safepoint: 85989 ns, At safepoint: 9212 ns, Total: 95201 ns
[2020-09-11T18:53:25.064+0000][1][safepoint    ] Safepoint "Cleanup", Time since last: 1000113067 ns, Reaching safepoint: 90438 ns, At safepoint: 9862 ns, Total: 100300 ns
[2020-09-11T18:53:26.064+0000][1][safepoint    ] Safepoint "Cleanup", Time since last: 1000111810 ns, Reaching safepoint: 88787 ns, At safepoint: 10218 ns, Total: 99005 ns
[2020-09-11T18:53:27.064+0000][1][safepoint    ] Safepoint "Cleanup", Time since last: 1000117522 ns, Reaching safepoint: 107016 ns, At safepoint: 10675 ns, Total: 117691 ns
[2020-09-11T18:53:27.197+0000][1][safepoint    ] Safepoint "RevokeBias", Time since last: 132975680 ns, Reaching safepoint: 86453 ns, At safepoint: 22030 ns, Total: 108483 ns
[2020-09-11T18:53:28.075+0000][1][safepoint    ] Safepoint "RevokeBias", Time since last: 877133232 ns, Reaching safepoint: 97174 ns, At safepoint: 26386 ns, Total: 123560 ns
[2020-09-11T18:53:28.093+0000][1][safepoint    ] Safepoint "RevokeBias", Time since last: 18486407 ns, Reaching safepoint: 88788 ns, At safepoint: 28652 ns, Total: 117440 ns
[2020-09-11T18:53:28.498+0000][1][gc,start     ] GC(275) Pause Young (Allocation Failure)
[2020-09-11T18:53:28.498+0000][1][gc,task      ] GC(275) Using 1 workers of 1 for evacuation
[2020-09-11T18:53:28.527+0000][1][gc,age       ] GC(275) Desired survivor size 4358144 bytes, new threshold 6 (max threshold 6)
[2020-09-11T18:53:28.527+0000][1][gc,age       ] GC(275) Age table with threshold 6 (max threshold 6)
[2020-09-11T18:53:28.527+0000][1][gc,age       ] GC(275) - age   1:     167832 bytes,     167832 total
[2020-09-11T18:53:28.527+0000][1][gc,age       ] GC(275) - age   2:      44744 bytes,     212576 total
[2020-09-11T18:53:28.527+0000][1][gc,age       ] GC(275) - age   3:      20680 bytes,     233256 total
[2020-09-11T18:53:28.527+0000][1][gc,age       ] GC(275) - age   4:     186064 bytes,     419320 total
[2020-09-11T18:53:28.527+0000][1][gc,age       ] GC(275) - age   5:     246896 bytes,     666216 total
[2020-09-11T18:53:28.527+0000][1][gc,heap      ] GC(275) ParNew: 69273K->894K(76672K)
[2020-09-11T18:53:28.527+0000][1][gc,heap      ] GC(275) CMS: 180365K->180365K(2011968K)
[2020-09-11T18:53:28.527+0000][1][gc,metaspace ] GC(275) Metaspace: 98327K->98327K(1140736K)
[2020-09-11T18:53:28.527+0000][1][gc           ] GC(275) Pause Young (Allocation Failure) 243M->177M(2039M) 28.278ms
[2020-09-11T18:53:28.527+0000][1][gc,cpu       ] GC(275) User=0.01s Sys=0.00s Real=0.03s
[2020-09-11T18:53:28.529+0000][1][safepoint    ] Safepoint "GenCollectForAllocation", Time since last: 404576999 ns, Reaching safepoint: 675982 ns, At safepoint: 30443524 ns, Total: 31119506 ns
[2020-09-11T18:53:29.537+0000][1][safepoint    ] Safepoint "Cleanup", Time since last: 1008033205 ns, Reaching safepoint: 92522 ns, At safepoint: 10622 ns, Total: 103144 ns
[2020-09-11T18:53:30.537+0000][1][safepoint    ] Safepoint "Cleanup", Time since last: 1000112885 ns, Reaching safepoint: 88155 ns, At safepoint: 9690 ns, Total: 97845 ns
[2020-09-11T18:53:31.537+0000][1][safepoint    ] Safepoint "Cleanup", Time since last: 1000116044 ns, Reaching safepoint: 89600 ns, At safepoint: 10015 ns, Total: 99615 ns
[2020-09-11T18:53:32.538+0000][1][safepoint    ] Safepoint "Cleanup", Time since last: 1000115564 ns, Reaching safepoint: 89684 ns, At safepoint: 9722 ns, Total: 99406 ns
[2020-09-11T18:53:33.099+0000][1][safepoint    ] Safepoint "RevokeBias", Time since last: 561132396 ns, Reaching safepoint: 174092 ns, At safepoint: 26313 ns, Total: 200405 ns
[2020-09-11T18:53:33.102+0000][1][safepoint    ] Safepoint "RevokeBias", Time since last: 2754910 ns, Reaching safepoint: 213698 ns, At safepoint: 251248 ns, Total: 464946 ns
[2020-09-11T18:53:34.102+0000][1][safepoint    ] Safepoint "Cleanup", Time since last: 1000112304 ns, Reaching safepoint: 106904 ns, At safepoint: 9898 ns, Total: 116802 ns
[2020-09-11T18:53:35.103+0000][1][safepoint    ] Safepoint "Cleanup", Time since last: 1000113079 ns, Reaching safepoint: 88386 ns, At safepoint: 10212 ns, Total: 98598 ns
[2020-09-11T18:53:36.115+0000][1][safepoint    ] Safepoint "Cleanup", Time since last: 1012310242 ns, Reaching safepoint: 87765 ns, At safepoint: 9873 ns, Total: 97638 ns
[2020-09-11T18:53:38.106+0000][1][safepoint    ] Safepoint "RevokeBias", Time since last: 1991283074 ns, Reaching safepoint: 96343 ns, At safepoint: 38728 ns, Total: 135071 ns
[2020-09-11T18:53:38.109+0000][1][safepoint    ] Safepoint "RevokeBias", Time since last: 2779135 ns, Reaching safepoint: 82854 ns, At safepoint: 21734 ns, Total: 104588 ns
[2020-09-11T18:53:38.222+0000][1][safepoint    ] Safepoint "RevokeBias", Time since last: 112874625 ns, Reaching safepoint: 95875 ns, At safepoint: 24965 ns, Total: 120840 ns
[2020-09-11T18:53:40.501+0000][1][safepoint    ] Safepoint "Cleanup", Time since last: 2278691039 ns, Reaching safepoint: 93643 ns, At safepoint: 9781 ns, Total: 103424 ns
[2020-09-11T18:53:43.113+0000][1][safepoint    ] Safepoint "RevokeBias", Time since last: 2611639237 ns, Reaching safepoint: 227092 ns, At safepoint: 290249 ns, Total: 517341 ns
[2020-09-11T18:53:43.117+0000][1][safepoint    ] Safepoint "RevokeBias", Time since last: 3248637 ns, Reaching safepoint: 181997 ns, At safepoint: 24797 ns, Total: 206794 ns
[2020-09-11T18:53:45.341+0000][1][gc,start     ] GC(276) Pause Young (Allocation Failure)
[2020-09-11T18:53:45.341+0000][1][gc,task      ] GC(276) Using 1 workers of 1 for evacuation
[2020-09-11T18:53:45.365+0000][1][gc,age       ] GC(276) Desired survivor size 4358144 bytes, new threshold 6 (max threshold 6)
[2020-09-11T18:53:45.365+0000][1][gc,age       ] GC(276) Age table with threshold 6 (max threshold 6)
[2020-09-11T18:53:45.365+0000][1][gc,age       ] GC(276) - age   1:     152992 bytes,     152992 total
[2020-09-11T18:53:45.365+0000][1][gc,age       ] GC(276) - age   2:      34720 bytes,     187712 total
[2020-09-11T18:53:45.365+0000][1][gc,age       ] GC(276) - age   3:      37416 bytes,     225128 total
[2020-09-11T18:53:45.365+0000][1][gc,age       ] GC(276) - age   4:      20120 bytes,     245248 total
[2020-09-11T18:53:45.366+0000][1][gc,age       ] GC(276) - age   5:     185520 bytes,     430768 total
[2020-09-11T18:53:45.366+0000][1][gc,age       ] GC(276) - age   6:     246896 bytes,     677664 total
[2020-09-11T18:53:45.366+0000][1][gc,heap      ] GC(276) ParNew: 69054K->1015K(76672K)
[2020-09-11T18:53:45.366+0000][1][gc,heap      ] GC(276) CMS: 180365K->180365K(2011968K)
[2020-09-11T18:53:45.366+0000][1][gc,metaspace ] GC(276) Metaspace: 98331K->98331K(1140736K)
[2020-09-11T18:53:45.366+0000][1][gc           ] GC(276) Pause Young (Allocation Failure) 243M->177M(2039M) 24.594ms
[2020-09-11T18:53:45.366+0000][1][gc,cpu       ] GC(276) User=0.01s Sys=0.00s Real=0.02s
[2020-09-11T18:53:45.366+0000][1][safepoint    ] Safepoint "GenCollectForAllocation", Time since last: 2224129137 ns, Reaching safepoint: 166423 ns, At safepoint: 24693367 ns, Total: 24859790 ns
[2020-09-11T18:53:46.929+0000][1][safepoint    ] Safepoint "Cleanup", Time since last: 1563438787 ns, Reaching safepoint: 94555 ns, At safepoint: 9065 ns, Total: 103620 ns
[2020-09-11T18:53:48.124+0000][1][safepoint    ] Safepoint "RevokeBias", Time since last: 1194348214 ns, Reaching safepoint: 90880 ns, At safepoint: 25573 ns, Total: 116453 ns
[2020-09-11T18:53:48.127+0000][1][safepoint    ] Safepoint "RevokeBias", Time since last: 3308904 ns, Reaching safepoint: 90000 ns, At safepoint: 22869 ns, Total: 112869 ns
[2020-09-11T18:53:49.237+0000][1][safepoint    ] Safepoint "RevokeBias", Time since last: 1110023882 ns, Reaching safepoint: 111649 ns, At safepoint: 25397 ns, Total: 137046 ns
[2020-09-11T18:53:50.237+0000][1][safepoint    ] Safepoint "Cleanup", Time since last: 1000107393 ns, Reaching safepoint: 101020 ns, At safepoint: 9469 ns, Total: 110489 ns
[2020-09-11T18:53:52.238+0000][1][safepoint    ] Safepoint "Cleanup", Time since last: 2000306827 ns, Reaching safepoint: 124542 ns, At safepoint: 8686 ns, Total: 133228 ns
[2020-09-11T18:53:53.136+0000][1][safepoint    ] Safepoint "RevokeBias", Time since last: 898227683 ns, Reaching safepoint: 172532 ns, At safepoint: 25970 ns, Total: 198502 ns
[2020-09-11T18:53:53.140+0000][1][safepoint    ] Safepoint "RevokeBias", Time since last: 2928530 ns, Reaching safepoint: 218982 ns, At safepoint: 298221 ns, Total: 517203 ns
[2020-09-11T18:53:55.140+0000][1][safepoint    ] Safepoint "Cleanup", Time since last: 2000186632 ns, Reaching safepoint: 101757 ns, At safepoint: 10185 ns, Total: 111942 ns
[2020-09-11T18:53:55.640+0000][1][safepoint    ] Safepoint "RevokeBias", Time since last: 499341394 ns, Reaching safepoint: 160756 ns, At safepoint: 24675 ns, Total: 185431 ns
[2020-09-11T18:53:55.640+0000][1][safepoint    ] Safepoint "RevokeBias", Time since last: 96286 ns, Reaching safepoint: 135584 ns, At safepoint: 17230 ns, Total: 152814 ns
[2020-09-11T18:53:55.640+0000][1][safepoint    ] Safepoint "RevokeBias", Time since last: 89859 ns, Reaching safepoint: 130227 ns, At safepoint: 15333 ns, Total: 145560 ns
[2020-09-11T18:53:55.640+0000][1][safepoint    ] Safepoint "RevokeBias", Time since last: 49581 ns, Reaching safepoint: 121529 ns, At safepoint: 14163 ns, Total: 135692 ns
[2020-09-11T18:53:55.657+0000][1][safepoint    ] Safepoint "RevokeBias", Time since last: 13768884 ns, Reaching safepoint: 2805857 ns, At safepoint: 40114 ns, Total: 2845971 ns
[2020-09-11T18:53:55.683+0000][1][safepoint    ] Safepoint "RevokeBias", Time since last: 21189982 ns, Reaching safepoint: 4821006 ns, At safepoint: 26725 ns, Total: 4847731 ns
[2020-09-11T18:53:55.695+0000][1][safepoint    ] Safepoint "RevokeBias", Time since last: 12131207 ns, Reaching safepoint: 161190 ns, At safepoint: 25559 ns, Total: 186749 ns
[2020-09-11T18:53:55.697+0000][1][safepoint    ] Safepoint "RevokeBias", Time since last: 906737 ns, Reaching safepoint: 357822 ns, At safepoint: 19979 ns, Total: 377801 ns
[2020-09-11T18:53:55.708+0000][1][safepoint    ] Safepoint "RevokeBias", Time since last: 9784248 ns, Reaching safepoint: 1385611 ns, At safepoint: 34484 ns, Total: 1420095 ns
[2020-09-11T18:53:56.121+0000][1][gc,start     ] GC(277) Pause Young (Allocation Failure)
[2020-09-11T18:53:56.121+0000][1][gc,task      ] GC(277) Using 1 workers of 1 for evacuation
[2020-09-11T18:53:56.175+0000][1][gc,age       ] GC(277) Desired survivor size 4358144 bytes, new threshold 6 (max threshold 6)
[2020-09-11T18:53:56.175+0000][1][gc,age       ] GC(277) Age table with threshold 6 (max threshold 6)
[2020-09-11T18:53:56.175+0000][1][gc,age       ] GC(277) - age   1:     606872 bytes,     606872 total
[2020-09-11T18:53:56.175+0000][1][gc,age       ] GC(277) - age   2:      33336 bytes,     640208 total
[2020-09-11T18:53:56.175+0000][1][gc,age       ] GC(277) - age   3:      32688 bytes,     672896 total
[2020-09-11T18:53:56.175+0000][1][gc,age       ] GC(277) - age   4:      36112 bytes,     709008 total
[2020-09-11T18:53:56.175+0000][1][gc,age       ] GC(277) - age   5:      18352 bytes,     727360 total
[2020-09-11T18:53:56.175+0000][1][gc,age       ] GC(277) - age   6:     185488 bytes,     912848 total
[2020-09-11T18:53:56.175+0000][1][gc,heap      ] GC(277) ParNew: 68807K->1048K(76672K)
[2020-09-11T18:53:56.175+0000][1][gc,heap      ] GC(277) CMS: 180365K->180607K(2011968K)
[2020-09-11T18:53:56.175+0000][1][gc,metaspace ] GC(277) Metaspace: 98389K->98389K(1140736K)
[2020-09-11T18:53:56.175+0000][1][gc           ] GC(277) Pause Young (Allocation Failure) 243M->177M(2039M) 54.073ms
[2020-09-11T18:53:56.175+0000][1][gc,cpu       ] GC(277) User=0.02s Sys=0.00s Real=0.05s
[2020-09-11T18:53:56.197+0000][1][safepoint    ] Safepoint "GenCollectForAllocation", Time since last: 413301333 ns, Reaching safepoint: 189294 ns, At safepoint: 75558206 ns, Total: 75747500 ns
[2020-09-11T18:53:56.238+0000][1][safepoint    ] Safepoint "RevokeBias", Time since last: 40918520 ns, Reaching safepoint: 164943 ns, At safepoint: 19412 ns, Total: 184355 ns
[2020-09-11T18:53:56.696+0000][1][safepoint    ] Safepoint "RevokeBias", Time since last: 458061538 ns, Reaching safepoint: 92608 ns, At safepoint: 10471 ns, Total: 103079 ns
[2020-09-11T18:53:56.697+0000][1][safepoint    ] Safepoint "RevokeBias", Time since last: 950567 ns, Reaching safepoint: 75862 ns, At safepoint: 7744 ns, Total: 83606 ns
[2020-09-11T18:53:56.697+0000][1][safepoint    ] Safepoint "RevokeBias", Time since last: 48969 ns, Reaching safepoint: 47507 ns, At safepoint: 5544 ns, Total: 53051 ns
[2020-09-11T18:53:56.697+0000][1][safepoint    ] Safepoint "RevokeBias", Time since last: 71552 ns, Reaching safepoint: 45501 ns, At safepoint: 5377 ns, Total: 50878 ns
[2020-09-11T18:53:56.698+0000][1][safepoint    ] Safepoint "RevokeBias", Time since last: 274043 ns, Reaching safepoint: 47477 ns, At safepoint: 19618 ns, Total: 67095 ns
[2020-09-11T18:53:56.698+0000][1][safepoint    ] Safepoint "RevokeBias", Time since last: 229608 ns, Reaching safepoint: 43456 ns, At safepoint: 14825 ns, Total: 58281 ns
[2020-09-11T18:53:56.701+0000][1][safepoint    ] Safepoint "RevokeBias", Time since last: 2915433 ns, Reaching safepoint: 63298 ns, At safepoint: 18057 ns, Total: 81355 ns
[2020-09-11T18:53:56.701+0000][1][safepoint    ] Safepoint "RevokeBias", Time since last: 162433 ns, Reaching safepoint: 44396 ns, At safepoint: 15179 ns, Total: 59575 ns
[2020-09-11T18:53:56.701+0000][1][safepoint    ] Safepoint "RevokeBias", Time since last: 223486 ns, Reaching safepoint: 43396 ns, At safepoint: 13677 ns, Total: 57073 ns
[2020-09-11T18:53:58.148+0000][1][safepoint    ] Safepoint "BulkRevokeBias", Time since last: 1446453645 ns, Reaching safepoint: 179437 ns, At safepoint: 250826 ns, Total: 430263 ns
[2020-09-11T18:53:58.151+0000][1][safepoint    ] Safepoint "RevokeBias", Time since last: 2833404 ns, Reaching safepoint: 85300 ns, At safepoint: 21771 ns, Total: 107071 ns
[2020-09-11T18:53:59.152+0000][1][safepoint    ] Safepoint "Cleanup", Time since last: 1000112316 ns, Reaching safepoint: 94523 ns, At safepoint: 10355 ns, Total: 104878 ns
[2020-09-11T18:54:00.254+0000][1][safepoint    ] Safepoint "RevokeBias", Time since last: 1102391007 ns, Reaching safepoint: 92075 ns, At safepoint: 26354 ns, Total: 118429 ns
[2020-09-11T18:54:03.159+0000][1][safepoint    ] Safepoint "RevokeBias", Time since last: 2904861732 ns, Reaching safepoint: 84701 ns, At safepoint: 21854 ns, Total: 106555 ns
[2020-09-11T18:54:03.170+0000][1][safepoint    ] Safepoint "RevokeBias", Time since last: 11036786 ns, Reaching safepoint: 99378 ns, At safepoint: 23396 ns, Total: 122774 ns
[2020-09-11T18:54:05.170+0000][1][safepoint    ] Safepoint "Cleanup", Time since last: 2000180790 ns, Reaching safepoint: 90987 ns, At safepoint: 8917 ns, Total: 99904 ns
[2020-09-11T18:54:05.193+0000][1][gc,start     ] GC(278) Pause Young (Allocation Failure)
[2020-09-11T18:54:05.193+0000][1][gc,task      ] GC(278) Using 1 workers of 1 for evacuation
[2020-09-11T18:54:05.225+0000][1][gc,age       ] GC(278) Desired survivor size 4358144 bytes, new threshold 6 (max threshold 6)
[2020-09-11T18:54:05.225+0000][1][gc,age       ] GC(278) Age table with threshold 6 (max threshold 6)
[2020-09-11T18:54:05.225+0000][1][gc,age       ] GC(278) - age   1:     368576 bytes,     368576 total
[2020-09-11T18:54:05.225+0000][1][gc,age       ] GC(278) - age   2:      52336 bytes,     420912 total
[2020-09-11T18:54:05.225+0000][1][gc,age       ] GC(278) - age   3:      26560 bytes,     447472 total
[2020-09-11T18:54:05.225+0000][1][gc,age       ] GC(278) - age   4:      30576 bytes,     478048 total
[2020-09-11T18:54:05.225+0000][1][gc,age       ] GC(278) - age   5:      33952 bytes,     512000 total
[2020-09-11T18:54:05.225+0000][1][gc,age       ] GC(278) - age   6:      18352 bytes,     530352 total
[2020-09-11T18:54:05.225+0000][1][gc,heap      ] GC(278) ParNew: 69208K->799K(76672K)
[2020-09-11T18:54:05.225+0000][1][gc,heap      ] GC(278) CMS: 180607K->180790K(2011968K)
[2020-09-11T18:54:05.225+0000][1][gc,metaspace ] GC(278) Metaspace: 98450K->98450K(1140736K)
[2020-09-11T18:54:05.225+0000][1][gc           ] GC(278) Pause Young (Allocation Failure) 243M->177M(2039M) 31.778ms
[2020-09-11T18:54:05.225+0000][1][gc,cpu       ] GC(278) User=0.02s Sys=0.00s Real=0.03s
[2020-09-11T18:54:05.225+0000][1][safepoint    ] Safepoint "GenCollectForAllocation", Time since last: 22615158 ns, Reaching safepoint: 163928 ns, At safepoint: 31865049 ns, Total: 32028977 ns
[2020-09-11T18:54:08.198+0000][1][safepoint    ] Safepoint "RevokeBias", Time since last: 2973259654 ns, Reaching safepoint: 91003 ns, At safepoint: 25055 ns, Total: 116058 ns
[2020-09-11T18:54:08.202+0000][1][safepoint    ] Safepoint "RevokeBias", Time since last: 3358068 ns, Reaching safepoint: 92045 ns, At safepoint: 22212 ns, Total: 114257 ns
[2020-09-11T18:54:09.202+0000][1][safepoint    ] Safepoint "Cleanup", Time since last: 1000116482 ns, Reaching safepoint: 98838 ns, At safepoint: 10607 ns, Total: 109445 ns
[2020-09-11T18:54:11.272+0000][1][safepoint    ] Safepoint "RevokeBias", Time since last: 2069323325 ns, Reaching safepoint: 90629 ns, At safepoint: 25421 ns, Total: 116050 ns
[2020-09-11T18:54:13.206+0000][1][safepoint    ] Safepoint "RevokeBias", Time since last: 1934391666 ns, Reaching safepoint: 179274 ns, At safepoint: 33186 ns, Total: 212460 ns
[2020-09-11T18:54:13.210+0000][1][safepoint    ] Safepoint "RevokeBias", Time since last: 2783967 ns, Reaching safepoint: 222221 ns, At safepoint: 323033 ns, Total: 545254 ns
[2020-09-11T18:54:15.055+0000][1][safepoint    ] Safepoint "RevokeBias", Time since last: 1845220516 ns, Reaching safepoint: 232425 ns, At safepoint: 14285 ns, Total: 246710 ns
[2020-09-11T18:54:18.055+0000][1][safepoint    ] Safepoint "Cleanup", Time since last: 3000265705 ns, Reaching safepoint: 94968 ns, At safepoint: 10202 ns, Total: 105170 ns
[2020-09-11T18:54:18.220+0000][1][safepoint    ] Safepoint "RevokeBias", Time since last: 164160231 ns, Reaching safepoint: 175116 ns, At safepoint: 27794 ns, Total: 202910 ns
[2020-09-11T18:54:18.223+0000][1][safepoint    ] Safepoint "RevokeBias", Time since last: 2776997 ns, Reaching safepoint: 213370 ns, At safepoint: 250649 ns, Total: 464019 ns
[2020-09-11T18:54:18.693+0000][1][gc,start     ] GC(279) Pause Young (Allocation Failure)
[2020-09-11T18:54:18.693+0000][1][gc,task      ] GC(279) Using 1 workers of 1 for evacuation
[2020-09-11T18:54:18.722+0000][1][gc,age       ] GC(279) Desired survivor size 4358144 bytes, new threshold 6 (max threshold 6)
[2020-09-11T18:54:18.722+0000][1][gc,age       ] GC(279) Age table with threshold 6 (max threshold 6)
[2020-09-11T18:54:18.722+0000][1][gc,age       ] GC(279) - age   1:     221488 bytes,     221488 total
[2020-09-11T18:54:18.722+0000][1][gc,age       ] GC(279) - age   2:     234480 bytes,     455968 total
[2020-09-11T18:54:18.722+0000][1][gc,age       ] GC(279) - age   3:      48768 bytes,     504736 total
[2020-09-11T18:54:18.722+0000][1][gc,age       ] GC(279) - age   4:      25456 bytes,     530192 total
[2020-09-11T18:54:18.722+0000][1][gc,age       ] GC(279) - age   5:      22896 bytes,     553088 total
[2020-09-11T18:54:18.722+0000][1][gc,age       ] GC(279) - age   6:      33760 bytes,     586848 total
[2020-09-11T18:54:18.722+0000][1][gc,heap      ] GC(279) ParNew: 68959K->588K(76672K)
[2020-09-11T18:54:18.722+0000][1][gc,heap      ] GC(279) CMS: 180790K->180809K(2011968K)
[2020-09-11T18:54:18.722+0000][1][gc,metaspace ] GC(279) Metaspace: 98450K->98450K(1140736K)
[2020-09-11T18:54:18.722+0000][1][gc           ] GC(279) Pause Young (Allocation Failure) 243M->177M(2039M) 29.260ms
[2020-09-11T18:54:18.722+0000][1][gc,cpu       ] GC(279) User=0.02s Sys=0.00s Real=0.03s
[2020-09-11T18:54:18.726+0000][1][safepoint    ] Safepoint "GenCollectForAllocation", Time since last: 469835877 ns, Reaching safepoint: 223019 ns, At safepoint: 33050073 ns, Total: 33273092 ns
[2020-09-11T18:54:19.734+0000][1][safepoint    ] Safepoint "Cleanup", Time since last: 1007781684 ns, Reaching safepoint: 96083 ns, At safepoint: 9924 ns, Total: 106007 ns
[2020-09-11T18:54:21.734+0000][1][safepoint    ] Safepoint "Cleanup", Time since last: 2000183066 ns, Reaching safepoint: 85456 ns, At safepoint: 8385 ns, Total: 93841 ns
[2020-09-11T18:54:22.286+0000][1][safepoint    ] Safepoint "RevokeBias", Time since last: 551286940 ns, Reaching safepoint: 230885 ns, At safepoint: 297797 ns, Total: 528682 ns
[2020-09-11T18:54:23.228+0000][1][safepoint    ] Safepoint "RevokeBias", Time since last: 941742186 ns, Reaching safepoint: 172573 ns, At safepoint: 25033 ns, Total: 197606 ns
[2020-09-11T18:54:23.231+0000][1][safepoint    ] Safepoint "RevokeBias", Time since last: 2639867 ns, Reaching safepoint: 212958 ns, At safepoint: 233395 ns, Total: 446353 ns
[2020-09-11T18:54:24.231+0000][1][safepoint    ] Safepoint "Cleanup", Time since last: 1000115854 ns, Reaching safepoint: 90654 ns, At safepoint: 10657 ns, Total: 101311 ns
[2020-09-11T18:54:25.232+0000][1][safepoint    ] Safepoint "Cleanup", Time since last: 1000117404 ns, Reaching safepoint: 88984 ns, At safepoint: 10950 ns, Total: 99934 ns
[2020-09-11T18:54:26.232+0000][1][safepoint    ] Safepoint "Cleanup", Time since last: 1000118017 ns, Reaching safepoint: 87653 ns, At safepoint: 11064 ns, Total: 98717 ns
[2020-09-11T18:54:27.232+0000][1][safepoint    ] Safepoint "Cleanup", Time since last: 1000116834 ns, Reaching safepoint: 88030 ns, At safepoint: 9436 ns, Total: 97466 ns
[2020-09-11T18:54:28.232+0000][1][safepoint    ] Safepoint "Cleanup", Time since last: 1000119605 ns, Reaching safepoint: 84494 ns, At safepoint: 10606 ns, Total: 95100 ns
[2020-09-11T18:54:28.235+0000][1][safepoint    ] Safepoint "RevokeBias", Time since last: 3049540 ns, Reaching safepoint: 172803 ns, At safepoint: 28792 ns, Total: 201595 ns
[2020-09-11T18:54:28.238+0000][1][safepoint    ] Safepoint "RevokeBias", Time since last: 2987990 ns, Reaching safepoint: 85956 ns, At safepoint: 21251 ns, Total: 107207 ns
[2020-09-11T18:54:29.239+0000][1][safepoint    ] Safepoint "Cleanup", Time since last: 1000114716 ns, Reaching safepoint: 86543 ns, At safepoint: 10524 ns, Total: 97067 ns
[2020-09-11T18:54:30.239+0000][1][safepoint    ] Safepoint "Cleanup", Time since last: 1000118659 ns, Reaching safepoint: 80784 ns, At safepoint: 8377 ns, Total: 89161 ns
[2020-09-11T18:54:31.239+0000][1][safepoint    ] Safepoint "Cleanup", Time since last: 1000116357 ns, Reaching safepoint: 94820 ns, At safepoint: 9915 ns, Total: 104735 ns
[2020-09-11T18:54:32.239+0000][1][safepoint    ] Safepoint "Cleanup", Time since last: 1000115596 ns, Reaching safepoint: 88174 ns, At safepoint: 9185 ns, Total: 97359 ns
[2020-09-11T18:54:33.240+0000][1][safepoint    ] Safepoint "Cleanup", Time since last: 1000109601 ns, Reaching safepoint: 86574 ns, At safepoint: 9162 ns, Total: 95736 ns
[2020-09-11T18:54:33.244+0000][1][safepoint    ] Safepoint "RevokeBias", Time since last: 4690273 ns, Reaching safepoint: 92572 ns, At safepoint: 56826 ns, Total: 149398 ns
[2020-09-11T18:54:33.258+0000][1][safepoint    ] Safepoint "RevokeBias", Time since last: 13529025 ns, Reaching safepoint: 221876 ns, At safepoint: 267804 ns, Total: 489680 ns
[2020-09-11T18:54:33.302+0000][1][safepoint    ] Safepoint "RevokeBias", Time since last: 43306824 ns, Reaching safepoint: 170030 ns, At safepoint: 25969 ns, Total: 195999 ns
[2020-09-11T18:54:34.302+0000][1][safepoint    ] Safepoint "Cleanup", Time since last: 1000112582 ns, Reaching safepoint: 87654 ns, At safepoint: 9499 ns, Total: 97153 ns
[2020-09-11T18:54:35.272+0000][1][gc,start     ] GC(280) Pause Young (Allocation Failure)
[2020-09-11T18:54:35.272+0000][1][gc,task      ] GC(280) Using 1 workers of 1 for evacuation
[2020-09-11T18:54:35.305+0000][1][gc,age       ] GC(280) Desired survivor size 4358144 bytes, new threshold 6 (max threshold 6)
[2020-09-11T18:54:35.305+0000][1][gc,age       ] GC(280) Age table with threshold 6 (max threshold 6)
[2020-09-11T18:54:35.305+0000][1][gc,age       ] GC(280) - age   1:     133208 bytes,     133208 total
[2020-09-11T18:54:35.305+0000][1][gc,age       ] GC(280) - age   2:     116816 bytes,     250024 total
[2020-09-11T18:54:35.305+0000][1][gc,age       ] GC(280) - age   3:     230640 bytes,     480664 total
[2020-09-11T18:54:35.305+0000][1][gc,age       ] GC(280) - age   4:      44664 bytes,     525328 total
[2020-09-11T18:54:35.305+0000][1][gc,age       ] GC(280) - age   5:      24136 bytes,     549464 total
[2020-09-11T18:54:35.305+0000][1][gc,age       ] GC(280) - age   6:      13008 bytes,     562472 total
[2020-09-11T18:54:35.305+0000][1][gc,heap      ] GC(280) ParNew: 68748K->576K(76672K)
[2020-09-11T18:54:35.305+0000][1][gc,heap      ] GC(280) CMS: 180809K->180841K(2011968K)
[2020-09-11T18:54:35.305+0000][1][gc,metaspace ] GC(280) Metaspace: 98482K->98482K(1140736K)
[2020-09-11T18:54:35.305+0000][1][gc           ] GC(280) Pause Young (Allocation Failure) 243M->177M(2039M) 33.004ms
[2020-09-11T18:54:35.305+0000][1][gc,cpu       ] GC(280) User=0.02s Sys=0.00s Real=0.04s
[2020-09-11T18:54:35.305+0000][1][safepoint    ] Safepoint "GenCollectForAllocation", Time since last: 967859204 ns, Reaching safepoint: 2196247 ns, At safepoint: 33131450 ns, Total: 35327697 ns
[2020-09-11T18:54:36.308+0000][1][safepoint    ] Safepoint "Cleanup", Time since last: 1002120077 ns, Reaching safepoint: 83420 ns, At safepoint: 21949 ns, Total: 105369 ns
[2020-09-11T18:54:37.308+0000][1][safepoint    ] Safepoint "Cleanup", Time since last: 1000105997 ns, Reaching safepoint: 103386 ns, At safepoint: 21850 ns, Total: 125236 ns
[2020-09-11T18:54:38.264+0000][1][safepoint    ] Safepoint "RevokeBias", Time since last: 955852621 ns, Reaching safepoint: 88883 ns, At safepoint: 38943 ns, Total: 127826 ns
[2020-09-11T18:54:38.269+0000][1][safepoint    ] Safepoint "RevokeBias", Time since last: 5265299 ns, Reaching safepoint: 91462 ns, At safepoint: 34306 ns, Total: 125768 ns
[2020-09-11T18:54:39.269+0000][1][safepoint    ] Safepoint "Cleanup", Time since last: 1000107997 ns, Reaching safepoint: 95616 ns, At safepoint: 10197 ns, Total: 105813 ns
[2020-09-11T18:54:40.270+0000][1][safepoint    ] Safepoint "Cleanup", Time since last: 1000118967 ns, Reaching safepoint: 85384 ns, At safepoint: 9793 ns, Total: 95177 ns
[2020-09-11T18:54:41.270+0000][1][safepoint    ] Safepoint "Cleanup", Time since last: 1000111900 ns, Reaching safepoint: 85298 ns, At safepoint: 9346 ns, Total: 94644 ns
[2020-09-11T18:54:41.485+0000][1][safepoint    ] Safepoint "RevokeBias", Time since last: 215012446 ns, Reaching safepoint: 210927 ns, At safepoint: 24015 ns, Total: 234942 ns
[2020-09-11T18:54:41.779+0000][1][safepoint    ] Safepoint "RevokeBias", Time since last: 293524776 ns, Reaching safepoint: 182309 ns, At safepoint: 21571 ns, Total: 203880 ns
[2020-09-11T18:54:41.952+0000][1][safepoint    ] Safepoint "RevokeBias", Time since last: 172740590 ns, Reaching safepoint: 187721 ns, At safepoint: 23911 ns, Total: 211632 ns
[2020-09-11T18:54:41.952+0000][1][safepoint    ] Safepoint "RevokeBias", Time since last: 200905 ns, Reaching safepoint: 157603 ns, At safepoint: 16185 ns, Total: 173788 ns
[2020-09-11T18:54:41.952+0000][1][safepoint    ] Safepoint "RevokeBias", Time since last: 99701 ns, Reaching safepoint: 142196 ns, At safepoint: 14494 ns, Total: 156690 ns
[2020-09-11T18:54:41.998+0000][1][safepoint    ] Safepoint "RevokeBias", Time since last: 45597761 ns, Reaching safepoint: 181996 ns, At safepoint: 24204 ns, Total: 206200 ns
[2020-09-11T18:54:42.069+0000][1][safepoint    ] Safepoint "RevokeBias", Time since last: 70977348 ns, Reaching safepoint: 186481 ns, At safepoint: 22316 ns, Total: 208797 ns
[2020-09-11T18:54:42.070+0000][1][safepoint    ] Safepoint "RevokeBias", Time since last: 81917 ns, Reaching safepoint: 108816 ns, At safepoint: 20284 ns, Total: 129100 ns
[2020-09-11T18:54:42.070+0000][1][safepoint    ] Safepoint "RevokeBias", Time since last: 39456 ns, Reaching safepoint: 106501 ns, At safepoint: 13555 ns, Total: 120056 ns
[2020-09-11T18:54:42.070+0000][1][safepoint    ] Safepoint "RevokeBias", Time since last: 37728 ns, Reaching safepoint: 105460 ns, At safepoint: 16084 ns, Total: 121544 ns
[2020-09-11T18:54:43.070+0000][1][safepoint    ] Safepoint "Cleanup", Time since last: 1000087638 ns, Reaching safepoint: 96178 ns, At safepoint: 10268 ns, Total: 106446 ns
[2020-09-11T18:54:43.278+0000][1][safepoint    ] Safepoint "RevokeBias", Time since last: 207938714 ns, Reaching safepoint: 98884 ns, At safepoint: 23378 ns, Total: 122262 ns
[2020-09-11T18:54:44.278+0000][1][safepoint    ] Safepoint "Cleanup", Time since last: 1000107346 ns, Reaching safepoint: 99277 ns, At safepoint: 9524 ns, Total: 108801 ns
[2020-09-11T18:54:45.279+0000][1][safepoint    ] Safepoint "Cleanup", Time since last: 1000116405 ns, Reaching safepoint: 92764 ns, At safepoint: 10341 ns, Total: 103105 ns
[2020-09-11T18:54:46.279+0000][1][safepoint    ] Safepoint "Cleanup", Time since last: 1000117582 ns, Reaching safepoint: 95695 ns, At safepoint: 10724 ns, Total: 106419 ns
[2020-09-11T18:54:46.621+0000][1][gc,start     ] GC(281) Pause Young (Allocation Failure)
[2020-09-11T18:54:46.621+0000][1][gc,task      ] GC(281) Using 1 workers of 1 for evacuation
[2020-09-11T18:54:46.661+0000][1][gc,age       ] GC(281) Desired survivor size 4358144 bytes, new threshold 1 (max threshold 6)
[2020-09-11T18:54:46.661+0000][1][gc,age       ] GC(281) Age table with threshold 1 (max threshold 6)
[2020-09-11T18:54:46.661+0000][1][gc,age       ] GC(281) - age   1:    6423368 bytes,    6423368 total
[2020-09-11T18:54:46.661+0000][1][gc,age       ] GC(281) - age   2:      51960 bytes,    6475328 total
[2020-09-11T18:54:46.661+0000][1][gc,age       ] GC(281) - age   3:      44880 bytes,    6520208 total
[2020-09-11T18:54:46.661+0000][1][gc,age       ] GC(281) - age   4:     230552 bytes,    6750760 total
[2020-09-11T18:54:46.661+0000][1][gc,age       ] GC(281) - age   5:      43040 bytes,    6793800 total
[2020-09-11T18:54:46.661+0000][1][gc,age       ] GC(281) - age   6:      24136 bytes,    6817936 total
[2020-09-11T18:54:46.661+0000][1][gc,heap      ] GC(281) ParNew: 68736K->6865K(76672K)
[2020-09-11T18:54:46.661+0000][1][gc,heap      ] GC(281) CMS: 180841K->185583K(2011968K)
[2020-09-11T18:54:46.661+0000][1][gc,metaspace ] GC(281) Metaspace: 98602K->98602K(1140736K)
[2020-09-11T18:54:46.661+0000][1][gc           ] GC(281) Pause Young (Allocation Failure) 243M->187M(2039M) 40.102ms
[2020-09-11T18:54:46.661+0000][1][gc,cpu       ] GC(281) User=0.02s Sys=0.00s Real=0.04s
[2020-09-11T18:54:46.661+0000][1][safepoint    ] Safepoint "GenCollectForAllocation", Time since last: 342022330 ns, Reaching safepoint: 188050 ns, At safepoint: 40170922 ns, Total: 40358972 ns
[2020-09-11T18:54:47.667+0000][1][safepoint    ] Safepoint "Cleanup", Time since last: 1006030083 ns, Reaching safepoint: 86048 ns, At safepoint: 9855 ns, Total: 95903 ns
[2020-09-11T18:54:48.667+0000][1][safepoint    ] Safepoint "Cleanup", Time since last: 1000106850 ns, Reaching safepoint: 91775 ns, At safepoint: 8365 ns, Total: 100140 ns
[2020-09-11T18:54:49.668+0000][1][safepoint    ] Safepoint "Cleanup", Time since last: 1000113392 ns, Reaching safepoint: 94924 ns, At safepoint: 8713 ns, Total: 103637 ns
[2020-09-11T18:54:50.668+0000][1][safepoint    ] Safepoint "Cleanup", Time since last: 1000113015 ns, Reaching safepoint: 104088 ns, At safepoint: 8828 ns, Total: 112916 ns
[2020-09-11T18:54:51.668+0000][1][safepoint    ] Safepoint "Cleanup", Time since last: 1000132428 ns, Reaching safepoint: 107284 ns, At safepoint: 11660 ns, Total: 118944 ns
[2020-09-11T18:54:52.668+0000][1][safepoint    ] Safepoint "Cleanup", Time since last: 1000116893 ns, Reaching safepoint: 87464 ns, At safepoint: 9945 ns, Total: 97409 ns
[2020-09-11T18:54:53.669+0000][1][safepoint    ] Safepoint "Cleanup", Time since last: 1000118352 ns, Reaching safepoint: 89908 ns, At safepoint: 10595 ns, Total: 100503 ns
[2020-09-11T18:54:54.669+0000][1][safepoint    ] Safepoint "Cleanup", Time since last: 1000152449 ns, Reaching safepoint: 86442 ns, At safepoint: 8586 ns, Total: 95028 ns
[2020-09-11T18:54:55.669+0000][1][safepoint    ] Safepoint "Cleanup", Time since last: 1000113391 ns, Reaching safepoint: 90426 ns, At safepoint: 9755 ns, Total: 100181 ns
[2020-09-11T18:54:56.669+0000][1][safepoint    ] Safepoint "Cleanup", Time since last: 1000122991 ns, Reaching safepoint: 92878 ns, At safepoint: 9657 ns, Total: 102535 ns
[2020-09-11T18:54:57.433+0000][1][gc,start     ] GC(282) Pause Young (Allocation Failure)
[2020-09-11T18:54:57.433+0000][1][gc,task      ] GC(282) Using 1 workers of 1 for evacuation
[2020-09-11T18:54:57.503+0000][1][gc,age       ] GC(282) Desired survivor size 4358144 bytes, new threshold 6 (max threshold 6)
[2020-09-11T18:54:57.503+0000][1][gc,age       ] GC(282) Age table with threshold 6 (max threshold 6)
[2020-09-11T18:54:57.503+0000][1][gc,age       ] GC(282) - age   1:     354720 bytes,     354720 total
[2020-09-11T18:54:57.503+0000][1][gc,heap      ] GC(282) ParNew: 75025K->1234K(76672K)
[2020-09-11T18:54:57.503+0000][1][gc,heap      ] GC(282) CMS: 185583K->191893K(2011968K)
[2020-09-11T18:54:57.503+0000][1][gc,metaspace ] GC(282) Metaspace: 98609K->98609K(1140736K)
[2020-09-11T18:54:57.504+0000][1][gc           ] GC(282) Pause Young (Allocation Failure) 254M->188M(2039M) 70.498ms
[2020-09-11T18:54:57.504+0000][1][gc,cpu       ] GC(282) User=0.03s Sys=0.00s Real=0.07s
[2020-09-11T18:54:57.504+0000][1][safepoint    ] Safepoint "GenCollectForAllocation", Time since last: 763509242 ns, Reaching safepoint: 197299 ns, At safepoint: 70567245 ns, Total: 70764544 ns
[2020-09-11T18:54:58.444+0000][1][safepoint    ] Safepoint "RevokeBias", Time since last: 939824267 ns, Reaching safepoint: 214896 ns, At safepoint: 28455 ns, Total: 243351 ns
[2020-09-11T18:54:58.444+0000][1][safepoint    ] Safepoint "RevokeBias", Time since last: 69449 ns, Reaching safepoint: 167424 ns, At safepoint: 19694 ns, Total: 187118 ns
[2020-09-11T18:54:58.444+0000][1][safepoint    ] Safepoint "BulkRevokeBias", Time since last: 43542 ns, Reaching safepoint: 153392 ns, At safepoint: 410188 ns, Total: 563580 ns
[2020-09-11T18:54:59.445+0000][1][safepoint    ] Safepoint "Cleanup", Time since last: 1000092046 ns, Reaching safepoint: 91245 ns, At safepoint: 10186 ns, Total: 101431 ns
[2020-09-11T18:55:00.445+0000][1][safepoint    ] Safepoint "Cleanup", Time since last: 1000085291 ns, Reaching safepoint: 97984 ns, At safepoint: 10477 ns, Total: 108461 ns
[2020-09-11T18:55:01.445+0000][1][safepoint    ] Safepoint "Cleanup", Time since last: 1000113022 ns, Reaching safepoint: 86382 ns, At safepoint: 10158 ns, Total: 96540 ns
[2020-09-11T18:55:02.445+0000][1][safepoint    ] Safepoint "Cleanup", Time since last: 1000113095 ns, Reaching safepoint: 87903 ns, At safepoint: 9512 ns, Total: 97415 ns
[2020-09-11T18:55:03.446+0000][1][safepoint    ] Safepoint "Cleanup", Time since last: 1000111210 ns, Reaching safepoint: 85421 ns, At safepoint: 9983 ns, Total: 95404 ns
[2020-09-11T18:55:04.446+0000][1][safepoint    ] Safepoint "Cleanup", Time since last: 1000111321 ns, Reaching safepoint: 85816 ns, At safepoint: 9843 ns, Total: 95659 ns
[2020-09-11T18:55:05.446+0000][1][safepoint    ] Safepoint "Cleanup", Time since last: 1000114279 ns, Reaching safepoint: 86317 ns, At safepoint: 8807 ns, Total: 95124 ns
[2020-09-11T18:55:06.446+0000][1][safepoint    ] Safepoint "Cleanup", Time since last: 1000111410 ns, Reaching safepoint: 86046 ns, At safepoint: 9015 ns, Total: 95061 ns
[2020-09-11T18:55:07.446+0000][1][safepoint    ] Safepoint "Cleanup", Time since last: 1000111285 ns, Reaching safepoint: 87942 ns, At safepoint: 9191 ns, Total: 97133 ns
[2020-09-11T18:55:08.447+0000][1][safepoint    ] Safepoint "Cleanup", Time since last: 1000121393 ns, Reaching safepoint: 84962 ns, At safepoint: 9936 ns, Total: 94898 ns
[2020-09-11T18:55:08.595+0000][1][gc,start     ] GC(283) Pause Young (Allocation Failure)
[2020-09-11T18:55:08.595+0000][1][gc,task      ] GC(283) Using 1 workers of 1 for evacuation
[2020-09-11T18:55:08.621+0000][1][gc,age       ] GC(283) Desired survivor size 4358144 bytes, new threshold 6 (max threshold 6)
[2020-09-11T18:55:08.622+0000][1][gc,age       ] GC(283) Age table with threshold 6 (max threshold 6)
[2020-09-11T18:55:08.622+0000][1][gc,age       ] GC(283) - age   1:     246048 bytes,     246048 total
[2020-09-11T18:55:08.622+0000][1][gc,age       ] GC(283) - age   2:      75224 bytes,     321272 total
[2020-09-11T18:55:08.622+0000][1][gc,heap      ] GC(283) ParNew: 69394K->395K(76672K)
[2020-09-11T18:55:08.622+0000][1][gc,heap      ] GC(283) CMS: 191893K->191893K(2011968K)
[2020-09-11T18:55:08.622+0000][1][gc,metaspace ] GC(283) Metaspace: 98610K->98610K(1140736K)
[2020-09-11T18:55:08.622+0000][1][gc           ] GC(283) Pause Young (Allocation Failure) 255M->187M(2039M) 26.208ms
[2020-09-11T18:55:08.622+0000][1][gc,cpu       ] GC(283) User=0.01s Sys=0.00s Real=0.03s
[2020-09-11T18:55:08.622+0000][1][safepoint    ] Safepoint "GenCollectForAllocation", Time since last: 148673632 ns, Reaching safepoint: 168400 ns, At safepoint: 26405917 ns, Total: 26574317 ns
[2020-09-11T18:55:09.633+0000][1][safepoint    ] Safepoint "Cleanup", Time since last: 1011066079 ns, Reaching safepoint: 86109 ns, At safepoint: 8884 ns, Total: 94993 ns
[2020-09-11T18:55:10.633+0000][1][safepoint    ] Safepoint "Cleanup", Time since last: 1000111262 ns, Reaching safepoint: 84306 ns, At safepoint: 8958 ns, Total: 93264 ns
[2020-09-11T18:55:11.633+0000][1][safepoint    ] Safepoint "Cleanup", Time since last: 1000114251 ns, Reaching safepoint: 91269 ns, At safepoint: 9368 ns, Total: 100637 ns
[2020-09-11T18:55:12.634+0000][1][safepoint    ] Safepoint "Cleanup", Time since last: 1000120535 ns, Reaching safepoint: 92671 ns, At safepoint: 9664 ns, Total: 102335 ns
[2020-09-11T18:55:13.634+0000][1][safepoint    ] Safepoint "Cleanup", Time since last: 1000107687 ns, Reaching safepoint: 86501 ns, At safepoint: 8951 ns, Total: 95452 ns
[2020-09-11T18:55:14.634+0000][1][safepoint    ] Safepoint "Cleanup", Time since last: 1000110151 ns, Reaching safepoint: 86766 ns, At safepoint: 8399 ns, Total: 95165 ns
[2020-09-11T18:55:15.634+0000][1][safepoint    ] Safepoint "Cleanup", Time since last: 1000114171 ns, Reaching safepoint: 89121 ns, At safepoint: 9943 ns, Total: 99064 ns
[2020-09-11T18:55:16.634+0000][1][safepoint    ] Safepoint "Cleanup", Time since last: 1000110408 ns, Reaching safepoint: 85615 ns, At safepoint: 8873 ns, Total: 94488 ns
[2020-09-11T18:55:17.635+0000][1][safepoint    ] Safepoint "Cleanup", Time since last: 1000111643 ns, Reaching safepoint: 110255 ns, At safepoint: 10662 ns, Total: 120917 ns
[2020-09-11T18:55:18.459+0000][1][safepoint    ] Safepoint "RevokeBias", Time since last: 824002763 ns, Reaching safepoint: 231259 ns, At safepoint: 28324 ns, Total: 259583 ns
[2020-09-11T18:55:18.459+0000][1][safepoint    ] Safepoint "RevokeBias", Time since last: 66863 ns, Reaching safepoint: 186576 ns, At safepoint: 20109 ns, Total: 206685 ns
[2020-09-11T18:55:18.460+0000][1][safepoint    ] Safepoint "RevokeBias", Time since last: 44609 ns, Reaching safepoint: 926762 ns, At safepoint: 20260 ns, Total: 947022 ns
[2020-09-11T18:55:18.460+0000][1][safepoint    ] Safepoint "RevokeBias", Time since last: 48321 ns, Reaching safepoint: 152495 ns, At safepoint: 17384 ns, Total: 169879 ns
[2020-09-11T18:55:18.461+0000][1][safepoint    ] Safepoint "RevokeBias", Time since last: 38267 ns, Reaching safepoint: 142806 ns, At safepoint: 24855 ns, Total: 167661 ns
[2020-09-11T18:55:18.461+0000][1][safepoint    ] Safepoint "RevokeBias", Time since last: 37887 ns, Reaching safepoint: 168151 ns, At safepoint: 24374 ns, Total: 192525 ns
[2020-09-11T18:55:18.462+0000][1][safepoint    ] Safepoint "RevokeBias", Time since last: 32139 ns, Reaching safepoint: 627432 ns, At safepoint: 342004 ns, Total: 969436 ns
[2020-09-11T18:55:18.462+0000][1][safepoint    ] Safepoint "RevokeBias", Time since last: 43802 ns, Reaching safepoint: 139160 ns, At safepoint: 39364 ns, Total: 178524 ns
[2020-09-11T18:55:19.463+0000][1][safepoint    ] Safepoint "Cleanup", Time since last: 1000571828 ns, Reaching safepoint: 96488 ns, At safepoint: 10267 ns, Total: 106755 ns
[2020-09-11T18:55:20.463+0000][1][safepoint    ] Safepoint "Cleanup", Time since last: 1000120303 ns, Reaching safepoint: 88750 ns, At safepoint: 9847 ns, Total: 98597 ns
[2020-09-11T18:55:21.463+0000][1][safepoint    ] Safepoint "Cleanup", Time since last: 1000119976 ns, Reaching safepoint: 88494 ns, At safepoint: 9946 ns, Total: 98440 ns
[2020-09-11T18:55:22.463+0000][1][safepoint    ] Safepoint "Cleanup", Time since last: 1000117350 ns, Reaching safepoint: 116534 ns, At safepoint: 11294 ns, Total: 127828 ns
[2020-09-11T18:55:23.464+0000][1][safepoint    ] Safepoint "Cleanup", Time since last: 1000144496 ns, Reaching safepoint: 86858 ns, At safepoint: 9618 ns, Total: 96476 ns
[2020-09-11T18:55:24.464+0000][1][safepoint    ] Safepoint "Cleanup", Time since last: 1000136052 ns, Reaching safepoint: 142933 ns, At safepoint: 10497 ns, Total: 153430 ns
[2020-09-11T18:55:25.464+0000][1][safepoint    ] Safepoint "Cleanup", Time since last: 1000117508 ns, Reaching safepoint: 91112 ns, At safepoint: 10621 ns, Total: 101733 ns
[2020-09-11T18:55:25.799+0000][1][gc,start     ] GC(284) Pause Young (Allocation Failure)
[2020-09-11T18:55:25.799+0000][1][gc,task      ] GC(284) Using 1 workers of 1 for evacuation
[2020-09-11T18:55:25.834+0000][1][gc,age       ] GC(284) Desired survivor size 4358144 bytes, new threshold 6 (max threshold 6)
[2020-09-11T18:55:25.834+0000][1][gc,age       ] GC(284) Age table with threshold 6 (max threshold 6)
[2020-09-11T18:55:25.834+0000][1][gc,age       ] GC(284) - age   1:     381848 bytes,     381848 total
[2020-09-11T18:55:25.834+0000][1][gc,age       ] GC(284) - age   2:      87160 bytes,     469008 total
[2020-09-11T18:55:25.834+0000][1][gc,age       ] GC(284) - age   3:      20984 bytes,     489992 total
[2020-09-11T18:55:25.834+0000][1][gc,heap      ] GC(284) ParNew: 68540K->668K(76672K)
[2020-09-11T18:55:25.834+0000][1][gc,heap      ] GC(284) CMS: 191893K->191893K(2011968K)
[2020-09-11T18:55:25.834+0000][1][gc,metaspace ] GC(284) Metaspace: 98614K->98614K(1140736K)
[2020-09-11T18:55:25.834+0000][1][gc           ] GC(284) Pause Young (Allocation Failure) 254M->188M(2039M) 34.914ms
[2020-09-11T18:55:25.834+0000][1][gc,cpu       ] GC(284) User=0.02s Sys=0.00s Real=0.04s
[2020-09-11T18:55:25.834+0000][1][safepoint    ] Safepoint "GenCollectForAllocation", Time since last: 333877066 ns, Reaching safepoint: 699960 ns, At safepoint: 35196928 ns, Total: 35896888 ns
[2020-09-11T18:55:26.755+0000][1][safepoint    ] Safepoint "RevokeBias", Time since last: 920908792 ns, Reaching safepoint: 81039 ns, At safepoint: 38576 ns, Total: 119615 ns
[2020-09-11T18:55:26.755+0000][1][safepoint    ] Safepoint "RevokeBias", Time since last: 191470 ns, Reaching safepoint: 64531 ns, At safepoint: 29234 ns, Total: 93765 ns
[2020-09-11T18:55:26.755+0000][1][safepoint    ] Safepoint "RevokeBias", Time since last: 101280 ns, Reaching safepoint: 60859 ns, At safepoint: 26100 ns, Total: 86959 ns
[2020-09-11T18:55:26.756+0000][1][safepoint    ] Safepoint "RevokeBias", Time since last: 45529 ns, Reaching safepoint: 53985 ns, At safepoint: 22696 ns, Total: 76681 ns
[2020-09-11T18:55:26.765+0000][1][safepoint    ] Safepoint "RevokeBias", Time since last: 7298956 ns, Reaching safepoint: 1977869 ns, At safepoint: 37652 ns, Total: 2015521 ns
[2020-09-11T18:55:26.785+0000][1][safepoint    ] Safepoint "RevokeBias", Time since last: 16045988 ns, Reaching safepoint: 3932173 ns, At safepoint: 16962 ns, Total: 3949135 ns
[2020-09-11T18:55:26.802+0000][1][safepoint    ] Safepoint "RevokeBias", Time since last: 16456939 ns, Reaching safepoint: 156649 ns, At safepoint: 22289 ns, Total: 178938 ns
[2020-09-11T18:55:26.802+0000][1][safepoint    ] Safepoint "RevokeBias", Time since last: 222436 ns, Reaching safepoint: 59582 ns, At safepoint: 16694 ns, Total: 76276 ns
[2020-09-11T18:55:26.805+0000][1][safepoint    ] Safepoint "RevokeBias", Time since last: 2991150 ns, Reaching safepoint: 83419 ns, At safepoint: 21875 ns, Total: 105294 ns
[2020-09-11T18:55:27.805+0000][1][safepoint    ] Safepoint "Cleanup", Time since last: 1000108266 ns, Reaching safepoint: 89896 ns, At safepoint: 7766 ns, Total: 97662 ns
[2020-09-11T18:55:28.809+0000][1][safepoint    ] Safepoint "Cleanup", Time since last: 1003635936 ns, Reaching safepoint: 216289 ns, At safepoint: 11654 ns, Total: 227943 ns
[2020-09-11T18:55:29.811+0000][1][safepoint    ] Safepoint "Cleanup", Time since last: 1001680310 ns, Reaching safepoint: 197563 ns, At safepoint: 8031 ns, Total: 205594 ns
[2020-09-11T18:55:30.811+0000][1][safepoint    ] Safepoint "Cleanup", Time since last: 1000115348 ns, Reaching safepoint: 86334 ns, At safepoint: 9144 ns, Total: 95478 ns
[2020-09-11T18:55:31.811+0000][1][safepoint    ] Safepoint "Cleanup", Time since last: 1000114404 ns, Reaching safepoint: 84204 ns, At safepoint: 8731 ns, Total: 92935 ns
[2020-09-11T18:55:32.812+0000][1][safepoint    ] Safepoint "Cleanup", Time since last: 1000108984 ns, Reaching safepoint: 84089 ns, At safepoint: 9392 ns, Total: 93481 ns
[2020-09-11T18:55:33.812+0000][1][safepoint    ] Safepoint "Cleanup", Time since last: 1000110005 ns, Reaching safepoint: 87100 ns, At safepoint: 8953 ns, Total: 96053 ns
[2020-09-11T18:55:34.813+0000][1][safepoint    ] Safepoint "Cleanup", Time since last: 1001062389 ns, Reaching safepoint: 87452 ns, At safepoint: 10264 ns, Total: 97716 ns
[2020-09-11T18:55:35.363+0000][1][gc,start     ] GC(285) Pause Young (Allocation Failure)
[2020-09-11T18:55:35.363+0000][1][gc,task      ] GC(285) Using 1 workers of 1 for evacuation
[2020-09-11T18:55:35.391+0000][1][gc,age       ] GC(285) Desired survivor size 4358144 bytes, new threshold 6 (max threshold 6)
[2020-09-11T18:55:35.391+0000][1][gc,age       ] GC(285) Age table with threshold 6 (max threshold 6)
[2020-09-11T18:55:35.391+0000][1][gc,age       ] GC(285) - age   1:     306528 bytes,     306528 total
[2020-09-11T18:55:35.391+0000][1][gc,age       ] GC(285) - age   2:     175656 bytes,     482184 total
[2020-09-11T18:55:35.391+0000][1][gc,age       ] GC(285) - age   3:      85248 bytes,     567432 total
[2020-09-11T18:55:35.391+0000][1][gc,age       ] GC(285) - age   4:      19184 bytes,     586616 total
[2020-09-11T18:55:35.391+0000][1][gc,heap      ] GC(285) ParNew: 68828K->884K(76672K)
[2020-09-11T18:55:35.391+0000][1][gc,heap      ] GC(285) CMS: 191893K->191893K(2011968K)
[2020-09-11T18:55:35.391+0000][1][gc,metaspace ] GC(285) Metaspace: 98618K->98618K(1140736K)
[2020-09-11T18:55:35.391+0000][1][gc           ] GC(285) Pause Young (Allocation Failure) 254M->188M(2039M) 27.708ms
[2020-09-11T18:55:35.391+0000][1][gc,cpu       ] GC(285) User=0.02s Sys=0.00s Real=0.02s
[2020-09-11T18:55:35.393+0000][1][safepoint    ] Safepoint "GenCollectForAllocation", Time since last: 550187508 ns, Reaching safepoint: 169412 ns, At safepoint: 29553414 ns, Total: 29722826 ns
[2020-09-11T18:55:36.400+0000][1][safepoint    ] Safepoint "Cleanup", Time since last: 1006582514 ns, Reaching safepoint: 85410 ns, At safepoint: 95460 ns, Total: 180870 ns
[2020-09-11T18:55:37.400+0000][1][safepoint    ] Safepoint "Cleanup", Time since last: 1000112043 ns, Reaching safepoint: 78595 ns, At safepoint: 16351 ns, Total: 94946 ns
[2020-09-11T18:55:38.400+0000][1][safepoint    ] Safepoint "Cleanup", Time since last: 1000107530 ns, Reaching safepoint: 76067 ns, At safepoint: 18372 ns, Total: 94439 ns
[2020-09-11T18:55:39.400+0000][1][safepoint    ] Safepoint "Cleanup", Time since last: 1000101458 ns, Reaching safepoint: 81449 ns, At safepoint: 7256 ns, Total: 88705 ns
[2020-09-11T18:55:40.405+0000][1][safepoint    ] Safepoint "Cleanup", Time since last: 1004718263 ns, Reaching safepoint: 256300 ns, At safepoint: 12469 ns, Total: 268769 ns
[2020-09-11T18:55:41.405+0000][1][safepoint    ] Safepoint "Cleanup", Time since last: 1000111627 ns, Reaching safepoint: 88469 ns, At safepoint: 9821 ns, Total: 98290 ns
[2020-09-11T18:55:42.406+0000][1][safepoint    ] Safepoint "Cleanup", Time since last: 1000112558 ns, Reaching safepoint: 84727 ns, At safepoint: 9296 ns, Total: 94023 ns
[2020-09-11T18:55:43.406+0000][1][safepoint    ] Safepoint "Cleanup", Time since last: 1000126723 ns, Reaching safepoint: 84910 ns, At safepoint: 8378 ns, Total: 93288 ns
[2020-09-11T18:55:44.406+0000][1][safepoint    ] Safepoint "Cleanup", Time since last: 1000112677 ns, Reaching safepoint: 85801 ns, At safepoint: 9069 ns, Total: 94870 ns
[2020-09-11T18:55:45.413+0000][1][safepoint    ] Safepoint "Cleanup", Time since last: 1002794605 ns, Reaching safepoint: 4078777 ns, At safepoint: 14521 ns, Total: 4093298 ns
[2020-09-11T18:55:46.414+0000][1][safepoint    ] Safepoint "Cleanup", Time since last: 1000719729 ns, Reaching safepoint: 114194 ns, At safepoint: 10882 ns, Total: 125076 ns
[2020-09-11T18:55:47.414+0000][1][safepoint    ] Safepoint "Cleanup", Time since last: 1000115031 ns, Reaching safepoint: 86880 ns, At safepoint: 10023 ns, Total: 96903 ns
[2020-09-11T18:55:48.414+0000][1][safepoint    ] Safepoint "Cleanup", Time since last: 1000113935 ns, Reaching safepoint: 84160 ns, At safepoint: 9174 ns, Total: 93334 ns
[2020-09-11T18:55:49.414+0000][1][safepoint    ] Safepoint "Cleanup", Time since last: 1000111871 ns, Reaching safepoint: 95647 ns, At safepoint: 10688 ns, Total: 106335 ns
[2020-09-11T18:55:50.417+0000][1][safepoint    ] Safepoint "Cleanup", Time since last: 1002430880 ns, Reaching safepoint: 79636 ns, At safepoint: 8664 ns, Total: 88300 ns
[2020-09-11T18:55:51.417+0000][1][safepoint    ] Safepoint "Cleanup", Time since last: 1000113387 ns, Reaching safepoint: 85821 ns, At safepoint: 10189 ns, Total: 96010 ns
[2020-09-11T18:55:52.417+0000][1][safepoint    ] Safepoint "Cleanup", Time since last: 1000116255 ns, Reaching safepoint: 87072 ns, At safepoint: 9557 ns, Total: 96629 ns
[2020-09-11T18:55:53.417+0000][1][safepoint    ] Safepoint "Cleanup", Time since last: 1000112935 ns, Reaching safepoint: 91423 ns, At safepoint: 6889 ns, Total: 98312 ns
[2020-09-11T18:55:54.418+0000][1][safepoint    ] Safepoint "Cleanup", Time since last: 1000116500 ns, Reaching safepoint: 84702 ns, At safepoint: 9018 ns, Total: 93720 ns
[2020-09-11T18:55:55.418+0000][1][safepoint    ] Safepoint "Cleanup", Time since last: 1000114703 ns, Reaching safepoint: 84760 ns, At safepoint: 8899 ns, Total: 93659 ns
[2020-09-11T18:55:55.420+0000][1][gc,start     ] GC(286) Pause Young (Allocation Failure)
[2020-09-11T18:55:55.420+0000][1][gc,task      ] GC(286) Using 1 workers of 1 for evacuation
[2020-09-11T18:55:55.453+0000][1][gc,age       ] GC(286) Desired survivor size 4358144 bytes, new threshold 6 (max threshold 6)
[2020-09-11T18:55:55.453+0000][1][gc,age       ] GC(286) Age table with threshold 6 (max threshold 6)
[2020-09-11T18:55:55.453+0000][1][gc,age       ] GC(286) - age   1:     252904 bytes,     252904 total
[2020-09-11T18:55:55.453+0000][1][gc,age       ] GC(286) - age   2:     228104 bytes,     481008 total
[2020-09-11T18:55:55.454+0000][1][gc,age       ] GC(286) - age   3:      64824 bytes,     545832 total
[2020-09-11T18:55:55.454+0000][1][gc,age       ] GC(286) - age   4:      85216 bytes,     631048 total
[2020-09-11T18:55:55.454+0000][1][gc,age       ] GC(286) - age   5:      18344 bytes,     649392 total
[2020-09-11T18:55:55.454+0000][1][gc,heap      ] GC(286) ParNew: 69044K->1080K(76672K)
[2020-09-11T18:55:55.454+0000][1][gc,heap      ] GC(286) CMS: 191893K->191893K(2011968K)
[2020-09-11T18:55:55.454+0000][1][gc,metaspace ] GC(286) Metaspace: 98621K->98621K(1140736K)
[2020-09-11T18:55:55.454+0000][1][gc           ] GC(286) Pause Young (Allocation Failure) 254M->188M(2039M) 34.065ms
[2020-09-11T18:55:55.454+0000][1][gc,cpu       ] GC(286) User=0.01s Sys=0.00s Real=0.04s
[2020-09-11T18:55:55.461+0000][1][safepoint    ] Safepoint "GenCollectForAllocation", Time since last: 1449924 ns, Reaching safepoint: 155071 ns, At safepoint: 41441050 ns, Total: 41596121 ns
[2020-09-11T18:55:56.466+0000][1][safepoint    ] Safepoint "Cleanup", Time since last: 1004629406 ns, Reaching safepoint: 83642 ns, At safepoint: 18198 ns, Total: 101840 ns
[2020-09-11T18:56:00.469+0000][1][safepoint    ] Safepoint "Cleanup", Time since last: 4000335027 ns, Reaching safepoint: 2815568 ns, At safepoint: 13221 ns, Total: 2828789 ns
[2020-09-11T18:56:02.469+0000][1][safepoint    ] Safepoint "Cleanup", Time since last: 2000192097 ns, Reaching safepoint: 90380 ns, At safepoint: 8577 ns, Total: 98957 ns
[2020-09-11T18:56:05.470+0000][1][safepoint    ] Safepoint "Cleanup", Time since last: 3000257185 ns, Reaching safepoint: 87175 ns, At safepoint: 8297 ns, Total: 95472 ns
[2020-09-11T18:56:08.497+0000][1][gc,start     ] GC(287) Pause Young (Allocation Failure)
[2020-09-11T18:56:08.497+0000][1][gc,task      ] GC(287) Using 1 workers of 1 for evacuation
[2020-09-11T18:56:08.525+0000][1][gc,age       ] GC(287) Desired survivor size 4358144 bytes, new threshold 6 (max threshold 6)
[2020-09-11T18:56:08.525+0000][1][gc,age       ] GC(287) Age table with threshold 6 (max threshold 6)
[2020-09-11T18:56:08.525+0000][1][gc,age       ] GC(287) - age   1:     125712 bytes,     125712 total
[2020-09-11T18:56:08.525+0000][1][gc,age       ] GC(287) - age   2:     180888 bytes,     306600 total
[2020-09-11T18:56:08.525+0000][1][gc,age       ] GC(287) - age   3:     213088 bytes,     519688 total
[2020-09-11T18:56:08.525+0000][1][gc,age       ] GC(287) - age   4:      64760 bytes,     584448 total
[2020-09-11T18:56:08.525+0000][1][gc,age       ] GC(287) - age   5:      85120 bytes,     669568 total
[2020-09-11T18:56:08.525+0000][1][gc,age       ] GC(287) - age   6:      18344 bytes,     687912 total
[2020-09-11T18:56:08.525+0000][1][gc,heap      ] GC(287) ParNew: 69240K->745K(76672K)
[2020-09-11T18:56:08.525+0000][1][gc,heap      ] GC(287) CMS: 191893K->191893K(2011968K)
[2020-09-11T18:56:08.525+0000][1][gc,metaspace ] GC(287) Metaspace: 98636K->98636K(1140736K)
[2020-09-11T18:56:08.525+0000][1][gc           ] GC(287) Pause Young (Allocation Failure) 255M->188M(2039M) 28.507ms
[2020-09-11T18:56:08.525+0000][1][gc,cpu       ] GC(287) User=0.01s Sys=0.00s Real=0.03s
[2020-09-11T18:56:08.525+0000][1][safepoint    ] Safepoint "GenCollectForAllocation", Time since last: 3024431264 ns, Reaching safepoint: 2933681 ns, At safepoint: 28608933 ns, Total: 31542614 ns
[2020-09-11T18:56:11.533+0000][1][safepoint    ] Safepoint "Cleanup", Time since last: 3007596990 ns, Reaching safepoint: 90350 ns, At safepoint: 9791 ns, Total: 100141 ns
[2020-09-11T18:56:25.497+0000][1][gc,start     ] GC(288) Pause Young (Allocation Failure)
[2020-09-11T18:56:25.497+0000][1][gc,task      ] GC(288) Using 1 workers of 1 for evacuation
[2020-09-11T18:56:25.530+0000][1][gc,age       ] GC(288) Desired survivor size 4358144 bytes, new threshold 6 (max threshold 6)
[2020-09-11T18:56:25.530+0000][1][gc,age       ] GC(288) Age table with threshold 6 (max threshold 6)
[2020-09-11T18:56:25.530+0000][1][gc,age       ] GC(288) - age   1:     337592 bytes,     337592 total
[2020-09-11T18:56:25.530+0000][1][gc,age       ] GC(288) - age   2:      29584 bytes,     367176 total
[2020-09-11T18:56:25.530+0000][1][gc,age       ] GC(288) - age   3:      46832 bytes,     414008 total
[2020-09-11T18:56:25.530+0000][1][gc,age       ] GC(288) - age   4:     213088 bytes,     627096 total
[2020-09-11T18:56:25.530+0000][1][gc,age       ] GC(288) - age   5:      34872 bytes,     661968 total
[2020-09-11T18:56:25.530+0000][1][gc,age       ] GC(288) - age   6:      85120 bytes,     747088 total
[2020-09-11T18:56:25.530+0000][1][gc,heap      ] GC(288) ParNew: 68905K->1194K(76672K)
[2020-09-11T18:56:25.530+0000][1][gc,heap      ] GC(288) CMS: 191893K->191911K(2011968K)
[2020-09-11T18:56:25.530+0000][1][gc,metaspace ] GC(288) Metaspace: 98639K->98639K(1140736K)
[2020-09-11T18:56:25.530+0000][1][gc           ] GC(288) Pause Young (Allocation Failure) 254M->188M(2039M) 32.854ms
[2020-09-11T18:56:25.530+0000][1][gc,cpu       ] GC(288) User=0.02s Sys=0.00s Real=0.03s
[2020-09-11T18:56:25.530+0000][1][safepoint    ] Safepoint "GenCollectForAllocation", Time since last: 13962981103 ns, Reaching safepoint: 789878 ns, At safepoint: 32928453 ns, Total: 33718331 ns
[2020-09-11T18:56:29.533+0000][1][safepoint    ] Safepoint "Cleanup", Time since last: 4003260215 ns, Reaching safepoint: 83101 ns, At safepoint: 6937 ns, Total: 90038 ns
[2020-09-11T18:56:45.549+0000][1][gc,start     ] GC(289) Pause Young (Allocation Failure)
[2020-09-11T18:56:45.549+0000][1][gc,task      ] GC(289) Using 1 workers of 1 for evacuation
[2020-09-11T18:56:45.583+0000][1][gc,age       ] GC(289) Desired survivor size 4358144 bytes, new threshold 6 (max threshold 6)
[2020-09-11T18:56:45.583+0000][1][gc,age       ] GC(289) Age table with threshold 6 (max threshold 6)
[2020-09-11T18:56:45.583+0000][1][gc,age       ] GC(289) - age   1:     256904 bytes,     256904 total
[2020-09-11T18:56:45.583+0000][1][gc,age       ] GC(289) - age   2:     115512 bytes,     372416 total
[2020-09-11T18:56:45.583+0000][1][gc,age       ] GC(289) - age   3:      13688 bytes,     386104 total
[2020-09-11T18:56:45.583+0000][1][gc,age       ] GC(289) - age   4:      42336 bytes,     428440 total
[2020-09-11T18:56:45.583+0000][1][gc,age       ] GC(289) - age   5:     213088 bytes,     641528 total
[2020-09-11T18:56:45.583+0000][1][gc,age       ] GC(289) - age   6:      34872 bytes,     676400 total
[2020-09-11T18:56:45.583+0000][1][gc,heap      ] GC(289) ParNew: 69354K->696K(76672K)
[2020-09-11T18:56:45.583+0000][1][gc,heap      ] GC(289) CMS: 191911K->191994K(2011968K)
[2020-09-11T18:56:45.583+0000][1][gc,metaspace ] GC(289) Metaspace: 98644K->98644K(1140736K)
[2020-09-11T18:56:45.583+0000][1][gc           ] GC(289) Pause Young (Allocation Failure) 255M->188M(2039M) 34.033ms
[2020-09-11T18:56:45.583+0000][1][gc,cpu       ] GC(289) User=0.02s Sys=0.00s Real=0.04s
[2020-09-11T18:56:45.583+0000][1][safepoint    ] Safepoint "GenCollectForAllocation", Time since last: 16013968493 ns, Reaching safepoint: 1650360 ns, At safepoint: 34102609 ns, Total: 35752969 ns
[2020-09-11T18:56:56.209+0000][1][safepoint    ] Safepoint "RevokeBias", Time since last: 10626120462 ns, Reaching safepoint: 88848 ns, At safepoint: 25181 ns, Total: 114029 ns
[2020-09-11T18:56:56.209+0000][1][safepoint    ] Safepoint "RevokeBias", Time since last: 73372 ns, Reaching safepoint: 57700 ns, At safepoint: 17047 ns, Total: 74747 ns
[2020-09-11T18:56:56.209+0000][1][safepoint    ] Safepoint "RevokeBias", Time since last: 38420 ns, Reaching safepoint: 48129 ns, At safepoint: 13603 ns, Total: 61732 ns
[2020-09-11T18:56:58.517+0000][1][gc,start     ] GC(290) Pause Young (Allocation Failure)
[2020-09-11T18:56:58.517+0000][1][gc,task      ] GC(290) Using 1 workers of 1 for evacuation
[2020-09-11T18:56:58.549+0000][1][gc,age       ] GC(290) Desired survivor size 4358144 bytes, new threshold 6 (max threshold 6)
[2020-09-11T18:56:58.549+0000][1][gc,age       ] GC(290) Age table with threshold 6 (max threshold 6)
[2020-09-11T18:56:58.549+0000][1][gc,age       ] GC(290) - age   1:     136648 bytes,     136648 total
[2020-09-11T18:56:58.549+0000][1][gc,age       ] GC(290) - age   2:     183960 bytes,     320608 total
[2020-09-11T18:56:58.549+0000][1][gc,age       ] GC(290) - age   3:      89400 bytes,     410008 total
[2020-09-11T18:56:58.549+0000][1][gc,age       ] GC(290) - age   4:      13624 bytes,     423632 total
[2020-09-11T18:56:58.549+0000][1][gc,age       ] GC(290) - age   5:      42336 bytes,     465968 total
[2020-09-11T18:56:58.549+0000][1][gc,age       ] GC(290) - age   6:     213088 bytes,     679056 total
[2020-09-11T18:56:58.549+0000][1][gc,heap      ] GC(290) ParNew: 68856K->669K(76672K)
[2020-09-11T18:56:58.549+0000][1][gc,heap      ] GC(290) CMS: 191994K->192028K(2011968K)
[2020-09-11T18:56:58.549+0000][1][gc,metaspace ] GC(290) Metaspace: 98646K->98646K(1140736K)
[2020-09-11T18:56:58.549+0000][1][gc           ] GC(290) Pause Young (Allocation Failure) 254M->188M(2039M) 32.223ms
[2020-09-11T18:56:58.549+0000][1][gc,cpu       ] GC(290) User=0.01s Sys=0.00s Real=0.03s
[2020-09-11T18:56:58.549+0000][1][safepoint    ] Safepoint "GenCollectForAllocation", Time since last: 2306537933 ns, Reaching safepoint: 874344 ns, At safepoint: 32308015 ns, Total: 33182359 ns
[2020-09-11T18:57:01.559+0000][1][safepoint    ] Safepoint "Cleanup", Time since last: 3009495982 ns, Reaching safepoint: 93053 ns, At safepoint: 9224 ns, Total: 102277 ns
[2020-09-11T18:57:15.560+0000][1][safepoint    ] Safepoint "Cleanup", Time since last: 14001076016 ns, Reaching safepoint: 96101 ns, At safepoint: 10140 ns, Total: 106241 ns
[2020-09-11T18:57:17.561+0000][1][safepoint    ] Safepoint "Cleanup", Time since last: 2000761251 ns, Reaching safepoint: 225177 ns, At safepoint: 21507 ns, Total: 246684 ns
[2020-09-11T18:57:18.561+0000][1][safepoint    ] Safepoint "Cleanup", Time since last: 1000115688 ns, Reaching safepoint: 89411 ns, At safepoint: 7455 ns, Total: 96866 ns
[2020-09-11T18:57:18.599+0000][1][safepoint    ] Safepoint "GenCollectForAllocation", Time since last: 37813094 ns, Reaching safepoint: 212322 ns, At safepoint: 12186 ns, Total: 224508 ns
[2020-09-11T18:57:18.605+0000][1][gc,start     ] GC(291) Pause Young (GCLocker Initiated GC)
[2020-09-11T18:57:18.605+0000][1][gc,task      ] GC(291) Using 1 workers of 1 for evacuation
[2020-09-11T18:57:18.646+0000][1][gc,age       ] GC(291) Desired survivor size 4358144 bytes, new threshold 6 (max threshold 6)
[2020-09-11T18:57:18.646+0000][1][gc,age       ] GC(291) Age table with threshold 6 (max threshold 6)
[2020-09-11T18:57:18.646+0000][1][gc,age       ] GC(291) - age   1:     441168 bytes,     441168 total
[2020-09-11T18:57:18.646+0000][1][gc,age       ] GC(291) - age   2:      25008 bytes,     466176 total
[2020-09-11T18:57:18.646+0000][1][gc,age       ] GC(291) - age   3:      26024 bytes,     492200 total
[2020-09-11T18:57:18.646+0000][1][gc,age       ] GC(291) - age   4:      72440 bytes,     564640 total
[2020-09-11T18:57:18.646+0000][1][gc,age       ] GC(291) - age   5:      13256 bytes,     577896 total
[2020-09-11T18:57:18.646+0000][1][gc,age       ] GC(291) - age   6:      42336 bytes,     620232 total
[2020-09-11T18:57:18.646+0000][1][gc,heap      ] GC(291) ParNew: 68836K->664K(76672K)
[2020-09-11T18:57:18.646+0000][1][gc,heap      ] GC(291) CMS: 192028K->192244K(2011968K)
[2020-09-11T18:57:18.646+0000][1][gc,metaspace ] GC(291) Metaspace: 98672K->98672K(1140736K)
[2020-09-11T18:57:18.646+0000][1][gc           ] GC(291) Pause Young (GCLocker Initiated GC) 254M->188M(2039M) 41.126ms
[2020-09-11T18:57:18.646+0000][1][gc,cpu       ] GC(291) User=0.01s Sys=0.00s Real=0.04s
[2020-09-11T18:57:18.646+0000][1][safepoint    ] Safepoint "GenCollectFull", Time since last: 1017807 ns, Reaching safepoint: 4691129 ns, At safepoint: 41435131 ns, Total: 46126260 ns
[2020-09-11T18:57:28.657+0000][1][safepoint    ] Safepoint "Cleanup", Time since last: 10010512162 ns, Reaching safepoint: 92178 ns, At safepoint: 9192 ns, Total: 101370 ns
[2020-09-11T18:57:29.657+0000][1][safepoint    ] Safepoint "Cleanup", Time since last: 1000118802 ns, Reaching safepoint: 91342 ns, At safepoint: 9439 ns, Total: 100781 ns
[2020-09-11T18:57:35.233+0000][1][safepoint    ] Safepoint "RevokeBias", Time since last: 5573532188 ns, Reaching safepoint: 2162197 ns, At safepoint: 32298 ns, Total: 2194495 ns
[2020-09-11T18:57:37.763+0000][1][gc,start     ] GC(292) Pause Young (Allocation Failure)
[2020-09-11T18:57:37.764+0000][1][gc,task      ] GC(292) Using 1 workers of 1 for evacuation
[2020-09-11T18:57:37.796+0000][1][gc,age       ] GC(292) Desired survivor size 4358144 bytes, new threshold 6 (max threshold 6)
[2020-09-11T18:57:37.796+0000][1][gc,age       ] GC(292) Age table with threshold 6 (max threshold 6)
[2020-09-11T18:57:37.796+0000][1][gc,age       ] GC(292) - age   1:     298280 bytes,     298280 total
[2020-09-11T18:57:37.796+0000][1][gc,age       ] GC(292) - age   2:     256520 bytes,     554800 total
[2020-09-11T18:57:37.796+0000][1][gc,age       ] GC(292) - age   3:      11064 bytes,     565864 total
[2020-09-11T18:57:37.796+0000][1][gc,age       ] GC(292) - age   4:      25552 bytes,     591416 total
[2020-09-11T18:57:37.796+0000][1][gc,age       ] GC(292) - age   5:      53480 bytes,     644896 total
[2020-09-11T18:57:37.796+0000][1][gc,age       ] GC(292) - age   6:      12984 bytes,     657880 total
[2020-09-11T18:57:37.796+0000][1][gc,heap      ] GC(292) ParNew: 68824K->1240K(76672K)
[2020-09-11T18:57:37.796+0000][1][gc,heap      ] GC(292) CMS: 192244K->192285K(2011968K)
[2020-09-11T18:57:37.796+0000][1][gc,metaspace ] GC(292) Metaspace: 98688K->98688K(1140736K)
[2020-09-11T18:57:37.796+0000][1][gc           ] GC(292) Pause Young (Allocation Failure) 254M->188M(2039M) 32.985ms
[2020-09-11T18:57:37.796+0000][1][gc,cpu       ] GC(292) User=0.02s Sys=0.00s Real=0.03s
[2020-09-11T18:57:37.796+0000][1][safepoint    ] Safepoint "GenCollectForAllocation", Time since last: 2527885247 ns, Reaching safepoint: 2656174 ns, At safepoint: 33057128 ns, Total: 35713302 ns
[2020-09-11T18:57:38.802+0000][1][safepoint    ] Safepoint "Cleanup", Time since last: 1005374964 ns, Reaching safepoint: 102154 ns, At safepoint: 9958 ns, Total: 112112 ns
[2020-09-11T18:57:45.803+0000][1][safepoint    ] Safepoint "Cleanup", Time since last: 7000537309 ns, Reaching safepoint: 90827 ns, At safepoint: 9439 ns, Total: 100266 ns
[2020-09-11T18:57:48.655+0000][1][gc,start     ] GC(293) Pause Young (Allocation Failure)
[2020-09-11T18:57:48.655+0000][1][gc,task      ] GC(293) Using 1 workers of 1 for evacuation
[2020-09-11T18:57:48.697+0000][1][gc,age       ] GC(293) Desired survivor size 4358144 bytes, new threshold 6 (max threshold 6)
[2020-09-11T18:57:48.697+0000][1][gc,age       ] GC(293) Age table with threshold 6 (max threshold 6)
[2020-09-11T18:57:48.697+0000][1][gc,age       ] GC(293) - age   1:     368704 bytes,     368704 total
[2020-09-11T18:57:48.697+0000][1][gc,age       ] GC(293) - age   2:     112552 bytes,     481256 total
[2020-09-11T18:57:48.697+0000][1][gc,age       ] GC(293) - age   3:     116824 bytes,     598080 total
[2020-09-11T18:57:48.697+0000][1][gc,age       ] GC(293) - age   4:      11064 bytes,     609144 total
[2020-09-11T18:57:48.697+0000][1][gc,age       ] GC(293) - age   5:      21704 bytes,     630848 total
[2020-09-11T18:57:48.697+0000][1][gc,age       ] GC(293) - age   6:      53384 bytes,     684232 total
[2020-09-11T18:57:48.697+0000][1][gc,heap      ] GC(293) ParNew: 69400K->792K(76672K)
[2020-09-11T18:57:48.701+0000][1][gc,heap      ] GC(293) CMS: 192285K->192298K(2011968K)
[2020-09-11T18:57:48.701+0000][1][gc,metaspace ] GC(293) Metaspace: 98699K->98699K(1140736K)
[2020-09-11T18:57:48.701+0000][1][gc           ] GC(293) Pause Young (Allocation Failure) 255M->188M(2039M) 46.289ms
[2020-09-11T18:57:48.701+0000][1][gc,cpu       ] GC(293) User=0.02s Sys=0.00s Real=0.05s
[2020-09-11T18:57:48.702+0000][1][safepoint    ] Safepoint "GenCollectForAllocation", Time since last: 2851728938 ns, Reaching safepoint: 196667 ns, At safepoint: 47106714 ns, Total: 47303381 ns
[2020-09-11T18:57:58.717+0000][1][safepoint    ] Safepoint "Cleanup", Time since last: 10015230643 ns, Reaching safepoint: 95377 ns, At safepoint: 10303 ns, Total: 105680 ns
[2020-09-11T18:58:03.718+0000][1][safepoint    ] Safepoint "Cleanup", Time since last: 5000406811 ns, Reaching safepoint: 107767 ns, At safepoint: 9446 ns, Total: 117213 ns
[2020-09-11T18:58:04.718+0000][1][safepoint    ] Safepoint "Cleanup", Time since last: 1000115457 ns, Reaching safepoint: 83657 ns, At safepoint: 9443 ns, Total: 93100 ns
[2020-09-11T18:58:05.718+0000][1][safepoint    ] Safepoint "Cleanup", Time since last: 1000108127 ns, Reaching safepoint: 83370 ns, At safepoint: 8881 ns, Total: 92251 ns
[2020-09-11T18:58:06.718+0000][1][safepoint    ] Safepoint "Cleanup", Time since last: 1000115770 ns, Reaching safepoint: 84581 ns, At safepoint: 9837 ns, Total: 94418 ns
[2020-09-11T18:58:07.718+0000][1][safepoint    ] Safepoint "Cleanup", Time since last: 1000116662 ns, Reaching safepoint: 86191 ns, At safepoint: 7503 ns, Total: 93694 ns
[2020-09-11T18:58:08.676+0000][1][gc,start     ] GC(294) Pause Young (Allocation Failure)
[2020-09-11T18:58:08.676+0000][1][gc,task      ] GC(294) Using 1 workers of 1 for evacuation
[2020-09-11T18:58:08.723+0000][1][gc,age       ] GC(294) Desired survivor size 4358144 bytes, new threshold 6 (max threshold 6)
[2020-09-11T18:58:08.723+0000][1][gc,age       ] GC(294) Age table with threshold 6 (max threshold 6)
[2020-09-11T18:58:08.723+0000][1][gc,age       ] GC(294) - age   1:     202968 bytes,     202968 total
[2020-09-11T18:58:08.723+0000][1][gc,age       ] GC(294) - age   2:     193288 bytes,     396256 total
[2020-09-11T18:58:08.723+0000][1][gc,age       ] GC(294) - age   3:     102072 bytes,     498328 total
[2020-09-11T18:58:08.723+0000][1][gc,age       ] GC(294) - age   4:      32888 bytes,     531216 total
[2020-09-11T18:58:08.723+0000][1][gc,age       ] GC(294) - age   5:      11064 bytes,     542280 total
[2020-09-11T18:58:08.723+0000][1][gc,age       ] GC(294) - age   6:      21704 bytes,     563984 total
[2020-09-11T18:58:08.723+0000][1][gc,heap      ] GC(294) ParNew: 68951K->600K(76672K)
[2020-09-11T18:58:08.723+0000][1][gc,heap      ] GC(294) CMS: 192298K->192350K(2011968K)
[2020-09-11T18:58:08.723+0000][1][gc,metaspace ] GC(294) Metaspace: 98703K->98703K(1140736K)
[2020-09-11T18:58:08.732+0000][1][gc           ] GC(294) Pause Young (Allocation Failure) 255M->188M(2039M) 56.471ms
[2020-09-11T18:58:08.732+0000][1][gc,cpu       ] GC(294) User=0.01s Sys=0.00s Real=0.05s
[2020-09-11T18:58:08.733+0000][1][safepoint    ] Safepoint "GenCollectForAllocation", Time since last: 957365525 ns, Reaching safepoint: 167420 ns, At safepoint: 56703593 ns, Total: 56871013 ns
[2020-09-11T18:58:09.748+0000][1][safepoint    ] Safepoint "Cleanup", Time since last: 1015100071 ns, Reaching safepoint: 84847 ns, At safepoint: 9718 ns, Total: 94565 ns
[2020-09-11T18:58:10.748+0000][1][safepoint    ] Safepoint "Cleanup", Time since last: 1000319748 ns, Reaching safepoint: 175359 ns, At safepoint: 11021 ns, Total: 186380 ns
[2020-09-11T18:58:11.748+0000][1][safepoint    ] Safepoint "Cleanup", Time since last: 1000115893 ns, Reaching safepoint: 85966 ns, At safepoint: 9433 ns, Total: 95399 ns
[2020-09-11T18:58:12.749+0000][1][safepoint    ] Safepoint "Cleanup", Time since last: 1000118296 ns, Reaching safepoint: 87001 ns, At safepoint: 9715 ns, Total: 96716 ns
[2020-09-11T18:58:13.749+0000][1][safepoint    ] Safepoint "Cleanup", Time since last: 1000083937 ns, Reaching safepoint: 86522 ns, At safepoint: 10837 ns, Total: 97359 ns
[2020-09-11T18:58:14.749+0000][1][safepoint    ] Safepoint "Cleanup", Time since last: 1000111617 ns, Reaching safepoint: 85403 ns, At safepoint: 9480 ns, Total: 94883 ns
[2020-09-11T18:58:15.749+0000][1][safepoint    ] Safepoint "Cleanup", Time since last: 1000109421 ns, Reaching safepoint: 87156 ns, At safepoint: 9330 ns, Total: 96486 ns
[2020-09-11T18:58:16.749+0000][1][safepoint    ] Safepoint "Cleanup", Time since last: 1000113093 ns, Reaching safepoint: 84873 ns, At safepoint: 9194 ns, Total: 94067 ns
[2020-09-11T18:58:17.750+0000][1][safepoint    ] Safepoint "Cleanup", Time since last: 1000148319 ns, Reaching safepoint: 88932 ns, At safepoint: 10613 ns, Total: 99545 ns
[2020-09-11T18:58:18.750+0000][1][safepoint    ] Safepoint "Cleanup", Time since last: 1000101336 ns, Reaching safepoint: 87851 ns, At safepoint: 9669 ns, Total: 97520 ns
[2020-09-11T18:58:19.750+0000][1][safepoint    ] Safepoint "Cleanup", Time since last: 1000116570 ns, Reaching safepoint: 86520 ns, At safepoint: 10186 ns, Total: 96706 ns
[2020-09-11T18:58:20.750+0000][1][safepoint    ] Safepoint "Cleanup", Time since last: 1000135123 ns, Reaching safepoint: 172979 ns, At safepoint: 11557 ns, Total: 184536 ns
[2020-09-11T18:58:21.751+0000][1][safepoint    ] Safepoint "Cleanup", Time since last: 1000112055 ns, Reaching safepoint: 86581 ns, At safepoint: 10052 ns, Total: 96633 ns
[2020-09-11T18:58:22.751+0000][1][safepoint    ] Safepoint "Cleanup", Time since last: 1000115179 ns, Reaching safepoint: 102984 ns, At safepoint: 11048 ns, Total: 114032 ns
[2020-09-11T18:58:23.751+0000][1][safepoint    ] Safepoint "Cleanup", Time since last: 1000120803 ns, Reaching safepoint: 88909 ns, At safepoint: 9769 ns, Total: 98678 ns
[2020-09-11T18:58:24.751+0000][1][safepoint    ] Safepoint "Cleanup", Time since last: 1000107635 ns, Reaching safepoint: 86431 ns, At safepoint: 9266 ns, Total: 95697 ns
[2020-09-11T18:58:25.299+0000][1][safepoint    ] Safepoint "RevokeBias", Time since last: 547309733 ns, Reaching safepoint: 160865 ns, At safepoint: 24013 ns, Total: 184878 ns
[2020-09-11T18:58:25.514+0000][1][safepoint    ] Safepoint "RevokeBias", Time since last: 214586897 ns, Reaching safepoint: 336188 ns, At safepoint: 25090 ns, Total: 361278 ns
[2020-09-11T18:58:25.557+0000][1][gc,start     ] GC(295) Pause Young (Allocation Failure)
[2020-09-11T18:58:25.557+0000][1][gc,task      ] GC(295) Using 1 workers of 1 for evacuation
[2020-09-11T18:58:25.587+0000][1][gc,age       ] GC(295) Desired survivor size 4358144 bytes, new threshold 6 (max threshold 6)
[2020-09-11T18:58:25.587+0000][1][gc,age       ] GC(295) Age table with threshold 6 (max threshold 6)
[2020-09-11T18:58:25.587+0000][1][gc,age       ] GC(295) - age   1:     386984 bytes,     386984 total
[2020-09-11T18:58:25.587+0000][1][gc,age       ] GC(295) - age   2:     116048 bytes,     503032 total
[2020-09-11T18:58:25.587+0000][1][gc,age       ] GC(295) - age   3:      35168 bytes,     538200 total
[2020-09-11T18:58:25.587+0000][1][gc,age       ] GC(295) - age   4:      79920 bytes,     618120 total
[2020-09-11T18:58:25.587+0000][1][gc,age       ] GC(295) - age   5:      31336 bytes,     649456 total
[2020-09-11T18:58:25.587+0000][1][gc,age       ] GC(295) - age   6:      11064 bytes,     660520 total
[2020-09-11T18:58:25.587+0000][1][gc,heap      ] GC(295) ParNew: 68760K->1126K(76672K)
[2020-09-11T18:58:25.587+0000][1][gc,heap      ] GC(295) CMS: 192350K->192370K(2011968K)
[2020-09-11T18:58:25.587+0000][1][gc,metaspace ] GC(295) Metaspace: 98707K->98707K(1140736K)
[2020-09-11T18:58:25.587+0000][1][gc           ] GC(295) Pause Young (Allocation Failure) 254M->188M(2039M) 29.802ms
[2020-09-11T18:58:25.587+0000][1][gc,cpu       ] GC(295) User=0.02s Sys=0.00s Real=0.03s
[2020-09-11T18:58:25.587+0000][1][safepoint    ] Safepoint "GenCollectForAllocation", Time since last: 43097865 ns, Reaching safepoint: 198470 ns, At safepoint: 29877188 ns, Total: 30075658 ns
[2020-09-11T18:58:26.602+0000][1][safepoint    ] Safepoint "Cleanup", Time since last: 1015367532 ns, Reaching safepoint: 93469 ns, At safepoint: 23721 ns, Total: 117190 ns
[2020-09-11T18:58:27.603+0000][1][safepoint    ] Safepoint "Cleanup", Time since last: 1000113618 ns, Reaching safepoint: 96952 ns, At safepoint: 9507 ns, Total: 106459 ns
[2020-09-11T18:58:27.854+0000][1][safepoint    ] Safepoint "RevokeBias", Time since last: 250993049 ns, Reaching safepoint: 157368 ns, At safepoint: 25632 ns, Total: 183000 ns
[2020-09-11T18:58:27.854+0000][1][safepoint    ] Safepoint "RevokeBias", Time since last: 108447 ns, Reaching safepoint: 143367 ns, At safepoint: 16981 ns, Total: 160348 ns
[2020-09-11T18:58:27.854+0000][1][safepoint    ] Safepoint "RevokeBias", Time since last: 92626 ns, Reaching safepoint: 127847 ns, At safepoint: 15433 ns, Total: 143280 ns
[2020-09-11T18:58:27.855+0000][1][safepoint    ] Safepoint "RevokeBias", Time since last: 48663 ns, Reaching safepoint: 120301 ns, At safepoint: 14438 ns, Total: 134739 ns
[2020-09-11T18:58:27.874+0000][1][safepoint    ] Safepoint "RevokeBias", Time since last: 18836222 ns, Reaching safepoint: 148807 ns, At safepoint: 23113 ns, Total: 171920 ns
[2020-09-11T18:58:27.887+0000][1][safepoint    ] Safepoint "RevokeBias", Time since last: 10421104 ns, Reaching safepoint: 3395439 ns, At safepoint: 28177 ns, Total: 3423616 ns
[2020-09-11T18:58:28.888+0000][1][safepoint    ] Safepoint "Cleanup", Time since last: 1000109627 ns, Reaching safepoint: 87438 ns, At safepoint: 9326 ns, Total: 96764 ns
[2020-09-11T18:58:29.888+0000][1][safepoint    ] Safepoint "Cleanup", Time since last: 1000108940 ns, Reaching safepoint: 86762 ns, At safepoint: 8684 ns, Total: 95446 ns
[2020-09-11T18:58:30.744+0000][1][gc,start     ] GC(296) Pause Young (Allocation Failure)
[2020-09-11T18:58:30.744+0000][1][gc,task      ] GC(296) Using 1 workers of 1 for evacuation
[2020-09-11T18:58:30.777+0000][1][gc,age       ] GC(296) Desired survivor size 4358144 bytes, new threshold 6 (max threshold 6)
[2020-09-11T18:58:30.777+0000][1][gc,age       ] GC(296) Age table with threshold 6 (max threshold 6)
[2020-09-11T18:58:30.777+0000][1][gc,age       ] GC(296) - age   1:     284808 bytes,     284808 total
[2020-09-11T18:58:30.777+0000][1][gc,age       ] GC(296) - age   2:     255832 bytes,     540640 total
[2020-09-11T18:58:30.777+0000][1][gc,age       ] GC(296) - age   3:     112536 bytes,     653176 total
[2020-09-11T18:58:30.777+0000][1][gc,age       ] GC(296) - age   4:      33928 bytes,     687104 total
[2020-09-11T18:58:30.777+0000][1][gc,age       ] GC(296) - age   5:      79856 bytes,     766960 total
[2020-09-11T18:58:30.777+0000][1][gc,age       ] GC(296) - age   6:      31304 bytes,     798264 total
[2020-09-11T18:58:30.777+0000][1][gc,heap      ] GC(296) ParNew: 69286K->1147K(76672K)
[2020-09-11T18:58:30.777+0000][1][gc,heap      ] GC(296) CMS: 192370K->192380K(2011968K)
[2020-09-11T18:58:30.777+0000][1][gc,metaspace ] GC(296) Metaspace: 98712K->98712K(1140736K)
[2020-09-11T18:58:30.777+0000][1][gc           ] GC(296) Pause Young (Allocation Failure) 255M->188M(2039M) 33.659ms
[2020-09-11T18:58:30.777+0000][1][gc,cpu       ] GC(296) User=0.02s Sys=0.00s Real=0.03s
[2020-09-11T18:58:30.777+0000][1][safepoint    ] Safepoint "GenCollectForAllocation", Time since last: 855644083 ns, Reaching safepoint: 171048 ns, At safepoint: 33786013 ns, Total: 33957061 ns
[2020-09-11T18:58:31.788+0000][1][safepoint    ] Safepoint "Cleanup", Time since last: 1010083485 ns, Reaching safepoint: 95912 ns, At safepoint: 9362 ns, Total: 105274 ns
[2020-09-11T18:58:32.788+0000][1][safepoint    ] Safepoint "Cleanup", Time since last: 1000149135 ns, Reaching safepoint: 87913 ns, At safepoint: 10253 ns, Total: 98166 ns
[2020-09-11T18:58:33.788+0000][1][safepoint    ] Safepoint "Cleanup", Time since last: 1000113610 ns, Reaching safepoint: 105691 ns, At safepoint: 9674 ns, Total: 115365 ns
[2020-09-11T18:58:34.788+0000][1][safepoint    ] Safepoint "Cleanup", Time since last: 1000117064 ns, Reaching safepoint: 98235 ns, At safepoint: 9771 ns, Total: 108006 ns
[2020-09-11T18:58:35.788+0000][1][safepoint    ] Safepoint "Cleanup", Time since last: 1000115132 ns, Reaching safepoint: 90052 ns, At safepoint: 9215 ns, Total: 99267 ns
[2020-09-11T18:58:36.789+0000][1][safepoint    ] Safepoint "Cleanup", Time since last: 1000121146 ns, Reaching safepoint: 86797 ns, At safepoint: 9132 ns, Total: 95929 ns
[2020-09-11T18:58:37.789+0000][1][safepoint    ] Safepoint "Cleanup", Time since last: 1000209870 ns, Reaching safepoint: 83674 ns, At safepoint: 8597 ns, Total: 92271 ns
[2020-09-11T18:58:38.789+0000][1][safepoint    ] Safepoint "Cleanup", Time since last: 1000113220 ns, Reaching safepoint: 93400 ns, At safepoint: 18792 ns, Total: 112192 ns
[2020-09-11T18:58:39.789+0000][1][safepoint    ] Safepoint "Cleanup", Time since last: 1000130179 ns, Reaching safepoint: 94427 ns, At safepoint: 8560 ns, Total: 102987 ns
[2020-09-11T18:58:40.790+0000][1][safepoint    ] Safepoint "Cleanup", Time since last: 1000116452 ns, Reaching safepoint: 87753 ns, At safepoint: 10238 ns, Total: 97991 ns
[2020-09-11T18:58:41.790+0000][1][safepoint    ] Safepoint "Cleanup", Time since last: 1000117475 ns, Reaching safepoint: 88006 ns, At safepoint: 8847 ns, Total: 96853 ns
[2020-09-11T18:58:45.790+0000][1][safepoint    ] Safepoint "Cleanup", Time since last: 4000334273 ns, Reaching safepoint: 92817 ns, At safepoint: 10448 ns, Total: 103265 ns
[2020-09-11T18:58:48.893+0000][1][gc,start     ] GC(297) Pause Young (Allocation Failure)
[2020-09-11T18:58:48.893+0000][1][gc,task      ] GC(297) Using 1 workers of 1 for evacuation
[2020-09-11T18:58:48.923+0000][1][gc,age       ] GC(297) Desired survivor size 4358144 bytes, new threshold 6 (max threshold 6)
[2020-09-11T18:58:48.923+0000][1][gc,age       ] GC(297) Age table with threshold 6 (max threshold 6)
[2020-09-11T18:58:48.923+0000][1][gc,age       ] GC(297) - age   1:     240304 bytes,     240304 total
[2020-09-11T18:58:48.923+0000][1][gc,age       ] GC(297) - age   2:     210384 bytes,     450688 total
[2020-09-11T18:58:48.923+0000][1][gc,age       ] GC(297) - age   3:     235840 bytes,     686528 total
[2020-09-11T18:58:48.923+0000][1][gc,age       ] GC(297) - age   4:      17184 bytes,     703712 total
[2020-09-11T18:58:48.923+0000][1][gc,age       ] GC(297) - age   5:      29576 bytes,     733288 total
[2020-09-11T18:58:48.923+0000][1][gc,age       ] GC(297) - age   6:      79856 bytes,     813144 total
[2020-09-11T18:58:48.923+0000][1][gc,heap      ] GC(297) ParNew: 69307K->1360K(76672K)
[2020-09-11T18:58:48.923+0000][1][gc,heap      ] GC(297) CMS: 192380K->192411K(2011968K)
[2020-09-11T18:58:48.923+0000][1][gc,metaspace ] GC(297) Metaspace: 98714K->98714K(1140736K)
[2020-09-11T18:58:48.923+0000][1][gc           ] GC(297) Pause Young (Allocation Failure) 255M->189M(2039M) 30.685ms
[2020-09-11T18:58:48.923+0000][1][gc,cpu       ] GC(297) User=0.02s Sys=0.00s Real=0.04s
[2020-09-11T18:58:48.923+0000][1][safepoint    ] Safepoint "GenCollectForAllocation", Time since last: 3099853691 ns, Reaching safepoint: 2340720 ns, At safepoint: 30833928 ns, Total: 33174648 ns
[2020-09-11T18:58:56.228+0000][1][safepoint    ] Safepoint "RevokeBias", Time since last: 7303828550 ns, Reaching safepoint: 294001 ns, At safepoint: 34900 ns, Total: 328901 ns
[2020-09-11T18:58:56.228+0000][1][safepoint    ] Safepoint "RevokeBias", Time since last: 68376 ns, Reaching safepoint: 200550 ns, At safepoint: 20104 ns, Total: 220654 ns
[2020-09-11T18:58:56.228+0000][1][safepoint    ] Safepoint "RevokeBias", Time since last: 43936 ns, Reaching safepoint: 185608 ns, At safepoint: 17100 ns, Total: 202708 ns
[2020-09-11T18:58:56.228+0000][1][safepoint    ] Safepoint "RevokeBias", Time since last: 39563 ns, Reaching safepoint: 216933 ns, At safepoint: 16300 ns, Total: 233233 ns
[2020-09-11T18:58:59.229+0000][1][safepoint    ] Safepoint "Cleanup", Time since last: 3000245488 ns, Reaching safepoint: 99580 ns, At safepoint: 10052 ns, Total: 109632 ns
[2020-09-11T18:59:00.769+0000][1][gc,start     ] GC(298) Pause Young (Allocation Failure)
[2020-09-11T18:59:00.769+0000][1][gc,task      ] GC(298) Using 1 workers of 1 for evacuation
[2020-09-11T18:59:00.802+0000][1][gc,age       ] GC(298) Desired survivor size 4358144 bytes, new threshold 6 (max threshold 6)
[2020-09-11T18:59:00.802+0000][1][gc,age       ] GC(298) Age table with threshold 6 (max threshold 6)
[2020-09-11T18:59:00.802+0000][1][gc,age       ] GC(298) - age   1:     136144 bytes,     136144 total
[2020-09-11T18:59:00.802+0000][1][gc,age       ] GC(298) - age   2:     148304 bytes,     284448 total
[2020-09-11T18:59:00.802+0000][1][gc,age       ] GC(298) - age   3:     207168 bytes,     491616 total
[2020-09-11T18:59:00.802+0000][1][gc,age       ] GC(298) - age   4:     213680 bytes,     705296 total
[2020-09-11T18:59:00.802+0000][1][gc,age       ] GC(298) - age   5:      17120 bytes,     722416 total
[2020-09-11T18:59:00.802+0000][1][gc,age       ] GC(298) - age   6:      29576 bytes,     751992 total
[2020-09-11T18:59:00.802+0000][1][gc,heap      ] GC(298) ParNew: 69518K->935K(76672K)
[2020-09-11T18:59:00.802+0000][1][gc,heap      ] GC(298) CMS: 192411K->192489K(2011968K)
[2020-09-11T18:59:00.802+0000][1][gc,metaspace ] GC(298) Metaspace: 98714K->98714K(1140736K)
[2020-09-11T18:59:00.802+0000][1][gc           ] GC(298) Pause Young (Allocation Failure) 255M->188M(2039M) 33.334ms
[2020-09-11T18:59:00.802+0000][1][gc,cpu       ] GC(298) User=0.02s Sys=0.00s Real=0.04s
[2020-09-11T18:59:00.802+0000][1][safepoint    ] Safepoint "GenCollectForAllocation", Time since last: 1539143760 ns, Reaching safepoint: 1017022 ns, At safepoint: 33429822 ns, Total: 34446844 ns
[2020-09-11T18:59:10.817+0000][1][safepoint    ] Safepoint "Cleanup", Time since last: 10014326720 ns, Reaching safepoint: 92286 ns, At safepoint: 9623 ns, Total: 101909 ns
[2020-09-11T18:59:16.817+0000][1][safepoint    ] Safepoint "Cleanup", Time since last: 6000513464 ns, Reaching safepoint: 91423 ns, At safepoint: 9189 ns, Total: 100612 ns
[2020-09-11T18:59:18.818+0000][1][safepoint    ] Safepoint "Cleanup", Time since last: 2000184694 ns, Reaching safepoint: 92009 ns, At safepoint: 10044 ns, Total: 102053 ns
[2020-09-11T18:59:19.818+0000][1][safepoint    ] Safepoint "Cleanup", Time since last: 1000130101 ns, Reaching safepoint: 92915 ns, At safepoint: 9629 ns, Total: 102544 ns
[2020-09-11T18:59:20.751+0000][1][gc,start     ] GC(299) Pause Young (Allocation Failure)
[2020-09-11T18:59:20.751+0000][1][gc,task      ] GC(299) Using 1 workers of 1 for evacuation
[2020-09-11T18:59:20.786+0000][1][gc,age       ] GC(299) Desired survivor size 4358144 bytes, new threshold 6 (max threshold 6)
[2020-09-11T18:59:20.786+0000][1][gc,age       ] GC(299) Age table with threshold 6 (max threshold 6)
[2020-09-11T18:59:20.786+0000][1][gc,age       ] GC(299) - age   1:     401944 bytes,     401944 total
[2020-09-11T18:59:20.786+0000][1][gc,age       ] GC(299) - age   2:      37656 bytes,     439600 total
[2020-09-11T18:59:20.786+0000][1][gc,age       ] GC(299) - age   3:     141272 bytes,     580872 total
[2020-09-11T18:59:20.786+0000][1][gc,age       ] GC(299) - age   4:     206856 bytes,     787728 total
[2020-09-11T18:59:20.786+0000][1][gc,age       ] GC(299) - age   5:      56856 bytes,     844584 total
[2020-09-11T18:59:20.786+0000][1][gc,age       ] GC(299) - age   6:      17024 bytes,     861608 total
[2020-09-11T18:59:20.787+0000][1][gc,heap      ] GC(299) ParNew: 69095K->1335K(76672K)
[2020-09-11T18:59:20.787+0000][1][gc,heap      ] GC(299) CMS: 192489K->192518K(2011968K)
[2020-09-11T18:59:20.787+0000][1][gc,metaspace ] GC(299) Metaspace: 98714K->98714K(1140736K)
[2020-09-11T18:59:20.787+0000][1][gc           ] GC(299) Pause Young (Allocation Failure) 255M->189M(2039M) 35.382ms
[2020-09-11T18:59:20.787+0000][1][gc,cpu       ] GC(299) User=0.02s Sys=0.00s Real=0.04s
[2020-09-11T18:59:20.787+0000][1][safepoint    ] Safepoint "GenCollectForAllocation", Time since last: 933132161 ns, Reaching safepoint: 214740 ns, At safepoint: 35592883 ns, Total: 35807623 ns
[2020-09-11T18:59:26.792+0000][1][safepoint    ] Safepoint "Cleanup", Time since last: 6005320866 ns, Reaching safepoint: 119084 ns, At safepoint: 10601 ns, Total: 129685 ns
[2020-09-11T18:59:27.792+0000][1][safepoint    ] Safepoint "Cleanup", Time since last: 1000108163 ns, Reaching safepoint: 94430 ns, At safepoint: 10102 ns, Total: 104532 ns
[2020-09-11T18:59:28.797+0000][1][safepoint    ] Safepoint "Cleanup", Time since last: 1004347961 ns, Reaching safepoint: 213567 ns, At safepoint: 11686 ns, Total: 225253 ns
[2020-09-11T18:59:29.797+0000][1][safepoint    ] Safepoint "Cleanup", Time since last: 1000111535 ns, Reaching safepoint: 86198 ns, At safepoint: 9461 ns, Total: 95659 ns
[2020-09-11T18:59:30.797+0000][1][safepoint    ] Safepoint "Cleanup", Time since last: 1000109513 ns, Reaching safepoint: 85603 ns, At safepoint: 9807 ns, Total: 95410 ns
[2020-09-11T18:59:31.798+0000][1][safepoint    ] Safepoint "Cleanup", Time since last: 1000112587 ns, Reaching safepoint: 87284 ns, At safepoint: 8317 ns, Total: 95601 ns
[2020-09-11T18:59:32.798+0000][1][safepoint    ] Safepoint "Cleanup", Time since last: 1000111249 ns, Reaching safepoint: 88094 ns, At safepoint: 9363 ns, Total: 97457 ns
[2020-09-11T18:59:33.798+0000][1][safepoint    ] Safepoint "Cleanup", Time since last: 1000112777 ns, Reaching safepoint: 86523 ns, At safepoint: 10224 ns, Total: 96747 ns
[2020-09-11T18:59:34.798+0000][1][safepoint    ] Safepoint "Cleanup", Time since last: 1000109308 ns, Reaching safepoint: 86987 ns, At safepoint: 8279 ns, Total: 95266 ns
[2020-09-11T18:59:35.798+0000][1][safepoint    ] Safepoint "Cleanup", Time since last: 1000110171 ns, Reaching safepoint: 88474 ns, At safepoint: 9450 ns, Total: 97924 ns
[2020-09-11T18:59:36.799+0000][1][safepoint    ] Safepoint "Cleanup", Time since last: 1000111982 ns, Reaching safepoint: 94895 ns, At safepoint: 10631 ns, Total: 105526 ns
[2020-09-11T18:59:37.799+0000][1][safepoint    ] Safepoint "Cleanup", Time since last: 1000120904 ns, Reaching safepoint: 88007 ns, At safepoint: 9776 ns, Total: 97783 ns
[2020-09-11T18:59:38.799+0000][1][safepoint    ] Safepoint "Cleanup", Time since last: 1000116371 ns, Reaching safepoint: 86120 ns, At safepoint: 9168 ns, Total: 95288 ns
[2020-09-11T18:59:39.799+0000][1][safepoint    ] Safepoint "Cleanup", Time since last: 1000132926 ns, Reaching safepoint: 92663 ns, At safepoint: 10706 ns, Total: 103369 ns
[2020-09-11T18:59:40.745+0000][1][gc,start     ] GC(300) Pause Young (Allocation Failure)
[2020-09-11T18:59:40.745+0000][1][gc,task      ] GC(300) Using 1 workers of 1 for evacuation
[2020-09-11T18:59:40.774+0000][1][gc,age       ] GC(300) Desired survivor size 4358144 bytes, new threshold 6 (max threshold 6)
[2020-09-11T18:59:40.774+0000][1][gc,age       ] GC(300) Age table with threshold 6 (max threshold 6)
[2020-09-11T18:59:40.774+0000][1][gc,age       ] GC(300) - age   1:     235112 bytes,     235112 total
[2020-09-11T18:59:40.774+0000][1][gc,age       ] GC(300) - age   2:     205720 bytes,     440832 total
[2020-09-11T18:59:40.774+0000][1][gc,age       ] GC(300) - age   3:      34344 bytes,     475176 total
[2020-09-11T18:59:40.774+0000][1][gc,age       ] GC(300) - age   4:      63664 bytes,     538840 total
[2020-09-11T18:59:40.774+0000][1][gc,age       ] GC(300) - age   5:     206856 bytes,     745696 total
[2020-09-11T18:59:40.774+0000][1][gc,age       ] GC(300) - age   6:      20648 bytes,     766344 total
[2020-09-11T18:59:40.774+0000][1][gc,heap      ] GC(300) ParNew: 69495K->797K(76672K)
[2020-09-11T18:59:40.774+0000][1][gc,heap      ] GC(300) CMS: 192518K->192534K(2011968K)
[2020-09-11T18:59:40.774+0000][1][gc,metaspace ] GC(300) Metaspace: 98716K->98716K(1140736K)
[2020-09-11T18:59:40.774+0000][1][gc           ] GC(300) Pause Young (Allocation Failure) 255M->188M(2039M) 29.174ms
[2020-09-11T18:59:40.774+0000][1][gc,cpu       ] GC(300) User=0.01s Sys=0.00s Real=0.03s
[2020-09-11T18:59:40.774+0000][1][safepoint    ] Safepoint "GenCollectForAllocation", Time since last: 941918318 ns, Reaching safepoint: 3587396 ns, At safepoint: 29245970 ns, Total: 32833366 ns
[2020-09-11T18:59:41.787+0000][1][safepoint    ] Safepoint "Cleanup", Time since last: 1012664739 ns, Reaching safepoint: 94691 ns, At safepoint: 9858 ns, Total: 104549 ns
[2020-09-11T18:59:42.007+0000][1][safepoint    ] Safepoint "RevokeBias", Time since last: 219894496 ns, Reaching safepoint: 169520 ns, At safepoint: 23607 ns, Total: 193127 ns
[2020-09-11T18:59:42.007+0000][1][safepoint    ] Safepoint "RevokeBias", Time since last: 105755 ns, Reaching safepoint: 162942 ns, At safepoint: 16763 ns, Total: 179705 ns
[2020-09-11T18:59:42.008+0000][1][safepoint    ] Safepoint "RevokeBias", Time since last: 154028 ns, Reaching safepoint: 132893 ns, At safepoint: 17667 ns, Total: 150560 ns
[2020-09-11T18:59:42.053+0000][1][safepoint    ] Safepoint "RevokeBias", Time since last: 44981467 ns, Reaching safepoint: 320722 ns, At safepoint: 24809 ns, Total: 345531 ns
[2020-09-11T18:59:42.062+0000][1][safepoint    ] Safepoint "RevokeBias", Time since last: 8452348 ns, Reaching safepoint: 166917 ns, At safepoint: 23493 ns, Total: 190410 ns
[2020-09-11T18:59:42.931+0000][1][safepoint    ] Safepoint "RevokeBias", Time since last: 869609446 ns, Reaching safepoint: 80357 ns, At safepoint: 25226 ns, Total: 105583 ns
[2020-09-11T18:59:43.931+0000][1][safepoint    ] Safepoint "Cleanup", Time since last: 1000115183 ns, Reaching safepoint: 83098 ns, At safepoint: 7829 ns, Total: 90927 ns
[2020-09-11T18:59:44.932+0000][1][safepoint    ] Safepoint "Cleanup", Time since last: 1000114119 ns, Reaching safepoint: 94098 ns, At safepoint: 7444 ns, Total: 101542 ns
[2020-09-11T18:59:45.932+0000][1][safepoint    ] Safepoint "Cleanup", Time since last: 1000110836 ns, Reaching safepoint: 81803 ns, At safepoint: 13957 ns, Total: 95760 ns
[2020-09-11T18:59:46.932+0000][1][safepoint    ] Safepoint "Cleanup", Time since last: 1000111446 ns, Reaching safepoint: 94924 ns, At safepoint: 7257 ns, Total: 102181 ns
[2020-09-11T18:59:47.932+0000][1][safepoint    ] Safepoint "Cleanup", Time since last: 1000111223 ns, Reaching safepoint: 90407 ns, At safepoint: 12533 ns, Total: 102940 ns
[2020-09-11T18:59:48.933+0000][1][safepoint    ] Safepoint "Cleanup", Time since last: 1000112834 ns, Reaching safepoint: 93016 ns, At safepoint: 7725 ns, Total: 100741 ns
[2020-09-11T18:59:49.933+0000][1][safepoint    ] Safepoint "Cleanup", Time since last: 1000129935 ns, Reaching safepoint: 93152 ns, At safepoint: 7779 ns, Total: 100931 ns
[2020-09-11T18:59:50.801+0000][1][gc,start     ] GC(301) Pause Young (Allocation Failure)
[2020-09-11T18:59:50.801+0000][1][gc,task      ] GC(301) Using 1 workers of 1 for evacuation
[2020-09-11T18:59:50.829+0000][1][gc,age       ] GC(301) Desired survivor size 4358144 bytes, new threshold 6 (max threshold 6)
[2020-09-11T18:59:50.829+0000][1][gc,age       ] GC(301) Age table with threshold 6 (max threshold 6)
[2020-09-11T18:59:50.829+0000][1][gc,age       ] GC(301) - age   1:     253064 bytes,     253064 total
[2020-09-11T18:59:50.829+0000][1][gc,age       ] GC(301) - age   2:     170168 bytes,     423232 total
[2020-09-11T18:59:50.829+0000][1][gc,age       ] GC(301) - age   3:     201896 bytes,     625128 total
[2020-09-11T18:59:50.829+0000][1][gc,age       ] GC(301) - age   4:      34344 bytes,     659472 total
[2020-09-11T18:59:50.829+0000][1][gc,age       ] GC(301) - age   5:      54224 bytes,     713696 total
[2020-09-11T18:59:50.829+0000][1][gc,age       ] GC(301) - age   6:     206752 bytes,     920448 total
[2020-09-11T18:59:50.829+0000][1][gc,heap      ] GC(301) ParNew: 68957K->1521K(76672K)
[2020-09-11T18:59:50.830+0000][1][gc,heap      ] GC(301) CMS: 192534K->192554K(2011968K)
[2020-09-11T18:59:50.830+0000][1][gc,metaspace ] GC(301) Metaspace: 98717K->98717K(1140736K)
[2020-09-11T18:59:50.830+0000][1][gc           ] GC(301) Pause Young (Allocation Failure) 255M->189M(2039M) 28.680ms
[2020-09-11T18:59:50.830+0000][1][gc,cpu       ] GC(301) User=0.02s Sys=0.00s Real=0.02s
[2020-09-11T18:59:50.830+0000][1][safepoint    ] Safepoint "GenCollectForAllocation", Time since last: 864064490 ns, Reaching safepoint: 4056215 ns, At safepoint: 29124299 ns, Total: 33180514 ns
[2020-09-11T18:59:51.835+0000][1][safepoint    ] Safepoint "Cleanup", Time since last: 1004723995 ns, Reaching safepoint: 83964 ns, At safepoint: 23576 ns, Total: 107540 ns
[2020-09-11T18:59:52.835+0000][1][safepoint    ] Safepoint "Cleanup", Time since last: 1000112091 ns, Reaching safepoint: 84565 ns, At safepoint: 20926 ns, Total: 105491 ns
[2020-09-11T18:59:53.835+0000][1][safepoint    ] Safepoint "Cleanup", Time since last: 1000125074 ns, Reaching safepoint: 85118 ns, At safepoint: 23066 ns, Total: 108184 ns
[2020-09-11T18:59:54.835+0000][1][safepoint    ] Safepoint "Cleanup", Time since last: 1000111918 ns, Reaching safepoint: 83012 ns, At safepoint: 21975 ns, Total: 104987 ns
[2020-09-11T18:59:55.836+0000][1][safepoint    ] Safepoint "Cleanup", Time since last: 1000111861 ns, Reaching safepoint: 85247 ns, At safepoint: 8786 ns, Total: 94033 ns
[2020-09-11T18:59:56.836+0000][1][safepoint    ] Safepoint "Cleanup", Time since last: 1000115431 ns, Reaching safepoint: 84853 ns, At safepoint: 8733 ns, Total: 93586 ns
[2020-09-11T18:59:57.836+0000][1][safepoint    ] Safepoint "Cleanup", Time since last: 1000111124 ns, Reaching safepoint: 107144 ns, At safepoint: 8681 ns, Total: 115825 ns
[2020-09-11T18:59:58.841+0000][1][safepoint    ] Safepoint "Cleanup", Time since last: 1002916103 ns, Reaching safepoint: 1837513 ns, At safepoint: 12528 ns, Total: 1850041 ns
[2020-09-11T18:59:59.841+0000][1][safepoint    ] Safepoint "Cleanup", Time since last: 1000110594 ns, Reaching safepoint: 86482 ns, At safepoint: 9700 ns, Total: 96182 ns
[2020-09-11T19:00:00.841+0000][1][safepoint    ] Safepoint "Cleanup", Time since last: 1000124805 ns, Reaching safepoint: 97326 ns, At safepoint: 12497 ns, Total: 109823 ns
[2020-09-11T19:00:01.842+0000][1][safepoint    ] Safepoint "Cleanup", Time since last: 1000119163 ns, Reaching safepoint: 85907 ns, At safepoint: 10197 ns, Total: 96104 ns
[2020-09-11T19:00:02.842+0000][1][safepoint    ] Safepoint "Cleanup", Time since last: 1000115227 ns, Reaching safepoint: 86686 ns, At safepoint: 10482 ns, Total: 97168 ns
[2020-09-11T19:00:03.842+0000][1][safepoint    ] Safepoint "Cleanup", Time since last: 1000108625 ns, Reaching safepoint: 82376 ns, At safepoint: 8523 ns, Total: 90899 ns
[2020-09-11T19:00:04.842+0000][1][safepoint    ] Safepoint "Cleanup", Time since last: 1000125115 ns, Reaching safepoint: 87023 ns, At safepoint: 8650 ns, Total: 95673 ns
[2020-09-11T19:00:05.842+0000][1][safepoint    ] Safepoint "Cleanup", Time since last: 1000110509 ns, Reaching safepoint: 86364 ns, At safepoint: 9679 ns, Total: 96043 ns
[2020-09-11T19:00:06.843+0000][1][safepoint    ] Safepoint "Cleanup", Time since last: 1000112089 ns, Reaching safepoint: 84965 ns, At safepoint: 9064 ns, Total: 94029 ns
[2020-09-11T19:00:07.843+0000][1][safepoint    ] Safepoint "Cleanup", Time since last: 1000112202 ns, Reaching safepoint: 82897 ns, At safepoint: 17585 ns, Total: 100482 ns
[2020-09-11T19:00:08.517+0000][1][gc,start     ] GC(302) Pause Young (Allocation Failure)
[2020-09-11T19:00:08.517+0000][1][gc,task      ] GC(302) Using 1 workers of 1 for evacuation
[2020-09-11T19:00:08.566+0000][1][gc,age       ] GC(302) Desired survivor size 4358144 bytes, new threshold 6 (max threshold 6)
[2020-09-11T19:00:08.566+0000][1][gc,age       ] GC(302) Age table with threshold 6 (max threshold 6)
[2020-09-11T19:00:08.566+0000][1][gc,age       ] GC(302) - age   1:     425320 bytes,     425320 total
[2020-09-11T19:00:08.566+0000][1][gc,age       ] GC(302) - age   2:      84760 bytes,     510080 total
[2020-09-11T19:00:08.566+0000][1][gc,age       ] GC(302) - age   3:     161648 bytes,     671728 total
[2020-09-11T19:00:08.566+0000][1][gc,age       ] GC(302) - age   4:      23744 bytes,     695472 total
[2020-09-11T19:00:08.566+0000][1][gc,age       ] GC(302) - age   5:      12552 bytes,     708024 total
[2020-09-11T19:00:08.566+0000][1][gc,age       ] GC(302) - age   6:      32752 bytes,     740776 total
[2020-09-11T19:00:08.566+0000][1][gc,heap      ] GC(302) ParNew: 69681K->1054K(76672K)
[2020-09-11T19:00:08.566+0000][1][gc,heap      ] GC(302) CMS: 192554K->192764K(2011968K)
[2020-09-11T19:00:08.566+0000][1][gc,metaspace ] GC(302) Metaspace: 98719K->98719K(1140736K)
[2020-09-11T19:00:08.566+0000][1][gc           ] GC(302) Pause Young (Allocation Failure) 256M->189M(2039M) 49.493ms
[2020-09-11T19:00:08.566+0000][1][gc,cpu       ] GC(302) User=0.01s Sys=0.00s Real=0.05s
[2020-09-11T19:00:08.569+0000][1][safepoint    ] Safepoint "GenCollectForAllocation", Time since last: 672099280 ns, Reaching safepoint: 1954541 ns, At safepoint: 51927514 ns, Total: 53882055 ns
[2020-09-11T19:00:08.605+0000][1][safepoint    ] Safepoint "RevokeBias", Time since last: 36370182 ns, Reaching safepoint: 85866 ns, At safepoint: 23195 ns, Total: 109061 ns
[2020-09-11T19:00:08.621+0000][1][safepoint    ] Safepoint "RevokeBias", Time since last: 13000681 ns, Reaching safepoint: 2684289 ns, At safepoint: 29895 ns, Total: 2714184 ns
[2020-09-11T19:00:08.621+0000][1][safepoint    ] Safepoint "RevokeBias", Time since last: 66497 ns, Reaching safepoint: 204348 ns, At safepoint: 20446 ns, Total: 224794 ns
[2020-09-11T19:00:08.622+0000][1][safepoint    ] Safepoint "RevokeBias", Time since last: 42215 ns, Reaching safepoint: 190806 ns, At safepoint: 17992 ns, Total: 208798 ns
[2020-09-11T19:00:08.622+0000][1][safepoint    ] Safepoint "RevokeBias", Time since last: 38390 ns, Reaching safepoint: 174812 ns, At safepoint: 16931 ns, Total: 191743 ns
[2020-09-11T19:00:08.622+0000][1][safepoint    ] Safepoint "RevokeBias", Time since last: 35155 ns, Reaching safepoint: 164700 ns, At safepoint: 15575 ns, Total: 180275 ns
[2020-09-11T19:00:08.622+0000][1][safepoint    ] Safepoint "RevokeBias", Time since last: 33387 ns, Reaching safepoint: 158462 ns, At safepoint: 23607 ns, Total: 182069 ns
[2020-09-11T19:00:08.622+0000][1][safepoint    ] Safepoint "RevokeBias", Time since last: 28124 ns, Reaching safepoint: 155602 ns, At safepoint: 78376 ns, Total: 233978 ns
[2020-09-11T19:00:08.623+0000][1][safepoint    ] Safepoint "RevokeBias", Time since last: 38271 ns, Reaching safepoint: 117720 ns, At safepoint: 21456 ns, Total: 139176 ns
[2020-09-11T19:00:08.623+0000][1][safepoint    ] Safepoint "RevokeBias", Time since last: 26536 ns, Reaching safepoint: 463537 ns, At safepoint: 21735 ns, Total: 485272 ns
[2020-09-11T19:00:08.625+0000][1][safepoint    ] Safepoint "RevokeBias", Time since last: 41871 ns, Reaching safepoint: 1622485 ns, At safepoint: 23572 ns, Total: 1646057 ns
[2020-09-11T19:00:08.965+0000][1][safepoint    ] Safepoint "RevokeBias", Time since last: 338483733 ns, Reaching safepoint: 1571206 ns, At safepoint: 26103 ns, Total: 1597309 ns
[2020-09-11T19:00:08.965+0000][1][safepoint    ] Safepoint "RevokeBias", Time since last: 65701 ns, Reaching safepoint: 152014 ns, At safepoint: 16993 ns, Total: 169007 ns
[2020-09-11T19:00:09.009+0000][1][safepoint    ] Safepoint "RevokeBias", Time since last: 43908552 ns, Reaching safepoint: 186367 ns, At safepoint: 22824 ns, Total: 209191 ns
[2020-09-11T19:00:10.009+0000][1][safepoint    ] Safepoint "Cleanup", Time since last: 1000109323 ns, Reaching safepoint: 97249 ns, At safepoint: 10144 ns, Total: 107393 ns
[2020-09-11T19:00:11.010+0000][1][safepoint    ] Safepoint "Cleanup", Time since last: 1000114797 ns, Reaching safepoint: 92510 ns, At safepoint: 9754 ns, Total: 102264 ns
[2020-09-11T19:00:14.010+0000][1][safepoint    ] Safepoint "Cleanup", Time since last: 3000369701 ns, Reaching safepoint: 94763 ns, At safepoint: 10695 ns, Total: 105458 ns
[2020-09-11T19:00:16.013+0000][1][safepoint    ] Safepoint "Cleanup", Time since last: 2002677675 ns, Reaching safepoint: 97552 ns, At safepoint: 10719 ns, Total: 108271 ns
[2020-09-11T19:00:17.013+0000][1][safepoint    ] Safepoint "Cleanup", Time since last: 1000112785 ns, Reaching safepoint: 91145 ns, At safepoint: 9130 ns, Total: 100275 ns
[2020-09-11T19:00:19.013+0000][1][gc,start     ] GC(303) Pause Young (Allocation Failure)
[2020-09-11T19:00:19.013+0000][1][gc,task      ] GC(303) Using 1 workers of 1 for evacuation
[2020-09-11T19:00:19.062+0000][1][gc,age       ] GC(303) Desired survivor size 4358144 bytes, new threshold 6 (max threshold 6)
[2020-09-11T19:00:19.062+0000][1][gc,age       ] GC(303) Age table with threshold 6 (max threshold 6)
[2020-09-11T19:00:19.062+0000][1][gc,age       ] GC(303) - age   1:     261168 bytes,     261168 total
[2020-09-11T19:00:19.062+0000][1][gc,age       ] GC(303) - age   2:     334680 bytes,     595848 total
[2020-09-11T19:00:19.062+0000][1][gc,age       ] GC(303) - age   3:      67808 bytes,     663656 total
[2020-09-11T19:00:19.062+0000][1][gc,age       ] GC(303) - age   4:     119200 bytes,     782856 total
[2020-09-11T19:00:19.062+0000][1][gc,age       ] GC(303) - age   5:      20560 bytes,     803416 total
[2020-09-11T19:00:19.062+0000][1][gc,age       ] GC(303) - age   6:      10752 bytes,     814168 total
[2020-09-11T19:00:19.062+0000][1][gc,heap      ] GC(303) ParNew: 69214K->1348K(76672K)
[2020-09-11T19:00:19.062+0000][1][gc,heap      ] GC(303) CMS: 192764K->192795K(2011968K)
[2020-09-11T19:00:19.062+0000][1][gc,metaspace ] GC(303) Metaspace: 98779K->98779K(1140736K)
[2020-09-11T19:00:19.062+0000][1][gc           ] GC(303) Pause Young (Allocation Failure) 255M->189M(2039M) 49.341ms
[2020-09-11T19:00:19.062+0000][1][gc,cpu       ] GC(303) User=0.02s Sys=0.00s Real=0.05s
[2020-09-11T19:00:19.062+0000][1][safepoint    ] Safepoint "GenCollectForAllocation", Time since last: 1995623478 ns, Reaching safepoint: 4076397 ns, At safepoint: 49426000 ns, Total: 53502397 ns
[2020-09-11T19:00:21.036+0000][1][safepoint    ] Safepoint "RevokeBias", Time since last: 1973574810 ns, Reaching safepoint: 460953 ns, At safepoint: 35550 ns, Total: 496503 ns
[2020-09-11T19:00:21.047+0000][1][safepoint    ] Safepoint "RevokeBias", Time since last: 8584385 ns, Reaching safepoint: 2030166 ns, At safepoint: 42647 ns, Total: 2072813 ns
[2020-09-11T19:00:21.101+0000][1][safepoint    ] Safepoint "BulkRevokeBias", Time since last: 54126580 ns, Reaching safepoint: 158458 ns, At safepoint: 193627 ns, Total: 352085 ns
[2020-09-11T19:00:21.218+0000][1][safepoint    ] Safepoint "RevokeBias", Time since last: 116459104 ns, Reaching safepoint: 206785 ns, At safepoint: 11606 ns, Total: 218391 ns
[2020-09-11T19:00:22.218+0000][1][safepoint    ] Safepoint "Cleanup", Time since last: 1000114070 ns, Reaching safepoint: 91323 ns, At safepoint: 10124 ns, Total: 101447 ns
[2020-09-11T19:00:26.221+0000][1][safepoint    ] Safepoint "Cleanup", Time since last: 4002461982 ns, Reaching safepoint: 107851 ns, At safepoint: 11263 ns, Total: 119114 ns
[2020-09-11T19:00:29.221+0000][1][safepoint    ] Safepoint "Cleanup", Time since last: 3000265733 ns, Reaching safepoint: 91140 ns, At safepoint: 10193 ns, Total: 101333 ns
[2020-09-11T19:00:30.838+0000][1][gc,start     ] GC(304) Pause Young (Allocation Failure)
[2020-09-11T19:00:30.838+0000][1][gc,task      ] GC(304) Using 1 workers of 1 for evacuation
[2020-09-11T19:00:30.881+0000][1][gc,age       ] GC(304) Desired survivor size 4358144 bytes, new threshold 6 (max threshold 6)
[2020-09-11T19:00:30.881+0000][1][gc,age       ] GC(304) Age table with threshold 6 (max threshold 6)
[2020-09-11T19:00:30.881+0000][1][gc,age       ] GC(304) - age   1:     222736 bytes,     222736 total
[2020-09-11T19:00:30.881+0000][1][gc,age       ] GC(304) - age   2:     170728 bytes,     393464 total
[2020-09-11T19:00:30.885+0000][1][gc,age       ] GC(304) - age   3:     330296 bytes,     723760 total
[2020-09-11T19:00:30.885+0000][1][gc,age       ] GC(304) - age   4:      67496 bytes,     791256 total
[2020-09-11T19:00:30.885+0000][1][gc,age       ] GC(304) - age   5:     116736 bytes,     907992 total
[2020-09-11T19:00:30.885+0000][1][gc,age       ] GC(304) - age   6:      20560 bytes,     928552 total
[2020-09-11T19:00:30.885+0000][1][gc,heap      ] GC(304) ParNew: 69508K->933K(76672K)
[2020-09-11T19:00:30.885+0000][1][gc,heap      ] GC(304) CMS: 192795K->192806K(2011968K)
[2020-09-11T19:00:30.885+0000][1][gc,metaspace ] GC(304) Metaspace: 98812K->98812K(1140736K)
[2020-09-11T19:00:30.885+0000][1][gc           ] GC(304) Pause Young (Allocation Failure) 256M->189M(2039M) 46.900ms
[2020-09-11T19:00:30.885+0000][1][gc,cpu       ] GC(304) User=0.02s Sys=0.00s Real=0.05s
[2020-09-11T19:00:30.893+0000][1][safepoint    ] Safepoint "GenCollectForAllocation", Time since last: 1612396095 ns, Reaching safepoint: 4236557 ns, At safepoint: 55005842 ns, Total: 59242399 ns
[2020-09-11T19:00:36.902+0000][1][safepoint    ] Safepoint "Cleanup", Time since last: 6008432319 ns, Reaching safepoint: 89039 ns, At safepoint: 8992 ns, Total: 98031 ns
[2020-09-11T19:00:37.902+0000][1][safepoint    ] Safepoint "Cleanup", Time since last: 1000112012 ns, Reaching safepoint: 89823 ns, At safepoint: 8830 ns, Total: 98653 ns
[2020-09-11T19:00:39.902+0000][1][safepoint    ] Safepoint "Cleanup", Time since last: 2000183438 ns, Reaching safepoint: 95845 ns, At safepoint: 10197 ns, Total: 106042 ns
[2020-09-11T19:00:40.902+0000][1][safepoint    ] Safepoint "Cleanup", Time since last: 1000116886 ns, Reaching safepoint: 83670 ns, At safepoint: 7120 ns, Total: 90790 ns
[2020-09-11T19:00:41.902+0000][1][safepoint    ] Safepoint "Cleanup", Time since last: 1000109619 ns, Reaching safepoint: 87219 ns, At safepoint: 9522 ns, Total: 96741 ns
[2020-09-11T19:00:42.903+0000][1][safepoint    ] Safepoint "Cleanup", Time since last: 1000112819 ns, Reaching safepoint: 83989 ns, At safepoint: 8837 ns, Total: 92826 ns
[2020-09-11T19:00:43.903+0000][1][safepoint    ] Safepoint "Cleanup", Time since last: 1000113635 ns, Reaching safepoint: 88543 ns, At safepoint: 10442 ns, Total: 98985 ns
[2020-09-11T19:00:44.903+0000][1][safepoint    ] Safepoint "Cleanup", Time since last: 1000115430 ns, Reaching safepoint: 85144 ns, At safepoint: 9503 ns, Total: 94647 ns
[2020-09-11T19:00:45.903+0000][1][safepoint    ] Safepoint "Cleanup", Time since last: 1000110827 ns, Reaching safepoint: 88481 ns, At safepoint: 10454 ns, Total: 98935 ns
[2020-09-11T19:00:46.907+0000][1][safepoint    ] Safepoint "Cleanup", Time since last: 1001517598 ns, Reaching safepoint: 2488633 ns, At safepoint: 11528 ns, Total: 2500161 ns
[2020-09-11T19:00:47.907+0000][1][safepoint    ] Safepoint "Cleanup", Time since last: 1000113544 ns, Reaching safepoint: 95025 ns, At safepoint: 9729 ns, Total: 104754 ns
[2020-09-11T19:00:48.908+0000][1][safepoint    ] Safepoint "Cleanup", Time since last: 1000131488 ns, Reaching safepoint: 82237 ns, At safepoint: 9449 ns, Total: 91686 ns
[2020-09-11T19:00:49.908+0000][1][safepoint    ] Safepoint "Cleanup", Time since last: 1000117122 ns, Reaching safepoint: 85088 ns, At safepoint: 9100 ns, Total: 94188 ns
[2020-09-11T19:00:50.280+0000][1][gc,start     ] GC(305) Pause Young (Allocation Failure)
[2020-09-11T19:00:50.280+0000][1][gc,task      ] GC(305) Using 1 workers of 1 for evacuation
[2020-09-11T19:00:50.318+0000][1][gc,age       ] GC(305) Desired survivor size 4358144 bytes, new threshold 6 (max threshold 6)
[2020-09-11T19:00:50.318+0000][1][gc,age       ] GC(305) Age table with threshold 6 (max threshold 6)
[2020-09-11T19:00:50.318+0000][1][gc,age       ] GC(305) - age   1:     268568 bytes,     268568 total
[2020-09-11T19:00:50.318+0000][1][gc,age       ] GC(305) - age   2:      56568 bytes,     325136 total
[2020-09-11T19:00:50.318+0000][1][gc,age       ] GC(305) - age   3:     168248 bytes,     493384 total
[2020-09-11T19:00:50.318+0000][1][gc,age       ] GC(305) - age   4:     303080 bytes,     796464 total
[2020-09-11T19:00:50.318+0000][1][gc,age       ] GC(305) - age   5:      62560 bytes,     859024 total
[2020-09-11T19:00:50.318+0000][1][gc,age       ] GC(305) - age   6:      43560 bytes,     902584 total
[2020-09-11T19:00:50.318+0000][1][gc,heap      ] GC(305) ParNew: 69093K->1593K(76672K)
[2020-09-11T19:00:50.318+0000][1][gc,heap      ] GC(305) CMS: 192806K->192826K(2011968K)
[2020-09-11T19:00:50.318+0000][1][gc,metaspace ] GC(305) Metaspace: 98817K->98817K(1140736K)
[2020-09-11T19:00:50.318+0000][1][gc           ] GC(305) Pause Young (Allocation Failure) 255M->189M(2039M) 37.602ms
[2020-09-11T19:00:50.318+0000][1][gc,cpu       ] GC(305) User=0.02s Sys=0.00s Real=0.04s
[2020-09-11T19:00:50.318+0000][1][safepoint    ] Safepoint "GenCollectForAllocation", Time since last: 372231367 ns, Reaching safepoint: 137714 ns, At safepoint: 37783577 ns, Total: 37921291 ns
[2020-09-11T19:00:51.322+0000][1][safepoint    ] Safepoint "Cleanup", Time since last: 1003672943 ns, Reaching safepoint: 90652 ns, At safepoint: 10099 ns, Total: 100751 ns
[2020-09-11T19:00:52.325+0000][1][safepoint    ] Safepoint "Cleanup", Time since last: 1000154888 ns, Reaching safepoint: 2847391 ns, At safepoint: 14491 ns, Total: 2861882 ns
[2020-09-11T19:00:53.326+0000][1][safepoint    ] Safepoint "Cleanup", Time since last: 1001114263 ns, Reaching safepoint: 241284 ns, At safepoint: 12114 ns, Total: 253398 ns
[2020-09-11T19:00:54.326+0000][1][safepoint    ] Safepoint "Cleanup", Time since last: 1000107949 ns, Reaching safepoint: 83715 ns, At safepoint: 8886 ns, Total: 92601 ns
[2020-09-11T19:00:55.327+0000][1][safepoint    ] Safepoint "Cleanup", Time since last: 1000107734 ns, Reaching safepoint: 115148 ns, At safepoint: 10636 ns, Total: 125784 ns
[2020-09-11T19:00:56.327+0000][1][safepoint    ] Safepoint "Cleanup", Time since last: 1000113641 ns, Reaching safepoint: 93777 ns, At safepoint: 9667 ns, Total: 103444 ns
[2020-09-11T19:00:57.327+0000][1][safepoint    ] Safepoint "Cleanup", Time since last: 1000111369 ns, Reaching safepoint: 88415 ns, At safepoint: 9081 ns, Total: 97496 ns
[2020-09-11T19:00:58.327+0000][1][safepoint    ] Safepoint "Cleanup", Time since last: 1000117524 ns, Reaching safepoint: 85586 ns, At safepoint: 9845 ns, Total: 95431 ns
[2020-09-11T19:00:59.328+0000][1][safepoint    ] Safepoint "Cleanup", Time since last: 1000118142 ns, Reaching safepoint: 107697 ns, At safepoint: 10431 ns, Total: 118128 ns
[2020-09-11T19:01:00.328+0000][1][safepoint    ] Safepoint "Cleanup", Time since last: 1000112915 ns, Reaching safepoint: 87312 ns, At safepoint: 10375 ns, Total: 97687 ns
[2020-09-11T19:01:01.328+0000][1][safepoint    ] Safepoint "Cleanup", Time since last: 1000114871 ns, Reaching safepoint: 87745 ns, At safepoint: 10450 ns, Total: 98195 ns
[2020-09-11T19:01:02.328+0000][1][safepoint    ] Safepoint "Cleanup", Time since last: 1000116991 ns, Reaching safepoint: 84948 ns, At safepoint: 10495 ns, Total: 95443 ns
[2020-09-11T19:01:03.328+0000][1][safepoint    ] Safepoint "Cleanup", Time since last: 1000136152 ns, Reaching safepoint: 90248 ns, At safepoint: 10935 ns, Total: 101183 ns
[2020-09-11T19:01:04.329+0000][1][safepoint    ] Safepoint "Cleanup", Time since last: 1000118302 ns, Reaching safepoint: 88746 ns, At safepoint: 9330 ns, Total: 98076 ns
[2020-09-11T19:01:05.329+0000][1][safepoint    ] Safepoint "Cleanup", Time since last: 1000136395 ns, Reaching safepoint: 116455 ns, At safepoint: 12038 ns, Total: 128493 ns
[2020-09-11T19:01:06.329+0000][1][safepoint    ] Safepoint "Cleanup", Time since last: 1000117150 ns, Reaching safepoint: 87800 ns, At safepoint: 10067 ns, Total: 97867 ns
[2020-09-11T19:01:07.329+0000][1][safepoint    ] Safepoint "Cleanup", Time since last: 1000112432 ns, Reaching safepoint: 85341 ns, At safepoint: 10026 ns, Total: 95367 ns
[2020-09-11T19:01:08.333+0000][1][safepoint    ] Safepoint "Cleanup", Time since last: 1003450233 ns, Reaching safepoint: 191328 ns, At safepoint: 10681 ns, Total: 202009 ns
[2020-09-11T19:01:09.333+0000][1][safepoint    ] Safepoint "Cleanup", Time since last: 1000114283 ns, Reaching safepoint: 92536 ns, At safepoint: 10329 ns, Total: 102865 ns
[2020-09-11T19:01:10.333+0000][1][safepoint    ] Safepoint "Cleanup", Time since last: 1000114326 ns, Reaching safepoint: 84490 ns, At safepoint: 10533 ns, Total: 95023 ns
[2020-09-11T19:01:10.786+0000][1][gc,start     ] GC(306) Pause Young (Allocation Failure)
[2020-09-11T19:01:10.786+0000][1][gc,task      ] GC(306) Using 1 workers of 1 for evacuation
[2020-09-11T19:01:10.820+0000][1][gc,age       ] GC(306) Desired survivor size 4358144 bytes, new threshold 6 (max threshold 6)
[2020-09-11T19:01:10.820+0000][1][gc,age       ] GC(306) Age table with threshold 6 (max threshold 6)
[2020-09-11T19:01:10.820+0000][1][gc,age       ] GC(306) - age   1:     354576 bytes,     354576 total
[2020-09-11T19:01:10.820+0000][1][gc,age       ] GC(306) - age   2:     175592 bytes,     530168 total
[2020-09-11T19:01:10.820+0000][1][gc,age       ] GC(306) - age   3:      52496 bytes,     582664 total
[2020-09-11T19:01:10.820+0000][1][gc,age       ] GC(306) - age   4:     167992 bytes,     750656 total
[2020-09-11T19:01:10.820+0000][1][gc,age       ] GC(306) - age   5:     102800 bytes,     853456 total
[2020-09-11T19:01:10.820+0000][1][gc,age       ] GC(306) - age   6:      56800 bytes,     910256 total
[2020-09-11T19:01:10.820+0000][1][gc,heap      ] GC(306) ParNew: 69753K->1059K(76672K)
[2020-09-11T19:01:10.820+0000][1][gc,heap      ] GC(306) CMS: 192826K->192868K(2011968K)
[2020-09-11T19:01:10.820+0000][1][gc,metaspace ] GC(306) Metaspace: 98855K->98855K(1140736K)
[2020-09-11T19:01:10.820+0000][1][gc           ] GC(306) Pause Young (Allocation Failure) 256M->189M(2039M) 33.494ms
[2020-09-11T19:01:10.820+0000][1][gc,cpu       ] GC(306) User=0.01s Sys=0.00s Real=0.03s
[2020-09-11T19:01:10.834+0000][1][safepoint    ] Safepoint "GenCollectForAllocation", Time since last: 452706835 ns, Reaching safepoint: 88387 ns, At safepoint: 48238332 ns, Total: 48326719 ns
[2020-09-11T19:01:11.849+0000][1][safepoint    ] Safepoint "Cleanup", Time since last: 1014414646 ns, Reaching safepoint: 88291 ns, At safepoint: 9158 ns, Total: 97449 ns
[2020-09-11T19:01:12.849+0000][1][safepoint    ] Safepoint "Cleanup", Time since last: 1000114720 ns, Reaching safepoint: 86671 ns, At safepoint: 9509 ns, Total: 96180 ns
[2020-09-11T19:01:13.849+0000][1][safepoint    ] Safepoint "Cleanup", Time since last: 1000118586 ns, Reaching safepoint: 86191 ns, At safepoint: 9447 ns, Total: 95638 ns
[2020-09-11T19:01:14.850+0000][1][safepoint    ] Safepoint "Cleanup", Time since last: 1000111445 ns, Reaching safepoint: 83630 ns, At safepoint: 9748 ns, Total: 93378 ns
[2020-09-11T19:01:15.850+0000][1][safepoint    ] Safepoint "Cleanup", Time since last: 1000111948 ns, Reaching safepoint: 90024 ns, At safepoint: 9919 ns, Total: 99943 ns
[2020-09-11T19:01:16.850+0000][1][safepoint    ] Safepoint "Cleanup", Time since last: 1000114784 ns, Reaching safepoint: 86591 ns, At safepoint: 10467 ns, Total: 97058 ns
[2020-09-11T19:01:17.850+0000][1][safepoint    ] Safepoint "Cleanup", Time since last: 1000133004 ns, Reaching safepoint: 89123 ns, At safepoint: 10223 ns, Total: 99346 ns
[2020-09-11T19:01:18.853+0000][1][safepoint    ] Safepoint "Cleanup", Time since last: 1002533277 ns, Reaching safepoint: 181856 ns, At safepoint: 10625 ns, Total: 192481 ns
[2020-09-11T19:01:19.853+0000][1][safepoint    ] Safepoint "Cleanup", Time since last: 1000111952 ns, Reaching safepoint: 89014 ns, At safepoint: 9670 ns, Total: 98684 ns
[2020-09-11T19:01:20.853+0000][1][safepoint    ] Safepoint "Cleanup", Time since last: 1000112924 ns, Reaching safepoint: 89072 ns, At safepoint: 10002 ns, Total: 99074 ns
[2020-09-11T19:01:21.857+0000][1][safepoint    ] Safepoint "Cleanup", Time since last: 1002465402 ns, Reaching safepoint: 1077099 ns, At safepoint: 15281 ns, Total: 1092380 ns
[2020-09-11T19:01:22.857+0000][1][safepoint    ] Safepoint "Cleanup", Time since last: 1000113960 ns, Reaching safepoint: 84951 ns, At safepoint: 9189 ns, Total: 94140 ns
[2020-09-11T19:01:27.858+0000][1][safepoint    ] Safepoint "Cleanup", Time since last: 5000436986 ns, Reaching safepoint: 93304 ns, At safepoint: 9858 ns, Total: 103162 ns
[2020-09-11T19:01:28.398+0000][1][gc,start     ] GC(307) Pause Young (Allocation Failure)
[2020-09-11T19:01:28.398+0000][1][gc,task      ] GC(307) Using 1 workers of 1 for evacuation
[2020-09-11T19:01:28.447+0000][1][gc,age       ] GC(307) Desired survivor size 4358144 bytes, new threshold 6 (max threshold 6)
[2020-09-11T19:01:28.447+0000][1][gc,age       ] GC(307) Age table with threshold 6 (max threshold 6)
[2020-09-11T19:01:28.447+0000][1][gc,age       ] GC(307) - age   1:     181344 bytes,     181344 total
[2020-09-11T19:01:28.447+0000][1][gc,age       ] GC(307) - age   2:     255944 bytes,     437288 total
[2020-09-11T19:01:28.447+0000][1][gc,age       ] GC(307) - age   3:     170744 bytes,     608032 total
[2020-09-11T19:01:28.447+0000][1][gc,age       ] GC(307) - age   4:      30008 bytes,     638040 total
[2020-09-11T19:01:28.447+0000][1][gc,age       ] GC(307) - age   5:     113664 bytes,     751704 total
[2020-09-11T19:01:28.447+0000][1][gc,age       ] GC(307) - age   6:      77912 bytes,     829616 total
[2020-09-11T19:01:28.447+0000][1][gc,heap      ] GC(307) ParNew: 69219K->1598K(76672K)
[2020-09-11T19:01:28.447+0000][1][gc,heap      ] GC(307) CMS: 192868K->192924K(2011968K)
[2020-09-11T19:01:28.447+0000][1][gc,metaspace ] GC(307) Metaspace: 98889K->98889K(1140736K)
[2020-09-11T19:01:28.447+0000][1][gc           ] GC(307) Pause Young (Allocation Failure) 255M->189M(2039M) 48.989ms
[2020-09-11T19:01:28.447+0000][1][gc,cpu       ] GC(307) User=0.02s Sys=0.00s Real=0.05s
[2020-09-11T19:01:28.447+0000][1][safepoint    ] Safepoint "GenCollectForAllocation", Time since last: 539845173 ns, Reaching safepoint: 166659 ns, At safepoint: 49113259 ns, Total: 49279918 ns
[2020-09-11T19:01:28.553+0000][1][safepoint    ] Safepoint "RevokeBias", Time since last: 106420775 ns, Reaching safepoint: 88000 ns, At safepoint: 24341 ns, Total: 112341 ns
[2020-09-11T19:01:28.554+0000][1][safepoint    ] Safepoint "BulkRevokeBias", Time since last: 75161 ns, Reaching safepoint: 69928 ns, At safepoint: 237739 ns, Total: 307667 ns
[2020-09-11T19:01:31.557+0000][1][safepoint    ] Safepoint "Cleanup", Time since last: 3003150482 ns, Reaching safepoint: 100173 ns, At safepoint: 9294 ns, Total: 109467 ns
[2020-09-11T19:01:32.557+0000][1][safepoint    ] Safepoint "Cleanup", Time since last: 1000114584 ns, Reaching safepoint: 93444 ns, At safepoint: 10618 ns, Total: 104062 ns
[2020-09-11T19:01:38.597+0000][1][gc,start     ] GC(308) Pause Young (Allocation Failure)
[2020-09-11T19:01:38.597+0000][1][gc,task      ] GC(308) Using 1 workers of 1 for evacuation
[2020-09-11T19:01:38.628+0000][1][gc,age       ] GC(308) Desired survivor size 4358144 bytes, new threshold 6 (max threshold 6)
[2020-09-11T19:01:38.628+0000][1][gc,age       ] GC(308) Age table with threshold 6 (max threshold 6)
[2020-09-11T19:01:38.628+0000][1][gc,age       ] GC(308) - age   1:      81760 bytes,      81760 total
[2020-09-11T19:01:38.628+0000][1][gc,age       ] GC(308) - age   2:     109280 bytes,     191040 total
[2020-09-11T19:01:38.628+0000][1][gc,age       ] GC(308) - age   3:     251568 bytes,     442608 total
[2020-09-11T19:01:38.628+0000][1][gc,age       ] GC(308) - age   4:     170712 bytes,     613320 total
[2020-09-11T19:01:38.628+0000][1][gc,age       ] GC(308) - age   5:      29704 bytes,     643024 total
[2020-09-11T19:01:38.628+0000][1][gc,age       ] GC(308) - age   6:     113408 bytes,     756432 total
[2020-09-11T19:01:38.628+0000][1][gc,heap      ] GC(308) ParNew: 69754K->1007K(76672K)
[2020-09-11T19:01:38.628+0000][1][gc,heap      ] GC(308) CMS: 192924K->193000K(2011968K)
[2020-09-11T19:01:38.628+0000][1][gc,metaspace ] GC(308) Metaspace: 98912K->98912K(1140736K)
[2020-09-11T19:01:38.628+0000][1][gc           ] GC(308) Pause Young (Allocation Failure) 256M->189M(2039M) 31.087ms
[2020-09-11T19:01:38.628+0000][1][gc,cpu       ] GC(308) User=0.02s Sys=0.00s Real=0.03s
[2020-09-11T19:01:38.628+0000][1][safepoint    ] Safepoint "GenCollectForAllocation", Time since last: 6039657973 ns, Reaching safepoint: 88807 ns, At safepoint: 31155159 ns, Total: 31243966 ns
[2020-09-11T19:01:39.873+0000][1][safepoint    ] Safepoint "RevokeBias", Time since last: 1244900460 ns, Reaching safepoint: 79655 ns, At safepoint: 24275 ns, Total: 103930 ns
[2020-09-11T19:01:39.885+0000][1][safepoint    ] Safepoint "RevokeBias", Time since last: 11916872 ns, Reaching safepoint: 280126 ns, At safepoint: 25919 ns, Total: 306045 ns
[2020-09-11T19:01:39.886+0000][1][safepoint    ] Safepoint "RevokeBias", Time since last: 63980 ns, Reaching safepoint: 199229 ns, At safepoint: 19120 ns, Total: 218349 ns
[2020-09-11T19:01:39.886+0000][1][safepoint    ] Safepoint "RevokeBias", Time since last: 42128 ns, Reaching safepoint: 368429 ns, At safepoint: 16696 ns, Total: 385125 ns
[2020-09-11T19:01:39.886+0000][1][safepoint    ] Safepoint "RevokeBias", Time since last: 37298 ns, Reaching safepoint: 317219 ns, At safepoint: 15750 ns, Total: 332969 ns
[2020-09-11T19:01:39.887+0000][1][safepoint    ] Safepoint "RevokeBias", Time since last: 34755 ns, Reaching safepoint: 968011 ns, At safepoint: 27906 ns, Total: 995917 ns
[2020-09-11T19:01:39.888+0000][1][safepoint    ] Safepoint "RevokeBias", Time since last: 37460 ns, Reaching safepoint: 130573 ns, At safepoint: 20683 ns, Total: 151256 ns
[2020-09-11T19:01:39.888+0000][1][safepoint    ] Safepoint "RevokeBias", Time since last: 45859 ns, Reaching safepoint: 140945 ns, At safepoint: 19994 ns, Total: 160939 ns
[2020-09-11T19:01:39.888+0000][1][safepoint    ] Safepoint "RevokeBias", Time since last: 25703 ns, Reaching safepoint: 127211 ns, At safepoint: 20524 ns, Total: 147735 ns
[2020-09-11T19:01:39.888+0000][1][safepoint    ] Safepoint "RevokeBias", Time since last: 25060 ns, Reaching safepoint: 126142 ns, At safepoint: 19105 ns, Total: 145247 ns
[2020-09-11T19:01:40.897+0000][1][safepoint    ] Safepoint "Cleanup", Time since last: 1006075644 ns, Reaching safepoint: 2623944 ns, At safepoint: 13867 ns, Total: 2637811 ns
[2020-09-11T19:01:42.897+0000][1][safepoint    ] Safepoint "Cleanup", Time since last: 2000186980 ns, Reaching safepoint: 92650 ns, At safepoint: 10245 ns, Total: 102895 ns
[2020-09-11T19:01:44.579+0000][1][safepoint    ] Safepoint "RevokeBias", Time since last: 1681321994 ns, Reaching safepoint: 201358 ns, At safepoint: 23261 ns, Total: 224619 ns
[2020-09-11T19:01:44.589+0000][1][safepoint    ] Safepoint "RevokeBias", Time since last: 9077865 ns, Reaching safepoint: 1078165 ns, At safepoint: 201714 ns, Total: 1279879 ns
[2020-09-11T19:01:44.613+0000][1][safepoint    ] Safepoint "RevokeBias", Time since last: 22904346 ns, Reaching safepoint: 877419 ns, At safepoint: 122735 ns, Total: 1000154 ns
[2020-09-11T19:01:44.998+0000][1][safepoint    ] Safepoint "RevokeBias", Time since last: 376799561 ns, Reaching safepoint: 8599706 ns, At safepoint: 19059 ns, Total: 8618765 ns
[2020-09-11T19:01:45.017+0000][1][safepoint    ] Safepoint "RevokeBias", Time since last: 14493903 ns, Reaching safepoint: 3924741 ns, At safepoint: 32995 ns, Total: 3957736 ns
[2020-09-11T19:01:45.019+0000][1][safepoint    ] Safepoint "RevokeBias", Time since last: 855757 ns, Reaching safepoint: 1241904 ns, At safepoint: 20352 ns, Total: 1262256 ns
[2020-09-11T19:01:45.517+0000][1][safepoint    ] Safepoint "RevokeBias", Time since last: 497901496 ns, Reaching safepoint: 143919 ns, At safepoint: 24193 ns, Total: 168112 ns
[2020-09-11T19:01:45.518+0000][1][safepoint    ] Safepoint "RevokeBias", Time since last: 368244 ns, Reaching safepoint: 71703 ns, At safepoint: 16790 ns, Total: 88493 ns
[2020-09-11T19:01:45.964+0000][1][gc,start     ] GC(309) Pause Young (Allocation Failure)
[2020-09-11T19:01:45.964+0000][1][gc,task      ] GC(309) Using 1 workers of 1 for evacuation
[2020-09-11T19:01:46.033+0000][1][gc,age       ] GC(309) Desired survivor size 4358144 bytes, new threshold 6 (max threshold 6)
[2020-09-11T19:01:46.033+0000][1][gc,age       ] GC(309) Age table with threshold 6 (max threshold 6)
[2020-09-11T19:01:46.033+0000][1][gc,age       ] GC(309) - age   1:     536672 bytes,     536672 total
[2020-09-11T19:01:46.033+0000][1][gc,age       ] GC(309) - age   2:      27848 bytes,     564520 total
[2020-09-11T19:01:46.033+0000][1][gc,age       ] GC(309) - age   3:     101568 bytes,     666088 total
[2020-09-11T19:01:46.033+0000][1][gc,age       ] GC(309) - age   4:     251408 bytes,     917496 total
[2020-09-11T19:01:46.033+0000][1][gc,age       ] GC(309) - age   5:     121976 bytes,    1039472 total
[2020-09-11T19:01:46.033+0000][1][gc,age       ] GC(309) - age   6:      25784 bytes,    1065256 total
[2020-09-11T19:01:46.033+0000][1][gc,heap      ] GC(309) ParNew: 69167K->1359K(76672K)
[2020-09-11T19:01:46.033+0000][1][gc,heap      ] GC(309) CMS: 193000K->193105K(2011968K)
[2020-09-11T19:01:46.033+0000][1][gc,metaspace ] GC(309) Metaspace: 99034K->99034K(1140736K)
[2020-09-11T19:01:46.033+0000][1][gc           ] GC(309) Pause Young (Allocation Failure) 256M->189M(2039M) 69.759ms
[2020-09-11T19:01:46.033+0000][1][gc,cpu       ] GC(309) User=0.03s Sys=0.00s Real=0.07s
[2020-09-11T19:01:46.033+0000][1][safepoint    ] Safepoint "GenCollectForAllocation", Time since last: 445802120 ns, Reaching safepoint: 176463 ns, At safepoint: 69921815 ns, Total: 70098278 ns
[2020-09-11T19:01:49.045+0000][1][safepoint    ] Safepoint "Cleanup", Time since last: 3011590873 ns, Reaching safepoint: 100192 ns, At safepoint: 10342 ns, Total: 110534 ns
[2020-09-11T19:01:51.045+0000][1][safepoint    ] Safepoint "Cleanup", Time since last: 2000187993 ns, Reaching safepoint: 97446 ns, At safepoint: 9844 ns, Total: 107290 ns
[2020-09-11T19:01:53.046+0000][1][safepoint    ] Safepoint "Cleanup", Time since last: 2000184463 ns, Reaching safepoint: 91902 ns, At safepoint: 9446 ns, Total: 101348 ns
[2020-09-11T19:01:54.046+0000][1][safepoint    ] Safepoint "Cleanup", Time since last: 1000111273 ns, Reaching safepoint: 92582 ns, At safepoint: 8676 ns, Total: 101258 ns
[2020-09-11T19:01:55.046+0000][1][safepoint    ] Safepoint "Cleanup", Time since last: 1000111436 ns, Reaching safepoint: 108569 ns, At safepoint: 20845 ns, Total: 129414 ns
[2020-09-11T19:01:57.046+0000][1][safepoint    ] Safepoint "Cleanup", Time since last: 2000191042 ns, Reaching safepoint: 108339 ns, At safepoint: 7073 ns, Total: 115412 ns
[2020-09-11T19:01:58.047+0000][1][safepoint    ] Safepoint "Cleanup", Time since last: 1000114157 ns, Reaching safepoint: 94144 ns, At safepoint: 10071 ns, Total: 104215 ns
[2020-09-11T19:01:59.047+0000][1][safepoint    ] Safepoint "Cleanup", Time since last: 1000116816 ns, Reaching safepoint: 95309 ns, At safepoint: 9982 ns, Total: 105291 ns
[2020-09-11T19:02:00.797+0000][1][gc,start     ] GC(310) Pause Young (Allocation Failure)
[2020-09-11T19:02:00.797+0000][1][gc,task      ] GC(310) Using 1 workers of 1 for evacuation
[2020-09-11T19:02:00.844+0000][1][gc,age       ] GC(310) Desired survivor size 4358144 bytes, new threshold 6 (max threshold 6)
[2020-09-11T19:02:00.844+0000][1][gc,age       ] GC(310) Age table with threshold 6 (max threshold 6)
[2020-09-11T19:02:00.844+0000][1][gc,age       ] GC(310) - age   1:     414040 bytes,     414040 total
[2020-09-11T19:02:00.844+0000][1][gc,age       ] GC(310) - age   2:     466728 bytes,     880768 total
[2020-09-11T19:02:00.844+0000][1][gc,age       ] GC(310) - age   3:      14488 bytes,     895256 total
[2020-09-11T19:02:00.844+0000][1][gc,age       ] GC(310) - age   4:      98184 bytes,     993440 total
[2020-09-11T19:02:00.844+0000][1][gc,age       ] GC(310) - age   5:      27840 bytes,    1021280 total
[2020-09-11T19:02:00.844+0000][1][gc,age       ] GC(310) - age   6:      91536 bytes,    1112816 total
[2020-09-11T19:02:00.844+0000][1][gc,heap      ] GC(310) ParNew: 69519K->1900K(76672K)
[2020-09-11T19:02:00.844+0000][1][gc,heap      ] GC(310) CMS: 193105K->193129K(2011968K)
[2020-09-11T19:02:00.844+0000][1][gc,metaspace ] GC(310) Metaspace: 99047K->99047K(1140736K)
[2020-09-11T19:02:00.844+0000][1][gc           ] GC(310) Pause Young (Allocation Failure) 256M->190M(2039M) 46.905ms
[2020-09-11T19:02:00.844+0000][1][gc,cpu       ] GC(310) User=0.02s Sys=0.00s Real=0.05s
[2020-09-11T19:02:00.844+0000][1][safepoint    ] Safepoint "GenCollectForAllocation", Time since last: 1747048508 ns, Reaching safepoint: 2908496 ns, At safepoint: 46980330 ns, Total: 49888826 ns
[2020-09-11T19:02:01.865+0000][1][safepoint    ] Safepoint "Cleanup", Time since last: 1021173706 ns, Reaching safepoint: 92691 ns, At safepoint: 11197 ns, Total: 103888 ns
[2020-09-11T19:02:01.977+0000][1][safepoint    ] Safepoint "RevokeBias", Time since last: 111528642 ns, Reaching safepoint: 352395 ns, At safepoint: 28913 ns, Total: 381308 ns
[2020-09-11T19:02:01.977+0000][1][safepoint    ] Safepoint "RevokeBias", Time since last: 69609 ns, Reaching safepoint: 190946 ns, At safepoint: 18475 ns, Total: 209421 ns
[2020-09-11T19:02:06.978+0000][1][safepoint    ] Safepoint "Cleanup", Time since last: 5000386302 ns, Reaching safepoint: 91613 ns, At safepoint: 10824 ns, Total: 102437 ns
[2020-09-11T19:02:07.453+0000][1][safepoint    ] Safepoint "RevokeBias", Time since last: 474999843 ns, Reaching safepoint: 173623 ns, At safepoint: 29397 ns, Total: 203020 ns
[2020-09-11T19:02:08.453+0000][1][safepoint    ] Safepoint "Cleanup", Time since last: 1000113166 ns, Reaching safepoint: 183891 ns, At safepoint: 10451 ns, Total: 194342 ns
[2020-09-11T19:02:18.437+0000][1][gc,start     ] GC(311) Pause Young (Allocation Failure)
[2020-09-11T19:02:18.437+0000][1][gc,task      ] GC(311) Using 1 workers of 1 for evacuation
[2020-09-11T19:02:18.468+0000][1][gc,age       ] GC(311) Desired survivor size 4358144 bytes, new threshold 6 (max threshold 6)
[2020-09-11T19:02:18.468+0000][1][gc,age       ] GC(311) Age table with threshold 6 (max threshold 6)
[2020-09-11T19:02:18.468+0000][1][gc,age       ] GC(311) - age   1:     154184 bytes,     154184 total
[2020-09-11T19:02:18.468+0000][1][gc,age       ] GC(311) - age   2:     317592 bytes,     471776 total
[2020-09-11T19:02:18.468+0000][1][gc,age       ] GC(311) - age   3:     464424 bytes,     936200 total
[2020-09-11T19:02:18.468+0000][1][gc,age       ] GC(311) - age   4:      10696 bytes,     946896 total
[2020-09-11T19:02:18.468+0000][1][gc,age       ] GC(311) - age   5:      97640 bytes,    1044536 total
[2020-09-11T19:02:18.468+0000][1][gc,age       ] GC(311) - age   6:      27512 bytes,    1072048 total
[2020-09-11T19:02:18.468+0000][1][gc,heap      ] GC(311) ParNew: 70060K->1290K(76672K)
[2020-09-11T19:02:18.468+0000][1][gc,heap      ] GC(311) CMS: 193129K->193182K(2011968K)
[2020-09-11T19:02:18.468+0000][1][gc,metaspace ] GC(311) Metaspace: 99050K->99050K(1140736K)
[2020-09-11T19:02:18.468+0000][1][gc           ] GC(311) Pause Young (Allocation Failure) 257M->189M(2039M) 31.351ms
[2020-09-11T19:02:18.468+0000][1][gc,cpu       ] GC(311) User=0.01s Sys=0.00s Real=0.03s
[2020-09-11T19:02:18.469+0000][1][safepoint    ] Safepoint "GenCollectForAllocation", Time since last: 9983073816 ns, Reaching safepoint: 480117 ns, At safepoint: 31928911 ns, Total: 32409028 ns
[2020-09-11T19:02:21.489+0000][1][safepoint    ] Safepoint "Cleanup", Time since last: 3020204143 ns, Reaching safepoint: 96083 ns, At safepoint: 10397 ns, Total: 106480 ns
[2020-09-11T19:02:24.493+0000][1][safepoint    ] Safepoint "Cleanup", Time since last: 3003764133 ns, Reaching safepoint: 99144 ns, At safepoint: 10001 ns, Total: 109145 ns
[2020-09-11T19:02:26.493+0000][1][safepoint    ] Safepoint "Cleanup", Time since last: 2000189956 ns, Reaching safepoint: 90143 ns, At safepoint: 10256 ns, Total: 100399 ns
[2020-09-11T19:02:27.493+0000][1][safepoint    ] Safepoint "Cleanup", Time since last: 1000117484 ns, Reaching safepoint: 95897 ns, At safepoint: 10918 ns, Total: 106815 ns
[2020-09-11T19:02:28.494+0000][1][safepoint    ] Safepoint "Cleanup", Time since last: 1000117350 ns, Reaching safepoint: 89655 ns, At safepoint: 9342 ns, Total: 98997 ns
[2020-09-11T19:02:31.165+0000][1][gc,start     ] GC(312) Pause Young (Allocation Failure)
[2020-09-11T19:02:31.165+0000][1][gc,task      ] GC(312) Using 1 workers of 1 for evacuation
[2020-09-11T19:02:31.198+0000][1][gc,age       ] GC(312) Desired survivor size 4358144 bytes, new threshold 6 (max threshold 6)
[2020-09-11T19:02:31.198+0000][1][gc,age       ] GC(312) Age table with threshold 6 (max threshold 6)
[2020-09-11T19:02:31.198+0000][1][gc,age       ] GC(312) - age   1:     239360 bytes,     239360 total
[2020-09-11T19:02:31.198+0000][1][gc,age       ] GC(312) - age   2:      59840 bytes,     299200 total
[2020-09-11T19:02:31.198+0000][1][gc,age       ] GC(312) - age   3:     313552 bytes,     612752 total
[2020-09-11T19:02:31.198+0000][1][gc,age       ] GC(312) - age   4:     464424 bytes,    1077176 total
[2020-09-11T19:02:31.198+0000][1][gc,age       ] GC(312) - age   5:      10696 bytes,    1087872 total
[2020-09-11T19:02:31.198+0000][1][gc,age       ] GC(312) - age   6:      40400 bytes,    1128272 total
[2020-09-11T19:02:31.198+0000][1][gc,heap      ] GC(312) ParNew: 69450K->1892K(76672K)
[2020-09-11T19:02:31.198+0000][1][gc,heap      ] GC(312) CMS: 193182K->193203K(2011968K)
[2020-09-11T19:02:31.199+0000][1][gc,metaspace ] GC(312) Metaspace: 99050K->99050K(1140736K)
[2020-09-11T19:02:31.199+0000][1][gc           ] GC(312) Pause Young (Allocation Failure) 256M->190M(2039M) 33.649ms
[2020-09-11T19:02:31.199+0000][1][gc,cpu       ] GC(312) User=0.02s Sys=0.00s Real=0.03s
[2020-09-11T19:02:31.199+0000][1][safepoint    ] Safepoint "GenCollectForAllocation", Time since last: 2670355409 ns, Reaching safepoint: 823076 ns, At safepoint: 33721516 ns, Total: 34544592 ns
[2020-09-11T19:02:39.202+0000][1][safepoint    ] Safepoint "Cleanup", Time since last: 8002890871 ns, Reaching safepoint: 93507 ns, At safepoint: 9097 ns, Total: 102604 ns
[2020-09-11T19:02:44.202+0000][1][safepoint    ] Safepoint "Cleanup", Time since last: 5000422964 ns, Reaching safepoint: 99382 ns, At safepoint: 7436 ns, Total: 106818 ns
[2020-09-11T19:02:46.203+0000][1][safepoint    ] Safepoint "Cleanup", Time since last: 2000337910 ns, Reaching safepoint: 158340 ns, At safepoint: 18846 ns, Total: 177186 ns
[2020-09-11T19:02:50.982+0000][1][gc,start     ] GC(313) Pause Young (Allocation Failure)
[2020-09-11T19:02:50.982+0000][1][gc,task      ] GC(313) Using 1 workers of 1 for evacuation
[2020-09-11T19:02:50.996+0000][1][gc,age       ] GC(313) Desired survivor size 4358144 bytes, new threshold 6 (max threshold 6)
[2020-09-11T19:02:50.996+0000][1][gc,age       ] GC(313) Age table with threshold 6 (max threshold 6)
[2020-09-11T19:02:50.996+0000][1][gc,age       ] GC(313) - age   1:     122632 bytes,     122632 total
[2020-09-11T19:02:50.996+0000][1][gc,age       ] GC(313) - age   2:     170672 bytes,     293304 total
[2020-09-11T19:02:50.996+0000][1][gc,age       ] GC(313) - age   3:      54128 bytes,     347432 total
[2020-09-11T19:02:50.996+0000][1][gc,age       ] GC(313) - age   4:     313512 bytes,     660944 total
[2020-09-11T19:02:50.996+0000][1][gc,age       ] GC(313) - age   5:     454304 bytes,    1115248 total
[2020-09-11T19:02:50.996+0000][1][gc,age       ] GC(313) - age   6:      10696 bytes,    1125944 total
[2020-09-11T19:02:50.996+0000][1][gc,heap      ] GC(313) ParNew: 70052K->1299K(76672K)
[2020-09-11T19:02:50.996+0000][1][gc,heap      ] GC(313) CMS: 193203K->193214K(2011968K)
[2020-09-11T19:02:50.996+0000][1][gc,metaspace ] GC(313) Metaspace: 99051K->99051K(1140736K)
[2020-09-11T19:02:50.996+0000][1][gc           ] GC(313) Pause Young (Allocation Failure) 257M->189M(2039M) 14.833ms
[2020-09-11T19:02:50.996+0000][1][gc,cpu       ] GC(313) User=0.01s Sys=0.00s Real=0.01s
[2020-09-11T19:02:50.997+0000][1][safepoint    ] Safepoint "GenCollectForAllocation", Time since last: 4778730457 ns, Reaching safepoint: 208552 ns, At safepoint: 14941466 ns, Total: 15150018 ns
[2020-09-11T19:02:57.998+0000][1][safepoint    ] Safepoint "Cleanup", Time since last: 7000984739 ns, Reaching safepoint: 146642 ns, At safepoint: 7221 ns, Total: 153863 ns
[2020-09-11T19:03:10.792+0000][1][gc,start     ] GC(314) Pause Young (Allocation Failure)
[2020-09-11T19:03:10.792+0000][1][gc,task      ] GC(314) Using 1 workers of 1 for evacuation
[2020-09-11T19:03:10.807+0000][1][gc,age       ] GC(314) Desired survivor size 4358144 bytes, new threshold 6 (max threshold 6)
[2020-09-11T19:03:10.807+0000][1][gc,age       ] GC(314) Age table with threshold 6 (max threshold 6)
[2020-09-11T19:03:10.807+0000][1][gc,age       ] GC(314) - age   1:     505848 bytes,     505848 total
[2020-09-11T19:03:10.807+0000][1][gc,age       ] GC(314) - age   2:      60272 bytes,     566120 total
[2020-09-11T19:03:10.807+0000][1][gc,age       ] GC(314) - age   3:     159392 bytes,     725512 total
[2020-09-11T19:03:10.807+0000][1][gc,age       ] GC(314) - age   4:      53808 bytes,     779320 total
[2020-09-11T19:03:10.807+0000][1][gc,age       ] GC(314) - age   5:      30480 bytes,     809800 total
[2020-09-11T19:03:10.807+0000][1][gc,age       ] GC(314) - age   6:     397344 bytes,    1207144 total
[2020-09-11T19:03:10.807+0000][1][gc,heap      ] GC(314) ParNew: 69459K->1974K(76672K)
[2020-09-11T19:03:10.807+0000][1][gc,heap      ] GC(314) CMS: 193214K->193224K(2011968K)
[2020-09-11T19:03:10.807+0000][1][gc,metaspace ] GC(314) Metaspace: 99051K->99051K(1140736K)
[2020-09-11T19:03:10.807+0000][1][gc           ] GC(314) Pause Young (Allocation Failure) 256M->190M(2039M) 15.304ms
[2020-09-11T19:03:10.807+0000][1][gc,cpu       ] GC(314) User=0.01s Sys=0.00s Real=0.02s
[2020-09-11T19:03:10.807+0000][1][safepoint    ] Safepoint "GenCollectForAllocation", Time since last: 12794124358 ns, Reaching safepoint: 221955 ns, At safepoint: 15398821 ns, Total: 15620776 ns
[2020-09-11T19:03:18.814+0000][1][safepoint    ] Safepoint "Cleanup", Time since last: 8006227835 ns, Reaching safepoint: 116037 ns, At safepoint: 7900 ns, Total: 123937 ns
[2020-09-11T19:03:24.815+0000][1][safepoint    ] Safepoint "Cleanup", Time since last: 6000865410 ns, Reaching safepoint: 205728 ns, At safepoint: 20477 ns, Total: 226205 ns
[2020-09-11T19:03:28.405+0000][1][gc,start     ] GC(315) Pause Young (Allocation Failure)
[2020-09-11T19:03:28.405+0000][1][gc,task      ] GC(315) Using 1 workers of 1 for evacuation
[2020-09-11T19:03:28.429+0000][1][gc,age       ] GC(315) Desired survivor size 4358144 bytes, new threshold 6 (max threshold 6)
[2020-09-11T19:03:28.429+0000][1][gc,age       ] GC(315) Age table with threshold 6 (max threshold 6)
[2020-09-11T19:03:28.429+0000][1][gc,age       ] GC(315) - age   1:     142816 bytes,     142816 total
[2020-09-11T19:03:28.429+0000][1][gc,age       ] GC(315) - age   2:     407160 bytes,     549976 total
[2020-09-11T19:03:28.429+0000][1][gc,age       ] GC(315) - age   3:      56560 bytes,     606536 total
[2020-09-11T19:03:28.429+0000][1][gc,age       ] GC(315) - age   4:     159328 bytes,     765864 total
[2020-09-11T19:03:28.429+0000][1][gc,age       ] GC(315) - age   5:      53504 bytes,     819368 total
[2020-09-11T19:03:28.429+0000][1][gc,age       ] GC(315) - age   6:      27240 bytes,     846608 total
[2020-09-11T19:03:28.429+0000][1][gc,heap      ] GC(315) ParNew: 70134K->1377K(76672K)
[2020-09-11T19:03:28.429+0000][1][gc,heap      ] GC(315) CMS: 193224K->193615K(2011968K)
[2020-09-11T19:03:28.429+0000][1][gc,metaspace ] GC(315) Metaspace: 99064K->99064K(1140736K)
[2020-09-11T19:03:28.429+0000][1][gc           ] GC(315) Pause Young (Allocation Failure) 257M->190M(2039M) 23.982ms
[2020-09-11T19:03:28.429+0000][1][gc,cpu       ] GC(315) User=0.01s Sys=0.00s Real=0.02s
[2020-09-11T19:03:28.429+0000][1][safepoint    ] Safepoint "GenCollectForAllocation", Time since last: 3588393914 ns, Reaching safepoint: 1634701 ns, At safepoint: 24048190 ns, Total: 25682891 ns
[2020-09-11T19:03:29.433+0000][1][safepoint    ] Safepoint "Cleanup", Time since last: 1003987638 ns, Reaching safepoint: 100800 ns, At safepoint: 8530 ns, Total: 109330 ns
[2020-09-11T19:03:30.433+0000][1][safepoint    ] Safepoint "Cleanup", Time since last: 1000204705 ns, Reaching safepoint: 84210 ns, At safepoint: 6487 ns, Total: 90697 ns
[2020-09-11T19:03:30.577+0000][1][safepoint    ] Safepoint "RevokeBias", Time since last: 142551686 ns, Reaching safepoint: 974181 ns, At safepoint: 22181 ns, Total: 996362 ns
[2020-09-11T19:03:31.577+0000][1][safepoint    ] Safepoint "Cleanup", Time since last: 1000170846 ns, Reaching safepoint: 180644 ns, At safepoint: 19825 ns, Total: 200469 ns
[2020-09-11T19:03:38.409+0000][1][gc,start     ] GC(316) Pause Young (Allocation Failure)
[2020-09-11T19:03:38.409+0000][1][gc,task      ] GC(316) Using 1 workers of 1 for evacuation
[2020-09-11T19:03:38.431+0000][1][gc,age       ] GC(316) Desired survivor size 4358144 bytes, new threshold 6 (max threshold 6)
[2020-09-11T19:03:38.431+0000][1][gc,age       ] GC(316) Age table with threshold 6 (max threshold 6)
[2020-09-11T19:03:38.431+0000][1][gc,age       ] GC(316) - age   1:     219040 bytes,     219040 total
[2020-09-11T19:03:38.431+0000][1][gc,age       ] GC(316) - age   2:      62320 bytes,     281360 total
[2020-09-11T19:03:38.431+0000][1][gc,age       ] GC(316) - age   3:     405272 bytes,     686632 total
[2020-09-11T19:03:38.431+0000][1][gc,age       ] GC(316) - age   4:      56496 bytes,     743128 total
[2020-09-11T19:03:38.431+0000][1][gc,age       ] GC(316) - age   5:     159328 bytes,     902456 total
[2020-09-11T19:03:38.431+0000][1][gc,age       ] GC(316) - age   6:      10960 bytes,     913416 total
[2020-09-11T19:03:38.431+0000][1][gc,heap      ] GC(316) ParNew: 69537K->1584K(76672K)
[2020-09-11T19:03:38.431+0000][1][gc,heap      ] GC(316) CMS: 193615K->193641K(2011968K)
[2020-09-11T19:03:38.431+0000][1][gc,metaspace ] GC(316) Metaspace: 99064K->99064K(1140736K)
[2020-09-11T19:03:38.431+0000][1][gc           ] GC(316) Pause Young (Allocation Failure) 256M->190M(2039M) 22.030ms
[2020-09-11T19:03:38.431+0000][1][gc,cpu       ] GC(316) User=0.01s Sys=0.00s Real=0.02s
[2020-09-11T19:03:38.431+0000][1][safepoint    ] Safepoint "GenCollectForAllocation", Time since last: 6831062346 ns, Reaching safepoint: 563310 ns, At safepoint: 22078479 ns, Total: 22641789 ns
[2020-09-11T19:03:45.438+0000][1][safepoint    ] Safepoint "Cleanup", Time since last: 7006803605 ns, Reaching safepoint: 171998 ns, At safepoint: 19769 ns, Total: 191767 ns
[2020-09-11T19:03:47.789+0000][1][safepoint    ] Safepoint "RevokeBias", Time since last: 2350425151 ns, Reaching safepoint: 217715 ns, At safepoint: 23373 ns, Total: 241088 ns
[2020-09-11T19:03:48.789+0000][1][safepoint    ] Safepoint "Cleanup", Time since last: 1000205407 ns, Reaching safepoint: 117599 ns, At safepoint: 8207 ns, Total: 125806 ns
[2020-09-11T19:03:49.173+0000][1][gc,start     ] GC(317) Pause Young (Allocation Failure)
[2020-09-11T19:03:49.174+0000][1][gc,task      ] GC(317) Using 1 workers of 1 for evacuation
[2020-09-11T19:03:49.189+0000][1][gc,age       ] GC(317) Desired survivor size 4358144 bytes, new threshold 6 (max threshold 6)
[2020-09-11T19:03:49.189+0000][1][gc,age       ] GC(317) Age table with threshold 6 (max threshold 6)
[2020-09-11T19:03:49.189+0000][1][gc,age       ] GC(317) - age   1:     203816 bytes,     203816 total
[2020-09-11T19:03:49.189+0000][1][gc,age       ] GC(317) - age   2:     156016 bytes,     359832 total
[2020-09-11T19:03:49.189+0000][1][gc,age       ] GC(317) - age   3:      45024 bytes,     404856 total
[2020-09-11T19:03:49.189+0000][1][gc,age       ] GC(317) - age   4:     405176 bytes,     810032 total
[2020-09-11T19:03:49.189+0000][1][gc,age       ] GC(317) - age   5:      56496 bytes,     866528 total
[2020-09-11T19:03:49.189+0000][1][gc,age       ] GC(317) - age   6:      87704 bytes,     954232 total
[2020-09-11T19:03:49.189+0000][1][gc,heap      ] GC(317) ParNew: 69744K->1065K(76672K)
[2020-09-11T19:03:49.189+0000][1][gc,heap      ] GC(317) CMS: 193641K->193651K(2011968K)
[2020-09-11T19:03:49.189+0000][1][gc,metaspace ] GC(317) Metaspace: 99065K->99065K(1140736K)
[2020-09-11T19:03:49.189+0000][1][gc           ] GC(317) Pause Young (Allocation Failure) 257M->190M(2039M) 15.949ms
[2020-09-11T19:03:49.189+0000][1][gc,cpu       ] GC(317) User=0.01s Sys=0.00s Real=0.01s
[2020-09-11T19:03:49.189+0000][1][safepoint    ] Safepoint "GenCollectForAllocation", Time since last: 384319095 ns, Reaching safepoint: 199282 ns, At safepoint: 16035262 ns, Total: 16234544 ns
[2020-09-11T19:03:51.193+0000][1][safepoint    ] Safepoint "Cleanup", Time since last: 2003144042 ns, Reaching safepoint: 357333 ns, At safepoint: 22203 ns, Total: 379536 ns
[2020-09-11T19:03:55.194+0000][1][safepoint    ] Safepoint "Cleanup", Time since last: 4000713037 ns, Reaching safepoint: 101858 ns, At safepoint: 7224 ns, Total: 109082 ns
[2020-09-11T19:03:58.195+0000][1][safepoint    ] Safepoint "Cleanup", Time since last: 3000501861 ns, Reaching safepoint: 166518 ns, At safepoint: 19218 ns, Total: 185736 ns
[2020-09-11T19:03:59.195+0000][1][safepoint    ] Safepoint "Cleanup", Time since last: 1000216356 ns, Reaching safepoint: 116527 ns, At safepoint: 8192 ns, Total: 124719 ns
[2020-09-11T19:04:01.195+0000][1][safepoint    ] Safepoint "Cleanup", Time since last: 2000333951 ns, Reaching safepoint: 184894 ns, At safepoint: 20747 ns, Total: 205641 ns
[2020-09-11T19:04:08.598+0000][1][gc,start     ] GC(318) Pause Young (Allocation Failure)
[2020-09-11T19:04:08.598+0000][1][gc,task      ] GC(318) Using 1 workers of 1 for evacuation
[2020-09-11T19:04:08.627+0000][1][gc,age       ] GC(318) Desired survivor size 4358144 bytes, new threshold 6 (max threshold 6)
[2020-09-11T19:04:08.627+0000][1][gc,age       ] GC(318) Age table with threshold 6 (max threshold 6)
[2020-09-11T19:04:08.627+0000][1][gc,age       ] GC(318) - age   1:     213200 bytes,     213200 total
[2020-09-11T19:04:08.627+0000][1][gc,age       ] GC(318) - age   2:     120504 bytes,     333704 total
[2020-09-11T19:04:08.627+0000][1][gc,age       ] GC(318) - age   3:     146416 bytes,     480120 total
[2020-09-11T19:04:08.627+0000][1][gc,age       ] GC(318) - age   4:      42848 bytes,     522968 total
[2020-09-11T19:04:08.627+0000][1][gc,age       ] GC(318) - age   5:     404496 bytes,     927464 total
[2020-09-11T19:04:08.627+0000][1][gc,age       ] GC(318) - age   6:      56496 bytes,     983960 total
[2020-09-11T19:04:08.627+0000][1][gc,heap      ] GC(318) ParNew: 69225K->1664K(76672K)
[2020-09-11T19:04:08.627+0000][1][gc,heap      ] GC(318) CMS: 193651K->193737K(2011968K)
[2020-09-11T19:04:08.627+0000][1][gc,metaspace ] GC(318) Metaspace: 99083K->99083K(1140736K)
[2020-09-11T19:04:08.627+0000][1][gc           ] GC(318) Pause Young (Allocation Failure) 256M->190M(2039M) 29.062ms
[2020-09-11T19:04:08.627+0000][1][gc,cpu       ] GC(318) User=0.02s Sys=0.00s Real=0.03s
[2020-09-11T19:04:08.641+0000][1][safepoint    ] Safepoint "GenCollectForAllocation", Time since last: 7401388944 ns, Reaching safepoint: 1289903 ns, At safepoint: 42704449 ns, Total: 43994352 ns
[2020-09-11T19:04:14.650+0000][1][safepoint    ] Safepoint "Cleanup", Time since last: 6008755782 ns, Reaching safepoint: 290826 ns, At safepoint: 19492 ns, Total: 310318 ns
[2020-09-11T19:04:17.343+0000][1][safepoint    ] Safepoint "RevokeBias", Time since last: 2692227523 ns, Reaching safepoint: 589166 ns, At safepoint: 21940 ns, Total: 611106 ns
[2020-09-11T19:04:17.697+0000][1][safepoint    ] Safepoint "RevokeBias", Time since last: 353653415 ns, Reaching safepoint: 290450 ns, At safepoint: 43883 ns, Total: 334333 ns
[2020-09-11T19:04:18.697+0000][1][safepoint    ] Safepoint "Cleanup", Time since last: 1000233542 ns, Reaching safepoint: 177648 ns, At safepoint: 19384 ns, Total: 197032 ns
[2020-09-11T19:04:26.116+0000][1][gc,start     ] GC(319) Pause Young (Allocation Failure)
[2020-09-11T19:04:26.117+0000][1][gc,task      ] GC(319) Using 1 workers of 1 for evacuation
[2020-09-11T19:04:26.147+0000][1][gc,age       ] GC(319) Desired survivor size 4358144 bytes, new threshold 6 (max threshold 6)
[2020-09-11T19:04:26.147+0000][1][gc,age       ] GC(319) Age table with threshold 6 (max threshold 6)
[2020-09-11T19:04:26.147+0000][1][gc,age       ] GC(319) - age   1:     210376 bytes,     210376 total
[2020-09-11T19:04:26.147+0000][1][gc,age       ] GC(319) - age   2:      23592 bytes,     233968 total
[2020-09-11T19:04:26.147+0000][1][gc,age       ] GC(319) - age   3:     118280 bytes,     352248 total
[2020-09-11T19:04:26.147+0000][1][gc,age       ] GC(319) - age   4:     146328 bytes,     498576 total
[2020-09-11T19:04:26.147+0000][1][gc,age       ] GC(319) - age   5:      42816 bytes,     541392 total
[2020-09-11T19:04:26.147+0000][1][gc,age       ] GC(319) - age   6:     342096 bytes,     883488 total
[2020-09-11T19:04:26.147+0000][1][gc,heap      ] GC(319) ParNew: 69824K->1136K(76672K)
[2020-09-11T19:04:26.147+0000][1][gc,heap      ] GC(319) CMS: 193737K->193757K(2011968K)
[2020-09-11T19:04:26.147+0000][1][gc,metaspace ] GC(319) Metaspace: 99087K->99087K(1140736K)
[2020-09-11T19:04:26.147+0000][1][gc           ] GC(319) Pause Young (Allocation Failure) 257M->190M(2039M) 30.844ms
[2020-09-11T19:04:26.147+0000][1][gc,cpu       ] GC(319) User=0.02s Sys=0.00s Real=0.03s
[2020-09-11T19:04:26.151+0000][1][safepoint    ] Safepoint "GenCollectForAllocation", Time since last: 7417711446 ns, Reaching safepoint: 1663534 ns, At safepoint: 34458186 ns, Total: 36121720 ns
[2020-09-11T19:04:26.289+0000][1][safepoint    ] Safepoint "RevokeBias", Time since last: 137645325 ns, Reaching safepoint: 91261 ns, At safepoint: 33288 ns, Total: 124549 ns
[2020-09-11T19:04:26.289+0000][1][safepoint    ] Safepoint "RevokeBias", Time since last: 171063 ns, Reaching safepoint: 32858 ns, At safepoint: 19685 ns, Total: 52543 ns
[2020-09-11T19:04:26.289+0000][1][safepoint    ] Safepoint "RevokeBias", Time since last: 27847 ns, Reaching safepoint: 28761 ns, At safepoint: 17174 ns, Total: 45935 ns
[2020-09-11T19:04:26.289+0000][1][safepoint    ] Safepoint "RevokeBias", Time since last: 24472 ns, Reaching safepoint: 75202 ns, At safepoint: 18397 ns, Total: 93599 ns
[2020-09-11T19:04:28.036+0000][1][safepoint    ] Safepoint "RevokeBias", Time since last: 1746434452 ns, Reaching safepoint: 101232 ns, At safepoint: 35053 ns, Total: 136285 ns
[2020-09-11T19:04:28.036+0000][1][safepoint    ] Safepoint "RevokeBias", Time since last: 51427 ns, Reaching safepoint: 69052 ns, At safepoint: 24369 ns, Total: 93421 ns
[2020-09-11T19:04:28.036+0000][1][safepoint    ] Safepoint "RevokeBias", Time since last: 124774 ns, Reaching safepoint: 73338 ns, At safepoint: 22757 ns, Total: 96095 ns
[2020-09-11T19:04:28.155+0000][1][safepoint    ] Safepoint "RevokeBias", Time since last: 118628532 ns, Reaching safepoint: 82494 ns, At safepoint: 32926 ns, Total: 115420 ns
[2020-09-11T19:04:28.155+0000][1][safepoint    ] Safepoint "RevokeBias", Time since last: 93567 ns, Reaching safepoint: 38634 ns, At safepoint: 20857 ns, Total: 59491 ns
[2020-09-11T19:04:28.155+0000][1][safepoint    ] Safepoint "RevokeBias", Time since last: 81993 ns, Reaching safepoint: 33336 ns, At safepoint: 18005 ns, Total: 51341 ns
[2020-09-11T19:04:28.155+0000][1][safepoint    ] Safepoint "RevokeBias", Time since last: 35071 ns, Reaching safepoint: 28724 ns, At safepoint: 17594 ns, Total: 46318 ns
[2020-09-11T19:04:28.169+0000][1][safepoint    ] Safepoint "RevokeBias", Time since last: 13306925 ns, Reaching safepoint: 148767 ns, At safepoint: 24576 ns, Total: 173343 ns
[2020-09-11T19:04:28.209+0000][1][safepoint    ] Safepoint "RevokeBias", Time since last: 40464679 ns, Reaching safepoint: 155562 ns, At safepoint: 22032 ns, Total: 177594 ns
[2020-09-11T19:04:29.210+0000][1][safepoint    ] Safepoint "Cleanup", Time since last: 1000129363 ns, Reaching safepoint: 90746 ns, At safepoint: 9669 ns, Total: 100415 ns
[2020-09-11T19:04:38.509+0000][1][gc,start     ] GC(320) Pause Young (Allocation Failure)
[2020-09-11T19:04:38.509+0000][1][gc,task      ] GC(320) Using 1 workers of 1 for evacuation
[2020-09-11T19:04:38.541+0000][1][gc,age       ] GC(320) Desired survivor size 4358144 bytes, new threshold 6 (max threshold 6)
[2020-09-11T19:04:38.541+0000][1][gc,age       ] GC(320) Age table with threshold 6 (max threshold 6)
[2020-09-11T19:04:38.541+0000][1][gc,age       ] GC(320) - age   1:     558976 bytes,     558976 total
[2020-09-11T19:04:38.541+0000][1][gc,age       ] GC(320) - age   2:     147592 bytes,     706568 total
[2020-09-11T19:04:38.541+0000][1][gc,age       ] GC(320) - age   3:      16152 bytes,     722720 total
[2020-09-11T19:04:38.541+0000][1][gc,age       ] GC(320) - age   4:     118136 bytes,     840856 total
[2020-09-11T19:04:38.541+0000][1][gc,age       ] GC(320) - age   5:      88272 bytes,     929128 total
[2020-09-11T19:04:38.541+0000][1][gc,age       ] GC(320) - age   6:      42192 bytes,     971320 total
[2020-09-11T19:04:38.541+0000][1][gc,heap      ] GC(320) ParNew: 69296K->1578K(76672K)
[2020-09-11T19:04:38.541+0000][1][gc,heap      ] GC(320) CMS: 193757K->193842K(2011968K)
[2020-09-11T19:04:38.541+0000][1][gc,metaspace ] GC(320) Metaspace: 99096K->99096K(1140736K)
[2020-09-11T19:04:38.541+0000][1][gc           ] GC(320) Pause Young (Allocation Failure) 256M->190M(2039M) 32.098ms
[2020-09-11T19:04:38.541+0000][1][gc,cpu       ] GC(320) User=0.02s Sys=0.00s Real=0.04s
[2020-09-11T19:04:38.541+0000][1][safepoint    ] Safepoint "GenCollectForAllocation", Time since last: 9299084058 ns, Reaching safepoint: 259134 ns, At safepoint: 32219420 ns, Total: 32478554 ns
[2020-09-11T19:04:45.548+0000][1][safepoint    ] Safepoint "Cleanup", Time since last: 7007273297 ns, Reaching safepoint: 110277 ns, At safepoint: 10136 ns, Total: 120413 ns
[2020-09-11T19:04:50.793+0000][1][gc,start     ] GC(321) Pause Young (Allocation Failure)
[2020-09-11T19:04:50.793+0000][1][gc,task      ] GC(321) Using 1 workers of 1 for evacuation
[2020-09-11T19:04:50.825+0000][1][gc,age       ] GC(321) Desired survivor size 4358144 bytes, new threshold 6 (max threshold 6)
[2020-09-11T19:04:50.825+0000][1][gc,age       ] GC(321) Age table with threshold 6 (max threshold 6)
[2020-09-11T19:04:50.825+0000][1][gc,age       ] GC(321) - age   1:     418176 bytes,     418176 total
[2020-09-11T19:04:50.825+0000][1][gc,age       ] GC(321) - age   2:     473816 bytes,     891992 total
[2020-09-11T19:04:50.825+0000][1][gc,age       ] GC(321) - age   3:     141784 bytes,    1033776 total
[2020-09-11T19:04:50.825+0000][1][gc,age       ] GC(321) - age   4:      16152 bytes,    1049928 total
[2020-09-11T19:04:50.825+0000][1][gc,age       ] GC(321) - age   5:     118136 bytes,    1168064 total
[2020-09-11T19:04:50.825+0000][1][gc,age       ] GC(321) - age   6:      88208 bytes,    1256272 total
[2020-09-11T19:04:50.825+0000][1][gc,heap      ] GC(321) ParNew: 69738K->1817K(76672K)
[2020-09-11T19:04:50.825+0000][1][gc,heap      ] GC(321) CMS: 193842K->193879K(2011968K)
[2020-09-11T19:04:50.825+0000][1][gc,metaspace ] GC(321) Metaspace: 99096K->99096K(1140736K)
[2020-09-11T19:04:50.825+0000][1][gc           ] GC(321) Pause Young (Allocation Failure) 257M->191M(2039M) 32.003ms
[2020-09-11T19:04:50.825+0000][1][gc,cpu       ] GC(321) User=0.01s Sys=0.00s Real=0.03s
[2020-09-11T19:04:50.825+0000][1][safepoint    ] Safepoint "GenCollectForAllocation", Time since last: 5242676229 ns, Reaching safepoint: 1712645 ns, At safepoint: 32065636 ns, Total: 33778281 ns
[2020-09-11T19:05:02.697+0000][1][safepoint    ] Safepoint "RevokeBias", Time since last: 11872141089 ns, Reaching safepoint: 168762 ns, At safepoint: 33391 ns, Total: 202153 ns
[2020-09-11T19:05:02.897+0000][1][safepoint    ] Safepoint "RevokeBias", Time since last: 199511765 ns, Reaching safepoint: 182737 ns, At safepoint: 27874 ns, Total: 210611 ns
[2020-09-11T19:05:02.924+0000][1][safepoint    ] Safepoint "RevokeBias", Time since last: 26490863 ns, Reaching safepoint: 78472 ns, At safepoint: 22831 ns, Total: 101303 ns
[2020-09-11T19:05:03.027+0000][1][safepoint    ] Safepoint "RevokeBias", Time since last: 103513115 ns, Reaching safepoint: 157376 ns, At safepoint: 20224 ns, Total: 177600 ns
[2020-09-11T19:05:09.028+0000][1][safepoint    ] Safepoint "Cleanup", Time since last: 6000628765 ns, Reaching safepoint: 120465 ns, At safepoint: 7361 ns, Total: 127826 ns
[2020-09-11T19:05:11.029+0000][1][safepoint    ] Safepoint "Cleanup", Time since last: 2000273020 ns, Reaching safepoint: 176227 ns, At safepoint: 19208 ns, Total: 195435 ns
[2020-09-11T19:05:11.192+0000][1][gc,start     ] GC(322) Pause Young (Allocation Failure)
[2020-09-11T19:05:11.192+0000][1][gc,task      ] GC(322) Using 1 workers of 1 for evacuation
[2020-09-11T19:05:11.209+0000][1][gc,age       ] GC(322) Desired survivor size 4358144 bytes, new threshold 6 (max threshold 6)
[2020-09-11T19:05:11.209+0000][1][gc,age       ] GC(322) Age table with threshold 6 (max threshold 6)
[2020-09-11T19:05:11.209+0000][1][gc,age       ] GC(322) - age   1:     352664 bytes,     352664 total
[2020-09-11T19:05:11.209+0000][1][gc,age       ] GC(322) - age   2:     349536 bytes,     702200 total
[2020-09-11T19:05:11.209+0000][1][gc,age       ] GC(322) - age   3:     464776 bytes,    1166976 total
[2020-09-11T19:05:11.209+0000][1][gc,age       ] GC(322) - age   4:     138368 bytes,    1305344 total
[2020-09-11T19:05:11.209+0000][1][gc,age       ] GC(322) - age   5:      16024 bytes,    1321368 total
[2020-09-11T19:05:11.209+0000][1][gc,age       ] GC(322) - age   6:      45792 bytes,    1367160 total
[2020-09-11T19:05:11.209+0000][1][gc,heap      ] GC(322) ParNew: 69977K->2294K(76672K)
[2020-09-11T19:05:11.209+0000][1][gc,heap      ] GC(322) CMS: 193879K->193918K(2011968K)
[2020-09-11T19:05:11.209+0000][1][gc,metaspace ] GC(322) Metaspace: 99104K->99104K(1140736K)
[2020-09-11T19:05:11.209+0000][1][gc           ] GC(322) Pause Young (Allocation Failure) 257M->191M(2039M) 16.487ms
[2020-09-11T19:05:11.209+0000][1][gc,cpu       ] GC(322) User=0.02s Sys=0.00s Real=0.02s
[2020-09-11T19:05:11.209+0000][1][safepoint    ] Safepoint "GenCollectForAllocation", Time since last: 163350397 ns, Reaching safepoint: 289393 ns, At safepoint: 16580257 ns, Total: 16869650 ns
[2020-09-11T19:05:28.465+0000][1][gc,start     ] GC(323) Pause Young (Allocation Failure)
[2020-09-11T19:05:28.465+0000][1][gc,task      ] GC(323) Using 1 workers of 1 for evacuation
[2020-09-11T19:05:28.489+0000][1][gc,age       ] GC(323) Desired survivor size 4358144 bytes, new threshold 6 (max threshold 6)
[2020-09-11T19:05:28.489+0000][1][gc,age       ] GC(323) Age table with threshold 6 (max threshold 6)
[2020-09-11T19:05:28.489+0000][1][gc,age       ] GC(323) - age   1:     109800 bytes,     109800 total
[2020-09-11T19:05:28.489+0000][1][gc,age       ] GC(323) - age   2:     287248 bytes,     397048 total
[2020-09-11T19:05:28.489+0000][1][gc,age       ] GC(323) - age   3:     339464 bytes,     736512 total
[2020-09-11T19:05:28.489+0000][1][gc,age       ] GC(323) - age   4:     464368 bytes,    1200880 total
[2020-09-11T19:05:28.489+0000][1][gc,age       ] GC(323) - age   5:     138304 bytes,    1339184 total
[2020-09-11T19:05:28.489+0000][1][gc,age       ] GC(323) - age   6:      16024 bytes,    1355208 total
[2020-09-11T19:05:28.489+0000][1][gc,heap      ] GC(323) ParNew: 70454K->1574K(76672K)
[2020-09-11T19:05:28.489+0000][1][gc,heap      ] GC(323) CMS: 193918K->193963K(2011968K)
[2020-09-11T19:05:28.489+0000][1][gc,metaspace ] GC(323) Metaspace: 99105K->99105K(1140736K)
[2020-09-11T19:05:28.489+0000][1][gc           ] GC(323) Pause Young (Allocation Failure) 258M->190M(2039M) 23.870ms
[2020-09-11T19:05:28.489+0000][1][gc,cpu       ] GC(323) User=0.01s Sys=0.00s Real=0.02s
[2020-09-11T19:05:28.490+0000][1][safepoint    ] Safepoint "GenCollectForAllocation", Time since last: 17256071315 ns, Reaching safepoint: 160513 ns, At safepoint: 24712139 ns, Total: 24872652 ns
[2020-09-11T19:05:33.498+0000][1][safepoint    ] Safepoint "Cleanup", Time since last: 5007811591 ns, Reaching safepoint: 546225 ns, At safepoint: 21009 ns, Total: 567234 ns
[2020-09-11T19:05:34.498+0000][1][safepoint    ] Safepoint "Cleanup", Time since last: 1000157703 ns, Reaching safepoint: 87826 ns, At safepoint: 6279 ns, Total: 94105 ns
[2020-09-11T19:05:46.255+0000][1][gc,start     ] GC(324) Pause Young (Allocation Failure)
[2020-09-11T19:05:46.255+0000][1][gc,task      ] GC(324) Using 1 workers of 1 for evacuation
[2020-09-11T19:05:46.279+0000][1][gc,age       ] GC(324) Desired survivor size 4358144 bytes, new threshold 6 (max threshold 6)
[2020-09-11T19:05:46.279+0000][1][gc,age       ] GC(324) Age table with threshold 6 (max threshold 6)
[2020-09-11T19:05:46.279+0000][1][gc,age       ] GC(324) - age   1:      94096 bytes,      94096 total
[2020-09-11T19:05:46.279+0000][1][gc,age       ] GC(324) - age   2:      27128 bytes,     121224 total
[2020-09-11T19:05:46.279+0000][1][gc,age       ] GC(324) - age   3:     281848 bytes,     403072 total
[2020-09-11T19:05:46.279+0000][1][gc,age       ] GC(324) - age   4:     339432 bytes,     742504 total
[2020-09-11T19:05:46.279+0000][1][gc,age       ] GC(324) - age   5:     464368 bytes,    1206872 total
[2020-09-11T19:05:46.279+0000][1][gc,age       ] GC(324) - age   6:     138272 bytes,    1345144 total
[2020-09-11T19:05:46.279+0000][1][gc,heap      ] GC(324) ParNew: 69734K->2378K(76672K)
[2020-09-11T19:05:46.279+0000][1][gc,heap      ] GC(324) CMS: 193963K->193978K(2011968K)
[2020-09-11T19:05:46.279+0000][1][gc,metaspace ] GC(324) Metaspace: 99106K->99106K(1140736K)
[2020-09-11T19:05:46.279+0000][1][gc           ] GC(324) Pause Young (Allocation Failure) 257M->191M(2039M) 23.577ms
[2020-09-11T19:05:46.279+0000][1][gc,cpu       ] GC(324) User=0.02s Sys=0.00s Real=0.02s
[2020-09-11T19:05:46.279+0000][1][safepoint    ] Safepoint "GenCollectForAllocation", Time since last: 11756711605 ns, Reaching safepoint: 282979 ns, At safepoint: 23658149 ns, Total: 23941128 ns
[2020-09-11T19:05:49.283+0000][1][safepoint    ] Safepoint "Cleanup", Time since last: 3004051642 ns, Reaching safepoint: 90015 ns, At safepoint: 7561 ns, Total: 97576 ns
[2020-09-11T19:06:03.527+0000][1][gc,start     ] GC(325) Pause Young (Allocation Failure)
[2020-09-11T19:06:03.527+0000][1][gc,task      ] GC(325) Using 1 workers of 1 for evacuation
[2020-09-11T19:06:03.554+0000][1][gc,age       ] GC(325) Desired survivor size 4358144 bytes, new threshold 6 (max threshold 6)
[2020-09-11T19:06:03.554+0000][1][gc,age       ] GC(325) Age table with threshold 6 (max threshold 6)
[2020-09-11T19:06:03.554+0000][1][gc,age       ] GC(325) - age   1:     221680 bytes,     221680 total
[2020-09-11T19:06:03.554+0000][1][gc,age       ] GC(325) - age   2:      36472 bytes,     258152 total
[2020-09-11T19:06:03.554+0000][1][gc,age       ] GC(325) - age   3:      10984 bytes,     269136 total
[2020-09-11T19:06:03.554+0000][1][gc,age       ] GC(325) - age   4:     281448 bytes,     550584 total
[2020-09-11T19:06:03.554+0000][1][gc,age       ] GC(325) - age   5:     339432 bytes,     890016 total
[2020-09-11T19:06:03.554+0000][1][gc,age       ] GC(325) - age   6:     464336 bytes,    1354352 total
[2020-09-11T19:06:03.554+0000][1][gc,heap      ] GC(325) ParNew: 70538K->1579K(76672K)
[2020-09-11T19:06:03.554+0000][1][gc,heap      ] GC(325) CMS: 193978K->194007K(2011968K)
[2020-09-11T19:06:03.554+0000][1][gc,metaspace ] GC(325) Metaspace: 99110K->99110K(1140736K)
[2020-09-11T19:06:03.554+0000][1][gc           ] GC(325) Pause Young (Allocation Failure) 258M->191M(2039M) 27.460ms
[2020-09-11T19:06:03.554+0000][1][gc,cpu       ] GC(325) User=0.01s Sys=0.00s Real=0.03s
[2020-09-11T19:06:03.558+0000][1][safepoint    ] Safepoint "GenCollectForAllocation", Time since last: 14243581672 ns, Reaching safepoint: 87456 ns, At safepoint: 30823663 ns, Total: 30911119 ns
[2020-09-11T19:06:09.562+0000][1][safepoint    ] Safepoint "Cleanup", Time since last: 6004537792 ns, Reaching safepoint: 172853 ns, At safepoint: 16678 ns, Total: 189531 ns
[2020-09-11T19:06:11.563+0000][1][safepoint    ] Safepoint "Cleanup", Time since last: 2000413254 ns, Reaching safepoint: 93213 ns, At safepoint: 6780 ns, Total: 99993 ns
[2020-09-11T19:06:19.270+0000][1][gc,start     ] GC(326) Pause Young (Allocation Failure)
[2020-09-11T19:06:19.270+0000][1][gc,task      ] GC(326) Using 1 workers of 1 for evacuation
[2020-09-11T19:06:19.285+0000][1][gc,age       ] GC(326) Desired survivor size 4358144 bytes, new threshold 6 (max threshold 6)
[2020-09-11T19:06:19.285+0000][1][gc,age       ] GC(326) Age table with threshold 6 (max threshold 6)
[2020-09-11T19:06:19.285+0000][1][gc,age       ] GC(326) - age   1:     506248 bytes,     506248 total
[2020-09-11T19:06:19.285+0000][1][gc,age       ] GC(326) - age   2:     154592 bytes,     660840 total
[2020-09-11T19:06:19.285+0000][1][gc,age       ] GC(326) - age   3:      30928 bytes,     691768 total
[2020-09-11T19:06:19.285+0000][1][gc,age       ] GC(326) - age   4:      10944 bytes,     702712 total
[2020-09-11T19:06:19.285+0000][1][gc,age       ] GC(326) - age   5:     281256 bytes,     983968 total
[2020-09-11T19:06:19.285+0000][1][gc,age       ] GC(326) - age   6:     269072 bytes,    1253040 total
[2020-09-11T19:06:19.286+0000][1][gc,heap      ] GC(326) ParNew: 69739K->2378K(76672K)
[2020-09-11T19:06:19.286+0000][1][gc,heap      ] GC(326) CMS: 194007K->194187K(2011968K)
[2020-09-11T19:06:19.286+0000][1][gc,metaspace ] GC(326) Metaspace: 99117K->99117K(1140736K)
[2020-09-11T19:06:19.286+0000][1][gc           ] GC(326) Pause Young (Allocation Failure) 257M->191M(2039M) 15.506ms
[2020-09-11T19:06:19.286+0000][1][gc,cpu       ] GC(326) User=0.02s Sys=0.00s Real=0.02s
[2020-09-11T19:06:19.286+0000][1][safepoint    ] Safepoint "GenCollectForAllocation", Time since last: 7706994103 ns, Reaching safepoint: 213667 ns, At safepoint: 15573648 ns, Total: 15787315 ns
[2020-09-11T19:06:20.291+0000][1][safepoint    ] Safepoint "Cleanup", Time since last: 1004981409 ns, Reaching safepoint: 116268 ns, At safepoint: 7876 ns, Total: 124144 ns
[2020-09-11T19:06:21.291+0000][1][safepoint    ] Safepoint "Cleanup", Time since last: 1000137440 ns, Reaching safepoint: 171754 ns, At safepoint: 18599 ns, Total: 190353 ns
[2020-09-11T19:06:22.291+0000][1][safepoint    ] Safepoint "Cleanup", Time since last: 1000217578 ns, Reaching safepoint: 124459 ns, At safepoint: 8049 ns, Total: 132508 ns
[2020-09-11T19:06:23.292+0000][1][safepoint    ] Safepoint "Cleanup", Time since last: 1000158263 ns, Reaching safepoint: 139692 ns, At safepoint: 7824 ns, Total: 147516 ns
[2020-09-11T19:06:24.292+0000][1][safepoint    ] Safepoint "Cleanup", Time since last: 1000596481 ns, Reaching safepoint: 165232 ns, At safepoint: 20634 ns, Total: 185866 ns
[2020-09-11T19:06:25.293+0000][1][safepoint    ] Safepoint "Cleanup", Time since last: 1000213439 ns, Reaching safepoint: 182529 ns, At safepoint: 16919 ns, Total: 199448 ns
[2020-09-11T19:06:26.293+0000][1][safepoint    ] Safepoint "Cleanup", Time since last: 1000309845 ns, Reaching safepoint: 181570 ns, At safepoint: 21219 ns, Total: 202789 ns
[2020-09-11T19:06:27.294+0000][1][safepoint    ] Safepoint "Cleanup", Time since last: 1000174699 ns, Reaching safepoint: 134349 ns, At safepoint: 6660 ns, Total: 141009 ns
[2020-09-11T19:06:28.294+0000][1][safepoint    ] Safepoint "Cleanup", Time since last: 1000145527 ns, Reaching safepoint: 128036 ns, At safepoint: 6938 ns, Total: 134974 ns
[2020-09-11T19:06:29.294+0000][1][safepoint    ] Safepoint "Cleanup", Time since last: 1000154270 ns, Reaching safepoint: 165750 ns, At safepoint: 16945 ns, Total: 182695 ns
[2020-09-11T19:06:30.295+0000][1][safepoint    ] Safepoint "Cleanup", Time since last: 1000244981 ns, Reaching safepoint: 163001 ns, At safepoint: 19986 ns, Total: 182987 ns
[2020-09-11T19:06:31.295+0000][1][safepoint    ] Safepoint "Cleanup", Time since last: 1000216855 ns, Reaching safepoint: 192805 ns, At safepoint: 20551 ns, Total: 213356 ns
[2020-09-11T19:06:32.296+0000][1][safepoint    ] Safepoint "Cleanup", Time since last: 1000237775 ns, Reaching safepoint: 106965 ns, At safepoint: 7793 ns, Total: 114758 ns
[2020-09-11T19:06:33.296+0000][1][safepoint    ] Safepoint "Cleanup", Time since last: 1000232929 ns, Reaching safepoint: 86349 ns, At safepoint: 6412 ns, Total: 92761 ns
[2020-09-11T19:06:34.296+0000][1][safepoint    ] Safepoint "Cleanup", Time since last: 1000113861 ns, Reaching safepoint: 87052 ns, At safepoint: 8632 ns, Total: 95684 ns
[2020-09-11T19:06:35.296+0000][1][safepoint    ] Safepoint "Cleanup", Time since last: 1000124238 ns, Reaching safepoint: 84574 ns, At safepoint: 6914 ns, Total: 91488 ns
[2020-09-11T19:06:36.297+0000][1][safepoint    ] Safepoint "Cleanup", Time since last: 1000184976 ns, Reaching safepoint: 110718 ns, At safepoint: 9341 ns, Total: 120059 ns
[2020-09-11T19:06:36.377+0000][1][gc,start     ] GC(327) Pause Young (Allocation Failure)
[2020-09-11T19:06:36.377+0000][1][gc,task      ] GC(327) Using 1 workers of 1 for evacuation
[2020-09-11T19:06:36.392+0000][1][gc,age       ] GC(327) Desired survivor size 4358144 bytes, new threshold 6 (max threshold 6)
[2020-09-11T19:06:36.392+0000][1][gc,age       ] GC(327) Age table with threshold 6 (max threshold 6)
[2020-09-11T19:06:36.392+0000][1][gc,age       ] GC(327) - age   1:      84768 bytes,      84768 total
[2020-09-11T19:06:36.392+0000][1][gc,age       ] GC(327) - age   2:     430736 bytes,     515504 total
[2020-09-11T19:06:36.392+0000][1][gc,age       ] GC(327) - age   3:     146176 bytes,     661680 total
[2020-09-11T19:06:36.392+0000][1][gc,age       ] GC(327) - age   4:      30624 bytes,     692304 total
[2020-09-11T19:06:36.392+0000][1][gc,age       ] GC(327) - age   5:      10848 bytes,     703152 total
[2020-09-11T19:06:36.392+0000][1][gc,age       ] GC(327) - age   6:     281192 bytes,     984344 total
[2020-09-11T19:06:36.392+0000][1][gc,heap      ] GC(327) ParNew: 70538K->1512K(76672K)
[2020-09-11T19:06:36.392+0000][1][gc,heap      ] GC(327) CMS: 194187K->194451K(2011968K)
[2020-09-11T19:06:36.392+0000][1][gc,metaspace ] GC(327) Metaspace: 99117K->99117K(1140736K)
[2020-09-11T19:06:36.392+0000][1][gc           ] GC(327) Pause Young (Allocation Failure) 258M->191M(2039M) 14.610ms
[2020-09-11T19:06:36.392+0000][1][gc,cpu       ] GC(327) User=0.02s Sys=0.00s Real=0.01s
[2020-09-11T19:06:36.392+0000][1][safepoint    ] Safepoint "GenCollectForAllocation", Time since last: 80295358 ns, Reaching safepoint: 193621 ns, At safepoint: 14701091 ns, Total: 14894712 ns
[2020-09-11T19:06:37.395+0000][1][safepoint    ] Safepoint "Cleanup", Time since last: 1003078051 ns, Reaching safepoint: 198132 ns, At safepoint: 145038 ns, Total: 343170 ns
[2020-09-11T19:06:38.396+0000][1][safepoint    ] Safepoint "Cleanup", Time since last: 1000184556 ns, Reaching safepoint: 79205 ns, At safepoint: 16571 ns, Total: 95776 ns
[2020-09-11T19:06:39.464+0000][1][safepoint    ] Safepoint "Cleanup", Time since last: 1068280734 ns, Reaching safepoint: 148770 ns, At safepoint: 9527 ns, Total: 158297 ns
[2020-09-11T19:06:40.464+0000][1][safepoint    ] Safepoint "Cleanup", Time since last: 1000187661 ns, Reaching safepoint: 150796 ns, At safepoint: 17643 ns, Total: 168439 ns
[2020-09-11T19:06:41.465+0000][1][safepoint    ] Safepoint "Cleanup", Time since last: 1000213417 ns, Reaching safepoint: 142470 ns, At safepoint: 17233 ns, Total: 159703 ns
[2020-09-11T19:06:42.465+0000][1][safepoint    ] Safepoint "Cleanup", Time since last: 1000321457 ns, Reaching safepoint: 155995 ns, At safepoint: 17510 ns, Total: 173505 ns
[2020-09-11T19:06:43.466+0000][1][safepoint    ] Safepoint "Cleanup", Time since last: 1000246572 ns, Reaching safepoint: 104175 ns, At safepoint: 7365 ns, Total: 111540 ns
[2020-09-11T19:06:44.466+0000][1][safepoint    ] Safepoint "Cleanup", Time since last: 1000112954 ns, Reaching safepoint: 83987 ns, At safepoint: 7543 ns, Total: 91530 ns
[2020-09-11T19:06:44.786+0000][1][safepoint    ] Safepoint "RevokeBias", Time since last: 319698156 ns, Reaching safepoint: 196187 ns, At safepoint: 33547 ns, Total: 229734 ns
[2020-09-11T19:06:44.793+0000][1][safepoint    ] Safepoint "RevokeBias", Time since last: 7338944 ns, Reaching safepoint: 175805 ns, At safepoint: 22656 ns, Total: 198461 ns
[2020-09-11T19:06:44.859+0000][1][safepoint    ] Safepoint "RevokeBias", Time since last: 65701691 ns, Reaching safepoint: 164108 ns, At safepoint: 25105 ns, Total: 189213 ns
[2020-09-11T19:06:45.859+0000][1][safepoint    ] Safepoint "Cleanup", Time since last: 1000116529 ns, Reaching safepoint: 88911 ns, At safepoint: 10345 ns, Total: 99256 ns
[2020-09-11T19:06:46.860+0000][1][safepoint    ] Safepoint "Cleanup", Time since last: 1000128325 ns, Reaching safepoint: 84535 ns, At safepoint: 7796 ns, Total: 92331 ns
[2020-09-11T19:06:47.780+0000][1][safepoint    ] Safepoint "RevokeBias", Time since last: 914933589 ns, Reaching safepoint: 5112352 ns, At safepoint: 31228 ns, Total: 5143580 ns
[2020-09-11T19:06:48.780+0000][1][safepoint    ] Safepoint "Cleanup", Time since last: 1000123845 ns, Reaching safepoint: 83944 ns, At safepoint: 6754 ns, Total: 90698 ns
[2020-09-11T19:06:48.917+0000][1][gc,start     ] GC(328) Pause Young (Allocation Failure)
[2020-09-11T19:06:48.917+0000][1][gc,task      ] GC(328) Using 1 workers of 1 for evacuation
[2020-09-11T19:06:48.961+0000][1][gc,age       ] GC(328) Desired survivor size 4358144 bytes, new threshold 6 (max threshold 6)
[2020-09-11T19:06:48.961+0000][1][gc,age       ] GC(328) Age table with threshold 6 (max threshold 6)
[2020-09-11T19:06:48.961+0000][1][gc,age       ] GC(328) - age   1:     338904 bytes,     338904 total
[2020-09-11T19:06:48.961+0000][1][gc,age       ] GC(328) - age   2:      19680 bytes,     358584 total
[2020-09-11T19:06:48.961+0000][1][gc,age       ] GC(328) - age   3:     425408 bytes,     783992 total
[2020-09-11T19:06:48.961+0000][1][gc,age       ] GC(328) - age   4:     146136 bytes,     930128 total
[2020-09-11T19:06:48.961+0000][1][gc,age       ] GC(328) - age   5:      30624 bytes,     960752 total
[2020-09-11T19:06:48.961+0000][1][gc,age       ] GC(328) - age   6:      10848 bytes,     971600 total
[2020-09-11T19:06:48.961+0000][1][gc,heap      ] GC(328) ParNew: 69672K->1820K(76672K)
[2020-09-11T19:06:48.961+0000][1][gc,heap      ] GC(328) CMS: 194451K->194648K(2011968K)
[2020-09-11T19:06:48.961+0000][1][gc,metaspace ] GC(328) Metaspace: 99117K->99117K(1140736K)
[2020-09-11T19:06:48.961+0000][1][gc           ] GC(328) Pause Young (Allocation Failure) 257M->191M(2039M) 44.430ms
[2020-09-11T19:06:48.961+0000][1][gc,cpu       ] GC(328) User=0.01s Sys=0.00s Real=0.05s
[2020-09-11T19:06:48.962+0000][1][safepoint    ] Safepoint "GenCollectForAllocation", Time since last: 135873573 ns, Reaching safepoint: 1206942 ns, At safepoint: 44896582 ns, Total: 46103524 ns
[2020-09-11T19:06:49.986+0000][1][safepoint    ] Safepoint "Cleanup", Time since last: 1024156594 ns, Reaching safepoint: 88808 ns, At safepoint: 23192 ns, Total: 112000 ns
[2020-09-11T19:06:50.986+0000][1][safepoint    ] Safepoint "Cleanup", Time since last: 1000114574 ns, Reaching safepoint: 87837 ns, At safepoint: 23309 ns, Total: 111146 ns
[2020-09-11T19:06:51.987+0000][1][safepoint    ] Safepoint "Cleanup", Time since last: 1000117669 ns, Reaching safepoint: 87423 ns, At safepoint: 7530 ns, Total: 94953 ns
[2020-09-11T19:06:52.987+0000][1][safepoint    ] Safepoint "Cleanup", Time since last: 1000122884 ns, Reaching safepoint: 91055 ns, At safepoint: 9635 ns, Total: 100690 ns
[2020-09-11T19:06:53.987+0000][1][safepoint    ] Safepoint "Cleanup", Time since last: 1000127754 ns, Reaching safepoint: 86854 ns, At safepoint: 9513 ns, Total: 96367 ns
[2020-09-11T19:06:54.987+0000][1][safepoint    ] Safepoint "Cleanup", Time since last: 1000122749 ns, Reaching safepoint: 83725 ns, At safepoint: 7616 ns, Total: 91341 ns
[2020-09-11T19:06:55.987+0000][1][safepoint    ] Safepoint "Cleanup", Time since last: 1000118487 ns, Reaching safepoint: 82452 ns, At safepoint: 7024 ns, Total: 89476 ns
[2020-09-11T19:06:56.988+0000][1][safepoint    ] Safepoint "Cleanup", Time since last: 1000128498 ns, Reaching safepoint: 91767 ns, At safepoint: 11940 ns, Total: 103707 ns
[2020-09-11T19:06:57.988+0000][1][safepoint    ] Safepoint "Cleanup", Time since last: 1000125689 ns, Reaching safepoint: 92579 ns, At safepoint: 7726 ns, Total: 100305 ns
[2020-09-11T19:06:58.988+0000][1][safepoint    ] Safepoint "Cleanup", Time since last: 1000127561 ns, Reaching safepoint: 82586 ns, At safepoint: 7615 ns, Total: 90201 ns
[2020-09-11T19:06:59.988+0000][1][safepoint    ] Safepoint "Cleanup", Time since last: 1000119721 ns, Reaching safepoint: 84090 ns, At safepoint: 6606 ns, Total: 90696 ns
[2020-09-11T19:07:00.988+0000][1][safepoint    ] Safepoint "Cleanup", Time since last: 1000109586 ns, Reaching safepoint: 84160 ns, At safepoint: 6547 ns, Total: 90707 ns
[2020-09-11T19:07:01.989+0000][1][safepoint    ] Safepoint "Cleanup", Time since last: 1000106655 ns, Reaching safepoint: 88108 ns, At safepoint: 8337 ns, Total: 96445 ns
[2020-09-11T19:07:02.989+0000][1][safepoint    ] Safepoint "Cleanup", Time since last: 1000217112 ns, Reaching safepoint: 96617 ns, At safepoint: 11389 ns, Total: 108006 ns
[2020-09-11T19:07:03.989+0000][1][safepoint    ] Safepoint "Cleanup", Time since last: 1000115965 ns, Reaching safepoint: 84371 ns, At safepoint: 7386 ns, Total: 91757 ns
[2020-09-11T19:07:04.989+0000][1][safepoint    ] Safepoint "Cleanup", Time since last: 1000114483 ns, Reaching safepoint: 86571 ns, At safepoint: 7104 ns, Total: 93675 ns
[2020-09-11T19:07:05.990+0000][1][safepoint    ] Safepoint "Cleanup", Time since last: 1000112519 ns, Reaching safepoint: 86366 ns, At safepoint: 8018 ns, Total: 94384 ns
[2020-09-11T19:07:06.990+0000][1][safepoint    ] Safepoint "Cleanup", Time since last: 1000121084 ns, Reaching safepoint: 83139 ns, At safepoint: 7141 ns, Total: 90280 ns
[2020-09-11T19:07:07.666+0000][1][gc,start     ] GC(329) Pause Young (Allocation Failure)
[2020-09-11T19:07:07.666+0000][1][gc,task      ] GC(329) Using 1 workers of 1 for evacuation
[2020-09-11T19:07:07.697+0000][1][gc,age       ] GC(329) Desired survivor size 4358144 bytes, new threshold 6 (max threshold 6)
[2020-09-11T19:07:07.697+0000][1][gc,age       ] GC(329) Age table with threshold 6 (max threshold 6)
[2020-09-11T19:07:07.697+0000][1][gc,age       ] GC(329) - age   1:     360296 bytes,     360296 total
[2020-09-11T19:07:07.697+0000][1][gc,age       ] GC(329) - age   2:     158440 bytes,     518736 total
[2020-09-11T19:07:07.697+0000][1][gc,age       ] GC(329) - age   3:      11848 bytes,     530584 total
[2020-09-11T19:07:07.697+0000][1][gc,age       ] GC(329) - age   4:     424072 bytes,     954656 total
[2020-09-11T19:07:07.697+0000][1][gc,age       ] GC(329) - age   5:     146040 bytes,    1100696 total
[2020-09-11T19:07:07.697+0000][1][gc,age       ] GC(329) - age   6:      30624 bytes,    1131320 total
[2020-09-11T19:07:07.697+0000][1][gc,heap      ] GC(329) ParNew: 69980K->1166K(76672K)
[2020-09-11T19:07:07.697+0000][1][gc,heap      ] GC(329) CMS: 194648K->194659K(2011968K)
[2020-09-11T19:07:07.697+0000][1][gc,metaspace ] GC(329) Metaspace: 99117K->99117K(1140736K)
[2020-09-11T19:07:07.697+0000][1][gc           ] GC(329) Pause Young (Allocation Failure) 258M->191M(2039M) 30.922ms
[2020-09-11T19:07:07.697+0000][1][gc,cpu       ] GC(329) User=0.01s Sys=0.00s Real=0.03s
[2020-09-11T19:07:07.697+0000][1][safepoint    ] Safepoint "GenCollectForAllocation", Time since last: 676147637 ns, Reaching safepoint: 80546 ns, At safepoint: 30992510 ns, Total: 31073056 ns
[2020-09-11T19:07:08.705+0000][1][safepoint    ] Safepoint "Cleanup", Time since last: 1007734040 ns, Reaching safepoint: 86338 ns, At safepoint: 7633 ns, Total: 93971 ns
[2020-09-11T19:07:09.705+0000][1][safepoint    ] Safepoint "Cleanup", Time since last: 1000120477 ns, Reaching safepoint: 97133 ns, At safepoint: 11635 ns, Total: 108768 ns
[2020-09-11T19:07:10.705+0000][1][safepoint    ] Safepoint "Cleanup", Time since last: 1000118621 ns, Reaching safepoint: 90621 ns, At safepoint: 7760 ns, Total: 98381 ns
[2020-09-11T19:07:11.706+0000][1][safepoint    ] Safepoint "Cleanup", Time since last: 1000113887 ns, Reaching safepoint: 86198 ns, At safepoint: 7533 ns, Total: 93731 ns
[2020-09-11T19:07:12.706+0000][1][safepoint    ] Safepoint "Cleanup", Time since last: 1000111439 ns, Reaching safepoint: 88141 ns, At safepoint: 9084 ns, Total: 97225 ns
[2020-09-11T19:07:13.706+0000][1][safepoint    ] Safepoint "Cleanup", Time since last: 1000126689 ns, Reaching safepoint: 85747 ns, At safepoint: 7661 ns, Total: 93408 ns
[2020-09-11T19:07:14.706+0000][1][safepoint    ] Safepoint "Cleanup", Time since last: 1000112139 ns, Reaching safepoint: 84035 ns, At safepoint: 9115 ns, Total: 93150 ns
[2020-09-11T19:07:15.706+0000][1][safepoint    ] Safepoint "Cleanup", Time since last: 1000123974 ns, Reaching safepoint: 91740 ns, At safepoint: 8025 ns, Total: 99765 ns
[2020-09-11T19:07:16.707+0000][1][safepoint    ] Safepoint "Cleanup", Time since last: 1000123225 ns, Reaching safepoint: 84793 ns, At safepoint: 6844 ns, Total: 91637 ns
[2020-09-11T19:07:17.707+0000][1][safepoint    ] Safepoint "Cleanup", Time since last: 1000119396 ns, Reaching safepoint: 86631 ns, At safepoint: 7560 ns, Total: 94191 ns
[2020-09-11T19:07:18.707+0000][1][safepoint    ] Safepoint "Cleanup", Time since last: 1000114620 ns, Reaching safepoint: 87729 ns, At safepoint: 9452 ns, Total: 97181 ns
[2020-09-11T19:07:19.317+0000][1][gc,start     ] GC(330) Pause Young (Allocation Failure)
[2020-09-11T19:07:19.317+0000][1][gc,task      ] GC(330) Using 1 workers of 1 for evacuation
[2020-09-11T19:07:19.345+0000][1][gc,age       ] GC(330) Desired survivor size 4358144 bytes, new threshold 6 (max threshold 6)
[2020-09-11T19:07:19.345+0000][1][gc,age       ] GC(330) Age table with threshold 6 (max threshold 6)
[2020-09-11T19:07:19.345+0000][1][gc,age       ] GC(330) - age   1:     169600 bytes,     169600 total
[2020-09-11T19:07:19.345+0000][1][gc,age       ] GC(330) - age   2:      81432 bytes,     251032 total
[2020-09-11T19:07:19.345+0000][1][gc,age       ] GC(330) - age   3:     154504 bytes,     405536 total
[2020-09-11T19:07:19.345+0000][1][gc,age       ] GC(330) - age   4:      11816 bytes,     417352 total
[2020-09-11T19:07:19.345+0000][1][gc,age       ] GC(330) - age   5:     423848 bytes,     841200 total
[2020-09-11T19:07:19.345+0000][1][gc,age       ] GC(330) - age   6:     146008 bytes,     987208 total
[2020-09-11T19:07:19.345+0000][1][gc,heap      ] GC(330) ParNew: 69326K->974K(76672K)
[2020-09-11T19:07:19.345+0000][1][gc,heap      ] GC(330) CMS: 194659K->194688K(2011968K)
[2020-09-11T19:07:19.345+0000][1][gc,metaspace ] GC(330) Metaspace: 99125K->99125K(1140736K)
[2020-09-11T19:07:19.345+0000][1][gc           ] GC(330) Pause Young (Allocation Failure) 257M->191M(2039M) 27.845ms
[2020-09-11T19:07:19.345+0000][1][gc,cpu       ] GC(330) User=0.01s Sys=0.00s Real=0.03s
[2020-09-11T19:07:19.347+0000][1][safepoint    ] Safepoint "GenCollectForAllocation", Time since last: 607216420 ns, Reaching safepoint: 2611165 ns, At safepoint: 30516929 ns, Total: 33128094 ns
[2020-09-11T19:07:20.365+0000][1][safepoint    ] Safepoint "Cleanup", Time since last: 1017487453 ns, Reaching safepoint: 83384 ns, At safepoint: 7368 ns, Total: 90752 ns
[2020-09-11T19:07:21.365+0000][1][safepoint    ] Safepoint "Cleanup", Time since last: 1000112866 ns, Reaching safepoint: 84771 ns, At safepoint: 7440 ns, Total: 92211 ns
[2020-09-11T19:07:22.365+0000][1][safepoint    ] Safepoint "Cleanup", Time since last: 1000117821 ns, Reaching safepoint: 90776 ns, At safepoint: 10817 ns, Total: 101593 ns
[2020-09-11T19:07:23.366+0000][1][safepoint    ] Safepoint "Cleanup", Time since last: 1000114980 ns, Reaching safepoint: 86527 ns, At safepoint: 9082 ns, Total: 95609 ns
[2020-09-11T19:07:24.366+0000][1][safepoint    ] Safepoint "Cleanup", Time since last: 1000108315 ns, Reaching safepoint: 84941 ns, At safepoint: 10801 ns, Total: 95742 ns
[2020-09-11T19:07:25.366+0000][1][safepoint    ] Safepoint "Cleanup", Time since last: 1000111316 ns, Reaching safepoint: 86520 ns, At safepoint: 9361 ns, Total: 95881 ns
[2020-09-11T19:07:26.366+0000][1][safepoint    ] Safepoint "Cleanup", Time since last: 1000115861 ns, Reaching safepoint: 89262 ns, At safepoint: 10786 ns, Total: 100048 ns
[2020-09-11T19:07:27.366+0000][1][safepoint    ] Safepoint "Cleanup", Time since last: 1000120643 ns, Reaching safepoint: 89300 ns, At safepoint: 11434 ns, Total: 100734 ns
[2020-09-11T19:07:28.098+0000][1][safepoint    ] Safepoint "RevokeBias", Time since last: 731023465 ns, Reaching safepoint: 170683 ns, At safepoint: 21709 ns, Total: 192392 ns
[2020-09-11T19:07:28.098+0000][1][safepoint    ] Safepoint "RevokeBias", Time since last: 58817 ns, Reaching safepoint: 112119 ns, At safepoint: 13121 ns, Total: 125240 ns
[2020-09-11T19:07:28.126+0000][1][safepoint    ] Safepoint "RevokeBias", Time since last: 27859804 ns, Reaching safepoint: 179594 ns, At safepoint: 24967 ns, Total: 204561 ns
[2020-09-11T19:07:28.133+0000][1][safepoint    ] Safepoint "RevokeBias", Time since last: 5637476 ns, Reaching safepoint: 1341997 ns, At safepoint: 30164 ns, Total: 1372161 ns
[2020-09-11T19:07:28.135+0000][1][safepoint    ] Safepoint "BulkRevokeBias", Time since last: 216433 ns, Reaching safepoint: 1329588 ns, At safepoint: 446471 ns, Total: 1776059 ns
[2020-09-11T19:07:28.145+0000][1][safepoint    ] Safepoint "RevokeBias", Time since last: 10372731 ns, Reaching safepoint: 97764 ns, At safepoint: 25807 ns, Total: 123571 ns
[2020-09-11T19:07:29.153+0000][1][safepoint    ] Safepoint "RevokeBias", Time since last: 1006855076 ns, Reaching safepoint: 610799 ns, At safepoint: 24554 ns, Total: 635353 ns
[2020-09-11T19:07:29.415+0000][1][gc,start     ] GC(331) Pause Young (Allocation Failure)
[2020-09-11T19:07:29.415+0000][1][gc,task      ] GC(331) Using 1 workers of 1 for evacuation
[2020-09-11T19:07:29.456+0000][1][gc,age       ] GC(331) Desired survivor size 4358144 bytes, new threshold 6 (max threshold 6)
[2020-09-11T19:07:29.456+0000][1][gc,age       ] GC(331) Age table with threshold 6 (max threshold 6)
[2020-09-11T19:07:29.456+0000][1][gc,age       ] GC(331) - age   1:     833240 bytes,     833240 total
[2020-09-11T19:07:29.456+0000][1][gc,age       ] GC(331) - age   2:      95200 bytes,     928440 total
[2020-09-11T19:07:29.456+0000][1][gc,age       ] GC(331) - age   3:      72152 bytes,    1000592 total
[2020-09-11T19:07:29.456+0000][1][gc,age       ] GC(331) - age   4:     149544 bytes,    1150136 total
[2020-09-11T19:07:29.456+0000][1][gc,age       ] GC(331) - age   5:      11720 bytes,    1161856 total
[2020-09-11T19:07:29.456+0000][1][gc,age       ] GC(331) - age   6:     423848 bytes,    1585704 total
[2020-09-11T19:07:29.456+0000][1][gc,heap      ] GC(331) ParNew: 69134K->1933K(76672K)
[2020-09-11T19:07:29.456+0000][1][gc,heap      ] GC(331) CMS: 194688K->194827K(2011968K)
[2020-09-11T19:07:29.456+0000][1][gc,metaspace ] GC(331) Metaspace: 99237K->99237K(1140736K)
[2020-09-11T19:07:29.456+0000][1][gc           ] GC(331) Pause Young (Allocation Failure) 257M->192M(2039M) 41.555ms
[2020-09-11T19:07:29.456+0000][1][gc,cpu       ] GC(331) User=0.02s Sys=0.00s Real=0.04s
[2020-09-11T19:07:29.477+0000][1][safepoint    ] Safepoint "GenCollectForAllocation", Time since last: 261857417 ns, Reaching safepoint: 171987 ns, At safepoint: 61667943 ns, Total: 61839930 ns
[2020-09-11T19:07:29.482+0000][1][safepoint    ] Safepoint "RevokeBias", Time since last: 2708452 ns, Reaching safepoint: 173168 ns, At safepoint: 2406741 ns, Total: 2579909 ns
[2020-09-11T19:07:29.482+0000][1][safepoint    ] Safepoint "RevokeBias", Time since last: 224314 ns, Reaching safepoint: 139365 ns, At safepoint: 109070 ns, Total: 248435 ns
[2020-09-11T19:07:29.483+0000][1][safepoint    ] Safepoint "RevokeBias", Time since last: 205653 ns, Reaching safepoint: 122185 ns, At safepoint: 103218 ns, Total: 225403 ns
[2020-09-11T19:07:29.483+0000][1][safepoint    ] Safepoint "RevokeBias", Time since last: 82411 ns, Reaching safepoint: 108758 ns, At safepoint: 67627 ns, Total: 176385 ns
[2020-09-11T19:07:29.501+0000][1][safepoint    ] Safepoint "RevokeBias", Time since last: 17551938 ns, Reaching safepoint: 157355 ns, At safepoint: 41288 ns, Total: 198643 ns
[2020-09-11T19:07:29.576+0000][1][safepoint    ] Safepoint "RevokeBias", Time since last: 75148905 ns, Reaching safepoint: 162675 ns, At safepoint: 19892 ns, Total: 182567 ns
[2020-09-11T19:07:29.586+0000][1][safepoint    ] Safepoint "RevokeBias", Time since last: 10197215 ns, Reaching safepoint: 159631 ns, At safepoint: 20753 ns, Total: 180384 ns
[2020-09-11T19:07:29.587+0000][1][safepoint    ] Safepoint "RevokeBias", Time since last: 99082 ns, Reaching safepoint: 116408 ns, At safepoint: 12315 ns, Total: 128723 ns
[2020-09-11T19:07:29.587+0000][1][safepoint    ] Safepoint "RevokeBias", Time since last: 214532 ns, Reaching safepoint: 31031 ns, At safepoint: 11124 ns, Total: 42155 ns
[2020-09-11T19:07:29.587+0000][1][safepoint    ] Safepoint "RevokeBias", Time since last: 226211 ns, Reaching safepoint: 29929 ns, At safepoint: 11137 ns, Total: 41066 ns
[2020-09-11T19:07:30.587+0000][1][safepoint    ] Safepoint "Cleanup", Time since last: 1000067085 ns, Reaching safepoint: 94762 ns, At safepoint: 5475 ns, Total: 100237 ns
[2020-09-11T19:07:31.588+0000][1][safepoint    ] Safepoint "Cleanup", Time since last: 1000120307 ns, Reaching safepoint: 89584 ns, At safepoint: 7668 ns, Total: 97252 ns
[2020-09-11T19:07:32.588+0000][1][safepoint    ] Safepoint "Cleanup", Time since last: 1000111005 ns, Reaching safepoint: 90453 ns, At safepoint: 8354 ns, Total: 98807 ns
[2020-09-11T19:07:33.588+0000][1][safepoint    ] Safepoint "Cleanup", Time since last: 1000107680 ns, Reaching safepoint: 84985 ns, At safepoint: 8143 ns, Total: 93128 ns
[2020-09-11T19:07:34.588+0000][1][safepoint    ] Safepoint "Cleanup", Time since last: 1000126517 ns, Reaching safepoint: 86489 ns, At safepoint: 7807 ns, Total: 94296 ns
[2020-09-11T19:07:35.588+0000][1][safepoint    ] Safepoint "Cleanup", Time since last: 1000111168 ns, Reaching safepoint: 89120 ns, At safepoint: 8334 ns, Total: 97454 ns
[2020-09-11T19:07:36.589+0000][1][safepoint    ] Safepoint "Cleanup", Time since last: 1000112743 ns, Reaching safepoint: 82073 ns, At safepoint: 7142 ns, Total: 89215 ns
[2020-09-11T19:07:37.589+0000][1][safepoint    ] Safepoint "Cleanup", Time since last: 1000167701 ns, Reaching safepoint: 122236 ns, At safepoint: 9699 ns, Total: 131935 ns
[2020-09-11T19:07:38.402+0000][1][gc,start     ] GC(332) Pause Young (Allocation Failure)
[2020-09-11T19:07:38.402+0000][1][gc,task      ] GC(332) Using 1 workers of 1 for evacuation
[2020-09-11T19:07:38.432+0000][1][gc,age       ] GC(332) Desired survivor size 4358144 bytes, new threshold 6 (max threshold 6)
[2020-09-11T19:07:38.432+0000][1][gc,age       ] GC(332) Age table with threshold 6 (max threshold 6)
[2020-09-11T19:07:38.432+0000][1][gc,age       ] GC(332) - age   1:     357208 bytes,     357208 total
[2020-09-11T19:07:38.432+0000][1][gc,age       ] GC(332) - age   2:     223736 bytes,     580944 total
[2020-09-11T19:07:38.432+0000][1][gc,age       ] GC(332) - age   3:      86416 bytes,     667360 total
[2020-09-11T19:07:38.432+0000][1][gc,age       ] GC(332) - age   4:      70296 bytes,     737656 total
[2020-09-11T19:07:38.432+0000][1][gc,age       ] GC(332) - age   5:     149480 bytes,     887136 total
[2020-09-11T19:07:38.432+0000][1][gc,age       ] GC(332) - age   6:      10480 bytes,     897616 total
[2020-09-11T19:07:38.432+0000][1][gc,heap      ] GC(332) ParNew: 70093K->1403K(76672K)
[2020-09-11T19:07:38.432+0000][1][gc,heap      ] GC(332) CMS: 194827K->195241K(2011968K)
[2020-09-11T19:07:38.432+0000][1][gc,metaspace ] GC(332) Metaspace: 99255K->99255K(1140736K)
[2020-09-11T19:07:38.432+0000][1][gc           ] GC(332) Pause Young (Allocation Failure) 258M->192M(2039M) 29.440ms
[2020-09-11T19:07:38.432+0000][1][gc,cpu       ] GC(332) User=0.02s Sys=0.00s Real=0.02s
[2020-09-11T19:07:38.432+0000][1][safepoint    ] Safepoint "GenCollectForAllocation", Time since last: 813130477 ns, Reaching safepoint: 170906 ns, At safepoint: 29590430 ns, Total: 29761336 ns
[2020-09-11T19:07:38.489+0000][1][safepoint    ] Safepoint "RevokeBias", Time since last: 57465722 ns, Reaching safepoint: 88669 ns, At safepoint: 35761 ns, Total: 124430 ns
[2020-09-11T19:07:38.490+0000][1][safepoint    ] Safepoint "RevokeBias", Time since last: 51651 ns, Reaching safepoint: 55935 ns, At safepoint: 23131 ns, Total: 79066 ns
[2020-09-11T19:07:38.490+0000][1][safepoint    ] Safepoint "RevokeBias", Time since last: 42979 ns, Reaching safepoint: 47572 ns, At safepoint: 21066 ns, Total: 68638 ns
[2020-09-11T19:07:39.492+0000][1][safepoint    ] Safepoint "Cleanup", Time since last: 1001779380 ns, Reaching safepoint: 90072 ns, At safepoint: 11284 ns, Total: 101356 ns
[2020-09-11T19:07:40.492+0000][1][safepoint    ] Safepoint "Cleanup", Time since last: 1000127304 ns, Reaching safepoint: 87923 ns, At safepoint: 11270 ns, Total: 99193 ns
[2020-09-11T19:07:41.492+0000][1][safepoint    ] Safepoint "Cleanup", Time since last: 1000122311 ns, Reaching safepoint: 103525 ns, At safepoint: 12452 ns, Total: 115977 ns
[2020-09-11T19:07:42.492+0000][1][safepoint    ] Safepoint "Cleanup", Time since last: 1000129979 ns, Reaching safepoint: 87118 ns, At safepoint: 10380 ns, Total: 97498 ns
[2020-09-11T19:07:43.492+0000][1][safepoint    ] Safepoint "Cleanup", Time since last: 1000111927 ns, Reaching safepoint: 85412 ns, At safepoint: 10954 ns, Total: 96366 ns
[2020-09-11T19:07:44.493+0000][1][safepoint    ] Safepoint "Cleanup", Time since last: 1000109098 ns, Reaching safepoint: 86644 ns, At safepoint: 9201 ns, Total: 95845 ns
[2020-09-11T19:07:45.493+0000][1][safepoint    ] Safepoint "Cleanup", Time since last: 1000103108 ns, Reaching safepoint: 88585 ns, At safepoint: 11065 ns, Total: 99650 ns
[2020-09-11T19:07:46.493+0000][1][safepoint    ] Safepoint "Cleanup", Time since last: 1000116123 ns, Reaching safepoint: 87171 ns, At safepoint: 10903 ns, Total: 98074 ns
[2020-09-11T19:07:47.493+0000][1][safepoint    ] Safepoint "Cleanup", Time since last: 1000130151 ns, Reaching safepoint: 87186 ns, At safepoint: 10823 ns, Total: 98009 ns
[2020-09-11T19:07:48.494+0000][1][safepoint    ] Safepoint "Cleanup", Time since last: 1000821091 ns, Reaching safepoint: 85013 ns, At safepoint: 5872 ns, Total: 90885 ns
[2020-09-11T19:07:49.494+0000][1][safepoint    ] Safepoint "Cleanup", Time since last: 1000104265 ns, Reaching safepoint: 88260 ns, At safepoint: 7634 ns, Total: 95894 ns
[2020-09-11T19:07:50.495+0000][1][safepoint    ] Safepoint "Cleanup", Time since last: 1000118196 ns, Reaching safepoint: 85526 ns, At safepoint: 7558 ns, Total: 93084 ns
[2020-09-11T19:07:51.495+0000][1][safepoint    ] Safepoint "Cleanup", Time since last: 1000118539 ns, Reaching safepoint: 88951 ns, At safepoint: 10449 ns, Total: 99400 ns
[2020-09-11T19:07:52.495+0000][1][safepoint    ] Safepoint "Cleanup", Time since last: 1000119646 ns, Reaching safepoint: 86281 ns, At safepoint: 9994 ns, Total: 96275 ns
[2020-09-11T19:07:53.495+0000][1][safepoint    ] Safepoint "Cleanup", Time since last: 1000113390 ns, Reaching safepoint: 98360 ns, At safepoint: 11678 ns, Total: 110038 ns
[2020-09-11T19:07:54.496+0000][1][safepoint    ] Safepoint "Cleanup", Time since last: 1000135190 ns, Reaching safepoint: 86048 ns, At safepoint: 7230 ns, Total: 93278 ns
[2020-09-11T19:07:55.496+0000][1][safepoint    ] Safepoint "Cleanup", Time since last: 1000124898 ns, Reaching safepoint: 88691 ns, At safepoint: 10533 ns, Total: 99224 ns
[2020-09-11T19:07:56.496+0000][1][safepoint    ] Safepoint "Cleanup", Time since last: 1000118237 ns, Reaching safepoint: 91829 ns, At safepoint: 10142 ns, Total: 101971 ns
[2020-09-11T19:07:57.496+0000][1][safepoint    ] Safepoint "Cleanup", Time since last: 1000115698 ns, Reaching safepoint: 86836 ns, At safepoint: 9644 ns, Total: 96480 ns
[2020-09-11T19:07:58.496+0000][1][safepoint    ] Safepoint "Cleanup", Time since last: 1000112339 ns, Reaching safepoint: 78369 ns, At safepoint: 5887 ns, Total: 84256 ns
[2020-09-11T19:07:58.512+0000][1][gc,start     ] GC(333) Pause Young (Allocation Failure)
[2020-09-11T19:07:58.512+0000][1][gc,task      ] GC(333) Using 1 workers of 1 for evacuation
[2020-09-11T19:07:58.540+0000][1][gc,age       ] GC(333) Desired survivor size 4358144 bytes, new threshold 6 (max threshold 6)
[2020-09-11T19:07:58.540+0000][1][gc,age       ] GC(333) Age table with threshold 6 (max threshold 6)
[2020-09-11T19:07:58.540+0000][1][gc,age       ] GC(333) - age   1:     580184 bytes,     580184 total
[2020-09-11T19:07:58.540+0000][1][gc,age       ] GC(333) - age   2:     300536 bytes,     880720 total
[2020-09-11T19:07:58.540+0000][1][gc,age       ] GC(333) - age   3:     210264 bytes,    1090984 total
[2020-09-11T19:07:58.540+0000][1][gc,age       ] GC(333) - age   4:      80136 bytes,    1171120 total
[2020-09-11T19:07:58.540+0000][1][gc,age       ] GC(333) - age   5:      70264 bytes,    1241384 total
[2020-09-11T19:07:58.540+0000][1][gc,age       ] GC(333) - age   6:     149480 bytes,    1390864 total
[2020-09-11T19:07:58.540+0000][1][gc,heap      ] GC(333) ParNew: 69563K->2016K(76672K)
[2020-09-11T19:07:58.540+0000][1][gc,heap      ] GC(333) CMS: 195241K->195251K(2011968K)
[2020-09-11T19:07:58.540+0000][1][gc,metaspace ] GC(333) Metaspace: 99271K->99271K(1140736K)
[2020-09-11T19:07:58.540+0000][1][gc           ] GC(333) Pause Young (Allocation Failure) 258M->192M(2039M) 28.181ms
[2020-09-11T19:07:58.540+0000][1][gc,cpu       ] GC(333) User=0.02s Sys=0.00s Real=0.03s
[2020-09-11T19:07:58.541+0000][1][safepoint    ] Safepoint "GenCollectForAllocation", Time since last: 15000581 ns, Reaching safepoint: 161874 ns, At safepoint: 29235000 ns, Total: 29396874 ns
[2020-09-11T19:07:59.553+0000][1][safepoint    ] Safepoint "Cleanup", Time since last: 1012124637 ns, Reaching safepoint: 109426 ns, At safepoint: 10605 ns, Total: 120031 ns
[2020-09-11T19:08:00.553+0000][1][safepoint    ] Safepoint "Cleanup", Time since last: 1000110915 ns, Reaching safepoint: 88843 ns, At safepoint: 9151 ns, Total: 97994 ns
[2020-09-11T19:08:01.553+0000][1][safepoint    ] Safepoint "Cleanup", Time since last: 1000114710 ns, Reaching safepoint: 89064 ns, At safepoint: 10234 ns, Total: 99298 ns
[2020-09-11T19:08:02.554+0000][1][safepoint    ] Safepoint "Cleanup", Time since last: 1000121045 ns, Reaching safepoint: 90473 ns, At safepoint: 10708 ns, Total: 101181 ns
[2020-09-11T19:08:03.554+0000][1][safepoint    ] Safepoint "Cleanup", Time since last: 1000120729 ns, Reaching safepoint: 97280 ns, At safepoint: 10779 ns, Total: 108059 ns
[2020-09-11T19:08:04.554+0000][1][safepoint    ] Safepoint "Cleanup", Time since last: 1000116549 ns, Reaching safepoint: 87530 ns, At safepoint: 10624 ns, Total: 98154 ns
[2020-09-11T19:08:05.554+0000][1][safepoint    ] Safepoint "Cleanup", Time since last: 1000119470 ns, Reaching safepoint: 98088 ns, At safepoint: 10917 ns, Total: 109005 ns
[2020-09-11T19:08:06.555+0000][1][safepoint    ] Safepoint "Cleanup", Time since last: 1000115093 ns, Reaching safepoint: 83475 ns, At safepoint: 7232 ns, Total: 90707 ns
[2020-09-11T19:08:07.555+0000][1][safepoint    ] Safepoint "Cleanup", Time since last: 1000114572 ns, Reaching safepoint: 85058 ns, At safepoint: 9829 ns, Total: 94887 ns
[2020-09-11T19:08:08.555+0000][1][safepoint    ] Safepoint "Cleanup", Time since last: 1000111102 ns, Reaching safepoint: 96461 ns, At safepoint: 7590 ns, Total: 104051 ns
[2020-09-11T19:08:09.555+0000][1][safepoint    ] Safepoint "Cleanup", Time since last: 1000122766 ns, Reaching safepoint: 88071 ns, At safepoint: 10416 ns, Total: 98487 ns
[2020-09-11T19:08:10.555+0000][1][safepoint    ] Safepoint "Cleanup", Time since last: 1000118448 ns, Reaching safepoint: 88171 ns, At safepoint: 10295 ns, Total: 98466 ns
[2020-09-11T19:08:11.480+0000][1][gc,start     ] GC(334) Pause Young (Allocation Failure)
[2020-09-11T19:08:11.480+0000][1][gc,task      ] GC(334) Using 1 workers of 1 for evacuation
[2020-09-11T19:08:11.513+0000][1][gc,age       ] GC(334) Desired survivor size 4358144 bytes, new threshold 6 (max threshold 6)
[2020-09-11T19:08:11.513+0000][1][gc,age       ] GC(334) Age table with threshold 6 (max threshold 6)
[2020-09-11T19:08:11.513+0000][1][gc,age       ] GC(334) - age   1:     149392 bytes,     149392 total
[2020-09-11T19:08:11.513+0000][1][gc,age       ] GC(334) - age   2:     497800 bytes,     647192 total
[2020-09-11T19:08:11.513+0000][1][gc,age       ] GC(334) - age   3:     289336 bytes,     936528 total
[2020-09-11T19:08:11.513+0000][1][gc,age       ] GC(334) - age   4:     210232 bytes,    1146760 total
[2020-09-11T19:08:11.513+0000][1][gc,age       ] GC(334) - age   5:      79944 bytes,    1226704 total
[2020-09-11T19:08:11.513+0000][1][gc,age       ] GC(334) - age   6:      69128 bytes,    1295832 total
[2020-09-11T19:08:11.513+0000][1][gc,heap      ] GC(334) ParNew: 70176K->1270K(76672K)
[2020-09-11T19:08:11.513+0000][1][gc,heap      ] GC(334) CMS: 195251K->195394K(2011968K)
[2020-09-11T19:08:11.513+0000][1][gc,metaspace ] GC(334) Metaspace: 99271K->99271K(1140736K)
[2020-09-11T19:08:11.513+0000][1][gc           ] GC(334) Pause Young (Allocation Failure) 259M->192M(2039M) 33.216ms
[2020-09-11T19:08:11.513+0000][1][gc,cpu       ] GC(334) User=0.01s Sys=0.00s Real=0.04s
[2020-09-11T19:08:11.513+0000][1][safepoint    ] Safepoint "GenCollectForAllocation", Time since last: 923254725 ns, Reaching safepoint: 1318043 ns, At safepoint: 33342418 ns, Total: 34660461 ns
[2020-09-11T19:08:13.269+0000][1][safepoint    ] Safepoint "RevokeBias", Time since last: 1755478275 ns, Reaching safepoint: 187460 ns, At safepoint: 26045 ns, Total: 213505 ns
[2020-09-11T19:08:14.269+0000][1][safepoint    ] Safepoint "Cleanup", Time since last: 1000115394 ns, Reaching safepoint: 100166 ns, At safepoint: 7766 ns, Total: 107932 ns
[2020-09-11T19:08:14.722+0000][1][safepoint    ] Safepoint "RevokeBias", Time since last: 452364693 ns, Reaching safepoint: 90466 ns, At safepoint: 19223 ns, Total: 109689 ns
[2020-09-11T19:08:14.772+0000][1][safepoint    ] Safepoint "Deoptimize", Time since last: 49038074 ns, Reaching safepoint: 428528 ns, At safepoint: 1290755 ns, Total: 1719283 ns
[2020-09-11T19:08:14.960+0000][1][safepoint    ] Safepoint "RevokeBias", Time since last: 187848285 ns, Reaching safepoint: 152814 ns, At safepoint: 15971 ns, Total: 168785 ns
[2020-09-11T19:08:15.104+0000][1][safepoint    ] Safepoint "RevokeBias", Time since last: 143497940 ns, Reaching safepoint: 151887 ns, At safepoint: 30068 ns, Total: 181955 ns
[2020-09-11T19:08:15.463+0000][1][safepoint    ] Safepoint "RevokeBias", Time since last: 358543324 ns, Reaching safepoint: 176041 ns, At safepoint: 24987 ns, Total: 201028 ns
[2020-09-11T19:08:15.732+0000][1][safepoint    ] Safepoint "RevokeBias", Time since last: 269476444 ns, Reaching safepoint: 83487 ns, At safepoint: 20709 ns, Total: 104196 ns
[2020-09-11T19:08:15.733+0000][1][safepoint    ] Safepoint "RevokeBias", Time since last: 67740 ns, Reaching safepoint: 42447 ns, At safepoint: 13051 ns, Total: 55498 ns
[2020-09-11T19:08:15.733+0000][1][safepoint    ] Safepoint "RevokeBias", Time since last: 34726 ns, Reaching safepoint: 36639 ns, At safepoint: 11062 ns, Total: 47701 ns
[2020-09-11T19:08:15.744+0000][1][safepoint    ] Safepoint "Deoptimize", Time since last: 4782070 ns, Reaching safepoint: 5314247 ns, At safepoint: 1278501 ns, Total: 6592748 ns
[2020-09-11T19:08:15.773+0000][1][safepoint    ] Safepoint "RevokeBias", Time since last: 26397784 ns, Reaching safepoint: 2014222 ns, At safepoint: 141827 ns, Total: 2156049 ns
[2020-09-11T19:08:15.803+0000][1][safepoint    ] Safepoint "RevokeBias", Time since last: 30145078 ns, Reaching safepoint: 193361 ns, At safepoint: 19009 ns, Total: 212370 ns
[2020-09-11T19:08:15.805+0000][1][safepoint    ] Safepoint "RevokeBias", Time since last: 68953 ns, Reaching safepoint: 1788081 ns, At safepoint: 18157 ns, Total: 1806238 ns
[2020-09-11T19:08:16.168+0000][1][safepoint    ] Safepoint "RevokeBias", Time since last: 362698899 ns, Reaching safepoint: 144880 ns, At safepoint: 26162 ns, Total: 171042 ns
[2020-09-11T19:08:16.168+0000][1][safepoint    ] Safepoint "RevokeBias", Time since last: 139075 ns, Reaching safepoint: 74631 ns, At safepoint: 16235 ns, Total: 90866 ns
[2020-09-11T19:08:16.168+0000][1][safepoint    ] Safepoint "RevokeBias", Time since last: 93119 ns, Reaching safepoint: 51174 ns, At safepoint: 13461 ns, Total: 64635 ns
[2020-09-11T19:08:16.169+0000][1][safepoint    ] Safepoint "RevokeBias", Time since last: 503796 ns, Reaching safepoint: 53363 ns, At safepoint: 13742 ns, Total: 67105 ns
[2020-09-11T19:08:16.247+0000][1][safepoint    ] Safepoint "RevokeBias", Time since last: 76372403 ns, Reaching safepoint: 1738104 ns, At safepoint: 28086 ns, Total: 1766190 ns
[2020-09-11T19:08:16.259+0000][1][safepoint    ] Safepoint "RevokeBias", Time since last: 6506978 ns, Reaching safepoint: 5616551 ns, At safepoint: 33398 ns, Total: 5649949 ns
[2020-09-11T19:08:16.521+0000][1][safepoint    ] Safepoint "RevokeBias", Time since last: 260053388 ns, Reaching safepoint: 1815361 ns, At safepoint: 27002 ns, Total: 1842363 ns
[2020-09-11T19:08:16.566+0000][1][safepoint    ] Safepoint "RevokeBias", Time since last: 44809679 ns, Reaching safepoint: 106542 ns, At safepoint: 19417 ns, Total: 125959 ns
[2020-09-11T19:08:16.606+0000][1][safepoint    ] Safepoint "RevokeBias", Time since last: 39937079 ns, Reaching safepoint: 113023 ns, At safepoint: 25898 ns, Total: 138921 ns
[2020-09-11T19:08:16.606+0000][1][safepoint    ] Safepoint "RevokeBias", Time since last: 107896 ns, Reaching safepoint: 71320 ns, At safepoint: 14965 ns, Total: 86285 ns
[2020-09-11T19:08:16.893+0000][1][safepoint    ] Safepoint "RevokeBias", Time since last: 285002095 ns, Reaching safepoint: 1749875 ns, At safepoint: 25241 ns, Total: 1775116 ns
[2020-09-11T19:08:16.897+0000][1][safepoint    ] Safepoint "RevokeBias", Time since last: 2889729 ns, Reaching safepoint: 1166805 ns, At safepoint: 30494 ns, Total: 1197299 ns
[2020-09-11T19:08:16.901+0000][1][safepoint    ] Safepoint "RevokeBias", Time since last: 274051 ns, Reaching safepoint: 3664668 ns, At safepoint: 26534 ns, Total: 3691202 ns
[2020-09-11T19:08:16.903+0000][1][safepoint    ] Safepoint "RevokeBias", Time since last: 1705527 ns, Reaching safepoint: 180029 ns, At safepoint: 20897 ns, Total: 200926 ns
[2020-09-11T19:08:16.909+0000][1][safepoint    ] Safepoint "RevokeBias", Time since last: 4924360 ns, Reaching safepoint: 1092976 ns, At safepoint: 26026 ns, Total: 1119002 ns
[2020-09-11T19:08:16.910+0000][1][safepoint    ] Safepoint "RevokeBias", Time since last: 96603 ns, Reaching safepoint: 556360 ns, At safepoint: 32422 ns, Total: 588782 ns
[2020-09-11T19:08:16.914+0000][1][safepoint    ] Safepoint "RevokeBias", Time since last: 3828377 ns, Reaching safepoint: 806570 ns, At safepoint: 26167 ns, Total: 832737 ns
[2020-09-11T19:08:16.987+0000][1][safepoint    ] Safepoint "RevokeBias", Time since last: 72508264 ns, Reaching safepoint: 161367 ns, At safepoint: 18642 ns, Total: 180009 ns
[2020-09-11T19:08:17.029+0000][1][safepoint    ] Safepoint "RevokeBias", Time since last: 42126056 ns, Reaching safepoint: 193276 ns, At safepoint: 19119 ns, Total: 212395 ns
[2020-09-11T19:08:17.029+0000][1][safepoint    ] Safepoint "RevokeBias", Time since last: 89486 ns, Reaching safepoint: 102207 ns, At safepoint: 13198 ns, Total: 115405 ns
[2020-09-11T19:08:17.056+0000][1][safepoint    ] Safepoint "RevokeBias", Time since last: 26313907 ns, Reaching safepoint: 370316 ns, At safepoint: 42475 ns, Total: 412791 ns
[2020-09-11T19:08:17.057+0000][1][safepoint    ] Safepoint "RevokeBias", Time since last: 795369 ns, Reaching safepoint: 109667 ns, At safepoint: 31093 ns, Total: 140760 ns
[2020-09-11T19:08:17.058+0000][1][safepoint    ] Safepoint "RevokeBias", Time since last: 306066 ns, Reaching safepoint: 110928 ns, At safepoint: 28959 ns, Total: 139887 ns
[2020-09-11T19:08:17.058+0000][1][safepoint    ] Safepoint "RevokeBias", Time since last: 59451 ns, Reaching safepoint: 104574 ns, At safepoint: 26787 ns, Total: 131361 ns
[2020-09-11T19:08:17.114+0000][1][safepoint    ] Safepoint "RevokeBias", Time since last: 55609257 ns, Reaching safepoint: 233455 ns, At safepoint: 36866 ns, Total: 270321 ns
[2020-09-11T19:08:17.169+0000][1][safepoint    ] Safepoint "RevokeBias", Time since last: 55314803 ns, Reaching safepoint: 266533 ns, At safepoint: 20096 ns, Total: 286629 ns
[2020-09-11T19:08:17.170+0000][1][safepoint    ] Safepoint "RevokeBias", Time since last: 239822 ns, Reaching safepoint: 110143 ns, At safepoint: 15969 ns, Total: 126112 ns
[2020-09-11T19:08:17.170+0000][1][safepoint    ] Safepoint "RevokeBias", Time since last: 81229 ns, Reaching safepoint: 109624 ns, At safepoint: 13730 ns, Total: 123354 ns
[2020-09-11T19:08:17.186+0000][1][gc,start     ] GC(335) Pause Young (Allocation Failure)
[2020-09-11T19:08:17.186+0000][1][gc,task      ] GC(335) Using 1 workers of 1 for evacuation
[2020-09-11T19:08:17.220+0000][1][gc,age       ] GC(335) Desired survivor size 4358144 bytes, new threshold 6 (max threshold 6)
[2020-09-11T19:08:17.220+0000][1][gc,age       ] GC(335) Age table with threshold 6 (max threshold 6)
[2020-09-11T19:08:17.220+0000][1][gc,age       ] GC(335) - age   1:    2000936 bytes,    2000936 total
[2020-09-11T19:08:17.220+0000][1][gc,age       ] GC(335) - age   2:     116584 bytes,    2117520 total
[2020-09-11T19:08:17.220+0000][1][gc,age       ] GC(335) - age   3:     493280 bytes,    2610800 total
[2020-09-11T19:08:17.220+0000][1][gc,age       ] GC(335) - age   4:     288952 bytes,    2899752 total
[2020-09-11T19:08:17.220+0000][1][gc,age       ] GC(335) - age   5:     210128 bytes,    3109880 total
[2020-09-11T19:08:17.220+0000][1][gc,age       ] GC(335) - age   6:      79840 bytes,    3189720 total
[2020-09-11T19:08:17.220+0000][1][gc,heap      ] GC(335) ParNew: 69331K->4312K(76672K)
[2020-09-11T19:08:17.220+0000][1][gc,heap      ] GC(335) CMS: 195394K->195462K(2011968K)
[2020-09-11T19:08:17.220+0000][1][gc,metaspace ] GC(335) Metaspace: 99603K->99603K(1140736K)
[2020-09-11T19:08:17.220+0000][1][gc           ] GC(335) Pause Young (Allocation Failure) 258M->195M(2039M) 34.612ms
[2020-09-11T19:08:17.220+0000][1][gc,cpu       ] GC(335) User=0.02s Sys=0.00s Real=0.03s
[2020-09-11T19:08:17.249+0000][1][safepoint    ] Safepoint "GenCollectForAllocation", Time since last: 15691141 ns, Reaching safepoint: 176142 ns, At safepoint: 63137188 ns, Total: 63313330 ns
[2020-09-11T19:08:17.255+0000][1][safepoint    ] Safepoint "RevokeBias", Time since last: 1578619 ns, Reaching safepoint: 5057915 ns, At safepoint: 43155 ns, Total: 5101070 ns
[2020-09-11T19:08:17.257+0000][1][safepoint    ] Safepoint "RevokeBias", Time since last: 335809 ns, Reaching safepoint: 983351 ns, At safepoint: 24950 ns, Total: 1008301 ns
[2020-09-11T19:08:17.261+0000][1][safepoint    ] Safepoint "RevokeBias", Time since last: 116246 ns, Reaching safepoint: 3916843 ns, At safepoint: 48609 ns, Total: 3965452 ns
[2020-09-11T19:08:17.261+0000][1][safepoint    ] Safepoint "RevokeBias", Time since last: 83753 ns, Reaching safepoint: 111300 ns, At safepoint: 23091 ns, Total: 134391 ns
[2020-09-11T19:08:17.314+0000][1][safepoint    ] Safepoint "RevokeBias", Time since last: 45986119 ns, Reaching safepoint: 6844437 ns, At safepoint: 30479 ns, Total: 6874916 ns
[2020-09-11T19:08:17.314+0000][1][safepoint    ] Safepoint "RevokeBias", Time since last: 80604 ns, Reaching safepoint: 108905 ns, At safepoint: 14188 ns, Total: 123093 ns
[2020-09-11T19:08:17.314+0000][1][safepoint    ] Safepoint "RevokeBias", Time since last: 98855 ns, Reaching safepoint: 107277 ns, At safepoint: 32741 ns, Total: 140018 ns
[2020-09-11T19:08:17.331+0000][1][safepoint    ] Safepoint "RevokeBias", Time since last: 16258320 ns, Reaching safepoint: 706966 ns, At safepoint: 23183 ns, Total: 730149 ns
[2020-09-11T19:08:17.361+0000][1][safepoint    ] Safepoint "RevokeBias", Time since last: 28832841 ns, Reaching safepoint: 734612 ns, At safepoint: 39677 ns, Total: 774289 ns
[2020-09-11T19:08:17.369+0000][1][safepoint    ] Safepoint "RevokeBias", Time since last: 7787115 ns, Reaching safepoint: 165221 ns, At safepoint: 40333 ns, Total: 205554 ns
[2020-09-11T19:08:17.369+0000][1][safepoint    ] Safepoint "RevokeBias", Time since last: 160933 ns, Reaching safepoint: 110280 ns, At safepoint: 27352 ns, Total: 137632 ns
[2020-09-11T19:08:17.369+0000][1][safepoint    ] Safepoint "RevokeBias", Time since last: 47501 ns, Reaching safepoint: 106230 ns, At safepoint: 27387 ns, Total: 133617 ns
[2020-09-11T19:08:17.419+0000][1][safepoint    ] Safepoint "RevokeBias", Time since last: 49337900 ns, Reaching safepoint: 159361 ns, At safepoint: 34534 ns, Total: 193895 ns
[2020-09-11T19:08:17.436+0000][1][safepoint    ] Safepoint "RevokeBias", Time since last: 16983192 ns, Reaching safepoint: 159198 ns, At safepoint: 20956 ns, Total: 180154 ns
[2020-09-11T19:08:17.468+0000][1][safepoint    ] Safepoint "RevokeBias", Time since last: 31796355 ns, Reaching safepoint: 166859 ns, At safepoint: 17840 ns, Total: 184699 ns
[2020-09-11T19:08:17.758+0000][1][safepoint    ] Safepoint "RevokeBias", Time since last: 290018866 ns, Reaching safepoint: 155110 ns, At safepoint: 22016 ns, Total: 177126 ns
[2020-09-11T19:08:17.759+0000][1][safepoint    ] Safepoint "BulkRevokeBias", Time since last: 453488 ns, Reaching safepoint: 31677 ns, At safepoint: 199443 ns, Total: 231120 ns
[2020-09-11T19:08:17.760+0000][1][safepoint    ] Safepoint "RevokeBias", Time since last: 430416 ns, Reaching safepoint: 40694 ns, At safepoint: 12433 ns, Total: 53127 ns
[2020-09-11T19:08:17.760+0000][1][safepoint    ] Safepoint "RevokeBias", Time since last: 46782 ns, Reaching safepoint: 30580 ns, At safepoint: 11046 ns, Total: 41626 ns
[2020-09-11T19:08:17.809+0000][1][safepoint    ] Safepoint "RevokeBias", Time since last: 48901290 ns, Reaching safepoint: 151731 ns, At safepoint: 22257 ns, Total: 173988 ns
[2020-09-11T19:08:17.825+0000][1][safepoint    ] Safepoint "RevokeBias", Time since last: 15737059 ns, Reaching safepoint: 403844 ns, At safepoint: 24672 ns, Total: 428516 ns
[2020-09-11T19:08:17.939+0000][1][safepoint    ] Safepoint "RevokeBias", Time since last: 113664316 ns, Reaching safepoint: 78312 ns, At safepoint: 17412 ns, Total: 95724 ns
[2020-09-11T19:08:18.125+0000][1][safepoint    ] Safepoint "RevokeBias", Time since last: 186148733 ns, Reaching safepoint: 172709 ns, At safepoint: 20256 ns, Total: 192965 ns
[2020-09-11T19:08:18.127+0000][1][safepoint    ] Safepoint "RevokeBias", Time since last: 2031006 ns, Reaching safepoint: 98023 ns, At safepoint: 16007 ns, Total: 114030 ns
[2020-09-11T19:08:18.388+0000][1][safepoint    ] Safepoint "RevokeBias", Time since last: 260692357 ns, Reaching safepoint: 178347 ns, At safepoint: 23213 ns, Total: 201560 ns
[2020-09-11T19:08:18.565+0000][1][safepoint    ] Safepoint "RevokeBias", Time since last: 176561507 ns, Reaching safepoint: 103518 ns, At safepoint: 45592 ns, Total: 149110 ns
[2020-09-11T19:08:18.565+0000][1][safepoint    ] Safepoint "RevokeBias", Time since last: 96417 ns, Reaching safepoint: 35588 ns, At safepoint: 28421 ns, Total: 64009 ns
[2020-09-11T19:08:18.565+0000][1][safepoint    ] Safepoint "RevokeBias", Time since last: 31413 ns, Reaching safepoint: 32686 ns, At safepoint: 24456 ns, Total: 57142 ns
[2020-09-11T19:08:18.735+0000][1][safepoint    ] Safepoint "RevokeBias", Time since last: 168683297 ns, Reaching safepoint: 1062895 ns, At safepoint: 23047 ns, Total: 1085942 ns
[2020-09-11T19:08:18.735+0000][1][safepoint    ] Safepoint "RevokeBias", Time since last: 222327 ns, Reaching safepoint: 456961 ns, At safepoint: 17258 ns, Total: 474219 ns
[2020-09-11T19:08:18.865+0000][1][gc,start     ] GC(336) Pause Young (Allocation Failure)
[2020-09-11T19:08:18.865+0000][1][gc,task      ] GC(336) Using 1 workers of 1 for evacuation
[2020-09-11T19:08:18.922+0000][1][gc,age       ] GC(336) Desired survivor size 4358144 bytes, new threshold 6 (max threshold 6)
[2020-09-11T19:08:18.922+0000][1][gc,age       ] GC(336) Age table with threshold 6 (max threshold 6)
[2020-09-11T19:08:18.922+0000][1][gc,age       ] GC(336) - age   1:    1577968 bytes,    1577968 total
[2020-09-11T19:08:18.922+0000][1][gc,age       ] GC(336) - age   2:     532336 bytes,    2110304 total
[2020-09-11T19:08:18.922+0000][1][gc,age       ] GC(336) - age   3:     107952 bytes,    2218256 total
[2020-09-11T19:08:18.922+0000][1][gc,age       ] GC(336) - age   4:     492528 bytes,    2710784 total
[2020-09-11T19:08:18.922+0000][1][gc,age       ] GC(336) - age   5:     288688 bytes,    2999472 total
[2020-09-11T19:08:18.922+0000][1][gc,age       ] GC(336) - age   6:     210128 bytes,    3209600 total
[2020-09-11T19:08:18.922+0000][1][gc,heap      ] GC(336) ParNew: 72472K->4537K(76672K)
[2020-09-11T19:08:18.922+0000][1][gc,heap      ] GC(336) CMS: 195462K->195540K(2011968K)
[2020-09-11T19:08:18.922+0000][1][gc,metaspace ] GC(336) Metaspace: 99639K->99639K(1140736K)
[2020-09-11T19:08:18.922+0000][1][gc           ] GC(336) Pause Young (Allocation Failure) 261M->195M(2039M) 56.396ms
[2020-09-11T19:08:18.922+0000][1][gc,cpu       ] GC(336) User=0.01s Sys=0.00s Real=0.06s
[2020-09-11T19:08:18.953+0000][1][safepoint    ] Safepoint "GenCollectForAllocation", Time since last: 129748361 ns, Reaching safepoint: 183784 ns, At safepoint: 87304752 ns, Total: 87488536 ns
[2020-09-11T19:08:18.970+0000][1][safepoint    ] Safepoint "RevokeBias", Time since last: 17391675 ns, Reaching safepoint: 188398 ns, At safepoint: 196704 ns, Total: 385102 ns
[2020-09-11T19:08:18.973+0000][1][safepoint    ] Safepoint "RevokeBias", Time since last: 2330515 ns, Reaching safepoint: 169681 ns, At safepoint: 186116 ns, Total: 355797 ns
[2020-09-11T19:08:18.979+0000][1][safepoint    ] Safepoint "BulkRevokeBias", Time since last: 132471 ns, Reaching safepoint: 123867 ns, At safepoint: 5752464 ns, Total: 5876331 ns
[2020-09-11T19:08:19.037+0000][1][safepoint    ] Safepoint "RevokeBias", Time since last: 51512216 ns, Reaching safepoint: 5676500 ns, At safepoint: 204553 ns, Total: 5881053 ns
[2020-09-11T19:08:19.464+0000][1][safepoint    ] Safepoint "RevokeBias", Time since last: 427778034 ns, Reaching safepoint: 93305 ns, At safepoint: 21274 ns, Total: 114579 ns
[2020-09-11T19:08:19.793+0000][1][safepoint    ] Safepoint "RevokeBias", Time since last: 325860260 ns, Reaching safepoint: 2623946 ns, At safepoint: 30116 ns, Total: 2654062 ns
[2020-09-11T19:08:20.089+0000][1][safepoint    ] Safepoint "RevokeBias", Time since last: 293417776 ns, Reaching safepoint: 2757212 ns, At safepoint: 23243 ns, Total: 2780455 ns
[2020-09-11T19:08:20.089+0000][1][safepoint    ] Safepoint "RevokeBias", Time since last: 187935 ns, Reaching safepoint: 100949 ns, At safepoint: 12888 ns, Total: 113837 ns
[2020-09-11T19:08:20.090+0000][1][safepoint    ] Safepoint "RevokeBias", Time since last: 82928 ns, Reaching safepoint: 102403 ns, At safepoint: 11215 ns, Total: 113618 ns
[2020-09-11T19:08:20.090+0000][1][safepoint    ] Safepoint "RevokeBias", Time since last: 30659 ns, Reaching safepoint: 97102 ns, At safepoint: 11487 ns, Total: 108589 ns
[2020-09-11T19:08:20.148+0000][1][safepoint    ] Safepoint "RevokeBias", Time since last: 57788444 ns, Reaching safepoint: 152067 ns, At safepoint: 18992 ns, Total: 171059 ns
[2020-09-11T19:08:20.257+0000][1][safepoint    ] Safepoint "RevokeBias", Time since last: 109589439 ns, Reaching safepoint: 85643 ns, At safepoint: 20217 ns, Total: 105860 ns
[2020-09-11T19:08:20.870+0000][1][safepoint    ] Safepoint "RevokeBias", Time since last: 612184298 ns, Reaching safepoint: 170387 ns, At safepoint: 19764 ns, Total: 190151 ns
[2020-09-11T19:08:20.913+0000][1][gc,start     ] GC(337) Pause Young (Allocation Failure)
[2020-09-11T19:08:20.913+0000][1][gc,task      ] GC(337) Using 1 workers of 1 for evacuation
[2020-09-11T19:08:20.966+0000][1][gc,age       ] GC(337) Desired survivor size 4358144 bytes, new threshold 6 (max threshold 6)
[2020-09-11T19:08:20.966+0000][1][gc,age       ] GC(337) Age table with threshold 6 (max threshold 6)
[2020-09-11T19:08:20.966+0000][1][gc,age       ] GC(337) - age   1:    1696656 bytes,    1696656 total
[2020-09-11T19:08:20.966+0000][1][gc,age       ] GC(337) - age   2:     277128 bytes,    1973784 total
[2020-09-11T19:08:20.966+0000][1][gc,age       ] GC(337) - age   3:     506584 bytes,    2480368 total
[2020-09-11T19:08:20.966+0000][1][gc,age       ] GC(337) - age   4:      94208 bytes,    2574576 total
[2020-09-11T19:08:20.966+0000][1][gc,age       ] GC(337) - age   5:     490872 bytes,    3065448 total
[2020-09-11T19:08:20.966+0000][1][gc,age       ] GC(337) - age   6:     288688 bytes,    3354136 total
[2020-09-11T19:08:20.966+0000][1][gc,heap      ] GC(337) ParNew: 72697K->5836K(76672K)
[2020-09-11T19:08:20.966+0000][1][gc,heap      ] GC(337) CMS: 195540K->195747K(2011968K)
[2020-09-11T19:08:20.966+0000][1][gc,metaspace ] GC(337) Metaspace: 99706K->99706K(1140736K)
[2020-09-11T19:08:20.966+0000][1][gc           ] GC(337) Pause Young (Allocation Failure) 261M->196M(2039M) 52.855ms
[2020-09-11T19:08:20.966+0000][1][gc,cpu       ] GC(337) User=0.02s Sys=0.00s Real=0.05s
[2020-09-11T19:08:21.005+0000][1][safepoint    ] Safepoint "GenCollectForAllocation", Time since last: 40923558 ns, Reaching safepoint: 2168589 ns, At safepoint: 91866645 ns, Total: 94035234 ns
[2020-09-11T19:08:21.069+0000][1][safepoint    ] Safepoint "RevokeBias", Time since last: 64029708 ns, Reaching safepoint: 192758 ns, At safepoint: 24297 ns, Total: 217055 ns
[2020-09-11T19:08:21.131+0000][1][safepoint    ] Safepoint "ICBufferFull", Time since last: 60036488 ns, Reaching safepoint: 1835781 ns, At safepoint: 14194 ns, Total: 1849975 ns
[2020-09-11T19:08:21.181+0000][1][safepoint    ] Safepoint "RevokeBias", Time since last: 50249126 ns, Reaching safepoint: 154213 ns, At safepoint: 21597 ns, Total: 175810 ns
[2020-09-11T19:08:21.182+0000][1][safepoint    ] Safepoint "RevokeBias", Time since last: 204528 ns, Reaching safepoint: 99481 ns, At safepoint: 12879 ns, Total: 112360 ns
[2020-09-11T19:08:21.182+0000][1][safepoint    ] Safepoint "RevokeBias", Time since last: 91063 ns, Reaching safepoint: 103056 ns, At safepoint: 11568 ns, Total: 114624 ns
[2020-09-11T19:08:21.182+0000][1][safepoint    ] Safepoint "RevokeBias", Time since last: 41619 ns, Reaching safepoint: 99167 ns, At safepoint: 10570 ns, Total: 109737 ns
[2020-09-11T19:08:21.210+0000][1][safepoint    ] Safepoint "RevokeBias", Time since last: 27592497 ns, Reaching safepoint: 147985 ns, At safepoint: 21010 ns, Total: 168995 ns
[2020-09-11T19:08:21.887+0000][1][safepoint    ] Safepoint "RevokeBias", Time since last: 677456875 ns, Reaching safepoint: 107336 ns, At safepoint: 20751 ns, Total: 128087 ns
[2020-09-11T19:08:22.232+0000][1][safepoint    ] Safepoint "RevokeBias", Time since last: 343983211 ns, Reaching safepoint: 160124 ns, At safepoint: 23013 ns, Total: 183137 ns
[2020-09-11T19:08:22.232+0000][1][safepoint    ] Safepoint "RevokeBias", Time since last: 226919 ns, Reaching safepoint: 100154 ns, At safepoint: 12775 ns, Total: 112929 ns
[2020-09-11T19:08:22.232+0000][1][safepoint    ] Safepoint "RevokeBias", Time since last: 96769 ns, Reaching safepoint: 103217 ns, At safepoint: 11643 ns, Total: 114860 ns
[2020-09-11T19:08:22.232+0000][1][safepoint    ] Safepoint "RevokeBias", Time since last: 31549 ns, Reaching safepoint: 98367 ns, At safepoint: 10875 ns, Total: 109242 ns
[2020-09-11T19:08:22.232+0000][1][safepoint    ] Safepoint "RevokeBias", Time since last: 63339 ns, Reaching safepoint: 102901 ns, At safepoint: 11662 ns, Total: 114563 ns
[2020-09-11T19:08:22.233+0000][1][safepoint    ] Safepoint "RevokeBias", Time since last: 47961 ns, Reaching safepoint: 100380 ns, At safepoint: 13660 ns, Total: 114040 ns
[2020-09-11T19:08:22.310+0000][1][safepoint    ] Safepoint "RevokeBias", Time since last: 77248307 ns, Reaching safepoint: 186770 ns, At safepoint: 231448 ns, Total: 418218 ns
[2020-09-11T19:08:22.349+0000][1][gc,start     ] GC(338) Pause Young (Allocation Failure)
[2020-09-11T19:08:22.349+0000][1][gc,task      ] GC(338) Using 1 workers of 1 for evacuation
[2020-09-11T19:08:22.405+0000][1][gc,age       ] GC(338) Desired survivor size 4358144 bytes, new threshold 6 (max threshold 6)
[2020-09-11T19:08:22.405+0000][1][gc,age       ] GC(338) Age table with threshold 6 (max threshold 6)
[2020-09-11T19:08:22.405+0000][1][gc,age       ] GC(338) - age   1:    1598752 bytes,    1598752 total
[2020-09-11T19:08:22.405+0000][1][gc,age       ] GC(338) - age   2:     179712 bytes,    1778464 total
[2020-09-11T19:08:22.405+0000][1][gc,age       ] GC(338) - age   3:     275736 bytes,    2054200 total
[2020-09-11T19:08:22.405+0000][1][gc,age       ] GC(338) - age   4:     505376 bytes,    2559576 total
[2020-09-11T19:08:22.405+0000][1][gc,age       ] GC(338) - age   5:      91664 bytes,    2651240 total
[2020-09-11T19:08:22.405+0000][1][gc,age       ] GC(338) - age   6:     490872 bytes,    3142112 total
[2020-09-11T19:08:22.405+0000][1][gc,heap      ] GC(338) ParNew: 73996K->3915K(76672K)
[2020-09-11T19:08:22.405+0000][1][gc,heap      ] GC(338) CMS: 195747K->196036K(2011968K)
[2020-09-11T19:08:22.405+0000][1][gc,metaspace ] GC(338) Metaspace: 99853K->99853K(1142784K)
[2020-09-11T19:08:22.405+0000][1][gc           ] GC(338) Pause Young (Allocation Failure) 263M->195M(2039M) 56.401ms
[2020-09-11T19:08:22.405+0000][1][gc,cpu       ] GC(338) User=0.02s Sys=0.00s Real=0.06s
[2020-09-11T19:08:22.417+0000][1][safepoint    ] Safepoint "GenCollectForAllocation", Time since last: 37895162 ns, Reaching safepoint: 771481 ns, At safepoint: 67947984 ns, Total: 68719465 ns
[2020-09-11T19:08:22.621+0000][1][safepoint    ] Safepoint "RevokeBias", Time since last: 203174445 ns, Reaching safepoint: 858785 ns, At safepoint: 22988 ns, Total: 881773 ns
[2020-09-11T19:08:23.141+0000][1][safepoint    ] Safepoint "RevokeBias", Time since last: 520222423 ns, Reaching safepoint: 114634 ns, At safepoint: 23942 ns, Total: 138576 ns
[2020-09-11T19:08:23.340+0000][1][safepoint    ] Safepoint "RevokeBias", Time since last: 198728132 ns, Reaching safepoint: 151347 ns, At safepoint: 18545 ns, Total: 169892 ns
[2020-09-11T19:08:23.340+0000][1][safepoint    ] Safepoint "RevokeBias", Time since last: 190483 ns, Reaching safepoint: 99706 ns, At safepoint: 11316 ns, Total: 111022 ns
[2020-09-11T19:08:23.341+0000][1][safepoint    ] Safepoint "RevokeBias", Time since last: 67342 ns, Reaching safepoint: 101224 ns, At safepoint: 11002 ns, Total: 112226 ns
[2020-09-11T19:08:23.345+0000][1][safepoint    ] Safepoint "RevokeBias", Time since last: 30449 ns, Reaching safepoint: 4145536 ns, At safepoint: 25351 ns, Total: 4170887 ns
[2020-09-11T19:08:23.345+0000][1][safepoint    ] Safepoint "RevokeBias", Time since last: 105192 ns, Reaching safepoint: 116242 ns, At safepoint: 11688 ns, Total: 127930 ns
[2020-09-11T19:08:23.345+0000][1][safepoint    ] Safepoint "RevokeBias", Time since last: 48916 ns, Reaching safepoint: 98823 ns, At safepoint: 10866 ns, Total: 109689 ns
[2020-09-11T19:08:23.392+0000][1][safepoint    ] Safepoint "RevokeBias", Time since last: 47077997 ns, Reaching safepoint: 154872 ns, At safepoint: 21297 ns, Total: 176169 ns
[2020-09-11T19:08:23.797+0000][1][safepoint    ] Safepoint "RevokeBias", Time since last: 404410911 ns, Reaching safepoint: 96065 ns, At safepoint: 23766 ns, Total: 119831 ns
[2020-09-11T19:08:24.387+0000][1][safepoint    ] Safepoint "RevokeBias", Time since last: 589663520 ns, Reaching safepoint: 86965 ns, At safepoint: 21142 ns, Total: 108107 ns
[2020-09-11T19:08:24.396+0000][1][safepoint    ] Safepoint "RevokeBias", Time since last: 8873014 ns, Reaching safepoint: 311432 ns, At safepoint: 26143 ns, Total: 337575 ns
[2020-09-11T19:08:24.446+0000][1][safepoint    ] Safepoint "RevokeBias", Time since last: 49711804 ns, Reaching safepoint: 148384 ns, At safepoint: 21995 ns, Total: 170379 ns
[2020-09-11T19:08:24.446+0000][1][safepoint    ] Safepoint "RevokeBias", Time since last: 157602 ns, Reaching safepoint: 122385 ns, At safepoint: 13760 ns, Total: 136145 ns
[2020-09-11T19:08:24.446+0000][1][safepoint    ] Safepoint "RevokeBias", Time since last: 74311 ns, Reaching safepoint: 103367 ns, At safepoint: 12980 ns, Total: 116347 ns
[2020-09-11T19:08:24.446+0000][1][safepoint    ] Safepoint "RevokeBias", Time since last: 32271 ns, Reaching safepoint: 99857 ns, At safepoint: 11533 ns, Total: 111390 ns
[2020-09-11T19:08:24.447+0000][1][safepoint    ] Safepoint "RevokeBias", Time since last: 55019 ns, Reaching safepoint: 102742 ns, At safepoint: 11177 ns, Total: 113919 ns
[2020-09-11T19:08:24.449+0000][1][safepoint    ] Safepoint "RevokeBias", Time since last: 43302 ns, Reaching safepoint: 2095586 ns, At safepoint: 19110 ns, Total: 2114696 ns
[2020-09-11T19:08:24.497+0000][1][safepoint    ] Safepoint "RevokeBias", Time since last: 47884778 ns, Reaching safepoint: 125347 ns, At safepoint: 23015 ns, Total: 148362 ns
[2020-09-11T19:08:25.007+0000][1][safepoint    ] Safepoint "RevokeBias", Time since last: 510368204 ns, Reaching safepoint: 90180 ns, At safepoint: 21790 ns, Total: 111970 ns
[2020-09-11T19:08:25.515+0000][1][gc,start     ] GC(339) Pause Young (Allocation Failure)
[2020-09-11T19:08:25.515+0000][1][gc,task      ] GC(339) Using 1 workers of 1 for evacuation
[2020-09-11T19:08:25.571+0000][1][gc,age       ] GC(339) Desired survivor size 4358144 bytes, new threshold 6 (max threshold 6)
[2020-09-11T19:08:25.571+0000][1][gc,age       ] GC(339) Age table with threshold 6 (max threshold 6)
[2020-09-11T19:08:25.571+0000][1][gc,age       ] GC(339) - age   1:    1401136 bytes,    1401136 total
[2020-09-11T19:08:25.571+0000][1][gc,age       ] GC(339) - age   2:     169400 bytes,    1570536 total
[2020-09-11T19:08:25.571+0000][1][gc,age       ] GC(339) - age   3:     162440 bytes,    1732976 total
[2020-09-11T19:08:25.571+0000][1][gc,age       ] GC(339) - age   4:     272488 bytes,    2005464 total
[2020-09-11T19:08:25.571+0000][1][gc,age       ] GC(339) - age   5:     503224 bytes,    2508688 total
[2020-09-11T19:08:25.571+0000][1][gc,age       ] GC(339) - age   6:      90424 bytes,    2599112 total
[2020-09-11T19:08:25.571+0000][1][gc,heap      ] GC(339) ParNew: 72074K->2790K(76672K)
[2020-09-11T19:08:25.571+0000][1][gc,heap      ] GC(339) CMS: 196036K->196516K(2011968K)
[2020-09-11T19:08:25.571+0000][1][gc,metaspace ] GC(339) Metaspace: 99858K->99858K(1142784K)
[2020-09-11T19:08:25.571+0000][1][gc           ] GC(339) Pause Young (Allocation Failure) 261M->194M(2039M) 56.227ms
[2020-09-11T19:08:25.571+0000][1][gc,cpu       ] GC(339) User=0.02s Sys=0.00s Real=0.05s
[2020-09-11T19:08:25.591+0000][1][safepoint    ] Safepoint "GenCollectForAllocation", Time since last: 505566276 ns, Reaching safepoint: 1808702 ns, At safepoint: 76266763 ns, Total: 78075465 ns
[2020-09-11T19:08:25.611+0000][1][safepoint    ] Safepoint "RevokeBias", Time since last: 19598312 ns, Reaching safepoint: 77784 ns, At safepoint: 31532 ns, Total: 109316 ns
[2020-09-11T19:08:25.611+0000][1][safepoint    ] Safepoint "RevokeBias", Time since last: 155852 ns, Reaching safepoint: 29160 ns, At safepoint: 19643 ns, Total: 48803 ns
[2020-09-11T19:08:25.611+0000][1][safepoint    ] Safepoint "RevokeBias", Time since last: 81507 ns, Reaching safepoint: 32015 ns, At safepoint: 18325 ns, Total: 50340 ns
[2020-09-11T19:08:25.611+0000][1][safepoint    ] Safepoint "RevokeBias", Time since last: 24615 ns, Reaching safepoint: 28098 ns, At safepoint: 16821 ns, Total: 44919 ns
[2020-09-11T19:08:25.611+0000][1][safepoint    ] Safepoint "RevokeBias", Time since last: 62804 ns, Reaching safepoint: 43277 ns, At safepoint: 18100 ns, Total: 61377 ns
[2020-09-11T19:08:25.611+0000][1][safepoint    ] Safepoint "RevokeBias", Time since last: 36667 ns, Reaching safepoint: 28698 ns, At safepoint: 16828 ns, Total: 45526 ns
[2020-09-11T19:08:25.666+0000][1][safepoint    ] Safepoint "RevokeBias", Time since last: 54041801 ns, Reaching safepoint: 147258 ns, At safepoint: 21818 ns, Total: 169076 ns
[2020-09-11T19:08:25.673+0000][1][safepoint    ] Safepoint "RevokeBias", Time since last: 7292191 ns, Reaching safepoint: 155261 ns, At safepoint: 21231 ns, Total: 176492 ns
[2020-09-11T19:08:25.688+0000][1][safepoint    ] Safepoint "RevokeBias", Time since last: 14419077 ns, Reaching safepoint: 145094 ns, At safepoint: 18620 ns, Total: 163714 ns
[2020-09-11T19:08:25.688+0000][1][safepoint    ] Safepoint "RevokeBias", Time since last: 234200 ns, Reaching safepoint: 99996 ns, At safepoint: 11240 ns, Total: 111236 ns
[2020-09-11T19:08:25.694+0000][1][safepoint    ] Safepoint "RevokeBias", Time since last: 5553003 ns, Reaching safepoint: 144781 ns, At safepoint: 21736 ns, Total: 166517 ns
[2020-09-11T19:08:25.749+0000][1][safepoint    ] Safepoint "RevokeBias", Time since last: 55372034 ns, Reaching safepoint: 191441 ns, At safepoint: 23400 ns, Total: 214841 ns
[2020-09-11T19:08:26.645+0000][1][safepoint    ] Safepoint "RevokeBias", Time since last: 891385786 ns, Reaching safepoint: 127136 ns, At safepoint: 4059525 ns, Total: 4186661 ns
[2020-09-11T19:08:26.647+0000][1][safepoint    ] Safepoint "BulkRevokeBias", Time since last: 1446878 ns, Reaching safepoint: 86821 ns, At safepoint: 246117 ns, Total: 332938 ns
[2020-09-11T19:08:26.717+0000][1][safepoint    ] Safepoint "RevokeBias", Time since last: 70006581 ns, Reaching safepoint: 161112 ns, At safepoint: 43885 ns, Total: 204997 ns
[2020-09-11T19:08:26.717+0000][1][safepoint    ] Safepoint "RevokeBias", Time since last: 224838 ns, Reaching safepoint: 30329 ns, At safepoint: 11883 ns, Total: 42212 ns
[2020-09-11T19:08:26.717+0000][1][safepoint    ] Safepoint "RevokeBias", Time since last: 114632 ns, Reaching safepoint: 34096 ns, At safepoint: 10755 ns, Total: 44851 ns
[2020-09-11T19:08:26.717+0000][1][safepoint    ] Safepoint "RevokeBias", Time since last: 41206 ns, Reaching safepoint: 28850 ns, At safepoint: 9793 ns, Total: 38643 ns
[2020-09-11T19:08:26.750+0000][1][gc,start     ] GC(340) Pause Young (Allocation Failure)
[2020-09-11T19:08:26.750+0000][1][gc,task      ] GC(340) Using 1 workers of 1 for evacuation
[2020-09-11T19:08:26.846+0000][1][gc,age       ] GC(340) Desired survivor size 4358144 bytes, new threshold 6 (max threshold 6)
[2020-09-11T19:08:26.846+0000][1][gc,age       ] GC(340) Age table with threshold 6 (max threshold 6)
[2020-09-11T19:08:26.846+0000][1][gc,age       ] GC(340) - age   1:     427856 bytes,     427856 total
[2020-09-11T19:08:26.846+0000][1][gc,age       ] GC(340) - age   2:     149784 bytes,     577640 total
[2020-09-11T19:08:26.846+0000][1][gc,age       ] GC(340) - age   3:     166392 bytes,     744032 total
[2020-09-11T19:08:26.846+0000][1][gc,age       ] GC(340) - age   4:     161320 bytes,     905352 total
[2020-09-11T19:08:26.846+0000][1][gc,age       ] GC(340) - age   5:     271464 bytes,    1176816 total
[2020-09-11T19:08:26.846+0000][1][gc,age       ] GC(340) - age   6:     493264 bytes,    1670080 total
[2020-09-11T19:08:26.846+0000][1][gc,heap      ] GC(340) ParNew: 70950K->2601K(76672K)
[2020-09-11T19:08:26.846+0000][1][gc,heap      ] GC(340) CMS: 196516K->196603K(2011968K)
[2020-09-11T19:08:26.846+0000][1][gc,metaspace ] GC(340) Metaspace: 99871K->99871K(1142784K)
[2020-09-11T19:08:26.846+0000][1][gc           ] GC(340) Pause Young (Allocation Failure) 261M->194M(2039M) 95.939ms
[2020-09-11T19:08:26.846+0000][1][gc,cpu       ] GC(340) User=0.04s Sys=0.00s Real=0.10s
[2020-09-11T19:08:26.847+0000][1][safepoint    ] Safepoint "GenCollectForAllocation", Time since last: 32317027 ns, Reaching safepoint: 161583 ns, At safepoint: 96815830 ns, Total: 96977413 ns
[2020-09-11T19:08:26.848+0000][1][safepoint    ] Safepoint "RevokeBias", Time since last: 1082816 ns, Reaching safepoint: 69545 ns, At safepoint: 30616 ns, Total: 100161 ns
[2020-09-11T19:08:26.872+0000][1][safepoint    ] Safepoint "RevokeBias", Time since last: 22045899 ns, Reaching safepoint: 2417617 ns, At safepoint: 27370 ns, Total: 2444987 ns
[2020-09-11T19:08:26.875+0000][1][safepoint    ] Safepoint "RevokeBias", Time since last: 2399298 ns, Reaching safepoint: 153496 ns, At safepoint: 18536 ns, Total: 172032 ns
[2020-09-11T19:08:26.881+0000][1][safepoint    ] Safepoint "RevokeBias", Time since last: 6120319 ns, Reaching safepoint: 169304 ns, At safepoint: 20802 ns, Total: 190106 ns
[2020-09-11T19:08:27.303+0000][1][safepoint    ] Safepoint "RevokeBias", Time since last: 422192654 ns, Reaching safepoint: 89249 ns, At safepoint: 21328 ns, Total: 110577 ns
[2020-09-11T19:08:27.823+0000][1][safepoint    ] Safepoint "RevokeBias", Time since last: 517598719 ns, Reaching safepoint: 1919515 ns, At safepoint: 24512 ns, Total: 1944027 ns
[2020-09-11T19:08:27.915+0000][1][safepoint    ] Safepoint "RevokeBias", Time since last: 91522036 ns, Reaching safepoint: 151763 ns, At safepoint: 21905 ns, Total: 173668 ns
[2020-09-11T19:08:27.915+0000][1][safepoint    ] Safepoint "RevokeBias", Time since last: 142402 ns, Reaching safepoint: 104313 ns, At safepoint: 12782 ns, Total: 117095 ns
[2020-09-11T19:08:27.915+0000][1][safepoint    ] Safepoint "RevokeBias", Time since last: 34087 ns, Reaching safepoint: 100265 ns, At safepoint: 11322 ns, Total: 111587 ns
[2020-09-11T19:08:27.915+0000][1][safepoint    ] Safepoint "RevokeBias", Time since last: 109882 ns, Reaching safepoint: 100555 ns, At safepoint: 12552 ns, Total: 113107 ns
[2020-09-11T19:08:27.915+0000][1][safepoint    ] Safepoint "RevokeBias", Time since last: 83634 ns, Reaching safepoint: 106027 ns, At safepoint: 14358 ns, Total: 120385 ns
[2020-09-11T19:08:27.916+0000][1][safepoint    ] Safepoint "RevokeBias", Time since last: 49132 ns, Reaching safepoint: 136462 ns, At safepoint: 13312 ns, Total: 149774 ns
[2020-09-11T19:08:27.984+0000][1][safepoint    ] Safepoint "RevokeBias", Time since last: 68192965 ns, Reaching safepoint: 148649 ns, At safepoint: 20756 ns, Total: 169405 ns
[2020-09-11T19:08:28.349+0000][1][safepoint    ] Safepoint "RevokeBias", Time since last: 364374546 ns, Reaching safepoint: 101934 ns, At safepoint: 22978 ns, Total: 124912 ns
[2020-09-11T19:08:28.933+0000][1][safepoint    ] Safepoint "RevokeBias", Time since last: 583662349 ns, Reaching safepoint: 660053 ns, At safepoint: 24909 ns, Total: 684962 ns
[2020-09-11T19:08:29.035+0000][1][gc,start     ] GC(341) Pause Young (Allocation Failure)
[2020-09-11T19:08:29.035+0000][1][gc,task      ] GC(341) Using 1 workers of 1 for evacuation
[2020-09-11T19:08:29.093+0000][1][gc,age       ] GC(341) Desired survivor size 4358144 bytes, new threshold 6 (max threshold 6)
[2020-09-11T19:08:29.093+0000][1][gc,age       ] GC(341) Age table with threshold 6 (max threshold 6)
[2020-09-11T19:08:29.093+0000][1][gc,age       ] GC(341) - age   1:    1169696 bytes,    1169696 total
[2020-09-11T19:08:29.093+0000][1][gc,age       ] GC(341) - age   2:      12856 bytes,    1182552 total
[2020-09-11T19:08:29.093+0000][1][gc,age       ] GC(341) - age   3:      77736 bytes,    1260288 total
[2020-09-11T19:08:29.093+0000][1][gc,age       ] GC(341) - age   4:      40344 bytes,    1300632 total
[2020-09-11T19:08:29.093+0000][1][gc,age       ] GC(341) - age   5:      29544 bytes,    1330176 total
[2020-09-11T19:08:29.093+0000][1][gc,age       ] GC(341) - age   6:      27080 bytes,    1357256 total
[2020-09-11T19:08:29.093+0000][1][gc,heap      ] GC(341) ParNew: 70688K->1873K(76672K)
[2020-09-11T19:08:29.093+0000][1][gc,heap      ] GC(341) CMS: 196603K->197057K(2011968K)
[2020-09-11T19:08:29.093+0000][1][gc,metaspace ] GC(341) Metaspace: 99878K->99878K(1142784K)
[2020-09-11T19:08:29.093+0000][1][gc           ] GC(341) Pause Young (Allocation Failure) 261M->194M(2039M) 57.977ms
[2020-09-11T19:08:29.093+0000][1][gc,cpu       ] GC(341) User=0.02s Sys=0.00s Real=0.06s
[2020-09-11T19:08:29.125+0000][1][safepoint    ] Safepoint "GenCollectForAllocation", Time since last: 102027572 ns, Reaching safepoint: 225842 ns, At safepoint: 89757361 ns, Total: 89983203 ns
[2020-09-11T19:08:29.150+0000][1][safepoint    ] Safepoint "RevokeBias", Time since last: 14883709 ns, Reaching safepoint: 10157933 ns, At safepoint: 31627 ns, Total: 10189560 ns
[2020-09-11T19:08:29.153+0000][1][safepoint    ] Safepoint "BulkRevokeBias", Time since last: 1087096 ns, Reaching safepoint: 1789868 ns, At safepoint: 353814 ns, Total: 2143682 ns
[2020-09-11T19:08:29.153+0000][1][safepoint    ] Safepoint "RevokeBias", Time since last: 141996 ns, Reaching safepoint: 119262 ns, At safepoint: 13358 ns, Total: 132620 ns
[2020-09-11T19:08:29.154+0000][1][safepoint    ] Safepoint "RevokeBias", Time since last: 29664 ns, Reaching safepoint: 108775 ns, At safepoint: 11740 ns, Total: 120515 ns
[2020-09-11T19:08:29.154+0000][1][safepoint    ] Safepoint "RevokeBias", Time since last: 59295 ns, Reaching safepoint: 111832 ns, At safepoint: 11716 ns, Total: 123548 ns
[2020-09-11T19:08:29.154+0000][1][safepoint    ] Safepoint "RevokeBias", Time since last: 43722 ns, Reaching safepoint: 108630 ns, At safepoint: 11410 ns, Total: 120040 ns
[2020-09-11T19:08:29.225+0000][1][safepoint    ] Safepoint "RevokeBias", Time since last: 70914858 ns, Reaching safepoint: 154740 ns, At safepoint: 20336 ns, Total: 175076 ns
[2020-09-11T19:08:29.696+0000][1][safepoint    ] Safepoint "RevokeBias", Time since last: 470578839 ns, Reaching safepoint: 92975 ns, At safepoint: 22673 ns, Total: 115648 ns
[2020-09-11T19:08:30.080+0000][1][safepoint    ] Safepoint "RevokeBias", Time since last: 384256063 ns, Reaching safepoint: 96197 ns, At safepoint: 21444 ns, Total: 117641 ns
[2020-09-11T19:08:30.281+0000][1][safepoint    ] Safepoint "RevokeBias", Time since last: 197011175 ns, Reaching safepoint: 3728071 ns, At safepoint: 172158 ns, Total: 3900229 ns
[2020-09-11T19:08:30.286+0000][1][safepoint    ] Safepoint "RevokeBias", Time since last: 779440 ns, Reaching safepoint: 4097765 ns, At safepoint: 164346 ns, Total: 4262111 ns
[2020-09-11T19:08:30.286+0000][1][safepoint    ] Safepoint "RevokeBias", Time since last: 121974 ns, Reaching safepoint: 127654 ns, At safepoint: 122891 ns, Total: 250545 ns
[2020-09-11T19:08:30.287+0000][1][safepoint    ] Safepoint "RevokeBias", Time since last: 56852 ns, Reaching safepoint: 439249 ns, At safepoint: 131302 ns, Total: 570551 ns
[2020-09-11T19:08:30.379+0000][1][safepoint    ] Safepoint "BulkRevokeBias", Time since last: 90877232 ns, Reaching safepoint: 186592 ns, At safepoint: 388931 ns, Total: 575523 ns
[2020-09-11T19:08:30.581+0000][1][safepoint    ] Safepoint "RevokeBias", Time since last: 202454568 ns, Reaching safepoint: 91359 ns, At safepoint: 24507 ns, Total: 115866 ns
[2020-09-11T19:08:31.113+0000][1][safepoint    ] Safepoint "BulkRevokeBias", Time since last: 531884751 ns, Reaching safepoint: 100423 ns, At safepoint: 227921 ns, Total: 328344 ns
[2020-09-11T19:08:31.430+0000][1][safepoint    ] Safepoint "RevokeBias", Time since last: 316325280 ns, Reaching safepoint: 164026 ns, At safepoint: 21855 ns, Total: 185881 ns
[2020-09-11T19:08:31.430+0000][1][safepoint    ] Safepoint "RevokeBias", Time since last: 49864 ns, Reaching safepoint: 29475 ns, At safepoint: 11702 ns, Total: 41177 ns
[2020-09-11T19:08:31.430+0000][1][safepoint    ] Safepoint "RevokeBias", Time since last: 49561 ns, Reaching safepoint: 31574 ns, At safepoint: 10334 ns, Total: 41908 ns
[2020-09-11T19:08:31.430+0000][1][safepoint    ] Safepoint "BulkRevokeBias", Time since last: 38188 ns, Reaching safepoint: 28374 ns, At safepoint: 244181 ns, Total: 272555 ns
[2020-09-11T19:08:31.469+0000][1][gc,start     ] GC(342) Pause Young (Allocation Failure)
[2020-09-11T19:08:31.469+0000][1][gc,task      ] GC(342) Using 1 workers of 1 for evacuation
[2020-09-11T19:08:31.560+0000][1][gc,age       ] GC(342) Desired survivor size 4358144 bytes, new threshold 6 (max threshold 6)
[2020-09-11T19:08:31.560+0000][1][gc,age       ] GC(342) Age table with threshold 6 (max threshold 6)
[2020-09-11T19:08:31.560+0000][1][gc,age       ] GC(342) - age   1:     725952 bytes,     725952 total
[2020-09-11T19:08:31.560+0000][1][gc,age       ] GC(342) - age   2:     313832 bytes,    1039784 total
[2020-09-11T19:08:31.560+0000][1][gc,age       ] GC(342) - age   3:      10224 bytes,    1050008 total
[2020-09-11T19:08:31.560+0000][1][gc,age       ] GC(342) - age   4:      75728 bytes,    1125736 total
[2020-09-11T19:08:31.560+0000][1][gc,age       ] GC(342) - age   5:      38416 bytes,    1164152 total
[2020-09-11T19:08:31.560+0000][1][gc,age       ] GC(342) - age   6:      27984 bytes,    1192136 total
[2020-09-11T19:08:31.560+0000][1][gc,heap      ] GC(342) ParNew: 70033K->1462K(76672K)
[2020-09-11T19:08:31.560+0000][1][gc,heap      ] GC(342) CMS: 197057K->197084K(2011968K)
[2020-09-11T19:08:31.560+0000][1][gc,metaspace ] GC(342) Metaspace: 99879K->99879K(1142784K)
[2020-09-11T19:08:31.560+0000][1][gc           ] GC(342) Pause Young (Allocation Failure) 260M->193M(2039M) 90.811ms
[2020-09-11T19:08:31.560+0000][1][gc,cpu       ] GC(342) User=0.03s Sys=0.00s Real=0.09s
[2020-09-11T19:08:31.577+0000][1][safepoint    ] Safepoint "GenCollectForAllocation", Time since last: 38436747 ns, Reaching safepoint: 156624 ns, At safepoint: 108030893 ns, Total: 108187517 ns
[2020-09-11T19:08:31.582+0000][1][safepoint    ] Safepoint "RevokeBias", Time since last: 4447736 ns, Reaching safepoint: 84801 ns, At safepoint: 38000 ns, Total: 122801 ns
[2020-09-11T19:08:32.401+0000][1][safepoint    ] Safepoint "RevokeBias", Time since last: 819454730 ns, Reaching safepoint: 97909 ns, At safepoint: 21661 ns, Total: 119570 ns
[2020-09-11T19:08:32.602+0000][1][safepoint    ] Safepoint "RevokeBias", Time since last: 199863360 ns, Reaching safepoint: 383466 ns, At safepoint: 173001 ns, Total: 556467 ns
[2020-09-11T19:08:32.602+0000][1][safepoint    ] Safepoint "RevokeBias", Time since last: 82617 ns, Reaching safepoint: 115130 ns, At safepoint: 135246 ns, Total: 250376 ns
[2020-09-11T19:08:32.655+0000][1][gc,start     ] GC(343) Pause Young (Allocation Failure)
[2020-09-11T19:08:32.655+0000][1][gc,task      ] GC(343) Using 1 workers of 1 for evacuation
[2020-09-11T19:08:32.718+0000][1][gc,age       ] GC(343) Desired survivor size 4358144 bytes, new threshold 6 (max threshold 6)
[2020-09-11T19:08:32.718+0000][1][gc,age       ] GC(343) Age table with threshold 6 (max threshold 6)
[2020-09-11T19:08:32.718+0000][1][gc,age       ] GC(343) - age   1:    1858976 bytes,    1858976 total
[2020-09-11T19:08:32.718+0000][1][gc,age       ] GC(343) - age   2:     146672 bytes,    2005648 total
[2020-09-11T19:08:32.718+0000][1][gc,age       ] GC(343) - age   3:     300360 bytes,    2306008 total
[2020-09-11T19:08:32.718+0000][1][gc,age       ] GC(343) - age   4:       9384 bytes,    2315392 total
[2020-09-11T19:08:32.718+0000][1][gc,age       ] GC(343) - age   5:      74416 bytes,    2389808 total
[2020-09-11T19:08:32.718+0000][1][gc,age       ] GC(343) - age   6:      38384 bytes,    2428192 total
[2020-09-11T19:08:32.718+0000][1][gc,heap      ] GC(343) ParNew: 69622K->2477K(76672K)
[2020-09-11T19:08:32.718+0000][1][gc,heap      ] GC(343) CMS: 197084K->197111K(2011968K)
[2020-09-11T19:08:32.718+0000][1][gc,metaspace ] GC(343) Metaspace: 99887K->99887K(1142784K)
[2020-09-11T19:08:32.718+0000][1][gc           ] GC(343) Pause Young (Allocation Failure) 260M->194M(2039M) 63.229ms
[2020-09-11T19:08:32.718+0000][1][gc,cpu       ] GC(343) User=0.04s Sys=0.00s Real=0.06s
[2020-09-11T19:08:32.725+0000][1][safepoint    ] Safepoint "GenCollectForAllocation", Time since last: 52862887 ns, Reaching safepoint: 187579 ns, At safepoint: 69864944 ns, Total: 70052523 ns
[2020-09-11T19:08:32.732+0000][1][safepoint    ] Safepoint "RevokeBias", Time since last: 6754486 ns, Reaching safepoint: 118416 ns, At safepoint: 151373 ns, Total: 269789 ns
[2020-09-11T19:08:32.926+0000][1][safepoint    ] Safepoint "RevokeBias", Time since last: 194073934 ns, Reaching safepoint: 84665 ns, At safepoint: 19022 ns, Total: 103687 ns
[2020-09-11T19:08:33.269+0000][1][safepoint    ] Safepoint "RevokeBias", Time since last: 342729018 ns, Reaching safepoint: 131612 ns, At safepoint: 23272 ns, Total: 154884 ns
[2020-09-11T19:08:33.634+0000][1][safepoint    ] Safepoint "RevokeBias", Time since last: 365220614 ns, Reaching safepoint: 104564 ns, At safepoint: 22178 ns, Total: 126742 ns
[2020-09-11T19:08:33.794+0000][1][safepoint    ] Safepoint "RevokeBias", Time since last: 159953476 ns, Reaching safepoint: 159627 ns, At safepoint: 37473 ns, Total: 197100 ns
[2020-09-11T19:08:33.795+0000][1][safepoint    ] Safepoint "RevokeBias", Time since last: 65347 ns, Reaching safepoint: 101057 ns, At safepoint: 12682 ns, Total: 113739 ns
[2020-09-11T19:08:33.892+0000][1][safepoint    ] Safepoint "RevokeBias", Time since last: 97216390 ns, Reaching safepoint: 192280 ns, At safepoint: 187398 ns, Total: 379678 ns
[2020-09-11T19:08:34.141+0000][1][safepoint    ] Safepoint "RevokeBias", Time since last: 248876615 ns, Reaching safepoint: 95855 ns, At safepoint: 21682 ns, Total: 117537 ns
[2020-09-11T19:08:34.478+0000][1][safepoint    ] Safepoint "RevokeBias", Time since last: 336931966 ns, Reaching safepoint: 81082 ns, At safepoint: 22754 ns, Total: 103836 ns
[2020-09-11T19:08:34.478+0000][1][safepoint    ] Safepoint "RevokeBias", Time since last: 60220 ns, Reaching safepoint: 31052 ns, At safepoint: 11988 ns, Total: 43040 ns
[2020-09-11T19:08:34.479+0000][1][safepoint    ] Safepoint "RevokeBias", Time since last: 340701 ns, Reaching safepoint: 33662 ns, At safepoint: 12215 ns, Total: 45877 ns
[2020-09-11T19:08:34.479+0000][1][safepoint    ] Safepoint "RevokeBias", Time since last: 46314 ns, Reaching safepoint: 30277 ns, At safepoint: 11102 ns, Total: 41379 ns
[2020-09-11T19:08:34.599+0000][1][safepoint    ] Safepoint "RevokeBias", Time since last: 119964389 ns, Reaching safepoint: 92365 ns, At safepoint: 21058 ns, Total: 113423 ns
[2020-09-11T19:08:34.931+0000][1][safepoint    ] Safepoint "RevokeBias", Time since last: 331907491 ns, Reaching safepoint: 179880 ns, At safepoint: 23627 ns, Total: 203507 ns
[2020-09-11T19:08:34.931+0000][1][safepoint    ] Safepoint "RevokeBias", Time since last: 52956 ns, Reaching safepoint: 102322 ns, At safepoint: 12590 ns, Total: 114912 ns
[2020-09-11T19:08:34.946+0000][1][safepoint    ] Safepoint "RevokeBias", Time since last: 13906637 ns, Reaching safepoint: 635591 ns, At safepoint: 22427 ns, Total: 658018 ns
[2020-09-11T19:08:35.018+0000][1][safepoint    ] Safepoint "RevokeBias", Time since last: 72395444 ns, Reaching safepoint: 146212 ns, At safepoint: 19934 ns, Total: 166146 ns
[2020-09-11T19:08:35.573+0000][1][safepoint    ] Safepoint "RevokeBias", Time since last: 554288944 ns, Reaching safepoint: 99350 ns, At safepoint: 22829 ns, Total: 122179 ns
[2020-09-11T19:08:35.657+0000][1][gc,start     ] GC(344) Pause Young (Allocation Failure)
[2020-09-11T19:08:35.657+0000][1][gc,task      ] GC(344) Using 1 workers of 1 for evacuation
[2020-09-11T19:08:35.717+0000][1][gc,age       ] GC(344) Desired survivor size 4358144 bytes, new threshold 6 (max threshold 6)
[2020-09-11T19:08:35.717+0000][1][gc,age       ] GC(344) Age table with threshold 6 (max threshold 6)
[2020-09-11T19:08:35.717+0000][1][gc,age       ] GC(344) - age   1:    1608768 bytes,    1608768 total
[2020-09-11T19:08:35.717+0000][1][gc,age       ] GC(344) - age   2:      71448 bytes,    1680216 total
[2020-09-11T19:08:35.717+0000][1][gc,age       ] GC(344) - age   3:     141504 bytes,    1821720 total
[2020-09-11T19:08:35.717+0000][1][gc,age       ] GC(344) - age   4:     298448 bytes,    2120168 total
[2020-09-11T19:08:35.717+0000][1][gc,age       ] GC(344) - age   5:       9320 bytes,    2129488 total
[2020-09-11T19:08:35.717+0000][1][gc,age       ] GC(344) - age   6:      74384 bytes,    2203872 total
[2020-09-11T19:08:35.717+0000][1][gc,heap      ] GC(344) ParNew: 70637K->4176K(76672K)
[2020-09-11T19:08:35.717+0000][1][gc,heap      ] GC(344) CMS: 197111K->197150K(2011968K)
[2020-09-11T19:08:35.717+0000][1][gc,metaspace ] GC(344) Metaspace: 99893K->99893K(1142784K)
[2020-09-11T19:08:35.717+0000][1][gc           ] GC(344) Pause Young (Allocation Failure) 261M->196M(2039M) 60.958ms
[2020-09-11T19:08:35.718+0000][1][gc,cpu       ] GC(344) User=0.03s Sys=0.00s Real=0.06s
[2020-09-11T19:08:35.737+0000][1][safepoint    ] Safepoint "GenCollectForAllocation", Time since last: 83778341 ns, Reaching safepoint: 92344 ns, At safepoint: 80378182 ns, Total: 80470526 ns
[2020-09-11T19:08:35.929+0000][1][safepoint    ] Safepoint "RevokeBias", Time since last: 192497070 ns, Reaching safepoint: 90154 ns, At safepoint: 20175 ns, Total: 110329 ns
[2020-09-11T19:08:36.073+0000][1][safepoint    ] Safepoint "RevokeBias", Time since last: 142711469 ns, Reaching safepoint: 195687 ns, At safepoint: 180203 ns, Total: 375890 ns
[2020-09-11T19:08:36.077+0000][1][safepoint    ] Safepoint "RevokeBias", Time since last: 55613 ns, Reaching safepoint: 4159184 ns, At safepoint: 163629 ns, Total: 4322813 ns
[2020-09-11T19:08:36.122+0000][1][safepoint    ] Safepoint "RevokeBias", Time since last: 44590186 ns, Reaching safepoint: 184262 ns, At safepoint: 159515 ns, Total: 343777 ns
[2020-09-11T19:08:36.135+0000][1][safepoint    ] Safepoint "RevokeBias", Time since last: 13240977 ns, Reaching safepoint: 177770 ns, At safepoint: 20262 ns, Total: 198032 ns
[2020-09-11T19:08:36.242+0000][1][safepoint    ] Safepoint "RevokeBias", Time since last: 105647866 ns, Reaching safepoint: 552343 ns, At safepoint: 24535 ns, Total: 576878 ns
[2020-09-11T19:08:36.801+0000][1][safepoint    ] Safepoint "RevokeBias", Time since last: 551459792 ns, Reaching safepoint: 7874800 ns, At safepoint: 37443 ns, Total: 7912243 ns
[2020-09-11T19:08:37.040+0000][1][gc,start     ] GC(345) Pause Young (Allocation Failure)
[2020-09-11T19:08:37.040+0000][1][gc,task      ] GC(345) Using 1 workers of 1 for evacuation
[2020-09-11T19:08:37.095+0000][1][gc,age       ] GC(345) Desired survivor size 4358144 bytes, new threshold 6 (max threshold 6)
[2020-09-11T19:08:37.095+0000][1][gc,age       ] GC(345) Age table with threshold 6 (max threshold 6)
[2020-09-11T19:08:37.095+0000][1][gc,age       ] GC(345) - age   1:    1566544 bytes,    1566544 total
[2020-09-11T19:08:37.095+0000][1][gc,age       ] GC(345) - age   2:     205984 bytes,    1772528 total
[2020-09-11T19:08:37.095+0000][1][gc,age       ] GC(345) - age   3:      69296 bytes,    1841824 total
[2020-09-11T19:08:37.095+0000][1][gc,age       ] GC(345) - age   4:     140088 bytes,    1981912 total
[2020-09-11T19:08:37.095+0000][1][gc,age       ] GC(345) - age   5:     297824 bytes,    2279736 total
[2020-09-11T19:08:37.095+0000][1][gc,age       ] GC(345) - age   6:       6792 bytes,    2286528 total
[2020-09-11T19:08:37.095+0000][1][gc,heap      ] GC(345) ParNew: 72336K->2658K(76672K)
[2020-09-11T19:08:37.095+0000][1][gc,heap      ] GC(345) CMS: 197150K->197222K(2011968K)
[2020-09-11T19:08:37.095+0000][1][gc,metaspace ] GC(345) Metaspace: 99906K->99906K(1142784K)
[2020-09-11T19:08:37.095+0000][1][gc           ] GC(345) Pause Young (Allocation Failure) 263M->195M(2039M) 54.346ms
[2020-09-11T19:08:37.095+0000][1][gc,cpu       ] GC(345) User=0.02s Sys=0.00s Real=0.06s
[2020-09-11T19:08:37.109+0000][1][safepoint    ] Safepoint "GenCollectForAllocation", Time since last: 239240408 ns, Reaching safepoint: 178552 ns, At safepoint: 68478913 ns, Total: 68657465 ns
[2020-09-11T19:08:37.157+0000][1][safepoint    ] Safepoint "RevokeBias", Time since last: 47870473 ns, Reaching safepoint: 231670 ns, At safepoint: 170149 ns, Total: 401819 ns
[2020-09-11T19:08:37.157+0000][1][safepoint    ] Safepoint "RevokeBias", Time since last: 45927 ns, Reaching safepoint: 112388 ns, At safepoint: 134085 ns, Total: 246473 ns
[2020-09-11T19:08:37.212+0000][1][safepoint    ] Safepoint "RevokeBias", Time since last: 54429058 ns, Reaching safepoint: 153131 ns, At safepoint: 21460 ns, Total: 174591 ns
[2020-09-11T19:08:37.281+0000][1][safepoint    ] Safepoint "RevokeBias", Time since last: 68994316 ns, Reaching safepoint: 93503 ns, At safepoint: 21158 ns, Total: 114661 ns
[2020-09-11T19:08:37.766+0000][1][safepoint    ] Safepoint "RevokeBias", Time since last: 485171054 ns, Reaching safepoint: 93607 ns, At safepoint: 22788 ns, Total: 116395 ns
[2020-09-11T19:08:38.116+0000][1][safepoint    ] Safepoint "RevokeBias", Time since last: 349609255 ns, Reaching safepoint: 89168 ns, At safepoint: 22734 ns, Total: 111902 ns
[2020-09-11T19:08:38.286+0000][1][safepoint    ] Safepoint "RevokeBias", Time since last: 169301976 ns, Reaching safepoint: 142317 ns, At safepoint: 18648 ns, Total: 160965 ns
[2020-09-11T19:08:38.286+0000][1][safepoint    ] Safepoint "RevokeBias", Time since last: 52357 ns, Reaching safepoint: 100710 ns, At safepoint: 12075 ns, Total: 112785 ns
[2020-09-11T19:08:38.338+0000][1][safepoint    ] Safepoint "RevokeBias", Time since last: 52128590 ns, Reaching safepoint: 153218 ns, At safepoint: 22523 ns, Total: 175741 ns
[2020-09-11T19:08:38.628+0000][1][safepoint    ] Safepoint "RevokeBias", Time since last: 289979632 ns, Reaching safepoint: 89824 ns, At safepoint: 21769 ns, Total: 111593 ns
[2020-09-11T19:08:38.710+0000][1][gc,start     ] GC(346) Pause Young (Allocation Failure)
[2020-09-11T19:08:38.711+0000][1][gc,task      ] GC(346) Using 1 workers of 1 for evacuation
[2020-09-11T19:08:38.761+0000][1][gc,age       ] GC(346) Desired survivor size 4358144 bytes, new threshold 6 (max threshold 6)
[2020-09-11T19:08:38.761+0000][1][gc,age       ] GC(346) Age table with threshold 6 (max threshold 6)
[2020-09-11T19:08:38.761+0000][1][gc,age       ] GC(346) - age   1:    1482368 bytes,    1482368 total
[2020-09-11T19:08:38.761+0000][1][gc,age       ] GC(346) - age   2:      12176 bytes,    1494544 total
[2020-09-11T19:08:38.761+0000][1][gc,age       ] GC(346) - age   3:       4736 bytes,    1499280 total
[2020-09-11T19:08:38.761+0000][1][gc,age       ] GC(346) - age   4:       3784 bytes,    1503064 total
[2020-09-11T19:08:38.761+0000][1][gc,age       ] GC(346) - age   5:       8976 bytes,    1512040 total
[2020-09-11T19:08:38.761+0000][1][gc,age       ] GC(346) - age   6:     166848 bytes,    1678888 total
[2020-09-11T19:08:38.761+0000][1][gc,heap      ] GC(346) ParNew: 70818K->2006K(76672K)
[2020-09-11T19:08:38.761+0000][1][gc,heap      ] GC(346) CMS: 197222K->197228K(2011968K)
[2020-09-11T19:08:38.761+0000][1][gc,metaspace ] GC(346) Metaspace: 99908K->99908K(1142784K)
[2020-09-11T19:08:38.762+0000][1][gc           ] GC(346) Pause Young (Allocation Failure) 261M->194M(2039M) 51.078ms
[2020-09-11T19:08:38.762+0000][1][gc,cpu       ] GC(346) User=0.01s Sys=0.00s Real=0.06s
[2020-09-11T19:08:38.762+0000][1][safepoint    ] Safepoint "GenCollectForAllocation", Time since last: 80211436 ns, Reaching safepoint: 2086346 ns, At safepoint: 51150349 ns, Total: 53236695 ns
[2020-09-11T19:08:39.037+0000][1][safepoint    ] Safepoint "RevokeBias", Time since last: 275395928 ns, Reaching safepoint: 103103 ns, At safepoint: 23949 ns, Total: 127052 ns
[2020-09-11T19:08:39.365+0000][1][safepoint    ] Safepoint "RevokeBias", Time since last: 325301042 ns, Reaching safepoint: 2437644 ns, At safepoint: 28188 ns, Total: 2465832 ns
[2020-09-11T19:08:39.365+0000][1][safepoint    ] Safepoint "RevokeBias", Time since last: 59655 ns, Reaching safepoint: 106393 ns, At safepoint: 13245 ns, Total: 119638 ns
[2020-09-11T19:08:39.408+0000][1][safepoint    ] Safepoint "RevokeBias", Time since last: 42651215 ns, Reaching safepoint: 149405 ns, At safepoint: 19740 ns, Total: 169145 ns
[2020-09-11T19:08:39.445+0000][1][safepoint    ] Safepoint "RevokeBias", Time since last: 37136186 ns, Reaching safepoint: 88368 ns, At safepoint: 21764 ns, Total: 110132 ns
[2020-09-11T19:08:39.811+0000][1][safepoint    ] Safepoint "RevokeBias", Time since last: 365358108 ns, Reaching safepoint: 95439 ns, At safepoint: 22546 ns, Total: 117985 ns
[2020-09-11T19:08:40.193+0000][1][safepoint    ] Safepoint "BulkRevokeBias", Time since last: 382417924 ns, Reaching safepoint: 97279 ns, At safepoint: 225561 ns, Total: 322840 ns
[2020-09-11T19:08:40.440+0000][1][safepoint    ] Safepoint "BulkRevokeBias", Time since last: 246188618 ns, Reaching safepoint: 218025 ns, At safepoint: 343048 ns, Total: 561073 ns
[2020-09-11T19:08:40.442+0000][1][safepoint    ] Safepoint "BulkRevokeBias", Time since last: 975007 ns, Reaching safepoint: 140866 ns, At safepoint: 319610 ns, Total: 460476 ns
[2020-09-11T19:08:40.498+0000][1][safepoint    ] Safepoint "RevokeBias", Time since last: 55871511 ns, Reaching safepoint: 151037 ns, At safepoint: 20960 ns, Total: 171997 ns
[2020-09-11T19:08:40.861+0000][1][gc,start     ] GC(347) Pause Young (Allocation Failure)
[2020-09-11T19:08:40.861+0000][1][gc,task      ] GC(347) Using 1 workers of 1 for evacuation
[2020-09-11T19:08:40.940+0000][1][gc,age       ] GC(347) Desired survivor size 4358144 bytes, new threshold 6 (max threshold 6)
[2020-09-11T19:08:40.940+0000][1][gc,age       ] GC(347) Age table with threshold 6 (max threshold 6)
[2020-09-11T19:08:40.940+0000][1][gc,age       ] GC(347) - age   1:    1593432 bytes,    1593432 total
[2020-09-11T19:08:40.940+0000][1][gc,age       ] GC(347) - age   2:     190880 bytes,    1784312 total
[2020-09-11T19:08:40.940+0000][1][gc,age       ] GC(347) - age   3:       9192 bytes,    1793504 total
[2020-09-11T19:08:40.940+0000][1][gc,age       ] GC(347) - age   4:       1112 bytes,    1794616 total
[2020-09-11T19:08:40.940+0000][1][gc,age       ] GC(347) - age   5:       3744 bytes,    1798360 total
[2020-09-11T19:08:40.940+0000][1][gc,age       ] GC(347) - age   6:       7496 bytes,    1805856 total
[2020-09-11T19:08:40.940+0000][1][gc,heap      ] GC(347) ParNew: 70166K->3462K(76672K)
[2020-09-11T19:08:40.940+0000][1][gc,heap      ] GC(347) CMS: 197228K->197389K(2011968K)
[2020-09-11T19:08:40.940+0000][1][gc,metaspace ] GC(347) Metaspace: 99909K->99909K(1142784K)
[2020-09-11T19:08:40.940+0000][1][gc           ] GC(347) Pause Young (Allocation Failure) 261M->196M(2039M) 78.922ms
[2020-09-11T19:08:40.940+0000][1][gc,cpu       ] GC(347) User=0.03s Sys=0.00s Real=0.07s
[2020-09-11T19:08:40.953+0000][1][safepoint    ] Safepoint "GenCollectForAllocation", Time since last: 363226766 ns, Reaching safepoint: 214465 ns, At safepoint: 91754343 ns, Total: 91968808 ns
[2020-09-11T19:08:41.550+0000][1][safepoint    ] Safepoint "RevokeBias", Time since last: 597017415 ns, Reaching safepoint: 121051 ns, At safepoint: 115238 ns, Total: 236289 ns
[2020-09-11T19:08:41.550+0000][1][safepoint    ] Safepoint "RevokeBias", Time since last: 56360 ns, Reaching safepoint: 42688 ns, At safepoint: 82256 ns, Total: 124944 ns
[2020-09-11T19:08:41.597+0000][1][safepoint    ] Safepoint "RevokeBias", Time since last: 47108784 ns, Reaching safepoint: 145304 ns, At safepoint: 20884 ns, Total: 166188 ns
[2020-09-11T19:08:42.598+0000][1][safepoint    ] Safepoint "Cleanup", Time since last: 1000105009 ns, Reaching safepoint: 104215 ns, At safepoint: 7478 ns, Total: 111693 ns
[2020-09-11T19:08:42.645+0000][1][safepoint    ] Safepoint "RevokeBias", Time since last: 44825099 ns, Reaching safepoint: 2000766 ns, At safepoint: 26018 ns, Total: 2026784 ns
[2020-09-11T19:08:42.645+0000][1][safepoint    ] Safepoint "RevokeBias", Time since last: 63136 ns, Reaching safepoint: 182391 ns, At safepoint: 13540 ns, Total: 195931 ns
[2020-09-11T19:08:42.718+0000][1][safepoint    ] Safepoint "RevokeBias", Time since last: 73377100 ns, Reaching safepoint: 160059 ns, At safepoint: 20604 ns, Total: 180663 ns
[2020-09-11T19:08:43.593+0000][1][gc,start     ] GC(348) Pause Young (Allocation Failure)
[2020-09-11T19:08:43.593+0000][1][gc,task      ] GC(348) Using 1 workers of 1 for evacuation
[2020-09-11T19:08:43.639+0000][1][gc,age       ] GC(348) Desired survivor size 4358144 bytes, new threshold 6 (max threshold 6)
[2020-09-11T19:08:43.639+0000][1][gc,age       ] GC(348) Age table with threshold 6 (max threshold 6)
[2020-09-11T19:08:43.639+0000][1][gc,age       ] GC(348) - age   1:    1663624 bytes,    1663624 total
[2020-09-11T19:08:43.639+0000][1][gc,age       ] GC(348) - age   2:     158272 bytes,    1821896 total
[2020-09-11T19:08:43.639+0000][1][gc,age       ] GC(348) - age   3:     186784 bytes,    2008680 total
[2020-09-11T19:08:43.639+0000][1][gc,age       ] GC(348) - age   4:       7152 bytes,    2015832 total
[2020-09-11T19:08:43.639+0000][1][gc,age       ] GC(348) - age   5:       1112 bytes,    2016944 total
[2020-09-11T19:08:43.639+0000][1][gc,age       ] GC(348) - age   6:       3480 bytes,    2020424 total
[2020-09-11T19:08:43.639+0000][1][gc,heap      ] GC(348) ParNew: 71622K->2188K(76672K)
[2020-09-11T19:08:43.639+0000][1][gc,heap      ] GC(348) CMS: 197389K->197396K(2011968K)
[2020-09-11T19:08:43.639+0000][1][gc,metaspace ] GC(348) Metaspace: 99926K->99926K(1142784K)
[2020-09-11T19:08:43.639+0000][1][gc           ] GC(348) Pause Young (Allocation Failure) 262M->194M(2039M) 45.774ms
[2020-09-11T19:08:43.639+0000][1][gc,cpu       ] GC(348) User=0.02s Sys=0.00s Real=0.04s
[2020-09-11T19:08:43.661+0000][1][safepoint    ] Safepoint "GenCollectForAllocation", Time since last: 871318923 ns, Reaching safepoint: 3228180 ns, At safepoint: 67875027 ns, Total: 71103207 ns
[2020-09-11T19:08:43.769+0000][1][safepoint    ] Safepoint "RevokeBias", Time since last: 106515308 ns, Reaching safepoint: 1560667 ns, At safepoint: 28818 ns, Total: 1589485 ns
[2020-09-11T19:08:43.773+0000][1][safepoint    ] Safepoint "RevokeBias", Time since last: 4243000 ns, Reaching safepoint: 84785 ns, At safepoint: 22008 ns, Total: 106793 ns
[2020-09-11T19:08:43.842+0000][1][safepoint    ] Safepoint "RevokeBias", Time since last: 68850514 ns, Reaching safepoint: 150549 ns, At safepoint: 20847 ns, Total: 171396 ns
[2020-09-11T19:08:44.733+0000][1][safepoint    ] Safepoint "RevokeBias", Time since last: 890202516 ns, Reaching safepoint: 89546 ns, At safepoint: 23431 ns, Total: 112977 ns
[2020-09-11T19:08:44.877+0000][1][safepoint    ] Safepoint "RevokeBias", Time since last: 144680475 ns, Reaching safepoint: 159306 ns, At safepoint: 22287 ns, Total: 181593 ns
[2020-09-11T19:08:44.878+0000][1][safepoint    ] Safepoint "RevokeBias", Time since last: 50975 ns, Reaching safepoint: 29651 ns, At safepoint: 11355 ns, Total: 41006 ns
[2020-09-11T19:08:44.921+0000][1][safepoint    ] Safepoint "RevokeBias", Time since last: 43421611 ns, Reaching safepoint: 149668 ns, At safepoint: 20588 ns, Total: 170256 ns
[2020-09-11T19:08:45.929+0000][1][safepoint    ] Safepoint "Cleanup", Time since last: 1007641965 ns, Reaching safepoint: 191746 ns, At safepoint: 7861 ns, Total: 199607 ns
[2020-09-11T19:08:46.313+0000][1][gc,start     ] GC(349) Pause Young (Allocation Failure)
[2020-09-11T19:08:46.313+0000][1][gc,task      ] GC(349) Using 1 workers of 1 for evacuation
[2020-09-11T19:08:46.387+0000][1][gc,age       ] GC(349) Desired survivor size 4358144 bytes, new threshold 6 (max threshold 6)
[2020-09-11T19:08:46.387+0000][1][gc,age       ] GC(349) Age table with threshold 6 (max threshold 6)
[2020-09-11T19:08:46.387+0000][1][gc,age       ] GC(349) - age   1:    1666584 bytes,    1666584 total
[2020-09-11T19:08:46.387+0000][1][gc,age       ] GC(349) - age   2:     136552 bytes,    1803136 total
[2020-09-11T19:08:46.387+0000][1][gc,age       ] GC(349) - age   3:     147920 bytes,    1951056 total
[2020-09-11T19:08:46.387+0000][1][gc,age       ] GC(349) - age   4:     185544 bytes,    2136600 total
[2020-09-11T19:08:46.387+0000][1][gc,age       ] GC(349) - age   5:       7152 bytes,    2143752 total
[2020-09-11T19:08:46.387+0000][1][gc,age       ] GC(349) - age   6:        864 bytes,    2144616 total
[2020-09-11T19:08:46.387+0000][1][gc,heap      ] GC(349) ParNew: 70348K->3506K(76672K)
[2020-09-11T19:08:46.387+0000][1][gc,heap      ] GC(349) CMS: 197396K->197400K(2011968K)
[2020-09-11T19:08:46.387+0000][1][gc,metaspace ] GC(349) Metaspace: 99930K->99930K(1142784K)
[2020-09-11T19:08:46.387+0000][1][gc           ] GC(349) Pause Young (Allocation Failure) 261M->196M(2039M) 74.241ms
[2020-09-11T19:08:46.387+0000][1][gc,cpu       ] GC(349) User=0.02s Sys=0.00s Real=0.07s
[2020-09-11T19:08:46.395+0000][1][safepoint    ] Safepoint "GenCollectForAllocation", Time since last: 383954851 ns, Reaching safepoint: 185969 ns, At safepoint: 81770415 ns, Total: 81956384 ns
[2020-09-11T19:08:47.419+0000][1][safepoint    ] Safepoint "Cleanup", Time since last: 1023932809 ns, Reaching safepoint: 99984 ns, At safepoint: 7599 ns, Total: 107583 ns
[2020-09-11T19:08:48.420+0000][1][safepoint    ] Safepoint "Cleanup", Time since last: 1000126667 ns, Reaching safepoint: 1162940 ns, At safepoint: 8497 ns, Total: 1171437 ns
[2020-09-11T19:08:49.225+0000][1][gc,start     ] GC(350) Pause Young (Allocation Failure)
[2020-09-11T19:08:49.225+0000][1][gc,task      ] GC(350) Using 1 workers of 1 for evacuation
[2020-09-11T19:08:49.269+0000][1][gc,age       ] GC(350) Desired survivor size 4358144 bytes, new threshold 6 (max threshold 6)
[2020-09-11T19:08:49.269+0000][1][gc,age       ] GC(350) Age table with threshold 6 (max threshold 6)
[2020-09-11T19:08:49.269+0000][1][gc,age       ] GC(350) - age   1:     717920 bytes,     717920 total
[2020-09-11T19:08:49.269+0000][1][gc,age       ] GC(350) - age   2:    1431528 bytes,    2149448 total
[2020-09-11T19:08:49.269+0000][1][gc,age       ] GC(350) - age   3:     134040 bytes,    2283488 total
[2020-09-11T19:08:49.269+0000][1][gc,age       ] GC(350) - age   4:     141416 bytes,    2424904 total
[2020-09-11T19:08:49.269+0000][1][gc,age       ] GC(350) - age   5:     181072 bytes,    2605976 total
[2020-09-11T19:08:49.269+0000][1][gc,age       ] GC(350) - age   6:       7152 bytes,    2613128 total
[2020-09-11T19:08:49.269+0000][1][gc,heap      ] GC(350) ParNew: 71666K->3671K(76672K)
[2020-09-11T19:08:49.269+0000][1][gc,heap      ] GC(350) CMS: 197400K->197401K(2011968K)
[2020-09-11T19:08:49.269+0000][1][gc,metaspace ] GC(350) Metaspace: 99954K->99954K(1142784K)
[2020-09-11T19:08:49.269+0000][1][gc           ] GC(350) Pause Young (Allocation Failure) 262M->196M(2039M) 43.935ms
[2020-09-11T19:08:49.269+0000][1][gc,cpu       ] GC(350) User=0.01s Sys=0.00s Real=0.04s
[2020-09-11T19:08:49.272+0000][1][safepoint    ] Safepoint "GenCollectForAllocation", Time since last: 804572456 ns, Reaching safepoint: 191446 ns, At safepoint: 46589444 ns, Total: 46780890 ns
[2020-09-11T19:08:50.289+0000][1][safepoint    ] Safepoint "Cleanup", Time since last: 1017305528 ns, Reaching safepoint: 90544 ns, At safepoint: 7448 ns, Total: 97992 ns
[2020-09-11T19:08:51.289+0000][1][safepoint    ] Safepoint "Cleanup", Time since last: 1000106824 ns, Reaching safepoint: 94334 ns, At safepoint: 6318 ns, Total: 100652 ns
[2020-09-11T19:08:52.289+0000][1][safepoint    ] Safepoint "Cleanup", Time since last: 1000111422 ns, Reaching safepoint: 169940 ns, At safepoint: 9062 ns, Total: 179002 ns
[2020-09-11T19:08:53.290+0000][1][safepoint    ] Safepoint "Cleanup", Time since last: 1000111436 ns, Reaching safepoint: 96953 ns, At safepoint: 10110 ns, Total: 107063 ns
[2020-09-11T19:08:54.290+0000][1][safepoint    ] Safepoint "Cleanup", Time since last: 1000118408 ns, Reaching safepoint: 86202 ns, At safepoint: 10689 ns, Total: 96891 ns
[2020-09-11T19:08:55.290+0000][1][safepoint    ] Safepoint "Cleanup", Time since last: 1000116165 ns, Reaching safepoint: 86082 ns, At safepoint: 9921 ns, Total: 96003 ns
[2020-09-11T19:08:56.290+0000][1][safepoint    ] Safepoint "Cleanup", Time since last: 1000117795 ns, Reaching safepoint: 84898 ns, At safepoint: 7693 ns, Total: 92591 ns
[2020-09-11T19:08:57.291+0000][1][safepoint    ] Safepoint "Cleanup", Time since last: 1000120794 ns, Reaching safepoint: 85085 ns, At safepoint: 7573 ns, Total: 92658 ns
[2020-09-11T19:08:58.291+0000][1][safepoint    ] Safepoint "Cleanup", Time since last: 1000123473 ns, Reaching safepoint: 84955 ns, At safepoint: 9733 ns, Total: 94688 ns
[2020-09-11T19:08:58.530+0000][1][gc,start     ] GC(351) Pause Young (Allocation Failure)
[2020-09-11T19:08:58.530+0000][1][gc,task      ] GC(351) Using 1 workers of 1 for evacuation
[2020-09-11T19:08:58.565+0000][1][gc,age       ] GC(351) Desired survivor size 4358144 bytes, new threshold 6 (max threshold 6)
[2020-09-11T19:08:58.565+0000][1][gc,age       ] GC(351) Age table with threshold 6 (max threshold 6)
[2020-09-11T19:08:58.565+0000][1][gc,age       ] GC(351) - age   1:     816880 bytes,     816880 total
[2020-09-11T19:08:58.565+0000][1][gc,age       ] GC(351) - age   2:     362624 bytes,    1179504 total
[2020-09-11T19:08:58.565+0000][1][gc,age       ] GC(351) - age   3:    1428312 bytes,    2607816 total
[2020-09-11T19:08:58.565+0000][1][gc,age       ] GC(351) - age   4:     131560 bytes,    2739376 total
[2020-09-11T19:08:58.565+0000][1][gc,age       ] GC(351) - age   5:     139896 bytes,    2879272 total
[2020-09-11T19:08:58.565+0000][1][gc,age       ] GC(351) - age   6:     178528 bytes,    3057800 total
[2020-09-11T19:08:58.565+0000][1][gc,heap      ] GC(351) ParNew: 71831K->4439K(76672K)
[2020-09-11T19:08:58.565+0000][1][gc,heap      ] GC(351) CMS: 197401K->197407K(2011968K)
[2020-09-11T19:08:58.565+0000][1][gc,metaspace ] GC(351) Metaspace: 99956K->99956K(1142784K)
[2020-09-11T19:08:58.565+0000][1][gc           ] GC(351) Pause Young (Allocation Failure) 262M->197M(2039M) 34.899ms
[2020-09-11T19:08:58.565+0000][1][gc,cpu       ] GC(351) User=0.01s Sys=0.00s Real=0.04s
[2020-09-11T19:08:58.565+0000][1][safepoint    ] Safepoint "GenCollectForAllocation", Time since last: 238274732 ns, Reaching safepoint: 1240919 ns, At safepoint: 34966969 ns, Total: 36207888 ns
[2020-09-11T19:08:59.569+0000][1][safepoint    ] Safepoint "Cleanup", Time since last: 1003659853 ns, Reaching safepoint: 92779 ns, At safepoint: 10294 ns, Total: 103073 ns
[2020-09-11T19:09:00.569+0000][1][safepoint    ] Safepoint "Cleanup", Time since last: 1000176770 ns, Reaching safepoint: 113465 ns, At safepoint: 11343 ns, Total: 124808 ns
[2020-09-11T19:09:00.942+0000][1][safepoint    ] Safepoint "RevokeBias", Time since last: 372755349 ns, Reaching safepoint: 153411 ns, At safepoint: 24134 ns, Total: 177545 ns
[2020-09-11T19:09:00.975+0000][1][safepoint    ] Safepoint "RevokeBias", Time since last: 32649603 ns, Reaching safepoint: 146417 ns, At safepoint: 44851 ns, Total: 191268 ns
[2020-09-11T19:09:00.980+0000][1][safepoint    ] Safepoint "RevokeBias", Time since last: 5226596 ns, Reaching safepoint: 165677 ns, At safepoint: 23413 ns, Total: 189090 ns
[2020-09-11T19:09:00.982+0000][1][safepoint    ] Safepoint "BulkRevokeBias", Time since last: 1270956 ns, Reaching safepoint: 137437 ns, At safepoint: 212506 ns, Total: 349943 ns
[2020-09-11T19:09:01.985+0000][1][safepoint    ] Safepoint "Cleanup", Time since last: 1002376844 ns, Reaching safepoint: 398823 ns, At safepoint: 7428 ns, Total: 406251 ns
[2020-09-11T19:09:02.985+0000][1][safepoint    ] Safepoint "Cleanup", Time since last: 1000102644 ns, Reaching safepoint: 86002 ns, At safepoint: 9896 ns, Total: 95898 ns
[2020-09-11T19:09:03.985+0000][1][safepoint    ] Safepoint "Cleanup", Time since last: 1000133163 ns, Reaching safepoint: 85934 ns, At safepoint: 9827 ns, Total: 95761 ns
[2020-09-11T19:09:04.986+0000][1][safepoint    ] Safepoint "Cleanup", Time since last: 1000113790 ns, Reaching safepoint: 85191 ns, At safepoint: 7359 ns, Total: 92550 ns
[2020-09-11T19:09:05.986+0000][1][safepoint    ] Safepoint "Cleanup", Time since last: 1000610710 ns, Reaching safepoint: 78942 ns, At safepoint: 7893 ns, Total: 86835 ns
[2020-09-11T19:09:06.986+0000][1][safepoint    ] Safepoint "Cleanup", Time since last: 1000116361 ns, Reaching safepoint: 85870 ns, At safepoint: 7474 ns, Total: 93344 ns
[2020-09-11T19:09:07.987+0000][1][safepoint    ] Safepoint "Cleanup", Time since last: 1000117599 ns, Reaching safepoint: 84207 ns, At safepoint: 7574 ns, Total: 91781 ns
[2020-09-11T19:09:08.987+0000][1][safepoint    ] Safepoint "Cleanup", Time since last: 1000119942 ns, Reaching safepoint: 87233 ns, At safepoint: 9032 ns, Total: 96265 ns
[2020-09-11T19:09:09.987+0000][1][safepoint    ] Safepoint "Cleanup", Time since last: 1000118523 ns, Reaching safepoint: 87052 ns, At safepoint: 9306 ns, Total: 96358 ns
[2020-09-11T19:09:10.817+0000][1][gc,start     ] GC(352) Pause Young (Allocation Failure)
[2020-09-11T19:09:10.817+0000][1][gc,task      ] GC(352) Using 1 workers of 1 for evacuation
[2020-09-11T19:09:10.852+0000][1][gc,age       ] GC(352) Desired survivor size 4358144 bytes, new threshold 6 (max threshold 6)
[2020-09-11T19:09:10.852+0000][1][gc,age       ] GC(352) Age table with threshold 6 (max threshold 6)
[2020-09-11T19:09:10.852+0000][1][gc,age       ] GC(352) - age   1:     318144 bytes,     318144 total
[2020-09-11T19:09:10.852+0000][1][gc,age       ] GC(352) - age   2:     742008 bytes,    1060152 total
[2020-09-11T19:09:10.852+0000][1][gc,age       ] GC(352) - age   3:     359160 bytes,    1419312 total
[2020-09-11T19:09:10.852+0000][1][gc,age       ] GC(352) - age   4:    1426696 bytes,    2846008 total
[2020-09-11T19:09:10.852+0000][1][gc,age       ] GC(352) - age   5:     130256 bytes,    2976264 total
[2020-09-11T19:09:10.852+0000][1][gc,age       ] GC(352) - age   6:     139800 bytes,    3116064 total
[2020-09-11T19:09:10.852+0000][1][gc,heap      ] GC(352) ParNew: 72599K->5589K(76672K)
[2020-09-11T19:09:10.852+0000][1][gc,heap      ] GC(352) CMS: 197407K->197582K(2011968K)
[2020-09-11T19:09:10.852+0000][1][gc,metaspace ] GC(352) Metaspace: 99970K->99970K(1142784K)
[2020-09-11T19:09:10.852+0000][1][gc           ] GC(352) Pause Young (Allocation Failure) 263M->198M(2039M) 35.238ms
[2020-09-11T19:09:10.852+0000][1][gc,cpu       ] GC(352) User=0.02s Sys=0.00s Real=0.03s
[2020-09-11T19:09:10.852+0000][1][safepoint    ] Safepoint "GenCollectForAllocation", Time since last: 828172774 ns, Reaching safepoint: 1597236 ns, At safepoint: 35446178 ns, Total: 37043414 ns
[2020-09-11T19:09:11.863+0000][1][safepoint    ] Safepoint "Cleanup", Time since last: 1010241757 ns, Reaching safepoint: 87987 ns, At safepoint: 9564 ns, Total: 97551 ns
[2020-09-11T19:09:12.504+0000][1][safepoint    ] Safepoint "RevokeBias", Time since last: 641472099 ns, Reaching safepoint: 160526 ns, At safepoint: 19678 ns, Total: 180204 ns
[2020-09-11T19:09:12.557+0000][1][safepoint    ] Safepoint "RevokeBias", Time since last: 51718161 ns, Reaching safepoint: 942908 ns, At safepoint: 270281 ns, Total: 1213189 ns
[2020-09-11T19:09:12.570+0000][1][safepoint    ] Safepoint "RevokeBias", Time since last: 11889233 ns, Reaching safepoint: 440816 ns, At safepoint: 180339 ns, Total: 621155 ns
[2020-09-11T19:09:12.580+0000][1][safepoint    ] Safepoint "RevokeBias", Time since last: 7968107 ns, Reaching safepoint: 2193340 ns, At safepoint: 277963 ns, Total: 2471303 ns
[2020-09-11T19:09:12.605+0000][1][safepoint    ] Safepoint "RevokeBias", Time since last: 24454711 ns, Reaching safepoint: 206701 ns, At safepoint: 20522 ns, Total: 227223 ns
[2020-09-11T19:09:13.079+0000][1][safepoint    ] Safepoint "RevokeBias", Time since last: 471590609 ns, Reaching safepoint: 2072463 ns, At safepoint: 28620 ns, Total: 2101083 ns
[2020-09-11T19:09:13.081+0000][1][safepoint    ] Safepoint "RevokeBias", Time since last: 63925 ns, Reaching safepoint: 2215987 ns, At safepoint: 20936 ns, Total: 2236923 ns
[2020-09-11T19:09:13.334+0000][1][safepoint    ] Safepoint "RevokeBias", Time since last: 252973415 ns, Reaching safepoint: 159287 ns, At safepoint: 21101 ns, Total: 180388 ns
[2020-09-11T19:09:13.336+0000][1][gc,start     ] GC(353) Pause Young (Allocation Failure)
[2020-09-11T19:09:13.336+0000][1][gc,task      ] GC(353) Using 1 workers of 1 for evacuation
[2020-09-11T19:09:13.458+0000][1][gc,age       ] GC(353) Desired survivor size 4358144 bytes, new threshold 6 (max threshold 6)
[2020-09-11T19:09:13.458+0000][1][gc,age       ] GC(353) Age table with threshold 6 (max threshold 6)
[2020-09-11T19:09:13.458+0000][1][gc,age       ] GC(353) - age   1:     192944 bytes,     192944 total
[2020-09-11T19:09:13.458+0000][1][gc,age       ] GC(353) - age   2:     261400 bytes,     454344 total
[2020-09-11T19:09:13.458+0000][1][gc,age       ] GC(353) - age   3:      25520 bytes,     479864 total
[2020-09-11T19:09:13.458+0000][1][gc,age       ] GC(353) - age   4:      73128 bytes,     552992 total
[2020-09-11T19:09:13.458+0000][1][gc,age       ] GC(353) - age   5:     137608 bytes,     690600 total
[2020-09-11T19:09:13.458+0000][1][gc,age       ] GC(353) - age   6:     130256 bytes,     820856 total
[2020-09-11T19:09:13.458+0000][1][gc,heap      ] GC(353) ParNew: 73749K->1839K(76672K)
[2020-09-11T19:09:13.458+0000][1][gc,heap      ] GC(353) CMS: 197582K->197719K(2011968K)
[2020-09-11T19:09:13.458+0000][1][gc,metaspace ] GC(353) Metaspace: 99993K->99993K(1142784K)
[2020-09-11T19:09:13.459+0000][1][gc           ] GC(353) Pause Young (Allocation Failure) 264M->194M(2039M) 122.822ms
[2020-09-11T19:09:13.459+0000][1][gc,cpu       ] GC(353) User=0.03s Sys=0.00s Real=0.12s
[2020-09-11T19:09:13.459+0000][1][safepoint    ] Safepoint "GenCollectForAllocation", Time since last: 1573765 ns, Reaching safepoint: 113789 ns, At safepoint: 122889163 ns, Total: 123002952 ns
[2020-09-11T19:09:13.496+0000][1][safepoint    ] Safepoint "RevokeBias", Time since last: 34932439 ns, Reaching safepoint: 2761966 ns, At safepoint: 66309 ns, Total: 2828275 ns
[2020-09-11T19:09:14.389+0000][1][gc,start     ] GC(354) Pause Young (Allocation Failure)
[2020-09-11T19:09:14.389+0000][1][gc,task      ] GC(354) Using 1 workers of 1 for evacuation
[2020-09-11T19:09:14.491+0000][1][gc,age       ] GC(354) Desired survivor size 4358144 bytes, new threshold 6 (max threshold 6)
[2020-09-11T19:09:14.491+0000][1][gc,age       ] GC(354) Age table with threshold 6 (max threshold 6)
[2020-09-11T19:09:14.491+0000][1][gc,age       ] GC(354) - age   1:     680712 bytes,     680712 total
[2020-09-11T19:09:14.491+0000][1][gc,age       ] GC(354) - age   2:     173136 bytes,     853848 total
[2020-09-11T19:09:14.491+0000][1][gc,age       ] GC(354) - age   3:     261040 bytes,    1114888 total
[2020-09-11T19:09:14.491+0000][1][gc,age       ] GC(354) - age   4:      25448 bytes,    1140336 total
[2020-09-11T19:09:14.491+0000][1][gc,age       ] GC(354) - age   5:      73128 bytes,    1213464 total
[2020-09-11T19:09:14.491+0000][1][gc,age       ] GC(354) - age   6:     127408 bytes,    1340872 total
[2020-09-11T19:09:14.491+0000][1][gc,heap      ] GC(354) ParNew: 69999K->1521K(76672K)
[2020-09-11T19:09:14.491+0000][1][gc,heap      ] GC(354) CMS: 197719K->197846K(2011968K)
[2020-09-11T19:09:14.491+0000][1][gc,metaspace ] GC(354) Metaspace: 99999K->99999K(1142784K)
[2020-09-11T19:09:14.491+0000][1][gc           ] GC(354) Pause Young (Allocation Failure) 261M->194M(2039M) 102.417ms
[2020-09-11T19:09:14.491+0000][1][gc,cpu       ] GC(354) User=0.03s Sys=0.00s Real=0.10s
[2020-09-11T19:09:14.517+0000][1][safepoint    ] Safepoint "RevokeBias", Time since last: 892455670 ns, Reaching safepoint: 198818 ns, At safepoint: 127826151 ns, Total: 128024969 ns
[2020-09-11T19:09:14.537+0000][1][safepoint    ] Safepoint "RevokeBias", Time since last: 19963374 ns, Reaching safepoint: 170795 ns, At safepoint: 25360 ns, Total: 196155 ns
[2020-09-11T19:09:14.537+0000][1][safepoint    ] Safepoint "RevokeBias", Time since last: 75955 ns, Reaching safepoint: 103670 ns, At safepoint: 22623 ns, Total: 126293 ns
[2020-09-11T19:09:14.673+0000][1][safepoint    ] Safepoint "RevokeBias", Time since last: 136147309 ns, Reaching safepoint: 153498 ns, At safepoint: 22381 ns, Total: 175879 ns
[2020-09-11T19:09:14.913+0000][1][safepoint    ] Safepoint "RevokeBias", Time since last: 239288921 ns, Reaching safepoint: 183706 ns, At safepoint: 9138 ns, Total: 192844 ns
[2020-09-11T19:09:14.997+0000][1][safepoint    ] Safepoint "RevokeBias", Time since last: 71893807 ns, Reaching safepoint: 11995211 ns, At safepoint: 35456 ns, Total: 12030667 ns
[2020-09-11T19:09:15.033+0000][1][safepoint    ] Safepoint "RevokeBias", Time since last: 33752869 ns, Reaching safepoint: 2183936 ns, At safepoint: 24231 ns, Total: 2208167 ns
[2020-09-11T19:09:15.037+0000][1][safepoint    ] Safepoint "RevokeBias", Time since last: 692088 ns, Reaching safepoint: 3302217 ns, At safepoint: 32904 ns, Total: 3335121 ns
[2020-09-11T19:09:15.049+0000][1][safepoint    ] Safepoint "RevokeBias", Time since last: 11607360 ns, Reaching safepoint: 346610 ns, At safepoint: 26495 ns, Total: 373105 ns
[2020-09-11T19:09:15.081+0000][1][safepoint    ] Safepoint "RevokeBias", Time since last: 32169076 ns, Reaching safepoint: 163754 ns, At safepoint: 8584 ns, Total: 172338 ns
[2020-09-11T19:09:15.081+0000][1][safepoint    ] Safepoint "RevokeBias", Time since last: 67341 ns, Reaching safepoint: 30506 ns, At safepoint: 4956 ns, Total: 35462 ns
[2020-09-11T19:09:15.081+0000][1][safepoint    ] Safepoint "RevokeBias", Time since last: 35213 ns, Reaching safepoint: 29138 ns, At safepoint: 5090 ns, Total: 34228 ns
[2020-09-11T19:09:15.082+0000][1][safepoint    ] Safepoint "RevokeBias", Time since last: 101259 ns, Reaching safepoint: 31058 ns, At safepoint: 4701 ns, Total: 35759 ns
[2020-09-11T19:09:16.082+0000][1][safepoint    ] Safepoint "Cleanup", Time since last: 1000089116 ns, Reaching safepoint: 94261 ns, At safepoint: 5820 ns, Total: 100081 ns
[2020-09-11T19:09:17.085+0000][1][safepoint    ] Safepoint "Cleanup", Time since last: 1003047889 ns, Reaching safepoint: 551417 ns, At safepoint: 19650 ns, Total: 571067 ns
[2020-09-11T19:09:17.087+0000][1][gc,start     ] GC(355) Pause Young (Allocation Failure)
[2020-09-11T19:09:17.087+0000][1][gc,task      ] GC(355) Using 1 workers of 1 for evacuation
[2020-09-11T19:09:17.125+0000][1][gc,age       ] GC(355) Desired survivor size 4358144 bytes, new threshold 3 (max threshold 6)
[2020-09-11T19:09:17.125+0000][1][gc,age       ] GC(355) Age table with threshold 3 (max threshold 6)
[2020-09-11T19:09:17.125+0000][1][gc,age       ] GC(355) - age   1:    4163096 bytes,    4163096 total
[2020-09-11T19:09:17.125+0000][1][gc,age       ] GC(355) - age   2:     129856 bytes,    4292952 total
[2020-09-11T19:09:17.125+0000][1][gc,age       ] GC(355) - age   3:     108352 bytes,    4401304 total
[2020-09-11T19:09:17.125+0000][1][gc,age       ] GC(355) - age   4:     257256 bytes,    4658560 total
[2020-09-11T19:09:17.125+0000][1][gc,age       ] GC(355) - age   5:      23424 bytes,    4681984 total
[2020-09-11T19:09:17.125+0000][1][gc,age       ] GC(355) - age   6:      70320 bytes,    4752304 total
[2020-09-11T19:09:17.125+0000][1][gc,heap      ] GC(355) ParNew: 69643K->5861K(76672K)
[2020-09-11T19:09:17.125+0000][1][gc,heap      ] GC(355) CMS: 197846K->197849K(2011968K)
[2020-09-11T19:09:17.125+0000][1][gc,metaspace ] GC(355) Metaspace: 100010K->100010K(1142784K)
[2020-09-11T19:09:17.125+0000][1][gc           ] GC(355) Pause Young (Allocation Failure) 261M->198M(2039M) 38.365ms
[2020-09-11T19:09:17.125+0000][1][gc,cpu       ] GC(355) User=0.01s Sys=0.00s Real=0.04s
[2020-09-11T19:09:17.132+0000][1][safepoint    ] Safepoint "GenCollectForAllocation", Time since last: 45177 ns, Reaching safepoint: 1587773 ns, At safepoint: 44622051 ns, Total: 46209824 ns
[2020-09-11T19:09:17.163+0000][1][safepoint    ] Safepoint "RevokeBias", Time since last: 30961838 ns, Reaching safepoint: 563702 ns, At safepoint: 24671 ns, Total: 588373 ns
[2020-09-11T19:09:18.163+0000][1][safepoint    ] Safepoint "Cleanup", Time since last: 1000104904 ns, Reaching safepoint: 98206 ns, At safepoint: 9822 ns, Total: 108028 ns
[2020-09-11T19:09:19.164+0000][1][safepoint    ] Safepoint "Cleanup", Time since last: 1000119313 ns, Reaching safepoint: 93346 ns, At safepoint: 10726 ns, Total: 104072 ns
[2020-09-11T19:09:19.221+0000][1][gc,start     ] GC(356) Pause Young (Allocation Failure)
[2020-09-11T19:09:19.221+0000][1][gc,task      ] GC(356) Using 1 workers of 1 for evacuation
[2020-09-11T19:09:19.258+0000][1][gc,age       ] GC(356) Desired survivor size 4358144 bytes, new threshold 1 (max threshold 6)
[2020-09-11T19:09:19.258+0000][1][gc,age       ] GC(356) Age table with threshold 1 (max threshold 6)
[2020-09-11T19:09:19.258+0000][1][gc,age       ] GC(356) - age   1:    7256144 bytes,    7256144 total
[2020-09-11T19:09:19.258+0000][1][gc,age       ] GC(356) - age   2:     586504 bytes,    7842648 total
[2020-09-11T19:09:19.258+0000][1][gc,age       ] GC(356) - age   3:     127800 bytes,    7970448 total
[2020-09-11T19:09:19.258+0000][1][gc,heap      ] GC(356) ParNew: 73700K->8512K(76672K)
[2020-09-11T19:09:19.258+0000][1][gc,heap      ] GC(356) CMS: 197849K->198288K(2011968K)
[2020-09-11T19:09:19.258+0000][1][gc,metaspace ] GC(356) Metaspace: 100012K->100012K(1142784K)
[2020-09-11T19:09:19.258+0000][1][gc           ] GC(356) Pause Young (Allocation Failure) 265M->201M(2039M) 37.282ms
[2020-09-11T19:09:19.258+0000][1][gc,cpu       ] GC(356) User=0.02s Sys=0.00s Real=0.03s
[2020-09-11T19:09:19.262+0000][1][safepoint    ] Safepoint "GenCollectForAllocation", Time since last: 53671757 ns, Reaching safepoint: 3604354 ns, At safepoint: 40689006 ns, Total: 44293360 ns
[2020-09-11T19:09:19.307+0000][1][safepoint    ] Safepoint "RevokeBias", Time since last: 45004940 ns, Reaching safepoint: 156924 ns, At safepoint: 23353 ns, Total: 180277 ns
[2020-09-11T19:09:20.307+0000][1][safepoint    ] Safepoint "Cleanup", Time since last: 1000106877 ns, Reaching safepoint: 104033 ns, At safepoint: 9676 ns, Total: 113709 ns
[2020-09-11T19:09:21.307+0000][1][safepoint    ] Safepoint "Cleanup", Time since last: 1000118098 ns, Reaching safepoint: 101032 ns, At safepoint: 11237 ns, Total: 112269 ns
[2020-09-11T19:09:21.401+0000][1][safepoint    ] Safepoint "RevokeBias", Time since last: 92047342 ns, Reaching safepoint: 1618681 ns, At safepoint: 27533 ns, Total: 1646214 ns
[2020-09-11T19:09:21.617+0000][1][safepoint    ] Safepoint "RevokeBias", Time since last: 213477372 ns, Reaching safepoint: 2498067 ns, At safepoint: 44293 ns, Total: 2542360 ns
[2020-09-11T19:09:21.619+0000][1][safepoint    ] Safepoint "RevokeBias", Time since last: 1546030 ns, Reaching safepoint: 234776 ns, At safepoint: 20087 ns, Total: 254863 ns
[2020-09-11T19:09:21.625+0000][1][safepoint    ] Safepoint "RevokeBias", Time since last: 3476638 ns, Reaching safepoint: 2697132 ns, At safepoint: 24533 ns, Total: 2721665 ns
[2020-09-11T19:09:21.693+0000][1][gc,start     ] GC(357) Pause Young (Allocation Failure)
[2020-09-11T19:09:21.693+0000][1][gc,task      ] GC(357) Using 1 workers of 1 for evacuation
[2020-09-11T19:09:21.729+0000][1][gc,age       ] GC(357) Desired survivor size 4358144 bytes, new threshold 6 (max threshold 6)
[2020-09-11T19:09:21.729+0000][1][gc,age       ] GC(357) Age table with threshold 6 (max threshold 6)
[2020-09-11T19:09:21.729+0000][1][gc,age       ] GC(357) - age   1:     685120 bytes,     685120 total
[2020-09-11T19:09:21.729+0000][1][gc,heap      ] GC(357) ParNew: 76671K->6781K(76672K)
[2020-09-11T19:09:21.729+0000][1][gc,heap      ] GC(357) CMS: 198288K->199271K(2011968K)
[2020-09-11T19:09:21.729+0000][1][gc,metaspace ] GC(357) Metaspace: 100015K->100015K(1142784K)
[2020-09-11T19:09:21.729+0000][1][gc           ] GC(357) Pause Young (Allocation Failure) 268M->201M(2039M) 36.122ms
[2020-09-11T19:09:21.729+0000][1][gc,cpu       ] GC(357) User=0.02s Sys=0.00s Real=0.03s
[2020-09-11T19:09:21.729+0000][1][safepoint    ] Safepoint "GenCollectForAllocation", Time since last: 64506819 ns, Reaching safepoint: 3463071 ns, At safepoint: 36193223 ns, Total: 39656294 ns
[2020-09-11T19:09:22.014+0000][1][safepoint    ] Safepoint "RevokeBias", Time since last: 284787675 ns, Reaching safepoint: 82271 ns, At safepoint: 33077 ns, Total: 115348 ns
[2020-09-11T19:09:22.018+0000][1][safepoint    ] Safepoint "RevokeBias", Time since last: 4353953 ns, Reaching safepoint: 82220 ns, At safepoint: 34896 ns, Total: 117116 ns
[2020-09-11T19:09:23.019+0000][1][safepoint    ] Safepoint "Cleanup", Time since last: 1000430783 ns, Reaching safepoint: 102230 ns, At safepoint: 27161 ns, Total: 129391 ns
[2020-09-11T19:09:24.019+0000][1][safepoint    ] Safepoint "Cleanup", Time since last: 1000113348 ns, Reaching safepoint: 102842 ns, At safepoint: 9779 ns, Total: 112621 ns
[2020-09-11T19:09:25.019+0000][1][safepoint    ] Safepoint "Cleanup", Time since last: 1000109925 ns, Reaching safepoint: 91950 ns, At safepoint: 8779 ns, Total: 100729 ns
[2020-09-11T19:09:26.020+0000][1][safepoint    ] Safepoint "Cleanup", Time since last: 1000114299 ns, Reaching safepoint: 110027 ns, At safepoint: 10843 ns, Total: 120870 ns
[2020-09-11T19:09:27.020+0000][1][safepoint    ] Safepoint "Cleanup", Time since last: 1000127800 ns, Reaching safepoint: 121947 ns, At safepoint: 9319 ns, Total: 131266 ns
[2020-09-11T19:09:27.497+0000][1][safepoint    ] Safepoint "RevokeBias", Time since last: 476952222 ns, Reaching safepoint: 146117 ns, At safepoint: 20099 ns, Total: 166216 ns
[2020-09-11T19:09:28.457+0000][1][gc,start     ] GC(358) Pause Young (Allocation Failure)
[2020-09-11T19:09:28.457+0000][1][gc,task      ] GC(358) Using 1 workers of 1 for evacuation
[2020-09-11T19:09:28.498+0000][1][gc,age       ] GC(358) Desired survivor size 4358144 bytes, new threshold 6 (max threshold 6)
[2020-09-11T19:09:28.498+0000][1][gc,age       ] GC(358) Age table with threshold 6 (max threshold 6)
[2020-09-11T19:09:28.498+0000][1][gc,age       ] GC(358) - age   1:     389976 bytes,     389976 total
[2020-09-11T19:09:28.498+0000][1][gc,age       ] GC(358) - age   2:     504368 bytes,     894344 total
[2020-09-11T19:09:28.498+0000][1][gc,heap      ] GC(358) ParNew: 74941K->1820K(76672K)
[2020-09-11T19:09:28.498+0000][1][gc,heap      ] GC(358) CMS: 199271K->199271K(2011968K)
[2020-09-11T19:09:28.498+0000][1][gc,metaspace ] GC(358) Metaspace: 100016K->100016K(1142784K)
[2020-09-11T19:09:28.498+0000][1][gc           ] GC(358) Pause Young (Allocation Failure) 267M->196M(2039M) 41.336ms
[2020-09-11T19:09:28.498+0000][1][gc,cpu       ] GC(358) User=0.01s Sys=0.00s Real=0.04s
[2020-09-11T19:09:28.498+0000][1][safepoint    ] Safepoint "GenCollectForAllocation", Time since last: 955758789 ns, Reaching safepoint: 4133261 ns, At safepoint: 41401355 ns, Total: 45534616 ns
[2020-09-11T19:09:29.510+0000][1][safepoint    ] Safepoint "Cleanup", Time since last: 1011975487 ns, Reaching safepoint: 98446 ns, At safepoint: 10185 ns, Total: 108631 ns
[2020-09-11T19:09:29.585+0000][1][safepoint    ] Safepoint "RevokeBias", Time since last: 73986146 ns, Reaching safepoint: 441663 ns, At safepoint: 26276 ns, Total: 467939 ns
[2020-09-11T19:09:29.929+0000][1][safepoint    ] Safepoint "RevokeBias", Time since last: 344375309 ns, Reaching safepoint: 175512 ns, At safepoint: 59812 ns, Total: 235324 ns
[2020-09-11T19:09:29.930+0000][1][safepoint    ] Safepoint "RevokeBias", Time since last: 258507 ns, Reaching safepoint: 115223 ns, At safepoint: 25859 ns, Total: 141082 ns
[2020-09-11T19:09:30.817+0000][1][gc,start     ] GC(359) Pause Young (Allocation Failure)
[2020-09-11T19:09:30.817+0000][1][gc,task      ] GC(359) Using 1 workers of 1 for evacuation
[2020-09-11T19:09:30.848+0000][1][gc,age       ] GC(359) Desired survivor size 4358144 bytes, new threshold 6 (max threshold 6)
[2020-09-11T19:09:30.848+0000][1][gc,age       ] GC(359) Age table with threshold 6 (max threshold 6)
[2020-09-11T19:09:30.848+0000][1][gc,age       ] GC(359) - age   1:     547400 bytes,     547400 total
[2020-09-11T19:09:30.848+0000][1][gc,age       ] GC(359) - age   2:     220600 bytes,     768000 total
[2020-09-11T19:09:30.848+0000][1][gc,age       ] GC(359) - age   3:     497608 bytes,    1265608 total
[2020-09-11T19:09:30.848+0000][1][gc,heap      ] GC(359) ParNew: 69980K->1565K(76672K)
[2020-09-11T19:09:30.848+0000][1][gc,heap      ] GC(359) CMS: 199271K->199271K(2011968K)
[2020-09-11T19:09:30.848+0000][1][gc,metaspace ] GC(359) Metaspace: 100018K->100018K(1142784K)
[2020-09-11T19:09:30.848+0000][1][gc           ] GC(359) Pause Young (Allocation Failure) 262M->196M(2039M) 31.571ms
[2020-09-11T19:09:30.848+0000][1][gc,cpu       ] GC(359) User=0.02s Sys=0.00s Real=0.03s
[2020-09-11T19:09:30.853+0000][1][safepoint    ] Safepoint "GenCollectForAllocation", Time since last: 886235288 ns, Reaching safepoint: 739958 ns, At safepoint: 35934659 ns, Total: 36674617 ns
[2020-09-11T19:09:31.633+0000][1][safepoint    ] Safepoint "RevokeBias", Time since last: 780485948 ns, Reaching safepoint: 159165 ns, At safepoint: 25113 ns, Total: 184278 ns
[2020-09-11T19:09:32.634+0000][1][safepoint    ] Safepoint "Cleanup", Time since last: 1000105743 ns, Reaching safepoint: 93740 ns, At safepoint: 10231 ns, Total: 103971 ns
[2020-09-11T19:09:33.634+0000][1][safepoint    ] Safepoint "Cleanup", Time since last: 1000113718 ns, Reaching safepoint: 86035 ns, At safepoint: 9536 ns, Total: 95571 ns
[2020-09-11T19:09:34.634+0000][1][safepoint    ] Safepoint "Cleanup", Time since last: 1000121679 ns, Reaching safepoint: 97696 ns, At safepoint: 10704 ns, Total: 108400 ns
[2020-09-11T19:09:35.634+0000][1][safepoint    ] Safepoint "Cleanup", Time since last: 1000114346 ns, Reaching safepoint: 84573 ns, At safepoint: 10105 ns, Total: 94678 ns
[2020-09-11T19:09:36.635+0000][1][safepoint    ] Safepoint "Cleanup", Time since last: 1000115368 ns, Reaching safepoint: 87598 ns, At safepoint: 7206 ns, Total: 94804 ns
[2020-09-11T19:09:36.655+0000][1][gc,start     ] GC(360) Pause Young (Allocation Failure)
[2020-09-11T19:09:36.655+0000][1][gc,task      ] GC(360) Using 1 workers of 1 for evacuation
[2020-09-11T19:09:36.705+0000][1][gc,age       ] GC(360) Desired survivor size 4358144 bytes, new threshold 6 (max threshold 6)
[2020-09-11T19:09:36.705+0000][1][gc,age       ] GC(360) Age table with threshold 6 (max threshold 6)
[2020-09-11T19:09:36.705+0000][1][gc,age       ] GC(360) - age   1:    2707056 bytes,    2707056 total
[2020-09-11T19:09:36.705+0000][1][gc,age       ] GC(360) - age   2:     320520 bytes,    3027576 total
[2020-09-11T19:09:36.705+0000][1][gc,age       ] GC(360) - age   3:     201680 bytes,    3229256 total
[2020-09-11T19:09:36.705+0000][1][gc,age       ] GC(360) - age   4:     497192 bytes,    3726448 total
[2020-09-11T19:09:36.705+0000][1][gc,heap      ] GC(360) ParNew: 69725K->4490K(76672K)
[2020-09-11T19:09:36.705+0000][1][gc,heap      ] GC(360) CMS: 199271K->199271K(2011968K)
[2020-09-11T19:09:36.705+0000][1][gc,metaspace ] GC(360) Metaspace: 100079K->100079K(1142784K)
[2020-09-11T19:09:36.705+0000][1][gc           ] GC(360) Pause Young (Allocation Failure) 262M->198M(2039M) 50.212ms
[2020-09-11T19:09:36.705+0000][1][gc,cpu       ] GC(360) User=0.02s Sys=0.00s Real=0.05s
[2020-09-11T19:09:36.705+0000][1][safepoint    ] Safepoint "GenCollectForAllocation", Time since last: 18289697 ns, Reaching safepoint: 1916924 ns, At safepoint: 50470874 ns, Total: 52387798 ns
[2020-09-11T19:09:36.733+0000][1][safepoint    ] Safepoint "RevokeBias", Time since last: 26721441 ns, Reaching safepoint: 915155 ns, At safepoint: 37135 ns, Total: 952290 ns
[2020-09-11T19:09:37.525+0000][1][safepoint    ] Safepoint "RevokeBias", Time since last: 792334902 ns, Reaching safepoint: 164645 ns, At safepoint: 20769 ns, Total: 185414 ns
[2020-09-11T19:09:37.526+0000][1][safepoint    ] Safepoint "RevokeBias", Time since last: 66707 ns, Reaching safepoint: 103593 ns, At safepoint: 12621 ns, Total: 116214 ns
[2020-09-11T19:09:37.526+0000][1][safepoint    ] Safepoint "RevokeBias", Time since last: 33143 ns, Reaching safepoint: 100683 ns, At safepoint: 13656 ns, Total: 114339 ns
[2020-09-11T19:09:37.526+0000][1][safepoint    ] Safepoint "BulkRevokeBias", Time since last: 31468 ns, Reaching safepoint: 99740 ns, At safepoint: 200823 ns, Total: 300563 ns
[2020-09-11T19:09:37.802+0000][1][safepoint    ] Safepoint "RevokeBias", Time since last: 276041633 ns, Reaching safepoint: 159030 ns, At safepoint: 20597 ns, Total: 179627 ns
[2020-09-11T19:09:37.821+0000][1][safepoint    ] Safepoint "RevokeBias", Time since last: 18937864 ns, Reaching safepoint: 156914 ns, At safepoint: 22571 ns, Total: 179485 ns
[2020-09-11T19:09:38.543+0000][1][gc,start     ] GC(361) Pause Young (Allocation Failure)
[2020-09-11T19:09:38.543+0000][1][gc,task      ] GC(361) Using 1 workers of 1 for evacuation
[2020-09-11T19:09:38.577+0000][1][gc,age       ] GC(361) Desired survivor size 4358144 bytes, new threshold 6 (max threshold 6)
[2020-09-11T19:09:38.577+0000][1][gc,age       ] GC(361) Age table with threshold 6 (max threshold 6)
[2020-09-11T19:09:38.577+0000][1][gc,age       ] GC(361) - age   1:    1273432 bytes,    1273432 total
[2020-09-11T19:09:38.577+0000][1][gc,age       ] GC(361) - age   2:     230904 bytes,    1504336 total
[2020-09-11T19:09:38.578+0000][1][gc,age       ] GC(361) - age   3:     315912 bytes,    1820248 total
[2020-09-11T19:09:38.578+0000][1][gc,age       ] GC(361) - age   4:     197768 bytes,    2018016 total
[2020-09-11T19:09:38.578+0000][1][gc,age       ] GC(361) - age   5:     497160 bytes,    2515176 total
[2020-09-11T19:09:38.578+0000][1][gc,heap      ] GC(361) ParNew: 72650K->3009K(76672K)
[2020-09-11T19:09:38.578+0000][1][gc,heap      ] GC(361) CMS: 199271K->199271K(2011968K)
[2020-09-11T19:09:38.578+0000][1][gc,metaspace ] GC(361) Metaspace: 100085K->100085K(1142784K)
[2020-09-11T19:09:38.578+0000][1][gc           ] GC(361) Pause Young (Allocation Failure) 265M->197M(2039M) 34.842ms
[2020-09-11T19:09:38.578+0000][1][gc,cpu       ] GC(361) User=0.01s Sys=0.00s Real=0.03s
[2020-09-11T19:09:38.578+0000][1][safepoint    ] Safepoint "GenCollectForAllocation", Time since last: 719390432 ns, Reaching safepoint: 1953297 ns, At safepoint: 34931919 ns, Total: 36885216 ns
[2020-09-11T19:09:38.813+0000][1][safepoint    ] Safepoint "RevokeBias", Time since last: 234867109 ns, Reaching safepoint: 304593 ns, At safepoint: 22854 ns, Total: 327447 ns
[2020-09-11T19:09:38.922+0000][1][safepoint    ] Safepoint "RevokeBias", Time since last: 99108806 ns, Reaching safepoint: 9974266 ns, At safepoint: 72475 ns, Total: 10046741 ns
[2020-09-11T19:09:38.934+0000][1][safepoint    ] Safepoint "RevokeBias", Time since last: 11700846 ns, Reaching safepoint: 284030 ns, At safepoint: 35987 ns, Total: 320017 ns
[2020-09-11T19:09:38.977+0000][1][safepoint    ] Safepoint "RevokeBias", Time since last: 42335094 ns, Reaching safepoint: 163033 ns, At safepoint: 21145 ns, Total: 184178 ns
[2020-09-11T19:09:38.991+0000][1][gc,start     ] GC(362) Pause Young (Allocation Failure)
[2020-09-11T19:09:38.991+0000][1][gc,task      ] GC(362) Using 1 workers of 1 for evacuation
[2020-09-11T19:09:39.088+0000][1][gc,age       ] GC(362) Desired survivor size 4358144 bytes, new threshold 6 (max threshold 6)
[2020-09-11T19:09:39.088+0000][1][gc,age       ] GC(362) Age table with threshold 6 (max threshold 6)
[2020-09-11T19:09:39.088+0000][1][gc,age       ] GC(362) - age   1:     825184 bytes,     825184 total
[2020-09-11T19:09:39.088+0000][1][gc,age       ] GC(362) - age   2:     537704 bytes,    1362888 total
[2020-09-11T19:09:39.088+0000][1][gc,age       ] GC(362) - age   3:     224608 bytes,    1587496 total
[2020-09-11T19:09:39.088+0000][1][gc,age       ] GC(362) - age   4:     312008 bytes,    1899504 total
[2020-09-11T19:09:39.088+0000][1][gc,age       ] GC(362) - age   5:     196368 bytes,    2095872 total
[2020-09-11T19:09:39.088+0000][1][gc,age       ] GC(362) - age   6:     497128 bytes,    2593000 total
[2020-09-11T19:09:39.088+0000][1][gc,heap      ] GC(362) ParNew: 71169K->2594K(76672K)
[2020-09-11T19:09:39.088+0000][1][gc,heap      ] GC(362) CMS: 199271K->199271K(2011968K)
[2020-09-11T19:09:39.088+0000][1][gc,metaspace ] GC(362) Metaspace: 100089K->100089K(1142784K)
[2020-09-11T19:09:39.088+0000][1][gc           ] GC(362) Pause Young (Allocation Failure) 264M->197M(2039M) 97.499ms
[2020-09-11T19:09:39.088+0000][1][gc,cpu       ] GC(362) User=0.04s Sys=0.00s Real=0.10s
[2020-09-11T19:09:39.108+0000][1][safepoint    ] Safepoint "GenCollectForAllocation", Time since last: 14212093 ns, Reaching safepoint: 160034 ns, At safepoint: 117004817 ns, Total: 117164851 ns
[2020-09-11T19:09:39.149+0000][1][safepoint    ] Safepoint "RevokeBias", Time since last: 41082680 ns, Reaching safepoint: 162725 ns, At safepoint: 20148 ns, Total: 182873 ns
[2020-09-11T19:09:39.493+0000][1][safepoint    ] Safepoint "RevokeBias", Time since last: 343659765 ns, Reaching safepoint: 163432 ns, At safepoint: 35197 ns, Total: 198629 ns
[2020-09-11T19:09:40.174+0000][1][safepoint    ] Safepoint "RevokeBias", Time since last: 681004667 ns, Reaching safepoint: 171446 ns, At safepoint: 21079 ns, Total: 192525 ns
[2020-09-11T19:09:40.234+0000][1][safepoint    ] Safepoint "RevokeBias", Time since last: 59390620 ns, Reaching safepoint: 152706 ns, At safepoint: 19673 ns, Total: 172379 ns
[2020-09-11T19:09:41.206+0000][1][gc,start     ] GC(363) Pause Young (Allocation Failure)
[2020-09-11T19:09:41.206+0000][1][gc,task      ] GC(363) Using 1 workers of 1 for evacuation
[2020-09-11T19:09:41.287+0000][1][gc,age       ] GC(363) Desired survivor size 4358144 bytes, new threshold 1 (max threshold 6)
[2020-09-11T19:09:41.288+0000][1][gc,age       ] GC(363) Age table with threshold 1 (max threshold 6)
[2020-09-11T19:09:41.288+0000][1][gc,age       ] GC(363) - age   1:    6081400 bytes,    6081400 total
[2020-09-11T19:09:41.288+0000][1][gc,age       ] GC(363) - age   2:     472776 bytes,    6554176 total
[2020-09-11T19:09:41.288+0000][1][gc,age       ] GC(363) - age   3:     430888 bytes,    6985064 total
[2020-09-11T19:09:41.288+0000][1][gc,age       ] GC(363) - age   4:     221024 bytes,    7206088 total
[2020-09-11T19:09:41.288+0000][1][gc,age       ] GC(363) - age   5:     310176 bytes,    7516264 total
[2020-09-11T19:09:41.288+0000][1][gc,age       ] GC(363) - age   6:     189792 bytes,    7706056 total
[2020-09-11T19:09:41.288+0000][1][gc,heap      ] GC(363) ParNew: 70672K->7643K(76672K)
[2020-09-11T19:09:41.288+0000][1][gc,heap      ] GC(363) CMS: 199271K->199768K(2011968K)
[2020-09-11T19:09:41.288+0000][1][gc,metaspace ] GC(363) Metaspace: 100153K->100153K(1142784K)
[2020-09-11T19:09:41.288+0000][1][gc           ] GC(363) Pause Young (Allocation Failure) 263M->202M(2039M) 81.889ms
[2020-09-11T19:09:41.288+0000][1][gc,cpu       ] GC(363) User=0.04s Sys=0.00s Real=0.08s
[2020-09-11T19:09:41.296+0000][1][safepoint    ] Safepoint "GenCollectForAllocation", Time since last: 971723884 ns, Reaching safepoint: 170207 ns, At safepoint: 90721360 ns, Total: 90891567 ns
[2020-09-11T19:09:41.938+0000][1][safepoint    ] Safepoint "RevokeBias", Time since last: 641486630 ns, Reaching safepoint: 176755 ns, At safepoint: 24986 ns, Total: 201741 ns
[2020-09-11T19:09:42.257+0000][1][gc,start     ] GC(364) Pause Young (Allocation Failure)
[2020-09-11T19:09:42.257+0000][1][gc,task      ] GC(364) Using 1 workers of 1 for evacuation
[2020-09-11T19:09:42.297+0000][1][gc,age       ] GC(364) Desired survivor size 4358144 bytes, new threshold 6 (max threshold 6)
[2020-09-11T19:09:42.297+0000][1][gc,age       ] GC(364) Age table with threshold 6 (max threshold 6)
[2020-09-11T19:09:42.297+0000][1][gc,age       ] GC(364) - age   1:     593752 bytes,     593752 total
[2020-09-11T19:09:42.297+0000][1][gc,heap      ] GC(364) ParNew: 75803K->6281K(76672K)
[2020-09-11T19:09:42.297+0000][1][gc,heap      ] GC(364) CMS: 199768K->202428K(2011968K)
[2020-09-11T19:09:42.297+0000][1][gc,metaspace ] GC(364) Metaspace: 100159K->100159K(1142784K)
[2020-09-11T19:09:42.297+0000][1][gc           ] GC(364) Pause Young (Allocation Failure) 269M->203M(2039M) 39.818ms
[2020-09-11T19:09:42.297+0000][1][gc,cpu       ] GC(364) User=0.02s Sys=0.00s Real=0.04s
[2020-09-11T19:09:42.309+0000][1][safepoint    ] Safepoint "GenCollectForAllocation", Time since last: 318511017 ns, Reaching safepoint: 215044 ns, At safepoint: 52623878 ns, Total: 52838922 ns
[2020-09-11T19:09:42.670+0000][1][safepoint    ] Safepoint "RevokeBias", Time since last: 360061491 ns, Reaching safepoint: 160917 ns, At safepoint: 20809 ns, Total: 181726 ns
[2020-09-11T19:09:42.670+0000][1][safepoint    ] Safepoint "RevokeBias", Time since last: 81248 ns, Reaching safepoint: 32733 ns, At safepoint: 10999 ns, Total: 43732 ns
[2020-09-11T19:09:42.670+0000][1][safepoint    ] Safepoint "RevokeBias", Time since last: 46784 ns, Reaching safepoint: 30630 ns, At safepoint: 10187 ns, Total: 40817 ns
[2020-09-11T19:09:42.983+0000][1][safepoint    ] Safepoint "RevokeBias", Time since last: 312567885 ns, Reaching safepoint: 88357 ns, At safepoint: 9807 ns, Total: 98164 ns
[2020-09-11T19:09:42.985+0000][1][safepoint    ] Safepoint "RevokeBias", Time since last: 2231036 ns, Reaching safepoint: 79335 ns, At safepoint: 7909 ns, Total: 87244 ns
[2020-09-11T19:09:42.985+0000][1][safepoint    ] Safepoint "RevokeBias", Time since last: 58589 ns, Reaching safepoint: 50525 ns, At safepoint: 5556 ns, Total: 56081 ns
[2020-09-11T19:09:43.985+0000][1][safepoint    ] Safepoint "Cleanup", Time since last: 1000090369 ns, Reaching safepoint: 87790 ns, At safepoint: 9395 ns, Total: 97185 ns
[2020-09-11T19:09:44.985+0000][1][safepoint    ] Safepoint "Cleanup", Time since last: 1000114911 ns, Reaching safepoint: 86519 ns, At safepoint: 9233 ns, Total: 95752 ns
[2020-09-11T19:09:45.986+0000][1][safepoint    ] Safepoint "Cleanup", Time since last: 1000137106 ns, Reaching safepoint: 95349 ns, At safepoint: 9626 ns, Total: 104975 ns
[2020-09-11T19:09:46.986+0000][1][safepoint    ] Safepoint "Cleanup", Time since last: 1000117403 ns, Reaching safepoint: 87530 ns, At safepoint: 9692 ns, Total: 97222 ns
[2020-09-11T19:09:47.986+0000][1][safepoint    ] Safepoint "Cleanup", Time since last: 1000118338 ns, Reaching safepoint: 86048 ns, At safepoint: 9372 ns, Total: 95420 ns
[2020-09-11T19:09:48.621+0000][1][gc,start     ] GC(365) Pause Young (Allocation Failure)
[2020-09-11T19:09:48.621+0000][1][gc,task      ] GC(365) Using 1 workers of 1 for evacuation
[2020-09-11T19:09:48.657+0000][1][gc,age       ] GC(365) Desired survivor size 4358144 bytes, new threshold 1 (max threshold 6)
[2020-09-11T19:09:48.657+0000][1][gc,age       ] GC(365) Age table with threshold 1 (max threshold 6)
[2020-09-11T19:09:48.657+0000][1][gc,age       ] GC(365) - age   1:    5197480 bytes,    5197480 total
[2020-09-11T19:09:48.658+0000][1][gc,age       ] GC(365) - age   2:     181464 bytes,    5378944 total
[2020-09-11T19:09:48.658+0000][1][gc,heap      ] GC(365) ParNew: 74441K->6715K(76672K)
[2020-09-11T19:09:48.658+0000][1][gc,heap      ] GC(365) CMS: 202428K->202428K(2011968K)
[2020-09-11T19:09:48.658+0000][1][gc,metaspace ] GC(365) Metaspace: 100159K->100159K(1142784K)
[2020-09-11T19:09:48.658+0000][1][gc           ] GC(365) Pause Young (Allocation Failure) 270M->204M(2039M) 36.408ms
[2020-09-11T19:09:48.658+0000][1][gc,cpu       ] GC(365) User=0.01s Sys=0.00s Real=0.03s
[2020-09-11T19:09:48.662+0000][1][safepoint    ] Safepoint "GenCollectForAllocation", Time since last: 634885527 ns, Reaching safepoint: 173842 ns, At safepoint: 41155861 ns, Total: 41329703 ns
[2020-09-11T19:09:48.753+0000][1][safepoint    ] Safepoint "RevokeBias", Time since last: 89953236 ns, Reaching safepoint: 589549 ns, At safepoint: 9872 ns, Total: 599421 ns
[2020-09-11T19:09:49.753+0000][1][safepoint    ] Safepoint "Cleanup", Time since last: 1000106656 ns, Reaching safepoint: 93153 ns, At safepoint: 10360 ns, Total: 103513 ns
[2020-09-11T19:09:50.753+0000][1][safepoint    ] Safepoint "Cleanup", Time since last: 1000128939 ns, Reaching safepoint: 88297 ns, At safepoint: 9785 ns, Total: 98082 ns
[2020-09-11T19:09:51.754+0000][1][safepoint    ] Safepoint "Cleanup", Time since last: 1000111985 ns, Reaching safepoint: 87139 ns, At safepoint: 9940 ns, Total: 97079 ns
[2020-09-11T19:09:52.754+0000][1][safepoint    ] Safepoint "Cleanup", Time since last: 1000114967 ns, Reaching safepoint: 85813 ns, At safepoint: 9788 ns, Total: 95601 ns
[2020-09-11T19:09:53.754+0000][1][safepoint    ] Safepoint "Cleanup", Time since last: 1000111176 ns, Reaching safepoint: 86857 ns, At safepoint: 10317 ns, Total: 97174 ns
[2020-09-11T19:09:54.754+0000][1][safepoint    ] Safepoint "Cleanup", Time since last: 1000112611 ns, Reaching safepoint: 94843 ns, At safepoint: 7020 ns, Total: 101863 ns
[2020-09-11T19:09:55.754+0000][1][safepoint    ] Safepoint "Cleanup", Time since last: 1000122512 ns, Reaching safepoint: 91945 ns, At safepoint: 7816 ns, Total: 99761 ns
[2020-09-11T19:09:56.897+0000][1][gc,start     ] GC(366) Pause Young (Allocation Failure)
[2020-09-11T19:09:56.897+0000][1][gc,task      ] GC(366) Using 1 workers of 1 for evacuation
[2020-09-11T19:09:56.957+0000][1][gc,age       ] GC(366) Desired survivor size 4358144 bytes, new threshold 1 (max threshold 6)
[2020-09-11T19:09:56.957+0000][1][gc,age       ] GC(366) Age table with threshold 1 (max threshold 6)
[2020-09-11T19:09:56.957+0000][1][gc,age       ] GC(366) - age   1:    8682720 bytes,    8682720 total
[2020-09-11T19:09:56.958+0000][1][gc,heap      ] GC(366) ParNew: 74872K->8512K(76672K)
[2020-09-11T19:09:56.958+0000][1][gc,heap      ] GC(366) CMS: 202428K->204533K(2011968K)
[2020-09-11T19:09:56.958+0000][1][gc,metaspace ] GC(366) Metaspace: 100354K->100354K(1142784K)
[2020-09-11T19:09:56.958+0000][1][gc           ] GC(366) Pause Young (Allocation Failure) 270M->208M(2039M) 60.530ms
[2020-09-11T19:09:56.958+0000][1][gc,cpu       ] GC(366) User=0.02s Sys=0.00s Real=0.06s
[2020-09-11T19:09:56.961+0000][1][safepoint    ] Safepoint "GenCollectForAllocation", Time since last: 1142466280 ns, Reaching safepoint: 178654 ns, At safepoint: 63927306 ns, Total: 64105960 ns
[2020-09-11T19:09:57.989+0000][1][safepoint    ] Safepoint "Cleanup", Time since last: 1027535821 ns, Reaching safepoint: 93247 ns, At safepoint: 33785 ns, Total: 127032 ns
[2020-09-11T19:09:58.989+0000][1][safepoint    ] Safepoint "Cleanup", Time since last: 1000123396 ns, Reaching safepoint: 120193 ns, At safepoint: 9050 ns, Total: 129243 ns
[2020-09-11T19:10:08.990+0000][1][safepoint    ] Safepoint "Cleanup", Time since last: 10000794364 ns, Reaching safepoint: 92610 ns, At safepoint: 9696 ns, Total: 102306 ns
[2020-09-11T19:10:09.990+0000][1][safepoint    ] Safepoint "Cleanup", Time since last: 1000120443 ns, Reaching safepoint: 98839 ns, At safepoint: 10173 ns, Total: 109012 ns
[2020-09-11T19:10:12.990+0000][1][safepoint    ] Safepoint "Cleanup", Time since last: 3000268834 ns, Reaching safepoint: 97636 ns, At safepoint: 10433 ns, Total: 108069 ns
[2020-09-11T19:10:17.991+0000][1][safepoint    ] Safepoint "Cleanup", Time since last: 5000427706 ns, Reaching safepoint: 95133 ns, At safepoint: 10325 ns, Total: 105458 ns
[2020-09-11T19:10:18.420+0000][1][gc,start     ] GC(367) Pause Young (Allocation Failure)
[2020-09-11T19:10:18.420+0000][1][gc,task      ] GC(367) Using 1 workers of 1 for evacuation
[2020-09-11T19:10:18.452+0000][1][gc,age       ] GC(367) Desired survivor size 4358144 bytes, new threshold 6 (max threshold 6)
[2020-09-11T19:10:18.452+0000][1][gc,age       ] GC(367) Age table with threshold 6 (max threshold 6)
[2020-09-11T19:10:18.452+0000][1][gc,age       ] GC(367) - age   1:     154080 bytes,     154080 total
[2020-09-11T19:10:18.452+0000][1][gc,heap      ] GC(367) ParNew: 76672K->7449K(76672K)
[2020-09-11T19:10:18.452+0000][1][gc,heap      ] GC(367) CMS: 204533K->212389K(2011968K)
[2020-09-11T19:10:18.452+0000][1][gc,metaspace ] GC(367) Metaspace: 100356K->100356K(1142784K)
[2020-09-11T19:10:18.452+0000][1][gc           ] GC(367) Pause Young (Allocation Failure) 274M->214M(2039M) 32.843ms
[2020-09-11T19:10:18.452+0000][1][gc,cpu       ] GC(367) User=0.02s Sys=0.00s Real=0.03s
[2020-09-11T19:10:18.452+0000][1][safepoint    ] Safepoint "GenCollectForAllocation", Time since last: 425893197 ns, Reaching safepoint: 2777512 ns, At safepoint: 32919315 ns, Total: 35696827 ns
[2020-09-11T19:10:22.496+0000][1][safepoint    ] Safepoint "RevokeBias", Time since last: 4043011650 ns, Reaching safepoint: 181607 ns, At safepoint: 27898 ns, Total: 209505 ns
[2020-09-11T19:10:22.496+0000][1][safepoint    ] Safepoint "RevokeBias", Time since last: 67981 ns, Reaching safepoint: 149264 ns, At safepoint: 18781 ns, Total: 168045 ns
[2020-09-11T19:10:22.496+0000][1][safepoint    ] Safepoint "RevokeBias", Time since last: 41195 ns, Reaching safepoint: 137704 ns, At safepoint: 17003 ns, Total: 154707 ns
[2020-09-11T19:10:22.496+0000][1][safepoint    ] Safepoint "RevokeBias", Time since last: 36996 ns, Reaching safepoint: 131844 ns, At safepoint: 16053 ns, Total: 147897 ns
[2020-09-11T19:10:22.497+0000][1][safepoint    ] Safepoint "RevokeBias", Time since last: 36880 ns, Reaching safepoint: 129356 ns, At safepoint: 15254 ns, Total: 144610 ns
[2020-09-11T19:10:22.497+0000][1][safepoint    ] Safepoint "RevokeBias", Time since last: 35770 ns, Reaching safepoint: 124547 ns, At safepoint: 14512 ns, Total: 139059 ns
[2020-09-11T19:10:22.497+0000][1][safepoint    ] Safepoint "RevokeBias", Time since last: 34256 ns, Reaching safepoint: 168732 ns, At safepoint: 14481 ns, Total: 183213 ns
[2020-09-11T19:10:22.499+0000][1][safepoint    ] Safepoint "RevokeBias", Time since last: 34316 ns, Reaching safepoint: 2261268 ns, At safepoint: 23481 ns, Total: 2284749 ns
[2020-09-11T19:10:25.136+0000][1][safepoint    ] Safepoint "Cleanup", Time since last: 2629570598 ns, Reaching safepoint: 117588 ns, At safepoint: 7004037 ns, Total: 7121625 ns
[2020-09-11T19:10:27.175+0000][1][safepoint    ] Safepoint "Cleanup", Time since last: 2039225951 ns, Reaching safepoint: 96536 ns, At safepoint: 9986 ns, Total: 106522 ns
[2020-09-11T19:10:28.175+0000][1][safepoint    ] Safepoint "Cleanup", Time since last: 1000111059 ns, Reaching safepoint: 103521 ns, At safepoint: 7938 ns, Total: 111459 ns
[2020-09-11T19:10:38.409+0000][1][gc,start     ] GC(368) Pause Young (Allocation Failure)
[2020-09-11T19:10:38.409+0000][1][gc,task      ] GC(368) Using 1 workers of 1 for evacuation
[2020-09-11T19:10:38.443+0000][1][gc,age       ] GC(368) Desired survivor size 4358144 bytes, new threshold 6 (max threshold 6)
[2020-09-11T19:10:38.443+0000][1][gc,age       ] GC(368) Age table with threshold 6 (max threshold 6)
[2020-09-11T19:10:38.443+0000][1][gc,age       ] GC(368) - age   1:     133232 bytes,     133232 total
[2020-09-11T19:10:38.443+0000][1][gc,age       ] GC(368) - age   2:      34160 bytes,     167392 total
[2020-09-11T19:10:38.443+0000][1][gc,heap      ] GC(368) ParNew: 75609K->1890K(76672K)
[2020-09-11T19:10:38.443+0000][1][gc,heap      ] GC(368) CMS: 212389K->212389K(2011968K)
[2020-09-11T19:10:38.443+0000][1][gc,metaspace ] GC(368) Metaspace: 100356K->100356K(1142784K)
[2020-09-11T19:10:38.443+0000][1][gc           ] GC(368) Pause Young (Allocation Failure) 281M->209M(2039M) 34.297ms
[2020-09-11T19:10:38.443+0000][1][gc,cpu       ] GC(368) User=0.02s Sys=0.00s Real=0.04s
[2020-09-11T19:10:38.458+0000][1][safepoint    ] Safepoint "GenCollectForAllocation", Time since last: 10230045235 ns, Reaching safepoint: 3357443 ns, At safepoint: 49005656 ns, Total: 52363099 ns
[2020-09-11T19:10:39.469+0000][1][safepoint    ] Safepoint "Cleanup", Time since last: 1011136322 ns, Reaching safepoint: 92981 ns, At safepoint: 11154 ns, Total: 104135 ns
[2020-09-11T19:10:41.591+0000][1][safepoint    ] Safepoint "Cleanup", Time since last: 2118553712 ns, Reaching safepoint: 116280 ns, At safepoint: 6297 ns, Total: 122577 ns
[2020-09-11T19:10:49.594+0000][1][safepoint    ] Safepoint "Cleanup", Time since last: 8002682884 ns, Reaching safepoint: 221138 ns, At safepoint: 17139 ns, Total: 238277 ns
[2020-09-11T19:10:59.140+0000][1][gc,start     ] GC(369) Pause Young (Allocation Failure)
[2020-09-11T19:10:59.141+0000][1][gc,task      ] GC(369) Using 1 workers of 1 for evacuation
[2020-09-11T19:10:59.172+0000][1][gc,age       ] GC(369) Desired survivor size 4358144 bytes, new threshold 6 (max threshold 6)
[2020-09-11T19:10:59.172+0000][1][gc,age       ] GC(369) Age table with threshold 6 (max threshold 6)
[2020-09-11T19:10:59.172+0000][1][gc,age       ] GC(369) - age   1:     207928 bytes,     207928 total
[2020-09-11T19:10:59.172+0000][1][gc,age       ] GC(369) - age   2:      31256 bytes,     239184 total
[2020-09-11T19:10:59.172+0000][1][gc,age       ] GC(369) - age   3:      22544 bytes,     261728 total
[2020-09-11T19:10:59.172+0000][1][gc,heap      ] GC(369) ParNew: 70050K->503K(76672K)
[2020-09-11T19:10:59.172+0000][1][gc,heap      ] GC(369) CMS: 212389K->212389K(2011968K)
[2020-09-11T19:10:59.172+0000][1][gc,metaspace ] GC(369) Metaspace: 100356K->100356K(1142784K)
[2020-09-11T19:10:59.172+0000][1][gc           ] GC(369) Pause Young (Allocation Failure) 275M->207M(2039M) 31.843ms
[2020-09-11T19:10:59.172+0000][1][gc,cpu       ] GC(369) User=0.01s Sys=0.00s Real=0.03s
[2020-09-11T19:10:59.183+0000][1][safepoint    ] Safepoint "GenCollectForAllocation", Time since last: 9546465145 ns, Reaching safepoint: 99690 ns, At safepoint: 42389117 ns, Total: 42488807 ns
[2020-09-11T19:11:02.184+0000][1][safepoint    ] Safepoint "Cleanup", Time since last: 3000461099 ns, Reaching safepoint: 158426 ns, At safepoint: 18776 ns, Total: 177202 ns
[2020-09-11T19:11:06.184+0000][1][safepoint    ] Safepoint "Cleanup", Time since last: 4000342610 ns, Reaching safepoint: 110228 ns, At safepoint: 8228 ns, Total: 118456 ns
[2020-09-11T19:11:08.659+0000][1][safepoint    ] Safepoint "Cleanup", Time since last: 1000108887 ns, Reaching safepoint: 1474844903 ns, At safepoint: 12525 ns, Total: 1474857428 ns
[2020-09-11T19:11:09.660+0000][1][safepoint    ] Safepoint "Cleanup", Time since last: 1001306426 ns, Reaching safepoint: 145632 ns, At safepoint: 8597 ns, Total: 154229 ns
[2020-09-11T19:11:21.267+0000][1][safepoint    ] Safepoint "RevokeBias", Time since last: 11606686540 ns, Reaching safepoint: 160794 ns, At safepoint: 28826 ns, Total: 189620 ns
[2020-09-11T19:11:21.829+0000][1][gc,start     ] GC(370) Pause Young (Allocation Failure)
[2020-09-11T19:11:21.829+0000][1][gc,task      ] GC(370) Using 1 workers of 1 for evacuation
[2020-09-11T19:11:21.908+0000][1][gc,age       ] GC(370) Desired survivor size 4358144 bytes, new threshold 6 (max threshold 6)
[2020-09-11T19:11:21.908+0000][1][gc,age       ] GC(370) Age table with threshold 6 (max threshold 6)
[2020-09-11T19:11:21.908+0000][1][gc,age       ] GC(370) - age   1:     249440 bytes,     249440 total
[2020-09-11T19:11:21.908+0000][1][gc,age       ] GC(370) - age   2:      43056 bytes,     292496 total
[2020-09-11T19:11:21.908+0000][1][gc,age       ] GC(370) - age   3:      19640 bytes,     312136 total
[2020-09-11T19:11:21.908+0000][1][gc,age       ] GC(370) - age   4:      20992 bytes,     333128 total
[2020-09-11T19:11:21.908+0000][1][gc,heap      ] GC(370) ParNew: 68663K->443K(76672K)
[2020-09-11T19:11:21.908+0000][1][gc,heap      ] GC(370) CMS: 212389K->212389K(2011968K)
[2020-09-11T19:11:21.908+0000][1][gc,metaspace ] GC(370) Metaspace: 100367K->100367K(1142784K)
[2020-09-11T19:11:21.908+0000][1][gc           ] GC(370) Pause Young (Allocation Failure) 274M->207M(2039M) 79.478ms
[2020-09-11T19:11:21.908+0000][1][gc,cpu       ] GC(370) User=0.01s Sys=0.00s Real=0.08s
[2020-09-11T19:11:21.916+0000][1][safepoint    ] Safepoint "GenCollectForAllocation", Time since last: 561586959 ns, Reaching safepoint: 123105 ns, At safepoint: 87030606 ns, Total: 87153711 ns
[2020-09-11T19:11:28.922+0000][1][safepoint    ] Safepoint "Cleanup", Time since last: 7005619140 ns, Reaching safepoint: 132344 ns, At safepoint: 7446 ns, Total: 139790 ns
[2020-09-11T19:11:29.922+0000][1][safepoint    ] Safepoint "Cleanup", Time since last: 1000178526 ns, Reaching safepoint: 145508 ns, At safepoint: 7637 ns, Total: 153145 ns
[2020-09-11T19:11:39.924+0000][1][safepoint    ] Safepoint "Cleanup", Time since last: 10001325093 ns, Reaching safepoint: 117296 ns, At safepoint: 7454 ns, Total: 124750 ns
[2020-09-11T19:11:41.752+0000][1][gc,start     ] GC(371) Pause Young (Allocation Failure)
[2020-09-11T19:11:41.752+0000][1][gc,task      ] GC(371) Using 1 workers of 1 for evacuation
[2020-09-11T19:11:41.786+0000][1][gc,age       ] GC(371) Desired survivor size 4358144 bytes, new threshold 6 (max threshold 6)
[2020-09-11T19:11:41.786+0000][1][gc,age       ] GC(371) Age table with threshold 6 (max threshold 6)
[2020-09-11T19:11:41.786+0000][1][gc,age       ] GC(371) - age   1:     269136 bytes,     269136 total
[2020-09-11T19:11:41.786+0000][1][gc,age       ] GC(371) - age   2:     103448 bytes,     372584 total
[2020-09-11T19:11:41.786+0000][1][gc,age       ] GC(371) - age   3:      35288 bytes,     407872 total
[2020-09-11T19:11:41.786+0000][1][gc,age       ] GC(371) - age   4:      16272 bytes,     424144 total
[2020-09-11T19:11:41.786+0000][1][gc,age       ] GC(371) - age   5:      20552 bytes,     444696 total
[2020-09-11T19:11:41.786+0000][1][gc,heap      ] GC(371) ParNew: 68603K->598K(76672K)
[2020-09-11T19:11:41.786+0000][1][gc,heap      ] GC(371) CMS: 212389K->212389K(2011968K)
[2020-09-11T19:11:41.786+0000][1][gc,metaspace ] GC(371) Metaspace: 100371K->100371K(1142784K)
[2020-09-11T19:11:41.786+0000][1][gc           ] GC(371) Pause Young (Allocation Failure) 274M->207M(2039M) 34.324ms
[2020-09-11T19:11:41.786+0000][1][gc,cpu       ] GC(371) User=0.02s Sys=0.00s Real=0.04s
[2020-09-11T19:11:41.792+0000][1][safepoint    ] Safepoint "GenCollectForAllocation", Time since last: 1826850655 ns, Reaching safepoint: 1652548 ns, At safepoint: 40022836 ns, Total: 41675384 ns
[2020-09-11T19:11:42.800+0000][1][safepoint    ] Safepoint "Cleanup", Time since last: 1008131741 ns, Reaching safepoint: 142506 ns, At safepoint: 9771 ns, Total: 152277 ns
[2020-09-11T19:11:43.801+0000][1][safepoint    ] Safepoint "Cleanup", Time since last: 1000150395 ns, Reaching safepoint: 187900 ns, At safepoint: 7965 ns, Total: 195865 ns
[2020-09-11T19:11:44.801+0000][1][safepoint    ] Safepoint "Cleanup", Time since last: 1000199501 ns, Reaching safepoint: 276295 ns, At safepoint: 20296 ns, Total: 296591 ns
[2020-09-11T19:11:45.802+0000][1][safepoint    ] Safepoint "Cleanup", Time since last: 1000184945 ns, Reaching safepoint: 108736 ns, At safepoint: 7667 ns, Total: 116403 ns
[2020-09-11T19:11:46.802+0000][1][safepoint    ] Safepoint "Cleanup", Time since last: 1000150852 ns, Reaching safepoint: 150162 ns, At safepoint: 7958 ns, Total: 158120 ns
[2020-09-11T19:11:50.940+0000][1][safepoint    ] Safepoint "Cleanup", Time since last: 4138462800 ns, Reaching safepoint: 115548 ns, At safepoint: 8770 ns, Total: 124318 ns
[2020-09-11T19:11:51.856+0000][1][safepoint    ] Safepoint "RevokeBias", Time since last: 915630412 ns, Reaching safepoint: 112857 ns, At safepoint: 23995 ns, Total: 136852 ns
[2020-09-11T19:11:52.619+0000][1][safepoint    ] Safepoint "RevokeBias", Time since last: 762312819 ns, Reaching safepoint: 173438 ns, At safepoint: 20018 ns, Total: 193456 ns
[2020-09-11T19:11:52.619+0000][1][safepoint    ] Safepoint "RevokeBias", Time since last: 550886 ns, Reaching safepoint: 115846 ns, At safepoint: 13871 ns, Total: 129717 ns
[2020-09-11T19:11:52.620+0000][1][safepoint    ] Safepoint "RevokeBias", Time since last: 40035 ns, Reaching safepoint: 107729 ns, At safepoint: 13738 ns, Total: 121467 ns
[2020-09-11T19:11:52.647+0000][1][safepoint    ] Safepoint "RevokeBias", Time since last: 27312638 ns, Reaching safepoint: 92438 ns, At safepoint: 17313 ns, Total: 109751 ns
[2020-09-11T19:11:52.907+0000][1][safepoint    ] Safepoint "RevokeBias", Time since last: 260422053 ns, Reaching safepoint: 101685 ns, At safepoint: 23105 ns, Total: 124790 ns
[2020-09-11T19:11:53.908+0000][1][safepoint    ] Safepoint "Cleanup", Time since last: 1000123197 ns, Reaching safepoint: 155915 ns, At safepoint: 7755 ns, Total: 163670 ns
[2020-09-11T19:11:54.908+0000][1][safepoint    ] Safepoint "Cleanup", Time since last: 1000208206 ns, Reaching safepoint: 129213 ns, At safepoint: 7647 ns, Total: 136860 ns
[2020-09-11T19:11:55.908+0000][1][safepoint    ] Safepoint "Cleanup", Time since last: 1000151289 ns, Reaching safepoint: 189716 ns, At safepoint: 19605 ns, Total: 209321 ns
[2020-09-11T19:11:56.909+0000][1][safepoint    ] Safepoint "Cleanup", Time since last: 1000185508 ns, Reaching safepoint: 183214 ns, At safepoint: 7721 ns, Total: 190935 ns
[2020-09-11T19:11:57.911+0000][1][safepoint    ] Safepoint "Cleanup", Time since last: 1001886951 ns, Reaching safepoint: 176020 ns, At safepoint: 9536 ns, Total: 185556 ns
[2020-09-11T19:11:58.268+0000][1][safepoint    ] Safepoint "RevokeBias", Time since last: 356966951 ns, Reaching safepoint: 185896 ns, At safepoint: 17428 ns, Total: 203324 ns
[2020-09-11T19:11:58.530+0000][1][safepoint    ] Safepoint "RevokeBias", Time since last: 261339077 ns, Reaching safepoint: 187683 ns, At safepoint: 20734 ns, Total: 208417 ns
[2020-09-11T19:11:58.779+0000][1][safepoint    ] Safepoint "RevokeBias", Time since last: 248837529 ns, Reaching safepoint: 90858 ns, At safepoint: 16538 ns, Total: 107396 ns
[2020-09-11T19:11:59.779+0000][1][safepoint    ] Safepoint "Cleanup", Time since last: 1000152111 ns, Reaching safepoint: 193596 ns, At safepoint: 18917 ns, Total: 212513 ns
[2020-09-11T19:12:00.166+0000][1][safepoint    ] Safepoint "RevokeBias", Time since last: 386445474 ns, Reaching safepoint: 184984 ns, At safepoint: 16957 ns, Total: 201941 ns
[2020-09-11T19:12:00.717+0000][1][gc,start     ] GC(372) Pause Young (Allocation Failure)
[2020-09-11T19:12:00.717+0000][1][gc,task      ] GC(372) Using 1 workers of 1 for evacuation
[2020-09-11T19:12:00.734+0000][1][gc,age       ] GC(372) Desired survivor size 4358144 bytes, new threshold 6 (max threshold 6)
[2020-09-11T19:12:00.734+0000][1][gc,age       ] GC(372) Age table with threshold 6 (max threshold 6)
[2020-09-11T19:12:00.734+0000][1][gc,age       ] GC(372) - age   1:     359072 bytes,     359072 total
[2020-09-11T19:12:00.734+0000][1][gc,age       ] GC(372) - age   2:      69632 bytes,     428704 total
[2020-09-11T19:12:00.734+0000][1][gc,age       ] GC(372) - age   3:      93240 bytes,     521944 total
[2020-09-11T19:12:00.734+0000][1][gc,age       ] GC(372) - age   4:      24528 bytes,     546472 total
[2020-09-11T19:12:00.735+0000][1][gc,age       ] GC(372) - age   5:      16240 bytes,     562712 total
[2020-09-11T19:12:00.735+0000][1][gc,age       ] GC(372) - age   6:      19016 bytes,     581728 total
[2020-09-11T19:12:00.735+0000][1][gc,heap      ] GC(372) ParNew: 68758K->801K(76672K)
[2020-09-11T19:12:00.735+0000][1][gc,heap      ] GC(372) CMS: 212389K->212389K(2011968K)
[2020-09-11T19:12:00.735+0000][1][gc,metaspace ] GC(372) Metaspace: 100429K->100429K(1142784K)
[2020-09-11T19:12:00.735+0000][1][gc           ] GC(372) Pause Young (Allocation Failure) 274M->208M(2039M) 17.648ms
[2020-09-11T19:12:00.735+0000][1][gc,cpu       ] GC(372) User=0.02s Sys=0.00s Real=0.01s
[2020-09-11T19:12:00.735+0000][1][safepoint    ] Safepoint "GenCollectForAllocation", Time since last: 551118997 ns, Reaching safepoint: 201477 ns, At safepoint: 17718827 ns, Total: 17920304 ns
[2020-09-11T19:12:01.736+0000][1][safepoint    ] Safepoint "Cleanup", Time since last: 1001399821 ns, Reaching safepoint: 166592 ns, At safepoint: 9168 ns, Total: 175760 ns
[2020-09-11T19:12:02.481+0000][1][safepoint    ] Safepoint "RevokeBias", Time since last: 744156367 ns, Reaching safepoint: 204492 ns, At safepoint: 21790 ns, Total: 226282 ns
[2020-09-11T19:12:02.487+0000][1][safepoint    ] Safepoint "RevokeBias", Time since last: 5769403 ns, Reaching safepoint: 171854 ns, At safepoint: 51909 ns, Total: 223763 ns
[2020-09-11T19:12:02.487+0000][1][safepoint    ] Safepoint "RevokeBias", Time since last: 194468 ns, Reaching safepoint: 151715 ns, At safepoint: 39918 ns, Total: 191633 ns
[2020-09-11T19:12:02.491+0000][1][safepoint    ] Safepoint "RevokeBias", Time since last: 3378082 ns, Reaching safepoint: 283202 ns, At safepoint: 50982 ns, Total: 334184 ns
[2020-09-11T19:12:02.491+0000][1][safepoint    ] Safepoint "RevokeBias", Time since last: 95084 ns, Reaching safepoint: 216982 ns, At safepoint: 40215 ns, Total: 257197 ns
[2020-09-11T19:12:02.493+0000][1][safepoint    ] Safepoint "RevokeBias", Time since last: 1348141 ns, Reaching safepoint: 262846 ns, At safepoint: 44777 ns, Total: 307623 ns
[2020-09-11T19:12:02.664+0000][1][safepoint    ] Safepoint "RevokeBias", Time since last: 170985741 ns, Reaching safepoint: 84013 ns, At safepoint: 17348 ns, Total: 101361 ns
[2020-09-11T19:12:02.664+0000][1][safepoint    ] Safepoint "RevokeBias", Time since last: 67246 ns, Reaching safepoint: 34639 ns, At safepoint: 11813 ns, Total: 46452 ns
[2020-09-11T19:12:03.664+0000][1][safepoint    ] Safepoint "Cleanup", Time since last: 1000101694 ns, Reaching safepoint: 128612 ns, At safepoint: 6419 ns, Total: 135031 ns
[2020-09-11T19:12:03.877+0000][1][safepoint    ] Safepoint "RevokeBias", Time since last: 213174574 ns, Reaching safepoint: 92170 ns, At safepoint: 23740 ns, Total: 115910 ns
[2020-09-11T19:12:03.878+0000][1][safepoint    ] Safepoint "RevokeBias", Time since last: 194454 ns, Reaching safepoint: 40661 ns, At safepoint: 11658 ns, Total: 52319 ns
[2020-09-11T19:12:03.878+0000][1][safepoint    ] Safepoint "RevokeBias", Time since last: 50391 ns, Reaching safepoint: 30777 ns, At safepoint: 9861 ns, Total: 40638 ns
[2020-09-11T19:12:03.878+0000][1][safepoint    ] Safepoint "RevokeBias", Time since last: 70964 ns, Reaching safepoint: 30877 ns, At safepoint: 9504 ns, Total: 40381 ns
[2020-09-11T19:12:03.903+0000][1][safepoint    ] Safepoint "RevokeBias", Time since last: 24609361 ns, Reaching safepoint: 198567 ns, At safepoint: 17915 ns, Total: 216482 ns
[2020-09-11T19:12:03.903+0000][1][safepoint    ] Safepoint "RevokeBias", Time since last: 96651 ns, Reaching safepoint: 30791 ns, At safepoint: 10592 ns, Total: 41383 ns
[2020-09-11T19:12:03.905+0000][1][safepoint    ] Safepoint "RevokeBias", Time since last: 2166839 ns, Reaching safepoint: 138795 ns, At safepoint: 20923 ns, Total: 159718 ns
[2020-09-11T19:12:03.908+0000][1][safepoint    ] Safepoint "RevokeBias", Time since last: 2813124 ns, Reaching safepoint: 151626 ns, At safepoint: 19369 ns, Total: 170995 ns
[2020-09-11T19:12:04.908+0000][1][safepoint    ] Safepoint "Cleanup", Time since last: 1000200151 ns, Reaching safepoint: 109701 ns, At safepoint: 7696 ns, Total: 117397 ns
[2020-09-11T19:12:04.964+0000][1][safepoint    ] Safepoint "RevokeBias", Time since last: 55778193 ns, Reaching safepoint: 219370 ns, At safepoint: 23779 ns, Total: 243149 ns
[2020-09-11T19:12:05.965+0000][1][safepoint    ] Safepoint "Cleanup", Time since last: 1000145135 ns, Reaching safepoint: 139306 ns, At safepoint: 7212 ns, Total: 146518 ns
[2020-09-11T19:12:06.434+0000][1][safepoint    ] Safepoint "RevokeBias", Time since last: 469254849 ns, Reaching safepoint: 235964 ns, At safepoint: 48554 ns, Total: 284518 ns
[2020-09-11T19:12:06.437+0000][1][safepoint    ] Safepoint "RevokeBias", Time since last: 2824079 ns, Reaching safepoint: 289216 ns, At safepoint: 40178 ns, Total: 329394 ns
[2020-09-11T19:12:06.584+0000][1][safepoint    ] Safepoint "RevokeBias", Time since last: 146343617 ns, Reaching safepoint: 247392 ns, At safepoint: 24954 ns, Total: 272346 ns
[2020-09-11T19:12:07.584+0000][1][safepoint    ] Safepoint "Cleanup", Time since last: 1000139942 ns, Reaching safepoint: 174209 ns, At safepoint: 8638 ns, Total: 182847 ns
[2020-09-11T19:12:08.500+0000][1][gc,start     ] GC(373) Pause Young (Allocation Failure)
[2020-09-11T19:12:08.500+0000][1][gc,task      ] GC(373) Using 1 workers of 1 for evacuation
[2020-09-11T19:12:08.519+0000][1][gc,age       ] GC(373) Desired survivor size 4358144 bytes, new threshold 6 (max threshold 6)
[2020-09-11T19:12:08.519+0000][1][gc,age       ] GC(373) Age table with threshold 6 (max threshold 6)
[2020-09-11T19:12:08.519+0000][1][gc,age       ] GC(373) - age   1:     322936 bytes,     322936 total
[2020-09-11T19:12:08.519+0000][1][gc,age       ] GC(373) - age   2:     283760 bytes,     606696 total
[2020-09-11T19:12:08.519+0000][1][gc,age       ] GC(373) - age   3:      26456 bytes,     633152 total
[2020-09-11T19:12:08.519+0000][1][gc,age       ] GC(373) - age   4:      92728 bytes,     725880 total
[2020-09-11T19:12:08.519+0000][1][gc,age       ] GC(373) - age   5:      16512 bytes,     742392 total
[2020-09-11T19:12:08.519+0000][1][gc,age       ] GC(373) - age   6:      16080 bytes,     758472 total
[2020-09-11T19:12:08.519+0000][1][gc,heap      ] GC(373) ParNew: 68961K->1052K(76672K)
[2020-09-11T19:12:08.519+0000][1][gc,heap      ] GC(373) CMS: 212389K->212406K(2011968K)
[2020-09-11T19:12:08.519+0000][1][gc,metaspace ] GC(373) Metaspace: 100443K->100443K(1142784K)
[2020-09-11T19:12:08.519+0000][1][gc           ] GC(373) Pause Young (Allocation Failure) 274M->208M(2039M) 18.837ms
[2020-09-11T19:12:08.519+0000][1][gc,cpu       ] GC(373) User=0.02s Sys=0.00s Real=0.02s
[2020-09-11T19:12:08.519+0000][1][safepoint    ] Safepoint "GenCollectForAllocation", Time since last: 911967745 ns, Reaching safepoint: 3668222 ns, At safepoint: 18914253 ns, Total: 22582475 ns
[2020-09-11T19:12:09.523+0000][1][safepoint    ] Safepoint "Cleanup", Time since last: 1003586165 ns, Reaching safepoint: 194047 ns, At safepoint: 49838 ns, Total: 243885 ns
[2020-09-11T19:12:10.523+0000][1][safepoint    ] Safepoint "Cleanup", Time since last: 1000191661 ns, Reaching safepoint: 135827 ns, At safepoint: 7019 ns, Total: 142846 ns
[2020-09-11T19:12:11.523+0000][1][safepoint    ] Safepoint "Cleanup", Time since last: 1000158765 ns, Reaching safepoint: 127749 ns, At safepoint: 8890 ns, Total: 136639 ns
[2020-09-11T19:12:12.524+0000][1][safepoint    ] Safepoint "Cleanup", Time since last: 1000166383 ns, Reaching safepoint: 133586 ns, At safepoint: 7557 ns, Total: 141143 ns
[2020-09-11T19:12:13.524+0000][1][safepoint    ] Safepoint "Cleanup", Time since last: 1000265685 ns, Reaching safepoint: 110617 ns, At safepoint: 9649 ns, Total: 120266 ns
[2020-09-11T19:12:14.524+0000][1][safepoint    ] Safepoint "Cleanup", Time since last: 1000160210 ns, Reaching safepoint: 129652 ns, At safepoint: 7732 ns, Total: 137384 ns
[2020-09-11T19:12:15.525+0000][1][safepoint    ] Safepoint "Cleanup", Time since last: 1000126661 ns, Reaching safepoint: 182883 ns, At safepoint: 19524 ns, Total: 202407 ns
[2020-09-11T19:12:16.525+0000][1][safepoint    ] Safepoint "Cleanup", Time since last: 1000245765 ns, Reaching safepoint: 157521 ns, At safepoint: 17948 ns, Total: 175469 ns
[2020-09-11T19:12:17.525+0000][1][safepoint    ] Safepoint "Cleanup", Time since last: 1000163128 ns, Reaching safepoint: 85580 ns, At safepoint: 7156 ns, Total: 92736 ns
[2020-09-11T19:12:18.526+0000][1][safepoint    ] Safepoint "Cleanup", Time since last: 1000225888 ns, Reaching safepoint: 172503 ns, At safepoint: 18301 ns, Total: 190804 ns
[2020-09-11T19:12:19.526+0000][1][safepoint    ] Safepoint "Cleanup", Time since last: 1000441634 ns, Reaching safepoint: 154711 ns, At safepoint: 6964 ns, Total: 161675 ns
[2020-09-11T19:12:20.527+0000][1][safepoint    ] Safepoint "Cleanup", Time since last: 1000145703 ns, Reaching safepoint: 181396 ns, At safepoint: 24315 ns, Total: 205711 ns
[2020-09-11T19:12:21.527+0000][1][safepoint    ] Safepoint "Cleanup", Time since last: 1000263927 ns, Reaching safepoint: 118606 ns, At safepoint: 9177 ns, Total: 127783 ns
[2020-09-11T19:12:21.885+0000][1][safepoint    ] Safepoint "RevokeBias", Time since last: 357690051 ns, Reaching safepoint: 164629 ns, At safepoint: 56809 ns, Total: 221438 ns
[2020-09-11T19:12:22.885+0000][1][safepoint    ] Safepoint "Cleanup", Time since last: 1000186844 ns, Reaching safepoint: 166316 ns, At safepoint: 17870 ns, Total: 184186 ns
[2020-09-11T19:12:23.886+0000][1][safepoint    ] Safepoint "Cleanup", Time since last: 1000219401 ns, Reaching safepoint: 129954 ns, At safepoint: 7759 ns, Total: 137713 ns
[2020-09-11T19:12:24.886+0000][1][safepoint    ] Safepoint "Cleanup", Time since last: 1000157179 ns, Reaching safepoint: 181086 ns, At safepoint: 17523 ns, Total: 198609 ns
[2020-09-11T19:12:25.887+0000][1][safepoint    ] Safepoint "Cleanup", Time since last: 1000237860 ns, Reaching safepoint: 194587 ns, At safepoint: 19594 ns, Total: 214181 ns
[2020-09-11T19:12:26.887+0000][1][safepoint    ] Safepoint "Cleanup", Time since last: 1000204037 ns, Reaching safepoint: 163393 ns, At safepoint: 18499 ns, Total: 181892 ns
[2020-09-11T19:12:28.080+0000][1][safepoint    ] Safepoint "Cleanup", Time since last: 1192983505 ns, Reaching safepoint: 184235 ns, At safepoint: 16450 ns, Total: 200685 ns
[2020-09-11T19:12:29.081+0000][1][safepoint    ] Safepoint "Cleanup", Time since last: 1000152395 ns, Reaching safepoint: 157700 ns, At safepoint: 8462 ns, Total: 166162 ns
[2020-09-11T19:12:34.445+0000][1][gc,start     ] GC(374) Pause Young (Allocation Failure)
[2020-09-11T19:12:34.445+0000][1][gc,task      ] GC(374) Using 1 workers of 1 for evacuation
[2020-09-11T19:12:34.470+0000][1][gc,age       ] GC(374) Desired survivor size 4358144 bytes, new threshold 6 (max threshold 6)
[2020-09-11T19:12:34.470+0000][1][gc,age       ] GC(374) Age table with threshold 6 (max threshold 6)
[2020-09-11T19:12:34.470+0000][1][gc,age       ] GC(374) - age   1:     290448 bytes,     290448 total
[2020-09-11T19:12:34.470+0000][1][gc,age       ] GC(374) - age   2:     150504 bytes,     440952 total
[2020-09-11T19:12:34.470+0000][1][gc,age       ] GC(374) - age   3:     222600 bytes,     663552 total
[2020-09-11T19:12:34.470+0000][1][gc,age       ] GC(374) - age   4:      25080 bytes,     688632 total
[2020-09-11T19:12:34.470+0000][1][gc,age       ] GC(374) - age   5:      91064 bytes,     779696 total
[2020-09-11T19:12:34.470+0000][1][gc,age       ] GC(374) - age   6:      16240 bytes,     795936 total
[2020-09-11T19:12:34.470+0000][1][gc,heap      ] GC(374) ParNew: 69212K->1374K(76672K)
[2020-09-11T19:12:34.470+0000][1][gc,heap      ] GC(374) CMS: 212406K->212422K(2011968K)
[2020-09-11T19:12:34.470+0000][1][gc,metaspace ] GC(374) Metaspace: 100443K->100443K(1142784K)
[2020-09-11T19:12:34.470+0000][1][gc           ] GC(374) Pause Young (Allocation Failure) 275M->208M(2039M) 25.363ms
[2020-09-11T19:12:34.470+0000][1][gc,cpu       ] GC(374) User=0.02s Sys=0.00s Real=0.02s
[2020-09-11T19:12:34.480+0000][1][safepoint    ] Safepoint "GenCollectForAllocation", Time since last: 5364219280 ns, Reaching safepoint: 332970 ns, At safepoint: 34898746 ns, Total: 35231716 ns
[2020-09-11T19:12:35.506+0000][1][safepoint    ] Safepoint "Cleanup", Time since last: 1025910698 ns, Reaching safepoint: 218336 ns, At safepoint: 21261 ns, Total: 239597 ns
[2020-09-11T19:12:36.506+0000][1][safepoint    ] Safepoint "Cleanup", Time since last: 1000202759 ns, Reaching safepoint: 168970 ns, At safepoint: 7469 ns, Total: 176439 ns
[2020-09-11T19:12:37.507+0000][1][safepoint    ] Safepoint "Cleanup", Time since last: 1000177194 ns, Reaching safepoint: 118804 ns, At safepoint: 8045 ns, Total: 126849 ns
[2020-09-11T19:12:38.508+0000][1][safepoint    ] Safepoint "Cleanup", Time since last: 1000698815 ns, Reaching safepoint: 99594 ns, At safepoint: 9494 ns, Total: 109088 ns
[2020-09-11T19:12:39.515+0000][1][safepoint    ] Safepoint "Cleanup", Time since last: 1000387211 ns, Reaching safepoint: 6607354 ns, At safepoint: 31756 ns, Total: 6639110 ns
[2020-09-11T19:12:40.515+0000][1][safepoint    ] Safepoint "Cleanup", Time since last: 1000195606 ns, Reaching safepoint: 151682 ns, At safepoint: 17306 ns, Total: 168988 ns
[2020-09-11T19:12:41.515+0000][1][safepoint    ] Safepoint "Cleanup", Time since last: 1000140124 ns, Reaching safepoint: 84479 ns, At safepoint: 6746 ns, Total: 91225 ns
[2020-09-11T19:12:42.516+0000][1][safepoint    ] Safepoint "Cleanup", Time since last: 1000165484 ns, Reaching safepoint: 112216 ns, At safepoint: 7273 ns, Total: 119489 ns
[2020-09-11T19:12:43.516+0000][1][safepoint    ] Safepoint "Cleanup", Time since last: 1000134616 ns, Reaching safepoint: 113307 ns, At safepoint: 6162 ns, Total: 119469 ns
[2020-09-11T19:12:44.516+0000][1][safepoint    ] Safepoint "Cleanup", Time since last: 1000125529 ns, Reaching safepoint: 192171 ns, At safepoint: 16050 ns, Total: 208221 ns
[2020-09-11T19:12:45.516+0000][1][safepoint    ] Safepoint "Cleanup", Time since last: 1000179305 ns, Reaching safepoint: 160004 ns, At safepoint: 15846 ns, Total: 175850 ns
[2020-09-11T19:12:46.517+0000][1][safepoint    ] Safepoint "Cleanup", Time since last: 1000147012 ns, Reaching safepoint: 125344 ns, At safepoint: 7608 ns, Total: 132952 ns
[2020-09-11T19:12:47.746+0000][1][safepoint    ] Safepoint "Cleanup", Time since last: 1229112442 ns, Reaching safepoint: 121139 ns, At safepoint: 6876 ns, Total: 128015 ns
[2020-09-11T19:12:48.427+0000][1][gc,start     ] GC(375) Pause Young (Allocation Failure)
[2020-09-11T19:12:48.427+0000][1][gc,task      ] GC(375) Using 1 workers of 1 for evacuation
[2020-09-11T19:12:48.456+0000][1][gc,age       ] GC(375) Desired survivor size 4358144 bytes, new threshold 6 (max threshold 6)
[2020-09-11T19:12:48.456+0000][1][gc,age       ] GC(375) Age table with threshold 6 (max threshold 6)
[2020-09-11T19:12:48.456+0000][1][gc,age       ] GC(375) - age   1:     320544 bytes,     320544 total
[2020-09-11T19:12:48.456+0000][1][gc,age       ] GC(375) - age   2:      30296 bytes,     350840 total
[2020-09-11T19:12:48.456+0000][1][gc,age       ] GC(375) - age   3:     149528 bytes,     500368 total
[2020-09-11T19:12:48.456+0000][1][gc,age       ] GC(375) - age   4:     208256 bytes,     708624 total
[2020-09-11T19:12:48.457+0000][1][gc,age       ] GC(375) - age   5:      19136 bytes,     727760 total
[2020-09-11T19:12:48.457+0000][1][gc,age       ] GC(375) - age   6:      91064 bytes,     818824 total
[2020-09-11T19:12:48.457+0000][1][gc,heap      ] GC(375) ParNew: 69534K->1005K(76672K)
[2020-09-11T19:12:48.457+0000][1][gc,heap      ] GC(375) CMS: 212422K->212438K(2011968K)
[2020-09-11T19:12:48.457+0000][1][gc,metaspace ] GC(375) Metaspace: 100447K->100447K(1142784K)
[2020-09-11T19:12:48.457+0000][1][gc           ] GC(375) Pause Young (Allocation Failure) 275M->208M(2039M) 29.589ms
[2020-09-11T19:12:48.457+0000][1][gc,cpu       ] GC(375) User=0.01s Sys=0.00s Real=0.03s
[2020-09-11T19:12:48.457+0000][1][safepoint    ] Safepoint "GenCollectForAllocation", Time since last: 679478738 ns, Reaching safepoint: 1523311 ns, At safepoint: 29656933 ns, Total: 31180244 ns
[2020-09-11T19:12:49.460+0000][1][safepoint    ] Safepoint "Cleanup", Time since last: 1003587856 ns, Reaching safepoint: 90617 ns, At safepoint: 8076 ns, Total: 98693 ns
[2020-09-11T19:12:50.555+0000][1][safepoint    ] Safepoint "Cleanup", Time since last: 1000135980 ns, Reaching safepoint: 94624950 ns, At safepoint: 17944 ns, Total: 94642894 ns
[2020-09-11T19:12:51.555+0000][1][safepoint    ] Safepoint "Cleanup", Time since last: 1000183420 ns, Reaching safepoint: 111749 ns, At safepoint: 7731 ns, Total: 119480 ns
[2020-09-11T19:12:52.556+0000][1][safepoint    ] Safepoint "Cleanup", Time since last: 1000187774 ns, Reaching safepoint: 120903 ns, At safepoint: 7995 ns, Total: 128898 ns
[2020-09-11T19:12:53.556+0000][1][safepoint    ] Safepoint "Cleanup", Time since last: 1000152624 ns, Reaching safepoint: 134960 ns, At safepoint: 6983 ns, Total: 141943 ns
[2020-09-11T19:12:54.556+0000][1][safepoint    ] Safepoint "Cleanup", Time since last: 1000143892 ns, Reaching safepoint: 123313 ns, At safepoint: 6200 ns, Total: 129513 ns
[2020-09-11T19:12:55.557+0000][1][safepoint    ] Safepoint "Cleanup", Time since last: 1000253123 ns, Reaching safepoint: 205281 ns, At safepoint: 8085 ns, Total: 213366 ns
[2020-09-11T19:12:55.731+0000][1][safepoint    ] Safepoint "RevokeBias", Time since last: 174042753 ns, Reaching safepoint: 104656 ns, At safepoint: 20610 ns, Total: 125266 ns
[2020-09-11T19:12:56.731+0000][1][safepoint    ] Safepoint "Cleanup", Time since last: 1000160161 ns, Reaching safepoint: 125249 ns, At safepoint: 8706 ns, Total: 133955 ns
[2020-09-11T19:12:57.732+0000][1][safepoint    ] Safepoint "Cleanup", Time since last: 1000215569 ns, Reaching safepoint: 155611 ns, At safepoint: 17801 ns, Total: 173412 ns
[2020-09-11T19:12:58.732+0000][1][safepoint    ] Safepoint "Cleanup", Time since last: 1000174416 ns, Reaching safepoint: 184872 ns, At safepoint: 8290 ns, Total: 193162 ns
[2020-09-11T19:12:59.732+0000][1][safepoint    ] Safepoint "Cleanup", Time since last: 1000200649 ns, Reaching safepoint: 153546 ns, At safepoint: 8614 ns, Total: 162160 ns
[2020-09-11T19:13:00.733+0000][1][safepoint    ] Safepoint "Cleanup", Time since last: 1000170459 ns, Reaching safepoint: 110095 ns, At safepoint: 7538 ns, Total: 117633 ns
[2020-09-11T19:13:01.911+0000][1][safepoint    ] Safepoint "Cleanup", Time since last: 1178393695 ns, Reaching safepoint: 152631 ns, At safepoint: 8135 ns, Total: 160766 ns
[2020-09-11T19:13:02.912+0000][1][safepoint    ] Safepoint "Cleanup", Time since last: 1000156499 ns, Reaching safepoint: 176422 ns, At safepoint: 18706 ns, Total: 195128 ns
[2020-09-11T19:13:03.912+0000][1][safepoint    ] Safepoint "Cleanup", Time since last: 1000240656 ns, Reaching safepoint: 126491 ns, At safepoint: 8586 ns, Total: 135077 ns
[2020-09-11T19:13:04.555+0000][1][gc,start     ] GC(376) Pause Young (Allocation Failure)
[2020-09-11T19:13:04.555+0000][1][gc,task      ] GC(376) Using 1 workers of 1 for evacuation
[2020-09-11T19:13:04.570+0000][1][gc,age       ] GC(376) Desired survivor size 4358144 bytes, new threshold 6 (max threshold 6)
[2020-09-11T19:13:04.570+0000][1][gc,age       ] GC(376) Age table with threshold 6 (max threshold 6)
[2020-09-11T19:13:04.570+0000][1][gc,age       ] GC(376) - age   1:     294896 bytes,     294896 total
[2020-09-11T19:13:04.570+0000][1][gc,age       ] GC(376) - age   2:     127224 bytes,     422120 total
[2020-09-11T19:13:04.570+0000][1][gc,age       ] GC(376) - age   3:      18616 bytes,     440736 total
[2020-09-11T19:13:04.570+0000][1][gc,age       ] GC(376) - age   4:     138808 bytes,     579544 total
[2020-09-11T19:13:04.570+0000][1][gc,age       ] GC(376) - age   5:     206984 bytes,     786528 total
[2020-09-11T19:13:04.570+0000][1][gc,age       ] GC(376) - age   6:      19136 bytes,     805664 total
[2020-09-11T19:13:04.571+0000][1][gc,heap      ] GC(376) ParNew: 69165K->1313K(76672K)
[2020-09-11T19:13:04.571+0000][1][gc,heap      ] GC(376) CMS: 212438K->212527K(2011968K)
[2020-09-11T19:13:04.571+0000][1][gc,metaspace ] GC(376) Metaspace: 100447K->100447K(1142784K)
[2020-09-11T19:13:04.571+0000][1][gc           ] GC(376) Pause Young (Allocation Failure) 275M->208M(2039M) 15.514ms
[2020-09-11T19:13:04.571+0000][1][gc,cpu       ] GC(376) User=0.01s Sys=0.00s Real=0.02s
[2020-09-11T19:13:04.571+0000][1][safepoint    ] Safepoint "GenCollectForAllocation", Time since last: 642862175 ns, Reaching safepoint: 259279 ns, At safepoint: 15600979 ns, Total: 15860258 ns
[2020-09-11T19:13:05.574+0000][1][safepoint    ] Safepoint "Cleanup", Time since last: 1003297367 ns, Reaching safepoint: 86179 ns, At safepoint: 6821 ns, Total: 93000 ns
[2020-09-11T19:13:06.675+0000][1][safepoint    ] Safepoint "Cleanup", Time since last: 1101037020 ns, Reaching safepoint: 127658 ns, At safepoint: 8557 ns, Total: 136215 ns
[2020-09-11T19:13:07.676+0000][1][safepoint    ] Safepoint "Cleanup", Time since last: 1000145662 ns, Reaching safepoint: 170844 ns, At safepoint: 9400 ns, Total: 180244 ns
[2020-09-11T19:13:08.676+0000][1][safepoint    ] Safepoint "Cleanup", Time since last: 1000122509 ns, Reaching safepoint: 91825 ns, At safepoint: 7588 ns, Total: 99413 ns
[2020-09-11T19:13:09.676+0000][1][safepoint    ] Safepoint "Cleanup", Time since last: 1000142704 ns, Reaching safepoint: 257378 ns, At safepoint: 20363 ns, Total: 277741 ns
[2020-09-11T19:13:10.677+0000][1][safepoint    ] Safepoint "Cleanup", Time since last: 1000203789 ns, Reaching safepoint: 206779 ns, At safepoint: 23754 ns, Total: 230533 ns
[2020-09-11T19:13:11.677+0000][1][safepoint    ] Safepoint "Cleanup", Time since last: 1000194125 ns, Reaching safepoint: 82128 ns, At safepoint: 7074 ns, Total: 89202 ns
[2020-09-11T19:13:12.677+0000][1][safepoint    ] Safepoint "Cleanup", Time since last: 1000142210 ns, Reaching safepoint: 177552 ns, At safepoint: 19113 ns, Total: 196665 ns
[2020-09-11T19:13:13.677+0000][1][safepoint    ] Safepoint "Cleanup", Time since last: 1000164300 ns, Reaching safepoint: 96670 ns, At safepoint: 11451 ns, Total: 108121 ns
[2020-09-11T19:13:14.678+0000][1][safepoint    ] Safepoint "Cleanup", Time since last: 1000188294 ns, Reaching safepoint: 118989 ns, At safepoint: 7487 ns, Total: 126476 ns
[2020-09-11T19:13:15.678+0000][1][safepoint    ] Safepoint "Cleanup", Time since last: 1000154682 ns, Reaching safepoint: 95163 ns, At safepoint: 10612 ns, Total: 105775 ns
[2020-09-11T19:13:16.678+0000][1][safepoint    ] Safepoint "Cleanup", Time since last: 1000150293 ns, Reaching safepoint: 160247 ns, At safepoint: 17169 ns, Total: 177416 ns
[2020-09-11T19:13:17.679+0000][1][safepoint    ] Safepoint "Cleanup", Time since last: 1000186846 ns, Reaching safepoint: 230246 ns, At safepoint: 17283 ns, Total: 247529 ns
[2020-09-11T19:13:18.679+0000][1][safepoint    ] Safepoint "Cleanup", Time since last: 1000211599 ns, Reaching safepoint: 134607 ns, At safepoint: 7253 ns, Total: 141860 ns
[2020-09-11T19:13:19.680+0000][1][safepoint    ] Safepoint "Cleanup", Time since last: 1000180757 ns, Reaching safepoint: 222983 ns, At safepoint: 19053 ns, Total: 242036 ns
[2020-09-11T19:13:20.680+0000][1][safepoint    ] Safepoint "Cleanup", Time since last: 1000279806 ns, Reaching safepoint: 120629 ns, At safepoint: 6893 ns, Total: 127522 ns
[2020-09-11T19:13:21.680+0000][1][safepoint    ] Safepoint "Cleanup", Time since last: 1000109997 ns, Reaching safepoint: 164846 ns, At safepoint: 8482 ns, Total: 173328 ns
[2020-09-11T19:13:22.681+0000][1][safepoint    ] Safepoint "Cleanup", Time since last: 1000141975 ns, Reaching safepoint: 124897 ns, At safepoint: 7470 ns, Total: 132367 ns
[2020-09-11T19:13:23.681+0000][1][safepoint    ] Safepoint "Cleanup", Time since last: 1000145654 ns, Reaching safepoint: 166828 ns, At safepoint: 16441 ns, Total: 183269 ns
[2020-09-11T19:13:24.681+0000][1][safepoint    ] Safepoint "Cleanup", Time since last: 1000180966 ns, Reaching safepoint: 162090 ns, At safepoint: 16338 ns, Total: 178428 ns
[2020-09-11T19:13:25.682+0000][1][safepoint    ] Safepoint "Cleanup", Time since last: 1000191812 ns, Reaching safepoint: 131064 ns, At safepoint: 7866 ns, Total: 138930 ns
[2020-09-11T19:13:26.682+0000][1][safepoint    ] Safepoint "Cleanup", Time since last: 1000150850 ns, Reaching safepoint: 143254 ns, At safepoint: 9958 ns, Total: 153212 ns
[2020-09-11T19:13:27.682+0000][1][safepoint    ] Safepoint "Cleanup", Time since last: 1000160723 ns, Reaching safepoint: 167640 ns, At safepoint: 8390 ns, Total: 176030 ns
[2020-09-11T19:13:28.432+0000][1][gc,start     ] GC(377) Pause Young (Allocation Failure)
[2020-09-11T19:13:28.433+0000][1][gc,task      ] GC(377) Using 1 workers of 1 for evacuation
[2020-09-11T19:13:28.459+0000][1][gc,age       ] GC(377) Desired survivor size 4358144 bytes, new threshold 6 (max threshold 6)
[2020-09-11T19:13:28.459+0000][1][gc,age       ] GC(377) Age table with threshold 6 (max threshold 6)
[2020-09-11T19:13:28.459+0000][1][gc,age       ] GC(377) - age   1:     269416 bytes,     269416 total
[2020-09-11T19:13:28.459+0000][1][gc,age       ] GC(377) - age   2:      99848 bytes,     369264 total
[2020-09-11T19:13:28.459+0000][1][gc,age       ] GC(377) - age   3:     105840 bytes,     475104 total
[2020-09-11T19:13:28.459+0000][1][gc,age       ] GC(377) - age   4:      15872 bytes,     490976 total
[2020-09-11T19:13:28.459+0000][1][gc,age       ] GC(377) - age   5:     138776 bytes,     629752 total
[2020-09-11T19:13:28.459+0000][1][gc,age       ] GC(377) - age   6:     206952 bytes,     836704 total
[2020-09-11T19:13:28.459+0000][1][gc,heap      ] GC(377) ParNew: 69473K->918K(76672K)
[2020-09-11T19:13:28.459+0000][1][gc,heap      ] GC(377) CMS: 212527K->212546K(2011968K)
[2020-09-11T19:13:28.459+0000][1][gc,metaspace ] GC(377) Metaspace: 100447K->100447K(1142784K)
[2020-09-11T19:13:28.459+0000][1][gc           ] GC(377) Pause Young (Allocation Failure) 275M->208M(2039M) 26.288ms
[2020-09-11T19:13:28.459+0000][1][gc,cpu       ] GC(377) User=0.02s Sys=0.00s Real=0.03s
[2020-09-11T19:13:28.459+0000][1][safepoint    ] Safepoint "GenCollectForAllocation", Time since last: 750056707 ns, Reaching safepoint: 165438 ns, At safepoint: 26361310 ns, Total: 26526748 ns
[2020-09-11T19:13:29.464+0000][1][safepoint    ] Safepoint "Cleanup", Time since last: 1004850479 ns, Reaching safepoint: 133154 ns, At safepoint: 8115 ns, Total: 141269 ns
[2020-09-11T19:13:30.464+0000][1][safepoint    ] Safepoint "Cleanup", Time since last: 1000196756 ns, Reaching safepoint: 234202 ns, At safepoint: 19294 ns, Total: 253496 ns
[2020-09-11T19:13:31.465+0000][1][safepoint    ] Safepoint "Cleanup", Time since last: 1000206221 ns, Reaching safepoint: 170246 ns, At safepoint: 19201 ns, Total: 189447 ns
[2020-09-11T19:13:32.465+0000][1][safepoint    ] Safepoint "Cleanup", Time since last: 1000238087 ns, Reaching safepoint: 114024 ns, At safepoint: 7774 ns, Total: 121798 ns
[2020-09-11T19:13:33.465+0000][1][safepoint    ] Safepoint "Cleanup", Time since last: 1000158921 ns, Reaching safepoint: 134375 ns, At safepoint: 8216 ns, Total: 142591 ns
[2020-09-11T19:13:34.466+0000][1][safepoint    ] Safepoint "Cleanup", Time since last: 1000137599 ns, Reaching safepoint: 172073 ns, At safepoint: 16926 ns, Total: 188999 ns
[2020-09-11T19:13:35.466+0000][1][safepoint    ] Safepoint "Cleanup", Time since last: 1000211971 ns, Reaching safepoint: 124024 ns, At safepoint: 7900 ns, Total: 131924 ns
[2020-09-11T19:13:36.800+0000][1][safepoint    ] Safepoint "Cleanup", Time since last: 1333882284 ns, Reaching safepoint: 136442 ns, At safepoint: 8610 ns, Total: 145052 ns
[2020-09-11T19:13:37.874+0000][1][safepoint    ] Safepoint "Cleanup", Time since last: 1074115597 ns, Reaching safepoint: 117001 ns, At safepoint: 7727 ns, Total: 124728 ns
[2020-09-11T19:13:38.875+0000][1][safepoint    ] Safepoint "Cleanup", Time since last: 1000196881 ns, Reaching safepoint: 136980 ns, At safepoint: 8432 ns, Total: 145412 ns
[2020-09-11T19:13:39.875+0000][1][safepoint    ] Safepoint "Cleanup", Time since last: 1000161149 ns, Reaching safepoint: 174964 ns, At safepoint: 19227 ns, Total: 194191 ns
[2020-09-11T19:13:40.875+0000][1][safepoint    ] Safepoint "Cleanup", Time since last: 1000214287 ns, Reaching safepoint: 122928 ns, At safepoint: 8459 ns, Total: 131387 ns
[2020-09-11T19:13:41.876+0000][1][safepoint    ] Safepoint "Cleanup", Time since last: 1000193367 ns, Reaching safepoint: 193910 ns, At safepoint: 21172 ns, Total: 215082 ns
[2020-09-11T19:13:42.876+0000][1][safepoint    ] Safepoint "Cleanup", Time since last: 1000192081 ns, Reaching safepoint: 243009 ns, At safepoint: 9178 ns, Total: 252187 ns
[2020-09-11T19:13:43.876+0000][1][safepoint    ] Safepoint "Cleanup", Time since last: 1000164574 ns, Reaching safepoint: 89102 ns, At safepoint: 23276 ns, Total: 112378 ns
[2020-09-11T19:13:44.877+0000][1][safepoint    ] Safepoint "Cleanup", Time since last: 1000191423 ns, Reaching safepoint: 118507 ns, At safepoint: 8742 ns, Total: 127249 ns
[2020-09-11T19:13:45.877+0000][1][safepoint    ] Safepoint "Cleanup", Time since last: 1000212076 ns, Reaching safepoint: 121283 ns, At safepoint: 8298 ns, Total: 129581 ns
[2020-09-11T19:13:46.877+0000][1][safepoint    ] Safepoint "Cleanup", Time since last: 1000186667 ns, Reaching safepoint: 116299 ns, At safepoint: 8924 ns, Total: 125223 ns
[2020-09-11T19:13:47.878+0000][1][safepoint    ] Safepoint "Cleanup", Time since last: 1000162612 ns, Reaching safepoint: 171823 ns, At safepoint: 19144 ns, Total: 190967 ns
[2020-09-11T19:13:48.878+0000][1][safepoint    ] Safepoint "Cleanup", Time since last: 1000219722 ns, Reaching safepoint: 119882 ns, At safepoint: 9778 ns, Total: 129660 ns
[2020-09-11T19:13:49.770+0000][1][gc,start     ] GC(378) Pause Young (Allocation Failure)
[2020-09-11T19:13:49.770+0000][1][gc,task      ] GC(378) Using 1 workers of 1 for evacuation
[2020-09-11T19:13:49.795+0000][1][gc,age       ] GC(378) Desired survivor size 4358144 bytes, new threshold 6 (max threshold 6)
[2020-09-11T19:13:49.795+0000][1][gc,age       ] GC(378) Age table with threshold 6 (max threshold 6)
[2020-09-11T19:13:49.795+0000][1][gc,age       ] GC(378) - age   1:     227704 bytes,     227704 total
[2020-09-11T19:13:49.795+0000][1][gc,age       ] GC(378) - age   2:     126568 bytes,     354272 total
[2020-09-11T19:13:49.795+0000][1][gc,age       ] GC(378) - age   3:      82952 bytes,     437224 total
[2020-09-11T19:13:49.795+0000][1][gc,age       ] GC(378) - age   4:      90640 bytes,     527864 total
[2020-09-11T19:13:49.795+0000][1][gc,age       ] GC(378) - age   5:      15832 bytes,     543696 total
[2020-09-11T19:13:49.795+0000][1][gc,age       ] GC(378) - age   6:     138776 bytes,     682472 total
[2020-09-11T19:13:49.795+0000][1][gc,heap      ] GC(378) ParNew: 69078K->727K(76672K)
[2020-09-11T19:13:49.795+0000][1][gc,heap      ] GC(378) CMS: 212546K->212756K(2011968K)
[2020-09-11T19:13:49.795+0000][1][gc,metaspace ] GC(378) Metaspace: 100447K->100447K(1142784K)
[2020-09-11T19:13:49.795+0000][1][gc           ] GC(378) Pause Young (Allocation Failure) 275M->208M(2039M) 25.115ms
[2020-09-11T19:13:49.795+0000][1][gc,cpu       ] GC(378) User=0.01s Sys=0.00s Real=0.02s
[2020-09-11T19:13:49.797+0000][1][safepoint    ] Safepoint "GenCollectForAllocation", Time since last: 891474323 ns, Reaching safepoint: 205802 ns, At safepoint: 26815213 ns, Total: 27021015 ns
[2020-09-11T19:13:50.800+0000][1][safepoint    ] Safepoint "Cleanup", Time since last: 1003574321 ns, Reaching safepoint: 141803 ns, At safepoint: 8622 ns, Total: 150425 ns
[2020-09-11T19:13:51.801+0000][1][safepoint    ] Safepoint "Cleanup", Time since last: 1000115656 ns, Reaching safepoint: 113177 ns, At safepoint: 7249 ns, Total: 120426 ns
[2020-09-11T19:13:52.806+0000][1][safepoint    ] Safepoint "Cleanup", Time since last: 1005126670 ns, Reaching safepoint: 748984 ns, At safepoint: 24078 ns, Total: 773062 ns
[2020-09-11T19:13:53.807+0000][1][safepoint    ] Safepoint "Cleanup", Time since last: 1000275181 ns, Reaching safepoint: 104375 ns, At safepoint: 8777 ns, Total: 113152 ns
[2020-09-11T19:13:54.807+0000][1][safepoint    ] Safepoint "Cleanup", Time since last: 1000361126 ns, Reaching safepoint: 114769 ns, At safepoint: 8006 ns, Total: 122775 ns
[2020-09-11T19:14:00.676+0000][1][safepoint    ] Safepoint "RevokeBias", Time since last: 5864333161 ns, Reaching safepoint: 4466869 ns, At safepoint: 36900 ns, Total: 4503769 ns
[2020-09-11T19:14:00.677+0000][1][safepoint    ] Safepoint "RevokeBias", Time since last: 225310 ns, Reaching safepoint: 257992 ns, At safepoint: 18254 ns, Total: 276246 ns
[2020-09-11T19:14:01.560+0000][1][gc,start     ] GC(379) Pause Young (Allocation Failure)
[2020-09-11T19:14:01.560+0000][1][gc,task      ] GC(379) Using 1 workers of 1 for evacuation
[2020-09-11T19:14:01.592+0000][1][gc,age       ] GC(379) Desired survivor size 4358144 bytes, new threshold 6 (max threshold 6)
[2020-09-11T19:14:01.592+0000][1][gc,age       ] GC(379) Age table with threshold 6 (max threshold 6)
[2020-09-11T19:14:01.592+0000][1][gc,age       ] GC(379) - age   1:     375784 bytes,     375784 total
[2020-09-11T19:14:01.592+0000][1][gc,age       ] GC(379) - age   2:     100544 bytes,     476328 total
[2020-09-11T19:14:01.592+0000][1][gc,age       ] GC(379) - age   3:       9576 bytes,     485904 total
[2020-09-11T19:14:01.592+0000][1][gc,age       ] GC(379) - age   4:      82952 bytes,     568856 total
[2020-09-11T19:14:01.592+0000][1][gc,age       ] GC(379) - age   5:      89584 bytes,     658440 total
[2020-09-11T19:14:01.592+0000][1][gc,age       ] GC(379) - age   6:      15560 bytes,     674000 total
[2020-09-11T19:14:01.592+0000][1][gc,heap      ] GC(379) ParNew: 68887K->681K(76672K)
[2020-09-11T19:14:01.592+0000][1][gc,heap      ] GC(379) CMS: 212756K->212894K(2011968K)
[2020-09-11T19:14:01.592+0000][1][gc,metaspace ] GC(379) Metaspace: 100457K->100457K(1142784K)
[2020-09-11T19:14:01.592+0000][1][gc           ] GC(379) Pause Young (Allocation Failure) 275M->208M(2039M) 32.291ms
[2020-09-11T19:14:01.592+0000][1][gc,cpu       ] GC(379) User=0.01s Sys=0.01s Real=0.03s
[2020-09-11T19:14:01.598+0000][1][safepoint    ] Safepoint "GenCollectForAllocation", Time since last: 883062577 ns, Reaching safepoint: 197143 ns, At safepoint: 38279072 ns, Total: 38476215 ns
[2020-09-11T19:14:08.087+0000][1][safepoint    ] Safepoint "RevokeBias", Time since last: 6488716657 ns, Reaching safepoint: 190612 ns, At safepoint: 21907 ns, Total: 212519 ns
[2020-09-11T19:14:08.087+0000][1][safepoint    ] Safepoint "RevokeBias", Time since last: 86135 ns, Reaching safepoint: 124966 ns, At safepoint: 13953 ns, Total: 138919 ns
[2020-09-11T19:14:08.088+0000][1][safepoint    ] Safepoint "RevokeBias", Time since last: 33730 ns, Reaching safepoint: 115072 ns, At safepoint: 12909 ns, Total: 127981 ns
[2020-09-11T19:14:19.089+0000][1][safepoint    ] Safepoint "Cleanup", Time since last: 11001565583 ns, Reaching safepoint: 118951 ns, At safepoint: 8593 ns, Total: 127544 ns
[2020-09-11T19:14:23.090+0000][1][safepoint    ] Safepoint "Cleanup", Time since last: 4000509753 ns, Reaching safepoint: 144708 ns, At safepoint: 8585 ns, Total: 153293 ns
[2020-09-11T19:14:24.090+0000][1][safepoint    ] Safepoint "Cleanup", Time since last: 1000123841 ns, Reaching safepoint: 107776 ns, At safepoint: 7272 ns, Total: 115048 ns
[2020-09-11T19:14:25.090+0000][1][safepoint    ] Safepoint "Cleanup", Time since last: 1000141854 ns, Reaching safepoint: 134582 ns, At safepoint: 8172 ns, Total: 142754 ns
[2020-09-11T19:14:26.091+0000][1][safepoint    ] Safepoint "Cleanup", Time since last: 1000158547 ns, Reaching safepoint: 109820 ns, At safepoint: 8993 ns, Total: 118813 ns
[2020-09-11T19:14:27.091+0000][1][safepoint    ] Safepoint "Cleanup", Time since last: 1000149042 ns, Reaching safepoint: 166711 ns, At safepoint: 16013 ns, Total: 182724 ns
[2020-09-11T19:14:27.592+0000][1][gc,start     ] GC(380) Pause Young (Allocation Failure)
[2020-09-11T19:14:27.592+0000][1][gc,task      ] GC(380) Using 1 workers of 1 for evacuation
[2020-09-11T19:14:27.608+0000][1][gc,age       ] GC(380) Desired survivor size 4358144 bytes, new threshold 6 (max threshold 6)
[2020-09-11T19:14:27.608+0000][1][gc,age       ] GC(380) Age table with threshold 6 (max threshold 6)
[2020-09-11T19:14:27.608+0000][1][gc,age       ] GC(380) - age   1:     343928 bytes,     343928 total
[2020-09-11T19:14:27.608+0000][1][gc,age       ] GC(380) - age   2:      39480 bytes,     383408 total
[2020-09-11T19:14:27.608+0000][1][gc,age       ] GC(380) - age   3:      25376 bytes,     408784 total
[2020-09-11T19:14:27.608+0000][1][gc,age       ] GC(380) - age   4:       6936 bytes,     415720 total
[2020-09-11T19:14:27.608+0000][1][gc,age       ] GC(380) - age   5:      82640 bytes,     498360 total
[2020-09-11T19:14:27.608+0000][1][gc,age       ] GC(380) - age   6:      89456 bytes,     587816 total
[2020-09-11T19:14:27.608+0000][1][gc,heap      ] GC(380) ParNew: 68841K->664K(76672K)
[2020-09-11T19:14:27.608+0000][1][gc,heap      ] GC(380) CMS: 212894K->212909K(2011968K)
[2020-09-11T19:14:27.608+0000][1][gc,metaspace ] GC(380) Metaspace: 100457K->100457K(1142784K)
[2020-09-11T19:14:27.608+0000][1][gc           ] GC(380) Pause Young (Allocation Failure) 275M->208M(2039M) 15.935ms
[2020-09-11T19:14:27.608+0000][1][gc,cpu       ] GC(380) User=0.02s Sys=0.00s Real=0.02s
[2020-09-11T19:14:27.608+0000][1][safepoint    ] Safepoint "GenCollectForAllocation", Time since last: 501029203 ns, Reaching safepoint: 227492 ns, At safepoint: 16001648 ns, Total: 16229140 ns
[2020-09-11T19:14:28.609+0000][1][safepoint    ] Safepoint "Cleanup", Time since last: 1000864482 ns, Reaching safepoint: 97875 ns, At safepoint: 8022 ns, Total: 105897 ns
[2020-09-11T19:14:29.610+0000][1][safepoint    ] Safepoint "Cleanup", Time since last: 1000202975 ns, Reaching safepoint: 129238 ns, At safepoint: 7013 ns, Total: 136251 ns
[2020-09-11T19:14:30.610+0000][1][safepoint    ] Safepoint "Cleanup", Time since last: 1000182716 ns, Reaching safepoint: 161379 ns, At safepoint: 17697 ns, Total: 179076 ns
[2020-09-11T19:14:31.610+0000][1][safepoint    ] Safepoint "Cleanup", Time since last: 1000194936 ns, Reaching safepoint: 100855 ns, At safepoint: 7487 ns, Total: 108342 ns
[2020-09-11T19:14:32.611+0000][1][safepoint    ] Safepoint "Cleanup", Time since last: 1000150363 ns, Reaching safepoint: 128465 ns, At safepoint: 9150 ns, Total: 137615 ns
[2020-09-11T19:14:33.611+0000][1][safepoint    ] Safepoint "Cleanup", Time since last: 1000174786 ns, Reaching safepoint: 167974 ns, At safepoint: 18131 ns, Total: 186105 ns
[2020-09-11T19:14:34.611+0000][1][safepoint    ] Safepoint "Cleanup", Time since last: 1000182495 ns, Reaching safepoint: 135074 ns, At safepoint: 6956 ns, Total: 142030 ns
[2020-09-11T19:14:35.612+0000][1][safepoint    ] Safepoint "Cleanup", Time since last: 1000186121 ns, Reaching safepoint: 171529 ns, At safepoint: 18232 ns, Total: 189761 ns
[2020-09-11T19:14:36.686+0000][1][safepoint    ] Safepoint "Cleanup", Time since last: 1074322512 ns, Reaching safepoint: 182782 ns, At safepoint: 14650 ns, Total: 197432 ns
[2020-09-11T19:14:37.686+0000][1][safepoint    ] Safepoint "Cleanup", Time since last: 1000218328 ns, Reaching safepoint: 115009 ns, At safepoint: 7570 ns, Total: 122579 ns
[2020-09-11T19:14:38.687+0000][1][safepoint    ] Safepoint "Cleanup", Time since last: 1000152565 ns, Reaching safepoint: 183864 ns, At safepoint: 15702 ns, Total: 199566 ns
[2020-09-11T19:14:39.687+0000][1][safepoint    ] Safepoint "Cleanup", Time since last: 1000216078 ns, Reaching safepoint: 125804 ns, At safepoint: 6813 ns, Total: 132617 ns
[2020-09-11T19:14:40.688+0000][1][safepoint    ] Safepoint "Cleanup", Time since last: 1000301996 ns, Reaching safepoint: 125524 ns, At safepoint: 7003 ns, Total: 132527 ns
[2020-09-11T19:14:41.688+0000][1][safepoint    ] Safepoint "Cleanup", Time since last: 1000141130 ns, Reaching safepoint: 85679 ns, At safepoint: 6778 ns, Total: 92457 ns
[2020-09-11T19:14:42.688+0000][1][safepoint    ] Safepoint "Cleanup", Time since last: 1000150031 ns, Reaching safepoint: 175649 ns, At safepoint: 17794 ns, Total: 193443 ns
[2020-09-11T19:14:43.358+0000][1][gc,start     ] GC(381) Pause Young (Allocation Failure)
[2020-09-11T19:14:43.359+0000][1][gc,task      ] GC(381) Using 1 workers of 1 for evacuation
[2020-09-11T19:14:43.379+0000][1][gc,age       ] GC(381) Desired survivor size 4358144 bytes, new threshold 6 (max threshold 6)
[2020-09-11T19:14:43.379+0000][1][gc,age       ] GC(381) Age table with threshold 6 (max threshold 6)
[2020-09-11T19:14:43.379+0000][1][gc,age       ] GC(381) - age   1:     216568 bytes,     216568 total
[2020-09-11T19:14:43.379+0000][1][gc,age       ] GC(381) - age   2:     230968 bytes,     447536 total
[2020-09-11T19:14:43.379+0000][1][gc,age       ] GC(381) - age   3:      37176 bytes,     484712 total
[2020-09-11T19:14:43.379+0000][1][gc,age       ] GC(381) - age   4:       9536 bytes,     494248 total
[2020-09-11T19:14:43.379+0000][1][gc,age       ] GC(381) - age   5:       6936 bytes,     501184 total
[2020-09-11T19:14:43.379+0000][1][gc,age       ] GC(381) - age   6:      82544 bytes,     583728 total
[2020-09-11T19:14:43.379+0000][1][gc,heap      ] GC(381) ParNew: 68824K->596K(76672K)
[2020-09-11T19:14:43.379+0000][1][gc,heap      ] GC(381) CMS: 212909K->212997K(2011968K)
[2020-09-11T19:14:43.379+0000][1][gc,metaspace ] GC(381) Metaspace: 100457K->100457K(1142784K)
[2020-09-11T19:14:43.379+0000][1][gc           ] GC(381) Pause Young (Allocation Failure) 275M->208M(2039M) 20.747ms
[2020-09-11T19:14:43.379+0000][1][gc,cpu       ] GC(381) User=0.02s Sys=0.00s Real=0.02s
[2020-09-11T19:14:43.379+0000][1][safepoint    ] Safepoint "GenCollectForAllocation", Time since last: 670036198 ns, Reaching safepoint: 232912 ns, At safepoint: 20832755 ns, Total: 21065667 ns
[2020-09-11T19:14:44.380+0000][1][safepoint    ] Safepoint "Cleanup", Time since last: 1000971004 ns, Reaching safepoint: 140396 ns, At safepoint: 7547 ns, Total: 147943 ns
[2020-09-11T19:14:44.544+0000][1][safepoint    ] Safepoint "RevokeBias", Time since last: 163187463 ns, Reaching safepoint: 161917 ns, At safepoint: 19397 ns, Total: 181314 ns
[2020-09-11T19:14:44.544+0000][1][safepoint    ] Safepoint "BulkRevokeBias", Time since last: 102164 ns, Reaching safepoint: 218392 ns, At safepoint: 414063 ns, Total: 632455 ns
[2020-09-11T19:14:45.545+0000][1][safepoint    ] Safepoint "Cleanup", Time since last: 1000124223 ns, Reaching safepoint: 197742 ns, At safepoint: 16992 ns, Total: 214734 ns
[2020-09-11T19:14:45.570+0000][1][safepoint    ] Safepoint "RevokeBias", Time since last: 24942244 ns, Reaching safepoint: 246403 ns, At safepoint: 99128 ns, Total: 345531 ns
[2020-09-11T19:14:45.661+0000][1][safepoint    ] Safepoint "RevokeBias", Time since last: 90092589 ns, Reaching safepoint: 391197 ns, At safepoint: 210886 ns, Total: 602083 ns
[2020-09-11T19:14:46.661+0000][1][safepoint    ] Safepoint "Cleanup", Time since last: 1000193729 ns, Reaching safepoint: 127831 ns, At safepoint: 8666 ns, Total: 136497 ns
[2020-09-11T19:14:47.661+0000][1][safepoint    ] Safepoint "Cleanup", Time since last: 1000164818 ns, Reaching safepoint: 175803 ns, At safepoint: 12581 ns, Total: 188384 ns
[2020-09-11T19:14:48.662+0000][1][safepoint    ] Safepoint "Cleanup", Time since last: 1000142004 ns, Reaching safepoint: 174065 ns, At safepoint: 15779 ns, Total: 189844 ns
[2020-09-11T19:14:49.662+0000][1][safepoint    ] Safepoint "Cleanup", Time since last: 1000195853 ns, Reaching safepoint: 93051 ns, At safepoint: 8805 ns, Total: 101856 ns
[2020-09-11T19:14:50.662+0000][1][safepoint    ] Safepoint "Cleanup", Time since last: 1000148950 ns, Reaching safepoint: 153966 ns, At safepoint: 7803 ns, Total: 161769 ns
[2020-09-11T19:14:51.663+0000][1][safepoint    ] Safepoint "Cleanup", Time since last: 1000148033 ns, Reaching safepoint: 144239 ns, At safepoint: 7267 ns, Total: 151506 ns
[2020-09-11T19:14:52.663+0000][1][safepoint    ] Safepoint "Cleanup", Time since last: 1000135096 ns, Reaching safepoint: 158496 ns, At safepoint: 16628 ns, Total: 175124 ns
[2020-09-11T19:14:53.663+0000][1][safepoint    ] Safepoint "Cleanup", Time since last: 1000236571 ns, Reaching safepoint: 114800 ns, At safepoint: 8267 ns, Total: 123067 ns
[2020-09-11T19:14:54.664+0000][1][safepoint    ] Safepoint "Cleanup", Time since last: 1000153354 ns, Reaching safepoint: 157704 ns, At safepoint: 8338 ns, Total: 166042 ns
[2020-09-11T19:14:55.664+0000][1][safepoint    ] Safepoint "Cleanup", Time since last: 1000154544 ns, Reaching safepoint: 138539 ns, At safepoint: 7792 ns, Total: 146331 ns
[2020-09-11T19:14:56.664+0000][1][safepoint    ] Safepoint "Cleanup", Time since last: 1000144408 ns, Reaching safepoint: 131820 ns, At safepoint: 9926 ns, Total: 141746 ns
[2020-09-11T19:14:57.665+0000][1][safepoint    ] Safepoint "Cleanup", Time since last: 1000180409 ns, Reaching safepoint: 183032 ns, At safepoint: 21432 ns, Total: 204464 ns
[2020-09-11T19:14:58.665+0000][1][safepoint    ] Safepoint "Cleanup", Time since last: 1000175464 ns, Reaching safepoint: 138581 ns, At safepoint: 8318 ns, Total: 146899 ns
[2020-09-11T19:14:59.665+0000][1][safepoint    ] Safepoint "Cleanup", Time since last: 1000183353 ns, Reaching safepoint: 166170 ns, At safepoint: 19668 ns, Total: 185838 ns
[2020-09-11T19:14:59.697+0000][1][gc,start     ] GC(382) Pause Young (Allocation Failure)
[2020-09-11T19:14:59.697+0000][1][gc,task      ] GC(382) Using 1 workers of 1 for evacuation
[2020-09-11T19:14:59.712+0000][1][gc,age       ] GC(382) Desired survivor size 4358144 bytes, new threshold 6 (max threshold 6)
[2020-09-11T19:14:59.712+0000][1][gc,age       ] GC(382) Age table with threshold 6 (max threshold 6)
[2020-09-11T19:14:59.712+0000][1][gc,age       ] GC(382) - age   1:     355784 bytes,     355784 total
[2020-09-11T19:14:59.712+0000][1][gc,age       ] GC(382) - age   2:      67272 bytes,     423056 total
[2020-09-11T19:14:59.712+0000][1][gc,age       ] GC(382) - age   3:      53168 bytes,     476224 total
[2020-09-11T19:14:59.712+0000][1][gc,age       ] GC(382) - age   4:      35656 bytes,     511880 total
[2020-09-11T19:14:59.712+0000][1][gc,age       ] GC(382) - age   5:       9224 bytes,     521104 total
[2020-09-11T19:14:59.712+0000][1][gc,age       ] GC(382) - age   6:       6936 bytes,     528040 total
[2020-09-11T19:14:59.712+0000][1][gc,heap      ] GC(382) ParNew: 68756K->576K(76672K)
[2020-09-11T19:14:59.712+0000][1][gc,heap      ] GC(382) CMS: 212997K->213077K(2011968K)
[2020-09-11T19:14:59.712+0000][1][gc,metaspace ] GC(382) Metaspace: 100467K->100467K(1142784K)
[2020-09-11T19:14:59.712+0000][1][gc           ] GC(382) Pause Young (Allocation Failure) 275M->208M(2039M) 15.215ms
[2020-09-11T19:14:59.712+0000][1][gc,cpu       ] GC(382) User=0.01s Sys=0.00s Real=0.01s
[2020-09-11T19:14:59.712+0000][1][safepoint    ] Safepoint "GenCollectForAllocation", Time since last: 31455455 ns, Reaching safepoint: 260175 ns, At safepoint: 15298681 ns, Total: 15558856 ns
[2020-09-11T19:15:00.715+0000][1][safepoint    ] Safepoint "Cleanup", Time since last: 1002178282 ns, Reaching safepoint: 144855 ns, At safepoint: 7748 ns, Total: 152603 ns
[2020-09-11T19:15:01.715+0000][1][safepoint    ] Safepoint "Cleanup", Time since last: 1000140822 ns, Reaching safepoint: 170237 ns, At safepoint: 7389 ns, Total: 177626 ns
[2020-09-11T19:15:02.715+0000][1][safepoint    ] Safepoint "Cleanup", Time since last: 1000147081 ns, Reaching safepoint: 135110 ns, At safepoint: 6662 ns, Total: 141772 ns
[2020-09-11T19:15:03.716+0000][1][safepoint    ] Safepoint "Cleanup", Time since last: 1000135684 ns, Reaching safepoint: 141160 ns, At safepoint: 6643 ns, Total: 147803 ns
[2020-09-11T19:15:04.716+0000][1][safepoint    ] Safepoint "Cleanup", Time since last: 1000138260 ns, Reaching safepoint: 417445 ns, At safepoint: 20353 ns, Total: 437798 ns
[2020-09-11T19:15:05.717+0000][1][safepoint    ] Safepoint "Cleanup", Time since last: 1000174982 ns, Reaching safepoint: 136215 ns, At safepoint: 7878 ns, Total: 144093 ns
[2020-09-11T19:15:06.717+0000][1][safepoint    ] Safepoint "Cleanup", Time since last: 1000150357 ns, Reaching safepoint: 143029 ns, At safepoint: 7403 ns, Total: 150432 ns
[2020-09-11T19:15:07.717+0000][1][safepoint    ] Safepoint "Cleanup", Time since last: 1000133739 ns, Reaching safepoint: 131864 ns, At safepoint: 6613 ns, Total: 138477 ns
[2020-09-11T19:15:08.717+0000][1][safepoint    ] Safepoint "Cleanup", Time since last: 1000137658 ns, Reaching safepoint: 167493 ns, At safepoint: 17227 ns, Total: 184720 ns
[2020-09-11T19:15:09.718+0000][1][safepoint    ] Safepoint "Cleanup", Time since last: 1000190491 ns, Reaching safepoint: 172864 ns, At safepoint: 8488 ns, Total: 181352 ns
[2020-09-11T19:15:10.718+0000][1][safepoint    ] Safepoint "Cleanup", Time since last: 1000183087 ns, Reaching safepoint: 117114 ns, At safepoint: 7821 ns, Total: 124935 ns
[2020-09-11T19:15:11.718+0000][1][safepoint    ] Safepoint "Cleanup", Time since last: 1000138707 ns, Reaching safepoint: 184089 ns, At safepoint: 8534 ns, Total: 192623 ns
[2020-09-11T19:15:12.719+0000][1][safepoint    ] Safepoint "Cleanup", Time since last: 1000197378 ns, Reaching safepoint: 160463 ns, At safepoint: 17377 ns, Total: 177840 ns
[2020-09-11T19:15:13.719+0000][1][safepoint    ] Safepoint "Cleanup", Time since last: 1000195103 ns, Reaching safepoint: 226386 ns, At safepoint: 10770 ns, Total: 237156 ns
[2020-09-11T19:15:14.720+0000][1][safepoint    ] Safepoint "Cleanup", Time since last: 1000179655 ns, Reaching safepoint: 217738 ns, At safepoint: 24910 ns, Total: 242648 ns
[2020-09-11T19:15:15.720+0000][1][safepoint    ] Safepoint "Cleanup", Time since last: 1000219078 ns, Reaching safepoint: 151393 ns, At safepoint: 6626 ns, Total: 158019 ns
[2020-09-11T19:15:19.855+0000][1][gc,start     ] GC(383) Pause Young (Allocation Failure)
[2020-09-11T19:15:19.856+0000][1][gc,task      ] GC(383) Using 1 workers of 1 for evacuation
[2020-09-11T19:15:19.869+0000][1][gc,age       ] GC(383) Desired survivor size 4358144 bytes, new threshold 6 (max threshold 6)
[2020-09-11T19:15:19.869+0000][1][gc,age       ] GC(383) Age table with threshold 6 (max threshold 6)
[2020-09-11T19:15:19.869+0000][1][gc,age       ] GC(383) - age   1:     247160 bytes,     247160 total
[2020-09-11T19:15:19.869+0000][1][gc,age       ] GC(383) - age   2:     285024 bytes,     532184 total
[2020-09-11T19:15:19.869+0000][1][gc,age       ] GC(383) - age   3:      17984 bytes,     550168 total
[2020-09-11T19:15:19.869+0000][1][gc,age       ] GC(383) - age   4:      28264 bytes,     578432 total
[2020-09-11T19:15:19.869+0000][1][gc,age       ] GC(383) - age   5:      33792 bytes,     612224 total
[2020-09-11T19:15:19.869+0000][1][gc,age       ] GC(383) - age   6:       9224 bytes,     621448 total
[2020-09-11T19:15:19.869+0000][1][gc,heap      ] GC(383) ParNew: 68736K->1061K(76672K)
[2020-09-11T19:15:19.869+0000][1][gc,heap      ] GC(383) CMS: 213077K->213084K(2011968K)
[2020-09-11T19:15:19.869+0000][1][gc,metaspace ] GC(383) Metaspace: 100467K->100467K(1142784K)
[2020-09-11T19:15:19.869+0000][1][gc           ] GC(383) Pause Young (Allocation Failure) 275M->209M(2039M) 13.837ms
[2020-09-11T19:15:19.869+0000][1][gc,cpu       ] GC(383) User=0.02s Sys=0.00s Real=0.02s
[2020-09-11T19:15:19.869+0000][1][safepoint    ] Safepoint "GenCollectForAllocation", Time since last: 4134857344 ns, Reaching safepoint: 550991 ns, At safepoint: 13914162 ns, Total: 14465153 ns
[2020-09-11T19:15:40.875+0000][1][safepoint    ] Safepoint "Cleanup", Time since last: 21005798185 ns, Reaching safepoint: 130064 ns, At safepoint: 8667 ns, Total: 138731 ns
[2020-09-11T19:15:44.776+0000][1][gc,start     ] GC(384) Pause Young (Allocation Failure)
[2020-09-11T19:15:44.776+0000][1][gc,task      ] GC(384) Using 1 workers of 1 for evacuation
[2020-09-11T19:15:44.791+0000][1][gc,age       ] GC(384) Desired survivor size 4358144 bytes, new threshold 6 (max threshold 6)
[2020-09-11T19:15:44.791+0000][1][gc,age       ] GC(384) Age table with threshold 6 (max threshold 6)
[2020-09-11T19:15:44.791+0000][1][gc,age       ] GC(384) - age   1:     309112 bytes,     309112 total
[2020-09-11T19:15:44.791+0000][1][gc,age       ] GC(384) - age   2:     154408 bytes,     463520 total
[2020-09-11T19:15:44.791+0000][1][gc,age       ] GC(384) - age   3:      86208 bytes,     549728 total
[2020-09-11T19:15:44.791+0000][1][gc,age       ] GC(384) - age   4:      16584 bytes,     566312 total
[2020-09-11T19:15:44.791+0000][1][gc,age       ] GC(384) - age   5:      28232 bytes,     594544 total
[2020-09-11T19:15:44.791+0000][1][gc,age       ] GC(384) - age   6:      33792 bytes,     628336 total
[2020-09-11T19:15:44.791+0000][1][gc,heap      ] GC(384) ParNew: 69221K->720K(76672K)
[2020-09-11T19:15:44.791+0000][1][gc,heap      ] GC(384) CMS: 213084K->213093K(2011968K)
[2020-09-11T19:15:44.791+0000][1][gc,metaspace ] GC(384) Metaspace: 100467K->100467K(1142784K)
[2020-09-11T19:15:44.791+0000][1][gc           ] GC(384) Pause Young (Allocation Failure) 275M->208M(2039M) 14.494ms
[2020-09-11T19:15:44.791+0000][1][gc,cpu       ] GC(384) User=0.01s Sys=0.00s Real=0.01s
[2020-09-11T19:15:44.791+0000][1][safepoint    ] Safepoint "GenCollectForAllocation", Time since last: 3900788761 ns, Reaching safepoint: 200917 ns, At safepoint: 14558430 ns, Total: 14759347 ns
[2020-09-11T19:15:58.776+0000][1][safepoint    ] Safepoint "Cleanup", Time since last: 13982642438 ns, Reaching safepoint: 358878 ns, At safepoint: 18713 ns, Total: 377591 ns
[2020-09-11T19:16:00.839+0000][1][gc,start     ] GC(385) Pause Young (Allocation Failure)
[2020-09-11T19:16:00.839+0000][1][gc,task      ] GC(385) Using 1 workers of 1 for evacuation
[2020-09-11T19:16:00.856+0000][1][gc,age       ] GC(385) Desired survivor size 4358144 bytes, new threshold 6 (max threshold 6)
[2020-09-11T19:16:00.857+0000][1][gc,age       ] GC(385) Age table with threshold 6 (max threshold 6)
[2020-09-11T19:16:00.857+0000][1][gc,age       ] GC(385) - age   1:     400224 bytes,     400224 total
[2020-09-11T19:16:00.857+0000][1][gc,age       ] GC(385) - age   2:      85104 bytes,     485328 total
[2020-09-11T19:16:00.857+0000][1][gc,age       ] GC(385) - age   3:      97672 bytes,     583000 total
[2020-09-11T19:16:00.857+0000][1][gc,age       ] GC(385) - age   4:      82272 bytes,     665272 total
[2020-09-11T19:16:00.857+0000][1][gc,age       ] GC(385) - age   5:      16584 bytes,     681856 total
[2020-09-11T19:16:00.857+0000][1][gc,age       ] GC(385) - age   6:      28232 bytes,     710088 total
[2020-09-11T19:16:00.857+0000][1][gc,heap      ] GC(385) ParNew: 68880K->1100K(76672K)
[2020-09-11T19:16:00.857+0000][1][gc,heap      ] GC(385) CMS: 213093K->213126K(2011968K)
[2020-09-11T19:16:00.857+0000][1][gc,metaspace ] GC(385) Metaspace: 100467K->100467K(1142784K)
[2020-09-11T19:16:00.857+0000][1][gc           ] GC(385) Pause Young (Allocation Failure) 275M->209M(2039M) 17.424ms
[2020-09-11T19:16:00.857+0000][1][gc,cpu       ] GC(385) User=0.02s Sys=0.00s Real=0.01s
[2020-09-11T19:16:00.857+0000][1][safepoint    ] Safepoint "GenCollectForAllocation", Time since last: 2063480817 ns, Reaching safepoint: 201244 ns, At safepoint: 17519694 ns, Total: 17720938 ns
[2020-09-11T19:16:10.863+0000][1][safepoint    ] Safepoint "Cleanup", Time since last: 10005989874 ns, Reaching safepoint: 234346 ns, At safepoint: 6476 ns, Total: 240822 ns
[2020-09-11T19:16:11.863+0000][1][safepoint    ] Safepoint "Cleanup", Time since last: 1000182280 ns, Reaching safepoint: 107520 ns, At safepoint: 8342 ns, Total: 115862 ns
[2020-09-11T19:16:14.864+0000][1][safepoint    ] Safepoint "Cleanup", Time since last: 3000408867 ns, Reaching safepoint: 168285 ns, At safepoint: 16989 ns, Total: 185274 ns
[2020-09-11T19:16:18.864+0000][1][safepoint    ] Safepoint "Cleanup", Time since last: 4000527269 ns, Reaching safepoint: 90640 ns, At safepoint: 6626 ns, Total: 97266 ns
[2020-09-11T19:16:19.865+0000][1][safepoint    ] Safepoint "Cleanup", Time since last: 1000180945 ns, Reaching safepoint: 158643 ns, At safepoint: 18118 ns, Total: 176761 ns
[2020-09-11T19:16:20.866+0000][1][safepoint    ] Safepoint "Cleanup", Time since last: 1000875311 ns, Reaching safepoint: 289116 ns, At safepoint: 8772 ns, Total: 297888 ns
[2020-09-11T19:16:21.866+0000][1][safepoint    ] Safepoint "Cleanup", Time since last: 1000227756 ns, Reaching safepoint: 90699 ns, At safepoint: 7266 ns, Total: 97965 ns
[2020-09-11T19:16:22.867+0000][1][safepoint    ] Safepoint "Cleanup", Time since last: 1000221639 ns, Reaching safepoint: 169792 ns, At safepoint: 20302 ns, Total: 190094 ns
[2020-09-11T19:16:23.867+0000][1][safepoint    ] Safepoint "Cleanup", Time since last: 1000193635 ns, Reaching safepoint: 132577 ns, At safepoint: 7323 ns, Total: 139900 ns
[2020-09-11T19:16:24.867+0000][1][safepoint    ] Safepoint "Cleanup", Time since last: 1000202085 ns, Reaching safepoint: 127609 ns, At safepoint: 13817 ns, Total: 141426 ns
[2020-09-11T19:16:25.868+0000][1][safepoint    ] Safepoint "Cleanup", Time since last: 1000180137 ns, Reaching safepoint: 180600 ns, At safepoint: 20673 ns, Total: 201273 ns
[2020-09-11T19:16:26.868+0000][1][safepoint    ] Safepoint "Cleanup", Time since last: 1000185338 ns, Reaching safepoint: 128477 ns, At safepoint: 7182 ns, Total: 135659 ns
[2020-09-11T19:16:27.868+0000][1][safepoint    ] Safepoint "Cleanup", Time since last: 1000138354 ns, Reaching safepoint: 184924 ns, At safepoint: 19396 ns, Total: 204320 ns
[2020-09-11T19:16:28.361+0000][1][gc,start     ] GC(386) Pause Young (Allocation Failure)
[2020-09-11T19:16:28.361+0000][1][gc,task      ] GC(386) Using 1 workers of 1 for evacuation
[2020-09-11T19:16:28.377+0000][1][gc,age       ] GC(386) Desired survivor size 4358144 bytes, new threshold 6 (max threshold 6)
[2020-09-11T19:16:28.377+0000][1][gc,age       ] GC(386) Age table with threshold 6 (max threshold 6)
[2020-09-11T19:16:28.377+0000][1][gc,age       ] GC(386) - age   1:     261344 bytes,     261344 total
[2020-09-11T19:16:28.377+0000][1][gc,age       ] GC(386) - age   2:     271552 bytes,     532896 total
[2020-09-11T19:16:28.377+0000][1][gc,age       ] GC(386) - age   3:      17312 bytes,     550208 total
[2020-09-11T19:16:28.377+0000][1][gc,age       ] GC(386) - age   4:      72704 bytes,     622912 total
[2020-09-11T19:16:28.377+0000][1][gc,age       ] GC(386) - age   5:      82272 bytes,     705184 total
[2020-09-11T19:16:28.377+0000][1][gc,age       ] GC(386) - age   6:      16544 bytes,     721728 total
[2020-09-11T19:16:28.377+0000][1][gc,heap      ] GC(386) ParNew: 69260K->1315K(76672K)
[2020-09-11T19:16:28.377+0000][1][gc,heap      ] GC(386) CMS: 213126K->213154K(2011968K)
[2020-09-11T19:16:28.377+0000][1][gc,metaspace ] GC(386) Metaspace: 100467K->100467K(1142784K)
[2020-09-11T19:16:28.377+0000][1][gc           ] GC(386) Pause Young (Allocation Failure) 275M->209M(2039M) 15.531ms
[2020-09-11T19:16:28.377+0000][1][gc,cpu       ] GC(386) User=0.02s Sys=0.00s Real=0.01s
[2020-09-11T19:16:28.377+0000][1][safepoint    ] Safepoint "GenCollectForAllocation", Time since last: 492523867 ns, Reaching safepoint: 166448 ns, At safepoint: 15606701 ns, Total: 15773149 ns
[2020-09-11T19:16:29.381+0000][1][safepoint    ] Safepoint "Cleanup", Time since last: 1003611408 ns, Reaching safepoint: 213089 ns, At safepoint: 19369 ns, Total: 232458 ns
[2020-09-11T19:16:30.381+0000][1][safepoint    ] Safepoint "Cleanup", Time since last: 1000175600 ns, Reaching safepoint: 164164 ns, At safepoint: 16165 ns, Total: 180329 ns
[2020-09-11T19:16:31.381+0000][1][safepoint    ] Safepoint "Cleanup", Time since last: 1000236780 ns, Reaching safepoint: 166192 ns, At safepoint: 18337 ns, Total: 184529 ns
[2020-09-11T19:16:32.382+0000][1][safepoint    ] Safepoint "Cleanup", Time since last: 1000281455 ns, Reaching safepoint: 85196 ns, At safepoint: 6336 ns, Total: 91532 ns
[2020-09-11T19:16:33.382+0000][1][safepoint    ] Safepoint "Cleanup", Time since last: 1000146684 ns, Reaching safepoint: 124341 ns, At safepoint: 7720 ns, Total: 132061 ns
[2020-09-11T19:16:34.382+0000][1][safepoint    ] Safepoint "Cleanup", Time since last: 1000126873 ns, Reaching safepoint: 134862 ns, At safepoint: 6033 ns, Total: 140895 ns
[2020-09-11T19:16:35.383+0000][1][safepoint    ] Safepoint "Cleanup", Time since last: 1000147320 ns, Reaching safepoint: 165460 ns, At safepoint: 18360 ns, Total: 183820 ns
[2020-09-11T19:16:36.383+0000][1][safepoint    ] Safepoint "Cleanup", Time since last: 1000190860 ns, Reaching safepoint: 162235 ns, At safepoint: 17454 ns, Total: 179689 ns
[2020-09-11T19:16:37.383+0000][1][safepoint    ] Safepoint "Cleanup", Time since last: 1000201853 ns, Reaching safepoint: 112039 ns, At safepoint: 6868 ns, Total: 118907 ns
[2020-09-11T19:16:38.384+0000][1][safepoint    ] Safepoint "Cleanup", Time since last: 1000265862 ns, Reaching safepoint: 82446 ns, At safepoint: 7689 ns, Total: 90135 ns
[2020-09-11T19:16:39.384+0000][1][safepoint    ] Safepoint "Cleanup", Time since last: 1000178031 ns, Reaching safepoint: 163276 ns, At safepoint: 18830 ns, Total: 182106 ns
[2020-09-11T19:16:40.384+0000][1][safepoint    ] Safepoint "Cleanup", Time since last: 1000202857 ns, Reaching safepoint: 164113 ns, At safepoint: 17581 ns, Total: 181694 ns
[2020-09-11T19:16:41.385+0000][1][safepoint    ] Safepoint "Cleanup", Time since last: 1000212474 ns, Reaching safepoint: 168577 ns, At safepoint: 17878 ns, Total: 186455 ns
[2020-09-11T19:16:42.385+0000][1][safepoint    ] Safepoint "Cleanup", Time since last: 1000185997 ns, Reaching safepoint: 166742 ns, At safepoint: 17581 ns, Total: 184323 ns
[2020-09-11T19:16:43.386+0000][1][safepoint    ] Safepoint "Cleanup", Time since last: 1000233620 ns, Reaching safepoint: 105368 ns, At safepoint: 8270 ns, Total: 113638 ns
[2020-09-11T19:16:44.386+0000][1][safepoint    ] Safepoint "Cleanup", Time since last: 1000139129 ns, Reaching safepoint: 127773 ns, At safepoint: 7086 ns, Total: 134859 ns
[2020-09-11T19:16:44.879+0000][1][gc,start     ] GC(387) Pause Young (Allocation Failure)
[2020-09-11T19:16:44.879+0000][1][gc,task      ] GC(387) Using 1 workers of 1 for evacuation
[2020-09-11T19:16:44.895+0000][1][gc,age       ] GC(387) Desired survivor size 4358144 bytes, new threshold 6 (max threshold 6)
[2020-09-11T19:16:44.895+0000][1][gc,age       ] GC(387) Age table with threshold 6 (max threshold 6)
[2020-09-11T19:16:44.895+0000][1][gc,age       ] GC(387) - age   1:     178880 bytes,     178880 total
[2020-09-11T19:16:44.895+0000][1][gc,age       ] GC(387) - age   2:     113704 bytes,     292584 total
[2020-09-11T19:16:44.895+0000][1][gc,age       ] GC(387) - age   3:     218032 bytes,     510616 total
[2020-09-11T19:16:44.895+0000][1][gc,age       ] GC(387) - age   4:      11648 bytes,     522264 total
[2020-09-11T19:16:44.895+0000][1][gc,age       ] GC(387) - age   5:      72704 bytes,     594968 total
[2020-09-11T19:16:44.895+0000][1][gc,age       ] GC(387) - age   6:      82272 bytes,     677240 total
[2020-09-11T19:16:44.895+0000][1][gc,heap      ] GC(387) ParNew: 69475K->857K(76672K)
[2020-09-11T19:16:44.895+0000][1][gc,heap      ] GC(387) CMS: 213154K->213170K(2011968K)
[2020-09-11T19:16:44.895+0000][1][gc,metaspace ] GC(387) Metaspace: 100467K->100467K(1142784K)
[2020-09-11T19:16:44.895+0000][1][gc           ] GC(387) Pause Young (Allocation Failure) 276M->209M(2039M) 15.665ms
[2020-09-11T19:16:44.895+0000][1][gc,cpu       ] GC(387) User=0.01s Sys=0.00s Real=0.01s
[2020-09-11T19:16:44.895+0000][1][safepoint    ] Safepoint "GenCollectForAllocation", Time since last: 493227268 ns, Reaching safepoint: 199556 ns, At safepoint: 15731275 ns, Total: 15930831 ns
[2020-09-11T19:16:45.896+0000][1][safepoint    ] Safepoint "Cleanup", Time since last: 1001121231 ns, Reaching safepoint: 127657 ns, At safepoint: 21047 ns, Total: 148704 ns
[2020-09-11T19:16:46.897+0000][1][safepoint    ] Safepoint "Cleanup", Time since last: 1000138904 ns, Reaching safepoint: 134279 ns, At safepoint: 16418 ns, Total: 150697 ns
[2020-09-11T19:16:47.897+0000][1][safepoint    ] Safepoint "Cleanup", Time since last: 1000197664 ns, Reaching safepoint: 163005 ns, At safepoint: 56267 ns, Total: 219272 ns
[2020-09-11T19:16:48.897+0000][1][safepoint    ] Safepoint "Cleanup", Time since last: 1000213189 ns, Reaching safepoint: 117827 ns, At safepoint: 7310 ns, Total: 125137 ns
[2020-09-11T19:16:49.898+0000][1][safepoint    ] Safepoint "Cleanup", Time since last: 1000111767 ns, Reaching safepoint: 1038352 ns, At safepoint: 9805 ns, Total: 1048157 ns
[2020-09-11T19:16:50.899+0000][1][safepoint    ] Safepoint "Cleanup", Time since last: 1000108832 ns, Reaching safepoint: 86462 ns, At safepoint: 7021 ns, Total: 93483 ns
[2020-09-11T19:16:51.990+0000][1][safepoint    ] Safepoint "Cleanup", Time since last: 1091125349 ns, Reaching safepoint: 191015 ns, At safepoint: 21503 ns, Total: 212518 ns
[2020-09-11T19:16:52.990+0000][1][safepoint    ] Safepoint "Cleanup", Time since last: 1000183042 ns, Reaching safepoint: 168579 ns, At safepoint: 18887 ns, Total: 187466 ns
[2020-09-11T19:16:53.991+0000][1][safepoint    ] Safepoint "Cleanup", Time since last: 1000247798 ns, Reaching safepoint: 104967 ns, At safepoint: 7301 ns, Total: 112268 ns
[2020-09-11T19:16:54.991+0000][1][safepoint    ] Safepoint "Cleanup", Time since last: 1000170121 ns, Reaching safepoint: 164627 ns, At safepoint: 18947 ns, Total: 183574 ns
[2020-09-11T19:16:55.991+0000][1][safepoint    ] Safepoint "Cleanup", Time since last: 1000191618 ns, Reaching safepoint: 130177 ns, At safepoint: 8350 ns, Total: 138527 ns
[2020-09-11T19:16:56.992+0000][1][safepoint    ] Safepoint "Cleanup", Time since last: 1000179240 ns, Reaching safepoint: 177861 ns, At safepoint: 19845 ns, Total: 197706 ns
[2020-09-11T19:16:57.992+0000][1][safepoint    ] Safepoint "Cleanup", Time since last: 1000225492 ns, Reaching safepoint: 184074 ns, At safepoint: 18807 ns, Total: 202881 ns
[2020-09-11T19:16:58.992+0000][1][safepoint    ] Safepoint "Cleanup", Time since last: 1000161738 ns, Reaching safepoint: 86812 ns, At safepoint: 9429 ns, Total: 96241 ns
[2020-09-11T19:16:59.993+0000][1][safepoint    ] Safepoint "Cleanup", Time since last: 1000132690 ns, Reaching safepoint: 87129 ns, At safepoint: 7326 ns, Total: 94455 ns
[2020-09-11T19:17:00.845+0000][1][gc,start     ] GC(388) Pause Young (Allocation Failure)
[2020-09-11T19:17:00.845+0000][1][gc,task      ] GC(388) Using 1 workers of 1 for evacuation
[2020-09-11T19:17:00.861+0000][1][gc,age       ] GC(388) Desired survivor size 4358144 bytes, new threshold 6 (max threshold 6)
[2020-09-11T19:17:00.861+0000][1][gc,age       ] GC(388) Age table with threshold 6 (max threshold 6)
[2020-09-11T19:17:00.861+0000][1][gc,age       ] GC(388) - age   1:     319864 bytes,     319864 total
[2020-09-11T19:17:00.861+0000][1][gc,age       ] GC(388) - age   2:     112280 bytes,     432144 total
[2020-09-11T19:17:00.861+0000][1][gc,age       ] GC(388) - age   3:     102488 bytes,     534632 total
[2020-09-11T19:17:00.861+0000][1][gc,age       ] GC(388) - age   4:      35032 bytes,     569664 total
[2020-09-11T19:17:00.861+0000][1][gc,age       ] GC(388) - age   5:      10096 bytes,     579760 total
[2020-09-11T19:17:00.861+0000][1][gc,age       ] GC(388) - age   6:      72704 bytes,     652464 total
[2020-09-11T19:17:00.861+0000][1][gc,heap      ] GC(388) ParNew: 69017K->1206K(76672K)
[2020-09-11T19:17:00.861+0000][1][gc,heap      ] GC(388) CMS: 213170K->213252K(2011968K)
[2020-09-11T19:17:00.861+0000][1][gc,metaspace ] GC(388) Metaspace: 100472K->100472K(1142784K)
[2020-09-11T19:17:00.861+0000][1][gc           ] GC(388) Pause Young (Allocation Failure) 275M->209M(2039M) 15.507ms
[2020-09-11T19:17:00.861+0000][1][gc,cpu       ] GC(388) User=0.02s Sys=0.00s Real=0.02s
[2020-09-11T19:17:00.861+0000][1][safepoint    ] Safepoint "GenCollectForAllocation", Time since last: 852265711 ns, Reaching safepoint: 214492 ns, At safepoint: 15583621 ns, Total: 15798113 ns
[2020-09-11T19:17:01.867+0000][1][safepoint    ] Safepoint "Cleanup", Time since last: 1006300992 ns, Reaching safepoint: 117174 ns, At safepoint: 20859 ns, Total: 138033 ns
[2020-09-11T19:17:02.868+0000][1][safepoint    ] Safepoint "Cleanup", Time since last: 1000247487 ns, Reaching safepoint: 87189 ns, At safepoint: 15516 ns, Total: 102705 ns
[2020-09-11T19:17:03.395+0000][1][safepoint    ] Safepoint "RevokeBias", Time since last: 526981991 ns, Reaching safepoint: 101780 ns, At safepoint: 38471 ns, Total: 140251 ns
[2020-09-11T19:17:03.783+0000][1][safepoint    ] Safepoint "RevokeBias", Time since last: 388578351 ns, Reaching safepoint: 155097 ns, At safepoint: 72152 ns, Total: 227249 ns
[2020-09-11T19:17:04.784+0000][1][safepoint    ] Safepoint "Cleanup", Time since last: 1000335549 ns, Reaching safepoint: 80387 ns, At safepoint: 17844 ns, Total: 98231 ns
[2020-09-11T19:17:05.784+0000][1][safepoint    ] Safepoint "Cleanup", Time since last: 1000144686 ns, Reaching safepoint: 198680 ns, At safepoint: 8932 ns, Total: 207612 ns
[2020-09-11T19:17:05.785+0000][1][safepoint    ] Safepoint "RevokeBias", Time since last: 255016 ns, Reaching safepoint: 66437 ns, At safepoint: 19333 ns, Total: 85770 ns
[2020-09-11T19:17:05.785+0000][1][safepoint    ] Safepoint "RevokeBias", Time since last: 191886 ns, Reaching safepoint: 45679 ns, At safepoint: 13063 ns, Total: 58742 ns
[2020-09-11T19:17:06.785+0000][1][safepoint    ] Safepoint "Cleanup", Time since last: 1000117020 ns, Reaching safepoint: 140547 ns, At safepoint: 6055 ns, Total: 146602 ns
[2020-09-11T19:17:07.785+0000][1][safepoint    ] Safepoint "Cleanup", Time since last: 1000129862 ns, Reaching safepoint: 149153 ns, At safepoint: 13674 ns, Total: 162827 ns
[2020-09-11T19:17:08.786+0000][1][safepoint    ] Safepoint "Cleanup", Time since last: 1000265128 ns, Reaching safepoint: 161611 ns, At safepoint: 17327 ns, Total: 178938 ns
[2020-09-11T19:17:09.786+0000][1][safepoint    ] Safepoint "Cleanup", Time since last: 1000295912 ns, Reaching safepoint: 167010 ns, At safepoint: 18025 ns, Total: 185035 ns
[2020-09-11T19:17:10.787+0000][1][safepoint    ] Safepoint "Cleanup", Time since last: 1000171142 ns, Reaching safepoint: 173074 ns, At safepoint: 13989 ns, Total: 187063 ns
[2020-09-11T19:17:11.435+0000][1][safepoint    ] Safepoint "RevokeBias", Time since last: 648561887 ns, Reaching safepoint: 122135 ns, At safepoint: 25760 ns, Total: 147895 ns
[2020-09-11T19:17:11.449+0000][1][safepoint    ] Safepoint "RevokeBias", Time since last: 13872462 ns, Reaching safepoint: 189617 ns, At safepoint: 21822 ns, Total: 211439 ns
[2020-09-11T19:17:11.450+0000][1][safepoint    ] Safepoint "RevokeBias", Time since last: 805383 ns, Reaching safepoint: 182434 ns, At safepoint: 15138 ns, Total: 197572 ns
[2020-09-11T19:17:11.451+0000][1][safepoint    ] Safepoint "RevokeBias", Time since last: 631083 ns, Reaching safepoint: 192114 ns, At safepoint: 15562 ns, Total: 207676 ns
[2020-09-11T19:17:11.452+0000][1][safepoint    ] Safepoint "RevokeBias", Time since last: 42860 ns, Reaching safepoint: 172841 ns, At safepoint: 12846 ns, Total: 185687 ns
[2020-09-11T19:17:11.453+0000][1][safepoint    ] Safepoint "RevokeBias", Time since last: 860116 ns, Reaching safepoint: 187040 ns, At safepoint: 14732 ns, Total: 201772 ns
[2020-09-11T19:17:12.453+0000][1][safepoint    ] Safepoint "Cleanup", Time since last: 1000220525 ns, Reaching safepoint: 176786 ns, At safepoint: 19943 ns, Total: 196729 ns
[2020-09-11T19:17:13.453+0000][1][safepoint    ] Safepoint "Cleanup", Time since last: 1000195441 ns, Reaching safepoint: 168680 ns, At safepoint: 17754 ns, Total: 186434 ns
[2020-09-11T19:17:15.454+0000][1][safepoint    ] Safepoint "Cleanup", Time since last: 2000324699 ns, Reaching safepoint: 166174 ns, At safepoint: 19051 ns, Total: 185225 ns
[2020-09-11T19:17:19.937+0000][1][gc,start     ] GC(389) Pause Young (Allocation Failure)
[2020-09-11T19:17:19.937+0000][1][gc,task      ] GC(389) Using 1 workers of 1 for evacuation
[2020-09-11T19:17:19.953+0000][1][gc,age       ] GC(389) Desired survivor size 4358144 bytes, new threshold 6 (max threshold 6)
[2020-09-11T19:17:19.953+0000][1][gc,age       ] GC(389) Age table with threshold 6 (max threshold 6)
[2020-09-11T19:17:19.953+0000][1][gc,age       ] GC(389) - age   1:    1552328 bytes,    1552328 total
[2020-09-11T19:17:19.953+0000][1][gc,age       ] GC(389) - age   2:     222792 bytes,    1775120 total
[2020-09-11T19:17:19.953+0000][1][gc,age       ] GC(389) - age   3:      44544 bytes,    1819664 total
[2020-09-11T19:17:19.953+0000][1][gc,age       ] GC(389) - age   4:       7424 bytes,    1827088 total
[2020-09-11T19:17:19.953+0000][1][gc,age       ] GC(389) - age   5:      33792 bytes,    1860880 total
[2020-09-11T19:17:19.953+0000][1][gc,age       ] GC(389) - age   6:      10096 bytes,    1870976 total
[2020-09-11T19:17:19.953+0000][1][gc,heap      ] GC(389) ParNew: 69366K->1948K(76672K)
[2020-09-11T19:17:19.953+0000][1][gc,heap      ] GC(389) CMS: 213252K->213323K(2011968K)
[2020-09-11T19:17:19.953+0000][1][gc,metaspace ] GC(389) Metaspace: 100473K->100473K(1142784K)
[2020-09-11T19:17:19.953+0000][1][gc           ] GC(389) Pause Young (Allocation Failure) 275M->210M(2039M) 16.243ms
[2020-09-11T19:17:19.953+0000][1][gc,cpu       ] GC(389) User=0.01s Sys=0.00s Real=0.02s
[2020-09-11T19:17:19.953+0000][1][safepoint    ] Safepoint "GenCollectForAllocation", Time since last: 4482574548 ns, Reaching safepoint: 160724 ns, At safepoint: 16737992 ns, Total: 16898716 ns
[2020-09-11T19:17:38.491+0000][1][gc,start     ] GC(390) Pause Young (Allocation Failure)
[2020-09-11T19:17:38.491+0000][1][gc,task      ] GC(390) Using 1 workers of 1 for evacuation
[2020-09-11T19:17:38.507+0000][1][gc,age       ] GC(390) Desired survivor size 4358144 bytes, new threshold 6 (max threshold 6)
[2020-09-11T19:17:38.507+0000][1][gc,age       ] GC(390) Age table with threshold 6 (max threshold 6)
[2020-09-11T19:17:38.507+0000][1][gc,age       ] GC(390) - age   1:     124744 bytes,     124744 total
[2020-09-11T19:17:38.507+0000][1][gc,age       ] GC(390) - age   2:    1474416 bytes,    1599160 total
[2020-09-11T19:17:38.507+0000][1][gc,age       ] GC(390) - age   3:     218808 bytes,    1817968 total
[2020-09-11T19:17:38.507+0000][1][gc,age       ] GC(390) - age   4:      39832 bytes,    1857800 total
[2020-09-11T19:17:38.507+0000][1][gc,age       ] GC(390) - age   5:       7072 bytes,    1864872 total
[2020-09-11T19:17:38.507+0000][1][gc,age       ] GC(390) - age   6:      33792 bytes,    1898664 total
[2020-09-11T19:17:38.507+0000][1][gc,heap      ] GC(390) ParNew: 70108K->2935K(76672K)
[2020-09-11T19:17:38.507+0000][1][gc,heap      ] GC(390) CMS: 213323K->213333K(2011968K)
[2020-09-11T19:17:38.507+0000][1][gc,metaspace ] GC(390) Metaspace: 100473K->100473K(1142784K)
[2020-09-11T19:17:38.507+0000][1][gc           ] GC(390) Pause Young (Allocation Failure) 276M->211M(2039M) 15.924ms
[2020-09-11T19:17:38.507+0000][1][gc,cpu       ] GC(390) User=0.01s Sys=0.00s Real=0.02s
[2020-09-11T19:17:38.507+0000][1][safepoint    ] Safepoint "GenCollectForAllocation", Time since last: 18537101613 ns, Reaching safepoint: 224934 ns, At safepoint: 15992572 ns, Total: 16217506 ns
[2020-09-11T19:17:55.777+0000][1][gc,start     ] GC(391) Pause Young (Allocation Failure)
[2020-09-11T19:17:55.777+0000][1][gc,task      ] GC(391) Using 1 workers of 1 for evacuation
[2020-09-11T19:17:55.812+0000][1][gc,age       ] GC(391) Desired survivor size 4358144 bytes, new threshold 6 (max threshold 6)
[2020-09-11T19:17:55.812+0000][1][gc,age       ] GC(391) Age table with threshold 6 (max threshold 6)
[2020-09-11T19:17:55.812+0000][1][gc,age       ] GC(391) - age   1:     294120 bytes,     294120 total
[2020-09-11T19:17:55.812+0000][1][gc,age       ] GC(391) - age   2:      26976 bytes,     321096 total
[2020-09-11T19:17:55.812+0000][1][gc,age       ] GC(391) - age   3:    1472688 bytes,    1793784 total
[2020-09-11T19:17:55.812+0000][1][gc,age       ] GC(391) - age   4:      31864 bytes,    1825648 total
[2020-09-11T19:17:55.812+0000][1][gc,age       ] GC(391) - age   5:      39832 bytes,    1865480 total
[2020-09-11T19:17:55.812+0000][1][gc,age       ] GC(391) - age   6:       7072 bytes,    1872552 total
[2020-09-11T19:17:55.812+0000][1][gc,heap      ] GC(391) ParNew: 71095K->3515K(76672K)
[2020-09-11T19:17:55.812+0000][1][gc,heap      ] GC(391) CMS: 213333K->213366K(2011968K)
[2020-09-11T19:17:55.812+0000][1][gc,metaspace ] GC(391) Metaspace: 100477K->100477K(1142784K)
[2020-09-11T19:17:55.812+0000][1][gc           ] GC(391) Pause Young (Allocation Failure) 277M->211M(2039M) 35.734ms
[2020-09-11T19:17:55.812+0000][1][gc,cpu       ] GC(391) User=0.01s Sys=0.00s Real=0.04s
[2020-09-11T19:17:55.819+0000][1][safepoint    ] Safepoint "GenCollectForAllocation", Time since last: 17269859402 ns, Reaching safepoint: 83544 ns, At safepoint: 42444899 ns, Total: 42528443 ns
[2020-09-11T19:17:56.458+0000][1][safepoint    ] Safepoint "RevokeBias", Time since last: 638073552 ns, Reaching safepoint: 579442 ns, At safepoint: 53073 ns, Total: 632515 ns
[2020-09-11T19:17:56.458+0000][1][safepoint    ] Safepoint "RevokeBias", Time since last: 152871 ns, Reaching safepoint: 268566 ns, At safepoint: 38139 ns, Total: 306705 ns
[2020-09-11T19:17:56.459+0000][1][safepoint    ] Safepoint "RevokeBias", Time since last: 102885 ns, Reaching safepoint: 250281 ns, At safepoint: 48025 ns, Total: 298306 ns
[2020-09-11T19:17:56.459+0000][1][safepoint    ] Safepoint "RevokeBias", Time since last: 91429 ns, Reaching safepoint: 257738 ns, At safepoint: 58966 ns, Total: 316704 ns
[2020-09-11T19:17:56.459+0000][1][safepoint    ] Safepoint "RevokeBias", Time since last: 80050 ns, Reaching safepoint: 254046 ns, At safepoint: 59792 ns, Total: 313838 ns
[2020-09-11T19:18:14.738+0000][1][safepoint    ] Safepoint "RevokeBias", Time since last: 18277970549 ns, Reaching safepoint: 189944 ns, At safepoint: 42603 ns, Total: 232547 ns
[2020-09-11T19:18:15.151+0000][1][gc,start     ] GC(392) Pause Young (Allocation Failure)
[2020-09-11T19:18:15.151+0000][1][gc,task      ] GC(392) Using 1 workers of 1 for evacuation
[2020-09-11T19:18:15.179+0000][1][gc,age       ] GC(392) Desired survivor size 4358144 bytes, new threshold 6 (max threshold 6)
[2020-09-11T19:18:15.179+0000][1][gc,age       ] GC(392) Age table with threshold 6 (max threshold 6)
[2020-09-11T19:18:15.179+0000][1][gc,age       ] GC(392) - age   1:     212680 bytes,     212680 total
[2020-09-11T19:18:15.179+0000][1][gc,age       ] GC(392) - age   2:     219200 bytes,     431880 total
[2020-09-11T19:18:15.179+0000][1][gc,age       ] GC(392) - age   3:      20328 bytes,     452208 total
[2020-09-11T19:18:15.179+0000][1][gc,age       ] GC(392) - age   4:    1391272 bytes,    1843480 total
[2020-09-11T19:18:15.179+0000][1][gc,age       ] GC(392) - age   5:       6976 bytes,    1850456 total
[2020-09-11T19:18:15.179+0000][1][gc,age       ] GC(392) - age   6:      39832 bytes,    1890288 total
[2020-09-11T19:18:15.179+0000][1][gc,heap      ] GC(392) ParNew: 71672K->2250K(76672K)
[2020-09-11T19:18:15.179+0000][1][gc,heap      ] GC(392) CMS: 213366K->213372K(2011968K)
[2020-09-11T19:18:15.179+0000][1][gc,metaspace ] GC(392) Metaspace: 100488K->100488K(1142784K)
[2020-09-11T19:18:15.179+0000][1][gc           ] GC(392) Pause Young (Allocation Failure) 278M->210M(2039M) 27.662ms
[2020-09-11T19:18:15.179+0000][1][gc,cpu       ] GC(392) User=0.01s Sys=0.00s Real=0.03s
[2020-09-11T19:18:15.185+0000][1][safepoint    ] Safepoint "GenCollectForAllocation", Time since last: 413356706 ns, Reaching safepoint: 91693 ns, At safepoint: 33984778 ns, Total: 34076471 ns
[2020-09-11T19:18:22.190+0000][1][safepoint    ] Safepoint "Cleanup", Time since last: 7005186940 ns, Reaching safepoint: 120716 ns, At safepoint: 8502 ns, Total: 129218 ns
[2020-09-11T19:18:29.192+0000][1][safepoint    ] Safepoint "Cleanup", Time since last: 7000932255 ns, Reaching safepoint: 146457 ns, At safepoint: 7598 ns, Total: 154055 ns
[2020-09-11T19:18:30.048+0000][1][gc,start     ] GC(393) Pause Young (Allocation Failure)
[2020-09-11T19:18:30.048+0000][1][gc,task      ] GC(393) Using 1 workers of 1 for evacuation
[2020-09-11T19:18:30.063+0000][1][gc,age       ] GC(393) Desired survivor size 4358144 bytes, new threshold 6 (max threshold 6)
[2020-09-11T19:18:30.063+0000][1][gc,age       ] GC(393) Age table with threshold 6 (max threshold 6)
[2020-09-11T19:18:30.063+0000][1][gc,age       ] GC(393) - age   1:     424184 bytes,     424184 total
[2020-09-11T19:18:30.063+0000][1][gc,age       ] GC(393) - age   2:     134416 bytes,     558600 total
[2020-09-11T19:18:30.063+0000][1][gc,age       ] GC(393) - age   3:      24664 bytes,     583264 total
[2020-09-11T19:18:30.063+0000][1][gc,age       ] GC(393) - age   4:      17104 bytes,     600368 total
[2020-09-11T19:18:30.063+0000][1][gc,age       ] GC(393) - age   5:    1293584 bytes,    1893952 total
[2020-09-11T19:18:30.063+0000][1][gc,age       ] GC(393) - age   6:       6664 bytes,    1900616 total
[2020-09-11T19:18:30.063+0000][1][gc,heap      ] GC(393) ParNew: 70410K->3331K(76672K)
[2020-09-11T19:18:30.063+0000][1][gc,heap      ] GC(393) CMS: 213372K->213411K(2011968K)
[2020-09-11T19:18:30.063+0000][1][gc,metaspace ] GC(393) Metaspace: 100488K->100488K(1142784K)
[2020-09-11T19:18:30.063+0000][1][gc           ] GC(393) Pause Young (Allocation Failure) 277M->211M(2039M) 15.631ms
[2020-09-11T19:18:30.063+0000][1][gc,cpu       ] GC(393) User=0.01s Sys=0.00s Real=0.01s
[2020-09-11T19:18:30.063+0000][1][safepoint    ] Safepoint "GenCollectForAllocation", Time since last: 855783864 ns, Reaching safepoint: 198647 ns, At safepoint: 15699312 ns, Total: 15897959 ns
[2020-09-11T19:18:36.065+0000][1][safepoint    ] Safepoint "Cleanup", Time since last: 6001790891 ns, Reaching safepoint: 141757 ns, At safepoint: 14030 ns, Total: 155787 ns
[2020-09-11T19:18:51.038+0000][1][gc,start     ] GC(394) Pause Young (Allocation Failure)
[2020-09-11T19:18:51.038+0000][1][gc,task      ] GC(394) Using 1 workers of 1 for evacuation
[2020-09-11T19:18:51.053+0000][1][gc,age       ] GC(394) Desired survivor size 4358144 bytes, new threshold 6 (max threshold 6)
[2020-09-11T19:18:51.053+0000][1][gc,age       ] GC(394) Age table with threshold 6 (max threshold 6)
[2020-09-11T19:18:51.053+0000][1][gc,age       ] GC(394) - age   1:     109392 bytes,     109392 total
[2020-09-11T19:18:51.053+0000][1][gc,age       ] GC(394) - age   2:     352072 bytes,     461464 total
[2020-09-11T19:18:51.053+0000][1][gc,age       ] GC(394) - age   3:     128224 bytes,     589688 total
[2020-09-11T19:18:51.053+0000][1][gc,age       ] GC(394) - age   4:      14688 bytes,     604376 total
[2020-09-11T19:18:51.053+0000][1][gc,age       ] GC(394) - age   5:      14944 bytes,     619320 total
[2020-09-11T19:18:51.053+0000][1][gc,age       ] GC(394) - age   6:    1293280 bytes,    1912600 total
[2020-09-11T19:18:51.053+0000][1][gc,heap      ] GC(394) ParNew: 71491K->2224K(76672K)
[2020-09-11T19:18:51.053+0000][1][gc,heap      ] GC(394) CMS: 213411K->213418K(2011968K)
[2020-09-11T19:18:51.053+0000][1][gc,metaspace ] GC(394) Metaspace: 100488K->100488K(1142784K)
[2020-09-11T19:18:51.053+0000][1][gc           ] GC(394) Pause Young (Allocation Failure) 278M->210M(2039M) 14.829ms
[2020-09-11T19:18:51.053+0000][1][gc,cpu       ] GC(394) User=0.02s Sys=0.00s Real=0.01s
[2020-09-11T19:18:51.060+0000][1][safepoint    ] Safepoint "GenCollectForAllocation", Time since last: 14972672238 ns, Reaching safepoint: 89766 ns, At safepoint: 22490350 ns, Total: 22580116 ns
[2020-09-11T19:18:52.062+0000][1][safepoint    ] Safepoint "Cleanup", Time since last: 1001505660 ns, Reaching safepoint: 96184 ns, At safepoint: 7856 ns, Total: 104040 ns
[2020-09-11T19:19:10.115+0000][1][gc,start     ] GC(395) Pause Young (Allocation Failure)
[2020-09-11T19:19:10.115+0000][1][gc,task      ] GC(395) Using 1 workers of 1 for evacuation
[2020-09-11T19:19:10.152+0000][1][gc,age       ] GC(395) Desired survivor size 4358144 bytes, new threshold 6 (max threshold 6)
[2020-09-11T19:19:10.152+0000][1][gc,age       ] GC(395) Age table with threshold 6 (max threshold 6)
[2020-09-11T19:19:10.152+0000][1][gc,age       ] GC(395) - age   1:     116200 bytes,     116200 total
[2020-09-11T19:19:10.152+0000][1][gc,age       ] GC(395) - age   2:      27888 bytes,     144088 total
[2020-09-11T19:19:10.152+0000][1][gc,age       ] GC(395) - age   3:     327520 bytes,     471608 total
[2020-09-11T19:19:10.152+0000][1][gc,age       ] GC(395) - age   4:     124616 bytes,     596224 total
[2020-09-11T19:19:10.152+0000][1][gc,age       ] GC(395) - age   5:       8128 bytes,     604352 total
[2020-09-11T19:19:10.152+0000][1][gc,age       ] GC(395) - age   6:      14648 bytes,     619000 total
[2020-09-11T19:19:10.152+0000][1][gc,heap      ] GC(395) ParNew: 70384K->1678K(76672K)
[2020-09-11T19:19:10.152+0000][1][gc,heap      ] GC(395) CMS: 213418K->214682K(2011968K)
[2020-09-11T19:19:10.152+0000][1][gc,metaspace ] GC(395) Metaspace: 100488K->100488K(1142784K)
[2020-09-11T19:19:10.152+0000][1][gc           ] GC(395) Pause Young (Allocation Failure) 277M->211M(2039M) 37.075ms
[2020-09-11T19:19:10.152+0000][1][gc,cpu       ] GC(395) User=0.01s Sys=0.00s Real=0.04s
[2020-09-11T19:19:10.152+0000][1][safepoint    ] Safepoint "GenCollectForAllocation", Time since last: 18052808978 ns, Reaching safepoint: 164920 ns, At safepoint: 37161340 ns, Total: 37326260 ns
[2020-09-11T19:19:12.163+0000][1][safepoint    ] Safepoint "Cleanup", Time since last: 2011043468 ns, Reaching safepoint: 128219 ns, At safepoint: 7168 ns, Total: 135387 ns
[2020-09-11T19:19:15.166+0000][1][safepoint    ] Safepoint "Cleanup", Time since last: 3002338568 ns, Reaching safepoint: 172096 ns, At safepoint: 8753 ns, Total: 180849 ns
[2020-09-11T19:19:21.167+0000][1][safepoint    ] Safepoint "Cleanup", Time since last: 6000810272 ns, Reaching safepoint: 115029 ns, At safepoint: 6982 ns, Total: 122011 ns
[2020-09-11T19:19:29.168+0000][1][safepoint    ] Safepoint "Cleanup", Time since last: 8001503407 ns, Reaching safepoint: 121310 ns, At safepoint: 9253 ns, Total: 130563 ns
[2020-09-11T19:19:30.336+0000][1][gc,start     ] GC(396) Pause Young (Allocation Failure)
[2020-09-11T19:19:30.336+0000][1][gc,task      ] GC(396) Using 1 workers of 1 for evacuation
[2020-09-11T19:19:30.353+0000][1][gc,age       ] GC(396) Desired survivor size 4358144 bytes, new threshold 6 (max threshold 6)
[2020-09-11T19:19:30.353+0000][1][gc,age       ] GC(396) Age table with threshold 6 (max threshold 6)
[2020-09-11T19:19:30.353+0000][1][gc,age       ] GC(396) - age   1:     397688 bytes,     397688 total
[2020-09-11T19:19:30.353+0000][1][gc,age       ] GC(396) - age   2:      45272 bytes,     442960 total
[2020-09-11T19:19:30.353+0000][1][gc,age       ] GC(396) - age   3:      20624 bytes,     463584 total
[2020-09-11T19:19:30.353+0000][1][gc,age       ] GC(396) - age   4:     278872 bytes,     742456 total
[2020-09-11T19:19:30.353+0000][1][gc,age       ] GC(396) - age   5:       9936 bytes,     752392 total
[2020-09-11T19:19:30.353+0000][1][gc,age       ] GC(396) - age   6:       7792 bytes,     760184 total
[2020-09-11T19:19:30.353+0000][1][gc,heap      ] GC(396) ParNew: 69838K->1141K(76672K)
[2020-09-11T19:19:30.353+0000][1][gc,heap      ] GC(396) CMS: 214682K->214695K(2011968K)
[2020-09-11T19:19:30.353+0000][1][gc,metaspace ] GC(396) Metaspace: 100488K->100488K(1142784K)
[2020-09-11T19:19:30.353+0000][1][gc           ] GC(396) Pause Young (Allocation Failure) 277M->210M(2039M) 16.911ms
[2020-09-11T19:19:30.353+0000][1][gc,cpu       ] GC(396) User=0.02s Sys=0.00s Real=0.02s
[2020-09-11T19:19:30.353+0000][1][safepoint    ] Safepoint "GenCollectForAllocation", Time since last: 1165590829 ns, Reaching safepoint: 2041273 ns, At safepoint: 17034914 ns, Total: 19076187 ns
[2020-09-11T19:19:35.356+0000][1][safepoint    ] Safepoint "Cleanup", Time since last: 5003103328 ns, Reaching safepoint: 169401 ns, At safepoint: 20006 ns, Total: 189407 ns
[2020-09-11T19:19:36.357+0000][1][safepoint    ] Safepoint "Cleanup", Time since last: 1000185278 ns, Reaching safepoint: 171767 ns, At safepoint: 18369 ns, Total: 190136 ns
[2020-09-11T19:19:48.432+0000][1][gc,start     ] GC(397) Pause Young (Allocation Failure)
[2020-09-11T19:19:48.432+0000][1][gc,task      ] GC(397) Using 1 workers of 1 for evacuation
[2020-09-11T19:19:48.448+0000][1][gc,age       ] GC(397) Desired survivor size 4358144 bytes, new threshold 6 (max threshold 6)
[2020-09-11T19:19:48.448+0000][1][gc,age       ] GC(397) Age table with threshold 6 (max threshold 6)
[2020-09-11T19:19:48.448+0000][1][gc,age       ] GC(397) - age   1:     350232 bytes,     350232 total
[2020-09-11T19:19:48.448+0000][1][gc,age       ] GC(397) - age   2:     289616 bytes,     639848 total
[2020-09-11T19:19:48.448+0000][1][gc,age       ] GC(397) - age   3:      43448 bytes,     683296 total
[2020-09-11T19:19:48.448+0000][1][gc,age       ] GC(397) - age   4:      20592 bytes,     703888 total
[2020-09-11T19:19:48.448+0000][1][gc,age       ] GC(397) - age   5:      59760 bytes,     763648 total
[2020-09-11T19:19:48.448+0000][1][gc,age       ] GC(397) - age   6:       9936 bytes,     773584 total
[2020-09-11T19:19:48.448+0000][1][gc,heap      ] GC(397) ParNew: 69301K->1398K(76672K)
[2020-09-11T19:19:48.448+0000][1][gc,heap      ] GC(397) CMS: 214695K->214702K(2011968K)
[2020-09-11T19:19:48.448+0000][1][gc,metaspace ] GC(397) Metaspace: 100488K->100488K(1142784K)
[2020-09-11T19:19:48.448+0000][1][gc           ] GC(397) Pause Young (Allocation Failure) 277M->211M(2039M) 15.598ms
[2020-09-11T19:19:48.448+0000][1][gc,cpu       ] GC(397) User=0.02s Sys=0.00s Real=0.02s
[2020-09-11T19:19:48.448+0000][1][safepoint    ] Safepoint "GenCollectForAllocation", Time since last: 12075382004 ns, Reaching safepoint: 207085 ns, At safepoint: 15672870 ns, Total: 15879955 ns
[2020-09-11T19:20:08.510+0000][1][gc,start     ] GC(398) Pause Young (Allocation Failure)
[2020-09-11T19:20:08.510+0000][1][gc,task      ] GC(398) Using 1 workers of 1 for evacuation
[2020-09-11T19:20:08.537+0000][1][gc,age       ] GC(398) Desired survivor size 4358144 bytes, new threshold 6 (max threshold 6)
[2020-09-11T19:20:08.537+0000][1][gc,age       ] GC(398) Age table with threshold 6 (max threshold 6)
[2020-09-11T19:20:08.537+0000][1][gc,age       ] GC(398) - age   1:     269864 bytes,     269864 total
[2020-09-11T19:20:08.537+0000][1][gc,age       ] GC(398) - age   2:     256872 bytes,     526736 total
[2020-09-11T19:20:08.538+0000][1][gc,age       ] GC(398) - age   3:     283088 bytes,     809824 total
[2020-09-11T19:20:08.538+0000][1][gc,age       ] GC(398) - age   4:      43280 bytes,     853104 total
[2020-09-11T19:20:08.538+0000][1][gc,age       ] GC(398) - age   5:       9320 bytes,     862424 total
[2020-09-11T19:20:08.538+0000][1][gc,age       ] GC(398) - age   6:      15952 bytes,     878376 total
[2020-09-11T19:20:08.538+0000][1][gc,heap      ] GC(398) ParNew: 69558K->916K(76672K)
[2020-09-11T19:20:08.538+0000][1][gc,heap      ] GC(398) CMS: 214702K->214712K(2011968K)
[2020-09-11T19:20:08.538+0000][1][gc,metaspace ] GC(398) Metaspace: 100489K->100489K(1142784K)
[2020-09-11T19:20:08.540+0000][1][gc           ] GC(398) Pause Young (Allocation Failure) 277M->210M(2039M) 30.186ms
[2020-09-11T19:20:08.540+0000][1][gc,cpu       ] GC(398) User=0.01s Sys=0.00s Real=0.03s
[2020-09-11T19:20:08.540+0000][1][safepoint    ] Safepoint "GenCollectForAllocation", Time since last: 20059253998 ns, Reaching safepoint: 2533946 ns, At safepoint: 30339490 ns, Total: 32873436 ns
[2020-09-11T19:20:21.550+0000][1][safepoint    ] Safepoint "Cleanup", Time since last: 13008868472 ns, Reaching safepoint: 497706 ns, At safepoint: 23808 ns, Total: 521514 ns
[2020-09-11T19:20:28.437+0000][1][gc,start     ] GC(399) Pause Young (Allocation Failure)
[2020-09-11T19:20:28.438+0000][1][gc,task      ] GC(399) Using 1 workers of 1 for evacuation
[2020-09-11T19:20:28.452+0000][1][gc,age       ] GC(399) Desired survivor size 4358144 bytes, new threshold 6 (max threshold 6)
[2020-09-11T19:20:28.452+0000][1][gc,age       ] GC(399) Age table with threshold 6 (max threshold 6)
[2020-09-11T19:20:28.452+0000][1][gc,age       ] GC(399) - age   1:     221152 bytes,     221152 total
[2020-09-11T19:20:28.452+0000][1][gc,age       ] GC(399) - age   2:      73456 bytes,     294608 total
[2020-09-11T19:20:28.452+0000][1][gc,age       ] GC(399) - age   3:     251704 bytes,     546312 total
[2020-09-11T19:20:28.452+0000][1][gc,age       ] GC(399) - age   4:     222848 bytes,     769160 total
[2020-09-11T19:20:28.452+0000][1][gc,age       ] GC(399) - age   5:       6976 bytes,     776136 total
[2020-09-11T19:20:28.452+0000][1][gc,age       ] GC(399) - age   6:       6840 bytes,     782976 total
[2020-09-11T19:20:28.452+0000][1][gc,heap      ] GC(399) ParNew: 69076K->1515K(76672K)
[2020-09-11T19:20:28.452+0000][1][gc,heap      ] GC(399) CMS: 214712K->214728K(2011968K)
[2020-09-11T19:20:28.452+0000][1][gc,metaspace ] GC(399) Metaspace: 100489K->100489K(1142784K)
[2020-09-11T19:20:28.452+0000][1][gc           ] GC(399) Pause Young (Allocation Failure) 277M->211M(2039M) 14.905ms
[2020-09-11T19:20:28.452+0000][1][gc,cpu       ] GC(399) User=0.02s Sys=0.00s Real=0.02s
[2020-09-11T19:20:28.452+0000][1][safepoint    ] Safepoint "GenCollectForAllocation", Time since last: 6887701266 ns, Reaching safepoint: 213228 ns, At safepoint: 14978980 ns, Total: 15192208 ns
[2020-09-11T19:20:45.268+0000][1][gc,start     ] GC(400) Pause Young (Allocation Failure)
[2020-09-11T19:20:45.268+0000][1][gc,task      ] GC(400) Using 1 workers of 1 for evacuation
[2020-09-11T19:20:45.282+0000][1][gc,age       ] GC(400) Desired survivor size 4358144 bytes, new threshold 6 (max threshold 6)
[2020-09-11T19:20:45.282+0000][1][gc,age       ] GC(400) Age table with threshold 6 (max threshold 6)
[2020-09-11T19:20:45.282+0000][1][gc,age       ] GC(400) - age   1:     243024 bytes,     243024 total
[2020-09-11T19:20:45.282+0000][1][gc,age       ] GC(400) - age   2:     133424 bytes,     376448 total
[2020-09-11T19:20:45.282+0000][1][gc,age       ] GC(400) - age   3:      72808 bytes,     449256 total
[2020-09-11T19:20:45.282+0000][1][gc,age       ] GC(400) - age   4:     251640 bytes,     700896 total
[2020-09-11T19:20:45.282+0000][1][gc,age       ] GC(400) - age   5:      99160 bytes,     800056 total
[2020-09-11T19:20:45.282+0000][1][gc,age       ] GC(400) - age   6:       6976 bytes,     807032 total
[2020-09-11T19:20:45.282+0000][1][gc,heap      ] GC(400) ParNew: 69675K->952K(76672K)
[2020-09-11T19:20:45.282+0000][1][gc,heap      ] GC(400) CMS: 214728K->214734K(2011968K)
[2020-09-11T19:20:45.282+0000][1][gc,metaspace ] GC(400) Metaspace: 100489K->100489K(1142784K)
[2020-09-11T19:20:45.282+0000][1][gc           ] GC(400) Pause Young (Allocation Failure) 277M->210M(2039M) 14.338ms
[2020-09-11T19:20:45.282+0000][1][gc,cpu       ] GC(400) User=0.01s Sys=0.00s Real=0.01s
[2020-09-11T19:20:45.282+0000][1][safepoint    ] Safepoint "GenCollectForAllocation", Time since last: 16814385438 ns, Reaching safepoint: 681780 ns, At safepoint: 14417947 ns, Total: 15099727 ns
[2020-09-11T19:20:59.286+0000][1][safepoint    ] Safepoint "Cleanup", Time since last: 14003595806 ns, Reaching safepoint: 199621 ns, At safepoint: 17670 ns, Total: 217291 ns
[2020-09-11T19:21:00.850+0000][1][gc,start     ] GC(401) Pause Young (Allocation Failure)
[2020-09-11T19:21:00.850+0000][1][gc,task      ] GC(401) Using 1 workers of 1 for evacuation
[2020-09-11T19:21:00.864+0000][1][gc,age       ] GC(401) Desired survivor size 4358144 bytes, new threshold 6 (max threshold 6)
[2020-09-11T19:21:00.864+0000][1][gc,age       ] GC(401) Age table with threshold 6 (max threshold 6)
[2020-09-11T19:21:00.864+0000][1][gc,age       ] GC(401) - age   1:     487776 bytes,     487776 total
[2020-09-11T19:21:00.864+0000][1][gc,age       ] GC(401) - age   2:     184248 bytes,     672024 total
[2020-09-11T19:21:00.864+0000][1][gc,age       ] GC(401) - age   3:     119232 bytes,     791256 total
[2020-09-11T19:21:00.864+0000][1][gc,age       ] GC(401) - age   4:      60880 bytes,     852136 total
[2020-09-11T19:21:00.864+0000][1][gc,age       ] GC(401) - age   5:       5112 bytes,     857248 total
[2020-09-11T19:21:00.864+0000][1][gc,age       ] GC(401) - age   6:      99128 bytes,     956376 total
[2020-09-11T19:21:00.864+0000][1][gc,heap      ] GC(401) ParNew: 69112K->1420K(76672K)
[2020-09-11T19:21:00.864+0000][1][gc,heap      ] GC(401) CMS: 214734K->214741K(2011968K)
[2020-09-11T19:21:00.864+0000][1][gc,metaspace ] GC(401) Metaspace: 100493K->100493K(1142784K)
[2020-09-11T19:21:00.864+0000][1][gc           ] GC(401) Pause Young (Allocation Failure) 277M->211M(2039M) 13.645ms
[2020-09-11T19:21:00.864+0000][1][gc,cpu       ] GC(401) User=0.01s Sys=0.00s Real=0.01s
[2020-09-11T19:21:00.864+0000][1][safepoint    ] Safepoint "GenCollectForAllocation", Time since last: 1564352958 ns, Reaching safepoint: 212005 ns, At safepoint: 13749303 ns, Total: 13961308 ns
[2020-09-11T19:21:01.871+0000][1][safepoint    ] Safepoint "Cleanup", Time since last: 1006977515 ns, Reaching safepoint: 124719 ns, At safepoint: 7712 ns, Total: 132431 ns
[2020-09-11T19:21:08.872+0000][1][safepoint    ] Safepoint "Cleanup", Time since last: 7001076944 ns, Reaching safepoint: 114351 ns, At safepoint: 6658 ns, Total: 121009 ns
[2020-09-11T19:21:18.874+0000][1][safepoint    ] Safepoint "Cleanup", Time since last: 10001401340 ns, Reaching safepoint: 172973 ns, At safepoint: 18071 ns, Total: 191044 ns
[2020-09-11T19:21:20.850+0000][1][gc,start     ] GC(402) Pause Young (Allocation Failure)
[2020-09-11T19:21:20.850+0000][1][gc,task      ] GC(402) Using 1 workers of 1 for evacuation
[2020-09-11T19:21:20.864+0000][1][gc,age       ] GC(402) Desired survivor size 4358144 bytes, new threshold 6 (max threshold 6)
[2020-09-11T19:21:20.864+0000][1][gc,age       ] GC(402) Age table with threshold 6 (max threshold 6)
[2020-09-11T19:21:20.864+0000][1][gc,age       ] GC(402) - age   1:     314712 bytes,     314712 total
[2020-09-11T19:21:20.864+0000][1][gc,age       ] GC(402) - age   2:     389456 bytes,     704168 total
[2020-09-11T19:21:20.864+0000][1][gc,age       ] GC(402) - age   3:     179112 bytes,     883280 total
[2020-09-11T19:21:20.864+0000][1][gc,age       ] GC(402) - age   4:     118736 bytes,    1002016 total
[2020-09-11T19:21:20.864+0000][1][gc,age       ] GC(402) - age   5:      50816 bytes,    1052832 total
[2020-09-11T19:21:20.864+0000][1][gc,age       ] GC(402) - age   6:       5112 bytes,    1057944 total
[2020-09-11T19:21:20.864+0000][1][gc,heap      ] GC(402) ParNew: 69580K->1756K(76672K)
[2020-09-11T19:21:20.864+0000][1][gc,heap      ] GC(402) CMS: 214741K->214838K(2011968K)
[2020-09-11T19:21:20.864+0000][1][gc,metaspace ] GC(402) Metaspace: 100500K->100500K(1142784K)
[2020-09-11T19:21:20.864+0000][1][gc           ] GC(402) Pause Young (Allocation Failure) 277M->211M(2039M) 13.976ms
[2020-09-11T19:21:20.864+0000][1][gc,cpu       ] GC(402) User=0.02s Sys=0.00s Real=0.01s
[2020-09-11T19:21:20.864+0000][1][safepoint    ] Safepoint "GenCollectForAllocation", Time since last: 1975541207 ns, Reaching safepoint: 218613 ns, At safepoint: 14053713 ns, Total: 14272326 ns
                                                                                                                                                                                                                                                                                                                                                                                                                                                                                      