[2020-09-11T15:37:23.527+0000][1][gc] Using Concurrent Mark Sweep
[2020-09-11T15:37:23.527+0000][1][gc,heap,coops] Heap address: 0x0000000080000000, size: 2048 MB, Compressed Oops mode: 32-bit
[2020-09-11T15:37:23.853+0000][1][safepoint    ] Safepoint "EnableBiasedLocking", Time since last: 293964837 ns, Reaching safepoint: 1173923 ns, At safepoint: 39607 ns, Total: 1213530 ns
[2020-09-11T15:37:23.869+0000][1][safepoint    ] Safepoint "RevokeBias", Time since last: 14745446 ns, Reaching safepoint: 1209546 ns, At safepoint: 45154 ns, Total: 1254700 ns
[2020-09-11T15:37:23.953+0000][1][safepoint    ] Safepoint "Deoptimize", Time since last: 80007363 ns, Reaching safepoint: 3945554 ns, At safepoint: 28535 ns, Total: 3974089 ns
[2020-09-11T15:37:24.750+0000][1][safepoint    ] Safepoint "RevokeBias", Time since last: 796003766 ns, Reaching safepoint: 1340162 ns, At safepoint: 43145 ns, Total: 1383307 ns
[2020-09-11T15:37:24.805+0000][1][safepoint    ] Safepoint "RevokeBias", Time since last: 49029002 ns, Reaching safepoint: 5567178 ns, At safepoint: 35051 ns, Total: 5602229 ns
[2020-09-11T15:37:24.815+0000][1][safepoint    ] Safepoint "Deoptimize", Time since last: 9492464 ns, Reaching safepoint: 877128 ns, At safepoint: 38780 ns, Total: 915908 ns
[2020-09-11T15:37:24.833+0000][1][safepoint    ] Safepoint "Deoptimize", Time since last: 13572870 ns, Reaching safepoint: 3987694 ns, At safepoint: 37262 ns, Total: 4024956 ns
[2020-09-11T15:37:25.133+0000][1][safepoint    ] Safepoint "Deoptimize", Time since last: 294362942 ns, Reaching safepoint: 5610007 ns, At safepoint: 52196 ns, Total: 5662203 ns
[2020-09-11T15:37:26.165+0000][1][safepoint    ] Safepoint "Cleanup", Time since last: 1014172184 ns, Reaching safepoint: 17623909 ns, At safepoint: 10121 ns, Total: 17634030 ns
[2020-09-11T15:37:27.170+0000][1][safepoint    ] Safepoint "Cleanup", Time since last: 1004829079 ns, Reaching safepoint: 484696 ns, At safepoint: 5907 ns, Total: 490603 ns
[2020-09-11T15:37:27.939+0000][1][safepoint    ] Safepoint "Deoptimize", Time since last: 768828754 ns, Reaching safepoint: 104120 ns, At safepoint: 62787 ns, Total: 166907 ns
[2020-09-11T15:37:28.319+0000][1][safepoint    ] Safepoint "Deoptimize", Time since last: 380315099 ns, Reaching safepoint: 91620 ns, At safepoint: 73636 ns, Total: 165256 ns
[2020-09-11T15:37:28.754+0000][1][safepoint    ] Safepoint "Deoptimize", Time since last: 433510679 ns, Reaching safepoint: 1171795 ns, At safepoint: 75125 ns, Total: 1246920 ns
[2020-09-11T15:37:29.770+0000][1][safepoint    ] Safepoint "Cleanup", Time since last: 1004135548 ns, Reaching safepoint: 11157106 ns, At safepoint: 8886 ns, Total: 11165992 ns
[2020-09-11T15:37:30.770+0000][1][safepoint    ] Safepoint "Cleanup", Time since last: 1000109454 ns, Reaching safepoint: 115346 ns, At safepoint: 4955 ns, Total: 120301 ns
[2020-09-11T15:37:31.135+0000][1][safepoint    ] Safepoint "Deoptimize", Time since last: 365255518 ns, Reaching safepoint: 95667 ns, At safepoint: 96511 ns, Total: 192178 ns
[2020-09-11T15:37:32.145+0000][1][safepoint    ] Safepoint "Cleanup", Time since last: 1009596273 ns, Reaching safepoint: 63115 ns, At safepoint: 5536 ns, Total: 68651 ns
[2020-09-11T15:37:33.841+0000][1][safepoint    ] Safepoint "Deoptimize", Time since last: 1696257406 ns, Reaching safepoint: 99363 ns, At safepoint: 95587 ns, Total: 194950 ns
[2020-09-11T15:37:34.854+0000][1][safepoint    ] Safepoint "Cleanup", Time since last: 1003459448 ns, Reaching safepoint: 8966756 ns, At safepoint: 7765 ns, Total: 8974521 ns
[2020-09-11T15:37:35.854+0000][1][safepoint    ] Safepoint "Cleanup", Time since last: 1000106409 ns, Reaching safepoint: 104671 ns, At safepoint: 4975 ns, Total: 109646 ns
[2020-09-11T15:37:36.227+0000][1][safepoint    ] Safepoint "Deoptimize", Time since last: 372638071 ns, Reaching safepoint: 104664 ns, At safepoint: 117327 ns, Total: 221991 ns
[2020-09-11T15:37:36.227+0000][1][safepoint    ] Safepoint "Deoptimize", Time since last: 178566 ns, Reaching safepoint: 78211 ns, At safepoint: 43429 ns, Total: 121640 ns
[2020-09-11T15:37:36.532+0000][1][safepoint    ] Safepoint "Deoptimize", Time since last: 298310668 ns, Reaching safepoint: 6260262 ns, At safepoint: 129833 ns, Total: 6390095 ns
[2020-09-11T15:37:36.577+0000][1][safepoint    ] Safepoint "Deoptimize", Time since last: 45345016 ns, Reaching safepoint: 95894 ns, At safepoint: 120024 ns, Total: 215918 ns
[2020-09-11T15:37:36.661+0000][1][safepoint    ] Safepoint "RevokeBias", Time since last: 83302733 ns, Reaching safepoint: 93306 ns, At safepoint: 27271 ns, Total: 120577 ns
[2020-09-11T15:37:36.661+0000][1][safepoint    ] Safepoint "RevokeBias", Time since last: 437768 ns, Reaching safepoint: 79926 ns, At safepoint: 17849 ns, Total: 97775 ns
[2020-09-11T15:37:36.661+0000][1][safepoint    ] Safepoint "RevokeBias", Time since last: 55060 ns, Reaching safepoint: 77516 ns, At safepoint: 16951 ns, Total: 94467 ns
[2020-09-11T15:37:36.662+0000][1][safepoint    ] Safepoint "RevokeBias", Time since last: 179137 ns, Reaching safepoint: 76953 ns, At safepoint: 17896 ns, Total: 94849 ns
[2020-09-11T15:37:36.665+0000][1][safepoint    ] Safepoint "RevokeBias", Time since last: 3282912 ns, Reaching safepoint: 354760 ns, At safepoint: 23389 ns, Total: 378149 ns
[2020-09-11T15:37:37.673+0000][1][safepoint    ] Safepoint "Cleanup", Time since last: 1003098739 ns, Reaching safepoint: 4273236 ns, At safepoint: 12407 ns, Total: 4285643 ns
[2020-09-11T15:37:38.689+0000][1][safepoint    ] Safepoint "Cleanup", Time since last: 1015969697 ns, Reaching safepoint: 190326 ns, At safepoint: 6690 ns, Total: 197016 ns
[2020-09-11T15:37:39.721+0000][1][safepoint    ] Safepoint "Cleanup", Time since last: 1019781397 ns, Reaching safepoint: 12060647 ns, At safepoint: 15551 ns, Total: 12076198 ns
[2020-09-11T15:37:40.281+0000][1][gc,start     ] GC(0) Pause Young (Allocation Failure)
[2020-09-11T15:37:40.281+0000][1][gc,task      ] GC(0) Using 1 workers of 1 for evacuation
[2020-09-11T15:37:40.426+0000][1][gc,age       ] GC(0) Desired survivor size 4358144 bytes, new threshold 1 (max threshold 6)
[2020-09-11T15:37:40.426+0000][1][gc,age       ] GC(0) Age table with threshold 1 (max threshold 6)
[2020-09-11T15:37:40.426+0000][1][gc,age       ] GC(0) - age   1:    6451120 bytes,    6451120 total
[2020-09-11T15:37:40.426+0000][1][gc,heap      ] GC(0) ParNew: 68160K->6327K(76672K)
[2020-09-11T15:37:40.426+0000][1][gc,heap      ] GC(0) CMS: 0K->0K(2011968K)
[2020-09-11T15:37:40.426+0000][1][gc,metaspace ] GC(0) Metaspace: 13621K->13621K(1062912K)
[2020-09-11T15:37:40.426+0000][1][gc           ] GC(0) Pause Young (Allocation Failure) 66M->6M(2039M) 145.264ms
[2020-09-11T15:37:40.426+0000][1][gc,cpu       ] GC(0) User=0.03s Sys=0.00s Real=0.14s
[2020-09-11T15:37:40.430+0000][1][safepoint    ] Safepoint "GenCollectForAllocation", Time since last: 559946795 ns, Reaching safepoint: 115750 ns, At safepoint: 148701928 ns, Total: 148817678 ns
[2020-09-11T15:37:40.476+0000][1][safepoint    ] Safepoint "RevokeBias", Time since last: 40864587 ns, Reaching safepoint: 5074643 ns, At safepoint: 172141 ns, Total: 5246784 ns
[2020-09-11T15:37:40.497+0000][1][safepoint    ] Safepoint "RevokeBias", Time since last: 137910 ns, Reaching safepoint: 918854 ns, At safepoint: 20026035 ns, Total: 20944889 ns
[2020-09-11T15:37:40.497+0000][1][safepoint    ] Safepoint "RevokeBias", Time since last: 515149 ns, Reaching safepoint: 93130 ns, At safepoint: 27167 ns, Total: 120297 ns
[2020-09-11T15:37:40.505+0000][1][safepoint    ] Safepoint "RevokeBias", Time since last: 7362577 ns, Reaching safepoint: 31396 ns, At safepoint: 32751 ns, Total: 64147 ns
[2020-09-11T15:37:40.516+0000][1][safepoint    ] Safepoint "RevokeBias", Time since last: 10945254 ns, Reaching safepoint: 29228 ns, At safepoint: 30505 ns, Total: 59733 ns
[2020-09-11T15:37:40.525+0000][1][safepoint    ] Safepoint "RevokeBias", Time since last: 8927355 ns, Reaching safepoint: 99069 ns, At safepoint: 28627 ns, Total: 127696 ns
[2020-09-11T15:37:40.525+0000][1][safepoint    ] Safepoint "RevokeBias", Time since last: 76235 ns, Reaching safepoint: 77494 ns, At safepoint: 15410 ns, Total: 92904 ns
[2020-09-11T15:37:40.525+0000][1][safepoint    ] Safepoint "RevokeBias", Time since last: 29335 ns, Reaching safepoint: 76457 ns, At safepoint: 17080 ns, Total: 93537 ns
[2020-09-11T15:37:40.525+0000][1][safepoint    ] Safepoint "RevokeBias", Time since last: 45277 ns, Reaching safepoint: 77374 ns, At safepoint: 16118 ns, Total: 93492 ns
[2020-09-11T15:37:40.525+0000][1][safepoint    ] Safepoint "RevokeBias", Time since last: 28530 ns, Reaching safepoint: 76487 ns, At safepoint: 16082 ns, Total: 92569 ns
[2020-09-11T15:37:40.526+0000][1][safepoint    ] Safepoint "RevokeBias", Time since last: 33963 ns, Reaching safepoint: 79251 ns, At safepoint: 21284 ns, Total: 100535 ns
[2020-09-11T15:37:40.526+0000][1][safepoint    ] Safepoint "RevokeBias", Time since last: 28534 ns, Reaching safepoint: 76744 ns, At safepoint: 17065 ns, Total: 93809 ns
[2020-09-11T15:37:40.531+0000][1][safepoint    ] Safepoint "RevokeBias", Time since last: 56738 ns, Reaching safepoint: 4945816 ns, At safepoint: 40556 ns, Total: 4986372 ns
[2020-09-11T15:37:40.531+0000][1][safepoint    ] Safepoint "RevokeBias", Time since last: 62699 ns, Reaching safepoint: 81626 ns, At safepoint: 18946 ns, Total: 100572 ns
[2020-09-11T15:37:40.531+0000][1][safepoint    ] Safepoint "RevokeBias", Time since last: 67246 ns, Reaching safepoint: 79656 ns, At safepoint: 20294 ns, Total: 99950 ns
[2020-09-11T15:37:40.531+0000][1][safepoint    ] Safepoint "RevokeBias", Time since last: 29282 ns, Reaching safepoint: 77260 ns, At safepoint: 17540 ns, Total: 94800 ns
[2020-09-11T15:37:40.531+0000][1][safepoint    ] Safepoint "RevokeBias", Time since last: 133434 ns, Reaching safepoint: 78244 ns, At safepoint: 17506 ns, Total: 95750 ns
[2020-09-11T15:37:40.532+0000][1][safepoint    ] Safepoint "RevokeBias", Time since last: 28647 ns, Reaching safepoint: 81686 ns, At safepoint: 22755 ns, Total: 104441 ns
[2020-09-11T15:37:40.532+0000][1][safepoint    ] Safepoint "RevokeBias", Time since last: 36954 ns, Reaching safepoint: 77395 ns, At safepoint: 18059 ns, Total: 95454 ns
[2020-09-11T15:37:40.532+0000][1][safepoint    ] Safepoint "RevokeBias", Time since last: 27175 ns, Reaching safepoint: 75489 ns, At safepoint: 16894 ns, Total: 92383 ns
[2020-09-11T15:37:40.532+0000][1][safepoint    ] Safepoint "RevokeBias", Time since last: 46528 ns, Reaching safepoint: 76691 ns, At safepoint: 17169 ns, Total: 93860 ns
[2020-09-11T15:37:40.532+0000][1][safepoint    ] Safepoint "RevokeBias", Time since last: 26972 ns, Reaching safepoint: 75801 ns, At safepoint: 16621 ns, Total: 92422 ns
[2020-09-11T15:37:40.532+0000][1][safepoint    ] Safepoint "RevokeBias", Time since last: 128798 ns, Reaching safepoint: 77620 ns, At safepoint: 17233 ns, Total: 94853 ns
[2020-09-11T15:37:40.532+0000][1][safepoint    ] Safepoint "RevokeBias", Time since last: 27215 ns, Reaching safepoint: 77037 ns, At safepoint: 16898 ns, Total: 93935 ns
[2020-09-11T15:37:40.533+0000][1][safepoint    ] Safepoint "RevokeBias", Time since last: 36135 ns, Reaching safepoint: 79265 ns, At safepoint: 19188 ns, Total: 98453 ns
[2020-09-11T15:37:40.533+0000][1][safepoint    ] Safepoint "RevokeBias", Time since last: 36381 ns, Reaching safepoint: 78233 ns, At safepoint: 18364 ns, Total: 96597 ns
[2020-09-11T15:37:40.544+0000][1][safepoint    ] Safepoint "RevokeBias", Time since last: 10884209 ns, Reaching safepoint: 107441 ns, At safepoint: 32846 ns, Total: 140287 ns
[2020-09-11T15:37:40.544+0000][1][safepoint    ] Safepoint "RevokeBias", Time since last: 58665 ns, Reaching safepoint: 77638 ns, At safepoint: 20184 ns, Total: 97822 ns
[2020-09-11T15:37:40.544+0000][1][safepoint    ] Safepoint "RevokeBias", Time since last: 103088 ns, Reaching safepoint: 77908 ns, At safepoint: 22958 ns, Total: 100866 ns
[2020-09-11T15:37:40.544+0000][1][safepoint    ] Safepoint "RevokeBias", Time since last: 28496 ns, Reaching safepoint: 76330 ns, At safepoint: 20969 ns, Total: 97299 ns
[2020-09-11T15:37:40.817+0000][1][safepoint    ] Safepoint "Deoptimize", Time since last: 272005786 ns, Reaching safepoint: 114630 ns, At safepoint: 183335 ns, Total: 297965 ns
[2020-09-11T15:37:41.817+0000][1][safepoint    ] Safepoint "Cleanup", Time since last: 1000150102 ns, Reaching safepoint: 129145 ns, At safepoint: 7223 ns, Total: 136368 ns
[2020-09-11T15:37:42.825+0000][1][safepoint    ] Safepoint "Cleanup", Time since last: 1007949696 ns, Reaching safepoint: 118756 ns, At safepoint: 6259 ns, Total: 125015 ns
[2020-09-11T15:37:42.997+0000][1][safepoint    ] Safepoint "RevokeBias", Time since last: 172029239 ns, Reaching safepoint: 105305 ns, At safepoint: 36703 ns, Total: 142008 ns
[2020-09-11T15:37:44.009+0000][1][safepoint    ] Safepoint "Cleanup", Time since last: 1000109560 ns, Reaching safepoint: 11632970 ns, At safepoint: 23964 ns, Total: 11656934 ns
[2020-09-11T15:37:45.020+0000][1][safepoint    ] Safepoint "Cleanup", Time since last: 1007939247 ns, Reaching safepoint: 3095331 ns, At safepoint: 11178 ns, Total: 3106509 ns
[2020-09-11T15:37:45.473+0000][1][safepoint    ] Safepoint "Deoptimize", Time since last: 449747737 ns, Reaching safepoint: 3187921 ns, At safepoint: 196755 ns, Total: 3384676 ns
[2020-09-11T15:37:46.217+0000][1][gc,start     ] GC(1) Pause Young (Allocation Failure)
[2020-09-11T15:37:46.217+0000][1][gc,task      ] GC(1) Using 1 workers of 1 for evacuation
[2020-09-11T15:37:46.418+0000][1][gc,age       ] GC(1) Desired survivor size 4358144 bytes, new threshold 6 (max threshold 6)
[2020-09-11T15:37:46.418+0000][1][gc,age       ] GC(1) Age table with threshold 6 (max threshold 6)
[2020-09-11T15:37:46.418+0000][1][gc,age       ] GC(1) - age   1:    3311856 bytes,    3311856 total
[2020-09-11T15:37:46.418+0000][1][gc,heap      ] GC(1) ParNew: 74487K->4236K(76672K)
[2020-09-11T15:37:46.418+0000][1][gc,heap      ] GC(1) CMS: 0K->6842K(2011968K)
[2020-09-11T15:37:46.418+0000][1][gc,metaspace ] GC(1) Metaspace: 18098K->18098K(1064960K)
[2020-09-11T15:37:46.418+0000][1][gc           ] GC(1) Pause Young (Allocation Failure) 72M->10M(2039M) 201.226ms
[2020-09-11T15:37:46.418+0000][1][gc,cpu       ] GC(1) User=0.05s Sys=0.00s Real=0.20s
[2020-09-11T15:37:46.419+0000][1][safepoint    ] Safepoint "GenCollectForAllocation", Time since last: 741532479 ns, Reaching safepoint: 2267764 ns, At safepoint: 202431596 ns, Total: 204699360 ns
[2020-09-11T15:37:46.480+0000][1][safepoint    ] Safepoint "BulkRevokeBias", Time since last: 59814086 ns, Reaching safepoint: 960720 ns, At safepoint: 95553 ns, Total: 1056273 ns
[2020-09-11T15:37:46.480+0000][1][safepoint    ] Safepoint "RevokeBias", Time since last: 111832 ns, Reaching safepoint: 77839 ns, At safepoint: 24069 ns, Total: 101908 ns
[2020-09-11T15:37:46.480+0000][1][safepoint    ] Safepoint "RevokeBias", Time since last: 44017 ns, Reaching safepoint: 77256 ns, At safepoint: 29933 ns, Total: 107189 ns
[2020-09-11T15:37:46.481+0000][1][safepoint    ] Safepoint "RevokeBias", Time since last: 32635 ns, Reaching safepoint: 75967 ns, At safepoint: 21176 ns, Total: 97143 ns
[2020-09-11T15:37:46.481+0000][1][safepoint    ] Safepoint "RevokeBias", Time since last: 26041 ns, Reaching safepoint: 76725 ns, At safepoint: 22092 ns, Total: 98817 ns
[2020-09-11T15:37:46.483+0000][1][safepoint    ] Safepoint "RevokeBias", Time since last: 2155975 ns, Reaching safepoint: 88813 ns, At safepoint: 40626 ns, Total: 129439 ns
[2020-09-11T15:37:46.483+0000][1][safepoint    ] Safepoint "RevokeBias", Time since last: 32358 ns, Reaching safepoint: 81113 ns, At safepoint: 41143 ns, Total: 122256 ns
[2020-09-11T15:37:46.485+0000][1][safepoint    ] Safepoint "BulkRevokeBias", Time since last: 35687 ns, Reaching safepoint: 1569990 ns, At safepoint: 53055 ns, Total: 1623045 ns
[2020-09-11T15:37:46.489+0000][1][safepoint    ] Safepoint "BulkRevokeBias", Time since last: 37824 ns, Reaching safepoint: 3933619 ns, At safepoint: 98686 ns, Total: 4032305 ns
[2020-09-11T15:37:46.801+0000][1][safepoint    ] Safepoint "Deoptimize", Time since last: 310667775 ns, Reaching safepoint: 1225801 ns, At safepoint: 205300 ns, Total: 1431101 ns
[2020-09-11T15:37:46.933+0000][1][safepoint    ] Safepoint "Deoptimize", Time since last: 125601372 ns, Reaching safepoint: 6219152 ns, At safepoint: 197265 ns, Total: 6416417 ns
[2020-09-11T15:37:47.937+0000][1][safepoint    ] Safepoint "Cleanup", Time since last: 1003770658 ns, Reaching safepoint: 110142 ns, At safepoint: 6399 ns, Total: 116541 ns
[2020-09-11T15:37:48.113+0000][1][safepoint    ] Safepoint "Deoptimize", Time since last: 175405529 ns, Reaching safepoint: 494833 ns, At safepoint: 183495 ns, Total: 678328 ns
[2020-09-11T15:37:48.115+0000][1][safepoint    ] Safepoint "RevokeBias", Time since last: 563407 ns, Reaching safepoint: 1487177 ns, At safepoint: 44495 ns, Total: 1531672 ns
[2020-09-11T15:37:48.119+0000][1][safepoint    ] Safepoint "Deoptimize", Time since last: 918724 ns, Reaching safepoint: 2899712 ns, At safepoint: 195370 ns, Total: 3095082 ns
[2020-09-11T15:37:49.033+0000][1][safepoint    ] Safepoint "RevokeBias", Time since last: 913779152 ns, Reaching safepoint: 113102 ns, At safepoint: 36556 ns, Total: 149658 ns
[2020-09-11T15:37:49.723+0000][1][gc,start     ] GC(2) Pause Young (Allocation Failure)
[2020-09-11T15:37:49.723+0000][1][gc,task      ] GC(2) Using 1 workers of 1 for evacuation
[2020-09-11T15:37:49.814+0000][1][gc,age       ] GC(2) Desired survivor size 4358144 bytes, new threshold 2 (max threshold 6)
[2020-09-11T15:37:49.814+0000][1][gc,age       ] GC(2) Age table with threshold 2 (max threshold 6)
[2020-09-11T15:37:49.814+0000][1][gc,age       ] GC(2) - age   1:    2839264 bytes,    2839264 total
[2020-09-11T15:37:49.814+0000][1][gc,age       ] GC(2) - age   2:    3192328 bytes,    6031592 total
[2020-09-11T15:37:49.814+0000][1][gc,heap      ] GC(2) ParNew: 72396K->6982K(76672K)
[2020-09-11T15:37:49.814+0000][1][gc,heap      ] GC(2) CMS: 6842K->6842K(2011968K)
[2020-09-11T15:37:49.814+0000][1][gc,metaspace ] GC(2) Metaspace: 20023K->20023K(1067008K)
[2020-09-11T15:37:49.814+0000][1][gc           ] GC(2) Pause Young (Allocation Failure) 77M->13M(2039M) 90.787ms
[2020-09-11T15:37:49.814+0000][1][gc,cpu       ] GC(2) User=0.02s Sys=0.00s Real=0.09s
[2020-09-11T15:37:49.839+0000][1][safepoint    ] Safepoint "GenCollectForAllocation", Time since last: 689954156 ns, Reaching safepoint: 113689 ns, At safepoint: 115805161 ns, Total: 115918850 ns
[2020-09-11T15:37:49.884+0000][1][safepoint    ] Safepoint "RevokeBias", Time since last: 45390737 ns, Reaching safepoint: 117701 ns, At safepoint: 49428 ns, Total: 167129 ns
[2020-09-11T15:37:49.885+0000][1][safepoint    ] Safepoint "RevokeBias", Time since last: 78717 ns, Reaching safepoint: 80718 ns, At safepoint: 39082 ns, Total: 119800 ns
[2020-09-11T15:37:49.885+0000][1][safepoint    ] Safepoint "RevokeBias", Time since last: 162954 ns, Reaching safepoint: 80615 ns, At safepoint: 27976 ns, Total: 108591 ns
[2020-09-11T15:37:49.885+0000][1][safepoint    ] Safepoint "RevokeBias", Time since last: 29959 ns, Reaching safepoint: 78009 ns, At safepoint: 25392 ns, Total: 103401 ns
[2020-09-11T15:37:49.885+0000][1][safepoint    ] Safepoint "RevokeBias", Time since last: 27223 ns, Reaching safepoint: 78013 ns, At safepoint: 26987 ns, Total: 105000 ns
[2020-09-11T15:37:49.885+0000][1][safepoint    ] Safepoint "RevokeBias", Time since last: 26963 ns, Reaching safepoint: 77886 ns, At safepoint: 27023 ns, Total: 104909 ns
[2020-09-11T15:37:49.885+0000][1][safepoint    ] Safepoint "RevokeBias", Time since last: 26862 ns, Reaching safepoint: 77771 ns, At safepoint: 27313 ns, Total: 105084 ns
[2020-09-11T15:37:49.886+0000][1][safepoint    ] Safepoint "RevokeBias", Time since last: 26300 ns, Reaching safepoint: 77098 ns, At safepoint: 23894 ns, Total: 100992 ns
[2020-09-11T15:37:49.886+0000][1][safepoint    ] Safepoint "RevokeBias", Time since last: 25272 ns, Reaching safepoint: 77756 ns, At safepoint: 25326 ns, Total: 103082 ns
[2020-09-11T15:37:49.897+0000][1][safepoint    ] Safepoint "RevokeBias", Time since last: 11075783 ns, Reaching safepoint: 107893 ns, At safepoint: 46604 ns, Total: 154497 ns
[2020-09-11T15:37:49.897+0000][1][safepoint    ] Safepoint "RevokeBias", Time since last: 108962 ns, Reaching safepoint: 79663 ns, At safepoint: 28737 ns, Total: 108400 ns
[2020-09-11T15:37:50.903+0000][1][safepoint    ] Safepoint "Cleanup", Time since last: 1005696512 ns, Reaching safepoint: 118116 ns, At safepoint: 5975 ns, Total: 124091 ns
[2020-09-11T15:37:50.967+0000][1][gc,start     ] GC(3) Pause Young (Allocation Failure)
[2020-09-11T15:37:50.967+0000][1][gc,task      ] GC(3) Using 1 workers of 1 for evacuation
[2020-09-11T15:37:51.058+0000][1][gc,age       ] GC(3) Desired survivor size 4358144 bytes, new threshold 6 (max threshold 6)
[2020-09-11T15:37:51.058+0000][1][gc,age       ] GC(3) Age table with threshold 6 (max threshold 6)
[2020-09-11T15:37:51.058+0000][1][gc,age       ] GC(3) - age   1:    1173984 bytes,    1173984 total
[2020-09-11T15:37:51.058+0000][1][gc,age       ] GC(3) - age   2:    1023944 bytes,    2197928 total
[2020-09-11T15:37:51.058+0000][1][gc,heap      ] GC(3) ParNew: 75142K->5279K(76672K)
[2020-09-11T15:37:51.058+0000][1][gc,heap      ] GC(3) CMS: 6842K->9985K(2011968K)
[2020-09-11T15:37:51.058+0000][1][gc,metaspace ] GC(3) Metaspace: 20282K->20282K(1067008K)
[2020-09-11T15:37:51.058+0000][1][gc           ] GC(3) Pause Young (Allocation Failure) 80M->14M(2039M) 90.804ms
[2020-09-11T15:37:51.058+0000][1][gc,cpu       ] GC(3) User=0.02s Sys=0.00s Real=0.09s
[2020-09-11T15:37:51.079+0000][1][safepoint    ] Safepoint "GenCollectForAllocation", Time since last: 63878592 ns, Reaching safepoint: 105439 ns, At safepoint: 112224389 ns, Total: 112329828 ns
[2020-09-11T15:37:51.102+0000][1][safepoint    ] Safepoint "RevokeBias", Time since last: 17613684 ns, Reaching safepoint: 3425650 ns, At safepoint: 1633445 ns, Total: 5059095 ns
[2020-09-11T15:37:51.105+0000][1][safepoint    ] Safepoint "RevokeBias", Time since last: 53826 ns, Reaching safepoint: 2888108 ns, At safepoint: 49770 ns, Total: 2937878 ns
[2020-09-11T15:37:51.108+0000][1][safepoint    ] Safepoint "RevokeBias", Time since last: 58288 ns, Reaching safepoint: 2685163 ns, At safepoint: 41367 ns, Total: 2726530 ns
[2020-09-11T15:37:51.108+0000][1][safepoint    ] Safepoint "RevokeBias", Time since last: 45939 ns, Reaching safepoint: 86522 ns, At safepoint: 32376 ns, Total: 118898 ns
[2020-09-11T15:37:51.108+0000][1][safepoint    ] Safepoint "RevokeBias", Time since last: 35865 ns, Reaching safepoint: 83291 ns, At safepoint: 30923 ns, Total: 114214 ns
[2020-09-11T15:37:51.109+0000][1][safepoint    ] Safepoint "RevokeBias", Time since last: 26743 ns, Reaching safepoint: 82841 ns, At safepoint: 707752 ns, Total: 790593 ns
[2020-09-11T15:37:51.113+0000][1][safepoint    ] Safepoint "RevokeBias", Time since last: 37055 ns, Reaching safepoint: 4010510 ns, At safepoint: 59021 ns, Total: 4069531 ns
[2020-09-11T15:37:51.117+0000][1][safepoint    ] Safepoint "RevokeBias", Time since last: 56172 ns, Reaching safepoint: 3888007 ns, At safepoint: 62447 ns, Total: 3950454 ns
[2020-09-11T15:37:51.930+0000][1][safepoint    ] Safepoint "CollectForMetadataAllocation", Time since last: 812860418 ns, Reaching safepoint: 117101 ns, At safepoint: 141949 ns, Total: 259050 ns
[2020-09-11T15:37:52.157+0000][1][safepoint    ] Safepoint "CollectForMetadataAllocation", Time since last: 226811826 ns, Reaching safepoint: 113423 ns, At safepoint: 132677 ns, Total: 246100 ns
[2020-09-11T15:37:52.293+0000][1][gc,start     ] GC(4) Pause Young (Allocation Failure)
[2020-09-11T15:37:52.293+0000][1][gc,task      ] GC(4) Using 1 workers of 1 for evacuation
[2020-09-11T15:37:52.351+0000][1][gc,age       ] GC(4) Desired survivor size 4358144 bytes, new threshold 6 (max threshold 6)
[2020-09-11T15:37:52.351+0000][1][gc,age       ] GC(4) Age table with threshold 6 (max threshold 6)
[2020-09-11T15:37:52.351+0000][1][gc,age       ] GC(4) - age   1:    2016552 bytes,    2016552 total
[2020-09-11T15:37:52.351+0000][1][gc,age       ] GC(4) - age   2:     351464 bytes,    2368016 total
[2020-09-11T15:37:52.351+0000][1][gc,age       ] GC(4) - age   3:    1023848 bytes,    3391864 total
[2020-09-11T15:37:52.351+0000][1][gc,heap      ] GC(4) ParNew: 73439K->4249K(76672K)
[2020-09-11T15:37:52.351+0000][1][gc,heap      ] GC(4) CMS: 9985K->9985K(2011968K)
[2020-09-11T15:37:52.351+0000][1][gc,metaspace ] GC(4) Metaspace: 20813K->20813K(1069056K)
[2020-09-11T15:37:52.351+0000][1][gc           ] GC(4) Pause Young (Allocation Failure) 81M->13M(2039M) 58.000ms
[2020-09-11T15:37:52.351+0000][1][gc,cpu       ] GC(4) User=0.02s Sys=0.00s Real=0.05s
[2020-09-11T15:37:52.375+0000][1][safepoint    ] Safepoint "GenCollectForAllocation", Time since last: 132236760 ns, Reaching safepoint: 3512496 ns, At safepoint: 81755456 ns, Total: 85267952 ns
[2020-09-11T15:37:52.400+0000][1][gc,start     ] GC(5) Pause Initial Mark
[2020-09-11T15:37:52.405+0000][1][gc           ] GC(5) Pause Initial Mark 19M->19M(2039M) 5.085ms
[2020-09-11T15:37:52.413+0000][1][gc,cpu       ] GC(5) User=0.00s Sys=0.01s Real=0.02s
[2020-09-11T15:37:52.424+0000][1][safepoint    ] Safepoint "BulkRevokeBias", Time since last: 22222437 ns, Reaching safepoint: 2777807 ns, At safepoint: 24925560 ns, Total: 27703367 ns
[2020-09-11T15:37:52.425+0000][1][gc           ] GC(5) Concurrent Mark
[2020-09-11T15:37:52.495+0000][1][safepoint    ] Safepoint "RevokeBias", Time since last: 26504154 ns, Reaching safepoint: 44172707 ns, At safepoint: 42591 ns, Total: 44215298 ns
[2020-09-11T15:37:52.497+0000][1][safepoint    ] Safepoint "RevokeBias", Time since last: 73661 ns, Reaching safepoint: 1498542 ns, At safepoint: 33358 ns, Total: 1531900 ns
[2020-09-11T15:37:52.499+0000][1][safepoint    ] Safepoint "RevokeBias", Time since last: 37594 ns, Reaching safepoint: 2043292 ns, At safepoint: 36804 ns, Total: 2080096 ns
[2020-09-11T15:37:52.499+0000][1][safepoint    ] Safepoint "RevokeBias", Time since last: 65634 ns, Reaching safepoint: 83149 ns, At safepoint: 25586 ns, Total: 108735 ns
[2020-09-11T15:37:52.499+0000][1][safepoint    ] Safepoint "RevokeBias", Time since last: 27063 ns, Reaching safepoint: 81372 ns, At safepoint: 21757 ns, Total: 103129 ns
[2020-09-11T15:37:52.622+0000][1][gc           ] GC(5) Concurrent Mark 197.001ms
[2020-09-11T15:37:52.622+0000][1][gc,cpu       ] GC(5) User=0.05s Sys=0.00s Real=0.20s
[2020-09-11T15:37:52.622+0000][1][gc           ] GC(5) Concurrent Preclean
[2020-09-11T15:37:52.624+0000][1][gc           ] GC(5) Concurrent Preclean 2.409ms
[2020-09-11T15:37:52.624+0000][1][gc,cpu       ] GC(5) User=0.00s Sys=0.00s Real=0.00s
[2020-09-11T15:37:52.624+0000][1][gc           ] GC(5) Concurrent Abortable Preclean
[2020-09-11T15:37:53.125+0000][1][safepoint    ] Safepoint "RevokeBias", Time since last: 625552412 ns, Reaching safepoint: 116240 ns, At safepoint: 21284 ns, Total: 137524 ns
[2020-09-11T15:37:53.156+0000][1][safepoint    ] Safepoint "RevokeBias", Time since last: 11886020 ns, Reaching safepoint: 19097436 ns, At safepoint: 20679 ns, Total: 19118115 ns
[2020-09-11T15:37:53.183+0000][1][safepoint    ] Safepoint "Deoptimize", Time since last: 26370089 ns, Reaching safepoint: 154934 ns, At safepoint: 219816 ns, Total: 374750 ns
[2020-09-11T15:37:53.245+0000][1][safepoint    ] Safepoint "CollectForMetadataAllocation", Time since last: 62115366 ns, Reaching safepoint: 106462 ns, At safepoint: 83556 ns, Total: 190018 ns
[2020-09-11T15:37:53.673+0000][1][safepoint    ] Safepoint "Deoptimize", Time since last: 427820437 ns, Reaching safepoint: 113711 ns, At safepoint: 224535 ns, Total: 338246 ns
[2020-09-11T15:37:53.724+0000][1][safepoint    ] Safepoint "RevokeBias", Time since last: 50767919 ns, Reaching safepoint: 81060 ns, At safepoint: 43041 ns, Total: 124101 ns
[2020-09-11T15:37:53.755+0000][1][safepoint    ] Safepoint "RevokeBias", Time since last: 31008120 ns, Reaching safepoint: 50357 ns, At safepoint: 29597 ns, Total: 79954 ns
[2020-09-11T15:37:53.966+0000][1][gc,start     ] GC(6) Pause Young (Allocation Failure)
[2020-09-11T15:37:53.967+0000][1][gc,task      ] GC(6) Using 1 workers of 1 for evacuation
[2020-09-11T15:37:54.050+0000][1][gc,age       ] GC(6) Desired survivor size 4358144 bytes, new threshold 4 (max threshold 6)
[2020-09-11T15:37:54.050+0000][1][gc,age       ] GC(6) Age table with threshold 4 (max threshold 6)
[2020-09-11T15:37:54.050+0000][1][gc,age       ] GC(6) - age   1:    1960080 bytes,    1960080 total
[2020-09-11T15:37:54.050+0000][1][gc,age       ] GC(6) - age   2:    1253616 bytes,    3213696 total
[2020-09-11T15:37:54.050+0000][1][gc,age       ] GC(6) - age   3:     351464 bytes,    3565160 total
[2020-09-11T15:37:54.050+0000][1][gc,age       ] GC(6) - age   4:    1023848 bytes,    4589008 total
[2020-09-11T15:37:54.050+0000][1][gc,heap      ] GC(6) ParNew: 72409K->6030K(76672K)
[2020-09-11T15:37:54.050+0000][1][gc,heap      ] GC(6) CMS: 9985K->9985K(2011968K)
[2020-09-11T15:37:54.050+0000][1][gc,metaspace ] GC(6) Metaspace: 21123K->21123K(1069056K)
[2020-09-11T15:37:54.050+0000][1][gc           ] GC(6) Pause Young (Allocation Failure) 80M->15M(2039M) 83.713ms
[2020-09-11T15:37:54.050+0000][1][gc,cpu       ] GC(6) User=0.02s Sys=0.00s Real=0.08s
[2020-09-11T15:37:54.081+0000][1][safepoint    ] Safepoint "GenCollectForAllocation", Time since last: 211295522 ns, Reaching safepoint: 58097 ns, At safepoint: 114301791 ns, Total: 114359888 ns
[2020-09-11T15:37:54.101+0000][1][safepoint    ] Safepoint "RevokeBias", Time since last: 20083242 ns, Reaching safepoint: 112064 ns, At safepoint: 34472 ns, Total: 146536 ns
[2020-09-11T15:37:54.101+0000][1][safepoint    ] Safepoint "RevokeBias", Time since last: 55307 ns, Reaching safepoint: 77861 ns, At safepoint: 19446 ns, Total: 97307 ns
[2020-09-11T15:37:54.101+0000][1][safepoint    ] Safepoint "RevokeBias", Time since last: 32016 ns, Reaching safepoint: 77835 ns, At safepoint: 17759 ns, Total: 95594 ns
[2020-09-11T15:37:54.101+0000][1][safepoint    ] Safepoint "RevokeBias", Time since last: 23724 ns, Reaching safepoint: 77064 ns, At safepoint: 18377 ns, Total: 95441 ns
[2020-09-11T15:37:54.157+0000][1][safepoint    ] Safepoint "RevokeBias", Time since last: 15410955 ns, Reaching safepoint: 40099692 ns, At safepoint: 41115 ns, Total: 40140807 ns
[2020-09-11T15:37:54.157+0000][1][safepoint    ] Safepoint "RevokeBias", Time since last: 66935 ns, Reaching safepoint: 9256 ns, At safepoint: 14723 ns, Total: 23979 ns
[2020-09-11T15:37:54.332+0000][1][safepoint    ] Safepoint "RevokeBias", Time since last: 175032692 ns, Reaching safepoint: 209301 ns, At safepoint: 29943 ns, Total: 239244 ns
[2020-09-11T15:37:54.365+0000][1][safepoint    ] Safepoint "RevokeBias", Time since last: 32491345 ns, Reaching safepoint: 102706 ns, At safepoint: 35957 ns, Total: 138663 ns
[2020-09-11T15:37:54.833+0000][1][safepoint    ] Safepoint "RevokeBias", Time since last: 467845760 ns, Reaching safepoint: 60337 ns, At safepoint: 32077 ns, Total: 92414 ns
[2020-09-11T15:37:54.873+0000][1][safepoint    ] Safepoint "RevokeBias", Time since last: 39928964 ns, Reaching safepoint: 98432 ns, At safepoint: 36082 ns, Total: 134514 ns
[2020-09-11T15:37:54.879+0000][1][gc           ] GC(5) Concurrent Abortable Preclean 2254.884ms
[2020-09-11T15:37:54.879+0000][1][gc,cpu       ] GC(5) User=0.55s Sys=0.01s Real=2.25s
[2020-09-11T15:37:54.879+0000][1][gc,start     ] GC(5) Pause Remark
[2020-09-11T15:37:55.050+0000][1][gc           ] GC(5) Pause Remark 68M->68M(2039M) 171.352ms
[2020-09-11T15:37:55.050+0000][1][gc,cpu       ] GC(5) User=0.04s Sys=0.00s Real=0.17s
[2020-09-11T15:37:55.069+0000][1][safepoint    ] Safepoint "CMS_Final_Remark", Time since last: 6063501 ns, Reaching safepoint: 27829 ns, At safepoint: 190183374 ns, Total: 190211203 ns
[2020-09-11T15:37:55.070+0000][1][safepoint    ] Safepoint "RevokeBias", Time since last: 47056 ns, Reaching safepoint: 310353 ns, At safepoint: 30276 ns, Total: 340629 ns
[2020-09-11T15:37:55.070+0000][1][gc           ] GC(5) Concurrent Sweep
[2020-09-11T15:37:55.072+0000][1][gc           ] GC(5) Concurrent Sweep 2.679ms
[2020-09-11T15:37:55.072+0000][1][gc,cpu       ] GC(5) User=0.00s Sys=0.00s Real=0.00s
[2020-09-11T15:37:55.072+0000][1][gc           ] GC(5) Concurrent Reset
[2020-09-11T15:37:55.096+0000][1][gc           ] GC(5) Concurrent Reset 23.346ms
[2020-09-11T15:37:55.096+0000][1][gc,cpu       ] GC(5) User=0.01s Sys=0.00s Real=0.03s
[2020-09-11T15:37:55.096+0000][1][gc,heap      ] GC(5) Old: 9985K->9983K(2011968K)
[2020-09-11T15:37:55.293+0000][1][gc,start     ] GC(7) Pause Young (Allocation Failure)
[2020-09-11T15:37:55.293+0000][1][gc,task      ] GC(7) Using 1 workers of 1 for evacuation
[2020-09-11T15:37:55.440+0000][1][gc,age       ] GC(7) Desired survivor size 4358144 bytes, new threshold 4 (max threshold 6)
[2020-09-11T15:37:55.440+0000][1][gc,age       ] GC(7) Age table with threshold 4 (max threshold 6)
[2020-09-11T15:37:55.440+0000][1][gc,age       ] GC(7) - age   1:    1371624 bytes,    1371624 total
[2020-09-11T15:37:55.440+0000][1][gc,age       ] GC(7) - age   2:    1525984 bytes,    2897608 total
[2020-09-11T15:37:55.440+0000][1][gc,age       ] GC(7) - age   3:    1253008 bytes,    4150616 total
[2020-09-11T15:37:55.440+0000][1][gc,age       ] GC(7) - age   4:     351464 bytes,    4502080 total
[2020-09-11T15:37:55.440+0000][1][gc,heap      ] GC(7) ParNew: 74190K->8229K(76672K)
[2020-09-11T15:37:55.440+0000][1][gc,heap      ] GC(7) CMS: 9983K->10992K(2011968K)
[2020-09-11T15:37:55.440+0000][1][gc,metaspace ] GC(7) Metaspace: 21214K->21214K(1069056K)
[2020-09-11T15:37:55.440+0000][1][gc           ] GC(7) Pause Young (Allocation Failure) 82M->18M(2039M) 146.995ms
[2020-09-11T15:37:55.440+0000][1][gc,cpu       ] GC(7) User=0.04s Sys=0.00s Real=0.14s
[2020-09-11T15:37:55.465+0000][1][safepoint    ] Safepoint "GenCollectForAllocation", Time since last: 223168585 ns, Reaching safepoint: 100161 ns, At safepoint: 171929660 ns, Total: 172029821 ns
[2020-09-11T15:37:55.477+0000][1][safepoint    ] Safepoint "RevokeBias", Time since last: 12055684 ns, Reaching safepoint: 108025 ns, At safepoint: 63705 ns, Total: 171730 ns
[2020-09-11T15:37:55.481+0000][1][safepoint    ] Safepoint "RevokeBias", Time since last: 3755345 ns, Reaching safepoint: 367412 ns, At safepoint: 49239 ns, Total: 416651 ns
[2020-09-11T15:37:55.481+0000][1][safepoint    ] Safepoint "RevokeBias", Time since last: 63097 ns, Reaching safepoint: 79677 ns, At safepoint: 31779 ns, Total: 111456 ns
[2020-09-11T15:37:55.482+0000][1][safepoint    ] Safepoint "RevokeBias", Time since last: 25192 ns, Reaching safepoint: 77815 ns, At safepoint: 29644 ns, Total: 107459 ns
[2020-09-11T15:37:55.597+0000][1][safepoint    ] Safepoint "RevokeBias", Time since last: 115265071 ns, Reaching safepoint: 108193 ns, At safepoint: 38404 ns, Total: 146597 ns
[2020-09-11T15:37:55.598+0000][1][safepoint    ] Safepoint "RevokeBias", Time since last: 1233997 ns, Reaching safepoint: 83063 ns, At safepoint: 27129 ns, Total: 110192 ns
[2020-09-11T15:37:55.992+0000][1][safepoint    ] Safepoint "RevokeBias", Time since last: 393790851 ns, Reaching safepoint: 96508 ns, At safepoint: 28398 ns, Total: 124906 ns
[2020-09-11T15:37:56.017+0000][1][safepoint    ] Safepoint "RevokeBias", Time since last: 24608705 ns, Reaching safepoint: 104298 ns, At safepoint: 36444 ns, Total: 140742 ns
[2020-09-11T15:37:56.294+0000][1][gc,start     ] GC(8) Pause Young (Allocation Failure)
[2020-09-11T15:37:56.294+0000][1][gc,task      ] GC(8) Using 1 workers of 1 for evacuation
[2020-09-11T15:37:56.442+0000][1][gc,age       ] GC(8) Desired survivor size 4358144 bytes, new threshold 4 (max threshold 6)
[2020-09-11T15:37:56.442+0000][1][gc,age       ] GC(8) Age table with threshold 4 (max threshold 6)
[2020-09-11T15:37:56.442+0000][1][gc,age       ] GC(8) - age   1:    1511872 bytes,    1511872 total
[2020-09-11T15:37:56.442+0000][1][gc,age       ] GC(8) - age   2:     445544 bytes,    1957416 total
[2020-09-11T15:37:56.442+0000][1][gc,age       ] GC(8) - age   3:    1524048 bytes,    3481464 total
[2020-09-11T15:37:56.442+0000][1][gc,age       ] GC(8) - age   4:    1252352 bytes,    4733816 total
[2020-09-11T15:37:56.442+0000][1][gc,heap      ] GC(8) ParNew: 76389K->5354K(76672K)
[2020-09-11T15:37:56.442+0000][1][gc,heap      ] GC(8) CMS: 10992K->11340K(2011968K)
[2020-09-11T15:37:56.442+0000][1][gc,metaspace ] GC(8) Metaspace: 21399K->21399K(1069056K)
[2020-09-11T15:37:56.442+0000][1][gc           ] GC(8) Pause Young (Allocation Failure) 85M->16M(2039M) 148.166ms
[2020-09-11T15:37:56.442+0000][1][gc,cpu       ] GC(8) User=0.04s Sys=0.00s Real=0.15s
[2020-09-11T15:37:56.442+0000][1][safepoint    ] Safepoint "GenCollectForAllocation", Time since last: 276552569 ns, Reaching safepoint: 112107 ns, At safepoint: 148231835 ns, Total: 148343942 ns
[2020-09-11T15:37:56.473+0000][1][safepoint    ] Safepoint "RevokeBias", Time since last: 31135967 ns, Reaching safepoint: 99838 ns, At safepoint: 74875 ns, Total: 174713 ns
[2020-09-11T15:37:56.473+0000][1][safepoint    ] Safepoint "RevokeBias", Time since last: 60071 ns, Reaching safepoint: 78520 ns, At safepoint: 19671 ns, Total: 98191 ns
[2020-09-11T15:37:56.473+0000][1][safepoint    ] Safepoint "RevokeBias", Time since last: 37166 ns, Reaching safepoint: 77197 ns, At safepoint: 17039 ns, Total: 94236 ns
[2020-09-11T15:37:56.474+0000][1][safepoint    ] Safepoint "RevokeBias", Time since last: 26962 ns, Reaching safepoint: 76286 ns, At safepoint: 16337 ns, Total: 92623 ns
[2020-09-11T15:37:56.527+0000][1][safepoint    ] Safepoint "RevokeBias", Time since last: 53223238 ns, Reaching safepoint: 92511 ns, At safepoint: 67573 ns, Total: 160084 ns
[2020-09-11T15:37:56.561+0000][1][safepoint    ] Safepoint "RevokeBias", Time since last: 33870088 ns, Reaching safepoint: 99735 ns, At safepoint: 86586 ns, Total: 186321 ns
[2020-09-11T15:37:56.865+0000][1][safepoint    ] Safepoint "RevokeBias", Time since last: 304103932 ns, Reaching safepoint: 98768 ns, At safepoint: 28972 ns, Total: 127740 ns
[2020-09-11T15:37:56.897+0000][1][safepoint    ] Safepoint "RevokeBias", Time since last: 31558617 ns, Reaching safepoint: 105335 ns, At safepoint: 36549 ns, Total: 141884 ns
[2020-09-11T15:37:57.185+0000][1][safepoint    ] Safepoint "RevokeBias", Time since last: 287856042 ns, Reaching safepoint: 109319 ns, At safepoint: 87162 ns, Total: 196481 ns
[2020-09-11T15:37:57.205+0000][1][gc,start     ] GC(9) Pause Young (Allocation Failure)
[2020-09-11T15:37:57.205+0000][1][gc,task      ] GC(9) Using 1 workers of 1 for evacuation
[2020-09-11T15:37:57.280+0000][1][gc,age       ] GC(9) Desired survivor size 4358144 bytes, new threshold 6 (max threshold 6)
[2020-09-11T15:37:57.280+0000][1][gc,age       ] GC(9) Age table with threshold 6 (max threshold 6)
[2020-09-11T15:37:57.280+0000][1][gc,age       ] GC(9) - age   1:     134928 bytes,     134928 total
[2020-09-11T15:37:57.280+0000][1][gc,age       ] GC(9) - age   2:     829416 bytes,     964344 total
[2020-09-11T15:37:57.280+0000][1][gc,age       ] GC(9) - age   3:     445464 bytes,    1409808 total
[2020-09-11T15:37:57.280+0000][1][gc,age       ] GC(9) - age   4:    1524048 bytes,    2933856 total
[2020-09-11T15:37:57.280+0000][1][gc,heap      ] GC(9) ParNew: 73514K->4136K(76672K)
[2020-09-11T15:37:57.280+0000][1][gc,heap      ] GC(9) CMS: 11340K->12577K(2011968K)
[2020-09-11T15:37:57.280+0000][1][gc,metaspace ] GC(9) Metaspace: 21493K->21493K(1069056K)
[2020-09-11T15:37:57.280+0000][1][gc           ] GC(9) Pause Young (Allocation Failure) 82M->16M(2039M) 75.363ms
[2020-09-11T15:37:57.280+0000][1][gc,cpu       ] GC(9) User=0.02s Sys=0.00s Real=0.07s
[2020-09-11T15:37:57.303+0000][1][safepoint    ] Safepoint "GenCollectForAllocation", Time since last: 19805161 ns, Reaching safepoint: 32079 ns, At safepoint: 97872696 ns, Total: 97904775 ns
[2020-09-11T15:37:57.318+0000][1][safepoint    ] Safepoint "RevokeBias", Time since last: 15446950 ns, Reaching safepoint: 27276 ns, At safepoint: 54992 ns, Total: 82268 ns
[2020-09-11T15:37:57.337+0000][1][safepoint    ] Safepoint "RevokeBias", Time since last: 10574443 ns, Reaching safepoint: 7919616 ns, At safepoint: 62038 ns, Total: 7981654 ns
[2020-09-11T15:37:57.337+0000][1][safepoint    ] Safepoint "RevokeBias", Time since last: 80595 ns, Reaching safepoint: 86631 ns, At safepoint: 29608 ns, Total: 116239 ns
[2020-09-11T15:37:57.337+0000][1][safepoint    ] Safepoint "RevokeBias", Time since last: 26083 ns, Reaching safepoint: 80969 ns, At safepoint: 26493 ns, Total: 107462 ns
[2020-09-11T15:37:57.353+0000][1][safepoint    ] Safepoint "RevokeBias", Time since last: 15696209 ns, Reaching safepoint: 103634 ns, At safepoint: 56787 ns, Total: 160421 ns
[2020-09-11T15:37:57.525+0000][1][safepoint    ] Safepoint "RevokeBias", Time since last: 169705981 ns, Reaching safepoint: 2117789 ns, At safepoint: 32201 ns, Total: 2149990 ns
[2020-09-11T15:37:57.545+0000][1][safepoint    ] Safepoint "RevokeBias", Time since last: 19970620 ns, Reaching safepoint: 101807 ns, At safepoint: 37973 ns, Total: 139780 ns
[2020-09-11T15:37:57.605+0000][1][safepoint    ] Safepoint "RevokeBias", Time since last: 60195971 ns, Reaching safepoint: 107580 ns, At safepoint: 16975 ns, Total: 124555 ns
[2020-09-11T15:37:57.606+0000][1][safepoint    ] Safepoint "RevokeBias", Time since last: 415911 ns, Reaching safepoint: 84152 ns, At safepoint: 9739 ns, Total: 93891 ns
[2020-09-11T15:37:57.813+0000][1][safepoint    ] Safepoint "RevokeBias", Time since last: 207028304 ns, Reaching safepoint: 104262 ns, At safepoint: 52894 ns, Total: 157156 ns
[2020-09-11T15:37:57.853+0000][1][safepoint    ] Safepoint "RevokeBias", Time since last: 39860567 ns, Reaching safepoint: 101744 ns, At safepoint: 37521 ns, Total: 139265 ns
[2020-09-11T15:37:58.083+0000][1][safepoint    ] Safepoint "RevokeBias", Time since last: 229828069 ns, Reaching safepoint: 104799 ns, At safepoint: 38840 ns, Total: 143639 ns
[2020-09-11T15:37:58.101+0000][1][gc,start     ] GC(10) Pause Young (Allocation Failure)
[2020-09-11T15:37:58.101+0000][1][gc,task      ] GC(10) Using 1 workers of 1 for evacuation
[2020-09-11T15:37:58.177+0000][1][gc,age       ] GC(10) Desired survivor size 4358144 bytes, new threshold 6 (max threshold 6)
[2020-09-11T15:37:58.177+0000][1][gc,age       ] GC(10) Age table with threshold 6 (max threshold 6)
[2020-09-11T15:37:58.177+0000][1][gc,age       ] GC(10) - age   1:     432136 bytes,     432136 total
[2020-09-11T15:37:58.177+0000][1][gc,age       ] GC(10) - age   2:     116384 bytes,     548520 total
[2020-09-11T15:37:58.177+0000][1][gc,age       ] GC(10) - age   3:     829416 bytes,    1377936 total
[2020-09-11T15:37:58.177+0000][1][gc,age       ] GC(10) - age   4:     445440 bytes,    1823376 total
[2020-09-11T15:37:58.177+0000][1][gc,age       ] GC(10) - age   5:    1524048 bytes,    3347424 total
[2020-09-11T15:37:58.177+0000][1][gc,heap      ] GC(10) ParNew: 72296K->6365K(76672K)
[2020-09-11T15:37:58.177+0000][1][gc,heap      ] GC(10) CMS: 12577K->12577K(2011968K)
[2020-09-11T15:37:58.177+0000][1][gc,metaspace ] GC(10) Metaspace: 21635K->21635K(1069056K)
[2020-09-11T15:37:58.177+0000][1][gc           ] GC(10) Pause Young (Allocation Failure) 82M->18M(2039M) 76.269ms
[2020-09-11T15:37:58.177+0000][1][gc,cpu       ] GC(10) User=0.01s Sys=0.00s Real=0.07s
[2020-09-11T15:37:58.193+0000][1][safepoint    ] Safepoint "GenCollectForAllocation", Time since last: 17875510 ns, Reaching safepoint: 102033 ns, At safepoint: 91904155 ns, Total: 92006188 ns
[2020-09-11T15:37:58.194+0000][1][safepoint    ] Safepoint "RevokeBias", Time since last: 844457 ns, Reaching safepoint: 23393 ns, At safepoint: 52073 ns, Total: 75466 ns
[2020-09-11T15:37:58.218+0000][1][safepoint    ] Safepoint "RevokeBias", Time since last: 7075797 ns, Reaching safepoint: 17097565 ns, At safepoint: 34558 ns, Total: 17132123 ns
[2020-09-11T15:37:58.226+0000][1][safepoint    ] Safepoint "RevokeBias", Time since last: 7770060 ns, Reaching safepoint: 23204 ns, At safepoint: 63785 ns, Total: 86989 ns
[2020-09-11T15:37:58.240+0000][1][safepoint    ] Safepoint "BulkRevokeBias", Time since last: 13196189 ns, Reaching safepoint: 506829 ns, At safepoint: 59357 ns, Total: 566186 ns
[2020-09-11T15:37:58.416+0000][1][safepoint    ] Safepoint "RevokeBias", Time since last: 175939582 ns, Reaching safepoint: 92767 ns, At safepoint: 30708 ns, Total: 123475 ns
[2020-09-11T15:37:58.433+0000][1][safepoint    ] Safepoint "RevokeBias", Time since last: 17248087 ns, Reaching safepoint: 96970 ns, At safepoint: 33299 ns, Total: 130269 ns
[2020-09-11T15:37:58.973+0000][1][safepoint    ] Safepoint "RevokeBias", Time since last: 539806215 ns, Reaching safepoint: 105527 ns, At safepoint: 45938 ns, Total: 151465 ns
[2020-09-11T15:37:58.993+0000][1][safepoint    ] Safepoint "RevokeBias", Time since last: 19867641 ns, Reaching safepoint: 106408 ns, At safepoint: 42455 ns, Total: 148863 ns
[2020-09-11T15:37:59.017+0000][1][safepoint    ] Safepoint "RevokeBias", Time since last: 23812732 ns, Reaching safepoint: 104599 ns, At safepoint: 46410 ns, Total: 151009 ns
[2020-09-11T15:37:59.021+0000][1][safepoint    ] Safepoint "RevokeBias", Time since last: 3853646 ns, Reaching safepoint: 93726 ns, At safepoint: 32643 ns, Total: 126369 ns
[2020-09-11T15:37:59.056+0000][1][safepoint    ] Safepoint "RevokeBias", Time since last: 34928975 ns, Reaching safepoint: 100462 ns, At safepoint: 32292 ns, Total: 132754 ns
[2020-09-11T15:37:59.289+0000][1][safepoint    ] Safepoint "RevokeBias", Time since last: 232824832 ns, Reaching safepoint: 102648 ns, At safepoint: 36256 ns, Total: 138904 ns
[2020-09-11T15:37:59.317+0000][1][safepoint    ] Safepoint "RevokeBias", Time since last: 27870980 ns, Reaching safepoint: 102827 ns, At safepoint: 37543 ns, Total: 140370 ns
[2020-09-11T15:37:59.429+0000][1][gc,start     ] GC(11) Pause Young (Allocation Failure)
[2020-09-11T15:37:59.429+0000][1][gc,task      ] GC(11) Using 1 workers of 1 for evacuation
[2020-09-11T15:37:59.596+0000][1][gc,age       ] GC(11) Desired survivor size 4358144 bytes, new threshold 6 (max threshold 6)
[2020-09-11T15:37:59.597+0000][1][gc,age       ] GC(11) Age table with threshold 6 (max threshold 6)
[2020-09-11T15:37:59.597+0000][1][gc,age       ] GC(11) - age   1:    2085824 bytes,    2085824 total
[2020-09-11T15:37:59.597+0000][1][gc,age       ] GC(11) - age   2:     407864 bytes,    2493688 total
[2020-09-11T15:37:59.597+0000][1][gc,age       ] GC(11) - age   3:     116280 bytes,    2609968 total
[2020-09-11T15:37:59.597+0000][1][gc,age       ] GC(11) - age   4:     829416 bytes,    3439384 total
[2020-09-11T15:37:59.597+0000][1][gc,age       ] GC(11) - age   5:     445440 bytes,    3884824 total
[2020-09-11T15:37:59.597+0000][1][gc,age       ] GC(11) - age   6:    1523736 bytes,    5408560 total
[2020-09-11T15:37:59.597+0000][1][gc,heap      ] GC(11) ParNew: 74525K->6064K(76672K)
[2020-09-11T15:37:59.597+0000][1][gc,heap      ] GC(11) CMS: 12577K->12577K(2011968K)
[2020-09-11T15:37:59.597+0000][1][gc,metaspace ] GC(11) Metaspace: 22553K->22553K(1071104K)
[2020-09-11T15:37:59.597+0000][1][gc           ] GC(11) Pause Young (Allocation Failure) 85M->18M(2039M) 167.990ms
[2020-09-11T15:37:59.597+0000][1][gc,cpu       ] GC(11) User=0.05s Sys=0.00s Real=0.17s
[2020-09-11T15:37:59.605+0000][1][safepoint    ] Safepoint "GenCollectForAllocation", Time since last: 111565580 ns, Reaching safepoint: 97255 ns, At safepoint: 176193838 ns, Total: 176291093 ns
[2020-09-11T15:37:59.657+0000][1][safepoint    ] Safepoint "RevokeBias", Time since last: 52010722 ns, Reaching safepoint: 99757 ns, At safepoint: 35824 ns, Total: 135581 ns
[2020-09-11T15:37:59.669+0000][1][safepoint    ] Safepoint "RevokeBias", Time since last: 11829977 ns, Reaching safepoint: 98871 ns, At safepoint: 34209 ns, Total: 133080 ns
[2020-09-11T15:37:59.697+0000][1][safepoint    ] Safepoint "RevokeBias", Time since last: 27866183 ns, Reaching safepoint: 102754 ns, At safepoint: 36748 ns, Total: 139502 ns
[2020-09-11T15:37:59.938+0000][1][safepoint    ] Safepoint "RevokeBias", Time since last: 241288562 ns, Reaching safepoint: 104464 ns, At safepoint: 52486 ns, Total: 156950 ns
[2020-09-11T15:38:00.284+0000][1][gc,start     ] GC(12) Pause Young (Allocation Failure)
[2020-09-11T15:38:00.284+0000][1][gc,task      ] GC(12) Using 1 workers of 1 for evacuation
[2020-09-11T15:38:00.447+0000][1][gc,age       ] GC(12) Desired survivor size 4358144 bytes, new threshold 6 (max threshold 6)
[2020-09-11T15:38:00.447+0000][1][gc,age       ] GC(12) Age table with threshold 6 (max threshold 6)
[2020-09-11T15:38:00.447+0000][1][gc,age       ] GC(12) - age   1:     671856 bytes,     671856 total
[2020-09-11T15:38:00.447+0000][1][gc,age       ] GC(12) - age   2:     571368 bytes,    1243224 total
[2020-09-11T15:38:00.447+0000][1][gc,age       ] GC(12) - age   3:     407840 bytes,    1651064 total
[2020-09-11T15:38:00.447+0000][1][gc,age       ] GC(12) - age   4:     116176 bytes,    1767240 total
[2020-09-11T15:38:00.447+0000][1][gc,age       ] GC(12) - age   5:     829128 bytes,    2596368 total
[2020-09-11T15:38:00.447+0000][1][gc,age       ] GC(12) - age   6:     445440 bytes,    3041808 total
[2020-09-11T15:38:00.447+0000][1][gc,heap      ] GC(12) ParNew: 74224K->4466K(76672K)
[2020-09-11T15:38:00.447+0000][1][gc,heap      ] GC(12) CMS: 12577K->14076K(2011968K)
[2020-09-11T15:38:00.447+0000][1][gc,metaspace ] GC(12) Metaspace: 22582K->22582K(1071104K)
[2020-09-11T15:38:00.447+0000][1][gc           ] GC(12) Pause Young (Allocation Failure) 84M->18M(2039M) 162.666ms
[2020-09-11T15:38:00.447+0000][1][gc,cpu       ] GC(12) User=0.05s Sys=0.00s Real=0.16s
[2020-09-11T15:38:00.454+0000][1][safepoint    ] Safepoint "GenCollectForAllocation", Time since last: 345876081 ns, Reaching safepoint: 102445 ns, At safepoint: 170153841 ns, Total: 170256286 ns
[2020-09-11T15:38:01.105+0000][1][gc,start     ] GC(13) Pause Young (Allocation Failure)
[2020-09-11T15:38:01.105+0000][1][gc,task      ] GC(13) Using 1 workers of 1 for evacuation
[2020-09-11T15:38:01.199+0000][1][gc,age       ] GC(13) Desired survivor size 4358144 bytes, new threshold 6 (max threshold 6)
[2020-09-11T15:38:01.199+0000][1][gc,age       ] GC(13) Age table with threshold 6 (max threshold 6)
[2020-09-11T15:38:01.199+0000][1][gc,age       ] GC(13) - age   1:    1904728 bytes,    1904728 total
[2020-09-11T15:38:01.199+0000][1][gc,age       ] GC(13) - age   2:     203400 bytes,    2108128 total
[2020-09-11T15:38:01.199+0000][1][gc,age       ] GC(13) - age   3:     571256 bytes,    2679384 total
[2020-09-11T15:38:01.199+0000][1][gc,age       ] GC(13) - age   4:     407840 bytes,    3087224 total
[2020-09-11T15:38:01.199+0000][1][gc,age       ] GC(13) - age   5:     116176 bytes,    3203400 total
[2020-09-11T15:38:01.199+0000][1][gc,age       ] GC(13) - age   6:     829128 bytes,    4032528 total
[2020-09-11T15:38:01.199+0000][1][gc,heap      ] GC(13) ParNew: 72626K->6689K(76672K)
[2020-09-11T15:38:01.199+0000][1][gc,heap      ] GC(13) CMS: 14076K->14515K(2011968K)
[2020-09-11T15:38:01.199+0000][1][gc,metaspace ] GC(13) Metaspace: 22684K->22684K(1071104K)
[2020-09-11T15:38:01.199+0000][1][gc           ] GC(13) Pause Young (Allocation Failure) 84M->20M(2039M) 94.318ms
[2020-09-11T15:38:01.199+0000][1][gc,cpu       ] GC(13) User=0.02s Sys=0.00s Real=0.09s
[2020-09-11T15:38:01.229+0000][1][safepoint    ] Safepoint "GenCollectForAllocation", Time since last: 650300547 ns, Reaching safepoint: 109966 ns, At safepoint: 123888045 ns, Total: 123998011 ns
[2020-09-11T15:38:01.943+0000][1][gc,start     ] GC(14) Pause Young (Allocation Failure)
[2020-09-11T15:38:01.943+0000][1][gc,task      ] GC(14) Using 1 workers of 1 for evacuation
[2020-09-11T15:38:02.010+0000][1][gc,age       ] GC(14) Desired survivor size 4358144 bytes, new threshold 6 (max threshold 6)
[2020-09-11T15:38:02.010+0000][1][gc,age       ] GC(14) Age table with threshold 6 (max threshold 6)
[2020-09-11T15:38:02.010+0000][1][gc,age       ] GC(14) - age   1:     877920 bytes,     877920 total
[2020-09-11T15:38:02.010+0000][1][gc,age       ] GC(14) - age   2:     103416 bytes,     981336 total
[2020-09-11T15:38:02.010+0000][1][gc,age       ] GC(14) - age   3:     203400 bytes,    1184736 total
[2020-09-11T15:38:02.010+0000][1][gc,age       ] GC(14) - age   4:     571256 bytes,    1755992 total
[2020-09-11T15:38:02.010+0000][1][gc,age       ] GC(14) - age   5:     407840 bytes,    2163832 total
[2020-09-11T15:38:02.010+0000][1][gc,age       ] GC(14) - age   6:     116176 bytes,    2280008 total
[2020-09-11T15:38:02.010+0000][1][gc,heap      ] GC(14) ParNew: 74849K->2312K(76672K)
[2020-09-11T15:38:02.010+0000][1][gc,heap      ] GC(14) CMS: 14515K->15331K(2011968K)
[2020-09-11T15:38:02.010+0000][1][gc,metaspace ] GC(14) Metaspace: 22762K->22762K(1071104K)
[2020-09-11T15:38:02.010+0000][1][gc           ] GC(14) Pause Young (Allocation Failure) 87M->17M(2039M) 67.017ms
[2020-09-11T15:38:02.010+0000][1][gc,cpu       ] GC(14) User=0.02s Sys=0.00s Real=0.06s
[2020-09-11T15:38:02.040+0000][1][safepoint    ] Safepoint "GenCollectForAllocation", Time since last: 714460985 ns, Reaching safepoint: 119845 ns, At safepoint: 96879769 ns, Total: 96999614 ns
[2020-09-11T15:38:02.698+0000][1][gc,start     ] GC(15) Pause Young (Allocation Failure)
[2020-09-11T15:38:02.698+0000][1][gc,task      ] GC(15) Using 1 workers of 1 for evacuation
[2020-09-11T15:38:02.794+0000][1][gc,age       ] GC(15) Desired survivor size 4358144 bytes, new threshold 6 (max threshold 6)
[2020-09-11T15:38:02.794+0000][1][gc,age       ] GC(15) Age table with threshold 6 (max threshold 6)
[2020-09-11T15:38:02.794+0000][1][gc,age       ] GC(15) - age   1:     201848 bytes,     201848 total
[2020-09-11T15:38:02.794+0000][1][gc,age       ] GC(15) - age   2:     314840 bytes,     516688 total
[2020-09-11T15:38:02.794+0000][1][gc,age       ] GC(15) - age   3:     103416 bytes,     620104 total
[2020-09-11T15:38:02.794+0000][1][gc,age       ] GC(15) - age   4:     203400 bytes,     823504 total
[2020-09-11T15:38:02.794+0000][1][gc,age       ] GC(15) - age   5:     571256 bytes,    1394760 total
[2020-09-11T15:38:02.794+0000][1][gc,age       ] GC(15) - age   6:     407840 bytes,    1802600 total
[2020-09-11T15:38:02.794+0000][1][gc,heap      ] GC(15) ParNew: 70472K->2248K(76672K)
[2020-09-11T15:38:02.794+0000][1][gc,heap      ] GC(15) CMS: 15331K->15448K(2011968K)
[2020-09-11T15:38:02.794+0000][1][gc,metaspace ] GC(15) Metaspace: 22850K->22850K(1071104K)
[2020-09-11T15:38:02.794+0000][1][gc           ] GC(15) Pause Young (Allocation Failure) 83M->17M(2039M) 95.874ms
[2020-09-11T15:38:02.794+0000][1][gc,cpu       ] GC(15) User=0.02s Sys=0.00s Real=0.10s
[2020-09-11T15:38:02.813+0000][1][safepoint    ] Safepoint "GenCollectForAllocation", Time since last: 657965833 ns, Reaching safepoint: 109591 ns, At safepoint: 114486376 ns, Total: 114595967 ns
[2020-09-11T15:38:03.364+0000][1][gc,start     ] GC(16) Pause Young (Allocation Failure)
[2020-09-11T15:38:03.364+0000][1][gc,task      ] GC(16) Using 1 workers of 1 for evacuation
[2020-09-11T15:38:03.442+0000][1][gc,age       ] GC(16) Desired survivor size 4358144 bytes, new threshold 6 (max threshold 6)
[2020-09-11T15:38:03.442+0000][1][gc,age       ] GC(16) Age table with threshold 6 (max threshold 6)
[2020-09-11T15:38:03.442+0000][1][gc,age       ] GC(16) - age   1:    1878864 bytes,    1878864 total
[2020-09-11T15:38:03.442+0000][1][gc,age       ] GC(16) - age   2:     181960 bytes,    2060824 total
[2020-09-11T15:38:03.442+0000][1][gc,age       ] GC(16) - age   3:     314840 bytes,    2375664 total
[2020-09-11T15:38:03.442+0000][1][gc,age       ] GC(16) - age   4:     103416 bytes,    2479080 total
[2020-09-11T15:38:03.442+0000][1][gc,age       ] GC(16) - age   5:     203248 bytes,    2682328 total
[2020-09-11T15:38:03.442+0000][1][gc,age       ] GC(16) - age   6:     571256 bytes,    3253584 total
[2020-09-11T15:38:03.442+0000][1][gc,heap      ] GC(16) ParNew: 70408K->3764K(76672K)
[2020-09-11T15:38:03.442+0000][1][gc,heap      ] GC(16) CMS: 15448K->15851K(2011968K)
[2020-09-11T15:38:03.442+0000][1][gc,metaspace ] GC(16) Metaspace: 22869K->22869K(1071104K)
[2020-09-11T15:38:03.442+0000][1][gc           ] GC(16) Pause Young (Allocation Failure) 83M->19M(2039M) 78.252ms
[2020-09-11T15:38:03.442+0000][1][gc,cpu       ] GC(16) User=0.02s Sys=0.00s Real=0.08s
[2020-09-11T15:38:03.461+0000][1][safepoint    ] Safepoint "GenCollectForAllocation", Time since last: 551118175 ns, Reaching safepoint: 124169 ns, At safepoint: 96737723 ns, Total: 96861892 ns
[2020-09-11T15:38:03.562+0000][1][safepoint    ] Safepoint "Deoptimize", Time since last: 100212827 ns, Reaching safepoint: 966335 ns, At safepoint: 219778 ns, Total: 1186113 ns
[2020-09-11T15:38:04.569+0000][1][safepoint    ] Safepoint "Cleanup", Time since last: 1006601268 ns, Reaching safepoint: 209292 ns, At safepoint: 7032 ns, Total: 216324 ns
[2020-09-11T15:38:05.141+0000][1][safepoint    ] Safepoint "RevokeBias", Time since last: 571796251 ns, Reaching safepoint: 246111 ns, At safepoint: 19567 ns, Total: 265678 ns
[2020-09-11T15:38:05.141+0000][1][safepoint    ] Safepoint "RevokeBias", Time since last: 247348 ns, Reaching safepoint: 10334 ns, At safepoint: 7463 ns, Total: 17797 ns
[2020-09-11T15:38:06.153+0000][1][safepoint    ] Safepoint "Cleanup", Time since last: 1011436848 ns, Reaching safepoint: 128726 ns, At safepoint: 6599 ns, Total: 135325 ns
[2020-09-11T15:38:06.906+0000][1][safepoint    ] Safepoint "Deoptimize", Time since last: 752294259 ns, Reaching safepoint: 107986 ns, At safepoint: 221775 ns, Total: 329761 ns
[2020-09-11T15:38:07.907+0000][1][safepoint    ] Safepoint "Cleanup", Time since last: 1001316703 ns, Reaching safepoint: 248375 ns, At safepoint: 7344 ns, Total: 255719 ns
[2020-09-11T15:38:08.934+0000][1][safepoint    ] Safepoint "Cleanup", Time since last: 1027057544 ns, Reaching safepoint: 28852 ns, At safepoint: 5488 ns, Total: 34340 ns
[2020-09-11T15:38:10.453+0000][1][safepoint    ] Safepoint "Cleanup", Time since last: 1514577315 ns, Reaching safepoint: 4153287 ns, At safepoint: 11135 ns, Total: 4164422 ns
[2020-09-11T15:38:10.918+0000][1][gc,start     ] GC(17) Pause Young (Allocation Failure)
[2020-09-11T15:38:10.918+0000][1][gc,task      ] GC(17) Using 1 workers of 1 for evacuation
[2020-09-11T15:38:11.058+0000][1][gc,age       ] GC(17) Desired survivor size 4358144 bytes, new threshold 1 (max threshold 6)
[2020-09-11T15:38:11.058+0000][1][gc,age       ] GC(17) Age table with threshold 1 (max threshold 6)
[2020-09-11T15:38:11.058+0000][1][gc,age       ] GC(17) - age   1:    7604376 bytes,    7604376 total
[2020-09-11T15:38:11.058+0000][1][gc,age       ] GC(17) - age   2:      82696 bytes,    7687072 total
[2020-09-11T15:38:11.058+0000][1][gc,age       ] GC(17) - age   3:     181464 bytes,    7868536 total
[2020-09-11T15:38:11.058+0000][1][gc,age       ] GC(17) - age   4:     312576 bytes,    8181112 total
[2020-09-11T15:38:11.058+0000][1][gc,age       ] GC(17) - age   5:     103136 bytes,    8284248 total
[2020-09-11T15:38:11.058+0000][1][gc,age       ] GC(17) - age   6:     203248 bytes,    8487496 total
[2020-09-11T15:38:11.058+0000][1][gc,heap      ] GC(17) ParNew: 71924K->8512K(76672K)
[2020-09-11T15:38:11.058+0000][1][gc,heap      ] GC(17) CMS: 15851K->16416K(2011968K)
[2020-09-11T15:38:11.058+0000][1][gc,metaspace ] GC(17) Metaspace: 29649K->29649K(1077248K)
[2020-09-11T15:38:11.058+0000][1][gc           ] GC(17) Pause Young (Allocation Failure) 85M->24M(2039M) 139.842ms
[2020-09-11T15:38:11.058+0000][1][gc,cpu       ] GC(17) User=0.04s Sys=0.00s Real=0.14s
[2020-09-11T15:38:11.086+0000][1][safepoint    ] Safepoint "GenCollectForAllocation", Time since last: 465212529 ns, Reaching safepoint: 114684 ns, At safepoint: 167941501 ns, Total: 168056185 ns
[2020-09-11T15:38:12.125+0000][1][safepoint    ] Safepoint "Cleanup", Time since last: 1038619093 ns, Reaching safepoint: 107414 ns, At safepoint: 5981 ns, Total: 113395 ns
[2020-09-11T15:38:13.146+0000][1][safepoint    ] Safepoint "Cleanup", Time since last: 1003841165 ns, Reaching safepoint: 17079622 ns, At safepoint: 9001 ns, Total: 17088623 ns
[2020-09-11T15:38:14.150+0000][1][safepoint    ] Safepoint "Cleanup", Time since last: 1002915017 ns, Reaching safepoint: 993992 ns, At safepoint: 6626 ns, Total: 1000618 ns
[2020-09-11T15:38:15.169+0000][1][safepoint    ] Safepoint "Cleanup", Time since last: 1011000311 ns, Reaching safepoint: 8013730 ns, At safepoint: 10947 ns, Total: 8024677 ns
[2020-09-11T15:38:16.173+0000][1][safepoint    ] Safepoint "Cleanup", Time since last: 1003975344 ns, Reaching safepoint: 114956 ns, At safepoint: 6203 ns, Total: 121159 ns
[2020-09-11T15:38:16.333+0000][1][gc,start     ] GC(18) Pause Young (Allocation Failure)
[2020-09-11T15:38:16.333+0000][1][gc,task      ] GC(18) Using 1 workers of 1 for evacuation
[2020-09-11T15:38:16.573+0000][1][gc,age       ] GC(18) Desired survivor size 4358144 bytes, new threshold 1 (max threshold 6)
[2020-09-11T15:38:16.573+0000][1][gc,age       ] GC(18) Age table with threshold 1 (max threshold 6)
[2020-09-11T15:38:16.573+0000][1][gc,age       ] GC(18) - age   1:    8685968 bytes,    8685968 total
[2020-09-11T15:38:16.573+0000][1][gc,heap      ] GC(18) ParNew: 76672K->8512K(76672K)
[2020-09-11T15:38:16.573+0000][1][gc,heap      ] GC(18) CMS: 16416K->25157K(2011968K)
[2020-09-11T15:38:16.573+0000][1][gc,metaspace ] GC(18) Metaspace: 29717K->29717K(1077248K)
[2020-09-11T15:38:16.573+0000][1][gc           ] GC(18) Pause Young (Allocation Failure) 90M->32M(2039M) 240.243ms
[2020-09-11T15:38:16.573+0000][1][gc,cpu       ] GC(18) User=0.06s Sys=0.00s Real=0.24s
[2020-09-11T15:38:16.605+0000][1][safepoint    ] Safepoint "GenCollectForAllocation", Time since last: 156616967 ns, Reaching safepoint: 3279973 ns, At safepoint: 271989674 ns, Total: 275269647 ns
[2020-09-11T15:38:17.629+0000][1][safepoint    ] Safepoint "Cleanup", Time since last: 1024442089 ns, Reaching safepoint: 106409 ns, At safepoint: 6021 ns, Total: 112430 ns
[2020-09-11T15:38:18.649+0000][1][safepoint    ] Safepoint "Cleanup", Time since last: 1010916118 ns, Reaching safepoint: 8332946 ns, At safepoint: 8219 ns, Total: 8341165 ns
[2020-09-11T15:38:19.664+0000][1][safepoint    ] Safepoint "Cleanup", Time since last: 1015061098 ns, Reaching safepoint: 123425 ns, At safepoint: 7043 ns, Total: 130468 ns
[2020-09-11T15:38:21.445+0000][1][gc,start     ] GC(19) Pause Young (Allocation Failure)
[2020-09-11T15:38:21.445+0000][1][gc,task      ] GC(19) Using 1 workers of 1 for evacuation
[2020-09-11T15:38:21.809+0000][1][gc,age       ] GC(19) Desired survivor size 4358144 bytes, new threshold 1 (max threshold 6)
[2020-09-11T15:38:21.809+0000][1][gc,age       ] GC(19) Age table with threshold 1 (max threshold 6)
[2020-09-11T15:38:21.809+0000][1][gc,age       ] GC(19) - age   1:    8349144 bytes,    8349144 total
[2020-09-11T15:38:21.809+0000][1][gc,heap      ] GC(19) ParNew: 76672K->8512K(76672K)
[2020-09-11T15:38:21.809+0000][1][gc,heap      ] GC(19) CMS: 25157K->33498K(2011968K)
[2020-09-11T15:38:21.809+0000][1][gc,metaspace ] GC(19) Metaspace: 29877K->29877K(1077248K)
[2020-09-11T15:38:21.809+0000][1][gc           ] GC(19) Pause Young (Allocation Failure) 99M->41M(2039M) 363.820ms
[2020-09-11T15:38:21.837+0000][1][gc,cpu       ] GC(19) User=0.09s Sys=0.00s Real=0.36s
[2020-09-11T15:38:21.837+0000][1][safepoint    ] Safepoint "GenCollectForAllocation", Time since last: 1780990987 ns, Reaching safepoint: 104022 ns, At safepoint: 391980290 ns, Total: 392084312 ns
[2020-09-11T15:38:23.861+0000][1][safepoint    ] Safepoint "Cleanup", Time since last: 2022170426 ns, Reaching safepoint: 1774223 ns, At safepoint: 12739 ns, Total: 1786962 ns
[2020-09-11T15:38:23.933+0000][1][safepoint    ] Safepoint "RevokeBias", Time since last: 67973033 ns, Reaching safepoint: 3995834 ns, At safepoint: 46120 ns, Total: 4041954 ns
[2020-09-11T15:38:24.949+0000][1][safepoint    ] Safepoint "Cleanup", Time since last: 1011949211 ns, Reaching safepoint: 4061029 ns, At safepoint: 17906 ns, Total: 4078935 ns
[2020-09-11T15:38:25.949+0000][1][safepoint    ] Safepoint "Cleanup", Time since last: 1000117657 ns, Reaching safepoint: 105137 ns, At safepoint: 5531 ns, Total: 110668 ns
[2020-09-11T15:38:26.297+0000][1][gc,start     ] GC(20) Pause Young (Allocation Failure)
[2020-09-11T15:38:26.297+0000][1][gc,task      ] GC(20) Using 1 workers of 1 for evacuation
[2020-09-11T15:38:26.529+0000][1][gc,age       ] GC(20) Desired survivor size 4358144 bytes, new threshold 1 (max threshold 6)
[2020-09-11T15:38:26.529+0000][1][gc,age       ] GC(20) Age table with threshold 1 (max threshold 6)
[2020-09-11T15:38:26.529+0000][1][gc,age       ] GC(20) - age   1:    4492536 bytes,    4492536 total
[2020-09-11T15:38:26.530+0000][1][gc,heap      ] GC(20) ParNew: 76672K->8138K(76672K)
[2020-09-11T15:38:26.530+0000][1][gc,heap      ] GC(20) CMS: 33498K->41153K(2011968K)
[2020-09-11T15:38:26.530+0000][1][gc,metaspace ] GC(20) Metaspace: 32097K->32097K(1079296K)
[2020-09-11T15:38:26.530+0000][1][gc           ] GC(20) Pause Young (Allocation Failure) 107M->48M(2039M) 232.286ms
[2020-09-11T15:38:26.530+0000][1][gc,cpu       ] GC(20) User=0.05s Sys=0.00s Real=0.23s
[2020-09-11T15:38:26.546+0000][1][safepoint    ] Safepoint "GenCollectForAllocation", Time since last: 348068393 ns, Reaching safepoint: 94690 ns, At safepoint: 249117936 ns, Total: 249212626 ns
[2020-09-11T15:38:27.313+0000][1][safepoint    ] Safepoint "Deoptimize", Time since last: 756250400 ns, Reaching safepoint: 10185557 ns, At safepoint: 299661 ns, Total: 10485218 ns
[2020-09-11T15:38:28.319+0000][1][safepoint    ] Safepoint "Cleanup", Time since last: 1003650602 ns, Reaching safepoint: 2251942 ns, At safepoint: 8019 ns, Total: 2259961 ns
[2020-09-11T15:38:29.338+0000][1][safepoint    ] Safepoint "Cleanup", Time since last: 1005748209 ns, Reaching safepoint: 13122319 ns, At safepoint: 9528 ns, Total: 13131847 ns
[2020-09-11T15:38:30.087+0000][1][safepoint    ] Safepoint "Deoptimize", Time since last: 748886027 ns, Reaching safepoint: 114567 ns, At safepoint: 295233 ns, Total: 409800 ns
[2020-09-11T15:38:30.877+0000][1][gc,start     ] GC(21) Pause Young (Allocation Failure)
[2020-09-11T15:38:30.877+0000][1][gc,task      ] GC(21) Using 1 workers of 1 for evacuation
[2020-09-11T15:38:31.044+0000][1][gc,age       ] GC(21) Desired survivor size 4358144 bytes, new threshold 6 (max threshold 6)
[2020-09-11T15:38:31.044+0000][1][gc,age       ] GC(21) Age table with threshold 6 (max threshold 6)
[2020-09-11T15:38:31.044+0000][1][gc,age       ] GC(21) - age   1:     941272 bytes,     941272 total
[2020-09-11T15:38:31.044+0000][1][gc,heap      ] GC(21) ParNew: 76298K->3679K(76672K)
[2020-09-11T15:38:31.044+0000][1][gc,heap      ] GC(21) CMS: 41153K->45466K(2011968K)
[2020-09-11T15:38:31.044+0000][1][gc,metaspace ] GC(21) Metaspace: 32400K->32400K(1079296K)
[2020-09-11T15:38:31.044+0000][1][gc           ] GC(21) Pause Young (Allocation Failure) 114M->47M(2039M) 167.396ms
[2020-09-11T15:38:31.044+0000][1][gc,cpu       ] GC(21) User=0.05s Sys=0.00s Real=0.17s
[2020-09-11T15:38:31.073+0000][1][safepoint    ] Safepoint "GenCollectForAllocation", Time since last: 789606767 ns, Reaching safepoint: 130348 ns, At safepoint: 195836426 ns, Total: 195966774 ns
[2020-09-11T15:38:32.110+0000][1][safepoint    ] Safepoint "Cleanup", Time since last: 1026570887 ns, Reaching safepoint: 10522451 ns, At safepoint: 10532 ns, Total: 10532983 ns
[2020-09-11T15:38:32.300+0000][1][gc,start     ] GC(22) Pause Young (Allocation Failure)
[2020-09-11T15:38:32.300+0000][1][gc,task      ] GC(22) Using 1 workers of 1 for evacuation
[2020-09-11T15:38:32.360+0000][1][gc,age       ] GC(22) Desired survivor size 4358144 bytes, new threshold 6 (max threshold 6)
[2020-09-11T15:38:32.360+0000][1][gc,age       ] GC(22) Age table with threshold 6 (max threshold 6)
[2020-09-11T15:38:32.360+0000][1][gc,age       ] GC(22) - age   1:     250344 bytes,     250344 total
[2020-09-11T15:38:32.360+0000][1][gc,age       ] GC(22) - age   2:     439024 bytes,     689368 total
[2020-09-11T15:38:32.360+0000][1][gc,heap      ] GC(22) ParNew: 71839K->1149K(76672K)
[2020-09-11T15:38:32.360+0000][1][gc,heap      ] GC(22) CMS: 45466K->45466K(2011968K)
[2020-09-11T15:38:32.360+0000][1][gc,metaspace ] GC(22) Metaspace: 32413K->32413K(1079296K)
[2020-09-11T15:38:32.360+0000][1][gc           ] GC(22) Pause Young (Allocation Failure) 114M->45M(2039M) 60.909ms
[2020-09-11T15:38:32.361+0000][1][gc,cpu       ] GC(22) User=0.01s Sys=0.00s Real=0.06s
[2020-09-11T15:38:32.385+0000][1][safepoint    ] Safepoint "GenCollectForAllocation", Time since last: 189586633 ns, Reaching safepoint: 109759 ns, At safepoint: 85200831 ns, Total: 85310590 ns
[2020-09-11T15:38:33.126+0000][1][gc,start     ] GC(23) Pause Young (Allocation Failure)
[2020-09-11T15:38:33.126+0000][1][gc,task      ] GC(23) Using 1 workers of 1 for evacuation
[2020-09-11T15:38:33.226+0000][1][gc,age       ] GC(23) Desired survivor size 4358144 bytes, new threshold 6 (max threshold 6)
[2020-09-11T15:38:33.226+0000][1][gc,age       ] GC(23) Age table with threshold 6 (max threshold 6)
[2020-09-11T15:38:33.226+0000][1][gc,age       ] GC(23) - age   1:        224 bytes,        224 total
[2020-09-11T15:38:33.226+0000][1][gc,age       ] GC(23) - age   2:     250224 bytes,     250448 total
[2020-09-11T15:38:33.226+0000][1][gc,age       ] GC(23) - age   3:     439024 bytes,     689472 total
[2020-09-11T15:38:33.226+0000][1][gc,heap      ] GC(23) ParNew: 69309K->1079K(76672K)
[2020-09-11T15:38:33.226+0000][1][gc,heap      ] GC(23) CMS: 45466K->45466K(2011968K)
[2020-09-11T15:38:33.226+0000][1][gc,metaspace ] GC(23) Metaspace: 32414K->32414K(1079296K)
[2020-09-11T15:38:33.226+0000][1][gc           ] GC(23) Pause Young (Allocation Failure) 112M->45M(2039M) 100.257ms
[2020-09-11T15:38:33.226+0000][1][gc,cpu       ] GC(23) User=0.03s Sys=0.00s Real=0.10s
[2020-09-11T15:38:33.236+0000][1][safepoint    ] Safepoint "GenCollectForAllocation", Time since last: 740801220 ns, Reaching safepoint: 107621 ns, At safepoint: 110155529 ns, Total: 110263150 ns
[2020-09-11T15:38:33.753+0000][1][gc,start     ] GC(24) Pause Young (Allocation Failure)
[2020-09-11T15:38:33.753+0000][1][gc,task      ] GC(24) Using 1 workers of 1 for evacuation
[2020-09-11T15:38:33.861+0000][1][gc,age       ] GC(24) Desired survivor size 4358144 bytes, new threshold 6 (max threshold 6)
[2020-09-11T15:38:33.861+0000][1][gc,age       ] GC(24) Age table with threshold 6 (max threshold 6)
[2020-09-11T15:38:33.861+0000][1][gc,age       ] GC(24) - age   1:         32 bytes,         32 total
[2020-09-11T15:38:33.861+0000][1][gc,age       ] GC(24) - age   3:     250224 bytes,     250256 total
[2020-09-11T15:38:33.861+0000][1][gc,age       ] GC(24) - age   4:     439024 bytes,     689280 total
[2020-09-11T15:38:33.861+0000][1][gc,heap      ] GC(24) ParNew: 69239K->1279K(76672K)
[2020-09-11T15:38:33.861+0000][1][gc,heap      ] GC(24) CMS: 45466K->45466K(2011968K)
[2020-09-11T15:38:33.861+0000][1][gc,metaspace ] GC(24) Metaspace: 32416K->32416K(1079296K)
[2020-09-11T15:38:33.861+0000][1][gc           ] GC(24) Pause Young (Allocation Failure) 112M->45M(2039M) 107.821ms
[2020-09-11T15:38:33.861+0000][1][gc,cpu       ] GC(24) User=0.02s Sys=0.00s Real=0.10s
[2020-09-11T15:38:33.861+0000][1][safepoint    ] Safepoint "GenCollectForAllocation", Time since last: 516930568 ns, Reaching safepoint: 107446 ns, At safepoint: 107926030 ns, Total: 108033476 ns
[2020-09-11T15:38:34.377+0000][1][gc,start     ] GC(25) Pause Young (Allocation Failure)
[2020-09-11T15:38:34.377+0000][1][gc,task      ] GC(25) Using 1 workers of 1 for evacuation
[2020-09-11T15:38:34.439+0000][1][gc,age       ] GC(25) Desired survivor size 4358144 bytes, new threshold 6 (max threshold 6)
[2020-09-11T15:38:34.439+0000][1][gc,age       ] GC(25) Age table with threshold 6 (max threshold 6)
[2020-09-11T15:38:34.439+0000][1][gc,age       ] GC(25) - age   1:        176 bytes,        176 total
[2020-09-11T15:38:34.439+0000][1][gc,age       ] GC(25) - age   4:     250224 bytes,     250400 total
[2020-09-11T15:38:34.439+0000][1][gc,age       ] GC(25) - age   5:     439024 bytes,     689424 total
[2020-09-11T15:38:34.439+0000][1][gc,heap      ] GC(25) ParNew: 69439K->824K(76672K)
[2020-09-11T15:38:34.439+0000][1][gc,heap      ] GC(25) CMS: 45466K->45466K(2011968K)
[2020-09-11T15:38:34.439+0000][1][gc,metaspace ] GC(25) Metaspace: 32416K->32416K(1079296K)
[2020-09-11T15:38:34.439+0000][1][gc           ] GC(25) Pause Young (Allocation Failure) 112M->45M(2039M) 61.922ms
[2020-09-11T15:38:34.439+0000][1][gc,cpu       ] GC(25) User=0.02s Sys=0.00s Real=0.06s
[2020-09-11T15:38:34.461+0000][1][safepoint    ] Safepoint "GenCollectForAllocation", Time since last: 516164061 ns, Reaching safepoint: 98252 ns, At safepoint: 83743632 ns, Total: 83841884 ns
[2020-09-11T15:38:34.893+0000][1][gc,start     ] GC(26) Pause Young (Allocation Failure)
[2020-09-11T15:38:34.893+0000][1][gc,task      ] GC(26) Using 1 workers of 1 for evacuation
[2020-09-11T15:38:34.980+0000][1][gc,age       ] GC(26) Desired survivor size 4358144 bytes, new threshold 6 (max threshold 6)
[2020-09-11T15:38:34.980+0000][1][gc,age       ] GC(26) Age table with threshold 6 (max threshold 6)
[2020-09-11T15:38:34.980+0000][1][gc,age       ] GC(26) - age   1:        144 bytes,        144 total
[2020-09-11T15:38:34.980+0000][1][gc,age       ] GC(26) - age   5:     250224 bytes,     250368 total
[2020-09-11T15:38:34.980+0000][1][gc,age       ] GC(26) - age   6:     439024 bytes,     689392 total
[2020-09-11T15:38:34.980+0000][1][gc,heap      ] GC(26) ParNew: 68984K->1216K(76672K)
[2020-09-11T15:38:34.980+0000][1][gc,heap      ] GC(26) CMS: 45466K->45466K(2011968K)
[2020-09-11T15:38:34.980+0000][1][gc,metaspace ] GC(26) Metaspace: 32416K->32416K(1079296K)
[2020-09-11T15:38:34.980+0000][1][gc           ] GC(26) Pause Young (Allocation Failure) 111M->45M(2039M) 87.173ms
[2020-09-11T15:38:34.980+0000][1][gc,cpu       ] GC(26) User=0.02s Sys=0.00s Real=0.08s
[2020-09-11T15:38:35.005+0000][1][safepoint    ] Safepoint "GenCollectForAllocation", Time since last: 431969791 ns, Reaching safepoint: 110373 ns, At safepoint: 111902914 ns, Total: 112013287 ns
[2020-09-11T15:38:35.417+0000][1][gc,start     ] GC(27) Pause Young (Allocation Failure)
[2020-09-11T15:38:35.417+0000][1][gc,task      ] GC(27) Using 1 workers of 1 for evacuation
[2020-09-11T15:38:35.499+0000][1][gc,age       ] GC(27) Desired survivor size 4358144 bytes, new threshold 6 (max threshold 6)
[2020-09-11T15:38:35.499+0000][1][gc,age       ] GC(27) Age table with threshold 6 (max threshold 6)
[2020-09-11T15:38:35.499+0000][1][gc,age       ] GC(27) - age   1:        216 bytes,        216 total
[2020-09-11T15:38:35.499+0000][1][gc,age       ] GC(27) - age   6:     250224 bytes,     250440 total
[2020-09-11T15:38:35.499+0000][1][gc,heap      ] GC(27) ParNew: 69376K->404K(76672K)
[2020-09-11T15:38:35.499+0000][1][gc,heap      ] GC(27) CMS: 45466K->45895K(2011968K)
[2020-09-11T15:38:35.499+0000][1][gc,metaspace ] GC(27) Metaspace: 32416K->32416K(1079296K)
[2020-09-11T15:38:35.500+0000][1][gc           ] GC(27) Pause Young (Allocation Failure) 112M->45M(2039M) 82.583ms
[2020-09-11T15:38:35.500+0000][1][gc,cpu       ] GC(27) User=0.02s Sys=0.00s Real=0.08s
[2020-09-11T15:38:35.525+0000][1][safepoint    ] Safepoint "GenCollectForAllocation", Time since last: 412017899 ns, Reaching safepoint: 106022 ns, At safepoint: 107888608 ns, Total: 107994630 ns
[2020-09-11T15:38:35.937+0000][1][gc,start     ] GC(28) Pause Young (Allocation Failure)
[2020-09-11T15:38:35.937+0000][1][gc,task      ] GC(28) Using 1 workers of 1 for evacuation
[2020-09-11T15:38:36.053+0000][1][gc,age       ] GC(28) Desired survivor size 4358144 bytes, new threshold 6 (max threshold 6)
[2020-09-11T15:38:36.053+0000][1][gc,age       ] GC(28) Age table with threshold 6 (max threshold 6)
[2020-09-11T15:38:36.053+0000][1][gc,age       ] GC(28) - age   1:         96 bytes,         96 total
[2020-09-11T15:38:36.053+0000][1][gc,heap      ] GC(28) ParNew: 68564K->284K(76672K)
[2020-09-11T15:38:36.053+0000][1][gc,heap      ] GC(28) CMS: 45895K->46139K(2011968K)
[2020-09-11T15:38:36.053+0000][1][gc,metaspace ] GC(28) Metaspace: 32416K->32416K(1079296K)
[2020-09-11T15:38:36.053+0000][1][gc           ] GC(28) Pause Young (Allocation Failure) 111M->45M(2039M) 116.000ms
[2020-09-11T15:38:36.053+0000][1][gc,cpu       ] GC(28) User=0.03s Sys=0.00s Real=0.12s
[2020-09-11T15:38:36.053+0000][1][safepoint    ] Safepoint "GenCollectForAllocation", Time since last: 411982135 ns, Reaching safepoint: 100531 ns, At safepoint: 116085386 ns, Total: 116185917 ns
[2020-09-11T15:38:36.465+0000][1][gc,start     ] GC(29) Pause Young (Allocation Failure)
[2020-09-11T15:38:36.465+0000][1][gc,task      ] GC(29) Using 1 workers of 1 for evacuation
[2020-09-11T15:38:36.537+0000][1][gc,age       ] GC(29) Desired survivor size 4358144 bytes, new threshold 6 (max threshold 6)
[2020-09-11T15:38:36.537+0000][1][gc,age       ] GC(29) Age table with threshold 6 (max threshold 6)
[2020-09-11T15:38:36.537+0000][1][gc,age       ] GC(29) - age   1:        200 bytes,        200 total
[2020-09-11T15:38:36.537+0000][1][gc,age       ] GC(29) - age   2:         72 bytes,        272 total
[2020-09-11T15:38:36.537+0000][1][gc,heap      ] GC(29) ParNew: 68444K->71K(76672K)
[2020-09-11T15:38:36.537+0000][1][gc,heap      ] GC(29) CMS: 46139K->46139K(2011968K)
[2020-09-11T15:38:36.537+0000][1][gc,metaspace ] GC(29) Metaspace: 32416K->32416K(1079296K)
[2020-09-11T15:38:36.537+0000][1][gc           ] GC(29) Pause Young (Allocation Failure) 111M->45M(2039M) 71.896ms
[2020-09-11T15:38:36.537+0000][1][gc,cpu       ] GC(29) User=0.02s Sys=0.00s Real=0.07s
[2020-09-11T15:38:36.557+0000][1][safepoint    ] Safepoint "GenCollectForAllocation", Time since last: 411692484 ns, Reaching safepoint: 117608 ns, At safepoint: 92032080 ns, Total: 92149688 ns
[2020-09-11T15:38:36.689+0000][1][safepoint    ] Safepoint "RevokeBias", Time since last: 128067955 ns, Reaching safepoint: 3912671 ns, At safepoint: 50905 ns, Total: 3963576 ns
[2020-09-11T15:38:36.693+0000][1][safepoint    ] Safepoint "BulkRevokeBias", Time since last: 216786 ns, Reaching safepoint: 3741338 ns, At safepoint: 76584 ns, Total: 3817922 ns
[2020-09-11T15:38:36.694+0000][1][safepoint    ] Safepoint "RevokeBias", Time since last: 876091 ns, Reaching safepoint: 89529 ns, At safepoint: 27347 ns, Total: 116876 ns
[2020-09-11T15:38:36.889+0000][1][gc,start     ] GC(30) Pause Young (Allocation Failure)
[2020-09-11T15:38:36.889+0000][1][gc,task      ] GC(30) Using 1 workers of 1 for evacuation
[2020-09-11T15:38:36.936+0000][1][gc,age       ] GC(30) Desired survivor size 4358144 bytes, new threshold 6 (max threshold 6)
[2020-09-11T15:38:36.936+0000][1][gc,age       ] GC(30) Age table with threshold 6 (max threshold 6)
[2020-09-11T15:38:36.936+0000][1][gc,age       ] GC(30) - age   1:        528 bytes,        528 total
[2020-09-11T15:38:36.936+0000][1][gc,age       ] GC(30) - age   3:         72 bytes,        600 total
[2020-09-11T15:38:36.936+0000][1][gc,heap      ] GC(30) ParNew: 68231K->17K(76672K)
[2020-09-11T15:38:36.936+0000][1][gc,heap      ] GC(30) CMS: 46139K->46139K(2011968K)
[2020-09-11T15:38:36.936+0000][1][gc,metaspace ] GC(30) Metaspace: 32417K->32417K(1079296K)
[2020-09-11T15:38:36.936+0000][1][gc           ] GC(30) Pause Young (Allocation Failure) 111M->45M(2039M) 47.319ms
[2020-09-11T15:38:36.936+0000][1][gc,cpu       ] GC(30) User=0.01s Sys=0.00s Real=0.05s
[2020-09-11T15:38:36.943+0000][1][safepoint    ] Safepoint "GenCollectForAllocation", Time since last: 193467914 ns, Reaching safepoint: 1434203 ns, At safepoint: 54522114 ns, Total: 55956317 ns
[2020-09-11T15:38:37.169+0000][1][gc,start     ] GC(31) Pause Young (Allocation Failure)
[2020-09-11T15:38:37.169+0000][1][gc,task      ] GC(31) Using 1 workers of 1 for evacuation
[2020-09-11T15:38:37.215+0000][1][gc,age       ] GC(31) Desired survivor size 4358144 bytes, new threshold 6 (max threshold 6)
[2020-09-11T15:38:37.215+0000][1][gc,age       ] GC(31) Age table with threshold 6 (max threshold 6)
[2020-09-11T15:38:37.215+0000][1][gc,age       ] GC(31) - age   1:        104 bytes,        104 total
[2020-09-11T15:38:37.215+0000][1][gc,age       ] GC(31) - age   2:        360 bytes,        464 total
[2020-09-11T15:38:37.215+0000][1][gc,age       ] GC(31) - age   4:         72 bytes,        536 total
[2020-09-11T15:38:37.215+0000][1][gc,heap      ] GC(31) ParNew: 68177K->4K(76672K)
[2020-09-11T15:38:37.215+0000][1][gc,heap      ] GC(31) CMS: 46139K->46139K(2011968K)
[2020-09-11T15:38:37.215+0000][1][gc,metaspace ] GC(31) Metaspace: 32417K->32417K(1079296K)
[2020-09-11T15:38:37.215+0000][1][gc           ] GC(31) Pause Young (Allocation Failure) 111M->45M(2039M) 46.387ms
[2020-09-11T15:38:37.215+0000][1][gc,cpu       ] GC(31) User=0.02s Sys=0.00s Real=0.05s
[2020-09-11T15:38:37.228+0000][1][safepoint    ] Safepoint "GenCollectForAllocation", Time since last: 221134523 ns, Reaching safepoint: 4381041 ns, At safepoint: 59594192 ns, Total: 63975233 ns
[2020-09-11T15:38:37.445+0000][1][gc,start     ] GC(32) Pause Young (Allocation Failure)
[2020-09-11T15:38:37.445+0000][1][gc,task      ] GC(32) Using 1 workers of 1 for evacuation
[2020-09-11T15:38:37.498+0000][1][gc,age       ] GC(32) Desired survivor size 4358144 bytes, new threshold 6 (max threshold 6)
[2020-09-11T15:38:37.498+0000][1][gc,age       ] GC(32) Age table with threshold 6 (max threshold 6)
[2020-09-11T15:38:37.498+0000][1][gc,age       ] GC(32) - age   1:         80 bytes,         80 total
[2020-09-11T15:38:37.498+0000][1][gc,age       ] GC(32) - age   3:        360 bytes,        440 total
[2020-09-11T15:38:37.498+0000][1][gc,age       ] GC(32) - age   5:         72 bytes,        512 total
[2020-09-11T15:38:37.498+0000][1][gc,heap      ] GC(32) ParNew: 68164K->2K(76672K)
[2020-09-11T15:38:37.498+0000][1][gc,heap      ] GC(32) CMS: 46139K->46139K(2011968K)
[2020-09-11T15:38:37.498+0000][1][gc,metaspace ] GC(32) Metaspace: 32417K->32417K(1079296K)
[2020-09-11T15:38:37.498+0000][1][gc           ] GC(32) Pause Young (Allocation Failure) 111M->45M(2039M) 53.020ms
[2020-09-11T15:38:37.498+0000][1][gc,cpu       ] GC(32) User=0.01s Sys=0.00s Real=0.05s
[2020-09-11T15:38:37.498+0000][1][safepoint    ] Safepoint "GenCollectForAllocation", Time since last: 212360867 ns, Reaching safepoint: 4042330 ns, At safepoint: 53101395 ns, Total: 57143725 ns
[2020-09-11T15:38:37.709+0000][1][gc,start     ] GC(33) Pause Young (Allocation Failure)
[2020-09-11T15:38:37.709+0000][1][gc,task      ] GC(33) Using 1 workers of 1 for evacuation
[2020-09-11T15:38:37.756+0000][1][gc,age       ] GC(33) Desired survivor size 4358144 bytes, new threshold 6 (max threshold 6)
[2020-09-11T15:38:37.756+0000][1][gc,age       ] GC(33) Age table with threshold 6 (max threshold 6)
[2020-09-11T15:38:37.756+0000][1][gc,age       ] GC(33) - age   1:         72 bytes,         72 total
[2020-09-11T15:38:37.756+0000][1][gc,age       ] GC(33) - age   4:        360 bytes,        432 total
[2020-09-11T15:38:37.756+0000][1][gc,age       ] GC(33) - age   6:         72 bytes,        504 total
[2020-09-11T15:38:37.756+0000][1][gc,heap      ] GC(33) ParNew: 68162K->2K(76672K)
[2020-09-11T15:38:37.756+0000][1][gc,heap      ] GC(33) CMS: 46139K->46139K(2011968K)
[2020-09-11T15:38:37.756+0000][1][gc,metaspace ] GC(33) Metaspace: 32417K->32417K(1079296K)
[2020-09-11T15:38:37.756+0000][1][gc           ] GC(33) Pause Young (Allocation Failure) 111M->45M(2039M) 47.564ms
[2020-09-11T15:38:37.756+0000][1][gc,cpu       ] GC(33) User=0.02s Sys=0.00s Real=0.05s
[2020-09-11T15:38:37.765+0000][1][safepoint    ] Safepoint "GenCollectForAllocation", Time since last: 209303957 ns, Reaching safepoint: 1582993 ns, At safepoint: 55985000 ns, Total: 57567993 ns
[2020-09-11T15:38:38.809+0000][1][safepoint    ] Safepoint "Cleanup", Time since last: 1028008017 ns, Reaching safepoint: 16231672 ns, At safepoint: 15203 ns, Total: 16246875 ns
[2020-09-11T15:38:39.817+0000][1][safepoint    ] Safepoint "Cleanup", Time since last: 1007732944 ns, Reaching safepoint: 111991 ns, At safepoint: 5585 ns, Total: 117576 ns
[2020-09-11T15:38:42.833+0000][1][safepoint    ] Safepoint "Cleanup", Time since last: 3003953174 ns, Reaching safepoint: 11985661 ns, At safepoint: 9578 ns, Total: 11995239 ns
[2020-09-11T15:38:43.250+0000][1][gc,start     ] GC(34) Pause Young (Allocation Failure)
[2020-09-11T15:38:43.250+0000][1][gc,task      ] GC(34) Using 1 workers of 1 for evacuation
[2020-09-11T15:38:43.314+0000][1][gc,age       ] GC(34) Desired survivor size 4358144 bytes, new threshold 6 (max threshold 6)
[2020-09-11T15:38:43.314+0000][1][gc,age       ] GC(34) Age table with threshold 6 (max threshold 6)
[2020-09-11T15:38:43.314+0000][1][gc,age       ] GC(34) - age   1:     240568 bytes,     240568 total
[2020-09-11T15:38:43.314+0000][1][gc,age       ] GC(34) - age   5:        360 bytes,     240928 total
[2020-09-11T15:38:43.314+0000][1][gc,heap      ] GC(34) ParNew: 68162K->237K(76672K)
[2020-09-11T15:38:43.314+0000][1][gc,heap      ] GC(34) CMS: 46139K->46140K(2011968K)
[2020-09-11T15:38:43.314+0000][1][gc,metaspace ] GC(34) Metaspace: 32437K->32437K(1079296K)
[2020-09-11T15:38:43.314+0000][1][gc           ] GC(34) Pause Young (Allocation Failure) 111M->45M(2039M) 64.491ms
[2020-09-11T15:38:43.314+0000][1][gc,cpu       ] GC(34) User=0.02s Sys=0.00s Real=0.07s
[2020-09-11T15:38:43.338+0000][1][safepoint    ] Safepoint "GenCollectForAllocation", Time since last: 416810753 ns, Reaching safepoint: 95777 ns, At safepoint: 87971143 ns, Total: 88066920 ns
[2020-09-11T15:38:44.376+0000][1][safepoint    ] Safepoint "Cleanup", Time since last: 1023137147 ns, Reaching safepoint: 15209131 ns, At safepoint: 11379 ns, Total: 15220510 ns
[2020-09-11T15:38:44.917+0000][1][gc,start     ] GC(35) Pause Young (Allocation Failure)
[2020-09-11T15:38:44.917+0000][1][gc,task      ] GC(35) Using 1 workers of 1 for evacuation
[2020-09-11T15:38:45.021+0000][1][gc,age       ] GC(35) Desired survivor size 4358144 bytes, new threshold 6 (max threshold 6)
[2020-09-11T15:38:45.021+0000][1][gc,age       ] GC(35) Age table with threshold 6 (max threshold 6)
[2020-09-11T15:38:45.021+0000][1][gc,age       ] GC(35) - age   1:     511752 bytes,     511752 total
[2020-09-11T15:38:45.021+0000][1][gc,age       ] GC(35) - age   2:     148984 bytes,     660736 total
[2020-09-11T15:38:45.021+0000][1][gc,age       ] GC(35) - age   6:        360 bytes,     661096 total
[2020-09-11T15:38:45.021+0000][1][gc,heap      ] GC(35) ParNew: 68397K->667K(76672K)
[2020-09-11T15:38:45.021+0000][1][gc,heap      ] GC(35) CMS: 46140K->46140K(2011968K)
[2020-09-11T15:38:45.021+0000][1][gc,metaspace ] GC(35) Metaspace: 32437K->32437K(1079296K)
[2020-09-11T15:38:45.021+0000][1][gc           ] GC(35) Pause Young (Allocation Failure) 111M->45M(2039M) 104.004ms
[2020-09-11T15:38:45.021+0000][1][gc,cpu       ] GC(35) User=0.02s Sys=0.00s Real=0.11s
[2020-09-11T15:38:45.021+0000][1][safepoint    ] Safepoint "GenCollectForAllocation", Time since last: 540711734 ns, Reaching safepoint: 103356 ns, At safepoint: 104064534 ns, Total: 104167890 ns
[2020-09-11T15:38:46.347+0000][1][gc,start     ] GC(36) Pause Young (Allocation Failure)
[2020-09-11T15:38:46.347+0000][1][gc,task      ] GC(36) Using 1 workers of 1 for evacuation
[2020-09-11T15:38:46.407+0000][1][gc,age       ] GC(36) Desired survivor size 4358144 bytes, new threshold 6 (max threshold 6)
[2020-09-11T15:38:46.407+0000][1][gc,age       ] GC(36) Age table with threshold 6 (max threshold 6)
[2020-09-11T15:38:46.407+0000][1][gc,age       ] GC(36) - age   1:     642576 bytes,     642576 total
[2020-09-11T15:38:46.407+0000][1][gc,age       ] GC(36) - age   2:     340312 bytes,     982888 total
[2020-09-11T15:38:46.407+0000][1][gc,age       ] GC(36) - age   3:     148400 bytes,    1131288 total
[2020-09-11T15:38:46.407+0000][1][gc,heap      ] GC(36) ParNew: 68827K->1119K(76672K)
[2020-09-11T15:38:46.407+0000][1][gc,heap      ] GC(36) CMS: 46140K->46140K(2011968K)
[2020-09-11T15:38:46.407+0000][1][gc,metaspace ] GC(36) Metaspace: 32438K->32438K(1079296K)
[2020-09-11T15:38:46.407+0000][1][gc           ] GC(36) Pause Young (Allocation Failure) 112M->46M(2039M) 60.425ms
[2020-09-11T15:38:46.407+0000][1][gc,cpu       ] GC(36) User=0.02s Sys=0.00s Real=0.06s
[2020-09-11T15:38:46.428+0000][1][safepoint    ] Safepoint "GenCollectForAllocation", Time since last: 1325596556 ns, Reaching safepoint: 93996 ns, At safepoint: 80908164 ns, Total: 81002160 ns
[2020-09-11T15:38:47.573+0000][1][gc,start     ] GC(37) Pause Young (Allocation Failure)
[2020-09-11T15:38:47.573+0000][1][gc,task      ] GC(37) Using 1 workers of 1 for evacuation
[2020-09-11T15:38:47.669+0000][1][gc,age       ] GC(37) Desired survivor size 4358144 bytes, new threshold 6 (max threshold 6)
[2020-09-11T15:38:47.669+0000][1][gc,age       ] GC(37) Age table with threshold 6 (max threshold 6)
[2020-09-11T15:38:47.669+0000][1][gc,age       ] GC(37) - age   1:     655336 bytes,     655336 total
[2020-09-11T15:38:47.669+0000][1][gc,age       ] GC(37) - age   2:     301560 bytes,     956896 total
[2020-09-11T15:38:47.669+0000][1][gc,age       ] GC(37) - age   3:     340184 bytes,    1297080 total
[2020-09-11T15:38:47.669+0000][1][gc,age       ] GC(37) - age   4:     148016 bytes,    1445096 total
[2020-09-11T15:38:47.669+0000][1][gc,heap      ] GC(37) ParNew: 69279K->1497K(76672K)
[2020-09-11T15:38:47.669+0000][1][gc,heap      ] GC(37) CMS: 46140K->46140K(2011968K)
[2020-09-11T15:38:47.669+0000][1][gc,metaspace ] GC(37) Metaspace: 32439K->32439K(1079296K)
[2020-09-11T15:38:47.669+0000][1][gc           ] GC(37) Pause Young (Allocation Failure) 112M->46M(2039M) 96.170ms
[2020-09-11T15:38:47.669+0000][1][gc,cpu       ] GC(37) User=0.02s Sys=0.00s Real=0.09s
[2020-09-11T15:38:47.669+0000][1][safepoint    ] Safepoint "GenCollectForAllocation", Time since last: 1145218735 ns, Reaching safepoint: 116374 ns, At safepoint: 96249772 ns, Total: 96366146 ns
[2020-09-11T15:38:48.693+0000][1][safepoint    ] Safepoint "Cleanup", Time since last: 1023619983 ns, Reaching safepoint: 107083 ns, At safepoint: 5946 ns, Total: 113029 ns
[2020-09-11T15:38:48.901+0000][1][gc,start     ] GC(38) Pause Young (Allocation Failure)
[2020-09-11T15:38:48.901+0000][1][gc,task      ] GC(38) Using 1 workers of 1 for evacuation
[2020-09-11T15:38:48.991+0000][1][gc,age       ] GC(38) Desired survivor size 4358144 bytes, new threshold 6 (max threshold 6)
[2020-09-11T15:38:49.019+0000][1][gc,age       ] GC(38) Age table with threshold 6 (max threshold 6)
[2020-09-11T15:38:49.019+0000][1][gc,age       ] GC(38) - age   1:     934352 bytes,     934352 total
[2020-09-11T15:38:49.019+0000][1][gc,age       ] GC(38) - age   2:     297400 bytes,    1231752 total
[2020-09-11T15:38:49.019+0000][1][gc,age       ] GC(38) - age   3:     297400 bytes,    1529152 total
[2020-09-11T15:38:49.019+0000][1][gc,age       ] GC(38) - age   4:     340184 bytes,    1869336 total
[2020-09-11T15:38:49.019+0000][1][gc,age       ] GC(38) - age   5:     147912 bytes,    2017248 total
[2020-09-11T15:38:49.019+0000][1][gc,heap      ] GC(38) ParNew: 69657K->1976K(76672K)
[2020-09-11T15:38:49.019+0000][1][gc,heap      ] GC(38) CMS: 46140K->46140K(2011968K)
[2020-09-11T15:38:49.019+0000][1][gc,metaspace ] GC(38) Metaspace: 32439K->32439K(1079296K)
[2020-09-11T15:38:49.019+0000][1][gc           ] GC(38) Pause Young (Allocation Failure) 113M->46M(2039M) 117.906ms
[2020-09-11T15:38:49.019+0000][1][gc,cpu       ] GC(38) User=0.03s Sys=0.00s Real=0.11s
[2020-09-11T15:38:49.019+0000][1][safepoint    ] Safepoint "GenCollectForAllocation", Time since last: 207903169 ns, Reaching safepoint: 102052 ns, At safepoint: 117955849 ns, Total: 118057901 ns
[2020-09-11T15:38:49.817+0000][1][gc,start     ] GC(39) Pause Young (Allocation Failure)
[2020-09-11T15:38:49.817+0000][1][gc,task      ] GC(39) Using 1 workers of 1 for evacuation
[2020-09-11T15:38:49.864+0000][1][gc,age       ] GC(39) Desired survivor size 4358144 bytes, new threshold 6 (max threshold 6)
[2020-09-11T15:38:49.864+0000][1][gc,age       ] GC(39) Age table with threshold 6 (max threshold 6)
[2020-09-11T15:38:49.864+0000][1][gc,age       ] GC(39) - age   1:     312384 bytes,     312384 total
[2020-09-11T15:38:49.864+0000][1][gc,age       ] GC(39) - age   2:     922552 bytes,    1234936 total
[2020-09-11T15:38:49.864+0000][1][gc,age       ] GC(39) - age   3:     296328 bytes,    1531264 total
[2020-09-11T15:38:49.864+0000][1][gc,age       ] GC(39) - age   4:     296896 bytes,    1828160 total
[2020-09-11T15:38:49.864+0000][1][gc,age       ] GC(39) - age   5:     339768 bytes,    2167928 total
[2020-09-11T15:38:49.864+0000][1][gc,age       ] GC(39) - age   6:     147872 bytes,    2315800 total
[2020-09-11T15:38:49.864+0000][1][gc,heap      ] GC(39) ParNew: 70136K->2264K(76672K)
[2020-09-11T15:38:49.864+0000][1][gc,heap      ] GC(39) CMS: 46140K->46140K(2011968K)
[2020-09-11T15:38:49.864+0000][1][gc,metaspace ] GC(39) Metaspace: 32439K->32439K(1079296K)
[2020-09-11T15:38:49.864+0000][1][gc           ] GC(39) Pause Young (Allocation Failure) 113M->47M(2039M) 47.492ms
[2020-09-11T15:38:49.864+0000][1][gc,cpu       ] GC(39) User=0.01s Sys=0.00s Real=0.05s
[2020-09-11T15:38:49.873+0000][1][safepoint    ] Safepoint "GenCollectForAllocation", Time since last: 792749516 ns, Reaching safepoint: 5225667 ns, At safepoint: 56057336 ns, Total: 61283003 ns
[2020-09-11T15:38:49.986+0000][1][safepoint    ] Safepoint "RevokeBias", Time since last: 113378716 ns, Reaching safepoint: 99739 ns, At safepoint: 27736 ns, Total: 127475 ns
[2020-09-11T15:38:50.637+0000][1][gc,start     ] GC(40) Pause Young (Allocation Failure)
[2020-09-11T15:38:50.637+0000][1][gc,task      ] GC(40) Using 1 workers of 1 for evacuation
[2020-09-11T15:38:50.689+0000][1][gc,age       ] GC(40) Desired survivor size 4358144 bytes, new threshold 6 (max threshold 6)
[2020-09-11T15:38:50.689+0000][1][gc,age       ] GC(40) Age table with threshold 6 (max threshold 6)
[2020-09-11T15:38:50.689+0000][1][gc,age       ] GC(40) - age   1:     381248 bytes,     381248 total
[2020-09-11T15:38:50.689+0000][1][gc,age       ] GC(40) - age   2:     301008 bytes,     682256 total
[2020-09-11T15:38:50.689+0000][1][gc,age       ] GC(40) - age   3:     921984 bytes,    1604240 total
[2020-09-11T15:38:50.689+0000][1][gc,age       ] GC(40) - age   4:     296096 bytes,    1900336 total
[2020-09-11T15:38:50.689+0000][1][gc,age       ] GC(40) - age   5:     296776 bytes,    2197112 total
[2020-09-11T15:38:50.689+0000][1][gc,age       ] GC(40) - age   6:     339768 bytes,    2536880 total
[2020-09-11T15:38:50.689+0000][1][gc,heap      ] GC(40) ParNew: 70424K->2539K(76672K)
[2020-09-11T15:38:50.689+0000][1][gc,heap      ] GC(40) CMS: 46140K->46282K(2011968K)
[2020-09-11T15:38:50.689+0000][1][gc,metaspace ] GC(40) Metaspace: 32441K->32441K(1079296K)
[2020-09-11T15:38:50.690+0000][1][gc           ] GC(40) Pause Young (Allocation Failure) 113M->47M(2039M) 52.584ms
[2020-09-11T15:38:50.690+0000][1][gc,cpu       ] GC(40) User=0.01s Sys=0.00s Real=0.05s
[2020-09-11T15:38:50.699+0000][1][safepoint    ] Safepoint "GenCollectForAllocation", Time since last: 650429695 ns, Reaching safepoint: 116626 ns, At safepoint: 61811304 ns, Total: 61927930 ns
[2020-09-11T15:38:51.009+0000][1][gc,start     ] GC(41) Pause Young (Allocation Failure)
[2020-09-11T15:38:51.009+0000][1][gc,task      ] GC(41) Using 1 workers of 1 for evacuation
[2020-09-11T15:38:51.056+0000][1][gc,age       ] GC(41) Desired survivor size 4358144 bytes, new threshold 6 (max threshold 6)
[2020-09-11T15:38:51.057+0000][1][gc,age       ] GC(41) Age table with threshold 6 (max threshold 6)
[2020-09-11T15:38:51.057+0000][1][gc,age       ] GC(41) - age   1:        184 bytes,        184 total
[2020-09-11T15:38:51.057+0000][1][gc,age       ] GC(41) - age   2:     381008 bytes,     381192 total
[2020-09-11T15:38:51.057+0000][1][gc,age       ] GC(41) - age   3:     301008 bytes,     682200 total
[2020-09-11T15:38:51.057+0000][1][gc,age       ] GC(41) - age   4:     921984 bytes,    1604184 total
[2020-09-11T15:38:51.057+0000][1][gc,age       ] GC(41) - age   5:     296096 bytes,    1900280 total
[2020-09-11T15:38:51.057+0000][1][gc,age       ] GC(41) - age   6:     296776 bytes,    2197056 total
[2020-09-11T15:38:51.057+0000][1][gc,heap      ] GC(41) ParNew: 70699K->2941K(76672K)
[2020-09-11T15:38:51.057+0000][1][gc,heap      ] GC(41) CMS: 46282K->46614K(2011968K)
[2020-09-11T15:38:51.057+0000][1][gc,metaspace ] GC(41) Metaspace: 32441K->32441K(1079296K)
[2020-09-11T15:38:51.057+0000][1][gc           ] GC(41) Pause Young (Allocation Failure) 114M->48M(2039M) 47.830ms
[2020-09-11T15:38:51.057+0000][1][gc,cpu       ] GC(41) User=0.01s Sys=0.00s Real=0.05s
[2020-09-11T15:38:51.069+0000][1][safepoint    ] Safepoint "GenCollectForAllocation", Time since last: 308234614 ns, Reaching safepoint: 1816929 ns, At safepoint: 60000715 ns, Total: 61817644 ns
[2020-09-11T15:38:51.282+0000][1][gc,start     ] GC(42) Pause Young (Allocation Failure)
[2020-09-11T15:38:51.282+0000][1][gc,task      ] GC(42) Using 1 workers of 1 for evacuation
[2020-09-11T15:38:51.337+0000][1][gc,age       ] GC(42) Desired survivor size 4358144 bytes, new threshold 6 (max threshold 6)
[2020-09-11T15:38:51.337+0000][1][gc,age       ] GC(42) Age table with threshold 6 (max threshold 6)
[2020-09-11T15:38:51.337+0000][1][gc,age       ] GC(42) - age   1:         48 bytes,         48 total
[2020-09-11T15:38:51.337+0000][1][gc,age       ] GC(42) - age   2:        160 bytes,        208 total
[2020-09-11T15:38:51.337+0000][1][gc,age       ] GC(42) - age   3:     381008 bytes,     381216 total
[2020-09-11T15:38:51.337+0000][1][gc,age       ] GC(42) - age   4:     301008 bytes,     682224 total
[2020-09-11T15:38:51.337+0000][1][gc,age       ] GC(42) - age   5:     921984 bytes,    1604208 total
[2020-09-11T15:38:51.337+0000][1][gc,age       ] GC(42) - age   6:     296096 bytes,    1900304 total
[2020-09-11T15:38:51.337+0000][1][gc,heap      ] GC(42) ParNew: 71101K->1976K(76672K)
[2020-09-11T15:38:51.337+0000][1][gc,heap      ] GC(42) CMS: 46614K->46903K(2011968K)
[2020-09-11T15:38:51.337+0000][1][gc,metaspace ] GC(42) Metaspace: 32441K->32441K(1079296K)
[2020-09-11T15:38:51.337+0000][1][gc           ] GC(42) Pause Young (Allocation Failure) 114M->47M(2039M) 54.984ms
[2020-09-11T15:38:51.337+0000][1][gc,cpu       ] GC(42) User=0.01s Sys=0.00s Real=0.05s
[2020-09-11T15:38:51.337+0000][1][safepoint    ] Safepoint "GenCollectForAllocation", Time since last: 212013993 ns, Reaching safepoint: 1473233 ns, At safepoint: 55061882 ns, Total: 56535115 ns
[2020-09-11T15:38:51.549+0000][1][gc,start     ] GC(43) Pause Young (Allocation Failure)
[2020-09-11T15:38:51.549+0000][1][gc,task      ] GC(43) Using 1 workers of 1 for evacuation
[2020-09-11T15:38:51.598+0000][1][gc,age       ] GC(43) Desired survivor size 4358144 bytes, new threshold 6 (max threshold 6)
[2020-09-11T15:38:51.598+0000][1][gc,age       ] GC(43) Age table with threshold 6 (max threshold 6)
[2020-09-11T15:38:51.598+0000][1][gc,age       ] GC(43) - age   1:         40 bytes,         40 total
[2020-09-11T15:38:51.598+0000][1][gc,age       ] GC(43) - age   3:        160 bytes,        200 total
[2020-09-11T15:38:51.598+0000][1][gc,age       ] GC(43) - age   4:     381008 bytes,     381208 total
[2020-09-11T15:38:51.598+0000][1][gc,age       ] GC(43) - age   5:     301008 bytes,     682216 total
[2020-09-11T15:38:51.598+0000][1][gc,age       ] GC(43) - age   6:     921984 bytes,    1604200 total
[2020-09-11T15:38:51.598+0000][1][gc,heap      ] GC(43) ParNew: 70136K->1886K(76672K)
[2020-09-11T15:38:51.598+0000][1][gc,heap      ] GC(43) CMS: 46903K->47193K(2011968K)
[2020-09-11T15:38:51.598+0000][1][gc,metaspace ] GC(43) Metaspace: 32441K->32441K(1079296K)
[2020-09-11T15:38:51.598+0000][1][gc           ] GC(43) Pause Young (Allocation Failure) 114M->47M(2039M) 49.316ms
[2020-09-11T15:38:51.598+0000][1][gc,cpu       ] GC(43) User=0.01s Sys=0.00s Real=0.05s
[2020-09-11T15:38:51.601+0000][1][safepoint    ] Safepoint "GenCollectForAllocation", Time since last: 209729310 ns, Reaching safepoint: 1718133 ns, At safepoint: 51993759 ns, Total: 53711892 ns
[2020-09-11T15:38:51.894+0000][1][gc,start     ] GC(44) Pause Young (Allocation Failure)
[2020-09-11T15:38:51.894+0000][1][gc,task      ] GC(44) Using 1 workers of 1 for evacuation
[2020-09-11T15:38:51.939+0000][1][gc,age       ] GC(44) Desired survivor size 4358144 bytes, new threshold 6 (max threshold 6)
[2020-09-11T15:38:51.939+0000][1][gc,age       ] GC(44) Age table with threshold 6 (max threshold 6)
[2020-09-11T15:38:51.939+0000][1][gc,age       ] GC(44) - age   1:        504 bytes,        504 total
[2020-09-11T15:38:51.939+0000][1][gc,age       ] GC(44) - age   4:        160 bytes,        664 total
[2020-09-11T15:38:51.939+0000][1][gc,age       ] GC(44) - age   5:     381008 bytes,     381672 total
[2020-09-11T15:38:51.939+0000][1][gc,age       ] GC(44) - age   6:     301008 bytes,     682680 total
[2020-09-11T15:38:51.939+0000][1][gc,heap      ] GC(44) ParNew: 70046K->1646K(76672K)
[2020-09-11T15:38:51.939+0000][1][gc,heap      ] GC(44) CMS: 47193K->48093K(2011968K)
[2020-09-11T15:38:51.939+0000][1][gc,metaspace ] GC(44) Metaspace: 32441K->32441K(1079296K)
[2020-09-11T15:38:51.939+0000][1][gc           ] GC(44) Pause Young (Allocation Failure) 114M->48M(2039M) 45.044ms
[2020-09-11T15:38:51.939+0000][1][gc,cpu       ] GC(44) User=0.01s Sys=0.00s Real=0.04s
[2020-09-11T15:38:51.941+0000][1][safepoint    ] Safepoint "GenCollectForAllocation", Time since last: 293444807 ns, Reaching safepoint: 113860 ns, At safepoint: 46527696 ns, Total: 46641556 ns
[2020-09-11T15:38:52.161+0000][1][gc,start     ] GC(45) Pause Young (Allocation Failure)
[2020-09-11T15:38:52.161+0000][1][gc,task      ] GC(45) Using 1 workers of 1 for evacuation
[2020-09-11T15:38:52.212+0000][1][gc,age       ] GC(45) Desired survivor size 4358144 bytes, new threshold 6 (max threshold 6)
[2020-09-11T15:38:52.212+0000][1][gc,age       ] GC(45) Age table with threshold 6 (max threshold 6)
[2020-09-11T15:38:52.212+0000][1][gc,age       ] GC(45) - age   1:         48 bytes,         48 total
[2020-09-11T15:38:52.212+0000][1][gc,age       ] GC(45) - age   2:        480 bytes,        528 total
[2020-09-11T15:38:52.212+0000][1][gc,age       ] GC(45) - age   5:        160 bytes,        688 total
[2020-09-11T15:38:52.212+0000][1][gc,age       ] GC(45) - age   6:     381008 bytes,     381696 total
[2020-09-11T15:38:52.212+0000][1][gc,heap      ] GC(45) ParNew: 69806K->661K(76672K)
[2020-09-11T15:38:52.212+0000][1][gc,heap      ] GC(45) CMS: 48093K->48387K(2011968K)
[2020-09-11T15:38:52.212+0000][1][gc,metaspace ] GC(45) Metaspace: 32441K->32441K(1079296K)
[2020-09-11T15:38:52.212+0000][1][gc           ] GC(45) Pause Young (Allocation Failure) 115M->47M(2039M) 50.870ms
[2020-09-11T15:38:52.212+0000][1][gc,cpu       ] GC(45) User=0.01s Sys=0.00s Real=0.04s
[2020-09-11T15:38:52.212+0000][1][safepoint    ] Safepoint "GenCollectForAllocation", Time since last: 217207409 ns, Reaching safepoint: 2717737 ns, At safepoint: 50933338 ns, Total: 53651075 ns
[2020-09-11T15:38:52.433+0000][1][gc,start     ] GC(46) Pause Young (Allocation Failure)
[2020-09-11T15:38:52.433+0000][1][gc,task      ] GC(46) Using 1 workers of 1 for evacuation
[2020-09-11T15:38:52.489+0000][1][gc,age       ] GC(46) Desired survivor size 4358144 bytes, new threshold 6 (max threshold 6)
[2020-09-11T15:38:52.489+0000][1][gc,age       ] GC(46) Age table with threshold 6 (max threshold 6)
[2020-09-11T15:38:52.489+0000][1][gc,age       ] GC(46) - age   1:        200 bytes,        200 total
[2020-09-11T15:38:52.489+0000][1][gc,age       ] GC(46) - age   3:        480 bytes,        680 total
[2020-09-11T15:38:52.489+0000][1][gc,age       ] GC(46) - age   6:        160 bytes,        840 total
[2020-09-11T15:38:52.489+0000][1][gc,heap      ] GC(46) ParNew: 68821K->305K(76672K)
[2020-09-11T15:38:52.489+0000][1][gc,heap      ] GC(46) CMS: 48387K->48759K(2011968K)
[2020-09-11T15:38:52.489+0000][1][gc,metaspace ] GC(46) Metaspace: 32441K->32441K(1079296K)
[2020-09-11T15:38:52.489+0000][1][gc           ] GC(46) Pause Young (Allocation Failure) 114M->47M(2039M) 56.473ms
[2020-09-11T15:38:52.489+0000][1][gc,cpu       ] GC(46) User=0.02s Sys=0.00s Real=0.05s
[2020-09-11T15:38:52.489+0000][1][safepoint    ] Safepoint "GenCollectForAllocation", Time since last: 215821058 ns, Reaching safepoint: 5315001 ns, At safepoint: 56537170 ns, Total: 61852171 ns
[2020-09-11T15:38:52.705+0000][1][gc,start     ] GC(47) Pause Young (Allocation Failure)
[2020-09-11T15:38:52.705+0000][1][gc,task      ] GC(47) Using 1 workers of 1 for evacuation
[2020-09-11T15:38:52.740+0000][1][gc,age       ] GC(47) Desired survivor size 4358144 bytes, new threshold 6 (max threshold 6)
[2020-09-11T15:38:52.740+0000][1][gc,age       ] GC(47) Age table with threshold 6 (max threshold 6)
[2020-09-11T15:38:52.740+0000][1][gc,age       ] GC(47) - age   1:        232 bytes,        232 total
[2020-09-11T15:38:52.740+0000][1][gc,age       ] GC(47) - age   4:        480 bytes,        712 total
[2020-09-11T15:38:52.740+0000][1][gc,heap      ] GC(47) ParNew: 68465K->76K(76672K)
[2020-09-11T15:38:52.740+0000][1][gc,heap      ] GC(47) CMS: 48759K->48760K(2011968K)
[2020-09-11T15:38:52.740+0000][1][gc,metaspace ] GC(47) Metaspace: 32441K->32441K(1079296K)
[2020-09-11T15:38:52.740+0000][1][gc           ] GC(47) Pause Young (Allocation Failure) 114M->47M(2039M) 35.426ms
[2020-09-11T15:38:52.740+0000][1][gc,cpu       ] GC(47) User=0.01s Sys=0.00s Real=0.03s
[2020-09-11T15:38:52.751+0000][1][safepoint    ] Safepoint "GenCollectForAllocation", Time since last: 211408059 ns, Reaching safepoint: 4013948 ns, At safepoint: 46076043 ns, Total: 50089991 ns
[2020-09-11T15:38:52.966+0000][1][gc,start     ] GC(48) Pause Young (Allocation Failure)
[2020-09-11T15:38:52.967+0000][1][gc,task      ] GC(48) Using 1 workers of 1 for evacuation
[2020-09-11T15:38:53.000+0000][1][gc,age       ] GC(48) Desired survivor size 4358144 bytes, new threshold 6 (max threshold 6)
[2020-09-11T15:38:53.000+0000][1][gc,age       ] GC(48) Age table with threshold 6 (max threshold 6)
[2020-09-11T15:38:53.000+0000][1][gc,age       ] GC(48) - age   1:         88 bytes,         88 total
[2020-09-11T15:38:53.000+0000][1][gc,age       ] GC(48) - age   5:        480 bytes,        568 total
[2020-09-11T15:38:53.000+0000][1][gc,heap      ] GC(48) ParNew: 68236K->19K(76672K)
[2020-09-11T15:38:53.000+0000][1][gc,heap      ] GC(48) CMS: 48760K->48760K(2011968K)
[2020-09-11T15:38:53.000+0000][1][gc,metaspace ] GC(48) Metaspace: 32441K->32441K(1079296K)
[2020-09-11T15:38:53.000+0000][1][gc           ] GC(48) Pause Young (Allocation Failure) 114M->47M(2039M) 33.510ms
[2020-09-11T15:38:53.000+0000][1][gc,cpu       ] GC(48) User=0.01s Sys=0.00s Real=0.03s
[2020-09-11T15:38:53.009+0000][1][safepoint    ] Safepoint "GenCollectForAllocation", Time since last: 215447237 ns, Reaching safepoint: 102157 ns, At safepoint: 42426464 ns, Total: 42528621 ns
[2020-09-11T15:38:53.239+0000][1][gc,start     ] GC(49) Pause Young (Allocation Failure)
[2020-09-11T15:38:53.239+0000][1][gc,task      ] GC(49) Using 1 workers of 1 for evacuation
[2020-09-11T15:38:53.275+0000][1][gc,age       ] GC(49) Desired survivor size 4358144 bytes, new threshold 6 (max threshold 6)
[2020-09-11T15:38:53.276+0000][1][gc,age       ] GC(49) Age table with threshold 6 (max threshold 6)
[2020-09-11T15:38:53.276+0000][1][gc,age       ] GC(49) - age   1:        160 bytes,        160 total
[2020-09-11T15:38:53.276+0000][1][gc,age       ] GC(49) - age   6:        480 bytes,        640 total
[2020-09-11T15:38:53.276+0000][1][gc,heap      ] GC(49) ParNew: 68179K->4K(76672K)
[2020-09-11T15:38:53.276+0000][1][gc,heap      ] GC(49) CMS: 48760K->48760K(2011968K)
[2020-09-11T15:38:53.276+0000][1][gc,metaspace ] GC(49) Metaspace: 32441K->32441K(1079296K)
[2020-09-11T15:38:53.276+0000][1][gc           ] GC(49) Pause Young (Allocation Failure) 114M->47M(2039M) 36.675ms
[2020-09-11T15:38:53.276+0000][1][gc,cpu       ] GC(49) User=0.02s Sys=0.00s Real=0.04s
[2020-09-11T15:38:53.285+0000][1][safepoint    ] Safepoint "GenCollectForAllocation", Time since last: 223907506 ns, Reaching safepoint: 6125918 ns, At safepoint: 45875367 ns, Total: 52001285 ns
[2020-09-11T15:38:54.305+0000][1][safepoint    ] Safepoint "Cleanup", Time since last: 1019994180 ns, Reaching safepoint: 112284 ns, At safepoint: 5748 ns, Total: 118032 ns
[2020-09-11T15:38:55.625+0000][1][safepoint    ] Safepoint "Cleanup", Time since last: 1319894800 ns, Reaching safepoint: 163040 ns, At safepoint: 6934 ns, Total: 169974 ns
[2020-09-11T15:38:55.657+0000][1][safepoint    ] Safepoint "ICBufferFull", Time since last: 31840070 ns, Reaching safepoint: 197446 ns, At safepoint: 8024 ns, Total: 205470 ns
[2020-09-11T15:38:55.909+0000][1][gc,start     ] GC(50) Pause Young (Allocation Failure)
[2020-09-11T15:38:55.909+0000][1][gc,task      ] GC(50) Using 1 workers of 1 for evacuation
[2020-09-11T15:38:55.948+0000][1][gc,age       ] GC(50) Desired survivor size 4358144 bytes, new threshold 6 (max threshold 6)
[2020-09-11T15:38:55.948+0000][1][gc,age       ] GC(50) Age table with threshold 6 (max threshold 6)
[2020-09-11T15:38:55.948+0000][1][gc,age       ] GC(50) - age   1:      97176 bytes,      97176 total
[2020-09-11T15:38:55.948+0000][1][gc,heap      ] GC(50) ParNew: 68164K->97K(76672K)
[2020-09-11T15:38:55.948+0000][1][gc,heap      ] GC(50) CMS: 48760K->48760K(2011968K)
[2020-09-11T15:38:55.948+0000][1][gc,metaspace ] GC(50) Metaspace: 32443K->32443K(1079296K)
[2020-09-11T15:38:55.948+0000][1][gc           ] GC(50) Pause Young (Allocation Failure) 114M->47M(2039M) 38.775ms
[2020-09-11T15:38:55.948+0000][1][gc,cpu       ] GC(50) User=0.02s Sys=0.00s Real=0.04s
[2020-09-11T15:38:55.985+0000][1][safepoint    ] Safepoint "GenCollectForAllocation", Time since last: 249273196 ns, Reaching safepoint: 2595825 ns, At safepoint: 75934466 ns, Total: 78530291 ns
[2020-09-11T15:38:56.557+0000][1][gc,start     ] GC(51) Pause Young (Allocation Failure)
[2020-09-11T15:38:56.557+0000][1][gc,task      ] GC(51) Using 1 workers of 1 for evacuation
[2020-09-11T15:38:56.592+0000][1][gc,age       ] GC(51) Desired survivor size 4358144 bytes, new threshold 6 (max threshold 6)
[2020-09-11T15:38:56.592+0000][1][gc,age       ] GC(51) Age table with threshold 6 (max threshold 6)
[2020-09-11T15:38:56.592+0000][1][gc,age       ] GC(51) - age   1:     545368 bytes,     545368 total
[2020-09-11T15:38:56.592+0000][1][gc,age       ] GC(51) - age   2:      49952 bytes,     595320 total
[2020-09-11T15:38:56.592+0000][1][gc,heap      ] GC(51) ParNew: 68257K->600K(76672K)
[2020-09-11T15:38:56.592+0000][1][gc,heap      ] GC(51) CMS: 48760K->48760K(2011968K)
[2020-09-11T15:38:56.592+0000][1][gc,metaspace ] GC(51) Metaspace: 32443K->32443K(1079296K)
[2020-09-11T15:38:56.592+0000][1][gc           ] GC(51) Pause Young (Allocation Failure) 114M->48M(2039M) 34.738ms
[2020-09-11T15:38:56.592+0000][1][gc,cpu       ] GC(51) User=0.01s Sys=0.00s Real=0.03s
[2020-09-11T15:38:56.605+0000][1][safepoint    ] Safepoint "GenCollectForAllocation", Time since last: 567398651 ns, Reaching safepoint: 4724718 ns, At safepoint: 47877071 ns, Total: 52601789 ns
[2020-09-11T15:38:57.043+0000][1][gc,start     ] GC(52) Pause Young (Allocation Failure)
[2020-09-11T15:38:57.043+0000][1][gc,task      ] GC(52) Using 1 workers of 1 for evacuation
[2020-09-11T15:38:57.088+0000][1][gc,age       ] GC(52) Desired survivor size 4358144 bytes, new threshold 6 (max threshold 6)
[2020-09-11T15:38:57.088+0000][1][gc,age       ] GC(52) Age table with threshold 6 (max threshold 6)
[2020-09-11T15:38:57.088+0000][1][gc,age       ] GC(52) - age   1:     677344 bytes,     677344 total
[2020-09-11T15:38:57.088+0000][1][gc,age       ] GC(52) - age   2:     373928 bytes,    1051272 total
[2020-09-11T15:38:57.088+0000][1][gc,age       ] GC(52) - age   3:      49200 bytes,    1100472 total
[2020-09-11T15:38:57.088+0000][1][gc,heap      ] GC(52) ParNew: 68760K->1077K(76672K)
[2020-09-11T15:38:57.088+0000][1][gc,heap      ] GC(52) CMS: 48760K->48760K(2011968K)
[2020-09-11T15:38:57.088+0000][1][gc,metaspace ] GC(52) Metaspace: 32443K->32443K(1079296K)
[2020-09-11T15:38:57.088+0000][1][gc           ] GC(52) Pause Young (Allocation Failure) 114M->48M(2039M) 44.307ms
[2020-09-11T15:38:57.088+0000][1][gc,cpu       ] GC(52) User=0.02s Sys=0.00s Real=0.04s
[2020-09-11T15:38:57.088+0000][1][safepoint    ] Safepoint "GenCollectForAllocation", Time since last: 431986465 ns, Reaching safepoint: 6600430 ns, At safepoint: 44383682 ns, Total: 50984112 ns
[2020-09-11T15:38:57.472+0000][1][gc,start     ] GC(53) Pause Young (Allocation Failure)
[2020-09-11T15:38:57.472+0000][1][gc,task      ] GC(53) Using 1 workers of 1 for evacuation
[2020-09-11T15:38:57.511+0000][1][gc,age       ] GC(53) Desired survivor size 4358144 bytes, new threshold 6 (max threshold 6)
[2020-09-11T15:38:57.511+0000][1][gc,age       ] GC(53) Age table with threshold 6 (max threshold 6)
[2020-09-11T15:38:57.511+0000][1][gc,age       ] GC(53) - age   1:     315640 bytes,     315640 total
[2020-09-11T15:38:57.511+0000][1][gc,age       ] GC(53) - age   2:     661080 bytes,     976720 total
[2020-09-11T15:38:57.511+0000][1][gc,age       ] GC(53) - age   3:     373256 bytes,    1349976 total
[2020-09-11T15:38:57.511+0000][1][gc,age       ] GC(53) - age   4:      48720 bytes,    1398696 total
[2020-09-11T15:38:57.511+0000][1][gc,heap      ] GC(53) ParNew: 69237K->1439K(76672K)
[2020-09-11T15:38:57.511+0000][1][gc,heap      ] GC(53) CMS: 48760K->48760K(2011968K)
[2020-09-11T15:38:57.511+0000][1][gc,metaspace ] GC(53) Metaspace: 32443K->32443K(1079296K)
[2020-09-11T15:38:57.511+0000][1][gc           ] GC(53) Pause Young (Allocation Failure) 115M->49M(2039M) 39.687ms
[2020-09-11T15:38:57.511+0000][1][gc,cpu       ] GC(53) User=0.01s Sys=0.00s Real=0.04s
[2020-09-11T15:38:57.513+0000][1][safepoint    ] Safepoint "GenCollectForAllocation", Time since last: 381019006 ns, Reaching safepoint: 2753917 ns, At safepoint: 41271646 ns, Total: 44025563 ns
[2020-09-11T15:38:58.034+0000][1][gc,start     ] GC(54) Pause Young (Allocation Failure)
[2020-09-11T15:38:58.035+0000][1][gc,task      ] GC(54) Using 1 workers of 1 for evacuation
[2020-09-11T15:38:58.076+0000][1][gc,age       ] GC(54) Desired survivor size 4358144 bytes, new threshold 6 (max threshold 6)
[2020-09-11T15:38:58.077+0000][1][gc,age       ] GC(54) Age table with threshold 6 (max threshold 6)
[2020-09-11T15:38:58.077+0000][1][gc,age       ] GC(54) - age   1:     930760 bytes,     930760 total
[2020-09-11T15:38:58.077+0000][1][gc,age       ] GC(54) - age   2:     303088 bytes,    1233848 total
[2020-09-11T15:38:58.077+0000][1][gc,age       ] GC(54) - age   3:     332576 bytes,    1566424 total
[2020-09-11T15:38:58.077+0000][1][gc,age       ] GC(54) - age   4:     373120 bytes,    1939544 total
[2020-09-11T15:38:58.077+0000][1][gc,age       ] GC(54) - age   5:      48720 bytes,    1988264 total
[2020-09-11T15:38:58.077+0000][1][gc,heap      ] GC(54) ParNew: 69599K->2016K(76672K)
[2020-09-11T15:38:58.077+0000][1][gc,heap      ] GC(54) CMS: 48760K->48760K(2011968K)
[2020-09-11T15:38:58.077+0000][1][gc,metaspace ] GC(54) Metaspace: 32443K->32443K(1079296K)
[2020-09-11T15:38:58.077+0000][1][gc           ] GC(54) Pause Young (Allocation Failure) 115M->49M(2039M) 42.129ms
[2020-09-11T15:38:58.077+0000][1][gc,cpu       ] GC(54) User=0.01s Sys=0.00s Real=0.04s
[2020-09-11T15:38:58.085+0000][1][safepoint    ] Safepoint "GenCollectForAllocation", Time since last: 517537904 ns, Reaching safepoint: 4116375 ns, At safepoint: 50335844 ns, Total: 54452219 ns
[2020-09-11T15:38:58.472+0000][1][gc,start     ] GC(55) Pause Young (Allocation Failure)
[2020-09-11T15:38:58.472+0000][1][gc,task      ] GC(55) Using 1 workers of 1 for evacuation
[2020-09-11T15:38:58.507+0000][1][gc,age       ] GC(55) Desired survivor size 4358144 bytes, new threshold 6 (max threshold 6)
[2020-09-11T15:38:58.507+0000][1][gc,age       ] GC(55) Age table with threshold 6 (max threshold 6)
[2020-09-11T15:38:58.507+0000][1][gc,age       ] GC(55) - age   1:     346808 bytes,     346808 total
[2020-09-11T15:38:58.507+0000][1][gc,age       ] GC(55) - age   2:     918848 bytes,    1265656 total
[2020-09-11T15:38:58.507+0000][1][gc,age       ] GC(55) - age   3:     298416 bytes,    1564072 total
[2020-09-11T15:38:58.507+0000][1][gc,age       ] GC(55) - age   4:     331936 bytes,    1896008 total
[2020-09-11T15:38:58.507+0000][1][gc,age       ] GC(55) - age   5:     372968 bytes,    2268976 total
[2020-09-11T15:38:58.507+0000][1][gc,age       ] GC(55) - age   6:      48696 bytes,    2317672 total
[2020-09-11T15:38:58.507+0000][1][gc,heap      ] GC(55) ParNew: 70176K->2392K(76672K)
[2020-09-11T15:38:58.507+0000][1][gc,heap      ] GC(55) CMS: 48760K->48760K(2011968K)
[2020-09-11T15:38:58.507+0000][1][gc,metaspace ] GC(55) Metaspace: 32443K->32443K(1079296K)
[2020-09-11T15:38:58.507+0000][1][gc           ] GC(55) Pause Young (Allocation Failure) 116M->49M(2039M) 35.769ms
[2020-09-11T15:38:58.507+0000][1][gc,cpu       ] GC(55) User=0.01s Sys=0.00s Real=0.04s
[2020-09-11T15:38:58.517+0000][1][safepoint    ] Safepoint "GenCollectForAllocation", Time since last: 384001582 ns, Reaching safepoint: 2707862 ns, At safepoint: 45277494 ns, Total: 47985356 ns
[2020-09-11T15:38:58.769+0000][1][safepoint    ] Safepoint "RevokeBias", Time since last: 252005234 ns, Reaching safepoint: 106120 ns, At safepoint: 8121 ns, Total: 114241 ns
[2020-09-11T15:38:59.769+0000][1][safepoint    ] Safepoint "Cleanup", Time since last: 1000117173 ns, Reaching safepoint: 445147 ns, At safepoint: 5788 ns, Total: 450935 ns
[2020-09-11T15:38:59.868+0000][1][safepoint    ] Safepoint "Deoptimize", Time since last: 97684377 ns, Reaching safepoint: 104953 ns, At safepoint: 310559 ns, Total: 415512 ns
[2020-09-11T15:39:00.326+0000][1][safepoint    ] Safepoint "CollectForMetadataAllocation", Time since last: 457897083 ns, Reaching safepoint: 118294 ns, At safepoint: 120481 ns, Total: 238775 ns
[2020-09-11T15:39:00.440+0000][1][safepoint    ] Safepoint "CollectForMetadataAllocation", Time since last: 113741672 ns, Reaching safepoint: 109208 ns, At safepoint: 134722 ns, Total: 243930 ns
[2020-09-11T15:39:00.525+0000][1][gc,start     ] GC(56) Pause Initial Mark
[2020-09-11T15:39:00.603+0000][1][gc           ] GC(56) Pause Initial Mark 112M->112M(2039M) 78.619ms
[2020-09-11T15:39:00.603+0000][1][gc,cpu       ] GC(56) User=0.02s Sys=0.00s Real=0.08s
[2020-09-11T15:39:00.641+0000][1][safepoint    ] Safepoint "CMS_Initial_Mark", Time since last: 83181915 ns, Reaching safepoint: 1906708 ns, At safepoint: 115987033 ns, Total: 117893741 ns
[2020-09-11T15:39:00.641+0000][1][gc           ] GC(56) Concurrent Mark
[2020-09-11T15:39:00.745+0000][1][safepoint    ] Safepoint "CollectForMetadataAllocation", Time since last: 104025665 ns, Reaching safepoint: 133714 ns, At safepoint: 101392 ns, Total: 235106 ns
[2020-09-11T15:39:00.838+0000][1][safepoint    ] Safepoint "CollectForMetadataAllocation", Time since last: 92983610 ns, Reaching safepoint: 60494 ns, At safepoint: 139266 ns, Total: 199760 ns
[2020-09-11T15:39:00.957+0000][1][safepoint    ] Safepoint "CollectForMetadataAllocation", Time since last: 118570385 ns, Reaching safepoint: 57190 ns, At safepoint: 109849 ns, Total: 167039 ns
[2020-09-11T15:39:01.036+0000][1][gc           ] GC(56) Concurrent Mark 394.939ms
[2020-09-11T15:39:01.036+0000][1][gc,cpu       ] GC(56) User=0.10s Sys=0.00s Real=0.39s
[2020-09-11T15:39:01.047+0000][1][gc,start     ] GC(57) Pause Young (Allocation Failure)
[2020-09-11T15:39:01.047+0000][1][gc,task      ] GC(57) Using 1 workers of 1 for evacuation
[2020-09-11T15:39:01.103+0000][1][gc,age       ] GC(57) Desired survivor size 4358144 bytes, new threshold 6 (max threshold 6)
[2020-09-11T15:39:01.103+0000][1][gc,age       ] GC(57) Age table with threshold 6 (max threshold 6)
[2020-09-11T15:39:01.103+0000][1][gc,age       ] GC(57) - age   1:    1232952 bytes,    1232952 total
[2020-09-11T15:39:01.103+0000][1][gc,age       ] GC(57) - age   2:     334408 bytes,    1567360 total
[2020-09-11T15:39:01.103+0000][1][gc,age       ] GC(57) - age   3:     918504 bytes,    2485864 total
[2020-09-11T15:39:01.103+0000][1][gc,age       ] GC(57) - age   4:     297792 bytes,    2783656 total
[2020-09-11T15:39:01.103+0000][1][gc,age       ] GC(57) - age   5:     331528 bytes,    3115184 total
[2020-09-11T15:39:01.103+0000][1][gc,age       ] GC(57) - age   6:     372968 bytes,    3488152 total
[2020-09-11T15:39:01.103+0000][1][gc,heap      ] GC(57) ParNew: 70552K->3429K(76672K)
[2020-09-11T15:39:01.103+0000][1][gc,heap      ] GC(57) CMS: 48760K->48805K(2011968K)
[2020-09-11T15:39:01.103+0000][1][gc,metaspace ] GC(57) Metaspace: 35818K->35818K(1083392K)
[2020-09-11T15:39:01.103+0000][1][gc           ] GC(57) Pause Young (Allocation Failure) 116M->51M(2039M) 56.449ms
[2020-09-11T15:39:01.103+0000][1][gc,cpu       ] GC(57) User=0.02s Sys=0.00s Real=0.06s
[2020-09-11T15:39:01.111+0000][1][gc           ] GC(56) Concurrent Preclean
[2020-09-11T15:39:01.125+0000][1][gc           ] GC(56) Concurrent Preclean 14.104ms
[2020-09-11T15:39:01.125+0000][1][gc,cpu       ] GC(56) User=0.00s Sys=0.00s Real=0.02s
[2020-09-11T15:39:01.125+0000][1][safepoint    ] Safepoint "GenCollectForAllocation", Time since last: 63813942 ns, Reaching safepoint: 26244573 ns, At safepoint: 78407938 ns, Total: 104652511 ns
[2020-09-11T15:39:01.145+0000][1][gc,start     ] GC(56) Pause Remark
[2020-09-11T15:39:01.178+0000][1][gc           ] GC(56) Pause Remark 52M->52M(2039M) 32.663ms
[2020-09-11T15:39:01.178+0000][1][gc,cpu       ] GC(56) User=0.01s Sys=0.00s Real=0.03s
[2020-09-11T15:39:01.205+0000][1][safepoint    ] Safepoint "CMS_Final_Remark", Time since last: 19376377 ns, Reaching safepoint: 109383 ns, At safepoint: 60203409 ns, Total: 60312792 ns
[2020-09-11T15:39:01.205+0000][1][gc           ] GC(56) Concurrent Sweep
[2020-09-11T15:39:01.309+0000][1][gc           ] GC(56) Concurrent Sweep 103.911ms
[2020-09-11T15:39:01.309+0000][1][gc,cpu       ] GC(56) User=0.03s Sys=0.00s Real=0.10s
[2020-09-11T15:39:01.309+0000][1][gc           ] GC(56) Concurrent Reset
[2020-09-11T15:39:01.312+0000][1][gc           ] GC(56) Concurrent Reset 3.325ms
[2020-09-11T15:39:01.313+0000][1][gc,cpu       ] GC(56) User=0.00s Sys=0.00s Real=0.00s
[2020-09-11T15:39:01.313+0000][1][gc,heap      ] GC(56) Old: 48760K->47748K(2011968K)
[2020-09-11T15:39:02.221+0000][1][safepoint    ] Safepoint "Cleanup", Time since last: 1015702447 ns, Reaching safepoint: 401078 ns, At safepoint: 8570 ns, Total: 409648 ns
[2020-09-11T15:39:02.273+0000][1][gc,start     ] GC(58) Pause Young (Allocation Failure)
[2020-09-11T15:39:02.273+0000][1][gc,task      ] GC(58) Using 1 workers of 1 for evacuation
[2020-09-11T15:39:02.324+0000][1][gc,age       ] GC(58) Desired survivor size 4358144 bytes, new threshold 6 (max threshold 6)
[2020-09-11T15:39:02.324+0000][1][gc,age       ] GC(58) Age table with threshold 6 (max threshold 6)
[2020-09-11T15:39:02.324+0000][1][gc,age       ] GC(58) - age   1:     314784 bytes,     314784 total
[2020-09-11T15:39:02.324+0000][1][gc,age       ] GC(58) - age   2:    1199872 bytes,    1514656 total
[2020-09-11T15:39:02.324+0000][1][gc,age       ] GC(58) - age   3:     334408 bytes,    1849064 total
[2020-09-11T15:39:02.324+0000][1][gc,age       ] GC(58) - age   4:     918504 bytes,    2767568 total
[2020-09-11T15:39:02.324+0000][1][gc,age       ] GC(58) - age   5:     297792 bytes,    3065360 total
[2020-09-11T15:39:02.324+0000][1][gc,age       ] GC(58) - age   6:     331360 bytes,    3396720 total
[2020-09-11T15:39:02.324+0000][1][gc,heap      ] GC(58) ParNew: 71589K->3363K(76672K)
[2020-09-11T15:39:02.324+0000][1][gc,heap      ] GC(58) CMS: 47748K->48112K(2011968K)
[2020-09-11T15:39:02.324+0000][1][gc,metaspace ] GC(58) Metaspace: 36217K->36217K(1083392K)
[2020-09-11T15:39:02.324+0000][1][gc           ] GC(58) Pause Young (Allocation Failure) 116M->50M(2039M) 51.469ms
[2020-09-11T15:39:02.324+0000][1][gc,cpu       ] GC(58) User=0.02s Sys=0.00s Real=0.05s
[2020-09-11T15:39:02.345+0000][1][safepoint    ] Safepoint "GenCollectForAllocation", Time since last: 49876094 ns, Reaching safepoint: 1689697 ns, At safepoint: 72048692 ns, Total: 73738389 ns
[2020-09-11T15:39:03.477+0000][1][safepoint    ] Safepoint "Cleanup", Time since last: 1131915732 ns, Reaching safepoint: 618785 ns, At safepoint: 6587 ns, Total: 625372 ns
[2020-09-11T15:39:04.635+0000][1][safepoint    ] Safepoint "Cleanup", Time since last: 1155405145 ns, Reaching safepoint: 2110351 ns, At safepoint: 6256 ns, Total: 2116607 ns
[2020-09-11T15:39:05.649+0000][1][safepoint    ] Safepoint "Cleanup", Time since last: 1005852384 ns, Reaching safepoint: 8095152 ns, At safepoint: 14803 ns, Total: 8109955 ns
[2020-09-11T15:39:06.475+0000][1][gc,start     ] GC(59) Pause Young (Allocation Failure)
[2020-09-11T15:39:06.475+0000][1][gc,task      ] GC(59) Using 1 workers of 1 for evacuation
[2020-09-11T15:39:06.562+0000][1][gc,age       ] GC(59) Desired survivor size 4358144 bytes, new threshold 4 (max threshold 6)
[2020-09-11T15:39:06.562+0000][1][gc,age       ] GC(59) Age table with threshold 4 (max threshold 6)
[2020-09-11T15:39:06.562+0000][1][gc,age       ] GC(59) - age   1:    2561008 bytes,    2561008 total
[2020-09-11T15:39:06.562+0000][1][gc,age       ] GC(59) - age   2:     270096 bytes,    2831104 total
[2020-09-11T15:39:06.562+0000][1][gc,age       ] GC(59) - age   3:    1197640 bytes,    4028744 total
[2020-09-11T15:39:06.562+0000][1][gc,age       ] GC(59) - age   4:     334408 bytes,    4363152 total
[2020-09-11T15:39:06.562+0000][1][gc,age       ] GC(59) - age   5:     918504 bytes,    5281656 total
[2020-09-11T15:39:06.562+0000][1][gc,age       ] GC(59) - age   6:     297792 bytes,    5579448 total
[2020-09-11T15:39:06.562+0000][1][gc,heap      ] GC(59) ParNew: 71523K->7296K(76672K)
[2020-09-11T15:39:06.562+0000][1][gc,heap      ] GC(59) CMS: 48112K->48436K(2011968K)
[2020-09-11T15:39:06.562+0000][1][gc,metaspace ] GC(59) Metaspace: 41547K->41547K(1087488K)
[2020-09-11T15:39:06.562+0000][1][gc           ] GC(59) Pause Young (Allocation Failure) 116M->54M(2039M) 86.993ms
[2020-09-11T15:39:06.562+0000][1][gc,cpu       ] GC(59) User=0.02s Sys=0.00s Real=0.09s
[2020-09-11T15:39:06.569+0000][1][safepoint    ] Safepoint "GenCollectForAllocation", Time since last: 821422108 ns, Reaching safepoint: 4638257 ns, At safepoint: 93854553 ns, Total: 98492810 ns
[2020-09-11T15:39:07.605+0000][1][safepoint    ] Safepoint "Cleanup", Time since last: 1031976105 ns, Reaching safepoint: 4070013 ns, At safepoint: 16162 ns, Total: 4086175 ns
[2020-09-11T15:39:08.585+0000][1][safepoint    ] Safepoint "RevokeBias", Time since last: 980359708 ns, Reaching safepoint: 187341 ns, At safepoint: 7461 ns, Total: 194802 ns
[2020-09-11T15:39:09.591+0000][1][safepoint    ] Safepoint "Cleanup", Time since last: 1005467278 ns, Reaching safepoint: 118982 ns, At safepoint: 6025 ns, Total: 125007 ns
[2020-09-11T15:39:13.569+0000][1][safepoint    ] Safepoint "RevokeBias", Time since last: 3977888036 ns, Reaching safepoint: 107138 ns, At safepoint: 8420 ns, Total: 115558 ns
[2020-09-11T15:39:13.569+0000][1][safepoint    ] Safepoint "RevokeBias", Time since last: 166165 ns, Reaching safepoint: 81895 ns, At safepoint: 46018 ns, Total: 127913 ns
[2020-09-11T15:39:13.570+0000][1][safepoint    ] Safepoint "RevokeBias", Time since last: 196489 ns, Reaching safepoint: 83032 ns, At safepoint: 35236 ns, Total: 118268 ns
[2020-09-11T15:39:13.570+0000][1][safepoint    ] Safepoint "RevokeBias", Time since last: 58480 ns, Reaching safepoint: 81864 ns, At safepoint: 32941 ns, Total: 114805 ns
[2020-09-11T15:39:13.570+0000][1][safepoint    ] Safepoint "RevokeBias", Time since last: 36496 ns, Reaching safepoint: 79953 ns, At safepoint: 32134 ns, Total: 112087 ns
[2020-09-11T15:39:13.570+0000][1][safepoint    ] Safepoint "RevokeBias", Time since last: 30096 ns, Reaching safepoint: 79143 ns, At safepoint: 31625 ns, Total: 110768 ns
[2020-09-11T15:39:13.570+0000][1][safepoint    ] Safepoint "RevokeBias", Time since last: 29466 ns, Reaching safepoint: 79336 ns, At safepoint: 31906 ns, Total: 111242 ns
[2020-09-11T15:39:13.570+0000][1][safepoint    ] Safepoint "RevokeBias", Time since last: 28609 ns, Reaching safepoint: 79168 ns, At safepoint: 31863 ns, Total: 111031 ns
[2020-09-11T15:39:13.570+0000][1][safepoint    ] Safepoint "RevokeBias", Time since last: 28497 ns, Reaching safepoint: 79130 ns, At safepoint: 31679 ns, Total: 110809 ns
[2020-09-11T15:39:13.571+0000][1][safepoint    ] Safepoint "RevokeBias", Time since last: 31243 ns, Reaching safepoint: 79290 ns, At safepoint: 32119 ns, Total: 111409 ns
[2020-09-11T15:39:13.571+0000][1][safepoint    ] Safepoint "RevokeBias", Time since last: 28270 ns, Reaching safepoint: 78917 ns, At safepoint: 35572 ns, Total: 114489 ns
[2020-09-11T15:39:13.573+0000][1][safepoint    ] Safepoint "RevokeBias", Time since last: 2019359 ns, Reaching safepoint: 86781 ns, At safepoint: 36398 ns, Total: 123179 ns
[2020-09-11T15:39:13.573+0000][1][safepoint    ] Safepoint "RevokeBias", Time since last: 50370 ns, Reaching safepoint: 80441 ns, At safepoint: 33130 ns, Total: 113571 ns
[2020-09-11T15:39:13.573+0000][1][safepoint    ] Safepoint "RevokeBias", Time since last: 32701 ns, Reaching safepoint: 79532 ns, At safepoint: 31947 ns, Total: 111479 ns
[2020-09-11T15:39:13.573+0000][1][safepoint    ] Safepoint "RevokeBias", Time since last: 29224 ns, Reaching safepoint: 79573 ns, At safepoint: 31839 ns, Total: 111412 ns
[2020-09-11T15:39:13.574+0000][1][safepoint    ] Safepoint "RevokeBias", Time since last: 70898 ns, Reaching safepoint: 82597 ns, At safepoint: 32247 ns, Total: 114844 ns
[2020-09-11T15:39:13.574+0000][1][safepoint    ] Safepoint "RevokeBias", Time since last: 39170 ns, Reaching safepoint: 81014 ns, At safepoint: 32017 ns, Total: 113031 ns
[2020-09-11T15:39:13.574+0000][1][safepoint    ] Safepoint "RevokeBias", Time since last: 87483 ns, Reaching safepoint: 82392 ns, At safepoint: 32401 ns, Total: 114793 ns
[2020-09-11T15:39:14.655+0000][1][safepoint    ] Safepoint "Cleanup", Time since last: 1066888405 ns, Reaching safepoint: 14149252 ns, At safepoint: 12808 ns, Total: 14162060 ns
[2020-09-11T15:39:15.743+0000][1][safepoint    ] Safepoint "Cleanup", Time since last: 1087913178 ns, Reaching safepoint: 128774 ns, At safepoint: 6797 ns, Total: 135571 ns
[2020-09-11T15:39:16.309+0000][1][safepoint    ] Safepoint "RevokeBias", Time since last: 561783836 ns, Reaching safepoint: 4026474 ns, At safepoint: 19852 ns, Total: 4046326 ns
[2020-09-11T15:39:17.313+0000][1][safepoint    ] Safepoint "Cleanup", Time since last: 1003932431 ns, Reaching safepoint: 218781 ns, At safepoint: 7410 ns, Total: 226191 ns
[2020-09-11T15:39:17.401+0000][1][gc,start     ] GC(60) Pause Young (Allocation Failure)
[2020-09-11T15:39:17.401+0000][1][gc,task      ] GC(60) Using 1 workers of 1 for evacuation
[2020-09-11T15:39:17.558+0000][1][gc,age       ] GC(60) Desired survivor size 4358144 bytes, new threshold 2 (max threshold 6)
[2020-09-11T15:39:17.558+0000][1][gc,age       ] GC(60) Age table with threshold 2 (max threshold 6)
[2020-09-11T15:39:17.558+0000][1][gc,age       ] GC(60) - age   1:    2736488 bytes,    2736488 total
[2020-09-11T15:39:17.558+0000][1][gc,age       ] GC(60) - age   2:    2497952 bytes,    5234440 total
[2020-09-11T15:39:17.558+0000][1][gc,age       ] GC(60) - age   3:     270096 bytes,    5504536 total
[2020-09-11T15:39:17.558+0000][1][gc,age       ] GC(60) - age   4:    1197440 bytes,    6701976 total
[2020-09-11T15:39:17.558+0000][1][gc,heap      ] GC(60) ParNew: 75456K->8269K(76672K)
[2020-09-11T15:39:17.558+0000][1][gc,heap      ] GC(60) CMS: 48436K->49950K(2011968K)
[2020-09-11T15:39:17.558+0000][1][gc,metaspace ] GC(60) Metaspace: 47397K->47397K(1093632K)
[2020-09-11T15:39:17.558+0000][1][gc           ] GC(60) Pause Young (Allocation Failure) 120M->56M(2039M) 157.491ms
[2020-09-11T15:39:17.558+0000][1][gc,cpu       ] GC(60) User=0.06s Sys=0.00s Real=0.15s
[2020-09-11T15:39:17.569+0000][1][safepoint    ] Safepoint "GenCollectForAllocation", Time since last: 87807171 ns, Reaching safepoint: 104297 ns, At safepoint: 167974918 ns, Total: 168079215 ns
[2020-09-11T15:39:17.581+0000][1][safepoint    ] Safepoint "RevokeBias", Time since last: 12418786 ns, Reaching safepoint: 30137 ns, At safepoint: 22162 ns, Total: 52299 ns
[2020-09-11T15:39:17.581+0000][1][safepoint    ] Safepoint "RevokeBias", Time since last: 56195 ns, Reaching safepoint: 9540 ns, At safepoint: 15309 ns, Total: 24849 ns
[2020-09-11T15:39:18.017+0000][1][safepoint    ] Safepoint "RevokeBias", Time since last: 435345336 ns, Reaching safepoint: 124698 ns, At safepoint: 48850 ns, Total: 173548 ns
[2020-09-11T15:39:18.037+0000][1][safepoint    ] Safepoint "RevokeBias", Time since last: 19833363 ns, Reaching safepoint: 106940 ns, At safepoint: 42576 ns, Total: 149516 ns
[2020-09-11T15:39:18.882+0000][1][safepoint    ] Safepoint "RevokeBias", Time since last: 843457209 ns, Reaching safepoint: 1266339 ns, At safepoint: 30065 ns, Total: 1296404 ns
[2020-09-11T15:39:18.885+0000][1][safepoint    ] Safepoint "RevokeBias", Time since last: 3262562 ns, Reaching safepoint: 109879 ns, At safepoint: 32905 ns, Total: 142784 ns
[2020-09-11T15:39:18.885+0000][1][safepoint    ] Safepoint "RevokeBias", Time since last: 66757 ns, Reaching safepoint: 81314 ns, At safepoint: 16710 ns, Total: 98024 ns
[2020-09-11T15:39:19.121+0000][1][safepoint    ] Safepoint "RevokeBias", Time since last: 235643086 ns, Reaching safepoint: 108343 ns, At safepoint: 37737 ns, Total: 146080 ns
[2020-09-11T15:39:19.126+0000][1][safepoint    ] Safepoint "RevokeBias", Time since last: 4360860 ns, Reaching safepoint: 103861 ns, At safepoint: 29650 ns, Total: 133511 ns
[2020-09-11T15:39:19.126+0000][1][safepoint    ] Safepoint "RevokeBias", Time since last: 120475 ns, Reaching safepoint: 81420 ns, At safepoint: 20651 ns, Total: 102071 ns
[2020-09-11T15:39:19.129+0000][1][safepoint    ] Safepoint "RevokeBias", Time since last: 3562236 ns, Reaching safepoint: 101359 ns, At safepoint: 31117 ns, Total: 132476 ns
[2020-09-11T15:39:19.130+0000][1][safepoint    ] Safepoint "RevokeBias", Time since last: 415018 ns, Reaching safepoint: 84300 ns, At safepoint: 27013 ns, Total: 111313 ns
[2020-09-11T15:39:19.131+0000][1][safepoint    ] Safepoint "RevokeBias", Time since last: 524199 ns, Reaching safepoint: 87985 ns, At safepoint: 22598 ns, Total: 110583 ns
[2020-09-11T15:39:19.137+0000][1][safepoint    ] Safepoint "RevokeBias", Time since last: 6176271 ns, Reaching safepoint: 108938 ns, At safepoint: 35151 ns, Total: 144089 ns
[2020-09-11T15:39:19.138+0000][1][safepoint    ] Safepoint "RevokeBias", Time since last: 609483 ns, Reaching safepoint: 84874 ns, At safepoint: 21425 ns, Total: 106299 ns
[2020-09-11T15:39:19.167+0000][1][safepoint    ] Safepoint "RevokeBias", Time since last: 15132854 ns, Reaching safepoint: 13959089 ns, At safepoint: 51052 ns, Total: 14010141 ns
[2020-09-11T15:39:19.167+0000][1][safepoint    ] Safepoint "RevokeBias", Time since last: 68332 ns, Reaching safepoint: 86036 ns, At safepoint: 29675 ns, Total: 115711 ns
[2020-09-11T15:39:19.167+0000][1][safepoint    ] Safepoint "RevokeBias", Time since last: 31128 ns, Reaching safepoint: 82140 ns, At safepoint: 26473 ns, Total: 108613 ns
[2020-09-11T15:39:19.167+0000][1][safepoint    ] Safepoint "RevokeBias", Time since last: 28537 ns, Reaching safepoint: 82039 ns, At safepoint: 27722 ns, Total: 109761 ns
[2020-09-11T15:39:19.167+0000][1][safepoint    ] Safepoint "RevokeBias", Time since last: 28057 ns, Reaching safepoint: 80981 ns, At safepoint: 24896 ns, Total: 105877 ns
[2020-09-11T15:39:19.168+0000][1][safepoint    ] Safepoint "RevokeBias", Time since last: 27421 ns, Reaching safepoint: 82049 ns, At safepoint: 26886 ns, Total: 108935 ns
[2020-09-11T15:39:19.168+0000][1][safepoint    ] Safepoint "RevokeBias", Time since last: 30300 ns, Reaching safepoint: 81511 ns, At safepoint: 25495 ns, Total: 107006 ns
[2020-09-11T15:39:19.168+0000][1][safepoint    ] Safepoint "BulkRevokeBias", Time since last: 26927 ns, Reaching safepoint: 81128 ns, At safepoint: 69274 ns, Total: 150402 ns
[2020-09-11T15:39:19.174+0000][1][safepoint    ] Safepoint "RevokeBias", Time since last: 67627 ns, Reaching safepoint: 5972482 ns, At safepoint: 48133 ns, Total: 6020615 ns
[2020-09-11T15:39:19.177+0000][1][safepoint    ] Safepoint "RevokeBias", Time since last: 81197 ns, Reaching safepoint: 2800185 ns, At safepoint: 51480 ns, Total: 2851665 ns
[2020-09-11T15:39:19.181+0000][1][safepoint    ] Safepoint "RevokeBias", Time since last: 4208323 ns, Reaching safepoint: 102649 ns, At safepoint: 43814 ns, Total: 146463 ns
[2020-09-11T15:39:19.185+0000][1][safepoint    ] Safepoint "RevokeBias", Time since last: 3553676 ns, Reaching safepoint: 14300 ns, At safepoint: 12173 ns, Total: 26473 ns
[2020-09-11T15:39:19.187+0000][1][safepoint    ] Safepoint "RevokeBias", Time since last: 1708335 ns, Reaching safepoint: 18857 ns, At safepoint: 13210 ns, Total: 32067 ns
[2020-09-11T15:39:19.193+0000][1][safepoint    ] Safepoint "RevokeBias", Time since last: 6493688 ns, Reaching safepoint: 106670 ns, At safepoint: 29804 ns, Total: 136474 ns
[2020-09-11T15:39:19.193+0000][1][safepoint    ] Safepoint "RevokeBias", Time since last: 62302 ns, Reaching safepoint: 79527 ns, At safepoint: 17589 ns, Total: 97116 ns
[2020-09-11T15:39:19.193+0000][1][safepoint    ] Safepoint "RevokeBias", Time since last: 30254 ns, Reaching safepoint: 79292 ns, At safepoint: 16307 ns, Total: 95599 ns
[2020-09-11T15:39:19.194+0000][1][safepoint    ] Safepoint "RevokeBias", Time since last: 29402 ns, Reaching safepoint: 78743 ns, At safepoint: 16187 ns, Total: 94930 ns
[2020-09-11T15:39:19.194+0000][1][safepoint    ] Safepoint "RevokeBias", Time since last: 29205 ns, Reaching safepoint: 78433 ns, At safepoint: 16181 ns, Total: 94614 ns
[2020-09-11T15:39:19.194+0000][1][safepoint    ] Safepoint "RevokeBias", Time since last: 28592 ns, Reaching safepoint: 79066 ns, At safepoint: 16283 ns, Total: 95349 ns
[2020-09-11T15:39:19.197+0000][1][safepoint    ] Safepoint "RevokeBias", Time since last: 28120 ns, Reaching safepoint: 2927177 ns, At safepoint: 28195 ns, Total: 2955372 ns
[2020-09-11T15:39:19.197+0000][1][safepoint    ] Safepoint "RevokeBias", Time since last: 55920 ns, Reaching safepoint: 79637 ns, At safepoint: 16822 ns, Total: 96459 ns
[2020-09-11T15:39:19.197+0000][1][safepoint    ] Safepoint "RevokeBias", Time since last: 30828 ns, Reaching safepoint: 78762 ns, At safepoint: 16365 ns, Total: 95127 ns
[2020-09-11T15:39:19.197+0000][1][safepoint    ] Safepoint "RevokeBias", Time since last: 28739 ns, Reaching safepoint: 78620 ns, At safepoint: 16128 ns, Total: 94748 ns
[2020-09-11T15:39:19.197+0000][1][safepoint    ] Safepoint "RevokeBias", Time since last: 43905 ns, Reaching safepoint: 78515 ns, At safepoint: 16130 ns, Total: 94645 ns
[2020-09-11T15:39:19.197+0000][1][safepoint    ] Safepoint "RevokeBias", Time since last: 28466 ns, Reaching safepoint: 78503 ns, At safepoint: 16068 ns, Total: 94571 ns
[2020-09-11T15:39:19.198+0000][1][safepoint    ] Safepoint "RevokeBias", Time since last: 28239 ns, Reaching safepoint: 78864 ns, At safepoint: 16336 ns, Total: 95200 ns
[2020-09-11T15:39:19.198+0000][1][safepoint    ] Safepoint "RevokeBias", Time since last: 28446 ns, Reaching safepoint: 78608 ns, At safepoint: 16046 ns, Total: 94654 ns
[2020-09-11T15:39:19.198+0000][1][safepoint    ] Safepoint "RevokeBias", Time since last: 28434 ns, Reaching safepoint: 78410 ns, At safepoint: 16039 ns, Total: 94449 ns
[2020-09-11T15:39:19.198+0000][1][safepoint    ] Safepoint "RevokeBias", Time since last: 28296 ns, Reaching safepoint: 78678 ns, At safepoint: 16037 ns, Total: 94715 ns
[2020-09-11T15:39:19.198+0000][1][safepoint    ] Safepoint "BulkRevokeBias", Time since last: 28717 ns, Reaching safepoint: 80670 ns, At safepoint: 69100 ns, Total: 149770 ns
[2020-09-11T15:39:19.198+0000][1][safepoint    ] Safepoint "RevokeBias", Time since last: 165033 ns, Reaching safepoint: 81767 ns, At safepoint: 19755 ns, Total: 101522 ns
[2020-09-11T15:39:19.199+0000][1][safepoint    ] Safepoint "RevokeBias", Time since last: 72591 ns, Reaching safepoint: 81113 ns, At safepoint: 17214 ns, Total: 98327 ns
[2020-09-11T15:39:19.221+0000][1][safepoint    ] Safepoint "RevokeBias", Time since last: 11118293 ns, Reaching safepoint: 11165699 ns, At safepoint: 47339 ns, Total: 11213038 ns
[2020-09-11T15:39:19.221+0000][1][safepoint    ] Safepoint "RevokeBias", Time since last: 114993 ns, Reaching safepoint: 86461 ns, At safepoint: 24121 ns, Total: 110582 ns
[2020-09-11T15:39:19.221+0000][1][safepoint    ] Safepoint "RevokeBias", Time since last: 42272 ns, Reaching safepoint: 81398 ns, At safepoint: 20508 ns, Total: 101906 ns
[2020-09-11T15:39:19.221+0000][1][safepoint    ] Safepoint "RevokeBias", Time since last: 110315 ns, Reaching safepoint: 81120 ns, At safepoint: 19925 ns, Total: 101045 ns
[2020-09-11T15:39:19.222+0000][1][safepoint    ] Safepoint "RevokeBias", Time since last: 242047 ns, Reaching safepoint: 83989 ns, At safepoint: 22037 ns, Total: 106026 ns
[2020-09-11T15:39:19.222+0000][1][safepoint    ] Safepoint "RevokeBias", Time since last: 65789 ns, Reaching safepoint: 81874 ns, At safepoint: 21225 ns, Total: 103099 ns
[2020-09-11T15:39:19.222+0000][1][safepoint    ] Safepoint "RevokeBias", Time since last: 128384 ns, Reaching safepoint: 82562 ns, At safepoint: 21111 ns, Total: 103673 ns
[2020-09-11T15:39:19.222+0000][1][safepoint    ] Safepoint "RevokeBias", Time since last: 40421 ns, Reaching safepoint: 81083 ns, At safepoint: 25305 ns, Total: 106388 ns
[2020-09-11T15:39:19.223+0000][1][safepoint    ] Safepoint "RevokeBias", Time since last: 27733 ns, Reaching safepoint: 79516 ns, At safepoint: 20641 ns, Total: 100157 ns
[2020-09-11T15:39:19.223+0000][1][safepoint    ] Safepoint "RevokeBias", Time since last: 25719 ns, Reaching safepoint: 78962 ns, At safepoint: 19946 ns, Total: 98908 ns
[2020-09-11T15:39:19.223+0000][1][safepoint    ] Safepoint "RevokeBias", Time since last: 200731 ns, Reaching safepoint: 81773 ns, At safepoint: 21063 ns, Total: 102836 ns
[2020-09-11T15:39:19.223+0000][1][safepoint    ] Safepoint "RevokeBias", Time since last: 125640 ns, Reaching safepoint: 83861 ns, At safepoint: 24827 ns, Total: 108688 ns
[2020-09-11T15:39:19.224+0000][1][safepoint    ] Safepoint "RevokeBias", Time since last: 343580 ns, Reaching safepoint: 83565 ns, At safepoint: 26648 ns, Total: 110213 ns
[2020-09-11T15:39:19.229+0000][1][safepoint    ] Safepoint "RevokeBias", Time since last: 5144691 ns, Reaching safepoint: 115197 ns, At safepoint: 43603 ns, Total: 158800 ns
[2020-09-11T15:39:19.229+0000][1][safepoint    ] Safepoint "RevokeBias", Time since last: 460524 ns, Reaching safepoint: 12358 ns, At safepoint: 18545 ns, Total: 30903 ns
[2020-09-11T15:39:19.230+0000][1][safepoint    ] Safepoint "RevokeBias", Time since last: 324902 ns, Reaching safepoint: 11802 ns, At safepoint: 17679 ns, Total: 29481 ns
[2020-09-11T15:39:19.250+0000][1][safepoint    ] Safepoint "RevokeBias", Time since last: 15013174 ns, Reaching safepoint: 5074494 ns, At safepoint: 42312 ns, Total: 5116806 ns
[2020-09-11T15:39:19.256+0000][1][safepoint    ] Safepoint "RevokeBias", Time since last: 6288060 ns, Reaching safepoint: 108491 ns, At safepoint: 35757 ns, Total: 144248 ns
[2020-09-11T15:39:19.266+0000][1][safepoint    ] Safepoint "RevokeBias", Time since last: 8890796 ns, Reaching safepoint: 303446 ns, At safepoint: 25485 ns, Total: 328931 ns
[2020-09-11T15:39:19.266+0000][1][safepoint    ] Safepoint "RevokeBias", Time since last: 542941 ns, Reaching safepoint: 90651 ns, At safepoint: 18003 ns, Total: 108654 ns
[2020-09-11T15:39:19.266+0000][1][safepoint    ] Safepoint "RevokeBias", Time since last: 36197 ns, Reaching safepoint: 81435 ns, At safepoint: 14979 ns, Total: 96414 ns
[2020-09-11T15:39:19.725+0000][1][safepoint    ] Safepoint "RevokeBias", Time since last: 458447310 ns, Reaching safepoint: 124932 ns, At safepoint: 17397 ns, Total: 142329 ns
[2020-09-11T15:39:19.793+0000][1][safepoint    ] Safepoint "RevokeBias", Time since last: 67960525 ns, Reaching safepoint: 42740 ns, At safepoint: 14999 ns, Total: 57739 ns
[2020-09-11T15:39:20.501+0000][1][gc,start     ] GC(61) Pause Young (Allocation Failure)
[2020-09-11T15:39:20.501+0000][1][gc,task      ] GC(61) Using 1 workers of 1 for evacuation
[2020-09-11T15:39:21.067+0000][1][gc,age       ] GC(61) Desired survivor size 4358144 bytes, new threshold 2 (max threshold 6)
[2020-09-11T15:39:21.067+0000][1][gc,age       ] GC(61) Age table with threshold 2 (max threshold 6)
[2020-09-11T15:39:21.067+0000][1][gc,age       ] GC(61) - age   1:    2208200 bytes,    2208200 total
[2020-09-11T15:39:21.067+0000][1][gc,age       ] GC(61) - age   2:    2677464 bytes,    4885664 total
[2020-09-11T15:39:21.067+0000][1][gc,heap      ] GC(61) ParNew: 76429K->5942K(76672K)
[2020-09-11T15:39:21.067+0000][1][gc,heap      ] GC(61) CMS: 49950K->53925K(2011968K)
[2020-09-11T15:39:21.067+0000][1][gc,metaspace ] GC(61) Metaspace: 52447K->52447K(1097728K)
[2020-09-11T15:39:21.067+0000][1][gc           ] GC(61) Pause Young (Allocation Failure) 123M->58M(2039M) 566.479ms
[2020-09-11T15:39:21.067+0000][1][gc,cpu       ] GC(61) User=0.09s Sys=0.00s Real=0.56s
[2020-09-11T15:39:21.113+0000][1][safepoint    ] Safepoint "GenCollectForAllocation", Time since last: 707833371 ns, Reaching safepoint: 123884 ns, At safepoint: 611893027 ns, Total: 612016911 ns
[2020-09-11T15:39:22.634+0000][1][safepoint    ] Safepoint "Cleanup", Time since last: 1519986832 ns, Reaching safepoint: 1307924 ns, At safepoint: 10660 ns, Total: 1318584 ns
[2020-09-11T15:39:24.663+0000][1][safepoint    ] Safepoint "Cleanup", Time since last: 2013684861 ns, Reaching safepoint: 15092048 ns, At safepoint: 12760 ns, Total: 15104808 ns
[2020-09-11T15:39:25.673+0000][1][safepoint    ] Safepoint "Cleanup", Time since last: 1009876014 ns, Reaching safepoint: 189239 ns, At safepoint: 6518 ns, Total: 195757 ns
[2020-09-11T15:39:26.291+0000][1][safepoint    ] Safepoint "CollectForMetadataAllocation", Time since last: 617725695 ns, Reaching safepoint: 412556 ns, At safepoint: 127790 ns, Total: 540346 ns
[2020-09-11T15:39:26.328+0000][1][gc,start     ] GC(62) Pause Young (Allocation Failure)
[2020-09-11T15:39:26.328+0000][1][gc,task      ] GC(62) Using 1 workers of 1 for evacuation
[2020-09-11T15:39:26.557+0000][1][gc,age       ] GC(62) Desired survivor size 4358144 bytes, new threshold 6 (max threshold 6)
[2020-09-11T15:39:26.557+0000][1][gc,age       ] GC(62) Age table with threshold 6 (max threshold 6)
[2020-09-11T15:39:26.558+0000][1][gc,age       ] GC(62) - age   1:    1389320 bytes,    1389320 total
[2020-09-11T15:39:26.558+0000][1][gc,age       ] GC(62) - age   2:    2173976 bytes,    3563296 total
[2020-09-11T15:39:26.558+0000][1][gc,heap      ] GC(62) ParNew: 74102K->5063K(76672K)
[2020-09-11T15:39:26.558+0000][1][gc,heap      ] GC(62) CMS: 53925K->56656K(2011968K)
[2020-09-11T15:39:26.558+0000][1][gc,metaspace ] GC(62) Metaspace: 59869K->59869K(1103872K)
[2020-09-11T15:39:26.558+0000][1][gc           ] GC(62) Pause Young (Allocation Failure) 125M->60M(2039M) 229.598ms
[2020-09-11T15:39:26.558+0000][1][gc,cpu       ] GC(62) User=0.05s Sys=0.00s Real=0.23s
[2020-09-11T15:39:26.569+0000][1][safepoint    ] Safepoint "GenCollectForAllocation", Time since last: 36617888 ns, Reaching safepoint: 120114 ns, At safepoint: 240815700 ns, Total: 240935814 ns
[2020-09-11T15:39:26.594+0000][1][gc,start     ] GC(63) Pause Initial Mark
[2020-09-11T15:39:26.606+0000][1][gc           ] GC(63) Pause Initial Mark 61M->61M(2039M) 12.011ms
[2020-09-11T15:39:26.606+0000][1][gc,cpu       ] GC(63) User=0.01s Sys=0.00s Real=0.01s
[2020-09-11T15:39:26.669+0000][1][safepoint    ] Safepoint "CMS_Initial_Mark", Time since last: 19988849 ns, Reaching safepoint: 5087135 ns, At safepoint: 74899652 ns, Total: 79986787 ns
[2020-09-11T15:39:26.669+0000][1][gc           ] GC(63) Concurrent Mark
[2020-09-11T15:39:27.002+0000][1][safepoint    ] Safepoint "CollectForMetadataAllocation", Time since last: 322117788 ns, Reaching safepoint: 10812133 ns, At safepoint: 111695 ns, Total: 10923828 ns
[2020-09-11T15:39:27.236+0000][1][safepoint    ] Safepoint "CollectForMetadataAllocation", Time since last: 213982668 ns, Reaching safepoint: 19597846 ns, At safepoint: 140749 ns, Total: 19738595 ns
[2020-09-11T15:39:27.332+0000][1][safepoint    ] Safepoint "CollectForMetadataAllocation", Time since last: 96489129 ns, Reaching safepoint: 63892 ns, At safepoint: 121859 ns, Total: 185751 ns
[2020-09-11T15:39:27.430+0000][1][gc           ] GC(63) Concurrent Mark 761.601ms
[2020-09-11T15:39:27.430+0000][1][gc,cpu       ] GC(63) User=0.19s Sys=0.00s Real=0.76s
[2020-09-11T15:39:27.430+0000][1][gc           ] GC(63) Concurrent Preclean
[2020-09-11T15:39:27.473+0000][1][gc           ] GC(63) Concurrent Preclean 42.356ms
[2020-09-11T15:39:27.473+0000][1][gc,cpu       ] GC(63) User=0.01s Sys=0.00s Real=0.05s
[2020-09-11T15:39:27.473+0000][1][gc           ] GC(63) Concurrent Abortable Preclean
[2020-09-11T15:39:27.915+0000][1][safepoint    ] Safepoint "CollectForMetadataAllocation", Time since last: 568644214 ns, Reaching safepoint: 13926560 ns, At safepoint: 128293 ns, Total: 14054853 ns
[2020-09-11T15:39:28.045+0000][1][safepoint    ] Safepoint "CollectForMetadataAllocation", Time since last: 129435177 ns, Reaching safepoint: 128780 ns, At safepoint: 123111 ns, Total: 251891 ns
[2020-09-11T15:39:28.337+0000][1][safepoint    ] Safepoint "RevokeBias", Time since last: 288308872 ns, Reaching safepoint: 3996597 ns, At safepoint: 35528 ns, Total: 4032125 ns
[2020-09-11T15:39:28.341+0000][1][safepoint    ] Safepoint "RevokeBias", Time since last: 3833250 ns, Reaching safepoint: 88563 ns, At safepoint: 20536 ns, Total: 109099 ns
[2020-09-11T15:39:28.341+0000][1][safepoint    ] Safepoint "RevokeBias", Time since last: 44780 ns, Reaching safepoint: 82747 ns, At safepoint: 16330 ns, Total: 99077 ns
[2020-09-11T15:39:28.341+0000][1][safepoint    ] Safepoint "RevokeBias", Time since last: 74277 ns, Reaching safepoint: 83056 ns, At safepoint: 24706 ns, Total: 107762 ns
[2020-09-11T15:39:28.349+0000][1][safepoint    ] Safepoint "RevokeBias", Time since last: 7688914 ns, Reaching safepoint: 108898 ns, At safepoint: 27818 ns, Total: 136716 ns
[2020-09-11T15:39:28.439+0000][1][safepoint    ] Safepoint "RevokeBias", Time since last: 89344883 ns, Reaching safepoint: 118193 ns, At safepoint: 30310 ns, Total: 148503 ns
[2020-09-11T15:39:28.446+0000][1][safepoint    ] Safepoint "RevokeBias", Time since last: 7512959 ns, Reaching safepoint: 40670 ns, At safepoint: 28903 ns, Total: 69573 ns
[2020-09-11T15:39:28.446+0000][1][safepoint    ] Safepoint "RevokeBias", Time since last: 137784 ns, Reaching safepoint: 10542 ns, At safepoint: 17500 ns, Total: 28042 ns
[2020-09-11T15:39:28.488+0000][1][safepoint    ] Safepoint "RevokeBias", Time since last: 40523154 ns, Reaching safepoint: 764779 ns, At safepoint: 38006 ns, Total: 802785 ns
[2020-09-11T15:39:28.763+0000][1][safepoint    ] Safepoint "CollectForMetadataAllocation", Time since last: 275296187 ns, Reaching safepoint: 59702 ns, At safepoint: 68357 ns, Total: 128059 ns
[2020-09-11T15:39:29.221+0000][1][safepoint    ] Safepoint "CollectForMetadataAllocation", Time since last: 453759641 ns, Reaching safepoint: 4342653 ns, At safepoint: 138546 ns, Total: 4481199 ns
[2020-09-11T15:39:29.758+0000][1][safepoint    ] Safepoint "CollectForMetadataAllocation", Time since last: 537020934 ns, Reaching safepoint: 75822 ns, At safepoint: 99848 ns, Total: 175670 ns
[2020-09-11T15:39:30.365+0000][1][safepoint    ] Safepoint "CollectForMetadataAllocation", Time since last: 606331496 ns, Reaching safepoint: 72049 ns, At safepoint: 76396 ns, Total: 148445 ns
[2020-09-11T15:39:30.369+0000][1][safepoint    ] Safepoint "BulkRevokeBias", Time since last: 3856409 ns, Reaching safepoint: 106257 ns, At safepoint: 83104 ns, Total: 189361 ns
[2020-09-11T15:39:30.809+0000][1][safepoint    ] Safepoint "CollectForMetadataAllocation", Time since last: 423822051 ns, Reaching safepoint: 16028654 ns, At safepoint: 113916 ns, Total: 16142570 ns
[2020-09-11T15:39:30.928+0000][1][gc           ] GC(63) Concurrent Abortable Preclean 3454.596ms
[2020-09-11T15:39:30.928+0000][1][gc,cpu       ] GC(63) User=0.84s Sys=0.02s Real=3.45s
[2020-09-11T15:39:30.929+0000][1][gc,start     ] GC(63) Pause Remark
[2020-09-11T15:39:31.015+0000][1][gc           ] GC(63) Pause Remark 96M->96M(2039M) 86.021ms
[2020-09-11T15:39:31.015+0000][1][gc,cpu       ] GC(63) User=0.02s Sys=0.00s Real=0.09s
[2020-09-11T15:39:31.071+0000][1][safepoint    ] Safepoint "CMS_Final_Remark", Time since last: 118628587 ns, Reaching safepoint: 1211803 ns, At safepoint: 141935687 ns, Total: 143147490 ns
[2020-09-11T15:39:31.071+0000][1][gc           ] GC(63) Concurrent Sweep
[2020-09-11T15:39:31.174+0000][1][safepoint    ] Safepoint "Deoptimize", Time since last: 102070637 ns, Reaching safepoint: 639053 ns, At safepoint: 349590 ns, Total: 988643 ns
[2020-09-11T15:39:31.196+0000][1][gc           ] GC(63) Concurrent Sweep 125.691ms
[2020-09-11T15:39:31.197+0000][1][gc,cpu       ] GC(63) User=0.03s Sys=0.00s Real=0.13s
[2020-09-11T15:39:31.197+0000][1][gc           ] GC(63) Concurrent Reset
[2020-09-11T15:39:31.248+0000][1][gc           ] GC(63) Concurrent Reset 51.363ms
[2020-09-11T15:39:31.248+0000][1][gc,cpu       ] GC(63) User=0.02s Sys=0.00s Real=0.05s
[2020-09-11T15:39:31.248+0000][1][gc,heap      ] GC(63) Old: 56656K->55708K(2011968K)
[2020-09-11T15:39:32.180+0000][1][safepoint    ] Safepoint "Cleanup", Time since last: 1006250541 ns, Reaching safepoint: 210481 ns, At safepoint: 7003 ns, Total: 217484 ns
[2020-09-11T15:39:33.185+0000][1][safepoint    ] Safepoint "Cleanup", Time since last: 1004549484 ns, Reaching safepoint: 138275 ns, At safepoint: 6988 ns, Total: 145263 ns
[2020-09-11T15:39:33.669+0000][1][gc,start     ] GC(64) Pause Young (Allocation Failure)
[2020-09-11T15:39:33.669+0000][1][gc,task      ] GC(64) Using 1 workers of 1 for evacuation
[2020-09-11T15:39:33.774+0000][1][gc,age       ] GC(64) Desired survivor size 4358144 bytes, new threshold 2 (max threshold 6)
[2020-09-11T15:39:33.774+0000][1][gc,age       ] GC(64) Age table with threshold 2 (max threshold 6)
[2020-09-11T15:39:33.774+0000][1][gc,age       ] GC(64) - age   1:    3558816 bytes,    3558816 total
[2020-09-11T15:39:33.774+0000][1][gc,age       ] GC(64) - age   2:    1241328 bytes,    4800144 total
[2020-09-11T15:39:33.774+0000][1][gc,age       ] GC(64) - age   3:    2155080 bytes,    6955224 total
[2020-09-11T15:39:33.774+0000][1][gc,heap      ] GC(64) ParNew: 73223K->7751K(76672K)
[2020-09-11T15:39:33.774+0000][1][gc,heap      ] GC(64) CMS: 55708K->55708K(2011968K)
[2020-09-11T15:39:33.774+0000][1][gc,metaspace ] GC(64) Metaspace: 65947K->65947K(1110016K)
[2020-09-11T15:39:33.774+0000][1][gc           ] GC(64) Pause Young (Allocation Failure) 125M->61M(2039M) 104.930ms
[2020-09-11T15:39:33.774+0000][1][gc,cpu       ] GC(64) User=0.04s Sys=0.00s Real=0.11s
[2020-09-11T15:39:33.774+0000][1][safepoint    ] Safepoint "GenCollectForAllocation", Time since last: 483834065 ns, Reaching safepoint: 124201 ns, At safepoint: 105106347 ns, Total: 105230548 ns
[2020-09-11T15:39:34.429+0000][1][safepoint    ] Safepoint "BulkRevokeBias", Time since last: 654553746 ns, Reaching safepoint: 122652 ns, At safepoint: 86940 ns, Total: 209592 ns
[2020-09-11T15:39:34.615+0000][1][safepoint    ] Safepoint "Deoptimize", Time since last: 185366822 ns, Reaching safepoint: 105115 ns, At safepoint: 350263 ns, Total: 455378 ns
[2020-09-11T15:39:34.641+0000][1][safepoint    ] Safepoint "Deoptimize", Time since last: 26187799 ns, Reaching safepoint: 112916 ns, At safepoint: 362934 ns, Total: 475850 ns
[2020-09-11T15:39:34.902+0000][1][safepoint    ] Safepoint "RevokeBias", Time since last: 260717707 ns, Reaching safepoint: 108457 ns, At safepoint: 20164 ns, Total: 128621 ns
[2020-09-11T15:39:34.902+0000][1][safepoint    ] Safepoint "RevokeBias", Time since last: 250433 ns, Reaching safepoint: 83526 ns, At safepoint: 17046 ns, Total: 100572 ns
[2020-09-11T15:39:34.903+0000][1][safepoint    ] Safepoint "RevokeBias", Time since last: 162761 ns, Reaching safepoint: 80101 ns, At safepoint: 16252 ns, Total: 96353 ns
[2020-09-11T15:39:34.905+0000][1][safepoint    ] Safepoint "RevokeBias", Time since last: 2070957 ns, Reaching safepoint: 93129 ns, At safepoint: 23921 ns, Total: 117050 ns
[2020-09-11T15:39:34.905+0000][1][safepoint    ] Safepoint "RevokeBias", Time since last: 167281 ns, Reaching safepoint: 81113 ns, At safepoint: 18967 ns, Total: 100080 ns
[2020-09-11T15:39:34.913+0000][1][safepoint    ] Safepoint "RevokeBias", Time since last: 7634967 ns, Reaching safepoint: 116528 ns, At safepoint: 31494 ns, Total: 148022 ns
[2020-09-11T15:39:34.913+0000][1][safepoint    ] Safepoint "RevokeBias", Time since last: 78511 ns, Reaching safepoint: 81773 ns, At safepoint: 17257 ns, Total: 99030 ns
[2020-09-11T15:39:34.913+0000][1][safepoint    ] Safepoint "RevokeBias", Time since last: 85909 ns, Reaching safepoint: 80971 ns, At safepoint: 15373 ns, Total: 96344 ns
[2020-09-11T15:39:34.914+0000][1][safepoint    ] Safepoint "RevokeBias", Time since last: 350034 ns, Reaching safepoint: 81021 ns, At safepoint: 16444 ns, Total: 97465 ns
[2020-09-11T15:39:34.917+0000][1][safepoint    ] Safepoint "RevokeBias", Time since last: 203476 ns, Reaching safepoint: 2842938 ns, At safepoint: 30155 ns, Total: 2873093 ns
[2020-09-11T15:39:34.917+0000][1][safepoint    ] Safepoint "RevokeBias", Time since last: 66583 ns, Reaching safepoint: 83311 ns, At safepoint: 16970 ns, Total: 100281 ns
[2020-09-11T15:39:34.918+0000][1][safepoint    ] Safepoint "RevokeBias", Time since last: 554831 ns, Reaching safepoint: 81264 ns, At safepoint: 18599 ns, Total: 99863 ns
[2020-09-11T15:39:34.929+0000][1][safepoint    ] Safepoint "RevokeBias", Time since last: 11140502 ns, Reaching safepoint: 119031 ns, At safepoint: 32876 ns, Total: 151907 ns
[2020-09-11T15:39:34.929+0000][1][safepoint    ] Safepoint "RevokeBias", Time since last: 136787 ns, Reaching safepoint: 117758 ns, At safepoint: 18231 ns, Total: 135989 ns
[2020-09-11T15:39:34.937+0000][1][safepoint    ] Safepoint "Deoptimize", Time since last: 7583685 ns, Reaching safepoint: 113768 ns, At safepoint: 383057 ns, Total: 496825 ns
[2020-09-11T15:39:34.946+0000][1][safepoint    ] Safepoint "RevokeBias", Time since last: 8027818 ns, Reaching safepoint: 645363 ns, At safepoint: 42443 ns, Total: 687806 ns
[2020-09-11T15:39:34.950+0000][1][safepoint    ] Safepoint "RevokeBias", Time since last: 3347075 ns, Reaching safepoint: 101743 ns, At safepoint: 54794 ns, Total: 156537 ns
[2020-09-11T15:39:35.133+0000][1][safepoint    ] Safepoint "RevokeBias", Time since last: 183169926 ns, Reaching safepoint: 126609 ns, At safepoint: 30065 ns, Total: 156674 ns
[2020-09-11T15:39:35.170+0000][1][safepoint    ] Safepoint "RevokeBias", Time since last: 18261037 ns, Reaching safepoint: 18366296 ns, At safepoint: 44349 ns, Total: 18410645 ns
[2020-09-11T15:39:35.187+0000][1][safepoint    ] Safepoint "RevokeBias", Time since last: 17519675 ns, Reaching safepoint: 144733 ns, At safepoint: 53997 ns, Total: 198730 ns
[2020-09-11T15:39:35.188+0000][1][safepoint    ] Safepoint "RevokeBias", Time since last: 742297 ns, Reaching safepoint: 87115 ns, At safepoint: 43988 ns, Total: 131103 ns
[2020-09-11T15:39:35.245+0000][1][safepoint    ] Safepoint "RevokeBias", Time since last: 52807019 ns, Reaching safepoint: 3899299 ns, At safepoint: 42966 ns, Total: 3942265 ns
[2020-09-11T15:39:35.246+0000][1][safepoint    ] Safepoint "RevokeBias", Time since last: 639654 ns, Reaching safepoint: 83750 ns, At safepoint: 21619 ns, Total: 105369 ns
[2020-09-11T15:39:35.246+0000][1][safepoint    ] Safepoint "RevokeBias", Time since last: 73102 ns, Reaching safepoint: 80886 ns, At safepoint: 18242 ns, Total: 99128 ns
[2020-09-11T15:39:35.250+0000][1][safepoint    ] Safepoint "RevokeBias", Time since last: 46687 ns, Reaching safepoint: 4056162 ns, At safepoint: 34331 ns, Total: 4090493 ns
[2020-09-11T15:39:35.252+0000][1][safepoint    ] Safepoint "RevokeBias", Time since last: 1024089 ns, Reaching safepoint: 1152814 ns, At safepoint: 29462 ns, Total: 1182276 ns
[2020-09-11T15:39:35.257+0000][1][safepoint    ] Safepoint "RevokeBias", Time since last: 4775690 ns, Reaching safepoint: 115189 ns, At safepoint: 35834 ns, Total: 151023 ns
[2020-09-11T15:39:35.274+0000][1][safepoint    ] Safepoint "RevokeBias", Time since last: 15779728 ns, Reaching safepoint: 722630 ns, At safepoint: 33950 ns, Total: 756580 ns
[2020-09-11T15:39:35.289+0000][1][safepoint    ] Safepoint "RevokeBias", Time since last: 13975225 ns, Reaching safepoint: 940635 ns, At safepoint: 38584 ns, Total: 979219 ns
[2020-09-11T15:39:35.301+0000][1][safepoint    ] Safepoint "RevokeBias", Time since last: 12504986 ns, Reaching safepoint: 176255 ns, At safepoint: 39229 ns, Total: 215484 ns
[2020-09-11T15:39:35.317+0000][1][safepoint    ] Safepoint "RevokeBias", Time since last: 15776538 ns, Reaching safepoint: 113106 ns, At safepoint: 38153 ns, Total: 151259 ns
[2020-09-11T15:39:35.318+0000][1][safepoint    ] Safepoint "RevokeBias", Time since last: 196303 ns, Reaching safepoint: 87560 ns, At safepoint: 36671 ns, Total: 124231 ns
[2020-09-11T15:39:35.318+0000][1][safepoint    ] Safepoint "RevokeBias", Time since last: 40380 ns, Reaching safepoint: 85262 ns, At safepoint: 33246 ns, Total: 118508 ns
[2020-09-11T15:39:35.373+0000][1][safepoint    ] Safepoint "RevokeBias", Time since last: 39502385 ns, Reaching safepoint: 15621538 ns, At safepoint: 51408 ns, Total: 15672946 ns
[2020-09-11T15:39:35.377+0000][1][safepoint    ] Safepoint "RevokeBias", Time since last: 736713 ns, Reaching safepoint: 3237541 ns, At safepoint: 62965 ns, Total: 3300506 ns
[2020-09-11T15:39:35.381+0000][1][safepoint    ] Safepoint "RevokeBias", Time since last: 208556 ns, Reaching safepoint: 3688477 ns, At safepoint: 38008 ns, Total: 3726485 ns
[2020-09-11T15:39:35.381+0000][1][safepoint    ] Safepoint "RevokeBias", Time since last: 115180 ns, Reaching safepoint: 277734 ns, At safepoint: 26527 ns, Total: 304261 ns
[2020-09-11T15:39:35.381+0000][1][safepoint    ] Safepoint "RevokeBias", Time since last: 107062 ns, Reaching safepoint: 84762 ns, At safepoint: 26366 ns, Total: 111128 ns
[2020-09-11T15:39:35.382+0000][1][safepoint    ] Safepoint "RevokeBias", Time since last: 50818 ns, Reaching safepoint: 84197 ns, At safepoint: 25366 ns, Total: 109563 ns
[2020-09-11T15:39:35.382+0000][1][safepoint    ] Safepoint "RevokeBias", Time since last: 47846 ns, Reaching safepoint: 83879 ns, At safepoint: 24572 ns, Total: 108451 ns
[2020-09-11T15:39:35.397+0000][1][safepoint    ] Safepoint "RevokeBias", Time since last: 11683568 ns, Reaching safepoint: 3384447 ns, At safepoint: 85014 ns, Total: 3469461 ns
[2020-09-11T15:39:35.399+0000][1][safepoint    ] Safepoint "RevokeBias", Time since last: 521286 ns, Reaching safepoint: 1131754 ns, At safepoint: 36663 ns, Total: 1168417 ns
[2020-09-11T15:39:35.401+0000][1][safepoint    ] Safepoint "RevokeBias", Time since last: 43019 ns, Reaching safepoint: 2140815 ns, At safepoint: 63413 ns, Total: 2204228 ns
[2020-09-11T15:39:35.401+0000][1][safepoint    ] Safepoint "RevokeBias", Time since last: 65848 ns, Reaching safepoint: 156470 ns, At safepoint: 38781 ns, Total: 195251 ns
[2020-09-11T15:39:35.402+0000][1][safepoint    ] Safepoint "RevokeBias", Time since last: 29259 ns, Reaching safepoint: 395381 ns, At safepoint: 38123 ns, Total: 433504 ns
[2020-09-11T15:39:35.402+0000][1][safepoint    ] Safepoint "RevokeBias", Time since last: 38250 ns, Reaching safepoint: 86163 ns, At safepoint: 35435 ns, Total: 121598 ns
[2020-09-11T15:39:35.402+0000][1][safepoint    ] Safepoint "RevokeBias", Time since last: 26524 ns, Reaching safepoint: 85885 ns, At safepoint: 34513 ns, Total: 120398 ns
[2020-09-11T15:39:35.403+0000][1][safepoint    ] Safepoint "RevokeBias", Time since last: 31822 ns, Reaching safepoint: 538928 ns, At safepoint: 39410 ns, Total: 578338 ns
[2020-09-11T15:39:35.403+0000][1][safepoint    ] Safepoint "BulkRevokeBias", Time since last: 256431 ns, Reaching safepoint: 88325 ns, At safepoint: 91920 ns, Total: 180245 ns
[2020-09-11T15:39:35.426+0000][1][safepoint    ] Safepoint "RevokeBias", Time since last: 22899347 ns, Reaching safepoint: 126657 ns, At safepoint: 40221 ns, Total: 166878 ns
[2020-09-11T15:39:35.426+0000][1][safepoint    ] Safepoint "RevokeBias", Time since last: 81900 ns, Reaching safepoint: 89337 ns, At safepoint: 25891 ns, Total: 115228 ns
[2020-09-11T15:39:35.471+0000][1][safepoint    ] Safepoint "RevokeBias", Time since last: 44947113 ns, Reaching safepoint: 109242 ns, At safepoint: 28125 ns, Total: 137367 ns
[2020-09-11T15:39:35.637+0000][1][safepoint    ] Safepoint "RevokeBias", Time since last: 163105379 ns, Reaching safepoint: 2422806 ns, At safepoint: 31696 ns, Total: 2454502 ns
[2020-09-11T15:39:35.646+0000][1][safepoint    ] Safepoint "RevokeBias", Time since last: 7981704 ns, Reaching safepoint: 1312053 ns, At safepoint: 28057 ns, Total: 1340110 ns
[2020-09-11T15:39:35.647+0000][1][safepoint    ] Safepoint "RevokeBias", Time since last: 160275 ns, Reaching safepoint: 461256 ns, At safepoint: 20805 ns, Total: 482061 ns
[2020-09-11T15:39:35.648+0000][1][safepoint    ] Safepoint "RevokeBias", Time since last: 249621 ns, Reaching safepoint: 646258 ns, At safepoint: 18281 ns, Total: 664539 ns
[2020-09-11T15:39:35.649+0000][1][safepoint    ] Safepoint "RevokeBias", Time since last: 77167 ns, Reaching safepoint: 981252 ns, At safepoint: 27459 ns, Total: 1008711 ns
[2020-09-11T15:39:35.649+0000][1][safepoint    ] Safepoint "RevokeBias", Time since last: 48429 ns, Reaching safepoint: 86105 ns, At safepoint: 16020 ns, Total: 102125 ns
[2020-09-11T15:39:35.650+0000][1][safepoint    ] Safepoint "RevokeBias", Time since last: 477659 ns, Reaching safepoint: 669445 ns, At safepoint: 22249 ns, Total: 691694 ns
[2020-09-11T15:39:35.653+0000][1][safepoint    ] Safepoint "RevokeBias", Time since last: 178407 ns, Reaching safepoint: 2480394 ns, At safepoint: 36460 ns, Total: 2516854 ns
[2020-09-11T15:39:35.653+0000][1][safepoint    ] Safepoint "RevokeBias", Time since last: 66882 ns, Reaching safepoint: 494159 ns, At safepoint: 27889 ns, Total: 522048 ns
[2020-09-11T15:39:35.654+0000][1][safepoint    ] Safepoint "RevokeBias", Time since last: 126827 ns, Reaching safepoint: 87046 ns, At safepoint: 26879 ns, Total: 113925 ns
[2020-09-11T15:39:35.654+0000][1][safepoint    ] Safepoint "RevokeBias", Time since last: 129964 ns, Reaching safepoint: 354419 ns, At safepoint: 27782 ns, Total: 382201 ns
[2020-09-11T15:39:35.655+0000][1][safepoint    ] Safepoint "RevokeBias", Time since last: 40502 ns, Reaching safepoint: 648260 ns, At safepoint: 26707 ns, Total: 674967 ns
[2020-09-11T15:39:35.655+0000][1][safepoint    ] Safepoint "RevokeBias", Time since last: 111314 ns, Reaching safepoint: 225921 ns, At safepoint: 24888 ns, Total: 250809 ns
[2020-09-11T15:39:35.656+0000][1][safepoint    ] Safepoint "RevokeBias", Time since last: 558533 ns, Reaching safepoint: 627584 ns, At safepoint: 15544 ns, Total: 643128 ns
[2020-09-11T15:39:35.705+0000][1][safepoint    ] Safepoint "RevokeBias", Time since last: 44343077 ns, Reaching safepoint: 4033282 ns, At safepoint: 439505 ns, Total: 4472787 ns
[2020-09-11T15:39:35.706+0000][1][safepoint    ] Safepoint "RevokeBias", Time since last: 267127 ns, Reaching safepoint: 610359 ns, At safepoint: 58692 ns, Total: 669051 ns
[2020-09-11T15:39:35.708+0000][1][safepoint    ] Safepoint "RevokeBias", Time since last: 850276 ns, Reaching safepoint: 896049 ns, At safepoint: 56924 ns, Total: 952973 ns
[2020-09-11T15:39:35.709+0000][1][safepoint    ] Safepoint "RevokeBias", Time since last: 45249 ns, Reaching safepoint: 511630 ns, At safepoint: 47310 ns, Total: 558940 ns
[2020-09-11T15:39:35.747+0000][1][safepoint    ] Safepoint "RevokeBias", Time since last: 36171568 ns, Reaching safepoint: 2608783 ns, At safepoint: 28422 ns, Total: 2637205 ns
[2020-09-11T15:39:35.979+0000][1][safepoint    ] Safepoint "RevokeBias", Time since last: 231613599 ns, Reaching safepoint: 116119 ns, At safepoint: 25603 ns, Total: 141722 ns
[2020-09-11T15:39:35.980+0000][1][safepoint    ] Safepoint "RevokeBias", Time since last: 438687 ns, Reaching safepoint: 87906 ns, At safepoint: 24139 ns, Total: 112045 ns
[2020-09-11T15:39:35.980+0000][1][safepoint    ] Safepoint "RevokeBias", Time since last: 37283 ns, Reaching safepoint: 82902 ns, At safepoint: 15250 ns, Total: 98152 ns
[2020-09-11T15:39:35.980+0000][1][safepoint    ] Safepoint "RevokeBias", Time since last: 35421 ns, Reaching safepoint: 82434 ns, At safepoint: 14868 ns, Total: 97302 ns
[2020-09-11T15:39:35.983+0000][1][safepoint    ] Safepoint "RevokeBias", Time since last: 31468 ns, Reaching safepoint: 3203641 ns, At safepoint: 27022 ns, Total: 3230663 ns
[2020-09-11T15:39:35.984+0000][1][safepoint    ] Safepoint "RevokeBias", Time since last: 267026 ns, Reaching safepoint: 88156 ns, At safepoint: 17570 ns, Total: 105726 ns
[2020-09-11T15:39:35.984+0000][1][safepoint    ] Safepoint "RevokeBias", Time since last: 346260 ns, Reaching safepoint: 86728 ns, At safepoint: 22381 ns, Total: 109109 ns
[2020-09-11T15:39:35.984+0000][1][safepoint    ] Safepoint "RevokeBias", Time since last: 34498 ns, Reaching safepoint: 81133 ns, At safepoint: 13859 ns, Total: 94992 ns
[2020-09-11T15:39:36.134+0000][1][safepoint    ] Safepoint "RevokeBias", Time since last: 148854832 ns, Reaching safepoint: 1337630 ns, At safepoint: 49044 ns, Total: 1386674 ns
[2020-09-11T15:39:36.136+0000][1][safepoint    ] Safepoint "RevokeBias", Time since last: 71768 ns, Reaching safepoint: 1467850 ns, At safepoint: 43310 ns, Total: 1511160 ns
[2020-09-11T15:39:36.215+0000][1][safepoint    ] Safepoint "RevokeBias", Time since last: 76768947 ns, Reaching safepoint: 2175042 ns, At safepoint: 46842 ns, Total: 2221884 ns
[2020-09-11T15:39:36.215+0000][1][safepoint    ] Safepoint "RevokeBias", Time since last: 71818 ns, Reaching safepoint: 108153 ns, At safepoint: 34723 ns, Total: 142876 ns
[2020-09-11T15:39:36.215+0000][1][safepoint    ] Safepoint "RevokeBias", Time since last: 46948 ns, Reaching safepoint: 97109 ns, At safepoint: 28712 ns, Total: 125821 ns
[2020-09-11T15:39:36.216+0000][1][safepoint    ] Safepoint "RevokeBias", Time since last: 68451 ns, Reaching safepoint: 93844 ns, At safepoint: 29391 ns, Total: 123235 ns
[2020-09-11T15:39:36.519+0000][1][safepoint    ] Safepoint "RevokeBias", Time since last: 298136457 ns, Reaching safepoint: 5391207 ns, At safepoint: 41999 ns, Total: 5433206 ns
[2020-09-11T15:39:37.024+0000][1][safepoint    ] Safepoint "RevokeBias", Time since last: 504497816 ns, Reaching safepoint: 141594 ns, At safepoint: 43617 ns, Total: 185211 ns
[2020-09-11T15:39:37.024+0000][1][safepoint    ] Safepoint "RevokeBias", Time since last: 80603 ns, Reaching safepoint: 86455 ns, At safepoint: 31276 ns, Total: 117731 ns
[2020-09-11T15:39:37.025+0000][1][safepoint    ] Safepoint "RevokeBias", Time since last: 462092 ns, Reaching safepoint: 85169 ns, At safepoint: 30449 ns, Total: 115618 ns
[2020-09-11T15:39:37.029+0000][1][safepoint    ] Safepoint "BulkRevokeBias", Time since last: 3852871 ns, Reaching safepoint: 109598 ns, At safepoint: 102909 ns, Total: 212507 ns
[2020-09-11T15:39:37.032+0000][1][safepoint    ] Safepoint "RevokeBias", Time since last: 457017 ns, Reaching safepoint: 3082745 ns, At safepoint: 42532 ns, Total: 3125277 ns
[2020-09-11T15:39:37.041+0000][1][safepoint    ] Safepoint "RevokeBias", Time since last: 8755029 ns, Reaching safepoint: 115147 ns, At safepoint: 48657 ns, Total: 163804 ns
[2020-09-11T15:39:37.047+0000][1][safepoint    ] Safepoint "RevokeBias", Time since last: 5933822 ns, Reaching safepoint: 126185 ns, At safepoint: 53784 ns, Total: 179969 ns
[2020-09-11T15:39:37.048+0000][1][safepoint    ] Safepoint "RevokeBias", Time since last: 78645 ns, Reaching safepoint: 103357 ns, At safepoint: 42246 ns, Total: 145603 ns
[2020-09-11T15:39:37.113+0000][1][safepoint    ] Safepoint "RevokeBias", Time since last: 64399987 ns, Reaching safepoint: 880552 ns, At safepoint: 27754 ns, Total: 908306 ns
[2020-09-11T15:39:37.204+0000][1][gc,start     ] GC(65) Pause Young (Allocation Failure)
[2020-09-11T15:39:37.205+0000][1][gc,task      ] GC(65) Using 1 workers of 1 for evacuation
[2020-09-11T15:39:37.357+0000][1][gc,age       ] GC(65) Desired survivor size 4358144 bytes, new threshold 2 (max threshold 6)
[2020-09-11T15:39:37.357+0000][1][gc,age       ] GC(65) Age table with threshold 2 (max threshold 6)
[2020-09-11T15:39:37.357+0000][1][gc,age       ] GC(65) - age   1:    1904360 bytes,    1904360 total
[2020-09-11T15:39:37.357+0000][1][gc,age       ] GC(65) - age   2:    3487992 bytes,    5392352 total
[2020-09-11T15:39:37.358+0000][1][gc,heap      ] GC(65) ParNew: 72188K->6063K(76672K)
[2020-09-11T15:39:37.358+0000][1][gc,heap      ] GC(65) CMS: 55708K->75417K(2011968K)
[2020-09-11T15:39:37.358+0000][1][gc,metaspace ] GC(65) Metaspace: 72568K->72568K(1116160K)
[2020-09-11T15:39:37.358+0000][1][gc           ] GC(65) Pause Young (Allocation Failure) 124M->79M(2039M) 153.100ms
[2020-09-11T15:39:37.358+0000][1][gc,cpu       ] GC(65) User=0.05s Sys=0.00s Real=0.15s
[2020-09-11T15:39:37.398+0000][1][safepoint    ] Safepoint "GenCollectForAllocation", Time since last: 91489406 ns, Reaching safepoint: 114508 ns, At safepoint: 193634068 ns, Total: 193748576 ns
[2020-09-11T15:39:37.517+0000][1][safepoint    ] Safepoint "RevokeBias", Time since last: 107152418 ns, Reaching safepoint: 11609411 ns, At safepoint: 20033 ns, Total: 11629444 ns
[2020-09-11T15:39:37.517+0000][1][safepoint    ] Safepoint "RevokeBias", Time since last: 435044 ns, Reaching safepoint: 87440 ns, At safepoint: 11219 ns, Total: 98659 ns
[2020-09-11T15:39:37.518+0000][1][safepoint    ] Safepoint "RevokeBias", Time since last: 38743 ns, Reaching safepoint: 82300 ns, At safepoint: 9639 ns, Total: 91939 ns
[2020-09-11T15:39:37.699+0000][1][safepoint    ] Safepoint "RevokeBias", Time since last: 180991254 ns, Reaching safepoint: 312729 ns, At safepoint: 24440 ns, Total: 337169 ns
[2020-09-11T15:39:37.700+0000][1][safepoint    ] Safepoint "RevokeBias", Time since last: 779232 ns, Reaching safepoint: 84848 ns, At safepoint: 11824 ns, Total: 96672 ns
[2020-09-11T15:39:37.863+0000][1][safepoint    ] Safepoint "RevokeBias", Time since last: 151226394 ns, Reaching safepoint: 12394314 ns, At safepoint: 36120 ns, Total: 12430434 ns
[2020-09-11T15:39:37.869+0000][1][safepoint    ] Safepoint "RevokeBias", Time since last: 5747178 ns, Reaching safepoint: 106365 ns, At safepoint: 28686 ns, Total: 135051 ns
[2020-09-11T15:39:37.901+0000][1][safepoint    ] Safepoint "RevokeBias", Time since last: 31965969 ns, Reaching safepoint: 213572 ns, At safepoint: 29607 ns, Total: 243179 ns
[2020-09-11T15:39:37.926+0000][1][safepoint    ] Safepoint "RevokeBias", Time since last: 298318 ns, Reaching safepoint: 23893057 ns, At safepoint: 37960 ns, Total: 23931017 ns
[2020-09-11T15:39:37.926+0000][1][safepoint    ] Safepoint "RevokeBias", Time since last: 507092 ns, Reaching safepoint: 102899 ns, At safepoint: 21010 ns, Total: 123909 ns
[2020-09-11T15:39:37.927+0000][1][safepoint    ] Safepoint "RevokeBias", Time since last: 49610 ns, Reaching safepoint: 94052 ns, At safepoint: 17648 ns, Total: 111700 ns
[2020-09-11T15:39:37.928+0000][1][safepoint    ] Safepoint "RevokeBias", Time since last: 1643221 ns, Reaching safepoint: 93409 ns, At safepoint: 19779 ns, Total: 113188 ns
[2020-09-11T15:39:37.966+0000][1][safepoint    ] Safepoint "RevokeBias", Time since last: 29693615 ns, Reaching safepoint: 7922657 ns, At safepoint: 31816 ns, Total: 7954473 ns
[2020-09-11T15:39:37.981+0000][1][safepoint    ] Safepoint "RevokeBias", Time since last: 15011803 ns, Reaching safepoint: 186914 ns, At safepoint: 22971 ns, Total: 209885 ns
[2020-09-11T15:39:37.982+0000][1][safepoint    ] Safepoint "RevokeBias", Time since last: 732283 ns, Reaching safepoint: 97240 ns, At safepoint: 13038 ns, Total: 110278 ns
[2020-09-11T15:39:37.998+0000][1][safepoint    ] Safepoint "RevokeBias", Time since last: 15211147 ns, Reaching safepoint: 517578 ns, At safepoint: 28942 ns, Total: 546520 ns
[2020-09-11T15:39:38.016+0000][1][safepoint    ] Safepoint "RevokeBias", Time since last: 18220966 ns, Reaching safepoint: 190698 ns, At safepoint: 19648 ns, Total: 210346 ns
[2020-09-11T15:39:38.016+0000][1][safepoint    ] Safepoint "RevokeBias", Time since last: 56387 ns, Reaching safepoint: 84444 ns, At safepoint: 12896 ns, Total: 97340 ns
[2020-09-11T15:39:38.016+0000][1][safepoint    ] Safepoint "RevokeBias", Time since last: 37781 ns, Reaching safepoint: 84515 ns, At safepoint: 15606 ns, Total: 100121 ns
[2020-09-11T15:39:38.057+0000][1][safepoint    ] Safepoint "RevokeBias", Time since last: 38683788 ns, Reaching safepoint: 1654298 ns, At safepoint: 33901 ns, Total: 1688199 ns
[2020-09-11T15:39:38.124+0000][1][safepoint    ] Safepoint "RevokeBias", Time since last: 65892461 ns, Reaching safepoint: 130209 ns, At safepoint: 859839 ns, Total: 990048 ns
[2020-09-11T15:39:38.124+0000][1][safepoint    ] Safepoint "RevokeBias", Time since last: 109917 ns, Reaching safepoint: 102576 ns, At safepoint: 167946 ns, Total: 270522 ns
[2020-09-11T15:39:38.124+0000][1][safepoint    ] Safepoint "RevokeBias", Time since last: 49295 ns, Reaching safepoint: 84048 ns, At safepoint: 20862 ns, Total: 104910 ns
[2020-09-11T15:39:38.132+0000][1][safepoint    ] Safepoint "RevokeBias", Time since last: 7496432 ns, Reaching safepoint: 116930 ns, At safepoint: 27575 ns, Total: 144505 ns
[2020-09-11T15:39:38.171+0000][1][safepoint    ] Safepoint "RevokeBias", Time since last: 38092049 ns, Reaching safepoint: 657125 ns, At safepoint: 28320 ns, Total: 685445 ns
[2020-09-11T15:39:38.217+0000][1][safepoint    ] Safepoint "RevokeBias", Time since last: 46314737 ns, Reaching safepoint: 115486 ns, At safepoint: 20326 ns, Total: 135812 ns
[2020-09-11T15:39:38.285+0000][1][safepoint    ] Safepoint "RevokeBias", Time since last: 63543677 ns, Reaching safepoint: 4156127 ns, At safepoint: 25350 ns, Total: 4181477 ns
[2020-09-11T15:39:38.334+0000][1][safepoint    ] Safepoint "RevokeBias", Time since last: 48622438 ns, Reaching safepoint: 102021 ns, At safepoint: 15814 ns, Total: 117835 ns
[2020-09-11T15:39:38.629+0000][1][safepoint    ] Safepoint "RevokeBias", Time since last: 295226387 ns, Reaching safepoint: 122018 ns, At safepoint: 51333 ns, Total: 173351 ns
[2020-09-11T15:39:38.742+0000][1][safepoint    ] Safepoint "RevokeBias", Time since last: 112474173 ns, Reaching safepoint: 115637 ns, At safepoint: 19835 ns, Total: 135472 ns
[2020-09-11T15:39:38.784+0000][1][safepoint    ] Safepoint "RevokeBias", Time since last: 39318214 ns, Reaching safepoint: 3204483 ns, At safepoint: 34776 ns, Total: 3239259 ns
[2020-09-11T15:39:38.842+0000][1][safepoint    ] Safepoint "RevokeBias", Time since last: 57377896 ns, Reaching safepoint: 380145 ns, At safepoint: 16964 ns, Total: 397109 ns
[2020-09-11T15:39:38.974+0000][1][safepoint    ] Safepoint "RevokeBias", Time since last: 131660886 ns, Reaching safepoint: 185432 ns, At safepoint: 22486 ns, Total: 207918 ns
[2020-09-11T15:39:39.016+0000][1][safepoint    ] Safepoint "RevokeBias", Time since last: 42079668 ns, Reaching safepoint: 119440 ns, At safepoint: 17033 ns, Total: 136473 ns
[2020-09-11T15:39:39.037+0000][1][safepoint    ] Safepoint "RevokeBias", Time since last: 21177724 ns, Reaching safepoint: 120821 ns, At safepoint: 17113 ns, Total: 137934 ns
[2020-09-11T15:39:39.081+0000][1][safepoint    ] Safepoint "RevokeBias", Time since last: 43851981 ns, Reaching safepoint: 111679 ns, At safepoint: 21534 ns, Total: 133213 ns
[2020-09-11T15:39:39.093+0000][1][safepoint    ] Safepoint "RevokeBias", Time since last: 11394509 ns, Reaching safepoint: 91321 ns, At safepoint: 15117 ns, Total: 106438 ns
[2020-09-11T15:39:39.138+0000][1][safepoint    ] Safepoint "RevokeBias", Time since last: 43618686 ns, Reaching safepoint: 1385904 ns, At safepoint: 19917 ns, Total: 1405821 ns
[2020-09-11T15:39:39.145+0000][1][safepoint    ] Safepoint "RevokeBias", Time since last: 7526290 ns, Reaching safepoint: 109649 ns, At safepoint: 17297 ns, Total: 126946 ns
[2020-09-11T15:39:39.195+0000][1][safepoint    ] Safepoint "RevokeBias", Time since last: 49877496 ns, Reaching safepoint: 106123 ns, At safepoint: 24922 ns, Total: 131045 ns
[2020-09-11T15:39:39.201+0000][1][safepoint    ] Safepoint "RevokeBias", Time since last: 5328815 ns, Reaching safepoint: 107885 ns, At safepoint: 18541 ns, Total: 126426 ns
[2020-09-11T15:39:39.270+0000][1][safepoint    ] Safepoint "RevokeBias", Time since last: 68189743 ns, Reaching safepoint: 455112 ns, At safepoint: 21960 ns, Total: 477072 ns
[2020-09-11T15:39:39.288+0000][1][safepoint    ] Safepoint "RevokeBias", Time since last: 16117084 ns, Reaching safepoint: 1798597 ns, At safepoint: 30585 ns, Total: 1829182 ns
[2020-09-11T15:39:39.301+0000][1][safepoint    ] Safepoint "RevokeBias", Time since last: 7481920 ns, Reaching safepoint: 5751449 ns, At safepoint: 41747 ns, Total: 5793196 ns
[2020-09-11T15:39:39.305+0000][1][safepoint    ] Safepoint "RevokeBias", Time since last: 283611 ns, Reaching safepoint: 3524895 ns, At safepoint: 35540 ns, Total: 3560435 ns
[2020-09-11T15:39:39.305+0000][1][safepoint    ] Safepoint "RevokeBias", Time since last: 414446 ns, Reaching safepoint: 91414 ns, At safepoint: 26463 ns, Total: 117877 ns
[2020-09-11T15:39:39.306+0000][1][safepoint    ] Safepoint "RevokeBias", Time since last: 218090 ns, Reaching safepoint: 804968 ns, At safepoint: 25838 ns, Total: 830806 ns
[2020-09-11T15:39:39.307+0000][1][safepoint    ] Safepoint "RevokeBias", Time since last: 464953 ns, Reaching safepoint: 551266 ns, At safepoint: 30587 ns, Total: 581853 ns
[2020-09-11T15:39:39.308+0000][1][safepoint    ] Safepoint "RevokeBias", Time since last: 342010 ns, Reaching safepoint: 220871 ns, At safepoint: 20764 ns, Total: 241635 ns
[2020-09-11T15:39:39.339+0000][1][safepoint    ] Safepoint "RevokeBias", Time since last: 28883736 ns, Reaching safepoint: 1734670 ns, At safepoint: 40275 ns, Total: 1774945 ns
[2020-09-11T15:39:39.361+0000][1][safepoint    ] Safepoint "RevokeBias", Time since last: 22245195 ns, Reaching safepoint: 119363 ns, At safepoint: 17767 ns, Total: 137130 ns
[2020-09-11T15:39:39.361+0000][1][safepoint    ] Safepoint "RevokeBias", Time since last: 281367 ns, Reaching safepoint: 88029 ns, At safepoint: 11865 ns, Total: 99894 ns
[2020-09-11T15:39:39.362+0000][1][safepoint    ] Safepoint "RevokeBias", Time since last: 117112 ns, Reaching safepoint: 86650 ns, At safepoint: 12118 ns, Total: 98768 ns
[2020-09-11T15:39:39.362+0000][1][safepoint    ] Safepoint "RevokeBias", Time since last: 129525 ns, Reaching safepoint: 87249 ns, At safepoint: 11500 ns, Total: 98749 ns
[2020-09-11T15:39:39.373+0000][1][safepoint    ] Safepoint "RevokeBias", Time since last: 11046616 ns, Reaching safepoint: 279156 ns, At safepoint: 23948 ns, Total: 303104 ns
[2020-09-11T15:39:39.375+0000][1][safepoint    ] Safepoint "RevokeBias", Time since last: 287537 ns, Reaching safepoint: 1426046 ns, At safepoint: 17791 ns, Total: 1443837 ns
[2020-09-11T15:39:39.385+0000][1][safepoint    ] Safepoint "RevokeBias", Time since last: 9434742 ns, Reaching safepoint: 525593 ns, At safepoint: 20663 ns, Total: 546256 ns
[2020-09-11T15:39:39.388+0000][1][safepoint    ] Safepoint "RevokeBias", Time since last: 259646 ns, Reaching safepoint: 2761038 ns, At safepoint: 15248 ns, Total: 2776286 ns
[2020-09-11T15:39:39.389+0000][1][safepoint    ] Safepoint "RevokeBias", Time since last: 180133 ns, Reaching safepoint: 474680 ns, At safepoint: 15767 ns, Total: 490447 ns
[2020-09-11T15:39:39.390+0000][1][safepoint    ] Safepoint "RevokeBias", Time since last: 186911 ns, Reaching safepoint: 1028107 ns, At safepoint: 15435 ns, Total: 1043542 ns
[2020-09-11T15:39:39.402+0000][1][safepoint    ] Safepoint "RevokeBias", Time since last: 11885343 ns, Reaching safepoint: 102378 ns, At safepoint: 17555 ns, Total: 119933 ns
[2020-09-11T15:39:39.403+0000][1][safepoint    ] Safepoint "RevokeBias", Time since last: 267964 ns, Reaching safepoint: 1096736 ns, At safepoint: 17405 ns, Total: 1114141 ns
[2020-09-11T15:39:39.405+0000][1][safepoint    ] Safepoint "RevokeBias", Time since last: 570745 ns, Reaching safepoint: 1076841 ns, At safepoint: 13599 ns, Total: 1090440 ns
[2020-09-11T15:39:39.413+0000][1][safepoint    ] Safepoint "RevokeBias", Time since last: 1403197 ns, Reaching safepoint: 6598453 ns, At safepoint: 25853 ns, Total: 6624306 ns
[2020-09-11T15:39:39.424+0000][1][safepoint    ] Safepoint "RevokeBias", Time since last: 3956355 ns, Reaching safepoint: 7187678 ns, At safepoint: 22630 ns, Total: 7210308 ns
[2020-09-11T15:39:39.433+0000][1][safepoint    ] Safepoint "RevokeBias", Time since last: 1837089 ns, Reaching safepoint: 6981629 ns, At safepoint: 131998 ns, Total: 7113627 ns
[2020-09-11T15:39:39.437+0000][1][safepoint    ] Safepoint "RevokeBias", Time since last: 1285953 ns, Reaching safepoint: 2282883 ns, At safepoint: 32587 ns, Total: 2315470 ns
[2020-09-11T15:39:39.439+0000][1][safepoint    ] Safepoint "BulkRevokeBias", Time since last: 1002721 ns, Reaching safepoint: 1073962 ns, At safepoint: 115764 ns, Total: 1189726 ns
[2020-09-11T15:39:39.462+0000][1][safepoint    ] Safepoint "RevokeBias", Time since last: 22184366 ns, Reaching safepoint: 1139164 ns, At safepoint: 19369 ns, Total: 1158533 ns
[2020-09-11T15:39:39.473+0000][1][safepoint    ] Safepoint "RevokeBias", Time since last: 6701279 ns, Reaching safepoint: 4030483 ns, At safepoint: 25322 ns, Total: 4055805 ns
[2020-09-11T15:39:39.477+0000][1][safepoint    ] Safepoint "RevokeBias", Time since last: 952208 ns, Reaching safepoint: 3030885 ns, At safepoint: 27105 ns, Total: 3057990 ns
[2020-09-11T15:39:39.517+0000][1][safepoint    ] Safepoint "RevokeBias", Time since last: 34968129 ns, Reaching safepoint: 4983050 ns, At safepoint: 65808 ns, Total: 5048858 ns
[2020-09-11T15:39:39.521+0000][1][safepoint    ] Safepoint "RevokeBias", Time since last: 675989 ns, Reaching safepoint: 3261179 ns, At safepoint: 26836 ns, Total: 3288015 ns
[2020-09-11T15:39:40.157+0000][1][safepoint    ] Safepoint "RevokeBias", Time since last: 636440342 ns, Reaching safepoint: 123754 ns, At safepoint: 16271 ns, Total: 140025 ns
[2020-09-11T15:39:40.158+0000][1][safepoint    ] Safepoint "RevokeBias", Time since last: 356782 ns, Reaching safepoint: 87208 ns, At safepoint: 10401 ns, Total: 97609 ns
[2020-09-11T15:39:40.161+0000][1][safepoint    ] Safepoint "RevokeBias", Time since last: 2908781 ns, Reaching safepoint: 100558 ns, At safepoint: 14265 ns, Total: 114823 ns
[2020-09-11T15:39:40.161+0000][1][safepoint    ] Safepoint "RevokeBias", Time since last: 140172 ns, Reaching safepoint: 85324 ns, At safepoint: 9668 ns, Total: 94992 ns
[2020-09-11T15:39:40.165+0000][1][safepoint    ] Safepoint "RevokeBias", Time since last: 644958 ns, Reaching safepoint: 3053792 ns, At safepoint: 25594 ns, Total: 3079386 ns
[2020-09-11T15:39:40.165+0000][1][safepoint    ] Safepoint "RevokeBias", Time since last: 201193 ns, Reaching safepoint: 95815 ns, At safepoint: 11219 ns, Total: 107034 ns
[2020-09-11T15:39:40.165+0000][1][safepoint    ] Safepoint "RevokeBias", Time since last: 237665 ns, Reaching safepoint: 86792 ns, At safepoint: 9793 ns, Total: 96585 ns
[2020-09-11T15:39:40.166+0000][1][safepoint    ] Safepoint "RevokeBias", Time since last: 79865 ns, Reaching safepoint: 85115 ns, At safepoint: 9997 ns, Total: 95112 ns
[2020-09-11T15:39:40.169+0000][1][safepoint    ] Safepoint "RevokeBias", Time since last: 3107335 ns, Reaching safepoint: 85033 ns, At safepoint: 10589 ns, Total: 95622 ns
[2020-09-11T15:39:40.173+0000][1][safepoint    ] Safepoint "RevokeBias", Time since last: 3984573 ns, Reaching safepoint: 92385 ns, At safepoint: 13206 ns, Total: 105591 ns
[2020-09-11T15:39:40.181+0000][1][safepoint    ] Safepoint "RevokeBias", Time since last: 7681655 ns, Reaching safepoint: 120111 ns, At safepoint: 15605 ns, Total: 135716 ns
[2020-09-11T15:39:40.181+0000][1][safepoint    ] Safepoint "RevokeBias", Time since last: 144551 ns, Reaching safepoint: 85541 ns, At safepoint: 10574 ns, Total: 96115 ns
[2020-09-11T15:39:40.181+0000][1][safepoint    ] Safepoint "RevokeBias", Time since last: 188615 ns, Reaching safepoint: 84988 ns, At safepoint: 9555 ns, Total: 94543 ns
[2020-09-11T15:39:40.181+0000][1][safepoint    ] Safepoint "RevokeBias", Time since last: 74503 ns, Reaching safepoint: 84407 ns, At safepoint: 9582 ns, Total: 93989 ns
[2020-09-11T15:39:40.182+0000][1][safepoint    ] Safepoint "RevokeBias", Time since last: 113940 ns, Reaching safepoint: 84442 ns, At safepoint: 9397 ns, Total: 93839 ns
[2020-09-11T15:39:40.203+0000][1][safepoint    ] Safepoint "RevokeBias", Time since last: 20913775 ns, Reaching safepoint: 127484 ns, At safepoint: 19080 ns, Total: 146564 ns
[2020-09-11T15:39:40.204+0000][1][safepoint    ] Safepoint "RevokeBias", Time since last: 875919 ns, Reaching safepoint: 94605 ns, At safepoint: 12025 ns, Total: 106630 ns
[2020-09-11T15:39:40.221+0000][1][safepoint    ] Safepoint "RevokeBias", Time since last: 17130587 ns, Reaching safepoint: 112097 ns, At safepoint: 15660 ns, Total: 127757 ns
[2020-09-11T15:39:40.240+0000][1][safepoint    ] Safepoint "RevokeBias", Time since last: 15809931 ns, Reaching safepoint: 3064160 ns, At safepoint: 25122 ns, Total: 3089282 ns
[2020-09-11T15:39:40.245+0000][1][safepoint    ] Safepoint "BulkRevokeBias", Time since last: 653775 ns, Reaching safepoint: 4285923 ns, At safepoint: 192896 ns, Total: 4478819 ns
[2020-09-11T15:39:40.317+0000][1][safepoint    ] Safepoint "RevokeBias", Time since last: 71765272 ns, Reaching safepoint: 113495 ns, At safepoint: 15495 ns, Total: 128990 ns
[2020-09-11T15:39:40.324+0000][1][safepoint    ] Safepoint "RevokeBias", Time since last: 6918569 ns, Reaching safepoint: 116039 ns, At safepoint: 15908 ns, Total: 131947 ns
[2020-09-11T15:39:40.329+0000][1][safepoint    ] Safepoint "RevokeBias", Time since last: 4718495 ns, Reaching safepoint: 322589 ns, At safepoint: 17503 ns, Total: 340092 ns
[2020-09-11T15:39:40.329+0000][1][safepoint    ] Safepoint "RevokeBias", Time since last: 287479 ns, Reaching safepoint: 90716 ns, At safepoint: 11533 ns, Total: 102249 ns
[2020-09-11T15:39:40.333+0000][1][safepoint    ] Safepoint "RevokeBias", Time since last: 3367735 ns, Reaching safepoint: 106467 ns, At safepoint: 14703 ns, Total: 121170 ns
[2020-09-11T15:39:40.333+0000][1][safepoint    ] Safepoint "RevokeBias", Time since last: 235370 ns, Reaching safepoint: 86920 ns, At safepoint: 10839 ns, Total: 97759 ns
[2020-09-11T15:39:40.333+0000][1][safepoint    ] Safepoint "RevokeBias", Time since last: 109560 ns, Reaching safepoint: 84991 ns, At safepoint: 10128 ns, Total: 95119 ns
[2020-09-11T15:39:40.366+0000][1][safepoint    ] Safepoint "RevokeBias", Time since last: 17483035 ns, Reaching safepoint: 15304510 ns, At safepoint: 26960 ns, Total: 15331470 ns
[2020-09-11T15:39:40.375+0000][1][safepoint    ] Safepoint "RevokeBias", Time since last: 8688513 ns, Reaching safepoint: 116597 ns, At safepoint: 17134 ns, Total: 133731 ns
[2020-09-11T15:39:40.375+0000][1][safepoint    ] Safepoint "RevokeBias", Time since last: 308510 ns, Reaching safepoint: 89718 ns, At safepoint: 12334 ns, Total: 102052 ns
[2020-09-11T15:39:40.376+0000][1][safepoint    ] Safepoint "RevokeBias", Time since last: 125826 ns, Reaching safepoint: 87388 ns, At safepoint: 11646 ns, Total: 99034 ns
[2020-09-11T15:39:40.376+0000][1][safepoint    ] Safepoint "RevokeBias", Time since last: 125911 ns, Reaching safepoint: 86966 ns, At safepoint: 10931 ns, Total: 97897 ns
[2020-09-11T15:39:40.376+0000][1][safepoint    ] Safepoint "RevokeBias", Time since last: 87658 ns, Reaching safepoint: 87637 ns, At safepoint: 44196 ns, Total: 131833 ns
[2020-09-11T15:39:40.386+0000][1][safepoint    ] Safepoint "RevokeBias", Time since last: 627860 ns, Reaching safepoint: 9192941 ns, At safepoint: 57108 ns, Total: 9250049 ns
[2020-09-11T15:39:41.036+0000][1][safepoint    ] Safepoint "RevokeBias", Time since last: 649526673 ns, Reaching safepoint: 120488 ns, At safepoint: 31251 ns, Total: 151739 ns
[2020-09-11T15:39:42.033+0000][1][safepoint    ] Safepoint "RevokeBias", Time since last: 997210515 ns, Reaching safepoint: 122428 ns, At safepoint: 30621 ns, Total: 153049 ns
[2020-09-11T15:39:42.049+0000][1][safepoint    ] Safepoint "RevokeBias", Time since last: 15836232 ns, Reaching safepoint: 58078 ns, At safepoint: 19743 ns, Total: 77821 ns
[2020-09-11T15:39:42.061+0000][1][safepoint    ] Safepoint "RevokeBias", Time since last: 11801790 ns, Reaching safepoint: 122317 ns, At safepoint: 51897 ns, Total: 174214 ns
[2020-09-11T15:39:42.687+0000][1][safepoint    ] Safepoint "RevokeBias", Time since last: 626205230 ns, Reaching safepoint: 131029 ns, At safepoint: 17472 ns, Total: 148501 ns
[2020-09-11T15:39:43.291+0000][1][safepoint    ] Safepoint "RevokeBias", Time since last: 603385597 ns, Reaching safepoint: 135916 ns, At safepoint: 15211 ns, Total: 151127 ns
[2020-09-11T15:39:43.366+0000][1][safepoint    ] Safepoint "RevokeBias", Time since last: 73934379 ns, Reaching safepoint: 990830 ns, At safepoint: 53801 ns, Total: 1044631 ns
[2020-09-11T15:39:43.367+0000][1][safepoint    ] Safepoint "BulkRevokeBias", Time since last: 651184 ns, Reaching safepoint: 91910 ns, At safepoint: 131816 ns, Total: 223726 ns
[2020-09-11T15:39:43.374+0000][1][gc,start     ] GC(66) Pause Young (Allocation Failure)
[2020-09-11T15:39:43.374+0000][1][gc,task      ] GC(66) Using 1 workers of 1 for evacuation
[2020-09-11T15:39:43.646+0000][1][gc,age       ] GC(66) Desired survivor size 4358144 bytes, new threshold 6 (max threshold 6)
[2020-09-11T15:39:43.646+0000][1][gc,age       ] GC(66) Age table with threshold 6 (max threshold 6)
[2020-09-11T15:39:43.646+0000][1][gc,age       ] GC(66) - age   1:    1173096 bytes,    1173096 total
[2020-09-11T15:39:43.646+0000][1][gc,age       ] GC(66) - age   2:    1843296 bytes,    3016392 total
[2020-09-11T15:39:43.646+0000][1][gc,heap      ] GC(66) ParNew: 74223K->5465K(76672K)
[2020-09-11T15:39:43.646+0000][1][gc,heap      ] GC(66) CMS: 75417K->95342K(2011968K)
[2020-09-11T15:39:43.646+0000][1][gc,metaspace ] GC(66) Metaspace: 74190K->74190K(1118208K)
[2020-09-11T15:39:43.646+0000][1][gc           ] GC(66) Pause Young (Allocation Failure) 146M->98M(2039M) 272.445ms
[2020-09-11T15:39:43.646+0000][1][gc,cpu       ] GC(66) User=0.07s Sys=0.00s Real=0.27s
[2020-09-11T15:39:43.693+0000][1][safepoint    ] Safepoint "GenCollectForAllocation", Time since last: 6746776 ns, Reaching safepoint: 118849 ns, At safepoint: 319192624 ns, Total: 319311473 ns
[2020-09-11T15:39:43.821+0000][1][safepoint    ] Safepoint "RevokeBias", Time since last: 113168806 ns, Reaching safepoint: 14883223 ns, At safepoint: 27786 ns, Total: 14911009 ns
[2020-09-11T15:39:43.997+0000][1][safepoint    ] Safepoint "RevokeBias", Time since last: 176500646 ns, Reaching safepoint: 118710 ns, At safepoint: 22253 ns, Total: 140963 ns
[2020-09-11T15:39:43.998+0000][1][safepoint    ] Safepoint "RevokeBias", Time since last: 62259 ns, Reaching safepoint: 87954 ns, At safepoint: 13425 ns, Total: 101379 ns
[2020-09-11T15:39:44.121+0000][1][safepoint    ] Safepoint "RevokeBias", Time since last: 123306475 ns, Reaching safepoint: 115231 ns, At safepoint: 18361 ns, Total: 133592 ns
[2020-09-11T15:39:44.140+0000][1][safepoint    ] Safepoint "RevokeBias", Time since last: 18736181 ns, Reaching safepoint: 111761 ns, At safepoint: 24975 ns, Total: 136736 ns
[2020-09-11T15:39:44.782+0000][1][safepoint    ] Safepoint "RevokeBias", Time since last: 641538659 ns, Reaching safepoint: 50298 ns, At safepoint: 16080 ns, Total: 66378 ns
[2020-09-11T15:39:45.321+0000][1][safepoint    ] Safepoint "RevokeBias", Time since last: 539689930 ns, Reaching safepoint: 47705 ns, At safepoint: 12581 ns, Total: 60286 ns
[2020-09-11T15:39:45.349+0000][1][safepoint    ] Safepoint "RevokeBias", Time since last: 27514460 ns, Reaching safepoint: 35935 ns, At safepoint: 45671 ns, Total: 81606 ns
[2020-09-11T15:39:45.397+0000][1][safepoint    ] Safepoint "BulkRevokeBias", Time since last: 47969317 ns, Reaching safepoint: 113670 ns, At safepoint: 225143 ns, Total: 338813 ns
[2020-09-11T15:39:46.402+0000][1][safepoint    ] Safepoint "Cleanup", Time since last: 1003560462 ns, Reaching safepoint: 1343361 ns, At safepoint: 8485 ns, Total: 1351846 ns
[2020-09-11T15:39:46.406+0000][1][safepoint    ] Safepoint "RevokeBias", Time since last: 3325122 ns, Reaching safepoint: 106183 ns, At safepoint: 15470 ns, Total: 121653 ns
[2020-09-11T15:39:46.406+0000][1][safepoint    ] Safepoint "RevokeBias", Time since last: 85171 ns, Reaching safepoint: 84468 ns, At safepoint: 10743 ns, Total: 95211 ns
[2020-09-11T15:39:46.557+0000][1][safepoint    ] Safepoint "RevokeBias", Time since last: 136965259 ns, Reaching safepoint: 14112305 ns, At safepoint: 29237 ns, Total: 14141542 ns
[2020-09-11T15:39:46.595+0000][1][safepoint    ] Safepoint "RevokeBias", Time since last: 34794761 ns, Reaching safepoint: 2963455 ns, At safepoint: 28628 ns, Total: 2992083 ns
[2020-09-11T15:39:46.768+0000][1][safepoint    ] Safepoint "RevokeBias", Time since last: 173593059 ns, Reaching safepoint: 139560 ns, At safepoint: 22516 ns, Total: 162076 ns
[2020-09-11T15:39:46.940+0000][1][safepoint    ] Safepoint "RevokeBias", Time since last: 158282174 ns, Reaching safepoint: 13531615 ns, At safepoint: 25128 ns, Total: 13556743 ns
[2020-09-11T15:39:46.940+0000][1][safepoint    ] Safepoint "RevokeBias", Time since last: 85723 ns, Reaching safepoint: 90535 ns, At safepoint: 22030 ns, Total: 112565 ns
[2020-09-11T15:39:47.161+0000][1][safepoint    ] Safepoint "Deoptimize", Time since last: 214714394 ns, Reaching safepoint: 309589 ns, At safepoint: 5306622 ns, Total: 5616211 ns
[2020-09-11T15:39:47.507+0000][1][safepoint    ] Safepoint "RevokeBias", Time since last: 346520229 ns, Reaching safepoint: 75936 ns, At safepoint: 19658 ns, Total: 95594 ns
[2020-09-11T15:39:47.508+0000][1][safepoint    ] Safepoint "RevokeBias", Time since last: 389272 ns, Reaching safepoint: 21630 ns, At safepoint: 12902 ns, Total: 34532 ns
[2020-09-11T15:39:47.509+0000][1][safepoint    ] Safepoint "RevokeBias", Time since last: 1048222 ns, Reaching safepoint: 28968 ns, At safepoint: 15313 ns, Total: 44281 ns
[2020-09-11T15:39:48.055+0000][1][safepoint    ] Safepoint "RevokeBias", Time since last: 545900152 ns, Reaching safepoint: 55631 ns, At safepoint: 21730 ns, Total: 77361 ns
[2020-09-11T15:39:49.057+0000][1][safepoint    ] Safepoint "Cleanup", Time since last: 1000112107 ns, Reaching safepoint: 1819584 ns, At safepoint: 10908 ns, Total: 1830492 ns
[2020-09-11T15:39:49.170+0000][1][safepoint    ] Safepoint "RevokeBias", Time since last: 112810305 ns, Reaching safepoint: 123245 ns, At safepoint: 18347 ns, Total: 141592 ns
[2020-09-11T15:39:49.173+0000][1][safepoint    ] Safepoint "RevokeBias", Time since last: 154064 ns, Reaching safepoint: 2881874 ns, At safepoint: 24140 ns, Total: 2906014 ns
[2020-09-11T15:39:49.173+0000][1][safepoint    ] Safepoint "RevokeBias", Time since last: 59228 ns, Reaching safepoint: 86896 ns, At safepoint: 11967 ns, Total: 98863 ns
[2020-09-11T15:39:49.226+0000][1][safepoint    ] Safepoint "RevokeBias", Time since last: 53038124 ns, Reaching safepoint: 144859 ns, At safepoint: 27331 ns, Total: 172190 ns
[2020-09-11T15:39:49.251+0000][1][safepoint    ] Safepoint "RevokeBias", Time since last: 7479327 ns, Reaching safepoint: 17440789 ns, At safepoint: 32047 ns, Total: 17472836 ns
[2020-09-11T15:39:49.253+0000][1][safepoint    ] Safepoint "RevokeBias", Time since last: 236010 ns, Reaching safepoint: 1405174 ns, At safepoint: 20949 ns, Total: 1426123 ns
[2020-09-11T15:39:49.273+0000][1][safepoint    ] Safepoint "RevokeBias", Time since last: 18500770 ns, Reaching safepoint: 1491777 ns, At safepoint: 38850 ns, Total: 1530627 ns
[2020-09-11T15:39:49.297+0000][1][safepoint    ] Safepoint "RevokeBias", Time since last: 19951691 ns, Reaching safepoint: 4033048 ns, At safepoint: 57313 ns, Total: 4090361 ns
[2020-09-11T15:39:49.301+0000][1][safepoint    ] Safepoint "RevokeBias", Time since last: 2062444 ns, Reaching safepoint: 1856794 ns, At safepoint: 47086 ns, Total: 1903880 ns
[2020-09-11T15:39:49.305+0000][1][safepoint    ] Safepoint "RevokeBias", Time since last: 89462 ns, Reaching safepoint: 3887897 ns, At safepoint: 57517 ns, Total: 3945414 ns
[2020-09-11T15:39:49.305+0000][1][safepoint    ] Safepoint "RevokeBias", Time since last: 68049 ns, Reaching safepoint: 173297 ns, At safepoint: 35397 ns, Total: 208694 ns
[2020-09-11T15:39:49.309+0000][1][safepoint    ] Safepoint "RevokeBias", Time since last: 183813 ns, Reaching safepoint: 3462738 ns, At safepoint: 52558 ns, Total: 3515296 ns
[2020-09-11T15:39:49.333+0000][1][safepoint    ] Safepoint "RevokeBias", Time since last: 1247901 ns, Reaching safepoint: 23348010 ns, At safepoint: 25167 ns, Total: 23373177 ns
[2020-09-11T15:39:49.785+0000][1][safepoint    ] Safepoint "BulkRevokeBias", Time since last: 451287911 ns, Reaching safepoint: 236997 ns, At safepoint: 198412 ns, Total: 435409 ns
[2020-09-11T15:39:49.785+0000][1][safepoint    ] Safepoint "RevokeBias", Time since last: 98054 ns, Reaching safepoint: 97990 ns, At safepoint: 5644 ns, Total: 103634 ns
[2020-09-11T15:39:49.807+0000][1][safepoint    ] Safepoint "RevokeBias", Time since last: 21548847 ns, Reaching safepoint: 136281 ns, At safepoint: 38267 ns, Total: 174548 ns
[2020-09-11T15:39:49.976+0000][1][safepoint    ] Safepoint "Deoptimize", Time since last: 167769272 ns, Reaching safepoint: 146165 ns, At safepoint: 469103 ns, Total: 615268 ns
[2020-09-11T15:39:50.018+0000][1][safepoint    ] Safepoint "RevokeBias", Time since last: 42543112 ns, Reaching safepoint: 143117 ns, At safepoint: 18800 ns, Total: 161917 ns
[2020-09-11T15:39:50.038+0000][1][safepoint    ] Safepoint "RevokeBias", Time since last: 12831887 ns, Reaching safepoint: 6837770 ns, At safepoint: 24109 ns, Total: 6861879 ns
[2020-09-11T15:39:50.093+0000][1][safepoint    ] Safepoint "RevokeBias", Time since last: 54940348 ns, Reaching safepoint: 142103 ns, At safepoint: 10774 ns, Total: 152877 ns
[2020-09-11T15:39:50.094+0000][1][safepoint    ] Safepoint "RevokeBias", Time since last: 446770 ns, Reaching safepoint: 103312 ns, At safepoint: 41040 ns, Total: 144352 ns
[2020-09-11T15:39:50.121+0000][1][safepoint    ] Safepoint "BulkRevokeBias", Time since last: 18920647 ns, Reaching safepoint: 8317747 ns, At safepoint: 255464 ns, Total: 8573211 ns
[2020-09-11T15:39:50.129+0000][1][safepoint    ] Safepoint "RevokeBias", Time since last: 8169639 ns, Reaching safepoint: 132693 ns, At safepoint: 10156 ns, Total: 142849 ns
[2020-09-11T15:39:50.130+0000][1][safepoint    ] Safepoint "RevokeBias", Time since last: 581979 ns, Reaching safepoint: 104161 ns, At safepoint: 73773 ns, Total: 177934 ns
[2020-09-11T15:39:50.161+0000][1][safepoint    ] Safepoint "RevokeBias", Time since last: 30611788 ns, Reaching safepoint: 150125 ns, At safepoint: 10158 ns, Total: 160283 ns
[2020-09-11T15:39:50.739+0000][1][safepoint    ] Safepoint "RevokeBias", Time since last: 577670614 ns, Reaching safepoint: 160329 ns, At safepoint: 20553 ns, Total: 180882 ns
[2020-09-11T15:39:50.835+0000][1][safepoint    ] Safepoint "RevokeBias", Time since last: 81875909 ns, Reaching safepoint: 14702293 ns, At safepoint: 55945 ns, Total: 14758238 ns
[2020-09-11T15:39:50.912+0000][1][safepoint    ] Safepoint "RevokeBias", Time since last: 76648245 ns, Reaching safepoint: 160030 ns, At safepoint: 52961 ns, Total: 212991 ns
[2020-09-11T15:39:50.990+0000][1][safepoint    ] Safepoint "RevokeBias", Time since last: 62976023 ns, Reaching safepoint: 14666175 ns, At safepoint: 21029 ns, Total: 14687204 ns
[2020-09-11T15:39:51.006+0000][1][safepoint    ] Safepoint "RevokeBias", Time since last: 15635357 ns, Reaching safepoint: 230799 ns, At safepoint: 15670 ns, Total: 246469 ns
[2020-09-11T15:39:51.083+0000][1][safepoint    ] Safepoint "RevokeBias", Time since last: 77394977 ns, Reaching safepoint: 226678 ns, At safepoint: 34718 ns, Total: 261396 ns
[2020-09-11T15:39:51.186+0000][1][gc,start     ] GC(67) Pause Young (Allocation Failure)
[2020-09-11T15:39:51.186+0000][1][gc,task      ] GC(67) Using 1 workers of 1 for evacuation
[2020-09-11T15:39:51.399+0000][1][gc,age       ] GC(67) Desired survivor size 4358144 bytes, new threshold 3 (max threshold 6)
[2020-09-11T15:39:51.399+0000][1][gc,age       ] GC(67) Age table with threshold 3 (max threshold 6)
[2020-09-11T15:39:51.399+0000][1][gc,age       ] GC(67) - age   1:    1744264 bytes,    1744264 total
[2020-09-11T15:39:51.399+0000][1][gc,age       ] GC(67) - age   2:    1040536 bytes,    2784800 total
[2020-09-11T15:39:51.399+0000][1][gc,age       ] GC(67) - age   3:    1740752 bytes,    4525552 total
[2020-09-11T15:39:51.399+0000][1][gc,heap      ] GC(67) ParNew: 73625K->4941K(76672K)
[2020-09-11T15:39:51.399+0000][1][gc,heap      ] GC(67) CMS: 95342K->95342K(2011968K)
[2020-09-11T15:39:51.399+0000][1][gc,metaspace ] GC(67) Metaspace: 77229K->77229K(1120256K)
[2020-09-11T15:39:51.399+0000][1][gc           ] GC(67) Pause Young (Allocation Failure) 165M->97M(2039M) 213.469ms
[2020-09-11T15:39:51.399+0000][1][gc,cpu       ] GC(67) User=0.05s Sys=0.00s Real=0.21s
[2020-09-11T15:39:51.473+0000][1][safepoint    ] Safepoint "GenCollectForAllocation", Time since last: 102207694 ns, Reaching safepoint: 232732 ns, At safepoint: 286858870 ns, Total: 287091602 ns
[2020-09-11T15:39:51.520+0000][1][safepoint    ] Safepoint "RevokeBias", Time since last: 46981360 ns, Reaching safepoint: 304569 ns, At safepoint: 11593 ns, Total: 316162 ns
[2020-09-11T15:39:51.657+0000][1][safepoint    ] Safepoint "RevokeBias", Time since last: 133718954 ns, Reaching safepoint: 3666125 ns, At safepoint: 13728 ns, Total: 3679853 ns
[2020-09-11T15:39:51.790+0000][1][safepoint    ] Safepoint "RevokeBias", Time since last: 131856178 ns, Reaching safepoint: 164154 ns, At safepoint: 9520 ns, Total: 173674 ns
[2020-09-11T15:39:51.905+0000][1][safepoint    ] Safepoint "RevokeBias", Time since last: 107915995 ns, Reaching safepoint: 7439014 ns, At safepoint: 45949 ns, Total: 7484963 ns
[2020-09-11T15:39:51.913+0000][1][safepoint    ] Safepoint "RevokeBias", Time since last: 7846246 ns, Reaching safepoint: 377759 ns, At safepoint: 31413 ns, Total: 409172 ns
[2020-09-11T15:39:51.939+0000][1][safepoint    ] Safepoint "RevokeBias", Time since last: 20497978 ns, Reaching safepoint: 5617705 ns, At safepoint: 33436 ns, Total: 5651141 ns
[2020-09-11T15:39:51.943+0000][1][safepoint    ] Safepoint "RevokeBias", Time since last: 610166 ns, Reaching safepoint: 2575776 ns, At safepoint: 29390 ns, Total: 2605166 ns
[2020-09-11T15:39:51.943+0000][1][safepoint    ] Safepoint "RevokeBias", Time since last: 560320 ns, Reaching safepoint: 115587 ns, At safepoint: 19128 ns, Total: 134715 ns
[2020-09-11T15:39:52.005+0000][1][safepoint    ] Safepoint "RevokeBias", Time since last: 61538970 ns, Reaching safepoint: 163700 ns, At safepoint: 20305 ns, Total: 184005 ns
[2020-09-11T15:39:52.046+0000][1][safepoint    ] Safepoint "RevokeBias", Time since last: 39931275 ns, Reaching safepoint: 706991 ns, At safepoint: 35847 ns, Total: 742838 ns
[2020-09-11T15:39:52.115+0000][1][safepoint    ] Safepoint "RevokeBias", Time since last: 67750601 ns, Reaching safepoint: 1367709 ns, At safepoint: 35964 ns, Total: 1403673 ns
[2020-09-11T15:39:53.118+0000][1][safepoint    ] Safepoint "Cleanup", Time since last: 1003405814 ns, Reaching safepoint: 73936 ns, At safepoint: 4809 ns, Total: 78745 ns
[2020-09-11T15:39:53.493+0000][1][safepoint    ] Safepoint "RevokeBias", Time since last: 374536077 ns, Reaching safepoint: 69701 ns, At safepoint: 11057 ns, Total: 80758 ns
[2020-09-11T15:39:53.685+0000][1][safepoint    ] Safepoint "RevokeBias", Time since last: 191916603 ns, Reaching safepoint: 143270 ns, At safepoint: 10903 ns, Total: 154173 ns
[2020-09-11T15:39:53.686+0000][1][safepoint    ] Safepoint "BulkRevokeBias", Time since last: 293981 ns, Reaching safepoint: 121309 ns, At safepoint: 204517 ns, Total: 325826 ns
[2020-09-11T15:39:53.686+0000][1][safepoint    ] Safepoint "RevokeBias", Time since last: 189692 ns, Reaching safepoint: 114539 ns, At safepoint: 7285 ns, Total: 121824 ns
[2020-09-11T15:39:53.687+0000][1][safepoint    ] Safepoint "RevokeBias", Time since last: 1077345 ns, Reaching safepoint: 113089 ns, At safepoint: 7409 ns, Total: 120498 ns
[2020-09-11T15:39:53.924+0000][1][safepoint    ] Safepoint "Deoptimize", Time since last: 235834817 ns, Reaching safepoint: 134468 ns, At safepoint: 454058 ns, Total: 588526 ns
[2020-09-11T15:39:54.189+0000][1][safepoint    ] Safepoint "RevokeBias", Time since last: 265336146 ns, Reaching safepoint: 158204 ns, At safepoint: 11000 ns, Total: 169204 ns
[2020-09-11T15:39:54.189+0000][1][safepoint    ] Safepoint "RevokeBias", Time since last: 269806 ns, Reaching safepoint: 47501 ns, At safepoint: 7509 ns, Total: 55010 ns
[2020-09-11T15:39:54.244+0000][1][safepoint    ] Safepoint "RevokeBias", Time since last: 54252729 ns, Reaching safepoint: 142169 ns, At safepoint: 11516 ns, Total: 153685 ns
[2020-09-11T15:39:54.244+0000][1][safepoint    ] Safepoint "RevokeBias", Time since last: 274432 ns, Reaching safepoint: 122941 ns, At safepoint: 8133 ns, Total: 131074 ns
[2020-09-11T15:39:54.285+0000][1][safepoint    ] Safepoint "RevokeBias", Time since last: 40614623 ns, Reaching safepoint: 144795 ns, At safepoint: 11817 ns, Total: 156612 ns
[2020-09-11T15:39:54.489+0000][1][safepoint    ] Safepoint "RevokeBias", Time since last: 203914250 ns, Reaching safepoint: 211506 ns, At safepoint: 9567 ns, Total: 221073 ns
[2020-09-11T15:39:54.561+0000][1][safepoint    ] Safepoint "RevokeBias", Time since last: 71725949 ns, Reaching safepoint: 163239 ns, At safepoint: 10161 ns, Total: 173400 ns
[2020-09-11T15:39:54.562+0000][1][safepoint    ] Safepoint "RevokeBias", Time since last: 795576 ns, Reaching safepoint: 31637 ns, At safepoint: 5604 ns, Total: 37241 ns
[2020-09-11T15:39:54.585+0000][1][safepoint    ] Safepoint "RevokeBias", Time since last: 23334008 ns, Reaching safepoint: 129228 ns, At safepoint: 10195 ns, Total: 139423 ns
[2020-09-11T15:39:54.588+0000][1][safepoint    ] Safepoint "RevokeBias", Time since last: 2883274 ns, Reaching safepoint: 122058 ns, At safepoint: 8064 ns, Total: 130122 ns
[2020-09-11T15:39:55.593+0000][1][safepoint    ] Safepoint "Cleanup", Time since last: 1004501534 ns, Reaching safepoint: 88737 ns, At safepoint: 8572 ns, Total: 97309 ns
[2020-09-11T15:39:56.462+0000][1][safepoint    ] Safepoint "RevokeBias", Time since last: 868595754 ns, Reaching safepoint: 130633 ns, At safepoint: 24130 ns, Total: 154763 ns
[2020-09-11T15:39:56.470+0000][1][safepoint    ] Safepoint "RevokeBias", Time since last: 7925089 ns, Reaching safepoint: 134760 ns, At safepoint: 16343 ns, Total: 151103 ns
[2020-09-11T15:39:56.474+0000][1][safepoint    ] Safepoint "RevokeBias", Time since last: 4161250 ns, Reaching safepoint: 153273 ns, At safepoint: 22629 ns, Total: 175902 ns
[2020-09-11T15:39:56.502+0000][1][safepoint    ] Safepoint "BulkRevokeBias", Time since last: 26743055 ns, Reaching safepoint: 333324 ns, At safepoint: 402061 ns, Total: 735385 ns
[2020-09-11T15:39:56.503+0000][1][safepoint    ] Safepoint "RevokeBias", Time since last: 1126445 ns, Reaching safepoint: 209427 ns, At safepoint: 9053 ns, Total: 218480 ns
[2020-09-11T15:39:56.510+0000][1][safepoint    ] Safepoint "Deoptimize", Time since last: 6297417 ns, Reaching safepoint: 223730 ns, At safepoint: 537215 ns, Total: 760945 ns
[2020-09-11T15:39:56.526+0000][1][safepoint    ] Safepoint "RevokeBias", Time since last: 15815587 ns, Reaching safepoint: 152941 ns, At safepoint: 18676 ns, Total: 171617 ns
[2020-09-11T15:39:56.551+0000][1][safepoint    ] Safepoint "RevokeBias", Time since last: 23301937 ns, Reaching safepoint: 1846264 ns, At safepoint: 18889 ns, Total: 1865153 ns
[2020-09-11T15:39:56.565+0000][1][safepoint    ] Safepoint "RevokeBias", Time since last: 13705208 ns, Reaching safepoint: 300415 ns, At safepoint: 13479 ns, Total: 313894 ns
[2020-09-11T15:39:56.575+0000][1][safepoint    ] Safepoint "RevokeBias", Time since last: 9325152 ns, Reaching safepoint: 162090 ns, At safepoint: 11081 ns, Total: 173171 ns
[2020-09-11T15:39:56.575+0000][1][safepoint    ] Safepoint "RevokeBias", Time since last: 235504 ns, Reaching safepoint: 137954 ns, At safepoint: 8991 ns, Total: 146945 ns
[2020-09-11T15:39:56.575+0000][1][safepoint    ] Safepoint "RevokeBias", Time since last: 209932 ns, Reaching safepoint: 187709 ns, At safepoint: 9191 ns, Total: 196900 ns
[2020-09-11T15:39:56.576+0000][1][safepoint    ] Safepoint "RevokeBias", Time since last: 163157 ns, Reaching safepoint: 117404 ns, At safepoint: 8601 ns, Total: 126005 ns
[2020-09-11T15:39:56.577+0000][1][safepoint    ] Safepoint "RevokeBias", Time since last: 654082 ns, Reaching safepoint: 473913 ns, At safepoint: 9592 ns, Total: 483505 ns
[2020-09-11T15:39:56.581+0000][1][safepoint    ] Safepoint "RevokeBias", Time since last: 261759 ns, Reaching safepoint: 3755390 ns, At safepoint: 15074 ns, Total: 3770464 ns
[2020-09-11T15:39:56.585+0000][1][safepoint    ] Safepoint "RevokeBias", Time since last: 4381776 ns, Reaching safepoint: 147304 ns, At safepoint: 10598 ns, Total: 157902 ns
[2020-09-11T15:39:56.652+0000][1][safepoint    ] Safepoint "RevokeBias", Time since last: 66751532 ns, Reaching safepoint: 175810 ns, At safepoint: 182974 ns, Total: 358784 ns
[2020-09-11T15:39:56.703+0000][1][safepoint    ] Safepoint "RevokeBias", Time since last: 50159775 ns, Reaching safepoint: 708790 ns, At safepoint: 17922 ns, Total: 726712 ns
[2020-09-11T15:39:56.713+0000][1][safepoint    ] Safepoint "RevokeBias", Time since last: 9396044 ns, Reaching safepoint: 282338 ns, At safepoint: 25493 ns, Total: 307831 ns
[2020-09-11T15:39:56.757+0000][1][safepoint    ] Safepoint "RevokeBias", Time since last: 43847967 ns, Reaching safepoint: 144386 ns, At safepoint: 18661 ns, Total: 163047 ns
[2020-09-11T15:39:57.757+0000][1][safepoint    ] Safepoint "Cleanup", Time since last: 1000107516 ns, Reaching safepoint: 94042 ns, At safepoint: 11308 ns, Total: 105350 ns
[2020-09-11T15:39:58.758+0000][1][safepoint    ] Safepoint "Cleanup", Time since last: 1000117573 ns, Reaching safepoint: 81789 ns, At safepoint: 7028 ns, Total: 88817 ns
[2020-09-11T15:39:59.758+0000][1][safepoint    ] Safepoint "Cleanup", Time since last: 1000116064 ns, Reaching safepoint: 88619 ns, At safepoint: 7515 ns, Total: 96134 ns
[2020-09-11T15:40:00.758+0000][1][safepoint    ] Safepoint "Cleanup", Time since last: 1000108365 ns, Reaching safepoint: 158168 ns, At safepoint: 9110 ns, Total: 167278 ns
[2020-09-11T15:40:00.869+0000][1][safepoint    ] Safepoint "RevokeBias", Time since last: 109219913 ns, Reaching safepoint: 1617507 ns, At safepoint: 11749 ns, Total: 1629256 ns
[2020-09-11T15:40:01.085+0000][1][safepoint    ] Safepoint "RevokeBias", Time since last: 215948462 ns, Reaching safepoint: 149391 ns, At safepoint: 11230 ns, Total: 160621 ns
[2020-09-11T15:40:01.086+0000][1][safepoint    ] Safepoint "RevokeBias", Time since last: 267462 ns, Reaching safepoint: 639563 ns, At safepoint: 7474 ns, Total: 647037 ns
[2020-09-11T15:40:01.414+0000][1][gc,start     ] GC(68) Pause Young (Allocation Failure)
[2020-09-11T15:40:01.414+0000][1][gc,task      ] GC(68) Using 1 workers of 1 for evacuation
[2020-09-11T15:40:01.543+0000][1][gc,age       ] GC(68) Desired survivor size 4358144 bytes, new threshold 6 (max threshold 6)
[2020-09-11T15:40:01.543+0000][1][gc,age       ] GC(68) Age table with threshold 6 (max threshold 6)
[2020-09-11T15:40:01.543+0000][1][gc,age       ] GC(68) - age   1:    1774864 bytes,    1774864 total
[2020-09-11T15:40:01.543+0000][1][gc,age       ] GC(68) - age   2:    1433656 bytes,    3208520 total
[2020-09-11T15:40:01.543+0000][1][gc,age       ] GC(68) - age   3:    1039744 bytes,    4248264 total
[2020-09-11T15:40:01.543+0000][1][gc,heap      ] GC(68) ParNew: 73101K->7864K(76672K)
[2020-09-11T15:40:01.543+0000][1][gc,heap      ] GC(68) CMS: 95342K->97070K(2011968K)
[2020-09-11T15:40:01.543+0000][1][gc,metaspace ] GC(68) Metaspace: 81905K->81905K(1124352K)
[2020-09-11T15:40:01.543+0000][1][gc           ] GC(68) Pause Young (Allocation Failure) 164M->102M(2039M) 128.876ms
[2020-09-11T15:40:01.543+0000][1][gc,cpu       ] GC(68) User=0.03s Sys=0.00s Real=0.13s
[2020-09-11T15:40:01.552+0000][1][safepoint    ] Safepoint "GenCollectForAllocation", Time since last: 328325174 ns, Reaching safepoint: 175927 ns, At safepoint: 137886035 ns, Total: 138061962 ns
[2020-09-11T15:40:01.664+0000][1][safepoint    ] Safepoint "RevokeBias", Time since last: 108536670 ns, Reaching safepoint: 3383460 ns, At safepoint: 37736 ns, Total: 3421196 ns
[2020-09-11T15:40:01.665+0000][1][safepoint    ] Safepoint "RevokeBias", Time since last: 81940 ns, Reaching safepoint: 506664 ns, At safepoint: 23076 ns, Total: 529740 ns
[2020-09-11T15:40:01.701+0000][1][safepoint    ] Safepoint "RevokeBias", Time since last: 35483956 ns, Reaching safepoint: 525205 ns, At safepoint: 26789 ns, Total: 551994 ns
[2020-09-11T15:40:01.718+0000][1][safepoint    ] Safepoint "Deoptimize", Time since last: 16073995 ns, Reaching safepoint: 171328 ns, At safepoint: 492087 ns, Total: 663415 ns
[2020-09-11T15:40:01.743+0000][1][safepoint    ] Safepoint "RevokeBias", Time since last: 18914030 ns, Reaching safepoint: 6084111 ns, At safepoint: 42202 ns, Total: 6126313 ns
[2020-09-11T15:40:01.751+0000][1][safepoint    ] Safepoint "RevokeBias", Time since last: 6871023 ns, Reaching safepoint: 983799 ns, At safepoint: 59767 ns, Total: 1043566 ns
[2020-09-11T15:40:01.934+0000][1][safepoint    ] Safepoint "RevokeBias", Time since last: 182547869 ns, Reaching safepoint: 907243 ns, At safepoint: 21447 ns, Total: 928690 ns
[2020-09-11T15:40:01.941+0000][1][safepoint    ] Safepoint "RevokeBias", Time since last: 294338 ns, Reaching safepoint: 6525084 ns, At safepoint: 29558 ns, Total: 6554642 ns
[2020-09-11T15:40:02.205+0000][1][safepoint    ] Safepoint "RevokeBias", Time since last: 264043526 ns, Reaching safepoint: 77681 ns, At safepoint: 17014 ns, Total: 94695 ns
[2020-09-11T15:40:02.782+0000][1][safepoint    ] Safepoint "RevokeBias", Time since last: 576896718 ns, Reaching safepoint: 158975 ns, At safepoint: 17808 ns, Total: 176783 ns
[2020-09-11T15:40:02.793+0000][1][safepoint    ] Safepoint "RevokeBias", Time since last: 10926490 ns, Reaching safepoint: 135117 ns, At safepoint: 18087 ns, Total: 153204 ns
[2020-09-11T15:40:02.946+0000][1][safepoint    ] Safepoint "RevokeBias", Time since last: 152789041 ns, Reaching safepoint: 58467 ns, At safepoint: 19702 ns, Total: 78169 ns
[2020-09-11T15:40:02.949+0000][1][safepoint    ] Safepoint "RevokeBias", Time since last: 2781733 ns, Reaching safepoint: 62270 ns, At safepoint: 18291 ns, Total: 80561 ns
[2020-09-11T15:40:03.211+0000][1][safepoint    ] Safepoint "RevokeBias", Time since last: 262255567 ns, Reaching safepoint: 74769 ns, At safepoint: 21187 ns, Total: 95956 ns
[2020-09-11T15:40:03.211+0000][1][safepoint    ] Safepoint "RevokeBias", Time since last: 90857 ns, Reaching safepoint: 24995 ns, At safepoint: 10988 ns, Total: 35983 ns
[2020-09-11T15:40:03.583+0000][1][safepoint    ] Safepoint "RevokeBias", Time since last: 371945043 ns, Reaching safepoint: 74164 ns, At safepoint: 16885 ns, Total: 91049 ns
[2020-09-11T15:40:03.584+0000][1][safepoint    ] Safepoint "RevokeBias", Time since last: 73443 ns, Reaching safepoint: 25981 ns, At safepoint: 10227 ns, Total: 36208 ns
[2020-09-11T15:40:03.666+0000][1][safepoint    ] Safepoint "RevokeBias", Time since last: 82554544 ns, Reaching safepoint: 158846 ns, At safepoint: 38001 ns, Total: 196847 ns
[2020-09-11T15:40:03.681+0000][1][safepoint    ] Safepoint "RevokeBias", Time since last: 14586620 ns, Reaching safepoint: 203204 ns, At safepoint: 19717 ns, Total: 222921 ns
[2020-09-11T15:40:04.683+0000][1][safepoint    ] Safepoint "Cleanup", Time since last: 1001300751 ns, Reaching safepoint: 191819 ns, At safepoint: 9872 ns, Total: 201691 ns
[2020-09-11T15:40:04.762+0000][1][safepoint    ] Safepoint "RevokeBias", Time since last: 78170416 ns, Reaching safepoint: 935111 ns, At safepoint: 50532 ns, Total: 985643 ns
[2020-09-11T15:40:04.788+0000][1][safepoint    ] Safepoint "RevokeBias", Time since last: 26142846 ns, Reaching safepoint: 150923 ns, At safepoint: 19357 ns, Total: 170280 ns
[2020-09-11T15:40:04.888+0000][1][safepoint    ] Safepoint "RevokeBias", Time since last: 98586336 ns, Reaching safepoint: 1486071 ns, At safepoint: 28686 ns, Total: 1514757 ns
[2020-09-11T15:40:04.932+0000][1][safepoint    ] Safepoint "RevokeBias", Time since last: 41905087 ns, Reaching safepoint: 2297643 ns, At safepoint: 28256 ns, Total: 2325899 ns
[2020-09-11T15:40:05.002+0000][1][safepoint    ] Safepoint "RevokeBias", Time since last: 55161832 ns, Reaching safepoint: 14795639 ns, At safepoint: 73811 ns, Total: 14869450 ns
[2020-09-11T15:40:05.049+0000][1][safepoint    ] Safepoint "RevokeBias", Time since last: 44889679 ns, Reaching safepoint: 1587182 ns, At safepoint: 25938 ns, Total: 1613120 ns
[2020-09-11T15:40:05.116+0000][1][safepoint    ] Safepoint "RevokeBias", Time since last: 67111499 ns, Reaching safepoint: 160311 ns, At safepoint: 21205 ns, Total: 181516 ns
[2020-09-11T15:40:05.128+0000][1][safepoint    ] Safepoint "RevokeBias", Time since last: 11350552 ns, Reaching safepoint: 260256 ns, At safepoint: 20018 ns, Total: 280274 ns
[2020-09-11T15:40:05.128+0000][1][safepoint    ] Safepoint "RevokeBias", Time since last: 152122 ns, Reaching safepoint: 110903 ns, At safepoint: 55474 ns, Total: 166377 ns
[2020-09-11T15:40:05.128+0000][1][safepoint    ] Safepoint "RevokeBias", Time since last: 104039 ns, Reaching safepoint: 110290 ns, At safepoint: 15941 ns, Total: 126231 ns
[2020-09-11T15:40:05.338+0000][1][safepoint    ] Safepoint "RevokeBias", Time since last: 209098112 ns, Reaching safepoint: 352846 ns, At safepoint: 34462 ns, Total: 387308 ns
[2020-09-11T15:40:05.355+0000][1][safepoint    ] Safepoint "RevokeBias", Time since last: 17244396 ns, Reaching safepoint: 161945 ns, At safepoint: 63809 ns, Total: 225754 ns
[2020-09-11T15:40:05.432+0000][1][safepoint    ] Safepoint "RevokeBias", Time since last: 76758608 ns, Reaching safepoint: 161757 ns, At safepoint: 34626 ns, Total: 196383 ns
[2020-09-11T15:40:05.470+0000][1][safepoint    ] Safepoint "RevokeBias", Time since last: 37101014 ns, Reaching safepoint: 287788 ns, At safepoint: 38405 ns, Total: 326193 ns
[2020-09-11T15:40:05.527+0000][1][safepoint    ] Safepoint "RevokeBias", Time since last: 56651059 ns, Reaching safepoint: 157062 ns, At safepoint: 46029 ns, Total: 203091 ns
[2020-09-11T15:40:05.574+0000][1][safepoint    ] Safepoint "RevokeBias", Time since last: 47105490 ns, Reaching safepoint: 161746 ns, At safepoint: 27387 ns, Total: 189133 ns
[2020-09-11T15:40:05.725+0000][1][safepoint    ] Safepoint "RevokeBias", Time since last: 150690839 ns, Reaching safepoint: 190061 ns, At safepoint: 28370 ns, Total: 218431 ns
[2020-09-11T15:40:05.769+0000][1][safepoint    ] Safepoint "RevokeBias", Time since last: 38532231 ns, Reaching safepoint: 5536282 ns, At safepoint: 38231 ns, Total: 5574513 ns
[2020-09-11T15:40:06.707+0000][1][safepoint    ] Safepoint "RevokeBias", Time since last: 938206538 ns, Reaching safepoint: 166897 ns, At safepoint: 22950 ns, Total: 189847 ns
[2020-09-11T15:40:06.708+0000][1][safepoint    ] Safepoint "RevokeBias", Time since last: 722789 ns, Reaching safepoint: 108525 ns, At safepoint: 15639 ns, Total: 124164 ns
[2020-09-11T15:40:06.716+0000][1][safepoint    ] Safepoint "RevokeBias", Time since last: 8089851 ns, Reaching safepoint: 149198 ns, At safepoint: 21629 ns, Total: 170827 ns
[2020-09-11T15:40:06.784+0000][1][safepoint    ] Safepoint "RevokeBias", Time since last: 66372986 ns, Reaching safepoint: 1116144 ns, At safepoint: 24992 ns, Total: 1141136 ns
[2020-09-11T15:40:06.925+0000][1][safepoint    ] Safepoint "RevokeBias", Time since last: 140870602 ns, Reaching safepoint: 152704 ns, At safepoint: 23102 ns, Total: 175806 ns
[2020-09-11T15:40:06.956+0000][1][safepoint    ] Safepoint "RevokeBias", Time since last: 30017876 ns, Reaching safepoint: 1380009 ns, At safepoint: 26915 ns, Total: 1406924 ns
[2020-09-11T15:40:07.032+0000][1][gc,start     ] GC(69) Pause Young (Allocation Failure)
[2020-09-11T15:40:07.032+0000][1][gc,task      ] GC(69) Using 1 workers of 1 for evacuation
[2020-09-11T15:40:07.253+0000][1][gc,age       ] GC(69) Desired survivor size 4358144 bytes, new threshold 3 (max threshold 6)
[2020-09-11T15:40:07.253+0000][1][gc,age       ] GC(69) Age table with threshold 3 (max threshold 6)
[2020-09-11T15:40:07.253+0000][1][gc,age       ] GC(69) - age   1:    1748152 bytes,    1748152 total
[2020-09-11T15:40:07.253+0000][1][gc,age       ] GC(69) - age   2:    1596432 bytes,    3344584 total
[2020-09-11T15:40:07.253+0000][1][gc,age       ] GC(69) - age   3:    1346960 bytes,    4691544 total
[2020-09-11T15:40:07.253+0000][1][gc,age       ] GC(69) - age   4:    1032240 bytes,    5723784 total
[2020-09-11T15:40:07.253+0000][1][gc,heap      ] GC(69) ParNew: 76024K->7616K(76672K)
[2020-09-11T15:40:07.253+0000][1][gc,heap      ] GC(69) CMS: 97070K->97070K(2011968K)
[2020-09-11T15:40:07.253+0000][1][gc,metaspace ] GC(69) Metaspace: 84643K->84643K(1126400K)
[2020-09-11T15:40:07.254+0000][1][gc           ] GC(69) Pause Young (Allocation Failure) 169M->102M(2039M) 221.365ms
[2020-09-11T15:40:07.254+0000][1][gc,cpu       ] GC(69) User=0.04s Sys=0.00s Real=0.23s
[2020-09-11T15:40:07.297+0000][1][safepoint    ] Safepoint "GenCollectForAllocation", Time since last: 75578590 ns, Reaching safepoint: 163478 ns, At safepoint: 264650536 ns, Total: 264814014 ns
[2020-09-11T15:40:07.334+0000][1][safepoint    ] Safepoint "RevokeBias", Time since last: 718849 ns, Reaching safepoint: 14913489 ns, At safepoint: 21276057 ns, Total: 36189546 ns
[2020-09-11T15:40:07.365+0000][1][safepoint    ] Safepoint "RevokeBias", Time since last: 27372869 ns, Reaching safepoint: 3789263 ns, At safepoint: 110584 ns, Total: 3899847 ns
[2020-09-11T15:40:07.401+0000][1][safepoint    ] Safepoint "RevokeBias", Time since last: 36133371 ns, Reaching safepoint: 159735 ns, At safepoint: 46533 ns, Total: 206268 ns
[2020-09-11T15:40:07.410+0000][1][safepoint    ] Safepoint "RevokeBias", Time since last: 8626836 ns, Reaching safepoint: 161677 ns, At safepoint: 89230 ns, Total: 250907 ns
[2020-09-11T15:40:07.479+0000][1][safepoint    ] Safepoint "RevokeBias", Time since last: 57699675 ns, Reaching safepoint: 11504962 ns, At safepoint: 48721 ns, Total: 11553683 ns
[2020-09-11T15:40:07.481+0000][1][safepoint    ] Safepoint "RevokeBias", Time since last: 815430 ns, Reaching safepoint: 575068 ns, At safepoint: 76883 ns, Total: 651951 ns
[2020-09-11T15:40:07.690+0000][1][safepoint    ] Safepoint "RevokeBias", Time since last: 200564918 ns, Reaching safepoint: 8470622 ns, At safepoint: 31307 ns, Total: 8501929 ns
[2020-09-11T15:40:08.526+0000][1][safepoint    ] Safepoint "RevokeBias", Time since last: 835347141 ns, Reaching safepoint: 317210 ns, At safepoint: 22116 ns, Total: 339326 ns
[2020-09-11T15:40:08.533+0000][1][safepoint    ] Safepoint "RevokeBias", Time since last: 7132872 ns, Reaching safepoint: 154809 ns, At safepoint: 22969 ns, Total: 177778 ns
[2020-09-11T15:40:08.581+0000][1][safepoint    ] Safepoint "RevokeBias", Time since last: 47902115 ns, Reaching safepoint: 169456 ns, At safepoint: 51910 ns, Total: 221366 ns
[2020-09-11T15:40:08.602+0000][1][safepoint    ] Safepoint "RevokeBias", Time since last: 20795519 ns, Reaching safepoint: 157617 ns, At safepoint: 41105 ns, Total: 198722 ns
[2020-09-11T15:40:08.652+0000][1][safepoint    ] Safepoint "RevokeBias", Time since last: 44204573 ns, Reaching safepoint: 5922963 ns, At safepoint: 54104 ns, Total: 5977067 ns
[2020-09-11T15:40:08.893+0000][1][safepoint    ] Safepoint "RevokeBias", Time since last: 240700343 ns, Reaching safepoint: 282054 ns, At safepoint: 32339 ns, Total: 314393 ns
[2020-09-11T15:40:08.903+0000][1][safepoint    ] Safepoint "RevokeBias", Time since last: 9309891 ns, Reaching safepoint: 155142 ns, At safepoint: 23170 ns, Total: 178312 ns
[2020-09-11T15:40:09.204+0000][1][safepoint    ] Safepoint "RevokeBias", Time since last: 300969961 ns, Reaching safepoint: 168275 ns, At safepoint: 42909 ns, Total: 211184 ns
[2020-09-11T15:40:10.163+0000][1][safepoint    ] Safepoint "RevokeBias", Time since last: 959113767 ns, Reaching safepoint: 190173 ns, At safepoint: 38556 ns, Total: 228729 ns
[2020-09-11T15:40:10.164+0000][1][safepoint    ] Safepoint "RevokeBias", Time since last: 92174 ns, Reaching safepoint: 115958 ns, At safepoint: 31991 ns, Total: 147949 ns
[2020-09-11T15:40:10.164+0000][1][safepoint    ] Safepoint "RevokeBias", Time since last: 96269 ns, Reaching safepoint: 114827 ns, At safepoint: 22670 ns, Total: 137497 ns
[2020-09-11T15:40:10.440+0000][1][safepoint    ] Safepoint "RevokeBias", Time since last: 272527213 ns, Reaching safepoint: 3386978 ns, At safepoint: 51184 ns, Total: 3438162 ns
[2020-09-11T15:40:10.533+0000][1][safepoint    ] Safepoint "RevokeBias", Time since last: 92864309 ns, Reaching safepoint: 330172 ns, At safepoint: 51150 ns, Total: 381322 ns
[2020-09-11T15:40:10.719+0000][1][safepoint    ] Safepoint "RevokeBias", Time since last: 185720034 ns, Reaching safepoint: 189771 ns, At safepoint: 22153 ns, Total: 211924 ns
[2020-09-11T15:40:11.178+0000][1][safepoint    ] Safepoint "RevokeBias", Time since last: 459319816 ns, Reaching safepoint: 158168 ns, At safepoint: 23210 ns, Total: 181378 ns
[2020-09-11T15:40:11.405+0000][1][safepoint    ] Safepoint "RevokeBias", Time since last: 225595436 ns, Reaching safepoint: 1121542 ns, At safepoint: 24084 ns, Total: 1145626 ns
[2020-09-11T15:40:11.464+0000][1][safepoint    ] Safepoint "RevokeBias", Time since last: 58589058 ns, Reaching safepoint: 662578 ns, At safepoint: 25276 ns, Total: 687854 ns
[2020-09-11T15:40:11.579+0000][1][safepoint    ] Safepoint "RevokeBias", Time since last: 114317841 ns, Reaching safepoint: 157157 ns, At safepoint: 22756 ns, Total: 179913 ns
[2020-09-11T15:40:11.589+0000][1][safepoint    ] Safepoint "RevokeBias", Time since last: 270473 ns, Reaching safepoint: 9380959 ns, At safepoint: 30878 ns, Total: 9411837 ns
[2020-09-11T15:40:11.599+0000][1][safepoint    ] Safepoint "RevokeBias", Time since last: 10399288 ns, Reaching safepoint: 157509 ns, At safepoint: 25357 ns, Total: 182866 ns
[2020-09-11T15:40:11.599+0000][1][safepoint    ] Safepoint "RevokeBias", Time since last: 116714 ns, Reaching safepoint: 105727 ns, At safepoint: 14111 ns, Total: 119838 ns
[2020-09-11T15:40:11.646+0000][1][safepoint    ] Safepoint "RevokeBias", Time since last: 46760204 ns, Reaching safepoint: 167615 ns, At safepoint: 23471 ns, Total: 191086 ns
[2020-09-11T15:40:11.678+0000][1][safepoint    ] Safepoint "RevokeBias", Time since last: 22602483 ns, Reaching safepoint: 8947644 ns, At safepoint: 33542 ns, Total: 8981186 ns
[2020-09-11T15:40:11.690+0000][1][safepoint    ] Safepoint "RevokeBias", Time since last: 12274320 ns, Reaching safepoint: 153969 ns, At safepoint: 22733 ns, Total: 176702 ns
[2020-09-11T15:40:12.157+0000][1][safepoint    ] Safepoint "RevokeBias", Time since last: 463334859 ns, Reaching safepoint: 3103681 ns, At safepoint: 56147 ns, Total: 3159828 ns
[2020-09-11T15:40:12.174+0000][1][safepoint    ] Safepoint "RevokeBias", Time since last: 16766360 ns, Reaching safepoint: 255815 ns, At safepoint: 20406 ns, Total: 276221 ns
[2020-09-11T15:40:12.243+0000][1][safepoint    ] Safepoint "RevokeBias", Time since last: 68528186 ns, Reaching safepoint: 162835 ns, At safepoint: 56127 ns, Total: 218962 ns
[2020-09-11T15:40:12.365+0000][1][safepoint    ] Safepoint "RevokeBias", Time since last: 122561871 ns, Reaching safepoint: 92288 ns, At safepoint: 23760 ns, Total: 116048 ns
[2020-09-11T15:40:12.385+0000][1][safepoint    ] Safepoint "RevokeBias", Time since last: 19009038 ns, Reaching safepoint: 157453 ns, At safepoint: 19159 ns, Total: 176612 ns
[2020-09-11T15:40:12.656+0000][1][safepoint    ] Safepoint "RevokeBias", Time since last: 271367021 ns, Reaching safepoint: 310079 ns, At safepoint: 24466 ns, Total: 334545 ns
[2020-09-11T15:40:12.696+0000][1][safepoint    ] Safepoint "RevokeBias", Time since last: 39969500 ns, Reaching safepoint: 170187 ns, At safepoint: 22825 ns, Total: 193012 ns
[2020-09-11T15:40:12.697+0000][1][safepoint    ] Safepoint "RevokeBias", Time since last: 64895 ns, Reaching safepoint: 106028 ns, At safepoint: 22558 ns, Total: 128586 ns
[2020-09-11T15:40:12.697+0000][1][safepoint    ] Safepoint "RevokeBias", Time since last: 94447 ns, Reaching safepoint: 141740 ns, At safepoint: 13029 ns, Total: 154769 ns
[2020-09-11T15:40:12.792+0000][1][safepoint    ] Safepoint "RevokeBias", Time since last: 94369207 ns, Reaching safepoint: 646783 ns, At safepoint: 57586 ns, Total: 704369 ns
[2020-09-11T15:40:12.817+0000][1][safepoint    ] Safepoint "RevokeBias", Time since last: 24974192 ns, Reaching safepoint: 476155 ns, At safepoint: 24032 ns, Total: 500187 ns
[2020-09-11T15:40:12.819+0000][1][safepoint    ] Safepoint "RevokeBias", Time since last: 1063400 ns, Reaching safepoint: 130671 ns, At safepoint: 17415 ns, Total: 148086 ns
[2020-09-11T15:40:12.827+0000][1][safepoint    ] Safepoint "RevokeBias", Time since last: 8328454 ns, Reaching safepoint: 305520 ns, At safepoint: 22688 ns, Total: 328208 ns
[2020-09-11T15:40:12.958+0000][1][safepoint    ] Safepoint "RevokeBias", Time since last: 130038346 ns, Reaching safepoint: 162562 ns, At safepoint: 24483 ns, Total: 187045 ns
[2020-09-11T15:40:12.958+0000][1][safepoint    ] Safepoint "RevokeBias", Time since last: 149621 ns, Reaching safepoint: 109407 ns, At safepoint: 14761 ns, Total: 124168 ns
[2020-09-11T15:40:13.353+0000][1][gc,start     ] GC(70) Pause Young (Allocation Failure)
[2020-09-11T15:40:13.353+0000][1][gc,task      ] GC(70) Using 1 workers of 1 for evacuation
[2020-09-11T15:40:13.473+0000][1][gc,age       ] GC(70) Desired survivor size 4358144 bytes, new threshold 3 (max threshold 6)
[2020-09-11T15:40:13.473+0000][1][gc,age       ] GC(70) Age table with threshold 3 (max threshold 6)
[2020-09-11T15:40:13.473+0000][1][gc,age       ] GC(70) - age   1:    1412040 bytes,    1412040 total
[2020-09-11T15:40:13.473+0000][1][gc,age       ] GC(70) - age   2:    1451744 bytes,    2863784 total
[2020-09-11T15:40:13.473+0000][1][gc,age       ] GC(70) - age   3:    1563096 bytes,    4426880 total
[2020-09-11T15:40:13.473+0000][1][gc,heap      ] GC(70) ParNew: 75776K->4826K(76672K)
[2020-09-11T15:40:13.473+0000][1][gc,heap      ] GC(70) CMS: 97070K->99420K(2011968K)
[2020-09-11T15:40:13.473+0000][1][gc,metaspace ] GC(70) Metaspace: 85945K->85945K(1128448K)
[2020-09-11T15:40:13.473+0000][1][gc           ] GC(70) Pause Young (Allocation Failure) 168M->101M(2039M) 120.032ms
[2020-09-11T15:40:13.473+0000][1][gc,cpu       ] GC(70) User=0.02s Sys=0.00s Real=0.12s
[2020-09-11T15:40:13.518+0000][1][safepoint    ] Safepoint "GenCollectForAllocation", Time since last: 394718800 ns, Reaching safepoint: 358271 ns, At safepoint: 164854769 ns, Total: 165213040 ns
[2020-09-11T15:40:13.534+0000][1][safepoint    ] Safepoint "RevokeBias", Time since last: 45973 ns, Reaching safepoint: 160997 ns, At safepoint: 16084630 ns, Total: 16245627 ns
[2020-09-11T15:40:13.717+0000][1][safepoint    ] Safepoint "Deoptimize", Time since last: 180647103 ns, Reaching safepoint: 2007682 ns, At safepoint: 634136 ns, Total: 2641818 ns
[2020-09-11T15:40:14.123+0000][1][safepoint    ] Safepoint "RevokeBias", Time since last: 400575945 ns, Reaching safepoint: 4498059 ns, At safepoint: 357588 ns, Total: 4855647 ns
[2020-09-11T15:40:14.173+0000][1][safepoint    ] Safepoint "RevokeBias", Time since last: 46155014 ns, Reaching safepoint: 3961078 ns, At safepoint: 28644 ns, Total: 3989722 ns
[2020-09-11T15:40:14.563+0000][1][safepoint    ] Safepoint "RevokeBias", Time since last: 389491295 ns, Reaching safepoint: 195061 ns, At safepoint: 22871 ns, Total: 217932 ns
[2020-09-11T15:40:14.573+0000][1][safepoint    ] Safepoint "RevokeBias", Time since last: 10360054 ns, Reaching safepoint: 164624 ns, At safepoint: 25182 ns, Total: 189806 ns
[2020-09-11T15:40:14.593+0000][1][safepoint    ] Safepoint "RevokeBias", Time since last: 16437630 ns, Reaching safepoint: 3287784 ns, At safepoint: 33226 ns, Total: 3321010 ns
[2020-09-11T15:40:14.616+0000][1][safepoint    ] Safepoint "RevokeBias", Time since last: 19947707 ns, Reaching safepoint: 3166716 ns, At safepoint: 37668 ns, Total: 3204384 ns
[2020-09-11T15:40:14.616+0000][1][safepoint    ] Safepoint "RevokeBias", Time since last: 124109 ns, Reaching safepoint: 191853 ns, At safepoint: 72898 ns, Total: 264751 ns
[2020-09-11T15:40:14.704+0000][1][safepoint    ] Safepoint "RevokeBias", Time since last: 78476306 ns, Reaching safepoint: 8751537 ns, At safepoint: 39653 ns, Total: 8791190 ns
[2020-09-11T15:40:14.786+0000][1][safepoint    ] Safepoint "RevokeBias", Time since last: 81624067 ns, Reaching safepoint: 157994 ns, At safepoint: 41561 ns, Total: 199555 ns
[2020-09-11T15:40:14.894+0000][1][safepoint    ] Safepoint "RevokeBias", Time since last: 107132013 ns, Reaching safepoint: 907103 ns, At safepoint: 49122 ns, Total: 956225 ns
[2020-09-11T15:40:14.919+0000][1][safepoint    ] Safepoint "RevokeBias", Time since last: 23189720 ns, Reaching safepoint: 2437397 ns, At safepoint: 86292 ns, Total: 2523689 ns
[2020-09-11T15:40:14.966+0000][1][safepoint    ] Safepoint "RevokeBias", Time since last: 46200450 ns, Reaching safepoint: 148660 ns, At safepoint: 22762 ns, Total: 171422 ns
[2020-09-11T15:40:15.045+0000][1][safepoint    ] Safepoint "RevokeBias", Time since last: 78851672 ns, Reaching safepoint: 157495 ns, At safepoint: 21387 ns, Total: 178882 ns
[2020-09-11T15:40:15.070+0000][1][safepoint    ] Safepoint "RevokeBias", Time since last: 24352174 ns, Reaching safepoint: 703732 ns, At safepoint: 22393 ns, Total: 726125 ns
[2020-09-11T15:40:15.095+0000][1][safepoint    ] Safepoint "RevokeBias", Time since last: 24512817 ns, Reaching safepoint: 162182 ns, At safepoint: 24399 ns, Total: 186581 ns
[2020-09-11T15:40:15.173+0000][1][gc,start     ] GC(71) Pause Young (Allocation Failure)
[2020-09-11T15:40:15.173+0000][1][gc,task      ] GC(71) Using 1 workers of 1 for evacuation
[2020-09-11T15:40:15.294+0000][1][gc,age       ] GC(71) Desired survivor size 4358144 bytes, new threshold 6 (max threshold 6)
[2020-09-11T15:40:15.294+0000][1][gc,age       ] GC(71) Age table with threshold 6 (max threshold 6)
[2020-09-11T15:40:15.294+0000][1][gc,age       ] GC(71) - age   1:     999664 bytes,     999664 total
[2020-09-11T15:40:15.294+0000][1][gc,age       ] GC(71) - age   2:    1243904 bytes,    2243568 total
[2020-09-11T15:40:15.294+0000][1][gc,age       ] GC(71) - age   3:    1437888 bytes,    3681456 total
[2020-09-11T15:40:15.294+0000][1][gc,heap      ] GC(71) ParNew: 72982K->4449K(76672K)
[2020-09-11T15:40:15.294+0000][1][gc,heap      ] GC(71) CMS: 99420K->100986K(2011968K)
[2020-09-11T15:40:15.294+0000][1][gc,metaspace ] GC(71) Metaspace: 86586K->86586K(1128448K)
[2020-09-11T15:40:15.294+0000][1][gc           ] GC(71) Pause Young (Allocation Failure) 168M->102M(2039M) 120.980ms
[2020-09-11T15:40:15.294+0000][1][gc,cpu       ] GC(71) User=0.03s Sys=0.00s Real=0.12s
[2020-09-11T15:40:15.335+0000][1][safepoint    ] Safepoint "GenCollectForAllocation", Time since last: 78290256 ns, Reaching safepoint: 98906 ns, At safepoint: 162095780 ns, Total: 162194686 ns
[2020-09-11T15:40:15.353+0000][1][safepoint    ] Safepoint "RevokeBias", Time since last: 17694431 ns, Reaching safepoint: 220129 ns, At safepoint: 35590 ns, Total: 255719 ns
[2020-09-11T15:40:15.353+0000][1][safepoint    ] Safepoint "RevokeBias", Time since last: 95425 ns, Reaching safepoint: 109261 ns, At safepoint: 20909 ns, Total: 130170 ns
[2020-09-11T15:40:15.353+0000][1][safepoint    ] Safepoint "RevokeBias", Time since last: 30107 ns, Reaching safepoint: 105917 ns, At safepoint: 20007 ns, Total: 125924 ns
[2020-09-11T15:40:15.353+0000][1][safepoint    ] Safepoint "RevokeBias", Time since last: 28646 ns, Reaching safepoint: 106280 ns, At safepoint: 19412 ns, Total: 125692 ns
[2020-09-11T15:40:15.354+0000][1][safepoint    ] Safepoint "RevokeBias", Time since last: 27661 ns, Reaching safepoint: 105417 ns, At safepoint: 19822 ns, Total: 125239 ns
[2020-09-11T15:40:15.354+0000][1][safepoint    ] Safepoint "RevokeBias", Time since last: 27154 ns, Reaching safepoint: 105303 ns, At safepoint: 19121 ns, Total: 124424 ns
[2020-09-11T15:40:15.355+0000][1][safepoint    ] Safepoint "RevokeBias", Time since last: 27273 ns, Reaching safepoint: 105117 ns, At safepoint: 600819 ns, Total: 705936 ns
[2020-09-11T15:40:15.355+0000][1][safepoint    ] Safepoint "RevokeBias", Time since last: 44105 ns, Reaching safepoint: 108162 ns, At safepoint: 550304 ns, Total: 658466 ns
[2020-09-11T15:40:15.361+0000][1][safepoint    ] Safepoint "RevokeBias", Time since last: 30844 ns, Reaching safepoint: 107403 ns, At safepoint: 5470842 ns, Total: 5578245 ns
[2020-09-11T15:40:15.369+0000][1][safepoint    ] Safepoint "RevokeBias", Time since last: 7983909 ns, Reaching safepoint: 157135 ns, At safepoint: 33868 ns, Total: 191003 ns
[2020-09-11T15:40:15.369+0000][1][safepoint    ] Safepoint "RevokeBias", Time since last: 102377 ns, Reaching safepoint: 106209 ns, At safepoint: 22080 ns, Total: 128289 ns
[2020-09-11T15:40:15.370+0000][1][safepoint    ] Safepoint "RevokeBias", Time since last: 180546 ns, Reaching safepoint: 105321 ns, At safepoint: 20214 ns, Total: 125535 ns
[2020-09-11T15:40:15.370+0000][1][safepoint    ] Safepoint "RevokeBias", Time since last: 48104 ns, Reaching safepoint: 103557 ns, At safepoint: 20297 ns, Total: 123854 ns
[2020-09-11T15:40:15.377+0000][1][safepoint    ] Safepoint "BulkRevokeBias", Time since last: 5634720 ns, Reaching safepoint: 83093 ns, At safepoint: 1345702 ns, Total: 1428795 ns
[2020-09-11T15:40:15.385+0000][1][safepoint    ] Safepoint "RevokeBias", Time since last: 6904187 ns, Reaching safepoint: 88093 ns, At safepoint: 1136549 ns, Total: 1224642 ns
[2020-09-11T15:40:15.385+0000][1][safepoint    ] Safepoint "RevokeBias", Time since last: 72867 ns, Reaching safepoint: 55669 ns, At safepoint: 22819 ns, Total: 78488 ns
[2020-09-11T15:40:15.385+0000][1][safepoint    ] Safepoint "RevokeBias", Time since last: 36311 ns, Reaching safepoint: 35527 ns, At safepoint: 19321 ns, Total: 54848 ns
[2020-09-11T15:40:15.385+0000][1][safepoint    ] Safepoint "RevokeBias", Time since last: 34221 ns, Reaching safepoint: 35124 ns, At safepoint: 18244 ns, Total: 53368 ns
[2020-09-11T15:40:15.385+0000][1][safepoint    ] Safepoint "RevokeBias", Time since last: 33517 ns, Reaching safepoint: 35101 ns, At safepoint: 18071 ns, Total: 53172 ns
[2020-09-11T15:40:15.385+0000][1][safepoint    ] Safepoint "RevokeBias", Time since last: 33399 ns, Reaching safepoint: 35168 ns, At safepoint: 17996 ns, Total: 53164 ns
[2020-09-11T15:40:15.385+0000][1][safepoint    ] Safepoint "RevokeBias", Time since last: 33655 ns, Reaching safepoint: 34891 ns, At safepoint: 17949 ns, Total: 52840 ns
[2020-09-11T15:40:15.420+0000][1][safepoint    ] Safepoint "RevokeBias", Time since last: 34353374 ns, Reaching safepoint: 164763 ns, At safepoint: 20392 ns, Total: 185155 ns
[2020-09-11T15:40:15.429+0000][1][safepoint    ] Safepoint "RevokeBias", Time since last: 8806834 ns, Reaching safepoint: 87265 ns, At safepoint: 20388 ns, Total: 107653 ns
[2020-09-11T15:40:15.466+0000][1][safepoint    ] Safepoint "RevokeBias", Time since last: 27726173 ns, Reaching safepoint: 9682657 ns, At safepoint: 38273 ns, Total: 9720930 ns
[2020-09-11T15:40:15.533+0000][1][safepoint    ] Safepoint "RevokeBias", Time since last: 66833553 ns, Reaching safepoint: 172391 ns, At safepoint: 21940 ns, Total: 194331 ns
[2020-09-11T15:40:15.534+0000][1][safepoint    ] Safepoint "RevokeBias", Time since last: 272472 ns, Reaching safepoint: 110259 ns, At safepoint: 49703 ns, Total: 159962 ns
[2020-09-11T15:40:15.660+0000][1][safepoint    ] Safepoint "RevokeBias", Time since last: 126407805 ns, Reaching safepoint: 89279 ns, At safepoint: 42592 ns, Total: 131871 ns
[2020-09-11T15:40:15.887+0000][1][safepoint    ] Safepoint "RevokeBias", Time since last: 224908967 ns, Reaching safepoint: 1445559 ns, At safepoint: 26471 ns, Total: 1472030 ns
[2020-09-11T15:40:15.889+0000][1][safepoint    ] Safepoint "RevokeBias", Time since last: 271786 ns, Reaching safepoint: 1760629 ns, At safepoint: 18473 ns, Total: 1779102 ns
[2020-09-11T15:40:15.889+0000][1][safepoint    ] Safepoint "RevokeBias", Time since last: 53300 ns, Reaching safepoint: 599202 ns, At safepoint: 17527 ns, Total: 616729 ns
[2020-09-11T15:40:15.893+0000][1][safepoint    ] Safepoint "RevokeBias", Time since last: 61554 ns, Reaching safepoint: 3261434 ns, At safepoint: 20419 ns, Total: 3281853 ns
[2020-09-11T15:40:15.893+0000][1][safepoint    ] Safepoint "RevokeBias", Time since last: 51777 ns, Reaching safepoint: 377952 ns, At safepoint: 15597 ns, Total: 393549 ns
[2020-09-11T15:40:15.897+0000][1][safepoint    ] Safepoint "RevokeBias", Time since last: 37950 ns, Reaching safepoint: 3514881 ns, At safepoint: 23580 ns, Total: 3538461 ns
[2020-09-11T15:40:15.898+0000][1][safepoint    ] Safepoint "RevokeBias", Time since last: 74678 ns, Reaching safepoint: 548024 ns, At safepoint: 16549 ns, Total: 564573 ns
[2020-09-11T15:40:15.898+0000][1][safepoint    ] Safepoint "RevokeBias", Time since last: 37017 ns, Reaching safepoint: 105649 ns, At safepoint: 14475 ns, Total: 120124 ns
[2020-09-11T15:40:15.901+0000][1][safepoint    ] Safepoint "RevokeBias", Time since last: 2731264 ns, Reaching safepoint: 460525 ns, At safepoint: 23500 ns, Total: 484025 ns
[2020-09-11T15:40:15.903+0000][1][safepoint    ] Safepoint "RevokeBias", Time since last: 67225 ns, Reaching safepoint: 1746529 ns, At safepoint: 30752 ns, Total: 1777281 ns
[2020-09-11T15:40:15.903+0000][1][safepoint    ] Safepoint "RevokeBias", Time since last: 47255 ns, Reaching safepoint: 106091 ns, At safepoint: 20945 ns, Total: 127036 ns
[2020-09-11T15:40:15.903+0000][1][safepoint    ] Safepoint "RevokeBias", Time since last: 28306 ns, Reaching safepoint: 103239 ns, At safepoint: 20227 ns, Total: 123466 ns
[2020-09-11T15:40:15.903+0000][1][safepoint    ] Safepoint "RevokeBias", Time since last: 73710 ns, Reaching safepoint: 104144 ns, At safepoint: 19906 ns, Total: 124050 ns
[2020-09-11T15:40:15.903+0000][1][safepoint    ] Safepoint "RevokeBias", Time since last: 91956 ns, Reaching safepoint: 104726 ns, At safepoint: 20092 ns, Total: 124818 ns
[2020-09-11T15:40:15.904+0000][1][safepoint    ] Safepoint "RevokeBias", Time since last: 39526 ns, Reaching safepoint: 103212 ns, At safepoint: 20332 ns, Total: 123544 ns
[2020-09-11T15:40:15.904+0000][1][safepoint    ] Safepoint "RevokeBias", Time since last: 35654 ns, Reaching safepoint: 113797 ns, At safepoint: 26197 ns, Total: 139994 ns
[2020-09-11T15:40:15.905+0000][1][safepoint    ] Safepoint "RevokeBias", Time since last: 45996 ns, Reaching safepoint: 947533 ns, At safepoint: 22593 ns, Total: 970126 ns
[2020-09-11T15:40:15.905+0000][1][safepoint    ] Safepoint "RevokeBias", Time since last: 38445 ns, Reaching safepoint: 521960 ns, At safepoint: 23320 ns, Total: 545280 ns
[2020-09-11T15:40:15.906+0000][1][safepoint    ] Safepoint "RevokeBias", Time since last: 40672 ns, Reaching safepoint: 106120 ns, At safepoint: 21704 ns, Total: 127824 ns
[2020-09-11T15:40:15.906+0000][1][safepoint    ] Safepoint "RevokeBias", Time since last: 35520 ns, Reaching safepoint: 103886 ns, At safepoint: 20652 ns, Total: 124538 ns
[2020-09-11T15:40:15.906+0000][1][safepoint    ] Safepoint "BulkRevokeBias", Time since last: 34663 ns, Reaching safepoint: 103728 ns, At safepoint: 259935 ns, Total: 363663 ns
[2020-09-11T15:40:15.927+0000][1][safepoint    ] Safepoint "RevokeBias", Time since last: 618648 ns, Reaching safepoint: 2093671 ns, At safepoint: 18042006 ns, Total: 20135677 ns
[2020-09-11T15:40:16.096+0000][1][safepoint    ] Safepoint "RevokeBias", Time since last: 155050437 ns, Reaching safepoint: 14152395 ns, At safepoint: 43468 ns, Total: 14195863 ns
[2020-09-11T15:40:16.096+0000][1][safepoint    ] Safepoint "RevokeBias", Time since last: 181817 ns, Reaching safepoint: 113179 ns, At safepoint: 16699 ns, Total: 129878 ns
[2020-09-11T15:40:17.097+0000][1][safepoint    ] Safepoint "Cleanup", Time since last: 1000098197 ns, Reaching safepoint: 157690 ns, At safepoint: 7389 ns, Total: 165079 ns
[2020-09-11T15:40:17.192+0000][1][safepoint    ] Safepoint "RevokeBias", Time since last: 94607235 ns, Reaching safepoint: 550210 ns, At safepoint: 64947 ns, Total: 615157 ns
[2020-09-11T15:40:17.572+0000][1][safepoint    ] Safepoint "RevokeBias", Time since last: 377563958 ns, Reaching safepoint: 2188677 ns, At safepoint: 16829 ns, Total: 2205506 ns
[2020-09-11T15:40:17.575+0000][1][safepoint    ] Safepoint "RevokeBias", Time since last: 2666689 ns, Reaching safepoint: 144391 ns, At safepoint: 7738 ns, Total: 152129 ns
[2020-09-11T15:40:18.081+0000][1][safepoint    ] Safepoint "RevokeBias", Time since last: 498972448 ns, Reaching safepoint: 7426863 ns, At safepoint: 58608 ns, Total: 7485471 ns
[2020-09-11T15:40:18.085+0000][1][safepoint    ] Safepoint "RevokeBias", Time since last: 1121538 ns, Reaching safepoint: 2762322 ns, At safepoint: 63251 ns, Total: 2825573 ns
[2020-09-11T15:40:18.520+0000][1][safepoint    ] Safepoint "RevokeBias", Time since last: 435395936 ns, Reaching safepoint: 89692 ns, At safepoint: 34002 ns, Total: 123694 ns
[2020-09-11T15:40:18.549+0000][1][safepoint    ] Safepoint "RevokeBias", Time since last: 27317757 ns, Reaching safepoint: 1109560 ns, At safepoint: 44311 ns, Total: 1153871 ns
[2020-09-11T15:40:18.674+0000][1][safepoint    ] Safepoint "RevokeBias", Time since last: 112716819 ns, Reaching safepoint: 12342660 ns, At safepoint: 28254 ns, Total: 12370914 ns
[2020-09-11T15:40:18.723+0000][1][safepoint    ] Safepoint "RevokeBias", Time since last: 45391213 ns, Reaching safepoint: 4057929 ns, At safepoint: 36845 ns, Total: 4094774 ns
[2020-09-11T15:40:18.724+0000][1][safepoint    ] Safepoint "RevokeBias", Time since last: 120681 ns, Reaching safepoint: 116938 ns, At safepoint: 45440 ns, Total: 162378 ns
[2020-09-11T15:40:18.729+0000][1][safepoint    ] Safepoint "RevokeBias", Time since last: 5185204 ns, Reaching safepoint: 242538 ns, At safepoint: 27523 ns, Total: 270061 ns
[2020-09-11T15:40:18.734+0000][1][safepoint    ] Safepoint "RevokeBias", Time since last: 4829895 ns, Reaching safepoint: 168631 ns, At safepoint: 45029 ns, Total: 213660 ns
[2020-09-11T15:40:18.750+0000][1][safepoint    ] Safepoint "RevokeBias", Time since last: 15148877 ns, Reaching safepoint: 160694 ns, At safepoint: 27766 ns, Total: 188460 ns
[2020-09-11T15:40:18.750+0000][1][safepoint    ] Safepoint "RevokeBias", Time since last: 222460 ns, Reaching safepoint: 111659 ns, At safepoint: 14543 ns, Total: 126202 ns
[2020-09-11T15:40:18.750+0000][1][safepoint    ] Safepoint "RevokeBias", Time since last: 46640 ns, Reaching safepoint: 107609 ns, At safepoint: 16533 ns, Total: 124142 ns
[2020-09-11T15:40:18.760+0000][1][safepoint    ] Safepoint "RevokeBias", Time since last: 55229 ns, Reaching safepoint: 9964716 ns, At safepoint: 36037 ns, Total: 10000753 ns
[2020-09-11T15:40:18.797+0000][1][safepoint    ] Safepoint "RevokeBias", Time since last: 29981753 ns, Reaching safepoint: 7227921 ns, At safepoint: 55632 ns, Total: 7283553 ns
[2020-09-11T15:40:18.822+0000][1][safepoint    ] Safepoint "RevokeBias", Time since last: 23964896 ns, Reaching safepoint: 235455 ns, At safepoint: 23090 ns, Total: 258545 ns
[2020-09-11T15:40:18.822+0000][1][safepoint    ] Safepoint "RevokeBias", Time since last: 143407 ns, Reaching safepoint: 111383 ns, At safepoint: 16325 ns, Total: 127708 ns
[2020-09-11T15:40:18.989+0000][1][safepoint    ] Safepoint "RevokeBias", Time since last: 167052500 ns, Reaching safepoint: 274017 ns, At safepoint: 21937 ns, Total: 295954 ns
[2020-09-11T15:40:19.286+0000][1][safepoint    ] Safepoint "RevokeBias", Time since last: 293242280 ns, Reaching safepoint: 3763171 ns, At safepoint: 34304 ns, Total: 3797475 ns
[2020-09-11T15:40:19.333+0000][1][safepoint    ] Safepoint "RevokeBias", Time since last: 43064204 ns, Reaching safepoint: 3473981 ns, At safepoint: 29723 ns, Total: 3503704 ns
[2020-09-11T15:40:19.791+0000][1][safepoint    ] Safepoint "RevokeBias", Time since last: 457745354 ns, Reaching safepoint: 110983 ns, At safepoint: 21988 ns, Total: 132971 ns
[2020-09-11T15:40:20.003+0000][1][safepoint    ] Safepoint "RevokeBias", Time since last: 212464210 ns, Reaching safepoint: 89527 ns, At safepoint: 20619 ns, Total: 110146 ns
[2020-09-11T15:40:20.004+0000][1][safepoint    ] Safepoint "RevokeBias", Time since last: 238278 ns, Reaching safepoint: 36008 ns, At safepoint: 12892 ns, Total: 48900 ns
[2020-09-11T15:40:20.004+0000][1][safepoint    ] Safepoint "RevokeBias", Time since last: 56139 ns, Reaching safepoint: 32937 ns, At safepoint: 11136 ns, Total: 44073 ns
[2020-09-11T15:40:20.004+0000][1][safepoint    ] Safepoint "BulkRevokeBias", Time since last: 32433 ns, Reaching safepoint: 31987 ns, At safepoint: 263570 ns, Total: 295557 ns
[2020-09-11T15:40:20.004+0000][1][safepoint    ] Safepoint "RevokeBias", Time since last: 58051 ns, Reaching safepoint: 35373 ns, At safepoint: 11390 ns, Total: 46763 ns
[2020-09-11T15:40:20.004+0000][1][safepoint    ] Safepoint "RevokeBias", Time since last: 82322 ns, Reaching safepoint: 33808 ns, At safepoint: 10836 ns, Total: 44644 ns
[2020-09-11T15:40:20.004+0000][1][safepoint    ] Safepoint "RevokeBias", Time since last: 41042 ns, Reaching safepoint: 32803 ns, At safepoint: 10313 ns, Total: 43116 ns
[2020-09-11T15:40:20.004+0000][1][safepoint    ] Safepoint "RevokeBias", Time since last: 37047 ns, Reaching safepoint: 32491 ns, At safepoint: 10342 ns, Total: 42833 ns
[2020-09-11T15:40:20.094+0000][1][safepoint    ] Safepoint "RevokeBias", Time since last: 66310483 ns, Reaching safepoint: 23186550 ns, At safepoint: 44635 ns, Total: 23231185 ns
[2020-09-11T15:40:20.097+0000][1][safepoint    ] Safepoint "RevokeBias", Time since last: 892735 ns, Reaching safepoint: 1947898 ns, At safepoint: 35638 ns, Total: 1983536 ns
[2020-09-11T15:40:20.117+0000][1][safepoint    ] Safepoint "RevokeBias", Time since last: 19838261 ns, Reaching safepoint: 248656 ns, At safepoint: 75690 ns, Total: 324346 ns
[2020-09-11T15:40:20.118+0000][1][safepoint    ] Safepoint "RevokeBias", Time since last: 959632 ns, Reaching safepoint: 120008 ns, At safepoint: 25314 ns, Total: 145322 ns
[2020-09-11T15:40:20.123+0000][1][safepoint    ] Safepoint "RevokeBias", Time since last: 154936 ns, Reaching safepoint: 4903129 ns, At safepoint: 43706 ns, Total: 4946835 ns
[2020-09-11T15:40:20.123+0000][1][safepoint    ] Safepoint "RevokeBias", Time since last: 97442 ns, Reaching safepoint: 112239 ns, At safepoint: 21722 ns, Total: 133961 ns
[2020-09-11T15:40:20.124+0000][1][safepoint    ] Safepoint "RevokeBias", Time since last: 206607 ns, Reaching safepoint: 108038 ns, At safepoint: 22737 ns, Total: 130775 ns
[2020-09-11T15:40:20.124+0000][1][safepoint    ] Safepoint "RevokeBias", Time since last: 38675 ns, Reaching safepoint: 104975 ns, At safepoint: 14629 ns, Total: 119604 ns
[2020-09-11T15:40:20.124+0000][1][safepoint    ] Safepoint "RevokeBias", Time since last: 36926 ns, Reaching safepoint: 104190 ns, At safepoint: 14293 ns, Total: 118483 ns
[2020-09-11T15:40:20.124+0000][1][safepoint    ] Safepoint "RevokeBias", Time since last: 36237 ns, Reaching safepoint: 104288 ns, At safepoint: 13917 ns, Total: 118205 ns
[2020-09-11T15:40:20.133+0000][1][safepoint    ] Safepoint "RevokeBias", Time since last: 103038 ns, Reaching safepoint: 8498567 ns, At safepoint: 42459 ns, Total: 8541026 ns
[2020-09-11T15:40:20.139+0000][1][safepoint    ] Safepoint "RevokeBias", Time since last: 4127526 ns, Reaching safepoint: 1551771 ns, At safepoint: 34881 ns, Total: 1586652 ns
[2020-09-11T15:40:20.141+0000][1][safepoint    ] Safepoint "RevokeBias", Time since last: 83894 ns, Reaching safepoint: 2089877 ns, At safepoint: 21899 ns, Total: 2111776 ns
[2020-09-11T15:40:20.141+0000][1][safepoint    ] Safepoint "RevokeBias", Time since last: 54146 ns, Reaching safepoint: 138696 ns, At safepoint: 16316 ns, Total: 155012 ns
[2020-09-11T15:40:20.153+0000][1][safepoint    ] Safepoint "RevokeBias", Time since last: 1101895 ns, Reaching safepoint: 10729719 ns, At safepoint: 35550 ns, Total: 10765269 ns
[2020-09-11T15:40:20.156+0000][1][safepoint    ] Safepoint "RevokeBias", Time since last: 276084 ns, Reaching safepoint: 2311427 ns, At safepoint: 29883 ns, Total: 2341310 ns
[2020-09-11T15:40:20.165+0000][1][safepoint    ] Safepoint "RevokeBias", Time since last: 9251611 ns, Reaching safepoint: 239529 ns, At safepoint: 37161 ns, Total: 276690 ns
[2020-09-11T15:40:20.180+0000][1][safepoint    ] Safepoint "RevokeBias", Time since last: 12942932 ns, Reaching safepoint: 1546692 ns, At safepoint: 25965 ns, Total: 1572657 ns
[2020-09-11T15:40:20.181+0000][1][safepoint    ] Safepoint "RevokeBias", Time since last: 382431 ns, Reaching safepoint: 861981 ns, At safepoint: 22574 ns, Total: 884555 ns
[2020-09-11T15:40:20.185+0000][1][safepoint    ] Safepoint "RevokeBias", Time since last: 53872 ns, Reaching safepoint: 3958829 ns, At safepoint: 31376 ns, Total: 3990205 ns
[2020-09-11T15:40:20.197+0000][1][safepoint    ] Safepoint "RevokeBias", Time since last: 11744803 ns, Reaching safepoint: 353968 ns, At safepoint: 27340 ns, Total: 381308 ns
[2020-09-11T15:40:20.236+0000][1][safepoint    ] Safepoint "RevokeBias", Time since last: 38825296 ns, Reaching safepoint: 172266 ns, At safepoint: 29079 ns, Total: 201345 ns
[2020-09-11T15:40:20.236+0000][1][safepoint    ] Safepoint "RevokeBias", Time since last: 71059 ns, Reaching safepoint: 104776 ns, At safepoint: 15952 ns, Total: 120728 ns
[2020-09-11T15:40:20.236+0000][1][safepoint    ] Safepoint "RevokeBias", Time since last: 45986 ns, Reaching safepoint: 104910 ns, At safepoint: 17880 ns, Total: 122790 ns
[2020-09-11T15:40:20.237+0000][1][safepoint    ] Safepoint "RevokeBias", Time since last: 63606 ns, Reaching safepoint: 105541 ns, At safepoint: 18887 ns, Total: 124428 ns
[2020-09-11T15:40:20.240+0000][1][safepoint    ] Safepoint "RevokeBias", Time since last: 3055024 ns, Reaching safepoint: 58122 ns, At safepoint: 20415 ns, Total: 78537 ns
[2020-09-11T15:40:20.241+0000][1][safepoint    ] Safepoint "RevokeBias", Time since last: 784921 ns, Reaching safepoint: 49771 ns, At safepoint: 12915 ns, Total: 62686 ns
[2020-09-11T15:40:20.241+0000][1][safepoint    ] Safepoint "RevokeBias", Time since last: 111839 ns, Reaching safepoint: 34699 ns, At safepoint: 11121 ns, Total: 45820 ns
[2020-09-11T15:40:20.247+0000][1][safepoint    ] Safepoint "RevokeBias", Time since last: 6059600 ns, Reaching safepoint: 83869 ns, At safepoint: 19279 ns, Total: 103148 ns
[2020-09-11T15:40:20.247+0000][1][safepoint    ] Safepoint "RevokeBias", Time since last: 70974 ns, Reaching safepoint: 33583 ns, At safepoint: 20832 ns, Total: 54415 ns
[2020-09-11T15:40:20.248+0000][1][safepoint    ] Safepoint "RevokeBias", Time since last: 753199 ns, Reaching safepoint: 35724 ns, At safepoint: 11489 ns, Total: 47213 ns
[2020-09-11T15:40:20.248+0000][1][safepoint    ] Safepoint "RevokeBias", Time since last: 41976 ns, Reaching safepoint: 31202 ns, At safepoint: 10070 ns, Total: 41272 ns
[2020-09-11T15:40:20.248+0000][1][safepoint    ] Safepoint "RevokeBias", Time since last: 34815 ns, Reaching safepoint: 30683 ns, At safepoint: 9634 ns, Total: 40317 ns
[2020-09-11T15:40:20.253+0000][1][safepoint    ] Safepoint "RevokeBias", Time since last: 4863389 ns, Reaching safepoint: 82945 ns, At safepoint: 18176 ns, Total: 101121 ns
[2020-09-11T15:40:20.253+0000][1][safepoint    ] Safepoint "RevokeBias", Time since last: 63078 ns, Reaching safepoint: 41820 ns, At safepoint: 18981 ns, Total: 60801 ns
[2020-09-11T15:40:20.253+0000][1][safepoint    ] Safepoint "RevokeBias", Time since last: 32016 ns, Reaching safepoint: 30671 ns, At safepoint: 16852 ns, Total: 47523 ns
[2020-09-11T15:40:20.253+0000][1][safepoint    ] Safepoint "RevokeBias", Time since last: 212958 ns, Reaching safepoint: 32437 ns, At safepoint: 44313 ns, Total: 76750 ns
[2020-09-11T15:40:20.254+0000][1][safepoint    ] Safepoint "RevokeBias", Time since last: 34370 ns, Reaching safepoint: 31930 ns, At safepoint: 17321 ns, Total: 49251 ns
[2020-09-11T15:40:20.254+0000][1][safepoint    ] Safepoint "RevokeBias", Time since last: 30945 ns, Reaching safepoint: 30390 ns, At safepoint: 16475 ns, Total: 46865 ns
[2020-09-11T15:40:20.254+0000][1][safepoint    ] Safepoint "BulkRevokeBias", Time since last: 29682 ns, Reaching safepoint: 30334 ns, At safepoint: 252306 ns, Total: 282640 ns
[2020-09-11T15:40:20.919+0000][1][gc,start     ] GC(72) Pause Young (Allocation Failure)
[2020-09-11T15:40:20.919+0000][1][gc,task      ] GC(72) Using 1 workers of 1 for evacuation
[2020-09-11T15:40:21.062+0000][1][gc,age       ] GC(72) Desired survivor size 4358144 bytes, new threshold 6 (max threshold 6)
[2020-09-11T15:40:21.062+0000][1][gc,age       ] GC(72) Age table with threshold 6 (max threshold 6)
[2020-09-11T15:40:21.062+0000][1][gc,age       ] GC(72) - age   1:    1351328 bytes,    1351328 total
[2020-09-11T15:40:21.062+0000][1][gc,age       ] GC(72) - age   2:     903960 bytes,    2255288 total
[2020-09-11T15:40:21.062+0000][1][gc,age       ] GC(72) - age   3:     687976 bytes,    2943264 total
[2020-09-11T15:40:21.062+0000][1][gc,age       ] GC(72) - age   4:    1333536 bytes,    4276800 total
[2020-09-11T15:40:21.062+0000][1][gc,heap      ] GC(72) ParNew: 72609K->7617K(76672K)
[2020-09-11T15:40:21.062+0000][1][gc,heap      ] GC(72) CMS: 100986K->100986K(2011968K)
[2020-09-11T15:40:21.062+0000][1][gc,metaspace ] GC(72) Metaspace: 87308K->87308K(1130496K)
[2020-09-11T15:40:21.062+0000][1][gc           ] GC(72) Pause Young (Allocation Failure) 169M->106M(2039M) 143.050ms
[2020-09-11T15:40:21.062+0000][1][gc,cpu       ] GC(72) User=0.03s Sys=0.00s Real=0.15s
[2020-09-11T15:40:21.084+0000][1][safepoint    ] Safepoint "GenCollectForAllocation", Time since last: 665223591 ns, Reaching safepoint: 199961 ns, At safepoint: 164623932 ns, Total: 164823893 ns
[2020-09-11T15:40:21.617+0000][1][safepoint    ] Safepoint "RevokeBias", Time since last: 530737132 ns, Reaching safepoint: 2168559 ns, At safepoint: 31270 ns, Total: 2199829 ns
[2020-09-11T15:40:21.677+0000][1][safepoint    ] Safepoint "RevokeBias", Time since last: 59629502 ns, Reaching safepoint: 295920 ns, At safepoint: 27710 ns, Total: 323630 ns
[2020-09-11T15:40:21.746+0000][1][safepoint    ] Safepoint "RevokeBias", Time since last: 59066903 ns, Reaching safepoint: 10046429 ns, At safepoint: 41217 ns, Total: 10087646 ns
[2020-09-11T15:40:21.749+0000][1][safepoint    ] Safepoint "RevokeBias", Time since last: 139209 ns, Reaching safepoint: 2737632 ns, At safepoint: 39943 ns, Total: 2777575 ns
[2020-09-11T15:40:21.749+0000][1][safepoint    ] Safepoint "RevokeBias", Time since last: 113519 ns, Reaching safepoint: 109154 ns, At safepoint: 18739 ns, Total: 127893 ns
[2020-09-11T15:40:21.749+0000][1][safepoint    ] Safepoint "RevokeBias", Time since last: 46464 ns, Reaching safepoint: 101855 ns, At safepoint: 21118 ns, Total: 122973 ns
[2020-09-11T15:40:21.749+0000][1][safepoint    ] Safepoint "RevokeBias", Time since last: 38127 ns, Reaching safepoint: 104614 ns, At safepoint: 16890 ns, Total: 121504 ns
[2020-09-11T15:40:21.750+0000][1][safepoint    ] Safepoint "RevokeBias", Time since last: 39419 ns, Reaching safepoint: 104303 ns, At safepoint: 20164 ns, Total: 124467 ns
[2020-09-11T15:40:21.750+0000][1][safepoint    ] Safepoint "RevokeBias", Time since last: 37514 ns, Reaching safepoint: 243273 ns, At safepoint: 16699 ns, Total: 259972 ns
[2020-09-11T15:40:21.750+0000][1][safepoint    ] Safepoint "RevokeBias", Time since last: 40055 ns, Reaching safepoint: 105371 ns, At safepoint: 16181 ns, Total: 121552 ns
[2020-09-11T15:40:21.750+0000][1][safepoint    ] Safepoint "RevokeBias", Time since last: 39328 ns, Reaching safepoint: 105209 ns, At safepoint: 20902 ns, Total: 126111 ns
[2020-09-11T15:40:21.750+0000][1][safepoint    ] Safepoint "RevokeBias", Time since last: 37991 ns, Reaching safepoint: 104527 ns, At safepoint: 17797 ns, Total: 122324 ns
[2020-09-11T15:40:21.751+0000][1][safepoint    ] Safepoint "RevokeBias", Time since last: 37908 ns, Reaching safepoint: 104310 ns, At safepoint: 17736 ns, Total: 122046 ns
[2020-09-11T15:40:21.753+0000][1][safepoint    ] Safepoint "RevokeBias", Time since last: 38169 ns, Reaching safepoint: 2188289 ns, At safepoint: 30431 ns, Total: 2218720 ns
[2020-09-11T15:40:21.753+0000][1][safepoint    ] Safepoint "RevokeBias", Time since last: 63167 ns, Reaching safepoint: 109180 ns, At safepoint: 26977 ns, Total: 136157 ns
[2020-09-11T15:40:21.754+0000][1][safepoint    ] Safepoint "RevokeBias", Time since last: 237225 ns, Reaching safepoint: 389472 ns, At safepoint: 27585 ns, Total: 417057 ns
[2020-09-11T15:40:21.754+0000][1][safepoint    ] Safepoint "RevokeBias", Time since last: 38496 ns, Reaching safepoint: 104989 ns, At safepoint: 24743 ns, Total: 129732 ns
[2020-09-11T15:40:21.756+0000][1][safepoint    ] Safepoint "RevokeBias", Time since last: 116026 ns, Reaching safepoint: 2244745 ns, At safepoint: 26056 ns, Total: 2270801 ns
[2020-09-11T15:40:21.757+0000][1][safepoint    ] Safepoint "RevokeBias", Time since last: 529888 ns, Reaching safepoint: 128631 ns, At safepoint: 30675 ns, Total: 159306 ns
[2020-09-11T15:40:21.761+0000][1][safepoint    ] Safepoint "RevokeBias", Time since last: 41208 ns, Reaching safepoint: 3822629 ns, At safepoint: 35317 ns, Total: 3857946 ns
[2020-09-11T15:40:21.761+0000][1][safepoint    ] Safepoint "RevokeBias", Time since last: 48745 ns, Reaching safepoint: 106568 ns, At safepoint: 53548 ns, Total: 160116 ns
[2020-09-11T15:40:21.761+0000][1][safepoint    ] Safepoint "BulkRevokeBias", Time since last: 43750 ns, Reaching safepoint: 111255 ns, At safepoint: 243285 ns, Total: 354540 ns
[2020-09-11T15:40:21.881+0000][1][safepoint    ] Safepoint "RevokeBias", Time since last: 115167451 ns, Reaching safepoint: 4294649 ns, At safepoint: 36683 ns, Total: 4331332 ns
[2020-09-11T15:40:21.914+0000][1][safepoint    ] Safepoint "RevokeBias", Time since last: 33138777 ns, Reaching safepoint: 156695 ns, At safepoint: 20757 ns, Total: 177452 ns
[2020-09-11T15:40:21.942+0000][1][safepoint    ] Safepoint "RevokeBias", Time since last: 27146382 ns, Reaching safepoint: 162226 ns, At safepoint: 23779 ns, Total: 186005 ns
[2020-09-11T15:40:22.763+0000][1][safepoint    ] Safepoint "RevokeBias", Time since last: 821255442 ns, Reaching safepoint: 113588 ns, At safepoint: 20529 ns, Total: 134117 ns
[2020-09-11T15:40:23.316+0000][1][safepoint    ] Safepoint "RevokeBias", Time since last: 545515203 ns, Reaching safepoint: 7704103 ns, At safepoint: 211316 ns, Total: 7915419 ns
[2020-09-11T15:40:23.358+0000][1][safepoint    ] Safepoint "RevokeBias", Time since last: 40976930 ns, Reaching safepoint: 257747 ns, At safepoint: 55883 ns, Total: 313630 ns
[2020-09-11T15:40:23.409+0000][1][safepoint    ] Safepoint "RevokeBias", Time since last: 51090108 ns, Reaching safepoint: 193318 ns, At safepoint: 24351 ns, Total: 217669 ns
[2020-09-11T15:40:23.595+0000][1][safepoint    ] Safepoint "RevokeBias", Time since last: 185457844 ns, Reaching safepoint: 257098 ns, At safepoint: 165854 ns, Total: 422952 ns
[2020-09-11T15:40:23.731+0000][1][safepoint    ] Safepoint "RevokeBias", Time since last: 135616645 ns, Reaching safepoint: 184814 ns, At safepoint: 24919 ns, Total: 209733 ns
[2020-09-11T15:40:23.765+0000][1][safepoint    ] Safepoint "RevokeBias", Time since last: 33633185 ns, Reaching safepoint: 559348 ns, At safepoint: 26198 ns, Total: 585546 ns
[2020-09-11T15:40:23.823+0000][1][safepoint    ] Safepoint "RevokeBias", Time since last: 44291255 ns, Reaching safepoint: 13981494 ns, At safepoint: 35330 ns, Total: 14016824 ns
[2020-09-11T15:40:23.842+0000][1][safepoint    ] Safepoint "RevokeBias", Time since last: 18147224 ns, Reaching safepoint: 285337 ns, At safepoint: 166713 ns, Total: 452050 ns
[2020-09-11T15:40:24.300+0000][1][safepoint    ] Safepoint "RevokeBias", Time since last: 458131955 ns, Reaching safepoint: 166371 ns, At safepoint: 20824 ns, Total: 187195 ns
[2020-09-11T15:40:24.360+0000][1][safepoint    ] Safepoint "RevokeBias", Time since last: 59498403 ns, Reaching safepoint: 104826 ns, At safepoint: 23441 ns, Total: 128267 ns
[2020-09-11T15:40:24.630+0000][1][safepoint    ] Safepoint "RevokeBias", Time since last: 269629242 ns, Reaching safepoint: 108535 ns, At safepoint: 21207 ns, Total: 129742 ns
[2020-09-11T15:40:24.667+0000][1][safepoint    ] Safepoint "RevokeBias", Time since last: 37070983 ns, Reaching safepoint: 103364 ns, At safepoint: 28457 ns, Total: 131821 ns
[2020-09-11T15:40:25.088+0000][1][safepoint    ] Safepoint "RevokeBias", Time since last: 421508105 ns, Reaching safepoint: 111284 ns, At safepoint: 21831 ns, Total: 133115 ns
[2020-09-11T15:40:25.089+0000][1][safepoint    ] Safepoint "RevokeBias", Time since last: 228359 ns, Reaching safepoint: 40549 ns, At safepoint: 13065 ns, Total: 53614 ns
[2020-09-11T15:40:25.093+0000][1][safepoint    ] Safepoint "RevokeBias", Time since last: 1523851 ns, Reaching safepoint: 2737906 ns, At safepoint: 33706 ns, Total: 2771612 ns
[2020-09-11T15:40:25.093+0000][1][safepoint    ] Safepoint "RevokeBias", Time since last: 118346 ns, Reaching safepoint: 347268 ns, At safepoint: 16654 ns, Total: 363922 ns
[2020-09-11T15:40:25.135+0000][1][safepoint    ] Safepoint "RevokeBias", Time since last: 32415379 ns, Reaching safepoint: 9381664 ns, At safepoint: 30065 ns, Total: 9411729 ns
[2020-09-11T15:40:26.136+0000][1][safepoint    ] Safepoint "Cleanup", Time since last: 1000112779 ns, Reaching safepoint: 266798 ns, At safepoint: 8982 ns, Total: 275780 ns
[2020-09-11T15:40:26.499+0000][1][gc,start     ] GC(73) Pause Young (Allocation Failure)
[2020-09-11T15:40:26.499+0000][1][gc,task      ] GC(73) Using 1 workers of 1 for evacuation
[2020-09-11T15:40:26.618+0000][1][gc,age       ] GC(73) Desired survivor size 4358144 bytes, new threshold 5 (max threshold 6)
[2020-09-11T15:40:26.618+0000][1][gc,age       ] GC(73) Age table with threshold 5 (max threshold 6)
[2020-09-11T15:40:26.618+0000][1][gc,age       ] GC(73) - age   1:    1016456 bytes,    1016456 total
[2020-09-11T15:40:26.618+0000][1][gc,age       ] GC(73) - age   2:    1225896 bytes,    2242352 total
[2020-09-11T15:40:26.618+0000][1][gc,age       ] GC(73) - age   3:     902552 bytes,    3144904 total
[2020-09-11T15:40:26.618+0000][1][gc,age       ] GC(73) - age   4:     677728 bytes,    3822632 total
[2020-09-11T15:40:26.618+0000][1][gc,age       ] GC(73) - age   5:    1324544 bytes,    5147176 total
[2020-09-11T15:40:26.618+0000][1][gc,heap      ] GC(73) ParNew: 75777K->5036K(76672K)
[2020-09-11T15:40:26.618+0000][1][gc,heap      ] GC(73) CMS: 100986K->100986K(2011968K)
[2020-09-11T15:40:26.618+0000][1][gc,metaspace ] GC(73) Metaspace: 87871K->87871K(1130496K)
[2020-09-11T15:40:26.618+0000][1][gc           ] GC(73) Pause Young (Allocation Failure) 172M->103M(2039M) 119.109ms
[2020-09-11T15:40:26.618+0000][1][gc,cpu       ] GC(73) User=0.04s Sys=0.00s Real=0.12s
[2020-09-11T15:40:26.634+0000][1][safepoint    ] Safepoint "GenCollectForAllocation", Time since last: 362735434 ns, Reaching safepoint: 171046 ns, At safepoint: 135296888 ns, Total: 135467934 ns
[2020-09-11T15:40:26.985+0000][1][safepoint    ] Safepoint "RevokeBias", Time since last: 351002132 ns, Reaching safepoint: 93862 ns, At safepoint: 19796 ns, Total: 113658 ns
[2020-09-11T15:40:27.242+0000][1][safepoint    ] Safepoint "RevokeBias", Time since last: 257229828 ns, Reaching safepoint: 176552 ns, At safepoint: 22129 ns, Total: 198681 ns
[2020-09-11T15:40:27.257+0000][1][safepoint    ] Safepoint "RevokeBias", Time since last: 14481651 ns, Reaching safepoint: 496535 ns, At safepoint: 23703 ns, Total: 520238 ns
[2020-09-11T15:40:28.265+0000][1][safepoint    ] Safepoint "RevokeBias", Time since last: 1007769678 ns, Reaching safepoint: 232600 ns, At safepoint: 23771 ns, Total: 256371 ns
[2020-09-11T15:40:28.354+0000][1][safepoint    ] Safepoint "RevokeBias", Time since last: 87607091 ns, Reaching safepoint: 696561 ns, At safepoint: 24059 ns, Total: 720620 ns
[2020-09-11T15:40:28.364+0000][1][safepoint    ] Safepoint "RevokeBias", Time since last: 9746556 ns, Reaching safepoint: 405813 ns, At safepoint: 22672 ns, Total: 428485 ns
[2020-09-11T15:40:28.370+0000][1][safepoint    ] Safepoint "RevokeBias", Time since last: 1022277 ns, Reaching safepoint: 4994736 ns, At safepoint: 24974 ns, Total: 5019710 ns
[2020-09-11T15:40:28.459+0000][1][safepoint    ] Safepoint "RevokeBias", Time since last: 88921617 ns, Reaching safepoint: 150855 ns, At safepoint: 20943 ns, Total: 171798 ns
[2020-09-11T15:40:28.460+0000][1][safepoint    ] Safepoint "RevokeBias", Time since last: 669236 ns, Reaching safepoint: 112861 ns, At safepoint: 13893 ns, Total: 126754 ns
[2020-09-11T15:40:28.601+0000][1][safepoint    ] Safepoint "RevokeBias", Time since last: 140902315 ns, Reaching safepoint: 176341 ns, At safepoint: 24017 ns, Total: 200358 ns
[2020-09-11T15:40:28.733+0000][1][safepoint    ] Safepoint "RevokeBias", Time since last: 132075703 ns, Reaching safepoint: 173518 ns, At safepoint: 23634 ns, Total: 197152 ns
[2020-09-11T15:40:29.107+0000][1][safepoint    ] Safepoint "RevokeBias", Time since last: 373032077 ns, Reaching safepoint: 195402 ns, At safepoint: 18873 ns, Total: 214275 ns
[2020-09-11T15:40:29.113+0000][1][safepoint    ] Safepoint "RevokeBias", Time since last: 6396842 ns, Reaching safepoint: 162913 ns, At safepoint: 58134 ns, Total: 221047 ns
[2020-09-11T15:40:29.138+0000][1][safepoint    ] Safepoint "RevokeBias", Time since last: 24309564 ns, Reaching safepoint: 85048 ns, At safepoint: 21747 ns, Total: 106795 ns
[2020-09-11T15:40:29.145+0000][1][safepoint    ] Safepoint "RevokeBias", Time since last: 7242471 ns, Reaching safepoint: 100780 ns, At safepoint: 25935 ns, Total: 126715 ns
[2020-09-11T15:40:29.145+0000][1][safepoint    ] Safepoint "RevokeBias", Time since last: 89115 ns, Reaching safepoint: 35568 ns, At safepoint: 11898 ns, Total: 47466 ns
[2020-09-11T15:40:29.145+0000][1][safepoint    ] Safepoint "RevokeBias", Time since last: 146048 ns, Reaching safepoint: 36234 ns, At safepoint: 11787 ns, Total: 48021 ns
[2020-09-11T15:40:29.186+0000][1][safepoint    ] Safepoint "Deoptimize", Time since last: 36870921 ns, Reaching safepoint: 2875169 ns, At safepoint: 613374 ns, Total: 3488543 ns
[2020-09-11T15:40:29.219+0000][1][safepoint    ] Safepoint "Deoptimize", Time since last: 32125636 ns, Reaching safepoint: 457211 ns, At safepoint: 628245 ns, Total: 1085456 ns
[2020-09-11T15:40:29.247+0000][1][safepoint    ] Safepoint "RevokeBias", Time since last: 28249347 ns, Reaching safepoint: 177631 ns, At safepoint: 22561 ns, Total: 200192 ns
[2020-09-11T15:40:29.380+0000][1][gc,start     ] GC(74) Pause Young (Allocation Failure)
[2020-09-11T15:40:29.380+0000][1][gc,task      ] GC(74) Using 1 workers of 1 for evacuation
[2020-09-11T15:40:29.476+0000][1][gc,age       ] GC(74) Desired survivor size 4358144 bytes, new threshold 1 (max threshold 6)
[2020-09-11T15:40:29.476+0000][1][gc,age       ] GC(74) Age table with threshold 1 (max threshold 6)
[2020-09-11T15:40:29.476+0000][1][gc,age       ] GC(74) - age   1:    8305512 bytes,    8305512 total
[2020-09-11T15:40:29.476+0000][1][gc,age       ] GC(74) - age   2:      66664 bytes,    8372176 total
[2020-09-11T15:40:29.476+0000][1][gc,age       ] GC(74) - age   3:      58848 bytes,    8431024 total
[2020-09-11T15:40:29.476+0000][1][gc,age       ] GC(74) - age   4:      42120 bytes,    8473144 total
[2020-09-11T15:40:29.476+0000][1][gc,age       ] GC(74) - age   5:     207624 bytes,    8680768 total
[2020-09-11T15:40:29.476+0000][1][gc,heap      ] GC(74) ParNew: 72898K->8512K(76672K)
[2020-09-11T15:40:29.476+0000][1][gc,heap      ] GC(74) CMS: 100986K->106969K(2011968K)
[2020-09-11T15:40:29.476+0000][1][gc,metaspace ] GC(74) Metaspace: 88959K->88959K(1130496K)
[2020-09-11T15:40:29.476+0000][1][gc           ] GC(74) Pause Young (Allocation Failure) 169M->112M(2039M) 95.926ms
[2020-09-11T15:40:29.476+0000][1][gc,cpu       ] GC(74) User=0.03s Sys=0.00s Real=0.10s
[2020-09-11T15:40:29.502+0000][1][safepoint    ] Safepoint "GenCollectForAllocation", Time since last: 132821127 ns, Reaching safepoint: 168160 ns, At safepoint: 121579945 ns, Total: 121748105 ns
[2020-09-11T15:40:29.519+0000][1][safepoint    ] Safepoint "RevokeBias", Time since last: 10015055 ns, Reaching safepoint: 6237524 ns, At safepoint: 1106280 ns, Total: 7343804 ns
[2020-09-11T15:40:29.828+0000][1][safepoint    ] Safepoint "RevokeBias", Time since last: 306307699 ns, Reaching safepoint: 2258621 ns, At safepoint: 25272 ns, Total: 2283893 ns
[2020-09-11T15:40:29.911+0000][1][safepoint    ] Safepoint "RevokeBias", Time since last: 82997817 ns, Reaching safepoint: 162575 ns, At safepoint: 21664 ns, Total: 184239 ns
[2020-09-11T15:40:29.913+0000][1][safepoint    ] Safepoint "RevokeBias", Time since last: 754126 ns, Reaching safepoint: 1115335 ns, At safepoint: 15713 ns, Total: 1131048 ns
[2020-09-11T15:40:29.913+0000][1][safepoint    ] Safepoint "RevokeBias", Time since last: 152755 ns, Reaching safepoint: 113980 ns, At safepoint: 13710 ns, Total: 127690 ns
[2020-09-11T15:40:29.913+0000][1][safepoint    ] Safepoint "RevokeBias", Time since last: 65644 ns, Reaching safepoint: 110767 ns, At safepoint: 12914 ns, Total: 123681 ns
[2020-09-11T15:40:29.922+0000][1][safepoint    ] Safepoint "Deoptimize", Time since last: 7518659 ns, Reaching safepoint: 828274 ns, At safepoint: 640400 ns, Total: 1468674 ns
[2020-09-11T15:40:30.055+0000][1][safepoint    ] Safepoint "RevokeBias", Time since last: 126607891 ns, Reaching safepoint: 6136646 ns, At safepoint: 67319 ns, Total: 6203965 ns
[2020-09-11T15:40:30.075+0000][1][safepoint    ] Safepoint "RevokeBias", Time since last: 19382421 ns, Reaching safepoint: 152866 ns, At safepoint: 19867 ns, Total: 172733 ns
[2020-09-11T15:40:30.075+0000][1][safepoint    ] Safepoint "RevokeBias", Time since last: 407445 ns, Reaching safepoint: 106862 ns, At safepoint: 13641 ns, Total: 120503 ns
[2020-09-11T15:40:30.097+0000][1][safepoint    ] Safepoint "RevokeBias", Time since last: 19490579 ns, Reaching safepoint: 2011637 ns, At safepoint: 26047 ns, Total: 2037684 ns
[2020-09-11T15:40:30.098+0000][1][safepoint    ] Safepoint "RevokeBias", Time since last: 455075 ns, Reaching safepoint: 1066905 ns, At safepoint: 20142 ns, Total: 1087047 ns
[2020-09-11T15:40:30.099+0000][1][safepoint    ] Safepoint "RevokeBias", Time since last: 91831 ns, Reaching safepoint: 315858 ns, At safepoint: 14709 ns, Total: 330567 ns
[2020-09-11T15:40:30.099+0000][1][safepoint    ] Safepoint "RevokeBias", Time since last: 44977 ns, Reaching safepoint: 110112 ns, At safepoint: 13691 ns, Total: 123803 ns
[2020-09-11T15:40:30.099+0000][1][safepoint    ] Safepoint "RevokeBias", Time since last: 41450 ns, Reaching safepoint: 106031 ns, At safepoint: 11564 ns, Total: 117595 ns
[2020-09-11T15:40:30.099+0000][1][safepoint    ] Safepoint "RevokeBias", Time since last: 39268 ns, Reaching safepoint: 35121 ns, At safepoint: 10735 ns, Total: 45856 ns
[2020-09-11T15:40:30.165+0000][1][safepoint    ] Safepoint "Deoptimize", Time since last: 64680925 ns, Reaching safepoint: 163409 ns, At safepoint: 632620 ns, Total: 796029 ns
[2020-09-11T15:40:30.265+0000][1][safepoint    ] Safepoint "RevokeBias", Time since last: 100188822 ns, Reaching safepoint: 174052 ns, At safepoint: 23732 ns, Total: 197784 ns
[2020-09-11T15:40:30.277+0000][1][safepoint    ] Safepoint "RevokeBias", Time since last: 11810250 ns, Reaching safepoint: 165213 ns, At safepoint: 22262 ns, Total: 187475 ns
[2020-09-11T15:40:30.289+0000][1][safepoint    ] Safepoint "RevokeBias", Time since last: 11814469 ns, Reaching safepoint: 166449 ns, At safepoint: 23199 ns, Total: 189648 ns
[2020-09-11T15:40:30.291+0000][1][safepoint    ] Safepoint "RevokeBias", Time since last: 1428934 ns, Reaching safepoint: 120081 ns, At safepoint: 14381 ns, Total: 134462 ns
[2020-09-11T15:40:30.319+0000][1][safepoint    ] Safepoint "RevokeBias", Time since last: 28148182 ns, Reaching safepoint: 163852 ns, At safepoint: 27533 ns, Total: 191385 ns
[2020-09-11T15:40:30.353+0000][1][safepoint    ] Safepoint "RevokeBias", Time since last: 33936527 ns, Reaching safepoint: 167841 ns, At safepoint: 23637 ns, Total: 191478 ns
[2020-09-11T15:40:30.505+0000][1][safepoint    ] Safepoint "RevokeBias", Time since last: 151506809 ns, Reaching safepoint: 159112 ns, At safepoint: 18063 ns, Total: 177175 ns
[2020-09-11T15:40:30.510+0000][1][safepoint    ] Safepoint "RevokeBias", Time since last: 5127776 ns, Reaching safepoint: 173025 ns, At safepoint: 22893 ns, Total: 195918 ns
[2020-09-11T15:40:30.526+0000][1][safepoint    ] Safepoint "RevokeBias", Time since last: 15724361 ns, Reaching safepoint: 163226 ns, At safepoint: 47511 ns, Total: 210737 ns
[2020-09-11T15:40:30.530+0000][1][safepoint    ] Safepoint "RevokeBias", Time since last: 4083727 ns, Reaching safepoint: 158425 ns, At safepoint: 23041 ns, Total: 181466 ns
[2020-09-11T15:40:30.667+0000][1][safepoint    ] Safepoint "RevokeBias", Time since last: 136304580 ns, Reaching safepoint: 194116 ns, At safepoint: 24350 ns, Total: 218466 ns
[2020-09-11T15:40:30.667+0000][1][safepoint    ] Safepoint "RevokeBias", Time since last: 85491 ns, Reaching safepoint: 108839 ns, At safepoint: 41409 ns, Total: 150248 ns
[2020-09-11T15:40:30.668+0000][1][safepoint    ] Safepoint "RevokeBias", Time since last: 722085 ns, Reaching safepoint: 118456 ns, At safepoint: 14948 ns, Total: 133404 ns
[2020-09-11T15:40:30.668+0000][1][safepoint    ] Safepoint "RevokeBias", Time since last: 71665 ns, Reaching safepoint: 108469 ns, At safepoint: 12425 ns, Total: 120894 ns
[2020-09-11T15:40:30.673+0000][1][safepoint    ] Safepoint "RevokeBias", Time since last: 4379999 ns, Reaching safepoint: 143307 ns, At safepoint: 40822 ns, Total: 184129 ns
[2020-09-11T15:40:30.674+0000][1][safepoint    ] Safepoint "RevokeBias", Time since last: 56844 ns, Reaching safepoint: 1817816 ns, At safepoint: 16656 ns, Total: 1834472 ns
[2020-09-11T15:40:30.675+0000][1][safepoint    ] Safepoint "RevokeBias", Time since last: 71415 ns, Reaching safepoint: 112219 ns, At safepoint: 12571 ns, Total: 124790 ns
[2020-09-11T15:40:30.676+0000][1][safepoint    ] Safepoint "Deoptimize", Time since last: 433852 ns, Reaching safepoint: 116799 ns, At safepoint: 638188 ns, Total: 754987 ns
[2020-09-11T15:40:30.802+0000][1][safepoint    ] Safepoint "RevokeBias", Time since last: 125459810 ns, Reaching safepoint: 170096 ns, At safepoint: 21845 ns, Total: 191941 ns
[2020-09-11T15:40:30.849+0000][1][safepoint    ] Safepoint "RevokeBias", Time since last: 47188522 ns, Reaching safepoint: 150405 ns, At safepoint: 25136 ns, Total: 175541 ns
[2020-09-11T15:40:30.923+0000][1][safepoint    ] Safepoint "RevokeBias", Time since last: 74110678 ns, Reaching safepoint: 179976 ns, At safepoint: 24151 ns, Total: 204127 ns
[2020-09-11T15:40:30.927+0000][1][safepoint    ] Safepoint "RevokeBias", Time since last: 3915518 ns, Reaching safepoint: 157608 ns, At safepoint: 23808 ns, Total: 181416 ns
[2020-09-11T15:40:31.110+0000][1][safepoint    ] Safepoint "Deoptimize", Time since last: 181480959 ns, Reaching safepoint: 178794 ns, At safepoint: 641336 ns, Total: 820130 ns
[2020-09-11T15:40:31.142+0000][1][safepoint    ] Safepoint "RevokeBias", Time since last: 31946061 ns, Reaching safepoint: 168980 ns, At safepoint: 20556 ns, Total: 189536 ns
[2020-09-11T15:40:31.175+0000][1][safepoint    ] Safepoint "RevokeBias", Time since last: 32775089 ns, Reaching safepoint: 92813 ns, At safepoint: 21819 ns, Total: 114632 ns
[2020-09-11T15:40:31.205+0000][1][safepoint    ] Safepoint "RevokeBias", Time since last: 30534549 ns, Reaching safepoint: 107006 ns, At safepoint: 27983 ns, Total: 134989 ns
[2020-09-11T15:40:31.365+0000][1][safepoint    ] Safepoint "RevokeBias", Time since last: 157320401 ns, Reaching safepoint: 2258764 ns, At safepoint: 26569 ns, Total: 2285333 ns
[2020-09-11T15:40:31.456+0000][1][safepoint    ] Safepoint "RevokeBias", Time since last: 83193571 ns, Reaching safepoint: 7515093 ns, At safepoint: 31130 ns, Total: 7546223 ns
[2020-09-11T15:40:31.579+0000][1][safepoint    ] Safepoint "RevokeBias", Time since last: 114259079 ns, Reaching safepoint: 9151038 ns, At safepoint: 34627 ns, Total: 9185665 ns
[2020-09-11T15:40:31.586+0000][1][safepoint    ] Safepoint "RevokeBias", Time since last: 6296665 ns, Reaching safepoint: 162238 ns, At safepoint: 19113 ns, Total: 181351 ns
[2020-09-11T15:40:31.587+0000][1][safepoint    ] Safepoint "RevokeBias", Time since last: 987583 ns, Reaching safepoint: 139111 ns, At safepoint: 17950 ns, Total: 157061 ns
[2020-09-11T15:40:31.624+0000][1][safepoint    ] Safepoint "RevokeBias", Time since last: 36585242 ns, Reaching safepoint: 978255 ns, At safepoint: 23004 ns, Total: 1001259 ns
[2020-09-11T15:40:31.631+0000][1][safepoint    ] Safepoint "RevokeBias", Time since last: 6690261 ns, Reaching safepoint: 161965 ns, At safepoint: 21624 ns, Total: 183589 ns
[2020-09-11T15:40:31.632+0000][1][safepoint    ] Safepoint "RevokeBias", Time since last: 400244 ns, Reaching safepoint: 108863 ns, At safepoint: 14685 ns, Total: 123548 ns
[2020-09-11T15:40:31.632+0000][1][safepoint    ] Safepoint "RevokeBias", Time since last: 287963 ns, Reaching safepoint: 107226 ns, At safepoint: 14963 ns, Total: 122189 ns
[2020-09-11T15:40:31.632+0000][1][safepoint    ] Safepoint "RevokeBias", Time since last: 147142 ns, Reaching safepoint: 106772 ns, At safepoint: 13645 ns, Total: 120417 ns
[2020-09-11T15:40:31.633+0000][1][safepoint    ] Safepoint "RevokeBias", Time since last: 161546 ns, Reaching safepoint: 106434 ns, At safepoint: 12589 ns, Total: 119023 ns
[2020-09-11T15:40:31.637+0000][1][safepoint    ] Safepoint "RevokeBias", Time since last: 206492 ns, Reaching safepoint: 4446069 ns, At safepoint: 46682 ns, Total: 4492751 ns
[2020-09-11T15:40:31.638+0000][1][safepoint    ] Safepoint "RevokeBias", Time since last: 392222 ns, Reaching safepoint: 111928 ns, At safepoint: 14580 ns, Total: 126508 ns
[2020-09-11T15:40:31.641+0000][1][safepoint    ] Safepoint "RevokeBias", Time since last: 2961430 ns, Reaching safepoint: 117941 ns, At safepoint: 15927 ns, Total: 133868 ns
[2020-09-11T15:40:31.650+0000][1][safepoint    ] Safepoint "RevokeBias", Time since last: 9198703 ns, Reaching safepoint: 163527 ns, At safepoint: 23097 ns, Total: 186624 ns
[2020-09-11T15:40:31.651+0000][1][safepoint    ] Safepoint "RevokeBias", Time since last: 64302 ns, Reaching safepoint: 115136 ns, At safepoint: 13068 ns, Total: 128204 ns
[2020-09-11T15:40:31.651+0000][1][safepoint    ] Safepoint "RevokeBias", Time since last: 97650 ns, Reaching safepoint: 107286 ns, At safepoint: 12044 ns, Total: 119330 ns
[2020-09-11T15:40:31.651+0000][1][safepoint    ] Safepoint "RevokeBias", Time since last: 34610 ns, Reaching safepoint: 105821 ns, At safepoint: 14182 ns, Total: 120003 ns
[2020-09-11T15:40:31.651+0000][1][safepoint    ] Safepoint "BulkRevokeBias", Time since last: 66212 ns, Reaching safepoint: 106334 ns, At safepoint: 277666 ns, Total: 384000 ns
[2020-09-11T15:40:31.657+0000][1][safepoint    ] Safepoint "RevokeBias", Time since last: 5917930 ns, Reaching safepoint: 158172 ns, At safepoint: 21121 ns, Total: 179293 ns
[2020-09-11T15:40:31.659+0000][1][safepoint    ] Safepoint "RevokeBias", Time since last: 146837 ns, Reaching safepoint: 1632994 ns, At safepoint: 18062 ns, Total: 1651056 ns
[2020-09-11T15:40:31.996+0000][1][gc,start     ] GC(75) Pause Young (Allocation Failure)
[2020-09-11T15:40:31.996+0000][1][gc,task      ] GC(75) Using 1 workers of 1 for evacuation
[2020-09-11T15:40:32.099+0000][1][gc,age       ] GC(75) Desired survivor size 4358144 bytes, new threshold 6 (max threshold 6)
[2020-09-11T15:40:32.099+0000][1][gc,age       ] GC(75) Age table with threshold 6 (max threshold 6)
[2020-09-11T15:40:32.099+0000][1][gc,age       ] GC(75) - age   1:    2402360 bytes,    2402360 total
[2020-09-11T15:40:32.099+0000][1][gc,heap      ] GC(75) ParNew: 76668K->7457K(76672K)
[2020-09-11T15:40:32.099+0000][1][gc,heap      ] GC(75) CMS: 106969K->108650K(2011968K)
[2020-09-11T15:40:32.099+0000][1][gc,metaspace ] GC(75) Metaspace: 90187K->90187K(1132544K)
[2020-09-11T15:40:32.099+0000][1][gc           ] GC(75) Pause Young (Allocation Failure) 179M->113M(2039M) 102.633ms
[2020-09-11T15:40:32.099+0000][1][gc,cpu       ] GC(75) User=0.03s Sys=0.00s Real=0.10s
[2020-09-11T15:40:32.157+0000][1][safepoint    ] Safepoint "GenCollectForAllocation", Time since last: 336795458 ns, Reaching safepoint: 208832 ns, At safepoint: 160540583 ns, Total: 160749415 ns
[2020-09-11T15:40:32.205+0000][1][safepoint    ] Safepoint "RevokeBias", Time since last: 45117397 ns, Reaching safepoint: 179987 ns, At safepoint: 2703401 ns, Total: 2883388 ns
[2020-09-11T15:40:32.383+0000][1][safepoint    ] Safepoint "RevokeBias", Time since last: 177421243 ns, Reaching safepoint: 938829 ns, At safepoint: 24276 ns, Total: 963105 ns
[2020-09-11T15:40:32.383+0000][1][safepoint    ] Safepoint "RevokeBias", Time since last: 69327 ns, Reaching safepoint: 116065 ns, At safepoint: 13800 ns, Total: 129865 ns
[2020-09-11T15:40:32.390+0000][1][safepoint    ] Safepoint "RevokeBias", Time since last: 6664940 ns, Reaching safepoint: 177070 ns, At safepoint: 23978 ns, Total: 201048 ns
[2020-09-11T15:40:32.940+0000][1][safepoint    ] Safepoint "Deoptimize", Time since last: 548592840 ns, Reaching safepoint: 194493 ns, At safepoint: 660892 ns, Total: 855385 ns
[2020-09-11T15:40:33.367+0000][1][safepoint    ] Safepoint "RevokeBias", Time since last: 426657134 ns, Reaching safepoint: 336703 ns, At safepoint: 23032 ns, Total: 359735 ns
[2020-09-11T15:40:33.367+0000][1][safepoint    ] Safepoint "RevokeBias", Time since last: 201408 ns, Reaching safepoint: 174628 ns, At safepoint: 14871 ns, Total: 189499 ns
[2020-09-11T15:40:33.367+0000][1][safepoint    ] Safepoint "RevokeBias", Time since last: 93132 ns, Reaching safepoint: 110695 ns, At safepoint: 16144 ns, Total: 126839 ns
[2020-09-11T15:40:33.367+0000][1][safepoint    ] Safepoint "RevokeBias", Time since last: 48577 ns, Reaching safepoint: 106542 ns, At safepoint: 15796 ns, Total: 122338 ns
[2020-09-11T15:40:33.485+0000][1][safepoint    ] Safepoint "RevokeBias", Time since last: 116175394 ns, Reaching safepoint: 1157737 ns, At safepoint: 25502 ns, Total: 1183239 ns
[2020-09-11T15:40:33.573+0000][1][safepoint    ] Safepoint "RevokeBias", Time since last: 87939298 ns, Reaching safepoint: 176816 ns, At safepoint: 22392 ns, Total: 199208 ns
[2020-09-11T15:40:33.648+0000][1][safepoint    ] Safepoint "RevokeBias", Time since last: 74071630 ns, Reaching safepoint: 1202084 ns, At safepoint: 25075 ns, Total: 1227159 ns
[2020-09-11T15:40:33.659+0000][1][safepoint    ] Safepoint "RevokeBias", Time since last: 10050362 ns, Reaching safepoint: 172922 ns, At safepoint: 28586 ns, Total: 201508 ns
[2020-09-11T15:40:33.671+0000][1][safepoint    ] Safepoint "RevokeBias", Time since last: 12459900 ns, Reaching safepoint: 179510 ns, At safepoint: 23519 ns, Total: 203029 ns
[2020-09-11T15:40:33.699+0000][1][safepoint    ] Safepoint "RevokeBias", Time since last: 27436917 ns, Reaching safepoint: 254821 ns, At safepoint: 25019 ns, Total: 279840 ns
[2020-09-11T15:40:33.737+0000][1][gc,start     ] GC(76) Pause Young (Allocation Failure)
[2020-09-11T15:40:33.737+0000][1][gc,task      ] GC(76) Using 1 workers of 1 for evacuation
[2020-09-11T15:40:33.798+0000][1][gc,age       ] GC(76) Desired survivor size 4358144 bytes, new threshold 6 (max threshold 6)
[2020-09-11T15:40:33.811+0000][1][gc,age       ] GC(76) Age table with threshold 6 (max threshold 6)
[2020-09-11T15:40:33.811+0000][1][gc,age       ] GC(76) - age   1:     689376 bytes,     689376 total
[2020-09-11T15:40:33.811+0000][1][gc,age       ] GC(76) - age   2:    2275720 bytes,    2965096 total
[2020-09-11T15:40:33.811+0000][1][gc,heap      ] GC(76) ParNew: 75617K->4901K(76672K)
[2020-09-11T15:40:33.811+0000][1][gc,heap      ] GC(76) CMS: 108650K->108650K(2011968K)
[2020-09-11T15:40:33.811+0000][1][gc,metaspace ] GC(76) Metaspace: 90319K->90319K(1132544K)
[2020-09-11T15:40:33.811+0000][1][gc           ] GC(76) Pause Young (Allocation Failure) 179M->110M(2039M) 73.803ms
[2020-09-11T15:40:33.811+0000][1][gc,cpu       ] GC(76) User=0.02s Sys=0.00s Real=0.07s
[2020-09-11T15:40:33.866+0000][1][safepoint    ] Safepoint "GenCollectForAllocation", Time since last: 37879794 ns, Reaching safepoint: 112934 ns, At safepoint: 128968745 ns, Total: 129081679 ns
[2020-09-11T15:40:33.893+0000][1][safepoint    ] Safepoint "RevokeBias", Time since last: 43659 ns, Reaching safepoint: 181664 ns, At safepoint: 26718645 ns, Total: 26900309 ns
[2020-09-11T15:40:33.895+0000][1][safepoint    ] Safepoint "RevokeBias", Time since last: 870829 ns, Reaching safepoint: 1559769 ns, At safepoint: 34249 ns, Total: 1594018 ns
[2020-09-11T15:40:33.909+0000][1][safepoint    ] Safepoint "RevokeBias", Time since last: 7611456 ns, Reaching safepoint: 5969457 ns, At safepoint: 32618 ns, Total: 6002075 ns
[2020-09-11T15:40:33.910+0000][1][safepoint    ] Safepoint "RevokeBias", Time since last: 205946 ns, Reaching safepoint: 1104030 ns, At safepoint: 24903 ns, Total: 1128933 ns
[2020-09-11T15:40:33.911+0000][1][safepoint    ] Safepoint "RevokeBias", Time since last: 115693 ns, Reaching safepoint: 982330 ns, At safepoint: 26931 ns, Total: 1009261 ns
[2020-09-11T15:40:33.913+0000][1][safepoint    ] Safepoint "RevokeBias", Time since last: 75148 ns, Reaching safepoint: 1391138 ns, At safepoint: 30656 ns, Total: 1421794 ns
[2020-09-11T15:40:33.914+0000][1][safepoint    ] Safepoint "RevokeBias", Time since last: 115012 ns, Reaching safepoint: 494028 ns, At safepoint: 602545 ns, Total: 1096573 ns
[2020-09-11T15:40:33.916+0000][1][safepoint    ] Safepoint "RevokeBias", Time since last: 91712 ns, Reaching safepoint: 1192491 ns, At safepoint: 530072 ns, Total: 1722563 ns
[2020-09-11T15:40:33.921+0000][1][safepoint    ] Safepoint "RevokeBias", Time since last: 127155 ns, Reaching safepoint: 4840326 ns, At safepoint: 50302 ns, Total: 4890628 ns
[2020-09-11T15:40:33.926+0000][1][safepoint    ] Safepoint "BulkRevokeBias", Time since last: 122617 ns, Reaching safepoint: 3849688 ns, At safepoint: 1259866 ns, Total: 5109554 ns
[2020-09-11T15:40:33.932+0000][1][safepoint    ] Safepoint "RevokeBias", Time since last: 5262587 ns, Reaching safepoint: 188669 ns, At safepoint: 358003 ns, Total: 546672 ns
[2020-09-11T15:40:33.942+0000][1][safepoint    ] Safepoint "RevokeBias", Time since last: 9114911 ns, Reaching safepoint: 1137792 ns, At safepoint: 46474 ns, Total: 1184266 ns
[2020-09-11T15:40:33.948+0000][1][safepoint    ] Safepoint "RevokeBias", Time since last: 5669062 ns, Reaching safepoint: 226869 ns, At safepoint: 40778 ns, Total: 267647 ns
[2020-09-11T15:40:34.044+0000][1][safepoint    ] Safepoint "RevokeBias", Time since last: 93564051 ns, Reaching safepoint: 2428170 ns, At safepoint: 37257 ns, Total: 2465427 ns
[2020-09-11T15:40:34.081+0000][1][safepoint    ] Safepoint "RevokeBias", Time since last: 35763295 ns, Reaching safepoint: 890118 ns, At safepoint: 26025 ns, Total: 916143 ns
[2020-09-11T15:40:34.469+0000][1][safepoint    ] Safepoint "RevokeBias", Time since last: 387535028 ns, Reaching safepoint: 972438 ns, At safepoint: 22975 ns, Total: 995413 ns
[2020-09-11T15:40:34.678+0000][1][safepoint    ] Safepoint "RevokeBias", Time since last: 207963194 ns, Reaching safepoint: 206318 ns, At safepoint: 22523 ns, Total: 228841 ns
[2020-09-11T15:40:34.767+0000][1][safepoint    ] Safepoint "RevokeBias", Time since last: 81623804 ns, Reaching safepoint: 7554439 ns, At safepoint: 39731 ns, Total: 7594170 ns
[2020-09-11T15:40:34.934+0000][1][safepoint    ] Safepoint "RevokeBias", Time since last: 167250572 ns, Reaching safepoint: 190361 ns, At safepoint: 21565 ns, Total: 211926 ns
[2020-09-11T15:40:34.937+0000][1][safepoint    ] Safepoint "RevokeBias", Time since last: 2485562 ns, Reaching safepoint: 168114 ns, At safepoint: 19800 ns, Total: 187914 ns
[2020-09-11T15:40:35.225+0000][1][safepoint    ] Safepoint "RevokeBias", Time since last: 288313468 ns, Reaching safepoint: 190269 ns, At safepoint: 23595 ns, Total: 213864 ns
[2020-09-11T15:40:35.574+0000][1][safepoint    ] Safepoint "RevokeBias", Time since last: 348240509 ns, Reaching safepoint: 201794 ns, At safepoint: 10605 ns, Total: 212399 ns
[2020-09-11T15:40:35.574+0000][1][safepoint    ] Safepoint "RevokeBias", Time since last: 284404 ns, Reaching safepoint: 123532 ns, At safepoint: 7558 ns, Total: 131090 ns
[2020-09-11T15:40:35.649+0000][1][safepoint    ] Safepoint "RevokeBias", Time since last: 61456358 ns, Reaching safepoint: 13089312 ns, At safepoint: 35253 ns, Total: 13124565 ns
[2020-09-11T15:40:35.661+0000][1][safepoint    ] Safepoint "RevokeBias", Time since last: 12132352 ns, Reaching safepoint: 191932 ns, At safepoint: 21851 ns, Total: 213783 ns
[2020-09-11T15:40:35.662+0000][1][safepoint    ] Safepoint "RevokeBias", Time since last: 316597 ns, Reaching safepoint: 126165 ns, At safepoint: 15386 ns, Total: 141551 ns
[2020-09-11T15:40:35.670+0000][1][safepoint    ] Safepoint "RevokeBias", Time since last: 133247 ns, Reaching safepoint: 7616381 ns, At safepoint: 35814 ns, Total: 7652195 ns
[2020-09-11T15:40:35.670+0000][1][safepoint    ] Safepoint "RevokeBias", Time since last: 163699 ns, Reaching safepoint: 129963 ns, At safepoint: 14755 ns, Total: 144718 ns
[2020-09-11T15:40:35.670+0000][1][safepoint    ] Safepoint "RevokeBias", Time since last: 180655 ns, Reaching safepoint: 123556 ns, At safepoint: 13038 ns, Total: 136594 ns
[2020-09-11T15:40:35.671+0000][1][safepoint    ] Safepoint "RevokeBias", Time since last: 257650 ns, Reaching safepoint: 122846 ns, At safepoint: 12966 ns, Total: 135812 ns
[2020-09-11T15:40:35.671+0000][1][safepoint    ] Safepoint "RevokeBias", Time since last: 85152 ns, Reaching safepoint: 123768 ns, At safepoint: 12762 ns, Total: 136530 ns
[2020-09-11T15:40:35.673+0000][1][safepoint    ] Safepoint "RevokeBias", Time since last: 1576331 ns, Reaching safepoint: 148775 ns, At safepoint: 18444 ns, Total: 167219 ns
[2020-09-11T15:40:35.673+0000][1][safepoint    ] Safepoint "RevokeBias", Time since last: 94061 ns, Reaching safepoint: 286114 ns, At safepoint: 14381 ns, Total: 300495 ns
[2020-09-11T15:40:35.678+0000][1][safepoint    ] Safepoint "RevokeBias", Time since last: 5160799 ns, Reaching safepoint: 192975 ns, At safepoint: 22694 ns, Total: 215669 ns
[2020-09-11T15:40:35.679+0000][1][safepoint    ] Safepoint "RevokeBias", Time since last: 215491 ns, Reaching safepoint: 109645 ns, At safepoint: 20502 ns, Total: 130147 ns
[2020-09-11T15:40:35.679+0000][1][safepoint    ] Safepoint "RevokeBias", Time since last: 80993 ns, Reaching safepoint: 107251 ns, At safepoint: 12250 ns, Total: 119501 ns
[2020-09-11T15:40:35.679+0000][1][safepoint    ] Safepoint "RevokeBias", Time since last: 70201 ns, Reaching safepoint: 106278 ns, At safepoint: 12013 ns, Total: 118291 ns
[2020-09-11T15:40:35.679+0000][1][safepoint    ] Safepoint "RevokeBias", Time since last: 75435 ns, Reaching safepoint: 105815 ns, At safepoint: 11722 ns, Total: 117537 ns
[2020-09-11T15:40:35.680+0000][1][safepoint    ] Safepoint "RevokeBias", Time since last: 238673 ns, Reaching safepoint: 107180 ns, At safepoint: 13605 ns, Total: 120785 ns
[2020-09-11T15:40:35.696+0000][1][safepoint    ] Safepoint "RevokeBias", Time since last: 9311285 ns, Reaching safepoint: 946318 ns, At safepoint: 5998682 ns, Total: 6945000 ns
[2020-09-11T15:40:35.853+0000][1][safepoint    ] Safepoint "RevokeBias", Time since last: 156238282 ns, Reaching safepoint: 1060507 ns, At safepoint: 28341 ns, Total: 1088848 ns
[2020-09-11T15:40:35.897+0000][1][safepoint    ] Safepoint "RevokeBias", Time since last: 43200738 ns, Reaching safepoint: 164482 ns, At safepoint: 9810 ns, Total: 174292 ns
[2020-09-11T15:40:35.897+0000][1][safepoint    ] Safepoint "RevokeBias", Time since last: 148876 ns, Reaching safepoint: 170157 ns, At safepoint: 13223 ns, Total: 183380 ns
[2020-09-11T15:40:35.913+0000][1][safepoint    ] Safepoint "RevokeBias", Time since last: 16061131 ns, Reaching safepoint: 306705 ns, At safepoint: 22803 ns, Total: 329508 ns
[2020-09-11T15:40:35.913+0000][1][safepoint    ] Safepoint "RevokeBias", Time since last: 77516 ns, Reaching safepoint: 106837 ns, At safepoint: 14193 ns, Total: 121030 ns
[2020-09-11T15:40:35.914+0000][1][safepoint    ] Safepoint "RevokeBias", Time since last: 41968 ns, Reaching safepoint: 104648 ns, At safepoint: 23881 ns, Total: 128529 ns
[2020-09-11T15:40:35.949+0000][1][safepoint    ] Safepoint "RevokeBias", Time since last: 34992003 ns, Reaching safepoint: 301605 ns, At safepoint: 23439 ns, Total: 325044 ns
[2020-09-11T15:40:35.966+0000][1][safepoint    ] Safepoint "RevokeBias", Time since last: 15848486 ns, Reaching safepoint: 1127043 ns, At safepoint: 27030 ns, Total: 1154073 ns
[2020-09-11T15:40:35.969+0000][1][safepoint    ] Safepoint "RevokeBias", Time since last: 2839577 ns, Reaching safepoint: 150994 ns, At safepoint: 20323 ns, Total: 171317 ns
[2020-09-11T15:40:36.029+0000][1][safepoint    ] Safepoint "RevokeBias", Time since last: 60105349 ns, Reaching safepoint: 190908 ns, At safepoint: 27020 ns, Total: 217928 ns
[2020-09-11T15:40:36.263+0000][1][safepoint    ] Safepoint "RevokeBias", Time since last: 233228369 ns, Reaching safepoint: 728968 ns, At safepoint: 24391 ns, Total: 753359 ns
[2020-09-11T15:40:36.274+0000][1][safepoint    ] Safepoint "RevokeBias", Time since last: 10977579 ns, Reaching safepoint: 168222 ns, At safepoint: 21621 ns, Total: 189843 ns
[2020-09-11T15:40:36.275+0000][1][safepoint    ] Safepoint "RevokeBias", Time since last: 71437 ns, Reaching safepoint: 107263 ns, At safepoint: 22941 ns, Total: 130204 ns
[2020-09-11T15:40:36.275+0000][1][safepoint    ] Safepoint "RevokeBias", Time since last: 53668 ns, Reaching safepoint: 105628 ns, At safepoint: 14190 ns, Total: 119818 ns
[2020-09-11T15:40:36.275+0000][1][safepoint    ] Safepoint "RevokeBias", Time since last: 37754 ns, Reaching safepoint: 104779 ns, At safepoint: 13786 ns, Total: 118565 ns
[2020-09-11T15:40:36.275+0000][1][safepoint    ] Safepoint "RevokeBias", Time since last: 28499 ns, Reaching safepoint: 103886 ns, At safepoint: 13414 ns, Total: 117300 ns
[2020-09-11T15:40:36.275+0000][1][safepoint    ] Safepoint "RevokeBias", Time since last: 100760 ns, Reaching safepoint: 173948 ns, At safepoint: 13024 ns, Total: 186972 ns
[2020-09-11T15:40:36.276+0000][1][safepoint    ] Safepoint "RevokeBias", Time since last: 52713 ns, Reaching safepoint: 102387 ns, At safepoint: 12388 ns, Total: 114775 ns
[2020-09-11T15:40:36.276+0000][1][safepoint    ] Safepoint "RevokeBias", Time since last: 38265 ns, Reaching safepoint: 102151 ns, At safepoint: 12536 ns, Total: 114687 ns
[2020-09-11T15:40:36.281+0000][1][safepoint    ] Safepoint "RevokeBias", Time since last: 5220587 ns, Reaching safepoint: 151016 ns, At safepoint: 20513 ns, Total: 171529 ns
[2020-09-11T15:40:36.287+0000][1][safepoint    ] Safepoint "RevokeBias", Time since last: 5928247 ns, Reaching safepoint: 157460 ns, At safepoint: 22242 ns, Total: 179702 ns
[2020-09-11T15:40:36.288+0000][1][safepoint    ] Safepoint "RevokeBias", Time since last: 184434 ns, Reaching safepoint: 105768 ns, At safepoint: 14443 ns, Total: 120211 ns
[2020-09-11T15:40:36.288+0000][1][safepoint    ] Safepoint "RevokeBias", Time since last: 450707 ns, Reaching safepoint: 105798 ns, At safepoint: 15254 ns, Total: 121052 ns
[2020-09-11T15:40:36.288+0000][1][safepoint    ] Safepoint "RevokeBias", Time since last: 119010 ns, Reaching safepoint: 106841 ns, At safepoint: 13930 ns, Total: 120771 ns
[2020-09-11T15:40:36.289+0000][1][safepoint    ] Safepoint "RevokeBias", Time since last: 107688 ns, Reaching safepoint: 105683 ns, At safepoint: 12398 ns, Total: 118081 ns
[2020-09-11T15:40:36.289+0000][1][safepoint    ] Safepoint "RevokeBias", Time since last: 140992 ns, Reaching safepoint: 104878 ns, At safepoint: 20806 ns, Total: 125684 ns
[2020-09-11T15:40:36.289+0000][1][safepoint    ] Safepoint "BulkRevokeBias", Time since last: 28619 ns, Reaching safepoint: 106032 ns, At safepoint: 303469 ns, Total: 409501 ns
[2020-09-11T15:40:36.289+0000][1][safepoint    ] Safepoint "RevokeBias", Time since last: 43633 ns, Reaching safepoint: 109618 ns, At safepoint: 20930 ns, Total: 130548 ns
[2020-09-11T15:40:36.290+0000][1][safepoint    ] Safepoint "RevokeBias", Time since last: 30533 ns, Reaching safepoint: 255576 ns, At safepoint: 20173 ns, Total: 275749 ns
[2020-09-11T15:40:36.290+0000][1][safepoint    ] Safepoint "RevokeBias", Time since last: 59950 ns, Reaching safepoint: 104605 ns, At safepoint: 19664 ns, Total: 124269 ns
[2020-09-11T15:40:36.307+0000][1][safepoint    ] Safepoint "RevokeBias", Time since last: 17205431 ns, Reaching safepoint: 161577 ns, At safepoint: 33756 ns, Total: 195333 ns
[2020-09-11T15:40:36.313+0000][1][safepoint    ] Safepoint "RevokeBias", Time since last: 5702014 ns, Reaching safepoint: 157960 ns, At safepoint: 33127 ns, Total: 191087 ns
[2020-09-11T15:40:36.316+0000][1][safepoint    ] Safepoint "RevokeBias", Time since last: 2130714 ns, Reaching safepoint: 147196 ns, At safepoint: 36334 ns, Total: 183530 ns
[2020-09-11T15:40:36.316+0000][1][safepoint    ] Safepoint "RevokeBias", Time since last: 116611 ns, Reaching safepoint: 108444 ns, At safepoint: 20994 ns, Total: 129438 ns
[2020-09-11T15:40:36.316+0000][1][safepoint    ] Safepoint "RevokeBias", Time since last: 39876 ns, Reaching safepoint: 104069 ns, At safepoint: 19655 ns, Total: 123724 ns
[2020-09-11T15:40:36.316+0000][1][safepoint    ] Safepoint "RevokeBias", Time since last: 147175 ns, Reaching safepoint: 106581 ns, At safepoint: 20837 ns, Total: 127418 ns
[2020-09-11T15:40:36.321+0000][1][safepoint    ] Safepoint "RevokeBias", Time since last: 4946288 ns, Reaching safepoint: 159263 ns, At safepoint: 39169 ns, Total: 198432 ns
[2020-09-11T15:40:36.562+0000][1][safepoint    ] Safepoint "RevokeBias", Time since last: 228555144 ns, Reaching safepoint: 12045793 ns, At safepoint: 38845 ns, Total: 12084638 ns
[2020-09-11T15:40:36.570+0000][1][gc,start     ] GC(77) Pause Young (Allocation Failure)
[2020-09-11T15:40:36.570+0000][1][gc,task      ] GC(77) Using 1 workers of 1 for evacuation
[2020-09-11T15:40:36.668+0000][1][gc,age       ] GC(77) Desired survivor size 4358144 bytes, new threshold 6 (max threshold 6)
[2020-09-11T15:40:36.668+0000][1][gc,age       ] GC(77) Age table with threshold 6 (max threshold 6)
[2020-09-11T15:40:36.668+0000][1][gc,age       ] GC(77) - age   1:    1313728 bytes,    1313728 total
[2020-09-11T15:40:36.668+0000][1][gc,age       ] GC(77) - age   2:     294392 bytes,    1608120 total
[2020-09-11T15:40:36.668+0000][1][gc,age       ] GC(77) - age   3:     243528 bytes,    1851648 total
[2020-09-11T15:40:36.668+0000][1][gc,heap      ] GC(77) ParNew: 73061K->3397K(76672K)
[2020-09-11T15:40:36.668+0000][1][gc,heap      ] GC(77) CMS: 108650K->108650K(2011968K)
[2020-09-11T15:40:36.668+0000][1][gc,metaspace ] GC(77) Metaspace: 91821K->91821K(1134592K)
[2020-09-11T15:40:36.668+0000][1][gc           ] GC(77) Pause Young (Allocation Failure) 177M->109M(2039M) 98.531ms
[2020-09-11T15:40:36.668+0000][1][gc,cpu       ] GC(77) User=0.03s Sys=0.00s Real=0.10s
[2020-09-11T15:40:36.690+0000][1][safepoint    ] Safepoint "GenCollectForAllocation", Time since last: 7699612 ns, Reaching safepoint: 183590 ns, At safepoint: 120145389 ns, Total: 120328979 ns
[2020-09-11T15:40:36.720+0000][1][safepoint    ] Safepoint "RevokeBias", Time since last: 27067773 ns, Reaching safepoint: 2406992 ns, At safepoint: 36029 ns, Total: 2443021 ns
[2020-09-11T15:40:36.730+0000][1][safepoint    ] Safepoint "RevokeBias", Time since last: 5074985 ns, Reaching safepoint: 5126629 ns, At safepoint: 31923 ns, Total: 5158552 ns
[2020-09-11T15:40:36.733+0000][1][safepoint    ] Safepoint "RevokeBias", Time since last: 1230485 ns, Reaching safepoint: 1876123 ns, At safepoint: 32018 ns, Total: 1908141 ns
[2020-09-11T15:40:36.746+0000][1][safepoint    ] Safepoint "RevokeBias", Time since last: 12470869 ns, Reaching safepoint: 262239 ns, At safepoint: 22486 ns, Total: 284725 ns
[2020-09-11T15:40:36.749+0000][1][safepoint    ] Safepoint "RevokeBias", Time since last: 1548611 ns, Reaching safepoint: 1647052 ns, At safepoint: 26063 ns, Total: 1673115 ns
[2020-09-11T15:40:36.785+0000][1][safepoint    ] Safepoint "RevokeBias", Time since last: 31904134 ns, Reaching safepoint: 4135880 ns, At safepoint: 35990 ns, Total: 4171870 ns
[2020-09-11T15:40:36.799+0000][1][safepoint    ] Safepoint "RevokeBias", Time since last: 12145257 ns, Reaching safepoint: 1831261 ns, At safepoint: 29292 ns, Total: 1860553 ns
[2020-09-11T15:40:36.810+0000][1][safepoint    ] Safepoint "RevokeBias", Time since last: 10654620 ns, Reaching safepoint: 268712 ns, At safepoint: 25010 ns, Total: 293722 ns
[2020-09-11T15:40:36.810+0000][1][safepoint    ] Safepoint "RevokeBias", Time since last: 184966 ns, Reaching safepoint: 335106 ns, At safepoint: 17520 ns, Total: 352626 ns
[2020-09-11T15:40:36.811+0000][1][safepoint    ] Safepoint "RevokeBias", Time since last: 96230 ns, Reaching safepoint: 124794 ns, At safepoint: 15333 ns, Total: 140127 ns
[2020-09-11T15:40:36.893+0000][1][safepoint    ] Safepoint "RevokeBias", Time since last: 79676689 ns, Reaching safepoint: 2542957 ns, At safepoint: 143695 ns, Total: 2686652 ns
[2020-09-11T15:40:36.921+0000][1][safepoint    ] Safepoint "RevokeBias", Time since last: 27892602 ns, Reaching safepoint: 306058 ns, At safepoint: 26654 ns, Total: 332712 ns
[2020-09-11T15:40:36.933+0000][1][safepoint    ] Safepoint "RevokeBias", Time since last: 11519502 ns, Reaching safepoint: 313366 ns, At safepoint: 367667 ns, Total: 681033 ns
[2020-09-11T15:40:36.945+0000][1][safepoint    ] Safepoint "RevokeBias", Time since last: 7294711 ns, Reaching safepoint: 4141986 ns, At safepoint: 34232 ns, Total: 4176218 ns
[2020-09-11T15:40:36.945+0000][1][safepoint    ] Safepoint "RevokeBias", Time since last: 112618 ns, Reaching safepoint: 154154 ns, At safepoint: 25112 ns, Total: 179266 ns
[2020-09-11T15:40:36.945+0000][1][safepoint    ] Safepoint "RevokeBias", Time since last: 38567 ns, Reaching safepoint: 168301 ns, At safepoint: 15904 ns, Total: 184205 ns
[2020-09-11T15:40:36.946+0000][1][safepoint    ] Safepoint "RevokeBias", Time since last: 36371 ns, Reaching safepoint: 150103 ns, At safepoint: 15534 ns, Total: 165637 ns
[2020-09-11T15:40:36.946+0000][1][safepoint    ] Safepoint "RevokeBias", Time since last: 35673 ns, Reaching safepoint: 423770 ns, At safepoint: 26028 ns, Total: 449798 ns
[2020-09-11T15:40:36.949+0000][1][safepoint    ] Safepoint "RevokeBias", Time since last: 33607 ns, Reaching safepoint: 149511 ns, At safepoint: 2433710 ns, Total: 2583221 ns
[2020-09-11T15:40:36.952+0000][1][safepoint    ] Safepoint "RevokeBias", Time since last: 1793100 ns, Reaching safepoint: 1276260 ns, At safepoint: 186619 ns, Total: 1462879 ns
[2020-09-11T15:40:36.967+0000][1][safepoint    ] Safepoint "BulkRevokeBias", Time since last: 12778717 ns, Reaching safepoint: 269176 ns, At safepoint: 1703614 ns, Total: 1972790 ns
[2020-09-11T15:40:36.978+0000][1][safepoint    ] Safepoint "RevokeBias", Time since last: 10885174 ns, Reaching safepoint: 175347 ns, At safepoint: 11322 ns, Total: 186669 ns
[2020-09-11T15:40:36.979+0000][1][safepoint    ] Safepoint "RevokeBias", Time since last: 557068 ns, Reaching safepoint: 125683 ns, At safepoint: 8860 ns, Total: 134543 ns
[2020-09-11T15:40:37.630+0000][1][safepoint    ] Safepoint "RevokeBias", Time since last: 638907359 ns, Reaching safepoint: 12556334 ns, At safepoint: 35078 ns, Total: 12591412 ns
[2020-09-11T15:40:38.173+0000][1][safepoint    ] Safepoint "RevokeBias", Time since last: 542969909 ns, Reaching safepoint: 241781 ns, At safepoint: 23630 ns, Total: 265411 ns
[2020-09-11T15:40:38.174+0000][1][safepoint    ] Safepoint "RevokeBias", Time since last: 693129 ns, Reaching safepoint: 109215 ns, At safepoint: 13699 ns, Total: 122914 ns
[2020-09-11T15:40:38.174+0000][1][safepoint    ] Safepoint "RevokeBias", Time since last: 130442 ns, Reaching safepoint: 111645 ns, At safepoint: 12561 ns, Total: 124206 ns
[2020-09-11T15:40:38.177+0000][1][safepoint    ] Safepoint "RevokeBias", Time since last: 2429759 ns, Reaching safepoint: 57703 ns, At safepoint: 17524 ns, Total: 75227 ns
[2020-09-11T15:40:38.224+0000][1][safepoint    ] Safepoint "RevokeBias", Time since last: 46982498 ns, Reaching safepoint: 192338 ns, At safepoint: 26822 ns, Total: 219160 ns
[2020-09-11T15:40:38.241+0000][1][gc,start     ] GC(78) Pause Young (Allocation Failure)
[2020-09-11T15:40:38.241+0000][1][gc,task      ] GC(78) Using 1 workers of 1 for evacuation
[2020-09-11T15:40:38.361+0000][1][gc,age       ] GC(78) Desired survivor size 4358144 bytes, new threshold 6 (max threshold 6)
[2020-09-11T15:40:38.361+0000][1][gc,age       ] GC(78) Age table with threshold 6 (max threshold 6)
[2020-09-11T15:40:38.361+0000][1][gc,age       ] GC(78) - age   1:    2010976 bytes,    2010976 total
[2020-09-11T15:40:38.361+0000][1][gc,age       ] GC(78) - age   2:     817672 bytes,    2828648 total
[2020-09-11T15:40:38.361+0000][1][gc,age       ] GC(78) - age   3:     126632 bytes,    2955280 total
[2020-09-11T15:40:38.361+0000][1][gc,age       ] GC(78) - age   4:     238552 bytes,    3193832 total
[2020-09-11T15:40:38.361+0000][1][gc,heap      ] GC(78) ParNew: 71557K->3308K(76672K)
[2020-09-11T15:40:38.361+0000][1][gc,heap      ] GC(78) CMS: 108650K->108650K(2011968K)
[2020-09-11T15:40:38.361+0000][1][gc,metaspace ] GC(78) Metaspace: 92448K->92448K(1134592K)
[2020-09-11T15:40:38.361+0000][1][gc           ] GC(78) Pause Young (Allocation Failure) 175M->109M(2039M) 120.101ms
[2020-09-11T15:40:38.361+0000][1][gc,cpu       ] GC(78) User=0.04s Sys=0.00s Real=0.12s
[2020-09-11T15:40:38.361+0000][1][safepoint    ] Safepoint "GenCollectForAllocation", Time since last: 16758983 ns, Reaching safepoint: 181076 ns, At safepoint: 120259329 ns, Total: 120440405 ns
[2020-09-11T15:40:38.383+0000][1][safepoint    ] Safepoint "RevokeBias", Time since last: 17585941 ns, Reaching safepoint: 94674 ns, At safepoint: 4110871 ns, Total: 4205545 ns
[2020-09-11T15:40:39.383+0000][1][safepoint    ] Safepoint "Cleanup", Time since last: 1000120614 ns, Reaching safepoint: 115443 ns, At safepoint: 7539 ns, Total: 122982 ns
[2020-09-11T15:40:39.489+0000][1][safepoint    ] Safepoint "RevokeBias", Time since last: 101939430 ns, Reaching safepoint: 3445566 ns, At safepoint: 37452 ns, Total: 3483018 ns
[2020-09-11T15:40:39.490+0000][1][safepoint    ] Safepoint "RevokeBias", Time since last: 758058 ns, Reaching safepoint: 114401 ns, At safepoint: 14887 ns, Total: 129288 ns
[2020-09-11T15:40:39.493+0000][1][safepoint    ] Safepoint "RevokeBias", Time since last: 1458568 ns, Reaching safepoint: 1761618 ns, At safepoint: 20431 ns, Total: 1782049 ns
[2020-09-11T15:40:39.493+0000][1][safepoint    ] Safepoint "RevokeBias", Time since last: 86078 ns, Reaching safepoint: 108558 ns, At safepoint: 15152 ns, Total: 123710 ns
[2020-09-11T15:40:39.518+0000][1][safepoint    ] Safepoint "RevokeBias", Time since last: 24429796 ns, Reaching safepoint: 154823 ns, At safepoint: 20077 ns, Total: 174900 ns
[2020-09-11T15:40:40.518+0000][1][safepoint    ] Safepoint "Cleanup", Time since last: 1000101247 ns, Reaching safepoint: 141344 ns, At safepoint: 8143 ns, Total: 149487 ns
[2020-09-11T15:40:41.518+0000][1][safepoint    ] Safepoint "Cleanup", Time since last: 1000116627 ns, Reaching safepoint: 104865 ns, At safepoint: 7686 ns, Total: 112551 ns
[2020-09-11T15:40:42.518+0000][1][safepoint    ] Safepoint "Cleanup", Time since last: 1000108176 ns, Reaching safepoint: 109475 ns, At safepoint: 8468 ns, Total: 117943 ns
[2020-09-11T15:40:42.597+0000][1][safepoint    ] Safepoint "RevokeBias", Time since last: 75174332 ns, Reaching safepoint: 3330119 ns, At safepoint: 47894 ns, Total: 3378013 ns
[2020-09-11T15:40:42.597+0000][1][safepoint    ] Safepoint "RevokeBias", Time since last: 243382 ns, Reaching safepoint: 107576 ns, At safepoint: 14187 ns, Total: 121763 ns
[2020-09-11T15:40:42.598+0000][1][safepoint    ] Safepoint "RevokeBias", Time since last: 638768 ns, Reaching safepoint: 112955 ns, At safepoint: 15781 ns, Total: 128736 ns
[2020-09-11T15:40:42.598+0000][1][safepoint    ] Safepoint "RevokeBias", Time since last: 65304 ns, Reaching safepoint: 106606 ns, At safepoint: 13028 ns, Total: 119634 ns
[2020-09-11T15:40:42.634+0000][1][safepoint    ] Safepoint "RevokeBias", Time since last: 36074921 ns, Reaching safepoint: 159319 ns, At safepoint: 23002 ns, Total: 182321 ns
[2020-09-11T15:40:43.168+0000][1][safepoint    ] Safepoint "RevokeBias", Time since last: 533638513 ns, Reaching safepoint: 93682 ns, At safepoint: 30485 ns, Total: 124167 ns
[2020-09-11T15:40:43.181+0000][1][safepoint    ] Safepoint "RevokeBias", Time since last: 12660626 ns, Reaching safepoint: 211143 ns, At safepoint: 25193 ns, Total: 236336 ns
[2020-09-11T15:40:43.181+0000][1][safepoint    ] Safepoint "RevokeBias", Time since last: 56543 ns, Reaching safepoint: 138529 ns, At safepoint: 15748 ns, Total: 154277 ns
[2020-09-11T15:40:43.182+0000][1][safepoint    ] Safepoint "RevokeBias", Time since last: 34955 ns, Reaching safepoint: 132420 ns, At safepoint: 13747 ns, Total: 146167 ns
[2020-09-11T15:40:43.184+0000][1][safepoint    ] Safepoint "RevokeBias", Time since last: 1731974 ns, Reaching safepoint: 960364 ns, At safepoint: 22447 ns, Total: 982811 ns
[2020-09-11T15:40:43.202+0000][1][safepoint    ] Safepoint "RevokeBias", Time since last: 17815016 ns, Reaching safepoint: 175145 ns, At safepoint: 23160 ns, Total: 198305 ns
[2020-09-11T15:40:43.290+0000][1][safepoint    ] Safepoint "Deoptimize", Time since last: 86531692 ns, Reaching safepoint: 938941 ns, At safepoint: 692386 ns, Total: 1631327 ns
[2020-09-11T15:40:43.315+0000][1][safepoint    ] Safepoint "RevokeBias", Time since last: 22525861 ns, Reaching safepoint: 1556530 ns, At safepoint: 25852 ns, Total: 1582382 ns
[2020-09-11T15:40:43.333+0000][1][safepoint    ] Safepoint "RevokeBias", Time since last: 16078514 ns, Reaching safepoint: 2295542 ns, At safepoint: 31465 ns, Total: 2327007 ns
[2020-09-11T15:40:43.359+0000][1][safepoint    ] Safepoint "RevokeBias", Time since last: 25592955 ns, Reaching safepoint: 163177 ns, At safepoint: 22840 ns, Total: 186017 ns
[2020-09-11T15:40:43.425+0000][1][safepoint    ] Safepoint "RevokeBias", Time since last: 64647821 ns, Reaching safepoint: 1494132 ns, At safepoint: 28520 ns, Total: 1522652 ns
[2020-09-11T15:40:43.665+0000][1][safepoint    ] Safepoint "RevokeBias", Time since last: 238577708 ns, Reaching safepoint: 1404676 ns, At safepoint: 24001 ns, Total: 1428677 ns
[2020-09-11T15:40:43.677+0000][1][safepoint    ] Safepoint "RevokeBias", Time since last: 8168639 ns, Reaching safepoint: 3808167 ns, At safepoint: 33698 ns, Total: 3841865 ns
[2020-09-11T15:40:43.677+0000][1][safepoint    ] Safepoint "RevokeBias", Time since last: 202499 ns, Reaching safepoint: 110582 ns, At safepoint: 13269 ns, Total: 123851 ns
[2020-09-11T15:40:43.680+0000][1][safepoint    ] Safepoint "RevokeBias", Time since last: 66849 ns, Reaching safepoint: 2894674 ns, At safepoint: 25499 ns, Total: 2920173 ns
[2020-09-11T15:40:43.891+0000][1][safepoint    ] Safepoint "RevokeBias", Time since last: 210285673 ns, Reaching safepoint: 199979 ns, At safepoint: 25817 ns, Total: 225796 ns
[2020-09-11T15:40:44.042+0000][1][gc,start     ] GC(79) Pause Young (Allocation Failure)
[2020-09-11T15:40:44.042+0000][1][gc,task      ] GC(79) Using 1 workers of 1 for evacuation
[2020-09-11T15:40:44.159+0000][1][gc,age       ] GC(79) Desired survivor size 4358144 bytes, new threshold 6 (max threshold 6)
[2020-09-11T15:40:44.173+0000][1][gc,age       ] GC(79) Age table with threshold 6 (max threshold 6)
[2020-09-11T15:40:44.173+0000][1][gc,age       ] GC(79) - age   1:    1082936 bytes,    1082936 total
[2020-09-11T15:40:44.173+0000][1][gc,age       ] GC(79) - age   2:     317232 bytes,    1400168 total
[2020-09-11T15:40:44.173+0000][1][gc,age       ] GC(79) - age   3:     802304 bytes,    2202472 total
[2020-09-11T15:40:44.173+0000][1][gc,age       ] GC(79) - age   4:     125008 bytes,    2327480 total
[2020-09-11T15:40:44.173+0000][1][gc,age       ] GC(79) - age   5:     236072 bytes,    2563552 total
[2020-09-11T15:40:44.173+0000][1][gc,heap      ] GC(79) ParNew: 71468K->2614K(76672K)
[2020-09-11T15:40:44.173+0000][1][gc,heap      ] GC(79) CMS: 108650K->108650K(2011968K)
[2020-09-11T15:40:44.173+0000][1][gc,metaspace ] GC(79) Metaspace: 93343K->93343K(1134592K)
[2020-09-11T15:40:44.173+0000][1][gc           ] GC(79) Pause Young (Allocation Failure) 175M->108M(2039M) 130.745ms
[2020-09-11T15:40:44.173+0000][1][gc,cpu       ] GC(79) User=0.05s Sys=0.00s Real=0.13s
[2020-09-11T15:40:44.173+0000][1][safepoint    ] Safepoint "GenCollectForAllocation", Time since last: 151215280 ns, Reaching safepoint: 201466 ns, At safepoint: 130810365 ns, Total: 131011831 ns
[2020-09-11T15:40:44.241+0000][1][safepoint    ] Safepoint "RevokeBias", Time since last: 68333986 ns, Reaching safepoint: 170161 ns, At safepoint: 39381 ns, Total: 209542 ns
[2020-09-11T15:40:44.243+0000][1][safepoint    ] Safepoint "RevokeBias", Time since last: 1834375 ns, Reaching safepoint: 61218 ns, At safepoint: 16775 ns, Total: 77993 ns
[2020-09-11T15:40:45.249+0000][1][safepoint    ] Safepoint "Cleanup", Time since last: 1001360538 ns, Reaching safepoint: 4153103 ns, At safepoint: 14666 ns, Total: 4167769 ns
[2020-09-11T15:40:45.747+0000][1][gc,start     ] GC(80) Pause Young (Allocation Failure)
[2020-09-11T15:40:45.747+0000][1][gc,task      ] GC(80) Using 1 workers of 1 for evacuation
[2020-09-11T15:40:45.790+0000][1][gc,age       ] GC(80) Desired survivor size 4358144 bytes, new threshold 6 (max threshold 6)
[2020-09-11T15:40:45.790+0000][1][gc,age       ] GC(80) Age table with threshold 6 (max threshold 6)
[2020-09-11T15:40:45.790+0000][1][gc,age       ] GC(80) - age   1:     777064 bytes,     777064 total
[2020-09-11T15:40:45.790+0000][1][gc,age       ] GC(80) - age   2:     859296 bytes,    1636360 total
[2020-09-11T15:40:45.790+0000][1][gc,age       ] GC(80) - age   3:     312376 bytes,    1948736 total
[2020-09-11T15:40:45.790+0000][1][gc,age       ] GC(80) - age   4:     801560 bytes,    2750296 total
[2020-09-11T15:40:45.790+0000][1][gc,age       ] GC(80) - age   5:     123768 bytes,    2874064 total
[2020-09-11T15:40:45.790+0000][1][gc,age       ] GC(80) - age   6:     235776 bytes,    3109840 total
[2020-09-11T15:40:45.790+0000][1][gc,heap      ] GC(80) ParNew: 70774K->5062K(76672K)
[2020-09-11T15:40:45.790+0000][1][gc,heap      ] GC(80) CMS: 108650K->108650K(2011968K)
[2020-09-11T15:40:45.790+0000][1][gc,metaspace ] GC(80) Metaspace: 93497K->93497K(1134592K)
[2020-09-11T15:40:45.790+0000][1][gc           ] GC(80) Pause Young (Allocation Failure) 175M->111M(2039M) 42.998ms
[2020-09-11T15:40:45.790+0000][1][gc,cpu       ] GC(80) User=0.02s Sys=0.00s Real=0.04s
[2020-09-11T15:40:45.801+0000][1][safepoint    ] Safepoint "GenCollectForAllocation", Time since last: 496488345 ns, Reaching safepoint: 1658773 ns, At safepoint: 53687337 ns, Total: 55346110 ns
[2020-09-11T15:40:45.806+0000][1][safepoint    ] Safepoint "RevokeBias", Time since last: 3985457 ns, Reaching safepoint: 975404 ns, At safepoint: 257975 ns, Total: 1233379 ns
[2020-09-11T15:40:45.810+0000][1][safepoint    ] Safepoint "RevokeBias", Time since last: 2767414 ns, Reaching safepoint: 1169680 ns, At safepoint: 423394 ns, Total: 1593074 ns
[2020-09-11T15:40:45.811+0000][1][safepoint    ] Safepoint "RevokeBias", Time since last: 150600 ns, Reaching safepoint: 194117 ns, At safepoint: 33983 ns, Total: 228100 ns
[2020-09-11T15:40:45.813+0000][1][safepoint    ] Safepoint "RevokeBias", Time since last: 57789 ns, Reaching safepoint: 2039524 ns, At safepoint: 39360 ns, Total: 2078884 ns
[2020-09-11T15:40:45.846+0000][1][safepoint    ] Safepoint "RevokeBias", Time since last: 32752471 ns, Reaching safepoint: 159521 ns, At safepoint: 25637 ns, Total: 185158 ns
[2020-09-11T15:40:46.846+0000][1][safepoint    ] Safepoint "Cleanup", Time since last: 1000109394 ns, Reaching safepoint: 100460 ns, At safepoint: 7526 ns, Total: 107986 ns
[2020-09-11T15:40:47.546+0000][1][safepoint    ] Safepoint "RevokeBias", Time since last: 700176187 ns, Reaching safepoint: 92479 ns, At safepoint: 26648 ns, Total: 119127 ns
[2020-09-11T15:40:47.987+0000][1][safepoint    ] Safepoint "RevokeBias", Time since last: 440073761 ns, Reaching safepoint: 103605 ns, At safepoint: 23103 ns, Total: 126708 ns
[2020-09-11T15:40:48.987+0000][1][safepoint    ] Safepoint "Cleanup", Time since last: 1000115424 ns, Reaching safepoint: 100650 ns, At safepoint: 7191 ns, Total: 107841 ns
[2020-09-11T15:40:49.987+0000][1][safepoint    ] Safepoint "Cleanup", Time since last: 1000121362 ns, Reaching safepoint: 105362 ns, At safepoint: 7674 ns, Total: 113036 ns
[2020-09-11T15:40:50.987+0000][1][safepoint    ] Safepoint "Cleanup", Time since last: 1000116806 ns, Reaching safepoint: 106693 ns, At safepoint: 6948 ns, Total: 113641 ns
[2020-09-11T15:40:51.217+0000][1][safepoint    ] Safepoint "RevokeBias", Time since last: 229659717 ns, Reaching safepoint: 92621 ns, At safepoint: 22404 ns, Total: 115025 ns
[2020-09-11T15:40:51.763+0000][1][safepoint    ] Safepoint "RevokeBias", Time since last: 545877907 ns, Reaching safepoint: 103738 ns, At safepoint: 23430 ns, Total: 127168 ns
[2020-09-11T15:40:52.763+0000][1][safepoint    ] Safepoint "Cleanup", Time since last: 1000102753 ns, Reaching safepoint: 115069 ns, At safepoint: 7756 ns, Total: 122825 ns
[2020-09-11T15:40:52.909+0000][1][safepoint    ] Safepoint "BulkRevokeBias", Time since last: 141087831 ns, Reaching safepoint: 4059470 ns, At safepoint: 260432 ns, Total: 4319902 ns
[2020-09-11T15:40:52.909+0000][1][safepoint    ] Safepoint "RevokeBias", Time since last: 365439 ns, Reaching safepoint: 119149 ns, At safepoint: 14937 ns, Total: 134086 ns
[2020-09-11T15:40:52.909+0000][1][safepoint    ] Safepoint "RevokeBias", Time since last: 57143 ns, Reaching safepoint: 116458 ns, At safepoint: 13539 ns, Total: 129997 ns
[2020-09-11T15:40:52.943+0000][1][safepoint    ] Safepoint "RevokeBias", Time since last: 33032759 ns, Reaching safepoint: 151476 ns, At safepoint: 21475 ns, Total: 172951 ns
[2020-09-11T15:40:53.370+0000][1][safepoint    ] Safepoint "RevokeBias", Time since last: 427007517 ns, Reaching safepoint: 225174 ns, At safepoint: 286534 ns, Total: 511708 ns
[2020-09-11T15:40:53.371+0000][1][safepoint    ] Safepoint "RevokeBias", Time since last: 78466 ns, Reaching safepoint: 153680 ns, At safepoint: 238125 ns, Total: 391805 ns
[2020-09-11T15:40:53.645+0000][1][safepoint    ] Safepoint "BulkRevokeBias", Time since last: 274281541 ns, Reaching safepoint: 173928 ns, At safepoint: 269274 ns, Total: 443202 ns
[2020-09-11T15:40:53.870+0000][1][safepoint    ] Safepoint "RevokeBias", Time since last: 224264374 ns, Reaching safepoint: 201161 ns, At safepoint: 243824 ns, Total: 444985 ns
[2020-09-11T15:40:54.821+0000][1][gc,start     ] GC(81) Pause Young (Allocation Failure)
[2020-09-11T15:40:54.821+0000][1][gc,task      ] GC(81) Using 1 workers of 1 for evacuation
[2020-09-11T15:40:54.875+0000][1][gc,age       ] GC(81) Desired survivor size 4358144 bytes, new threshold 1 (max threshold 6)
[2020-09-11T15:40:54.875+0000][1][gc,age       ] GC(81) Age table with threshold 1 (max threshold 6)
[2020-09-11T15:40:54.875+0000][1][gc,age       ] GC(81) - age   1:    6569704 bytes,    6569704 total
[2020-09-11T15:40:54.875+0000][1][gc,age       ] GC(81) - age   2:      27104 bytes,    6596808 total
[2020-09-11T15:40:54.875+0000][1][gc,age       ] GC(81) - age   3:     835096 bytes,    7431904 total
[2020-09-11T15:40:54.875+0000][1][gc,age       ] GC(81) - age   4:     311104 bytes,    7743008 total
[2020-09-11T15:40:54.875+0000][1][gc,age       ] GC(81) - age   5:     798752 bytes,    8541760 total
[2020-09-11T15:40:54.875+0000][1][gc,age       ] GC(81) - age   6:     122472 bytes,    8664232 total
[2020-09-11T15:40:54.875+0000][1][gc,heap      ] GC(81) ParNew: 73222K->8512K(76672K)
[2020-09-11T15:40:54.875+0000][1][gc,heap      ] GC(81) CMS: 108650K->112160K(2011968K)
[2020-09-11T15:40:54.875+0000][1][gc,metaspace ] GC(81) Metaspace: 93831K->93831K(1136640K)
[2020-09-11T15:40:54.875+0000][1][gc           ] GC(81) Pause Young (Allocation Failure) 177M->117M(2039M) 54.177ms
[2020-09-11T15:40:54.875+0000][1][gc,cpu       ] GC(81) User=0.02s Sys=0.00s Real=0.05s
[2020-09-11T15:40:54.875+0000][1][safepoint    ] Safepoint "GenCollectForAllocation", Time since last: 950418668 ns, Reaching safepoint: 465240 ns, At safepoint: 54285758 ns, Total: 54750998 ns
[2020-09-11T15:40:55.028+0000][1][safepoint    ] Safepoint "RevokeBias", Time since last: 152684145 ns, Reaching safepoint: 171448 ns, At safepoint: 21119 ns, Total: 192567 ns
[2020-09-11T15:40:55.037+0000][1][safepoint    ] Safepoint "RevokeBias", Time since last: 7036189 ns, Reaching safepoint: 1830703 ns, At safepoint: 30681 ns, Total: 1861384 ns
[2020-09-11T15:40:55.037+0000][1][safepoint    ] Safepoint "RevokeBias", Time since last: 365579 ns, Reaching safepoint: 114136 ns, At safepoint: 15161 ns, Total: 129297 ns
[2020-09-11T15:40:55.038+0000][1][safepoint    ] Safepoint "RevokeBias", Time since last: 83783 ns, Reaching safepoint: 107546 ns, At safepoint: 13700 ns, Total: 121246 ns
[2020-09-11T15:40:55.071+0000][1][safepoint    ] Safepoint "RevokeBias", Time since last: 32902514 ns, Reaching safepoint: 169160 ns, At safepoint: 22710 ns, Total: 191870 ns
[2020-09-11T15:40:55.980+0000][1][safepoint    ] Safepoint "RevokeBias", Time since last: 909455054 ns, Reaching safepoint: 98374 ns, At safepoint: 23903 ns, Total: 122277 ns
[2020-09-11T15:40:56.981+0000][1][safepoint    ] Safepoint "Cleanup", Time since last: 1000139296 ns, Reaching safepoint: 146758 ns, At safepoint: 8858 ns, Total: 155616 ns
[2020-09-11T15:40:57.981+0000][1][safepoint    ] Safepoint "Cleanup", Time since last: 1000116964 ns, Reaching safepoint: 124686 ns, At safepoint: 9474 ns, Total: 134160 ns
[2020-09-11T15:40:58.946+0000][1][safepoint    ] Safepoint "RevokeBias", Time since last: 965473744 ns, Reaching safepoint: 90369 ns, At safepoint: 19889 ns, Total: 110258 ns
[2020-09-11T15:40:59.145+0000][1][safepoint    ] Safepoint "RevokeBias", Time since last: 198007802 ns, Reaching safepoint: 643697 ns, At safepoint: 55505 ns, Total: 699202 ns
[2020-09-11T15:40:59.574+0000][1][safepoint    ] Safepoint "RevokeBias", Time since last: 428868040 ns, Reaching safepoint: 186774 ns, At safepoint: 23220 ns, Total: 209994 ns
[2020-09-11T15:41:01.633+0000][1][safepoint    ] Safepoint "Cleanup", Time since last: 2058661107 ns, Reaching safepoint: 226889 ns, At safepoint: 16602 ns, Total: 243491 ns
[2020-09-11T15:41:02.633+0000][1][safepoint    ] Safepoint "Cleanup", Time since last: 1000141905 ns, Reaching safepoint: 203883 ns, At safepoint: 19999 ns, Total: 223882 ns
[2020-09-11T15:41:03.634+0000][1][safepoint    ] Safepoint "Cleanup", Time since last: 1000161331 ns, Reaching safepoint: 218673 ns, At safepoint: 10923 ns, Total: 229596 ns
[2020-09-11T15:41:03.729+0000][1][safepoint    ] Safepoint "RevokeBias", Time since last: 95028117 ns, Reaching safepoint: 380282 ns, At safepoint: 253961 ns, Total: 634243 ns
[2020-09-11T15:41:03.731+0000][1][gc,start     ] GC(82) Pause Young (Allocation Failure)
[2020-09-11T15:41:03.731+0000][1][gc,task      ] GC(82) Using 1 workers of 1 for evacuation
[2020-09-11T15:41:03.758+0000][1][gc,age       ] GC(82) Desired survivor size 4358144 bytes, new threshold 6 (max threshold 6)
[2020-09-11T15:41:03.758+0000][1][gc,age       ] GC(82) Age table with threshold 6 (max threshold 6)
[2020-09-11T15:41:03.758+0000][1][gc,age       ] GC(82) - age   1:     732832 bytes,     732832 total
[2020-09-11T15:41:03.758+0000][1][gc,heap      ] GC(82) ParNew: 76672K->6788K(76672K)
[2020-09-11T15:41:03.758+0000][1][gc,heap      ] GC(82) CMS: 112160K->115145K(2011968K)
[2020-09-11T15:41:03.758+0000][1][gc,metaspace ] GC(82) Metaspace: 93959K->93959K(1136640K)
[2020-09-11T15:41:03.758+0000][1][gc           ] GC(82) Pause Young (Allocation Failure) 184M->119M(2039M) 27.179ms
[2020-09-11T15:41:03.758+0000][1][gc,cpu       ] GC(82) User=0.02s Sys=0.00s Real=0.03s
[2020-09-11T15:41:03.763+0000][1][safepoint    ] Safepoint "GenCollectForAllocation", Time since last: 1450676 ns, Reaching safepoint: 152241 ns, At safepoint: 32201654 ns, Total: 32353895 ns
[2020-09-11T15:41:04.774+0000][1][safepoint    ] Safepoint "Cleanup", Time since last: 1010485212 ns, Reaching safepoint: 179387 ns, At safepoint: 7622 ns, Total: 187009 ns
[2020-09-11T15:41:05.774+0000][1][safepoint    ] Safepoint "Cleanup", Time since last: 1000177300 ns, Reaching safepoint: 147762 ns, At safepoint: 6633 ns, Total: 154395 ns
[2020-09-11T15:41:06.775+0000][1][safepoint    ] Safepoint "Cleanup", Time since last: 1000174499 ns, Reaching safepoint: 209175 ns, At safepoint: 19398 ns, Total: 228573 ns
[2020-09-11T15:41:07.775+0000][1][safepoint    ] Safepoint "Cleanup", Time since last: 1000240975 ns, Reaching safepoint: 125623 ns, At safepoint: 6514 ns, Total: 132137 ns
[2020-09-11T15:41:08.775+0000][1][safepoint    ] Safepoint "Cleanup", Time since last: 1000143584 ns, Reaching safepoint: 222667 ns, At safepoint: 19254 ns, Total: 241921 ns
[2020-09-11T15:41:09.776+0000][1][safepoint    ] Safepoint "Cleanup", Time since last: 1000157398 ns, Reaching safepoint: 117501 ns, At safepoint: 8057 ns, Total: 125558 ns
[2020-09-11T15:41:10.781+0000][1][safepoint    ] Safepoint "Cleanup", Time since last: 1005059893 ns, Reaching safepoint: 178861 ns, At safepoint: 8703 ns, Total: 187564 ns
[2020-09-11T15:41:11.784+0000][1][safepoint    ] Safepoint "Cleanup", Time since last: 1001246088 ns, Reaching safepoint: 1579456 ns, At safepoint: 10840 ns, Total: 1590296 ns
[2020-09-11T15:41:12.784+0000][1][safepoint    ] Safepoint "Cleanup", Time since last: 1000105541 ns, Reaching safepoint: 99463 ns, At safepoint: 7167 ns, Total: 106630 ns
[2020-09-11T15:41:13.789+0000][1][safepoint    ] Safepoint "Cleanup", Time since last: 1001748705 ns, Reaching safepoint: 3100082 ns, At safepoint: 11903 ns, Total: 3111985 ns
[2020-09-11T15:41:13.863+0000][1][safepoint    ] Safepoint "RevokeBias", Time since last: 73769244 ns, Reaching safepoint: 277952 ns, At safepoint: 229761 ns, Total: 507713 ns
[2020-09-11T15:41:14.173+0000][1][safepoint    ] Safepoint "RevokeBias", Time since last: 306143496 ns, Reaching safepoint: 3580727 ns, At safepoint: 76838 ns, Total: 3657565 ns
[2020-09-11T15:41:14.174+0000][1][safepoint    ] Safepoint "RevokeBias", Time since last: 945669 ns, Reaching safepoint: 272572 ns, At safepoint: 54144 ns, Total: 326716 ns
[2020-09-11T15:41:14.175+0000][1][safepoint    ] Safepoint "RevokeBias", Time since last: 340044 ns, Reaching safepoint: 114332 ns, At safepoint: 44902 ns, Total: 159234 ns
[2020-09-11T15:41:14.177+0000][1][safepoint    ] Safepoint "RevokeBias", Time since last: 1109909 ns, Reaching safepoint: 961012 ns, At safepoint: 24566 ns, Total: 985578 ns
[2020-09-11T15:41:14.178+0000][1][safepoint    ] Safepoint "RevokeBias", Time since last: 419125 ns, Reaching safepoint: 777062 ns, At safepoint: 19142 ns, Total: 796204 ns
[2020-09-11T15:41:14.180+0000][1][safepoint    ] Safepoint "RevokeBias", Time since last: 368250 ns, Reaching safepoint: 1498961 ns, At safepoint: 23196 ns, Total: 1522157 ns
[2020-09-11T15:41:14.181+0000][1][safepoint    ] Safepoint "RevokeBias", Time since last: 490444 ns, Reaching safepoint: 266366 ns, At safepoint: 18632 ns, Total: 284998 ns
[2020-09-11T15:41:14.185+0000][1][safepoint    ] Safepoint "RevokeBias", Time since last: 663592 ns, Reaching safepoint: 3495294 ns, At safepoint: 42754 ns, Total: 3538048 ns
[2020-09-11T15:41:14.190+0000][1][safepoint    ] Safepoint "RevokeBias", Time since last: 4402803 ns, Reaching safepoint: 980207 ns, At safepoint: 39735 ns, Total: 1019942 ns
[2020-09-11T15:41:14.192+0000][1][safepoint    ] Safepoint "RevokeBias", Time since last: 672092 ns, Reaching safepoint: 747420 ns, At safepoint: 34589 ns, Total: 782009 ns
[2020-09-11T15:41:14.353+0000][1][gc,start     ] GC(83) Pause Young (Allocation Failure)
[2020-09-11T15:41:14.353+0000][1][gc,task      ] GC(83) Using 1 workers of 1 for evacuation
[2020-09-11T15:41:14.409+0000][1][gc,age       ] GC(83) Desired survivor size 4358144 bytes, new threshold 1 (max threshold 6)
[2020-09-11T15:41:14.409+0000][1][gc,age       ] GC(83) Age table with threshold 1 (max threshold 6)
[2020-09-11T15:41:14.409+0000][1][gc,age       ] GC(83) - age   1:    8266328 bytes,    8266328 total
[2020-09-11T15:41:14.409+0000][1][gc,age       ] GC(83) - age   2:     384896 bytes,    8651224 total
[2020-09-11T15:41:14.409+0000][1][gc,heap      ] GC(83) ParNew: 74948K->8512K(76672K)
[2020-09-11T15:41:14.409+0000][1][gc,heap      ] GC(83) CMS: 115145K->116733K(2011968K)
[2020-09-11T15:41:14.409+0000][1][gc,metaspace ] GC(83) Metaspace: 94184K->94184K(1136640K)
[2020-09-11T15:41:14.409+0000][1][gc           ] GC(83) Pause Young (Allocation Failure) 185M->122M(2039M) 56.315ms
[2020-09-11T15:41:14.409+0000][1][gc,cpu       ] GC(83) User=0.02s Sys=0.00s Real=0.05s
[2020-09-11T15:41:14.410+0000][1][safepoint    ] Safepoint "GenCollectForAllocation", Time since last: 158809826 ns, Reaching safepoint: 2268127 ns, At safepoint: 56660387 ns, Total: 58928514 ns
[2020-09-11T15:41:15.014+0000][1][safepoint    ] Safepoint "RevokeBias", Time since last: 604040037 ns, Reaching safepoint: 107563 ns, At safepoint: 19691 ns, Total: 127254 ns
[2020-09-11T15:41:16.014+0000][1][safepoint    ] Safepoint "Cleanup", Time since last: 1000183234 ns, Reaching safepoint: 165475 ns, At safepoint: 7762 ns, Total: 173237 ns
[2020-09-11T15:41:17.014+0000][1][safepoint    ] Safepoint "Cleanup", Time since last: 1000144382 ns, Reaching safepoint: 156219 ns, At safepoint: 6896 ns, Total: 163115 ns
[2020-09-11T15:41:19.026+0000][1][safepoint    ] Safepoint "Cleanup", Time since last: 2011751902 ns, Reaching safepoint: 122577 ns, At safepoint: 7974 ns, Total: 130551 ns
[2020-09-11T15:41:20.026+0000][1][safepoint    ] Safepoint "Cleanup", Time since last: 1000126743 ns, Reaching safepoint: 101071 ns, At safepoint: 7352 ns, Total: 108423 ns
[2020-09-11T15:41:21.027+0000][1][safepoint    ] Safepoint "Cleanup", Time since last: 1000120696 ns, Reaching safepoint: 125360 ns, At safepoint: 7299 ns, Total: 132659 ns
[2020-09-11T15:41:21.859+0000][1][safepoint    ] Safepoint "RevokeBias", Time since last: 831718733 ns, Reaching safepoint: 181713 ns, At safepoint: 21392 ns, Total: 203105 ns
[2020-09-11T15:41:21.860+0000][1][safepoint    ] Safepoint "RevokeBias", Time since last: 399803 ns, Reaching safepoint: 1037813 ns, At safepoint: 17286 ns, Total: 1055099 ns
[2020-09-11T15:41:22.079+0000][1][safepoint    ] Safepoint "RevokeBias", Time since last: 218823190 ns, Reaching safepoint: 85962 ns, At safepoint: 16327 ns, Total: 102289 ns
[2020-09-11T15:41:22.079+0000][1][safepoint    ] Safepoint "RevokeBias", Time since last: 52308 ns, Reaching safepoint: 35515 ns, At safepoint: 10630 ns, Total: 46145 ns
[2020-09-11T15:41:22.079+0000][1][safepoint    ] Safepoint "RevokeBias", Time since last: 40800 ns, Reaching safepoint: 34777 ns, At safepoint: 10702 ns, Total: 45479 ns
[2020-09-11T15:41:22.227+0000][1][safepoint    ] Safepoint "RevokeBias", Time since last: 147153153 ns, Reaching safepoint: 110477 ns, At safepoint: 22346 ns, Total: 132823 ns
[2020-09-11T15:41:22.229+0000][1][safepoint    ] Safepoint "RevokeBias", Time since last: 202783 ns, Reaching safepoint: 2164869 ns, At safepoint: 16739 ns, Total: 2181608 ns
[2020-09-11T15:41:22.229+0000][1][safepoint    ] Safepoint "RevokeBias", Time since last: 49368 ns, Reaching safepoint: 117647 ns, At safepoint: 14114 ns, Total: 131761 ns
[2020-09-11T15:41:22.742+0000][1][safepoint    ] Safepoint "RevokeBias", Time since last: 512694615 ns, Reaching safepoint: 313692 ns, At safepoint: 51976 ns, Total: 365668 ns
[2020-09-11T15:41:22.743+0000][1][safepoint    ] Safepoint "RevokeBias", Time since last: 172394 ns, Reaching safepoint: 216141 ns, At safepoint: 39541 ns, Total: 255682 ns
[2020-09-11T15:41:23.084+0000][1][safepoint    ] Safepoint "RevokeBias", Time since last: 341040627 ns, Reaching safepoint: 100938 ns, At safepoint: 22275 ns, Total: 123213 ns
[2020-09-11T15:41:23.085+0000][1][safepoint    ] Safepoint "RevokeBias", Time since last: 1032966 ns, Reaching safepoint: 64610 ns, At safepoint: 16429 ns, Total: 81039 ns
[2020-09-11T15:41:23.088+0000][1][safepoint    ] Safepoint "RevokeBias", Time since last: 3277924 ns, Reaching safepoint: 88459 ns, At safepoint: 22456 ns, Total: 110915 ns
[2020-09-11T15:41:23.841+0000][1][safepoint    ] Safepoint "RevokeBias", Time since last: 752567013 ns, Reaching safepoint: 280685 ns, At safepoint: 27500 ns, Total: 308185 ns
[2020-09-11T15:41:23.862+0000][1][safepoint    ] Safepoint "RevokeBias", Time since last: 20990976 ns, Reaching safepoint: 292238 ns, At safepoint: 43921 ns, Total: 336159 ns
[2020-09-11T15:41:23.957+0000][1][safepoint    ] Safepoint "RevokeBias", Time since last: 93494662 ns, Reaching safepoint: 588270 ns, At safepoint: 26601 ns, Total: 614871 ns
[2020-09-11T15:41:24.121+0000][1][safepoint    ] Safepoint "RevokeBias", Time since last: 164322068 ns, Reaching safepoint: 226414 ns, At safepoint: 22786 ns, Total: 249200 ns
[2020-09-11T15:41:25.338+0000][1][safepoint    ] Safepoint "Cleanup", Time since last: 1216452193 ns, Reaching safepoint: 190402 ns, At safepoint: 8060 ns, Total: 198462 ns
[2020-09-11T15:41:25.635+0000][1][safepoint    ] Safepoint "RevokeBias", Time since last: 297036323 ns, Reaching safepoint: 194981 ns, At safepoint: 22734 ns, Total: 217715 ns
[2020-09-11T15:41:25.642+0000][1][safepoint    ] Safepoint "RevokeBias", Time since last: 6283861 ns, Reaching safepoint: 192027 ns, At safepoint: 37164 ns, Total: 229191 ns
[2020-09-11T15:41:25.645+0000][1][safepoint    ] Safepoint "RevokeBias", Time since last: 328553 ns, Reaching safepoint: 3028418 ns, At safepoint: 29320 ns, Total: 3057738 ns
[2020-09-11T15:41:25.646+0000][1][safepoint    ] Safepoint "RevokeBias", Time since last: 526261 ns, Reaching safepoint: 140194 ns, At safepoint: 17565 ns, Total: 157759 ns
[2020-09-11T15:41:25.651+0000][1][safepoint    ] Safepoint "RevokeBias", Time since last: 4900888 ns, Reaching safepoint: 204750 ns, At safepoint: 21511 ns, Total: 226261 ns
[2020-09-11T15:41:25.655+0000][1][safepoint    ] Safepoint "RevokeBias", Time since last: 344015 ns, Reaching safepoint: 3649746 ns, At safepoint: 30195 ns, Total: 3679941 ns
[2020-09-11T15:41:25.661+0000][1][safepoint    ] Safepoint "RevokeBias", Time since last: 5304030 ns, Reaching safepoint: 806851 ns, At safepoint: 42881 ns, Total: 849732 ns
[2020-09-11T15:41:25.662+0000][1][safepoint    ] Safepoint "RevokeBias", Time since last: 510004 ns, Reaching safepoint: 919926 ns, At safepoint: 33987 ns, Total: 953913 ns
[2020-09-11T15:41:25.671+0000][1][safepoint    ] Safepoint "RevokeBias", Time since last: 6878179 ns, Reaching safepoint: 1429674 ns, At safepoint: 38634 ns, Total: 1468308 ns
[2020-09-11T15:41:25.676+0000][1][safepoint    ] Safepoint "RevokeBias", Time since last: 1451160 ns, Reaching safepoint: 3686114 ns, At safepoint: 53509 ns, Total: 3739623 ns
[2020-09-11T15:41:25.681+0000][1][safepoint    ] Safepoint "RevokeBias", Time since last: 1542387 ns, Reaching safepoint: 3540524 ns, At safepoint: 47379 ns, Total: 3587903 ns
[2020-09-11T15:41:25.696+0000][1][safepoint    ] Safepoint "RevokeBias", Time since last: 8009847 ns, Reaching safepoint: 2775621 ns, At safepoint: 4530279 ns, Total: 7305900 ns
[2020-09-11T15:41:25.700+0000][1][safepoint    ] Safepoint "RevokeBias", Time since last: 42897 ns, Reaching safepoint: 3240302 ns, At safepoint: 44598 ns, Total: 3284900 ns
[2020-09-11T15:41:25.720+0000][1][safepoint    ] Safepoint "RevokeBias", Time since last: 20147870 ns, Reaching safepoint: 159611 ns, At safepoint: 47553 ns, Total: 207164 ns
[2020-09-11T15:41:25.721+0000][1][safepoint    ] Safepoint "RevokeBias", Time since last: 88481 ns, Reaching safepoint: 692250 ns, At safepoint: 16544 ns, Total: 708794 ns
[2020-09-11T15:41:25.723+0000][1][safepoint    ] Safepoint "RevokeBias", Time since last: 48301 ns, Reaching safepoint: 1953068 ns, At safepoint: 19215 ns, Total: 1972283 ns
[2020-09-11T15:41:25.723+0000][1][safepoint    ] Safepoint "RevokeBias", Time since last: 273111 ns, Reaching safepoint: 139769 ns, At safepoint: 17280 ns, Total: 157049 ns
[2020-09-11T15:41:25.724+0000][1][safepoint    ] Safepoint "RevokeBias", Time since last: 101224 ns, Reaching safepoint: 967995 ns, At safepoint: 17767 ns, Total: 985762 ns
[2020-09-11T15:41:25.725+0000][1][safepoint    ] Safepoint "RevokeBias", Time since last: 105716 ns, Reaching safepoint: 114380 ns, At safepoint: 15906 ns, Total: 130286 ns
[2020-09-11T15:41:25.733+0000][1][safepoint    ] Safepoint "RevokeBias", Time since last: 4839052 ns, Reaching safepoint: 3424026 ns, At safepoint: 115879 ns, Total: 3539905 ns
[2020-09-11T15:41:25.741+0000][1][safepoint    ] Safepoint "RevokeBias", Time since last: 4876350 ns, Reaching safepoint: 2967614 ns, At safepoint: 74361 ns, Total: 3041975 ns
[2020-09-11T15:41:25.745+0000][1][safepoint    ] Safepoint "RevokeBias", Time since last: 1409837 ns, Reaching safepoint: 1872709 ns, At safepoint: 326115 ns, Total: 2198824 ns
[2020-09-11T15:41:25.799+0000][1][safepoint    ] Safepoint "RevokeBias", Time since last: 53809277 ns, Reaching safepoint: 734574 ns, At safepoint: 56469 ns, Total: 791043 ns
[2020-09-11T15:41:25.800+0000][1][safepoint    ] Safepoint "RevokeBias", Time since last: 254606 ns, Reaching safepoint: 208356 ns, At safepoint: 48189 ns, Total: 256545 ns
[2020-09-11T15:41:25.801+0000][1][safepoint    ] Safepoint "RevokeBias", Time since last: 145425 ns, Reaching safepoint: 1012077 ns, At safepoint: 43536 ns, Total: 1055613 ns
[2020-09-11T15:41:25.801+0000][1][safepoint    ] Safepoint "RevokeBias", Time since last: 164962 ns, Reaching safepoint: 206379 ns, At safepoint: 41478 ns, Total: 247857 ns
[2020-09-11T15:41:25.802+0000][1][safepoint    ] Safepoint "BulkRevokeBias", Time since last: 129608 ns, Reaching safepoint: 151382 ns, At safepoint: 536675 ns, Total: 688057 ns
[2020-09-11T15:41:25.805+0000][1][safepoint    ] Safepoint "RevokeBias", Time since last: 657843 ns, Reaching safepoint: 2137077 ns, At safepoint: 552686 ns, Total: 2689763 ns
[2020-09-11T15:41:25.809+0000][1][safepoint    ] Safepoint "RevokeBias", Time since last: 93082 ns, Reaching safepoint: 147015 ns, At safepoint: 3144400 ns, Total: 3291415 ns
[2020-09-11T15:41:25.819+0000][1][safepoint    ] Safepoint "RevokeBias", Time since last: 95824 ns, Reaching safepoint: 822212 ns, At safepoint: 9286830 ns, Total: 10109042 ns
[2020-09-11T15:41:25.826+0000][1][safepoint    ] Safepoint "RevokeBias", Time since last: 3803327 ns, Reaching safepoint: 2061238 ns, At safepoint: 943561 ns, Total: 3004799 ns
[2020-09-11T15:41:25.931+0000][1][safepoint    ] Safepoint "RevokeBias", Time since last: 104558727 ns, Reaching safepoint: 193373 ns, At safepoint: 50804 ns, Total: 244177 ns
[2020-09-11T15:41:25.946+0000][1][safepoint    ] Safepoint "RevokeBias", Time since last: 15491502 ns, Reaching safepoint: 175990 ns, At safepoint: 28843 ns, Total: 204833 ns
[2020-09-11T15:41:26.002+0000][1][safepoint    ] Safepoint "RevokeBias", Time since last: 55285453 ns, Reaching safepoint: 110824 ns, At safepoint: 27269 ns, Total: 138093 ns
[2020-09-11T15:41:26.002+0000][1][safepoint    ] Safepoint "RevokeBias", Time since last: 106799 ns, Reaching safepoint: 41116 ns, At safepoint: 12575 ns, Total: 53691 ns
[2020-09-11T15:41:26.647+0000][1][gc,start     ] GC(84) Pause Young (Allocation Failure)
[2020-09-11T15:41:26.647+0000][1][gc,task      ] GC(84) Using 1 workers of 1 for evacuation
[2020-09-11T15:41:26.666+0000][1][gc,age       ] GC(84) Desired survivor size 4358144 bytes, new threshold 6 (max threshold 6)
[2020-09-11T15:41:26.666+0000][1][gc,age       ] GC(84) Age table with threshold 6 (max threshold 6)
[2020-09-11T15:41:26.666+0000][1][gc,age       ] GC(84) - age   1:     642344 bytes,     642344 total
[2020-09-11T15:41:26.666+0000][1][gc,heap      ] GC(84) ParNew: 76672K->6794K(76672K)
[2020-09-11T15:41:26.666+0000][1][gc,heap      ] GC(84) CMS: 116733K->124856K(2011968K)
[2020-09-11T15:41:26.666+0000][1][gc,metaspace ] GC(84) Metaspace: 94660K->94660K(1136640K)
[2020-09-11T15:41:26.666+0000][1][gc           ] GC(84) Pause Young (Allocation Failure) 188M->128M(2039M) 18.952ms
[2020-09-11T15:41:26.666+0000][1][gc,cpu       ] GC(84) User=0.02s Sys=0.00s Real=0.02s
[2020-09-11T15:41:26.673+0000][1][safepoint    ] Safepoint "GenCollectForAllocation", Time since last: 645176545 ns, Reaching safepoint: 315526 ns, At safepoint: 25341927 ns, Total: 25657453 ns
[2020-09-11T15:41:27.352+0000][1][safepoint    ] Safepoint "RevokeBias", Time since last: 678786789 ns, Reaching safepoint: 198303 ns, At safepoint: 53719 ns, Total: 252022 ns
[2020-09-11T15:41:27.354+0000][1][safepoint    ] Safepoint "RevokeBias", Time since last: 2302660 ns, Reaching safepoint: 167043 ns, At safepoint: 25447 ns, Total: 192490 ns
[2020-09-11T15:41:27.635+0000][1][safepoint    ] Safepoint "RevokeBias", Time since last: 280472269 ns, Reaching safepoint: 102121 ns, At safepoint: 20432 ns, Total: 122553 ns
[2020-09-11T15:41:28.635+0000][1][safepoint    ] Safepoint "Cleanup", Time since last: 1000173122 ns, Reaching safepoint: 219729 ns, At safepoint: 18393 ns, Total: 238122 ns
[2020-09-11T15:41:29.638+0000][1][safepoint    ] Safepoint "Cleanup", Time since last: 1000184392 ns, Reaching safepoint: 2793526 ns, At safepoint: 24844 ns, Total: 2818370 ns
[2020-09-11T15:41:29.704+0000][1][safepoint    ] Safepoint "RevokeBias", Time since last: 65485975 ns, Reaching safepoint: 299724 ns, At safepoint: 48922 ns, Total: 348646 ns
[2020-09-11T15:41:29.843+0000][1][safepoint    ] Safepoint "RevokeBias", Time since last: 138592063 ns, Reaching safepoint: 290031 ns, At safepoint: 47877 ns, Total: 337908 ns
[2020-09-11T15:41:29.844+0000][1][safepoint    ] Safepoint "RevokeBias", Time since last: 469574 ns, Reaching safepoint: 234567 ns, At safepoint: 38626 ns, Total: 273193 ns
[2020-09-11T15:41:29.844+0000][1][safepoint    ] Safepoint "RevokeBias", Time since last: 115148 ns, Reaching safepoint: 206960 ns, At safepoint: 49675 ns, Total: 256635 ns
[2020-09-11T15:41:29.845+0000][1][safepoint    ] Safepoint "RevokeBias", Time since last: 284541 ns, Reaching safepoint: 207071 ns, At safepoint: 34078 ns, Total: 241149 ns
[2020-09-11T15:41:29.845+0000][1][safepoint    ] Safepoint "RevokeBias", Time since last: 382618 ns, Reaching safepoint: 205750 ns, At safepoint: 33571 ns, Total: 239321 ns
[2020-09-11T15:41:29.851+0000][1][safepoint    ] Safepoint "RevokeBias", Time since last: 5363114 ns, Reaching safepoint: 187266 ns, At safepoint: 21869 ns, Total: 209135 ns
[2020-09-11T15:41:29.851+0000][1][safepoint    ] Safepoint "RevokeBias", Time since last: 138109 ns, Reaching safepoint: 154214 ns, At safepoint: 57444 ns, Total: 211658 ns
[2020-09-11T15:41:30.854+0000][1][safepoint    ] Safepoint "Cleanup", Time since last: 1002570906 ns, Reaching safepoint: 116292 ns, At safepoint: 8163 ns, Total: 124455 ns
[2020-09-11T15:41:31.854+0000][1][safepoint    ] Safepoint "Cleanup", Time since last: 1000123931 ns, Reaching safepoint: 102596 ns, At safepoint: 7721 ns, Total: 110317 ns
[2020-09-11T15:41:32.854+0000][1][safepoint    ] Safepoint "Cleanup", Time since last: 1000179586 ns, Reaching safepoint: 124680 ns, At safepoint: 7199 ns, Total: 131879 ns
[2020-09-11T15:41:33.628+0000][1][safepoint    ] Safepoint "RevokeBias", Time since last: 769654927 ns, Reaching safepoint: 3789461 ns, At safepoint: 32543 ns, Total: 3822004 ns
[2020-09-11T15:41:33.707+0000][1][safepoint    ] Safepoint "RevokeBias", Time since last: 78799798 ns, Reaching safepoint: 302665 ns, At safepoint: 253102 ns, Total: 555767 ns
[2020-09-11T15:41:33.735+0000][1][safepoint    ] Safepoint "RevokeBias", Time since last: 27851043 ns, Reaching safepoint: 253933 ns, At safepoint: 24518 ns, Total: 278451 ns
[2020-09-11T15:41:34.736+0000][1][safepoint    ] Safepoint "Cleanup", Time since last: 1000137290 ns, Reaching safepoint: 240340 ns, At safepoint: 18168 ns, Total: 258508 ns
[2020-09-11T15:41:35.736+0000][1][safepoint    ] Safepoint "Cleanup", Time since last: 1000226916 ns, Reaching safepoint: 115540 ns, At safepoint: 7274 ns, Total: 122814 ns
[2020-09-11T15:41:36.736+0000][1][safepoint    ] Safepoint "Cleanup", Time since last: 1000162952 ns, Reaching safepoint: 131091 ns, At safepoint: 7025 ns, Total: 138116 ns
[2020-09-11T15:41:37.737+0000][1][safepoint    ] Safepoint "Cleanup", Time since last: 1000156657 ns, Reaching safepoint: 154366 ns, At safepoint: 7183 ns, Total: 161549 ns
[2020-09-11T15:41:38.737+0000][1][safepoint    ] Safepoint "Cleanup", Time since last: 1000210576 ns, Reaching safepoint: 200007 ns, At safepoint: 19916 ns, Total: 219923 ns
[2020-09-11T15:41:39.738+0000][1][safepoint    ] Safepoint "Cleanup", Time since last: 1000181964 ns, Reaching safepoint: 129880 ns, At safepoint: 7393 ns, Total: 137273 ns
[2020-09-11T15:41:40.738+0000][1][safepoint    ] Safepoint "Cleanup", Time since last: 1000159053 ns, Reaching safepoint: 132884 ns, At safepoint: 7095 ns, Total: 139979 ns
[2020-09-11T15:41:41.738+0000][1][safepoint    ] Safepoint "Cleanup", Time since last: 1000192407 ns, Reaching safepoint: 138108 ns, At safepoint: 7995 ns, Total: 146103 ns
[2020-09-11T15:41:42.739+0000][1][safepoint    ] Safepoint "Cleanup", Time since last: 1000191129 ns, Reaching safepoint: 131459 ns, At safepoint: 6689 ns, Total: 138148 ns
[2020-09-11T15:41:43.739+0000][1][safepoint    ] Safepoint "Cleanup", Time since last: 1000111966 ns, Reaching safepoint: 176396 ns, At safepoint: 7108 ns, Total: 183504 ns
[2020-09-11T15:41:43.778+0000][1][safepoint    ] Safepoint "RevokeBias", Time since last: 38400002 ns, Reaching safepoint: 213091 ns, At safepoint: 213356 ns, Total: 426447 ns
[2020-09-11T15:41:43.824+0000][1][safepoint    ] Safepoint "RevokeBias", Time since last: 45714610 ns, Reaching safepoint: 229726 ns, At safepoint: 27530 ns, Total: 257256 ns
[2020-09-11T15:41:43.886+0000][1][safepoint    ] Safepoint "RevokeBias", Time since last: 62584199 ns, Reaching safepoint: 186457 ns, At safepoint: 25836 ns, Total: 212293 ns
[2020-09-11T15:41:43.889+0000][1][safepoint    ] Safepoint "RevokeBias", Time since last: 2919542 ns, Reaching safepoint: 159149 ns, At safepoint: 22556 ns, Total: 181705 ns
[2020-09-11T15:41:44.890+0000][1][safepoint    ] Safepoint "Cleanup", Time since last: 1000189148 ns, Reaching safepoint: 129500 ns, At safepoint: 6948 ns, Total: 136448 ns
[2020-09-11T15:41:45.005+0000][1][gc,start     ] GC(85) Pause Young (Allocation Failure)
[2020-09-11T15:41:45.005+0000][1][gc,task      ] GC(85) Using 1 workers of 1 for evacuation
[2020-09-11T15:41:45.020+0000][1][gc,age       ] GC(85) Desired survivor size 4358144 bytes, new threshold 6 (max threshold 6)
[2020-09-11T15:41:45.020+0000][1][gc,age       ] GC(85) Age table with threshold 6 (max threshold 6)
[2020-09-11T15:41:45.020+0000][1][gc,age       ] GC(85) - age   1:     270192 bytes,     270192 total
[2020-09-11T15:41:45.020+0000][1][gc,age       ] GC(85) - age   2:     487344 bytes,     757536 total
[2020-09-11T15:41:45.020+0000][1][gc,heap      ] GC(85) ParNew: 74954K->1816K(76672K)
[2020-09-11T15:41:45.020+0000][1][gc,heap      ] GC(85) CMS: 124856K->124856K(2011968K)
[2020-09-11T15:41:45.020+0000][1][gc,metaspace ] GC(85) Metaspace: 94941K->94941K(1136640K)
[2020-09-11T15:41:45.020+0000][1][gc           ] GC(85) Pause Young (Allocation Failure) 195M->123M(2039M) 14.917ms
[2020-09-11T15:41:45.020+0000][1][gc,cpu       ] GC(85) User=0.01s Sys=0.00s Real=0.01s
[2020-09-11T15:41:45.024+0000][1][safepoint    ] Safepoint "GenCollectForAllocation", Time since last: 114954664 ns, Reaching safepoint: 205069 ns, At safepoint: 19293835 ns, Total: 19498904 ns
[2020-09-11T15:41:46.028+0000][1][safepoint    ] Safepoint "Cleanup", Time since last: 1003236839 ns, Reaching safepoint: 95170 ns, At safepoint: 6452 ns, Total: 101622 ns
[2020-09-11T15:41:47.028+0000][1][safepoint    ] Safepoint "Cleanup", Time since last: 1000108704 ns, Reaching safepoint: 98008 ns, At safepoint: 6394 ns, Total: 104402 ns
[2020-09-11T15:41:48.028+0000][1][safepoint    ] Safepoint "Cleanup", Time since last: 1000142759 ns, Reaching safepoint: 180358 ns, At safepoint: 19933 ns, Total: 200291 ns
[2020-09-11T15:41:49.029+0000][1][safepoint    ] Safepoint "Cleanup", Time since last: 1000223069 ns, Reaching safepoint: 157351 ns, At safepoint: 6943 ns, Total: 164294 ns
[2020-09-11T15:41:50.029+0000][1][safepoint    ] Safepoint "Cleanup", Time since last: 1000118313 ns, Reaching safepoint: 200760 ns, At safepoint: 8150 ns, Total: 208910 ns
[2020-09-11T15:41:51.030+0000][1][safepoint    ] Safepoint "Cleanup", Time since last: 1000691384 ns, Reaching safepoint: 93944 ns, At safepoint: 6584 ns, Total: 100528 ns
[2020-09-11T15:41:52.030+0000][1][safepoint    ] Safepoint "Cleanup", Time since last: 1000176763 ns, Reaching safepoint: 181585 ns, At safepoint: 17857 ns, Total: 199442 ns
[2020-09-11T15:41:53.030+0000][1][safepoint    ] Safepoint "Cleanup", Time since last: 1000239063 ns, Reaching safepoint: 130633 ns, At safepoint: 9123 ns, Total: 139756 ns
[2020-09-11T15:41:53.762+0000][1][safepoint    ] Safepoint "RevokeBias", Time since last: 730712737 ns, Reaching safepoint: 386413 ns, At safepoint: 258690 ns, Total: 645103 ns
[2020-09-11T15:41:54.762+0000][1][safepoint    ] Safepoint "Cleanup", Time since last: 1000162129 ns, Reaching safepoint: 148580 ns, At safepoint: 6723 ns, Total: 155303 ns
[2020-09-11T15:41:55.765+0000][1][safepoint    ] Safepoint "Cleanup", Time since last: 1002667913 ns, Reaching safepoint: 95195 ns, At safepoint: 7005 ns, Total: 102200 ns
[2020-09-11T15:41:56.635+0000][1][safepoint    ] Safepoint "RevokeBias", Time since last: 870035246 ns, Reaching safepoint: 181257 ns, At safepoint: 56717 ns, Total: 237974 ns
[2020-09-11T15:41:57.635+0000][1][safepoint    ] Safepoint "Cleanup", Time since last: 1000186476 ns, Reaching safepoint: 95503 ns, At safepoint: 7731 ns, Total: 103234 ns
[2020-09-11T15:41:58.636+0000][1][safepoint    ] Safepoint "Cleanup", Time since last: 1000179607 ns, Reaching safepoint: 183983 ns, At safepoint: 18379 ns, Total: 202362 ns
[2020-09-11T15:41:59.636+0000][1][safepoint    ] Safepoint "Cleanup", Time since last: 1000245944 ns, Reaching safepoint: 131489 ns, At safepoint: 6931 ns, Total: 138420 ns
[2020-09-11T15:42:00.637+0000][1][safepoint    ] Safepoint "Cleanup", Time since last: 1000199305 ns, Reaching safepoint: 123950 ns, At safepoint: 7601 ns, Total: 131551 ns
[2020-09-11T15:42:01.637+0000][1][safepoint    ] Safepoint "Cleanup", Time since last: 1000194539 ns, Reaching safepoint: 225165 ns, At safepoint: 18018 ns, Total: 243183 ns
[2020-09-11T15:42:02.637+0000][1][safepoint    ] Safepoint "Cleanup", Time since last: 1000240009 ns, Reaching safepoint: 182944 ns, At safepoint: 17958 ns, Total: 200902 ns
[2020-09-11T15:42:03.641+0000][1][safepoint    ] Safepoint "Cleanup", Time since last: 1002930311 ns, Reaching safepoint: 194400 ns, At safepoint: 9249 ns, Total: 203649 ns
[2020-09-11T15:42:03.701+0000][1][safepoint    ] Safepoint "RevokeBias", Time since last: 60164436 ns, Reaching safepoint: 364885 ns, At safepoint: 229860 ns, Total: 594745 ns
[2020-09-11T15:42:04.702+0000][1][safepoint    ] Safepoint "Cleanup", Time since last: 1000186635 ns, Reaching safepoint: 132771 ns, At safepoint: 7492 ns, Total: 140263 ns
[2020-09-11T15:42:05.702+0000][1][safepoint    ] Safepoint "Cleanup", Time since last: 1000183966 ns, Reaching safepoint: 119738 ns, At safepoint: 6764 ns, Total: 126502 ns
[2020-09-11T15:42:06.702+0000][1][safepoint    ] Safepoint "Cleanup", Time since last: 1000160574 ns, Reaching safepoint: 101215 ns, At safepoint: 7103 ns, Total: 108318 ns
[2020-09-11T15:42:07.703+0000][1][safepoint    ] Safepoint "Cleanup", Time since last: 1000163842 ns, Reaching safepoint: 166737 ns, At safepoint: 16902 ns, Total: 183639 ns
[2020-09-11T15:42:08.703+0000][1][safepoint    ] Safepoint "Cleanup", Time since last: 1000218298 ns, Reaching safepoint: 123656 ns, At safepoint: 6756 ns, Total: 130412 ns
[2020-09-11T15:42:09.703+0000][1][safepoint    ] Safepoint "Cleanup", Time since last: 1000172570 ns, Reaching safepoint: 128092 ns, At safepoint: 7057 ns, Total: 135149 ns
[2020-09-11T15:42:10.704+0000][1][safepoint    ] Safepoint "Cleanup", Time since last: 1000191594 ns, Reaching safepoint: 172697 ns, At safepoint: 18149 ns, Total: 190846 ns
[2020-09-11T15:42:11.704+0000][1][safepoint    ] Safepoint "Cleanup", Time since last: 1000197093 ns, Reaching safepoint: 145681 ns, At safepoint: 12955 ns, Total: 158636 ns
[2020-09-11T15:42:12.704+0000][1][safepoint    ] Safepoint "Cleanup", Time since last: 1000171911 ns, Reaching safepoint: 192620 ns, At safepoint: 19458 ns, Total: 212078 ns
[2020-09-11T15:42:13.199+0000][1][gc,start     ] GC(86) Pause Young (Allocation Failure)
[2020-09-11T15:42:13.200+0000][1][gc,task      ] GC(86) Using 1 workers of 1 for evacuation
[2020-09-11T15:42:13.214+0000][1][gc,age       ] GC(86) Desired survivor size 4358144 bytes, new threshold 6 (max threshold 6)
[2020-09-11T15:42:13.214+0000][1][gc,age       ] GC(86) Age table with threshold 6 (max threshold 6)
[2020-09-11T15:42:13.215+0000][1][gc,age       ] GC(86) - age   1:     257744 bytes,     257744 total
[2020-09-11T15:42:13.215+0000][1][gc,age       ] GC(86) - age   2:     176512 bytes,     434256 total
[2020-09-11T15:42:13.215+0000][1][gc,age       ] GC(86) - age   3:     429536 bytes,     863792 total
[2020-09-11T15:42:13.215+0000][1][gc,heap      ] GC(86) ParNew: 69956K->1462K(76672K)
[2020-09-11T15:42:13.215+0000][1][gc,heap      ] GC(86) CMS: 124856K->124856K(2011968K)
[2020-09-11T15:42:13.215+0000][1][gc,metaspace ] GC(86) Metaspace: 95253K->95253K(1136640K)
[2020-09-11T15:42:13.215+0000][1][gc           ] GC(86) Pause Young (Allocation Failure) 190M->123M(2039M) 15.146ms
[2020-09-11T15:42:13.215+0000][1][gc,cpu       ] GC(86) User=0.01s Sys=0.00s Real=0.02s
[2020-09-11T15:42:13.215+0000][1][safepoint    ] Safepoint "GenCollectForAllocation", Time since last: 494867718 ns, Reaching safepoint: 217280 ns, At safepoint: 15682497 ns, Total: 15899777 ns
[2020-09-11T15:42:13.721+0000][1][safepoint    ] Safepoint "RevokeBias", Time since last: 503029066 ns, Reaching safepoint: 2793260 ns, At safepoint: 299419 ns, Total: 3092679 ns
[2020-09-11T15:42:14.722+0000][1][safepoint    ] Safepoint "Cleanup", Time since last: 1000847098 ns, Reaching safepoint: 318125 ns, At safepoint: 21305 ns, Total: 339430 ns
[2020-09-11T15:42:15.723+0000][1][safepoint    ] Safepoint "Cleanup", Time since last: 1000217214 ns, Reaching safepoint: 125935 ns, At safepoint: 7340 ns, Total: 133275 ns
[2020-09-11T15:42:16.723+0000][1][safepoint    ] Safepoint "Cleanup", Time since last: 1000197285 ns, Reaching safepoint: 123084 ns, At safepoint: 7168 ns, Total: 130252 ns
[2020-09-11T15:42:17.997+0000][1][safepoint    ] Safepoint "Cleanup", Time since last: 1273683803 ns, Reaching safepoint: 236342 ns, At safepoint: 7774 ns, Total: 244116 ns
[2020-09-11T15:42:18.997+0000][1][safepoint    ] Safepoint "Cleanup", Time since last: 1000147222 ns, Reaching safepoint: 205319 ns, At safepoint: 17788 ns, Total: 223107 ns
[2020-09-11T15:42:19.998+0000][1][safepoint    ] Safepoint "Cleanup", Time since last: 1000177513 ns, Reaching safepoint: 142781 ns, At safepoint: 10865 ns, Total: 153646 ns
[2020-09-11T15:42:20.998+0000][1][safepoint    ] Safepoint "Cleanup", Time since last: 1000164728 ns, Reaching safepoint: 178224 ns, At safepoint: 17677 ns, Total: 195901 ns
[2020-09-11T15:42:21.998+0000][1][safepoint    ] Safepoint "Cleanup", Time since last: 1000131014 ns, Reaching safepoint: 102978 ns, At safepoint: 10615 ns, Total: 113593 ns
[2020-09-11T15:42:22.999+0000][1][safepoint    ] Safepoint "Cleanup", Time since last: 1000153057 ns, Reaching safepoint: 187728 ns, At safepoint: 7044 ns, Total: 194772 ns
[2020-09-11T15:42:23.714+0000][1][safepoint    ] Safepoint "RevokeBias", Time since last: 695375675 ns, Reaching safepoint: 19511086 ns, At safepoint: 26149 ns, Total: 19537235 ns
[2020-09-11T15:42:24.714+0000][1][safepoint    ] Safepoint "Cleanup", Time since last: 1000114452 ns, Reaching safepoint: 135267 ns, At safepoint: 7242 ns, Total: 142509 ns
[2020-09-11T15:42:25.714+0000][1][safepoint    ] Safepoint "Cleanup", Time since last: 1000120452 ns, Reaching safepoint: 107629 ns, At safepoint: 11258 ns, Total: 118887 ns
[2020-09-11T15:42:26.714+0000][1][safepoint    ] Safepoint "Cleanup", Time since last: 1000110568 ns, Reaching safepoint: 99743 ns, At safepoint: 6386 ns, Total: 106129 ns
[2020-09-11T15:42:27.715+0000][1][safepoint    ] Safepoint "Cleanup", Time since last: 1000111331 ns, Reaching safepoint: 98025 ns, At safepoint: 10752 ns, Total: 108777 ns
[2020-09-11T15:42:28.715+0000][1][safepoint    ] Safepoint "Cleanup", Time since last: 1000115603 ns, Reaching safepoint: 96050 ns, At safepoint: 9851 ns, Total: 105901 ns
[2020-09-11T15:42:29.715+0000][1][safepoint    ] Safepoint "Cleanup", Time since last: 1000112939 ns, Reaching safepoint: 107772 ns, At safepoint: 7928 ns, Total: 115700 ns
[2020-09-11T15:42:30.715+0000][1][safepoint    ] Safepoint "Cleanup", Time since last: 1000156165 ns, Reaching safepoint: 125579 ns, At safepoint: 10070 ns, Total: 135649 ns
[2020-09-11T15:42:31.716+0000][1][safepoint    ] Safepoint "Cleanup", Time since last: 1000134614 ns, Reaching safepoint: 101417 ns, At safepoint: 11153 ns, Total: 112570 ns
[2020-09-11T15:42:32.719+0000][1][safepoint    ] Safepoint "Cleanup", Time since last: 1003239288 ns, Reaching safepoint: 110905 ns, At safepoint: 10995 ns, Total: 121900 ns
[2020-09-11T15:42:33.721+0000][1][safepoint    ] Safepoint "Cleanup", Time since last: 1000360237 ns, Reaching safepoint: 1699642 ns, At safepoint: 13300 ns, Total: 1712942 ns
[2020-09-11T15:42:33.764+0000][1][safepoint    ] Safepoint "RevokeBias", Time since last: 43188384 ns, Reaching safepoint: 135791 ns, At safepoint: 25015 ns, Total: 160806 ns
[2020-09-11T15:42:33.821+0000][1][gc,start     ] GC(87) Pause Young (Allocation Failure)
[2020-09-11T15:42:33.821+0000][1][gc,task      ] GC(87) Using 1 workers of 1 for evacuation
[2020-09-11T15:42:33.854+0000][1][gc,age       ] GC(87) Desired survivor size 4358144 bytes, new threshold 6 (max threshold 6)
[2020-09-11T15:42:33.854+0000][1][gc,age       ] GC(87) Age table with threshold 6 (max threshold 6)
[2020-09-11T15:42:33.854+0000][1][gc,age       ] GC(87) - age   1:     380768 bytes,     380768 total
[2020-09-11T15:42:33.854+0000][1][gc,age       ] GC(87) - age   2:      41976 bytes,     422744 total
[2020-09-11T15:42:33.854+0000][1][gc,age       ] GC(87) - age   3:     171480 bytes,     594224 total
[2020-09-11T15:42:33.854+0000][1][gc,age       ] GC(87) - age   4:     429440 bytes,    1023664 total
[2020-09-11T15:42:33.854+0000][1][gc,heap      ] GC(87) ParNew: 69622K->1497K(76672K)
[2020-09-11T15:42:33.854+0000][1][gc,heap      ] GC(87) CMS: 124856K->124856K(2011968K)
[2020-09-11T15:42:33.854+0000][1][gc,metaspace ] GC(87) Metaspace: 95511K->95511K(1136640K)
[2020-09-11T15:42:33.854+0000][1][gc           ] GC(87) Pause Young (Allocation Failure) 189M->123M(2039M) 32.601ms
[2020-09-11T15:42:33.854+0000][1][gc,cpu       ] GC(87) User=0.02s Sys=0.00s Real=0.03s
[2020-09-11T15:42:33.861+0000][1][safepoint    ] Safepoint "GenCollectForAllocation", Time since last: 56721297 ns, Reaching safepoint: 178652 ns, At safepoint: 39859252 ns, Total: 40037904 ns
[2020-09-11T15:42:34.901+0000][1][safepoint    ] Safepoint "Cleanup", Time since last: 1039708318 ns, Reaching safepoint: 116960 ns, At safepoint: 8338 ns, Total: 125298 ns
[2020-09-11T15:42:35.901+0000][1][safepoint    ] Safepoint "Cleanup", Time since last: 1000336032 ns, Reaching safepoint: 127148 ns, At safepoint: 10143 ns, Total: 137291 ns
[2020-09-11T15:42:36.804+0000][1][safepoint    ] Safepoint "RevokeBias", Time since last: 902774943 ns, Reaching safepoint: 95935 ns, At safepoint: 20301 ns, Total: 116236 ns
[2020-09-11T15:42:38.173+0000][1][safepoint    ] Safepoint "Cleanup", Time since last: 1000239854 ns, Reaching safepoint: 368725211 ns, At safepoint: 19508 ns, Total: 368744719 ns
[2020-09-11T15:42:39.174+0000][1][safepoint    ] Safepoint "Cleanup", Time since last: 1000114909 ns, Reaching safepoint: 177570 ns, At safepoint: 6671 ns, Total: 184241 ns
[2020-09-11T15:42:40.174+0000][1][safepoint    ] Safepoint "Cleanup", Time since last: 1000153492 ns, Reaching safepoint: 121525 ns, At safepoint: 6383 ns, Total: 127908 ns
[2020-09-11T15:42:41.174+0000][1][safepoint    ] Safepoint "Cleanup", Time since last: 1000154103 ns, Reaching safepoint: 156015 ns, At safepoint: 17691 ns, Total: 173706 ns
[2020-09-11T15:42:42.175+0000][1][safepoint    ] Safepoint "Cleanup", Time since last: 1000171073 ns, Reaching safepoint: 183341 ns, At safepoint: 19241 ns, Total: 202582 ns
[2020-09-11T15:42:43.175+0000][1][safepoint    ] Safepoint "Cleanup", Time since last: 1000184111 ns, Reaching safepoint: 170324 ns, At safepoint: 18670 ns, Total: 188994 ns
[2020-09-11T15:42:43.727+0000][1][safepoint    ] Safepoint "RevokeBias", Time since last: 552028272 ns, Reaching safepoint: 250328 ns, At safepoint: 309811 ns, Total: 560139 ns
[2020-09-11T15:42:44.728+0000][1][safepoint    ] Safepoint "Cleanup", Time since last: 1000198487 ns, Reaching safepoint: 145183 ns, At safepoint: 7475 ns, Total: 152658 ns
[2020-09-11T15:42:45.728+0000][1][safepoint    ] Safepoint "Cleanup", Time since last: 1000183644 ns, Reaching safepoint: 129514 ns, At safepoint: 7221 ns, Total: 136735 ns
[2020-09-11T15:42:46.729+0000][1][safepoint    ] Safepoint "Cleanup", Time since last: 1000122756 ns, Reaching safepoint: 219723 ns, At safepoint: 8140 ns, Total: 227863 ns
[2020-09-11T15:42:47.729+0000][1][safepoint    ] Safepoint "Cleanup", Time since last: 1000155777 ns, Reaching safepoint: 245638 ns, At safepoint: 18232 ns, Total: 263870 ns
[2020-09-11T15:42:48.729+0000][1][safepoint    ] Safepoint "Cleanup", Time since last: 1000223764 ns, Reaching safepoint: 121797 ns, At safepoint: 7073 ns, Total: 128870 ns
[2020-09-11T15:42:49.730+0000][1][safepoint    ] Safepoint "Cleanup", Time since last: 1000143215 ns, Reaching safepoint: 140186 ns, At safepoint: 7385 ns, Total: 147571 ns
[2020-09-11T15:42:50.730+0000][1][safepoint    ] Safepoint "Cleanup", Time since last: 1000194890 ns, Reaching safepoint: 189425 ns, At safepoint: 18951 ns, Total: 208376 ns
[2020-09-11T15:42:52.731+0000][1][safepoint    ] Safepoint "Cleanup", Time since last: 2000335112 ns, Reaching safepoint: 222131 ns, At safepoint: 19464 ns, Total: 241595 ns
[2020-09-11T15:42:53.706+0000][1][safepoint    ] Safepoint "RevokeBias", Time since last: 974848664 ns, Reaching safepoint: 244844 ns, At safepoint: 254326 ns, Total: 499170 ns
[2020-09-11T15:42:53.939+0000][1][gc,start     ] GC(88) Pause Young (Allocation Failure)
[2020-09-11T15:42:53.939+0000][1][gc,task      ] GC(88) Using 1 workers of 1 for evacuation
[2020-09-11T15:42:53.978+0000][1][gc,age       ] GC(88) Desired survivor size 4358144 bytes, new threshold 6 (max threshold 6)
[2020-09-11T15:42:53.978+0000][1][gc,age       ] GC(88) Age table with threshold 6 (max threshold 6)
[2020-09-11T15:42:53.978+0000][1][gc,age       ] GC(88) - age   1:     324368 bytes,     324368 total
[2020-09-11T15:42:53.978+0000][1][gc,age       ] GC(88) - age   2:      55784 bytes,     380152 total
[2020-09-11T15:42:53.978+0000][1][gc,age       ] GC(88) - age   3:      37896 bytes,     418048 total
[2020-09-11T15:42:53.978+0000][1][gc,age       ] GC(88) - age   4:     168648 bytes,     586696 total
[2020-09-11T15:42:53.978+0000][1][gc,age       ] GC(88) - age   5:     428240 bytes,    1014936 total
[2020-09-11T15:42:53.978+0000][1][gc,heap      ] GC(88) ParNew: 69657K->1749K(76672K)
[2020-09-11T15:42:53.978+0000][1][gc,heap      ] GC(88) CMS: 124856K->124856K(2011968K)
[2020-09-11T15:42:53.978+0000][1][gc,metaspace ] GC(88) Metaspace: 95747K->95747K(1138688K)
[2020-09-11T15:42:53.978+0000][1][gc           ] GC(88) Pause Young (Allocation Failure) 189M->123M(2039M) 39.360ms
[2020-09-11T15:42:53.978+0000][1][gc,cpu       ] GC(88) User=0.03s Sys=0.00s Real=0.04s
[2020-09-11T15:42:53.978+0000][1][safepoint    ] Safepoint "GenCollectForAllocation", Time since last: 232543731 ns, Reaching safepoint: 253349 ns, At safepoint: 39433184 ns, Total: 39686533 ns
[2020-09-11T15:42:54.982+0000][1][safepoint    ] Safepoint "Cleanup", Time since last: 1003367490 ns, Reaching safepoint: 203505 ns, At safepoint: 19805 ns, Total: 223310 ns
[2020-09-11T15:42:55.982+0000][1][safepoint    ] Safepoint "Cleanup", Time since last: 1000166579 ns, Reaching safepoint: 135116 ns, At safepoint: 6312 ns, Total: 141428 ns
[2020-09-11T15:42:56.982+0000][1][safepoint    ] Safepoint "Cleanup", Time since last: 1000205585 ns, Reaching safepoint: 175354 ns, At safepoint: 9470 ns, Total: 184824 ns
[2020-09-11T15:42:59.983+0000][1][safepoint    ] Safepoint "Cleanup", Time since last: 3000488344 ns, Reaching safepoint: 145142 ns, At safepoint: 8054 ns, Total: 153196 ns
[2020-09-11T15:43:00.983+0000][1][safepoint    ] Safepoint "Cleanup", Time since last: 1000210579 ns, Reaching safepoint: 131227 ns, At safepoint: 8338 ns, Total: 139565 ns
[2020-09-11T15:43:01.984+0000][1][safepoint    ] Safepoint "Cleanup", Time since last: 1000216798 ns, Reaching safepoint: 131829 ns, At safepoint: 8131 ns, Total: 139960 ns
[2020-09-11T15:43:02.984+0000][1][safepoint    ] Safepoint "Cleanup", Time since last: 1000149253 ns, Reaching safepoint: 186676 ns, At safepoint: 19505 ns, Total: 206181 ns
[2020-09-11T15:43:03.689+0000][1][safepoint    ] Safepoint "RevokeBias", Time since last: 703850251 ns, Reaching safepoint: 271939 ns, At safepoint: 301847 ns, Total: 573786 ns
[2020-09-11T15:43:04.689+0000][1][safepoint    ] Safepoint "Cleanup", Time since last: 1000189778 ns, Reaching safepoint: 162352 ns, At safepoint: 6619 ns, Total: 168971 ns
[2020-09-11T15:43:07.690+0000][1][safepoint    ] Safepoint "Cleanup", Time since last: 3000460523 ns, Reaching safepoint: 192346 ns, At safepoint: 18068 ns, Total: 210414 ns
[2020-09-11T15:43:09.690+0000][1][safepoint    ] Safepoint "Cleanup", Time since last: 2000340874 ns, Reaching safepoint: 201185 ns, At safepoint: 20000 ns, Total: 221185 ns
[2020-09-11T15:43:11.691+0000][1][safepoint    ] Safepoint "Cleanup", Time since last: 2000289076 ns, Reaching safepoint: 190818 ns, At safepoint: 20287 ns, Total: 211105 ns
[2020-09-11T15:43:12.691+0000][1][safepoint    ] Safepoint "Cleanup", Time since last: 1000218770 ns, Reaching safepoint: 137659 ns, At safepoint: 8365 ns, Total: 146024 ns
[2020-09-11T15:43:13.670+0000][1][safepoint    ] Safepoint "RevokeBias", Time since last: 978622253 ns, Reaching safepoint: 248771 ns, At safepoint: 273115 ns, Total: 521886 ns
[2020-09-11T15:43:14.670+0000][1][safepoint    ] Safepoint "Cleanup", Time since last: 1000192771 ns, Reaching safepoint: 148168 ns, At safepoint: 9022 ns, Total: 157190 ns
[2020-09-11T15:43:15.143+0000][1][gc,start     ] GC(89) Pause Young (Allocation Failure)
[2020-09-11T15:43:15.143+0000][1][gc,task      ] GC(89) Using 1 workers of 1 for evacuation
[2020-09-11T15:43:15.160+0000][1][gc,age       ] GC(89) Desired survivor size 4358144 bytes, new threshold 6 (max threshold 6)
[2020-09-11T15:43:15.160+0000][1][gc,age       ] GC(89) Age table with threshold 6 (max threshold 6)
[2020-09-11T15:43:15.160+0000][1][gc,age       ] GC(89) - age   1:     168184 bytes,     168184 total
[2020-09-11T15:43:15.160+0000][1][gc,age       ] GC(89) - age   2:      45680 bytes,     213864 total
[2020-09-11T15:43:15.160+0000][1][gc,age       ] GC(89) - age   3:      50000 bytes,     263864 total
[2020-09-11T15:43:15.160+0000][1][gc,age       ] GC(89) - age   4:      36624 bytes,     300488 total
[2020-09-11T15:43:15.160+0000][1][gc,age       ] GC(89) - age   5:     168224 bytes,     468712 total
[2020-09-11T15:43:15.160+0000][1][gc,age       ] GC(89) - age   6:     427960 bytes,     896672 total
[2020-09-11T15:43:15.160+0000][1][gc,heap      ] GC(89) ParNew: 69909K->1180K(76672K)
[2020-09-11T15:43:15.160+0000][1][gc,heap      ] GC(89) CMS: 124856K->124856K(2011968K)
[2020-09-11T15:43:15.160+0000][1][gc,metaspace ] GC(89) Metaspace: 95912K->95912K(1138688K)
[2020-09-11T15:43:15.160+0000][1][gc           ] GC(89) Pause Young (Allocation Failure) 190M->123M(2039M) 16.629ms
[2020-09-11T15:43:15.160+0000][1][gc,cpu       ] GC(89) User=0.02s Sys=0.00s Real=0.01s
[2020-09-11T15:43:15.160+0000][1][safepoint    ] Safepoint "GenCollectForAllocation", Time since last: 472530137 ns, Reaching safepoint: 216077 ns, At safepoint: 16703564 ns, Total: 16919641 ns
[2020-09-11T15:43:20.162+0000][1][safepoint    ] Safepoint "Cleanup", Time since last: 5001807772 ns, Reaching safepoint: 301663 ns, At safepoint: 19575 ns, Total: 321238 ns
[2020-09-11T15:43:21.162+0000][1][safepoint    ] Safepoint "Cleanup", Time since last: 1000176150 ns, Reaching safepoint: 167372 ns, At safepoint: 7167 ns, Total: 174539 ns
[2020-09-11T15:43:22.163+0000][1][safepoint    ] Safepoint "Cleanup", Time since last: 1000229878 ns, Reaching safepoint: 204006 ns, At safepoint: 18773 ns, Total: 222779 ns
[2020-09-11T15:43:23.163+0000][1][safepoint    ] Safepoint "Cleanup", Time since last: 1000223869 ns, Reaching safepoint: 186699 ns, At safepoint: 19719 ns, Total: 206418 ns
[2020-09-11T15:43:23.724+0000][1][safepoint    ] Safepoint "BulkRevokeBias", Time since last: 559376742 ns, Reaching safepoint: 712606 ns, At safepoint: 967427 ns, Total: 1680033 ns
[2020-09-11T15:43:23.789+0000][1][safepoint    ] Safepoint "RevokeBias", Time since last: 64416311 ns, Reaching safepoint: 182263 ns, At safepoint: 22313 ns, Total: 204576 ns
[2020-09-11T15:43:24.789+0000][1][safepoint    ] Safepoint "Cleanup", Time since last: 1000168077 ns, Reaching safepoint: 195231 ns, At safepoint: 18924 ns, Total: 214155 ns
[2020-09-11T15:43:25.790+0000][1][safepoint    ] Safepoint "Cleanup", Time since last: 1000225960 ns, Reaching safepoint: 123177 ns, At safepoint: 7285 ns, Total: 130462 ns
[2020-09-11T15:43:26.790+0000][1][safepoint    ] Safepoint "Cleanup", Time since last: 1000176902 ns, Reaching safepoint: 185172 ns, At safepoint: 17801 ns, Total: 202973 ns
[2020-09-11T15:43:28.791+0000][1][safepoint    ] Safepoint "Cleanup", Time since last: 2000375540 ns, Reaching safepoint: 124379 ns, At safepoint: 7600 ns, Total: 131979 ns
[2020-09-11T15:43:29.791+0000][1][safepoint    ] Safepoint "Cleanup", Time since last: 1000180225 ns, Reaching safepoint: 180679 ns, At safepoint: 18118 ns, Total: 198797 ns
[2020-09-11T15:43:31.792+0000][1][safepoint    ] Safepoint "Cleanup", Time since last: 2000389047 ns, Reaching safepoint: 129083 ns, At safepoint: 8731 ns, Total: 137814 ns
[2020-09-11T15:43:32.792+0000][1][safepoint    ] Safepoint "Cleanup", Time since last: 1000140889 ns, Reaching safepoint: 197600 ns, At safepoint: 18506 ns, Total: 216106 ns
[2020-09-11T15:43:33.685+0000][1][safepoint    ] Safepoint "RevokeBias", Time since last: 892210050 ns, Reaching safepoint: 498137 ns, At safepoint: 261594 ns, Total: 759731 ns
[2020-09-11T15:43:34.685+0000][1][safepoint    ] Safepoint "Cleanup", Time since last: 1000206825 ns, Reaching safepoint: 220019 ns, At safepoint: 18322 ns, Total: 238341 ns
[2020-09-11T15:43:35.686+0000][1][safepoint    ] Safepoint "Cleanup", Time since last: 1000222824 ns, Reaching safepoint: 204226 ns, At safepoint: 19034 ns, Total: 223260 ns
[2020-09-11T15:43:37.686+0000][1][safepoint    ] Safepoint "Cleanup", Time since last: 2000314479 ns, Reaching safepoint: 152809 ns, At safepoint: 9824 ns, Total: 162633 ns
[2020-09-11T15:43:38.687+0000][1][safepoint    ] Safepoint "Cleanup", Time since last: 1000219530 ns, Reaching safepoint: 202879 ns, At safepoint: 20812 ns, Total: 223691 ns
[2020-09-11T15:43:39.687+0000][1][safepoint    ] Safepoint "Cleanup", Time since last: 1000213900 ns, Reaching safepoint: 182890 ns, At safepoint: 20721 ns, Total: 203611 ns
[2020-09-11T15:43:40.688+0000][1][safepoint    ] Safepoint "Cleanup", Time since last: 1000224966 ns, Reaching safepoint: 193718 ns, At safepoint: 18416 ns, Total: 212134 ns
[2020-09-11T15:43:41.688+0000][1][safepoint    ] Safepoint "Cleanup", Time since last: 1000218062 ns, Reaching safepoint: 128105 ns, At safepoint: 7096 ns, Total: 135201 ns
[2020-09-11T15:43:42.688+0000][1][safepoint    ] Safepoint "Cleanup", Time since last: 1000150260 ns, Reaching safepoint: 141092 ns, At safepoint: 9594 ns, Total: 150686 ns
[2020-09-11T15:43:43.615+0000][1][gc,start     ] GC(90) Pause Young (Allocation Failure)
[2020-09-11T15:43:43.615+0000][1][gc,task      ] GC(90) Using 1 workers of 1 for evacuation
[2020-09-11T15:43:43.645+0000][1][gc,age       ] GC(90) Desired survivor size 4358144 bytes, new threshold 6 (max threshold 6)
[2020-09-11T15:43:43.645+0000][1][gc,age       ] GC(90) Age table with threshold 6 (max threshold 6)
[2020-09-11T15:43:43.645+0000][1][gc,age       ] GC(90) - age   1:     234960 bytes,     234960 total
[2020-09-11T15:43:43.645+0000][1][gc,age       ] GC(90) - age   2:      22072 bytes,     257032 total
[2020-09-11T15:43:43.645+0000][1][gc,age       ] GC(90) - age   3:      29824 bytes,     286856 total
[2020-09-11T15:43:43.645+0000][1][gc,age       ] GC(90) - age   4:      32144 bytes,     319000 total
[2020-09-11T15:43:43.645+0000][1][gc,age       ] GC(90) - age   5:      35384 bytes,     354384 total
[2020-09-11T15:43:43.645+0000][1][gc,age       ] GC(90) - age   6:     168224 bytes,     522608 total
[2020-09-11T15:43:43.645+0000][1][gc,heap      ] GC(90) ParNew: 69340K->804K(76672K)
[2020-09-11T15:43:43.645+0000][1][gc,heap      ] GC(90) CMS: 124856K->125284K(2011968K)
[2020-09-11T15:43:43.645+0000][1][gc,metaspace ] GC(90) Metaspace: 95992K->95992K(1138688K)
[2020-09-11T15:43:43.645+0000][1][gc           ] GC(90) Pause Young (Allocation Failure) 189M->123M(2039M) 30.041ms
[2020-09-11T15:43:43.645+0000][1][gc,cpu       ] GC(90) User=0.02s Sys=0.00s Real=0.03s
[2020-09-11T15:43:43.647+0000][1][safepoint    ] Safepoint "GenCollectForAllocation", Time since last: 925118182 ns, Reaching safepoint: 2033703 ns, At safepoint: 31659331 ns, Total: 33693034 ns
[2020-09-11T15:43:43.714+0000][1][safepoint    ] Safepoint "RevokeBias", Time since last: 65213732 ns, Reaching safepoint: 1015346 ns, At safepoint: 358153 ns, Total: 1373499 ns
[2020-09-11T15:43:44.714+0000][1][safepoint    ] Safepoint "Cleanup", Time since last: 1000183375 ns, Reaching safepoint: 131184 ns, At safepoint: 7294 ns, Total: 138478 ns
[2020-09-11T15:43:45.714+0000][1][safepoint    ] Safepoint "Cleanup", Time since last: 1000173713 ns, Reaching safepoint: 132182 ns, At safepoint: 8206 ns, Total: 140388 ns
[2020-09-11T15:43:46.715+0000][1][safepoint    ] Safepoint "Cleanup", Time since last: 1000196287 ns, Reaching safepoint: 109417 ns, At safepoint: 6656 ns, Total: 116073 ns
[2020-09-11T15:43:47.717+0000][1][safepoint    ] Safepoint "Cleanup", Time since last: 1002265501 ns, Reaching safepoint: 277490 ns, At safepoint: 9806 ns, Total: 287296 ns
[2020-09-11T15:43:48.717+0000][1][safepoint    ] Safepoint "Cleanup", Time since last: 1000186062 ns, Reaching safepoint: 167564 ns, At safepoint: 17567 ns, Total: 185131 ns
[2020-09-11T15:43:49.718+0000][1][safepoint    ] Safepoint "Cleanup", Time since last: 1000248179 ns, Reaching safepoint: 178256 ns, At safepoint: 18707 ns, Total: 196963 ns
[2020-09-11T15:43:50.718+0000][1][safepoint    ] Safepoint "Cleanup", Time since last: 1000235060 ns, Reaching safepoint: 174467 ns, At safepoint: 18870 ns, Total: 193337 ns
[2020-09-11T15:43:51.719+0000][1][safepoint    ] Safepoint "Cleanup", Time since last: 1000182538 ns, Reaching safepoint: 184443 ns, At safepoint: 17527 ns, Total: 201970 ns
[2020-09-11T15:43:52.719+0000][1][safepoint    ] Safepoint "Cleanup", Time since last: 1000219996 ns, Reaching safepoint: 188225 ns, At safepoint: 20831 ns, Total: 209056 ns
[2020-09-11T15:43:53.680+0000][1][safepoint    ] Safepoint "RevokeBias", Time since last: 960213250 ns, Reaching safepoint: 248393 ns, At safepoint: 293822 ns, Total: 542215 ns
[2020-09-11T15:43:54.682+0000][1][safepoint    ] Safepoint "Cleanup", Time since last: 1001539778 ns, Reaching safepoint: 283468 ns, At safepoint: 17891 ns, Total: 301359 ns
[2020-09-11T15:43:55.682+0000][1][safepoint    ] Safepoint "Cleanup", Time since last: 1000213846 ns, Reaching safepoint: 133200 ns, At safepoint: 6660 ns, Total: 139860 ns
[2020-09-11T15:43:56.682+0000][1][safepoint    ] Safepoint "Cleanup", Time since last: 1000179788 ns, Reaching safepoint: 147384 ns, At safepoint: 7193 ns, Total: 154577 ns
[2020-09-11T15:43:57.683+0000][1][safepoint    ] Safepoint "Cleanup", Time since last: 1000183613 ns, Reaching safepoint: 177634 ns, At safepoint: 17053 ns, Total: 194687 ns
[2020-09-11T15:43:58.683+0000][1][safepoint    ] Safepoint "Cleanup", Time since last: 1000184424 ns, Reaching safepoint: 133878 ns, At safepoint: 7339 ns, Total: 141217 ns
[2020-09-11T15:43:59.683+0000][1][safepoint    ] Safepoint "Cleanup", Time since last: 1000167103 ns, Reaching safepoint: 170184 ns, At safepoint: 18987 ns, Total: 189171 ns
[2020-09-11T15:44:00.684+0000][1][safepoint    ] Safepoint "Cleanup", Time since last: 1000187684 ns, Reaching safepoint: 188583 ns, At safepoint: 22137 ns, Total: 210720 ns
[2020-09-11T15:44:01.684+0000][1][safepoint    ] Safepoint "Cleanup", Time since last: 1000226472 ns, Reaching safepoint: 180026 ns, At safepoint: 20193 ns, Total: 200219 ns
[2020-09-11T15:44:02.685+0000][1][safepoint    ] Safepoint "Cleanup", Time since last: 1000182437 ns, Reaching safepoint: 152917 ns, At safepoint: 9850 ns, Total: 162767 ns
[2020-09-11T15:44:03.686+0000][1][safepoint    ] Safepoint "Cleanup", Time since last: 1001367897 ns, Reaching safepoint: 229132 ns, At safepoint: 14051 ns, Total: 243183 ns
[2020-09-11T15:44:03.691+0000][1][safepoint    ] Safepoint "RevokeBias", Time since last: 3981154 ns, Reaching safepoint: 283125 ns, At safepoint: 330231 ns, Total: 613356 ns
[2020-09-11T15:44:03.741+0000][1][gc,start     ] GC(91) Pause Young (Allocation Failure)
[2020-09-11T15:44:03.741+0000][1][gc,task      ] GC(91) Using 1 workers of 1 for evacuation
[2020-09-11T15:44:03.761+0000][1][gc,age       ] GC(91) Desired survivor size 4358144 bytes, new threshold 6 (max threshold 6)
[2020-09-11T15:44:03.761+0000][1][gc,age       ] GC(91) Age table with threshold 6 (max threshold 6)
[2020-09-11T15:44:03.761+0000][1][gc,age       ] GC(91) - age   1:     457656 bytes,     457656 total
[2020-09-11T15:44:03.761+0000][1][gc,age       ] GC(91) - age   2:      52288 bytes,     509944 total
[2020-09-11T15:44:03.761+0000][1][gc,age       ] GC(91) - age   3:      18832 bytes,     528776 total
[2020-09-11T15:44:03.761+0000][1][gc,age       ] GC(91) - age   4:      27016 bytes,     555792 total
[2020-09-11T15:44:03.761+0000][1][gc,age       ] GC(91) - age   5:      30648 bytes,     586440 total
[2020-09-11T15:44:03.761+0000][1][gc,age       ] GC(91) - age   6:      32872 bytes,     619312 total
[2020-09-11T15:44:03.761+0000][1][gc,heap      ] GC(91) ParNew: 68964K->1167K(76672K)
[2020-09-11T15:44:03.761+0000][1][gc,heap      ] GC(91) CMS: 125284K->125451K(2011968K)
[2020-09-11T15:44:03.761+0000][1][gc,metaspace ] GC(91) Metaspace: 96116K->96116K(1138688K)
[2020-09-11T15:44:03.761+0000][1][gc           ] GC(91) Pause Young (Allocation Failure) 189M->123M(2039M) 20.092ms
[2020-09-11T15:44:03.761+0000][1][gc,cpu       ] GC(91) User=0.02s Sys=0.00s Real=0.02s
[2020-09-11T15:44:03.769+0000][1][safepoint    ] Safepoint "GenCollectForAllocation", Time since last: 49924899 ns, Reaching safepoint: 235440 ns, At safepoint: 28301552 ns, Total: 28536992 ns
[2020-09-11T15:44:04.772+0000][1][safepoint    ] Safepoint "Cleanup", Time since last: 1002905717 ns, Reaching safepoint: 136741 ns, At safepoint: 7595 ns, Total: 144336 ns
[2020-09-11T15:44:05.773+0000][1][safepoint    ] Safepoint "Cleanup", Time since last: 1000140466 ns, Reaching safepoint: 141961 ns, At safepoint: 6232 ns, Total: 148193 ns
[2020-09-11T15:44:06.773+0000][1][safepoint    ] Safepoint "Cleanup", Time since last: 1000185423 ns, Reaching safepoint: 118820 ns, At safepoint: 7706 ns, Total: 126526 ns
[2020-09-11T15:44:07.773+0000][1][safepoint    ] Safepoint "Cleanup", Time since last: 1000148683 ns, Reaching safepoint: 133035 ns, At safepoint: 6294 ns, Total: 139329 ns
[2020-09-11T15:44:08.774+0000][1][safepoint    ] Safepoint "Cleanup", Time since last: 1000213076 ns, Reaching safepoint: 116849 ns, At safepoint: 9339 ns, Total: 126188 ns
[2020-09-11T15:44:09.774+0000][1][safepoint    ] Safepoint "Cleanup", Time since last: 1000195938 ns, Reaching safepoint: 236984 ns, At safepoint: 23855 ns, Total: 260839 ns
[2020-09-11T15:44:10.774+0000][1][safepoint    ] Safepoint "Cleanup", Time since last: 1000245616 ns, Reaching safepoint: 131813 ns, At safepoint: 8904 ns, Total: 140717 ns
[2020-09-11T15:44:11.775+0000][1][safepoint    ] Safepoint "Cleanup", Time since last: 1000184989 ns, Reaching safepoint: 122655 ns, At safepoint: 8925 ns, Total: 131580 ns
[2020-09-11T15:44:12.775+0000][1][safepoint    ] Safepoint "Cleanup", Time since last: 1000182600 ns, Reaching safepoint: 188938 ns, At safepoint: 21225 ns, Total: 210163 ns
[2020-09-11T15:44:13.756+0000][1][safepoint    ] Safepoint "RevokeBias", Time since last: 980087680 ns, Reaching safepoint: 243003 ns, At safepoint: 318576 ns, Total: 561579 ns
[2020-09-11T15:44:14.756+0000][1][safepoint    ] Safepoint "Cleanup", Time since last: 1000203701 ns, Reaching safepoint: 150941 ns, At safepoint: 7894 ns, Total: 158835 ns
[2020-09-11T15:44:15.756+0000][1][safepoint    ] Safepoint "Cleanup", Time since last: 1000172300 ns, Reaching safepoint: 137613 ns, At safepoint: 9786 ns, Total: 147399 ns
[2020-09-11T15:44:16.757+0000][1][safepoint    ] Safepoint "Cleanup", Time since last: 1000206565 ns, Reaching safepoint: 199258 ns, At safepoint: 16965 ns, Total: 216223 ns
[2020-09-11T15:44:17.757+0000][1][safepoint    ] Safepoint "Cleanup", Time since last: 1000224213 ns, Reaching safepoint: 219935 ns, At safepoint: 10705 ns, Total: 230640 ns
[2020-09-11T15:44:18.758+0000][1][safepoint    ] Safepoint "Cleanup", Time since last: 1000184437 ns, Reaching safepoint: 119354 ns, At safepoint: 9115 ns, Total: 128469 ns
[2020-09-11T15:44:19.758+0000][1][safepoint    ] Safepoint "Cleanup", Time since last: 1000149886 ns, Reaching safepoint: 184581 ns, At safepoint: 20226 ns, Total: 204807 ns
[2020-09-11T15:44:20.758+0000][1][safepoint    ] Safepoint "Cleanup", Time since last: 1000230289 ns, Reaching safepoint: 176980 ns, At safepoint: 19715 ns, Total: 196695 ns
[2020-09-11T15:44:21.759+0000][1][safepoint    ] Safepoint "Cleanup", Time since last: 1000186202 ns, Reaching safepoint: 178002 ns, At safepoint: 18760 ns, Total: 196762 ns
[2020-09-11T15:44:22.759+0000][1][safepoint    ] Safepoint "Cleanup", Time since last: 1000184967 ns, Reaching safepoint: 192268 ns, At safepoint: 20294 ns, Total: 212562 ns
[2020-09-11T15:44:23.686+0000][1][safepoint    ] Safepoint "RevokeBias", Time since last: 926052963 ns, Reaching safepoint: 286072 ns, At safepoint: 319351 ns, Total: 605423 ns
[2020-09-11T15:44:24.686+0000][1][safepoint    ] Safepoint "Cleanup", Time since last: 1000184785 ns, Reaching safepoint: 207734 ns, At safepoint: 19752 ns, Total: 227486 ns
[2020-09-11T15:44:25.256+0000][1][gc,start     ] GC(92) Pause Young (Allocation Failure)
[2020-09-11T15:44:25.256+0000][1][gc,task      ] GC(92) Using 1 workers of 1 for evacuation
[2020-09-11T15:44:25.278+0000][1][gc,age       ] GC(92) Desired survivor size 4358144 bytes, new threshold 6 (max threshold 6)
[2020-09-11T15:44:25.278+0000][1][gc,age       ] GC(92) Age table with threshold 6 (max threshold 6)
[2020-09-11T15:44:25.278+0000][1][gc,age       ] GC(92) - age   1:     204272 bytes,     204272 total
[2020-09-11T15:44:25.278+0000][1][gc,age       ] GC(92) - age   2:      25408 bytes,     229680 total
[2020-09-11T15:44:25.278+0000][1][gc,age       ] GC(92) - age   3:      47824 bytes,     277504 total
[2020-09-11T15:44:25.278+0000][1][gc,age       ] GC(92) - age   4:      17968 bytes,     295472 total
[2020-09-11T15:44:25.278+0000][1][gc,age       ] GC(92) - age   5:      27016 bytes,     322488 total
[2020-09-11T15:44:25.278+0000][1][gc,age       ] GC(92) - age   6:      30648 bytes,     353136 total
[2020-09-11T15:44:25.278+0000][1][gc,heap      ] GC(92) ParNew: 69327K->372K(76672K)
[2020-09-11T15:44:25.278+0000][1][gc,heap      ] GC(92) CMS: 125451K->125483K(2011968K)
[2020-09-11T15:44:25.278+0000][1][gc,metaspace ] GC(92) Metaspace: 96227K->96227K(1138688K)
[2020-09-11T15:44:25.278+0000][1][gc           ] GC(92) Pause Young (Allocation Failure) 190M->122M(2039M) 22.001ms
[2020-09-11T15:44:25.278+0000][1][gc,cpu       ] GC(92) User=0.02s Sys=0.00s Real=0.02s
[2020-09-11T15:44:25.278+0000][1][safepoint    ] Safepoint "GenCollectForAllocation", Time since last: 569050924 ns, Reaching safepoint: 288516 ns, At safepoint: 22090000 ns, Total: 22378516 ns
[2020-09-11T15:44:26.281+0000][1][safepoint    ] Safepoint "Cleanup", Time since last: 1003241254 ns, Reaching safepoint: 133247 ns, At safepoint: 7322 ns, Total: 140569 ns
[2020-09-11T15:44:27.281+0000][1][safepoint    ] Safepoint "Cleanup", Time since last: 1000169813 ns, Reaching safepoint: 117610 ns, At safepoint: 6154 ns, Total: 123764 ns
[2020-09-11T15:44:28.282+0000][1][safepoint    ] Safepoint "Cleanup", Time since last: 1000175778 ns, Reaching safepoint: 127337 ns, At safepoint: 8791 ns, Total: 136128 ns
[2020-09-11T15:44:29.282+0000][1][safepoint    ] Safepoint "Cleanup", Time since last: 1000161866 ns, Reaching safepoint: 175656 ns, At safepoint: 20400 ns, Total: 196056 ns
[2020-09-11T15:44:30.282+0000][1][safepoint    ] Safepoint "Cleanup", Time since last: 1000199604 ns, Reaching safepoint: 187691 ns, At safepoint: 21596 ns, Total: 209287 ns
[2020-09-11T15:44:31.283+0000][1][safepoint    ] Safepoint "Cleanup", Time since last: 1000225864 ns, Reaching safepoint: 170134 ns, At safepoint: 18763 ns, Total: 188897 ns
[2020-09-11T15:44:32.283+0000][1][safepoint    ] Safepoint "Cleanup", Time since last: 1000138493 ns, Reaching safepoint: 106208 ns, At safepoint: 12410 ns, Total: 118618 ns
[2020-09-11T15:44:33.283+0000][1][safepoint    ] Safepoint "Cleanup", Time since last: 1000145509 ns, Reaching safepoint: 162314 ns, At safepoint: 9093 ns, Total: 171407 ns
[2020-09-11T15:44:33.724+0000][1][safepoint    ] Safepoint "RevokeBias", Time since last: 439801001 ns, Reaching safepoint: 214977 ns, At safepoint: 24921 ns, Total: 239898 ns
[2020-09-11T15:44:34.724+0000][1][safepoint    ] Safepoint "Cleanup", Time since last: 1000193905 ns, Reaching safepoint: 129371 ns, At safepoint: 9219 ns, Total: 138590 ns
[2020-09-11T15:44:35.724+0000][1][safepoint    ] Safepoint "Cleanup", Time since last: 1000197026 ns, Reaching safepoint: 140783 ns, At safepoint: 6681 ns, Total: 147464 ns
[2020-09-11T15:44:36.724+0000][1][safepoint    ] Safepoint "Cleanup", Time since last: 1000172760 ns, Reaching safepoint: 126752 ns, At safepoint: 6556 ns, Total: 133308 ns
[2020-09-11T15:44:39.725+0000][1][safepoint    ] Safepoint "Cleanup", Time since last: 3000360391 ns, Reaching safepoint: 114842 ns, At safepoint: 8154 ns, Total: 122996 ns
[2020-09-11T15:44:40.725+0000][1][safepoint    ] Safepoint "Cleanup", Time since last: 1000150611 ns, Reaching safepoint: 206608 ns, At safepoint: 21663 ns, Total: 228271 ns
[2020-09-11T15:44:41.726+0000][1][safepoint    ] Safepoint "Cleanup", Time since last: 1000203611 ns, Reaching safepoint: 183955 ns, At safepoint: 20741 ns, Total: 204696 ns
[2020-09-11T15:44:42.726+0000][1][safepoint    ] Safepoint "Cleanup", Time since last: 1000255730 ns, Reaching safepoint: 131911 ns, At safepoint: 16499 ns, Total: 148410 ns
[2020-09-11T15:44:43.680+0000][1][safepoint    ] Safepoint "RevokeBias", Time since last: 953100303 ns, Reaching safepoint: 294244 ns, At safepoint: 329766 ns, Total: 624010 ns
[2020-09-11T15:44:44.865+0000][1][safepoint    ] Safepoint "Cleanup", Time since last: 1185245145 ns, Reaching safepoint: 315919 ns, At safepoint: 19812 ns, Total: 335731 ns
[2020-09-11T15:44:45.866+0000][1][safepoint    ] Safepoint "Cleanup", Time since last: 1000239540 ns, Reaching safepoint: 119481 ns, At safepoint: 7687 ns, Total: 127168 ns
[2020-09-11T15:44:46.866+0000][1][safepoint    ] Safepoint "Cleanup", Time since last: 1000172133 ns, Reaching safepoint: 171009 ns, At safepoint: 17584 ns, Total: 188593 ns
[2020-09-11T15:44:47.867+0000][1][safepoint    ] Safepoint "Cleanup", Time since last: 1000219360 ns, Reaching safepoint: 118774 ns, At safepoint: 7031 ns, Total: 125805 ns
[2020-09-11T15:44:48.867+0000][1][safepoint    ] Safepoint "Cleanup", Time since last: 1000186255 ns, Reaching safepoint: 107095 ns, At safepoint: 7273 ns, Total: 114368 ns
[2020-09-11T15:44:49.867+0000][1][safepoint    ] Safepoint "Cleanup", Time since last: 1000203642 ns, Reaching safepoint: 108697 ns, At safepoint: 9435 ns, Total: 118132 ns
[2020-09-11T15:44:50.320+0000][1][gc,start     ] GC(93) Pause Young (Allocation Failure)
[2020-09-11T15:44:50.320+0000][1][gc,task      ] GC(93) Using 1 workers of 1 for evacuation
[2020-09-11T15:44:50.338+0000][1][gc,age       ] GC(93) Desired survivor size 4358144 bytes, new threshold 6 (max threshold 6)
[2020-09-11T15:44:50.338+0000][1][gc,age       ] GC(93) Age table with threshold 6 (max threshold 6)
[2020-09-11T15:44:50.338+0000][1][gc,age       ] GC(93) - age   1:     205992 bytes,     205992 total
[2020-09-11T15:44:50.338+0000][1][gc,age       ] GC(93) - age   2:      30368 bytes,     236360 total
[2020-09-11T15:44:50.338+0000][1][gc,age       ] GC(93) - age   3:      20304 bytes,     256664 total
[2020-09-11T15:44:50.338+0000][1][gc,age       ] GC(93) - age   4:      45424 bytes,     302088 total
[2020-09-11T15:44:50.338+0000][1][gc,age       ] GC(93) - age   5:      16728 bytes,     318816 total
[2020-09-11T15:44:50.338+0000][1][gc,age       ] GC(93) - age   6:      25688 bytes,     344504 total
[2020-09-11T15:44:50.338+0000][1][gc,heap      ] GC(93) ParNew: 68532K->351K(76672K)
[2020-09-11T15:44:50.338+0000][1][gc,heap      ] GC(93) CMS: 125483K->125513K(2011968K)
[2020-09-11T15:44:50.338+0000][1][gc,metaspace ] GC(93) Metaspace: 96344K->96344K(1138688K)
[2020-09-11T15:44:50.338+0000][1][gc           ] GC(93) Pause Young (Allocation Failure) 189M->122M(2039M) 18.334ms
[2020-09-11T15:44:50.338+0000][1][gc,cpu       ] GC(93) User=0.02s Sys=0.00s Real=0.02s
[2020-09-11T15:44:50.338+0000][1][safepoint    ] Safepoint "GenCollectForAllocation", Time since last: 452158005 ns, Reaching safepoint: 280169 ns, At safepoint: 18422085 ns, Total: 18702254 ns
[2020-09-11T15:44:51.344+0000][1][safepoint    ] Safepoint "Cleanup", Time since last: 1005469930 ns, Reaching safepoint: 173191 ns, At safepoint: 16304 ns, Total: 189495 ns
[2020-09-11T15:44:52.344+0000][1][safepoint    ] Safepoint "Cleanup", Time since last: 1000169819 ns, Reaching safepoint: 95715 ns, At safepoint: 8414 ns, Total: 104129 ns
[2020-09-11T15:44:53.344+0000][1][safepoint    ] Safepoint "Cleanup", Time since last: 1000127446 ns, Reaching safepoint: 215505 ns, At safepoint: 7137 ns, Total: 222642 ns
[2020-09-11T15:44:53.683+0000][1][safepoint    ] Safepoint "RevokeBias", Time since last: 337636250 ns, Reaching safepoint: 274896 ns, At safepoint: 328143 ns, Total: 603039 ns
[2020-09-11T15:44:54.683+0000][1][safepoint    ] Safepoint "Cleanup", Time since last: 1000183551 ns, Reaching safepoint: 132971 ns, At safepoint: 7824 ns, Total: 140795 ns
[2020-09-11T15:44:55.683+0000][1][safepoint    ] Safepoint "Cleanup", Time since last: 1000199796 ns, Reaching safepoint: 163465 ns, At safepoint: 19067 ns, Total: 182532 ns
[2020-09-11T15:44:56.684+0000][1][safepoint    ] Safepoint "Cleanup", Time since last: 1000214158 ns, Reaching safepoint: 118797 ns, At safepoint: 8605 ns, Total: 127402 ns
[2020-09-11T15:44:57.684+0000][1][safepoint    ] Safepoint "Cleanup", Time since last: 1000183087 ns, Reaching safepoint: 174563 ns, At safepoint: 21256 ns, Total: 195819 ns
[2020-09-11T15:44:58.684+0000][1][safepoint    ] Safepoint "Cleanup", Time since last: 1000220667 ns, Reaching safepoint: 173689 ns, At safepoint: 22432 ns, Total: 196121 ns
[2020-09-11T15:44:59.685+0000][1][safepoint    ] Safepoint "Cleanup", Time since last: 1000213500 ns, Reaching safepoint: 234094 ns, At safepoint: 20944 ns, Total: 255038 ns
[2020-09-11T15:45:00.685+0000][1][safepoint    ] Safepoint "Cleanup", Time since last: 1000238183 ns, Reaching safepoint: 185590 ns, At safepoint: 24065 ns, Total: 209655 ns
[2020-09-11T15:45:00.882+0000][1][safepoint    ] Safepoint "RevokeBias", Time since last: 196036561 ns, Reaching safepoint: 271085 ns, At safepoint: 54508 ns, Total: 325593 ns
[2020-09-11T15:45:00.884+0000][1][safepoint    ] Safepoint "RevokeBias", Time since last: 1693614 ns, Reaching safepoint: 349973 ns, At safepoint: 44566 ns, Total: 394539 ns
[2020-09-11T15:45:00.890+0000][1][safepoint    ] Safepoint "RevokeBias", Time since last: 6135631 ns, Reaching safepoint: 92267 ns, At safepoint: 22068 ns, Total: 114335 ns
[2020-09-11T15:45:01.890+0000][1][safepoint    ] Safepoint "Cleanup", Time since last: 1000102606 ns, Reaching safepoint: 205113 ns, At safepoint: 8680 ns, Total: 213793 ns
[2020-09-11T15:45:02.891+0000][1][safepoint    ] Safepoint "Cleanup", Time since last: 1000255409 ns, Reaching safepoint: 185903 ns, At safepoint: 18870 ns, Total: 204773 ns
[2020-09-11T15:45:03.691+0000][1][safepoint    ] Safepoint "RevokeBias", Time since last: 799661641 ns, Reaching safepoint: 265776 ns, At safepoint: 328232 ns, Total: 594008 ns
[2020-09-11T15:45:04.691+0000][1][safepoint    ] Safepoint "Cleanup", Time since last: 1000182875 ns, Reaching safepoint: 129029 ns, At safepoint: 10600 ns, Total: 139629 ns
[2020-09-11T15:45:05.692+0000][1][safepoint    ] Safepoint "Cleanup", Time since last: 1000192142 ns, Reaching safepoint: 180621 ns, At safepoint: 20875 ns, Total: 201496 ns
[2020-09-11T15:45:07.692+0000][1][safepoint    ] Safepoint "Cleanup", Time since last: 2000304485 ns, Reaching safepoint: 213208 ns, At safepoint: 8500 ns, Total: 221708 ns
[2020-09-11T15:45:09.693+0000][1][safepoint    ] Safepoint "Cleanup", Time since last: 2000271860 ns, Reaching safepoint: 178349 ns, At safepoint: 40176 ns, Total: 218525 ns
[2020-09-11T15:45:13.697+0000][1][safepoint    ] Safepoint "Cleanup", Time since last: 4000557203 ns, Reaching safepoint: 3267796 ns, At safepoint: 11178 ns, Total: 3278974 ns
[2020-09-11T15:45:13.774+0000][1][safepoint    ] Safepoint "RevokeBias", Time since last: 73447537 ns, Reaching safepoint: 3310947 ns, At safepoint: 292632 ns, Total: 3603579 ns
[2020-09-11T15:45:13.833+0000][1][gc,start     ] GC(94) Pause Young (Allocation Failure)
[2020-09-11T15:45:13.833+0000][1][gc,task      ] GC(94) Using 1 workers of 1 for evacuation
[2020-09-11T15:45:13.864+0000][1][gc,age       ] GC(94) Desired survivor size 4358144 bytes, new threshold 6 (max threshold 6)
[2020-09-11T15:45:13.864+0000][1][gc,age       ] GC(94) Age table with threshold 6 (max threshold 6)
[2020-09-11T15:45:13.864+0000][1][gc,age       ] GC(94) - age   1:     577744 bytes,     577744 total
[2020-09-11T15:45:13.864+0000][1][gc,age       ] GC(94) - age   2:      36360 bytes,     614104 total
[2020-09-11T15:45:13.864+0000][1][gc,age       ] GC(94) - age   3:      11680 bytes,     625784 total
[2020-09-11T15:45:13.864+0000][1][gc,age       ] GC(94) - age   4:      16632 bytes,     642416 total
[2020-09-11T15:45:13.864+0000][1][gc,age       ] GC(94) - age   5:      21488 bytes,     663904 total
[2020-09-11T15:45:13.864+0000][1][gc,age       ] GC(94) - age   6:      16728 bytes,     680632 total
[2020-09-11T15:45:13.864+0000][1][gc,heap      ] GC(94) ParNew: 68511K->680K(76672K)
[2020-09-11T15:45:13.864+0000][1][gc,heap      ] GC(94) CMS: 125513K->125535K(2011968K)
[2020-09-11T15:45:13.864+0000][1][gc,metaspace ] GC(94) Metaspace: 96453K->96453K(1138688K)
[2020-09-11T15:45:13.864+0000][1][gc           ] GC(94) Pause Young (Allocation Failure) 189M->123M(2039M) 31.500ms
[2020-09-11T15:45:13.864+0000][1][gc,cpu       ] GC(94) User=0.03s Sys=0.00s Real=0.04s
[2020-09-11T15:45:13.872+0000][1][safepoint    ] Safepoint "GenCollectForAllocation", Time since last: 58802412 ns, Reaching safepoint: 93885 ns, At safepoint: 39783991 ns, Total: 39877876 ns
[2020-09-11T15:45:14.877+0000][1][safepoint    ] Safepoint "Cleanup", Time since last: 1004577916 ns, Reaching safepoint: 135936 ns, At safepoint: 10067 ns, Total: 146003 ns
[2020-09-11T15:45:15.877+0000][1][safepoint    ] Safepoint "Cleanup", Time since last: 1000204996 ns, Reaching safepoint: 125329 ns, At safepoint: 9375 ns, Total: 134704 ns
[2020-09-11T15:45:16.878+0000][1][safepoint    ] Safepoint "Cleanup", Time since last: 1000176867 ns, Reaching safepoint: 165175 ns, At safepoint: 18212 ns, Total: 183387 ns
[2020-09-11T15:45:17.878+0000][1][safepoint    ] Safepoint "Cleanup", Time since last: 1000214625 ns, Reaching safepoint: 200035 ns, At safepoint: 21443 ns, Total: 221478 ns
[2020-09-11T15:45:18.879+0000][1][safepoint    ] Safepoint "Cleanup", Time since last: 1000214740 ns, Reaching safepoint: 188943 ns, At safepoint: 22058 ns, Total: 211001 ns
[2020-09-11T15:45:19.879+0000][1][safepoint    ] Safepoint "Cleanup", Time since last: 1000182370 ns, Reaching safepoint: 139481 ns, At safepoint: 9289 ns, Total: 148770 ns
[2020-09-11T15:45:20.879+0000][1][safepoint    ] Safepoint "Cleanup", Time since last: 1000187173 ns, Reaching safepoint: 167254 ns, At safepoint: 18569 ns, Total: 185823 ns
[2020-09-11T15:45:21.880+0000][1][safepoint    ] Safepoint "Cleanup", Time since last: 1000170362 ns, Reaching safepoint: 96237 ns, At safepoint: 8027 ns, Total: 104264 ns
[2020-09-11T15:45:22.880+0000][1][safepoint    ] Safepoint "Cleanup", Time since last: 1000195396 ns, Reaching safepoint: 119404 ns, At safepoint: 10409 ns, Total: 129813 ns
[2020-09-11T15:45:23.693+0000][1][safepoint    ] Safepoint "RevokeBias", Time since last: 810574736 ns, Reaching safepoint: 2459263 ns, At safepoint: 335560 ns, Total: 2794823 ns
[2020-09-11T15:45:24.694+0000][1][safepoint    ] Safepoint "Cleanup", Time since last: 1000187407 ns, Reaching safepoint: 198379 ns, At safepoint: 19916 ns, Total: 218295 ns
[2020-09-11T15:45:25.694+0000][1][safepoint    ] Safepoint "Cleanup", Time since last: 1000157503 ns, Reaching safepoint: 85281 ns, At safepoint: 8065 ns, Total: 93346 ns
[2020-09-11T15:45:26.694+0000][1][safepoint    ] Safepoint "Cleanup", Time since last: 1000141530 ns, Reaching safepoint: 169316 ns, At safepoint: 8738 ns, Total: 178054 ns
[2020-09-11T15:45:27.695+0000][1][safepoint    ] Safepoint "Cleanup", Time since last: 1000140344 ns, Reaching safepoint: 380854 ns, At safepoint: 22638 ns, Total: 403492 ns
[2020-09-11T15:45:28.696+0000][1][safepoint    ] Safepoint "Cleanup", Time since last: 1000142538 ns, Reaching safepoint: 862655 ns, At safepoint: 13429 ns, Total: 876084 ns
[2020-09-11T15:45:29.696+0000][1][safepoint    ] Safepoint "Cleanup", Time since last: 1000178850 ns, Reaching safepoint: 121234 ns, At safepoint: 17775 ns, Total: 139009 ns
[2020-09-11T15:45:30.697+0000][1][safepoint    ] Safepoint "Cleanup", Time since last: 1000216984 ns, Reaching safepoint: 189150 ns, At safepoint: 23574 ns, Total: 212724 ns
[2020-09-11T15:45:31.697+0000][1][safepoint    ] Safepoint "Cleanup", Time since last: 1000227573 ns, Reaching safepoint: 117630 ns, At safepoint: 10756 ns, Total: 128386 ns
[2020-09-11T15:45:32.697+0000][1][safepoint    ] Safepoint "Cleanup", Time since last: 1000192598 ns, Reaching safepoint: 117892 ns, At safepoint: 8437 ns, Total: 126329 ns
[2020-09-11T15:45:33.698+0000][1][safepoint    ] Safepoint "Cleanup", Time since last: 1000130877 ns, Reaching safepoint: 184176 ns, At safepoint: 11650 ns, Total: 195826 ns
[2020-09-11T15:45:33.738+0000][1][safepoint    ] Safepoint "RevokeBias", Time since last: 39665690 ns, Reaching safepoint: 239126 ns, At safepoint: 270370 ns, Total: 509496 ns
[2020-09-11T15:45:33.848+0000][1][gc,start     ] GC(95) Pause Young (Allocation Failure)
[2020-09-11T15:45:33.848+0000][1][gc,task      ] GC(95) Using 1 workers of 1 for evacuation
[2020-09-11T15:45:33.863+0000][1][gc,age       ] GC(95) Desired survivor size 4358144 bytes, new threshold 6 (max threshold 6)
[2020-09-11T15:45:33.863+0000][1][gc,age       ] GC(95) Age table with threshold 6 (max threshold 6)
[2020-09-11T15:45:33.863+0000][1][gc,age       ] GC(95) - age   1:     563144 bytes,     563144 total
[2020-09-11T15:45:33.863+0000][1][gc,age       ] GC(95) - age   2:     295136 bytes,     858280 total
[2020-09-11T15:45:33.863+0000][1][gc,age       ] GC(95) - age   3:      14384 bytes,     872664 total
[2020-09-11T15:45:33.863+0000][1][gc,age       ] GC(95) - age   4:      10576 bytes,     883240 total
[2020-09-11T15:45:33.863+0000][1][gc,age       ] GC(95) - age   5:      16592 bytes,     899832 total
[2020-09-11T15:45:33.863+0000][1][gc,age       ] GC(95) - age   6:      21216 bytes,     921048 total
[2020-09-11T15:45:33.863+0000][1][gc,heap      ] GC(95) ParNew: 68840K->1167K(76672K)
[2020-09-11T15:45:33.863+0000][1][gc,heap      ] GC(95) CMS: 125535K->125551K(2011968K)
[2020-09-11T15:45:33.863+0000][1][gc,metaspace ] GC(95) Metaspace: 96550K->96550K(1138688K)
[2020-09-11T15:45:33.863+0000][1][gc           ] GC(95) Pause Young (Allocation Failure) 189M->123M(2039M) 15.174ms
[2020-09-11T15:45:33.863+0000][1][gc,cpu       ] GC(95) User=0.01s Sys=0.00s Real=0.02s
[2020-09-11T15:45:33.863+0000][1][safepoint    ] Safepoint "GenCollectForAllocation", Time since last: 109968577 ns, Reaching safepoint: 211066 ns, At safepoint: 15255903 ns, Total: 15466969 ns
[2020-09-11T15:45:34.870+0000][1][safepoint    ] Safepoint "Cleanup", Time since last: 1007119031 ns, Reaching safepoint: 127744 ns, At safepoint: 10056 ns, Total: 137800 ns
[2020-09-11T15:45:35.871+0000][1][safepoint    ] Safepoint "Cleanup", Time since last: 1000178817 ns, Reaching safepoint: 118590 ns, At safepoint: 9360 ns, Total: 127950 ns
[2020-09-11T15:45:36.871+0000][1][safepoint    ] Safepoint "Cleanup", Time since last: 1000182933 ns, Reaching safepoint: 116854 ns, At safepoint: 10226 ns, Total: 127080 ns
[2020-09-11T15:45:37.871+0000][1][safepoint    ] Safepoint "Cleanup", Time since last: 1000110406 ns, Reaching safepoint: 89706 ns, At safepoint: 9945 ns, Total: 99651 ns
[2020-09-11T15:45:38.872+0000][1][safepoint    ] Safepoint "Cleanup", Time since last: 1000210994 ns, Reaching safepoint: 125776 ns, At safepoint: 10057 ns, Total: 135833 ns
[2020-09-11T15:45:39.872+0000][1][safepoint    ] Safepoint "Cleanup", Time since last: 1000147455 ns, Reaching safepoint: 184120 ns, At safepoint: 21108 ns, Total: 205228 ns
[2020-09-11T15:45:40.872+0000][1][safepoint    ] Safepoint "Cleanup", Time since last: 1000248940 ns, Reaching safepoint: 116247 ns, At safepoint: 9896 ns, Total: 126143 ns
[2020-09-11T15:45:41.873+0000][1][safepoint    ] Safepoint "Cleanup", Time since last: 1000138594 ns, Reaching safepoint: 99687 ns, At safepoint: 8432 ns, Total: 108119 ns
[2020-09-11T15:45:42.873+0000][1][safepoint    ] Safepoint "Cleanup", Time since last: 1000187409 ns, Reaching safepoint: 125305 ns, At safepoint: 9940 ns, Total: 135245 ns
[2020-09-11T15:45:43.732+0000][1][safepoint    ] Safepoint "RevokeBias", Time since last: 858144652 ns, Reaching safepoint: 499950 ns, At safepoint: 317720 ns, Total: 817670 ns
[2020-09-11T15:45:44.732+0000][1][safepoint    ] Safepoint "Cleanup", Time since last: 1000167738 ns, Reaching safepoint: 191609 ns, At safepoint: 21079 ns, Total: 212688 ns
[2020-09-11T15:45:45.733+0000][1][safepoint    ] Safepoint "Cleanup", Time since last: 1000220135 ns, Reaching safepoint: 129387 ns, At safepoint: 11995 ns, Total: 141382 ns
[2020-09-11T15:45:46.733+0000][1][safepoint    ] Safepoint "Cleanup", Time since last: 1000180208 ns, Reaching safepoint: 120498 ns, At safepoint: 8173 ns, Total: 128671 ns
[2020-09-11T15:45:47.736+0000][1][safepoint    ] Safepoint "Cleanup", Time since last: 1002733933 ns, Reaching safepoint: 175249 ns, At safepoint: 22495 ns, Total: 197744 ns
[2020-09-11T15:45:48.736+0000][1][safepoint    ] Safepoint "Cleanup", Time since last: 1000188319 ns, Reaching safepoint: 214372 ns, At safepoint: 24346 ns, Total: 238718 ns
[2020-09-11T15:45:49.737+0000][1][safepoint    ] Safepoint "Cleanup", Time since last: 1000187269 ns, Reaching safepoint: 131893 ns, At safepoint: 10045 ns, Total: 141938 ns
[2020-09-11T15:45:50.737+0000][1][safepoint    ] Safepoint "Cleanup", Time since last: 1000163151 ns, Reaching safepoint: 175292 ns, At safepoint: 26097 ns, Total: 201389 ns
[2020-09-11T15:45:51.737+0000][1][safepoint    ] Safepoint "Cleanup", Time since last: 1000179942 ns, Reaching safepoint: 134812 ns, At safepoint: 10420 ns, Total: 145232 ns
[2020-09-11T15:45:52.738+0000][1][safepoint    ] Safepoint "Cleanup", Time since last: 1000150032 ns, Reaching safepoint: 185028 ns, At safepoint: 22284 ns, Total: 207312 ns
[2020-09-11T15:45:53.710+0000][1][safepoint    ] Safepoint "RevokeBias", Time since last: 971273420 ns, Reaching safepoint: 1185982 ns, At safepoint: 331768 ns, Total: 1517750 ns
[2020-09-11T15:45:54.711+0000][1][safepoint    ] Safepoint "Cleanup", Time since last: 1000184685 ns, Reaching safepoint: 237405 ns, At safepoint: 23109 ns, Total: 260514 ns
[2020-09-11T15:45:55.711+0000][1][safepoint    ] Safepoint "Cleanup", Time since last: 1000236260 ns, Reaching safepoint: 135534 ns, At safepoint: 10895 ns, Total: 146429 ns
[2020-09-11T15:45:56.712+0000][1][safepoint    ] Safepoint "Cleanup", Time since last: 1000188237 ns, Reaching safepoint: 204109 ns, At safepoint: 23931 ns, Total: 228040 ns
[2020-09-11T15:45:57.712+0000][1][safepoint    ] Safepoint "Cleanup", Time since last: 1000248797 ns, Reaching safepoint: 171103 ns, At safepoint: 19237 ns, Total: 190340 ns
[2020-09-11T15:45:58.713+0000][1][safepoint    ] Safepoint "Cleanup", Time since last: 1000251670 ns, Reaching safepoint: 118154 ns, At safepoint: 8867 ns, Total: 127021 ns
[2020-09-11T15:45:59.713+0000][1][safepoint    ] Safepoint "Cleanup", Time since last: 1000209325 ns, Reaching safepoint: 142833 ns, At safepoint: 8943 ns, Total: 151776 ns
[2020-09-11T15:45:59.736+0000][1][gc,start     ] GC(96) Pause Young (Allocation Failure)
[2020-09-11T15:45:59.736+0000][1][gc,task      ] GC(96) Using 1 workers of 1 for evacuation
[2020-09-11T15:45:59.751+0000][1][gc,age       ] GC(96) Desired survivor size 4358144 bytes, new threshold 6 (max threshold 6)
[2020-09-11T15:45:59.751+0000][1][gc,age       ] GC(96) Age table with threshold 6 (max threshold 6)
[2020-09-11T15:45:59.751+0000][1][gc,age       ] GC(96) - age   1:     252792 bytes,     252792 total
[2020-09-11T15:45:59.751+0000][1][gc,age       ] GC(96) - age   2:      41240 bytes,     294032 total
[2020-09-11T15:45:59.751+0000][1][gc,age       ] GC(96) - age   3:     165984 bytes,     460016 total
[2020-09-11T15:45:59.751+0000][1][gc,age       ] GC(96) - age   4:      10504 bytes,     470520 total
[2020-09-11T15:45:59.751+0000][1][gc,age       ] GC(96) - age   5:      10576 bytes,     481096 total
[2020-09-11T15:45:59.751+0000][1][gc,age       ] GC(96) - age   6:      16592 bytes,     497688 total
[2020-09-11T15:45:59.752+0000][1][gc,heap      ] GC(96) ParNew: 69327K->820K(76672K)
[2020-09-11T15:45:59.752+0000][1][gc,heap      ] GC(96) CMS: 125551K->125572K(2011968K)
[2020-09-11T15:45:59.752+0000][1][gc,metaspace ] GC(96) Metaspace: 96626K->96626K(1138688K)
[2020-09-11T15:45:59.752+0000][1][gc           ] GC(96) Pause Young (Allocation Failure) 190M->123M(2039M) 15.414ms
[2020-09-11T15:45:59.752+0000][1][gc,cpu       ] GC(96) User=0.01s Sys=0.00s Real=0.01s
[2020-09-11T15:45:59.752+0000][1][safepoint    ] Safepoint "GenCollectForAllocation", Time since last: 23167617 ns, Reaching safepoint: 96599 ns, At safepoint: 15610655 ns, Total: 15707254 ns
[2020-09-11T15:46:00.752+0000][1][safepoint    ] Safepoint "Cleanup", Time since last: 1000269214 ns, Reaching safepoint: 220610 ns, At safepoint: 10965 ns, Total: 231575 ns
[2020-09-11T15:46:01.753+0000][1][safepoint    ] Safepoint "Cleanup", Time since last: 1000143071 ns, Reaching safepoint: 105137 ns, At safepoint: 6258 ns, Total: 111395 ns
[2020-09-11T15:46:02.753+0000][1][safepoint    ] Safepoint "Cleanup", Time since last: 1000170619 ns, Reaching safepoint: 190882 ns, At safepoint: 19080 ns, Total: 209962 ns
[2020-09-11T15:46:03.693+0000][1][safepoint    ] Safepoint "RevokeBias", Time since last: 939265628 ns, Reaching safepoint: 248742 ns, At safepoint: 258834 ns, Total: 507576 ns
[2020-09-11T15:46:04.693+0000][1][safepoint    ] Safepoint "Cleanup", Time since last: 1000183970 ns, Reaching safepoint: 122404 ns, At safepoint: 7989 ns, Total: 130393 ns
[2020-09-11T15:46:05.693+0000][1][safepoint    ] Safepoint "Cleanup", Time since last: 1000136861 ns, Reaching safepoint: 126265 ns, At safepoint: 14896 ns, Total: 141161 ns
[2020-09-11T15:46:06.694+0000][1][safepoint    ] Safepoint "Cleanup", Time since last: 1000188004 ns, Reaching safepoint: 115245 ns, At safepoint: 7907 ns, Total: 123152 ns
[2020-09-11T15:46:07.694+0000][1][safepoint    ] Safepoint "Cleanup", Time since last: 1000184127 ns, Reaching safepoint: 174905 ns, At safepoint: 21683 ns, Total: 196588 ns
[2020-09-11T15:46:08.694+0000][1][safepoint    ] Safepoint "Cleanup", Time since last: 1000250142 ns, Reaching safepoint: 115043 ns, At safepoint: 10125 ns, Total: 125168 ns
[2020-09-11T15:46:09.695+0000][1][safepoint    ] Safepoint "Cleanup", Time since last: 1000148819 ns, Reaching safepoint: 173047 ns, At safepoint: 20073 ns, Total: 193120 ns
[2020-09-11T15:46:10.695+0000][1][safepoint    ] Safepoint "Cleanup", Time since last: 1000240058 ns, Reaching safepoint: 173852 ns, At safepoint: 22686 ns, Total: 196538 ns
[2020-09-11T15:46:11.695+0000][1][safepoint    ] Safepoint "Cleanup", Time since last: 1000185352 ns, Reaching safepoint: 145557 ns, At safepoint: 10936 ns, Total: 156493 ns
[2020-09-11T15:46:12.696+0000][1][safepoint    ] Safepoint "Cleanup", Time since last: 1000183271 ns, Reaching safepoint: 125384 ns, At safepoint: 8767 ns, Total: 134151 ns
[2020-09-11T15:46:13.696+0000][1][safepoint    ] Safepoint "Cleanup", Time since last: 1000114701 ns, Reaching safepoint: 228597 ns, At safepoint: 10372 ns, Total: 238969 ns
[2020-09-11T15:46:13.711+0000][1][safepoint    ] Safepoint "RevokeBias", Time since last: 14490498 ns, Reaching safepoint: 288274 ns, At safepoint: 297579 ns, Total: 585853 ns
[2020-09-11T15:46:14.712+0000][1][safepoint    ] Safepoint "Cleanup", Time since last: 1000182070 ns, Reaching safepoint: 179212 ns, At safepoint: 20534 ns, Total: 199746 ns
[2020-09-11T15:46:15.712+0000][1][safepoint    ] Safepoint "Cleanup", Time since last: 1000189619 ns, Reaching safepoint: 102562 ns, At safepoint: 9415 ns, Total: 111977 ns
[2020-09-11T15:46:18.713+0000][1][safepoint    ] Safepoint "Cleanup", Time since last: 3000442797 ns, Reaching safepoint: 165352 ns, At safepoint: 19689 ns, Total: 185041 ns
[2020-09-11T15:46:19.713+0000][1][safepoint    ] Safepoint "Cleanup", Time since last: 1000212753 ns, Reaching safepoint: 124342 ns, At safepoint: 7395 ns, Total: 131737 ns
[2020-09-11T15:46:20.713+0000][1][safepoint    ] Safepoint "Cleanup", Time since last: 1000202550 ns, Reaching safepoint: 127414 ns, At safepoint: 10137 ns, Total: 137551 ns
[2020-09-11T15:46:21.713+0000][1][safepoint    ] Safepoint "Cleanup", Time since last: 1000180785 ns, Reaching safepoint: 114898 ns, At safepoint: 7798 ns, Total: 122696 ns
[2020-09-11T15:46:22.714+0000][1][safepoint    ] Safepoint "Cleanup", Time since last: 1000140156 ns, Reaching safepoint: 167568 ns, At safepoint: 18713 ns, Total: 186281 ns
[2020-09-11T15:46:23.145+0000][1][gc,start     ] GC(97) Pause Young (Allocation Failure)
[2020-09-11T15:46:23.145+0000][1][gc,task      ] GC(97) Using 1 workers of 1 for evacuation
[2020-09-11T15:46:23.160+0000][1][gc,age       ] GC(97) Desired survivor size 4358144 bytes, new threshold 6 (max threshold 6)
[2020-09-11T15:46:23.160+0000][1][gc,age       ] GC(97) Age table with threshold 6 (max threshold 6)
[2020-09-11T15:46:23.160+0000][1][gc,age       ] GC(97) - age   1:     367704 bytes,     367704 total
[2020-09-11T15:46:23.160+0000][1][gc,age       ] GC(97) - age   2:      69240 bytes,     436944 total
[2020-09-11T15:46:23.160+0000][1][gc,age       ] GC(97) - age   3:      22600 bytes,     459544 total
[2020-09-11T15:46:23.160+0000][1][gc,age       ] GC(97) - age   4:     147184 bytes,     606728 total
[2020-09-11T15:46:23.160+0000][1][gc,age       ] GC(97) - age   5:      10504 bytes,     617232 total
[2020-09-11T15:46:23.160+0000][1][gc,age       ] GC(97) - age   6:      10576 bytes,     627808 total
[2020-09-11T15:46:23.160+0000][1][gc,heap      ] GC(97) ParNew: 68980K->774K(76672K)
[2020-09-11T15:46:23.160+0000][1][gc,heap      ] GC(97) CMS: 125572K->125588K(2011968K)
[2020-09-11T15:46:23.160+0000][1][gc,metaspace ] GC(97) Metaspace: 96842K->96842K(1138688K)
[2020-09-11T15:46:23.160+0000][1][gc           ] GC(97) Pause Young (Allocation Failure) 189M->123M(2039M) 14.838ms
[2020-09-11T15:46:23.160+0000][1][gc,cpu       ] GC(97) User=0.02s Sys=0.00s Real=0.01s
[2020-09-11T15:46:23.160+0000][1][safepoint    ] Safepoint "GenCollectForAllocation", Time since last: 431030763 ns, Reaching safepoint: 496132 ns, At safepoint: 14929958 ns, Total: 15426090 ns
[2020-09-11T15:46:23.678+0000][1][safepoint    ] Safepoint "RevokeBias", Time since last: 517532805 ns, Reaching safepoint: 303478 ns, At safepoint: 253663 ns, Total: 557141 ns
[2020-09-11T15:46:24.679+0000][1][safepoint    ] Safepoint "Cleanup", Time since last: 1000188351 ns, Reaching safepoint: 171755 ns, At safepoint: 19428 ns, Total: 191183 ns
[2020-09-11T15:46:25.680+0000][1][safepoint    ] Safepoint "Cleanup", Time since last: 1000780450 ns, Reaching safepoint: 95929 ns, At safepoint: 10080 ns, Total: 106009 ns
[2020-09-11T15:46:26.680+0000][1][safepoint    ] Safepoint "Cleanup", Time since last: 1000164379 ns, Reaching safepoint: 244742 ns, At safepoint: 20093 ns, Total: 264835 ns
[2020-09-11T15:46:27.680+0000][1][safepoint    ] Safepoint "Cleanup", Time since last: 1000234435 ns, Reaching safepoint: 117187 ns, At safepoint: 8492 ns, Total: 125679 ns
[2020-09-11T15:46:28.681+0000][1][safepoint    ] Safepoint "Cleanup", Time since last: 1000177167 ns, Reaching safepoint: 226417 ns, At safepoint: 19337 ns, Total: 245754 ns
[2020-09-11T15:46:29.681+0000][1][safepoint    ] Safepoint "Cleanup", Time since last: 1000219889 ns, Reaching safepoint: 116250 ns, At safepoint: 8246 ns, Total: 124496 ns
[2020-09-11T15:46:30.682+0000][1][safepoint    ] Safepoint "Cleanup", Time since last: 1000175944 ns, Reaching safepoint: 160084 ns, At safepoint: 20948 ns, Total: 181032 ns
[2020-09-11T15:46:31.682+0000][1][safepoint    ] Safepoint "Cleanup", Time since last: 1000204528 ns, Reaching safepoint: 122597 ns, At safepoint: 10126 ns, Total: 132723 ns
[2020-09-11T15:46:32.682+0000][1][safepoint    ] Safepoint "Cleanup", Time since last: 1000177857 ns, Reaching safepoint: 170181 ns, At safepoint: 23053 ns, Total: 193234 ns
[2020-09-11T15:46:33.683+0000][1][safepoint    ] Safepoint "Cleanup", Time since last: 1000156350 ns, Reaching safepoint: 208617 ns, At safepoint: 9406 ns, Total: 218023 ns
[2020-09-11T15:46:33.700+0000][1][safepoint    ] Safepoint "RevokeBias", Time since last: 16360432 ns, Reaching safepoint: 1095923 ns, At safepoint: 303547 ns, Total: 1399470 ns
[2020-09-11T15:46:34.701+0000][1][safepoint    ] Safepoint "Cleanup", Time since last: 1000214403 ns, Reaching safepoint: 119387 ns, At safepoint: 5871 ns, Total: 125258 ns
[2020-09-11T15:46:35.701+0000][1][safepoint    ] Safepoint "Cleanup", Time since last: 1000204720 ns, Reaching safepoint: 78367 ns, At safepoint: 7397 ns, Total: 85764 ns
[2020-09-11T15:46:36.701+0000][1][safepoint    ] Safepoint "Cleanup", Time since last: 1000145333 ns, Reaching safepoint: 133362 ns, At safepoint: 7846 ns, Total: 141208 ns
[2020-09-11T15:46:37.702+0000][1][safepoint    ] Safepoint "Cleanup", Time since last: 1000170476 ns, Reaching safepoint: 151110 ns, At safepoint: 18449 ns, Total: 169559 ns
[2020-09-11T15:46:38.702+0000][1][safepoint    ] Safepoint "Cleanup", Time since last: 1000272235 ns, Reaching safepoint: 114454 ns, At safepoint: 9255 ns, Total: 123709 ns
[2020-09-11T15:46:39.702+0000][1][safepoint    ] Safepoint "Cleanup", Time since last: 1000180337 ns, Reaching safepoint: 121281 ns, At safepoint: 9321 ns, Total: 130602 ns
[2020-09-11T15:46:40.703+0000][1][safepoint    ] Safepoint "Cleanup", Time since last: 1000143470 ns, Reaching safepoint: 165242 ns, At safepoint: 19121 ns, Total: 184363 ns
[2020-09-11T15:46:41.703+0000][1][safepoint    ] Safepoint "Cleanup", Time since last: 1000223350 ns, Reaching safepoint: 116806 ns, At safepoint: 8171 ns, Total: 124977 ns
[2020-09-11T15:46:42.703+0000][1][safepoint    ] Safepoint "Cleanup", Time since last: 1000138162 ns, Reaching safepoint: 135605 ns, At safepoint: 10191 ns, Total: 145796 ns
[2020-09-11T15:46:43.198+0000][1][gc,start     ] GC(98) Pause Young (Allocation Failure)
[2020-09-11T15:46:43.198+0000][1][gc,task      ] GC(98) Using 1 workers of 1 for evacuation
[2020-09-11T15:46:43.212+0000][1][gc,age       ] GC(98) Desired survivor size 4358144 bytes, new threshold 6 (max threshold 6)
[2020-09-11T15:46:43.212+0000][1][gc,age       ] GC(98) Age table with threshold 6 (max threshold 6)
[2020-09-11T15:46:43.212+0000][1][gc,age       ] GC(98) - age   1:     264512 bytes,     264512 total
[2020-09-11T15:46:43.212+0000][1][gc,age       ] GC(98) - age   2:     163600 bytes,     428112 total
[2020-09-11T15:46:43.212+0000][1][gc,age       ] GC(98) - age   3:      27424 bytes,     455536 total
[2020-09-11T15:46:43.212+0000][1][gc,age       ] GC(98) - age   4:      19968 bytes,     475504 total
[2020-09-11T15:46:43.212+0000][1][gc,age       ] GC(98) - age   5:     147144 bytes,     622648 total
[2020-09-11T15:46:43.212+0000][1][gc,age       ] GC(98) - age   6:      10504 bytes,     633152 total
[2020-09-11T15:46:43.212+0000][1][gc,heap      ] GC(98) ParNew: 68934K->1113K(76672K)
[2020-09-11T15:46:43.212+0000][1][gc,heap      ] GC(98) CMS: 125588K->125598K(2011968K)
[2020-09-11T15:46:43.212+0000][1][gc,metaspace ] GC(98) Metaspace: 96910K->96910K(1138688K)
[2020-09-11T15:46:43.212+0000][1][gc           ] GC(98) Pause Young (Allocation Failure) 189M->123M(2039M) 13.819ms
[2020-09-11T15:46:43.212+0000][1][gc,cpu       ] GC(98) User=0.02s Sys=0.00s Real=0.01s
[2020-09-11T15:46:43.212+0000][1][safepoint    ] Safepoint "GenCollectForAllocation", Time since last: 494476571 ns, Reaching safepoint: 263211 ns, At safepoint: 13979616 ns, Total: 14242827 ns
[2020-09-11T15:46:43.676+0000][1][safepoint    ] Safepoint "RevokeBias", Time since last: 463548868 ns, Reaching safepoint: 289466 ns, At safepoint: 303882 ns, Total: 593348 ns
[2020-09-11T15:46:44.676+0000][1][safepoint    ] Safepoint "Cleanup", Time since last: 1000179610 ns, Reaching safepoint: 127649 ns, At safepoint: 10060 ns, Total: 137709 ns
[2020-09-11T15:46:50.677+0000][1][safepoint    ] Safepoint "Cleanup", Time since last: 6000807477 ns, Reaching safepoint: 110804 ns, At safepoint: 9621 ns, Total: 120425 ns
[2020-09-11T15:46:51.678+0000][1][safepoint    ] Safepoint "Cleanup", Time since last: 1000225525 ns, Reaching safepoint: 97668 ns, At safepoint: 9720 ns, Total: 107388 ns
[2020-09-11T15:46:52.678+0000][1][safepoint    ] Safepoint "Cleanup", Time since last: 1000201806 ns, Reaching safepoint: 107755 ns, At safepoint: 8843 ns, Total: 116598 ns
[2020-09-11T15:46:53.682+0000][1][safepoint    ] Safepoint "Cleanup", Time since last: 1002756384 ns, Reaching safepoint: 869958 ns, At safepoint: 18259 ns, Total: 888217 ns
[2020-09-11T15:46:53.689+0000][1][safepoint    ] Safepoint "RevokeBias", Time since last: 4435841 ns, Reaching safepoint: 2035550 ns, At safepoint: 320175 ns, Total: 2355725 ns
[2020-09-11T15:46:54.689+0000][1][safepoint    ] Safepoint "Cleanup", Time since last: 1000161394 ns, Reaching safepoint: 212939 ns, At safepoint: 21095 ns, Total: 234034 ns
[2020-09-11T15:46:55.689+0000][1][safepoint    ] Safepoint "Cleanup", Time since last: 1000188484 ns, Reaching safepoint: 230923 ns, At safepoint: 8007 ns, Total: 238930 ns
[2020-09-11T15:46:57.690+0000][1][safepoint    ] Safepoint "Cleanup", Time since last: 2000364794 ns, Reaching safepoint: 120038 ns, At safepoint: 8544 ns, Total: 128582 ns
[2020-09-11T15:46:58.690+0000][1][safepoint    ] Safepoint "Cleanup", Time since last: 1000191057 ns, Reaching safepoint: 150643 ns, At safepoint: 18689 ns, Total: 169332 ns
[2020-09-11T15:46:59.691+0000][1][safepoint    ] Safepoint "Cleanup", Time since last: 1000211445 ns, Reaching safepoint: 116625 ns, At safepoint: 8010 ns, Total: 124635 ns
[2020-09-11T15:47:02.691+0000][1][safepoint    ] Safepoint "Cleanup", Time since last: 3000491301 ns, Reaching safepoint: 121468 ns, At safepoint: 9975 ns, Total: 131443 ns
[2020-09-11T15:47:03.691+0000][1][safepoint    ] Safepoint "BulkRevokeBias", Time since last: 998370371 ns, Reaching safepoint: 646282 ns, At safepoint: 863288 ns, Total: 1509570 ns
[2020-09-11T15:47:03.743+0000][1][gc,start     ] GC(99) Pause Young (Allocation Failure)
[2020-09-11T15:47:03.743+0000][1][gc,task      ] GC(99) Using 1 workers of 1 for evacuation
[2020-09-11T15:47:03.759+0000][1][gc,age       ] GC(99) Desired survivor size 4358144 bytes, new threshold 6 (max threshold 6)
[2020-09-11T15:47:03.759+0000][1][gc,age       ] GC(99) Age table with threshold 6 (max threshold 6)
[2020-09-11T15:47:03.759+0000][1][gc,age       ] GC(99) - age   1:     658712 bytes,     658712 total
[2020-09-11T15:47:03.759+0000][1][gc,age       ] GC(99) - age   2:     132872 bytes,     791584 total
[2020-09-11T15:47:03.759+0000][1][gc,age       ] GC(99) - age   3:      42904 bytes,     834488 total
[2020-09-11T15:47:03.759+0000][1][gc,age       ] GC(99) - age   4:       9808 bytes,     844296 total
[2020-09-11T15:47:03.759+0000][1][gc,age       ] GC(99) - age   5:      19608 bytes,     863904 total
[2020-09-11T15:47:03.759+0000][1][gc,age       ] GC(99) - age   6:     147048 bytes,    1010952 total
[2020-09-11T15:47:03.759+0000][1][gc,heap      ] GC(99) ParNew: 69273K->1113K(76672K)
[2020-09-11T15:47:03.760+0000][1][gc,heap      ] GC(99) CMS: 125598K->125608K(2011968K)
[2020-09-11T15:47:03.760+0000][1][gc,metaspace ] GC(99) Metaspace: 96942K->96942K(1138688K)
[2020-09-11T15:47:03.760+0000][1][gc           ] GC(99) Pause Young (Allocation Failure) 190M->123M(2039M) 16.717ms
[2020-09-11T15:47:03.760+0000][1][gc,cpu       ] GC(99) User=0.02s Sys=0.00s Real=0.01s
[2020-09-11T15:47:03.764+0000][1][safepoint    ] Safepoint "GenCollectForAllocation", Time since last: 51624635 ns, Reaching safepoint: 168963 ns, At safepoint: 21321103 ns, Total: 21490066 ns
[2020-09-11T15:47:03.767+0000][1][safepoint    ] Safepoint "RevokeBias", Time since last: 2617121 ns, Reaching safepoint: 94458 ns, At safepoint: 36237 ns, Total: 130695 ns
[2020-09-11T15:47:05.008+0000][1][safepoint    ] Safepoint "Cleanup", Time since last: 1241188992 ns, Reaching safepoint: 239844 ns, At safepoint: 14533 ns, Total: 254377 ns
[2020-09-11T15:47:06.009+0000][1][safepoint    ] Safepoint "Cleanup", Time since last: 1000235723 ns, Reaching safepoint: 162937 ns, At safepoint: 47419 ns, Total: 210356 ns
[2020-09-11T15:47:07.013+0000][1][safepoint    ] Safepoint "Cleanup", Time since last: 1003671501 ns, Reaching safepoint: 155117 ns, At safepoint: 8160 ns, Total: 163277 ns
[2020-09-11T15:47:08.013+0000][1][safepoint    ] Safepoint "Cleanup", Time since last: 1000190930 ns, Reaching safepoint: 171367 ns, At safepoint: 21566 ns, Total: 192933 ns
[2020-09-11T15:47:09.013+0000][1][safepoint    ] Safepoint "Cleanup", Time since last: 1000192733 ns, Reaching safepoint: 171393 ns, At safepoint: 24082 ns, Total: 195475 ns
[2020-09-11T15:47:10.014+0000][1][safepoint    ] Safepoint "Cleanup", Time since last: 1000229792 ns, Reaching safepoint: 145350 ns, At safepoint: 18795 ns, Total: 164145 ns
[2020-09-11T15:47:11.014+0000][1][safepoint    ] Safepoint "Cleanup", Time since last: 1000225107 ns, Reaching safepoint: 112357 ns, At safepoint: 7937 ns, Total: 120294 ns
[2020-09-11T15:47:12.014+0000][1][safepoint    ] Safepoint "Cleanup", Time since last: 1000191922 ns, Reaching safepoint: 121629 ns, At safepoint: 10832 ns, Total: 132461 ns
[2020-09-11T15:47:13.015+0000][1][safepoint    ] Safepoint "Cleanup", Time since last: 1000197344 ns, Reaching safepoint: 113439 ns, At safepoint: 9973 ns, Total: 123412 ns
[2020-09-11T15:47:13.746+0000][1][safepoint    ] Safepoint "RevokeBias", Time since last: 730854091 ns, Reaching safepoint: 255386 ns, At safepoint: 305498 ns, Total: 560884 ns
[2020-09-11T15:47:14.747+0000][1][safepoint    ] Safepoint "Cleanup", Time since last: 1000188677 ns, Reaching safepoint: 127093 ns, At safepoint: 7742 ns, Total: 134835 ns
[2020-09-11T15:47:15.747+0000][1][safepoint    ] Safepoint "Cleanup", Time since last: 1000171051 ns, Reaching safepoint: 104416 ns, At safepoint: 7211 ns, Total: 111627 ns
[2020-09-11T15:47:16.747+0000][1][safepoint    ] Safepoint "Cleanup", Time since last: 1000163186 ns, Reaching safepoint: 114850 ns, At safepoint: 7718 ns, Total: 122568 ns
[2020-09-11T15:47:17.747+0000][1][safepoint    ] Safepoint "Cleanup", Time since last: 1000181632 ns, Reaching safepoint: 119261 ns, At safepoint: 7724 ns, Total: 126985 ns
[2020-09-11T15:47:18.748+0000][1][safepoint    ] Safepoint "Cleanup", Time since last: 1000133491 ns, Reaching safepoint: 123746 ns, At safepoint: 7738 ns, Total: 131484 ns
[2020-09-11T15:47:19.748+0000][1][safepoint    ] Safepoint "Cleanup", Time since last: 1000153104 ns, Reaching safepoint: 123570 ns, At safepoint: 7634 ns, Total: 131204 ns
[2020-09-11T15:47:20.748+0000][1][safepoint    ] Safepoint "Cleanup", Time since last: 1000161179 ns, Reaching safepoint: 137339 ns, At safepoint: 9797 ns, Total: 147136 ns
[2020-09-11T15:47:21.749+0000][1][safepoint    ] Safepoint "Cleanup", Time since last: 1000145250 ns, Reaching safepoint: 151825 ns, At safepoint: 9923 ns, Total: 161748 ns
[2020-09-11T15:47:22.749+0000][1][safepoint    ] Safepoint "Cleanup", Time since last: 1000179037 ns, Reaching safepoint: 142709 ns, At safepoint: 9099 ns, Total: 151808 ns
[2020-09-11T15:47:23.700+0000][1][safepoint    ] Safepoint "RevokeBias", Time since last: 950240845 ns, Reaching safepoint: 244713 ns, At safepoint: 349848 ns, Total: 594561 ns
[2020-09-11T15:47:23.834+0000][1][gc,start     ] GC(100) Pause Young (Allocation Failure)
[2020-09-11T15:47:23.834+0000][1][gc,task      ] GC(100) Using 1 workers of 1 for evacuation
[2020-09-11T15:47:23.850+0000][1][gc,age       ] GC(100) Desired survivor size 4358144 bytes, new threshold 6 (max threshold 6)
[2020-09-11T15:47:23.850+0000][1][gc,age       ] GC(100) Age table with threshold 6 (max threshold 6)
[2020-09-11T15:47:23.850+0000][1][gc,age       ] GC(100) - age   1:     344400 bytes,     344400 total
[2020-09-11T15:47:23.850+0000][1][gc,age       ] GC(100) - age   2:     162960 bytes,     507360 total
[2020-09-11T15:47:23.850+0000][1][gc,age       ] GC(100) - age   3:      70456 bytes,     577816 total
[2020-09-11T15:47:23.850+0000][1][gc,age       ] GC(100) - age   4:      11864 bytes,     589680 total
[2020-09-11T15:47:23.850+0000][1][gc,age       ] GC(100) - age   5:       8608 bytes,     598288 total
[2020-09-11T15:47:23.850+0000][1][gc,age       ] GC(100) - age   6:      19608 bytes,     617896 total
[2020-09-11T15:47:23.850+0000][1][gc,heap      ] GC(100) ParNew: 69273K->833K(76672K)
[2020-09-11T15:47:23.850+0000][1][gc,heap      ] GC(100) CMS: 125608K->125752K(2011968K)
[2020-09-11T15:47:23.850+0000][1][gc,metaspace ] GC(100) Metaspace: 96984K->96984K(1138688K)
[2020-09-11T15:47:23.850+0000][1][gc           ] GC(100) Pause Young (Allocation Failure) 190M->123M(2039M) 16.331ms
[2020-09-11T15:47:23.850+0000][1][gc,cpu       ] GC(100) User=0.02s Sys=0.00s Real=0.01s
[2020-09-11T15:47:23.850+0000][1][safepoint    ] Safepoint "GenCollectForAllocation", Time since last: 133530818 ns, Reaching safepoint: 253469 ns, At safepoint: 16426224 ns, Total: 16679693 ns
[2020-09-11T15:47:24.854+0000][1][safepoint    ] Safepoint "Cleanup", Time since last: 1003432838 ns, Reaching safepoint: 180006 ns, At safepoint: 18373 ns, Total: 198379 ns
[2020-09-11T15:47:25.854+0000][1][safepoint    ] Safepoint "Cleanup", Time since last: 1000232995 ns, Reaching safepoint: 132404 ns, At safepoint: 6414 ns, Total: 138818 ns
[2020-09-11T15:47:26.854+0000][1][safepoint    ] Safepoint "Cleanup", Time since last: 1000173908 ns, Reaching safepoint: 113223 ns, At safepoint: 8555 ns, Total: 121778 ns
[2020-09-11T15:47:27.855+0000][1][safepoint    ] Safepoint "Cleanup", Time since last: 1000153799 ns, Reaching safepoint: 130978 ns, At safepoint: 7197 ns, Total: 138175 ns
[2020-09-11T15:47:28.855+0000][1][safepoint    ] Safepoint "Cleanup", Time since last: 1000181227 ns, Reaching safepoint: 110237 ns, At safepoint: 10040 ns, Total: 120277 ns
[2020-09-11T15:47:29.855+0000][1][safepoint    ] Safepoint "Cleanup", Time since last: 1000213546 ns, Reaching safepoint: 122661 ns, At safepoint: 13759 ns, Total: 136420 ns
[2020-09-11T15:47:30.855+0000][1][safepoint    ] Safepoint "Cleanup", Time since last: 1000182021 ns, Reaching safepoint: 121101 ns, At safepoint: 9896 ns, Total: 130997 ns
[2020-09-11T15:47:31.856+0000][1][safepoint    ] Safepoint "Cleanup", Time since last: 1000114392 ns, Reaching safepoint: 92995 ns, At safepoint: 7235 ns, Total: 100230 ns
[2020-09-11T15:47:32.856+0000][1][safepoint    ] Safepoint "Cleanup", Time since last: 1000201570 ns, Reaching safepoint: 110304 ns, At safepoint: 8730 ns, Total: 119034 ns
[2020-09-11T15:47:33.698+0000][1][safepoint    ] Safepoint "RevokeBias", Time since last: 842253601 ns, Reaching safepoint: 101674 ns, At safepoint: 22241 ns, Total: 123915 ns
[2020-09-11T15:47:34.699+0000][1][safepoint    ] Safepoint "Cleanup", Time since last: 1000199755 ns, Reaching safepoint: 121139 ns, At safepoint: 9871 ns, Total: 131010 ns
[2020-09-11T15:47:38.699+0000][1][safepoint    ] Safepoint "Cleanup", Time since last: 4000539704 ns, Reaching safepoint: 160358 ns, At safepoint: 21913 ns, Total: 182271 ns
[2020-09-11T15:47:39.700+0000][1][safepoint    ] Safepoint "Cleanup", Time since last: 1000227432 ns, Reaching safepoint: 113776 ns, At safepoint: 8013 ns, Total: 121789 ns
[2020-09-11T15:47:40.700+0000][1][safepoint    ] Safepoint "Cleanup", Time since last: 1000195971 ns, Reaching safepoint: 146011 ns, At safepoint: 10237 ns, Total: 156248 ns
[2020-09-11T15:47:41.701+0000][1][safepoint    ] Safepoint "Cleanup", Time since last: 1000226741 ns, Reaching safepoint: 117619 ns, At safepoint: 10400 ns, Total: 128019 ns
[2020-09-11T15:47:42.701+0000][1][safepoint    ] Safepoint "Cleanup", Time since last: 1000174389 ns, Reaching safepoint: 136807 ns, At safepoint: 9577 ns, Total: 146384 ns
[2020-09-11T15:47:43.693+0000][1][safepoint    ] Safepoint "RevokeBias", Time since last: 991877906 ns, Reaching safepoint: 427239 ns, At safepoint: 261200 ns, Total: 688439 ns
[2020-09-11T15:47:44.694+0000][1][safepoint    ] Safepoint "Cleanup", Time since last: 1000234183 ns, Reaching safepoint: 99216 ns, At safepoint: 9856 ns, Total: 109072 ns
[2020-09-11T15:47:45.694+0000][1][safepoint    ] Safepoint "Cleanup", Time since last: 1000192632 ns, Reaching safepoint: 185736 ns, At safepoint: 21927 ns, Total: 207663 ns
[2020-09-11T15:47:46.694+0000][1][safepoint    ] Safepoint "Cleanup", Time since last: 1000228189 ns, Reaching safepoint: 120176 ns, At safepoint: 7964 ns, Total: 128140 ns
[2020-09-11T15:47:47.695+0000][1][safepoint    ] Safepoint "Cleanup", Time since last: 1000204279 ns, Reaching safepoint: 105760 ns, At safepoint: 7621 ns, Total: 113381 ns
[2020-09-11T15:47:48.695+0000][1][safepoint    ] Safepoint "Cleanup", Time since last: 1000228689 ns, Reaching safepoint: 89769 ns, At safepoint: 7358 ns, Total: 97127 ns
[2020-09-11T15:47:49.695+0000][1][safepoint    ] Safepoint "Cleanup", Time since last: 1000149645 ns, Reaching safepoint: 125716 ns, At safepoint: 7534 ns, Total: 133250 ns
[2020-09-11T15:47:50.642+0000][1][gc,start     ] GC(101) Pause Young (Allocation Failure)
[2020-09-11T15:47:50.642+0000][1][gc,task      ] GC(101) Using 1 workers of 1 for evacuation
[2020-09-11T15:47:50.658+0000][1][gc,age       ] GC(101) Desired survivor size 4358144 bytes, new threshold 6 (max threshold 6)
[2020-09-11T15:47:50.658+0000][1][gc,age       ] GC(101) Age table with threshold 6 (max threshold 6)
[2020-09-11T15:47:50.658+0000][1][gc,age       ] GC(101) - age   1:     274864 bytes,     274864 total
[2020-09-11T15:47:50.658+0000][1][gc,age       ] GC(101) - age   2:     107976 bytes,     382840 total
[2020-09-11T15:47:50.658+0000][1][gc,age       ] GC(101) - age   3:      22320 bytes,     405160 total
[2020-09-11T15:47:50.658+0000][1][gc,age       ] GC(101) - age   4:      65728 bytes,     470888 total
[2020-09-11T15:47:50.658+0000][1][gc,age       ] GC(101) - age   5:       7992 bytes,     478880 total
[2020-09-11T15:47:50.658+0000][1][gc,age       ] GC(101) - age   6:       8576 bytes,     487456 total
[2020-09-11T15:47:50.658+0000][1][gc,heap      ] GC(101) ParNew: 68993K->660K(76672K)
[2020-09-11T15:47:50.658+0000][1][gc,heap      ] GC(101) CMS: 125752K->125771K(2011968K)
[2020-09-11T15:47:50.658+0000][1][gc,metaspace ] GC(101) Metaspace: 97024K->97024K(1138688K)
[2020-09-11T15:47:50.658+0000][1][gc           ] GC(101) Pause Young (Allocation Failure) 190M->123M(2039M) 15.673ms
[2020-09-11T15:47:50.658+0000][1][gc,cpu       ] GC(101) User=0.02s Sys=0.00s Real=0.01s
[2020-09-11T15:47:50.658+0000][1][safepoint    ] Safepoint "GenCollectForAllocation", Time since last: 946759123 ns, Reaching safepoint: 210601 ns, At safepoint: 15752201 ns, Total: 15962802 ns
[2020-09-11T15:47:51.661+0000][1][safepoint    ] Safepoint "Cleanup", Time since last: 1002732527 ns, Reaching safepoint: 165379 ns, At safepoint: 47513 ns, Total: 212892 ns
[2020-09-11T15:47:52.661+0000][1][safepoint    ] Safepoint "Cleanup", Time since last: 1000175751 ns, Reaching safepoint: 166482 ns, At safepoint: 19418 ns, Total: 185900 ns
[2020-09-11T15:47:53.662+0000][1][safepoint    ] Safepoint "Cleanup", Time since last: 1000154132 ns, Reaching safepoint: 161594 ns, At safepoint: 8639 ns, Total: 170233 ns
[2020-09-11T15:47:53.731+0000][1][safepoint    ] Safepoint "RevokeBias", Time since last: 68927978 ns, Reaching safepoint: 242396 ns, At safepoint: 258950 ns, Total: 501346 ns
[2020-09-11T15:47:54.731+0000][1][safepoint    ] Safepoint "Cleanup", Time since last: 1000150371 ns, Reaching safepoint: 135051 ns, At safepoint: 9367 ns, Total: 144418 ns
[2020-09-11T15:47:55.732+0000][1][safepoint    ] Safepoint "Cleanup", Time since last: 1000146262 ns, Reaching safepoint: 161093 ns, At safepoint: 22495 ns, Total: 183588 ns
[2020-09-11T15:47:56.732+0000][1][safepoint    ] Safepoint "Cleanup", Time since last: 1000254295 ns, Reaching safepoint: 104548 ns, At safepoint: 10683 ns, Total: 115231 ns
[2020-09-11T15:47:57.732+0000][1][safepoint    ] Safepoint "Cleanup", Time since last: 1000168926 ns, Reaching safepoint: 119020 ns, At safepoint: 10166 ns, Total: 129186 ns
[2020-09-11T15:47:58.733+0000][1][safepoint    ] Safepoint "Cleanup", Time since last: 1000159843 ns, Reaching safepoint: 136823 ns, At safepoint: 9560 ns, Total: 146383 ns
[2020-09-11T15:47:59.733+0000][1][safepoint    ] Safepoint "Cleanup", Time since last: 1000164959 ns, Reaching safepoint: 127266 ns, At safepoint: 9993 ns, Total: 137259 ns
[2020-09-11T15:48:00.733+0000][1][safepoint    ] Safepoint "Cleanup", Time since last: 1000162398 ns, Reaching safepoint: 123989 ns, At safepoint: 10733 ns, Total: 134722 ns
[2020-09-11T15:48:01.734+0000][1][safepoint    ] Safepoint "Cleanup", Time since last: 1000146425 ns, Reaching safepoint: 131979 ns, At safepoint: 9863 ns, Total: 141842 ns
[2020-09-11T15:48:02.734+0000][1][safepoint    ] Safepoint "Cleanup", Time since last: 1000148839 ns, Reaching safepoint: 125712 ns, At safepoint: 10221 ns, Total: 135933 ns
[2020-09-11T15:48:03.676+0000][1][safepoint    ] Safepoint "RevokeBias", Time since last: 941915802 ns, Reaching safepoint: 255793 ns, At safepoint: 258244 ns, Total: 514037 ns
[2020-09-11T15:48:04.677+0000][1][safepoint    ] Safepoint "Cleanup", Time since last: 1000150521 ns, Reaching safepoint: 239787 ns, At safepoint: 20687 ns, Total: 260474 ns
[2020-09-11T15:48:05.677+0000][1][safepoint    ] Safepoint "Cleanup", Time since last: 1000187046 ns, Reaching safepoint: 85532 ns, At safepoint: 9016 ns, Total: 94548 ns
[2020-09-11T15:48:06.677+0000][1][safepoint    ] Safepoint "Cleanup", Time since last: 1000111260 ns, Reaching safepoint: 85265 ns, At safepoint: 6616 ns, Total: 91881 ns
[2020-09-11T15:48:08.678+0000][1][safepoint    ] Safepoint "Cleanup", Time since last: 2000323485 ns, Reaching safepoint: 118852 ns, At safepoint: 9946 ns, Total: 128798 ns
[2020-09-11T15:48:10.678+0000][1][safepoint    ] Safepoint "Cleanup", Time since last: 2000337818 ns, Reaching safepoint: 175436 ns, At safepoint: 21770 ns, Total: 197206 ns
[2020-09-11T15:48:13.632+0000][1][gc,start     ] GC(102) Pause Young (Allocation Failure)
[2020-09-11T15:48:13.632+0000][1][gc,task      ] GC(102) Using 1 workers of 1 for evacuation
[2020-09-11T15:48:13.648+0000][1][gc,age       ] GC(102) Desired survivor size 4358144 bytes, new threshold 6 (max threshold 6)
[2020-09-11T15:48:13.648+0000][1][gc,age       ] GC(102) Age table with threshold 6 (max threshold 6)
[2020-09-11T15:48:13.648+0000][1][gc,age       ] GC(102) - age   1:     331032 bytes,     331032 total
[2020-09-11T15:48:13.648+0000][1][gc,age       ] GC(102) - age   2:     204504 bytes,     535536 total
[2020-09-11T15:48:13.648+0000][1][gc,age       ] GC(102) - age   3:      35464 bytes,     571000 total
[2020-09-11T15:48:13.648+0000][1][gc,age       ] GC(102) - age   4:      21720 bytes,     592720 total
[2020-09-11T15:48:13.648+0000][1][gc,age       ] GC(102) - age   5:      64448 bytes,     657168 total
[2020-09-11T15:48:13.648+0000][1][gc,age       ] GC(102) - age   6:       7992 bytes,     665160 total
[2020-09-11T15:48:13.648+0000][1][gc,heap      ] GC(102) ParNew: 68820K->1044K(76672K)
[2020-09-11T15:48:13.648+0000][1][gc,heap      ] GC(102) CMS: 125771K->125779K(2011968K)
[2020-09-11T15:48:13.648+0000][1][gc,metaspace ] GC(102) Metaspace: 97066K->97066K(1138688K)
[2020-09-11T15:48:13.648+0000][1][gc           ] GC(102) Pause Young (Allocation Failure) 190M->123M(2039M) 15.736ms
[2020-09-11T15:48:13.648+0000][1][gc,cpu       ] GC(102) User=0.02s Sys=0.00s Real=0.02s
[2020-09-11T15:48:13.648+0000][1][safepoint    ] Safepoint "GenCollectForAllocation", Time since last: 2953688960 ns, Reaching safepoint: 208464 ns, At safepoint: 15808743 ns, Total: 16017207 ns
[2020-09-11T15:48:13.707+0000][1][safepoint    ] Safepoint "RevokeBias", Time since last: 58117054 ns, Reaching safepoint: 250672 ns, At safepoint: 711438 ns, Total: 962110 ns
[2020-09-11T15:48:14.707+0000][1][safepoint    ] Safepoint "Cleanup", Time since last: 1000175803 ns, Reaching safepoint: 114796 ns, At safepoint: 10144 ns, Total: 124940 ns
[2020-09-11T15:48:18.708+0000][1][safepoint    ] Safepoint "Cleanup", Time since last: 4000594862 ns, Reaching safepoint: 92470 ns, At safepoint: 8860 ns, Total: 101330 ns
[2020-09-11T15:48:20.708+0000][1][safepoint    ] Safepoint "Cleanup", Time since last: 2000220768 ns, Reaching safepoint: 171781 ns, At safepoint: 21072 ns, Total: 192853 ns
[2020-09-11T15:48:21.709+0000][1][safepoint    ] Safepoint "Cleanup", Time since last: 1000232924 ns, Reaching safepoint: 209037 ns, At safepoint: 21720 ns, Total: 230757 ns
[2020-09-11T15:48:23.712+0000][1][safepoint    ] Safepoint "Cleanup", Time since last: 2002812382 ns, Reaching safepoint: 270795 ns, At safepoint: 12646 ns, Total: 283441 ns
[2020-09-11T15:48:23.723+0000][1][safepoint    ] Safepoint "RevokeBias", Time since last: 10023563 ns, Reaching safepoint: 296548 ns, At safepoint: 223696 ns, Total: 520244 ns
[2020-09-11T15:48:24.723+0000][1][safepoint    ] Safepoint "Cleanup", Time since last: 1000177730 ns, Reaching safepoint: 162964 ns, At safepoint: 20090 ns, Total: 183054 ns
[2020-09-11T15:48:28.725+0000][1][safepoint    ] Safepoint "Cleanup", Time since last: 4001435971 ns, Reaching safepoint: 167759 ns, At safepoint: 18579 ns, Total: 186338 ns
[2020-09-11T15:48:31.725+0000][1][safepoint    ] Safepoint "Cleanup", Time since last: 3000411460 ns, Reaching safepoint: 108696 ns, At safepoint: 7375 ns, Total: 116071 ns
[2020-09-11T15:48:32.725+0000][1][safepoint    ] Safepoint "Cleanup", Time since last: 1000150561 ns, Reaching safepoint: 133138 ns, At safepoint: 7810 ns, Total: 140948 ns
[2020-09-11T15:48:33.693+0000][1][safepoint    ] Safepoint "RevokeBias", Time since last: 967451932 ns, Reaching safepoint: 335883 ns, At safepoint: 320348 ns, Total: 656231 ns
[2020-09-11T15:48:33.869+0000][1][gc,start     ] GC(103) Pause Young (Allocation Failure)
[2020-09-11T15:48:33.869+0000][1][gc,task      ] GC(103) Using 1 workers of 1 for evacuation
[2020-09-11T15:48:33.888+0000][1][gc,age       ] GC(103) Desired survivor size 4358144 bytes, new threshold 6 (max threshold 6)
[2020-09-11T15:48:33.888+0000][1][gc,age       ] GC(103) Age table with threshold 6 (max threshold 6)
[2020-09-11T15:48:33.888+0000][1][gc,age       ] GC(103) - age   1:     501536 bytes,     501536 total
[2020-09-11T15:48:33.888+0000][1][gc,age       ] GC(103) - age   2:      97896 bytes,     599432 total
[2020-09-11T15:48:33.888+0000][1][gc,age       ] GC(103) - age   3:      39656 bytes,     639088 total
[2020-09-11T15:48:33.888+0000][1][gc,age       ] GC(103) - age   4:      11288 bytes,     650376 total
[2020-09-11T15:48:33.888+0000][1][gc,age       ] GC(103) - age   5:      20480 bytes,     670856 total
[2020-09-11T15:48:33.888+0000][1][gc,age       ] GC(103) - age   6:      64152 bytes,     735008 total
[2020-09-11T15:48:33.888+0000][1][gc,heap      ] GC(103) ParNew: 69204K->1235K(76672K)
[2020-09-11T15:48:33.888+0000][1][gc,heap      ] GC(103) CMS: 125779K->125787K(2011968K)
[2020-09-11T15:48:33.888+0000][1][gc,metaspace ] GC(103) Metaspace: 97119K->97119K(1138688K)
[2020-09-11T15:48:33.888+0000][1][gc           ] GC(103) Pause Young (Allocation Failure) 190M->124M(2039M) 18.812ms
[2020-09-11T15:48:33.888+0000][1][gc,cpu       ] GC(103) User=0.02s Sys=0.00s Real=0.02s
[2020-09-11T15:48:33.888+0000][1][safepoint    ] Safepoint "GenCollectForAllocation", Time since last: 169779826 ns, Reaching safepoint: 5630796 ns, At safepoint: 18896221 ns, Total: 24527017 ns
[2020-09-11T15:48:39.891+0000][1][safepoint    ] Safepoint "Cleanup", Time since last: 6003452454 ns, Reaching safepoint: 108466 ns, At safepoint: 7005 ns, Total: 115471 ns
[2020-09-11T15:48:41.892+0000][1][safepoint    ] Safepoint "Cleanup", Time since last: 2000211224 ns, Reaching safepoint: 97658 ns, At safepoint: 10342 ns, Total: 108000 ns
[2020-09-11T15:48:42.892+0000][1][safepoint    ] Safepoint "Cleanup", Time since last: 1000213038 ns, Reaching safepoint: 122319 ns, At safepoint: 10072 ns, Total: 132391 ns
[2020-09-11T15:48:43.691+0000][1][safepoint    ] Safepoint "RevokeBias", Time since last: 798723573 ns, Reaching safepoint: 407298 ns, At safepoint: 276433 ns, Total: 683731 ns
[2020-09-11T15:48:44.692+0000][1][safepoint    ] Safepoint "Cleanup", Time since last: 1000150522 ns, Reaching safepoint: 176465 ns, At safepoint: 20604 ns, Total: 197069 ns
[2020-09-11T15:48:50.693+0000][1][safepoint    ] Safepoint "Cleanup", Time since last: 6000991214 ns, Reaching safepoint: 171624 ns, At safepoint: 10481 ns, Total: 182105 ns
[2020-09-11T15:48:52.694+0000][1][safepoint    ] Safepoint "Cleanup", Time since last: 2000401069 ns, Reaching safepoint: 174478 ns, At safepoint: 9908 ns, Total: 184386 ns
[2020-09-11T15:48:53.689+0000][1][safepoint    ] Safepoint "RevokeBias", Time since last: 995101032 ns, Reaching safepoint: 362062 ns, At safepoint: 242885 ns, Total: 604947 ns
[2020-09-11T15:48:54.690+0000][1][safepoint    ] Safepoint "Cleanup", Time since last: 1000173731 ns, Reaching safepoint: 178096 ns, At safepoint: 20133 ns, Total: 198229 ns
[2020-09-11T15:48:56.501+0000][1][gc,start     ] GC(104) Pause Young (Allocation Failure)
[2020-09-11T15:48:56.502+0000][1][gc,task      ] GC(104) Using 1 workers of 1 for evacuation
[2020-09-11T15:48:56.516+0000][1][gc,age       ] GC(104) Desired survivor size 4358144 bytes, new threshold 6 (max threshold 6)
[2020-09-11T15:48:56.516+0000][1][gc,age       ] GC(104) Age table with threshold 6 (max threshold 6)
[2020-09-11T15:48:56.516+0000][1][gc,age       ] GC(104) - age   1:     239448 bytes,     239448 total
[2020-09-11T15:48:56.516+0000][1][gc,age       ] GC(104) - age   2:     282760 bytes,     522208 total
[2020-09-11T15:48:56.516+0000][1][gc,age       ] GC(104) - age   3:      87168 bytes,     609376 total
[2020-09-11T15:48:56.516+0000][1][gc,age       ] GC(104) - age   4:      15936 bytes,     625312 total
[2020-09-11T15:48:56.516+0000][1][gc,age       ] GC(104) - age   5:      10984 bytes,     636296 total
[2020-09-11T15:48:56.516+0000][1][gc,age       ] GC(104) - age   6:      20480 bytes,     656776 total
[2020-09-11T15:48:56.516+0000][1][gc,heap      ] GC(104) ParNew: 69395K->847K(76672K)
[2020-09-11T15:48:56.516+0000][1][gc,heap      ] GC(104) CMS: 125787K->125851K(2011968K)
[2020-09-11T15:48:56.516+0000][1][gc,metaspace ] GC(104) Metaspace: 97168K->97168K(1138688K)
[2020-09-11T15:48:56.516+0000][1][gc           ] GC(104) Pause Young (Allocation Failure) 190M->123M(2039M) 14.220ms
[2020-09-11T15:48:56.516+0000][1][gc,cpu       ] GC(104) User=0.01s Sys=0.00s Real=0.01s
[2020-09-11T15:48:56.517+0000][1][safepoint    ] Safepoint "GenCollectForAllocation", Time since last: 1811513512 ns, Reaching safepoint: 311177 ns, At safepoint: 15278657 ns, Total: 15589834 ns
[2020-09-11T15:49:01.520+0000][1][safepoint    ] Safepoint "Cleanup", Time since last: 5003111640 ns, Reaching safepoint: 122723 ns, At safepoint: 7901 ns, Total: 130624 ns
[2020-09-11T15:49:02.520+0000][1][safepoint    ] Safepoint "Cleanup", Time since last: 1000142035 ns, Reaching safepoint: 177551 ns, At safepoint: 21072 ns, Total: 198623 ns
[2020-09-11T15:49:03.739+0000][1][safepoint    ] Safepoint "RevokeBias", Time since last: 1218291649 ns, Reaching safepoint: 499049 ns, At safepoint: 299297 ns, Total: 798346 ns
[2020-09-11T15:49:13.743+0000][1][safepoint    ] Safepoint "Cleanup", Time since last: 10001265670 ns, Reaching safepoint: 2816450 ns, At safepoint: 12732 ns, Total: 2829182 ns
[2020-09-11T15:49:13.785+0000][1][safepoint    ] Safepoint "RevokeBias", Time since last: 41209148 ns, Reaching safepoint: 226836 ns, At safepoint: 263663 ns, Total: 490499 ns
[2020-09-11T15:49:14.786+0000][1][safepoint    ] Safepoint "Cleanup", Time since last: 1000152248 ns, Reaching safepoint: 177959 ns, At safepoint: 19972 ns, Total: 197931 ns
[2020-09-11T15:49:15.786+0000][1][safepoint    ] Safepoint "Cleanup", Time since last: 1000235687 ns, Reaching safepoint: 118235 ns, At safepoint: 9075 ns, Total: 127310 ns
[2020-09-11T15:49:18.787+0000][1][safepoint    ] Safepoint "Cleanup", Time since last: 3001270168 ns, Reaching safepoint: 130882 ns, At safepoint: 6855 ns, Total: 137737 ns
[2020-09-11T15:49:19.788+0000][1][safepoint    ] Safepoint "Cleanup", Time since last: 1000124163 ns, Reaching safepoint: 161835 ns, At safepoint: 15011 ns, Total: 176846 ns
[2020-09-11T15:49:20.788+0000][1][safepoint    ] Safepoint "Cleanup", Time since last: 1000153391 ns, Reaching safepoint: 268816 ns, At safepoint: 22805 ns, Total: 291621 ns
[2020-09-11T15:49:21.666+0000][1][gc,start     ] GC(105) Pause Young (Allocation Failure)
[2020-09-11T15:49:21.666+0000][1][gc,task      ] GC(105) Using 1 workers of 1 for evacuation
[2020-09-11T15:49:21.681+0000][1][gc,age       ] GC(105) Desired survivor size 4358144 bytes, new threshold 6 (max threshold 6)
[2020-09-11T15:49:21.681+0000][1][gc,age       ] GC(105) Age table with threshold 6 (max threshold 6)
[2020-09-11T15:49:21.681+0000][1][gc,age       ] GC(105) - age   1:     408408 bytes,     408408 total
[2020-09-11T15:49:21.681+0000][1][gc,age       ] GC(105) - age   2:      52872 bytes,     461280 total
[2020-09-11T15:49:21.681+0000][1][gc,age       ] GC(105) - age   3:     147152 bytes,     608432 total
[2020-09-11T15:49:21.681+0000][1][gc,age       ] GC(105) - age   4:      15320 bytes,     623752 total
[2020-09-11T15:49:21.681+0000][1][gc,age       ] GC(105) - age   5:      14696 bytes,     638448 total
[2020-09-11T15:49:21.681+0000][1][gc,age       ] GC(105) - age   6:      10984 bytes,     649432 total
[2020-09-11T15:49:21.681+0000][1][gc,heap      ] GC(105) ParNew: 69002K->1173K(76672K)
[2020-09-11T15:49:21.681+0000][1][gc,heap      ] GC(105) CMS: 125851K->125871K(2011968K)
[2020-09-11T15:49:21.681+0000][1][gc,metaspace ] GC(105) Metaspace: 97188K->97188K(1138688K)
[2020-09-11T15:49:21.681+0000][1][gc           ] GC(105) Pause Young (Allocation Failure) 190M->124M(2039M) 15.090ms
[2020-09-11T15:49:21.681+0000][1][gc,cpu       ] GC(105) User=0.01s Sys=0.00s Real=0.02s
[2020-09-11T15:49:21.681+0000][1][safepoint    ] Safepoint "GenCollectForAllocation", Time since last: 877705949 ns, Reaching safepoint: 221666 ns, At safepoint: 15159015 ns, Total: 15380681 ns
[2020-09-11T15:49:23.684+0000][1][safepoint    ] Safepoint "RevokeBias", Time since last: 2000622318 ns, Reaching safepoint: 1567465 ns, At safepoint: 321963 ns, Total: 1889428 ns
[2020-09-11T15:49:24.684+0000][1][safepoint    ] Safepoint "Cleanup", Time since last: 1000146033 ns, Reaching safepoint: 188226 ns, At safepoint: 17055 ns, Total: 205281 ns
[2020-09-11T15:49:25.684+0000][1][safepoint    ] Safepoint "Cleanup", Time since last: 1000214908 ns, Reaching safepoint: 118874 ns, At safepoint: 6426 ns, Total: 125300 ns
[2020-09-11T15:49:26.685+0000][1][safepoint    ] Safepoint "Cleanup", Time since last: 1000116895 ns, Reaching safepoint: 171030 ns, At safepoint: 16601 ns, Total: 187631 ns
[2020-09-11T15:49:27.685+0000][1][safepoint    ] Safepoint "Cleanup", Time since last: 1000101453 ns, Reaching safepoint: 94692 ns, At safepoint: 5097 ns, Total: 99789 ns
[2020-09-11T15:49:29.685+0000][1][safepoint    ] Safepoint "Cleanup", Time since last: 2000343500 ns, Reaching safepoint: 186719 ns, At safepoint: 18068 ns, Total: 204787 ns
[2020-09-11T15:49:30.686+0000][1][safepoint    ] Safepoint "Cleanup", Time since last: 1000154401 ns, Reaching safepoint: 79372 ns, At safepoint: 8699 ns, Total: 88071 ns
[2020-09-11T15:49:31.686+0000][1][safepoint    ] Safepoint "Cleanup", Time since last: 1000172181 ns, Reaching safepoint: 115955 ns, At safepoint: 8894 ns, Total: 124849 ns
[2020-09-11T15:49:32.686+0000][1][safepoint    ] Safepoint "Cleanup", Time since last: 1000182789 ns, Reaching safepoint: 119543 ns, At safepoint: 7590 ns, Total: 127133 ns
[2020-09-11T15:49:33.687+0000][1][safepoint    ] Safepoint "Cleanup", Time since last: 1000116599 ns, Reaching safepoint: 238239 ns, At safepoint: 10439 ns, Total: 248678 ns
[2020-09-11T15:49:33.690+0000][1][safepoint    ] Safepoint "RevokeBias", Time since last: 3276784 ns, Reaching safepoint: 263463 ns, At safepoint: 257685 ns, Total: 521148 ns
[2020-09-11T15:49:34.691+0000][1][safepoint    ] Safepoint "Cleanup", Time since last: 1000157826 ns, Reaching safepoint: 103621 ns, At safepoint: 9159 ns, Total: 112780 ns
[2020-09-11T15:49:35.691+0000][1][safepoint    ] Safepoint "Cleanup", Time since last: 1000201561 ns, Reaching safepoint: 125322 ns, At safepoint: 8780 ns, Total: 134102 ns
[2020-09-11T15:49:36.691+0000][1][safepoint    ] Safepoint "Cleanup", Time since last: 1000179895 ns, Reaching safepoint: 125732 ns, At safepoint: 7170 ns, Total: 132902 ns
[2020-09-11T15:49:37.692+0000][1][safepoint    ] Safepoint "Cleanup", Time since last: 1000162614 ns, Reaching safepoint: 118986 ns, At safepoint: 6607 ns, Total: 125593 ns
[2020-09-11T15:49:38.692+0000][1][safepoint    ] Safepoint "Cleanup", Time since last: 1000143974 ns, Reaching safepoint: 161641 ns, At safepoint: 17213 ns, Total: 178854 ns
[2020-09-11T15:49:39.692+0000][1][safepoint    ] Safepoint "Cleanup", Time since last: 1000217208 ns, Reaching safepoint: 113419 ns, At safepoint: 6441 ns, Total: 119860 ns
[2020-09-11T15:49:40.693+0000][1][safepoint    ] Safepoint "Cleanup", Time since last: 1000191896 ns, Reaching safepoint: 109042 ns, At safepoint: 6664 ns, Total: 115706 ns
[2020-09-11T15:49:41.693+0000][1][safepoint    ] Safepoint "Cleanup", Time since last: 1000144589 ns, Reaching safepoint: 199448 ns, At safepoint: 17029 ns, Total: 216477 ns
[2020-09-11T15:49:42.693+0000][1][safepoint    ] Safepoint "Cleanup", Time since last: 1000184559 ns, Reaching safepoint: 121125 ns, At safepoint: 7111 ns, Total: 128236 ns
[2020-09-11T15:49:43.691+0000][1][safepoint    ] Safepoint "RevokeBias", Time since last: 997140932 ns, Reaching safepoint: 280767 ns, At safepoint: 277271 ns, Total: 558038 ns
[2020-09-11T15:49:43.714+0000][1][gc,start     ] GC(106) Pause Young (Allocation Failure)
[2020-09-11T15:49:43.714+0000][1][gc,task      ] GC(106) Using 1 workers of 1 for evacuation
[2020-09-11T15:49:43.729+0000][1][gc,age       ] GC(106) Desired survivor size 4358144 bytes, new threshold 6 (max threshold 6)
[2020-09-11T15:49:43.729+0000][1][gc,age       ] GC(106) Age table with threshold 6 (max threshold 6)
[2020-09-11T15:49:43.729+0000][1][gc,age       ] GC(106) - age   1:     327104 bytes,     327104 total
[2020-09-11T15:49:43.729+0000][1][gc,age       ] GC(106) - age   2:     268712 bytes,     595816 total
[2020-09-11T15:49:43.729+0000][1][gc,age       ] GC(106) - age   3:      48152 bytes,     643968 total
[2020-09-11T15:49:43.729+0000][1][gc,age       ] GC(106) - age   4:     106960 bytes,     750928 total
[2020-09-11T15:49:43.729+0000][1][gc,age       ] GC(106) - age   5:      14080 bytes,     765008 total
[2020-09-11T15:49:43.729+0000][1][gc,age       ] GC(106) - age   6:      14696 bytes,     779704 total
[2020-09-11T15:49:43.729+0000][1][gc,heap      ] GC(106) ParNew: 69333K->769K(76672K)
[2020-09-11T15:49:43.729+0000][1][gc,heap      ] GC(106) CMS: 125871K->125882K(2011968K)
[2020-09-11T15:49:43.729+0000][1][gc,metaspace ] GC(106) Metaspace: 97225K->97225K(1138688K)
[2020-09-11T15:49:43.729+0000][1][gc           ] GC(106) Pause Young (Allocation Failure) 190M->123M(2039M) 14.541ms
[2020-09-11T15:49:43.729+0000][1][gc,cpu       ] GC(106) User=0.01s Sys=0.00s Real=0.01s
[2020-09-11T15:49:43.729+0000][1][safepoint    ] Safepoint "GenCollectForAllocation", Time since last: 23061380 ns, Reaching safepoint: 218969 ns, At safepoint: 14611495 ns, Total: 14830464 ns
[2020-09-11T15:49:44.745+0000][1][safepoint    ] Safepoint "Cleanup", Time since last: 1016075869 ns, Reaching safepoint: 116302 ns, At safepoint: 10095 ns, Total: 126397 ns
[2020-09-11T15:49:45.745+0000][1][safepoint    ] Safepoint "Cleanup", Time since last: 1000191585 ns, Reaching safepoint: 109897 ns, At safepoint: 9843 ns, Total: 119740 ns
[2020-09-11T15:49:46.746+0000][1][safepoint    ] Safepoint "Cleanup", Time since last: 1000163342 ns, Reaching safepoint: 119912 ns, At safepoint: 6492 ns, Total: 126404 ns
[2020-09-11T15:49:47.746+0000][1][safepoint    ] Safepoint "Cleanup", Time since last: 1000181900 ns, Reaching safepoint: 152961 ns, At safepoint: 19301 ns, Total: 172262 ns
[2020-09-11T15:49:48.746+0000][1][safepoint    ] Safepoint "Cleanup", Time since last: 1000188975 ns, Reaching safepoint: 151230 ns, At safepoint: 8668 ns, Total: 159898 ns
[2020-09-11T15:49:49.747+0000][1][safepoint    ] Safepoint "Cleanup", Time since last: 1000122514 ns, Reaching safepoint: 457560 ns, At safepoint: 26147 ns, Total: 483707 ns
[2020-09-11T15:49:50.747+0000][1][safepoint    ] Safepoint "Cleanup", Time since last: 1000230482 ns, Reaching safepoint: 110348 ns, At safepoint: 9764 ns, Total: 120112 ns
[2020-09-11T15:49:51.748+0000][1][safepoint    ] Safepoint "Cleanup", Time since last: 1000136020 ns, Reaching safepoint: 125718 ns, At safepoint: 6167 ns, Total: 131885 ns
[2020-09-11T15:49:52.748+0000][1][safepoint    ] Safepoint "Cleanup", Time since last: 1000135446 ns, Reaching safepoint: 157899 ns, At safepoint: 19160 ns, Total: 177059 ns
[2020-09-11T15:49:53.689+0000][1][safepoint    ] Safepoint "RevokeBias", Time since last: 940415188 ns, Reaching safepoint: 217368 ns, At safepoint: 19982 ns, Total: 237350 ns
[2020-09-11T15:49:54.689+0000][1][safepoint    ] Safepoint "Cleanup", Time since last: 1000176118 ns, Reaching safepoint: 214592 ns, At safepoint: 19111 ns, Total: 233703 ns
[2020-09-11T15:49:55.689+0000][1][safepoint    ] Safepoint "Cleanup", Time since last: 1000187772 ns, Reaching safepoint: 169238 ns, At safepoint: 20471 ns, Total: 189709 ns
[2020-09-11T15:49:56.690+0000][1][safepoint    ] Safepoint "Cleanup", Time since last: 1000184201 ns, Reaching safepoint: 135763 ns, At safepoint: 6512 ns, Total: 142275 ns
[2020-09-11T15:49:57.690+0000][1][safepoint    ] Safepoint "Cleanup", Time since last: 1000204691 ns, Reaching safepoint: 152050 ns, At safepoint: 7593 ns, Total: 159643 ns
[2020-09-11T15:49:58.690+0000][1][safepoint    ] Safepoint "Cleanup", Time since last: 1000176540 ns, Reaching safepoint: 162589 ns, At safepoint: 17511 ns, Total: 180100 ns
[2020-09-11T15:49:59.691+0000][1][safepoint    ] Safepoint "Cleanup", Time since last: 1000223413 ns, Reaching safepoint: 119202 ns, At safepoint: 6817 ns, Total: 126019 ns
[2020-09-11T15:50:00.691+0000][1][safepoint    ] Safepoint "Cleanup", Time since last: 1000197862 ns, Reaching safepoint: 104882 ns, At safepoint: 7023 ns, Total: 111905 ns
[2020-09-11T15:50:00.917+0000][1][safepoint    ] Safepoint "RevokeBias", Time since last: 225741300 ns, Reaching safepoint: 283534 ns, At safepoint: 48963 ns, Total: 332497 ns
[2020-09-11T15:50:01.918+0000][1][safepoint    ] Safepoint "Cleanup", Time since last: 1000203053 ns, Reaching safepoint: 169489 ns, At safepoint: 18680 ns, Total: 188169 ns
[2020-09-11T15:50:02.931+0000][1][safepoint    ] Safepoint "Cleanup", Time since last: 1013029024 ns, Reaching safepoint: 175095 ns, At safepoint: 20106 ns, Total: 195201 ns
[2020-09-11T15:50:03.687+0000][1][safepoint    ] Safepoint "RevokeBias", Time since last: 756185920 ns, Reaching safepoint: 341915 ns, At safepoint: 223432 ns, Total: 565347 ns
[2020-09-11T15:50:04.688+0000][1][safepoint    ] Safepoint "Cleanup", Time since last: 1000174743 ns, Reaching safepoint: 116296 ns, At safepoint: 7262 ns, Total: 123558 ns
[2020-09-11T15:50:05.688+0000][1][safepoint    ] Safepoint "Cleanup", Time since last: 1000177908 ns, Reaching safepoint: 160669 ns, At safepoint: 17534 ns, Total: 178203 ns
[2020-09-11T15:50:05.856+0000][1][gc,start     ] GC(107) Pause Young (Allocation Failure)
[2020-09-11T15:50:05.857+0000][1][gc,task      ] GC(107) Using 1 workers of 1 for evacuation
[2020-09-11T15:50:05.870+0000][1][gc,age       ] GC(107) Desired survivor size 4358144 bytes, new threshold 6 (max threshold 6)
[2020-09-11T15:50:05.870+0000][1][gc,age       ] GC(107) Age table with threshold 6 (max threshold 6)
[2020-09-11T15:50:05.870+0000][1][gc,age       ] GC(107) - age   1:     203912 bytes,     203912 total
[2020-09-11T15:50:05.870+0000][1][gc,age       ] GC(107) - age   2:      59320 bytes,     263232 total
[2020-09-11T15:50:05.870+0000][1][gc,age       ] GC(107) - age   3:     216328 bytes,     479560 total
[2020-09-11T15:50:05.870+0000][1][gc,age       ] GC(107) - age   4:      17432 bytes,     496992 total
[2020-09-11T15:50:05.870+0000][1][gc,age       ] GC(107) - age   5:      78168 bytes,     575160 total
[2020-09-11T15:50:05.870+0000][1][gc,age       ] GC(107) - age   6:      14080 bytes,     589240 total
[2020-09-11T15:50:05.870+0000][1][gc,heap      ] GC(107) ParNew: 68929K->667K(76672K)
[2020-09-11T15:50:05.870+0000][1][gc,heap      ] GC(107) CMS: 125882K->125896K(2011968K)
[2020-09-11T15:50:05.870+0000][1][gc,metaspace ] GC(107) Metaspace: 97319K->97319K(1138688K)
[2020-09-11T15:50:05.870+0000][1][gc           ] GC(107) Pause Young (Allocation Failure) 190M->123M(2039M) 13.984ms
[2020-09-11T15:50:05.870+0000][1][gc,cpu       ] GC(107) User=0.01s Sys=0.00s Real=0.01s
[2020-09-11T15:50:05.871+0000][1][safepoint    ] Safepoint "GenCollectForAllocation", Time since last: 168235189 ns, Reaching safepoint: 95256 ns, At safepoint: 14058823 ns, Total: 14154079 ns
[2020-09-11T15:50:06.013+0000][1][safepoint    ] Safepoint "RevokeBias", Time since last: 141967106 ns, Reaching safepoint: 196643 ns, At safepoint: 31589 ns, Total: 228232 ns
[2020-09-11T15:50:07.013+0000][1][safepoint    ] Safepoint "Cleanup", Time since last: 1000205925 ns, Reaching safepoint: 125281 ns, At safepoint: 18039 ns, Total: 143320 ns
[2020-09-11T15:50:08.013+0000][1][safepoint    ] Safepoint "Cleanup", Time since last: 1000172373 ns, Reaching safepoint: 164891 ns, At safepoint: 51151 ns, Total: 216042 ns
[2020-09-11T15:50:09.014+0000][1][safepoint    ] Safepoint "Cleanup", Time since last: 1000181500 ns, Reaching safepoint: 150398 ns, At safepoint: 16241 ns, Total: 166639 ns
[2020-09-11T15:50:10.072+0000][1][safepoint    ] Safepoint "Cleanup", Time since last: 1057661722 ns, Reaching safepoint: 105865 ns, At safepoint: 7405 ns, Total: 113270 ns
[2020-09-11T15:50:11.072+0000][1][safepoint    ] Safepoint "Cleanup", Time since last: 1000114920 ns, Reaching safepoint: 84345 ns, At safepoint: 6678 ns, Total: 91023 ns
[2020-09-11T15:50:12.072+0000][1][safepoint    ] Safepoint "Cleanup", Time since last: 1000174533 ns, Reaching safepoint: 117290 ns, At safepoint: 7059 ns, Total: 124349 ns
[2020-09-11T15:50:13.072+0000][1][safepoint    ] Safepoint "Cleanup", Time since last: 1000186167 ns, Reaching safepoint: 103101 ns, At safepoint: 15599 ns, Total: 118700 ns
[2020-09-11T15:50:13.168+0000][1][safepoint    ] Safepoint "RevokeBias", Time since last: 95681712 ns, Reaching safepoint: 39374 ns, At safepoint: 17558 ns, Total: 56932 ns
[2020-09-11T15:50:13.735+0000][1][safepoint    ] Safepoint "RevokeBias", Time since last: 566589692 ns, Reaching safepoint: 250186 ns, At safepoint: 260065 ns, Total: 510251 ns
[2020-09-11T15:50:14.736+0000][1][safepoint    ] Safepoint "Cleanup", Time since last: 1000160832 ns, Reaching safepoint: 200236 ns, At safepoint: 17059 ns, Total: 217295 ns
[2020-09-11T15:50:15.741+0000][1][safepoint    ] Safepoint "Cleanup", Time since last: 1005191566 ns, Reaching safepoint: 162766 ns, At safepoint: 19051 ns, Total: 181817 ns
[2020-09-11T15:50:16.741+0000][1][safepoint    ] Safepoint "Cleanup", Time since last: 1000183896 ns, Reaching safepoint: 165115 ns, At safepoint: 17711 ns, Total: 182826 ns
[2020-09-11T15:50:17.546+0000][1][safepoint    ] Safepoint "RevokeBias", Time since last: 804821970 ns, Reaching safepoint: 208734 ns, At safepoint: 21353 ns, Total: 230087 ns
[2020-09-11T15:50:17.987+0000][1][safepoint    ] Safepoint "RevokeBias", Time since last: 440005571 ns, Reaching safepoint: 246801 ns, At safepoint: 49353 ns, Total: 296154 ns
[2020-09-11T15:50:18.987+0000][1][safepoint    ] Safepoint "Cleanup", Time since last: 1000159846 ns, Reaching safepoint: 131274 ns, At safepoint: 6941 ns, Total: 138215 ns
[2020-09-11T15:50:19.987+0000][1][safepoint    ] Safepoint "Cleanup", Time since last: 1000174117 ns, Reaching safepoint: 143569 ns, At safepoint: 18893 ns, Total: 162462 ns
[2020-09-11T15:50:20.988+0000][1][safepoint    ] Safepoint "Cleanup", Time since last: 1000207298 ns, Reaching safepoint: 114038 ns, At safepoint: 7288 ns, Total: 121326 ns
[2020-09-11T15:50:21.763+0000][1][safepoint    ] Safepoint "RevokeBias", Time since last: 775218105 ns, Reaching safepoint: 208871 ns, At safepoint: 21361 ns, Total: 230232 ns
[2020-09-11T15:50:22.763+0000][1][safepoint    ] Safepoint "Cleanup", Time since last: 1000170435 ns, Reaching safepoint: 112670 ns, At safepoint: 7148 ns, Total: 119818 ns
[2020-09-11T15:50:23.771+0000][1][safepoint    ] Safepoint "Cleanup", Time since last: 1006368413 ns, Reaching safepoint: 790465 ns, At safepoint: 12370 ns, Total: 802835 ns
[2020-09-11T15:50:23.790+0000][1][safepoint    ] Safepoint "RevokeBias", Time since last: 18577567 ns, Reaching safepoint: 1057827 ns, At safepoint: 19823 ns, Total: 1077650 ns
[2020-09-11T15:50:24.791+0000][1][safepoint    ] Safepoint "Cleanup", Time since last: 1000142308 ns, Reaching safepoint: 176048 ns, At safepoint: 17159 ns, Total: 193207 ns
[2020-09-11T15:50:25.791+0000][1][safepoint    ] Safepoint "Cleanup", Time since last: 1000238588 ns, Reaching safepoint: 116322 ns, At safepoint: 6615 ns, Total: 122937 ns
[2020-09-11T15:50:25.980+0000][1][safepoint    ] Safepoint "RevokeBias", Time since last: 189182340 ns, Reaching safepoint: 196303 ns, At safepoint: 20024 ns, Total: 216327 ns
[2020-09-11T15:50:26.981+0000][1][safepoint    ] Safepoint "Cleanup", Time since last: 1000120060 ns, Reaching safepoint: 97490 ns, At safepoint: 6955 ns, Total: 104445 ns
[2020-09-11T15:50:27.981+0000][1][safepoint    ] Safepoint "Cleanup", Time since last: 1000205448 ns, Reaching safepoint: 102113 ns, At safepoint: 6643 ns, Total: 108756 ns
[2020-09-11T15:50:28.981+0000][1][safepoint    ] Safepoint "Cleanup", Time since last: 1000128560 ns, Reaching safepoint: 79366 ns, At safepoint: 5162 ns, Total: 84528 ns
[2020-09-11T15:50:29.478+0000][1][gc,start     ] GC(108) Pause Young (Allocation Failure)
[2020-09-11T15:50:29.478+0000][1][gc,task      ] GC(108) Using 1 workers of 1 for evacuation
[2020-09-11T15:50:29.494+0000][1][gc,age       ] GC(108) Desired survivor size 4358144 bytes, new threshold 6 (max threshold 6)
[2020-09-11T15:50:29.494+0000][1][gc,age       ] GC(108) Age table with threshold 6 (max threshold 6)
[2020-09-11T15:50:29.494+0000][1][gc,age       ] GC(108) - age   1:     474496 bytes,     474496 total
[2020-09-11T15:50:29.494+0000][1][gc,age       ] GC(108) - age   2:     124280 bytes,     598776 total
[2020-09-11T15:50:29.494+0000][1][gc,age       ] GC(108) - age   3:      39240 bytes,     638016 total
[2020-09-11T15:50:29.494+0000][1][gc,age       ] GC(108) - age   4:      27536 bytes,     665552 total
[2020-09-11T15:50:29.494+0000][1][gc,age       ] GC(108) - age   5:      12240 bytes,     677792 total
[2020-09-11T15:50:29.494+0000][1][gc,age       ] GC(108) - age   6:      78168 bytes,     755960 total
[2020-09-11T15:50:29.494+0000][1][gc,heap      ] GC(108) ParNew: 68827K->1196K(76672K)
[2020-09-11T15:50:29.494+0000][1][gc,heap      ] GC(108) CMS: 125896K->125910K(2011968K)
[2020-09-11T15:50:29.494+0000][1][gc,metaspace ] GC(108) Metaspace: 97368K->97368K(1138688K)
[2020-09-11T15:50:29.494+0000][1][gc           ] GC(108) Pause Young (Allocation Failure) 190M->124M(2039M) 16.889ms
[2020-09-11T15:50:29.495+0000][1][gc,cpu       ] GC(108) User=0.02s Sys=0.00s Real=0.02s
[2020-09-11T15:50:29.495+0000][1][safepoint    ] Safepoint "GenCollectForAllocation", Time since last: 496247061 ns, Reaching safepoint: 258591 ns, At safepoint: 16970109 ns, Total: 17228700 ns
[2020-09-11T15:50:30.497+0000][1][safepoint    ] Safepoint "Cleanup", Time since last: 1002308510 ns, Reaching safepoint: 110103 ns, At safepoint: 18428 ns, Total: 128531 ns
[2020-09-11T15:50:31.497+0000][1][safepoint    ] Safepoint "Cleanup", Time since last: 1000212582 ns, Reaching safepoint: 186729 ns, At safepoint: 20817 ns, Total: 207546 ns
[2020-09-11T15:50:32.498+0000][1][safepoint    ] Safepoint "Cleanup", Time since last: 1000230981 ns, Reaching safepoint: 174470 ns, At safepoint: 18840 ns, Total: 193310 ns
[2020-09-11T15:50:33.498+0000][1][safepoint    ] Safepoint "Cleanup", Time since last: 1000232331 ns, Reaching safepoint: 169987 ns, At safepoint: 17820 ns, Total: 187807 ns
[2020-09-11T15:50:33.711+0000][1][safepoint    ] Safepoint "RevokeBias", Time since last: 212494739 ns, Reaching safepoint: 301350 ns, At safepoint: 294836 ns, Total: 596186 ns
[2020-09-11T15:50:34.712+0000][1][safepoint    ] Safepoint "Cleanup", Time since last: 1000178997 ns, Reaching safepoint: 169409 ns, At safepoint: 18573 ns, Total: 187982 ns
[2020-09-11T15:50:35.712+0000][1][safepoint    ] Safepoint "Cleanup", Time since last: 1000257753 ns, Reaching safepoint: 117614 ns, At safepoint: 7939 ns, Total: 125553 ns
[2020-09-11T15:50:40.713+0000][1][safepoint    ] Safepoint "Cleanup", Time since last: 5000741157 ns, Reaching safepoint: 116671 ns, At safepoint: 7960 ns, Total: 124631 ns
[2020-09-11T15:50:41.713+0000][1][safepoint    ] Safepoint "Cleanup", Time since last: 1000182160 ns, Reaching safepoint: 133057 ns, At safepoint: 10811 ns, Total: 143868 ns
[2020-09-11T15:50:43.684+0000][1][safepoint    ] Safepoint "BulkRevokeBias", Time since last: 1969765103 ns, Reaching safepoint: 312408 ns, At safepoint: 660125 ns, Total: 972533 ns
[2020-09-11T15:50:43.725+0000][1][safepoint    ] Safepoint "RevokeBias", Time since last: 41090746 ns, Reaching safepoint: 175130 ns, At safepoint: 22495 ns, Total: 197625 ns
[2020-09-11T15:50:44.726+0000][1][safepoint    ] Safepoint "Cleanup", Time since last: 1000151815 ns, Reaching safepoint: 174302 ns, At safepoint: 8060 ns, Total: 182362 ns
[2020-09-11T15:50:45.726+0000][1][safepoint    ] Safepoint "Cleanup", Time since last: 1000111104 ns, Reaching safepoint: 90819 ns, At safepoint: 6814 ns, Total: 97633 ns
[2020-09-11T15:50:48.726+0000][1][safepoint    ] Safepoint "Cleanup", Time since last: 3000280022 ns, Reaching safepoint: 109240 ns, At safepoint: 9584 ns, Total: 118824 ns
[2020-09-11T15:50:49.726+0000][1][safepoint    ] Safepoint "Cleanup", Time since last: 1000111152 ns, Reaching safepoint: 96242 ns, At safepoint: 10899 ns, Total: 107141 ns
[2020-09-11T15:50:52.727+0000][1][safepoint    ] Safepoint "Cleanup", Time since last: 3000306292 ns, Reaching safepoint: 137051 ns, At safepoint: 7505 ns, Total: 144556 ns
[2020-09-11T15:50:53.708+0000][1][safepoint    ] Safepoint "RevokeBias", Time since last: 980464690 ns, Reaching safepoint: 258374 ns, At safepoint: 295843 ns, Total: 554217 ns
[2020-09-11T15:50:53.728+0000][1][gc,start     ] GC(109) Pause Young (Allocation Failure)
[2020-09-11T15:50:53.728+0000][1][gc,task      ] GC(109) Using 1 workers of 1 for evacuation
[2020-09-11T15:50:53.744+0000][1][gc,age       ] GC(109) Desired survivor size 4358144 bytes, new threshold 6 (max threshold 6)
[2020-09-11T15:50:53.744+0000][1][gc,age       ] GC(109) Age table with threshold 6 (max threshold 6)
[2020-09-11T15:50:53.744+0000][1][gc,age       ] GC(109) - age   1:     326120 bytes,     326120 total
[2020-09-11T15:50:53.744+0000][1][gc,age       ] GC(109) - age   2:     281480 bytes,     607600 total
[2020-09-11T15:50:53.744+0000][1][gc,age       ] GC(109) - age   3:     114928 bytes,     722528 total
[2020-09-11T15:50:53.744+0000][1][gc,age       ] GC(109) - age   4:       9800 bytes,     732328 total
[2020-09-11T15:50:53.744+0000][1][gc,age       ] GC(109) - age   5:      27264 bytes,     759592 total
[2020-09-11T15:50:53.744+0000][1][gc,age       ] GC(109) - age   6:      12240 bytes,     771832 total
[2020-09-11T15:50:53.744+0000][1][gc,heap      ] GC(109) ParNew: 69356K->1406K(76672K)
[2020-09-11T15:50:53.744+0000][1][gc,heap      ] GC(109) CMS: 125910K->125986K(2011968K)
[2020-09-11T15:50:53.744+0000][1][gc,metaspace ] GC(109) Metaspace: 97390K->97390K(1138688K)
[2020-09-11T15:50:53.744+0000][1][gc           ] GC(109) Pause Young (Allocation Failure) 190M->124M(2039M) 16.701ms
[2020-09-11T15:50:53.745+0000][1][gc,cpu       ] GC(109) User=0.02s Sys=0.00s Real=0.02s
[2020-09-11T15:50:53.745+0000][1][safepoint    ] Safepoint "GenCollectForAllocation", Time since last: 19651907 ns, Reaching safepoint: 170891 ns, At safepoint: 17378584 ns, Total: 17549475 ns
[2020-09-11T15:50:54.754+0000][1][safepoint    ] Safepoint "Cleanup", Time since last: 1008906163 ns, Reaching safepoint: 121562 ns, At safepoint: 7751 ns, Total: 129313 ns
[2020-09-11T15:50:55.755+0000][1][safepoint    ] Safepoint "Cleanup", Time since last: 1000177495 ns, Reaching safepoint: 159613 ns, At safepoint: 17620 ns, Total: 177233 ns
[2020-09-11T15:50:56.755+0000][1][safepoint    ] Safepoint "Cleanup", Time since last: 1000203620 ns, Reaching safepoint: 125997 ns, At safepoint: 7014 ns, Total: 133011 ns
[2020-09-11T15:50:57.755+0000][1][safepoint    ] Safepoint "Cleanup", Time since last: 1000180810 ns, Reaching safepoint: 140920 ns, At safepoint: 6720 ns, Total: 147640 ns
[2020-09-11T15:50:58.756+0000][1][safepoint    ] Safepoint "Cleanup", Time since last: 1000175528 ns, Reaching safepoint: 162987 ns, At safepoint: 17517 ns, Total: 180504 ns
[2020-09-11T15:50:59.756+0000][1][safepoint    ] Safepoint "Cleanup", Time since last: 1000150085 ns, Reaching safepoint: 94734 ns, At safepoint: 9249 ns, Total: 103983 ns
[2020-09-11T15:51:00.756+0000][1][safepoint    ] Safepoint "Cleanup", Time since last: 1000176944 ns, Reaching safepoint: 114753 ns, At safepoint: 8413 ns, Total: 123166 ns
[2020-09-11T15:51:01.756+0000][1][safepoint    ] Safepoint "Cleanup", Time since last: 1000176918 ns, Reaching safepoint: 125226 ns, At safepoint: 9412 ns, Total: 134638 ns
[2020-09-11T15:51:02.757+0000][1][safepoint    ] Safepoint "Cleanup", Time since last: 1000174141 ns, Reaching safepoint: 114104 ns, At safepoint: 9063 ns, Total: 123167 ns
[2020-09-11T15:51:03.701+0000][1][safepoint    ] Safepoint "RevokeBias", Time since last: 944428081 ns, Reaching safepoint: 99453 ns, At safepoint: 24372 ns, Total: 123825 ns
[2020-09-11T15:51:04.702+0000][1][safepoint    ] Safepoint "Cleanup", Time since last: 1000127951 ns, Reaching safepoint: 94407 ns, At safepoint: 7265 ns, Total: 101672 ns
[2020-09-11T15:51:05.702+0000][1][safepoint    ] Safepoint "Cleanup", Time since last: 1000193833 ns, Reaching safepoint: 122246 ns, At safepoint: 6060 ns, Total: 128306 ns
[2020-09-11T15:51:06.702+0000][1][safepoint    ] Safepoint "Cleanup", Time since last: 1000240405 ns, Reaching safepoint: 163966 ns, At safepoint: 18449 ns, Total: 182415 ns
[2020-09-11T15:51:07.703+0000][1][safepoint    ] Safepoint "Cleanup", Time since last: 1000205080 ns, Reaching safepoint: 163295 ns, At safepoint: 20303 ns, Total: 183598 ns
[2020-09-11T15:51:08.703+0000][1][safepoint    ] Safepoint "Cleanup", Time since last: 1000207974 ns, Reaching safepoint: 161895 ns, At safepoint: 19027 ns, Total: 180922 ns
[2020-09-11T15:51:09.703+0000][1][safepoint    ] Safepoint "Cleanup", Time since last: 1000229119 ns, Reaching safepoint: 116179 ns, At safepoint: 7582 ns, Total: 123761 ns
[2020-09-11T15:51:10.704+0000][1][safepoint    ] Safepoint "Cleanup", Time since last: 1000191498 ns, Reaching safepoint: 108630 ns, At safepoint: 6998 ns, Total: 115628 ns
[2020-09-11T15:51:11.704+0000][1][safepoint    ] Safepoint "Cleanup", Time since last: 1000147985 ns, Reaching safepoint: 130760 ns, At safepoint: 6614 ns, Total: 137374 ns
[2020-09-11T15:51:12.704+0000][1][safepoint    ] Safepoint "Cleanup", Time since last: 1000136786 ns, Reaching safepoint: 157689 ns, At safepoint: 17670 ns, Total: 175359 ns
[2020-09-11T15:51:13.691+0000][1][safepoint    ] Safepoint "RevokeBias", Time since last: 986290593 ns, Reaching safepoint: 293428 ns, At safepoint: 292862 ns, Total: 586290 ns
[2020-09-11T15:51:13.741+0000][1][gc,start     ] GC(110) Pause Young (Allocation Failure)
[2020-09-11T15:51:13.741+0000][1][gc,task      ] GC(110) Using 1 workers of 1 for evacuation
[2020-09-11T15:51:13.755+0000][1][gc,age       ] GC(110) Desired survivor size 4358144 bytes, new threshold 6 (max threshold 6)
[2020-09-11T15:51:13.755+0000][1][gc,age       ] GC(110) Age table with threshold 6 (max threshold 6)
[2020-09-11T15:51:13.755+0000][1][gc,age       ] GC(110) - age   1:     539168 bytes,     539168 total
[2020-09-11T15:51:13.755+0000][1][gc,age       ] GC(110) - age   2:      61800 bytes,     600968 total
[2020-09-11T15:51:13.755+0000][1][gc,age       ] GC(110) - age   3:     276200 bytes,     877168 total
[2020-09-11T15:51:13.755+0000][1][gc,age       ] GC(110) - age   4:     106888 bytes,     984056 total
[2020-09-11T15:51:13.755+0000][1][gc,age       ] GC(110) - age   5:       8528 bytes,     992584 total
[2020-09-11T15:51:13.755+0000][1][gc,age       ] GC(110) - age   6:      27264 bytes,    1019848 total
[2020-09-11T15:51:13.755+0000][1][gc,heap      ] GC(110) ParNew: 69566K->1375K(76672K)
[2020-09-11T15:51:13.755+0000][1][gc,heap      ] GC(110) CMS: 125986K->125998K(2011968K)
[2020-09-11T15:51:13.755+0000][1][gc,metaspace ] GC(110) Metaspace: 97454K->97454K(1138688K)
[2020-09-11T15:51:13.755+0000][1][gc           ] GC(110) Pause Young (Allocation Failure) 190M->124M(2039M) 14.408ms
[2020-09-11T15:51:13.755+0000][1][gc,cpu       ] GC(110) User=0.02s Sys=0.00s Real=0.02s
[2020-09-11T15:51:13.759+0000][1][safepoint    ] Safepoint "GenCollectForAllocation", Time since last: 49201661 ns, Reaching safepoint: 183703 ns, At safepoint: 18204446 ns, Total: 18388149 ns
[2020-09-11T15:51:14.765+0000][1][safepoint    ] Safepoint "Cleanup", Time since last: 1005664720 ns, Reaching safepoint: 86297 ns, At safepoint: 6518 ns, Total: 92815 ns
[2020-09-11T15:51:15.765+0000][1][safepoint    ] Safepoint "Cleanup", Time since last: 1000137084 ns, Reaching safepoint: 144105 ns, At safepoint: 5399 ns, Total: 149504 ns
[2020-09-11T15:51:16.765+0000][1][safepoint    ] Safepoint "Cleanup", Time since last: 1000195289 ns, Reaching safepoint: 120519 ns, At safepoint: 7246 ns, Total: 127765 ns
[2020-09-11T15:51:17.765+0000][1][safepoint    ] Safepoint "Cleanup", Time since last: 1000181623 ns, Reaching safepoint: 113604 ns, At safepoint: 6512 ns, Total: 120116 ns
[2020-09-11T15:51:18.766+0000][1][safepoint    ] Safepoint "Cleanup", Time since last: 1000213809 ns, Reaching safepoint: 108619 ns, At safepoint: 6914 ns, Total: 115533 ns
[2020-09-11T15:51:19.766+0000][1][safepoint    ] Safepoint "Cleanup", Time since last: 1000140798 ns, Reaching safepoint: 109016 ns, At safepoint: 8279 ns, Total: 117295 ns
[2020-09-11T15:51:20.766+0000][1][safepoint    ] Safepoint "Cleanup", Time since last: 1000153609 ns, Reaching safepoint: 201135 ns, At safepoint: 21041 ns, Total: 222176 ns
[2020-09-11T15:51:21.767+0000][1][safepoint    ] Safepoint "Cleanup", Time since last: 1000211511 ns, Reaching safepoint: 115513 ns, At safepoint: 8717 ns, Total: 124230 ns
[2020-09-11T15:51:22.767+0000][1][safepoint    ] Safepoint "Cleanup", Time since last: 1000176604 ns, Reaching safepoint: 113960 ns, At safepoint: 9224 ns, Total: 123184 ns
[2020-09-11T15:51:23.720+0000][1][safepoint    ] Safepoint "RevokeBias", Time since last: 951882828 ns, Reaching safepoint: 1214903 ns, At safepoint: 313397 ns, Total: 1528300 ns
[2020-09-11T15:51:24.721+0000][1][safepoint    ] Safepoint "Cleanup", Time since last: 1000154132 ns, Reaching safepoint: 149157 ns, At safepoint: 32407 ns, Total: 181564 ns
[2020-09-11T15:51:25.721+0000][1][safepoint    ] Safepoint "Cleanup", Time since last: 1000163544 ns, Reaching safepoint: 112826 ns, At safepoint: 7036 ns, Total: 119862 ns
[2020-09-11T15:51:26.635+0000][1][safepoint    ] Safepoint "RevokeBias", Time since last: 913709679 ns, Reaching safepoint: 84630 ns, At safepoint: 19578 ns, Total: 104208 ns
[2020-09-11T15:51:27.635+0000][1][safepoint    ] Safepoint "Cleanup", Time since last: 1000203950 ns, Reaching safepoint: 113507 ns, At safepoint: 7395 ns, Total: 120902 ns
[2020-09-11T15:51:28.635+0000][1][safepoint    ] Safepoint "Cleanup", Time since last: 1000181047 ns, Reaching safepoint: 116906 ns, At safepoint: 7319 ns, Total: 124225 ns
[2020-09-11T15:51:29.636+0000][1][safepoint    ] Safepoint "Cleanup", Time since last: 1000188058 ns, Reaching safepoint: 110820 ns, At safepoint: 6509 ns, Total: 117329 ns
[2020-09-11T15:51:30.636+0000][1][safepoint    ] Safepoint "Cleanup", Time since last: 1000193636 ns, Reaching safepoint: 121544 ns, At safepoint: 7251 ns, Total: 128795 ns
[2020-09-11T15:51:31.636+0000][1][safepoint    ] Safepoint "Cleanup", Time since last: 1000149971 ns, Reaching safepoint: 132530 ns, At safepoint: 9232 ns, Total: 141762 ns
[2020-09-11T15:51:32.637+0000][1][safepoint    ] Safepoint "Cleanup", Time since last: 1000216950 ns, Reaching safepoint: 194473 ns, At safepoint: 17888 ns, Total: 212361 ns
[2020-09-11T15:51:33.637+0000][1][safepoint    ] Safepoint "Cleanup", Time since last: 1000143678 ns, Reaching safepoint: 213252 ns, At safepoint: 7805 ns, Total: 221057 ns
[2020-09-11T15:51:33.690+0000][1][safepoint    ] Safepoint "RevokeBias", Time since last: 52281701 ns, Reaching safepoint: 92218 ns, At safepoint: 18724 ns, Total: 110942 ns
[2020-09-11T15:51:34.690+0000][1][safepoint    ] Safepoint "Cleanup", Time since last: 1000133072 ns, Reaching safepoint: 190039 ns, At safepoint: 19502 ns, Total: 209541 ns
[2020-09-11T15:51:35.690+0000][1][safepoint    ] Safepoint "Cleanup", Time since last: 1000178258 ns, Reaching safepoint: 92862 ns, At safepoint: 8010 ns, Total: 100872 ns
[2020-09-11T15:51:36.690+0000][1][safepoint    ] Safepoint "Cleanup", Time since last: 1000144019 ns, Reaching safepoint: 113733 ns, At safepoint: 10663 ns, Total: 124396 ns
[2020-09-11T15:51:37.691+0000][1][safepoint    ] Safepoint "Cleanup", Time since last: 1000182588 ns, Reaching safepoint: 175961 ns, At safepoint: 20497 ns, Total: 196458 ns
[2020-09-11T15:51:38.691+0000][1][safepoint    ] Safepoint "Cleanup", Time since last: 1000216824 ns, Reaching safepoint: 109181 ns, At safepoint: 7092 ns, Total: 116273 ns
[2020-09-11T15:51:39.691+0000][1][safepoint    ] Safepoint "Cleanup", Time since last: 1000176229 ns, Reaching safepoint: 109106 ns, At safepoint: 7120 ns, Total: 116226 ns
[2020-09-11T15:51:40.692+0000][1][safepoint    ] Safepoint "Cleanup", Time since last: 1000179387 ns, Reaching safepoint: 116362 ns, At safepoint: 6681 ns, Total: 123043 ns
[2020-09-11T15:51:40.968+0000][1][gc,start     ] GC(111) Pause Young (Allocation Failure)
[2020-09-11T15:51:40.969+0000][1][gc,task      ] GC(111) Using 1 workers of 1 for evacuation
[2020-09-11T15:51:40.983+0000][1][gc,age       ] GC(111) Desired survivor size 4358144 bytes, new threshold 6 (max threshold 6)
[2020-09-11T15:51:40.983+0000][1][gc,age       ] GC(111) Age table with threshold 6 (max threshold 6)
[2020-09-11T15:51:40.983+0000][1][gc,age       ] GC(111) - age   1:     463488 bytes,     463488 total
[2020-09-11T15:51:40.983+0000][1][gc,age       ] GC(111) - age   2:      20744 bytes,     484232 total
[2020-09-11T15:51:40.983+0000][1][gc,age       ] GC(111) - age   3:      43848 bytes,     528080 total
[2020-09-11T15:51:40.983+0000][1][gc,age       ] GC(111) - age   4:      47056 bytes,     575136 total
[2020-09-11T15:51:40.983+0000][1][gc,age       ] GC(111) - age   5:       9048 bytes,     584184 total
[2020-09-11T15:51:40.983+0000][1][gc,age       ] GC(111) - age   6:       8528 bytes,     592712 total
[2020-09-11T15:51:40.983+0000][1][gc,heap      ] GC(111) ParNew: 69535K->861K(76672K)
[2020-09-11T15:51:40.983+0000][1][gc,heap      ] GC(111) CMS: 125998K->126025K(2011968K)
[2020-09-11T15:51:40.983+0000][1][gc,metaspace ] GC(111) Metaspace: 97481K->97481K(1138688K)
[2020-09-11T15:51:40.983+0000][1][gc           ] GC(111) Pause Young (Allocation Failure) 190M->123M(2039M) 14.757ms
[2020-09-11T15:51:40.983+0000][1][gc,cpu       ] GC(111) User=0.02s Sys=0.00s Real=0.02s
[2020-09-11T15:51:40.983+0000][1][safepoint    ] Safepoint "GenCollectForAllocation", Time since last: 276430542 ns, Reaching safepoint: 210714 ns, At safepoint: 14829779 ns, Total: 15040493 ns
[2020-09-11T15:51:41.987+0000][1][safepoint    ] Safepoint "Cleanup", Time since last: 1003099397 ns, Reaching safepoint: 208806 ns, At safepoint: 20167 ns, Total: 228973 ns
[2020-09-11T15:51:42.987+0000][1][safepoint    ] Safepoint "Cleanup", Time since last: 1000138224 ns, Reaching safepoint: 225278 ns, At safepoint: 9646 ns, Total: 234924 ns
[2020-09-11T15:51:43.791+0000][1][safepoint    ] Safepoint "RevokeBias", Time since last: 801637545 ns, Reaching safepoint: 1719259 ns, At safepoint: 262153 ns, Total: 1981412 ns
[2020-09-11T15:51:44.791+0000][1][safepoint    ] Safepoint "Cleanup", Time since last: 1000131825 ns, Reaching safepoint: 134708 ns, At safepoint: 7189 ns, Total: 141897 ns
[2020-09-11T15:51:45.791+0000][1][safepoint    ] Safepoint "Cleanup", Time since last: 1000189770 ns, Reaching safepoint: 118417 ns, At safepoint: 6984 ns, Total: 125401 ns
[2020-09-11T15:51:46.791+0000][1][safepoint    ] Safepoint "Cleanup", Time since last: 1000141933 ns, Reaching safepoint: 131582 ns, At safepoint: 6886 ns, Total: 138468 ns
[2020-09-11T15:51:47.792+0000][1][safepoint    ] Safepoint "Cleanup", Time since last: 1000192417 ns, Reaching safepoint: 163365 ns, At safepoint: 17844 ns, Total: 181209 ns
[2020-09-11T15:51:48.792+0000][1][safepoint    ] Safepoint "Cleanup", Time since last: 1000233427 ns, Reaching safepoint: 111951 ns, At safepoint: 7571 ns, Total: 119522 ns
[2020-09-11T15:51:49.793+0000][1][safepoint    ] Safepoint "Cleanup", Time since last: 1000179870 ns, Reaching safepoint: 159884 ns, At safepoint: 17607 ns, Total: 177491 ns
[2020-09-11T15:51:50.793+0000][1][safepoint    ] Safepoint "Cleanup", Time since last: 1000239146 ns, Reaching safepoint: 109590 ns, At safepoint: 7942 ns, Total: 117532 ns
[2020-09-11T15:51:51.793+0000][1][safepoint    ] Safepoint "Cleanup", Time since last: 1000176378 ns, Reaching safepoint: 111859 ns, At safepoint: 6888 ns, Total: 118747 ns
[2020-09-11T15:51:52.793+0000][1][safepoint    ] Safepoint "Cleanup", Time since last: 1000166297 ns, Reaching safepoint: 117835 ns, At safepoint: 9602 ns, Total: 127437 ns
[2020-09-11T15:51:53.682+0000][1][safepoint    ] Safepoint "RevokeBias", Time since last: 887676198 ns, Reaching safepoint: 276750 ns, At safepoint: 260555 ns, Total: 537305 ns
[2020-09-11T15:51:54.682+0000][1][safepoint    ] Safepoint "Cleanup", Time since last: 1000207971 ns, Reaching safepoint: 116504 ns, At safepoint: 7845 ns, Total: 124349 ns
[2020-09-11T15:51:55.682+0000][1][safepoint    ] Safepoint "Cleanup", Time since last: 1000150754 ns, Reaching safepoint: 163689 ns, At safepoint: 18439 ns, Total: 182128 ns
[2020-09-11T15:51:56.683+0000][1][safepoint    ] Safepoint "Cleanup", Time since last: 1000227009 ns, Reaching safepoint: 171718 ns, At safepoint: 20426 ns, Total: 192144 ns
[2020-09-11T15:51:57.683+0000][1][safepoint    ] Safepoint "Cleanup", Time since last: 1000214560 ns, Reaching safepoint: 104582 ns, At safepoint: 7598 ns, Total: 112180 ns
[2020-09-11T15:51:58.683+0000][1][safepoint    ] Safepoint "Cleanup", Time since last: 1000172930 ns, Reaching safepoint: 169743 ns, At safepoint: 20544 ns, Total: 190287 ns
[2020-09-11T15:51:59.684+0000][1][safepoint    ] Safepoint "Cleanup", Time since last: 1000203686 ns, Reaching safepoint: 157969 ns, At safepoint: 17841 ns, Total: 175810 ns
[2020-09-11T15:52:00.684+0000][1][safepoint    ] Safepoint "Cleanup", Time since last: 1000216802 ns, Reaching safepoint: 112393 ns, At safepoint: 7926 ns, Total: 120319 ns
[2020-09-11T15:52:01.685+0000][1][safepoint    ] Safepoint "Cleanup", Time since last: 1000173231 ns, Reaching safepoint: 163044 ns, At safepoint: 19999 ns, Total: 183043 ns
[2020-09-11T15:52:02.685+0000][1][safepoint    ] Safepoint "Cleanup", Time since last: 1000218635 ns, Reaching safepoint: 174437 ns, At safepoint: 21011 ns, Total: 195448 ns
[2020-09-11T15:52:03.209+0000][1][gc,start     ] GC(112) Pause Young (Allocation Failure)
[2020-09-11T15:52:03.210+0000][1][gc,task      ] GC(112) Using 1 workers of 1 for evacuation
[2020-09-11T15:52:03.224+0000][1][gc,age       ] GC(112) Desired survivor size 4358144 bytes, new threshold 6 (max threshold 6)
[2020-09-11T15:52:03.224+0000][1][gc,age       ] GC(112) Age table with threshold 6 (max threshold 6)
[2020-09-11T15:52:03.224+0000][1][gc,age       ] GC(112) - age   1:     250512 bytes,     250512 total
[2020-09-11T15:52:03.224+0000][1][gc,age       ] GC(112) - age   2:     384712 bytes,     635224 total
[2020-09-11T15:52:03.224+0000][1][gc,age       ] GC(112) - age   3:      17696 bytes,     652920 total
[2020-09-11T15:52:03.224+0000][1][gc,age       ] GC(112) - age   4:      16680 bytes,     669600 total
[2020-09-11T15:52:03.224+0000][1][gc,age       ] GC(112) - age   5:      40176 bytes,     709776 total
[2020-09-11T15:52:03.224+0000][1][gc,age       ] GC(112) - age   6:       8776 bytes,     718552 total
[2020-09-11T15:52:03.224+0000][1][gc,heap      ] GC(112) ParNew: 69016K->1299K(76672K)
[2020-09-11T15:52:03.224+0000][1][gc,heap      ] GC(112) CMS: 126025K->126033K(2011968K)
[2020-09-11T15:52:03.224+0000][1][gc,metaspace ] GC(112) Metaspace: 97485K->97485K(1138688K)
[2020-09-11T15:52:03.224+0000][1][gc           ] GC(112) Pause Young (Allocation Failure) 190M->124M(2039M) 14.579ms
[2020-09-11T15:52:03.224+0000][1][gc,cpu       ] GC(112) User=0.02s Sys=0.00s Real=0.02s
[2020-09-11T15:52:03.224+0000][1][safepoint    ] Safepoint "GenCollectForAllocation", Time since last: 524209489 ns, Reaching safepoint: 276982 ns, At safepoint: 14730600 ns, Total: 15007582 ns
[2020-09-11T15:52:03.730+0000][1][safepoint    ] Safepoint "RevokeBias", Time since last: 505481637 ns, Reaching safepoint: 301459 ns, At safepoint: 277375 ns, Total: 578834 ns
[2020-09-11T15:52:04.731+0000][1][safepoint    ] Safepoint "Cleanup", Time since last: 1000195759 ns, Reaching safepoint: 121932 ns, At safepoint: 8414 ns, Total: 130346 ns
[2020-09-11T15:52:05.731+0000][1][safepoint    ] Safepoint "Cleanup", Time since last: 1000127894 ns, Reaching safepoint: 93955 ns, At safepoint: 7222 ns, Total: 101177 ns
[2020-09-11T15:52:06.731+0000][1][safepoint    ] Safepoint "Cleanup", Time since last: 1000151814 ns, Reaching safepoint: 169101 ns, At safepoint: 17447 ns, Total: 186548 ns
[2020-09-11T15:52:07.732+0000][1][safepoint    ] Safepoint "Cleanup", Time since last: 1000203961 ns, Reaching safepoint: 170168 ns, At safepoint: 18452 ns, Total: 188620 ns
[2020-09-11T15:52:08.732+0000][1][safepoint    ] Safepoint "Cleanup", Time since last: 1000246299 ns, Reaching safepoint: 114677 ns, At safepoint: 7117 ns, Total: 121794 ns
[2020-09-11T15:52:09.732+0000][1][safepoint    ] Safepoint "Cleanup", Time since last: 1000186380 ns, Reaching safepoint: 161250 ns, At safepoint: 18285 ns, Total: 179535 ns
[2020-09-11T15:52:10.733+0000][1][safepoint    ] Safepoint "Cleanup", Time since last: 1000209585 ns, Reaching safepoint: 177875 ns, At safepoint: 19592 ns, Total: 197467 ns
[2020-09-11T15:52:11.733+0000][1][safepoint    ] Safepoint "Cleanup", Time since last: 1000241417 ns, Reaching safepoint: 170545 ns, At safepoint: 15556 ns, Total: 186101 ns
[2020-09-11T15:52:12.733+0000][1][safepoint    ] Safepoint "Cleanup", Time since last: 1000151360 ns, Reaching safepoint: 108480 ns, At safepoint: 9770 ns, Total: 118250 ns
[2020-09-11T15:52:13.696+0000][1][safepoint    ] Safepoint "RevokeBias", Time since last: 961593837 ns, Reaching safepoint: 298990 ns, At safepoint: 287701 ns, Total: 586691 ns
[2020-09-11T15:52:14.696+0000][1][safepoint    ] Safepoint "Cleanup", Time since last: 1000206718 ns, Reaching safepoint: 123405 ns, At safepoint: 9544 ns, Total: 132949 ns
[2020-09-11T15:52:15.696+0000][1][safepoint    ] Safepoint "Cleanup", Time since last: 1000171371 ns, Reaching safepoint: 122703 ns, At safepoint: 8513 ns, Total: 131216 ns
[2020-09-11T15:52:16.697+0000][1][safepoint    ] Safepoint "Cleanup", Time since last: 1000196317 ns, Reaching safepoint: 116735 ns, At safepoint: 7487 ns, Total: 124222 ns
[2020-09-11T15:52:17.697+0000][1][safepoint    ] Safepoint "Cleanup", Time since last: 1000172750 ns, Reaching safepoint: 130134 ns, At safepoint: 6615 ns, Total: 136749 ns
[2020-09-11T15:52:22.698+0000][1][safepoint    ] Safepoint "Cleanup", Time since last: 5000964583 ns, Reaching safepoint: 126170 ns, At safepoint: 6895 ns, Total: 133065 ns
[2020-09-11T15:52:23.701+0000][1][safepoint    ] Safepoint "Cleanup", Time since last: 1001072588 ns, Reaching safepoint: 1863808 ns, At safepoint: 14389 ns, Total: 1878197 ns
[2020-09-11T15:52:23.772+0000][1][safepoint    ] Safepoint "RevokeBias", Time since last: 71357263 ns, Reaching safepoint: 247922 ns, At safepoint: 20151 ns, Total: 268073 ns
[2020-09-11T15:52:23.841+0000][1][gc,start     ] GC(113) Pause Young (Allocation Failure)
[2020-09-11T15:52:23.841+0000][1][gc,task      ] GC(113) Using 1 workers of 1 for evacuation
[2020-09-11T15:52:23.856+0000][1][gc,age       ] GC(113) Desired survivor size 4358144 bytes, new threshold 6 (max threshold 6)
[2020-09-11T15:52:23.856+0000][1][gc,age       ] GC(113) Age table with threshold 6 (max threshold 6)
[2020-09-11T15:52:23.856+0000][1][gc,age       ] GC(113) - age   1:     596280 bytes,     596280 total
[2020-09-11T15:52:23.856+0000][1][gc,age       ] GC(113) - age   2:      49120 bytes,     645400 total
[2020-09-11T15:52:23.856+0000][1][gc,age       ] GC(113) - age   3:     380048 bytes,    1025448 total
[2020-09-11T15:52:23.856+0000][1][gc,age       ] GC(113) - age   4:      17656 bytes,    1043104 total
[2020-09-11T15:52:23.856+0000][1][gc,age       ] GC(113) - age   5:       9192 bytes,    1052296 total
[2020-09-11T15:52:23.856+0000][1][gc,age       ] GC(113) - age   6:      40176 bytes,    1092472 total
[2020-09-11T15:52:23.856+0000][1][gc,heap      ] GC(113) ParNew: 69459K->1276K(76672K)
[2020-09-11T15:52:23.856+0000][1][gc,heap      ] GC(113) CMS: 126033K->126041K(2011968K)
[2020-09-11T15:52:23.856+0000][1][gc,metaspace ] GC(113) Metaspace: 97510K->97510K(1138688K)
[2020-09-11T15:52:23.856+0000][1][gc           ] GC(113) Pause Young (Allocation Failure) 190M->124M(2039M) 14.622ms
[2020-09-11T15:52:23.856+0000][1][gc,cpu       ] GC(113) User=0.02s Sys=0.00s Real=0.01s
[2020-09-11T15:52:23.856+0000][1][safepoint    ] Safepoint "GenCollectForAllocation", Time since last: 68607424 ns, Reaching safepoint: 205272 ns, At safepoint: 14691880 ns, Total: 14897152 ns
[2020-09-11T15:52:26.864+0000][1][safepoint    ] Safepoint "Cleanup", Time since last: 3007521699 ns, Reaching safepoint: 177558 ns, At safepoint: 17500 ns, Total: 195058 ns
[2020-09-11T15:52:32.865+0000][1][safepoint    ] Safepoint "Cleanup", Time since last: 6001487741 ns, Reaching safepoint: 124328 ns, At safepoint: 10181 ns, Total: 134509 ns
[2020-09-11T15:52:33.702+0000][1][safepoint    ] Safepoint "RevokeBias", Time since last: 836081202 ns, Reaching safepoint: 241380 ns, At safepoint: 23083 ns, Total: 264463 ns
[2020-09-11T15:52:34.702+0000][1][safepoint    ] Safepoint "Cleanup", Time since last: 1000193966 ns, Reaching safepoint: 197186 ns, At safepoint: 22441 ns, Total: 219627 ns
[2020-09-11T15:52:36.706+0000][1][safepoint    ] Safepoint "Cleanup", Time since last: 2003422743 ns, Reaching safepoint: 177130 ns, At safepoint: 16885 ns, Total: 194015 ns
[2020-09-11T15:52:43.707+0000][1][safepoint    ] Safepoint "Cleanup", Time since last: 7000804521 ns, Reaching safepoint: 259338 ns, At safepoint: 7341 ns, Total: 266679 ns
[2020-09-11T15:52:43.756+0000][1][safepoint    ] Safepoint "RevokeBias", Time since last: 47429982 ns, Reaching safepoint: 1582821 ns, At safepoint: 220543 ns, Total: 1803364 ns
[2020-09-11T15:52:44.756+0000][1][safepoint    ] Safepoint "Cleanup", Time since last: 1000128548 ns, Reaching safepoint: 101279 ns, At safepoint: 9636 ns, Total: 110915 ns
[2020-09-11T15:52:45.756+0000][1][safepoint    ] Safepoint "Cleanup", Time since last: 1000132705 ns, Reaching safepoint: 96514 ns, At safepoint: 7751 ns, Total: 104265 ns
[2020-09-11T15:52:46.074+0000][1][gc,start     ] GC(114) Pause Young (Allocation Failure)
[2020-09-11T15:52:46.075+0000][1][gc,task      ] GC(114) Using 1 workers of 1 for evacuation
[2020-09-11T15:52:46.102+0000][1][gc,age       ] GC(114) Desired survivor size 4358144 bytes, new threshold 6 (max threshold 6)
[2020-09-11T15:52:46.102+0000][1][gc,age       ] GC(114) Age table with threshold 6 (max threshold 6)
[2020-09-11T15:52:46.102+0000][1][gc,age       ] GC(114) - age   1:     224240 bytes,     224240 total
[2020-09-11T15:52:46.102+0000][1][gc,age       ] GC(114) - age   2:      98200 bytes,     322440 total
[2020-09-11T15:52:46.102+0000][1][gc,age       ] GC(114) - age   3:      44984 bytes,     367424 total
[2020-09-11T15:52:46.102+0000][1][gc,age       ] GC(114) - age   4:     266328 bytes,     633752 total
[2020-09-11T15:52:46.102+0000][1][gc,age       ] GC(114) - age   5:       7360 bytes,     641112 total
[2020-09-11T15:52:46.102+0000][1][gc,age       ] GC(114) - age   6:       6744 bytes,     647856 total
[2020-09-11T15:52:46.102+0000][1][gc,heap      ] GC(114) ParNew: 69436K->906K(76672K)
[2020-09-11T15:52:46.102+0000][1][gc,heap      ] GC(114) CMS: 126041K->126080K(2011968K)
[2020-09-11T15:52:46.102+0000][1][gc,metaspace ] GC(114) Metaspace: 97537K->97537K(1138688K)
[2020-09-11T15:52:46.102+0000][1][gc           ] GC(114) Pause Young (Allocation Failure) 190M->124M(2039M) 27.802ms
[2020-09-11T15:52:46.102+0000][1][gc,cpu       ] GC(114) User=0.02s Sys=0.00s Real=0.03s
[2020-09-11T15:52:46.105+0000][1][safepoint    ] Safepoint "GenCollectForAllocation", Time since last: 317855429 ns, Reaching safepoint: 86468 ns, At safepoint: 30448912 ns, Total: 30535380 ns
[2020-09-11T15:52:50.117+0000][1][safepoint    ] Safepoint "Cleanup", Time since last: 4011516450 ns, Reaching safepoint: 471836 ns, At safepoint: 12053 ns, Total: 483889 ns
[2020-09-11T15:52:53.736+0000][1][safepoint    ] Safepoint "RevokeBias", Time since last: 3618104877 ns, Reaching safepoint: 1158812 ns, At safepoint: 251808 ns, Total: 1410620 ns
[2020-09-11T15:52:58.740+0000][1][safepoint    ] Safepoint "Cleanup", Time since last: 5003713290 ns, Reaching safepoint: 104722 ns, At safepoint: 7527 ns, Total: 112249 ns
[2020-09-11T15:53:00.741+0000][1][safepoint    ] Safepoint "Cleanup", Time since last: 2000185850 ns, Reaching safepoint: 98031 ns, At safepoint: 6895 ns, Total: 104926 ns
[2020-09-11T15:53:02.742+0000][1][safepoint    ] Safepoint "Cleanup", Time since last: 2001356344 ns, Reaching safepoint: 91696 ns, At safepoint: 6879 ns, Total: 98575 ns
[2020-09-11T15:53:03.742+0000][1][safepoint    ] Safepoint "Cleanup", Time since last: 1000185300 ns, Reaching safepoint: 221053 ns, At safepoint: 8314 ns, Total: 229367 ns
[2020-09-11T15:53:03.744+0000][1][safepoint    ] Safepoint "RevokeBias", Time since last: 1075171 ns, Reaching safepoint: 195350 ns, At safepoint: 243921 ns, Total: 439271 ns
[2020-09-11T15:53:04.744+0000][1][safepoint    ] Safepoint "Cleanup", Time since last: 1000109076 ns, Reaching safepoint: 93073 ns, At safepoint: 7163 ns, Total: 100236 ns
[2020-09-11T15:53:09.745+0000][1][safepoint    ] Safepoint "Cleanup", Time since last: 5000406525 ns, Reaching safepoint: 103270 ns, At safepoint: 7136 ns, Total: 110406 ns
[2020-09-11T15:53:10.745+0000][1][safepoint    ] Safepoint "Cleanup", Time since last: 1000121326 ns, Reaching safepoint: 92763 ns, At safepoint: 6972 ns, Total: 99735 ns
[2020-09-11T15:53:11.745+0000][1][safepoint    ] Safepoint "Cleanup", Time since last: 1000114366 ns, Reaching safepoint: 94281 ns, At safepoint: 7026 ns, Total: 101307 ns
[2020-09-11T15:53:12.015+0000][1][gc,start     ] GC(115) Pause Young (Allocation Failure)
[2020-09-11T15:53:12.015+0000][1][gc,task      ] GC(115) Using 1 workers of 1 for evacuation
[2020-09-11T15:53:12.042+0000][1][gc,age       ] GC(115) Desired survivor size 4358144 bytes, new threshold 6 (max threshold 6)
[2020-09-11T15:53:12.042+0000][1][gc,age       ] GC(115) Age table with threshold 6 (max threshold 6)
[2020-09-11T15:53:12.042+0000][1][gc,age       ] GC(115) - age   1:     335840 bytes,     335840 total
[2020-09-11T15:53:12.042+0000][1][gc,age       ] GC(115) - age   2:     155632 bytes,     491472 total
[2020-09-11T15:53:12.042+0000][1][gc,age       ] GC(115) - age   3:      81744 bytes,     573216 total
[2020-09-11T15:53:12.042+0000][1][gc,age       ] GC(115) - age   4:      44712 bytes,     617928 total
[2020-09-11T15:53:12.042+0000][1][gc,age       ] GC(115) - age   5:      69720 bytes,     687648 total
[2020-09-11T15:53:12.042+0000][1][gc,age       ] GC(115) - age   6:       7360 bytes,     695008 total
[2020-09-11T15:53:12.042+0000][1][gc,heap      ] GC(115) ParNew: 69066K->701K(76672K)
[2020-09-11T15:53:12.042+0000][1][gc,heap      ] GC(115) CMS: 126080K->126087K(2011968K)
[2020-09-11T15:53:12.042+0000][1][gc,metaspace ] GC(115) Metaspace: 97582K->97582K(1138688K)
[2020-09-11T15:53:12.043+0000][1][gc           ] GC(115) Pause Young (Allocation Failure) 190M->123M(2039M) 27.868ms
[2020-09-11T15:53:12.043+0000][1][gc,cpu       ] GC(115) User=0.01s Sys=0.00s Real=0.03s
[2020-09-11T15:53:12.045+0000][1][safepoint    ] Safepoint "GenCollectForAllocation", Time since last: 269380166 ns, Reaching safepoint: 178353 ns, At safepoint: 30040912 ns, Total: 30219265 ns
[2020-09-11T15:53:13.744+0000][1][safepoint    ] Safepoint "RevokeBias", Time since last: 1696533064 ns, Reaching safepoint: 2268697 ns, At safepoint: 265532 ns, Total: 2534229 ns
[2020-09-11T15:53:14.744+0000][1][safepoint    ] Safepoint "Cleanup", Time since last: 1000111486 ns, Reaching safepoint: 95599 ns, At safepoint: 9520 ns, Total: 105119 ns
[2020-09-11T15:53:15.744+0000][1][safepoint    ] Safepoint "Cleanup", Time since last: 1000122084 ns, Reaching safepoint: 87502 ns, At safepoint: 9293 ns, Total: 96795 ns
[2020-09-11T15:53:18.745+0000][1][safepoint    ] Safepoint "Cleanup", Time since last: 3001057537 ns, Reaching safepoint: 97709 ns, At safepoint: 7143 ns, Total: 104852 ns
[2020-09-11T15:53:20.746+0000][1][safepoint    ] Safepoint "Cleanup", Time since last: 2000185342 ns, Reaching safepoint: 105408 ns, At safepoint: 9336 ns, Total: 114744 ns
[2020-09-11T15:53:21.746+0000][1][safepoint    ] Safepoint "Cleanup", Time since last: 1000600140 ns, Reaching safepoint: 103929 ns, At safepoint: 10298 ns, Total: 114227 ns
[2020-09-11T15:53:22.747+0000][1][safepoint    ] Safepoint "Cleanup", Time since last: 1000102639 ns, Reaching safepoint: 101478 ns, At safepoint: 7311 ns, Total: 108789 ns
[2020-09-11T15:53:22.809+0000][1][safepoint    ] Safepoint "RevokeBias", Time since last: 60090175 ns, Reaching safepoint: 2221218 ns, At safepoint: 62696 ns, Total: 2283914 ns
[2020-09-11T15:53:22.813+0000][1][safepoint    ] Safepoint "RevokeBias", Time since last: 715394 ns, Reaching safepoint: 3224280 ns, At safepoint: 54120 ns, Total: 3278400 ns
[2020-09-11T15:53:22.815+0000][1][safepoint    ] Safepoint "RevokeBias", Time since last: 1756386 ns, Reaching safepoint: 224012 ns, At safepoint: 43279 ns, Total: 267291 ns
[2020-09-11T15:53:22.817+0000][1][safepoint    ] Safepoint "RevokeBias", Time since last: 1034186 ns, Reaching safepoint: 845690 ns, At safepoint: 23439 ns, Total: 869129 ns
[2020-09-11T15:53:22.821+0000][1][safepoint    ] Safepoint "RevokeBias", Time since last: 281727 ns, Reaching safepoint: 3714406 ns, At safepoint: 28175 ns, Total: 3742581 ns
[2020-09-11T15:53:22.823+0000][1][safepoint    ] Safepoint "RevokeBias", Time since last: 1624839 ns, Reaching safepoint: 133388 ns, At safepoint: 28960 ns, Total: 162348 ns
[2020-09-11T15:53:22.823+0000][1][safepoint    ] Safepoint "RevokeBias", Time since last: 644861 ns, Reaching safepoint: 117626 ns, At safepoint: 26083 ns, Total: 143709 ns
[2020-09-11T15:53:22.826+0000][1][safepoint    ] Safepoint "RevokeBias", Time since last: 1325610 ns, Reaching safepoint: 1597556 ns, At safepoint: 21732 ns, Total: 1619288 ns
[2020-09-11T15:53:22.828+0000][1][safepoint    ] Safepoint "RevokeBias", Time since last: 862989 ns, Reaching safepoint: 818890 ns, At safepoint: 19643 ns, Total: 838533 ns
[2020-09-11T15:53:22.830+0000][1][safepoint    ] Safepoint "RevokeBias", Time since last: 1345749 ns, Reaching safepoint: 410371 ns, At safepoint: 17382 ns, Total: 427753 ns
[2020-09-11T15:53:23.837+0000][1][safepoint    ] Safepoint "Cleanup", Time since last: 1005866825 ns, Reaching safepoint: 1197518 ns, At safepoint: 10961 ns, Total: 1208479 ns
[2020-09-11T15:53:23.947+0000][1][safepoint    ] Safepoint "RevokeBias", Time since last: 108030277 ns, Reaching safepoint: 1601171 ns, At safepoint: 278910 ns, Total: 1880081 ns
[2020-09-11T15:53:24.172+0000][1][gc,start     ] GC(116) Pause Young (Allocation Failure)
[2020-09-11T15:53:24.172+0000][1][gc,task      ] GC(116) Using 1 workers of 1 for evacuation
[2020-09-11T15:53:24.235+0000][1][gc,age       ] GC(116) Desired survivor size 4358144 bytes, new threshold 6 (max threshold 6)
[2020-09-11T15:53:24.235+0000][1][gc,age       ] GC(116) Age table with threshold 6 (max threshold 6)
[2020-09-11T15:53:24.235+0000][1][gc,age       ] GC(116) - age   1:     849288 bytes,     849288 total
[2020-09-11T15:53:24.235+0000][1][gc,age       ] GC(116) - age   2:     258248 bytes,    1107536 total
[2020-09-11T15:53:24.235+0000][1][gc,age       ] GC(116) - age   3:     152608 bytes,    1260144 total
[2020-09-11T15:53:24.235+0000][1][gc,age       ] GC(116) - age   4:      81744 bytes,    1341888 total
[2020-09-11T15:53:24.235+0000][1][gc,age       ] GC(116) - age   5:      44712 bytes,    1386600 total
[2020-09-11T15:53:24.235+0000][1][gc,age       ] GC(116) - age   6:       9240 bytes,    1395840 total
[2020-09-11T15:53:24.235+0000][1][gc,heap      ] GC(116) ParNew: 68861K->1368K(76672K)
[2020-09-11T15:53:24.235+0000][1][gc,heap      ] GC(116) CMS: 126087K->126094K(2011968K)
[2020-09-11T15:53:24.235+0000][1][gc,metaspace ] GC(116) Metaspace: 97686K->97686K(1138688K)
[2020-09-11T15:53:24.235+0000][1][gc           ] GC(116) Pause Young (Allocation Failure) 190M->124M(2039M) 63.716ms
[2020-09-11T15:53:24.235+0000][1][gc,cpu       ] GC(116) User=0.01s Sys=0.00s Real=0.07s
[2020-09-11T15:53:24.237+0000][1][safepoint    ] Safepoint "GenCollectForAllocation", Time since last: 222057379 ns, Reaching safepoint: 2622828 ns, At safepoint: 65277722 ns, Total: 67900550 ns
[2020-09-11T15:53:25.257+0000][1][safepoint    ] Safepoint "Cleanup", Time since last: 1020114114 ns, Reaching safepoint: 92285 ns, At safepoint: 6442 ns, Total: 98727 ns
[2020-09-11T15:53:26.257+0000][1][safepoint    ] Safepoint "Cleanup", Time since last: 1000079212 ns, Reaching safepoint: 115172 ns, At safepoint: 5587 ns, Total: 120759 ns
[2020-09-11T15:53:27.258+0000][1][safepoint    ] Safepoint "Cleanup", Time since last: 1000243377 ns, Reaching safepoint: 152794 ns, At safepoint: 19832 ns, Total: 172626 ns
[2020-09-11T15:53:29.258+0000][1][safepoint    ] Safepoint "Cleanup", Time since last: 2000273551 ns, Reaching safepoint: 117446 ns, At safepoint: 12432 ns, Total: 129878 ns
[2020-09-11T15:53:29.941+0000][1][safepoint    ] Safepoint "RevokeBias", Time since last: 681788729 ns, Reaching safepoint: 1023137 ns, At safepoint: 22560 ns, Total: 1045697 ns
[2020-09-11T15:53:29.945+0000][1][safepoint    ] Safepoint "RevokeBias", Time since last: 1352612 ns, Reaching safepoint: 2621303 ns, At safepoint: 23103 ns, Total: 2644406 ns
[2020-09-11T15:53:29.948+0000][1][safepoint    ] Safepoint "RevokeBias", Time since last: 72605 ns, Reaching safepoint: 2839908 ns, At safepoint: 22237 ns, Total: 2862145 ns
[2020-09-11T15:53:29.961+0000][1][safepoint    ] Safepoint "RevokeBias", Time since last: 13305409 ns, Reaching safepoint: 147531 ns, At safepoint: 18732 ns, Total: 166263 ns
[2020-09-11T15:53:29.966+0000][1][safepoint    ] Safepoint "RevokeBias", Time since last: 4914372 ns, Reaching safepoint: 85991 ns, At safepoint: 18117 ns, Total: 104108 ns
[2020-09-11T15:53:29.967+0000][1][safepoint    ] Safepoint "BulkRevokeBias", Time since last: 200810 ns, Reaching safepoint: 31264 ns, At safepoint: 219432 ns, Total: 250696 ns
[2020-09-11T15:53:29.967+0000][1][safepoint    ] Safepoint "RevokeBias", Time since last: 475102 ns, Reaching safepoint: 36187 ns, At safepoint: 11344 ns, Total: 47531 ns
[2020-09-11T15:53:29.967+0000][1][safepoint    ] Safepoint "RevokeBias", Time since last: 94454 ns, Reaching safepoint: 30331 ns, At safepoint: 9988 ns, Total: 40319 ns
[2020-09-11T15:53:29.968+0000][1][safepoint    ] Safepoint "RevokeBias", Time since last: 96172 ns, Reaching safepoint: 31643 ns, At safepoint: 9312 ns, Total: 40955 ns
[2020-09-11T15:53:30.969+0000][1][safepoint    ] Safepoint "Cleanup", Time since last: 1001224370 ns, Reaching safepoint: 107691 ns, At safepoint: 9790 ns, Total: 117481 ns
[2020-09-11T15:53:31.969+0000][1][safepoint    ] Safepoint "Cleanup", Time since last: 1000178680 ns, Reaching safepoint: 198843 ns, At safepoint: 19802 ns, Total: 218645 ns
[2020-09-11T15:53:32.970+0000][1][safepoint    ] Safepoint "Cleanup", Time since last: 1000189869 ns, Reaching safepoint: 240933 ns, At safepoint: 17112 ns, Total: 258045 ns
[2020-09-11T15:53:33.742+0000][1][safepoint    ] Safepoint "RevokeBias", Time since last: 771703744 ns, Reaching safepoint: 267284 ns, At safepoint: 259686 ns, Total: 526970 ns
[2020-09-11T15:53:33.871+0000][1][safepoint    ] Safepoint "RevokeBias", Time since last: 127621517 ns, Reaching safepoint: 1701914 ns, At safepoint: 44205 ns, Total: 1746119 ns
[2020-09-11T15:53:34.104+0000][1][safepoint    ] Safepoint "RevokeBias", Time since last: 232746672 ns, Reaching safepoint: 252730 ns, At safepoint: 38799 ns, Total: 291529 ns
[2020-09-11T15:53:34.105+0000][1][safepoint    ] Safepoint "RevokeBias", Time since last: 132872 ns, Reaching safepoint: 125942 ns, At safepoint: 31302 ns, Total: 157244 ns
[2020-09-11T15:53:34.105+0000][1][safepoint    ] Safepoint "RevokeBias", Time since last: 188923 ns, Reaching safepoint: 111486 ns, At safepoint: 29300 ns, Total: 140786 ns
[2020-09-11T15:53:34.105+0000][1][safepoint    ] Safepoint "RevokeBias", Time since last: 130794 ns, Reaching safepoint: 107573 ns, At safepoint: 28502 ns, Total: 136075 ns
[2020-09-11T15:53:34.336+0000][1][safepoint    ] Safepoint "RevokeBias", Time since last: 230300474 ns, Reaching safepoint: 690579 ns, At safepoint: 24948 ns, Total: 715527 ns
[2020-09-11T15:53:34.337+0000][1][safepoint    ] Safepoint "RevokeBias", Time since last: 184885 ns, Reaching safepoint: 313226 ns, At safepoint: 18323 ns, Total: 331549 ns
[2020-09-11T15:53:34.340+0000][1][safepoint    ] Safepoint "RevokeBias", Time since last: 46531 ns, Reaching safepoint: 2876708 ns, At safepoint: 21855 ns, Total: 2898563 ns
[2020-09-11T15:53:35.082+0000][1][safepoint    ] Safepoint "RevokeBias", Time since last: 742046791 ns, Reaching safepoint: 92537 ns, At safepoint: 19149 ns, Total: 111686 ns
[2020-09-11T15:53:35.082+0000][1][safepoint    ] Safepoint "RevokeBias", Time since last: 66541 ns, Reaching safepoint: 32141 ns, At safepoint: 10832 ns, Total: 42973 ns
[2020-09-11T15:53:35.338+0000][1][safepoint    ] Safepoint "RevokeBias", Time since last: 255435573 ns, Reaching safepoint: 91513 ns, At safepoint: 18560 ns, Total: 110073 ns
[2020-09-11T15:53:35.338+0000][1][safepoint    ] Safepoint "RevokeBias", Time since last: 589563 ns, Reaching safepoint: 39181 ns, At safepoint: 11832 ns, Total: 51013 ns
[2020-09-11T15:53:35.340+0000][1][safepoint    ] Safepoint "RevokeBias", Time since last: 1787990 ns, Reaching safepoint: 169167 ns, At safepoint: 18244 ns, Total: 187411 ns
[2020-09-11T15:53:35.611+0000][1][safepoint    ] Safepoint "BulkRevokeBias", Time since last: 270287047 ns, Reaching safepoint: 85526 ns, At safepoint: 214388 ns, Total: 299914 ns
[2020-09-11T15:53:35.833+0000][1][safepoint    ] Safepoint "RevokeBias", Time since last: 221673497 ns, Reaching safepoint: 175952 ns, At safepoint: 21039 ns, Total: 196991 ns
[2020-09-11T15:53:35.833+0000][1][safepoint    ] Safepoint "RevokeBias", Time since last: 101762 ns, Reaching safepoint: 77222 ns, At safepoint: 13146 ns, Total: 90368 ns
[2020-09-11T15:53:35.833+0000][1][safepoint    ] Safepoint "RevokeBias", Time since last: 46372 ns, Reaching safepoint: 110387 ns, At safepoint: 11939 ns, Total: 122326 ns
[2020-09-11T15:53:35.833+0000][1][safepoint    ] Safepoint "RevokeBias", Time since last: 39805 ns, Reaching safepoint: 107772 ns, At safepoint: 11685 ns, Total: 119457 ns
[2020-09-11T15:53:35.833+0000][1][safepoint    ] Safepoint "RevokeBias", Time since last: 215108 ns, Reaching safepoint: 109139 ns, At safepoint: 12100 ns, Total: 121239 ns
[2020-09-11T15:53:35.834+0000][1][safepoint    ] Safepoint "RevokeBias", Time since last: 78888 ns, Reaching safepoint: 107967 ns, At safepoint: 11996 ns, Total: 119963 ns
[2020-09-11T15:53:35.834+0000][1][safepoint    ] Safepoint "RevokeBias", Time since last: 71401 ns, Reaching safepoint: 106671 ns, At safepoint: 11745 ns, Total: 118416 ns
[2020-09-11T15:53:35.834+0000][1][safepoint    ] Safepoint "RevokeBias", Time since last: 49234 ns, Reaching safepoint: 108877 ns, At safepoint: 12845 ns, Total: 121722 ns
[2020-09-11T15:53:36.834+0000][1][safepoint    ] Safepoint "Cleanup", Time since last: 1000157706 ns, Reaching safepoint: 221669 ns, At safepoint: 21168 ns, Total: 242837 ns
[2020-09-11T15:53:37.835+0000][1][safepoint    ] Safepoint "Cleanup", Time since last: 1000161891 ns, Reaching safepoint: 93455 ns, At safepoint: 11055 ns, Total: 104510 ns
[2020-09-11T15:53:38.752+0000][1][gc,start     ] GC(117) Pause Young (Allocation Failure)
[2020-09-11T15:53:38.752+0000][1][gc,task      ] GC(117) Using 1 workers of 1 for evacuation
[2020-09-11T15:53:38.779+0000][1][gc,age       ] GC(117) Desired survivor size 4358144 bytes, new threshold 6 (max threshold 6)
[2020-09-11T15:53:38.779+0000][1][gc,age       ] GC(117) Age table with threshold 6 (max threshold 6)
[2020-09-11T15:53:38.779+0000][1][gc,age       ] GC(117) - age   1:     327472 bytes,     327472 total
[2020-09-11T15:53:38.779+0000][1][gc,age       ] GC(117) - age   2:     315472 bytes,     642944 total
[2020-09-11T15:53:38.779+0000][1][gc,age       ] GC(117) - age   3:     247120 bytes,     890064 total
[2020-09-11T15:53:38.779+0000][1][gc,age       ] GC(117) - age   4:     149512 bytes,    1039576 total
[2020-09-11T15:53:38.779+0000][1][gc,age       ] GC(117) - age   5:      77064 bytes,    1116640 total
[2020-09-11T15:53:38.779+0000][1][gc,age       ] GC(117) - age   6:       6096 bytes,    1122736 total
[2020-09-11T15:53:38.779+0000][1][gc,heap      ] GC(117) ParNew: 69528K->1193K(76672K)
[2020-09-11T15:53:38.779+0000][1][gc,heap      ] GC(117) CMS: 126094K->126103K(2011968K)
[2020-09-11T15:53:38.779+0000][1][gc,metaspace ] GC(117) Metaspace: 97814K->97814K(1138688K)
[2020-09-11T15:53:38.779+0000][1][gc           ] GC(117) Pause Young (Allocation Failure) 191M->124M(2039M) 26.728ms
[2020-09-11T15:53:38.779+0000][1][gc,cpu       ] GC(117) User=0.01s Sys=0.00s Real=0.03s
[2020-09-11T15:53:38.779+0000][1][safepoint    ] Safepoint "GenCollectForAllocation", Time since last: 917485862 ns, Reaching safepoint: 175617 ns, At safepoint: 26861970 ns, Total: 27037587 ns
[2020-09-11T15:53:39.807+0000][1][safepoint    ] Safepoint "Cleanup", Time since last: 1027124027 ns, Reaching safepoint: 218966 ns, At safepoint: 19491 ns, Total: 238457 ns
[2020-09-11T15:53:40.807+0000][1][safepoint    ] Safepoint "Cleanup", Time since last: 1000219792 ns, Reaching safepoint: 121520 ns, At safepoint: 9414 ns, Total: 130934 ns
[2020-09-11T15:53:41.807+0000][1][safepoint    ] Safepoint "Cleanup", Time since last: 1000169506 ns, Reaching safepoint: 125635 ns, At safepoint: 9522 ns, Total: 135157 ns
[2020-09-11T15:53:42.808+0000][1][safepoint    ] Safepoint "Cleanup", Time since last: 1000166206 ns, Reaching safepoint: 177674 ns, At safepoint: 19952 ns, Total: 197626 ns
[2020-09-11T15:53:43.719+0000][1][safepoint    ] Safepoint "RevokeBias", Time since last: 911433022 ns, Reaching safepoint: 230371 ns, At safepoint: 21529 ns, Total: 251900 ns
[2020-09-11T15:53:44.720+0000][1][safepoint    ] Safepoint "Cleanup", Time since last: 1000173713 ns, Reaching safepoint: 117857 ns, At safepoint: 8136 ns, Total: 125993 ns
[2020-09-11T15:53:45.720+0000][1][safepoint    ] Safepoint "Cleanup", Time since last: 1000197846 ns, Reaching safepoint: 118918 ns, At safepoint: 9505 ns, Total: 128423 ns
[2020-09-11T15:53:46.720+0000][1][safepoint    ] Safepoint "Cleanup", Time since last: 1000177080 ns, Reaching safepoint: 116880 ns, At safepoint: 10183 ns, Total: 127063 ns
[2020-09-11T15:53:47.721+0000][1][safepoint    ] Safepoint "Cleanup", Time since last: 1000129737 ns, Reaching safepoint: 137434 ns, At safepoint: 10018 ns, Total: 147452 ns
[2020-09-11T15:53:48.721+0000][1][safepoint    ] Safepoint "Cleanup", Time since last: 1000215456 ns, Reaching safepoint: 128698 ns, At safepoint: 8367 ns, Total: 137065 ns
[2020-09-11T15:53:49.721+0000][1][safepoint    ] Safepoint "Cleanup", Time since last: 1000190496 ns, Reaching safepoint: 166977 ns, At safepoint: 19808 ns, Total: 186785 ns
[2020-09-11T15:53:50.744+0000][1][safepoint    ] Safepoint "Cleanup", Time since last: 1022463246 ns, Reaching safepoint: 168901 ns, At safepoint: 20788 ns, Total: 189689 ns
[2020-09-11T15:53:51.744+0000][1][safepoint    ] Safepoint "Cleanup", Time since last: 1000252635 ns, Reaching safepoint: 170682 ns, At safepoint: 20377 ns, Total: 191059 ns
[2020-09-11T15:53:52.745+0000][1][safepoint    ] Safepoint "Cleanup", Time since last: 1000227018 ns, Reaching safepoint: 182037 ns, At safepoint: 46220 ns, Total: 228257 ns
[2020-09-11T15:53:53.697+0000][1][safepoint    ] Safepoint "RevokeBias", Time since last: 949686995 ns, Reaching safepoint: 1978521 ns, At safepoint: 321351 ns, Total: 2299872 ns
[2020-09-11T15:53:54.697+0000][1][safepoint    ] Safepoint "Cleanup", Time since last: 1000177330 ns, Reaching safepoint: 214035 ns, At safepoint: 22114 ns, Total: 236149 ns
[2020-09-11T15:53:55.698+0000][1][safepoint    ] Safepoint "Cleanup", Time since last: 1000228820 ns, Reaching safepoint: 129310 ns, At safepoint: 9873 ns, Total: 139183 ns
[2020-09-11T15:53:56.494+0000][1][gc,start     ] GC(118) Pause Young (Allocation Failure)
[2020-09-11T15:53:56.494+0000][1][gc,task      ] GC(118) Using 1 workers of 1 for evacuation
[2020-09-11T15:53:56.510+0000][1][gc,age       ] GC(118) Desired survivor size 4358144 bytes, new threshold 6 (max threshold 6)
[2020-09-11T15:53:56.510+0000][1][gc,age       ] GC(118) Age table with threshold 6 (max threshold 6)
[2020-09-11T15:53:56.510+0000][1][gc,age       ] GC(118) - age   1:     227576 bytes,     227576 total
[2020-09-11T15:53:56.510+0000][1][gc,age       ] GC(118) - age   2:     186008 bytes,     413584 total
[2020-09-11T15:53:56.510+0000][1][gc,age       ] GC(118) - age   3:     306512 bytes,     720096 total
[2020-09-11T15:53:56.510+0000][1][gc,age       ] GC(118) - age   4:     247120 bytes,     967216 total
[2020-09-11T15:53:56.510+0000][1][gc,age       ] GC(118) - age   5:      86080 bytes,    1053296 total
[2020-09-11T15:53:56.510+0000][1][gc,age       ] GC(118) - age   6:      73224 bytes,    1126520 total
[2020-09-11T15:53:56.510+0000][1][gc,heap      ] GC(118) ParNew: 69353K->1120K(76672K)
[2020-09-11T15:53:56.510+0000][1][gc,heap      ] GC(118) CMS: 126103K->126109K(2011968K)
[2020-09-11T15:53:56.510+0000][1][gc,metaspace ] GC(118) Metaspace: 97844K->97844K(1140736K)
[2020-09-11T15:53:56.510+0000][1][gc           ] GC(118) Pause Young (Allocation Failure) 190M->124M(2039M) 16.278ms
[2020-09-11T15:53:56.510+0000][1][gc,cpu       ] GC(118) User=0.02s Sys=0.00s Real=0.01s
[2020-09-11T15:53:56.510+0000][1][safepoint    ] Safepoint "GenCollectForAllocation", Time since last: 795926566 ns, Reaching safepoint: 271425 ns, At safepoint: 16349185 ns, Total: 16620610 ns
[2020-09-11T15:53:57.514+0000][1][safepoint    ] Safepoint "Cleanup", Time since last: 1003720890 ns, Reaching safepoint: 115471 ns, At safepoint: 8200 ns, Total: 123671 ns
[2020-09-11T15:53:58.514+0000][1][safepoint    ] Safepoint "Cleanup", Time since last: 1000184055 ns, Reaching safepoint: 122713 ns, At safepoint: 7165 ns, Total: 129878 ns
[2020-09-11T15:53:59.515+0000][1][safepoint    ] Safepoint "Cleanup", Time since last: 1000195409 ns, Reaching safepoint: 128840 ns, At safepoint: 10230 ns, Total: 139070 ns
[2020-09-11T15:54:00.515+0000][1][safepoint    ] Safepoint "Cleanup", Time since last: 1000180045 ns, Reaching safepoint: 129067 ns, At safepoint: 9175 ns, Total: 138242 ns
[2020-09-11T15:54:01.515+0000][1][safepoint    ] Safepoint "Cleanup", Time since last: 1000197631 ns, Reaching safepoint: 120712 ns, At safepoint: 8734 ns, Total: 129446 ns
[2020-09-11T15:54:02.516+0000][1][safepoint    ] Safepoint "Cleanup", Time since last: 1000193908 ns, Reaching safepoint: 134540 ns, At safepoint: 9028 ns, Total: 143568 ns
[2020-09-11T15:54:03.516+0000][1][safepoint    ] Safepoint "Cleanup", Time since last: 1000189014 ns, Reaching safepoint: 125057 ns, At safepoint: 7775 ns, Total: 132832 ns
[2020-09-11T15:54:03.732+0000][1][safepoint    ] Safepoint "RevokeBias", Time since last: 215555938 ns, Reaching safepoint: 401071 ns, At safepoint: 305714 ns, Total: 706785 ns
[2020-09-11T15:54:04.733+0000][1][safepoint    ] Safepoint "Cleanup", Time since last: 1000517571 ns, Reaching safepoint: 135096 ns, At safepoint: 10732 ns, Total: 145828 ns
[2020-09-11T15:54:05.733+0000][1][safepoint    ] Safepoint "Cleanup", Time since last: 1000151684 ns, Reaching safepoint: 128175 ns, At safepoint: 9467 ns, Total: 137642 ns
[2020-09-11T15:54:06.733+0000][1][safepoint    ] Safepoint "Cleanup", Time since last: 1000148773 ns, Reaching safepoint: 166615 ns, At safepoint: 18783 ns, Total: 185398 ns
[2020-09-11T15:54:07.734+0000][1][safepoint    ] Safepoint "Cleanup", Time since last: 1000212384 ns, Reaching safepoint: 119580 ns, At safepoint: 10559 ns, Total: 130139 ns
[2020-09-11T15:54:08.734+0000][1][safepoint    ] Safepoint "Cleanup", Time since last: 1000157287 ns, Reaching safepoint: 125514 ns, At safepoint: 10462 ns, Total: 135976 ns
[2020-09-11T15:54:09.734+0000][1][safepoint    ] Safepoint "Cleanup", Time since last: 1000148713 ns, Reaching safepoint: 139681 ns, At safepoint: 10258 ns, Total: 149939 ns
[2020-09-11T15:54:10.735+0000][1][safepoint    ] Safepoint "Cleanup", Time since last: 1000135061 ns, Reaching safepoint: 136251 ns, At safepoint: 9822 ns, Total: 146073 ns
[2020-09-11T15:54:11.735+0000][1][safepoint    ] Safepoint "Cleanup", Time since last: 1000146493 ns, Reaching safepoint: 129646 ns, At safepoint: 9555 ns, Total: 139201 ns
[2020-09-11T15:54:12.735+0000][1][safepoint    ] Safepoint "Cleanup", Time since last: 1000116763 ns, Reaching safepoint: 99068 ns, At safepoint: 7681 ns, Total: 106749 ns
[2020-09-11T15:54:13.695+0000][1][safepoint    ] Safepoint "RevokeBias", Time since last: 959822375 ns, Reaching safepoint: 104456 ns, At safepoint: 27396 ns, Total: 131852 ns
[2020-09-11T15:54:14.696+0000][1][safepoint    ] Safepoint "Cleanup", Time since last: 1000176366 ns, Reaching safepoint: 180250 ns, At safepoint: 20056 ns, Total: 200306 ns
[2020-09-11T15:54:16.696+0000][1][safepoint    ] Safepoint "Cleanup", Time since last: 2000316471 ns, Reaching safepoint: 171105 ns, At safepoint: 20608 ns, Total: 191713 ns
[2020-09-11T15:54:17.696+0000][1][safepoint    ] Safepoint "Cleanup", Time since last: 1000246129 ns, Reaching safepoint: 170665 ns, At safepoint: 20199 ns, Total: 190864 ns
[2020-09-11T15:54:18.697+0000][1][safepoint    ] Safepoint "Cleanup", Time since last: 1000213702 ns, Reaching safepoint: 241063 ns, At safepoint: 19063 ns, Total: 260126 ns
[2020-09-11T15:54:19.697+0000][1][safepoint    ] Safepoint "Cleanup", Time since last: 1000182823 ns, Reaching safepoint: 114911 ns, At safepoint: 6789 ns, Total: 121700 ns
[2020-09-11T15:54:20.698+0000][1][safepoint    ] Safepoint "Cleanup", Time since last: 1000163560 ns, Reaching safepoint: 111705 ns, At safepoint: 9164 ns, Total: 120869 ns
[2020-09-11T15:54:21.223+0000][1][gc,start     ] GC(119) Pause Young (Allocation Failure)
[2020-09-11T15:54:21.223+0000][1][gc,task      ] GC(119) Using 1 workers of 1 for evacuation
[2020-09-11T15:54:21.239+0000][1][gc,age       ] GC(119) Desired survivor size 4358144 bytes, new threshold 6 (max threshold 6)
[2020-09-11T15:54:21.239+0000][1][gc,age       ] GC(119) Age table with threshold 6 (max threshold 6)
[2020-09-11T15:54:21.239+0000][1][gc,age       ] GC(119) - age   1:     184640 bytes,     184640 total
[2020-09-11T15:54:21.239+0000][1][gc,age       ] GC(119) - age   2:     131512 bytes,     316152 total
[2020-09-11T15:54:21.239+0000][1][gc,age       ] GC(119) - age   3:     177752 bytes,     493904 total
[2020-09-11T15:54:21.239+0000][1][gc,age       ] GC(119) - age   4:     306472 bytes,     800376 total
[2020-09-11T15:54:21.239+0000][1][gc,age       ] GC(119) - age   5:     239280 bytes,    1039656 total
[2020-09-11T15:54:21.239+0000][1][gc,age       ] GC(119) - age   6:      12880 bytes,    1052536 total
[2020-09-11T15:54:21.239+0000][1][gc,heap      ] GC(119) ParNew: 69280K->1105K(76672K)
[2020-09-11T15:54:21.239+0000][1][gc,heap      ] GC(119) CMS: 126109K->126181K(2011968K)
[2020-09-11T15:54:21.239+0000][1][gc,metaspace ] GC(119) Metaspace: 97871K->97871K(1140736K)
[2020-09-11T15:54:21.239+0000][1][gc           ] GC(119) Pause Young (Allocation Failure) 190M->124M(2039M) 16.883ms
[2020-09-11T15:54:21.239+0000][1][gc,cpu       ] GC(119) User=0.01s Sys=0.00s Real=0.01s
[2020-09-11T15:54:21.240+0000][1][safepoint    ] Safepoint "GenCollectForAllocation", Time since last: 524909254 ns, Reaching safepoint: 91679 ns, At safepoint: 17623606 ns, Total: 17715285 ns
[2020-09-11T15:54:22.245+0000][1][safepoint    ] Safepoint "Cleanup", Time since last: 1004209840 ns, Reaching safepoint: 160601 ns, At safepoint: 16628 ns, Total: 177229 ns
[2020-09-11T15:54:23.245+0000][1][safepoint    ] Safepoint "Cleanup", Time since last: 1000206370 ns, Reaching safepoint: 195782 ns, At safepoint: 19214 ns, Total: 214996 ns
[2020-09-11T15:54:23.702+0000][1][safepoint    ] Safepoint "BulkRevokeBias", Time since last: 456221007 ns, Reaching safepoint: 311239 ns, At safepoint: 586099 ns, Total: 897338 ns
[2020-09-11T15:54:23.774+0000][1][safepoint    ] Safepoint "RevokeBias", Time since last: 69722220 ns, Reaching safepoint: 2090826 ns, At safepoint: 31299 ns, Total: 2122125 ns
[2020-09-11T15:54:24.774+0000][1][safepoint    ] Safepoint "Cleanup", Time since last: 1000149526 ns, Reaching safepoint: 175733 ns, At safepoint: 17350 ns, Total: 193083 ns
[2020-09-11T15:54:25.775+0000][1][safepoint    ] Safepoint "Cleanup", Time since last: 1000178008 ns, Reaching safepoint: 132912 ns, At safepoint: 9451 ns, Total: 142363 ns
[2020-09-11T15:54:26.775+0000][1][safepoint    ] Safepoint "Cleanup", Time since last: 1000172842 ns, Reaching safepoint: 160127 ns, At safepoint: 17213 ns, Total: 177340 ns
[2020-09-11T15:54:27.775+0000][1][safepoint    ] Safepoint "Cleanup", Time since last: 1000137349 ns, Reaching safepoint: 89003 ns, At safepoint: 8588 ns, Total: 97591 ns
[2020-09-11T15:54:28.776+0000][1][safepoint    ] Safepoint "Cleanup", Time since last: 1000164649 ns, Reaching safepoint: 211826 ns, At safepoint: 21199 ns, Total: 233025 ns
[2020-09-11T15:54:29.776+0000][1][safepoint    ] Safepoint "Cleanup", Time since last: 1000288795 ns, Reaching safepoint: 189023 ns, At safepoint: 21981 ns, Total: 211004 ns
[2020-09-11T15:54:30.930+0000][1][safepoint    ] Safepoint "Cleanup", Time since last: 1153889138 ns, Reaching safepoint: 117925 ns, At safepoint: 9067 ns, Total: 126992 ns
[2020-09-11T15:54:31.933+0000][1][safepoint    ] Safepoint "Cleanup", Time since last: 1002769958 ns, Reaching safepoint: 99352 ns, At safepoint: 9973 ns, Total: 109325 ns
[2020-09-11T15:54:32.933+0000][1][safepoint    ] Safepoint "Cleanup", Time since last: 1000167908 ns, Reaching safepoint: 116890 ns, At safepoint: 8764 ns, Total: 125654 ns
[2020-09-11T15:54:33.717+0000][1][safepoint    ] Safepoint "RevokeBias", Time since last: 781980024 ns, Reaching safepoint: 1638591 ns, At safepoint: 23687 ns, Total: 1662278 ns
[2020-09-11T15:54:34.717+0000][1][safepoint    ] Safepoint "Cleanup", Time since last: 1000144422 ns, Reaching safepoint: 224064 ns, At safepoint: 21155 ns, Total: 245219 ns
[2020-09-11T15:54:35.718+0000][1][safepoint    ] Safepoint "Cleanup", Time since last: 1000241278 ns, Reaching safepoint: 117242 ns, At safepoint: 9186 ns, Total: 126428 ns
[2020-09-11T15:54:36.718+0000][1][safepoint    ] Safepoint "Cleanup", Time since last: 1000175406 ns, Reaching safepoint: 122114 ns, At safepoint: 9338 ns, Total: 131452 ns
[2020-09-11T15:54:37.718+0000][1][safepoint    ] Safepoint "Cleanup", Time since last: 1000180132 ns, Reaching safepoint: 167431 ns, At safepoint: 19250 ns, Total: 186681 ns
[2020-09-11T15:54:38.719+0000][1][safepoint    ] Safepoint "Cleanup", Time since last: 1000237127 ns, Reaching safepoint: 175951 ns, At safepoint: 20413 ns, Total: 196364 ns
[2020-09-11T15:54:39.719+0000][1][safepoint    ] Safepoint "Cleanup", Time since last: 1000187097 ns, Reaching safepoint: 171720 ns, At safepoint: 19020 ns, Total: 190740 ns
[2020-09-11T15:54:40.720+0000][1][safepoint    ] Safepoint "Cleanup", Time since last: 1000221573 ns, Reaching safepoint: 173181 ns, At safepoint: 20200 ns, Total: 193381 ns
[2020-09-11T15:54:41.720+0000][1][safepoint    ] Safepoint "Cleanup", Time since last: 1000181253 ns, Reaching safepoint: 172893 ns, At safepoint: 18255 ns, Total: 191148 ns
[2020-09-11T15:54:42.720+0000][1][safepoint    ] Safepoint "Cleanup", Time since last: 1000209817 ns, Reaching safepoint: 187006 ns, At safepoint: 20801 ns, Total: 207807 ns
[2020-09-11T15:54:43.625+0000][1][gc,start     ] GC(120) Pause Young (Allocation Failure)
[2020-09-11T15:54:43.625+0000][1][gc,task      ] GC(120) Using 1 workers of 1 for evacuation
[2020-09-11T15:54:43.659+0000][1][gc,age       ] GC(120) Desired survivor size 4358144 bytes, new threshold 6 (max threshold 6)
[2020-09-11T15:54:43.659+0000][1][gc,age       ] GC(120) Age table with threshold 6 (max threshold 6)
[2020-09-11T15:54:43.659+0000][1][gc,age       ] GC(120) - age   1:     379848 bytes,     379848 total
[2020-09-11T15:54:43.659+0000][1][gc,age       ] GC(120) - age   2:     107096 bytes,     486944 total
[2020-09-11T15:54:43.659+0000][1][gc,age       ] GC(120) - age   3:     128280 bytes,     615224 total
[2020-09-11T15:54:43.659+0000][1][gc,age       ] GC(120) - age   4:     141856 bytes,     757080 total
[2020-09-11T15:54:43.659+0000][1][gc,age       ] GC(120) - age   5:     306472 bytes,    1063552 total
[2020-09-11T15:54:43.659+0000][1][gc,age       ] GC(120) - age   6:      22888 bytes,    1086440 total
[2020-09-11T15:54:43.659+0000][1][gc,heap      ] GC(120) ParNew: 69265K->2094K(76672K)
[2020-09-11T15:54:43.659+0000][1][gc,heap      ] GC(120) CMS: 126181K->126190K(2011968K)
[2020-09-11T15:54:43.659+0000][1][gc,metaspace ] GC(120) Metaspace: 97906K->97906K(1140736K)
[2020-09-11T15:54:43.659+0000][1][gc           ] GC(120) Pause Young (Allocation Failure) 190M->125M(2039M) 33.642ms
[2020-09-11T15:54:43.659+0000][1][gc,cpu       ] GC(120) User=0.02s Sys=0.00s Real=0.03s
[2020-09-11T15:54:43.660+0000][1][safepoint    ] Safepoint "GenCollectForAllocation", Time since last: 904487455 ns, Reaching safepoint: 234689 ns, At safepoint: 34598904 ns, Total: 34833593 ns
[2020-09-11T15:54:43.739+0000][1][safepoint    ] Safepoint "RevokeBias", Time since last: 78393529 ns, Reaching safepoint: 245870 ns, At safepoint: 278688 ns, Total: 524558 ns
[2020-09-11T15:54:44.739+0000][1][safepoint    ] Safepoint "Cleanup", Time since last: 1000160522 ns, Reaching safepoint: 154628 ns, At safepoint: 9738 ns, Total: 164366 ns
[2020-09-11T15:54:46.739+0000][1][safepoint    ] Safepoint "Cleanup", Time since last: 2000274523 ns, Reaching safepoint: 175777 ns, At safepoint: 19050 ns, Total: 194827 ns
[2020-09-11T15:54:49.272+0000][1][safepoint    ] Safepoint "RevokeBias", Time since last: 2532381656 ns, Reaching safepoint: 79062 ns, At safepoint: 7563 ns, Total: 86625 ns
[2020-09-11T15:54:49.272+0000][1][safepoint    ] Safepoint "RevokeBias", Time since last: 551078 ns, Reaching safepoint: 38295 ns, At safepoint: 5747 ns, Total: 44042 ns
[2020-09-11T15:54:50.273+0000][1][safepoint    ] Safepoint "Cleanup", Time since last: 1000125296 ns, Reaching safepoint: 180404 ns, At safepoint: 57762 ns, Total: 238166 ns
[2020-09-11T15:54:51.273+0000][1][safepoint    ] Safepoint "Cleanup", Time since last: 1000208462 ns, Reaching safepoint: 119544 ns, At safepoint: 8941 ns, Total: 128485 ns
[2020-09-11T15:54:53.274+0000][1][safepoint    ] Safepoint "Cleanup", Time since last: 2000349023 ns, Reaching safepoint: 93385 ns, At safepoint: 7268 ns, Total: 100653 ns
[2020-09-11T15:54:53.710+0000][1][safepoint    ] Safepoint "RevokeBias", Time since last: 435403508 ns, Reaching safepoint: 313915 ns, At safepoint: 246059 ns, Total: 559974 ns
[2020-09-11T15:54:54.710+0000][1][safepoint    ] Safepoint "Cleanup", Time since last: 1000146925 ns, Reaching safepoint: 186769 ns, At safepoint: 17944 ns, Total: 204713 ns
[2020-09-11T15:54:58.711+0000][1][safepoint    ] Safepoint "Cleanup", Time since last: 4000584300 ns, Reaching safepoint: 211836 ns, At safepoint: 20975 ns, Total: 232811 ns
[2020-09-11T15:55:01.711+0000][1][safepoint    ] Safepoint "Cleanup", Time since last: 3000576137 ns, Reaching safepoint: 129825 ns, At safepoint: 9940 ns, Total: 139765 ns
[2020-09-11T15:55:02.712+0000][1][safepoint    ] Safepoint "Cleanup", Time since last: 1000194665 ns, Reaching safepoint: 125112 ns, At safepoint: 7255 ns, Total: 132367 ns
[2020-09-11T15:55:03.702+0000][1][safepoint    ] Safepoint "RevokeBias", Time since last: 989420554 ns, Reaching safepoint: 311525 ns, At safepoint: 301185 ns, Total: 612710 ns
[2020-09-11T15:55:03.702+0000][1][gc,start     ] GC(121) Pause Young (Allocation Failure)
[2020-09-11T15:55:03.703+0000][1][gc,task      ] GC(121) Using 1 workers of 1 for evacuation
[2020-09-11T15:55:03.719+0000][1][gc,age       ] GC(121) Desired survivor size 4358144 bytes, new threshold 6 (max threshold 6)
[2020-09-11T15:55:03.719+0000][1][gc,age       ] GC(121) Age table with threshold 6 (max threshold 6)
[2020-09-11T15:55:03.719+0000][1][gc,age       ] GC(121) - age   1:     402976 bytes,     402976 total
[2020-09-11T15:55:03.719+0000][1][gc,age       ] GC(121) - age   2:     298600 bytes,     701576 total
[2020-09-11T15:55:03.719+0000][1][gc,age       ] GC(121) - age   3:      92456 bytes,     794032 total
[2020-09-11T15:55:03.719+0000][1][gc,age       ] GC(121) - age   4:     128280 bytes,     922312 total
[2020-09-11T15:55:03.719+0000][1][gc,age       ] GC(121) - age   5:     135304 bytes,    1057616 total
[2020-09-11T15:55:03.719+0000][1][gc,age       ] GC(121) - age   6:     306472 bytes,    1364088 total
[2020-09-11T15:55:03.719+0000][1][gc,heap      ] GC(121) ParNew: 70254K->1978K(76672K)
[2020-09-11T15:55:03.719+0000][1][gc,heap      ] GC(121) CMS: 126190K->126213K(2011968K)
[2020-09-11T15:55:03.719+0000][1][gc,metaspace ] GC(121) Metaspace: 97965K->97965K(1140736K)
[2020-09-11T15:55:03.719+0000][1][gc           ] GC(121) Pause Young (Allocation Failure) 191M->125M(2039M) 16.981ms
[2020-09-11T15:55:03.719+0000][1][gc,cpu       ] GC(121) User=0.02s Sys=0.00s Real=0.01s
[2020-09-11T15:55:03.720+0000][1][safepoint    ] Safepoint "GenCollectForAllocation", Time since last: 365060 ns, Reaching safepoint: 293140 ns, At safepoint: 17184315 ns, Total: 17477455 ns
[2020-09-11T15:55:07.738+0000][1][safepoint    ] Safepoint "Cleanup", Time since last: 4018391940 ns, Reaching safepoint: 135057 ns, At safepoint: 8842 ns, Total: 143899 ns
[2020-09-11T15:55:10.739+0000][1][safepoint    ] Safepoint "Cleanup", Time since last: 3000361678 ns, Reaching safepoint: 143014 ns, At safepoint: 8220 ns, Total: 151234 ns
[2020-09-11T15:55:13.739+0000][1][safepoint    ] Safepoint "RevokeBias", Time since last: 3000040531 ns, Reaching safepoint: 307722 ns, At safepoint: 299864 ns, Total: 607586 ns
[2020-09-11T15:55:14.740+0000][1][safepoint    ] Safepoint "Cleanup", Time since last: 1000158941 ns, Reaching safepoint: 137108 ns, At safepoint: 8417 ns, Total: 145525 ns
[2020-09-11T15:55:23.706+0000][1][safepoint    ] Safepoint "RevokeBias", Time since last: 8965771536 ns, Reaching safepoint: 232566 ns, At safepoint: 248138 ns, Total: 480704 ns
[2020-09-11T15:55:23.822+0000][1][gc,start     ] GC(122) Pause Young (Allocation Failure)
[2020-09-11T15:55:23.822+0000][1][gc,task      ] GC(122) Using 1 workers of 1 for evacuation
[2020-09-11T15:55:23.841+0000][1][gc,age       ] GC(122) Desired survivor size 4358144 bytes, new threshold 6 (max threshold 6)
[2020-09-11T15:55:23.841+0000][1][gc,age       ] GC(122) Age table with threshold 6 (max threshold 6)
[2020-09-11T15:55:23.841+0000][1][gc,age       ] GC(122) - age   1:     699944 bytes,     699944 total
[2020-09-11T15:55:23.841+0000][1][gc,age       ] GC(122) - age   2:      35344 bytes,     735288 total
[2020-09-11T15:55:23.841+0000][1][gc,age       ] GC(122) - age   3:     294816 bytes,    1030104 total
[2020-09-11T15:55:23.841+0000][1][gc,age       ] GC(122) - age   4:      92416 bytes,    1122520 total
[2020-09-11T15:55:23.841+0000][1][gc,age       ] GC(122) - age   5:     128280 bytes,    1250800 total
[2020-09-11T15:55:23.841+0000][1][gc,age       ] GC(122) - age   6:     135304 bytes,    1386104 total
[2020-09-11T15:55:23.841+0000][1][gc,heap      ] GC(122) ParNew: 70130K->2328K(76672K)
[2020-09-11T15:55:23.841+0000][1][gc,heap      ] GC(122) CMS: 126213K->126452K(2011968K)
[2020-09-11T15:55:23.841+0000][1][gc,metaspace ] GC(122) Metaspace: 97989K->97989K(1140736K)
[2020-09-11T15:55:23.841+0000][1][gc           ] GC(122) Pause Young (Allocation Failure) 191M->125M(2039M) 19.673ms
[2020-09-11T15:55:23.841+0000][1][gc,cpu       ] GC(122) User=0.02s Sys=0.00s Real=0.02s
[2020-09-11T15:55:23.842+0000][1][safepoint    ] Safepoint "GenCollectForAllocation", Time since last: 113764762 ns, Reaching safepoint: 2149822 ns, At safepoint: 19745230 ns, Total: 21895052 ns
[2020-09-11T15:55:24.845+0000][1][safepoint    ] Safepoint "Cleanup", Time since last: 1003460516 ns, Reaching safepoint: 164080 ns, At safepoint: 18111 ns, Total: 182191 ns
[2020-09-11T15:55:25.846+0000][1][safepoint    ] Safepoint "Cleanup", Time since last: 1000220000 ns, Reaching safepoint: 162854 ns, At safepoint: 20042 ns, Total: 182896 ns
[2020-09-11T15:55:26.846+0000][1][safepoint    ] Safepoint "Cleanup", Time since last: 1000200799 ns, Reaching safepoint: 167925 ns, At safepoint: 18426 ns, Total: 186351 ns
[2020-09-11T15:55:32.847+0000][1][safepoint    ] Safepoint "Cleanup", Time since last: 6000819559 ns, Reaching safepoint: 119642 ns, At safepoint: 8823 ns, Total: 128465 ns
[2020-09-11T15:55:33.705+0000][1][safepoint    ] Safepoint "RevokeBias", Time since last: 857693500 ns, Reaching safepoint: 247144 ns, At safepoint: 246514 ns, Total: 493658 ns
[2020-09-11T15:55:34.705+0000][1][safepoint    ] Safepoint "Cleanup", Time since last: 1000226195 ns, Reaching safepoint: 104805 ns, At safepoint: 8769 ns, Total: 113574 ns
[2020-09-11T15:55:43.704+0000][1][safepoint    ] Safepoint "RevokeBias", Time since last: 8998352409 ns, Reaching safepoint: 287441 ns, At safepoint: 290999 ns, Total: 578440 ns
[2020-09-11T15:55:44.705+0000][1][safepoint    ] Safepoint "Cleanup", Time since last: 1000196951 ns, Reaching safepoint: 132221 ns, At safepoint: 10019 ns, Total: 142240 ns
[2020-09-11T15:55:46.346+0000][1][gc,start     ] GC(123) Pause Young (Allocation Failure)
[2020-09-11T15:55:46.346+0000][1][gc,task      ] GC(123) Using 1 workers of 1 for evacuation
[2020-09-11T15:55:46.361+0000][1][gc,age       ] GC(123) Desired survivor size 4358144 bytes, new threshold 6 (max threshold 6)
[2020-09-11T15:55:46.361+0000][1][gc,age       ] GC(123) Age table with threshold 6 (max threshold 6)
[2020-09-11T15:55:46.361+0000][1][gc,age       ] GC(123) - age   1:     315496 bytes,     315496 total
[2020-09-11T15:55:46.361+0000][1][gc,age       ] GC(123) - age   2:     106152 bytes,     421648 total
[2020-09-11T15:55:46.361+0000][1][gc,age       ] GC(123) - age   3:      29784 bytes,     451432 total
[2020-09-11T15:55:46.361+0000][1][gc,age       ] GC(123) - age   4:     294528 bytes,     745960 total
[2020-09-11T15:55:46.361+0000][1][gc,age       ] GC(123) - age   5:       8216 bytes,     754176 total
[2020-09-11T15:55:46.361+0000][1][gc,age       ] GC(123) - age   6:      52592 bytes,     806768 total
[2020-09-11T15:55:46.361+0000][1][gc,heap      ] GC(123) ParNew: 70488K->798K(76672K)
[2020-09-11T15:55:46.361+0000][1][gc,heap      ] GC(123) CMS: 126452K->126578K(2011968K)
[2020-09-11T15:55:46.361+0000][1][gc,metaspace ] GC(123) Metaspace: 97998K->97998K(1140736K)
[2020-09-11T15:55:46.361+0000][1][gc           ] GC(123) Pause Young (Allocation Failure) 192M->124M(2039M) 15.812ms
[2020-09-11T15:55:46.361+0000][1][gc,cpu       ] GC(123) User=0.02s Sys=0.00s Real=0.02s
[2020-09-11T15:55:46.361+0000][1][safepoint    ] Safepoint "GenCollectForAllocation", Time since last: 1640596889 ns, Reaching safepoint: 200290 ns, At safepoint: 15878866 ns, Total: 16079156 ns
[2020-09-11T15:55:50.365+0000][1][safepoint    ] Safepoint "Cleanup", Time since last: 4003831193 ns, Reaching safepoint: 120677 ns, At safepoint: 6616 ns, Total: 127293 ns
[2020-09-11T15:55:53.718+0000][1][safepoint    ] Safepoint "RevokeBias", Time since last: 3352561472 ns, Reaching safepoint: 180733 ns, At safepoint: 23079 ns, Total: 203812 ns
[2020-09-11T15:56:03.706+0000][1][safepoint    ] Safepoint "RevokeBias", Time since last: 9987184768 ns, Reaching safepoint: 515837 ns, At safepoint: 286798 ns, Total: 802635 ns
[2020-09-11T15:56:04.707+0000][1][safepoint    ] Safepoint "Cleanup", Time since last: 1000209420 ns, Reaching safepoint: 237822 ns, At safepoint: 21914 ns, Total: 259736 ns
[2020-09-11T15:56:11.410+0000][1][gc,start     ] GC(124) Pause Young (Allocation Failure)
[2020-09-11T15:56:11.410+0000][1][gc,task      ] GC(124) Using 1 workers of 1 for evacuation
[2020-09-11T15:56:11.428+0000][1][gc,age       ] GC(124) Desired survivor size 4358144 bytes, new threshold 6 (max threshold 6)
[2020-09-11T15:56:11.428+0000][1][gc,age       ] GC(124) Age table with threshold 6 (max threshold 6)
[2020-09-11T15:56:11.428+0000][1][gc,age       ] GC(124) - age   1:     417960 bytes,     417960 total
[2020-09-11T15:56:11.428+0000][1][gc,age       ] GC(124) - age   2:     235976 bytes,     653936 total
[2020-09-11T15:56:11.428+0000][1][gc,age       ] GC(124) - age   3:      91200 bytes,     745136 total
[2020-09-11T15:56:11.428+0000][1][gc,age       ] GC(124) - age   4:      29488 bytes,     774624 total
[2020-09-11T15:56:11.428+0000][1][gc,age       ] GC(124) - age   5:      72960 bytes,     847584 total
[2020-09-11T15:56:11.428+0000][1][gc,age       ] GC(124) - age   6:       8216 bytes,     855800 total
[2020-09-11T15:56:11.428+0000][1][gc,heap      ] GC(124) ParNew: 68958K->1581K(76672K)
[2020-09-11T15:56:11.428+0000][1][gc,heap      ] GC(124) CMS: 126578K->126630K(2011968K)
[2020-09-11T15:56:11.428+0000][1][gc,metaspace ] GC(124) Metaspace: 98007K->98007K(1140736K)
[2020-09-11T15:56:11.428+0000][1][gc           ] GC(124) Pause Young (Allocation Failure) 190M->125M(2039M) 18.531ms
[2020-09-11T15:56:11.428+0000][1][gc,cpu       ] GC(124) User=0.01s Sys=0.00s Real=0.02s
[2020-09-11T15:56:11.432+0000][1][safepoint    ] Safepoint "GenCollectForAllocation", Time since last: 6703067988 ns, Reaching safepoint: 278275 ns, At safepoint: 22161541 ns, Total: 22439816 ns
[2020-09-11T15:56:13.793+0000][1][safepoint    ] Safepoint "RevokeBias", Time since last: 2358991541 ns, Reaching safepoint: 1855110 ns, At safepoint: 261136 ns, Total: 2116246 ns
[2020-09-11T15:56:14.797+0000][1][safepoint    ] Safepoint "Cleanup", Time since last: 1003581527 ns, Reaching safepoint: 92166 ns, At safepoint: 9070 ns, Total: 101236 ns
[2020-09-11T15:56:23.719+0000][1][safepoint    ] Safepoint "RevokeBias", Time since last: 8921891253 ns, Reaching safepoint: 392487 ns, At safepoint: 290318 ns, Total: 682805 ns
[2020-09-11T15:56:24.720+0000][1][safepoint    ] Safepoint "Cleanup", Time since last: 1000193399 ns, Reaching safepoint: 124225 ns, At safepoint: 9803 ns, Total: 134028 ns
[2020-09-11T15:56:31.721+0000][1][safepoint    ] Safepoint "Cleanup", Time since last: 7000825642 ns, Reaching safepoint: 138037 ns, At safepoint: 32754 ns, Total: 170791 ns
[2020-09-11T15:56:31.920+0000][1][gc,start     ] GC(125) Pause Young (Allocation Failure)
[2020-09-11T15:56:31.920+0000][1][gc,task      ] GC(125) Using 1 workers of 1 for evacuation
[2020-09-11T15:56:31.935+0000][1][gc,age       ] GC(125) Desired survivor size 4358144 bytes, new threshold 6 (max threshold 6)
[2020-09-11T15:56:31.935+0000][1][gc,age       ] GC(125) Age table with threshold 6 (max threshold 6)
[2020-09-11T15:56:31.935+0000][1][gc,age       ] GC(125) - age   1:     190512 bytes,     190512 total
[2020-09-11T15:56:31.935+0000][1][gc,age       ] GC(125) - age   2:     326992 bytes,     517504 total
[2020-09-11T15:56:31.935+0000][1][gc,age       ] GC(125) - age   3:     232824 bytes,     750328 total
[2020-09-11T15:56:31.935+0000][1][gc,age       ] GC(125) - age   4:      91200 bytes,     841528 total
[2020-09-11T15:56:31.935+0000][1][gc,age       ] GC(125) - age   5:      23560 bytes,     865088 total
[2020-09-11T15:56:31.935+0000][1][gc,age       ] GC(125) - age   6:       9288 bytes,     874376 total
[2020-09-11T15:56:31.935+0000][1][gc,heap      ] GC(125) ParNew: 69741K->1022K(76672K)
[2020-09-11T15:56:31.935+0000][1][gc,heap      ] GC(125) CMS: 126630K->126638K(2011968K)
[2020-09-11T15:56:31.935+0000][1][gc,metaspace ] GC(125) Metaspace: 98021K->98021K(1140736K)
[2020-09-11T15:56:31.935+0000][1][gc           ] GC(125) Pause Young (Allocation Failure) 191M->124M(2039M) 15.418ms
[2020-09-11T15:56:31.935+0000][1][gc,cpu       ] GC(125) User=0.02s Sys=0.00s Real=0.02s
[2020-09-11T15:56:31.935+0000][1][safepoint    ] Safepoint "GenCollectForAllocation", Time since last: 198876092 ns, Reaching safepoint: 216555 ns, At safepoint: 15544434 ns, Total: 15760989 ns
[2020-09-11T15:56:33.738+0000][1][safepoint    ] Safepoint "RevokeBias", Time since last: 1802456092 ns, Reaching safepoint: 256915 ns, At safepoint: 24486 ns, Total: 281401 ns
[2020-09-11T15:56:34.739+0000][1][safepoint    ] Safepoint "Cleanup", Time since last: 1000151773 ns, Reaching safepoint: 182458 ns, At safepoint: 20618 ns, Total: 203076 ns
[2020-09-11T15:56:36.739+0000][1][safepoint    ] Safepoint "Cleanup", Time since last: 2000267668 ns, Reaching safepoint: 83204 ns, At safepoint: 9035 ns, Total: 92239 ns
[2020-09-11T15:56:37.739+0000][1][safepoint    ] Safepoint "Cleanup", Time since last: 1000139872 ns, Reaching safepoint: 180678 ns, At safepoint: 20500 ns, Total: 201178 ns
[2020-09-11T15:56:38.740+0000][1][safepoint    ] Safepoint "Cleanup", Time since last: 1000176670 ns, Reaching safepoint: 164774 ns, At safepoint: 18713 ns, Total: 183487 ns
[2020-09-11T15:56:39.740+0000][1][safepoint    ] Safepoint "Cleanup", Time since last: 1000180474 ns, Reaching safepoint: 127197 ns, At safepoint: 8239 ns, Total: 135436 ns
[2020-09-11T15:56:40.740+0000][1][safepoint    ] Safepoint "Cleanup", Time since last: 1000135876 ns, Reaching safepoint: 164491 ns, At safepoint: 18820 ns, Total: 183311 ns
[2020-09-11T15:56:41.741+0000][1][safepoint    ] Safepoint "Cleanup", Time since last: 1000169214 ns, Reaching safepoint: 158971 ns, At safepoint: 17801 ns, Total: 176772 ns
[2020-09-11T15:56:42.741+0000][1][safepoint    ] Safepoint "Cleanup", Time since last: 1000184554 ns, Reaching safepoint: 196497 ns, At safepoint: 20534 ns, Total: 217031 ns
[2020-09-11T15:56:43.739+0000][1][safepoint    ] Safepoint "RevokeBias", Time since last: 997333090 ns, Reaching safepoint: 240874 ns, At safepoint: 290631 ns, Total: 531505 ns
[2020-09-11T15:56:44.739+0000][1][safepoint    ] Safepoint "Cleanup", Time since last: 1000195933 ns, Reaching safepoint: 114450 ns, At safepoint: 8999 ns, Total: 123449 ns
[2020-09-11T15:56:45.739+0000][1][safepoint    ] Safepoint "Cleanup", Time since last: 1000152165 ns, Reaching safepoint: 160438 ns, At safepoint: 17711 ns, Total: 178149 ns
[2020-09-11T15:56:46.740+0000][1][safepoint    ] Safepoint "Cleanup", Time since last: 1000154624 ns, Reaching safepoint: 142431 ns, At safepoint: 6183 ns, Total: 148614 ns
[2020-09-11T15:56:47.740+0000][1][safepoint    ] Safepoint "Cleanup", Time since last: 1000119525 ns, Reaching safepoint: 128124 ns, At safepoint: 6464 ns, Total: 134588 ns
[2020-09-11T15:56:48.740+0000][1][safepoint    ] Safepoint "Cleanup", Time since last: 1000131002 ns, Reaching safepoint: 145974 ns, At safepoint: 6618 ns, Total: 152592 ns
[2020-09-11T15:56:49.741+0000][1][safepoint    ] Safepoint "Cleanup", Time since last: 1000144803 ns, Reaching safepoint: 161400 ns, At safepoint: 20657 ns, Total: 182057 ns
[2020-09-11T15:56:50.741+0000][1][safepoint    ] Safepoint "Cleanup", Time since last: 1000272869 ns, Reaching safepoint: 90536 ns, At safepoint: 9116 ns, Total: 99652 ns
[2020-09-11T15:56:51.741+0000][1][safepoint    ] Safepoint "Cleanup", Time since last: 1000132677 ns, Reaching safepoint: 126136 ns, At safepoint: 9234 ns, Total: 135370 ns
[2020-09-11T15:56:52.742+0000][1][safepoint    ] Safepoint "Cleanup", Time since last: 1000146737 ns, Reaching safepoint: 171750 ns, At safepoint: 20845 ns, Total: 192595 ns
[2020-09-11T15:56:53.684+0000][1][gc,start     ] GC(126) Pause Young (Allocation Failure)
[2020-09-11T15:56:53.684+0000][1][gc,task      ] GC(126) Using 1 workers of 1 for evacuation
[2020-09-11T15:56:53.698+0000][1][gc,age       ] GC(126) Desired survivor size 4358144 bytes, new threshold 6 (max threshold 6)
[2020-09-11T15:56:53.698+0000][1][gc,age       ] GC(126) Age table with threshold 6 (max threshold 6)
[2020-09-11T15:56:53.698+0000][1][gc,age       ] GC(126) - age   1:     451232 bytes,     451232 total
[2020-09-11T15:56:53.698+0000][1][gc,age       ] GC(126) - age   2:      90272 bytes,     541504 total
[2020-09-11T15:56:53.698+0000][1][gc,age       ] GC(126) - age   3:     323560 bytes,     865064 total
[2020-09-11T15:56:53.698+0000][1][gc,age       ] GC(126) - age   4:     232592 bytes,    1097656 total
[2020-09-11T15:56:53.698+0000][1][gc,age       ] GC(126) - age   5:      91200 bytes,    1188856 total
[2020-09-11T15:56:53.698+0000][1][gc,age       ] GC(126) - age   6:      23560 bytes,    1212416 total
[2020-09-11T15:56:53.698+0000][1][gc,heap      ] GC(126) ParNew: 69182K->1536K(76672K)
[2020-09-11T15:56:53.698+0000][1][gc,heap      ] GC(126) CMS: 126638K->126647K(2011968K)
[2020-09-11T15:56:53.698+0000][1][gc,metaspace ] GC(126) Metaspace: 98026K->98026K(1140736K)
[2020-09-11T15:56:53.698+0000][1][gc           ] GC(126) Pause Young (Allocation Failure) 191M->125M(2039M) 14.490ms
[2020-09-11T15:56:53.698+0000][1][gc,cpu       ] GC(126) User=0.02s Sys=0.00s Real=0.01s
[2020-09-11T15:56:53.698+0000][1][safepoint    ] Safepoint "GenCollectForAllocation", Time since last: 942105850 ns, Reaching safepoint: 206786 ns, At safepoint: 14576768 ns, Total: 14783554 ns
[2020-09-11T15:56:53.713+0000][1][safepoint    ] Safepoint "RevokeBias", Time since last: 14443873 ns, Reaching safepoint: 230529 ns, At safepoint: 35755 ns, Total: 266284 ns
[2020-09-11T15:56:54.725+0000][1][safepoint    ] Safepoint "Cleanup", Time since last: 1011878097 ns, Reaching safepoint: 134307 ns, At safepoint: 9564 ns, Total: 143871 ns
[2020-09-11T15:56:55.726+0000][1][safepoint    ] Safepoint "Cleanup", Time since last: 1000148909 ns, Reaching safepoint: 125528 ns, At safepoint: 6606 ns, Total: 132134 ns
[2020-09-11T15:56:56.726+0000][1][safepoint    ] Safepoint "Cleanup", Time since last: 1000144733 ns, Reaching safepoint: 184443 ns, At safepoint: 18827 ns, Total: 203270 ns
[2020-09-11T15:56:57.726+0000][1][safepoint    ] Safepoint "Cleanup", Time since last: 1000211345 ns, Reaching safepoint: 170384 ns, At safepoint: 19832 ns, Total: 190216 ns
[2020-09-11T15:56:58.727+0000][1][safepoint    ] Safepoint "Cleanup", Time since last: 1000263831 ns, Reaching safepoint: 230398 ns, At safepoint: 22599 ns, Total: 252997 ns
[2020-09-11T15:56:59.727+0000][1][safepoint    ] Safepoint "Cleanup", Time since last: 1000178823 ns, Reaching safepoint: 178937 ns, At safepoint: 18807 ns, Total: 197744 ns
[2020-09-11T15:57:00.728+0000][1][safepoint    ] Safepoint "Cleanup", Time since last: 1000220804 ns, Reaching safepoint: 120581 ns, At safepoint: 9205 ns, Total: 129786 ns
[2020-09-11T15:57:01.728+0000][1][safepoint    ] Safepoint "Cleanup", Time since last: 1000205687 ns, Reaching safepoint: 125633 ns, At safepoint: 9525 ns, Total: 135158 ns
[2020-09-11T15:57:02.728+0000][1][safepoint    ] Safepoint "Cleanup", Time since last: 1000185164 ns, Reaching safepoint: 199287 ns, At safepoint: 18089 ns, Total: 217376 ns
[2020-09-11T15:57:03.729+0000][1][safepoint    ] Safepoint "Cleanup", Time since last: 1000262946 ns, Reaching safepoint: 359254 ns, At safepoint: 15186 ns, Total: 374440 ns
[2020-09-11T15:57:03.730+0000][1][safepoint    ] Safepoint "RevokeBias", Time since last: 346700 ns, Reaching safepoint: 242295 ns, At safepoint: 233464 ns, Total: 475759 ns
[2020-09-11T15:57:04.730+0000][1][safepoint    ] Safepoint "Cleanup", Time since last: 1000210091 ns, Reaching safepoint: 111888 ns, At safepoint: 7621 ns, Total: 119509 ns
[2020-09-11T15:57:05.730+0000][1][safepoint    ] Safepoint "Cleanup", Time since last: 1000185251 ns, Reaching safepoint: 171831 ns, At safepoint: 20373 ns, Total: 192204 ns
[2020-09-11T15:57:06.731+0000][1][safepoint    ] Safepoint "Cleanup", Time since last: 1000226610 ns, Reaching safepoint: 111663 ns, At safepoint: 7146 ns, Total: 118809 ns
[2020-09-11T15:57:07.731+0000][1][safepoint    ] Safepoint "Cleanup", Time since last: 1000187905 ns, Reaching safepoint: 164026 ns, At safepoint: 20323 ns, Total: 184349 ns
[2020-09-11T15:57:08.731+0000][1][safepoint    ] Safepoint "Cleanup", Time since last: 1000224207 ns, Reaching safepoint: 113104 ns, At safepoint: 7280 ns, Total: 120384 ns
[2020-09-11T15:57:09.732+0000][1][safepoint    ] Safepoint "Cleanup", Time since last: 1000095562 ns, Reaching safepoint: 115124 ns, At safepoint: 6391 ns, Total: 121515 ns
[2020-09-11T15:57:10.734+0000][1][safepoint    ] Safepoint "Cleanup", Time since last: 1001997973 ns, Reaching safepoint: 133924 ns, At safepoint: 8103 ns, Total: 142027 ns
[2020-09-11T15:57:11.734+0000][1][safepoint    ] Safepoint "Cleanup", Time since last: 1000180009 ns, Reaching safepoint: 117607 ns, At safepoint: 8132 ns, Total: 125739 ns
[2020-09-11T15:57:12.734+0000][1][safepoint    ] Safepoint "Cleanup", Time since last: 1000164299 ns, Reaching safepoint: 121621 ns, At safepoint: 9281 ns, Total: 130902 ns
[2020-09-11T15:57:13.716+0000][1][safepoint    ] Safepoint "RevokeBias", Time since last: 981579622 ns, Reaching safepoint: 269463 ns, At safepoint: 21052 ns, Total: 290515 ns
[2020-09-11T15:57:13.773+0000][1][gc,start     ] GC(127) Pause Young (Allocation Failure)
[2020-09-11T15:57:13.773+0000][1][gc,task      ] GC(127) Using 1 workers of 1 for evacuation
[2020-09-11T15:57:13.793+0000][1][gc,age       ] GC(127) Desired survivor size 4358144 bytes, new threshold 6 (max threshold 6)
[2020-09-11T15:57:13.793+0000][1][gc,age       ] GC(127) Age table with threshold 6 (max threshold 6)
[2020-09-11T15:57:13.793+0000][1][gc,age       ] GC(127) - age   1:     611888 bytes,     611888 total
[2020-09-11T15:57:13.793+0000][1][gc,age       ] GC(127) - age   2:     163280 bytes,     775168 total
[2020-09-11T15:57:13.793+0000][1][gc,age       ] GC(127) - age   3:      86264 bytes,     861432 total
[2020-09-11T15:57:13.793+0000][1][gc,age       ] GC(127) - age   4:     323232 bytes,    1184664 total
[2020-09-11T15:57:13.793+0000][1][gc,age       ] GC(127) - age   5:      86904 bytes,    1271568 total
[2020-09-11T15:57:13.793+0000][1][gc,age       ] GC(127) - age   6:      91200 bytes,    1362768 total
[2020-09-11T15:57:13.793+0000][1][gc,heap      ] GC(127) ParNew: 69696K->2160K(76672K)
[2020-09-11T15:57:13.793+0000][1][gc,heap      ] GC(127) CMS: 126647K->126670K(2011968K)
[2020-09-11T15:57:13.793+0000][1][gc,metaspace ] GC(127) Metaspace: 98046K->98046K(1140736K)
[2020-09-11T15:57:13.794+0000][1][gc           ] GC(127) Pause Young (Allocation Failure) 191M->125M(2039M) 20.651ms
[2020-09-11T15:57:13.794+0000][1][gc,cpu       ] GC(127) User=0.02s Sys=0.00s Real=0.02s
[2020-09-11T15:57:13.794+0000][1][safepoint    ] Safepoint "GenCollectForAllocation", Time since last: 56280425 ns, Reaching safepoint: 259744 ns, At safepoint: 21565796 ns, Total: 21825540 ns
[2020-09-11T15:57:14.808+0000][1][safepoint    ] Safepoint "Cleanup", Time since last: 1013424332 ns, Reaching safepoint: 183458 ns, At safepoint: 21135 ns, Total: 204593 ns
[2020-09-11T15:57:15.808+0000][1][safepoint    ] Safepoint "Cleanup", Time since last: 1000203967 ns, Reaching safepoint: 100139 ns, At safepoint: 8067 ns, Total: 108206 ns
[2020-09-11T15:57:16.809+0000][1][safepoint    ] Safepoint "Cleanup", Time since last: 1000157971 ns, Reaching safepoint: 167698 ns, At safepoint: 19859 ns, Total: 187557 ns
[2020-09-11T15:57:17.809+0000][1][safepoint    ] Safepoint "Cleanup", Time since last: 1000235448 ns, Reaching safepoint: 161984 ns, At safepoint: 19295 ns, Total: 181279 ns
[2020-09-11T15:57:18.809+0000][1][safepoint    ] Safepoint "Cleanup", Time since last: 1000205306 ns, Reaching safepoint: 111064 ns, At safepoint: 8601 ns, Total: 119665 ns
[2020-09-11T15:57:19.810+0000][1][safepoint    ] Safepoint "Cleanup", Time since last: 1000157824 ns, Reaching safepoint: 176718 ns, At safepoint: 20511 ns, Total: 197229 ns
[2020-09-11T15:57:20.810+0000][1][safepoint    ] Safepoint "Cleanup", Time since last: 1000190246 ns, Reaching safepoint: 128046 ns, At safepoint: 8966 ns, Total: 137012 ns
[2020-09-11T15:57:21.810+0000][1][safepoint    ] Safepoint "Cleanup", Time since last: 1000159465 ns, Reaching safepoint: 114664 ns, At safepoint: 7924 ns, Total: 122588 ns
[2020-09-11T15:57:22.811+0000][1][safepoint    ] Safepoint "Cleanup", Time since last: 1000165526 ns, Reaching safepoint: 164514 ns, At safepoint: 19291 ns, Total: 183805 ns
[2020-09-11T15:57:23.742+0000][1][safepoint    ] Safepoint "RevokeBias", Time since last: 931106326 ns, Reaching safepoint: 226700 ns, At safepoint: 249117 ns, Total: 475817 ns
[2020-09-11T15:57:24.743+0000][1][safepoint    ] Safepoint "Cleanup", Time since last: 1000166347 ns, Reaching safepoint: 132093 ns, At safepoint: 8511 ns, Total: 140604 ns
[2020-09-11T15:57:25.743+0000][1][safepoint    ] Safepoint "Cleanup", Time since last: 1000159919 ns, Reaching safepoint: 128155 ns, At safepoint: 9771 ns, Total: 137926 ns
[2020-09-11T15:57:26.743+0000][1][safepoint    ] Safepoint "Cleanup", Time since last: 1000204126 ns, Reaching safepoint: 115284 ns, At safepoint: 6986 ns, Total: 122270 ns
[2020-09-11T15:57:27.744+0000][1][safepoint    ] Safepoint "Cleanup", Time since last: 1000157652 ns, Reaching safepoint: 126572 ns, At safepoint: 9868 ns, Total: 136440 ns
[2020-09-11T15:57:28.744+0000][1][safepoint    ] Safepoint "Cleanup", Time since last: 1000181511 ns, Reaching safepoint: 116895 ns, At safepoint: 9603 ns, Total: 126498 ns
[2020-09-11T15:57:29.744+0000][1][safepoint    ] Safepoint "Cleanup", Time since last: 1000148391 ns, Reaching safepoint: 174386 ns, At safepoint: 20056 ns, Total: 194442 ns
[2020-09-11T15:57:30.745+0000][1][safepoint    ] Safepoint "Cleanup", Time since last: 1000221251 ns, Reaching safepoint: 187276 ns, At safepoint: 22946 ns, Total: 210222 ns
[2020-09-11T15:57:31.745+0000][1][safepoint    ] Safepoint "Cleanup", Time since last: 1000223640 ns, Reaching safepoint: 168647 ns, At safepoint: 20748 ns, Total: 189395 ns
[2020-09-11T15:57:32.745+0000][1][safepoint    ] Safepoint "Cleanup", Time since last: 1000218670 ns, Reaching safepoint: 119716 ns, At safepoint: 8777 ns, Total: 128493 ns
[2020-09-11T15:57:33.717+0000][1][safepoint    ] Safepoint "RevokeBias", Time since last: 970598330 ns, Reaching safepoint: 237106 ns, At safepoint: 287846 ns, Total: 524952 ns
[2020-09-11T15:57:34.314+0000][1][gc,start     ] GC(128) Pause Young (Allocation Failure)
[2020-09-11T15:57:34.315+0000][1][gc,task      ] GC(128) Using 1 workers of 1 for evacuation
[2020-09-11T15:57:34.336+0000][1][gc,age       ] GC(128) Desired survivor size 4358144 bytes, new threshold 6 (max threshold 6)
[2020-09-11T15:57:34.336+0000][1][gc,age       ] GC(128) Age table with threshold 6 (max threshold 6)
[2020-09-11T15:57:34.336+0000][1][gc,age       ] GC(128) - age   1:     277368 bytes,     277368 total
[2020-09-11T15:57:34.336+0000][1][gc,age       ] GC(128) - age   2:     175136 bytes,     452504 total
[2020-09-11T15:57:34.336+0000][1][gc,age       ] GC(128) - age   3:     147000 bytes,     599504 total
[2020-09-11T15:57:34.336+0000][1][gc,age       ] GC(128) - age   4:      85600 bytes,     685104 total
[2020-09-11T15:57:34.336+0000][1][gc,age       ] GC(128) - age   5:     323232 bytes,    1008336 total
[2020-09-11T15:57:34.336+0000][1][gc,age       ] GC(128) - age   6:      46968 bytes,    1055304 total
[2020-09-11T15:57:34.336+0000][1][gc,heap      ] GC(128) ParNew: 70320K->1268K(76672K)
[2020-09-11T15:57:34.336+0000][1][gc,heap      ] GC(128) CMS: 126670K->126679K(2011968K)
[2020-09-11T15:57:34.336+0000][1][gc,metaspace ] GC(128) Metaspace: 98065K->98065K(1140736K)
[2020-09-11T15:57:34.336+0000][1][gc           ] GC(128) Pause Young (Allocation Failure) 192M->124M(2039M) 21.609ms
[2020-09-11T15:57:34.336+0000][1][gc,cpu       ] GC(128) User=0.02s Sys=0.00s Real=0.02s
[2020-09-11T15:57:34.336+0000][1][safepoint    ] Safepoint "GenCollectForAllocation", Time since last: 597543025 ns, Reaching safepoint: 282164 ns, At safepoint: 21772977 ns, Total: 22055141 ns
[2020-09-11T15:57:35.339+0000][1][safepoint    ] Safepoint "Cleanup", Time since last: 1002890544 ns, Reaching safepoint: 87088 ns, At safepoint: 6968 ns, Total: 94056 ns
[2020-09-11T15:57:36.339+0000][1][safepoint    ] Safepoint "Cleanup", Time since last: 1000167859 ns, Reaching safepoint: 159509 ns, At safepoint: 18646 ns, Total: 178155 ns
[2020-09-11T15:57:37.340+0000][1][safepoint    ] Safepoint "Cleanup", Time since last: 1000192836 ns, Reaching safepoint: 111880 ns, At safepoint: 6901 ns, Total: 118781 ns
[2020-09-11T15:57:38.340+0000][1][safepoint    ] Safepoint "Cleanup", Time since last: 1000158748 ns, Reaching safepoint: 159977 ns, At safepoint: 18793 ns, Total: 178770 ns
[2020-09-11T15:57:39.340+0000][1][safepoint    ] Safepoint "Cleanup", Time since last: 1000165124 ns, Reaching safepoint: 129699 ns, At safepoint: 7952 ns, Total: 137651 ns
[2020-09-11T15:57:40.342+0000][1][safepoint    ] Safepoint "Cleanup", Time since last: 1000442570 ns, Reaching safepoint: 700301 ns, At safepoint: 12603 ns, Total: 712904 ns
[2020-09-11T15:57:41.342+0000][1][safepoint    ] Safepoint "Cleanup", Time since last: 1000286157 ns, Reaching safepoint: 86711 ns, At safepoint: 7468 ns, Total: 94179 ns
[2020-09-11T15:57:42.343+0000][1][safepoint    ] Safepoint "Cleanup", Time since last: 1000580177 ns, Reaching safepoint: 172616 ns, At safepoint: 18603 ns, Total: 191219 ns
[2020-09-11T15:57:43.343+0000][1][safepoint    ] Safepoint "Cleanup", Time since last: 1000367007 ns, Reaching safepoint: 163956 ns, At safepoint: 16487 ns, Total: 180443 ns
[2020-09-11T15:57:43.808+0000][1][safepoint    ] Safepoint "RevokeBias", Time since last: 464939526 ns, Reaching safepoint: 210356 ns, At safepoint: 25391 ns, Total: 235747 ns
[2020-09-11T15:57:44.809+0000][1][safepoint    ] Safepoint "Cleanup", Time since last: 1000131640 ns, Reaching safepoint: 136596 ns, At safepoint: 8016 ns, Total: 144612 ns
[2020-09-11T15:57:45.809+0000][1][safepoint    ] Safepoint "Cleanup", Time since last: 1000138866 ns, Reaching safepoint: 129844 ns, At safepoint: 8113 ns, Total: 137957 ns
[2020-09-11T15:57:46.809+0000][1][safepoint    ] Safepoint "Cleanup", Time since last: 1000138837 ns, Reaching safepoint: 161975 ns, At safepoint: 17476 ns, Total: 179451 ns
[2020-09-11T15:57:47.810+0000][1][safepoint    ] Safepoint "Cleanup", Time since last: 1000185462 ns, Reaching safepoint: 122126 ns, At safepoint: 6449 ns, Total: 128575 ns
[2020-09-11T15:57:48.810+0000][1][safepoint    ] Safepoint "Cleanup", Time since last: 1000133553 ns, Reaching safepoint: 156422 ns, At safepoint: 17146 ns, Total: 173568 ns
[2020-09-11T15:57:49.810+0000][1][safepoint    ] Safepoint "Cleanup", Time since last: 1000180665 ns, Reaching safepoint: 171758 ns, At safepoint: 20560 ns, Total: 192318 ns
[2020-09-11T15:57:50.811+0000][1][safepoint    ] Safepoint "Cleanup", Time since last: 1000212746 ns, Reaching safepoint: 140269 ns, At safepoint: 9636 ns, Total: 149905 ns
[2020-09-11T15:57:53.695+0000][1][safepoint    ] Safepoint "RevokeBias", Time since last: 2883913885 ns, Reaching safepoint: 287537 ns, At safepoint: 281802 ns, Total: 569339 ns
[2020-09-11T15:57:54.696+0000][1][safepoint    ] Safepoint "Cleanup", Time since last: 1000203313 ns, Reaching safepoint: 178326 ns, At safepoint: 22308 ns, Total: 200634 ns
[2020-09-11T15:57:56.572+0000][1][gc,start     ] GC(129) Pause Young (Allocation Failure)
[2020-09-11T15:57:56.572+0000][1][gc,task      ] GC(129) Using 1 workers of 1 for evacuation
[2020-09-11T15:57:56.588+0000][1][gc,age       ] GC(129) Desired survivor size 4358144 bytes, new threshold 6 (max threshold 6)
[2020-09-11T15:57:56.588+0000][1][gc,age       ] GC(129) Age table with threshold 6 (max threshold 6)
[2020-09-11T15:57:56.588+0000][1][gc,age       ] GC(129) - age   1:     113712 bytes,     113712 total
[2020-09-11T15:57:56.588+0000][1][gc,age       ] GC(129) - age   2:     188656 bytes,     302368 total
[2020-09-11T15:57:56.588+0000][1][gc,age       ] GC(129) - age   3:     172904 bytes,     475272 total
[2020-09-11T15:57:56.588+0000][1][gc,age       ] GC(129) - age   4:     146496 bytes,     621768 total
[2020-09-11T15:57:56.588+0000][1][gc,age       ] GC(129) - age   5:      78952 bytes,     700720 total
[2020-09-11T15:57:56.588+0000][1][gc,age       ] GC(129) - age   6:     319680 bytes,    1020400 total
[2020-09-11T15:57:56.588+0000][1][gc,heap      ] GC(129) ParNew: 69428K->1089K(76672K)
[2020-09-11T15:57:56.588+0000][1][gc,heap      ] GC(129) CMS: 126679K->126721K(2011968K)
[2020-09-11T15:57:56.588+0000][1][gc,metaspace ] GC(129) Metaspace: 98093K->98093K(1140736K)
[2020-09-11T15:57:56.588+0000][1][gc           ] GC(129) Pause Young (Allocation Failure) 191M->124M(2039M) 15.558ms
[2020-09-11T15:57:56.588+0000][1][gc,cpu       ] GC(129) User=0.02s Sys=0.00s Real=0.02s
[2020-09-11T15:57:56.588+0000][1][safepoint    ] Safepoint "GenCollectForAllocation", Time since last: 1876339321 ns, Reaching safepoint: 220254 ns, At safepoint: 16279651 ns, Total: 16499905 ns
[2020-09-11T15:57:57.591+0000][1][safepoint    ] Safepoint "Cleanup", Time since last: 1002296942 ns, Reaching safepoint: 174407 ns, At safepoint: 16768 ns, Total: 191175 ns
[2020-09-11T15:58:00.593+0000][1][safepoint    ] Safepoint "Cleanup", Time since last: 3001652879 ns, Reaching safepoint: 103174 ns, At safepoint: 8627 ns, Total: 111801 ns
[2020-09-11T15:58:02.593+0000][1][safepoint    ] Safepoint "Cleanup", Time since last: 2000266676 ns, Reaching safepoint: 178696 ns, At safepoint: 17357 ns, Total: 196053 ns
[2020-09-11T15:58:03.709+0000][1][safepoint    ] Safepoint "BulkRevokeBias", Time since last: 1113059315 ns, Reaching safepoint: 415932 ns, At safepoint: 2537820 ns, Total: 2953752 ns
[2020-09-11T15:58:03.831+0000][1][safepoint    ] Safepoint "RevokeBias", Time since last: 121750833 ns, Reaching safepoint: 167286 ns, At safepoint: 20485 ns, Total: 187771 ns
[2020-09-11T15:58:04.831+0000][1][safepoint    ] Safepoint "Cleanup", Time since last: 1000181930 ns, Reaching safepoint: 181857 ns, At safepoint: 20073 ns, Total: 201930 ns
[2020-09-11T15:58:05.832+0000][1][safepoint    ] Safepoint "Cleanup", Time since last: 1000202193 ns, Reaching safepoint: 147014 ns, At safepoint: 9242 ns, Total: 156256 ns
[2020-09-11T15:58:07.832+0000][1][safepoint    ] Safepoint "Cleanup", Time since last: 2000315577 ns, Reaching safepoint: 110999 ns, At safepoint: 9038 ns, Total: 120037 ns
[2020-09-11T15:58:08.833+0000][1][safepoint    ] Safepoint "Cleanup", Time since last: 1000209999 ns, Reaching safepoint: 118512 ns, At safepoint: 9786 ns, Total: 128298 ns
[2020-09-11T15:58:12.833+0000][1][safepoint    ] Safepoint "Cleanup", Time since last: 4000588366 ns, Reaching safepoint: 133776 ns, At safepoint: 9264 ns, Total: 143040 ns
[2020-09-11T15:58:13.697+0000][1][safepoint    ] Safepoint "RevokeBias", Time since last: 863587983 ns, Reaching safepoint: 229055 ns, At safepoint: 19052 ns, Total: 248107 ns
[2020-09-11T15:58:14.698+0000][1][safepoint    ] Safepoint "Cleanup", Time since last: 1000193748 ns, Reaching safepoint: 184200 ns, At safepoint: 20396 ns, Total: 204596 ns
[2020-09-11T15:58:15.698+0000][1][safepoint    ] Safepoint "Cleanup", Time since last: 1000250252 ns, Reaching safepoint: 116505 ns, At safepoint: 9621 ns, Total: 126126 ns
[2020-09-11T15:58:16.698+0000][1][safepoint    ] Safepoint "Cleanup", Time since last: 1000191966 ns, Reaching safepoint: 115332 ns, At safepoint: 8765 ns, Total: 124097 ns
[2020-09-11T15:58:17.699+0000][1][safepoint    ] Safepoint "Cleanup", Time since last: 1000186621 ns, Reaching safepoint: 118958 ns, At safepoint: 9588 ns, Total: 128546 ns
[2020-09-11T15:58:18.699+0000][1][safepoint    ] Safepoint "Cleanup", Time since last: 1000185642 ns, Reaching safepoint: 124453 ns, At safepoint: 9599 ns, Total: 134052 ns
[2020-09-11T15:58:19.699+0000][1][safepoint    ] Safepoint "Cleanup", Time since last: 1000208136 ns, Reaching safepoint: 119155 ns, At safepoint: 8486 ns, Total: 127641 ns
[2020-09-11T15:58:20.281+0000][1][gc,start     ] GC(130) Pause Young (Allocation Failure)
[2020-09-11T15:58:20.281+0000][1][gc,task      ] GC(130) Using 1 workers of 1 for evacuation
[2020-09-11T15:58:20.301+0000][1][gc,age       ] GC(130) Desired survivor size 4358144 bytes, new threshold 6 (max threshold 6)
[2020-09-11T15:58:20.301+0000][1][gc,age       ] GC(130) Age table with threshold 6 (max threshold 6)
[2020-09-11T15:58:20.301+0000][1][gc,age       ] GC(130) - age   1:     540896 bytes,     540896 total
[2020-09-11T15:58:20.301+0000][1][gc,age       ] GC(130) - age   2:      39000 bytes,     579896 total
[2020-09-11T15:58:20.301+0000][1][gc,age       ] GC(130) - age   3:     181864 bytes,     761760 total
[2020-09-11T15:58:20.301+0000][1][gc,age       ] GC(130) - age   4:     172864 bytes,     934624 total
[2020-09-11T15:58:20.301+0000][1][gc,age       ] GC(130) - age   5:     146496 bytes,    1081120 total
[2020-09-11T15:58:20.301+0000][1][gc,age       ] GC(130) - age   6:       7320 bytes,    1088440 total
[2020-09-11T15:58:20.301+0000][1][gc,heap      ] GC(130) ParNew: 69249K->2039K(76672K)
[2020-09-11T15:58:20.301+0000][1][gc,heap      ] GC(130) CMS: 126721K->126793K(2011968K)
[2020-09-11T15:58:20.301+0000][1][gc,metaspace ] GC(130) Metaspace: 98122K->98122K(1140736K)
[2020-09-11T15:58:20.301+0000][1][gc           ] GC(130) Pause Young (Allocation Failure) 191M->125M(2039M) 20.397ms
[2020-09-11T15:58:20.301+0000][1][gc,cpu       ] GC(130) User=0.01s Sys=0.00s Real=0.02s
[2020-09-11T15:58:20.309+0000][1][safepoint    ] Safepoint "GenCollectForAllocation", Time since last: 581585951 ns, Reaching safepoint: 191798 ns, At safepoint: 27794532 ns, Total: 27986330 ns
[2020-09-11T15:58:21.313+0000][1][safepoint    ] Safepoint "Cleanup", Time since last: 1004407381 ns, Reaching safepoint: 160575 ns, At safepoint: 18636 ns, Total: 179211 ns
[2020-09-11T15:58:22.314+0000][1][safepoint    ] Safepoint "Cleanup", Time since last: 1000691009 ns, Reaching safepoint: 197323 ns, At safepoint: 11462 ns, Total: 208785 ns
[2020-09-11T15:58:23.315+0000][1][safepoint    ] Safepoint "Cleanup", Time since last: 1000171378 ns, Reaching safepoint: 169662 ns, At safepoint: 17527 ns, Total: 187189 ns
[2020-09-11T15:58:23.691+0000][1][safepoint    ] Safepoint "RevokeBias", Time since last: 375555646 ns, Reaching safepoint: 238291 ns, At safepoint: 239013 ns, Total: 477304 ns
[2020-09-11T15:58:24.691+0000][1][safepoint    ] Safepoint "Cleanup", Time since last: 1000179995 ns, Reaching safepoint: 115688 ns, At safepoint: 8167 ns, Total: 123855 ns
[2020-09-11T15:58:25.691+0000][1][safepoint    ] Safepoint "Cleanup", Time since last: 1000187883 ns, Reaching safepoint: 121022 ns, At safepoint: 9110 ns, Total: 130132 ns
[2020-09-11T15:58:26.692+0000][1][safepoint    ] Safepoint "Cleanup", Time since last: 1000164958 ns, Reaching safepoint: 162249 ns, At safepoint: 19301 ns, Total: 181550 ns
[2020-09-11T15:58:27.692+0000][1][safepoint    ] Safepoint "Cleanup", Time since last: 1000230771 ns, Reaching safepoint: 178483 ns, At safepoint: 21369 ns, Total: 199852 ns
[2020-09-11T15:58:28.693+0000][1][safepoint    ] Safepoint "Cleanup", Time since last: 1000271329 ns, Reaching safepoint: 168089 ns, At safepoint: 19491 ns, Total: 187580 ns
[2020-09-11T15:58:29.693+0000][1][safepoint    ] Safepoint "Cleanup", Time since last: 1000217828 ns, Reaching safepoint: 348717 ns, At safepoint: 20774 ns, Total: 369491 ns
[2020-09-11T15:58:30.694+0000][1][safepoint    ] Safepoint "Cleanup", Time since last: 1000241854 ns, Reaching safepoint: 153803 ns, At safepoint: 17734 ns, Total: 171537 ns
[2020-09-11T15:58:31.694+0000][1][safepoint    ] Safepoint "Cleanup", Time since last: 1000242913 ns, Reaching safepoint: 106915 ns, At safepoint: 9428 ns, Total: 116343 ns
[2020-09-11T15:58:32.694+0000][1][safepoint    ] Safepoint "Cleanup", Time since last: 1000189041 ns, Reaching safepoint: 181402 ns, At safepoint: 25258 ns, Total: 206660 ns
[2020-09-11T15:58:33.695+0000][1][safepoint    ] Safepoint "RevokeBias", Time since last: 1000185565 ns, Reaching safepoint: 281755 ns, At safepoint: 277025 ns, Total: 558780 ns
[2020-09-11T15:58:34.695+0000][1][safepoint    ] Safepoint "Cleanup", Time since last: 1000192759 ns, Reaching safepoint: 144987 ns, At safepoint: 9119 ns, Total: 154106 ns
[2020-09-11T15:58:35.696+0000][1][safepoint    ] Safepoint "Cleanup", Time since last: 1000187942 ns, Reaching safepoint: 181165 ns, At safepoint: 20053 ns, Total: 201218 ns
[2020-09-11T15:58:36.696+0000][1][safepoint    ] Safepoint "Cleanup", Time since last: 1000186326 ns, Reaching safepoint: 129875 ns, At safepoint: 8686 ns, Total: 138561 ns
[2020-09-11T15:58:37.696+0000][1][safepoint    ] Safepoint "Cleanup", Time since last: 1000179191 ns, Reaching safepoint: 113040 ns, At safepoint: 8737 ns, Total: 121777 ns
[2020-09-11T15:58:38.697+0000][1][safepoint    ] Safepoint "Cleanup", Time since last: 1000084582 ns, Reaching safepoint: 94784 ns, At safepoint: 8255 ns, Total: 103039 ns
[2020-09-11T15:58:39.697+0000][1][safepoint    ] Safepoint "Cleanup", Time since last: 1000214770 ns, Reaching safepoint: 116560 ns, At safepoint: 9412 ns, Total: 125972 ns
[2020-09-11T15:58:40.697+0000][1][safepoint    ] Safepoint "Cleanup", Time since last: 1000144002 ns, Reaching safepoint: 132819 ns, At safepoint: 9080 ns, Total: 141899 ns
[2020-09-11T15:58:41.698+0000][1][safepoint    ] Safepoint "Cleanup", Time since last: 1000210954 ns, Reaching safepoint: 108333 ns, At safepoint: 9174 ns, Total: 117507 ns
[2020-09-11T15:58:42.416+0000][1][gc,start     ] GC(131) Pause Young (Allocation Failure)
[2020-09-11T15:58:42.416+0000][1][gc,task      ] GC(131) Using 1 workers of 1 for evacuation
[2020-09-11T15:58:42.431+0000][1][gc,age       ] GC(131) Desired survivor size 4358144 bytes, new threshold 6 (max threshold 6)
[2020-09-11T15:58:42.431+0000][1][gc,age       ] GC(131) Age table with threshold 6 (max threshold 6)
[2020-09-11T15:58:42.431+0000][1][gc,age       ] GC(131) - age   1:     283864 bytes,     283864 total
[2020-09-11T15:58:42.431+0000][1][gc,age       ] GC(131) - age   2:     448696 bytes,     732560 total
[2020-09-11T15:58:42.431+0000][1][gc,age       ] GC(131) - age   3:      22968 bytes,     755528 total
[2020-09-11T15:58:42.431+0000][1][gc,age       ] GC(131) - age   4:     180528 bytes,     936056 total
[2020-09-11T15:58:42.431+0000][1][gc,age       ] GC(131) - age   5:      65288 bytes,    1001344 total
[2020-09-11T15:58:42.431+0000][1][gc,age       ] GC(131) - age   6:     146496 bytes,    1147840 total
[2020-09-11T15:58:42.431+0000][1][gc,heap      ] GC(131) ParNew: 70199K->1307K(76672K)
[2020-09-11T15:58:42.431+0000][1][gc,heap      ] GC(131) CMS: 126793K->126800K(2011968K)
[2020-09-11T15:58:42.431+0000][1][gc,metaspace ] GC(131) Metaspace: 98156K->98156K(1140736K)
[2020-09-11T15:58:42.431+0000][1][gc           ] GC(131) Pause Young (Allocation Failure) 192M->125M(2039M) 15.819ms
[2020-09-11T15:58:42.432+0000][1][gc,cpu       ] GC(131) User=0.02s Sys=0.00s Real=0.01s
[2020-09-11T15:58:42.433+0000][1][safepoint    ] Safepoint "GenCollectForAllocation", Time since last: 717931608 ns, Reaching safepoint: 193330 ns, At safepoint: 17694180 ns, Total: 17887510 ns
[2020-09-11T15:58:43.437+0000][1][safepoint    ] Safepoint "Cleanup", Time since last: 1003300604 ns, Reaching safepoint: 250395 ns, At safepoint: 90861 ns, Total: 341256 ns
[2020-09-11T15:58:43.712+0000][1][safepoint    ] Safepoint "RevokeBias", Time since last: 274078781 ns, Reaching safepoint: 249852 ns, At safepoint: 288046 ns, Total: 537898 ns
[2020-09-11T15:58:44.712+0000][1][safepoint    ] Safepoint "Cleanup", Time since last: 1000182296 ns, Reaching safepoint: 179201 ns, At safepoint: 21239 ns, Total: 200440 ns
[2020-09-11T15:58:45.712+0000][1][safepoint    ] Safepoint "Cleanup", Time since last: 1000240859 ns, Reaching safepoint: 169134 ns, At safepoint: 19990 ns, Total: 189124 ns
[2020-09-11T15:58:53.712+0000][1][safepoint    ] Safepoint "RevokeBias", Time since last: 7999933251 ns, Reaching safepoint: 95544 ns, At safepoint: 20625 ns, Total: 116169 ns
[2020-09-11T15:59:03.629+0000][1][gc,start     ] GC(132) Pause Young (Allocation Failure)
[2020-09-11T15:59:03.629+0000][1][gc,task      ] GC(132) Using 1 workers of 1 for evacuation
[2020-09-11T15:59:03.644+0000][1][gc,age       ] GC(132) Desired survivor size 4358144 bytes, new threshold 6 (max threshold 6)
[2020-09-11T15:59:03.644+0000][1][gc,age       ] GC(132) Age table with threshold 6 (max threshold 6)
[2020-09-11T15:59:03.644+0000][1][gc,age       ] GC(132) - age   1:     108952 bytes,     108952 total
[2020-09-11T15:59:03.644+0000][1][gc,age       ] GC(132) - age   2:     132256 bytes,     241208 total
[2020-09-11T15:59:03.644+0000][1][gc,age       ] GC(132) - age   3:     445088 bytes,     686296 total
[2020-09-11T15:59:03.644+0000][1][gc,age       ] GC(132) - age   4:      22968 bytes,     709264 total
[2020-09-11T15:59:03.644+0000][1][gc,age       ] GC(132) - age   5:     180488 bytes,     889752 total
[2020-09-11T15:59:03.644+0000][1][gc,age       ] GC(132) - age   6:      65288 bytes,     955040 total
[2020-09-11T15:59:03.644+0000][1][gc,heap      ] GC(132) ParNew: 69467K->1004K(76672K)
[2020-09-11T15:59:03.644+0000][1][gc,heap      ] GC(132) CMS: 126800K->126944K(2011968K)
[2020-09-11T15:59:03.644+0000][1][gc,metaspace ] GC(132) Metaspace: 98174K->98174K(1140736K)
[2020-09-11T15:59:03.644+0000][1][gc           ] GC(132) Pause Young (Allocation Failure) 191M->124M(2039M) 15.216ms
[2020-09-11T15:59:03.644+0000][1][gc,cpu       ] GC(132) User=0.02s Sys=0.00s Real=0.02s
[2020-09-11T15:59:03.653+0000][1][safepoint    ] Safepoint "GenCollectForAllocation", Time since last: 9916103503 ns, Reaching safepoint: 101105 ns, At safepoint: 24757342 ns, Total: 24858447 ns
[2020-09-11T15:59:03.711+0000][1][safepoint    ] Safepoint "RevokeBias", Time since last: 55222615 ns, Reaching safepoint: 2392403 ns, At safepoint: 267224 ns, Total: 2659627 ns
[2020-09-11T15:59:04.712+0000][1][safepoint    ] Safepoint "Cleanup", Time since last: 1000174097 ns, Reaching safepoint: 126742 ns, At safepoint: 9120 ns, Total: 135862 ns
[2020-09-11T15:59:13.719+0000][1][safepoint    ] Safepoint "RevokeBias", Time since last: 9006592736 ns, Reaching safepoint: 793161 ns, At safepoint: 263347 ns, Total: 1056508 ns
[2020-09-11T15:59:14.720+0000][1][safepoint    ] Safepoint "Cleanup", Time since last: 1000228401 ns, Reaching safepoint: 93333 ns, At safepoint: 10025 ns, Total: 103358 ns
[2020-09-11T15:59:21.721+0000][1][safepoint    ] Safepoint "Cleanup", Time since last: 7001043211 ns, Reaching safepoint: 129767 ns, At safepoint: 9687 ns, Total: 139454 ns
[2020-09-11T15:59:22.721+0000][1][safepoint    ] Safepoint "Cleanup", Time since last: 1000176907 ns, Reaching safepoint: 118507 ns, At safepoint: 9165 ns, Total: 127672 ns
[2020-09-11T15:59:23.725+0000][1][safepoint    ] Safepoint "RevokeBias", Time since last: 1003890876 ns, Reaching safepoint: 91683 ns, At safepoint: 21555 ns, Total: 113238 ns
[2020-09-11T15:59:23.756+0000][1][gc,start     ] GC(133) Pause Young (Allocation Failure)
[2020-09-11T15:59:23.756+0000][1][gc,task      ] GC(133) Using 1 workers of 1 for evacuation
[2020-09-11T15:59:23.771+0000][1][gc,age       ] GC(133) Desired survivor size 4358144 bytes, new threshold 6 (max threshold 6)
[2020-09-11T15:59:23.771+0000][1][gc,age       ] GC(133) Age table with threshold 6 (max threshold 6)
[2020-09-11T15:59:23.771+0000][1][gc,age       ] GC(133) - age   1:     436184 bytes,     436184 total
[2020-09-11T15:59:23.771+0000][1][gc,age       ] GC(133) - age   2:      13816 bytes,     450000 total
[2020-09-11T15:59:23.771+0000][1][gc,age       ] GC(133) - age   3:     130648 bytes,     580648 total
[2020-09-11T15:59:23.771+0000][1][gc,age       ] GC(133) - age   4:     445088 bytes,    1025736 total
[2020-09-11T15:59:23.771+0000][1][gc,age       ] GC(133) - age   5:      22968 bytes,    1048704 total
[2020-09-11T15:59:23.771+0000][1][gc,age       ] GC(133) - age   6:     151000 bytes,    1199704 total
[2020-09-11T15:59:23.771+0000][1][gc,heap      ] GC(133) ParNew: 69164K->1901K(76672K)
[2020-09-11T15:59:23.771+0000][1][gc,heap      ] GC(133) CMS: 126944K->126952K(2011968K)
[2020-09-11T15:59:23.771+0000][1][gc,metaspace ] GC(133) Metaspace: 98179K->98179K(1140736K)
[2020-09-11T15:59:23.771+0000][1][gc           ] GC(133) Pause Young (Allocation Failure) 191M->125M(2039M) 15.146ms
[2020-09-11T15:59:23.771+0000][1][gc,cpu       ] GC(133) User=0.01s Sys=0.00s Real=0.01s
[2020-09-11T15:59:23.771+0000][1][safepoint    ] Safepoint "GenCollectForAllocation", Time since last: 30973779 ns, Reaching safepoint: 207456 ns, At safepoint: 15215256 ns, Total: 15422712 ns
[2020-09-11T15:59:24.790+0000][1][safepoint    ] Safepoint "Cleanup", Time since last: 1018816978 ns, Reaching safepoint: 118782 ns, At safepoint: 7490 ns, Total: 126272 ns
[2020-09-11T15:59:26.791+0000][1][safepoint    ] Safepoint "Cleanup", Time since last: 2000295461 ns, Reaching safepoint: 135957 ns, At safepoint: 9369 ns, Total: 145326 ns
[2020-09-11T15:59:32.792+0000][1][safepoint    ] Safepoint "Cleanup", Time since last: 6000851403 ns, Reaching safepoint: 124200 ns, At safepoint: 9469 ns, Total: 133669 ns
[2020-09-11T15:59:33.701+0000][1][safepoint    ] Safepoint "RevokeBias", Time since last: 909363730 ns, Reaching safepoint: 188208 ns, At safepoint: 19965 ns, Total: 208173 ns
[2020-09-11T15:59:35.702+0000][1][safepoint    ] Safepoint "Cleanup", Time since last: 2000336731 ns, Reaching safepoint: 121895 ns, At safepoint: 9151 ns, Total: 131046 ns
[2020-09-11T15:59:43.707+0000][1][safepoint    ] Safepoint "Cleanup", Time since last: 8001232091 ns, Reaching safepoint: 3766456 ns, At safepoint: 16288 ns, Total: 3782744 ns
[2020-09-11T15:59:43.710+0000][1][safepoint    ] Safepoint "RevokeBias", Time since last: 3326656 ns, Reaching safepoint: 99256 ns, At safepoint: 22084 ns, Total: 121340 ns
[2020-09-11T15:59:43.793+0000][1][gc,start     ] GC(134) Pause Young (Allocation Failure)
[2020-09-11T15:59:43.794+0000][1][gc,task      ] GC(134) Using 1 workers of 1 for evacuation
[2020-09-11T15:59:43.811+0000][1][gc,age       ] GC(134) Desired survivor size 4358144 bytes, new threshold 6 (max threshold 6)
[2020-09-11T15:59:43.811+0000][1][gc,age       ] GC(134) Age table with threshold 6 (max threshold 6)
[2020-09-11T15:59:43.811+0000][1][gc,age       ] GC(134) - age   1:     429632 bytes,     429632 total
[2020-09-11T15:59:43.811+0000][1][gc,age       ] GC(134) - age   2:     118880 bytes,     548512 total
[2020-09-11T15:59:43.811+0000][1][gc,age       ] GC(134) - age   3:       8504 bytes,     557016 total
[2020-09-11T15:59:43.811+0000][1][gc,age       ] GC(134) - age   4:     130320 bytes,     687336 total
[2020-09-11T15:59:43.811+0000][1][gc,age       ] GC(134) - age   5:     445088 bytes,    1132424 total
[2020-09-11T15:59:43.811+0000][1][gc,age       ] GC(134) - age   6:      15216 bytes,    1147640 total
[2020-09-11T15:59:43.811+0000][1][gc,heap      ] GC(134) ParNew: 70061K->2232K(76672K)
[2020-09-11T15:59:43.811+0000][1][gc,heap      ] GC(134) CMS: 126952K->127007K(2011968K)
[2020-09-11T15:59:43.811+0000][1][gc,metaspace ] GC(134) Metaspace: 98192K->98192K(1140736K)
[2020-09-11T15:59:43.811+0000][1][gc           ] GC(134) Pause Young (Allocation Failure) 192M->126M(2039M) 17.293ms
[2020-09-11T15:59:43.811+0000][1][gc,cpu       ] GC(134) User=0.02s Sys=0.00s Real=0.01s
[2020-09-11T15:59:43.814+0000][1][safepoint    ] Safepoint "GenCollectForAllocation", Time since last: 82892890 ns, Reaching safepoint: 197518 ns, At safepoint: 20618262 ns, Total: 20815780 ns
[2020-09-11T15:59:44.820+0000][1][safepoint    ] Safepoint "Cleanup", Time since last: 1005536105 ns, Reaching safepoint: 175937 ns, At safepoint: 20738 ns, Total: 196675 ns
[2020-09-11T15:59:50.821+0000][1][safepoint    ] Safepoint "Cleanup", Time since last: 6000853084 ns, Reaching safepoint: 133020 ns, At safepoint: 8776 ns, Total: 141796 ns
[2020-09-11T15:59:53.773+0000][1][safepoint    ] Safepoint "RevokeBias", Time since last: 2951225491 ns, Reaching safepoint: 241538 ns, At safepoint: 267387 ns, Total: 508925 ns
[2020-09-11T15:59:54.773+0000][1][safepoint    ] Safepoint "Cleanup", Time since last: 1000157174 ns, Reaching safepoint: 91478 ns, At safepoint: 6224 ns, Total: 97702 ns
[2020-09-11T15:59:59.774+0000][1][safepoint    ] Safepoint "Cleanup", Time since last: 5000673010 ns, Reaching safepoint: 114054 ns, At safepoint: 13014 ns, Total: 127068 ns
[2020-09-11T16:00:03.689+0000][1][safepoint    ] Safepoint "RevokeBias", Time since last: 3915063144 ns, Reaching safepoint: 300810 ns, At safepoint: 268865 ns, Total: 569675 ns
[2020-09-11T16:00:05.690+0000][1][safepoint    ] Safepoint "Cleanup", Time since last: 2000256530 ns, Reaching safepoint: 96650 ns, At safepoint: 7264 ns, Total: 103914 ns
[2020-09-11T16:00:08.619+0000][1][gc,start     ] GC(135) Pause Young (Allocation Failure)
[2020-09-11T16:00:08.619+0000][1][gc,task      ] GC(135) Using 1 workers of 1 for evacuation
[2020-09-11T16:00:08.634+0000][1][gc,age       ] GC(135) Desired survivor size 4358144 bytes, new threshold 6 (max threshold 6)
[2020-09-11T16:00:08.634+0000][1][gc,age       ] GC(135) Age table with threshold 6 (max threshold 6)
[2020-09-11T16:00:08.634+0000][1][gc,age       ] GC(135) - age   1:     504920 bytes,     504920 total
[2020-09-11T16:00:08.634+0000][1][gc,age       ] GC(135) - age   2:     192616 bytes,     697536 total
[2020-09-11T16:00:08.634+0000][1][gc,age       ] GC(135) - age   3:     103584 bytes,     801120 total
[2020-09-11T16:00:08.634+0000][1][gc,age       ] GC(135) - age   4:       8472 bytes,     809592 total
[2020-09-11T16:00:08.634+0000][1][gc,age       ] GC(135) - age   5:     128784 bytes,     938376 total
[2020-09-11T16:00:08.634+0000][1][gc,age       ] GC(135) - age   6:     136976 bytes,    1075352 total
[2020-09-11T16:00:08.634+0000][1][gc,heap      ] GC(135) ParNew: 70392K->1398K(76672K)
[2020-09-11T16:00:08.634+0000][1][gc,heap      ] GC(135) CMS: 127007K->127014K(2011968K)
[2020-09-11T16:00:08.634+0000][1][gc,metaspace ] GC(135) Metaspace: 98246K->98246K(1140736K)
[2020-09-11T16:00:08.634+0000][1][gc           ] GC(135) Pause Young (Allocation Failure) 192M->125M(2039M) 15.351ms
[2020-09-11T16:00:08.634+0000][1][gc,cpu       ] GC(135) User=0.01s Sys=0.00s Real=0.02s
[2020-09-11T16:00:08.635+0000][1][safepoint    ] Safepoint "GenCollectForAllocation", Time since last: 2928908459 ns, Reaching safepoint: 390492 ns, At safepoint: 16473973 ns, Total: 16864465 ns
[2020-09-11T16:00:13.755+0000][1][safepoint    ] Safepoint "RevokeBias", Time since last: 5119466261 ns, Reaching safepoint: 245695 ns, At safepoint: 267768 ns, Total: 513463 ns
[2020-09-11T16:00:14.756+0000][1][safepoint    ] Safepoint "Cleanup", Time since last: 1000189604 ns, Reaching safepoint: 125033 ns, At safepoint: 10688 ns, Total: 135721 ns
[2020-09-11T16:00:23.761+0000][1][safepoint    ] Safepoint "Cleanup", Time since last: 9001252957 ns, Reaching safepoint: 3945439 ns, At safepoint: 9872 ns, Total: 3955311 ns
[2020-09-11T16:00:23.805+0000][1][safepoint    ] Safepoint "RevokeBias", Time since last: 42230783 ns, Reaching safepoint: 1837871 ns, At safepoint: 279775 ns, Total: 2117646 ns
[2020-09-11T16:00:24.806+0000][1][safepoint    ] Safepoint "Cleanup", Time since last: 1000183468 ns, Reaching safepoint: 109326 ns, At safepoint: 7329 ns, Total: 116655 ns
[2020-09-11T16:00:30.638+0000][1][gc,start     ] GC(136) Pause Young (Allocation Failure)
[2020-09-11T16:00:30.638+0000][1][gc,task      ] GC(136) Using 1 workers of 1 for evacuation
[2020-09-11T16:00:30.654+0000][1][gc,age       ] GC(136) Desired survivor size 4358144 bytes, new threshold 6 (max threshold 6)
[2020-09-11T16:00:30.655+0000][1][gc,age       ] GC(136) Age table with threshold 6 (max threshold 6)
[2020-09-11T16:00:30.655+0000][1][gc,age       ] GC(136) - age   1:     349312 bytes,     349312 total
[2020-09-11T16:00:30.655+0000][1][gc,age       ] GC(136) - age   2:     392440 bytes,     741752 total
[2020-09-11T16:00:30.655+0000][1][gc,age       ] GC(136) - age   3:     190008 bytes,     931760 total
[2020-09-11T16:00:30.655+0000][1][gc,age       ] GC(136) - age   4:     103312 bytes,    1035072 total
[2020-09-11T16:00:30.655+0000][1][gc,age       ] GC(136) - age   5:       8472 bytes,    1043544 total
[2020-09-11T16:00:30.655+0000][1][gc,age       ] GC(136) - age   6:       9984 bytes,    1053528 total
[2020-09-11T16:00:30.655+0000][1][gc,heap      ] GC(136) ParNew: 69558K->1924K(76672K)
[2020-09-11T16:00:30.655+0000][1][gc,heap      ] GC(136) CMS: 127014K->127099K(2011968K)
[2020-09-11T16:00:30.655+0000][1][gc,metaspace ] GC(136) Metaspace: 98278K->98278K(1140736K)
[2020-09-11T16:00:30.655+0000][1][gc           ] GC(136) Pause Young (Allocation Failure) 191M->126M(2039M) 16.475ms
[2020-09-11T16:00:30.655+0000][1][gc,cpu       ] GC(136) User=0.01s Sys=0.00s Real=0.02s
[2020-09-11T16:00:30.655+0000][1][safepoint    ] Safepoint "GenCollectForAllocation", Time since last: 5830873788 ns, Reaching safepoint: 1760514 ns, At safepoint: 16884734 ns, Total: 18645248 ns
[2020-09-11T16:00:33.659+0000][1][safepoint    ] Safepoint "Cleanup", Time since last: 3003393035 ns, Reaching safepoint: 94037 ns, At safepoint: 6767 ns, Total: 100804 ns
[2020-09-11T16:00:33.720+0000][1][safepoint    ] Safepoint "RevokeBias", Time since last: 60937371 ns, Reaching safepoint: 266484 ns, At safepoint: 219925 ns, Total: 486409 ns
[2020-09-11T16:00:35.721+0000][1][safepoint    ] Safepoint "Cleanup", Time since last: 2000400845 ns, Reaching safepoint: 155744 ns, At safepoint: 17019 ns, Total: 172763 ns
[2020-09-11T16:00:36.721+0000][1][safepoint    ] Safepoint "Cleanup", Time since last: 1000305914 ns, Reaching safepoint: 163685 ns, At safepoint: 17086 ns, Total: 180771 ns
[2020-09-11T16:00:37.721+0000][1][safepoint    ] Safepoint "Cleanup", Time since last: 1000274541 ns, Reaching safepoint: 87041 ns, At safepoint: 6430 ns, Total: 93471 ns
[2020-09-11T16:00:38.722+0000][1][safepoint    ] Safepoint "Cleanup", Time since last: 1000236323 ns, Reaching safepoint: 174267 ns, At safepoint: 18552 ns, Total: 192819 ns
[2020-09-11T16:00:39.722+0000][1][safepoint    ] Safepoint "Cleanup", Time since last: 1000216370 ns, Reaching safepoint: 158764 ns, At safepoint: 16795 ns, Total: 175559 ns
[2020-09-11T16:00:40.723+0000][1][safepoint    ] Safepoint "Cleanup", Time since last: 1000226687 ns, Reaching safepoint: 110896 ns, At safepoint: 7376 ns, Total: 118272 ns
[2020-09-11T16:00:41.723+0000][1][safepoint    ] Safepoint "Cleanup", Time since last: 1000151578 ns, Reaching safepoint: 144937 ns, At safepoint: 7380 ns, Total: 152317 ns
[2020-09-11T16:00:42.723+0000][1][safepoint    ] Safepoint "Cleanup", Time since last: 1000196542 ns, Reaching safepoint: 120410 ns, At safepoint: 7683 ns, Total: 128093 ns
[2020-09-11T16:00:43.705+0000][1][safepoint    ] Safepoint "RevokeBias", Time since last: 978888361 ns, Reaching safepoint: 2430895 ns, At safepoint: 233883 ns, Total: 2664778 ns
[2020-09-11T16:00:44.705+0000][1][safepoint    ] Safepoint "Cleanup", Time since last: 1000457801 ns, Reaching safepoint: 127063 ns, At safepoint: 7766 ns, Total: 134829 ns
[2020-09-11T16:00:45.706+0000][1][safepoint    ] Safepoint "Cleanup", Time since last: 1000214033 ns, Reaching safepoint: 113100 ns, At safepoint: 7142 ns, Total: 120242 ns
[2020-09-11T16:00:46.706+0000][1][safepoint    ] Safepoint "Cleanup", Time since last: 1000191523 ns, Reaching safepoint: 107598 ns, At safepoint: 7440 ns, Total: 115038 ns
[2020-09-11T16:00:47.706+0000][1][safepoint    ] Safepoint "Cleanup", Time since last: 1000200012 ns, Reaching safepoint: 156666 ns, At safepoint: 17834 ns, Total: 174500 ns
[2020-09-11T16:00:48.707+0000][1][safepoint    ] Safepoint "Cleanup", Time since last: 1000223506 ns, Reaching safepoint: 109459 ns, At safepoint: 7577 ns, Total: 117036 ns
[2020-09-11T16:00:49.707+0000][1][safepoint    ] Safepoint "Cleanup", Time since last: 1000168397 ns, Reaching safepoint: 114339 ns, At safepoint: 7504 ns, Total: 121843 ns
[2020-09-11T16:00:50.707+0000][1][safepoint    ] Safepoint "Cleanup", Time since last: 1000187797 ns, Reaching safepoint: 118496 ns, At safepoint: 9160 ns, Total: 127656 ns
[2020-09-11T16:00:51.708+0000][1][safepoint    ] Safepoint "Cleanup", Time since last: 1000179143 ns, Reaching safepoint: 116649 ns, At safepoint: 9427 ns, Total: 126076 ns
[2020-09-11T16:00:52.708+0000][1][safepoint    ] Safepoint "Cleanup", Time since last: 1000198059 ns, Reaching safepoint: 117532 ns, At safepoint: 9398 ns, Total: 126930 ns
[2020-09-11T16:00:53.655+0000][1][gc,start     ] GC(137) Pause Young (Allocation Failure)
[2020-09-11T16:00:53.655+0000][1][gc,task      ] GC(137) Using 1 workers of 1 for evacuation
[2020-09-11T16:00:53.669+0000][1][gc,age       ] GC(137) Desired survivor size 4358144 bytes, new threshold 6 (max threshold 6)
[2020-09-11T16:00:53.669+0000][1][gc,age       ] GC(137) Age table with threshold 6 (max threshold 6)
[2020-09-11T16:00:53.670+0000][1][gc,age       ] GC(137) - age   1:     288896 bytes,     288896 total
[2020-09-11T16:00:53.670+0000][1][gc,age       ] GC(137) - age   2:     202672 bytes,     491568 total
[2020-09-11T16:00:53.670+0000][1][gc,age       ] GC(137) - age   3:     389552 bytes,     881120 total
[2020-09-11T16:00:53.670+0000][1][gc,age       ] GC(137) - age   4:     189512 bytes,    1070632 total
[2020-09-11T16:00:53.670+0000][1][gc,age       ] GC(137) - age   5:     103312 bytes,    1173944 total
[2020-09-11T16:00:53.670+0000][1][gc,age       ] GC(137) - age   6:       8472 bytes,    1182416 total
[2020-09-11T16:00:53.670+0000][1][gc,heap      ] GC(137) ParNew: 70084K->1252K(76672K)
[2020-09-11T16:00:53.670+0000][1][gc,heap      ] GC(137) CMS: 127099K->127107K(2011968K)
[2020-09-11T16:00:53.670+0000][1][gc,metaspace ] GC(137) Metaspace: 98296K->98296K(1140736K)
[2020-09-11T16:00:53.670+0000][1][gc           ] GC(137) Pause Young (Allocation Failure) 192M->125M(2039M) 14.327ms
[2020-09-11T16:00:53.670+0000][1][gc,cpu       ] GC(137) User=0.01s Sys=0.00s Real=0.01s
[2020-09-11T16:00:53.670+0000][1][safepoint    ] Safepoint "GenCollectForAllocation", Time since last: 947197842 ns, Reaching safepoint: 166959 ns, At safepoint: 14398071 ns, Total: 14565030 ns
[2020-09-11T16:00:53.715+0000][1][safepoint    ] Safepoint "RevokeBias", Time since last: 45006208 ns, Reaching safepoint: 237031 ns, At safepoint: 21527 ns, Total: 258558 ns
[2020-09-11T16:00:54.715+0000][1][safepoint    ] Safepoint "Cleanup", Time since last: 1000173984 ns, Reaching safepoint: 120592 ns, At safepoint: 9059 ns, Total: 129651 ns
[2020-09-11T16:00:55.716+0000][1][safepoint    ] Safepoint "Cleanup", Time since last: 1000179396 ns, Reaching safepoint: 117160 ns, At safepoint: 9969 ns, Total: 127129 ns
[2020-09-11T16:00:56.716+0000][1][safepoint    ] Safepoint "Cleanup", Time since last: 1000108250 ns, Reaching safepoint: 86644 ns, At safepoint: 6609 ns, Total: 93253 ns
[2020-09-11T16:00:57.716+0000][1][safepoint    ] Safepoint "Cleanup", Time since last: 1000180570 ns, Reaching safepoint: 160842 ns, At safepoint: 17437 ns, Total: 178279 ns
[2020-09-11T16:00:58.717+0000][1][safepoint    ] Safepoint "Cleanup", Time since last: 1000223137 ns, Reaching safepoint: 162268 ns, At safepoint: 19168 ns, Total: 181436 ns
[2020-09-11T16:00:59.717+0000][1][safepoint    ] Safepoint "Cleanup", Time since last: 1000276427 ns, Reaching safepoint: 113114 ns, At safepoint: 7642 ns, Total: 120756 ns
[2020-09-11T16:01:00.717+0000][1][safepoint    ] Safepoint "Cleanup", Time since last: 1000193227 ns, Reaching safepoint: 108460 ns, At safepoint: 8317 ns, Total: 116777 ns
[2020-09-11T16:01:01.717+0000][1][safepoint    ] Safepoint "Cleanup", Time since last: 1000155527 ns, Reaching safepoint: 121261 ns, At safepoint: 9001 ns, Total: 130262 ns
[2020-09-11T16:01:02.718+0000][1][safepoint    ] Safepoint "Cleanup", Time since last: 1000173111 ns, Reaching safepoint: 93930 ns, At safepoint: 7733 ns, Total: 101663 ns
[2020-09-11T16:01:03.699+0000][1][safepoint    ] Safepoint "RevokeBias", Time since last: 980997725 ns, Reaching safepoint: 312199 ns, At safepoint: 287381 ns, Total: 599580 ns
[2020-09-11T16:01:04.700+0000][1][safepoint    ] Safepoint "Cleanup", Time since last: 1000226053 ns, Reaching safepoint: 95634 ns, At safepoint: 10737 ns, Total: 106371 ns
[2020-09-11T16:01:05.700+0000][1][safepoint    ] Safepoint "Cleanup", Time since last: 1000151786 ns, Reaching safepoint: 179656 ns, At safepoint: 21472 ns, Total: 201128 ns
[2020-09-11T16:01:06.701+0000][1][safepoint    ] Safepoint "Cleanup", Time since last: 1000219964 ns, Reaching safepoint: 558623 ns, At safepoint: 7417 ns, Total: 566040 ns
[2020-09-11T16:01:07.701+0000][1][safepoint    ] Safepoint "Cleanup", Time since last: 1000173231 ns, Reaching safepoint: 166592 ns, At safepoint: 18940 ns, Total: 185532 ns
[2020-09-11T16:01:08.702+0000][1][safepoint    ] Safepoint "Cleanup", Time since last: 1000225320 ns, Reaching safepoint: 116755 ns, At safepoint: 8772 ns, Total: 125527 ns
[2020-09-11T16:01:09.702+0000][1][safepoint    ] Safepoint "Cleanup", Time since last: 1000188839 ns, Reaching safepoint: 111224 ns, At safepoint: 7705 ns, Total: 118929 ns
[2020-09-11T16:01:10.702+0000][1][safepoint    ] Safepoint "Cleanup", Time since last: 1000194353 ns, Reaching safepoint: 112352 ns, At safepoint: 8260 ns, Total: 120612 ns
[2020-09-11T16:01:11.703+0000][1][safepoint    ] Safepoint "Cleanup", Time since last: 1000183782 ns, Reaching safepoint: 165974 ns, At safepoint: 19271 ns, Total: 185245 ns
[2020-09-11T16:01:12.703+0000][1][safepoint    ] Safepoint "Cleanup", Time since last: 1000237043 ns, Reaching safepoint: 181279 ns, At safepoint: 22722 ns, Total: 204001 ns
[2020-09-11T16:01:13.704+0000][1][safepoint    ] Safepoint "Cleanup", Time since last: 1001178661 ns, Reaching safepoint: 229992 ns, At safepoint: 12641 ns, Total: 242633 ns
[2020-09-11T16:01:13.712+0000][1][safepoint    ] Safepoint "RevokeBias", Time since last: 6868121 ns, Reaching safepoint: 284208 ns, At safepoint: 278334 ns, Total: 562542 ns
[2020-09-11T16:01:13.731+0000][1][gc,start     ] GC(138) Pause Young (Allocation Failure)
[2020-09-11T16:01:13.731+0000][1][gc,task      ] GC(138) Using 1 workers of 1 for evacuation
[2020-09-11T16:01:13.747+0000][1][gc,age       ] GC(138) Desired survivor size 4358144 bytes, new threshold 6 (max threshold 6)
[2020-09-11T16:01:13.747+0000][1][gc,age       ] GC(138) Age table with threshold 6 (max threshold 6)
[2020-09-11T16:01:13.747+0000][1][gc,age       ] GC(138) - age   1:     334792 bytes,     334792 total
[2020-09-11T16:01:13.747+0000][1][gc,age       ] GC(138) - age   2:      67320 bytes,     402112 total
[2020-09-11T16:01:13.747+0000][1][gc,age       ] GC(138) - age   3:     198624 bytes,     600736 total
[2020-09-11T16:01:13.747+0000][1][gc,age       ] GC(138) - age   4:     389552 bytes,     990288 total
[2020-09-11T16:01:13.747+0000][1][gc,age       ] GC(138) - age   5:     189472 bytes,    1179760 total
[2020-09-11T16:01:13.747+0000][1][gc,age       ] GC(138) - age   6:     103312 bytes,    1283072 total
[2020-09-11T16:01:13.747+0000][1][gc,heap      ] GC(138) ParNew: 69412K->2045K(76672K)
[2020-09-11T16:01:13.747+0000][1][gc,heap      ] GC(138) CMS: 127107K->127116K(2011968K)
[2020-09-11T16:01:13.747+0000][1][gc,metaspace ] GC(138) Metaspace: 98311K->98311K(1140736K)
[2020-09-11T16:01:13.747+0000][1][gc           ] GC(138) Pause Young (Allocation Failure) 191M->126M(2039M) 16.413ms
[2020-09-11T16:01:13.747+0000][1][gc,cpu       ] GC(138) User=0.01s Sys=0.00s Real=0.02s
[2020-09-11T16:01:13.747+0000][1][safepoint    ] Safepoint "GenCollectForAllocation", Time since last: 18507950 ns, Reaching safepoint: 205097 ns, At safepoint: 16488845 ns, Total: 16693942 ns
[2020-09-11T16:01:14.761+0000][1][safepoint    ] Safepoint "Cleanup", Time since last: 1014023859 ns, Reaching safepoint: 172489 ns, At safepoint: 20527 ns, Total: 193016 ns
[2020-09-11T16:01:15.762+0000][1][safepoint    ] Safepoint "Cleanup", Time since last: 1000233331 ns, Reaching safepoint: 163408 ns, At safepoint: 18873 ns, Total: 182281 ns
[2020-09-11T16:01:16.762+0000][1][safepoint    ] Safepoint "Cleanup", Time since last: 1000224996 ns, Reaching safepoint: 114999 ns, At safepoint: 8876 ns, Total: 123875 ns
[2020-09-11T16:01:17.762+0000][1][safepoint    ] Safepoint "Cleanup", Time since last: 1000185132 ns, Reaching safepoint: 110973 ns, At safepoint: 8319 ns, Total: 119292 ns
[2020-09-11T16:01:18.763+0000][1][safepoint    ] Safepoint "Cleanup", Time since last: 1000181297 ns, Reaching safepoint: 158340 ns, At safepoint: 19692 ns, Total: 178032 ns
[2020-09-11T16:01:19.763+0000][1][safepoint    ] Safepoint "Cleanup", Time since last: 1000226346 ns, Reaching safepoint: 108866 ns, At safepoint: 8487 ns, Total: 117353 ns
[2020-09-11T16:01:20.763+0000][1][safepoint    ] Safepoint "Cleanup", Time since last: 1000172278 ns, Reaching safepoint: 119282 ns, At safepoint: 10704 ns, Total: 129986 ns
[2020-09-11T16:01:21.764+0000][1][safepoint    ] Safepoint "Cleanup", Time since last: 1000189247 ns, Reaching safepoint: 161247 ns, At safepoint: 18896 ns, Total: 180143 ns
[2020-09-11T16:01:22.764+0000][1][safepoint    ] Safepoint "Cleanup", Time since last: 1000271278 ns, Reaching safepoint: 87916 ns, At safepoint: 8873 ns, Total: 96789 ns
[2020-09-11T16:01:23.701+0000][1][safepoint    ] Safepoint "RevokeBias", Time since last: 936578556 ns, Reaching safepoint: 311066 ns, At safepoint: 373550 ns, Total: 684616 ns
[2020-09-11T16:01:24.702+0000][1][safepoint    ] Safepoint "Cleanup", Time since last: 1000187186 ns, Reaching safepoint: 182044 ns, At safepoint: 20340 ns, Total: 202384 ns
[2020-09-11T16:01:25.702+0000][1][safepoint    ] Safepoint "Cleanup", Time since last: 1000353992 ns, Reaching safepoint: 117490 ns, At safepoint: 8866 ns, Total: 126356 ns
[2020-09-11T16:01:26.703+0000][1][safepoint    ] Safepoint "Cleanup", Time since last: 1000187659 ns, Reaching safepoint: 155190 ns, At safepoint: 19361 ns, Total: 174551 ns
[2020-09-11T16:01:27.703+0000][1][safepoint    ] Safepoint "Cleanup", Time since last: 1000225587 ns, Reaching safepoint: 157204 ns, At safepoint: 19925 ns, Total: 177129 ns
[2020-09-11T16:01:28.703+0000][1][safepoint    ] Safepoint "Cleanup", Time since last: 1000245473 ns, Reaching safepoint: 87846 ns, At safepoint: 8200 ns, Total: 96046 ns
[2020-09-11T16:01:29.704+0000][1][safepoint    ] Safepoint "Cleanup", Time since last: 1000203397 ns, Reaching safepoint: 168787 ns, At safepoint: 20136 ns, Total: 188923 ns
[2020-09-11T16:01:30.704+0000][1][safepoint    ] Safepoint "Cleanup", Time since last: 1000163633 ns, Reaching safepoint: 98057 ns, At safepoint: 8329 ns, Total: 106386 ns
[2020-09-11T16:01:31.704+0000][1][safepoint    ] Safepoint "Cleanup", Time since last: 1000183660 ns, Reaching safepoint: 171327 ns, At safepoint: 24081 ns, Total: 195408 ns
[2020-09-11T16:01:32.705+0000][1][safepoint    ] Safepoint "Cleanup", Time since last: 1000212853 ns, Reaching safepoint: 164788 ns, At safepoint: 47793 ns, Total: 212581 ns
[2020-09-11T16:01:33.692+0000][1][safepoint    ] Safepoint "RevokeBias", Time since last: 986582806 ns, Reaching safepoint: 242582 ns, At safepoint: 239727 ns, Total: 482309 ns
[2020-09-11T16:01:33.795+0000][1][gc,start     ] GC(139) Pause Young (Allocation Failure)
[2020-09-11T16:01:33.795+0000][1][gc,task      ] GC(139) Using 1 workers of 1 for evacuation
[2020-09-11T16:01:33.811+0000][1][gc,age       ] GC(139) Desired survivor size 4358144 bytes, new threshold 6 (max threshold 6)
[2020-09-11T16:01:33.811+0000][1][gc,age       ] GC(139) Age table with threshold 6 (max threshold 6)
[2020-09-11T16:01:33.811+0000][1][gc,age       ] GC(139) - age   1:     352840 bytes,     352840 total
[2020-09-11T16:01:33.811+0000][1][gc,age       ] GC(139) - age   2:      11760 bytes,     364600 total
[2020-09-11T16:01:33.811+0000][1][gc,age       ] GC(139) - age   3:      51136 bytes,     415736 total
[2020-09-11T16:01:33.811+0000][1][gc,age       ] GC(139) - age   4:     198496 bytes,     614232 total
[2020-09-11T16:01:33.811+0000][1][gc,age       ] GC(139) - age   5:     388984 bytes,    1003216 total
[2020-09-11T16:01:33.811+0000][1][gc,age       ] GC(139) - age   6:     189472 bytes,    1192688 total
[2020-09-11T16:01:33.811+0000][1][gc,heap      ] GC(139) ParNew: 70205K->1195K(76672K)
[2020-09-11T16:01:33.811+0000][1][gc,heap      ] GC(139) CMS: 127116K->127133K(2011968K)
[2020-09-11T16:01:33.811+0000][1][gc,metaspace ] GC(139) Metaspace: 98341K->98341K(1140736K)
[2020-09-11T16:01:33.811+0000][1][gc           ] GC(139) Pause Young (Allocation Failure) 192M->125M(2039M) 15.647ms
[2020-09-11T16:01:33.811+0000][1][gc,cpu       ] GC(139) User=0.02s Sys=0.00s Real=0.01s
[2020-09-11T16:01:33.811+0000][1][safepoint    ] Safepoint "GenCollectForAllocation", Time since last: 103111876 ns, Reaching safepoint: 270106 ns, At safepoint: 15734998 ns, Total: 16005104 ns
[2020-09-11T16:01:34.815+0000][1][safepoint    ] Safepoint "Cleanup", Time since last: 1004039808 ns, Reaching safepoint: 122397 ns, At safepoint: 7809 ns, Total: 130206 ns
[2020-09-11T16:01:35.815+0000][1][safepoint    ] Safepoint "Cleanup", Time since last: 1000168450 ns, Reaching safepoint: 122247 ns, At safepoint: 6777 ns, Total: 129024 ns
[2020-09-11T16:01:36.816+0000][1][safepoint    ] Safepoint "Cleanup", Time since last: 1000139403 ns, Reaching safepoint: 116874 ns, At safepoint: 7173 ns, Total: 124047 ns
[2020-09-11T16:01:37.821+0000][1][safepoint    ] Safepoint "Cleanup", Time since last: 1005112380 ns, Reaching safepoint: 160505 ns, At safepoint: 18880 ns, Total: 179385 ns
[2020-09-11T16:01:38.822+0000][1][safepoint    ] Safepoint "Cleanup", Time since last: 1000174846 ns, Reaching safepoint: 578163 ns, At safepoint: 22702 ns, Total: 600865 ns
[2020-09-11T16:01:39.822+0000][1][safepoint    ] Safepoint "Cleanup", Time since last: 1000161429 ns, Reaching safepoint: 106430 ns, At safepoint: 7315 ns, Total: 113745 ns
[2020-09-11T16:01:40.822+0000][1][safepoint    ] Safepoint "Cleanup", Time since last: 1000144536 ns, Reaching safepoint: 120361 ns, At safepoint: 7321 ns, Total: 127682 ns
[2020-09-11T16:01:41.823+0000][1][safepoint    ] Safepoint "Cleanup", Time since last: 1000132286 ns, Reaching safepoint: 153449 ns, At safepoint: 17272 ns, Total: 170721 ns
[2020-09-11T16:01:42.823+0000][1][safepoint    ] Safepoint "Cleanup", Time since last: 1000165546 ns, Reaching safepoint: 127710 ns, At safepoint: 8906 ns, Total: 136616 ns
[2020-09-11T16:01:43.715+0000][1][safepoint    ] Safepoint "BulkRevokeBias", Time since last: 891410975 ns, Reaching safepoint: 303620 ns, At safepoint: 559390 ns, Total: 863010 ns
[2020-09-11T16:01:43.766+0000][1][safepoint    ] Safepoint "RevokeBias", Time since last: 50664415 ns, Reaching safepoint: 204440 ns, At safepoint: 26964 ns, Total: 231404 ns
[2020-09-11T16:01:44.766+0000][1][safepoint    ] Safepoint "Cleanup", Time since last: 1000182262 ns, Reaching safepoint: 177841 ns, At safepoint: 13889 ns, Total: 191730 ns
[2020-09-11T16:01:45.767+0000][1][safepoint    ] Safepoint "Cleanup", Time since last: 1000236633 ns, Reaching safepoint: 111088 ns, At safepoint: 8140 ns, Total: 119228 ns
[2020-09-11T16:01:46.767+0000][1][safepoint    ] Safepoint "Cleanup", Time since last: 1000189147 ns, Reaching safepoint: 106720 ns, At safepoint: 7845 ns, Total: 114565 ns
[2020-09-11T16:01:47.768+0000][1][safepoint    ] Safepoint "Cleanup", Time since last: 1000227800 ns, Reaching safepoint: 147261 ns, At safepoint: 18405 ns, Total: 165666 ns
[2020-09-11T16:01:48.768+0000][1][safepoint    ] Safepoint "Cleanup", Time since last: 1000218755 ns, Reaching safepoint: 161077 ns, At safepoint: 19200 ns, Total: 180277 ns
[2020-09-11T16:01:49.768+0000][1][safepoint    ] Safepoint "Cleanup", Time since last: 1000195281 ns, Reaching safepoint: 159259 ns, At safepoint: 18081 ns, Total: 177340 ns
[2020-09-11T16:01:50.769+0000][1][safepoint    ] Safepoint "Cleanup", Time since last: 1000191700 ns, Reaching safepoint: 121443 ns, At safepoint: 8559 ns, Total: 130002 ns
[2020-09-11T16:01:51.769+0000][1][safepoint    ] Safepoint "Cleanup", Time since last: 1000225546 ns, Reaching safepoint: 81677 ns, At safepoint: 6506 ns, Total: 88183 ns
[2020-09-11T16:01:52.770+0000][1][safepoint    ] Safepoint "Cleanup", Time since last: 1000700931 ns, Reaching safepoint: 183588 ns, At safepoint: 23992 ns, Total: 207580 ns
[2020-09-11T16:01:53.698+0000][1][safepoint    ] Safepoint "RevokeBias", Time since last: 928015605 ns, Reaching safepoint: 297382 ns, At safepoint: 273456 ns, Total: 570838 ns
[2020-09-11T16:01:54.699+0000][1][safepoint    ] Safepoint "Cleanup", Time since last: 1000151988 ns, Reaching safepoint: 187454 ns, At safepoint: 21395 ns, Total: 208849 ns
[2020-09-11T16:01:55.699+0000][1][safepoint    ] Safepoint "Cleanup", Time since last: 1000270320 ns, Reaching safepoint: 120343 ns, At safepoint: 10052 ns, Total: 130395 ns
[2020-09-11T16:01:56.700+0000][1][safepoint    ] Safepoint "Cleanup", Time since last: 1000181011 ns, Reaching safepoint: 168928 ns, At safepoint: 22872 ns, Total: 191800 ns
[2020-09-11T16:01:56.900+0000][1][gc,start     ] GC(140) Pause Young (Allocation Failure)
[2020-09-11T16:01:56.900+0000][1][gc,task      ] GC(140) Using 1 workers of 1 for evacuation
[2020-09-11T16:01:56.917+0000][1][gc,age       ] GC(140) Desired survivor size 4358144 bytes, new threshold 6 (max threshold 6)
[2020-09-11T16:01:56.917+0000][1][gc,age       ] GC(140) Age table with threshold 6 (max threshold 6)
[2020-09-11T16:01:56.917+0000][1][gc,age       ] GC(140) - age   1:     123400 bytes,     123400 total
[2020-09-11T16:01:56.917+0000][1][gc,age       ] GC(140) - age   2:     113840 bytes,     237240 total
[2020-09-11T16:01:56.917+0000][1][gc,age       ] GC(140) - age   3:       8672 bytes,     245912 total
[2020-09-11T16:01:56.917+0000][1][gc,age       ] GC(140) - age   4:      50944 bytes,     296856 total
[2020-09-11T16:01:56.917+0000][1][gc,age       ] GC(140) - age   5:     198496 bytes,     495352 total
[2020-09-11T16:01:56.917+0000][1][gc,age       ] GC(140) - age   6:     388984 bytes,     884336 total
[2020-09-11T16:01:56.917+0000][1][gc,heap      ] GC(140) ParNew: 69355K->1172K(76672K)
[2020-09-11T16:01:56.917+0000][1][gc,heap      ] GC(140) CMS: 127133K->127310K(2011968K)
[2020-09-11T16:01:56.917+0000][1][gc,metaspace ] GC(140) Metaspace: 98369K->98369K(1140736K)
[2020-09-11T16:01:56.917+0000][1][gc           ] GC(140) Pause Young (Allocation Failure) 191M->125M(2039M) 17.387ms
[2020-09-11T16:01:56.917+0000][1][gc,cpu       ] GC(140) User=0.02s Sys=0.00s Real=0.02s
[2020-09-11T16:01:56.917+0000][1][safepoint    ] Safepoint "GenCollectForAllocation", Time since last: 199889151 ns, Reaching safepoint: 275957 ns, At safepoint: 17509899 ns, Total: 17785856 ns
[2020-09-11T16:01:57.920+0000][1][safepoint    ] Safepoint "Cleanup", Time since last: 1003071113 ns, Reaching safepoint: 131904 ns, At safepoint: 7335 ns, Total: 139239 ns
[2020-09-11T16:01:58.921+0000][1][safepoint    ] Safepoint "Cleanup", Time since last: 1000241156 ns, Reaching safepoint: 137148 ns, At safepoint: 6810 ns, Total: 143958 ns
[2020-09-11T16:02:03.707+0000][1][safepoint    ] Safepoint "RevokeBias", Time since last: 4786308578 ns, Reaching safepoint: 97902 ns, At safepoint: 22827 ns, Total: 120729 ns
[2020-09-11T16:02:13.709+0000][1][safepoint    ] Safepoint "Cleanup", Time since last: 10001351325 ns, Reaching safepoint: 216569 ns, At safepoint: 7050 ns, Total: 223619 ns
[2020-09-11T16:02:13.719+0000][1][safepoint    ] Safepoint "RevokeBias", Time since last: 9666750 ns, Reaching safepoint: 203605 ns, At safepoint: 23665 ns, Total: 227270 ns
[2020-09-11T16:02:14.719+0000][1][safepoint    ] Safepoint "Cleanup", Time since last: 1000202802 ns, Reaching safepoint: 181232 ns, At safepoint: 20741 ns, Total: 201973 ns
[2020-09-11T16:02:21.941+0000][1][gc,start     ] GC(141) Pause Young (Allocation Failure)
[2020-09-11T16:02:21.941+0000][1][gc,task      ] GC(141) Using 1 workers of 1 for evacuation
[2020-09-11T16:02:21.968+0000][1][gc,age       ] GC(141) Desired survivor size 4358144 bytes, new threshold 6 (max threshold 6)
[2020-09-11T16:02:21.968+0000][1][gc,age       ] GC(141) Age table with threshold 6 (max threshold 6)
[2020-09-11T16:02:21.968+0000][1][gc,age       ] GC(141) - age   1:     220704 bytes,     220704 total
[2020-09-11T16:02:21.968+0000][1][gc,age       ] GC(141) - age   2:      34472 bytes,     255176 total
[2020-09-11T16:02:21.968+0000][1][gc,age       ] GC(141) - age   3:     109648 bytes,     364824 total
[2020-09-11T16:02:21.968+0000][1][gc,age       ] GC(141) - age   4:       8400 bytes,     373224 total
[2020-09-11T16:02:21.968+0000][1][gc,age       ] GC(141) - age   5:      50672 bytes,     423896 total
[2020-09-11T16:02:21.968+0000][1][gc,age       ] GC(141) - age   6:     198496 bytes,     622392 total
[2020-09-11T16:02:21.968+0000][1][gc,heap      ] GC(141) ParNew: 69332K->940K(76672K)
[2020-09-11T16:02:21.968+0000][1][gc,heap      ] GC(141) CMS: 127310K->127690K(2011968K)
[2020-09-11T16:02:21.968+0000][1][gc,metaspace ] GC(141) Metaspace: 98370K->98370K(1140736K)
[2020-09-11T16:02:21.968+0000][1][gc           ] GC(141) Pause Young (Allocation Failure) 192M->125M(2039M) 27.151ms
[2020-09-11T16:02:21.968+0000][1][gc,cpu       ] GC(141) User=0.01s Sys=0.00s Real=0.02s
[2020-09-11T16:02:21.973+0000][1][safepoint    ] Safepoint "GenCollectForAllocation", Time since last: 7219272992 ns, Reaching safepoint: 2463637 ns, At safepoint: 31956684 ns, Total: 34420321 ns
[2020-09-11T16:02:23.711+0000][1][safepoint    ] Safepoint "RevokeBias", Time since last: 1737950948 ns, Reaching safepoint: 233068 ns, At safepoint: 222665 ns, Total: 455733 ns
[2020-09-11T16:02:24.712+0000][1][safepoint    ] Safepoint "Cleanup", Time since last: 1000211450 ns, Reaching safepoint: 172887 ns, At safepoint: 19548 ns, Total: 192435 ns
[2020-09-11T16:02:33.701+0000][1][safepoint    ] Safepoint "RevokeBias", Time since last: 8986965027 ns, Reaching safepoint: 2372882 ns, At safepoint: 271389 ns, Total: 2644271 ns
[2020-09-11T16:02:34.702+0000][1][safepoint    ] Safepoint "Cleanup", Time since last: 1000195116 ns, Reaching safepoint: 113420 ns, At safepoint: 8650 ns, Total: 122070 ns
[2020-09-11T16:02:35.702+0000][1][safepoint    ] Safepoint "Cleanup", Time since last: 1000155486 ns, Reaching safepoint: 168019 ns, At safepoint: 20684 ns, Total: 188703 ns
[2020-09-11T16:02:36.702+0000][1][safepoint    ] Safepoint "Cleanup", Time since last: 1000232631 ns, Reaching safepoint: 111470 ns, At safepoint: 8132 ns, Total: 119602 ns
[2020-09-11T16:02:37.703+0000][1][safepoint    ] Safepoint "Cleanup", Time since last: 1000193942 ns, Reaching safepoint: 115047 ns, At safepoint: 8204 ns, Total: 123251 ns
[2020-09-11T16:02:38.703+0000][1][safepoint    ] Safepoint "Cleanup", Time since last: 1000185821 ns, Reaching safepoint: 114509 ns, At safepoint: 8347 ns, Total: 122856 ns
[2020-09-11T16:02:39.703+0000][1][safepoint    ] Safepoint "Cleanup", Time since last: 1000183230 ns, Reaching safepoint: 113953 ns, At safepoint: 8729 ns, Total: 122682 ns
[2020-09-11T16:02:40.704+0000][1][safepoint    ] Safepoint "Cleanup", Time since last: 1000192732 ns, Reaching safepoint: 208207 ns, At safepoint: 19739 ns, Total: 227946 ns
[2020-09-11T16:02:41.704+0000][1][safepoint    ] Safepoint "Cleanup", Time since last: 1000206243 ns, Reaching safepoint: 115172 ns, At safepoint: 9185 ns, Total: 124357 ns
[2020-09-11T16:02:42.704+0000][1][safepoint    ] Safepoint "Cleanup", Time since last: 1000184005 ns, Reaching safepoint: 112142 ns, At safepoint: 8473 ns, Total: 120615 ns
[2020-09-11T16:02:43.656+0000][1][gc,start     ] GC(142) Pause Young (Allocation Failure)
[2020-09-11T16:02:43.656+0000][1][gc,task      ] GC(142) Using 1 workers of 1 for evacuation
[2020-09-11T16:02:43.673+0000][1][gc,age       ] GC(142) Desired survivor size 4358144 bytes, new threshold 6 (max threshold 6)
[2020-09-11T16:02:43.673+0000][1][gc,age       ] GC(142) Age table with threshold 6 (max threshold 6)
[2020-09-11T16:02:43.673+0000][1][gc,age       ] GC(142) - age   1:     803976 bytes,     803976 total
[2020-09-11T16:02:43.673+0000][1][gc,age       ] GC(142) - age   2:     143352 bytes,     947328 total
[2020-09-11T16:02:43.673+0000][1][gc,age       ] GC(142) - age   3:      30872 bytes,     978200 total
[2020-09-11T16:02:43.673+0000][1][gc,age       ] GC(142) - age   4:     109280 bytes,    1087480 total
[2020-09-11T16:02:43.673+0000][1][gc,age       ] GC(142) - age   5:       8400 bytes,    1095880 total
[2020-09-11T16:02:43.673+0000][1][gc,age       ] GC(142) - age   6:      50672 bytes,    1146552 total
[2020-09-11T16:02:43.673+0000][1][gc,heap      ] GC(142) ParNew: 69100K->1382K(76672K)
[2020-09-11T16:02:43.673+0000][1][gc,heap      ] GC(142) CMS: 127690K->127753K(2011968K)
[2020-09-11T16:02:43.673+0000][1][gc,metaspace ] GC(142) Metaspace: 98371K->98371K(1140736K)
[2020-09-11T16:02:43.673+0000][1][gc           ] GC(142) Pause Young (Allocation Failure) 192M->126M(2039M) 17.390ms
[2020-09-11T16:02:43.673+0000][1][gc,cpu       ] GC(142) User=0.02s Sys=0.00s Real=0.02s
[2020-09-11T16:02:43.674+0000][1][safepoint    ] Safepoint "GenCollectForAllocation", Time since last: 950947920 ns, Reaching safepoint: 736464 ns, At safepoint: 18005882 ns, Total: 18742346 ns
[2020-09-11T16:02:43.724+0000][1][safepoint    ] Safepoint "RevokeBias", Time since last: 50337262 ns, Reaching safepoint: 192963 ns, At safepoint: 22667 ns, Total: 215630 ns
[2020-09-11T16:02:44.725+0000][1][safepoint    ] Safepoint "Cleanup", Time since last: 1000174154 ns, Reaching safepoint: 150170 ns, At safepoint: 8098 ns, Total: 158268 ns
[2020-09-11T16:02:45.725+0000][1][safepoint    ] Safepoint "Cleanup", Time since last: 1000191585 ns, Reaching safepoint: 116053 ns, At safepoint: 7953 ns, Total: 124006 ns
[2020-09-11T16:02:46.726+0000][1][safepoint    ] Safepoint "Cleanup", Time since last: 1000205946 ns, Reaching safepoint: 185739 ns, At safepoint: 22906 ns, Total: 208645 ns
[2020-09-11T16:02:47.726+0000][1][safepoint    ] Safepoint "Cleanup", Time since last: 1000249846 ns, Reaching safepoint: 111786 ns, At safepoint: 7996 ns, Total: 119782 ns
[2020-09-11T16:02:48.726+0000][1][safepoint    ] Safepoint "Cleanup", Time since last: 1000139484 ns, Reaching safepoint: 91563 ns, At safepoint: 8334 ns, Total: 99897 ns
[2020-09-11T16:02:49.726+0000][1][safepoint    ] Safepoint "Cleanup", Time since last: 1000141095 ns, Reaching safepoint: 83738 ns, At safepoint: 7450 ns, Total: 91188 ns
[2020-09-11T16:02:50.727+0000][1][safepoint    ] Safepoint "Cleanup", Time since last: 1000202612 ns, Reaching safepoint: 174658 ns, At safepoint: 20209 ns, Total: 194867 ns
[2020-09-11T16:02:51.727+0000][1][safepoint    ] Safepoint "Cleanup", Time since last: 1000236409 ns, Reaching safepoint: 168155 ns, At safepoint: 20163 ns, Total: 188318 ns
[2020-09-11T16:02:52.728+0000][1][safepoint    ] Safepoint "Cleanup", Time since last: 1000237361 ns, Reaching safepoint: 172292 ns, At safepoint: 23775 ns, Total: 196067 ns
[2020-09-11T16:02:53.720+0000][1][safepoint    ] Safepoint "RevokeBias", Time since last: 992059582 ns, Reaching safepoint: 423491 ns, At safepoint: 198401 ns, Total: 621892 ns
[2020-09-11T16:02:54.757+0000][1][safepoint    ] Safepoint "Cleanup", Time since last: 1036649346 ns, Reaching safepoint: 101220 ns, At safepoint: 8355 ns, Total: 109575 ns
[2020-09-11T16:02:55.757+0000][1][safepoint    ] Safepoint "Cleanup", Time since last: 1000152907 ns, Reaching safepoint: 127043 ns, At safepoint: 8813 ns, Total: 135856 ns
[2020-09-11T16:02:56.758+0000][1][safepoint    ] Safepoint "Cleanup", Time since last: 1000158796 ns, Reaching safepoint: 125148 ns, At safepoint: 10906 ns, Total: 136054 ns
[2020-09-11T16:02:57.758+0000][1][safepoint    ] Safepoint "Cleanup", Time since last: 1000170452 ns, Reaching safepoint: 127037 ns, At safepoint: 7772 ns, Total: 134809 ns
[2020-09-11T16:02:58.758+0000][1][safepoint    ] Safepoint "Cleanup", Time since last: 1000159009 ns, Reaching safepoint: 231027 ns, At safepoint: 21947 ns, Total: 252974 ns
[2020-09-11T16:02:59.759+0000][1][safepoint    ] Safepoint "Cleanup", Time since last: 1000189768 ns, Reaching safepoint: 127059 ns, At safepoint: 7168 ns, Total: 134227 ns
[2020-09-11T16:03:00.759+0000][1][safepoint    ] Safepoint "Cleanup", Time since last: 1000115204 ns, Reaching safepoint: 88008 ns, At safepoint: 8484 ns, Total: 96492 ns
[2020-09-11T16:03:01.760+0000][1][safepoint    ] Safepoint "Cleanup", Time since last: 1000677924 ns, Reaching safepoint: 163932 ns, At safepoint: 18616 ns, Total: 182548 ns
[2020-09-11T16:03:02.760+0000][1][safepoint    ] Safepoint "Cleanup", Time since last: 1000241015 ns, Reaching safepoint: 168607 ns, At safepoint: 20841 ns, Total: 189448 ns
[2020-09-11T16:03:03.761+0000][1][safepoint    ] Safepoint "Cleanup", Time since last: 1000322234 ns, Reaching safepoint: 245842 ns, At safepoint: 9399 ns, Total: 255241 ns
[2020-09-11T16:03:03.765+0000][1][safepoint    ] Safepoint "RevokeBias", Time since last: 2849902 ns, Reaching safepoint: 657127 ns, At safepoint: 281732 ns, Total: 938859 ns
[2020-09-11T16:03:03.790+0000][1][gc,start     ] GC(143) Pause Young (Allocation Failure)
[2020-09-11T16:03:03.790+0000][1][gc,task      ] GC(143) Using 1 workers of 1 for evacuation
[2020-09-11T16:03:03.817+0000][1][gc,age       ] GC(143) Desired survivor size 4358144 bytes, new threshold 6 (max threshold 6)
[2020-09-11T16:03:03.817+0000][1][gc,age       ] GC(143) Age table with threshold 6 (max threshold 6)
[2020-09-11T16:03:03.817+0000][1][gc,age       ] GC(143) - age   1:     415872 bytes,     415872 total
[2020-09-11T16:03:03.817+0000][1][gc,age       ] GC(143) - age   2:     578336 bytes,     994208 total
[2020-09-11T16:03:03.817+0000][1][gc,age       ] GC(143) - age   3:     128328 bytes,    1122536 total
[2020-09-11T16:03:03.817+0000][1][gc,age       ] GC(143) - age   4:      30872 bytes,    1153408 total
[2020-09-11T16:03:03.817+0000][1][gc,age       ] GC(143) - age   5:     109008 bytes,    1262416 total
[2020-09-11T16:03:03.817+0000][1][gc,age       ] GC(143) - age   6:       8104 bytes,    1270520 total
[2020-09-11T16:03:03.817+0000][1][gc,heap      ] GC(143) ParNew: 69542K->2025K(76672K)
[2020-09-11T16:03:03.817+0000][1][gc,heap      ] GC(143) CMS: 127753K->127803K(2011968K)
[2020-09-11T16:03:03.817+0000][1][gc,metaspace ] GC(143) Metaspace: 98373K->98373K(1140736K)
[2020-09-11T16:03:03.817+0000][1][gc           ] GC(143) Pause Young (Allocation Failure) 192M->126M(2039M) 27.266ms
[2020-09-11T16:03:03.817+0000][1][gc,cpu       ] GC(143) User=0.02s Sys=0.00s Real=0.03s
[2020-09-11T16:03:03.818+0000][1][safepoint    ] Safepoint "GenCollectForAllocation", Time since last: 25450996 ns, Reaching safepoint: 165380 ns, At safepoint: 27342229 ns, Total: 27507609 ns
[2020-09-11T16:03:04.828+0000][1][safepoint    ] Safepoint "Cleanup", Time since last: 1010840093 ns, Reaching safepoint: 115149 ns, At safepoint: 9632 ns, Total: 124781 ns
[2020-09-11T16:03:05.829+0000][1][safepoint    ] Safepoint "Cleanup", Time since last: 1000184133 ns, Reaching safepoint: 125580 ns, At safepoint: 8971 ns, Total: 134551 ns
[2020-09-11T16:03:06.829+0000][1][safepoint    ] Safepoint "Cleanup", Time since last: 1000189098 ns, Reaching safepoint: 121973 ns, At safepoint: 8291 ns, Total: 130264 ns
[2020-09-11T16:03:07.829+0000][1][safepoint    ] Safepoint "Cleanup", Time since last: 1000177972 ns, Reaching safepoint: 115787 ns, At safepoint: 8443 ns, Total: 124230 ns
[2020-09-11T16:03:08.830+0000][1][safepoint    ] Safepoint "Cleanup", Time since last: 1000150686 ns, Reaching safepoint: 165854 ns, At safepoint: 20073 ns, Total: 185927 ns
[2020-09-11T16:03:09.830+0000][1][safepoint    ] Safepoint "Cleanup", Time since last: 1000242286 ns, Reaching safepoint: 117462 ns, At safepoint: 7716 ns, Total: 125178 ns
[2020-09-11T16:03:10.830+0000][1][safepoint    ] Safepoint "Cleanup", Time since last: 1000178196 ns, Reaching safepoint: 115518 ns, At safepoint: 9146 ns, Total: 124664 ns
[2020-09-11T16:03:11.831+0000][1][safepoint    ] Safepoint "Cleanup", Time since last: 1000188503 ns, Reaching safepoint: 114091 ns, At safepoint: 7823 ns, Total: 121914 ns
[2020-09-11T16:03:12.831+0000][1][safepoint    ] Safepoint "Cleanup", Time since last: 1000185430 ns, Reaching safepoint: 175634 ns, At safepoint: 24623 ns, Total: 200257 ns
[2020-09-11T16:03:13.706+0000][1][safepoint    ] Safepoint "RevokeBias", Time since last: 873844284 ns, Reaching safepoint: 280243 ns, At safepoint: 303444 ns, Total: 583687 ns
[2020-09-11T16:03:14.706+0000][1][safepoint    ] Safepoint "Cleanup", Time since last: 1000175640 ns, Reaching safepoint: 138502 ns, At safepoint: 9457 ns, Total: 147959 ns
[2020-09-11T16:03:15.706+0000][1][safepoint    ] Safepoint "Cleanup", Time since last: 1000249389 ns, Reaching safepoint: 102580 ns, At safepoint: 8747 ns, Total: 111327 ns
[2020-09-11T16:03:16.707+0000][1][safepoint    ] Safepoint "Cleanup", Time since last: 1000195382 ns, Reaching safepoint: 117828 ns, At safepoint: 9000 ns, Total: 126828 ns
[2020-09-11T16:03:17.707+0000][1][safepoint    ] Safepoint "Cleanup", Time since last: 1000144144 ns, Reaching safepoint: 134898 ns, At safepoint: 8363 ns, Total: 143261 ns
[2020-09-11T16:03:18.707+0000][1][safepoint    ] Safepoint "Cleanup", Time since last: 1000190299 ns, Reaching safepoint: 139908 ns, At safepoint: 8210 ns, Total: 148118 ns
[2020-09-11T16:03:19.708+0000][1][safepoint    ] Safepoint "Cleanup", Time since last: 1000213941 ns, Reaching safepoint: 112553 ns, At safepoint: 8508 ns, Total: 121061 ns
[2020-09-11T16:03:20.708+0000][1][safepoint    ] Safepoint "Cleanup", Time since last: 1000137243 ns, Reaching safepoint: 88640 ns, At safepoint: 7465 ns, Total: 96105 ns
[2020-09-11T16:03:21.708+0000][1][safepoint    ] Safepoint "Cleanup", Time since last: 1000184667 ns, Reaching safepoint: 166389 ns, At safepoint: 20577 ns, Total: 186966 ns
[2020-09-11T16:03:22.708+0000][1][safepoint    ] Safepoint "Cleanup", Time since last: 1000247555 ns, Reaching safepoint: 106645 ns, At safepoint: 10080 ns, Total: 116725 ns
[2020-09-11T16:03:23.709+0000][1][safepoint    ] Safepoint "Cleanup", Time since last: 1000114409 ns, Reaching safepoint: 176286 ns, At safepoint: 7576 ns, Total: 183862 ns
[2020-09-11T16:03:23.722+0000][1][safepoint    ] Safepoint "RevokeBias", Time since last: 12934694 ns, Reaching safepoint: 203027 ns, At safepoint: 23706 ns, Total: 226733 ns
[2020-09-11T16:03:23.807+0000][1][gc,start     ] GC(144) Pause Young (Allocation Failure)
[2020-09-11T16:03:23.807+0000][1][gc,task      ] GC(144) Using 1 workers of 1 for evacuation
[2020-09-11T16:03:23.821+0000][1][gc,age       ] GC(144) Desired survivor size 4358144 bytes, new threshold 6 (max threshold 6)
[2020-09-11T16:03:23.821+0000][1][gc,age       ] GC(144) Age table with threshold 6 (max threshold 6)
[2020-09-11T16:03:23.821+0000][1][gc,age       ] GC(144) - age   1:     321968 bytes,     321968 total
[2020-09-11T16:03:23.821+0000][1][gc,age       ] GC(144) - age   2:      79848 bytes,     401816 total
[2020-09-11T16:03:23.821+0000][1][gc,age       ] GC(144) - age   3:     574632 bytes,     976448 total
[2020-09-11T16:03:23.821+0000][1][gc,age       ] GC(144) - age   4:     128328 bytes,    1104776 total
[2020-09-11T16:03:23.821+0000][1][gc,age       ] GC(144) - age   5:      30600 bytes,    1135376 total
[2020-09-11T16:03:23.821+0000][1][gc,age       ] GC(144) - age   6:     109008 bytes,    1244384 total
[2020-09-11T16:03:23.822+0000][1][gc,heap      ] GC(144) ParNew: 70185K->2367K(76672K)
[2020-09-11T16:03:23.822+0000][1][gc,heap      ] GC(144) CMS: 127803K->127811K(2011968K)
[2020-09-11T16:03:23.822+0000][1][gc,metaspace ] GC(144) Metaspace: 98393K->98393K(1140736K)
[2020-09-11T16:03:23.822+0000][1][gc           ] GC(144) Pause Young (Allocation Failure) 193M->127M(2039M) 14.736ms
[2020-09-11T16:03:23.822+0000][1][gc,cpu       ] GC(144) User=0.01s Sys=0.00s Real=0.02s
[2020-09-11T16:03:23.822+0000][1][safepoint    ] Safepoint "GenCollectForAllocation", Time since last: 84590444 ns, Reaching safepoint: 267964 ns, At safepoint: 14838491 ns, Total: 15106455 ns
[2020-09-11T16:03:24.825+0000][1][safepoint    ] Safepoint "Cleanup", Time since last: 1003353089 ns, Reaching safepoint: 115573 ns, At safepoint: 7859 ns, Total: 123432 ns
[2020-09-11T16:03:33.706+0000][1][safepoint    ] Safepoint "RevokeBias", Time since last: 8880677294 ns, Reaching safepoint: 225546 ns, At safepoint: 28994 ns, Total: 254540 ns
[2020-09-11T16:03:34.706+0000][1][safepoint    ] Safepoint "Cleanup", Time since last: 1000182800 ns, Reaching safepoint: 186806 ns, At safepoint: 23294 ns, Total: 210100 ns
[2020-09-11T16:03:43.698+0000][1][safepoint    ] Safepoint "RevokeBias", Time since last: 8990989517 ns, Reaching safepoint: 273979 ns, At safepoint: 265617 ns, Total: 539596 ns
[2020-09-11T16:03:44.151+0000][1][gc,start     ] GC(145) Pause Young (Allocation Failure)
[2020-09-11T16:03:44.151+0000][1][gc,task      ] GC(145) Using 1 workers of 1 for evacuation
[2020-09-11T16:03:44.166+0000][1][gc,age       ] GC(145) Desired survivor size 4358144 bytes, new threshold 6 (max threshold 6)
[2020-09-11T16:03:44.166+0000][1][gc,age       ] GC(145) Age table with threshold 6 (max threshold 6)
[2020-09-11T16:03:44.166+0000][1][gc,age       ] GC(145) - age   1:     347400 bytes,     347400 total
[2020-09-11T16:03:44.166+0000][1][gc,age       ] GC(145) - age   2:      91048 bytes,     438448 total
[2020-09-11T16:03:44.166+0000][1][gc,age       ] GC(145) - age   3:      75192 bytes,     513640 total
[2020-09-11T16:03:44.166+0000][1][gc,age       ] GC(145) - age   4:     574008 bytes,    1087648 total
[2020-09-11T16:03:44.166+0000][1][gc,age       ] GC(145) - age   5:     128056 bytes,    1215704 total
[2020-09-11T16:03:44.166+0000][1][gc,age       ] GC(145) - age   6:      30600 bytes,    1246304 total
[2020-09-11T16:03:44.166+0000][1][gc,heap      ] GC(145) ParNew: 70527K->1503K(76672K)
[2020-09-11T16:03:44.166+0000][1][gc,heap      ] GC(145) CMS: 127811K->127847K(2011968K)
[2020-09-11T16:03:44.166+0000][1][gc,metaspace ] GC(145) Metaspace: 98398K->98398K(1140736K)
[2020-09-11T16:03:44.166+0000][1][gc           ] GC(145) Pause Young (Allocation Failure) 193M->126M(2039M) 14.942ms
[2020-09-11T16:03:44.166+0000][1][gc,cpu       ] GC(145) User=0.02s Sys=0.00s Real=0.02s
[2020-09-11T16:03:44.166+0000][1][safepoint    ] Safepoint "GenCollectForAllocation", Time since last: 453005125 ns, Reaching safepoint: 228855 ns, At safepoint: 15016861 ns, Total: 15245716 ns
[2020-09-11T16:03:52.488+0000][1][safepoint    ] Safepoint "RevokeBias", Time since last: 8321685855 ns, Reaching safepoint: 226087 ns, At safepoint: 32105 ns, Total: 258192 ns
[2020-09-11T16:03:52.497+0000][1][safepoint    ] Safepoint "RevokeBias", Time since last: 8724821 ns, Reaching safepoint: 288280 ns, At safepoint: 25969 ns, Total: 314249 ns
[2020-09-11T16:03:52.498+0000][1][safepoint    ] Safepoint "RevokeBias", Time since last: 410550 ns, Reaching safepoint: 256368 ns, At safepoint: 21903 ns, Total: 278271 ns
[2020-09-11T16:03:52.500+0000][1][safepoint    ] Safepoint "RevokeBias", Time since last: 2228660 ns, Reaching safepoint: 246311 ns, At safepoint: 21491 ns, Total: 267802 ns
[2020-09-11T16:03:52.504+0000][1][safepoint    ] Safepoint "RevokeBias", Time since last: 3261104 ns, Reaching safepoint: 193156 ns, At safepoint: 18222 ns, Total: 211378 ns
[2020-09-11T16:03:52.598+0000][1][safepoint    ] Safepoint "RevokeBias", Time since last: 93750066 ns, Reaching safepoint: 179065 ns, At safepoint: 24765 ns, Total: 203830 ns
[2020-09-11T16:03:53.598+0000][1][safepoint    ] Safepoint "Cleanup", Time since last: 1000170560 ns, Reaching safepoint: 155947 ns, At safepoint: 8384 ns, Total: 164331 ns
[2020-09-11T16:03:53.745+0000][1][safepoint    ] Safepoint "RevokeBias", Time since last: 146374121 ns, Reaching safepoint: 305174 ns, At safepoint: 265179 ns, Total: 570353 ns
[2020-09-11T16:03:53.791+0000][1][gc,start     ] GC(146) Pause Young (Allocation Failure)
[2020-09-11T16:03:53.791+0000][1][gc,task      ] GC(146) Using 1 workers of 1 for evacuation
[2020-09-11T16:03:53.807+0000][1][gc,age       ] GC(146) Desired survivor size 4358144 bytes, new threshold 6 (max threshold 6)
[2020-09-11T16:03:53.807+0000][1][gc,age       ] GC(146) Age table with threshold 6 (max threshold 6)
[2020-09-11T16:03:53.807+0000][1][gc,age       ] GC(146) - age   1:     957624 bytes,     957624 total
[2020-09-11T16:03:53.807+0000][1][gc,age       ] GC(146) - age   2:     111624 bytes,    1069248 total
[2020-09-11T16:03:53.807+0000][1][gc,age       ] GC(146) - age   3:      76368 bytes,    1145616 total
[2020-09-11T16:03:53.807+0000][1][gc,age       ] GC(146) - age   4:      75192 bytes,    1220808 total
[2020-09-11T16:03:53.807+0000][1][gc,age       ] GC(146) - age   5:     574008 bytes,    1794816 total
[2020-09-11T16:03:53.807+0000][1][gc,age       ] GC(146) - age   6:     128056 bytes,    1922872 total
[2020-09-11T16:03:53.807+0000][1][gc,heap      ] GC(146) ParNew: 69663K->2201K(76672K)
[2020-09-11T16:03:53.807+0000][1][gc,heap      ] GC(146) CMS: 127847K->127877K(2011968K)
[2020-09-11T16:03:53.807+0000][1][gc,metaspace ] GC(146) Metaspace: 98536K->98536K(1140736K)
[2020-09-11T16:03:53.807+0000][1][gc           ] GC(146) Pause Young (Allocation Failure) 192M->127M(2039M) 16.021ms
[2020-09-11T16:03:53.807+0000][1][gc,cpu       ] GC(146) User=0.02s Sys=0.00s Real=0.02s
[2020-09-11T16:03:53.807+0000][1][safepoint    ] Safepoint "GenCollectForAllocation", Time since last: 45992134 ns, Reaching safepoint: 211207 ns, At safepoint: 16120693 ns, Total: 16331900 ns
[2020-09-11T16:03:54.814+0000][1][safepoint    ] Safepoint "Cleanup", Time since last: 1006803305 ns, Reaching safepoint: 172644 ns, At safepoint: 19789 ns, Total: 192433 ns
[2020-09-11T16:03:55.815+0000][1][safepoint    ] Safepoint "Cleanup", Time since last: 1000251410 ns, Reaching safepoint: 109950 ns, At safepoint: 8089 ns, Total: 118039 ns
[2020-09-11T16:03:56.815+0000][1][safepoint    ] Safepoint "Cleanup", Time since last: 1000195091 ns, Reaching safepoint: 116899 ns, At safepoint: 10244 ns, Total: 127143 ns
[2020-09-11T16:03:57.815+0000][1][safepoint    ] Safepoint "Cleanup", Time since last: 1000113155 ns, Reaching safepoint: 117855 ns, At safepoint: 7458 ns, Total: 125313 ns
[2020-09-11T16:03:58.816+0000][1][safepoint    ] Safepoint "Cleanup", Time since last: 1000181101 ns, Reaching safepoint: 116278 ns, At safepoint: 10816 ns, Total: 127094 ns
[2020-09-11T16:03:59.816+0000][1][safepoint    ] Safepoint "Cleanup", Time since last: 1000208883 ns, Reaching safepoint: 108018 ns, At safepoint: 8159 ns, Total: 116177 ns
[2020-09-11T16:04:00.816+0000][1][safepoint    ] Safepoint "Cleanup", Time since last: 1000151156 ns, Reaching safepoint: 125367 ns, At safepoint: 8116 ns, Total: 133483 ns
[2020-09-11T16:04:01.817+0000][1][safepoint    ] Safepoint "Cleanup", Time since last: 1000806581 ns, Reaching safepoint: 288541 ns, At safepoint: 12396 ns, Total: 300937 ns
[2020-09-11T16:04:01.820+0000][1][safepoint    ] Safepoint "RevokeBias", Time since last: 2299539 ns, Reaching safepoint: 180422 ns, At safepoint: 11067 ns, Total: 191489 ns
[2020-09-11T16:04:01.822+0000][1][safepoint    ] Safepoint "RevokeBias", Time since last: 1922584 ns, Reaching safepoint: 223656 ns, At safepoint: 10109 ns, Total: 233765 ns
[2020-09-11T16:04:01.897+0000][1][safepoint    ] Safepoint "RevokeBias", Time since last: 74417737 ns, Reaching safepoint: 626557 ns, At safepoint: 215884 ns, Total: 842441 ns
[2020-09-11T16:04:01.983+0000][1][safepoint    ] Safepoint "RevokeBias", Time since last: 85287797 ns, Reaching safepoint: 112664 ns, At safepoint: 25992 ns, Total: 138656 ns
[2020-09-11T16:04:02.072+0000][1][safepoint    ] Safepoint "RevokeBias", Time since last: 89433539 ns, Reaching safepoint: 216768 ns, At safepoint: 29605 ns, Total: 246373 ns
[2020-09-11T16:04:02.225+0000][1][safepoint    ] Safepoint "RevokeBias", Time since last: 152633197 ns, Reaching safepoint: 176504 ns, At safepoint: 26234 ns, Total: 202738 ns
[2020-09-11T16:04:02.305+0000][1][gc,start     ] GC(147) Pause Young (Allocation Failure)
[2020-09-11T16:04:02.305+0000][1][gc,task      ] GC(147) Using 1 workers of 1 for evacuation
[2020-09-11T16:04:02.342+0000][1][gc,age       ] GC(147) Desired survivor size 4358144 bytes, new threshold 6 (max threshold 6)
[2020-09-11T16:04:02.342+0000][1][gc,age       ] GC(147) Age table with threshold 6 (max threshold 6)
[2020-09-11T16:04:02.342+0000][1][gc,age       ] GC(147) - age   1:     908568 bytes,     908568 total
[2020-09-11T16:04:02.342+0000][1][gc,age       ] GC(147) - age   2:     322264 bytes,    1230832 total
[2020-09-11T16:04:02.342+0000][1][gc,age       ] GC(147) - age   3:     104248 bytes,    1335080 total
[2020-09-11T16:04:02.342+0000][1][gc,age       ] GC(147) - age   4:      75472 bytes,    1410552 total
[2020-09-11T16:04:02.342+0000][1][gc,age       ] GC(147) - age   5:      74824 bytes,    1485376 total
[2020-09-11T16:04:02.342+0000][1][gc,age       ] GC(147) - age   6:     574008 bytes,    2059384 total
[2020-09-11T16:04:02.342+0000][1][gc,heap      ] GC(147) ParNew: 70327K->3367K(76672K)
[2020-09-11T16:04:02.342+0000][1][gc,heap      ] GC(147) CMS: 127877K->128002K(2011968K)
[2020-09-11T16:04:02.342+0000][1][gc,metaspace ] GC(147) Metaspace: 98827K->98827K(1140736K)
[2020-09-11T16:04:02.342+0000][1][gc           ] GC(147) Pause Young (Allocation Failure) 193M->128M(2039M) 37.281ms
[2020-09-11T16:04:02.342+0000][1][gc,cpu       ] GC(147) User=0.02s Sys=0.00s Real=0.04s
[2020-09-11T16:04:02.357+0000][1][safepoint    ] Safepoint "GenCollectForAllocation", Time since last: 79589721 ns, Reaching safepoint: 160626 ns, At safepoint: 51831593 ns, Total: 51992219 ns
[2020-09-11T16:04:02.607+0000][1][safepoint    ] Safepoint "RevokeBias", Time since last: 250357286 ns, Reaching safepoint: 170710 ns, At safepoint: 19985 ns, Total: 190695 ns
[2020-09-11T16:04:02.608+0000][1][safepoint    ] Safepoint "RevokeBias", Time since last: 108779 ns, Reaching safepoint: 117443 ns, At safepoint: 41510 ns, Total: 158953 ns
[2020-09-11T16:04:02.608+0000][1][safepoint    ] Safepoint "RevokeBias", Time since last: 459575 ns, Reaching safepoint: 104524 ns, At safepoint: 13342 ns, Total: 117866 ns
[2020-09-11T16:04:02.608+0000][1][safepoint    ] Safepoint "RevokeBias", Time since last: 128735 ns, Reaching safepoint: 115888 ns, At safepoint: 13900 ns, Total: 129788 ns
[2020-09-11T16:04:02.609+0000][1][safepoint    ] Safepoint "RevokeBias", Time since last: 36756 ns, Reaching safepoint: 104234 ns, At safepoint: 12181 ns, Total: 116415 ns
[2020-09-11T16:04:02.609+0000][1][safepoint    ] Safepoint "RevokeBias", Time since last: 66713 ns, Reaching safepoint: 109675 ns, At safepoint: 12452 ns, Total: 122127 ns
[2020-09-11T16:04:02.609+0000][1][safepoint    ] Safepoint "RevokeBias", Time since last: 54374 ns, Reaching safepoint: 103332 ns, At safepoint: 12116 ns, Total: 115448 ns
[2020-09-11T16:04:02.687+0000][1][safepoint    ] Safepoint "RevokeBias", Time since last: 77714248 ns, Reaching safepoint: 179466 ns, At safepoint: 20799 ns, Total: 200265 ns
[2020-09-11T16:04:02.825+0000][1][safepoint    ] Safepoint "RevokeBias", Time since last: 138154716 ns, Reaching safepoint: 172006 ns, At safepoint: 22109 ns, Total: 194115 ns
[2020-09-11T16:04:02.842+0000][1][safepoint    ] Safepoint "RevokeBias", Time since last: 16486474 ns, Reaching safepoint: 177276 ns, At safepoint: 22156 ns, Total: 199432 ns
[2020-09-11T16:04:03.763+0000][1][safepoint    ] Safepoint "RevokeBias", Time since last: 920090305 ns, Reaching safepoint: 353036 ns, At safepoint: 232833 ns, Total: 585869 ns
[2020-09-11T16:04:04.009+0000][1][gc,start     ] GC(148) Pause Young (Allocation Failure)
[2020-09-11T16:04:04.009+0000][1][gc,task      ] GC(148) Using 1 workers of 1 for evacuation
[2020-09-11T16:04:04.039+0000][1][gc,age       ] GC(148) Desired survivor size 4358144 bytes, new threshold 1 (max threshold 6)
[2020-09-11T16:04:04.039+0000][1][gc,age       ] GC(148) Age table with threshold 1 (max threshold 6)
[2020-09-11T16:04:04.039+0000][1][gc,age       ] GC(148) - age   1:    8037704 bytes,    8037704 total
[2020-09-11T16:04:04.039+0000][1][gc,age       ] GC(148) - age   2:     198896 bytes,    8236600 total
[2020-09-11T16:04:04.039+0000][1][gc,age       ] GC(148) - age   3:     319328 bytes,    8555928 total
[2020-09-11T16:04:04.039+0000][1][gc,age       ] GC(148) - age   4:      40160 bytes,    8596088 total
[2020-09-11T16:04:04.039+0000][1][gc,age       ] GC(148) - age   5:       4600 bytes,    8600688 total
[2020-09-11T16:04:04.039+0000][1][gc,age       ] GC(148) - age   6:       4128 bytes,    8604816 total
[2020-09-11T16:04:04.039+0000][1][gc,heap      ] GC(148) ParNew: 71510K->8512K(76672K)
[2020-09-11T16:04:04.039+0000][1][gc,heap      ] GC(148) CMS: 128002K->128916K(2011968K)
[2020-09-11T16:04:04.039+0000][1][gc,metaspace ] GC(148) Metaspace: 98959K->98959K(1140736K)
[2020-09-11T16:04:04.039+0000][1][gc           ] GC(148) Pause Young (Allocation Failure) 194M->134M(2039M) 30.125ms
[2020-09-11T16:04:04.039+0000][1][gc,cpu       ] GC(148) User=0.03s Sys=0.00s Real=0.03s
[2020-09-11T16:04:04.045+0000][1][safepoint    ] Safepoint "GenCollectForAllocation", Time since last: 246188531 ns, Reaching safepoint: 218009 ns, At safepoint: 35774863 ns, Total: 35992872 ns
[2020-09-11T16:04:04.850+0000][1][safepoint    ] Safepoint "RevokeBias", Time since last: 804670776 ns, Reaching safepoint: 219075 ns, At safepoint: 23224 ns, Total: 242299 ns
[2020-09-11T16:04:04.851+0000][1][safepoint    ] Safepoint "RevokeBias", Time since last: 705274 ns, Reaching safepoint: 166884 ns, At safepoint: 17727 ns, Total: 184611 ns
[2020-09-11T16:04:04.851+0000][1][safepoint    ] Safepoint "RevokeBias", Time since last: 102663 ns, Reaching safepoint: 172675 ns, At safepoint: 15641 ns, Total: 188316 ns
[2020-09-11T16:04:04.851+0000][1][safepoint    ] Safepoint "RevokeBias", Time since last: 52374 ns, Reaching safepoint: 162723 ns, At safepoint: 14275 ns, Total: 176998 ns
[2020-09-11T16:04:04.870+0000][1][safepoint    ] Safepoint "RevokeBias", Time since last: 18242071 ns, Reaching safepoint: 202112 ns, At safepoint: 24265 ns, Total: 226377 ns
[2020-09-11T16:04:05.870+0000][1][safepoint    ] Safepoint "Cleanup", Time since last: 1000189304 ns, Reaching safepoint: 182656 ns, At safepoint: 20421 ns, Total: 203077 ns
[2020-09-11T16:04:06.870+0000][1][safepoint    ] Safepoint "Cleanup", Time since last: 1000234724 ns, Reaching safepoint: 159540 ns, At safepoint: 18924 ns, Total: 178464 ns
[2020-09-11T16:04:07.871+0000][1][safepoint    ] Safepoint "Cleanup", Time since last: 1000213315 ns, Reaching safepoint: 160817 ns, At safepoint: 19140 ns, Total: 179957 ns
[2020-09-11T16:04:08.871+0000][1][safepoint    ] Safepoint "Cleanup", Time since last: 1000244394 ns, Reaching safepoint: 105072 ns, At safepoint: 8016 ns, Total: 113088 ns
[2020-09-11T16:04:09.872+0000][1][safepoint    ] Safepoint "Cleanup", Time since last: 1000185811 ns, Reaching safepoint: 172179 ns, At safepoint: 22014 ns, Total: 194193 ns
[2020-09-11T16:04:10.872+0000][1][safepoint    ] Safepoint "Cleanup", Time since last: 1000241621 ns, Reaching safepoint: 110950 ns, At safepoint: 7996 ns, Total: 118946 ns
[2020-09-11T16:04:11.872+0000][1][safepoint    ] Safepoint "Cleanup", Time since last: 1000115362 ns, Reaching safepoint: 88347 ns, At safepoint: 7292 ns, Total: 95639 ns
[2020-09-11T16:04:11.920+0000][1][safepoint    ] Safepoint "RevokeBias", Time since last: 47678491 ns, Reaching safepoint: 249715 ns, At safepoint: 294479 ns, Total: 544194 ns
[2020-09-11T16:04:11.953+0000][1][safepoint    ] Safepoint "RevokeBias", Time since last: 24291520 ns, Reaching safepoint: 3669915 ns, At safepoint: 4582389 ns, Total: 8252304 ns
[2020-09-11T16:04:11.958+0000][1][safepoint    ] Safepoint "RevokeBias", Time since last: 4069006 ns, Reaching safepoint: 991801 ns, At safepoint: 102959 ns, Total: 1094760 ns
[2020-09-11T16:04:11.981+0000][1][safepoint    ] Safepoint "RevokeBias", Time since last: 21469070 ns, Reaching safepoint: 1425744 ns, At safepoint: 31250 ns, Total: 1456994 ns
[2020-09-11T16:04:11.989+0000][1][gc,start     ] GC(149) Pause Young (Allocation Failure)
[2020-09-11T16:04:11.989+0000][1][gc,task      ] GC(149) Using 1 workers of 1 for evacuation
[2020-09-11T16:04:12.046+0000][1][gc,age       ] GC(149) Desired survivor size 4358144 bytes, new threshold 1 (max threshold 6)
[2020-09-11T16:04:12.046+0000][1][gc,age       ] GC(149) Age table with threshold 1 (max threshold 6)
[2020-09-11T16:04:12.046+0000][1][gc,age       ] GC(149) - age   1:    5092560 bytes,    5092560 total
[2020-09-11T16:04:12.046+0000][1][gc,heap      ] GC(149) ParNew: 76672K->6596K(76672K)
[2020-09-11T16:04:12.046+0000][1][gc,heap      ] GC(149) CMS: 128916K->130052K(2011968K)
[2020-09-11T16:04:12.046+0000][1][gc,metaspace ] GC(149) Metaspace: 98988K->98988K(1140736K)
[2020-09-11T16:04:12.046+0000][1][gc           ] GC(149) Pause Young (Allocation Failure) 200M->133M(2039M) 56.900ms
[2020-09-11T16:04:12.046+0000][1][gc,cpu       ] GC(149) User=0.02s Sys=0.00s Real=0.06s
[2020-09-11T16:04:12.058+0000][1][safepoint    ] Safepoint "GenCollectForAllocation", Time since last: 4058951 ns, Reaching safepoint: 3891036 ns, At safepoint: 69094548 ns, Total: 72985584 ns
[2020-09-11T16:04:12.917+0000][1][safepoint    ] Safepoint "RevokeBias", Time since last: 858085723 ns, Reaching safepoint: 720497 ns, At safepoint: 23990 ns, Total: 744487 ns
[2020-09-11T16:04:12.918+0000][1][safepoint    ] Safepoint "RevokeBias", Time since last: 200127 ns, Reaching safepoint: 901217 ns, At safepoint: 21729 ns, Total: 922946 ns
[2020-09-11T16:04:12.919+0000][1][safepoint    ] Safepoint "RevokeBias", Time since last: 152462 ns, Reaching safepoint: 550747 ns, At safepoint: 20573 ns, Total: 571320 ns
[2020-09-11T16:04:12.919+0000][1][safepoint    ] Safepoint "RevokeBias", Time since last: 65722 ns, Reaching safepoint: 716712 ns, At safepoint: 18559 ns, Total: 735271 ns
[2020-09-11T16:04:12.932+0000][1][safepoint    ] Safepoint "RevokeBias", Time since last: 10882827 ns, Reaching safepoint: 1940791 ns, At safepoint: 26507 ns, Total: 1967298 ns
[2020-09-11T16:04:12.979+0000][1][safepoint    ] Safepoint "RevokeBias", Time since last: 44384110 ns, Reaching safepoint: 2526502 ns, At safepoint: 45592 ns, Total: 2572094 ns
[2020-09-11T16:04:12.995+0000][1][safepoint    ] Safepoint "RevokeBias", Time since last: 15201728 ns, Reaching safepoint: 163008 ns, At safepoint: 24910 ns, Total: 187918 ns
[2020-09-11T16:04:13.452+0000][1][gc,start     ] GC(150) Pause Young (Allocation Failure)
[2020-09-11T16:04:13.452+0000][1][gc,task      ] GC(150) Using 1 workers of 1 for evacuation
[2020-09-11T16:04:13.483+0000][1][gc,age       ] GC(150) Desired survivor size 4358144 bytes, new threshold 6 (max threshold 6)
[2020-09-11T16:04:13.483+0000][1][gc,age       ] GC(150) Age table with threshold 6 (max threshold 6)
[2020-09-11T16:04:13.483+0000][1][gc,age       ] GC(150) - age   1:    1081800 bytes,    1081800 total
[2020-09-11T16:04:13.483+0000][1][gc,heap      ] GC(150) ParNew: 74517K->5378K(76672K)
[2020-09-11T16:04:13.483+0000][1][gc,heap      ] GC(150) CMS: 130052K->130581K(2011968K)
[2020-09-11T16:04:13.483+0000][1][gc,metaspace ] GC(150) Metaspace: 99044K->99044K(1140736K)
[2020-09-11T16:04:13.483+0000][1][gc           ] GC(150) Pause Young (Allocation Failure) 199M->132M(2039M) 31.186ms
[2020-09-11T16:04:13.483+0000][1][gc,cpu       ] GC(150) User=0.03s Sys=0.00s Real=0.04s
[2020-09-11T16:04:13.486+0000][1][safepoint    ] Safepoint "GenCollectForAllocation", Time since last: 456601088 ns, Reaching safepoint: 231315 ns, At safepoint: 34462764 ns, Total: 34694079 ns
[2020-09-11T16:04:13.493+0000][1][safepoint    ] Safepoint "RevokeBias", Time since last: 2573150 ns, Reaching safepoint: 196665 ns, At safepoint: 4071415 ns, Total: 4268080 ns
[2020-09-11T16:04:13.559+0000][1][safepoint    ] Safepoint "RevokeBias", Time since last: 65990024 ns, Reaching safepoint: 170273 ns, At safepoint: 22234 ns, Total: 192507 ns
[2020-09-11T16:04:13.559+0000][1][safepoint    ] Safepoint "RevokeBias", Time since last: 86103 ns, Reaching safepoint: 29829 ns, At safepoint: 11698 ns, Total: 41527 ns
[2020-09-11T16:04:13.775+0000][1][safepoint    ] Safepoint "RevokeBias", Time since last: 215293078 ns, Reaching safepoint: 220040 ns, At safepoint: 20834 ns, Total: 240874 ns
[2020-09-11T16:04:13.998+0000][1][gc,start     ] GC(151) Pause Young (Allocation Failure)
[2020-09-11T16:04:13.999+0000][1][gc,task      ] GC(151) Using 1 workers of 1 for evacuation
[2020-09-11T16:04:14.068+0000][1][gc,age       ] GC(151) Desired survivor size 4358144 bytes, new threshold 1 (max threshold 6)
[2020-09-11T16:04:14.068+0000][1][gc,age       ] GC(151) Age table with threshold 1 (max threshold 6)
[2020-09-11T16:04:14.068+0000][1][gc,age       ] GC(151) - age   1:    8368296 bytes,    8368296 total
[2020-09-11T16:04:14.068+0000][1][gc,age       ] GC(151) - age   2:     279824 bytes,    8648120 total
[2020-09-11T16:04:14.068+0000][1][gc,heap      ] GC(151) ParNew: 73104K->8512K(76672K)
[2020-09-11T16:04:14.068+0000][1][gc,heap      ] GC(151) CMS: 130581K->130925K(2011968K)
[2020-09-11T16:04:14.068+0000][1][gc,metaspace ] GC(151) Metaspace: 99054K->99054K(1140736K)
[2020-09-11T16:04:14.068+0000][1][gc           ] GC(151) Pause Young (Allocation Failure) 198M->136M(2039M) 69.456ms
[2020-09-11T16:04:14.068+0000][1][gc,cpu       ] GC(151) User=0.03s Sys=0.00s Real=0.07s
[2020-09-11T16:04:14.068+0000][1][safepoint    ] Safepoint "GenCollectForAllocation", Time since last: 223614690 ns, Reaching safepoint: 177510 ns, At safepoint: 69888837 ns, Total: 70066347 ns
[2020-09-11T16:04:14.105+0000][1][safepoint    ] Safepoint "RevokeBias", Time since last: 36498806 ns, Reaching safepoint: 161612 ns, At safepoint: 25058 ns, Total: 186670 ns
[2020-09-11T16:04:14.106+0000][1][safepoint    ] Safepoint "RevokeBias", Time since last: 632449 ns, Reaching safepoint: 110114 ns, At safepoint: 14420 ns, Total: 124534 ns
[2020-09-11T16:04:14.106+0000][1][safepoint    ] Safepoint "RevokeBias", Time since last: 119692 ns, Reaching safepoint: 109590 ns, At safepoint: 22178 ns, Total: 131768 ns
[2020-09-11T16:04:14.106+0000][1][safepoint    ] Safepoint "RevokeBias", Time since last: 65427 ns, Reaching safepoint: 103816 ns, At safepoint: 12350 ns, Total: 116166 ns
[2020-09-11T16:04:14.119+0000][1][safepoint    ] Safepoint "RevokeBias", Time since last: 12945987 ns, Reaching safepoint: 158450 ns, At safepoint: 22065 ns, Total: 180515 ns
[2020-09-11T16:04:14.120+0000][1][safepoint    ] Safepoint "RevokeBias", Time since last: 982342 ns, Reaching safepoint: 107397 ns, At safepoint: 6624 ns, Total: 114021 ns
[2020-09-11T16:04:14.137+0000][1][safepoint    ] Safepoint "RevokeBias", Time since last: 16543125 ns, Reaching safepoint: 158965 ns, At safepoint: 10553 ns, Total: 169518 ns
[2020-09-11T16:04:14.141+0000][1][safepoint    ] Safepoint "RevokeBias", Time since last: 3664649 ns, Reaching safepoint: 158061 ns, At safepoint: 76863 ns, Total: 234924 ns
[2020-09-11T16:04:14.147+0000][1][safepoint    ] Safepoint "RevokeBias", Time since last: 5818499 ns, Reaching safepoint: 174515 ns, At safepoint: 9134 ns, Total: 183649 ns
[2020-09-11T16:04:14.147+0000][1][safepoint    ] Safepoint "RevokeBias", Time since last: 95536 ns, Reaching safepoint: 103042 ns, At safepoint: 6274 ns, Total: 109316 ns
[2020-09-11T16:04:15.148+0000][1][safepoint    ] Safepoint "Cleanup", Time since last: 1000172580 ns, Reaching safepoint: 194681 ns, At safepoint: 16832 ns, Total: 211513 ns
[2020-09-11T16:04:15.182+0000][1][safepoint    ] Safepoint "RevokeBias", Time since last: 33760274 ns, Reaching safepoint: 175976 ns, At safepoint: 28300 ns, Total: 204276 ns
[2020-09-11T16:04:15.182+0000][1][safepoint    ] Safepoint "RevokeBias", Time since last: 202351 ns, Reaching safepoint: 151292 ns, At safepoint: 21257 ns, Total: 172549 ns
[2020-09-11T16:04:15.182+0000][1][safepoint    ] Safepoint "RevokeBias", Time since last: 129549 ns, Reaching safepoint: 152698 ns, At safepoint: 19816 ns, Total: 172514 ns
[2020-09-11T16:04:15.183+0000][1][safepoint    ] Safepoint "RevokeBias", Time since last: 66969 ns, Reaching safepoint: 191452 ns, At safepoint: 17530 ns, Total: 208982 ns
[2020-09-11T16:04:15.187+0000][1][gc,start     ] GC(152) Pause Young (Allocation Failure)
[2020-09-11T16:04:15.187+0000][1][gc,task      ] GC(152) Using 1 workers of 1 for evacuation
[2020-09-11T16:04:15.202+0000][1][gc,age       ] GC(152) Desired survivor size 4358144 bytes, new threshold 6 (max threshold 6)
[2020-09-11T16:04:15.202+0000][1][gc,age       ] GC(152) Age table with threshold 6 (max threshold 6)
[2020-09-11T16:04:15.202+0000][1][gc,age       ] GC(152) - age   1:     846800 bytes,     846800 total
[2020-09-11T16:04:15.202+0000][1][gc,heap      ] GC(152) ParNew: 76672K->6719K(76672K)
[2020-09-11T16:04:15.202+0000][1][gc,heap      ] GC(152) CMS: 130925K->131253K(2011968K)
[2020-09-11T16:04:15.202+0000][1][gc,metaspace ] GC(152) Metaspace: 99093K->99093K(1140736K)
[2020-09-11T16:04:15.202+0000][1][gc           ] GC(152) Pause Young (Allocation Failure) 202M->134M(2039M) 15.531ms
[2020-09-11T16:04:15.202+0000][1][gc,cpu       ] GC(152) User=0.01s Sys=0.00s Real=0.02s
[2020-09-11T16:04:15.209+0000][1][safepoint    ] Safepoint "GenCollectForAllocation", Time since last: 4033471 ns, Reaching safepoint: 163556 ns, At safepoint: 22043639 ns, Total: 22207195 ns
[2020-09-11T16:04:15.211+0000][1][safepoint    ] Safepoint "RevokeBias", Time since last: 2471539 ns, Reaching safepoint: 82195 ns, At safepoint: 36315 ns, Total: 118510 ns
[2020-09-11T16:04:16.213+0000][1][safepoint    ] Safepoint "Cleanup", Time since last: 1001534550 ns, Reaching safepoint: 112530 ns, At safepoint: 8119 ns, Total: 120649 ns
[2020-09-11T16:04:17.213+0000][1][safepoint    ] Safepoint "Cleanup", Time since last: 1000191496 ns, Reaching safepoint: 200127 ns, At safepoint: 19702 ns, Total: 219829 ns
[2020-09-11T16:04:18.214+0000][1][safepoint    ] Safepoint "Cleanup", Time since last: 1000229790 ns, Reaching safepoint: 113912 ns, At safepoint: 7803 ns, Total: 121715 ns
[2020-09-11T16:04:19.214+0000][1][safepoint    ] Safepoint "Cleanup", Time since last: 1000171696 ns, Reaching safepoint: 122363 ns, At safepoint: 7176 ns, Total: 129539 ns
[2020-09-11T16:04:20.214+0000][1][safepoint    ] Safepoint "Cleanup", Time since last: 1000208441 ns, Reaching safepoint: 107381 ns, At safepoint: 8184 ns, Total: 115565 ns
[2020-09-11T16:04:21.215+0000][1][safepoint    ] Safepoint "Cleanup", Time since last: 1000185679 ns, Reaching safepoint: 163419 ns, At safepoint: 20023 ns, Total: 183442 ns
[2020-09-11T16:04:22.215+0000][1][safepoint    ] Safepoint "Cleanup", Time since last: 1000235708 ns, Reaching safepoint: 174234 ns, At safepoint: 22692 ns, Total: 196926 ns
[2020-09-11T16:04:22.245+0000][1][safepoint    ] Safepoint "RevokeBias", Time since last: 29575570 ns, Reaching safepoint: 184011 ns, At safepoint: 29803 ns, Total: 213814 ns
[2020-09-11T16:04:22.245+0000][1][safepoint    ] Safepoint "RevokeBias", Time since last: 236801 ns, Reaching safepoint: 71006 ns, At safepoint: 17943 ns, Total: 88949 ns
[2020-09-11T16:04:22.246+0000][1][safepoint    ] Safepoint "RevokeBias", Time since last: 157913 ns, Reaching safepoint: 68501 ns, At safepoint: 16929 ns, Total: 85430 ns
[2020-09-11T16:04:22.246+0000][1][safepoint    ] Safepoint "RevokeBias", Time since last: 59461 ns, Reaching safepoint: 55674 ns, At safepoint: 13877 ns, Total: 69551 ns
[2020-09-11T16:04:22.255+0000][1][safepoint    ] Safepoint "RevokeBias", Time since last: 8673427 ns, Reaching safepoint: 154121 ns, At safepoint: 28114 ns, Total: 182235 ns
[2020-09-11T16:04:23.255+0000][1][safepoint    ] Safepoint "Cleanup", Time since last: 1000109262 ns, Reaching safepoint: 99367 ns, At safepoint: 8019 ns, Total: 107386 ns
[2020-09-11T16:04:23.733+0000][1][safepoint    ] Safepoint "RevokeBias", Time since last: 477518825 ns, Reaching safepoint: 241615 ns, At safepoint: 272054 ns, Total: 513669 ns
[2020-09-11T16:04:23.833+0000][1][gc,start     ] GC(153) Pause Young (Allocation Failure)
[2020-09-11T16:04:23.833+0000][1][gc,task      ] GC(153) Using 1 workers of 1 for evacuation
[2020-09-11T16:04:23.855+0000][1][gc,age       ] GC(153) Desired survivor size 4358144 bytes, new threshold 1 (max threshold 6)
[2020-09-11T16:04:23.855+0000][1][gc,age       ] GC(153) Age table with threshold 1 (max threshold 6)
[2020-09-11T16:04:23.855+0000][1][gc,age       ] GC(153) - age   1:    6499768 bytes,    6499768 total
[2020-09-11T16:04:23.855+0000][1][gc,age       ] GC(153) - age   2:     405864 bytes,    6905632 total
[2020-09-11T16:04:23.855+0000][1][gc,heap      ] GC(153) ParNew: 74879K->7339K(76672K)
[2020-09-11T16:04:23.855+0000][1][gc,heap      ] GC(153) CMS: 131253K->131253K(2011968K)
[2020-09-11T16:04:23.855+0000][1][gc,metaspace ] GC(153) Metaspace: 99108K->99108K(1140736K)
[2020-09-11T16:04:23.856+0000][1][gc           ] GC(153) Pause Young (Allocation Failure) 201M->135M(2039M) 22.631ms
[2020-09-11T16:04:23.856+0000][1][gc,cpu       ] GC(153) User=0.02s Sys=0.00s Real=0.02s
[2020-09-11T16:04:23.856+0000][1][safepoint    ] Safepoint "GenCollectForAllocation", Time since last: 97238362 ns, Reaching safepoint: 2841063 ns, At safepoint: 23165917 ns, Total: 26006980 ns
[2020-09-11T16:04:23.926+0000][1][safepoint    ] Safepoint "RevokeBias", Time since last: 69066253 ns, Reaching safepoint: 228224 ns, At safepoint: 190605 ns, Total: 418829 ns
[2020-09-11T16:04:23.929+0000][1][safepoint    ] Safepoint "RevokeBias", Time since last: 2909778 ns, Reaching safepoint: 211556 ns, At safepoint: 34115 ns, Total: 245671 ns
[2020-09-11T16:04:24.333+0000][1][safepoint    ] Safepoint "RevokeBias", Time since last: 404163041 ns, Reaching safepoint: 219833 ns, At safepoint: 25383 ns, Total: 245216 ns
[2020-09-11T16:04:24.334+0000][1][safepoint    ] Safepoint "RevokeBias", Time since last: 683509 ns, Reaching safepoint: 34063 ns, At safepoint: 14144 ns, Total: 48207 ns
[2020-09-11T16:04:24.334+0000][1][safepoint    ] Safepoint "RevokeBias", Time since last: 134050 ns, Reaching safepoint: 38960 ns, At safepoint: 12863 ns, Total: 51823 ns
[2020-09-11T16:04:24.334+0000][1][safepoint    ] Safepoint "RevokeBias", Time since last: 53203 ns, Reaching safepoint: 33081 ns, At safepoint: 11812 ns, Total: 44893 ns
[2020-09-11T16:04:24.360+0000][1][safepoint    ] Safepoint "RevokeBias", Time since last: 25484008 ns, Reaching safepoint: 165998 ns, At safepoint: 21134 ns, Total: 187132 ns
[2020-09-11T16:04:25.360+0000][1][safepoint    ] Safepoint "Cleanup", Time since last: 1000191303 ns, Reaching safepoint: 150622 ns, At safepoint: 8483 ns, Total: 159105 ns
[2020-09-11T16:04:25.573+0000][1][gc,start     ] GC(154) Pause Young (Allocation Failure)
[2020-09-11T16:04:25.573+0000][1][gc,task      ] GC(154) Using 1 workers of 1 for evacuation
[2020-09-11T16:04:25.592+0000][1][gc,age       ] GC(154) Desired survivor size 4358144 bytes, new threshold 1 (max threshold 6)
[2020-09-11T16:04:25.592+0000][1][gc,age       ] GC(154) Age table with threshold 1 (max threshold 6)
[2020-09-11T16:04:25.592+0000][1][gc,age       ] GC(154) - age   1:    4617216 bytes,    4617216 total
[2020-09-11T16:04:25.592+0000][1][gc,heap      ] GC(154) ParNew: 75499K->5516K(76672K)
[2020-09-11T16:04:25.592+0000][1][gc,heap      ] GC(154) CMS: 131253K->132221K(2011968K)
[2020-09-11T16:04:25.592+0000][1][gc,metaspace ] GC(154) Metaspace: 99183K->99183K(1140736K)
[2020-09-11T16:04:25.592+0000][1][gc           ] GC(154) Pause Young (Allocation Failure) 201M->134M(2039M) 19.063ms
[2020-09-11T16:04:25.592+0000][1][gc,cpu       ] GC(154) User=0.02s Sys=0.00s Real=0.01s
[2020-09-11T16:04:25.592+0000][1][safepoint    ] Safepoint "GenCollectForAllocation", Time since last: 212594042 ns, Reaching safepoint: 329642 ns, At safepoint: 19166959 ns, Total: 19496601 ns
[2020-09-11T16:04:25.596+0000][1][safepoint    ] Safepoint "RevokeBias", Time since last: 3414599 ns, Reaching safepoint: 96898 ns, At safepoint: 41817 ns, Total: 138715 ns
[2020-09-11T16:04:25.596+0000][1][safepoint    ] Safepoint "RevokeBias", Time since last: 158486 ns, Reaching safepoint: 38193 ns, At safepoint: 21584 ns, Total: 59777 ns
[2020-09-11T16:04:25.596+0000][1][safepoint    ] Safepoint "RevokeBias", Time since last: 134136 ns, Reaching safepoint: 43058 ns, At safepoint: 20420 ns, Total: 63478 ns
[2020-09-11T16:04:25.596+0000][1][safepoint    ] Safepoint "RevokeBias", Time since last: 47039 ns, Reaching safepoint: 37985 ns, At safepoint: 19612 ns, Total: 57597 ns
[2020-09-11T16:04:25.618+0000][1][safepoint    ] Safepoint "RevokeBias", Time since last: 21143095 ns, Reaching safepoint: 170666 ns, At safepoint: 22751 ns, Total: 193417 ns
[2020-09-11T16:04:25.965+0000][1][safepoint    ] Safepoint "RevokeBias", Time since last: 347025803 ns, Reaching safepoint: 535729 ns, At safepoint: 52916 ns, Total: 588645 ns
[2020-09-11T16:04:25.970+0000][1][safepoint    ] Safepoint "RevokeBias", Time since last: 4531599 ns, Reaching safepoint: 248767 ns, At safepoint: 27262 ns, Total: 276029 ns
[2020-09-11T16:04:26.970+0000][1][safepoint    ] Safepoint "Cleanup", Time since last: 1000110271 ns, Reaching safepoint: 112346 ns, At safepoint: 7590 ns, Total: 119936 ns
[2020-09-11T16:04:27.971+0000][1][safepoint    ] Safepoint "Cleanup", Time since last: 1000117743 ns, Reaching safepoint: 119808 ns, At safepoint: 12594 ns, Total: 132402 ns
[2020-09-11T16:04:28.971+0000][1][safepoint    ] Safepoint "Cleanup", Time since last: 1000142450 ns, Reaching safepoint: 96306 ns, At safepoint: 8468 ns, Total: 104774 ns
[2020-09-11T16:04:29.971+0000][1][safepoint    ] Safepoint "Cleanup", Time since last: 1000126387 ns, Reaching safepoint: 95562 ns, At safepoint: 8207 ns, Total: 103769 ns
[2020-09-11T16:04:30.971+0000][1][safepoint    ] Safepoint "Cleanup", Time since last: 1000121924 ns, Reaching safepoint: 104990 ns, At safepoint: 8634 ns, Total: 113624 ns
[2020-09-11T16:04:31.971+0000][1][safepoint    ] Safepoint "Cleanup", Time since last: 1000121183 ns, Reaching safepoint: 99277 ns, At safepoint: 7978 ns, Total: 107255 ns
[2020-09-11T16:04:32.649+0000][1][gc,start     ] GC(155) Pause Young (Allocation Failure)
[2020-09-11T16:04:32.649+0000][1][gc,task      ] GC(155) Using 1 workers of 1 for evacuation
[2020-09-11T16:04:32.696+0000][1][gc,age       ] GC(155) Desired survivor size 4358144 bytes, new threshold 1 (max threshold 6)
[2020-09-11T16:04:32.696+0000][1][gc,age       ] GC(155) Age table with threshold 1 (max threshold 6)
[2020-09-11T16:04:32.696+0000][1][gc,age       ] GC(155) - age   1:    4512240 bytes,    4512240 total
[2020-09-11T16:04:32.696+0000][1][gc,heap      ] GC(155) ParNew: 73676K->4760K(76672K)
[2020-09-11T16:04:32.696+0000][1][gc,heap      ] GC(155) CMS: 132221K->132736K(2011968K)
[2020-09-11T16:04:32.696+0000][1][gc,metaspace ] GC(155) Metaspace: 99244K->99244K(1140736K)
[2020-09-11T16:04:32.696+0000][1][gc           ] GC(155) Pause Young (Allocation Failure) 201M->134M(2039M) 47.454ms
[2020-09-11T16:04:32.696+0000][1][gc,cpu       ] GC(155) User=0.02s Sys=0.00s Real=0.05s
[2020-09-11T16:04:32.705+0000][1][safepoint    ] Safepoint "GenCollectForAllocation", Time since last: 673021384 ns, Reaching safepoint: 4379273 ns, At safepoint: 56300989 ns, Total: 60680262 ns
[2020-09-11T16:04:32.706+0000][1][safepoint    ] Safepoint "RevokeBias", Time since last: 1167246 ns, Reaching safepoint: 77930 ns, At safepoint: 30928 ns, Total: 108858 ns
[2020-09-11T16:04:32.707+0000][1][safepoint    ] Safepoint "RevokeBias", Time since last: 175217 ns, Reaching safepoint: 30759 ns, At safepoint: 21454 ns, Total: 52213 ns
[2020-09-11T16:04:32.707+0000][1][safepoint    ] Safepoint "RevokeBias", Time since last: 73874 ns, Reaching safepoint: 36545 ns, At safepoint: 19943 ns, Total: 56488 ns
[2020-09-11T16:04:32.707+0000][1][safepoint    ] Safepoint "BulkRevokeBias", Time since last: 38115 ns, Reaching safepoint: 30744 ns, At safepoint: 249681 ns, Total: 280425 ns
[2020-09-11T16:04:32.758+0000][1][safepoint    ] Safepoint "RevokeBias", Time since last: 50637874 ns, Reaching safepoint: 151911 ns, At safepoint: 22134 ns, Total: 174045 ns
[2020-09-11T16:04:33.758+0000][1][safepoint    ] Safepoint "Cleanup", Time since last: 1000092775 ns, Reaching safepoint: 174151 ns, At safepoint: 8638 ns, Total: 182789 ns
[2020-09-11T16:04:33.775+0000][1][safepoint    ] Safepoint "RevokeBias", Time since last: 16610833 ns, Reaching safepoint: 239903 ns, At safepoint: 225823 ns, Total: 465726 ns
[2020-09-11T16:04:34.776+0000][1][safepoint    ] Safepoint "Cleanup", Time since last: 1000600453 ns, Reaching safepoint: 105153 ns, At safepoint: 8309 ns, Total: 113462 ns
[2020-09-11T16:04:34.845+0000][1][gc,start     ] GC(156) Pause Young (Allocation Failure)
[2020-09-11T16:04:34.845+0000][1][gc,task      ] GC(156) Using 1 workers of 1 for evacuation
[2020-09-11T16:04:34.880+0000][1][gc,age       ] GC(156) Desired survivor size 4358144 bytes, new threshold 1 (max threshold 6)
[2020-09-11T16:04:34.880+0000][1][gc,age       ] GC(156) Age table with threshold 1 (max threshold 6)
[2020-09-11T16:04:34.880+0000][1][gc,age       ] GC(156) - age   1:    7852272 bytes,    7852272 total
[2020-09-11T16:04:34.880+0000][1][gc,heap      ] GC(156) ParNew: 72920K->8512K(76672K)
[2020-09-11T16:04:34.880+0000][1][gc,heap      ] GC(156) CMS: 132736K->133938K(2011968K)
[2020-09-11T16:04:34.880+0000][1][gc,metaspace ] GC(156) Metaspace: 99259K->99259K(1140736K)
[2020-09-11T16:04:34.880+0000][1][gc           ] GC(156) Pause Young (Allocation Failure) 200M->139M(2039M) 34.806ms
[2020-09-11T16:04:34.880+0000][1][gc,cpu       ] GC(156) User=0.02s Sys=0.00s Real=0.03s
[2020-09-11T16:04:34.893+0000][1][safepoint    ] Safepoint "GenCollectForAllocation", Time since last: 68774975 ns, Reaching safepoint: 173279 ns, At safepoint: 47830999 ns, Total: 48004278 ns
[2020-09-11T16:04:34.909+0000][1][safepoint    ] Safepoint "RevokeBias", Time since last: 15815751 ns, Reaching safepoint: 216488 ns, At safepoint: 23023 ns, Total: 239511 ns
[2020-09-11T16:04:34.910+0000][1][safepoint    ] Safepoint "BulkRevokeBias", Time since last: 712710 ns, Reaching safepoint: 103743 ns, At safepoint: 233252 ns, Total: 336995 ns
[2020-09-11T16:04:34.910+0000][1][safepoint    ] Safepoint "RevokeBias", Time since last: 111264 ns, Reaching safepoint: 110994 ns, At safepoint: 12997 ns, Total: 123991 ns
[2020-09-11T16:04:34.913+0000][1][safepoint    ] Safepoint "RevokeBias", Time since last: 2689330 ns, Reaching safepoint: 121087 ns, At safepoint: 16351 ns, Total: 137438 ns
[2020-09-11T16:04:34.941+0000][1][safepoint    ] Safepoint "RevokeBias", Time since last: 27942441 ns, Reaching safepoint: 164807 ns, At safepoint: 23472 ns, Total: 188279 ns
[2020-09-11T16:04:35.941+0000][1][safepoint    ] Safepoint "Cleanup", Time since last: 1000131667 ns, Reaching safepoint: 101512 ns, At safepoint: 8561 ns, Total: 110073 ns
[2020-09-11T16:04:36.942+0000][1][safepoint    ] Safepoint "Cleanup", Time since last: 1000119013 ns, Reaching safepoint: 105091 ns, At safepoint: 8473 ns, Total: 113564 ns
[2020-09-11T16:04:37.942+0000][1][safepoint    ] Safepoint "Cleanup", Time since last: 1000117693 ns, Reaching safepoint: 103119 ns, At safepoint: 11514 ns, Total: 114633 ns
[2020-09-11T16:04:38.942+0000][1][safepoint    ] Safepoint "Cleanup", Time since last: 1000115160 ns, Reaching safepoint: 91330 ns, At safepoint: 8414 ns, Total: 99744 ns
[2020-09-11T16:04:39.942+0000][1][safepoint    ] Safepoint "Cleanup", Time since last: 1000107905 ns, Reaching safepoint: 108780 ns, At safepoint: 10743 ns, Total: 119523 ns
[2020-09-11T16:04:40.942+0000][1][safepoint    ] Safepoint "Cleanup", Time since last: 1000112724 ns, Reaching safepoint: 98800 ns, At safepoint: 8603 ns, Total: 107403 ns
[2020-09-11T16:04:41.137+0000][1][safepoint    ] Safepoint "RevokeBias", Time since last: 193741012 ns, Reaching safepoint: 704078 ns, At safepoint: 193284 ns, Total: 897362 ns
[2020-09-11T16:04:41.161+0000][1][safepoint    ] Safepoint "RevokeBias", Time since last: 23978753 ns, Reaching safepoint: 218910 ns, At safepoint: 36943 ns, Total: 255853 ns
[2020-09-11T16:04:42.162+0000][1][safepoint    ] Safepoint "Cleanup", Time since last: 1000179108 ns, Reaching safepoint: 179576 ns, At safepoint: 20735 ns, Total: 200311 ns
[2020-09-11T16:04:42.430+0000][1][safepoint    ] Safepoint "RevokeBias", Time since last: 268051040 ns, Reaching safepoint: 205984 ns, At safepoint: 179509 ns, Total: 385493 ns
[2020-09-11T16:04:42.455+0000][1][safepoint    ] Safepoint "RevokeBias", Time since last: 24014438 ns, Reaching safepoint: 508790 ns, At safepoint: 32967 ns, Total: 541757 ns
[2020-09-11T16:04:43.384+0000][1][safepoint    ] Safepoint "BulkRevokeBias", Time since last: 929096122 ns, Reaching safepoint: 194845 ns, At safepoint: 285160 ns, Total: 480005 ns
[2020-09-11T16:04:43.864+0000][1][safepoint    ] Safepoint "RevokeBias", Time since last: 478503456 ns, Reaching safepoint: 730919 ns, At safepoint: 212636 ns, Total: 943555 ns
[2020-09-11T16:04:43.957+0000][1][gc,start     ] GC(157) Pause Young (Allocation Failure)
[2020-09-11T16:04:43.957+0000][1][gc,task      ] GC(157) Using 1 workers of 1 for evacuation
[2020-09-11T16:04:44.025+0000][1][gc,age       ] GC(157) Desired survivor size 4358144 bytes, new threshold 1 (max threshold 6)
[2020-09-11T16:04:44.025+0000][1][gc,age       ] GC(157) Age table with threshold 1 (max threshold 6)
[2020-09-11T16:04:44.025+0000][1][gc,age       ] GC(157) - age   1:    7001384 bytes,    7001384 total
[2020-09-11T16:04:44.025+0000][1][gc,heap      ] GC(157) ParNew: 76672K->6874K(76672K)
[2020-09-11T16:04:44.025+0000][1][gc,heap      ] GC(157) CMS: 133938K->134315K(2011968K)
[2020-09-11T16:04:44.027+0000][1][gc,metaspace ] GC(157) Metaspace: 99330K->99330K(1140736K)
[2020-09-11T16:04:44.027+0000][1][gc           ] GC(157) Pause Young (Allocation Failure) 205M->137M(2039M) 69.989ms
[2020-09-11T16:04:44.027+0000][1][gc,cpu       ] GC(157) User=0.03s Sys=0.00s Real=0.07s
[2020-09-11T16:04:44.097+0000][1][safepoint    ] Safepoint "GenCollectForAllocation", Time since last: 92975555 ns, Reaching safepoint: 159750 ns, At safepoint: 139740998 ns, Total: 139900748 ns
[2020-09-11T16:04:44.107+0000][1][safepoint    ] Safepoint "RevokeBias", Time since last: 8618360 ns, Reaching safepoint: 1127324 ns, At safepoint: 420408 ns, Total: 1547732 ns
[2020-09-11T16:04:44.202+0000][1][safepoint    ] Safepoint "RevokeBias", Time since last: 94340900 ns, Reaching safepoint: 450550 ns, At safepoint: 21569 ns, Total: 472119 ns
[2020-09-11T16:04:44.273+0000][1][safepoint    ] Safepoint "RevokeBias", Time since last: 67225637 ns, Reaching safepoint: 4087508 ns, At safepoint: 37900 ns, Total: 4125408 ns
[2020-09-11T16:04:44.416+0000][1][safepoint    ] Safepoint "RevokeBias", Time since last: 143193759 ns, Reaching safepoint: 158144 ns, At safepoint: 24476 ns, Total: 182620 ns
[2020-09-11T16:04:44.417+0000][1][safepoint    ] Safepoint "RevokeBias", Time since last: 150017 ns, Reaching safepoint: 41179 ns, At safepoint: 20365 ns, Total: 61544 ns
[2020-09-11T16:04:44.685+0000][1][safepoint    ] Safepoint "RevokeBias", Time since last: 268425034 ns, Reaching safepoint: 161569 ns, At safepoint: 17861 ns, Total: 179430 ns
[2020-09-11T16:04:44.775+0000][1][safepoint    ] Safepoint "RevokeBias", Time since last: 89335628 ns, Reaching safepoint: 208287 ns, At safepoint: 21510 ns, Total: 229797 ns
[2020-09-11T16:04:44.781+0000][1][safepoint    ] Safepoint "RevokeBias", Time since last: 132867 ns, Reaching safepoint: 6084881 ns, At safepoint: 35992 ns, Total: 6120873 ns
[2020-09-11T16:04:44.795+0000][1][safepoint    ] Safepoint "RevokeBias", Time since last: 12933100 ns, Reaching safepoint: 1574333 ns, At safepoint: 47850 ns, Total: 1622183 ns
[2020-09-11T16:04:45.018+0000][1][safepoint    ] Safepoint "RevokeBias", Time since last: 221971267 ns, Reaching safepoint: 244139 ns, At safepoint: 31345 ns, Total: 275484 ns
[2020-09-11T16:04:46.018+0000][1][safepoint    ] Safepoint "Cleanup", Time since last: 1000119128 ns, Reaching safepoint: 110772 ns, At safepoint: 8096 ns, Total: 118868 ns
[2020-09-11T16:04:46.425+0000][1][safepoint    ] Safepoint "RevokeBias", Time since last: 407067150 ns, Reaching safepoint: 112337 ns, At safepoint: 20383 ns, Total: 132720 ns
[2020-09-11T16:04:46.425+0000][1][safepoint    ] Safepoint "RevokeBias", Time since last: 77703 ns, Reaching safepoint: 30436 ns, At safepoint: 11228 ns, Total: 41664 ns
[2020-09-11T16:04:46.536+0000][1][safepoint    ] Safepoint "RevokeBias", Time since last: 110306493 ns, Reaching safepoint: 202626 ns, At safepoint: 21269 ns, Total: 223895 ns
[2020-09-11T16:04:46.536+0000][1][safepoint    ] Safepoint "RevokeBias", Time since last: 77864 ns, Reaching safepoint: 116915 ns, At safepoint: 13794 ns, Total: 130709 ns
[2020-09-11T16:04:46.944+0000][1][safepoint    ] Safepoint "RevokeBias", Time since last: 405318935 ns, Reaching safepoint: 2147758 ns, At safepoint: 31972 ns, Total: 2179730 ns
[2020-09-11T16:04:46.991+0000][1][safepoint    ] Safepoint "RevokeBias", Time since last: 45495445 ns, Reaching safepoint: 1794739 ns, At safepoint: 32061 ns, Total: 1826800 ns
[2020-09-11T16:04:47.051+0000][1][safepoint    ] Safepoint "RevokeBias", Time since last: 59750089 ns, Reaching safepoint: 90404 ns, At safepoint: 23682 ns, Total: 114086 ns
[2020-09-11T16:04:47.051+0000][1][safepoint    ] Safepoint "RevokeBias", Time since last: 79797 ns, Reaching safepoint: 35315 ns, At safepoint: 11645 ns, Total: 46960 ns
[2020-09-11T16:04:47.051+0000][1][safepoint    ] Safepoint "RevokeBias", Time since last: 120495 ns, Reaching safepoint: 35657 ns, At safepoint: 11093 ns, Total: 46750 ns
[2020-09-11T16:04:47.060+0000][1][safepoint    ] Safepoint "RevokeBias", Time since last: 9247881 ns, Reaching safepoint: 108372 ns, At safepoint: 21659 ns, Total: 130031 ns
[2020-09-11T16:04:47.061+0000][1][safepoint    ] Safepoint "RevokeBias", Time since last: 393573 ns, Reaching safepoint: 46761 ns, At safepoint: 13171 ns, Total: 59932 ns
[2020-09-11T16:04:47.156+0000][1][safepoint    ] Safepoint "RevokeBias", Time since last: 95195871 ns, Reaching safepoint: 197240 ns, At safepoint: 19086 ns, Total: 216326 ns
[2020-09-11T16:04:47.156+0000][1][safepoint    ] Safepoint "RevokeBias", Time since last: 57751 ns, Reaching safepoint: 38214 ns, At safepoint: 11354 ns, Total: 49568 ns
[2020-09-11T16:04:47.156+0000][1][safepoint    ] Safepoint "RevokeBias", Time since last: 65547 ns, Reaching safepoint: 37052 ns, At safepoint: 11265 ns, Total: 48317 ns
[2020-09-11T16:04:47.176+0000][1][safepoint    ] Safepoint "RevokeBias", Time since last: 17017235 ns, Reaching safepoint: 2675996 ns, At safepoint: 29185 ns, Total: 2705181 ns
[2020-09-11T16:04:47.177+0000][1][safepoint    ] Safepoint "RevokeBias", Time since last: 58137 ns, Reaching safepoint: 224994 ns, At safepoint: 16784 ns, Total: 241778 ns
[2020-09-11T16:04:47.333+0000][1][safepoint    ] Safepoint "RevokeBias", Time since last: 152169231 ns, Reaching safepoint: 4209628 ns, At safepoint: 37816 ns, Total: 4247444 ns
[2020-09-11T16:04:47.429+0000][1][safepoint    ] Safepoint "RevokeBias", Time since last: 91372033 ns, Reaching safepoint: 4462351 ns, At safepoint: 35658 ns, Total: 4498009 ns
[2020-09-11T16:04:47.431+0000][1][safepoint    ] Safepoint "RevokeBias", Time since last: 1178769 ns, Reaching safepoint: 930116 ns, At safepoint: 28975 ns, Total: 959091 ns
[2020-09-11T16:04:47.606+0000][1][safepoint    ] Safepoint "RevokeBias", Time since last: 174098213 ns, Reaching safepoint: 941271 ns, At safepoint: 24200 ns, Total: 965471 ns
[2020-09-11T16:04:47.607+0000][1][safepoint    ] Safepoint "RevokeBias", Time since last: 560309 ns, Reaching safepoint: 701565 ns, At safepoint: 17486 ns, Total: 719051 ns
[2020-09-11T16:04:47.644+0000][1][gc,start     ] GC(158) Pause Young (Allocation Failure)
[2020-09-11T16:04:47.645+0000][1][gc,task      ] GC(158) Using 1 workers of 1 for evacuation
[2020-09-11T16:04:47.726+0000][1][gc,age       ] GC(158) Desired survivor size 4358144 bytes, new threshold 1 (max threshold 6)
[2020-09-11T16:04:47.726+0000][1][gc,age       ] GC(158) Age table with threshold 1 (max threshold 6)
[2020-09-11T16:04:47.726+0000][1][gc,age       ] GC(158) - age   1:    8710704 bytes,    8710704 total
[2020-09-11T16:04:47.726+0000][1][gc,heap      ] GC(158) ParNew: 75034K->8512K(76672K)
[2020-09-11T16:04:47.726+0000][1][gc,heap      ] GC(158) CMS: 134315K->141339K(2011968K)
[2020-09-11T16:04:47.726+0000][1][gc,metaspace ] GC(158) Metaspace: 99615K->99615K(1140736K)
[2020-09-11T16:04:47.726+0000][1][gc           ] GC(158) Pause Young (Allocation Failure) 204M->146M(2039M) 81.436ms
[2020-09-11T16:04:47.726+0000][1][gc,cpu       ] GC(158) User=0.02s Sys=0.00s Real=0.08s
[2020-09-11T16:04:47.767+0000][1][safepoint    ] Safepoint "GenCollectForAllocation", Time since last: 37003707 ns, Reaching safepoint: 190005 ns, At safepoint: 122105348 ns, Total: 122295353 ns
[2020-09-11T16:04:47.783+0000][1][safepoint    ] Safepoint "RevokeBias", Time since last: 13844348 ns, Reaching safepoint: 102819 ns, At safepoint: 2183632 ns, Total: 2286451 ns
[2020-09-11T16:04:47.783+0000][1][safepoint    ] Safepoint "RevokeBias", Time since last: 153366 ns, Reaching safepoint: 78595 ns, At safepoint: 28790 ns, Total: 107385 ns
[2020-09-11T16:04:47.813+0000][1][safepoint    ] Safepoint "RevokeBias", Time since last: 25856954 ns, Reaching safepoint: 3778531 ns, At safepoint: 36255 ns, Total: 3814786 ns
[2020-09-11T16:04:47.898+0000][1][safepoint    ] Safepoint "RevokeBias", Time since last: 84170724 ns, Reaching safepoint: 1573459 ns, At safepoint: 35916 ns, Total: 1609375 ns
[2020-09-11T16:04:47.901+0000][1][safepoint    ] Safepoint "RevokeBias", Time since last: 613950 ns, Reaching safepoint: 1804842 ns, At safepoint: 26637 ns, Total: 1831479 ns
[2020-09-11T16:04:47.902+0000][1][safepoint    ] Safepoint "RevokeBias", Time since last: 168831 ns, Reaching safepoint: 642299 ns, At safepoint: 28331 ns, Total: 670630 ns
[2020-09-11T16:04:47.904+0000][1][safepoint    ] Safepoint "RevokeBias", Time since last: 58707 ns, Reaching safepoint: 1839747 ns, At safepoint: 34966 ns, Total: 1874713 ns
[2020-09-11T16:04:48.062+0000][1][safepoint    ] Safepoint "RevokeBias", Time since last: 157941219 ns, Reaching safepoint: 244325 ns, At safepoint: 21598 ns, Total: 265923 ns
[2020-09-11T16:04:48.083+0000][1][safepoint    ] Safepoint "RevokeBias", Time since last: 18971786 ns, Reaching safepoint: 2075307 ns, At safepoint: 64088 ns, Total: 2139395 ns
[2020-09-11T16:04:48.134+0000][1][safepoint    ] Safepoint "RevokeBias", Time since last: 51147861 ns, Reaching safepoint: 253858 ns, At safepoint: 21500 ns, Total: 275358 ns
[2020-09-11T16:04:48.212+0000][1][safepoint    ] Safepoint "RevokeBias", Time since last: 76850489 ns, Reaching safepoint: 648474 ns, At safepoint: 36865 ns, Total: 685339 ns
[2020-09-11T16:04:48.251+0000][1][safepoint    ] Safepoint "RevokeBias", Time since last: 37220443 ns, Reaching safepoint: 2226504 ns, At safepoint: 46207 ns, Total: 2272711 ns
[2020-09-11T16:04:48.252+0000][1][safepoint    ] Safepoint "RevokeBias", Time since last: 166983 ns, Reaching safepoint: 123079 ns, At safepoint: 22316 ns, Total: 145395 ns
[2020-09-11T16:04:48.253+0000][1][safepoint    ] Safepoint "RevokeBias", Time since last: 1054328 ns, Reaching safepoint: 118726 ns, At safepoint: 29639 ns, Total: 148365 ns
[2020-09-11T16:04:48.394+0000][1][safepoint    ] Safepoint "RevokeBias", Time since last: 136606983 ns, Reaching safepoint: 4755830 ns, At safepoint: 33138 ns, Total: 4788968 ns
[2020-09-11T16:04:48.397+0000][1][safepoint    ] Safepoint "BulkRevokeBias", Time since last: 182433 ns, Reaching safepoint: 2396214 ns, At safepoint: 282844 ns, Total: 2679058 ns
[2020-09-11T16:04:48.417+0000][1][safepoint    ] Safepoint "RevokeBias", Time since last: 19638367 ns, Reaching safepoint: 526152 ns, At safepoint: 27526 ns, Total: 553678 ns
[2020-09-11T16:04:48.449+0000][1][safepoint    ] Safepoint "RevokeBias", Time since last: 31853336 ns, Reaching safepoint: 247077 ns, At safepoint: 24109 ns, Total: 271186 ns
[2020-09-11T16:04:48.608+0000][1][safepoint    ] Safepoint "RevokeBias", Time since last: 155114774 ns, Reaching safepoint: 3179611 ns, At safepoint: 31108 ns, Total: 3210719 ns
[2020-09-11T16:04:48.653+0000][1][gc,start     ] GC(159) Pause Young (Allocation Failure)
[2020-09-11T16:04:48.653+0000][1][gc,task      ] GC(159) Using 1 workers of 1 for evacuation
[2020-09-11T16:04:48.730+0000][1][gc,age       ] GC(159) Desired survivor size 4358144 bytes, new threshold 6 (max threshold 6)
[2020-09-11T16:04:48.730+0000][1][gc,age       ] GC(159) Age table with threshold 6 (max threshold 6)
[2020-09-11T16:04:48.730+0000][1][gc,age       ] GC(159) - age   1:    2024560 bytes,    2024560 total
[2020-09-11T16:04:48.730+0000][1][gc,heap      ] GC(159) ParNew: 76616K->8091K(76672K)
[2020-09-11T16:04:48.730+0000][1][gc,heap      ] GC(159) CMS: 141339K->148795K(2011968K)
[2020-09-11T16:04:48.730+0000][1][gc,metaspace ] GC(159) Metaspace: 99671K->99671K(1140736K)
[2020-09-11T16:04:48.730+0000][1][gc           ] GC(159) Pause Young (Allocation Failure) 212M->153M(2039M) 77.423ms
[2020-09-11T16:04:48.730+0000][1][gc,cpu       ] GC(159) User=0.02s Sys=0.00s Real=0.07s
[2020-09-11T16:04:48.793+0000][1][safepoint    ] Safepoint "GenCollectForAllocation", Time since last: 44984435 ns, Reaching safepoint: 187022 ns, At safepoint: 140057954 ns, Total: 140244976 ns
[2020-09-11T16:04:48.809+0000][1][safepoint    ] Safepoint "RevokeBias", Time since last: 12793986 ns, Reaching safepoint: 3019674 ns, At safepoint: 51431 ns, Total: 3071105 ns
[2020-09-11T16:04:48.827+0000][1][safepoint    ] Safepoint "RevokeBias", Time since last: 18214199 ns, Reaching safepoint: 161330 ns, At safepoint: 29921 ns, Total: 191251 ns
[2020-09-11T16:04:48.828+0000][1][safepoint    ] Safepoint "RevokeBias", Time since last: 180629 ns, Reaching safepoint: 113606 ns, At safepoint: 21058 ns, Total: 134664 ns
[2020-09-11T16:04:48.828+0000][1][safepoint    ] Safepoint "RevokeBias", Time since last: 52532 ns, Reaching safepoint: 108946 ns, At safepoint: 25211 ns, Total: 134157 ns
[2020-09-11T16:04:48.982+0000][1][safepoint    ] Safepoint "RevokeBias", Time since last: 154156074 ns, Reaching safepoint: 177867 ns, At safepoint: 49580 ns, Total: 227447 ns
[2020-09-11T16:04:49.003+0000][1][safepoint    ] Safepoint "RevokeBias", Time since last: 20561281 ns, Reaching safepoint: 169780 ns, At safepoint: 21476 ns, Total: 191256 ns
[2020-09-11T16:04:49.145+0000][1][safepoint    ] Safepoint "RevokeBias", Time since last: 137693050 ns, Reaching safepoint: 4219420 ns, At safepoint: 50002 ns, Total: 4269422 ns
[2020-09-11T16:04:49.161+0000][1][safepoint    ] Safepoint "RevokeBias", Time since last: 16073510 ns, Reaching safepoint: 165147 ns, At safepoint: 36454 ns, Total: 201601 ns
[2020-09-11T16:04:49.162+0000][1][safepoint    ] Safepoint "RevokeBias", Time since last: 176824 ns, Reaching safepoint: 114505 ns, At safepoint: 24607 ns, Total: 139112 ns
[2020-09-11T16:04:49.162+0000][1][safepoint    ] Safepoint "RevokeBias", Time since last: 53468 ns, Reaching safepoint: 107968 ns, At safepoint: 22909 ns, Total: 130877 ns
[2020-09-11T16:04:49.307+0000][1][safepoint    ] Safepoint "RevokeBias", Time since last: 144330462 ns, Reaching safepoint: 776715 ns, At safepoint: 38303 ns, Total: 815018 ns
[2020-09-11T16:04:49.407+0000][1][gc,start     ] GC(160) Pause Young (Allocation Failure)
[2020-09-11T16:04:49.407+0000][1][gc,task      ] GC(160) Using 1 workers of 1 for evacuation
[2020-09-11T16:04:49.541+0000][1][gc,age       ] GC(160) Desired survivor size 4358144 bytes, new threshold 6 (max threshold 6)
[2020-09-11T16:04:49.541+0000][1][gc,age       ] GC(160) Age table with threshold 6 (max threshold 6)
[2020-09-11T16:04:49.541+0000][1][gc,age       ] GC(160) - age   1:    2188464 bytes,    2188464 total
[2020-09-11T16:04:49.541+0000][1][gc,age       ] GC(160) - age   2:     769920 bytes,    2958384 total
[2020-09-11T16:04:49.541+0000][1][gc,heap      ] GC(160) ParNew: 76251K->5034K(76672K)
[2020-09-11T16:04:49.541+0000][1][gc,heap      ] GC(160) CMS: 148795K->148795K(2011968K)
[2020-09-11T16:04:49.541+0000][1][gc,metaspace ] GC(160) Metaspace: 99701K->99701K(1140736K)
[2020-09-11T16:04:49.541+0000][1][gc           ] GC(160) Pause Young (Allocation Failure) 219M->150M(2039M) 133.859ms
[2020-09-11T16:04:49.541+0000][1][gc,cpu       ] GC(160) User=0.03s Sys=0.00s Real=0.14s
[2020-09-11T16:04:49.570+0000][1][safepoint    ] Safepoint "GenCollectForAllocation", Time since last: 100022184 ns, Reaching safepoint: 249372 ns, At safepoint: 163056358 ns, Total: 163305730 ns
[2020-09-11T16:04:49.581+0000][1][safepoint    ] Safepoint "RevokeBias", Time since last: 35380 ns, Reaching safepoint: 10679418 ns, At safepoint: 38211 ns, Total: 10717629 ns
[2020-09-11T16:04:49.585+0000][1][safepoint    ] Safepoint "RevokeBias", Time since last: 3596453 ns, Reaching safepoint: 244077 ns, At safepoint: 26695 ns, Total: 270772 ns
[2020-09-11T16:04:49.585+0000][1][safepoint    ] Safepoint "RevokeBias", Time since last: 329822 ns, Reaching safepoint: 113281 ns, At safepoint: 26789 ns, Total: 140070 ns
[2020-09-11T16:04:49.586+0000][1][safepoint    ] Safepoint "RevokeBias", Time since last: 126941 ns, Reaching safepoint: 110131 ns, At safepoint: 23386 ns, Total: 133517 ns
[2020-09-11T16:04:49.586+0000][1][safepoint    ] Safepoint "RevokeBias", Time since last: 48766 ns, Reaching safepoint: 102975 ns, At safepoint: 27859 ns, Total: 130834 ns
[2020-09-11T16:04:49.655+0000][1][safepoint    ] Safepoint "RevokeBias", Time since last: 69291754 ns, Reaching safepoint: 160847 ns, At safepoint: 44460 ns, Total: 205307 ns
[2020-09-11T16:04:49.669+0000][1][safepoint    ] Safepoint "RevokeBias", Time since last: 13578664 ns, Reaching safepoint: 161216 ns, At safepoint: 21366 ns, Total: 182582 ns
[2020-09-11T16:04:49.734+0000][1][safepoint    ] Safepoint "RevokeBias", Time since last: 64446781 ns, Reaching safepoint: 156849 ns, At safepoint: 20222 ns, Total: 177071 ns
[2020-09-11T16:04:50.215+0000][1][safepoint    ] Safepoint "RevokeBias", Time since last: 481085206 ns, Reaching safepoint: 170704 ns, At safepoint: 20773 ns, Total: 191477 ns
[2020-09-11T16:04:50.215+0000][1][safepoint    ] Safepoint "RevokeBias", Time since last: 136591 ns, Reaching safepoint: 109050 ns, At safepoint: 12996 ns, Total: 122046 ns
[2020-09-11T16:04:50.909+0000][1][safepoint    ] Safepoint "RevokeBias", Time since last: 680022891 ns, Reaching safepoint: 13776791 ns, At safepoint: 64481 ns, Total: 13841272 ns
[2020-09-11T16:04:50.913+0000][1][safepoint    ] Safepoint "RevokeBias", Time since last: 4195138 ns, Reaching safepoint: 182548 ns, At safepoint: 39360 ns, Total: 221908 ns
[2020-09-11T16:04:50.914+0000][1][safepoint    ] Safepoint "RevokeBias", Time since last: 122150 ns, Reaching safepoint: 117947 ns, At safepoint: 24604 ns, Total: 142551 ns
[2020-09-11T16:04:50.914+0000][1][safepoint    ] Safepoint "RevokeBias", Time since last: 34899 ns, Reaching safepoint: 112635 ns, At safepoint: 22403 ns, Total: 135038 ns
[2020-09-11T16:04:50.914+0000][1][safepoint    ] Safepoint "RevokeBias", Time since last: 74675 ns, Reaching safepoint: 118602 ns, At safepoint: 29296 ns, Total: 147898 ns
[2020-09-11T16:04:50.917+0000][1][safepoint    ] Safepoint "RevokeBias", Time since last: 2936482 ns, Reaching safepoint: 163518 ns, At safepoint: 40453 ns, Total: 203971 ns
[2020-09-11T16:04:51.206+0000][1][safepoint    ] Safepoint "RevokeBias", Time since last: 288298888 ns, Reaching safepoint: 174196 ns, At safepoint: 43377 ns, Total: 217573 ns
[2020-09-11T16:04:52.013+0000][1][safepoint    ] Safepoint "RevokeBias", Time since last: 807091816 ns, Reaching safepoint: 254834 ns, At safepoint: 22617 ns, Total: 277451 ns
[2020-09-11T16:04:52.303+0000][1][gc,start     ] GC(161) Pause Young (Allocation Failure)
[2020-09-11T16:04:52.303+0000][1][gc,task      ] GC(161) Using 1 workers of 1 for evacuation
[2020-09-11T16:04:52.459+0000][1][gc,age       ] GC(161) Desired survivor size 4358144 bytes, new threshold 6 (max threshold 6)
[2020-09-11T16:04:52.459+0000][1][gc,age       ] GC(161) Age table with threshold 6 (max threshold 6)
[2020-09-11T16:04:52.459+0000][1][gc,age       ] GC(161) - age   1:    2740288 bytes,    2740288 total
[2020-09-11T16:04:52.459+0000][1][gc,age       ] GC(161) - age   2:     187864 bytes,    2928152 total
[2020-09-11T16:04:52.459+0000][1][gc,age       ] GC(161) - age   3:     151696 bytes,    3079848 total
[2020-09-11T16:04:52.459+0000][1][gc,heap      ] GC(161) ParNew: 72924K->3425K(76672K)
[2020-09-11T16:04:52.459+0000][1][gc,heap      ] GC(161) CMS: 148795K->148795K(2011968K)
[2020-09-11T16:04:52.459+0000][1][gc,metaspace ] GC(161) Metaspace: 99837K->99837K(1140736K)
[2020-09-11T16:04:52.460+0000][1][gc           ] GC(161) Pause Young (Allocation Failure) 216M->148M(2039M) 156.737ms
[2020-09-11T16:04:52.460+0000][1][gc,cpu       ] GC(161) User=0.03s Sys=0.00s Real=0.15s
[2020-09-11T16:04:52.466+0000][1][safepoint    ] Safepoint "GenCollectForAllocation", Time since last: 289502791 ns, Reaching safepoint: 170415 ns, At safepoint: 162896535 ns, Total: 163066950 ns
[2020-09-11T16:04:52.565+0000][1][safepoint    ] Safepoint "RevokeBias", Time since last: 99129677 ns, Reaching safepoint: 212608 ns, At safepoint: 24656 ns, Total: 237264 ns
[2020-09-11T16:04:52.565+0000][1][safepoint    ] Safepoint "RevokeBias", Time since last: 262991 ns, Reaching safepoint: 125047 ns, At safepoint: 15132 ns, Total: 140179 ns
[2020-09-11T16:04:52.566+0000][1][safepoint    ] Safepoint "RevokeBias", Time since last: 36178 ns, Reaching safepoint: 118224 ns, At safepoint: 13763 ns, Total: 131987 ns
[2020-09-11T16:04:52.566+0000][1][safepoint    ] Safepoint "RevokeBias", Time since last: 115914 ns, Reaching safepoint: 116640 ns, At safepoint: 13370 ns, Total: 130010 ns
[2020-09-11T16:04:52.567+0000][1][safepoint    ] Safepoint "RevokeBias", Time since last: 562806 ns, Reaching safepoint: 125433 ns, At safepoint: 14815 ns, Total: 140248 ns
[2020-09-11T16:04:52.567+0000][1][safepoint    ] Safepoint "RevokeBias", Time since last: 51238 ns, Reaching safepoint: 117658 ns, At safepoint: 13360 ns, Total: 131018 ns
[2020-09-11T16:04:52.786+0000][1][safepoint    ] Safepoint "RevokeBias", Time since last: 219081007 ns, Reaching safepoint: 172700 ns, At safepoint: 22970 ns, Total: 195670 ns
[2020-09-11T16:04:52.788+0000][1][safepoint    ] Safepoint "BulkRevokeBias", Time since last: 1241724 ns, Reaching safepoint: 112207 ns, At safepoint: 265638 ns, Total: 377845 ns
[2020-09-11T16:04:53.797+0000][1][safepoint    ] Safepoint "Cleanup", Time since last: 1004613705 ns, Reaching safepoint: 4659543 ns, At safepoint: 8964 ns, Total: 4668507 ns
[2020-09-11T16:04:54.065+0000][1][safepoint    ] Safepoint "RevokeBias", Time since last: 263619775 ns, Reaching safepoint: 4409380 ns, At safepoint: 243870 ns, Total: 4653250 ns
[2020-09-11T16:04:54.247+0000][1][safepoint    ] Safepoint "RevokeBias", Time since last: 157322921 ns, Reaching safepoint: 24209449 ns, At safepoint: 40795 ns, Total: 24250244 ns
[2020-09-11T16:04:54.248+0000][1][safepoint    ] Safepoint "RevokeBias", Time since last: 596991 ns, Reaching safepoint: 751848 ns, At safepoint: 25549 ns, Total: 777397 ns
[2020-09-11T16:04:54.849+0000][1][gc,start     ] GC(162) Pause Young (Allocation Failure)
[2020-09-11T16:04:54.849+0000][1][gc,task      ] GC(162) Using 1 workers of 1 for evacuation
[2020-09-11T16:04:54.955+0000][1][gc,age       ] GC(162) Desired survivor size 4358144 bytes, new threshold 1 (max threshold 6)
[2020-09-11T16:04:54.955+0000][1][gc,age       ] GC(162) Age table with threshold 1 (max threshold 6)
[2020-09-11T16:04:54.955+0000][1][gc,age       ] GC(162) - age   1:    4738776 bytes,    4738776 total
[2020-09-11T16:04:54.955+0000][1][gc,age       ] GC(162) - age   2:    1113072 bytes,    5851848 total
[2020-09-11T16:04:54.955+0000][1][gc,age       ] GC(162) - age   3:     186480 bytes,    6038328 total
[2020-09-11T16:04:54.955+0000][1][gc,age       ] GC(162) - age   4:     150632 bytes,    6188960 total
[2020-09-11T16:04:54.955+0000][1][gc,heap      ] GC(162) ParNew: 71189K->6609K(76672K)
[2020-09-11T16:04:54.955+0000][1][gc,heap      ] GC(162) CMS: 148795K->148795K(2011968K)
[2020-09-11T16:04:54.955+0000][1][gc,metaspace ] GC(162) Metaspace: 99861K->99861K(1140736K)
[2020-09-11T16:04:54.955+0000][1][gc           ] GC(162) Pause Young (Allocation Failure) 214M->151M(2039M) 106.416ms
[2020-09-11T16:04:54.955+0000][1][gc,cpu       ] GC(162) User=0.02s Sys=0.00s Real=0.11s
[2020-09-11T16:04:55.003+0000][1][safepoint    ] Safepoint "GenCollectForAllocation", Time since last: 600695741 ns, Reaching safepoint: 220228 ns, At safepoint: 154049502 ns, Total: 154269730 ns
[2020-09-11T16:04:55.015+0000][1][safepoint    ] Safepoint "RevokeBias", Time since last: 9349745 ns, Reaching safepoint: 266626 ns, At safepoint: 1808876 ns, Total: 2075502 ns
[2020-09-11T16:04:55.017+0000][1][safepoint    ] Safepoint "RevokeBias", Time since last: 2507118 ns, Reaching safepoint: 191969 ns, At safepoint: 192530 ns, Total: 384499 ns
[2020-09-11T16:04:55.018+0000][1][safepoint    ] Safepoint "RevokeBias", Time since last: 169271 ns, Reaching safepoint: 129524 ns, At safepoint: 153463 ns, Total: 282987 ns
[2020-09-11T16:04:55.025+0000][1][safepoint    ] Safepoint "RevokeBias", Time since last: 50291 ns, Reaching safepoint: 121798 ns, At safepoint: 6950895 ns, Total: 7072693 ns
[2020-09-11T16:04:55.141+0000][1][safepoint    ] Safepoint "RevokeBias", Time since last: 94017436 ns, Reaching safepoint: 21882738 ns, At safepoint: 198561 ns, Total: 22081299 ns
[2020-09-11T16:04:56.145+0000][1][safepoint    ] Safepoint "Cleanup", Time since last: 1003696129 ns, Reaching safepoint: 406071 ns, At safepoint: 8179 ns, Total: 414250 ns
[2020-09-11T16:04:56.252+0000][1][safepoint    ] Safepoint "RevokeBias", Time since last: 106127850 ns, Reaching safepoint: 413808 ns, At safepoint: 168044 ns, Total: 581852 ns
[2020-09-11T16:04:56.252+0000][1][safepoint    ] Safepoint "RevokeBias", Time since last: 204236 ns, Reaching safepoint: 123307 ns, At safepoint: 132774 ns, Total: 256081 ns
[2020-09-11T16:04:56.257+0000][1][safepoint    ] Safepoint "RevokeBias", Time since last: 131993 ns, Reaching safepoint: 119123 ns, At safepoint: 4262881 ns, Total: 4382004 ns
[2020-09-11T16:04:56.257+0000][1][safepoint    ] Safepoint "RevokeBias", Time since last: 79149 ns, Reaching safepoint: 191650 ns, At safepoint: 167567 ns, Total: 359217 ns
[2020-09-11T16:04:56.258+0000][1][safepoint    ] Safepoint "BulkRevokeBias", Time since last: 104445 ns, Reaching safepoint: 120770 ns, At safepoint: 336316 ns, Total: 457086 ns
[2020-09-11T16:04:56.474+0000][1][safepoint    ] Safepoint "RevokeBias", Time since last: 203423943 ns, Reaching safepoint: 12718798 ns, At safepoint: 187910 ns, Total: 12906708 ns
[2020-09-11T16:04:57.063+0000][1][gc,start     ] GC(163) Pause Young (Allocation Failure)
[2020-09-11T16:04:57.063+0000][1][gc,task      ] GC(163) Using 1 workers of 1 for evacuation
[2020-09-11T16:04:57.188+0000][1][gc,age       ] GC(163) Desired survivor size 4358144 bytes, new threshold 6 (max threshold 6)
[2020-09-11T16:04:57.189+0000][1][gc,age       ] GC(163) Age table with threshold 6 (max threshold 6)
[2020-09-11T16:04:57.189+0000][1][gc,age       ] GC(163) - age   1:    3812560 bytes,    3812560 total
[2020-09-11T16:04:57.189+0000][1][gc,heap      ] GC(163) ParNew: 74769K->4273K(76672K)
[2020-09-11T16:04:57.189+0000][1][gc,heap      ] GC(163) CMS: 148795K->150488K(2011968K)
[2020-09-11T16:04:57.189+0000][1][gc,metaspace ] GC(163) Metaspace: 99883K->99883K(1140736K)
[2020-09-11T16:04:57.189+0000][1][gc           ] GC(163) Pause Young (Allocation Failure) 218M->151M(2039M) 125.276ms
[2020-09-11T16:04:57.189+0000][1][gc,cpu       ] GC(163) User=0.03s Sys=0.00s Real=0.12s
[2020-09-11T16:04:57.237+0000][1][safepoint    ] Safepoint "GenCollectForAllocation", Time since last: 588787557 ns, Reaching safepoint: 329902 ns, At safepoint: 173754980 ns, Total: 174084882 ns
[2020-09-11T16:04:57.601+0000][1][safepoint    ] Safepoint "RevokeBias", Time since last: 363735911 ns, Reaching safepoint: 161173 ns, At safepoint: 34347 ns, Total: 195520 ns
[2020-09-11T16:04:57.602+0000][1][safepoint    ] Safepoint "BulkRevokeBias", Time since last: 169563 ns, Reaching safepoint: 102835 ns, At safepoint: 232368 ns, Total: 335203 ns
[2020-09-11T16:04:57.602+0000][1][safepoint    ] Safepoint "RevokeBias", Time since last: 45714 ns, Reaching safepoint: 106177 ns, At safepoint: 12714 ns, Total: 118891 ns
[2020-09-11T16:04:57.602+0000][1][safepoint    ] Safepoint "RevokeBias", Time since last: 33707 ns, Reaching safepoint: 100911 ns, At safepoint: 11922 ns, Total: 112833 ns
[2020-09-11T16:04:57.833+0000][1][safepoint    ] Safepoint "RevokeBias", Time since last: 221886422 ns, Reaching safepoint: 9212590 ns, At safepoint: 37244 ns, Total: 9249834 ns
[2020-09-11T16:04:57.936+0000][1][safepoint    ] Safepoint "RevokeBias", Time since last: 102720040 ns, Reaching safepoint: 617040 ns, At safepoint: 22813 ns, Total: 639853 ns
[2020-09-11T16:04:59.721+0000][1][safepoint    ] Safepoint "Cleanup", Time since last: 1772615612 ns, Reaching safepoint: 11955930 ns, At safepoint: 63205 ns, Total: 12019135 ns
[2020-09-11T16:05:00.009+0000][1][safepoint    ] Safepoint "RevokeBias", Time since last: 287778860 ns, Reaching safepoint: 262869 ns, At safepoint: 180243 ns, Total: 443112 ns
[2020-09-11T16:05:00.010+0000][1][safepoint    ] Safepoint "RevokeBias", Time since last: 67859 ns, Reaching safepoint: 123122 ns, At safepoint: 140905 ns, Total: 264027 ns
[2020-09-11T16:05:00.017+0000][1][gc,start     ] GC(164) Pause Young (Allocation Failure)
[2020-09-11T16:05:00.017+0000][1][gc,task      ] GC(164) Using 1 workers of 1 for evacuation
[2020-09-11T16:05:00.105+0000][1][gc,age       ] GC(164) Desired survivor size 4358144 bytes, new threshold 2 (max threshold 6)
[2020-09-11T16:05:00.105+0000][1][gc,age       ] GC(164) Age table with threshold 2 (max threshold 6)
[2020-09-11T16:05:00.105+0000][1][gc,age       ] GC(164) - age   1:    3548120 bytes,    3548120 total
[2020-09-11T16:05:00.105+0000][1][gc,age       ] GC(164) - age   2:    1266992 bytes,    4815112 total
[2020-09-11T16:05:00.105+0000][1][gc,heap      ] GC(164) ParNew: 72433K->7721K(76672K)
[2020-09-11T16:05:00.105+0000][1][gc,heap      ] GC(164) CMS: 150488K->150488K(2011968K)
[2020-09-11T16:05:00.105+0000][1][gc,metaspace ] GC(164) Metaspace: 99905K->99905K(1140736K)
[2020-09-11T16:05:00.105+0000][1][gc           ] GC(164) Pause Young (Allocation Failure) 217M->154M(2039M) 88.659ms
[2020-09-11T16:05:00.106+0000][1][gc,cpu       ] GC(164) User=0.03s Sys=0.00s Real=0.09s
[2020-09-11T16:05:00.166+0000][1][safepoint    ] Safepoint "GenCollectForAllocation", Time since last: 7081703 ns, Reaching safepoint: 230888 ns, At safepoint: 149433753 ns, Total: 149664641 ns
[2020-09-11T16:05:00.398+0000][1][safepoint    ] Safepoint "RevokeBias", Time since last: 231173426 ns, Reaching safepoint: 208237 ns, At safepoint: 163701 ns, Total: 371938 ns
[2020-09-11T16:05:00.453+0000][1][safepoint    ] Safepoint "RevokeBias", Time since last: 51321567 ns, Reaching safepoint: 3768972 ns, At safepoint: 36065 ns, Total: 3805037 ns
[2020-09-11T16:05:00.507+0000][1][safepoint    ] Safepoint "RevokeBias", Time since last: 53274529 ns, Reaching safepoint: 1259712 ns, At safepoint: 23100 ns, Total: 1282812 ns
[2020-09-11T16:05:00.509+0000][1][safepoint    ] Safepoint "RevokeBias", Time since last: 65388 ns, Reaching safepoint: 1274976 ns, At safepoint: 166767 ns, Total: 1441743 ns
[2020-09-11T16:05:00.525+0000][1][safepoint    ] Safepoint "RevokeBias", Time since last: 13962944 ns, Reaching safepoint: 1912617 ns, At safepoint: 27345 ns, Total: 1939962 ns
[2020-09-11T16:05:00.545+0000][1][safepoint    ] Safepoint "RevokeBias", Time since last: 15944575 ns, Reaching safepoint: 3881841 ns, At safepoint: 207631 ns, Total: 4089472 ns
[2020-09-11T16:05:01.555+0000][1][safepoint    ] Safepoint "Cleanup", Time since last: 1009211690 ns, Reaching safepoint: 411924 ns, At safepoint: 11223 ns, Total: 423147 ns
[2020-09-11T16:05:01.658+0000][1][safepoint    ] Safepoint "RevokeBias", Time since last: 102233112 ns, Reaching safepoint: 601908 ns, At safepoint: 162961 ns, Total: 764869 ns
[2020-09-11T16:05:01.666+0000][1][safepoint    ] Safepoint "BulkRevokeBias", Time since last: 7698456 ns, Reaching safepoint: 197888 ns, At safepoint: 425395 ns, Total: 623283 ns
[2020-09-11T16:05:01.806+0000][1][gc,start     ] GC(165) Pause Young (Allocation Failure)
[2020-09-11T16:05:01.806+0000][1][gc,task      ] GC(165) Using 1 workers of 1 for evacuation
[2020-09-11T16:05:01.917+0000][1][gc,age       ] GC(165) Desired survivor size 4358144 bytes, new threshold 2 (max threshold 6)
[2020-09-11T16:05:01.917+0000][1][gc,age       ] GC(165) Age table with threshold 2 (max threshold 6)
[2020-09-11T16:05:01.917+0000][1][gc,age       ] GC(165) - age   1:    3422408 bytes,    3422408 total
[2020-09-11T16:05:01.917+0000][1][gc,age       ] GC(165) - age   2:    1071728 bytes,    4494136 total
[2020-09-11T16:05:01.917+0000][1][gc,heap      ] GC(165) ParNew: 75383K->4491K(76672K)
[2020-09-11T16:05:01.917+0000][1][gc,heap      ] GC(165) CMS: 150488K->150702K(2011968K)
[2020-09-11T16:05:01.917+0000][1][gc,metaspace ] GC(165) Metaspace: 99950K->99950K(1140736K)
[2020-09-11T16:05:01.926+0000][1][gc           ] GC(165) Pause Young (Allocation Failure) 220M->151M(2039M) 119.659ms
[2020-09-11T16:05:01.926+0000][1][gc,cpu       ] GC(165) User=0.04s Sys=0.00s Real=0.12s
[2020-09-11T16:05:01.965+0000][1][safepoint    ] Safepoint "GenCollectForAllocation", Time since last: 131563296 ns, Reaching safepoint: 8941541 ns, At safepoint: 158603006 ns, Total: 167544547 ns
[2020-09-11T16:05:02.024+0000][1][safepoint    ] Safepoint "RevokeBias", Time since last: 56742209 ns, Reaching safepoint: 2385438 ns, At safepoint: 32293 ns, Total: 2417731 ns
[2020-09-11T16:05:02.265+0000][1][safepoint    ] Safepoint "RevokeBias", Time since last: 240912366 ns, Reaching safepoint: 197392 ns, At safepoint: 21988 ns, Total: 219380 ns
[2020-09-11T16:05:03.130+0000][1][safepoint    ] Safepoint "RevokeBias", Time since last: 864607444 ns, Reaching safepoint: 153650 ns, At safepoint: 20862 ns, Total: 174512 ns
[2020-09-11T16:05:03.131+0000][1][safepoint    ] Safepoint "RevokeBias", Time since last: 1197685 ns, Reaching safepoint: 34930 ns, At safepoint: 5473 ns, Total: 40403 ns
[2020-09-11T16:05:03.165+0000][1][safepoint    ] Safepoint "RevokeBias", Time since last: 33547060 ns, Reaching safepoint: 159168 ns, At safepoint: 18253 ns, Total: 177421 ns
[2020-09-11T16:05:03.165+0000][1][safepoint    ] Safepoint "RevokeBias", Time since last: 155722 ns, Reaching safepoint: 32364 ns, At safepoint: 10516 ns, Total: 42880 ns
[2020-09-11T16:05:03.166+0000][1][safepoint    ] Safepoint "RevokeBias", Time since last: 581239 ns, Reaching safepoint: 34095 ns, At safepoint: 11731 ns, Total: 45826 ns
[2020-09-11T16:05:03.249+0000][1][safepoint    ] Safepoint "RevokeBias", Time since last: 83299610 ns, Reaching safepoint: 89459 ns, At safepoint: 21725 ns, Total: 111184 ns
[2020-09-11T16:05:03.889+0000][1][gc,start     ] GC(166) Pause Young (Allocation Failure)
[2020-09-11T16:05:03.889+0000][1][gc,task      ] GC(166) Using 1 workers of 1 for evacuation
[2020-09-11T16:05:04.008+0000][1][gc,age       ] GC(166) Desired survivor size 4358144 bytes, new threshold 6 (max threshold 6)
[2020-09-11T16:05:04.008+0000][1][gc,age       ] GC(166) Age table with threshold 6 (max threshold 6)
[2020-09-11T16:05:04.008+0000][1][gc,age       ] GC(166) - age   1:    3778944 bytes,    3778944 total
[2020-09-11T16:05:04.008+0000][1][gc,age       ] GC(166) - age   2:     415072 bytes,    4194016 total
[2020-09-11T16:05:04.009+0000][1][gc,heap      ] GC(166) ParNew: 72651K->4414K(76672K)
[2020-09-11T16:05:04.009+0000][1][gc,heap      ] GC(166) CMS: 150702K->150724K(2011968K)
[2020-09-11T16:05:04.009+0000][1][gc,metaspace ] GC(166) Metaspace: 100031K->100031K(1140736K)
[2020-09-11T16:05:04.018+0000][1][gc           ] GC(166) Pause Young (Allocation Failure) 218M->151M(2039M) 128.628ms
[2020-09-11T16:05:04.018+0000][1][gc,cpu       ] GC(166) User=0.04s Sys=0.00s Real=0.13s
[2020-09-11T16:05:04.048+0000][1][safepoint    ] Safepoint "GenCollectForAllocation", Time since last: 622486585 ns, Reaching safepoint: 17315909 ns, At safepoint: 158784765 ns, Total: 176100674 ns
[2020-09-11T16:05:04.345+0000][1][safepoint    ] Safepoint "RevokeBias", Time since last: 296942917 ns, Reaching safepoint: 215419 ns, At safepoint: 284295 ns, Total: 499714 ns
[2020-09-11T16:05:04.366+0000][1][safepoint    ] Safepoint "RevokeBias", Time since last: 19801894 ns, Reaching safepoint: 997102 ns, At safepoint: 182806 ns, Total: 1179908 ns
[2020-09-11T16:05:04.609+0000][1][safepoint    ] Safepoint "RevokeBias", Time since last: 239858809 ns, Reaching safepoint: 2830281 ns, At safepoint: 46332 ns, Total: 2876613 ns
[2020-09-11T16:05:04.699+0000][1][safepoint    ] Safepoint "RevokeBias", Time since last: 88630549 ns, Reaching safepoint: 1517554 ns, At safepoint: 173196 ns, Total: 1690750 ns
[2020-09-11T16:05:04.859+0000][1][safepoint    ] Safepoint "RevokeBias", Time since last: 159109037 ns, Reaching safepoint: 387607 ns, At safepoint: 227077 ns, Total: 614684 ns
[2020-09-11T16:05:05.422+0000][1][gc,start     ] GC(167) Pause Young (Allocation Failure)
[2020-09-11T16:05:05.422+0000][1][gc,task      ] GC(167) Using 1 workers of 1 for evacuation
[2020-09-11T16:05:05.501+0000][1][gc,age       ] GC(167) Desired survivor size 4358144 bytes, new threshold 2 (max threshold 6)
[2020-09-11T16:05:05.501+0000][1][gc,age       ] GC(167) Age table with threshold 2 (max threshold 6)
[2020-09-11T16:05:05.501+0000][1][gc,age       ] GC(167) - age   1:    3736896 bytes,    3736896 total
[2020-09-11T16:05:05.501+0000][1][gc,age       ] GC(167) - age   2:    1767376 bytes,    5504272 total
[2020-09-11T16:05:05.501+0000][1][gc,age       ] GC(167) - age   3:      25576 bytes,    5529848 total
[2020-09-11T16:05:05.501+0000][1][gc,heap      ] GC(167) ParNew: 72574K->8350K(76672K)
[2020-09-11T16:05:05.501+0000][1][gc,heap      ] GC(167) CMS: 150724K->150724K(2011968K)
[2020-09-11T16:05:05.501+0000][1][gc,metaspace ] GC(167) Metaspace: 100055K->100055K(1142784K)
[2020-09-11T16:05:05.501+0000][1][gc           ] GC(167) Pause Young (Allocation Failure) 218M->155M(2039M) 79.432ms
[2020-09-11T16:05:05.501+0000][1][gc,cpu       ] GC(167) User=0.01s Sys=0.00s Real=0.08s
[2020-09-11T16:05:05.539+0000][1][safepoint    ] Safepoint "GenCollectForAllocation", Time since last: 562281039 ns, Reaching safepoint: 410814 ns, At safepoint: 117076832 ns, Total: 117487646 ns
[2020-09-11T16:05:05.665+0000][1][safepoint    ] Safepoint "RevokeBias", Time since last: 126148006 ns, Reaching safepoint: 192226 ns, At safepoint: 25614 ns, Total: 217840 ns
[2020-09-11T16:05:05.970+0000][1][safepoint    ] Safepoint "RevokeBias", Time since last: 283166632 ns, Reaching safepoint: 21581859 ns, At safepoint: 32994 ns, Total: 21614853 ns
[2020-09-11T16:05:05.989+0000][1][safepoint    ] Safepoint "RevokeBias", Time since last: 18842783 ns, Reaching safepoint: 179276 ns, At safepoint: 31954 ns, Total: 211230 ns
[2020-09-11T16:05:06.694+0000][1][gc,start     ] GC(168) Pause Young (Allocation Failure)
[2020-09-11T16:05:06.694+0000][1][gc,task      ] GC(168) Using 1 workers of 1 for evacuation
[2020-09-11T16:05:06.771+0000][1][gc,age       ] GC(168) Desired survivor size 4358144 bytes, new threshold 6 (max threshold 6)
[2020-09-11T16:05:06.771+0000][1][gc,age       ] GC(168) Age table with threshold 6 (max threshold 6)
[2020-09-11T16:05:06.771+0000][1][gc,age       ] GC(168) - age   1:    1144024 bytes,    1144024 total
[2020-09-11T16:05:06.771+0000][1][gc,age       ] GC(168) - age   2:    1781072 bytes,    2925096 total
[2020-09-11T16:05:06.771+0000][1][gc,heap      ] GC(168) ParNew: 76510K->5094K(76672K)
[2020-09-11T16:05:06.771+0000][1][gc,heap      ] GC(168) CMS: 150724K->151655K(2011968K)
[2020-09-11T16:05:06.771+0000][1][gc,metaspace ] GC(168) Metaspace: 100086K->100086K(1142784K)
[2020-09-11T16:05:06.771+0000][1][gc           ] GC(168) Pause Young (Allocation Failure) 221M->153M(2039M) 77.728ms
[2020-09-11T16:05:06.771+0000][1][gc,cpu       ] GC(168) User=0.02s Sys=0.00s Real=0.07s
[2020-09-11T16:05:06.806+0000][1][safepoint    ] Safepoint "GenCollectForAllocation", Time since last: 692754544 ns, Reaching safepoint: 11905068 ns, At safepoint: 112159176 ns, Total: 124064244 ns
[2020-09-11T16:05:06.862+0000][1][safepoint    ] Safepoint "RevokeBias", Time since last: 55685715 ns, Reaching safepoint: 197705 ns, At safepoint: 206161 ns, Total: 403866 ns
[2020-09-11T16:05:06.959+0000][1][safepoint    ] Safepoint "RevokeBias", Time since last: 96415907 ns, Reaching safepoint: 195895 ns, At safepoint: 26578 ns, Total: 222473 ns
[2020-09-11T16:05:06.966+0000][1][safepoint    ] Safepoint "RevokeBias", Time since last: 6230722 ns, Reaching safepoint: 1161148 ns, At safepoint: 25555 ns, Total: 1186703 ns
[2020-09-11T16:05:07.969+0000][1][safepoint    ] Safepoint "Cleanup", Time since last: 1002891928 ns, Reaching safepoint: 219783 ns, At safepoint: 8445 ns, Total: 228228 ns
[2020-09-11T16:05:08.328+0000][1][safepoint    ] Safepoint "RevokeBias", Time since last: 359028672 ns, Reaching safepoint: 100618 ns, At safepoint: 19880 ns, Total: 120498 ns
[2020-09-11T16:05:08.365+0000][1][safepoint    ] Safepoint "RevokeBias", Time since last: 36995855 ns, Reaching safepoint: 81701 ns, At safepoint: 22555 ns, Total: 104256 ns
[2020-09-11T16:05:09.062+0000][1][gc,start     ] GC(169) Pause Young (Allocation Failure)
[2020-09-11T16:05:09.062+0000][1][gc,task      ] GC(169) Using 1 workers of 1 for evacuation
[2020-09-11T16:05:09.158+0000][1][gc,age       ] GC(169) Desired survivor size 4358144 bytes, new threshold 1 (max threshold 6)
[2020-09-11T16:05:09.158+0000][1][gc,age       ] GC(169) Age table with threshold 1 (max threshold 6)
[2020-09-11T16:05:09.158+0000][1][gc,age       ] GC(169) - age   1:    6859824 bytes,    6859824 total
[2020-09-11T16:05:09.158+0000][1][gc,age       ] GC(169) - age   2:     668616 bytes,    7528440 total
[2020-09-11T16:05:09.158+0000][1][gc,age       ] GC(169) - age   3:    1156104 bytes,    8684544 total
[2020-09-11T16:05:09.158+0000][1][gc,heap      ] GC(169) ParNew: 73076K->8512K(76672K)
[2020-09-11T16:05:09.158+0000][1][gc,heap      ] GC(169) CMS: 151655K->158409K(2011968K)
[2020-09-11T16:05:09.158+0000][1][gc,metaspace ] GC(169) Metaspace: 100152K->100152K(1142784K)
[2020-09-11T16:05:09.158+0000][1][gc           ] GC(169) Pause Young (Allocation Failure) 219M->163M(2039M) 96.172ms
[2020-09-11T16:05:09.158+0000][1][gc,cpu       ] GC(169) User=0.02s Sys=0.00s Real=0.09s
[2020-09-11T16:05:09.251+0000][1][safepoint    ] Safepoint "GenCollectForAllocation", Time since last: 696058161 ns, Reaching safepoint: 213343 ns, At safepoint: 189459943 ns, Total: 189673286 ns
[2020-09-11T16:05:09.264+0000][1][safepoint    ] Safepoint "RevokeBias", Time since last: 12916818 ns, Reaching safepoint: 202799 ns, At safepoint: 26489 ns, Total: 229288 ns
[2020-09-11T16:05:09.289+0000][1][safepoint    ] Safepoint "RevokeBias", Time since last: 24359455 ns, Reaching safepoint: 339255 ns, At safepoint: 182826 ns, Total: 522081 ns
[2020-09-11T16:05:09.290+0000][1][safepoint    ] Safepoint "RevokeBias", Time since last: 66907 ns, Reaching safepoint: 185986 ns, At safepoint: 138516 ns, Total: 324502 ns
[2020-09-11T16:05:09.453+0000][1][safepoint    ] Safepoint "RevokeBias", Time since last: 162946153 ns, Reaching safepoint: 570674 ns, At safepoint: 176771 ns, Total: 747445 ns
[2020-09-11T16:05:10.422+0000][1][safepoint    ] Safepoint "RevokeBias", Time since last: 967782895 ns, Reaching safepoint: 851982 ns, At safepoint: 24803 ns, Total: 876785 ns
[2020-09-11T16:05:10.663+0000][1][safepoint    ] Safepoint "RevokeBias", Time since last: 233594785 ns, Reaching safepoint: 7603634 ns, At safepoint: 173290 ns, Total: 7776924 ns
[2020-09-11T16:05:10.691+0000][1][safepoint    ] Safepoint "RevokeBias", Time since last: 16274081 ns, Reaching safepoint: 11121009 ns, At safepoint: 181187 ns, Total: 11302196 ns
[2020-09-11T16:05:10.925+0000][1][gc,start     ] GC(170) Pause Young (Allocation Failure)
[2020-09-11T16:05:10.925+0000][1][gc,task      ] GC(170) Using 1 workers of 1 for evacuation
[2020-09-11T16:05:11.007+0000][1][gc,age       ] GC(170) Desired survivor size 4358144 bytes, new threshold 6 (max threshold 6)
[2020-09-11T16:05:11.007+0000][1][gc,age       ] GC(170) Age table with threshold 6 (max threshold 6)
[2020-09-11T16:05:11.007+0000][1][gc,age       ] GC(170) - age   1:    2961656 bytes,    2961656 total
[2020-09-11T16:05:11.007+0000][1][gc,heap      ] GC(170) ParNew: 76672K->5905K(76672K)
[2020-09-11T16:05:11.007+0000][1][gc,heap      ] GC(170) CMS: 158409K->164984K(2011968K)
[2020-09-11T16:05:11.007+0000][1][gc,metaspace ] GC(170) Metaspace: 100201K->100201K(1142784K)
[2020-09-11T16:05:11.007+0000][1][gc           ] GC(170) Pause Young (Allocation Failure) 229M->166M(2039M) 82.714ms
[2020-09-11T16:05:11.007+0000][1][gc,cpu       ] GC(170) User=0.02s Sys=0.00s Real=0.08s
[2020-09-11T16:05:11.091+0000][1][safepoint    ] Safepoint "GenCollectForAllocation", Time since last: 231916064 ns, Reaching safepoint: 1817961 ns, At safepoint: 166952288 ns, Total: 168770249 ns
[2020-09-11T16:05:11.102+0000][1][safepoint    ] Safepoint "RevokeBias", Time since last: 9933716 ns, Reaching safepoint: 235663 ns, At safepoint: 186616 ns, Total: 422279 ns
[2020-09-11T16:05:12.102+0000][1][safepoint    ] Safepoint "Cleanup", Time since last: 1000110502 ns, Reaching safepoint: 114747 ns, At safepoint: 5226 ns, Total: 119973 ns
[2020-09-11T16:05:12.233+0000][1][safepoint    ] Safepoint "RevokeBias", Time since last: 125932248 ns, Reaching safepoint: 4851622 ns, At safepoint: 33166 ns, Total: 4884788 ns
[2020-09-11T16:05:12.235+0000][1][safepoint    ] Safepoint "RevokeBias", Time since last: 548123 ns, Reaching safepoint: 1800116 ns, At safepoint: 20337 ns, Total: 1820453 ns
[2020-09-11T16:05:12.345+0000][1][safepoint    ] Safepoint "RevokeBias", Time since last: 109647130 ns, Reaching safepoint: 147641 ns, At safepoint: 20350 ns, Total: 167991 ns
[2020-09-11T16:05:13.247+0000][1][safepoint    ] Safepoint "RevokeBias", Time since last: 901561311 ns, Reaching safepoint: 95269 ns, At safepoint: 22174 ns, Total: 117443 ns
[2020-09-11T16:05:13.397+0000][1][safepoint    ] Safepoint "RevokeBias", Time since last: 150091397 ns, Reaching safepoint: 97796 ns, At safepoint: 35406 ns, Total: 133202 ns
[2020-09-11T16:05:14.114+0000][1][gc,start     ] GC(171) Pause Young (Allocation Failure)
[2020-09-11T16:05:14.114+0000][1][gc,task      ] GC(171) Using 1 workers of 1 for evacuation
[2020-09-11T16:05:14.230+0000][1][gc,age       ] GC(171) Desired survivor size 4358144 bytes, new threshold 6 (max threshold 6)
[2020-09-11T16:05:14.230+0000][1][gc,age       ] GC(171) Age table with threshold 6 (max threshold 6)
[2020-09-11T16:05:14.230+0000][1][gc,age       ] GC(171) - age   1:    3319512 bytes,    3319512 total
[2020-09-11T16:05:14.230+0000][1][gc,age       ] GC(171) - age   2:     394576 bytes,    3714088 total
[2020-09-11T16:05:14.230+0000][1][gc,heap      ] GC(171) ParNew: 74065K->5121K(76672K)
[2020-09-11T16:05:14.230+0000][1][gc,heap      ] GC(171) CMS: 164984K->164984K(2011968K)
[2020-09-11T16:05:14.230+0000][1][gc,metaspace ] GC(171) Metaspace: 100226K->100226K(1142784K)
[2020-09-11T16:05:14.230+0000][1][gc           ] GC(171) Pause Young (Allocation Failure) 233M->166M(2039M) 116.460ms
[2020-09-11T16:05:14.230+0000][1][gc,cpu       ] GC(171) User=0.03s Sys=0.00s Real=0.11s
[2020-09-11T16:05:14.269+0000][1][safepoint    ] Safepoint "GenCollectForAllocation", Time since last: 716328221 ns, Reaching safepoint: 215226 ns, At safepoint: 155253481 ns, Total: 155468707 ns
[2020-09-11T16:05:14.766+0000][1][safepoint    ] Safepoint "RevokeBias", Time since last: 497180771 ns, Reaching safepoint: 217418 ns, At safepoint: 22382 ns, Total: 239800 ns
[2020-09-11T16:05:15.777+0000][1][safepoint    ] Safepoint "Cleanup", Time since last: 1010567550 ns, Reaching safepoint: 111331 ns, At safepoint: 7325 ns, Total: 118656 ns
[2020-09-11T16:05:16.317+0000][1][safepoint    ] Safepoint "RevokeBias", Time since last: 540045709 ns, Reaching safepoint: 165098 ns, At safepoint: 22894 ns, Total: 187992 ns
[2020-09-11T16:05:16.402+0000][1][safepoint    ] Safepoint "RevokeBias", Time since last: 84447991 ns, Reaching safepoint: 81068 ns, At safepoint: 22523 ns, Total: 103591 ns
[2020-09-11T16:05:17.405+0000][1][safepoint    ] Safepoint "Cleanup", Time since last: 1003161077 ns, Reaching safepoint: 266219 ns, At safepoint: 9624 ns, Total: 275843 ns
[2020-09-11T16:05:18.354+0000][1][safepoint    ] Safepoint "RevokeBias", Time since last: 948920663 ns, Reaching safepoint: 104774 ns, At safepoint: 21638 ns, Total: 126412 ns
[2020-09-11T16:05:18.861+0000][1][gc,start     ] GC(172) Pause Young (Allocation Failure)
[2020-09-11T16:05:18.861+0000][1][gc,task      ] GC(172) Using 1 workers of 1 for evacuation
[2020-09-11T16:05:18.909+0000][1][gc,age       ] GC(172) Desired survivor size 4358144 bytes, new threshold 3 (max threshold 6)
[2020-09-11T16:05:18.909+0000][1][gc,age       ] GC(172) Age table with threshold 3 (max threshold 6)
[2020-09-11T16:05:18.909+0000][1][gc,age       ] GC(172) - age   1:    2131200 bytes,    2131200 total
[2020-09-11T16:05:18.909+0000][1][gc,age       ] GC(172) - age   2:    2135000 bytes,    4266200 total
[2020-09-11T16:05:18.910+0000][1][gc,age       ] GC(172) - age   3:     393440 bytes,    4659640 total
[2020-09-11T16:05:18.910+0000][1][gc,heap      ] GC(172) ParNew: 73281K->6721K(76672K)
[2020-09-11T16:05:18.910+0000][1][gc,heap      ] GC(172) CMS: 164984K->164984K(2011968K)
[2020-09-11T16:05:18.910+0000][1][gc,metaspace ] GC(172) Metaspace: 100301K->100301K(1142784K)
[2020-09-11T16:05:18.910+0000][1][gc           ] GC(172) Pause Young (Allocation Failure) 232M->167M(2039M) 48.997ms
[2020-09-11T16:05:18.910+0000][1][gc,cpu       ] GC(172) User=0.01s Sys=0.01s Real=0.04s
[2020-09-11T16:05:18.929+0000][1][safepoint    ] Safepoint "GenCollectForAllocation", Time since last: 506528138 ns, Reaching safepoint: 223635 ns, At safepoint: 68485934 ns, Total: 68709569 ns
[2020-09-11T16:05:19.924+0000][1][safepoint    ] Safepoint "RevokeBias", Time since last: 994871397 ns, Reaching safepoint: 93444 ns, At safepoint: 21310 ns, Total: 114754 ns
[2020-09-11T16:05:20.925+0000][1][safepoint    ] Safepoint "Cleanup", Time since last: 1000120334 ns, Reaching safepoint: 98058 ns, At safepoint: 6757 ns, Total: 104815 ns
[2020-09-11T16:05:21.462+0000][1][safepoint    ] Safepoint "RevokeBias", Time since last: 537281793 ns, Reaching safepoint: 105227 ns, At safepoint: 23705 ns, Total: 128932 ns
[2020-09-11T16:05:22.397+0000][1][gc,start     ] GC(173) Pause Young (Allocation Failure)
[2020-09-11T16:05:22.398+0000][1][gc,task      ] GC(173) Using 1 workers of 1 for evacuation
[2020-09-11T16:05:22.458+0000][1][gc,age       ] GC(173) Desired survivor size 4358144 bytes, new threshold 3 (max threshold 6)
[2020-09-11T16:05:22.458+0000][1][gc,age       ] GC(173) Age table with threshold 3 (max threshold 6)
[2020-09-11T16:05:22.458+0000][1][gc,age       ] GC(173) - age   1:    3084416 bytes,    3084416 total
[2020-09-11T16:05:22.458+0000][1][gc,age       ] GC(173) - age   2:     965736 bytes,    4050152 total
[2020-09-11T16:05:22.458+0000][1][gc,age       ] GC(173) - age   3:    2127248 bytes,    6177400 total
[2020-09-11T16:05:22.458+0000][1][gc,heap      ] GC(173) ParNew: 74881K->8505K(76672K)
[2020-09-11T16:05:22.458+0000][1][gc,heap      ] GC(173) CMS: 164984K->165370K(2011968K)
[2020-09-11T16:05:22.458+0000][1][gc,metaspace ] GC(173) Metaspace: 100308K->100308K(1142784K)
[2020-09-11T16:05:22.458+0000][1][gc           ] GC(173) Pause Young (Allocation Failure) 234M->169M(2039M) 60.393ms
[2020-09-11T16:05:22.458+0000][1][gc,cpu       ] GC(173) User=0.02s Sys=0.00s Real=0.06s
[2020-09-11T16:05:22.461+0000][1][safepoint    ] Safepoint "GenCollectForAllocation", Time since last: 935319772 ns, Reaching safepoint: 98001 ns, At safepoint: 63376291 ns, Total: 63474292 ns
[2020-09-11T16:05:22.806+0000][1][safepoint    ] Safepoint "RevokeBias", Time since last: 345305904 ns, Reaching safepoint: 93788 ns, At safepoint: 34049 ns, Total: 127837 ns
[2020-09-11T16:05:23.825+0000][1][safepoint    ] Safepoint "Cleanup", Time since last: 1011302460 ns, Reaching safepoint: 7384910 ns, At safepoint: 20202 ns, Total: 7405112 ns
[2020-09-11T16:05:24.062+0000][1][safepoint    ] Safepoint "BulkRevokeBias", Time since last: 233367438 ns, Reaching safepoint: 2632700 ns, At safepoint: 666640 ns, Total: 3299340 ns
[2020-09-11T16:05:24.269+0000][1][safepoint    ] Safepoint "RevokeBias", Time since last: 206098974 ns, Reaching safepoint: 1129081 ns, At safepoint: 25748 ns, Total: 1154829 ns
[2020-09-11T16:05:24.773+0000][1][safepoint    ] Safepoint "RevokeBias", Time since last: 504433087 ns, Reaching safepoint: 104640 ns, At safepoint: 22359 ns, Total: 126999 ns
[2020-09-11T16:05:25.491+0000][1][safepoint    ] Safepoint "RevokeBias", Time since last: 717372022 ns, Reaching safepoint: 264495 ns, At safepoint: 259199 ns, Total: 523694 ns
[2020-09-11T16:05:25.506+0000][1][safepoint    ] Safepoint "RevokeBias", Time since last: 13809946 ns, Reaching safepoint: 262118 ns, At safepoint: 259639 ns, Total: 521757 ns
[2020-09-11T16:05:25.514+0000][1][safepoint    ] Safepoint "RevokeBias", Time since last: 8109192 ns, Reaching safepoint: 140565 ns, At safepoint: 32530 ns, Total: 173095 ns
[2020-09-11T16:05:25.515+0000][1][safepoint    ] Safepoint "RevokeBias", Time since last: 513071 ns, Reaching safepoint: 66222 ns, At safepoint: 24178 ns, Total: 90400 ns
[2020-09-11T16:05:25.528+0000][1][safepoint    ] Safepoint "RevokeBias", Time since last: 12984463 ns, Reaching safepoint: 153287 ns, At safepoint: 34096 ns, Total: 187383 ns
[2020-09-11T16:05:26.405+0000][1][gc,start     ] GC(174) Pause Young (Allocation Failure)
[2020-09-11T16:05:26.405+0000][1][gc,task      ] GC(174) Using 1 workers of 1 for evacuation
[2020-09-11T16:05:26.478+0000][1][gc,age       ] GC(174) Desired survivor size 4358144 bytes, new threshold 3 (max threshold 6)
[2020-09-11T16:05:26.478+0000][1][gc,age       ] GC(174) Age table with threshold 3 (max threshold 6)
[2020-09-11T16:05:26.478+0000][1][gc,age       ] GC(174) - age   1:    2915992 bytes,    2915992 total
[2020-09-11T16:05:26.478+0000][1][gc,age       ] GC(174) - age   2:    1200720 bytes,    4116712 total
[2020-09-11T16:05:26.478+0000][1][gc,age       ] GC(174) - age   3:     930536 bytes,    5047248 total
[2020-09-11T16:05:26.478+0000][1][gc,heap      ] GC(174) ParNew: 76665K->5587K(76672K)
[2020-09-11T16:05:26.478+0000][1][gc,heap      ] GC(174) CMS: 165370K->167447K(2011968K)
[2020-09-11T16:05:26.478+0000][1][gc,metaspace ] GC(174) Metaspace: 100331K->100331K(1142784K)
[2020-09-11T16:05:26.478+0000][1][gc           ] GC(174) Pause Young (Allocation Failure) 236M->168M(2039M) 72.973ms
[2020-09-11T16:05:26.478+0000][1][gc,cpu       ] GC(174) User=0.02s Sys=0.00s Real=0.07s
[2020-09-11T16:05:26.505+0000][1][safepoint    ] Safepoint "GenCollectForAllocation", Time since last: 868821134 ns, Reaching safepoint: 8236804 ns, At safepoint: 100035704 ns, Total: 108272508 ns
[2020-09-11T16:05:26.617+0000][1][safepoint    ] Safepoint "RevokeBias", Time since last: 112256523 ns, Reaching safepoint: 162213 ns, At safepoint: 22400 ns, Total: 184613 ns
[2020-09-11T16:05:26.618+0000][1][safepoint    ] Safepoint "RevokeBias", Time since last: 565336 ns, Reaching safepoint: 39480 ns, At safepoint: 13784 ns, Total: 53264 ns
[2020-09-11T16:05:26.618+0000][1][safepoint    ] Safepoint "RevokeBias", Time since last: 33417 ns, Reaching safepoint: 32563 ns, At safepoint: 10944 ns, Total: 43507 ns
[2020-09-11T16:05:26.666+0000][1][safepoint    ] Safepoint "RevokeBias", Time since last: 47833206 ns, Reaching safepoint: 153053 ns, At safepoint: 20937 ns, Total: 173990 ns
[2020-09-11T16:05:26.673+0000][1][safepoint    ] Safepoint "RevokeBias", Time since last: 6825029 ns, Reaching safepoint: 147428 ns, At safepoint: 21616 ns, Total: 169044 ns
[2020-09-11T16:05:26.711+0000][1][safepoint    ] Safepoint "RevokeBias", Time since last: 38238733 ns, Reaching safepoint: 162561 ns, At safepoint: 23174 ns, Total: 185735 ns
[2020-09-11T16:05:26.797+0000][1][safepoint    ] Safepoint "RevokeBias", Time since last: 82771120 ns, Reaching safepoint: 2731932 ns, At safepoint: 33869 ns, Total: 2765801 ns
[2020-09-11T16:05:27.529+0000][1][gc,start     ] GC(175) Pause Young (Allocation Failure)
[2020-09-11T16:05:27.530+0000][1][gc,task      ] GC(175) Using 1 workers of 1 for evacuation
[2020-09-11T16:05:27.675+0000][1][gc,age       ] GC(175) Desired survivor size 4358144 bytes, new threshold 3 (max threshold 6)
[2020-09-11T16:05:27.675+0000][1][gc,age       ] GC(175) Age table with threshold 3 (max threshold 6)
[2020-09-11T16:05:27.675+0000][1][gc,age       ] GC(175) - age   1:    1545144 bytes,    1545144 total
[2020-09-11T16:05:27.675+0000][1][gc,age       ] GC(175) - age   2:    2219472 bytes,    3764616 total
[2020-09-11T16:05:27.675+0000][1][gc,age       ] GC(175) - age   3:    1199432 bytes,    4964048 total
[2020-09-11T16:05:27.675+0000][1][gc,heap      ] GC(175) ParNew: 73709K->5093K(76672K)
[2020-09-11T16:05:27.675+0000][1][gc,heap      ] GC(175) CMS: 167447K->168357K(2011968K)
[2020-09-11T16:05:27.675+0000][1][gc,metaspace ] GC(175) Metaspace: 100353K->100353K(1142784K)
[2020-09-11T16:05:27.675+0000][1][gc           ] GC(175) Pause Young (Allocation Failure) 235M->169M(2039M) 145.972ms
[2020-09-11T16:05:27.675+0000][1][gc,cpu       ] GC(175) User=0.03s Sys=0.00s Real=0.15s
[2020-09-11T16:05:27.733+0000][1][safepoint    ] Safepoint "GenCollectForAllocation", Time since last: 732336803 ns, Reaching safepoint: 189596 ns, At safepoint: 203466625 ns, Total: 203656221 ns
[2020-09-11T16:05:27.758+0000][1][safepoint    ] Safepoint "RevokeBias", Time since last: 23990981 ns, Reaching safepoint: 848830 ns, At safepoint: 24354 ns, Total: 873184 ns
[2020-09-11T16:05:28.769+0000][1][safepoint    ] Safepoint "Cleanup", Time since last: 1004712991 ns, Reaching safepoint: 6483422 ns, At safepoint: 15462 ns, Total: 6498884 ns
[2020-09-11T16:05:28.813+0000][1][safepoint    ] Safepoint "RevokeBias", Time since last: 40002723 ns, Reaching safepoint: 3996490 ns, At safepoint: 15515 ns, Total: 4012005 ns
[2020-09-11T16:05:28.814+0000][1][safepoint    ] Safepoint "RevokeBias", Time since last: 899993 ns, Reaching safepoint: 173286 ns, At safepoint: 8981 ns, Total: 182267 ns
[2020-09-11T16:05:28.817+0000][1][gc,start     ] GC(176) Pause Young (Allocation Failure)
[2020-09-11T16:05:28.817+0000][1][gc,task      ] GC(176) Using 1 workers of 1 for evacuation
[2020-09-11T16:05:28.860+0000][1][gc,age       ] GC(176) Desired survivor size 4358144 bytes, new threshold 6 (max threshold 6)
[2020-09-11T16:05:28.860+0000][1][gc,age       ] GC(176) Age table with threshold 6 (max threshold 6)
[2020-09-11T16:05:28.860+0000][1][gc,age       ] GC(176) - age   1:    2717424 bytes,    2717424 total
[2020-09-11T16:05:28.860+0000][1][gc,age       ] GC(176) - age   2:     437576 bytes,    3155000 total
[2020-09-11T16:05:28.860+0000][1][gc,age       ] GC(176) - age   3:    1060056 bytes,    4215056 total
[2020-09-11T16:05:28.860+0000][1][gc,heap      ] GC(176) ParNew: 73253K->4909K(76672K)
[2020-09-11T16:05:28.860+0000][1][gc,heap      ] GC(176) CMS: 168357K->169432K(2011968K)
[2020-09-11T16:05:28.860+0000][1][gc,metaspace ] GC(176) Metaspace: 100363K->100363K(1142784K)
[2020-09-11T16:05:28.860+0000][1][gc           ] GC(176) Pause Young (Allocation Failure) 235M->170M(2039M) 42.622ms
[2020-09-11T16:05:28.860+0000][1][gc,cpu       ] GC(176) User=0.01s Sys=0.00s Real=0.04s
[2020-09-11T16:05:28.937+0000][1][safepoint    ] Safepoint "GenCollectForAllocation", Time since last: 2755935 ns, Reaching safepoint: 205108 ns, At safepoint: 119747948 ns, Total: 119953056 ns
[2020-09-11T16:05:28.945+0000][1][safepoint    ] Safepoint "RevokeBias", Time since last: 8113685 ns, Reaching safepoint: 282368 ns, At safepoint: 14529 ns, Total: 296897 ns
[2020-09-11T16:05:28.946+0000][1][safepoint    ] Safepoint "RevokeBias", Time since last: 97894 ns, Reaching safepoint: 838717 ns, At safepoint: 12635 ns, Total: 851352 ns
[2020-09-11T16:05:29.946+0000][1][safepoint    ] Safepoint "Cleanup", Time since last: 1000101667 ns, Reaching safepoint: 105440 ns, At safepoint: 5908 ns, Total: 111348 ns
[2020-09-11T16:05:30.391+0000][1][safepoint    ] Safepoint "RevokeBias", Time since last: 444305886 ns, Reaching safepoint: 167665 ns, At safepoint: 23817 ns, Total: 191482 ns
[2020-09-11T16:05:31.393+0000][1][safepoint    ] Safepoint "Cleanup", Time since last: 1001917751 ns, Reaching safepoint: 107212 ns, At safepoint: 6676 ns, Total: 113888 ns
[2020-09-11T16:05:31.781+0000][1][safepoint    ] Safepoint "RevokeBias", Time since last: 388087103 ns, Reaching safepoint: 106417 ns, At safepoint: 28082 ns, Total: 134499 ns
[2020-09-11T16:05:32.789+0000][1][safepoint    ] Safepoint "Cleanup", Time since last: 1007680620 ns, Reaching safepoint: 101929 ns, At safepoint: 6427 ns, Total: 108356 ns
[2020-09-11T16:05:33.010+0000][1][gc,start     ] GC(177) Pause Young (Allocation Failure)
[2020-09-11T16:05:33.010+0000][1][gc,task      ] GC(177) Using 1 workers of 1 for evacuation
[2020-09-11T16:05:33.058+0000][1][gc,age       ] GC(177) Desired survivor size 4358144 bytes, new threshold 1 (max threshold 6)
[2020-09-11T16:05:33.058+0000][1][gc,age       ] GC(177) Age table with threshold 1 (max threshold 6)
[2020-09-11T16:05:33.058+0000][1][gc,age       ] GC(177) - age   1:    7416704 bytes,    7416704 total
[2020-09-11T16:05:33.058+0000][1][gc,age       ] GC(177) - age   2:     516416 bytes,    7933120 total
[2020-09-11T16:05:33.058+0000][1][gc,age       ] GC(177) - age   3:      73536 bytes,    8006656 total
[2020-09-11T16:05:33.058+0000][1][gc,age       ] GC(177) - age   4:     696200 bytes,    8702856 total
[2020-09-11T16:05:33.058+0000][1][gc,heap      ] GC(177) ParNew: 72903K->8512K(76672K)
[2020-09-11T16:05:33.058+0000][1][gc,heap      ] GC(177) CMS: 169432K->170287K(2011968K)
[2020-09-11T16:05:33.058+0000][1][gc,metaspace ] GC(177) Metaspace: 100367K->100367K(1142784K)
[2020-09-11T16:05:33.058+0000][1][gc           ] GC(177) Pause Young (Allocation Failure) 236M->174M(2039M) 47.856ms
[2020-09-11T16:05:33.058+0000][1][gc,cpu       ] GC(177) User=0.01s Sys=0.00s Real=0.05s
[2020-09-11T16:05:33.058+0000][1][safepoint    ] Safepoint "GenCollectForAllocation", Time since last: 221176143 ns, Reaching safepoint: 160536 ns, At safepoint: 47971696 ns, Total: 48132232 ns
[2020-09-11T16:05:33.148+0000][1][safepoint    ] Safepoint "RevokeBias", Time since last: 89934435 ns, Reaching safepoint: 182816 ns, At safepoint: 25504 ns, Total: 208320 ns
[2020-09-11T16:05:33.164+0000][1][safepoint    ] Safepoint "RevokeBias", Time since last: 12950623 ns, Reaching safepoint: 2767157 ns, At safepoint: 42461 ns, Total: 2809618 ns
[2020-09-11T16:05:33.233+0000][1][safepoint    ] Safepoint "RevokeBias", Time since last: 64786905 ns, Reaching safepoint: 3944593 ns, At safepoint: 16241 ns, Total: 3960834 ns
[2020-09-11T16:05:34.251+0000][1][safepoint    ] Safepoint "RevokeBias", Time since last: 1017470934 ns, Reaching safepoint: 283846 ns, At safepoint: 237313 ns, Total: 521159 ns
[2020-09-11T16:05:34.651+0000][1][gc,start     ] GC(178) Pause Young (Allocation Failure)
[2020-09-11T16:05:34.651+0000][1][gc,task      ] GC(178) Using 1 workers of 1 for evacuation
[2020-09-11T16:05:34.780+0000][1][gc,age       ] GC(178) Desired survivor size 4358144 bytes, new threshold 1 (max threshold 6)
[2020-09-11T16:05:34.780+0000][1][gc,age       ] GC(178) Age table with threshold 1 (max threshold 6)
[2020-09-11T16:05:34.780+0000][1][gc,age       ] GC(178) - age   1:    7552432 bytes,    7552432 total
[2020-09-11T16:05:34.780+0000][1][gc,heap      ] GC(178) ParNew: 76671K->7452K(76672K)
[2020-09-11T16:05:34.780+0000][1][gc,heap      ] GC(178) CMS: 170287K->172520K(2011968K)
[2020-09-11T16:05:34.780+0000][1][gc,metaspace ] GC(178) Metaspace: 100403K->100403K(1142784K)
[2020-09-11T16:05:34.780+0000][1][gc           ] GC(178) Pause Young (Allocation Failure) 241M->175M(2039M) 129.237ms
[2020-09-11T16:05:34.780+0000][1][gc,cpu       ] GC(178) User=0.04s Sys=0.00s Real=0.13s
[2020-09-11T16:05:34.844+0000][1][safepoint    ] Safepoint "GenCollectForAllocation", Time since last: 399405062 ns, Reaching safepoint: 237662 ns, At safepoint: 193366602 ns, Total: 193604264 ns
[2020-09-11T16:05:35.003+0000][1][safepoint    ] Safepoint "RevokeBias", Time since last: 158524328 ns, Reaching safepoint: 177719 ns, At safepoint: 22294 ns, Total: 200013 ns
[2020-09-11T16:05:35.274+0000][1][safepoint    ] Safepoint "BulkRevokeBias", Time since last: 270307725 ns, Reaching safepoint: 531015 ns, At safepoint: 278125 ns, Total: 809140 ns
[2020-09-11T16:05:35.305+0000][1][gc,start     ] GC(179) Pause Young (Allocation Failure)
[2020-09-11T16:05:35.305+0000][1][gc,task      ] GC(179) Using 1 workers of 1 for evacuation
[2020-09-11T16:05:35.416+0000][1][gc,age       ] GC(179) Desired survivor size 4358144 bytes, new threshold 1 (max threshold 6)
[2020-09-11T16:05:35.416+0000][1][gc,age       ] GC(179) Age table with threshold 1 (max threshold 6)
[2020-09-11T16:05:35.416+0000][1][gc,age       ] GC(179) - age   1:    6954488 bytes,    6954488 total
[2020-09-11T16:05:35.416+0000][1][gc,heap      ] GC(179) ParNew: 75612K->7394K(76672K)
[2020-09-11T16:05:35.416+0000][1][gc,heap      ] GC(179) CMS: 172520K->173802K(2011968K)
[2020-09-11T16:05:35.416+0000][1][gc,metaspace ] GC(179) Metaspace: 100406K->100406K(1142784K)
[2020-09-11T16:05:35.416+0000][1][gc           ] GC(179) Pause Young (Allocation Failure) 242M->176M(2039M) 111.112ms
[2020-09-11T16:05:35.416+0000][1][gc,cpu       ] GC(179) User=0.03s Sys=0.00s Real=0.11s
[2020-09-11T16:05:35.485+0000][1][safepoint    ] Safepoint "GenCollectForAllocation", Time since last: 30948861 ns, Reaching safepoint: 350891 ns, At safepoint: 179818264 ns, Total: 180169155 ns
[2020-09-11T16:05:35.553+0000][1][safepoint    ] Safepoint "RevokeBias", Time since last: 60394134 ns, Reaching safepoint: 7685552 ns, At safepoint: 177169 ns, Total: 7862721 ns
[2020-09-11T16:05:35.558+0000][1][safepoint    ] Safepoint "RevokeBias", Time since last: 4272631 ns, Reaching safepoint: 179538 ns, At safepoint: 159935 ns, Total: 339473 ns
[2020-09-11T16:05:36.558+0000][1][safepoint    ] Safepoint "Cleanup", Time since last: 1000104540 ns, Reaching safepoint: 104180 ns, At safepoint: 5846 ns, Total: 110026 ns
[2020-09-11T16:05:36.607+0000][1][safepoint    ] Safepoint "RevokeBias", Time since last: 49416499 ns, Reaching safepoint: 92076 ns, At safepoint: 22146 ns, Total: 114222 ns
[2020-09-11T16:05:37.432+0000][1][gc,start     ] GC(180) Pause Young (Allocation Failure)
[2020-09-11T16:05:37.432+0000][1][gc,task      ] GC(180) Using 1 workers of 1 for evacuation
[2020-09-11T16:05:37.500+0000][1][gc,age       ] GC(180) Desired survivor size 4358144 bytes, new threshold 6 (max threshold 6)
[2020-09-11T16:05:37.500+0000][1][gc,age       ] GC(180) Age table with threshold 6 (max threshold 6)
[2020-09-11T16:05:37.500+0000][1][gc,age       ] GC(180) - age   1:    3522584 bytes,    3522584 total
[2020-09-11T16:05:37.500+0000][1][gc,heap      ] GC(180) ParNew: 75554K->6942K(76672K)
[2020-09-11T16:05:37.500+0000][1][gc,heap      ] GC(180) CMS: 173802K->173987K(2011968K)
[2020-09-11T16:05:37.500+0000][1][gc,metaspace ] GC(180) Metaspace: 100442K->100442K(1142784K)
[2020-09-11T16:05:37.500+0000][1][gc           ] GC(180) Pause Young (Allocation Failure) 243M->176M(2039M) 68.103ms
[2020-09-11T16:05:37.500+0000][1][gc,cpu       ] GC(180) User=0.04s Sys=0.00s Real=0.07s
[2020-09-11T16:05:37.509+0000][1][safepoint    ] Safepoint "GenCollectForAllocation", Time since last: 824077663 ns, Reaching safepoint: 258204 ns, At safepoint: 77360125 ns, Total: 77618329 ns
[2020-09-11T16:05:37.689+0000][1][safepoint    ] Safepoint "RevokeBias", Time since last: 179875111 ns, Reaching safepoint: 98816 ns, At safepoint: 28796 ns, Total: 127612 ns
[2020-09-11T16:05:38.643+0000][1][safepoint    ] Safepoint "RevokeBias", Time since last: 953227239 ns, Reaching safepoint: 160967 ns, At safepoint: 23227 ns, Total: 184194 ns
[2020-09-11T16:05:39.375+0000][1][safepoint    ] Safepoint "RevokeBias", Time since last: 732126197 ns, Reaching safepoint: 177202 ns, At safepoint: 24032 ns, Total: 201234 ns
[2020-09-11T16:05:40.377+0000][1][safepoint    ] Safepoint "Cleanup", Time since last: 1001897065 ns, Reaching safepoint: 218219 ns, At safepoint: 8160 ns, Total: 226379 ns
[2020-09-11T16:05:41.738+0000][1][safepoint    ] Safepoint "Cleanup", Time since last: 1360515636 ns, Reaching safepoint: 175338 ns, At safepoint: 8135 ns, Total: 183473 ns
[2020-09-11T16:05:42.182+0000][1][gc,start     ] GC(181) Pause Young (Allocation Failure)
[2020-09-11T16:05:42.182+0000][1][gc,task      ] GC(181) Using 1 workers of 1 for evacuation
[2020-09-11T16:05:42.234+0000][1][gc,age       ] GC(181) Desired survivor size 4358144 bytes, new threshold 1 (max threshold 6)
[2020-09-11T16:05:42.234+0000][1][gc,age       ] GC(181) Age table with threshold 1 (max threshold 6)
[2020-09-11T16:05:42.234+0000][1][gc,age       ] GC(181) - age   1:    6501768 bytes,    6501768 total
[2020-09-11T16:05:42.234+0000][1][gc,age       ] GC(181) - age   2:    1363512 bytes,    7865280 total
[2020-09-11T16:05:42.234+0000][1][gc,heap      ] GC(181) ParNew: 75102K->8512K(76672K)
[2020-09-11T16:05:42.234+0000][1][gc,heap      ] GC(181) CMS: 173987K->173987K(2011968K)
[2020-09-11T16:05:42.234+0000][1][gc,metaspace ] GC(181) Metaspace: 100454K->100454K(1142784K)
[2020-09-11T16:05:42.234+0000][1][gc           ] GC(181) Pause Young (Allocation Failure) 243M->178M(2039M) 52.211ms
[2020-09-11T16:05:42.234+0000][1][gc,cpu       ] GC(181) User=0.02s Sys=0.00s Real=0.05s
[2020-09-11T16:05:42.237+0000][1][safepoint    ] Safepoint "GenCollectForAllocation", Time since last: 443626734 ns, Reaching safepoint: 538166 ns, At safepoint: 55126860 ns, Total: 55665026 ns
[2020-09-11T16:05:42.246+0000][1][safepoint    ] Safepoint "RevokeBias", Time since last: 8262672 ns, Reaching safepoint: 193025 ns, At safepoint: 130612 ns, Total: 323637 ns
[2020-09-11T16:05:42.673+0000][1][safepoint    ] Safepoint "RevokeBias", Time since last: 423858200 ns, Reaching safepoint: 3427390 ns, At safepoint: 38963 ns, Total: 3466353 ns
[2020-09-11T16:05:42.935+0000][1][safepoint    ] Safepoint "RevokeBias", Time since last: 262320314 ns, Reaching safepoint: 93698 ns, At safepoint: 22371 ns, Total: 116069 ns
[2020-09-11T16:05:43.521+0000][1][safepoint    ] Safepoint "RevokeBias", Time since last: 585844536 ns, Reaching safepoint: 109685 ns, At safepoint: 27298 ns, Total: 136983 ns
[2020-09-11T16:05:43.602+0000][1][gc,start     ] GC(182) Pause Young (Allocation Failure)
[2020-09-11T16:05:43.603+0000][1][gc,task      ] GC(182) Using 1 workers of 1 for evacuation
[2020-09-11T16:05:43.633+0000][1][gc,age       ] GC(182) Desired survivor size 4358144 bytes, new threshold 6 (max threshold 6)
[2020-09-11T16:05:43.633+0000][1][gc,age       ] GC(182) Age table with threshold 6 (max threshold 6)
[2020-09-11T16:05:43.633+0000][1][gc,age       ] GC(182) - age   1:    3296056 bytes,    3296056 total
[2020-09-11T16:05:43.633+0000][1][gc,heap      ] GC(182) ParNew: 76405K->6517K(76672K)
[2020-09-11T16:05:43.633+0000][1][gc,heap      ] GC(182) CMS: 173987K->176353K(2011968K)
[2020-09-11T16:05:43.633+0000][1][gc,metaspace ] GC(182) Metaspace: 100462K->100462K(1142784K)
[2020-09-11T16:05:43.633+0000][1][gc           ] GC(182) Pause Young (Allocation Failure) 244M->178M(2039M) 30.857ms
[2020-09-11T16:05:43.633+0000][1][gc,cpu       ] GC(182) User=0.02s Sys=0.00s Real=0.03s
[2020-09-11T16:05:43.634+0000][1][safepoint    ] Safepoint "GenCollectForAllocation", Time since last: 81013714 ns, Reaching safepoint: 91444 ns, At safepoint: 31432393 ns, Total: 31523837 ns
[2020-09-11T16:05:44.043+0000][1][safepoint    ] Safepoint "RevokeBias", Time since last: 408655261 ns, Reaching safepoint: 258589 ns, At safepoint: 246321 ns, Total: 504910 ns
[2020-09-11T16:05:44.711+0000][1][gc,start     ] GC(183) Pause Young (Allocation Failure)
[2020-09-11T16:05:44.711+0000][1][gc,task      ] GC(183) Using 1 workers of 1 for evacuation
[2020-09-11T16:05:44.765+0000][1][gc,age       ] GC(183) Desired survivor size 4358144 bytes, new threshold 1 (max threshold 6)
[2020-09-11T16:05:44.765+0000][1][gc,age       ] GC(183) Age table with threshold 1 (max threshold 6)
[2020-09-11T16:05:44.765+0000][1][gc,age       ] GC(183) - age   1:    8495048 bytes,    8495048 total
[2020-09-11T16:05:44.765+0000][1][gc,age       ] GC(183) - age   2:     208672 bytes,    8703720 total
[2020-09-11T16:05:44.765+0000][1][gc,heap      ] GC(183) ParNew: 74439K->8512K(76672K)
[2020-09-11T16:05:44.765+0000][1][gc,heap      ] GC(183) CMS: 176353K->179817K(2011968K)
[2020-09-11T16:05:44.765+0000][1][gc,metaspace ] GC(183) Metaspace: 100467K->100467K(1142784K)
[2020-09-11T16:05:44.765+0000][1][gc           ] GC(183) Pause Young (Allocation Failure) 244M->183M(2039M) 54.477ms
[2020-09-11T16:05:44.765+0000][1][gc,cpu       ] GC(183) User=0.02s Sys=0.00s Real=0.06s
[2020-09-11T16:05:44.786+0000][1][safepoint    ] Safepoint "GenCollectForAllocation", Time since last: 666216798 ns, Reaching safepoint: 1702664 ns, At safepoint: 74873543 ns, Total: 76576207 ns
[2020-09-11T16:05:44.837+0000][1][safepoint    ] Safepoint "RevokeBias", Time since last: 40128946 ns, Reaching safepoint: 10926968 ns, At safepoint: 31735 ns, Total: 10958703 ns
[2020-09-11T16:05:44.856+0000][1][safepoint    ] Safepoint "RevokeBias", Time since last: 18822928 ns, Reaching safepoint: 149681 ns, At safepoint: 21347 ns, Total: 171028 ns
[2020-09-11T16:05:45.507+0000][1][safepoint    ] Safepoint "RevokeBias", Time since last: 650780050 ns, Reaching safepoint: 106748 ns, At safepoint: 28009 ns, Total: 134757 ns
[2020-09-11T16:05:46.507+0000][1][safepoint    ] Safepoint "Cleanup", Time since last: 1000180091 ns, Reaching safepoint: 214378 ns, At safepoint: 8495 ns, Total: 222873 ns
[2020-09-11T16:05:47.345+0000][1][gc,start     ] GC(184) Pause Young (Allocation Failure)
[2020-09-11T16:05:47.345+0000][1][gc,task      ] GC(184) Using 1 workers of 1 for evacuation
[2020-09-11T16:05:47.377+0000][1][gc,age       ] GC(184) Desired survivor size 4358144 bytes, new threshold 6 (max threshold 6)
[2020-09-11T16:05:47.377+0000][1][gc,age       ] GC(184) Age table with threshold 6 (max threshold 6)
[2020-09-11T16:05:47.377+0000][1][gc,age       ] GC(184) - age   1:    3456168 bytes,    3456168 total
[2020-09-11T16:05:47.377+0000][1][gc,heap      ] GC(184) ParNew: 76672K->7083K(76672K)
[2020-09-11T16:05:47.377+0000][1][gc,heap      ] GC(184) CMS: 179817K->180055K(2011968K)
[2020-09-11T16:05:47.377+0000][1][gc,metaspace ] GC(184) Metaspace: 100468K->100468K(1142784K)
[2020-09-11T16:05:47.377+0000][1][gc           ] GC(184) Pause Young (Allocation Failure) 250M->182M(2039M) 31.726ms
[2020-09-11T16:05:47.377+0000][1][gc,cpu       ] GC(184) User=0.01s Sys=0.00s Real=0.03s
[2020-09-11T16:05:47.384+0000][1][safepoint    ] Safepoint "GenCollectForAllocation", Time since last: 837693962 ns, Reaching safepoint: 154671 ns, At safepoint: 39399442 ns, Total: 39554113 ns
[2020-09-11T16:05:47.671+0000][1][safepoint    ] Safepoint "RevokeBias", Time since last: 286254590 ns, Reaching safepoint: 100981 ns, At safepoint: 26625 ns, Total: 127606 ns
[2020-09-11T16:05:48.377+0000][1][safepoint    ] Safepoint "RevokeBias", Time since last: 706133776 ns, Reaching safepoint: 102595 ns, At safepoint: 26276 ns, Total: 128871 ns
[2020-09-11T16:05:49.377+0000][1][safepoint    ] Safepoint "Cleanup", Time since last: 1000103062 ns, Reaching safepoint: 105384 ns, At safepoint: 8942 ns, Total: 114326 ns
[2020-09-11T16:05:49.519+0000][1][safepoint    ] Safepoint "RevokeBias", Time since last: 142063427 ns, Reaching safepoint: 91484 ns, At safepoint: 22967 ns, Total: 114451 ns
[2020-09-11T16:05:49.647+0000][1][safepoint    ] Safepoint "RevokeBias", Time since last: 127485105 ns, Reaching safepoint: 92795 ns, At safepoint: 21212 ns, Total: 114007 ns
[2020-09-11T16:05:50.647+0000][1][safepoint    ] Safepoint "Cleanup", Time since last: 1000116871 ns, Reaching safepoint: 107120 ns, At safepoint: 11469 ns, Total: 118589 ns
[2020-09-11T16:05:51.648+0000][1][safepoint    ] Safepoint "Cleanup", Time since last: 1000217613 ns, Reaching safepoint: 189566 ns, At safepoint: 21299 ns, Total: 210865 ns
[2020-09-11T16:05:51.941+0000][1][gc,start     ] GC(185) Pause Young (Allocation Failure)
[2020-09-11T16:05:51.941+0000][1][gc,task      ] GC(185) Using 1 workers of 1 for evacuation
[2020-09-11T16:05:51.979+0000][1][gc,age       ] GC(185) Desired survivor size 4358144 bytes, new threshold 6 (max threshold 6)
[2020-09-11T16:05:52.007+0000][1][gc,age       ] GC(185) Age table with threshold 6 (max threshold 6)
[2020-09-11T16:05:52.007+0000][1][gc,age       ] GC(185) - age   1:    2217016 bytes,    2217016 total
[2020-09-11T16:05:52.007+0000][1][gc,age       ] GC(185) - age   2:    1819896 bytes,    4036912 total
[2020-09-11T16:05:52.007+0000][1][gc,heap      ] GC(185) ParNew: 75243K->6073K(76672K)
[2020-09-11T16:05:52.007+0000][1][gc,heap      ] GC(185) CMS: 180055K->180055K(2011968K)
[2020-09-11T16:05:52.007+0000][1][gc,metaspace ] GC(185) Metaspace: 100469K->100469K(1142784K)
[2020-09-11T16:05:52.007+0000][1][gc           ] GC(185) Pause Young (Allocation Failure) 249M->181M(2039M) 65.738ms
[2020-09-11T16:05:52.007+0000][1][gc,cpu       ] GC(185) User=0.02s Sys=0.00s Real=0.06s
[2020-09-11T16:05:52.018+0000][1][safepoint    ] Safepoint "GenCollectForAllocation", Time since last: 293222902 ns, Reaching safepoint: 166194 ns, At safepoint: 77142942 ns, Total: 77309136 ns
[2020-09-11T16:05:52.027+0000][1][safepoint    ] Safepoint "RevokeBias", Time since last: 8798568 ns, Reaching safepoint: 192713 ns, At safepoint: 114980 ns, Total: 307693 ns
[2020-09-11T16:05:53.028+0000][1][safepoint    ] Safepoint "Cleanup", Time since last: 1000173071 ns, Reaching safepoint: 175427 ns, At safepoint: 20463 ns, Total: 195890 ns
[2020-09-11T16:05:53.066+0000][1][safepoint    ] Safepoint "RevokeBias", Time since last: 37583348 ns, Reaching safepoint: 149544 ns, At safepoint: 24108 ns, Total: 173652 ns
[2020-09-11T16:05:53.737+0000][1][safepoint    ] Safepoint "RevokeBias", Time since last: 671062836 ns, Reaching safepoint: 260770 ns, At safepoint: 206660 ns, Total: 467430 ns
[2020-09-11T16:05:54.075+0000][1][gc,start     ] GC(186) Pause Young (Allocation Failure)
[2020-09-11T16:05:54.075+0000][1][gc,task      ] GC(186) Using 1 workers of 1 for evacuation
[2020-09-11T16:05:54.114+0000][1][gc,age       ] GC(186) Desired survivor size 4358144 bytes, new threshold 1 (max threshold 6)
[2020-09-11T16:05:54.114+0000][1][gc,age       ] GC(186) Age table with threshold 1 (max threshold 6)
[2020-09-11T16:05:54.114+0000][1][gc,age       ] GC(186) - age   1:    8675640 bytes,    8675640 total
[2020-09-11T16:05:54.114+0000][1][gc,age       ] GC(186) - age   2:         32 bytes,    8675672 total
[2020-09-11T16:05:54.114+0000][1][gc,heap      ] GC(186) ParNew: 74233K->8512K(76672K)
[2020-09-11T16:05:54.114+0000][1][gc,heap      ] GC(186) CMS: 180055K->184789K(2011968K)
[2020-09-11T16:05:54.114+0000][1][gc,metaspace ] GC(186) Metaspace: 100475K->100475K(1142784K)
[2020-09-11T16:05:54.114+0000][1][gc           ] GC(186) Pause Young (Allocation Failure) 248M->188M(2039M) 38.978ms
[2020-09-11T16:05:54.114+0000][1][gc,cpu       ] GC(186) User=0.02s Sys=0.00s Real=0.04s
[2020-09-11T16:05:54.121+0000][1][safepoint    ] Safepoint "GenCollectForAllocation", Time since last: 337476066 ns, Reaching safepoint: 174952 ns, At safepoint: 46314686 ns, Total: 46489638 ns
[2020-09-11T16:05:54.184+0000][1][safepoint    ] Safepoint "RevokeBias", Time since last: 62740927 ns, Reaching safepoint: 164762 ns, At safepoint: 22393 ns, Total: 187155 ns
[2020-09-11T16:05:55.184+0000][1][safepoint    ] Safepoint "Cleanup", Time since last: 1000099652 ns, Reaching safepoint: 172579 ns, At safepoint: 10847 ns, Total: 183426 ns
[2020-09-11T16:05:55.258+0000][1][gc,start     ] GC(187) Pause Young (Allocation Failure)
[2020-09-11T16:05:55.259+0000][1][gc,task      ] GC(187) Using 1 workers of 1 for evacuation
[2020-09-11T16:05:55.280+0000][1][gc,age       ] GC(187) Desired survivor size 4358144 bytes, new threshold 6 (max threshold 6)
[2020-09-11T16:05:55.280+0000][1][gc,age       ] GC(187) Age table with threshold 6 (max threshold 6)
[2020-09-11T16:05:55.280+0000][1][gc,age       ] GC(187) - age   1:    2891016 bytes,    2891016 total
[2020-09-11T16:05:55.280+0000][1][gc,heap      ] GC(187) ParNew: 76672K->7283K(76672K)
[2020-09-11T16:05:55.280+0000][1][gc,heap      ] GC(187) CMS: 184789K->185149K(2011968K)
[2020-09-11T16:05:55.280+0000][1][gc,metaspace ] GC(187) Metaspace: 100491K->100491K(1142784K)
[2020-09-11T16:05:55.280+0000][1][gc           ] GC(187) Pause Young (Allocation Failure) 255M->187M(2039M) 22.063ms
[2020-09-11T16:05:55.280+0000][1][gc,cpu       ] GC(187) User=0.02s Sys=0.00s Real=0.02s
[2020-09-11T16:05:55.281+0000][1][safepoint    ] Safepoint "GenCollectForAllocation", Time since last: 73827588 ns, Reaching safepoint: 280264 ns, At safepoint: 22798967 ns, Total: 23079231 ns
[2020-09-11T16:05:55.291+0000][1][safepoint    ] Safepoint "RevokeBias", Time since last: 9724449 ns, Reaching safepoint: 202889 ns, At safepoint: 33805 ns, Total: 236694 ns
[2020-09-11T16:05:55.307+0000][1][safepoint    ] Safepoint "RevokeBias", Time since last: 15946265 ns, Reaching safepoint: 156477 ns, At safepoint: 21508 ns, Total: 177985 ns
[2020-09-11T16:05:55.310+0000][1][safepoint    ] Safepoint "RevokeBias", Time since last: 3046338 ns, Reaching safepoint: 152723 ns, At safepoint: 19011 ns, Total: 171734 ns
[2020-09-11T16:05:55.577+0000][1][gc,start     ] GC(188) Pause Young (Allocation Failure)
[2020-09-11T16:05:55.577+0000][1][gc,task      ] GC(188) Using 1 workers of 1 for evacuation
[2020-09-11T16:05:55.604+0000][1][gc,age       ] GC(188) Desired survivor size 4358144 bytes, new threshold 6 (max threshold 6)
[2020-09-11T16:05:55.604+0000][1][gc,age       ] GC(188) Age table with threshold 6 (max threshold 6)
[2020-09-11T16:05:55.604+0000][1][gc,age       ] GC(188) - age   1:     891272 bytes,     891272 total
[2020-09-11T16:05:55.604+0000][1][gc,age       ] GC(188) - age   2:     378504 bytes,    1269776 total
[2020-09-11T16:05:55.604+0000][1][gc,heap      ] GC(188) ParNew: 75443K->2526K(76672K)
[2020-09-11T16:05:55.604+0000][1][gc,heap      ] GC(188) CMS: 185149K->185149K(2011968K)
[2020-09-11T16:05:55.604+0000][1][gc,metaspace ] GC(188) Metaspace: 100510K->100510K(1142784K)
[2020-09-11T16:05:55.604+0000][1][gc           ] GC(188) Pause Young (Allocation Failure) 254M->183M(2039M) 26.923ms
[2020-09-11T16:05:55.604+0000][1][gc,cpu       ] GC(188) User=0.03s Sys=0.00s Real=0.03s
[2020-09-11T16:05:55.604+0000][1][safepoint    ] Safepoint "GenCollectForAllocation", Time since last: 266341275 ns, Reaching safepoint: 172413 ns, At safepoint: 26990781 ns, Total: 27163194 ns
[2020-09-11T16:05:55.617+0000][1][safepoint    ] Safepoint "RevokeBias", Time since last: 12834199 ns, Reaching safepoint: 166650 ns, At safepoint: 19826 ns, Total: 186476 ns
[2020-09-11T16:05:55.617+0000][1][safepoint    ] Safepoint "RevokeBias", Time since last: 110352 ns, Reaching safepoint: 109397 ns, At safepoint: 13389 ns, Total: 122786 ns
[2020-09-11T16:05:56.308+0000][1][safepoint    ] Safepoint "RevokeBias", Time since last: 690129363 ns, Reaching safepoint: 174127 ns, At safepoint: 17608 ns, Total: 191735 ns
[2020-09-11T16:05:56.308+0000][1][safepoint    ] Safepoint "RevokeBias", Time since last: 297774 ns, Reaching safepoint: 97404 ns, At safepoint: 17079 ns, Total: 114483 ns
[2020-09-11T16:05:56.311+0000][1][safepoint    ] Safepoint "RevokeBias", Time since last: 2989465 ns, Reaching safepoint: 232147 ns, At safepoint: 19712 ns, Total: 251859 ns
[2020-09-11T16:05:56.312+0000][1][safepoint    ] Safepoint "RevokeBias", Time since last: 130550 ns, Reaching safepoint: 203986 ns, At safepoint: 17310 ns, Total: 221296 ns
[2020-09-11T16:05:56.313+0000][1][safepoint    ] Safepoint "RevokeBias", Time since last: 771333 ns, Reaching safepoint: 204486 ns, At safepoint: 43711 ns, Total: 248197 ns
[2020-09-11T16:05:57.317+0000][1][safepoint    ] Safepoint "Cleanup", Time since last: 1004179723 ns, Reaching safepoint: 123140 ns, At safepoint: 9728 ns, Total: 132868 ns
[2020-09-11T16:05:59.317+0000][1][safepoint    ] Safepoint "Cleanup", Time since last: 2000208148 ns, Reaching safepoint: 177929 ns, At safepoint: 17230 ns, Total: 195159 ns
[2020-09-11T16:06:03.318+0000][1][safepoint    ] Safepoint "Cleanup", Time since last: 4000575052 ns, Reaching safepoint: 102436 ns, At safepoint: 9816 ns, Total: 112252 ns
[2020-09-11T16:06:03.760+0000][1][safepoint    ] Safepoint "RevokeBias", Time since last: 441535689 ns, Reaching safepoint: 294968 ns, At safepoint: 231967 ns, Total: 526935 ns
[2020-09-11T16:06:03.960+0000][1][gc,start     ] GC(189) Pause Young (Allocation Failure)
[2020-09-11T16:06:03.960+0000][1][gc,task      ] GC(189) Using 1 workers of 1 for evacuation
[2020-09-11T16:06:04.047+0000][1][gc,age       ] GC(189) Desired survivor size 4358144 bytes, new threshold 3 (max threshold 6)
[2020-09-11T16:06:04.047+0000][1][gc,age       ] GC(189) Age table with threshold 3 (max threshold 6)
[2020-09-11T16:06:04.047+0000][1][gc,age       ] GC(189) - age   1:    4301488 bytes,    4301488 total
[2020-09-11T16:06:04.047+0000][1][gc,age       ] GC(189) - age   2:      11624 bytes,    4313112 total
[2020-09-11T16:06:04.047+0000][1][gc,age       ] GC(189) - age   3:      55672 bytes,    4368784 total
[2020-09-11T16:06:04.048+0000][1][gc,heap      ] GC(189) ParNew: 70544K->4386K(76672K)
[2020-09-11T16:06:04.048+0000][1][gc,heap      ] GC(189) CMS: 185149K->185149K(2011968K)
[2020-09-11T16:06:04.048+0000][1][gc,metaspace ] GC(189) Metaspace: 100535K->100535K(1142784K)
[2020-09-11T16:06:04.048+0000][1][gc           ] GC(189) Pause Young (Allocation Failure) 249M->185M(2039M) 87.314ms
[2020-09-11T16:06:04.048+0000][1][gc,cpu       ] GC(189) User=0.03s Sys=0.00s Real=0.09s
[2020-09-11T16:06:04.049+0000][1][safepoint    ] Safepoint "GenCollectForAllocation", Time since last: 200023191 ns, Reaching safepoint: 192885 ns, At safepoint: 88626970 ns, Total: 88819855 ns
[2020-09-11T16:06:04.134+0000][1][safepoint    ] Safepoint "RevokeBias", Time since last: 84814925 ns, Reaching safepoint: 198155 ns, At safepoint: 10090 ns, Total: 208245 ns
[2020-09-11T16:06:05.134+0000][1][safepoint    ] Safepoint "Cleanup", Time since last: 1000145736 ns, Reaching safepoint: 135335 ns, At safepoint: 6875 ns, Total: 142210 ns
[2020-09-11T16:06:07.768+0000][1][safepoint    ] Safepoint "RevokeBias", Time since last: 2628944760 ns, Reaching safepoint: 5205799 ns, At safepoint: 29715 ns, Total: 5235514 ns
[2020-09-11T16:06:07.924+0000][1][safepoint    ] Safepoint "RevokeBias", Time since last: 155143217 ns, Reaching safepoint: 159929 ns, At safepoint: 21709 ns, Total: 181638 ns
[2020-09-11T16:06:07.924+0000][1][safepoint    ] Safepoint "RevokeBias", Time since last: 49243 ns, Reaching safepoint: 112633 ns, At safepoint: 13070 ns, Total: 125703 ns
[2020-09-11T16:06:08.081+0000][1][gc,start     ] GC(190) Pause Young (Allocation Failure)
[2020-09-11T16:06:08.081+0000][1][gc,task      ] GC(190) Using 1 workers of 1 for evacuation
[2020-09-11T16:06:08.146+0000][1][gc,age       ] GC(190) Desired survivor size 4358144 bytes, new threshold 1 (max threshold 6)
[2020-09-11T16:06:08.146+0000][1][gc,age       ] GC(190) Age table with threshold 1 (max threshold 6)
[2020-09-11T16:06:08.146+0000][1][gc,age       ] GC(190) - age   1:    8254088 bytes,    8254088 total
[2020-09-11T16:06:08.146+0000][1][gc,age       ] GC(190) - age   2:     401424 bytes,    8655512 total
[2020-09-11T16:06:08.146+0000][1][gc,age       ] GC(190) - age   3:       9800 bytes,    8665312 total
[2020-09-11T16:06:08.146+0000][1][gc,heap      ] GC(190) ParNew: 72546K->8512K(76672K)
[2020-09-11T16:06:08.146+0000][1][gc,heap      ] GC(190) CMS: 185149K->186849K(2011968K)
[2020-09-11T16:06:08.146+0000][1][gc,metaspace ] GC(190) Metaspace: 100570K->100570K(1142784K)
[2020-09-11T16:06:08.147+0000][1][gc           ] GC(190) Pause Young (Allocation Failure) 251M->190M(2039M) 65.524ms
[2020-09-11T16:06:08.147+0000][1][gc,cpu       ] GC(190) User=0.04s Sys=0.00s Real=0.06s
[2020-09-11T16:06:08.152+0000][1][safepoint    ] Safepoint "GenCollectForAllocation", Time since last: 156960653 ns, Reaching safepoint: 164815 ns, At safepoint: 70893378 ns, Total: 71058193 ns
[2020-09-11T16:06:08.918+0000][1][safepoint    ] Safepoint "RevokeBias", Time since last: 765754862 ns, Reaching safepoint: 163858 ns, At safepoint: 23521 ns, Total: 187379 ns
[2020-09-11T16:06:08.956+0000][1][safepoint    ] Safepoint "RevokeBias", Time since last: 37672726 ns, Reaching safepoint: 183845 ns, At safepoint: 23703 ns, Total: 207548 ns
[2020-09-11T16:06:09.956+0000][1][safepoint    ] Safepoint "Cleanup", Time since last: 1000140552 ns, Reaching safepoint: 189352 ns, At safepoint: 14410 ns, Total: 203762 ns
[2020-09-11T16:06:11.956+0000][1][safepoint    ] Safepoint "Cleanup", Time since last: 2000309384 ns, Reaching safepoint: 89436 ns, At safepoint: 7164 ns, Total: 96600 ns
[2020-09-11T16:06:13.209+0000][1][safepoint    ] Safepoint "RevokeBias", Time since last: 1252495160 ns, Reaching safepoint: 235980 ns, At safepoint: 23608 ns, Total: 259588 ns
[2020-09-11T16:06:13.733+0000][1][safepoint    ] Safepoint "RevokeBias", Time since last: 523536214 ns, Reaching safepoint: 286810 ns, At safepoint: 241977 ns, Total: 528787 ns
[2020-09-11T16:06:13.760+0000][1][gc,start     ] GC(191) Pause Young (Allocation Failure)
[2020-09-11T16:06:13.760+0000][1][gc,task      ] GC(191) Using 1 workers of 1 for evacuation
[2020-09-11T16:06:13.779+0000][1][gc,age       ] GC(191) Desired survivor size 4358144 bytes, new threshold 6 (max threshold 6)
[2020-09-11T16:06:13.779+0000][1][gc,age       ] GC(191) Age table with threshold 6 (max threshold 6)
[2020-09-11T16:06:13.779+0000][1][gc,age       ] GC(191) - age   1:     435744 bytes,     435744 total
[2020-09-11T16:06:13.779+0000][1][gc,heap      ] GC(191) ParNew: 76671K->7215K(76672K)
[2020-09-11T16:06:13.779+0000][1][gc,heap      ] GC(191) CMS: 186849K->194963K(2011968K)
[2020-09-11T16:06:13.779+0000][1][gc,metaspace ] GC(191) Metaspace: 100654K->100654K(1142784K)
[2020-09-11T16:06:13.779+0000][1][gc           ] GC(191) Pause Young (Allocation Failure) 257M->197M(2039M) 18.346ms
[2020-09-11T16:06:13.779+0000][1][gc,cpu       ] GC(191) User=0.02s Sys=0.00s Real=0.02s
[2020-09-11T16:06:13.779+0000][1][safepoint    ] Safepoint "GenCollectForAllocation", Time since last: 26893909 ns, Reaching safepoint: 228120 ns, At safepoint: 18483128 ns, Total: 18711248 ns
[2020-09-11T16:06:15.009+0000][1][safepoint    ] Safepoint "Cleanup", Time since last: 1230040178 ns, Reaching safepoint: 267565 ns, At safepoint: 21843 ns, Total: 289408 ns
[2020-09-11T16:06:17.010+0000][1][safepoint    ] Safepoint "Cleanup", Time since last: 2000358948 ns, Reaching safepoint: 176653 ns, At safepoint: 21088 ns, Total: 197741 ns
[2020-09-11T16:06:18.013+0000][1][safepoint    ] Safepoint "Cleanup", Time since last: 1001081117 ns, Reaching safepoint: 1707303 ns, At safepoint: 10465 ns, Total: 1717768 ns
[2020-09-11T16:06:18.249+0000][1][safepoint    ] Safepoint "RevokeBias", Time since last: 236654099 ns, Reaching safepoint: 167522 ns, At safepoint: 19998 ns, Total: 187520 ns
[2020-09-11T16:06:19.250+0000][1][safepoint    ] Safepoint "Cleanup", Time since last: 1000112161 ns, Reaching safepoint: 109267 ns, At safepoint: 11373 ns, Total: 120640 ns
[2020-09-11T16:06:20.250+0000][1][safepoint    ] Safepoint "Cleanup", Time since last: 1000200733 ns, Reaching safepoint: 160936 ns, At safepoint: 18523 ns, Total: 179459 ns
[2020-09-11T16:06:21.250+0000][1][safepoint    ] Safepoint "Cleanup", Time since last: 1000219995 ns, Reaching safepoint: 150710 ns, At safepoint: 17527 ns, Total: 168237 ns
[2020-09-11T16:06:22.251+0000][1][safepoint    ] Safepoint "Cleanup", Time since last: 1000234008 ns, Reaching safepoint: 114458 ns, At safepoint: 7322 ns, Total: 121780 ns
[2020-09-11T16:06:23.251+0000][1][safepoint    ] Safepoint "Cleanup", Time since last: 1000145285 ns, Reaching safepoint: 138757 ns, At safepoint: 7821 ns, Total: 146578 ns
[2020-09-11T16:06:23.481+0000][1][gc,start     ] GC(192) Pause Young (Allocation Failure)
[2020-09-11T16:06:23.481+0000][1][gc,task      ] GC(192) Using 1 workers of 1 for evacuation
[2020-09-11T16:06:23.516+0000][1][gc,age       ] GC(192) Desired survivor size 4358144 bytes, new threshold 6 (max threshold 6)
[2020-09-11T16:06:23.516+0000][1][gc,age       ] GC(192) Age table with threshold 6 (max threshold 6)
[2020-09-11T16:06:23.516+0000][1][gc,age       ] GC(192) - age   1:    1538960 bytes,    1538960 total
[2020-09-11T16:06:23.516+0000][1][gc,age       ] GC(192) - age   2:     127880 bytes,    1666840 total
[2020-09-11T16:06:23.516+0000][1][gc,heap      ] GC(192) ParNew: 75371K->1883K(76672K)
[2020-09-11T16:06:23.516+0000][1][gc,heap      ] GC(192) CMS: 194963K->194963K(2011968K)
[2020-09-11T16:06:23.516+0000][1][gc,metaspace ] GC(192) Metaspace: 100723K->100723K(1142784K)
[2020-09-11T16:06:23.516+0000][1][gc           ] GC(192) Pause Young (Allocation Failure) 263M->192M(2039M) 35.138ms
[2020-09-11T16:06:23.516+0000][1][gc,cpu       ] GC(192) User=0.01s Sys=0.00s Real=0.03s
[2020-09-11T16:06:23.520+0000][1][safepoint    ] Safepoint "GenCollectForAllocation", Time since last: 225688861 ns, Reaching safepoint: 4210737 ns, At safepoint: 38959323 ns, Total: 43170060 ns
[2020-09-11T16:06:23.740+0000][1][safepoint    ] Safepoint "RevokeBias", Time since last: 219969777 ns, Reaching safepoint: 254975 ns, At safepoint: 228527 ns, Total: 483502 ns
[2020-09-11T16:06:24.741+0000][1][safepoint    ] Safepoint "Cleanup", Time since last: 1000143122 ns, Reaching safepoint: 197868 ns, At safepoint: 19792 ns, Total: 217660 ns
[2020-09-11T16:06:25.741+0000][1][safepoint    ] Safepoint "Cleanup", Time since last: 1000255400 ns, Reaching safepoint: 127933 ns, At safepoint: 7441 ns, Total: 135374 ns
[2020-09-11T16:06:26.741+0000][1][safepoint    ] Safepoint "Cleanup", Time since last: 1000194450 ns, Reaching safepoint: 111018 ns, At safepoint: 7659 ns, Total: 118677 ns
[2020-09-11T16:06:27.742+0000][1][safepoint    ] Safepoint "Cleanup", Time since last: 1000254025 ns, Reaching safepoint: 115407 ns, At safepoint: 7605 ns, Total: 123012 ns
[2020-09-11T16:06:28.742+0000][1][safepoint    ] Safepoint "Cleanup", Time since last: 1000176364 ns, Reaching safepoint: 120642 ns, At safepoint: 7026 ns, Total: 127668 ns
[2020-09-11T16:06:29.742+0000][1][safepoint    ] Safepoint "Cleanup", Time since last: 1000185970 ns, Reaching safepoint: 111567 ns, At safepoint: 8035 ns, Total: 119602 ns
[2020-09-11T16:06:30.743+0000][1][safepoint    ] Safepoint "Cleanup", Time since last: 1000166640 ns, Reaching safepoint: 131811 ns, At safepoint: 7318 ns, Total: 139129 ns
[2020-09-11T16:06:31.743+0000][1][safepoint    ] Safepoint "Cleanup", Time since last: 1000145391 ns, Reaching safepoint: 166496 ns, At safepoint: 17994 ns, Total: 184490 ns
[2020-09-11T16:06:32.743+0000][1][safepoint    ] Safepoint "Cleanup", Time since last: 1000157502 ns, Reaching safepoint: 79437 ns, At safepoint: 5932 ns, Total: 85369 ns
[2020-09-11T16:06:33.744+0000][1][safepoint    ] Safepoint "Cleanup", Time since last: 1000098608 ns, Reaching safepoint: 209127 ns, At safepoint: 10671 ns, Total: 219798 ns
[2020-09-11T16:06:33.766+0000][1][safepoint    ] Safepoint "RevokeBias", Time since last: 21856305 ns, Reaching safepoint: 443335 ns, At safepoint: 268857 ns, Total: 712192 ns
[2020-09-11T16:06:34.766+0000][1][safepoint    ] Safepoint "Cleanup", Time since last: 1000193740 ns, Reaching safepoint: 122288 ns, At safepoint: 7611 ns, Total: 129899 ns
[2020-09-11T16:06:35.767+0000][1][safepoint    ] Safepoint "Cleanup", Time since last: 1000125292 ns, Reaching safepoint: 87561 ns, At safepoint: 7303 ns, Total: 94864 ns
[2020-09-11T16:06:36.767+0000][1][safepoint    ] Safepoint "Cleanup", Time since last: 1000196826 ns, Reaching safepoint: 165507 ns, At safepoint: 17600 ns, Total: 183107 ns
[2020-09-11T16:06:37.455+0000][1][gc,start     ] GC(193) Pause Young (Allocation Failure)
[2020-09-11T16:06:37.455+0000][1][gc,task      ] GC(193) Using 1 workers of 1 for evacuation
[2020-09-11T16:06:37.468+0000][1][gc,age       ] GC(193) Desired survivor size 4358144 bytes, new threshold 6 (max threshold 6)
[2020-09-11T16:06:37.468+0000][1][gc,age       ] GC(193) Age table with threshold 6 (max threshold 6)
[2020-09-11T16:06:37.468+0000][1][gc,age       ] GC(193) - age   1:     149160 bytes,     149160 total
[2020-09-11T16:06:37.468+0000][1][gc,age       ] GC(193) - age   2:     326320 bytes,     475480 total
[2020-09-11T16:06:37.468+0000][1][gc,age       ] GC(193) - age   3:     125176 bytes,     600656 total
[2020-09-11T16:06:37.468+0000][1][gc,heap      ] GC(193) ParNew: 70043K->1691K(76672K)
[2020-09-11T16:06:37.468+0000][1][gc,heap      ] GC(193) CMS: 194963K->194963K(2011968K)
[2020-09-11T16:06:37.468+0000][1][gc,metaspace ] GC(193) Metaspace: 100833K->100833K(1142784K)
[2020-09-11T16:06:37.468+0000][1][gc           ] GC(193) Pause Young (Allocation Failure) 258M->192M(2039M) 12.764ms
[2020-09-11T16:06:37.468+0000][1][gc,cpu       ] GC(193) User=0.01s Sys=0.00s Real=0.01s
[2020-09-11T16:06:37.468+0000][1][safepoint    ] Safepoint "GenCollectForAllocation", Time since last: 687593171 ns, Reaching safepoint: 205919 ns, At safepoint: 12836909 ns, Total: 13042828 ns
[2020-09-11T16:06:38.471+0000][1][safepoint    ] Safepoint "Cleanup", Time since last: 1002704438 ns, Reaching safepoint: 159724 ns, At safepoint: 51014 ns, Total: 210738 ns
[2020-09-11T16:06:39.471+0000][1][safepoint    ] Safepoint "Cleanup", Time since last: 1000174930 ns, Reaching safepoint: 166339 ns, At safepoint: 15603 ns, Total: 181942 ns
[2020-09-11T16:06:40.488+0000][1][safepoint    ] Safepoint "Cleanup", Time since last: 1016604321 ns, Reaching safepoint: 209140 ns, At safepoint: 19762 ns, Total: 228902 ns
[2020-09-11T16:06:41.489+0000][1][safepoint    ] Safepoint "Cleanup", Time since last: 1000936535 ns, Reaching safepoint: 172634 ns, At safepoint: 8345 ns, Total: 180979 ns
[2020-09-11T16:06:42.489+0000][1][safepoint    ] Safepoint "Cleanup", Time since last: 1000162878 ns, Reaching safepoint: 142525 ns, At safepoint: 12391 ns, Total: 154916 ns
[2020-09-11T16:06:43.490+0000][1][safepoint    ] Safepoint "Cleanup", Time since last: 1000170891 ns, Reaching safepoint: 139332 ns, At safepoint: 12123 ns, Total: 151455 ns
[2020-09-11T16:06:43.733+0000][1][safepoint    ] Safepoint "RevokeBias", Time since last: 243358712 ns, Reaching safepoint: 271843 ns, At safepoint: 237064 ns, Total: 508907 ns
[2020-09-11T16:06:44.734+0000][1][safepoint    ] Safepoint "Cleanup", Time since last: 1000230862 ns, Reaching safepoint: 178183 ns, At safepoint: 18759 ns, Total: 196942 ns
[2020-09-11T16:06:46.734+0000][1][safepoint    ] Safepoint "Cleanup", Time since last: 2000432244 ns, Reaching safepoint: 102774 ns, At safepoint: 14434 ns, Total: 117208 ns
[2020-09-11T16:06:50.735+0000][1][safepoint    ] Safepoint "Cleanup", Time since last: 4000632695 ns, Reaching safepoint: 110205 ns, At safepoint: 7442 ns, Total: 117647 ns
[2020-09-11T16:06:51.736+0000][1][safepoint    ] Safepoint "Cleanup", Time since last: 1000169692 ns, Reaching safepoint: 180004 ns, At safepoint: 18589 ns, Total: 198593 ns
[2020-09-11T16:06:53.745+0000][1][safepoint    ] Safepoint "Cleanup", Time since last: 2005211498 ns, Reaching safepoint: 4086259 ns, At safepoint: 16054 ns, Total: 4102313 ns
[2020-09-11T16:06:53.770+0000][1][safepoint    ] Safepoint "RevokeBias", Time since last: 24843908 ns, Reaching safepoint: 219022 ns, At safepoint: 227413 ns, Total: 446435 ns
[2020-09-11T16:06:53.789+0000][1][gc,start     ] GC(194) Pause Young (Allocation Failure)
[2020-09-11T16:06:53.789+0000][1][gc,task      ] GC(194) Using 1 workers of 1 for evacuation
[2020-09-11T16:06:53.803+0000][1][gc,age       ] GC(194) Desired survivor size 4358144 bytes, new threshold 6 (max threshold 6)
[2020-09-11T16:06:53.803+0000][1][gc,age       ] GC(194) Age table with threshold 6 (max threshold 6)
[2020-09-11T16:06:53.803+0000][1][gc,age       ] GC(194) - age   1:     510456 bytes,     510456 total
[2020-09-11T16:06:53.803+0000][1][gc,age       ] GC(194) - age   2:      53112 bytes,     563568 total
[2020-09-11T16:06:53.803+0000][1][gc,age       ] GC(194) - age   3:     307776 bytes,     871344 total
[2020-09-11T16:06:53.803+0000][1][gc,age       ] GC(194) - age   4:     124632 bytes,     995976 total
[2020-09-11T16:06:53.803+0000][1][gc,heap      ] GC(194) ParNew: 69851K->1139K(76672K)
[2020-09-11T16:06:53.803+0000][1][gc,heap      ] GC(194) CMS: 194963K->194963K(2011968K)
[2020-09-11T16:06:53.803+0000][1][gc,metaspace ] GC(194) Metaspace: 100846K->100846K(1142784K)
[2020-09-11T16:06:53.804+0000][1][gc           ] GC(194) Pause Young (Allocation Failure) 258M->191M(2039M) 14.562ms
[2020-09-11T16:06:53.804+0000][1][gc,cpu       ] GC(194) User=0.01s Sys=0.00s Real=0.02s
[2020-09-11T16:06:53.808+0000][1][safepoint    ] Safepoint "GenCollectForAllocation", Time since last: 18619217 ns, Reaching safepoint: 162602 ns, At safepoint: 18833703 ns, Total: 18996305 ns
[2020-09-11T16:06:54.824+0000][1][safepoint    ] Safepoint "Cleanup", Time since last: 1015604150 ns, Reaching safepoint: 185834 ns, At safepoint: 18502 ns, Total: 204336 ns
[2020-09-11T16:07:02.829+0000][1][safepoint    ] Safepoint "Cleanup", Time since last: 8004936510 ns, Reaching safepoint: 172389 ns, At safepoint: 18513 ns, Total: 190902 ns
[2020-09-11T16:07:03.844+0000][1][safepoint    ] Safepoint "RevokeBias", Time since last: 1014764638 ns, Reaching safepoint: 186963 ns, At safepoint: 20419 ns, Total: 207382 ns
[2020-09-11T16:07:04.844+0000][1][safepoint    ] Safepoint "Cleanup", Time since last: 1000198181 ns, Reaching safepoint: 176799 ns, At safepoint: 18994 ns, Total: 195793 ns
[2020-09-11T16:07:05.844+0000][1][safepoint    ] Safepoint "Cleanup", Time since last: 1000244705 ns, Reaching safepoint: 120029 ns, At safepoint: 6732 ns, Total: 126761 ns
[2020-09-11T16:07:06.845+0000][1][safepoint    ] Safepoint "Cleanup", Time since last: 1000188786 ns, Reaching safepoint: 126090 ns, At safepoint: 7009 ns, Total: 133099 ns
[2020-09-11T16:07:07.845+0000][1][safepoint    ] Safepoint "Cleanup", Time since last: 1000193176 ns, Reaching safepoint: 180682 ns, At safepoint: 18121 ns, Total: 198803 ns
[2020-09-11T16:07:08.846+0000][1][safepoint    ] Safepoint "Cleanup", Time since last: 1000221643 ns, Reaching safepoint: 138668 ns, At safepoint: 7803 ns, Total: 146471 ns
[2020-09-11T16:07:09.846+0000][1][safepoint    ] Safepoint "Cleanup", Time since last: 1000174117 ns, Reaching safepoint: 155211 ns, At safepoint: 7013 ns, Total: 162224 ns
[2020-09-11T16:07:12.516+0000][1][gc,start     ] GC(195) Pause Young (Allocation Failure)
[2020-09-11T16:07:12.516+0000][1][gc,task      ] GC(195) Using 1 workers of 1 for evacuation
[2020-09-11T16:07:12.530+0000][1][gc,age       ] GC(195) Desired survivor size 4358144 bytes, new threshold 6 (max threshold 6)
[2020-09-11T16:07:12.530+0000][1][gc,age       ] GC(195) Age table with threshold 6 (max threshold 6)
[2020-09-11T16:07:12.530+0000][1][gc,age       ] GC(195) - age   1:     218992 bytes,     218992 total
[2020-09-11T16:07:12.530+0000][1][gc,age       ] GC(195) - age   2:     141624 bytes,     360616 total
[2020-09-11T16:07:12.530+0000][1][gc,age       ] GC(195) - age   3:      39712 bytes,     400328 total
[2020-09-11T16:07:12.530+0000][1][gc,age       ] GC(195) - age   4:     306040 bytes,     706368 total
[2020-09-11T16:07:12.530+0000][1][gc,age       ] GC(195) - age   5:     118280 bytes,     824648 total
[2020-09-11T16:07:12.530+0000][1][gc,heap      ] GC(195) ParNew: 69299K->871K(76672K)
[2020-09-11T16:07:12.530+0000][1][gc,heap      ] GC(195) CMS: 194963K->194963K(2011968K)
[2020-09-11T16:07:12.530+0000][1][gc,metaspace ] GC(195) Metaspace: 100921K->100921K(1142784K)
[2020-09-11T16:07:12.530+0000][1][gc           ] GC(195) Pause Young (Allocation Failure) 258M->191M(2039M) 14.278ms
[2020-09-11T16:07:12.530+0000][1][gc,cpu       ] GC(195) User=0.02s Sys=0.00s Real=0.01s
[2020-09-11T16:07:12.530+0000][1][safepoint    ] Safepoint "GenCollectForAllocation", Time since last: 2669899553 ns, Reaching safepoint: 233374 ns, At safepoint: 14352268 ns, Total: 14585642 ns
[2020-09-11T16:07:13.533+0000][1][safepoint    ] Safepoint "Cleanup", Time since last: 1002934399 ns, Reaching safepoint: 135742 ns, At safepoint: 7133 ns, Total: 142875 ns
[2020-09-11T16:07:13.744+0000][1][safepoint    ] Safepoint "RevokeBias", Time since last: 209770222 ns, Reaching safepoint: 289100 ns, At safepoint: 258349 ns, Total: 547449 ns
[2020-09-11T16:07:14.728+0000][1][safepoint    ] Safepoint "ICBufferFull", Time since last: 983517733 ns, Reaching safepoint: 278803 ns, At safepoint: 8939 ns, Total: 287742 ns
[2020-09-11T16:07:15.728+0000][1][safepoint    ] Safepoint "Cleanup", Time since last: 1000199659 ns, Reaching safepoint: 231349 ns, At safepoint: 19738 ns, Total: 251087 ns
[2020-09-11T16:07:18.729+0000][1][safepoint    ] Safepoint "Cleanup", Time since last: 3000475950 ns, Reaching safepoint: 123067 ns, At safepoint: 7364 ns, Total: 130431 ns
[2020-09-11T16:07:20.729+0000][1][safepoint    ] Safepoint "Cleanup", Time since last: 2000374983 ns, Reaching safepoint: 191991 ns, At safepoint: 20655 ns, Total: 212646 ns
[2020-09-11T16:07:21.730+0000][1][safepoint    ] Safepoint "Cleanup", Time since last: 1000225882 ns, Reaching safepoint: 125368 ns, At safepoint: 7128 ns, Total: 132496 ns
[2020-09-11T16:07:23.730+0000][1][safepoint    ] Safepoint "Cleanup", Time since last: 2000388414 ns, Reaching safepoint: 228176 ns, At safepoint: 17598 ns, Total: 245774 ns
[2020-09-11T16:07:23.731+0000][1][safepoint    ] Safepoint "RevokeBias", Time since last: 121412 ns, Reaching safepoint: 172091 ns, At safepoint: 192593 ns, Total: 364684 ns
[2020-09-11T16:07:24.731+0000][1][safepoint    ] Safepoint "Cleanup", Time since last: 1000195719 ns, Reaching safepoint: 331184 ns, At safepoint: 18991 ns, Total: 350175 ns
[2020-09-11T16:07:31.732+0000][1][safepoint    ] Safepoint "Cleanup", Time since last: 7001012631 ns, Reaching safepoint: 197461 ns, At safepoint: 18726 ns, Total: 216187 ns
[2020-09-11T16:07:32.434+0000][1][gc,start     ] GC(196) Pause Young (Allocation Failure)
[2020-09-11T16:07:32.434+0000][1][gc,task      ] GC(196) Using 1 workers of 1 for evacuation
[2020-09-11T16:07:32.450+0000][1][gc,age       ] GC(196) Desired survivor size 4358144 bytes, new threshold 6 (max threshold 6)
[2020-09-11T16:07:32.450+0000][1][gc,age       ] GC(196) Age table with threshold 6 (max threshold 6)
[2020-09-11T16:07:32.450+0000][1][gc,age       ] GC(196) - age   1:     369464 bytes,     369464 total
[2020-09-11T16:07:32.450+0000][1][gc,age       ] GC(196) - age   2:      86632 bytes,     456096 total
[2020-09-11T16:07:32.450+0000][1][gc,age       ] GC(196) - age   3:     119432 bytes,     575528 total
[2020-09-11T16:07:32.450+0000][1][gc,age       ] GC(196) - age   4:      38736 bytes,     614264 total
[2020-09-11T16:07:32.450+0000][1][gc,age       ] GC(196) - age   5:     306040 bytes,     920304 total
[2020-09-11T16:07:32.450+0000][1][gc,age       ] GC(196) - age   6:     118280 bytes,    1038584 total
[2020-09-11T16:07:32.450+0000][1][gc,heap      ] GC(196) ParNew: 69031K->1643K(76672K)
[2020-09-11T16:07:32.450+0000][1][gc,heap      ] GC(196) CMS: 194963K->194963K(2011968K)
[2020-09-11T16:07:32.450+0000][1][gc,metaspace ] GC(196) Metaspace: 101133K->101133K(1142784K)
[2020-09-11T16:07:32.450+0000][1][gc           ] GC(196) Pause Young (Allocation Failure) 257M->191M(2039M) 15.744ms
[2020-09-11T16:07:32.450+0000][1][gc,cpu       ] GC(196) User=0.02s Sys=0.00s Real=0.01s
[2020-09-11T16:07:32.452+0000][1][safepoint    ] Safepoint "GenCollectForAllocation", Time since last: 701438536 ns, Reaching safepoint: 194087 ns, At safepoint: 17492516 ns, Total: 17686603 ns
[2020-09-11T16:07:32.519+0000][1][safepoint    ] Safepoint "RevokeBias", Time since last: 66813713 ns, Reaching safepoint: 104005 ns, At safepoint: 41843 ns, Total: 145848 ns
[2020-09-11T16:07:33.729+0000][1][safepoint    ] Safepoint "RevokeBias", Time since last: 1210293034 ns, Reaching safepoint: 191785 ns, At safepoint: 20774 ns, Total: 212559 ns
[2020-09-11T16:07:34.729+0000][1][safepoint    ] Safepoint "Cleanup", Time since last: 1000189936 ns, Reaching safepoint: 185206 ns, At safepoint: 21503 ns, Total: 206709 ns
[2020-09-11T16:07:37.730+0000][1][safepoint    ] Safepoint "Cleanup", Time since last: 3000499934 ns, Reaching safepoint: 116319 ns, At safepoint: 7684 ns, Total: 124003 ns
[2020-09-11T16:07:38.730+0000][1][safepoint    ] Safepoint "Cleanup", Time since last: 1000118536 ns, Reaching safepoint: 123493 ns, At safepoint: 9970 ns, Total: 133463 ns
[2020-09-11T16:07:39.731+0000][1][safepoint    ] Safepoint "Cleanup", Time since last: 1000163868 ns, Reaching safepoint: 130298 ns, At safepoint: 9392 ns, Total: 139690 ns
[2020-09-11T16:07:40.731+0000][1][safepoint    ] Safepoint "Cleanup", Time since last: 1000175061 ns, Reaching safepoint: 117796 ns, At safepoint: 7946 ns, Total: 125742 ns
[2020-09-11T16:07:42.731+0000][1][safepoint    ] Safepoint "Cleanup", Time since last: 2000305126 ns, Reaching safepoint: 130563 ns, At safepoint: 8638 ns, Total: 139201 ns
[2020-09-11T16:07:43.732+0000][1][safepoint    ] Safepoint "Cleanup", Time since last: 1000111696 ns, Reaching safepoint: 215321 ns, At safepoint: 7197 ns, Total: 222518 ns
[2020-09-11T16:07:43.741+0000][1][safepoint    ] Safepoint "RevokeBias", Time since last: 8649773 ns, Reaching safepoint: 247014 ns, At safepoint: 247895 ns, Total: 494909 ns
[2020-09-11T16:07:44.741+0000][1][safepoint    ] Safepoint "Cleanup", Time since last: 1000158210 ns, Reaching safepoint: 179629 ns, At safepoint: 19722 ns, Total: 199351 ns
[2020-09-11T16:07:45.742+0000][1][safepoint    ] Safepoint "Cleanup", Time since last: 1000194315 ns, Reaching safepoint: 185102 ns, At safepoint: 22105 ns, Total: 207207 ns
[2020-09-11T16:07:48.742+0000][1][safepoint    ] Safepoint "Cleanup", Time since last: 3000427905 ns, Reaching safepoint: 132213 ns, At safepoint: 8072 ns, Total: 140285 ns
[2020-09-11T16:07:51.743+0000][1][safepoint    ] Safepoint "Cleanup", Time since last: 3000367458 ns, Reaching safepoint: 104714 ns, At safepoint: 7362 ns, Total: 112076 ns
[2020-09-11T16:07:52.406+0000][1][gc,start     ] GC(197) Pause Young (Allocation Failure)
[2020-09-11T16:07:52.406+0000][1][gc,task      ] GC(197) Using 1 workers of 1 for evacuation
[2020-09-11T16:07:52.422+0000][1][gc,age       ] GC(197) Desired survivor size 4358144 bytes, new threshold 6 (max threshold 6)
[2020-09-11T16:07:52.422+0000][1][gc,age       ] GC(197) Age table with threshold 6 (max threshold 6)
[2020-09-11T16:07:52.422+0000][1][gc,age       ] GC(197) - age   1:     380608 bytes,     380608 total
[2020-09-11T16:07:52.422+0000][1][gc,age       ] GC(197) - age   2:     191912 bytes,     572520 total
[2020-09-11T16:07:52.422+0000][1][gc,age       ] GC(197) - age   3:      83144 bytes,     655664 total
[2020-09-11T16:07:52.422+0000][1][gc,age       ] GC(197) - age   4:      18736 bytes,     674400 total
[2020-09-11T16:07:52.422+0000][1][gc,age       ] GC(197) - age   5:      37560 bytes,     711960 total
[2020-09-11T16:07:52.422+0000][1][gc,age       ] GC(197) - age   6:     306040 bytes,    1018000 total
[2020-09-11T16:07:52.422+0000][1][gc,heap      ] GC(197) ParNew: 69803K->1932K(76672K)
[2020-09-11T16:07:52.422+0000][1][gc,heap      ] GC(197) CMS: 194963K->195080K(2011968K)
[2020-09-11T16:07:52.422+0000][1][gc,metaspace ] GC(197) Metaspace: 101183K->101183K(1142784K)
[2020-09-11T16:07:52.422+0000][1][gc           ] GC(197) Pause Young (Allocation Failure) 258M->192M(2039M) 15.762ms
[2020-09-11T16:07:52.422+0000][1][gc,cpu       ] GC(197) User=0.02s Sys=0.00s Real=0.02s
[2020-09-11T16:07:52.422+0000][1][safepoint    ] Safepoint "GenCollectForAllocation", Time since last: 663183670 ns, Reaching safepoint: 169507 ns, At safepoint: 15856533 ns, Total: 16026040 ns
[2020-09-11T16:07:53.747+0000][1][safepoint    ] Safepoint "RevokeBias", Time since last: 1324266650 ns, Reaching safepoint: 225896 ns, At safepoint: 198168 ns, Total: 424064 ns
[2020-09-11T16:07:54.747+0000][1][safepoint    ] Safepoint "Cleanup", Time since last: 1000164158 ns, Reaching safepoint: 130855 ns, At safepoint: 10676 ns, Total: 141531 ns
[2020-09-11T16:07:59.748+0000][1][safepoint    ] Safepoint "Cleanup", Time since last: 5000689253 ns, Reaching safepoint: 174307 ns, At safepoint: 18576 ns, Total: 192883 ns
[2020-09-11T16:08:00.748+0000][1][safepoint    ] Safepoint "Cleanup", Time since last: 1000252782 ns, Reaching safepoint: 118048 ns, At safepoint: 8698 ns, Total: 126746 ns
[2020-09-11T16:08:02.749+0000][1][safepoint    ] Safepoint "Cleanup", Time since last: 2000362862 ns, Reaching safepoint: 115366 ns, At safepoint: 9205 ns, Total: 124571 ns
[2020-09-11T16:08:03.725+0000][1][safepoint    ] Safepoint "RevokeBias", Time since last: 976164389 ns, Reaching safepoint: 218503 ns, At safepoint: 19882 ns, Total: 238385 ns
[2020-09-11T16:08:07.726+0000][1][safepoint    ] Safepoint "Cleanup", Time since last: 4000655770 ns, Reaching safepoint: 97760 ns, At safepoint: 7258 ns, Total: 105018 ns
[2020-09-11T16:08:08.726+0000][1][safepoint    ] Safepoint "Cleanup", Time since last: 1000197361 ns, Reaching safepoint: 109496 ns, At safepoint: 7587 ns, Total: 117083 ns
[2020-09-11T16:08:09.726+0000][1][safepoint    ] Safepoint "Cleanup", Time since last: 1000205643 ns, Reaching safepoint: 114875 ns, At safepoint: 8821 ns, Total: 123696 ns
[2020-09-11T16:08:10.727+0000][1][safepoint    ] Safepoint "Cleanup", Time since last: 1000178157 ns, Reaching safepoint: 163582 ns, At safepoint: 17734 ns, Total: 181316 ns
[2020-09-11T16:08:11.727+0000][1][safepoint    ] Safepoint "Cleanup", Time since last: 1000223585 ns, Reaching safepoint: 110521 ns, At safepoint: 7253 ns, Total: 117774 ns
[2020-09-11T16:08:12.727+0000][1][safepoint    ] Safepoint "Cleanup", Time since last: 1000154223 ns, Reaching safepoint: 120230 ns, At safepoint: 6472 ns, Total: 126702 ns
[2020-09-11T16:08:13.314+0000][1][gc,start     ] GC(198) Pause Young (Allocation Failure)
[2020-09-11T16:08:13.314+0000][1][gc,task      ] GC(198) Using 1 workers of 1 for evacuation
[2020-09-11T16:08:13.329+0000][1][gc,age       ] GC(198) Desired survivor size 4358144 bytes, new threshold 6 (max threshold 6)
[2020-09-11T16:08:13.329+0000][1][gc,age       ] GC(198) Age table with threshold 6 (max threshold 6)
[2020-09-11T16:08:13.329+0000][1][gc,age       ] GC(198) - age   1:     305896 bytes,     305896 total
[2020-09-11T16:08:13.329+0000][1][gc,age       ] GC(198) - age   2:      65600 bytes,     371496 total
[2020-09-11T16:08:13.329+0000][1][gc,age       ] GC(198) - age   3:     185304 bytes,     556800 total
[2020-09-11T16:08:13.329+0000][1][gc,age       ] GC(198) - age   4:      61920 bytes,     618720 total
[2020-09-11T16:08:13.329+0000][1][gc,age       ] GC(198) - age   5:      18704 bytes,     637424 total
[2020-09-11T16:08:13.329+0000][1][gc,age       ] GC(198) - age   6:      37560 bytes,     674984 total
[2020-09-11T16:08:13.329+0000][1][gc,heap      ] GC(198) ParNew: 70092K->1228K(76672K)
[2020-09-11T16:08:13.329+0000][1][gc,heap      ] GC(198) CMS: 195080K->195380K(2011968K)
[2020-09-11T16:08:13.329+0000][1][gc,metaspace ] GC(198) Metaspace: 101187K->101187K(1142784K)
[2020-09-11T16:08:13.329+0000][1][gc           ] GC(198) Pause Young (Allocation Failure) 258M->192M(2039M) 15.172ms
[2020-09-11T16:08:13.329+0000][1][gc,cpu       ] GC(198) User=0.02s Sys=0.00s Real=0.01s
[2020-09-11T16:08:13.329+0000][1][safepoint    ] Safepoint "GenCollectForAllocation", Time since last: 586464841 ns, Reaching safepoint: 220129 ns, At safepoint: 15239989 ns, Total: 15460118 ns
[2020-09-11T16:08:13.723+0000][1][safepoint    ] Safepoint "RevokeBias", Time since last: 393011538 ns, Reaching safepoint: 560449 ns, At safepoint: 22380 ns, Total: 582829 ns
[2020-09-11T16:08:14.723+0000][1][safepoint    ] Safepoint "Cleanup", Time since last: 1000140233 ns, Reaching safepoint: 178240 ns, At safepoint: 17186 ns, Total: 195426 ns
[2020-09-11T16:08:15.724+0000][1][safepoint    ] Safepoint "Cleanup", Time since last: 1000189237 ns, Reaching safepoint: 180228 ns, At safepoint: 15636 ns, Total: 195864 ns
[2020-09-11T16:08:16.724+0000][1][safepoint    ] Safepoint "Cleanup", Time since last: 1000183715 ns, Reaching safepoint: 167682 ns, At safepoint: 15733 ns, Total: 183415 ns
[2020-09-11T16:08:17.724+0000][1][safepoint    ] Safepoint "Cleanup", Time since last: 1000234407 ns, Reaching safepoint: 117144 ns, At safepoint: 7462 ns, Total: 124606 ns
[2020-09-11T16:08:18.725+0000][1][safepoint    ] Safepoint "Cleanup", Time since last: 1000178738 ns, Reaching safepoint: 169766 ns, At safepoint: 17701 ns, Total: 187467 ns
[2020-09-11T16:08:19.725+0000][1][safepoint    ] Safepoint "Cleanup", Time since last: 1000243280 ns, Reaching safepoint: 168527 ns, At safepoint: 17520 ns, Total: 186047 ns
[2020-09-11T16:08:20.726+0000][1][safepoint    ] Safepoint "Cleanup", Time since last: 1000227876 ns, Reaching safepoint: 215087 ns, At safepoint: 18446 ns, Total: 233533 ns
[2020-09-11T16:08:21.726+0000][1][safepoint    ] Safepoint "Cleanup", Time since last: 1000210130 ns, Reaching safepoint: 180739 ns, At safepoint: 18609 ns, Total: 199348 ns
[2020-09-11T16:08:22.726+0000][1][safepoint    ] Safepoint "Cleanup", Time since last: 1000241732 ns, Reaching safepoint: 166846 ns, At safepoint: 17848 ns, Total: 184694 ns
[2020-09-11T16:08:23.728+0000][1][safepoint    ] Safepoint "RevokeBias", Time since last: 1001021775 ns, Reaching safepoint: 246211 ns, At safepoint: 22936 ns, Total: 269147 ns
[2020-09-11T16:08:24.728+0000][1][safepoint    ] Safepoint "Cleanup", Time since last: 1000181057 ns, Reaching safepoint: 165066 ns, At safepoint: 18619 ns, Total: 183685 ns
[2020-09-11T16:08:25.729+0000][1][safepoint    ] Safepoint "Cleanup", Time since last: 1000220816 ns, Reaching safepoint: 168718 ns, At safepoint: 18395 ns, Total: 187113 ns
[2020-09-11T16:08:26.729+0000][1][safepoint    ] Safepoint "Cleanup", Time since last: 1000220734 ns, Reaching safepoint: 129424 ns, At safepoint: 6778 ns, Total: 136202 ns
[2020-09-11T16:08:27.729+0000][1][safepoint    ] Safepoint "Cleanup", Time since last: 1000197607 ns, Reaching safepoint: 165500 ns, At safepoint: 18312 ns, Total: 183812 ns
[2020-09-11T16:08:28.730+0000][1][safepoint    ] Safepoint "Cleanup", Time since last: 1000191581 ns, Reaching safepoint: 166148 ns, At safepoint: 19030 ns, Total: 185178 ns
[2020-09-11T16:08:29.730+0000][1][safepoint    ] Safepoint "Cleanup", Time since last: 1000242235 ns, Reaching safepoint: 163138 ns, At safepoint: 18395 ns, Total: 181533 ns
[2020-09-11T16:08:30.730+0000][1][safepoint    ] Safepoint "Cleanup", Time since last: 1000223726 ns, Reaching safepoint: 169343 ns, At safepoint: 18265 ns, Total: 187608 ns
[2020-09-11T16:08:31.731+0000][1][safepoint    ] Safepoint "Cleanup", Time since last: 1000219942 ns, Reaching safepoint: 162674 ns, At safepoint: 18004 ns, Total: 180678 ns
[2020-09-11T16:08:32.731+0000][1][safepoint    ] Safepoint "Cleanup", Time since last: 1000222863 ns, Reaching safepoint: 124626 ns, At safepoint: 7220 ns, Total: 131846 ns
[2020-09-11T16:08:33.326+0000][1][gc,start     ] GC(199) Pause Young (Allocation Failure)
[2020-09-11T16:08:33.326+0000][1][gc,task      ] GC(199) Using 1 workers of 1 for evacuation
[2020-09-11T16:08:33.340+0000][1][gc,age       ] GC(199) Desired survivor size 4358144 bytes, new threshold 6 (max threshold 6)
[2020-09-11T16:08:33.340+0000][1][gc,age       ] GC(199) Age table with threshold 6 (max threshold 6)
[2020-09-11T16:08:33.340+0000][1][gc,age       ] GC(199) - age   1:     300240 bytes,     300240 total
[2020-09-11T16:08:33.340+0000][1][gc,age       ] GC(199) - age   2:      47384 bytes,     347624 total
[2020-09-11T16:08:33.340+0000][1][gc,age       ] GC(199) - age   3:      45224 bytes,     392848 total
[2020-09-11T16:08:33.340+0000][1][gc,age       ] GC(199) - age   4:     183440 bytes,     576288 total
[2020-09-11T16:08:33.340+0000][1][gc,age       ] GC(199) - age   5:      61200 bytes,     637488 total
[2020-09-11T16:08:33.340+0000][1][gc,age       ] GC(199) - age   6:      18512 bytes,     656000 total
[2020-09-11T16:08:33.340+0000][1][gc,heap      ] GC(199) ParNew: 69388K->801K(76672K)
[2020-09-11T16:08:33.340+0000][1][gc,heap      ] GC(199) CMS: 195380K->195416K(2011968K)
[2020-09-11T16:08:33.340+0000][1][gc,metaspace ] GC(199) Metaspace: 101190K->101190K(1142784K)
[2020-09-11T16:08:33.340+0000][1][gc           ] GC(199) Pause Young (Allocation Failure) 258M->191M(2039M) 14.612ms
[2020-09-11T16:08:33.340+0000][1][gc,cpu       ] GC(199) User=0.02s Sys=0.00s Real=0.01s
[2020-09-11T16:08:33.340+0000][1][safepoint    ] Safepoint "GenCollectForAllocation", Time since last: 594105100 ns, Reaching safepoint: 294405 ns, At safepoint: 14737934 ns, Total: 15032339 ns
[2020-09-11T16:08:33.750+0000][1][safepoint    ] Safepoint "RevokeBias", Time since last: 409271850 ns, Reaching safepoint: 274223 ns, At safepoint: 279669 ns, Total: 553892 ns
[2020-09-11T16:08:34.751+0000][1][safepoint    ] Safepoint "Cleanup", Time since last: 1000197041 ns, Reaching safepoint: 195259 ns, At safepoint: 18272 ns, Total: 213531 ns
[2020-09-11T16:08:35.751+0000][1][safepoint    ] Safepoint "Cleanup", Time since last: 1000252589 ns, Reaching safepoint: 129541 ns, At safepoint: 6248 ns, Total: 135789 ns
[2020-09-11T16:08:36.751+0000][1][safepoint    ] Safepoint "Cleanup", Time since last: 1000184074 ns, Reaching safepoint: 117365 ns, At safepoint: 7672 ns, Total: 125037 ns
[2020-09-11T16:08:37.752+0000][1][safepoint    ] Safepoint "Cleanup", Time since last: 1000205826 ns, Reaching safepoint: 120163 ns, At safepoint: 7411 ns, Total: 127574 ns
[2020-09-11T16:08:38.752+0000][1][safepoint    ] Safepoint "Cleanup", Time since last: 1000205130 ns, Reaching safepoint: 114421 ns, At safepoint: 7648 ns, Total: 122069 ns
[2020-09-11T16:08:39.752+0000][1][safepoint    ] Safepoint "Cleanup", Time since last: 1000193025 ns, Reaching safepoint: 114198 ns, At safepoint: 7810 ns, Total: 122008 ns
[2020-09-11T16:08:40.753+0000][1][safepoint    ] Safepoint "Cleanup", Time since last: 1000158447 ns, Reaching safepoint: 127581 ns, At safepoint: 7036 ns, Total: 134617 ns
[2020-09-11T16:08:41.753+0000][1][safepoint    ] Safepoint "Cleanup", Time since last: 1000159374 ns, Reaching safepoint: 133927 ns, At safepoint: 6702 ns, Total: 140629 ns
[2020-09-11T16:08:42.753+0000][1][safepoint    ] Safepoint "Cleanup", Time since last: 1000192236 ns, Reaching safepoint: 119728 ns, At safepoint: 8840 ns, Total: 128568 ns
[2020-09-11T16:08:43.756+0000][1][safepoint    ] Safepoint "Cleanup", Time since last: 1002923306 ns, Reaching safepoint: 251758 ns, At safepoint: 10706 ns, Total: 262464 ns
[2020-09-11T16:08:43.758+0000][1][safepoint    ] Safepoint "RevokeBias", Time since last: 1061844 ns, Reaching safepoint: 225468 ns, At safepoint: 237445 ns, Total: 462913 ns
[2020-09-11T16:08:44.758+0000][1][safepoint    ] Safepoint "Cleanup", Time since last: 1000189906 ns, Reaching safepoint: 115623 ns, At safepoint: 7015 ns, Total: 122638 ns
[2020-09-11T16:08:45.759+0000][1][safepoint    ] Safepoint "Cleanup", Time since last: 1000189296 ns, Reaching safepoint: 163566 ns, At safepoint: 17780 ns, Total: 181346 ns
[2020-09-11T16:08:46.759+0000][1][safepoint    ] Safepoint "Cleanup", Time since last: 1000241190 ns, Reaching safepoint: 172687 ns, At safepoint: 20176 ns, Total: 192863 ns
[2020-09-11T16:08:47.759+0000][1][safepoint    ] Safepoint "Cleanup", Time since last: 1000246942 ns, Reaching safepoint: 164314 ns, At safepoint: 18222 ns, Total: 182536 ns
[2020-09-11T16:08:48.760+0000][1][safepoint    ] Safepoint "Cleanup", Time since last: 1000219514 ns, Reaching safepoint: 168694 ns, At safepoint: 17554 ns, Total: 186248 ns
[2020-09-11T16:08:49.760+0000][1][safepoint    ] Safepoint "Cleanup", Time since last: 1000213160 ns, Reaching safepoint: 163967 ns, At safepoint: 18251 ns, Total: 182218 ns
[2020-09-11T16:08:50.761+0000][1][safepoint    ] Safepoint "Cleanup", Time since last: 1000225758 ns, Reaching safepoint: 166663 ns, At safepoint: 18065 ns, Total: 184728 ns
[2020-09-11T16:08:51.761+0000][1][safepoint    ] Safepoint "Cleanup", Time since last: 1000173406 ns, Reaching safepoint: 208402 ns, At safepoint: 18098 ns, Total: 226500 ns
[2020-09-11T16:08:52.761+0000][1][safepoint    ] Safepoint "Cleanup", Time since last: 1000217014 ns, Reaching safepoint: 160379 ns, At safepoint: 17710 ns, Total: 178089 ns
[2020-09-11T16:08:53.665+0000][1][gc,start     ] GC(200) Pause Young (Allocation Failure)
[2020-09-11T16:08:53.665+0000][1][gc,task      ] GC(200) Using 1 workers of 1 for evacuation
[2020-09-11T16:08:53.682+0000][1][gc,age       ] GC(200) Desired survivor size 4358144 bytes, new threshold 6 (max threshold 6)
[2020-09-11T16:08:53.682+0000][1][gc,age       ] GC(200) Age table with threshold 6 (max threshold 6)
[2020-09-11T16:08:53.682+0000][1][gc,age       ] GC(200) - age   1:     318176 bytes,     318176 total
[2020-09-11T16:08:53.682+0000][1][gc,age       ] GC(200) - age   2:      34800 bytes,     352976 total
[2020-09-11T16:08:53.682+0000][1][gc,age       ] GC(200) - age   3:      43272 bytes,     396248 total
[2020-09-11T16:08:53.682+0000][1][gc,age       ] GC(200) - age   4:      43008 bytes,     439256 total
[2020-09-11T16:08:53.682+0000][1][gc,age       ] GC(200) - age   5:     178424 bytes,     617680 total
[2020-09-11T16:08:53.682+0000][1][gc,age       ] GC(200) - age   6:      61200 bytes,     678880 total
[2020-09-11T16:08:53.682+0000][1][gc,heap      ] GC(200) ParNew: 68961K->1161K(76672K)
[2020-09-11T16:08:53.682+0000][1][gc,heap      ] GC(200) CMS: 195416K->195434K(2011968K)
[2020-09-11T16:08:53.682+0000][1][gc,metaspace ] GC(200) Metaspace: 101194K->101194K(1142784K)
[2020-09-11T16:08:53.682+0000][1][gc           ] GC(200) Pause Young (Allocation Failure) 258M->191M(2039M) 16.725ms
[2020-09-11T16:08:53.682+0000][1][gc,cpu       ] GC(200) User=0.02s Sys=0.00s Real=0.02s
[2020-09-11T16:08:53.693+0000][1][safepoint    ] Safepoint "GenCollectForAllocation", Time since last: 901330216 ns, Reaching safepoint: 2195538 ns, At safepoint: 27914419 ns, Total: 30109957 ns
[2020-09-11T16:08:53.783+0000][1][safepoint    ] Safepoint "RevokeBias", Time since last: 89577637 ns, Reaching safepoint: 229088 ns, At safepoint: 22258 ns, Total: 251346 ns
[2020-09-11T16:08:54.921+0000][1][safepoint    ] Safepoint "Cleanup", Time since last: 1138193433 ns, Reaching safepoint: 321719 ns, At safepoint: 21760 ns, Total: 343479 ns
[2020-09-11T16:08:59.241+0000][1][safepoint    ] Safepoint "Cleanup", Time since last: 4319540406 ns, Reaching safepoint: 196494 ns, At safepoint: 21052 ns, Total: 217546 ns
[2020-09-11T16:09:00.241+0000][1][safepoint    ] Safepoint "Cleanup", Time since last: 1000152431 ns, Reaching safepoint: 131371 ns, At safepoint: 9335 ns, Total: 140706 ns
[2020-09-11T16:09:03.733+0000][1][safepoint    ] Safepoint "BulkRevokeBias", Time since last: 3491331746 ns, Reaching safepoint: 200514 ns, At safepoint: 319994 ns, Total: 520508 ns
[2020-09-11T16:09:03.772+0000][1][safepoint    ] Safepoint "RevokeBias", Time since last: 39000996 ns, Reaching safepoint: 209834 ns, At safepoint: 30237 ns, Total: 240071 ns
[2020-09-11T16:09:10.774+0000][1][safepoint    ] Safepoint "Cleanup", Time since last: 7001158425 ns, Reaching safepoint: 164605 ns, At safepoint: 18165 ns, Total: 182770 ns
[2020-09-11T16:09:12.776+0000][1][safepoint    ] Safepoint "Cleanup", Time since last: 2002333286 ns, Reaching safepoint: 108654 ns, At safepoint: 9810 ns, Total: 118464 ns
[2020-09-11T16:09:13.695+0000][1][gc,start     ] GC(201) Pause Young (Allocation Failure)
[2020-09-11T16:09:13.695+0000][1][gc,task      ] GC(201) Using 1 workers of 1 for evacuation
[2020-09-11T16:09:13.709+0000][1][gc,age       ] GC(201) Desired survivor size 4358144 bytes, new threshold 6 (max threshold 6)
[2020-09-11T16:09:13.709+0000][1][gc,age       ] GC(201) Age table with threshold 6 (max threshold 6)
[2020-09-11T16:09:13.709+0000][1][gc,age       ] GC(201) - age   1:     478656 bytes,     478656 total
[2020-09-11T16:09:13.709+0000][1][gc,age       ] GC(201) - age   2:     136016 bytes,     614672 total
[2020-09-11T16:09:13.709+0000][1][gc,age       ] GC(201) - age   3:      30416 bytes,     645088 total
[2020-09-11T16:09:13.709+0000][1][gc,age       ] GC(201) - age   4:      20872 bytes,     665960 total
[2020-09-11T16:09:13.709+0000][1][gc,age       ] GC(201) - age   5:      43008 bytes,     708968 total
[2020-09-11T16:09:13.709+0000][1][gc,age       ] GC(201) - age   6:     178392 bytes,     887360 total
[2020-09-11T16:09:13.709+0000][1][gc,heap      ] GC(201) ParNew: 69321K->1181K(76672K)
[2020-09-11T16:09:13.709+0000][1][gc,heap      ] GC(201) CMS: 195434K->195494K(2011968K)
[2020-09-11T16:09:13.709+0000][1][gc,metaspace ] GC(201) Metaspace: 101201K->101201K(1142784K)
[2020-09-11T16:09:13.710+0000][1][gc           ] GC(201) Pause Young (Allocation Failure) 258M->192M(2039M) 14.564ms
[2020-09-11T16:09:13.710+0000][1][gc,cpu       ] GC(201) User=0.02s Sys=0.00s Real=0.01s
[2020-09-11T16:09:13.710+0000][1][safepoint    ] Safepoint "GenCollectForAllocation", Time since last: 918541290 ns, Reaching safepoint: 207349 ns, At safepoint: 14645426 ns, Total: 14852775 ns
[2020-09-11T16:09:13.752+0000][1][safepoint    ] Safepoint "RevokeBias", Time since last: 41842804 ns, Reaching safepoint: 231023 ns, At safepoint: 22837 ns, Total: 253860 ns
[2020-09-11T16:09:14.752+0000][1][safepoint    ] Safepoint "Cleanup", Time since last: 1000162399 ns, Reaching safepoint: 129328 ns, At safepoint: 7507 ns, Total: 136835 ns
[2020-09-11T16:09:15.752+0000][1][safepoint    ] Safepoint "Cleanup", Time since last: 1000179021 ns, Reaching safepoint: 119910 ns, At safepoint: 7130 ns, Total: 127040 ns
[2020-09-11T16:09:18.753+0000][1][safepoint    ] Safepoint "Cleanup", Time since last: 3000450946 ns, Reaching safepoint: 151666 ns, At safepoint: 7318 ns, Total: 158984 ns
[2020-09-11T16:09:19.753+0000][1][safepoint    ] Safepoint "Cleanup", Time since last: 1000183466 ns, Reaching safepoint: 165463 ns, At safepoint: 17373 ns, Total: 182836 ns
[2020-09-11T16:09:20.754+0000][1][safepoint    ] Safepoint "Cleanup", Time since last: 1000237468 ns, Reaching safepoint: 115733 ns, At safepoint: 6949 ns, Total: 122682 ns
[2020-09-11T16:09:21.754+0000][1][safepoint    ] Safepoint "Cleanup", Time since last: 1000182824 ns, Reaching safepoint: 114981 ns, At safepoint: 7874 ns, Total: 122855 ns
[2020-09-11T16:09:22.754+0000][1][safepoint    ] Safepoint "Cleanup", Time since last: 1000163431 ns, Reaching safepoint: 213544 ns, At safepoint: 18586 ns, Total: 232130 ns
[2020-09-11T16:09:23.725+0000][1][safepoint    ] Safepoint "RevokeBias", Time since last: 969812818 ns, Reaching safepoint: 244088 ns, At safepoint: 268851 ns, Total: 512939 ns
[2020-09-11T16:09:24.725+0000][1][safepoint    ] Safepoint "Cleanup", Time since last: 1000188258 ns, Reaching safepoint: 180304 ns, At safepoint: 18309 ns, Total: 198613 ns
[2020-09-11T16:09:25.725+0000][1][safepoint    ] Safepoint "Cleanup", Time since last: 1000258303 ns, Reaching safepoint: 179402 ns, At safepoint: 17290 ns, Total: 196692 ns
[2020-09-11T16:09:26.726+0000][1][safepoint    ] Safepoint "Cleanup", Time since last: 1000217156 ns, Reaching safepoint: 163556 ns, At safepoint: 18426 ns, Total: 181982 ns
[2020-09-11T16:09:27.726+0000][1][safepoint    ] Safepoint "Cleanup", Time since last: 1000223781 ns, Reaching safepoint: 167374 ns, At safepoint: 17467 ns, Total: 184841 ns
[2020-09-11T16:09:28.727+0000][1][safepoint    ] Safepoint "Cleanup", Time since last: 1000211242 ns, Reaching safepoint: 121848 ns, At safepoint: 7141 ns, Total: 128989 ns
[2020-09-11T16:09:29.727+0000][1][safepoint    ] Safepoint "Cleanup", Time since last: 1000199007 ns, Reaching safepoint: 112069 ns, At safepoint: 6168 ns, Total: 118237 ns
[2020-09-11T16:09:30.727+0000][1][safepoint    ] Safepoint "Cleanup", Time since last: 1000181625 ns, Reaching safepoint: 111070 ns, At safepoint: 7403 ns, Total: 118473 ns
[2020-09-11T16:09:31.728+0000][1][safepoint    ] Safepoint "Cleanup", Time since last: 1000178013 ns, Reaching safepoint: 113122 ns, At safepoint: 6585 ns, Total: 119707 ns
[2020-09-11T16:09:32.728+0000][1][safepoint    ] Safepoint "Cleanup", Time since last: 1000187913 ns, Reaching safepoint: 159012 ns, At safepoint: 17995 ns, Total: 177007 ns
[2020-09-11T16:09:33.728+0000][1][safepoint    ] Safepoint "Cleanup", Time since last: 1000145908 ns, Reaching safepoint: 221607 ns, At safepoint: 9382 ns, Total: 230989 ns
[2020-09-11T16:09:33.744+0000][1][safepoint    ] Safepoint "RevokeBias", Time since last: 14751526 ns, Reaching safepoint: 284133 ns, At safepoint: 274849 ns, Total: 558982 ns
[2020-09-11T16:09:33.762+0000][1][gc,start     ] GC(202) Pause Young (Allocation Failure)
[2020-09-11T16:09:33.762+0000][1][gc,task      ] GC(202) Using 1 workers of 1 for evacuation
[2020-09-11T16:09:33.778+0000][1][gc,age       ] GC(202) Desired survivor size 4358144 bytes, new threshold 6 (max threshold 6)
[2020-09-11T16:09:33.778+0000][1][gc,age       ] GC(202) Age table with threshold 6 (max threshold 6)
[2020-09-11T16:09:33.778+0000][1][gc,age       ] GC(202) - age   1:     516472 bytes,     516472 total
[2020-09-11T16:09:33.778+0000][1][gc,age       ] GC(202) - age   2:      89840 bytes,     606312 total
[2020-09-11T16:09:33.778+0000][1][gc,age       ] GC(202) - age   3:      90080 bytes,     696392 total
[2020-09-11T16:09:33.778+0000][1][gc,age       ] GC(202) - age   4:      28640 bytes,     725032 total
[2020-09-11T16:09:33.778+0000][1][gc,age       ] GC(202) - age   5:      20576 bytes,     745608 total
[2020-09-11T16:09:33.778+0000][1][gc,age       ] GC(202) - age   6:      38896 bytes,     784504 total
[2020-09-11T16:09:33.778+0000][1][gc,heap      ] GC(202) ParNew: 69341K->1496K(76672K)
[2020-09-11T16:09:33.778+0000][1][gc,heap      ] GC(202) CMS: 195494K->195670K(2011968K)
[2020-09-11T16:09:33.778+0000][1][gc,metaspace ] GC(202) Metaspace: 101203K->101203K(1142784K)
[2020-09-11T16:09:33.778+0000][1][gc           ] GC(202) Pause Young (Allocation Failure) 258M->192M(2039M) 16.181ms
[2020-09-11T16:09:33.778+0000][1][gc,cpu       ] GC(202) User=0.02s Sys=0.00s Real=0.01s
[2020-09-11T16:09:33.785+0000][1][safepoint    ] Safepoint "GenCollectForAllocation", Time since last: 18405248 ns, Reaching safepoint: 208512 ns, At safepoint: 22557459 ns, Total: 22765971 ns
[2020-09-11T16:09:34.796+0000][1][safepoint    ] Safepoint "Cleanup", Time since last: 1010729432 ns, Reaching safepoint: 185657 ns, At safepoint: 18525 ns, Total: 204182 ns
[2020-09-11T16:09:35.796+0000][1][safepoint    ] Safepoint "Cleanup", Time since last: 1000237083 ns, Reaching safepoint: 112564 ns, At safepoint: 6345 ns, Total: 118909 ns
[2020-09-11T16:09:36.796+0000][1][safepoint    ] Safepoint "Cleanup", Time since last: 1000222962 ns, Reaching safepoint: 116958 ns, At safepoint: 7054 ns, Total: 124012 ns
[2020-09-11T16:09:37.797+0000][1][safepoint    ] Safepoint "Cleanup", Time since last: 1000173911 ns, Reaching safepoint: 111024 ns, At safepoint: 6572 ns, Total: 117596 ns
[2020-09-11T16:09:38.797+0000][1][safepoint    ] Safepoint "Cleanup", Time since last: 1000276557 ns, Reaching safepoint: 162761 ns, At safepoint: 18132 ns, Total: 180893 ns
[2020-09-11T16:09:39.798+0000][1][safepoint    ] Safepoint "Cleanup", Time since last: 1000230240 ns, Reaching safepoint: 131970 ns, At safepoint: 7053 ns, Total: 139023 ns
[2020-09-11T16:09:40.798+0000][1][safepoint    ] Safepoint "Cleanup", Time since last: 1000205401 ns, Reaching safepoint: 117238 ns, At safepoint: 9010 ns, Total: 126248 ns
[2020-09-11T16:09:41.798+0000][1][safepoint    ] Safepoint "Cleanup", Time since last: 1000185366 ns, Reaching safepoint: 101539 ns, At safepoint: 6779 ns, Total: 108318 ns
[2020-09-11T16:09:42.798+0000][1][safepoint    ] Safepoint "Cleanup", Time since last: 1000145967 ns, Reaching safepoint: 135220 ns, At safepoint: 6093 ns, Total: 141313 ns
[2020-09-11T16:09:43.759+0000][1][safepoint    ] Safepoint "RevokeBias", Time since last: 960020503 ns, Reaching safepoint: 229507 ns, At safepoint: 21796 ns, Total: 251303 ns
[2020-09-11T16:09:44.759+0000][1][safepoint    ] Safepoint "Cleanup", Time since last: 1000173049 ns, Reaching safepoint: 158871 ns, At safepoint: 18643 ns, Total: 177514 ns
[2020-09-11T16:09:45.760+0000][1][safepoint    ] Safepoint "Cleanup", Time since last: 1000317719 ns, Reaching safepoint: 165340 ns, At safepoint: 17601 ns, Total: 182941 ns
[2020-09-11T16:09:46.760+0000][1][safepoint    ] Safepoint "Cleanup", Time since last: 1000225740 ns, Reaching safepoint: 114179 ns, At safepoint: 7518 ns, Total: 121697 ns
[2020-09-11T16:09:47.760+0000][1][safepoint    ] Safepoint "Cleanup", Time since last: 1000146194 ns, Reaching safepoint: 153566 ns, At safepoint: 16418 ns, Total: 169984 ns
[2020-09-11T16:09:48.761+0000][1][safepoint    ] Safepoint "Cleanup", Time since last: 1000245070 ns, Reaching safepoint: 117607 ns, At safepoint: 7054 ns, Total: 124661 ns
[2020-09-11T16:09:49.761+0000][1][safepoint    ] Safepoint "Cleanup", Time since last: 1000204190 ns, Reaching safepoint: 169603 ns, At safepoint: 19883 ns, Total: 189486 ns
[2020-09-11T16:09:50.761+0000][1][safepoint    ] Safepoint "Cleanup", Time since last: 1000228048 ns, Reaching safepoint: 153546 ns, At safepoint: 17808 ns, Total: 171354 ns
[2020-09-11T16:09:51.762+0000][1][safepoint    ] Safepoint "Cleanup", Time since last: 1000190688 ns, Reaching safepoint: 160786 ns, At safepoint: 17844 ns, Total: 178630 ns
[2020-09-11T16:09:52.762+0000][1][safepoint    ] Safepoint "Cleanup", Time since last: 1000210022 ns, Reaching safepoint: 195489 ns, At safepoint: 17998 ns, Total: 213487 ns
[2020-09-11T16:09:53.756+0000][1][safepoint    ] Safepoint "RevokeBias", Time since last: 993805801 ns, Reaching safepoint: 238531 ns, At safepoint: 20694 ns, Total: 259225 ns
[2020-09-11T16:09:53.813+0000][1][gc,start     ] GC(203) Pause Young (Allocation Failure)
[2020-09-11T16:09:53.813+0000][1][gc,task      ] GC(203) Using 1 workers of 1 for evacuation
[2020-09-11T16:09:53.828+0000][1][gc,age       ] GC(203) Desired survivor size 4358144 bytes, new threshold 6 (max threshold 6)
[2020-09-11T16:09:53.828+0000][1][gc,age       ] GC(203) Age table with threshold 6 (max threshold 6)
[2020-09-11T16:09:53.828+0000][1][gc,age       ] GC(203) - age   1:     791304 bytes,     791304 total
[2020-09-11T16:09:53.828+0000][1][gc,age       ] GC(203) - age   2:     127464 bytes,     918768 total
[2020-09-11T16:09:53.828+0000][1][gc,age       ] GC(203) - age   3:      57312 bytes,     976080 total
[2020-09-11T16:09:53.828+0000][1][gc,age       ] GC(203) - age   4:      87552 bytes,    1063632 total
[2020-09-11T16:09:53.828+0000][1][gc,age       ] GC(203) - age   5:      28600 bytes,    1092232 total
[2020-09-11T16:09:53.828+0000][1][gc,age       ] GC(203) - age   6:      20576 bytes,    1112808 total
[2020-09-11T16:09:53.828+0000][1][gc,heap      ] GC(203) ParNew: 69656K->1423K(76672K)
[2020-09-11T16:09:53.828+0000][1][gc,heap      ] GC(203) CMS: 195670K->195709K(2011968K)
[2020-09-11T16:09:53.828+0000][1][gc,metaspace ] GC(203) Metaspace: 101204K->101204K(1142784K)
[2020-09-11T16:09:53.828+0000][1][gc           ] GC(203) Pause Young (Allocation Failure) 259M->192M(2039M) 15.246ms
[2020-09-11T16:09:53.828+0000][1][gc,cpu       ] GC(203) User=0.02s Sys=0.00s Real=0.01s
[2020-09-11T16:09:53.833+0000][1][safepoint    ] Safepoint "GenCollectForAllocation", Time since last: 56577769 ns, Reaching safepoint: 164739 ns, At safepoint: 19783561 ns, Total: 19948300 ns
[2020-09-11T16:09:54.836+0000][1][safepoint    ] Safepoint "Cleanup", Time since last: 1003469391 ns, Reaching safepoint: 108462 ns, At safepoint: 8401 ns, Total: 116863 ns
[2020-09-11T16:09:55.837+0000][1][safepoint    ] Safepoint "Cleanup", Time since last: 1000177253 ns, Reaching safepoint: 115564 ns, At safepoint: 6821 ns, Total: 122385 ns
[2020-09-11T16:09:56.837+0000][1][safepoint    ] Safepoint "Cleanup", Time since last: 1000196784 ns, Reaching safepoint: 178263 ns, At safepoint: 19742 ns, Total: 198005 ns
[2020-09-11T16:09:57.837+0000][1][safepoint    ] Safepoint "Cleanup", Time since last: 1000215009 ns, Reaching safepoint: 122399 ns, At safepoint: 6733 ns, Total: 129132 ns
[2020-09-11T16:09:58.838+0000][1][safepoint    ] Safepoint "Cleanup", Time since last: 1000171351 ns, Reaching safepoint: 153088 ns, At safepoint: 17815 ns, Total: 170903 ns
[2020-09-11T16:09:59.838+0000][1][safepoint    ] Safepoint "Cleanup", Time since last: 1000203895 ns, Reaching safepoint: 97841 ns, At safepoint: 6123 ns, Total: 103964 ns
[2020-09-11T16:10:00.838+0000][1][safepoint    ] Safepoint "Cleanup", Time since last: 1000168943 ns, Reaching safepoint: 171811 ns, At safepoint: 20470 ns, Total: 192281 ns
[2020-09-11T16:10:01.839+0000][1][safepoint    ] Safepoint "Cleanup", Time since last: 1000219212 ns, Reaching safepoint: 162751 ns, At safepoint: 18308 ns, Total: 181059 ns
[2020-09-11T16:10:02.839+0000][1][safepoint    ] Safepoint "Cleanup", Time since last: 1000247564 ns, Reaching safepoint: 108940 ns, At safepoint: 26376 ns, Total: 135316 ns
[2020-09-11T16:10:03.731+0000][1][safepoint    ] Safepoint "RevokeBias", Time since last: 891700528 ns, Reaching safepoint: 284128 ns, At safepoint: 21517 ns, Total: 305645 ns
[2020-09-11T16:10:04.732+0000][1][safepoint    ] Safepoint "Cleanup", Time since last: 1000133588 ns, Reaching safepoint: 162456 ns, At safepoint: 15095 ns, Total: 177551 ns
[2020-09-11T16:10:05.732+0000][1][safepoint    ] Safepoint "Cleanup", Time since last: 1000237995 ns, Reaching safepoint: 113587 ns, At safepoint: 7166 ns, Total: 120753 ns
[2020-09-11T16:10:06.732+0000][1][safepoint    ] Safepoint "Cleanup", Time since last: 1000165039 ns, Reaching safepoint: 158144 ns, At safepoint: 17750 ns, Total: 175894 ns
[2020-09-11T16:10:07.733+0000][1][safepoint    ] Safepoint "Cleanup", Time since last: 1000169731 ns, Reaching safepoint: 264481 ns, At safepoint: 19451 ns, Total: 283932 ns
[2020-09-11T16:10:08.733+0000][1][safepoint    ] Safepoint "Cleanup", Time since last: 1000269819 ns, Reaching safepoint: 161404 ns, At safepoint: 18425 ns, Total: 179829 ns
[2020-09-11T16:10:13.743+0000][1][safepoint    ] Safepoint "RevokeBias", Time since last: 5009072230 ns, Reaching safepoint: 410411 ns, At safepoint: 19836 ns, Total: 430247 ns
[2020-09-11T16:10:13.805+0000][1][gc,start     ] GC(204) Pause Young (Allocation Failure)
[2020-09-11T16:10:13.805+0000][1][gc,task      ] GC(204) Using 1 workers of 1 for evacuation
[2020-09-11T16:10:13.820+0000][1][gc,age       ] GC(204) Desired survivor size 4358144 bytes, new threshold 6 (max threshold 6)
[2020-09-11T16:10:13.820+0000][1][gc,age       ] GC(204) Age table with threshold 6 (max threshold 6)
[2020-09-11T16:10:13.820+0000][1][gc,age       ] GC(204) - age   1:     868288 bytes,     868288 total
[2020-09-11T16:10:13.820+0000][1][gc,age       ] GC(204) - age   2:      76056 bytes,     944344 total
[2020-09-11T16:10:13.820+0000][1][gc,age       ] GC(204) - age   3:      32992 bytes,     977336 total
[2020-09-11T16:10:13.820+0000][1][gc,age       ] GC(204) - age   4:      29312 bytes,    1006648 total
[2020-09-11T16:10:13.820+0000][1][gc,age       ] GC(204) - age   5:      87552 bytes,    1094200 total
[2020-09-11T16:10:13.820+0000][1][gc,age       ] GC(204) - age   6:      28568 bytes,    1122768 total
[2020-09-11T16:10:13.820+0000][1][gc,heap      ] GC(204) ParNew: 69583K->1867K(76672K)
[2020-09-11T16:10:13.820+0000][1][gc,heap      ] GC(204) CMS: 195709K->195729K(2011968K)
[2020-09-11T16:10:13.820+0000][1][gc,metaspace ] GC(204) Metaspace: 101270K->101270K(1142784K)
[2020-09-11T16:10:13.820+0000][1][gc           ] GC(204) Pause Young (Allocation Failure) 259M->192M(2039M) 15.320ms
[2020-09-11T16:10:13.820+0000][1][gc,cpu       ] GC(204) User=0.02s Sys=0.00s Real=0.01s
[2020-09-11T16:10:13.825+0000][1][safepoint    ] Safepoint "GenCollectForAllocation", Time since last: 62160453 ns, Reaching safepoint: 230060 ns, At safepoint: 19770721 ns, Total: 20000781 ns
[2020-09-11T16:10:23.778+0000][1][safepoint    ] Safepoint "RevokeBias", Time since last: 9952849772 ns, Reaching safepoint: 356206 ns, At safepoint: 25221 ns, Total: 381427 ns
[2020-09-11T16:10:24.778+0000][1][safepoint    ] Safepoint "Cleanup", Time since last: 1000183372 ns, Reaching safepoint: 169931 ns, At safepoint: 18238 ns, Total: 188169 ns
[2020-09-11T16:10:29.779+0000][1][safepoint    ] Safepoint "Cleanup", Time since last: 5000798224 ns, Reaching safepoint: 165199 ns, At safepoint: 17353 ns, Total: 182552 ns
[2020-09-11T16:10:33.730+0000][1][safepoint    ] Safepoint "RevokeBias", Time since last: 3949965697 ns, Reaching safepoint: 224991 ns, At safepoint: 20840 ns, Total: 245831 ns
[2020-09-11T16:10:34.730+0000][1][safepoint    ] Safepoint "Cleanup", Time since last: 1000116569 ns, Reaching safepoint: 96633 ns, At safepoint: 7588 ns, Total: 104221 ns
[2020-09-11T16:10:35.730+0000][1][safepoint    ] Safepoint "Cleanup", Time since last: 1000182028 ns, Reaching safepoint: 165420 ns, At safepoint: 18432 ns, Total: 183852 ns
[2020-09-11T16:10:36.730+0000][1][safepoint    ] Safepoint "Cleanup", Time since last: 1000190674 ns, Reaching safepoint: 81618 ns, At safepoint: 7624 ns, Total: 89242 ns
[2020-09-11T16:10:37.731+0000][1][safepoint    ] Safepoint "Cleanup", Time since last: 1000147533 ns, Reaching safepoint: 167334 ns, At safepoint: 17878 ns, Total: 185212 ns
[2020-09-11T16:10:37.769+0000][1][gc,start     ] GC(205) Pause Young (Allocation Failure)
[2020-09-11T16:10:37.769+0000][1][gc,task      ] GC(205) Using 1 workers of 1 for evacuation
[2020-09-11T16:10:37.785+0000][1][gc,age       ] GC(205) Desired survivor size 4358144 bytes, new threshold 6 (max threshold 6)
[2020-09-11T16:10:37.813+0000][1][gc,age       ] GC(205) Age table with threshold 6 (max threshold 6)
[2020-09-11T16:10:37.813+0000][1][gc,age       ] GC(205) - age   1:     294032 bytes,     294032 total
[2020-09-11T16:10:37.813+0000][1][gc,age       ] GC(205) - age   2:      97800 bytes,     391832 total
[2020-09-11T16:10:37.813+0000][1][gc,age       ] GC(205) - age   3:      54256 bytes,     446088 total
[2020-09-11T16:10:37.813+0000][1][gc,age       ] GC(205) - age   4:      29776 bytes,     475864 total
[2020-09-11T16:10:37.813+0000][1][gc,age       ] GC(205) - age   5:      29312 bytes,     505176 total
[2020-09-11T16:10:37.813+0000][1][gc,age       ] GC(205) - age   6:      87552 bytes,     592728 total
[2020-09-11T16:10:37.813+0000][1][gc,heap      ] GC(205) ParNew: 70027K->644K(76672K)
[2020-09-11T16:10:37.813+0000][1][gc,heap      ] GC(205) CMS: 195729K->195757K(2011968K)
[2020-09-11T16:10:37.813+0000][1][gc,metaspace ] GC(205) Metaspace: 101272K->101272K(1142784K)
[2020-09-11T16:10:37.813+0000][1][gc           ] GC(205) Pause Young (Allocation Failure) 259M->191M(2039M) 44.340ms
[2020-09-11T16:10:37.813+0000][1][gc,cpu       ] GC(205) User=0.01s Sys=0.00s Real=0.05s
[2020-09-11T16:10:37.813+0000][1][safepoint    ] Safepoint "GenCollectForAllocation", Time since last: 37701983 ns, Reaching safepoint: 327623 ns, At safepoint: 44561924 ns, Total: 44889547 ns
[2020-09-11T16:10:38.820+0000][1][safepoint    ] Safepoint "Cleanup", Time since last: 1006377058 ns, Reaching safepoint: 163810 ns, At safepoint: 16986 ns, Total: 180796 ns
[2020-09-11T16:10:39.820+0000][1][safepoint    ] Safepoint "Cleanup", Time since last: 1000215348 ns, Reaching safepoint: 160538 ns, At safepoint: 32304 ns, Total: 192842 ns
[2020-09-11T16:10:40.821+0000][1][safepoint    ] Safepoint "Cleanup", Time since last: 1000176309 ns, Reaching safepoint: 162376 ns, At safepoint: 17267 ns, Total: 179643 ns
[2020-09-11T16:10:41.821+0000][1][safepoint    ] Safepoint "Cleanup", Time since last: 1000239974 ns, Reaching safepoint: 159924 ns, At safepoint: 41528 ns, Total: 201452 ns
[2020-09-11T16:10:42.822+0000][1][safepoint    ] Safepoint "Cleanup", Time since last: 1000214473 ns, Reaching safepoint: 162837 ns, At safepoint: 18242 ns, Total: 181079 ns
[2020-09-11T16:10:43.734+0000][1][safepoint    ] Safepoint "RevokeBias", Time since last: 912478481 ns, Reaching safepoint: 348960 ns, At safepoint: 20964 ns, Total: 369924 ns
[2020-09-11T16:10:44.735+0000][1][safepoint    ] Safepoint "Cleanup", Time since last: 1000176423 ns, Reaching safepoint: 173362 ns, At safepoint: 18091 ns, Total: 191453 ns
[2020-09-11T16:10:45.735+0000][1][safepoint    ] Safepoint "Cleanup", Time since last: 1000229690 ns, Reaching safepoint: 103960 ns, At safepoint: 6992 ns, Total: 110952 ns
[2020-09-11T16:10:46.735+0000][1][safepoint    ] Safepoint "Cleanup", Time since last: 1000176070 ns, Reaching safepoint: 159295 ns, At safepoint: 17350 ns, Total: 176645 ns
[2020-09-11T16:10:47.736+0000][1][safepoint    ] Safepoint "Cleanup", Time since last: 1000245285 ns, Reaching safepoint: 157227 ns, At safepoint: 17060 ns, Total: 174287 ns
[2020-09-11T16:10:48.736+0000][1][safepoint    ] Safepoint "Cleanup", Time since last: 1000236378 ns, Reaching safepoint: 110102 ns, At safepoint: 7267 ns, Total: 117369 ns
[2020-09-11T16:10:49.737+0000][1][safepoint    ] Safepoint "Cleanup", Time since last: 1000171417 ns, Reaching safepoint: 338417 ns, At safepoint: 8284 ns, Total: 346701 ns
[2020-09-11T16:10:50.737+0000][1][safepoint    ] Safepoint "Cleanup", Time since last: 1000236252 ns, Reaching safepoint: 129434 ns, At safepoint: 6829 ns, Total: 136263 ns
[2020-09-11T16:10:51.737+0000][1][safepoint    ] Safepoint "Cleanup", Time since last: 1000140031 ns, Reaching safepoint: 136150 ns, At safepoint: 7294 ns, Total: 143444 ns
[2020-09-11T16:10:52.738+0000][1][safepoint    ] Safepoint "Cleanup", Time since last: 1000138199 ns, Reaching safepoint: 169018 ns, At safepoint: 17574 ns, Total: 186592 ns
[2020-09-11T16:10:53.738+0000][1][safepoint    ] Safepoint "Cleanup", Time since last: 1000148197 ns, Reaching safepoint: 181329 ns, At safepoint: 10233 ns, Total: 191562 ns
[2020-09-11T16:10:53.789+0000][1][safepoint    ] Safepoint "RevokeBias", Time since last: 47290197 ns, Reaching safepoint: 3564904 ns, At safepoint: 30358 ns, Total: 3595262 ns
[2020-09-11T16:10:54.165+0000][1][safepoint    ] Safepoint "RevokeBias", Time since last: 375502105 ns, Reaching safepoint: 200236 ns, At safepoint: 30060 ns, Total: 230296 ns
[2020-09-11T16:10:54.283+0000][1][safepoint    ] Safepoint "RevokeBias", Time since last: 118521025 ns, Reaching safepoint: 173860 ns, At safepoint: 23921 ns, Total: 197781 ns
[2020-09-11T16:10:54.306+0000][1][gc,start     ] GC(206) Pause Young (Allocation Failure)
[2020-09-11T16:10:54.306+0000][1][gc,task      ] GC(206) Using 1 workers of 1 for evacuation
[2020-09-11T16:10:54.343+0000][1][gc,age       ] GC(206) Desired survivor size 4358144 bytes, new threshold 6 (max threshold 6)
[2020-09-11T16:10:54.343+0000][1][gc,age       ] GC(206) Age table with threshold 6 (max threshold 6)
[2020-09-11T16:10:54.343+0000][1][gc,age       ] GC(206) - age   1:     209608 bytes,     209608 total
[2020-09-11T16:10:54.343+0000][1][gc,age       ] GC(206) - age   2:     203712 bytes,     413320 total
[2020-09-11T16:10:54.343+0000][1][gc,age       ] GC(206) - age   3:      56968 bytes,     470288 total
[2020-09-11T16:10:54.343+0000][1][gc,age       ] GC(206) - age   4:      53096 bytes,     523384 total
[2020-09-11T16:10:54.343+0000][1][gc,age       ] GC(206) - age   5:      29736 bytes,     553120 total
[2020-09-11T16:10:54.343+0000][1][gc,age       ] GC(206) - age   6:      29312 bytes,     582432 total
[2020-09-11T16:10:54.343+0000][1][gc,heap      ] GC(206) ParNew: 68804K->595K(76672K)
[2020-09-11T16:10:54.343+0000][1][gc,heap      ] GC(206) CMS: 195757K->195842K(2011968K)
[2020-09-11T16:10:54.343+0000][1][gc,metaspace ] GC(206) Metaspace: 101308K->101308K(1142784K)
[2020-09-11T16:10:54.343+0000][1][gc           ] GC(206) Pause Young (Allocation Failure) 258M->191M(2039M) 37.265ms
[2020-09-11T16:10:54.343+0000][1][gc,cpu       ] GC(206) User=0.02s Sys=0.00s Real=0.04s
[2020-09-11T16:10:54.357+0000][1][safepoint    ] Safepoint "GenCollectForAllocation", Time since last: 22414311 ns, Reaching safepoint: 163647 ns, At safepoint: 50844568 ns, Total: 51008215 ns
[2020-09-11T16:10:54.379+0000][1][safepoint    ] Safepoint "RevokeBias", Time since last: 22153075 ns, Reaching safepoint: 158513 ns, At safepoint: 21660 ns, Total: 180173 ns
[2020-09-11T16:10:54.379+0000][1][safepoint    ] Safepoint "RevokeBias", Time since last: 152772 ns, Reaching safepoint: 59574 ns, At safepoint: 14335 ns, Total: 73909 ns
[2020-09-11T16:10:55.380+0000][1][safepoint    ] Safepoint "Cleanup", Time since last: 1000162555 ns, Reaching safepoint: 116415 ns, At safepoint: 8211 ns, Total: 124626 ns
[2020-09-11T16:10:56.380+0000][1][safepoint    ] Safepoint "Cleanup", Time since last: 1000189663 ns, Reaching safepoint: 136208 ns, At safepoint: 8593 ns, Total: 144801 ns
[2020-09-11T16:10:57.380+0000][1][safepoint    ] Safepoint "Cleanup", Time since last: 1000172674 ns, Reaching safepoint: 116688 ns, At safepoint: 8641 ns, Total: 125329 ns
[2020-09-11T16:10:58.381+0000][1][safepoint    ] Safepoint "Cleanup", Time since last: 1000144574 ns, Reaching safepoint: 130534 ns, At safepoint: 8802 ns, Total: 139336 ns
[2020-09-11T16:10:59.381+0000][1][safepoint    ] Safepoint "Cleanup", Time since last: 1000137710 ns, Reaching safepoint: 382508 ns, At safepoint: 7782 ns, Total: 390290 ns
[2020-09-11T16:11:00.381+0000][1][safepoint    ] Safepoint "Cleanup", Time since last: 1000162978 ns, Reaching safepoint: 117843 ns, At safepoint: 6600 ns, Total: 124443 ns
[2020-09-11T16:11:01.382+0000][1][safepoint    ] Safepoint "Cleanup", Time since last: 1000180465 ns, Reaching safepoint: 112578 ns, At safepoint: 7837 ns, Total: 120415 ns
[2020-09-11T16:11:02.382+0000][1][safepoint    ] Safepoint "Cleanup", Time since last: 1000178540 ns, Reaching safepoint: 115719 ns, At safepoint: 9063 ns, Total: 124782 ns
[2020-09-11T16:11:03.382+0000][1][safepoint    ] Safepoint "Cleanup", Time since last: 1000241340 ns, Reaching safepoint: 164357 ns, At safepoint: 19147 ns, Total: 183504 ns
[2020-09-11T16:11:03.730+0000][1][safepoint    ] Safepoint "RevokeBias", Time since last: 347652882 ns, Reaching safepoint: 214174 ns, At safepoint: 23446 ns, Total: 237620 ns
[2020-09-11T16:11:04.731+0000][1][safepoint    ] Safepoint "Cleanup", Time since last: 1000125255 ns, Reaching safepoint: 95655 ns, At safepoint: 10992 ns, Total: 106647 ns
[2020-09-11T16:11:05.731+0000][1][safepoint    ] Safepoint "Cleanup", Time since last: 1000189849 ns, Reaching safepoint: 159747 ns, At safepoint: 18449 ns, Total: 178196 ns
[2020-09-11T16:11:06.731+0000][1][safepoint    ] Safepoint "Cleanup", Time since last: 1000217669 ns, Reaching safepoint: 133424 ns, At safepoint: 7455 ns, Total: 140879 ns
[2020-09-11T16:11:07.732+0000][1][safepoint    ] Safepoint "Cleanup", Time since last: 1000166055 ns, Reaching safepoint: 164491 ns, At safepoint: 17717 ns, Total: 182208 ns
[2020-09-11T16:11:08.732+0000][1][safepoint    ] Safepoint "Cleanup", Time since last: 1000222472 ns, Reaching safepoint: 165998 ns, At safepoint: 18105 ns, Total: 184103 ns
[2020-09-11T16:11:09.732+0000][1][safepoint    ] Safepoint "Cleanup", Time since last: 1000290274 ns, Reaching safepoint: 103933 ns, At safepoint: 6759 ns, Total: 110692 ns
[2020-09-11T16:11:10.733+0000][1][safepoint    ] Safepoint "Cleanup", Time since last: 1000175934 ns, Reaching safepoint: 196969 ns, At safepoint: 17380 ns, Total: 214349 ns
[2020-09-11T16:11:11.733+0000][1][safepoint    ] Safepoint "Cleanup", Time since last: 1000217061 ns, Reaching safepoint: 162436 ns, At safepoint: 17534 ns, Total: 179970 ns
[2020-09-11T16:11:12.734+0000][1][safepoint    ] Safepoint "Cleanup", Time since last: 1000186716 ns, Reaching safepoint: 124452 ns, At safepoint: 8172 ns, Total: 132624 ns
[2020-09-11T16:11:13.734+0000][1][safepoint    ] Safepoint "Cleanup", Time since last: 1000107801 ns, Reaching safepoint: 209731 ns, At safepoint: 10213 ns, Total: 219944 ns
[2020-09-11T16:11:13.765+0000][1][safepoint    ] Safepoint "RevokeBias", Time since last: 30299045 ns, Reaching safepoint: 281018 ns, At safepoint: 284398 ns, Total: 565416 ns
[2020-09-11T16:11:13.804+0000][1][gc,start     ] GC(207) Pause Young (Allocation Failure)
[2020-09-11T16:11:13.805+0000][1][gc,task      ] GC(207) Using 1 workers of 1 for evacuation
[2020-09-11T16:11:13.820+0000][1][gc,age       ] GC(207) Desired survivor size 4358144 bytes, new threshold 6 (max threshold 6)
[2020-09-11T16:11:13.820+0000][1][gc,age       ] GC(207) Age table with threshold 6 (max threshold 6)
[2020-09-11T16:11:13.820+0000][1][gc,age       ] GC(207) - age   1:     925592 bytes,     925592 total
[2020-09-11T16:11:13.820+0000][1][gc,age       ] GC(207) - age   2:     101104 bytes,    1026696 total
[2020-09-11T16:11:13.820+0000][1][gc,age       ] GC(207) - age   3:      37920 bytes,    1064616 total
[2020-09-11T16:11:13.820+0000][1][gc,age       ] GC(207) - age   4:      23032 bytes,    1087648 total
[2020-09-11T16:11:13.820+0000][1][gc,age       ] GC(207) - age   5:      52968 bytes,    1140616 total
[2020-09-11T16:11:13.820+0000][1][gc,age       ] GC(207) - age   6:      29312 bytes,    1169928 total
[2020-09-11T16:11:13.820+0000][1][gc,heap      ] GC(207) ParNew: 68755K->1150K(76672K)
[2020-09-11T16:11:13.820+0000][1][gc,heap      ] GC(207) CMS: 195842K->195871K(2011968K)
[2020-09-11T16:11:13.820+0000][1][gc,metaspace ] GC(207) Metaspace: 101323K->101323K(1142784K)
[2020-09-11T16:11:13.820+0000][1][gc           ] GC(207) Pause Young (Allocation Failure) 258M->192M(2039M) 15.642ms
[2020-09-11T16:11:13.820+0000][1][gc,cpu       ] GC(207) User=0.02s Sys=0.00s Real=0.01s
[2020-09-11T16:11:13.820+0000][1][safepoint    ] Safepoint "GenCollectForAllocation", Time since last: 39500523 ns, Reaching safepoint: 212348 ns, At safepoint: 15719604 ns, Total: 15931952 ns
[2020-09-11T16:11:14.833+0000][1][safepoint    ] Safepoint "Cleanup", Time since last: 1012325961 ns, Reaching safepoint: 172309 ns, At safepoint: 21446 ns, Total: 193755 ns
[2020-09-11T16:11:15.833+0000][1][safepoint    ] Safepoint "Cleanup", Time since last: 1000281437 ns, Reaching safepoint: 112912 ns, At safepoint: 8402 ns, Total: 121314 ns
[2020-09-11T16:11:16.833+0000][1][safepoint    ] Safepoint "Cleanup", Time since last: 1000142321 ns, Reaching safepoint: 129902 ns, At safepoint: 8019 ns, Total: 137921 ns
[2020-09-11T16:11:17.834+0000][1][safepoint    ] Safepoint "Cleanup", Time since last: 1000178743 ns, Reaching safepoint: 158875 ns, At safepoint: 18505 ns, Total: 177380 ns
[2020-09-11T16:11:18.834+0000][1][safepoint    ] Safepoint "Cleanup", Time since last: 1000225763 ns, Reaching safepoint: 117475 ns, At safepoint: 7046 ns, Total: 124521 ns
[2020-09-11T16:11:19.834+0000][1][safepoint    ] Safepoint "Cleanup", Time since last: 1000173585 ns, Reaching safepoint: 165821 ns, At safepoint: 17420 ns, Total: 183241 ns
[2020-09-11T16:11:20.835+0000][1][safepoint    ] Safepoint "Cleanup", Time since last: 1000220931 ns, Reaching safepoint: 115824 ns, At safepoint: 7194 ns, Total: 123018 ns
[2020-09-11T16:11:21.835+0000][1][safepoint    ] Safepoint "Cleanup", Time since last: 1000168412 ns, Reaching safepoint: 159927 ns, At safepoint: 17350 ns, Total: 177277 ns
[2020-09-11T16:11:22.836+0000][1][safepoint    ] Safepoint "Cleanup", Time since last: 1000252507 ns, Reaching safepoint: 165036 ns, At safepoint: 20400 ns, Total: 185436 ns
[2020-09-11T16:11:23.725+0000][1][safepoint    ] Safepoint "RevokeBias", Time since last: 889341760 ns, Reaching safepoint: 282379 ns, At safepoint: 268079 ns, Total: 550458 ns
[2020-09-11T16:11:24.726+0000][1][safepoint    ] Safepoint "Cleanup", Time since last: 1000151296 ns, Reaching safepoint: 205098 ns, At safepoint: 21706 ns, Total: 226804 ns
[2020-09-11T16:11:25.726+0000][1][safepoint    ] Safepoint "Cleanup", Time since last: 1000200362 ns, Reaching safepoint: 117406 ns, At safepoint: 7308 ns, Total: 124714 ns
[2020-09-11T16:11:26.726+0000][1][safepoint    ] Safepoint "Cleanup", Time since last: 1000189006 ns, Reaching safepoint: 115167 ns, At safepoint: 7169 ns, Total: 122336 ns
[2020-09-11T16:11:33.727+0000][1][safepoint    ] Safepoint "RevokeBias", Time since last: 6999873863 ns, Reaching safepoint: 208168 ns, At safepoint: 23476 ns, Total: 231644 ns
[2020-09-11T16:11:33.778+0000][1][gc,start     ] GC(208) Pause Young (Allocation Failure)
[2020-09-11T16:11:33.778+0000][1][gc,task      ] GC(208) Using 1 workers of 1 for evacuation
[2020-09-11T16:11:33.806+0000][1][gc,age       ] GC(208) Desired survivor size 4358144 bytes, new threshold 6 (max threshold 6)
[2020-09-11T16:11:33.806+0000][1][gc,age       ] GC(208) Age table with threshold 6 (max threshold 6)
[2020-09-11T16:11:33.806+0000][1][gc,age       ] GC(208) - age   1:     797248 bytes,     797248 total
[2020-09-11T16:11:33.806+0000][1][gc,age       ] GC(208) - age   2:     293336 bytes,    1090584 total
[2020-09-11T16:11:33.806+0000][1][gc,age       ] GC(208) - age   3:      35960 bytes,    1126544 total
[2020-09-11T16:11:33.806+0000][1][gc,age       ] GC(208) - age   4:      32568 bytes,    1159112 total
[2020-09-11T16:11:33.806+0000][1][gc,age       ] GC(208) - age   5:      23032 bytes,    1182144 total
[2020-09-11T16:11:33.806+0000][1][gc,age       ] GC(208) - age   6:      52968 bytes,    1235112 total
[2020-09-11T16:11:33.806+0000][1][gc,heap      ] GC(208) ParNew: 69310K->2001K(76672K)
[2020-09-11T16:11:33.806+0000][1][gc,heap      ] GC(208) CMS: 195871K->195899K(2011968K)
[2020-09-11T16:11:33.806+0000][1][gc,metaspace ] GC(208) Metaspace: 101324K->101324K(1142784K)
[2020-09-11T16:11:33.806+0000][1][gc           ] GC(208) Pause Young (Allocation Failure) 258M->193M(2039M) 27.371ms
[2020-09-11T16:11:33.806+0000][1][gc,cpu       ] GC(208) User=0.02s Sys=0.00s Real=0.03s
[2020-09-11T16:11:33.811+0000][1][safepoint    ] Safepoint "GenCollectForAllocation", Time since last: 51549533 ns, Reaching safepoint: 186609 ns, At safepoint: 32544486 ns, Total: 32731095 ns
[2020-09-11T16:11:34.817+0000][1][safepoint    ] Safepoint "Cleanup", Time since last: 1006068947 ns, Reaching safepoint: 113196 ns, At safepoint: 7546 ns, Total: 120742 ns
[2020-09-11T16:11:43.739+0000][1][safepoint    ] Safepoint "RevokeBias", Time since last: 8921317011 ns, Reaching safepoint: 242219 ns, At safepoint: 221346 ns, Total: 463565 ns
[2020-09-11T16:11:44.739+0000][1][safepoint    ] Safepoint "Cleanup", Time since last: 1000141573 ns, Reaching safepoint: 140815 ns, At safepoint: 6915 ns, Total: 147730 ns
[2020-09-11T16:11:45.739+0000][1][safepoint    ] Safepoint "Cleanup", Time since last: 1000128547 ns, Reaching safepoint: 113407 ns, At safepoint: 7547 ns, Total: 120954 ns
[2020-09-11T16:11:46.740+0000][1][safepoint    ] Safepoint "Cleanup", Time since last: 1000161634 ns, Reaching safepoint: 134656 ns, At safepoint: 7773 ns, Total: 142429 ns
[2020-09-11T16:11:47.740+0000][1][safepoint    ] Safepoint "Cleanup", Time since last: 1000162860 ns, Reaching safepoint: 120818 ns, At safepoint: 7490 ns, Total: 128308 ns
[2020-09-11T16:11:48.740+0000][1][safepoint    ] Safepoint "Cleanup", Time since last: 1000149839 ns, Reaching safepoint: 130779 ns, At safepoint: 7595 ns, Total: 138374 ns
[2020-09-11T16:11:49.741+0000][1][safepoint    ] Safepoint "Cleanup", Time since last: 1000243232 ns, Reaching safepoint: 183508 ns, At safepoint: 19999 ns, Total: 203507 ns
[2020-09-11T16:11:50.741+0000][1][safepoint    ] Safepoint "Cleanup", Time since last: 1000416916 ns, Reaching safepoint: 125098 ns, At safepoint: 7604 ns, Total: 132702 ns
[2020-09-11T16:11:51.742+0000][1][safepoint    ] Safepoint "Cleanup", Time since last: 1000158744 ns, Reaching safepoint: 117945 ns, At safepoint: 7146 ns, Total: 125091 ns
[2020-09-11T16:11:52.742+0000][1][safepoint    ] Safepoint "Cleanup", Time since last: 1000160534 ns, Reaching safepoint: 122392 ns, At safepoint: 7853 ns, Total: 130245 ns
[2020-09-11T16:11:53.736+0000][1][safepoint    ] Safepoint "RevokeBias", Time since last: 994003176 ns, Reaching safepoint: 194248 ns, At safepoint: 22155 ns, Total: 216403 ns
[2020-09-11T16:11:53.822+0000][1][gc,start     ] GC(209) Pause Young (Allocation Failure)
[2020-09-11T16:11:53.823+0000][1][gc,task      ] GC(209) Using 1 workers of 1 for evacuation
[2020-09-11T16:11:53.838+0000][1][gc,age       ] GC(209) Desired survivor size 4358144 bytes, new threshold 6 (max threshold 6)
[2020-09-11T16:11:53.838+0000][1][gc,age       ] GC(209) Age table with threshold 6 (max threshold 6)
[2020-09-11T16:11:53.838+0000][1][gc,age       ] GC(209) - age   1:     881672 bytes,     881672 total
[2020-09-11T16:11:53.838+0000][1][gc,age       ] GC(209) - age   2:     149600 bytes,    1031272 total
[2020-09-11T16:11:53.838+0000][1][gc,age       ] GC(209) - age   3:     119848 bytes,    1151120 total
[2020-09-11T16:11:53.838+0000][1][gc,age       ] GC(209) - age   4:      34072 bytes,    1185192 total
[2020-09-11T16:11:53.838+0000][1][gc,age       ] GC(209) - age   5:      32376 bytes,    1217568 total
[2020-09-11T16:11:53.838+0000][1][gc,age       ] GC(209) - age   6:      23032 bytes,    1240600 total
[2020-09-11T16:11:53.838+0000][1][gc,heap      ] GC(209) ParNew: 70161K->2309K(76672K)
[2020-09-11T16:11:53.838+0000][1][gc,heap      ] GC(209) CMS: 195899K->195951K(2011968K)
[2020-09-11T16:11:53.838+0000][1][gc,metaspace ] GC(209) Metaspace: 101333K->101333K(1142784K)
[2020-09-11T16:11:53.839+0000][1][gc           ] GC(209) Pause Young (Allocation Failure) 259M->193M(2039M) 16.065ms
[2020-09-11T16:11:53.839+0000][1][gc,cpu       ] GC(209) User=0.02s Sys=0.00s Real=0.01s
[2020-09-11T16:11:53.840+0000][1][safepoint    ] Safepoint "GenCollectForAllocation", Time since last: 86226438 ns, Reaching safepoint: 211594 ns, At safepoint: 17146572 ns, Total: 17358166 ns
[2020-09-11T16:11:54.848+0000][1][safepoint    ] Safepoint "Cleanup", Time since last: 1008552895 ns, Reaching safepoint: 171267 ns, At safepoint: 17473 ns, Total: 188740 ns
[2020-09-11T16:11:55.849+0000][1][safepoint    ] Safepoint "Cleanup", Time since last: 1000223187 ns, Reaching safepoint: 258376 ns, At safepoint: 17591 ns, Total: 275967 ns
[2020-09-11T16:11:56.849+0000][1][safepoint    ] Safepoint "Cleanup", Time since last: 1000193597 ns, Reaching safepoint: 119921 ns, At safepoint: 7040 ns, Total: 126961 ns
[2020-09-11T16:11:57.850+0000][1][safepoint    ] Safepoint "Cleanup", Time since last: 1000169543 ns, Reaching safepoint: 160569 ns, At safepoint: 18856 ns, Total: 179425 ns
[2020-09-11T16:11:58.850+0000][1][safepoint    ] Safepoint "Cleanup", Time since last: 1000216058 ns, Reaching safepoint: 162683 ns, At safepoint: 18269 ns, Total: 180952 ns
[2020-09-11T16:11:59.850+0000][1][safepoint    ] Safepoint "Cleanup", Time since last: 1000172993 ns, Reaching safepoint: 257886 ns, At safepoint: 18018 ns, Total: 275904 ns
[2020-09-11T16:12:00.851+0000][1][safepoint    ] Safepoint "Cleanup", Time since last: 1000180549 ns, Reaching safepoint: 86957 ns, At safepoint: 6695 ns, Total: 93652 ns
[2020-09-11T16:12:01.851+0000][1][safepoint    ] Safepoint "Cleanup", Time since last: 1000194791 ns, Reaching safepoint: 163926 ns, At safepoint: 18346 ns, Total: 182272 ns
[2020-09-11T16:12:02.851+0000][1][safepoint    ] Safepoint "Cleanup", Time since last: 1000228719 ns, Reaching safepoint: 117380 ns, At safepoint: 6796 ns, Total: 124176 ns
[2020-09-11T16:12:03.727+0000][1][safepoint    ] Safepoint "RevokeBias", Time since last: 875507795 ns, Reaching safepoint: 302095 ns, At safepoint: 272984 ns, Total: 575079 ns
[2020-09-11T16:12:04.728+0000][1][safepoint    ] Safepoint "Cleanup", Time since last: 1000213464 ns, Reaching safepoint: 166111 ns, At safepoint: 17561 ns, Total: 183672 ns
[2020-09-11T16:12:05.728+0000][1][safepoint    ] Safepoint "Cleanup", Time since last: 1000224901 ns, Reaching safepoint: 158614 ns, At safepoint: 17333 ns, Total: 175947 ns
[2020-09-11T16:12:06.729+0000][1][safepoint    ] Safepoint "Cleanup", Time since last: 1000219139 ns, Reaching safepoint: 113284 ns, At safepoint: 6978 ns, Total: 120262 ns
[2020-09-11T16:12:07.729+0000][1][safepoint    ] Safepoint "Cleanup", Time since last: 1000200671 ns, Reaching safepoint: 107429 ns, At safepoint: 6684 ns, Total: 114113 ns
[2020-09-11T16:12:08.729+0000][1][safepoint    ] Safepoint "Cleanup", Time since last: 1000147369 ns, Reaching safepoint: 167846 ns, At safepoint: 16765 ns, Total: 184611 ns
[2020-09-11T16:12:09.730+0000][1][safepoint    ] Safepoint "Cleanup", Time since last: 1000218028 ns, Reaching safepoint: 168156 ns, At safepoint: 17968 ns, Total: 186124 ns
[2020-09-11T16:12:10.730+0000][1][safepoint    ] Safepoint "Cleanup", Time since last: 1000241098 ns, Reaching safepoint: 165854 ns, At safepoint: 17564 ns, Total: 183418 ns
[2020-09-11T16:12:11.730+0000][1][safepoint    ] Safepoint "Cleanup", Time since last: 1000255025 ns, Reaching safepoint: 99841 ns, At safepoint: 6206 ns, Total: 106047 ns
[2020-09-11T16:12:12.731+0000][1][safepoint    ] Safepoint "Cleanup", Time since last: 1000185268 ns, Reaching safepoint: 111559 ns, At safepoint: 7020 ns, Total: 118579 ns
[2020-09-11T16:12:13.731+0000][1][safepoint    ] Safepoint "RevokeBias", Time since last: 999915194 ns, Reaching safepoint: 232520 ns, At safepoint: 211842 ns, Total: 444362 ns
[2020-09-11T16:12:14.731+0000][1][safepoint    ] Safepoint "Cleanup", Time since last: 1000149725 ns, Reaching safepoint: 129294 ns, At safepoint: 6734 ns, Total: 136028 ns
[2020-09-11T16:12:15.732+0000][1][safepoint    ] Safepoint "Cleanup", Time since last: 1000187137 ns, Reaching safepoint: 167538 ns, At safepoint: 17239 ns, Total: 184777 ns
[2020-09-11T16:12:16.127+0000][1][gc,start     ] GC(210) Pause Young (Allocation Failure)
[2020-09-11T16:12:16.127+0000][1][gc,task      ] GC(210) Using 1 workers of 1 for evacuation
[2020-09-11T16:12:16.156+0000][1][gc,age       ] GC(210) Desired survivor size 4358144 bytes, new threshold 6 (max threshold 6)
[2020-09-11T16:12:16.156+0000][1][gc,age       ] GC(210) Age table with threshold 6 (max threshold 6)
[2020-09-11T16:12:16.156+0000][1][gc,age       ] GC(210) - age   1:     283520 bytes,     283520 total
[2020-09-11T16:12:16.156+0000][1][gc,age       ] GC(210) - age   2:     238664 bytes,     522184 total
[2020-09-11T16:12:16.156+0000][1][gc,age       ] GC(210) - age   3:      95056 bytes,     617240 total
[2020-09-11T16:12:16.156+0000][1][gc,age       ] GC(210) - age   4:      80104 bytes,     697344 total
[2020-09-11T16:12:16.156+0000][1][gc,age       ] GC(210) - age   5:      34072 bytes,     731416 total
[2020-09-11T16:12:16.156+0000][1][gc,age       ] GC(210) - age   6:      32376 bytes,     763792 total
[2020-09-11T16:12:16.156+0000][1][gc,heap      ] GC(210) ParNew: 70469K->1486K(76672K)
[2020-09-11T16:12:16.156+0000][1][gc,heap      ] GC(210) CMS: 195951K->195974K(2011968K)
[2020-09-11T16:12:16.156+0000][1][gc,metaspace ] GC(210) Metaspace: 101358K->101358K(1142784K)
[2020-09-11T16:12:16.156+0000][1][gc           ] GC(210) Pause Young (Allocation Failure) 260M->192M(2039M) 28.903ms
[2020-09-11T16:12:16.156+0000][1][gc,cpu       ] GC(210) User=0.02s Sys=0.00s Real=0.03s
[2020-09-11T16:12:16.156+0000][1][safepoint    ] Safepoint "GenCollectForAllocation", Time since last: 394985937 ns, Reaching safepoint: 97071 ns, At safepoint: 29295614 ns, Total: 29392685 ns
[2020-09-11T16:12:17.166+0000][1][safepoint    ] Safepoint "Cleanup", Time since last: 1009811083 ns, Reaching safepoint: 101065 ns, At safepoint: 18548 ns, Total: 119613 ns
[2020-09-11T16:12:18.166+0000][1][safepoint    ] Safepoint "Cleanup", Time since last: 1000189821 ns, Reaching safepoint: 166001 ns, At safepoint: 19799 ns, Total: 185800 ns
[2020-09-11T16:12:19.167+0000][1][safepoint    ] Safepoint "Cleanup", Time since last: 1000215916 ns, Reaching safepoint: 160453 ns, At safepoint: 9244 ns, Total: 169697 ns
[2020-09-11T16:12:20.167+0000][1][safepoint    ] Safepoint "Cleanup", Time since last: 1000188272 ns, Reaching safepoint: 115332 ns, At safepoint: 7839 ns, Total: 123171 ns
[2020-09-11T16:12:23.753+0000][1][safepoint    ] Safepoint "RevokeBias", Time since last: 3585121185 ns, Reaching safepoint: 235527 ns, At safepoint: 227722 ns, Total: 463249 ns
[2020-09-11T16:12:24.753+0000][1][safepoint    ] Safepoint "Cleanup", Time since last: 1000220230 ns, Reaching safepoint: 121282 ns, At safepoint: 7088 ns, Total: 128370 ns
[2020-09-11T16:12:33.735+0000][1][safepoint    ] Safepoint "RevokeBias", Time since last: 8981507976 ns, Reaching safepoint: 221317 ns, At safepoint: 33267 ns, Total: 254584 ns
[2020-09-11T16:12:38.087+0000][1][gc,start     ] GC(211) Pause Young (Allocation Failure)
[2020-09-11T16:12:38.087+0000][1][gc,task      ] GC(211) Using 1 workers of 1 for evacuation
[2020-09-11T16:12:38.102+0000][1][gc,age       ] GC(211) Desired survivor size 4358144 bytes, new threshold 6 (max threshold 6)
[2020-09-11T16:12:38.102+0000][1][gc,age       ] GC(211) Age table with threshold 6 (max threshold 6)
[2020-09-11T16:12:38.102+0000][1][gc,age       ] GC(211) - age   1:     348400 bytes,     348400 total
[2020-09-11T16:12:38.102+0000][1][gc,age       ] GC(211) - age   2:     142720 bytes,     491120 total
[2020-09-11T16:12:38.102+0000][1][gc,age       ] GC(211) - age   3:      27704 bytes,     518824 total
[2020-09-11T16:12:38.102+0000][1][gc,age       ] GC(211) - age   4:      86848 bytes,     605672 total
[2020-09-11T16:12:38.102+0000][1][gc,age       ] GC(211) - age   5:      80104 bytes,     685776 total
[2020-09-11T16:12:38.102+0000][1][gc,age       ] GC(211) - age   6:      34072 bytes,     719848 total
[2020-09-11T16:12:38.102+0000][1][gc,heap      ] GC(211) ParNew: 69646K->930K(76672K)
[2020-09-11T16:12:38.102+0000][1][gc,heap      ] GC(211) CMS: 195974K->196005K(2011968K)
[2020-09-11T16:12:38.102+0000][1][gc,metaspace ] GC(211) Metaspace: 101388K->101388K(1142784K)
[2020-09-11T16:12:38.102+0000][1][gc           ] GC(211) Pause Young (Allocation Failure) 259M->192M(2039M) 14.902ms
[2020-09-11T16:12:38.102+0000][1][gc,cpu       ] GC(211) User=0.01s Sys=0.00s Real=0.02s
[2020-09-11T16:12:38.102+0000][1][safepoint    ] Safepoint "GenCollectForAllocation", Time since last: 4351890760 ns, Reaching safepoint: 209611 ns, At safepoint: 15011753 ns, Total: 15221364 ns
[2020-09-11T16:12:43.731+0000][1][safepoint    ] Safepoint "BulkRevokeBias", Time since last: 5628888994 ns, Reaching safepoint: 212004 ns, At safepoint: 344092 ns, Total: 556096 ns
[2020-09-11T16:12:43.769+0000][1][safepoint    ] Safepoint "RevokeBias", Time since last: 34810955 ns, Reaching safepoint: 2676553 ns, At safepoint: 26115 ns, Total: 2702668 ns
[2020-09-11T16:12:52.773+0000][1][safepoint    ] Safepoint "Cleanup", Time since last: 9003944477 ns, Reaching safepoint: 175303 ns, At safepoint: 17901 ns, Total: 193204 ns
[2020-09-11T16:12:53.733+0000][1][safepoint    ] Safepoint "RevokeBias", Time since last: 959960642 ns, Reaching safepoint: 242424 ns, At safepoint: 22683 ns, Total: 265107 ns
[2020-09-11T16:12:59.504+0000][1][gc,start     ] GC(212) Pause Young (Allocation Failure)
[2020-09-11T16:12:59.504+0000][1][gc,task      ] GC(212) Using 1 workers of 1 for evacuation
[2020-09-11T16:12:59.519+0000][1][gc,age       ] GC(212) Desired survivor size 4358144 bytes, new threshold 6 (max threshold 6)
[2020-09-11T16:12:59.519+0000][1][gc,age       ] GC(212) Age table with threshold 6 (max threshold 6)
[2020-09-11T16:12:59.519+0000][1][gc,age       ] GC(212) - age   1:     149944 bytes,     149944 total
[2020-09-11T16:12:59.519+0000][1][gc,age       ] GC(212) - age   2:     250024 bytes,     399968 total
[2020-09-11T16:12:59.519+0000][1][gc,age       ] GC(212) - age   3:     136672 bytes,     536640 total
[2020-09-11T16:12:59.520+0000][1][gc,age       ] GC(212) - age   4:      26144 bytes,     562784 total
[2020-09-11T16:12:59.520+0000][1][gc,age       ] GC(212) - age   5:      86848 bytes,     649632 total
[2020-09-11T16:12:59.520+0000][1][gc,age       ] GC(212) - age   6:      80104 bytes,     729736 total
[2020-09-11T16:12:59.520+0000][1][gc,heap      ] GC(212) ParNew: 69090K->1287K(76672K)
[2020-09-11T16:12:59.520+0000][1][gc,heap      ] GC(212) CMS: 196005K->196038K(2011968K)
[2020-09-11T16:12:59.520+0000][1][gc,metaspace ] GC(212) Metaspace: 101396K->101396K(1142784K)
[2020-09-11T16:12:59.520+0000][1][gc           ] GC(212) Pause Young (Allocation Failure) 258M->192M(2039M) 15.383ms
[2020-09-11T16:12:59.520+0000][1][gc,cpu       ] GC(212) User=0.01s Sys=0.00s Real=0.01s
[2020-09-11T16:12:59.520+0000][1][safepoint    ] Safepoint "GenCollectForAllocation", Time since last: 5770732907 ns, Reaching safepoint: 214810 ns, At safepoint: 16124170 ns, Total: 16338980 ns
[2020-09-11T16:13:03.779+0000][1][safepoint    ] Safepoint "RevokeBias", Time since last: 4258565711 ns, Reaching safepoint: 236499 ns, At safepoint: 225647 ns, Total: 462146 ns
[2020-09-11T16:13:10.780+0000][1][safepoint    ] Safepoint "Cleanup", Time since last: 7000867639 ns, Reaching safepoint: 171862 ns, At safepoint: 17797 ns, Total: 189659 ns
[2020-09-11T16:13:11.781+0000][1][safepoint    ] Safepoint "Cleanup", Time since last: 1000228562 ns, Reaching safepoint: 204710 ns, At safepoint: 17657 ns, Total: 222367 ns
[2020-09-11T16:13:13.735+0000][1][safepoint    ] Safepoint "RevokeBias", Time since last: 1953317689 ns, Reaching safepoint: 230280 ns, At safepoint: 222972 ns, Total: 453252 ns
[2020-09-11T16:13:21.476+0000][1][gc,start     ] GC(213) Pause Young (Allocation Failure)
[2020-09-11T16:13:21.476+0000][1][gc,task      ] GC(213) Using 1 workers of 1 for evacuation
[2020-09-11T16:13:21.491+0000][1][gc,age       ] GC(213) Desired survivor size 4358144 bytes, new threshold 6 (max threshold 6)
[2020-09-11T16:13:21.492+0000][1][gc,age       ] GC(213) Age table with threshold 6 (max threshold 6)
[2020-09-11T16:13:21.492+0000][1][gc,age       ] GC(213) - age   1:     631304 bytes,     631304 total
[2020-09-11T16:13:21.492+0000][1][gc,age       ] GC(213) - age   2:      51648 bytes,     682952 total
[2020-09-11T16:13:21.492+0000][1][gc,age       ] GC(213) - age   3:      31384 bytes,     714336 total
[2020-09-11T16:13:21.492+0000][1][gc,age       ] GC(213) - age   4:      39184 bytes,     753520 total
[2020-09-11T16:13:21.492+0000][1][gc,age       ] GC(213) - age   5:      26144 bytes,     779664 total
[2020-09-11T16:13:21.492+0000][1][gc,age       ] GC(213) - age   6:      86536 bytes,     866200 total
[2020-09-11T16:13:21.492+0000][1][gc,heap      ] GC(213) ParNew: 69447K->856K(76672K)
[2020-09-11T16:13:21.492+0000][1][gc,heap      ] GC(213) CMS: 196038K->196118K(2011968K)
[2020-09-11T16:13:21.492+0000][1][gc,metaspace ] GC(213) Metaspace: 101409K->101409K(1142784K)
[2020-09-11T16:13:21.492+0000][1][gc           ] GC(213) Pause Young (Allocation Failure) 259M->192M(2039M) 15.720ms
[2020-09-11T16:13:21.492+0000][1][gc,cpu       ] GC(213) User=0.02s Sys=0.00s Real=0.01s
[2020-09-11T16:13:21.492+0000][1][safepoint    ] Safepoint "GenCollectForAllocation", Time since last: 7740811696 ns, Reaching safepoint: 460216 ns, At safepoint: 15800501 ns, Total: 16260717 ns
[2020-09-11T16:13:22.495+0000][1][safepoint    ] Safepoint "Cleanup", Time since last: 1002909335 ns, Reaching safepoint: 92163 ns, At safepoint: 19988 ns, Total: 112151 ns
[2020-09-11T16:13:23.748+0000][1][safepoint    ] Safepoint "RevokeBias", Time since last: 1253051971 ns, Reaching safepoint: 258512 ns, At safepoint: 279102 ns, Total: 537614 ns
[2020-09-11T16:13:24.749+0000][1][safepoint    ] Safepoint "Cleanup", Time since last: 1000201532 ns, Reaching safepoint: 178042 ns, At safepoint: 19061 ns, Total: 197103 ns
[2020-09-11T16:13:25.749+0000][1][safepoint    ] Safepoint "Cleanup", Time since last: 1000257862 ns, Reaching safepoint: 119161 ns, At safepoint: 7889 ns, Total: 127050 ns
[2020-09-11T16:13:29.750+0000][1][safepoint    ] Safepoint "Cleanup", Time since last: 4000567023 ns, Reaching safepoint: 162186 ns, At safepoint: 16280 ns, Total: 178466 ns
[2020-09-11T16:13:33.732+0000][1][safepoint    ] Safepoint "RevokeBias", Time since last: 3981886373 ns, Reaching safepoint: 195328 ns, At safepoint: 26261 ns, Total: 221589 ns
[2020-09-11T16:13:43.332+0000][1][gc,start     ] GC(214) Pause Young (Allocation Failure)
[2020-09-11T16:13:43.332+0000][1][gc,task      ] GC(214) Using 1 workers of 1 for evacuation
[2020-09-11T16:13:43.347+0000][1][gc,age       ] GC(214) Desired survivor size 4358144 bytes, new threshold 6 (max threshold 6)
[2020-09-11T16:13:43.347+0000][1][gc,age       ] GC(214) Age table with threshold 6 (max threshold 6)
[2020-09-11T16:13:43.347+0000][1][gc,age       ] GC(214) - age   1:     163112 bytes,     163112 total
[2020-09-11T16:13:43.347+0000][1][gc,age       ] GC(214) - age   2:     394544 bytes,     557656 total
[2020-09-11T16:13:43.347+0000][1][gc,age       ] GC(214) - age   3:      43952 bytes,     601608 total
[2020-09-11T16:13:43.347+0000][1][gc,age       ] GC(214) - age   4:      20640 bytes,     622248 total
[2020-09-11T16:13:43.347+0000][1][gc,age       ] GC(214) - age   5:      39144 bytes,     661392 total
[2020-09-11T16:13:43.347+0000][1][gc,age       ] GC(214) - age   6:      26120 bytes,     687512 total
[2020-09-11T16:13:43.347+0000][1][gc,heap      ] GC(214) ParNew: 69000K->741K(76672K)
[2020-09-11T16:13:43.347+0000][1][gc,heap      ] GC(214) CMS: 196118K->196202K(2011968K)
[2020-09-11T16:13:43.347+0000][1][gc,metaspace ] GC(214) Metaspace: 101409K->101409K(1142784K)
[2020-09-11T16:13:43.347+0000][1][gc           ] GC(214) Pause Young (Allocation Failure) 258M->192M(2039M) 14.830ms
[2020-09-11T16:13:43.347+0000][1][gc,cpu       ] GC(214) User=0.02s Sys=0.00s Real=0.02s
[2020-09-11T16:13:43.347+0000][1][safepoint    ] Safepoint "GenCollectForAllocation", Time since last: 9599833420 ns, Reaching safepoint: 200393 ns, At safepoint: 14994142 ns, Total: 15194535 ns
[2020-09-11T16:13:43.738+0000][1][safepoint    ] Safepoint "RevokeBias", Time since last: 390730833 ns, Reaching safepoint: 199976 ns, At safepoint: 23580 ns, Total: 223556 ns
[2020-09-11T16:13:44.738+0000][1][safepoint    ] Safepoint "Cleanup", Time since last: 1000157803 ns, Reaching safepoint: 137632 ns, At safepoint: 8164 ns, Total: 145796 ns
[2020-09-11T16:13:53.757+0000][1][safepoint    ] Safepoint "RevokeBias", Time since last: 9018176651 ns, Reaching safepoint: 231911 ns, At safepoint: 250598 ns, Total: 482509 ns
[2020-09-11T16:13:54.757+0000][1][safepoint    ] Safepoint "Cleanup", Time since last: 1000208028 ns, Reaching safepoint: 128046 ns, At safepoint: 7665 ns, Total: 135711 ns
[2020-09-11T16:13:59.758+0000][1][safepoint    ] Safepoint "Cleanup", Time since last: 5000732205 ns, Reaching safepoint: 121936 ns, At safepoint: 7729 ns, Total: 129665 ns
[2020-09-11T16:14:02.759+0000][1][safepoint    ] Safepoint "Cleanup", Time since last: 3000442378 ns, Reaching safepoint: 116561 ns, At safepoint: 10188 ns, Total: 126749 ns
[2020-09-11T16:14:03.327+0000][1][gc,start     ] GC(215) Pause Young (Allocation Failure)
[2020-09-11T16:14:03.327+0000][1][gc,task      ] GC(215) Using 1 workers of 1 for evacuation
[2020-09-11T16:14:03.342+0000][1][gc,age       ] GC(215) Desired survivor size 4358144 bytes, new threshold 6 (max threshold 6)
[2020-09-11T16:14:03.342+0000][1][gc,age       ] GC(215) Age table with threshold 6 (max threshold 6)
[2020-09-11T16:14:03.342+0000][1][gc,age       ] GC(215) - age   1:     309992 bytes,     309992 total
[2020-09-11T16:14:03.342+0000][1][gc,age       ] GC(215) - age   2:      36952 bytes,     346944 total
[2020-09-11T16:14:03.342+0000][1][gc,age       ] GC(215) - age   3:     316400 bytes,     663344 total
[2020-09-11T16:14:03.342+0000][1][gc,age       ] GC(215) - age   4:      39080 bytes,     702424 total
[2020-09-11T16:14:03.342+0000][1][gc,age       ] GC(215) - age   5:      20368 bytes,     722792 total
[2020-09-11T16:14:03.342+0000][1][gc,age       ] GC(215) - age   6:      39112 bytes,     761904 total
[2020-09-11T16:14:03.342+0000][1][gc,heap      ] GC(215) ParNew: 68881K->1377K(76672K)
[2020-09-11T16:14:03.342+0000][1][gc,heap      ] GC(215) CMS: 196202K->196228K(2011968K)
[2020-09-11T16:14:03.342+0000][1][gc,metaspace ] GC(215) Metaspace: 101412K->101412K(1142784K)
[2020-09-11T16:14:03.342+0000][1][gc           ] GC(215) Pause Young (Allocation Failure) 258M->192M(2039M) 15.540ms
[2020-09-11T16:14:03.342+0000][1][gc,cpu       ] GC(215) User=0.02s Sys=0.00s Real=0.02s
[2020-09-11T16:14:03.342+0000][1][safepoint    ] Safepoint "GenCollectForAllocation", Time since last: 567975894 ns, Reaching safepoint: 209074 ns, At safepoint: 15594845 ns, Total: 15803919 ns
[2020-09-11T16:14:03.741+0000][1][safepoint    ] Safepoint "RevokeBias", Time since last: 394048532 ns, Reaching safepoint: 4108548 ns, At safepoint: 30176 ns, Total: 4138724 ns
[2020-09-11T16:14:04.741+0000][1][safepoint    ] Safepoint "Cleanup", Time since last: 1000146971 ns, Reaching safepoint: 133087 ns, At safepoint: 7565 ns, Total: 140652 ns
[2020-09-11T16:14:05.741+0000][1][safepoint    ] Safepoint "Cleanup", Time since last: 1000162586 ns, Reaching safepoint: 128614 ns, At safepoint: 8270 ns, Total: 136884 ns
[2020-09-11T16:14:06.742+0000][1][safepoint    ] Safepoint "Cleanup", Time since last: 1000135304 ns, Reaching safepoint: 166185 ns, At safepoint: 17607 ns, Total: 183792 ns
[2020-09-11T16:14:07.742+0000][1][safepoint    ] Safepoint "Cleanup", Time since last: 1000195536 ns, Reaching safepoint: 267702 ns, At safepoint: 21419 ns, Total: 289121 ns
[2020-09-11T16:14:08.742+0000][1][safepoint    ] Safepoint "Cleanup", Time since last: 1000205612 ns, Reaching safepoint: 172676 ns, At safepoint: 18546 ns, Total: 191222 ns
[2020-09-11T16:14:09.743+0000][1][safepoint    ] Safepoint "Cleanup", Time since last: 1000206199 ns, Reaching safepoint: 172590 ns, At safepoint: 19034 ns, Total: 191624 ns
[2020-09-11T16:14:10.743+0000][1][safepoint    ] Safepoint "Cleanup", Time since last: 1000215007 ns, Reaching safepoint: 171397 ns, At safepoint: 18435 ns, Total: 189832 ns
[2020-09-11T16:14:11.744+0000][1][safepoint    ] Safepoint "Cleanup", Time since last: 1000200794 ns, Reaching safepoint: 120553 ns, At safepoint: 7890 ns, Total: 128443 ns
[2020-09-11T16:14:12.744+0000][1][safepoint    ] Safepoint "Cleanup", Time since last: 1000146977 ns, Reaching safepoint: 136639 ns, At safepoint: 7114 ns, Total: 143753 ns
[2020-09-11T16:14:13.744+0000][1][safepoint    ] Safepoint "Cleanup", Time since last: 1000108818 ns, Reaching safepoint: 208570 ns, At safepoint: 6954 ns, Total: 215524 ns
[2020-09-11T16:14:13.766+0000][1][safepoint    ] Safepoint "RevokeBias", Time since last: 21940929 ns, Reaching safepoint: 233668 ns, At safepoint: 20836 ns, Total: 254504 ns
[2020-09-11T16:14:14.767+0000][1][safepoint    ] Safepoint "Cleanup", Time since last: 1000195682 ns, Reaching safepoint: 181945 ns, At safepoint: 18592 ns, Total: 200537 ns
[2020-09-11T16:14:15.767+0000][1][safepoint    ] Safepoint "Cleanup", Time since last: 1000239179 ns, Reaching safepoint: 104599 ns, At safepoint: 8599 ns, Total: 113198 ns
[2020-09-11T16:14:16.767+0000][1][safepoint    ] Safepoint "Cleanup", Time since last: 1000157179 ns, Reaching safepoint: 162727 ns, At safepoint: 17961 ns, Total: 180688 ns
[2020-09-11T16:14:17.768+0000][1][safepoint    ] Safepoint "Cleanup", Time since last: 1000222541 ns, Reaching safepoint: 123085 ns, At safepoint: 7366 ns, Total: 130451 ns
[2020-09-11T16:14:18.768+0000][1][safepoint    ] Safepoint "Cleanup", Time since last: 1000174985 ns, Reaching safepoint: 121145 ns, At safepoint: 9901 ns, Total: 131046 ns
[2020-09-11T16:14:19.768+0000][1][safepoint    ] Safepoint "Cleanup", Time since last: 1000190224 ns, Reaching safepoint: 168872 ns, At safepoint: 18459 ns, Total: 187331 ns
[2020-09-11T16:14:20.769+0000][1][safepoint    ] Safepoint "Cleanup", Time since last: 1000277041 ns, Reaching safepoint: 112814 ns, At safepoint: 7743 ns, Total: 120557 ns
[2020-09-11T16:14:21.769+0000][1][safepoint    ] Safepoint "Cleanup", Time since last: 1000188654 ns, Reaching safepoint: 115612 ns, At safepoint: 9725 ns, Total: 125337 ns
[2020-09-11T16:14:22.770+0000][1][safepoint    ] Safepoint "Cleanup", Time since last: 1000158253 ns, Reaching safepoint: 131091 ns, At safepoint: 9695 ns, Total: 140786 ns
[2020-09-11T16:14:23.733+0000][1][safepoint    ] Safepoint "RevokeBias", Time since last: 963168603 ns, Reaching safepoint: 236465 ns, At safepoint: 21881 ns, Total: 258346 ns
[2020-09-11T16:14:23.755+0000][1][gc,start     ] GC(216) Pause Young (Allocation Failure)
[2020-09-11T16:14:23.755+0000][1][gc,task      ] GC(216) Using 1 workers of 1 for evacuation
[2020-09-11T16:14:23.770+0000][1][gc,age       ] GC(216) Desired survivor size 4358144 bytes, new threshold 6 (max threshold 6)
[2020-09-11T16:14:23.770+0000][1][gc,age       ] GC(216) Age table with threshold 6 (max threshold 6)
[2020-09-11T16:14:23.770+0000][1][gc,age       ] GC(216) - age   1:     760008 bytes,     760008 total
[2020-09-11T16:14:23.770+0000][1][gc,age       ] GC(216) - age   2:     130416 bytes,     890424 total
[2020-09-11T16:14:23.770+0000][1][gc,age       ] GC(216) - age   3:      33560 bytes,     923984 total
[2020-09-11T16:14:23.770+0000][1][gc,age       ] GC(216) - age   4:      43704 bytes,     967688 total
[2020-09-11T16:14:23.770+0000][1][gc,age       ] GC(216) - age   5:      39080 bytes,    1006768 total
[2020-09-11T16:14:23.770+0000][1][gc,age       ] GC(216) - age   6:      20328 bytes,    1027096 total
[2020-09-11T16:14:23.770+0000][1][gc,heap      ] GC(216) ParNew: 69537K->1353K(76672K)
[2020-09-11T16:14:23.770+0000][1][gc,heap      ] GC(216) CMS: 196228K->196266K(2011968K)
[2020-09-11T16:14:23.770+0000][1][gc,metaspace ] GC(216) Metaspace: 101417K->101417K(1142784K)
[2020-09-11T16:14:23.770+0000][1][gc           ] GC(216) Pause Young (Allocation Failure) 259M->192M(2039M) 15.103ms
[2020-09-11T16:14:23.770+0000][1][gc,cpu       ] GC(216) User=0.01s Sys=0.00s Real=0.01s
[2020-09-11T16:14:23.771+0000][1][safepoint    ] Safepoint "GenCollectForAllocation", Time since last: 21792535 ns, Reaching safepoint: 160445 ns, At safepoint: 16204349 ns, Total: 16364794 ns
[2020-09-11T16:14:24.782+0000][1][safepoint    ] Safepoint "Cleanup", Time since last: 1011156268 ns, Reaching safepoint: 207099 ns, At safepoint: 19348 ns, Total: 226447 ns
[2020-09-11T16:14:25.783+0000][1][safepoint    ] Safepoint "Cleanup", Time since last: 1000254568 ns, Reaching safepoint: 112967 ns, At safepoint: 6898 ns, Total: 119865 ns
[2020-09-11T16:14:26.783+0000][1][safepoint    ] Safepoint "Cleanup", Time since last: 1000182048 ns, Reaching safepoint: 106723 ns, At safepoint: 6786 ns, Total: 113509 ns
[2020-09-11T16:14:27.784+0000][1][safepoint    ] Safepoint "Cleanup", Time since last: 1000206886 ns, Reaching safepoint: 168423 ns, At safepoint: 17564 ns, Total: 185987 ns
[2020-09-11T16:14:28.784+0000][1][safepoint    ] Safepoint "Cleanup", Time since last: 1000211505 ns, Reaching safepoint: 168884 ns, At safepoint: 19031 ns, Total: 187915 ns
[2020-09-11T16:14:29.784+0000][1][safepoint    ] Safepoint "Cleanup", Time since last: 1000227474 ns, Reaching safepoint: 119042 ns, At safepoint: 7690 ns, Total: 126732 ns
[2020-09-11T16:14:30.785+0000][1][safepoint    ] Safepoint "Cleanup", Time since last: 1000186334 ns, Reaching safepoint: 117759 ns, At safepoint: 7628 ns, Total: 125387 ns
[2020-09-11T16:14:31.785+0000][1][safepoint    ] Safepoint "Cleanup", Time since last: 1000192393 ns, Reaching safepoint: 109598 ns, At safepoint: 7559 ns, Total: 117157 ns
[2020-09-11T16:14:32.785+0000][1][safepoint    ] Safepoint "Cleanup", Time since last: 1000198652 ns, Reaching safepoint: 115744 ns, At safepoint: 8192 ns, Total: 123936 ns
[2020-09-11T16:14:33.760+0000][1][safepoint    ] Safepoint "RevokeBias", Time since last: 974706250 ns, Reaching safepoint: 195559 ns, At safepoint: 21695 ns, Total: 217254 ns
[2020-09-11T16:14:34.760+0000][1][safepoint    ] Safepoint "Cleanup", Time since last: 1000176538 ns, Reaching safepoint: 118235 ns, At safepoint: 7728 ns, Total: 125963 ns
[2020-09-11T16:14:35.761+0000][1][safepoint    ] Safepoint "Cleanup", Time since last: 1000165001 ns, Reaching safepoint: 198807 ns, At safepoint: 18038 ns, Total: 216845 ns
[2020-09-11T16:14:36.761+0000][1][safepoint    ] Safepoint "Cleanup", Time since last: 1000238267 ns, Reaching safepoint: 122321 ns, At safepoint: 9835 ns, Total: 132156 ns
[2020-09-11T16:14:37.762+0000][1][safepoint    ] Safepoint "Cleanup", Time since last: 1000219609 ns, Reaching safepoint: 166432 ns, At safepoint: 20079 ns, Total: 186511 ns
[2020-09-11T16:14:38.762+0000][1][safepoint    ] Safepoint "Cleanup", Time since last: 1000205411 ns, Reaching safepoint: 188928 ns, At safepoint: 21612 ns, Total: 210540 ns
[2020-09-11T16:14:39.762+0000][1][safepoint    ] Safepoint "Cleanup", Time since last: 1000191691 ns, Reaching safepoint: 130654 ns, At safepoint: 7218 ns, Total: 137872 ns
[2020-09-11T16:14:40.763+0000][1][safepoint    ] Safepoint "Cleanup", Time since last: 1000143122 ns, Reaching safepoint: 172342 ns, At safepoint: 18372 ns, Total: 190714 ns
[2020-09-11T16:14:41.763+0000][1][safepoint    ] Safepoint "Cleanup", Time since last: 1000222290 ns, Reaching safepoint: 172994 ns, At safepoint: 18553 ns, Total: 191547 ns
[2020-09-11T16:14:42.763+0000][1][safepoint    ] Safepoint "Cleanup", Time since last: 1000232717 ns, Reaching safepoint: 126251 ns, At safepoint: 8171 ns, Total: 134422 ns
[2020-09-11T16:14:43.388+0000][1][safepoint    ] Safepoint "RevokeBias", Time since last: 623971828 ns, Reaching safepoint: 217656 ns, At safepoint: 22088 ns, Total: 239744 ns
[2020-09-11T16:14:43.723+0000][1][safepoint    ] Safepoint "RevokeBias", Time since last: 334951600 ns, Reaching safepoint: 204493 ns, At safepoint: 22025 ns, Total: 226518 ns
[2020-09-11T16:14:43.789+0000][1][gc,start     ] GC(217) Pause Young (Allocation Failure)
[2020-09-11T16:14:43.789+0000][1][gc,task      ] GC(217) Using 1 workers of 1 for evacuation
[2020-09-11T16:14:43.806+0000][1][gc,age       ] GC(217) Desired survivor size 4358144 bytes, new threshold 6 (max threshold 6)
[2020-09-11T16:14:43.806+0000][1][gc,age       ] GC(217) Age table with threshold 6 (max threshold 6)
[2020-09-11T16:14:43.806+0000][1][gc,age       ] GC(217) - age   1:     674752 bytes,     674752 total
[2020-09-11T16:14:43.806+0000][1][gc,age       ] GC(217) - age   2:     413848 bytes,    1088600 total
[2020-09-11T16:14:43.806+0000][1][gc,age       ] GC(217) - age   3:     124832 bytes,    1213432 total
[2020-09-11T16:14:43.806+0000][1][gc,age       ] GC(217) - age   4:      29912 bytes,    1243344 total
[2020-09-11T16:14:43.806+0000][1][gc,age       ] GC(217) - age   5:      20728 bytes,    1264072 total
[2020-09-11T16:14:43.806+0000][1][gc,age       ] GC(217) - age   6:      38752 bytes,    1302824 total
[2020-09-11T16:14:43.806+0000][1][gc,heap      ] GC(217) ParNew: 69513K->1730K(76672K)
[2020-09-11T16:14:43.806+0000][1][gc,heap      ] GC(217) CMS: 196266K->196286K(2011968K)
[2020-09-11T16:14:43.806+0000][1][gc,metaspace ] GC(217) Metaspace: 101425K->101425K(1142784K)
[2020-09-11T16:14:43.806+0000][1][gc           ] GC(217) Pause Young (Allocation Failure) 259M->193M(2039M) 17.206ms
[2020-09-11T16:14:43.806+0000][1][gc,cpu       ] GC(217) User=0.02s Sys=0.00s Real=0.02s
[2020-09-11T16:14:43.806+0000][1][safepoint    ] Safepoint "GenCollectForAllocation", Time since last: 65619709 ns, Reaching safepoint: 169885 ns, At safepoint: 17272486 ns, Total: 17442371 ns
[2020-09-11T16:14:44.821+0000][1][safepoint    ] Safepoint "Cleanup", Time since last: 1015042701 ns, Reaching safepoint: 124072 ns, At safepoint: 7467 ns, Total: 131539 ns
[2020-09-11T16:14:45.821+0000][1][safepoint    ] Safepoint "Cleanup", Time since last: 1000155772 ns, Reaching safepoint: 130666 ns, At safepoint: 7762 ns, Total: 138428 ns
[2020-09-11T16:14:46.823+0000][1][safepoint    ] Safepoint "Cleanup", Time since last: 1001679735 ns, Reaching safepoint: 228582 ns, At safepoint: 17800 ns, Total: 246382 ns
[2020-09-11T16:14:47.824+0000][1][safepoint    ] Safepoint "Cleanup", Time since last: 1000229270 ns, Reaching safepoint: 114996 ns, At safepoint: 7518 ns, Total: 122514 ns
[2020-09-11T16:14:48.824+0000][1][safepoint    ] Safepoint "Cleanup", Time since last: 1000210816 ns, Reaching safepoint: 118611 ns, At safepoint: 7605 ns, Total: 126216 ns
[2020-09-11T16:14:49.824+0000][1][safepoint    ] Safepoint "Cleanup", Time since last: 1000185726 ns, Reaching safepoint: 116217 ns, At safepoint: 6965 ns, Total: 123182 ns
[2020-09-11T16:14:50.825+0000][1][safepoint    ] Safepoint "Cleanup", Time since last: 1000181369 ns, Reaching safepoint: 114281 ns, At safepoint: 7913 ns, Total: 122194 ns
[2020-09-11T16:14:51.825+0000][1][safepoint    ] Safepoint "Cleanup", Time since last: 1000190371 ns, Reaching safepoint: 109311 ns, At safepoint: 6755 ns, Total: 116066 ns
[2020-09-11T16:14:52.825+0000][1][safepoint    ] Safepoint "Cleanup", Time since last: 1000148884 ns, Reaching safepoint: 129807 ns, At safepoint: 7751 ns, Total: 137558 ns
[2020-09-11T16:14:53.731+0000][1][safepoint    ] Safepoint "RevokeBias", Time since last: 905530773 ns, Reaching safepoint: 247380 ns, At safepoint: 23279 ns, Total: 270659 ns
[2020-09-11T16:14:54.731+0000][1][safepoint    ] Safepoint "Cleanup", Time since last: 1000159337 ns, Reaching safepoint: 187995 ns, At safepoint: 18974 ns, Total: 206969 ns
[2020-09-11T16:14:55.732+0000][1][safepoint    ] Safepoint "Cleanup", Time since last: 1000239157 ns, Reaching safepoint: 163409 ns, At safepoint: 17624 ns, Total: 181033 ns
[2020-09-11T16:14:56.732+0000][1][safepoint    ] Safepoint "Cleanup", Time since last: 1000184335 ns, Reaching safepoint: 103160 ns, At safepoint: 7154 ns, Total: 110314 ns
[2020-09-11T16:14:57.732+0000][1][safepoint    ] Safepoint "Cleanup", Time since last: 1000202727 ns, Reaching safepoint: 117693 ns, At safepoint: 8473 ns, Total: 126166 ns
[2020-09-11T16:14:58.733+0000][1][safepoint    ] Safepoint "Cleanup", Time since last: 1000165175 ns, Reaching safepoint: 118480 ns, At safepoint: 6987 ns, Total: 125467 ns
[2020-09-11T16:14:59.733+0000][1][safepoint    ] Safepoint "Cleanup", Time since last: 1000199160 ns, Reaching safepoint: 104720 ns, At safepoint: 7481 ns, Total: 112201 ns
[2020-09-11T16:15:00.733+0000][1][safepoint    ] Safepoint "Cleanup", Time since last: 1000175785 ns, Reaching safepoint: 216941 ns, At safepoint: 18697 ns, Total: 235638 ns
[2020-09-11T16:15:01.734+0000][1][safepoint    ] Safepoint "Cleanup", Time since last: 1000218366 ns, Reaching safepoint: 119252 ns, At safepoint: 9056 ns, Total: 128308 ns
[2020-09-11T16:15:02.734+0000][1][safepoint    ] Safepoint "Cleanup", Time since last: 1000177850 ns, Reaching safepoint: 171430 ns, At safepoint: 21877 ns, Total: 193307 ns
[2020-09-11T16:15:03.735+0000][1][safepoint    ] Safepoint "Cleanup", Time since last: 1000157579 ns, Reaching safepoint: 198461 ns, At safepoint: 6514 ns, Total: 204975 ns
[2020-09-11T16:15:03.742+0000][1][safepoint    ] Safepoint "RevokeBias", Time since last: 7677977 ns, Reaching safepoint: 195021 ns, At safepoint: 22081 ns, Total: 217102 ns
[2020-09-11T16:15:03.822+0000][1][gc,start     ] GC(218) Pause Young (Allocation Failure)
[2020-09-11T16:15:03.822+0000][1][gc,task      ] GC(218) Using 1 workers of 1 for evacuation
[2020-09-11T16:15:03.840+0000][1][gc,age       ] GC(218) Desired survivor size 4358144 bytes, new threshold 6 (max threshold 6)
[2020-09-11T16:15:03.840+0000][1][gc,age       ] GC(218) Age table with threshold 6 (max threshold 6)
[2020-09-11T16:15:03.840+0000][1][gc,age       ] GC(218) - age   1:     780464 bytes,     780464 total
[2020-09-11T16:15:03.840+0000][1][gc,age       ] GC(218) - age   2:      55248 bytes,     835712 total
[2020-09-11T16:15:03.840+0000][1][gc,age       ] GC(218) - age   3:     394176 bytes,    1229888 total
[2020-09-11T16:15:03.840+0000][1][gc,age       ] GC(218) - age   4:      60000 bytes,    1289888 total
[2020-09-11T16:15:03.840+0000][1][gc,age       ] GC(218) - age   5:      21752 bytes,    1311640 total
[2020-09-11T16:15:03.840+0000][1][gc,age       ] GC(218) - age   6:      20728 bytes,    1332368 total
[2020-09-11T16:15:03.840+0000][1][gc,heap      ] GC(218) ParNew: 69890K->2340K(76672K)
[2020-09-11T16:15:03.840+0000][1][gc,heap      ] GC(218) CMS: 196286K->196324K(2011968K)
[2020-09-11T16:15:03.840+0000][1][gc,metaspace ] GC(218) Metaspace: 101431K->101431K(1142784K)
[2020-09-11T16:15:03.840+0000][1][gc           ] GC(218) Pause Young (Allocation Failure) 259M->194M(2039M) 18.468ms
[2020-09-11T16:15:03.840+0000][1][gc,cpu       ] GC(218) User=0.02s Sys=0.00s Real=0.01s
[2020-09-11T16:15:03.847+0000][1][safepoint    ] Safepoint "GenCollectForAllocation", Time since last: 79063429 ns, Reaching safepoint: 158798 ns, At safepoint: 25503931 ns, Total: 25662729 ns
[2020-09-11T16:15:04.855+0000][1][safepoint    ] Safepoint "Cleanup", Time since last: 1008025743 ns, Reaching safepoint: 112845 ns, At safepoint: 7257 ns, Total: 120102 ns
[2020-09-11T16:15:05.856+0000][1][safepoint    ] Safepoint "Cleanup", Time since last: 1000237167 ns, Reaching safepoint: 96938 ns, At safepoint: 7781 ns, Total: 104719 ns
[2020-09-11T16:15:06.856+0000][1][safepoint    ] Safepoint "Cleanup", Time since last: 1000189588 ns, Reaching safepoint: 120433 ns, At safepoint: 7438 ns, Total: 127871 ns
[2020-09-11T16:15:07.856+0000][1][safepoint    ] Safepoint "Cleanup", Time since last: 1000173813 ns, Reaching safepoint: 117353 ns, At safepoint: 6983 ns, Total: 124336 ns
[2020-09-11T16:15:08.857+0000][1][safepoint    ] Safepoint "Cleanup", Time since last: 1000197835 ns, Reaching safepoint: 105798 ns, At safepoint: 7141 ns, Total: 112939 ns
[2020-09-11T16:15:09.857+0000][1][safepoint    ] Safepoint "Cleanup", Time since last: 1000176401 ns, Reaching safepoint: 139319 ns, At safepoint: 6554 ns, Total: 145873 ns
[2020-09-11T16:15:10.857+0000][1][safepoint    ] Safepoint "Cleanup", Time since last: 1000178322 ns, Reaching safepoint: 169799 ns, At safepoint: 18376 ns, Total: 188175 ns
[2020-09-11T16:15:11.858+0000][1][safepoint    ] Safepoint "Cleanup", Time since last: 1000208865 ns, Reaching safepoint: 118282 ns, At safepoint: 6930 ns, Total: 125212 ns
[2020-09-11T16:15:12.858+0000][1][safepoint    ] Safepoint "Cleanup", Time since last: 1000190391 ns, Reaching safepoint: 110538 ns, At safepoint: 7776 ns, Total: 118314 ns
[2020-09-11T16:15:13.748+0000][1][safepoint    ] Safepoint "RevokeBias", Time since last: 890222839 ns, Reaching safepoint: 233743 ns, At safepoint: 22289 ns, Total: 256032 ns
[2020-09-11T16:15:14.749+0000][1][safepoint    ] Safepoint "Cleanup", Time since last: 1000173326 ns, Reaching safepoint: 200678 ns, At safepoint: 48979 ns, Total: 249657 ns
[2020-09-11T16:15:15.749+0000][1][safepoint    ] Safepoint "Cleanup", Time since last: 1000216455 ns, Reaching safepoint: 123991 ns, At safepoint: 9339 ns, Total: 133330 ns
[2020-09-11T16:15:16.749+0000][1][safepoint    ] Safepoint "Cleanup", Time since last: 1000192140 ns, Reaching safepoint: 113289 ns, At safepoint: 9968 ns, Total: 123257 ns
[2020-09-11T16:15:17.750+0000][1][safepoint    ] Safepoint "Cleanup", Time since last: 1000136913 ns, Reaching safepoint: 164254 ns, At safepoint: 18810 ns, Total: 183064 ns
[2020-09-11T16:15:18.750+0000][1][safepoint    ] Safepoint "Cleanup", Time since last: 1000208903 ns, Reaching safepoint: 122003 ns, At safepoint: 9389 ns, Total: 131392 ns
[2020-09-11T16:15:19.750+0000][1][safepoint    ] Safepoint "Cleanup", Time since last: 1000181067 ns, Reaching safepoint: 172549 ns, At safepoint: 21483 ns, Total: 194032 ns
[2020-09-11T16:15:20.751+0000][1][safepoint    ] Safepoint "Cleanup", Time since last: 1000192373 ns, Reaching safepoint: 136841 ns, At safepoint: 7478 ns, Total: 144319 ns
[2020-09-11T16:15:21.751+0000][1][safepoint    ] Safepoint "Cleanup", Time since last: 1000156521 ns, Reaching safepoint: 138068 ns, At safepoint: 7471 ns, Total: 145539 ns
[2020-09-11T16:15:22.751+0000][1][safepoint    ] Safepoint "Cleanup", Time since last: 1000173830 ns, Reaching safepoint: 115786 ns, At safepoint: 7761 ns, Total: 123547 ns
[2020-09-11T16:15:23.731+0000][1][safepoint    ] Safepoint "RevokeBias", Time since last: 979184987 ns, Reaching safepoint: 256000 ns, At safepoint: 22538 ns, Total: 278538 ns
[2020-09-11T16:15:24.475+0000][1][gc,start     ] GC(219) Pause Young (Allocation Failure)
[2020-09-11T16:15:24.475+0000][1][gc,task      ] GC(219) Using 1 workers of 1 for evacuation
[2020-09-11T16:15:24.493+0000][1][gc,age       ] GC(219) Desired survivor size 4358144 bytes, new threshold 6 (max threshold 6)
[2020-09-11T16:15:24.493+0000][1][gc,age       ] GC(219) Age table with threshold 6 (max threshold 6)
[2020-09-11T16:15:24.493+0000][1][gc,age       ] GC(219) - age   1:     616512 bytes,     616512 total
[2020-09-11T16:15:24.493+0000][1][gc,age       ] GC(219) - age   2:     108248 bytes,     724760 total
[2020-09-11T16:15:24.493+0000][1][gc,age       ] GC(219) - age   3:      51752 bytes,     776512 total
[2020-09-11T16:15:24.493+0000][1][gc,age       ] GC(219) - age   4:     121040 bytes,     897552 total
[2020-09-11T16:15:24.493+0000][1][gc,age       ] GC(219) - age   5:      53792 bytes,     951344 total
[2020-09-11T16:15:24.493+0000][1][gc,age       ] GC(219) - age   6:      21456 bytes,     972800 total
[2020-09-11T16:15:24.493+0000][1][gc,heap      ] GC(219) ParNew: 70500K->1561K(76672K)
[2020-09-11T16:15:24.493+0000][1][gc,heap      ] GC(219) CMS: 196324K->196344K(2011968K)
[2020-09-11T16:15:24.493+0000][1][gc,metaspace ] GC(219) Metaspace: 101434K->101434K(1142784K)
[2020-09-11T16:15:24.493+0000][1][gc           ] GC(219) Pause Young (Allocation Failure) 260M->193M(2039M) 17.600ms
[2020-09-11T16:15:24.493+0000][1][gc,cpu       ] GC(219) User=0.01s Sys=0.00s Real=0.02s
[2020-09-11T16:15:24.494+0000][1][safepoint    ] Safepoint "GenCollectForAllocation", Time since last: 744063559 ns, Reaching safepoint: 209276 ns, At safepoint: 19107931 ns, Total: 19317207 ns
[2020-09-11T16:15:25.496+0000][1][safepoint    ] Safepoint "Cleanup", Time since last: 1002021977 ns, Reaching safepoint: 113372 ns, At safepoint: 18597 ns, Total: 131969 ns
[2020-09-11T16:15:26.497+0000][1][safepoint    ] Safepoint "Cleanup", Time since last: 1000098881 ns, Reaching safepoint: 94178 ns, At safepoint: 22326 ns, Total: 116504 ns
[2020-09-11T16:15:27.497+0000][1][safepoint    ] Safepoint "Cleanup", Time since last: 1000660514 ns, Reaching safepoint: 162660 ns, At safepoint: 8444 ns, Total: 171104 ns
[2020-09-11T16:15:28.498+0000][1][safepoint    ] Safepoint "Cleanup", Time since last: 1000180234 ns, Reaching safepoint: 101176 ns, At safepoint: 6374 ns, Total: 107550 ns
[2020-09-11T16:15:29.498+0000][1][safepoint    ] Safepoint "Cleanup", Time since last: 1000118951 ns, Reaching safepoint: 173385 ns, At safepoint: 6677 ns, Total: 180062 ns
[2020-09-11T16:15:30.499+0000][1][safepoint    ] Safepoint "Cleanup", Time since last: 1000848917 ns, Reaching safepoint: 99832 ns, At safepoint: 6591 ns, Total: 106423 ns
[2020-09-11T16:15:31.500+0000][1][safepoint    ] Safepoint "Cleanup", Time since last: 1000527568 ns, Reaching safepoint: 131528 ns, At safepoint: 13368 ns, Total: 144896 ns
[2020-09-11T16:15:32.500+0000][1][safepoint    ] Safepoint "Cleanup", Time since last: 1000183707 ns, Reaching safepoint: 115909 ns, At safepoint: 10929 ns, Total: 126838 ns
[2020-09-11T16:15:33.500+0000][1][safepoint    ] Safepoint "Cleanup", Time since last: 1000195775 ns, Reaching safepoint: 114303 ns, At safepoint: 10417 ns, Total: 124720 ns
[2020-09-11T16:15:33.789+0000][1][safepoint    ] Safepoint "RevokeBias", Time since last: 288650126 ns, Reaching safepoint: 180287 ns, At safepoint: 28842 ns, Total: 209129 ns
[2020-09-11T16:15:34.790+0000][1][safepoint    ] Safepoint "Cleanup", Time since last: 1000153310 ns, Reaching safepoint: 164177 ns, At safepoint: 19311 ns, Total: 183488 ns
[2020-09-11T16:15:43.735+0000][1][safepoint    ] Safepoint "RevokeBias", Time since last: 8945070989 ns, Reaching safepoint: 194443 ns, At safepoint: 22048 ns, Total: 216491 ns
[2020-09-11T16:15:47.086+0000][1][gc,start     ] GC(220) Pause Young (Allocation Failure)
[2020-09-11T16:15:47.086+0000][1][gc,task      ] GC(220) Using 1 workers of 1 for evacuation
[2020-09-11T16:15:47.101+0000][1][gc,age       ] GC(220) Desired survivor size 4358144 bytes, new threshold 6 (max threshold 6)
[2020-09-11T16:15:47.101+0000][1][gc,age       ] GC(220) Age table with threshold 6 (max threshold 6)
[2020-09-11T16:15:47.101+0000][1][gc,age       ] GC(220) - age   1:     157336 bytes,     157336 total
[2020-09-11T16:15:47.101+0000][1][gc,age       ] GC(220) - age   2:     374824 bytes,     532160 total
[2020-09-11T16:15:47.101+0000][1][gc,age       ] GC(220) - age   3:     103032 bytes,     635192 total
[2020-09-11T16:15:47.101+0000][1][gc,age       ] GC(220) - age   4:      20944 bytes,     656136 total
[2020-09-11T16:15:47.101+0000][1][gc,age       ] GC(220) - age   5:     120768 bytes,     776904 total
[2020-09-11T16:15:47.101+0000][1][gc,age       ] GC(220) - age   6:      53792 bytes,     830696 total
[2020-09-11T16:15:47.102+0000][1][gc,heap      ] GC(220) ParNew: 69721K->907K(76672K)
[2020-09-11T16:15:47.102+0000][1][gc,heap      ] GC(220) CMS: 196344K->196365K(2011968K)
[2020-09-11T16:15:47.102+0000][1][gc,metaspace ] GC(220) Metaspace: 101434K->101434K(1142784K)
[2020-09-11T16:15:47.102+0000][1][gc           ] GC(220) Pause Young (Allocation Failure) 259M->192M(2039M) 15.986ms
[2020-09-11T16:15:47.102+0000][1][gc,cpu       ] GC(220) User=0.02s Sys=0.00s Real=0.02s
[2020-09-11T16:15:47.102+0000][1][safepoint    ] Safepoint "GenCollectForAllocation", Time since last: 3350654797 ns, Reaching safepoint: 106453 ns, At safepoint: 16596741 ns, Total: 16703194 ns
[2020-09-11T16:15:53.750+0000][1][safepoint    ] Safepoint "RevokeBias", Time since last: 6647651033 ns, Reaching safepoint: 228926 ns, At safepoint: 19962 ns, Total: 248888 ns
[2020-09-11T16:15:54.750+0000][1][safepoint    ] Safepoint "Cleanup", Time since last: 1000171658 ns, Reaching safepoint: 173785 ns, At safepoint: 18747 ns, Total: 192532 ns
[2020-09-11T16:16:03.730+0000][1][safepoint    ] Safepoint "RevokeBias", Time since last: 8978933708 ns, Reaching safepoint: 252594 ns, At safepoint: 24057 ns, Total: 276651 ns
[2020-09-11T16:16:09.703+0000][1][gc,start     ] GC(221) Pause Young (Allocation Failure)
[2020-09-11T16:16:09.703+0000][1][gc,task      ] GC(221) Using 1 workers of 1 for evacuation
[2020-09-11T16:16:09.717+0000][1][gc,age       ] GC(221) Desired survivor size 4358144 bytes, new threshold 6 (max threshold 6)
[2020-09-11T16:16:09.717+0000][1][gc,age       ] GC(221) Age table with threshold 6 (max threshold 6)
[2020-09-11T16:16:09.717+0000][1][gc,age       ] GC(221) - age   1:     422584 bytes,     422584 total
[2020-09-11T16:16:09.717+0000][1][gc,age       ] GC(221) - age   2:      58656 bytes,     481240 total
[2020-09-11T16:16:09.717+0000][1][gc,age       ] GC(221) - age   3:     354960 bytes,     836200 total
[2020-09-11T16:16:09.717+0000][1][gc,age       ] GC(221) - age   4:      22712 bytes,     858912 total
[2020-09-11T16:16:09.717+0000][1][gc,age       ] GC(221) - age   5:      20672 bytes,     879584 total
[2020-09-11T16:16:09.717+0000][1][gc,age       ] GC(221) - age   6:      86640 bytes,     966224 total
[2020-09-11T16:16:09.717+0000][1][gc,heap      ] GC(221) ParNew: 69067K->1670K(76672K)
[2020-09-11T16:16:09.717+0000][1][gc,heap      ] GC(221) CMS: 196365K->196417K(2011968K)
[2020-09-11T16:16:09.717+0000][1][gc,metaspace ] GC(221) Metaspace: 101438K->101438K(1142784K)
[2020-09-11T16:16:09.717+0000][1][gc           ] GC(221) Pause Young (Allocation Failure) 259M->193M(2039M) 14.617ms
[2020-09-11T16:16:09.717+0000][1][gc,cpu       ] GC(221) User=0.02s Sys=0.00s Real=0.01s
[2020-09-11T16:16:09.717+0000][1][safepoint    ] Safepoint "GenCollectForAllocation", Time since last: 5972851895 ns, Reaching safepoint: 206512 ns, At safepoint: 14695973 ns, Total: 14902485 ns
[2020-09-11T16:16:13.759+0000][1][safepoint    ] Safepoint "RevokeBias", Time since last: 4041273910 ns, Reaching safepoint: 231777 ns, At safepoint: 21492 ns, Total: 253269 ns
[2020-09-11T16:16:14.759+0000][1][safepoint    ] Safepoint "Cleanup", Time since last: 1000175730 ns, Reaching safepoint: 122478 ns, At safepoint: 7232 ns, Total: 129710 ns
[2020-09-11T16:16:23.748+0000][1][safepoint    ] Safepoint "BulkRevokeBias", Time since last: 8988608996 ns, Reaching safepoint: 232043 ns, At safepoint: 309329 ns, Total: 541372 ns
[2020-09-11T16:16:23.809+0000][1][safepoint    ] Safepoint "RevokeBias", Time since last: 60405719 ns, Reaching safepoint: 203506 ns, At safepoint: 26698 ns, Total: 230204 ns
[2020-09-11T16:16:24.809+0000][1][safepoint    ] Safepoint "Cleanup", Time since last: 1000179194 ns, Reaching safepoint: 119388 ns, At safepoint: 10194 ns, Total: 129582 ns
[2020-09-11T16:16:26.810+0000][1][safepoint    ] Safepoint "Cleanup", Time since last: 2000256331 ns, Reaching safepoint: 145670 ns, At safepoint: 15651 ns, Total: 161321 ns
[2020-09-11T16:16:29.953+0000][1][gc,start     ] GC(222) Pause Young (Allocation Failure)
[2020-09-11T16:16:29.953+0000][1][gc,task      ] GC(222) Using 1 workers of 1 for evacuation
[2020-09-11T16:16:29.985+0000][1][gc,age       ] GC(222) Desired survivor size 4358144 bytes, new threshold 6 (max threshold 6)
[2020-09-11T16:16:29.985+0000][1][gc,age       ] GC(222) Age table with threshold 6 (max threshold 6)
[2020-09-11T16:16:29.985+0000][1][gc,age       ] GC(222) - age   1:     508480 bytes,     508480 total
[2020-09-11T16:16:29.985+0000][1][gc,age       ] GC(222) - age   2:     154224 bytes,     662704 total
[2020-09-11T16:16:29.985+0000][1][gc,age       ] GC(222) - age   3:      55072 bytes,     717776 total
[2020-09-11T16:16:29.985+0000][1][gc,age       ] GC(222) - age   4:      42656 bytes,     760432 total
[2020-09-11T16:16:29.985+0000][1][gc,age       ] GC(222) - age   5:      20136 bytes,     780568 total
[2020-09-11T16:16:29.985+0000][1][gc,age       ] GC(222) - age   6:      20544 bytes,     801112 total
[2020-09-11T16:16:29.985+0000][1][gc,heap      ] GC(222) ParNew: 69830K->1125K(76672K)
[2020-09-11T16:16:29.985+0000][1][gc,heap      ] GC(222) CMS: 196417K->196502K(2011968K)
[2020-09-11T16:16:29.985+0000][1][gc,metaspace ] GC(222) Metaspace: 101444K->101444K(1142784K)
[2020-09-11T16:16:29.985+0000][1][gc           ] GC(222) Pause Young (Allocation Failure) 260M->192M(2039M) 32.367ms
[2020-09-11T16:16:29.985+0000][1][gc,cpu       ] GC(222) User=0.02s Sys=0.00s Real=0.03s
[2020-09-11T16:16:29.986+0000][1][safepoint    ] Safepoint "GenCollectForAllocation", Time since last: 3140400866 ns, Reaching safepoint: 2766048 ns, At safepoint: 32983210 ns, Total: 35749258 ns
[2020-09-11T16:16:30.479+0000][1][safepoint    ] Safepoint "RevokeBias", Time since last: 493369134 ns, Reaching safepoint: 150924 ns, At safepoint: 18528 ns, Total: 169452 ns
[2020-09-11T16:16:30.480+0000][1][safepoint    ] Safepoint "RevokeBias", Time since last: 474110 ns, Reaching safepoint: 118655 ns, At safepoint: 12636 ns, Total: 131291 ns
[2020-09-11T16:16:30.480+0000][1][safepoint    ] Safepoint "RevokeBias", Time since last: 341463 ns, Reaching safepoint: 109377 ns, At safepoint: 11510 ns, Total: 120887 ns
[2020-09-11T16:16:30.481+0000][1][safepoint    ] Safepoint "RevokeBias", Time since last: 334571 ns, Reaching safepoint: 538413 ns, At safepoint: 16674 ns, Total: 555087 ns
[2020-09-11T16:16:30.483+0000][1][safepoint    ] Safepoint "RevokeBias", Time since last: 903172 ns, Reaching safepoint: 655207 ns, At safepoint: 18859 ns, Total: 674066 ns
[2020-09-11T16:16:30.484+0000][1][safepoint    ] Safepoint "RevokeBias", Time since last: 840770 ns, Reaching safepoint: 44993 ns, At safepoint: 11663 ns, Total: 56656 ns
[2020-09-11T16:16:30.484+0000][1][safepoint    ] Safepoint "RevokeBias", Time since last: 105823 ns, Reaching safepoint: 33364 ns, At safepoint: 9885 ns, Total: 43249 ns
[2020-09-11T16:16:30.487+0000][1][safepoint    ] Safepoint "RevokeBias", Time since last: 3100647 ns, Reaching safepoint: 78950 ns, At safepoint: 15597 ns, Total: 94547 ns
[2020-09-11T16:16:30.487+0000][1][safepoint    ] Safepoint "RevokeBias", Time since last: 176087 ns, Reaching safepoint: 33992 ns, At safepoint: 10632 ns, Total: 44624 ns
[2020-09-11T16:16:30.492+0000][1][safepoint    ] Safepoint "RevokeBias", Time since last: 510886 ns, Reaching safepoint: 3554157 ns, At safepoint: 553482 ns, Total: 4107639 ns
[2020-09-11T16:16:30.516+0000][1][safepoint    ] Safepoint "RevokeBias", Time since last: 23329297 ns, Reaching safepoint: 284877 ns, At safepoint: 40528 ns, Total: 325405 ns
[2020-09-11T16:16:30.610+0000][1][safepoint    ] Safepoint "RevokeBias", Time since last: 93957450 ns, Reaching safepoint: 183454 ns, At safepoint: 38798 ns, Total: 222252 ns
[2020-09-11T16:16:30.633+0000][1][safepoint    ] Safepoint "RevokeBias", Time since last: 20391735 ns, Reaching safepoint: 2637603 ns, At safepoint: 35363 ns, Total: 2672966 ns
[2020-09-11T16:16:30.650+0000][1][safepoint    ] Safepoint "RevokeBias", Time since last: 15576423 ns, Reaching safepoint: 1844661 ns, At safepoint: 32979 ns, Total: 1877640 ns
[2020-09-11T16:16:30.670+0000][1][safepoint    ] Safepoint "RevokeBias", Time since last: 17089015 ns, Reaching safepoint: 1998476 ns, At safepoint: 62582 ns, Total: 2061058 ns
[2020-09-11T16:16:30.761+0000][1][safepoint    ] Safepoint "RevokeBias", Time since last: 91435728 ns, Reaching safepoint: 115032 ns, At safepoint: 25057 ns, Total: 140089 ns
[2020-09-11T16:16:30.794+0000][1][safepoint    ] Safepoint "RevokeBias", Time since last: 31055296 ns, Reaching safepoint: 2059671 ns, At safepoint: 35007 ns, Total: 2094678 ns
[2020-09-11T16:16:30.800+0000][1][safepoint    ] Safepoint "RevokeBias", Time since last: 5558673 ns, Reaching safepoint: 108588 ns, At safepoint: 26868 ns, Total: 135456 ns
[2020-09-11T16:16:30.805+0000][1][safepoint    ] Safepoint "RevokeBias", Time since last: 4823004 ns, Reaching safepoint: 110296 ns, At safepoint: 28439 ns, Total: 138735 ns
[2020-09-11T16:16:30.825+0000][1][safepoint    ] Safepoint "RevokeBias", Time since last: 19912848 ns, Reaching safepoint: 103272 ns, At safepoint: 28953 ns, Total: 132225 ns
[2020-09-11T16:16:30.827+0000][1][safepoint    ] Safepoint "RevokeBias", Time since last: 1494778 ns, Reaching safepoint: 73475 ns, At safepoint: 21942 ns, Total: 95417 ns
[2020-09-11T16:16:30.827+0000][1][safepoint    ] Safepoint "RevokeBias", Time since last: 300850 ns, Reaching safepoint: 40680 ns, At safepoint: 16936 ns, Total: 57616 ns
[2020-09-11T16:16:31.827+0000][1][safepoint    ] Safepoint "Cleanup", Time since last: 1000156806 ns, Reaching safepoint: 191603 ns, At safepoint: 18329 ns, Total: 209932 ns
[2020-09-11T16:16:32.351+0000][1][safepoint    ] Safepoint "RevokeBias", Time since last: 522502153 ns, Reaching safepoint: 553019 ns, At safepoint: 630331 ns, Total: 1183350 ns
[2020-09-11T16:16:32.360+0000][1][safepoint    ] Safepoint "RevokeBias", Time since last: 8664042 ns, Reaching safepoint: 249033 ns, At safepoint: 164015 ns, Total: 413048 ns
[2020-09-11T16:16:32.361+0000][1][safepoint    ] Safepoint "RevokeBias", Time since last: 97211 ns, Reaching safepoint: 222693 ns, At safepoint: 146951 ns, Total: 369644 ns
[2020-09-11T16:16:33.361+0000][1][safepoint    ] Safepoint "Cleanup", Time since last: 1000164381 ns, Reaching safepoint: 138227 ns, At safepoint: 7349 ns, Total: 145576 ns
[2020-09-11T16:16:33.729+0000][1][safepoint    ] Safepoint "RevokeBias", Time since last: 367653110 ns, Reaching safepoint: 313043 ns, At safepoint: 231051 ns, Total: 544094 ns
[2020-09-11T16:16:34.729+0000][1][safepoint    ] Safepoint "Cleanup", Time since last: 1000206258 ns, Reaching safepoint: 188633 ns, At safepoint: 18837 ns, Total: 207470 ns
[2020-09-11T16:16:40.731+0000][1][safepoint    ] Safepoint "Cleanup", Time since last: 6000906189 ns, Reaching safepoint: 191262 ns, At safepoint: 19749 ns, Total: 211011 ns
[2020-09-11T16:16:43.727+0000][1][safepoint    ] Safepoint "RevokeBias", Time since last: 2996149049 ns, Reaching safepoint: 217587 ns, At safepoint: 23402 ns, Total: 240989 ns
[2020-09-11T16:16:48.289+0000][1][gc,start     ] GC(223) Pause Young (Allocation Failure)
[2020-09-11T16:16:48.289+0000][1][gc,task      ] GC(223) Using 1 workers of 1 for evacuation
[2020-09-11T16:16:48.306+0000][1][gc,age       ] GC(223) Desired survivor size 4358144 bytes, new threshold 6 (max threshold 6)
[2020-09-11T16:16:48.306+0000][1][gc,age       ] GC(223) Age table with threshold 6 (max threshold 6)
[2020-09-11T16:16:48.306+0000][1][gc,age       ] GC(223) - age   1:     369728 bytes,     369728 total
[2020-09-11T16:16:48.306+0000][1][gc,age       ] GC(223) - age   2:     430104 bytes,     799832 total
[2020-09-11T16:16:48.306+0000][1][gc,age       ] GC(223) - age   3:     150976 bytes,     950808 total
[2020-09-11T16:16:48.306+0000][1][gc,age       ] GC(223) - age   4:      54840 bytes,    1005648 total
[2020-09-11T16:16:48.306+0000][1][gc,age       ] GC(223) - age   5:      42656 bytes,    1048304 total
[2020-09-11T16:16:48.306+0000][1][gc,age       ] GC(223) - age   6:      20104 bytes,    1068408 total
[2020-09-11T16:16:48.306+0000][1][gc,heap      ] GC(223) ParNew: 69285K->1454K(76672K)
[2020-09-11T16:16:48.306+0000][1][gc,heap      ] GC(223) CMS: 196502K->196522K(2011968K)
[2020-09-11T16:16:48.306+0000][1][gc,metaspace ] GC(223) Metaspace: 101483K->101483K(1142784K)
[2020-09-11T16:16:48.306+0000][1][gc           ] GC(223) Pause Young (Allocation Failure) 259M->193M(2039M) 17.380ms
[2020-09-11T16:16:48.306+0000][1][gc,cpu       ] GC(223) User=0.02s Sys=0.00s Real=0.02s
[2020-09-11T16:16:48.306+0000][1][safepoint    ] Safepoint "GenCollectForAllocation", Time since last: 4561251261 ns, Reaching safepoint: 278385 ns, At safepoint: 17514108 ns, Total: 17792493 ns
[2020-09-11T16:16:49.310+0000][1][safepoint    ] Safepoint "Cleanup", Time since last: 1003471633 ns, Reaching safepoint: 116812 ns, At safepoint: 19794 ns, Total: 136606 ns
[2020-09-11T16:16:53.742+0000][1][safepoint    ] Safepoint "RevokeBias", Time since last: 4432263240 ns, Reaching safepoint: 297431 ns, At safepoint: 320718 ns, Total: 618149 ns
[2020-09-11T16:17:01.744+0000][1][safepoint    ] Safepoint "Cleanup", Time since last: 8001208896 ns, Reaching safepoint: 122302 ns, At safepoint: 7769 ns, Total: 130071 ns
[2020-09-11T16:17:03.727+0000][1][safepoint    ] Safepoint "RevokeBias", Time since last: 1982310295 ns, Reaching safepoint: 833259 ns, At safepoint: 19876 ns, Total: 853135 ns
[2020-09-11T16:17:04.727+0000][1][safepoint    ] Safepoint "Cleanup", Time since last: 1000185535 ns, Reaching safepoint: 201292 ns, At safepoint: 22722 ns, Total: 224014 ns
[2020-09-11T16:17:05.728+0000][1][safepoint    ] Safepoint "Cleanup", Time since last: 1000235140 ns, Reaching safepoint: 187931 ns, At safepoint: 19301 ns, Total: 207232 ns
[2020-09-11T16:17:06.728+0000][1][safepoint    ] Safepoint "Cleanup", Time since last: 1000212890 ns, Reaching safepoint: 115334 ns, At safepoint: 7702 ns, Total: 123036 ns
[2020-09-11T16:17:07.729+0000][1][safepoint    ] Safepoint "Cleanup", Time since last: 1000179063 ns, Reaching safepoint: 175860 ns, At safepoint: 18920 ns, Total: 194780 ns
[2020-09-11T16:17:08.729+0000][1][safepoint    ] Safepoint "Cleanup", Time since last: 1000231877 ns, Reaching safepoint: 178957 ns, At safepoint: 18847 ns, Total: 197804 ns
[2020-09-11T16:17:09.729+0000][1][safepoint    ] Safepoint "Cleanup", Time since last: 1000189764 ns, Reaching safepoint: 174838 ns, At safepoint: 18927 ns, Total: 193765 ns
[2020-09-11T16:17:10.730+0000][1][safepoint    ] Safepoint "Cleanup", Time since last: 1000198171 ns, Reaching safepoint: 181968 ns, At safepoint: 19307 ns, Total: 201275 ns
[2020-09-11T16:17:11.730+0000][1][safepoint    ] Safepoint "Cleanup", Time since last: 1000214387 ns, Reaching safepoint: 127308 ns, At safepoint: 7751 ns, Total: 135059 ns
[2020-09-11T16:17:12.730+0000][1][safepoint    ] Safepoint "Cleanup", Time since last: 1000210279 ns, Reaching safepoint: 118327 ns, At safepoint: 8183 ns, Total: 126510 ns
[2020-09-11T16:17:13.336+0000][1][gc,start     ] GC(224) Pause Young (Allocation Failure)
[2020-09-11T16:17:13.340+0000][1][gc,task      ] GC(224) Using 1 workers of 1 for evacuation
[2020-09-11T16:17:13.357+0000][1][gc,age       ] GC(224) Desired survivor size 4358144 bytes, new threshold 6 (max threshold 6)
[2020-09-11T16:17:13.357+0000][1][gc,age       ] GC(224) Age table with threshold 6 (max threshold 6)
[2020-09-11T16:17:13.357+0000][1][gc,age       ] GC(224) - age   1:     130168 bytes,     130168 total
[2020-09-11T16:17:13.357+0000][1][gc,age       ] GC(224) - age   2:     298680 bytes,     428848 total
[2020-09-11T16:17:13.357+0000][1][gc,age       ] GC(224) - age   3:     409544 bytes,     838392 total
[2020-09-11T16:17:13.357+0000][1][gc,age       ] GC(224) - age   4:     150608 bytes,     989000 total
[2020-09-11T16:17:13.357+0000][1][gc,age       ] GC(224) - age   5:      50232 bytes,    1039232 total
[2020-09-11T16:17:13.357+0000][1][gc,age       ] GC(224) - age   6:      40256 bytes,    1079488 total
[2020-09-11T16:17:13.357+0000][1][gc,heap      ] GC(224) ParNew: 69614K->1928K(76672K)
[2020-09-11T16:17:13.357+0000][1][gc,heap      ] GC(224) CMS: 196522K->196542K(2011968K)
[2020-09-11T16:17:13.357+0000][1][gc,metaspace ] GC(224) Metaspace: 101505K->101505K(1142784K)
[2020-09-11T16:17:13.357+0000][1][gc           ] GC(224) Pause Young (Allocation Failure) 259M->193M(2039M) 21.397ms
[2020-09-11T16:17:13.357+0000][1][gc,cpu       ] GC(224) User=0.02s Sys=0.00s Real=0.02s
[2020-09-11T16:17:13.358+0000][1][safepoint    ] Safepoint "GenCollectForAllocation", Time since last: 604935957 ns, Reaching safepoint: 215273 ns, At safepoint: 22861418 ns, Total: 23076691 ns
[2020-09-11T16:17:13.758+0000][1][safepoint    ] Safepoint "RevokeBias", Time since last: 399352635 ns, Reaching safepoint: 242398 ns, At safepoint: 21451 ns, Total: 263849 ns
[2020-09-11T16:17:14.758+0000][1][safepoint    ] Safepoint "Cleanup", Time since last: 1000160313 ns, Reaching safepoint: 136128 ns, At safepoint: 10422 ns, Total: 146550 ns
[2020-09-11T16:17:15.759+0000][1][safepoint    ] Safepoint "Cleanup", Time since last: 1000187288 ns, Reaching safepoint: 119582 ns, At safepoint: 7586 ns, Total: 127168 ns
[2020-09-11T16:17:16.759+0000][1][safepoint    ] Safepoint "Cleanup", Time since last: 1000184011 ns, Reaching safepoint: 175650 ns, At safepoint: 18583 ns, Total: 194233 ns
[2020-09-11T16:17:17.760+0000][1][safepoint    ] Safepoint "Cleanup", Time since last: 1000245236 ns, Reaching safepoint: 177107 ns, At safepoint: 19338 ns, Total: 196445 ns
[2020-09-11T16:17:18.760+0000][1][safepoint    ] Safepoint "Cleanup", Time since last: 1000234341 ns, Reaching safepoint: 125594 ns, At safepoint: 7522 ns, Total: 133116 ns
[2020-09-11T16:17:19.760+0000][1][safepoint    ] Safepoint "Cleanup", Time since last: 1000165614 ns, Reaching safepoint: 179532 ns, At safepoint: 18806 ns, Total: 198338 ns
[2020-09-11T16:17:20.761+0000][1][safepoint    ] Safepoint "Cleanup", Time since last: 1000211529 ns, Reaching safepoint: 181132 ns, At safepoint: 18810 ns, Total: 199942 ns
[2020-09-11T16:17:21.762+0000][1][safepoint    ] Safepoint "Cleanup", Time since last: 1001119280 ns, Reaching safepoint: 139891 ns, At safepoint: 8152 ns, Total: 148043 ns
[2020-09-11T16:17:22.762+0000][1][safepoint    ] Safepoint "Cleanup", Time since last: 1000155186 ns, Reaching safepoint: 178012 ns, At safepoint: 20608 ns, Total: 198620 ns
[2020-09-11T16:17:23.724+0000][1][safepoint    ] Safepoint "RevokeBias", Time since last: 961584768 ns, Reaching safepoint: 239820 ns, At safepoint: 21852 ns, Total: 261672 ns
[2020-09-11T16:17:24.724+0000][1][safepoint    ] Safepoint "Cleanup", Time since last: 1000201273 ns, Reaching safepoint: 143892 ns, At safepoint: 8126 ns, Total: 152018 ns
[2020-09-11T16:17:25.725+0000][1][safepoint    ] Safepoint "Cleanup", Time since last: 1000171740 ns, Reaching safepoint: 128595 ns, At safepoint: 7579 ns, Total: 136174 ns
[2020-09-11T16:17:26.725+0000][1][safepoint    ] Safepoint "Cleanup", Time since last: 1000186085 ns, Reaching safepoint: 120733 ns, At safepoint: 9372 ns, Total: 130105 ns
[2020-09-11T16:17:27.725+0000][1][safepoint    ] Safepoint "Cleanup", Time since last: 1000175558 ns, Reaching safepoint: 120524 ns, At safepoint: 8336 ns, Total: 128860 ns
[2020-09-11T16:17:28.726+0000][1][safepoint    ] Safepoint "Cleanup", Time since last: 1000182073 ns, Reaching safepoint: 122360 ns, At safepoint: 7529 ns, Total: 129889 ns
[2020-09-11T16:17:29.726+0000][1][safepoint    ] Safepoint "Cleanup", Time since last: 1000178988 ns, Reaching safepoint: 111967 ns, At safepoint: 6865 ns, Total: 118832 ns
[2020-09-11T16:17:30.726+0000][1][safepoint    ] Safepoint "Cleanup", Time since last: 1000179275 ns, Reaching safepoint: 185372 ns, At safepoint: 18345 ns, Total: 203717 ns
[2020-09-11T16:17:30.973+0000][1][safepoint    ] Safepoint "RevokeBias", Time since last: 246061428 ns, Reaching safepoint: 91260 ns, At safepoint: 18871 ns, Total: 110131 ns
[2020-09-11T16:17:30.973+0000][1][safepoint    ] Safepoint "RevokeBias", Time since last: 72275 ns, Reaching safepoint: 32567 ns, At safepoint: 63247 ns, Total: 95814 ns
[2020-09-11T16:17:30.974+0000][1][safepoint    ] Safepoint "RevokeBias", Time since last: 1434530 ns, Reaching safepoint: 59256 ns, At safepoint: 15494 ns, Total: 74750 ns
[2020-09-11T16:17:31.004+0000][1][safepoint    ] Safepoint "RevokeBias", Time since last: 28732430 ns, Reaching safepoint: 883124 ns, At safepoint: 95967 ns, Total: 979091 ns
[2020-09-11T16:17:31.818+0000][1][safepoint    ] Safepoint "RevokeBias", Time since last: 813637651 ns, Reaching safepoint: 113110 ns, At safepoint: 24192 ns, Total: 137302 ns
[2020-09-11T16:17:32.818+0000][1][safepoint    ] Safepoint "Cleanup", Time since last: 1000178224 ns, Reaching safepoint: 169476 ns, At safepoint: 6993 ns, Total: 176469 ns
[2020-09-11T16:17:33.351+0000][1][gc,start     ] GC(225) Pause Young (Allocation Failure)
[2020-09-11T16:17:33.351+0000][1][gc,task      ] GC(225) Using 1 workers of 1 for evacuation
[2020-09-11T16:17:33.376+0000][1][gc,age       ] GC(225) Desired survivor size 4358144 bytes, new threshold 6 (max threshold 6)
[2020-09-11T16:17:33.376+0000][1][gc,age       ] GC(225) Age table with threshold 6 (max threshold 6)
[2020-09-11T16:17:33.376+0000][1][gc,age       ] GC(225) - age   1:     674160 bytes,     674160 total
[2020-09-11T16:17:33.376+0000][1][gc,age       ] GC(225) - age   2:      33272 bytes,     707432 total
[2020-09-11T16:17:33.376+0000][1][gc,age       ] GC(225) - age   3:     255144 bytes,     962576 total
[2020-09-11T16:17:33.376+0000][1][gc,age       ] GC(225) - age   4:     374808 bytes,    1337384 total
[2020-09-11T16:17:33.376+0000][1][gc,age       ] GC(225) - age   5:     111152 bytes,    1448536 total
[2020-09-11T16:17:33.376+0000][1][gc,age       ] GC(225) - age   6:      20464 bytes,    1469000 total
[2020-09-11T16:17:33.376+0000][1][gc,heap      ] GC(225) ParNew: 70088K->1909K(76672K)
[2020-09-11T16:17:33.376+0000][1][gc,heap      ] GC(225) CMS: 196542K->196581K(2011968K)
[2020-09-11T16:17:33.376+0000][1][gc,metaspace ] GC(225) Metaspace: 101525K->101525K(1142784K)
[2020-09-11T16:17:33.376+0000][1][gc           ] GC(225) Pause Young (Allocation Failure) 260M->193M(2039M) 24.976ms
[2020-09-11T16:17:33.376+0000][1][gc,cpu       ] GC(225) User=0.01s Sys=0.00s Real=0.03s
[2020-09-11T16:17:33.376+0000][1][safepoint    ] Safepoint "GenCollectForAllocation", Time since last: 533097265 ns, Reaching safepoint: 97222 ns, At safepoint: 25028319 ns, Total: 25125541 ns
[2020-09-11T16:17:33.414+0000][1][safepoint    ] Safepoint "RevokeBias", Time since last: 37110096 ns, Reaching safepoint: 89196 ns, At safepoint: 31326 ns, Total: 120522 ns
[2020-09-11T16:17:33.724+0000][1][safepoint    ] Safepoint "RevokeBias", Time since last: 309971531 ns, Reaching safepoint: 273006 ns, At safepoint: 22580 ns, Total: 295586 ns
[2020-09-11T16:17:33.978+0000][1][safepoint    ] Safepoint "RevokeBias", Time since last: 253748203 ns, Reaching safepoint: 244665 ns, At safepoint: 26129 ns, Total: 270794 ns
[2020-09-11T16:17:34.404+0000][1][safepoint    ] Safepoint "RevokeBias", Time since last: 387289080 ns, Reaching safepoint: 232921 ns, At safepoint: 39083054 ns, Total: 39315975 ns
[2020-09-11T16:17:34.414+0000][1][safepoint    ] Safepoint "RevokeBias", Time since last: 8844712 ns, Reaching safepoint: 524365 ns, At safepoint: 20687 ns, Total: 545052 ns
[2020-09-11T16:17:35.134+0000][1][safepoint    ] Safepoint "RevokeBias", Time since last: 719953492 ns, Reaching safepoint: 180414 ns, At safepoint: 21065 ns, Total: 201479 ns
[2020-09-11T16:17:35.134+0000][1][safepoint    ] Safepoint "RevokeBias", Time since last: 273122 ns, Reaching safepoint: 112981 ns, At safepoint: 12684 ns, Total: 125665 ns
[2020-09-11T16:17:35.135+0000][1][safepoint    ] Safepoint "RevokeBias", Time since last: 32601 ns, Reaching safepoint: 108473 ns, At safepoint: 11469 ns, Total: 119942 ns
[2020-09-11T16:17:35.592+0000][1][safepoint    ] Safepoint "RevokeBias", Time since last: 457584762 ns, Reaching safepoint: 181007 ns, At safepoint: 19857 ns, Total: 200864 ns
[2020-09-11T16:17:35.593+0000][1][safepoint    ] Safepoint "RevokeBias", Time since last: 78559 ns, Reaching safepoint: 130832 ns, At safepoint: 13776 ns, Total: 144608 ns
[2020-09-11T16:17:35.593+0000][1][safepoint    ] Safepoint "RevokeBias", Time since last: 33672 ns, Reaching safepoint: 163082 ns, At safepoint: 47939 ns, Total: 211021 ns
[2020-09-11T16:17:36.593+0000][1][safepoint    ] Safepoint "Cleanup", Time since last: 1000078048 ns, Reaching safepoint: 111272 ns, At safepoint: 7303 ns, Total: 118575 ns
[2020-09-11T16:17:37.154+0000][1][gc,start     ] GC(226) Pause Young (Allocation Failure)
[2020-09-11T16:17:37.154+0000][1][gc,task      ] GC(226) Using 1 workers of 1 for evacuation
[2020-09-11T16:17:37.188+0000][1][gc,age       ] GC(226) Desired survivor size 4358144 bytes, new threshold 6 (max threshold 6)
[2020-09-11T16:17:37.195+0000][1][gc,age       ] GC(226) Age table with threshold 6 (max threshold 6)
[2020-09-11T16:17:37.195+0000][1][gc,age       ] GC(226) - age   1:     572872 bytes,     572872 total
[2020-09-11T16:17:37.195+0000][1][gc,age       ] GC(226) - age   2:     422168 bytes,     995040 total
[2020-09-11T16:17:37.195+0000][1][gc,age       ] GC(226) - age   3:      28840 bytes,    1023880 total
[2020-09-11T16:17:37.195+0000][1][gc,age       ] GC(226) - age   4:     233048 bytes,    1256928 total
[2020-09-11T16:17:37.195+0000][1][gc,age       ] GC(226) - age   5:     103112 bytes,    1360040 total
[2020-09-11T16:17:37.195+0000][1][gc,age       ] GC(226) - age   6:     103712 bytes,    1463752 total
[2020-09-11T16:17:37.195+0000][1][gc,heap      ] GC(226) ParNew: 70069K->2470K(76672K)
[2020-09-11T16:17:37.195+0000][1][gc,heap      ] GC(226) CMS: 196581K->196601K(2011968K)
[2020-09-11T16:17:37.195+0000][1][gc,metaspace ] GC(226) Metaspace: 101566K->101566K(1142784K)
[2020-09-11T16:17:37.195+0000][1][gc           ] GC(226) Pause Young (Allocation Failure) 260M->194M(2039M) 41.645ms
[2020-09-11T16:17:37.195+0000][1][gc,cpu       ] GC(226) User=0.02s Sys=0.00s Real=0.04s
[2020-09-11T16:17:37.199+0000][1][safepoint    ] Safepoint "GenCollectForAllocation", Time since last: 560585691 ns, Reaching safepoint: 184794 ns, At safepoint: 45038409 ns, Total: 45223203 ns
[2020-09-11T16:17:37.555+0000][1][safepoint    ] Safepoint "RevokeBias", Time since last: 355836826 ns, Reaching safepoint: 168644 ns, At safepoint: 43091 ns, Total: 211735 ns
[2020-09-11T16:17:37.767+0000][1][safepoint    ] Safepoint "RevokeBias", Time since last: 211668849 ns, Reaching safepoint: 183766 ns, At safepoint: 20776 ns, Total: 204542 ns
[2020-09-11T16:17:37.767+0000][1][safepoint    ] Safepoint "RevokeBias", Time since last: 64278 ns, Reaching safepoint: 112639 ns, At safepoint: 14277 ns, Total: 126916 ns
[2020-09-11T16:17:37.768+0000][1][safepoint    ] Safepoint "RevokeBias", Time since last: 1478635 ns, Reaching safepoint: 67711 ns, At safepoint: 14036 ns, Total: 81747 ns
[2020-09-11T16:17:37.769+0000][1][safepoint    ] Safepoint "RevokeBias", Time since last: 531220 ns, Reaching safepoint: 46855 ns, At safepoint: 31146 ns, Total: 78001 ns
[2020-09-11T16:17:37.914+0000][1][safepoint    ] Safepoint "RevokeBias", Time since last: 144751963 ns, Reaching safepoint: 163166 ns, At safepoint: 20969 ns, Total: 184135 ns
[2020-09-11T16:17:38.414+0000][1][safepoint    ] Safepoint "RevokeBias", Time since last: 499789448 ns, Reaching safepoint: 180133 ns, At safepoint: 23904 ns, Total: 204037 ns
[2020-09-11T16:17:38.676+0000][1][safepoint    ] Safepoint "RevokeBias", Time since last: 261955596 ns, Reaching safepoint: 170571 ns, At safepoint: 20997 ns, Total: 191568 ns
[2020-09-11T16:17:38.789+0000][1][safepoint    ] Safepoint "RevokeBias", Time since last: 112882791 ns, Reaching safepoint: 303985 ns, At safepoint: 86592 ns, Total: 390577 ns
[2020-09-11T16:17:39.174+0000][1][safepoint    ] Safepoint "RevokeBias", Time since last: 384393022 ns, Reaching safepoint: 203694 ns, At safepoint: 42558 ns, Total: 246252 ns
[2020-09-11T16:17:39.317+0000][1][safepoint    ] Safepoint "RevokeBias", Time since last: 142524635 ns, Reaching safepoint: 387777 ns, At safepoint: 46760 ns, Total: 434537 ns
[2020-09-11T16:17:39.318+0000][1][safepoint    ] Safepoint "RevokeBias", Time since last: 366522 ns, Reaching safepoint: 222250 ns, At safepoint: 34442 ns, Total: 256692 ns
[2020-09-11T16:17:39.318+0000][1][safepoint    ] Safepoint "RevokeBias", Time since last: 103211 ns, Reaching safepoint: 208395 ns, At safepoint: 32581 ns, Total: 240976 ns
[2020-09-11T16:17:39.318+0000][1][safepoint    ] Safepoint "RevokeBias", Time since last: 88814 ns, Reaching safepoint: 204032 ns, At safepoint: 31398 ns, Total: 235430 ns
[2020-09-11T16:17:39.319+0000][1][safepoint    ] Safepoint "RevokeBias", Time since last: 87942 ns, Reaching safepoint: 201543 ns, At safepoint: 54027 ns, Total: 255570 ns
[2020-09-11T16:17:39.319+0000][1][safepoint    ] Safepoint "RevokeBias", Time since last: 76309 ns, Reaching safepoint: 192786 ns, At safepoint: 51909 ns, Total: 244695 ns
[2020-09-11T16:17:39.319+0000][1][safepoint    ] Safepoint "RevokeBias", Time since last: 67979 ns, Reaching safepoint: 204289 ns, At safepoint: 53523 ns, Total: 257812 ns
[2020-09-11T16:17:39.320+0000][1][safepoint    ] Safepoint "BulkRevokeBias", Time since last: 69994 ns, Reaching safepoint: 206263 ns, At safepoint: 707167 ns, Total: 913430 ns
[2020-09-11T16:17:39.321+0000][1][safepoint    ] Safepoint "RevokeBias", Time since last: 127015 ns, Reaching safepoint: 216908 ns, At safepoint: 54859 ns, Total: 271767 ns
[2020-09-11T16:17:39.327+0000][1][safepoint    ] Safepoint "RevokeBias", Time since last: 5701344 ns, Reaching safepoint: 218973 ns, At safepoint: 63443 ns, Total: 282416 ns
[2020-09-11T16:17:39.327+0000][1][safepoint    ] Safepoint "RevokeBias", Time since last: 34018 ns, Reaching safepoint: 157124 ns, At safepoint: 46031 ns, Total: 203155 ns
[2020-09-11T16:17:39.327+0000][1][safepoint    ] Safepoint "RevokeBias", Time since last: 25637 ns, Reaching safepoint: 153723 ns, At safepoint: 45286 ns, Total: 199009 ns
[2020-09-11T16:17:39.327+0000][1][safepoint    ] Safepoint "RevokeBias", Time since last: 24942 ns, Reaching safepoint: 155675 ns, At safepoint: 44005 ns, Total: 199680 ns
[2020-09-11T16:17:39.328+0000][1][safepoint    ] Safepoint "RevokeBias", Time since last: 24355 ns, Reaching safepoint: 153880 ns, At safepoint: 42611 ns, Total: 196491 ns
[2020-09-11T16:17:39.328+0000][1][safepoint    ] Safepoint "RevokeBias", Time since last: 40094 ns, Reaching safepoint: 156319 ns, At safepoint: 61000 ns, Total: 217319 ns
[2020-09-11T16:17:39.926+0000][1][safepoint    ] Safepoint "RevokeBias", Time since last: 597742535 ns, Reaching safepoint: 128732 ns, At safepoint: 49119 ns, Total: 177851 ns
[2020-09-11T16:17:40.926+0000][1][safepoint    ] Safepoint "Cleanup", Time since last: 1000181445 ns, Reaching safepoint: 130537 ns, At safepoint: 6974 ns, Total: 137511 ns
[2020-09-11T16:17:41.926+0000][1][safepoint    ] Safepoint "Cleanup", Time since last: 1000145306 ns, Reaching safepoint: 218631 ns, At safepoint: 20197 ns, Total: 238828 ns
[2020-09-11T16:17:42.201+0000][1][gc,start     ] GC(227) Pause Young (Allocation Failure)
[2020-09-11T16:17:42.201+0000][1][gc,task      ] GC(227) Using 1 workers of 1 for evacuation
[2020-09-11T16:17:42.224+0000][1][gc,age       ] GC(227) Desired survivor size 4358144 bytes, new threshold 6 (max threshold 6)
[2020-09-11T16:17:42.276+0000][1][gc,age       ] GC(227) Age table with threshold 6 (max threshold 6)
[2020-09-11T16:17:42.277+0000][1][gc,age       ] GC(227) - age   1:    1147648 bytes,    1147648 total
[2020-09-11T16:17:42.277+0000][1][gc,age       ] GC(227) - age   2:     396000 bytes,    1543648 total
[2020-09-11T16:17:42.277+0000][1][gc,age       ] GC(227) - age   3:     400512 bytes,    1944160 total
[2020-09-11T16:17:42.277+0000][1][gc,age       ] GC(227) - age   4:      28840 bytes,    1973000 total
[2020-09-11T16:17:42.277+0000][1][gc,age       ] GC(227) - age   5:     187992 bytes,    2160992 total
[2020-09-11T16:17:42.277+0000][1][gc,age       ] GC(227) - age   6:     103112 bytes,    2264104 total
[2020-09-11T16:17:42.277+0000][1][gc,heap      ] GC(227) ParNew: 70630K->2534K(76672K)
[2020-09-11T16:17:42.277+0000][1][gc,heap      ] GC(227) CMS: 196601K->196702K(2011968K)
[2020-09-11T16:17:42.277+0000][1][gc,metaspace ] GC(227) Metaspace: 101603K->101603K(1142784K)
[2020-09-11T16:17:42.277+0000][1][gc           ] GC(227) Pause Young (Allocation Failure) 260M->194M(2039M) 76.426ms
[2020-09-11T16:17:42.277+0000][1][gc,cpu       ] GC(227) User=0.02s Sys=0.00s Real=0.08s
[2020-09-11T16:17:42.279+0000][1][safepoint    ] Safepoint "GenCollectForAllocation", Time since last: 272426367 ns, Reaching safepoint: 1625771 ns, At safepoint: 78779371 ns, Total: 80405142 ns
[2020-09-11T16:17:42.804+0000][1][safepoint    ] Safepoint "RevokeBias", Time since last: 524625385 ns, Reaching safepoint: 208031 ns, At safepoint: 16666 ns, Total: 224697 ns
[2020-09-11T16:17:42.815+0000][1][safepoint    ] Safepoint "RevokeBias", Time since last: 10547707 ns, Reaching safepoint: 280318 ns, At safepoint: 20367 ns, Total: 300685 ns
[2020-09-11T16:17:42.961+0000][1][safepoint    ] Safepoint "RevokeBias", Time since last: 145978321 ns, Reaching safepoint: 166175 ns, At safepoint: 17948 ns, Total: 184123 ns
[2020-09-11T16:17:42.963+0000][1][safepoint    ] Safepoint "BulkRevokeBias", Time since last: 1768309 ns, Reaching safepoint: 169257 ns, At safepoint: 236382 ns, Total: 405639 ns
[2020-09-11T16:17:43.163+0000][1][safepoint    ] Safepoint "RevokeBias", Time since last: 198866947 ns, Reaching safepoint: 938411 ns, At safepoint: 59589 ns, Total: 998000 ns
[2020-09-11T16:17:43.748+0000][1][safepoint    ] Safepoint "RevokeBias", Time since last: 585056144 ns, Reaching safepoint: 222549 ns, At safepoint: 23006 ns, Total: 245555 ns
[2020-09-11T16:17:43.769+0000][1][safepoint    ] Safepoint "RevokeBias", Time since last: 20043101 ns, Reaching safepoint: 258629 ns, At safepoint: 25864 ns, Total: 284493 ns
[2020-09-11T16:17:43.966+0000][1][safepoint    ] Safepoint "RevokeBias", Time since last: 196767377 ns, Reaching safepoint: 120075 ns, At safepoint: 21435 ns, Total: 141510 ns
[2020-09-11T16:17:43.966+0000][1][safepoint    ] Safepoint "BulkRevokeBias", Time since last: 249106 ns, Reaching safepoint: 83860 ns, At safepoint: 343942 ns, Total: 427802 ns
[2020-09-11T16:17:43.967+0000][1][safepoint    ] Safepoint "RevokeBias", Time since last: 338392 ns, Reaching safepoint: 65101 ns, At safepoint: 13364 ns, Total: 78465 ns
[2020-09-11T16:17:43.967+0000][1][safepoint    ] Safepoint "RevokeBias", Time since last: 35541 ns, Reaching safepoint: 48386 ns, At safepoint: 10890 ns, Total: 59276 ns
[2020-09-11T16:17:43.967+0000][1][safepoint    ] Safepoint "RevokeBias", Time since last: 29019 ns, Reaching safepoint: 44651 ns, At safepoint: 10274 ns, Total: 54925 ns
[2020-09-11T16:17:43.967+0000][1][safepoint    ] Safepoint "RevokeBias", Time since last: 27932 ns, Reaching safepoint: 43718 ns, At safepoint: 18557 ns, Total: 62275 ns
[2020-09-11T16:17:43.967+0000][1][safepoint    ] Safepoint "RevokeBias", Time since last: 23708 ns, Reaching safepoint: 42275 ns, At safepoint: 17744 ns, Total: 60019 ns
[2020-09-11T16:17:43.967+0000][1][safepoint    ] Safepoint "RevokeBias", Time since last: 23672 ns, Reaching safepoint: 42097 ns, At safepoint: 17724 ns, Total: 59821 ns
[2020-09-11T16:17:43.967+0000][1][safepoint    ] Safepoint "RevokeBias", Time since last: 23871 ns, Reaching safepoint: 42618 ns, At safepoint: 17010 ns, Total: 59628 ns
[2020-09-11T16:17:43.967+0000][1][safepoint    ] Safepoint "RevokeBias", Time since last: 51760 ns, Reaching safepoint: 43476 ns, At safepoint: 17389 ns, Total: 60865 ns
[2020-09-11T16:17:43.988+0000][1][safepoint    ] Safepoint "RevokeBias", Time since last: 11055745 ns, Reaching safepoint: 556088 ns, At safepoint: 8843531 ns, Total: 9399619 ns
[2020-09-11T16:17:43.989+0000][1][safepoint    ] Safepoint "RevokeBias", Time since last: 112884 ns, Reaching safepoint: 312602 ns, At safepoint: 451214 ns, Total: 763816 ns
[2020-09-11T16:17:43.989+0000][1][safepoint    ] Safepoint "RevokeBias", Time since last: 62041 ns, Reaching safepoint: 158922 ns, At safepoint: 97205 ns, Total: 256127 ns
[2020-09-11T16:17:43.992+0000][1][safepoint    ] Safepoint "RevokeBias", Time since last: 2654389 ns, Reaching safepoint: 192936 ns, At safepoint: 16596 ns, Total: 209532 ns
[2020-09-11T16:17:43.992+0000][1][safepoint    ] Safepoint "RevokeBias", Time since last: 59709 ns, Reaching safepoint: 162164 ns, At safepoint: 11885 ns, Total: 174049 ns
[2020-09-11T16:17:43.996+0000][1][safepoint    ] Safepoint "RevokeBias", Time since last: 3964380 ns, Reaching safepoint: 195130 ns, At safepoint: 22006 ns, Total: 217136 ns
[2020-09-11T16:17:44.997+0000][1][safepoint    ] Safepoint "Cleanup", Time since last: 1000151944 ns, Reaching safepoint: 213476 ns, At safepoint: 42147 ns, Total: 255623 ns
[2020-09-11T16:17:45.997+0000][1][safepoint    ] Safepoint "Cleanup", Time since last: 1000183308 ns, Reaching safepoint: 186735 ns, At safepoint: 21196 ns, Total: 207931 ns
[2020-09-11T16:17:47.998+0000][1][safepoint    ] Safepoint "Cleanup", Time since last: 2000388056 ns, Reaching safepoint: 173304 ns, At safepoint: 17921 ns, Total: 191225 ns
[2020-09-11T16:17:48.400+0000][1][gc,start     ] GC(228) Pause Young (Allocation Failure)
[2020-09-11T16:17:48.400+0000][1][gc,task      ] GC(228) Using 1 workers of 1 for evacuation
[2020-09-11T16:17:48.420+0000][1][gc,age       ] GC(228) Desired survivor size 4358144 bytes, new threshold 6 (max threshold 6)
[2020-09-11T16:17:48.420+0000][1][gc,age       ] GC(228) Age table with threshold 6 (max threshold 6)
[2020-09-11T16:17:48.420+0000][1][gc,age       ] GC(228) - age   1:    1146720 bytes,    1146720 total
[2020-09-11T16:17:48.420+0000][1][gc,age       ] GC(228) - age   2:    1003472 bytes,    2150192 total
[2020-09-11T16:17:48.420+0000][1][gc,age       ] GC(228) - age   3:     371048 bytes,    2521240 total
[2020-09-11T16:17:48.420+0000][1][gc,age       ] GC(228) - age   4:     394176 bytes,    2915416 total
[2020-09-11T16:17:48.420+0000][1][gc,age       ] GC(228) - age   5:      27640 bytes,    2943056 total
[2020-09-11T16:17:48.420+0000][1][gc,age       ] GC(228) - age   6:     159568 bytes,    3102624 total
[2020-09-11T16:17:48.421+0000][1][gc,heap      ] GC(228) ParNew: 70694K->3738K(76672K)
[2020-09-11T16:17:48.421+0000][1][gc,heap      ] GC(228) CMS: 196702K->196786K(2011968K)
[2020-09-11T16:17:48.421+0000][1][gc,metaspace ] GC(228) Metaspace: 101612K->101612K(1142784K)
[2020-09-11T16:17:48.421+0000][1][gc           ] GC(228) Pause Young (Allocation Failure) 261M->195M(2039M) 20.473ms
[2020-09-11T16:17:48.421+0000][1][gc,cpu       ] GC(228) User=0.02s Sys=0.00s Real=0.02s
[2020-09-11T16:17:48.422+0000][1][safepoint    ] Safepoint "GenCollectForAllocation", Time since last: 402162388 ns, Reaching safepoint: 166549 ns, At safepoint: 21425146 ns, Total: 21591695 ns
[2020-09-11T16:17:49.425+0000][1][safepoint    ] Safepoint "Cleanup", Time since last: 1003473990 ns, Reaching safepoint: 123516 ns, At safepoint: 18467 ns, Total: 141983 ns
[2020-09-11T16:17:51.426+0000][1][safepoint    ] Safepoint "Cleanup", Time since last: 2000273075 ns, Reaching safepoint: 122508 ns, At safepoint: 6854 ns, Total: 129362 ns
[2020-09-11T16:17:53.760+0000][1][safepoint    ] Safepoint "RevokeBias", Time since last: 2333662657 ns, Reaching safepoint: 270997 ns, At safepoint: 252202 ns, Total: 523199 ns
[2020-09-11T16:17:54.792+0000][1][safepoint    ] Safepoint "Cleanup", Time since last: 1032035699 ns, Reaching safepoint: 194441 ns, At safepoint: 7483 ns, Total: 201924 ns
[2020-09-11T16:17:56.241+0000][1][safepoint    ] Safepoint "Cleanup", Time since last: 1448946923 ns, Reaching safepoint: 135946 ns, At safepoint: 7134 ns, Total: 143080 ns
[2020-09-11T16:18:00.818+0000][1][safepoint    ] Safepoint "RevokeBias", Time since last: 4576695396 ns, Reaching safepoint: 196060 ns, At safepoint: 60312 ns, Total: 256372 ns
[2020-09-11T16:18:03.749+0000][1][safepoint    ] Safepoint "RevokeBias", Time since last: 2931048237 ns, Reaching safepoint: 229860 ns, At safepoint: 21329 ns, Total: 251189 ns
[2020-09-11T16:18:07.414+0000][1][safepoint    ] Safepoint "RevokeBias", Time since last: 3664712620 ns, Reaching safepoint: 200343 ns, At safepoint: 65233 ns, Total: 265576 ns
[2020-09-11T16:18:08.415+0000][1][safepoint    ] Safepoint "Cleanup", Time since last: 1000224465 ns, Reaching safepoint: 106855 ns, At safepoint: 7494 ns, Total: 114349 ns
[2020-09-11T16:18:13.322+0000][1][safepoint    ] Safepoint "RevokeBias", Time since last: 4906964306 ns, Reaching safepoint: 91404 ns, At safepoint: 18484 ns, Total: 109888 ns
[2020-09-11T16:18:13.331+0000][1][gc,start     ] GC(229) Pause Young (Allocation Failure)
[2020-09-11T16:18:13.331+0000][1][gc,task      ] GC(229) Using 1 workers of 1 for evacuation
[2020-09-11T16:18:13.351+0000][1][gc,age       ] GC(229) Desired survivor size 4358144 bytes, new threshold 6 (max threshold 6)
[2020-09-11T16:18:13.351+0000][1][gc,age       ] GC(229) Age table with threshold 6 (max threshold 6)
[2020-09-11T16:18:13.351+0000][1][gc,age       ] GC(229) - age   1:     203392 bytes,     203392 total
[2020-09-11T16:18:13.351+0000][1][gc,age       ] GC(229) - age   2:    1087704 bytes,    1291096 total
[2020-09-11T16:18:13.351+0000][1][gc,age       ] GC(229) - age   3:     998888 bytes,    2289984 total
[2020-09-11T16:18:13.351+0000][1][gc,age       ] GC(229) - age   4:     365360 bytes,    2655344 total
[2020-09-11T16:18:13.351+0000][1][gc,age       ] GC(229) - age   5:     378296 bytes,    3033640 total
[2020-09-11T16:18:13.351+0000][1][gc,age       ] GC(229) - age   6:      27040 bytes,    3060680 total
[2020-09-11T16:18:13.351+0000][1][gc,heap      ] GC(229) ParNew: 71873K->5479K(76672K)
[2020-09-11T16:18:13.351+0000][1][gc,heap      ] GC(229) CMS: 196786K->196940K(2011968K)
[2020-09-11T16:18:13.351+0000][1][gc,metaspace ] GC(229) Metaspace: 101619K->101619K(1142784K)
[2020-09-11T16:18:13.351+0000][1][gc           ] GC(229) Pause Young (Allocation Failure) 262M->197M(2039M) 19.647ms
[2020-09-11T16:18:13.351+0000][1][gc,cpu       ] GC(229) User=0.02s Sys=0.00s Real=0.02s
[2020-09-11T16:18:13.351+0000][1][safepoint    ] Safepoint "GenCollectForAllocation", Time since last: 9265648 ns, Reaching safepoint: 201671 ns, At safepoint: 19798089 ns, Total: 19999760 ns
[2020-09-11T16:18:13.744+0000][1][safepoint    ] Safepoint "RevokeBias", Time since last: 392869883 ns, Reaching safepoint: 273049 ns, At safepoint: 20503 ns, Total: 293552 ns
[2020-09-11T16:18:23.755+0000][1][safepoint    ] Safepoint "RevokeBias", Time since last: 10010147569 ns, Reaching safepoint: 234342 ns, At safepoint: 233722 ns, Total: 468064 ns
[2020-09-11T16:18:29.396+0000][1][safepoint    ] Safepoint "RevokeBias", Time since last: 5641316157 ns, Reaching safepoint: 91727 ns, At safepoint: 18732 ns, Total: 110459 ns
[2020-09-11T16:18:33.397+0000][1][safepoint    ] Safepoint "Cleanup", Time since last: 4000664098 ns, Reaching safepoint: 101832 ns, At safepoint: 9946 ns, Total: 111778 ns
[2020-09-11T16:18:33.473+0000][1][gc,start     ] GC(230) Pause Young (Allocation Failure)
[2020-09-11T16:18:33.473+0000][1][gc,task      ] GC(230) Using 1 workers of 1 for evacuation
[2020-09-11T16:18:33.491+0000][1][gc,age       ] GC(230) Desired survivor size 4358144 bytes, new threshold 6 (max threshold 6)
[2020-09-11T16:18:33.491+0000][1][gc,age       ] GC(230) Age table with threshold 6 (max threshold 6)
[2020-09-11T16:18:33.491+0000][1][gc,age       ] GC(230) - age   1:     182472 bytes,     182472 total
[2020-09-11T16:18:33.491+0000][1][gc,age       ] GC(230) - age   2:      74560 bytes,     257032 total
[2020-09-11T16:18:33.491+0000][1][gc,age       ] GC(230) - age   3:    1083272 bytes,    1340304 total
[2020-09-11T16:18:33.491+0000][1][gc,age       ] GC(230) - age   4:     998888 bytes,    2339192 total
[2020-09-11T16:18:33.491+0000][1][gc,age       ] GC(230) - age   5:     365360 bytes,    2704552 total
[2020-09-11T16:18:33.491+0000][1][gc,age       ] GC(230) - age   6:     339240 bytes,    3043792 total
[2020-09-11T16:18:33.491+0000][1][gc,heap      ] GC(230) ParNew: 73639K->3611K(76672K)
[2020-09-11T16:18:33.491+0000][1][gc,heap      ] GC(230) CMS: 196940K->196966K(2011968K)
[2020-09-11T16:18:33.491+0000][1][gc,metaspace ] GC(230) Metaspace: 101630K->101630K(1142784K)
[2020-09-11T16:18:33.491+0000][1][gc           ] GC(230) Pause Young (Allocation Failure) 264M->195M(2039M) 17.992ms
[2020-09-11T16:18:33.491+0000][1][gc,cpu       ] GC(230) User=0.01s Sys=0.00s Real=0.01s
[2020-09-11T16:18:33.491+0000][1][safepoint    ] Safepoint "GenCollectForAllocation", Time since last: 76093566 ns, Reaching safepoint: 208022 ns, At safepoint: 18101551 ns, Total: 18309573 ns
[2020-09-11T16:18:33.758+0000][1][safepoint    ] Safepoint "RevokeBias", Time since last: 265699143 ns, Reaching safepoint: 237765 ns, At safepoint: 251837 ns, Total: 489602 ns
[2020-09-11T16:18:34.758+0000][1][safepoint    ] Safepoint "Cleanup", Time since last: 1000177584 ns, Reaching safepoint: 179315 ns, At safepoint: 18235 ns, Total: 197550 ns
[2020-09-11T16:18:41.319+0000][1][safepoint    ] Safepoint "RevokeBias", Time since last: 6561433933 ns, Reaching safepoint: 101823 ns, At safepoint: 22587 ns, Total: 124410 ns
[2020-09-11T16:18:43.325+0000][1][safepoint    ] Safepoint "RevokeBias", Time since last: 2005146072 ns, Reaching safepoint: 569247 ns, At safepoint: 58511 ns, Total: 627758 ns
[2020-09-11T16:18:43.326+0000][1][safepoint    ] Safepoint "RevokeBias", Time since last: 159826 ns, Reaching safepoint: 323757 ns, At safepoint: 44622 ns, Total: 368379 ns
[2020-09-11T16:18:43.328+0000][1][safepoint    ] Safepoint "BulkRevokeBias", Time since last: 102479 ns, Reaching safepoint: 288489 ns, At safepoint: 1621999 ns, Total: 1910488 ns
[2020-09-11T16:18:43.761+0000][1][safepoint    ] Safepoint "RevokeBias", Time since last: 433010173 ns, Reaching safepoint: 432194 ns, At safepoint: 23265 ns, Total: 455459 ns
[2020-09-11T16:18:48.764+0000][1][safepoint    ] Safepoint "Cleanup", Time since last: 5002461269 ns, Reaching safepoint: 283374 ns, At safepoint: 19996 ns, Total: 303370 ns
[2020-09-11T16:18:52.766+0000][1][safepoint    ] Safepoint "Cleanup", Time since last: 4001548311 ns, Reaching safepoint: 125412 ns, At safepoint: 7694 ns, Total: 133106 ns
[2020-09-11T16:18:53.767+0000][1][safepoint    ] Safepoint "Cleanup", Time since last: 1001051282 ns, Reaching safepoint: 216290 ns, At safepoint: 12319 ns, Total: 228609 ns
[2020-09-11T16:18:53.777+0000][1][safepoint    ] Safepoint "RevokeBias", Time since last: 7186392 ns, Reaching safepoint: 2170467 ns, At safepoint: 238320 ns, Total: 2408787 ns
[2020-09-11T16:18:53.805+0000][1][gc,start     ] GC(231) Pause Young (Allocation Failure)
[2020-09-11T16:18:53.805+0000][1][gc,task      ] GC(231) Using 1 workers of 1 for evacuation
[2020-09-11T16:18:53.829+0000][1][gc,age       ] GC(231) Desired survivor size 4358144 bytes, new threshold 6 (max threshold 6)
[2020-09-11T16:18:53.829+0000][1][gc,age       ] GC(231) Age table with threshold 6 (max threshold 6)
[2020-09-11T16:18:53.829+0000][1][gc,age       ] GC(231) - age   1:     447856 bytes,     447856 total
[2020-09-11T16:18:53.829+0000][1][gc,age       ] GC(231) - age   2:      98576 bytes,     546432 total
[2020-09-11T16:18:53.829+0000][1][gc,age       ] GC(231) - age   3:      70152 bytes,     616584 total
[2020-09-11T16:18:53.829+0000][1][gc,age       ] GC(231) - age   4:    1083144 bytes,    1699728 total
[2020-09-11T16:18:53.829+0000][1][gc,age       ] GC(231) - age   5:     998888 bytes,    2698616 total
[2020-09-11T16:18:53.829+0000][1][gc,age       ] GC(231) - age   6:     365168 bytes,    3063784 total
[2020-09-11T16:18:53.829+0000][1][gc,heap      ] GC(231) ParNew: 71771K->5361K(76672K)
[2020-09-11T16:18:53.829+0000][1][gc,heap      ] GC(231) CMS: 196966K->197307K(2011968K)
[2020-09-11T16:18:53.829+0000][1][gc,metaspace ] GC(231) Metaspace: 101639K->101639K(1142784K)
[2020-09-11T16:18:53.829+0000][1][gc           ] GC(231) Pause Young (Allocation Failure) 262M->197M(2039M) 24.659ms
[2020-09-11T16:18:53.829+0000][1][gc,cpu       ] GC(231) User=0.02s Sys=0.00s Real=0.02s
[2020-09-11T16:18:53.830+0000][1][safepoint    ] Safepoint "GenCollectForAllocation", Time since last: 25362602 ns, Reaching safepoint: 2612964 ns, At safepoint: 25238020 ns, Total: 27850984 ns
[2020-09-11T16:18:54.841+0000][1][safepoint    ] Safepoint "Cleanup", Time since last: 1011148725 ns, Reaching safepoint: 122794 ns, At safepoint: 7510 ns, Total: 130304 ns
[2020-09-11T16:19:03.784+0000][1][safepoint    ] Safepoint "RevokeBias", Time since last: 8938945415 ns, Reaching safepoint: 3329037 ns, At safepoint: 280111 ns, Total: 3609148 ns
[2020-09-11T16:19:13.767+0000][1][safepoint    ] Safepoint "RevokeBias", Time since last: 9983166931 ns, Reaching safepoint: 100595 ns, At safepoint: 22889 ns, Total: 123484 ns
[2020-09-11T16:19:13.849+0000][1][gc,start     ] GC(232) Pause Young (Allocation Failure)
[2020-09-11T16:19:13.849+0000][1][gc,task      ] GC(232) Using 1 workers of 1 for evacuation
[2020-09-11T16:19:13.879+0000][1][gc,age       ] GC(232) Desired survivor size 4358144 bytes, new threshold 6 (max threshold 6)
[2020-09-11T16:19:13.879+0000][1][gc,age       ] GC(232) Age table with threshold 6 (max threshold 6)
[2020-09-11T16:19:13.879+0000][1][gc,age       ] GC(232) - age   1:    1123208 bytes,    1123208 total
[2020-09-11T16:19:13.879+0000][1][gc,age       ] GC(232) - age   2:     149776 bytes,    1272984 total
[2020-09-11T16:19:13.879+0000][1][gc,age       ] GC(232) - age   3:      93792 bytes,    1366776 total
[2020-09-11T16:19:13.879+0000][1][gc,age       ] GC(232) - age   4:      69824 bytes,    1436600 total
[2020-09-11T16:19:13.879+0000][1][gc,age       ] GC(232) - age   5:    1081832 bytes,    2518432 total
[2020-09-11T16:19:13.879+0000][1][gc,age       ] GC(232) - age   6:     997648 bytes,    3516080 total
[2020-09-11T16:19:13.879+0000][1][gc,heap      ] GC(232) ParNew: 73521K->3584K(76672K)
[2020-09-11T16:19:13.879+0000][1][gc,heap      ] GC(232) CMS: 197307K->197365K(2011968K)
[2020-09-11T16:19:13.879+0000][1][gc,metaspace ] GC(232) Metaspace: 101639K->101639K(1142784K)
[2020-09-11T16:19:13.879+0000][1][gc           ] GC(232) Pause Young (Allocation Failure) 264M->196M(2039M) 29.700ms
[2020-09-11T16:19:13.879+0000][1][gc,cpu       ] GC(232) User=0.02s Sys=0.00s Real=0.03s
[2020-09-11T16:19:13.897+0000][1][safepoint    ] Safepoint "GenCollectForAllocation", Time since last: 82282578 ns, Reaching safepoint: 165445 ns, At safepoint: 47458141 ns, Total: 47623586 ns
[2020-09-11T16:19:23.769+0000][1][safepoint    ] Safepoint "RevokeBias", Time since last: 9871971956 ns, Reaching safepoint: 196820 ns, At safepoint: 21031 ns, Total: 217851 ns
[2020-09-11T16:19:24.432+0000][1][safepoint    ] Safepoint "RevokeBias", Time since last: 662793446 ns, Reaching safepoint: 426746 ns, At safepoint: 56149 ns, Total: 482895 ns
[2020-09-11T16:19:24.433+0000][1][safepoint    ] Safepoint "RevokeBias", Time since last: 149099 ns, Reaching safepoint: 416643 ns, At safepoint: 40226 ns, Total: 456869 ns
[2020-09-11T16:19:24.433+0000][1][safepoint    ] Safepoint "RevokeBias", Time since last: 98944 ns, Reaching safepoint: 268406 ns, At safepoint: 64284 ns, Total: 332690 ns
[2020-09-11T16:19:24.434+0000][1][safepoint    ] Safepoint "RevokeBias", Time since last: 78784 ns, Reaching safepoint: 280250 ns, At safepoint: 61608 ns, Total: 341858 ns
[2020-09-11T16:19:33.753+0000][1][safepoint    ] Safepoint "RevokeBias", Time since last: 9319066963 ns, Reaching safepoint: 206315 ns, At safepoint: 22117 ns, Total: 228432 ns
[2020-09-11T16:19:33.822+0000][1][gc,start     ] GC(233) Pause Young (Allocation Failure)
[2020-09-11T16:19:33.822+0000][1][gc,task      ] GC(233) Using 1 workers of 1 for evacuation
[2020-09-11T16:19:33.860+0000][1][gc,age       ] GC(233) Desired survivor size 4358144 bytes, new threshold 6 (max threshold 6)
[2020-09-11T16:19:33.860+0000][1][gc,age       ] GC(233) Age table with threshold 6 (max threshold 6)
[2020-09-11T16:19:33.860+0000][1][gc,age       ] GC(233) - age   1:     341544 bytes,     341544 total
[2020-09-11T16:19:33.860+0000][1][gc,age       ] GC(233) - age   2:     584808 bytes,     926352 total
[2020-09-11T16:19:33.860+0000][1][gc,age       ] GC(233) - age   3:     132296 bytes,    1058648 total
[2020-09-11T16:19:33.860+0000][1][gc,age       ] GC(233) - age   4:      93360 bytes,    1152008 total
[2020-09-11T16:19:33.860+0000][1][gc,age       ] GC(233) - age   5:      67264 bytes,    1219272 total
[2020-09-11T16:19:33.860+0000][1][gc,age       ] GC(233) - age   6:    1064704 bytes,    2283976 total
[2020-09-11T16:19:33.860+0000][1][gc,heap      ] GC(233) ParNew: 71744K->3023K(76672K)
[2020-09-11T16:19:33.860+0000][1][gc,heap      ] GC(233) CMS: 197365K->198359K(2011968K)
[2020-09-11T16:19:33.860+0000][1][gc,metaspace ] GC(233) Metaspace: 101639K->101639K(1142784K)
[2020-09-11T16:19:33.860+0000][1][gc           ] GC(233) Pause Young (Allocation Failure) 262M->196M(2039M) 37.867ms
[2020-09-11T16:19:33.860+0000][1][gc,cpu       ] GC(233) User=0.04s Sys=0.00s Real=0.03s
[2020-09-11T16:19:33.863+0000][1][safepoint    ] Safepoint "GenCollectForAllocation", Time since last: 68962040 ns, Reaching safepoint: 187124 ns, At safepoint: 40593056 ns, Total: 40780180 ns
[2020-09-11T16:19:43.795+0000][1][safepoint    ] Safepoint "RevokeBias", Time since last: 9931613460 ns, Reaching safepoint: 742710 ns, At safepoint: 23800 ns, Total: 766510 ns
[2020-09-11T16:19:50.796+0000][1][safepoint    ] Safepoint "Cleanup", Time since last: 7000595552 ns, Reaching safepoint: 258820 ns, At safepoint: 10430 ns, Total: 269250 ns
[2020-09-11T16:19:53.776+0000][1][safepoint    ] Safepoint "RevokeBias", Time since last: 2979161607 ns, Reaching safepoint: 702330 ns, At safepoint: 325187 ns, Total: 1027517 ns
[2020-09-11T16:19:54.776+0000][1][safepoint    ] Safepoint "Cleanup", Time since last: 1000084593 ns, Reaching safepoint: 101493 ns, At safepoint: 7156 ns, Total: 108649 ns
[2020-09-11T16:19:58.595+0000][1][gc,start     ] GC(234) Pause Young (Allocation Failure)
[2020-09-11T16:19:58.595+0000][1][gc,task      ] GC(234) Using 1 workers of 1 for evacuation
[2020-09-11T16:19:58.619+0000][1][gc,age       ] GC(234) Desired survivor size 4358144 bytes, new threshold 6 (max threshold 6)
[2020-09-11T16:19:58.619+0000][1][gc,age       ] GC(234) Age table with threshold 6 (max threshold 6)
[2020-09-11T16:19:58.619+0000][1][gc,age       ] GC(234) - age   1:     276640 bytes,     276640 total
[2020-09-11T16:19:58.619+0000][1][gc,age       ] GC(234) - age   2:      83728 bytes,     360368 total
[2020-09-11T16:19:58.619+0000][1][gc,age       ] GC(234) - age   3:     580168 bytes,     940536 total
[2020-09-11T16:19:58.619+0000][1][gc,age       ] GC(234) - age   4:     131760 bytes,    1072296 total
[2020-09-11T16:19:58.619+0000][1][gc,age       ] GC(234) - age   5:      65256 bytes,    1137552 total
[2020-09-11T16:19:58.619+0000][1][gc,age       ] GC(234) - age   6:      57824 bytes,    1195376 total
[2020-09-11T16:19:58.619+0000][1][gc,heap      ] GC(234) ParNew: 71183K->2428K(76672K)
[2020-09-11T16:19:58.619+0000][1][gc,heap      ] GC(234) CMS: 198359K->199346K(2011968K)
[2020-09-11T16:19:58.619+0000][1][gc,metaspace ] GC(234) Metaspace: 101647K->101647K(1142784K)
[2020-09-11T16:19:58.619+0000][1][gc           ] GC(234) Pause Young (Allocation Failure) 263M->197M(2039M) 24.847ms
[2020-09-11T16:19:58.619+0000][1][gc,cpu       ] GC(234) User=0.01s Sys=0.00s Real=0.02s
[2020-09-11T16:19:58.620+0000][1][safepoint    ] Safepoint "GenCollectForAllocation", Time since last: 3817988399 ns, Reaching safepoint: 167326 ns, At safepoint: 24979034 ns, Total: 25146360 ns
[2020-09-11T16:20:03.625+0000][1][safepoint    ] Safepoint "Cleanup", Time since last: 5004823411 ns, Reaching safepoint: 183624 ns, At safepoint: 8395 ns, Total: 192019 ns
[2020-09-11T16:20:03.766+0000][1][safepoint    ] Safepoint "BulkRevokeBias", Time since last: 140050267 ns, Reaching safepoint: 275234 ns, At safepoint: 694206 ns, Total: 969440 ns
[2020-09-11T16:20:03.819+0000][1][safepoint    ] Safepoint "RevokeBias", Time since last: 53286105 ns, Reaching safepoint: 180585 ns, At safepoint: 26507 ns, Total: 207092 ns
[2020-09-11T16:20:13.813+0000][1][safepoint    ] Safepoint "RevokeBias", Time since last: 9990901073 ns, Reaching safepoint: 2822114 ns, At safepoint: 237003 ns, Total: 3059117 ns
[2020-09-11T16:20:19.814+0000][1][safepoint    ] Safepoint "Cleanup", Time since last: 6000512620 ns, Reaching safepoint: 120498 ns, At safepoint: 6844 ns, Total: 127342 ns
[2020-09-11T16:20:21.045+0000][1][safepoint    ] Safepoint "Cleanup", Time since last: 1231645486 ns, Reaching safepoint: 114376 ns, At safepoint: 8007 ns, Total: 122383 ns
[2020-09-11T16:20:22.046+0000][1][safepoint    ] Safepoint "Cleanup", Time since last: 1000197987 ns, Reaching safepoint: 111356 ns, At safepoint: 8032 ns, Total: 119388 ns
[2020-09-11T16:20:23.046+0000][1][safepoint    ] Safepoint "Cleanup", Time since last: 1000140710 ns, Reaching safepoint: 166238 ns, At safepoint: 16538 ns, Total: 182776 ns
[2020-09-11T16:20:23.645+0000][1][gc,start     ] GC(235) Pause Young (Allocation Failure)
[2020-09-11T16:20:23.733+0000][1][gc,task      ] GC(235) Using 1 workers of 1 for evacuation
[2020-09-11T16:20:23.749+0000][1][gc,age       ] GC(235) Desired survivor size 4358144 bytes, new threshold 6 (max threshold 6)
[2020-09-11T16:20:23.750+0000][1][gc,age       ] GC(235) Age table with threshold 6 (max threshold 6)
[2020-09-11T16:20:23.750+0000][1][gc,age       ] GC(235) - age   1:     172552 bytes,     172552 total
[2020-09-11T16:20:23.750+0000][1][gc,age       ] GC(235) - age   2:     190104 bytes,     362656 total
[2020-09-11T16:20:23.750+0000][1][gc,age       ] GC(235) - age   3:      80784 bytes,     443440 total
[2020-09-11T16:20:23.750+0000][1][gc,age       ] GC(235) - age   4:     579568 bytes,    1023008 total
[2020-09-11T16:20:23.750+0000][1][gc,age       ] GC(235) - age   5:     131488 bytes,    1154496 total
[2020-09-11T16:20:23.750+0000][1][gc,age       ] GC(235) - age   6:      19216 bytes,    1173712 total
[2020-09-11T16:20:23.750+0000][1][gc,heap      ] GC(235) ParNew: 70588K->2089K(76672K)
[2020-09-11T16:20:23.750+0000][1][gc,heap      ] GC(235) CMS: 199346K->199402K(2011968K)
[2020-09-11T16:20:23.750+0000][1][gc,metaspace ] GC(235) Metaspace: 101647K->101647K(1142784K)
[2020-09-11T16:20:23.750+0000][1][gc           ] GC(235) Pause Young (Allocation Failure) 263M->196M(2039M) 104.754ms
[2020-09-11T16:20:23.750+0000][1][gc,cpu       ] GC(235) User=0.02s Sys=0.00s Real=0.10s
[2020-09-11T16:20:23.750+0000][1][safepoint    ] Safepoint "GenCollectForAllocation", Time since last: 598467505 ns, Reaching safepoint: 336626 ns, At safepoint: 104854865 ns, Total: 105191491 ns
[2020-09-11T16:20:24.035+0000][1][safepoint    ] Safepoint "RevokeBias", Time since last: 269673435 ns, Reaching safepoint: 15720893 ns, At safepoint: 301230 ns, Total: 16022123 ns
[2020-09-11T16:20:25.036+0000][1][safepoint    ] Safepoint "Cleanup", Time since last: 1000179651 ns, Reaching safepoint: 170562 ns, At safepoint: 8122 ns, Total: 178684 ns
[2020-09-11T16:20:30.362+0000][1][safepoint    ] Safepoint "Cleanup", Time since last: 5325805465 ns, Reaching safepoint: 251383 ns, At safepoint: 18309 ns, Total: 269692 ns
[2020-09-11T16:20:31.362+0000][1][safepoint    ] Safepoint "Cleanup", Time since last: 1000195359 ns, Reaching safepoint: 179027 ns, At safepoint: 17708 ns, Total: 196735 ns
[2020-09-11T16:20:32.363+0000][1][safepoint    ] Safepoint "Cleanup", Time since last: 1000193775 ns, Reaching safepoint: 242497 ns, At safepoint: 21055 ns, Total: 263552 ns
[2020-09-11T16:20:33.363+0000][1][safepoint    ] Safepoint "Cleanup", Time since last: 1000242774 ns, Reaching safepoint: 86573 ns, At safepoint: 6288 ns, Total: 92861 ns
[2020-09-11T16:20:33.813+0000][1][safepoint    ] Safepoint "RevokeBias", Time since last: 449918185 ns, Reaching safepoint: 196702 ns, At safepoint: 192041 ns, Total: 388743 ns
[2020-09-11T16:20:34.814+0000][1][safepoint    ] Safepoint "Cleanup", Time since last: 1000167728 ns, Reaching safepoint: 120167 ns, At safepoint: 7059 ns, Total: 127226 ns
[2020-09-11T16:20:35.814+0000][1][safepoint    ] Safepoint "Cleanup", Time since last: 1000145403 ns, Reaching safepoint: 136214 ns, At safepoint: 10077 ns, Total: 146291 ns
[2020-09-11T16:20:36.814+0000][1][safepoint    ] Safepoint "Cleanup", Time since last: 1000171670 ns, Reaching safepoint: 129529 ns, At safepoint: 10054 ns, Total: 139583 ns
[2020-09-11T16:20:37.815+0000][1][safepoint    ] Safepoint "Cleanup", Time since last: 1000168686 ns, Reaching safepoint: 122012 ns, At safepoint: 6970 ns, Total: 128982 ns
[2020-09-11T16:20:38.815+0000][1][safepoint    ] Safepoint "Cleanup", Time since last: 1000177514 ns, Reaching safepoint: 168524 ns, At safepoint: 17887 ns, Total: 186411 ns
[2020-09-11T16:20:39.276+0000][1][safepoint    ] Safepoint "RevokeBias", Time since last: 460692649 ns, Reaching safepoint: 160377 ns, At safepoint: 8880 ns, Total: 169257 ns
[2020-09-11T16:20:39.276+0000][1][safepoint    ] Safepoint "RevokeBias", Time since last: 92956 ns, Reaching safepoint: 102994 ns, At safepoint: 6130 ns, Total: 109124 ns
[2020-09-11T16:20:39.276+0000][1][safepoint    ] Safepoint "RevokeBias", Time since last: 394761 ns, Reaching safepoint: 126580 ns, At safepoint: 7833 ns, Total: 134413 ns
[2020-09-11T16:20:39.278+0000][1][safepoint    ] Safepoint "RevokeBias", Time since last: 830737 ns, Reaching safepoint: 201403 ns, At safepoint: 8856 ns, Total: 210259 ns
[2020-09-11T16:20:39.278+0000][1][safepoint    ] Safepoint "RevokeBias", Time since last: 83531 ns, Reaching safepoint: 311825 ns, At safepoint: 8199 ns, Total: 320024 ns
[2020-09-11T16:20:39.279+0000][1][safepoint    ] Safepoint "RevokeBias", Time since last: 321851 ns, Reaching safepoint: 345974 ns, At safepoint: 22040 ns, Total: 368014 ns
[2020-09-11T16:20:39.287+0000][1][safepoint    ] Safepoint "RevokeBias", Time since last: 6072793 ns, Reaching safepoint: 2054222 ns, At safepoint: 13916 ns, Total: 2068138 ns
[2020-09-11T16:20:39.300+0000][1][safepoint    ] Safepoint "RevokeBias", Time since last: 12239016 ns, Reaching safepoint: 716259 ns, At safepoint: 11200 ns, Total: 727459 ns
[2020-09-11T16:20:39.301+0000][1][safepoint    ] Safepoint "RevokeBias", Time since last: 1108276 ns, Reaching safepoint: 168786 ns, At safepoint: 7240 ns, Total: 176026 ns
[2020-09-11T16:20:39.307+0000][1][safepoint    ] Safepoint "RevokeBias", Time since last: 5623815 ns, Reaching safepoint: 172737 ns, At safepoint: 8968 ns, Total: 181705 ns
[2020-09-11T16:20:39.307+0000][1][safepoint    ] Safepoint "RevokeBias", Time since last: 102144 ns, Reaching safepoint: 113952 ns, At safepoint: 7077 ns, Total: 121029 ns
[2020-09-11T16:20:39.307+0000][1][safepoint    ] Safepoint "RevokeBias", Time since last: 60386 ns, Reaching safepoint: 101262 ns, At safepoint: 6562 ns, Total: 107824 ns
[2020-09-11T16:20:39.307+0000][1][safepoint    ] Safepoint "RevokeBias", Time since last: 80874 ns, Reaching safepoint: 100942 ns, At safepoint: 6560 ns, Total: 107502 ns
[2020-09-11T16:20:39.308+0000][1][safepoint    ] Safepoint "RevokeBias", Time since last: 38711 ns, Reaching safepoint: 101027 ns, At safepoint: 6624 ns, Total: 107651 ns
[2020-09-11T16:20:39.308+0000][1][safepoint    ] Safepoint "RevokeBias", Time since last: 204467 ns, Reaching safepoint: 101957 ns, At safepoint: 6780 ns, Total: 108737 ns
[2020-09-11T16:20:39.310+0000][1][safepoint    ] Safepoint "RevokeBias", Time since last: 973644 ns, Reaching safepoint: 1074096 ns, At safepoint: 11468 ns, Total: 1085564 ns
[2020-09-11T16:20:39.315+0000][1][safepoint    ] Safepoint "RevokeBias", Time since last: 5136271 ns, Reaching safepoint: 200776 ns, At safepoint: 10506 ns, Total: 211282 ns
[2020-09-11T16:20:39.541+0000][1][safepoint    ] Safepoint "RevokeBias", Time since last: 225627772 ns, Reaching safepoint: 101501 ns, At safepoint: 10441 ns, Total: 111942 ns
[2020-09-11T16:20:39.544+0000][1][safepoint    ] Safepoint "RevokeBias", Time since last: 2016501 ns, Reaching safepoint: 520235 ns, At safepoint: 17428 ns, Total: 537663 ns
[2020-09-11T16:20:39.544+0000][1][safepoint    ] Safepoint "RevokeBias", Time since last: 461354 ns, Reaching safepoint: 152060 ns, At safepoint: 7003 ns, Total: 159063 ns
[2020-09-11T16:20:39.544+0000][1][safepoint    ] Safepoint "RevokeBias", Time since last: 42011 ns, Reaching safepoint: 151560 ns, At safepoint: 6050 ns, Total: 157610 ns
[2020-09-11T16:20:39.545+0000][1][safepoint    ] Safepoint "RevokeBias", Time since last: 48385 ns, Reaching safepoint: 151184 ns, At safepoint: 5963 ns, Total: 157147 ns
[2020-09-11T16:20:39.545+0000][1][safepoint    ] Safepoint "RevokeBias", Time since last: 389813 ns, Reaching safepoint: 156584 ns, At safepoint: 6457 ns, Total: 163041 ns
[2020-09-11T16:20:39.545+0000][1][safepoint    ] Safepoint "RevokeBias", Time since last: 37979 ns, Reaching safepoint: 150839 ns, At safepoint: 5870 ns, Total: 156709 ns
[2020-09-11T16:20:39.546+0000][1][safepoint    ] Safepoint "RevokeBias", Time since last: 643875 ns, Reaching safepoint: 163215 ns, At safepoint: 6796 ns, Total: 170011 ns
[2020-09-11T16:20:39.546+0000][1][safepoint    ] Safepoint "RevokeBias", Time since last: 45255 ns, Reaching safepoint: 150246 ns, At safepoint: 5727 ns, Total: 155973 ns
[2020-09-11T16:20:39.547+0000][1][safepoint    ] Safepoint "RevokeBias", Time since last: 38587 ns, Reaching safepoint: 150520 ns, At safepoint: 13105 ns, Total: 163625 ns
[2020-09-11T16:20:39.547+0000][1][safepoint    ] Safepoint "RevokeBias", Time since last: 47868 ns, Reaching safepoint: 150883 ns, At safepoint: 13046 ns, Total: 163929 ns
[2020-09-11T16:20:39.547+0000][1][safepoint    ] Safepoint "RevokeBias", Time since last: 49908 ns, Reaching safepoint: 151828 ns, At safepoint: 13778 ns, Total: 165606 ns
[2020-09-11T16:20:39.547+0000][1][safepoint    ] Safepoint "RevokeBias", Time since last: 56800 ns, Reaching safepoint: 147361 ns, At safepoint: 13081 ns, Total: 160442 ns
[2020-09-11T16:20:39.572+0000][1][safepoint    ] Safepoint "RevokeBias", Time since last: 24251290 ns, Reaching safepoint: 160384 ns, At safepoint: 11218 ns, Total: 171602 ns
[2020-09-11T16:20:39.572+0000][1][safepoint    ] Safepoint "RevokeBias", Time since last: 455800 ns, Reaching safepoint: 143426 ns, At safepoint: 8301 ns, Total: 151727 ns
[2020-09-11T16:20:39.622+0000][1][safepoint    ] Safepoint "RevokeBias", Time since last: 41002123 ns, Reaching safepoint: 8535115 ns, At safepoint: 33119 ns, Total: 8568234 ns
[2020-09-11T16:20:39.625+0000][1][safepoint    ] Safepoint "BulkRevokeBias", Time since last: 2179877 ns, Reaching safepoint: 886156 ns, At safepoint: 199714 ns, Total: 1085870 ns
[2020-09-11T16:20:39.628+0000][1][safepoint    ] Safepoint "RevokeBias", Time since last: 334220 ns, Reaching safepoint: 2731391 ns, At safepoint: 14050 ns, Total: 2745441 ns
[2020-09-11T16:20:39.637+0000][1][safepoint    ] Safepoint "RevokeBias", Time since last: 5612238 ns, Reaching safepoint: 3168121 ns, At safepoint: 17436 ns, Total: 3185557 ns
[2020-09-11T16:20:39.639+0000][1][safepoint    ] Safepoint "RevokeBias", Time since last: 282865 ns, Reaching safepoint: 1519747 ns, At safepoint: 12560 ns, Total: 1532307 ns
[2020-09-11T16:20:39.640+0000][1][safepoint    ] Safepoint "RevokeBias", Time since last: 162274 ns, Reaching safepoint: 629661 ns, At safepoint: 10356 ns, Total: 640017 ns
[2020-09-11T16:20:39.641+0000][1][safepoint    ] Safepoint "RevokeBias", Time since last: 387099 ns, Reaching safepoint: 867209 ns, At safepoint: 30483 ns, Total: 897692 ns
[2020-09-11T16:20:39.643+0000][1][safepoint    ] Safepoint "RevokeBias", Time since last: 96498 ns, Reaching safepoint: 2316677 ns, At safepoint: 23402 ns, Total: 2340079 ns
[2020-09-11T16:20:39.644+0000][1][safepoint    ] Safepoint "RevokeBias", Time since last: 57789 ns, Reaching safepoint: 920004 ns, At safepoint: 19602 ns, Total: 939606 ns
[2020-09-11T16:20:39.647+0000][1][safepoint    ] Safepoint "RevokeBias", Time since last: 407971 ns, Reaching safepoint: 2574009 ns, At safepoint: 26712 ns, Total: 2600721 ns
[2020-09-11T16:20:39.649+0000][1][safepoint    ] Safepoint "RevokeBias", Time since last: 99725 ns, Reaching safepoint: 1151597 ns, At safepoint: 20196 ns, Total: 1171793 ns
[2020-09-11T16:20:39.649+0000][1][safepoint    ] Safepoint "RevokeBias", Time since last: 56181 ns, Reaching safepoint: 110396 ns, At safepoint: 47372 ns, Total: 157768 ns
[2020-09-11T16:20:39.650+0000][1][safepoint    ] Safepoint "RevokeBias", Time since last: 868227 ns, Reaching safepoint: 153212 ns, At safepoint: 17833 ns, Total: 171045 ns
[2020-09-11T16:20:39.652+0000][1][safepoint    ] Safepoint "RevokeBias", Time since last: 1694776 ns, Reaching safepoint: 281508 ns, At safepoint: 25046 ns, Total: 306554 ns
[2020-09-11T16:20:39.652+0000][1][safepoint    ] Safepoint "RevokeBias", Time since last: 73157 ns, Reaching safepoint: 340755 ns, At safepoint: 16479 ns, Total: 357234 ns
[2020-09-11T16:20:39.653+0000][1][safepoint    ] Safepoint "RevokeBias", Time since last: 45352 ns, Reaching safepoint: 360747 ns, At safepoint: 23860 ns, Total: 384607 ns
[2020-09-11T16:20:39.653+0000][1][safepoint    ] Safepoint "RevokeBias", Time since last: 34279 ns, Reaching safepoint: 454464 ns, At safepoint: 24792 ns, Total: 479256 ns
[2020-09-11T16:20:39.654+0000][1][safepoint    ] Safepoint "RevokeBias", Time since last: 62578 ns, Reaching safepoint: 420238 ns, At safepoint: 31283 ns, Total: 451521 ns
[2020-09-11T16:20:39.655+0000][1][safepoint    ] Safepoint "RevokeBias", Time since last: 445094 ns, Reaching safepoint: 365315 ns, At safepoint: 24499 ns, Total: 389814 ns
[2020-09-11T16:20:39.655+0000][1][safepoint    ] Safepoint "RevokeBias", Time since last: 458954 ns, Reaching safepoint: 259118 ns, At safepoint: 24376 ns, Total: 283494 ns
[2020-09-11T16:20:39.657+0000][1][safepoint    ] Safepoint "RevokeBias", Time since last: 325820 ns, Reaching safepoint: 676194 ns, At safepoint: 482636 ns, Total: 1158830 ns
[2020-09-11T16:20:39.660+0000][1][safepoint    ] Safepoint "RevokeBias", Time since last: 2742946 ns, Reaching safepoint: 243149 ns, At safepoint: 28947 ns, Total: 272096 ns
[2020-09-11T16:20:39.660+0000][1][safepoint    ] Safepoint "RevokeBias", Time since last: 61669 ns, Reaching safepoint: 370784 ns, At safepoint: 39861 ns, Total: 410645 ns
[2020-09-11T16:20:39.661+0000][1][safepoint    ] Safepoint "RevokeBias", Time since last: 36569 ns, Reaching safepoint: 415345 ns, At safepoint: 25623 ns, Total: 440968 ns
[2020-09-11T16:20:39.662+0000][1][safepoint    ] Safepoint "BulkRevokeBias", Time since last: 73750 ns, Reaching safepoint: 451963 ns, At safepoint: 283787 ns, Total: 735750 ns
[2020-09-11T16:20:39.664+0000][1][safepoint    ] Safepoint "RevokeBias", Time since last: 1632261 ns, Reaching safepoint: 392401 ns, At safepoint: 29206 ns, Total: 421607 ns
[2020-09-11T16:20:39.665+0000][1][safepoint    ] Safepoint "RevokeBias", Time since last: 1269171 ns, Reaching safepoint: 224057 ns, At safepoint: 297489 ns, Total: 521546 ns
[2020-09-11T16:20:39.670+0000][1][safepoint    ] Safepoint "BulkRevokeBias", Time since last: 23189 ns, Reaching safepoint: 1667463 ns, At safepoint: 2536033 ns, Total: 4203496 ns
[2020-09-11T16:20:39.676+0000][1][safepoint    ] Safepoint "RevokeBias", Time since last: 39246 ns, Reaching safepoint: 318297 ns, At safepoint: 5722127 ns, Total: 6040424 ns
[2020-09-11T16:20:39.677+0000][1][safepoint    ] Safepoint "RevokeBias", Time since last: 189220 ns, Reaching safepoint: 396207 ns, At safepoint: 509020 ns, Total: 905227 ns
[2020-09-11T16:20:39.679+0000][1][safepoint    ] Safepoint "RevokeBias", Time since last: 20810 ns, Reaching safepoint: 944919 ns, At safepoint: 967390 ns, Total: 1912309 ns
[2020-09-11T16:20:39.684+0000][1][safepoint    ] Safepoint "RevokeBias", Time since last: 22479 ns, Reaching safepoint: 135982 ns, At safepoint: 4684055 ns, Total: 4820037 ns
[2020-09-11T16:20:39.684+0000][1][safepoint    ] Safepoint "RevokeBias", Time since last: 26842 ns, Reaching safepoint: 152695 ns, At safepoint: 262305 ns, Total: 415000 ns
[2020-09-11T16:20:39.685+0000][1][safepoint    ] Safepoint "RevokeBias", Time since last: 17258 ns, Reaching safepoint: 538353 ns, At safepoint: 938286 ns, Total: 1476639 ns
[2020-09-11T16:20:39.690+0000][1][safepoint    ] Safepoint "RevokeBias", Time since last: 22784 ns, Reaching safepoint: 3910020 ns, At safepoint: 1033126 ns, Total: 4943146 ns
[2020-09-11T16:20:39.695+0000][1][safepoint    ] Safepoint "RevokeBias", Time since last: 23804 ns, Reaching safepoint: 511753 ns, At safepoint: 3767072 ns, Total: 4278825 ns
[2020-09-11T16:20:39.700+0000][1][safepoint    ] Safepoint "RevokeBias", Time since last: 36929 ns, Reaching safepoint: 673252 ns, At safepoint: 4512304 ns, Total: 5185556 ns
[2020-09-11T16:20:39.703+0000][1][safepoint    ] Safepoint "RevokeBias", Time since last: 40286 ns, Reaching safepoint: 383233 ns, At safepoint: 3075467 ns, Total: 3458700 ns
[2020-09-11T16:20:39.705+0000][1][safepoint    ] Safepoint "RevokeBias", Time since last: 33196 ns, Reaching safepoint: 337058 ns, At safepoint: 1489679 ns, Total: 1826737 ns
[2020-09-11T16:20:39.709+0000][1][safepoint    ] Safepoint "RevokeBias", Time since last: 24046 ns, Reaching safepoint: 145968 ns, At safepoint: 3105866 ns, Total: 3251834 ns
[2020-09-11T16:20:39.710+0000][1][safepoint    ] Safepoint "RevokeBias", Time since last: 24367 ns, Reaching safepoint: 217346 ns, At safepoint: 1272217 ns, Total: 1489563 ns
[2020-09-11T16:20:39.711+0000][1][safepoint    ] Safepoint "RevokeBias", Time since last: 21306 ns, Reaching safepoint: 210299 ns, At safepoint: 272341 ns, Total: 482640 ns
[2020-09-11T16:20:39.714+0000][1][safepoint    ] Safepoint "RevokeBias", Time since last: 18758 ns, Reaching safepoint: 1216846 ns, At safepoint: 2247549 ns, Total: 3464395 ns
[2020-09-11T16:20:39.715+0000][1][safepoint    ] Safepoint "RevokeBias", Time since last: 23950 ns, Reaching safepoint: 69905 ns, At safepoint: 565484 ns, Total: 635389 ns
[2020-09-11T16:20:39.715+0000][1][safepoint    ] Safepoint "RevokeBias", Time since last: 17977 ns, Reaching safepoint: 36819 ns, At safepoint: 237960 ns, Total: 274779 ns
[2020-09-11T16:20:39.715+0000][1][safepoint    ] Safepoint "RevokeBias", Time since last: 16233 ns, Reaching safepoint: 32027 ns, At safepoint: 71949 ns, Total: 103976 ns
[2020-09-11T16:20:40.315+0000][1][safepoint    ] Safepoint "RevokeBias", Time since last: 600052154 ns, Reaching safepoint: 163675 ns, At safepoint: 47469 ns, Total: 211144 ns
[2020-09-11T16:20:48.210+0000][1][gc,start     ] GC(236) Pause Young (Allocation Failure)
[2020-09-11T16:20:48.211+0000][1][gc,task      ] GC(236) Using 1 workers of 1 for evacuation
[2020-09-11T16:20:48.229+0000][1][gc,age       ] GC(236) Desired survivor size 4358144 bytes, new threshold 6 (max threshold 6)
[2020-09-11T16:20:48.229+0000][1][gc,age       ] GC(236) Age table with threshold 6 (max threshold 6)
[2020-09-11T16:20:48.229+0000][1][gc,age       ] GC(236) - age   1:     467416 bytes,     467416 total
[2020-09-11T16:20:48.229+0000][1][gc,age       ] GC(236) - age   2:      85448 bytes,     552864 total
[2020-09-11T16:20:48.229+0000][1][gc,age       ] GC(236) - age   3:     187104 bytes,     739968 total
[2020-09-11T16:20:48.229+0000][1][gc,age       ] GC(236) - age   4:      77880 bytes,     817848 total
[2020-09-11T16:20:48.229+0000][1][gc,age       ] GC(236) - age   5:     567464 bytes,    1385312 total
[2020-09-11T16:20:48.229+0000][1][gc,age       ] GC(236) - age   6:     127168 bytes,    1512480 total
[2020-09-11T16:20:48.229+0000][1][gc,heap      ] GC(236) ParNew: 70203K->2073K(76672K)
[2020-09-11T16:20:48.229+0000][1][gc,heap      ] GC(236) CMS: 199402K->199421K(2011968K)
[2020-09-11T16:20:48.229+0000][1][gc,metaspace ] GC(236) Metaspace: 101715K->101715K(1142784K)
[2020-09-11T16:20:48.229+0000][1][gc           ] GC(236) Pause Young (Allocation Failure) 263M->196M(2039M) 18.333ms
[2020-09-11T16:20:48.229+0000][1][gc,cpu       ] GC(236) User=0.02s Sys=0.00s Real=0.02s
[2020-09-11T16:20:48.233+0000][1][safepoint    ] Safepoint "GenCollectForAllocation", Time since last: 7894859989 ns, Reaching safepoint: 168412 ns, At safepoint: 22302019 ns, Total: 22470431 ns
[2020-09-11T16:20:48.369+0000][1][safepoint    ] Safepoint "RevokeBias", Time since last: 136203506 ns, Reaching safepoint: 207735 ns, At safepoint: 27843 ns, Total: 235578 ns
[2020-09-11T16:20:48.370+0000][1][safepoint    ] Safepoint "RevokeBias", Time since last: 228660 ns, Reaching safepoint: 156020 ns, At safepoint: 14165 ns, Total: 170185 ns
[2020-09-11T16:20:48.398+0000][1][safepoint    ] Safepoint "RevokeBias", Time since last: 27809285 ns, Reaching safepoint: 162335 ns, At safepoint: 23486 ns, Total: 185821 ns
[2020-09-11T16:20:49.398+0000][1][safepoint    ] Safepoint "Cleanup", Time since last: 1000191975 ns, Reaching safepoint: 124503 ns, At safepoint: 8585 ns, Total: 133088 ns
[2020-09-11T16:20:51.195+0000][1][safepoint    ] Safepoint "RevokeBias", Time since last: 1796382838 ns, Reaching safepoint: 301759 ns, At safepoint: 201407 ns, Total: 503166 ns
[2020-09-11T16:20:51.195+0000][1][safepoint    ] Safepoint "RevokeBias", Time since last: 104368 ns, Reaching safepoint: 125676 ns, At safepoint: 47875 ns, Total: 173551 ns
[2020-09-11T16:20:51.196+0000][1][safepoint    ] Safepoint "RevokeBias", Time since last: 228161 ns, Reaching safepoint: 309751 ns, At safepoint: 202037 ns, Total: 511788 ns
[2020-09-11T16:20:51.196+0000][1][safepoint    ] Safepoint "RevokeBias", Time since last: 94761 ns, Reaching safepoint: 220337 ns, At safepoint: 172992 ns, Total: 393329 ns
[2020-09-11T16:20:51.197+0000][1][safepoint    ] Safepoint "RevokeBias", Time since last: 198723 ns, Reaching safepoint: 243656 ns, At safepoint: 188385 ns, Total: 432041 ns
[2020-09-11T16:20:51.197+0000][1][safepoint    ] Safepoint "RevokeBias", Time since last: 96575 ns, Reaching safepoint: 231896 ns, At safepoint: 188189 ns, Total: 420085 ns
